DEBUG    selenium.webdriver.common.selenium_manager:selenium_manager.py:124 Selenium Manager binary found at: /Users/miaoqi/Desktop/test_dev_projects/venv/lib/python3.12/site-packages/selenium/webdriver/common/macos/selenium-manager
DEBUG    selenium.webdriver.common.selenium_manager:selenium_manager.py:139 Executing process: /Users/miaoqi/Desktop/test_dev_projects/venv/lib/python3.12/site-packages/selenium/webdriver/common/macos/selenium-manager --browser chrome --debug --language-binding python --output json
DEBUG    selenium.webdriver.common.selenium_manager:selenium_manager.py:165 Sending stats to Plausible: Props { browser: "chrome", browser_version: "", os: "macos", arch: "arm64", lang: "python", selenium_version: "4.44" }
DEBUG    selenium.webdriver.common.selenium_manager:selenium_manager.py:165 chromedriver not found in PATH
DEBUG    selenium.webdriver.common.selenium_manager:selenium_manager.py:165 chrome detected at /Applications/Google Chrome.app/Contents/MacOS/Google Chrome
DEBUG    selenium.webdriver.common.selenium_manager:selenium_manager.py:165 Running command: /Applications/Google\ Chrome.app/Contents/MacOS/Google\ Chrome --version
DEBUG    selenium.webdriver.common.selenium_manager:selenium_manager.py:165 Output: "Google Chrome 148.0.7778.216 "
DEBUG    selenium.webdriver.common.selenium_manager:selenium_manager.py:165 Detected browser: chrome 148.0.7778.216
DEBUG    selenium.webdriver.common.selenium_manager:selenium_manager.py:165 Discovering versions from https://googlechromelabs.github.io/chrome-for-testing/known-good-versions-with-downloads.json
DEBUG    selenium.webdriver.common.selenium_manager:selenium_manager.py:165 Required driver: chromedriver 148.0.7778.178
DEBUG    selenium.webdriver.common.selenium_manager:selenium_manager.py:165 chromedriver 148.0.7778.178 already in the cache
DEBUG    selenium.webdriver.common.selenium_manager:selenium_manager.py:165 Driver path: /Users/miaoqi/.cache/selenium/chromedriver/mac-arm64/148.0.7778.178/chromedriver
DEBUG    selenium.webdriver.common.selenium_manager:selenium_manager.py:165 Browser path: /Applications/Google Chrome.app/Contents/MacOS/Google Chrome
DEBUG    selenium.webdriver.common.service:service.py:234 Started executable: `/Users/miaoqi/.cache/selenium/chromedriver/mac-arm64/148.0.7778.178/chromedriver` in a child process with pid: 22335 using 0 to output -3
DEBUG    selenium.webdriver.remote.remote_connection:remote_connection.py:406 POST http://localhost:58403/session {'capabilities': {'firstMatch': [{}], 'alwaysMatch': {'browserName': 'chrome', 'pageLoadStrategy': <PageLoadStrategy.normal: 'normal'>, 'browserVersion': None, 'goog:chromeOptions': {'extensions': [], 'binary': '/Applications/Google Chrome.app/Contents/MacOS/Google Chrome', 'args': ['--no-sandbox', '--disable-dev-shm-usage', '--window-size=1920,1080', '--disable-gpu']}}}}
DEBUG    urllib3.connectionpool:connectionpool.py:241 Starting new HTTP connection (1): localhost:58403
DEBUG    urllib3.connectionpool:connectionpool.py:544 http://localhost:58403 "POST /session HTTP/1.1" 200 0
DEBUG    selenium.webdriver.remote.remote_connection:remote_connection.py:439 Remote response: status=200 | data={"value":{"capabilities":{"acceptInsecureCerts":false,"browserName":"chrome","browserVersion":"148.0.7778.216","chrome":{"chromedriverVersion":"148.0.7778.178 (d096af1c9e98c45c3596e59620622b1a049bfecb-refs/branch-heads/7778@{#3196})","userDataDir":"/var/folders/f5/29fl6c_11t98y2m9h6p8692h0000gn/T/org.chromium.Chromium.scoped_dir.5n4ov2"},"fedcm:accounts":true,"goog:chromeOptions":{"debuggerAddress":"localhost:58417"},"goog:processID":22336,"networkConnectionEnabled":false,"pageLoadStrategy":"normal","platformName":"mac","proxy":{},"setWindowRect":true,"strictFileInteractability":false,"timeouts":{"implicit":0,"pageLoad":300000,"script":30000},"unhandledPromptBehavior":"dismiss and notify","webauthn:extension:credBlob":true,"webauthn:extension:largeBlob":true,"webauthn:extension:minPinLength":true,"webauthn:extension:prf":true,"webauthn:virtualAuthenticators":true},"sessionId":"8dba12f7f2101de3d0887b6e3334e6dd"}} | headers=HTTPHeaderDict({'Content-Length': '925', 'Content-Type': 'application/json; charset=utf-8', 'cache-control': 'no-cache'})
DEBUG    selenium.webdriver.remote.remote_connection:remote_connection.py:468 Finished Request
DEBUG    selenium.webdriver.remote.remote_connection:remote_connection.py:406 POST http://localhost:58403/session/8dba12f7f2101de3d0887b6e3334e6dd/timeouts {'implicit': 10000}
DEBUG    urllib3.connectionpool:connectionpool.py:544 http://localhost:58403 "POST /session/8dba12f7f2101de3d0887b6e3334e6dd/timeouts HTTP/1.1" 200 0
DEBUG    selenium.webdriver.remote.remote_connection:remote_connection.py:439 Remote response: status=200 | data={"value":null} | headers=HTTPHeaderDict({'Content-Length': '14', 'Content-Type': 'application/json; charset=utf-8', 'cache-control': 'no-cache'})
DEBUG    selenium.webdriver.remote.remote_connection:remote_connection.py:468 Finished Request
DEBUG    selenium.webdriver.remote.remote_connection:remote_connection.py:406 POST http://localhost:58403/session/8dba12f7f2101de3d0887b6e3334e6dd/timeouts {'pageLoad': 30000}
DEBUG    urllib3.connectionpool:connectionpool.py:544 http://localhost:58403 "POST /session/8dba12f7f2101de3d0887b6e3334e6dd/timeouts HTTP/1.1" 200 0
DEBUG    selenium.webdriver.remote.remote_connection:remote_connection.py:439 Remote response: status=200 | data={"value":null} | headers=HTTPHeaderDict({'Content-Length': '14', 'Content-Type': 'application/json; charset=utf-8', 'cache-control': 'no-cache'})
DEBUG    selenium.webdriver.remote.remote_connection:remote_connection.py:468 Finished Request
DEBUG    selenium.webdriver.remote.remote_connection:remote_connection.py:406 POST http://localhost:58403/session/8dba12f7f2101de3d0887b6e3334e6dd/window/maximize {}
DEBUG    urllib3.connectionpool:connectionpool.py:544 http://localhost:58403 "POST /session/8dba12f7f2101de3d0887b6e3334e6dd/window/maximize HTTP/1.1" 200 0
DEBUG    selenium.webdriver.remote.remote_connection:remote_connection.py:439 Remote response: status=200 | data={"value":{"height":923,"width":1470,"x":0,"y":33}} | headers=HTTPHeaderDict({'Content-Length': '50', 'Content-Type': 'application/json; charset=utf-8', 'cache-control': 'no-cache'})
DEBUG    selenium.webdriver.remote.remote_connection:remote_connection.py:468 Finished Request
DEBUG    selenium.webdriver.remote.remote_connection:remote_connection.py:406 POST http://localhost:58403/session/8dba12f7f2101de3d0887b6e3334e6dd/url {'url': 'http://192.168.64.7:8181'}
DEBUG    urllib3.connectionpool:connectionpool.py:544 http://localhost:58403 "POST /session/8dba12f7f2101de3d0887b6e3334e6dd/url HTTP/1.1" 200 0
DEBUG    selenium.webdriver.remote.remote_connection:remote_connection.py:439 Remote response: status=200 | data={"value":null} | headers=HTTPHeaderDict({'Content-Length': '14', 'Content-Type': 'application/json; charset=utf-8', 'cache-control': 'no-cache'})
DEBUG    selenium.webdriver.remote.remote_connection:remote_connection.py:468 Finished Request
DEBUG    selenium.webdriver.remote.remote_connection:remote_connection.py:406 POST http://localhost:58403/session/8dba12f7f2101de3d0887b6e3334e6dd/element {'using': 'css selector', 'value': "input.Xinput-input__inner[placeholder='用户名']"}
DEBUG    urllib3.connectionpool:connectionpool.py:544 http://localhost:58403 "POST /session/8dba12f7f2101de3d0887b6e3334e6dd/element HTTP/1.1" 200 0
DEBUG    selenium.webdriver.remote.remote_connection:remote_connection.py:439 Remote response: status=200 | data={"value":{"element-6066-11e4-a52e-4f735466cecf":"f.F8E9B0C5AE51D0C18028CDA2E2AE5AF0.d.592B164357F6C03AEB4033D2A955D8B9.e.21"}} | headers=HTTPHeaderDict({'Content-Length': '126', 'Content-Type': 'application/json; charset=utf-8', 'cache-control': 'no-cache'})
DEBUG    selenium.webdriver.remote.remote_connection:remote_connection.py:468 Finished Request
DEBUG    selenium.webdriver.remote.remote_connection:remote_connection.py:406 POST http://localhost:58403/session/8dba12f7f2101de3d0887b6e3334e6dd/execute/sync {'script': '/* isDisplayed */return ((function () {\n    var tagNameDescriptor = Object.getOwnPropertyDescriptor(...', 'args': [{'element-6066-11e4-a52e-4f735466cecf': 'f.F8E9B0C5AE51D0C18028CDA2E2AE5AF0.d.592B164357F6C03AEB4033D2A955D8B9.e.21'}]}
DEBUG    urllib3.connectionpool:connectionpool.py:544 http://localhost:58403 "POST /session/8dba12f7f2101de3d0887b6e3334e6dd/execute/sync HTTP/1.1" 200 0
DEBUG    selenium.webdriver.remote.remote_connection:remote_connection.py:439 Remote response: status=200 | data={"value":false} | headers=HTTPHeaderDict({'Content-Length': '15', 'Content-Type': 'application/json; charset=utf-8', 'cache-control': 'no-cache'})
DEBUG    selenium.webdriver.remote.remote_connection:remote_connection.py:468 Finished Request
DEBUG    selenium.webdriver.remote.remote_connection:remote_connection.py:406 POST http://localhost:58403/session/8dba12f7f2101de3d0887b6e3334e6dd/element {'using': 'css selector', 'value': "input.Xinput-input__inner[placeholder='用户名']"}
DEBUG    urllib3.connectionpool:connectionpool.py:544 http://localhost:58403 "POST /session/8dba12f7f2101de3d0887b6e3334e6dd/element HTTP/1.1" 200 0
DEBUG    selenium.webdriver.remote.remote_connection:remote_connection.py:439 Remote response: status=200 | data={"value":{"element-6066-11e4-a52e-4f735466cecf":"f.F8E9B0C5AE51D0C18028CDA2E2AE5AF0.d.592B164357F6C03AEB4033D2A955D8B9.e.21"}} | headers=HTTPHeaderDict({'Content-Length': '126', 'Content-Type': 'application/json; charset=utf-8', 'cache-control': 'no-cache'})
DEBUG    selenium.webdriver.remote.remote_connection:remote_connection.py:468 Finished Request
DEBUG    selenium.webdriver.remote.remote_connection:remote_connection.py:406 POST http://localhost:58403/session/8dba12f7f2101de3d0887b6e3334e6dd/execute/sync {'script': '/* isDisplayed */return ((function () {\n    var tagNameDescriptor = Object.getOwnPropertyDescriptor(...', 'args': [{'element-6066-11e4-a52e-4f735466cecf': 'f.F8E9B0C5AE51D0C18028CDA2E2AE5AF0.d.592B164357F6C03AEB4033D2A955D8B9.e.21'}]}
DEBUG    urllib3.connectionpool:connectionpool.py:544 http://localhost:58403 "POST /session/8dba12f7f2101de3d0887b6e3334e6dd/execute/sync HTTP/1.1" 200 0
DEBUG    selenium.webdriver.remote.remote_connection:remote_connection.py:439 Remote response: status=200 | data={"value":true} | headers=HTTPHeaderDict({'Content-Length': '14', 'Content-Type': 'application/json; charset=utf-8', 'cache-control': 'no-cache'})
DEBUG    selenium.webdriver.remote.remote_connection:remote_connection.py:468 Finished Request
DEBUG    selenium.webdriver.remote.remote_connection:remote_connection.py:406 POST http://localhost:58403/session/8dba12f7f2101de3d0887b6e3334e6dd/element {'using': 'css selector', 'value': "input.Xinput-input__inner[placeholder='用户名']"}
DEBUG    urllib3.connectionpool:connectionpool.py:544 http://localhost:58403 "POST /session/8dba12f7f2101de3d0887b6e3334e6dd/element HTTP/1.1" 200 0
DEBUG    selenium.webdriver.remote.remote_connection:remote_connection.py:439 Remote response: status=200 | data={"value":{"element-6066-11e4-a52e-4f735466cecf":"f.F8E9B0C5AE51D0C18028CDA2E2AE5AF0.d.592B164357F6C03AEB4033D2A955D8B9.e.21"}} | headers=HTTPHeaderDict({'Content-Length': '126', 'Content-Type': 'application/json; charset=utf-8', 'cache-control': 'no-cache'})
DEBUG    selenium.webdriver.remote.remote_connection:remote_connection.py:468 Finished Request
DEBUG    selenium.webdriver.remote.remote_connection:remote_connection.py:406 POST http://localhost:58403/session/8dba12f7f2101de3d0887b6e3334e6dd/element/f.F8E9B0C5AE51D0C18028CDA2E2AE5AF0.d.592B164357F6C03AEB4033D2A955D8B9.e.21/clear {}
DEBUG    urllib3.connectionpool:connectionpool.py:544 http://localhost:58403 "POST /session/8dba12f7f2101de3d0887b6e3334e6dd/element/f.F8E9B0C5AE51D0C18028CDA2E2AE5AF0.d.592B164357F6C03AEB4033D2A955D8B9.e.21/clear HTTP/1.1" 200 0
DEBUG    selenium.webdriver.remote.remote_connection:remote_connection.py:439 Remote response: status=200 | data={"value":null} | headers=HTTPHeaderDict({'Content-Length': '14', 'Content-Type': 'application/json; charset=utf-8', 'cache-control': 'no-cache'})
DEBUG    selenium.webdriver.remote.remote_connection:remote_connection.py:468 Finished Request
DEBUG    selenium.webdriver.remote.remote_connection:remote_connection.py:406 POST http://localhost:58403/session/8dba12f7f2101de3d0887b6e3334e6dd/element/f.F8E9B0C5AE51D0C18028CDA2E2AE5AF0.d.592B164357F6C03AEB4033D2A955D8B9.e.21/value {'text': 'test', 'value': ['t', 'e', 's', 't']}
DEBUG    urllib3.connectionpool:connectionpool.py:544 http://localhost:58403 "POST /session/8dba12f7f2101de3d0887b6e3334e6dd/element/f.F8E9B0C5AE51D0C18028CDA2E2AE5AF0.d.592B164357F6C03AEB4033D2A955D8B9.e.21/value HTTP/1.1" 200 0
DEBUG    selenium.webdriver.remote.remote_connection:remote_connection.py:439 Remote response: status=200 | data={"value":null} | headers=HTTPHeaderDict({'Content-Length': '14', 'Content-Type': 'application/json; charset=utf-8', 'cache-control': 'no-cache'})
DEBUG    selenium.webdriver.remote.remote_connection:remote_connection.py:468 Finished Request
DEBUG    selenium.webdriver.remote.remote_connection:remote_connection.py:406 POST http://localhost:58403/session/8dba12f7f2101de3d0887b6e3334e6dd/element {'using': 'css selector', 'value': 'i.iconfont.iconright'}
DEBUG    urllib3.connectionpool:connectionpool.py:544 http://localhost:58403 "POST /session/8dba12f7f2101de3d0887b6e3334e6dd/element HTTP/1.1" 200 0
DEBUG    selenium.webdriver.remote.remote_connection:remote_connection.py:439 Remote response: status=200 | data={"value":{"element-6066-11e4-a52e-4f735466cecf":"f.F8E9B0C5AE51D0C18028CDA2E2AE5AF0.d.592B164357F6C03AEB4033D2A955D8B9.e.24"}} | headers=HTTPHeaderDict({'Content-Length': '126', 'Content-Type': 'application/json; charset=utf-8', 'cache-control': 'no-cache'})
DEBUG    selenium.webdriver.remote.remote_connection:remote_connection.py:468 Finished Request
DEBUG    selenium.webdriver.remote.remote_connection:remote_connection.py:406 POST http://localhost:58403/session/8dba12f7f2101de3d0887b6e3334e6dd/execute/sync {'script': 'arguments[0].click();', 'args': [{'element-6066-11e4-a52e-4f735466cecf': 'f.F8E9B0C5AE51D0C18028CDA2E2AE5AF0.d.592B164357F6C03AEB4033D2A955D8B9.e.24'}]}
DEBUG    urllib3.connectionpool:connectionpool.py:544 http://localhost:58403 "POST /session/8dba12f7f2101de3d0887b6e3334e6dd/execute/sync HTTP/1.1" 200 0
DEBUG    selenium.webdriver.remote.remote_connection:remote_connection.py:439 Remote response: status=200 | data={"value":null} | headers=HTTPHeaderDict({'Content-Length': '14', 'Content-Type': 'application/json; charset=utf-8', 'cache-control': 'no-cache'})
DEBUG    selenium.webdriver.remote.remote_connection:remote_connection.py:468 Finished Request
DEBUG    selenium.webdriver.remote.remote_connection:remote_connection.py:406 POST http://localhost:58403/session/8dba12f7f2101de3d0887b6e3334e6dd/element {'using': 'css selector', 'value': "input.Xinput-input__inner[placeholder='密码']"}
DEBUG    urllib3.connectionpool:connectionpool.py:544 http://localhost:58403 "POST /session/8dba12f7f2101de3d0887b6e3334e6dd/element HTTP/1.1" 200 0
DEBUG    selenium.webdriver.remote.remote_connection:remote_connection.py:439 Remote response: status=200 | data={"value":{"element-6066-11e4-a52e-4f735466cecf":"f.F8E9B0C5AE51D0C18028CDA2E2AE5AF0.d.592B164357F6C03AEB4033D2A955D8B9.e.25"}} | headers=HTTPHeaderDict({'Content-Length': '126', 'Content-Type': 'application/json; charset=utf-8', 'cache-control': 'no-cache'})
DEBUG    selenium.webdriver.remote.remote_connection:remote_connection.py:468 Finished Request
DEBUG    selenium.webdriver.remote.remote_connection:remote_connection.py:406 POST http://localhost:58403/session/8dba12f7f2101de3d0887b6e3334e6dd/execute/sync {'script': '/* isDisplayed */return ((function () {\n    var tagNameDescriptor = Object.getOwnPropertyDescriptor(...', 'args': [{'element-6066-11e4-a52e-4f735466cecf': 'f.F8E9B0C5AE51D0C18028CDA2E2AE5AF0.d.592B164357F6C03AEB4033D2A955D8B9.e.25'}]}
DEBUG    urllib3.connectionpool:connectionpool.py:544 http://localhost:58403 "POST /session/8dba12f7f2101de3d0887b6e3334e6dd/execute/sync HTTP/1.1" 200 0
DEBUG    selenium.webdriver.remote.remote_connection:remote_connection.py:439 Remote response: status=200 | data={"value":true} | headers=HTTPHeaderDict({'Content-Length': '14', 'Content-Type': 'application/json; charset=utf-8', 'cache-control': 'no-cache'})
DEBUG    selenium.webdriver.remote.remote_connection:remote_connection.py:468 Finished Request
DEBUG    selenium.webdriver.remote.remote_connection:remote_connection.py:406 POST http://localhost:58403/session/8dba12f7f2101de3d0887b6e3334e6dd/element {'using': 'css selector', 'value': "input.Xinput-input__inner[placeholder='密码']"}
DEBUG    urllib3.connectionpool:connectionpool.py:544 http://localhost:58403 "POST /session/8dba12f7f2101de3d0887b6e3334e6dd/element HTTP/1.1" 200 0
DEBUG    selenium.webdriver.remote.remote_connection:remote_connection.py:439 Remote response: status=200 | data={"value":{"element-6066-11e4-a52e-4f735466cecf":"f.F8E9B0C5AE51D0C18028CDA2E2AE5AF0.d.592B164357F6C03AEB4033D2A955D8B9.e.25"}} | headers=HTTPHeaderDict({'Content-Length': '126', 'Content-Type': 'application/json; charset=utf-8', 'cache-control': 'no-cache'})
DEBUG    selenium.webdriver.remote.remote_connection:remote_connection.py:468 Finished Request
DEBUG    selenium.webdriver.remote.remote_connection:remote_connection.py:406 POST http://localhost:58403/session/8dba12f7f2101de3d0887b6e3334e6dd/execute/sync {'script': '/* isDisplayed */return ((function () {\n    var tagNameDescriptor = Object.getOwnPropertyDescriptor(...', 'args': [{'element-6066-11e4-a52e-4f735466cecf': 'f.F8E9B0C5AE51D0C18028CDA2E2AE5AF0.d.592B164357F6C03AEB4033D2A955D8B9.e.25'}]}
DEBUG    urllib3.connectionpool:connectionpool.py:544 http://localhost:58403 "POST /session/8dba12f7f2101de3d0887b6e3334e6dd/execute/sync HTTP/1.1" 200 0
DEBUG    selenium.webdriver.remote.remote_connection:remote_connection.py:439 Remote response: status=200 | data={"value":true} | headers=HTTPHeaderDict({'Content-Length': '14', 'Content-Type': 'application/json; charset=utf-8', 'cache-control': 'no-cache'})
DEBUG    selenium.webdriver.remote.remote_connection:remote_connection.py:468 Finished Request
DEBUG    selenium.webdriver.remote.remote_connection:remote_connection.py:406 POST http://localhost:58403/session/8dba12f7f2101de3d0887b6e3334e6dd/element {'using': 'css selector', 'value': "input.Xinput-input__inner[placeholder='密码']"}
DEBUG    urllib3.connectionpool:connectionpool.py:544 http://localhost:58403 "POST /session/8dba12f7f2101de3d0887b6e3334e6dd/element HTTP/1.1" 200 0
DEBUG    selenium.webdriver.remote.remote_connection:remote_connection.py:439 Remote response: status=200 | data={"value":{"element-6066-11e4-a52e-4f735466cecf":"f.F8E9B0C5AE51D0C18028CDA2E2AE5AF0.d.592B164357F6C03AEB4033D2A955D8B9.e.25"}} | headers=HTTPHeaderDict({'Content-Length': '126', 'Content-Type': 'application/json; charset=utf-8', 'cache-control': 'no-cache'})
DEBUG    selenium.webdriver.remote.remote_connection:remote_connection.py:468 Finished Request
DEBUG    selenium.webdriver.remote.remote_connection:remote_connection.py:406 POST http://localhost:58403/session/8dba12f7f2101de3d0887b6e3334e6dd/element/f.F8E9B0C5AE51D0C18028CDA2E2AE5AF0.d.592B164357F6C03AEB4033D2A955D8B9.e.25/clear {}
DEBUG    urllib3.connectionpool:connectionpool.py:544 http://localhost:58403 "POST /session/8dba12f7f2101de3d0887b6e3334e6dd/element/f.F8E9B0C5AE51D0C18028CDA2E2AE5AF0.d.592B164357F6C03AEB4033D2A955D8B9.e.25/clear HTTP/1.1" 200 0
DEBUG    selenium.webdriver.remote.remote_connection:remote_connection.py:439 Remote response: status=200 | data={"value":null} | headers=HTTPHeaderDict({'Content-Length': '14', 'Content-Type': 'application/json; charset=utf-8', 'cache-control': 'no-cache'})
DEBUG    selenium.webdriver.remote.remote_connection:remote_connection.py:468 Finished Request
DEBUG    selenium.webdriver.remote.remote_connection:remote_connection.py:406 POST http://localhost:58403/session/8dba12f7f2101de3d0887b6e3334e6dd/element/f.F8E9B0C5AE51D0C18028CDA2E2AE5AF0.d.592B164357F6C03AEB4033D2A955D8B9.e.25/value {'text': 'Admin123', 'value': ['A', 'd', 'm', 'i', 'n', '1', '2', '3']}
DEBUG    urllib3.connectionpool:connectionpool.py:544 http://localhost:58403 "POST /session/8dba12f7f2101de3d0887b6e3334e6dd/element/f.F8E9B0C5AE51D0C18028CDA2E2AE5AF0.d.592B164357F6C03AEB4033D2A955D8B9.e.25/value HTTP/1.1" 200 0
DEBUG    selenium.webdriver.remote.remote_connection:remote_connection.py:439 Remote response: status=200 | data={"value":null} | headers=HTTPHeaderDict({'Content-Length': '14', 'Content-Type': 'application/json; charset=utf-8', 'cache-control': 'no-cache'})
DEBUG    selenium.webdriver.remote.remote_connection:remote_connection.py:468 Finished Request
DEBUG    selenium.webdriver.remote.remote_connection:remote_connection.py:406 POST http://localhost:58403/session/8dba12f7f2101de3d0887b6e3334e6dd/element {'using': 'css selector', 'value': 'input.input_check'}
DEBUG    urllib3.connectionpool:connectionpool.py:544 http://localhost:58403 "POST /session/8dba12f7f2101de3d0887b6e3334e6dd/element HTTP/1.1" 200 0
DEBUG    selenium.webdriver.remote.remote_connection:remote_connection.py:439 Remote response: status=200 | data={"value":{"element-6066-11e4-a52e-4f735466cecf":"f.F8E9B0C5AE51D0C18028CDA2E2AE5AF0.d.592B164357F6C03AEB4033D2A955D8B9.e.32"}} | headers=HTTPHeaderDict({'Content-Length': '126', 'Content-Type': 'application/json; charset=utf-8', 'cache-control': 'no-cache'})
DEBUG    selenium.webdriver.remote.remote_connection:remote_connection.py:468 Finished Request
DEBUG    selenium.webdriver.remote.remote_connection:remote_connection.py:406 GET http://localhost:58403/session/8dba12f7f2101de3d0887b6e3334e6dd/element/f.F8E9B0C5AE51D0C18028CDA2E2AE5AF0.d.592B164357F6C03AEB4033D2A955D8B9.e.32/selected {}
DEBUG    urllib3.connectionpool:connectionpool.py:544 http://localhost:58403 "GET /session/8dba12f7f2101de3d0887b6e3334e6dd/element/f.F8E9B0C5AE51D0C18028CDA2E2AE5AF0.d.592B164357F6C03AEB4033D2A955D8B9.e.32/selected HTTP/1.1" 200 0
DEBUG    selenium.webdriver.remote.remote_connection:remote_connection.py:439 Remote response: status=200 | data={"value":false} | headers=HTTPHeaderDict({'Content-Length': '15', 'Content-Type': 'application/json; charset=utf-8', 'cache-control': 'no-cache'})
DEBUG    selenium.webdriver.remote.remote_connection:remote_connection.py:468 Finished Request
DEBUG    selenium.webdriver.remote.remote_connection:remote_connection.py:406 POST http://localhost:58403/session/8dba12f7f2101de3d0887b6e3334e6dd/element {'using': 'css selector', 'value': 'i.iconfont.iconright'}
DEBUG    urllib3.connectionpool:connectionpool.py:544 http://localhost:58403 "POST /session/8dba12f7f2101de3d0887b6e3334e6dd/element HTTP/1.1" 200 0
DEBUG    selenium.webdriver.remote.remote_connection:remote_connection.py:439 Remote response: status=200 | data={"value":{"element-6066-11e4-a52e-4f735466cecf":"f.F8E9B0C5AE51D0C18028CDA2E2AE5AF0.d.592B164357F6C03AEB4033D2A955D8B9.e.33"}} | headers=HTTPHeaderDict({'Content-Length': '126', 'Content-Type': 'application/json; charset=utf-8', 'cache-control': 'no-cache'})
DEBUG    selenium.webdriver.remote.remote_connection:remote_connection.py:468 Finished Request
DEBUG    selenium.webdriver.remote.remote_connection:remote_connection.py:406 POST http://localhost:58403/session/8dba12f7f2101de3d0887b6e3334e6dd/execute/sync {'script': 'arguments[0].click();', 'args': [{'element-6066-11e4-a52e-4f735466cecf': 'f.F8E9B0C5AE51D0C18028CDA2E2AE5AF0.d.592B164357F6C03AEB4033D2A955D8B9.e.33'}]}
DEBUG    urllib3.connectionpool:connectionpool.py:544 http://localhost:58403 "POST /session/8dba12f7f2101de3d0887b6e3334e6dd/execute/sync HTTP/1.1" 200 0
DEBUG    selenium.webdriver.remote.remote_connection:remote_connection.py:439 Remote response: status=200 | data={"value":null} | headers=HTTPHeaderDict({'Content-Length': '14', 'Content-Type': 'application/json; charset=utf-8', 'cache-control': 'no-cache'})
DEBUG    selenium.webdriver.remote.remote_connection:remote_connection.py:468 Finished Request
DEBUG    selenium.webdriver.remote.remote_connection:remote_connection.py:406 GET http://localhost:58403/session/8dba12f7f2101de3d0887b6e3334e6dd/url {}
DEBUG    urllib3.connectionpool:connectionpool.py:544 http://localhost:58403 "GET /session/8dba12f7f2101de3d0887b6e3334e6dd/url HTTP/1.1" 200 0
DEBUG    selenium.webdriver.remote.remote_connection:remote_connection.py:439 Remote response: status=200 | data={"value":"http://192.168.64.7:8181/tos/#/desktop"} | headers=HTTPHeaderDict({'Content-Length': '50', 'Content-Type': 'application/json; charset=utf-8', 'cache-control': 'no-cache'})
DEBUG    selenium.webdriver.remote.remote_connection:remote_connection.py:468 Finished Request
DEBUG    selenium.webdriver.remote.remote_connection:remote_connection.py:406 GET http://localhost:58403/session/8dba12f7f2101de3d0887b6e3334e6dd/url {}
DEBUG    urllib3.connectionpool:connectionpool.py:544 http://localhost:58403 "GET /session/8dba12f7f2101de3d0887b6e3334e6dd/url HTTP/1.1" 200 0
DEBUG    selenium.webdriver.remote.remote_connection:remote_connection.py:439 Remote response: status=200 | data={"value":"http://192.168.64.7:8181/tos/#/desktop"} | headers=HTTPHeaderDict({'Content-Length': '50', 'Content-Type': 'application/json; charset=utf-8', 'cache-control': 'no-cache'})
DEBUG    selenium.webdriver.remote.remote_connection:remote_connection.py:468 Finished Request
DEBUG    selenium.webdriver.remote.remote_connection:remote_connection.py:406 POST http://localhost:58403/session/8dba12f7f2101de3d0887b6e3334e6dd/element {'using': 'css selector', 'value': 'div.desktop_icons'}
DEBUG    urllib3.connectionpool:connectionpool.py:544 http://localhost:58403 "POST /session/8dba12f7f2101de3d0887b6e3334e6dd/element HTTP/1.1" 200 0
DEBUG    selenium.webdriver.remote.remote_connection:remote_connection.py:439 Remote response: status=200 | data={"value":{"element-6066-11e4-a52e-4f735466cecf":"f.F8E9B0C5AE51D0C18028CDA2E2AE5AF0.d.592B164357F6C03AEB4033D2A955D8B9.e.38"}} | headers=HTTPHeaderDict({'Content-Length': '126', 'Content-Type': 'application/json; charset=utf-8', 'cache-control': 'no-cache'})
DEBUG    selenium.webdriver.remote.remote_connection:remote_connection.py:468 Finished Request
DEBUG    selenium.webdriver.remote.remote_connection:remote_connection.py:406 POST http://localhost:58403/session/8dba12f7f2101de3d0887b6e3334e6dd/actions {'actions': [{'type': 'pointer', 'parameters': {'pointerType': 'mouse'}, 'id': 'mouse', 'actions': [{'type': 'pointerMove', 'duration': 250, 'x': 0, 'y': 0, 'origin': {'element-6066-11e4-a52e-4f735466cecf': 'f.F8E9B0C5AE51D0C18028CDA2E2AE5AF0.d.592B164357F6C03AEB4033D2A955D8B9.e.38'}}, {'type': 'pointerDown', 'duration': 0, 'button': 2}, {'type': 'pointerUp', 'duration': 0, 'button': 2}]}, {'type': 'key', 'id': 'key', 'actions': [{'type': 'pause', 'duration': 0}, {'type': 'pause', 'duration': 0}, {'type': 'pause', 'duration': 0}]}]}
DEBUG    urllib3.connectionpool:connectionpool.py:544 http://localhost:58403 "POST /session/8dba12f7f2101de3d0887b6e3334e6dd/actions HTTP/1.1" 200 0
DEBUG    selenium.webdriver.remote.remote_connection:remote_connection.py:439 Remote response: status=200 | data={"value":null} | headers=HTTPHeaderDict({'Content-Length': '14', 'Content-Type': 'application/json; charset=utf-8', 'cache-control': 'no-cache'})
DEBUG    selenium.webdriver.remote.remote_connection:remote_connection.py:468 Finished Request
DEBUG    selenium.webdriver.remote.remote_connection:remote_connection.py:406 POST http://localhost:58403/session/8dba12f7f2101de3d0887b6e3334e6dd/element {'using': 'xpath', 'value': "//ul[contains(@class,'context-menu-list')]//li[contains(@class,'context-menu-item')]//span[@class='n..."}
DEBUG    urllib3.connectionpool:connectionpool.py:544 http://localhost:58403 "POST /session/8dba12f7f2101de3d0887b6e3334e6dd/element HTTP/1.1" 200 0
DEBUG    selenium.webdriver.remote.remote_connection:remote_connection.py:439 Remote response: status=200 | data={"value":{"element-6066-11e4-a52e-4f735466cecf":"f.F8E9B0C5AE51D0C18028CDA2E2AE5AF0.d.592B164357F6C03AEB4033D2A955D8B9.e.86"}} | headers=HTTPHeaderDict({'Content-Length': '126', 'Content-Type': 'application/json; charset=utf-8', 'cache-control': 'no-cache'})
DEBUG    selenium.webdriver.remote.remote_connection:remote_connection.py:468 Finished Request
DEBUG    selenium.webdriver.remote.remote_connection:remote_connection.py:406 POST http://localhost:58403/session/8dba12f7f2101de3d0887b6e3334e6dd/element/f.F8E9B0C5AE51D0C18028CDA2E2AE5AF0.d.592B164357F6C03AEB4033D2A955D8B9.e.86/element {'using': 'xpath', 'value': "./ancestor::li[contains(@class,'context-menu-item')]"}
DEBUG    urllib3.connectionpool:connectionpool.py:544 http://localhost:58403 "POST /session/8dba12f7f2101de3d0887b6e3334e6dd/element/f.F8E9B0C5AE51D0C18028CDA2E2AE5AF0.d.592B164357F6C03AEB4033D2A955D8B9.e.86/element HTTP/1.1" 200 0
DEBUG    selenium.webdriver.remote.remote_connection:remote_connection.py:439 Remote response: status=200 | data={"value":{"element-6066-11e4-a52e-4f735466cecf":"f.F8E9B0C5AE51D0C18028CDA2E2AE5AF0.d.592B164357F6C03AEB4033D2A955D8B9.e.82"}} | headers=HTTPHeaderDict({'Content-Length': '126', 'Content-Type': 'application/json; charset=utf-8', 'cache-control': 'no-cache'})
DEBUG    selenium.webdriver.remote.remote_connection:remote_connection.py:468 Finished Request
DEBUG    selenium.webdriver.remote.remote_connection:remote_connection.py:406 POST http://localhost:58403/session/8dba12f7f2101de3d0887b6e3334e6dd/element/f.F8E9B0C5AE51D0C18028CDA2E2AE5AF0.d.592B164357F6C03AEB4033D2A955D8B9.e.82/click {}
DEBUG    urllib3.connectionpool:connectionpool.py:544 http://localhost:58403 "POST /session/8dba12f7f2101de3d0887b6e3334e6dd/element/f.F8E9B0C5AE51D0C18028CDA2E2AE5AF0.d.592B164357F6C03AEB4033D2A955D8B9.e.82/click HTTP/1.1" 200 0
DEBUG    selenium.webdriver.remote.remote_connection:remote_connection.py:439 Remote response: status=200 | data={"value":null} | headers=HTTPHeaderDict({'Content-Length': '14', 'Content-Type': 'application/json; charset=utf-8', 'cache-control': 'no-cache'})
DEBUG    selenium.webdriver.remote.remote_connection:remote_connection.py:468 Finished Request
DEBUG    selenium.webdriver.remote.remote_connection:remote_connection.py:406 POST http://localhost:58403/session/8dba12f7f2101de3d0887b6e3334e6dd/element {'using': 'xpath', 'value': "//li[contains(@class,'tab-list')]//span[@class='tab-list-title' and text()='账号']"}
DEBUG    urllib3.connectionpool:connectionpool.py:544 http://localhost:58403 "POST /session/8dba12f7f2101de3d0887b6e3334e6dd/element HTTP/1.1" 200 0
DEBUG    selenium.webdriver.remote.remote_connection:remote_connection.py:439 Remote response: status=200 | data={"value":{"element-6066-11e4-a52e-4f735466cecf":"f.F8E9B0C5AE51D0C18028CDA2E2AE5AF0.d.592B164357F6C03AEB4033D2A955D8B9.e.117"}} | headers=HTTPHeaderDict({'Content-Length': '127', 'Content-Type': 'application/json; charset=utf-8', 'cache-control': 'no-cache'})
DEBUG    selenium.webdriver.remote.remote_connection:remote_connection.py:468 Finished Request
DEBUG    selenium.webdriver.remote.remote_connection:remote_connection.py:406 POST http://localhost:58403/session/8dba12f7f2101de3d0887b6e3334e6dd/execute/sync {'script': '/* isDisplayed */return ((function () {\n    var tagNameDescriptor = Object.getOwnPropertyDescriptor(...', 'args': [{'element-6066-11e4-a52e-4f735466cecf': 'f.F8E9B0C5AE51D0C18028CDA2E2AE5AF0.d.592B164357F6C03AEB4033D2A955D8B9.e.117'}]}
DEBUG    urllib3.connectionpool:connectionpool.py:544 http://localhost:58403 "POST /session/8dba12f7f2101de3d0887b6e3334e6dd/execute/sync HTTP/1.1" 200 0
DEBUG    selenium.webdriver.remote.remote_connection:remote_connection.py:439 Remote response: status=200 | data={"value":true} | headers=HTTPHeaderDict({'Content-Length': '14', 'Content-Type': 'application/json; charset=utf-8', 'cache-control': 'no-cache'})
DEBUG    selenium.webdriver.remote.remote_connection:remote_connection.py:468 Finished Request
DEBUG    selenium.webdriver.remote.remote_connection:remote_connection.py:406 POST http://localhost:58403/session/8dba12f7f2101de3d0887b6e3334e6dd/elements {'using': 'css selector', 'value': 'input.Xinput-input__inner'}
DEBUG    urllib3.connectionpool:connectionpool.py:544 http://localhost:58403 "POST /session/8dba12f7f2101de3d0887b6e3334e6dd/elements HTTP/1.1" 200 0
DEBUG    selenium.webdriver.remote.remote_connection:remote_connection.py:439 Remote response: status=200 | data={"value":[{"element-6066-11e4-a52e-4f735466cecf":"f.F8E9B0C5AE51D0C18028CDA2E2AE5AF0.d.592B164357F6C03AEB4033D2A955D8B9.e.94"},{"element-6066-11e4-a52e-4f735466cecf":"f.F8E9B0C5AE51D0C18028CDA2E2AE5AF0.d.592B164357F6C03AEB4033D2A955D8B9.e.95"},{"element-6066-11e4-a52e-4f735466cecf":"f.F8E9B0C5AE51D0C18028CDA2E2AE5AF0.d.592B164357F6C03AEB4033D2A955D8B9.e.96"},{"element-6066-11e4-a52e-4f735466cecf":"f.F8E9B0C5AE51D0C18028CDA2E2AE5AF0.d.592B164357F6C03AEB4033D2A955D8B9.e.97"}]} | headers=HTTPHeaderDict({'Content-Length': '479', 'Content-Type': 'application/json; charset=utf-8', 'cache-control': 'no-cache'})
DEBUG    selenium.webdriver.remote.remote_connection:remote_connection.py:468 Finished Request
DEBUG    selenium.webdriver.remote.remote_connection:remote_connection.py:406 POST http://localhost:58403/session/8dba12f7f2101de3d0887b6e3334e6dd/execute/sync {'script': '/* isDisplayed */return ((function () {\n    var tagNameDescriptor = Object.getOwnPropertyDescriptor(...', 'args': [{'element-6066-11e4-a52e-4f735466cecf': 'f.F8E9B0C5AE51D0C18028CDA2E2AE5AF0.d.592B164357F6C03AEB4033D2A955D8B9.e.94'}]}
DEBUG    urllib3.connectionpool:connectionpool.py:544 http://localhost:58403 "POST /session/8dba12f7f2101de3d0887b6e3334e6dd/execute/sync HTTP/1.1" 200 0
DEBUG    selenium.webdriver.remote.remote_connection:remote_connection.py:439 Remote response: status=200 | data={"value":true} | headers=HTTPHeaderDict({'Content-Length': '14', 'Content-Type': 'application/json; charset=utf-8', 'cache-control': 'no-cache'})
DEBUG    selenium.webdriver.remote.remote_connection:remote_connection.py:468 Finished Request
DEBUG    selenium.webdriver.remote.remote_connection:remote_connection.py:406 POST http://localhost:58403/session/8dba12f7f2101de3d0887b6e3334e6dd/execute/sync {'script': "/* getAttribute */return ((function () {\n    const PROPERTY_ALIASES = {\n        'readonly': 'readOnl...", 'args': [{'element-6066-11e4-a52e-4f735466cecf': 'f.F8E9B0C5AE51D0C18028CDA2E2AE5AF0.d.592B164357F6C03AEB4033D2A955D8B9.e.94'}, 'type']}
DEBUG    urllib3.connectionpool:connectionpool.py:544 http://localhost:58403 "POST /session/8dba12f7f2101de3d0887b6e3334e6dd/execute/sync HTTP/1.1" 200 0
DEBUG    selenium.webdriver.remote.remote_connection:remote_connection.py:439 Remote response: status=200 | data={"value":"text"} | headers=HTTPHeaderDict({'Content-Length': '16', 'Content-Type': 'application/json; charset=utf-8', 'cache-control': 'no-cache'})
DEBUG    selenium.webdriver.remote.remote_connection:remote_connection.py:468 Finished Request
DEBUG    selenium.webdriver.remote.remote_connection:remote_connection.py:406 POST http://localhost:58403/session/8dba12f7f2101de3d0887b6e3334e6dd/execute/sync {'script': '/* isDisplayed */return ((function () {\n    var tagNameDescriptor = Object.getOwnPropertyDescriptor(...', 'args': [{'element-6066-11e4-a52e-4f735466cecf': 'f.F8E9B0C5AE51D0C18028CDA2E2AE5AF0.d.592B164357F6C03AEB4033D2A955D8B9.e.95'}]}
DEBUG    urllib3.connectionpool:connectionpool.py:544 http://localhost:58403 "POST /session/8dba12f7f2101de3d0887b6e3334e6dd/execute/sync HTTP/1.1" 200 0
DEBUG    selenium.webdriver.remote.remote_connection:remote_connection.py:439 Remote response: status=200 | data={"value":true} | headers=HTTPHeaderDict({'Content-Length': '14', 'Content-Type': 'application/json; charset=utf-8', 'cache-control': 'no-cache'})
DEBUG    selenium.webdriver.remote.remote_connection:remote_connection.py:468 Finished Request
DEBUG    selenium.webdriver.remote.remote_connection:remote_connection.py:406 POST http://localhost:58403/session/8dba12f7f2101de3d0887b6e3334e6dd/execute/sync {'script': "/* getAttribute */return ((function () {\n    const PROPERTY_ALIASES = {\n        'readonly': 'readOnl...", 'args': [{'element-6066-11e4-a52e-4f735466cecf': 'f.F8E9B0C5AE51D0C18028CDA2E2AE5AF0.d.592B164357F6C03AEB4033D2A955D8B9.e.95'}, 'type']}
DEBUG    urllib3.connectionpool:connectionpool.py:544 http://localhost:58403 "POST /session/8dba12f7f2101de3d0887b6e3334e6dd/execute/sync HTTP/1.1" 200 0
DEBUG    selenium.webdriver.remote.remote_connection:remote_connection.py:439 Remote response: status=200 | data={"value":"password"} | headers=HTTPHeaderDict({'Content-Length': '20', 'Content-Type': 'application/json; charset=utf-8', 'cache-control': 'no-cache'})
DEBUG    selenium.webdriver.remote.remote_connection:remote_connection.py:468 Finished Request
DEBUG    selenium.webdriver.remote.remote_connection:remote_connection.py:406 POST http://localhost:58403/session/8dba12f7f2101de3d0887b6e3334e6dd/execute/sync {'script': '/* isDisplayed */return ((function () {\n    var tagNameDescriptor = Object.getOwnPropertyDescriptor(...', 'args': [{'element-6066-11e4-a52e-4f735466cecf': 'f.F8E9B0C5AE51D0C18028CDA2E2AE5AF0.d.592B164357F6C03AEB4033D2A955D8B9.e.96'}]}
DEBUG    urllib3.connectionpool:connectionpool.py:544 http://localhost:58403 "POST /session/8dba12f7f2101de3d0887b6e3334e6dd/execute/sync HTTP/1.1" 200 0
DEBUG    selenium.webdriver.remote.remote_connection:remote_connection.py:439 Remote response: status=200 | data={"value":true} | headers=HTTPHeaderDict({'Content-Length': '14', 'Content-Type': 'application/json; charset=utf-8', 'cache-control': 'no-cache'})
DEBUG    selenium.webdriver.remote.remote_connection:remote_connection.py:468 Finished Request
DEBUG    selenium.webdriver.remote.remote_connection:remote_connection.py:406 POST http://localhost:58403/session/8dba12f7f2101de3d0887b6e3334e6dd/execute/sync {'script': "/* getAttribute */return ((function () {\n    const PROPERTY_ALIASES = {\n        'readonly': 'readOnl...", 'args': [{'element-6066-11e4-a52e-4f735466cecf': 'f.F8E9B0C5AE51D0C18028CDA2E2AE5AF0.d.592B164357F6C03AEB4033D2A955D8B9.e.96'}, 'type']}
DEBUG    urllib3.connectionpool:connectionpool.py:544 http://localhost:58403 "POST /session/8dba12f7f2101de3d0887b6e3334e6dd/execute/sync HTTP/1.1" 200 0
DEBUG    selenium.webdriver.remote.remote_connection:remote_connection.py:439 Remote response: status=200 | data={"value":"text"} | headers=HTTPHeaderDict({'Content-Length': '16', 'Content-Type': 'application/json; charset=utf-8', 'cache-control': 'no-cache'})
DEBUG    selenium.webdriver.remote.remote_connection:remote_connection.py:468 Finished Request
DEBUG    selenium.webdriver.remote.remote_connection:remote_connection.py:406 POST http://localhost:58403/session/8dba12f7f2101de3d0887b6e3334e6dd/execute/sync {'script': '/* isDisplayed */return ((function () {\n    var tagNameDescriptor = Object.getOwnPropertyDescriptor(...', 'args': [{'element-6066-11e4-a52e-4f735466cecf': 'f.F8E9B0C5AE51D0C18028CDA2E2AE5AF0.d.592B164357F6C03AEB4033D2A955D8B9.e.97'}]}
DEBUG    urllib3.connectionpool:connectionpool.py:544 http://localhost:58403 "POST /session/8dba12f7f2101de3d0887b6e3334e6dd/execute/sync HTTP/1.1" 200 0
DEBUG    selenium.webdriver.remote.remote_connection:remote_connection.py:439 Remote response: status=200 | data={"value":true} | headers=HTTPHeaderDict({'Content-Length': '14', 'Content-Type': 'application/json; charset=utf-8', 'cache-control': 'no-cache'})
DEBUG    selenium.webdriver.remote.remote_connection:remote_connection.py:468 Finished Request
DEBUG    selenium.webdriver.remote.remote_connection:remote_connection.py:406 POST http://localhost:58403/session/8dba12f7f2101de3d0887b6e3334e6dd/execute/sync {'script': "/* getAttribute */return ((function () {\n    const PROPERTY_ALIASES = {\n        'readonly': 'readOnl...", 'args': [{'element-6066-11e4-a52e-4f735466cecf': 'f.F8E9B0C5AE51D0C18028CDA2E2AE5AF0.d.592B164357F6C03AEB4033D2A955D8B9.e.97'}, 'type']}
DEBUG    urllib3.connectionpool:connectionpool.py:544 http://localhost:58403 "POST /session/8dba12f7f2101de3d0887b6e3334e6dd/execute/sync HTTP/1.1" 200 0
DEBUG    selenium.webdriver.remote.remote_connection:remote_connection.py:439 Remote response: status=200 | data={"value":"text"} | headers=HTTPHeaderDict({'Content-Length': '16', 'Content-Type': 'application/json; charset=utf-8', 'cache-control': 'no-cache'})
DEBUG    selenium.webdriver.remote.remote_connection:remote_connection.py:468 Finished Request
DEBUG    selenium.webdriver.remote.remote_connection:remote_connection.py:406 POST http://localhost:58403/session/8dba12f7f2101de3d0887b6e3334e6dd/element/f.F8E9B0C5AE51D0C18028CDA2E2AE5AF0.d.592B164357F6C03AEB4033D2A955D8B9.e.94/click {}
DEBUG    urllib3.connectionpool:connectionpool.py:544 http://localhost:58403 "POST /session/8dba12f7f2101de3d0887b6e3334e6dd/element/f.F8E9B0C5AE51D0C18028CDA2E2AE5AF0.d.592B164357F6C03AEB4033D2A955D8B9.e.94/click HTTP/1.1" 200 0
DEBUG    selenium.webdriver.remote.remote_connection:remote_connection.py:439 Remote response: status=200 | data={"value":null} | headers=HTTPHeaderDict({'Content-Length': '14', 'Content-Type': 'application/json; charset=utf-8', 'cache-control': 'no-cache'})
DEBUG    selenium.webdriver.remote.remote_connection:remote_connection.py:468 Finished Request
DEBUG    selenium.webdriver.remote.remote_connection:remote_connection.py:406 POST http://localhost:58403/session/8dba12f7f2101de3d0887b6e3334e6dd/actions {'actions': [{'type': 'pointer', 'parameters': {'pointerType': 'mouse'}, 'id': 'mouse', 'actions': [{'type': 'pause', 'duration': 0}, {'type': 'pause', 'duration': 0}, {'type': 'pause', 'duration': 0}, {'type': 'pause', 'duration': 0}]}, {'type': 'key', 'id': 'key', 'actions': [{'type': 'keyDown', 'value': '\ue03d'}, {'type': 'keyDown', 'value': 'a'}, {'type': 'keyUp', 'value': 'a'}, {'type': 'keyUp', 'value': '\ue03d'}]}]}
DEBUG    urllib3.connectionpool:connectionpool.py:544 http://localhost:58403 "POST /session/8dba12f7f2101de3d0887b6e3334e6dd/actions HTTP/1.1" 200 0
DEBUG    selenium.webdriver.remote.remote_connection:remote_connection.py:439 Remote response: status=200 | data={"value":null} | headers=HTTPHeaderDict({'Content-Length': '14', 'Content-Type': 'application/json; charset=utf-8', 'cache-control': 'no-cache'})
DEBUG    selenium.webdriver.remote.remote_connection:remote_connection.py:468 Finished Request
DEBUG    selenium.webdriver.remote.remote_connection:remote_connection.py:406 POST http://localhost:58403/session/8dba12f7f2101de3d0887b6e3334e6dd/actions {'actions': [{'type': 'pointer', 'parameters': {'pointerType': 'mouse'}, 'id': 'mouse', 'actions': [{'type': 'pause', 'duration': 0}, {'type': 'pause', 'duration': 0}]}, {'type': 'key', 'id': 'key', 'actions': [{'type': 'keyDown', 'value': '\ue003'}, {'type': 'keyUp', 'value': '\ue003'}]}]}
DEBUG    urllib3.connectionpool:connectionpool.py:544 http://localhost:58403 "POST /session/8dba12f7f2101de3d0887b6e3334e6dd/actions HTTP/1.1" 200 0
DEBUG    selenium.webdriver.remote.remote_connection:remote_connection.py:439 Remote response: status=200 | data={"value":null} | headers=HTTPHeaderDict({'Content-Length': '14', 'Content-Type': 'application/json; charset=utf-8', 'cache-control': 'no-cache'})
DEBUG    selenium.webdriver.remote.remote_connection:remote_connection.py:468 Finished Request
DEBUG    selenium.webdriver.remote.remote_connection:remote_connection.py:406 POST http://localhost:58403/session/8dba12f7f2101de3d0887b6e3334e6dd/element/f.F8E9B0C5AE51D0C18028CDA2E2AE5AF0.d.592B164357F6C03AEB4033D2A955D8B9.e.94/value {'text': 'ui自动化冒烟测试_001809', 'value': ['u', 'i', '自', '动', '化', '冒', '烟', '测', '试', '_', '0', '0', '1', '8', '0', '9']}
DEBUG    urllib3.connectionpool:connectionpool.py:544 http://localhost:58403 "POST /session/8dba12f7f2101de3d0887b6e3334e6dd/element/f.F8E9B0C5AE51D0C18028CDA2E2AE5AF0.d.592B164357F6C03AEB4033D2A955D8B9.e.94/value HTTP/1.1" 200 0
DEBUG    selenium.webdriver.remote.remote_connection:remote_connection.py:439 Remote response: status=200 | data={"value":null} | headers=HTTPHeaderDict({'Content-Length': '14', 'Content-Type': 'application/json; charset=utf-8', 'cache-control': 'no-cache'})
DEBUG    selenium.webdriver.remote.remote_connection:remote_connection.py:468 Finished Request
DEBUG    selenium.webdriver.remote.remote_connection:remote_connection.py:406 POST http://localhost:58403/session/8dba12f7f2101de3d0887b6e3334e6dd/elements {'using': 'css selector', 'value': 'input.Xinput-input__inner'}
DEBUG    urllib3.connectionpool:connectionpool.py:544 http://localhost:58403 "POST /session/8dba12f7f2101de3d0887b6e3334e6dd/elements HTTP/1.1" 200 0
DEBUG    selenium.webdriver.remote.remote_connection:remote_connection.py:439 Remote response: status=200 | data={"value":[{"element-6066-11e4-a52e-4f735466cecf":"f.F8E9B0C5AE51D0C18028CDA2E2AE5AF0.d.592B164357F6C03AEB4033D2A955D8B9.e.94"},{"element-6066-11e4-a52e-4f735466cecf":"f.F8E9B0C5AE51D0C18028CDA2E2AE5AF0.d.592B164357F6C03AEB4033D2A955D8B9.e.95"},{"element-6066-11e4-a52e-4f735466cecf":"f.F8E9B0C5AE51D0C18028CDA2E2AE5AF0.d.592B164357F6C03AEB4033D2A955D8B9.e.96"},{"element-6066-11e4-a52e-4f735466cecf":"f.F8E9B0C5AE51D0C18028CDA2E2AE5AF0.d.592B164357F6C03AEB4033D2A955D8B9.e.97"}]} | headers=HTTPHeaderDict({'Content-Length': '479', 'Content-Type': 'application/json; charset=utf-8', 'cache-control': 'no-cache'})
DEBUG    selenium.webdriver.remote.remote_connection:remote_connection.py:468 Finished Request
DEBUG    selenium.webdriver.remote.remote_connection:remote_connection.py:406 POST http://localhost:58403/session/8dba12f7f2101de3d0887b6e3334e6dd/execute/sync {'script': '/* isDisplayed */return ((function () {\n    var tagNameDescriptor = Object.getOwnPropertyDescriptor(...', 'args': [{'element-6066-11e4-a52e-4f735466cecf': 'f.F8E9B0C5AE51D0C18028CDA2E2AE5AF0.d.592B164357F6C03AEB4033D2A955D8B9.e.94'}]}
DEBUG    urllib3.connectionpool:connectionpool.py:544 http://localhost:58403 "POST /session/8dba12f7f2101de3d0887b6e3334e6dd/execute/sync HTTP/1.1" 200 0
DEBUG    selenium.webdriver.remote.remote_connection:remote_connection.py:439 Remote response: status=200 | data={"value":true} | headers=HTTPHeaderDict({'Content-Length': '14', 'Content-Type': 'application/json; charset=utf-8', 'cache-control': 'no-cache'})
DEBUG    selenium.webdriver.remote.remote_connection:remote_connection.py:468 Finished Request
DEBUG    selenium.webdriver.remote.remote_connection:remote_connection.py:406 POST http://localhost:58403/session/8dba12f7f2101de3d0887b6e3334e6dd/execute/sync {'script': "/* getAttribute */return ((function () {\n    const PROPERTY_ALIASES = {\n        'readonly': 'readOnl...", 'args': [{'element-6066-11e4-a52e-4f735466cecf': 'f.F8E9B0C5AE51D0C18028CDA2E2AE5AF0.d.592B164357F6C03AEB4033D2A955D8B9.e.94'}, 'type']}
DEBUG    urllib3.connectionpool:connectionpool.py:544 http://localhost:58403 "POST /session/8dba12f7f2101de3d0887b6e3334e6dd/execute/sync HTTP/1.1" 200 0
DEBUG    selenium.webdriver.remote.remote_connection:remote_connection.py:439 Remote response: status=200 | data={"value":"text"} | headers=HTTPHeaderDict({'Content-Length': '16', 'Content-Type': 'application/json; charset=utf-8', 'cache-control': 'no-cache'})
DEBUG    selenium.webdriver.remote.remote_connection:remote_connection.py:468 Finished Request
DEBUG    selenium.webdriver.remote.remote_connection:remote_connection.py:406 POST http://localhost:58403/session/8dba12f7f2101de3d0887b6e3334e6dd/execute/sync {'script': '/* isDisplayed */return ((function () {\n    var tagNameDescriptor = Object.getOwnPropertyDescriptor(...', 'args': [{'element-6066-11e4-a52e-4f735466cecf': 'f.F8E9B0C5AE51D0C18028CDA2E2AE5AF0.d.592B164357F6C03AEB4033D2A955D8B9.e.95'}]}
DEBUG    urllib3.connectionpool:connectionpool.py:544 http://localhost:58403 "POST /session/8dba12f7f2101de3d0887b6e3334e6dd/execute/sync HTTP/1.1" 200 0
DEBUG    selenium.webdriver.remote.remote_connection:remote_connection.py:439 Remote response: status=200 | data={"value":true} | headers=HTTPHeaderDict({'Content-Length': '14', 'Content-Type': 'application/json; charset=utf-8', 'cache-control': 'no-cache'})
DEBUG    selenium.webdriver.remote.remote_connection:remote_connection.py:468 Finished Request
DEBUG    selenium.webdriver.remote.remote_connection:remote_connection.py:406 POST http://localhost:58403/session/8dba12f7f2101de3d0887b6e3334e6dd/execute/sync {'script': "/* getAttribute */return ((function () {\n    const PROPERTY_ALIASES = {\n        'readonly': 'readOnl...", 'args': [{'element-6066-11e4-a52e-4f735466cecf': 'f.F8E9B0C5AE51D0C18028CDA2E2AE5AF0.d.592B164357F6C03AEB4033D2A955D8B9.e.95'}, 'type']}
DEBUG    urllib3.connectionpool:connectionpool.py:544 http://localhost:58403 "POST /session/8dba12f7f2101de3d0887b6e3334e6dd/execute/sync HTTP/1.1" 200 0
DEBUG    selenium.webdriver.remote.remote_connection:remote_connection.py:439 Remote response: status=200 | data={"value":"password"} | headers=HTTPHeaderDict({'Content-Length': '20', 'Content-Type': 'application/json; charset=utf-8', 'cache-control': 'no-cache'})
DEBUG    selenium.webdriver.remote.remote_connection:remote_connection.py:468 Finished Request
DEBUG    selenium.webdriver.remote.remote_connection:remote_connection.py:406 POST http://localhost:58403/session/8dba12f7f2101de3d0887b6e3334e6dd/execute/sync {'script': '/* isDisplayed */return ((function () {\n    var tagNameDescriptor = Object.getOwnPropertyDescriptor(...', 'args': [{'element-6066-11e4-a52e-4f735466cecf': 'f.F8E9B0C5AE51D0C18028CDA2E2AE5AF0.d.592B164357F6C03AEB4033D2A955D8B9.e.96'}]}
DEBUG    urllib3.connectionpool:connectionpool.py:544 http://localhost:58403 "POST /session/8dba12f7f2101de3d0887b6e3334e6dd/execute/sync HTTP/1.1" 200 0
DEBUG    selenium.webdriver.remote.remote_connection:remote_connection.py:439 Remote response: status=200 | data={"value":true} | headers=HTTPHeaderDict({'Content-Length': '14', 'Content-Type': 'application/json; charset=utf-8', 'cache-control': 'no-cache'})
DEBUG    selenium.webdriver.remote.remote_connection:remote_connection.py:468 Finished Request
DEBUG    selenium.webdriver.remote.remote_connection:remote_connection.py:406 POST http://localhost:58403/session/8dba12f7f2101de3d0887b6e3334e6dd/execute/sync {'script': "/* getAttribute */return ((function () {\n    const PROPERTY_ALIASES = {\n        'readonly': 'readOnl...", 'args': [{'element-6066-11e4-a52e-4f735466cecf': 'f.F8E9B0C5AE51D0C18028CDA2E2AE5AF0.d.592B164357F6C03AEB4033D2A955D8B9.e.96'}, 'type']}
DEBUG    urllib3.connectionpool:connectionpool.py:544 http://localhost:58403 "POST /session/8dba12f7f2101de3d0887b6e3334e6dd/execute/sync HTTP/1.1" 200 0
DEBUG    selenium.webdriver.remote.remote_connection:remote_connection.py:439 Remote response: status=200 | data={"value":"text"} | headers=HTTPHeaderDict({'Content-Length': '16', 'Content-Type': 'application/json; charset=utf-8', 'cache-control': 'no-cache'})
DEBUG    selenium.webdriver.remote.remote_connection:remote_connection.py:468 Finished Request
DEBUG    selenium.webdriver.remote.remote_connection:remote_connection.py:406 POST http://localhost:58403/session/8dba12f7f2101de3d0887b6e3334e6dd/execute/sync {'script': '/* isDisplayed */return ((function () {\n    var tagNameDescriptor = Object.getOwnPropertyDescriptor(...', 'args': [{'element-6066-11e4-a52e-4f735466cecf': 'f.F8E9B0C5AE51D0C18028CDA2E2AE5AF0.d.592B164357F6C03AEB4033D2A955D8B9.e.97'}]}
DEBUG    urllib3.connectionpool:connectionpool.py:544 http://localhost:58403 "POST /session/8dba12f7f2101de3d0887b6e3334e6dd/execute/sync HTTP/1.1" 200 0
DEBUG    selenium.webdriver.remote.remote_connection:remote_connection.py:439 Remote response: status=200 | data={"value":true} | headers=HTTPHeaderDict({'Content-Length': '14', 'Content-Type': 'application/json; charset=utf-8', 'cache-control': 'no-cache'})
DEBUG    selenium.webdriver.remote.remote_connection:remote_connection.py:468 Finished Request
DEBUG    selenium.webdriver.remote.remote_connection:remote_connection.py:406 POST http://localhost:58403/session/8dba12f7f2101de3d0887b6e3334e6dd/execute/sync {'script': "/* getAttribute */return ((function () {\n    const PROPERTY_ALIASES = {\n        'readonly': 'readOnl...", 'args': [{'element-6066-11e4-a52e-4f735466cecf': 'f.F8E9B0C5AE51D0C18028CDA2E2AE5AF0.d.592B164357F6C03AEB4033D2A955D8B9.e.97'}, 'type']}
DEBUG    urllib3.connectionpool:connectionpool.py:544 http://localhost:58403 "POST /session/8dba12f7f2101de3d0887b6e3334e6dd/execute/sync HTTP/1.1" 200 0
DEBUG    selenium.webdriver.remote.remote_connection:remote_connection.py:439 Remote response: status=200 | data={"value":"text"} | headers=HTTPHeaderDict({'Content-Length': '16', 'Content-Type': 'application/json; charset=utf-8', 'cache-control': 'no-cache'})
DEBUG    selenium.webdriver.remote.remote_connection:remote_connection.py:468 Finished Request
DEBUG    selenium.webdriver.remote.remote_connection:remote_connection.py:406 POST http://localhost:58403/session/8dba12f7f2101de3d0887b6e3334e6dd/element/f.F8E9B0C5AE51D0C18028CDA2E2AE5AF0.d.592B164357F6C03AEB4033D2A955D8B9.e.96/click {}
DEBUG    urllib3.connectionpool:connectionpool.py:544 http://localhost:58403 "POST /session/8dba12f7f2101de3d0887b6e3334e6dd/element/f.F8E9B0C5AE51D0C18028CDA2E2AE5AF0.d.592B164357F6C03AEB4033D2A955D8B9.e.96/click HTTP/1.1" 200 0
DEBUG    selenium.webdriver.remote.remote_connection:remote_connection.py:439 Remote response: status=200 | data={"value":null} | headers=HTTPHeaderDict({'Content-Length': '14', 'Content-Type': 'application/json; charset=utf-8', 'cache-control': 'no-cache'})
DEBUG    selenium.webdriver.remote.remote_connection:remote_connection.py:468 Finished Request
DEBUG    selenium.webdriver.remote.remote_connection:remote_connection.py:406 POST http://localhost:58403/session/8dba12f7f2101de3d0887b6e3334e6dd/actions {'actions': [{'type': 'pointer', 'parameters': {'pointerType': 'mouse'}, 'id': 'mouse', 'actions': [{'type': 'pause', 'duration': 0}, {'type': 'pause', 'duration': 0}, {'type': 'pause', 'duration': 0}, {'type': 'pause', 'duration': 0}]}, {'type': 'key', 'id': 'key', 'actions': [{'type': 'keyDown', 'value': '\ue03d'}, {'type': 'keyDown', 'value': 'a'}, {'type': 'keyUp', 'value': 'a'}, {'type': 'keyUp', 'value': '\ue03d'}]}]}
DEBUG    urllib3.connectionpool:connectionpool.py:544 http://localhost:58403 "POST /session/8dba12f7f2101de3d0887b6e3334e6dd/actions HTTP/1.1" 200 0
DEBUG    selenium.webdriver.remote.remote_connection:remote_connection.py:439 Remote response: status=200 | data={"value":null} | headers=HTTPHeaderDict({'Content-Length': '14', 'Content-Type': 'application/json; charset=utf-8', 'cache-control': 'no-cache'})
DEBUG    selenium.webdriver.remote.remote_connection:remote_connection.py:468 Finished Request
DEBUG    selenium.webdriver.remote.remote_connection:remote_connection.py:406 POST http://localhost:58403/session/8dba12f7f2101de3d0887b6e3334e6dd/actions {'actions': [{'type': 'pointer', 'parameters': {'pointerType': 'mouse'}, 'id': 'mouse', 'actions': [{'type': 'pause', 'duration': 0}, {'type': 'pause', 'duration': 0}]}, {'type': 'key', 'id': 'key', 'actions': [{'type': 'keyDown', 'value': '\ue003'}, {'type': 'keyUp', 'value': '\ue003'}]}]}
DEBUG    urllib3.connectionpool:connectionpool.py:544 http://localhost:58403 "POST /session/8dba12f7f2101de3d0887b6e3334e6dd/actions HTTP/1.1" 200 0
DEBUG    selenium.webdriver.remote.remote_connection:remote_connection.py:439 Remote response: status=200 | data={"value":null} | headers=HTTPHeaderDict({'Content-Length': '14', 'Content-Type': 'application/json; charset=utf-8', 'cache-control': 'no-cache'})
DEBUG    selenium.webdriver.remote.remote_connection:remote_connection.py:468 Finished Request
DEBUG    selenium.webdriver.remote.remote_connection:remote_connection.py:406 POST http://localhost:58403/session/8dba12f7f2101de3d0887b6e3334e6dd/element/f.F8E9B0C5AE51D0C18028CDA2E2AE5AF0.d.592B164357F6C03AEB4033D2A955D8B9.e.96/value {'text': '1240676024@qq.com', 'value': ['1', '2', '4', '0', '6', '7', '6', '0', '2', '4', '@', 'q', 'q', '.', 'c', 'o', 'm']}
DEBUG    urllib3.connectionpool:connectionpool.py:544 http://localhost:58403 "POST /session/8dba12f7f2101de3d0887b6e3334e6dd/element/f.F8E9B0C5AE51D0C18028CDA2E2AE5AF0.d.592B164357F6C03AEB4033D2A955D8B9.e.96/value HTTP/1.1" 200 0
DEBUG    selenium.webdriver.remote.remote_connection:remote_connection.py:439 Remote response: status=200 | data={"value":null} | headers=HTTPHeaderDict({'Content-Length': '14', 'Content-Type': 'application/json; charset=utf-8', 'cache-control': 'no-cache'})
DEBUG    selenium.webdriver.remote.remote_connection:remote_connection.py:468 Finished Request
DEBUG    selenium.webdriver.remote.remote_connection:remote_connection.py:406 POST http://localhost:58403/session/8dba12f7f2101de3d0887b6e3334e6dd/elements {'using': 'css selector', 'value': 'input.Xinput-input__inner'}
DEBUG    urllib3.connectionpool:connectionpool.py:544 http://localhost:58403 "POST /session/8dba12f7f2101de3d0887b6e3334e6dd/elements HTTP/1.1" 200 0
DEBUG    selenium.webdriver.remote.remote_connection:remote_connection.py:439 Remote response: status=200 | data={"value":[{"element-6066-11e4-a52e-4f735466cecf":"f.F8E9B0C5AE51D0C18028CDA2E2AE5AF0.d.592B164357F6C03AEB4033D2A955D8B9.e.94"},{"element-6066-11e4-a52e-4f735466cecf":"f.F8E9B0C5AE51D0C18028CDA2E2AE5AF0.d.592B164357F6C03AEB4033D2A955D8B9.e.95"},{"element-6066-11e4-a52e-4f735466cecf":"f.F8E9B0C5AE51D0C18028CDA2E2AE5AF0.d.592B164357F6C03AEB4033D2A955D8B9.e.96"},{"element-6066-11e4-a52e-4f735466cecf":"f.F8E9B0C5AE51D0C18028CDA2E2AE5AF0.d.592B164357F6C03AEB4033D2A955D8B9.e.97"}]} | headers=HTTPHeaderDict({'Content-Length': '479', 'Content-Type': 'application/json; charset=utf-8', 'cache-control': 'no-cache'})
DEBUG    selenium.webdriver.remote.remote_connection:remote_connection.py:468 Finished Request
DEBUG    selenium.webdriver.remote.remote_connection:remote_connection.py:406 POST http://localhost:58403/session/8dba12f7f2101de3d0887b6e3334e6dd/execute/sync {'script': '/* isDisplayed */return ((function () {\n    var tagNameDescriptor = Object.getOwnPropertyDescriptor(...', 'args': [{'element-6066-11e4-a52e-4f735466cecf': 'f.F8E9B0C5AE51D0C18028CDA2E2AE5AF0.d.592B164357F6C03AEB4033D2A955D8B9.e.94'}]}
DEBUG    urllib3.connectionpool:connectionpool.py:544 http://localhost:58403 "POST /session/8dba12f7f2101de3d0887b6e3334e6dd/execute/sync HTTP/1.1" 200 0
DEBUG    selenium.webdriver.remote.remote_connection:remote_connection.py:439 Remote response: status=200 | data={"value":true} | headers=HTTPHeaderDict({'Content-Length': '14', 'Content-Type': 'application/json; charset=utf-8', 'cache-control': 'no-cache'})
DEBUG    selenium.webdriver.remote.remote_connection:remote_connection.py:468 Finished Request
DEBUG    selenium.webdriver.remote.remote_connection:remote_connection.py:406 POST http://localhost:58403/session/8dba12f7f2101de3d0887b6e3334e6dd/execute/sync {'script': "/* getAttribute */return ((function () {\n    const PROPERTY_ALIASES = {\n        'readonly': 'readOnl...", 'args': [{'element-6066-11e4-a52e-4f735466cecf': 'f.F8E9B0C5AE51D0C18028CDA2E2AE5AF0.d.592B164357F6C03AEB4033D2A955D8B9.e.94'}, 'type']}
DEBUG    urllib3.connectionpool:connectionpool.py:544 http://localhost:58403 "POST /session/8dba12f7f2101de3d0887b6e3334e6dd/execute/sync HTTP/1.1" 200 0
DEBUG    selenium.webdriver.remote.remote_connection:remote_connection.py:439 Remote response: status=200 | data={"value":"text"} | headers=HTTPHeaderDict({'Content-Length': '16', 'Content-Type': 'application/json; charset=utf-8', 'cache-control': 'no-cache'})
DEBUG    selenium.webdriver.remote.remote_connection:remote_connection.py:468 Finished Request
DEBUG    selenium.webdriver.remote.remote_connection:remote_connection.py:406 POST http://localhost:58403/session/8dba12f7f2101de3d0887b6e3334e6dd/execute/sync {'script': '/* isDisplayed */return ((function () {\n    var tagNameDescriptor = Object.getOwnPropertyDescriptor(...', 'args': [{'element-6066-11e4-a52e-4f735466cecf': 'f.F8E9B0C5AE51D0C18028CDA2E2AE5AF0.d.592B164357F6C03AEB4033D2A955D8B9.e.95'}]}
DEBUG    urllib3.connectionpool:connectionpool.py:544 http://localhost:58403 "POST /session/8dba12f7f2101de3d0887b6e3334e6dd/execute/sync HTTP/1.1" 200 0
DEBUG    selenium.webdriver.remote.remote_connection:remote_connection.py:439 Remote response: status=200 | data={"value":true} | headers=HTTPHeaderDict({'Content-Length': '14', 'Content-Type': 'application/json; charset=utf-8', 'cache-control': 'no-cache'})
DEBUG    selenium.webdriver.remote.remote_connection:remote_connection.py:468 Finished Request
DEBUG    selenium.webdriver.remote.remote_connection:remote_connection.py:406 POST http://localhost:58403/session/8dba12f7f2101de3d0887b6e3334e6dd/execute/sync {'script': "/* getAttribute */return ((function () {\n    const PROPERTY_ALIASES = {\n        'readonly': 'readOnl...", 'args': [{'element-6066-11e4-a52e-4f735466cecf': 'f.F8E9B0C5AE51D0C18028CDA2E2AE5AF0.d.592B164357F6C03AEB4033D2A955D8B9.e.95'}, 'type']}
DEBUG    urllib3.connectionpool:connectionpool.py:544 http://localhost:58403 "POST /session/8dba12f7f2101de3d0887b6e3334e6dd/execute/sync HTTP/1.1" 200 0
DEBUG    selenium.webdriver.remote.remote_connection:remote_connection.py:439 Remote response: status=200 | data={"value":"password"} | headers=HTTPHeaderDict({'Content-Length': '20', 'Content-Type': 'application/json; charset=utf-8', 'cache-control': 'no-cache'})
DEBUG    selenium.webdriver.remote.remote_connection:remote_connection.py:468 Finished Request
DEBUG    selenium.webdriver.remote.remote_connection:remote_connection.py:406 POST http://localhost:58403/session/8dba12f7f2101de3d0887b6e3334e6dd/execute/sync {'script': '/* isDisplayed */return ((function () {\n    var tagNameDescriptor = Object.getOwnPropertyDescriptor(...', 'args': [{'element-6066-11e4-a52e-4f735466cecf': 'f.F8E9B0C5AE51D0C18028CDA2E2AE5AF0.d.592B164357F6C03AEB4033D2A955D8B9.e.96'}]}
DEBUG    urllib3.connectionpool:connectionpool.py:544 http://localhost:58403 "POST /session/8dba12f7f2101de3d0887b6e3334e6dd/execute/sync HTTP/1.1" 200 0
DEBUG    selenium.webdriver.remote.remote_connection:remote_connection.py:439 Remote response: status=200 | data={"value":true} | headers=HTTPHeaderDict({'Content-Length': '14', 'Content-Type': 'application/json; charset=utf-8', 'cache-control': 'no-cache'})
DEBUG    selenium.webdriver.remote.remote_connection:remote_connection.py:468 Finished Request
DEBUG    selenium.webdriver.remote.remote_connection:remote_connection.py:406 POST http://localhost:58403/session/8dba12f7f2101de3d0887b6e3334e6dd/execute/sync {'script': "/* getAttribute */return ((function () {\n    const PROPERTY_ALIASES = {\n        'readonly': 'readOnl...", 'args': [{'element-6066-11e4-a52e-4f735466cecf': 'f.F8E9B0C5AE51D0C18028CDA2E2AE5AF0.d.592B164357F6C03AEB4033D2A955D8B9.e.96'}, 'type']}
DEBUG    urllib3.connectionpool:connectionpool.py:544 http://localhost:58403 "POST /session/8dba12f7f2101de3d0887b6e3334e6dd/execute/sync HTTP/1.1" 200 0
DEBUG    selenium.webdriver.remote.remote_connection:remote_connection.py:439 Remote response: status=200 | data={"value":"text"} | headers=HTTPHeaderDict({'Content-Length': '16', 'Content-Type': 'application/json; charset=utf-8', 'cache-control': 'no-cache'})
DEBUG    selenium.webdriver.remote.remote_connection:remote_connection.py:468 Finished Request
DEBUG    selenium.webdriver.remote.remote_connection:remote_connection.py:406 POST http://localhost:58403/session/8dba12f7f2101de3d0887b6e3334e6dd/execute/sync {'script': '/* isDisplayed */return ((function () {\n    var tagNameDescriptor = Object.getOwnPropertyDescriptor(...', 'args': [{'element-6066-11e4-a52e-4f735466cecf': 'f.F8E9B0C5AE51D0C18028CDA2E2AE5AF0.d.592B164357F6C03AEB4033D2A955D8B9.e.97'}]}
DEBUG    urllib3.connectionpool:connectionpool.py:544 http://localhost:58403 "POST /session/8dba12f7f2101de3d0887b6e3334e6dd/execute/sync HTTP/1.1" 200 0
DEBUG    selenium.webdriver.remote.remote_connection:remote_connection.py:439 Remote response: status=200 | data={"value":true} | headers=HTTPHeaderDict({'Content-Length': '14', 'Content-Type': 'application/json; charset=utf-8', 'cache-control': 'no-cache'})
DEBUG    selenium.webdriver.remote.remote_connection:remote_connection.py:468 Finished Request
DEBUG    selenium.webdriver.remote.remote_connection:remote_connection.py:406 POST http://localhost:58403/session/8dba12f7f2101de3d0887b6e3334e6dd/execute/sync {'script': "/* getAttribute */return ((function () {\n    const PROPERTY_ALIASES = {\n        'readonly': 'readOnl...", 'args': [{'element-6066-11e4-a52e-4f735466cecf': 'f.F8E9B0C5AE51D0C18028CDA2E2AE5AF0.d.592B164357F6C03AEB4033D2A955D8B9.e.97'}, 'type']}
DEBUG    urllib3.connectionpool:connectionpool.py:544 http://localhost:58403 "POST /session/8dba12f7f2101de3d0887b6e3334e6dd/execute/sync HTTP/1.1" 200 0
DEBUG    selenium.webdriver.remote.remote_connection:remote_connection.py:439 Remote response: status=200 | data={"value":"text"} | headers=HTTPHeaderDict({'Content-Length': '16', 'Content-Type': 'application/json; charset=utf-8', 'cache-control': 'no-cache'})
DEBUG    selenium.webdriver.remote.remote_connection:remote_connection.py:468 Finished Request
DEBUG    selenium.webdriver.remote.remote_connection:remote_connection.py:406 POST http://localhost:58403/session/8dba12f7f2101de3d0887b6e3334e6dd/element/f.F8E9B0C5AE51D0C18028CDA2E2AE5AF0.d.592B164357F6C03AEB4033D2A955D8B9.e.97/click {}
DEBUG    urllib3.connectionpool:connectionpool.py:544 http://localhost:58403 "POST /session/8dba12f7f2101de3d0887b6e3334e6dd/element/f.F8E9B0C5AE51D0C18028CDA2E2AE5AF0.d.592B164357F6C03AEB4033D2A955D8B9.e.97/click HTTP/1.1" 200 0
DEBUG    selenium.webdriver.remote.remote_connection:remote_connection.py:439 Remote response: status=200 | data={"value":null} | headers=HTTPHeaderDict({'Content-Length': '14', 'Content-Type': 'application/json; charset=utf-8', 'cache-control': 'no-cache'})
DEBUG    selenium.webdriver.remote.remote_connection:remote_connection.py:468 Finished Request
DEBUG    selenium.webdriver.remote.remote_connection:remote_connection.py:406 POST http://localhost:58403/session/8dba12f7f2101de3d0887b6e3334e6dd/actions {'actions': [{'type': 'pointer', 'parameters': {'pointerType': 'mouse'}, 'id': 'mouse', 'actions': [{'type': 'pause', 'duration': 0}, {'type': 'pause', 'duration': 0}, {'type': 'pause', 'duration': 0}, {'type': 'pause', 'duration': 0}]}, {'type': 'key', 'id': 'key', 'actions': [{'type': 'keyDown', 'value': '\ue03d'}, {'type': 'keyDown', 'value': 'a'}, {'type': 'keyUp', 'value': 'a'}, {'type': 'keyUp', 'value': '\ue03d'}]}]}
DEBUG    urllib3.connectionpool:connectionpool.py:544 http://localhost:58403 "POST /session/8dba12f7f2101de3d0887b6e3334e6dd/actions HTTP/1.1" 200 0
DEBUG    selenium.webdriver.remote.remote_connection:remote_connection.py:439 Remote response: status=200 | data={"value":null} | headers=HTTPHeaderDict({'Content-Length': '14', 'Content-Type': 'application/json; charset=utf-8', 'cache-control': 'no-cache'})
DEBUG    selenium.webdriver.remote.remote_connection:remote_connection.py:468 Finished Request
DEBUG    selenium.webdriver.remote.remote_connection:remote_connection.py:406 POST http://localhost:58403/session/8dba12f7f2101de3d0887b6e3334e6dd/actions {'actions': [{'type': 'pointer', 'parameters': {'pointerType': 'mouse'}, 'id': 'mouse', 'actions': [{'type': 'pause', 'duration': 0}, {'type': 'pause', 'duration': 0}]}, {'type': 'key', 'id': 'key', 'actions': [{'type': 'keyDown', 'value': '\ue003'}, {'type': 'keyUp', 'value': '\ue003'}]}]}
DEBUG    urllib3.connectionpool:connectionpool.py:544 http://localhost:58403 "POST /session/8dba12f7f2101de3d0887b6e3334e6dd/actions HTTP/1.1" 200 0
DEBUG    selenium.webdriver.remote.remote_connection:remote_connection.py:439 Remote response: status=200 | data={"value":null} | headers=HTTPHeaderDict({'Content-Length': '14', 'Content-Type': 'application/json; charset=utf-8', 'cache-control': 'no-cache'})
DEBUG    selenium.webdriver.remote.remote_connection:remote_connection.py:468 Finished Request
DEBUG    selenium.webdriver.remote.remote_connection:remote_connection.py:406 POST http://localhost:58403/session/8dba12f7f2101de3d0887b6e3334e6dd/element/f.F8E9B0C5AE51D0C18028CDA2E2AE5AF0.d.592B164357F6C03AEB4033D2A955D8B9.e.97/value {'text': '14776426718', 'value': ['1', '4', '7', '7', '6', '4', '2', '6', '7', '1', '8']}
DEBUG    urllib3.connectionpool:connectionpool.py:544 http://localhost:58403 "POST /session/8dba12f7f2101de3d0887b6e3334e6dd/element/f.F8E9B0C5AE51D0C18028CDA2E2AE5AF0.d.592B164357F6C03AEB4033D2A955D8B9.e.97/value HTTP/1.1" 200 0
DEBUG    selenium.webdriver.remote.remote_connection:remote_connection.py:439 Remote response: status=200 | data={"value":null} | headers=HTTPHeaderDict({'Content-Length': '14', 'Content-Type': 'application/json; charset=utf-8', 'cache-control': 'no-cache'})
DEBUG    selenium.webdriver.remote.remote_connection:remote_connection.py:468 Finished Request
DEBUG    selenium.webdriver.remote.remote_connection:remote_connection.py:406 POST http://localhost:58403/session/8dba12f7f2101de3d0887b6e3334e6dd/element {'using': 'css selector', 'value': 'button.button.emphasis'}
DEBUG    urllib3.connectionpool:connectionpool.py:544 http://localhost:58403 "POST /session/8dba12f7f2101de3d0887b6e3334e6dd/element HTTP/1.1" 200 0
DEBUG    selenium.webdriver.remote.remote_connection:remote_connection.py:439 Remote response: status=200 | data={"value":{"element-6066-11e4-a52e-4f735466cecf":"f.F8E9B0C5AE51D0C18028CDA2E2AE5AF0.d.592B164357F6C03AEB4033D2A955D8B9.e.122"}} | headers=HTTPHeaderDict({'Content-Length': '127', 'Content-Type': 'application/json; charset=utf-8', 'cache-control': 'no-cache'})
DEBUG    selenium.webdriver.remote.remote_connection:remote_connection.py:468 Finished Request
DEBUG    selenium.webdriver.remote.remote_connection:remote_connection.py:406 POST http://localhost:58403/session/8dba12f7f2101de3d0887b6e3334e6dd/actions {'actions': [{'type': 'pointer', 'parameters': {'pointerType': 'mouse'}, 'id': 'mouse', 'actions': [{'type': 'pointerMove', 'duration': 250, 'x': 0, 'y': 0, 'origin': {'element-6066-11e4-a52e-4f735466cecf': 'f.F8E9B0C5AE51D0C18028CDA2E2AE5AF0.d.592B164357F6C03AEB4033D2A955D8B9.e.122'}}, {'type': 'pointerDown', 'duration': 0, 'button': 0}, {'type': 'pointerUp', 'duration': 0, 'button': 0}]}, {'type': 'key', 'id': 'key', 'actions': [{'type': 'pause', 'duration': 0}, {'type': 'pause', 'duration': 0}, {'type': 'pause', 'duration': 0}]}]}
DEBUG    urllib3.connectionpool:connectionpool.py:544 http://localhost:58403 "POST /session/8dba12f7f2101de3d0887b6e3334e6dd/actions HTTP/1.1" 200 0
DEBUG    selenium.webdriver.remote.remote_connection:remote_connection.py:439 Remote response: status=200 | data={"value":null} | headers=HTTPHeaderDict({'Content-Length': '14', 'Content-Type': 'application/json; charset=utf-8', 'cache-control': 'no-cache'})
DEBUG    selenium.webdriver.remote.remote_connection:remote_connection.py:468 Finished Request
DEBUG    selenium.webdriver.remote.remote_connection:remote_connection.py:406 GET http://localhost:58403/session/8dba12f7f2101de3d0887b6e3334e6dd/source {}
DEBUG    urllib3.connectionpool:connectionpool.py:544 http://localhost:58403 "GET /session/8dba12f7f2101de3d0887b6e3334e6dd/source HTTP/1.1" 200 0
DEBUG    selenium.webdriver.remote.remote_connection:remote_connection.py:439 Remote response: status=200 | data={"value":"\u003Chtml lang=\"\" data-theme=\"light\" style=\"--compoents-checkbox-color: #3491FA; --compoents-radio-color: #3491FA; --compoents-pool-color: #3491FA; --compoents-advance-color: #3491FA; --appStore-text-color: #3491FA; --compoents-button-color: #3491FA; --compoents-tabSlider-color: #3491FA; --compoents-activebg-color: #3491FA; --el-page-color: #3491FA; --common-primary-bgColor: #3491FA; --common-active-bgColor: #2B81E2; --common-tint-bgColor: #E8F3FF; --common-tint-second-bgColor: #D5E9FF; --common-disable-bgColor: #C9CDD4;\">\u003Chead>\u003Cmeta charset=\"utf-8\">\u003Cmeta http-equiv=\"X-UA-Compatible\" content=\"IE=edge\">\u003Cmeta name=\"renderer\" content=\"webkit\">\u003Cmeta name=\"viewport\" content=\"width=device-width,initial-scale=0.4\">\u003Cmeta http-equiv=\"Content-Type\" content=\"text/html; charset=utf-8\">\u003Cmeta http-equiv=\"Pragma\" content=\"no-cache\">\u003Cmeta http-equiv=\"Cache-Control\" content=\"no-cache, must-revalidate\">\u003Cmeta http-equiv=\"Expires\" content=\"0\">\u003Clink rel=\"shortcut icon\" href=\"./tos.ico?v=tos6\" sizes=\"48x48\">\u003Clink rel=\"shortcut icon\" href=\"./tos.ico?v=tos6\" sizes=\"32x32\">\u003Clink rel=\"shortcut icon\" href=\"./tos.svg?v=tos6\">\u003Ctitle>TNAS\u003C/title>\u003Cstyle>.overBody {\n            overflow: hidden;\n        }\u003C/style>\u003Clink href=\"css/chunk-vendors.62c5fb31.css\" rel=\"stylesheet\">\u003Clink href=\"css/app.2a90e497.css\" rel=\"stylesheet\">\u003Cstyle type=\"text/css\">\nmicro-app, micro-app-body { display: block; } \nmicro-app-head { display: none; }\u003C/style>\u003Cscript charset=\"utf-8\" src=\"js/chunk-2d0be333.dd089ebb.js\">\u003C/script>\u003Clink rel=\"stylesheet\" type=\"text/css\" href=\"css/login.457bffb0.css\">\u003Cscript charset=\"utf-8\" src=\"js/login.f4fcf04d.js\">\u003C/script>\u003Clink rel=\"stylesheet\" type=\"text/css\" href=\"css/chunk-ec20d398.89e99e93.css\">\u003Cscript charset=\"utf-8\" src=\"js/chunk-ec20d398.e87325dd.js\">\u003C/script>\u003Clink rel=\"stylesheet\" type=\"text/css\" href=\"css/desktop.97a623f9.css\">\u003Cscript charset=\"utf-8\" src=\"js/desktop.f21fd5e8.js\">\u003C/script>\u003Clink rel=\"stylesheet\" type=\"text/css\" href=\"css/chunk-48ce7c9d.0329c0c8.css\">\u003Cscript charset=\"utf-8\" src=\"js/chunk-48ce7c9d.b1e8981c.js\">\u003C/script>\u003Clink rel=\"stylesheet\" type=\"text/css\" href=\"css/chunk-783d3707.6a1f8ed8.css\">\u003Cscript charset=\"utf-8\" src=\"js/chunk-783d3707.018e34fa.js\">\u003C/script>\u003Clink rel=\"stylesheet\" type=\"text/css\" href=\"css/chunk-47c240c8.20768276.css\">\u003Cscript charset=\"utf-8\" src=\"js/chunk-47c240c8.543cc93d.js\">\u003C/script>\u003Clink rel=\"stylesheet\" type=\"text/css\" href=\"css/global-comp-x-contextmenus-vue.38a3c294.css\">\u003Cscript charset=\"utf-8\" src=\"js/global-comp-x-contextmenus-vue.24a3a269.js\">\u003C/script>\u003Clink rel=\"stylesheet\" type=\"text/css\" href=\"css/chunk-2e5a1ee0.32e1d662.css\">\u003Cscript charset=\"utf-8\" src=\"js/chunk-2e5a1ee0.fe80c796.js\">\u003C/script>\u003Clink rel=\"stylesheet\" type=\"text/css\" href=\"css/chunk-30323ef2.062b5462.css\">\u003Cscript charset=\"utf-8\" src=\"js/chunk-30323ef2.b96b678c.js\">\u003C/script>\u003Cscript charset=\"utf-8\" src=\"js/chunk-0cd8ea92.58295ac8.js\">\u003C/script>\u003Clink rel=\"stylesheet\" type=\"text/css\" href=\"css/chunk-6de1666a.dc471a4a.css\">\u003Cscript charset=\"utf-8\" src=\"js/chunk-6de1666a.bb6f8c48.js\">\u003C/script>\u003Clink rel=\"stylesheet\" type=\"text/css\" href=\"css/chunk-f4268e08.053130e1.css\">\u003Cscript charset=\"utf-8\" src=\"js/chunk-f4268e08.42c59548.js\">\u003C/script>\u003Clink rel=\"stylesheet\" type=\"text/css\" href=\"css/chunk-363946a2.24b944f7.css\">\u003Cscript charset=\"utf-8\" src=\"js/chunk-363946a2.15da972b.js\">\u003C/script>\u003Cstyle type=\"text/css\">.vue-grid-item{-webkit-transition:all .2s ease;transition:all .2s ease;-webkit-transition-property:left,top,right;transition-property:left,top,right}.vue-grid-item.no-touch{-ms-touch-action:none;touch-action:none}.vue-grid-item.cssTransforms{-webkit-transition-property:-webkit-transform;transition-property:-webkit-transform;transition-property:transform;transition-property:transform,-webkit-transform;left:0;right:auto}.vue-grid-item.cssTransforms.render-rtl{left:auto;right:0}.vue-grid-item.resizing{opacity:.6;z-index:3}.vue-grid-item.vue-draggable-dragging{-webkit-transition:none;transition:none;z-index:3}.vue-grid-item.vue-grid-placeholder{background:red;opacity:.2;-webkit-transition-duration:.1s;transition-duration:.1s;z-index:2;-webkit-user-select:none;-moz-user-select:none;-ms-user-select:none;-o-user-select:none;user-select:none}.vue-grid-item>.vue-resizable-handle{position:absolute;width:20px;height:20px;bottom:0;right:0;background:url(\"data:image/svg+xml;base64,PHN2ZyBzdHlsZT0iYmFja2dyb3VuZC1jb2xvcjojZmZmZmZmMDAiIHhtbG5zPSJodHRwOi8vd3d3LnczLm9yZy8yMDAwL3N2ZyIgd2lkdGg9IjYiIGhlaWdodD0iNiI+PHBhdGggZD0iTTYgNkgwVjQuMmg0LjJWMEg2djZ6IiBvcGFjaXR5PSIuMzAyIi8+PC9zdmc+\");background-position:100% 100%;padding:0 3px 3px 0;background-repeat:no-repeat;background-origin:content-box;-webkit-box-sizing:border-box;box-sizing:border-box;cursor:se-resize}.vue-grid-item>.vue-rtl-resizable-handle{bottom:0;left:0;background:url(data:image/svg+xml;base64,PHN2ZyB3aWR0aD0iMTAiIGhlaWdodD0iMTAiIHhtbG5zPSJodHRwOi8vd3d3LnczLm9yZy8yMDAwL3N2ZyI+PHBhdGggZmlsbD0ibm9uZSIgZD0iTS0xLTFoMTJ2MTJILTF6Ii8+PGc+PHBhdGggc3Ryb2tlLWxpbmVjYXA9InVuZGVmaW5lZCIgc3Ryb2tlLWxpbmVqb2luPSJ1bmRlZmluZWQiIHN0cm9rZS13aWR0aD0iMS41IiBzdHJva2U9IiMwMDAiIGZpbGw9Im5vbmUiIGQ9Ik0xNDQuODIxLTM4LjM5M2wtMjAuMzU3LTMxLjc4NSIvPjxwYXRoIHN0cm9rZT0iIzY2NiIgc3Ryb2tlLWxpbmVjYXA9InVuZGVmaW5lZCIgc3Ryb2tlLWxpbmVqb2luPSJ1bmRlZmluZWQiIHN0cm9rZS13aWR0aD0iMiIgZmlsbD0ibm9uZSIgZD0iTS45NDctLjAxOHY5LjEyNU0tLjY1NiA5aDEwLjczIi8+PC9nPjwvc3ZnPg==);background-position:0 100%;padding-left:3px;background-repeat:no-repeat;background-origin:content-box;cursor:sw-resize;right:auto}.vue-grid-item.disable-userselect{-webkit-user-select:none;-moz-user-select:none;-ms-user-select:none;user-select:none}\u003C/style>\u003Cstyle type=\"text/css\">.vue-grid-layout{position:relative;-webkit-transition:height .2s ease;transition:height .2s ease}\u003C/style>\u003Clink rel=\"stylesheet\" type=\"text/css\" href=\"css/chunk-0ae556f8.ee9a29a3.css\">\u003Cscript charset=\"utf-8\" src=\"js/chunk-0ae556f8.0922d40c.js\">\u003C/script>\u003Cstyle id=\"erd_scroll_detection_scrollbar_style\">/* Created by the element-resize-detector library. */\n.erd_scroll_detection_container > div::-webkit-scrollbar { display: none; }\n\n.erd_scroll_detection_container_animation_active { -webkit-animation-duration: 0.1s; animation-duration: 0.1s; -webkit-animation-name: erd_scroll_detection_container_animation; animation-name: erd_scroll_detection_container_animation; }\n@-webkit-keyframes erd_scroll_detection_container_animation { 0% { opacity: 1; } 50% { opacity: 0; } 100% { opacity: 1; } }\n@keyframes erd_scroll_detection_container_animation { 0% { opacity: 1; } 50% { opacity: 0; } 100% { opacity: 1; } }\u003C/style>\u003Clink rel=\"stylesheet\" type=\"text/css\" href=\"css/chunk-fb52fa52.1335c53b.css\">\u003Cscript charset=\"utf-8\" src=\"js/chunk-fb52fa52.c2bad134.js\">\u003C/script>\u003Clink rel=\"stylesheet\" type=\"text/css\" href=\"css/chunk-187ea536.9931a71e.css\">\u003Cscript charset=\"utf-8\" src=\"js/chunk-187ea536.872a2a3f.js\">\u003C/script>\u003Clink rel=\"stylesheet\" type=\"text/css\" href=\"css/global-comp-x-tab-index-vue.08cbf766.css\">\u003Cscript charset=\"utf-8\" src=\"js/global-comp-x-tab-index-vue.7f68811d.js\">\u003C/script>\u003Clink rel=\"stylesheet\" type=\"text/css\" href=\"css/chunk-fb35c328.7f46e022.css\">\u003Cscript charset=\"utf-8\" src=\"js/chunk-fb35c328.a6813529.js\">\u003C/script>\u003Clink rel=\"stylesheet\" type=\"text/css\" href=\"css/chunk-36fbb7b8.25954ced.css\">\u003Cscript charset=\"utf-8\" src=\"js/chunk-36fbb7b8.5b487b09.js\">\u003C/script>\u003C/head>\u003Cbody class=\"overBody\" style=\"position: relative;\">\u003Csvg aria-hidden=\"true\" style=\"position: absolute; width: 0px; height: 0px; overflow: hidden;\">\u003Csymbol id=\"iconsocks\" viewBox=\"0 0 1024 1024\">\u003Cpath d=\"M889.002667 1024H134.997333A135.210667 135.210667 0 0 1 0 889.002667V134.997333A135.210667 135.210667 0 0 1 134.997333 0h754.005334A135.210667 135.210667 0 0 1 1024 134.997333v754.005334A135.210667 135.210667 0 0 1 889.002667 1024zM134.997333 90.026667c-24.789333 0-45.013333 20.181333-45.013333 44.970666v754.005334c0 24.789333 20.224 45.013333 45.013333 45.013333h754.005334c24.789333 0 45.013333-20.224 45.013333-45.013333V134.997333c0-24.789333-20.224-45.013333-45.013333-45.013333H134.997333z\">\u003C/path>\u003Cpath d=\"M45.013333 331.989333h933.973334v90.026667H45.013333V331.946667zM230.997333 210.986667q0 2.474667-0.256 4.906666-0.213333 2.432-0.682666 4.864-0.512 2.389333-1.194667 4.736-0.725333 2.389333-1.706667 4.650667-0.896 2.261333-2.048 4.437333-1.152 2.133333-2.56 4.181334-1.322667 2.048-2.901333 3.968-1.536 1.877333-3.285333 3.626666-1.706667 1.706667-3.626667 3.285334-1.92 1.578667-3.968 2.944-2.048 1.365333-4.181333 2.517333-2.176 1.152-4.437334 2.090667-2.304 0.938667-4.650666 1.664-2.346667 0.682667-4.736 1.194666-2.432 0.426667-4.864 0.725334-2.432 0.213333-4.906667 0.213333-2.432 0-4.906667-0.213333-2.432-0.256-4.821333-0.725334-2.432-0.512-4.778667-1.194666-2.346667-0.725333-4.608-1.664t-4.437333-2.133334q-2.176-1.109333-4.224-2.474666-2.048-1.365333-3.925333-2.944-1.92-1.536-3.626667-3.285334-1.749333-1.706667-3.328-3.626666-1.536-1.92-2.901333-3.968-1.365333-2.005333-2.56-4.181334-1.109333-2.176-2.048-4.437333-0.981333-2.261333-1.706667-4.650667-0.682667-2.346667-1.152-4.736-0.469333-2.432-0.725333-4.864-0.256-2.432-0.256-4.906666 0-2.432 0.256-4.906667 0.256-2.432 0.725333-4.821333 0.469333-2.432 1.194667-4.778667 0.682667-2.346667 1.664-4.608 0.938667-2.261333 2.090666-4.437333 1.152-2.133333 2.517334-4.224 1.365333-2.048 2.901333-3.925334 1.578667-1.92 3.328-3.626666 1.706667-1.749333 3.626667-3.328 1.877333-1.536 3.925333-2.901334 2.048-1.365333 4.224-2.56 2.133333-1.109333 4.437333-2.048 2.261333-0.938667 4.608-1.706666 2.346667-0.682667 4.778667-1.152 2.389333-0.469333 4.821333-0.725334 2.474667-0.256 4.906667-0.256 2.474667 0 4.906667 0.256t4.864 0.725334q2.389333 0.469333 4.736 1.194666t4.650666 1.664q2.261333 0.938667 4.437334 2.090667 2.133333 1.152 4.181333 2.517333t3.968 2.901334q1.877333 1.578667 3.626667 3.328 1.706667 1.706667 3.285333 3.626666 1.578667 1.877333 2.944 3.925334 1.365333 2.048 2.517333 4.224 1.152 2.133333 2.090667 4.437333 0.938667 2.261333 1.664 4.608 0.682667 2.346667 1.194667 4.778667 0.426667 2.389333 0.682666 4.821333 0.256 2.474667 0.256 4.906667zM371.029333 210.986667q0 2.474667-0.256 4.906666-0.256 2.474667-0.725333 4.864-0.469333 2.432-1.194667 4.778667-0.682667 2.346667-1.621333 4.608-0.981333 2.261333-2.133333 4.437333-1.152 2.133333-2.517334 4.224-1.365333 2.048-2.901333 3.925334-1.578667 1.92-3.328 3.669333-1.706667 1.706667-3.626667 3.285333-1.877333 1.536-3.925333 2.901334-2.048 1.365333-4.224 2.56-2.133333 1.152-4.437333 2.090666-2.261333 0.938667-4.608 1.664-2.346667 0.682667-4.778667 1.152-2.389333 0.512-4.864 0.725334-2.432 0.256-4.906667 0.256-2.432 0-4.864-0.256-2.474667-0.213333-4.864-0.725334-2.432-0.426667-4.778666-1.152t-4.608-1.706666q-2.261333-0.896-4.437334-2.048-2.176-1.194667-4.224-2.56-2.048-1.365333-3.925333-2.901334-1.92-1.578667-3.669333-3.285333-1.706667-1.749333-3.285334-3.669333-1.536-1.877333-2.901333-3.925334-1.365333-2.048-2.56-4.224-1.152-2.133333-2.090667-4.437333-0.938667-2.261333-1.621333-4.608-0.725333-2.346667-1.194667-4.778667-0.512-2.389333-0.725333-4.864-0.256-2.432-0.256-4.906666 0-2.432 0.256-4.906667 0.213333-2.432 0.725333-4.821333 0.426667-2.432 1.194667-4.778667 0.682667-2.346667 1.621333-4.608 0.938667-2.304 2.133334-4.437333 1.152-2.176 2.517333-4.266667 1.365333-2.005333 2.901333-3.925333 1.578667-1.877333 3.285334-3.626667 1.749333-1.706667 3.669333-3.285333 1.877333-1.578667 3.925333-2.944 2.048-1.365333 4.224-2.517334 2.133333-1.152 4.437334-2.133333 2.261333-0.896 4.608-1.621333 2.346667-0.725333 4.778666-1.194667 2.389333-0.469333 4.864-0.725333 2.432-0.213333 4.864-0.213334 2.474667 0 4.906667 0.213334 2.474667 0.256 4.864 0.725333 2.432 0.469333 4.778667 1.194667t4.608 1.664q2.261333 0.938667 4.437333 2.133333 2.133333 1.109333 4.224 2.474667 2.048 1.365333 3.925333 2.944 1.92 1.536 3.626667 3.285333 1.749333 1.706667 3.328 3.626667 1.536 1.92 2.901333 3.968 1.365333 2.048 2.56 4.224 1.109333 2.133333 2.090667 4.437333 0.938667 2.261333 1.621333 4.608 0.725333 2.346667 1.194667 4.778667 0.469333 2.389333 0.725333 4.821333 0.256 2.474667 0.256 4.906667zM411.008 210.986667a50.005333 50.005333 0 1 0 100.010667 0.128 50.005333 50.005333 0 0 0-100.010667-0.128z\">\u003C/path>\u003Cpath d=\"M121.386667 613.973333q0-14.933333 7.381333-26.538666 7.338667-11.648 21.205333-18.133334 13.866667-6.528 32.64-6.528 23.893333 0 39.253334 9.514667 15.36 9.472 21.12 27.605333l-26.666667 12.373334q-4.053333-10.453333-11.818667-15.786667-7.808-5.333333-21.034666-5.333333-14.293333 0-21.418667 5.461333-7.168 5.418667-7.168 15.872 0 10.026667 7.466667 15.36t26.24 8.746667q30.08 5.333333 43.733333 18.56 13.653333 13.226667 13.653333 36.693333 0 15.36-8.234666 27.648-8.192 12.245333-23.04 19.072-14.805333 6.826667-33.578667 6.826667-26.026667 0-43.306667-10.666667-17.28-10.666667-23.04-30.293333l26.88-12.586667q3.84 12.373333 13.866667 18.773333 10.026667 6.4 25.386667 6.4t23.338666-6.272q8.021333-6.314667 8.021334-18.048 0-11.093333-8.448-17.493333-8.405333-6.4-29.098667-10.24-27.306667-4.906667-40.32-17.493333-13.013333-12.586667-13.013333-33.493334zM345.6 745.386667q-23.68 0-42.026667-11.52-18.346667-11.52-28.586666-32.213334-10.24-20.693333-10.24-47.573333t10.24-47.573333q10.24-20.693333 28.586666-32.213334 18.346667-11.52 42.026667-11.52 23.68 0 42.112 11.52 18.474667 11.52 28.586667 32.213334 10.154667 20.693333 10.154666 47.573333t-10.154666 47.573333q-10.112 20.693333-28.586667 32.213334-18.432 11.52-42.112 11.52z m0-27.306667q13.866667 0 24.746667-7.978667 10.88-8.021333 16.853333-22.613333 5.973333-14.634667 5.973333-33.408 0-18.986667-5.973333-33.493333t-16.853333-22.485334q-10.88-8.021333-24.746667-8.021333-13.866667 0-24.618667 8.021333-10.794667 7.978667-16.768 22.485334t-5.973333 33.493333q0 18.773333 5.973333 33.408 5.973333 14.592 16.768 22.613333 10.752 7.978667 24.618667 7.978667z m183.253333 0q29.013333 0 37.546667-27.946667l27.52 12.8q-5.76 19.84-22.613333 31.146667-16.853333 11.306667-41.813334 11.306667-23.893333 0-42.453333-11.392-18.56-11.434667-28.8-32.128-10.24-20.693333-10.24-47.786667 0-26.88 10.24-47.573333t28.8-32.213334q18.56-11.52 42.453333-11.52 24.96 0 41.813334 11.221334 16.853333 11.178667 22.613333 31.018666l-27.52 13.013334q-8.533333-27.946667-37.546667-27.946667-13.866667 0-24.661333 8.021333-10.752 7.978667-16.725333 22.485334t-5.973334 33.493333q0 18.986667 5.973334 33.493333t16.725333 22.528q10.794667 7.978667 24.661333 7.978667z m189.013334 24.32l-67.626667-88.32v88.32h-33.493333v-176.853333h33.493333v79.36l61.44-79.36h40.106667l-68.053334 83.2 75.52 93.653333h-41.386666z m55.466666-128.426667q0-14.933333 7.381334-26.538666 7.338667-11.648 21.205333-18.133334 13.866667-6.528 32.64-6.528 23.893333 0 39.253333 9.514667 15.36 9.472 21.12 27.605333l-26.666666 12.373334q-4.053333-10.453333-11.818667-15.786667-7.808-5.333333-21.034667-5.333333-14.293333 0-21.461333 5.461333-7.125333 5.418667-7.125333 15.872 0 10.026667 7.466666 15.36t26.24 8.746667q30.08 5.333333 43.733334 18.56 13.653333 13.226667 13.653333 36.693333 0 15.36-8.234667 27.648-8.192 12.245333-23.04 19.072-14.805333 6.826667-33.578666 6.826667-26.026667 0-43.306667-10.666667-17.28-10.666667-23.04-30.293333l26.88-12.586667q3.84 12.373333 13.866667 18.773333 10.026667 6.4 25.386666 6.4t23.338667-6.272q8.021333-6.314667 8.021333-18.048 0-11.093333-8.448-17.493333-8.405333-6.4-29.098666-10.24-27.306667-4.906667-40.32-17.493333-13.013333-12.586667-13.013334-33.493334z\">\u003C/path>\u003C/symbol>\u003Csymbol id=\"iconhttp\" viewBox=\"0 0 1024 1024\">\u003Cpath d=\"M889.002667 1024H134.997333A135.210667 135.210667 0 0 1 0 889.002667V134.997333A135.210667 135.210667 0 0 1 134.997333 0h754.005334A135.210667 135.210667 0 0 1 1024 134.997333v754.005334A135.210667 135.210667 0 0 1 889.002667 1024zM134.997333 90.026667c-24.789333 0-45.013333 20.181333-45.013333 44.970666v754.005334c0 24.789333 20.224 45.013333 45.013333 45.013333h754.005334c24.789333 0 45.013333-20.224 45.013333-45.013333V134.997333c0-24.789333-20.224-45.013333-45.013333-45.013333H134.997333z\">\u003C/path>\u003Cpath d=\"M45.013333 331.989333h933.973334v90.026667H45.013333V331.946667zM230.997333 210.986667q0 2.474667-0.256 4.906666-0.213333 2.432-0.682666 4.864-0.512 2.389333-1.194667 4.736-0.725333 2.389333-1.706667 4.650667-0.896 2.261333-2.048 4.437333-1.152 2.133333-2.56 4.181334-1.322667 2.048-2.901333 3.968-1.536 1.877333-3.285333 3.626666-1.706667 1.706667-3.626667 3.285334-1.92 1.578667-3.968 2.944-2.048 1.365333-4.181333 2.517333-2.176 1.152-4.437334 2.090667-2.304 0.938667-4.650666 1.664-2.346667 0.682667-4.736 1.194666-2.432 0.426667-4.864 0.725334-2.432 0.213333-4.906667 0.213333-2.432 0-4.906667-0.213333-2.432-0.256-4.821333-0.725334-2.432-0.512-4.778667-1.194666-2.346667-0.725333-4.608-1.664t-4.437333-2.133334q-2.176-1.109333-4.224-2.474666-2.048-1.365333-3.925333-2.944-1.92-1.536-3.626667-3.285334-1.749333-1.706667-3.328-3.626666-1.536-1.92-2.901333-3.968-1.365333-2.005333-2.56-4.181334-1.109333-2.176-2.048-4.437333-0.981333-2.261333-1.706667-4.650667-0.682667-2.346667-1.152-4.736-0.469333-2.432-0.725333-4.864-0.256-2.432-0.256-4.906666 0-2.432 0.256-4.906667 0.256-2.432 0.725333-4.821333 0.469333-2.432 1.194667-4.778667 0.682667-2.346667 1.664-4.608 0.938667-2.261333 2.090666-4.437333 1.152-2.133333 2.517334-4.224 1.365333-2.048 2.901333-3.925334 1.578667-1.92 3.328-3.626666 1.706667-1.749333 3.626667-3.328 1.877333-1.536 3.925333-2.901334 2.048-1.365333 4.224-2.56 2.133333-1.109333 4.437333-2.048 2.261333-0.938667 4.608-1.706666 2.346667-0.682667 4.778667-1.152 2.389333-0.469333 4.821333-0.725334 2.474667-0.256 4.906667-0.256 2.474667 0 4.906667 0.256t4.864 0.725334q2.389333 0.469333 4.736 1.194666t4.650666 1.664q2.261333 0.938667 4.437334 2.090667 2.133333 1.152 4.181333 2.517333t3.968 2.901334q1.877333 1.578667 3.626667 3.328 1.706667 1.706667 3.285333 3.626666 1.578667 1.877333 2.944 3.925334 1.365333 2.048 2.517333 4.224 1.152 2.133333 2.090667 4.437333 0.938667 2.261333 1.664 4.608 0.682667 2.346667 1.194667 4.778667 0.426667 2.389333 0.682666 4.821333 0.256 2.474667 0.256 4.906667zM371.029333 210.986667q0 2.474667-0.256 4.906666-0.256 2.474667-0.725333 4.864-0.469333 2.432-1.194667 4.778667-0.682667 2.346667-1.621333 4.608-0.981333 2.261333-2.133333 4.437333-1.152 2.133333-2.517334 4.224-1.365333 2.048-2.901333 3.925334-1.578667 1.92-3.328 3.669333-1.706667 1.706667-3.626667 3.285333-1.877333 1.536-3.925333 2.901334-2.048 1.365333-4.224 2.56-2.133333 1.152-4.437333 2.090666-2.261333 0.938667-4.608 1.664-2.346667 0.682667-4.778667 1.152-2.389333 0.512-4.864 0.725334-2.432 0.256-4.906667 0.256-2.432 0-4.864-0.256-2.474667-0.213333-4.864-0.725334-2.432-0.426667-4.778666-1.152t-4.608-1.706666q-2.261333-0.896-4.437334-2.048-2.176-1.194667-4.224-2.56-2.048-1.365333-3.925333-2.901334-1.92-1.578667-3.669333-3.285333-1.706667-1.749333-3.285334-3.669333-1.536-1.877333-2.901333-3.925334-1.365333-2.048-2.56-4.224-1.152-2.133333-2.090667-4.437333-0.938667-2.261333-1.621333-4.608-0.725333-2.346667-1.194667-4.778667-0.512-2.389333-0.725333-4.864-0.256-2.432-0.256-4.906666 0-2.432 0.256-4.906667 0.213333-2.432 0.725333-4.821333 0.426667-2.432 1.194667-4.778667 0.682667-2.346667 1.621333-4.608 0.938667-2.304 2.133334-4.437333 1.152-2.176 2.517333-4.266667 1.365333-2.005333 2.901333-3.925333 1.578667-1.877333 3.285334-3.626667 1.749333-1.706667 3.669333-3.285333 1.877333-1.578667 3.925333-2.944 2.048-1.365333 4.224-2.517334 2.133333-1.152 4.437334-2.133333 2.261333-0.896 4.608-1.621333 2.346667-0.725333 4.778666-1.194667 2.389333-0.469333 4.864-0.725333 2.432-0.213333 4.864-0.213334 2.474667 0 4.906667 0.213334 2.474667 0.256 4.864 0.725333 2.432 0.469333 4.778667 1.194667t4.608 1.664q2.261333 0.938667 4.437333 2.133333 2.133333 1.109333 4.224 2.474667 2.048 1.365333 3.925333 2.944 1.92 1.536 3.626667 3.285333 1.749333 1.706667 3.328 3.626667 1.536 1.92 2.901333 3.968 1.365333 2.048 2.56 4.224 1.109333 2.133333 2.090667 4.437333 0.938667 2.261333 1.621333 4.608 0.725333 2.346667 1.194667 4.778667 0.469333 2.389333 0.725333 4.821333 0.256 2.474667 0.256 4.906667zM411.008 210.986667a50.005333 50.005333 0 1 0 100.010667 0.128 50.005333 50.005333 0 0 0-100.010667-0.128z\">\u003C/path>\u003Cpath d=\"M331.52 565.546667V742.4h-33.493333v-78.72H220.586667V742.4h-33.493334v-176.853333h33.493334V635.733333h77.44v-70.186666h33.493333z m173.013333 28.16h-46.506666V742.4H424.533333v-148.693333H377.813333v-28.16h126.72v28.16z m165.546667 0h-46.506667V742.4h-33.493333v-148.693333h-46.72v-28.16h126.72v28.16z m169.386667 29.44q0 17.066667-7.253334 30.08-7.253333 13.013333-20.352 20.266666-13.141333 7.253333-30.421333 7.253334h-31.36V742.4h-33.493333v-176.853333h64.853333q17.28 0 30.421333 7.253333 13.098667 7.253333 20.352 20.266667 7.253333 13.013333 7.253334 30.08z m-33.493334 0q0-15.146667-8.32-23.253334-8.32-8.106667-23.68-8.106666h-23.893333v62.72h23.893333q15.36 0 23.68-8.106667 8.32-8.106667 8.32-23.253333z\">\u003C/path>\u003C/symbol>\u003Csymbol id=\"iconhttps\" viewBox=\"0 0 1024 1024\">\u003Cpath d=\"M889.002667 1024H134.997333A135.210667 135.210667 0 0 1 0 889.002667V134.997333A135.210667 135.210667 0 0 1 134.997333 0h754.005334A135.210667 135.210667 0 0 1 1024 134.997333v754.005334A135.210667 135.210667 0 0 1 889.002667 1024zM134.997333 90.026667c-24.789333 0-45.013333 20.181333-45.013333 44.970666v754.005334c0 24.789333 20.224 45.013333 45.013333 45.013333h754.005334c24.789333 0 45.013333-20.224 45.013333-45.013333V134.997333c0-24.789333-20.224-45.013333-45.013333-45.013333H134.997333z\">\u003C/path>\u003Cpath d=\"M45.013333 331.989333h933.973334v90.026667H45.013333V331.946667zM230.997333 210.986667q0 2.474667-0.256 4.906666-0.213333 2.432-0.682666 4.864-0.512 2.389333-1.194667 4.736-0.725333 2.389333-1.706667 4.650667-0.896 2.261333-2.048 4.437333-1.152 2.133333-2.56 4.181334-1.322667 2.048-2.901333 3.968-1.536 1.877333-3.285333 3.626666-1.706667 1.706667-3.626667 3.285334-1.92 1.578667-3.968 2.944-2.048 1.365333-4.181333 2.517333-2.176 1.152-4.437334 2.090667-2.304 0.938667-4.650666 1.664-2.346667 0.682667-4.736 1.194666-2.432 0.426667-4.864 0.725334-2.432 0.213333-4.906667 0.213333-2.432 0-4.906667-0.213333-2.432-0.256-4.821333-0.725334-2.432-0.512-4.778667-1.194666-2.346667-0.725333-4.608-1.664t-4.437333-2.133334q-2.176-1.109333-4.224-2.474666-2.048-1.365333-3.925333-2.944-1.92-1.536-3.626667-3.285334-1.749333-1.706667-3.328-3.626666-1.536-1.92-2.901333-3.968-1.365333-2.005333-2.56-4.181334-1.109333-2.176-2.048-4.437333-0.981333-2.261333-1.706667-4.650667-0.682667-2.346667-1.152-4.736-0.469333-2.432-0.725333-4.864-0.256-2.432-0.256-4.906666 0-2.432 0.256-4.906667 0.256-2.432 0.725333-4.821333 0.469333-2.432 1.194667-4.778667 0.682667-2.346667 1.664-4.608 0.938667-2.261333 2.090666-4.437333 1.152-2.133333 2.517334-4.224 1.365333-2.048 2.901333-3.925334 1.578667-1.92 3.328-3.626666 1.706667-1.749333 3.626667-3.328 1.877333-1.536 3.925333-2.901334 2.048-1.365333 4.224-2.56 2.133333-1.109333 4.437333-2.048 2.261333-0.938667 4.608-1.706666 2.346667-0.682667 4.778667-1.152 2.389333-0.469333 4.821333-0.725334 2.474667-0.256 4.906667-0.256 2.474667 0 4.906667 0.256t4.864 0.725334q2.389333 0.469333 4.736 1.194666t4.650666 1.664q2.261333 0.938667 4.437334 2.090667 2.133333 1.152 4.181333 2.517333t3.968 2.901334q1.877333 1.578667 3.626667 3.328 1.706667 1.706667 3.285333 3.626666 1.578667 1.877333 2.944 3.925334 1.365333 2.048 2.517333 4.224 1.152 2.133333 2.090667 4.437333 0.938667 2.261333 1.664 4.608 0.682667 2.346667 1.194667 4.778667 0.426667 2.389333 0.682666 4.821333 0.256 2.474667 0.256 4.906667zM371.029333 210.986667q0 2.474667-0.256 4.906666-0.256 2.474667-0.725333 4.864-0.469333 2.432-1.194667 4.778667-0.682667 2.346667-1.621333 4.608-0.981333 2.261333-2.133333 4.437333-1.152 2.133333-2.517334 4.224-1.365333 2.048-2.901333 3.925334-1.578667 1.92-3.328 3.669333-1.706667 1.706667-3.626667 3.285333-1.877333 1.536-3.925333 2.901334-2.048 1.365333-4.224 2.56-2.133333 1.152-4.437333 2.090666-2.261333 0.938667-4.608 1.664-2.346667 0.682667-4.778667 1.152-2.389333 0.512-4.864 0.725334-2.432 0.256-4.906667 0.256-2.432 0-4.864-0.256-2.474667-0.213333-4.864-0.725334-2.432-0.426667-4.778666-1.152t-4.608-1.706666q-2.261333-0.896-4.437334-2.048-2.176-1.194667-4.224-2.56-2.048-1.365333-3.925333-2.901334-1.92-1.578667-3.669333-3.285333-1.706667-1.749333-3.285334-3.669333-1.536-1.877333-2.901333-3.925334-1.365333-2.048-2.56-4.224-1.152-2.133333-2.090667-4.437333-0.938667-2.261333-1.621333-4.608-0.725333-2.346667-1.194667-4.778667-0.512-2.389333-0.725333-4.864-0.256-2.432-0.256-4.906666 0-2.432 0.256-4.906667 0.213333-2.432 0.725333-4.821333 0.426667-2.432 1.194667-4.778667 0.682667-2.346667 1.621333-4.608 0.938667-2.304 2.133334-4.437333 1.152-2.176 2.517333-4.266667 1.365333-2.005333 2.901333-3.925333 1.578667-1.877333 3.285334-3.626667 1.749333-1.706667 3.669333-3.285333 1.877333-1.578667 3.925333-2.944 2.048-1.365333 4.224-2.517334 2.133333-1.152 4.437334-2.133333 2.261333-0.896 4.608-1.621333 2.346667-0.725333 4.778666-1.194667 2.389333-0.469333 4.864-0.725333 2.432-0.213333 4.864-0.213334 2.474667 0 4.906667 0.213334 2.474667 0.256 4.864 0.725333 2.432 0.469333 4.778667 1.194667t4.608 1.664q2.261333 0.938667 4.437333 2.133333 2.133333 1.109333 4.224 2.474667 2.048 1.365333 3.925333 2.944 1.92 1.536 3.626667 3.285333 1.749333 1.706667 3.328 3.626667 1.536 1.92 2.901333 3.968 1.365333 2.048 2.56 4.224 1.109333 2.133333 2.090667 4.437333 0.938667 2.261333 1.621333 4.608 0.725333 2.346667 1.194667 4.778667 0.469333 2.389333 0.725333 4.821333 0.256 2.474667 0.256 4.906667zM411.008 210.986667a50.005333 50.005333 0 1 0 100.010667 0.128 50.005333 50.005333 0 0 0-100.010667-0.128z\">\u003C/path>\u003Cpath d=\"M288.853333 565.546667V742.4h-33.493333v-78.72H177.92V742.4h-33.493333v-176.853333h33.493333V635.733333h77.44v-70.186666h33.493333z m150.613334 28.16H392.96V742.4h-33.493333v-148.693333H312.746667v-28.16h126.72v28.16z m143.146666 0h-46.506666V742.4h-33.493334v-148.693333h-46.72v-28.16h126.72v28.16z m146.986667 29.44q0 17.066667-7.253333 30.08-7.253333 13.013333-20.394667 20.266666-13.098667 7.253333-30.378667 7.253334h-31.36V742.4h-33.493333v-176.853333h64.853333q17.28 0 30.378667 7.253333 13.141333 7.253333 20.394667 20.266667 7.253333 13.013333 7.253333 30.08z m-33.493333 0q0-15.146667-8.32-23.253334-8.32-8.106667-23.68-8.106666h-23.893334v62.72h23.893334q15.36 0 23.68-8.106667 8.32-8.106667 8.32-23.253333z m56.106666-9.173334q0-14.933333 7.338667-26.538666 7.381333-11.648 21.248-18.133334 13.866667-6.528 32.64-6.528 23.893333 0 39.253333 9.514667 15.36 9.472 21.12 27.605333l-26.666666 12.373334q-4.053333-10.453333-11.861334-15.786667-7.765333-5.333333-20.992-5.333333-14.293333 0-21.461333 5.461333-7.125333 5.418667-7.125333 15.872 0 10.026667 7.466666 15.36t26.24 8.746667q30.08 5.333333 43.733334 18.56 13.653333 13.226667 13.653333 36.693333 0 15.36-8.234667 27.648-8.192 12.245333-23.04 19.072-14.805333 6.826667-33.578666 6.826667-26.026667 0-43.306667-10.666667-17.28-10.666667-23.04-30.293333l26.88-12.586667q3.84 12.373333 13.866667 18.773333 10.026667 6.4 25.386666 6.4t23.338667-6.272q8.021333-6.314667 8.021333-18.048 0-11.093333-8.448-17.493333-8.405333-6.4-29.098666-10.24-27.306667-4.906667-40.32-17.493333-13.013333-12.586667-13.013334-33.493334z\">\u003C/path>\u003C/symbol>\u003Csymbol id=\"iconrongqi5\" viewBox=\"0 0 1024 1024\">\u003Cpath d=\"M847.6672 85.3504c11.2128 0 20.2752 9.0624 20.2752 20.2752v410.1632a208.2816 208.2816 0 0 0-81.2544-23.4496V166.5536H217.856v690.7904h209.408c8.704 31.4368 26.2656 59.648 50.688 81.3056H156.7744a20.3264 20.3264 0 0 1-20.2752-20.3264V105.6256c0-11.2128 9.0624-20.2752 20.2752-20.2752h690.7904zM481.8944 451.0208c10.3424 0 18.9952 7.68 20.224 17.92l0.1024 2.4064V512l-0.1024 2.4064a20.3264 20.3264 0 0 1-17.8176 17.7664l-2.4064 0.1536h-121.856l-2.4064-0.1536a20.3264 20.3264 0 0 1-17.8176-17.8176L339.712 512v-40.6528l0.1024-2.3552a20.3264 20.3264 0 0 1 17.8176-17.8176l2.4064-0.1536h121.856z m162.56-162.56c10.3424 0 18.9952 7.68 20.224 17.9712l0.1024 2.4064v40.6016l-0.1024 2.4064a20.3264 20.3264 0 0 1-17.8688 17.7664l-2.3552 0.1536H360.0384l-2.4064-0.1536a20.3264 20.3264 0 0 1-17.8176-17.7664l-0.1024-2.4064v-40.6016l0.1024-2.4064a20.3264 20.3264 0 0 1 17.8176-17.8176l2.4064-0.1024h284.416z\">\u003C/path>\u003Cpath d=\"M527.104 614.144Q463.36 677.888 463.36 768q0 90.112 63.744 153.856Q590.848 985.6 680.96 985.6q90.112 0 153.856-63.744Q898.56 858.112 898.56 768q0-90.112-63.744-153.856Q771.072 550.4 680.96 550.4q-90.112 0-153.856 63.744z m263.2704 44.4416q45.3632 45.312 45.3632 109.4144t-45.3632 109.4144q-45.312 45.3632-109.4144 45.3632t-109.4144-45.3632q-45.3632-45.312-45.3632-109.4144t45.3632-109.4144q45.312-45.3632 109.4144-45.3632t109.4144 45.3632z m-77.9776 29.184v-3.5328l-0.4608-5.7344q-2.6624-16.384-21.6576-16.384H665.6q-16.0256 6.144-16.0768 22.1184v93.0816q0 22.016 22.1184 22.1184h93.1328q22.016-0.0512 22.0672-22.1184v-18.6368q0-22.016-22.1184-22.1184h-52.3264v-48.8448z\">\u003C/path>\u003C/symbol>\u003Csymbol id=\"iconfenpeiwangluo\" viewBox=\"0 0 1100 1024\">\u003Cpath d=\"M201.144558 333.395349v-119.069768q0-3.524465 0.666791-6.953674 0.714419-3.476837 2.048-6.715535 1.333581-3.238698 3.333953-6.191628 1.905116-2.905302 4.381768-5.381953 2.524279-2.524279 5.429581-4.477024 2.905302-1.905116 6.191628-3.286325 3.238698-1.333581 6.667907-2.048Q233.341023 178.604651 236.865488 178.604651h555.627163q3.524465 0 7.001302 0.666791 3.429209 0.714419 6.667907 2.048 3.286326 1.333581 6.191628 3.333953 2.95293 1.905116 5.429582 4.429396 2.476651 2.476651 4.429395 5.381953 1.952744 2.95293 3.333954 6.191628 1.333581 3.238698 2.000372 6.667907 0.666791 3.476837 0.66679 7.001302v119.069768q0 3.524465-0.66679 6.953674-0.666791 3.476837-2.048 6.715535-1.333581 3.238698-3.286326 6.191628-1.952744 2.905302-4.429395 5.381954-2.476651 2.524279-5.429582 4.477023-2.905302 1.905116-6.191628 3.286325-3.238698 1.333581-6.667907 2.048-3.476837 0.666791-7.001302 0.666791H550.4v127.023628h162.220651a35.72093 35.72093 0 0 1 27.052651 12.383256l119.593675 138.930604c1.952744 2.28614 3.619721 4.762791 4.905674 7.429954h47.389768q3.524465 0 7.001302 0.666791 3.429209 0.714419 6.667907 2.048 3.286326 1.333581 6.191628 3.333953 2.905302 1.905116 5.429581 4.429395 2.476651 2.476651 4.429396 5.381954 1.952744 2.95293 3.333953 6.191628 1.333581 3.238698 2.000372 6.667907 0.666791 3.476837 0.666791 7.001302v158.743814q0 3.524465-0.666791 7.001302-0.666791 3.429209-2.048 6.667907-1.333581 3.286326-3.333953 6.191628-1.905116 2.905302-4.381768 5.429582-2.524279 2.476651-5.429581 4.429395-2.905302 1.952744-6.191628 3.333954-3.238698 1.333581-6.667907 2.000372-3.476837 0.666791-7.001302 0.66679H752.818605q-3.524465 0-6.953675-0.66679-3.476837-0.666791-6.715535-2.048-3.238698-1.333581-6.191628-3.333954-2.905302-1.905116-5.381953-4.381767-2.524279-2.524279-4.477023-5.429582-1.905116-2.905302-3.286326-6.191628-1.333581-3.238698-2.048-6.667907-0.666791-3.476837-0.666791-7.001302V690.604651q0-3.524465 0.666791-6.953674 0.714419-3.476837 2.048-6.715535 1.333581-3.238698 3.333954-6.191628 1.905116-2.905302 4.429395-5.381954 2.476651-2.524279 5.381953-4.477023 2.95293-1.905116 6.191628-3.286325 3.238698-1.333581 6.667907-2.048Q749.341767 654.883721 752.818605 654.883721h18.574883l-75.156837-87.301954H550.4V654.883721h43.674791q3.476837 0 6.953674 0.666791 3.429209 0.714419 6.667907 2.048 3.286326 1.333581 6.191628 3.333953 2.95293 1.905116 5.429581 4.429395 2.476651 2.476651 4.429396 5.381954 1.952744 2.95293 3.333953 6.191628 1.333581 3.238698 2.000372 6.667907 0.714419 3.476837 0.714419 7.001302v158.743814q0 3.524465-0.714419 7.001302-0.666791 3.429209-2.048 6.667907-1.333581 3.286326-3.286325 6.191628-1.905116 2.905302-4.429396 5.429582-2.476651 2.476651-5.429581 4.429395-2.905302 1.952744-6.191628 3.333954-3.238698 1.333581-6.667907 2.000372-3.476837 0.666791-6.953674 0.66679H435.283349q-3.524465 0-6.953675-0.66679-3.476837-0.666791-6.667907-2.048-3.286326-1.333581-6.191627-3.333954-2.95293-1.905116-5.429582-4.381767-2.476651-2.524279-4.429395-5.429582-1.952744-2.905302-3.333954-6.191628-1.333581-3.238698-2.000372-6.667907-0.714419-3.476837-0.714418-7.001302V690.604651q0-3.524465 0.714418-6.953674 0.666791-3.476837 2.000372-6.715535 1.381209-3.238698 3.333954-6.191628 1.905116-2.905302 4.429395-5.381954 2.476651-2.524279 5.429582-4.477023 2.905302-1.905116 6.191627-3.286325 3.19107-1.333581 6.667907-2.048 3.429209-0.666791 6.953675-0.666791h43.674791v-87.301954H332.645209L257.821767 654.883721H276.539535q3.524465 0 6.953674 0.666791 3.476837 0.714419 6.715535 2.048 3.238698 1.333581 6.191628 3.333953 2.905302 1.905116 5.381954 4.429395 2.524279 2.476651 4.477023 5.381954 1.905116 2.95293 3.286325 6.191628 1.333581 3.238698 2.048 6.667907 0.666791 3.476837 0.666791 7.001302v158.743814q0 3.524465-0.666791 7.001302-0.714419 3.429209-2.048 6.667907-1.333581 3.286326-3.333953 6.191628-1.905116 2.905302-4.429395 5.429582-2.476651 2.476651-5.381954 4.429395-2.95293 1.952744-6.191628 3.333954-3.238698 1.333581-6.667907 2.000372-3.476837 0.666791-7.001302 0.66679H117.795721q-3.524465 0-7.001302-0.66679-3.429209-0.666791-6.667907-2.048-3.286326-1.333581-6.191628-3.333954-2.905302-1.905116-5.429582-4.381767-2.476651-2.524279-4.429395-5.429582-1.905116-2.905302-3.333954-6.191628-1.285953-3.238698-2.000372-6.667907-0.666791-3.476837-0.66679-7.001302V690.604651q0-3.524465 0.66679-6.953674 0.714419-3.476837 2.048-6.715535 1.333581-3.238698 3.333954-6.191628 1.905116-2.905302 4.381767-5.381954 2.524279-2.524279 5.429582-4.477023 2.905302-1.905116 6.191628-3.286325 3.238698-1.333581 6.667907-2.048 3.476837-0.666791 7.001302-0.666791h47.389767a35.72093 35.72093 0 0 1 4.858047-7.382326l119.069767-138.882976a35.72093 35.72093 0 0 1 27.147907-12.478512H478.95814V369.116279H236.865488q-3.524465 0-7.001302-0.666791-3.429209-0.714419-6.667907-2.048-3.286326-1.333581-6.191628-3.333953-2.905302-1.905116-5.429581-4.429395-2.476651-2.476651-4.429396-5.381954-1.905116-2.95293-3.333953-6.191628-1.285953-3.238698-2.000372-6.667907-0.666791-3.476837-0.666791-7.001302z m71.441861-83.348837v47.627907h484.185302v-47.627907H272.586419z m-119.069768 476.279069v87.301954H240.818605V726.325581H153.516651z m317.487628 0v87.301954h87.349581V726.325581H471.004279z m317.535256 0v87.301954h87.301953V726.325581H788.539535z\" fill=\"#86909C\">\u003C/path>\u003C/symbol>\u003Csymbol id=\"iconMusic\" viewBox=\"0 0 1024 1024\">\u003Cpath d=\"M906.991 150.344l0.009 0.996v529.104c0 88.368-71.632 160-160 160s-160-71.632-160-160c0-88.367 71.632-160 160-160 36.02 0 69.26 11.903 96.002 31.989L843 164.12l-396.575 72.104a10.667 10.667 0 0 0-8.755 10.21l-0.003 0.285-0.001 518.937v0.12c0 87.484-70.208 158.566-157.353 159.98l-2.646 0.02c-88.366 0-160-71.633-160-160 0-88.366 71.634-160 160-160 36.02 0 69.26 11.903 96.001 31.99l-0.001-391.047c0-35.725 25.293-66.389 60.248-73.262l1.062-0.2 409.15-74.392c32.411-5.892 62.27 18.7 62.864 51.478zM277.667 669.778c-53.02 0-96 42.98-96 96s42.98 96 96 96 96-42.98 96-96l-0.001 0.12v-0.243c-0.065-52.434-42.165-95.017-94.412-95.865zM747 584.444c-53.021 0-96 42.979-96 96 0 53.022 42.979 96 96 96s96-42.978 96-96c0-53.021-42.979-96-96-96z\" fill=\"#000000\">\u003C/path>\u003C/symbol>\u003Csymbol id=\"iconClipped\" viewBox=\"0 0 1024 1024\">\u003Cpath d=\"M512 422.4a187.733333 187.733333 0 1 0 0-375.466667 187.733333 187.733333 0 0 0 0 375.466667z m0-298.666667a110.933333 110.933333 0 1 1 0 221.866667 110.933333 110.933333 0 0 1 0-221.866667zM469.333333 571.733333c-96.298667 0-178.346667 30.08-246.016 90.282667C156.928 721.024 123.733333 791.893333 123.733333 874.666667a38.4 38.4 0 0 1-76.8 0c0-105.770667 41.813333-195.754667 125.354667-270.08C254.549333 531.498667 353.578667 494.933333 469.333333 494.933333a38.4 38.4 0 0 1 0 76.8zM789.333333 558.933333a38.4 38.4 0 0 1 27.136 11.264l85.333334 85.333334a38.4 38.4 0 0 1 0 54.272l-213.333334 213.333333a38.4 38.4 0 0 1-27.136 11.264h-85.333333a38.4 38.4 0 0 1-38.4-38.4v-85.333333a38.4 38.4 0 0 1 11.264-27.136l213.333333-213.333334a38.4 38.4 0 0 1 27.136-11.264z m0 92.714667l-174.933333 174.933333v31.018667h31.018667l174.933333-174.933333-31.018667-31.018667z\">\u003C/path>\u003C/symbol>\u003Csymbol id=\"iconrongqi4\" viewBox=\"0 0 1024 1024\">\u003Cpath d=\"M917.3504 768c11.776 0 21.2992 9.5744 21.2992 21.3504v42.6496c0 11.776-9.5232 21.3504-21.2992 21.3504H106.6496a21.3504 21.3504 0 0 1-21.2992-21.3504v-42.6496c0-11.776 9.5232-21.3504 21.2992-21.3504h810.7008zM132.0448 377.6c4.608 0 9.1136 1.28 13.1072 3.6864l181.0944 109.1584a25.3952 25.3952 0 0 1 0 43.4688L145.152 643.072a25.3952 25.3952 0 0 1-38.5024-21.76V402.9952c0-14.0288 11.3664-25.3952 25.3952-25.3952z m785.3056 91.7504c11.776 0 21.2992 9.5232 21.2992 21.2992v42.7008c0 11.776-9.5232 21.2992-21.2992 21.2992H490.6496a21.3504 21.3504 0 0 1-21.2992-21.2992v-42.7008c0-11.776 9.5232-21.2992 21.2992-21.2992h426.7008z m0-298.7008c11.776 0 21.2992 9.5744 21.2992 21.3504v42.6496c0 11.776-9.5232 21.3504-21.2992 21.3504H106.6496a21.3504 21.3504 0 0 1-21.2992-21.3504V192c0-11.776 9.5232-21.3504 21.2992-21.3504h810.7008z\">\u003C/path>\u003C/symbol>\u003Csymbol id=\"icona-2\" viewBox=\"0 0 1024 1024\">\u003Cpath d=\"M864 224a64 64 0 0 0-64 64v448a64 64 0 0 0 128 0V288a64 64 0 0 0-64-64z\">\u003C/path>\u003Cpath d=\"M288 789.12q-1.824 1.056-3.68 1.984-1.92 0.928-3.84 1.728-1.92 0.8-3.904 1.472-1.984 0.672-4 1.216-2.048 0.544-4.096 0.96-2.048 0.416-4.128 0.672-2.08 0.288-4.16 0.416-2.112 0.128-4.192 0.128t-4.16-0.128q-2.112-0.128-4.192-0.416-2.08-0.256-4.16-0.672-2.016-0.416-4.064-0.96-2.016-0.544-4-1.216-1.984-0.672-3.904-1.472-1.92-0.8-3.84-1.728-1.856-0.928-3.68-1.984-1.824-1.024-3.552-2.208-1.76-1.152-3.424-2.432-1.632-1.28-3.2-2.656-1.6-1.376-3.072-2.88-1.504-1.472-2.88-3.04-1.376-1.6-2.656-3.232-1.28-1.664-2.432-3.424-1.152-1.728-2.24-3.52-1.024-1.824-1.92-3.712-0.96-1.888-1.76-3.84-0.8-1.92-1.472-3.904-0.64-1.984-1.216-4-0.544-2.016-0.96-4.096-0.384-2.048-0.64-4.128-0.32-2.08-0.448-4.16T192 733.728V290.272q0-2.112 0.128-4.192 0.16-2.08 0.416-4.16 0.288-2.08 0.672-4.16 0.416-2.048 0.96-4.064t1.216-4q0.672-1.984 1.472-3.936 0.8-1.92 1.728-3.808 0.96-1.888 1.984-3.68 1.056-1.824 2.24-3.552 1.12-1.76 2.4-3.424 1.28-1.664 2.656-3.2 1.376-1.6 2.88-3.072 1.472-1.504 3.04-2.88 1.6-1.376 3.232-2.656 1.664-1.28 3.424-2.432 1.728-1.184 3.552-2.24 1.824-1.024 3.68-1.92 1.92-0.96 3.84-1.76t3.904-1.472q1.984-0.672 4-1.216 2.048-0.544 4.096-0.96 2.048-0.416 4.128-0.672 2.08-0.288 4.16-0.416 2.112-0.128 4.192-0.128t4.16 0.128q2.112 0.128 4.192 0.416 2.08 0.256 4.16 0.672 2.016 0.416 4.064 0.96 2.016 0.544 4 1.216 1.984 0.672 3.904 1.472 1.92 0.8 3.84 1.728 1.856 0.928 3.68 1.984l384 221.696q1.824 1.056 3.552 2.24 1.76 1.12 3.424 2.4 1.632 1.28 3.2 2.656 1.6 1.376 3.072 2.88 1.504 1.472 2.88 3.04 1.376 1.6 2.656 3.232 1.28 1.664 2.432 3.424 1.152 1.728 2.24 3.552 1.024 1.824 1.92 3.68 0.96 1.92 1.76 3.84t1.472 3.904q0.64 1.984 1.216 4 0.544 2.048 0.96 4.096 0.384 2.048 0.64 4.128 0.32 2.08 0.448 4.16 0.128 2.112 0.128 4.192t-0.128 4.16q-0.16 2.112-0.416 4.192-0.288 2.08-0.672 4.16-0.416 2.016-0.96 4.064-0.544 2.016-1.216 4-0.672 1.984-1.472 3.904-0.8 1.92-1.728 3.84-0.96 1.856-1.984 3.68-1.056 1.824-2.24 3.552-1.12 1.76-2.4 3.424-1.28 1.632-2.656 3.2-1.376 1.6-2.88 3.072-1.472 1.504-3.04 2.88-1.6 1.376-3.232 2.656-1.664 1.28-3.424 2.432-1.728 1.152-3.552 2.24L288 789.12z\">\u003C/path>\u003C/symbol>\u003Csymbol id=\"iconrongqi3\" viewBox=\"0 0 1024 1024\">\u003Cpath d=\"M512 68.2496a38.4 38.4 0 0 1 38.4 38.4v362.7008c0 2.816 1.3824 4.2496 4.2496 4.2496h362.6496a38.4 38.4 0 0 1 38.4 38.4c0 122.5216-43.3152 227.1232-129.9456 313.7536-86.6304 86.6816-191.232 129.9968-313.7536 129.9968-122.5728 0-227.1232-43.3152-313.8048-129.9968C111.616 739.1232 68.2496 634.5216 68.2496 512c0-122.5216 43.3152-227.1232 129.9456-313.7536C284.8768 111.616 389.4272 68.2496 512 68.2496z m-38.4 78.592c-84.992 8.0384-158.6688 43.264-221.0816 105.6768-71.68 71.68-107.4688 158.208-107.4688 259.4816 0 101.376 35.84 187.8016 107.52 259.4816 71.5776 71.68 158.1056 107.4688 259.4304 107.4688s187.8016-35.84 259.4304-107.52c62.464-62.4128 97.6896-136.0896 105.728-221.0304h-322.5088c-22.3744 0-41.472-7.8848-57.344-23.7568a78.1312 78.1312 0 0 1-23.7056-57.344V146.8928z\" fill=\"#333333\">\u003C/path>\u003Cpath d=\"M759.3472 43.52c33.2288 0 61.5936 11.776 85.0944 35.2256 23.5008 23.552 35.2256 51.8656 35.2256 85.0944v33.28h20.6848c8.448 0 15.616 2.9696 21.5552 8.96a29.3888 29.3888 0 0 1 8.96 21.5552v179.6096a29.3888 29.3888 0 0 1-8.96 21.5552 29.3888 29.3888 0 0 1-21.5552 8.96h-282.0096a29.3888 29.3888 0 0 1-21.5552-8.96 29.3888 29.3888 0 0 1-8.96-21.5552V227.6352c0-8.3968 2.9696-15.616 8.96-21.5552a29.3888 29.3888 0 0 1 21.5552-8.96h20.6848V163.84c0-33.2288 11.776-61.5936 35.2256-85.0944A115.9168 115.9168 0 0 1 759.3472 43.52z m110.08 215.04h-220.16v117.76h220.16v-117.76z m-110.08-153.6c-16.2304 0-30.1056 5.7344-41.6256 17.2544a56.7296 56.7296 0 0 0-17.2544 41.6256v33.28h117.76V163.84c0-16.2304-5.7344-30.1056-17.2544-41.6256a56.7296 56.7296 0 0 0-41.6256-17.2544z\" fill=\"#333333\">\u003C/path>\u003C/symbol>\u003Csymbol id=\"icona-111\" viewBox=\"0 0 1024 1024\">\u003Cpath d=\"M320 85.333333a21.333333 21.333333 0 0 1 21.333333 21.333334v42.666666h341.333334v-42.666666a21.333333 21.333333 0 0 1 21.333333-21.333334h42.666667a21.333333 21.333333 0 0 1 21.333333 21.333334v42.666666h128a42.666667 42.666667 0 0 1 42.666667 42.666667v725.333333a42.666667 42.666667 0 0 1-42.666667 42.666667H128a42.666667 42.666667 0 0 1-42.666667-42.666667v-725.333333a42.666667 42.666667 0 0 1 42.666667-42.666667h128v-42.666666a21.333333 21.333333 0 0 1 21.333333-21.333334h42.666667zM256 234.666667H170.666667v640h682.666666v-640h-85.333333v42.666666a21.333333 21.333333 0 0 1-21.333333 21.333334h-42.666667a21.333333 21.333333 0 0 1-21.333333-21.333334v-42.666666H341.333333v42.666666a21.333333 21.333333 0 0 1-21.333333 21.333334h-42.666667a21.333333 21.333333 0 0 1-21.333333-21.333334v-42.666666z\">\u003C/path>\u003Cpath d=\"M533.333333 597.333333a21.333333 21.333333 0 0 1 21.333334 21.333334v42.666666a21.333333 21.333333 0 0 1-21.333334 21.333334h-213.333333a21.333333 21.333333 0 0 1-21.333333-21.333334v-42.666666a21.333333 21.333333 0 0 1 21.333333-21.333334h213.333333z m170.666667-170.666666a21.333333 21.333333 0 0 1 21.333333 21.333333v42.666667a21.333333 21.333333 0 0 1-21.333333 21.333333h-384a21.333333 21.333333 0 0 1-21.333333-21.333333v-42.666667a21.333333 21.333333 0 0 1 21.333333-21.333333h384z\">\u003C/path>\u003C/symbol>\u003Csymbol id=\"icongengduo\" viewBox=\"0 0 1024 1024\">\u003Cpath d=\"M174.545455 418.909091a81.454545 81.454545 0 1 1 0 162.909091 81.454545 81.454545 0 0 1 0-162.909091z m349.090909 0a81.454545 81.454545 0 1 1 0 162.909091 81.454545 81.454545 0 0 1 0-162.909091z m349.090909 0a81.454545 81.454545 0 1 1 0 162.909091 81.454545 81.454545 0 0 1 0-162.909091z\" fill=\"#282C33\">\u003C/path>\u003C/symbol>\u003Csymbol id=\"iconrongqi1\" viewBox=\"0 0 1024 1024\">\u003Cpath d=\"M939.968 596.032l-75.968-57.6c0.768-8 1.6-16.832 1.6-26.432 0-9.6-0.832-18.368-1.6-26.368l75.968-57.6a51.84 51.84 0 0 0 12.8-68.032l-84.8-143.232a54.784 54.784 0 0 0-65.6-24l-90.368 35.2a306.816 306.816 0 0 0-47.232-26.368l-13.568-92.032A53.568 53.568 0 0 0 597.568 64H426.368c-27.2 0-49.6 19.2-53.568 44.8l-12.8 92.8a349.44 349.44 0 0 0-47.232 26.432l-90.368-35.2a53.76 53.76 0 0 0-19.2-3.2c-19.2 0-37.632 9.6-46.4 26.368l-85.632 144a52.16 52.16 0 0 0 12.8 68.032l76.032 57.6c-0.832 9.6-1.6 18.368-1.6 26.368s0 16.768 1.6 26.432l-76.032 57.6a51.84 51.84 0 0 0-12.8 67.968l84.8 143.232a54.784 54.784 0 0 0 65.6 24l90.432-35.2c15.168 10.368 31.168 19.2 47.168 26.368l13.632 92.032c3.2 25.6 26.368 45.568 53.568 45.568h171.2c27.2 0 49.6-19.2 53.632-44.8l13.568-92.8c16-7.168 31.232-16 47.232-26.368l90.368 35.2c6.4 2.368 12.8 3.2 19.2 3.2 19.2 0 37.632-9.6 46.4-26.432l85.632-144.768c12.8-23.232 7.168-51.2-13.632-67.2zM704 512c0 105.6-86.4 192-192 192S320 617.6 320 512s86.4-192 192-192 192 86.4 192 192z\">\u003C/path>\u003C/symbol>\u003Csymbol id=\"iconrongqi2\" viewBox=\"0 0 1024 1024\">\u003Cpath d=\"M768 89.6a38.4 38.4 0 0 1 38.4 38.4v302.933333H938.666667a38.4 38.4 0 0 1 38.4 38.4v341.333334a38.4 38.4 0 0 1-38.4 38.4h-90.752l-52.778667 52.736a38.4 38.4 0 0 1-54.272 0L688.085333 849.066667H469.333333a38.4 38.4 0 0 1-38.4-38.4v-132.266667H378.581333l-74.112 74.069333a38.4 38.4 0 0 1-54.272 0L176.085333 678.4H85.333333a38.4 38.4 0 0 1-38.4-38.4V128a38.4 38.4 0 0 1 38.4-38.4z m132.266667 418.133333h-93.866667V640a38.4 38.4 0 0 1-38.4 38.4h-260.266667v93.866667h196.266667a38.4 38.4 0 0 1 27.136 11.264l36.864 36.821333 36.864-36.821333a38.4 38.4 0 0 1 27.136-11.264h68.266667v-264.533334z m-170.666667-341.333333H123.733333v435.2h68.266667a38.4 38.4 0 0 1 27.136 11.264L277.333333 671.018667l58.197334-58.154667A38.4 38.4 0 0 1 362.666667 601.6h366.933333V166.4z\">\u003C/path>\u003Cpath d=\"M405.333333 422.4h21.333334a38.314667 38.314667 0 0 0 37.674666-45.909333A38.314667 38.314667 0 0 0 426.666667 345.6h-21.333334a38.314667 38.314667 0 0 0-37.674666 45.909333 38.314667 38.314667 0 0 0 37.674666 30.890667zM554.666667 422.4h21.333333a38.314667 38.314667 0 0 0 37.674667-45.909333 38.314667 38.314667 0 0 0-37.674667-30.890667H554.666667a38.314667 38.314667 0 0 0-37.674667 45.909333A38.314667 38.314667 0 0 0 554.666667 422.4zM256 422.4h21.333333a38.314667 38.314667 0 0 0 37.674667-45.909333A38.314667 38.314667 0 0 0 277.333333 345.6H256a38.314667 38.314667 0 0 0-37.674667 45.909333A38.314667 38.314667 0 0 0 256 422.4z\">\u003C/path>\u003C/symbol>\u003Csymbol id=\"iconrongqi\" viewBox=\"0 0 1024 1024\">\u003Cpath d=\"M913.066667 896V128q0-33.578667-23.722667-57.301333Q865.578667 46.933333 832 46.933333h-597.333333Q153.6 46.933333 153.6 128v768q0 81.066667 81.066667 81.066667h597.333333q81.066667 0 81.066667-81.066667zM832 123.733333q4.266667 0 4.266667 4.266667v768q0 4.266667-4.266667 4.266667h-597.333333q-4.266667 0-4.266667-4.266667V128q0-4.266667 4.266667-4.266667h597.333333z\">\u003C/path>\u003Cpath d=\"M362.666667 678.4h298.666666q3.797333 0 7.509334-0.725333 3.669333-0.768 7.168-2.218667 3.498667-1.450667 6.656-3.541333 3.157333-2.133333 5.802666-4.778667 2.688-2.645333 4.778667-5.802667 2.133333-3.157333 3.541333-6.656 1.450667-3.498667 2.218667-7.168 0.725333-3.712 0.725333-7.509333t-0.725333-7.509333q-0.768-3.669333-2.218667-7.168-1.450667-3.498667-3.541333-6.656-2.133333-3.157333-4.778667-5.802667-2.645333-2.688-5.802666-4.778667-3.157333-2.133333-6.656-3.541333-3.498667-1.450667-7.168-2.218667-3.712-0.725333-7.509334-0.725333h-298.666666q-3.797333 0-7.509334 0.725333-3.669333 0.768-7.168 2.218667-3.498667 1.450667-6.656 3.541333-3.157333 2.133333-5.802666 4.778667-2.688 2.645333-4.778667 5.802667-2.133333 3.157333-3.541333 6.656-1.450667 3.498667-2.218667 7.168-0.725333 3.712-0.725333 7.509333t0.725333 7.509333q0.768 3.669333 2.218667 7.168 1.450667 3.498667 3.541333 6.656 2.133333 3.157333 4.778667 5.802667 2.645333 2.688 5.802666 4.778667 3.157333 2.133333 6.656 3.541333 3.498667 1.450667 7.168 2.218667 3.712 0.725333 7.509334 0.725333zM362.666667 806.4H512q3.797333 0 7.509333-0.725333 3.669333-0.768 7.168-2.218667 3.498667-1.450667 6.656-3.541333 3.157333-2.133333 5.802667-4.778667 2.688-2.645333 4.778667-5.802667 2.133333-3.157333 3.541333-6.656 1.450667-3.498667 2.218667-7.168 0.725333-3.712 0.725333-7.509333t-0.725333-7.509333q-0.768-3.669333-2.218667-7.168-1.450667-3.498667-3.541333-6.656-2.133333-3.157333-4.778667-5.802667-2.645333-2.688-5.802667-4.778667-3.157333-2.133333-6.656-3.541333-3.498667-1.450667-7.168-2.218667-3.712-0.725333-7.509333-0.725333H362.666667q-3.797333 0-7.509334 0.725333-3.669333 0.768-7.168 2.218667-3.498667 1.450667-6.656 3.541333-3.157333 2.133333-5.802666 4.778667-2.688 2.645333-4.778667 5.802667-2.133333 3.157333-3.541333 6.656-1.450667 3.498667-2.218667 7.168-0.725333 3.712-0.725333 7.509333t0.725333 7.509333q0.768 3.669333 2.218667 7.168 1.450667 3.498667 3.541333 6.656 2.133333 3.157333 4.778667 5.802667 2.645333 2.688 5.802666 4.778667 3.157333 2.133333 6.656 3.541333 3.498667 1.450667 7.168 2.218667 3.712 0.725333 7.509334 0.725333z\">\u003C/path>\u003Cpath d=\"M324.266667 469.333333V256q0-3.797333 0.725333-7.509333 0.768-3.712 2.218667-7.168 1.408-3.498667 3.541333-6.656 2.090667-3.157333 4.778667-5.802667 2.645333-2.688 5.802666-4.778667 3.157333-2.133333 6.656-3.541333 3.456-1.450667 7.168-2.218667 3.712-0.725333 7.509334-0.725333h298.666666q3.797333 0 7.509334 0.725333 3.712 0.768 7.168 2.218667 3.498667 1.408 6.656 3.541333 3.157333 2.090667 5.802666 4.778667 2.688 2.645333 4.778667 5.802667 2.133333 3.157333 3.541333 6.656 1.450667 3.456 2.218667 7.168 0.725333 3.712 0.725333 7.509333v213.333333q0 3.797333-0.725333 7.509334-0.768 3.712-2.218667 7.168-1.408 3.498667-3.541333 6.656-2.090667 3.157333-4.778667 5.802666-2.645333 2.688-5.802666 4.778667-3.157333 2.133333-6.656 3.541333-3.456 1.450667-7.168 2.218667-3.712 0.725333-7.509334 0.725333h-298.666666q-3.797333 0-7.509334-0.725333-3.712-0.768-7.168-2.218667-3.498667-1.408-6.656-3.541333-3.157333-2.090667-5.802666-4.778667-2.688-2.645333-4.778667-5.802666-2.133333-3.157333-3.541333-6.656-1.450667-3.456-2.218667-7.168Q324.266667 473.130667 324.266667 469.333333z m76.8-174.933333v136.533333h221.866666V294.4H401.066667z\">\u003C/path>\u003C/symbol>\u003Csymbol id=\"iconbianzu\" viewBox=\"0 0 1024 1024\">\u003Cpath d=\"M496.213333 42.666667a410.88 410.88 0 0 1 279.04 712.533333l163.328 158.378667a43.349333 43.349333 0 1 1-60.586666 61.994666l-173.141334-167.936a409.002667 409.002667 0 0 1-208.64 56.832A410.88 410.88 0 0 1 85.333333 453.546667 410.88 410.88 0 0 1 496.213333 42.666667z m0 86.613333a324.266667 324.266667 0 1 0 0 648.533333 324.266667 324.266667 0 0 0 0-648.533333z\" fill=\"#000000\">\u003C/path>\u003Cpath d=\"M308.906667 642.304a29.866667 29.866667 0 0 1-32.341334-27.221333l-25.6-297.642667a29.866667 29.866667 0 0 1 43.306667-29.184l154.453333 78.506667V187.733333a29.866667 29.866667 0 0 1 43.946667-26.368l3.541333 2.261334 89.088 65.152a29.866667 29.866667 0 0 1-35.285333 48.213333l-41.514667-30.421333-0.042666 168.832a29.866667 29.866667 0 0 1-39.68 28.245333l-3.754667-1.621333-149.888-76.202667 20.906667 244.181333a29.866667 29.866667 0 0 1-23.168 31.658667l-4.010667 0.64z\" fill=\"#000000\">\u003C/path>\u003C/symbol>\u003Csymbol id=\"iconbutton_Knowledge\" viewBox=\"0 0 1024 1024\">\u003Cpath d=\"M896 85.333333c35.413333 0 64 28.842667 64 64.213334v605.952a64.426667 64.426667 0 0 1-44.928 61.269333l-384.298667 118.101333a64 64 0 0 1-37.589333 0l-384.896-118.272A64.213333 64.213333 0 0 1 64 755.498667V149.546667a64.085333 64.085333 0 0 1 83.029333-61.312L512 200.149333l364.288-111.701333C882.645333 86.4 889.301333 85.333333 896 85.333333zM149.333333 178.176v561.749333l320 98.346667V276.309333l-320-98.133333z m725.333334 0l-320 98.133333v561.92l320-98.261333V178.176z\">\u003C/path>\u003C/symbol>\u003Csymbol id=\"iconnav_Command\" viewBox=\"0 0 1024 1024\">\u003Cpath d=\"M125.184 471.04l-2.901333-1.493333a40.533333 40.533333 0 0 0-31.189334-0.853334 42.154667 42.154667 0 0 0-23.04 21.76c-4.650667 10.026667-5.333333 21.546667-1.92 32.085334a42.666667 42.666667 0 0 0 20.224 24.490666l395.818667 214.613334 3.072 1.536 2.986667 1.194666 2.858666 0.896 2.986667 0.725334 2.304 0.341333 3.925333 0.341333h2.261334l2.645333-0.085333 3.584-0.469333 2.816-0.597334 1.621333-0.426666 3.669334-1.28 2.133333-0.938667a36.992 36.992 0 0 0 2.389333-1.194667l395.818667-214.656a42.666667 42.666667 0 0 0 20.394667-25.301333 44.117333 44.117333 0 0 0-2.944-32.725333 41.984 41.984 0 0 0-24.533334-21.034667 40.576 40.576 0 0 0-31.786666 3.029333l-376.533334 204.245334-376.661333-204.245334z\" fill=\"#1D2129\">\u003C/path>\u003Cpath d=\"M125.184 664.277333l-2.901333-1.450666a40.533333 40.533333 0 0 0-31.189334-0.853334 42.197333 42.197333 0 0 0-23.04 21.76c-4.650667 10.026667-5.333333 21.546667-1.92 32.085334a42.666667 42.666667 0 0 0 20.224 24.490666l396.032 214.741334 2.986667 1.450666a40.362667 40.362667 0 0 0 26.88 2.133334c9.642667 2.56 20.266667 1.578667 29.781333-3.584l396.032-214.741334a42.666667 42.666667 0 0 0 20.096-25.301333c3.242667-10.794667 2.133333-22.528-2.986666-32.512a42.026667 42.026667 0 0 0-24.32-20.992 40.576 40.576 0 0 0-31.573334 2.773333l-387.072 209.834667-386.986666-209.834667zM501.845333 64c6.997333 0 13.824 1.792 19.925334 5.248l405.077333 227.626667a21.162667 21.162667 0 0 1 7.936 7.893333 21.973333 21.973333 0 0 1-7.936 29.824l-405.034667 227.626667a40.704 40.704 0 0 1-39.936 0L76.8 334.592a21.973333 21.973333 0 0 1 0-37.717333l405.034667-227.626667a40.746667 40.746667 0 0 1 19.968-5.248z m0 91.861333L217.386667 315.733333l284.458666 159.872L786.261333 315.733333l-284.458666-159.872z\" fill=\"#1D2129\">\u003C/path>\u003C/symbol>\u003Csymbol id=\"iconRebuild\" viewBox=\"0 0 1024 1024\">\u003Cpath d=\"M802.133333 849.92H218.453333c-50.346667 0-91.306667-40.96-91.306666-91.306667V242.346667c0-50.346667 40.96-91.306667 91.306666-91.306667h173.226667c24.746667 0 46.933333 9.386667 64.853333 26.453333l78.506667 78.506667c5.12 5.12 12.8 8.533333 21.333333 8.533333h247.466667c50.346667 0 91.306667 40.96 91.306667 91.306667v402.773333c0 50.346667-41.813333 91.306667-92.16 91.306667zM218.453333 212.48c-16.213333 0-29.866667 13.653333-29.866666 29.866667v516.266666c0 16.213333 13.653333 29.866667 29.866666 29.866667H802.133333c16.213333 0 29.866667-13.653333 29.866667-29.866667V354.986667c0-16.213333-13.653333-29.866667-29.866667-29.866667H555.52c-24.746667 0-46.933333-9.386667-64.853333-26.453333l-78.506667-77.653334c-5.12-5.12-12.8-8.533333-21.333333-8.533333H217.6z\" fill=\"#333333\">\u003C/path>\u003Cpath d=\"M465.066667 502.613333l-93.013334-57.173333v103.253333l93.013334-46.08z\" fill=\"#333333\">\u003C/path>\u003Cpath d=\"M647.68 512.853333c-12.8-41.813333-43.52-75.093333-84.48-91.306666-61.44-23.893333-133.12-1.706667-169.813333 53.76-4.266667 6.826667-5.12 14.506667-3.413334 21.333333 1.706667 5.12 4.266667 9.386667 8.533334 11.946667 2.56 4.266667 6.826667 6.826667 11.946666 8.533333 8.533333 1.706667 17.066667-1.706667 21.333334-9.386667 22.186667-39.253333 70.826667-56.32 113.493333-40.106666 26.453333 10.24 46.933333 31.573333 54.613333 58.88 3.413333 10.24 12.8 17.92 23.893334 17.92h2.56c7.68 0 13.653333-5.12 17.92-11.093334 4.266667-5.973333 5.12-13.653333 3.413333-21.333333zM556.373333 612.693333l93.013334 58.026667 0.853333-103.253333-93.866667 45.226666z\" fill=\"#333333\">\u003C/path>\u003Cpath d=\"M631.466667 630.613333c-1.706667-5.12-4.266667-9.386667-8.533334-11.946666-2.56-4.266667-6.826667-6.826667-11.946666-8.533334-8.533333-1.706667-17.066667 1.706667-21.333334 9.386667-22.186667 39.253333-70.826667 56.32-113.493333 40.106667-26.453333-10.24-46.933333-31.573333-54.613333-59.733334-4.266667-11.946667-15.36-17.92-26.453334-17.066666-7.68 0-14.506667 5.12-18.773333 11.093333-4.266667 5.973333-5.12 13.653333-2.56 20.48 12.8 41.813333 43.52 75.093333 84.48 91.306667 16.213333 5.973333 33.28 9.386667 50.346667 9.386666 48.64 0 93.013333-23.893333 119.466666-63.146666 4.266667-6.826667 5.12-14.506667 3.413334-21.333334z\" fill=\"#333333\">\u003C/path>\u003C/symbol>\u003Csymbol id=\"iconnav_Dialogue\" viewBox=\"0 0 1024 1024\">\u003Cpath d=\"M512 85.333333c235.648 0 426.666667 191.018667 426.666667 426.666667s-191.018667 426.666667-426.666667 426.666667H128a42.666667 42.666667 0 0 1-42.666667-42.666667v-384C85.333333 276.352 276.352 85.333333 512 85.333333z m0 81.28A345.386667 345.386667 0 0 0 166.613333 512v345.386667H512a345.386667 345.386667 0 1 0 0-690.773334z m14.592 203.178667c9.045333 0 12.373333 0.938667 15.658667 2.688a18.432 18.432 0 0 1 7.68 7.68c1.792 3.328 2.688 6.613333 2.688 15.658667v272.981333c0 9.088-0.896 12.373333-2.688 15.658667a18.474667 18.474667 0 0 1-7.68 7.68c-3.328 1.792-6.613333 2.730667-15.658667 2.730666h-29.184c-9.045333 0-12.373333-0.938667-15.658667-2.730666a18.474667 18.474667 0 0 1-7.68-7.68c-1.792-3.285333-2.688-6.570667-2.688-15.658667V395.818667c0-9.045333 0.896-12.373333 2.688-15.658667a18.432 18.432 0 0 1 7.68-7.68c3.328-1.749333 6.613333-2.688 15.658667-2.688h29.184z m162.56 60.928c9.045333 0 12.288 0.938667 15.616 2.730667a18.432 18.432 0 0 1 7.68 7.68c1.792 3.285333 2.730667 6.570667 2.730667 15.658666v130.773334c0 9.045333-0.938667 12.330667-2.730667 15.616a18.432 18.432 0 0 1-7.68 7.68c-3.328 1.792-6.570667 2.730667-15.658667 2.730666h-29.141333c-9.088 0-12.373333-0.938667-15.658667-2.730666a18.389333 18.389333 0 0 1-7.68-7.68c-1.792-3.285333-2.730667-6.570667-2.730666-15.658667v-130.730667c0-9.088 0.938667-12.373333 2.730666-15.658666a18.432 18.432 0 0 1 7.68-7.68c3.285333-1.792 6.570667-2.730667 15.658667-2.730667h29.141333z m-325.12 0c9.088 0 12.373333 0.938667 15.658667 2.730667a18.432 18.432 0 0 1 7.68 7.68c1.792 3.285333 2.730667 6.570667 2.730666 15.658666v130.773334c0 9.045333-0.938667 12.330667-2.730666 15.616a18.432 18.432 0 0 1-7.68 7.68c-3.285333 1.792-6.570667 2.730667-15.658667 2.730666H334.933333c-9.088 0-12.373333-0.938667-15.658666-2.730666a18.432 18.432 0 0 1-7.68-7.68c-1.792-3.285333-2.730667-6.570667-2.730667-15.658667v-130.730667c0-9.088 0.938667-12.373333 2.730667-15.658666a18.474667 18.474667 0 0 1 7.68-7.68c3.285333-1.792 6.570667-2.730667 15.658666-2.730667h29.141334z\" fill=\"#1D2129\">\u003C/path>\u003C/symbol>\u003Csymbol id=\"iconbutton_set\" viewBox=\"0 0 1024 1024\">\u003Cpath d=\"M647.466667 444.245333c33.749333 0 66.645333-11.008 93.738666-31.36a158.165333 158.165333 0 0 0 56.576-81.578666h112.170667c9.984 0 13.610667-1.066667 17.237333-3.029334a20.394667 20.394667 0 0 0 8.490667-8.533333c1.962667-3.669333 2.986667-7.338667 2.986667-17.408v-32.426667c0-10.112-1.024-13.738667-2.986667-17.408a20.394667 20.394667 0 0 0-8.490667-8.533333c-3.626667-2.005333-7.253333-3.029333-17.237333-3.029333h-112.213333a158.165333 158.165333 0 0 0-56.576-81.621334 155.989333 155.989333 0 0 0-187.392 0 158.208 158.208 0 0 0-56.618667 81.578667H71.381333c-9.984 0-13.610667 1.066667-17.237333 3.072a20.437333 20.437333 0 0 0-8.490667 8.533333c-1.962667 3.669333-2.986667 7.296-2.986666 17.408v32.426667c0 10.069333 1.024 13.696 2.986666 17.365333a20.394667 20.394667 0 0 0 8.490667 8.533334c3.626667 2.005333 7.253333 3.072 17.237333 3.072h425.813334a157.013333 157.013333 0 0 0 150.272 112.938666z m0-90.368a66.730667 66.730667 0 0 1-47.530667-19.84 67.84 67.84 0 0 1-19.669333-47.914666 68.224 68.224 0 0 1 19.669333-47.914667 67.157333 67.157333 0 0 1 47.530667-19.882667c17.834667 0 34.901333 7.168 47.530666 19.882667a68.053333 68.053333 0 0 1 0 95.829333 66.901333 66.901333 0 0 1-47.530666 19.84zM333.866667 896c33.792 0 66.645333-11.008 93.738666-31.36a158.208 158.208 0 0 0 56.576-81.578667h425.770667c9.984 0 13.610667-1.024 17.237333-3.029333a20.437333 20.437333 0 0 0 8.490667-8.533333c1.962667-3.712 2.986667-7.338667 2.986667-17.408v-32.426667c0-10.069333-1.024-13.696-2.986667-17.408a20.394667 20.394667 0 0 0-8.490667-8.533333c-3.626667-1.962667-7.253333-2.986667-17.237333-2.986667l-425.813333-0.042667a158.165333 158.165333 0 0 0-56.576-81.578666 155.989333 155.989333 0 0 0-187.392 0 158.165333 158.165333 0 0 0-56.618667 81.578666H71.381333c-9.984 0-13.610667 1.066667-17.237333 3.029334a20.437333 20.437333 0 0 0-8.490667 8.533333c-1.962667 3.712-2.986667 7.338667-2.986666 17.408v32.426667c0 10.069333 1.024 13.738667 2.986666 17.408a20.394667 20.394667 0 0 0 8.490667 8.533333c3.626667 2.005333 7.253333 2.986667 17.237333 2.986667h112.213334A157.013333 157.013333 0 0 0 333.824 896z m0-90.368c-17.834667 0-34.901333-7.125333-47.530667-19.84a68.053333 68.053333 0 0 1 0-95.829333 66.901333 66.901333 0 0 1 95.061333 0 68.053333 68.053333 0 0 1 0 95.829333 66.901333 66.901333 0 0 1-47.530666 19.84z\" fill=\"#1D2129\">\u003C/path>\u003C/symbol>\u003Csymbol id=\"iconbutton_send\" viewBox=\"0 0 1024 1024\">\u003Cpath d=\"M289.877333 453.717333l181.717334-183.338666v583.168a42.368 42.368 0 0 0 42.538666 42.453333 42.624 42.624 0 0 0 42.538667-42.453333V270.378667l181.717333 183.338666a42.624 42.624 0 0 0 59.989334 0 38.656 38.656 0 0 0 0-56.448l-255.317334-257.194666a45.994667 45.994667 0 0 0-62.122666 0L225.621333 397.226667a38.613333 38.613333 0 0 0 0 56.448 42.581333 42.581333 0 0 0 64.256 0z\" fill=\"#1D2129\">\u003C/path>\u003C/symbol>\u003Csymbol id=\"iconToolbar_Transfer\" viewBox=\"0 0 1024 1024\">\u003Cpath d=\"M676.992 938.538667a22.314667 22.314667 0 0 0 16.085333-6.954667 24.192 24.192 0 0 0 6.656-16.768V391.722667h139.946667a13.226667 13.226667 0 0 0 7.253333-2.133334 14.037333 14.037333 0 0 0 4.992-5.802666 14.762667 14.762667 0 0 0-1.450666-14.933334l-202.410667-270.890666a22.997333 22.997333 0 0 0-6.442667-5.888 21.888 21.888 0 0 0-24.746666-4.864 22.954667 22.954667 0 0 0-10.112 8.746666 24.362667 24.362667 0 0 0-3.754667 13.098667v805.76c0 6.272 2.389333 12.330667 6.656 16.768 4.266667 4.437333 10.069333 6.954667 16.085333 6.954667h51.2z m-265.6-4.266667a24.490667 24.490667 0 0 0 9.557333-19.285333V109.226667a24.192 24.192 0 0 0-6.656-16.768 22.314667 22.314667 0 0 0-16.085333-6.912h-51.2a22.314667 22.314667 0 0 0-16.085333 6.912 24.192 24.192 0 0 0-6.656 16.768v523.093333H184.32a13.226667 13.226667 0 0 0-7.253333 2.133333 14.037333 14.037333 0 0 0-5.034667 5.802667 14.72 14.72 0 0 0 1.493333 14.933333l202.410667 270.848a23.04 23.04 0 0 0 6.442667 5.973334 22.101333 22.101333 0 0 0 29.013333 2.261333z\" fill=\"#1D2129\">\u003C/path>\u003C/symbol>\u003Csymbol id=\"iconLoad_Error\" viewBox=\"0 0 1024 1024\">\u003Cpath d=\"M832 138.120533l-323.1744-0.725333-49.186133 136.772267 9.966933 98.952533-55.611733 57.745067 33.7408-65.809067-38.510934-97.6896L443.460267 136.533333l-248.183467 1.5872C136.610133 138.496 85.077333 184.064 85.333333 242.926933l2.235734 535.2448c0.256 58.88 45.781333 109.294933 104.448 109.294934H832c58.666667 0 106.666667-48.170667 106.666667-107.050667V245.1712c0-58.88-48-107.050667-106.666667-107.050667z m-631.133867 54.459734l171.989334-0.938667-7.8336 87.586133 52.6592 89.002667-39.227734 117.495467 117.504-100.420267 7.765334-114.090667 43.008-79.5648H832c26.666667 0 53.333333 26.752 53.333333 53.521067v479.744l-132.224-169.301333c-16-26.760533-48-26.760533-69.3248-5.3504l-149.333333 149.870933-154.666667-198.0416c-16-21.410133-42.666667-21.410133-64 0L141.482667 716.296533l1.672533-469.162666c0.119467-32.110933 25.710933-54.382933 57.710933-54.5536z\" fill=\"#DADEE4\">\u003C/path>\u003Cpath d=\"M596.932267 349.269333c0 11.050667 2.167467 21.9904 6.365866 32.2048a84.155733 84.155733 0 0 0 18.141867 27.298134 83.6608 83.6608 0 0 0 27.153067 18.235733 83.293867 83.293867 0 0 0 91.195733-18.235733 84.1728 84.1728 0 0 0 18.141867-27.306667 84.548267 84.548267 0 0 0-18.141867-91.690667 83.652267 83.652267 0 0 0-27.144533-18.244266 83.3024 83.3024 0 0 0-91.204267 18.244266 84.155733 84.155733 0 0 0-18.141867 27.298134 84.548267 84.548267 0 0 0-6.365866 32.196266z\" fill=\"#DADEE4\">\u003C/path>\u003C/symbol>\u003Csymbol id=\"iconStop_Sharing\" viewBox=\"0 0 1024 1024\">\u003Cpath d=\"M938.666667 128a42.666667 42.666667 0 0 0-42.666667-42.666667H128a42.666667 42.666667 0 0 0-42.666667 42.666667v768a42.666667 42.666667 0 0 0 42.666667 42.666667h384v-85.333334H170.666667V170.666667h682.666666v341.333333h85.333334V128z m-251.562667 498.816c-5.12-4.864-7.936-6.314667-11.264-7.296a19.328 19.328 0 0 0-11.434667 0c-3.754667 1.152-6.869333 2.901333-13.610666 9.6l-21.674667 21.674667c-6.698667 6.741333-8.448 9.856-9.557333 13.653333a19.328 19.328 0 0 0 0 11.392c1.109333 3.754667 2.816 6.912 9.557333 13.653333l101.376 101.333334-101.333333 101.333333c-6.784 6.698667-8.490667 9.856-9.642667 13.653333a19.328 19.328 0 0 0 0 11.392c1.152 3.754667 2.901333 6.912 9.642667 13.653334l21.632 21.632c6.741333 6.698667 9.856 8.448 13.653333 9.6 3.712 1.152 7.68 1.152 11.392 0 3.754667-1.109333 6.912-2.858667 13.653333-9.6l101.333334-101.333334 101.333333 101.333334c6.698667 6.698667 9.856 8.448 13.653333 9.6 3.712 1.152 7.68 1.152 11.392 0 3.754667-1.109333 6.912-2.858667 13.653334-9.6l21.632-21.674667c6.698667-6.698667 8.448-9.856 9.6-13.653333a19.328 19.328 0 0 0 0-11.349334c-1.109333-3.797333-2.858667-6.954667-9.6-13.653333l-101.333334-101.333333 101.333334-101.333334c6.698667-6.741333 8.448-9.898667 9.6-13.653333a19.328 19.328 0 0 0 0-11.434667c-1.109333-3.754667-2.858667-6.869333-9.6-13.610666l-21.674667-21.674667c-6.698667-6.698667-9.856-8.448-13.653333-9.557333a19.328 19.328 0 0 0-11.349334 0c-3.797333 1.109333-6.954667 2.816-13.653333 9.557333l-101.333333 101.376-103.722667-103.68z\" fill=\"#1D2129\">\u003C/path>\u003C/symbol>\u003Csymbol id=\"icondecrease_borderless\" viewBox=\"0 0 1024 1024\">\u003Cpath d=\"M932.437333 475.562667A21.333333 21.333333 0 0 1 938.666667 490.666667v42.666666a21.333333 21.333333 0 0 1-21.333334 21.333334h-810.666666a21.333333 21.333333 0 0 1-21.333334-21.333334v-42.666666a21.333333 21.333333 0 0 1 21.333334-21.333334h810.666666a21.333333 21.333333 0 0 1 15.104 6.229334z\" fill=\"#1D2129\">\u003C/path>\u003C/symbol>\u003Csymbol id=\"iconadd_borderless\" viewBox=\"0 0 1024 1024\">\u003Cpath d=\"M548.437333 91.562667A21.333333 21.333333 0 0 1 554.666667 106.666667V469.333333h362.666666a21.333333 21.333333 0 0 1 21.333334 21.333334v42.666666a21.333333 21.333333 0 0 1-21.333334 21.333334H554.666667v362.666666a21.333333 21.333333 0 0 1-21.333334 21.333334h-42.666666a21.333333 21.333333 0 0 1-21.333334-21.333334V554.666667H106.666667a21.333333 21.333333 0 0 1-21.333334-21.333334v-42.666666a21.333333 21.333333 0 0 1 21.333334-21.333334H469.333333V106.666667a21.333333 21.333333 0 0 1 21.333334-21.333334h42.666666a21.333333 21.333333 0 0 1 15.104 6.229334z\" fill=\"#1D2129\">\u003C/path>\u003C/symbol>\u003Csymbol id=\"iconfolder_Encrypted\" viewBox=\"0 0 1024 1024\">\u003Cpath d=\"M410.453333 128c10.752 0 21.077333 4.096 28.672 11.349333 7.637333 7.253333 11.946667 17.066667 11.946667 27.349334v48.384h446.976c10.752 0 21.077333 4.096 28.714667 11.349333 7.594667 7.253333 11.904 17.066667 11.904 27.349333V512h-81.28v-74.368H166.613333V814.933333h365.653334v77.397334H125.994667a41.685333 41.685333 0 0 1-28.714667-11.349334 37.845333 37.845333 0 0 1-11.904-27.349333v-686.933333c0-10.282667 4.266667-20.138667 11.946667-27.392A41.685333 41.685333 0 0 1 125.909333 128H410.453333zM166.528 360.192h690.773333V292.48H369.834667v-87.04H166.570667v154.752z\" fill=\"#1D2129\">\u003C/path>\u003Cpath d=\"M768 554.666667c28.8 0 56.448 10.922667 76.8 30.421333 20.352 19.456 31.829333 45.909333 31.829333 73.472h31.018667c8.192 0 16.128 3.114667 21.930667 8.704 5.845333 5.546667 9.088 13.098667 9.088 20.992v178.090667a29.056 29.056 0 0 1-9.088 20.992 31.829333 31.829333 0 0 1-21.930667 8.661333h-279.296a31.829333 31.829333 0 0 1-21.930667-8.661333 29.056 29.056 0 0 1-9.088-20.992V688.213333c0-7.893333 3.285333-15.445333 9.088-20.992a31.829333 31.829333 0 0 1 21.930667-8.704h31.018667c0-27.562667 11.477333-54.016 31.829333-73.472A111.146667 111.146667 0 0 1 768 554.666667z m-108.629333 282.026666h217.258666v-118.784h-217.258666v118.741334zM768 614.016c-25.685333 0-46.506667 19.882667-46.506667 44.501333h93.013334c0-24.618667-20.821333-44.501333-46.506667-44.501333z\" fill=\"#000000\">\u003C/path>\u003C/symbol>\u003Csymbol id=\"iconManual_Installation\" viewBox=\"0 0 1024 1024\">\u003Cpath d=\"M734.848 85.333333c18.389333 0 34.773333 12.458667 40.533333 30.890667L938.666667 490.666667V896a42.666667 42.666667 0 0 1-42.666667 42.666667H128a42.666667 42.666667 0 0 1-42.666667-42.666667v-405.333333l155.776-374.442667c5.802667-18.432 22.101333-30.890667 40.533334-30.890667h453.205333zM170.666667 849.066667h682.666666v-268.8h-170.666666v157.866666a21.333333 21.333333 0 0 1-21.333334 21.333334h-298.666666a21.333333 21.333333 0 0 1-21.333334-21.333334v-157.866666H170.666667v268.8z m0-358.4h256v179.2h170.666666v-179.2h256l-145.792-315.136H315.989333L170.666667 490.666667z m505.770666-128a6.4 6.4 0 0 1 5.546667 3.285333 5.973333 5.973333 0 0 1-0.554667 6.272l-164.394666 94.592a6.314667 6.314667 0 0 1-10.026667 0L342.528 372.266667A5.973333 5.973333 0 0 1 341.333333 369.152a6.101333 6.101333 0 0 1 6.229334-6.485333h328.832z\" fill=\"#1D2129\">\u003C/path>\u003Cpath d=\"M576 384h-128l32-128h64l32 128z\" fill=\"#1D2129\">\u003C/path>\u003C/symbol>\u003Csymbol id=\"iconinput_clear\" viewBox=\"0 0 1024 1024\">\u003Cpath d=\"M512 85.333333c235.648 0 426.666667 191.018667 426.666667 426.666667s-191.018667 426.666667-426.666667 426.666667S85.333333 747.648 85.333333 512 276.352 85.333333 512 85.333333z m120.661333 254.506667a21.333333 21.333333 0 0 0-15.061333 6.229333L512 451.669333 406.4 346.026667a21.333333 21.333333 0 0 0-30.165333 0l-30.165334 30.165333a21.333333 21.333333 0 0 0 0 30.165333L451.669333 512 346.026667 617.6a21.333333 21.333333 0 0 0 0 30.165333l30.165333 30.165334a21.333333 21.333333 0 0 0 30.165333 0L512 572.330667l105.6 105.6a21.333333 21.333333 0 0 0 30.165333 0l30.165334-30.165334a21.333333 21.333333 0 0 0 0-30.165333L572.330667 512l105.6-105.6a21.333333 21.333333 0 0 0 0-30.165333l-30.165334-30.165334a21.333333 21.333333 0 0 0-15.104-6.229333z\" fill=\"#000000\">\u003C/path>\u003C/symbol>\u003Csymbol id=\"iconfile_Recycle\" viewBox=\"0 0 1024 1024\">\u003Cpath d=\"M833.585951 290.441366a34.965854 34.965854 0 0 1 34.578732 38.237658l-0.062439 0.624391-53.610146 504.020292A128.724293 128.724293 0 0 1 688.727415 949.073171h-1.973074l-336.733658-0.811708a128.686829 128.686829 0 0 1-126.888585-113.639024l-0.237269-1.973073-53.972292-503.345951a34.953366 34.953366 0 0 1 33.891902-38.887025h630.759024l0.012488 0.024976zM421.813073 442.155707a34.903415 34.903415 0 0 0-34.716097 34.516293v241.726439a34.716098 34.716098 0 0 0 69.419707-0.249756V476.422244a34.903415 34.903415 0 0 0-34.716098-34.279024v0.012487z m181.110634 0a34.903415 34.903415 0 0 0-34.716097 34.516293v241.726439a34.716098 34.716098 0 0 0 69.419707-0.249756V476.422244a34.903415 34.903415 0 0 0-34.716097-34.279024v0.012487zM914.481951 195.559024a35.10322 35.10322 0 0 1 0.824195 70.193952H109.780293a35.10322 35.10322 0 0 1-0.824195-70.193952H914.481951zM648.504195 74.926829a35.10322 35.10322 0 0 1 0.836683 70.193951H375.458341A35.10322 35.10322 0 0 1 374.634146 74.926829h273.882537z\" fill=\"#86909C\">\u003C/path>\u003C/symbol>\u003Csymbol id=\"iconnetwork_OVS\" viewBox=\"0 0 1024 1024\">\u003Cpath d=\"M183.466667 775.509333a142.293333 142.293333 0 0 1-75.349334-20.992 163.754667 163.754667 0 0 1-55.125333-55.893333 150.186667 150.186667 0 0 1-20.608-77.226667l0.725333-243.413333c0-28.501333 6.869333-54.101333 20.650667-76.842667 13.482667-23.04 31.744-41.386667 54.741333-55.125333a141.610667 141.610667 0 0 1 75.008-21.034667c27.989333 0 53.12 6.912 75.349334 20.650667 22.528 13.738667 40.533333 32.256 54.016 55.466667 13.738667 23.04 20.608 48.64 20.608 76.885333l0.768 243.370667c0 28.032-6.741333 53.632-20.266667 76.885333-13.738667 23.509333-32 42.24-54.741333 56.277333a141.653333 141.653333 0 0 1-75.733334 20.992z m0-92.629333c15.530667 0 29.013333-6.272 40.533333-18.773333 11.52-12.714667 17.237333-26.965333 17.237333-42.752L240.512 378.026667c0-16.981333-5.376-31.36-16.128-43.093334a52.992 52.992 0 0 0-40.874667-17.621333c-15.786667 0-29.269333 5.717333-40.533333 17.237333-11.221333 11.52-16.853333 26.026667-16.853333 43.52v243.370667c0 16.725333 5.632 31.232 16.896 43.477333 11.221333 11.989333 24.746667 18.005333 40.490666 18.005334zM555.904 768h-93.013333c-2.218667 0-3.456-1.28-3.712-3.754667L352.981333 236.629333c-0.469333-2.005333 0.512-2.986667 2.986667-2.986666h87.04c2.005333 0 3.242667 0.981333 3.754667 2.986666l62.976 351.744 61.525333-351.744c0.469333-2.005333 1.706667-2.986667 3.754667-2.986666h85.845333c2.773333 0 3.754667 0.981333 2.986667 2.986666l-104.234667 527.616c-0.256 2.517333-1.493333 3.754667-3.754667 3.754667z m283.52 7.509333a142.293333 142.293333 0 0 1-75.392-20.992 160.554667 160.554667 0 0 1-54.741333-55.893333 152.362667 152.362667 0 0 1-20.266667-77.226667v-35.285333c0-2.730667 1.28-4.096 3.754667-4.096h86.272c2.005333 0 2.986667 1.365333 2.986666 4.096v35.242667c0 16.768 5.632 31.274667 16.896 43.52 11.221333 11.989333 24.746667 18.005333 40.490667 18.005333 16 0 29.610667-6.144 40.874667-18.346667 11.264-12.544 16.853333-26.88 16.853333-43.136 0-18.773333-12.245333-35.157333-36.736-49.152a290.048 290.048 0 0 0-15.786667-8.96 618.069333 618.069333 0 0 0-22.442666-12.8l-25.514667-13.866666c-8.277333-4.736-16.256-9.258667-24.021333-13.482667-27.989333-16.512-48.853333-37.12-62.592-61.866667-13.525333-25.002667-20.266667-53.034667-20.266667-84.053333 0-28.458667 6.997333-54.186667 20.992-77.226667a157.226667 157.226667 0 0 1 54.741333-53.973333 142.250667 142.250667 0 0 1 73.898667-20.266667c27.264 0 52.266667 6.741333 75.008 20.266667 22.741333 13.738667 40.874667 32 54.357333 54.741333 13.738667 22.741333 20.650667 48.213333 20.650667 76.501334v62.976c0 2.005333-1.024 2.986667-2.986667 2.986666h-86.272c-2.005333 0-2.986667-0.981333-2.986666-2.986666l-0.768-62.976c0-18.005333-5.632-32.64-16.896-43.904a54.826667 54.826667 0 0 0-40.106667-16.853334c-15.786667 0-29.269333 5.973333-40.533333 18.005334a60.416 60.416 0 0 0-16.853334 42.752c0 16.725333 3.498667 30.72 10.496 41.984 7.253333 11.264 20.394667 22.016 39.381334 32.256a1883.221333 1883.221333 0 0 1 37.888 20.992c8.96 4.736 17.109333 9.130667 24.362666 13.141333l13.141334 6.741333c25.472 14.250667 45.610667 31.744 60.373333 52.48 14.976 20.778667 22.485333 46.293333 22.485333 76.501334 0 29.269333-6.741333 55.509333-20.266666 78.762666-13.738667 23.253333-32 41.642667-54.741334 55.125334a145.621333 145.621333 0 0 1-75.733333 20.266666z\" fill=\"#1D2129\">\u003C/path>\u003C/symbol>\u003Csymbol id=\"iconupdatable\" viewBox=\"0 0 1024 1024\">\u003Cpath d=\"M85.333333 512a426.666667 426.666667 0 1 0 853.333334 0 426.666667 426.666667 0 0 0-853.333334 0z\" fill=\"#209AFF\">\u003C/path>\u003Cpath d=\"M738.133333 435.2c0 6.058667-0.256 12.16-0.768 18.176a116.352 116.352 0 0 1 40.490667 13.226667 128.554667 128.554667 0 0 1 17.834667 11.861333 119.466667 119.466667 0 0 1 37.248 51.370667 116.138667 116.138667 0 0 1 5.674666 20.608 119.125333 119.125333 0 0 1-27.221333 99.498666 117.376 117.376 0 0 1-33.024 26.624 116.352 116.352 0 0 1-19.498667 8.490667 113.493333 113.493333 0 0 1-20.736 4.906667v1.237333H328.533333a130.645333 130.645333 0 0 1-26.624-2.645333 134.485333 134.485333 0 0 1-49.237333-20.352 143.189333 143.189333 0 0 1-29.696-26.88 131.968 131.968 0 0 1-14.848-22.272A138.922667 138.922667 0 0 1 192 554.666667a133.12 133.12 0 0 1 1.834667-22.442667 154.282667 154.282667 0 0 1 5.546666-21.845333 147.925333 147.925333 0 0 1 9.045334-20.608 143.061333 143.061333 0 0 1 19.541333-27.477334 137.685333 137.685333 0 0 1 35.413333-27.605333 130.133333 130.133333 0 0 1 20.608-9.088c3.541333-1.237333 7.125333-2.304 10.794667-3.242667a230.826667 230.826667 0 0 1 6.357333-41.386666 254.890667 254.890667 0 0 1 6.058667-20.053334 241.493333 241.493333 0 0 1 7.936-19.456 212.053333 212.053333 0 0 1 15.317333-27.434666 194.005333 194.005333 0 0 1 12.245334-17.066667 251.946667 251.946667 0 0 1 13.824-15.744 253.952 253.952 0 0 1 15.274666-14.378667 224.298667 224.298667 0 0 1 92.501334-47.36 273.706667 273.706667 0 0 1 20.608-3.882666A228.352 228.352 0 0 1 516.266667 213.333333a216.533333 216.533333 0 0 1 43.264 4.266667 204.8 204.8 0 0 1 21.162666 5.290667 218.453333 218.453333 0 0 1 49.664 22.016 238.848 238.848 0 0 1 18.090667 12.074666 239.36 239.36 0 0 1 16.810667 13.824 225.365333 225.365333 0 0 1 35.498666 41.088 240.810667 240.810667 0 0 1 16.085334 28.458667 245.418667 245.418667 0 0 1 8.32 20.096 202.154667 202.154667 0 0 1 6.314666 20.864 207.573333 207.573333 0 0 1 5.589334 32.128 250.752 250.752 0 0 1 1.066666 21.76z\" fill=\"#89CAFF\">\u003C/path>\u003Cpath d=\"M483.925333 341.333333a17.066667 17.066667 0 0 0-17.066666 17.066667v136.533333H422.357333a17.066667 17.066667 0 0 0-12.885333 28.245334l95.658667 110.506666a16.810667 16.810667 0 0 0 12.928 5.845334 16.981333 16.981333 0 0 0 12.885333-5.888l95.658667-110.506667a16.725333 16.725333 0 0 0 4.010666-13.568 16.896 16.896 0 0 0-12.117333-13.952 16.810667 16.810667 0 0 0-4.778667-0.682667h-44.458666V358.4a17.066667 17.066667 0 0 0-17.066667-17.066667h-68.266667z\" fill=\"#FFFFFF\">\u003C/path>\u003C/symbol>\u003Csymbol id=\"iconuesr_set_account\" viewBox=\"0 0 1024 1024\">\u003Cpath d=\"M938.666667 864.384v12.373333a19.157333 19.157333 0 0 1-19.370667 19.242667h-39.552a20.096 20.096 0 0 1-19.797333-18.432 103.765333 103.765333 0 0 0-0.426667-3.84c-10.026667-74.026667-66.432-130.730667-127.914667-130.730667H621.653333c-61.909333 0-118.314667 57.472-127.744 132.266667a81.493333 81.493333 0 0 0-0.213333 2.218667 20.181333 20.181333 0 0 1-19.84 18.517333h-39.466667a19.498667 19.498667 0 0 1-13.738666-5.632 19.157333 19.157333 0 0 1-5.674667-13.568v-12.416c0-90.624 63.018667-167.04 145.194667-190.72a161.706667 161.706667 0 0 1-34.346667-177.450667 163.413333 163.413333 0 0 1 60.714667-72.704 165.632 165.632 0 0 1 182.314666 0.213334 163.413333 163.413333 0 0 1 60.586667 72.874666 161.706667 161.706667 0 0 1-34.816 177.365334c81.621333 23.936 144 100.096 144 190.421333zM162.901333 204.885333v576.512h169.685334v76.885334H124.16a38.997333 38.997333 0 0 1-27.434667-11.264 38.272 38.272 0 0 1-11.349333-27.178667V166.442667c0-10.24 4.096-19.968 11.349333-27.178667A38.954667 38.954667 0 0 1 124.16 128h698.197333c10.24 0 20.138667 4.053333 27.434667 11.264 7.253333 7.210667 11.349333 16.981333 11.349333 27.178667v220.8a323.456 323.456 0 0 0-77.568-47.061334V204.885333H162.901333z m77.568 192.170667c0-5.12 2.048-9.984 5.674667-13.610667a19.498667 19.498667 0 0 1 13.738667-5.589333h174.506666a19.456 19.456 0 0 1 19.413334 19.2v38.4c0 5.12-2.005333 10.026667-5.674667 13.653333a19.456 19.456 0 0 1-13.696 5.589334H259.84a19.498667 19.498667 0 0 1-13.738667-5.632 19.114667 19.114667 0 0 1-5.674666-13.568v-38.442667z m0 153.728c0-5.077333 2.048-9.984 5.674667-13.568a19.498667 19.498667 0 0 1 13.738667-5.632h77.568c5.12 0 10.069333 2.005333 13.696 5.632 3.669333 3.584 5.717333 8.490667 5.717333 13.568v38.442667a19.498667 19.498667 0 0 1-19.413333 19.2H259.882667a19.498667 19.498667 0 0 1-13.738667-5.589334 19.157333 19.157333 0 0 1-5.674667-13.610666v-38.4z m437.12-77.568c-23.04 0-45.226667 9.045333-61.525333 25.216a85.76 85.76 0 0 0 0 121.898667 87.381333 87.381333 0 0 0 123.008 0 85.76 85.76 0 0 0 0-121.898667 87.381333 87.381333 0 0 0-61.482667-25.216z\" fill=\"#1D2129\">\u003C/path>\u003C/symbol>\u003Csymbol id=\"iconuesr_set_display\" viewBox=\"0 0 1024 1024\">\u003Cpath d=\"M876.8 834.005333A19.114667 19.114667 0 0 1 896 853.333333v66.005334a19.413333 19.413333 0 0 1-19.2 19.328H147.2a19.114667 19.114667 0 0 1-19.2-19.328V853.333333a19.413333 19.413333 0 0 1 19.2-19.328h729.6z m-415.744-743.253333l294.4 296.661333a36.864 36.864 0 0 1 7.978667 40.192 36.821333 36.821333 0 0 1-7.936 11.946667l-287.701334 289.877333a36.437333 36.437333 0 0 1-51.754666 0l-240.469334-242.261333a36.864 36.864 0 0 1-7.936-40.192 36.864 36.864 0 0 1 7.936-11.946667l261.376-263.381333-28.117333-28.288a18.432 18.432 0 0 1 0-26.069333l26.368-26.581334a18.218667 18.218667 0 0 1 25.856 0z m304.170667 461.653333l51.712 54.485334c28.586667 30.08 28.586667 78.890667 0 109.013333a70.912 70.912 0 0 1-51.712 22.528 70.485333 70.485333 0 0 1-51.754667-22.528 80 80 0 0 1 0-109.013333l51.754667-54.485334z m-276.522667-328.618666l-235.008 236.8 18.389333 18.56 342.186667-1.578667 63.146667-63.616-188.714667-190.165333z\" fill=\"#1D2129\">\u003C/path>\u003C/symbol>\u003Csymbol id=\"iconMount_SMB_not\" viewBox=\"0 0 1024 1024\">\u003Cpath d=\"M42.666667 111.893333a47.829333 47.829333 0 0 1 3.562666-18.346666c1.130667-2.922667 2.624-5.696 4.330667-8.298667 1.685333-2.602667 3.648-4.992 5.802667-7.296a48.448 48.448 0 0 1 15.210666-10.389333A46.890667 46.890667 0 0 1 89.6 64h321.024c9.173333 0 18.133333 2.730667 25.813333 7.893333 7.68 5.141333 13.674667 12.501333 17.28 21.141334l23.082667 54.72H934.4a48.810667 48.810667 0 0 1 17.92 3.626666 48.448 48.448 0 0 1 15.210667 10.389334c2.154667 2.325333 4.138667 4.736 5.824 7.317333 1.792 2.602667 3.2 5.397333 4.309333 8.277333a42.666667 42.666667 0 0 1 2.730667 8.938667c0.554667 3.178667 0.938667 6.250667 0.938666 9.429333V698.666667c0 3.178667-0.384 6.250667-0.938666 9.322666a41.813333 41.813333 0 0 1-2.730667 9.045334 40.661333 40.661333 0 0 1-4.309333 8.256 53.333333 53.333333 0 0 1-5.824 7.317333 48.469333 48.469333 0 0 1-15.210667 10.389333 48.704 48.704 0 0 1-17.92 3.648H89.6a48.853333 48.853333 0 0 1-18.026667-3.648 48.469333 48.469333 0 0 1-15.210666-10.389333 53.333333 53.333333 0 0 1-5.802667-7.317333 45.930667 45.930667 0 0 1-4.330667-8.256A47.829333 47.829333 0 0 1 42.666667 698.666667V111.893333z\" fill=\"#9FA9B4\">\u003C/path>\u003Cpath d=\"M193.216 192h637.482667C859.989333 192 874.666667 208.746667 874.666667 242.432v453.802667C874.666667 729.834667 859.989333 746.666667 830.72 746.666667H193.194667C163.925333 746.666667 149.333333 729.813333 149.333333 696.234667V242.432C149.333333 208.725333 163.925333 192 193.216 192z\" fill=\"#EAEAEA\">\u003C/path>\u003Cpath d=\"M89.6 256h844.8c31.253333 0 46.933333 13.205333 46.933333 39.786667v411.008C981.333333 733.376 965.653333 746.666667 934.4 746.666667H89.6C58.24 746.666667 42.666667 733.376 42.666667 706.773333V295.808C42.666667 269.226667 58.24 256 89.6 256z\" fill=\"#A5B2C4\">\u003C/path>\u003Cpath d=\"M43.178667 877.909333a20.48 20.48 0 0 1 20.778666-20.202666h903.68a20.48 20.48 0 0 1 20.778667 20.202666v47.125334a20.48 20.48 0 0 1-20.778667 20.202666H63.957333a20.48 20.48 0 0 1-20.778666-20.202666v-47.146667z\" fill=\"#86909C\">\u003C/path>\u003Cpath d=\"M470.784 748.309333h90.026667v109.397334h-90.026667v-109.397334z\" fill=\"#86909C\">\u003C/path>\u003Cpath d=\"M167.850667 526.613333l62.869333-3.946666c1.344 10.218667 4.117333 17.984 8.32 23.338666 6.784 8.64 16.512 12.970667 29.141333 12.970667 9.429333 0 16.682667-2.176 21.738667-6.570667 5.141333-4.48 7.722667-9.6 7.722667-15.445333 0-5.546667-2.432-10.496-7.296-14.869333-4.842667-4.373333-16.128-8.533333-33.834667-12.394667-28.970667-6.528-49.621333-15.168-61.973333-25.962667-12.437333-10.794667-18.666667-24.533333-18.666667-41.28 0-10.986667 3.157333-21.333333 9.472-31.061333 6.421333-9.813333 16-17.493333 28.736-23.04 12.842667-5.632 30.378667-8.448 52.650667-8.448 27.306667 0 48.128 5.098667 62.421333 15.296 14.378667 10.112 22.933333 26.24 25.664 48.426667l-62.293333 3.626666c-1.642667-9.6-5.12-16.618667-10.474667-20.992-5.248-4.373333-12.544-6.549333-21.888-6.549333-7.68 0-13.44 1.642667-17.344 4.949333a14.762667 14.762667 0 0 0-5.845333 11.818667c0 3.413333 1.621333 6.464 4.821333 9.173333 3.114667 2.837333 10.496 5.461333 22.165333 7.893334 28.885333 6.208 49.536 12.544 61.973334 18.944 12.544 6.336 21.632 14.208 27.285333 23.637333 5.738667 9.429333 8.597333 19.968 8.597333 31.637333 0 13.717333-3.797333 26.346667-11.370666 37.930667-7.594667 11.562667-18.176 20.352-31.786667 26.389333-13.610667 5.930667-30.784 8.896-51.498667 8.896-36.352 0-61.525333-6.997333-75.52-21.013333-14.016-13.994667-21.930667-31.786667-23.786666-53.354667z m226.624-143.061333h86.912l33.557333 130.069333 33.386667-130.090666h86.613333V597.333333h-53.952v-163.050666L539.136 597.333333h-48.853333l-41.706667-163.050666V597.333333h-54.101333V383.552z m282.922666 0h123.669334c20.608 0 36.416 5.098667 47.402666 15.296 11.072 10.218667 16.618667 22.848 16.618667 37.930667 0 12.629333-3.946667 23.466667-11.818667 32.512-5.248 6.037333-12.928 10.794667-23.04 14.293333 15.36 3.690667 26.645333 10.069333 33.834667 19.114667 7.296 8.938667 10.944 20.202667 10.944 33.813333 0 11.093333-2.581333 21.056-7.744 29.909333a56.917333 56.917333 0 0 1-21.12 20.992c-5.546667 3.2-13.930667 5.546667-25.109333 6.997334-14.869333 1.941333-24.746667 2.922667-29.589334 2.922666h-114.048V383.552z m66.645334 83.84h28.736c10.304 0 17.450667-1.749333 21.44-5.248 4.053333-3.605333 6.122667-8.746667 6.122666-15.445333 0-6.229333-2.048-11.093333-6.144-14.592-3.968-3.498667-10.965333-5.248-20.992-5.248h-29.162666v40.533333z m0 84.010667h33.706666c11.349333 0 19.370667-2.005333 24.042667-5.973334 4.672-4.096 6.997333-9.536 6.997333-16.341333a18.56 18.56 0 0 0-6.997333-15.168c-4.565333-3.882667-12.650667-5.845333-24.213333-5.845333h-33.536v43.306666z\" fill=\"#FFFFFF\">\u003C/path>\u003C/symbol>\u003Csymbol id=\"iconMount_DAV_not\" viewBox=\"0 0 1024 1024\">\u003Cpath d=\"M42.666667 111.893333a47.829333 47.829333 0 0 1 3.562666-18.346666c1.130667-2.922667 2.624-5.696 4.330667-8.298667 1.685333-2.602667 3.648-4.992 5.802667-7.296a48.448 48.448 0 0 1 15.210666-10.389333A46.890667 46.890667 0 0 1 89.6 64h321.024c9.173333 0 18.133333 2.730667 25.813333 7.893333 7.68 5.141333 13.674667 12.501333 17.28 21.141334l23.082667 54.72H934.4a48.810667 48.810667 0 0 1 17.92 3.626666 48.448 48.448 0 0 1 15.210667 10.389334c2.154667 2.325333 4.138667 4.736 5.824 7.317333 1.792 2.602667 3.2 5.397333 4.309333 8.277333a42.666667 42.666667 0 0 1 2.730667 8.938667c0.554667 3.178667 0.938667 6.250667 0.938666 9.429333V698.666667c0 3.178667-0.384 6.250667-0.938666 9.322666a41.813333 41.813333 0 0 1-2.730667 9.045334 40.661333 40.661333 0 0 1-4.309333 8.256 53.333333 53.333333 0 0 1-5.824 7.317333 48.469333 48.469333 0 0 1-15.210667 10.389333 48.704 48.704 0 0 1-17.92 3.648H89.6a48.853333 48.853333 0 0 1-18.026667-3.648 48.469333 48.469333 0 0 1-15.210666-10.389333 53.333333 53.333333 0 0 1-5.802667-7.317333 45.930667 45.930667 0 0 1-4.330667-8.256A47.829333 47.829333 0 0 1 42.666667 698.666667V111.893333z\" fill=\"#9FA9B4\">\u003C/path>\u003Cpath d=\"M193.216 192h637.482667C859.989333 192 874.666667 208.746667 874.666667 242.432v453.802667C874.666667 729.834667 859.989333 746.666667 830.72 746.666667H193.194667C163.925333 746.666667 149.333333 729.813333 149.333333 696.234667V242.432C149.333333 208.725333 163.925333 192 193.216 192z\" fill=\"#EAEAEA\">\u003C/path>\u003Cpath d=\"M89.6 256h844.8c31.253333 0 46.933333 13.205333 46.933333 39.786667v411.008C981.333333 733.376 965.653333 746.666667 934.4 746.666667H89.6C58.24 746.666667 42.666667 733.376 42.666667 706.773333V295.808C42.666667 269.226667 58.24 256 89.6 256z\" fill=\"#A5B2C4\">\u003C/path>\u003Cpath d=\"M43.178667 877.909333a20.48 20.48 0 0 1 20.778666-20.202666h903.68a20.48 20.48 0 0 1 20.778667 20.202666v47.125334a20.48 20.48 0 0 1-20.778667 20.202666H63.957333a20.48 20.48 0 0 1-20.778666-20.202666v-47.146667z\" fill=\"#86909C\">\u003C/path>\u003Cpath d=\"M470.784 748.309333h90.026667v109.397334h-90.026667v-109.397334z\" fill=\"#86909C\">\u003C/path>\u003Cpath d=\"M200.789333 383.552h98.133334c19.370667 0 34.965333 2.624 46.826666 7.872 11.946667 5.248 21.824 12.778667 29.610667 22.613333 7.765333 9.813333 13.418667 21.226667 16.917333 34.261334 3.498667 13.013333 5.248 26.837333 5.248 41.408 0 22.848-2.624 40.597333-7.893333 53.226666a88.021333 88.021333 0 0 1-21.568 31.658667c-9.237333 8.448-19.157333 14.08-29.76 16.917333-14.485333 3.882667-27.605333 5.824-39.36 5.824h-98.133333V383.552z m66.069334 48.405333v116.821334h16.192c13.802667 0 23.616-1.514667 29.44-4.522667 5.845333-3.114667 10.410667-8.469333 13.717333-16.042667 3.306667-7.68 4.949333-20.074667 4.949333-37.184 0-22.656-3.690667-38.186667-11.093333-46.528-7.36-8.362667-19.626667-12.544-36.736-12.544h-16.469333z m284.224 130.090667h-75.242667L465.472 597.333333h-67.52l80.362667-213.781333h72.042666L630.72 597.333333h-69.12l-10.517333-35.285333z m-13.866667-46.229333l-23.616-76.864-23.466667 76.864h47.104z m77.013333-132.266667h69.12l48.128 153.834667 47.402667-153.856h67.072L766.613333 597.333333H695.04l-80.789333-213.781333z\" fill=\"#FFFFFF\">\u003C/path>\u003C/symbol>\u003Csymbol id=\"iconMount_NFS_Online\" viewBox=\"0 0 1024 1024\">\u003Cpath d=\"M42.666667 111.893333a47.829333 47.829333 0 0 1 3.562666-18.346666c1.130667-2.922667 2.624-5.696 4.330667-8.298667 1.685333-2.602667 3.648-4.992 5.802667-7.296a48.448 48.448 0 0 1 15.210666-10.389333A46.890667 46.890667 0 0 1 89.6 64h321.024c9.173333 0 18.133333 2.730667 25.813333 7.893333 7.68 5.141333 13.674667 12.501333 17.28 21.141334l23.082667 54.72H934.4a48.810667 48.810667 0 0 1 17.92 3.626666 48.426667 48.426667 0 0 1 15.210667 10.389334c2.154667 2.325333 4.138667 4.736 5.824 7.317333 1.792 2.602667 3.2 5.397333 4.309333 8.277333a42.666667 42.666667 0 0 1 2.730667 8.938667c0.554667 3.178667 0.938667 6.250667 0.938666 9.429333V698.666667c0 3.178667-0.384 6.250667-0.938666 9.322666a41.813333 41.813333 0 0 1-2.730667 9.045334 40.661333 40.661333 0 0 1-4.309333 8.256 53.333333 53.333333 0 0 1-5.824 7.317333 48.469333 48.469333 0 0 1-15.210667 10.389333 48.704 48.704 0 0 1-17.92 3.648H89.6a48.853333 48.853333 0 0 1-18.026667-3.648 48.469333 48.469333 0 0 1-15.210666-10.389333 53.333333 53.333333 0 0 1-5.802667-7.317333 45.930667 45.930667 0 0 1-4.330667-8.256A47.829333 47.829333 0 0 1 42.666667 698.666667V111.893333z\" fill=\"#FFB02C\">\u003C/path>\u003Cpath d=\"M193.216 192h637.482667C859.989333 192 874.666667 208.746667 874.666667 242.432v453.802667C874.666667 729.834667 859.989333 746.666667 830.72 746.666667H193.194667C163.925333 746.666667 149.333333 729.813333 149.333333 696.234667V242.432C149.333333 208.725333 163.925333 192 193.216 192z\" fill=\"#FFE4BA\">\u003C/path>\u003Cpath d=\"M89.6 256h844.8c31.253333 0 46.933333 13.205333 46.933333 39.786667v411.008C981.333333 733.376 965.653333 746.666667 934.4 746.666667H89.6C58.24 746.666667 42.666667 733.376 42.666667 706.773333V295.808C42.666667 269.226667 58.24 256 89.6 256z\" fill=\"#FFCA28\">\u003C/path>\u003Cpath d=\"M43.178667 877.909333a20.48 20.48 0 0 1 20.778666-20.202666h903.68a20.48 20.48 0 0 1 20.778667 20.202666v47.125334a20.48 20.48 0 0 1-20.778667 20.202666H63.957333a20.48 20.48 0 0 1-20.778666-20.202666v-47.146667z\" fill=\"#86909C\">\u003C/path>\u003Cpath d=\"M470.784 748.309333h90.026667v109.397334h-90.026667v-109.397334z\" fill=\"#86909C\">\u003C/path>\u003Cpath d=\"M202.389333 383.552h61.696l80.490667 118.272v-118.272h62.293333V597.333333h-62.293333L264.533333 479.936V597.333333H202.389333V383.552z m248.661334 0h163.328v45.930667h-96.981334v37.333333h82.837334v43.157333h-82.837334V597.333333h-66.346666V383.552z m187.392 143.061333l62.848-3.946666c1.365333 10.218667 4.138667 17.984 8.32 23.338666 6.805333 8.64 16.512 12.970667 29.162666 12.970667 9.429333 0 16.661333-2.176 21.717334-6.570667 5.162667-4.48 7.744-9.6 7.744-15.445333 0-5.546667-2.432-10.496-7.296-14.869333-4.864-4.373333-16.149333-8.533333-33.834667-12.394667-28.970667-6.528-49.621333-15.168-61.973333-25.962667-12.458667-10.794667-18.666667-24.533333-18.666667-41.28 0-10.986667 3.157333-21.333333 9.472-31.061333 6.4-9.813333 16-17.493333 28.736-23.04 12.821333-5.632 30.378667-8.448 52.650667-8.448 27.306667 0 48.106667 5.098667 62.4 15.296 14.4 10.112 22.954667 26.24 25.664 48.426667l-62.250667 3.626666c-1.664-9.6-5.162667-16.618667-10.517333-20.992-5.248-4.373333-12.544-6.549333-21.866667-6.549333-7.68 0-13.461333 1.642667-17.365333 4.949333a14.762667 14.762667 0 0 0-5.824 11.818667c0 3.413333 1.6 6.464 4.821333 9.173333 3.093333 2.837333 10.496 5.461333 22.165333 7.893334 28.864 6.208 49.536 12.544 61.973334 18.944 12.544 6.336 21.632 14.208 27.264 23.637333 5.76 9.429333 8.618667 19.968 8.618666 31.637333 0 13.717333-3.797333 26.346667-11.392 37.930667-7.573333 11.562667-18.176 20.352-31.786666 26.389333-13.610667 5.930667-30.762667 8.896-51.477334 8.896-36.352 0-61.546667-6.997333-75.541333-21.013333-13.994667-13.994667-21.930667-31.786667-23.765333-53.354667z\" fill=\"#FFFFFF\">\u003C/path>\u003C/symbol>\u003Csymbol id=\"iconMount_DAV_Online\" viewBox=\"0 0 1024 1024\">\u003Cpath d=\"M42.666667 111.893333a47.829333 47.829333 0 0 1 3.562666-18.346666c1.130667-2.922667 2.624-5.696 4.330667-8.298667 1.685333-2.602667 3.648-4.992 5.802667-7.296a48.448 48.448 0 0 1 15.210666-10.389333A46.890667 46.890667 0 0 1 89.6 64h321.024c9.173333 0 18.133333 2.730667 25.813333 7.893333 7.68 5.141333 13.674667 12.501333 17.28 21.141334l23.082667 54.72H934.4a48.810667 48.810667 0 0 1 17.92 3.626666 48.426667 48.426667 0 0 1 15.210667 10.389334c2.154667 2.325333 4.138667 4.736 5.824 7.317333 1.792 2.602667 3.2 5.397333 4.309333 8.277333a42.666667 42.666667 0 0 1 2.730667 8.938667c0.554667 3.178667 0.938667 6.250667 0.938666 9.429333V698.666667c0 3.178667-0.384 6.250667-0.938666 9.322666a41.813333 41.813333 0 0 1-2.730667 9.045334 40.661333 40.661333 0 0 1-4.309333 8.256 53.333333 53.333333 0 0 1-5.824 7.317333 48.469333 48.469333 0 0 1-15.210667 10.389333 48.704 48.704 0 0 1-17.92 3.648H89.6a48.853333 48.853333 0 0 1-18.026667-3.648 48.469333 48.469333 0 0 1-15.210666-10.389333 53.333333 53.333333 0 0 1-5.802667-7.317333 45.930667 45.930667 0 0 1-4.330667-8.256A47.829333 47.829333 0 0 1 42.666667 698.666667V111.893333z\" fill=\"#FFB02C\">\u003C/path>\u003Cpath d=\"M193.216 192h637.482667C859.989333 192 874.666667 208.746667 874.666667 242.432v453.802667C874.666667 729.834667 859.989333 746.666667 830.72 746.666667H193.194667C163.925333 746.666667 149.333333 729.813333 149.333333 696.234667V242.432C149.333333 208.725333 163.925333 192 193.216 192z\" fill=\"#FFE4BA\">\u003C/path>\u003Cpath d=\"M89.6 256h844.8c31.253333 0 46.933333 13.205333 46.933333 39.786667v411.008C981.333333 733.376 965.653333 746.666667 934.4 746.666667H89.6C58.24 746.666667 42.666667 733.376 42.666667 706.773333V295.808C42.666667 269.226667 58.24 256 89.6 256z\" fill=\"#FFCA28\">\u003C/path>\u003Cpath d=\"M43.178667 877.909333a20.48 20.48 0 0 1 20.778666-20.202666h903.68a20.48 20.48 0 0 1 20.778667 20.202666v47.125334a20.48 20.48 0 0 1-20.778667 20.202666H63.957333a20.48 20.48 0 0 1-20.778666-20.202666v-47.146667z\" fill=\"#86909C\">\u003C/path>\u003Cpath d=\"M470.784 748.309333h90.026667v109.397334h-90.026667v-109.397334z\" fill=\"#86909C\">\u003C/path>\u003Cpath d=\"M200.789333 383.552h98.133334c19.370667 0 34.965333 2.624 46.826666 7.872 11.946667 5.248 21.824 12.778667 29.610667 22.613333 7.765333 9.813333 13.418667 21.226667 16.917333 34.261334 3.498667 13.013333 5.248 26.837333 5.248 41.408 0 22.848-2.624 40.597333-7.893333 53.226666a88.021333 88.021333 0 0 1-21.568 31.658667c-9.237333 8.448-19.157333 14.08-29.76 16.917333-14.485333 3.882667-27.605333 5.824-39.36 5.824h-98.133333V383.552z m66.069334 48.405333v116.821334h16.192c13.802667 0 23.616-1.514667 29.44-4.522667 5.845333-3.114667 10.410667-8.469333 13.717333-16.042667 3.306667-7.68 4.949333-20.074667 4.949333-37.184 0-22.656-3.690667-38.186667-11.093333-46.528-7.36-8.362667-19.626667-12.544-36.736-12.544h-16.469333z m284.224 130.090667h-75.242667L465.472 597.333333h-67.52l80.362667-213.781333h72.042666L630.72 597.333333h-69.12l-10.517333-35.285333z m-13.866667-46.229333l-23.616-76.864-23.466667 76.864h47.104z m77.013333-132.266667h69.12l48.128 153.834667 47.402667-153.856h67.072L766.613333 597.333333H695.04l-80.789333-213.781333z\" fill=\"#FFFFFF\">\u003C/path>\u003C/symbol>\u003Csymbol id=\"iconMount_SMB_Online\" viewBox=\"0 0 1024 1024\">\u003Cpath d=\"M42.666667 111.893333a47.829333 47.829333 0 0 1 3.562666-18.346666c1.130667-2.922667 2.624-5.696 4.330667-8.298667 1.685333-2.602667 3.648-4.992 5.802667-7.296a48.448 48.448 0 0 1 15.210666-10.389333A46.890667 46.890667 0 0 1 89.6 64h321.024c9.173333 0 18.133333 2.730667 25.813333 7.893333 7.68 5.141333 13.674667 12.501333 17.28 21.141334l23.082667 54.72H934.4a48.810667 48.810667 0 0 1 17.92 3.626666 48.426667 48.426667 0 0 1 15.210667 10.389334c2.154667 2.325333 4.138667 4.736 5.824 7.317333 1.792 2.602667 3.2 5.397333 4.309333 8.277333a42.666667 42.666667 0 0 1 2.730667 8.938667c0.554667 3.178667 0.938667 6.250667 0.938666 9.429333V698.666667c0 3.178667-0.384 6.250667-0.938666 9.322666a41.813333 41.813333 0 0 1-2.730667 9.045334 40.661333 40.661333 0 0 1-4.309333 8.256 53.333333 53.333333 0 0 1-5.824 7.317333 48.469333 48.469333 0 0 1-15.210667 10.389333 48.704 48.704 0 0 1-17.92 3.648H89.6a48.853333 48.853333 0 0 1-18.026667-3.648 48.469333 48.469333 0 0 1-15.210666-10.389333 53.333333 53.333333 0 0 1-5.802667-7.317333 45.930667 45.930667 0 0 1-4.330667-8.256A47.829333 47.829333 0 0 1 42.666667 698.666667V111.893333z\" fill=\"#FFB02C\">\u003C/path>\u003Cpath d=\"M193.216 192h637.482667C859.989333 192 874.666667 208.746667 874.666667 242.432v453.802667C874.666667 729.834667 859.989333 746.666667 830.72 746.666667H193.194667C163.925333 746.666667 149.333333 729.813333 149.333333 696.234667V242.432C149.333333 208.725333 163.925333 192 193.216 192z\" fill=\"#FFE4BA\">\u003C/path>\u003Cpath d=\"M89.6 256h844.8c31.253333 0 46.933333 13.205333 46.933333 39.786667v411.008C981.333333 733.376 965.653333 746.666667 934.4 746.666667H89.6C58.24 746.666667 42.666667 733.376 42.666667 706.773333V295.808C42.666667 269.226667 58.24 256 89.6 256z\" fill=\"#FFCA28\">\u003C/path>\u003Cpath d=\"M43.178667 877.909333a20.48 20.48 0 0 1 20.778666-20.202666h903.68a20.48 20.48 0 0 1 20.778667 20.202666v47.125334a20.48 20.48 0 0 1-20.778667 20.202666H63.957333a20.48 20.48 0 0 1-20.778666-20.202666v-47.146667z\" fill=\"#86909C\">\u003C/path>\u003Cpath d=\"M470.784 748.309333h90.026667v109.397334h-90.026667v-109.397334z\" fill=\"#86909C\">\u003C/path>\u003Cpath d=\"M167.850667 526.613333l62.869333-3.946666c1.344 10.218667 4.117333 17.984 8.32 23.338666 6.784 8.64 16.512 12.970667 29.141333 12.970667 9.429333 0 16.682667-2.176 21.738667-6.570667 5.141333-4.48 7.722667-9.6 7.722667-15.445333 0-5.546667-2.432-10.496-7.296-14.869333-4.842667-4.373333-16.128-8.533333-33.834667-12.394667-28.970667-6.528-49.621333-15.168-61.973333-25.962667-12.437333-10.794667-18.666667-24.533333-18.666667-41.28 0-10.986667 3.157333-21.333333 9.472-31.061333 6.421333-9.813333 16-17.493333 28.736-23.04 12.842667-5.632 30.378667-8.448 52.650667-8.448 27.306667 0 48.128 5.098667 62.421333 15.296 14.378667 10.112 22.933333 26.24 25.664 48.426667l-62.293333 3.626666c-1.642667-9.6-5.12-16.618667-10.474667-20.992-5.248-4.373333-12.544-6.549333-21.888-6.549333-7.68 0-13.44 1.642667-17.344 4.949333a14.762667 14.762667 0 0 0-5.845333 11.818667c0 3.413333 1.621333 6.464 4.821333 9.173333 3.114667 2.837333 10.496 5.461333 22.165333 7.893334 28.885333 6.208 49.536 12.544 61.973334 18.944 12.544 6.336 21.632 14.208 27.285333 23.637333 5.738667 9.429333 8.597333 19.968 8.597333 31.637333 0 13.717333-3.797333 26.346667-11.370666 37.930667-7.594667 11.562667-18.176 20.352-31.786667 26.389333-13.610667 5.930667-30.784 8.896-51.498667 8.896-36.352 0-61.525333-6.997333-75.52-21.013333-14.016-13.994667-21.930667-31.786667-23.786666-53.354667z m226.624-143.061333h86.912l33.557333 130.069333 33.386667-130.090666h86.613333V597.333333h-53.952v-163.050666L539.136 597.333333h-48.853333l-41.706667-163.050666V597.333333h-54.101333V383.552z m282.922666 0h123.669334c20.608 0 36.416 5.098667 47.402666 15.296 11.072 10.218667 16.618667 22.848 16.618667 37.930667 0 12.629333-3.946667 23.466667-11.818667 32.512-5.248 6.037333-12.928 10.794667-23.04 14.293333 15.36 3.690667 26.645333 10.069333 33.834667 19.114667 7.296 8.938667 10.944 20.202667 10.944 33.813333 0 11.093333-2.581333 21.056-7.744 29.909333a56.917333 56.917333 0 0 1-21.12 20.992c-5.546667 3.2-13.930667 5.546667-25.109333 6.997334-14.869333 1.941333-24.746667 2.922667-29.589334 2.922666h-114.048V383.552z m66.645334 83.84h28.736c10.304 0 17.450667-1.749333 21.44-5.248 4.053333-3.605333 6.122667-8.746667 6.122666-15.445333 0-6.229333-2.048-11.093333-6.144-14.592-3.968-3.498667-10.965333-5.248-20.992-5.248h-29.162666v40.533333z m0 84.010667h33.706666c11.349333 0 19.370667-2.005333 24.042667-5.973334 4.672-4.096 6.997333-9.536 6.997333-16.341333a18.56 18.56 0 0 0-6.997333-15.168c-4.565333-3.882667-12.650667-5.845333-24.213333-5.845333h-33.536v43.306666z\" fill=\"#FFFFFF\">\u003C/path>\u003C/symbol>\u003Csymbol id=\"iconMount_NFS_not\" viewBox=\"0 0 1024 1024\">\u003Cpath d=\"M42.666667 111.893333a47.829333 47.829333 0 0 1 3.562666-18.346666c1.130667-2.922667 2.624-5.696 4.330667-8.298667 1.685333-2.602667 3.648-4.992 5.802667-7.296a48.448 48.448 0 0 1 15.210666-10.389333A46.890667 46.890667 0 0 1 89.6 64h321.024c9.173333 0 18.133333 2.730667 25.813333 7.893333 7.68 5.141333 13.674667 12.501333 17.28 21.141334l23.082667 54.72H934.4a48.810667 48.810667 0 0 1 17.92 3.626666 48.448 48.448 0 0 1 15.210667 10.389334c2.154667 2.325333 4.138667 4.736 5.824 7.317333 1.792 2.602667 3.2 5.397333 4.309333 8.277333a42.666667 42.666667 0 0 1 2.730667 8.938667c0.554667 3.178667 0.938667 6.250667 0.938666 9.429333V698.666667c0 3.178667-0.384 6.250667-0.938666 9.322666a41.813333 41.813333 0 0 1-2.730667 9.045334 40.661333 40.661333 0 0 1-4.309333 8.256 53.333333 53.333333 0 0 1-5.824 7.317333 48.469333 48.469333 0 0 1-15.210667 10.389333 48.704 48.704 0 0 1-17.92 3.648H89.6a48.853333 48.853333 0 0 1-18.026667-3.648 48.469333 48.469333 0 0 1-15.210666-10.389333 53.333333 53.333333 0 0 1-5.802667-7.317333 45.930667 45.930667 0 0 1-4.330667-8.256A47.829333 47.829333 0 0 1 42.666667 698.666667V111.893333z\" fill=\"#9FA9B4\">\u003C/path>\u003Cpath d=\"M193.216 192h637.482667C859.989333 192 874.666667 208.746667 874.666667 242.432v453.802667C874.666667 729.834667 859.989333 746.666667 830.72 746.666667H193.194667C163.925333 746.666667 149.333333 729.813333 149.333333 696.234667V242.432C149.333333 208.725333 163.925333 192 193.216 192z\" fill=\"#EAEAEA\">\u003C/path>\u003Cpath d=\"M89.6 256h844.8c31.253333 0 46.933333 13.205333 46.933333 39.786667v411.008C981.333333 733.376 965.653333 746.666667 934.4 746.666667H89.6C58.24 746.666667 42.666667 733.376 42.666667 706.773333V295.808C42.666667 269.226667 58.24 256 89.6 256z\" fill=\"#A5B2C4\">\u003C/path>\u003Cpath d=\"M43.178667 877.909333a20.48 20.48 0 0 1 20.778666-20.202666h903.68a20.48 20.48 0 0 1 20.778667 20.202666v47.125334a20.48 20.48 0 0 1-20.778667 20.202666H63.957333a20.48 20.48 0 0 1-20.778666-20.202666v-47.146667z\" fill=\"#86909C\">\u003C/path>\u003Cpath d=\"M470.784 748.309333h90.026667v109.397334h-90.026667v-109.397334z\" fill=\"#86909C\">\u003C/path>\u003Cpath d=\"M202.389333 383.552h61.696l80.490667 118.272v-118.272h62.293333V597.333333h-62.293333L264.533333 479.936V597.333333H202.389333V383.552z m248.661334 0h163.328v45.930667h-96.981334v37.333333h82.837334v43.157333h-82.837334V597.333333h-66.346666V383.552z m187.392 143.061333l62.848-3.946666c1.365333 10.218667 4.138667 17.984 8.32 23.338666 6.805333 8.64 16.512 12.970667 29.162666 12.970667 9.429333 0 16.661333-2.176 21.717334-6.570667 5.162667-4.48 7.744-9.6 7.744-15.445333 0-5.546667-2.432-10.496-7.296-14.869333-4.864-4.373333-16.149333-8.533333-33.834667-12.394667-28.970667-6.528-49.621333-15.168-61.973333-25.962667-12.458667-10.794667-18.666667-24.533333-18.666667-41.28 0-10.986667 3.157333-21.333333 9.472-31.061333 6.4-9.813333 16-17.493333 28.736-23.04 12.821333-5.632 30.378667-8.448 52.650667-8.448 27.306667 0 48.106667 5.098667 62.4 15.296 14.4 10.112 22.954667 26.24 25.664 48.426667l-62.250667 3.626666c-1.664-9.6-5.162667-16.618667-10.517333-20.992-5.248-4.373333-12.544-6.549333-21.866667-6.549333-7.68 0-13.461333 1.642667-17.365333 4.949333a14.762667 14.762667 0 0 0-5.824 11.818667c0 3.413333 1.6 6.464 4.821333 9.173333 3.093333 2.837333 10.496 5.461333 22.165333 7.893334 28.864 6.208 49.536 12.544 61.973334 18.944 12.544 6.336 21.632 14.208 27.264 23.637333 5.76 9.429333 8.618667 19.968 8.618666 31.637333 0 13.717333-3.797333 26.346667-11.392 37.930667-7.573333 11.562667-18.176 20.352-31.786666 26.389333-13.610667 5.930667-30.762667 8.896-51.477334 8.896-36.352 0-61.546667-6.997333-75.541333-21.013333-13.994667-13.994667-21.930667-31.786667-23.765333-53.354667z\" fill=\"#FFFFFF\">\u003C/path>\u003C/symbol>\u003Csymbol id=\"iconCloud_Drive_Online\" viewBox=\"0 0 1024 1024\">\u003Cpath d=\"M0 0m170.666667 0l682.666666 0q170.666667 0 170.666667 170.666667l0 682.666666q0 170.666667-170.666667 170.666667l-682.666666 0q-170.666667 0-170.666667-170.666667l0-682.666666q0-170.666667 170.666667-170.666667Z\" fill=\"#EEF6FF\">\u003C/path>\u003Cpath d=\"M858.901333 640.042667H165.354667c-44.949333-1.066667-60.202667 25.898667-80 44.437333l121.088-469.056c1.941333-3.861333 1.941333-7.765333 3.904-11.648l1.92-5.824c9.813333-17.493333 27.349333-29.162667 48.853333-29.162667H761.173333c17.578667 1.962667 35.157333 13.610667 42.965334 29.162667l1.941333 3.861333c1.962667 5.845333 3.904 9.749333 3.904 13.610667l128.96 469.056c-20.842667-18.538667-47.637333-44.458667-80-44.458667zM595.626667 421.909333c0-41.6-37.376-75.306667-83.498667-75.306666s-83.52 33.706667-83.52 75.306666c-42.24 0-76.522667 30.890667-76.522667 69.034667 0 38.122667 34.282667 69.034667 76.522667 69.034667h167.018667c42.282667 0 76.565333-30.912 76.565333-69.034667 0-38.144-34.282667-69.034667-76.565333-69.034667zM165.354667 666.709333h693.546666c39.04 0 81.92 35.690667 79.978667 72.618667 0 38.848-31.232 87.424-70.314667 87.424H155.648C116.565333 826.752 85.333333 776.234667 85.333333 739.328c0-36.928 40.96-72.618667 80.021334-72.618667z m666.88 106.688a26.666667 26.666667 0 1 0 0-53.333333 26.666667 26.666667 0 0 0 0 53.333333z m-106.709334 0a26.666667 26.666667 0 1 0 0-53.333333 26.666667 26.666667 0 0 0 0 53.333333z m-106.688 0a26.666667 26.666667 0 1 0 0-53.290666 26.666667 26.666667 0 0 0 0 53.290666z\" fill=\"#4EA3FF\">\u003C/path>\u003C/symbol>\u003Csymbol id=\"iconCloud_Drive_not\" viewBox=\"0 0 1024 1024\">\u003Cpath d=\"M0 0m170.666667 0l682.666666 0q170.666667 0 170.666667 170.666667l0 682.666666q0 170.666667-170.666667 170.666667l-682.666666 0q-170.666667 0-170.666667-170.666667l0-682.666666q0-170.666667 170.666667-170.666667Z\" fill=\"#F7F8FA\">\u003C/path>\u003Cpath d=\"M858.901333 640.042667H165.354667c-44.949333-1.066667-60.202667 25.898667-80 44.437333l121.088-469.056c1.941333-3.861333 1.941333-7.765333 3.904-11.648l1.92-5.824c9.813333-17.493333 27.349333-29.162667 48.853333-29.162667H761.173333c17.578667 1.962667 35.157333 13.610667 42.965334 29.162667l1.941333 3.861333c1.962667 5.845333 3.904 9.749333 3.904 13.610667l128.96 469.056c-20.842667-18.538667-47.637333-44.458667-80-44.458667zM595.626667 421.909333c0-41.6-37.376-75.306667-83.498667-75.306666s-83.52 33.706667-83.52 75.306666c-42.24 0-76.522667 30.890667-76.522667 69.034667 0 38.122667 34.282667 69.034667 76.522667 69.034667h167.018667c42.282667 0 76.565333-30.912 76.565333-69.034667 0-38.144-34.282667-69.034667-76.565333-69.034667zM165.354667 666.709333h693.546666c39.04 0 81.92 35.690667 79.978667 72.618667 0 38.848-31.232 87.424-70.314667 87.424H155.648C116.565333 826.752 85.333333 776.234667 85.333333 739.328c0-36.928 40.96-72.618667 80.021334-72.618667z m666.88 106.688a26.666667 26.666667 0 1 0 0-53.333333 26.666667 26.666667 0 0 0 0 53.333333z m-106.709334 0a26.666667 26.666667 0 1 0 0-53.333333 26.666667 26.666667 0 0 0 0 53.333333z m-106.688 0a26.666667 26.666667 0 1 0 0-53.290666 26.666667 26.666667 0 0 0 0 53.290666z\" fill=\"#A4ACB6\">\u003C/path>\u003C/symbol>\u003Csymbol id=\"iconfail_Full\" viewBox=\"0 0 1024 1024\">\u003Cpath d=\"M512 0C229.184 0 0 229.184 0 512s229.184 512 512 512 512-229.184 512-512S794.816 0 512 0z m157.994667 618.304l49.728 50.709333c-16.576 17.557333-33.152 35.114667-50.709334 52.672-52.672-52.672-104.341333-105.344-157.013333-157.013333-51.690667 52.650667-103.381333 105.322667-156.032 157.973333-17.557333-17.557333-34.133333-34.133333-50.709333-51.690666l49.728-51.669334c35.114667-36.096 70.208-71.210667 105.322666-107.285333a11996.202667 11996.202667 0 0 1-156.032-158.954667c16.576-16.597333 33.152-32.192 49.728-50.730666L512 460.309333c52.672-52.650667 104.341333-105.322667 157.013333-158.954666 16.576 17.557333 33.152 34.133333 50.709334 49.728-51.690667 54.613333-104.341333 107.285333-156.032 160.917333 35.114667 35.114667 71.189333 70.208 106.304 106.304z\" fill=\"#C53709\">\u003C/path>\u003C/symbol>\u003Csymbol id=\"iconForum\" viewBox=\"0 0 1024 1024\">\u003Cpath d=\"M512 85.333333c235.648 0 426.666667 191.018667 426.666667 426.666667s-191.018667 426.666667-426.666667 426.666667H128a42.666667 42.666667 0 0 1-42.666667-42.666667v-384C85.333333 276.352 276.352 85.333333 512 85.333333z m0 81.28A345.386667 345.386667 0 0 0 166.613333 512v345.386667H512a345.386667 345.386667 0 1 0 0-690.773334z m14.592 203.178667c9.045333 0 12.373333 0.938667 15.658667 2.688a18.432 18.432 0 0 1 7.68 7.68c1.792 3.328 2.688 6.613333 2.688 15.658667v272.981333c0 9.088-0.896 12.373333-2.688 15.658667a18.474667 18.474667 0 0 1-7.68 7.68c-3.328 1.792-6.613333 2.730667-15.658667 2.730666h-29.184c-9.045333 0-12.373333-0.938667-15.658667-2.730666a18.474667 18.474667 0 0 1-7.68-7.68c-1.792-3.285333-2.688-6.570667-2.688-15.658667V395.818667c0-9.045333 0.896-12.373333 2.688-15.658667a18.432 18.432 0 0 1 7.68-7.68c3.328-1.749333 6.613333-2.688 15.658667-2.688h29.184z m162.56 60.928c9.045333 0 12.288 0.938667 15.616 2.730667a18.432 18.432 0 0 1 7.68 7.68c1.792 3.285333 2.730667 6.570667 2.730667 15.658666v130.773334c0 9.045333-0.938667 12.330667-2.730667 15.616a18.432 18.432 0 0 1-7.68 7.68c-3.328 1.792-6.570667 2.730667-15.658667 2.730666h-29.141333c-9.088 0-12.373333-0.938667-15.658667-2.730666a18.389333 18.389333 0 0 1-7.68-7.68c-1.792-3.285333-2.730667-6.570667-2.730666-15.658667v-130.730667c0-9.088 0.938667-12.373333 2.730666-15.658666a18.432 18.432 0 0 1 7.68-7.68c3.285333-1.792 6.570667-2.730667 15.658667-2.730667h29.141333z m-325.12 0c9.088 0 12.373333 0.938667 15.658667 2.730667a18.432 18.432 0 0 1 7.68 7.68c1.792 3.285333 2.730667 6.570667 2.730666 15.658666v130.773334c0 9.045333-0.938667 12.330667-2.730666 15.616a18.432 18.432 0 0 1-7.68 7.68c-3.285333 1.792-6.570667 2.730667-15.658667 2.730666H334.933333c-9.088 0-12.373333-0.938667-15.658666-2.730666a18.432 18.432 0 0 1-7.68-7.68c-1.792-3.285333-2.730667-6.570667-2.730667-15.658667v-130.730667c0-9.088 0.938667-12.373333 2.730667-15.658666a18.474667 18.474667 0 0 1 7.68-7.68c3.285333-1.792 6.570667-2.730667 15.658666-2.730667h29.141334z\" fill=\"#1D2129\">\u003C/path>\u003C/symbol>\u003Csymbol id=\"iconDebug_mode\" viewBox=\"0 0 1024 1024\">\u003Cpath d=\"M704 269.568a185.173333 185.173333 0 0 0-53.418667-130.261333A181.461333 181.461333 0 0 0 521.6 85.333333h-19.2a181.461333 181.461333 0 0 0-128.981333 53.973334A185.173333 185.173333 0 0 0 320 269.568v9.685333h76.8v-9.685333c0-28.288 11.093333-55.424 30.933333-75.434667a105.088 105.088 0 0 1 74.666667-31.232h19.2c27.989333 0 54.869333 11.264 74.666667 31.232 19.797333 20.053333 30.933333 47.146667 30.933333 75.434667v9.685333h76.8v-9.685333z m-486.144 571.733333c7.125333-11.776 17.066667-20.565333 30.378667-26.837333 9.130667-4.309333 18.176-7.253333 32.426666-9.045333l0.170667 0.426666C327.722667 885.333333 413.696 938.666667 512 938.666667c98.986667 0 185.429333-54.016 232.106667-134.485334l-0.725334 1.28c14.208 1.749333 23.253333 4.693333 32.426667 9.002667 13.269333 6.272 23.210667 15.061333 30.293333 26.837333 7.936 13.056 11.690667 25.984 12.757334 58.538667h76.757333c-1.749333-51.2-9.429333-73.088-22.4-95.146667a148.906667 148.906667 0 0 0-64.512-58.666666 166.826667 166.826667 0 0 0-35.84-12.970667l0.256-1.237333c4.992-20.736 7.68-42.368 7.68-64.682667v-58.154667h90.581333c8.533333 0 11.648-0.896 14.805334-2.602666a17.493333 17.493333 0 0 0 7.253333-7.338667c1.706667-3.157333 2.56-6.272 2.56-14.933333v-27.861334c0-8.661333-0.853333-11.776-2.56-14.933333a17.493333 17.493333 0 0 0-7.253333-7.296c-3.157333-1.706667-6.229333-2.645333-14.805334-2.645333H780.8V394.922667c23.765333-1.664 40.234667-6.272 55.168-13.525334 19.114667-9.301333 34.133333-22.954667 44.373333-40.32 9.344-15.914667 14.72-33.749333 15.530667-61.781333h-85.333333c-0.512 13.397333-2.304 19.84-5.461334 25.173333a20.608 20.608 0 0 1-9.344 8.533334c-6.997333 3.413333-15.616 5.077333-36.608 5.077333H264.832c-20.992 0-29.610667-1.706667-36.608-5.12a20.48 20.48 0 0 1-9.386667-8.448c-3.114667-5.376-4.949333-11.818667-5.418666-25.216h-85.333334c0.853333 28.032 6.186667 45.866667 15.530667 61.738667a102.4 102.4 0 0 0 44.373333 40.362666c14.933333 7.253333 31.445333 11.861333 55.168 13.525334v136.448H152.618667c-8.533333 0-11.648 0.896-14.805334 2.602666a17.493333 17.493333 0 0 0-7.253333 7.338667c-1.706667 3.157333-2.56 6.314667-2.56 14.933333v27.861334c0 8.661333 0.853333 11.776 2.56 14.933333a17.493333 17.493333 0 0 0 7.253333 7.338667c3.157333 1.706667 6.229333 2.56 14.805334 2.56H243.2v58.197333c0 22.314667 2.688 43.946667 7.68 64.682667l0.298667 1.237333-0.853334 0.213333-6.528 1.706667c-9.813333 2.858667-19.328 6.528-28.501333 11.093333a148.864 148.864 0 0 0-64.512 58.624c-12.970667 22.058667-20.650667 43.946667-22.4 95.146667h76.8c1.024-32.597333 4.736-45.482667 12.672-58.538667z m35.413333-100.138666l-2.090666-8.106667c0.682667 2.688 1.365333 5.418667 2.133333 8.106667z m490.112 64.256c1.706667-2.986667 3.413333-5.973333 5.034667-8.96l-1.92 3.498666-2.389333 4.266667 0.597333-1.109333-1.28 2.304zM320 395.648h384v271.488c0 93.866667-65.962667 172.117333-153.6 190.08v-364.629333a19.498667 19.498667 0 0 0-5.632-13.696 19.114667 19.114667 0 0 0-13.568-5.674667h-38.4a19.114667 19.114667 0 0 0-13.568 5.674667 19.498667 19.498667 0 0 0-5.632 13.738666v364.586667c-87.637333-18.005333-153.6-96.256-153.6-190.08V395.648z m442.24 370.858667l-0.170667 0.426666 0.341334-0.896-0.170667 0.469334z m-505.770667-14.933334a238.933333 238.933333 0 0 1-0.682666-2.133333l0.682666 2.133333z\" fill=\"#1D2129\">\u003C/path>\u003C/symbol>\u003Csymbol id=\"iconProblem_report\" viewBox=\"0 0 1024 1024\">\u003Cpath d=\"M899.84 128c10.325333 0 20.181333 4.053333 27.477333 11.264 7.253333 7.168 11.349333 16.938667 11.349334 27.136v192a38.186667 38.186667 0 0 1-11.349334 27.136 38.997333 38.997333 0 0 1-27.434666 11.264h-38.826667v460.8a38.229333 38.229333 0 0 1-11.306667 27.136 38.997333 38.997333 0 0 1-27.434666 11.264H201.685333a38.997333 38.997333 0 0 1-27.434666-11.264 38.186667 38.186667 0 0 1-11.349334-27.136V396.8H124.16a38.997333 38.997333 0 0 1-27.434667-11.264A38.186667 38.186667 0 0 1 85.333333 358.4V166.4c0-10.197333 4.096-19.968 11.349334-27.136A38.997333 38.997333 0 0 1 124.16 128h775.765333z m-116.309333 268.8H240.469333v422.4h543.061334V396.8z m-135.765334 76.8c5.12 0 10.069333 2.005333 13.696 5.632a19.114667 19.114667 0 0 1 5.674667 13.568v38.4c0 5.12-2.005333 9.984-5.674667 13.568a19.498667 19.498667 0 0 1-13.696 5.632H376.234667a19.498667 19.498667 0 0 1-13.696-5.632 19.114667 19.114667 0 0 1-5.674667-13.568v-38.4c0-5.12 2.048-9.984 5.674667-13.568a19.498667 19.498667 0 0 1 13.696-5.632h271.530666z m213.333334-268.8H162.901333v115.2h698.197334V204.8z\" fill=\"#1D2129\">\u003C/path>\u003C/symbol>\u003Csymbol id=\"iconHelp_Support\" viewBox=\"0 0 1024 1024\">\u003Cpath d=\"M512 85.333333c235.648 0 426.666667 191.018667 426.666667 426.666667s-191.018667 426.666667-426.666667 426.666667S85.333333 747.648 85.333333 512 276.352 85.333333 512 85.333333z m0 77.568a349.098667 349.098667 0 1 0 0 698.197334 349.098667 349.098667 0 0 0 0-698.197334z m19.370667 504.234667a19.413333 19.413333 0 0 1 19.413333 19.413333V725.333333a19.413333 19.413333 0 0 1-19.413333 19.370667h-38.784a19.370667 19.370667 0 0 1-19.370667-19.370667v-38.826666a19.413333 19.413333 0 0 1 19.413333-19.370667h38.784z m-24.874667-387.84c46.08 0 84.394667 11.136 114.901333 33.450667 30.506667 22.4 45.738667 55.466667 45.738667 99.285333 0 26.88-6.613333 49.493333-19.882667 67.925333-7.765333 11.136-22.613333 25.386667-44.672 42.794667l-21.717333 17.066667c-11.818667 9.301333-19.712 20.181333-23.594667 32.554666-1.024 3.413333-1.962667 9.685333-2.773333 18.901334a19.413333 19.413333 0 0 1-19.285333 17.706666h-43.477334a19.413333 19.413333 0 0 1-19.370666-19.413333v-0.853333l0.085333-0.938667c2.517333-26.965333 5.162667-44.074667 8.021333-51.2 5.333333-13.354667 18.986667-28.714667 41.002667-46.08l22.357333-17.706667c7.338667-5.546667 45.184-32.213333 45.184-55.808s-4.096-32.298667-15.957333-45.226666c-11.818667-12.928-38.528-17.109333-62.592-17.109334-23.68 0-43.904 6.272-53.76 22.186667a112.341333 112.341333 0 0 0-11.050667 23.296c-1.28 3.84-2.176 7.850667-2.816 11.904a19.370667 19.370667 0 0 1-19.114666 16.085333H378.026667a19.370667 19.370667 0 0 1-19.413334-19.370666v-1.066667l0.128-1.109333c0.469333-4.352 0.981333-7.978667 1.536-10.837334 7.552-42.112 26.666667-73.045333 57.429334-92.885333 24.064-15.701333 53.674667-23.594667 88.746666-23.594667z\" fill=\"#1D2129\">\u003C/path>\u003C/symbol>\u003Csymbol id=\"iconReduce_tag\" viewBox=\"0 0 1024 1024\">\u003Cpath d=\"M899.84 85.333333a37.12 37.12 0 0 1 27.477333 12.501334c7.253333 7.978667 11.349333 18.858667 11.349334 30.165333v768c0 11.306667-4.096 22.186667-11.349334 30.165333a37.12 37.12 0 0 1-27.434666 12.501334H124.117333a37.12 37.12 0 0 1-27.434666-12.501334A44.928 44.928 0 0 1 85.333333 896V128c0-11.306667 4.096-22.186667 11.349334-30.165333A37.12 37.12 0 0 1 124.16 85.333333h775.765333z m-38.741333 85.333334H162.901333v682.666666h698.197334V170.666667z\" fill=\"#1D2129\">\u003C/path>\u003Cpath d=\"M719.104 475.562667A21.333333 21.333333 0 0 1 725.333333 490.666667v42.666666a21.333333 21.333333 0 0 1-21.333333 21.333334h-384a21.333333 21.333333 0 0 1-21.333333-21.333334v-42.666666a21.333333 21.333333 0 0 1 21.333333-21.333334h384a21.333333 21.333333 0 0 1 15.104 6.229334z\" fill=\"#1D2129\">\u003C/path>\u003C/symbol>\u003Csymbol id=\"iconnav_remove_folder\" viewBox=\"0 0 1024 1024\">\u003Cpath d=\"M396.672 128c10.325333 0 20.181333 3.925333 27.477333 10.922667a36.608 36.608 0 0 1 11.392 26.410666v46.677334h428.074667c10.325333 0 20.224 3.925333 27.52 10.922666a36.650667 36.650667 0 0 1 11.392 26.410667V576H824.746667V426.666667H163.157333v363.989333h291.84v74.666667H124.245333a39.765333 39.765333 0 0 1-27.477333-10.922667 36.650667 36.650667 0 0 1-11.434667-26.410667V165.333333c0-9.898667 4.138667-19.413333 11.434667-26.453333A39.765333 39.765333 0 0 1 124.245333 128h272.426667zM163.157333 352H824.746667V286.677333H357.76V202.666667h-194.56v149.333333z\" fill=\"#1D2129\">\u003C/path>\u003Cpath d=\"M737.237333 569.301333c73.685333 0 134.4 57.173333 142.549334 130.730667A102.570667 102.570667 0 0 1 938.666667 793.6c0 56.106667-43.861333 101.674667-98.176 102.4h-227.925334c-60.458667 0-109.525333-50.474667-109.525333-112.768 0-58.197333 42.837333-106.112 97.749333-112.170667 18.773333-59.050667 72.789333-101.76 136.448-101.76z m0 72.618667c-30.378667 0-57.557333 20.565333-67.242666 51.157333l-14.293334 44.970667-46.933333 5.205333c-18.261333 1.962667-33.109333 18.901333-33.109333 39.978667 0 22.613333 17.024 40.192 36.949333 40.192h226.944c14.208-0.213333 26.496-13.013333 26.496-29.866667 0-12.373333-6.826667-23.04-16.64-27.562666l-37.205333-17.152-4.565334-40.746667c-4.224-37.930667-34.773333-66.176-70.4-66.176z\" fill=\"#1D2129\">\u003C/path>\u003C/symbol>\u003Csymbol id=\"iconfile_favourite\" viewBox=\"0 0 1024 1024\">\u003Cpath d=\"M704 106.666667c129.621333 0 234.666667 109.568 234.666667 262.912 0 306.773333-320 482.005333-426.666667 547.754666C405.333333 851.626667 85.333333 676.309333 85.333333 369.578667 85.333333 216.234667 192 106.666667 320 106.666667c79.36 0 149.333333 43.818667 192 87.637333C554.666667 150.485333 624.64 106.666667 704 106.666667z m-152.149333 683.776a1141.76 1141.76 0 0 0 103.253333-74.538667C782.293333 612.053333 853.333333 498.56 853.333333 369.578667c0-103.424-65.578667-175.274667-149.333333-175.274667-45.909333 0-95.573333 24.96-131.669333 61.952L512 318.208l-60.330667-61.952C415.573333 219.306667 365.909333 194.304 320 194.304c-82.773333 0-149.333333 72.533333-149.333333 175.274667 0 129.024 71.082667 242.474667 198.186666 346.325333 31.786667 25.984 65.706667 50.218667 103.296 74.496 12.757333 8.277333 25.386667 16.213333 39.850667 25.045333 14.464-8.832 27.093333-16.768 39.850667-25.002666z\" fill=\"#1D2129\">\u003C/path>\u003C/symbol>\u003Csymbol id=\"iconremote_folder\" viewBox=\"0 0 1024 1024\">\u003Cpath d=\"M796.458667 85.333333a20.309333 20.309333 0 0 1 20.309333 20.309334v410.154666a208.298667 208.298667 0 0 0-81.28-23.466666V166.570667H166.613333v690.773333h209.493334A169.045333 169.045333 0 0 0 426.709333 938.666667H105.642667A20.309333 20.309333 0 0 1 85.333333 918.314667V105.642667A20.309333 20.309333 0 0 1 105.642667 85.333333h690.773333z m-83.285334 487.594667c82.474667 0 150.442667 64 159.573334 146.346667A114.816 114.816 0 0 1 938.666667 824.021333c0 62.848-49.066667 113.877333-109.909334 114.688h-255.146666c-67.626667 0-122.581333-56.533333-122.581334-126.293333 0-65.109333 47.914667-118.741333 109.44-125.525333 21.034667-66.133333 81.493333-113.92 152.746667-113.92z m0 81.28c-34.005333 0-64.426667 23.04-75.264 57.258667l-16 50.346666-52.565333 5.802667c-20.394667 2.261333-37.034667 21.205333-37.034667 44.8 0 25.344 19.072 44.970667 41.386667 44.970667h253.994667c15.914667-0.213333 29.696-14.592 29.696-33.408a33.621333 33.621333 0 0 0-18.645334-30.848l-41.642666-19.2-5.12-45.653334c-4.693333-42.410667-38.954667-74.069333-78.805334-74.069333z m-282.453333-203.178667a20.309333 20.309333 0 0 1 20.181333 17.92l0.128 2.389334V512l-0.128 2.389333a20.309333 20.309333 0 0 1-17.792 17.792l-2.389333 0.128H308.821333l-2.389333-0.128a20.309333 20.309333 0 0 1-17.792-17.834666L288.512 512v-40.661333l0.128-2.346667a20.309333 20.309333 0 0 1 17.792-17.792l2.389333-0.170667h121.898667z m162.56-162.56a20.309333 20.309333 0 0 1 20.181333 17.962667l0.128 2.389333v40.618667l-0.128 2.389333a20.309333 20.309333 0 0 1-17.834666 17.792l-2.346667 0.170667H308.821333l-2.389333-0.170667a20.309333 20.309333 0 0 1-17.792-17.792l-0.128-2.389333v-40.618667l0.128-2.389333a20.309333 20.309333 0 0 1 17.792-17.792l2.389333-0.128h284.458667z\" fill=\"#1D2129\">\u003C/path>\u003C/symbol>\u003Csymbol id=\"iconfile_favorites_Remove\" viewBox=\"0 0 1024 1024\">\u003Cpath d=\"M692.608 128C827.904 128 938.581333 252.330667 938.666667 404.266667c0 36.821333-6.698667 73.344-19.84 107.733333h-93.184c18.986667-37.376 27.690667-69.674667 27.690666-107.690667C853.248 297.386667 778.410667 213.333333 692.608 213.333333c-50.688 0-110.72 46.293333-180.181333 138.965334C442.154667 259.669333 381.909333 213.333333 331.776 213.333333 245.248 213.333333 170.666667 296.917333 170.666667 404.266667c0 47.146667 13.397333 85.504 43.093333 135.552 4.224 7.04 7.594667 12.586667 15.701333 25.6 4.992 8.192 10.666667 16.682667 16.981334 25.429333 27.392 38.058667 65.408 79.786667 111.232 123.349333 37.12 35.072 75.733333 68.522667 115.712 100.309334 11.008 8.832 26.026667 20.48 38.4 29.994666l0.213333-0.213333V938.666667h-0.213333a48.853333 48.853333 0 0 1-31.744-11.136c-9.685333-7.808-231.466667-168.192-323.285334-317.397334C125.013333 559.061333 85.333333 495.274667 85.333333 404.266667 85.333333 251.733333 195.882667 128 331.776 128c45.909333 0 85.802667 14.506667 120.405333 40.277333 20.736 16.128 40.704 36.906667 59.946667 62.378667a245.333333 245.333333 0 0 1 59.861333-62.378667A197.845333 197.845333 0 0 1 692.608 128z\" fill=\"#1D2129\">\u003C/path>\u003Cpath d=\"M646.826667 586.453333c-6.741333-6.698667-9.898667-8.448-13.653334-9.6a19.328 19.328 0 0 0-11.392 0c-3.797333 1.152-6.912 2.901333-13.653333 9.642667l-21.674667 21.632c-6.698667 6.741333-8.448 9.856-9.557333 13.653333a19.328 19.328 0 0 0 0 11.392c1.109333 3.797333 2.816 6.912 9.557333 13.653334l101.376 101.333333-101.333333 101.333333c-6.784 6.741333-8.490667 9.856-9.642667 13.653334a19.328 19.328 0 0 0 0 11.392c1.152 3.754667 2.901333 6.912 9.642667 13.653333l21.632 21.632c6.741333 6.741333 9.856 8.490667 13.653333 9.6 3.669333 1.152 7.68 1.152 11.349334 0 3.84-1.109333 6.954667-2.858667 13.653333-9.6l101.376-101.333333 101.333333 101.333333c6.698667 6.741333 9.856 8.490667 13.653334 9.6 3.712 1.152 7.68 1.152 11.392 0 3.754667-1.109333 6.912-2.858667 13.653333-9.6l21.632-21.632c6.698667-6.741333 8.448-9.898667 9.6-13.653333a19.328 19.328 0 0 0 0-11.392c-1.109333-3.797333-2.858667-6.912-9.6-13.653334l-101.333333-101.333333 101.333333-101.333333c6.698667-6.741333 8.448-9.856 9.6-13.653334a19.328 19.328 0 0 0 0-11.392c-1.109333-3.797333-2.858667-6.912-9.6-13.653333l-21.674667-21.674667c-6.698667-6.698667-9.856-8.448-13.653333-9.6a19.328 19.328 0 0 0-11.349333 0c-3.797333 1.152-6.954667 2.901333-13.653334 9.6l-101.333333 101.333334-101.376-101.333334z\" fill=\"#1D2129\">\u003C/path>\u003C/symbol>\u003Csymbol id=\"iconfile_big\" viewBox=\"0 0 1024 1024\">\u003Cpath d=\"M899.84 758.186667a38.485333 38.485333 0 0 0 27.477333-11.562667 39.68 39.68 0 0 0 11.349334-27.861333V167.381333a39.68 39.68 0 0 0-11.349334-27.861333 38.485333 38.485333 0 0 0-27.434666-11.52H124.117333a38.485333 38.485333 0 0 0-27.434666 11.52 39.68 39.68 0 0 0-11.349334 27.861333v551.381334c0 10.453333 4.096 20.48 11.349334 27.861333 7.253333 7.381333 17.152 11.52 27.434666 11.52h775.765334z m-38.741333-78.805334H162.901333V206.762667h698.197334v472.618666zM822.272 896v-78.762667H201.728V896h620.629333z\" fill=\"#1D2129\">\u003C/path>\u003C/symbol>\u003Csymbol id=\"iconfile_small\" viewBox=\"0 0 1024 1024\">\u003Cpath d=\"M256 768a21.333333 21.333333 0 0 1 21.333333 21.333333v85.333334a21.333333 21.333333 0 0 1-21.333333 21.333333H170.666667a21.333333 21.333333 0 0 1-21.333334-21.333333v-85.333334A21.333333 21.333333 0 0 1 170.666667 768h85.333333z m597.333333 0a21.333333 21.333333 0 0 1 21.333334 21.333333v85.333334a21.333333 21.333333 0 0 1-21.333334 21.333333h-85.333333a21.333333 21.333333 0 0 1-21.333333-21.333333v-85.333334a21.333333 21.333333 0 0 1 21.333333-21.333333h85.333333z m-384 0h85.333334a21.333333 21.333333 0 0 1 21.333333 21.333333v85.333334a21.333333 21.333333 0 0 1-21.333333 21.333333h-85.333334a21.333333 21.333333 0 0 1-21.333333-21.333333v-85.333334a21.333333 21.333333 0 0 1 21.333333-21.333333z m-213.333333-320a21.333333 21.333333 0 0 1 21.333333 21.333333v85.333334a21.333333 21.333333 0 0 1-21.333333 21.333333H170.666667a21.333333 21.333333 0 0 1-21.333334-21.333333v-85.333334a21.333333 21.333333 0 0 1 21.333334-21.333333h85.333333z m597.333333 0a21.333333 21.333333 0 0 1 21.333334 21.333333v85.333334a21.333333 21.333333 0 0 1-21.333334 21.333333h-85.333333a21.333333 21.333333 0 0 1-21.333333-21.333333v-85.333334a21.333333 21.333333 0 0 1 21.333333-21.333333h85.333333z m-298.666666 0a21.333333 21.333333 0 0 1 21.333333 21.333333v85.333334a21.333333 21.333333 0 0 1-21.333333 21.333333h-85.333334a21.333333 21.333333 0 0 1-21.333333-21.333333v-85.333334a21.333333 21.333333 0 0 1 21.333333-21.333333h85.333334zM853.333333 128a21.333333 21.333333 0 0 1 21.333334 21.333333v85.333334a21.333333 21.333333 0 0 1-21.333334 21.333333h-85.333333a21.333333 21.333333 0 0 1-21.333333-21.333333v-85.333334A21.333333 21.333333 0 0 1 768 128h85.333333z m-298.666666 0a21.333333 21.333333 0 0 1 21.333333 21.333333v85.333334a21.333333 21.333333 0 0 1-21.333333 21.333333h-85.333334a21.333333 21.333333 0 0 1-21.333333-21.333333v-85.333334A21.333333 21.333333 0 0 1 469.333333 128h85.333334zM256 128a21.333333 21.333333 0 0 1 21.333333 21.333333v85.333334A21.333333 21.333333 0 0 1 256 256H170.666667a21.333333 21.333333 0 0 1-21.333334-21.333333v-85.333334A21.333333 21.333333 0 0 1 170.666667 128h85.333333z\" fill=\"#1D2129\">\u003C/path>\u003C/symbol>\u003Csymbol id=\"iconfile_mid\" viewBox=\"0 0 1024 1024\">\u003Cpath d=\"M853.333333 128a42.666667 42.666667 0 0 1 42.666667 42.666667v682.666666a42.666667 42.666667 0 0 1-42.666667 42.666667H170.666667a42.666667 42.666667 0 0 1-42.666667-42.666667V170.666667a42.666667 42.666667 0 0 1 42.666667-42.666667h682.666666zM204.8 819.2h268.8v-268.8H204.8v268.8z m614.4-268.8h-268.8v268.8h268.8v-268.8z m0-76.8V204.8h-268.8v268.8h268.8z m-345.6-268.8H204.8v268.8h268.8V204.8z\" fill=\"#1D2129\">\u003C/path>\u003C/symbol>\u003Csymbol id=\"iconsmart\" viewBox=\"0 0 1024 1024\">\u003Cpath d=\"M501.333333 106.666667a394.666667 394.666667 0 0 1 307.626667 641.92l123.904 123.946666a21.333333 21.333333 0 0 1 0 30.165334l-30.165333 30.165333a21.333333 21.333333 0 0 1-30.165334 0l-123.946666-123.904A394.666667 394.666667 0 1 1 501.333333 106.666667z m0 85.333333a309.333333 309.333333 0 1 0 0 618.666667 309.333333 309.333333 0 0 0 0-618.666667z m167.082667 136.362667l36.949333 21.333333a21.333333 21.333333 0 0 1 7.808 29.141333l-117.333333 203.221334a21.333333 21.333333 0 0 1-26.88 8.917333l-2.261333-1.152-110.848-64-85.333334 147.84a21.333333 21.333333 0 0 1-29.141333 7.808l-36.949333-21.333333a21.333333 21.333333 0 0 1-7.808-29.141334l117.333333-203.264a21.333333 21.333333 0 0 1 29.141333-7.808l110.848 64 85.333334-147.797333a21.333333 21.333333 0 0 1 29.141333-7.808z\" fill=\"#1D2129\">\u003C/path>\u003C/symbol>\u003Csymbol id=\"iconVoice_Intercom\" viewBox=\"0 0 1024 1024\">\u003Cpath d=\"M185.770667 473.173333a19.157333 19.157333 0 0 1 19.2 18.474667l0.170666 3.413333c11.136 161.194667 144.256 288.426667 306.858667 288.426667 160.810667 0 292.778667-124.458667 306.432-283.093333l0.469333-6.272 0.170667-2.56a19.456 19.456 0 0 1 19.2-18.346667h38.485333c5.12 0 10.026667 2.048 13.610667 5.674667 3.626667 3.626667 5.632 8.533333 5.632 13.738666l-0.042667 1.664c-10.154667 191.530667-158.08 346.154667-345.6 364.885334l0.085334 0.938666v59.178667c0 5.12-2.005333 10.069333-5.632 13.653333a19.157333 19.157333 0 0 1-13.568 5.717334h-38.485334a19.157333 19.157333 0 0 1-19.2-19.370667v-58.197333l0.085334-1.92c-184.789333-18.474667-331.136-168.917333-345.045334-356.608L128 493.525333a19.498667 19.498667 0 0 1 16.042667-20.053333l2.688-0.256h38.997333zM512 85.333333c127.402667 0 230.698667 92.586667 230.698667 206.890667v206.848c0 114.261333-103.253333 206.890667-230.698667 206.890667-127.402667 0-230.698667-92.629333-230.698667-206.933334V292.266667C281.301333 177.92 384.597333 85.333333 512 85.333333z m0 77.568c-84.906667 0-153.813333 59.562667-153.813333 132.992v199.509334c0 73.386667 68.864 132.949333 153.813333 132.949333 84.906667 0 153.813333-59.52 153.813333-132.992V295.936c0-73.429333-68.864-132.992-153.813333-132.992z\" fill=\"#1D2129\">\u003C/path>\u003C/symbol>\u003Csymbol id=\"iconstorage_pool_Manage\" viewBox=\"0 0 1024 1024\">\u003Cpath d=\"M161.152 490.666667c0 54.826667 142.293333 115.797333 322.389333 115.797333h25.130667c7.04 0 12.8 5.76 12.8 12.8v51.626667a12.8 12.8 0 0 1-12.8 12.8h-25.130667c-215.338667 0-393.941333-75.52-398.122666-189.013334L85.333333 490.666667h75.818667zM483.541333 85.333333c219.946667 0 398.250667 95.061333 398.250667 212.352 0 117.248-178.346667 212.266667-398.250667 212.266667S85.333333 414.933333 85.333333 297.685333C85.333333 180.394667 263.594667 85.333333 483.541333 85.333333z m0 77.226667c-183.552 0-322.389333 74.026667-322.389333 135.125333 0 61.098667 138.837333 135.04 322.389333 135.082667 183.552 0 322.346667-73.984 322.389334-135.082667 0-61.098667-138.837333-135.125333-322.389334-135.125333z\" fill=\"#1D2129\">\u003C/path>\u003Cpath d=\"M161.194667 702.976H85.333333l0.085334 4.053333C89.6 820.522667 268.202667 896 483.541333 896h25.173334a12.8 12.8 0 0 0 12.8-12.8v-51.626667a12.8 12.8 0 0 0-12.885334-12.8h-25.088c-180.053333 0-322.346667-61.013333-322.346666-115.797333z\" fill=\"#1D2129\">\u003C/path>\u003Cpath d=\"M768 548.565333c13.482667 0 26.624 1.450667 39.253333 4.224l19.498667 43.050667a23.466667 23.466667 0 0 0 9.984 10.752 25.002667 25.002667 0 0 0 14.72 2.986667l47.914667-5.12c18.005333 18.986667 31.445333 41.557333 39.296 66.090666l-28.757334 38.144a22.613333 22.613333 0 0 0 0 27.178667l28.757334 38.101333a172.416 172.416 0 0 1-39.253334 66.048l-47.957333-5.034666a24.96 24.96 0 0 0-14.72 2.986666 23.552 23.552 0 0 0-9.984 10.752l-19.498667 43.093334a184.448 184.448 0 0 1-78.506666 0l-19.498667-43.093334a23.466667 23.466667 0 0 0-9.984-10.794666 24.96 24.96 0 0 0-14.762667-2.944l-47.872 5.034666A172.416 172.416 0 0 1 597.333333 773.973333l28.757334-38.101333a22.613333 22.613333 0 0 0 0-27.178667L597.333333 670.549333a172.416 172.416 0 0 1 39.253334-66.048l47.957333 5.077334c5.12 0.512 10.24-0.554667 14.72-2.986667a23.594667 23.594667 0 0 0 9.984-10.794667l19.498667-43.008a184.32 184.32 0 0 1 39.253333-4.224z m0 115.797334c-31.402667 0-56.874667 25.941333-56.874667 57.898666 0 32 25.472 57.941333 56.874667 57.941334s56.874667-25.941333 56.874667-57.941334c0-31.957333-25.472-57.898667-56.874667-57.898666z\" fill=\"#1D2129\">\u003C/path>\u003C/symbol>\u003Csymbol id=\"iconStorage_Manage\" viewBox=\"0 0 1024 1024\">\u003Cpath d=\"M85.333333 627.456l0.256-3.669333a37.077333 37.077333 0 0 1 0.341334-1.962667l0.128-0.725333 99.2-507.733334a36.053333 36.053333 0 0 1 9.301333-18.133333 32.085333 32.085333 0 0 1 17.152-9.386667L217.386667 85.333333h590.378666c6.570667 0 13.013333 2.133333 18.474667 6.058667a34.944 34.944 0 0 1 12.074667 16.170667l1.621333 5.845333 98.090667 507.733333c0.426667 2.773333 0.64 4.949333 0.64 7.253334v275.029333c0 9.344-3.456 18.304-9.6 24.917333a31.701333 31.701333 0 0 1-23.210667 10.325334H118.144a31.701333 31.701333 0 0 1-23.210667-10.325334 36.608 36.608 0 0 1-9.6-24.917333v-275.968z m768 0.896L170.666667 623.786667v225.066666h682.666666v-220.501333z m-61.525333 102.826667a31.573333 31.573333 0 0 1 22.186667 9.216 37.162667 37.162667 0 0 1 4.010666 47.402666 32.597333 32.597333 0 0 1-20.266666 13.354667l-5.930667 0.554667h-82.901333a31.573333 31.573333 0 0 1-22.186667-9.216 37.12 37.12 0 0 1-4.010667-47.402667 32.554667 32.554667 0 0 1 20.309334-13.354667l5.888-0.554666h82.944zM768 175.146667H256l-64 359.296h644.693333L768 175.189333z\" fill=\"#1D2129\">\u003C/path>\u003Cpath d=\"M512 234.666667c10.112 0 19.968 1.066667 29.44 3.072l14.592 31.701333a17.578667 17.578667 0 0 0 7.552 7.978667c3.328 1.834667 7.168 2.56 11.008 2.133333l35.968-3.669333c13.482667 13.952 23.552 30.592 29.44 48.64l-21.546667 28.117333a16.426667 16.426667 0 0 0 0 20.053333l21.546667 28.074667a126.634667 126.634667 0 0 1-29.44 48.64l-35.968-3.712a18.944 18.944 0 0 0-11.008 2.218667 17.450667 17.450667 0 0 0-7.509333 7.936l-14.634667 31.701333a140.885333 140.885333 0 0 1-58.88 0l-14.592-31.701333a17.493333 17.493333 0 0 0-7.552-7.978667 18.986667 18.986667 0 0 0-11.050667-2.133333l-35.925333 3.669333A126.634667 126.634667 0 0 1 384 400.768l21.546667-28.117333a16.469333 16.469333 0 0 0 3.413333-9.984 16.554667 16.554667 0 0 0-3.413333-10.026667L384 324.522667c5.888-18.048 15.957333-34.688 29.44-48.64l35.968 3.712c3.84 0.384 7.68-0.341333 11.008-2.176a17.493333 17.493333 0 0 0 7.509333-7.978667l14.634667-31.701333A140.8 140.8 0 0 1 512 234.666667z m0 85.333333a42.666667 42.666667 0 1 0 0 85.333333 42.666667 42.666667 0 0 0 0-85.333333z\" fill=\"#000000\">\u003C/path>\u003C/symbol>\u003Csymbol id=\"iconPin\" viewBox=\"0 0 1024 1024\">\u003Cpath d=\"M564.224 91.818667a21.76 21.76 0 0 1 31.018667 0l336.981333 337.194666c8.576 8.704 8.576 22.528 0 30.976l-30.293333 30.506667a22.186667 22.186667 0 0 1-31.018667 0l-45.909333-45.994667-138.624 138.666667c-4.096 4.138667-5.205333 10.965333-5.205334 16.64l-19.114666 273.066667c0 5.888-2.304 11.52-6.4 15.616l-40.149334 40.106666a21.76 21.76 0 0 1-31.018666 0l-213.546667-213.546666-217.173333 217.301333a22.186667 22.186667 0 0 1-30.976 0l-31.018667-31.232a21.930667 21.930667 0 0 1 0-30.976l217.130667-217.301333-213.888-214.101334a21.845333 21.845333 0 0 1 0-30.976l40.106666-40.106666a22.016 22.016 0 0 1 15.530667-6.485334l273.28-18.773333c5.802667 0 13.226667-0.554667 17.365333-4.693333l138.581334-138.666667-45.952-45.952a21.930667 21.930667 0 0 1 0-30.976l30.293333-30.293333z\" fill=\"#4E5969\">\u003C/path>\u003C/symbol>\u003Csymbol id=\"iconmigration\" viewBox=\"0 0 1024 1024\">\u003Cpath d=\"M128 490.666667v42.666666a21.333333 21.333333 0 0 0 18.858667 21.205334L149.333333 554.666667h470.869334l-128.426667 128.426666a21.333333 21.333333 0 0 0-1.834667 28.16l1.792 2.048 30.165334 30.165334a21.333333 21.333333 0 0 0 28.16 1.792l2.048-1.792 211.2-211.2a21.333333 21.333333 0 0 0 1.749333-28.16l-1.792-2.005334-211.2-211.2a21.333333 21.333333 0 0 0-28.16-1.749333l-1.962667 1.749333-30.208 30.165334a21.333333 21.333333 0 0 0-1.792 28.16l1.792 2.048L609.834667 469.333333H149.333333a21.333333 21.333333 0 0 0-21.205333 18.858667L128 490.666667z\" fill=\"#1D2129\">\u003C/path>\u003Cpath d=\"M725.333333 192a21.333333 21.333333 0 0 0 21.333334 21.333333H810.666667v597.333334h-64a21.333333 21.333333 0 0 0-21.333334 21.333333v42.666667a21.333333 21.333333 0 0 0 21.333334 21.333333H853.333333a42.666667 42.666667 0 0 0 42.666667-42.666667V170.666667a42.666667 42.666667 0 0 0-42.666667-42.666667h-106.666666a21.333333 21.333333 0 0 0-21.333334 21.333333v42.666667z\" fill=\"#1D2129\">\u003C/path>\u003C/symbol>\u003Csymbol id=\"iconFile_Nav_Desktop\" viewBox=\"0 0 1024 1024\">\u003Cpath d=\"M919.296 777.514667a19.626667 19.626667 0 0 1 13.696 5.546666 18.773333 18.773333 0 0 1 5.674667 13.397334v37.930666a18.773333 18.773333 0 0 1-5.674667 13.397334 19.626667 19.626667 0 0 1-13.696 5.546666H104.704a19.626667 19.626667 0 0 1-13.696-5.546666 18.773333 18.773333 0 0 1-5.674667-13.397334v-37.930666a18.773333 18.773333 0 0 1 5.674667-13.44 19.626667 19.626667 0 0 1 13.696-5.546667h814.592zM861.098667 170.666667a39.253333 39.253333 0 0 1 27.392 11.093333c7.253333 7.125333 11.392 16.768 11.392 26.837333v493.013334a37.546667 37.546667 0 0 1-11.392 26.88 39.253333 39.253333 0 0 1-27.392 11.050666H162.901333a39.253333 39.253333 0 0 1-27.392-11.093333 37.546667 37.546667 0 0 1-11.392-26.837333V208.64c0-10.069333 4.096-19.712 11.392-26.794667A39.253333 39.253333 0 0 1 162.901333 170.666667h698.197334zM201.728 663.722667h620.586667V246.485333H201.728v417.237334z\" fill=\"#000000\">\u003C/path>\u003C/symbol>\u003Csymbol id=\"iconFile_Nav_Safe\" viewBox=\"0 0 1024 1024\">\u003Cpath d=\"M862.165333 85.333333c18.688 0 33.834667 13.354667 33.834667 29.866667v692.010667c0 16.512-15.146667 29.866667-33.834667 29.866666H780.8v81.28a20.906667 20.906667 0 0 1-5.632 14.336 18.688 18.688 0 0 1-13.568 5.973334h-38.4a18.688 18.688 0 0 1-13.568-5.973334 20.906667 20.906667 0 0 1-5.632-14.336v-81.28h-384v81.28a20.906667 20.906667 0 0 1-5.632 14.336 18.688 18.688 0 0 1-13.568 5.973334h-38.4a18.688 18.688 0 0 1-13.568-5.973334 20.906667 20.906667 0 0 1-5.632-14.336v-81.28H161.834667c-18.688 0-33.834667-13.354667-33.834667-29.866666V115.2c0-16.469333 15.146667-29.866667 33.834667-29.866667h700.330666zM550.4 166.613333H204.8v589.226667h614.4V166.570667h-268.8z\" fill=\"#000000\">\u003C/path>\u003Cpath d=\"M529.066667 268.202667a21.333333 21.333333 0 0 1 21.333333 21.333333V349.44h17.066667a21.333333 21.333333 0 0 1 21.333333 21.290667v38.613333a21.333333 21.333333 0 0 1-21.333333 21.333333h-17.066667v51.626667c22.954667 14.037333 38.4 40.234667 38.4 70.314667 0 44.885333-34.389333 81.237333-76.8 81.237333s-76.8-36.394667-76.8-81.237333c0-30.08 15.488-56.32 38.4-70.357334V289.536a21.333333 21.333333 0 0 1 21.333333-21.333333h34.133334z\" fill=\"#000000\">\u003C/path>\u003C/symbol>\u003Csymbol id=\"iconFile_Nav_Latest\" viewBox=\"0 0 1024 1024\">\u003Cpath d=\"M512 85.333333c235.648 0 426.666667 191.018667 426.666667 426.666667s-191.018667 426.666667-426.666667 426.666667S85.333333 747.648 85.333333 512 276.352 85.333333 512 85.333333z m0 77.568a349.098667 349.098667 0 1 0 0 698.197334 349.098667 349.098667 0 0 0 0-698.197334z m19.370667 155.178667a19.413333 19.413333 0 0 1 19.413333 19.370667v135.765333h135.765333a19.413333 19.413333 0 0 1 19.370667 19.413333v38.784a19.413333 19.413333 0 0 1-19.370667 19.370667h-193.962666a19.413333 19.413333 0 0 1-19.370667-19.413333V337.493333a19.413333 19.413333 0 0 1 19.413333-19.370666h38.784z\" fill=\"#000000\">\u003C/path>\u003C/symbol>\u003Csymbol id=\"iconList_Preview\" viewBox=\"0 0 1024 1024\">\u003Cpath d=\"M891.264 85.333333C917.461333 85.333333 938.666667 106.581333 938.666667 132.736v758.528A47.402667 47.402667 0 0 1 891.264 938.666667H132.736A47.402667 47.402667 0 0 1 85.333333 891.264V132.736C85.333333 106.538667 106.581333 85.333333 132.736 85.333333h758.528zM576 170.666667H170.666667v682.666666h405.333333V170.666667zM853.333333 170.666667h-192v682.666666H853.333333V170.666667z\" fill=\"#1D2129\">\u003C/path>\u003C/symbol>\u003Csymbol id=\"iconright_settings\" viewBox=\"0 0 1024 1024\">\u003Cpath d=\"M512 85.333333c30.933333 0 61.781333 3.456 91.989333 10.325334l6.741334 1.536a21.333333 21.333333 0 0 1 14.848 12.373333l43.392 100.224a21.333333 21.333333 0 0 0 21.930666 12.714667l106.282667-11.776a21.333333 21.333333 0 0 1 18.176 6.912l4.693333 5.12a428.16 428.16 0 0 1 92.074667 162.218666l2.133333 6.912a21.418667 21.418667 0 0 1-3.114666 18.688l-4.181334 5.845334-59.733333 83.114666a21.333333 21.333333 0 0 0 0 24.917334l63.872 88.96a21.333333 21.333333 0 0 1 3.114667 18.688l-2.133334 6.912a428.16 428.16 0 0 1-92.074666 162.218666l-4.650667 5.12a21.333333 21.333333 0 0 1-18.176 6.912l-106.24-11.776a21.333333 21.333333 0 0 0-22.016 12.714667l-43.349333 100.266667a21.333333 21.333333 0 0 1-14.848 12.330666l-6.741334 1.536a412.842667 412.842667 0 0 1-184.021333 0l-6.741333-1.536a21.333333 21.333333 0 0 1-14.805334-12.373333l-2.858666-6.528-40.533334-93.696a21.333333 21.333333 0 0 0-21.973333-12.714667l-106.24 11.776a21.290667 21.290667 0 0 1-18.218667-6.912l-4.650666-5.12a428.288 428.288 0 0 1-92.074667-162.218666l-2.133333-6.912a21.333333 21.333333 0 0 1 3.072-18.730667l4.224-5.845333 59.733333-83.072a21.333333 21.333333 0 0 0 0-24.917334l-64-88.917333a21.376 21.376 0 0 1-3.072-18.688l2.133333-6.954667A428.202667 428.202667 0 0 1 203.946667 222.805333l4.693333-5.162666a21.333333 21.333333 0 0 1 18.133333-6.912l106.282667 11.776a21.333333 21.333333 0 0 0 21.973333-12.714667l43.392-100.266667a21.333333 21.333333 0 0 1 14.805334-12.330666l6.741333-1.536A412.885333 412.885333 0 0 1 512 85.333333z m0 71.125334a348.586667 348.586667 0 0 0-48.128 3.328 20.608 20.608 0 0 0-15.957333 12.373333l-38.656 89.344a58.026667 58.026667 0 0 1-23.893334 27.008 56.746667 56.746667 0 0 1-34.901333 7.466667L255.658667 285.44a20.650667 20.650667 0 0 0-18.730667 7.808 357.077333 357.077333 0 0 0-48.554667 85.717333 20.650667 20.650667 0 0 0 2.56 19.626667l56.96 79.146667a58.88 58.88 0 0 1 0 68.522666l-56.917333 79.146667a20.650667 20.650667 0 0 0-2.56 19.626667 357.077333 357.077333 0 0 0 48.512 85.717333c4.394667 5.717333 11.52 8.576 18.730667 7.808l94.72-10.496c12.16-1.365333 24.448 1.237333 34.986666 7.424 10.624 6.229333 18.986667 15.701333 23.893334 27.050667l38.656 89.301333a20.608 20.608 0 0 0 15.957333 12.373333 346.026667 346.026667 0 0 0 96.256 0 20.650667 20.650667 0 0 0 15.957333-12.373333l38.613334-89.344a58.026667 58.026667 0 0 1 23.893333-27.008 56.746667 56.746667 0 0 1 34.944-7.424l94.805333 10.496a20.650667 20.650667 0 0 0 18.688-7.808c20.053333-26.154667 36.394667-55.04 48.554667-85.674667a20.608 20.608 0 0 0-2.56-19.626666l-56.917333-79.189334a58.709333 58.709333 0 0 1 0-68.522666l56.874666-79.189334a20.565333 20.565333 0 0 0 2.56-19.626666 356.778667 356.778667 0 0 0-48.512-85.674667 20.650667 20.650667 0 0 0-18.730666-7.808l-94.72 10.538667a56.746667 56.746667 0 0 1-34.986667-7.466667 57.984 57.984 0 0 1-23.893333-27.008l-38.613334-89.344a20.693333 20.693333 0 0 0-15.957333-12.373333A346.282667 346.282667 0 0 0 512 156.458667z m0 177.792c101.632 0 183.893333 79.616 183.893333 177.749333 0 98.133333-82.261333 177.792-183.893333 177.792-101.632 0-183.893333-79.616-183.893333-177.792 0-98.133333 82.261333-177.749333 183.893333-177.749333zM512 405.333333a106.666667 106.666667 0 1 0 0 213.333334 106.666667 106.666667 0 0 0 0-213.333334z\" fill=\"#1D2129\">\u003C/path>\u003C/symbol>\u003Csymbol id=\"iconright_refresh\" viewBox=\"0 0 1024 1024\">\u003Cpath d=\"M667.008 750.933333a255.104 255.104 0 0 1-158.293333 52.650667c-7.466667-0.128-14.762667-0.725333-22.101334-1.28-2.986667-0.384-5.973333-0.896-8.96-1.365333a206.549333 206.549333 0 0 1-17.066666-2.816c-3.413333-0.64-6.912-1.706667-10.24-2.56a229.76 229.76 0 0 1-16.384-4.266667c-2.56-1.066667-4.949333-1.92-7.509334-3.029333a195.456 195.456 0 0 1-18.346666-7.168c-1.365333-0.64-2.688-1.152-4.010667-1.706667a456.448 456.448 0 0 1-20.608-10.837333L382.634667 768a272.384 272.384 0 0 1-61.525334-49.792c-0.298667-0.341333-0.554667-0.725333-0.938666-1.024a237.056 237.056 0 0 1-19.242667-23.594667 305.024 305.024 0 0 1-59.178667-181.717333h71.168L199.125333 327.594667 85.333333 511.872h71.04a403.626667 403.626667 0 0 0 63.018667 217.6c0.426667 0.896 0.768 1.877333 1.28 2.688 4.096 6.4 8.704 12.245333 13.056 18.133333 1.706667 2.133333 3.157333 4.394667 4.906667 6.826667a419.072 419.072 0 0 0 22.4 26.368 357.12 357.12 0 0 0 79.957333 64.810667l2.346667 1.365333c8.448 4.906667 17.066667 9.386667 25.813333 13.525333l6.528 3.114667a540.288 540.288 0 0 0 34.048 13.226667c6.826667 2.090667 13.781333 3.968 20.736 5.674666 4.693333 1.194667 9.130667 2.474667 13.952 3.413334 1.92 0.512 3.754667 1.152 5.674667 1.365333 6.698667 1.28 13.269333 1.962667 19.84 2.816 2.432 0.426667 4.778667 0.896 7.168 1.152 11.861333 1.28 23.68 2.048 35.498666 2.048 72.234667 0 142.762667-23.808 203.264-69.632 19.285333-14.592 24.021333-43.392 10.581334-64.085333-13.610667-21.034667-40.149333-26.069333-59.434667-11.349334z m200.448-239.061333c0-80.512-23.125333-155.306667-62.506667-217.002667-0.64-1.066667-0.981333-2.133333-1.493333-3.072-5.077333-7.594667-10.282667-14.677333-15.658667-21.802666a26.88 26.88 0 0 1-1.792-2.602667 359.296 359.296 0 0 0-132.736-107.648c-1.536-0.64-2.816-1.365333-4.309333-2.005333a407.082667 407.082667 0 0 0-25.173333-9.984c-2.901333-1.024-5.973333-2.218667-9.045334-3.2a335.914667 335.914667 0 0 0-22.272-6.272c-4.224-0.981333-8.448-2.133333-12.629333-3.072-2.048-0.426667-3.925333-1.066667-6.144-1.536-5.632-0.981333-11.136-1.536-16.768-2.261334-3.968-0.426667-7.68-1.109333-11.648-1.578666a340.992 340.992 0 0 0-28.245333-1.578667c-1.706667 0-3.413333-0.256-5.12-0.256l-0.853334 0.128c-72.149333 0.085333-142.634667 23.552-203.008 69.333333-19.285333 14.506667-23.978667 43.264-10.410666 64.213334 13.397333 20.736 40.106667 25.856 59.477333 11.178666a254.293333 254.293333 0 0 1 180.650667-51.2c2.432 0.170667 4.693333 0.554667 7.168 0.938667 6.4 0.853333 12.8 1.749333 19.072 3.2 2.730667 0.512 5.546667 1.28 8.106666 1.962667 6.272 1.536 12.330667 3.072 18.346667 5.034666 2.005333 0.597333 3.84 1.322667 5.632 2.133334 6.954667 2.389333 13.738667 4.949333 20.309333 7.978666 0.725333 0.170667 1.365333 0.768 2.048 1.024a274.133333 274.133333 0 0 1 102.4 83.072 305.28 305.28 0 0 1 61.44 184.874667h-71.253333l113.92 184.32L938.666667 511.914667h-71.253334z\" fill=\"#1D2129\">\u003C/path>\u003C/symbol>\u003Csymbol id=\"iconSystem\" viewBox=\"0 0 1024 1024\">\u003Cpath d=\"M511.701333 85.333333c5.717333 0 11.306667 1.28 16.469334 3.797334l345.898666 167.381333a38.698667 38.698667 0 0 1 15.957334 14.421333c3.882667 6.229333 5.973333 13.482667 5.973333 20.906667V731.733333a39.765333 39.765333 0 0 1-5.930667 20.906667 38.656 38.656 0 0 1-15.957333 14.464l-345.856 167.722667a37.845333 37.845333 0 0 1-33.066667 0L149.888 767.146667a38.656 38.656 0 0 1-15.957333-14.421334 39.808 39.808 0 0 1-5.930667-20.906666V291.84c0-7.424 2.090667-14.677333 5.973333-20.906667a38.656 38.656 0 0 1 15.957334-14.506666l345.301333-167.338667A37.802667 37.802667 0 0 1 511.701333 85.333333zM204.8 706.986667l271.616 131.968-4.992-336.298667-0.725333-0.341333L204.8 366.165333v340.821334z m343.466667-203.306667l4.906666 332.373333L819.2 706.986667v-340.906667l-270.933333 137.557333z m-305.28-205.653333l262.186666 134.272a12.629333 12.629333 0 0 0 11.434667 0l264.277333-134.272-269.141333-130.133334-268.757333 130.133334z\" fill=\"#1D2129\">\u003C/path>\u003C/symbol>\u003Csymbol id=\"iconapp_nav_network\" viewBox=\"0 0 1024 1024\">\u003Cpath d=\"M512 760.832c22.4 0 41.984 13.525333 52.522667 33.706667L512 853.333333l-52.522667-58.794666c5.376-10.24 13.013333-18.773333 22.229334-24.704a55.893333 55.893333 0 0 1 30.293333-9.002667z m0-204.288c72.789333 0 138.069333 35.712 182.698667 92.373333l-57.6 64.426667a165.888 165.888 0 0 0-55.893334-48.725333A147.712 147.712 0 0 0 512 647.338667c-23.893333-0.042667-47.530667 5.845333-69.162667 17.28a165.930667 165.930667 0 0 0-55.978666 48.64L329.301333 648.96a246.784 246.784 0 0 1 82.432-68.266667 221.098667 221.098667 0 0 1 100.266667-24.106666z m0-181.589333c55.893333-0.085333 111.146667 12.8 162.389333 37.845333a408.576 408.576 0 0 1 135.125334 107.52l-57.386667 64.298667a327.68 327.68 0 0 0-108.8-87.893334A294.570667 294.570667 0 0 0 512 465.749333c-95.146667 0-180.736 45.824-240.128 118.869334l-57.386667-64.256a408.618667 408.618667 0 0 1 135.168-107.562667A368.042667 368.042667 0 0 1 512 374.954667zM512 170.666667c167.978667 0 319.488 78.805333 426.666667 205.184l-57.386667 64.213333C788.821333 330.069333 657.578667 261.461333 512 261.461333c-145.578667 0-276.821333 68.650667-369.28 178.602667L85.333333 375.808C192.512 249.514667 344.021333 170.666667 512 170.666667z\" fill=\"#1D2129\">\u003C/path>\u003C/symbol>\u003Csymbol id=\"iconapp_nav_Recording\" viewBox=\"0 0 1024 1024\">\u003Cpath d=\"M122.453333 213.333333h519.424c9.344 0 18.346667 3.541333 25.216 9.941334 6.826667 6.4 11.093333 15.189333 11.776 24.576l0.085334 2.816v522.666666a37.418667 37.418667 0 0 1-34.304 37.248l-2.816 0.085334H122.453333a36.949333 36.949333 0 0 1-25.258666-9.941334 37.418667 37.418667 0 0 1-11.776-24.576L85.333333 773.333333V250.666667c0-9.386667 3.541333-18.474667 9.898667-25.386667a36.992 36.992 0 0 1 24.405333-11.861333L122.453333 213.333333z m482.304 74.666667H159.530667v448h445.226666V288zM938.666667 353.92v316.16c0 29.013333-34.56 46.933333-61.824 32l-142.250667-78.08v-224l142.250667-78.08c27.221333-14.933333 61.824 2.986667 61.824 32z m-74.24 65.962667l-55.637334 22.4v139.434666l55.68 22.4V419.882667zM345.088 362.666667v112H233.728V362.666667h111.317333z\" fill=\"#1D2129\">\u003C/path>\u003C/symbol>\u003Csymbol id=\"iconapp_nav_Productivity\" viewBox=\"0 0 1024 1024\">\u003Cpath d=\"M512 85.333333c235.648 0 426.666667 191.018667 426.666667 426.666667s-191.018667 426.666667-426.666667 426.666667S85.333333 747.648 85.333333 512 276.352 85.333333 512 85.333333z m0 77.568a349.098667 349.098667 0 1 0 0 698.197334 349.098667 349.098667 0 0 0 0-698.197334z m243.413333 200.448a19.413333 19.413333 0 0 1 13.738667 33.109334L678.826667 486.826667a19.2 19.2 0 0 1-2.773334 2.304l-150.826666 150.826666a19.370667 19.370667 0 0 1-25.728 1.536l-1.706667-1.536L415.573333 557.653333l-109.738666 109.653334a19.413333 19.413333 0 0 1-27.392 0l-27.434667-27.392a19.413333 19.413333 0 0 1 0-27.434667l150.826667-150.826667a19.413333 19.413333 0 0 1 27.434666 0l82.304 82.261334 98.474667-98.517334-48.938667-48.938666a19.413333 19.413333 0 0 1-5.546666-11.178667l-0.128-2.56a19.413333 19.413333 0 0 1 19.413333-19.370667h180.608z\" fill=\"#1D2129\">\u003C/path>\u003C/symbol>\u003Csymbol id=\"iconapp_nav_AI\" viewBox=\"0 0 1024 1024\">\u003Cpath d=\"M798.208 192.64C731.648 123.306667 641.877333 85.333333 544.426667 85.333333h-18.346667l-6.656 0.213334c-188.714667 7.04-334.677333 167.637333-333.056 371.285333-1.152 1.152-29.994667 38.912-52.650667 68.608l-25.770666 33.664c-14.933333 19.285333-22.912 36.608-22.613334 52.906667 0.725333 45.994667 29.653333 66.56 87.594667 79.232l21.76 4.522666 7.893333 164.437334 0.213334 4.138666A80.768 80.768 0 0 0 282.752 938.666667c4.522667 0 133.12-16.213333 195.328-27.093334v-86.954666c-42.88 5.973333-137.898667 19.541333-193.152 28.501333l-9.898667-198.826667-0.042666-1.664c-0.128-2.986667-0.426667-5.973333-0.981334-8.96a27.477333 27.477333 0 0 0-4.266666-11.093333c-4.48-6.144-9.941333-10.368-16.981334-10.368a1427.029333 1427.029333 0 0 1-46.933333-7.68l-5.717333-1.024-2.090667-0.512a17.365333 17.365333 0 0 1-11.861333-19.797333 17.194667 17.194667 0 0 1 3.541333-7.552c40.618667-49.92 63.36-77.226667 68.266667-82.176 9.770667-9.642667 12.458667-19.2 12.458666-37.12 0-2.133333-0.085333-3.968-0.384-6.869334a45.781333 45.781333 0 0 1-0.298666-4.053333c-1.322667-77.226667 26.282667-145.493333 76.202666-200.021333a263.168 263.168 0 0 1 194.389334-86.058667h4.053333l6.570667 0.085333c150.058667 3.498667 264.234667 124.074667 266.154666 283.178667l-0.085333 6.186667h84.864v-6.954667c-1.493333-99.328-38.186667-191.658667-103.68-259.2z m56.746667 682.410667l-120.917334-353.792h-72.789333l-120.405333 353.792h69.674666l24.789334-83.882667h124.245333l24.789333 83.882667h70.570667zM938.666667 521.258667v353.792h-62.805334v-353.792H938.666667z m-282.453334 208.128c26.197333-92.928 39.808-141.525333 40.789334-145.706667 0.981333 4.181333 14.848 52.778667 41.642666 145.706667H656.213333z\" fill=\"#1D2129\">\u003C/path>\u003C/symbol>\u003Csymbol id=\"iconapp_nav_Recommend\" viewBox=\"0 0 1024 1024\">\u003Cpath d=\"M565.973333 133.717333l7.424 3.114667c49.365333 21.546667 121.088 64.981333 121.088 134.741333 0 27.648-13.610667 64.341333-40.746666 110.08h153.856c121.173333 0 148.992 96.682667 121.173333 169.130667l-121.173333 288.426667c-10.24 33.493333-44.330667 56.789333-83.242667 56.789333H227.157333V381.610667h83.114667l180.693333-232.405334c11.392-16.426667 42.24-29.013333 75.008-15.488zM166.528 381.696v514.005333H85.333333V381.696h81.194667z m379.178667-175.274667l-193.28 248.618667H308.394667v367.530667h416c2.517333 0 4.48-1.322667 4.949333-2.944l1.024-3.285334 122.026667-290.56c16.085333-42.709333 0.085333-70.741333-44.8-70.741333H517.973333l64.298667-108.16c21.333333-35.968 31.061333-62.165333 31.061333-75.306667 0-21.290667-25.258667-45.397333-67.584-65.152z\" fill=\"#1D2129\">\u003C/path>\u003C/symbol>\u003Csymbol id=\"iconapp_nav_Backup\" viewBox=\"0 0 1024 1024\">\u003Cpath d=\"M473.088 146.090667a20.309333 20.309333 0 0 0-33.621333-13.056L335.530667 223.744l-1.706667 1.664a20.309333 20.309333 0 0 0 1.706667 28.928l103.850666 90.709333 1.877334 1.450667a20.394667 20.394667 0 0 0 31.914666-16.768V277.76h174.506667c117.845333 0 213.333333 95.317333 213.333333 212.906667a212.906667 212.906667 0 0 1-122.752 192.853333l38.912 67.242667A290.304 290.304 0 0 0 938.666667 490.666667c0-160.341333-130.261333-290.346667-290.901334-290.346667H473.173333V148.309333l-0.128-2.218666zM287.786667 296.832L248.874667 229.546667A290.346667 290.346667 0 0 0 85.333333 490.666667c0 160.341333 130.261333 290.346667 290.901334 290.346666h174.549333v52.010667a20.309333 20.309333 0 0 0 33.749333 15.274667l103.893334-90.709334a20.309333 20.309333 0 0 0 0-30.549333L584.533333 636.330667a20.437333 20.437333 0 0 0-33.706666 15.274666v52.010667H376.192c-117.802667 0-213.333333-95.36-213.333333-212.949333a212.906667 212.906667 0 0 1 124.885333-193.834667z\" fill=\"#1D2129\">\u003C/path>\u003C/symbol>\u003Csymbol id=\"iconapp_nav_Security\" viewBox=\"0 0 1024 1024\">\u003Cpath d=\"M533.034667 91.776l20.778666 14.08a36.608 36.608 0 0 1 4.48 3.669333c-1.28-1.237333-1.066667-1.237333-1.024-1.28l-1.28-0.853333 6.314667 4.053333c7.210667 4.437333 15.786667 9.472 25.429333 14.805334 29.952 16.384 61.013333 30.72 93.013334 42.922666 32 12.202667 66.176 20.352 100.138666 25.173334a470.016 470.016 0 0 0 44.373334 4.266666l34.389333 0.512a37.504 37.504 0 0 1 25.642667 10.581334 34.986667 34.986667 0 0 1 10.581333 24.917333v34.218667L896 350.421333v48.64L896 549.333333v14.378667C895.658667 735.018667 668.672 938.666667 511.957333 938.666667 355.2 938.666667 128 734.72 128 563.413333V234.666667a34.986667 34.986667 0 0 1 10.581333-24.96 37.504 37.504 0 0 1 25.642667-10.581334l35.072-0.554666a471.338667 471.338667 0 0 0 43.733333-4.224 468.224 468.224 0 0 0 100.010667-25.173334c32-12.202667 63.146667-26.581333 93.056-43.008a469.333333 469.333333 0 0 0 33.834667-20.181333l20.608-14.08a37.717333 37.717333 0 0 1 42.496-0.128z m289.28 307.285333v-48.64l-0.042667-80.768c-10.24-0.213333-30.208-1.792-52.138667-4.906666a542.634667 542.634667 0 0 1-116.352-29.44c-59.690667-22.698667-121.173333-55.637333-141.909333-70.826667a561.92 561.92 0 0 1-39.338667 23.466667c-32.938667 18.090667-67.157333 33.92-102.4 47.36-37.674667 14.378667-77.184 23.808-116.309333 29.44a502.186667 502.186667 0 0 1-52.181333 4.906666v293.802667c0 130.773333 193.066667 304.085333 310.314666 304.085333 117.333333 0 310.4-173.269333 310.4-304.085333V399.061333z m-129.877334 16.042667a18.346667 18.346667 0 0 1 0 26.325333l-163.669333 158.037334-27.306667 26.325333a19.626667 19.626667 0 0 1-27.264 0l-27.306666-26.325333-81.792-79.018667a18.346667 18.346667 0 0 1 0-26.325333l27.306666-26.368a19.626667 19.626667 0 0 1 27.264 0l68.181334 65.877333 150.016-144.853333a19.626667 19.626667 0 0 1 27.306666 0l27.264 26.325333z\" fill=\"#1D2129\">\u003C/path>\u003C/symbol>\u003Csymbol id=\"iconapp_nav_Development\" viewBox=\"0 0 1024 1024\">\u003Cpath d=\"M899.84 128c10.325333 0 20.181333 4.053333 27.477333 11.264 7.253333 7.168 11.349333 16.938667 11.349334 27.136v691.2a38.186667 38.186667 0 0 1-11.349334 27.136 38.997333 38.997333 0 0 1-27.434666 11.264H124.117333a38.997333 38.997333 0 0 1-27.434666-11.264A38.186667 38.186667 0 0 1 85.333333 857.6V166.4c0-10.197333 4.096-19.968 11.349334-27.136A38.997333 38.997333 0 0 1 124.16 128h775.765333z m-38.741333 76.8H162.901333v614.4h698.197334V204.8z m-336.213334 96.213333l34.432 3.754667a19.498667 19.498667 0 0 1 16.512 13.738667 19.029333 19.029333 0 0 1 0.64 7.466666l-0.085333 0.512-49.834667 360.832a19.157333 19.157333 0 0 1-7.253333 12.544 19.541333 19.541333 0 0 1-14.08 3.925334l-34.432-3.797334a19.541333 19.541333 0 0 1-16.554667-14.08 19.029333 19.029333 0 0 1-0.512-7.594666l49.834667-360.832a19.541333 19.541333 0 0 1 21.333333-16.512zM378.026667 395.989333l24.32 22.357334a19.2 19.2 0 0 1 4.821333 21.077333 19.2 19.2 0 0 1-4.138667 6.4l-66.944 67.754667 66.944 67.712a19.114667 19.114667 0 0 1-0.341333 27.178666l-0.341333 0.341334-24.32 22.357333a19.541333 19.541333 0 0 1-26.965334-0.554667l-103.893333-103.509333a19.114667 19.114667 0 0 1 0-27.093333l103.893333-103.466667a19.498667 19.498667 0 0 1 26.965334-0.554667z m294.997333 0.554667l103.893333 103.466667a19.114667 19.114667 0 0 1 0 27.093333l-103.893333 103.509333a19.498667 19.498667 0 0 1-26.965333 0.554667l-24.32-22.357333a19.2 19.2 0 0 1-0.64-27.52l66.901333-67.712-66.901333-67.754667a19.157333 19.157333 0 0 1 0.64-27.477333l24.32-22.357334a19.498667 19.498667 0 0 1 26.965333 0.554667z\" fill=\"#1D2129\">\u003C/path>\u003C/symbol>\u003Csymbol id=\"iconapp_nav_Drivers\" viewBox=\"0 0 1024 1024\">\u003Cpath d=\"M810.666667 85.333333a128 128 0 0 1 42.666666 248.746667v199.253333h42.666667a42.666667 42.666667 0 0 1 42.666667 42.666667V896a42.666667 42.666667 0 0 1-42.666667 42.666667H128a42.666667 42.666667 0 0 1-42.666667-42.666667v-320a42.666667 42.666667 0 0 1 42.666667-42.666667h42.666667V334.08a128 128 0 1 1 85.333333 0v199.253333h213.333333V334.08a128 128 0 1 1 85.333334 0v199.253333h213.333333V334.08A128 128 0 0 1 810.666667 85.333333zM170.666667 853.333333h682.666666v-234.666666H170.666667V853.333333z m256-85.333333H341.333333v-85.333333h85.333334v85.333333z m320-85.333333a21.333333 21.333333 0 0 1 21.333333 21.333333v42.666667a21.333333 21.333333 0 0 1-21.333333 21.333333h-213.333334a21.333333 21.333333 0 0 1-21.333333-21.333333v-42.666667a21.333333 21.333333 0 0 1 21.333333-21.333333h213.333334zM213.333333 170.666667a42.666667 42.666667 0 1 0 0 85.333333 42.666667 42.666667 0 0 0 0-85.333333z m298.666667 0a42.666667 42.666667 0 1 0 0 85.333333 42.666667 42.666667 0 0 0 0-85.333333z m298.666667 0a42.666667 42.666667 0 1 0 0 85.333333 42.666667 42.666667 0 0 0 0-85.333333z\" fill=\"#1D2129\">\u003C/path>\u003C/symbol>\u003Csymbol id=\"iconapp_nav_Downloads\" viewBox=\"0 0 1024 1024\">\u003Cpath d=\"M281.6 391.168v78.208H204.8v391.082667h614.4V469.333333h-76.8V391.168h115.2c10.197333 0 19.968 4.138667 27.136 11.477333a39.466667 39.466667 0 0 1 11.264 27.648v469.248a39.466667 39.466667 0 0 1-11.264 27.690667 38.058667 38.058667 0 0 1-27.136 11.434667H166.4a38.058667 38.058667 0 0 1-27.136-11.434667 39.466667 39.466667 0 0 1-11.264-27.648v-469.333333c0-10.325333 4.053333-20.266667 11.264-27.605334a38.058667 38.058667 0 0 1 27.136-11.477333h115.2z m403.2 312.874667c5.12 0 9.984 2.048 13.568 5.717333a19.754667 19.754667 0 0 1 5.632 13.824v39.082667a19.754667 19.754667 0 0 1-5.632 13.866666 19.029333 19.029333 0 0 1-13.568 5.717334h-345.6a19.029333 19.029333 0 0 1-13.568-5.717334 19.754667 19.754667 0 0 1-5.632-13.866666v-39.082667c0-5.205333 2.005333-10.154667 5.632-13.824a19.029333 19.029333 0 0 1 13.568-5.717333h345.6z m0-156.458667c5.12 0 9.984 2.090667 13.568 5.76a19.754667 19.754667 0 0 1 5.632 13.824v39.082667a19.754667 19.754667 0 0 1-5.632 13.824 19.029333 19.029333 0 0 1-13.568 5.76h-345.6a19.029333 19.029333 0 0 1-13.568-5.76 19.754667 19.754667 0 0 1-5.632-13.824v-39.082667c0-5.205333 2.005333-10.154667 5.632-13.824a19.029333 19.029333 0 0 1 13.568-5.717333h345.6zM492.970667 85.333333l36.352 0.128c4.693333 0 9.216 1.749333 12.714666 4.906667a19.626667 19.626667 0 0 1 6.314667 12.245333l0.128 2.261334 1.365333 238.933333 81.450667-82.986667a19.029333 19.029333 0 0 1 25.344-1.621333l1.792 1.621333 27.178667 27.648a19.712 19.712 0 0 1 1.578666 25.813334l-1.578666 1.877333-149.333334 152.064a38.058667 38.058667 0 0 1-51.882666 2.304l-2.432-2.304-149.333334-152.064a19.712 19.712 0 0 1-1.621333-25.813333l1.621333-1.877334 27.136-27.648a19.029333 19.029333 0 0 1 25.344-1.621333l1.792 1.621333 88.192 89.856-1.365333-245.674666a20.010667 20.010667 0 0 1 5.589333-13.909334 19.2 19.2 0 0 1 13.653334-5.76z\" fill=\"#1D2129\">\u003C/path>\u003C/symbol>\u003Csymbol id=\"iconapp_nav_installed\" viewBox=\"0 0 1024 1024\">\u003Cpath d=\"M723.242667 123.221333l66.176 111.36 111.36 66.133334a77.525333 77.525333 0 0 1 35.498666 85.76L904.362667 512l31.914666 125.525333a77.482667 77.482667 0 0 1-35.498666 85.76l-111.36 66.133334-66.133334 111.36a77.482667 77.482667 0 0 1-85.76 35.498666L512 904.362667l-125.525333 31.914666a77.482667 77.482667 0 0 1-85.76-35.541333l-66.133334-111.317333-111.36-66.133334a77.525333 77.525333 0 0 1-35.498666-85.76L119.637333 512l-31.914666-125.525333a77.525333 77.525333 0 0 1 35.498666-85.76l111.36-66.133334 66.133334-111.36a77.525333 77.525333 0 0 1 85.76-35.498666L512 119.637333l125.525333-31.914666a77.525333 77.525333 0 0 1 85.76 35.498666z m-66.602667 39.594667l-125.525333 32a77.525333 77.525333 0 0 1-38.229334 0l-125.525333-32-66.133333 111.36c-6.656 11.093333-15.914667 20.394667-27.050667 27.008L162.816 367.36l31.914667 125.525333c3.2 12.544 3.2 25.685333 0 38.229334l-31.914667 125.482666 111.36 66.218667c11.093333 6.613333 20.394667 15.872 27.008 27.008l66.133333 111.36 125.568-31.957333c12.544-3.2 25.642667-3.2 38.186667 0l125.525333 31.957333 66.176-111.36c6.613333-11.093333 15.914667-20.394667 27.008-27.008l111.36-66.176-31.914666-125.525333a77.568 77.568 0 0 1 0-38.229334l31.914666-125.525333-111.36-66.133333a77.44 77.44 0 0 1-27.008-27.050667l-66.133333-111.36z m74.581333 255.573333l-54.784-54.741333-219.221333 219.221333-109.653333-109.653333-54.784 54.826667 164.437333 164.437333 274.005333-274.048z\" fill=\"#1D2129\">\u003C/path>\u003C/symbol>\u003Csymbol id=\"iconapp_nav_Audio\" viewBox=\"0 0 1024 1024\">\u003Cpath d=\"M336.426667 90.794667l153.813333 154.24h38.442667l153.813333-154.24a18.517333 18.517333 0 0 1 24.490667-1.536l1.792 1.536 26.24 26.325333a18.602667 18.602667 0 0 1 1.536 24.533333l-1.578667 1.749334-101.376 101.632h267.946667a37.034667 37.034667 0 0 1 37.034666 34.389333l0.085334 2.816v576.554667a37.248 37.248 0 0 1-34.304 37.12L901.546667 896H122.453333a37.034667 37.034667 0 0 1-37.034666-34.389333L85.333333 858.794667V282.24a37.248 37.248 0 0 1 34.304-37.12l2.816-0.085333h262.826667L283.989333 143.36a18.602667 18.602667 0 0 1 0-26.325333l26.24-26.282667a18.56 18.56 0 0 1 26.24 0z m528.042666 228.650666H159.530667v502.186667h704.938666V319.402667z m-426.666666 116.992c3.413333 0 6.826667 0.938667 9.728 2.730667L634.709333 554.666667a18.602667 18.602667 0 0 1 0 31.701333L447.573333 701.866667a18.517333 18.517333 0 0 1-28.288-15.872v-230.997334a18.602667 18.602667 0 0 1 18.56-18.56z\" fill=\"#1D2129\">\u003C/path>\u003C/symbol>\u003Csymbol id=\"iconapp_nav_Community\" viewBox=\"0 0 1024 1024\">\u003Cpath d=\"M409.856 795.221333c32.213333 14.549333 67.072 22.016 102.314667 21.973334 36.394667 0 71.04-7.808 102.314666-21.930667 13.226667 23.978667 31.274667 44.885333 52.906667 61.397333a324.181333 324.181333 0 0 1-155.221333 39.338667 324.608 324.608 0 0 1-155.221334-39.296c21.632-16.554667 39.68-37.504 52.906667-61.44z m-163.328-253.696l1.792 0.085334 4.693333 0.341333 1.237334 0.085333 5.76 0.597334 0.554666 0.085333c25.173333 3.328 49.194667 12.885333 69.888 27.818667 20.693333 14.933333 37.461333 34.773333 48.810667 57.770666a159.744 159.744 0 0 1-3.370667 147.797334l-0.725333 1.28-1.365333 2.389333-0.469334 0.853333-0.170666 0.256-0.128 0.170667-0.128 0.256-1.024 1.706667c-3.029333 4.821333-6.314667 9.514667-9.813334 13.994666l-1.066666 1.408a143.36 143.36 0 0 1-3.413334 4.096l-0.64 0.725334a155.306667 155.306667 0 0 1-56.448 41.088 153.173333 153.173333 0 0 1-135.253333-7.594667 156.117333 156.117333 0 0 1-51.626667-47.104 159.914667 159.914667 0 0 1-21.845333-135.68 158.293333 158.293333 0 0 1 34.261333-61.44c15.829333-17.536 35.413333-31.232 57.173334-40.021333l1.834666-0.725334-2.645333 1.109334 5.290667-2.133334 1.024-0.341333c3.84-1.408 7.765333-2.602667 11.733333-3.712l0.853333-0.213333c1.792-0.469333 3.626667-0.896 5.461334-1.28l0.597333-0.170667a153.088 153.088 0 0 1 33.109333-3.626667l6.058667 0.128z m542.592 0h0.64l1.92 0.085334c10.581333 0.554667 21.12 2.176 31.36 4.864l0.896 0.256c3.925333 1.066667 7.808 2.304 11.648 3.669333l0.725333 0.256c20.352 7.466667 38.912 19.2 54.528 34.389333 15.573333 15.146667 27.861333 33.493333 36.096 53.76a159.701333 159.701333 0 0 1-3.157333 127.402667 157.44 157.44 0 0 1-38.826667 51.84 154.666667 154.666667 0 0 1-56.149333 31.488 153.045333 153.045333 0 0 1-124.629333-15.232l-1.28-0.768-3.498667-2.261333-0.213333-0.128-1.706667-1.152a149.717333 149.717333 0 0 1-9.728-7.168l-0.981333-0.810667a153.898667 153.898667 0 0 1-9.216-8.149333l-0.64-0.597334a164.48 164.48 0 0 1-8.832-9.216l-0.682667-0.853333a184.021333 184.021333 0 0 1-3.157333-3.669333l-1.024-1.322667a158.208 158.208 0 0 1-10.709334-15.189333l-0.426666-0.597334-0.554667-0.853333a159.402667 159.402667 0 0 1 41.130667-210.133333 154.026667 154.026667 0 0 1 71.125333-28.714667l5.546667-0.64 2.005333-0.128 4.693333-0.341333h0.981334l0.597333-0.085334c2.090667-0.085333 4.138667-0.128 6.229333-0.128l5.290667 0.128zM240.512 620.202667c-20.608 0-40.362667 8.32-54.912 23.04a79.445333 79.445333 0 0 0-22.698667 55.808c0 20.906667 8.149333 40.917333 22.698667 55.68s34.304 23.082667 54.912 23.082666c20.565333 0 40.32-8.277333 54.912-23.04 14.506667-14.805333 22.698667-34.858667 22.698667-55.722666 0-20.906667-8.149333-40.96-22.698667-55.765334a77.141333 77.141333 0 0 0-54.912-23.082666z m543.317333 0c-20.565333 0-40.32 8.32-54.869333 23.04a79.488 79.488 0 0 0 0 111.488c14.506667 14.762667 34.304 23.082667 54.869333 23.082666s40.32-8.32 54.869334-23.04a79.488 79.488 0 0 0 0-111.445333 77.056 77.056 0 0 0-54.869334-23.125333zM187.690667 550.784l-0.725334 0.256 1.024-0.384-0.298666 0.128z m579.456-8.448l-2.901334 0.341333 3.157334-0.426666-0.256 0.085333z m20.266666-0.853333h-0.512l-3.072-0.085334 3.584 0.042667zM318.208 290.176a198.4 198.4 0 0 0 20.992 84.522667 256.426667 256.426667 0 0 0-72.96 128.981333 191.36 191.36 0 0 0-80.128 6.144 335.701333 335.701333 0 0 1 120.96-211.029333l6.229333-4.949334 4.906667-3.669333z m387.968 0a335.616 335.616 0 0 1 130.986667 213.162667l1.024 6.485333c-26.026667-7.68-53.333333-9.813333-80.170667-6.144a256.554667 256.554667 0 0 0-72.917333-129.024 198.4 198.4 0 0 0 21.077333-84.48z m-221.525333-159.744a152.96 152.96 0 0 1 122.965333 30.890667c17.194667 13.653333 31.402667 30.805333 41.642667 50.346666a159.36 159.36 0 0 1 8.533333 128.298667l-2.218667 5.674667-0.085333 0.170666-0.426667 1.066667-1.237333 2.944a156.970667 156.970667 0 0 1-56.234667 67.114667 153.728 153.728 0 0 1-83.029333 26.026666 153.557333 153.557333 0 0 1-83.712-23.338666 156.885333 156.885333 0 0 1-58.325333-65.365334l-2.218667-4.949333-0.512-1.066667-1.621333-4.010666-0.810667-2.005334a158.762667 158.762667 0 0 1-9.642667-41.216l-0.085333-0.981333-0.298667-3.456-0.213333-3.456-0.042667-0.682667a176.213333 176.213333 0 0 1-0.128-7.168l0.085334-6.229333 0.085333-1.877333 0.298667-4.138667 0.128-1.92c0.128-1.706667 0.341333-3.498667 0.554666-5.248l0.128-1.066667a159.146667 159.146667 0 0 1 21.76-61.909333A156.672 156.672 0 0 1 424.661333 155.306667a154.026667 154.026667 0 0 1 59.946667-24.874667z m27.52 76.074667c-20.608 0-40.32 8.277333-54.869334 23.04a79.402667 79.402667 0 0 0 0 111.445333c14.506667 14.762667 34.261333 23.04 54.869334 23.04 20.565333 0 40.32-8.277333 54.869333-23.04a79.402667 79.402667 0 0 0 0-111.402667 77.013333 77.013333 0 0 0-54.869333-23.082666z\" fill=\"#1D2129\">\u003C/path>\u003C/symbol>\u003Csymbol id=\"iconapp_nav_all\" viewBox=\"0 0 1024 1024\">\u003Cpath d=\"M426.666667 554.666667a42.666667 42.666667 0 0 1 42.666666 42.666666v277.333334a42.666667 42.666667 0 0 1-38.314666 42.453333L426.666667 917.333333H149.333333l-4.394666-0.213333a42.666667 42.666667 0 0 1-38.058667-38.101333L106.666667 874.666667V597.333333a42.666667 42.666667 0 0 1 42.666666-42.666666H426.666667z m450.133333-2.133334a40.533333 40.533333 0 0 1 40.533333 40.533334v283.733333a40.533333 40.533333 0 0 1-40.533333 40.533333H593.066667a40.533333 40.533333 0 0 1-40.533334-40.533333V593.066667a40.533333 40.533333 0 0 1 40.533334-40.533334h283.733333zM183.466667 840.533333h209.066666v-209.066666H183.466667v209.066666z m450.133333-4.266666h202.666667v-202.666667h-202.666667v202.666667zM430.933333 106.666667a40.533333 40.533333 0 0 1 40.533334 40.533333v283.733333a40.533333 40.533333 0 0 1-40.533334 40.533334H147.2a40.533333 40.533333 0 0 1-40.533333-40.533334V147.2a40.533333 40.533333 0 0 1 40.533333-40.533333h283.733333z m445.866667 0a40.533333 40.533333 0 0 1 40.533333 40.533333v283.733333a40.533333 40.533333 0 0 1-40.533333 40.533334H593.066667a40.533333 40.533333 0 0 1-40.533334-40.533334V147.2a40.533333 40.533333 0 0 1 40.533334-40.533333h283.733333zM187.733333 390.4h202.666667V187.733333H187.733333v202.666667z m445.866667 0h202.666667V187.733333h-202.666667v202.666667z\" fill=\"#1D2129\">\u003C/path>\u003C/symbol>\u003Csymbol id=\"iconUpward\" viewBox=\"0 0 1024 1024\">\u003Cpath d=\"M917.333333 853.333333a21.333333 21.333333 0 0 1 21.333334 21.333334v42.666666a21.333333 21.333333 0 0 1-21.333334 21.333334h-810.666666a21.333333 21.333333 0 0 1-21.333334-21.333334v-42.666666a21.333333 21.333333 0 0 1 21.333334-21.333334h810.666666zM433.194667 388.053333v359.637334c0 5.376 2.133333 10.538667 5.802666 14.336 3.669333 3.84 8.704 5.973333 13.909334 5.973333h118.186666c5.205333 0 10.24-2.133333 13.909334-5.973333a20.650667 20.650667 0 0 0 5.76-14.336V388.053333h147.712c1.237333 0 2.389333-0.213333 3.584-0.341333l0.554666-0.128a25.088 25.088 0 0 0 3.925334-0.938667 14.549333 14.549333 0 0 0 3.797333-1.408l0.512-0.256 0.810667-0.426666a15.36 15.36 0 0 0 2.005333-0.981334 31.786667 31.786667 0 0 0 13.653333-21.333333 39.68 39.68 0 0 0 0.64-6.229333L768 355.413333a9.216 9.216 0 0 0-0.085333-1.152l-0.085334-0.853333-0.042666-0.426667a34.261333 34.261333 0 0 0-5.76-17.066666l-221.696-230.485334c-5.845333-11.306667-17.365333-21.973333-28.330667-19.797333-10.965333-2.176-22.442667 8.490667-28.330667 19.797333L261.930667 335.914667a34.432 34.432 0 0 0-5.717334 17.066666v0.426667c0 0.298667-0.085333 0.597333-0.128 0.853333A8.746667 8.746667 0 0 0 256 355.413333l0.042667 0.597334 0.042666 0.554666c0.042667 1.621333 0.213333 3.242667 0.426667 4.821334 1.706667 9.514667 6.4 17.450667 13.824 22.186666 0.64 0.426667 1.322667 0.725333 2.005333 1.024l0.853334 0.426667 0.426666 0.213333a30.976 30.976 0 0 0 7.381334 2.346667l0.896 0.128a24.277333 24.277333 0 0 0 3.626666 0.341333h147.669334z\" fill=\"#3491FA\">\u003C/path>\u003C/symbol>\u003Csymbol id=\"icondownward\" viewBox=\"0 0 1024 1024\">\u003Cpath d=\"M917.333333 853.333333a21.333333 21.333333 0 0 1 21.333334 21.333334v42.666666a21.333333 21.333333 0 0 1-21.333334 21.333334h-810.666666a21.333333 21.333333 0 0 1-21.333334-21.333334v-42.666666a21.333333 21.333333 0 0 1 21.333334-21.333334h810.666666zM433.194667 465.28V105.642667c0-5.376 2.133333-10.538667 5.802666-14.378667A19.413333 19.413333 0 0 1 452.906667 85.333333h118.186666c5.205333 0 10.24 2.133333 13.909334 5.973334 3.669333 3.797333 5.76 8.96 5.76 14.336v359.637333h147.712c1.237333 0 2.389333 0.213333 3.584 0.341333l0.554666 0.128a25.344 25.344 0 0 1 3.925334 0.938667c1.322667 0.298667 2.602667 0.768 3.797333 1.408l0.512 0.256 0.810667 0.426667a15.274667 15.274667 0 0 1 2.005333 0.981333 31.786667 31.786667 0 0 1 13.653333 21.333333 39.765333 39.765333 0 0 1 0.64 6.229334l0.042667 0.597333a9.344 9.344 0 0 1-0.085333 1.152l-0.085334 0.853333-0.042666 0.426667a34.304 34.304 0 0 1-5.76 17.066667l-221.696 230.485333c-5.845333 11.306667-17.365333 21.973333-28.330667 19.797333-10.965333 2.176-22.442667-8.490667-28.330667-19.797333l-221.738666-230.485333a34.432 34.432 0 0 1-5.717334-17.066667v-0.426667c0-0.298667-0.085333-0.597333-0.128-0.853333A8.746667 8.746667 0 0 1 256 497.92l0.042667-0.64 0.042666-0.554667a36.266667 36.266667 0 0 1 0.426667-4.864 32.128 32.128 0 0 1 13.824-22.101333c0.64-0.426667 1.322667-0.768 2.005333-1.066667l0.853334-0.426666 0.426666-0.213334a31.232 31.232 0 0 1 7.381334-2.346666l0.896-0.128a24.32 24.32 0 0 1 3.626666-0.341334h147.669334z\" fill=\"#23C343\">\u003C/path>\u003C/symbol>\u003Csymbol id=\"iconStorage_Nav_iSCSI_Target\" viewBox=\"0 0 1024 1024\">\u003Cpath d=\"M298.666667 256m-42.666667 0a42.666667 42.666667 0 1 0 85.333333 0 42.666667 42.666667 0 1 0-85.333333 0Z\" fill=\"#1D2129\">\u003C/path>\u003Cpath d=\"M725.333333 256m-42.666666 0a42.666667 42.666667 0 1 0 85.333333 0 42.666667 42.666667 0 1 0-85.333333 0Z\" fill=\"#1D2129\">\u003C/path>\u003Cpath d=\"M298.666667 768m-42.666667 0a42.666667 42.666667 0 1 0 85.333333 0 42.666667 42.666667 0 1 0-85.333333 0Z\" fill=\"#1D2129\">\u003C/path>\u003Cpath d=\"M725.333333 768m-42.666666 0a42.666667 42.666667 0 1 0 85.333333 0 42.666667 42.666667 0 1 0-85.333333 0Z\" fill=\"#1D2129\">\u003C/path>\u003Cpath d=\"M873.386667 85.333333c6.016 0 11.776 2.261333 16 6.229334 4.224 4.010667 6.613333 9.429333 6.613333 15.104v810.666666c0 5.674667-2.389333 11.093333-6.613333 15.104a23.253333 23.253333 0 0 1-15.957334 6.229334H150.570667a23.253333 23.253333 0 0 1-15.957334-6.229334A20.778667 20.778667 0 0 1 128 917.333333v-810.666666c0-5.674667 2.389333-11.093333 6.613333-15.104A23.253333 23.253333 0 0 1 150.613333 85.333333h722.858667zM213.333333 344.234667v510.421333l597.333334 1.578667V170.666667H212.949333L213.333333 344.234667zM512 277.333333a209.493333 209.493333 0 0 1 143.786667 56.234667A186.709333 186.709333 0 0 1 715.264 469.333333a185.6 185.6 0 0 1-47.189333 122.88l-55.424-74.88c7.893333-14.762667 12.288-31.146667 12.288-48 0-28.288-11.946667-55.424-33.109334-75.434666A116.48 116.48 0 0 0 512 362.666667a116.48 116.48 0 0 0-79.872 31.232A103.765333 103.765333 0 0 0 399.061333 469.333333c0 28.288 11.904 55.424 33.066667 75.434667 17.365333 16.384 39.850667 26.752 63.872 29.994667l60.544 81.834666c-14.506667 3.072-29.44 4.736-44.544 4.736a209.493333 209.493333 0 0 1-143.786667-56.234666A186.752 186.752 0 0 1 308.736 469.333333c0-50.901333 21.418667-99.754667 59.562667-135.765333A209.493333 209.493333 0 0 1 512 277.333333z\" fill=\"#1D2129\">\u003C/path>\u003Cpath d=\"M548.293081 473.420174m26.414676 33.506855l103.281379 131.011806q26.414675 33.506856-7.09218 59.921531l0 0q-33.506856 26.414675-59.921531-7.092181l-103.28138-131.011805q-26.414675-33.506856 7.092181-59.921531l0 0q33.506856-26.414675 59.921531 7.09218Z\" fill=\"#1D2129\">\u003C/path>\u003C/symbol>\u003Csymbol id=\"iconStorage_Nav_hot_spare\" viewBox=\"0 0 1024 1024\">\u003Cpath d=\"M85.333333 621.653333l0.256-3.456a34.261333 34.261333 0 0 1 0.341334-1.877333l0.128-0.682667L185.258667 133.248a33.706667 33.706667 0 0 1 9.301333-17.194667c4.693333-4.650667 10.666667-7.765333 17.152-8.917333l5.674667-0.469333h590.378666c6.570667 0 13.013333 2.005333 18.474667 5.76a33.408 33.408 0 0 1 12.074667 15.36l1.621333 5.546666 98.090667 482.389334a37.973333 37.973333 0 0 1 0.64 6.826666v261.290667a33.834667 33.834667 0 0 1-9.6 23.68 32.469333 32.469333 0 0 1-23.210667 9.813333H118.144a32.469333 32.469333 0 0 1-23.210667-9.813333 33.834667 33.834667 0 0 1-9.6-23.68V621.653333z m768 0.853334L170.666667 618.24V832h682.666666v-209.493333z m-61.525333 97.706666a32.426667 32.426667 0 0 1 22.186667 8.746667 34.005333 34.005333 0 0 1 4.010666 45.056 32.725333 32.725333 0 0 1-20.266666 12.672l-5.930667 0.554667h-82.901333a32.469333 32.469333 0 0 1-22.186667-8.746667 34.005333 34.005333 0 0 1-4.010667-45.056 32.725333 32.725333 0 0 1 20.309334-12.672l5.888-0.554667h82.944zM768 192H256l-64 341.333333h644.693333L768 192z\" fill=\"#1D2129\">\u003C/path>\u003Cpath d=\"M548.565333 252.970667a18.261333 18.261333 0 0 0-18.261333-18.304h-36.608a18.304 18.304 0 0 0-18.261333 18.304v73.130666H402.304A18.304 18.304 0 0 0 384 344.32v36.608a18.304 18.304 0 0 0 18.304 18.261333h73.130667v73.130667a18.304 18.304 0 0 0 18.261333 18.304h36.608a18.304 18.304 0 0 0 18.261333-18.304V399.232h73.130667A18.304 18.304 0 0 0 640 381.013333V344.32a18.304 18.304 0 0 0-18.304-18.261333h-73.130667V252.970667z\" fill=\"#1D2129\">\u003C/path>\u003C/symbol>\u003Csymbol id=\"iconStorage_Nav_disk\" viewBox=\"0 0 1024 1024\">\u003Cpath d=\"M85.333333 621.653333l0.256-3.456a34.261333 34.261333 0 0 1 0.341334-1.877333l0.128-0.682667L185.258667 133.248a33.706667 33.706667 0 0 1 9.301333-17.194667c4.693333-4.650667 10.666667-7.765333 17.152-8.917333l5.674667-0.469333h590.378666c6.570667 0 13.013333 2.005333 18.474667 5.76a33.408 33.408 0 0 1 12.074667 15.36l1.621333 5.546666 98.090667 482.389334a37.973333 37.973333 0 0 1 0.64 6.826666v261.290667a33.834667 33.834667 0 0 1-9.6 23.68 32.469333 32.469333 0 0 1-23.210667 9.813333H118.144a32.469333 32.469333 0 0 1-23.210667-9.813333 33.834667 33.834667 0 0 1-9.6-23.68V621.653333z m768 0.853334L170.666667 618.24V832h682.666666v-209.493333z m-61.525333 97.706666a32.426667 32.426667 0 0 1 22.186667 8.746667 34.005333 34.005333 0 0 1 4.010666 45.056 32.725333 32.725333 0 0 1-20.266666 12.672l-5.930667 0.554667h-82.901333a32.469333 32.469333 0 0 1-22.186667-8.746667 34.005333 34.005333 0 0 1-4.010667-45.056 32.725333 32.725333 0 0 1 20.309334-12.672l5.888-0.554667h82.944zM768 192H256l-64 341.333333h644.693333L768 192z\" fill=\"#1D2129\">\u003C/path>\u003C/symbol>\u003Csymbol id=\"iconStorage_nav_overview\" viewBox=\"0 0 1024 1024\">\u003Cpath d=\"M876.8 106.666667a40.533333 40.533333 0 0 1 40.533333 40.533333v567.466667a40.533333 40.533333 0 0 1-40.533333 40.533333h-324.266667v81.066667h101.333334a20.266667 20.266667 0 0 1 20.266666 20.266666v40.533334a20.266667 20.266667 0 0 1-20.266666 20.266666h-283.733334a20.266667 20.266667 0 0 1-20.266666-20.266666v-40.533334a20.266667 20.266667 0 0 1 20.266666-20.266666h101.333334v-81.066667h-324.266667a40.533333 40.533333 0 0 1-40.533333-40.533333V147.2a40.533333 40.533333 0 0 1 40.533333-40.533333h729.6z m-40.533333 81.066666H187.733333v486.4h648.533334V187.733333z m-114.730667 156.202667l-28.672-28.672a20.266667 20.266667 0 0 0-28.672 0l-103.68 103.68-91.648-92.032-1.92-1.706667a20.224 20.224 0 0 0-26.709333 1.706667l-145.237334 144.768a20.266667 20.266667 0 0 0 0 28.672l28.629334 28.629333a20.266667 20.266667 0 0 0 28.672 0l101.674666-101.674666 92.330667 92.416a20.181333 20.181333 0 0 0 28.672 0l146.56-147.157334a20.266667 20.266667 0 0 0 0-28.586666z\" fill=\"#1D2129\">\u003C/path>\u003C/symbol>\u003Csymbol id=\"iconStorage_Nav_storage\" viewBox=\"0 0 1024 1024\">\u003Cpath d=\"M204.8 347.050667v168.533333c0 39.594667 129.621333 82.688 307.2 82.688 177.578667 0 307.2-43.093333 307.2-82.688v-168.533333c-68.949333 38.4-174.037333 58.282667-307.2 58.282666-133.162667 0-238.293333-19.925333-307.2-58.282666z m0 271.616v146.730666c0 39.594667 129.621333 109.269333 307.2 109.269334 177.578667 0 307.2-63.957333 307.2-103.552v-146.730667C750.250667 662.784 645.162667 682.666667 512 682.666667c-133.162667 0-238.293333-25.6-307.2-64zM896 235.946667v559.317333c0 87.082667-172.757333 164.736-384 164.736-211.285333 0-384-77.653333-384-164.736V236.245333C128 145.066667 277.333333 68.266667 512 68.266667s384 81.066667 384 167.68zM512 320c128 0 298.666667-44.458667 298.666667-84.053333 0-61.269333-170.666667-90.88-298.666667-90.88S213.333333 192 213.333333 234.666667s170.666667 85.333333 298.666667 85.333333z m224 172.672a33.962667 33.962667 0 0 1-22.613333-8.405333 27.264 27.264 0 0 1-9.386667-20.266667c0-7.637333 3.370667-14.933333 9.386667-20.309333a33.962667 33.962667 0 0 1 22.613333-8.405334c8.490667 0 16.64 3.029333 22.613333 8.405334 6.016 5.376 9.386667 12.672 9.386667 20.309333 0 7.594667-3.370667 14.890667-9.386667 20.266667a33.962667 33.962667 0 0 1-22.613333 8.405333z m0 286.848a33.962667 33.962667 0 0 1-22.613333-8.405333 27.264 27.264 0 0 1-9.386667-20.309334c0-7.594667 3.370667-14.890667 9.386667-20.266666a33.962667 33.962667 0 0 1 22.613333-8.405334c8.490667 0 16.64 2.986667 22.613333 8.405334 6.016 5.376 9.386667 12.672 9.386667 20.266666 0 7.637333-3.370667 14.933333-9.386667 20.309334a33.962667 33.962667 0 0 1-22.613333 8.405333z\" fill=\"#1D2129\">\u003C/path>\u003C/symbol>\u003Csymbol id=\"iconStorage_Nav_USB_enabled\" viewBox=\"0 0 1024 1024\">\u003Cpath d=\"M759.168 91.477333C751.829333 87.466667 744.533333 85.333333 724.522667 85.333333H299.477333c-20.053333 0-27.306667 2.133333-34.645333 6.144a41.258667 41.258667 0 0 0-17.066667 17.450667c-3.925333 7.509333-5.973333 14.976-5.973333 35.498667v286.848h-19.669333c-40.149333 0-54.741333 4.266667-69.418667 12.288-14.506667 7.893333-26.368 20.053333-34.048 34.901333-7.808 15.018667-11.989333 29.952-11.989333 71.04v363.093333c0 10.154667 0.256 18.730667 0.768 26.069334l89.301333-0.042667v-415.146667H827.306667V938.666667l89.301333 0.042666a376.746667 376.746667 0 0 0 0.768-26.026666v-363.093334c0-41.130667-4.181333-56.064-12.032-71.082666a82.858667 82.858667 0 0 0-34.048-34.901334c-14.677333-8.021333-29.226667-12.288-69.376-12.288h-19.626667V144.469333c0-20.565333-2.133333-28.032-6.058666-35.541333a41.386667 41.386667 0 0 0-17.024-17.450667zM331.861333 177.578667h360.277334v253.696H331.861333V177.578667z m135.082667 69.205333v92.245333h-90.026667V246.784h90.026667z m180.181333 92.245333V246.784h-90.069333v92.245333h90.026667z\" fill=\"#1D2129\">\u003C/path>\u003C/symbol>\u003Csymbol id=\"iconStorage_Nav_volume\" viewBox=\"0 0 1024 1024\">\u003Cpath d=\"M512 85.333333c235.648 0 426.666667 191.018667 426.666667 426.666667s-191.018667 426.666667-426.666667 426.666667S85.333333 747.648 85.333333 512 276.352 85.333333 512 85.333333zM162.901333 512a349.098667 349.098667 0 0 0 592.554667 250.197333L473.173333 530.346667V165.034667A349.141333 349.141333 0 0 0 162.901333 512z m387.882667-346.965333v328.618666l253.952 208.64a349.141333 349.141333 0 0 0-253.952-537.173333z\" fill=\"#1D2129\">\u003C/path>\u003C/symbol>\u003Csymbol id=\"iconStorage_Nav_SSD_cache\" viewBox=\"0 0 1024 1024\">\u003Cpath d=\"M128 170.666667h768c23.552 0 42.666667 17.962667 42.666667 40.149333V813.226667c0 22.186667-19.114667 40.149333-42.666667 40.149333H128c-23.552 0-42.666667-17.962667-42.666667-40.149333V210.773333C85.333333 188.629333 104.448 170.666667 128 170.666667z m42.666667 85.333333v512h682.112L853.333333 640h85.333334V298.666667h-85.333334l-0.554666-42.666667H170.666667z\" fill=\"#1D2129\">\u003C/path>\u003Cpath d=\"M554.666667 564.565333c0 24.533333-7.893333 42.453333-18.517334 55.168-12.586667 15.104-27.562667 20.266667-45.269333 20.266667-17.749333 0-35.072-7.082667-45.696-20.266667-12.202667-15.104-18.517333-32.554667-18.517333-56.106666h41.386666c0 9.898667 2.346667 17.92 7.04 23.552 3.968 5.205333 10.24 7.552 15.786667 7.552a19.754667 19.754667 0 0 0 16.128-7.04c3.925333-4.266667 5.930667-11.818667 5.930667-19.84a35.669333 35.669333 0 0 0-4.352-18.346667 36.565333 36.565333 0 0 0-16.170667-14.165333l-27.562667-14.634667c-14.165333-7.509333-24.405333-17.408-30.293333-28.757333-4.736-8.96-6.698667-20.266667-6.698667-33.92 0-24.064 7.082667-39.594667 18.090667-53.290667 11.434667-13.653333 27.562667-20.736 44.928-20.736 17.322667 0 33.066667 6.613333 43.690667 18.858667 11.050667 12.714667 17.749333 30.165333 17.749333 55.168h-40.96c0-10.837333-1.962667-17.450667-5.930667-22.613334a19.626667 19.626667 0 0 0-6.613333-5.674666 16.426667 16.426667 0 0 0-7.936-1.877334 19.968 19.968 0 0 0-15.36 7.04 29.013333 29.013333 0 0 0-5.930667 18.858667c0 6.144 0.810667 10.410667 3.157334 14.634667a37.077333 37.077333 0 0 0 15.36 14.122666l27.562666 14.165334c14.165333 7.552 23.637333 15.530667 30.293334 27.306666 5.546667 9.472 8.704 23.594667 8.704 40.576zM597.333333 402.304c0-10.112 6.4-18.304 14.208-18.304h56.917334C723.413333 384 768 441.301333 768 512s-44.586667 128-99.541333 128h-56.917334c-7.850667 0-14.208-8.192-14.208-18.304V402.346667z m42.666667 32.896v153.6h28.458667c39.253333 0 56.874667-26.325333 56.874666-76.8 0-50.517333-17.621333-76.8-56.874666-76.8H640zM384 564.565333c0 24.533333-7.893333 42.453333-18.517333 55.168-12.586667 15.104-27.562667 20.266667-45.269334 20.266667-17.749333 0-35.072-7.082667-45.696-20.266667C262.314667 604.586667 256 587.178667 256 563.626667h41.386667c0 9.898667 2.346667 17.92 7.04 23.552 3.968 5.205333 10.24 7.552 15.786666 7.552a19.754667 19.754667 0 0 0 16.128-7.04c3.925333-4.266667 5.930667-11.818667 5.930667-19.84a35.669333 35.669333 0 0 0-4.352-18.346667 36.565333 36.565333 0 0 0-16.128-14.165333l-27.605333-14.634667c-14.165333-7.509333-24.405333-17.408-30.293334-28.757333-4.736-8.96-6.698667-20.266667-6.698666-33.92 0-24.064 7.082667-39.594667 18.090666-53.290667C286.72 391.082667 302.848 384 320.213333 384c17.322667 0 33.066667 6.613333 43.690667 18.858667 11.050667 12.714667 17.749333 30.165333 17.749333 55.168h-40.96c0-10.837333-2.005333-17.450667-5.930666-22.613334a19.626667 19.626667 0 0 0-6.613334-5.674666 16.469333 16.469333 0 0 0-7.936-1.877334 19.968 19.968 0 0 0-15.36 7.04 29.013333 29.013333 0 0 0-5.930666 18.858667c0 6.144 0.810667 10.410667 3.157333 14.634667a37.12 37.12 0 0 0 15.36 14.122666l27.562667 14.165334c14.165333 7.552 23.637333 15.530667 30.293333 27.306666 5.546667 9.472 8.704 23.594667 8.704 40.576zM853.333333 341.333333h85.333334v85.333334h-85.333334zM853.333333 469.333333h85.333334v128h-85.333334z\" fill=\"#1D2129\">\u003C/path>\u003C/symbol>\u003Csymbol id=\"iconlist_move\" viewBox=\"0 0 1024 1024\">\u003Cpath d=\"M682.666667 746.666667a21.333333 21.333333 0 0 1 21.333333 21.333333v85.333333a21.333333 21.333333 0 0 1-21.333333 21.333334h-85.333334a21.333333 21.333333 0 0 1-21.333333-21.333334v-85.333333a21.333333 21.333333 0 0 1 21.333333-21.333333h85.333334z m-256 0a21.333333 21.333333 0 0 1 21.333333 21.333333v85.333333a21.333333 21.333333 0 0 1-21.333333 21.333334H341.333333a21.333333 21.333333 0 0 1-21.333333-21.333334v-85.333333a21.333333 21.333333 0 0 1 21.333333-21.333333h85.333334z m170.666666-298.666667h85.333334a21.333333 21.333333 0 0 1 21.333333 21.333333v85.333334a21.333333 21.333333 0 0 1-21.333333 21.333333h-85.333334a21.333333 21.333333 0 0 1-21.333333-21.333333v-85.333334a21.333333 21.333333 0 0 1 21.333333-21.333333z m-256 0h85.333334a21.333333 21.333333 0 0 1 21.333333 21.333333v85.333334a21.333333 21.333333 0 0 1-21.333333 21.333333H341.333333a21.333333 21.333333 0 0 1-21.333333-21.333333v-85.333334a21.333333 21.333333 0 0 1 21.333333-21.333333z m341.333334-298.666667a21.333333 21.333333 0 0 1 21.333333 21.333334v85.333333a21.333333 21.333333 0 0 1-21.333333 21.333333h-85.333334a21.333333 21.333333 0 0 1-21.333333-21.333333V170.666667a21.333333 21.333333 0 0 1 21.333333-21.333334h85.333334z m-256 0a21.333333 21.333333 0 0 1 21.333333 21.333334v85.333333a21.333333 21.333333 0 0 1-21.333333 21.333333H341.333333a21.333333 21.333333 0 0 1-21.333333-21.333333V170.666667a21.333333 21.333333 0 0 1 21.333333-21.333334h85.333334z\" fill=\"#1D2129\">\u003C/path>\u003C/symbol>\u003Csymbol id=\"iconcard_more\" viewBox=\"0 0 1024 1024\">\u003Cpath d=\"M768 448h85.333333a21.333333 21.333333 0 0 1 21.333334 21.333333v85.333334a21.333333 21.333333 0 0 1-21.333334 21.333333h-85.333333a21.333333 21.333333 0 0 1-21.333333-21.333333v-85.333334a21.333333 21.333333 0 0 1 21.333333-21.333333z m-512 0a21.333333 21.333333 0 0 1 21.333333 21.333333v85.333334a21.333333 21.333333 0 0 1-21.333333 21.333333H170.666667a21.333333 21.333333 0 0 1-21.333334-21.333333v-85.333334a21.333333 21.333333 0 0 1 21.333334-21.333333h85.333333z m298.666667 0a21.333333 21.333333 0 0 1 21.333333 21.333333v85.333334a21.333333 21.333333 0 0 1-21.333333 21.333333h-85.333334a21.333333 21.333333 0 0 1-21.333333-21.333333v-85.333334a21.333333 21.333333 0 0 1 21.333333-21.333333h85.333334z\" fill=\"#1D2129\">\u003C/path>\u003C/symbol>\u003Csymbol id=\"iconnetwork_device\" viewBox=\"0 0 1024 1024\">\u003Cpath d=\"M681.984 844.416a50.986667 50.986667 0 0 0 15.317333 36.48 52.309333 52.309333 0 0 0 36.992 15.104h130.730667c13.866667 0 27.178667-5.418667 36.992-15.104a51.2 51.2 0 0 0 15.317333-36.48V179.626667a51.2 51.2 0 0 0-15.317333-36.48A52.650667 52.650667 0 0 0 865.024 128H734.293333c-13.866667 0-27.178667 5.418667-36.992 15.104a51.2 51.2 0 0 0-15.317333 36.48V844.373333z m74.794667-61.866667v-56.746666a10.24 10.24 0 0 1 7.125333-9.813334l3.328-0.512h67.712c4.608 0 8.533333 2.986667 9.898667 7.082667l0.554666 3.242667v56.746666c0 4.565333-2.986667 8.405333-7.210666 9.770667l-3.285334 0.512h-67.669333a10.538667 10.538667 0 0 1-7.424-2.986667 10.24 10.24 0 0 1-3.029333-7.338666z m-362.410667 61.866667c0 13.653333 5.504 26.794667 15.317333 36.48 9.813333 9.685333 23.082667 15.104 36.949334 15.104h130.773333c13.866667 0 27.178667-5.418667 36.992-15.104a51.2 51.2 0 0 0 15.274667-36.48V179.626667a51.2 51.2 0 0 0-15.274667-36.48A52.693333 52.693333 0 0 0 577.365333 128h-130.773333c-13.866667 0-27.178667 5.418667-36.949333 15.104a51.2 51.2 0 0 0-15.36 36.48V844.373333z m74.752-61.866667v-56.746666a10.453333 10.453333 0 0 1 7.168-9.813334l3.285333-0.512h67.669334c4.608 0 8.533333 2.986667 9.941333 7.082667l0.554667 3.242667v56.746666c0 4.565333-2.986667 8.405333-7.168 9.770667l-3.328 0.512H479.573333a10.538667 10.538667 0 0 1-7.424-2.986667 10.24 10.24 0 0 1-3.029333-7.338666zM106.666667 844.373333c0 13.653333 5.504 26.794667 15.317333 36.48 9.813333 9.685333 23.082667 15.104 36.949333 15.104h130.773334c13.866667 0 27.178667-5.418667 36.949333-15.104a51.2 51.2 0 0 0 15.36-36.48V179.626667a51.2 51.2 0 0 0-15.36-36.48A52.650667 52.650667 0 0 0 289.749333 128H158.976c-13.866667 0-27.178667 5.418667-36.992 15.104a51.2 51.2 0 0 0-15.317333 36.48V844.373333z m74.752-61.866666v-56.746667a10.24 10.24 0 0 1 7.125333-9.813333l3.328-0.512h67.669333c4.608 0 8.533333 2.986667 9.941334 7.082666l0.512 3.242667v56.746667c0 4.565333-2.986667 8.405333-7.168 9.770666l-3.285334 0.512H191.914667a10.538667 10.538667 0 0 1-7.424-2.986666 10.24 10.24 0 0 1-3.029334-7.338667z\" fill=\"#4E5969\">\u003C/path>\u003C/symbol>\u003Csymbol id=\"iconnetwork_router\" viewBox=\"0 0 1024 1024\">\u003Cpath d=\"M426.666667 385.621333c0 10.88 4.821333 21.333333 13.397333 29.013334 8.533333 7.68 20.181333 12.032 32.298667 12.032 12.117333 0 23.765333-4.309333 32.341333-12.032 8.533333-7.68 13.397333-18.133333 13.397333-29.013334 0-49.877333 44.970667-90.24 100.565334-90.24 55.594667 0 100.565333 40.362667 100.565333 90.24 0 10.88 4.821333 21.333333 13.397333 29.013334 8.576 7.68 20.224 12.032 32.341334 12.032 12.117333 0 23.722667-4.309333 32.298666-12.032 8.576-7.68 13.397333-18.133333 13.397334-29.013334C810.666667 290.474667 724.736 213.333333 618.666667 213.333333S426.666667 290.474667 426.666667 385.621333z\" fill=\"#4E5969\">\u003C/path>\u003Cpath d=\"M341.930667 384c11.434667 0 22.442667-3.754667 30.549333-10.410667a32.725333 32.725333 0 0 0 12.672-25.173333c0-106.069333 104.490667-192 233.514667-192s233.514667 85.930667 233.514666 192c0 9.472 4.565333 18.517333 12.672 25.173333 8.106667 6.656 19.114667 10.410667 30.549334 10.410667 11.52 0 22.485333-3.754667 30.592-10.410667a32.725333 32.725333 0 0 0 12.672-25.173333C938.666667 203.093333 795.477333 85.333333 618.666667 85.333333 441.898667 85.333333 298.666667 203.093333 298.666667 348.458667c0 9.386667 4.565333 18.474667 12.672 25.130666 8.106667 6.656 19.114667 10.410667 30.592 10.410667z\" fill=\"#4E5969\">\u003C/path>\u003Cpath d=\"M867.584 609.322667h-213.333333v-181.973334c0-11.52-4.693333-22.528-13.056-30.634666a45.056 45.056 0 0 0-62.848 0c-8.32 8.106667-13.013333 19.114667-13.013334 30.634666v181.973334H156.458667c-39.296 0-71.125333 31.061333-71.125334 69.333333v190.72C85.333333 907.605333 117.162667 938.666667 156.458667 938.666667h711.082666c39.296 0 71.125333-31.018667 71.125334-69.333334v-190.677333c0-38.272-31.829333-69.333333-71.082667-69.333333zM214.826667 830.293333a53.546667 53.546667 0 0 1-37.376-14.762666 50.986667 50.986667 0 0 1-15.530667-36.309334 49.92 49.92 0 0 1 15.530667-36.309333 52.48 52.48 0 0 1 37.418666-14.762667c13.781333 0.170667 26.965333 5.589333 36.693334 15.146667 9.642667 9.557333 15.104 22.485333 15.104 35.925333 0 13.44-5.461333 26.368-15.146667 35.925334a53.034667 53.034667 0 0 1-36.693333 15.146666z m153.088 0a53.546667 53.546667 0 0 1-37.418667-14.762666 50.986667 50.986667 0 0 1-15.530667-36.309334 49.962667 49.962667 0 0 1 15.530667-36.309333 52.522667 52.522667 0 0 1 37.418667-14.762667c13.781333 0.170667 26.965333 5.589333 36.693333 15.146667 9.642667 9.557333 15.104 22.485333 15.104 35.925333 0 13.44-5.461333 26.325333-15.146667 35.882667a53.034667 53.034667 0 0 1-36.693333 15.189333z\" fill=\"#4E5969\">\u003C/path>\u003C/symbol>\u003Csymbol id=\"iconupdate\" viewBox=\"0 0 1024 1024\">\u003Cpath d=\"M667.008 750.933333a255.104 255.104 0 0 1-158.293333 52.650667c-7.466667-0.128-14.762667-0.725333-22.101334-1.28-2.986667-0.384-5.973333-0.896-8.96-1.365333a206.549333 206.549333 0 0 1-17.066666-2.816c-3.413333-0.64-6.912-1.706667-10.24-2.56a229.76 229.76 0 0 1-16.384-4.266667c-2.56-1.066667-4.949333-1.92-7.509334-3.029333a195.456 195.456 0 0 1-18.346666-7.168c-1.365333-0.64-2.688-1.152-4.010667-1.706667a456.448 456.448 0 0 1-20.608-10.837333L382.634667 768a272.384 272.384 0 0 1-61.525334-49.792c-0.298667-0.341333-0.554667-0.725333-0.938666-1.024a237.056 237.056 0 0 1-19.242667-23.594667 305.024 305.024 0 0 1-59.178667-181.717333h71.168L199.125333 327.594667 85.333333 511.872h71.04a403.626667 403.626667 0 0 0 63.018667 217.6c0.426667 0.896 0.768 1.877333 1.28 2.688 4.096 6.4 8.704 12.245333 13.056 18.133333 1.706667 2.133333 3.157333 4.394667 4.906667 6.826667a419.072 419.072 0 0 0 22.4 26.368 357.12 357.12 0 0 0 79.957333 64.810667l2.346667 1.365333c8.448 4.906667 17.066667 9.386667 25.813333 13.525333l6.528 3.114667a540.288 540.288 0 0 0 34.048 13.226667c6.826667 2.090667 13.781333 3.968 20.736 5.674666 4.693333 1.194667 9.130667 2.474667 13.952 3.413334 1.92 0.512 3.754667 1.152 5.674667 1.365333 6.698667 1.28 13.269333 1.962667 19.84 2.816 2.432 0.426667 4.778667 0.896 7.168 1.152 11.861333 1.28 23.68 2.048 35.498666 2.048 72.234667 0 142.762667-23.808 203.264-69.632 19.285333-14.592 24.021333-43.392 10.581334-64.085333-13.610667-21.034667-40.149333-26.069333-59.434667-11.349334z m200.448-239.061333c0-80.512-23.125333-155.306667-62.506667-217.002667-0.64-1.066667-0.981333-2.133333-1.493333-3.072-5.077333-7.594667-10.282667-14.677333-15.658667-21.802666a26.88 26.88 0 0 1-1.792-2.602667 359.296 359.296 0 0 0-132.736-107.648c-1.536-0.64-2.816-1.365333-4.309333-2.005333a407.082667 407.082667 0 0 0-25.173333-9.984c-2.901333-1.024-5.973333-2.218667-9.045334-3.2a335.914667 335.914667 0 0 0-22.272-6.272c-4.224-0.981333-8.448-2.133333-12.629333-3.072-2.048-0.426667-3.925333-1.066667-6.144-1.536-5.632-0.981333-11.136-1.536-16.768-2.261334-3.968-0.426667-7.68-1.109333-11.648-1.578666a340.992 340.992 0 0 0-28.245333-1.578667c-1.706667 0-3.413333-0.256-5.12-0.256l-0.853334 0.128c-72.149333 0.085333-142.634667 23.552-203.008 69.333333-19.285333 14.506667-23.978667 43.264-10.410666 64.213334 13.397333 20.736 40.106667 25.856 59.477333 11.178666a254.293333 254.293333 0 0 1 180.650667-51.2c2.432 0.170667 4.693333 0.554667 7.168 0.938667 6.4 0.853333 12.8 1.749333 19.072 3.2 2.730667 0.512 5.546667 1.28 8.106666 1.962667 6.272 1.536 12.330667 3.072 18.346667 5.034666 2.005333 0.597333 3.84 1.322667 5.632 2.133334 6.954667 2.389333 13.738667 4.949333 20.309333 7.978666 0.725333 0.170667 1.365333 0.768 2.048 1.024a274.133333 274.133333 0 0 1 102.4 83.072 305.28 305.28 0 0 1 61.44 184.874667h-71.253333l113.92 184.32L938.666667 511.914667h-71.253334z\" fill=\"#1D2129\">\u003C/path>\u003C/symbol>\u003Csymbol id=\"iconDownload_client-01\" viewBox=\"0 0 1024 1024\">\u003Cpath d=\"M772.565333 859.434667a29.013333 29.013333 0 0 1 0 57.898666H251.434667a28.970667 28.970667 0 0 1 0-57.898666h521.130666zM830.464 106.666667c47.957333 0 86.869333 38.912 86.869333 86.869333V714.666667a86.869333 86.869333 0 0 1-86.869333 86.869333H193.536A86.869333 86.869333 0 0 1 106.666667 714.666667V193.536c0-47.957333 38.912-86.869333 86.869333-86.869333h636.928zM505.429333 256a17.194667 17.194667 0 0 0-12.8 5.632 19.2 19.2 0 0 0-5.248 13.525333l1.28 239.232-82.645333-87.466666-1.706667-1.578667a17.365333 17.365333 0 0 0-23.722666 1.578667l-25.472 26.88-1.493334 1.834666a19.84 19.84 0 0 0 1.493334 25.130667l139.946666 148.053333 2.304 2.261334a34.773333 34.773333 0 0 0 24.746667 8.874666c8.96-0.426667 17.493333-4.394667 23.850667-11.093333l139.946666-148.096 1.493334-1.792a19.84 19.84 0 0 0-1.493334-25.173333l-25.472-26.88-1.664-1.578667a17.322667 17.322667 0 0 0-23.722666 1.578667l-76.373334 80.725333-1.28-232.618667-0.085333-2.176a19.413333 19.413333 0 0 0-5.973333-11.946666 17.450667 17.450667 0 0 0-11.818667-4.778667l-34.133333-0.128z\" fill=\"#000000\">\u003C/path>\u003C/symbol>\u003Csymbol id=\"iconTips\" viewBox=\"0 0 1024 1024\">\u003Cpath d=\"M938.666667 512c0-235.648-191.018667-426.666667-426.666667-426.666667S85.333333 276.352 85.333333 512s191.018667 426.666667 426.666667 426.666667 426.666667-191.018667 426.666667-426.666667z m-372.266667-138.666667a23.68 23.68 0 0 1-23.722667 23.68h-61.610666a23.68 23.68 0 0 1-23.722667-23.68V311.68c0-13.056 10.666667-23.68 23.722667-23.68h61.610666c13.098667 0 23.722667 10.624 23.722667 23.68V373.333333z m0 348.117334a23.68 23.68 0 0 1-23.722667 23.722666h-61.610666a23.68 23.68 0 0 1-23.722667-23.722666v-249.344c0-13.098667 10.666667-23.722667 23.722667-23.722667h61.610666c13.098667 0 23.722667 10.624 23.722667 23.722667v249.344z\" fill=\"#000000\">\u003C/path>\u003C/symbol>\u003Csymbol id=\"iconClear-011\" viewBox=\"0 0 1024 1024\">\u003Cpath d=\"M594.773333 85.333333a41.386667 41.386667 0 0 1 41.386667 41.386667V256h246.954667a42.666667 42.666667 0 0 1 42.666666 42.666667v213.333333c0 5.674667-2.176 11.093333-6.058666 15.104a20.394667 20.394667 0 0 1-14.634667 6.229333h-26.965333l59.904 355.328a43.178667 43.178667 0 0 1-9.088 34.816 41.514667 41.514667 0 0 1-31.658667 15.189334H126.72a41.557333 41.557333 0 0 1-31.658667-15.189334 43.178667 43.178667 0 0 1-9.088-34.816L145.877333 533.333333h-26.965333a20.48 20.48 0 0 1-14.677333-6.229333 21.674667 21.674667 0 0 1-6.016-15.104V298.666667a42.666667 42.666667 0 0 1 42.666666-42.666667H387.84V127.573333c0-23.338667 18.858667-42.24 42.154667-42.24h164.693333zM175.914667 853.333333h170.581333v-170.666666c0-5.674667 2.133333-11.093333 6.058667-15.104a20.352 20.352 0 0 1 14.592-6.229334h41.386666c5.504 0 10.752 2.261333 14.634667 6.229334 3.84 4.010667 6.101333 9.429333 6.101333 15.104v170.666666h186.197334v-170.666666c0-5.674667 2.133333-11.093333 6.016-15.104a20.394667 20.394667 0 0 1 14.634666-6.229334h41.386667c5.504 0 10.752 2.261333 14.634667 6.229334 3.84 4.010667 6.058667 9.429333 6.058666 15.104v170.666666h149.888l-54.016-320H229.888L175.914667 853.333333zM469.333333 170.666667v170.666666H170.666667v106.666667h682.666666V341.333333h-298.666666V170.666667h-85.333334z\" fill=\"#1D2129\">\u003C/path>\u003C/symbol>\u003Csymbol id=\"iconbrowse3\" viewBox=\"0 0 1024 1024\">\u003Cpath d=\"M785.493333 85.333333a38.613333 38.613333 0 0 1 38.698667 38.826667v349.013333h-77.397333V162.944H205.397333v698.197333h232.064V938.666667H166.656A38.613333 38.613333 0 0 1 128 899.84V124.16A38.826667 38.826667 0 0 1 166.656 85.333333H785.493333z m-96.682666 484.864a154.368 154.368 0 0 1 132.010666 74.154667 155.477333 155.477333 0 0 1 5.76 151.594667l63.744 63.957333a19.413333 19.413333 0 0 1 0 27.392l-32.810666 32.938667a19.328 19.328 0 0 1-27.306667 0l-61.738667-61.866667a154.410667 154.410667 0 0 1-194.816-29.482667 155.306667 155.306667 0 0 1-36.693333-132.821333 155.392 155.392 0 0 1 83.157333-109.738667 154.410667 154.410667 0 0 1 68.693334-16.128z m0 77.568c-20.48 0-40.192 8.149333-54.698667 22.698667a77.653333 77.653333 0 0 0 54.698667 132.437333c20.48 0 40.192-8.149333 54.698666-22.698666a77.653333 77.653333 0 0 0-54.698666-132.437334z m-193.365334-174.549333a19.328 19.328 0 0 1 19.328 19.413333v38.784a19.413333 19.413333 0 0 1-19.328 19.370667H302.037333a19.328 19.328 0 0 1-19.328-19.413333v-38.784a19.413333 19.413333 0 0 1 19.328-19.370667h193.408z m154.709334-155.136a19.328 19.328 0 0 1 19.328 19.370667v38.826666a19.413333 19.413333 0 0 1-19.328 19.370667H302.037333a19.328 19.328 0 0 1-19.328-19.413333V337.493333a19.413333 19.413333 0 0 1 19.328-19.370666h348.117334z\" fill=\"#1D2129\">\u003C/path>\u003C/symbol>\u003Csymbol id=\"iconicon_wifi_desktop\" viewBox=\"0 0 1024 1024\">\u003Cpath d=\"M517.973333 915.626667c-7.68 0-22.186667-12.8-48.64-36.693334-26.453333-26.453333-36.693333-41.813333-36.693333-48.64 0-11.946667 11.946667-19.626667 33.28-27.306666 22.186667-7.68 39.253333-11.946667 53.76-11.946667 14.506667 0 33.28 4.266667 53.76 11.946667s33.28 18.773333 33.28 27.306666c0 7.68-12.8 22.186667-36.693333 48.64-27.306667 23.893333-44.373333 36.693333-52.053334 36.693334zM653.653333 759.466667c-1.706667 0-7.68-4.266667-19.626666-12.8-12.8-7.68-31.573333-18.773333-53.76-26.453334S535.893333 708.266667 513.706667 708.266667c-22.186667 0-44.373333 4.266667-66.56 12.8-22.186667 7.68-39.253333 18.773333-53.76 26.453333-12.8 7.68-19.626667 12.8-22.186667 12.8-7.68 0-22.186667-12.8-48.64-39.253333s-39.253333-41.813333-39.253333-48.64c0-4.266667 1.706667-7.68 5.12-12.8 27.306667-27.306667 60.586667-48.64 101.546666-63.146667 40.106667-14.506667 80.213333-22.186667 121.173334-22.186667s80.213333 7.68 122.026666 22.186667c40.96 14.506667 73.386667 36.693333 101.546667 63.146667 4.266667 4.266667 5.12 7.68 5.12 12.8 0 7.68-12.8 22.186667-39.253333 48.64-24.746667 23.893333-41.813333 38.4-46.933334 38.4z\" fill=\"#0567FF\">\u003C/path>\u003Cpath d=\"M800.426667 583.68c-4.266667 0-7.68-1.706667-12.8-4.266667-48.64-36.693333-90.453333-63.146667-131.413334-81.066666-40.96-18.773333-87.04-26.453333-138.24-26.453334-29.013333 0-58.88 4.266667-87.893333 11.946667s-55.466667 17.066667-77.653333 27.306667c-22.186667 11.946667-41.813333 22.186667-58.88 33.28-17.066667 11.946667-29.013333 18.773333-40.96 23.893333-9.386667 7.68-14.506667 11.946667-17.066667 11.946667-5.12 0-22.186667-12.8-48.64-39.253334-26.453333-26.453333-39.253333-41.813333-39.253333-48.64 0-4.266667 1.706667-7.68 5.12-11.946666C199.68 436.053333 256 401.066667 320 374.613333c64.853333-26.453333 131.413333-36.693333 197.12-36.693333s133.12 12.8 197.12 36.693333c64.853333 26.453333 119.466667 60.586667 165.546667 107.52 4.266667 4.266667 5.12 7.68 5.12 11.946667 0 7.68-12.8 22.186667-39.253334 48.64-23.04 25.6-38.4 40.96-45.226666 40.96z\" fill=\"#0567FF\">\u003C/path>\u003Cpath d=\"M936.106667 408.746667c-4.266667 0-7.68-1.706667-11.946667-4.266667-63.146667-53.76-127.146667-95.573333-194.56-123.733333S592.213333 238.933333 512 238.933333s-153.6 12.8-217.6 41.813334c-66.56 27.306667-131.413333 68.266667-194.56 123.733333-4.266667 1.706667-7.68 4.266667-11.946667 4.266667-5.12 0-22.186667-12.8-48.64-39.253334C11.946667 343.04 0 327.68 0 320.853333c0-4.266667 1.706667-7.68 5.12-12.8C70.826667 244.053333 148.48 194.56 238.933333 159.573333s179.2-51.2 273.066667-51.2 185.173333 18.773333 273.066667 53.76 165.546667 85.333333 231.253333 149.333334c4.266667 4.266667 5.12 7.68 5.12 12.8 0 7.68-12.8 22.186667-39.253333 48.64-25.6 22.186667-40.96 35.84-46.08 35.84z\" fill=\"#0567FF\">\u003C/path>\u003C/symbol>\u003Csymbol id=\"icona-iconlan_enabled\" viewBox=\"0 0 1024 1024\">\u003Cpath d=\"M129.706667 318.293333s-0.853333-33.28 32.426666-39.253333h141.653334L332.8 183.466667s10.24-19.626667 33.28-19.626667h290.133333s25.6-2.56 36.693334 23.893333l27.306666 91.306667h138.24s30.72-0.853333 34.986667 37.546667v500.053333s1.706667 40.106667-36.693333 43.52H164.693333s-32.426667 0.853333-34.986666-39.253333V318.293333z m0 0\" fill=\"#0567FF\">\u003C/path>\u003Cpath d=\"M772.266667 422.4c10.24 0 17.92 8.533333 17.92 19.626667v310.613333c-0.853333 8.533333-7.68 15.36-17.92 15.36h-34.986667v-76.8h-69.12v76.8H563.2v-76.8h-69.973333v76.8H388.266667v-76.8h-69.973334v76.8h-72.533333c-7.68-0.853333-13.653333-8.533333-13.653333-19.626667V438.613333c0.853333-8.533333 7.68-15.36 17.92-15.36h522.24z m0 0\" fill=\"#FFFFFF\">\u003C/path>\u003C/symbol>\u003Csymbol id=\"iconicon_right_hover\" viewBox=\"0 0 1024 1024\">\u003Cpath d=\"M60.586667 571.733333h658.773333L470.186667 810.666667h175.786666l311.466667-298.666667-311.466667-298.666667H470.186667l249.173333 238.933334H60.586667v119.466666z\" fill=\"#0892F5\">\u003C/path>\u003C/symbol>\u003Csymbol id=\"iconloyout_fix25\" viewBox=\"0 0 1024 1024\">\u003Cpath d=\"M746.666667 131.413333h-469.333334c-80.213333 0-145.92 64.853333-145.92 145.92v88.746667h58.026667l9.386667-88.746667c0-42.666667 34.986667-77.653333 77.653333-77.653333h469.333333c42.666667 0 77.653333 34.986667 77.653334 77.653333v470.186667c0 42.666667-34.986667 77.653333-77.653334 77.653333h-51.2v68.266667h51.2c80.213333 0 145.92-64.853333 145.92-145.92V277.333333c0.853333-80.213333-63.146667-145.92-145.066666-145.92z\" fill=\"#666666\">\u003C/path>\u003Cpath d=\"M277.333333 892.586667h469.333334c80.213333 0 145.92-64.853333 145.92-145.92V658.773333h-58.026667l-9.386667 88.746667c0 42.666667-34.986667 77.653333-77.653333 77.653333h-469.333333c-42.666667 0-77.653333-34.986667-77.653334-77.653333V277.333333c0-42.666667 34.986667-77.653333 77.653334-77.653333h51.2v-68.266667h-51.2c-80.213333 0-145.92 64.853333-145.92 145.92v470.186667c-0.853333 79.36 63.146667 145.066667 145.066666 145.066667z\" fill=\"#666666\">\u003C/path>\u003Cpath d=\"M243.2 269.653333c0-15.36 11.946667-27.306667 27.306667-27.306666h484.693333c15.36 0 27.306667 11.946667 27.306667 27.306666v484.693334c0 15.36-11.946667 27.306667-27.306667 27.306666H269.653333c-15.36 0-27.306667-11.946667-27.306666-27.306666l0.853333-484.693334z\" fill=\"#666666\">\u003C/path>\u003Cpath d=\"M311.466667 619.52v-45.226667c30.72-11.946667 54.613333-26.453333 70.826666-42.666666 17.066667-16.213333 24.746667-32.426667 24.746667-51.2 0-9.386667-2.56-17.92-6.826667-23.893334-4.266667-5.973333-10.24-8.533333-19.626666-8.533333-8.533333 0-15.36 3.413333-19.626667 8.533333-5.12 5.973333-6.826667 13.653333-6.826667 22.186667 0 5.12 0.853333 9.386667 1.706667 14.506667 1.706667 4.266667 3.413333 8.533333 6.826667 14.506666l-38.4 17.066667c-5.12-5.12-9.386667-11.946667-12.8-20.48-3.413333-8.533333-5.12-17.92-5.12-27.306667 0-16.213333 4.266667-29.866667 11.946666-40.106666 7.68-11.093333 18.773333-19.626667 32.426667-24.746667 13.653333-5.973333 29.013333-8.533333 45.226667-8.533333 17.92 0 32.426667 2.56 45.226666 7.68 12.8 5.973333 23.04 13.653333 30.72 23.893333 6.826667 10.24 11.093333 23.04 11.093334 38.4 0 18.773333-6.826667 35.84-19.626667 51.2-13.653333 16.213333-32.426667 29.013333-59.733333 39.253333h84.48l0.853333 54.613334H311.466667v0.853333zM586.24 624.64c-9.386667 0-18.773333-0.853333-28.16-2.56-9.386667-1.706667-18.773333-3.413333-26.453333-6.826667-7.68-2.56-15.36-5.973333-19.626667-9.386666v-45.226667l4.266667-1.706667c6.826667 4.266667 15.36 7.68 24.746666 11.093334 9.386667 3.413333 21.333333 5.12 34.986667 5.12 10.24 0 19.626667-1.706667 27.306667-5.12 6.826667-3.413333 11.093333-9.386667 11.093333-17.92s-4.266667-14.506667-11.093333-17.92c-6.826667-3.413333-17.066667-5.973333-28.16-5.973334-8.533333 0-18.773333 0.853333-28.16 3.413334-9.386667 2.56-17.92 5.973333-27.306667 8.533333l-4.266667-1.706667 9.386667-131.413333h152.746667v54.613333h-110.933334l-2.56 23.04c9.386667-1.706667 19.626667-2.56 29.866667-2.56 29.866667 0 52.053333 6.826667 69.12 18.773334 17.066667 11.946667 25.6 29.866667 25.6 52.053333s-8.533333 40.106667-26.453333 52.906667c-17.066667 11.946667-42.666667 18.773333-75.946667 18.773333z\" fill=\"#FFFFFF\">\u003C/path>\u003C/symbol>\u003Csymbol id=\"iconloyout_fix36\" viewBox=\"0 0 1024 1024\">\u003Cpath d=\"M746.666667 131.413333h-469.333334c-80.213333 0-145.92 64.853333-145.92 145.92v88.746667h58.026667l9.386667-88.746667c0-42.666667 34.986667-77.653333 77.653333-77.653333h469.333333c42.666667 0 77.653333 34.986667 77.653334 77.653333v470.186667c0 42.666667-34.986667 77.653333-77.653334 77.653333h-51.2v68.266667h51.2c80.213333 0 145.92-64.853333 145.92-145.92V277.333333c0.853333-80.213333-63.146667-145.92-145.066666-145.92z\" fill=\"#666666\">\u003C/path>\u003Cpath d=\"M277.333333 892.586667h469.333334c80.213333 0 145.92-64.853333 145.92-145.92V658.773333h-58.026667l-9.386667 88.746667c0 42.666667-34.986667 77.653333-77.653333 77.653333h-469.333333c-42.666667 0-77.653333-34.986667-77.653334-77.653333V277.333333c0-42.666667 34.986667-77.653333 77.653334-77.653333h51.2v-68.266667h-51.2c-80.213333 0-145.92 64.853333-145.92 145.92v470.186667c-0.853333 79.36 63.146667 145.066667 145.066666 145.066667z\" fill=\"#666666\">\u003C/path>\u003Cpath d=\"M244.906667 271.36c0-14.506667 11.946667-26.453333 26.453333-26.453333h481.28c14.506667 0 26.453333 11.946667 26.453333 26.453333v481.28c0 14.506667-11.946667 26.453333-26.453333 26.453333H271.36c-14.506667 0-26.453333-11.946667-26.453333-26.453333V271.36z\" fill=\"#666666\">\u003C/path>\u003Cpath d=\"M388.266667 623.786667c-9.386667 0-17.92-0.853333-28.16-2.56-9.386667-1.706667-17.92-3.413333-26.453334-5.973334-8.533333-2.56-14.506667-5.973333-19.626666-9.386666v-46.933334l4.266666-1.706666c6.826667 5.12 14.506667 9.386667 24.746667 12.8s21.333333 5.12 34.986667 5.12c11.093333 0 18.773333-1.706667 26.453333-5.12 7.68-3.413333 11.093333-9.386667 11.093333-17.066667 0-8.533333-3.413333-14.506667-11.093333-17.066667-7.68-3.413333-15.36-5.12-25.6-5.12-3.413333 0-7.68 0-12.8 0.853334s-9.386667 0.853333-14.506667 2.56l-4.266666-1.706667v-23.893333l59.733333-44.373334H312.32v-53.76h168.106667V452.266667l-56.32 42.666666c19.626667 2.56 36.693333 9.386667 47.786666 18.773334 11.946667 10.24 17.066667 23.893333 17.066667 41.813333 0 21.333333-8.533333 38.4-25.6 51.2-17.066667 11.093333-41.813333 17.066667-75.093333 17.066667zM614.4 623.786667c-21.333333 0-40.106667-4.266667-55.466667-13.653334-15.36-9.386667-27.306667-21.333333-35.84-37.546666-8.533333-16.213333-12.8-35.84-12.8-58.026667 0-23.893333 5.12-44.373333 14.506667-60.586667 10.24-16.213333 23.04-29.013333 39.253333-37.546666 16.213333-8.533333 34.986667-12.8 54.613334-12.8 15.36 0 29.013333 2.56 41.813333 7.68 12.8 5.12 21.333333 11.946667 28.16 20.48 6.826667 9.386667 10.24 19.626667 10.24 33.28v7.68c0 2.56-0.853333 4.266667-0.853333 6.826666l-47.786667-1.706666v-5.973334c0-8.533333-2.56-14.506667-7.68-17.92-5.12-4.266667-11.946667-5.973333-18.773333-5.973333-11.946667 0-21.333333 4.266667-29.866667 13.653333-7.68 9.386667-11.946667 23.04-11.946667 42.666667v5.973333c5.973333-6.826667 13.653333-12.8 22.186667-15.36 9.386667-3.413333 18.773333-5.12 29.013333-5.12 14.506667 0 25.6 2.56 36.693334 8.533334 10.24 5.973333 17.92 13.653333 23.893333 23.04 5.973333 10.24 8.533333 21.333333 8.533333 35.84 0 14.506667-4.266667 26.453333-11.946666 36.693333-7.68 11.093333-17.92 17.92-31.573334 23.893333-11.946667 3.413333-27.306667 5.973333-44.373333 5.973334z m-1.706667-43.52c7.68 0 13.653333-2.56 17.92-7.68 5.12-5.12 7.68-11.946667 7.68-18.773334 0-8.533333-2.56-14.506667-7.68-18.773333-5.12-5.12-11.093333-7.68-17.92-7.68-7.68 0-13.653333 2.56-17.92 7.68-5.12 5.12-7.68 11.093333-7.68 18.773333 0 8.533333 2.56 14.506667 7.68 18.773334 4.266667 5.12 10.24 7.68 17.92 7.68z\" fill=\"#FFFFFF\">\u003C/path>\u003C/symbol>\u003Csymbol id=\"iconloyout_fix13\" viewBox=\"0 0 1024 1024\">\u003Cpath d=\"M746.666667 131.413333h-469.333334c-80.213333 0-145.92 64.853333-145.92 145.92v88.746667h58.026667l9.386667-88.746667c0-42.666667 34.986667-77.653333 77.653333-77.653333h469.333333c42.666667 0 77.653333 34.986667 77.653334 77.653333v470.186667c0 42.666667-34.986667 77.653333-77.653334 77.653333h-51.2v68.266667h51.2c80.213333 0 145.92-64.853333 145.92-145.92V277.333333c0.853333-80.213333-63.146667-145.92-145.066666-145.92z\" fill=\"#666666\">\u003C/path>\u003Cpath d=\"M277.333333 892.586667h469.333334c80.213333 0 145.92-64.853333 145.92-145.92V658.773333h-58.026667l-9.386667 88.746667c0 42.666667-34.986667 77.653333-77.653333 77.653333h-469.333333c-42.666667 0-77.653333-34.986667-77.653334-77.653333V277.333333c0-42.666667 34.986667-77.653333 77.653334-77.653333h51.2v-68.266667h-51.2c-80.213333 0-145.92 64.853333-145.92 145.92v470.186667c-0.853333 79.36 63.146667 145.066667 145.066666 145.066667z\" fill=\"#666666\">\u003C/path>\u003Cpath d=\"M243.2 269.653333c0-14.506667 11.946667-26.453333 26.453333-26.453333h483.84c14.506667 0 26.453333 11.946667 26.453334 26.453333v483.84c0 14.506667-11.946667 26.453333-26.453334 26.453334H269.653333c-14.506667 0-26.453333-11.946667-26.453333-26.453334V269.653333z\" fill=\"#666666\">\u003C/path>\u003Cpath d=\"M339.626667 619.52v-51.2h29.866666V476.16h-33.28v-46.08l108.373334-26.453333v166.4h23.893333v51.2H339.626667v-1.706667zM566.613333 623.786667c-8.533333 0-18.773333-0.853333-28.16-2.56-9.386667-1.706667-18.773333-3.413333-26.453333-6.826667-7.68-2.56-15.36-5.973333-20.48-9.386667v-47.786666l4.266667-1.706667c6.826667 5.12 15.36 8.533333 24.746666 12.8 9.386667 3.413333 22.186667 5.12 35.84 5.12 10.24 0 19.626667-1.706667 26.453334-5.12 7.68-3.413333 11.093333-9.386667 11.093333-17.92 0-7.68-4.266667-14.506667-11.093333-17.92-7.68-3.413333-16.213333-5.12-25.6-5.12-4.266667 0-7.68 0-12.8 0.853333s-9.386667 0.853333-13.653334 2.56l-4.266666-1.706666v-23.893334l59.733333-45.226666H491.52v-53.76h168.96v43.52l-57.173333 42.666666c20.48 2.56 36.693333 8.533333 48.64 19.626667 11.946667 10.24 17.92 23.893333 17.92 40.96 0 22.186667-8.533333 38.4-25.6 52.053333-18.773333 12.8-44.373333 18.773333-77.653334 18.773334z\" fill=\"#FFFFFF\">\u003C/path>\u003C/symbol>\u003Csymbol id=\"iconloyout_fix9\" viewBox=\"0 0 1024 1024\">\u003Cpath d=\"M746.666667 131.413333h-469.333334c-80.213333 0-145.92 64.853333-145.92 145.92v88.746667h58.026667l9.386667-88.746667c0-42.666667 34.986667-77.653333 77.653333-77.653333h469.333333c42.666667 0 77.653333 34.986667 77.653334 77.653333v470.186667c0 42.666667-34.986667 77.653333-77.653334 77.653333h-51.2v68.266667h51.2c80.213333 0 145.92-64.853333 145.92-145.92V277.333333c0.853333-80.213333-63.146667-145.92-145.066666-145.92z\" fill=\"#666666\">\u003C/path>\u003Cpath d=\"M277.333333 892.586667h469.333334c80.213333 0 145.92-64.853333 145.92-145.92V658.773333h-58.026667l-9.386667 88.746667c0 42.666667-34.986667 77.653333-77.653333 77.653333h-469.333333c-42.666667 0-77.653333-34.986667-77.653334-77.653333V277.333333c0-42.666667 34.986667-77.653333 77.653334-77.653333h51.2v-68.266667h-51.2c-80.213333 0-145.92 64.853333-145.92 145.92v470.186667c-0.853333 79.36 63.146667 145.066667 145.066666 145.066667z\" fill=\"#666666\">\u003C/path>\u003Cpath d=\"M269.653333 243.2h322.56c14.506667 0 26.453333 11.946667 26.453334 26.453333v323.413334c0 14.506667-11.946667 26.453333-26.453334 26.453333H269.653333c-14.506667 0-26.453333-11.946667-26.453333-26.453333V270.506667c-0.853333-15.36 11.093333-27.306667 26.453333-27.306667zM700.586667 243.2h53.76c14.506667 0 26.453333 11.946667 26.453333 26.453333v53.76c0 14.506667-11.946667 26.453333-26.453333 26.453334h-53.76c-14.506667 0-26.453333-11.946667-26.453334-26.453334v-53.76c-0.853333-14.506667 11.946667-26.453333 26.453334-26.453333zM700.586667 378.026667h53.76c14.506667 0 26.453333 11.946667 26.453333 26.453333v53.76c0 14.506667-11.946667 26.453333-26.453333 26.453333h-53.76c-14.506667 0-26.453333-11.946667-26.453334-26.453333v-53.76c-0.853333-14.506667 11.946667-26.453333 26.453334-26.453333zM700.586667 512h53.76c14.506667 0 26.453333 11.946667 26.453333 26.453333v53.76c0 14.506667-11.946667 26.453333-26.453333 26.453334h-53.76c-14.506667 0-26.453333-11.946667-26.453334-26.453334v-53.76c-0.853333-13.653333 11.946667-26.453333 26.453334-26.453333zM700.586667 674.133333h53.76c14.506667 0 26.453333 11.946667 26.453333 26.453334v53.76c0 14.506667-11.946667 26.453333-26.453333 26.453333h-53.76c-14.506667 0-26.453333-11.946667-26.453334-26.453333v-53.76c-0.853333-14.506667 11.946667-26.453333 26.453334-26.453334zM538.453333 674.133333h53.76c14.506667 0 26.453333 11.946667 26.453334 26.453334v53.76c0 14.506667-11.946667 26.453333-26.453334 26.453333h-53.76c-14.506667 0-26.453333-11.946667-26.453333-26.453333v-53.76c0-14.506667 11.946667-26.453333 26.453333-26.453334zM404.48 674.133333h53.76c14.506667 0 26.453333 11.946667 26.453333 26.453334v53.76c0 14.506667-11.946667 26.453333-26.453333 26.453333h-53.76c-14.506667 0-26.453333-11.946667-26.453333-26.453333v-53.76c0-14.506667 11.946667-26.453333 26.453333-26.453334zM269.653333 674.133333h53.76c14.506667 0 26.453333 11.946667 26.453334 26.453334v53.76c0 14.506667-11.946667 26.453333-26.453334 26.453333h-53.76c-14.506667 0-26.453333-11.946667-26.453333-26.453333v-53.76c-0.853333-14.506667 11.093333-26.453333 26.453333-26.453334z\" fill=\"#666666\">\u003C/path>\u003C/symbol>\u003Csymbol id=\"iconloyout_fix16\" viewBox=\"0 0 1024 1024\">\u003Cpath d=\"M746.666667 131.413333h-469.333334c-80.213333 0-145.92 64.853333-145.92 145.92v88.746667h58.026667l9.386667-88.746667c0-42.666667 34.986667-77.653333 77.653333-77.653333h469.333333c42.666667 0 77.653333 34.986667 77.653334 77.653333v470.186667c0 42.666667-34.986667 77.653333-77.653334 77.653333h-51.2v68.266667h51.2c80.213333 0 145.92-64.853333 145.92-145.92V277.333333c0.853333-80.213333-63.146667-145.92-145.066666-145.92z\" fill=\"#666666\">\u003C/path>\u003Cpath d=\"M277.333333 892.586667h469.333334c80.213333 0 145.92-64.853333 145.92-145.92V658.773333h-58.026667l-9.386667 88.746667c0 42.666667-34.986667 77.653333-77.653333 77.653333h-469.333333c-42.666667 0-77.653333-34.986667-77.653334-77.653333V277.333333c0-42.666667 34.986667-77.653333 77.653334-77.653333h51.2v-68.266667h-51.2c-80.213333 0-145.92 64.853333-145.92 145.92v470.186667c-0.853333 79.36 63.146667 145.066667 145.066666 145.066667z\" fill=\"#666666\">\u003C/path>\u003Cpath d=\"M244.906667 271.36c0-14.506667 11.946667-26.453333 26.453333-26.453333h482.133333c14.506667 0 26.453333 11.946667 26.453334 26.453333v482.133333c0 14.506667-11.946667 26.453333-26.453334 26.453334H271.36c-14.506667 0-26.453333-11.946667-26.453333-26.453334V271.36z\" fill=\"#666666\">\u003C/path>\u003Cpath d=\"M340.48 618.666667v-50.346667h29.866667V476.16h-33.28v-45.226667l107.52-26.453333v164.693333H469.333333v50.346667l-128.853333-0.853333zM592.213333 622.933333c-21.333333 0-40.96-4.266667-55.466666-13.653333-15.36-9.386667-27.306667-21.333333-35.84-37.546667-8.533333-16.213333-12.8-35.84-12.8-58.026666 0-23.893333 5.12-44.373333 14.506666-60.586667 10.24-16.213333 23.04-29.013333 40.106667-37.546667 16.213333-8.533333 34.986667-12.8 54.613333-12.8 15.36 0 29.013333 2.56 41.813334 7.68 12.8 5.12 21.333333 11.946667 28.16 20.48 6.826667 9.386667 10.24 19.626667 10.24 33.28v7.68c0 2.56-0.853333 4.266667-0.853334 6.826667l-47.786666-0.853333v-5.973334c0-8.533333-2.56-14.506667-7.68-17.92-5.12-4.266667-11.946667-5.973333-18.773334-5.973333-11.946667 0-21.333333 4.266667-29.866666 13.653333-7.68 9.386667-11.946667 23.04-11.946667 41.813334v5.973333c5.973333-6.826667 13.653333-12.8 22.186667-15.36 9.386667-3.413333 18.773333-5.12 29.013333-5.12 13.653333 0 25.6 2.56 36.693333 8.533333 10.24 5.973333 17.92 13.653333 23.893334 23.04 5.973333 10.24 8.533333 21.333333 8.533333 35.84s-4.266667 26.453333-11.946667 36.693334c-7.68 11.093333-17.92 17.92-31.573333 23.893333-12.8 3.413333-28.16 5.973333-45.226667 5.973333z m-2.56-42.666666c7.68 0 13.653333-2.56 17.92-7.68s7.68-11.946667 7.68-18.773334c0-8.533333-2.56-13.653333-7.68-18.773333s-11.093333-7.68-17.92-7.68c-7.68 0-13.653333 2.56-17.92 7.68-5.12 5.12-7.68 11.946667-7.68 18.773333 0 8.533333 2.56 13.653333 7.68 18.773334s10.24 7.68 17.92 7.68z\" fill=\"#FFFFFF\">\u003C/path>\u003C/symbol>\u003Csymbol id=\"iconloyout_fix_9\" viewBox=\"0 0 1024 1024\">\u003Cpath d=\"M745.813333 133.12H279.04c-79.36 0-145.066667 64.853333-145.066667 145.066667v87.893333h58.026667l9.386667-87.893333c0-42.666667 34.986667-77.653333 77.653333-77.653334h465.92c42.666667 0 77.653333 34.986667 77.653333 77.653334v466.773333c0 42.666667-34.986667 77.653333-77.653333 77.653333h-51.2v67.413334h51.2c79.36 0 145.066667-64.853333 145.066667-145.066667V278.186667c0.853333-79.36-63.146667-145.066667-144.213334-145.066667z\" fill=\"#666666\">\u003C/path>\u003Cpath d=\"M278.186667 890.88h465.92c79.36 0 145.066667-64.853333 145.066666-145.066667V657.92h-58.026666l-9.386667 87.893333c0 42.666667-34.986667 77.653333-77.653333 77.653334H278.186667c-42.666667 0-77.653333-34.986667-77.653334-77.653334V278.186667c0-42.666667 34.986667-77.653333 77.653334-77.653334h51.2v-67.413333h-51.2c-79.36 0-145.066667 64.853333-145.066667 145.066667v466.773333c0 80.213333 64 145.92 145.066667 145.92zM640.853333 244.053333h106.666667c14.506667 0 26.453333 11.946667 26.453333 26.453334v106.666666c0 14.506667-11.946667 26.453333-26.453333 26.453334H640.853333c-14.506667 0-26.453333-11.946667-26.453333-26.453334V270.506667c0.853333-14.506667 12.8-26.453333 26.453333-26.453334z\" fill=\"#666666\">\u003C/path>\u003Cpath d=\"M455.68 244.053333h106.666667c14.506667 0 26.453333 11.946667 26.453333 26.453334v106.666666c0 14.506667-11.946667 26.453333-26.453333 26.453334H455.68c-14.506667 0-26.453333-11.946667-26.453333-26.453334V270.506667c0-14.506667 11.946667-26.453333 26.453333-26.453334zM270.506667 244.053333h106.666666c14.506667 0 26.453333 11.946667 26.453334 26.453334v106.666666c0 14.506667-11.946667 26.453333-26.453334 26.453334H270.506667c-14.506667 0-26.453333-11.946667-26.453334-26.453334V270.506667c-0.853333-14.506667 11.093333-26.453333 26.453334-26.453334zM640.853333 430.08h106.666667c14.506667 0 26.453333 11.946667 26.453333 26.453333V563.2c0 14.506667-11.946667 26.453333-26.453333 26.453333H640.853333c-14.506667 0-26.453333-11.946667-26.453333-26.453333V456.533333c0.853333-14.506667 12.8-26.453333 26.453333-26.453333zM455.68 430.08h106.666667c14.506667 0 26.453333 11.946667 26.453333 26.453333V563.2c0 14.506667-11.946667 26.453333-26.453333 26.453333H455.68c-14.506667 0-26.453333-11.946667-26.453333-26.453333V456.533333c0-14.506667 11.946667-26.453333 26.453333-26.453333zM270.506667 430.08h106.666666c14.506667 0 26.453333 11.946667 26.453334 26.453333V563.2c0 14.506667-11.946667 26.453333-26.453334 26.453333H270.506667c-14.506667 0-26.453333-11.946667-26.453334-26.453333V456.533333c-0.853333-14.506667 11.093333-26.453333 26.453334-26.453333zM640.853333 616.106667h106.666667c14.506667 0 26.453333 11.946667 26.453333 26.453333v106.666667c0 14.506667-11.946667 26.453333-26.453333 26.453333H640.853333c-14.506667 0-26.453333-11.946667-26.453333-26.453333V641.706667c0.853333-13.653333 12.8-25.6 26.453333-25.6zM455.68 616.106667h106.666667c14.506667 0 26.453333 11.946667 26.453333 26.453333v106.666667c0 14.506667-11.946667 26.453333-26.453333 26.453333H455.68c-14.506667 0-26.453333-11.946667-26.453333-26.453333V641.706667c0-13.653333 11.946667-25.6 26.453333-25.6zM270.506667 616.106667h106.666666c14.506667 0 26.453333 11.946667 26.453334 26.453333v106.666667c0 14.506667-11.946667 26.453333-26.453334 26.453333H270.506667c-14.506667 0-26.453333-11.946667-26.453334-26.453333V641.706667c-0.853333-13.653333 11.093333-25.6 26.453334-25.6z\" fill=\"#666666\">\u003C/path>\u003C/symbol>\u003Csymbol id=\"iconloyout_fix6\" viewBox=\"0 0 1024 1024\">\u003Cpath d=\"M746.666667 131.413333h-469.333334c-80.213333 0-145.92 64.853333-145.92 145.92v88.746667h58.026667l9.386667-88.746667c0-42.666667 34.986667-77.653333 77.653333-77.653333h469.333333c42.666667 0 77.653333 34.986667 77.653334 77.653333v470.186667c0 42.666667-34.986667 77.653333-77.653334 77.653333h-51.2v68.266667h51.2c80.213333 0 145.92-64.853333 145.92-145.92V277.333333c0.853333-80.213333-63.146667-145.92-145.066666-145.92z\" fill=\"#666666\">\u003C/path>\u003Cpath d=\"M277.333333 892.586667h469.333334c80.213333 0 145.92-64.853333 145.92-145.92V658.773333h-58.026667l-9.386667 88.746667c0 42.666667-34.986667 77.653333-77.653333 77.653333h-469.333333c-42.666667 0-77.653333-34.986667-77.653334-77.653333V277.333333c0-42.666667 34.986667-77.653333 77.653334-77.653333h51.2v-68.266667h-51.2c-80.213333 0-145.92 64.853333-145.92 145.92v470.186667c-0.853333 79.36 63.146667 145.066667 145.066666 145.066667z\" fill=\"#666666\">\u003C/path>\u003Cpath d=\"M270.506667 243.2h107.52c15.36 0 27.306667 11.946667 27.306666 27.306667v187.733333c0 15.36-11.946667 27.306667-27.306666 27.306667H270.506667c-15.36 0-27.306667-11.946667-27.306667-27.306667V269.653333c0.853333-14.506667 12.8-26.453333 27.306667-26.453333zM458.24 243.2h107.52c15.36 0 27.306667 11.946667 27.306667 27.306667v187.733333c0 15.36-11.946667 27.306667-27.306667 27.306667H458.24c-15.36 0-27.306667-11.946667-27.306667-27.306667V269.653333c0.853333-14.506667 12.8-26.453333 27.306667-26.453333zM646.826667 243.2h107.52c15.36 0 27.306667 11.946667 27.306666 27.306667v187.733333c0 15.36-11.946667 27.306667-27.306666 27.306667H646.826667c-15.36 0-27.306667-11.946667-27.306667-27.306667V269.653333c0-14.506667 12.8-26.453333 27.306667-26.453333zM270.506667 538.453333h107.52c15.36 0 27.306667 11.946667 27.306666 27.306667v187.733333c0 15.36-11.946667 27.306667-27.306666 27.306667H270.506667c-15.36 0-27.306667-11.946667-27.306667-27.306667v-187.733333c0.853333-15.36 12.8-27.306667 27.306667-27.306667zM458.24 538.453333h107.52c15.36 0 27.306667 11.946667 27.306667 27.306667v187.733333c0 15.36-11.946667 27.306667-27.306667 27.306667H458.24c-15.36 0-27.306667-11.946667-27.306667-27.306667v-187.733333c0.853333-15.36 12.8-27.306667 27.306667-27.306667zM646.826667 538.453333h107.52c15.36 0 27.306667 11.946667 27.306666 27.306667v187.733333c0 15.36-11.946667 27.306667-27.306666 27.306667H646.826667c-15.36 0-27.306667-11.946667-27.306667-27.306667v-187.733333c0-15.36 12.8-27.306667 27.306667-27.306667z\" fill=\"#666666\">\u003C/path>\u003C/symbol>\u003Csymbol id=\"iconloyout_fix2\" viewBox=\"0 0 1024 1024\">\u003Cpath d=\"M746.666667 131.413333h-469.333334c-80.213333 0-145.92 64.853333-145.92 145.92v88.746667h58.026667l9.386667-88.746667c0-42.666667 34.986667-77.653333 77.653333-77.653333h469.333333c42.666667 0 77.653333 34.986667 77.653334 77.653333v470.186667c0 42.666667-34.986667 77.653333-77.653334 77.653333h-51.2v68.266667h51.2c80.213333 0 145.92-64.853333 145.92-145.92V277.333333c0.853333-80.213333-63.146667-145.92-145.066666-145.92z\" fill=\"#666666\">\u003C/path>\u003Cpath d=\"M277.333333 892.586667h469.333334c80.213333 0 145.92-64.853333 145.92-145.92V658.773333h-58.026667l-9.386667 88.746667c0 42.666667-34.986667 77.653333-77.653333 77.653333h-469.333333c-42.666667 0-77.653333-34.986667-77.653334-77.653333V277.333333c0-42.666667 34.986667-77.653333 77.653334-77.653333h51.2v-68.266667h-51.2c-80.213333 0-145.92 64.853333-145.92 145.92v470.186667c-0.853333 79.36 63.146667 145.066667 145.066666 145.066667z\" fill=\"#666666\">\u003C/path>\u003Cpath d=\"M269.653333 242.346667h484.693334c15.36 0 27.306667 11.946667 27.306666 27.306666v188.586667c0 15.36-11.946667 27.306667-27.306666 27.306667H269.653333c-15.36 0-27.306667-11.946667-27.306666-27.306667V268.8c0.853333-14.506667 12.8-26.453333 27.306666-26.453333zM269.653333 538.453333h484.693334c15.36 0 27.306667 11.946667 27.306666 27.306667v188.586667c0 15.36-11.946667 27.306667-27.306666 27.306666H269.653333c-15.36 0-27.306667-11.946667-27.306666-27.306666V565.76c0.853333-15.36 12.8-27.306667 27.306666-27.306667z\" fill=\"#666666\">\u003C/path>\u003C/symbol>\u003Csymbol id=\"iconloyout_fix4\" viewBox=\"0 0 1024 1024\">\u003Cpath d=\"M746.666667 131.413333h-469.333334c-80.213333 0-145.92 64.853333-145.92 145.92v88.746667h58.026667l9.386667-88.746667c0-42.666667 34.986667-77.653333 77.653333-77.653333h469.333333c42.666667 0 77.653333 34.986667 77.653334 77.653333v470.186667c0 42.666667-34.986667 77.653333-77.653334 77.653333h-51.2v68.266667h51.2c80.213333 0 145.92-64.853333 145.92-145.92V277.333333c0.853333-80.213333-63.146667-145.92-145.066666-145.92z\" fill=\"#666666\">\u003C/path>\u003Cpath d=\"M277.333333 892.586667h469.333334c80.213333 0 145.92-64.853333 145.92-145.92V658.773333h-58.026667l-9.386667 88.746667c0 42.666667-34.986667 77.653333-77.653333 77.653333h-469.333333c-42.666667 0-77.653333-34.986667-77.653334-77.653333V277.333333c0-42.666667 34.986667-77.653333 77.653334-77.653333h51.2v-68.266667h-51.2c-80.213333 0-145.92 64.853333-145.92 145.92v470.186667c-0.853333 79.36 63.146667 145.066667 145.066666 145.066667z\" fill=\"#666666\">\u003C/path>\u003Cpath d=\"M269.653333 242.346667h188.586667c14.506667 0 26.453333 11.946667 26.453333 26.453333v188.586667c0 14.506667-11.946667 26.453333-26.453333 26.453333H269.653333c-14.506667 0-26.453333-11.946667-26.453333-26.453333v-187.733334c-1.706667-14.506667 11.093333-27.306667 26.453333-27.306666zM565.76 242.346667h188.586667c14.506667 0 26.453333 11.946667 26.453333 26.453333v188.586667c0 14.506667-11.946667 26.453333-26.453333 26.453333H565.76c-14.506667 0-26.453333-11.946667-26.453333-26.453333v-187.733334c-0.853333-14.506667 11.093333-27.306667 26.453333-27.306666zM269.653333 539.306667h188.586667c14.506667 0 26.453333 11.946667 26.453333 26.453333v188.586667c0 14.506667-11.946667 26.453333-26.453333 26.453333H269.653333c-14.506667 0-26.453333-11.946667-26.453333-26.453333v-187.733334c-1.706667-15.36 11.093333-27.306667 26.453333-27.306666zM565.76 539.306667h188.586667c14.506667 0 26.453333 11.946667 26.453333 26.453333v188.586667c0 14.506667-11.946667 26.453333-26.453333 26.453333H565.76c-14.506667 0-26.453333-11.946667-26.453333-26.453333v-187.733334c-0.853333-15.36 11.093333-27.306667 26.453333-27.306666z\" fill=\"#666666\">\u003C/path>\u003C/symbol>\u003Csymbol id=\"iconloyout_fix1\" viewBox=\"0 0 1024 1024\">\u003Cpath d=\"M746.666667 131.413333h-469.333334c-80.213333 0-145.92 64.853333-145.92 145.92v88.746667h58.026667l9.386667-88.746667c0-42.666667 34.986667-77.653333 77.653333-77.653333h469.333333c42.666667 0 77.653333 34.986667 77.653334 77.653333v470.186667c0 42.666667-34.986667 77.653333-77.653334 77.653333h-51.2v68.266667h51.2c80.213333 0 145.92-64.853333 145.92-145.92V277.333333c0.853333-80.213333-63.146667-145.92-145.066666-145.92z\" fill=\"#666666\">\u003C/path>\u003Cpath d=\"M277.333333 892.586667h469.333334c80.213333 0 145.92-64.853333 145.92-145.92V658.773333h-58.026667l-9.386667 88.746667c0 42.666667-34.986667 77.653333-77.653333 77.653333h-469.333333c-42.666667 0-77.653333-34.986667-77.653334-77.653333V277.333333c0-42.666667 34.986667-77.653333 77.653334-77.653333h51.2v-68.266667h-51.2c-80.213333 0-145.92 64.853333-145.92 145.92v470.186667c-0.853333 79.36 63.146667 145.066667 145.066666 145.066667z\" fill=\"#666666\">\u003C/path>\u003Cpath d=\"M713.386667 781.653333H310.613333c-37.546667 0-68.266667-30.72-68.266666-68.266666V310.613333c0-37.546667 30.72-68.266667 68.266666-68.266666h402.773334c37.546667 0 68.266667 30.72 68.266666 68.266666v402.773334c0 37.546667-30.72 68.266667-68.266666 68.266666z\" fill=\"#666666\">\u003C/path>\u003C/symbol>\u003Csymbol id=\"iconloyout_customize\" viewBox=\"0 0 1024 1024\">\u003Cpath d=\"M389.973333 893.44h472.746667c7.68 0 16.213333-3.413333 21.333333-8.533333s8.533333-13.653333 8.533334-21.333334V348.16h-503.466667v545.28z m472.746667-762.88H389.973333v156.16h503.466667V161.28c0-7.68-3.413333-16.213333-8.533333-21.333333-5.973333-5.973333-13.653333-9.386667-22.186667-9.386667z m-732.16 30.72v702.293333c0 17.066667 13.653333 30.72 30.72 30.72h168.106667V130.56H161.28c-7.68 0-16.213333 3.413333-21.333333 8.533333-5.973333 5.973333-9.386667 13.653333-9.386667 22.186667z\" fill=\"#666666\">\u003C/path>\u003C/symbol>\u003Csymbol id=\"iconlog_layout_expansion\" viewBox=\"0 0 1024 1024\">\u003Cpath d=\"M302.08 793.6H384v102.4H128V640h102.4v81.92l153.6-153.6 71.68 71.68-153.6 153.6zM716.8 793.6L563.2 640l71.68-71.68L793.6 727.04V640h102.4v256H640V793.6h76.8zM302.08 230.4l153.6 153.6-71.68 71.68-153.6-153.6V384H128V128h256v102.4h-81.92zM716.8 230.4h-76.8V128h256v256H793.6V296.96L634.88 455.68 563.2 384l153.6-153.6z\" fill=\"#444444\">\u003C/path>\u003C/symbol>\u003Csymbol id=\"iconlog_layout_collapse\" viewBox=\"0 0 1024 1024\">\u003Cpath d=\"M273.92 665.6h-81.92V574.293333h244.906667v230.4H341.333333v-76.8l-144.213333 144.213334-67.413333-62.293334L273.92 665.6z m476.16 0l144.213333 144.213333-67.413333 67.413334L682.666667 733.013333v76.8H586.24v-230.4h244.906667v91.306667h-81.92V665.6zM273.92 338.773333L149.333333 214.186667l62.293334-67.413334L341.333333 276.48v-76.8h96.426667v230.4H192V338.773333h81.92z m485.546667 0h72.533333v91.306667H586.24v-230.4H682.666667V281.6l134.826666-134.826667 67.413334 67.413334L759.466667 338.773333z\" fill=\"#444444\">\u003C/path>\u003C/symbol>\u003Csymbol id=\"iconicon_left_default\" viewBox=\"0 0 1024 1024\">\u003Cpath d=\"M959.146667 571.733333h-657.066667l248.32 238.933334H375.466667L64.853333 512 375.466667 214.186667h175.786666L302.08 452.266667h657.066667v119.466666z\" fill=\"#BABABA\">\u003C/path>\u003C/symbol>\u003Csymbol id=\"iconbrowse2\" viewBox=\"0 0 1024 1024\">\u003Cpath d=\"M785.493333 85.333333a38.613333 38.613333 0 0 1 38.698667 38.826667v349.013333h-77.397333V162.944H205.397333v698.197333h232.064V938.666667H166.656A38.613333 38.613333 0 0 1 128 899.84V124.16A38.826667 38.826667 0 0 1 166.656 85.333333H785.493333z m-96.682666 484.864a154.368 154.368 0 0 1 132.010666 74.154667 155.477333 155.477333 0 0 1 5.76 151.594667l63.744 63.957333a19.413333 19.413333 0 0 1 0 27.392l-32.810666 32.938667a19.328 19.328 0 0 1-27.306667 0l-61.738667-61.866667a154.410667 154.410667 0 0 1-194.816-29.482667 155.306667 155.306667 0 0 1-36.693333-132.821333 155.392 155.392 0 0 1 83.157333-109.738667 154.410667 154.410667 0 0 1 68.693334-16.128z m0 77.568c-20.48 0-40.192 8.149333-54.698667 22.698667a77.653333 77.653333 0 0 0 54.698667 132.437333c20.48 0 40.192-8.149333 54.698666-22.698666a77.653333 77.653333 0 0 0-54.698666-132.437334z m-193.365334-174.549333a19.328 19.328 0 0 1 19.328 19.413333v38.784a19.413333 19.413333 0 0 1-19.328 19.370667H302.037333a19.328 19.328 0 0 1-19.328-19.413333v-38.784a19.413333 19.413333 0 0 1 19.328-19.370667h193.408z m154.709334-155.136a19.328 19.328 0 0 1 19.328 19.370667v38.826666a19.413333 19.413333 0 0 1-19.328 19.370667H302.037333a19.328 19.328 0 0 1-19.328-19.413333V337.493333a19.413333 19.413333 0 0 1 19.328-19.370666h348.117334z\" fill=\"#1D2129\">\u003C/path>\u003C/symbol>\u003Csymbol id=\"iconbrowse1\" viewBox=\"0 0 1024 1024\">\u003Cpath d=\"M785.493333 85.333333a38.613333 38.613333 0 0 1 38.698667 38.826667v349.013333h-77.397333V162.944H205.397333v698.197333h232.064V938.666667H166.656A38.613333 38.613333 0 0 1 128 899.84V124.16A38.826667 38.826667 0 0 1 166.656 85.333333H785.493333z m-96.682666 484.864a154.368 154.368 0 0 1 132.010666 74.154667 155.477333 155.477333 0 0 1 5.76 151.594667l63.744 63.957333a19.413333 19.413333 0 0 1 0 27.392l-32.810666 32.938667a19.328 19.328 0 0 1-27.306667 0l-61.738667-61.866667a154.410667 154.410667 0 0 1-194.816-29.482667 155.306667 155.306667 0 0 1-36.693333-132.821333 155.392 155.392 0 0 1 83.157333-109.738667 154.410667 154.410667 0 0 1 68.693334-16.128z m0 77.568c-20.48 0-40.192 8.149333-54.698667 22.698667a77.653333 77.653333 0 0 0 54.698667 132.437333c20.48 0 40.192-8.149333 54.698666-22.698666a77.653333 77.653333 0 0 0-54.698666-132.437334z m-193.365334-174.549333a19.328 19.328 0 0 1 19.328 19.413333v38.784a19.413333 19.413333 0 0 1-19.328 19.370667H302.037333a19.328 19.328 0 0 1-19.328-19.413333v-38.784a19.413333 19.413333 0 0 1 19.328-19.370667h193.408z m154.709334-155.136a19.328 19.328 0 0 1 19.328 19.370667v38.826666a19.413333 19.413333 0 0 1-19.328 19.370667H302.037333a19.328 19.328 0 0 1-19.328-19.413333V337.493333a19.413333 19.413333 0 0 1 19.328-19.370666h348.117334z\" fill=\"#1D2129\">\u003C/path>\u003C/symbol>\u003Csymbol id=\"iconCluster\" viewBox=\"0 0 1024 1024\">\u003Cpath d=\"M554.666667 85.333333a42.666667 42.666667 0 0 1 42.666666 42.666667v298.666667h298.666667a42.666667 42.666667 0 0 1 42.666667 42.666666v426.666667a42.666667 42.666667 0 0 1-42.666667 42.666667H128a42.666667 42.666667 0 0 1-42.666667-42.666667V128a42.666667 42.666667 0 0 1 42.666667-42.666667h426.666667zM170.666667 853.333333h341.333333V170.666667H170.666667v682.666666z m426.666666-341.333333v341.333333h256v-341.333333h-256z m-256 170.666667a64 64 0 1 1 0 127.957333A64 64 0 0 1 341.333333 682.666667z m375.552-579.968a42.666667 42.666667 0 0 1 16.341334 3.968 437.589333 437.589333 0 0 1 193.493333 182.613333 42.666667 42.666667 0 0 1-37.333333 64v-0.426667a42.666667 42.666667 0 0 1-37.333334-21.333333 356.266667 356.266667 0 0 0-155.733333-146.986667A42.752 42.752 0 0 1 676.266667 128a42.709333 42.709333 0 0 1 40.618666-25.301333z\" fill=\"#1D2129\">\u003C/path>\u003C/symbol>\u003Csymbol id=\"iconDatacenter\" viewBox=\"0 0 1024 1024\">\u003Cpath d=\"M682.666667 85.333333a42.666667 42.666667 0 0 1 42.666666 42.666667v298.666667h128a42.666667 42.666667 0 0 1 42.666667 42.666666v384h21.333333a21.333333 21.333333 0 0 1 21.333334 21.333334v42.666666a21.333333 21.333333 0 0 1-21.333334 21.333334h-810.666666a21.333333 21.333333 0 0 1-21.333334-21.333334v-42.666666a21.333333 21.333333 0 0 1 21.333334-21.333334H128V128a42.666667 42.666667 0 0 1 42.666667-42.666667h512z m-42.666667 85.333334H213.333333v682.666666h426.666667V170.666667z m170.666667 341.333333h-85.333334v341.333333h85.333334v-341.333333zM362.666667 512a21.333333 21.333333 0 0 1 21.333333 21.333333v128a21.333333 21.333333 0 0 1-21.333333 21.333334h-42.666667a21.333333 21.333333 0 0 1-21.333333-21.333334v-128a21.333333 21.333333 0 0 1 21.333333-21.333333h42.666667z m170.666666 0a21.333333 21.333333 0 0 1 21.333334 21.333333v128a21.333333 21.333333 0 0 1-21.333334 21.333334h-42.666666a21.333333 21.333333 0 0 1-21.333334-21.333334v-128a21.333333 21.333333 0 0 1 21.333334-21.333333h42.666666z m-170.666666-256a21.333333 21.333333 0 0 1 21.333333 21.333333v128a21.333333 21.333333 0 0 1-21.333333 21.333334h-42.666667a21.333333 21.333333 0 0 1-21.333333-21.333334v-128a21.333333 21.333333 0 0 1 21.333333-21.333333h42.666667z m170.666666 0a21.333333 21.333333 0 0 1 21.333334 21.333333v128a21.333333 21.333333 0 0 1-21.333334 21.333334h-42.666666a21.333333 21.333333 0 0 1-21.333334-21.333334v-128a21.333333 21.333333 0 0 1 21.333334-21.333333h42.666666z\" fill=\"#1D2129\">\u003C/path>\u003C/symbol>\u003Csymbol id=\"iconPhysicalserver\" viewBox=\"0 0 1024 1024\">\u003Cpath d=\"M898.048 128c10.752 0 21.077333 4.138667 28.714667 11.52a38.784 38.784 0 0 1 11.904 27.861333v689.237334c0 10.453333-4.266667 20.48-11.904 27.861333a41.301333 41.301333 0 0 1-28.714667 11.52H125.952a41.301333 41.301333 0 0 1-28.714667-11.52 38.784 38.784 0 0 1-11.904-27.861333V167.381333c0-10.453333 4.266667-20.48 11.904-27.861333A41.301333 41.301333 0 0 1 125.952 128h772.096z m-40.661333 551.381333H166.613333v137.813334h690.773334v-137.813334z m-91.434667 39.381334c5.418667 0 10.581333 2.090667 14.378667 5.76 3.84 3.712 5.973333 8.704 5.973333 13.952v39.381333c0 5.205333-2.133333 10.24-5.973333 13.909333a20.650667 20.650667 0 0 1-14.378667 5.76H725.333333a20.650667 20.650667 0 0 1-14.378666-5.76 19.370667 19.370667 0 0 1-5.973334-13.909333v-39.381333c0-5.248 2.176-10.24 5.973334-13.952a20.650667 20.650667 0 0 1 14.378666-5.76h40.618667z m91.434667-275.669334H166.613333v157.525334h690.773334v-157.525334zM725.333333 482.474667h40.618667c4.992 0 9.813333 1.749333 13.525333 4.949333a19.498667 19.498667 0 0 1 6.656 12.416l0.170667 2.304v39.381333a19.328 19.328 0 0 1-5.12 13.098667 20.522667 20.522667 0 0 1-12.8 6.485333l-2.432 0.128H725.333333a20.693333 20.693333 0 0 1-13.482666-4.992 19.541333 19.541333 0 0 1-6.698667-12.373333l-0.128-2.346667v-39.381333c0-4.821333 1.834667-9.472 5.12-13.056a20.522667 20.522667 0 0 1 12.8-6.485333l2.389333-0.128z m132.053334-275.712H166.613333v157.525333h690.773334V206.762667z m-91.434667 39.381333c4.992 0 9.813333 1.792 13.525333 4.992a19.498667 19.498667 0 0 1 6.656 12.373333l0.170667 2.346667v39.381333a19.370667 19.370667 0 0 1-5.12 13.056 20.522667 20.522667 0 0 1-12.8 6.485334l-2.432 0.128H725.333333a20.693333 20.693333 0 0 1-13.482666-4.949334 19.541333 19.541333 0 0 1-6.698667-12.416l-0.128-2.304V265.813333c0-4.821333 1.834667-9.472 5.12-13.098666a20.522667 20.522667 0 0 1 12.8-6.485334L725.333333 246.186667h40.618667z\" fill=\"#1D2129\">\u003C/path>\u003C/symbol>\u003Csymbol id=\"iconFileserver\" viewBox=\"0 0 1024 1024\">\u003Cpath d=\"M893.482667 85.333333c11.989333 0 23.466667 4.522667 31.914666 12.501334 8.490667 8.021333 13.269333 18.858667 13.269334 30.165333v377.770667h-90.325334V170.666667H260.992v682.666666h135.552v85.333334H215.850667c-11.989333 0-23.466667-4.522667-31.914667-12.501334A41.514667 41.514667 0 0 1 170.666667 896V128c0-11.306667 4.778667-22.186667 13.226666-30.165333A46.506667 46.506667 0 0 1 215.893333 85.333333H893.44z m17.450666 504.234667a19.114667 19.114667 0 0 1 19.2 19.413333v310.272a19.2 19.2 0 0 1-19.2 19.413334h-422.4a19.157333 19.157333 0 0 1-19.2-19.413334v-310.314666c0-5.12 2.005333-10.069333 5.632-13.653334a19.114667 19.114667 0 0 1 13.568-5.717333h422.4z m-364.8 271.530667H853.333333v-193.92h-307.2v193.92z m134.4-58.197334h-76.8V725.333333h76.8v77.568z m134.4 0h-76.8V725.333333h76.8v77.568zM554.666667 426.666667c5.973333 0 11.733333 2.261333 15.957333 6.229333 4.266667 4.010667 6.613333 9.429333 6.613333 15.104v42.666667c0 5.674667-2.389333 11.093333-6.613333 15.104A23.253333 23.253333 0 0 1 554.666667 512H373.973333a23.253333 23.253333 0 0 1-15.957333-6.229333 20.778667 20.778667 0 0 1-6.656-15.104v-42.666667c0-5.674667 2.389333-11.093333 6.656-15.104A23.253333 23.253333 0 0 1 373.973333 426.666667H554.666667z m180.693333-170.666667c5.973333 0 11.733333 2.261333 15.957333 6.229333 4.266667 4.010667 6.656 9.429333 6.656 15.104v42.666667c0 5.674667-2.389333 11.093333-6.656 15.104a23.253333 23.253333 0 0 1-15.957333 6.229333h-361.386667a23.253333 23.253333 0 0 1-15.957333-6.229333 20.736 20.736 0 0 1-6.656-15.104v-42.666667c0-5.674667 2.389333-11.093333 6.656-15.104A23.253333 23.253333 0 0 1 373.973333 256h361.386667z\" fill=\"#1D2129\">\u003C/path>\u003C/symbol>\u003Csymbol id=\"iconPersonalcomputer\" viewBox=\"0 0 1024 1024\">\u003Cpath d=\"M887.722667 605.184v-357.546667c0-46.848-38.058667-84.906667-84.906667-84.906666H221.184c-46.848 0-84.906667 38.058667-84.906667 84.906666v395.349334c0 46.848 38.058667 84.906667 84.906667 84.906666h252.245333v56.064H328.704c-21.333333 0-38.570667 17.322667-38.570667 38.570667 0 21.333333 17.322667 38.570667 38.570667 38.570667h366.506667c21.333333 0 38.570667-17.322667 38.570666-38.570667 0-21.333333-17.322667-38.570667-38.570666-38.570667H550.570667V727.893333h252.245333c46.848 0 84.906667-38.058667 84.906667-84.906666v-62.037334c0-21.333333-17.322667-38.570667-38.570667-38.570666-21.333333 0-38.570667 17.322667-38.570667 38.570666v62.037334c0 4.181333-3.498667 7.68-7.68 7.68H221.184a7.765333 7.765333 0 0 1-7.68-7.68V247.637333c0-4.181333 3.498667-7.68 7.68-7.68h581.632c4.181333 0 7.68 3.498667 7.68 7.68V577.706667m38.656-69.802667\" fill=\"#333333\">\u003C/path>\u003C/symbol>\u003Csymbol id=\"iconVirtualmachines\" viewBox=\"0 0 1024 1024\">\u003Cpath d=\"M356.864 125.952c0-10.752 4.053333-21.077333 11.349333-28.714667A37.930667 37.930667 0 0 1 395.648 85.333333H899.84c10.282667 0 20.138667 4.266667 27.434667 11.904 7.253333 7.637333 11.349333 17.92 11.349333 28.714667v528.256a41.642667 41.642667 0 0 1-11.349333 28.757333 37.930667 37.930667 0 0 1-27.434667 11.904h-232.746667v203.178667a41.642667 41.642667 0 0 1-11.349333 28.714667 37.930667 37.930667 0 0 1-27.434667 11.904H124.16a37.930667 37.930667 0 0 1-27.434667-11.904 41.642667 41.642667 0 0 1-11.349333-28.714667V369.792c0-10.794667 4.096-21.12 11.349333-28.757333a37.930667 37.930667 0 0 1 27.434667-11.904h232.746667V125.952z m504.234667 40.661333h-426.666667v162.56h193.92c10.282667 0 20.181333 4.266667 27.434667 11.861334 7.253333 7.637333 11.349333 17.962667 11.349333 28.757333v162.56h-77.568V410.368h-426.666667v446.976h426.666667v-162.56H395.648a37.930667 37.930667 0 0 1-27.434667-11.861333 41.642667 41.642667 0 0 1-11.349333-28.757334v-162.56h77.568v121.941334h426.666667V166.613333z\" fill=\"#1D2129\">\u003C/path>\u003C/symbol>\u003Csymbol id=\"iconSysteminformation\" viewBox=\"0 0 1024 1024\">\u003Cpath d=\"M834.688 489.301333l91.349333 90.325334a42.453333 42.453333 0 0 1 9.386667 46.378666 42.496 42.496 0 0 1-9.386667 13.824l-289.664 286.378667A43.093333 43.093333 0 0 1 605.866667 938.666667l-91.093334-0.298667c-11.392 0-22.272-4.522667-30.293333-12.458667a42.325333 42.325333 0 0 1-12.629333-29.952l-0.298667-90.069333a42.197333 42.197333 0 0 1 12.629333-30.250667l289.664-286.336a43.306667 43.306667 0 0 1 60.885334 0zM128.384 85.333333h645.973333c11.434667 0 22.4 4.48 30.464 12.458667 8.106667 7.978667 12.629333 18.816 12.629334 30.122667v276.736H731.306667V170.496H171.52v681.216h215.338667v85.162667H128.384c-11.392 0-22.357333-4.48-30.421333-12.458667A42.325333 42.325333 0 0 1 85.333333 894.293333V127.914667c0-11.306667 4.522667-22.144 12.629334-30.122667 8.064-7.978667 19.029333-12.458667 30.421333-12.458667z m675.84 494.293334l-246.528 243.712 0.128 30.037333 30.336 0.085333 246.528-243.754666-30.464-30.08z m-352.853333-47.232c5.717333 0 11.221333 2.261333 15.232 6.229333 4.053333 4.010667 6.314667 9.386667 6.314666 15.061333v42.581334c0 5.632-2.261333 11.093333-6.314666 15.061333a21.674667 21.674667 0 0 1-15.189334 6.229333H279.125333a21.674667 21.674667 0 0 1-15.232-6.229333 21.162667 21.162667 0 0 1-6.314666-15.061333v-42.581334c0-5.632 2.304-11.093333 6.314666-15.061333a21.674667 21.674667 0 0 1 15.232-6.229333h172.288z m172.288-170.325334c5.717333 0 11.178667 2.261333 15.232 6.272 4.053333 3.968 6.314667 9.386667 6.314666 15.018667v42.581333c0 5.674667-2.261333 11.093333-6.314666 15.061334a21.674667 21.674667 0 0 1-15.232 6.229333H279.125333a21.674667 21.674667 0 0 1-15.232-6.229333 21.162667 21.162667 0 0 1-6.314666-15.061334v-42.581333c0-5.632 2.304-11.050667 6.314666-15.018667a21.674667 21.674667 0 0 1 15.232-6.272h344.533334z\" fill=\"#1D2129\">\u003C/path>\u003C/symbol>\u003Csymbol id=\"iconClear\" viewBox=\"0 0 1024 1024\">\u003Cpath d=\"M568.32 255.146667c19.626667 5.12 40.96 8.533333 59.733333 16.213333 14.506667 5.973333 22.186667 3.413333 32.426667-7.68 41.813333-42.666667 84.48-85.333333 127.146667-127.146667 32.426667-31.573333 74.24-34.986667 105.813333-10.24 38.4 29.866667 40.96 81.92 5.12 118.613334-41.813333 42.666667-84.48 85.333333-127.146667 127.146666-11.946667 11.093333-13.653333 19.626667-7.68 35.84 24.746667 59.733333 15.36 116.053333-24.746666 166.4-17.92 23.04-31.573333 23.893333-52.053334 3.413334-77.653333-76.8-154.453333-154.453333-231.253333-232.106667-18.773333-18.773333-17.92-31.573333 1.706667-48.64 29.866667-25.6 70.826667-40.96 110.933333-41.813333z m145.92 283.306666c25.6-40.96 29.013333-86.186667 3.413333-131.413333-10.24-17.92-8.533333-31.573333 6.826667-46.08 46.933333-45.226667 93.013333-92.16 139.093333-138.24 6.826667-6.826667 13.653333-14.506667 16.213334-23.04 5.12-16.213333 0-30.72-14.506667-40.106667-15.36-9.386667-32.426667-6.826667-47.786667 7.68-46.933333 46.08-93.866667 93.013333-139.946666 139.946667-22.186667 22.186667-26.453333 23.04-53.76 8.533333-43.52-23.04-86.186667-19.626667-126.293334 5.973334l216.746667 216.746666z\" fill=\"#333333\">\u003C/path>\u003Cpath d=\"M713.386667 607.573333c-14.506667 0-27.306667-10.24-35.84-18.773333-83.626667-83.626667-158.72-158.72-231.253334-232.106667-7.68-7.68-18.773333-20.48-17.92-35.84 0.853333-15.36 11.093333-26.453333 20.48-34.133333 31.573333-27.306667 74.24-44.373333 119.466667-46.08h2.56l1.706667 0.853333c5.973333 1.706667 11.946667 2.56 17.92 4.266667 14.506667 3.413333 29.866667 6.826667 44.373333 12.8 7.68 3.413333 9.386667 2.56 17.066667-4.266667 39.253333-40.106667 81.066667-81.92 128-127.146666 37.546667-36.693333 87.04-40.96 124.586666-11.093334 21.333333 17.066667 34.133333 40.106667 35.84 65.706667 1.706667 27.306667-8.533333 53.76-29.013333 74.24-39.253333 40.106667-81.066667 81.92-128 127.146667-7.68 6.826667-8.533333 9.386667-4.266667 19.626666 26.453333 63.146667 17.066667 126.293333-27.306666 180.906667-8.533333 10.24-19.626667 22.186667-35.84 23.04-1.706667 0.853333-1.706667 0.853333-2.56 0.853333zM566.613333 269.653333c-36.693333 1.706667-73.386667 16.213333-98.986666 39.253334-9.386667 7.68-10.24 11.946667-10.24 13.653333 0 1.706667 0.853333 5.973333 9.386666 14.506667 72.533333 72.533333 148.48 148.48 231.253334 232.106666 9.386667 9.386667 14.506667 10.24 15.36 10.24 1.706667 0 5.973333-1.706667 14.506666-12.8 37.546667-46.933333 45.226667-98.986667 23.04-151.893333-8.533333-21.333333-5.973333-35.84 10.24-52.053333 46.933333-45.226667 87.893333-87.04 127.146667-127.146667 14.506667-15.36 22.186667-34.133333 20.48-52.053333-0.853333-17.066667-10.24-33.28-24.746667-45.226667-26.453333-20.48-59.733333-17.066667-87.04 9.386667-46.08 45.226667-87.04 86.186667-126.293333 126.293333-11.093333 11.093333-24.746667 20.48-48.64 10.24-11.946667-5.12-25.6-7.68-39.253333-11.093333-5.12-0.853333-11.093333-2.56-16.213334-3.413334zM716.8 561.493333L473.6 318.293333l15.36-9.386666c44.373333-29.013333 93.013333-30.72 140.8-6.826667 6.826667 3.413333 17.066667 8.533333 20.48 8.533333 3.413333-0.853333 11.946667-9.386667 17.066667-13.653333l39.253333-39.253333 100.693333-100.693334c19.626667-19.626667 44.373333-23.04 65.706667-9.386666 19.626667 12.8 27.306667 34.133333 20.48 57.173333-3.413333 11.093333-11.946667 20.48-19.626667 28.16l-4.266666 4.266667C825.173333 280.746667 779.946667 326.826667 733.866667 371.2c-10.24 10.24-11.093333 16.213333-4.266667 29.013333 26.453333 48.64 25.6 98.986667-4.266667 145.92l-8.533333 15.36zM519.68 324.266667l190.293333 190.293333c15.36-33.28 12.8-66.56-5.973333-99.84-13.653333-24.746667-10.24-44.373333 9.386667-64 45.226667-44.373333 91.306667-89.6 134.826666-133.973333l4.266667-4.266667c5.12-5.12 11.093333-11.093333 12.8-17.066667 3.413333-10.24 0.853333-17.92-8.533333-23.893333-11.946667-7.68-22.186667-0.853333-29.866667 5.973333-33.28 33.28-67.413333 66.56-100.693333 100.693334l-39.253334 39.253333c-26.453333 26.453333-37.546667 28.16-70.826666 11.093333-33.28-17.92-64.853333-18.773333-96.426667-4.266666zM320 259.413333c0-27.306667 20.48-48.64 47.786667-48.64 27.306667 0 48.64 22.186667 48.64 48.64 0 25.6-21.333333 47.786667-47.786667 48.64-25.6 0-47.786667-22.186667-48.64-48.64zM785.066667 700.586667c18.773333 0 33.28 15.36 32.426666 34.133333-0.853333 17.92-14.506667 31.573333-32.426666 31.573333-18.773333 0-33.28-14.506667-33.28-33.28-0.853333-17.92 14.506667-33.28 33.28-32.426666zM705.706667 769.706667c37.546667 0.853333 67.413333 32.426667 65.706666 69.973333-1.706667 35.84-29.866667 64-66.56 64-38.4 0-68.266667-29.866667-68.266666-67.413333 0.853333-36.693333 32.426667-67.413333 69.12-66.56z\" fill=\"#333333\">\u003C/path>\u003Cpath d=\"M657.066667 608.426667L419.84 371.2c-12.8-12.8-25.6-12.8-40.106667-4.266667-14.506667 8.533333-29.013333 18.773333-44.373333 23.893334-71.68 23.893333-143.36 46.08-215.04 68.266666-27.306667 8.533333-32.426667 17.92-19.626667 43.52 11.093333 20.48 21.333333 42.666667 34.133334 62.293334 6.826667 11.093333 18.773333 18.773333 29.866666 28.16-11.093333 11.093333-5.973333 24.746667 5.973334 40.106666 14.506667 17.92 29.013333 37.546667 43.52 55.466667 19.626667 25.6 39.253333 51.2 79.36 22.186667-2.56 10.24-2.56 15.36-5.12 20.48-9.386667 20.48-3.413333 35.84 14.506666 48.64 18.773333 13.653333 36.693333 27.306667 52.906667 44.373333 25.6 27.306667 52.053333 36.693333 83.626667 11.946667 1.706667-0.853333 3.413333-0.853333 5.973333-0.853334 0 5.12 0.853333 10.24 0 14.506667-4.266667 21.333333 4.266667 34.133333 23.04 43.52 20.48 11.093333 40.106667 23.893333 60.586667 35.84 25.6 15.36 37.546667 8.533333 42.666666-20.48 4.266667-23.04 9.386667-45.226667 13.653334-67.413333 0 0 4.266667-32.426667 14.506666-62.293334 0-0.853333 0-0.853333 0.853334-1.706666 4.266667-12.8 9.386667-24.746667 16.213333-33.28 14.506667-30.72 29.866667-61.44 45.226667-92.16 6.826667-16.213333 8.533333-29.013333-5.12-43.52z m-123.733334 273.92c-14.506667-8.533333-28.16-15.36-40.106666-23.893334-3.413333-2.56-5.12-9.386667-4.266667-13.653333 0.853333-12.8 4.266667-25.6 3.413333-38.4 0-9.386667-2.56-23.04-8.533333-26.453333-6.826667-4.266667-19.626667-0.853333-29.013333 0.853333-8.533333 2.56-17.92 6.826667-24.746667 12.8-19.626667 14.506667-35.84 11.093333-52.053333-6.826667-11.093333-11.946667-23.893333-22.186667-36.693334-31.573333-11.093333-7.68-11.946667-15.36-7.68-27.306667 5.12-12.8 10.24-26.453333 12.8-40.106666 1.706667-8.533333 0-19.626667-5.12-25.6-4.266667-4.266667-16.213333-5.12-23.893333-2.56-14.506667 3.413333-29.013333 11.093333-43.52 15.36-5.12 1.706667-13.653333 0-17.066667-3.413334-17.066667-18.773333-32.426667-37.546667-48.64-58.026666 13.653333-16.213333 27.306667-30.72 38.4-47.786667 5.12-7.68 7.68-22.186667 4.266667-28.16-4.266667-5.973333-17.92-5.973333-28.16-8.533333-2.56-0.853333-5.12 1.706667-7.68 2.56-46.08 11.946667-46.08 11.946667-66.56-34.133334 35.84-10.24 72.533333-18.773333 107.52-31.573333 43.52-16.213333 86.186667-34.986667 128-53.76 8.533333-3.413333 14.506667-5.973333 23.04 2.56 70.826667 71.68 141.653333 142.506667 212.48 213.333333 1.706667 1.706667 2.56 3.413333 4.266667 5.973334-45.226667 77.653333-74.24 159.573333-90.453334 248.32z\" fill=\"#333333\">\u003C/path>\u003Cpath d=\"M550.4 951.466667c-11.093333 0-21.333333-5.12-29.013333-10.24-6.826667-4.266667-14.506667-8.533333-21.333334-12.8-12.8-8.533333-25.6-16.213333-38.4-23.04-21.333333-11.093333-32.426667-27.306667-31.573333-47.786667-29.013333 12.8-57.173333 5.12-84.48-24.746667-15.36-16.213333-34.133333-29.866667-50.346667-42.666666-20.48-15.36-28.16-33.28-23.893333-54.613334-32.426667 6.826667-53.76-20.48-68.266667-39.253333l-11.946666-15.36c-10.24-13.653333-20.48-27.306667-31.573334-40.106667-16.213333-20.48-17.066667-35.84-13.653333-46.08 0 0-0.853333 0-0.853333-0.853333-7.68-6.826667-16.213333-13.653333-22.186667-23.04-10.24-15.36-17.92-31.573333-26.453333-46.933333-2.56-5.12-5.12-11.093333-8.533334-16.213334-5.973333-11.093333-11.946667-26.453333-5.973333-40.106666s20.48-19.626667 34.133333-23.893334c74.24-22.186667 145.92-45.226667 215.04-68.266666 10.24-3.413333 20.48-9.386667 31.573334-16.213334 3.413333-1.706667 6.826667-4.266667 10.24-5.973333 26.453333-15.36 46.08-5.12 58.026666 6.826667C510.293333 439.466667 588.8 518.826667 668.16 597.333333c22.186667 22.186667 14.506667 45.226667 5.973333 60.586667-15.36 29.866667-29.866667 60.586667-44.373333 90.453333l-2.56 4.266667c-5.12 5.973333-9.386667 16.213333-13.653333 29.013333l-0.853334 1.706667c-8.533333 26.453333-12.8 56.32-13.653333 58.88v0.853333c-5.12 23.04-9.386667 45.226667-13.653333 67.413334-2.56 12.8-7.68 30.72-23.04 37.546666-3.413333 2.56-7.68 3.413333-11.946667 3.413334zM459.093333 818.346667v20.48c0 4.266667 0.853333 8.533333-0.853333 13.653333-2.56 11.946667-0.853333 19.626667 15.36 28.16 13.653333 7.68 27.306667 15.36 40.106667 23.893333 6.826667 4.266667 13.653333 8.533333 21.333333 12.8 11.946667 6.826667 15.36 5.973333 15.36 5.973334s3.413333-2.56 5.973333-17.066667c4.266667-23.04 9.386667-45.226667 13.653334-67.413333 0.853333-5.973333 4.266667-29.013333 11.093333-53.76l-0.853333-1.706667 5.12-11.093333c5.12-14.506667 11.093333-26.453333 17.066666-34.986667 14.506667-29.866667 29.013333-60.586667 44.373334-90.453333 7.68-14.506667 5.973333-20.48-0.853334-27.306667C567.466667 540.16 488.106667 460.8 409.6 381.44c-5.973333-5.973333-11.946667-8.533333-23.04-1.706667-3.413333 1.706667-6.826667 4.266667-9.386667 5.973334-11.946667 6.826667-23.893333 14.506667-37.546666 18.773333-68.266667 23.04-140.8 45.226667-215.04 68.266667-14.506667 4.266667-16.213333 7.68-16.213334 7.68s-0.853333 3.413333 5.12 15.36c2.56 5.12 5.973333 11.093333 8.533334 16.213333 7.68 15.36 15.36 30.72 24.746666 44.373333 3.413333 5.973333 10.24 11.093333 16.213334 16.213334 3.413333 3.413333 7.68 5.973333 11.093333 9.386666l11.093333 10.24-11.093333 10.24c-3.413333 3.413333-0.853333 10.24 6.826667 20.48 11.093333 13.653333 21.333333 27.306667 31.573333 40.96l11.946667 15.36c21.333333 27.306667 31.573333 39.253333 58.88 19.626667l30.72-22.186667-8.533334 37.546667c-0.853333 3.413333-1.706667 6.826667-1.706666 8.533333-0.853333 5.12-1.706667 9.386667-3.413334 13.653334-5.12 11.946667-5.12 20.48 10.24 30.72 17.92 12.8 37.546667 28.16 54.613334 46.08 23.893333 25.6 41.813333 28.16 64.853333 10.24 4.266667-3.413333 9.386667-3.413333 12.8-3.413334h0.853333l15.36-1.706666z m84.48 87.04l-17.92-10.24c-4.266667-2.56-7.68-4.266667-11.946666-6.826667-10.24-5.973333-19.626667-11.093333-29.013334-17.92-9.386667-5.973333-11.093333-19.626667-11.093333-26.453333 0-5.973333 0.853333-11.946667 1.706667-17.066667 0.853333-6.826667 1.706667-13.653333 1.706666-19.626667 0-7.68-1.706667-11.946667-2.56-14.506666-2.56 0-6.826667 0-17.066666 2.56-6.826667 1.706667-13.653333 5.12-20.48 10.24-24.746667 18.773333-48.64 16.213333-70.826667-8.533334-9.386667-11.946667-23.04-21.333333-33.28-29.013333-16.213333-11.093333-20.48-25.6-12.8-44.373333 5.12-11.946667 9.386667-24.746667 11.946667-37.546667 0.853333-5.12 0-10.24-0.853334-11.946667-2.56-0.853333-6.826667-0.853333-10.24 0-6.826667 1.706667-13.653333 4.266667-21.333333 7.68-6.826667 2.56-14.506667 5.973333-22.186667 7.68-9.386667 2.56-23.893333 0-31.573333-7.68-12.8-13.653333-23.893333-28.16-36.693333-42.666666L196.266667 623.786667l-7.68-9.386667 7.68-9.386667c4.266667-5.12 8.533333-9.386667 11.946666-14.506666 9.386667-11.093333 17.92-21.333333 25.6-32.426667 1.706667-3.413333 3.413333-8.533333 3.413334-11.093333-2.56-0.853333-6.826667-0.853333-9.386667-1.706667-1.706667 0-4.266667-0.853333-5.973333-0.853333-1.706667 0.853333-2.56 0.853333-4.266667 1.706666-52.906667 13.653333-59.733333 10.24-83.626667-41.813333l-6.826666-15.36 16.213333-4.266667c11.093333-3.413333 22.186667-5.973333 33.28-9.386666 24.746667-6.826667 49.493333-12.8 73.386667-22.186667 34.986667-12.8 69.12-28.16 102.4-42.666667 8.533333-3.413333 16.213333-6.826667 24.746666-11.093333 7.68-3.413333 23.04-10.24 38.4 5.973333 51.2 52.053333 104.106667 104.106667 154.453334 155.306667l58.026666 58.026667c1.706667 1.706667 3.413333 4.266667 4.266667 5.973333 0.853333 0.853333 0.853333 1.706667 1.706667 2.56l5.12 7.68-4.266667 7.68c-42.666667 75.093333-71.68 154.453333-87.893333 243.2l-3.413334 19.626667zM503.466667 848.213333c5.973333 4.266667 12.8 7.68 19.626666 11.946667 17.066667-81.066667 43.52-154.453333 81.92-223.573333L550.4 580.266667c-50.346667-51.2-103.253333-103.253333-154.453333-155.306667l-1.706667-1.706667c-0.853333 0-2.56 0.853333-5.12 1.706667-8.533333 3.413333-16.213333 6.826667-24.746667 11.093333-34.133333 14.506667-69.12 29.866667-104.96 43.52-24.746667 9.386667-50.346667 16.213333-75.946666 22.186667-5.973333 1.706667-11.093333 3.413333-17.066667 4.266667 4.266667 8.533333 7.68 15.36 10.24 16.213333 3.413333 1.706667 17.066667-1.706667 32.426667-5.973333h0.853333c2.56-0.853333 7.68-3.413333 13.653333-1.706667 2.56 0.853333 5.12 0.853333 7.68 0.853333 10.24 1.706667 23.04 3.413333 29.013334 12.8 8.533333 12.8 2.56 34.133333-4.266667 44.373334-8.533333 12.8-17.92 23.893333-27.306667 34.986666-1.706667 1.706667-2.56 3.413333-4.266666 5.12 1.706667 2.56 3.413333 4.266667 5.12 6.826667 11.946667 14.506667 23.04 28.16 34.986666 40.96 0.853333 0 2.56 0.853333 3.413334 0.853333 5.973333-1.706667 11.946667-4.266667 18.773333-6.826666 7.68-3.413333 16.213333-6.826667 24.746667-8.533334 8.533333-2.56 28.16-3.413333 37.546666 6.826667 8.533333 9.386667 11.093333 25.6 8.533334 37.546667-2.56 15.36-7.68 29.866667-13.653334 43.52-2.56 6.826667-1.706667 6.826667 2.56 10.24 11.946667 8.533333 26.453333 19.626667 39.253334 33.28 13.653333 14.506667 21.333333 12.8 32.426666 4.266666 6.826667-5.12 17.066667-11.946667 29.866667-15.36 13.653333-3.413333 29.013333-6.826667 40.106667 0 9.386667 5.973333 14.506667 18.773333 15.36 38.4 0 8.533333-0.853333 17.066667-1.706667 24.746667-0.853333 5.12-1.706667 10.24-1.706667 14.506667 2.56 1.706667 3.413333 3.413333 3.413334 4.266666z m-28.16-57.173333zM265.386667 661.333333z\" fill=\"#333333\">\u003C/path>\u003C/symbol>\u003Csymbol id=\"iconClear-01\" viewBox=\"0 0 1024 1024\">\u003Cpath d=\"M653.653333 843.093333c-15.36 0-32.426667-3.413333-53.76-11.093333l-2.56-0.853333-474.453333-221.013334c-11.093333-3.413333-38.4-15.36-50.346667-43.52-5.973333-13.653333-10.24-35.84 4.266667-62.293333l1.706667-2.56 1.706666-2.56c2.56-3.413333 17.92-23.04 44.373334-30.72h0.853333c3.413333-0.853333 218.453333-60.586667 314.026667-189.44 17.066667-33.28 61.44-71.68 121.173333-48.64l97.28 36.693333L716.8 176.64c15.36-23.04 64-55.466667 134.826667-11.946667 4.266667 2.56 24.746667 16.213333 30.72 42.666667 2.56 11.946667 3.413333 30.72-10.24 50.346667l-46.933334 71.68 48.64 18.773333c40.96 10.24 76.8 43.52 69.973334 88.746667-0.853333 29.866667-13.653333 221.866667-230.4 383.146666-9.386667 9.386667-28.16 23.04-59.733334 23.04z m-24.746666-81.92c17.066667 5.973333 26.453333 5.973333 29.866666 5.12l0.853334-1.706666 5.12-3.413334c202.24-148.48 201.386667-324.266667 201.386666-325.973333v-5.973333c-2.56-2.56-9.386667-5.12-13.653333-5.973334l-5.12-1.706666L708.266667 367.786667l93.866666-142.506667c-11.946667-5.973333-19.626667-5.973333-23.04-4.266667L687.786667 360.106667l-154.453334-58.88c-4.266667-1.706667-16.213333-5.973333-26.453333 13.653333l-1.706667 3.413333-1.706666 2.56C401.92 460.8 194.56 527.36 152.746667 539.306667l476.16 221.866666zM779.093333 221.866667z\" fill=\"#333333\">\u003C/path>\u003Cpath d=\"M406.766933 396.834133l30.378667-70.545066 442.052267 190.344533-30.378667 70.545067zM307.2 666.453333c-13.653333 0-27.306667-7.68-34.133333-21.333333-9.386667-18.773333-1.706667-41.813333 17.066666-51.2l138.24-69.973333c18.773333-9.386667 41.813333-1.706667 51.2 17.066666 9.386667 18.773333 1.706667 41.813333-17.066666 51.2L324.266667 662.186667c-5.973333 2.56-11.093333 4.266667-17.066667 4.266666zM459.946667 749.226667c-13.653333 0-27.306667-7.68-34.133334-21.333334-9.386667-18.773333-1.706667-41.813333 17.066667-51.2l138.24-69.973333c18.773333-9.386667 41.813333-1.706667 51.2 17.066667 9.386667 18.773333 1.706667 41.813333-17.066667 51.2l-138.24 69.973333c-5.973333 3.413333-11.093333 4.266667-17.066666 4.266667zM776.533333 196.266667l-26.453333 22.186666s-39.253333 53.76-41.813333 57.173334c-2.56 3.413333-22.186667 47.786667-22.186667 47.786666v37.546667l47.786667 18.773333L837.12 221.866667 776.533333 196.266667z\" fill=\"#333333\">\u003C/path>\u003C/symbol>\u003Csymbol id=\"iconfail-02\" viewBox=\"0 0 1024 1024\">\u003Cpath d=\"M516.266667 58.026667C268.8 58.026667 68.266667 258.56 68.266667 506.026667s200.533333 448 448 448S964.266667 753.493333 964.266667 506.026667 763.733333 58.026667 516.266667 58.026667z m138.24 541.013333l43.52 44.373333c-14.506667 15.36-29.013333 30.72-44.373334 46.08-46.08-46.08-91.306667-92.16-137.386666-137.386666-45.226667 46.08-90.453333 92.16-136.533334 138.24-15.36-15.36-29.866667-29.866667-44.373333-45.226667l43.52-45.226667c30.72-31.573333 61.44-62.293333 92.16-93.866666-46.08-46.08-91.306667-92.16-136.533333-139.093334 14.506667-14.506667 29.013333-28.16 43.52-44.373333L516.266667 460.8c46.08-46.08 91.306667-92.16 137.386666-139.093333 14.506667 15.36 29.013333 29.866667 44.373334 43.52-45.226667 47.786667-91.306667 93.866667-136.533334 140.8 30.72 30.72 62.293333 61.44 93.013334 93.013333z\" fill=\"#C53709\">\u003C/path>\u003C/symbol>\u003Csymbol id=\"iconfan_green\" viewBox=\"0 0 1024 1024\">\u003Cpath d=\"M511.146667 956.586667c-244.906667 0-443.733333-198.826667-443.733334-445.44 0-246.613333 198.826667-445.44 443.733334-445.44s443.733333 198.826667 443.733333 445.44c0 246.613333-197.973333 445.44-443.733333 445.44z m0-855.04C345.6 101.546667 197.12 201.386667 133.12 354.133333c-62.293333 151.893333-28.16 328.533333 89.6 446.293334 116.053333 116.053333 292.693333 151.893333 446.293333 88.746666 153.6-64 252.586667-212.48 252.586667-378.026666-1.706667-226.133333-183.466667-409.6-410.453333-409.6z\" fill=\"#23C343\">\u003C/path>\u003Cpath d=\"M585.386667 515.413333c0 38.4-31.573333 68.266667-68.266667 68.266667-36.693333 0-68.266667-31.573333-68.266667-68.266667 0-36.693333 31.573333-68.266667 68.266667-68.266666 38.4-0.853333 69.973333 30.72 68.266667 68.266666z m-67.413334-44.373333c-17.92 0-33.28 11.093333-40.96 26.453333-6.826667 17.066667-3.413333 35.84 8.533334 49.493334 11.946667 11.946667 31.573333 17.066667 49.493333 10.24 17.066667-6.826667 28.16-23.893333 28.16-40.96 0-11.093333-4.266667-23.893333-13.653333-31.573334-8.533333-9.386667-19.626667-13.653333-31.573334-13.653333z\" fill=\"#23C343\">\u003C/path>\u003Cpath d=\"M810.666667 385.706667c-25.6-23.893333-40.96-31.573333-86.186667-46.08-35.84-11.946667-118.613333-13.653333-148.48 39.253333l-31.573333 54.613333c-4.266667 7.68-7.68 17.066667-8.533334 24.746667l50.346667 65.706667c25.6 3.413333 62.293333 4.266667 86.186667 18.773333 29.013333 18.773333 75.946667 68.266667 98.133333 81.92 36.693333 21.333333 73.386667-17.066667 86.186667-40.96 14.506667-27.306667 47.786667-122.026667-46.08-197.973333z\" fill=\"#23C343\">\u003C/path>\u003Cpath d=\"M576 576.853333c-3.413333-7.68-10.24-13.653333-17.066667-18.773333l-7.68 0.853333c8.533333-10.24 14.506667-23.893333 14.506667-39.253333 0-29.866667-21.333333-53.76-47.786667-53.76-17.066667 0-29.866667 8.533333-39.253333 22.186667l7.68-22.186667c-8.533333-23.893333-26.453333-56.32-25.6-83.626667 0.853333-33.28 21.333333-99.84 21.333333-126.293333 0-43.52-51.2-56.32-78.506666-53.76-31.573333 0.853333-128.853333 20.48-146.773334 139.093333-6.826667 33.28-6.826667 51.2 3.413334 97.28 6.826667 36.693333 51.2 111.786667 111.786666 111.786667l56.32-3.413333c8.533333 0 26.453333 0 34.986667-3.413334l10.24-29.866666c0 2.56-0.853333 4.266667-0.853333 6.826666 0 18.773333 8.533333 34.986667 21.333333 44.373334h-13.653333c-17.066667 20.48-39.253333 54.613333-61.44 65.706666-31.573333 17.066667-96.426667 32.426667-119.466667 46.08-36.693333 21.333333-21.333333 71.68-6.826667 94.72 17.066667 25.6 81.92 101.546667 193.706667 58.026667 33.28-11.093333 47.786667-21.333333 82.773333-51.2 28.16-23.893333 64-96.426667 40.106667-147.626667L576 576.853333z m-121.173333-66.56l2.56-7.68 3.413333-23.893333c3.413333 6.826667 5.973333 10.24 5.973333 10.24-1.706667 8.533333-5.12 15.36-11.946666 21.333333z m61.44 62.293334l-10.24 0.853333c0.853333-0.853333 3.413333-0.853333 4.266666-2.56 1.706667 1.706667 4.266667 1.706667 5.973334 1.706667z\" fill=\"#23C343\">\u003C/path>\u003C/symbol>\u003Csymbol id=\"icontemperature_green\" viewBox=\"0 0 1024 1024\">\u003Cpath d=\"M518.506667 64C561.813333 64 597.333333 100.309333 597.333333 144.576v475.648a170.666667 170.666667 0 1 1-170.666666 0V144.576C426.666667 100.309333 462.186667 64 505.493333 64h13.013334z\" fill=\"#C9CDD4\">\u003C/path>\u003Cpath d=\"M512 362.666667a42.666667 42.666667 0 0 1 42.666667 42.666666v288.789334a85.269333 85.269333 0 0 1 17.664 134.208A85.333333 85.333333 0 1 1 469.333333 694.144V405.333333a42.666667 42.666667 0 0 1 42.666667-42.666666z\" fill=\"#23C343\">\u003C/path>\u003C/symbol>\u003Csymbol id=\"iconfan_red\" viewBox=\"0 0 1024 1024\">\u003Cpath d=\"M506.88 965.973333c-249.173333 0-451.413333-202.24-451.413333-452.266666s202.24-452.266667 451.413333-452.266667 451.413333 202.24 451.413333 452.266667-201.386667 452.266667-451.413333 452.266666z m0-868.693333c-168.106667 0-319.146667 101.546667-384 256.853333C58.88 509.44 93.866667 688.64 213.333333 808.106667c118.613333 118.613333 297.813333 154.453333 453.973334 89.6s256.853333-215.893333 256.853333-384c-1.706667-229.546667-186.88-416.426667-417.28-416.426667z\" fill=\"#C53709\">\u003C/path>\u003Cpath d=\"M582.826667 517.973333c0 38.4-31.573333 69.12-69.12 69.12S443.733333 555.52 443.733333 517.973333s31.573333-69.12 69.12-69.12c39.253333-0.853333 70.826667 30.72 69.973334 69.12z m-69.12-45.226666c-17.92 0-34.133333 11.093333-41.813334 27.306666-6.826667 17.066667-3.413333 36.693333 9.386667 50.346667 12.8 12.8 31.573333 17.066667 50.346667 10.24 17.066667-6.826667 28.16-23.893333 28.16-41.813333 0-11.093333-4.266667-23.893333-13.653334-31.573334-8.533333-10.24-20.48-14.506667-32.426666-14.506666z\" fill=\"#C53709\">\u003C/path>\u003Cpath d=\"M811.52 386.56c-26.453333-23.893333-41.813333-31.573333-87.893333-46.933333-36.693333-12.8-120.32-13.653333-151.04 40.106666L541.013333 435.2c-4.266667 7.68-7.68 17.066667-9.386666 24.746667l51.2 67.413333c26.453333 3.413333 64 4.266667 87.893333 19.626667 29.866667 19.626667 77.653333 69.12 99.84 82.773333 37.546667 21.333333 75.093333-17.066667 87.893333-41.813333 14.506667-29.013333 48.64-124.586667-46.933333-201.386667z\" fill=\"#C53709\">\u003C/path>\u003Cpath d=\"M572.586667 580.266667c-3.413333-7.68-10.24-13.653333-17.066667-19.626667l-7.68 0.853333c9.386667-10.24 14.506667-23.893333 14.506667-40.106666 0-30.72-21.333333-54.613333-48.64-54.613334-17.066667 0-30.72 9.386667-40.106667 23.04l7.68-23.04c-9.386667-23.893333-27.306667-57.173333-26.453333-85.333333 0.853333-34.133333 21.333333-101.546667 21.333333-128.853333 0-44.373333-52.053333-57.173333-79.36-54.613334-31.573333 0.853333-130.56 20.48-149.333333 140.8-6.826667 34.133333-6.826667 52.053333 3.413333 98.986667 6.826667 37.546667 52.053333 113.493333 113.493333 113.493333l57.173334-3.413333c9.386667 0 27.306667 0 34.986666-3.413333l10.24-30.72c0 2.56-0.853333 4.266667-0.853333 6.826666 0 19.626667 9.386667 34.986667 21.333333 45.226667h-13.653333c-17.066667 20.48-40.106667 55.466667-62.293333 67.413333-31.573333 17.066667-98.133333 33.28-122.026667 46.933334-37.546667 21.333333-21.333333 72.533333-6.826667 96.426666 17.066667 26.453333 82.773333 103.253333 196.266667 58.88 34.133333-11.093333 48.64-21.333333 84.48-52.053333 28.16-23.893333 64.853333-98.133333 40.96-150.186667L572.586667 580.266667z m-122.88-67.413334l2.56-7.68 3.413333-23.893333c3.413333 6.826667 5.973333 10.24 5.973333 10.24-1.706667 8.533333-5.12 15.36-11.946666 21.333333z m62.293333 63.146667l-10.24 0.853333c0.853333-0.853333 3.413333-0.853333 4.266667-2.56 1.706667 1.706667 4.266667 1.706667 5.973333 1.706667z\" fill=\"#C53709\">\u003C/path>\u003C/symbol>\u003Csymbol id=\"iconpause-01\" viewBox=\"0 0 1024 1024\">\u003Cpath d=\"M513.706667 60.586667C267.093333 60.586667 65.706667 260.266667 65.706667 507.733333S267.093333 955.733333 512.853333 955.733333c246.613333 0 447.146667-200.533333 447.146667-447.146666S759.466667 60.586667 513.706667 60.586667zM480.426667 725.333333h-71.68V290.986667h71.68V725.333333z m137.386666 0H546.133333V290.986667h71.68V725.333333z\" fill=\"#C2C2C2\">\u003C/path>\u003C/symbol>\u003Csymbol id=\"iconPhotos-Expandl\" viewBox=\"0 0 1024 1024\">\u003Cpath d=\"M917.333333 768a21.333333 21.333333 0 0 1 21.333334 21.333333v42.666667a21.333333 21.333333 0 0 1-21.333334 21.333333h-810.666666a21.333333 21.333333 0 0 1-21.333334-21.333333v-42.666667a21.333333 21.333333 0 0 1 21.333334-21.333333h810.666666zM132.053333 377.6c4.608 0 9.130667 1.28 13.098667 3.669333l181.077333 109.184a25.386667 25.386667 0 0 1 0 43.434667l-181.077333 109.184a25.386667 25.386667 0 0 1-38.485333-21.76V402.986667c0-14.037333 11.349333-25.386667 25.386666-25.386667zM917.333333 469.333333a21.333333 21.333333 0 0 1 21.333334 21.333334v42.666666a21.333333 21.333333 0 0 1-21.333334 21.333334h-426.666666a21.333333 21.333333 0 0 1-21.333334-21.333334v-42.666666a21.333333 21.333333 0 0 1 21.333334-21.333334h426.666666z m0-298.666666a21.333333 21.333333 0 0 1 21.333334 21.333333v42.666667a21.333333 21.333333 0 0 1-21.333334 21.333333h-810.666666a21.333333 21.333333 0 0 1-21.333334-21.333333v-42.666667a21.333333 21.333333 0 0 1 21.333334-21.333333h810.666666z\" fill=\"#1D2129\">\u003C/path>\u003C/symbol>\u003Csymbol id=\"iconPhotos-Close\" viewBox=\"0 0 1024 1024\">\u003Cpath d=\"M917.333333 768a21.333333 21.333333 0 0 1 21.333334 21.333333v42.666667a21.333333 21.333333 0 0 1-21.333334 21.333333h-810.666666a21.333333 21.333333 0 0 1-21.333334-21.333333v-42.666667a21.333333 21.333333 0 0 1 21.333334-21.333333h810.666666zM294.613333 374.912a25.386667 25.386667 0 0 1 25.258667 22.784l0.128 2.602667v218.325333a25.386667 25.386667 0 0 1-36.053333 23.04l-2.432-1.28-181.077334-109.184a25.344 25.344 0 0 1-2.304-41.898667l2.304-1.578666 181.077334-109.141334a25.301333 25.301333 0 0 1 13.098666-3.626666zM917.333333 469.333333a21.333333 21.333333 0 0 1 21.333334 21.333334v42.666666a21.333333 21.333333 0 0 1-21.333334 21.333334h-426.666666a21.333333 21.333333 0 0 1-21.333334-21.333334v-42.666666a21.333333 21.333333 0 0 1 21.333334-21.333334h426.666666z m0-298.666666a21.333333 21.333333 0 0 1 21.333334 21.333333v42.666667a21.333333 21.333333 0 0 1-21.333334 21.333333h-810.666666a21.333333 21.333333 0 0 1-21.333334-21.333333v-42.666667a21.333333 21.333333 0 0 1 21.333334-21.333333h810.666666z\" fill=\"#1D2129\">\u003C/path>\u003C/symbol>\u003Csymbol id=\"iconactivated-01\" viewBox=\"0 0 1024 1024\">\u003Cpath d=\"M516.266667 60.586667C268.8 60.586667 68.266667 261.12 68.266667 508.586667s200.533333 448 448 448S964.266667 756.053333 964.266667 508.586667 763.733333 60.586667 516.266667 60.586667z m-33.28 653.653333c-63.146667-44.373333-123.733333-88.746667-187.733334-133.973333 12.8-17.066667 23.893333-34.133333 35.84-51.2 44.373333 32.426667 90.453333 64 134.826667 96.426666C539.306667 517.12 612.693333 409.6 686.08 302.08c17.066667 12.8 34.133333 23.893333 51.2 34.986667-83.626667 127.146667-168.106667 250.88-254.293333 377.173333z\" fill=\"#1EB300\">\u003C/path>\u003C/symbol>\u003Csymbol id=\"iconongoing-01\" viewBox=\"0 0 1024 1024\">\u003Cpath d=\"M517.12 59.733333C269.653333 59.733333 69.12 260.266667 69.12 507.733333S269.653333 955.733333 517.12 955.733333s448-200.533333 448-448S764.586667 59.733333 517.12 59.733333zM318.293333 557.226667c-27.306667 0-49.493333-22.186667-49.493333-49.493334s22.186667-49.493333 49.493333-49.493333 49.493333 22.186667 49.493334 49.493333-22.186667 49.493333-49.493334 49.493334z m198.826667 0c-27.306667 0-49.493333-22.186667-49.493333-49.493334s22.186667-49.493333 49.493333-49.493333 49.493333 22.186667 49.493333 49.493333-22.186667 49.493333-49.493333 49.493334z m198.826667 0c-27.306667 0-49.493333-22.186667-49.493334-49.493334s22.186667-49.493333 49.493334-49.493333 49.493333 22.186667 49.493333 49.493333-22.186667 49.493333-49.493333 49.493334z\" fill=\"#0086E6\">\u003C/path>\u003C/symbol>\u003Csymbol id=\"iconfail-01\" viewBox=\"0 0 1024 1024\">\u003Cpath d=\"M510.293333 61.44c-247.466667 0-448 200.533333-448 448s200.533333 448 448 448 448-200.533333 448-448S757.76 61.44 510.293333 61.44z m14.506667 208.213333c19.626667 6.826667 33.28 27.306667 33.28 45.226667-5.12 77.653333-10.24 148.48-15.36 220.16l-3.413333 49.493333c-0.853333 17.92-13.653333 29.866667-29.866667 29.013334-15.36 0-27.306667-12.8-29.013333-29.013334-5.973333-85.333333-12.8-169.813333-18.773334-256.853333-2.56-40.106667 27.306667-68.266667 63.146667-58.026667z m-14.506667 482.133334c-27.306667 0-49.493333-22.186667-49.493333-49.493334s22.186667-49.493333 49.493333-49.493333 49.493333 22.186667 49.493334 49.493333-22.186667 49.493333-49.493334 49.493334z\" fill=\"#C53709\">\u003C/path>\u003C/symbol>\u003Csymbol id=\"iconNot_Enabled-01\" viewBox=\"0 0 1024 1024\">\u003Cpath d=\"M514.56 59.733333C267.093333 59.733333 66.56 260.266667 66.56 507.733333S267.093333 955.733333 514.56 955.733333s448-200.533333 448-448S762.026667 59.733333 514.56 59.733333zM296.96 546.986667v-76.8l434.346667-0.853334v76.8l-434.346667 0.853334z\" fill=\"#333333\">\u003C/path>\u003C/symbol>\u003Csymbol id=\"iconwarning-01\" viewBox=\"0 0 1024 1024\">\u003Cpath d=\"M511.146667 58.88c-247.466667 0-448 200.533333-448 448s200.533333 448 448 448 448-200.533333 448-448S758.613333 58.88 511.146667 58.88z m-38.4 230.4c0-21.333333 17.066667-38.4 38.4-38.4s38.4 17.066667 38.4 38.4v293.546667c0 21.333333-17.92 38.4-38.4 38.4-21.333333 0-38.4-17.066667-38.4-38.4V289.28z m38.4 472.746667c-27.306667 0-49.493333-22.186667-49.493334-49.493334s22.186667-49.493333 49.493334-49.493333 49.493333 22.186667 49.493333 49.493333-22.186667 49.493333-49.493333 49.493334z\" fill=\"#F8AA01\">\u003C/path>\u003C/symbol>\u003Csymbol id=\"iconcheck_the_details1\" viewBox=\"0 0 1024 1024\">\u003Cpath d=\"M785.493333 85.333333a38.613333 38.613333 0 0 1 38.698667 38.826667v349.013333h-77.397333V162.944H205.397333v698.197333h232.064V938.666667H166.656A38.613333 38.613333 0 0 1 128 899.84V124.16A38.826667 38.826667 0 0 1 166.656 85.333333H785.493333z m-96.682666 484.864a154.368 154.368 0 0 1 132.010666 74.154667 155.477333 155.477333 0 0 1 5.76 151.594667l63.744 63.957333a19.413333 19.413333 0 0 1 0 27.392l-32.810666 32.938667a19.328 19.328 0 0 1-27.306667 0l-61.738667-61.866667a154.410667 154.410667 0 0 1-194.816-29.482667 155.306667 155.306667 0 0 1-36.693333-132.821333 155.392 155.392 0 0 1 83.157333-109.738667 154.410667 154.410667 0 0 1 68.693334-16.128z m0 77.568c-20.48 0-40.192 8.149333-54.698667 22.698667a77.653333 77.653333 0 0 0 54.698667 132.437333c20.48 0 40.192-8.149333 54.698666-22.698666a77.653333 77.653333 0 0 0-54.698666-132.437334z m-193.365334-174.549333a19.328 19.328 0 0 1 19.328 19.413333v38.784a19.413333 19.413333 0 0 1-19.328 19.370667H302.037333a19.328 19.328 0 0 1-19.328-19.413333v-38.784a19.413333 19.413333 0 0 1 19.328-19.370667h193.408z m154.709334-155.136a19.328 19.328 0 0 1 19.328 19.370667v38.826666a19.413333 19.413333 0 0 1-19.328 19.370667H302.037333a19.328 19.328 0 0 1-19.328-19.413333V337.493333a19.413333 19.413333 0 0 1 19.328-19.370666h348.117334z\" fill=\"#1D2129\">\u003C/path>\u003C/symbol>\u003Csymbol id=\"iconresize_corner\" viewBox=\"0 0 1024 1024\">\u003Cpath d=\"M138.24 1006.933333L1006.933333 145.92V37.546667L29.013333 1006.933333zM553.813333 1006.933333L1006.933333 553.813333V445.44L444.586667 1006.933333z\" fill=\"#333333\">\u003C/path>\u003C/symbol>\u003Csymbol id=\"iconmore_help_blue\" viewBox=\"0 0 1024 1024\">\u003Cpath d=\"M512 85.333333c235.648 0 426.666667 191.018667 426.666667 426.666667s-191.018667 426.666667-426.666667 426.666667S85.333333 747.648 85.333333 512 276.352 85.333333 512 85.333333z m0 77.568a349.098667 349.098667 0 1 0 0 698.197334 349.098667 349.098667 0 0 0 0-698.197334z m19.370667 504.234667a19.413333 19.413333 0 0 1 19.413333 19.413333V725.333333a19.413333 19.413333 0 0 1-19.413333 19.370667h-38.784a19.370667 19.370667 0 0 1-19.370667-19.370667v-38.826666a19.413333 19.413333 0 0 1 19.413333-19.370667h38.784z m-24.874667-387.84c46.08 0 84.394667 11.136 114.901333 33.450667 30.506667 22.4 45.738667 55.466667 45.738667 99.285333 0 26.88-6.613333 49.493333-19.882667 67.925333-7.765333 11.136-22.613333 25.386667-44.672 42.794667l-21.717333 17.066667c-11.818667 9.301333-19.712 20.181333-23.594667 32.554666-1.024 3.413333-1.962667 9.685333-2.773333 18.901334a19.413333 19.413333 0 0 1-19.285333 17.706666h-43.477334a19.413333 19.413333 0 0 1-19.370666-19.413333v-0.853333l0.085333-0.938667c2.517333-26.965333 5.162667-44.074667 8.021333-51.2 5.333333-13.354667 18.986667-28.714667 41.002667-46.08l22.357333-17.706667c7.338667-5.546667 45.184-32.213333 45.184-55.808s-4.096-32.298667-15.957333-45.226666c-11.818667-12.928-38.528-17.109333-62.592-17.109334-23.68 0-43.904 6.272-53.76 22.186667a112.341333 112.341333 0 0 0-11.050667 23.296c-1.28 3.84-2.176 7.850667-2.816 11.904a19.370667 19.370667 0 0 1-19.114666 16.085333H378.026667a19.370667 19.370667 0 0 1-19.413334-19.370666v-1.066667l0.128-1.109333c0.469333-4.352 0.981333-7.978667 1.536-10.837334 7.552-42.112 26.666667-73.045333 57.429334-92.885333 24.064-15.701333 53.674667-23.594667 88.746666-23.594667z\" fill=\"#3491FA\">\u003C/path>\u003C/symbol>\u003Csymbol id=\"iconInstruction\" viewBox=\"0 0 1024 1024\">\u003Cpath d=\"M899.84 128c10.325333 0 20.181333 4.053333 27.477333 11.264 7.253333 7.168 11.349333 16.938667 11.349334 27.136v691.2a38.186667 38.186667 0 0 1-11.349334 27.136 38.997333 38.997333 0 0 1-27.434666 11.264H124.117333a38.997333 38.997333 0 0 1-27.434666-11.264A38.186667 38.186667 0 0 1 85.333333 857.6V166.4c0-10.197333 4.096-19.968 11.349334-27.136A38.997333 38.997333 0 0 1 124.16 128h775.765333z m-38.741333 76.8H162.901333v614.4h698.197334V204.8z m-336.213334 96.213333l34.432 3.754667a19.498667 19.498667 0 0 1 16.512 13.738667 19.029333 19.029333 0 0 1 0.64 7.466666l-0.085333 0.512-49.834667 360.832a19.157333 19.157333 0 0 1-7.253333 12.544 19.541333 19.541333 0 0 1-14.08 3.925334l-34.432-3.797334a19.541333 19.541333 0 0 1-16.554667-14.08 19.029333 19.029333 0 0 1-0.512-7.594666l49.834667-360.832a19.541333 19.541333 0 0 1 21.333333-16.512zM378.026667 395.989333l24.32 22.357334a19.2 19.2 0 0 1 4.821333 21.077333 19.2 19.2 0 0 1-4.138667 6.4l-66.944 67.754667 66.944 67.712a19.114667 19.114667 0 0 1-0.341333 27.178666l-0.341333 0.341334-24.32 22.357333a19.541333 19.541333 0 0 1-26.965334-0.554667l-103.893333-103.509333a19.114667 19.114667 0 0 1 0-27.093333l103.893333-103.466667a19.498667 19.498667 0 0 1 26.965334-0.554667z m294.997333 0.554667l103.893333 103.466667a19.114667 19.114667 0 0 1 0 27.093333l-103.893333 103.509333a19.498667 19.498667 0 0 1-26.965333 0.554667l-24.32-22.357333a19.2 19.2 0 0 1-0.64-27.52l66.901333-67.712-66.901333-67.754667a19.157333 19.157333 0 0 1 0.64-27.477333l24.32-22.357334a19.498667 19.498667 0 0 1 26.965333 0.554667z\" fill=\"#1D2129\">\u003C/path>\u003C/symbol>\u003Csymbol id=\"iconCombination_of_characters\" viewBox=\"0 0 1024 1024\">\u003Cpath d=\"M320 277.333333a128.042667 128.042667 0 0 1 256 0 128.042667 128.042667 0 0 1-256 0z m128-213.333333a213.333333 213.333333 0 1 0 0.085333 426.752A213.333333 213.333333 0 0 0 448 64zM176 768c18.986667-73.6 85.76-128 165.333333-128h171.733334a21.333333 21.333333 0 0 0 21.333333-21.333333v-42.666667a21.333333 21.333333 0 0 0-21.333333-21.333333H341.333333a256 256 0 0 0-256 256v85.333333c0 23.552 19.2 42.666667 42.666667 42.666667h385.066667a21.333333 21.333333 0 0 0 21.333333-21.333334v-42.666666a21.333333 21.333333 0 0 0-21.333333-21.333334H170.666667v-42.666666c0-14.762667 1.92-29.013333 5.333333-42.666667zM789.333333 597.333333h-42.666666a21.333333 21.333333 0 0 0-21.333334 21.333334V725.333333h-106.666666a21.333333 21.333333 0 0 0-21.333334 21.333334v42.666666a21.333333 21.333333 0 0 0 21.333334 21.333334H725.333333v106.666666a21.333333 21.333333 0 0 0 21.333334 21.333334h42.666666a21.333333 21.333333 0 0 0 21.333334-21.333334V810.666667h106.666666a21.333333 21.333333 0 0 0 21.333334-21.333334v-42.666666a21.333333 21.333333 0 0 0-21.333334-21.333334H810.666667v-106.666666a21.333333 21.333333 0 0 0-21.333334-21.333334z\" fill=\"#1D2129\">\u003C/path>\u003C/symbol>\u003Csymbol id=\"iconPrevious2\" viewBox=\"0 0 1024 1024\">\u003Cpath d=\"M36.693333 190.293333h153.6v651.946667h-153.6zM517.973333 536.746667l432.64 319.146666c17.066667 12.8 40.96 0 40.96-20.48V197.12c0-21.333333-23.893333-33.28-40.96-20.48L517.973333 495.786667c-14.506667 10.24-14.506667 30.72 0 40.96z\" fill=\"#6B7580\">\u003C/path>\u003Cpath d=\"M572.586667 142.506667L189.44 425.813333V605.866667l383.146667 283.306666c17.066667 12.8 41.813333 0 41.813333-21.333333V163.84c0-21.333333-23.893333-33.28-41.813333-21.333333z\" fill=\"#6B7580\">\u003C/path>\u003C/symbol>\u003Csymbol id=\"iconForward2\" viewBox=\"0 0 1024 1024\">\u003Cpath d=\"M56.32 536.746667l477.013333 352.426666c17.066667 12.8 41.813333 0 41.813334-21.333333V163.84c0-21.333333-23.893333-33.28-41.813334-21.333333L56.32 494.933333c-14.506667 11.093333-14.506667 31.573333 0 41.813334z\" fill=\"#6B7580\">\u003C/path>\u003Cpath d=\"M478.72 536.746667l432.64 319.146666c17.066667 12.8 40.96 0 40.96-20.48V197.12c0-21.333333-23.893333-33.28-40.96-20.48L478.72 495.786667c-14.506667 10.24-14.506667 30.72 0 40.96z\" fill=\"#6B7580\">\u003C/path>\u003C/symbol>\u003Csymbol id=\"iconPause2\" viewBox=\"0 0 1024 1024\">\u003Cpath d=\"M284.16 190.293333h153.6v651.946667h-153.6zM574.293333 190.293333h153.6v651.946667h-153.6z\" fill=\"#6B7580\">\u003C/path>\u003C/symbol>\u003Csymbol id=\"iconNext2\" viewBox=\"0 0 1024 1024\">\u003Cpath d=\"M837.12 190.293333h153.6v651.946667h-153.6z\" fill=\"#6B7580\">\u003C/path>\u003Cpath d=\"M932.693333 536.746667l-477.013333 352.426666c-17.066667 12.8-41.813333 0-41.813333-21.333333V163.84c0-21.333333 23.893333-33.28 41.813333-21.333333L932.693333 494.933333c13.653333 11.093333 13.653333 31.573333 0 41.813334z\" fill=\"#6B7580\">\u003C/path>\u003Cpath d=\"M510.293333 536.746667L77.653333 855.893333c-17.066667 12.8-40.96 0-40.96-20.48V197.12c0-21.333333 23.893333-33.28 40.96-20.48l432.64 319.146667a25.6 25.6 0 0 1 0 40.96z\" fill=\"#6B7580\">\u003C/path>\u003C/symbol>\u003Csymbol id=\"iconReverse2\" viewBox=\"0 0 1024 1024\">\u003Cpath d=\"M966.826667 536.746667l-477.013334 352.426666c-17.066667 12.8-41.813333 0-41.813333-21.333333V163.84c0-21.333333 23.893333-33.28 41.813333-21.333333L966.826667 494.933333c13.653333 11.093333 13.653333 31.573333 0 41.813334z\" fill=\"#6B7580\">\u003C/path>\u003Cpath d=\"M544.426667 536.746667l-432.64 319.146666c-17.066667 12.8-40.96 0-40.96-20.48V197.12c0-21.333333 23.893333-33.28 40.96-20.48l432.64 319.146667a25.6 25.6 0 0 1 0 40.96z\" fill=\"#6B7580\">\u003C/path>\u003C/symbol>\u003Csymbol id=\"iconPlay2\" viewBox=\"0 0 1024 1024\">\u003Cpath d=\"M229.546667 532.48l477.013333 352.426667c17.066667 12.8 41.813333 0 41.813333-21.333334V159.573333c0-21.333333-23.893333-33.28-41.813333-21.333333L229.546667 490.666667c-13.653333 10.24-13.653333 31.573333 0 41.813333z\" fill=\"#6B7580\">\u003C/path>\u003C/symbol>\u003Csymbol id=\"iconicon_wifi4_enabled\" viewBox=\"0 0 1024 1024\">\u003Cpath d=\"M514.497561 510.75122m-485.77561 0a485.77561 485.77561 0 1 0 971.55122 0 485.77561 485.77561 0 1 0-971.55122 0Z\" fill=\"#FFFFFF\">\u003C/path>\u003Cpath d=\"M516.995122 821.697561c-4.995122 0-14.985366-8.741463-32.468293-24.97561-17.482927-17.482927-24.97561-28.721951-24.975609-32.468292 0-7.492683 7.492683-13.736585 22.478048-18.731708 14.985366-4.995122 26.22439-7.492683 36.214634-7.492683s22.478049 2.497561 36.214635 7.492683 22.478049 12.487805 22.478048 18.731708c0 4.995122-8.741463 14.985366-24.975609 32.468292-18.731707 16.234146-29.970732 24.97561-34.965854 24.97561zM608.156098 715.55122c-1.24878 0-4.995122-2.497561-13.736586-8.741464-8.741463-4.995122-21.229268-12.487805-36.214634-17.482927-14.985366-4.995122-29.970732-8.741463-44.956098-8.741463-14.985366 0-29.970732 2.497561-44.956097 8.741463-14.985366 4.995122-26.22439 12.487805-36.214634 17.482927-8.741463 4.995122-13.736585 8.741463-14.985366 8.741464-4.995122 0-14.985366-8.741463-32.468293-26.224391-17.482927-17.482927-26.22439-28.721951-26.22439-32.468292 0-2.497561 1.24878-4.995122 3.746341-8.741464 18.731707-18.731707 41.209756-32.468293 68.682927-42.458536 27.473171-9.990244 54.946341-14.985366 82.419512-14.985366 27.473171 0 53.697561 4.995122 82.419513 14.985366 27.473171 9.990244 49.95122 24.97561 68.682927 42.458536 2.497561 2.497561 3.746341 4.995122 3.746341 8.741464 0 4.995122-8.741463 14.985366-26.22439 32.468292-18.731707 16.234146-29.970732 26.22439-33.717073 26.224391z\" fill=\"#0567FF\">\u003C/path>\u003Cpath d=\"M708.058537 596.917073c-2.497561 0-4.995122-1.24878-8.741464-2.497561-32.468293-24.97561-61.190244-42.458537-88.663414-54.946341-27.473171-12.487805-58.692683-17.482927-93.658537-17.482927-19.980488 0-39.960976 2.497561-59.941463 7.492683-19.980488 4.995122-37.463415 11.239024-52.448781 18.731707s-28.721951 14.985366-39.960976 22.478049-19.980488 12.487805-27.47317 16.234146c-6.243902 4.995122-9.990244 7.492683-11.239025 7.492683-3.746341 0-14.985366-8.741463-32.468292-26.22439-17.482927-17.482927-26.22439-28.721951-26.224391-32.468293 0-2.497561 1.24878-4.995122 3.746342-7.492683 31.219512-31.219512 68.682927-54.946341 112.390244-72.429268 43.707317-17.482927 88.663415-24.97561 133.619512-24.97561s89.912195 8.741463 133.619512 24.97561c43.707317 17.482927 81.170732 41.209756 112.390244 72.429268 2.497561 2.497561 3.746341 4.995122 3.746342 7.492683 0 4.995122-8.741463 14.985366-26.224391 32.468293-17.482927 18.731707-28.721951 28.721951-32.468292 28.721951z\" fill=\"#0567FF\">\u003C/path>\u003Cpath d=\"M799.219512 478.282927c-2.497561 0-4.995122-1.24878-7.492683-2.497561-42.458537-36.214634-86.165854-64.936585-131.121951-83.668293-44.956098-18.731707-93.658537-28.721951-147.356098-28.721951s-103.64878 8.741463-147.356097 28.721951c-44.956098 18.731707-88.663415 46.204878-131.121951 83.668293-2.497561 1.24878-4.995122 2.497561-7.492683 2.497561-3.746341 0-14.985366-8.741463-32.468293-26.22439-18.731707-17.482927-26.22439-28.721951-26.22439-32.468293 0-2.497561 1.24878-4.995122 3.746341-8.741464 42.458537-43.707317 94.907317-77.42439 156.097561-101.151219S449.560976 274.731707 513.24878 274.731707s124.878049 12.487805 184.819513 36.214634c59.941463 23.726829 112.390244 57.443902 156.097561 101.15122 2.497561 2.497561 3.746341 4.995122 3.746341 8.741463 0 4.995122-8.741463 14.985366-26.22439 32.468293-18.731707 16.234146-28.721951 24.97561-32.468293 24.97561z\" fill=\"#0567FF\">\u003C/path>\u003C/symbol>\u003Csymbol id=\"iconicon_wifi0_enabled\" viewBox=\"0 0 1024 1024\">\u003Cpath d=\"M514.497561 510.75122m-485.77561 0a485.77561 485.77561 0 1 0 971.55122 0 485.77561 485.77561 0 1 0-971.55122 0Z\" fill=\"#FFFFFF\">\u003C/path>\u003Cpath d=\"M516.995122 821.697561c-4.995122 0-14.985366-8.741463-32.468293-24.97561-17.482927-17.482927-24.97561-28.721951-24.975609-32.468292 0-7.492683 7.492683-13.736585 22.478048-18.731708 14.985366-4.995122 26.22439-7.492683 36.214634-7.492683s22.478049 2.497561 36.214635 7.492683 22.478049 12.487805 22.478048 18.731708c0 4.995122-8.741463 14.985366-24.975609 32.468292-18.731707 16.234146-29.970732 24.97561-34.965854 24.97561z\" fill=\"#0567FF\">\u003C/path>\u003Cpath d=\"M608.156098 715.55122c-1.24878 0-4.995122-2.497561-13.736586-8.741464-8.741463-4.995122-21.229268-12.487805-36.214634-17.482927-14.985366-4.995122-29.970732-8.741463-44.956098-8.741463-14.985366 0-29.970732 2.497561-44.956097 8.741463-14.985366 4.995122-26.22439 12.487805-36.214634 17.482927-8.741463 4.995122-13.736585 8.741463-14.985366 8.741464-4.995122 0-14.985366-8.741463-32.468293-26.224391-17.482927-17.482927-26.22439-28.721951-26.22439-32.468292 0-2.497561 1.24878-4.995122 3.746341-8.741464 18.731707-18.731707 41.209756-32.468293 68.682927-42.458536 27.473171-9.990244 54.946341-14.985366 82.419512-14.985366 27.473171 0 53.697561 4.995122 82.419513 14.985366 27.473171 9.990244 49.95122 24.97561 68.682927 42.458536 2.497561 2.497561 3.746341 4.995122 3.746341 8.741464 0 4.995122-8.741463 14.985366-26.22439 32.468292-18.731707 16.234146-29.970732 26.22439-33.717073 26.224391z\" fill=\"#CCCCCC\">\u003C/path>\u003Cpath d=\"M708.058537 596.917073c-2.497561 0-4.995122-1.24878-8.741464-2.497561-32.468293-24.97561-61.190244-42.458537-88.663414-54.946341-27.473171-12.487805-58.692683-17.482927-93.658537-17.482927-19.980488 0-39.960976 2.497561-59.941463 7.492683-19.980488 4.995122-37.463415 11.239024-52.448781 18.731707s-28.721951 14.985366-39.960976 22.478049-19.980488 12.487805-27.47317 16.234146c-6.243902 4.995122-9.990244 7.492683-11.239025 7.492683-3.746341 0-14.985366-8.741463-32.468292-26.22439-17.482927-17.482927-26.22439-28.721951-26.224391-32.468293 0-2.497561 1.24878-4.995122 3.746342-7.492683 31.219512-31.219512 68.682927-54.946341 112.390244-72.429268 43.707317-17.482927 88.663415-24.97561 133.619512-24.97561s89.912195 8.741463 133.619512 24.97561c43.707317 17.482927 81.170732 41.209756 112.390244 72.429268 2.497561 2.497561 3.746341 4.995122 3.746342 7.492683 0 4.995122-8.741463 14.985366-26.224391 32.468293-17.482927 18.731707-28.721951 28.721951-32.468292 28.721951z\" fill=\"#CCCCCC\">\u003C/path>\u003Cpath d=\"M799.219512 478.282927c-2.497561 0-4.995122-1.24878-7.492683-2.497561-42.458537-36.214634-86.165854-64.936585-131.121951-83.668293-44.956098-18.731707-93.658537-28.721951-147.356098-28.721951s-103.64878 8.741463-147.356097 28.721951c-44.956098 18.731707-88.663415 46.204878-131.121951 83.668293-2.497561 1.24878-4.995122 2.497561-7.492683 2.497561-3.746341 0-14.985366-8.741463-32.468293-26.22439-18.731707-17.482927-26.22439-28.721951-26.22439-32.468293 0-2.497561 1.24878-4.995122 3.746341-8.741464 42.458537-43.707317 94.907317-77.42439 156.097561-101.151219S449.560976 274.731707 513.24878 274.731707s124.878049 12.487805 184.819513 36.214634c59.941463 23.726829 112.390244 57.443902 156.097561 101.15122 2.497561 2.497561 3.746341 4.995122 3.746341 8.741463 0 4.995122-8.741463 14.985366-26.22439 32.468293-18.731707 16.234146-28.721951 24.97561-32.468293 24.97561z\" fill=\"#CCCCCC\">\u003C/path>\u003C/symbol>\u003Csymbol id=\"iconicon_wifi2_enabled\" viewBox=\"0 0 1024 1024\">\u003Cpath d=\"M514.497561 510.75122m-485.77561 0a485.77561 485.77561 0 1 0 971.55122 0 485.77561 485.77561 0 1 0-971.55122 0Z\" fill=\"#FFFFFF\">\u003C/path>\u003Cpath d=\"M516.995122 821.697561c-4.995122 0-14.985366-8.741463-32.468293-24.97561-17.482927-17.482927-24.97561-28.721951-24.975609-32.468292 0-7.492683 7.492683-13.736585 22.478048-18.731708 14.985366-4.995122 26.22439-7.492683 36.214634-7.492683s22.478049 2.497561 36.214635 7.492683 22.478049 12.487805 22.478048 18.731708c0 4.995122-8.741463 14.985366-24.975609 32.468292-18.731707 16.234146-29.970732 24.97561-34.965854 24.97561zM608.156098 715.55122c-1.24878 0-4.995122-2.497561-13.736586-8.741464-8.741463-4.995122-21.229268-12.487805-36.214634-17.482927-14.985366-4.995122-29.970732-8.741463-44.956098-8.741463-14.985366 0-29.970732 2.497561-44.956097 8.741463-14.985366 4.995122-26.22439 12.487805-36.214634 17.482927-8.741463 4.995122-13.736585 8.741463-14.985366 8.741464-4.995122 0-14.985366-8.741463-32.468293-26.224391-17.482927-17.482927-26.22439-28.721951-26.22439-32.468292 0-2.497561 1.24878-4.995122 3.746341-8.741464 18.731707-18.731707 41.209756-32.468293 68.682927-42.458536 27.473171-9.990244 54.946341-14.985366 82.419512-14.985366 27.473171 0 53.697561 4.995122 82.419513 14.985366 27.473171 9.990244 49.95122 24.97561 68.682927 42.458536 2.497561 2.497561 3.746341 4.995122 3.746341 8.741464 0 4.995122-8.741463 14.985366-26.22439 32.468292-18.731707 16.234146-29.970732 26.22439-33.717073 26.224391z\" fill=\"#0567FF\">\u003C/path>\u003Cpath d=\"M708.058537 596.917073c-2.497561 0-4.995122-1.24878-8.741464-2.497561-32.468293-24.97561-61.190244-42.458537-88.663414-54.946341-27.473171-12.487805-58.692683-17.482927-93.658537-17.482927-19.980488 0-39.960976 2.497561-59.941463 7.492683-19.980488 4.995122-37.463415 11.239024-52.448781 18.731707s-28.721951 14.985366-39.960976 22.478049-19.980488 12.487805-27.47317 16.234146c-6.243902 4.995122-9.990244 7.492683-11.239025 7.492683-3.746341 0-14.985366-8.741463-32.468292-26.22439-17.482927-17.482927-26.22439-28.721951-26.224391-32.468293 0-2.497561 1.24878-4.995122 3.746342-7.492683 31.219512-31.219512 68.682927-54.946341 112.390244-72.429268 43.707317-17.482927 88.663415-24.97561 133.619512-24.97561s89.912195 8.741463 133.619512 24.97561c43.707317 17.482927 81.170732 41.209756 112.390244 72.429268 2.497561 2.497561 3.746341 4.995122 3.746342 7.492683 0 4.995122-8.741463 14.985366-26.224391 32.468293-17.482927 18.731707-28.721951 28.721951-32.468292 28.721951z\" fill=\"#0567FF\">\u003C/path>\u003Cpath d=\"M799.219512 478.282927c-2.497561 0-4.995122-1.24878-7.492683-2.497561-42.458537-36.214634-86.165854-64.936585-131.121951-83.668293-44.956098-18.731707-93.658537-28.721951-147.356098-28.721951s-103.64878 8.741463-147.356097 28.721951c-44.956098 18.731707-88.663415 46.204878-131.121951 83.668293-2.497561 1.24878-4.995122 2.497561-7.492683 2.497561-3.746341 0-14.985366-8.741463-32.468293-26.22439-18.731707-17.482927-26.22439-28.721951-26.22439-32.468293 0-2.497561 1.24878-4.995122 3.746341-8.741464 42.458537-43.707317 94.907317-77.42439 156.097561-101.151219S449.560976 274.731707 513.24878 274.731707s124.878049 12.487805 184.819513 36.214634c59.941463 23.726829 112.390244 57.443902 156.097561 101.15122 2.497561 2.497561 3.746341 4.995122 3.746341 8.741463 0 4.995122-8.741463 14.985366-26.22439 32.468293-18.731707 16.234146-28.721951 24.97561-32.468293 24.97561z\" fill=\"#CCCCCC\">\u003C/path>\u003C/symbol>\u003Csymbol id=\"iconicon_wifi1_enabled\" viewBox=\"0 0 1024 1024\">\u003Cpath d=\"M514.497561 510.75122m-485.77561 0a485.77561 485.77561 0 1 0 971.55122 0 485.77561 485.77561 0 1 0-971.55122 0Z\" fill=\"#FFFFFF\">\u003C/path>\u003Cpath d=\"M516.995122 821.697561c-4.995122 0-14.985366-8.741463-32.468293-24.97561-17.482927-17.482927-24.97561-28.721951-24.975609-32.468292 0-7.492683 7.492683-13.736585 22.478048-18.731708 14.985366-4.995122 26.22439-7.492683 36.214634-7.492683s22.478049 2.497561 36.214635 7.492683 22.478049 12.487805 22.478048 18.731708c0 4.995122-8.741463 14.985366-24.975609 32.468292-18.731707 16.234146-29.970732 24.97561-34.965854 24.97561zM608.156098 715.55122c-1.24878 0-4.995122-2.497561-13.736586-8.741464-8.741463-4.995122-21.229268-12.487805-36.214634-17.482927-14.985366-4.995122-29.970732-8.741463-44.956098-8.741463-14.985366 0-29.970732 2.497561-44.956097 8.741463-14.985366 4.995122-26.22439 12.487805-36.214634 17.482927-8.741463 4.995122-13.736585 8.741463-14.985366 8.741464-4.995122 0-14.985366-8.741463-32.468293-26.224391-17.482927-17.482927-26.22439-28.721951-26.22439-32.468292 0-2.497561 1.24878-4.995122 3.746341-8.741464 18.731707-18.731707 41.209756-32.468293 68.682927-42.458536 27.473171-9.990244 54.946341-14.985366 82.419512-14.985366 27.473171 0 53.697561 4.995122 82.419513 14.985366 27.473171 9.990244 49.95122 24.97561 68.682927 42.458536 2.497561 2.497561 3.746341 4.995122 3.746341 8.741464 0 4.995122-8.741463 14.985366-26.22439 32.468292-18.731707 16.234146-29.970732 26.22439-33.717073 26.224391z\" fill=\"#0567FF\">\u003C/path>\u003Cpath d=\"M708.058537 596.917073c-2.497561 0-4.995122-1.24878-8.741464-2.497561-32.468293-24.97561-61.190244-42.458537-88.663414-54.946341-27.473171-12.487805-58.692683-17.482927-93.658537-17.482927-19.980488 0-39.960976 2.497561-59.941463 7.492683-19.980488 4.995122-37.463415 11.239024-52.448781 18.731707s-28.721951 14.985366-39.960976 22.478049-19.980488 12.487805-27.47317 16.234146c-6.243902 4.995122-9.990244 7.492683-11.239025 7.492683-3.746341 0-14.985366-8.741463-32.468292-26.22439-17.482927-17.482927-26.22439-28.721951-26.224391-32.468293 0-2.497561 1.24878-4.995122 3.746342-7.492683 31.219512-31.219512 68.682927-54.946341 112.390244-72.429268 43.707317-17.482927 88.663415-24.97561 133.619512-24.97561s89.912195 8.741463 133.619512 24.97561c43.707317 17.482927 81.170732 41.209756 112.390244 72.429268 2.497561 2.497561 3.746341 4.995122 3.746342 7.492683 0 4.995122-8.741463 14.985366-26.224391 32.468293-17.482927 18.731707-28.721951 28.721951-32.468292 28.721951z\" fill=\"#CCCCCC\">\u003C/path>\u003Cpath d=\"M799.219512 478.282927c-2.497561 0-4.995122-1.24878-7.492683-2.497561-42.458537-36.214634-86.165854-64.936585-131.121951-83.668293-44.956098-18.731707-93.658537-28.721951-147.356098-28.721951s-103.64878 8.741463-147.356097 28.721951c-44.956098 18.731707-88.663415 46.204878-131.121951 83.668293-2.497561 1.24878-4.995122 2.497561-7.492683 2.497561-3.746341 0-14.985366-8.741463-32.468293-26.22439-18.731707-17.482927-26.22439-28.721951-26.22439-32.468293 0-2.497561 1.24878-4.995122 3.746341-8.741464 42.458537-43.707317 94.907317-77.42439 156.097561-101.151219S449.560976 274.731707 513.24878 274.731707s124.878049 12.487805 184.819513 36.214634c59.941463 23.726829 112.390244 57.443902 156.097561 101.15122 2.497561 2.497561 3.746341 4.995122 3.746341 8.741463 0 4.995122-8.741463 14.985366-26.22439 32.468293-18.731707 16.234146-28.721951 24.97561-32.468293 24.97561z\" fill=\"#CCCCCC\">\u003C/path>\u003C/symbol>\u003Csymbol id=\"iconBig_ico\" viewBox=\"0 0 1024 1024\">\u003Cpath d=\"M861.098667 128H162.901333a32.042667 32.042667 0 0 0-24.661333 12.501333C131.669333 148.48 128 159.36 128 170.666667v682.666666c0 11.306667 3.669333 22.186667 10.24 30.165334a32.042667 32.042667 0 0 0 24.661333 12.501333h698.197334a32.042667 32.042667 0 0 0 24.661333-12.501333c6.570667-7.978667 10.24-18.858667 10.24-30.165334V170.666667c0-11.306667-3.669333-22.186667-10.24-30.165334A32.042667 32.042667 0 0 0 861.098667 128zM197.802667 810.666667V213.333333h628.394666v597.333334H197.802667z\" fill=\"#1D2129\">\u003C/path>\u003C/symbol>\u003Csymbol id=\"iconmore_help-2\" viewBox=\"0 0 1024 1024\">\u003Cpath d=\"M512 85.333333C276.352 85.333333 85.333333 276.352 85.333333 512s191.018667 426.666667 426.666667 426.666667 426.666667-191.018667 426.666667-426.666667S747.733333 85.333333 512 85.333333z m-13.653333 684.544c-27.264 0-49.493333-22.613333-49.493334-50.432a49.92 49.92 0 0 1 49.493334-50.432c27.306667 0 49.493333 22.528 49.493333 50.432 0 27.904-22.186667 50.432-49.493333 50.432z m138.154666-316.757333a137.557333 137.557333 0 0 1-24.405333 33.706667c-9.386667 9.472-26.24 25.386667-50.602667 47.701333a207.829333 207.829333 0 0 0-16.128 16.64 74.069333 74.069333 0 0 0-9.088 13.098667 60.501333 60.501333 0 0 0-4.565333 11.989333c-1.024 4.053333-2.688 10.965333-4.821333 20.906667-3.754667 21.12-15.616 31.658667-35.328 31.658666a35.029333 35.029333 0 0 1-25.941334-10.410666c-7.04-6.912-10.538667-17.152-10.538666-30.890667 0-17.066667 2.56-31.914667 7.722666-44.416 5.205333-12.501333 11.989333-23.466667 20.48-32.981333 8.448-9.386667 19.925333-20.736 34.389334-33.664 12.714667-11.349333 21.802667-19.925333 27.392-25.813334 5.674667-5.802667 10.410667-12.202667 14.250666-19.413333a48.213333 48.213333 0 0 0 5.802667-23.253333c0-16.213333-5.888-29.952-17.664-41.130667-11.776-11.136-27.008-16.853333-45.568-16.853333-21.802667 0-37.802667 5.717333-48.042667 16.938666-10.325333 11.264-19.029333 27.904-26.026666 49.834667-6.741333 23.04-19.541333 34.474667-38.357334 34.474667a37.546667 37.546667 0 0 1-28.074666-11.946667c-7.68-8.106667-11.477333-16.768-11.477334-26.026667 0-19.370667 5.973333-38.869333 18.090667-58.709333 11.946667-19.84 29.653333-36.266667 52.778667-49.28 23.125333-13.013333 50.090667-19.541333 80.981333-19.541333 28.629333 0 54.058667 5.504 75.946667 16.341333 22.016 10.837333 38.954667 25.728 50.944 44.416 11.946667 18.688 17.962667 39.04 17.962666 61.056 0.085333 17.237333-3.2 32.426667-10.112 45.568z\" fill=\"#1D2129\">\u003C/path>\u003C/symbol>\u003Csymbol id=\"iconReboot1\" viewBox=\"0 0 1024 1024\">\u003Cpath d=\"M405.333333 426.666667a21.333333 21.333333 0 0 0 21.333334-21.333334v-42.666666a21.333333 21.333333 0 0 0-21.333334-21.333334H266.88a298.666667 298.666667 0 1 1-41.173333 256H137.514667c38.826667 171.050667 191.744 298.666667 374.485333 298.666667A384 384 0 1 0 213.333333 270.634667V149.333333a21.333333 21.333333 0 0 0-21.333333-21.333333h-42.666667a21.333333 21.333333 0 0 0-21.333333 21.333333V384a42.666667 42.666667 0 0 0 39.466667 42.538667L170.666667 426.666667h234.666666z\" fill=\"#1D2129\">\u003C/path>\u003C/symbol>\u003Csymbol id=\"iconLogout-21\" viewBox=\"0 0 1024 1024\">\u003Cpath d=\"M849.322667 730.282667h-68.352a15.018667 15.018667 0 0 0-11.946667 5.717333 344.96 344.96 0 0 1-118.741333 93.866667 338.048 338.048 0 0 1-146.602667 33.28 336.768 336.768 0 0 1-131.84-26.581334 342.528 342.528 0 0 1-111.701333-76.245333 350.933333 350.933333 0 0 1-73.898667-111.658667A354.048 354.048 0 0 1 159.274667 512a355.882667 355.882667 0 0 1 26.112-134.4A350.08 350.08 0 0 1 260.138667 263.68a343.552 343.552 0 0 1 111.744-76.202667 337.834667 337.834667 0 0 1 131.797333-26.709333 338.090667 338.090667 0 0 1 146.602667 33.28 344.96 344.96 0 0 1 118.741333 93.866667 15.274667 15.274667 0 0 0 11.946667 5.76h68.352a7.893333 7.893333 0 0 0 6.485333-12.202667 421.674667 421.674667 0 0 0-152.021333-144.213333A411.349333 411.349333 0 0 0 502.613333 85.333333a410.069333 410.069333 0 0 0-160.853333 32.981334 417.066667 417.066667 0 0 0-135.936 93.653333c-38.826667 40.106667-69.418667 87.637333-90.112 139.904a433.92 433.92 0 0 0-30.336 164.565333 431.317333 431.317333 0 0 0 124.117333 298.88A413.866667 413.866667 0 0 0 503.68 938.666667a411.52 411.52 0 0 0 200.618667-52.181334 421.76 421.76 0 0 0 151.466666-144.042666 8.106667 8.106667 0 0 0 0.256-7.978667 7.893333 7.893333 0 0 0-6.698666-4.138667v-0.042666z m86.4-224.554667L797.738667 394.666667a7.68 7.68 0 0 0-11.434667 2.005333 8.106667 8.106667 0 0 0-1.194667 4.224v75.434667H480a7.68 7.68 0 0 0-5.504 2.304 8.021333 8.021333 0 0 0-2.261333 5.632v55.552c0 4.309333 3.498667 7.893333 7.765333 7.893333h305.152v75.434667c0 6.656 7.594667 10.410667 12.629333 6.229333l137.984-111.146667a7.936 7.936 0 0 0 2.133334-9.685333 7.978667 7.978667 0 0 0-2.133334-2.773333z\" fill=\"#1D2129\">\u003C/path>\u003C/symbol>\u003Csymbol id=\"iconFeedbackl\" viewBox=\"0 0 1024 1024\">\u003Cpath d=\"M896 85.333333c23.552 0 42.666667 19.498667 42.666667 43.562667V746.24a43.093333 43.093333 0 0 1-42.666667 43.562667h-213.333333l-140.501334 136.106666a41.984 41.984 0 0 1-60.330666 0L341.333333 789.802667H128c-23.594667 0-42.666667-19.498667-42.666667-43.562667V128.896A43.093333 43.093333 0 0 1 128 85.333333h768z m-42.666667 85.333334H170.666667v533.76h206.037333L512 832l135.296-127.573333H853.333333V170.666667z m-277.333333 298.666666a21.333333 21.333333 0 0 1 21.333333 21.333334v42.666666a21.333333 21.333333 0 0 1-21.333333 21.333334h-298.666667a21.333333 21.333333 0 0 1-21.333333-21.333334v-42.666666a21.333333 21.333333 0 0 1 21.333333-21.333334h298.666667z m170.666667-170.666666a21.333333 21.333333 0 0 1 21.333333 21.333333v42.666667a21.333333 21.333333 0 0 1-21.333333 21.333333h-469.333334a21.333333 21.333333 0 0 1-21.333333-21.333333v-42.666667a21.333333 21.333333 0 0 1 21.333333-21.333333h469.333334z\" fill=\"#1D2129\">\u003C/path>\u003C/symbol>\u003Csymbol id=\"iconvirtual_machine\" viewBox=\"0 0 1024 1024\">\u003Cpath d=\"M846.506667 365.226667c-10.24 0.853333-52.906667 1.706667-96.426667 1.706666H121.173333c-43.52 0-86.186667-0.853333-96.426666-1.706666S5.973333 334.506667 5.973333 302.933333c0-30.72 4.266667-58.88 9.386667-61.44 3.413333-0.853333 62.293333-2.56 105.813333-2.56h701.44c2.56 0 12.8 0.853333 23.04 1.706667s18.773333 11.946667 18.773334 21.333333v57.173334c1.706667 22.186667-6.826667 44.373333-17.92 46.08z\" fill=\"#FFE9B4\">\u003C/path>\u003Cpath d=\"M436.906667 401.92H5.12V206.506667c0-20.48 18.773333-36.693333 36.693333-36.693334h295.253334c18.773333 0 30.72 9.386667 35.84 26.453334l64 205.653333z\" fill=\"#FFB02C\">\u003C/path>\u003Cpath d=\"M940.373333 482.986667H685.226667c-43.52 0-79.36 34.986667-79.36 79.36v13.653333c-32.426667 0-59.733333 27.306667-59.733334 60.586667v254.293333c0 33.28 26.453333 60.586667 60.586667 60.586667H861.866667c31.573333 0 58.026667-24.746667 60.586666-56.32h17.066667c43.52 0 79.36-34.986667 79.36-79.36V562.346667c0.853333-43.52-34.986667-79.36-78.506667-79.36z m41.813334 334.506666c0 23.04-18.773333 42.666667-42.666667 42.666667h-17.066667V636.586667c0-33.28-27.306667-60.586667-61.44-60.586667H643.413333v-13.653333c0-23.04 18.773333-42.666667 42.666667-42.666667h254.293333c23.04 0 42.666667 18.773333 42.666667 42.666667-0.853333 0-0.853333 255.146667-0.853333 255.146666z\" fill=\"#0644B2\">\u003C/path>\u003Cpath d=\"M519.68 855.04V626.346667s-9.386667-67.413333 59.733333-73.386667c0 0-11.093333-71.68 62.293334-91.306667 0 0 3.413333-1.706667 12.8-1.706666h212.48V326.826667c0.853333-19.626667-15.36-36.693333-36.693334-36.693334H43.52c-11.946667 0-24.746667 6.826667-31.573333 17.92-4.266667 5.973333-6.826667 12.8-6.826667 20.48V819.2c0 20.48 18.773333 36.693333 36.693333 36.693333h459.093334l-1.706667-1.706666 20.48 0.853333z\" fill=\"#FFCA28\">\u003C/path>\u003C/symbol>\u003Csymbol id=\"iconcamera\" viewBox=\"0 0 1024 1024\">\u003Cpath d=\"M517.973333 913.066667c-228.693333 0-420.693333-178.346667-436.906666-405.333334l-3.413334-41.813333h880.64l-2.56 41.813333C938.666667 735.573333 745.813333 913.066667 517.973333 913.066667zM164.693333 544.426667c32.426667 166.4 180.053333 290.133333 353.28 290.133333s320.853333-123.733333 353.28-290.133333H164.693333z\" fill=\"#333333\">\u003C/path>\u003Cpath d=\"M517.973333 809.813333c-66.56 0-120.32-54.613333-120.32-120.32S452.266667 569.173333 517.973333 569.173333 638.293333 622.933333 638.293333 689.493333s-53.76 120.32-120.32 120.32z m0-171.52c-28.16 0-50.346667 23.04-50.346666 50.346667s23.04 50.346667 50.346666 50.346667 50.346667-23.04 50.346667-50.346667-22.186667-50.346667-50.346667-50.346667zM936.96 544.426667H98.133333c-40.96 0-74.24-33.28-74.24-74.24v-204.8c0-40.96 33.28-74.24 74.24-74.24h837.973334c40.96 0 74.24 33.28 74.24 74.24v204.8c1.706667 40.96-32.426667 74.24-73.386667 74.24zM102.4 465.92h830.293333v-196.266667H102.4v196.266667z\" fill=\"#333333\">\u003C/path>\u003C/symbol>\u003Csymbol id=\"iconShut_down\" viewBox=\"0 0 1024 1024\">\u003Cpath d=\"M682.666667 177.92c150.698667 61.226667 256 201.130667 256 363.861333C938.666667 760.96 747.648 938.666667 512 938.666667S85.333333 760.96 85.333333 541.781333c0-162.773333 105.301333-302.634667 256-363.904v88.832c-102.016 54.912-170.666667 157.525333-170.666666 275.072 0 175.36 152.832 317.525333 341.333333 317.525334 188.544 0 341.333333-142.165333 341.333333-317.525334 0-117.546667-68.650667-220.16-170.666666-275.072V177.92z m-213.333334 363.861333V105.173333a19.2 19.2 0 0 1 6.229334-14.037333A22.186667 22.186667 0 0 1 490.666667 85.333333h42.666666a22.186667 22.186667 0 0 1 15.104 5.802667 19.2 19.2 0 0 1 6.229334 14.08v436.565333a19.2 19.2 0 0 1-6.229334 14.037334 22.186667 22.186667 0 0 1-15.104 5.802666h-42.666666a22.186667 22.186667 0 0 1-15.104-5.802666 19.2 19.2 0 0 1-6.229334-14.08z\" fill=\"#1D2129\">\u003C/path>\u003C/symbol>\u003Csymbol id=\"iconfast_forward\" viewBox=\"0 0 1024 1024\">\u003Cpath d=\"M610.602667 489.088L228.138667 95.146667a32 32 0 0 0-42.453334-3.072l-3.413333 3.072-45.013333 46.378666a32.853333 32.853333 0 0 0 0 45.781334L452.565333 512l-315.264 324.778667a32.853333 32.853333 0 0 0 0 45.781333l45.013334 46.378667a32 32 0 0 0 42.453333 3.072l3.413333-3.072 382.464-394.069334a32.853333 32.853333 0 0 0 0-45.781333z m318.805333 0L546.944 95.146667a32 32 0 0 0-42.496-3.072l-3.413333 3.072-44.970667 46.378666a32.853333 32.853333 0 0 0 0 45.781334L771.285333 512l-315.221333 324.778667a32.853333 32.853333 0 0 0 0 45.781333l45.013333 46.378667a32 32 0 0 0 42.453334 3.072l3.413333-3.072 382.464-394.069334a32.853333 32.853333 0 0 0 0-45.781333z\" fill=\"#1D2129\">\u003C/path>\u003C/symbol>\u003Csymbol id=\"iconrewind\" viewBox=\"0 0 1024 1024\">\u003Cpath d=\"M567.936 882.56a32.853333 32.853333 0 0 0 0-45.781333L252.714667 512l315.221333-324.778667a32.853333 32.853333 0 0 0 0-45.781333l-45.013333-46.378667a32.128 32.128 0 0 0-35.328-7.168 32.128 32.128 0 0 0-10.496 7.168l-382.506667 394.069334a32.853333 32.853333 0 0 0 0 45.781333l382.464 394.026667a32.170667 32.170667 0 0 0 22.912 9.728 31.872 31.872 0 0 0 22.954667-9.728l45.013333-46.378667z m318.805333-45.781333L571.477333 512l315.264-324.778667a32.853333 32.853333 0 0 0 0-45.781333l-45.056-46.378667A32.128 32.128 0 0 0 818.773333 85.333333a31.744 31.744 0 0 0-22.912 9.728l-382.464 394.069334a32.853333 32.853333 0 0 0 0 45.781333l382.464 394.026667a32.170667 32.170667 0 0 0 22.912 9.728 31.872 31.872 0 0 0 22.912-9.728l45.056-46.378667a32.853333 32.853333 0 0 0 0-45.781333z\" fill=\"#1D2129\">\u003C/path>\u003C/symbol>\u003Csymbol id=\"iconmute\" viewBox=\"0 0 1024 1024\">\u003Cpath d=\"M114.909867 110.08l58.3936-49.877333 693.3504 811.639466-58.3936 49.877334zM772.266667 277.333333c0.853333 0.853333 110.08 85.333333 118.613333 214.186667 4.266667 65.706667-17.92 133.12-67.413333 199.68l52.053333 60.586667c68.266667-86.186667 99.84-174.933333 93.013333-264.533334-11.093333-163.84-143.36-266.24-149.333333-270.506666-17.066667-13.653333-40.96-10.24-53.76 6.826666-13.653333 17.066667-10.24 40.96 6.826667 53.76z\" fill=\"#333333\">\u003C/path>\u003Cpath d=\"M738.986667 520.533333c0 18.773333-4.266667 37.546667-12.8 56.32l53.76 63.146667c24.746667-37.546667 36.693333-77.653333 36.693333-119.466667-1.706667-115.2-99.84-196.266667-104.106667-199.68-16.213333-13.653333-40.106667-11.093333-53.76 5.12-13.653333 16.213333-11.093333 40.106667 5.12 53.76 0 0 74.24 62.293333 75.093334 140.8zM447.146667 250.88l85.333333-84.48c0-0.853333 0.853333-1.706667 2.56-0.853333 1.706667 0.853333 1.706667 1.706667 1.706667 2.56v187.733333L612.693333 443.733333V168.106667c0-32.426667-18.773333-61.44-48.64-73.386667-29.866667-12.8-63.146667-5.973333-86.186666 17.066667l-80.213334 80.213333 49.493334 58.88zM536.746667 565.76v295.253333c0 0.853333 0 1.706667-1.706667 2.56-1.706667 0-1.706667 0-2.56-0.853333L332.8 663.04C317.44 648.533333 297.813333 640 276.48 640H120.32c-1.706667 0-2.56-0.853333-2.56-2.56V402.773333c0-1.706667 0.853333-2.56 2.56-2.56v-0.853333h145.066667c21.333333 0 40.96-7.68 56.32-23.04l29.013333-29.013333-50.346667-58.88-33.28 33.28c0 0.853333-0.853333 0.853333-1.706666 0.853333h-145.066667c-43.52 0-79.36 35.84-79.36 79.36v234.666667c0 43.52 35.84 79.36 79.36 79.36h155.306667c0.853333 0 0.853333 0 1.706666 0.853333L477.866667 917.333333c15.36 15.36 35.84 23.04 56.32 23.04 10.24 0 20.48-1.706667 29.866666-5.12 29.013333-11.946667 48.64-40.96 48.64-73.386666V654.506667l-75.946666-88.746667z\" fill=\"#333333\">\u003C/path>\u003C/symbol>\u003Csymbol id=\"icona-manualrecording\" viewBox=\"0 0 1024 1024\">\u003Cpath d=\"M64 170.666667h597.333333a42.666667 42.666667 0 0 1 42.538667 39.466666L704 213.333333v597.333334a42.666667 42.666667 0 0 1-39.466667 42.538666L661.333333 853.333333h-597.333333a42.666667 42.666667 0 0 1-42.581333-39.466666L21.333333 810.666667V213.333333a42.666667 42.666667 0 0 1 39.466667-42.538666L64 170.666667z m554.666667 85.333333h-512v512h512V256z m384 75.349333v361.301334c0 33.152-39.808 53.632-71.082667 36.565333L768 640V384l163.584-89.216c31.274667-17.066667 71.082667 3.413333 71.082667 36.565333z m-85.333334 75.392l-64 25.6v159.36l64 25.6V406.698667zM320 341.333333v128h-128V341.333333h128z\" fill=\"#1D2129\">\u003C/path>\u003C/symbol>\u003Csymbol id=\"icona-fixedaspectratio\" viewBox=\"0 0 1024 1024\">\u003Cpath d=\"M896 128c11.306667 0 22.186667 4.053333 30.165333 11.264A36.565333 36.565333 0 0 1 938.666667 166.4v691.2a36.565333 36.565333 0 0 1-12.501334 27.136A45.184 45.184 0 0 1 896 896H128c-11.306667 0-22.186667-4.053333-30.165333-11.264A36.565333 36.565333 0 0 1 85.333333 857.6V166.4c0-10.197333 4.48-19.968 12.501334-27.136A45.226667 45.226667 0 0 1 128 128h768z m-42.666667 85.333333H170.666667v597.333334h682.666666V213.333333z\" fill=\"#1D2129\">\u003C/path>\u003Cpath d=\"M320.085333 554.666667a21.333333 21.333333 0 0 0 21.333334-21.333334V384h234.794666a21.333333 21.333333 0 0 0 21.333334-21.333333v-42.666667a21.333333 21.333333 0 0 0-21.333334-21.333333H298.666667a42.666667 42.666667 0 0 0-42.666667 42.666666v192a21.333333 21.333333 0 0 0 21.333333 21.333334h42.752zM725.333333 725.333333a42.666667 42.666667 0 0 0 42.666667-42.666666v-192a21.333333 21.333333 0 0 0-21.333333-21.333334h-42.666667a21.333333 21.333333 0 0 0-21.333333 21.333334V640h-234.666667a21.333333 21.333333 0 0 0-21.333333 21.333333v42.666667a21.333333 21.333333 0 0 0 21.333333 21.333333H725.333333z\" fill=\"#1D2129\">\u003C/path>\u003C/symbol>\u003Csymbol id=\"iconcolumn\" viewBox=\"0 0 1024 1024\">\u003Cpath d=\"M891.264 85.333333C917.461333 85.333333 938.666667 106.581333 938.666667 132.736v758.528A47.402667 47.402667 0 0 1 891.264 938.666667H132.736A47.402667 47.402667 0 0 1 85.333333 891.264V132.736C85.333333 106.538667 106.581333 85.333333 132.736 85.333333h758.528zM341.333333 170.666667H170.666667v682.666666h170.666666V170.666667z m512 0h-170.666666v682.666666h-85.333334V170.666667h-170.666666v682.666666h426.666666V170.666667z\" fill=\"#1D2129\">\u003C/path>\u003C/symbol>\u003Csymbol id=\"iconuser_group\" viewBox=\"0 0 1024 1024\">\u003Cpath d=\"M510.75122 515.746341m-497.014635 0a497.014634 497.014634 0 1 0 994.029269 0 497.014634 497.014634 0 1 0-994.029269 0Z\" fill=\"#E9EFF4\">\u003C/path>\u003Cpath d=\"M394.614634 480.780488c12.487805 9.990244 22.478049 18.731707 33.717073 26.22439 26.22439 17.482927 56.195122 24.97561 87.414634 23.726829 39.960976-2.497561 74.926829-16.234146 103.648781-44.956097 3.746341-3.746341 6.243902-4.995122 11.239024-1.248781 41.209756 33.717073 68.682927 76.17561 83.668293 126.12683 7.492683 28.721951 12.487805 57.443902 9.990244 86.165853-2.497561 23.726829-7.492683 47.453659-26.22439 63.687805-9.990244 9.990244-22.478049 16.234146-36.214634 19.980488-21.229268 6.243902-42.458537 8.741463-64.936586 8.741463-52.44878 0-104.897561 0-157.346341-1.24878-28.721951 0-57.443902-3.746341-86.165854-12.487805-32.468293-11.239024-52.44878-33.717073-57.443902-68.682927-3.746341-27.473171-1.24878-53.697561 4.995122-81.170732 7.492683-33.717073 21.229268-64.936585 41.209756-93.658536 13.736585-18.731707 28.721951-34.965854 47.453658-48.702439 2.497561-1.24878 3.746341-1.24878 4.995122-2.497561z\" fill=\"#1788FF\">\u003C/path>\u003Cpath d=\"M510.75122 497.014634c-63.687805 2.497561-122.380488-52.44878-121.131708-122.380488 1.24878-67.434146 56.195122-119.882927 122.380488-119.882926 66.185366 0 121.131707 53.697561 121.131707 122.380487-1.24878 67.434146-58.692683 121.131707-122.380487 119.882927z\" fill=\"#1788FF\">\u003C/path>\u003Cpath d=\"M689.326829 499.512195c17.482927 7.492683 34.965854 12.487805 53.697561 12.487805 32.468293-1.24878 58.692683-12.487805 81.170732-34.965854 3.746341-3.746341 6.243902-3.746341 9.990244-1.24878 31.219512 24.97561 52.44878 57.443902 63.687805 96.156097 4.995122 18.731707 7.492683 38.712195 7.492683 58.692683 0 14.985366-2.497561 31.219512-9.990244 44.956098-8.741463 14.985366-21.229268 22.478049-37.463415 27.473171-19.980488 6.243902-41.209756 6.243902-62.439024 6.243902h-37.463415c-4.995122 0-6.243902-2.497561-6.243902-6.243902 2.497561-26.22439 1.24878-52.44878-4.995122-78.673171-8.741463-44.956098-27.473171-86.165854-56.195122-121.131707 1.24878 0 1.24878-1.24878-1.248781-3.746342zM328.429268 500.760976c-11.239024 17.482927-22.478049 34.965854-32.468292 53.697561-11.239024 19.980488-17.482927 41.209756-22.478049 62.439024-6.243902 24.97561-7.492683 49.95122-7.492683 74.926829 0 4.995122 1.24878 9.990244 1.24878 13.736586 0 3.746341-1.24878 4.995122-3.746341 4.995122-31.219512 0-62.439024 0-92.409756-7.492683-23.726829-4.995122-42.458537-16.234146-51.2-41.209756-4.995122-13.736585-6.243902-27.473171-4.995122-42.458537 1.24878-23.726829 6.243902-46.204878 14.985366-68.682927 12.487805-29.970732 31.219512-56.195122 57.443902-76.17561 3.746341-2.497561 4.995122-1.24878 7.492683 1.248781 24.97561 23.726829 53.697561 36.214634 88.663415 34.965854 16.234146 0 32.468293-3.746341 44.956097-9.990244z\" fill=\"#7A8EA5\">\u003C/path>\u003Cpath d=\"M279.726829 485.77561c-49.95122 1.24878-93.658537-41.209756-93.658536-91.160976-1.24878-53.697561 42.458537-93.658537 91.160975-94.907317 53.697561-1.24878 93.658537 42.458537 94.907317 89.912195 2.497561 54.946341-44.956098 97.404878-92.409756 96.156098zM741.77561 485.77561c-49.95122 1.24878-91.160976-41.209756-93.658537-89.912195-1.24878-53.697561 42.458537-96.156098 92.409756-96.156098 48.702439-1.24878 93.658537 39.960976 93.658537 94.907317 0 49.95122-43.707317 92.409756-92.409756 91.160976z\" fill=\"#7A8EA5\">\u003C/path>\u003C/symbol>\u003Csymbol id=\"icona-user2\" viewBox=\"0 0 1024 1024\">\u003Cpath d=\"M341.333191 383.99984a170.666596 170.666596 0 1 0 341.290525 0A170.666596 170.666596 0 0 0 341.333191 383.99984z\" fill=\"#F5F7FF\">\u003C/path>\u003Cpath d=\"M511.999787 0c282.773216 0 511.999787 229.226571 511.999786 511.999787S794.773002 1023.999573 511.999787 1023.999573 0 794.773002 0 511.999787 229.226571 0 511.999787 0z m0 213.333244a170.666596 170.666596 0 1 0 0 341.333192 170.666596 170.666596 0 0 0 0-341.333192z\" fill=\"#D6DCED\">\u003C/path>\u003Cpath d=\"M511.999787 639.999733c161.1306 0 296.191877 111.637287 332.031861 261.781225A510.079787 510.079787 0 0 1 511.999787 1023.999573a509.951788 509.951788 0 0 1-331.989195-122.218615C215.80791 751.63702 350.89052 639.999733 511.999787 639.999733z\" fill=\"#F5F7FF\">\u003C/path>\u003C/symbol>\u003Csymbol id=\"iconfolder2\" viewBox=\"0 0 1024 1024\">\u003Cpath d=\"M351.010133 0a136.533333 136.533333 0 0 1 84.650667 29.4144L495.633067 76.8H887.466667c75.409067 0 136.533333 61.124267 136.533333 136.533333v605.866667c0 113.109333-91.690667 204.8-204.8 204.8H640c-72.0384 0-135.3728-37.1968-171.886933-93.422933l-8.234667 11.0592A204.8 204.8 0 0 1 295.697067 1024H204.8c-113.109333 0-204.8-91.690667-204.8-204.8V136.533333C0 61.124267 61.124267 0 136.533333 0h214.4768z\" fill=\"#F8AA28\">\u003C/path>\u003Cpath d=\"M102.4 179.2m102.4 0l614.4 0q102.4 0 102.4 102.4l0 170.666667q0 102.4-102.4 102.4l-614.4 0q-102.4 0-102.4-102.4l0-170.666667q0-102.4 102.4-102.4Z\" fill=\"#FFEFD5\">\u003C/path>\u003Cpath d=\"M0 375.466667c0-56.5504 45.8496-102.4 102.4-102.4h819.2c56.5504 0 102.4 45.8496 102.4 102.4v512c0 75.409067-61.124267 136.533333-136.533333 136.533333H136.533333c-75.409067 0-136.533333-61.124267-136.533333-136.533333V375.466667z\" fill=\"#FBC931\">\u003C/path>\u003C/symbol>\u003Csymbol id=\"iconwarning2\" viewBox=\"0 0 1024 1024\">\u003Cpath d=\"M514.56 13.653333c-273.066667 0-494.933333 221.866667-494.933333 494.933334s221.866667 494.933333 494.933333 494.933333c272.213333 0 494.08-221.866667 494.933333-494.933333 0-273.066667-221.866667-494.933333-494.933333-494.933334z\" fill=\"#F8AA01\">\u003C/path>\u003Cpath d=\"M514.56 640c-21.333333 0-38.4-17.066667-38.4-38.4V308.053333c0-21.333333 17.066667-38.4 38.4-38.4s38.4 17.066667 38.4 38.4v293.546667c0 21.333333-17.92 38.4-38.4 38.4z\" fill=\"#FFFFFF\">\u003C/path>\u003Cpath d=\"M514.56 709.12m-38.4 0a38.4 38.4 0 1 0 76.8 0 38.4 38.4 0 1 0-76.8 0Z\" fill=\"#FFFFFF\">\u003C/path>\u003C/symbol>\u003Csymbol id=\"iconrisky\" viewBox=\"0 0 1024 1024\">\u003Cpath d=\"M514.497561 514.497561m-504.507317 0a504.507317 504.507317 0 1 0 1009.014634 0 504.507317 504.507317 0 1 0-1009.014634 0Z\" fill=\"#C53709\">\u003C/path>\u003Cpath d=\"M563.2 314.692683c-4.995122 77.42439-9.990244 147.356098-14.985366 218.536585l-3.746341 48.702439c-1.24878 17.482927-13.736585 29.970732-29.970732 28.721952-14.985366 0-27.473171-12.487805-28.721951-28.721952-6.243902-84.917073-12.487805-168.585366-18.731708-254.751219-2.497561-39.960976 27.473171-67.434146 62.439025-57.443903 19.980488 7.492683 33.717073 27.473171 33.717073 44.956098zM515.746341 661.853659c26.22439 0 46.204878 21.229268 46.204879 46.204878 0 28.721951-21.229268 51.2-48.70244 51.2-26.22439 0-48.702439-22.478049-48.702439-48.702439 0-26.22439 22.478049-48.702439 51.2-48.702439z\" fill=\"#FFFFFF\">\u003C/path>\u003C/symbol>\u003Csymbol id=\"iconnormal\" viewBox=\"0 0 1024 1024\">\u003Cpath d=\"M510.75122 11.239024C232.273171 11.239024 6.243902 237.268293 6.243902 515.746341s226.029268 504.507317 504.507318 504.507318c277.229268 0 503.258537-226.029268 504.507317-504.507318C1014.009756 237.268293 787.980488 11.239024 510.75122 11.239024z\" fill=\"#1EB300\">\u003C/path>\u003Cpath d=\"M477.034146 719.297561c-62.439024-44.956098-123.629268-88.663415-187.317073-133.619512 12.487805-17.482927 23.726829-33.717073 36.214634-51.2 44.956098 32.468293 89.912195 63.687805 134.868293 96.156097 72.429268-107.395122 144.858537-214.790244 218.536585-322.185366 17.482927 12.487805 33.717073 23.726829 51.2 34.965854-83.668293 126.126829-167.336585 249.756098-253.502439 375.882927z\" fill=\"#FFFFFF\">\u003C/path>\u003C/symbol>\u003Csymbol id=\"iconicon_volume\" viewBox=\"0 0 1024 1024\">\u003Cpath d=\"M1010.263415 477.034146C1010.263415 218.536585 799.219512 7.492683 538.22439 7.492683c-63.687805 0-123.629268 12.487805-178.57561 34.965854l178.57561 434.575609h472.039025z\" fill=\"#0567FF\">\u003C/path>\u003Cpath d=\"M323.434146 52.44878c-182.321951 74.926829-312.195122 254.75122-312.195122 464.546342 0 277.229268 224.780488 500.760976 500.760976 500.760976s502.009756-223.531707 502.009756-500.760976H513.24878L323.434146 52.44878z\" fill=\"#B8BEC2\">\u003C/path>\u003C/symbol>\u003Csymbol id=\"iconicon_lan_disabled\" viewBox=\"0 0 1024 1024\">\u003Cpath d=\"M17.92 261.12s-1.28-43.52 42.24-51.2h184.32l38.4-124.16s12.8-25.6 43.52-25.6H704s33.28-3.84 47.36 30.72l35.84 119.04h180.48s39.68-1.28 46.08 48.64v651.52s2.56 52.48-47.36 56.32H64s-42.24 1.28-46.08-51.2V261.12z\" fill=\"#8F99A0\">\u003C/path>\u003Cpath d=\"M855.04 396.8c12.8 0 23.04 11.52 23.04 25.6V826.88c-1.28 11.52-10.24 20.48-23.04 20.48h-46.08v-99.84h-90.88v99.84H582.4v-99.84h-90.88v99.84H354.56v-99.84h-90.88v99.84h-96c-10.24-1.28-17.92-11.52-17.92-25.6V417.28c1.28-11.52 10.24-20.48 23.04-20.48h682.24z\" fill=\"#FFFFFF\">\u003C/path>\u003C/symbol>\u003Csymbol id=\"iconicon_lan_enabled\" viewBox=\"0 0 1024 1024\">\u003Cpath d=\"M15.36 263.68s-1.28-43.52 42.24-51.2h184.32l38.4-124.16s12.8-25.6 43.52-25.6h377.6s33.28-3.84 47.36 30.72l35.84 119.04h180.48s39.68-1.28 46.08 48.64v651.52s2.56 52.48-47.36 56.32H61.44s-42.24 1.28-46.08-51.2V263.68z\" fill=\"#0567FF\">\u003C/path>\u003Cpath d=\"M852.48 399.36c12.8 0 23.04 11.52 23.04 25.6V829.44c-1.28 11.52-10.24 20.48-23.04 20.48H806.4v-99.84h-89.6v99.84H579.84v-99.84h-90.88v99.84H352v-99.84h-90.88v99.84H166.4c-10.24-1.28-17.92-11.52-17.92-25.6V419.84c1.28-11.52 10.24-20.48 23.04-20.48h680.96z\" fill=\"#FFFFFF\">\u003C/path>\u003C/symbol>\u003Csymbol id=\"icontemperature_blue\" viewBox=\"0 0 1024 1024\">\u003Cpath d=\"M518.506667 64C561.813333 64 597.333333 100.309333 597.333333 144.576v475.648a170.666667 170.666667 0 1 1-170.666666 0V144.576C426.666667 100.309333 462.186667 64 505.493333 64h13.013334z\" fill=\"#C9CDD4\">\u003C/path>\u003Cpath d=\"M512 362.666667a42.666667 42.666667 0 0 1 42.666667 42.666666v288.789334a85.269333 85.269333 0 0 1 17.664 134.208A85.333333 85.333333 0 1 1 469.333333 694.144V405.333333a42.666667 42.666667 0 0 1 42.666667-42.666666z\" fill=\"#0992F6\">\u003C/path>\u003C/symbol>\u003Csymbol id=\"icontemperature_red\" viewBox=\"0 0 1024 1024\">\u003Cpath d=\"M518.506667 64C561.813333 64 597.333333 100.309333 597.333333 144.576v475.648a170.666667 170.666667 0 1 1-170.666666 0V144.576C426.666667 100.309333 462.186667 64 505.493333 64h13.013334z\" fill=\"#C9CDD4\">\u003C/path>\u003Cpath d=\"M512 106.666667a42.666667 42.666667 0 0 1 42.666667 42.666666v544.789334a85.269333 85.269333 0 0 1 17.664 134.208A85.333333 85.333333 0 1 1 469.333333 694.144V149.333333a42.666667 42.666667 0 0 1 42.666667-42.666666z\" fill=\"#EA0001\">\u003C/path>\u003C/symbol>\u003Csymbol id=\"icontemperature_yellow\" viewBox=\"0 0 1024 1024\">\u003Cpath d=\"M518.506667 64C561.813333 64 597.333333 100.309333 597.333333 144.576v475.648a170.666667 170.666667 0 1 1-170.666666 0V144.576C426.666667 100.309333 462.186667 64 505.493333 64h13.013334z\" fill=\"#C9CDD4\">\u003C/path>\u003Cpath d=\"M512 234.666667a42.666667 42.666667 0 0 1 42.666667 42.666666v416.789334a85.269333 85.269333 0 0 1 17.664 134.208A85.333333 85.333333 0 1 1 469.333333 694.144V277.333333a42.666667 42.666667 0 0 1 42.666667-42.666666z\" fill=\"#F9A600\">\u003C/path>\u003C/symbol>\u003Csymbol id=\"iconfan_blue\" viewBox=\"0 0 1024 1024\">\u003Cpath d=\"M509.502439 1010.263415c-273.482927 0-495.765854-222.282927-495.765854-497.014635S236.019512 16.234146 509.502439 16.234146s495.765854 222.282927 495.765854 497.014634-221.034146 497.014634-495.765854 497.014635z m0-954.068293C324.682927 56.195122 158.595122 167.336585 87.414634 338.419512 17.482927 508.253659 56.195122 705.560976 187.317073 836.682927c129.873171 129.873171 327.180488 169.834146 498.263415 98.653658 171.082927-71.180488 282.22439-237.268293 282.22439-422.087805-1.24878-252.253659-204.8-457.053659-458.302439-457.053658z\" fill=\"#0992F6\">\u003C/path>\u003Cpath d=\"M593.170732 518.243902c0 42.458537-34.965854 76.17561-76.17561 76.17561s-76.17561-34.965854-76.17561-76.17561 34.965854-76.17561 76.17561-76.175609c42.458537-1.24878 77.42439 33.717073 76.17561 76.175609z m-76.17561-49.951219c-19.980488 0-37.463415 12.487805-46.204878 29.970732-7.492683 18.731707-3.746341 39.960976 9.990244 54.946341 13.736585 13.736585 34.965854 18.731707 54.946341 11.239024 18.731707-7.492683 31.219512-26.22439 31.219512-46.204878 0-12.487805-4.995122-26.22439-14.985365-34.965853-8.741463-9.990244-21.229268-14.985366-34.965854-14.985366z\" fill=\"#0992F6\">\u003C/path>\u003Cpath d=\"M844.17561 373.385366c-28.721951-26.22439-46.204878-34.965854-96.156098-51.2-39.960976-13.736585-132.370732-14.985366-166.087805 43.707317l-34.965853 61.190244c-4.995122 8.741463-8.741463 18.731707-9.990244 27.473171l56.195122 73.678048c28.721951 3.746341 69.931707 4.995122 96.156097 21.229269 32.468293 21.229268 84.917073 76.17561 109.892683 91.160975 41.209756 23.726829 82.419512-18.731707 96.156098-46.204878 16.234146-31.219512 53.697561-136.117073-51.2-221.034146z\" fill=\"#0992F6\">\u003C/path>\u003Cpath d=\"M581.931707 586.926829c-3.746341-8.741463-11.239024-14.985366-18.731707-21.229268l-8.741463 1.24878c9.990244-11.239024 16.234146-26.22439 16.234146-43.707317 0-33.717073-23.726829-59.941463-53.697561-59.941463-18.731707 0-33.717073 9.990244-43.707317 24.97561l8.741463-24.97561c-9.990244-26.22439-29.970732-62.439024-28.721951-93.658537 1.24878-37.463415 23.726829-111.141463 23.726829-141.112195 0-48.702439-57.443902-62.439024-87.414634-59.941463-34.965854 1.24878-143.609756 22.478049-163.590244 154.84878-7.492683 37.463415-7.492683 57.443902 3.746342 108.643903 7.492683 41.209756 57.443902 124.878049 124.878049 124.878049l62.439024-3.746342c9.990244 0 29.970732 0 38.712195-3.746341l11.239024-33.717074c0 2.497561-1.24878 4.995122-1.24878 7.492683 0 21.229268 9.990244 38.712195 23.726829 49.95122H474.536585c-18.731707 22.478049-43.707317 61.190244-68.682926 73.678049-34.965854 18.731707-107.395122 36.214634-133.619513 51.2-41.209756 23.726829-23.726829 79.921951-7.492683 106.146341 18.731707 28.721951 91.160976 113.639024 216.039025 64.936586 37.463415-12.487805 53.697561-23.726829 92.409756-57.443903 31.219512-26.22439 71.180488-107.395122 44.956097-164.839024L581.931707 586.926829z m-134.868292-74.926829l2.497561-8.741463 3.746341-26.224391c3.746341 7.492683 6.243902 11.239024 6.243903 11.239025-1.24878 9.990244-4.995122 17.482927-12.487805 23.726829z m68.682926 69.931707l-11.239024 1.248781c1.24878-1.24878 3.746341-1.24878 4.995122-2.497561 1.24878 1.24878 3.746341 1.24878 6.243902 1.24878z\" fill=\"#0992F6\">\u003C/path>\u003C/symbol>\u003Csymbol id=\"iconfan_yellow\" viewBox=\"0 0 1024 1024\">\u003Cpath d=\"M514.497561 1010.263415c-273.482927 0-495.765854-222.282927-495.765854-497.014635S239.765854 16.234146 514.497561 16.234146s495.765854 222.282927 495.765854 497.014634-221.034146 497.014634-495.765854 497.014635z m0-954.068293c-184.819512 0-350.907317 111.141463-422.087805 282.22439C21.229268 508.253659 59.941463 705.560976 191.063415 836.682927c129.873171 129.873171 327.180488 169.834146 498.263414 98.653658s282.22439-237.268293 282.224391-422.087805c0-252.253659-204.8-457.053659-457.053659-457.053658z\" fill=\"#FFCC01\">\u003C/path>\u003Cpath d=\"M598.165854 518.243902c0 42.458537-34.965854 76.17561-76.17561 76.17561-42.458537 0-76.17561-34.965854-76.17561-76.17561 0-42.458537 34.965854-76.17561 76.17561-76.175609s77.42439 33.717073 76.17561 76.175609z m-76.17561-49.951219c-19.980488 0-37.463415 12.487805-46.204878 29.970732-7.492683 18.731707-3.746341 39.960976 9.990244 54.946341 13.736585 13.736585 34.965854 18.731707 54.946341 11.239024 18.731707-7.492683 31.219512-26.22439 31.219512-46.204878 0-12.487805-4.995122-26.22439-14.985365-34.965853-8.741463-9.990244-22.478049-14.985366-34.965854-14.985366z\" fill=\"#FFCC01\">\u003C/path>\u003Cpath d=\"M847.921951 373.385366c-28.721951-26.22439-46.204878-34.965854-96.156097-51.2-39.960976-13.736585-132.370732-14.985366-166.087805 43.707317l-34.965854 61.190244c-4.995122 8.741463-8.741463 18.731707-9.990244 27.473171l56.195122 73.678048c28.721951 3.746341 69.931707 4.995122 96.156098 21.229269 32.468293 21.229268 84.917073 76.17561 109.892683 91.160975 41.209756 23.726829 82.419512-18.731707 96.156097-46.204878 17.482927-31.219512 54.946341-136.117073-51.2-221.034146z\" fill=\"#FFCC01\">\u003C/path>\u003Cpath d=\"M586.926829 586.926829c-3.746341-8.741463-11.239024-14.985366-18.731707-21.229268l-8.741463 1.24878c9.990244-11.239024 16.234146-26.22439 16.234146-43.707317 0-33.717073-23.726829-59.941463-53.697561-59.941463-18.731707 0-33.717073 9.990244-43.707317 24.97561l8.741463-24.97561c-9.990244-26.22439-29.970732-62.439024-28.721951-93.658537 1.24878-37.463415 23.726829-111.141463 23.726829-141.112195 0-48.702439-57.443902-62.439024-87.414634-59.941463-34.965854 1.24878-143.609756 22.478049-163.590244 154.84878-7.492683 37.463415-7.492683 57.443902 3.746342 108.643903 7.492683 41.209756 57.443902 124.878049 124.878048 124.878049l62.439025-3.746342c9.990244 0 29.970732 0 38.712195-3.746341l11.239024-33.717074c0 2.497561-1.24878 4.995122-1.24878 7.492683 0 21.229268 9.990244 38.712195 23.726829 49.95122l-14.985366 1.24878c-18.731707 22.478049-43.707317 61.190244-68.682927 73.678049-34.965854 18.731707-107.395122 36.214634-133.619512 51.2-41.209756 23.726829-23.726829 79.921951-7.492683 106.146342 18.731707 28.721951 91.160976 113.639024 216.039025 64.936585 37.463415-12.487805 53.697561-23.726829 92.409756-57.443902 31.219512-26.22439 71.180488-107.395122 44.956097-164.839025L586.926829 586.926829z m-134.868292-74.926829l2.497561-8.741463 3.746341-26.224391c3.746341 7.492683 6.243902 11.239024 6.243902 11.239025-1.24878 9.990244-6.243902 17.482927-12.487804 23.726829z m67.434146 69.931707l-11.239024 1.248781c1.24878-1.24878 3.746341-1.24878 4.995121-2.497561 2.497561 1.24878 4.995122 1.24878 6.243903 1.24878z\" fill=\"#FFCC01\">\u003C/path>\u003C/symbol>\u003Csymbol id=\"iconnetwork\" viewBox=\"0 0 1024 1024\">\u003Cpath d=\"M493.268293 714.302439c57.443902 26.22439 112.390244 46.204878 166.087805 59.941463v4.995122c0 12.487805 4.995122 23.726829 12.487804 32.468293-36.214634 63.687805-47.453659 126.126829-27.47317 168.585366-42.458537 12.487805-86.165854 17.482927-132.370732 17.482927-83.668293 0-163.590244-21.229268-232.273171-58.692683-1.24878-61.190244 49.95122-142.360976 136.117073-221.034147 9.990244 6.243902 22.478049 11.239024 34.965854 11.239025 16.234146 1.24878 31.219512-3.746341 42.458537-14.985366z m433.326829 56.195122C869.15122 862.907317 779.239024 936.585366 673.092683 972.8c-17.482927-33.717073-7.492683-88.663415 23.726829-144.858537 3.746341 1.24878 6.243902 1.24878 11.239025 1.248781 22.478049 0 42.458537-16.234146 47.453658-37.463415 64.936585 6.243902 121.131707 0 166.087805-18.731707l4.995122-2.497561zM243.512195 554.458537c42.458537 37.463415 93.658537 74.926829 147.356098 107.395122-1.24878 3.746341-1.24878 6.243902-1.248781 9.990243 0 9.990244 2.497561 19.980488 6.243903 28.721952-84.917073 77.42439-139.863415 158.595122-144.858537 226.029268-14.985366-9.990244-28.721951-18.731707-42.458537-29.970732-36.214634-81.170732-26.22439-206.04878 27.473171-337.170731 2.497561-3.746341 4.995122-4.995122 7.492683-4.995122z m-174.829268-247.258537c14.985366 57.443902 52.44878 119.882927 107.395122 181.073171-3.746341 6.243902-6.243902 14.985366-6.243903 22.478049 0 22.478049 14.985366 39.960976 33.717074 47.453658-42.458537 109.892683-56.195122 214.790244-38.712196 298.458537C77.42439 768 22.478049 645.619512 22.478049 512c0-69.931707 14.985366-136.117073 42.458536-197.307317l3.746342-7.492683z m694.321951 434.57561c74.926829-74.926829 164.839024-109.892683 218.536585-93.658537-6.243902 21.229268-13.736585 42.458537-22.478048 62.439025-36.214634 44.956098-112.390244 61.190244-206.048781 51.2-1.24878-2.497561-1.24878-3.746341-3.746341-6.243903l13.736585-13.736585zM568.195122 611.902439c177.326829-102.4 357.15122-132.370732 432.078049-82.419512-1.24878 31.219512-4.995122 62.439024-12.487805 91.160975-66.185366-19.980488-166.087805 19.980488-247.258537 101.15122-3.746341 3.746341-9.990244 9.990244-13.736585 14.985366-6.243902-2.497561-12.487805-3.746341-19.980488-3.746342-14.985366 0-27.473171 6.243902-36.214634 16.234147-51.2-12.487805-107.395122-31.219512-162.341463-57.443903 2.497561-6.243902 3.746341-12.487805 3.746341-19.980488s-1.24878-14.985366-3.746341-21.229268c19.980488-14.985366 38.712195-27.473171 59.941463-38.712195zM911.609756 229.77561c52.44878 74.926829 84.917073 166.087805 88.663415 264.741463-93.658537-44.956098-272.234146-9.990244-447.063415 91.160976-21.229268 12.487805-42.458537 26.22439-61.190244 38.712195-11.239024-9.990244-24.97561-14.985366-39.960975-14.985366-19.980488 0-37.463415 9.990244-48.702439 23.726829-52.44878-31.219512-98.653659-66.185366-139.863415-101.151219 2.497561-6.243902 3.746341-13.736585 3.746341-19.980488s-1.24878-11.239024-2.497561-16.234146c16.234146-31.219512 34.965854-63.687805 56.195122-96.156098 11.239024-16.234146 22.478049-32.468293 34.965854-47.453658 2.497561 1.24878 6.243902 1.24878 9.990244 1.24878 14.985366 0 27.473171-8.741463 32.468293-19.980488 43.707317 6.243902 89.912195 11.239024 138.614634 11.239025 167.336585-1.24878 313.443902-47.453659 374.634146-114.887805z m-771.746341-34.965854c22.478049 52.44878 93.658537 96.156098 189.814634 121.131707v-1.24878 3.746341c0 3.746341 1.24878 6.243902 2.497561 9.990244l1.24878 3.746342c-12.487805 16.234146-23.726829 32.468293-36.214634 49.951219-19.980488 28.721951-36.214634 58.692683-52.44878 87.414634-7.492683-4.995122-16.234146-7.492683-26.224391-7.492683-7.492683 0-14.985366 1.24878-21.229268 4.995122-63.687805-71.180488-102.4-143.609756-106.146341-202.302439 12.487805-22.478049 28.721951-43.707317 44.956097-63.687804l3.746342-6.243903zM398.360976 299.707317C544.468293 138.614634 720.546341 67.434146 820.44878 134.868293l1.248781-1.248781c26.22439 21.229268 49.95122 44.956098 71.180488 71.180488-49.95122 61.190244-191.063415 107.395122-355.902439 107.395122-49.95122 0-96.156098-3.746341-139.863415-11.239024h2.497561c0 1.24878 0 0-1.24878-1.248781zM512 22.478049c82.419512 0 161.092683 19.980488 229.77561 57.443902-109.892683-4.995122-248.507317 71.180488-364.643903 201.053659-3.746341-1.24878-6.243902-1.24878-11.239024-1.248781-9.990244 0-18.731707 3.746341-26.22439 9.990244-98.653659-26.22439-167.336585-69.931707-177.32683-118.634146C251.004878 79.921951 374.634146 22.478049 512 22.478049z\" fill=\"#1788FF\">\u003C/path>\u003Cpath d=\"M513.24878 11.239024C238.517073 11.239024 16.234146 233.521951 16.234146 508.253659S237.268293 1005.268293 513.24878 1005.268293s497.014634-222.282927 497.014635-497.014634S787.980488 11.239024 513.24878 11.239024z m0 11.239025c267.239024 0 484.526829 217.287805 484.52683 484.526829s-216.039024 487.02439-484.52683 487.02439S28.721951 776.741463 28.721951 508.253659 244.760976 22.478049 513.24878 22.478049z\" fill=\"#007BEA\">\u003C/path>\u003C/symbol>\u003Csymbol id=\"iconarrow_down_blue\" viewBox=\"0 0 1024 1024\">\u003Cpath d=\"M506.026667 768.853333c-11.093333-1.706667-21.333333-6.826667-29.013334-14.506666L58.026667 328.533333c-14.506667-15.36-14.506667-39.253333 0-54.613333 15.36-14.506667 39.253333-14.506667 54.613333 0L512 679.253333l399.36-405.333333c15.36-14.506667 39.253333-14.506667 54.613333 0 14.506667 15.36 14.506667 39.253333 0 54.613333L546.986667 754.346667c-8.533333 8.533333-18.773333 12.8-29.013334 14.506666-5.12 0.853333-9.386667 0.853333-11.946666 0z\" fill=\"#0086E6\">\u003C/path>\u003C/symbol>\u003Csymbol id=\"iconarrow_up_blue\" viewBox=\"0 0 1024 1024\">\u003Cpath d=\"M506.026667 263.68c-11.093333 1.706667-21.333333 6.826667-29.013334 14.506667L58.026667 704c-14.506667 15.36-14.506667 39.253333 0 54.613333 15.36 14.506667 39.253333 14.506667 54.613333 0L512 353.28l399.36 405.333333c15.36 14.506667 39.253333 14.506667 54.613333 0 14.506667-15.36 14.506667-39.253333 0-54.613333L546.986667 278.186667c-8.533333-8.533333-18.773333-12.8-29.013334-14.506667-5.12-0.853333-9.386667-0.853333-11.946666 0z\" fill=\"#0086E6\">\u003C/path>\u003C/symbol>\u003Csymbol id=\"iconBack\" viewBox=\"0 0 1024 1024\">\u003Cpath d=\"M371.626667 512l389.333333 357.973333a21.162667 21.162667 0 0 1 7.04 15.573334c0 5.845333-2.56 11.434667-7.04 15.530666l-33.834667 31.146667a25.045333 25.045333 0 0 1-16.938666 6.442667 25.045333 25.045333 0 0 1-16.938667-6.442667l-423.253333-389.12A42.282667 42.282667 0 0 1 256 512c0-11.690667 5.034667-22.869333 14.037333-31.146667l423.210667-389.077333A25.045333 25.045333 0 0 1 710.186667 85.333333c6.314667 0 12.416 2.304 16.896 6.442667l33.877333 31.146667a21.930667 21.930667 0 0 1 5.205333 7.125333 20.437333 20.437333 0 0 1 0 16.853333 21.930667 21.930667 0 0 1-5.205333 7.125334L371.626667 512z\" fill=\"#1D2129\">\u003C/path>\u003C/symbol>\u003Csymbol id=\"iconNext\" viewBox=\"0 0 1024 1024\">\u003Cpath d=\"M652.373333 512l-389.333333 357.973333a21.162667 21.162667 0 0 0-7.04 15.573334c0 5.845333 2.56 11.434667 7.04 15.530666l33.834667 31.146667a25.045333 25.045333 0 0 0 16.938666 6.442667 25.045333 25.045333 0 0 0 16.938667-6.442667l423.253333-389.12A42.282667 42.282667 0 0 0 768 512a42.282667 42.282667 0 0 0-14.037333-31.146667L330.752 91.818667A25.045333 25.045333 0 0 0 313.813333 85.333333a25.045333 25.045333 0 0 0-16.896 6.442667l-33.877333 31.146667a21.973333 21.973333 0 0 0-5.205333 7.125333 20.48 20.48 0 0 0 5.205333 23.978667L652.373333 512z\" fill=\"#1D2129\">\u003C/path>\u003C/symbol>\u003Csymbol id=\"icona-Deleteall\" viewBox=\"0 0 1024 1024\">\u003Cpath d=\"M511.146667 1009.493333c-273.066667 0-494.933333-221.866667-494.933334-494.933333s221.866667-494.933333 494.933334-494.933333 494.933333 221.866667 494.933333 494.933333c-0.853333 273.066667-222.72 494.933333-494.933333 494.933333z m0-913.066666c-230.4 0-418.133333 187.733333-418.133334 418.133333s187.733333 418.133333 418.133334 418.133333 418.133333-187.733333 418.133333-418.133333-187.733333-418.133333-418.133333-418.133333z\" fill=\"#333333\">\u003C/path>\u003Cpath d=\"M768.853333 402.773333H254.293333c-18.773333 0-34.133333-15.36-34.133333-34.133333s15.36-34.133333 34.133333-34.133333h514.56c18.773333 0 34.133333 15.36 34.133334 34.133333s-15.36 34.133333-34.133334 34.133333zM416.426667 679.253333c-18.773333 0-34.133333-15.36-34.133334-34.133333V532.48c0-18.773333 15.36-34.133333 34.133334-34.133333s34.133333 15.36 34.133333 34.133333v112.64c0 18.773333-14.506667 34.133333-34.133333 34.133333zM511.146667 679.253333c-18.773333 0-34.133333-15.36-34.133334-34.133333V532.48c0-18.773333 15.36-34.133333 34.133334-34.133333s34.133333 15.36 34.133333 34.133333v112.64c0 18.773333-15.36 34.133333-34.133333 34.133333zM605.013333 679.253333c-18.773333 0-34.133333-15.36-34.133333-34.133333V532.48c0-18.773333 15.36-34.133333 34.133333-34.133333s34.133333 15.36 34.133334 34.133333v112.64c0 18.773333-15.36 34.133333-34.133334 34.133333z\" fill=\"#333333\">\u003C/path>\u003Cpath d=\"M654.506667 824.32H367.786667c-48.64 0-87.893333-39.253333-87.893334-87.893333V334.506667H742.4v401.92c0 48.64-39.253333 87.893333-87.893333 87.893333zM349.013333 402.773333v333.653334c0 10.24 8.533333 19.626667 19.626667 19.626666h286.72c10.24 0 19.626667-8.533333 19.626667-19.626666V402.773333H349.013333zM439.466667 333.653333c2.56-36.693333 34.133333-66.56 71.68-66.56s68.266667 29.013333 71.68 66.56h68.266666c-2.56-74.24-64-134.826667-139.946666-134.826666-75.093333 0-136.533333 59.733333-139.946667 134.826666h68.266667z\" fill=\"#333333\">\u003C/path>\u003C/symbol>\u003Csymbol id=\"iconNew_tag1\" viewBox=\"0 0 1024 1024\">\u003Cpath d=\"M899.84 85.333333a37.12 37.12 0 0 1 27.477333 12.501334c7.253333 7.978667 11.349333 18.858667 11.349334 30.165333v768c0 11.306667-4.096 22.186667-11.349334 30.165333a37.12 37.12 0 0 1-27.434666 12.501334H124.117333a37.12 37.12 0 0 1-27.434666-12.501334A44.928 44.928 0 0 1 85.333333 896V128c0-11.306667 4.096-22.186667 11.349334-30.165333A37.12 37.12 0 0 1 124.16 85.333333h775.765333z m-38.741333 85.333334H162.901333v682.666666h698.197334V170.666667z\" fill=\"#1D2129\">\u003C/path>\u003Cpath d=\"M548.437333 304.896A21.333333 21.333333 0 0 1 554.666667 320V469.333333h149.333333a21.333333 21.333333 0 0 1 21.333333 21.333334v42.666666a21.333333 21.333333 0 0 1-21.333333 21.333334H554.666667v149.333333a21.333333 21.333333 0 0 1-21.333334 21.333333h-42.666666a21.333333 21.333333 0 0 1-21.333334-21.333333V554.666667H320a21.333333 21.333333 0 0 1-21.333333-21.333334v-42.666666a21.333333 21.333333 0 0 1 21.333333-21.333334H469.333333V320a21.333333 21.333333 0 0 1 21.333334-21.333333h42.666666a21.333333 21.333333 0 0 1 15.104 6.229333z\" fill=\"#1D2129\">\u003C/path>\u003C/symbol>\u003Csymbol id=\"iconcss\" viewBox=\"0 0 1024 1024\">\u003Cpath d=\"M147.626667 23.893333h512l243.2 246.613334v704.853333c0 15.36-11.946667 27.306667-27.306667 27.306667H147.626667c-15.36 0-27.306667-11.946667-27.306667-27.306667V51.2c0-15.36 12.8-27.306667 27.306667-27.306667z m0 0\" fill=\"#5E6D96\">\u003C/path>\u003Cpath d=\"M659.626667 23.893333v219.306667c0 15.36 11.946667 27.306667 27.306666 27.306667h215.893334L659.626667 23.893333z m0 0\" fill=\"#8695C0\">\u003C/path>\u003Cpath d=\"M252.586667 512v-29.866667l168.96-66.56v33.28l-76.8 27.306667-52.053334 18.773333v1.706667l52.053334 18.773333 76.8 28.16v33.28L252.586667 512zM602.453333 545.28l76.8-28.16 52.053334-18.773333v-1.706667L679.253333 477.866667l-76.8-27.306667v-33.28l168.96 66.56V512l-168.96 65.706667v-32.426667z\" fill=\"#FFFFFF\">\u003C/path>\u003Cpath d=\"M553.813333 359.253333h27.306667L485.546667 583.68h-27.306667l95.573333-224.426667z\" fill=\"#FFFFFF\">\u003C/path>\u003C/symbol>\u003Csymbol id=\"iconexe\" viewBox=\"0 0 1024 1024\">\u003Cpath d=\"M135.68 12.8h522.24L906.24 264.533333v719.36c0 15.36-12.8 28.16-28.16 28.16h-742.4c-15.36 0-28.16-12.8-28.16-28.16V40.106667c0-15.36 12.8-27.306667 28.16-27.306667z m0 0\" fill=\"#5993F7\">\u003C/path>\u003Cpath d=\"M657.92 12.8v223.573333c0 15.36 12.8 28.16 28.16 28.16h221.013333L657.92 12.8z m0 0\" fill=\"#82B0FF\">\u003C/path>\u003Cpath d=\"M677.546667 697.173333h-341.333334c-30.72 0-56.32-24.746667-56.32-56.32v-238.933333c0-30.72 24.746667-56.32 56.32-56.32h342.186667c30.72 0 56.32 24.746667 56.32 56.32v238.933333c-0.853333 30.72-25.6 56.32-57.173333 56.32z m-341.333334-322.56c-15.36 0-27.306667 11.946667-27.306666 27.306667v238.933333c0 15.36 11.946667 27.306667 27.306666 27.306667h342.186667c15.36 0 27.306667-11.946667 27.306667-27.306667v-238.933333c0-15.36-11.946667-27.306667-27.306667-27.306667H336.213333zM421.546667 724.48h170.666666v37.546667h-170.666666z\" fill=\"#FFFFFF\">\u003C/path>\u003Cpath d=\"M517.973333 421.546667h58.88v37.546666h-58.88zM586.24 421.546667h58.88v37.546666h-58.88z\" fill=\"#FFFFFF\">\u003C/path>\u003C/symbol>\u003Csymbol id=\"icondoc\" viewBox=\"0 0 1024 1024\">\u003Cpath d=\"M149.333333 17.92h517.973334L913.066667 267.093333v713.386667c0 15.36-11.946667 27.306667-27.306667 27.306667H149.333333c-15.36 0-27.306667-11.946667-27.306666-27.306667V45.226667c-0.853333-14.506667 11.946667-27.306667 27.306666-27.306667z m0 0\" fill=\"#5993F7\">\u003C/path>\u003Cpath d=\"M666.453333 17.92v221.866667c0 15.36 11.946667 27.306667 27.306667 27.306666H913.066667L666.453333 17.92z m0 0M778.24 658.773333H247.466667c-11.946667 0-21.333333-9.386667-21.333334-21.333333v-1.706667c0-11.946667 9.386667-21.333333 21.333334-21.333333h530.773333c11.946667 0 21.333333 9.386667 21.333333 21.333333v1.706667c0 11.093333-9.386667 21.333333-21.333333 21.333333zM547.84 756.906667H246.613333c-11.093333 0-20.48-9.386667-20.48-20.48v-3.413334c0-11.093333 9.386667-20.48 20.48-20.48h301.226667c11.093333 0 20.48 9.386667 20.48 20.48v3.413334c0 11.093333-9.386667 20.48-20.48 20.48zM448.853333 855.893333H243.2c-9.386667 0-17.066667-7.68-17.066667-17.066666v-10.24c0-9.386667 7.68-17.066667 17.066667-17.066667h205.653333c9.386667 0 17.066667 7.68 17.066667 17.066667v10.24c0 9.386667-7.68 17.066667-17.066667 17.066666z\" fill=\"#82B0FF\">\u003C/path>\u003Cpath d=\"M231.253333 285.866667h40.96l16.213334 98.986666c3.413333 21.333333 5.973333 42.666667 9.386666 64.853334h0.853334c4.266667-21.333333 8.533333-43.52 12.8-64.853334l23.893333-98.986666h34.133333l23.893334 98.986666c4.266667 20.48 8.533333 42.666667 12.8 64.853334h1.706666c3.413333-22.186667 5.973333-43.52 9.386667-64.853334l16.213333-98.986666h38.4l-37.546666 203.093333H384l-23.04-99.84c-3.413333-16.213333-5.973333-31.573333-8.533333-46.933333h-0.853334c-2.56 15.36-5.12 30.72-8.533333 46.933333l-22.186667 99.84h-49.493333l-40.106667-203.093333z\" fill=\"#FFFFFF\">\u003C/path>\u003C/symbol>\u003Csymbol id=\"iconfile\" viewBox=\"0 0 1024 1024\">\u003Cpath d=\"M136.533333 12.8h522.24L907.093333 264.533333v719.36c0 15.36-12.8 28.16-28.16 28.16H136.533333c-15.36 0-28.16-12.8-28.16-28.16V40.106667c0.853333-15.36 12.8-27.306667 28.16-27.306667z m0 0\" fill=\"#94C9FF\">\u003C/path>\u003Cpath d=\"M659.626667 12.8v223.573333c0 15.36 12.8 28.16 28.16 28.16h221.013333L659.626667 12.8z m0 0\" fill=\"#BFDFFF\">\u003C/path>\u003Cpath d=\"M353.28 407.04l296.106667-68.266667c35.84-8.533333 50.346667 26.453333 50.346666 48.64v304.64c0 22.186667-15.36 57.173333-50.346666 48.64l-296.106667-68.266666c-19.626667-4.266667-36.693333-17.92-36.693333-40.106667V447.146667c0-22.186667 17.066667-34.986667 36.693333-40.106667zM375.466667 426.666667c-31.573333 6.826667-31.573333 7.68-31.573334 34.133333v158.72c0 26.453333 9.386667 29.013333 31.573334 34.133333l253.44 58.026667c43.52 11.093333 43.52-2.56 43.52-41.813333V409.6c0-36.693333-2.56-51.2-43.52-41.813333L375.466667 426.666667z\" fill=\"#FFFFFF\">\u003C/path>\u003Cpath d=\"M342.186667 445.44l333.653333 82.773333v29.013334l-333.653333-85.333334z\" fill=\"#FFFFFF\">\u003C/path>\u003Cpath d=\"M549.546667 523.946667l-53.76 157.866666 24.746666 5.973334 55.466667-157.013334z\" fill=\"#FFFFFF\">\u003C/path>\u003C/symbol>\u003Csymbol id=\"iconjpg\" viewBox=\"0 0 1024 1024\">\u003Cpath d=\"M143.36 12.8H665.6L913.92 264.533333v719.36c0 15.36-12.8 28.16-28.16 28.16h-742.4c-15.36 0-28.16-12.8-28.16-28.16V40.106667c0.853333-15.36 12.8-27.306667 28.16-27.306667z m0 0\" fill=\"#73B9FF\">\u003C/path>\u003Cpath d=\"M665.6 12.8v223.573333c0 15.36 12.8 28.16 28.16 28.16h221.013333L665.6 12.8z m0 0\" fill=\"#99CCFF\">\u003C/path>\u003Cpath d=\"M407.893333 374.613333m-61.44 0a61.44 61.44 0 1 0 122.88 0 61.44 61.44 0 1 0-122.88 0Z\" fill=\"#FFFFFF\">\u003C/path>\u003Cpath d=\"M318.293333 659.626667c22.186667-47.786667 58.88-125.44 68.266667-143.36l5.12-7.68c11.093333-11.093333 43.52-37.546667 53.76 19.626666 0.853333 5.973333 0 11.093333-1.706667 16.213334l-15.36 33.28c-8.533333 18.773333 5.973333 40.106667 26.453334 39.253333 9.386667-0.853333 18.773333-6.826667 23.04-15.36l87.893333-176.64c10.24-20.48 40.106667-20.48 49.493333 0.853333L725.333333 659.626667c8.533333 17.92-5.12 39.253333-24.746666 39.253333H343.04c-20.48 0-33.28-20.48-24.746667-39.253333z\" fill=\"#FFFFFF\">\u003C/path>\u003C/symbol>\u003Csymbol id=\"iconmp3\" viewBox=\"0 0 1024 1024\">\u003Cpath d=\"M138.24 12.8h522.24L908.8 264.533333v719.36c0 15.36-12.8 28.16-28.16 28.16h-742.4c-15.36 0-28.16-12.8-28.16-28.16V40.106667c0.853333-15.36 12.8-27.306667 28.16-27.306667z m0 0\" fill=\"#C36DFF\">\u003C/path>\u003Cpath d=\"M660.48 12.8v223.573333c0 15.36 12.8 28.16 28.16 28.16h221.013333L660.48 12.8z m0 0\" fill=\"#D08EFF\">\u003C/path>\u003Cpath d=\"M439.466667 515.413333c-66.56 0-121.173333 54.613333-121.173334 121.173334 0 66.56 54.613333 121.173333 121.173334 121.173333s121.173333-54.613333 121.173333-121.173333c0-67.413333-54.613333-121.173333-121.173333-121.173334z m0 201.386667c-44.373333 0-81.066667-35.84-81.066667-81.066667 0-44.373333 35.84-81.066667 81.066667-81.066666s81.066667 35.84 81.066666 81.066666c-0.853333 45.226667-36.693333 81.066667-81.066666 81.066667zM640.853333 579.413333c-5.973333 0-11.093333-2.56-15.36-6.826666-3.413333-4.266667-5.12-9.386667-5.12-14.506667s2.56-10.24 6.826667-13.653333c31.573333-28.16 42.666667-72.533333 27.306667-111.786667-14.506667-39.253333-52.053333-65.706667-93.866667-65.706667-11.093333 0-20.48-9.386667-20.48-20.48 0-11.093333 9.386667-20.48 20.48-20.48 77.653333 0 141.653333 63.146667 141.653333 141.653334 0 40.96-17.066667 79.36-47.786666 105.813333-4.266667 4.266667-8.533333 5.973333-13.653334 5.973333z\" fill=\"#FFFFFF\">\u003C/path>\u003Cpath d=\"M519.68 326.826667h40.106667v309.76h-40.106667z\" fill=\"#FFFFFF\">\u003C/path>\u003C/symbol>\u003Csymbol id=\"iconpdf\" viewBox=\"0 0 1024 1024\">\u003Cpath d=\"M138.24 11.946667h522.24l249.173333 250.88v720.213333c0 15.36-11.946667 27.306667-27.306666 27.306667H138.24c-15.36 0-27.306667-11.946667-27.306667-27.306667V40.96c0-15.36 11.946667-29.013333 27.306667-29.013333z m0 0\" fill=\"#F16A6A\">\u003C/path>\u003Cpath d=\"M660.48 11.946667v223.573333c0 15.36 11.946667 27.306667 27.306667 27.306667h220.16L660.48 11.946667z m0 0\" fill=\"#FF9B9B\">\u003C/path>\u003Cpath d=\"M907.946667 988.16v-122.88H836.266667c-240.64-221.866667-261.12-399.36-261.12-399.36-3.413333-13.653333-29.013333-49.493333-29.013334-49.493333-29.013333-46.08-52.906667 29.013333-52.906666 29.013333L133.12 1010.346667h80.213333l15.36-22.186667L426.666667 955.733333c199.68-27.306667 377.173333-32.426667 377.173333-32.426666l104.106667 64.853333zM252.586667 955.733333s232.106667-324.266667 262.826666-418.133333c0 0 112.64 245.76 226.986667 334.506667L252.586667 955.733333z\" fill=\"#FFFFFF\">\u003C/path>\u003C/symbol>\u003Csymbol id=\"iconmp4\" viewBox=\"0 0 1024 1024\">\u003Cpath d=\"M140.8 12.8h522.24L911.36 264.533333v719.36c0 15.36-12.8 28.16-28.16 28.16h-742.4c-15.36 0-28.16-12.8-28.16-28.16V40.106667c0-15.36 12.8-27.306667 28.16-27.306667z m0 0\" fill=\"#8465FF\">\u003C/path>\u003Cpath d=\"M663.04 12.8v223.573333c0 15.36 12.8 28.16 28.16 28.16h221.013333L663.04 12.8z m0 0\" fill=\"#A791FF\">\u003C/path>\u003Cpath d=\"M384 512V345.6c0-20.48 25.6-30.72 42.666667-17.92l91.306666 75.093333L630.613333 494.933333c11.093333 9.386667 11.093333 25.6 0 34.986667L518.826667 621.226667 426.666667 696.32c-16.213333 13.653333-42.666667 2.56-42.666667-17.92V512z\" fill=\"#FFFFFF\">\u003C/path>\u003C/symbol>\u003Csymbol id=\"iconphp\" viewBox=\"0 0 1024 1024\">\u003Cpath d=\"M142.506667 12.8h522.24L913.066667 263.68v719.36c0 15.36-12.8 28.16-28.16 28.16h-742.4c-15.36 0-28.16-12.8-28.16-28.16V40.106667c0-15.36 12.8-27.306667 28.16-27.306667z m0 0\" fill=\"#5E6D96\">\u003C/path>\u003Cpath d=\"M664.746667 12.8v223.573333c0 15.36 12.8 28.16 28.16 28.16H913.066667L664.746667 12.8z m0 0\" fill=\"#8695C0\">\u003C/path>\u003Cpath d=\"M271.36 530.773333a242.346667 156.16 0 1 0 484.693333 0 242.346667 156.16 0 1 0-484.693333 0Z\" fill=\"#FFFFFF\">\u003C/path>\u003Cpath d=\"M365.226667 468.48h40.106666c27.306667 0 47.786667 9.386667 47.786667 38.4 0 28.16-21.333333 40.96-47.786667 40.96h-16.213333v43.52h-24.746667V468.48z m39.253333 59.733333c17.066667 0 24.746667-6.826667 24.746667-21.333333s-8.533333-18.773333-25.6-18.773333h-13.653334v40.106666h14.506667zM474.453333 459.093333h23.893334v33.28l-0.853334 17.066667c7.68-6.826667 16.213333-13.653333 29.013334-13.653333 20.48 0 29.013333 13.653333 29.013333 37.546666v58.026667h-24.746667v-54.613333c0-14.506667-4.266667-19.626667-12.8-19.626667-7.68 0-12.8 3.413333-19.626666 10.24v64h-23.893334V459.093333zM581.973333 468.48h40.106667c27.306667 0 47.786667 9.386667 47.786667 38.4 0 28.16-21.333333 40.96-47.786667 40.96H605.866667v43.52h-24.746667V468.48z m39.253334 59.733333c17.066667 0 24.746667-6.826667 24.746666-21.333333s-8.533333-18.773333-25.6-18.773333h-13.653333v40.106666h14.506667z\" fill=\"#5E6D96\">\u003C/path>\u003C/symbol>\u003Csymbol id=\"iconppt\" viewBox=\"0 0 1024 1024\">\u003Cpath d=\"M140.8 12.8h522.24L911.36 264.533333v719.36c0 15.36-12.8 28.16-28.16 28.16h-742.4c-15.36 0-28.16-12.8-28.16-28.16V40.106667c0-15.36 12.8-27.306667 28.16-27.306667z m0 0\" fill=\"#FF9752\">\u003C/path>\u003Cpath d=\"M663.04 12.8v223.573333c0 15.36 12.8 28.16 28.16 28.16h221.013333L663.04 12.8z m0 0\" fill=\"#FFB07B\">\u003C/path>\u003Cpath d=\"M391.68 384.853333h109.226667c74.24 0 130.56 25.6 130.56 104.96 0 75.946667-57.173333 110.08-128.853334 110.08h-44.373333v118.613334h-66.56V384.853333z m106.666667 162.133334c46.08 0 68.266667-19.626667 68.266666-58.026667s-24.746667-52.053333-69.973333-52.053333h-37.546667V546.133333h39.253334z\" fill=\"#FFFEFE\">\u003C/path>\u003C/symbol>\u003Csymbol id=\"iconpsd\" viewBox=\"0 0 1024 1024\">\u003Cpath d=\"M136.533333 12.8h522.24L907.093333 264.533333v719.36c0 15.36-12.8 28.16-28.16 28.16H136.533333c-15.36 0-28.16-12.8-28.16-28.16V40.106667c0-15.36 12.8-27.306667 28.16-27.306667z m0 0\" fill=\"#73B9FF\">\u003C/path>\u003Cpath d=\"M658.773333 12.8v223.573333c0 15.36 12.8 28.16 28.16 28.16h221.013334L658.773333 12.8z m0 0\" fill=\"#99CCFF\">\u003C/path>\u003Cpath d=\"M302.08 385.706667h91.306667c61.44 0 109.226667 21.333333 109.226666 87.04 0 63.146667-47.786667 92.16-107.52 92.16h-37.546666v98.986666h-55.466667V385.706667z m88.746667 135.68c38.4 0 56.32-16.213333 56.32-47.786667 0-32.426667-20.48-43.52-58.88-43.52h-31.573334v91.306667h34.133334zM529.066667 628.053333l31.573333-38.4c19.626667 18.773333 46.08 30.72 70.826667 30.72 29.013333 0 44.373333-12.8 44.373333-31.573333 0-20.48-17.066667-27.306667-41.813333-37.546667L597.333333 535.893333c-28.16-11.946667-56.32-34.133333-56.32-75.093333 0-45.226667 40.106667-80.213333 96.426667-80.213333 32.426667 0 64.853333 12.8 87.04 35.84l-28.16 34.986666c-17.92-14.506667-35.84-23.04-58.88-23.04-24.746667 0-40.106667 11.093333-40.106667 29.013334 0 19.626667 19.626667 27.306667 43.52 36.693333l36.693334 15.36c34.133333 13.653333 56.32 34.986667 56.32 75.093333 0 45.226667-37.546667 84.48-102.4 84.48-37.546667 0-75.093333-14.506667-102.4-40.96z\" fill=\"#FCFDFF\">\u003C/path>\u003C/symbol>\u003Csymbol id=\"iconswf\" viewBox=\"0 0 1024 1024\">\u003Cpath d=\"M140.8 12.8h522.24L911.36 264.533333v719.36c0 15.36-12.8 28.16-28.16 28.16h-742.4c-15.36 0-28.16-12.8-28.16-28.16V40.106667c0-15.36 12.8-27.306667 28.16-27.306667z m0 0\" fill=\"#F16A6A\">\u003C/path>\u003Cpath d=\"M663.04 12.8v223.573333c0 15.36 12.8 28.16 28.16 28.16h221.013333L663.04 12.8z m0 0\" fill=\"#FF9B9B\">\u003C/path>\u003Cpath d=\"M347.306667 726.186667v-70.826667S469.333333 643.413333 493.226667 486.4c0.853333-8.533333 3.413333-16.213333 6.826666-23.893333C515.413333 426.666667 565.76 332.8 678.4 337.066667v86.186666s-93.866667 14.506667-102.4 81.066667h63.146667v79.36H539.306667S503.466667 730.453333 347.306667 726.186667z\" fill=\"#FCFDFF\">\u003C/path>\u003C/symbol>\u003Csymbol id=\"icontxt\" viewBox=\"0 0 1024 1024\">\u003Cpath d=\"M140.8 12.8h522.24L911.36 264.533333v719.36c0 15.36-12.8 28.16-28.16 28.16h-742.4c-15.36 0-28.16-12.8-28.16-28.16V40.106667c0-15.36 12.8-27.306667 28.16-27.306667z m0 0\" fill=\"#5993F7\">\u003C/path>\u003Cpath d=\"M663.04 12.8v223.573333c0 15.36 12.8 28.16 28.16 28.16h221.013333L663.04 12.8z m0 0\" fill=\"#82B0FF\">\u003C/path>\u003Cpath d=\"M456.533333 443.733333H366.933333v-52.906666h242.346667V443.733333H519.68v264.533334h-63.146667V443.733333z\" fill=\"#FCFDFF\">\u003C/path>\u003C/symbol>\u003Csymbol id=\"iconxls\" viewBox=\"0 0 1024 1024\">\u003Cpath d=\"M133.973333 12.8h522.24L904.533333 264.533333v719.36c0 15.36-12.8 28.16-28.16 28.16h-742.4c-15.36 0-28.16-12.8-28.16-28.16V40.106667c0.853333-15.36 12.8-27.306667 28.16-27.306667z m0 0\" fill=\"#6FC470\">\u003C/path>\u003Cpath d=\"M656.213333 12.8v223.573333c0 15.36 12.8 28.16 28.16 28.16h221.013334L656.213333 12.8z m0 0\" fill=\"#85DB86\">\u003C/path>\u003Cpath d=\"M282.453333 349.013333l-47.786666-78.506666h46.08l16.213333 29.013333c4.266667 9.386667 9.386667 18.773333 14.506667 27.306667h0.853333c3.413333-9.386667 8.533333-18.773333 11.946667-27.306667l13.653333-29.013333h44.373333l-47.786666 83.626666 51.2 81.066667h-46.08l-17.92-29.866667c-5.12-9.386667-10.24-19.626667-16.213334-29.013333h-1.706666c-4.266667 9.386667-9.386667 18.773333-13.653334 29.013333L274.773333 435.2H230.4l52.053333-86.186667z\" fill=\"#FCFDFF\">\u003C/path>\u003Cpath d=\"M453.973333 639.146667H251.733333c-12.8 0-23.04-10.24-23.04-23.04 0-12.8 10.24-23.04 23.04-23.04h202.24c12.8 0 23.04 10.24 23.04 23.04 0 12.8-11.093333 23.04-23.04 23.04zM760.32 639.146667H558.08c-12.8 0-23.04-10.24-23.04-23.04 0-12.8 10.24-23.04 23.04-23.04h202.24c12.8 0 23.04 10.24 23.04 23.04-0.853333 12.8-11.093333 23.04-23.04 23.04zM453.973333 729.6H251.733333c-12.8 0-23.04-10.24-23.04-23.04 0-12.8 10.24-23.04 23.04-23.04h202.24c12.8 0 23.04 10.24 23.04 23.04 0 12.8-11.093333 23.04-23.04 23.04zM760.32 729.6H558.08c-12.8 0-23.04-10.24-23.04-23.04 0-12.8 10.24-23.04 23.04-23.04h202.24c12.8 0 23.04 10.24 23.04 23.04-0.853333 12.8-11.093333 23.04-23.04 23.04zM453.973333 820.053333H251.733333c-12.8 0-23.04-10.24-23.04-23.04 0-12.8 10.24-23.04 23.04-23.04h202.24c12.8 0 23.04 10.24 23.04 23.04 0 12.8-11.093333 23.04-23.04 23.04zM760.32 820.053333H558.08c-12.8 0-23.04-10.24-23.04-23.04 0-12.8 10.24-23.04 23.04-23.04h202.24c12.8 0 23.04 10.24 23.04 23.04-0.853333 12.8-11.093333 23.04-23.04 23.04z\" fill=\"#A8DBA9\">\u003C/path>\u003C/symbol>\u003Csymbol id=\"iconinfo_1\" viewBox=\"0 0 1024 1024\">\u003Cpath d=\"M512 85.333333c235.648 0 426.666667 191.018667 426.666667 426.666667s-191.018667 426.666667-426.666667 426.666667S85.333333 747.648 85.333333 512 276.352 85.333333 512 85.333333z m0 77.568a349.098667 349.098667 0 1 0 0 698.197334 349.098667 349.098667 0 0 0 0-698.197334z m19.370667 290.901334a19.413333 19.413333 0 0 1 19.413333 19.413333v174.506667h31.530667a19.370667 19.370667 0 0 1 19.370666 19.413333v41.216a19.413333 19.413333 0 0 1-19.370666 19.413333h-147.882667a19.413333 19.413333 0 0 1-19.413333-19.413333v-41.216a19.370667 19.370667 0 0 1 19.413333-19.370667h38.784v-113.92h-19.413333a19.370667 19.370667 0 0 1-19.370667-19.413333v-41.216a19.370667 19.370667 0 0 1 19.370667-19.413333h77.610666z m0-155.136a19.413333 19.413333 0 0 1 19.413333 19.413333v58.154667a19.413333 19.413333 0 0 1-19.413333 19.413333h-58.154667a19.413333 19.413333 0 0 1-19.413333-19.413333V318.08A19.413333 19.413333 0 0 1 473.216 298.666667h58.197333z\" fill=\"#6B7785\">\u003C/path>\u003C/symbol>\u003Csymbol id=\"iconshortcut\" viewBox=\"0 0 1024 1024\">\u003Cpath d=\"M866.133333 1024h-708.266666C70.826667 1024 0 953.173333 0 866.133333v-708.266666C0 70.826667 70.826667 0 157.866667 0h708.266666C953.173333 0 1024 70.826667 1024 157.866667v708.266666c0 87.04-70.826667 157.866667-157.866667 157.866667z\" fill=\"#F5F5F5\">\u003C/path>\u003Cpath d=\"M290.133333 198.826667h491.52V699.733333c-11.946667-12.8-21.333333-23.893333-31.573333-34.133333-37.546667-37.546667-75.093333-75.093333-111.786667-112.64-5.973333-5.973333-9.386667-8.533333-16.213333-1.706667-47.786667 48.64-98.133333 95.573333-144.213333 146.773334-51.2 57.173333-52.906667 130.56-25.6 189.44 3.413333 7.68 10.24 14.506667 14.506666 22.186666 2.56 4.266667 3.413333 9.386667 5.12 14.506667-5.12 0.853333-10.24 4.266667-15.36 3.413333-40.106667-3.413333-75.946667-17.92-105.813333-44.373333-74.24-65.706667-116.906667-145.92-106.666667-247.466667 5.973333-60.586667 29.013333-113.493333 74.24-157.013333 40.106667-38.4 77.653333-78.506667 116.053334-117.76 7.68-7.68 4.266667-11.093333-1.706667-17.92-46.933333-46.933333-93.866667-93.866667-140.8-141.653333-0.853333 0.853333-0.853333 0-1.706667-2.56z\" fill=\"#7D4DF8\">\u003C/path>\u003C/symbol>\u003Csymbol id=\"iconmore_help\" viewBox=\"0 0 1024 1024\">\u003Cpath d=\"M512 85.333333c235.648 0 426.666667 191.018667 426.666667 426.666667s-191.018667 426.666667-426.666667 426.666667S85.333333 747.648 85.333333 512 276.352 85.333333 512 85.333333z m0 77.568a349.098667 349.098667 0 1 0 0 698.197334 349.098667 349.098667 0 0 0 0-698.197334z m19.370667 504.234667a19.413333 19.413333 0 0 1 19.413333 19.413333V725.333333a19.413333 19.413333 0 0 1-19.413333 19.370667h-38.784a19.370667 19.370667 0 0 1-19.370667-19.370667v-38.826666a19.413333 19.413333 0 0 1 19.413333-19.370667h38.784z m-24.874667-387.84c46.08 0 84.394667 11.136 114.901333 33.450667 30.506667 22.4 45.738667 55.466667 45.738667 99.285333 0 26.88-6.613333 49.493333-19.882667 67.925333-7.765333 11.136-22.613333 25.386667-44.672 42.794667l-21.717333 17.066667c-11.818667 9.301333-19.712 20.181333-23.594667 32.554666-1.024 3.413333-1.962667 9.685333-2.773333 18.901334a19.413333 19.413333 0 0 1-19.285333 17.706666h-43.477334a19.413333 19.413333 0 0 1-19.370666-19.413333v-0.853333l0.085333-0.938667c2.517333-26.965333 5.162667-44.074667 8.021333-51.2 5.333333-13.354667 18.986667-28.714667 41.002667-46.08l22.357333-17.706667c7.338667-5.546667 45.184-32.213333 45.184-55.808s-4.096-32.298667-15.957333-45.226666c-11.818667-12.928-38.528-17.109333-62.592-17.109334-23.68 0-43.904 6.272-53.76 22.186667a112.341333 112.341333 0 0 0-11.050667 23.296c-1.28 3.84-2.176 7.850667-2.816 11.904a19.370667 19.370667 0 0 1-19.114666 16.085333H378.026667a19.370667 19.370667 0 0 1-19.413334-19.370666v-1.066667l0.128-1.109333c0.469333-4.352 0.981333-7.978667 1.536-10.837334 7.552-42.112 26.666667-73.045333 57.429334-92.885333 24.064-15.701333 53.674667-23.594667 88.746666-23.594667z\" fill=\"#6B7785\">\u003C/path>\u003C/symbol>\u003Csymbol id=\"iconsevere\" viewBox=\"0 0 1024 1024\">\u003Cpath d=\"M10.257749 817.493333l478.72-683.52c13.653333-19.626667 36.693333-19.626667 50.346667 0l473.6 683.52c22.186667 32.426667 6.826667 87.04-24.746667 87.04H35.857749c-31.573333 0-47.786667-54.613333-25.6-87.04z\" fill=\"#E64040\">\u003C/path>\u003Cpath d=\"M512.017749 705.706667c-21.333333 0-38.4-17.066667-38.4-38.4V373.76c0-21.333333 17.066667-38.4 38.4-38.4s38.4 17.066667 38.4 38.4v293.546667c0 21.333333-17.92 38.4-38.4 38.4z\" fill=\"#FFFFFF\">\u003C/path>\u003Cpath d=\"M512.017749 774.826667m-38.4 0a38.4 38.4 0 1 0 76.8 0 38.4 38.4 0 1 0-76.8 0Z\" fill=\"#FFFFFF\">\u003C/path>\u003C/symbol>\u003Csymbol id=\"iconsmall_screen\" viewBox=\"0 0 1024 1024\">\u003Cpath d=\"M725.333333 341.333333a42.666667 42.666667 0 0 1-42.666666-42.666666V106.666667a21.333333 21.333333 0 0 1 21.333333-21.333334h42.666667a21.333333 21.333333 0 0 1 21.333333 21.333334V256h149.333333a21.333333 21.333333 0 0 1 21.333334 21.333333v42.666667a21.333333 21.333333 0 0 1-21.333334 21.333333H725.333333zM298.666667 682.666667a42.666667 42.666667 0 0 1 42.666666 42.666666v192a21.333333 21.333333 0 0 1-21.333333 21.333334h-42.666667a21.333333 21.333333 0 0 1-21.333333-21.333334V768H106.666667a21.333333 21.333333 0 0 1-21.333334-21.333333v-42.666667a21.333333 21.333333 0 0 1 21.333334-21.333333H298.666667z m384 42.666666a42.666667 42.666667 0 0 1 42.666666-42.666666h192a21.333333 21.333333 0 0 1 21.333334 21.333333v42.666667a21.333333 21.333333 0 0 1-21.333334 21.333333H768v149.333333a21.333333 21.333333 0 0 1-21.333333 21.333334h-42.666667a21.333333 21.333333 0 0 1-21.333333-21.333334V725.333333zM341.333333 298.666667a42.666667 42.666667 0 0 1-42.666666 42.666666H106.666667a21.333333 21.333333 0 0 1-21.333334-21.333333v-42.666667a21.333333 21.333333 0 0 1 21.333334-21.333333H256V106.666667a21.333333 21.333333 0 0 1 21.333333-21.333334h42.666667a21.333333 21.333333 0 0 1 21.333333 21.333334V298.666667z\" fill=\"#1D2129\">\u003C/path>\u003C/symbol>\u003Csymbol id=\"iconfull_screen\" viewBox=\"0 0 1024 1024\">\u003Cpath d=\"M85.333333 128a42.666667 42.666667 0 0 1 42.666667-42.666667h192a21.333333 21.333333 0 0 1 21.333333 21.333334v42.666666a21.333333 21.333333 0 0 1-21.333333 21.333334H170.666667v149.333333a21.333333 21.333333 0 0 1-21.333334 21.333333h-42.666666a21.333333 21.333333 0 0 1-21.333334-21.333333V128z m853.333334 768a42.666667 42.666667 0 0 1-42.666667 42.666667h-192a21.333333 21.333333 0 0 1-21.333333-21.333334v-42.666666a21.333333 21.333333 0 0 1 21.333333-21.333334H853.333333v-149.333333a21.333333 21.333333 0 0 1 21.333334-21.333333h42.666666a21.333333 21.333333 0 0 1 21.333334 21.333333V896zM128 938.666667a42.666667 42.666667 0 0 1-42.666667-42.666667v-192a21.333333 21.333333 0 0 1 21.333334-21.333333h42.666666a21.333333 21.333333 0 0 1 21.333334 21.333333V853.333333h149.333333a21.333333 21.333333 0 0 1 21.333333 21.333334v42.666666a21.333333 21.333333 0 0 1-21.333333 21.333334H128zM896 85.333333a42.666667 42.666667 0 0 1 42.666667 42.666667v192a21.333333 21.333333 0 0 1-21.333334 21.333333h-42.666666a21.333333 21.333333 0 0 1-21.333334-21.333333V170.666667h-149.333333a21.333333 21.333333 0 0 1-21.333333-21.333334v-42.666666a21.333333 21.333333 0 0 1 21.333333-21.333334H896z\" fill=\"#1D2129\">\u003C/path>\u003C/symbol>\u003Csymbol id=\"iconTransfer_task_bg\" viewBox=\"0 0 1024 1024\">\u003Cpath d=\"M917.333333 832a21.333333 21.333333 0 0 1 21.333334 21.333333v42.666667a21.333333 21.333333 0 0 1-21.333334 21.333333h-810.666666A21.333333 21.333333 0 0 1 85.333333 896v-42.666667a21.333333 21.333333 0 0 1 21.333334-21.333333h810.666666zM896 128a42.666667 42.666667 0 0 1 42.666667 42.666667v512a42.666667 42.666667 0 0 1-42.666667 42.666666H128a42.666667 42.666667 0 0 1-42.666667-42.666666V170.666667a42.666667 42.666667 0 0 1 42.666667-42.666667h768zM170.666667 213.333333v426.666667h682.666666V213.333333H170.666667z\" fill=\"#1D2129\">\u003C/path>\u003Cpath d=\"M602.752 597.333333a10.581333 10.581333 0 0 0 7.168-2.816 9.173333 9.173333 0 0 0 2.986667-6.698666V378.581333h62.72a6.442667 6.442667 0 0 0 3.2-0.853333 5.888 5.888 0 0 0 2.261333-2.304 5.333333 5.333333 0 0 0-0.682667-5.973333L561.109333 261.12a9.941333 9.941333 0 0 0-2.901333-2.346667 10.88 10.88 0 0 0-11.093333-1.962666 10.026667 10.026667 0 0 0-4.48 3.498666 8.96 8.96 0 0 0-1.706667 5.248v322.304c0 2.517333 1.066667 4.906667 2.986667 6.698667a10.581333 10.581333 0 0 0 7.210666 2.773333h51.626667z m-128.042667-1.706666a9.685333 9.685333 0 0 0 3.114667-3.413334 8.917333 8.917333 0 0 0 1.152-4.352V265.6a9.173333 9.173333 0 0 0-2.986667-6.698667 10.581333 10.581333 0 0 0-7.210666-2.773333H420.309333a10.581333 10.581333 0 0 0-7.253333 2.773333 9.173333 9.173333 0 0 0-2.986667 6.698667v209.237333H347.477333a6.442667 6.442667 0 0 0-3.242666 0.853334 5.888 5.888 0 0 0-2.218667 2.304 5.333333 5.333333 0 0 0 0.64 5.973333l116.224 108.373333a9.984 9.984 0 0 0 2.858667 2.346667 10.752 10.752 0 0 0 13.013333 0.896z\" fill=\"#1D2129\">\u003C/path>\u003C/symbol>\u003Csymbol id=\"iconQR_code\" viewBox=\"0 0 1024 1024\">\u003Cpath d=\"M192 490.666667h298.666667v-298.666667h-298.666667v298.666667z m-42.666667-384h384a42.666667 42.666667 0 0 1 42.666667 42.666666v384a42.666667 42.666667 0 0 1-42.666667 42.666667h-384a42.666667 42.666667 0 0 1-42.666666-42.666667v-384a42.666667 42.666667 0 0 1 42.666666-42.666666z m128 170.666666h128v128h-128v-128zM192 725.333333v106.666667H298.666667V725.333333H192z m-42.666667-85.333333H341.333333a42.666667 42.666667 0 0 1 42.666667 42.666667v192a42.666667 42.666667 0 0 1-42.666667 42.666666H149.333333a42.666667 42.666667 0 0 1-42.666666-42.666666V682.666667a42.666667 42.666667 0 0 1 42.666666-42.666667zM725.333333 192V298.666667h106.666667V192H725.333333z m-42.666666-85.333333h192a42.666667 42.666667 0 0 1 42.666666 42.666666V341.333333a42.666667 42.666667 0 0 1-42.666666 42.666667H682.666667a42.666667 42.666667 0 0 1-42.666667-42.666667V149.333333a42.666667 42.666667 0 0 1 42.666667-42.666666zM725.333333 725.333333v106.666667h106.666667V725.333333H725.333333z m-42.666666-85.333333h192a42.666667 42.666667 0 0 1 42.666666 42.666667v192a42.666667 42.666667 0 0 1-42.666666 42.666666H682.666667a42.666667 42.666667 0 0 1-42.666667-42.666666V682.666667a42.666667 42.666667 0 0 1 42.666667-42.666667z m-213.333334 0h85.333334v85.333333h-85.333334v-85.333333z m0 149.333333h85.333334v128h-85.333334v-128z m170.666667-320h85.333333v85.333334h-85.333333v-85.333334z m149.333333 0h128v85.333334h-128v-85.333334z\" fill=\"#1D2129\">\u003C/path>\u003C/symbol>\u003Csymbol id=\"iconLock_Yellow\" viewBox=\"0 0 1024 1024\">\u003Cpath d=\"M746.666667 320a234.666667 234.666667 0 0 0-469.333334 0v85.333333H170.666667a42.666667 42.666667 0 0 0-42.666667 42.666667V896a42.666667 42.666667 0 0 0 42.666667 42.666667h682.666666a42.666667 42.666667 0 0 0 42.666667-42.666667V448a42.666667 42.666667 0 0 0-42.666667-42.666667h-106.666666v-85.333333zM213.333333 853.333333v-362.666666h597.333334V853.333333H213.333333z m320-298.666666a21.333333 21.333333 0 0 1 21.333334 21.333333V768a21.333333 21.333333 0 0 1-21.333334 21.333333h-42.666666a21.333333 21.333333 0 0 1-21.333334-21.333333v-192a21.333333 21.333333 0 0 1 21.333334-21.333333h42.666666z m-170.666666-234.666667a149.333333 149.333333 0 1 1 298.666666 0v85.333333h-298.666666v-85.333333z\" fill=\"#FFA510\">\u003C/path>\u003C/symbol>\u003Csymbol id=\"iconunlock\" viewBox=\"0 0 1024 1024\">\u003Cpath d=\"M512 85.333333a234.666667 234.666667 0 0 1 234.666667 234.666667c0 11.776-19.114667 21.333333-42.666667 21.333333s-42.666667-9.557333-42.666667-21.333333A149.418667 149.418667 0 0 0 512 170.666667a149.418667 149.418667 0 0 0-149.333333 149.333333v85.333333H853.333333a42.666667 42.666667 0 0 1 42.666667 42.666667V896a42.666667 42.666667 0 0 1-42.666667 42.666667H170.666667a42.666667 42.666667 0 0 1-42.666667-42.666667V448a42.666667 42.666667 0 0 1 42.666667-42.666667h106.666666v-85.333333A234.666667 234.666667 0 0 1 512 85.333333zM213.333333 853.333333h597.333334v-362.666666H213.333333V853.333333z m320-298.666666a21.333333 21.333333 0 0 1 21.333334 21.333333V768a21.333333 21.333333 0 0 1-21.333334 21.333333h-42.666666a21.333333 21.333333 0 0 1-21.333334-21.333333v-192a21.333333 21.333333 0 0 1 21.333334-21.333333h42.666666z\" fill=\"#1D2129\">\u003C/path>\u003C/symbol>\u003Csymbol id=\"iconfolder\" viewBox=\"0 0 1024 1024\">\u003Cpath d=\"M351.010133 0a136.533333 136.533333 0 0 1 84.650667 29.4144L495.633067 76.8H887.466667c75.409067 0 136.533333 61.124267 136.533333 136.533333v605.866667c0 113.109333-91.690667 204.8-204.8 204.8H640c-72.0384 0-135.3728-37.1968-171.886933-93.422933l-8.234667 11.0592A204.8 204.8 0 0 1 295.697067 1024H204.8c-113.109333 0-204.8-91.690667-204.8-204.8V136.533333C0 61.124267 61.124267 0 136.533333 0h214.4768z\" fill=\"#F8AA28\">\u003C/path>\u003Cpath d=\"M102.4 179.2m102.4 0l614.4 0q102.4 0 102.4 102.4l0 170.666667q0 102.4-102.4 102.4l-614.4 0q-102.4 0-102.4-102.4l0-170.666667q0-102.4 102.4-102.4Z\" fill=\"#FFEFD5\">\u003C/path>\u003Cpath d=\"M0 375.466667c0-56.5504 45.8496-102.4 102.4-102.4h819.2c56.5504 0 102.4 45.8496 102.4 102.4v512c0 75.409067-61.124267 136.533333-136.533333 136.533333H136.533333c-75.409067 0-136.533333-61.124267-136.533333-136.533333V375.466667z\" fill=\"#FBC931\">\u003C/path>\u003C/symbol>\u003Csymbol id=\"iconzoom_in\" viewBox=\"0 0 1024 1024\">\u003Cpath d=\"M475.648 85.333333a390.272 390.272 0 0 1 390.272 390.314667 388.693333 388.693333 0 0 1-88.106667 246.954667l155.136 155.178666a19.541333 19.541333 0 0 1 0 27.562667l-27.605333 27.605333a19.541333 19.541333 0 0 1-27.562667 0l-155.178666-155.136a388.693333 388.693333 0 0 1-246.954667 88.106667A390.272 390.272 0 0 1 85.333333 475.605333 390.272 390.272 0 0 1 475.648 85.333333z m0 78.08a312.234667 312.234667 0 1 0 0 624.426667 312.234667 312.234667 0 1 0 0-624.469333z m19.498667 156.117334a19.498667 19.498667 0 0 1 19.498666 19.498666v97.578667h97.578667a19.498667 19.498667 0 0 1 19.498667 19.498667v39.04a19.498667 19.498667 0 0 1-19.498667 19.498666h-97.578667v97.578667a19.498667 19.498667 0 0 1-19.498666 19.498667h-39.04a19.498667 19.498667 0 0 1-19.498667-19.498667v-97.578667H338.986667a19.498667 19.498667 0 0 1-19.498667-19.498666v-39.04a19.498667 19.498667 0 0 1 19.498667-19.498667h97.578666V339.029333a19.498667 19.498667 0 0 1 19.498667-19.498666h39.04z\" fill=\"#1D2129\">\u003C/path>\u003C/symbol>\u003Csymbol id=\"iconzoom_out\" viewBox=\"0 0 1024 1024\">\u003Cpath d=\"M475.648 85.333333a390.272 390.272 0 0 1 390.272 390.314667 388.693333 388.693333 0 0 1-88.106667 246.954667l155.136 155.178666a19.541333 19.541333 0 0 1 0 27.562667l-27.605333 27.605333a19.541333 19.541333 0 0 1-27.562667 0l-155.178666-155.136a388.693333 388.693333 0 0 1-246.954667 88.106667A390.272 390.272 0 0 1 85.333333 475.605333 390.272 390.272 0 0 1 475.648 85.333333z m0 78.08a312.234667 312.234667 0 1 0 0 624.426667 312.234667 312.234667 0 1 0 0-624.469333z m136.576 273.194667a19.498667 19.498667 0 0 1 19.498667 19.498667v39.04a19.498667 19.498667 0 0 1-19.498667 19.498666H339.029333a19.498667 19.498667 0 0 1-19.498666-19.498666v-39.04a19.498667 19.498667 0 0 1 19.498666-19.498667h273.194667z\" fill=\"#1D2129\">\u003C/path>\u003C/symbol>\u003Csymbol id=\"iconMy_shares\" viewBox=\"0 0 1024 1024\">\u003Cpath d=\"M124.586667 58.026667h159.573333c12.8 0 24.746667 4.266667 34.986667 12.8l54.613333 46.08c9.386667 8.533333 22.186667 12.8 34.986667 12.8h482.133333c41.813333 0 75.093333 34.133333 75.093333 75.093333v532.48c0 41.813333-34.133333 75.093333-75.093333 75.093333H124.586667c-41.813333 0-75.093333-34.133333-75.093334-75.093333V133.12c-0.853333-41.813333 33.28-75.093333 75.093334-75.093333z\" fill=\"#FFB02C\">\u003C/path>\u003Cpath d=\"M48.64 219.306667h841.386667c41.813333 0 75.093333 34.133333 75.093333 75.093333v547.84c0 13.653333-11.093333 23.893333-23.893333 23.893333H73.386667c-13.653333 0-23.893333-11.093333-23.893334-23.893333v-622.933333h-0.853333z\" fill=\"#FFCA28\">\u003C/path>\u003Cpath d=\"M48.64 219.306667h841.386667c41.813333 0 75.093333 34.133333 75.093333 75.093333v547.84c0 13.653333-11.093333 23.893333-23.893333 23.893333H73.386667c-13.653333 0-23.893333-11.093333-23.893334-23.893333v-622.933333h-0.853333z\" fill=\"#FFCA28\">\u003C/path>\u003Cpath d=\"M48.64 219.306667h841.386667c41.813333 0 75.093333 34.133333 75.093333 75.093333v547.84c0 13.653333-11.093333 23.893333-23.893333 23.893333H73.386667c-13.653333 0-23.893333-11.093333-23.893334-23.893333v-622.933333h-0.853333z\" fill=\"#FFCA28\">\u003C/path>\u003Cpath d=\"M1000.106667 744.96c-16.213333-29.013333-41.813333-18.773333-123.733334 3.413333-36.693333 10.24-69.973333 24.746667-155.306666 46.933334-31.573333 8.533333-64.853333 11.946667-107.52 0-43.52-11.946667-65.706667-20.48-88.746667-29.866667-23.893333-9.386667-57.173333-20.48-75.946667-33.28s-5.12-34.133333 11.093334-32.426667c29.866667 3.413333 66.56 22.186667 99.84 34.133334s58.88 23.04 98.986666 23.04c21.333333 0 39.253333-20.48 43.52-37.546667s-4.266667-40.106667-20.48-51.2c-11.093333-7.68-22.186667-14.506667-34.133333-20.48-33.28-17.92-65.706667-35.84-98.986667-52.906667-58.88-30.72-117.76-59.733333-180.053333-85.333333-62.293333-25.6-117.76-29.013333-175.786667 2.56-37.546667 20.48-75.093333 40.106667-112.64 59.733333-3.413333 1.706667-17.066667 9.386667-31.573333 17.92v285.013334h116.053333c46.933333 0 92.16 5.12 138.24 14.506666 68.266667 13.653333 187.733333 55.466667 289.28 78.506667 45.226667 10.24 103.253333 9.386667 146.773334-6.826667 84.48-32.426667 101.546667-45.226667 168.96-93.866666 69.973333-51.2 108.373333-93.866667 92.16-122.026667z\" fill=\"#0092FF\">\u003C/path>\u003C/symbol>\u003Csymbol id=\"iconarrow\" viewBox=\"0 0 1024 1024\">\u003Cpath d=\"M433.237333 430.72H285.525333c-1.408 0-2.773333-0.256-4.522666-0.469333a29.738667 29.738667 0 0 1-6.4-1.877334l-1.450667-0.725333c-0.938667-0.426667-1.877333-0.853333-2.816-1.408a32.128 32.128 0 0 1-13.781333-22.186667 34.986667 34.986667 0 0 1-0.426667-4.821333c0-0.426667-0.128-0.768-0.128-1.152 0-0.682667 0.128-1.322667 0.170667-2.005333 0.085333-0.725333 0.085333-1.408 0.213333-2.133334a34.389333 34.389333 0 0 1 5.546667-15.36l221.738666-273.152c5.845333-11.306667 17.365333-21.973333 28.330667-19.797333 10.965333-2.176 22.442667 8.490667 28.373333 19.797333l221.696 273.152a34.133333 34.133333 0 0 1 5.546667 15.36c0.128 0.725333 0.128 1.408 0.213333 2.133334 0 0.682667 0.170667 1.28 0.170667 2.005333l-0.085333 1.152a39.893333 39.893333 0 0 1-0.597334 5.674667 31.701333 31.701333 0 0 1-13.653333 21.333333c-0.938667 0.597333-1.877333 0.938667-2.858667 1.408l-1.408 0.725333c-0.938667 0.384-1.877333 0.682667-2.816 0.938667a26.069333 26.069333 0 0 1-3.968 0.938667c-1.365333 0.213333-2.730667 0.469333-4.138666 0.469333h-147.712v487.637333a20.650667 20.650667 0 0 1-5.76 14.336 19.413333 19.413333 0 0 1-13.909334 5.973334h-118.186666a19.413333 19.413333 0 0 1-13.909334-5.973334 20.650667 20.650667 0 0 1-5.76-14.336V430.72z\" fill=\"#1D2129\">\u003C/path>\u003C/symbol>\u003Csymbol id=\"iconarrowup\" viewBox=\"0 0 1024 1024\">\u003Cpath d=\"M512 1015.466667C239.786667 1015.466667 18.773333 794.453333 18.773333 522.24S239.786667 29.013333 512 29.013333s493.226667 221.013333 493.226667 493.226667S784.213333 1015.466667 512 1015.466667z m0-909.653334c-229.546667 0-416.426667 186.88-416.426667 416.426667S282.453333 938.666667 512 938.666667s416.426667-186.88 416.426667-416.426667S741.546667 105.813333 512 105.813333z\" fill=\"#333333\">\u003C/path>\u003Cpath d=\"M514.56 752.64c-21.333333 0-38.4-17.066667-38.4-38.4V378.026667c0-21.333333 17.066667-38.4 38.4-38.4s38.4 17.066667 38.4 38.4v336.213333c0 21.333333-17.066667 38.4-38.4 38.4z\" fill=\"#333333\">\u003C/path>\u003Cpath d=\"M356.693333 527.36c-10.24 0-21.333333-4.266667-28.16-12.8-14.506667-15.36-12.8-40.106667 2.56-54.613333l187.733334-168.96 178.346666 163.84c15.36 14.506667 17.066667 38.4 2.56 54.613333-14.506667 15.36-38.4 17.066667-54.613333 2.56L518.826667 395.093333l-136.533334 122.88c-6.826667 5.973333-16.213333 9.386667-25.6 9.386667z\" fill=\"#333333\">\u003C/path>\u003C/symbol>\u003Csymbol id=\"icontos_task_bg_off1\" viewBox=\"0 0 1024 1024\">\u003Cpath d=\"M692.053333 983.04H167.253333c-64.853333 0-116.906667-52.053333-116.906666-116.906667V341.333333c0-64.853333 52.053333-116.906667 116.906666-116.906666H691.2c64.853333 0 117.76 52.906667 117.76 117.76v523.946666c0 64.853333-52.053333 116.906667-116.906667 116.906667zM167.253333 301.226667c-22.186667 0-40.106667 17.92-40.106666 40.106666v524.8c0 22.186667 17.92 40.106667 40.106666 40.106667h524.8c22.186667 0 40.106667-17.92 40.106667-40.106667V342.186667c0-22.186667-18.773333-40.96-40.96-40.96H167.253333z\" fill=\"#333333\">\u003C/path>\u003Cpath d=\"M505.173333 338.773333h76.8v209.066667h-76.8z\" fill=\"#333333\">\u003C/path>\u003Cpath d=\"M417.28 542.72l126.293333 126.293333 126.293334-126.293333zM274.773333 663.04h76.8v209.066667h-76.8z\" fill=\"#333333\">\u003C/path>\u003Cpath d=\"M186.88 668.16l126.293333-126.293333 126.293334 126.293333zM860.16 47.786667H336.213333c-64.853333 0-116.906667 52.053333-116.906666 116.906666 0 20.48 16.213333 36.693333 36.693333 36.693334h4.266667c20.48 0 36.693333-16.213333 36.693333-36.693334 0-22.186667 17.92-40.106667 40.106667-40.106666h523.946666c23.04 0 40.96 17.92 40.96 40.96v523.946666c0 22.186667-17.92 40.106667-40.106666 40.106667h-3.413334c-21.333333 0-38.4 17.066667-38.4 38.4s17.066667 38.4 38.4 38.4h3.413334c64.853333 0 116.906667-52.053333 116.906666-116.906667V165.546667c-0.853333-64.853333-52.906667-117.76-118.613333-117.76z\" fill=\"#333333\">\u003C/path>\u003C/symbol>\u003Csymbol id=\"icontos_task_bg1\" viewBox=\"0 0 1024 1024\">\u003Cpath d=\"M680.96 979.626667H156.16c-64.853333 0-116.906667-52.053333-116.906667-116.906667V337.92c0-64.853333 52.053333-116.906667 116.906667-116.906667h523.946667c64.853333 0 117.76 52.906667 117.76 117.76v523.946667c0 64.853333-52.053333 116.906667-116.906667 116.906667zM156.16 297.813333c-22.186667 0-40.106667 17.92-40.106667 40.106667v524.8c0 22.186667 17.92 40.106667 40.106667 40.106667h524.8c22.186667 0 40.106667-17.92 40.106667-40.106667V338.773333c0-22.186667-18.773333-40.96-40.96-40.96H156.16z\" fill=\"#333333\">\u003C/path>\u003Cpath d=\"M253.44 335.36h76.8v209.066667h-76.8z\" fill=\"#333333\">\u003C/path>\u003Cpath d=\"M165.546667 539.306667L292.693333 665.6l126.293334-126.293333zM502.613333 659.626667h76.8v209.066666h-76.8z\" fill=\"#333333\">\u003C/path>\u003Cpath d=\"M414.72 664.746667l126.293333-126.293334 126.293334 126.293334zM849.066667 44.373333H325.12c-64.853333 0-116.906667 52.053333-116.906667 116.906667 0 20.48 16.213333 36.693333 36.693334 36.693333h4.266666c20.48 0 36.693333-16.213333 36.693334-36.693333 0-22.186667 17.92-40.106667 40.106666-40.106667h523.946667c23.04 0 40.96 17.92 40.96 40.96v523.946667c0 22.186667-17.92 40.106667-40.106667 40.106667h-3.413333c-21.333333 0-38.4 17.066667-38.4 38.4s17.066667 38.4 38.4 38.4h3.413333c64.853333 0 116.906667-52.053333 116.906667-116.906667V162.133333c-0.853333-64.853333-53.76-117.76-118.613333-117.76z\" fill=\"#333333\">\u003C/path>\u003C/symbol>\u003Csymbol id=\"iconThunmbnail\" viewBox=\"0 0 1024 1024\">\u003Cpath d=\"M372.906667 500.906667H170.666667c-69.12 0-124.586667-55.466667-124.586667-124.586667V187.733333C46.933333 119.466667 103.253333 64 170.666667 64h201.386666c69.12 0 124.586667 55.466667 124.586667 124.586667v189.44c0 67.413333-55.466667 122.88-123.733333 122.88zM170.666667 140.8c-25.6 0-46.933333 21.333333-47.786667 47.786667v187.733333c0 26.453333 21.333333 47.786667 47.786667 47.786667h202.24c25.6 0 46.933333-21.333333 46.933333-46.08V188.586667c0-26.453333-21.333333-47.786667-47.786667-47.786667H170.666667zM853.333333 500.906667H651.093333c-68.266667 0-124.586667-55.466667-124.586666-124.586667V187.733333c0-69.12 55.466667-124.586667 124.586666-124.586666H853.333333c68.266667 0 124.586667 55.466667 124.586667 124.586666v189.44c-0.853333 68.266667-57.173333 123.733333-124.586667 123.733334zM651.093333 139.946667c-26.453333 0-47.786667 21.333333-47.786666 47.786666v188.586667c0 26.453333 21.333333 47.786667 47.786666 47.786667H853.333333c25.6 0 46.933333-21.333333 47.786667-47.786667V187.733333c0-26.453333-21.333333-47.786667-47.786667-47.786666H651.093333zM372.906667 971.946667H170.666667c-69.12 0-124.586667-55.466667-124.586667-124.586667V657.92c0-68.266667 55.466667-124.586667 124.586667-124.586667h201.386666c69.12 0 124.586667 55.466667 124.586667 124.586667v189.44c0 68.266667-55.466667 124.586667-123.733333 124.586667zM170.666667 610.133333c-26.453333 0-47.786667 21.333333-47.786667 47.786667v189.44c0 26.453333 21.333333 47.786667 47.786667 47.786667h202.24c25.6 0 46.933333-22.186667 46.933333-47.786667V657.92c0-26.453333-21.333333-47.786667-47.786667-47.786667H170.666667zM853.333333 971.946667H651.093333c-68.266667 0-124.586667-55.466667-124.586666-124.586667V657.92c0-68.266667 55.466667-124.586667 124.586666-124.586667H853.333333c68.266667 0 124.586667 55.466667 124.586667 124.586667v189.44c-0.853333 69.12-57.173333 124.586667-124.586667 124.586667zM651.093333 610.133333c-26.453333 0-47.786667 21.333333-47.786666 47.786667v189.44c0 26.453333 21.333333 47.786667 47.786666 47.786667H853.333333c25.6 0 46.933333-22.186667 47.786667-48.64V657.92c0-26.453333-21.333333-47.786667-47.786667-47.786667H651.093333z\" fill=\"#333333\">\u003C/path>\u003C/symbol>\u003Csymbol id=\"iconSorting\" viewBox=\"0 0 1024 1024\">\u003Cpath d=\"M707.413333 498.346667l-410.453333-5.12c-19.626667 0-39.253333-11.093333-48.64-29.013334-9.386667-17.92-8.533333-39.253333 1.706667-56.32l200.533333-332.8c10.24-17.066667 28.16-27.306667 47.786667-27.306666s37.546667 10.24 47.786666 26.453333l209.92 338.773333c10.24 17.066667 10.24 39.253333 0 56.32-10.24 18.773333-28.16 29.013333-48.64 29.013334z m-372.053333-81.066667l335.36 4.266667-171.52-277.333334-163.84 273.066667z m-37.546667-0.853333z m183.466667-301.226667zM499.2 987.306667c-0.853333 0-0.853333 0 0 0-19.626667 0-37.546667-10.24-47.786667-26.453334l-200.533333-332.8c-11.093333-17.066667-11.093333-38.4-1.706667-56.32 9.386667-17.92 28.16-29.013333 48.64-29.013333l408.746667-5.973333c20.48 0 38.4 10.24 48.64 28.16 10.24 17.92 10.24 39.253333 0 56.32v1.706666L546.133333 960.853333c-10.24 16.213333-28.16 26.453333-46.933333 26.453334z m-17.92-67.413334zM335.36 618.666667l163.84 272.213333L670.72 614.4l-335.36 4.266667z m-36.693333 0.853333z\" fill=\"#333333\">\u003C/path>\u003C/symbol>\u003Csymbol id=\"iconSearch_settings1\" viewBox=\"0 0 1024 1024\">\u003Cpath d=\"M261.3248 204.8c138.752 0 251.136 105.984 251.136 236.8 0 49.4592-16.0768 95.3856-43.52 133.3248l100.1472 94.464a13.312 13.312 0 0 1 0 19.712l-25.088 23.6544a15.5136 15.5136 0 0 1-20.8384 0l-97.536-92.0064a259.1744 259.1744 0 0 1-164.3008 57.7024C122.6752 678.4 10.24 572.416 10.24 441.6 10.24 310.8352 122.6752 204.8 261.3248 204.8z m0 58.5216c-104.448 0-189.0816 79.7696-189.0816 178.2784 0 98.5088 84.6336 178.3296 189.0816 178.3296s189.0816-79.872 189.0816-178.3296c0-98.5088-84.5824-178.2784-189.0816-178.2784z\" fill=\"#1D2129\">\u003C/path>\u003Cpath d=\"M988.7232 477.696q0.512-0.512 0.9216-1.1264l0.6656-1.28q0.3072-0.6656 0.512-1.3824 0.2048-0.6656 0.3072-1.4336l0.1024-1.4336-0.1024-1.4336q-0.1024-0.768-0.3072-1.4336-0.2048-0.7168-0.512-1.3824l-0.6656-1.28q-0.4096-0.6144-0.9216-1.1776l-1.024-1.024q-0.512-0.512-1.1776-0.8704-0.6144-0.4096-1.28-0.7168l-1.3312-0.512-1.4336-0.3072Q981.76 460.8 980.992 460.8h-221.184q-0.768 0-1.4848 0.1024l-1.4336 0.3072-1.3312 0.512q-0.6656 0.3072-1.28 0.7168-0.6144 0.3584-1.1776 0.8704l-1.024 1.024q-0.512 0.512-0.9216 1.1776l-0.6656 1.28q-0.3072 0.6656-0.512 1.3824-0.2048 0.6656-0.3072 1.4336l-0.1024 1.4336 0.1024 1.4336q0.1024 0.768 0.3072 1.4336 0.2048 0.7168 0.512 1.3824l0.6656 1.28q0.4096 0.6144 0.9216 1.1776l110.592 127.6928q0.7168 0.8704 1.5872 1.536 0.8704 0.6144 1.8944 1.0752 1.024 0.512 2.048 0.7168 1.0752 0.2048 2.2016 0.2048 1.1264 0 2.2016-0.2048 1.024-0.256 2.048-0.7168 1.024-0.4608 1.8944-1.0752 0.8704-0.6656 1.5872-1.536l110.592-127.6928z\" fill=\"#1D2129\">\u003C/path>\u003C/symbol>\u003Csymbol id=\"iconEdit\" viewBox=\"0 0 1024 1024\">\u003Cpath d=\"M175.957333 938.624c-6.314667 0-12.544-1.194667-18.346666-3.498667a48.213333 48.213333 0 0 1-15.573334-9.898666 45.610667 45.610667 0 0 1-10.368-14.805334 43.776 43.776 0 0 1-3.669333-17.493333V130.986667c0-12.117333 5.034667-23.722667 14.08-32.298667 8.96-8.533333 21.162667-13.354667 33.877333-13.354667h488.704c12.757333 0 24.96 4.821333 33.962667 13.397334 9.002667 8.533333 14.08 20.181333 14.08 32.298666 0 12.16-5.077333 23.765333-14.08 32.341334a49.237333 49.237333 0 0 1-33.92 13.397333H223.914667v670.506667h576v-335.232c0-12.117333 5.12-23.765333 14.08-32.341334 9.002667-8.533333 21.205333-13.397333 33.962666-13.397333 12.714667 0 24.917333 4.821333 33.962667 13.397333 8.96 8.576 14.037333 20.181333 14.037333 32.341334v380.970666c0 5.973333-1.28 11.946667-3.669333 17.493334-2.389333 5.546667-5.973333 10.581333-10.410667 14.805333a48.213333 48.213333 0 0 1-15.573333 9.898667 50.090667 50.090667 0 0 1-18.346667 3.456l-672.042666-0.042667z m332.8-364.842667a44.8 44.8 0 0 1-14.250666-32.341333 44.714667 44.714667 0 0 1 13.866666-32.426667l305.621334-293.034666c9.088-8.106667 21.12-12.544 33.536-12.373334 12.458667 0.170667 24.32 4.949333 33.152 13.312 8.832 8.32 13.909333 19.626667 14.165333 31.488 0.256 11.818667-4.352 23.296-12.8 32l-305.450667 292.992c-8.96 8.618667-21.12 13.482667-33.792 13.568a49.450667 49.450667 0 0 1-34.048-13.141333v-0.042667z\" fill=\"#1D2129\">\u003C/path>\u003C/symbol>\u003Csymbol id=\"iconcopy\" viewBox=\"0 0 1024 1024\">\u003Cpath d=\"M657.0496 266.24c11.3152 0 22.1696 4.3008 30.208 11.9808 7.9872 7.68 12.4928 18.1248 12.4928 28.9792v577.9968c0 20.1216-17.8688 36.4032-39.8336 36.4032H142.2336c-22.016 0-39.8336-16.2816-39.8336-36.4032V302.592c0-20.1216 17.8176-36.4032 39.8336-36.4032h514.816zM614.4 348.16H187.7504v491.52H614.4V348.16zM827.7504 102.4c11.264 0 22.1696 4.3008 30.1568 11.9808 7.9872 7.68 12.4928 18.1248 12.4928 28.9792v512a20.0704 20.0704 0 0 1-6.2464 14.4896 21.8112 21.8112 0 0 1-15.104 5.9904h-42.6496a21.76 21.76 0 0 1-15.104-5.9904 20.0704 20.0704 0 0 1-6.2464-14.4896V184.32H379.7504a21.8112 21.8112 0 0 1-15.104-5.9904A20.0704 20.0704 0 0 1 358.4 163.84v-40.96c0-5.4272 2.2528-10.6496 6.2464-14.4896A21.8112 21.8112 0 0 1 379.7504 102.4h448z\" fill=\"#6B7785\">\u003C/path>\u003C/symbol>\u003Csymbol id=\"iconReject\" viewBox=\"0 0 1024 1024\">\u003Cpath d=\"M512 453.717333l276.992-276.992a20.608 20.608 0 0 1 29.141333 0l29.141334 29.141334a20.565333 20.565333 0 0 1 0 29.184l-276.949334 276.992 276.949334 276.906666a20.608 20.608 0 0 1 0 29.184l-29.141334 29.141334a20.608 20.608 0 0 1-29.141333 0L512 570.325333l-276.992 276.949334a20.608 20.608 0 0 1-29.141333 0l-29.184-29.141334a20.608 20.608 0 0 1 0-29.141333L453.674667 512 176.725333 235.093333a20.608 20.608 0 0 1 0-29.184l29.141334-29.141333a20.608 20.608 0 0 1 29.184 0L512 453.674667z\" fill=\"#1D2129\">\u003C/path>\u003C/symbol>\u003Csymbol id=\"iconmistake\" viewBox=\"0 0 1024 1024\">\u003Cpath d=\"M512 446.421333l311.594667-311.594666a23.210667 23.210667 0 0 1 32.810666 0l32.768 32.810666a23.253333 23.253333 0 0 1 0 32.810667L577.621333 512l311.594667 311.552a23.210667 23.210667 0 0 1 0 32.768l-32.810667 32.810667a23.210667 23.210667 0 0 1-32.768 0L512 577.621333 200.405333 889.173333a23.253333 23.253333 0 0 1-32.853333 0l-32.768-32.810666a23.210667 23.210667 0 0 1 0-32.810667L446.378667 512 134.826667 200.448a23.168 23.168 0 0 1 0-32.810667l32.768-32.810666a23.210667 23.210667 0 0 1 32.853333 0L512 446.378667z\" fill=\"#3491FA\">\u003C/path>\u003C/symbol>\u003Csymbol id=\"iconfullscreen\" viewBox=\"0 0 1024 1024\">\u003Cpath d=\"M147.822933 202.9824l54.510934-54.101333 664.200533 669.294933-54.510933 54.101333z\" fill=\"#333333\">\u003C/path>\u003Cpath d=\"M61.44 71.68l23.04 280.746667L342.186667 93.866667zM963.413333 968.533333L682.666667 946.346667l257.706666-258.56zM144.9728 837.742933l669.1584-663.125333 54.058667 54.545067-669.1584 663.125333z\" fill=\"#333333\">\u003C/path>\u003Cpath d=\"M64.853333 965.12l281.6-11.946667-248.32-267.946666zM970.24 71.68L947.2 352.426667 689.493333 94.72z\" fill=\"#333333\">\u003C/path>\u003C/symbol>\u003Csymbol id=\"iconarrow_down1\" viewBox=\"0 0 1024 1024\">\u003Cpath d=\"M40.106667 213.333333l474.453333 471.893334 469.333333-471.893334z\" fill=\"#1EB300\">\u003C/path>\u003C/symbol>\u003Csymbol id=\"iconarrow_up1\" viewBox=\"0 0 1024 1024\">\u003Cpath d=\"M40.106667 685.226667L514.56 213.333333l469.333333 471.893334z\" fill=\"#0086E6\">\u003C/path>\u003C/symbol>\u003Csymbol id=\"iconBackup\" viewBox=\"0 0 1024 1024\">\u003Cpath d=\"M193.834667 272.64c5.802667 0 11.392 2.218667 15.530666 6.101333 4.096 3.925333 6.4 9.216 6.4 14.72v561.92h592.213334c5.845333 0 11.434667 2.218667 15.530666 6.144 4.138667 3.882667 6.442667 9.173333 6.442667 14.72v41.6c0 5.546667-2.304 10.837333-6.4 14.72a22.570667 22.570667 0 0 1-15.530667 6.101334H171.861333c-11.605333 0-22.784-4.394667-31.018666-12.202667a40.576 40.576 0 0 1-12.842667-29.44V293.461333c0-5.546667 2.304-10.794667 6.4-14.72a22.570667 22.570667 0 0 1 15.530667-6.101333h43.904zM714.794667 85.333333c5.845333 0 11.690667 1.109333 17.066666 3.285334 5.461333 2.176 10.368 5.376 14.421334 9.386666l137.344 134.4a40.533333 40.533333 0 0 1 12.373333 29.013334v492.245333c0 5.12-0.981333 10.24-3.029333 14.933333a38.954667 38.954667 0 0 1-8.874667 12.8 41.472 41.472 0 0 1-13.312 8.533334 43.136 43.136 0 0 1-15.786667 3.029333H322.56a43.093333 43.093333 0 0 1-15.744-3.029333 41.429333 41.429333 0 0 1-13.312-8.533334 38.997333 38.997333 0 0 1-8.874667-12.8 37.333333 37.333333 0 0 1-3.029333-14.933333V124.672c0-21.76 18.346667-39.338667 40.96-39.338667h392.234667z m-18.688 83.242667H369.365333v541.141333h438.869334V279.381333l-112.128-110.805333z m-85.333334 333.013333c5.802667 0 11.392 2.176 15.488 6.101334 4.096 3.925333 6.4 9.216 6.4 14.72v41.642666c0 5.504-2.304 10.794667-6.4 14.677334a22.570667 22.570667 0 0 1-15.530666 6.101333H479.146667a22.570667 22.570667 0 0 1-15.530667-6.101333 20.266667 20.266667 0 0 1-6.4-14.72v-41.6c0-5.546667 2.261333-10.794667 6.4-14.72a22.570667 22.570667 0 0 1 15.530667-6.101334h131.626666z m87.722667-166.485333c5.845333 0 11.434667 2.176 15.530667 6.101333 4.096 3.882667 6.4 9.173333 6.4 14.677334v41.642666c0 5.546667-2.304 10.837333-6.4 14.72a22.570667 22.570667 0 0 1-15.530667 6.101334H479.146667a22.570667 22.570667 0 0 1-15.530667-6.101334 20.309333 20.309333 0 0 1-6.4-14.72v-41.642666c0-5.504 2.261333-10.794667 6.4-14.677334a22.570667 22.570667 0 0 1 15.530667-6.101333h219.392z\" fill=\"#1D2129\">\u003C/path>\u003C/symbol>\u003Csymbol id=\"iconbeep\" viewBox=\"0 0 1024 1024\">\u003Cpath d=\"M889.856 752l-83.754667-109.525333v-161.28c0-208.64-115.626667-297.557333-237.354666-314.581334v-19.626666c0-16.384-5.973333-32.042667-16.64-43.605334A54.613333 54.613333 0 0 0 512 85.333333a54.613333 54.613333 0 0 0-40.106667 18.048c-10.666667 11.562667-16.64 27.221333-16.64 43.562667v19.669333c-121.728 17.066667-237.354667 105.898667-237.354666 314.496v161.365334l-83.754667 109.525333a30.805333 30.805333 0 0 0-3.669333 30.592c2.176 4.949333 5.546667 9.130667 9.813333 12.032 4.266667 2.901333 9.216 4.437333 14.250667 4.394667h714.965333a24.874667 24.874667 0 0 0 14.208-4.437334c4.266667-2.901333 7.68-7.082667 9.813333-12.032a30.848 30.848 0 0 0-3.669333-30.549333zM512 938.666667c21.461333 0 42.026667-9.258667 57.173333-25.770667 15.189333-16.469333 23.722667-38.826667 23.722667-62.08h-161.834667c0 23.296 8.533333 45.653333 23.722667 62.08 15.146667 16.512 35.754667 25.770667 57.173333 25.770667z\" fill=\"#1D2129\">\u003C/path>\u003C/symbol>\u003Csymbol id=\"iconbrowse\" viewBox=\"0 0 1024 1024\">\u003Cpath d=\"M878.08 960H145.92c-63.146667 0-114.346667-51.2-114.346667-114.346667V197.973333c0-63.146667 51.2-114.346667 114.346667-114.346666h217.6c30.72 0 58.88 11.946667 81.066667 33.28l98.133333 98.133333c6.826667 6.826667 16.213333 11.093333 26.453333 11.093333H878.933333c63.146667 0 114.346667 51.2 114.346667 114.346667v505.173333c-0.853333 63.146667-52.053333 114.346667-115.2 114.346667zM145.92 160.426667c-20.48 0-37.546667 17.066667-37.546667 37.546666v647.68c0 20.48 17.066667 37.546667 37.546667 37.546667h732.16c20.48 0 37.546667-17.066667 37.546667-37.546667V339.626667c0-20.48-17.066667-37.546667-37.546667-37.546667H569.173333c-30.72 0-58.88-11.946667-81.066666-33.28L389.973333 171.52c-6.826667-6.826667-16.213333-11.093333-26.453333-11.093333H145.92z\" fill=\"#333333\">\u003C/path>\u003Cpath d=\"M465.066667 715.946667C368.64 715.946667 290.133333 637.44 290.133333 541.013333s78.506667-174.933333 174.933334-174.933333S640 445.44 640 541.866667s-78.506667 174.08-174.933333 174.08z m0-272.213334C411.306667 443.733333 366.933333 487.253333 366.933333 541.866667S410.453333 640 465.066667 640 563.2 595.626667 563.2 541.866667 519.68 443.733333 465.066667 443.733333z\" fill=\"#333333\">\u003C/path>\u003Cpath d=\"M708.266667 821.76c-9.386667 0-19.626667-3.413333-26.453334-11.093333L533.333333 666.453333c-15.36-14.506667-15.36-39.253333-0.853333-54.613333 14.506667-15.36 39.253333-15.36 54.613333-0.853333l148.48 144.213333c15.36 14.506667 15.36 39.253333 0.853334 54.613333-7.68 7.68-17.92 11.946667-28.16 11.946667z\" fill=\"#333333\">\u003C/path>\u003C/symbol>\u003Csymbol id=\"iconcancel_all\" viewBox=\"0 0 1024 1024\">\u003Cpath d=\"M48.64 119.466667h914.773333v76.8H48.64zM48.64 351.573333h914.773333v76.8H48.64zM48.64 583.68h482.133333v76.8H48.64zM48.64 815.786667h482.133333v76.8H48.64zM653.653333 892.586667c-9.386667 0-19.626667-3.413333-26.453333-11.093334-15.36-14.506667-15.36-39.253333-0.853333-54.613333l260.266666-269.653333c14.506667-15.36 39.253333-15.36 54.613334-0.853334 15.36 14.506667 15.36 39.253333 0.853333 54.613334l-260.266667 269.653333c-8.533333 7.68-18.773333 11.946667-28.16 11.946667z\" fill=\"#333333\">\u003C/path>\u003Cpath d=\"M913.92 892.586667c-10.24 0-20.48-4.266667-27.306667-11.946667L625.493333 610.986667c-14.506667-15.36-14.506667-39.253333 0.853334-54.613334 15.36-14.506667 39.253333-14.506667 54.613333 0.853334L941.226667 827.733333c14.506667 15.36 14.506667 39.253333-0.853334 54.613334-7.68 6.826667-17.066667 10.24-26.453333 10.24z\" fill=\"#333333\">\u003C/path>\u003C/symbol>\u003Csymbol id=\"iconClose1\" viewBox=\"0 0 1024 1024\">\u003Cpath d=\"M512 938.666667c235.648 0 426.666667-191.018667 426.666667-426.666667S747.648 85.333333 512 85.333333 85.333333 276.352 85.333333 512s191.018667 426.666667 426.666667 426.666667z m0-77.568a349.098667 349.098667 0 1 1 0-698.197334 349.098667 349.098667 0 0 1 0 698.197334z m96-499.925334a19.370667 19.370667 0 0 1 27.434667 0l27.434666 27.392a19.413333 19.413333 0 0 1 0 27.434667L566.869333 512l96 96a19.370667 19.370667 0 0 1 0 27.434667l-27.434666 27.434666a19.370667 19.370667 0 0 1-27.434667 0L512 566.869333l-96 96a19.413333 19.413333 0 0 1-27.434667 0l-27.392-27.434666a19.370667 19.370667 0 0 1 0-27.434667l96-96-96-96a19.413333 19.413333 0 0 1 0-27.434667l27.392-27.392a19.413333 19.413333 0 0 1 27.434667 0l96 96 96-96z\" fill=\"#1D2129\">\u003C/path>\u003C/symbol>\u003Csymbol id=\"iconCloseeyes\" viewBox=\"0 0 1024 1024\">\u003Cpath d=\"M512.597333 627.626667c-28.885333 0-57.088-2.432-84.48-7.125334l-21.888 87.381334a23.381333 23.381333 0 0 1-10.24 14.293333 20.693333 20.693333 0 0 1-16.64 2.346667l-42.368-12.16a21.504 21.504 0 0 1-7.68-4.053334 24.661333 24.661333 0 0 1-7.850666-24.746666l21.418666-85.546667a473.856 473.856 0 0 1-99.968-50.346667L173.226667 622.464a20.693333 20.693333 0 0 1-31.061334 0l-31.061333-33.28a24.405333 24.405333 0 0 1-6.4-16.597333c0-6.229333 2.304-12.202667 6.4-16.64l61.44-65.792a423.125333 423.125333 0 0 1-78.165333-107.605334l-3.114667-6.314666-3.712-8.021334a25.002667 25.002667 0 0 1 4.224-26.794666l6.4-6.826667 3.370667-3.328 15.786666-15.36 6.272-6.314667 4.266667-4.522666a19.626667 19.626667 0 0 1 7.509333-5.12 18.474667 18.474667 0 0 1 17.194667 2.133333c2.56 1.706667 4.693333 4.053333 6.229333 6.826667l1.152 2.304c54.613333 131.285333 185.557333 222.421333 352.682667 222.421333 160.128 0 294.101333-88.704 347.818667-210.432 1.493333-3.285333 3.072-7.253333 4.778666-11.946667a20.053333 20.053333 0 0 1 4.906667-7.424 17.493333 17.493333 0 0 1 23.722667-1.024l1.877333 1.749334 36.565333 39.125333a25.002667 25.002667 0 0 1 4.138667 27.093333l-4.693333 9.813334c-2.176 4.48-4.138667 8.32-5.802667 11.434666a425.728 425.728 0 0 1-79.146667 103.936l56.021334 60.032c4.138667 4.394667 6.4 10.368 6.4 16.597334a24.362667 24.362667 0 0 1-6.4 16.64l-31.018667 33.237333a21.248 21.248 0 0 1-15.530667 6.826667 21.248 21.248 0 0 1-15.530666-6.826667l-65.493334-70.144c-29.397333 18.688-60.501333 34.005333-92.885333 45.738667l21.376 85.546666a25.130667 25.130667 0 0 1-2.176 17.834667 23.125333 23.125333 0 0 1-5.632 6.912 21.504 21.504 0 0 1-7.68 4.053333l-42.410667 12.16a20.693333 20.693333 0 0 1-16.64-2.346666 23.381333 23.381333 0 0 1-10.24-14.293334l-21.845333-87.381333c-27.946667 4.778667-56.192 7.125333-84.48 7.125333z\" fill=\"#1D2129\">\u003C/path>\u003C/symbol>\u003Csymbol id=\"iconCreate\" viewBox=\"0 0 1024 1024\">\u003Cpath d=\"M512 85.333333c235.648 0 426.666667 191.018667 426.666667 426.666667s-191.018667 426.666667-426.666667 426.666667S85.333333 747.648 85.333333 512 276.352 85.333333 512 85.333333z m0 77.568a349.098667 349.098667 0 1 0 0 698.197334 349.098667 349.098667 0 0 0 0-698.197334z m38.826667 174.549334a19.413333 19.413333 0 0 0-19.456-19.370667h-38.784a19.413333 19.413333 0 0 0-19.370667 19.370667v135.765333H337.450667a19.413333 19.413333 0 0 0-19.370667 19.413333v38.784a19.413333 19.413333 0 0 0 19.370667 19.370667h135.765333v135.765333a19.413333 19.413333 0 0 0 19.413333 19.370667h38.784a19.413333 19.413333 0 0 0 19.370667-19.370667v-135.765333h135.765333a19.413333 19.413333 0 0 0 19.370667-19.413333v-38.784a19.413333 19.413333 0 0 0-19.370667-19.370667h-135.765333V337.450667z\" fill=\"#1D2129\">\u003C/path>\u003C/symbol>\u003Csymbol id=\"iconConnect\" viewBox=\"0 0 1024 1024\">\u003Cpath d=\"M394.24 688.768l289.877333-289.877333-59.008-59.008-289.877333 289.877333 59.008 59.008z m87.168-12.416a91.008 91.008 0 0 1-21.205333 95.189333c-56.234667 56.106667-74.453333 84.053333-122.325334 84.053334-47.530667 0-61.141333-22.997333-142.592-104.234667a91.392 91.392 0 0 1 0-129.28c51.072-50.901333 86.186667-102.784 153.856-78.208l61.994667-61.824a175.232 175.232 0 0 0-217.173333 23.893333L136.533333 563.370667a174.378667 174.378667 0 0 0-0.042666 246.741333C212.48 886.016 249.386667 938.666667 337.877333 938.666667c85.504 0 122.538667-49.834667 181.162667-108.373334a174.122667 174.122667 0 0 0 24.448-215.893333l-62.08 61.952z m406.229333-462.378667l-77.653333-77.653333a174.634667 174.634667 0 0 0-246.613333 0L505.941333 193.706667a174.506667 174.506667 0 0 0-23.893333 216.661333l61.866667-61.866667a90.752 90.752 0 0 1 20.778666-96c57.813333-57.856 74.752-84.053333 122.026667-84.053333 47.402667 0 61.013333 23.04 142.208 104.277333a91.477333 91.477333 0 0 1 0 129.194667c-50.773333 50.773333-85.333333 102.058667-152.533333 78.506667L614.4 542.378667c27.733333 17.408 59.818667 26.581333 92.544 26.538666 85.12 0 121.898667-49.493333 180.693333-108.288a174.634667 174.634667 0 0 0 0-246.698666z\" fill=\"#1D2129\">\u003C/path>\u003Cpath d=\"M394.24 688.768l289.877333-289.877333-59.008-59.008-289.877333 289.877333 59.008 59.008z m87.168-12.416a91.008 91.008 0 0 1-21.205333 95.189333c-56.234667 56.106667-74.453333 84.053333-122.325334 84.053334-47.530667 0-61.141333-22.997333-142.592-104.234667a91.392 91.392 0 0 1 0-129.28c51.072-50.901333 86.186667-102.784 153.856-78.208l61.994667-61.824a175.232 175.232 0 0 0-217.173333 23.893333L136.533333 563.370667a174.378667 174.378667 0 0 0-0.042666 246.741333C212.48 886.016 249.386667 938.666667 337.877333 938.666667c85.504 0 122.538667-49.834667 181.162667-108.373334a174.122667 174.122667 0 0 0 24.448-215.893333l-62.08 61.952z m406.229333-462.378667l-77.653333-77.653333a174.634667 174.634667 0 0 0-246.613333 0L505.941333 193.706667a174.506667 174.506667 0 0 0-23.893333 216.661333l61.866667-61.866667a90.752 90.752 0 0 1 20.778666-96c57.813333-57.856 74.752-84.053333 122.026667-84.053333 47.402667 0 61.013333 23.04 142.208 104.277333a91.477333 91.477333 0 0 1 0 129.194667c-50.773333 50.773333-85.333333 102.058667-152.533333 78.506667L614.4 542.378667c27.733333 17.408 59.818667 26.581333 92.544 26.538666 85.12 0 121.898667-49.493333 180.693333-108.288a174.634667 174.634667 0 0 0 0-246.698666z\" fill=\"#1D2129\">\u003C/path>\u003C/symbol>\u003Csymbol id=\"iconcut\" viewBox=\"0 0 1024 1024\">\u003Cpath d=\"M908.416 205.824l-1.749333 2.048-307.2 307.2 307.2 307.157333a21.333333 21.333333 0 0 1 0 30.165334l-30.165334 30.165333a21.333333 21.333333 0 0 1-30.165333 0l-307.2-307.2-110.336 110.378667a170.666667 170.666667 0 1 1-60.373333-60.330667l110.378666-110.378667-108.586666-108.629333a170.666667 170.666667 0 1 1 59.605333-61.013333l109.354667 109.269333 307.157333-307.157333a21.333333 21.333333 0 0 1 28.16-1.749334l2.005333 1.749334 30.165334 30.165333a21.333333 21.333333 0 0 1 1.749333 28.16zM367.061333 772.437333a85.333333 85.333333 0 1 0-170.666666 0 85.333333 85.333333 0 0 0 170.666666 0z m0-512a85.333333 85.333333 0 1 0-170.666666 0 85.333333 85.333333 0 0 0 170.666666 0z\" fill=\"#1D2129\">\u003C/path>\u003C/symbol>\u003Csymbol id=\"iconDelete\" viewBox=\"0 0 1024 1024\">\u003Cpath d=\"M795.733333 341.333333c22.4 0 40.533333 19.114667 40.533334 42.666667 0 1.578667-0.128 3.157333-0.256 4.693333l-38.826667 491.306667c-2.645333 33.152-29.013333 58.666667-60.629333 58.666667H287.445333c-29.610667 0-54.613333-22.4-59.818666-52.522667l-0.810667-6.144-38.826667-491.306667A45.525333 45.525333 0 0 1 187.733333 384c0-23.552 18.133333-42.666667 40.533334-42.666667 21.248 0 38.656 17.237333 40.362666 39.125334L306.090667 853.333333h411.818666l37.461334-472.874666c1.706667-21.888 19.114667-39.125333 40.362666-39.125334z m-364.8 128c22.357333 0 40.533333 19.114667 40.533334 42.666667v213.333333c0 23.552-18.176 42.666667-40.533334 42.666667-22.4 0-40.533333-19.114667-40.533333-42.666667v-213.333333c0-23.552 18.133333-42.666667 40.533333-42.666667z m162.133334 0c22.4 0 40.533333 19.114667 40.533333 42.666667v213.333333c0 23.552-18.133333 42.666667-40.533333 42.666667-22.357333 0-40.533333-19.114667-40.533334-42.666667v-213.333333c0-23.552 18.176-42.666667 40.533334-42.666667z m40.533333-384c22.357333 0 40.533333 19.114667 40.533333 42.666667v85.333333h202.666667c22.357333 0 40.533333 19.114667 40.533333 42.666667s-18.133333 42.666667-40.533333 42.666667H147.2c-22.357333 0-40.533333-19.114667-40.533333-42.666667s18.176-42.666667 40.533333-42.666667H349.866667V128c0-22.101333 15.957333-40.277333 36.394666-42.453333L390.4 85.333333h243.2zM430.933333 213.333333h162.133334V170.666667h-162.133334v42.666666z\" fill=\"#1D2129\">\u003C/path>\u003C/symbol>\u003Csymbol id=\"iconDisable\" viewBox=\"0 0 1024 1024\">\u003Cpath d=\"M512 938.666667C276.992 938.666667 85.333333 747.008 85.333333 512S276.992 85.333333 512 85.333333s426.666667 191.658667 426.666667 426.666667-191.658667 426.666667-426.666667 426.666667z m0-784.896A358.357333 358.357333 0 0 0 153.770667 512 358.357333 358.357333 0 0 0 512 870.229333 358.357333 358.357333 0 0 0 870.229333 512 358.357333 358.357333 0 0 0 512 153.770667z\" fill=\"#1D2129\">\u003C/path>\u003Cpath d=\"M222.848 267.477333L277.333333 213.333333l545.152 543.189334L768 810.666667 222.848 267.477333z\" fill=\"#1D2129\">\u003C/path>\u003C/symbol>\u003Csymbol id=\"iconDisconnect\" viewBox=\"0 0 1024 1024\">\u003Cpath d=\"M394.24 688.768l119.808-119.808-59.008-59.008-119.808 119.808 59.008 59.008z m87.168-12.416a91.008 91.008 0 0 1-21.205333 95.189333c-56.234667 56.106667-74.453333 84.053333-122.325334 84.053334-47.530667 0-61.141333-22.997333-142.592-104.234667a91.392 91.392 0 0 1 0-129.28c51.072-50.901333 86.186667-102.784 153.856-78.208l61.994667-61.824a175.232 175.232 0 0 0-217.173333 23.893333L136.533333 563.370667a174.378667 174.378667 0 0 0-0.042666 246.741333C212.48 886.016 249.386667 938.666667 337.877333 938.666667c85.504 0 122.538667-49.834667 181.162667-108.373334a174.122667 174.122667 0 0 0 24.448-215.893333l-62.08 61.952z m406.229333-462.378667l-77.653333-77.653333a174.634667 174.634667 0 0 0-246.613333 0L505.941333 193.706667a174.506667 174.506667 0 0 0-23.893333 216.661333l61.866667-61.866667a90.752 90.752 0 0 1 20.778666-96c57.813333-57.856 74.752-84.053333 122.026667-84.053333 47.402667 0 61.013333 23.04 142.208 104.277333a91.477333 91.477333 0 0 1 0 129.194667c-50.773333 50.773333-85.333333 102.058667-152.533333 78.506667L614.4 542.378667c27.733333 17.408 59.818667 26.581333 92.544 26.538666 85.12 0 121.898667-49.493333 180.693333-108.288a174.634667 174.634667 0 0 0 0-246.698666z\" fill=\"#1D2129\">\u003C/path>\u003Cpath d=\"M695.765333 387.2L576 507.008 516.992 448l119.765333-119.808 59.008 59.008z\" fill=\"#1D2129\">\u003C/path>\u003C/symbol>\u003Csymbol id=\"iconEject\" viewBox=\"0 0 1024 1024\">\u003Cpath d=\"M512 85.333333c235.648 0 426.666667 191.018667 426.666667 426.666667s-191.018667 426.666667-426.666667 426.666667S85.333333 747.648 85.333333 512 276.352 85.333333 512 85.333333z m0 77.568a349.098667 349.098667 0 1 0 0 698.197334 349.098667 349.098667 0 0 0 0-698.197334z m193.962667 329.728a19.413333 19.413333 0 0 0-19.413334-19.413333H337.450667a19.413333 19.413333 0 0 0-19.370667 19.413333v38.784a19.413333 19.413333 0 0 0 19.370667 19.370667h349.098666a19.413333 19.413333 0 0 0 19.370667-19.413333v-38.784z\" fill=\"#1D2129\">\u003C/path>\u003C/symbol>\u003Csymbol id=\"iconDownload\" viewBox=\"0 0 1024 1024\">\u003Cpath d=\"M192 768a21.333333 21.333333 0 0 1 21.333333 21.333333V853.333333h597.333334v-64a21.333333 21.333333 0 0 1 21.333333-21.333333h42.666667a21.333333 21.333333 0 0 1 21.333333 21.333333V896a42.666667 42.666667 0 0 1-42.666667 42.666667H170.666667a42.666667 42.666667 0 0 1-42.666667-42.666667v-106.666667a21.333333 21.333333 0 0 1 21.333333-21.333333h42.666667z m298.666667-661.333333h42.666666a21.333333 21.333333 0 0 1 21.162667 18.858666L554.666667 128v470.869333l128.426666-128.426666a21.333333 21.333333 0 0 1 28.16-1.834667l2.005334 1.792 30.165333 30.165333a21.333333 21.333333 0 0 1 1.834667 28.16l-1.834667 2.048-211.2 211.2a21.333333 21.333333 0 0 1-28.16 1.749334l-1.962667-1.792-211.2-211.2a21.333333 21.333333 0 0 1-1.749333-28.16l1.749333-1.962667 30.165334-30.208a21.333333 21.333333 0 0 1 28.16-1.792l2.005333 1.792L469.333333 588.501333V128a21.333333 21.333333 0 0 1 18.816-21.205333L490.666667 106.666667z\" fill=\"#1D2129\">\u003C/path>\u003C/symbol>\u003Csymbol id=\"iconEnable\" viewBox=\"0 0 1024 1024\">\u003Cpath d=\"M512 85.333333c235.648 0 426.666667 191.018667 426.666667 426.666667s-191.018667 426.666667-426.666667 426.666667S85.333333 747.648 85.333333 512 276.352 85.333333 512 85.333333z m0 77.568a349.098667 349.098667 0 1 0 0 698.197334 349.098667 349.098667 0 0 0 0-698.197334z m188.16 231.808l27.392 27.477334a19.413333 19.413333 0 0 1 0 27.392l-246.826667 246.869333a19.370667 19.370667 0 0 1-27.434666 0l-141.952-141.994667a19.370667 19.370667 0 0 1 0-27.434666l27.392-27.434667a19.413333 19.413333 0 0 1 27.434666 0l100.821334 100.864 205.738666-205.738667a19.413333 19.413333 0 0 1 27.392 0z\" fill=\"#1D2129\">\u003C/path>\u003C/symbol>\u003Csymbol id=\"iconExport\" viewBox=\"0 0 1024 1024\">\u003Cpath d=\"M349.184 128h86.101333a38.4 38.4 0 1 1 0 76.8h-84.48c-32.853333 0-55.296 0-72.533333 1.493333-16.853333 1.365333-25.429333 3.84-31.402667 6.912a76.885333 76.885333 0 0 0-33.578666 33.578667c-3.029333 5.973333-5.546667 14.549333-6.912 31.445333-1.450667 17.28-1.450667 39.594667-1.450667 72.533334v322.517333c0 32.853333 0 55.296 1.450667 72.533333 1.365333 16.853333 3.84 25.429333 6.912 31.402667 7.381333 14.506667 19.114667 26.24 33.578666 33.578667 5.973333 3.072 14.549333 5.546667 31.445334 6.912 17.28 1.450667 39.594667 1.450667 72.533333 1.450666h322.474667c32.853333 0 55.253333 0 72.533333-1.450666 16.810667-1.365333 25.386667-3.84 31.402667-6.912 14.464-7.338667 26.197333-19.114667 33.578666-33.578667 3.029333-5.973333 5.546667-14.549333 6.912-31.445333 1.450667-17.28 1.450667-39.594667 1.450667-72.533334V588.8a38.4 38.4 0 1 1 76.8 0v86.144c0 30.848 0 56.405333-1.706667 77.184-1.749333 21.589333-5.546667 41.472-15.061333 60.074667a153.856 153.856 0 0 1-67.072 67.072c-18.688 9.514667-38.485333 13.226667-60.074667 15.018666-20.736 1.749333-46.293333 1.749333-77.184 1.749334H349.184c-30.848 0-56.405333 0-77.141333-1.706667-21.589333-1.749333-41.472-5.546667-60.074667-15.061333a153.6 153.6 0 0 1-67.072-67.072c-9.514667-18.688-13.226667-38.485333-15.061333-60.117334a1025.621333 1025.621333 0 0 1-1.706667-77.141333V349.098667c0-30.848 0-56.448 1.706667-77.184 1.706667-21.589333 5.546667-41.429333 15.061333-60.074667 14.72-28.842667 31.146667-49.92 60.032-64.64 18.645333-9.472 45.525333-15.701333 67.114667-17.493333C292.778667 128 318.293333 128 349.184 128z m366.08 11.306667a38.4 38.4 0 0 1 54.272 0l115.2 115.2a38.4 38.4 0 0 1 0 54.229333l-115.2 115.2a38.528 38.528 0 0 1-55.68 1.450667 38.4 38.4 0 0 1 1.450667-55.722667l49.578666-49.621333h-30.122666c-32.853333 0-55.296 0-72.533334 1.408-16.853333 1.408-25.429333 3.84-31.488 6.912a76.8 76.8 0 0 0-33.493333 33.578666c-3.072 5.973333-5.589333 14.592-6.912 31.445334-1.450667 17.28-1.493333 39.68-1.493333 72.533333V512a38.4 38.4 0 1 1-76.8 0v-47.701333c0-30.848 0-56.448 1.706666-77.184 1.749333-21.589333 5.546667-41.472 15.018667-60.074667a153.685333 153.685333 0 0 1 67.157333-67.072c18.645333-9.514667 38.442667-13.226667 60.032-15.061333 20.736-1.706667 46.250667-1.706667 77.184-1.706667h31.744l-49.578666-49.664a38.4 38.4 0 0 1 0-54.229333z\" fill=\"#1D2129\">\u003C/path>\u003C/symbol>\u003Csymbol id=\"iconfavicon_48\" viewBox=\"0 0 1024 1024\">\u003Cpath d=\"M134.826667 188.586667l721.066666-165.546667c87.893333-20.48 122.88 64.853333 122.88 118.613333v741.546667c0 53.76-36.693333 138.24-122.88 118.613333L134.826667 837.12c-47.786667-11.093333-89.6-44.373333-89.6-98.133333v-452.266667c-0.853333-53.76 40.96-87.04 89.6-98.133333z m54.613333 46.933333c-76.8 16.213333-76.8 19.626667-76.8 83.626667v387.413333c0 65.706667 22.186667 71.68 76.8 83.626667l617.813333 141.653333c105.813333 26.453333 105.813333-6.826667 105.813334-101.546667V195.413333c0-90.453333-5.973333-124.586667-105.813334-101.546666L189.44 235.52z\" fill=\"#0086E6\">\u003C/path>\u003Cpath d=\"M107.52 282.453333l811.52 200.533334v72.533333L106.666667 347.306667z\" fill=\"#0086E6\">\u003C/path>\u003Cpath d=\"M613.546667 472.746667l-133.12 385.706666 59.733333 14.506667 136.533333-383.146667z\" fill=\"#0086E6\">\u003C/path>\u003C/symbol>\u003Csymbol id=\"iconencrypt_folder_mounted\" viewBox=\"0 0 1024 1024\">\u003Cpath d=\"M351.010133 0a136.533333 136.533333 0 0 1 84.650667 29.4144L495.633067 76.8H887.466667c75.409067 0 136.533333 61.124267 136.533333 136.533333v605.866667c0 113.109333-91.690667 204.8-204.8 204.8H640c-72.0384 0-135.3728-37.1968-171.886933-93.422933l-8.234667 11.0592A204.8 204.8 0 0 1 295.697067 1024H204.8c-113.109333 0-204.8-91.690667-204.8-204.8V136.533333C0 61.124267 61.124267 0 136.533333 0h214.4768z\" fill=\"#F8AA28\">\u003C/path>\u003Cpath d=\"M102.4 179.2m102.4 0l614.4 0q102.4 0 102.4 102.4l0 170.666667q0 102.4-102.4 102.4l-614.4 0q-102.4 0-102.4-102.4l0-170.666667q0-102.4 102.4-102.4Z\" fill=\"#FFEFD5\">\u003C/path>\u003Cpath d=\"M0 375.466667c0-56.5504 45.8496-102.4 102.4-102.4h819.2c56.5504 0 102.4 45.8496 102.4 102.4v512c0 75.409067-61.124267 136.533333-136.533333 136.533333H136.533333c-75.409067 0-136.533333-61.124267-136.533333-136.533333V375.466667z\" fill=\"#FBC931\">\u003C/path>\u003Cpath d=\"M683.733333 588.8c18.261333 0 33.058133 16.162133 33.066667 34.321067v239.982933A32.938667 32.938667 0 0 1 683.767467 896H340.258133A32.964267 32.964267 0 0 1 307.2 863.104V623.121067C307.2 604.970667 321.9968 588.8 340.258133 588.8h343.4752z m-171.7504 83.2768c-22.698667 0-41.130667 18.363733-41.130666 40.9344 0 15.9488 9.250133 29.559467 22.596266 36.352v52.4032c0 2.338133 1.962667 4.309333 4.3776 4.309333h28.416a4.352 4.352 0 0 0 4.343467-4.309333v-52.411733c13.346133-6.784 22.596267-20.394667 22.562133-36.352 0-22.562133-18.432-40.925867-41.1648-40.925867zM560.059733 409.941333A130.4064 130.4064 0 0 0 512.512 401.066667c-18.500267 0-35.549867 2.952533-51.1488 8.874666-15.5904 5.905067-29.124267 14.037333-40.610133 24.388267a113.604267 113.604267 0 0 0-26.9824 36.215467C387.242667 484.334933 384 499.114667 384 514.8928V588.8h64.768v-60.117333c0-20.693333 5.6576-36.7872 16.964267-48.2816 11.3152-11.502933 26.222933-17.245867 44.7232-17.245867 20.565333 0 36.932267 5.742933 49.092266 17.237333 12.168533 11.502933 18.2528 27.5968 18.2528 48.298667V588.8h61.9264L640 514.8928c0-15.7696-3.601067-30.549333-10.794667-44.347733a123.904 123.904 0 0 0-28.526933-36.215467 135.424 135.424 0 0 0-40.618667-24.3968z\" fill=\"#FFF6E9\">\u003C/path>\u003C/symbol>\u003Csymbol id=\"iconencrypt_folder_unmounted\" viewBox=\"0 0 1024 1024\">\u003Cpath d=\"M351.010133 0a136.533333 136.533333 0 0 1 84.650667 29.4144L495.633067 76.8H887.466667c75.409067 0 136.533333 61.124267 136.533333 136.533333v605.866667c0 113.109333-91.690667 204.8-204.8 204.8H640c-72.0384 0-135.3728-37.1968-171.886933-93.422933l-8.234667 11.0592A204.8 204.8 0 0 1 295.697067 1024H204.8c-113.109333 0-204.8-91.690667-204.8-204.8V136.533333C0 61.124267 61.124267 0 136.533333 0h214.4768z\" fill=\"#F8AA28\">\u003C/path>\u003Cpath d=\"M102.4 179.2m102.4 0l614.4 0q102.4 0 102.4 102.4l0 170.666667q0 102.4-102.4 102.4l-614.4 0q-102.4 0-102.4-102.4l0-170.666667q0-102.4 102.4-102.4Z\" fill=\"#FFEFD5\">\u003C/path>\u003Cpath d=\"M0 375.466667c0-56.5504 45.8496-102.4 102.4-102.4h819.2c56.5504 0 102.4 45.8496 102.4 102.4v512c0 75.409067-61.124267 136.533333-136.533333 136.533333H136.533333c-75.409067 0-136.533333-61.124267-136.533333-136.533333V375.466667z\" fill=\"#FBC931\">\u003C/path>\u003Cpath d=\"M734.933333 588.8c18.261333 0 33.058133 16.162133 33.066667 34.321067v239.9744a32.938667 32.938667 0 0 1-33.032533 32.896H391.458133A32.9728 32.9728 0 0 1 358.4 863.095467V623.112533C358.4 604.970667 373.1968 588.8 391.458133 588.8h343.4752z m-171.7504 83.2768c-22.698667 0-41.130667 18.363733-41.130666 40.9344 0 15.9488 9.250133 29.559467 22.596266 36.352v52.394667c0 2.338133 1.962667 4.317867 4.3776 4.317866h28.416c2.389333 0 4.334933-1.979733 4.343467-4.317866v-52.394667c13.346133-6.792533 22.596267-20.4032 22.562133-36.352 0-22.570667-18.432-40.9344-41.1648-40.9344zM432.068267 409.941333A130.4064 130.4064 0 0 0 384.512 401.066667c-18.500267 0-35.549867 2.952533-51.1488 8.874666-15.5904 5.905067-29.124267 14.037333-40.610133 24.388267a113.6128 113.6128 0 0 0-26.9824 36.215467C259.242667 484.334933 256 499.114667 256 514.8928v37.879467a25.6 25.6 0 0 0 25.6 25.6h13.568a25.6 25.6 0 0 0 25.6-25.6v-24.0896c0-20.693333 5.6576-36.7872 16.964267-48.2816 11.3152-11.502933 26.222933-17.245867 44.7232-17.245867 20.565333 0 36.932267 5.742933 49.092266 17.237333 12.168533 11.502933 18.2528 27.5968 18.2528 48.298667V588.8h61.9264L512 514.8928c0-15.7696-3.601067-30.549333-10.794667-44.347733a123.904 123.904 0 0 0-28.526933-36.215467 135.424 135.424 0 0 0-40.618667-24.3968z\" fill=\"#FFF6E9\">\u003C/path>\u003C/symbol>\u003Csymbol id=\"iconfolder1\" viewBox=\"0 0 1024 1024\">\u003Cpath d=\"M878.933333 969.386667H146.773333c-63.146667 0-114.346667-51.2-114.346666-114.346667V207.36C32.426667 145.066667 83.626667 93.866667 146.773333 93.866667h217.6c30.72 0 58.88 11.946667 81.066667 33.28l98.133333 98.133333c6.826667 6.826667 16.213333 11.093333 26.453334 11.093333H878.933333c63.146667 0 114.346667 51.2 114.346667 114.346667v505.173333c0 62.293333-51.2 113.493333-114.346667 113.493334zM146.773333 170.666667c-20.48 0-37.546667 17.066667-37.546666 37.546666v647.68c0 20.48 17.066667 37.546667 37.546666 37.546667H878.933333c20.48 0 37.546667-17.066667 37.546667-37.546667V349.866667c0-20.48-17.066667-37.546667-37.546667-37.546667H569.173333c-30.72 0-58.88-11.946667-81.066666-33.28L390.826667 180.906667c-6.826667-6.826667-16.213333-10.24-26.453334-10.24H146.773333z\" fill=\"#333333\">\u003C/path>\u003C/symbol>\u003Csymbol id=\"iconfilter\" viewBox=\"0 0 1024 1024\">\u003Cpath d=\"M85.333333 128a42.666667 42.666667 0 0 1 42.666667-42.666667h768a42.666667 42.666667 0 0 1 42.666667 42.666667v177.493333a39.381333 39.381333 0 0 1 0 12.16V320a21.333333 21.333333 0 0 1-8.448 17.024 40.32 40.32 0 0 1-10.88 9.386667L682.666667 487.722667V917.333333a21.333333 21.333333 0 0 1-21.333334 21.333334h-42.666666a21.333333 21.333333 0 0 1-21.333334-21.333334V469.333333c0-4.224 0.597333-8.405333 1.834667-12.416a40.448 40.448 0 0 1 18.517333-24.789333L853.333333 291.456V170.666667H170.666667v122.282666l228.053333 136.32A42.666667 42.666667 0 0 1 426.666667 469.333333v298.666667a21.333333 21.333333 0 0 1-21.333334 21.333333h-42.666666A21.333333 21.333333 0 0 1 341.333333 768v-278.826667L105.045333 347.904a40.277333 40.277333 0 0 1-12.970666-12.373333A21.290667 21.290667 0 0 1 85.333333 320V128z\" fill=\"#1D2129\">\u003C/path>\u003C/symbol>\u003Csymbol id=\"iconFormat\" viewBox=\"0 0 1024 1024\">\u003Cpath d=\"M539.264 106.666667C759.850667 106.666667 938.666667 288.128 938.666667 512s-178.816 405.333333-399.402667 405.333333c-130.688 0-246.656-63.658667-319.573333-162.090666l58.112-44.245334c59.562667 80.512 154.496 132.608 261.461333 132.608 180.48 0 326.784-148.48 326.784-331.605333 0-183.168-146.346667-331.605333-326.826667-331.605333-161.877333 0-296.32 119.466667-322.261333 276.309333h31.786667a18.005333 18.005333 0 0 1 15.701333 9.173333 18.773333 18.773333 0 0 1 0.085333 18.432l-1.28 1.877334-72.618666 98.261333a18.133333 18.133333 0 0 1-13.397334 7.338667 17.834667 17.834667 0 0 1-14.165333-5.546667l-1.493333-1.792-72.618667-98.261333a18.645333 18.645333 0 0 1 3.669333-25.813334 18.048 18.048 0 0 1 8.746667-3.498666l2.133333-0.170667h39.978667C170.069333 259.029333 337.109333 106.666667 539.306667 106.666667z m94.421333 294.826666a50.261333 50.261333 0 0 1 35.882667 15.104 51.626667 51.626667 0 0 1 14.933333 36.437334v154.752c0 13.653333-5.376 26.837333-14.933333 36.522666a50.432 50.432 0 0 1-35.882667 15.061334h-152.576c-13.44 0-26.368-5.418667-35.882666-15.061334a52.053333 52.053333 0 0 1-14.933334-36.522666v-154.752c0-13.653333 5.376-26.794667 14.933334-36.437334 9.514667-9.685333 22.442667-15.146667 35.882666-15.146666h152.576zM490.666667 597.333333h128v-128h-128v128z\" fill=\"#1D2129\">\u003C/path>\u003C/symbol>\u003Csymbol id=\"icona-istory\" viewBox=\"0 0 1024 1024\">\u003Cpath d=\"M539.221333 85.333333C759.808 85.333333 938.666667 266.794667 938.666667 490.666667S759.808 896 539.221333 896c-130.645333 0-246.656-63.658667-319.573333-162.133333l58.154667-44.202667c59.562667 80.512 154.453333 132.650667 261.418666 132.650667 180.48 0 326.826667-148.48 326.826667-331.648 0-183.168-146.346667-331.648-326.826667-331.648-161.92 0-296.362667 119.509333-322.261333 276.352h31.786667a17.92 17.92 0 0 1 15.701333 9.173333 18.602667 18.602667 0 0 1 0.085333 18.389333l-1.28 1.962667-72.618666 98.218667a18.218667 18.218667 0 0 1-13.354667 7.338666 17.92 17.92 0 0 1-14.208-5.546666l-1.493333-1.792-72.618667-98.261334a18.602667 18.602667 0 0 1 3.669333-25.770666 17.962667 17.962667 0 0 1 8.746667-3.541334l2.133333-0.170666h39.978667C170.069333 237.696 337.066667 85.333333 539.221333 85.333333z m18.176 239.530667c4.821333 0 9.386667 1.92 12.8 5.376 3.413333 3.456 5.333333 8.106667 5.333334 13.013333v128.981334h127.146666c4.778667 0 9.386667 1.962667 12.8 5.418666 3.413333 3.413333 5.333333 8.106667 5.333334 13.013334v36.864a18.56 18.56 0 0 1-5.333334 13.013333 18.005333 18.005333 0 0 1-12.8 5.418667h-181.589333a18.005333 18.005333 0 0 1-12.842667-5.418667 18.56 18.56 0 0 1-5.333333-13.013333V343.253333c0-4.864 1.92-9.557333 5.333333-13.013333a18.005333 18.005333 0 0 1 12.8-5.376h36.352z\" fill=\"#1D2129\">\u003C/path>\u003C/symbol>\u003Csymbol id=\"iconHome1\" viewBox=\"0 0 1024 1024\">\u003Cpath d=\"M485.12 94.890667a42.666667 42.666667 0 0 1 53.76 0l341.333333 277.333333A42.666667 42.666667 0 0 1 896 405.333333V896a42.666667 42.666667 0 0 1-42.666667 42.666667H170.666667a42.666667 42.666667 0 0 1-42.666667-42.666667V405.333333a42.666667 42.666667 0 0 1 15.786667-33.109333l341.333333-277.333333zM213.333333 425.642667V853.333333h597.333334V425.642667L512 183.04 213.333333 425.642667z\" fill=\"#1D2129\">\u003C/path>\u003Cpath d=\"M362.666667 640h298.666666v85.333333h-298.666666v-85.333333z\" fill=\"#1D2129\">\u003C/path>\u003C/symbol>\u003Csymbol id=\"iconicon_tips_blue1\" viewBox=\"0 0 1024 1024\">\u003Cpath d=\"M512 85.333333c235.648 0 426.666667 191.018667 426.666667 426.666667s-191.018667 426.666667-426.666667 426.666667S85.333333 747.648 85.333333 512 276.352 85.333333 512 85.333333z m0 77.568a349.098667 349.098667 0 1 0 0 698.197334 349.098667 349.098667 0 0 0 0-698.197334z m19.370667 290.901334a19.413333 19.413333 0 0 1 19.413333 19.413333v174.506667h31.530667a19.370667 19.370667 0 0 1 19.370666 19.413333v41.216a19.413333 19.413333 0 0 1-19.370666 19.413333h-147.882667a19.413333 19.413333 0 0 1-19.413333-19.413333v-41.216a19.370667 19.370667 0 0 1 19.413333-19.370667h38.784v-113.92h-19.413333a19.370667 19.370667 0 0 1-19.370667-19.413333v-41.216a19.370667 19.370667 0 0 1 19.370667-19.413333h77.610666z m0-155.136a19.413333 19.413333 0 0 1 19.413333 19.413333v58.154667a19.413333 19.413333 0 0 1-19.413333 19.413333h-58.154667a19.413333 19.413333 0 0 1-19.413333-19.413333V318.08A19.413333 19.413333 0 0 1 473.216 298.666667h58.197333z\" fill=\"#1D2129\">\u003C/path>\u003C/symbol>\u003Csymbol id=\"iconImport\" viewBox=\"0 0 1024 1024\">\u003Cpath d=\"M349.184 128h86.101333a38.4 38.4 0 1 1 0 76.8h-84.48c-32.853333 0-55.296 0-72.533333 1.493333-16.853333 1.365333-25.429333 3.84-31.402667 6.912a76.885333 76.885333 0 0 0-33.578666 33.578667c-3.029333 5.973333-5.546667 14.549333-6.912 31.445333-1.450667 17.28-1.450667 39.594667-1.450667 72.533334v322.517333c0 32.853333 0 55.296 1.450667 72.533333 1.365333 16.853333 3.84 25.429333 6.912 31.402667 7.381333 14.506667 19.114667 26.24 33.578666 33.578667 5.973333 3.072 14.549333 5.546667 31.445334 6.912 17.28 1.450667 39.594667 1.450667 72.533333 1.450666h322.474667c32.853333 0 55.253333 0 72.533333-1.450666 16.810667-1.365333 25.386667-3.84 31.402667-6.912 14.464-7.338667 26.197333-19.114667 33.578666-33.578667 3.029333-5.973333 5.546667-14.549333 6.912-31.445333 1.450667-17.28 1.450667-39.594667 1.450667-72.533334V588.8a38.4 38.4 0 1 1 76.8 0v86.144c0 30.848 0 56.405333-1.706667 77.184-1.749333 21.589333-5.546667 41.472-15.061333 60.074667a153.856 153.856 0 0 1-67.072 67.072c-18.688 9.514667-38.485333 13.226667-60.074667 15.018666-20.736 1.749333-46.293333 1.749333-77.184 1.749334H349.184c-30.848 0-56.405333 0-77.141333-1.706667-21.589333-1.749333-41.472-5.546667-60.074667-15.061333a153.6 153.6 0 0 1-67.072-67.072c-9.514667-18.688-13.226667-38.485333-15.061333-60.117334a1025.621333 1025.621333 0 0 1-1.706667-77.141333V349.098667c0-30.848 0-56.448 1.706667-77.184 1.706667-21.589333 5.546667-41.429333 15.061333-60.074667 14.72-28.842667 31.146667-49.92 60.032-64.64 18.645333-9.472 45.525333-15.701333 67.114667-17.493333C292.778667 128 318.293333 128 349.184 128z\" fill=\"#1D2129\">\u003C/path>\u003Cpath d=\"M676.010667 557.056a38.4 38.4 0 0 1-54.229334 0l-115.2-115.2a38.4 38.4 0 0 1 0-54.272l115.2-115.2a38.442667 38.442667 0 1 1 54.229334 54.272L626.432 376.32h30.122667c32.853333 0 55.296 0 72.533333-1.450667 16.853333-1.365333 25.429333-3.84 31.488-6.912a76.8 76.8 0 0 0 33.493333-33.578666c3.072-5.973333 5.546667-14.592 6.912-31.445334 1.450667-17.28 1.493333-39.637333 1.493334-72.533333V184.32a38.4 38.4 0 1 1 76.8 0v47.701333c0 30.890667 0 56.448-1.749334 77.184-1.706667 21.589333-5.546667 41.472-14.976 60.074667a153.642667 153.642667 0 0 1-67.157333 67.114667c-18.645333 9.472-38.485333 13.226667-60.074667 15.018666-20.736 1.706667-46.250667 1.706667-77.141333 1.706667h-31.744l49.578667 49.664a38.4 38.4 0 0 1 0 54.272z\" fill=\"#1D2129\">\u003C/path>\u003C/symbol>\u003Csymbol id=\"iconList\" viewBox=\"0 0 1024 1024\">\u003Cpath d=\"M117.333333 149.333333h64a32 32 0 0 1 32 32v64a32 32 0 0 1-32 32h-64A32 32 0 0 1 85.333333 245.333333v-64a32 32 0 0 1 32-32z m803.114667 21.333334H338.218667c-10.069333 0-18.218667 9.557333-18.218667 21.333333v42.666667c0 11.776 8.149333 21.333333 18.176 21.333333h582.272c10.069333 0 18.218667-9.557333 18.218667-21.333333v-42.666667c0-11.776-8.149333-21.333333-18.218667-21.333333z m0 298.666666H338.218667c-10.069333 0-18.218667 9.557333-18.218667 21.333334v42.666666c0 11.776 8.149333 21.333333 18.176 21.333334h582.272c10.069333 0 18.218667-9.557333 18.218667-21.333334v-42.666666c0-11.776-8.149333-21.333333-18.218667-21.333334zM338.218667 768h582.229333c10.069333 0 18.218667 9.557333 18.218667 21.333333v42.666667c0 11.776-8.149333 21.333333-18.218667 21.333333H338.218667c-10.069333 0-18.218667-9.557333-18.218667-21.333333v-42.666667c0-11.776 8.149333-21.333333 18.176-21.333333zM181.333333 448h-64a32 32 0 0 0-32 32v64a32 32 0 0 0 32 32h64a32 32 0 0 0 32-32v-64a32 32 0 0 0-32-32z m0 298.666667h-64a32 32 0 0 0-32 32v64a32 32 0 0 0 32 32h64a32 32 0 0 0 32-32v-64a32 32 0 0 0-32-32z\" fill=\"#1D2129\">\u003C/path>\u003C/symbol>\u003Csymbol id=\"iconKey\" viewBox=\"0 0 1024 1024\">\u003Cpath d=\"M530.218667 90.069333l2.816 1.706667 20.778666 14.08a36.565333 36.565333 0 0 1 4.48 3.626667c-2.005333-1.877333-0.341333-0.853333-1.493333-1.578667l-0.426667-0.298667 1.450667 0.938667 2.133333 1.365333 2.346667 1.493334c7.210667 4.48 15.786667 9.514667 25.429333 14.805333 29.952 16.426667 61.013333 30.805333 93.013334 42.965333a469.333333 469.333333 0 0 0 100.138666 25.173334 470.016 470.016 0 0 0 43.690667 4.224h0.682667l34.389333 0.554666a37.504 37.504 0 0 1 25.6 10.581334 34.944 34.944 0 0 1 10.666667 24.917333v151.722667l0.042666 3.498666v36.010667L896 493.952V563.754667C895.658667 734.976 668.672 938.666667 511.957333 938.666667c-155.136 0-379.221333-199.68-383.872-369.877334L128 563.456V234.666667c0-8.874667 3.413333-17.408 9.6-23.936a37.333333 37.333333 0 0 1 23.808-11.52l2.816-0.128 35.072-0.512a471.338667 471.338667 0 0 0 43.733333-4.224 468.181333 468.181333 0 0 0 100.010667-25.173334c32-12.202667 63.146667-26.581333 93.056-43.008 11.306667-6.144 22.357333-12.714667 33.109333-19.626666l0.768-0.554667 20.565334-14.08a37.674667 37.674667 0 0 1 39.68-1.834667z m-18.346667 74.410667c-6.613333 4.522667-22.314667 14.08-39.338667 23.466667-32.938667 18.090667-67.157333 33.92-102.4 47.36-37.674667 14.378667-77.184 23.808-116.309333 29.44-16.512 2.389333-33.109333 4.010667-49.792 4.864l-2.389333 0.042666v293.802667c0 130.773333 193.066667 304.085333 310.314666 304.085333 115.882667 0 305.834667-169.216 310.314667-299.477333l0.085333-4.608V399.061333l-0.042666-48.64-0.042667-80.768c-10.24-0.213333-30.208-1.792-52.138667-4.906666a542.592 542.592 0 0 1-116.352-29.44c-59.690667-22.741333-121.173333-55.637333-141.909333-70.826667z m1.877333 153.642667c23.04 0 45.098667 8.832 61.397334 24.533333 16.256 15.744 25.386667 37.034667 25.386666 59.306667v55.850666h48.213334c10.24 0 20.053333 3.925333 27.306666 10.922667 7.253333 6.954667 11.306667 16.426667 11.306667 26.325333v167.594667a36.608 36.608 0 0 1-11.306667 26.368 39.253333 39.253333 0 0 1-27.306666 10.88H378.794667a39.253333 39.253333 0 0 1-27.306667-10.88 36.608 36.608 0 0 1-11.264-26.368v-167.594667c0-9.898667 4.053333-19.370667 11.264-26.325333a39.253333 39.253333 0 0 1 27.306667-10.922667h48.213333V401.92c0-21.546667 8.576-42.24 23.978667-57.813333a88.192 88.192 0 0 1 58.709333-25.898667l4.096-0.085333z m96.426667 214.186666h-192.853333v93.098667h192.853333v-93.098667z m-96.426667-158.293333a29.44 29.44 0 0 0-20.48 8.149333 27.434667 27.434667 0 0 0-8.448 19.754667v55.893333h57.856V401.92a27.392 27.392 0 0 0-7.509333-18.773333 29.312 29.312 0 0 0-18.602667-9.002667l-2.816-0.128z\" fill=\"#1D2129\">\u003C/path>\u003C/symbol>\u003Csymbol id=\"iconlog\" viewBox=\"0 0 1024 1024\">\u003Cpath d=\"M648.106667 64a85.333333 85.333333 0 0 1 60.416 25.045333l162.56 162.986667A85.333333 85.333333 0 0 1 896 312.32V917.333333a42.666667 42.666667 0 0 1-42.666667 42.666667H170.666667a42.666667 42.666667 0 0 1-42.666667-42.666667v-810.666666a42.666667 42.666667 0 0 1 42.666667-42.666667h477.44z m-25.386667 85.333333H213.333333v725.333334h597.333334V337.706667a42.666667 42.666667 0 0 0-12.458667-30.122667l-145.28-145.706667a42.666667 42.666667 0 0 0-30.208-12.544zM533.333333 597.333333a21.333333 21.333333 0 0 1 21.333334 21.333334v42.666666a21.333333 21.333333 0 0 1-21.333334 21.333334H341.333333a21.333333 21.333333 0 0 1-21.333333-21.333334v-42.666666A21.333333 21.333333 0 0 1 341.333333 597.333333h192zM682.666667 384a21.333333 21.333333 0 0 1 21.333333 21.333333v42.666667a21.333333 21.333333 0 0 1-21.333333 21.333333H341.333333a21.333333 21.333333 0 0 1-21.333333-21.333333v-42.666667A21.333333 21.333333 0 0 1 341.333333 384h341.333334z\" fill=\"#1D2129\">\u003C/path>\u003C/symbol>\u003Csymbol id=\"iconLock\" viewBox=\"0 0 1024 1024\">\u003Cpath d=\"M746.666667 320a234.666667 234.666667 0 0 0-469.333334 0v85.333333H170.666667a42.666667 42.666667 0 0 0-42.666667 42.666667V896a42.666667 42.666667 0 0 0 42.666667 42.666667h682.666666a42.666667 42.666667 0 0 0 42.666667-42.666667V448a42.666667 42.666667 0 0 0-42.666667-42.666667h-106.666666v-85.333333zM213.333333 853.333333v-362.666666h597.333334V853.333333H213.333333z m320-298.666666a21.333333 21.333333 0 0 1 21.333334 21.333333V768a21.333333 21.333333 0 0 1-21.333334 21.333333h-42.666666a21.333333 21.333333 0 0 1-21.333334-21.333333v-192a21.333333 21.333333 0 0 1 21.333334-21.333333h42.666666z m-170.666666-234.666667a149.333333 149.333333 0 1 1 298.666666 0v85.333333h-298.666666v-85.333333z\" fill=\"#1D2129\">\u003C/path>\u003C/symbol>\u003Csymbol id=\"iconmapDrive\" viewBox=\"0 0 1024 1024\">\u003Cpath d=\"M896 85.333333a42.666667 42.666667 0 0 1 42.666667 42.666667v597.333333a42.666667 42.666667 0 0 1-42.666667 42.666667h-341.333333v85.333333h362.666666a21.333333 21.333333 0 0 1 21.333334 21.333334v42.666666a21.333333 21.333333 0 0 1-21.333334 21.333334h-810.666666a21.333333 21.333333 0 0 1-21.333334-21.333334v-42.666666a21.333333 21.333333 0 0 1 21.333334-21.333334H469.333333v-85.333333H128a42.666667 42.666667 0 0 1-42.666667-42.666667V128a42.666667 42.666667 0 0 1 42.666667-42.666667h768zM170.666667 682.666667h682.666666v-213.333334H170.666667v213.333334z m149.333333-64h-85.333333v-85.333334h85.333333v85.333334z m128 0h-85.333333v-85.333334h85.333333v85.333334z m128 0h-85.333333v-85.333334h85.333333v85.333334zM170.666667 384h682.666666V170.666667H170.666667v213.333333z m149.333333-64h-85.333333v-85.333333h85.333333v85.333333z m128 0h-85.333333v-85.333333h85.333333v85.333333z m128 0h-85.333333v-85.333333h85.333333v85.333333z\" fill=\"#1D2129\">\u003C/path>\u003C/symbol>\u003Csymbol id=\"iconlog_in\" viewBox=\"0 0 1024 1024\">\u003Cpath d=\"M661.333333 85.333333a21.333333 21.333333 0 0 1 21.333334 21.333334v42.666666a21.333333 21.333333 0 0 1-21.333334 21.333334H170.666667v682.666666h490.666666a21.333333 21.333333 0 0 1 21.333334 21.333334v42.666666a21.333333 21.333333 0 0 1-21.333334 21.333334H128a42.666667 42.666667 0 0 1-42.666667-42.666667V128a42.666667 42.666667 0 0 1 42.666667-42.666667h533.333333z m-287.701333 393.301334l165.930667-165.930667a21.333333 21.333333 0 0 1 28.16-1.792l2.005333 1.792 30.165333 30.165333a21.333333 21.333333 0 0 1 1.749334 28.16l-1.749334 2.005334-98.176 98.133333 396.245334-1.706667c11.093333 0 20.053333 8.277333 21.248 18.944l0.128 2.474667-0.128 40.362667a21.333333 21.333333 0 0 1-18.773334 21.12l-2.474666 0.170666-388.394667 1.706667 90.325333 90.325333a21.333333 21.333333 0 0 1 1.749334 28.16l-1.749334 2.005334-30.165333 30.165333a21.333333 21.333333 0 0 1-28.16 1.792l-2.005333-1.792-165.973334-165.930667a42.666667 42.666667 0 0 1-2.474666-57.6l2.517333-2.730666z\" fill=\"#000000\">\u003C/path>\u003C/symbol>\u003Csymbol id=\"iconMaximize\" viewBox=\"0 0 1024 1024\">\u003Cpath d=\"M808.064 278.656v557.653333a38.186667 38.186667 0 0 1-11.477333 27.178667 39.168 39.168 0 0 1-27.52 11.178667H124.288a39.168 39.168 0 0 1-27.52-11.178667 38.186667 38.186667 0 0 1-11.434667-27.136V317.866667c0-10.410667 4.181333-20.352 11.605334-27.733334a39.936 39.936 0 0 1 28.074666-11.477333H808.106667z m-77.952 76.672H163.285333v442.666667h566.826667V355.328zM898.986667 149.333333c10.538667 0 20.608 4.138667 28.032 11.52a38.954667 38.954667 0 0 1 11.648 27.690667v450.858667h-79.36V227.754667H382.976V149.333333H898.986667z\" fill=\"#1D2129\">\u003C/path>\u003C/symbol>\u003Csymbol id=\"iconMinimize\" viewBox=\"0 0 1024 1024\">\u003Cpath d=\"M128 490.666667a21.333333 21.333333 0 0 1 21.333333-21.333334h725.333334a21.333333 21.333333 0 0 1 21.333333 21.333334v42.666666a21.333333 21.333333 0 0 1-21.333333 21.333334h-725.333334a21.333333 21.333333 0 0 1-21.333333-21.333334v-42.666666z\" fill=\"#1D2129\">\u003C/path>\u003C/symbol>\u003Csymbol id=\"iconMore\" viewBox=\"0 0 1024 1024\">\u003Cpath d=\"M512 85.333333c235.648 0 426.666667 191.018667 426.666667 426.666667s-191.018667 426.666667-426.666667 426.666667S85.333333 747.648 85.333333 512 276.352 85.333333 512 85.333333z m0 77.568a349.098667 349.098667 0 1 0 0 698.197334 349.098667 349.098667 0 0 0 0-698.197334z\" fill=\"#1D2129\">\u003C/path>\u003Cpath d=\"M640 512a42.666667 42.666667 0 1 0 85.333333 0 42.666667 42.666667 0 0 0-85.333333 0zM298.666667 512a42.666667 42.666667 0 1 0 85.333333 0 42.666667 42.666667 0 0 0-85.333333 0zM469.333333 512a42.666667 42.666667 0 1 0 85.333334 0 42.666667 42.666667 0 0 0-85.333334 0z\" fill=\"#1D2129\">\u003C/path>\u003C/symbol>\u003Csymbol id=\"iconMount\" viewBox=\"0 0 1024 1024\">\u003Cpath d=\"M896 938.666667a42.666667 42.666667 0 0 0 42.666667-42.666667V298.666667a42.666667 42.666667 0 0 0-42.666667-42.666667h-341.333333V170.666667h362.666666a21.333333 21.333333 0 0 0 21.333334-21.333334v-42.666666a21.333333 21.333333 0 0 0-21.333334-21.333334h-810.666666a21.333333 21.333333 0 0 0-21.333334 21.333334v42.666666a21.333333 21.333333 0 0 0 21.333334 21.333334H469.333333v85.333333H128a42.666667 42.666667 0 0 0-42.666667 42.666667v597.333333a42.666667 42.666667 0 0 0 42.666667 42.666667h768zM170.666667 341.333333h682.666666v213.333334H170.666667V341.333333z m234.666666 64h-128v85.333334h128v-85.333334zM170.666667 640h682.666666v213.333333H170.666667v-213.333333z m234.666666 64h-128v85.333333h128v-85.333333z\" fill=\"#1D2129\">\u003C/path>\u003C/symbol>\u003Csymbol id=\"iconnarrow\" viewBox=\"0 0 1024 1024\">\u003Cpath d=\"M252.586667 27.306667l518.826666 491.52-518.826666 477.866666z\" fill=\"#333333\">\u003C/path>\u003C/symbol>\u003Csymbol id=\"iconmy_favorites\" viewBox=\"0 0 1024 1024\">\u003Cpath d=\"M973.653333 453.12c40.106667-41.813333 15.36-111.786667-41.813333-117.76l-212.48-24.746667c-23.04-2.56-42.666667-16.213333-53.76-36.693333L564.906667 84.48c-27.306667-51.2-101.546667-48.64-125.44 3.413333L350.72 282.453333c-9.386667 20.48-29.013333 35.84-51.2 40.106667L88.746667 358.4c-57.173333 10.24-77.653333 81.066667-34.986667 120.32l157.013333 145.066667c17.066667 15.36 24.746667 38.4 22.186667 61.44l-29.866667 211.626666c-8.533333 57.173333 52.906667 98.986667 103.253334 70.826667l186.026666-104.96c19.626667-11.093333 44.373333-11.946667 64.853334-1.706667l192 93.866667c52.053333 25.6 110.933333-19.626667 98.986666-76.8l-41.813333-209.92c-4.266667-22.186667 2.56-46.08 17.92-62.293333l149.333333-152.746667z\" fill=\"#FFB448\">\u003C/path>\u003C/symbol>\u003Csymbol id=\"iconOFF\" viewBox=\"0 0 1024 1024\">\u003Cpath d=\"M726.186667 802.133333H297.813333C147.626667 802.133333 27.306667 680.96 27.306667 531.626667s121.173333-270.506667 270.506666-270.506667h429.226667c149.333333 0 270.506667 121.173333 270.506667 270.506667-0.853333 149.333333-121.173333 270.506667-271.36 270.506666z\" fill=\"#494949\">\u003C/path>\u003Cpath d=\"M302.933333 531.626667m-251.733333 0a251.733333 251.733333 0 1 0 503.466667 0 251.733333 251.733333 0 1 0-503.466667 0Z\" fill=\"#FFFFFF\">\u003C/path>\u003C/symbol>\u003Csymbol id=\"iconNotifications\" viewBox=\"0 0 1024 1024\">\u003Cpath d=\"M806.698667 85.333333H217.344a129.706667 129.706667 0 0 0-93.312 40.106667A139.52 139.52 0 0 0 85.333333 222.165333v433.024c0 36.266667 13.866667 71.168 38.613334 96.853334 24.746667 25.728 58.325333 40.192 93.354666 40.234666h32.938667v116.352c0 5.546667 1.493333 10.922667 4.266667 15.658667 2.773333 4.693333 6.741333 8.533333 11.52 11.093333a28.288 28.288 0 0 0 30.122666-2.304l189.312-140.8h321.237334a129.834667 129.834667 0 0 0 93.269333-40.149333c24.746667-25.642667 38.656-60.416 38.698667-96.725333V222.165333c0-36.266667-13.952-71.04-38.698667-96.725333A129.792 129.792 0 0 0 806.698667 85.333333zM563.626667 553.685333H350.592a28.458667 28.458667 0 0 1-20.48-8.789333 30.634667 30.634667 0 0 1-8.533333-21.248c0-7.978667 3.072-15.616 8.533333-21.248a28.458667 28.458667 0 0 1 20.48-8.789333h213.034667c7.68 0 15.061333 3.157333 20.48 8.789333a30.634667 30.634667 0 0 1 8.490666 21.248 30.634667 30.634667 0 0 1-8.490666 21.248 28.458667 28.458667 0 0 1-20.48 8.789333z m109.781333-194.858666H350.592a28.458667 28.458667 0 0 1-20.48-8.832 30.634667 30.634667 0 0 1-8.533333-21.248c0-7.978667 3.072-15.616 8.533333-21.248a28.458667 28.458667 0 0 1 20.48-8.789334h322.816c7.68 0 15.061333 3.157333 20.48 8.789334a30.634667 30.634667 0 0 1 8.533333 21.248 30.634667 30.634667 0 0 1-8.533333 21.248 28.458667 28.458667 0 0 1-20.48 8.832z\" fill=\"#1D2129\">\u003C/path>\u003C/symbol>\u003Csymbol id=\"iconON\" viewBox=\"0 0 1024 1024\">\u003Cpath d=\"M297.813333 802.133333h429.226667c149.333333 0 270.506667-121.173333 270.506667-270.506666s-121.173333-270.506667-270.506667-270.506667H297.813333c-149.333333 0-270.506667 121.173333-270.506666 270.506667S147.626667 802.133333 297.813333 802.133333z\" fill=\"#0183E5\">\u003C/path>\u003Cpath d=\"M721.066667 531.626667m-251.733334 0a251.733333 251.733333 0 1 0 503.466667 0 251.733333 251.733333 0 1 0-503.466667 0Z\" fill=\"#FFFFFF\">\u003C/path>\u003C/symbol>\u003Csymbol id=\"iconopen_file\" viewBox=\"0 0 1024 1024\">\u003Cpath d=\"M817.493333 942.08h-1.706666L135.68 930.133333c-29.013333-0.853333-55.466667-14.506667-72.533333-37.546666s-22.186667-52.906667-14.506667-80.213334l98.986667-349.013333c11.093333-40.106667 49.493333-68.266667 90.453333-67.413333l662.186667 12.8c28.16 0.853333 53.76 13.653333 71.68 35.84 17.066667 22.186667 23.04 50.346667 17.066666 77.653333l-81.92 348.16c-9.386667 41.813333-46.933333 71.68-89.6 71.68z m-581.12-469.333333c-6.826667 0-13.653333 4.266667-15.36 11.093333l-98.986666 349.866667c-1.706667 6.826667 0.853333 11.093333 2.56 13.653333 1.706667 2.56 5.973333 5.973333 12.8 5.973333l680.106666 11.946667c7.68 0 13.653333-5.12 15.36-11.946667l81.92-348.16c1.706667-5.973333-0.853333-11.093333-2.56-13.653333-1.706667-2.56-5.973333-5.973333-11.946666-5.973333l-663.893334-12.8c0.853333 0 0 0 0 0z\" fill=\"#333333\">\u003C/path>\u003Cpath d=\"M121.173333 825.173333h-76.8V196.266667c0-53.76 44.373333-98.133333 98.133334-98.133334h204.8c26.453333 0 51.2 10.24 69.12 29.013334l79.36 79.36c4.266667 4.266667 9.386667 5.973333 15.36 5.973333h325.973333c53.76 0 98.133333 44.373333 98.133333 98.133333v114.346667h-76.8V310.613333c0-11.946667-9.386667-21.333333-21.333333-21.333333H511.146667c-26.453333 0-51.2-10.24-69.12-29.013333l-79.36-79.36c-4.266667-4.266667-9.386667-5.973333-15.36-5.973334h-204.8c-11.946667 0-21.333333 9.386667-21.333334 21.333334v628.906666z\" fill=\"#333333\">\u003C/path>\u003C/symbol>\u003Csymbol id=\"iconOpeneyes\" viewBox=\"0 0 1024 1024\">\u003Cpath d=\"M511.36 789.333333c138.154667 0 266.026667-87.893333 384.64-277.888C780.458667 322.090667 652.842667 234.666667 511.36 234.666667 369.92 234.666667 242.730667 322.048 128 511.445333c117.76 190.08 245.248 277.888 383.36 277.888z m-0.085333-640c171.605333 0 319.274667 104.874667 443.050666 314.624l7.552 13.013334 7.978667 14.165333a42.666667 42.666667 0 0 1-0.213333 41.770667l-8.533334 14.762666c-128.341333 218.026667-278.229333 326.997333-449.834666 326.997334-168.234667 0-315.306667-104.789333-441.088-314.453334l-6.101334-10.24a1070.08 1070.08 0 0 1-7.552-13.141333l-2.304-4.053333a42.666667 42.666667 0 0 1-0.213333-41.514667l7.210667-12.970667 3.84-6.741333C188.928 256.725333 337.664 149.333333 511.232 149.333333zM512 341.333333a170.666667 170.666667 0 1 0 0 341.333334 170.666667 170.666667 0 0 0 0-341.333334z m0 85.333334a85.333333 85.333333 0 1 1 0 170.666666 85.333333 85.333333 0 0 1 0-170.666666z\" fill=\"#1D2129\">\u003C/path>\u003C/symbol>\u003Csymbol id=\"iconpage_first\" viewBox=\"0 0 1024 1024\">\u003Cpath d=\"M567.936 882.56a32.853333 32.853333 0 0 0 0-45.781333L252.714667 512l315.221333-324.778667a32.853333 32.853333 0 0 0 0-45.781333l-45.013333-46.378667a32.128 32.128 0 0 0-35.328-7.168 32.128 32.128 0 0 0-10.496 7.168l-382.506667 394.069334a32.853333 32.853333 0 0 0 0 45.781333l382.464 394.026667a32.170667 32.170667 0 0 0 22.912 9.728 31.872 31.872 0 0 0 22.954667-9.728l45.013333-46.378667z m318.805333-45.781333L571.477333 512l315.264-324.778667a32.853333 32.853333 0 0 0 0-45.781333l-45.056-46.378667A32.128 32.128 0 0 0 818.773333 85.333333a31.744 31.744 0 0 0-22.912 9.728l-382.464 394.069334a32.853333 32.853333 0 0 0 0 45.781333l382.464 394.026667a32.170667 32.170667 0 0 0 22.912 9.728 31.872 31.872 0 0 0 22.912-9.728l45.056-46.378667a32.853333 32.853333 0 0 0 0-45.781333z\" fill=\"#1D2129\">\u003C/path>\u003C/symbol>\u003Csymbol id=\"iconpage_last\" viewBox=\"0 0 1024 1024\">\u003Cpath d=\"M552.576 497.024L298.965333 239.445333a21.333333 21.333333 0 0 0-28.16-2.005333l-2.218666 2.005333-29.866667 30.293334a21.333333 21.333333 0 0 0 0 29.952l209.066667 212.309333-209.024 212.309333a21.333333 21.333333 0 0 0 0 29.909334l29.866666 30.336a21.333333 21.333333 0 0 0 28.117334 2.005333l2.261333-2.005333 253.568-257.621334a21.333333 21.333333 0 0 0 0-29.909333z m211.328 0l-253.568-257.578667a21.333333 21.333333 0 0 0-28.16-2.005333l-2.261333 2.005333-29.824 30.293334a21.333333 21.333333 0 0 0 0 29.952L659.114667 512l-209.024 212.309333a21.333333 21.333333 0 0 0 0 29.909334l29.866666 30.336a21.333333 21.333333 0 0 0 28.16 2.005333l2.218667-2.005333 253.610667-257.621334a21.333333 21.333333 0 0 0 0-29.909333z\" fill=\"#1D2129\">\u003C/path>\u003C/symbol>\u003Csymbol id=\"iconpause\" viewBox=\"0 0 1024 1024\">\u003Cpath d=\"M512 85.333333c235.648 0 426.666667 191.018667 426.666667 426.666667s-191.018667 426.666667-426.666667 426.666667S85.333333 747.648 85.333333 512 276.352 85.333333 512 85.333333z m0 77.568a349.098667 349.098667 0 1 0 0 698.197334 349.098667 349.098667 0 0 0 0-698.197334z m-58.197333 155.178667a19.413333 19.413333 0 0 1 19.413333 19.370667v349.098666a19.413333 19.413333 0 0 1-19.413333 19.370667h-38.784a19.370667 19.370667 0 0 1-19.370667-19.370667V337.450667a19.413333 19.413333 0 0 1 19.370667-19.370667h38.826666z m155.178666 0a19.370667 19.370667 0 0 1 19.370667 19.370667v349.098666a19.370667 19.370667 0 0 1-19.370667 19.370667h-38.826666a19.413333 19.413333 0 0 1-19.370667-19.370667V337.450667a19.413333 19.413333 0 0 1 19.413333-19.370667h38.784z\" fill=\"#1D2129\">\u003C/path>\u003C/symbol>\u003Csymbol id=\"iconpreview\" viewBox=\"0 0 1024 1024\">\u003Cpath d=\"M661.333333 85.333333a20.906667 20.906667 0 0 1 8.106667 1.621334l256 108.117333c3.925333 1.621333 7.253333 4.437333 9.6 8.021333a22.272 22.272 0 0 1 3.626667 12.202667v589.312c0 4.309333-1.237333 8.533333-3.541334 12.074667a21.461333 21.461333 0 0 1-9.386666 8.106666l-256 112.128a20.821333 20.821333 0 0 1-20.181334-1.877333 21.76 21.76 0 0 1-9.557333-18.261333V107.221333a22.186667 22.186667 0 0 1 6.229333-15.445333A21.077333 21.077333 0 0 1 661.333333 85.333333z m-298.666666 0c5.205333 0 10.24 1.962667 14.165333 5.546667 3.925333 3.541333 6.4 8.448 6.997333 13.781333l0.170667 2.56v809.557334a22.357333 22.357333 0 0 1-8.533333 17.493333 20.992 20.992 0 0 1-18.858667 3.498667l-2.346667-0.853334-256-112.170666a22.186667 22.186667 0 0 1-12.8-17.493334L85.333333 804.608V215.253333a22.314667 22.314667 0 0 1 10.922667-19.072l2.304-1.152 256-108.074666A20.906667 20.906667 0 0 1 362.666667 85.333333z m170.666666 32.981334c5.674667 0 11.093333 2.304 15.104 6.4a22.186667 22.186667 0 0 1 6.229334 15.488v744.064a22.186667 22.186667 0 0 1-6.229334 15.488 21.077333 21.077333 0 0 1-15.104 6.4h-42.666666a21.077333 21.077333 0 0 1-15.104-6.4 22.186667 22.186667 0 0 1-6.229334-15.488V140.16a22.186667 22.186667 0 0 1 6.229334-15.445333 21.077333 21.077333 0 0 1 15.104-6.4h42.666666zM725.333333 205.226667v612.138666l128-56.106666V259.242667L725.333333 205.226667z m-426.666666 0L170.666667 259.242667v502.016l128 56.064V205.226667z\" fill=\"#1D2129\">\u003C/path>\u003C/symbol>\u003Csymbol id=\"iconPlay\" viewBox=\"0 0 1024 1024\">\u003Cpath d=\"M512 514.56m-463.36 0a463.36 463.36 0 1 0 926.72 0 463.36 463.36 0 1 0-926.72 0Z\" fill=\"#333333\" opacity=\".3\">\u003C/path>\u003Cpath d=\"M512 1002.666667c-268.8 0-488.106667-219.306667-488.106667-488.106667S243.2 26.453333 512 26.453333s488.106667 219.306667 488.106667 488.106667-219.306667 488.106667-488.106667 488.106667zM512 76.8C270.506667 76.8 73.386667 273.066667 73.386667 514.56s197.12 438.613333 438.613333 438.613333 438.613333-197.12 438.613333-438.613333S753.493333 76.8 512 76.8z\" fill=\"#FFFFFF\">\u003C/path>\u003Cpath d=\"M686.08 546.133333L451.413333 714.24c-24.746667 17.92-59.733333 0-59.733333-30.72V346.453333c0-30.72 34.986667-48.64 59.733333-30.72l234.666667 168.106667c20.48 15.36 20.48 46.933333 0 62.293333z\" fill=\"#FFFFFF\">\u003C/path>\u003C/symbol>\u003Csymbol id=\"iconread_all\" viewBox=\"0 0 1024 1024\">\u003Cpath d=\"M896 85.333333c23.552 0 42.666667 19.498667 42.666667 43.562667V746.24a43.093333 43.093333 0 0 1-42.666667 43.562667h-213.333333l-140.501334 136.106666a41.984 41.984 0 0 1-60.330666 0L341.333333 789.802667H128c-23.594667 0-42.666667-19.498667-42.666667-43.562667V128.896A43.093333 43.093333 0 0 1 128 85.333333h768z m-42.666667 85.333334H170.666667v533.76h206.037333L512 832l135.296-127.573333H853.333333V170.666667z\" fill=\"#1D2129\">\u003C/path>\u003Cpath d=\"M719.061333 354.688l-30.165333-28.714667a21.888 21.888 0 0 0-30.165333 0l-168.106667 160.085334L407.893333 407.253333a21.888 21.888 0 0 0-15.061333-5.973333c-5.674667 0-11.093333 2.133333-15.104 5.973333l-30.165333 28.714667a19.84 19.84 0 0 0-6.229334 14.378667c0 5.376 2.261333 10.538667 6.229334 14.336l128 121.898666a21.888 21.888 0 0 0 30.165333 0l213.333333-203.136A19.84 19.84 0 0 0 725.333333 369.066667a19.84 19.84 0 0 0-6.272-14.378667z\" fill=\"#1D2129\">\u003C/path>\u003C/symbol>\u003Csymbol id=\"iconRefresh\" viewBox=\"0 0 1024 1024\">\u003Cpath d=\"M667.008 750.933333a255.104 255.104 0 0 1-158.293333 52.650667c-7.466667-0.128-14.762667-0.725333-22.101334-1.28-2.986667-0.384-5.973333-0.896-8.96-1.365333a206.549333 206.549333 0 0 1-17.066666-2.816c-3.413333-0.64-6.912-1.706667-10.24-2.56a229.76 229.76 0 0 1-16.384-4.266667c-2.56-1.066667-4.949333-1.92-7.509334-3.029333a195.456 195.456 0 0 1-18.346666-7.168c-1.365333-0.64-2.688-1.152-4.010667-1.706667a456.448 456.448 0 0 1-20.608-10.837333L382.634667 768a272.384 272.384 0 0 1-61.525334-49.792c-0.298667-0.341333-0.554667-0.725333-0.938666-1.024a237.056 237.056 0 0 1-19.242667-23.594667 305.024 305.024 0 0 1-59.178667-181.717333h71.168L199.125333 327.594667 85.333333 511.872h71.04a403.626667 403.626667 0 0 0 63.018667 217.6c0.426667 0.896 0.768 1.877333 1.28 2.688 4.096 6.4 8.704 12.245333 13.056 18.133333 1.706667 2.133333 3.157333 4.394667 4.906667 6.826667a419.072 419.072 0 0 0 22.4 26.368 357.12 357.12 0 0 0 79.957333 64.810667l2.346667 1.365333c8.448 4.906667 17.066667 9.386667 25.813333 13.525333l6.528 3.114667a540.288 540.288 0 0 0 34.048 13.226667c6.826667 2.090667 13.781333 3.968 20.736 5.674666 4.693333 1.194667 9.130667 2.474667 13.952 3.413334 1.92 0.512 3.754667 1.152 5.674667 1.365333 6.698667 1.28 13.269333 1.962667 19.84 2.816 2.432 0.426667 4.778667 0.896 7.168 1.152 11.861333 1.28 23.68 2.048 35.498666 2.048 72.234667 0 142.762667-23.808 203.264-69.632 19.285333-14.592 24.021333-43.392 10.581334-64.085333-13.610667-21.034667-40.149333-26.069333-59.434667-11.349334z m200.448-239.061333c0-80.512-23.125333-155.306667-62.506667-217.002667-0.64-1.066667-0.981333-2.133333-1.493333-3.072-5.077333-7.594667-10.282667-14.677333-15.658667-21.802666a26.88 26.88 0 0 1-1.792-2.602667 359.296 359.296 0 0 0-132.736-107.648c-1.536-0.64-2.816-1.365333-4.309333-2.005333a407.082667 407.082667 0 0 0-25.173333-9.984c-2.901333-1.024-5.973333-2.218667-9.045334-3.2a335.914667 335.914667 0 0 0-22.272-6.272c-4.224-0.981333-8.448-2.133333-12.629333-3.072-2.048-0.426667-3.925333-1.066667-6.144-1.536-5.632-0.981333-11.136-1.536-16.768-2.261334-3.968-0.426667-7.68-1.109333-11.648-1.578666a340.992 340.992 0 0 0-28.245333-1.578667c-1.706667 0-3.413333-0.256-5.12-0.256l-0.853334 0.128c-72.149333 0.085333-142.634667 23.552-203.008 69.333333-19.285333 14.506667-23.978667 43.264-10.410666 64.213334 13.397333 20.736 40.106667 25.856 59.477333 11.178666a254.293333 254.293333 0 0 1 180.650667-51.2c2.432 0.170667 4.693333 0.554667 7.168 0.938667 6.4 0.853333 12.8 1.749333 19.072 3.2 2.730667 0.512 5.546667 1.28 8.106666 1.962667 6.272 1.536 12.330667 3.072 18.346667 5.034666 2.005333 0.597333 3.84 1.322667 5.632 2.133334 6.954667 2.389333 13.738667 4.949333 20.309333 7.978666 0.725333 0.170667 1.365333 0.768 2.048 1.024a274.133333 274.133333 0 0 1 102.4 83.072 305.28 305.28 0 0 1 61.44 184.874667h-71.253333l113.92 184.32L938.666667 511.914667h-71.253334z\" fill=\"#1D2129\">\u003C/path>\u003C/symbol>\u003Csymbol id=\"iconresize\" viewBox=\"0 0 1024 1024\">\u003Cpath d=\"M558.08 69.12h76.8v901.973333h-76.8zM423.253333 69.12h76.8v901.973333h-76.8z\" fill=\"#333333\">\u003C/path>\u003C/symbol>\u003Csymbol id=\"iconRestart\" viewBox=\"0 0 1024 1024\">\u003Cpath d=\"M512 93.866667c-9.386667 0-18.773333 0-28.16 0.853333v72.533333c9.386667-0.853333 18.773333-0.853333 28.16-0.853333 214.186667 0 386.56 177.493333 378.026667 393.386667-7.68 196.266667-167.253333 355.84-363.52 363.52-215.893333 8.533333-393.386667-164.693333-393.386667-378.026667 0-69.12 18.773333-134.826667 51.2-190.293333 9.386667-15.36 5.12-35.84-9.386667-46.933334-17.066667-12.8-41.813333-8.533333-52.906666 10.24-46.08 78.506667-69.12 171.52-59.733334 270.506667 20.48 215.893333 196.266667 389.12 413.013334 406.186667 264.533333 20.48 487.253333-189.44 487.253333-449.706667C962.56 296.106667 760.32 93.866667 512 93.866667z\" fill=\"#333333\">\u003C/path>\u003Cpath d=\"M391.68 128.853333L496.64 30.72c5.973333-5.12 15.36-0.853333 15.36 6.826667v196.266666c0 7.68-9.386667 11.946667-15.36 6.826667L391.68 142.506667c-4.266667-4.266667-4.266667-10.24 0-13.653334zM446.293333 367.786667V742.4L674.133333 555.52z\" fill=\"#333333\">\u003C/path>\u003C/symbol>\u003Csymbol id=\"iconRestore\" viewBox=\"0 0 1024 1024\">\u003Cpath d=\"M741.546667 790.186667H44.373333v-76.8H742.4c88.746667 0 160.426667-71.68 160.426667-160.426667S831.146667 392.533333 742.4 392.533333H162.986667v-76.8h578.56c130.56 0 237.226667 106.666667 237.226666 237.226667s-105.813333 237.226667-237.226666 237.226667z\" fill=\"#333333\">\u003C/path>\u003Cpath d=\"M289.28 584.533333L53.76 354.986667l235.52-232.106667 53.76 54.613333-180.053333 177.493334L343.04 529.066667z\" fill=\"#333333\">\u003C/path>\u003C/symbol>\u003Csymbol id=\"iconright\" viewBox=\"0 0 1024 1024\">\u003Cpath d=\"M512 42.666667C252.8 42.666667 42.666667 252.8 42.666667 512s210.133333 469.333333 469.333333 469.333333 469.333333-210.133333 469.333333-469.333333S771.2 42.666667 512 42.666667z m0 85.333333a384 384 0 1 1 0 768 384 384 0 0 1 0-768z m-48.896 198.229333l-30.165333 30.208a21.333333 21.333333 0 0 0 0 30.165334L558.293333 512l-125.44 125.44a21.333333 21.333333 0 0 0 0 30.165333l30.165334 30.165334a21.333333 21.333333 0 0 0 30.165333 0l170.666667-170.666667a21.333333 21.333333 0 0 0 0-30.165333l-170.666667-170.666667a21.333333 21.333333 0 0 0-30.165333 0z\" fill=\"#1D2129\">\u003C/path>\u003C/symbol>\u003Csymbol id=\"iconright1\" viewBox=\"0 0 1024 1024\">\u003Cpath d=\"M983.04 133.973333c-17.066667-12.8-40.96-9.386667-53.76 7.68L444.586667 782.506667 81.92 504.32c-17.066667-12.8-40.96-9.386667-53.76 6.826667-12.8 17.066667-9.386667 40.96 6.826667 53.76l393.386666 302.08c0.853333 0.853333 2.56 1.706667 3.413334 2.56 0.853333 0 0.853333 0.853333 1.706666 0.853333 0.853333 0.853333 2.56 0.853333 3.413334 1.706667 0.853333 0 1.706667 0.853333 1.706666 0.853333 1.706667 0.853333 2.56 0.853333 4.266667 0.853333 0.853333 0 1.706667 0 1.706667 0.853334 1.706667 0 4.266667 0.853333 5.973333 0 2.56 0 5.973333 0 8.533333-0.853334 0.853333 0 1.706667-0.853333 2.56-0.853333 1.706667-0.853333 3.413333-0.853333 5.12-1.706667 0.853333-0.853333 1.706667-0.853333 2.56-1.706666 1.706667-0.853333 3.413333-1.706667 4.266667-2.56l2.56-2.56 3.413333-3.413334L990.72 187.733333c12.8-17.066667 9.386667-40.96-7.68-53.76z\" fill=\"#0086E6\">\u003C/path>\u003C/symbol>\u003Csymbol id=\"iconscreen_custom\" viewBox=\"0 0 1024 1024\">\u003Cpath d=\"M1004.373333 995.84H19.626667V21.333333h985.6v974.506667z m-907.946666-76.8h832V98.133333H96.426667v820.906667z\" fill=\"#333333\">\u003C/path>\u003Cpath d=\"M474.453333 32.426667h76.8v144.213333h-76.8zM34.133333 470.186667h144.213334v76.8H34.133333zM473.6 836.266667h76.8v144.213333h-76.8zM832.853333 470.186667h144.213334v76.8H832.853333zM636.586667 735.573333H365.226667c-52.906667 0-95.573333-42.666667-95.573334-95.573333V366.08c0-52.906667 42.666667-95.573333 95.573334-95.573333H477.866667c21.333333 0 38.4 17.066667 38.4 38.4s-17.066667 38.4-38.4 38.4H365.226667c-10.24 0-18.773333 8.533333-18.773334 18.773333V640c0 10.24 8.533333 18.773333 18.773334 18.773333h271.36c10.24 0 18.773333-8.533333 18.773333-18.773333V520.533333c0-21.333333 17.066667-38.4 38.4-38.4s38.4 17.066667 38.4 38.4v119.466667c0.853333 52.906667-42.666667 95.573333-95.573333 95.573333z\" fill=\"#333333\">\u003C/path>\u003Cpath d=\"M430.08 501.76l234.666667-226.986667 63.146666 73.386667-230.4 226.133333-83.626666 17.92z\" fill=\"#333333\">\u003C/path>\u003C/symbol>\u003Csymbol id=\"iconscreenx4\" viewBox=\"0 0 1024 1024\">\u003Cpath d=\"M973.653333 971.946667H50.346667V49.493333h923.306666v922.453334z m-846.506666-76.8h769.706666V126.293333H127.146667v768.853334z\" fill=\"#333333\">\u003C/path>\u003Cpath d=\"M473.6 50.346667h76.8V947.2h-76.8z\" fill=\"#333333\">\u003C/path>\u003Cpath d=\"M63.146667 460.8h896.853333v76.8H63.146667z\" fill=\"#333333\">\u003C/path>\u003C/symbol>\u003Csymbol id=\"iconscreenx6\" viewBox=\"0 0 1024 1024\">\u003Cpath d=\"M973.653333 973.653333H50.346667V50.346667h923.306666v923.306666z m-846.506666-76.8h769.706666V127.146667H127.146667v769.706666z\" fill=\"#333333\">\u003C/path>\u003Cpath d=\"M614.4 52.053333h76.8v896.853334h-76.8zM332.8 612.693333h76.8v336.213334h-76.8z\" fill=\"#333333\">\u003C/path>\u003Cpath d=\"M614.4 331.093333h345.6v76.8H614.4zM63.146667 610.986667h896.853333v76.8H63.146667z\" fill=\"#333333\">\u003C/path>\u003C/symbol>\u003Csymbol id=\"iconscreenx9\" viewBox=\"0 0 1024 1024\">\u003Cpath d=\"M973.653333 973.653333H50.346667V50.346667h923.306666v923.306666z m-846.506666-76.8h769.706666V127.146667H127.146667v769.706666z\" fill=\"#333333\">\u003C/path>\u003Cpath d=\"M614.4 52.053333h76.8v896.853334h-76.8zM332.8 85.333333h76.8v863.573334h-76.8z\" fill=\"#333333\">\u003C/path>\u003Cpath d=\"M63.146667 331.093333h896.853333v76.8H63.146667zM63.146667 610.986667h896.853333v76.8H63.146667z\" fill=\"#333333\">\u003C/path>\u003C/symbol>\u003Csymbol id=\"iconscreenx10\" viewBox=\"0 0 1024 1024\">\u003Cpath d=\"M973.653333 973.653333H50.346667V50.346667h923.306666v923.306666z m-846.506666-76.8h769.706666V127.146667H127.146667v769.706666z\" fill=\"#333333\">\u003C/path>\u003Cpath d=\"M473.6 71.68h76.8v877.226667h-76.8zM685.226667 520.533333h76.8v428.373334h-76.8zM261.973333 494.933333h76.8v453.973334h-76.8z\" fill=\"#333333\">\u003C/path>\u003Cpath d=\"M63.146667 472.746667h896.853333v76.8H63.146667zM63.146667 685.226667h896.853333v76.8H63.146667z\" fill=\"#333333\">\u003C/path>\u003C/symbol>\u003Csymbol id=\"iconSearch\" viewBox=\"0 0 1024 1024\">\u003Cpath d=\"M465.792 85.333333c210.133333 0 380.501333 176.682667 380.501333 394.666667a403.2 403.2 0 0 1-65.962666 222.165333l151.765333 157.44a23.637333 23.637333 0 0 1 0 32.853334l-37.973333 39.424a21.973333 21.973333 0 0 1-31.616 0l-147.84-153.344a371.114667 371.114667 0 0 1-248.874667 96.128C255.658667 874.666667 85.333333 697.984 85.333333 480S255.658667 85.333333 465.792 85.333333z m0 97.493334c-158.208 0-286.464 133.034667-286.464 297.173333s128.256 297.173333 286.464 297.173333c158.250667 0 286.506667-133.034667 286.506667-297.173333s-128.256-297.173333-286.506667-297.173333z\" fill=\"#1D2129\">\u003C/path>\u003C/symbol>\u003Csymbol id=\"iconscreenx13\" viewBox=\"0 0 1024 1024\">\u003Cpath d=\"M973.653333 973.653333H50.346667V50.346667h923.306666v923.306666z m-846.506666-76.8h769.706666V127.146667H127.146667v769.706666z\" fill=\"#333333\">\u003C/path>\u003Cpath d=\"M473.6 71.68h76.8v237.226667h-76.8zM473.6 736.426667h76.8v237.226666h-76.8zM685.226667 711.68h76.8v237.226667h-76.8z\" fill=\"#333333\">\u003C/path>\u003Cpath d=\"M685.226667 71.68h76.8v664.746667h-76.8zM261.973333 711.68h76.8v237.226667h-76.8z\" fill=\"#333333\">\u003C/path>\u003Cpath d=\"M261.973333 71.68h76.8v651.946667h-76.8zM50.346667 494.933333h76.8v453.973334h-76.8z\" fill=\"#333333\">\u003C/path>\u003Cpath d=\"M63.146667 472.746667h266.24v76.8H63.146667zM693.76 472.746667h266.24v76.8H693.76zM63.146667 685.226667h896.853333v76.8H63.146667zM63.146667 261.12h896.853333v76.8H63.146667z\" fill=\"#333333\">\u003C/path>\u003C/symbol>\u003Csymbol id=\"iconServiceorder\" viewBox=\"0 0 1024 1024\">\u003Cpath d=\"M246.570667 907.776A21.333333 21.333333 0 0 0 256 890.069333V128a21.333333 21.333333 0 0 0-21.333333-21.333333h-42.666667A21.333333 21.333333 0 0 0 170.666667 128v533.333333H67.626667a12.8 12.8 0 0 0-10.410667 20.266667l156.288 217.088a21.333333 21.333333 0 0 0 4.138667 4.266667l0.810666 1.024a21.333333 21.333333 0 0 0 28.117334 3.84zM362.666667 277.333333h554.666666a21.333333 21.333333 0 0 0 21.205334-18.816L938.666667 256V213.333333a21.333333 21.333333 0 0 0-18.858667-21.205333L917.333333 192h-554.666666a21.333333 21.333333 0 0 0-21.205334 18.816L341.333333 213.333333v42.666667a21.333333 21.333333 0 0 0 18.816 21.205333L362.666667 277.333333z m0 277.333334h426.666666a21.333333 21.333333 0 0 0 21.205334-18.816L810.666667 533.333333v-42.666666a21.333333 21.333333 0 0 0-18.858667-21.162667L789.333333 469.333333h-426.666666a21.333333 21.333333 0 0 0-21.205334 18.816L341.333333 490.666667v42.666666a21.333333 21.333333 0 0 0 18.816 21.162667L362.666667 554.666667z m298.666666 277.333333a21.333333 21.333333 0 0 0 21.162667-18.858667L682.666667 810.666667v-42.666667a21.333333 21.333333 0 0 0-18.816-21.205333L661.333333 746.666667h-298.666666a21.333333 21.333333 0 0 0-21.205334 18.858666L341.333333 768v42.666667a21.333333 21.333333 0 0 0 18.816 21.205333l2.517334 0.128h298.666666z\" fill=\"#1D2129\">\u003C/path>\u003C/symbol>\u003Csymbol id=\"iconSettings\" viewBox=\"0 0 1024 1024\">\u003Cpath d=\"M512 85.333333c30.933333 0 61.781333 3.456 91.989333 10.325334l6.741334 1.536a21.333333 21.333333 0 0 1 14.848 12.373333l43.392 100.224a21.333333 21.333333 0 0 0 21.930666 12.714667l106.282667-11.776a21.333333 21.333333 0 0 1 18.176 6.912l4.693333 5.12a428.117333 428.117333 0 0 1 92.074667 162.218666l2.133333 6.912a21.376 21.376 0 0 1-3.114666 18.688l-4.181334 5.845334-59.733333 83.114666a21.376 21.376 0 0 0 0 24.917334l63.872 88.96a21.333333 21.333333 0 0 1 3.114667 18.688l-2.133334 6.912a428.16 428.16 0 0 1-92.074666 162.218666l-4.650667 5.12a21.333333 21.333333 0 0 1-18.176 6.912l-106.24-11.776a21.333333 21.333333 0 0 0-22.016 12.714667l-43.349333 100.266667a21.333333 21.333333 0 0 1-14.848 12.330666l-6.741334 1.536a412.885333 412.885333 0 0 1-184.021333 0l-6.741333-1.536a21.333333 21.333333 0 0 1-14.805334-12.373333l-2.858666-6.528-40.533334-93.696a21.333333 21.333333 0 0 0-21.973333-12.714667l-106.24 11.776a21.333333 21.333333 0 0 1-18.218667-6.912l-4.650666-5.12a428.288 428.288 0 0 1-92.074667-162.218666l-2.133333-6.912a21.376 21.376 0 0 1 3.072-18.730667l4.224-5.845333 59.733333-83.072a21.333333 21.333333 0 0 0 0-24.917334L112.768 410.624a21.376 21.376 0 0 1-3.072-18.688l2.133333-6.954667A428.202667 428.202667 0 0 1 203.946667 222.805333l4.693333-5.162666a21.333333 21.333333 0 0 1 18.133333-6.912l106.282667 11.776a21.333333 21.333333 0 0 0 21.973333-12.714667l43.392-100.266667a21.333333 21.333333 0 0 1 14.805334-12.330666l6.741333-1.536A412.885333 412.885333 0 0 1 512 85.333333z m0 71.125334c-16.128 0-32.213333 1.109333-48.128 3.328a20.608 20.608 0 0 0-15.957333 12.373333l-38.656 89.344a58.026667 58.026667 0 0 1-23.893334 27.008 56.746667 56.746667 0 0 1-34.901333 7.466667L255.658667 285.44a20.650667 20.650667 0 0 0-18.730667 7.808 357.077333 357.077333 0 0 0-48.554667 85.717333 20.650667 20.650667 0 0 0 2.56 19.626667l56.96 79.146667a58.88 58.88 0 0 1 0 68.522666l-56.917333 79.146667a20.650667 20.650667 0 0 0-2.56 19.626667 357.12 357.12 0 0 0 48.512 85.717333c4.394667 5.717333 11.52 8.576 18.730667 7.808l94.72-10.496c12.16-1.365333 24.448 1.237333 34.986666 7.424 10.624 6.229333 18.986667 15.701333 23.893334 27.050667l38.656 89.301333a20.650667 20.650667 0 0 0 15.957333 12.373333 346.026667 346.026667 0 0 0 96.256 0 20.650667 20.650667 0 0 0 15.957333-12.373333l38.613334-89.344a58.026667 58.026667 0 0 1 23.893333-27.008 56.746667 56.746667 0 0 1 34.944-7.424l94.805333 10.496a20.650667 20.650667 0 0 0 18.688-7.808 356.821333 356.821333 0 0 0 48.554667-85.674667 20.608 20.608 0 0 0-2.56-19.626666l-56.917333-79.189334a58.709333 58.709333 0 0 1 0-68.522666l56.874666-79.189334a20.608 20.608 0 0 0 2.56-19.626666 356.821333 356.821333 0 0 0-48.512-85.674667 20.650667 20.650667 0 0 0-18.730666-7.808l-94.72 10.538667a56.789333 56.789333 0 0 1-34.986667-7.466667 57.984 57.984 0 0 1-23.893333-27.008l-38.613334-89.344a20.650667 20.650667 0 0 0-15.957333-12.373333A346.325333 346.325333 0 0 0 512 156.458667z m0 177.792c101.632 0 183.893333 79.616 183.893333 177.749333 0 98.133333-82.261333 177.792-183.893333 177.792-101.632 0-183.893333-79.616-183.893333-177.792 0-98.133333 82.261333-177.749333 183.893333-177.749333zM512 405.333333a106.666667 106.666667 0 1 0 0 213.333334 106.666667 106.666667 0 0 0 0-213.333334z\" fill=\"#1D2129\">\u003C/path>\u003C/symbol>\u003Csymbol id=\"iconshow_all\" viewBox=\"0 0 1024 1024\">\u003Cpath d=\"M907.093333 977.066667H116.906667c-38.4 0-69.973333-31.573333-69.973334-69.973334V116.906667c0-38.4 31.573333-69.973333 69.973334-69.973334h790.186666c38.4 0 69.973333 31.573333 69.973334 69.973334v790.186666c0 38.4-31.573333 69.973333-69.973334 69.973334z m-783.36-76.8h776.533334v-776.533334h-776.533334v776.533334z\" fill=\"#333333\">\u003C/path>\u003Cpath d=\"M409.6 360.96c-10.24 0-20.48-4.266667-27.306667-11.946667-14.506667-15.36-14.506667-39.253333 0.853334-54.613333l91.306666-87.893333c17.066667-16.213333 42.666667-16.213333 59.733334 0l90.453333 87.893333c15.36 14.506667 15.36 39.253333 0.853333 54.613333-14.506667 15.36-39.253333 15.36-54.613333 0.853334L503.466667 285.013333 436.053333 349.866667c-7.68 6.826667-17.066667 11.093333-26.453333 11.093333z m117.76-98.986667zM503.466667 826.026667c-11.093333 0-21.333333-4.266667-29.866667-11.946667L382.293333 726.186667c-15.36-14.506667-15.36-39.253333-0.853333-54.613334 14.506667-15.36 39.253333-15.36 54.613333-0.853333l67.413334 64.853333 66.56-64.853333c15.36-14.506667 39.253333-14.506667 54.613333 0.853333 14.506667 15.36 14.506667 39.253333-0.853333 54.613334L533.333333 813.226667c-8.533333 8.533333-18.773333 12.8-29.866666 12.8zM346.453333 650.24c-10.24 0-20.48-4.266667-27.306666-11.946667L231.253333 546.986667c-16.213333-17.066667-16.213333-42.666667 0-59.733334l87.893334-90.453333c14.506667-15.36 39.253333-15.36 54.613333-0.853333 15.36 14.506667 15.36 39.253333 0.853333 54.613333l-64.853333 66.56 64.853333 67.413333c14.506667 15.36 14.506667 39.253333-0.853333 54.613334-7.68 6.826667-17.066667 11.093333-27.306667 11.093333zM673.28 650.24c-9.386667 0-18.773333-3.413333-26.453333-11.093333-15.36-14.506667-15.36-39.253333-0.853334-54.613334l64.853334-67.413333-64.853334-66.56c-14.506667-15.36-14.506667-39.253333 0.853334-54.613333s39.253333-14.506667 54.613333 0.853333l87.893333 90.453333c16.213333 17.066667 16.213333 42.666667 0 59.733334L700.586667 638.293333c-7.68 7.68-17.92 11.946667-27.306667 11.946667z m59.733333-156.16z\" fill=\"#333333\">\u003C/path>\u003C/symbol>\u003Csymbol id=\"iconShare1\" viewBox=\"0 0 1024 1024\">\u003Cpath d=\"M782.208 677.461333a137.386667 137.386667 0 0 0-84.906667 29.013334l-233.258666-163.114667a169.173333 169.173333 0 0 0 0-62.72l233.258666-163.157333a137.386667 137.386667 0 0 0 84.906667 29.056c35.84 0 70.229333-13.781333 95.573333-38.272A128.554667 128.554667 0 0 0 917.333333 215.893333c0-34.645333-14.293333-67.84-39.637333-92.330666A137.6 137.6 0 0 0 782.165333 85.333333c-20.906667 0-41.557333 4.736-60.288 13.781334-18.773333 9.045333-35.029333 22.186667-47.616 38.357333-12.586667 16.170667-21.12 34.944-24.917333 54.826667-3.84 19.925333-2.773333 40.405333 2.986667 59.861333l-221.482667 155.178667a178.773333 178.773333 0 0 0-63.573333-51.157334 185.173333 185.173333 0 0 0-80.426667-18.346666c-23.68 0-47.104 4.522667-68.949333 13.226666a180.608 180.608 0 0 0-58.453334 37.802667 173.824 173.824 0 0 0-39.082666 56.490667 169.088 169.088 0 0 0 0 133.290666c9.045333 21.162667 22.314667 40.362667 39.04 56.533334 16.725333 16.213333 36.608 29.013333 58.453333 37.76 21.888 8.746667 45.312 13.226667 68.992 13.226666 27.904 0 55.466667-6.272 80.469333-18.346666a178.773333 178.773333 0 0 0 63.530667-51.114667l221.525333 155.093333c-5.76 19.456-6.826667 39.978667-2.986666 59.861334 3.754667 19.925333 12.288 38.698667 24.874666 54.869333 12.586667 16.213333 28.885333 29.312 47.616 38.357333 18.773333 9.045333 39.381333 13.781333 60.330667 13.781334 35.84 0 70.186667-13.781333 95.530667-38.272a128.554667 128.554667 0 0 0 39.594666-92.330667c0-34.645333-14.250667-67.84-39.594666-92.330667a137.557333 137.557333 0 0 0-95.530667-38.272z m0-518.101333c15.530667 0 30.421333 5.973333 41.386667 16.597333 11.008 10.624 17.152 25.002667 17.152 40.021334s-6.186667 29.44-17.152 40.021333a60.288 60.288 0 0 1-82.816 0 55.68 55.68 0 0 1-17.152-40.064c0-15.018667 6.186667-29.44 17.152-40.021333 11.008-10.624 25.898667-16.597333 41.429333-16.554667z m-495.36 448.426667a100.992 100.992 0 0 1-70.058667-28.074667A94.336 94.336 0 0 1 187.733333 512a94.336 94.336 0 0 1 29.056-67.712 100.992 100.992 0 0 1 70.058667-28.074667c26.24 0.042667 51.413333 10.154667 69.973333 28.117334 18.602667 17.92 29.013333 42.24 29.098667 67.669333a94.336 94.336 0 0 1-29.056 67.669333 100.992 100.992 0 0 1-70.016 28.117334z m495.36 256.853333a60.288 60.288 0 0 1-41.386667-16.597333 56.533333 56.533333 0 0 1-12.714666-18.346667 54.997333 54.997333 0 0 1 12.757333-61.738667 60.288 60.288 0 0 1 82.816 0.042667c11.008 10.666667 17.152 25.045333 17.152 40.106667 0 14.976-6.186667 29.397333-17.194667 39.978666a59.648 59.648 0 0 1-41.429333 16.554667z\" fill=\"#1D2129\">\u003C/path>\u003C/symbol>\u003Csymbol id=\"iconsignout\" viewBox=\"0 0 1024 1024\">\u003Cpath d=\"M661.333333 85.333333a21.333333 21.333333 0 0 1 21.333334 21.333334v42.666666a21.333333 21.333333 0 0 1-21.333334 21.333334H170.666667v682.666666h490.666666a21.333333 21.333333 0 0 1 21.333334 21.333334v42.666666a21.333333 21.333333 0 0 1-21.333334 21.333334H128a42.666667 42.666667 0 0 1-42.666667-42.666667V128a42.666667 42.666667 0 0 1 42.666667-42.666667h533.333333z m103.381334 227.370667l165.930666 165.930667a42.666667 42.666667 0 0 1 0 60.330666l-165.930666 165.930667a21.248 21.248 0 0 1-30.165334 0l-30.165333-30.165333a21.333333 21.333333 0 0 1 0-30.165334l90.325333-90.325333-388.394666-1.706667a21.333333 21.333333 0 0 1-21.248-21.248l-0.170667-40.405333a21.333333 21.333333 0 0 1 18.773333-21.290667l2.688-0.170666 396.202667 1.749333-98.176-98.133333a21.333333 21.333333 0 0 1 0-30.165334l30.122667-30.165333a21.333333 21.333333 0 0 1 30.208 0z\" fill=\"#000000\">\u003C/path>\u003C/symbol>\u003Csymbol id=\"iconsnapshot\" viewBox=\"0 0 1024 1024\">\u003Cpath d=\"M339.541333 153.344a40.106667 40.106667 0 0 1 14.250667-18.432A37.674667 37.674667 0 0 1 375.509333 128h271.530667c7.552 0 14.976 2.304 21.333333 6.656a40.064 40.064 0 0 1 14.293334 17.792l23.296 56.405333H896c23.552 0 42.666667 18.090667 42.666667 40.405334v606.293333c0 22.357333-19.114667 40.448-42.666667 40.448H128c-23.552 0-42.666667-18.090667-42.666667-40.405333V249.301333c0-22.357333 19.114667-40.448 42.666667-40.448h190.08l21.461333-55.509333z m521.557334 136.32H162.901333v525.482667h698.197334V289.706667zM512 350.336c107.093333 0 193.962667 90.453333 193.962667 202.069333 0 111.658667-86.826667 202.112-193.962667 202.112-107.093333 0-193.92-90.453333-193.92-202.112 0-111.616 86.826667-202.069333 193.92-202.069333z m0 80.810667c-30.848 0-60.458667 12.8-82.261333 35.541333a123.904 123.904 0 0 0-34.133334 85.76c0 32.128 12.288 62.976 34.133334 85.717333a114.048 114.048 0 0 0 82.261333 35.498667c30.848 0 60.458667-12.757333 82.261333-35.498667a123.904 123.904 0 0 0 34.133334-85.76c0-32.128-12.288-62.976-34.133334-85.76A114.048 114.048 0 0 0 512 431.189333z\" fill=\"#1D2129\">\u003C/path>\u003C/symbol>\u003Csymbol id=\"iconsound_volume\" viewBox=\"0 0 1024 1024\">\u003Cpath d=\"M545.28 937.813333c-20.48 0-40.96-7.68-56.32-23.04L288.426667 715.093333c-0.853333-0.853333-0.853333-0.853333-1.706667-0.853333H131.413333c-43.52 0-79.36-35.84-79.36-79.36V400.213333c0-43.52 35.84-79.36 79.36-79.36h145.066667c0.853333 0 1.706667 0 1.706667-0.853333l210.773333-210.773333c23.04-23.04 56.32-29.866667 86.186667-17.066667 29.866667 11.946667 48.64 40.96 48.64 73.386667v693.76c0 32.426667-19.626667 61.44-48.64 73.386666-9.386667 3.413333-19.626667 5.12-29.866667 5.12zM131.413333 397.653333c-1.706667 0-2.56 0.853333-2.56 2.56v234.666667c0 1.706667 0.853333 2.56 2.56 2.56h156.16c21.333333 0 40.96 8.533333 56.32 23.04l199.68 199.68c0.853333 0.853333 0.853333 0.853333 2.56 0.853333 1.706667-0.853333 1.706667-1.706667 1.706667-2.56V165.546667c0-0.853333 0-1.706667-1.706667-2.56-1.706667-0.853333-2.56 0-2.56 0.853333L332.8 373.76c-15.36 15.36-34.986667 23.04-56.32 23.04h-145.066667zM701.44 715.946667c-11.093333 0-21.333333-4.266667-29.013333-13.653334-13.653333-16.213333-11.946667-40.106667 4.266666-53.76 48.64-41.813333 73.386667-85.333333 73.386667-130.56-0.853333-78.506667-75.093333-140.8-75.093333-140.8-16.213333-13.653333-18.773333-37.546667-5.12-53.76 13.653333-16.213333 37.546667-18.773333 53.76-5.12 4.266667 3.413333 102.4 84.48 103.253333 199.68C827.733333 587.093333 793.6 651.093333 726.186667 708.266667c-7.68 4.266667-16.213333 7.68-24.746667 7.68z\" fill=\"#333333\">\u003C/path>\u003Cpath d=\"M806.4 818.346667c-9.386667 0-19.626667-3.413333-27.306667-11.093334-15.36-15.36-15.36-39.253333 0-54.613333 87.893333-87.893333 128.853333-176.64 122.88-263.68-8.533333-128.853333-117.76-213.333333-118.613333-214.186667-17.066667-12.8-20.48-36.693333-6.826667-53.76 12.8-17.066667 36.693333-20.48 53.76-6.826666 5.973333 4.266667 138.24 106.666667 149.333334 270.506666 7.68 110.08-40.96 218.453333-145.066667 322.56-8.533333 6.826667-18.773333 11.093333-28.16 11.093334z\" fill=\"#333333\">\u003C/path>\u003C/symbol>\u003Csymbol id=\"iconspin_right\" viewBox=\"0 0 1024 1024\">\u003Cpath d=\"M957.44 507.733333l48.64-150.186666c1.706667-5.973333-3.413333-11.093333-9.386667-8.533334l-181.76 64.853334c-5.12 1.706667-5.973333 9.386667-1.706666 12.8l133.973333 84.48c3.413333 2.56 8.533333 0.853333 10.24-3.413334z\" fill=\"#333333\">\u003C/path>\u003Cpath d=\"M494.933333 41.813333c223.573333 0 411.306667 154.453333 463.36 361.813334l-76.8 10.24C834.56 244.053333 679.253333 118.613333 494.933333 118.613333c-221.013333 0-400.213333 180.053333-400.213333 400.213334s179.2 401.066667 400.213333 401.066666c83.626667 0 162.133333-26.453333 226.133334-70.826666 36.693333 11.093333 46.08 38.4 47.786666 59.733333C691.2 964.266667 597.333333 996.693333 494.933333 996.693333c-262.826667 0-477.013333-214.186667-477.013333-477.013333s213.333333-477.866667 477.013333-477.866667z\" fill=\"#333333\">\u003C/path>\u003C/symbol>\u003Csymbol id=\"iconStart\" viewBox=\"0 0 1024 1024\">\u003Cpath d=\"M512 85.333333c235.648 0 426.666667 191.018667 426.666667 426.666667s-191.018667 426.666667-426.666667 426.666667S85.333333 747.648 85.333333 512 276.352 85.333333 512 85.333333z m0 77.568a349.098667 349.098667 0 1 0 0 698.197334 349.098667 349.098667 0 0 0 0-698.197334zM416.213333 285.184l310.272 193.92a38.826667 38.826667 0 0 1 0 65.792l-310.272 193.92a38.826667 38.826667 0 0 1-59.349333-32.853333V318.08a38.826667 38.826667 0 0 1 59.306667-32.896z m18.218667 102.826667v247.978666L632.746667 512l-198.314667-123.946667z\" fill=\"#1D2129\">\u003C/path>\u003C/symbol>\u003Csymbol id=\"iconStop\" viewBox=\"0 0 1024 1024\">\u003Cpath d=\"M512 85.333333c235.648 0 426.666667 191.018667 426.666667 426.666667s-191.018667 426.666667-426.666667 426.666667S85.333333 747.648 85.333333 512 276.352 85.333333 512 85.333333z m0 77.568a349.098667 349.098667 0 1 0 0 698.197334 349.098667 349.098667 0 0 0 0-698.197334z m81.493333 213.333334a54.357333 54.357333 0 0 1 54.272 54.314666v162.901334a54.272 54.272 0 0 1-54.314666 54.314666h-162.901334a54.272 54.272 0 0 1-54.314666-54.314666v-162.901334a54.272 54.272 0 0 1 54.314666-54.314666h162.901334zM448 448v128h128v-128h-128z\" fill=\"#1D2129\">\u003C/path>\u003C/symbol>\u003Csymbol id=\"iconterramaster_logo\" viewBox=\"0 0 1024 1024\">\u003Cpath d=\"M118.613333 413.866667v35.84h-23.04v128.853333H75.946667V449.706667H53.76v-35.84zM193.706667 413.866667v34.986666H153.6v30.72h35.84v34.133334H153.6v30.72h40.96v34.133333h-60.586667V413.866667zM261.12 512c0.853333 0 2.56-0.853333 4.266667-2.56 5.973333-4.266667 12.8-12.8 12.8-36.693333 0-29.013333-0.853333-45.226667-13.653334-53.76-4.266667-2.56-11.946667-4.266667-21.333333-4.266667h-34.133333v164.693333h19.626666v-64h11.946667l13.653333 64h22.186667L261.12 512z m-5.973333-39.253333c0 3.413333-0.853333 6.826667-3.413334 8.533333-2.56 1.706667-5.973333 1.706667-8.533333 1.706667h-14.506667v-34.133334h14.506667c3.413333 0 5.973333 0 8.533333 2.56 2.56 2.56 3.413333 5.973333 3.413334 8.533334 0.853333 4.266667 0.853333 8.533333 0 12.8zM348.16 512c0.853333 0 2.56-0.853333 4.266667-2.56 5.973333-4.266667 12.8-12.8 12.8-36.693333 0-29.013333-0.853333-45.226667-13.653334-53.76-4.266667-2.56-11.946667-4.266667-21.333333-4.266667h-34.133333v164.693333H315.733333v-64h11.946667l13.653333 64h22.186667L348.16 512z m-5.973333-39.253333c0 3.413333-0.853333 6.826667-3.413334 8.533333-2.56 1.706667-5.973333 1.706667-8.533333 1.706667H315.733333v-34.133334h14.506667c3.413333 0 5.973333 0 8.533333 2.56 2.56 2.56 3.413333 5.973333 3.413334 8.533334 0.853333 4.266667 0.853333 8.533333 0 12.8zM950.613333 512c0.853333 0 2.56-0.853333 4.266667-2.56 5.973333-4.266667 12.8-12.8 12.8-36.693333 0-29.013333-0.853333-45.226667-13.653333-53.76-4.266667-2.56-11.946667-4.266667-21.333334-4.266667H896v164.693333h19.626667v-64h14.506666l13.653334 64h22.186666l-15.36-67.413333z m-5.12-39.253333c0 3.413333-0.853333 6.826667-3.413333 8.533333-2.56 1.706667-5.973333 1.706667-8.533333 1.706667h-17.066667v-34.133334h17.066667c3.413333 0 5.973333 0 8.533333 2.56 2.56 2.56 3.413333 5.973333 3.413333 8.533334v12.8zM493.226667 413.866667l19.626666 85.333333 20.48-85.333333h23.893334v164.693333h-20.48V474.453333l-17.066667 87.893334h-12.8l-17.92-87.893334v104.106667h-20.48V413.866667zM622.08 413.866667h-25.6l-29.866667 164.693333h20.48l5.12-29.013333h32.426667l5.12 29.013333h21.333333l-29.013333-164.693333z m-23.893333 103.253333l10.24-58.88 10.24 58.88h-20.48zM430.08 413.866667h-25.6l-29.866667 164.693333h20.48l5.12-29.013333h32.426667l5.12 29.013333h21.333333l-29.013333-164.693333z m-23.893333 103.253333l10.24-58.88 10.24 58.88h-20.48zM691.2 446.293333c-5.12 0-10.24 3.413333-10.24 11.093334 0 27.306667 45.226667 11.946667 45.226667 70.826666 0 33.28-16.213333 50.346667-33.28 50.346667-12.8 0-25.6-10.24-34.986667-26.453333l7.68-33.28c7.68 14.506667 19.626667 24.746667 27.306667 24.746666 5.973333 0 11.946667-4.266667 11.946666-13.653333 0-28.16-45.226667-11.093333-45.226666-69.12 0-30.72 14.506667-50.346667 33.28-50.346667 11.093333 0 22.186667 7.68 29.866666 18.773334l-7.68 34.133333c-6.826667-9.386667-17.066667-17.066667-23.893333-17.066667zM802.986667 413.866667v35.84h-25.6v128.853333h-19.626667V449.706667h-24.746667v-35.84zM880.64 413.866667v34.986666h-42.666667v30.72h38.4v34.133334h-38.4v30.72h43.52v34.133333h-63.146666V413.866667z\" fill=\"#404040\">\u003C/path>\u003Cpath d=\"M511.146667 742.4c-16.213333 0-31.573333-1.706667-47.786667-5.12L57.173333 628.906667c-25.6-5.973333-45.226667-31.573333-45.226666-60.586667V418.133333c0-29.866667 19.626667-55.466667 46.08-60.586666l407.04-105.813334c29.866667-5.973333 60.586667-5.973333 91.306666 0l407.04 104.96c26.453333 5.973333 46.08 30.72 46.08 60.586667v149.333333c0 29.866667-18.773333 54.613333-45.226666 60.586667L558.08 737.28c-15.36 3.413333-31.573333 5.12-46.933333 5.12z m-44.373334-20.48c29.013333 5.973333 58.88 5.973333 87.893334 0l405.333333-108.373333c18.773333-4.266667 32.426667-23.04 32.426667-45.226667V418.133333c0-22.186667-13.653333-40.96-33.28-45.226666L552.96 267.946667c-28.16-5.973333-56.32-5.973333-84.48 0L61.44 373.76c-18.773333 3.413333-33.28 22.186667-33.28 44.373333v149.333334c0 22.186667 13.653333 40.96 32.426667 45.226666l406.186666 109.226667z\" fill=\"#404040\">\u003C/path>\u003C/symbol>\u003Csymbol id=\"icontopbanner_language\" viewBox=\"0 0 1024 1024\">\u003Cpath d=\"M512 675.114667c41.941333 0 82.432 2.133333 120.064 6.4C606.72 809.557333 558.250667 896 512 896c-46.293333 0-94.72-86.357333-120.064-214.528 34.730667-3.541333 71.594667-6.4 109.952-6.4H512z m195.242667 17.706666c60.032 11.306667 110.634667 27.605333 148.266666 45.994667C801.28 811.093333 709.077333 869.802667 618.666667 896c33.28-48.853333 72.661333-121.770667 88.576-203.178667z m-390.485334 0c15.914667 80.682667 41.216 150.101333 73.770667 198.912a428.501333 428.501333 0 0 1-222.037333-152.917333c35.413333-16.981333 81.706667-32.554667 136.704-43.904l11.52-2.133333zM129.450667 305.493333c47.018667 24.746667 107.008 43.904 176.426666 56.618667A1252.266667 1252.266667 0 0 0 298.666667 481.109333v36.096c0.725333 35.413333 2.901333 69.418667 6.528 101.973334-68.693333 12.714667-129.450667 31.829333-176.469334 56.618666a412.458667 412.458667 0 0 1-3.626666-361.088l4.352-9.173333z m765.098666 0A410.88 410.88 0 0 1 938.666667 491.008a410.88 410.88 0 0 1-44.117334 185.514667c-47.018667-24.746667-107.008-43.904-176.469333-56.661334 4.352-41.045333 7.253333-84.224 7.253333-128.853333 0-44.586667-2.133333-87.765333-7.253333-128.853333 65.834667-12.032 123.690667-30.421333 169.984-53.077334l6.485333-3.541333z m-250.922666 67.968c4.309333 36.821333 6.485333 76.458667 6.485333 117.504 0 41.088-2.133333 80.725333-6.485333 117.546667-39.082667-4.266667-79.573333-6.4-121.514667-7.082667h-36.864a974.08 974.08 0 0 0-104.106667 7.082667 1013.76 1013.76 0 0 1-6.528-107.605333v-34.005334a949.333333 949.333333 0 0 1 6.485334-93.44c41.941333 4.266667 86.058667 7.082667 131.626666 7.082667 41.941333 0 83.2-2.133333 122.197334-6.4l8.704-0.682667zM512 85.333333c46.293333 0 94.72 86.357333 120.064 214.528-37.632 4.266667-78.08 7.082667-120.064 7.082667-41.941333 0-82.432-2.816-120.064-7.082667C417.28 171.690667 465.749333 85.333333 512 85.333333z m-120.746667 4.949334C357.973333 139.136 332.629333 207.829333 316.714667 289.28 256.725333 277.930667 206.08 261.632 168.490667 243.2a427.648 427.648 0 0 1 220.586666-152.192l2.133334-0.725333z m241.493334 0A427.52 427.52 0 0 1 855.466667 243.2c-37.546667 18.432-88.917333 34.730667-148.224 46.037333-15.189333-76.458667-38.314667-142.293333-68.693334-190.464l-5.76-8.490666z\" fill=\"#4E5969\">\u003C/path>\u003C/symbol>\u003Csymbol id=\"iconspin_Left\" viewBox=\"0 0 1024 1024\">\u003Cpath d=\"M66.56 507.733333L17.92 357.546667c-1.706667-5.973333 3.413333-11.093333 9.386667-8.533334l181.76 64.853334c5.12 1.706667 5.973333 9.386667 1.706666 12.8L76.8 511.146667c-3.413333 2.56-8.533333 0.853333-10.24-3.413334z\" fill=\"#333333\">\u003C/path>\u003Cpath d=\"M529.066667 41.813333C305.493333 41.813333 117.76 196.266667 65.706667 403.626667l76.8 10.24C189.44 244.053333 344.746667 118.613333 529.066667 118.613333c221.013333 0 400.213333 180.053333 400.213333 400.213334s-179.2 401.066667-400.213333 401.066666c-83.626667 0-162.133333-26.453333-226.133334-70.826666-36.693333 11.093333-46.08 38.4-47.786666 59.733333C332.8 964.266667 426.666667 996.693333 529.066667 996.693333c262.826667 0 477.013333-214.186667 477.013333-477.013333s-213.333333-477.866667-477.013333-477.866667z\" fill=\"#333333\">\u003C/path>\u003C/symbol>\u003Csymbol id=\"icontosboard\" viewBox=\"0 0 1024 1024\">\u003Cpath d=\"M772.565333 859.434667a28.970667 28.970667 0 1 1 0 57.898666H251.434667a28.970667 28.970667 0 1 1 0-57.898666h521.130666zM830.464 106.666667c48 0 86.869333 38.869333 86.869333 86.869333V714.666667a86.869333 86.869333 0 0 1-86.869333 86.869333H193.536A86.869333 86.869333 0 0 1 106.666667 714.666667V193.536C106.666667 145.493333 145.536 106.666667 193.536 106.666667h636.928zM781.226667 378.794667a28.970667 28.970667 0 0 0-39.765334-6.314667l-0.426666 0.298667-135.68 98.688a14.464 14.464 0 0 1-15.786667 0.810666l-0.298667-0.170666-146.346666-90.026667a57.898667 57.898667 0 0 0-65.28 3.157333l-0.597334 0.426667-114.432 89.002667-0.384 0.298666a28.970667 28.970667 0 0 0-4.992 39.978667l0.298667 0.341333 0.298667 0.426667c9.813333 12.117333 27.477333 14.336 39.936 4.949333l0.384-0.298666 106.496-82.816a14.506667 14.506667 0 0 1 16.213333-1.109334l0.298667 0.213334 146.005333 89.856a57.898667 57.898667 0 0 0 63.829333-2.090667l0.597334-0.426667 143.530666-104.362666 0.384-0.298667a28.970667 28.970667 0 0 0 6.272-39.765333l-0.256-0.426667-0.298666-0.341333z\" fill=\"#1D2129\">\u003C/path>\u003C/symbol>\u003Csymbol id=\"iconUnmoun\" viewBox=\"0 0 1024 1024\">\u003Cpath d=\"M512 938.666667v-85.333334H170.666667v-213.333333h341.333333v-85.333333H170.666667V341.333333h682.666666v170.666667h85.333334V298.666667a42.666667 42.666667 0 0 0-42.666667-42.666667h-341.333333V170.666667h362.666666a21.333333 21.333333 0 0 0 21.333334-21.333334v-42.666666a21.333333 21.333333 0 0 0-21.333334-21.333334h-810.666666a21.333333 21.333333 0 0 0-21.333334 21.333334v42.666666a21.333333 21.333333 0 0 0 21.333334 21.333334H469.333333v85.333333H128a42.666667 42.666667 0 0 0-42.666667 42.666667v597.333333a42.666667 42.666667 0 0 0 42.666667 42.666667h384zM405.333333 405.333333h-128v85.333334h128v-85.333334z m0 298.666667h-128v85.333333h128v-85.333333z\" fill=\"#1D2129\">\u003C/path>\u003Cpath d=\"M870.826667 607.786667l-101.333334 101.333333-101.376-101.290667c-6.698667-6.741333-9.813333-8.490667-13.653333-9.6a19.328 19.328 0 0 0-11.349333 0c-3.84 1.109333-6.954667 2.858667-13.653334 9.6l-21.674666 21.632c-6.741333 6.741333-8.448 9.856-9.6 13.653334a19.328 19.328 0 0 0 0 11.392c1.152 3.797333 2.858667 6.912 9.6 13.653333l101.333333 101.333333-101.333333 101.333334c-6.741333 6.741333-8.448 9.856-9.6 13.653333a19.328 19.328 0 0 0 0 11.392c1.152 3.754667 2.858667 6.912 9.6 13.653333l21.674666 21.632c6.698667 6.741333 9.813333 8.490667 13.653334 9.6 3.669333 1.152 7.68 1.152 11.349333 0 3.84-1.109333 6.954667-2.858667 13.653333-9.6l101.333334-101.333333 101.333333 101.333333c6.741333 6.741333 9.898667 8.490667 13.653333 9.6 3.712 1.152 7.68 1.152 11.392 0 3.797333-1.109333 6.912-2.858667 13.653334-9.6l21.674666-21.632c6.698667-6.741333 8.448-9.898667 9.6-13.653333a19.413333 19.413333 0 0 0 0-11.392c-1.152-3.797333-2.901333-6.912-9.6-13.653333l-101.333333-101.333334 101.333333-101.333333c6.698667-6.741333 8.448-9.856 9.6-13.653333a19.413333 19.413333 0 0 0 0-11.392c-1.152-3.797333-2.901333-6.912-9.6-13.653334l-21.674666-21.674666c-6.741333-6.698667-9.856-8.448-13.653334-9.6a19.328 19.328 0 0 0-11.392 0c-3.754667 1.152-6.912 2.901333-13.653333 9.6z\" fill=\"#1D2129\">\u003C/path>\u003C/symbol>\u003Csymbol id=\"iconUpload\" viewBox=\"0 0 1024 1024\">\u003Cpath d=\"M192 768a21.333333 21.333333 0 0 1 21.333333 21.333333V853.333333h597.333334v-64a21.333333 21.333333 0 0 1 21.333333-21.333333h42.666667a21.333333 21.333333 0 0 1 21.333333 21.333333V896a42.666667 42.666667 0 0 1-42.666667 42.666667H170.666667a42.666667 42.666667 0 0 1-42.666667-42.666667v-106.666667a21.333333 21.333333 0 0 1 21.333333-21.333333h42.666667zM490.666667 748.202667h42.666666a21.333333 21.333333 0 0 0 21.162667-18.858667l0.170667-2.474667V256l128.426666 128.426667a21.333333 21.333333 0 0 0 28.16 1.792l2.005334-1.792 30.165333-30.165334a21.333333 21.333333 0 0 0 1.834667-28.16l-1.834667-2.005333-211.2-211.2a21.333333 21.333333 0 0 0-28.16-1.749333l-1.962667 1.792-211.2 211.2a21.333333 21.333333 0 0 0-1.749333 28.16l1.749333 1.962666 30.165334 30.208a21.333333 21.333333 0 0 0 28.16 1.749334l2.005333-1.792L469.333333 266.368v460.501333a21.333333 21.333333 0 0 0 18.816 21.162667l2.517334 0.170667z\" fill=\"#1D2129\">\u003C/path>\u003C/symbol>\u003Csymbol id=\"iconusb_disk\" viewBox=\"0 0 1024 1024\">\u003Cpath d=\"M702.506667 85.333333l-391.338667 2.986667c-36.053333 6.741333-36.053333 31.488-36.053333 31.488l1.493333 183.722667c3.669333 13.525333 21.333333 15.786667 20.608 16.512l431.786667-2.261334c19.157333 0 20.608-15.744 20.608-15.744V115.328C746.666667 90.581333 702.506667 85.333333 702.506667 85.333333zM461.226667 219.562667s0 6.741333-11.776 7.509333H366.336c-1.450667-0.768-9.557333 0.725333-14.72-7.509333l-1.450667-31.488s-1.493333-7.509333 14.72-9.002667h79.445334s14.72-0.768 16.896 10.496v29.994667z m212.608-1.493334s0 6.741333-11.776 7.466667H578.986667c-2.218667-0.725333-11.050667 0-15.445334-7.466667v-31.488s-1.493333-7.509333 14.72-9.002666h79.445334s14.72-0.768 16.896 10.496v29.994666h-0.725334z m199.338666 458.154667V344.021333H150.826667L149.333333 810.666667c0 21.333333 21.333333 45.525333 21.333334 45.525333 69.12 83.2 172.117333 81.706667 172.117333 81.706667L669.44 938.666667c66.944-4.48 100.778667-20.224 100.778667-20.224C861.44 873.386667 874.666667 853.333333 874.666667 810.666667v-133.717334c0-0.725333 0-0.725333-1.493334-0.725333z m-127.232-29.269333l-65.493333 40.533333c-0.725333 0.725333-2.176 0.725333-2.944 1.493333-1.450667 0-2.176-0.768-2.944-0.768-2.176-1.493333-2.944-2.986667-2.944-5.973333v-27.008h-176.554667c6.656 10.496 12.544 23.253333 16.938667 34.474667 9.557333 22.485333 19.882667 45.738667 34.56 45.738666h19.882667v-20.224c0-3.754667 2.944-6.741333 6.613333-6.741333h65.493333c3.669333 0 6.613333 2.986667 6.613334 6.741333v66.730667a6.656 6.656 0 0 1-6.613334 6.741333h-66.218666c-1.493333 0-2.986667-0.725333-4.437334-2.261333-1.450667-1.493333-2.176-2.986667-2.176-4.48v-20.266667h-19.882666c-31.616 0-45.610667-32.981333-58.112-62.208-9.557333-22.528-19.84-45.738667-33.834667-45.738666H378.837333c-5.888 23.210667-26.453333 40.490667-50.773333 40.490666a54.4 54.4 0 0 1-52.906667-54.741333 52.48 52.48 0 0 1 52.181334-53.248c24.32 0 44.885333 17.237333 50.773333 40.490667h21.333333c13.994667 0 24.277333-23.253333 33.834667-45.738667 12.501333-29.269333 27.221333-62.250667 58.112-62.250667h22.101333a40.618667 40.618667 0 0 1 37.504-27.008c21.333333 0.768 38.997333 18.773333 38.997334 40.533334s-16.938667 39.722667-38.997334 40.490666a40.618667 40.618667 0 0 1-37.546666-27.008h-22.058667c-14.72 0-24.277333 23.253333-34.56 45.738667-5.12 11.989333-11.050667 23.978667-16.938667 34.474667h229.546667v-26.965334c0-2.261333 1.450667-4.522667 2.944-5.973333a5.418667 5.418667 0 0 1 6.613333 0l66.176 40.448c2.218667 1.493333 2.986667 2.986667 2.986667 5.973333 0 3.029333 0 6.784-2.218667 7.509334z\" fill=\"#1D2129\">\u003C/path>\u003C/symbol>\u003Csymbol id=\"iconUSB_eject\" viewBox=\"0 0 1024 1024\">\u003Cpath d=\"M512 34.986667L34.986667 631.466667h954.026666L512 34.986667zM34.986667 750.933333v238.933334h954.026666V750.933333H34.986667z\" fill=\"#333333\">\u003C/path>\u003C/symbol>\u003Csymbol id=\"iconuser\" viewBox=\"0 0 1024 1024\">\u003Cpath d=\"M747.52 576.853333c114.346667 0 207.36 93.013333 207.36 207.36v151.893334c0 30.72-24.746667 55.466667-55.466667 55.466666H124.586667c-30.72 0-55.466667-24.746667-55.466667-55.466666V784.213333c0-114.346667 93.013333-207.36 207.36-207.36h471.04zM512 23.04c137.386667 0 249.173333 111.786667 249.173333 249.173333S649.386667 521.386667 512 521.386667 262.826667 409.6 262.826667 272.213333 374.613333 23.04 512 23.04z\" fill=\"#333333\">\u003C/path>\u003C/symbol>\u003Csymbol id=\"iconusergroup\" viewBox=\"0 0 1024 1024\">\u003Cpath d=\"M302.933333 476.16c41.813333 0 80.213333-16.213333 108.373334-43.52-29.866667-29.013333-48.64-69.12-48.64-113.493333s18.773333-85.333333 48.64-113.493334C383.146667 179.2 344.746667 162.133333 302.933333 162.133333c-86.186667 0-157.013333 70.826667-157.013333 157.013334 0 87.04 70.826667 157.013333 157.013333 157.013333zM239.786667 738.133333V641.706667c0-71.68 58.88-130.56 130.56-130.56H154.453333c-71.68 0-130.56 58.88-130.56 130.56v95.573333c0 19.626667 15.36 34.986667 34.986667 34.986667h215.893333c-18.773333 0.853333-34.986667-15.36-34.986666-34.133334z\" fill=\"#333333\">\u003C/path>\u003Cpath d=\"M834.56 548.693333c91.306667 0 164.693333 74.24 164.693333 164.693334v121.173333c0 24.746667-19.626667 44.373333-44.373333 44.373333H338.773333c-24.746667 0-44.373333-19.626667-44.373333-44.373333V714.24c0-91.306667 74.24-164.693333 164.693333-164.693333 0.853333-0.853333 375.466667-0.853333 375.466667-0.853334zM647.68 107.52c109.226667 0 197.973333 88.746667 197.973333 197.973333S756.906667 504.32 647.68 504.32 448.853333 415.573333 448.853333 306.346667 537.6 107.52 647.68 107.52z\" fill=\"#333333\">\u003C/path>\u003C/symbol>\u003Csymbol id=\"iconwarning\" viewBox=\"0 0 1024 1024\">\u003Cpath d=\"M514.56 1006.933333c-273.066667 0-494.933333-221.866667-494.933333-494.933333s221.866667-494.933333 494.933333-494.933333 494.933333 221.866667 494.933333 494.933333c-0.853333 273.066667-222.72 494.933333-494.933333 494.933333z m0-913.066666c-230.4 0-418.133333 187.733333-418.133333 418.133333s187.733333 418.133333 418.133333 418.133333 418.133333-187.733333 418.133333-418.133333-187.733333-418.133333-418.133333-418.133333z\" fill=\"#F8AA01\">\u003C/path>\u003Cpath d=\"M514.56 636.586667c-21.333333 0-38.4-17.066667-38.4-38.4V304.64c0-21.333333 17.066667-38.4 38.4-38.4s38.4 17.066667 38.4 38.4v293.546667c0 21.333333-17.92 38.4-38.4 38.4z\" fill=\"#F8AA01\">\u003C/path>\u003Cpath d=\"M514.56 705.706667m-38.4 0a38.4 38.4 0 1 0 76.8 0 38.4 38.4 0 1 0-76.8 0Z\" fill=\"#F8AA01\">\u003C/path>\u003C/symbol>\u003Csymbol id=\"iconAdvanced\" viewBox=\"0 0 1024 1024\">\u003Cpath d=\"M168.96 571.733333l160.426667-156.16M401.066667 407.04l139.093333 178.346667M590.506667 577.706667l278.186666-218.453334\" fill=\"#FFFFFF\">\u003C/path>\u003Cpath d=\"M368.64 354.986667m-86.186667 0a86.186667 86.186667 0 1 0 172.373334 0 86.186667 86.186667 0 1 0-172.373334 0Z\" fill=\"#333333\">\u003C/path>\u003Cpath d=\"M558.933333 546.133333L443.733333 399.36c-12.8 23.04-35.84 40.106667-63.146666 43.52L494.933333 589.653333c12.8-23.04 36.693333-39.253333 64-43.52z\" fill=\"#333333\">\u003C/path>\u003Cpath d=\"M569.173333 634.026667m-86.186666 0a86.186667 86.186667 0 1 0 172.373333 0 86.186667 86.186667 0 1 0-172.373333 0Z\" fill=\"#333333\">\u003C/path>\u003Cpath d=\"M810.666667 355.84L569.173333 545.28h0.853334c30.72 0 57.173333 16.213333 72.533333 40.106667l221.866667-174.933334c-24.746667-8.533333-45.226667-29.013333-53.76-54.613333z\" fill=\"#333333\">\u003C/path>\u003Cpath d=\"M893.44 327.68m-86.186667 0a86.186667 86.186667 0 1 0 172.373334 0 86.186667 86.186667 0 1 0-172.373334 0Z\" fill=\"#333333\">\u003C/path>\u003Cpath d=\"M203.946667 591.36l152.746666-148.48c-27.306667-4.266667-51.2-21.333333-64-45.226667L149.333333 537.6c25.6 8.533333 45.226667 29.013333 54.613334 53.76z\" fill=\"#333333\">\u003C/path>\u003Cpath d=\"M121.173333 622.08m-86.186666 0a86.186667 86.186667 0 1 0 172.373333 0 86.186667 86.186667 0 1 0-172.373333 0Z\" fill=\"#333333\">\u003C/path>\u003C/symbol>\u003Csymbol id=\"iconAllow\" viewBox=\"0 0 1024 1024\">\u003Cpath d=\"M896.426667 271.146667l-29.44-30.293334a21.333333 21.333333 0 0 0-30.08 0L384.213333 693.333333l-211.2-210.986666a21.333333 21.333333 0 0 0-30.08 0l-30.08 30.08a21.333333 21.333333 0 0 0 0 30.08l226.133334 226.346666 30.293333 30.08a21.333333 21.333333 0 0 0 30.08 0l30.08-30.08 467.626667-467.626666a21.333333 21.333333 0 0 0-0.64-30.08z\" fill=\"#1D2129\">\u003C/path>\u003C/symbol>\u003C/svg>\u003Cnoscript>\u003Cstrong>We're sorry but tos7 doesn't work properly without JavaScript enabled. Please enable it to continue.\u003C/strong>\u003C/noscript>\u003Cdiv id=\"app\">\u003C!---->\u003C!---->\u003Cdiv data-v-5bce1a4c=\"\" class=\"page_main\" style=\"background-image: url(&quot;data:image/jpeg;base64,/9j/4AAQSkZJRgABAQAAAQABAAD/4gHYSUNDX1BST0ZJTEUAAQEAAAHIAAAAAAQwAABtbnRyUkdCIFhZWiAH4AABAAEAAAAAAABhY3NwAAAAAAAAAAAAAAAAAAAAAAAAAAAAAAAAAAAAAQAA9tYAAQAAAADTLQAAAAAAAAAAAAAAAAAAAAAAAAAAAAAAAAAAAAAAAAAAAAAAAAAAAAAAAAAAAAAAAAAAAAlkZXNjAAAA8AAAACRyWFlaAAABFAAAABRnWFlaAAABKAAAABRiWFlaAAABPAAAABR3dHB0AAABUAAAABRyVFJDAAABZAAAAChnVFJDAAABZAAAAChiVFJDAAABZAAAAChjcHJ0AAABjAAAADxtbHVjAAAAAAAAAAEAAAAMZW5VUwAAAAgAAAAcAHMAUgBHAEJYWVogAAAAAAAAb6IAADj1AAADkFhZWiAAAAAAAABimQAAt4UAABjaWFlaIAAAAAAAACSgAAAPhAAAts9YWVogAAAAAAAA9tYAAQAAAADTLXBhcmEAAAAAAAQAAAACZmYAAPKnAAANWQAAE9AAAApbAAAAAAAAAABtbHVjAAAAAAAAAAEAAAAMZW5VUwAAACAAAAAcAEcAbwBvAGcAbABlACAASQBuAGMALgAgADIAMAAxADb/2wBDAAMCAgICAgMCAgIDAwMDBAYEBAQEBAgGBgUGCQgKCgkICQkKDA8MCgsOCwkJDRENDg8QEBEQCgwSExIQEw8QEBD/2wBDAQMDAwQDBAgEBAgQCwkLEBAQEBAQEBAQEBAQEBAQEBAQEBAQEBAQEBAQEBAQEBAQEBAQEBAQEBAQEBAQEBAQEBD/wAARCAhwDwADASIAAhEBAxEB/8QAHQAAAQUBAQEBAAAAAAAAAAAAAwACBAUGAQcICf/EAFsQAAEDAwMCBAQEAwUFBQMAGwEAAgMEBRESITEGQRMiUWEHFDJxQoGRoRUjUggzYrHBFiRDctE0U4KS4RclRFTw8TVjc6ImRYOTsgkYJzZVZHTC0kZWhKPiw//EAB0BAAIDAQEBAQEAAAAAAAAAAAIDAAEEBQYHCAn/xABCEQACAgEEAgEEAQMCBAQEAgsAAQIDEQQSITEFQRMGIjJRFEJhcSMzFVKBkQehsdEWJEPBNDVTYuHwF3KCkiVjsv/aAAwDAQACEQMRAD8A+g+p7KzqCyVVpkxpqIy3dUXwzuz62wutda0iutL/AJaoB9RnB/ZbJYCuDukuv218Y0UN/aGT+gmbnf8APP7L4kff61g2s++MKM8eUgjlTS0HkcbKNIOMKJ4KzhnlHxgtlVa47Z19aGE1tiqGzPI3Phj6iF7TYbrRdQ2eivdvkDoK6BlRHvw1w2/1Wcu1ugudBNRVDA+OZhY5p7ghZD4DXSqs013+GNcSZLPJ41EXH6oHk7D7Y/dE3uKtW6OT2LhJcHuuoTHMYkkkongqMcnivUEb/hV8Z6Lq1rf/AHP1f/ulSOGtqt8OcfzOOF7DJLLKcud+SzvxR6Li696Qqun9bYqh2JaaYjPhSt3aQqj4N9WT9VdHw/xNhjuVrAoK5h5EseQSfvhaK5Z4KnHPRteyqeoXzUk1P1Axoe6mxFLt/wAHv/orzR6FMlp4qqJ1PO3Ux/I9Vqrs2GO2O6LifAP9vD4TNsnVlN8U7PCRa+oGBtVK0eX5sNABx21xr5cpnNZsG4BX6ofEP4e0vxM+HXUXwsuzG+I+LNukduWOOTDMc7bOb5vyX5bXO119hu1XZLnA6GqoZnwTMcMFr2kgj9ivsP0b5NXUfBZ2uv8AH/7D479ZeMdN61EOpd/5J1FJvxyp2ryHZVdM8YGVYwyBwC+hQeVg+e28MDNGS8bKVTyDYLkrNQyAo0TyH4O35qZ2MW/uRcRkEDBUhqhwcKQzhPjLIiSDNTk1qcOUwzM6B3TxwkB3XVCCSSSUIJJJJQglw8LqShDjOUZAAOUdh2BKhM4EknrrVClPINJJJQMSc1NSVEOkKJUt/kuA7qZnOyAWEpFsMkjLaWHRN9lt9T4EsvBC9ZeyG60P8xudQ59F4RUxOgeKmElrhzheqfD2/iuomwyEOIwDk91wtXBxlk+kfTOuhqILTyZBrKYU8xj07AoLmNlhdTvb/Lfs4ZWw6jsztXzUDQ5pGThZiSI4OAlVTTWT0up0qUnFnmnU1mbaq3+QwiB4y1U2B7/qvVLhbYLlTPgnYCCDg43BXmtxoZrdOYpRkZ2PqupXYmjwHlNDLT2fJ/SyKeQiIH4kRaIvBxZj0mnwpGyAcJLhHiYHqjT9izXWq4/xGkdSl/maMjKpLtRvp6nxDw79lW01XNQVRdFwMZ91rwKe8UPiROGvG4PIKfGXBmcNknIzBbkAHbCl2ivktlW2pj3A5HqotZTy0kvhyAj0KGx2RwijPLJOKtjg+gOm75Bd7bHJHgOA3Gcq3J9l4b0d1A6110TS4hud917hBNFV07KiJwLXtBGFqrllnnddS6pcjTukkeUlsTOWxJYKQ5RNiBsrKBqr6htH8WoHQtxqAJblXGn3T2NG2d0MlkZCW1mf6MvDhH/AathZNBs0nh32Wt0kbFYnqC31FBWNvFGMhpy4DnC1FluAuNvjqSRqcN0CfpjLVve5ExPTE9EJY9MSRNPuoBtOJJJKAzEm/hTkxU1ktPPBQ9Y9Of7Q2zwYiBUQnXETx7heFTySFwyeey+lCc8cryL4ndO/KV38Vp4yI5vrwNg5Z5wO147UKH2M80uERieKiIcncKBcYjUOEx3BG3srqVgeMHhV0jDG50TvpJ2WSxYPTUTxJNFbbqn5Gp1uyGk4+y1Uc73gFrsgjIWVq4AXeT0VlYbhg/JzbuaPKkx4fI7UQlYt8S9B2DiV14JGUwcqQCCMhMObKOGQZgchCUuZu52UQ8qmNTGu34XoPw36gkp5vkHvwcZB9VgFLt1W+hrIqljsFjgfyRwljgzaur5YYR9FxVBfjbnus98SrZ4ttZ1Fb4tNZQaTkdwEewXRlwoIqhpydIyrv+VWU8lLO0FkjC0g+6alk8w4fx7U2YXq2eWqsNm+K/S80kV1s7o3yPY7fy8r606H6pt3WHStv6gtbswVcQcW5yWP/Ew/Yr5Q6O12Dqe49DV8QlpKvUYA52kYd9J/Nuf1Wx+AHU46B67uPwzvNQWUd1ldU29zuPFPb03G35InHHIzX0K6tRT+6Kyv/wCV/wDsfTmQjR/UooOSN0VvZNXWDyuc8k1vlCegMOcBEacDhKksBBhyiAjCEu5KAgTIXUIE5RBwoQekkkoQSSSShBJJJKEEkkkoQSSSShBJPbHJE6ORmdSScBhEkQp5KY21+IW/y3HbHZSIqjxGgtcpsrQ4YPBVVNBNTSfywS0nIwmEO3GijulK6kqD/LdyspIK7peYUrg59C84jkHA9itbFMXcjldqmR1VM6lnja+OQYII4+ygUXgqKeqjqYhIxwdlHWdqIKvpmqy3MlA87dyxXdNVRVMQlhcHA+hUDJcTtKHXUDK6PIfonH0vTXdt0aI52UIV1rry2U264t0TtOzjw8eyuBGwcBRLjaWV8Yc06JmbteOQo9DXyRv/AIfXbTt2YTw8fdQharo5XBnuPZdbsVCBmnITKinjqYjHIOURkgA4SM5z9IUIZ2eGSyuGRqp3nALfw/dT6SZksfiRuBB7hWT9EzCyWNrgRggjKz1bS1Nlm+apQX0zj5ox+D3UXBCzc3KaYyRhMgq4qmISxHIPvwjpisIY/q/oMdRPp7jQVxobnRgCCYDI0j8Dh6LPdP8AU7mVL7F1E00dxgOHNP0yH+pvsV6iqDq3o+g6ro2xyv8AAqocmCoa3Loye/7K/kyHGWDDfE34Z2f4iWh0EkbWXGFodSzO3DXj1HvsvnezV916TusvSXVzRHURO0xyh3lPO/2K+j7NfLjZ7k3pbq6MwXN2XQyk+WrZ/W0+pz9P3Vb8UPhhbevLe6opmtgu1O0mnnA7+hSrK42Lk9L4Dz9virkm/sPOKaQMkZMMOA3yO69Hsl7hvNNloxLGAHg/5rwa33W62Cvf0/fonRTwO0+ccj1C3NruElHIyupJcY3djgj0K4HktDGyOGfpT6P+p4Uz+aqWa5LGD0meM6gUxoxsu0NfHX0jKhjQQ9ufsUi3crzllbre1n2Cq2GprVlfTIHUFlpL7ROoK1mqNw3Xyv8AEXpGu6Wu8lOYcUrjmN7eD7L66DsbaQVl+uejKLqy1SQPja2doLmO9/RSuW1nF834n/iNWY/kuj48dwVBqI984Wo6j6eqLLcZaSRhboJ5Co5YtW2NwtsZJnybXaazTzddi5RDpXmE4IVrDMJGdlWSx4GwXaOoLMMcnxkc6E9ssFm8E5I4Ud/BUsgBuDvlAcDuOFJLJonyQ3cpqO9obuO6H4h7hZ3HkUHo5BG8Eq9imE0bQ0jICzb8gggqdbqkxTAOOQqNdNmOGW2CDwhuBwphDdO3CCWDfCVYdKC3LJCIOeFxSXxeyHoKWHgakklgqiDDuMILoc5UjR7JuRnCCayU1khAGGZrw3haG23YSBsEx443VLK0HtkocbzDKJAM47JaLpnKmWUbMODuCEJ0e/ooVDWCdgOSCVPBy3dE1g6cLN8ckWUZwhs2IUmQZJQcHsEJohLBMpJWhzQVo6OQFrQFkWAtcCMj81dW+sA0hx9VDZVbg1ERBaN0sHVlRqWUOwcqZgOCpnRhLJKpJA3Y91LBDgqhsmhwIKmwVIwMrO1ybK55JR8u6a86giAhwQiC1C+TWmKikENUMjZXVwpn1lPmM9srPyZBBB3Whs1W2WIMcfMBhIY6qWHgzYhkgcWPachdkYXDZXt0t8gcahoBb6DkKpkjOQCVQ2SKudrozghNac7qbNGJAcjgKA9piJyNkqxZFr7WWdluEtrq21Ee++4Xqdvr4btTh8bgJMDy55XjjJAQFe2K8uoZWs1EfnysNteTpaS+K4Z6aHyU7w9hII5wVrrDdIql7H7am4BCxlHVwXKnE0LsnG47go1NLPRTCaE4Pf3XLvr5OxVYnyj1mOpD9sIzXZWZ6fuzLhHp1edo3C0Eb8gbLFODRqf3ckgjCFLG1/1NB+4RNWrskskkEkCo6mSJ3y8wG30nGysw7UPrUAw6sE9k2KR7JC05wEmUQ2sos09nCDDIHAIw5QNZFvg4Rg55RYzrwEnnDRtnKEwlhWeccC3mTJJOUlwEEZC6gBOs+oKQCMcqMntJKgMlkKOcpLg4XUqTyIaCpJJICh6SSShAU4JwhxjCO4ZwmhuESRB4GF1JJGQSSSSsgk1yckoQzF0ZU26tZVA/y3nBwp7ntnhbI05BGVY1dNFUwuhlaCHD9FnqKWS31BopwdPLStFch0ZZ7DPG5CgVlLHURFj25yrWqhJAkjGxGVDlDmEbZW+qXIbW5YPB/iH0pNT1b6uJuAc5GFgqLVTVGtwwQV9LdRWeK70kzX4BI22Xz/f7PNbLlJA4fZdnTWJoyWw5ybnofqaQyti8XHC9IiqdZBxlfOVHXTUNQ2WJ5aQV7L0Vfv4pSNjmeDIG7FbH0P081nBs4ptjsil2wOOVCzghSGS5bjHKzyi2zopof+F32TKfkpHuhj6ksdAnEjHKj/iKc0nSN11BMbjIkkklSmWJAqM4AwjpkjNWN0yEsC7I5RR3CN2xA5VJVMIG4Wulpw8YLVnrpTOjkLQNjuulprUjl6qlyi2jBdf9PnqCxSwwhoqYmkwl3r3H7BeD290tDM+OVpL4yWuHGCvp2ZjTsRkFeH/ErpaSw3cXeIf7tWuIdjhrud17Pw2sUJJM+WfVfjuFfWufYShkFVROjH1v4C7SyOoqphIVPaK10TRvwdlcTYmAezBJGV7GT+VcHg4WyrfB6v05dfnaZkb35wMhXpdqjxheVdHXY09SIZHYwcbr1GlmY5gdnIcFy9RU0fR/B65amrGeiwstXHTv+Xl218FaaBgznsFjJ2iNzaho+krU2iuir6V3h8kD8lxNTHk9ppLUoqJNkibFUtniaBnlDulOJ6clvJ91IZuGxuHqlgEOB3AXOZuxlEHp+Vvyjqbh8LiCFajlZ6icae9ujjOGyAghaEcqjZRP7doduwB9U9MacjC6Djss8lgflDkkkkBYFJJJWimI8IBByirhAxlaUxLzkBMMgKPwVKcFFkG+AowRzZiNsIoORlQxsniTthQgRcJGEsjCCSc8qkskHnlcSXDwiBGnhBfwUQ8rh4UDIx2OVDqP+2aPVmpT38lVtwzG+Kb/ABaSfZVHsVYSBwuoRIPC4tCEiTZEkOXO2FZDqBcc/LOx6FGamVLcs4znbCtdi7CrHmgh9mJukSN0k4SaCB4f9KbyfTC0RZgsWSpdL4NTKzHCyvVVFLORUxDOnOQthco2sk8Qd27qir8yN0j0WmuWTj62v5I4Ky05NG3O2FQXeoEdWeNt1o6GMxRmPHqslfKdxmkkPZaVLKOBqk1A09FUsrKFmj0Q7W8x3FzMLL9J3UxVbqOU4a7jdayMNgrmy6djjKqL5AptjbHKLBxLZpCByqXqLMlvkAG+Cr5oa57nE7FVd2hDoZGDhPjLbIHUR3Vtf2PCZWlldOCFEuv/AGU/dWt1jEVxl2xkkfuqq5kGmLR3Xdpe6tM/N/mKnXrrIv8AZFpu32Ut7tLOEKljw0bdkSoIa3CYznJZZVSDM5cO6tKXt+ar4vNPghWlO0gBDDsO3hYJI4SPC7pJ7Lj2nGDstnox+yJI/DtI3yraH/s7cqjpiZKzfcA4V9NiKEu9AlRDZn6z/tTkOSTw2ZxlIkyTl/qm1xDISSUiyWDTUtzRnrpgyuccAlU793EKdXy+I7IKhNGSuVqJb3wdyj7I5C0EZEzX4V0G68b4yodFEANwrFrDkYW3R1uEEItknLJYWuE5yBlaGhhdJK2PHKrrZC1kIIHO60log3E+MBv7rq1txJFeyZdKmGzWt2loBwfzK82nqH1Di9xO5yrzqq7Oq5BCH5aDlZ4bqrZ7gJST4GpJJJAIxOaDlcaCTsEdjeDhWHBew0LdjujRRkHJCUTPZSYowE2sc5ZHsB2GFY09MZQOyHTwAkDGVa0zWwtGQtEI5YF00onf7mmAP4VGbJq7J1RMZHkcAIbfMujVHg4t9m6WAy6SMJhc3B3Qy85TzNJZCHlcSXCQOSqbwUdSyWkEhAqqtlKzU4jJ4Co7le5pwaeI5xyQlSujAbCqU3wWN0vgiaaaA5J5IVQx885DpDkDuh09I4NEkhyTum19a6CnLIBjPKw3WuctzNkINcBKyu8KM08Ry53ooEERb5iN0Okie94nk49+6l5ABWNzyO/E74ukEYUSeYDbCfLM0ZCrJ59biN1kutH1rJ2aYA7bqO0EnK59RUuCI6gcLBJ72Pb2rIWmjPoprG4TYow0Irm+6OETNOeWPDcd0M7JEgIMrxpKZPCIlkZUTD6VAe7DifVPmy52zimEZWecsjoRwNa4nsuxx+ZPZESVMhpjscK4wbJKeOhtPCRgkKwZGcA6UoYgMeVShFkcLQqzLZahgbkc8J3hkkDKII8Hj90XQA0FaIxEfIR/BxvlOc8xDynfsn6tRwFOobWXkVE5/wCUJ2wOv7yNS0NVXta6ow1vor6mpGU0YDcfdNjAbxwF2WYMAVOOTXBbTpPJwoNbcIqdmokamnjK5VXAlhip/rd2RLbYvGk+crCdR4CBy2mmEJXSSiRoqW431/iyNDad3r3Wjttvgt8QjY3fvupMMbYmaI2AD0AR4oyTnskTnk9DpdJt5b5Hx6S3BaiFsfcfukA1g9FbWGxzXScTnLYYzgk7Z+yzTluO1p6JSkopErpqzirk+ZezyMOxW0xthMgghp4mxQsDQOcDkoh2GUKaR7PRaeNENqBhvO6C45PCe9/ouBoG5VHShHByKNhI1DKI5oDduE0Ox2Q6icBuFAbLFFAKl4Ycbbqtkk1PzjhPnmEj9ydlCnlDRj1TIRycnU344CzzhuMdlCb4s0znvOc8ey61rpXgkqZG0AcJ+McHJsuywkAxhSwRjlRyA0YQ5H+hKmzLyJ+Umam42IUaWVrtycAKO2c4Iz2WP6p6vioY3QQuOe5B7rXTTu7OV5DylOjjusf/AEL+89TW+zRNklcHF2Q0A4zj3/NeWV12vXV9zbb6KRzy4nGNke1Wu+9bXR3gxkx7a39omnjb33/Re6dL9F2bo2hdIWF9U7GZPxv9iVuhXGHR8x8v52Vq3WvldR/RnuhvhjbelqX+M38Dx2gPBJ49VrWz3Tq+MQ2UintYJaZXcv8A+U/qp1LYrhf6uOqumYaBg8lKTu4/4lrmU5aRpG33R5PEXaqV83ZL8iss1gpLXSNp2sy4cu9VbRRZ8oCII8gbJzWae6mTDy+xhbp7J8jdWF1z2t2JUeevhicY2YfIPwZ5UyTA8gAE6xgKgu/UhpZBT2dnzVZ20Hyt+5Ux1tuV3nc2sPy1GB9Eez3H7qztlhoLY0iKLLjy48qpSwVGKjyzJUnSFXepRcuqHCUv4p85YPyWqmFHaqQOJDQPU8p92uNNbafxZeeGNHJKyT4rje3GWvOmAfS3KU3kbucuyHc77cr/ADeDapNFM76Xc4/yQ4qGC2QiJn5lWckMVHGBGAMeiiyxax4swJceB6IJz28HovCeFu181NpqH+OyulfU1bDHTkMYfxHuu09tpKZpnczM39aLLURQMOkgHsAgQyVM/wDe/wB3nj1Wadm4+0eH8VHT1pRWEg5qmjLWHJTMyP8AqThG04OOE50scTcvwAO5WeTyevqcYRwgekgoFdc46KLVI/HoM4VZcb98wTS2huuYHAKNbekK+eUVN5k1k7hpPCFFTuj0iI6Suuzv90ixGfxE8q4t3TEcLQ+pxI/lX1Pb4aZoZDE1oHoEcxgtxwib3GaU9zIUMMVM3Dhp9F15nP8Ac8eqkina86nNJwmT1VLSRF0z9PoPVNrg5dC7tXXp47rHgA2nbI7NV5gimqttIAIzhUVw6mp/D0QAlx9FQTV9bK7LTj2WqFG48f5L6z0umyqnlmpr+oGtJEeWgd1QVV6a4ku1nPuoDaeqmOuQnf3RWW10mAd06FW08J5H6t1WqzhgJbg6Y+R8g+5Ud7Hz4a6Rx+5yrqGyRAZMeSptNYGkhxiwAtMVg8xd5K6382ZuO3u2Icp1Pa5ch2sfotLDbKaMYMYyFIFNGN2MGUZjlqM9lCy1ybfzB+imMpDCBqcDsrMUU8pAbFgKbFYaibGrYKtwt3JFGyIk8IzNeNIYThamk6XAIc5oKs4rTBDjETc+4QOwS7jFxUFwnH8un/VWFN0q97Q6qlDSewWvFLpxhoGfRPFHnOOQg3indL0Z2DpuiiALg535qyho4YQGshAA9lLlloqNjn1U4Yew9VXm+wkaaOmkneeA1uymULct/LJ2RgDAGE172MGXOH6qJFT9WXOTw4bbHTsxu6QYUim6Jr55SbpWaW/4DyqcsEykAlu1NHsDk/dRX3Osm2pYyffhaeDpK104AcDJ7lWMVvo4mBjYGYbx5UveD8hg/lL9VOGI8ZUql6TuVQ//AHmTSDzlbgsZGAGgDHoEzxSB9lAPlkvxM1D0RA1wMzgR7FWVN0zaYN9BJ+6sH1IbthAkqGt4KspTlL8gkdFQQ4DIzt7o2qCLYYCrJKvB2QZK8D6ihkskayW7qprc7hRZKxoP3VRNdYm4GVCnu0RAAJJVBqCLmoqWOwVClrmgjKp5a1792lx+yjvFVIfJqP5qBRxEu5LmwDZu6h1F3k4yVANFWvH4gkLFcJuCSoFuHy3LUPOSVDNUxzicKwb0zVYHjgo7OnmRnLwVRecFR8wMYa0klADpnOwInfotKy2U8fLE/wABgGMY/JWV8m0zXylRLjDCEWOxVTyNeAFofk5iCY2J4t9SBxyglLaA7MlRFY4owPFx+SkxUFBF/wALDvVWYoXAfzQUM0zgdgEJOwAAAxGMeiX++Eb/AEp66A52wBKvBYHQSQXcpxdoHCOKGpechqKy1VD8ZGVRT4IPzITC4FXDbEdi6NSmWaFrRr0ghXgHc2ZoRuJwAVJho6h3DditA6moqYAkNd9lHmu1spR/SiSyWotkCO2TuI1DYqQ22QxjP6hV9f1fSwbRO7Kiqusnyn+SSfzRqGAlDJr3GmpR5jpVbU3i305y6oAIWOfX3a6z6PFcGuU2n6XneRJXP8vO6IdCEY8tkqs6z1OMUDXOHAKr3zXq5EuihIB9Sp7aex2x2rAc8e2cora+tuI+Xt9E6Nh/G4YBUDbSK9liZgSXKqbvuQiD5WD+XbWlx7kBWtN02+VwfX1Jwfupr4rZbcBjASO+FAHLPBV0dur60YqiGxd2qc+GltzANQaB2HdQbh1A8AiMaQFnaq9vqXaWu1lQpV5eWXtd1DFTeWN6ztf1FJU+WN+T6LkFrrrhIXOYQPf09lc0XTVNT/zJmNc4+oUG7ow7Muyhu12foaHAd1f2/pumpYmGZoc8cZHCug+np26WgNxtsFGkq3OGGhQF2N8ROjEQGTsEGWqD9oxkhML5Hu8zspri1hGVC0m+Rjvm5jpd5W/dNEFNAQ52Mn1Qp7hg6IDn1UKSd8jv5js+ygaRMqatoGmMlV7nOc7Z5yeBlBr7lR26LXVSaSeB3KoX1N7v+YbPSughPNQ/Y49lBsUvZZXC+UtuiPjyl0/aFpy5yhxQXnqNpNWGUNE7cRgYlP8A0VvbOk6C3MZLLmoqAN5JfMcqz8P+kKBSlFdArZb6a2QinpWaWY9eUct3O6TQ5OLXDsoIlLIzT7pObobrccD1K5PNDSwuqKl2iNvJKyVfcrr1RKbbQ/ybcCWvm75HOFAq4bnl9AL/ANY1NRUts/S8bpqxx0l4+hn3KsOn+mqe0sbVVL3TV7hmSQuyPsFItFgobMw/KsBkcMF+Nyp0krmbN3Kg+bj1FDXty45TcwQccphFXM4dmo7aeBuHP57onLIAxofJ9Dcj1RGU5bu5cdURxDTGgyVT5Bgqm8kJHiMj7oMtY140xk/qorpC4keiY1uM75yqIELtRySuEjCDk+pSyfUqEE76ikDg5XElCBtWBwgulyk6XI3UVz1AorIV0g3UR82xXHSZJwgaiSoM6E55zwhDlGwCOE3w98qg4SxwIcLqWMLhcArGHHvz2QpHjCT5AFEe45UCSHOI3QsFdBOU7bHuoGMSSPKShZ+jqz3XNiN86fmhh2qIf5sLhyHD0WhSIyMEZBX4nP3aUPSN7/jlhpbiTl8jf5uefE/EraRodhY63D/Zbqma0Hy0dyHzFO3s1x5aP3WyBJ7KE/uRnt2XlvX7ajo3qqy/EW3NLWwSto64D6TAf6v3XrD26gqLqjp+DqOw1llmA01TCw5Vp4KfRuaYCaFsn9Qynlq87+CF7qKjpGTp+46jX2CY0Mpdy6Mf3Z/QH9F6CDnKpmKw6kkkoCNc3UQvEbrHL8LvjSLk3+XYuti2OpcB5YqsZw7/AMROF7gsV8W+jm9bdGVdriGa2MePQu7tnbu3CdCW1hPo1g3AK6CQDhYn4T9Zv626QpbhUjTW07flq1hO7ahmz8/stsBvnKdn2ZrF6RneomPt89Nf42f9lcRVuB/4B7474P8AmviD+3b8IjYeqKH4s2eDNB1E3wKt7G+U1bR5Xf8AjjP7L79qYGTwvhlAcyRpa4HuCvOuuOgaT4nfDu+fC6+EGZtL/u8rxxyYZMnjBA9V6LwHkpaPUwlH0ee814+Gt0sq5e//AFPymp5sEDKs6WUkgKru9suPTF/renLvTugr7dO6nqYnfgkaSCFNppDpG3Zfe9DqYaiCnE+A6vSTom4S7LnZ7MkhRJ2GIawE6CQnSi1EeuPT6rYzBJ44H0knH2U/XkDZU0TzG4A7K1p5A4BFGQm1BwcpzPqCa1EaMFaEsmcIOF1cHC6rDEknpKFZEkkkoCMT0k5QFLIzAXRykkOVCIIOEZBHCMoACSRVx/0lQgBJPc0k5ATFBo9cLQTkrqSAEBNCHMLTvlRrNcJ+n7k18jneFqzkH3U93BUCti+YhIx5mbhYtVUpxwbdBrZ6G5WRPoSyV9HebZGW4LZG5afustdba6jrZIyPKTkLI/Cvql8VYbZUv2OAzPsvVrxQCupm1UX1NG+O687tdLwz7ZotRDy+njbHh45MBJE6GXDtgVRdV9Nm5UfzFMB4rPNjHK29dbTLTlzRhzN1WRHUwseNxsQtlV20y67xytrdcujxFw0u0u2I7J61XXXTrqSYXKBo8J5wQBwVj45MHSujVapnzTyWilordj6JK6BhNY7UeFIjAI4W2COY3gjuYM6u6n2e4GjqGtd9LjgqPI1w5HCFp75TMYAm9ywau6UcVXF4mkHIyCFmSzwnujdsRsrex3Fzj8pUOyPw5T71aDK3xoBuN9u6gqKcOWVMJDSD+4Xpfw+6oLj/AAyR5w3gOPb2Xl0b3sOh43CnUNZNRVDZ4SWnO/uEyEsMXqaYaiGJI+iSc+b1XFQdG9RR3mkFPLIDJG3nuFonMI52W2MsnlLqnVNxBgHKKz6Qk0DOU5NQoYnjZMT0ZDk0TJo3RyNDmuGCFmKSSp6bubmTZfRz+VmPw7rVqFdaGOsg8JzdwDgpUo5Gb1jBYxPbIwPaQQ4AjCPq9lnLFXOhd/Dah2XsG32Wh1ZVYEz4CJJiSMoekkkoAJJJJQglBuluhulBNQTtDmSjHG4PqFOXTs1DNZQ2qx1S3I+cLza57PXyW+pGJI+dtvyVNWRB7Qcbgr2n4k9Lsr6d12po8zRt3x3AXkD2ZwXBZJw3M9V4/Uq2OX2Uk8ekgO2wq2pbJSyipjd37dle3CnL/wCawYAVaGtkBY8ZBWOyOHg7dU8o0Npq219K2UcgYcPdTW7EbrF2+rlttbiJ50E4IPC2rMPaHj8Qyqh93Zi1NbhJv0Pe0PbwoMkRackcqe3dMqaf+XnCYZFLkrk7fOU08pypPDHvlcm56GvksOKYv4PB9F6hBU5AOF4JbKt1JVskBwM7r1fp26fNQhj36jjIWqLOD5DTf1oH8SaKc0kHUtvZoqrd9crTvo+yJ1dT13VvStr64sjy+62f+cdGxy3BkH7Od+3utJpbLSyU0jQ5kw0ua4ZBCxvw2q39NdT1nQ1e7FNXZ8Au4Dh9B99iR+aIRRLbFOP5R5/6e0fUXwp65p/iH0TQdQwEeK4eDUNByWytA1f5rZsIzsvlf4X3qf4RfFmToeWcix3/APn0ZcMNjl9P9OfRfUEbjqRp/vs895CiNN2YfjLlf/v/AJLCN22MIw3yoTHbKTG/fhC+TEFSXARhdQECp6jow5UBawFSXAey6oEOSSSUIJJJJQgkkklCCSSSUIJdBwuJKEEkQHAgjlJJQhW1FO+nky3dp4TfFBxtgqymaHYBGR6KsqaZ8b8jgnZGWhlTTQ1kDoJmhzHDBysQ75jo+4mOZrpKKoOGu/oK2zX42Kj3W2093oZaKdgcHjYnsVFyMRFhrYp8GNwIIypsbeHLzumuFZ03czZ7iTpaf5bz6dgt1R1PjxNdkOGNlbWAmizaTghV9xtorY8tdpkZu1/Ba77qVG/I4RW91QJUW67Tsd8jcovDnb5W+sp/qHsrcHPIwod0tEd0hHn8OWPeOQctP39FDtN2kErrZdB4dTHs15+mVvZwPdQhdAnOE8Y2Q89l0E5UIH+yWAeQCPQrgPZdUIZu522ptVS652zVJG8/zKcdvUhTaCthroRLEfZze7T6FW4aHHB7rP3y01tvk/ilnI08ywgbOHr91aeCFmkBk4Ua3XCO4Q+I0aS3ZwPYqYD3R4IVHVHSlu6rtpt9wDm4OuKVmz4n9nArA0NzufS1e3p3q1pa6Q4pKvHlqvfPY8be69ZafUKF1DYbZ1HbH2q6QeJDJ29PdG0GeP8AxP8AhnRdZ0JqqZgiuMIyyRowXexXhlFdrl03cP4Ne4X4Y7S4HbI9QV9HMqLt0bcGWHqSd9Vb5XaaG4kYAPeJ/o4bLPfFn4bRdUUz7tapImVQ5ONiQNsn80i2pTPR+A89d4q1LP2mQst4NK9lZRyB8TwNTRwR6FbmkrYa2Fs8Lsg8juF4XZrlNbJH0pYdUDtErHbb+n7L0Ppi8tDXTQ4fG4DUzOMFea8h42X+5A/Tf0X9WxSjRZLMWblrw0jITsggEIMD4qum+YidkjlvomiUM2dyvP4ecH15WRniUWef/FXoClv1ukuNFTgVcYJIaMal80V9FNSVDoJ4ixzTggjuvtpwDxjY/deK/F34ePlc672+Fur6ntaOUyE8HkfqLwq1MXfX37PAZY9WxUR8bojraN1b1dO6CQtc0jPYqFNFqGO61Rlk+XX0OuW0bR1TnyeHIVNkYCPKcqpMZY4uaMZU+iqPEb4R5aMp+cgxlxhiLMIJAB2GMqwEWoIEsXYhVgNx/RGXGktOpp3TiDnhNHCRY8Argt7bWvfiGQ8d1Y6STsVn6dxilEgV/STRzN1Nd+XolZOro7c/azjmg42QiwYUp8e+xQmxl3dTg6Hxojad8YTsDSi+H/h/dMSXLkF146BFpzwmFpwpWG/0/umFgcDgKOWULlHBDLPdBkZjupL2uaTshPOrbGMIEsinwdo6p0MrQeFoqaZsrMghZfGDlTqGsLSGuJwiwPqs28F4QM7cLgaDyE2F4cBkp790Mo46OhCe5ZE5KGRzHjCTjvhNIygRpi8GjtlYSADhXUTg9nKxlHMYpWtzsVpKKqaABnKs3ae7PBKeXBwIR4JSeSmktkGUDOkpeEzowlgtqeoJIB4U14BaCFS08mCFZ09QNOkpbNtcsg5GkOOyPSzup5mva7bOCF14B3UYtIJ7JMoZNG7a8o1wf8xThwPbdUNfTGMHy7I9mrjG8wSuy0jbKsaymFRA4sxk8FLwa4/fHJltxkIFTEHxnA3VhU0ro9sboTWHIyEt8guP7KbU6M6fRGjmBx2R62kGTJEPuFXiNwPuEqcAFlGs6d6hlt8zQX+Tj7hejUtVBcYBNA7kbj0XicUxZsVrumepRA9sLnaSPU7Fc+6rd0dbS6lJbWei0tRU2+cVMBIwdx6re2O+QXGEAuAeBuFgrZVQ17MuIyRypDfmLZUCeAkNzuAudbWdauzJ6e13siA5VDZL3DcIg0uAeOVdNcsNkDUmmSEzwxnOUmn2XdXsszQzJyKV0bh3VjFUBwA2VaQuQyua/BHCVKORUo5LgOzumuCFA8PGcqS0ZzukzWRUvtGROIOCjIcjAMEJzDsAs74Bf7HLrOVxOaMH7q0UwrV1NanIGhTQ5JJJAAJJJJQg9Nc7T2TkOobrjLPUYVpZZSCRyNkGppyPVPWZoKyst9wNFV/3b/oPYrSt4RtYAbwdSSSVFCSSSUDEqW+0ZewVUTfNGc7K6XHAEbjKcuy08Gfo635iAeo2IXKloOAAgXWnNsq21VM3Ecpw9udlJ2kYCDyMrTCY5P0V8sWdiNl558ROlhUQuroGjI3yAvTZI/bKg1FLHMx0EzA5j8ggrpae3aDKO4+XKuBzHlmNwcK96Svr7dVRtLzjOMKw6+6cfZbrJ5f5bnEt+xWMe50c+phII3XXqnvMe502YPoizXWK5wAtcC4BWgGF4x0Z1LPFK0CTcYyM8hex007K6jZUMIyRvhMlDCOjTepkpNPlIxumMcdOHb4RMjUMrJJYN8J4DNBwkiNHlQiDlLGp5OpJJIBgl0bLiSMhyQDAwFV11IJmkY3KtyMoYaAMkZT6puPIixJrBga5hjmLOMLN9WWiLqCyT0EjRrIzGT2cvTbrZ6euy+IBjuxWSr7dLSuLHDUPVdzRapweTyPmNBK1OMej5qjbLQzyUszcPicWkFXttqWvIjJAwMjdWvxR6dFDUMvtLCAJjpmLR6cf5lZGhqwHDAzhfSdDqoXwTifFPJaWeg1DjL2aNzpIJRNG7Sc8hej9IXh1RCIZZdTgNl5vkSRYznZTen7lLRVbGuccZ9Vqur3o1eK10tNasdHtcf8ANiId6FPs1XNQ1DIozgE7qrtVybV0rZG4zjBU5h8xIG+VwNXThn1TSamM4qUWbeOQOGod+6I04JVdbZw+ma07lWIfgkYXIshyeionvjyVF5pzFIKmIEO7EK4oZhU0scwOSRv90yeBs8LoyM57qFYZHxmajft4bsrOzRH7WXQ2SSSWezk0psSSSSAISSSSgY1cPC6uZCZXkWwJBzlAcNlKOEJ/BTmLZDkG+y43snuCETgqysoLk8JJmcpKFYHrh4SauPGcKExyMPK4dl1JQIDr9Qq+7NLqQ6W5LDqVg7DUGsjbNTviI+tpCYo+xRBgdrjY7OcjKcotqcXUug8xEx/opSYKfYlzGV1JQoYmntlOTTwFaFy6KiXMc7wR9RyFzGEW4xls8dRjy40lMJHICbExzXJBuUeuAuHIWelGoFp7LT1JMkZZjlZisYY6hw4C0weDmamPAqOFr5NHGyqKi2xyy1EUg5GQVcxgxESgcKJVDE5cBynJnJtpU+DzSrppbddmhmWkO2PsvQKR8dXSRTA5dgB33CzPVFDJHUNqyMtdsD6Kw6Yne6N0Tnbcq0cTTV/BbKv9mihJ8bwkO4RZY8Ecp8QxUMKfc3YbkDkJsXymarY5WDw/qil0XE6e7nLO1gIABWr6saW15J/qcszWgkjC9Fp/9pH57+pq1Xr7H/cFCPKMIVUeykxA6RlRarlNayecjIFTN/mB2FbwMxp2VbSMy7JCuacDTwrrWCrZCDRjhBlGAjoExWp9Cl2QKMZq/wAyrW4uLaUj2VZbG6qs7dyrG748AAJK4LbamolJStPiFRL3Ppicz0VhTgavyVBfJjl4wseo6N+nWZJFC5xcdyn0zSXjZDbypVM0ZGy59Sc5cnUfCJ9O3Ddip1OwndRoGehVlSx9yuzplhGScssvqCF0jI42Dd2Fe3B4oLW9seA7SRn3UWxQtDRK4fSNlT9UXTx5xSxuw2Mb/dbJNRQSlhGekcXuc5xyTlBPKKXZzk7oR5WaTyxeW2OJGEItJK6CcogbkcIG8Bo6xuTupUcfBIQY2EHKlRsLgN0xLdgbGWA0TdwAp8EWrGyBTwkkbcq2o6XQAStEIhdhKaABuS1Nq5S0+E0/dGnmETQAFCLi9+o8lbaq2zBqrv6ULfuiAZ7po4TVoXHRzZLIbJXEJcJwETaRQfZu+VCrbhHTNy7n7plfcY6SPW879hnlZiSeavqcyHY8LLdd6Rqrp3LLC1VVPV1PiFxI7eyPTQeFhxGT91yKBsZ8ybU1LWN0jdYpW45Y5Rxwg1XWMhi9SdgAqzU6clx7rj3mZwJCKw4H04SZWbuBqWOx0YDWgZ4Q5psDASe7BwodTNkbLLZZgZCOWMqJzn7qESXEldfIS7dFgaQQSFjsm5vBpSUUKKJziDhWUEeACQuQRDAJGwUoYwMBVGOBdlmeBAYCR4TsjCDI4AEo3wK7ByS4yFEklLtl2V5LtkMgk8Jc5N8DoxGglxKJHEdXGMp8cJdvhS4ocY2UhHJU5pDYacYB0/upsUW42wnww8YClsjwQtkIGOywZHFp4b+6O1oGCnZAGMJmcnCcoGVybCkAgdsJrIpJzhrdu6KyjllIxsCrGNscMYDW8JkYjoQ3AqWgii87mgH0KlGXRhoGUF0hdsBhBfIGcnlH0bYVf8qJMlQA3OwUR3zNYPDhHPJXIqSouE7Q3aAbklX0NPFBgRtxhDOWFwbqNM5PMiHarQylPizYe4q0azJ24XQCVIhjwckLK3k7em00V0PhhyMuCOGtaOQEmYLeMJ1JRvr6ltPH9R/yWeXJ2tNTJtRiTLPZprxUgNGIWHLneq9BpaeGkgbBAwNawY2QLZb47fTNgiaBsM+5U1u2UqUkkev0Wj+GPPZwSY7IFRNkAYRJDpb+SiBxzkhJTyzrQgksnWEuOSER5wutAA2THuDWkpiLnLCBvlABJVXV1TnZa3CJW1HPb3VU+QuyeUSWTl6m4I+XTvnKCXGQ5Qi7zblFbnGy0wjg4uo1GeAsQ0knCO12Ao+rScYSdKSMgJsY5ZhttDPq/ZR56prAA5wGrj7qur68RDyjf0WUu90nqWPgc7bjC3U6bPLPL+S+oIVJ1UfmSeoOrXAmko24JzqeHdlG6T+H166wuDaqujDaFx2c841LT9DfC2e7ysr75CWQMw5sbtw7/mHdez0kNDamlkIDGkABoHotUYKPB8z8n5iU5NJ5k/ZU0FltHSltZBFC0CMYaPU+ytrPZZpahlyuOxG7IC3Znpn39lJorNLW1AuFcAQP7uM9h64VyyDG2MK20eVu1EpvL5OOaCdgF1rPUIvh4TyAMYG6U3gV8mWCDQBwmPacHQMkqQ2CWV4bowPVSW0MbMEFVkFywVAo6mZ42DW+ql01rpoyHOYHO9cKycxrW6So73iNpKmSvkOnTGAedKqrneqWnjIY7MnZvK7XXPQC2B2pztgFXwULC9tTUt1P5J9VM+w85IdPQVVyqP4hcT5PwRngBdrqmFpdS05BxtkJ1yvTXSfI0v1EYLh2Va4RWumNZWPAZy4nlKskeg8P496ixTtX2+l+2J8ZDC+T6QOVnqi7PqaoUlvJcDkGQjytUWoudf1JMW0sz4aHJBHBKsaOjio4vChGw5PclZLJ5PtnifH/AAwUprH9v0DgodDjLNiSQ8kDZHZpbsd/ZDqKswA4cGjvlVZnq7q8Q20O83/Fxs1K5Z6SMlHon112pLfGTO/Dvwt9VVQ2i9dQTCWcCGlduGZ7K9tnSNPE8T1zTUTerzlv6LTxwNjja0NAA9FA/n9FRZ+mrba2fy4Guf8A1EK00o2ny6huFV3PqC12yHVNMHyDmJu7iihBzeEZr9RXRD5LJJInBuRkHIUWrr6Kj/7TMGLJVfVF3u2aenjFLTDgt2cQq/5IufqnqJZj6PcSFqr0r7keM8p9caXS5jp/vf8A5F3cOqnl5ZbyWgfiPdUsoqqt3iTzOcXHPOykR0QOCWgKwiog1o8oH5rfCqMVwfNfIfUOr8k38smk/SKdluJ5YpcFvAIIG6t4qZp2DcKVBRDVxhEljo4rtwVQoXHALVPprcAQcYVrFbXyY8NmVY09gq6ggeHgKspCZ3FF8lGzGApTKaaXDYmrUU/SbAGvkcM+itqW0U1O3YZIUdsfRnneYmCwVcpGQcH2VvS9NRxkGVuCtQIAzhoAXTBrGCOEG8XKxyKeKzUzQAGZwpQoWRtDQ0YCkzT0lFGZqyojhjHJcVTP6uoamo+Ts1FV3CQfijiIj/U4QbmDuZZxQAnYAIVZUW+gYJq2rjhac41HnHohHp3qu7Fr562OhhdzHGBrA+5Cs6HoOxUTxUSw/MT7anzeYlVKWAt0fZnnX6WsAbYrNVV/o9uGx/8AmP8A0RR011jeWB1VWR24OGS2HzEexO2VuQyCmGImAeqb8weAEtTyLc/0Zeh+HFvp3CavrJqqTv4jsj8lexUNBb2BlNTxtxsMNGSjulc87oLg52Mg7K5MFyyF8c47pjhqXHPa0ZJGyhzXWliyC7dTn2DyyYXAd0KWXAzjhVFTe4Pwu3+6guuE8uwOx43UD2+2XclTp54QJa6Bo+tVRFXKQ1oO/upMNjuM27Yyc+qvcihstyizjcoMlYXDYZV3B0pKWtdM9mTyMcKwi6ZoWAF7clD8hDIGaSU4aw/knttlZUD6C0FbintFDTHLIQT7hF8Jg4aB+SCVuCZwYVnTVSTk759lIj6UB3czHutl4bfQJgCjuKUsmXi6bp4x5m/spTLNSwkHQCrrQM4O64YgDnCvOeSbmVjrdSgf3eMJohazZjVbeBE4eZuUtNNFg+HuoTcyo+UqJCMRrgs88hGpwaB6hXInmG1PGMIUgr5Bgs/RQtyyV7bNE3+8kaU5lBbo+QCQpfgSAfzCQPugPNNFnXOB+ShXLASxwMP8pgQJGF3snVN1tlPzOCR2VbL1VbWHAOVAsE51P4mMhcNAzuqOp6teM/LRbeqgSdRXKY7OA+yg2Mcmq+SpWfUBj3QzNbYMODmrIy3Ovk/vJ+VBmrAzLpZdz7olEuNf7NxJfLbEP7wKJJ1RTx/3LlgZ73Tx6g06z7bqKK651X/ZaKZwz/SiwHtx2b6o6wxsHYVNUdWVLnO0yOP5qnisN9q2NeSxmr8J5CtKTot7g11VUNJ7hGoEiorsg1PU1XK7HiOH5qERX1jssZK8n04Wwpum7LRnXU6dXqVyS822kcYaKMSOHADQrSSC3pGapemrlWPHix6GerlbU1htdtOaidoPdT/mL/cwGU7GQMHJaMEqRS9Mtd/NrJS953OSjAlJS5RWPraaJxjtdG2YjguHJT46C83Fo8eTSD+Bp4V62koqJoaWsaANtlGmvUdKcRN29UBIy3vAOn6ZtlIBNVuDnAcO3UiS50VPF4cMY8u2wWeu3UcIaZZH5d/TqWfmv9RXRuit0Bc88j80Iah+zT3C9OfuJNICzlXd5ah5ZROdK7uiUnTdZWhv8XqXRsIzpY5XVLSW60RFlNEMjYHG5KgWYx6M/DaL1cj/ALwBCw+qvKGw2u2sDnFrnjkkZR/nKicYyGj0CZ5icuOVCnLPRJfUxAYgA29Aocz55tjJt6Io0jhM1YBOOFAHz2RnMcSAV1waG77YQqqvhg/vHBv5rNV/VLWymJj9YHYKBxgX89VHH5WHJUGWeWXl23oFTMvE8u8VBM8nvjZFMd6qwBIWU0Z/o+pQ0RikSa24UdDFrqH4PYDkqofcLtdG+FaKMRj/AL6YbqxounKSOUzTF87z/wB4chXUdM2MBrAGj0HZQqUlHooLd0o2JwqrjMKyc7nxTlrfsFdRxiMBrQGgdhwiFhJwN0aGIg77qCpTb7ONDsbroi3zp/dSBEOcLobtwoWR9DRjsodwucNKDDC0yTjhoGyl1bmMA1OVRNV07XEwM847lQtIrX0VXcJHVF3l1Rkf3H4MfZSxURgaKfBx6dlHqZKip2MmG+ydTtZGAA3ZQYuhxFRI7JlcwegT8aANTs+65rCaXZUDCeOBs05Q3TOcMFDPKYoQ6Sc5SyVxJQgkkklCAkklwkYUIOMpIxhC1eyY6QAlDL85CgUY5HvcBtqCivO3PKa8kuzkpricBQZ0cJOeVxJJQoekkmOeAFC0snXuAGyhySEJ8km6jSPz2VD1HInPc7lNSSVh9DUs9kklAxJJJKEP0aSSjIkibI3BB9Cu4wvxOfu1r0Zzre2OrLdHcKUYrLc8TxP9AOys7Vco7pRRVcYGHtBOOx9FOexsjSxwBDhggrIdPyGzX+qsErtMMpMsOfU9lCLpRNWo45UhR1CMwkkknRnxVobm3+XbOoYxR1GOBOPoP55K9eDRwvO+v+nj1D01U0kW1SweLTPHLZW7jC0vQfUMXVXStvuwGKl0QjqG92yN2KhkuWWX6SSSgoYmHzc9kZMO6uLwyHibP/yafGxkAHhWXrdvif4Y60c/+bP7L2VrsduVi/jD0Y/rLoiro6Dy3WkLau3PHInZktA9Ef4WdYN616KoLxJtVtb8vWxnYxzs2e0j7p+7d0A1k2JKoL819BUwXyFpcIv5VW3+qnPP6E5V/lCqYGTxujkaC1wLSPUHsnaex1y3Ga6rfHafCf8A+EG+Df8ACL7QfGGyxD+H3Zopbm9jdm1DW5ZIT31sx/5Cvkq2TF48F5Gpi/XDqbom3/En4c374SdRF2Wwlsb2uw9jHN1U9QDx5XDj91+TXUvTF16I6puHTV2jdHV2yofTTAjHnacEf5br699JeU3RVc3z6PkP1b4nZN3wXHsmxEZBBU+MAgbqjp5Q5zTlXFP9K+jQnuR84tjh5BVDC14x6qTRygENPKbNHrGR2UeHMcwcTwmIQ/uRdjfdEaclAicHAYUhn0haISwjK1geOERMT0RGJJJJQFvAkk5JQpLIkkklAhJJJKEHM+oKQCMcqKnNJ1DcqFNBklxv0hdUFnC0E5IQ0VCUIMSSSUGjyMjCDgIyElSWQStq430cza6jcY3tOfKvcfhp1b/HKAU9W9rngAHK8ckaHjBTenLtU9L3ZkhJMDnZ2PGSuTr9HvSnF9HtPpTz38DUKFz+18Hv9bbvla805Hkm3asjc6R9vrnZaQ1xXoFNVQ9T2KG5UrwJoACcbnhRb1Zm320tfTgCoi3IPf2XD+RxeD7DdplZHKMLU0dNX0roJ2B7HjgryDqix/wa4PbG0iMnyr2SjY8F0Egw5hwQfVQ7901TXqndFKwB+NnLbp9RtZ5XzXh3rKGor7l0eJMI7KVA8NcEO6WyW0V0lLLnyOI3UfXuDldqq3ej5dfROibrsWGi2dG2VoLVGIwcIlHMMaSpE1KHNDm91pTMe7ayvdrY4OYSHDgrS2i5iphEU5Bdws9K3HJQ4JZKeTWw4Rg2fdHBa3e2vp5TUxjLDvsoLZRK0BuzhyFoKSYV9IY3nJI2VBWUctDOXY8hUXYtNrsuumb/ACWe4RzEnRw4Be4W65xV9LHUxEEPaDz7L50Dg4B7Str0J1Y63zfJ1khMbsNBzx7rXXPBzNfpHP8A1IHr6Sawtc0FpyCnLQuThdD05NTkZTEThOLQ7kJpGU7T7oexWXnJUXahDgKunBZKzfIVhbqt00LBLs8DBRyAeRlQfAdFP4jRgeipIJvJcAZHKWn3QIZw/spDTlGCdSSSUBEkkkoQSa1OTWqpdEQORodjK8L656dd09dDEwDwJnOfER+4/LK93We6x6eZfrPJGB/OgzLEf8QCTJHT0epdM0jwORmoYPCpauF0EpwPK7cLRzQPikdFK0tewlrgRjdQaymbLE7y5KyWxy+D1dNyxlGcqGam628jdXHTt1keRRzuyPwk8hV0jPDdocMFRDrgm1xkjG4WVycejTLF0cM9EEeN0njy4yoFnrhW0jHk5eBh33U5+DjdEnuOTOHxywV07PDO3CGplRGCwjuVDxpJaUbQxy3II3utX0fdnQyiJ79wcLKNRYZnwSNljcQWpkXgRbBWR2nutHVl7A7Y53Wa+JVokfSwdRW0aaikIcXN5IC70zeWVVHE4v3xgrUiOOvopKOUBzZGnAKdn2cWS/jTy0VvUFNH8T/hlD1Rbxi62rMupvLZIsa2/nkFe7fBfr6m6/6DoLsJw+siYIKtuMFsjRjP57r5x+Fd0qehevqjpKtm02+5uMcYcNg47Rj8x5T+vstV0ZWN+DvxifZWao7H1S50kYJ2jkDjj9wD+SLpKb69i9XpoWxdUf8A+aP+PaPqVj89kZrvZQI3k4y3lSWPznZMf9jy5LjcfVSFCYQCN0ccICElOQk9Qg8HsiAjCEugqECpLgK6oQckkkgAEkkkoQSSSShBJJJKEEkkkoQegyU/ijTlGXWoyFHUwuikIA29UNkhzhXctO2ZhaG7qiqWy0smh7NvVQMo+uum/wDaG0menDW1dKfEYRsX47ZWN6H6uc53yNXIQ5h04dyF6iyTIx6ryf4tdKVFqkHWtjiLWtcPnGt2Ab/VhGPr+6W1nqEbw4ZHBUlrj3C87+HvWRvFGyOSTUWYGTzhegtnBA2VNYKsjslgksd7KHdrLT3WNuoaJot4nt2IP/RSGu9kZrvZCLKW3V8tO80F4zFODhrjw/7K3B1EgdlHuVshukPhSktcN2PHLT6quttfNQ1H8LuwxLxFNw2RvbPuoQvQeyO0jSNwoycCcqECJwy84JTBwnA4OVCFLeLNNTSfxa1HEjd5YPwSDvt/UjW64wXGESRjQ8bPjOxafTCuDvjPZVldZsz/AD1vcIpRu5vZ6NEJMfdFUKiqvHZ5hokGzoyfMPy9FMByoyEW5UFHdqN9vuFLHUQS/W14zledSUdx6BrRRXF7qmxyeWKqcNomnjxD7b+ZemrtXT09ZTyUlVA2WKUaXNIzlMYcXg8D+J/wthvjXdS9PBrLgBqkDfpnb/1XkNsuFZa6tzXMdHJG7TLG7ZfSdxtl5+H0xrKWmmuFgnfh0EbdUtH/APxN39sLKfEH4a2rrCkh6q6XEfisBcyWNvlnHdpPfGP3Spw3cHqPBecn4+xRl+P/AKGasl91BtRTnGPqZlado/iY+bpXg7bs7grx2huFVaa91PNBNA9pw+ORuM+uFu7LdcvZW0kpBbyAV5byGgjXNuJ+o/pD6pjqIKm5/wCGaWGoLZBHM0tIPfuj11DBc6V1PO0aXAj7IOumvrC+H+VOwZc3+r3C5R1MkLzS1WzhsCVxJR2SPpkZq1Y9Hzz8TPh/U2u5PmZGPCe0lmB2B5XmdTTGLbHHK+zuobJFfaB1K8hpIOkkZC+auuej6yzV0jXwadJOCBs4eoT4HgvP+F+921nnMse24UaIuglDx67q2qaYjzBqrZmdjthPXR4SymUHyixgqI5BgHdFewPCp4nGJ+VbU1TFI0YO6YXGWSLMzSfpQcgHBVlNCHDYKumhdnZJnHPZUo88Dm7Kbb5zFUNHY8qubtsigkbgoGmh9M9jUjUBwkGW7hda3HKhWitic3wZD5vUqz0E7jgpTO7XZGyKlEA5gOdlFLTnhTiBuhPZkHZIkh2OCNjCWdsEJ7mElN0+6oVKGQTowQcqJI0tdkDlTlHlj1DhWZ7K/wBEX6uAmscYnasZScDG7JC6cSADOCiM+7ksKOt3AJCt2vbKwDOFlmExPBVtTVROA5TGTXRdj7WWWjc7p2gpkRB3R8twFezg6EZ5AsJa4O9FbW+qdkA9lWlp+oBOZMWu+lAaKLNrNZBLqaDnOV2YkHICrLdV7AFWrgJGghAdWqzJynnGcFT4pi0ghVBaWPGOCp0Dg5oCA1wswXMEokbgkZXHMUCmkMbgM8qzGmRgwlPg3QluAwnwzqB3G601vlbU0oBcNQWXkaY3bBS7VWvjqQDsEifDNtUsIta6izl2nhUssRYcYWwmjEjMtb2CoLhT4fgN3SzQ45RUac91DfA3xX+isXtO4UfwXAk4SmKcSsqGeGQQ3CbBUOY7ONwps0GRuMqDJCWnhKnFMkU4vKNv07fahjANWeO69Js94pLowQO8sobg57rwSnqZqZ4MbyB3W1sd5LHMqYJfMORlYLqjpabUPqR6XJTVVnqBU0ziWE5IC2FkvcVfEA52Hjsst01fqS8Q/LVTmtdjAJRKuhqbPU/MU+dGc7cLl3QaOvXZk9Aa5PVTZrvBcYG4diQDDgVag5WGyPsepZCJrmgDhcSGyQwzsU7o3YwrGGUOCr9IxnHASppix+HDZJksip8luDnGychRyNe0b7om6zSi2JfB0cogI4yhrmS0jdUuCmiSkmNcnoBY5JJJEAJJJJQgkiMjCSSjIVt1oHVcIdEcSxnU0rtmrJKmF0cpy+PY+qsHDIVRWwGinFdASwZw8Dg/krBZejHqF1Ron+Ixr88jKkqiCSSSQkGJJJIiEO5UjKynMDu/B9Cs9b530lQ63VDy543bn0Wre3Kouobc19Ma2FpE0W4LeSmwkNhLA924yocrS45A3C7QVZnpmueQXDYojmgb4W+uQb5XBjuvOnP45bi6JgM0bdvdeBXClfTzvhkbhzSWkL6kk8x3C8X+KnSzrbVi707f5FQ4h2B9Ll1dLdtmkzLqIZ5R5xTzS0c4lifpIXq/QvVErgyKSTLHbEei8lnYTwpNnvM9uqAQ4gZ9V2pRUlwZaLvjlg+mA9rm6wRgjISEmp4WR6N6h/ilMIZZPMBtkq/bVaKnwecLJZA7MLtyL2POgZTiBhBgeHRhEWR8M1wk2NPK4uNXUI9PKEmnlOSULksiXM4K6kjFSWRjmeUjlU11pI5osEcHZXbiCCMqHK0c47rZp7NrMt9e9YPOOprAy422eglYCXtOn2K+cK+Oex3qW3THSYnkAkbEL62u1C9zjPGMjuF4f8ZOk2yU7bzRxYkiP8zHcL1/hdd8VmP2fNPqzw8bK/kguUZ+3VInZvtgeqM/MT2yN7HKzXT10jIEL3EO91pnPEkJYBuvexkprKPlMLGnwbTpG8mCbEr8xygAD0K9CpnB+HNOQQCvELbVPhkDHHjcL0/pK8GoBbIQQGrBrtPuW5Hv/pzyG7Fc2by1zeG8ZOy0DHa2h47rIRTk405GVpLfVAxNY7svO3w4Po+kt44LAPDTghVtTDJS3FlXCDofs4D0VhycpskfiYz2XOl2dNPOCU1zSAQdl1R4hgYB4R2pEuByOpJJJQY1JJJWGMTclOTE6DTKY3JSSSTBbeAMjMDnlQ5mlgJxlWLvpP2UR7cBVgVYQ2VJc/TspDX6hnCqKqQ0VbH5f5cx0nfgqyYcqwVIKDuifhQE/JUHCPK4eF1cPCtIsE/lCHKK/lBPCNdFPoqqbTDW1VOHZ1P8X9VLdsFEqGeDdWVAGBIzQfuFLkOojGyYZmDPK4kkoUJDPC6eEMk55VoBkeu3hI53UYcKZOMtIUCM4bp9CmIy28HJGgDUeyzl5Zpe2RuxJwtHMMtVTcomywuBbuDkFaYMwamO5YRDDP8Ad2khAqotUeto3bv91KAIpmg9wnRtY+ExnY+qfk57hhGfulCyvt74w3JA1D7rO2R5paswyAjOy2cTv5roXNw5uVnqilMFxdI5o+rUqUsnJvo2270W8b9D2nlFuYLqdrgPVCLPI144PdSpD4lGBj6U1dgWI8b6zZprs4xuVlaj6gcLbdfQ6asODcZ3WJqDnkL0eleakfAvrSv49bKX9xrPo2Ch1H1qezcKBOQaogLTKODx0Ow9OwbEBWcP0hQacDCsGdkUBdjyNl5Cg1ZIaMKfIMqDUnAyfRMysEXYyzgGsIRry469IOyDZh/vJd6p10OqR2PVJk8jMf6vJDzphJGxIO6x9ynfNM5udgd1p6+XwaUlZOU6iXdysOonjg6OlWHkCWHIU6mjIIUWNpLmjGytYWAY2S9PH7smy18EmkiOwyrmgpfFkazGRlV1MzBBwtNYqVxAnLcAHuurWsdGRcstKzw7VayA4CRw2WCqZHSyue85c45K0HUle+aUsBwANgs2dznKOwkvuGEk91xLIzjKSSFEQ3UmNoaA4hR28hS2O1AABWuxqxgcCNsBTaaPABQII9WD6q1o6cnB0rTXAPP7DUcIzkjhT3ubGwBNjjEbc4wo9TJqIAWuuPIi+1QickeXuyeEw7pA7JLdBcHInN2PLOuXFxyaeMoJPBB+3cqJcqyKjh8SRw42HquV1YKeF0v9O+FkZpqu91Je8kQtOMHusF9+OEaKaHN5l0OdLUXWpMj34aOM8AKdFAyIB3BXYIoadgaxvATJ59Q44WN3e2a288R6Oz1OkEDCgPmfK7JXZHGRyfCwA5wkynuCUcBIm7DITzgBdADQo9U8aRuhcsIi+5gqiUDuoD5C7ISqJHF2AmMd5hssVtmXg1RhhZOMZlysYIwMHCHFGDvhTImYwVUV7FTlnhBmDAGycuDZcJGEfRn5kxkjyO6iSTE7FEkHm05Q3MxgkKNZHRWFkYGlx3CLHFvnCJFHx5VJjhJx6+qBQZcrcHIIQMD1UyOnzg4wuxQZw7T+6lsbp7LTXX7MlluWMZEGAbIuQBwu6hxpTTEX4GcLTGOBEpZ7OO1P3aFMpaRrGiWbAPolBiBgBaMo8Uc1QRkZCIuuEpvCHeJGPJEcrrWEncjdG8CGnaHOGEF0sdR5YjxsrR0KqMcexk8wifoAyjUVve94qJs87BGpKRok8SVurHCn4AQ5Z1qNO49jwGAAMAAHYJwBymRsc4g4UuNoGNkuUsHUpqycibuNQwpLcYwhSEADSEg48+iWzfVDaHdJpwBvnhbjpazMpKUVT48yyjOo9lm+mbK+71ocSPCgIc/P+S9IDGMjaxjcBowFkveD2PidFFx+SQE4C6wZTmnU7hMneGjCxTk2eijBIBO/+ZpxkBNDQRkDCa52p2U/UO6KKyU3hCccNJVbUVDnbADnAR6qp1ZjjO3cqmrKjQMYWmMM8nP1N2xEavnMk/hO20/UEEvGknC4+UPcXEcd1HOqpfhuRENj/iK0Qhg89q9YnwE3c7IUkHb7eiCAG7Z2Qair8M6WnYLbVS5nE1GrUFuk8Ex0oOR6e6qK64u1FkJyByUGqr3SDTG4hv43KFmZ8zKengklkfwGjK6FOnhW90jw/mPqGVmdPU/8sj19xcGlp80h2DW8r0PoX4TxU4jvfUg1Vp8zIS3+79zvv9lcdAfDSntr29Q3mMPrHNBYxw2aPt68Le+AT9LU2clDo+eazyLk3CD/AOoCGFkMPhRNAAHZTbZaRK4VVQzg+UKTb6DYTTt8vZqs9LhsBgDgJErTiNvPIMQY3xgDsl4WOApLWOcdgjfLHYkJbkwZvBCZTyyEBrdlJjo2tw5w3UuGJreydJtgJbll4BAta3GAOEGQ4wjF2kFxUCoqO2EaJ2Onl0ADKqKyeonZohGGHl3cqTIXPdkknKC8sgaS6TQjCwQmwGIh0gxjuqK6335mdtttbtZccSPB+lAv/UM9a91DQyAx8OkHJ9lVNqKS2QmZozN+GMHzPUOt4vSPV3qCi2ybI6gsdMHVU4AG/iP+p2Pf81SulreoJ3yVLTDSsw2OPnX6n27Jr6OpuVSyvuT/ACfghxsFLqq2CjiGvAHYZwslx9o8D4aGjgppZn/6HS2Gjj0xtDWtHZVdVfXseG0vmd6IdQbhe3ilt8btz5iPRaqx9KU1tp2SVMbJKg8kjOFnxjk9ZlVpZ7Ke09O3C6VPzd08kBGdHqtZR26mpGiOmhaxo9BhS44ttOOAuTzUdFC6oraqOCNvJecKk3J4ijPfq4VL7h5jGzSQFCut7tFoa75qqwceVuM6vZZ6s6trbjpislMyHOf51R/o39e6qKe007ZBU1jW1FXw6UjGfy3WiqiTeZI8Z5X6zo06+LTLdL9+iZN1Leb03waWnNJT55xpJH3UX+FxMlErj4j+5dupzI3DYDbsEdlOZCAdlvhGMOkfONd5vW6+ebpvH6XRDZC3IAYFKbTMABLAp9Na5JSCwZwraksYH9+mOaRx5WKJRRU+rDWxjf2U2mtE73DUMNK1VBYGPOI4wc91oaPphzSDLjCX8hmsuMbR2KN5DdIJV5RdK+cOexrQtbBaqSHGGAkeykPibjACF2P0KdzZSQWalgAAbkj2UpkTWjAaAFNMY98d8Kvr7tarcXOmrYwW/wDDz/MP2CBtsBtscKcOPC4+PTgnA++yqXXy/XZvh9PWR7I38VFSMY/8PP7LtP0HcrkWy9S3eSZucugjJaz9FXRXD7A1fVlngnFJTP8Anqk5AipjqOfc9kyCm6vvIcHQQ2eB/ByJZh+uQtjQWGzWiPTQUMbCBgu07n7lFO5OQq+QFvBlKD4d2WGX5m5PmuEw7zuy0fktNBT09MwR08bGNbwGjCIMkFCGx+rhWEFc4g/dNdlw9EOWsp6YZmcNlTXDq2hg8sUu6vsmMlyIS47ocppqZu/lWPq+ramU4pX4ygY6hurdLdTmn0VbUuWWkaSsvNHBnS4H7FU1T1NuWNeiUXRN0nLXyyAZ5BytDQ9DUkeH1Lg498BTdBeyujGPr7jVOHgZIKLHYb1WefwSc+q9HprLbqEgxU7SfcKbpbjDWgD2CCVqfRFJIw1B0PO5rXTyMDu4V1TdH0MQBlw8j2V6BhPO6H5MklLJXQ2i30Z1RwAu9SjCP8kZzfdc0+6XuYAIDCaipqrsgxNc3PdFS45VEA+H7oen3UknG+FFqq+kpG5nma380STZDmn3SI9dlT1fV9pp8tbKXHthVU3Wkj8imgyOxeEe1lmsDQ3dztlGqKuig8zpgsNVdRXWodhsmnPYIIbcak/zcnPujQajk2c/VFrphgSb+2FR1vWzy4sgY4jsVUOthe4Gdv2XXUtJCzXNjA7I9pFFs7UdT3WozofjKrJqm9VJy55IRaqvtNIQHSAH7qtm6jL36KSCRw9QNlByil2Sfkp3DXNIXE/sguFLB/fkZUZx6jr96KE475CmUfQd0r8S185AdzlQJKHshT3ahjOGuB/NQprrVTkMoadzlsaP4eUER/3oB4HoStDBZ7fSRNZFTRt07DDd1Cb1Ho80prN1FciNTRE08nJVlB8PtW9wq5jn0ct+Ig0eVuB9kCpqqSHeeZox2yiyA7W+jP03SdqpmCOOma7HcjcqzhtzKZg/ltjb6gKHWdSQMGijopZHerd8IfgXu6RgvlLIzw0HdG3gJ5ZKnuFsojl84cT2AyoTbtc65+m2WweH/wB5MMKXTdO09OA6bDne6lGopqQBr5QwDtlU3wTDZVDpiStcJbtWPIO+hjsBWVJabbQnxI6cE4xlwyq2v6ttdOJAJtRbwszW9Y1U+1M7A+6HPIbr3G+qbpSUjcbD7DCz9x6qhi/u3j9ViKu63CuAbJUED0BQKajqah2RHK/7DKNFqpR/Iu7l1c55wHKnN0udxlEVO05JxndXVF0mXhstSWjO+MZKvKS001JuxgJ+yEJ7IfiZak6WrJ5mzVzxj03WlpLbR2+NraeDBG5KnlvCdpa0ZKgmU5S7AaS/kJjo2kYICNIdGTpOFW1l2t9FG59VUBnoCoVGLl0STHgeUIRftuMLI3D4h0LJjDbBLUSdg1uQqt9T1ffHkkfLxv7A74UNEaZdyeDWV3UdsoA/x6kAt4x3Wbq+rq6vY5tuZ5P6kaj6Lk0NfXvEh5JduramobdbW4axrceygxKMf7lDR2y6XWPxKuQ49MKyo7BaLe/xZAPEI3LhlSZrs4Esp24H2UEySPk1yu3KheU+iY6aPOmFmAPQYXWvIOSP3TKcg7BmSVMjpJSdTm6cqElJJYGNcBjDUZgcQPRHjo+PL+6mRU4bjyqCJSxyRYqcuAyMKQIWNwnTvjgGSdlWVdyjY06TlwUBScnknyOZFy4bqmr7sWuMcHbkqJNWTVBOXEBQyM91B0YhHVE8hJfJnKYccpJZCg5IbkcY4S7FLb1Q3OyoWOJOdiuJiShBJJJKEEkua2+q45wIwCoQISMcoBIyd00u35Qy7blQg8keqE53O6YXbndMcTpO6odGInOOT5kwkYTCTlcyfVWXnAjykklgqFCXDsuockgaPVQiWTr5eyiySHCZLOQcYQHE+qg+MR7nEnlNSSUDEkkkoQaknJKBjUsFPG6kxQjnHKgMpbT7m+HV7bcLYKSSTMsXqVrS0divHbLVydN9RBpBZG84PoV69TzNnibKw5DgCF+KZRwfva6GJZQ/T7rN9aWx3yrb1TDE1CfEdgbuZ3C0yHUQCphdCeHDBQmZvbJMr7bXRXGhhrInAiVgcfY+iM8YGcrKWTxrFe6mx1BIimJmpznbOTkLUh3lLSoG3kG452I4VD0do6a6vrrPq0wXpvz9OzGwlwA9v7Aq+kOntyqW90sj30dzpsiooJhIxw50nGofmoJmkzfHdJNhf41PHNjGsA4TlDLJYYlwnAyurh3UKASHURkcLxy2EfDT4yVFtd/Ls/Wv+9R7YbFXfib+a9mc3fKwXxi6Nf1X0o6ShJbcrRILjROA3Ekfomxlghuc5T+Qsp8NOr4ut+jqG+huidzfDqI87skbgEH81qgeycpY5QuSyilu7pLRV0vVEDc/KDwKtv8AXTnnP/Lt+q+Sv/whvwZa19u+NdhomhtVimu5Z5i4YAiqHeg/B9izfdfZk8MdRE+CVocx7S1wPcFUostB110jf/hV1HqkjFM+GEa8a6V30vH+JgBXf8Tr5ae5Tiee8voo6qiVcumfjtSO8wy7hXlPKC1o2RviZ8Or38Juvrv0RfInCW31DmRSY8s0WTpe09wQqqjkzg54X3jxWrjqqcxPg3ltJLS3uDL+LEjeUCpi8MawO65TyY2yiyDxW7LpnFk8cDqKoJIaRyrQHIyqKA6JBsreFwcAfRFGXIiyBJSXBwurRHoFD05NTlYCEkjJrlCZFq9k5cx7pDhW1go6kkkqIJJLBSUIMRUJFUAHpiemKEGpJJKBgV0DIIXE5qp9BMDhRauMzAAjg5U5Cc1Z7I5Ra7Np8IOv47RL/DLm4ljv5Tsnt2K9yaIKKp1wSCSmmOprgOPZfJVVEYZW1MBLH53IXv3wr61HUNuFquEoc5owwOPmYfv3C8vrqPhln9n2r6L82vI6d6W1/dHr/BI61sUlurv4nRx6oZfO4DtlVrWsqYRLDuQPMO4Xphp4bhQTWurA1YLWk/svOmQm03aSjkaWtJIGVjhY4s9jbR+jFdcdL011onVUcIE7BnUBuV47PTT0cximaQRnsvp6429jB4rR5X9uy8z646QjlY6spItzkuA7FdfS6v0zxX1D9Oq2p3xX3nmMUhaQc8K2pZBMwAlU0sboXujcCCCj0tSYSDjOPddmuWVk+U30uuW1+iwqqP8AE3hQXQlu2Mq7iLamFuOSoM9O+N5aQtKeRCfICjrJaR4LTkei0TmQ3GmBIBJCzbm74JRqCvkpJgQTpPIzspgqcf0DmhNLOYiDpPCfC/wpGuae6vZYae60+WgauxHIKo5aaWmkMcgwR+6ZCQpTT4Z6p0V1ZHPC2jnk8423K3YIPdfPVuqn0VXHM12MHdex9MdRU9zpmQvfiVgxueVrhPJx9fpIw++JpUhyuah2SDt+E/JyQo4XVwcLqFi8CTXgEbhFSULAQtLXY7KXGRgIJAHC604V5KZJSTGuT1YtiSSSUIJJJJQiGuSzvldIyuafdL9DE8cnlfxN6Y+Xm/jVMzyyu/mADuvPHAluy+i7nQwXGlfS1DA5rxgexXhHUFpktF0mpHsIAcS3bskTWTvaHV/JHazIXSlIPjt31HBVe5oeBkcLSVEQeNPqqCaN0T3BwxpOFgtjg79FmVgdba2SglyHHTncey1rZRNGyRjhhwyFiyMhW9kuAjBpZnDAGQSqrlhhX0Z+9F8Sok8ZDy4DYqY0h3dckjGlPaMSeCE1ETCMOITuQqRbLjpy5GkqxG9/kfx7Feq2S4CZjSCMj3Xh4c6M5B37Ld9GX0Pc2J7sOaAD7+6aujma7T7otou/iZYpJ6OPqSiOmaic1xLRuf8A5hC1d2dH8WvhHHcqABt6temaNwO5nYMYx/ibkfki0skdRAYpGh7HjDmkbELIdCXqp+FfxHmsk8p/hV2d5dWwaCdnZ74zj80ff2vo51cvkr4/KHK/v+0e/wDwR+IcnXnR8E1dJ/7xoT8rVxnkPbtk/dekMdsvmYVbvhB8WYLtGCOn+rJAybBw2Co5/Pcg9uF9KRnIzlNi+MPtHB11Eap/JD8Zcr/7r/oyWJDqHbCmRyBwGFXtx3SZKaSrGo5il8o9iiMRcA5GV1cb9IXVRB6SSSAg8HsiAjCEugqECpLgK6oQckkkoQSSSShBJJJIABJJJKEHpJJIyD4+6HW08dTHocAT2Ke0gAgnlMxnO/KgZmphLRzeHI3DQdj6qZG2lr4DBL5mO+oKwq6WKqjLJBueD6KjLai21IHA9exChabi8o8E64sNf8IOpP4pb3yusdTIS2UknR/hI7L1vpHqakvdvimjna8loOxWhvdit3V9lqrPcmF8M7CC0d184V9Nf/gd1T8lcXSvsVRJilqDuPcH0wjZs41K/wD1j6RZJ7cqS057LOdOX2kvVBHUU87ZNbQditBBIANwgMrTTwyQx2/CFcLfTXOn8GbLXN3ZIOWH1CIN+yKw4OVCikoqyopZvkLoMOG0U/DZR2z7q2Dgc47bLtxpIq2D5aRgOeDjj3Cqo5am1VIt1xaGsAxFMeH+xP8AUoQt8hPUdrgTyUUcKEJCeo6KoQg3G2GY/N0Z8OpZ9Lux9im01aZG6JmaJ27Pb7+oVmolZbmVX8xuWyAbOBwUzBBwdkZwl4mSduFDpanGaaoeBMw4we6lKiDjv34Xnt66UuXS9fUdS9D07nQ1BzXWkHyTH+qP+l3JPOV6FkLhLRyVQcZfs8Q6s6S6f+JlHNd+nahsV4pXOY2SUYaS3/hzBeN0dyufSd+ms94pH0k8TtEkTzlfTXWvQk0tU7q7pORkF6j/AL2OTeKtHcSgLCXyydL/ABktUkEsAoupLcNMkR2ngI/DnuP9MLPqdOr44PX/AE153UeJs+xt1p5xnlf4KG23Bs4ZV0b8PG+AeVo6V1L1JSSQP0w1rANTM/vleJ0l3v3w9vrrF1MxxbqxHMRgOA9Pf2Xp0E7KqOG72mfJO7JG7avYrzGr0MqGnI/U3019TU62pbHwy6oK98MhttxGlzdmPPdV3WXStL1DQPZJG3xGtJa4cq4gbTdT0pY4thuMIy9nf7hQqWrqaGf5GuyHNOGuPdYW9p7pqGohtn0z5Z6gsU9qrZKSZu7ScHGMrMVlLjzD1X1N170VTXuKSpEDWyluQWjGSvnm92h1LPLAWEOYSCPsrjPJ4Hz3hpUSc61wZN0erbT+6VM50L+Ed4EZ9cIExBOQE88e4OLLWCQTN37IdRACM4wolLUEOGytGObKzOEXDCWGVL4Sx3C6RjupdVCT2UXJ9EuawFjA6mlDJAStXSzNkhb9ljnA5BCvLTVgNELzx3Waw3aO3ZLBbOAJyE0sHKlBmeAuOZtwlHZ7WSE5o3UZwwVNeCMqM8HBChTiR0pMFucJxBymncKCZRyQalmTsFHY05wThWEjA7kKDM3S7bZQxW17eUPczOCnwSlr8gfuhxPGMLsjds5UEKbTLinqtQA2UyLJwQ5ZyCoLDhyt6SUSNBzwjOhRfu4LUYwmSNGQQEFriBySis8zUBujLBIpptBG4V/Q1PiNA9llgxzXgjhWNvqzDJknYjBQG2mzBfTN21DfCFTVIY7S9FilbIwbcoE8O4IahOjGXssopA4am7qfTTE4bkKjpZS0YIU+JxBDhvlJlHcbarC2fGHtzjKBG50UgA2906lqQ4aSNynyR53ws8lg6VLNBZ7i+QCCU6scItyptTjIBsVQ2ypEM4eVq2PbVMDwOyUzdCWUZapj8N2CEPww4ZwrW7URz4jQqwc4OyRLKDwR5YxjCgVEON8K2lhLsYGVHliyEIGCmIIyCEejrpKaYPjcRvuPVOqKck5AwohBBwQgsjkqMtrPQLVdWzsbLTyFjxyAcEFep9K9VQXSBtvuIa57RpBd3XztQVk9HMJYn/ceq3NqurXtZUwTBsjdyM4WK7TqR0tPqPTPV6qintVcaihJDD5sdlp7Zcm1sAd+MbOHosn0x1BDeacUdY8NlaMBxU10NXa6rxYckfsQuTdS4ywjqVS3Gua/PZOUGhrI6uEPafN3HopjSufbFpmkcubDddSGySCEhqnNcA7j1VpFK17ARhVEkQIOnYp9HViMeG/P3ylNJi5xLYHK6hxvbINTSn5CzyiKHp6YnoUCPTkJPVJ4FtZHJJqSvJMDkk1JTJMDkGppxPEYzjB9UZJEgSrt00lNUOopiQ07sz/krYOB7hVV3gcWtqIx5oznKkUkwlY14OchE1gmCxSXGnIXUoECkkkiCEkQCMFJJWngsx1yjls12yzanqDq9g4qyBGkHPIVndaGG4Uj6eRoyRlru4KzVFM+J7qGZ5L4xtn0WuqfofFpomyRjlUfVVmjvVlnopGBxLSWexV9nAQXOOcgYXQqs2vIE4KXB8tXOhkoKuWjmBDo3EbqqlZpOwXr/wAVOlQXm9U7MOJ/mADleSztBPovRaa35I5ZxtTF1z4LazdQy2/Q3W5uk7OaV7J07dKa700c736Zi0DUDz918+kluO4Wl6S6nntlS2GWU+ESAMnhMnVuQel1eyajM+iYXHSG5ypLXahlZ+0XIVFOx+sPyOfZW0dQHexKwWQcWehouUuSQlkJo3BTsBZzU54EkuNXVA08iTX8JyShGsgCT2QnZOSVIx29UJwGEdcsPIqyOOSJJGDsR91i+q7I2rp6ikfHqbI0424W4e3dVtfFnfRqXY0epdc9xx/I0KytrB8cXK3y9OX+WllBDQ84Ptlaq3S+PGHNO2MrTfGjo4GEXmhGZQ8gsDePTdef9M3EECNztx2X03xGr/lVHwPzegfjNXKpLhvgv5HGJwe0cFajpm5+BOx+ryu7LMvAejUFSaZ4BO2dl1L47o4Rm0uplRNSie52qshq2NdEVoKaUx6QO6856QujdTWl31LexP8AEbx2XndXpz634rXxtqTXZoqd+uMOzlFIJ3CrbZNkGFxw9u5GVaBwLM44XDtrcWerpluimcZypDXZbwovieyKx+c7JEo5Rpg8DzunJA5TVna5HCSSSQhnDwo2cEqSSOFFPKaiDEkkkTQtrIkFyNkILkaFJfsrL5ROq7fII/7xnnafsg2K4CupPN/eReSQdwQrYrF63WLq9wyRTXMYDe3iqxE/slk1+RnCd9SjNcQd98I8budkyBog8xyO1eyYXArh4QyTnlXgLI5MGxyi4CEoDnJW3caPAmA+mYZ+x2/1RcjsU65wumpntaN8bfdRIHuMTCecK08iGGSS5SRFDEw7p+QmHdWgGCc3J5VdORHKQBsrLSq6pbmU78JiM1vYuQoNS0Oa4EchS8hAqGh7cA8py7MNiyV8TRNC0caRhMjYWSuYDwk13hyujx9kiDHIHYymp5RjnEj1UIFUHju3dVlzh1N8THCup2/jG6g1UeuI7K0ZbK95GjIdStbxgKVGAaPcKC1pAwOynQAmjICYnkx2wwedfESFgjjeG49SvNCcuXq3xCpTLanzDkLyRjuV6PQyzWj4N9fV7Nbt/fJJiwqiUuNfj2VpAd1XAA1+63z6R8/S9FhTjYBTWqLGdKkNd7KuhchPdtwoFccQOIUx7tuFBr3AQOypkJdnbLwHH3TKx2qdwKfbMMps4QKp3n4SpdDH+bZU3ypa2MxjCzwbk8qwubnSzcZwoIzqWKxb2daiO2GQ8EWog4VlBEThRKZnBwrSBrQG7LTp6wbJ54JNLESAMLR6hTW3Dj2zsqigjDt8J9zqy1ppyTsujFbVyAngqK2qkmfqdjf0UHWXZCLUPJcNlGEhzuNkqcslpDsvLsnhPHCQA5RWt3CWMjHJ2OIkjZSo4zuAlDGCNlOp4902tZY7aFo6VxALgrmlhDGg4UeliwAp2Wsj5W2uOQJycVlg5pA0YCg51PyU6olJdgIa1xjg5Wqm2GyNPKEeUkMn1TJS2mYeg1M7YWnVjGE98wa0nt3WUu1xNbP8vGSANjgrBqL0o8GqmtykAra2outSYonFsTTufVS4GNhjDGjYBAgY2Fmlrf8A1T3yYGB3XMdjbyzdj+lDnzEA7dlDdMXE5CI9wPPKEPqS5SyHGKQ+NriQcI7OE2AAjhPyAFCp88I48gDJOMKtq6gk4CNV1AGw2VY5xcd1lttxwMrgwhIdvhGhiJO6FEwk5VrSQjAcWpUU5vIc57VgUMRbglv7qSOOE7ww0ABcwPVMlHBlk8nDwo+XZO6kHhRy05JwrQUDm3qnBjnEH0T4YXOPHKnw0+nkJsY5BlakAhgJx5VMhhIwdJUiGEbHG26lMY0NBAToxwY7LdxHZG0DC6d9sIurBIwuEBpBBzhNjwKznsG2I5yi6suDGDJCdG10rmsDe+FZUtvgp3+I8ZRGmih3y46A01Brw+VuPupNRNBQwF2vfsnVddGBoj5Ve2lnrn78Z5VnSjCEJbKuWCbLU18nhgbHY+wVtTUEVIxrGDJ7lHpaOOnja1jMO7lSBET3UOhptE1LfZ2DjjA2ARRGRg4RI4txspD4wGg4VHVjDAKOMAeic9wa3AIKa+oY0aScIDXFzsgbfdJmPg1nCCiRxdgjlSBGXYa0ZLuyHCzXvjhaPpC3R1deJpG5bFhJsntR1dHp3bNI1XTdsFrtsbdP82XzvP8AkFbtOdinFg7bALhwDzwsFs9x7vSVfFDacdiNv5KDM50h2UudwdtnCiuIaM8pC7NwIN0nB7rk/wBGcrkrgSO2EyaQNbjlaK1yZbXwRH+XUfQZVBLUOkeXO9VNu1aWEQRuwXfUQqxjXSvyNmD6nLdVHKPO+S1cIJpM45rpTpzhvf3Rg0NaA0bBODGgbHZQ6mt0ZZGVuq0zmzx+s8jXVmdjO1NToBA5wqtz5ZHed23onTSOecuK5R0NwulVHQW2lknqXbljB9Le7j7BdOqpVLLPnXlvNy1M9ieIjRFLPI2lpIzJUynTGwDkr2nof4dRdNj+I3cNmuGkHIHlYe4H2UroXoSi6UoxVVmia5ytHjSEbN9GjPGMlaFxlrX6WuLWNP6oZ2fo8brda5twq6G4dI7bfJU+mpdGCRuV2mpdBG3Ks2Ra8Yas1k8nJbxywIaQA0BSI4TyQjxU2dyEfQ0YwEh5yU5gY4ANyiOc0YwEnuAGAOUMDYnKsoKSByUGeVrQDyh1E+OVCdM5+xUSIEnqu2FDcC85RHkHcnGFQ3fqKKgHl37fdMDUWybca6Kgj8SVw42WGu19qbjM7Q5wZ235SrrhUXKYyyOyD9LfRQ2UspPnjx6D1UPQeJ8PZrGtyI0bxCCGtJqSRgDho9VIjbDEfHqGh8vdybWVEVM0Nc7DhwwdvzVRPVTTuDYnEb4SrJ7D674bwdekqz+K9k6uusedMQz7Jtt6brr2fmazyxE8Ht9ld2fo1oPzF2JBZuGY3yr4ltO3SBpb6eiyzm5M9CrIRioVESgt8FuiEULMEd/VTtWlw1nGdt1AqrvTwDLDrcewWfq5q65T6qmfMZ/AE6vTys5OB5T6g0vjMq2WZfpFrderWU7HUtop21Mp/wCKRlg+x7rP/LVdXIam51HivP0sGzGeukds/wCinQ0B4aNlLiontwtlVMaz5X5T6h1HkniTaj+skGKANaGtYMDhHjo3Eg4wFawUGceQAKfT28PLQG5TnJHAlakVEFADgAcq4t1myR4rM5V9aunnOIc2Eb+y1Vu6ejiw+VqU5iZXmVobHISBHFgfZaCj6bjiw+UcrSNooYABG3CT2jAGUh25M8rWyJT0FPA3yRjKJwdylU1lJQxmWrl0NH6qlkvNfc/5dltzg08VE4w0KoyFOTZbTTQ07dU8gjHq7YKlrOqqRsppbbA+vl9Ihlv6rsfSMtY8uvdxnnDtyxryG/kr6htlttkYjoqVjMDGoN3P5q5T2lmTNq6ovUmquqzb4HZ8kBw/8yra1dG2agLZXRmonHMs3mcVfPwTkrmpoGc8KlPJYxkbYxhjQ0DsF3xNWxUeprqekOZ3hoPclZu59f2OkJjic6Z/GG91a5J2a0+YFwOfsq+oraemyJnhqwFT13f7l/u1qpmwxk7Ed1Gg6d6tvU2Z5pXh3OTsjwvYWF7NTXdeWeilLI6jVj2VBP1ncbhN4lDTBrScbDlaG2fCiIMa+vlYXHcjGStXbuk7NbA0QUzHOb3IQznFdEbXo8yp7V1JeptRZM3POeFf2r4Z1NQ5slweQPY4XoEcTGfQ0N+wwieb+o/qku2X9It2NdGfo+hbHb3Aui8Udw7dXEcFLTNaynpmMaOMBF1Z5dlcdh26pSlLhspybOD7Ji6dkxDKOAs5HJJq4d1eSHUlws3PsuePGzZ7gPuVCDklTXDrLp62h7aivY57fwsOVnJfiO6ckWy01cmT5SRgFQvDfRutPvwo89TT0wzNJp7rzue8dYXeQsfK2kjd3YMFC/gNbUnNwuMs4PZziQExV5CUf2a+r60slP5RUayf6d1n6zruuklMdDSgt7OeOUGKxQxADDXY9lIbbAcA6dPphM2EK6e+9R140OqBCw86O6D8hNWHNTM+Q+pPKvm0lFTj+cCMKHVXa0UJyZAPzRKCReCE20PaMeE380dlraxuXvYFV1fW27o6KlDvQuVa64dSXF2qGAAHjAKrCD2L2aKae3UQ1SvYcegVVXdX2+NmIdTnDbATaToq9XBvjTzbu5DlorX8M6CECWueJHHkAKZJ9sTFHqK6VzsUkZajUnT99usoMhdvznOAvUqPpqy20h8FIwu9XDKnBjGfRG0fYK28IisweeUPw1e6UOrSCBvkrR0fSNrogCGZx7LRuPlP2VfPXU9IT4rwM+6pPIMpyl2DZR01OC2GMNH2TfD1HynA9lV1/WNBTOdFCwzO4wFRz3rqS6Yht9MaaLnIGD+qsFxbNdMYacap5Az7rP3HrG10xc2mc6eRu2GhQIOnLhWHXdLhO4ckeIVYNj6bskWpwjLu52yVAoxbK0XHqq8xgRwspojyWjchFpulY2yfMXGZzz6HKi3L4g0VJ/LooskcYWYuHWN6uBcPmNAf6dkzGRsa2zevqLLbGhpdGB9gqis66oad5bSMccfksC+aeTHjTFx+6Y7zEYwT6Kx6hg0Vd1fcqmTWyTAPAVJV1VTUOLppnEn1KJSWq4VePCgytBRdEzz6X1r2tB7BVJZLc4w7Mj4ZldpHmJ/NWND01W1RBbH5T7LbUnTFvoDrYxr3H1CsI42xjDQB9ksB3Z6MvQdJQx4dUsy4K6ZQQUzQIYwMKwc3PKjVdVT0u87w0c7lGBunYA0FLQcZWavXxEs1vLmUxdUSDbDVnKnq3rTqUtgtduNPF2kxjKpvA2vTyfLeD0CsqoKKB009RFGB/WcLHXn4n2Kkd4VDP84/OMQngqub8Oauvd811HdZZnOGSwHj81aUNj6asoa6GjZraMBzhkqk8jcVw/uUr+ouuL3mChoHU8buHu7rtN0LV1EYk6jus0z3b6Wu4WlNwA8sEZaO2EF755PNK8ke6IjsfpYB2+z2S1xhkcLQ7+rG5Up1c2LAjaB6bKvlmjaRrfk+26fHFUVGkMjJB3BULcv2OqbhO8aS/Y+6iN1ybai5W9P0+6Yh1RtjsralslPDjAyR7KASsSMzT2upkP0bFWtHYAPNOFfspmtGGtXXMDRlxwFBbnkrobfTw/RGM/ZE+XLiDpSqbhTQD+8yVV1F9fJljHZAUJ9zLGSWngHneBjsoFZdw0aacqqqql1QcucdkAP1bKBKPOQ01dNIcu3UM5cSUQ7oUpB2UGKKQiRg7hBPKWT6pigQUkY5QySuZPqmKBndR9VxJc1t9VCDyRjlBPJSyfUoahB6SZkLhIwoQdq91wuyMZQyd9iml23KoYoZHF2/KE52WkagU0u32TN/6irGKsTnHJwU1JJQIanJImpvqoQFnHZdc9gHH7pkkjeAMKNJJ3ULxkI6XGdkB0hOQmk43O+VxxyFAoxYJxycri6QcpYKgZxJJJQgkkl3GVCHF0NJTo2anYUtrGsAOlQgBkByCRhSA8MGBumvdq8oGMIPmG5VNpAyjuPsLrC0yNia9gw+DBz64Wn6Avor7e2mkfl8YxuVYXq2MmBcWgh+32XndoqJemupDC92IpHbL8WM/fzxOJ7EnN4UemnbUQtlacgjKkhpwEtnPtjteGZjrG2vlgjudMCJqZweCOcBFs9xZcqNk7djgBw9CtA5rXtLXtBBGCCsOyGXpjqN8cjj8nXuJjHZpPZQKHKNNOM4+yivbnLT3U52lw9dlEe30Chb4LKwVZfE6jkPmiOW/wDKrZZu2TtpqwF2+sacrScqGW1fdkSSSSgoYkSBucDA5SSREPGrXK74afFqewyDw7R1PmopWN/uopyfob98kf8A3NevtkyAsV8YejJerekXm37XO2PFXROHIe3/AOYFK+G3VkfWHTFNcXENqmNENUzu2VuzsjtujKZrgcqj6hM1rno+pqIfzaB5bK0cyQuwHNPqrqPumT08U4xIMj0WyifxyyZralPg+ZP7dfwXt3XvRdN8Yen6TXXWmEPqGs3Mtv2OSedUTgTjHpwvz6opwJTCcZav2D6bljtdfUdEV0TJKOcPNGHjIDHcx+hz/ovzP/tV/BWp+C/xLnhoKd7bHdCau1y9vC2zEf8AFGOd19O+k/KyrkqG+PR8t+rfE7o/JWufZhadzhjfcKbA/LcEcqutVRHU0YIBMrTh5U+I+bOOF9UhONkd0T5LdFwltOSM0EOA4Uyjl1EDKZIwPbsOyjU5MM+Xdkcexf5IvB9K4z6hlMjeH4I90YcrRHoS+Ag4SSHCSIBCRchI8LqgEpYEkukYXMFECJJLBSwVCHSAhnlPSUIJJJJQgkkklCCTE9MUIPSSSQBggcJicmqNJlsBURB437IlgvdR01dI7hCSNOxAP7pxGVGlgDjsFh1mmhfDa0b/ABnkbfF6hX1dn1NYL1BfrdBd6YjzbHB7hRutrKKuFt0phpIHmwO68R+FfXU3TV0/htVU4gmdjQ4ZBH/ylfS9DLDVUoLdLmuGfUEELxt8J6ebUkfo3w3kavMaZX19+/8AJ53bJGVVH/D6mQa2/S8/5KDcLe0RkPbqa7ZXXUljNsr/AJqlBbG85I7ApzBFW02JANWPTlDC9+jpanTfLHaeG9adIM8V9VRx6XckDusAGuY4tcMFpwQvo272tjtUbmZ9F5B1h0xPQVD6yGPVE45IHZdzQ6zMdtjPlf1L9OylP5aShoKowuBduAraRjayMPjI3/ZZzUfsrG114gk0SHLTwu3CxNZR821FLq5AVUEkL8OCAXe3C09VSR1cecDcZBVBUUxgeQdgE1PJnrs3cMNarm6lm0u+ly0FdSxVkAlaNyMghZQQ5BPorOx3jQ40dQctOzc9ke/aS2uKzOJHc0tcWkbhXHTl7dbKxrpCdB2z6LtfbBM0zQjflUrtbHFmncJ8ZGOyPyx2M95stzZcqYPa8OwOVaLx3ojqV9uqjBO/MbhgAleuU0jZo2yMOWuAIWmEsnC1FEqJYkSwcp6EzhFTWZGPTk1OURQiMrmn3XUleCmdaiILuQcpzTjkqC2FSXMhdUIOSSSUINTEVNUINcM9+Fkuu+mW3m2vqKeMfMRDIwN3LYphZsd8pEo5HVWSrmpI+Z3t2IJ3Gyq7hT62k439V6X8Tem226ubcqSLTFP9f/N6rBSMzvjdZLK9x6zTaiMopplA9hadJ2IQGu8KQPI4KsbhAQTM0c9lXuBfjZY5LazqRlvjg1Ntqm1kQc1245CmNAcCMrIUVVLRyh7HYHcLU08wkjbK3cOGVpreUZba9vKGTx5OUJknYhS3DIUV0RyTxlGIHOaHcotDWPoKptQw5DeR6hCHdBcC049VQE4Kawz27py6x1lNFPG7yvaD9l3r3pyTqOyiamc1tTRu8WM93Y4C8/6Gv3ykpoJX+U+ZhJ49l67bals8YaTlrhhMR57Ux/iWqSI9jdT/ABo+FNTZ3zZvVEWND3/T4gz4bnemSCPzK9B/s/ddydQ9PydMXd5beunsUlUwn62DZrh68Y/NeKR183wy+I0V4fn+E3VwirAOAM/9ckLW9WaPhP8AES0fFW0s/wDc1xa2nugYfKXO+qT8zl35prWY7/fsK6qFsHQuVJZj/n9H021y7UBszNGN+QfQqvo6+C400NZTPD4pmCRjmnILSMgqbE/2/dGmmeVcXF4YW2173Tvt9R9cYy0nuFcKgucL5acVFOw+PFu3TsT7Kws90iulEyeE5e3ySt7teOQp2UT09R0VRog9JJJAQeD2RARhCXRyoQKkuAjG5SyFCHU5NTlCCSSSUIJJJJQgkkklCHc4XEklCCQ3xRVILJYwQfUIiQGFCFJNSz22bxIC4s7tzn9EDqPp2ydd2Oa0XemZLHK0jcbtPqPQrQktI33UB9IIpzNA7SHblvbKhabi8o+X6iHqf4CdRihrnS1dgqJMU9QQQAPQ+i966a6gob7QxVtHO2QPAOx4V9eLHaOq7ZUWO+UjZqaobhw7gjgg9juvnS6WTq34A34zNEtd0tNIGsqt8RE/gPPChs41K/Ul/wCZ9HwvxyMowOVmOmepqLqG2RXChmbI1wBODwcLQRS6gCRyoZWscMmOHB9EKrpoLlA6CdoI7OIyWn1C6x/su+IWYAChRVRPlpJBSVQOBsyTs9TmOHCNNTxVkPhyDY8eyq2eLQzfL1JOk/Q/sVCFoN0k1pwBlOzlQgYco7dOATjP3UddyUZAVxtUdbiWMiOZvDh3+6hMn05p6gaJW7HPf3Vux2M7KPcbc2taHNIbI3gqdEIut3Odk0k5zlR4ah7XGiqxplZ+/uEbjZWiB2OJGD2WJ+IPQdRdizqTpSdtu6io8viqcYbM3/u5D3b7Lax90QuGMEqmMrtnVLfB8ngN9tFn+LVnqLXdaFlr6htjS2ogcPNA/wDqb/U12OfZeO9P3679AXb5C7xulpo5HRyMPYbbr6m676DN1lj6h6flFFfKQEwVIGTL/wDQpf6mO/bC8n6ksNu+JlFUMNG219U28Fk1K7nX2I4y04O/b3WXVVRthtaPffTH1BLRXKUJYb7RZNMVbBDfrFVAuxqDm8/Yq6iFF1XbRLG9ra+IZkjA3B/1XhnRfUl36BvMtqu20IeGSx5yG+/2XrkjGWuopuqbFUamuPnYB5Hf8w7915LUaWdT5P0/9NfUFXkakk+Q1HcZJXutlxw4jIYe4IXn3xH6HpazNZSxaJfxEDn8l6reLPT9WWpnUNlhAqo9ntB/ux2Hv91Q0M7Lmx9ruDQ2rZ5WtI3cs0eGestcNVH45o+T7xaTFNIGN0uYSHBUUsXYr6A+InQbI5DVQRaHk4IA5Xil5t/gznylpBII905Hzby/i5aW5r0U7WaTkFTaObQcFRSMHCTTgq92DhyjsZav0yt29FCmi8M8I1JN+E90aeIOZkDOUTe4LG5FW5FppzA/WBnCbK0h2E0DCRLGC4NxeTbW+Vs1K2Rp1ahz6IhbnKounq0scaZ7vLyCVocgjISGj0WktVkMeyK9nso0sWBkBWDm+6C9m23Ko0bSuczfcIRGFMeBvsorhvuoKnDHQFzMjGVCnhyrEeiBURk8fqoYrobiqcCxyI2UkbhPmZjtwgNdvjChz5R2nJM5BCnW6tIxEVEcNQQo8xPBKMH5JVNSRqGyA98qVGc42VHQ1AfjUVcxyAtAUOtTfGyKaJGxGU1hc1xOE1rgTsUTAIS2b65FrbK3U/Q8gYVtIGvaMLJCQxHIK0dvqxNCGk7pbOjVPKwxE+C9TaafUMYyo1VH5cgIdFN4b8OVM2Vy2ywXFO8xytOdla6myszsqbVqaHDspVLUkEA8LPZHJ0qrMPBIOY5AB3WlstZ4oEBIzss88CRuQES21ToaoajgBIaOjVZk11dRtcw9/wA1m6mnLH8Y3Wrp9NVBrzyFBr6Bug5bzwfdJlFM3KO5ZKGHB8rgh1EQG4RXxuY7BXGu1eUhBnBWzJXPjDsgjCr6qnxkgK6ngyQ4BRXs5BCAXOOCmGWHBCsLfWGN+obYQainLuAhxsLDnj2SmioScGb+zXkksngk0yNxkL1Xpu/w3qm+WqXDxGjAK+eaCskhkEkbseoW7sV6kpXR1ML8HYkArFqKs8nU0+owevxRPpZw6J+Bn9VeQyB4BB5WdtVzpr1RNkjcBK0Zc3urCjrGwu0yFca+s6cbUy5G6ehxuD2gjuiAZOFhlHAaeRnbCH4eDqwpHhbe6GgIPp6p8bh6eisY52vx7qocwnhFhcWkEnZLayLayXLCCNii5Hqq6GdoxkqQ2UOwkTWBbTDjlEBGEFpyMp2SlC8MKkmJKFD0lzISyFCHUkklCHCA4YcMgqpYH22rMTzmOU5afT2Vuolxp/mKc6R5meZpRttkJjTtuURVlDWGeJoIw5vlKns45UAaydSSSVEGpJJIpdEHEZWe6ioPD0XOnZ54ziTA5atCmyNa8aXbg7FHW8MJMzlJM2piD2+i6+PA4UBxdZrpJTvBMEmXRu9vRWbn6wuhVIaU16t0VypH0coBEgwvnLq6zT2G5S072HRrODjbC+m5GZPC85+JPTn8TpJXBoJZuDhdXS2uEjNqKVZE8LLg9Cc5zOEWqpZqKUxSjjhCc3xGcLvQkrEcSVWxnp3w46vi0i3VUhDhsDleoUtW5zx6L5ht1c+21rahmSAQvcek+pobtSRtlGiQDHPKz305OvodR/Sz0OJ+pmpEVFSXLwZNDnFzSrxuCMg7Hhc+dbTO1GeR6SQSSjSNSSSULOHhCPCKeEJQVYsgHA7qO9gcSCFMcPUIDhnIWmieDLdDcjD9WWf52Gelkjy17Tp9ivmC8Us3S/UckD2lscjzj2K+x66ATAeUHuvBvjZ0kJ6WS608OHwnVsOV63xPkZVSUUfOPrLxH8jTfMlyjN0lQJ4GSDfIRzxnGVmOk7l40IgedxsVqoXNJwe+y+jVWK6tSR8kWVwXFguj45GtLsFh9V7HYK9tbSsfq8wABXg2owTENHC9Q6OuoMEYL87AFYtXVlZPZ/Tev2z2TZ6A17qepbUdnHSVoInB7dY4KzsMjKqEt74Vlapy6MwPPmavOamCPqujvUsIsuDn1XQUiMrjVgkkdWPYaM+qWR6ocfC6OVncVk0IIuHhIEY3KRIwlFgnOOSM7ISI45OQhokQHJ9QTmkaOQmy8hCGQSMoyn0OJOUNPTEYga8Hss11jbDW28z0+1TSjx48c5C054KhVEert7cqGea3RZU9NXdl5tcVSCNYaGv/AOYcq7j7rz6ySnpnqWazny01WS+BvYE8hb2OUjkJkCUWbobWP1eyYDhOTEwbu2sSSSSgaeRkgy0j1BVTTO1R47sJaVcHkKmjaYqqeM8OeXj80Bnn6JI4SPCQ4SPCMACScri6eVxWiMR4VbV/U4qfICcKHVxkxOwd0xGa3siE+iZnKcCCAQmHZOMVhWz/AMqtYTw92EafDWl3old2eWKUDBaQ8oBPiN1FXDPsyyeBxw6IjG5UWVuWkBSGeiG5MEy6ID2Bm2EWlIMJjJXagA/og0R0VAydkVbMdqM91xBqsszQ3JH/AEXiDWFriHDfK9/6thBppgW5Bz/kvBqxmmsmAGwK7+glxg+I/wDiPp9uphb+0KJV0ZzX49lPpyNGfYqup2n51ziurN5SPl8eGy1aitQmorVGKHu/0Krbof5BVkTn9FXXIaoceqXMOJ2iGmk39FX17wPzVjkR0gDNjhUdxeS4NylTltQ6lZkV1SAXEqM0ebZFeSSVyFh1cJC+5nUi+MEynjwBlWMDA8AKHEzbAVnRRkcDK3UrBnmywieyKHDW6cKlrZi6QjOVY1MgDNLdlUzYcT7J03jBSlkjk55Q9IznG6c7Ypw3Shh1oyVKYzOMJkUOcZClRNVpZNlccLISFnsrWlgwAdP7qNSwZIJarSIBmkYWuuOCp2KPQaLDWgacIdVLkYCe97Q3YdlBfJkrbCOEYNRfmODn1Ekpx7JN3TXnCec2T39nScKNUTYHphOmlws/ebsHu+Upnb/icsuqt2xGUVysniIK63Z9Q401O/GOSgU9OGgPdyh09PganDcqU4gNA9FynNy5Z0VHZwhkrw3shmXI3THu8yFI/cYSJNdDVyE57p8bccjKZG0nBUtjAByokVKSQNg90OpcGgDIRnOY0HfsqirqC92AlWz2rAdcW3kZUPLnbFNY0khcHmKl0zMkbLJ+bHSaggtPBnGytIosNGBwo9OzHAUxxAjA9k6C2mK2eWNOPVB8y7k6uUVrcpre7gFvANjSThPig3zjGVKZACM6UWNgadmolAXO3AyKARgbKQyMtIOE9kerlv7qQwMYONwnxjgzzmzkcQAG2Me66myyHIaBhcEbnfmjSyLOF5JwBynxRF5BT2Q7gYU6nhDACQnRhwNpqd0tqH0FM1hL3jGBsm1tWxg0499l2pqPCjOgb4Uemo5ZX+LIcl3HsrOwqtn+jT/1OU0DqoCQjCuaWmETQAEqWmbEzTpU2GAjcjlQ62n0ka+QYjOd0dkYG+FJZEO4SdpYPRKOiuFyB8rRxx7oNRO1zQ0Y2TKioaPK0dlBLnOdnOyvAuVq6Q551PyVMp4wcKJGCeFYQAAD1SZywaNPF5ySaeHA0452XpHT1sitluiGjzvGorIdLW0XG4s1D+XD53e638rmg6QPK0YAXPuty8I9p4nTL/cHl3fKCXbHB3THE55TMn1WOcsnqI47OknPKDI7ZEzhDJDhjPKqL3FzngC4F5yOFW11X4O2QrV+mClJO+gLI19QZ5S4HAPC30155OTr9VGmvkjy6qupcQ4gDl3oFIa5rG6GgBoH6oMZDGklRJ6jBwF16KPZ8z8v5euiMpJ8h6yrLWaWY322Va5xG/Psnl4dy4fmrfpvpit6mrflIAWxtx4k+nLG54/yK6VeK0fM/JeSlqHumQrLY7n1JWtorbBqII1O7NB7le6dKdJW3oam8N4DpHjU+Zw8xP8A09ke0Wi19IW5tJQtbhu5cfqe5HjdV3B3zFU3S130tQWWZ6PLajUb5Y9HSx9zqHSA6YP/AL5WVNA2PDWN4Q4odDWhrcfZXNHQPGl7hjP7LLJswSkl0DgpnEDDSrCKFrGjPKK1scbcad0B78nA7JbyxMpNhdgNkMlNL/VDMrRuUDTKCnYZUaaqDRg4Qqmux5Yyq2WoJd5kWMBkqebWVGM+nfGwQpptIGdsrFX3qp81T/CrO8unGdZP0g/dHFZNFdErPxLXqPqiCmYYo3cbHB3J9Fj2fOXSodLNqa3sD2CnUlgmY4V92ka97jnY7IFVd5WTGG3QiRg2yU3Yez8H9O2amSk0FxT0PmneATwCq2ruksz3eCPIDgkpSwue41Fe8OJGcZ2ARbN0/XdS1IbRwmGlBw9xP1H1S5y2LJ9M0Whr0CTS69kCGnqbrMIqRjppCcHHZbux9J01sp2S1cTJJyPMSMgK0pqOzdJUQ1AeJj6sbuWer73c7q9zacuZATwFjebpYRsv1EVD5bZJVos7peaeJ5jjJe4eizlbc6iqZoJ0j2XHgx5DzqcR67p1BbaqpxM5nhg+q30aeMFukfPPM/WEnJ06JYX7I8cD3EeQlToKDg8K0ht7WtAxnCkxwN2BACdLC6PB6nUz1E3ObyyDBRAYyOFIipwXBrRurKntks/923IK1tm6LBLKmTA74IWeyzBhc8GZt1hqJy3yEfktdbemWxaXyRjhaWO3U8GC1gzj0RdOAkfM28C5yyQYaOGnbpjbhHa3Tydk6SZjPqOEB8ksm0byzPdW22hLfI+pq6anjL5HnI4GNyquSqudcMUNOImn8Ug3CsBQROIlmJkf/iOyMxwGwGAlsoraWwU5/m3Bzp5DzqO36KxLIY2iGFoa0dglK/TjHdAldvl22PVRECPeGbDByhg5O5VPX9RUUQdDA50szdi1qrHHqO6s8Kmh8Jr/AMX4gEbf7CLi5dQ2+iLg+UEt7A8rM3DrSvrf93s9A7fl0g2/JX1B0FHIWT1z9UhHm91pLf05brexvhwNefUhXvjHoJPB5Wzp3qrqGbTVue5v3wAtLZfhRS05E1e5hdj6cZW/bGGfTgfYYRGpbtzwRlXbel7JbgDBRRlw7lqsmRRs2ja1v2CIO6Yo5OSAbHHGFGcSTv2RTnjKY5wIwCgisMo64jBGUA8rrjg8oaYuCHclLV7rhBxwhPkjj/vZNP3VNkCpb4zjhUdd1TQ0pcyAOmdx5VWS13VV0Y5tDTmmi/rf3UyEaae5UVIf96nbH9yqCu+IlkpZDFRxz1cmcARtzuoUPSM9Vpddah8z+SSThW1PabbQACCmjDhtnSMqskM7L1H1vepXMoqCOkjP4pW74UZ/S15uAxe7pK5rt3Na4gLZE9wEKQukIGCMIoxyWZ6Ppa0wsDRStc78TjuSp0NJDDGGsia0DjAU57qeEHxZBkdlXz3BrP7mJzyeNtlZW7J3wsuwG5SdG2MZe4ADnfhQJK27yH+RE2MfZR3WeSd2uurJHB25a04TA0+B9f1BaaIlpqNRHYd1S1XVVynd4drt7yOzy3KvoLLaI36jTNe71durGOKKFobDC1o9gjJnBiX0PV95DWyvEbHb4GxUmi+HtTM8fPPy0d3ElbimgmlwYoyQrJluqi3zNwoE5ZMzRdF2akw1zNR91dspqSBrY4IY26dtgFKNLSsy6qkx7ZUWe42alaXRl0jvQKAuWVgNG134Wpxc9ozKA0fdUdR1NM0EUsen7qomulfWEgzYBPol7cgo1VVd6CmafFmGcKhr+rIo2n5MF7s8KuFsq6p2X5+5UllkghaJJyBjn3VhOJEnv98uLBG1rYw7uwYKZHYq2tAdVyyOb7kqbLfLNaojpcHEchZ+49eVNSDBQgxxjjKZBDI1tmhjttptsfiVDWFw9VX3PrOgtw0UbdRHACxFXcKurcXTTvJP+JQ2xue7790aWR0K17Le7db3i4EiNzYGn+jYlUEslRVnVLM9x75KO+nII23KlUdnqal2NOxRYSH4hHoqHREnZu6LT0VXPIGti5W1tfSgID5I8jvlaGls9DTAOjhGr3GUMpY4QErIx4iYi29H1VWQakBjR6rRUXSNspCHuYHuHqFfNj3OAn4xuRgeqETKyb9kOGnigAETGtA9BhH2DSCf1Krrn1JZrVqFVVgEcD1WUuPxHkMhZabd4/oXHH+iskYSmbl4AcdRws7dutbJa/Ea6p1OZwB3KyM9H1v1IzxKlz4onn6B6K2tXw6pISya5Pa9wA8vooMVcYfkyruHxHvFXH4dkpfDeeHyMz+yr6XpnqbqCY1V6uUumTdzdRAHsFvzQWK2nVT07XP444UOorpdxB5AoMUoL8UVVF0b09afPM0yu/x7qVLdBTtENvpQGjbIAUaaU6tc0h/NR/4jCwFkAL3+gUI3u7DzzXGtwJJdA9Byo9QKKk/m1Dx4jtsZyUSG33+5EaGthiPLs+b8lc0PSNHERLU/zH+pOSqwRyjDszLKqqqnFlupZAfVwwFNpemLpcHD5+tLI+dLdls4LbBA3TDEB+SNHRPJxhWIlc3+JQQdN0NORobq+6nwWxsHma3k5VkWU9P5ppQ0BQ6/qO3U7AIfO4bYxlQicmFZAHAgjGEGSampwfEeAR7qgrup6mduhjGxNPdvKp3zPkzqe479yoNUM9mkreoYafLYnBUdTeqmqJGcDKgOwTknKYH47KDFAO+UuyXbqPqxnAxlIvx2TDI1QLajupx5K7keqHrb6oZdkclQsOXN9QoxJJTSd+VxQgklzISyFCDUlwuAOCVxzgRgFQMYm5KR5TFCBCRjlDPK5q901QZs4ydyVzJTAMJpIcCAVEslxiOJHchMcTwmnY4zyug47InHHIz/AAN/NPHC55VxU3kYdcR6pAgcHKZk+qaSByVE8EHF47IL35CTpAAVFMhyf+qsnZ17nOdym4zzukB7pKDVE5p911NSUIOwFwgYXVw8KFgTylgruMuR2sGACEIBHDSUZkeOQiiNoxgLmrAOGqEOMboTy7I2KBJWQR5EjwMLO3XqeKlk8KJ2fzS5WJDYUym+C9qq+GmaS9wyB6rNXPqWSRphhd+6z9wudTVSlxecHtlRmlx7fukOzPR0KtNFfkfrNOwPGlwyF591tY3F3zkQw6M6gfZejFpKrrrbRW07maRkjC/GkT9wQnhlB0BfhXUgppT549itw0tI5C8ephL0zf8AckRyPwfRepUVQ2eJkzDqa8ZCgOoipvciw0qi6osbrvby2I4miOuM+4V4zONwuubqGMqGWM9vBjumbq6sp/An2mg8kg75G2Vbys1jZZ2/QP6evYu0LS2mnAZK3G2c7rR08sc0TJoiCx7Q5pHoVBnZClaY3cLRW2pFTTNyfMzYqpmhDxsFy2VBpKvQ84a/YqATjuNEkkkhMzEkkkiKOYHJXjXhyfC/4mOO4s3VEvlbw2Ko3yc+69mWS+I/Sf8AtZ09JSxeWqpz49PIOWPG+QmMho2b8bonZYb4W9UOvlm/h1edNztv8irYedQ2J/ZbzwxzhMyBNPoznWXTtZebaKu1+WuoXCWF4OCD7H8l5v8AGPoWyf2l/hHV0dTHJHfqHz0pHlMNeGk/m1439uF7Yw6eV5P1l4nw36od1XRMLbZcWeBXxjbUDxpPZw+vHfD13fF6nEopfknlHF8hpIXx2yR+VwF16ZutRb7pSPgmp3Pp6unO7muBx+xytBEcOyOF9Lf22fgjS1csnxq6S1Pgka3+KNgH96zHlqcfYb/luvlezVwqYTE8+eMYznkdivs3gfIfPWk2fDvqLxv8Sx8F/E4Y3UaoBbJ4jRgFOicPVFmYHx47lepTweR9haKfOAVYtwcEFUMDiyUMPdW8B2GDwjjLIqyOCWOElxpyF1PBHoqEiqChImhvohoyIg3Q30S0N9E5JQFSBYKYpCZjKhFIYkkkoENSTklCAkk9JQgxOG6akqayQYkkkqGjUzGVIQkloEgTtdDKyri2dG4OBXuvwi64+ajZS1D8u0hu5324/wA14pIwOG+6dZrjPY7jFWxZLGnDwPT1XH8po5XV7o+j2v0b59+L1aqtf2S4/wAH2HdrfHc7c4MaCdOoFYU08tHL4b24Le+FZ/DTrKK9UrYXzNkGkEZ5V71PbGRltVC0aTyvG5cXhn6HpaurUjJ1VMythywecbkLH3u1wzRPZJGCDkELeQsDJC1wxkbKFcrYycF7GDV3HqmwscWY9ZoYXR2s+aupLDLa53uDDoe46duAqENc04dsR2XvvUnT7aynLWsGppzuF411BZaq3VTy+PDDwQF6PRa5SxBnx/6n8BKlu2CH2e4Pz8tM/LR9JUuupmTRHTyVnad5Y8OV7R1Yc0NcV34ywsHzedbrlkq3wugcGnuhVFLj+fAfMOQFeVFLHMw7fY+iq3QljtJOMd0SYULM8MtOn7613+6VZ34DipN0tWxqIW5B3OFmKmnfC4VMQ4OSFp+nry24xGkmPmaNsndHGQmyG1/JEpQHwv1syML0XoHqqaR4t9TJkAeXKyNxo/xAD8lWNqZ6CobLC4te07ELRCeGJtUNTHbJH0PHKM8cqQ1wcMrE9F9URXenbT1En85gx91r2OwMLXF5R5y6l1yaJWQnoAJyiDhF0JHpJJKyCTU5NVMA60n1RWoQ7p7ZN8YVogZJcDsrqgIkkklCDV1q4utVS6IiDdbXSXSkfR1cYex4PI4PqF4J1JZZbFdJKCXJx5mnHY8L6JcMhYX4k9NC52z+IwRjx6UkuIG5Z3SJRyjpaLUfHJRZ4pNCJGFpHKqKiIwSadOy0DhvpOxHIUOupvFjwBusFtbbPV1TwijeOMKfaK98Mngvf5HeqhFmk4Oya4EYIOCkRbizVKKsibJo9Ex7AFDtNyZPEIZDiRoxv3Vg7B7rSpccnPlHa8Ec7IUgy1SDymIwSJ4joSHM2I4K9W+H3U7a+EUsrsSxNAdk8+68snGDxlHtNzltFaydhIjOzyPRTKRl1WlhqINSPe+qrJF1PYZqDyiZ7RoeezhwmfDK5UnX/R9x+F3VMmKikj8E6xk+E36XY/wOx+vZP6fvUVXC1hcHO0gk55Wd6ohq+jOrKb4gW5jnNBPzrG/jZsP/AL3A/JPjL0cZQwv464a5i/7o9L/s8dTVtvbcPhX1C8tuHTrxHC1x3dCdx99yePZe4skbzkei+cviTJNTVlj+NnSMWs04iNTod/exO23755b+/svcbLd6fqCwUPUFufqp6prZ24OdiOFaWyTj/wDvg5XkIfLJXr32v0/f/c1DHEAY2Kp6urk6Yu7bzG0CirXNjqwNmxv8oEnsOcn7KbHO2RokYdvRGmbTXOjkoahgdFKC14IyiZzC31Dn1T1j+lq+Sy3CToq7yPEseH250vMtMc4x6uGP3C14AGcH9VSeSDhyngjCjkaTjKJkqgQqS41dUIdyV0E5TV0cqECDhdXAey6oQSSSShBJJJKEHJJqShBJJJKEEuHhdXDwoQYScpp3XTyuKEGtGHZC5XUVJdrdParhTMnpalhZLG4ZDh6FPT843UIng+dOpenLz8BLo6+WJktT0zNJmVoJ104J4B9F6x0r1bb+prXFcrdM2WN4BJaeD7+i1VXHDXxGmqGaozyPVeBdU9D9Q/B67zdV9JMfVdPyPDqqkbnEWecf4fUKG5talfqX/qe6wzh47I+rUsb0d1paerbfHcbbKMOHmjLvMx3oVrI3Z2Khkaw8MktzqGDhOqIIqqLw5R9j3CaxuRyuyA7bqFFeHTUrvAmOQPpcpLXbJ8sbZW6X7+iiNcY3eG/8sqELBrvZPHKjMfnOyM13sj6IHBGEsj1Q8lLJ9VeSA66iZWtyQBIBs/uqmCZ8cppKsaZR9Ljw4K9ao1db46xn9Lx9LvRQgFhGCMpjs5zlRIpJaaQ01XkOGzXdipYOVCCLdWMnjdYbr7ow1rmdU2HFPeaIbObt4zO7HeuVukx4DvdVKOQ67JUy3w7PmXrbpij67oRX0NOKa90jtUsZ28Qt7FUPwq61mtT29NX5jmwSEsIfvoXu3XfRIJdfLThkrR/Oia3PiD2914J8Rem/HH+0VE0x1EZAm0j6vf7rBqtN80dp9R+kfqizSzUlI9WpZ5eir0aiFpkpZSNbM+UhTOuumm1UberOmjr15cQzY4GN/wB1hPhd1nB1ZY/9mL5K11XTg/LE/UfXf22/VbbpC+my1cvSVxeTTSHAL+Gry2o07pntP0z4rycddSrV2VDPC6ptxpptLauH6g4bu/8AVeMdb9Ey080rJYNOXEtcBwvZusLRN0rfzcrcCxkpDsdiPQoF7paTqi1vrKYAPaMPZ3aUo36imvWQ2y7Pkq626ShmLXsx7qAd16n1Z0vIx7/EjyOxwvNKymNNM6M9imHz7yOilpp7ZAIpTHICFbRETMGDlUxOVMtlV4Uga/hEmc9L0Fqqcs8xaojW5OFeTRieIlrcnsqiSN8TsOCXNexm0dE7wHNkxwthQubU07JWnILc/ZY9x2wrnpmv0F1O87E7JLRv0FirniReFmPZCe3blT3R4xgID4s9kpnfxnorZmYyQVDkbgq1ljPooMsZB4QN4FzgRQcpj26hhHxhDduMZUMc4kCoj2yBlQHN0khWzo8gnCg1LMcBGc6+sBGfVMl23S3Dk/GQjMM0Dp6h0cjcjCvqWq8VgA39VnpY+/on0NdLDK1gOx7qBae5VvDNXFJp35ypQeHBVkT9XJypcT8EZQHbqsyshCwnlTaCodTv1E5HoozXNIxjhca45zhAb6rGmauBzauAvyFDfG6J+QFHtdb4WGE7FWM+JmDS1Q6MJbuQtJUsHle4DKsIyAA5vCzbnGOQNKvqCcSxtYOQlTjuN1Nnos6WXX5SiSwvjd4wGR/kobCYZ84+lXEbm1EWrGCs04ZOrRZhclpYbsw4pZfK48E8LQVEIczHqFhmH5eQPYMEHK19sq21dM0uf5uFlmsHUpsKyvod9mqsdGWnB2WsnpvEAeBthUtdQkangcpUlkfNL0VgAcMFAmpsb4RjGWblGAyMKhaWSpkhGDkKBLCCchXk8Wd2hV74zkoAZQIDAYznhWNDcJKd4c3juPVQ54jyAgslMbsEfmhsgpIqEnFnpfTXUklJIyaGTAzu3PC9To6mnu1KKiBw8TGXAL5wo699M8PYcevut50Z1oaKqax0hDTyCubdR+joVXntFqrHg/LTO2/Dnt7K3Dw7fIWViqorhGyvoTlp3OPVW1DXsmdodlr/AEK5Woq28HRrllFtqOMZ2XFwcLqwMacxlcGR2T2fUEUBoGEJAILwRk4UqF5OASguYE1rixwOM/mpKG4DCLNu7chE1eygMqcYBCmAnAIWayv9C2ESSSScMA7kroJympKZIFB23KWR6oeSlk+qgATIT9jzuFHaTqG5RQRjco0RrJWzR/JXBrx/dyH91YMdqHKHWU/zEJb+IbgqLQTPLjDId27KERZpJgOQuq8lYEkkkhLEuHcYXUlaeHkhUX22/P0bmMA8Ru7T6FU9nrDUweDIMSw+Rw+2y1jmg4WUu1FNabh/EKdhdDKfOB2PqtVdmOA0yY9uQq2vomVEEjS3JI49QrRjw9gkbw4ZTHsH6rpU24LayfP3xF6cZGHVNNFpLTkheet32K+jur7C2qilGnZwK+f73b3W6ulgcMDJwvQ6KzesHL1VLjLcisnhIb4gG3qtB0l1HNQyMjDgNJ3yqiF7ZafwSMk91XPe+jqdtsLc47jmu2VVinE+jqKcV9E2pgOS5oP29VLtV4mo5xFO4ujccbnheefDjqlkTo6WpOpjxjc8Lc11IdpY8Fh3BCxW1pHpNLqPljuNkyZsgDmkEeqIs7brkIYgyXJJVxT1OsDA+rhc+cNrOpXPJISSSSxoxdBx2XElBIOQcYQHj0Uo44KA7umw7AayRpW5GVkupbRHWQvjnjD2SgtxzjK2J83lIVfcKPUABuulpbXXLccvX6eFtTUkfHt4t8vR3VM1G5pEMjy6P0xlaalm1tZI05Dhlaf419Imqpv4lTx/zYTnI5wvPOmK/wCYp/Ae7zs2X0jwWtlfHbI+Def8c/H6ppLiXJqS4Sb6cn7q56ZujoagQudgZ2VHTv8ALpI5SjlNNVhwONOCu9dFSi0czSaiWmtU0e92epOhjnHkbq7ik8KdsjDseV5/0rdhMyMF+Q4Ac91t4iQBleY1dLi8M+w+J1kb4RaL+KcEZ23RwQVTUk+cBWEcgIG65NkcHraZ745JSSG1dWeSwbIMJkpZKYkgGCTE9MVMgwjKjyktk1DYHZSEyaFk0ZYR5jwUeRVjG5HqhGbBAwhRSEDw3/Uw6T7ohGVYrI7Iwo5+oohJwd1HdtnZUymzH9fUJ+X/AIrTNxPQjxgRyQOQrnp27x3m1U9cwgmRg1exwpFa3xCNlh+i5KiyX+59P1cv8rBnpW/4c8f5IlwzDl1Wf2Z6Ox2Qdk5R2vCeTq4KcjbPGOApIxyhnlc1e6arKbyOKrpWj57AGPIpx4Krq5xjkilA5dpP2KprIAccLh4XcY2XDwrAAnlDRDyhqEYjwo82CwgjlSDwfshHlGImslSAWjQeQnZwAuVDSJz6LrPpCYngxWrAKtjEtMcDcKshOqnHq04Vy4BwIPHdUbP5c0sJ75eE6MjFauQgdhcO4Q5CWyBuEWMA7Z3RPgBoizA/sosWz9yp049lWvIbO49ipF5ZiteA90hbUUb2uGSQf8l893ZpiulXCRjQ4r6GY7xGFhGcrwnrCmNPe6s6cai5dzQS9HyX/wAR9O5aSN/6ZR0xJpic+qBTN/mlyJR/9nIXKf63fddjOT43twTouEQ7pkaLp90Ypg1GqBk8ZUxR3jLkLKIlQdMOMqhrnan6Rvsru5PEceCeVmZnl0pJWW2WOjdp4+xmN8qTC0NxgboA3UuJiqBqlLAeI7jZW9KGiHV6qBTw6iNuFLkPhxBi21mayeWAq5MZCr3HY7p9VKS5R2OJQWdhwXAw5J4R4AdXC5pGeOVIhbg5xwqRqgssO0YAwOVJp2HOpDibuPLsFYU8YABWitGifCwiTTN4JClAgNyhRt09l17gG7dlurRjtmMmlI2UXOSVySQ6gMZTm7rSjm2ttndWk49UKom0gEBOldpCr6+o8GIyDfuqtujVHLBrr3vBBvVykjhEcRw522VT0kJcfFc3JPcrv8ysqNUpJGcqwcxoAwNguJZbKbbZ1YbaoJRQ0AMYoc1QdWkBHnmGNIChO3JJSZTGRWeWPc7A+65EC9wKHu4hS4IyNJSvyZUnwGijwOE9+AMZSOwGyh1kmAAib2oCMXJg6qU74cFAOScpznFzskokbNWDhZZy3s1LEUNiY4uGQrSkixvhCp4MjcKexoaMAKoxEWTyOY1rRhcdlJ2cjCfG31CelngQ3g5HEdtuVLij4dp/dcij23CltbsmxiJnMaGgDhFZGMasfuuxxg9uEThMTwZpyyNDgMgNXQTjlLGUWKBzzkhM/LgHIxkReQVI0BgC6MR9k6JpLgU6KS7KjGVslGISCLUQcbKS8DSGhca0NbhoTmsdqGyNSyel0umjVHHsHDAJH5cCcce6sYoQ3B04Shi2GGqdDDnAwiOpTQk8oZFGcAAKZDDjGydHTjbZKaVkLDkKn0bIxSWRSubE0kkDAVTU17H5Yw5Ta2vJJaFAYRr1JT7OdqdXz8cA3iPe4EojRtk8prS3G3KLAwl2VTeEXp5bpBqaPUcFSizTgN3J9FyGMBueFPsdDJXXCNjdwDkrLZPB6PSUbpqCNx0pbRbbWJHj+bP5ie+PRWsgzjC5qbGxsYGzQBhLxAW4XMm/ubPf6WmNNajEHIfD90tSaTkpj8H8WEvGTbk5JJq2ATBnBceAnaMd1EuldHQ0zg/6n8J1VTbM+pthVDdJlXfriXvFJE7GkZdg/sqd5wMkpj37ue45JOck8qJU1QccBd3R6VuSPmHnvPbIyaYSoqS0YbjhV75y76hhF8zyQN3HgLZdI9CicMut5aWxN4jI598rqzjGpYR8j1+vd2bJsidG9DVfUTm1soApBu7PdesUjbfZqKO3WqPJbw0KE+ufpba7HS6BGAMt2wPdXlrtbaRoqqvBkI5PZZ5T3HnLb5XdjKa2TTSNra05fyGdgFatGvAbv9kyHxri4w0ROh3L8LSWu2xUceCNTu5KVKRiskhlstOgCebG+4b6KdK5kLQA1cmqm07ckbngKCJnzO1O7lA2LCPe5/HCRyBnCe1mkZIwq6qryCWM44yoVgLNUYOBhQ558DGQo8k+o6nHCh1dTCRpLyCqwMjDcGmqG5zz6qBX3OlpY/FfKARwDtlVdTcpnzGCgifPJwGtClRdOUduiF/69q2aW7xUncemccqzoaTx9utlsqXJTF946wdIKUNioHbGYnd3/L6f6qJPX9M9HxNpom/MVLeWgYOfuVy/daV/UDv4fYaUUdE3iXgvBx2/9e6g0dopqbMukD1JHCmUuz6T4n6Xjp4J3pN/pdgi679QkT1mBE7fw0qk0toeYCHCVvLUaWatr5X26yt11HZ2ePyWstHRll6djbfOoS6V7hsZNwMf/KEE711E9V9tWK+v/wBVL/1KXp/oevvkhrr3H4cJO0Lh2+//AKLR3rqO2dOwG3WulibMBsQ0OwVX3zqqvvb3UlqgkawnGc8+6iR2m32G3GuvTm4Zuc74QRpla8yZi8l5enxVO7UyzP1BcgI4Lld83C61GnVy/TlCNxbLK2hsrg5rQRI/Hft/qkJbx1e8mEmloW+UjnX75/JX1vs9LbIGxsaC4cuxytKjGrpHy7y/n9V5Kb3v7f8Al9EK22DBFVWOy8q3cxobgAYXC/U7QDv6ZVjarBcLlJ4bIzjuUbmvZwJWZK6KMvOGjnYLT2To2qq2iSpaGN53WqtHSNFQsY6oDZHgceivWtaBhuwHGyTZdF8IRKxvgrqGw0FDEI44hkcnClhgjbgDAUjT7oUw2z6LM5bnyJcmwJGDjOUNPIwcFMOQM4yiiixpYO+EIxgHIGF2SQd3AY9SqWv6pt1K4wRSfMTj8EHmKvIJdOcWg7ZUKprqOijMlVO2No3OVTxt6rvzAaKI0ULuTKPN+iubf0TTjTLdZn1LxvgnbKHdFFFVPfn1TsWmCWoJ4c1uxRIemL7dX+LdaowRuH0NO/5rbUtFRUUYipaaONreMNRSM90uVmeizO0XSdroMFsTXO7kjc/mrqOKKJobHG1uPQIzm+6aRjukuUm+QgWkLq6dlxF0QakkkoQaCRwmZK5kIZkjbnLsYR4yQOh4c0ZJygTXBjAWxtLnY7KvdU3OY/yAWj3RkJ807QRrcG/dQ6q80dK3U2XxHdgzcoDbVLNl1TOXauQjwW2lpt2MBPrhTJCt/iN9ukmijgMEf/ePTf8AZuqnObncZZQeQ1yvgNIwOPRD1ZyFCEOmtNupWBkdOzbuRuU+Sqkb/Lh2aP0TpORugF8cf1cooxyQ475qTcPGEMvjZjxZMEJOfNJ/ccIbomAapjuiwQUlS3iLcqLL87UfVM+IdtKbU11JBsHjI7KC6trajy0sbjnvhQskOooWYdNKXY7nugyTUsbtLH5KNT2G5Vbg+olDQfZXVH07Q04D5fOcKLkp8Geb81LgUrc59lKpbLdJ3YqWhrD3K0ElRbaAaYQ0EKvqeo9tLZAjCTyEi6fp48OkkyQpRZaqVvnIOFnam81bzlh2+6rZKypm2fIcIymsmqquoqWnBFIzgYVNVdS1k40xu0hQWUzpRtn7osdAdXGPdQojyVNbU/XIT+aY2me/kYVmaaOFup5AA53UGqvlvpG/ySXvGxAUC2sLDbg7+82Hcoh/g9F5pJQCFnq3qiplboiboH3VLUVEtQSXvOT7okshqHJpK3qyNmY6RhAGwJKzlffrhVDQ+V2kngFQn55JTJXcbIthohEjz6pDlxz9ygNYPsiyB0jgG8qdRWOqq5GsLCGu74Q9DHJRK0MBOAc+ymUVrmqHYY0j8lr7b0UyGTxZXDAHcK5ioaakdmOJpKpywKnb+jL2rpYOkD6kasbjI4Wigoaak+iME+uEaeupqdp8Qhowqas6lo4hiDVI/PAQOTFuTZcg6QSB2UGa5U9MT40rR7ZVP83eLmMRs8JmPVdp+nIy7xKyYuJ3O5RAnazqxrXCOigkkeeA0ZVTVR9YXiTS6o8GN25wcLURUFBSgeBG3UBzhOblu+cIwjMQdCUpImucvjvO+DurSmsVpoHh0FIwu9SpFdcoIT5ncc7qmqb45x005/VQNbkX0lS+Bg8NwY0dgqqrvUO7A7J7qlnrauoPmmx7LlPQVFZM2ONmSeSRsoAFqLgARgZyoU09XLtTNyVo6PpR73B07g5o9leUlmoaUh0cILh3Kgx2bDIUXStxrgH17gInbkK8pOnbdQO1xxNJ43C0QYT5Gt7cBBfBBENc5049VAN85ENkOkYa3A9gieA5mCRjKj1nUVuoGgRnxHDsFm7h1FW1zzmUtaew2ULcXPs1dRcLZQw6pqjzjloVDX9Yue0xUEZYDy491n3z68l5LifU5UVzwM4CgyNeCZLXVFS4maUkntlRXAYPmCC6UtTHPz3UHxihzjzuhklNLgOShqDEkdL3HkoZ2XMhNyFAhxl7YQySVxDMw4woQfqPquZKad1xQgkkJJQh3W71SLidiVxcJGMKEOZKWSmHlJQMSYkhkZ7onHBGOyVxCSQjMHWrmSutXEcSDsj1XHAHumZPqlk+qIsaSc7FcSXC4BANEThBkfqGBsmzT42AQmk+qgSWTrnuBITEiMJKFjkklzV7KBnEkl3Hsqk8ADPpTmwl2yIIgcbIwaGDhArMgylgGyEMAynaNsZQ6icMxq2HdZ66dVwU7i2lJcW7HfuhlYkMhTKfRoZJBFu4jCzl66oipHeFDufusxcL7ca55LpnNaewOFXOa6Q5ec/fdJdnB0adIu5Ey4X6rrXDDiABjnlQRqc7Lv1TzBjkJ+gbJEpNmmMFDhCazOMhGaxuOEmsyOU4sxyVXLLP1pDQExzRyAjph3X47P2cm8mH62sPzMBrYRhzT2TugL2KmE0E5xLF2J32WqqoBIA0jIXn17t1T09exd6QExH62j0UHN5R6g0gjhPO6r7VXx19FHUxnIe0FTwcqGWawyvvNqhu9BLRyAZePKT2KxnS1bLbq6bpytdh0RPg55LV6IsN8QLJIySPqig8s1Ju4DuFA4y5SNI3HcKvr43MJnjHBym2G7RXi3RVkZGXNGseju6sSwPGCMhQNv0TLVW/NwCVxy4bFT1laSd9srvBP0PO32K0zSMcoTLKI5JJJEAJOwE1OUzgtPB5Z1RbZ+iesG9ZUbT8rWnTWMaNvZxXo9trobnQxV9M4OilALSDlNvtngv1rmt04B8RpAJ7FYPom8VXS91k6JurMR5/3NxPO/H+SNP2E8S5PRJTjzeihdQWWi6p6fns83njqW7/AOFwzg//AC+qsNPiNIUMTG31Mfjb08rtLgOxWiqx1TU0Yb69y4PnnpW911outx+FvWFP4tNIXxN8bzNLeHRnI+h2Rtuvjj+0h8EnfB7qwXq1Oc+xXGQmj3yYxzocfXuPsvvj+0j0IRSRfEG0xkPpHsbXBoz4kP4X/wDh3z/zdlgtFi+MXRtZ0n1RCKgGMxuIcATKBtO09n5zv2X0bw/k8OOpj/1PG+Y8XDW1up9nwbR1AmYyVp2cAVPik1YGEbrPoi7/AA16squmbv5mseTBMG4ZJGT5XNPdQ4XjUMBfW9PqIaiCnB8Hw3XaWeltlVNcphaiPSfGaFIo5skNPKbgPbgjlDiBiqPYLQuGYHyi3YchEj+pBieHNyEaP6loi0JfYdn0hEQ2fSERELGJJJIiBkkklAGJJJJQBIYknpKBiSSSUDApJJKEGpJJKEGJJJKEHoZZgZyiLhGUAecEd4wcIMjcjAHKku3xshuGUuSwsMtSLnoDqaawXeKNzzoLiOfVfU3S92p+obQ0yyNeHDG/IXxtMzJyF6R8I/iFNa7ky31smWu4y/GwXk/LeO2/6taPtP0P9Vb6o6DUvn0z2y6W59NN4bm4wctcOCFDeMjPqtfWimvlnbV0ZDnR+Y45Hssw+PYZ5Xn8pH1rbuKSvoGytMkY83ceqwfVXTsNZC7+UC7BXqD2H0VfV2yOfLgBk+y00XOqWTl+R8bHWQ2yR8v3qyT2ycua3y5USlqCw7r2TrbpUSRueyLJ3yMLx6726S3y6iDpyvT6PWqawz4f9ReAnpZucVwWdNUiRuHY3SqaF8o8SPjuqeiqjnCvKSp1NDeF1FJM8NZDa+Cvlicw6XfmqmVtRbpxUU7iBnOy09VSaxqHP3VdNT6gWPbkFO6Krszwy5st2prrB4MwAlxg+6hXSgfBKA7g8H1VEwS22oE0JIGeQtdQV9NeqXwZceIB+eU2LBlFQeUVlsrprXUtngkLCDvuvZenLwLrRMkc4F2N14xcrdLA4kbgce6n9L9TVNoqWtc8+HnBC1Rlgw6rTqyO5HusfdGaqq1XFlwpmTMIOoA7FWTe60ZWDz77wHSXGrqIoSSSShBJJJKFMfnCemJ6gtjkkklCCSPCSShAZ7rhGoafXZPXWnGSqkuC1JxeUeJ/ETpn+D3I1lNHiCc7kD8SyGkH6gvorqSyw361yUD2t1HzNPuvAa+kkttbNRTtLXxPLSD7LLKKZ6Lx+sldDEjP3Kkaz+dG3GTgqvcPXZaGeMSDCpaynLJMALHZHD4O9VPjDAU8pgmbIDwVpKerbNGHM/MLMO8ql26t+Xlw4EtdsUEZemHZVui5GgSPC7lpAc05BXE9GFrDAFuSSQo8wLhgKYQOUCRueyprkOOGuTefDW/sdKKGodiSNvlJPIXrHhQXq2yUFVEHaxvkZ/l/1L5po6ue3VsVXA4h8ZzsefZfQHSt1N3o6SvoDrlDQAM/i7sPsm1tLhnA8hS6pfIh3wyrW26punwrvf8ANpo2v+VDjzE76mjtwtT8Db3L0vfbj8K7hKXwhzprSXbBzCckA8dx+qyPWzHeBbeuLK0traF4II+rwj9TCO+MfuVM66pKl1PbetbV/Jq6J7Kh2nfQ0+U/kNS0d/8A7+jmSat4fUv/APpH0O2VtJMA7Zj/ANlNml+RDaojMR+o+izPS/UND1v0vBdWNDZJmN14d9Eg+ofqtDaqoVMTrfVxgujbg54e31UONZD43tfY3qmyHqG1sfbnmK7Ux+ats7DhzCBnOf6Ttq+wUnpHqNnUtobWSRfL1kDjBW0xOTDM3Zzc/cHsoFHUusNfFbKvPyVUMU0x4Y7O0X552+xVZ1ZDVdL3JvXtoZrpshl7p2f8WE8z/wDMzB/8JIQAqOTe7djlFUKlqaesp46ukmbLBK0OY5pypUZH6o9qwLfDDJIetvqlrb6oWsECJJJKiDweyICMIS6OVCBUlwFdUIJJJJQg5JNSUIJJJJQglw8LqShARBzlcRSByhnlQhxJJJQg1ceyKaJ0E7dTH8grqShE8dHgvXfQ14+ElbL1v8PWO/hjnB1dbm7+Fv8AUP8ADzvheh9Cdc23rG0sr6CQGQACWM8sd6Fbh7GyDDxnOy8M69+HV3+Hdzf118OGvbQPdruNuZuHDuQPTlQ0ZVqw/wAv3+/8ntcUxIG3KkNcHDK8/wDh/wDEO09ZWmKropwZcYfGT5mHuCttDLnCgOGvtl2SzuMKLLE14weVIa/Vsuubq7qCyAxxY7RJt6ZUuN+3CZU0wlZtsQgU73gmGTkcH1ChCUkuZC6oQMOUcYLMZCjruT6oyA6qmjqGFsg+xVaBJTP8Gbdv4XK4QZ4GSsLXj7H0VshEBymYQXSup5fBlGx+kqQBkZU7IMkYHYyvJutejpKKWolbHro6rPA+nK9cxjuolwo4q6kkpJRkPHPoqaGU2zompQZ8WdSW2fpC/wAdfQAsYHhxxwV6pS3qi666abe6H/t7GhlRGdyfQ5/X9VZdcdEGN0lPWQh7HDyvxsvDLN1BX/CvquSlkJfb52iN5AwHszuuLrtH8kt6Ptf0Z9XbcU3S5PpbpatpOt7TJYrlHmupmkh7vqLeMe+P9VjQyp6Rvj2VtM75ZxMb289/9Eorj/C5qbqqyTCpp5fM8N2LSO5/VbXqC20PV9g/jVs8rOQOSDjcFcK2pweD7/oddHUw3QML1j0tDdqH5+1lr2OGrAXhfVHS7iX/AMrRI325Xuliuot7zZrgSA4bE9iqXrHpdxc6riaHMcM5CSxmt0UdZU89nzJJG6KR0bxgtOChEaTqBW26s6fAe6eGLS8ZyB3WMIIODyFFPJ4PU6WelniRe2eo+ajEbhglculM1kYcRg5VNBVSUkgfGcYWohfHcKUPcASRuij9wtNNGdPoSjUEop6qORx8uUq6lMU2kDYe6A0EDOUuccMuueyWT0WnLZ42yNOzhlckixsq/p2t+YphCT5mq2ewuyPRIPUaaW+vJXzRgdlCkZknZWckRzkBRZYcDhANkslXNGBwopGO6s5YyVDfGc8KGO6JGxjb1UaeMdgp+n3QJm+XlFkxXV7kU87NJwAmjlSqhg5x2UU8phzLYbRzmBzCcbhQXDw5QccFTNelCmZq3AVpHPsTyT6CvLgA8hXUEjXAOByscxxiePMRhXlurAQASeFTWDo6HVZ+yZexPycKTpGnICgRuzggqZDIHDCA71ViCQPcyQK+oZ2va0FUMgxggKRQVTo3AFAdCmznBaVtP/M8Ro5QqatmppQ5p45CmRSNqGjI4UOpiLZjIBsfdRm7DhJSRo4ahlTGJCRnCkUtRLG8aeOCCs3b60tkEROyvY5GnBakSijfRbwWzgZxqAUy0VPgSlrnbHsqukqgfIRz2UsNaRnjKx2LJ0qbmjbUczKmEN2J3QaulyMcKqtVxEJaDur4StqG7DdZZJo6tct6Rmq6lER2UMEjkLS1NJnPiR5JGyp6qiewF2nA7BQLGCG5uoEeyhTU+OQp7NtinOi1dlCiklhAIGnn3UWppsDVjH5q5npxjIaoz49Y0nZU+AXHDKfUWnBClUlSaeYSDsnVNIB5mjj3UEv8MkaUmUVIWp7Gep9DdcCgqBTzPJhfgOaTt916u6OOogbcKGQOaRnbsvlmCudC8SM2IXq3w46/IH8Oq5sMdgDV2XL1mnz9yOhptTFy2yZ7HQVjp4QH/U3ZTWvz2VKxwa1tRCfK7HHBVhT1Qk2xuuNZUzqRfompzCcgdkNrhhOScYCDjhMc0OXU47KiAHZbuEakqXucY3njhMOTthDEeDkbFA1kAt2EHgpygU9WAAyTn1U1rw7hJcRbQRJJJZ2gBJJJKiCXclBSRF4JLVErIdD21EYwc4djujsIGcrs2C3HqrAGwvMg9kdQ6V4jcIT3U3AzyoVk4kkkqIJJJJQglEuFK2qp3QOGdQwpWQuHB7o45TLMba55IZpbbPnVG46c84VrjIIyudQ24NDbnStxPFzjuECmnE8TZQc6hv7Fb6mGgNfTtqY/DIznuvFviV0u2N7qnR67j1XuLwDjKzvVdljulC8huXYXT010oSTTKtrVkWj5ahkdG8g9iUy4R+KHTtG/orjqq0vtte8BpDS47eirInZaA4ZBXo6bPkWTzV1bhJxZ2yXGSmnYQ8gsOQveulLxFerUGFw1hv7r58qIflpWzRjDT2W46H6hdQ1UcZf5Hn1QzjuNeh1OzFbPXqVgcfAds5pIU63TSxPEcjs6SQoFQ8NjhroXbPAyQp9SA6niq4hvw4ArFbHg9HTLBeMeHtyERQaF2YmkjdTliksM2xeUNXDwupKggByhqW5rdJ27KKQco0JYwjCFM0OGCjOQpTgZWymW1mWyO4xPU1rbVB8crc7bL5ivtDL0h1U+DTiCZ5LPTBK+vLjS+LJqxkLwr43dImqpDcIIsyQHVkc4XovF6x1WpZwfP/q3xn8mhzS5RR0M4mALVIqWB2H91lOk7o2WJrCTkDSQT3WszrAC+l1T+SCkfHmnnBpuj6x7PI6TGDsvWaKqL6VjiQ4kbrwu3TuoKlhccNft9ivWOnK9s1I3BzsuZ5Clze5HvfpjX4xTNmnpZiJQ091bQyFpAH6qiiJc5pzhWkbg6LTncrzl8MM+k6O7L2lrG4EA5CMHA8EKBE7YDPCPE7HJWGSydiIUHK6gpIBqHpp5XdXsuHdUW3wFTBsnoZOBlGzPJ5ZXVoLJhIwbnldY7U3KLM0SEAhQg4smdCTgt3H2U6IwrvqKaRlLOF1CUR5Yw7ssD19b56Oej6howQ+jlBkx+KPuF6HIcdlVXukirqGWmkaCJAW/qjiI1EftyuxWyviuNJFWwOzHK0OH5qeHeU7LA9AVj7dNVdM1bjrp3ufED3Yt413smJlVz3xTOZOpF/ChpZKYOOO+oqPcWgwOIG7PMPupWtvqo041NIxnZQAFFJqaDjkZRDwolK/VEBj6SQpAdsVAAbu6EeUV3dCPJChTOHkJHhcckHAoxU0V9Y3DtSEz6QpNzH8kkcqE3fA9UbMVnA8jt6qouIMNbG4DZw0lXDlXXICSLIb5m8JjMl5FnwGl43IShd5g4lCa4OiDs8pgeGu3KJIzSnjglSDVvnKqKgFs2MK2bLqjzjsq2rIJzjfKYlhmW3lD6SQDYjleSfEuj8GvdUNGz3OXqjHb7dlhPinBqt4qA3cuP5bLq6CWLEj599dab5/EWf25PL6baD9UqUHWdl2nOIkSkALuML0CWT4Hnglx8hEP08JuMAJZKNSwJY131FMf2TkOY6W5Pol3ESyyku8xc4tzxwqUtyc5yplfL4lQceqiuWGT5OrQsRwdxkgBTIhkYUaM5IU2DYD3TakyWkynboHHK7WOGNl1pw3hRamQ4WrOEZl2Q5Dl5Kauu3KTRkoTRFBYxnClRNyBsgRqZC3jbKuPZqr4Dwx6iFYRtxhAgiJwSpoZ5dhwt1cSWy4wEBBbuVHeTuuuyCQCm6mrXGGEc66wG5uTnC4dkQ4UaV2AUx8Iz/kwdVO1uCSBhZmqrJauUt1ENzwpl0rGVGaeN2fUqDHAY/MRyuPqrvklsNldShHISGPwxqSfUYbxlOLgGkYxsoMr/Nj1KxyeEPrg5Mc+QvO6FIdwAnYwFyCMulwd8pKbbNOFFBoIskEjhTWNAHHC4xgaAAMJSuDB901cIzt7mKaVsYxsqapmMkhOSjVk5zhRQcrPZP0h0I8HGNccFTqZh15IQo2ZPCsqWPGDjslxWSrJYQaJga1PO6c3hP0nYDunKPoySkDbGc7hSoIuDhciiBwS391Ljjx2T4xwKnM61oA4Rg1JoCIjM0pZONTgMpAEo0cZyDhHGG4WzjIC4gkKU1rWDbsuMLQNgusBkcAE3bjgkU2xhjdK8bcKS2DSBsjQwtA+lFx6DhGo5PQaDQ7V8kxkcXqEVjMEYC61pJwFLgpycOwiO5XVyPp4dW2FNZFpA2ShgAbkBMlqo4Mh55Rm1RjXHMgkkzYm5yqO5XDWC0IFfdmOy0POScKtY5z3ckj3KhxdZrnJ7KyQx7pX6nLsrwwDCaXtjbnuo2XSOzuUs5TtwyxpcyEZCs4WBgB9FCpITEwOd9+VK1BwwCkWSyd3RcJSZI8YEaWjtstv0VbDBSOrJWeeTf8AJYu10clZcIYoxnJ3XqUUTaSmZABwAsF0ucI9z4fTb2rmJzsHdyaHHhCkcS5PWOXZ66EkkEB8u/KCXHJyunsMrjnNaC5xAA3R1rLJO1I5NMynhfPIQAwZWPq6yaundNMfKfpHoFJu1zkq5DECWxN4HqqOprRGNOF2NLpt589+qPPRhF0xfR2rqWMHPsFXCUuduUnNNTJnPbgdl6N0r0RFZ4G3y9keK7BhiLd2j1P7LuxiqoJHxfyPkHY8zY3pTpCGhgF6vTsP2MURHA9StfTvq71VCGP+XSDYjGAUqShnvUpfUN/kcNartny9LG2kpYtUjdgB3SbJZ7PNXXOb5ZIpKemtjC5unUdgByVYUdFXXInxTiEHcEYyla7K6ocyqq2kEcNWqp42xswAABskPkwys9DbdSwUkOiNgbp3JTp7hG3aPfCi1NSSDBCcZ59/ZdpqcsOXcpeBDk2NYySql1P/APQKUTT0XmkI2GyZU1MVFFkgewHdUFTWvqZNTifYZR7GwiRV3OplncWnDeMKKXO3cQmgd8bKl6g6lht8Jgh3kPbPKNQGxiTa6vip8B7g3VnBVPbqa8dU1RioGPjiGMySNx/8vCPbuljVg3bq+aSmgH/A5GP8XqoPUvxDq6iN1n6SAo6VuWuqcbyj0A7fqeUEsI9P4b6d1PlJJwWI/ss7p1F030NGaayRNuV6P43N06ccanb459PVYmsqbv1FXNud4k8d7QdLc5DM84/QJUdrkqHFzHgRD8RRpqgQt+VosHG33KTOzafVPHeLr8bTipcr2A8WGkB8R2nGTj3R7da7t1K9z2uMNLnBz+JWdn6S+aeyturQ6Pkxu+k/daKqrWwxG32WnZEWjAeBhjElt2cI22WQrW6viX7GRT2To2E01JETM05exx8+fcY2VE6lunUNe+srZmxRkAMdjbHoApptdPSCWsr6rxnuOrJbjJ/UqnqOoLr1I91s6PbIyI/VXOGGEH0Hfv3T6ascnkfLfUkdGtul5k+3/wCxOuXUFt6cjNrtgfW3KTb5djdL8+/OEO3dLVl6ljvPVMz5HNJMdLjS1meTz3wP0VrZOmLR02PH8004GDLKcvKdUXOeoeYKCPxHZ2APKduUeD5vq9bK+bnY22S5Z2RuxkDPqd0+lgqbhKI4IyR3OOFedO/D+ruLm1t0ZoA4B7L0Ogs1BbYRFSwgHucJU7MHOnbkylg6DgGKusGXnnK2lNS09JCI4Yw3HfHK61pbt6Jzh7pUrNywK3DCNzgpgJHdOJwhDfjfHolqHsEMDgFCDjk5Cqbx1XaLLqbV1LXSt/4ER1S/+XlUTbh1j1OXSWai/hsD+JqwaX49Qz/qqfHZDT3K50drh+YrZdEY5KzdR1fU150dN2uprXZxq2az/wAxB/yUy2fDW2eL851DUSXardyZT/LB9mrYQUFLRRtio4RG0DGBsiU9qIYmk6P6ivLWTdRXFtMw7uhp8gn7laW19K2a0Y+UpI9X9bhlx/Mq4Dcb5yujkpe5y4ICAA2AwkkkluOSDc4SzlJcyoQ6uEgLjnADcoDngZOVCBQ4nskSMcqMZ3j6eEjrdzsoQK4gZOVGdK4ggNTww7E5/VINGOFeMkIjm1UjsAaR6rjqVz8eIQce6mtIOQhYwn18kA+DEAAGYwnJHZcJGERDiZnKTiAd0E47lUlkgUuaO4/VA1ZyEyQ4Gou2VfVXelg/Fk+gKvohOeChSTQQj+a8N9yq91VXVw/3OEtHqU+Lp+pqP/njJqa7sOyhCPU3lrT4VAdbjwOyHFQXm4u0VA8FnOc8q/prdb6MBrYm+Xg43RZa2CJuGP3UIVlL0rRQv8SZz5j6OOwVsHUdGwANYzHoFXTV9S44Y7AVfK2aZx1PJUSCayWlXeYWjEUgCpaq81DyRrBH3XRQlx8xRGWyAYdpyUz8QSvc6Wc5IO6YKQvOeFbinjZtpSLI2DJAAVBJ4IUNF2eP3UhtDTNOTHn80CqulNSDGvJVHXdQyPBbE7ZMwWaaWehpm4IDfzWer+qBE8w0zM+pyqKpq56l2qR5/VRdO5KPaNUCbVXirqT9WkfdV+7jkndPxjuubeqoNRSBnfclcIx3XXhzsaQfZWts6XutxaHuiEbTzlU3gm5IoZTrI07n2Vlb+m6+vLC2IgHnK29u6Qt9E1rpow5zdyrQNYwamgNapvI7DPW7o2mpiHVDdRHsrp0FNRsAYwNACg3HqWmo8tEu7eO+VQ19wu1yGaZ+gP74VNZFuRdVl8pabLdYzjjKoqu+T1eRQRF7h2BTaexx4EldJrceSrKMUUDQKWINcO+FWCuytitNbWgPrpA3/CFMp7ba6A6/DaX+p7o75ZpRgv2UZ01PH/feYjblQsMZWknQwAH0TXyRQtzLJpCgVNwcz+5GAVVVNTJKcyPz7KESzwW1TeKSEHwnF7uyqau51dQA0ykN9lHdGXHy7n2VhRWO4VeMxaM9/REG1tKlxLjpc/JHqpEFrq604giz99lqKHpWip3iaoaZH91cNhhZ/cxaQPRVJ4JKzCwZyh6QjaGyVjw53oOyto6KCkaGxMAU2SeCHHiyAfdUd16pt9G7RFmVw4wgUslJuRbDYHLdICiVV2t9vj1yzgn0WOreqrjVaw1+gO49lSumlkOZZC5EF8TkbCt60Mf/AM72Frhw4rOVV1rKx7n1E73F3O6hOAwAHJjztsUY6Ne0cXknKReShl+Oy4ZQoHtQ4vPKEZT6Lhl7YQScqBpBDL7LhJKbrGCfRAM2dsKFj9XuuEjCHkpZKgZ0k52KZkriYoQKSMcoZ5SyfVCx7qEOJJiSmCByRg7hBPKWT6pimCBCRjlDJKWT6pimAlHIUkY5Qjyln3Qy4DkokhkY/s6mpJiPBB6SSSAIYkkkrICXCQFwuG6E5wwd1QKQ50wGQgOmJymOJzyuKD0siJLjkpJJKBiSSSUIO8P3Q9PuiiPJ5yiiM44ylt5IBY0lwOFJdGC0bfuo76ukpRmplDVnbr1lTxPMdLl7u2EMppBqiVnRo5qqCl/vXgLP3brGlgf4dMS5w7ArK1V2ra5xfNKd+B6KEIfEOcfms7n6NtWkS5kT6+93CvcS+dzWnsCq4NeXZJJKLowQOEQM1AYHCBybNMEq+hgjyF1sQzuieH7JzYSTjG6oY7cDTGXYwP3TfC425VlT2+d4Hk2VpBaY2YdIxMUMiZWYKOnopZT5G4VtTWgNA8YKybBDCAIxj8l3xB3RRh+xbsk+j9PkxPTF+Mz9sA5GZ7ZVdcrdHXwuilaMEFWqY5qhMsynThqLLWvs9Wf5biXRO7Y9Frmk77KqultbVs1t2e3drhyCpNrqpXs+Wqf72Mc+oUAsJ6DVQRzxFkg29UZJQHo8vpDJ0Z1ebVUE/wAMuf8AMiJ2AeTwt/AGv27Kv616Xh6msslNj/eYgX05HZ6pug+pTeaN1DWgsuFEBHUMJ3DhtlQNPLwi9uVH42HM+pp2RrLXSPDqWZ2XM4ypYDDnVuquaB9NUfOQjIB8zRyoSSyjQtTlHpKqKpjD2H7j0UhQzsckkkqayUJYf4idL1FxhF1tZ0VlONTHDnI9FuFx7WvaWuGQVZaM/wBD9SRX6gZ4xDKuFoZOz+l42Kv6iminaY5Ggg/svM7tDP0R1O28safkqxx8QMHB7lemUtVFVU8dTE8Oa9oIIOUyOGwZR4yRKL5asjq+jLxF48EoeHhx+uF2A4f5L5LvFur/AITfEKfp52p9KXl1EePGpycnf3yD3X1jfqOWSBlyovLW0Z1xu9fYrCfHXop3xW+HIvVj8t/tDTPBgZLdOfGhx6YIx+a9B4fVR09uLPxfZwdZT925Hhvxl+Glt+LnRBmtkscd3oz4tFO9v4sEGJ3rqBxhfGXg1NFVS0NdTvgqqZ5jnicN43jt7r7O+FvXLrgDRVT2mRrW+IwnYj1XnX9pv4WNdr+JdhomtIP/AL1axv1R/hqHEfmCcdwvrXg9bHTS+B9S6/sfOvqvwctXW9VSuUuf8Hz/ABnYLsvlaZMZIQYycj0Uk4cAF7Vcnyfbh4HUlQ4YBCtIvX1VNvHJgDZW1M/VG3J3IR1sTYv0TARjlNQATnlGZ9IWgSdSSSREDJJJKAyWRySSSgKQkkklCxqSckoQakkkoQCkkkoGNSSSUIMTnLo5TkMuyAsZTHYLcEJ42TcFW0miEd7c52UXDqd3zce0kf04KnOb6hR3tOCPVZL6vli4j6NTZp5xnW8NH0H8CfiY10MNnuk48x0h7t8ff9V6f1ZZ2UsjK+lZpjkPnaOAfZfGdouVTZ6ttVSvLSCM4Povrj4Tdd2/rqxutlRpdNAwZa45dheE8hoHpbc47P0n9EfUkPO6Xbc/9WKw/wDoQ2sD28dlFfC5pJI2V/eLRLa6gkN/lHgjsoMkTJ4NI2JXP3YPdfB8iKKvt0NbEWOaM45XkfW3TMOZP5PrnZe4mnMWA8fuq29dPU9wgc7QC4j0WvTat1SOB5jw0NTVho+Ra2mkt9WWtyBnuplJWEEEAFeidddGBoeWwYO+CAvJ6hlVaanw5AcZwCV6jR6xWLk+DfUPgJ6WxuK4NZTVQnbpdgZSqaRuMg8qjo67U5rhsr6nqWTNawnchdiElJHhpZgyrmpCctc0EFQqeSe01rJmZLQd/stHNSZGR6KpqqU53AOU4OFm7h9Ghinp7nTiRpDgRuO4VDX0gikJZyCodDXTW6pyMhhO47LUGCnuFOJ4sOJG/smRsKlDb/gJ0d1bUWuZtNUyEwk437L2ClrGVEDJWuBDhkbr58qaaSklLXjbkH1W16G6w8Itpq15IA0blaI2ZOVrtJv/ANSpHrTXeyKDlRaWpinhbJE4EEZUlqamch/3OpJJJpQ9JJJQgkkklAB6cmpygIkkklCCTU5NUIE4wfReffFPpWGvgN8pYdM8ezy0cj3XoR3TXMDm6XYIPqMrPKOTRpr3RLKPmRzCBvyQodTT+IcgbrYdfdNSdPXcBjf92mB8Ij/L91nGt04JblZ3E9Xp71OKaMxKx7JS17cYKE8HIIOMK7rqF0zzKzA9vVVT4nEcYKRKODpQmmsFpZ64n+TKR91cAg7grHxudDIHB2MLR0VXFNEC12ShT9MVZDDyiUeD9kAgEp5GDhJMEojTRAhbP4U9TyWu8ttE8pEdScsOfpesm4ZChOJieSBnKuPeBdtULYOMkfTckL4JpoJYdVLNqGNXfHnaP2/VTumfl6uyfwmdpfJbnPpJST9bNsf/AOIrLfD/AKkHVXTrTK4fMwHw5Dnl7R9X5hWVPUy9OXlldK3FNVARVJHoOP1GR+S3Vrg8hfGdU9klhomfCa6ydG9QT9G3CU/KTSkjO3mPDh9wvb6yJweJ4jgx77c4Xg/xMsTqGopuqba0tdE8NmwN8fhP+a9U+HnVUfUljgmLx4zGBrxnuO6J8dmHVR3Yt9vs1T4qHqW3Opag6mjBGOWOHBCXTF7Jkn6Q6gA/iUDjoe/cVUXeT7dsKJEBaqw1kDCYJBiVo9f6lA+IVlreoLI2usNX8peaFwmt9QOdfZmfQpZmjzJRRHtlW74Y9SRdGVuG9P3Z+bNOc6aWd300jj6O/wCH7ADvt6Uw4Xzbb/itT/F+y1vwy69pHW6/4c1r2jDPFb3xth7Tjj1W1+B3xIuV1dUfDjracu6msYDTK8eatgzhsvv6Ks7X/Y0X6C2MN0l9y7/x+1/9z1/JSBOVxJNeJHOQdpyMlEUdFQNYLHpyanICHQeyICMIS7kqECLqG7tunN25KhBySYkoQekuZCWQoQ6kuZCRIwoQeSMcoB5SJOeVxQgkkklCDUk5JQg1cXUlCHiHxF+GN46Mub/iF8K4HMa467jb2Hyu/wATR27rWfDv4k2frSga+nmxOzyyMcNLg4cjC9DZ3XivxK+Gl16ZuMnxA+HGYps66+hYPLKzuWjsSoa67VOW2x8+n/8AZnsUcmcDlSWu1dl5x8OPiZaes6Jj4z4FSwaJoHu8zXjlegNfnfHKgqcNjw+yQgVEBdiRnIRmu1dl1QWQmvPdFa5cqIgXBwGExm3JUIHSXARjldUIFSTUkRANXSMqGEEb9ioEbpIH+BPnb6SrdBqaZlRGWkYPYqyER51YwVxRYnujkdDKdwdsqTnCnZCtvlogu1I6GVgJAOD6L53+KXw2Zc4X080Aa9gJjeAvpouCoepunae8UzsMGsA9kEoKSNWk1U9JZvifIXwq62rOn55+g+qvJBJMWMe4fQeF630Z1B/st1BJbKwa6KrGktLsBp/qz6f9VhPjH0BWVEX8YtkWm4W5xe+Hu71wfyCifD/rGLqy3Ns9fL4F3onag6TbWMeb7HYLkavTbuEfoP6R+p43VRSkeqfEPp3w5WXOkAw3DgQOQoVrrIrxbDTyEa2DG6tOj7//ABGB/TV7Zqlbnw5H7gjsAVl+oLXU9M3YT07S2CV2+OMrgXQ2Twfa9JqY6itOJm+rumo2NdIItj7LxjqayillM8LCMnzAcfdfTswpbtQaQ4EuH6FeZdS9PBkksU8QLH5wcJWODB5Tx3zxc0eGkZVtYqvwn+A8+U8JXOzPoal7HbAuOn7KEyLRv37FSLwzxMq3F4Le4wkya8ZBGxVSWEE7Yyregq/HYYJsOLRsTyg1NMGjUG7Js1lFqOQ/T1aaWsDHHActod9+xXnTJPDla9u2HAr0W3/71Ssl9QFkaeTu+OtytgxzAVFmYPRWTogOyiSNJ7JbWTqNFZJGPRQ5ogNw391ZTsyRgKPJGcKjPZX7K1wxlRjvkKa5pycBRi0nKmDHbEgTxgjb0Ve5pGcq4e0OyT6KBNEewRnO1FeUQjsnEZGF0jBwmJi7OXZHBGnj3BCLRzOY4BOc3UFGc0xkFNccmbOyWUaahq9TcEhWEMhY4Eb5WXoajQRnur6jqWuAJ9EuUcHZ0d7lgu4j4zdwmuaYn5AQYZwxwAU04qGAAbpLi2dyuW4nWypBGkkZUmpZqGVRwmSmnDjx6K7p5hUszjGVR0arHt2zIbtUEgcBuri11bJ26dQyoc1L4jSfZVkTpaCp8RpyPRKl+h0bHCSNZHOYJ26uMq7jf4oOcBZqGoFZDrGzmjKsrfV4/kyu74BSJwOpRfyXUDjG8HK0VvrM4GVmWtGMgqVQ1Zjfv2WWaOzp7kmjWyv1NaeVDqYhK3SU6mqBKwAndOdGT7LO1hnS4muCjng8KQgDYJzQMYCn1lK6Rh0N37qGGFuARjCoFkeSHJ2CiyUmncK3bGHjhClhzyoTbko5oC4aS3n3VNU07o5CMYC1MtPnct/dV9wpNcJw3dTGDNZW+0ZiTLeEWkrJqOUTwu0lpzzynTQ5GfRR0qytSWDNlxeT3P4bfEJt0ibbK0gkDALjghekt0kh0b/0K+T7VUy0FUyqgc4PYc7HGV7x8Putqe7wCkq5Q2UDAJ/yK5Wo0u3o6+k1js4n2eiwSkgAndTmSDSBj91TRuIcDjb7qdHJkBci2GGdZPJPyDwU5RWO2T3Eu9lnLD4CRaCMITSdQ3KKCAFRCNO1zSHDspFLUl2GpENdsoskU0bg6Lj0QNAFyw6xldGxwq6jqyDofz6Kxa9rhlIlEW0dIykBhcBxthLV7JO0g5JJJQoaCRwlqPdcXWfUFCA5A6OTxwPyUmOTUAfVNlaHMxhMgd4bNJ9VfQOMkgcp4IwoyLkq+wWtw9cPCakpgvAxziDgFIOce6akqyDk7MzWNJGQVl6lgtdydG0ERTduwd7LVnB7qtutBHWQlrm7jdp7grVXZzgYuStcdXCjvaSNJGxSpJS4GGQYfF5T74UmRnlBAW6uY3a+zxz4m9K6zJUxswPq2C8iLPBdpxwvqi925lxoZadzQXFpIXz11VYjbK9zCMEk9l3tFqUvtZyPIaaT++JnZGioiczG4GUO2VDoJQwuwWlHcwxuBAUOYBk+pgx3XV7Rx23XNSPcuiLw26Wz5OZ2XtGBlaWhlOh1M927CvG+iL06jrY8vwHEAheoQ1eisExPlfssltZ6TSX/ACRyaiikIGnsFaR8ZVPSn6XD1VrG/DcYXPtWGdauQVJN1hOSRyeTjvpKA4AZR3fSUF3J+6tCrARG+yFKM4UlmN8oRGStEJ4EtZIE0W2cZWK6rtjK+KaF7M7Fb2duBsFSXajEkJe1vmb+4XR09uDm67TqdbR8hXmjl6U6mkhwRBM8ub6DJWxt9Y2SBsuxyPVWvxh6V+ZpTXwR+ePzAgLA9I3X5iI00hw+PZfQvCa1zhsmz4R57xz0GrkkuGzfCD5qlD2fUDlajou8FkvykpIIGN1krTUOZLjPlOxBVm6KS31rayI7cn7Lv2wVkWjDodTLTWqxHsdJNrY05yQrKOQ6QFmOnbgytpWP1ZOkK+ikBlazGxXk9VVtk4n2Txd8boRsi+yyikcHDJ5U5mwBBVW06d/RTKWXWwErmNcnqIzTJiS4CMLuQkDdyDJIKSLIWRLjtxyunhDJOeVSFIY9u/KiVsRGKpv1NwD7hTUyVoeMEZB7Ii2iBr1YPCeOCosTi2V0Dhgt4+ylDgq1FMmBju6hTg6dxspp5QZmg4GFbQiaysHnfV0clk6hoeqqfyx6flagD+k9/wBlv6Z5kia88kAql6mtbbjap6ZzM5aSPY9lE6Bu0twtLqSpP8+hd4L8nfA4JVpYMlbcJKJpwMJJJJptG5KWM7JiSgJCp8B80fGl5UkHGVA80N3Lfwyt3+6mO3OxUAFr524UeTLZx6OblGAwo9Z5ND/VwaiawDIKXDB3CA0nVhNyR3SVipPAOr80Zz3CrYyWuYD+EYVrJuqh21TIOyNmWa3B378KHVN1t0HvspjSCwfmosozsjMV8eChjkc3XF/Q7AXHk+q5UOEVXpA+t2FyUasj02R4yc+T5JdPIfDDcZQKtgLNxnKdQvAZ4eN0V4wQc+qahU3lFXE/RIWk7+izvxEpxP0+92PpKu3gi5YDtvRRer4RNYpYxuST/kt+k+2aZ5j6gpWo8fbX/Y8JZkNAH5qVSjBQg3DyMd1IgBC9NS93J+arVteCWOF1JJEJAuOnjdQblUkQOGADurEgEgFUN5lDS8Z5We0bTzLBTOcXOJPdCcnjuuDlZG8M6ceEFi7KbTnGD6KJDwFPh4C1Vci5cj5H4bwoM0mrbClykaeVBlO+Uc8gwXIM5duixMJwENvOPRSogAAfRCaowyEjZv8AdWFNHwcKLG05ACsqePDQStNSDa2rIeNoGPVGA8vKZkD7LjiMLoQRlutwDPKYST3XHTYOMIRmyOOU9ywYn97CB3q4Ksudc1h0MyfUhGnnDGlxPZUNRK6aUuyudqtTLGyI2qtqWTgw55djlGfgNCHH2yNymzuAaBlc3OOWbEs8A558eUKL31ZymyEudkHddYMDcpNksj4rajheXEAdlaU9MxjQeXHcqNQUwf8AzXtz6ZVmcMbgbK4gTnnoC5ukb7KDUzbY2RamUAYVY+TU48oZ2ei64+xkji92SuwjJKQaXEABSYINwSFmy5MZKSSJFPFnGyntaANkOCMAA4UgDsnxMs5ZGxg5+ykxtzpJHqmxx4PCkxNI3ITYLBmlLA5jMY2UhrfKkxoI4T08zTnuEnjlNDXHspUUOwJRxjli8nI484yEYhrMED910tawbIcTS925WmMFgHmTHgOkIwOVNggDAD/qlT0+kai1SA07ABTCXLPRaDQJxU5C0dgnBmTyk1pzjKlwU5dgkK1I7lVWMI5TUhdhxVk2JjGD1CUTWMZxjCjV1wjp2a3du2cKG6MY1R3SH1FdFSRkuIzwBlZysr3TPLjv7eiFV1wqpTKAQPRRHya+Mozz3kPIO2e2LBOYC8bZ3UnyxsGcfZNDWxt8STnsFHLzK/ZxUOI7cBDrlcA3urCjg8MgkZKDSRNxkhSpCGD7IJPHA6l7nlkkvYxmNQQo6g6uxCrpakuOASFJto+YmbDj6jhY7ZY5PR6D/UkoHoHQlA6Vz7hIzDR5W5/zWwnl83OeygWimjoaCOBoxhoz90QanPJ3wuXY25ZPqHj6lRSoBvqXdPunsZgJEgd+EtPJ0sjBgclUl/uBZijheASMvI9PRT7nXxUkfiSH7DuSsTW1jnyOlccl5zyulo6HN5PL/UfmIaKl1xf3M7LNoGC7OfVVrm1FbUMpqaPVK/gBcmldI7AOF6p0L0NHao47xc4y6pfu0H8IXodPWqVk+G+W8q5N/Ix3SXRVFZaFtxurWmrIDgPRaGOhqbtO2pqdoGnyMO2wUv5J1XU65nfym7hqmFklS4UdGMZ2Lh+EI7J5PE3Wytk5SY2QzAtoLVCHSnGojhg91orR0+yjxUVQDpXc+y7abfDbohHGCXO3e88kq1fKGAY3WWUsmeTyFaW9hsFHmqnTOMMOwGxd/ohyzSOaWRnGeSpdNCyJg2AJG6EQ+WcoqYB3iPHshXC6QUbvCwHKPc7mIGGngd5jzhUEkr5sl2SQjig1HHJImqH1EzpJJMg8b8J8TMtJI29U6ktwfD8xWfyo2jU5x2wFmq+6VvVFa6y9OvMVBDtJUEbu/NE2h1NUr5bYI7deoJrhUjp/pzM9TMdL3j6Wfc9u6n0tusXRFvNffqw1VwwCx342+oYP0z+Se2q6f6Lom0drY6Srfl31bk998e6yNT/ELrVvr7lKHyy8/Ydkuc8dH0P6f+j7NTH+RqliAO+3iv6przNLIW0oOI2cE/8AzU2OhdEAXM0gDYIzvlrfH4zmAuHCZSUdz6inaRmOInf7LLOw+mU0QohtikoIEKiWtk+So2kNH1uHotPabBT0TRPKwOe7fccKzoLLDaoA0sbqIyTjdMfWCQ6G4ylqLteDka/ytenrf3YgMllMpDAD4Q2P+L7KtvN9tHTtGaurd4f9LBu5+OcD2yP1UK93/wCQmbR0Q+Zq3ZxDFvxjk9uVJ6e6OZFUN6g6sLp6vGWRF/8AcY7g8LbVUoLk+deU+oXqHtg/sZXW/p6+9byGt6gjFHaJhltE3Zz8ciQenG3fdamW5WLp2kEdPFFCxgw1rAAFAuN/qLjN/DenaaSrlk+ks2BK1/SHwgDqmO79RvZU1DN2taPI0+ue5UnYonkb9RKb5ZmbHYr91zV+NCwMoXfjcefsvVumOhrV0/A0up2STf1EZWipKGChYIoI2saOwHKkLNZPcY52NsBoI4bgDsmnHdGcRg7KK44zk4wqWfZQ/SB3TA8d+AqSs6npzIaS1QvuFV/3UPA+7uB+qZB05frvl9/uJpqc/wDwVNsx3/OeT+qW5YIK4dXUNPO+it9PNcqkDZlKNQaf8R/CokNi606ija65VVPZ6OTOY6Xecj0MnK1VstFutjS2io4ovdo3/VTQ0BT5MEKOxdFWGxx6KWlY6Uf/ABDxqmJ/5irtrQNucLoOM9k1reUpyyQbpA3CS65cRIh3PC4kmue1n1HCsg5I7BR3Vbclse5QHmsl7YaoQPJUNZsVHFT4mRHyuCDV/eZ/VPEQHH+ShAZbPnMh2K5oOcqQkoQDgLuAuZCRIwoQ4BldIzyEM8pagB6oo8kFpI3yhPlJ2wuPqmtOl3cKK6sjbs3f80UVjkgfJOUwyNYMucoplqZc+CExtHVy/wB67ZFgg6puVLGcOcdvRRJK2qqiBQUxLf6nhWMNup495Bko+ljANIAHor6IU0dpr6sj5ycsjO5aw4U2nstspjqEWpw7kqRJPtgILiSOVCB/EiiaWxtAA4Ud1Q45CESc8rirJBzpHEFRXAZP3Ug8KO44J+6iIdLW4OyDrHojPOBwoUkwZk4491aTYZJB2IATH1AZueFUVF8EYIa7Cpay61UxwHbFOUckXJoK29U8QOHbgeqoau+yT6mxuyPuoJcXklxyhhmEW3AzZxkbJO+V2Xc/dC0bndPII7pAc7qZKGub7ppA9V1zsnTjdW9n6QvV1/mNjEUP9biizhB7sFE/LjgDdXNq6PulxIkdpihP4nLe2boyy2iMTTf7xUY31bgKzL2RtPlDWjtwlStwDKeeCgtvSNstzQ5zTK8D8e4Vq8RsAaA1gH5KLcr5TUrNYIcR2BWZrbpPXP1F5a09gh5mAsstbl1JSUjjCWlxOwwszU3S43OV0LXGGAHPONkSRjDu7coD5QGaANgpFYDjHHI4UNDGQ6RwJ990b5mOJumPAyq97i5265k+qcRrJLM8hcXF4I9Fz5trO2Co+UsE/SMlU3go7PV1D9mu2UNziTqc7JVnTWqtrHYZDgepV5S9JwNAfWPDz2HCEmV6MiIaichkURdn0VhRdJ1VQ9rqpga33W0gpaWnaI4YWjAwCBug1NZSUUTnVM4YewUKTeSBS2Kgt51CNr3HuQpRAjyeAFnbl15SUship2CVw/FjLVlLl1Vcq57g2ZzGHsDhW1kZtcze1t7ttLGXvmBI7ArN3HrhxY6KhjLR3J7rKNlLj53Ek9kjpAzlUGqx9VdrjUyl8k5weBlRgSSS45K65wcdwmlwwpjA2EEcTclcJGUN/wBJVZNCikGLh3IQvFJOMIZJzyua/ZMKwFyMIZJXMobnAgjO6hAmR6rhIxyo5JJ5XMlQh1xJJ3XExJQgkklw8KBjUkN/1FcUIdakcri4XZGMooywQakmnlJFnJBJJJpIwixuCUcnEk08rivCHRjgRQyTldyEshCW3k6kmZCY94ChQ7ISyFHMmDwuGTIxhL3l4CFwA5QH1HIwmPcSc5KYrLOl7ycpvmRdDfRLQ30ULBroOFxJQIekkkSG7uOB64VN4DEATwntjJ7FRqm6UFDEZJZxkcBZe7dcyPJpqB33KW7Uh0KJWdGtmrKOijMlTMGkcDPKzV06zcGOgoGEA7aj3WUlqKmtfrllc4n1K4InEDdLlLca6tNGP5Baq41lcNNRKSAc7FDABGCPzXGxOJ4ypDYiNyEEotmhRUegAjx2Tmx47cqQGZwAN1Iit9RIR5cA90OwtvBAMWMe6kRQE4AGSraCyZw6YqwgpIIdwwZ+yoVO1R6KWC1zSEEjZW0FsggAcdypmwGwQJ6gN2wqEfK5Me1rWjAACTjgblRTU7HGVFNTKchzsom8F99k2SUZ5CBJUY4CA5zjucqNNXxQHDyP1UdqyMhByP1aSSSX41P2wMSSSUINc3PdQainc14qI8hzfQ8qwTHNzsoC0dp52zxB4O/dFUCIPo5iCCY3nt2U8EEZBULaysC915p8QLVWdNXan64ssIbG1+m6MYPrhz9W3cbr0tMlhiqInQzRtex40ua4ZBCgtZhLJVWm40l2omVtFLrjfwVIlYDgEZWAsfzHw86hPSlSddur5Cba8nGkk/3f5AjC9DcM4ycZ3UHZyiDROdSVZjJOlx2V80YGVVz0+cEc9k611b3aqWZ3mYdlDPOOei2SXGrqgh8D00kFdPC4TjYIZPASkU/VnT8d9tT6QgZG49ViOhb5UWq4SdOXBxxHlkWrtg7L1EnK8++IvTkrYmX+gw2eF4L9I5CKuWXkZ3HBvDu3GR/1WYbWVHR3UUcpINru8hhmzxFK78X54/ZE6O6gjvlrjeXjxY2hrxnuFcXG2013oJbfVMD4phhwPb3+62xZjlXh4fR8lf2gOhXfCX4nN60ssRbY+oH+K0N+lkuB4jM+wBK1XT90gvVA2KbRPTzx4YXDIe3G4I9N+F63crJRfFDom6/CzrF7JLhRx4jqDxpA/lVLfUtDd18pdG1Vx6N6nreh7wDFPQS+DpIxh45/zXvvBa/5Yqqfa9nnNdT8c2vR4x8Xvht/7OOpsUALrRc9U9G8nJYfxRn2GRj7n0WNjfnlfanWvRlk+JnS9T0/ciWGVuqCUcwyj6XD7L4uutquPT19rLFdacw1FFIYyD+IYzn919V8bqHZDZJ8o+L/AFJ4eehtd1a+yXP+BxAeNXdFpZyHNiPCCyQFq60hjwccrrRlhnk5dFvsAMHKUfIQoiXMBUj6dgE9ciGdSSSRlBkkklAJjkkklARJJJKBCSXcFLBUIcTUVNwVCZGLh4XUlCACDlcwUctBOSFzQ30UDBpJ6SEgIbrukDsuJwOVclkgI75GMKM5gP5qbp90J7M43S2WngguYB3/AGWi6E6tq+jb9T3SGV/hscDI1p+oe6pHN90w4AKw63Tw1MdskdrwnmL/AA2qjqdO8Nd/3R9wWe4UnXHTUVxpXNLnjLm5yQVQT0ctFMYpGkY4XhfwV+KUvRd4NJcJXOoZx4ZBOQzPdfUl0oaa6UTauDDtTdbXD0K+e6qmWltdcj9VfT3mqPNaSOoof+V+mYwxNqmFoGCNwgU4cXOik/Dspro5KSXDxx+6bVQiVpng2J5Wb5MM7k0pGc6i6eguEDgWDOF4R1v0YC6RjocHfBwvpRri5ul43CzHVnTEV0pnSRMGsDJC6ek1nxvk8b9QeFhq6ntXZ8eyQ1lmqzDOCWZ2PZXVLXFsjHjgLVdb9JzPD2Nj0yMJwccrzyCSWimNLVAtIOASvWaPWfIuT4D5vwU9LNuKN5S1EVTEHsIPqPRBqadrwqOhqpKeUPjOx5HYrQwzMmaDwuxXNTR5SUNjKWvt2sDScEcKPZ7zLQVHhSOOgHG6v6mEOGcLO3K3PY8zxNyCdwETX6DjJTjtZrKqlir6cPY0EOGQsu7xKGqIBLSCpXTd3ljlFHM/LD9Oeyt7nboa3cN0u9QjTwSS+N4NT0Z1YHNZC5+4w0tJXo8M4cBtsV84xyVNqqhuWlp2PqvWOj+qvmYI4amQE7AHO4+6dCeeGcTX6TH+pUjfjcIyjN4Hunp6eezjD0kkk0MSSSShTHpJJKC2OSSSUIJNTk1Qgk5p/ZNXWqpdEIHUPT9F1Fb30dVG0yYJieRu13svA7tQ1VouM9trYdEkDi0+/uvo7uFjPiF0nFe6SS6QsHzcQ5A3cPdIaOlotYq5KEzxd7cg7Krq4BnOMZVu5pBLXbFpwfuo1RAHj/VIlA9PXZjkoJ4dwAF23yvpps+vKl1EWDxhV8jPRZJrDNcXv4NHFMJWBwRVU26ujbpp5TjPBVq06zsrT/ZntjtYlHljz2UlMk+yZ/crosuiepX9J3gTvB+UqMMqf+TPP7n9V7xcoIrnb3Na4PjkbqYQc88FfNkrQdyvWvhL1Qa2hd07WuzNSNHhOJ+uPOB+mw/MLRRb92Gcryendy+VLk9O6Wrf4vaKjp65sD56eIN83EkQ2H5jP7qq6Uq6noTqR9qmkPgSybe7CUCWSe03SC5Q5Gh2Hgd2nkK96kooOo7MLvbsfOUfnYRyW9wtk456PN4zw+j15z46qlDojlkrQQc9ilQzmNopJ/wnykrC/DnquOstsdFWPxI3y7ncey2kwwRIBkY2KW1xg51kdksHjP8AaD6ArbRVw/Ffo5hhq6CTxa3SO+BplPucEH8ln7pX1XWdlt3xa6IqGRdQ2Mh74c7kN+tg/bS0j6F9GU7qC4Uz2VELamGQFkkT92uaeQV8x9SWur+AnxHDKV0rem7yQGnGs6PUejmO7f8AVZZRa6OxodRK+v4n+cVxn2vaZ9SfDb4hWr4l9LU/UtsAYX/y54tWfClA8zf1WqXyLZup3fA74iRX+PVJ0d1aWmuFPvFTyEgtkYf0O/4SV9dxeDNCKinl1xu+l2MZR1Pemn2jneQ0saJqyr8Jcr/7r/oIcorCMAZUcjBwntJzyntHPJSS4OF1KIOSSSUIJdzhcSUIJJJJQh3JSyVxJQh3JSyVxJQgkkklCCSSSUIJJJJQg1JJJQglxdSUJw+zxn4pfDGrtNVJ1/0C10VXGddRRR7CX1I9Fd/DH4mUnVdE2mqneFWxbOjfs7C9Ojdp3XjPxS+GNwoKt3XXQZdDWMJkraVg2mA3y399lDRGcZLEj16N/tyjg5Xl3wz+J0HVFMyhqwIq2Lyva84OR2XpLJCBuoKnHD4DSN1D7KI9hbuFL1+yG5upQojtkIIBRmPyEKSPcEdkxr8DBUIS8j1Tsj1UQEl2corHDYEo8EDpDdcBGNyuqiEauoWTt1gAPA5CqY6h2owS7OYcD3V8BjuoFwt7JR48TcPbucd0cZYIRC4+q62U4wVHD3NOh43RdkXZaMt1j08+pAuFEwFzQfEaBu4eq+Ufib0XcejLuer+nMsa+R0tTCG7u33X2u7B7rBdb9GtuNNURMjBjqONvpO+yRdUpo7Hh/JvQahSPE+meroupaemvdtqHQ19McVB9+235Fer66brvp4MfoZVgc/4gvl69Wu9/CfqYVby8290h8gbkSAnZpXrnQvVtDM6K6UM2qOTAc3PHsV57XaTHKP0l9IfUkNS1CTwGp/munbi+ir2ODHHTnsPdT7tQw1cJLmhzXDIK0XVNoi6loRcreQZGt8ze6ylpuscoNrqTpliOkErivMHg+qb4zXJ5x1h0tqjc4REkAkEDdeYzwOjc6NwILThfR12oDISC0cceq8h6t6blpZzNGzAyc7cqNZ5PM+V8d/XWYqKR1PMJO3dW8pZU0/l31b5VXPCew3C7aa/w5DA/wC26Yn6Z57a4PDGSRmJ2Butf0jc9cfysjtxwqGtp2OcJGN5G6bap301cxw2Gd0ucUatHP47Uz0Rzc7KJO0DgcqTG8Sty30Q5IiUjB6VfdyV8jBzhRXtDtuFZSRHGMKBM0sOcKsgyjwV07A05AUaSLG6sHtBxlAcz0UMNsSslafRRJWYHCspWgHhRZmggKGC6PBUTtBdsEBzduVYTMwdgoMoPpwii8s5N0eRjOd0OZucEDdIAh3KccFuE9IxuOQbCWnZWdFUkENKq3gxuzjlOZJkbdlHyFXZKt8Gsp5tQa7lWtulzMA7hZW3V2CInK7gkLTloz+aXwjv6PUReHkvamDxI9cWDjdPttTob4ZHCFbKhk2Gl2/oUaroxCROzIzyAcJM0dyucZ8xLRj2yNAAUGupABrxlKkqS0AOCmvf44HZLwPb3FZQV7qSo0yjyEYV60tD2yN3DtwqO4UWGeIwcItnrnk/KzHIx5SUDjkKqc4vk2VBVeI7Q4jhSQ4sdkDCoaSZscgLTwrmOdsreOUiyvB2dPqOEXFuriC1pIV8x7ZGBwWOgf4Tw7fZaS2TNe0ebO2yySidzT3Z4JvOQoU8IB1AKad8LskIewJL4Nqw+StaMfkuuZlHfAWuyBjK6WAKuxsV+yE6LPZQ54Adi3IVu6HAJIUWaLPCgNleTHXGlNPM5uMNduFXOiPI7rY3O3/NU+G41t3BWWe3QXMeMFpwVDl6iGxkeMe/CsrVcam21LainkIIOcZ5VbINDtu66HFw9Eu2tTWBdFjhJNH0f0N1XF1DQhjngzxNGod1ronEHBXy9031FWWOsjnp5iwgjO+xHoV9A9L9TUnUNGx7ZAJgPO1cLV6bZyei0+oVvBqGPyEZrvZV7XGMjIUiOUEfdcqcMG1cktOkztugA6iMI4kGkA9ksh1riThPyA3dBTt+xS2sE6I79UUhmbwFOoqjx2A5GUBrWuBDhlBla6lIkgz7jPKEBl2wADY5yukZVbS1bnkEjf0VizjJKABrBxJJJCyM65cXXLiUCFQnswirjxlqgKGxkb7oyiAFpyjxv7FWmW0ESTEleShJJJIWQaSexTTuE5Narg8MtFHc6M08prGDDTs8pjZQ9o991dVEbZ4nQvGQ8YWdbHJSSuhkydJx+S30z/ZojLK5CTM8uRyvOfiN0sytt5rqduHxHJwvSh5hhVF0gLg6nIyHBdSieHkVZDesHzRPTlpw4bhVFW7RJgheg9b2GS2VzpmsIY84OAsBeYXxME7RsDuvQaazeec1dWxthrbVmGdrmnGD2XrNquoq7SyfV54wAfVeNUM7H6SPRbzpe4RupnUwB1A5+4WmyG6Iei1GOD2Sw1IqaKKbOTjBVy1yw3RlweXSUxOWt8wWzY/Izjlcm+vk9JRLMUyQCco7OFFHKkM4WM1QeRyYTtghPTWqFpZAOcU1GezG+ULV7JsUDKOEDkaHDdRZomuaWkbHZTnjIKgyAgkLXTNwZmtWUYTq2zsq6WaBzMggr5jvFBN0v1K8aS2J78j0X2DeIGuizp3XhPxd6YFZTurYIgHx+bIXo/F6x12JHz76t8b/ACaHNLlFVbasTRtlYdyMrU07xX0IZy8DC8w6TuhLPlpHedmy9BtlW2F0buRndfRabFZBSPkkIvo03R9zdSzmklONJxuvRYpxljxvnfK8nl/kVMddTnyuO+F6DZK9tZSMIduAuRrqeXI999K+Q2v4LGaiOUPG+Mo8T9BACq6d2HDJVg12poC4NsEmfR6rtxZxvLmgpwJyo1I8BgYeykAg8LHOODbF5Cg7cpZHqhZKWT6qYGpZQUkY5Qjylk+qSiRaQxJJI7KyyBcYgzTPGMFp3+ybG/U3OOVJmIlGkjbhVsBdDI+ledm7s/5UZCUmOGQnpqgMugMsYOMBYBrXdL9dNLDppbuCNPbxO69Ecsh8QLW6stnzcAxPR5qI3DkFuCqnnJitW37jUg5JHouqq6cuf8Ts1LVucDI+NuvHrjdWmpNj0OrnuimwaSSSssr7iPDrKeoaPqfo/VHI3KZc49cGrG7DkH0K5GSWgk5yAVAB45QrgNUAwN2nUnDlKpGqleOdijFzZFbnSHH8SchwyeJTRHG7dj+SeDkk+qgtjyMqlqBiqcrpVNfGYnGfHKYxEl6OMJwmPAwns4TXDGMokY7OzO3OPTNqA35UcOyzOcqyu0eS4gcBU9O8+GGnkFPhg5Vz2zZKopP940k9lPc0A8qqhGmu52KspAchGhSeUUk58O5jKBfMy2qcHsCf2Uu6BrJmPDdyNyo07vEpHtx2WzTPEjha2PyV2Vv2meHvaBK8Yx5ijwjAGy5WN0V1Q3GMTORG4wML0um/Hk/MepW22UX6Z1Oamp34Vol0IGS4+rOwWXusolmLWlaKvfopzg4WTkJc9z3ckrn3yNWmjzkZwEJ25RJTxhDjOMErPHs3YwSIBuFObjQFFjGCEUO2IyttYpnJn+blRzg90pjuMFBAJPKsZBDmNLnhWELSMZ7qLBERyFY07c424Vo0wXskU0OojIVkIgGjfCjwNDQBhElJ089ltrSwDbPCHOPoUN7sDcpjTvueyZIfda1wjnWy3DQ/fhDmkDBjIXdYAKra2bsCl3XRgsslccvgFXzuewxt7qLFDndwT2tLnZcE4va0HAXKsnve41RQJ5EQx6qvqZi46co1XPjZRC0uOVmk9xojHA5rTnUe6K1hecAIcQz5VZ0tOI93DOUMY5Lm0kSIGiOIADG3CBUzbI+WtBGrkKprKhpOG5IRPCQmH3MFUSEnlRcHOV0uLnZUiFuwyFls7NS+1DoI84BG5VhHDsDhNgiaADhS2swNgpBGWyZxrSFJjBaRtyuRsxjZSI25OcLRFZMdln6HsYOcIzcDfC40DCfpPZPjEU5ncZT2tIICexhJGylxQYxsmxiIcjkMIOMhGk0tZ9k55EbcD0QGsfI7bZMT2spRcujjS579OM5U2npi0h3quQQhuPKFPij2Gyenwd7xfj9/+pMUbMDhEwE8NAGEmscd8H8kuUsnp69Pjo7FCXuAAyrOKDSBkLtNTeDGHuAJO65V1cUUep5xjhVk0qr4o7gdZMynjLie2wWWudZ80wx4wu3O5STPIDiR9+Aq18vqmHnPJ+QdjaizmstAHKJC0tw942TIoXSu9ANynzSYw1o2GyI4M5jKiR0z9LRgDZGp4Q0Ake6HGwk5wi+LoUExeZEiJwb7KBcLm1zvCj7clNqK9reFn3VLpJDt3KTKWDdVJIumVOrB5ytz0JZ21VWKqUZZHhx+689tbDVTNi917V05RMt1tihDMPcA5xWHUSye1+m9PG6fzPovA46sBTIWjSCeyhwAuI2U1n0hc6bPo1XCC7AeiiVDxE3UXAAI0pw3lZq+3QsIpon4J3Kdp6HbLBl8h5CvQ0uybKy93H5qYudlsbNmg9/dZ2oqHPflp+yPX1TZX6GkkDv7rb/DroSSoqYr5dotETPNCx2xJ7Fel02nVMUmfCfqLzi1VspMs/hx0E2Jrb/1BCDIQDFER39SF6G1rp3kjZrePRPwNgMaRsAEF8s00nyNFjLvrcOy2NpHzy66V0nKTEWz1D/l6KPUeHH0V9bKBlFCGgDUeSm0VCyiiDIgdX4ndyVMbsMErNOWTK+QuQwZTCXyEZTW5JR2gAA5wgFvgfE0NIc5QrndWwt+Xhd5u5QbjcAweDA7J7kKJDbjVfzJ3EOVRWHkpd5BtZUVW8bdWeSp0cNDZ4xW3SYNY3dElmpLVTF7yGtYPzKzr21XU07pqxumkGzIztkeqJtHX0PibvIS/wBNfb+wdyrbj1sHUg8ajtRcdQZJvJ7Zwj1VZBaaf5C2xMbI4duT9yjVNSyjiFLSNa3S3Ax2VFJGWudJI8ueTkuJws1t21H1Pwf0xTpsWWLkhNhe+R1TUkySk5JPASfUtORjKgXC9S+IKGkZrL/qcDwtNYujXBray9RebA0RHcY76h+izfM5HuLf/lYZnw/0Vlq6Yr7o81tQ4/LgjbHHpla15oLLSBseBp5I7oVVeny1Ao7Q8Ol5kl/DH6A/ff8ARQ3xQ0MDqiunc5jN3OcOPyR1V/I8s8X5zz9emShb+XpCkq7hdZHztBFMB9WcKgu14e+oFo6ZiNZcHAh5af7o+mEx91uvVL3WjpmEwwv2dVE7Aezf/VX9PRWToO2mOnBmuMu7jnLpZPT9yuhGEK1wfL/I+Tt1k/veUukDsvTtL0pC+7XmRstW4ay93+imW2xdVdezvexjKK1l2zsYLwr3pf4Z3PqGaPqDrqQFgcDDQN3YG7/V+y9bp6WmpaaOlpoWxxxjDWgJN1vpHHnN4KHpPoizdM0oZDTtfJyXuGd1omS9gMBN4XWs2GDzwsbk5GZvIVIkAE+m6pbx1JRWw+E4uqKj8MMHmcVXtoOpOpg11bJ8hRn/AIbDiVw9HFX0UGuvVlNTvFHQwPr6x+dEVOcgf8x7YUePpq/9QaT1NcPCojv8nTDQT/zv3JWit1loLRGY6GPQHfUe5KnNQufoIhUFqt9pi8G30rIWejRufzUjV7JxJ7piU3kg5JJJWQa/PY4XWrqC6YjhqhB5IHdDdNp7ZQiXOTmszujIBmmqHnETUIQyPwJXZU4NaOExzfdQgLwWsxgfmnDghPXDwoQGeVxdPK4oQcSMcoDtyUi7sSUNzgBnlQh0gobpNPKa+WU7R7IAp6mQ/wA3cKEHGsDSQG5yguNTMQGtwCpLKaNhzp390XIHHZFGWCENlBLJtK3b7pwoKdmPIpjZSNk1z9W2EcZZIDaxjBhrQMLmvI4SXCA0Ek7ImQY8knYoXmLdyh1Fxo4Ml8oVe6/U8rtMLx+qohOfycoRl7YQPGL/ADZO6cX4GcKlJsg4numl7QOR+qCXEbYQ3lkbdUj8ItpCQ6owdgFEqawsweFX1d3p2eRr91R1dyqJMgP2RxjkKKyXNVeBH/xVR1d0lqJHYecFQXOfK7zHP5rgbjunKIbWAznukOpyad+UhslkKFIS4XAdwkTyBz6KfbOkb5eXN8CnLGO4e7YK20uw84RVmVu+4VnaOlb3eC0w0+iN/Ejthhb6xfDy02pjZLg0VU2PMHHLcrTmQMaQwbHlInauog78GbsnQditETZqz/eakc53AKuZXsDdEQDW+2yi3K5UlGzXPJpPYDusjduo6qqb4VvBa0/U490Ed0uxbbZfXK801ITG14ecc5WYrr5U1TXRt8oPfKqpHuO8jjq7oTpzxhFjIQZztTTqdn81GdOQSMJEk91wMwcoo4iQRe9w3KGc91J8MYAOxToaGWoIbE0n8kTCbwQ0SOMybAZPotHbuk5JvPUDYcrQUVmoKEamwNLj67ofkLlLBkLf0zX1gD5QImn1V5TdNUtEdbiJHfbhXctRBAdDyGZ4CyN4+Iljt+W0kvzj+xiPlP5quZFJOZo2MZBnOGgeqo7x1lY6AuDqkZbtxnK88unWl3u0hLJnRRnOwPKppsyEF2590eGNjU1yaq7/ABDrqrNPb2CFn/eAYcfss5VV1fVDVUVL5NXq5Rg3CeSNOkHKg2NYz2SwE08pIxqikLJS1e64SMIJJzyoXgIXc7oZcVzJ9UlCHclcSSUDGJJLjnDHKhBpIAO+6ASeF08rihBiSSShBJJgOU0nKgSWRyS5rC45wIwCoWMSTTyuKEEm5KSGeEUY5GRhnsfkeqahZOvGU/O2E1YiGoex2QmavdDfIN8FBLyDkkoHPBWMErIHJXCRjkKFJUY2CA6pkxhuyDeMJbngHlMdLgcqL/Mcdyd09sfB3UykQTql4PlCXiSP7BdeGjBcgzV1PENzk/dTchkYNh0lVS3yEnS0b/dcjuLpPqOQqD+Nrssdv6guILXFx3JRmluOURTjgSSdgDlcL2sGScBU5IAWCujDRl2w9VCq7vS0w+sE/dZy5dT1UsZipHYyg+RD66ZTZpqu5UtMMmUZWZu/V8j9VNCMgd8qhk/iFSQZM/qnNomEgyDdJlLcbq9PGHMgU89RVbSOLgmR0RznGMqwjpmtwMI/gaiGtG/2QODyO3KHCIcFM4dkYQ777KxprXUOIdpwFYR2mHAdL27KwXdFdlEyl1EFrf0U2C0yzYy0gBXUMVNBkNiGfUroqA3gJhnnc/6SLT2aCPcjcKWxjGjDcDCa+rAyFDlqz+FA2sA5nJcsnvGBnKhzVbGHB5HZQ5qqdxwHbIO7uTlKbQUYBp66VxAi2HqmOkc4bqJLcaKl3mlCpK7qkOJZSMIA7koZTjHs0R005Pg0b5hENTzgDlV9VfaGBhMby947BZia41lTnxJXAHtlRSzO+Vnldno216RJfcW1X1HWS5bFhjVUy1M851SvLvzXMBdS5WZNKphHpH7KpJJL8in6/EkkkoQYknrh4UKbwDmAxhdgOIw30XHAk8ZCTWkEHGFBe9hUlwcLqhRQ9b9KQdW2Z1C93hzRnxaeXGTHIOCqLoHqWW4w1Njvkui7WkthnYRgkY+rH3yt6VgviH05cmS0/WXS4zc7cT48JO9XB3jz+WfdWw84NiHggkHOAq+pY8SfMQnS4ei501e6HqWzw3WgdlszfM3nQ7G4U18Rb+H91RJLKwTLfVGphBP1DYqXgqipZnUM+Q3LHdsq9ZK2RrXAbFQyzjhnEkkkqSyAEBwg1tPHW0zqaUZY/kIx24SB3VRk0w4yyeQua/obqYyM1CkqHaXN7BxOxC9TpKmOeBk0bgWyNDhgqn6z6divdtdoYBKwFwdhZvoG+v1S9P1riJ6bdhd+NvGy1wky5vcX/VFrrGyQdR2CTRdbYTNFGDhs7R9UbvYryf8AtIfD2Hr/AKOofjX0G0mvt0emsaG5PyzQMk98scHDGF7juQM8hZF1UOguoJayqY13Tl/nDK6PhlPUOBAlxwA7Ol3HK6+i1MtPPemcrU6dajhdnzd8Per332gY6VwEzBh33Wa+O/wwd1lZWdTWOEfxi0RaC1o2np+7SO7hjy/crXfHP4XXH4I9ZQ9Y9MQuksF0qDhkRyyB5x/LAHDd9lZ2DqCnulK2vt0x0O75X1zwvkI2xV0TxfkvHrWVOqzo+IqeoLgjh+vsvXfj98LZLTVO656aodVHUvAroIxjwHf1tH9J3/Qrx6Fw1YXt6bVZFSPjnk9Bb4+347F/j/BZ0Uz8lrjnHGVYMIwqmIljmkd1YxYIBJW6vo4syVkJ6ADvynjhOBbwESSSUEuWRySSShaeRLoBykOUTYgbKBiA9UsBdXRwoBN44OaSuFuBwnpYyoKU+QBHolgomAuEDCg1PIFJPI9EsFQMYmu+kpySAm8EQcpYKJgJYChASEpCYhDAvZkcqPpPdTiMoLox2KU45DTwQXN43X0R/Zz+L4ic3oTqisJg0k0kr9y32z6cL59kblqjRyVFHUMqqaR0ckbtTXNO4K4nlvHrVVcctHsvo76pn4DVbbG9jPvm/WWF0vl8urghZWaGagmLHjy/sQovwP8Ai7b/AIi9P/7P3hr/AOPUgBc7tM3H1D044WvulvY8Oikbkj6SvAWwdU3Fn6i0Osq19MbqZJpoy0kLSPFi4PI9EB423UnL6WV0EzcB2wK7JBpAI4KqEnFmq2CaMH1l0tBcIXTwQjxMZIC+e+uOlXPLnMhLJW539V9Z1MQznCw3WfRcNzhfU00QEnJaBz7hdzQ61weGeC+oPAx1MXKKPlGhq5aeT5WryHNOAStHQVhyG5ROr+kJ6GeSRrCCDnhZ2grHNcWuBBbsQvW6PVKaPgnmvEvRzbwbVjxI3JIKbNE07gZyq631YkABPCtWgOaD/qupGW481hw5M5drZJG75qlBBG5AVn0/fWVTRSVpxINgT3U0xh+zhlZ+5Wue21HzkPmjJzt2R4Gb/kWGXt3tzpma2b43Cq6Ksq7RUtlYXDfBB4IVpZLoyuj8F7gSAmXiiGkuaOEaBT28M9Q6S6pirqZkM0uTjAJ7exWtjlz+fdfO1nu09rqAWvOnK9e6W6pir4mRySDVjAOU1M42r0UYt2Q9mw5T0wcBP909PKOUJEJyhp6MGTwJJJJQASSSShBJJJKEEkkkoQSRaMb7hdaupbKSzyeWfEfo8UsgvNqptLHnE7WjYH1AXnsjCRkr6QmhiqInwTsD43ghzT3C8c646Rq7HUuqKdmuhkJLC0bsz2KU1k7mh13VdjMNPTiQHZVE8JackbK/0qJVwhzMAblY7IHoq7Eijc3DgfRW9vrg5wjcMKtfEW87LscxieHhufzSOh80pxNCJPZKVucIFHVNljGOVLTk8oytbWRHN91yjrqm03OlulIcS0sge1HezGN0CRmRsMq09jyU1uWD6Lt10pOpLTDdaYDw5RjGe/cKy6frI7a+Wlmf5Zjhm3fsF4h8LeqnWu5t6fqXEwVoIiy7ZsoOw/PK9jezSQ7G43C6dM98cnktZpp6abi+vRKdCbRem18R0wznS8DYCRendPXiG7UxhP1sG+/IXndNMy50xp6ljS5v7+/3VjZap9tqWOYSNDsOHq1W+jmWw3PJuBI60VBcW5hkOdvwofWPSVo+IXTc9mrnlombrgmbzFL+F4+ymRT01zpwcBwI3BUB1wf07VNErXOtcp/vTuYnen2SWuREG6pqyPaPnbpbxq6lu/wV60Hh1UeoUmvfQ4HzBuf6QMtXqH9mP4i1tLW13wX6zkDbvacmgc/6p4gf7oeunZzf8H2Rf7Q/w9muVFH8RunXuZeLUBM9zG51xt/F+Wf3XkXVFVWdU2m2fFDpyUwdTdOv/wB4DNyQwgbjnbP/AJFlkmpqS/8A3R6KCq19Pxvp+/8All/7M+3vc910crEfCP4jUnxV6Pp+p6d7Y5cmGqh1Z8Odo8zfuTnC25aGjJyPutUZKSyjy9lM6JyrsXKeArSNI3CJkeqiDIPKeHbYJQCyRkeq6ooJznJUkcKEOpJJKEHJJqShBySSShBJJJKEEkkkoQSSSShBJJJKEGpJJKEEkkkoQSSSShR4/wDFr4Z1cFeevOhcxVrTrnpY9vExyVZ/DP4mU3U1M233E+DcIfI9j9jkL0sHC8h+KHwyrqerHXHRIMNXATJVwRt/vT3eP04UNUZKUVFnrUb8lGXmXw1+I0XUNEyCucIq2PyyMdscr0lr9s55UEzi1LAnNygSR9wFITXtyFCiLnfBRANuR+q5NGc5AwhMcc4KZkhMyU5RwcoqprBB6cdkJPVEK2vo3PzNCMObwoLJuxxlaBmMEkcKmuNCWO8eBv3CaQYDnKHM4PidERkO2KTH48hG64/lU+UCeTfFD4d018pJWT07ZYXg7Y3C+YGxXn4TdQmCV7n0VQ7yZ4cAePvuvvOaGOojMUrQWkLw/wCMHw4pq+mMBjHhzaiHBuS0jGCP1WO7T/Ij2P0x5x6K74rHiL9/oL0h1JBPDDU0dSJIJWhx9ACo3XFlML4uobRTAtziUt7++F4l0H1PW9CX5/SV0me6lZLoeDyMHkL6JtNawj5WZwkpp24wdxg9wvO6rSfG+D9T+B8otZpY7uZLszlFUsvNvbUx/wB4wYezuFTXa1RV8RikZv2Uq5RT9IXlwbvT1Dy5npgqymY1+KiNuqOUaxjtnssOMHfw7eD576htj7ZcZYHtIGokLOVUXhSmRu2rde79YdOUt3p3PjiAmAJBxyvFrlRyQySU8oIdGS1AeV8ppZaazL6DUNUKqnDTjU0YKa5jo36gMEbqmpZ5KKp1H6DyFpX6JIWVEYBGN1OznQnhmqsFb49N58ahjZWj2jGpY+xVhiqgzscLZBpeNu6U1k9JobVdDDIczdRACgzsBGVZvblQpoyztykSWDbOPBVyNOeEGQZGCpsrMnhRH7FUYLUiFI053ChStOFZzNGOFEkbk7KGKxJlZI1Qpo9O6tZWdwocsWRhHF4OdfXlFY8chMiznnYI00ZZIQh6gDuU5M5U1hnZG6gCAop8pI5yp2NTVGkYc5CMVLsfBUeE4PA4Wjoq2OaIFp39FlmqXSVBp5A4ceiGUTVpbPjZqYZpIZBIw4Woo6htfSljiCSFlKaRs8eockKTbq51JMNWS3KW0ej0eoUZZfTLySOSncAeCptFIHDSTuns8C40+W4O35hQWNlo6ka8kDj3S8HZUccotJYxIwtKpqpjqR7ZmjcOV5FMJmZ5yo9ZSCVmkjGeChwHjK4G0dbqa122T2V5R1TiAMLKRh1LIC/YNKuqKsa4hIsH02bZcmgbIXYOVZWutEEoB4Ko4JNTQjscQsk45OzprtrybiF/i7o8cpHlwqW1XAGNgcd/pIVsyUZysrXJ3K7NyDuia5ocAgYw7ClMla4aeMpstO7ILQhNUVkjyR+UYUbHYtU7bjCFLEDjCoJrJXzR7beiy96t2hxqGd+QtjJEQMFVlfTCZhjLc591Zi1NeUYXUHHHousZncrlXA6krHxOGBk4T4TqKNI5X4Swxr2HOwWl6P6qqrFWMJkIbkb5/wA1SaA7AAyUOSMxEEjCRdTC2LTNNds4SUos+pbLd6e9UbJ4XAu0guAOcZU+PIPK+fehet6qx1kbXynQ7DSCdiPRe+2yuo7xSNrKR4OoAuaOxXnb9K4cHo9LqI3RzEnxHVyUQ7YwVDBMLso8UoeN9lzJRwzW0HTw4BMyE0E5SwQqa8BzcFIOGOU9pwclWQj4khdqaMYU+mqvEaGk7hCkDXN4UPLon6mpYLWS8BwiAYUCmq2yMAJ3UtjwRkFDhgT4CAYXUkkoAS5keqR4TB9XKhAh3BKZGdR9EUEAY9UF40jUoQMkhxvGkZREAIkkklCCSSSVoiGHcYVZcqUuj8Ro8zDk+4VouOaHDDgCE+MtoaeDNRnBxhDuEHiDxgN1MqqZ0NQ4AeU7j7LgIc3SQttVrGMxPUlmF4t76YgCQeZue5Xh12ts7HT0T4suYS0hfRtfA6OoLsYaeF5t8Qunw17rtTN0gjzY7ldvSajaczVU/LFpHgtMX0Na+mkO2dlrunq35eqac7OWc6kpfAq2TsGNe6kWyqLmtcDu1d2ufyI89TJ02tP0erWa4voLiyRrsMecEZ9V6rSSa42kkbjK8Mo6s1NKyZrvPHjK9W6VuJuFtilc/LgA0rLqa/t3I9Torvke01DOyOOFHjxgBSRjHK5so+zrcISegp6SQXYoJ2yjHhDIOUZAe/ogzNxghHyPRMlbxtlPrnhipx3IrKiESAAjIWE6qtMdTBPBpyN16NIzOMqgvNv8VxcwDzDddTS27ZKRxtfp/lrcD5AuNPL071JJGQWsc44/Vby01rJoWnUOAUb4s9Jl+qvhZhzNyQFiemLhLGxjXvyOOV9C8TrPkrwz4f5jQvQaiUcYTZ69a3CandTyYOseX7qx6ZuT6C4igl4eSBlZi1VmpjHA8b/mryvZrZFcafZ7MEkLp6iv5I4M3j9XLTXKaPToXDZw7qdHKCACVmrFdBW0EcgOTjBVrBLwCvL6ipwk0fYdBq421RsRbw1BacKwjdqYCVTMO3KmU1T5GsI4WGxHaqs3InpLjTkLqUahJJJKDRJqcmqFMZ4fuqu6xOaY6iIZc13m/wCVW6jVMYlBaD9QwjIgLHBzQ4cEZXVDt79BkpH7OjJxv+FSyQQoU3lDJTuMFQ5cuwjuJJ3Q9jsQqM9kc8GN6WlbZeoa7pmXIY/+fSZP4Ty3/JbUuGFj+sKZ1FVUXUVM0+JSSefHJZ3C1ULvEaHZG4ztwjFQeHhHTykNlxPBwfsjGt4B1I1wObjsosXmjj9mBT3tDm49lW0x8j2n8Di1EngF9BAMORB9O6GBg4RW9lYiWWVlMMvnh48J5x+e/wDqnob/ACXGVmMB7dQRFRAjVEuMOuDblSwcINVuzAGU0XLor4tsBdmHlAQgfPgdkSXdoCtvgwXIgVrAWau6zjDpqDHjGorTyM1AgjOyzNYww1zdts5RQfJy74t8hS3TUMcPVWE7gGa8cKAHAua5TZAX0xwtCERKq8Z8NsgG+yjRjMQae4Uy6tzTAY4USJwLRha6JbXk5ephmTR4/eYPCutUMY/muwozNjj0Vr1PHpvVR2BcXKsYMOK9Tp1iGT8yeWr+HW2w/TYVv0hddsEhwupkjmp5Ke7zBsJblZ9wGNlYXmQukLAdiq3GAudcdLTrECPMTkDK5FzkFKQgldi5KGCTNTJ0H0rhJ4SiadPCR53WpfaKw8gJuy7A0lwyEntJIwjwxkAHCjlg0QhklRMAH2UykjwcqJECVPibpARwG9ElvCbJ2XQRhNkI2W2sRfLdEADjhI790/UNOM9lGkdpBKcznNbgdRIIxyqqWQySfZGrZi47dlGY3Uclc7UT3faaK+ArSA0qLO44PsjP27qvqZhkt7hY5y2o0wXsjTPdI9GZjH0/umsaCQfVHiYHuGNkqLyxkpcBaSIOfqLcqcdmpsMYY3cYQ6icAAAJ/SFOW5gKqZ2MeoVbKS45PdSZZsuxhR4uSkTnyNgsI5DCS7hT4IsYwP3Q4mbDZToWDZKJZPHAWJnZSo2A+yG1mANkZjMDKOMUzFOWQkbdwcKQwDCHGMYRWrRGODJJ5Z1GibggHumxsJKsKWDcHSnxWRc5bTtNT9yMYR3ubG0DGfzTnObE3ACi7yOxnCckK5kzrnukIAClRxho4Xaam2yQpEcJJwVHhcnf0Pj5SSch1PHk5wpeA0bBciiDBwjRjU4BR2HrNNplXDCGQhz3DAVpSUuMOwlR0wxnSMKTO4QRF+MYQNm2MVEHK4MG4HHqshcq98kzg45aDspl1uxkaWQyEZ5Kz1RMXe5Rx+5nE8nrcRcYCkkDiT3TYGl7skYUfzOdnfbspZcyOPJWqMTx9luQ7y2JuG44UZgJOSE3UXncozSGgHlWZ22xweGfhUCrqO2yLU1AbwFTV1RqOPVItkh1cG2Koqi44CjsxnOOUA6icqRSwyzzNijbkuO6xTmbqoOUlBeza9C2dtTXNqHtDmNw4heswt3GBss70jaG2+gj1N87wHFaykiJdkjZYbbMn1nwmihpdLGK79kiCINAOEYnAyntbpb9lEqZxg7bBJjHezuTsjRDdIFcbhFSwmSRwGOB6rzuvrHSTvlJ1F5ypXUd6dUVBhYfKz0KsOh+j6nqKr+YqfJTNPDu69HodE6oqyR8a+sPqJ3ydMH9qLLoLoh94qG3O5Q6adhDmsP4l69pjY1sUbQGsGAANghU9PBQUzaanaGMY3G3skJA8YHJ22XQlz0fKdRqJXy3SOuklmkFLSDL3cns0K6ttvioow0DMjvqceSuW6hjpoQ/T53bk91LS22Ymw+AEwannbZcHnP2T3ubE3W84HqhIEaGgZKr6yu8YmCB2PVybLNNWuEFIcB3LvQKZHSQUUQLgCe7iELlgX3wRaK3tB8SQZI9UaaZtOPJjKiz3CTcwtDYzsD6qMXl4Jc4nKFySPWeB+mrdfNTtyogqj/epXSVHnA+keijyyysbpjOkeiPJygVM8FLC6eoOGN5KzXW4WT6/wCN8RRpMV1rn9ESaTwz4khwBuSdll5qyv6lrRQWmAtfJt9WUUm59Z3Jtrs4LYQcvlHAHuvRHxWH4b2jEI13GbjzeeQjsT7Z/dc+y3ez0lsI6FKDSla+kvRCsfTds6LpmXG4zxmp3cJCOMc/6IQF16oy5zHQW9x2YTymW+1V/VM4vXUzj8sNw3j7bKB1N1m2KM2WyxjWAWktP7BatNS5cs+ffUPnoeNcqqGp3e23+IW9dRWjpmj8GnlaC/nHt/8ANVFQ2e99bTNmukop7eCCW5z4ntnbHH7onT3SkMzhduoz4kcfmbHnutHSwXjrS5/wTp06IAAXz48rG+pH5eq6DkocLo+QX3Stm7bXmb9jPm4KKeHpPpKiE9e4hoEQxjPclekdDfC+i6ffHebvL8/eiNT5n+aNn+FnsFedK9C9PdGUkkNupzLUynMtVIcyP9sq9AIGAdgkWXN8IxzluHOwRl2MoJ3OwTZZGxtLnHAUCSvnl1Mt/meNt1lbbAbySqysp6VuqeUNCqDJeb1qgpHeBTHiT8X5KXR2d0swluYMjx+ivYIWRNDWNAHoFaeACstPTVDbWte0eLMfqmk3f+RVvjSMZXHD0SHBQsg08ri6QcrihBJJJICDEkklCDU0taU5JQgPSPRNT0xGQbkpJLh2UIc1eyEZBxhddIG7EIBkHOFCBSdJyd8prnNY04IOUEvJPCQaSQoQaZHZxhdDSd0UNAHCaoQ4GgJ+D6pNSdxlWlkh0oIYe66cyYwEKeoio43STOAx6o8NFpZDNAb35THAM3e7SPdY69/Ey227LaRrZnjbGFg7v1/drkXZlLWngBFCIyFbken3fqq2UGQ2YOI25WVufX75mmGDU1p77Lz11znlz4xJ912B01ZK2np4JJXu4DRlNUP2MlXs5ZpH3102z5SR91aWmbW4aDueCg2D4a36vLZ6wMpouSHHzfot7QdP2exMBLXSuA/Gc4VyUfQp7fRBoqaucAXt2+ymFsUDQZZA1K43ylj8rTj7LK198ZOScknPAKUolF1XXSli2a7JWbuF1mneWMf5QoUtSZnZwUDuU6MSHXOLjlx3SySnLhOFCdDQMJJB+rjfKsrX0zdbmdTIwyM/iKtyQbeOytKsLV03dLtgxRlsZ4cVvbJ0ba7cxsk8XjzY3LzkfotCyOKFuI2NY0f0jASZXY4QMpYM9Y+g7XbmMmqWePOBk69wtO1zYY/DiYGtHZowFCqrxQ0cRfJKCfQLOV/VUtQ0x0QMYPLj3S3KT4bAy5GjrrpS0UZfUSBp7BZa5dVSSgxUWpgPLj3VRPNLI7VNKXk+pUGV+SQApCPJeMBZ6iWZ2uaUvJ9SoxmyNOAEwFxO67laI9DIxWAMxJOUzT7qQ7Hc4XYIpag4jZlWRrBG0FSKainqjiFhcVo6Do6onY2SoIa0+q01La6OhY2OCFuQNzjJKFvACk2ZW3dJyzDXUuDQN1pIKGkpI2tggAI745US8dR2q0Z+aqo2NHOTuVgL38TKupJgs2uJjfpe4KJZCUHI9DrrvQWlniV1SyFn+I4KxF6+KcDdcFlpy5w2Erxt+SwdTV19fK6a4VT53O51HI/RD0gHIACNQGKHIeuvF0vLnOuNU+QE5052H5KI2NgzgBGJbjAUcgAndMjHA1RSEIwOExI87FMUwPisiXcnhDXCRjCEbtR0n1K4SMJhJyuZPqoCdJOeVxJJQgxJJJQgkklxzhjlQg0kAHfdBJJJSPK4oQYkkkoQS4SMLqCAfVQOKyJxOrhcPKWSuK28hDcldx6lL6U1xyFaj+yxpOTuVwkIRJ1YXcn1RNYLyOL/AGQ9Xslq9kIkkYwr3cDU/Q/YD6ghukJaR2TMb/Un+CCCQfzS22w0iO+R2dguEuf2xlOdUUNP5p6mKPHq5Vlf1ZaKVmqKUTOGwDQhcorsONU5dIs205cMoZAj3ccBZOq62rp/LDAyMeoVbPeLjWjElQ4D0BwluxejVDSyf5G3muVvgHnnH5Knq+qGhxbTRkgdys62mqpT3d9yptPaJ3HzgAFU5OXQfxV19j6m+1VRsHYUdvzsrt3nBVpDaooTqDQT7qwhpoowPIM49FMMHfBP7SkhoKh2+FaU9K5mCTwpWn8kx1TDD9RRdAzlvJDAdOMJa9AyXYAVbU3bG0JVbPXTyDDpTg+6p2EVeey6qLzTU4IBy7Gyz9feamqYY2u0gqLJL5tt05tLUSEBrEtybH1QqhzgiBj5ManE/mnRU7WOB/1VpTWOpk8z9grFlnpWtAdue6pLAUrYR6KZkcj2kMbnCNBaqyR2oxaR6q7jihhADYxsnmfA2CMCV27or4bXE0f7w7BUmKGCDdsYPuuuk17EIecd1eBe+T7DmXY8IZmce6E5+OUIyZ2Ayhckimv2GfMQPVRn1Ds4wuh2xc48bqurbtRUrC578kdkmVvoOuuU3wie6Rz+dkFzmt3e7A91ma3qsPGKRv7qlqrjXVwAlldpHYFIladGvRyl+RqqzqO3QSGNkmojhUlw6iraluiEtib6sG5CpvDJIJHCICQcIJTcjdXpYVrI175JN3uJK6z6giBrdGcIR5QPkdFJcIO0ADZdxlMSSihJJJKEP2TSSSX5JP12JJJJQgkkklCCwEsBJJQSJJJJQGUsCSSSUKzk81rv/wAm/VIuMDHQ9P3WQCoDW5ZTVDju72B3/T2XomGSNDg4b8FRrzbaS726a2VsLZYahul7XDIIWN6JulbaKyp6JuzXeLQt10chd/ewf9Wj0UDTNjOzG4HCNa6wl5hkO3bK5I0OUVwETw7Rn81AGXuc8JINNKZYg4ndHwUIlnEkkkC7KHEZ547ry/ruyVVnuQ6gtjdLo/OMDb3C9Saod2oGV9DLA5oJLTjKdAYn6K2xXWK82uGviI87RrGfpd3Ck19JTXGgnt1XE2WGobpe1wyCF51Y66foq/Pt1wB/hdc/Oon6ZOy9LAz9jwtcZpIRbDDyjBxW231Vun+B/XL31NDXx/8AuaaU5eYMf3Zd/wB5GM6fTPuvlSrtvUHwY60k6Nv/AJoXO8SCVo/voj9Lw33wds7L7U6p6di6lt/h+IYayDz0tS3Z8Mo+l4PqF5h8ROi6f40dFS0s9IafrDptwbBIW4EjgCDkf0SZ5/rwvR+C8h/Evy2cjW6f5stcGEglo7rbzFLoqKaZuC124IPZfK/xQ+GkvQF4fW0wH8GrHk0zu8RznQ73wee+F7D0nfqyxyigvTHxhw0vDuY3g4IK2vUFstfUNlqLNc6ZlRTVbcOz2PqPdfZtBrYzgpJnhPO+G/4hp3Ffkuj45jlBwexU+GXUAFI666IunQl6FDWnxKOoyaOYDAeztn3VbRu4yV36rVM+OarSz083XZ2i0jOSjDhAjIBCO3cLbF5RkfAROTU5EJxyJJJdHKhYgO6IOEgO66oE3gScuDsuKCJfcOSSBykoUNSSSUIcwFwgYTklBwIhcRSByhkHKhDiR4SSVMgM8pp4TycLqVJ4YUZZIzmknIC5od6I2AlgeircgskeRu3KjOjHYKaTlDdH7pco5GA7Lebn0ve6W+2ecR1FM7U0kZz7fZfa/QXXNB8SulWXamcPnKfDahmMH7/ZfEcjAQtF8NPiFcPhrf46+Bz5KOVwFRBq8rm+4/NeX8z4hWr5q+/Z9T/8PvrF+LuXj9U/9OXX9mfYF0s7a5mWkNd2VEx8lNIaOsHGzXLV0F2t3U1mg6gs0jZKWowQWnIVfdrYyviy3aVnB9V4trDwz9FRe5ZKappc+YKvnYMbD2VrBKSPlpxiVm2/dDqqTYvj/MJtc9rKnDcsHmPWvRcNyhfUU0Y14OpuOV869V9MT2WrfKyE6Sd9l9jVFG7RrYM45C8/616Lpb1TSSwxDWQcjC9F4/VtM+efUv09Xq4txX3HzHRV7oHDK0dDW+O0b9lTdT9NV1hrXslYdGolrsdkG31hiIPOBuMr1Wm1G5HwHy/j56G51SNe0g7o3hR1EZhkwQRg5UC2VUdZDlh+4UssMfB5XRjNSRw3mHJma6gq7DV/M02oxE52WjtdzprtT6Hka8bhSA5k0fgzsa8HbcLL3G31Niq/naPJhcckDsr/ABY2Mlcv/wBYsbnazE4yRhMtd5ntcwcHHAKsbZc6e7U4a4jXjcFQ7la/DcXtbsmRkIlFS+2R6x0r1jBcaeOGaTLjsCT+y2LCCM5C+brZcqi1VALXHTnhet9JdX09xibBLJg9snumxsRy9Zo9kd9aNwnoEOHtBByjAYWg4zWTqSSShQkkklCxJJJKEEkkkoQSSSShByiXOip7hTOpalgdG8EEEKWuObqGMpTWQ02nlHg3VXS9b09WPbIzVTvJMbxxj0Kz0zQ4ZX0HfrTTXmgkoKlgLZBsf6T6rxLqKwVfT1YaacExk/y39iEqys9Bo9YpRUGuTMVlPvkBQXNzkEYwrqRocMFV1RTEO4/NZZwR2qrN3YKinMEuSdvRXsczZWZaQVnnAgHbGxR7ZViM+DKcZ4KT+Iy2OY5Rd5zumSjUMLrSQN07lQyLjkq54XBwcBjC93+H3VzOrLK0TgsrqVrWVAP4tsax98H7LxWaIFp77I3S3UU3SN9hurIzLEAY54gca4zyP2Wmq7b2K1tEdVS1/V6Po+ke6CUSAbd/daEOie1srMbgbeyzVLPT1dPHXUTi+mn80Lj+JvqrKlmLcDK3we9ZPG2QcOGae0XR1DLs7yOWpkdTXGmMb2tkhkGHMIyF59DLxhaC1XN8DAwjIUlDCMVofpO/zWa7O+Hd/n1wNBfbJnb+NDx4WO3PqvHfiX01/wCyLrY9RW9uvpq9ykSsx5G7+aPHYEHb7Feuda9OSdS2dk1s2uVI4TUbtWMP+/6J1guFp+LnQ1TYLxA9kzR4dUzGmRjwPK8Htjff3Wea/Zs0Vzolul+L4f8A19nhHS3Vx+AXxLivNLmTo2/6GVLQ7ysJ31NHZ7c8f0EL7OjrIq2GKqp5GvilYHse05DmkZBH5FfEld07Da7rW/CPrNzxTyPD7VVPHAydB9hz+pXp/wDZi+KVTa55/g31vUeHVW5rv4PJIcmeMH+5A9dy5ozyFmqbrlt9M6XkdI9TSrlzKK5//WXp/wCV7Po9dB7LiS2ppnmVyGYdxko4IxyoeSnZPqlgkrI9Usj1QMn1KWT6lQhISTQcJyhBJJJKEEkkkoQckkkoQSSSShBJJJKEGpJJKEEkkkoQSSSShDhGUhttldSULTweL/FH4aV1suDuuui9TJWnVVUrBgOH9QWi+GvxFoupKRlHUVLfGAAa49/ZeiZ7HdeL/Ej4fVHT9wd1j0dG5gJ11NMzjPdwCg9NT7PZ2c8p68/+HfX9L1JbYo5qhpm0jvut2JBj7qCZwlGWGOLQQRnsoksWncBShn1XHN1BGQiBxGxCMx+M7Ic8Za3UBnCG15GxHKhA6MOVG5T84V4yQkgjHITTgjGyjZPqn5PqVMEKetp5aWo8Ytyw+iG9zZgC3YK6kjbJs4ZCo6unfRSkEZY45B9EZDkjy3YDlV9xoqa407qerjDmvzg9x9lOLtY3C45hbglU1xgtdnzB8XfhvKY/Da7wp2A/JStbu93ZpKp/hX1vVSx/7PdQSuhqoXBsIeOPUZ9OF9K9YdMx9RWuSmYQyYHXG7HDgvlTr/pK42u6yXCGJ0E0bsuA9fUey5es0+/o+s/Rf1LfXPZOX3LH/U9wq6Ol6jtkltqmgSuaA1x9Rx/msrZKmemqJrLWuOWH+Xq9uyB0N1s6+UlM+FwZOxumXfJJGx2Wh6stTKl7bzR+VzhqJbyHBcC+h1s/RvjdfDWVKyJVXCLwnHLfcLzPrnpltRruVL5TnzNA/desUc0V2ohFPp8Vo0575WdudHJRvdBUR6mO7kbELMbdXRHVV4kfPlTBvnG45T7RcHRTGmecxk7A9lsOtLBHQz/N00eI5D5gOFiayDwXtniGN98JZ4a/Tz083n0aAH5aZsrDgZC29rrBU0jXckDBWDpJxV0o3yQFe9OVpil8B52OynZv8fqNk8M0zzk8IE7ARwpD8dkNwyOEiayz0b+5FdNDsRhV0jMHhW03fyqvlac8JZmshkhSA4wocjSRuOFYPbnsgyMBVGK2BWubg7qJO0AbKxnaMbbbKA6JxPKtGC2GUV1QzPmwoDmuD+VbyxghV00e+QE9dHKuhh8CadlxzQQmAgHCI3hMaMTRCmBY7hPZJgav2RpmBw4UTeM8KA5cS+tVc4DQ5XLGeIARyVkqWfQ4FaWhqRJA1xKA6mkultxI0dguLKV/gz8E4Kv6umbM04GQd2kLEH6g5uy0/TdyMrjQ1RDhjyk8oGng9LotTlbLGOhe+kfpcCW91cNZHURNe122FDq6drJCHcdlyleY8FpJaUto6kWosFd6R3g6mDJUKinexwa4dlo8MlZhwyqaroDFKZGjYpMo5Bw4yyi4oJstGSO6sWnG/KzVDO5jgCr+GYaAkzgb6Lc9lhQVBZNx2Wjo5vEA3CybDpIKtrbWgHS4rLOODs6bUqLUZGlicQeVPbI1zACqumkDmqbC/GnbjPdImsHYrs4OSgtPGy5qDsFTHQtkgGBu5VryaSQRyjngpY3cEkYC3GFBmgJOcfurEEObkcFBewFWgbMNGO6gtokJmazfCz1G7US07YK9FqKMSjDm5C8+uTHWu6uZo8jySE1PBx9XFQ+4kRAtkBI4RaiMSx+UYKJTw+PFrbyiNjLTgjCFkq+6OSqIfE7cLf8Aw665qLZXRUk82YnnBydlkauk1ty0Ko1yUcokjccg+qw30qxYNFF0qJ7on1xT1sNZC2eAhzXb8ouS05H5rxz4Z9f4c2hrZfKcNyV7I14kYHsIw4ZBXB1GmcWehquhbFSTDMfnG+UQ7hRIwQc5JUlh7LnyjgaLLm4RAc7pbH7oW7SgCSD5KY9oIXQ4ELqhYFpMTshWVLJrA34UBzV2CUxOVYQEoplsJTnhFBwoUdQ1wAUprw5JlHIlrA48IZByikYTSBjKWCMBOU5wyxN/EnZ2woQY0kOARxwo7vrCO07K0Q4kkklkEkkkoQ6DhdBymrrVaIAqYxI3JGSFTyB0buNlfFuppHsoNTTZYQG8rTXPbyMi+MFVPG2dhOnLgFnK+jZUNfTVDNTHgjC0uPDO/wCigXCjLx4sa6mnuw0LsifNvxAsL6KaanMe7HFzD7LEUExikAJ55X0f1t0sb1QyOhAEwH6r51udFJb698b2lulxBHoV6PSXpo8zravis3o2HTlUx5fTF27xtut70JdTR3N9tmf5XbjPqvH7RXGCqY/OBkZW3kqzb6mC7xuywlp29O61z+6LQ7R3yjNNM95jlzjupDJC4BU1nuENxt0NbDuyQDH6K1h83mXKshjg9TVPfFMkDdJLGNklkY9D01wGFxJWyAXA54XUQgbphByihnJGsoBKzOMKHURa+QrEjKjztJwOVuqs2syXV5PPur7IypgmifGCJGnC+Y7tSTdNX+aikaRHI8uZ7L7HutIKinO243Xgfxm6T8enFypo8SRebIC9N4rXOuxRPnX1h4r+TpnbFcop+nrgHsaNWVvbdUwVVN8uTg4xgrxvoq4t8U08zvNwM+q9NslRGJdyP1Xv65qxZPksZuJoLTUz2qq8Au/luOR6YW4p3h4DmnIXn9TmUtkb2Gy09juQkp2scdwuRrtPmW5H0D6Y8jmHxWM1MUpwMqVTv8w2VZC/U0HClxyaTnGVxrYYPoOnsLyJwLc5RFX0k2uPJ/TKmscMbLHNYZ04Syjo5T8jSmJmT6oBylgeeUkklCAU07pyajCfRUXDXS1LauNvJDX+7VKa7U3IO3ICLVRtkjMbm51d/RQaZx3pn7Pj4/5eygndgMeU0cp+n3TNPupgp8kC60IuFHLSkZ1tIH3VV0fVyvpJbbUOJmoXmJ5PJ9P2wtC8kYwspPKLN1aycDRBXx+C/wBDIeD/AJK28GdrbJSNUN+F08oTTncHIRBwjXIUpZCA4KrgNM8oA2JL1K1Ab+iBJgSa/wCpuVZY5u4BSKQ22SRMDBW1h0VscmOdkQclNvIxHDIBu2UE/ZEaQRkd0MQDmcLjtxuupJrKfRUt2e7vunkahhJ7SJXA+uUlIvkxXIA/LXluFRXqDEhlHZaCRo7qruUGqBwxkpq7ObdHgqYyRAxysGH/AHLOd1BDP9y3G4U2maX0OAc9k1GJr0Qq8aqY4VVFl8eMq2qB/u7wVU05wMFa6ZYZztVw2jzzq1gN4c4D8KpCzPdaHrT+XdeOW5VE05XqaP8AaR+afqOGzyl0f7nGoNW8Nj3UhV91qAyHS3kpljwjjVpuWChuD9cucqDL9KNUnBGT2Uab6crBZyzrQjhcEfOXI8HKjj6lJp/qHuqhEdEsYANPCFIMFGZ9CEBk4ThihlDA3JGQprGNDRsmMhGc4UhjODjZTOR8YcHYo9+FIIwmxjSOOU8NOfstNUci5xHhx7IbvNtlEz3QyM5C2RWEYLZNPA0OI3zwoVVLthHlkbGFVzSa5Eq630hNccjX+Y7rhGBgJ34UF7hg7rFZ+xyTyBqZNPfhVuXyzZHdGqnlztI7p0MXhxgEbrLJ5ZqgsI7p0YaFMpIgPM4ZUeNpe9ox3Vgwhg4RRXsXNimdpGwxsqyoeXbKVUSDGFXSOOUNk8cBwgcAJJJKLFGdS5GwnGylRRcbJX9wpy2oNDC3SCQpUUeCNtk2KPSAMKWwceX91MMyznkawYwEbsEhyigHCdFciLDsexCkRAEhBaNwAplOw5aFphHJmbxyHgp9WCQpoa2JgwFxkbY2gpkhBGMrTFYESeWNkeZDgI9LTnZzgmU0DickKxbFpaMHCpvB6DxXj9/+pYcjjwMAqRHEOQEmMycKVHFlKlLJ62ipA2RuJ2GQp9LRAEOcPyTqWDBy5qnnEDA/RlQ6EYYRwtZAwAYGyzt6uUjg5jTgDZWFzuGk6eMhY241ZkldkozLrNRHTw3MFUygDIIUFkmo7oc0pe7GU+mg/ESn1o8Hq9XK3MiRGxo8ybK7UQPROkcGgNC5Gw5yVoObnJ1rFyWTwwiSP8IbhVdXVg/dIsmooZXHcxlbVEHbCrJXmQrtTPqcDuhCTPZc+2zJ0KoJId+S1fQVrFdczM8ZEO6ygyXBrdyeAvZuhbOygtcZMY8WXD3H7rLOWT0n0/4/+XqVJrhGppIzlgDSAFewMa2MHChUUQ9P1U13lIz/AJrPKLZ9NUVFYQpp9DTssh1BfRA19PE85PJ7K5vVwFLFIzI2WOt1qq+rrr8vB5YM4c4jn7LteO0kWvkmjxn1X5uOk07ri+wvRHS1T1PcH1EgIpmPHiPPA9F7fQ26jtNKykpWhoaBkjbKj2220VhooqGihDI2DjuT6lH1uqCQ3ttldl/cfn3V6meqm5SDtLpiBjIVhQ0cMThKWZPumUFL4cYDm5Vg1oaAAELMLYdrvQJ2Qhjug1NUykj8R5z6BLYJJknbTxl7jj0QKOOrvE2jH8kd/VMo6We6fz5/JAeB6hXtTcrVZ6NjeDjj1S5SwWk28DHx0lrptZ0sawZc491nzU1V4nfIDoo2nytOxPumvlqb7O6ad5ZTNOWs4z90yRwA8KHLY2nG22Ujfk9l4D6cermp2IbUSB7wyL6W90mEhMDd9uPRdqZoqKE1ExwwclZL7/jXJ9p8V4dVpU0rkVVURUsZlmeGtAzuVloaK99f3N1soB4FLGQHu/8Al+x/RTaK3V/XFwNJC0spYiDJL2Y08ZHfOCtfcbpZ+jbfHZrMC2Vm+ppyc+5XFt1bseP6T01unr8fjT0JSukuX/yg6ivsvw7sz7fa/wCbVy7McRh0pHP2xn91TWfp91ye/qnq8uLSQY4yNmj/AOXCLabbFHLN1L1LUeJjBjjIx64AChXe53C/yBkkmiijPkiAwCut4/TLUYnPr9Hzb6t+oYeLh8FMs2y/J/8At+gXVPVlRfZzbrfqZC04Gn09SodttlutL/matuuR25yuSvjoi0NaM+gC2fRnQVR1FIa+6bU4IxG5vP8A8uF1puNfR8Ruu5zLtkTpfo279fVjHDxKS0tPmlaefy7r262WK1dN0jaK1xBjG7Z7kI9HFR2uhioqKBsTIxjDRjKHPIHeYnYLHOxzeDDOxyYYk/kodRXiIFoHmPuhy1k0rHQ0gy4olJaztJOcvPKDhIEhNgrLjPpkcGxY3z3VrT0MVPpLGgY22UltM1jQANl3T7oGUdxnldSSUIJJOSyFCCwEw8JZCaoQG/6iuJLmQoQKSMHcIB5S1e6YoQKSMcoZ5SyfVDzlQg9MyPVLIQjl2QCVCBchMMuBnChTVjIttfmPbKjxtq6l2HeVh4UISpZi93lC4Ae6LHTRxNzkk47pudsYUINwF0kIZzlcyfVQg90vYBINPdNDTndpTaqvpKOLxamQMaOTlHGDZaTZI0+6HU1EFNE6WeQNDd91h+oPihRUcTorRiWU7ZI4Xmt56tvl2JE9W9rT+FpwmxqaYcYZPSr38ULTb9TKJzpnjbAXmd+6yvd6cRJVPbGTsGnCpsEnONytNYegL9fNL4KfET+HlOwvYxJQZlWvcX5e8k9yVa27p2+3WYNoaMvjP4l6vYvhJZbUWuuLjUT8uyc4WzhhoLfGyOlpWRNaMDS3dDmPplyuUVweaWD4OPe9k3UFb4bMZ8Jg5/PK9EoOn7B0/A0UVDGzAwDjJcuV99pKdpBcCfusxc+oppyGxScH1VmeVkpvlmluPUNPA0NBAJ91jrl1BJNI5zH5JOMKvqJJJnanuJ/NR9IS2FGOBs1TLUEmQqM6MEjB5RyzH4v2Q5iI8ZO3qji0GMERHblNIwMkpj69r3GGAa39sKZbul71d5B4zBHAe5KLcim8ENr9ezPMe2FY0PTt0uOkGAxtd39ls7T0ha7a1pe3xCP81dRCOn3wAAgc/RTlgz9m6Mt1uwS10ruf5m4Wpggjp2AANY3HbsoFVeKaAENxqVLUXepqcgHDUmTbF53GirbrSUrMmQEngBZ+u6hrKhnhRO0A5VbJqJ1POSfVDOB3VQjnll9j5HlwBec/coEkjQOAmyS4OEF33TVEPGBr3lxQjwkmnbsr6LGZG4wmNDnHDfNnjZW9p6dr7oW6WYB5K2tF01b7YxoMbS4clw7q5SwRyx0ZG39JVla1klSwRtPqVq6CyUdAwCGIH1OFCvfXHTdhiLBXCpmG3gxDOPzXnN++JF5uxfDTn5WA8BmxVclxhuPSr31RZrF5ayoIkH/CH1fmF511D8TLjXyOjtjRSxjZpbysXLrleXvcSTzkrvhgb+qOMc9jYQwOmklrJHTVUr5XnnWchD0DgHARBgd0J83YBOURnHoSRIwhkklN1FUWdL3eqbk8Ji6BlGHGJxdBwuLhIwoH0NKC5xyRnZJ5OojKagCEklkJZChAhIwdwgnlLJ9UxQgklzISJGFCHSUIk7pE78pKEGJJJKEEkhtXVAkhJqSG5WGLV7LjjgJiStrBeBeImPl2xhJzC7gE/ZAqKukpGF1RO1mOyqUkgowcnhBBkklJUFd11ZaLLadzqh47BUdd19c6lhjo6eKEH8WMlKd0P2aatJZPk3T3NjbqeQ1o7nZVdd1FZ6CMvmrGOI7MOV55UXC7VjNFRXyvb6asBAjoHPdvk57koHZL+k2rRRS+81lT121//wA7qQvHZ0gVVWdU3yuj8LLKdp7sG5UeC1SgAEYCmwWwtxqKW3Y/Y2NdUOilc2rmP86Rz0Vlue4ghnK0DaBjQCWozYY2Y8gGFNrfZTsUPxKSns8rzsNvsrWntUbAC4AFTshjd0wTjGdkW3gRO2cng5FSsiOGjZSQWYwSFDdUOIxhR3SVZPlYTn3RReCvy7LPAwSHA4UaevazhwCj+BXTbE6B90mWt4OZHB/5qTkUopEea5SvOGSZ9lGkdVTnAiLirqK30rQMs3RWRxxjDWhBkNS2+ihZb7g/cQD9VLjspLB8w4b9h2VqJO3quHdQqVzfRCit9JDg+CHEI8cbI8howulu/Ka4e6JFxzLsKXYH1IbpMoeT6pu/upgtwCEk8lN39U1+wydgos9zo6dp8SUZ+6FzSDhU5cJEskeoTNxuqCs6opIwfCBe7tgqiquqq+QkQ+QfdIndg01aSyzs2FZXwU/964D81R3HqqlhaBSv1P8ATGVk5qmpqHF00rnE+pQgDnKQ7WzbXo4x/It6rqO51bNBc2Nv+AYKrXSvecvcXH3KczSW4xwl4fulORqjXCH4oZp/wgJ7Wsxv/muktCHlvqh3jWmzoa09k5LISyFTZY3BSwUzOUkPyADshLITMBcIwl7yDkkxJWQ/ZhJJJfkw/XY9JJJQgkkklCCSSSUEiRRwhImr2UFSeQaSekoQGRnGeyzPXnSk18pIrraGMju9q1T0k3BDgPpz7rVLrSd1C8sy/SHUkPU9nZWtj8KZhMU8JOTHINnN/Iq2mYMZWT6kppuk7+3q6mjPydW1sNzjY3bI4mHvvuMLWskjljbJG8OY8AtcDkEKFnaKpNPNhw8p2+yustLQQqF7e45U61VfjsMLtnR7fcKAyjklkLiO5o3ON0A8oQR64eF1JERPBkeu+m47xapJImgSR+YbcH1UDoHqWe507rVcZM1dJ5CTy9o4ct3JG2WN0bhkOBBXlfVVvqOl7ozqO1wbxO0yjgFhRJsJ/ej0xqzHVtJcLdJH1N0+3FXTf9piBwKiD8TT6q4s92hu1BDXwbsmYHfbZTs6sHC11y2mO2Ho+a/j70Jb7nHT/ErpgB9NcNJujS/AyRgS4xtg4aT7ArA2S8PBbTVTif6XL6brqCjtF0qenrtTsmsN+EmoOGzJX/U37O/0Xz1190BVfD3qWW3uc2SB2HUs4Oz4gThhH9Tcjf3X0P6Z8zlrTWf9zj6rTZ5RA6t6XtfWNofarnA1zcExv7sd6gr5j6gsF16OvclmuUWdAzHMB5ZW+o9F9Q0NwO0cp27FUnxF6EoeubQIJI2ipgd4kMmN8j3X1DTajHB89+o/BR1cN8F958808peG/mpUTtjsqZ/zVluctoucbo5IXmMk9yO6s43Bx45Xaos3HyTVUT003XZw0S09RycgFFWkxS7Cro5TWpw5UIEHC6uDhdULEkkkoJEkkkoQSSSShBJJJKEEuEDGV1JQcCIXEUgcoZByoQ4ku4KWk+iz2dkGLh4XM539E5C00RN55BEYKYipivIzJHmyMbKDURavwq0e0O5UZ8OeBlBOO4OMtryeh/Ar4uV3w8vLbXXvD7PWuDZYw3aP3x+a+r6iOnuETblbXtdTygOaWnIyV8CSxZ4C93/s/fF5lE+PoXqWqf4cxxRyvOzD6H24XivN+KdTepr69n3v/wAOPrP+Sv8AhmtfK/F/v+x7RXUgqd2t0TN4PqoEM8sb/AqxpkHZaOtpXNIljwRjORwR6qpraJlyZqB0zM3afVeWjPJ9pcP0AMTQdWNiqK6Wx0bjNC3yncgK7oajxmOhlGHx7LsgaRpcMgp9ds4STTM9+kjdHns8c686Hpr/AEb3xwjxADtjuvm25WiusdxkpJ2FmhxAz3C+1bxQeARNGPK7leYfEP4fUfUdI+pp4mtqWjOw5Xp/Ha6yTwz5b9VfTH8mMrYxzJHz/RV0tMQYiB6hamjn+bp2knfusZX0VXZK91FXRuaWkgOPBU+lrXRta+GUgjtlenotbPhHkdHPTzcJrDNRKx0YznZSGGGrgNPMAQR3QqWWOtpmnkkYPsUJ7HwPyDt2K6Ce5HKacSgudDU2Cq+apQTE4527K+tdzp7tT6XkB+MFT4XU9dCaepaCHjG6ytztdXYKs1VNkwk527K8OLHcWr/9YPcaYxSuaR32TLZc5rdOJI3kYO4VpQ1lLd4QJAPEA3Vdcba+neXNHlPBRZ9hQXqR6x0d1rFXsbBM8B3AyVuGT6+y+aaCumoJxLE4tIPZet9IdbRV0TKepkHibAElNhc+jh+Q8f8AF/qV8m+SXGkEA5zldTlJHGHpJJJhBJJINVVR0sfiPUIGSQ4Zo54xJG4EFEUIJJJJQgxJJJQIY9odyqbqLp2k6hpHU07Bqx5HY3B9leJuB/UhkshKc4cw7Pnm7WWrstY+irGYe391U1EQc1e/dW9K0nUNG7LGipYPI/G59ivDbnbqu11j6KsjLHtOAfX7LLZBs9N4/U/PDnhlJNCQScKI6MsOQMK2lYHZ2UGVnO3CxzideM88MnW6tFSzwnbPYN/dTxusuTJSzCaHI9cLRUs7Z4WytP1Df7oE88CboYe5dBH7hVlZE4nIVo76T9lFfHn7q8gwfo3fwY6tkgqm9HV8pdHUuHyjnO+mT+n8x/kvYRIYnBpGDnBz6r5XmaGnhe9fDbrWLrGyikuZ0XaicRL/APRBsGSfrkH8l0NNb1BnE8t497v5FXT7N9Sy5cNSt4ZMN2Kz0ZLXBjz5xyFa00m2Cey3PB5mccmmtdzmgAYXZb2yeFguqaif4a9awdY2thFtukfhV0Y4O4/Tcn9Vp4JACiXWKK82iaz1sbZIJxg6hkj3CzWQz0FVLa2n0yP8Uuh6L4l9MQ1NvEIuVNH83QVePMMAEAH3z+y+d6xtf1EyOtE8lu6s6cc0fRokDmE7ZzvuF6z8Ob1X9B3kfDvqCR743v8A9xnc7yuJ/Cfv3+wQPjN0JPRVJ+InS7fDqYWn56IbmUYHmHvtwsk4ezq6S/8AjS+GUuM/a/8APr/DPZvgh8UKf4qdEw3aRwbc6Nxp7hFn6ZQSdQH9J3x9l6Bkeq+FbF1jP8OOpqb4ldLav4fVOEF0pI9vKcZdjs7/ACevtizXKlvdoo7xQSiSnrYhLE4HILTnB/RXVPnk53k9HHTT31fjJv8A6P8ARYJyDuDuntOQtCZywyKo6erayQeCRwioSJrb6pYIRJJJQgkkklCCSSSUIJJJJQgkkklCCSSSUIJJJJQgkkklCDEkklCHCMoZ37ohcAcEoahcXhnjvW/RFd0zcz1T0u0ta46qiJvDvU4Wu6G65pr9Stgmk0ztGC08grYTwxVEToZmBzHjBBXknV/R1b0zcDfbDkRk6nsaoPct/Z7AyTPblPPCw/RPWtPfGR0dQ4NqAMEE4W3yGg7oxTWAOA7YoMgwRgI7/qKa4AhX2UCY7PPdPPsUJ7cHIXWyDgqkyBEkkkRBzs9ihzRMnYY5BkFEyEiQe6MhnpmvpJ/DwSOxT3PEjRtgqwracS9vzVS7xKSbTI047HsqIdky3Gyw/wASehB1JbzVUDGipjBLm4+sei3Mjg/zfmhmQnYbFBZFSRo02ps0tsbq3ymfF1HHUdHX35ikhcIA3TIwnHmB2H+a9ssd3graKJ+vVHKBv2DsbhF+MPw5lrKWXqO2QtcY2k1LGjGr3x68ryvo28i0VrqOukcIXuGhxOzDvsVxNbps4wfefo/6n/lRWJY/5v7M2tQ19kur9WfBldkegyVa3C1fxWh/knMv1R+6dX00F7t5jY4F5blrs8+ih9KXSaKd1qrHbxnDCeRjsuLZW4PB9w0t6vrwYq6UAqopbbVs0SbtGfVeU3m1SUU0tK8E4JAXv3X1ndHi70zdgQXgdvUrzrqC3su7PHiYGyaRn/ElOOTk+S0++WDzO3VD6SbwnjY7K+il8GdkzTsSCqqvon00pZKzDgm09W5jfDfwOCl7cdnnY2vT24weoUsrKmnjlY7ZzQnSDTtyqHpe4amfLvdyMtWgfg9+Ep9nqtHd80MkOVgcNgocjQArJ7cqHK0/ulmiceCslaA7hRphlqnTNOc4UaRpxwgMViyVz2nVjCjSswOFYuYM7hRp25AICsw2xKuUHOVAqGbZwraZmc4ChTMzsji8nM1EMlQ4EP22RI84GeUSaMDcBBEmHYwmnNshgO4AhQZ2ZKnNOQgyxE4OFBbg2yNFsc54VxbKkg4VSWY7o9NKIyDlX0Prs+M1cEokAyQjeLJDMJ4SQR6KooZwccq0gkaRv3Ubyjr02bkpI3FoqIr3QOimwZg3YpkTHwSso5BhxJw71WZop56Cds8D9OOR6rVGohvVGJWeWaPnHIKU0d6i5T77D6ZaebwpG4HY+qNUU4lY337qLaqs1bxQ1WC9uwcecKdh8TzC4nDT3SGbYvcUMxdTz6dOGjurKiq9RA24T7nRCWnLms833VPTTFsrWH0S2Mi9jNYxwezOQlFVOp36mtz7ZUGkqBjSPdScA7+qzzjlm+qzKyam11wkj82M+iuIZQSDhYihqfAlBJOFqKSfxCCOCs045O7pbvkjgvoptQAOEqulbURhrm5PY+ii0rw4jfCsQ8OaB6JeUjox5Kmmkw90Dzgt4z6KQ4Nd+IJl1oxpFRECHN5wgQya2BwOUvBGEc1Zbq6yfN05qYhhzDlawHKBURB7dJGQVYi6qNsHF9nnfTdb53Uk58w8v5rRT0wbhwCynU9rqOnq/wDibD/Je7bHqtNaLjHdKKOVpGdIyjOdpp4XxvtDCMZDmqsuVFG4GVjcB3I9Ffz0+RkN5VfURO+kpb6NThkzlNNPQVQfE4tIK9w+G3XvzUTLdXz6sYDSeQvG62k1gaRgjhR7dc6i11Qkje4YOCMrn6mnf0M01nxPB9dhwONJBB4RWuG+4XnvQXWcdxoo6aqfiQDDST+y2glLXZHBXDtqcZYwdqqasWUWAdjuunzAKOyQSAIw42WSUDQsnCSwogOQkQCg7sSwiShvG3KTH5HHKb+ahBMmcx4Cs4pQWt3VU5vujQyFpGScJYEo5LgEcjddPCiQzA4UlrwhFtYEknHCaqZEdLeCV1pSB2wmqpdFPoekkklMASSSSogkkklCCXHBpG44XUkxPDyWuCnr6QxkyM7nOFCJJb5hhaCaIPYQRlVM8JieRjlaqrApSyikroA1uQ1eD/FjpGanqZbpSQfy3eY49V9DVEOscZWZ6ls8NyoJKSZuzwQCuzpL8Mw6iiF0XGR8oRTluxGCtvZqpt0tRpZDqLBsst1bZJbHdHwb6S4lqk9J3T5eqETzs4YXfqs3o89Byqt+NntPwwvOqOayVEmZIvNCM/g9F6RE7fC+f7dXyWLqGlubCRGXAOx6Fe60VVHVQsqYjlkjQ4fms98Wen8dqFZBwfaLVo25XcD+oIEchwE7cnlc+ccHVygiS4CMLuQoQSTmjB7pZC4SMIovBAJ5XCAV08prjsU5MBrJHmja5pHKwvWNkZXUc9M6PIe04W6fsVU3Sn8UE4yDsuhpbHXNSOVr9LC6pxkj44rKGXpu+SQEFvhyk/lleh2mqZPAyWM5DwCn/GHpfw5P4pDHjH1YVD0tVsnoGwtOHM2K+keM1fzVJHwLzPj3oNXKtdZyej0c/jQBpH0hTbXWOp6lrMbEqltU7QwNccuIwpz3hhyBut10Pk4F6C+WntU0eh0VQ1wBG4U9kgP5rLWCs8WENcTlaOIHAIP5Lz+prxJo+veN1MbqYyRY08gZgA8qwiIxnUFSBxGPZTaao1ENOxXNsidumeSwIwnII3RdPulmtTZ1cPCbkJZCg3saeUkklAxkjQ4bqsrY3RTsqowTvoePZWEx9EKVmsYxlQzWdjA4Hg8pZA5KhwSecwu5advcKRKMkYTI8g5OSt2ys31RQ/N0Ty1v8yAeM0jnIWlcodRG13I2Ox+yFipIiWStbWW2GZuSS0A59e6ss5Cy/TjpaG41lnqXAapDPCP8BWl2GVaeQUxhJzhDk7HsEQ8oc4zEccoho0cJJ7TmMEeiBnBTMgA7szVRyEfhbkfdDpzqgjfnOpoKkVLDJEW9iN1Atbi+kaSeHOb+jilguWCWzsuHhdzhJ5yjBfRBq24eD6obd24Rq4eVh/xhR2Hff1VwMk1kZK0g7KNVMyxTXobgDym9mOyGTPzMDWPiAwESgP8AuhGU+tZ5ZcDkbKPaTiJzSe6Yjn2LD4G1RHhuYO4VGzLSQPVXNUcSyfZU/Dzn1WqrtHM1S+7JievgBdIj/wDQgVm2rRfEMEXKB/YxALMtGxGV6nS/7SPzh9XQ2eWt/u//ALBHkaTuqW4SiSTws5xyrKY43LsDCoGyF8kkuDpzhHYcKlZeSBXbz4BxhQ5SdOxRqp+qoco1Q/cYWSTwdOKwhseSpdKCH7+ijwAE4Km04GrOFdYyHZLYNk0HCINmprRg8pnZsjHgLCCOUdqEBjCKzhSK5CcsIkMO/wBkU408cILeCUdq3VLjJmm8jQ/2QpXaW4xyjEAclQK2dudI7J85bEYbOWRauQk7FRV17tTiVxYZPMslxjg4TgFQqmQNBJIUmc4CrKl2/JSLnhZHVLIxjjM/ccKdHhw0jZRqWM5yRupsMZB3CRBZ5Dm9qCRRhm4XZvp5RfpbuoM8mUbeEIXLAzuOecoQBLh7JOJLjlEhaSckLLKW5mlPagsMWcKZBHgApkMJy3ZTI4w0D80a7EWzzwPYNIGyKHbcJEYwkz6gnpcGVsKB3RgBhNA7o0YJITIRFSfs6xri4bK0p4mhrXY4QIIm4BIUn6W7dlpisGebyPe/hq5BGXPzhDaDK4Y7Kxp4g1oJG6KUjreL8e9Q/kn0OiiDRuEccJADsjxsIPCQ22evppUeEOgiOd1YUsWXJtNDnsrCCNoOcBUdGqGDrIg0A/uoVfWtYPDYRtyVJqKhrBj2WUude3U4ZPKMbdZCqGZMh3Ou8WQuLzhqztTOXPLhnBTqqufNIWkYAUbQ6R2SjSyeB8jr/nk45yEp8yHJUwHwwEyBjWNGya9pLhjdaF9pxW9wYZcc5yiAho4TIntA3QKqpa0YwpOW1Fxhng5WVAGwxwqSqmJOCUSrqtTtlXTSFxC591uTZVVtOucXHJSGeyHynRgvlbG0ZLuFjnI2VQc5qKNP0TaRcrqHubqbFuV7hbKbwImgNxssp8OunWWu365o8yS4eXHnHot3DGGgZGEuLy+T6r4rRfwdPFNctBoiGtwByo9bXiHnZOqauGjidJK7GOAsfcblLWVBLSS530M9QttGn+WWBPl/Kw8fQ5SeAUprL7dBb6eQ6n5wPVet9P8ATtH01bgY42ulA8xwonRvR1P0/TfN1LRJWSDLnkcewU+qq5a+oFNAcNzjZdytKuKij89eZ8xPyuoc2+F0SGOkr5tEYJ9T6K6oqSKnjDGt45KHbqSKjhDByeSrCIaeRkJzkcCch0QAGAMYRkwoUlXHGS1w39FbeEAEqZ2U7Nbj/wCqDb7dJdZhU1hLIAfK091It9qmqnGsrHHw85az2Ui832hs8LTM0BvDQFnnLACTfRIrrnRWen1vxoGzWjbJ9lnIop7vMa6tJbC07DsEKhoZLzI65XgFsY3jYTwEarrPFIp6XyQt2GO6yWTwe6+m/pu3W2KU1x7Y6prGPApqZumNmxI7pkeTthchix2RZ3thgM2Pp5XOu1Sj7Puvi/B16epVVx5GTvjpozNK4NaBndUsdLcOsK8U0OY6Rn1v/ob647oUjq3qCsFPDlsQ5PYD1WkbI21UTbXQEA4/mSd3Fcay6eol934nsa9LX42vEP8Ada7/AETrld6TpyiZZLJBk4IJDtm/9VR2y1uLnXm8uyc5Yx3f3UimpmiVszxqxyEStkfM7L9mAbN9Aujo9LHUyw+jwH1N5qjwOmm08yff7bIdbVPrZfFqZvCgb/dsHdUlTdj4vhUmA0bAp1bVPuFT8vTjDGbErddA/D0VEoudVCAxuNId3XpnL4q1XHpH5w1/kbdXc7rXlsXQfw8NxmjuV3OGjzBrhsV62yCCjjbFTsa1oHYLjWxU0TIYYw1rRjZDlnji3kdhZJy3nKts3SyOnlI3cVHLamtzHAQ2M8u7p8UMldpdkiPO59VawxRxNDGMAAWeSwxQOjooqdgDRl3cqUW4XGoiHOSDEkklAhJJJgfq2woQ6m5K4d0JQh3W71Tcj1SJHCGT7qEHJuSuJmVCHclcSPCGTvjO6hAxIwd0APyS1MqZ4YGa5pNA9ScKskr5aiVsdvY4n/vPwqELGpq2UzCXnf0UD5itq34pWOY0/idspEFHI5odWOD3+yM3EY2Gw7KEBx0EEJ8aVokkPJRTKHDSAAmmQvOChgY7qEJLXE5JPCGAmulZCCXkD1ysveuvLbbX6Ypdbu2CEyFbkEot9GpdtuRhVFz6ntVr1fMTgaeMd15le/ihWTvkjpZHNysVXXS4XKXXNOSPTC0QoyOhRJ8s9Ev/AMVS9z2WwuAO2Vibj1Nd7oSJal4YewKrGUz36cjOVqLB8P7zd9MsbWthO+tybtjV2MShDsywLnOOCSTytPYegL9fQJomtigIz4hXp1g+HFmtzGSVcLZphycbFa0NDAcJM7U+hE7U+jI9N/Dq0WRjZqiL5io7l+4H5LVRujpmaWNaxv8AhCDVXSngadZxt6qguF9fLG6KlyM90rLkK3ORc1l1pogXGTzfdZy49RSS5ZEchVUomncHSPJ+6E9rG4BKJQwE0MnfNUu1SPzhNczYbLr3AHATJ5207cvOAUeCkOLcd0CWVkIy5wwqyruznSGKm3I9Cpds6Xv16eBKwsY7keyLCDzhEapuLHeWE6jxsp9p6Sv97cHuYG0xHLtsrZ2foWzWiJslW0SuG+PRW8t4ZTN8OlAAG2Ahk8cA7+Sqs/RFss8YlmY10o7+isX1tJTt0RgbdgoNRcZJSSXHJ7ZUAh0xIaFWGU+Sxmu4A8rcfmq6etmn8pcQM9k+O3PkIdIThSmwwxNAwBhB0QrhTl+7s/mnCnawZ/1UuXH4W4AUGaTT7q20ykhr9Lc4wNvVQZHnOyLI5znbrngucRhqHkasIjuDncjCZoPYZJ7ZVrHa5pGhwbsjNdYLcPFuE2Hj8ARxbYO4r7dZq24y+HHEQ0cn2Wmpul7TaojV3KcEDnxDsFmLn8TPk4zBYqRrDxreFi6++XS7SOlrayR5d21bD7BFhhxhk9KvHxJsdm/3e2nxXt4cweX9VgL315eL49zDO9kR7A4ys/KwZC5hoGw3RRjkaqhjsPcXEZJ7nlcwE48ppIxhHtQyMEheXOcj9UwOyMZQzsdyh6scK0iw+T6oB4XXOB4KGSc8phaiI8pAZXAF3W31UGxicTMj1XCQmEnPKhQRN1e64SEMk55ULHLh4TUlAjhJyuZK5kJZChDq4eEwuAOCVxzgRgFTBDjnEHAK4XE7Eph5XFeSCSSSVEGJJJKFtYEkRlLIOcFR6qvoqGLx6ysijZ65QSsURsYym8RRIyByVzTvjKxN1+J9vpXuZbqZ9Tg/Vp2WVuXXPUV0yWytpQfpLBg4SZaiCN9Pj7Z8vg9UrK2ioIDNV1cUI7azjKydx+JtppXFtJSTVZG3l2B/NedOjqKyUy1s8kz3ckk7qfTWuU6RBHsfZKlbOX4s1x0tdX5clhX9ddQXHUKfFJGfp0/Vj3VS51bXPL6mqkeTyS4q7gsE7sOeNu+ytaayUzQNQ3+yqO6X5MaraoLCjgy8Nv1kADJKsoLLOQ06dloGW6mhILWDPupGgovjwKlqmvwKWCx5+uMBTo7ZBEMgDIU5rSE0Ruyj24EyunLsjimbn2SDY2YOoKUYNS58lAeWn9VeAXNkYywDABJK45kr/wC6bupzYI2jAaP0TgwDhTaL3tsr201Q4jxTt6J7rfCAHb5U8AEHIQXN3VbC0R/k2jsiMY1gw0IiaiSSLyD1ey7nK5p90hgd1T2l5Y1NyU7I9UJz2N3cQB90ptINRb6HtITjuoE94t9ID4kwz6Aqsqes6BgLYwXO+6B2xj2FCmyfovNBXXSRxAue/AWMqerKyQ/7uA1p91U1t4uVUNL6hwHscJb1EXwjZXorJdm5qb7bKY4dUAn2VFWdYNaSKWI7dyVkXF7/AKnkrmn3S5WSfTNtWjjH8i2q+qLlUHDX4CrZKmec5meShEYSS3J9GqNUI/ijv2S075zuk1dSZSeRi46HaWgcIWnC7sO6ESc8qnPaQPkJrjkbLmAlgJLmQY4kHlNSSVb2GO1u9VzUT3XEkankgkkkkLsIJJNXMhA3kh1JcyF1EQ/ZpJJJfk8/XA9JJJQgkkklCCSSSUEj0kklAMCSSSUBEutXElCA6inhq4X01RE2SKQaXMcMgj7LF9PySdPXJ3SlxqGineXPt8z3Z1t/7s+jgMfstwqjqWxw3qh1Nb/vlJmalf3a/wBPzULSJBbjlCje6mqPGYPuPVV/TtzkrqLw6twFVB5ZW9xhWMjQ5vqoWXVPM2WMP1DdcDvZVNDOYyIXE7qzbvuhBlEKkkkiAOHcYVVeLVHdaKSmkaCHggg91bLhGVaGI8lsFzn6L6if05cyfkap/wDu0naN3oV6Yx+dwP3WW+IXSst4p/m6IAVEPnafUhC6C6mN2pjQ1XlrKQeHM0nfI2ynReALI5NPc7bS3WmNJVxhzXcHu09iPQrB9UdJjrrpqfpqtcz+MWt2qlkdtrwNn4/xA7/YL0cebZVV+tcjQy9UPlqqbdun8Q9D6hb9PbOmanB4aMNkV7PkCso6211ktFcIDDLTOLJmnljskY/UKyttYKiPRnzMXqPxq6QdeaWTr20UjHSMi/36NgwXs/rP/Lv+q8Qhq3U7mywlfXfBeU/mUJvtdo4mppxPcjP/ABX+G1L1FQS3WhgayvhbnLdvE+/uvCKaoqKGd1BXsLZIzp35C+uqeoZV04eQHAjcLyD4sfDWGq8TqC1eWdu8kYHI9V7LSal+z5v9SeA/kqWorXPs89YdbchGVFQ10tNIaWqy0g43VyyQH812oT3I+VX0OqbgyQ1OHKCTk54RGo8iUGHC6hDlPBGFZY5JJJQSJJJJQgkkklCCSSSUIJJJJQglzAXUlCCLW44XCBhPXNPulSWRwEhcRSAhkHKFogIHCbq9kZCV9kyCQzjByFJQTwp2ERnNPogta6OdtRGMSM+k+ilOaPRBewHO3KTZWpcMfp9RPT2KyD5Tyj6j+CvxXi6qtcllu7gLhSx6i5zseJ7j9F6JWQCJwng4duvhq23e4WC4xXK2zOiljIIIPPsV9efDT4i2vr6yB8DdNTAA2ohJyWH/AKcr555jxs9FY51r7D9TfQX1hR57TLTXvF0V79ltXxta4V0TQHDaQDv7obwXQtqmjYndT6uAx4I3a5QWn5WbTzFJsWngFcRM+hNY4Y0xw1UJY8ZB9VmbrapKR5cwZYeFppG+C7xIxgE7p8kUdTFpeAQQtlF8q3lMzW6aN8dsjwX4jfDSl6oo31NCwNrGDLWAfUV8/wAtPV2uskpKuExyRHSQ7ZfaN2tL6WQyRg6eQR2XlfxN+G9P1NSuuVuibHXRAk6R9a9BotfNPlnx/wCrvpH+TuuqX3r/AMzxCjrZInNdFIW/YrS09W2ujLDgOAyVjJYaqgqX0dTC6OSM4IKn2y4mmnD3cHYr1mlv3LLPh2t0VmnnsmuTQuLoyCMj81YQTQ18BpKoA5GASoQfHUMEjHZBTQDH5mnhdHiSOa4uDKi5WyqsdV8xTkmInOytaarju1GRga2jcKfFVQ1rDSVjRgjAJVFW2+qstV49OSYie3GFSWBqt3cvsj1tG+A5Ix7oVHWz0MwlieQR2yr6J8Nyp8P0kkKmraF1NIWng8FV0NU1JYZ6l0X10aqJlHVyguGwJO/2XoNPOyRmthzlfMQnnpXB8Ty1w3GCvTeh/iAJGx0Vc8axsCTymQnk4et8dtbsrPWNWUlFpqmKojEsTgQVKb5lqjJYOI1jsSHNDHPGY5G5BRdPulp91e5ERntU9lqwwuzDIds8K9bIHDI77oNfRxVkXhSDPofQqlttxfQ1LrdWuJDThjj6KZQeMmjSSwMZyu6fdTcgMA0kklYQwpnmynpYCjWSCBysr1t0jS3+kMsLGtq2DLHhanIQi0IJJNYGV2zqkpRZ84XCiqLdO+lq4yySM4IPdVkhGTtwvcuuOjae/UpqIWhtTGCQQOV4xX22egmdDMNwcLDZDk9VodVHUwyisfpOWkJ1uqTRSGOX+6edj6JzhglBmDZGaRueyz7WdHG6O19GgyDuOExzcjlRLdUmSARu+pmymg5UESjtIcsO+QnWq5V1gucNzoJDHJE7Ox+r2KO5oKjyxA9kUJbWWnuW2XTPpTpTqW3dYWeO8UR0yOJ8druWO/pH+n2Ku4Jztt+q+a+i+ra7o26Nq6Ul1PIWiohztI0f9M7L6Kpa6julKLja5RLG7BGO4xnK6NV2VyeQ8no56e1yX4su6eZx5UyOQkAFU1FUBxGT91cROBamyZyH0Zz4h9LDqW0CeAtbcKMF1PIdifUH9ArD4a9Zt6ntJtNzZmuoPJUtePM7Owd78K2kGcZ4XnvVtluPT17h616daWmLerjZxI0eo790lxyaKXGyPxvv0/7mY+IPSEvw+ulRdIIPH6cuYdHUQBuotcfX/qrz4D/E6D4edSM6Cv1XK+zXKUyW2Zzstgc52Mf8rsDPo77r0Smq7H8QOly5rWzUla0skjeMlhHb9+V88dYdGu6ZqWdM3GV7GVI12er/AO7d2jJ7dt1nshseUdfSOrWQemv79/8AT3/lf+Z92vl1OzjCIx2dl4b8Afi1L1HaZOl+ops3q1u0PDj55Wf95/ixjc+4XtzHDnPKOue5HntTpp6exwkSBunoWcp6angzBV0E5Q0kAJKacjc7rqAOUUDLMKECZC6gsJJ3JRlCCSSSUIJJJJQgkkklCCSSSUIJJJJQgkkklCDFx/0ldXH/AElQgEk5XF0g5yuKEHqJcqOOupXU0g2eMKWmvGQoWpYPGuoum67p2vNfb9TC058vBWy6M61ju0LaOteG1LRjfutJcbfBXwugnYCCNvZeTX20T2S4uno9THMOfuj6GZUj2UOz2TljeiutYLmwUNe4MnAwCTytrqDgQdleQWsAXtGFHwWkKTpQpGZ91GUdByOV1B3DkQEYQkHZKWSkkrIcxlQ6xgezRpCmobmh3KNEM+4SU7y1/wBKRIAyNwp9wozURZZs5u/3VTDIQfDedwr6IOlf4sbocHzL5s+K/Qf+ylfHX0LS2kmJAHIb3x/n+i+ldPuqbqayQ3+zz2qoY17JW4ORuD7JFlamdPxmvt8fcrK3/lemeF9F37wgygrHEFoAY8nn2Vtfad1HcGXKn2DiCcevdYO92m49DX19pq2ZjJHycuN3s7By3lsu0d3t7MEiSIBrweVwtbp8Syj9OfR3n6tVVGClnPRoqGaG70RhqGh7Xtw4exXmHUFtlsdfJSSDLA4lh/wnhbWjqzb6xrsYY/YqR1hY2dQ2d9ZSFonhGfuFy2sHv76/kjvPDuoKCOozKG/UMgrFTxujeWcEL02aIFphlbu3ykehCyd6tjHFzo27hKkeT1ullOTnEiWOuMUjTq+k7r0Gle2eNsgOQRleUgy079XGFt+k7praInu5GFmaNvi9Sof6czQvbjYqJIAdsKfLgN2UJ4yCgksnel0QpWgbEKJIBgjHCnzDPAUKSNxQGacckNzd1HlZlvrhSntwgOYQCojHZDJXTAb7dlBmHorGoaQVCkac4T0uDn2wyV87FDe3Sc4VnK3IUF7d1ZzbY4YJkm+MKScPYDhR9ON0+OXChmaTAVDcYxwgMJ1BTZW5B+yguBHZQVJNdFpQTu2yryleRhZWmnLHrQUU4fGCeQobtJa0sMvYpNQCtLXV/JT+LjLHDDh7LPwzYIVjTy5IGUElk7mls5NFVQkuFfRv98jkK0oK+O5RhkpDZ2d/VVFrqC1giecsccI09HJb5xWQZc3kgJR2Kpcl48BrdLhkKlu1G1hFVCzAJwQOyuKSeOrjEkZz6j0T5IGyDS4bHZJksmvG5FFb6rDsOIVzCQ5uQc5WbuEEluqiCfKSSCB2VxbqgOja5pzkJch1UtvDJ/0qys1wk8XwHnGOFWiTU3hMDzBI2RnIOVnsjuOnprNksnoFK8gAqwimzgLLWm6iWMNLsn/JX0MgwCsk4vPB3q7VMtWuDhggfmqevpXUcnzEAJY76m+inxP2CkiJs7S1w2IQjZS4KmJwe0OB2IyiEZUOogmt1ScZ8Jx47KXG4OAI77qMWpZK2+WeG9UD6KYgZ3DiOCvOLdWT9LXd9DWEuhJwCOML1wDJwqDqvpGnvFKZomATNGdgjMesok4/JBco7TTw1UIlicHNcNiCgVVOHDjCyNirq6yV/wDDawnRnAyt9F4VZGHREe/sqZWnsdsc+zM1VOWu+lVNbQiUF7NiFrqyjBc5unhUtRTOjJwEmUcjLIPHBE6e6gqbRVMjkeQ0HY5Xv/SnVMF3o445JQZGjlfONdQOmJfGcEbq36L6pqbVUCKaXAacZJ4XO1OmT5Ro0WrVL+OZ9OwyFpG6lxyAjkElZnp2/Ut4pWOjdiQNGR/qreObScLj21YZ3oyTWS2BymvGcIMLwWjCkA5WOUcFgidKc05XXjKGHkchBggRrfdJwxvlJzvZca8KECwTua4AhTw7IGCqvGDkKTTy4OClipLJOyU5BBBRByrKHNLicnhOSQ3OIJ3PKWTsPkJIY5TxwlijqSSSAgkkklCCSSXHcKEHNwVArIMnVhSckHdP0CQEFOhLBaKSSM5IIUCppY5Glr288H0V1UMEbyCNlCnjzx3XQps2sE8g+J/Q0NzonyRta2ZoJBA3d/6r5/0y0FX4bwWvidpOfZfZtdQQ1cRhmYCDwfRfNvxY6Vfabs+rhiIjecnAXf0Wo/Zw/I6SSfywB01Uy4W5md3AYyvUvhlffm6I2uofmWD6cnsvD+m67Q75d7tnLbdOXCW13ynlY7DHkBxXSmlOHBWgucMSZ7yHbE4RQcqFTVHiMY7+sZUtjsjhc+cH0z1EJ71kJkpZKbkLqzNYHI7kpZK4koQSHj1REObZuodk2sjAy7jKgyt1DGNlOH0n7KM8Y7LTVPBktWVgwHXtkZd7VVUrWZcWkheAdOD5K8T2+caHA4GfUL6huNOfEJxkFfPnX1mfZOqm1kMeiOZ2rI4XtPDanG1Hyr6x8fvl81a6LulkLKhrfVXbn8EblZuCUShlTGfK4A/mrmkkD2AO9F7GMlJHzpScS8staYKlrDgArd0szXN5B2XmIzDM2Vp4W0slbqpwSfzXK1dK5mj3v03rGo7Js0PJRInOje1w4CBE7LdQ/REd54y0BcOxHvKrf0XEcge3UOCi5yFXUFSHwhhG7diphk17pBuhPcPLznYrmonuhpKjRGeB6SWQkoG7MjDvykUlx24UKlyisrR8tUx1Ib5M6T+aKyTO+NiiVLA9joyM6h+ihUMpdEYXDDonFqJPBnbJj+FGccblElI2wUCQ4IVNNgt4Rmr9FJR3Wiu8WRiURP8AZpWlbJq3HB3UK70rau3yMxu0FwPoR3QrHUuntsUkh8wGk/kqigIvkslxwy0g+i6keEYwZCf5Iz7oTzh4KIdtggqEDNLXgagqW36oairp8Ya2Uub+atn5BByqadzor8C3Zkke49SoLsWSwJwkDlJy4D5ScJiQDYGtI8L3ByojHZwjVGXHCCG6Wk84VxEzCP8ApBQZDtsjkZgce6AOE3pGSfBX1bRpORyFXUvlcQPVWtY1xaQR2VTTjMpHurjLkw2rkDcXFkx9wql5znsrm7twBNhUsg1bjZbKu0cfWLEzHfEJg8Wld30LJggA7rW/ENuHUpPAZusW48br1Gl5qR+d/rVY8tP/AAv/AEI12mLYSAOQq0NAoC5w5Um5zAyiLsVGq3COjDAMK5M4Onj9qKd51aieVGf9SkO4Kjk+ZZLOWdLGQ0GwU+kBCgxHGArWmZgA4TYrCGUxzIL+HBQQcE5RJ/pQjwFImp8cB2orOUHsUeMHUnRQi18Bm7kKSOFGZyAj626VtrM27HYOpfhuM8hU1TIdSn1U3v2VY45Kq2XGDPLmWTi4TgZXU152WRvCCSyRamQ+nZQWkvdv2RqqTLtlyni3zhZ5S3GiKwSIWacDCmMGkA4QYmjbbhSJXNDBpCiaSFz5AzybEA9lALi7OQizv35yo2rJPZJm8cBxjhZFkOOPVTqaIbEDhAjiyQQFPgYWgIIrIFksho2huNkdu4XGNIxsiA47JyhgzSfPJ0jJACI0HKQ5RGNymRWRL5CMaXbKZDEMjITIosAbKUwYGwzha64ZETmO04xgYXS7VgBNklDct7gItIwloee6bNJIfo9NLV2qCJFJB3IUtox3ymwkNAGOUYcrM2e901MaoKCQ+Fpcdwp8TcYOEKnY3bZTYWAhUboQSD05AH0qRrAaRsFFAwolwqvDiL84AUHxls5It3uTY3FrRkY5WGuNyMr3ANO59Ue/Xj5mUxwOOBsSFVRRuO7kxLJ5LzfkPllsrYtLpHascqXC0DBPZKGNunJCdpWiEcHl39x0ngNCI1gLRkpNj23Q5ZMbI20UkNmd4Q2xwqisqnPJaCEesqcAgeip5nl7tz3WO+30aqq2Pe8vO5QlzICaufOzk2JYQ9azoKwOuFb87JHmOM4G3JWaoqOaunbDE3OeV7v0bYRarVGzSA54BP8Aqs07Nz4PWfTXjHfb89q+1F/b6ZsELABwP0UyWdsQ1OwB7poAa0DsFR9QXWBo+XY7Lu5CbTU7Ge61eprog5y9EG/XRlTUfyslrdueVr/h50mzAvldE2RxOI9ZwG4747qi6H6aF3rPm62Nxp4znB21EL0+qmMGWsdgr0emqUII/Pv1X55+Q1DrrfHsFc691TJ8nR55w5wR7bSR0jdT2Bzz3KFbqaKPNTI05JOAp8EL6p4a3YDutJ4ptIn0zBINbxsOFK8rAh4bC1rR2CC+V1RJ4cX2JVuOeWJfIV9QeGhSaCgEhbVVcfmTKSi8J4lqNwNwoV76hZA35aDcu2JBS5zTXDLS3PCJt8v4t8T4KT+YTz5sYWfobc+unFyubiQN2xnjPqi0tEHYqqhuR+EHunPl8Y6W7BY7bVHg+h/Sv0dqPITVtixFhqq4GcinhGiMbbd0qenJ3xwlTUZccnupDy2maA7k+65Wr1WxH3zxXgK9O1XBcHW6It3kAKhrqqoutT8nS5EbThxRbjWGp1U8J3HJUihpG00IaDl7t3FcK66VrPWwohoYYS5C00DKGNscTd+59VLiiyQ4t/NKOEkgkZ5UpkWGjIWnSaed01GJ53y/kFp4StkxhAa3JAAHqszdLx83P/D6MEDcPeO/spV7uxkLqSkfxs5w9Va9EdG1FbL81UMA1bgEdl7CFENLBKPZ+XvqnzkvJ62Um8xT4J/QXQj5nNq6uLEXIB7+5XrsTIqSFtPDGGtAxgKLbqSOgp2wsH0jCdUzAckDHqqlLceNsm5SyEmnZE3UTk9gmUVLPVSiolOGZ9cfkokLH18wxkRsO59fsr6KPQABwFmnLAAZrWtGlrQB6BdXF1Z28kEnJqciIJJNSUCHEjHKEeUsn1QlCCXDwmychNedhgqEESmJJmcKEClDxvjKT9uThZi89aUFJVG126F9zrjxBBwP+d2PLj7qENLLL4eNs5WYq+szPVtt/TVH89WEZ1acxD/xKK3py+dSObJ1LcDFTDdtHTnA99Z/FwMem/qtRQ0lHbqcUtHCyJjdvKME/dQhTU/T9ZVyNruoqjxXO3NOxx0NP2V3EyOPIa0AZTnFriTqQzucKJZLSyOJJOSV3HuotZcqK2xGarmDGDndYPqD4sUsTHR2iHU7ONb02FTkMjW5HoEs1PBtLIGnGVj758S7ZbSWUYbO8bLya/dZXe8EsqJstPZUzJHSHuXfdaa9Ov6hsdPKPLNjeeubtci/w59DXeh7LMyVLpj5nZP3Uqz2C53STw4oHFvcrf8ATnwnJeKiuADT6oswqLclWec09sq613+7xaitdY/hhcbi0PrHGBvOV61aelbJaQDBRsLgOSMq1LGgAMAAHYJUtT/yi53y9GPsfw9slpaC9hqHjGNe4BWsjDYm42XHENHKjyOD/KUqUnb2Zpzcux01dFDnU5VdTW1tT/dRvEXq4YR6mWggy+cYI91RXHqcSsNNRsIA5JVRjhkJE4gPnq5NwqiruVMDiAElqhl9ROcyuJCZI+CMaX4BWiMUMUDlRWTTAAu0hRHzaB9WfzSeJJngQtyD3U2msE8uHPG6LKCawV76mbGY4tRx6plFYrrfHjU/SDtv2WkprMIBiduVPiJpW6YAGj7KYKO2jouzWiNstS5ss3J2Vq6vdGNMADR2IVV/EXZIlcNvdDMs1RtT+Yd0DQMlklVNwqJNnyc+iikyy7Rs1ZUiOijBDqx2CpOmNgDYG490LFkeOg1AOqHD7KQ1sEeBAMlFjpKqbDn/AEHvhNnqqG2gj6pRyAqImxwZI5uqRukKLUTU9NGZGzanDsoFZeaqtaYmAtXKO01VXjLNio2kGDfcp5dm4AT6alnqnDQ0n8leUHTkTQHzDGEK6dSWOyNEUZ8SUbFowiLSyDgsY06qjZV9xvNjs5LWHxZm/hAWVv3W90ub3QwSeBBnYM2JWde+SRxfI8uceSTlWo5HQhns0lz62uFWNEAbA3/BtlZ6pqppnF00jnE+pQN8kkrpcPVMUcDPjESgkbcpxIGd0BzjvvsiwMUUhHlMyUwyYPCGJsnGFAwxIxyhucQuavdDJyjiix5dkbIJ5SyfVMTMYCisnclIDPdcBb3KTnN0ndDLkPCGEoZJzykeUNU3kgTJXExJUQ7kriS4SMKEG5CRIwguJ1HcrmT6lXgg5zjnY7LhcTsShpKZIdyVzJTEuBkqi8MekuB7TnzAY5yoNffrPbMirr4mlvIB3CCU1EONcp8RXJPAJ4GUliKz4o0UbsW6mllG4DuAsxc+ur/cC4NnEDHHhgwUEroro3V+NufMuD1SvudFbofGqqqOIHjUeVlLl8TrVTkspKaSpI22doH6kFeayS1FS8vlke9ztzk5yjU9unmw2OP9kmc5yXBsr0VdX58lzcOv77cWeEwspwefDGCVn5G1FVIZJp3vc7kk5V3S9L1T8OcMD0V7RdO09M0GVoJKWlKfDNTuqoX2JGUprVK8ARBW9H07JJgys/VaumoaWLDo4QCpej0ACnxYZns1k5cIoKbp+njAJHCnR0UUG8bcEqZocU5kXqExQSMc9RKRHDe2E4U3fOFI0N9EiMYAV4A3tkYwluCQiNhBAOUUDK6BhFkIH4bR2SEbQnJKyAkklzKhDq5kJuvOyZqIUIFJGOUIkZ5XRl3GU3wCeThU+iDcgbkrjqqADd66ac5y7KQho2YMmyS58jEm+iLLXsZsyNz/ALKHPWXAD+RTsPu5Wuq3NxwB6pxfaXDHzLR+apzyMUmvRmKmW9TjQ+WFjf8AAd1BmgkeNM878D3WwbTWmUkfNMH3QprJaphtdaYfmgmsjoWqLzJGJnpKMblxefdQJDRtyGRZIWzqemKTfwbnAc+6pazpKt/4U0Th90iayba762ZyV7W8NUSWTxDxwp9ZbKyjeWzRHbuoRaR6pDWDoVyjJcMFqTCcp5aQcYKGrGhNPuugYQ9Xsllp7oMSYSWRy5kISSB8FnS5x2yuJJK85J2JJJJAQakkkgIJJJJU+iCXEihnKBhxjkOSMcoBJylk+qbvk7qN4KHAnKICMIeClkqyH7PpJJL8pH62EnpieoQSSSShBJJJKCRJJJKAyeB6SSSgAkkklCDEs43SSUIZu9UbrbXC/wBI3DXOEdUxo5Z3d91ZQTxVMTZoHh0bxlpHop74mSsMcgy1wwR6hZ2DNhuotdS7NNU5khkAwG5P0lQakvZYuGlweOytKOoD4vUqveQ7I9EKCc09QM8O7K2SSLxq6htyeO66qEMSSakoEKRurAXlvVlHU9H3wdTUIIjccVTQNnA9/wDJeqKBebTT3ijfTTxteHNI3GUUZcl98A7LdqO8UTa2ik1sdwVasOQGkZC8l6UrKrovqSp6drXH5So81MSdg7J2H/y9l6lHOHb45WyLwZ7a89FXUUDLRWZgA+Qq/I6IjLWu77e6+Y/i10NJ0T1OXU7g+13UGalP/dO/FGf1GPzX1tPStuFLJAecZb7HsVkepelIutOn6zpW9taQwkQv0+ZsgHke09l2fGeRloLVYuTnX1qR8jW66fwyoMc2TE/bn6T6rQVEMNXE6KZgII7qjv8AYq+yXGrst3gMVZRPMcjT3HZ354KXT14w80NY4gA4jce3sV9o8fqY3xU4HG1NWODyv4m/DweM+st0RY4ZcQO686t9fLBJ8nWbPYcAlfWNxt1Pcqd0ErQcjY+i8I+Inw8mpZ31dLHh4y7buvR02vGD5X9R+AlOTupRn2yd+cqQ13sqC217m/7vUHzNOnfsrxjcDK2J5Pnk4OEtrCroPZcGy6OU1Cgg4XVwHsuqEEkkkoJEkkkoQSSSShBJJJKEHJJJKEGpJJKEEuEDGV1JAGCIXEYtGCUIg5QOLDApik4KFp91eGQE5mCN+UF8YHflTCMoTm+6VLkIr5Y9XbKtekOqLr0XeIrtap3McCNbfwvHoQoTm5QXs22Kz6nSx1EPjs6Oj4zyeo8VqY6nTPEkz7P6P6rt/WVjgudI9rhJGHPA7HCl1lOA04+4Povkv4a9fVfQN5bI4vltszh48GdvuF9c2u5UV9t0F0oXtkhnGRg7g+hXzTX6Keitdcj9bfSf1LT9S6JWwf3x4a95IEerUY3nIXfNEf8ACUWrpT4mtu32K7EWyxmOTlqyrs9RgY5scrcOaHA+qzV1traOoLo2+R+4HZaRoMDwD9J4KdVQQ1UBhewHPB9FrrtcTLqaI2RxJHz98T/hpT3uJ9ztkIjqmjUQ0fUvA6mKehqH0tVEY5GHBBX23U2sRuLRuF5R8TfhNSXeN91oYNNQASQ0cr0PjvKfG1XYfJfq36QhqYO/Tr7zwu13V1M8MecsPur5r2ysDmOyCsrV0dTbap9JUxFjmHG/dT7ZcnNLYJNgvYV3KSPhuu0M9JPbNFtPG8OBaePdTaOubVRfL1IBxtv3UdxHBUWWJ7XGSJaDmY5CVVJLbZvmKfJhJzj0U8/L3elwMB7R+YKhUdyy75eqGWu23XZYZLfKKmmOYzvgKFtYKyso3wPLJG8cH1UZgfA8SREtc07ELTubT3WnyABIAqOppHwSFkjfzVhwnnhm26M68fSNbBWvJxsfdeq225U9yh8aA/cZ4Xzaf5Z8q1vR/WlVbJWwyu1NGAMnke6OM2jl6/x6n/qVnugIC7q9lTW2+RXGMSR4HqMq3acgFOTycJQ29ifuM+iprza2V8ZewaZWbgjurlCe3HCttoJIpbFdZXZoqh2Xs2BPP2V+x2RnCzd0trhJ85SeSVu5A7qfabl8xCGzOAeNlWf2W0izSSSTChiR4SSREAnVlcIccI+AlgKmuCEV4PdYzrLo6nucL6uliDZQMuaO/ut05g4yo8jMJElkZVbKialBnzTX0bqaV7C0hzSQQq8scTuML2vrfoaG5Rvr7fGGzAZe0fi915DWUktJK6GZha5pxgpDiet0OqjqYZRCZI+B4cz13VzC7WwOyqZ4JO44UmgnLJND3HS7jJ4Kyvs2Tin0WJB7pmEfSMZwhkYVYwZ+ngjvZsRla74Z9fT9LVgoKo5oJHcc6Se/2WXcMhR3RAHbZMhNpi7qo3wcJH1fBNDMG1VOQWSAOBB2KsKWqLiGleCfDX4iz2upisV4lL6WQ6Y5HHdn5+i9vY4EBzeDuFvrsz2eN1ujlpJ49F6wEsJJQpMu2PCbRVTZWiN31D90+ZunYd01tGLGDz5sknwv6gbWU+r+B3Bx8VoG1O/I8xPputb1LYLV1pZnUteW1MEzdUUreWHs5p7IlfQ09wp301XE2SOQYIIWUsN0rukLizpe9SOkoZ3YoKj8LN/pd+oCTNZNyl8n3R/M8j13z4Xdbwmf+XUUGX0844lZ/S4+q+w+hetqPqSxUd2p5ddPUNBeSfNC/wDpcP8AX2Xk/X3RNH1naZqKQAVeM0smN43+uffZeZfCDruo+G3VNX0p1UyU26seaapJ2DXdpM9mO7+mkJONnJtuqXk6d8fziuV+z7cY4PGQ7I9UZqyNovfyMzKOeUSUk+Pkps51f4HH+r09VrRu3OMJsXuPMNcj05B/EnjhEngoIOUQEYQE/JSwR45RmuGNyMoCWSrISEkJJQhISQ9bfVLW31UIESTFzU31UIESTElCCSSSUIJJJJQgklwuAOCVxzgRgFQgnBu+eUE8rp5XFCCSSSUIcIyqq/WKnu9K5jmDxGglpA3yrZJQtPB4hdLZPQ1JkpiY5oXcjYnC3XRfWjbjE233B+moZsCe6n9WdN/PxGso2ATNGXNA+of9V5vNE6KQTU7vDmYcgj1CPob+R7YHZ2wukZWN6I60huP/ALtuh0Vbdg4nActq5+WnZXkBrBFkYhB5zhHcd0CRm4KooIDkcrqE3nGUQcKiHUkklCHHN1d1S3eka0Cqibgj6gFdoE7WybEZHBTEQzsc2pg90N7TyDlPuFNLQTa27xPJI9kzxGyMGBjZFF+gzz/4qdFUXVFleXxaaiMfy5huY/yXjPT13nsdwbS3Bul5aGye59V9N1URONtgvDviZ0gIp319IzU7dxA2Lcf5rJqNL8x7L6Q85LxmpUZPj0WE7RMxsjNw4AtKuLBWt3p5sFrhocCsF0RfH1gNsrJB5R5MncH0Wla51LUDf6Xbry90HCbifqXxHkv52mUjPfETp42i4/xKAj5Wscc4H0Scn9f9CsHWwgtJC98q6OlvtsfRVDWvjnZg57H/AKrw65Uclmu09lrCfEgcQXkYy0fiWZ8IvV0YzJGMuNEWuOlqFY6801ZoJwAVpLjROByGhzeWkcELJ11O+lrBLHwTlKlE4c18Vimj1SORtTTMlYcgjKEWHCpekbxHVRGle7do4K0z2AtwBhJwen098b4JxKuZu6iyNAHCsJW57KLI30QYGSXBWzN3wFGeBhT5G57KFID6KjJav0QZ25OcKFM3I2CsphkKFICjOfcvRXyj0UKVpBwrGVozwosjM9kZzboZIEoxhMbyjTNO2yEeFDBOOGFGC0jKhzMwc42KLGfNuUSoAMB08qIWyGwYdyrShlOA1VTQQFJpZy1+44ULqs2PCNDBKQAcqxppTrCp6N+vBVlE8EBRo7OltzyaGjlyANWDyFpKSZtVSBjjuBhYqmqC0BvcLQ2qoDm6Q7BwkyWDvaazJJBlttQJI3YY47jsr2ORssbZGnkKt0sqYiyQZKjUk09vqBDI7MbjtlKksnTjIs6+jirITHK3J7HuCs5TyS2+qMLnHTnG61oGsAg7cqtutsZUxmRoDZB39UEo4DfHKCwvD2A553CLI3U37KmtFS5rzBIfYZVtr0duVna9GuiTccsLRTupZvEHGy19urfHjDv2WLa7BzjhSqK5S09Q3SfL3SJxOjp9Q4zWT0CnlyWjOytYXAsHA/NZq31AmYHE7lXFPOMALO4najLcSK2jFXEWE4PYqhjfNQTmnq86SfK5aOJ2TjHKDdbYyupzsNQGx7oSumQ48OwQQQfdGAOBvsqihqXU03ydUC1w2a7sVctGByog1YksGR6x6XdcYhXUADZ4jqI9VnunL6+hqTR14c3PlOexXp5GVkerOk21bXV9EzRM3cgd1DDZTKqXy1ItTC2dutu4IyCqquohjOFUdLdUPpp/4VdMtOdLXO7H0WympmzNyMYO4Kg6q2OohldmKqIND8EKmuVvLD8xA3PqAtlX2/BJDeypnR6SWlJnHchVlPOSw6D63mtkzaeeTY+XJPC9wtN1guMLJoXg7bjK+ba+2OjPzdLyN3NC1XQvXb6eVlNUPLcHG65l9HtGzSat1tV2M+gYZ3NLcjlWLD5QSeVnrTdaW6UzXxvGrHrwrGKdxaGOOQOCuXbDk7fotMg90OVmcYQon5IBKknBasu0sjfUuNJaeUnDSSu51ICEgYISbkbhDBwUbYhCQNDPwCf1UoEaQQqs5BypMM3DSeEsCUcE5snsuSb8Hf0TGgHunOGQrAHxPY7IacnujMGMquEj6aYSEeQ7OKsWbtDgfqSwJvA4DC6kklgjEkkkBBJJJKEGysHYJjX4OMI5GVHlaWkyAfkmpcloBWML27Dc7qC4t+l5wVZk+K3hQJWhkulwGD3WiEsBpZIsrAd8LHdc9KxX+3StY1viYOMra1EekgBQ5mbjuulprdrEzjuW1nxzdKCo6fur4JWkaHnBx7rTUNUKmnZM0+YDlbX4x9FPmEl1oYh5RrIxz6heV2C4mB3y8md9sei9Bp7VNYPPThOi7Y+j3/oO+fxG3MglfmWEaHZ5+62DH57Lxroi5GgubHl+GSgAr16ORrm6wch24UuR6LS3JxUWS9R5TkEYOwTgcLBJcm+MshEkkkIQlxwy3BXV1NCl0RmnSSEJw1cbIk+NZcOEM+YZToGZrLK+uiBGcZXl3xQsRrreZ2Ny5mdJ9CvWakYbkjIWT6poXVVtmbCOclei8Zb8aTPL+b0kba5RZ4l05MflDSvOXxOOQr+B5Y4LPx00lvvjgBgS5yPdXrXey+gaafyQUj4trNO9Pa4lnGfFG6vrFWljhAfsszRy6OVZUU/hTNlHY8IbY74uJq8ZqZVWLB6LTP1AAqQxx9FV22p8aJsgVmJAQDpXn7o7ZbT6no7d8FI42TwanI+l2xCtmHIVPM0EZ7qfSVIdEA47jZZJROrVYTUkzlLISpLJpTHAnO5TwRhATtXuqDHpqcmHdQJjJG6htyFWzMFNUiRowyTZ3/MrAsO5JUWrjM0RAG7dwrQtjScppGVyNwcwEJyasYEybfQxzQdjuCqC3j5G6VVv1ENJ8WMffnC0R4Wdv7fkqqkubNv5oikP+EpcnkBMu2HI5yk7BGMrjS0g6eDwgEnPKNLI1D3fUVxJJCGOVReA6nlpq3GR4gid7Z7q3yAq++tMltdp5a4O/dWngAKd+F0Y33QqeRslPG8HZzR/kugEd0beReBlQMYKhiTJxhTKh2wyoIAyUVfHYqYdpywhCaMOT4ucFcdgcJu7PBlsA1LQWKib/LqHjHKv5sSRlg5VAQRX4Ki7Md+Bl1dqpxtjdUrtgd+Fe3RmYNj3VE9mIpO2Fsr9HF1v5GO+IzgIYCDvoGFhC44ac9t1s/iESXUoztoWGkcdwvS6eW2pH54+s/8A83l/hEGVzpqsYGd8KNeZHM0wN/NSIgROSfVQbm/XUD2RzeTg0rlEMjDceyjbk55UyYgNUZgGVmcsM6G7aFgyXN24KvIwBGPsqqjYXPA7K2aPLhHuyjVQuNwI7lEjj74wmAEuUpkflUgMB4wiRSAHjlMIOeE9kZ22WhdmezjkM/shyOOEZvdR6ojYLXB4RislxlESpdnuFFH1J8xyeUMcpM5ZYlcjzsMqFWTYGMKY8hrQSqupmDis1rwjRBEZ2p8gOFYwNDWgkcqLSt8R2cKa4Y04GEulZWWFN/oLGMoUpJBBKLnDVDncOMqrHjoqKcmAnJLgcpkbSXBLOXhSoGZ3IWd/cxklsDU8eQM9lYMYGgFBgjwBlSSMY3Vx7Ms5BAAF1NbxhOAyU0RY/wBD2+bhS6dmDqIQoo9wMKyhjxjZaa1kQ5+h0TcjccIoc1gyd8JZaARjChTy5PhNdufRa0sIVt+SSQ92qWbU0bFWlNHpY0EIFDBs0varIBuAAEic8nsPE6L+PFSE0aQBhGp2F5xwhxwlxGBkqypoNAHl3SlLJ6OuHOR8MelTYo+CQhMG+ERxDG7ojUocA6ueKkiMkjtvRYjqK9+V7WzEegCn9UX2miZoa/JbnvyVhnPlrJi952KtLJwPK+QVS+OthIQ6V4cRyrGOMNAOFykpGhmSOESRwaSAtMI45PG2TcmNcTkANwnMbnO6a1n4k58gAxhHuF/4HSSaAq2qqBpLQQn1VQRkeqqZZTqyd91nts4wOphlnZ3lx55UGQ4OxR5HDG53UKV3bPKwXSN0IfoI49gUm+3KE1pPfK0XSlifd6xg0HGrAKxWSxE6Gi0ktXaq4mx+G3Sj3yC51ONBwQ0hetU8ejA7KBZrTFa6GOmABc0bqxLxG0uOwCqlNvLPqVGmho6I1xAXSrFJBrAWas9rf1BeGt30asuwiXaarr60UzHEhztLQFvulbNDZKVjmR+dwy8n1XodHp8RUj5n9d+eenr/AIdL+59lzR09PbKdsEDAAOUmB9TOZHHY9k0vL3cIkYP0tbuujCB8Uk2+Zdh42yyy+BDwO6vIWClpyTgnugUNPFR0/ivGCRyUB0k9bMI4NmDko87QMskCczytjH4lZ0NPHTu1vaCRxlDo6RtEzxJgHPeO/ZVV3uklSTSUA1Obs7dKsue3bEOumd8lGIW/dQtkcaSkOcbOcD/kqyjohGW1dWzVndrSnspKanHiujGrG+fVKMz10wYwHbYDsAubbZsPrX0h9FO5xuvjwOdUSVTtmloBwAFYUdA/Gt557KRRWz5fBeQXFGqZ46KPJGSeAuRqdY4vKPu+g8dDTRVdawhj5IqKIySbY/dUM9ZPVzF5+k8BEqZJ62TVIcDs1FgpWxkOK487Z3Syzv1xVURtNTAnU5gyrSCnIdkhMp4CSMBWbGNY3J2wtFVW5nP8hq4xh9wLwwxocRjCr7tcRBSFsW735aPb3RLndYYdVN3cNiodpoZblVtDfMBzlep8fpXpY/LLs/P3179UuedLp/8AqE6Z6eNwqo5pYi4ZwARyV7JbbfBbqZkMbA12PMq/p2zR2yBrnRgux5TjhWlTOIhxlOuudj5Pic7HJ8nZ5REOVVRtqbnVFpz4WcfdExNXT6I878q+o6GKljADQXdykylhAj6SkZBG1gYAAFJXGrqQ5ZLHpJJKiDk1JMRkEkkkoECXMj1SJwEJ7sd1CHZSNt0wnPdBkkOr/wBUGqq6aki8eqnZHGOS48qEJZIHPplUt46loLXHqkmZLM7Ph08TsyuH27KBUXW8dQCSl6fjZTU3etqBv9mD0VnbOkrVRSCsmj+Yq8bzSeYooxyQoG03VHVmH3Cb+FUB4ji8tS4e7hwtFYenLRYqVlHQUwa1mwyrJ7Q0aiNh3UV9bAPJE/U/ONkWMEDvww5A5Ud2DtrGfRRZX1LGiesnFPFzk+iyHUfxUstmElLaofm6o7GX8P5K4VOQSi2bSSphpPPVS6IwN3HssB1P8WaGkD6awhlS8beIRsvOL31re724iercyM/hacKljGDsNz+6fCpR5Zorhjllrd+prxey752pIYd9LDhVDpS7Ddx6LWWH4edQ3ste6JtPTvGRK7fI+y9L6f8Ahh0/ag2WriNZOB9T+AfsmucILsOVqr6PJ7J0FfL6Q+GEtYeHEL0zpr4R2+3xtluJ8WU7kE5XoNLBT00Qjp4WRtAwA0YTse6zzvk+E+BFt85+yLSWyioYxHTU8bABjZoUkNI4cuhwPBSKzyk5PLEOTfY3OATqB2QdRdyOUnvbFu5yo7h1LDCSyly8jb81FFsItaioigOZZA37rM3HqZzi6CibiRvDlAnluVzk1zg4PG/ASFLBSgOcNzymtNAtYIRjuFY/VPK459SimOOmZ5seXf7pSVz2+SnySptvsVVWHxqoYzuArXARUmpe86IBz7KXTWWWqIdOzA+y0tNaqWjx5GknnIRJJmRDZM35Rblkr6Wz00DRlu4R8iMEgbBBqa8DZpwobZK2qdpj4VZ9lZJFTVjj091DJrKpwbT7e+FZUlkdKRJUnCuIqOCBoEbQFfyFFHSWUafErBl57qe2mdgMghAA22CsnspWt1THGOFHNTMNqFmrGyqUskBx2/VvUNx7lMqbhaLe0sGqWUfhahz0lwnd4lZVFjDy1pwuQ2ankf8AymHV6ndQhWzXa41/8lmYIRwM7rtNaJ6p2oEuPdaGjsDXYdM3yj2VhPVWu0U+qTSzA4HdC5c8F4yV9B05DE0PlA/RNu18s/T7A1z2l4zluVluofiO6Vpgt5cGDICwdXcJ66UyzvJJ9TlWoOXIUY5NJf8A4g3G5vdBSv8ABh7aBglZiSV8pL5HlxPcnKFgdjhccQe6dGOB8YY7GnOSSVxLITXkaTuiSD6Gl2NkNzychcPKESMYTVDIZ0v9SE1zhg7j9UIvAJAKESSeUzYQO4jfdRzyfulk+qQOEvAxLI4ZGwKakXAppIwijFsNROIb/pK65zc8oJIwj6LHEnK5kpp5XEBBJJJKEBJJFDOQoQkFwwdwo5JyuZPquEgbk4VonZ1JcyByQO6o7p1r09a8tlrBI8ctj3wluaXY2NM5PCRerh2Xndf8VZJmuhs1tLXf97Nx+QWUut5vt4eTW1bi0/8ADacM/RK+Vf0m6rx85/nwep3DrCwWwvjqa5hkZy1m6y1z+KZeHQWmjGD+OTfP2HZYcULti/BKn0tpllLfCiz+STKU5cI1x0dVHL5H1nVHUN0l1VFZ4cZG7Yhp/X1VaGF5wSSPfdaWn6WqZQCfKO+yuaHpelgAL9yeUDhJ9jXqaq+FgxUVDNLgQx/kArOj6ZrJfNLCCttS22lpsmOEZI7owYQdlarwKt1r/pM7RdNwxEGVgGFcQ2+mg+iJufVSgw5RdIwNsYR7THPUyn2RPAGdmgBP8Juc7fopGkeiarxgTvYJrcH6cBEAGEsBdVjE8nMBIgLpQXageSoQ47GduFxJItOOFCCSQ37OyVztkDKgYU7DKH4p9AuOl0g68NGO6q6q7W+l3mrIxjsHIJT2jIVubwiydORtgLjDzlZet61t0DSIAZXeyoqrrSumyIW6B7lKnqILg016KyR6I57GNLnuAAVdV9QWqmPmqBkLzqpvtyq2lklQ4N9ioTnudu5xP3KzvVNP7TZHx0X+RvJeu6KN7mwNdt3PdQ29YXq6TfL2+GLPYkYKxmn3RIp56c6oXlp9QcIJaicvY+OhriejU9j6mr2tdU3eCInlueFNb0GagA1vVIZ7B3/qvNW3i5dquT/zFFbeLgDl1XJ+pU+TPYEtJL+l4PSf/ZvbD9XVMp/+2ro+Gdjzvfs+5kK85F+uIH/aH/qutv8Acc/9of8Aqr+SH6M8tHfL8ZnpQ+Glj730/wD3Qrn/ALN+nxzd5f8AzFeft6huGP8AtL/1T/8AaK4j/wCKf/5lTsj6QP8AB1K/r/8AJG8f8Penh/8AZqUH/mKDL0FaNO1+qMf85WLHUNd3mf8Aqnt6iqhzK/8AVC7F+gFptUn+X/ki/uPQ9uMJH8blP3cSqZ3QtIfpubz+ZUd1/mfzK7ZObfZm/wDEKofCOoj0x3+wMRO1e/75Ka/4fvA/lXGMk/cp46jqWnyS4RB1RP8Ai0kjvgKxn/zRBf8AD26kHwpYn/bKjH4f9Qs/4TD+aux1XN/Vj7J7erZWnPiO/VC0T5dVD0jNydDdTs4og4exUWXpbqOH+8tUoH2W2Z1pVMP965SR15MB58Px67hBsDWs1Uf6UebyWm5w7TUMoPs1RnwVUZ80BA916oz4gQ8S2+neP+QIretun5P+09PUzx3wwZVbGgo6+9/nE8lw4fUMFcXr3+0Pw5qhiq6WmB7mN5bj90CSL4OVf1R3KlJO+kNfhDyOj5D9wZ5QkN+F6s/pD4PVhzT9aVVGf/1ij2H305wmn4SdO1pzZviXYHjkfMF0OfzI3VcjFr4P0zyzGFzYd16i34C9R1oP8Hv/AE7Xenh3SHP/AN8ok/8AZ7+KVORpsD6jPHypbNn7acoJLcOjqa5HnKY5q11x+FfxFtOr5/oy8xBn1F9G4YVDVWi50TNdXQTwtO2XxkINgfzQfTK7T7pafdFELlzw/dU0VuQzAQyDlSMEoeAoFlH7NpJJL8on63EkkkoQSemJ6hBJJJKCRJ6YnqACSSSULEkkkoQSSSSgAlButsjuVMWEDxWjMTvR3ZTlwnG6gZn7XV+NEaeby1EJ0SNPO3dGqGOOC0ZIQL3TGhq23iAbEhswHp6qYx7J42yMOWuGQrDXLD2eu8XVTynzN4yVaA5Cy8pdSVbZ2bDO6v6eqjqYxJGc+o9FQE4BCcpJJKACTk1OVohjevekRe6V08LAZGg4+6g/Dzqea4xy2e4PPzlGSx2o7uwvQcA88Lyrr7pm42O6f7UWEkAnLwz19/ZOU8Eayj1Ollcx499iFy6Ur3aLhTt/mxA8FUXTnUtHfaGOqpXEOHlkYeQ5aGKoJYM7J0LNxitrwzyH499Bu6ms7etbHT666hi/3inaMumj/Efyw1fMlwpv5YuEDvK3BHvlfdVVI62XB5Lc0tR5gMZDcr5m+M3w8Pw+6m+apnMl6evk5ER0/wDZZSBln57afz5Xt/pnzEtNNaeT4OZqatyMR05eTWM+WldlzR5TnfClX63x1tLqcwEs/wAlkbjRVPT1c2pp3nwnuyCOCtjarpT3ak1scNQGHt919d02pUuTgamlZwzwrr3oJ0Ej7rbI9J5e0Dn3WRoLi4tEM+SWnHuvpW+2RtXTOZG0Zwdl4h1f0JI2pdPRjw38kDYErsVT3HzTz3gN1jt06/yQo3BzdQOxTlR2+vmppDQV+WvYcAlXDJQfzWlM8FdTKubiwoPZEBGEJdHKsSFSXBwuqCRJJJKEEnJqcoQbgpyJob6IaheMCSSSUKEkkkoQakkkoQS5gLqSrBeThAQ8FFXMBRomQSETnspRj90AxY3CTsGNZAFmCN0F7PdSzknjhMLcoZchlfIzuBuvSPgv8Vp+jbhFYbrK42uc4c9xz4R+y8/kj25UKWHJ2aubr9DDVw2yPQfTvnNR4HVrU0P/ACvTPuhktPWwR1NLK2WKVupj2nIIUKWBzJNbTgZXgvwJ+LMljni6P6inc6jlOIpXHOhfQ78SbaV891eknpZ7ZH6z+n/Pafz+kWpo4/a9oj5bK3B57pDyt045QpGPgfqaNlIaWTMDmncchI6O41khTUzZQTjCrZYgMtezIPYq9LccqLVQh/0hHGbyY7tOmeM/FL4XUl+p5LlbYRHO3Li0BfOtfQ1doqnQVEZZJGcbjlfcT4dB4XlnxR+F9Pe4JLjbYQ2cAlzWjlei8d5R1NQsPmP1d9HR11bvo/L9fs+ebbc5Z5TFKd8ZGTyrdjs7LOXe2VVmrTDKxzJGlWFuuLZ2+HKcPHf1XtKblYj4DrdJPSWOuaw0TqmlDmmSPkbkBco693/ZqlvlPGe6fE5zXZ1ZCJPTxVEenADhuHDkFPSMJyIOp5fEhdgc4U9klNcGaXtGvhUrKh1LKIKnO/DlLGWkTQnfk4VgP+xEr6GSlkIIy07gqHpI3BwVpo5Iq+ExS41YVZV23wnHAwrQcZxaxIsunuq6i0va2VznN9QvWunOqaK7xiJso1gd14GctJHorK2Xmqth1QOIOQeUxGDVaSNnMD6MByuPGQsV0x11BXws+ZcNZAaRnfK2bJRI0ObuDumZOHbXKqTUkR5YsnZv7rP1tLPQzGohyY3HJA7LUFuVFqItexbkFQWnyR7VcBVx6HHzNCs8hZZ8M9tq/GaCYySdvRXtLVx1EQkY7PrumZCwSUkgc7pIyhJHhJJQgMgoKlEDlDwUvoLsjlmdl59170SypidX0UQ8TcuAC9IQ5Ga9tt/UIZRUkO090tPPdE+XZojE9zHjDmEghRJC4nYYwvW/iP8AD8xar3aovKAXTtA2+4C8pkjHIzysVkMM9dpL46qGUy0t1UZovDkdu0KUW+6zolfFI1zSRhXkFVHNG14O55Sv8jLK2gh4Uc8qUeEHBJQ4wJRHew5DhyF6p8MfiLJFpsF6m1Yw2nefT0JXmLm55TWtwcjkJtdm0TqNPDUQ2yPq+CcHEkTlawTioZl31BeMfDT4htqQ2z3qf/eB5WSuP1jsPuvWqSXScjcLXCeWeO1WllRPDJ74hjICpL7ZqW90xpaxvk339FdtqA5oBCFOwEZAT2k0Z4z2vkzNiutZR1H8BvUgEjP+xzH/AI0fYE/1f5rO/F34cw9U2z+K0ETWXClBO2xkHv7rT323RXGIRyZa5h1RvH1MPYgp/TtyqZddquYDpoW+V/8A3jOP1SJrKcTTVfOqasr4ZTf2f/iPSdTW2b4YdZRl1Wxum3yvfh5xtp3G7xtj819A9MXyv+Yq+nbxg1tvdrbID5Z6c8TD3O2fyXyJ8WOiZemrtD1v05rhDHeLIIsjwpQc+Jkfde5dFdVQ/Ffoq33a3VDYOo7NpBk1aQ2bgNP/ANDezbj/ACQQe3gb5SiqSWrq6ff9me2B4O4GyJqWb6R6qp+qLaayOnfTTQyOgqKd5y6GRvLT688q+LiRwmnCY7Xg8IzXAgbhRfF82nCTQT3VSWSiWkhNc3SN04HO4QkDJJiSsgTJSBOVxJQgTO3KZk5wuJKECg7blLI9ULJSyfVQgVLI9UN3bdJwPqoQJkeq4SMIeT6pZPqoQ6Sc7FLJXElCCSSSUIJJMSUIJJJJQg4rEdZ9Mhzf4lb4cHOJGt4++Ft8hcLWuGlxGDzkKBR7PDHskbIJ4HFk0ZyCNt16J0f1jHcom22ukArG7MB21Kp626XdQa73b4j8tzIBxnvssTK5zvDrqCTw6lnmjeDjBRjXHcsnu4zwRuE2RuQsv0T1hHfIW0NwcI62IYf/AIvda0s7qCWsEJ2prhtsiRv24RS0YOUBw0nYKig2R6piZqz3T1CDUzOU9MO6cQi18DKmAxO78H0WYhlfS1nykm4JIBK1bm+6ob9b/HhMkTMSA5DgrUsEGzR6gduyzPUNi/iFI5rANYJP3Horu2V/zTDBK3TNEMOB7+6NNGCw4RN5GQm4PKPlHqOiqOmb06sjDmRNfnA91vqC4x3q3xV0RGXMGrHcq/686WpauGTXADqz27ryCzXK4dH3sW6rB+WqHYa/tj0P6rk67S7o7kfafoP6pnXNaa98M9VtFf4GaaU4BOx9FVfEbpc9RWr+I0IjbW0mSXY3mZj6T7qTE5kmmVmCHDIwrSlqCBpcMgjuvOThk+8QnHVVZ/Z4jRyCqozBIP5kW2Dz9lQ3ijOrcLafEKwP6ZvJv1MQaCueRoA/u384P7qoljZXRtniAHlBwktHH1NGHgxlFUS2y4xzN8rc4cF6nbqhldSMmYc5AyvNrvRPZJ4wadLjjHorjom8Pp6s0FQ86JBhuexSZJIPQ2/BPa+jYzxAZI22Ve8YBVxM3UPXZV7ojgnCDCPQSjlZK6Rm/CiyMbhWFQ0MbkjdV0nGff1QGK5EOVvooMrdtgrGQdiokowN1Dn3Irpm77DZRZG9yFPmA9FFkb5cgI/RgtRAlZ3wokg32VjI3I4UN7TzhQ59scEctOchO1eUgroPIwhyNJ3ChmlLANwaDsnRbOXS5uCAUJpw5Ehe5F1QuGNyrGN+ypKOTcFW0UrcAIl9x0dLbjgnxTluNlbWyt8OZpJwCqRu+CpMPlx7pU4M7dF2zDN5TyB7Q5pBTqqmNbEGNIa9u7T6qnsle1uY3nsAMrQRHPmGyQd+mSsjkHZqt7ZHUVVs4cZVq9g9FR3GkfK4VEB0vb6Kwt1cZ4xFMf5jdvulvo0xIF1ohBI2sgbjJw8D19UeGUSxtcPzVk9jXtLXjIO2FV+BJRzFp3jediBwsz7HQ+3oOzBOCcJSRloD28+qa9vl1A8IkDg8hjtkMo8D0/ZPsd3fTSiGod9lsaGp8Zgk9V59PTEOBYFb2K9mN3y07vscrPKODoaPUOK2zZ6BSzeylskLgVTUVQCBnhWDJARlIlwdSP3LKId6tnzbBPT4EjN/uottq3ysMMx87Nt1ealTXi2vDvnaIYkG7mjugUshLgnjkIpYHtGwVXbbi2paI5DiQbEFW0eBhEN3LGDB9c9HCob/ABG2s0zM8zmt7qN0f1ZrAtF1cWyNOljndvYr0aWMPGAMrzvrTo6WF/8AF7VGfEB1Oa3uoc26iVE/lpNTU0gk3DdiqO52lzczRN55AUjo3qqK604oK1+meIaRq2P2Kv6imB4aMdwo1lGiL+WKkYFhzlp/dVVytb4ZPnaPynkgLS3i0TUr3VEQ1Rk5wOyg088VQzwngArPZXkCUfZc9A9ay08raeplLS3bde2W64wV0LZoSDnkei+YK+jqbbU/Mwk4zkELe9B9dPgeyCaQ7YBBKwX6XPKOhpNXnFdjPdYpTspzHkgZVTQ1lPXUzKimeHAjcehUuKfhuOFyrasPB1E8rKJT2h35IAGCjNfnshSglwwsko4LE7fBBRonbac8KO05C4HFpCAhNcBjKa0lpyuRvBHKccchCRolwyhzRvupDXAqrBwpEE+fq7JYEo46JdREyaIsI5BUO2VctO826o307scTyFMDgodfSmVviR7ObuMchWKwXAORlccotsrBVwDP1sGHfdSzg7Z4SWgOjjlxOIyuafdLaIcSSSVEEuFoeNLuCupIyEdzjC8sH0jhRawF4yBue6mTxl7cDlBHoRump4Y1ckA5cPN2USZpDlIq3CGTAGAR+rkNwBxkLbVLBezgpb3b4rjRPppsaXDGSvmLrXpybpm+Pc3+5leSxwGy+rpmg7kLzn4n9Ix361vfTxBssZ1ZC6+kt2yOb5DTfNDcnyjyqwXAuaxwd5m4XtXTdca22xnVksGCvnSz1Zpaw0znfTwfVew9A3lrJRTSu8sgwutN71lGTQXOMtrPSIJMHBUprg5Vevw5cOOAeDlTI5GkYysNqwd6E8oIku4z3S0+6VtY7IRDG+VxFUj2WRpQSCfZRYZsHwyN8qdIBjlVcrfCm8bstNbwAyTUDVC/bfCo5MSNfG8bEEK6EoeNhsqarGidy7GjsxI5fkK90Mnj3WFtMdU+eFuHRvJz7ZVfTTOe0Bw3W76vt4dEZ2x85ysFGWxu5xgr3XjL99WD499QaX4rtxYQuLSFOheSAPVV7HgjAUqN/Bwuk+Wedrn8c1JGy6drv+AVpojnIWBsdRoqQtrST5PC42rqxZk+k+H1Xy1YZLkBGMDlKleWPOO6ecackKM4Ycc91zbUz0dc8cl1HLqYu5KiUVQNGk7qY1wcM+qSb657kNTgTlNJwuavZTI7IYFI8IY5T87YUDGHlMcAnnlNcqYDKuJwZUPi43KkLlRGwStkAwV1XFimkInCrbtGaqmMTQMjzDKnytJxhR3NB7qCpL2R7ZVCqo2y8Friwj3CkFuBnOVT0BEVyqaSIkagZQ3sT3Vq0nBBG6tPJIyyNOySR3SOyIaddlBrofGo5GE/UCEUPz2XXYcMZUIyltE75KUMI3iJjx9lOc/cDCgWtroaiqpntxh+sfYqbL9QKuPYpDaw6oMjlQw7IxlTpgNBHZQzjBA7Is7eBMwkZGOUOTgpkbjqIzuiKkY5vkCSd1T1DdNwbsrp3I+6qawYr2fZOXZlt5Q2r8wwfRUU27H+xV7U8qjqRhz247rTV6OVqVl5PPviFJpdT7cDCw0rsjOPVbb4hbui+ywszsABemp/2kfnn6wWfLTyDYACXKmqT4tQ7J4VtK8MgecYJVGTuSeVcng8/THA2d2cbpo5XZeydE06gUprLNeMsm0Y8wdhWe2nCgUwwM4Ux5VpYOlWsVo60ZcFJH0hAj5CmDhNgWyPgFEAyMeiQ5TQ0kFOijNcPPBUGqfnlSnvDAVXVMmXDZNzhHPnLIF5LnZK4kuEgDJSm8Ax7BVLyBt6KsdlztyplS/Ow7BBpoy5+Ss1kjSuES6WMRsHlCOQD3SDWhoHCE77q4LgX2zkz8DIVdJIXHClSP5z6KI05PCXbwPgh8TCSCVYUseMFR6ePVyrKFgwEuKFWyHNGAigZ7poAKIibMkpZCNRIgS7hMYDnhSoY8kZCdCOeRM2SIYxgYUtmGNOyHCzYZTpXtaOFpgsGdrngbUT42CVtp9ZMz25GdlGa2SqeGtGB6q7pqfw42txgAK5Syj0fidDGX+pMKwNa0YCJEC4jK5pJxhSqeE5G2yzttnqq4YD08OMEjdWEYDW8IMLPKCQihpeMhUuzWo4QXfsqLqi9R0EXgCTDnDJx6Kxr7jDboTLKfsF5nfLo66Vjp99I2aCmo5fldbLT17YdsiVcxqZzJzqUq304aQ4hRqeMvcCRwrMaWNHZHGOWeIvucuwrnCNuBsgNyXblDnkOQeUg7HZPykhC55JBk0N45UOap0hcq6kMG3oql88krjl2wSrLF0jRXD9hZp3SE7qNI8DunuIAP2UKQlx5WKyw11xwdlf3yFEkcc5ynuOeUwMdM4NZuSslk8mqEcvCJdsgNTN4IGV7n8OumG0FIyslZk4yMrD9AdMioqopDDkdyR3Xt1LTNpoGU8TcBgxt6rPnez6X9P+KhpqldNfcx32VfeKgx0zgwguPZTppTC3OOFUQ0013rC2P6Qdz6Ldpq90kjX5rWQ0WlndPpIndJ2l8shrKpm5Hl9ltwA1gY3gBVlBD8tE2H+nupzHbL00IqMFFH5h8nr5+R1ctRPtsNGBnhTaWBocJHjAHr3UKM4JUyEyVDmxxg47+yZnBzbGHe+a5S+BFkQt2PbKuKWOlom+YDYfqU2ngjpYhjAwNyqmur21M4p2E/kk3WoKmmV01GPsJdrhPWt8KmdpJOM+ya1kNBA0t80jh5ne6WYqWLVJgnsPVRIYJ6+U4JA/Zcu7VbD699I/ScZ7bbUOa2qrphG3zfYLQUNDHRRhoA1nko9rt0dFBkgFzhuUCvqmNJa0ZXH1Gs38H3bQePjRBQgsIdVVUdNHrLsnsB3Kpi+Wql8SR3PHsnykzu3BP5osMJwMLmWydjO3XQoI5HAAOOVJpaRznZJwiw078jy4VnTUmAHHlFXHngRqZ7I5AR03h4yEC6V0NLTuaXZdzhSrpUCkh1AgHCzMYmr6nSTnWf0XqPHaJQSssR8i+ufqeGg08q4S+8ZTUVVeq4CJv1cn0C9V6Z6cp7VTtfJGC/H559VD6Z6choImzSMGojIC0heGDJXT1F6fCPzbqtZZq5uyb5ZIklEYPChOdPWSiKNmR3PoukS1cgiiHPdXdBQx08QaN3HkrDKWDIcoqKKmib5fN3JUpOLUtPukSnuIdSSSUIJJJJQgkklxxAG6MgLISJAQ3HB5TfEHqoEde/KDJKM4PPp3UWsukFMcOcM+mVWMju17rHRuxDS43d3P2UIEq+oadjzS0QFVUniOM50+zvQoNL0vWXSrZXX6QuczdtM0/wAoD39StBbbBb7W3LGZceXnlErLvBTP8CHzu+6hA0cEFNEIo4mRxt2wBgBQqy6RMeaakPiydgCguNxucgBkEcA+r3VXfupukeiY3zOlbPVceEw5Ofv2TIrc8IJLJPFHV1Zzc6g08QGS1juVmepfiJYOl2iG1MZUT7jJGcFeedT/ABMvPUEro6aY09OeAzYrGyGSV+qR7nOJ5JyStNdOeR0K/bL3qPrm+dQ1TpZaqSON3/DacN/RUDg6UbjcrTWD4eX6+6ZomNigO/iFer9LfDiz2BjZqlgqKgjl+4H2CPfGoOUo19Hk/Tvw06gv7myvpGxU538VzsfsvWunPhr03YmMqHQ/M1QG7pDkA+wWuibHG3RG0NHoBhNwBkrNZfu4Qid2XgG5jQC0AAeyEdijHbKC7AO4SnFyeWU3nkI0YyuCTVthcMrGZ1FQqm5Mj8kW7ioZ23km5xu44Cra69xQv8OJus+xUKepr6w6XP0M9lDl+Vo/M85d7lMjBsMFM65V02tztDD2yhS0lNR/zHAE91GuN8DG/wC7u34ACq6aO93ebwyCG8kk7YT1FIIsZ7u2Py0+59Au0lquN0LppHaWu7EcK2tfTMFK4SyEOJ5GFdsDYxhuwHognLaQr7dZqaii0PjDneqmFzWDA/RcqqgRhVlTWPOzDgpSeWQNWVRjxkhVsk0k+zBlFjoa2reDIfL3V1SWyGmaMNyUxSwQpqOzOqnh8px3/JXtNb4adoDAPujMYG7NHKf4TzjtlBOWVwQYW4XBFLM7S0Y91JZACNbiGj1JVNeeuaS3PNttMTausPDgMtH5oIvL5IWdVDS0cPj3A4YOcqldfxVzintNMdPGrHKBS2W+33RVXupw0nPh52C1FFS260wBscLA5nfG6YlktLJAo7TWzOzcT5CM6Vaj5K3gBxAx6rO3/r6joMiOYOI22XnV76xuFx1COYtDk5Qz2FGOTc9TfESmps0tufqI2cR6rz263+4XN58Sdwae2VTkuccuO/dOHGMo1CK6HxhgSYuk90DITIxQWEgheccoZcfVN1e6ZkeqNRyMCeKfRCdIQMrhkA2TNauMUiDjL2whuJIKRf7IetvqjB7GEnKGnZCamjYrIkkxI8JeEPSO6vdcLsjGUFxOo7lN1e5VZCwPc852KFkpJitIoSSSWCQo2kQeME4ykhtBceVCr71brYHGqq4mlo3GrKCdigFGLm8Lssedu5THBrcZdjKw1x+JTGjNnp9Thka3jb8lj7ner9d3O8Wsc1juQ0pErlLo3U6CdnfB6hdOrbDadcdRVnxWctAWMu3xTknDoLTRBrf+8k31fYdlkY7c9xw7Lyp9J0/UPePJsUpuU+ng1rS1afmRCrb1d7s4irrHuBOdOcAIUNC6Q5OST3K2NL0lw58X3V3S2Cjia06MEKbG+xn8iEFiBhKSx1L3DDNvsrum6YmfjXgD7LWMpYoTgNG3spQGBhXGvBms1M59GeoulqODL5RrPo7srOKkijw2ONrccYCnHgoAd7ItoiU5y7ZwAAYSwEklBfY7AHZcLAU5JQIZgJJ2n3S0+6gOBqanEgckJqhBJIck8MO8sgaPdVdw6ps1Bq1V8Jx2DkpyS7HRqss/FFuULknZYev+JtIRikhkPbV2Ko5+v7zKf5DtA90DvgvZph4+6f5cHqE08cAzI9rQOcnCrKrqiz0oPi10II7al5XU3K7Vji6orJH6u2pRjTOccu3J9d1nlqJf0myvx0V+TN/W/EO2tdinhe/tq2wVSVHxDuznHwI42N7HG6zzKIkcY/NONORgaf3SZW2S9muGjqgGr+oLzWOLpax/m7AqtZNLI/Mry4n1U8Uwx9IS+XwfoH6Jcpy9mmMIQ6RGEQI4RPDUgQkbIgi7pe39luSZDEZ9F3QVM8Jh4HCTWtAIwptKyRMH0S0k9lILBnZLQFeCZI3gTHcMXfAqB+BTQCBgApHV6Eq4xyTJC+Xn/oS8CoH4FN0u/pP6pCIk75V/GgZT2kTwZ/6V0QzDupnyziM5SFM8fjCvbhA/IyF/OHr+q6DNnfP6qb8s4fjC58uf6wl7mRz/ALEfJ7ldyfVGMWE0hoV5LTwDyfVLJ9V3I9UshTJXJzJ9Us4XdbfVLUPVQnJzOEs4XcArmndMzkmByKhBgO2UTSxU2U1kWn3Tw3PdINTw37fqqwvZWWcEeUvDREkW1MFrILSQdtkWKa7RgfK3Cqj9o5i1dLc8HCLGdOFbrj6B/wAFlb+u/idZmj+F9a3uAM4ArpD/AKrRU3x5+MdFEI5eoIa0f/rtDDUZ++tpz+ayBk7eqR8yU6+SlJ56N2748XitAF++G3RFyPdxs8cLnfcx6VEl+I3w2rxi/fAS2bg5NvuM9Nn93LFEEd04OB2KCVORqtaRtIrh/ZpuFMWV3THW1ibncU9dFUs/WQMcUqjoL+zzcGCazfF+utrpPphu1meAP/FG5wWO8IDf1QhAXE5OEPwF/Mz9akkkl+Sz9jCSSSUIJJJJQg9JJJQgkkklBIkkklCD0kkkZBiSSSAESSSShBksTJ43RSNBa8YIKz1uc+hqZbZOfocTGT3b2WkVTfKB8wZV07R4sPm9yomEcq4hLERjJQLTUOpanwZD5X7IlJUCoja88kYPsUKupC4eJH9Td1ZH0aEHK6qyzXF1VGYZT52K0Az3VCmcSSSUIPG6FV0kNdSSUcwGJWkZPZEXScol+imeNhtZ8N+qGNrPNQ1TyGkcbn/RetU07J4WTxODmPaHAjuCqnrbpxvU1odSYGth1t+4WN+H1/q7RcZelLvM5zmjMOvt7ZTYywBL7j1V8UdZTmKQAnG3ss9erDbOs7PXdG3uHWySMtac7h4+h35K9hkIaM/khV0QI+YhbpqI9w4d1v093xzUjn3154PjS8dPVXTdzqegOq6fRV0hLY5fwyt7OaVi6N9Z0teBSVgwH7bHYjsV9dfGT4cj4l9I/P22nH+0FrIMDmjBk/qjPrwMfmvl+op29VU9Rbq2jfS3ahAbIx53yM5/VfVPpzzMbY7Jvk4mr07fJoqeoirIRJG4HZUfUlkiqYHSCPzeypem71NaLn/BbmC152Gew7Lc6muyMAhfRKLl6OBfXy0fPPUfTdNJUuEjSyTgOCzVNJPa6k0NfktJ/lydivferulIa1jqinjw4jOw7rya82bVro6xmCPpdjj3W+MsngfOeDy/krILZA7hPHKqNU1mmFLWuLmH6H42IVpG9pAcDkHcFOR4O+mdMsSQccLq4OF1QUJJJJQSJIcpJDlQgZn0hDRGfSENQtiSSSUKEkkkoQSSSShBJJJKEGpJJKEEuHhdSVNZLAloGwCY4ZCMmEHCzyi10NRFeOyC5gPZSnMyeUPwj6oH/cZGWOSuqacPwCOF7l8EfjDLlnSXVlT9OG00zuC3sPyXjMkJPbKh1EErS2eBxa+M5BHIXO1+ghrYbZcYPX/SX1Vd9N61XR/F8SXrB90zRZGkfqoMbzAXNc3gryv4JfF9l+gZ0v1LVYuUeG08rz/ej0J9v9V61PHrOcL5/qNNPTz2SR+rPEeW0/mNOtTpnmLHPc2Vgc07oA+rS5KFxjeWkd0aZoLvEaOVnOlJqRFqKfuByq5+MkK5bK0nSWqFVUeNUkfc5+yfGWDPOCweUfEn4W0XUFNLW0UIZLjJAHf1C+Zb1Zbl03cHQ1DHAsOxxyF9zNYXcj3WE+Inw4oOpqOWaGENnxnYd12dH5K3TrGcnzr6q+kKfJQd9UfvPmS3XFlS1ocQH4/VWEchIGVW9TdK3Lpaue10bsNd6JW+4sqGYecPHqvb6PUw1NeYs/PvlPDanxs3C1dFtJTR1kfhybHs5Q2STUEngz7sHB9lLifjcJ00bZ2Fjxz3WlHEUk+BBxGJoj7qypqiKqZokA1LOxyTW6bwpcmMnYqwa7iaEqKWSpxzyh9faHazJDgeyrPDewkOaQVpaecTRbnchQ6ulEm4A3TSQljsqoKiameHxOLSDnZei9J9fM1tpaolrgPxHYrzmpjMLtxyhsdg5GxHB9EWQrqa9RDDR9HUtfFVxiSIggozgHjdeOdN9azULWU9S8kNIAdnsvUbbeaa5wNkpzuRuEzs81qNPKiTiyVUxCWMxnuqSSOooJvEizoz5mq+xwUOojDhggH7o0JX9zlLU+MwHOc7qU1wKopKeoppi+Fx08kZU6nqjtr/ADRkLBJNa4EJysglwgYyupKEBkIeN/spBA5Q8FV0QWzhpcMheNfEvoOW2v8A4paoAaU/Uxo3avZWplTTQ1cLoJ2B7HjBBSZw3GvSaqemnuifKT4yMZGMo1NUGJ+B3W26/wCiprLVPmjANPI4ujcO3+ErBzwOBBxhYroHsqboamvdHsvIZhI0EEZRBhU9JUeC5ofkq2D2yNBaUoTZHDE5oHCCckEYR0nMCoBMhkSseHscQRuCvbPhp8SG3RjbXdpQKsfiJx4n+L78rxlzMpga9jhIxxa4bgg4KbCzD5M2q0sNTDDPryOQEZBRxh+y8q+GXxLbeImWO8zZuTfoe448f13/AKvZeojLBk7rZGeUeP1WlnRZtYKqpNTS4eizldTSCQSMyyRpy1wO+VrWSA+VwUC4W5041RNCITCWOCJRzwXihdR3CNr8gse1w5XlNJLd/wCz/wBe/wAToo31Foq3Fjw041Qk5MZ9HjZeia308xI2c08Il3s1u6vtE1urWgax5fLkRP7OaPVJlHPK7N+nu2ZjPmD7Rt7rVCmNF8YuggypoJadj7xSsO0tM38Z9ZWjbOy9JtF5or7bILrb5GyQVLdbCDk49/Qr5W+B/wAQKvoHqZ/w16ulDaWsfilkc3Uxr3bf+V22fTC9S8Sf4MdQNqC+V3RV3qQHtaNrXUOPBG+Iznb7FEv2+jHqtJKue3/+39Nf2/ueyZB4KeookikOqF+ph4PqitdsmYz0cx8cMLkojTkIa4BjuhayQlNXUBj8bYRg4HdUQ6kkkoQSSSShBJJJKEHpJiShB6SYkoQSSSShBJJJKEEkkkoQSanJqhBZKWSkkoQcRqb4ZJx/kvIOuul6rpyr/iMGPkXclg+j7hewZxugVlNTXKlfRVkLZIpAWkOGVBkJYPBWVMrXR19FNomj8zXNONQXrPQ/WkPU9u0uIFXTgCVp2I9/2XmHUnTdf0fcnNnBloJXHwZQNmjOwPuFBfJU0TmXuzSBk8BBw3iQdwfVGNklJZR9APOrHZDe3blUXR3WND1Xbmz0/kniw2eJx8zHLQZyoIawRtJB529EVq5J5eBlMJyVARJLmQNiV1NICeFHkHAIUt4QHEZ2VdPJZir5G+z1wr4x5Cdx7FT4qllTC2WP6XjIVndqFlXCWvYCMELGWqu/h1VJa6rIAcdBPomxaYa5Jl3oG1cHhuG54K8Y+IXSb6yA/LsDZonFzT64XvU8WpmccjlY7qO3sqID5fO12fugurU1g6Oi1k9HarI+jx/o2/vdG611rS2opxg6u49VtaaoI2K826vts9hr3XenzjIDwO4K1Vsu7K2nZIwh3lGT6rz+r0m0/R/0j56OqpipMvrvbqa/W6W21YBhlGHev5Lxk+LZbg+31bdJAwR6e69jpqknAKyvxF6dZcbeLtRxgVVMfMAPrZ3z9lxbIOLPeW1KyO9GJulA6aAvjAc0jKyMjZKackZa5jsgjZbG0V3zVMYX7PYOCq6/W13g+M3BIOQR6eizTi2c6dTTyjT9N3Jtxt7Q5wMjBg774U+WLy8Lzzpq5vt9wa1ziI37Ee69KyyWFsjDkOGUtPk7Gjv+ava3yinqohvkKskbhyvKphzkKpqYiFZd0f0QJG4HKhSsLjwrB0ZOeyhzDGwGVZzro5IEgKjuGymS4Jyo0io5thEeACVDkaADsplR9QUaRuVEY5rJAkBzwmv4R5Gj0QHbqjn3rBG1EOOSnNfnZdniJ3AQY9iQVZlbJsEuCD6q1piXEbqhiJDlaUcm4BKbGWDZp7NrLpoy3co1O/U70wo0XHOURjwxyqf3I7dNmcFpDK6Nwc08LY2urbU0zSTuBgrDxHIzlXFqrDTgtO4KxzWGdvS6lpqJrdJdwghj6ecShvKJb6mKeIOac+o9FJmg1Ny0ZQHbi08YHNnDuFyZviDCjNBY4NKkRk4BISJI0RAsbuY3DC4Y5IX6xwjytBAc0bgpMkbKCxwUfQ0JE4TDdArKVkL/AB4mkalyMmKXT6KfkTRjOAkuOQ1yTun73pxBUuweAcrXUs4e0YIXmtXTvhxIwEb9loOnL1kNp6l++cApFkMHU02p24hYbdrsjIKceEBhAaNwirPtwdB/spq+jFNL85TAgk+YBWdLMJ42vacghEIadjuqqZs1tqBLTtLonnzN9FZZeMIb9WN0+WFr2jAGCokMlPX02pu/fnhTIfPseypBOGUeZdZdNyWSsF9teY8u/mAcFajpq/0t+o2gO0zxgB7Dz91o6yigrYHU9RGHMcMEHdeV3y11/SN0FfQahEXZGOMeisztOHB6FUUrHsLHMGCsTebS6kqHS07SBzhbOw3qk6it3iswJmN/mN7gplbQxzxmOQc9/RLKZiIXx1sRgmAJA7qplppbTViojBLMq4ulsqLbUGWMHGc7d03xYqyHS9uT3S2siWucm4+HvWxp5GxTS5jdgb9l65DLDWRCenf9QzgL5ab49pqRNET4ZOV650D1oyoY2nml22Az2XN1OnbeUdrT6lOKiz06KU50PKkAh4OyiACZglj5KfFJk6Xndcm2vazauQukAk55TXtJ3Sec4IPC7C8O2dyEjAcHhiiJYcEqQw6kCUYwQlESCAlhSx6JMjdsoTZS12MIgfkYQZmHYhCKaLCmlMg3IUjnuqimmw4A5VlGRpByqAlHJAqvEt04q4hhhOH44V3DI2oibK05DhkKJJGyVhje0FrhggqLbpPkZDRPcdGctz2QLkXJF4klyklYFciSSSQljEkklCHCMqNM3D8+qlIM7ScEK08BR7IFdCXQlwG43UNvmiDvVW3bBbsqao00lSW7hknA9CtEJZHJ5QyRmVWXGBr4HNczIcCMeyt0Coha5mk75XRpm0BOG9YPmH4ndPOsN9ZX0zNMEvGBwe4Ujpe6lj45GvwRgr0z4mdPsudpmj8LVIwFzT6FeH2ieShqjTSEgtOF6DTWKyKiedui9Ldu9H0ZQ1YrqGOUOy4NBKnU8ucNKwfQ951s+XkfnbC2Ucmhyuys7VM98Uy6Ycjd2coqgU8mtoU4Yxysrjg2ReThGFw7rrlxKfDGISh18WYiW8qehVEfiNwmx4ZZWU78HBUS4R8zJ3iYqjHjYKRUsBpyMZXRolteTHqVujgzd2pmzUjo3tzkbLya708lLVvAYQM5XtE7BIzQV5n1XTCOqIcNiSvYeJ1CjhHzn6k0O6Dn+ijo5A7YntspsZwcqrpX+HPp7ZKsmP74Xpj5jL7Z4ZZUMphnbJ6LeWuoEkbXrz6mI1g+i1lmqdmtWPVQ3cnsPB6zEtpqWvDhhBnb3TInEjZSCNbeFx7Ynu67NyyAp5XNfgjCtYpMtCp5D4bsKXRz42KzNGyqe3sstPuhpN3GQijkpUlg2J5GpZOMdkklQzI5DciIbkTIwFQwuZjO/KHHJrjBxujvG2PVRYj4ckjcbYwFIin2Occgn2UVxwpP4fyUZwO6sX6Ke5MdTzx3KHZzHAOA7hW7Xa2h/wDUMqLWQiaJ0Z/EMJlrnc+m8J+S+I6D9uytLAEXzyS0kkkQ0YkSSMZSPCGSc8qFy6KefxoL4yTOGSs0EfZWEv1bdlCvGGSU0w5bKAVLJDon7Zzwji/QhvB0nLD9lFb9f5qS36PyUR31n7qMVYxjP794R8gclRmuDZ3A90WUZwoZn0J22Cqq45ZNHMBkZwVYyO0jA3yoFcP5YOfxJmeTLcAqZOCBsVVVjczOKspxqgPsq+q2GfQcrVU8YOXeeZ/EXZ8WVgZ+2FvfiWCHw9lgjvheloeakfnj6v8A/wA3s/6f+hGqZP5DmnlVpGTyplef5hwdscKAAQTur7OBWsIRGSAUSEDUh90WD60LN9XZYwtGkYTpOQmx/wB2E5n1BQ6EesEqHlv5qS3hRYuyks4RoqbwMIwnkAZXe6E47fdPgjHe/tyR6g4Oygy+qlzOHqq6pOSMFXZwjmsadzgJtQcDGUoUGqcPVZpSww4RywLyS4ZR6Zu+cKPHu5T2NDWocZHTlhcCkOMYKE45G5XXcoMpB4RPhAx/YOb0BQ4Y8dk087klSqVhBG26zyluY1yUUHpmkdlMaMYTYmNAGAjHA7Io9GWcss4nDhNRGtOQPVEuxMnwSqVocRtyrOKENA2USjiO2yso8NbxwtUEY5SO7Nb6Kvml8STw2H81InnGQ31Q6Om1zB/Ybppo0tEr5qKRPtcOhgD27qyAOeEynhGxAUvRxhJnn0e60dCqgojoItWNsqdDCNsBAhGloJCnRYbD4mEo6KWECedLgwcuRXSClp8uwUykbrmdUSfRGO/CzHVl98NxgjeRkHACKKB1F8KKnORW9YXvxZjDG7IxjZZqLzOCE+V9TLqec43UylZg6iNk1cHhtZqp3S3SJVPEGt322Se/tlO1ANwBj81Hk9ymb8LBz8OTyOyScpTODWjcIQOwd6KDW1PLSd0qdmB0IirZ9btIOyjwjvhDaS92XHKc52G6R2SJTNMY4OSkAYDlEk/6p0jvMgyk9is0554HxWGOwcEK56Zsk1bM2QN2KqaWMzztix9RXsnQHTbXhrhEDjBKy2PLPUfTfjv5t++S4ia3pKysoaON/h+bStPE0BuXYH3XIImxMDQ0AAcKLX1LYxoHCZCGOT6QvtXBAulX8w8UtLnA2cfVXtooI6Kna2NvmcMuPqVUUVOHVDZS0EFaCLgH1Xe0NC272fHP/EbzkZSWhpf92TGbkHCM0gjZCBAZuU6lY5x2BK6b4PkDaXJKhYZHaG8kq/o6dlOwAD7lR6KjZTsD3AFxTKqrL3mOJ2w5KXZMRtlbJRiOr6102aWmccjlyiNjhoITNOcvPGU5jxEdbuSosMVRdqh2DhjTjPoudqLsRbPp30h9Mz1TVlq4O0sVRc6nDeO57ALW0dLHSRBrWgHG57lMt9vhooA1jd8ZJ9Sh1dcGbALzup1Tmfo/w3iKqKFXFDq65iNvhRjnYkKpcTK7ZxwVxzjK/wC5U6mpCSCcLBKbfLPRQoVawMgpztkKxpaXzAgYRKak48oVjFTbDAAVJ8g28IFHTNaOESUtp2anEAI2jBGBhUXU1a6GIwt5wux43TO6xM8V9UeUXjtM7G8FPX1c1wqi3VloOA0LY9H2CKNhraiL6dm57lUfRtjfWVAnqm+XZy9GwyNgAGAOAvU2y2LCPyZ9Q+Xs8pq5WyeUEY/Ax2CcyKatlEUbds7lDghlrJRHGPz7LRUdHFTtDGbuHJWCyfJ505S0MdKwNA39VLwAAG7YXcDHKZq9kGckHJJJICCSSSUIJJMXHODRkqECIFTKGYyU2WsbG0nGfQKtlfJO7OSjIFnroW7ZVZVVNROMU2SpTYdZwRnKl0tOyGQPICgRCoenWVLmVdeC54V1NPT0NPu4N0jAUWe4PLtEGw9UJ8ETWie4S+U788K8N9FpZBvq7jdGPjpRhh4chTzWLpan+dvVT52buaVkuqfifarG2SjsrnGZuwcF5Beeqbzf5XSV9aXEnPKdVRKX5IOMMm86v+LtRcXy0dp/3amJw1zBglec1dRNVyeNUSueT3ccqbZejr51CWvoYCYzsHei9a6T+EtHbhFU3cNqJAPMxxyE57KukHlQZ5n090PeuodJoYcRn/iO2aPzXqvTXwqstnjbPcYxVVONy45aCtxDBSUEbaejp2RMG2GjCdI4ObskWXy6iVOxsDtDxuulxl3OyG/lcSHNy7Eyk32PyfVLJXFxzgAqXYJ3UPUKJPLjYJPJJ5UeSWOP+8fhNiuAhskjn7HjuoFZLSUEfiOIz91U3nqdkIMEA3PcFZqWauucmQ52D2TYRT7KSyX1V1HHpzCcewKp5Zaq4Sl4y4HgK2tXR1RVNBqXBud/yWuoOnqC3saI4gXepCY5xhwizM2fpSWctqp+3YrWw2+CnaHMaAfRHDGtb5SAB6DCi1dfHEPMcEbIJS3dECOIbk8YVdVXBkR0g7hRam5STHET8hPprTLVASzNKDt5ZCM+WqrH4YNQU2gtMrpPEmGMcZVpR2+Gl3aMn3UoDCpyyQB4WABgA+yIGklPIxu7YBQblfbdbYw6V4c7+n1QkLBkGoZ7KquvVVls/wDKfIZZx+Bqz9XeOoepqgQWqM0lMeXYxlW1q6RoKACquLWz1B5e45UIVof1N1brE2mgpc+UN2JCvbV05bLPGHiJr3jl7gnXO9UdFCS1wBAwAsFfeuat+qnpJMDucolFsJRbN1duqLba48ySAEDYArzjqHr6quDnxUbnRtdsT7LN1lZU1j9U8znH3KjFme61QjgdCAUuc/zPJJPOUPLR3CTnAZGd0En3WpQWBmEug+R6hLPuo+r3XC7blL2F5YRzs7oBJyuF2/K4SMKAndXuEMuJ2JTCd9ikSMI8jRZKYDhcJGU1QtLIkzJSTEzIagdyVxJLIVfIWJBPCc4YGyCVM5DEeU3JXE/jc8BRySD7EuZHqoNffbVbYi+qqACeAFjrp8RCQ6G2wDB5c/uhdmOh9ennZ0b2Wqp4ADLKGj7rPXbrq00OqOnLpnjsF55V3iurn655n79g7YKPFTuneAASTukOeTVDRKvmwv7j1xe66PRE5kDfWMYJVA6aoqpC6Z7pHH+o5VxQdOVc5Di3Y+y0dv6VgpsOnaCShktw1zrp/FGMp7VUzkBsOM+yuqHpWqkcPHaGt9VtIaGkpQNEQz9k9FGtMXZrJdRKWk6bpabkhx+ysIqGnhwWRjKlLrtwo4YM7vnP8gKYiHlDUImJJJJQsR4P2QDyjng/ZAPKhDiSWR6pOwwanbAKm0uyHcFIEDkqDX3y226PVVVbGO7Bx5WWrviZBE8toKMS6eHP4KTK+MezRXp7LfxRt3OA3ccAcqJJeLXT5E1Y1pHK8rufWfUV1LmOmbFGe0YwVVCKonOZZXuJ5yVnnqH6N0fHOPNjPSLn8RLPSFzaZoqHDgYWWr/iHeqzW2nibEHcaRhUsdtY3z4yfdGbShpzpCV81kvZrq09NfK5GTXPqK5N8KoqnNZ6gqEbZOXanSh2fVXbYzpAITTC4clDlvhmlWJcJJECK3R4AeAfsj/JQM4bwpbYT6crroy0ZIVbUBKTmQvl2t2AS8IKUZGAY0oJeAqBWehmgJeCPRd8X2SJJGzUOMhbxaGAchMy3fA4TvlqmQ7MOCiRWyoJGrhVtyFvS7ZGMgB4/dcL8jhWjLK4jdm6J/CImkF4wiUMgfPH9lIJHuOANk/fGcK7bbqcctRBRUjRkt4RfGRXRZQajwG7pD5ntEtAKalGwj4ThGwcKbEU7ig01/8AR+y6GV+fpH6LQ6RjGFzUxTagP5D/AEUQp68jbH6JChux4aFfB4PDUj9iVarTB/kZ7KIWy7n0XRbLwPRX+T6H9Us/f9UTqXsr+Q10UDrVc37Od+i6LJX4/vVemVo5cf1TPHHc/uh+KGeUX/ImkUoslbn+8CILFVEbvarfx2n1CXjt9Sj+GP6K+af7Kr+AVPd7Uv4BUf1tVr817FL5r2Knwx/RXzT/AGVH8Aquzx+iX8BqgPrH6K2+bb6FI1TT2KB0xl0Wrpr2U5slVxkJfwaq9R+iuDK075KXis9SrVSXQf8AImUv8JrPVqRtVaB9TVeeMz1K4ZmepVfEB80yiFDWt2OE75WtGytnytJ2S1D1/ZW6sjFeyo+XrEjT1g7K01N9Ei5o7Kthfyf2Kvw6wfgXNVYOYxj7q0MjeNCaS3KmwnyEEPnP1RlP8STuw/opeQma/wDCpsK3oj63f92f0XQ5xOdJCkgg9kvKpsJvQISPxjGUg+f/ALr90bSPRdyfUqbCpPJ+sSSSS/Hp+zhJJJKEEkkkoQSemJ6hBJJJKEEkkkoQSSSSgkSSSShBJ6YnoZPBBLhAPIXUkKIZ2oZ/Dq9zMYimOpvsVYFhMYdzlSa2jjq4TG8ZP4T3BVfQTF7XU0hw+LYpmUWiCS+3VvjtB0OOStDTVMc8YkjOQf2VXWwCWE4G4Ue1VjqaXwJOHcKCmsmiSXBuMpwGe6hRwcozCNPKjJ+SoQORnB9F538SelHTg9Q2tpZUwebybHZehNdk4XTGyRpje0EOBByiTA6Md0D1PJfba2GrcPmYQA4cErWPGRyvKOp6Gt6Qvv8AE6AljS7zADykL0iy3iG726Gthxh7Rn2K0wkJsrcnlBXufTyNkZ9JPmHqvDv7QHwoqXub8SejqZnzsO1xiYMGRh5k29Mbr3h4ykCRwV1tDq5aS1WROffVu4PhC422n60tTaqICC5U+TgbOBUzpnqF9dG631kJjrKUASNJ+of1Bbz4zfC6f4fXV3VfTrT/AAesnx4TG5NO934f+X09F5ldKI1D6e/2wBlVBkvDDjWO4X2nwvk4auqLR5jV0uFjZrtbZAWuAIPZYXq3pkvc6ojbqa7cEdlo7Rc4rlD40ZIe3Z7Dy0qz8j2FjwCO4K9XXZg4+pr+SG08HuFshnY6irWAg/Q/uCs2GVNnn+TqyTFn+W8+novXusOk3N1VdK3LOS0dlhLhQx3CnNJUt8zeD3C1J5PFeV8Zvi1JdFZHJnHfKO05VQz5m2TfKVeS3hj1YMkz+aYeDuplRLbIkJLgOQuqCxJDlJdAz3UEhWkaRuF3I9QgZKWT6qF5HJJJKFCSSSUIGSSSUDApJJKACSSSUINSSSUIJNIGDsnJKsZLTwR3NyeFzT7KRgJFoKGUUy85ImkeiG5oxkKYY984TPCSHFh8+yuxNBMyop5HRSxO1Me07tK+i/hB8W4OrYGWC9zNiukIDYy7/jD7+q8C8NudwopFTQ1TLjbZXRTRO1NLDjBXK1/j4auGHw/TPd/R31jqPpzUc5dcnyj7Vnpyx2sem6YyUnynZee/CX4rU/WFGy0XiZsVxgAaHO28T/1XoMsLi7LQvA6iiennsn2fqjx/kNP5PTx1OmkpRaHSR5wQFwO1eRw7rsb8Ya4FJ7Q0hwCBGyZFqYvAfpaMjChyAnJVq4CbAI3Ud8BZ2ToyEyjno8/626FoeoqSRwhaJsbHC+bOsuiK7p+qe5kTtAO4A4X2PJGM7BZfqzpGjvlLJmFviEc4XR0nkJaWWYni/qX6ap8pS3FfefJdsuOoCCc7jYEq3Y/vhSOuOhaywVkk8ETgwHJGOFl7ddnsl8GcnHG69po9bHUx3Ls/O3nPA3eLta2mjdFHWR+HI0D0KrSKm3vLMFzBwpzJcYLeCnSETY2W5vHJ51P0wdLXAkFmQe4VrHIJQPVZ2ojlpJg9mSCeFNpao6gMJieULnH9FpUUEU7MnGeyppaGWFx1DbsrmGYubwivp/HbghHgpSa7M5jRyVeWPqKqoHtibOQ0HbdQa62kZc3sFWFjo3Y5RlTqjcuT3Ox9T09fTsbM8CTjPqr1smvsvALZeKqidmOQ49CV6d0z1fDWwshneNeMblGjlanRSX3QRrZ4/LsFBfqjdkD91PbIyZgLXZyFHnizwnLo57TTwztPVnYOKmxyBwyO6o5MxvDgjwVmkgFWW1+i5SQIZdbcgIwOVMgnVwgYyupHhRkBHlJJxweEkLWCAK+3Ul1pH0dZE17HjbI3afULw7rPoyssdZJqaXwPOY3AL3lqhXa20t0pXUtUwOa4YB7g+yTZXuNel1c9NLcj5inppIyHEcd1KoqrOGu7LT9TdOy2uWSll83o/GMrI1FI+E7LBZW4s9VDUQvipJluxwe3UOE5VtJWtjYI5OSp7HiQZCoko4WROamHfbGEZMI08KmsFJkcOmhmbPTvLHsOWuBwQV7r8M/iZHfoGWW7ygXFgDY3H/ij/qvDi0PSjlmpJmVNO9zJYyHNc04IITK7MPBm1elhqI4a5PrcOOdxhHY84XnXw0+JMHUtM213aRsddEAA4nAk/wDVeh7gHbhbIyyeQ1Gnlp5bJLkr7tbW1TDNDhsjdzjuqOmqZaWXIOHNOCFpsnJJVVdrX8w01FONLxuQO6ZKOELi/Rl/iD0hT9VWd1bQERXCnGphBxq9QVo/g18R6Xrfp6p+GvW8Lfn6an+VLqncTwnbDs/ibj778qFQ1To3aXHjZwKxvX/TNXbq1nXnTmYqilOuo8PYk/1H22OfRKlLBsq/1ofBP/8Apf6f/wC09c6D6iuvw1vsXwv6okqKm21L9NgrpBjLe8LufMMt79wvZGSZPHK8Roqrpz4+dBtZK4QVlMzS95/vKecAeZp/LlX/AMJeu6+prKv4c9Wnw79Zz5T2qos48RvrwN/sihJx/Hr0c7U0Tt3Tx96/Jf8A3PVQV3I9UHPbK7k+qbnJzlySAd0UH3UdPyUoMPkeq6gAnPKKCMKEHJJJISDkk1JQg5JJJQgkkklCCSSSUIJJNSUIJJJJQgkkklCCSSSUIJJJJQhBvVmpL9bpbbWMDmSDAJH0n1C8Uudpq+kri+z1rXGnLswzH6XDsMr3lrm7nKqOobHQdR299HWRjVgmN/druxCJSwMjPB4OZrp0vd29R2STAOPGjHD2+4XuHSvV9o6ttorrZNqczAmjI3jd6H9CvJq+hqbNVutVyj9Qxx4eFSMqrn0Rcf8AaCyFxjz/ADoc+V475Csc4qa47Po1w1JpbtyqnpXqm19W2plytsmc41s/oyrg8KjNh9EYk5XV08picUOPBUVweTupSYQB2VMhFe0OGCsV1XaQyU1cbTnkELdHB2woVXTw1MTo5gCD+yPIUXlmTstydW05hkPmaEK40wfyNiVCq4ZLBci5p1QuOcj0V0WMrIAWnIeMgoxzWDzDqqwxXCCogLMggjj9F5XZqyWwXh1tnJMUhwzPYhfQFzojTvc3GR6ryn4j9KOkpf4za4wZ4CXvYNsj2WXUUfIj1v0z5yeg1EYS/H/0LKmq/sp+qOqhdE/B1NIKwvS15dXU7Y5XecDIzytRRT6ZQxxOD3XntZp/0fo7wfk4amvbKXZ5x1Ra6ix3j5unYflyNwBwpYbFcKT6hhzcrc9S2Zl3oXRsA8QA/mvLrbUPtlRLbqokFjyGkrkTj8Z3LYbOStvNrdRuEzO57LQ9G3mWcGiqJQdPGVIq6eKrpvDdjLuCsex01ouQcCQGu/ZIw8mOClVbviz06ZgKqalnfHCnW6uZcaZkrcZxun1VJ5dhuVR2IyVscmfkAzjCrqgZJ+6tqqEh3Cr52AdlDHfErJeeVCcd/wA1ZTNO6gvaSVDlW1kWbfHsozx5TlTJBlR3DkK8GKyOEQ3bhRjypr+CopG6uMcnMtQJwy0/ZQ1NPB+yhnk/dFJYMUx0e2VPoiQcKBH3UmF4a4Il0Mqlhl7TP2wSi4weVBpZAcbqcRkDCno7WnnlEymm4BVjSv8AMOyooCWStKtWHJBWeccnX01nOTVWmpETcAjcrQwziVoCxNtn82gk/daO31enERH5pD4PQaa/PZYz07iQ5jUmuw3GEdjstwEExEO1JE1lnSi8oaHbkEIe7HZCJKzOMdkLVkY9ELGBXMEjA8fVhcpqrQ/TJxnAKe1R6qLDg9g2O6jRaeC4bIx4wQCq6WGSin8VmSwnIwePZOoZPEaC1xyOQpkrC5gHZKlHI6P3xTLyz3ls+kvfvxj0K00cutgGy81ZrgeHxeXH7rV2i7F8QbIc4WaUDo0WywoyZenI3THkSDDhkcLsczZAERoxuAlNYN8WirjE1sny3eJxyPb2VwHue1s0R3xkj1UeYh4ALcJ9O7S4AnY7YQsbnBPinEjfccoF2tdNdqR1LURggg49imeJ4Eo/pcrFo1cKZI45PJJ6S6dF3X5inc7wS78iPQr0C219Le6MVNMRrx52dwVPvFkgulI6OVgJI2Xm0YuXRN1LgXGnc78sJef2JlDBs66iZURuilbnbYrB3CjqLbUOYQQwnLSF6RR1tJeqUVNM4aiMuaq2622KphcyRgPoUajkRJZMVG+OpjMbxum0dRUWWrE0TiGkptTTPpKhzBkYOyKx7KhmiRLsryFXN1s9e6K62jq4mU88udsbnhbs6JGiWMg5XzbaKx1prA8ud4ZPI7L2To/qVtW1sLpg4Ebbrj6rTv0dbT6jKwzXtkPBCePK4EFNc1uz2903xNXZcuUcGzJKBDm7kIeC3BwmgEHklSAAWhZ2hmTgKeQHNwUIgg8LoyDnP5KgpL9HJGaHBzQpEE+ogcYTCNQ+yAD4TtzyhE4bLhoBGchR6mIOeHAb45TYJs4apBIcBkJfQElgLS1RcwMcPM3b7qS1+eyrsGNweztyFMjma9gI/NWBgOkuFwHJSPmGxShY/I9UshCbk58xSZknnhTBMBcj1THIeT6lPJB4V4LS5APw3gKBdqYSweKxvmjOfyU6Q6SmnDwWkbEIq2OXRSwu1Rh2c5XXkAJk4NJUOhP0uyQmtJwSVshLBGU15ohPG8ObkPBC+deubQ+13l1RGzS17sr6emYHDcZC8l+J1jbPFI9kQyMuBXX0VzhNZOdraN8dy7MX0rdjDLG/X6ZXrlHVNqaVkrcHIGd18/0NTJQVAjeDyvWuj7u2aFsTng5G267k45Rk0moxiLNxQz4bocVZNkJwFQxuwchW9HKyRodncchYLUdmt5Jp4CIh9k9/0lZWaEzi45cPK4d0ecEZSV7PBmdK0LrXmVoHZTa6IPic0DkKpopiHGmPOVrpmInHcMnyyUsxssN1dTMd4jy3BByCt7VjQ8bZyqHqWihlpBJp3OQf0Xe8de42pHA8xo1dQ0ePlxjqAe26s4pdTGkDZAudKxsuGDHuuUkgZGIzyO695XPesnw/X1Om9xLGKXTthaC0VhboJws0zBI3VhSS6cHPHuqtWUavGaj47D0W3yCSIPyN1P7FZyy1fljyNu60DnCQBzTsuVdHDPp2invqTYCpB1DCVM7DuUWVuW+qhtJD8HbCwTib08F1TSZGMZypTTqGVVUkmNirJjgfzSZRyaYWDiMrmn3TM44TkDWOx8Zt8DkkkkQ0FOM4UQgBxPqpjxlpUOUHUNlBcxIUgAOyIzdoKZKMlQBEWcaffCrIC6C4kjGiZvHoVcStzhVNZEXPBZsYzkH2RipN5TRYHdcQmO1MDj3T1AlLcJcO66koMRW3WISUxBGSN2j3T6VxkpmuPJAyj1TQWF2OygUcmIyw9iiTwLwSeAR7KJN/qpY3H5KK/wCofdQTZ6I52la70UuTzNyosxxhSsh1Pxu4I4xMkpJEZxyTuodZ/d/+JS9hkKJWf3f5q12Z7iHP/cO+4UKcamBqmz707iobRljj6NytFa4OXf2eZfFBpDoMBeeOOAvR/ikMiF+OAvMZHZGMr0mlea0fn36xrcfLSf7SI1S/XIfYKO5FfuSg6dXsmt4R56PR13ZHg+pBJwiwE6gEEEaq3hk5mzV2M5cPzTESLkFMNyn+ybB2RkKDhGRRWS3yhueSo08mwbhSHYa079lCkPIT4LBz9RLjaAlfkcqBIcnnKk1TvMBnsorAdz6oJmSKHAgA5OFAnkLnjHZS5eOVGawSOWWXaHqOAtHGHO1EZUubDQAOy5HGxkYDdiEPVuUTeEVjLGy9go0mSFIeT6qO4oJy3INJIGxhL8qxpmYAUWGPJGVYxAABLUQLArRgLqYkjEPkLGMlTKSPWQcIMEeSrOkhII2T6objPdJEqmpwGg42+67IQG8p+rSzJPCgzzOLsBOf2mVPka7VJKABsreip9DWkhQ6Cn1kOcFeQsa0AYUPW+K0vxLex0bcYAUyKHIBITIYgSCQpbRgIT0daZxrATgBcrJdfh0ERwXjLsei6ZmRMMjuG7oFFoHjXKc7AHSgGTlhDb5co7RbCwEZ0+vJXl1xrJqh5lkcSXnKtOo72+4Vr4mn+Uw/qVQvk1zYxsApnB5jyGqd0tvpD6ZjjICVaxkBvGFEpYwADhSZHAAYRnCseWPJ5JUKony/QE6oqCyM4KhRnxJGudvndBKQUESnSiOn1HkKpfK6Z+SeUW4VQaPBZuTz7KPTtJOSOUlveaIwwskpseGEqPLKAcYUiXZmMqARlx3S7HgNL9DjumncZXT2yi00JmkEY33WeXQ+MN72o0HRloNZVNm8PUARkfmvoLp+2Q0NM0Rs0lwyVjPh90y2KmikLBthzj6+gXpkEADPpxhKim5ZPsHiNF/B0ka2uWssHUzR00et/PYeqonOfVzHf/0Um7VjJn+FGc6e/uuW+ncBrf3XR01bseDnfUflYeK0rm3yTqSNrGNbjcKyY8HGygty0KRET6LvVr44qKPzRrtRLW6iV8+2ya1+cDKu7bRug0zPGM8AqHa7dkConGB2Cs5H7gN47JkpZRz55zwPqqh2jRHtnlRchu6K7cboOh07wwDYrn33qKPY/TH05f5LURaXAKPXcZjTwNOB9TlqKCghoom4YBt+vuh2q3w0UIwwe+e5Rq6cNGAuHqdS28I/Tvg/AQ0dca0gdZWPjBbG4bhVQe+d+Hd0WUOmdyplJRhpBIXIkz29VEaoqMUMo6LzZc3JKtoKUtIOE+npcYOkKf4YAGG8JMpZClDjIGKMMGMKVoA3zjK5gAbBDfJntwrg3Pgwah7I5OVcvy0Rk9Fj6x092uAjiBIytBdanNKWjlRenac/MeK4YH2XsPFV/HHcz83f+J3mpScqYs19lpG2+jawgayNyFZ08UtbKI427dyo9DRzVDmsYDvyfRaSlp46WMMY3fufVbb5o+DbtyTJNJSR0kYYwb9yjMwByNkJrtiPVcbkd1gk8srIfJTsJierLEkkuZChB5IxyhnlcLsclBccBQgUuaByP1UKoqtR0tH5pznElAdHk5BwoQThr3KQaOMJ4b3TXStaEZDrWBu5IH5rkrgG7uwO6iVVWIj6LIdW9eUFkpneNMGnsM8psKnIZGLk8I0l36httog8aeYavwgdyvH+s/iVWXB76WCqe1nB0lZW6dUXzra6CjsdPNMXbeUZAC23SfwNr5aiOu6ok0t5MLXb/mVoSjVyzQlCtZbMHaaG8dTVboqGCSYu/GN1670f8FRTxsn6imjmLhksAwQt/arHabLE2C3UUcQYMZA3P3KszIQA1Ls1T6iKnanwgVHQUNpjbBRQNY0ADYeikPm2AxygkknJXSMpDm5csz7tzO5zumZ7J6HkIQ0NSSXHODRkqEOncYQHtxyQmzV8MAPiuA/NZK99SmfVTUrcYyCcoox3ELS6dQUtCHhpDyPdYusu1xubiWg47AFSLfZayvHiPBGTwVrbN0rFSubNLz9k3Kj2Qy9o6Wqbg3x52HI7FbK1dM0tMweIwEjgK6DGsGGgAewTZJBEN1Te4g7w4oWhrWhRamqijH8w4UWvubGDEZyVTvqpqk4fwVSh7IS625lxxA5Q2sqKpwzHn80aC3yTOBaMBW9NReEBjGVUpbSAKG1xscJJIxkKyacbBqfFC70Tairo6GPXUvDPuqSyQdg5xhRa650lujL6iYMd2Gd1SXHqSerkFPZcnP8AxMcINP0+6ecVd5ldLId9zsoQ5UX26XkintceIzsXp9H0lSUsjau71Jnl5w45AVyJ6SijDKWJrQBwBhZu9dR0lG5z6ub+Zzp9B2TIwyWlkv5K+hoY9NOwDHYDGFl751nDGHNDy7TwAVj7t1TPXzH5Z7ms/wA1Uai4kuJJKdGpjFDBLuF3q6yQudI7S7tlQNRO55Tzgpr8aTumqGByihuR6hNcRpO4QHE55XMn1TlDKLHkpi5kJmtvqrSwEkOyULWVwDKYqbD2nS4k5JXMlMSUIJNyUkxQvazuo+q4kkoMUcDEklx24xlNCO7HumAH1SxjdxwPdQa69W6gB8athGOPMkylgOEHN4RNwUKaWCnGZpNHuVibp8SXRuLLbC0kbanDIWSr+pLvdHONRUv3PAOAEPymyrRSlzI31266tdu1tjkEjm8fdZK59fXqsZ4cTmQxn+gYJWZEBqXj8RPdXVv6aqqnGoYB9kuTc+DXGiqrllTPU1FW/VNI57j/AFHKl0NlrasgtZpHrha629HU8B8WpZk9gr2KljiaGsY0Y9lEnnkqWohDiBl7X0i8uBqSAB+60VNZbfSEOjhBcO5CmNbhOHKbs4yZLL5y7YxrA3OhuM+iWT6owA0oRByqEuTfZ1NTk1QES4eF1cPChAZ5XF1x3TXOa0ZccBU3gPGTqSjT3GkgGXyjblUdy6zpKVuYHFzh2CTOxRNMKZ2P7UaVzg3dxxhVtZfLZR/31QF5/cerbpVyuc2bS07YVK+pqJ3F0z9SU7f0batHJv7zaXT4g00Ti2hgEh9XBZS49U3y4EtNW5sb+WtUBzQ4jZHipXHBxykylKXZ0I6eulZwQhA9/wBe/wB0RtKBg4wrNlJjHlRPAZHgvaPslPl8jFYlwkV0dMzjTupMdNuNlKdJSRjjSfuhmsY/ywMyQokDKUpM6KfA4wn+Bg9lFM1fIQBHgJ7aOulwXyBoQsHoM58MedbsKO+tpz9KkNtQkAEzySO/qnttdPGQdOVajkjkvRXmqqHnEDMrgjr5dnDZW4ihi2Y0BdErGfU5XgisaKttvqnkZ7o8Vp/7536KS6rGfKEM1eBghUTfNjm26lHfOEdsNGwcAEKAat2cb7rmS/nKkULcifmMZ0kYQzUlu7cbIQilLchdFLUO4ad1bjgjY43CfjOyGat/ccozbdUHsiNtcx5UwUpJEX5gD1SFT7FWLLVEAC4DKKKKEDOkI1HJUrUip8SQ/hKXiSDfSQrMwMGwYkIm5+lDgHeVhlqicfsm66rnwT91bCKMfhTi1voqwTeU5dXdmBLVX/0q1IHqubeqvBas/sis0XA7ZK58tXO3LlZat+EsH1UwGpf2RDipqjOH4wpBihYPo3+6Lg+q4WkjlWU3kjufg4wueJ7IpYcpaCiygQGf8KWf8KJ4Y9EvDHorfJASSI5QqupwdHdLb2hxjkKXtHLglraeHBVplc48lLW7+opTtwNVeSz8Qf1BLxGnbUFWa3f1Fc8Q/wBRQ/MXKrBY+I3+oJeIP6gq7U71XQ455U+YHYWOsf1BL8x+qgh3qV3xPurduC/jJhIxyhkuyd0Hxj7peN6hErclfGGBdnlEyNlGErD2TjM0lXvJsDZwkCcpmoDGTlODhnlWpplyjgKOE9cDm45TchFkE/WNJJJfjo/aAkkklCCSSSUIJPTE9QgkkklCCSSSUIJJJJQgkkklG8CRJJJJT5IPTkJPUIxxGeFS3GndRz/PsB50vA/zV41MljZI0seMh3KvItSwytyJow9pyCMqsrKTXwCDyCOxUqHXSVT6WU7AksPGxUuZjXj6UQS5I9mr5Jmmmndl8ewKuQcrLTl1vrWygYa47q+pqmOpYHxuzn9kRJwJKYnDdNUACh26K04UVGZvjdQprBC6gtMV6oH00jGk4JBxuCvNbVVXDo+9CimeRSyuxh3H5L1xjRhZjrTpeK9UniQsxUReZpCZU+Sv7FzDKyeNssbgWuGRhPXnnRF/q6GvksF0Jzj+WXH07L0MbgEd1sUsGW+HsjXK20N3oZrdcaZk9PO0texwyCF8k/EroCt+F/Uopg4SWaqc40839I/pPvgr7AHKqesekrR1xYKiwXmna+KUZjcRvFJ+F4+y7vhfLPx2oUpfj7OTqtKronw1cqSSy1oudoHlfu9oOzh6K+tl1guUAngPGzmnlpU/qXpW79E3eo6avlPmSDBZJjySsOcOH6cLHTU89iqv4hbsujef5kfsvtvj/IR1sd8Ojzeo03xmumYKmF8T25yF571F07JA50kLcEHPHK3lDXQV9O2pp3Zz9Q/pPolW08VXE5j2jJHK7tdhxtZUrY7WeLXC3Nq4jDUxFp/CccFZt/jW2YU9SCRnyuXqd0thEhgmZjfyuWevFiZUQGGRuSB5XLXF5PH+X8VG2OYozUU2oI7XZVYBNQTmmqWkDPlcpkcg2z3R4PD20uqW0kpw3TW4I5SQ4M0lkSSS6BnuoAdSSSUIGSSSUDEkkkoQSSSWCoQCkjJKFYApJJKAjUk5JQg1JJdaoQRwe6a8bcrqQGUtoYpZAFuCUJ5JBzspWlC8Idgl7EwlYRIqist1VHXUEpjlhOoFpX0n8JvirRdaUjbXcZRFc4wGtaf+IvnNzMptPPU2yriuFvmMM8TtQc3bK4/kPGR1sMPhrpnuPoz6z1H0xqPcq5Plf/dH2hNBxjsmOYSME4Xn3wo+L1F1hALVdy2G4wxk5LtpMf6r0iVuMEBeCtqnRN1zXKP1T43yGn8vp46nTSTi0RcFu+F15EjQMYRDhwG2E3GkgqG9ohyxEbY5QnQ7cKxc0Obwo72EHhWngXKGejIdUdJUd5pnh0TdZHovmr4h/DWssdTJV0kLtGckAL68ezVwqDqPp+kulJIyaEOJB3wtuk1c6JqUTyXnvp2nydTeOT4yobq6ACCqB8pxn0V7DM2Rgew5BWk+IPwrqKLxLlbWFwJyYwNwvOqKvnoZTTztIwcOB7L3Om1sNRBM/On1F9N6jxdrzHg02zsggKFU0ksGZoHEjkjuEWCoEzQ5o2KktORuNl0FLPR5RL9kKluL2OAd2V9S1rZIwRjdUM9AJCXxbH0TaWrfTHw5WkgfsjUsAyiahkbJhvjdV9wtbeYR+adSVYkxp3U5rxIMZxlFkWpSg+DLzQPp3cFPpqqeF4dG8gj0Ku66hEm4aCqWWifE7Onn3TE8DI3Z4Zvel+sfBxFUSOI48x5+y3dPWw1kQfG4fZeCsldG4DHBWmsvVc9vc0Pc7HqCmqz0c3VaHd/qVnqUzAd8KFIHNwccIVqv9Pc2hviN1kKZPGCExSTObtlB/chkNfKxwAOArOnqw/GSN1nKtxicCNkOG7eC8Ak4Vkde7lGza/UMgJx4VXa71TTANcdzxurYHU3UNwVaFSW3sA4blcHCc7lMPARSXSJ2EJGDuELXvnC4MnuhqKBRDv8AaKK80bqeoiGrB0uxuF45fumpaCYxyZIzscL3Jzds5VRd7RBcoTHI0AgHBwkXU56N2k1LpZ883Cj8JwOMBFpKnSA042WwvfT/AIbn09RHjJ8rsLFVVN8rMY/T3XPnW0z0VFyujyW0btYyiPia5uxVVRVuD4Mpx6FWUP3SmOktvKI78wu+kHKTcSNzjClTRNdjZRCx0UhYPoxkKhcZbv8AI2OapoKplXRyGOSM6gQcL6A+G3xNpup6EW6ucGXCJoy0/wDE9Xf5LwN8eW7jZco6iqtdXHW0UhiljOWuBwnV2OLMus0kNVDr7j60D9W+lOIy3lYf4dfESk6ipm0de8R1rBg521e63ZdsduFs+TcjyFlU6Z7JLlGcu9qeHfN0gw5u7mjum0VV8yzRnDm7EK9kI1cLOXegqaSq/idDuD9bPVRrJcZ5MZmu+EPWn+0Fma+a01OY30wJxgnZn2xx+a9U63sdL1nYLf190hUlnUNrYKmgkiP1MGNUDv6sf/KN1nqkUXUVploqmFr2yjDgRktWe6G6iqfhnfj0lfHOltlW4CKZx8o/6HcIVHab5yVuLV/uRWGv2vZ7p8KPiVR9f2IudTGmutBiKup3csfxt7LdMfq7L5365ttx6RvbPi30MY5HYD7jStbkVMP4yf27L2fo7qy3dY2SG92mXxKeXy59HDkfkjjNt4OTqdNF/wCvXxB/+TNQHAjOQu5HqFEBOO6c078qGImLoJyhscNPKeqKCA7crqACc8owIwoQaklkJISBkkklCCSSSUIJJJJQgkkklCCSSSUIJJJJQgkkklCAUkkjwoQbkpi6eUNQhTdW9L03UlEQAG1MYJif6FeTyx1NBUPtl0ixI3y+YbPC91as11l0jT3+lM8IEdZEMxyf6I2Mrbzk8foam79D3YXmwtdJSSO/n0+dh64C9w6Y6noOqrc25W94cw4Dh3a7uCvGBM+KeS21eWVEOzmnbPuFX2u6XL4f3gXS1Eut0pHj044HqQFDVKCmuOz6LXNPuqyy36g6it0VztsofFIN/UH0KsM7FMMbTXZ3I9UwkYTHE5QsP9/1UzkE67uo53RzwgHlGWUvUVrirKbIGHeyzVkq309Q+gmccH6crdTMD8BwyFkOo7TKyoFZSg5YdWyMNSyPutKJoHEDJWPq4WBzoZAC0jcHutjbKwVcOmXBcNiq3qC1MkZ8xA3fPAQyWUaIy2vKPnTqi0VnSN4jqKd2KSckR44B5wr+0XltfCJRjWzGoLWdQWOj6it0ltrWZDjqafQheSUctT07dv4ZW51jyu9HDsVztRp9x9S+kfOShJUTeGj0+krDMME4JWH67sPg4udOzHmy7Cv6asETWvacgjIVhVMhu1vNNI36x+i8/q6MPg+66PVrVUYyef2ypFTTNaXeYDCBdLd83CcAB7TkFClhksV3NPMDp1FoVsZPE4aue0l2Pa3cFD01eDbKk0tSTpJx9lvS5ssYc05BGQsLfba17PmoW6ZBzjurrpC8smpW0lS/zs8oJQDtJY4S+ORLuMJaM4VJUNK2NwpWyREABZispnMy1AaL4Z6KmRoKgyAKylaWnBUGXhUcq9YIrgNwoju6lSKM4chEng5txHl2KiyADf1UqXkKNLwEw5lxHkUWTlSpFGkaSdgrZgtBo7SQUBGVIXB8k6lmIIBV3TedgJKzcb9DgfRX1G8PY3S7tn7KHX0k932kk/y3DAU+mcJI/soMrcNzhct1VpcID3S3yjq1WbGXFPM6GQY7q/oan6TjJws9oI3U6gqdJAPZZpxydnTXfs2FDVasBysCGuYCFnaSXGFdUlSMAY7JUujtU2cD3NxsVHcNDg7CnPLXDIG6juYHjB2SW+TYpZBtcHDHdOa3V5XKPvDPnsEd380BzdlWSbskacuoZBNHwTuOxV1SyMqomytxgjsq1wEkZjlGfRR6OokoKnw9R8Nx4Kj6DhPbwW00eg5wi01Yad2WtyPTKIWiZuc8jIUN8bojuEmSNcJ4Ndba0zRg7ZVs2UNaM75WDoK6WCVpB27rU0ldHO0YckSibqrs9lrsTsMJ3hnGQEKMgbqRDIAcEJE1k3RbZ3S2Vmlw3XKKqfBKaeXf0JRnwuaBKzhCngZOzxYxhw/XKCSyGWgfnsqvqCxU94pHNewE4TrbWGYGKQ+ZqskEkymuDyOmqbh0ncvDfq8AuwD2wvQYKmlulK2eJwJcPNj1XOounqe607iIxrwsFbbnVdPV5pZXO8IOxgpkZYWBL4ZfdQWqMxmXRhw7hZgs07r0iM09zoxIzDw4ZI9FkbzaX00jpI2+Qos55BkkilPn57KdY7u+1VrZNbtGcEZ2VfLlnAQhJnbCTbUpoKu11s+gulb/AB3emDPEDnNGRur5uy+f+mL9VWmsaY5iG59V7fY7sy60jZQRqxvhcTU6ZxZ06b1NcloH47I0MmSBhRcD1RIwByVzJRx2bMkt4GlB4yURrge6TmjshwPi/wBiEm+McpksZJBaF1qKMd0ALWGMZIWOAPdWUTg5gVZIwZBHZFgnPCAXJZLAjKbGSwgALjJNQzjlOe3UEoTgOHEgHKI1QopNIEbuQpDHIiiRkeoXHEaTuEHJ9Usn1S8AYOnlLJXElZYw78pJJK12EyBdabxIxK0eZirYpQQMD7q/e0OGDwVnZozR1jo3HyPOQtNbDHzjOMhZzqi1NrqJ4awF2CtFLl2/socpDtiOFvpt2NMGyvesHzh1BZ3gSNxplgeT9whdI3N9LXNa+Q4ccAZ2W869too641DI/JJnPuF5veKb5CVtTAC1r99u3uvTaeXy17meY1EXRdx6PbqCpdJAC859Fb0M4BxtuvPeir0Lhb2MdJl7Bg78rXxl2BjKTdX7O5p71OCZqYpCWg8hG1bFqgW2QS04ycYUxzs4Kwzjl8G+H3D0kkkK4GAntDmkFZubNLXanN8pPK0+24yqe704MJcG77p8XgBoHUNEjA4ceqgVcLaiB8T8HI29ipNvldNS4d2GEwx4PK6OjuxYjDrK99bR5N1TRmjqCNOM5VDSvJeFtuurfNq8fHlBKwjZPBeA4L6F4+35Ksnw/wCodL8WoyWzTxkqXG7DRj0VaHamNdlTqcnSDnK6DWTi6exwmmai0VJ+XGOQtZbZi+naXDdYG11JhnDTu122Fr7bXjUIiNlzdRXzk+g+H1jnFRkXmM7FQqiMNnJAUtrtQzhCqGB7C5vI5XOmsM9NkbA7S4bqwikJACpIpXat1Z0su2CkDYT5Jw3GPVN3aQUm7YI3TsgjcJczXB8ZHagnoSJqB7oR6eQaFO0YwiocozhQoBH5WBp5XH/SurkvAUF9keblRZWggnG5BClSg8qO5GDhMBAct8Pu1FAwofiGCr1uPkf5SPdTS4YUFjEk08rigzIycgtOPRV0WWyEdsqc76SoTgA8qdi5PCJbD5TuotRyEQHHdCn7IzNa8kWodjBPCkMOqna7sVErwTASOykUDg6naM8IzHJ/cDJOojKh139wfupGcTyKPW/3P5hWuwLOiKTmiOeVDi7gnkYUiM6ov9FEOQ/HutNZz7lk8++KTcUzXAcLyiR3l5XrnxSA+TBXj0pOF6HSf7Z8G+tF/wD5LP8AYG/uuDhInCamSWTyo1u7gpNN/fBR2fUFJh9UcVkbW8SyT9g3bhciOHD802MFyK3Yq0sG5tPomQu8uMIjtxsgMdtwnySaRjCZFAznsWRkjsbZUWU8pSuLnAoEjsjcpsntRzbJb5ZI1SSSB6prcaU9+C5MkOGhZpyyEotckad+Dgd0qVhznCZKS94wFLpo8NSoLMsjG8IfnAwhP4RTyhPIIxndSTywIgnHlR2kl59k+c+hToGHIyEDDbwSIG7DbdSRn8kOIcZRwBhRGebydHunwjJGEFSqdupwKZCORbeCdSxAkbK1gYBghQ6WMgbqaTpYQtlcdqMNrcmDrZNGA1R6aN0kgON0pT4jwArG3whoGRygseToeN0vz2ZwSqSAMaMNx+asYYycbIUMXGArCKPAGyo9xRTs4HMbjCbLIAMIsgDG8qsq5t/KVDU2ooTgaycRZOgbn0VR1XdzTsbbKSQM8vnVrLPHbaGSpfgOIJG/dec3CsdVVL6h7iS4k/kqbwcbyOolBbYkSd4aSc5POfVKjaXOBPdRXudLKAArGlYGt3CB/cedm2+WSIxhcdk5ycJa8HhCq5QyMkcqNmdRyyJW1Ae7w2HPqukNigy8gHCiQND6jLhtnKJcJBkRD7pT7NCjgiP/AJj9WOVLhGGoUTNskIhIAUbwHnPByU9sqJ3JRJ3b7HhDWabyx0F6HFabomyPuNcJ3xkxMOfufRZ2njM87YQN3L3H4e9PNgp4m6dOwJOP1Sp8np/pnxv8vVfK/wAYm46dt7aSjYxrcF2NlOutU+lp/DiIbq5PchSYWNgj4+kbLJ3Otmqap2t+QDgAHYJ1MOT6Tfdthv8A0cgzPO1rQdzuryNrY2huBt7qJbqN8TPFe3dw2Ul4zhdzS1qKyfCPrXyb1t/x+kSGO1bBWtrpjKdZaRjhV1tpZKmTQwccla6kp208TW6RlaZzUT57CqVs9sUEjY4MwE5jRnzbIucD2UaVxJGkLBqNRJRaR6jxP01PWXqOBk0mSIowSTsMK4ttsMMbXSuBceyFaaNriZ5W8bDKtnyNY3C4l17fB+kPpf6ajoaoxSByyiJukKvne6Up88xe7ASgYQQ4jK51luT6LRR8R2npnPI8quaKj04dxslRUpa0FzRvwp8TNJ4WSVhowjrIw0ImBynAAjdNdsECnkRbwgcrxwFEmkAGdl2eUNKhyVAz7ZWzQ1OViPIfUPkoaLTy3PAGocJCQTsFKsemSbSwg7jhZK+3NzZzBA/Tq5K03w+pJ56kVMpOk7DPfC9tRXsrPyL9XeQeu1MpJnqVthEFOD3IUpj9R4QI2kbDgI8Yws97eTxMeIhhwjAAcII4RlnIh6SYkjCEhl7h3XENx2UIOfJqKa77oWrcp4OVCHNPuuEAb5XS72QXS4znsijFyIOLxwVS3S6xUWtz34A4Wb+IHxY6X6IozLcawCbfEY+p2OcevIXjLar4l/G+vdFboHWyzEkOkftrB/QnhaoVY5Zsp0kpffY8RNL118dqSGpNp6caLhONiBtv991X9M/CHqzruqbeetJ300Mv1UxBa7Hod16P8PPgx0/0NSNdJDHVVhOp0rm9/sV6JHhuw7K5WwjwiTvhDinr9ld0v0bYel6RlLa6GKMRjAdp3++VePAA2chtOAutz6pTe/kzN57BkO1Y7IoGQlgJHdJwULIXUP8ANOJBCsE6SMcqOXOyd0nE6sAlcIxyVAghOAT6Krud4hoWFzsE9t1Hu98ETTTwHLj6KkZQz3F2qozjscokiEWtnrLpKJGg47DKtLV0tu2pqnfYYV3bbLDTlpeAQ0fqrV7AcDCuUsLghEgp4afAiYBhSmuwOEKSZkfJVXX3MEaYnfdUk5MhOq7jHEDjGeypqu5zSt0djzuoc9Q+R3mO6JT0ckxBxsU3bjkg1uqQ4GSVZ0FtLMSSDdw2HojUluYwA6VbRwtawOLgB6qSljhEI8FPpBAGEcBseXSHAHqgVt0pKCPUxwc7sMrPyyXe7TB0kmiI9gEmS3ELC5dSRxNdT23+ZMeCqmK2XC5Hxry/DHcNVrR2ynpIwSwF3rhcrrpTUkWoybt7I4ZLDU0VHRRaaeFoAG50quut6o6ON0kk+D6LLXvruQf7vQ4P9RWQrLhV18pkqZNXoPRPhVu5CjHJe3frmeYOjo2lvbUVlZKioqpDLUSue49yU5zVzT7rRCKQ+MBuAOAu5wuJrnAjAKckH0OLtjuglzj3XCd+UxVjJXY4kY5Qjylk+qYmdESydyUwuIXdQHdDVDoxCEjB3CCeUsn1TFQwSSSSgMF7GJiem4PoVeUhuEOS91ErbpR2+MyVUmj0HqsheviVHBGYrdEHE7EuGUMp7ejRCic3hG2lmbFguIA7krNXvri0W9xYyUveP6V5rcOpb3cnEyVjw09gcBVh1SHzHJ9Un5OTbDQRfMzUXT4hXKsa6KDLR6rMPqKmqkL53k6vVTbfap6p48Nh/Raq2dEySgGfbPsqktw1fDQjHQUU9QQ2Fmcq9tnSFfUuxNiNvqV6BbbBQ0DAGU7dY7kKY+IbYaFFHAm3XJ8QKOg6UtlJG1vhhzh3wrNtC1jQGAABSdBTgOUaSRklfKfZHMZ4x+6bhvojmIHfC4oLyA04S0+6IkjINTTpC6e6bk5OAUMpYJjI3V7JYKWQ3c7YUSpuVPAMlwJ+6W5pFqLl0TC4KNNO0buIGFRXTqiGEYjeB+ayF06ufLkNef1SXckaqdJZM2twvtFSjzyb49VmLn1k2TMbX4HY5WPrLhXVT/LuCmx0xk3kbzylTuzwdSvQqKzIm116mqXjw58j7qG4SS775KkU9LSsGfDBK6HFhHhx7rO5NmqvFXCAtoatxBEakR24sGqVw+yJC+5S4DAAEdtsncfEnmO/ZWXKxPsBpoIxguyUhUMBxC0nCnstlGMGRuSFIZFRRDaPjhGIc16eSpBrX40MwPUp7LdUy7yO2PKtXyjYMYMBM8Z/ogK+RvrgiC2U4cDJ5j3RvApogNDQEneM8gRsyuGiqpB9OB91aeCbpe2dD42jAwmOqGNyS5O/h8rTiU8ojLXTEZdkqSaZXyRfsr5rjpOIufugfN1TuCSrxttoWbiHJCK2CnafLCAhL+RfozjYq6U6sO3R2W+qfjVk/daAeGBgAD8k0DKjiT5cFQy01DgEYWotIEitGu0jBKa8HOcoQfkm1hENlthG+EUUkTOGj9EbV7JFx7IlLAvLbBCBjcYHCfp900vIXC4kYV7wsPAXV/iSLtvqyo5JJzlLJ9VN4ttoKZHcZyua8b4ymaCuHS3lwCremH2O8bB4XHT7fShGppgcGUfquGqpsf3wQuXIza2IzEuwRunAl2yAaqmH/FCEbrSRDzPU3EUJPomYKWnPKrXXynzsMrn8cg9P3U3BfDYWmgc90s47Kp/jkB4H7pC9A8S/spuLVVhbZPoln2VN/Gf/AKL+yX8a/wDov7KsoNaabLfT7JafZU38YceJR+iX8VmPBUcsF/xpottAPZLQP6VTG6VBXP4pPjGcKby1VJdlwWYae6pqiCokkJDNk0185OfF/ZMNbOTu/IQSluDjBoXyVR/SP1ThR1GPo/dc+aPOTlc+dqBsH7IcZC2sf8lUf0fuu/w+p9E35yo/7xL5io/7xLGBW26ffOF02+Yeii+LKSSZHb+6XiSf1u/VAhaWWSPkqj2/VL5Gf2/VRS6f+t36pAzD8bv1RtpjNhM+Qm9kP5Wb+kIOuYf8R36rvizj/iFALawH+Sn/AKUvk5huRsg/Mzf1ldFTNnd5UzgiTD+G4bFLS4dk0T5G6c2XfhWp4KfPYRrnkJYf6p4wQu+VPjPIJ+sySSS/IJ+zRJJJKEEkkkoQSSSShB6SSShBJJJKEEkkkoQSSSSgkSSSSAgkkklZB661uo4yuJA4OUAqSwAudu+bhD2bSM3BHKh0sxewB31s8rvuFdNdhUtzo5Y6g19IP/pjPUKm8EjLAy5QMqYQzG4OQq621DqCrEMmdEnl+xVzTuZKwPxkEZVddbY9wNRENweB290SeRvaL1pBGcpyobJXyPJpZz527tPqrtrkwGUcCTo01djUADtc4kDKeQCOUFPBJVp45Kf7MV1r0qJh/EqBvh1Efmy3Y7LvQ/VDrlTmirSPmIfKcnBOFs3xtmYWPGQV5p1j01WWesF8suWSNOp7G8OH/VOhZnsGS38M9GBJGcYRFn+kOp4OoLcxz3BtSzyvYedlf5C0RkpLkw214lgyHxP+H9u6/sTonta260rSaGUjYuP4X+rdhsvlC42ya01s9quDGCaElsjAc49Mr7e0hx37LzP42fCuPqu1m/WaPVdKVpL2E7zt9B6EYXtfpzzc9Hcqpv7GcnV6Tej5MAqbBWfM04L6OQ/zGDstBDPFVwiaF4LHjIx2QnCISOo5WgtxpyqJslV03VeDIC+mlcS1w4GV9p02orvgpxPMayh1vBZ3SgNZAdB87Nx7rLuOXmnqG6XA4BIW1bI2RgkYQQ4AghUF7tb5CaqAZI3LV0os4Gqi1HODL3uwU1ypizQA8btcPVYWSCottQaWqB2OGu9V6RBV5PhTbH3UW8WOC5RkbNf2cnxljs8nr9BDWR+Sjv8ARimS7AnCNqBPIUetoJ6GoME4ILTsexHquxkjA9Fc3no8dbXOmbhNYZIThumA7LqWJkmxySakoAORkFGUCQkkkhyoWdA7p2NsroHddUKbBkei5gomAlgKEyDSRNPuuEY7qEyRkkbBSwVCYApIyShMEdJOSUBGrh4XV1qAMAQMoZAcNwjpuCltZLj9uCHE+otldHcbdO6CZh1AtK+j/hb8WqXqyjjtdzeIq6IafMfqXzvJGHdsoEMtXQVUdXRyuikjOWuBXG8n43+ZD7Vyj3n0f9Z6j6ZvxzKuT5T9f3/6H2jJ9WwwlvwV558L/ijT9V0rLbdZWsucYwXOOPFHt7r0VudS8NdVKibhPtH6l8Z5PT+W08dTppJxayIN0pOY14xwibEIWC0/dKOqkmAki0dlGkibM3S4YVmA1w3GSQgT0xaRpCYngTbXkyN9sDZYnamBzXDfZeCfEb4YOL5Ljb4tLhu4Acr6cnaXDThUl1s0dVTuD2BzT7cLoaXWvTvg815zwdXlKtlh8VQ1NVaaowVQcG5wWu/0V/DOyZgkjOoFeo/Ef4YU91pHPpIRHUx5c1zRjK8Rk+f6aqjRV0btjjcY2XrPH+Rje8T4Pzp9RfS9/i7XOK+z9mmYdtwo9VSidvlOHA5yh0lZHVNbJGQR/kpQdldn/B419la2pnpJAzjdXNFXGQNJ3KizwRStOtozjlVvgzUztUMjseimQHXuNfFKJAGuCZV0bS3LQqKjuk7XBr8fkr6lrRI0a+6KMsiJQcXwU9TRlrstbwomXxnLhwtU6GOQHYHIVbVW/Tu0JrDjZxyRaC6TUUjXsc5hz2K21n6sZWSNindv6rz2phLXDCGyeanI8J+FIzaYu6mNyPYJpBO3YfZUda10ZKpbF1d4IENc1xZxqC1PiU9bCJIwHNcMgjdNTyYJ0SqeMFVBXzU7/KcbrU2jqtrw2nkcPuVlq2lDCSBhV5c6GQOacEJqA+KM1yeuwTxT/Q8OKI5uQRlebWrqWaglBk1Fvstta73T3Fox5XHsSjMtlO18EuUeZNcjSDIBCjvGMJhnOphwRglI8IZJzyqayWnhkG52qC4xeHI0Z7HC8r6j6ejiqZP5ZBBXseoeqqb3ZYLlEXNaBIBz6rLbUdLS6twZ4JW0JicQARjun0FYR/JmO/AJWsvljfC9zXMIwslV0L43khh23WGcGnwdyvUK1cloyTUcLs0WW5xvjZQaCpaCA8nPG6s86hhILlwQYJXuIp5fqHPsjSwB2C3CU0Xm1tG4Shl1eUjhQieRlLWVVqqo6uke5kjDkEFe9/DzrqPqWi+WnIFVC0age49V4NKwOwcJ9ur66z1sddQSmOSM52PI9CnVzaZl1WlhqIPK5PqjVnfGEGdusYxyst0R11SdSUjYpntZVMAD2k8latztuFrjJNHkbap0WYkjMXKgrLY83G2O8ucyx45Hsot5oLb1badLhrcG6muGzo3LUTZJAIVBXUElomNxtzCWPOZYhx9wEQ6Da+5dj/hj1nLSvl6E6pOrw9TKcvOS48YXYair+BnWEV0t0pHSV7qCysZvikm7hvod+e+FUdQWWn6ipWXK3nw6qHzBzdiD6K+6M6upOtbNL0r1M8mRzSydh2Mvo/Pqq65XZpbgpN4+19/+579brlRXWiiuFBUMmgmaHMe05BBUkEcgr5x6A6mrPhZ1Qzoa/T6rDXv/ANzqpH+WLfj9wvoaI7c8IYy3cPs42p0/wS46fRLa8ghSGyDHb9VXiTdGZICjMxKXclMYcjlOVECAnO5TwRhAT1CBcj1SQATnlGBGFCBEkHISQkDJJJKEEkgpKEEkkkoQSSSShBJJJKEEmpyaoQYkkkoQYnM+oH0TUs43ULTwYz4hdCC7g3q2sDKuMZIb+IBeYOLsup6mPDm+V7HBfQYnzsRssJ150X86DdrVGBK0ZkYB9Q9kZoqt5MH0zfarou4+NSuc+3Tn+ZFyG+4HZe2W+40dzo2VtHM17JADzwfRfPj3E6mO7HcLQdF9UusdX8vUuc6lmOMZ+g+v2TArYb+Ue0EjPK4cY2QIpYZ6dk8E2sO3yCu5PqVWMmVrDwzh52TDwnpmQmFAJBuo9S3xIzHpzlS3hR/VGWjBziSz3F5wfDcc49FdRTR1UWpp1NcFJvFtiqskjBws/b530Mr6aUbAkDKg2JU3+2MpJzNG3DXcrzT4idJC+0kdxszmfxCk1EDH1tOMj9gvcayGCqjLHgEELF3W2i2VOss/kv5cOyCcFJHQ0urnp5qyHZ4j01fRVRmik2ljG4PI9QtfR1gi0tf9JOB7FZ74kdIPs9aerLK0NpHgGoYwfT/i/wCqdZL1TXakY1r8P0jnv7rkavTez7b9K/USshHcyf1vYvm6VtxhxqYNyFm7NWNqWGKTZ7Nit5bZRVQPt9SMnTgZ7rz++UMlmuutrS1hd6Lz19Liz6hVqIWRUovssJoQ7y4yCs5V0tTaqv5iEnQ52duy08b2zxNkacgjKFV07K6AwkYO+CkYNce9xdWa6QXaia0O/msbgg91EutKWncbHdZe0V0louAjfkAO0lb5wirIA44IeMg+iWaoWfIsMxVVHg7BV0zMZV9cKYwzPYRt2VLPGQ7KAw6mJXVAxhRnHIU2UHZRy0gIoxyce9EOXnZRZeApUg3Ud4zhGjmXEN/KFIAQpEiiSkjgqzn2oCWjPKJH3Qng5CTSPVD0Ii8MmN2U+3VHgzBpPlOyrWozXEbjsqlHJu08pRllGrIEjBjuFXNkNPV5x9Ck26UyQsa7kjZMrYcO8Ro55VHbjLK3F9A9tRAJB6LsLvBkyeFU2ir8LFO7fKuHMyEtxyjpUT+3Jc0NS14AB3VxDIWEEbrJUc/hyDZaGmnDmjHdZZrDOtprs8Mu4ajUBkooI7FVbH5UqKXYAoDpQtwPnjBGeSh00mkiJ4wpBOobhRauFz264uWpc+x/ZKkjxwos0IkaNt06hqnTAxSfU39wpDmqm2y08DLbXGM/LzOOM4HsrSZglaFSTwZ/mM2I5U22VbpWmGR27eEHY+FgQt8N2yn26sMZ+yjPZq3CjeKY3cJUo7jTXPDNtQ1fijdwU8OwM4zhZC23DSQCcLTUVW2ZoCzOODqU3L2XNJUCWMsPICcGYJ2xlQ4z4ZDgpjJw4DI3SZ5XRvg0ysuNJLTk1NPkjkgchSrVd2VYEUpAeNvupxaHAgjIKzd1oJaGb5ukBwTkgId+eCSNW0aiAqDrDpOC5U5qqaMCdoycDGVMsN6hqmiKZwD+Ar4uDhsiRnksnlXT11qKCp+UleQAcYK18sMFwgJaAcjcKv6y6WE2blbW6Zm+ZzW9/dVnTd4e4CKeQB7DpOf9UeUDjJV3i1S0criRlhOxVO5ukZBXp1XSQXCAgtBJG4WJu1okopHFrToKsU1kphIS4ADBWy6L6rqLbUMhnlPh8DdY/QM5T2vLHBwOCFnuqU0MqscGfR9vuENwhbNC4OBG6mZJXkHQnVslHMKeeU6CQN165FI2aNsrDlrhkLg6ijDOzTZvRIiJzyju4CiRfUFIHZYmsGocRhdBSHCadkqSyEEIyCEFhdE/OEYOBOyUjA4DGyAjJEE22McqU12oZCqg7wyPRTY34AKAU0Hlj3BA3TmHB0k7hdbugyNLZdQ7qAEsbpITHAt5TkIGcD0kxJQrIkkklChKmvUJJE4bsNlcoFXEJIHMO+QmxeBpQwu1s3O+FGnGCusd4cro/RPl3wR3WusMyXWtrFbbnODMubkheRXClbV0kkGnL49179WwMqqd8bhyMLxe70jbVepYj9Dz6L0Ggt+3acTydHc0Znom6OobmaaR2kZxgr2agmbPEDnfC8FvsL7ddW1kI0tLs7L1fo+6iroYna8kAAroXRyjm+P1LT+ORtLfM6Or0avKW91ctdqGVQ5GWytVxSSh8IcfsubOOGempnkljye+U0jTsu/X7YSyHHB2ISJLJrGtJ3yotY0Sx6COVMe4ABR5cO3wiiFNcGfpZDT1b4H7NcdgpEzRqICDdY/Dc2dgwco589O2QjfAWiqe3kyThuRR3+lbVUT2aNRAJXjt0h8GoczGNyN17rURCRuPbC8e6yoH09doeMeY7r2/htT9qiz5b9W6HCdpAidqpAAclGoKt3jeHK7O2Aq+ieNJhJ4Tg8xybheqi8o+aSs2GqpZG+IDlaeikAbrByQsLRTHDXglaq2VOtpzzss99e49V4XWYwbSnnEkDfVEAJjdk9iqWiqnNw08K3ZLrZpAXJurwz3tFvyRyRDhhHupFNJuMKJVZa8HCLDJsMBY5vbwPrkslxFLsNkQ7nKgQy8DClg5GUp8nQraHruojuuZCSAbCWOBLjhkLqR4UGADyuLp5TX/AElQWMdjB+yiHlGeTkjKGjFylgrblEdIewfT5inxymVoxxhSp4xIwtI5BCrqR2lroyPpk0/kr6AcsElJOyACMoR5VhJ5OHg/ZQ3gh2/qpSDINwhFME4kEAFceCW5PYJkhAqDvsiuw6MJsVkzTlgiTtD6Rx7nsh21xMGHdkR24x2QqUgHCsRnLyOkyZXOCjV5HgYz3UyXDSNuVX1YJHKtdgWkSE4djthCkAMuR3TovqP2Qnc/mnROdf2YL4r/APYmn0Xjx4Xr/wAWtrS4+hC8cZwvR6R5qPhX1tHb5H/oNIySlp90mpyJtpnkQKlQ8oLVJh5CfAZ+LJkWBjKfq9FGc44C7u7umD/l2omtI33CZLKcgAKNG4t7koziHc9kcUZ53blg5vuSocpJ2ypbnABQ5iByVLFxgTFZYJuTK0E+qHVOAAGQjacAnPCgzyefCyz4H54HwNLn7qc0YCj0rRjOFJUgsIqTyDPBUZ5IBClHhRXO52RNIFcANy5TYGAAOUaMZcpzG6WjZL7CsnxgIABwkkkrQo7G3zcq0ootwoMERc4EK5pYtIGybXHBltlglMYGszlR6ud2khpx64RnvDGkKBE4yTY9SnN4FU1u6aiTaGF0zQ9w7q5gi06QNsKPRw6GDy4VlTx6nDbhAe20OmjTHESTTN2zhSwRjGFyGMBuccdlGqpwwacKHVX2obW1Bj2aokY1EOdgpOJmIJUO918Vut75TtIdmlU3gz33KEHN+ii6svBmm+Rhd5WDfdZedxGBzlKeoc95keS5zt8lBDy47hLlLJ5fUXO2beQkLMODiN1Pbs0YUaMYwcKcz6AoYpSyDKrayo1O0N3HcqbVTMibku39FXQtBfkoLGFBBomNYwP4KiOJknLjujzPAbpaMfmh08e+4UHpcB426R9kGbcYyjuIaD9lBlcMnzJNjwXFDXuP3TQckhcB1HdSaKkkrahtPH+Luky6NFVUrpKEe2ar4f8AT8lzr2zvjzG1223K+hbRb20lLHGGYJ3+yyPw+6ejt9DC5zOG5K3ocIYHTEbN4S4J55PrniNHHQ6WNS7ayyD1BcBS0piY7EjxpHsqK10T6jzOHB59U2tmkuNf6guwFo7fTNpoWt0jJ5XQoRzvO6qVVeyIYR4iGRuBhAp6WWqnETBydz6Ke9oc0ADnsri3UEVLE06PMdySunGexYPinlqZX3/ashaG3R0kTWRt37n1U76QuMeAM43QpZQ/bhKtsyd3w305JNSmuwjpuwGcotBE6WYZCi08L5ZMN/M+ivaaBsYGBuO65OpvxmJ9r+mfpyFCVskHawQs0tI2USolc7yp00uDgEpjYzJg4XGssZ9JogoLhDYoy9+4VrRU+CDp7IFNARjyq2poCADpWSU8mnDYeFgDQCEdoAGyY3bbC644GUqSz0TrseThRp5ARjbZcnqBwq6ep24TIVOXRyvIaqGlhukxlZPoJwQcBVNTVubE6TH0o9S8vduVn7xWlsogjdwMuXqfG6PG1tH57+uvqSNu6EZFc/xayr1YJL3YC9N6JNQx8dJTszpIJOeFhen7dVXasbT0seTnzO7AL3Dp2w09opGsjaDIQNbu+V27bNqwj4DqbPkZbBvGQiNGAkBhdWGctzMQ9JJcyEsgZI8Jqa/6SjIMfyUIlOJyUlCA9PunNTts7lZbrr4i9O/Dm2SXXqKo8Nv/AAYm7vmP+EJkIbi4pye2PLL643KktlOaisl8Nnqvn7rv4/3O7VbumfhpSmurnkjxyBox2x+6z9bcfiL8f7i507pLT045+ktLMah98jK9n6E+GvTPQ9KyntULy5o/vc+bPrlaklWsmxKrS/7jzL9ev+p570J8AHV80fU/xLraq4179zDIcNH77L3G20VPbqZlLSQtZGwYAAwpEbC4ZwfzRI4yDu390iy3PCMd18rvy/7ehxBOEmtdqzhGa0YXcBIEc4wIcLq5kJZCMYdXDg7ZSJHCZj3UCOY90wkt3J/JLOk7u4UCsuMcWxGeytLJCTPWR07C55CoKy4y1Mp0vIah1L6mrkLmklvorG3WbU0ST7E9sJiwkQh0dvFbKC9mcclaCmt0FOQ5ozhEgpo4RpY1Ge8Rt1HhLk89EO4DRsoVXcYoGkOwSolwuunyxOVNNUPqXeZFGO7shKq7j4hIbwVAw95yByitoZ5XtLRsreltoLWhzQEz8CEKjtglAfMMHsFd0lEIhhqdII4Gtc4Ywok15x5KcAke6pveQm1U0NHGZJDx29VTXC8VFWzwKOMtjThTV1wlL5dm9vZTGU9NRNHikDA9EDzksr6CzulLaiqJOOAVZTOpqZuHPawBUN360o6EllM/WRtsvP7p1JcLjK7VM4NzwCmwg3yWo5Nje+tKalcY6ZxeRtssNcb1X18ji+ZwY7sCopJcS5xyfUpp0n8X7J6rGKOBo9+Usj1XCRhBJOeUa4CjHIQkY5Qzylk+qCjGdCTclcTUaWSJZEmJISJvAaWRyanJqhXQ3JXEjsubnhRvA0Gkl3wk4tb9RAAQuWA0s9CSO25OAqO69Y2e2Fwkl1EdvVYS8fECurpJI6EOii/DlL3mqrSTnyz0G59S2q2BwqJwCOPdYm8/Eeol1R2suYQdnkLFVFTUVMhkqZnPcfUrkUbnnyjKjbZ0IaSFazIkVlzuVxkMtXUySOPq7ZRmQul4BWjtXS9fXNY7wtIO5z2C19r6Tgo2h8haXfZVyX/Jqo4iYKg6ar6pglZESO4IWrtvRUEZbNVhpOOFq4IGQN0MAA9giaCqSMlusnZ10QaehpqYBsMLGgegUsAjG3C6GHKJpGB2RiJScuxNJxuu4ynNXVBLA4C7jCS4eFAhFDPKRO64S3G5wFA1yLI9Vx24Iyo1RW0tMMum4Hqs7ceraaIkRPO3uglNIaqJy6RopXCI6ncKtq77FTNJY8ZCx1z6xdL5YyTn3WfqbrVVWcuwPuk2Wm2nRTfMjWXfrAfQH8+hWTuPUNRM4+G4791CdHJK7URlcZbpZDkHCTKbkdCuiFfojvmqKg6pXk/muMjcThrc4VlHbgCA79VKbFBBp0R7oJLI7hdFZFTVJ2bDj3UuK3VDjmeQBv2Vg2QFuzcYQy4uPKAGU2wbKaihPmdkorZKYY8NiZ4WoglObHx2VpAuX7HESE5iaF0GU/W5Ebwlpz2RdgbsjcOPK54WXZJRMH0KWh39JVZBOhjcYylho30rukD8ab4jBy4D81TaRGmxzZdGzW7IniucM4QfGpxuZQCEN1ZTD/iD9ULmkH8cn6D6yTuiBmRnKhm5UrfxgY90N17oAMGVV8iB+Of6LEjOxeuaB/Uqh17oyciTOPdDN/pSOTt7qfIH8Nn6Lvn8YXQ3HdZ53UNMAcZyFEPUpzs84+yp2F/BZ+jWac8H9lzSP61k39TvDfLkqP8A7SSnOdSBzGx0036NmQB+MIRmaO+fzWMnvkzuJHfqo/8AEap+f5hVfIH/ABJG6+cjAyXDCC660n/eDZYf5urLt5SneM4D7oPkDWk/ZrzeKQfjQnX6mH04z91l2vTQMKnYGtLF/kaN1/IO2MfdMlvkMselsWXnkuCoMlLJ9UG4L+NCPKRJll8R5dnCa07/AFFCSV5ZahFeiS1wI3P7peUqPk+qWT6qZZW1eguB2ASx9kLJ9Usn1U+UskANG+yWx4wo+T6pZPqUMrMkXYbGFzA9AU1yQIzwpGxoNrIg05zhGD8BMy3HG6bnJVue5g7Q2cpJrCnI+ymdyVxJJVgrA9JMSUwTA9JJJWWJPHKYnjlCgAjQMcJYHokD2XURZzAXDjGy6eEEh2VTeCjrjgEhAdORvjCkYPom+E3u390Eo5CTS7I38QiDsEo0dwgdgA7p5pqdw3jCC6207s7EJeGnkpuL6JsVUHNy3cFGZISAccqlNuqGu/lzHT6ZTdNXGdJL9vdVva4KVal0z9hkkkl+TT9hiSSSUIOT0JOUCTyJPSTFCxJ6SYoQekkkoQSSSShBJJJKEEkkkhEiSSSUIJPTE9UUxZTiARg8FNTwcKmsiymLH2+pLHbxSElp9PZTGt8VSqimiqIzG9ufQ+hVXSTPjldTSnBbwT3CHoKMuSquFNJS1JljyCDkEK4ttZ81AC4jW3YolXTNqIycb4WfaZ7bUGSPOnO49kSeRje5GqXWqHR1cdVGHsdnPI9FKDtjsmCnwPyPVdQd85RRuFCg0ZG+6ZVUsVXE6GZoIcMfZDGRyUQyjsFa7KZ5BeaW6fD++fxCMudRTPy7SOxK9Rs9zorxQRV1HOHteNx3aVy8WyC80MlDUsa5jwRuM4Xm1qqK/wCHV7db7kHPtc7tMUg4Zk7ZT4ywLlFSPWQcHIKedxpzsodNOyojbLG7Ux4DmuHBCls5wtldm3lGK6rJ4H8a/hc+3um6xsdKH031VbGjzNJ/F/mvGJYqesidT1LAWuGxI7r7ikjjmjfDNE2SKVpa9jhkOHoV8u/GD4Zv6KuJudC7NqrHFtOwDaE86F9N+k/qLGNPqH/g4es0m/o8khmqLPVfK1Gp1O4+Rx7K0lI0ZHBC5LFFWReDMATjYqtp6mWimFHV50ZxG8/5L6xTYpI8vqtMoPDKe8WmXDp4eQckeqhUtfhvhzZBBwtrU0zXxgH/AOasdc7VLFO6QNwCdsLb9slyeR1tFlFm+oZcbfSXanMchGRu1w5CxtwtNTbX5f5ozw4LTsfNE7G4IUwRRXGB0c7AR32QtbWc7UaWrXQw1if7MIxxxuig5VtdunXUgM0GSz/JUp1MOCCqPI6rSWaWe2QVJNDwU5QwYHJJqShRISHKZH3T1Awg4XUIcogIwoC0dSSSUKEkkkoQ5gJEDC6koXkGR6LmCiYCRAwoXkGkukei5gqFgUkklABqaQMJySANgiN8IL2ghSE0tJSZRa6CjPaQ4Zqy31UdbQzGOWI5aQcL6U+F/wAS4OrrcaOvkDK+laNQJ3cPX/5fVfOLmZ4XKKpr7XXQ3G31ToJoDlpHf2K5PkdFHWQw+z3P0X9Zaj6Z1HOZVyeGv/Y+y2SZeEc6XgYIXm/w0+J1F1dStoa9zYblGMOBP1+4W8MnhleH1FEtPPZPs/VXjPJ6fyenjqdNJSiw5JjIHZEa8PaENr2StBB/JMLHsOWkpTWToZzyMqIQTloUV8ZA4U+GUSbOC7LC2TcbIlwLshvM5W2qKoJIaD7FeX/EP4X22/08j20+Kn8BA7+69lqYjFyOVW1FN4h1Y39VrpuaZxPJeLp19TqujwfEdxtl46OuTqavpnxxatO/Cs6G4wVQ0sdg4zhfS3WHw+tHUtJKyqp2mVw8rvQr5o6v6Iu/RFyc3Q90GrLXBvZes8d5Hd/p2M+BfVH0XPRTd+n/AA/wT8gg52QTG1wO6rLfeGVH8qR2HdirFhOec/mu45LHZ85sj8csEaSItdlmyNRVk0LgJPME/Tk5chzwggABSKwKbUuC9o7iH4BI3VhhlSwbgLGxyPhcCCcK6oLo1haHFMU8iZ0vtEqsto+prVTz0bmO3C1UNTFUsw0ZyotTRNfktTEBGbg+TNuBYN9lY2m/VdF5WOy0HgodXQu/CMKA6F7DwjTDli031Lc6e5U4yG6iP3USqgx22WRgqpoCHRuLT7FX1BeDOAycjPGSjUsmeVOOh0gcCOyl0N1mpMDJOOCDgocjWv3CjStwUxyQmVanwz0Cy9T0s7GwyyYdx5itACHgEHZeOxuexwcx5BC01m6tdRlsVU1zm8ZRqWTJqNJtjugbmVpCjl3IOyJTVsNdEJYjsRwhzsccaNimmFxa7GteTkk4Q3PKF4jWTeDPJpICe4g8cJbWRi4eSvu1riuMLstAkxsfVecXi1y00xinj4OQcbFequ4VTdbfBWxFkjd+x9FntqOjRe4dni1fQTU0peAdJOQQjUNbqxFKd+xWlutBLTzGKWPyjg+qzlxtb4nGeEbHcgLn2VtPg6kLVYuScTlBkj0u8Rn5hRqGt1YhlODwCrIBpCWHyiM15JwQnvjDlySM5yE9rsdlfXRB9DcKuz1TKukkLXtOdjyvbOjeu6W/U0cMzg2paMEE8leHSgHfCJbrjUW6pbU0zi1zDnY8p9Uv2ZtTpoamOH2fTTmCXG2FFdNDFVilmOnVwSFkekevGXcMMrw2QABwPK276SC7U/ldpcN2vHLStKeTzltUqZbZFTVW+S2TGsohrgcf50Q/zCy94sbxXMv9kDoKiE6yxv4gtfBVz08v8PuQxONmv4bKP+qK+gbHKXxHGeW+iIisxwU7H2f4l9NPt1WQKxow7bDo5B6FTfhL8T7rYbgegOu5iKyBp+TqJDnxmDhhd7dlS3O01VnrTe7M0jUR81A04ErO4+65f7NQ9fWGGvpXaK6HLoZGnEjHDGxS8ewlCFsXXZ+Pp/pn0eyq1bAKRFIcheIfCD4qVFXKei+spTFeqfZj3/8AH98r2WOXIGyYjkX6eemltn/0fpotWSZCO1wcqqOUsICmRyAgKCCWkg5yuq8ECruSuJISBATlPBGENLJUIFSTMhcJB7qECZHqlkIQPqUh7lQgXISQxn1T8hQh1JcyEshQg1JNSQkEuHhNSUINPK4kkoQcSMcoTu67k+qYTgajwoQZ/wARFBBbjIwo+cpuT6qFp4MB190SGB96tMWHDeSJo2PqQF500b6XDB7j0X0Q9gkbpduDsQvNOu+hTCHXW0RbDJkYOU2MsG2i2PUiN0f1a+2vZQ1L8wO2BJ4XqEb2SRtkY7LXAEH2XzzDVNB0PBaRsR3BW96M60NOW2uvl1sdtE4ncKwba08yiejEoZJXA7UMg5BQkwyNYCnhBf3TtXsundGUV9U/B3CoLtR4cKgNyfutJUxatwOFW1TA76goOjLHBRU9U5xDSESut8VfAWTY42ylWUJiJngB9S1cgqssw47hQan7MNcqMQCotVdADTT5aNYyF4ZdrZW9BdQEyHXQ1DiYHDgDPB+y+o7tbobpTGB7Rqx5T3BXlfVllFdTVNlr4B40TS6JxG49wk2170dnxPkZaS3go6CvFTHHVQOwS0OBBU/qO1s6gshqYmjxoRkkDkLz2z3Go6buBt1xDhC84Y48Ar0i0V7In+E7Doph67briazR/buR90+nPNQuSrk+zAWSpfE91HMSHNJAyrbBjlDsbFM6vtRtdyFZC3DHnVt6J8UzK2kEjB5gMrhygfQK7Morr/bfFArYRuNzhTulL14sfykp8zdt0almbK0xuHHqs9doH2qqFZS5ac5OO4WWawx0XKEk0bS5UTalpkA3wspUw7Hy8LV2iujuNDHM0g6m7j3UC9ULWDx42bH6gEId0fkXBkJo8E7cKHKPZWVQzc7diq+RpTos5F9WCDIMlR3tU2Xn7qLINkZyrokOThQ5uVNm2JUSTlQ5ty9EaYYIQ4ycoj0E8hUYZPayewjGcoqhRu3G6mN+kIG8cmuiW4tbPMQ4Mcds7K1qcSR6QRys9TSeFIHnj0V7IxzomyN3BQp7uDt6eeY4IocaeZkg7LRUkwqIg71WfnG4U21VOZBCUGMcm2mz7trLJx0OBCtrfVFwAKgSwDGR2TYJvCkGUixc8HUonslk1ML9QypUTsEbKsopBMwHKmsdntwlYOrCzdyib4+BvunRvaDu4HKhg+pXN/6sIHHJqhZxgVax9K/5iLPqplJVipiDxzhCdIJY9DhnbCgNM9JU84b/AJqsItWYZcubq7qE8PgqWyMBxnfCkRTNcMhdmp/EaNPdANjInU9SJMjYoc7AeAoFJIaWpGo+R2ytABMMgoO0aa5Z7IzJXxOGFf2u5Na5rJDjPCoJGFjuEWCYNcMpFsMGyq3az0KmmD2A5B2UqN5Dhssva7iAwNyStFDK2VgdhY58HYqtyizhw5uSRlNnjbIxzHtyFFjlc1wwpjJWuA23CTn2al9xjrlDLaKttRECGk59lrrTdqe4wNkjfvjzN7gpVtFT19O6nmYMEbH0Kwsrq7pi46m58Nx/IhXuyIn9p6U9rXtIIzlef9XdOut0wu1BlgLv5gHB91s7Rc4LlTNljkBONx6KVUU8VVC6CZgcxwwQQhbeRa5MfY7yypaxmRqa3dWFdQsqmEOaMOH6LMX20VHTVe2op3HwJHbe3sr+2XH5ula/IJ7ooybIY262ye3zuDm+QnylVsgJxhejXGjiuEJjlaONvZYi4W2a3ylj2nT2Kc1lYEtEKOokppGvj5XrHw+6skqGtoaibW3G2TuF5M8A4J7KVaLq+gqg5ri3J5WG7TqZrpu+N8n0k1+2cbFEbNk4IWW6U6niuVKyGeQGQDAK0g4K411OyTOtXapolNOUjsgwnfcqQHZWOcTQcBOUZpyMlBxghGj4CWWgczDkHHCJTTnUGkcIhaHtxhRZGGN24QAFvE9rm4yASmuG2VApp98ZU2OQEbqACiJLsZxhSGoT24GtmxH7p8Tg9uQgAHpJJIRQkkklCDVw4IIIyF1JWuGNMze4DSubVR/SXYI9EwESRteDyFbXeAVFI6PGc5Wfo3luad53ZwtdYbC6cE5XmXxHtckcwqWtGOQV6fKMkFUfV1qF0s80bWjxGtLguno5uMkzFra99bPCrvTNraMtI87QpHw8vJpKo0Mz++BlPraR0ezCXBow/wBiOQso2Z1vunzMJxpOSF6SP+ojyG/4LFI+iqdzZIG6eMKXbZyx7oHn3CznS12judsilB3LQrd8nhTRykZGcFZL68dHptJqN6yaVji0AkILnkTA42cjRSB7W4HYIUrdtYGcLFJHXi8oeSXITtgUSMeJEHd0wtODgIIob2Vd1Z4kBAbuFEpHvfTBjz7Kyn0yAgtVXT/y6h8J2adwnx7FTXA4tJBOVgfiRQRmmZVafPk8ey9FOAdOd1TdSW6Kvtc0BZl4aXNPuu74u912I8v53Qx1GnkmeGQyaZASNypNS3U0EbKPOz5eqdEfwlHkeXxZxsAvoOmsViWD4Nrq/ilJfomUFUWtEZG4Wks9QXTDJwFiqWcsn9QdlpbfKWYcN8LXOvKJ47VyhYsG3ilaSC3CtKCqHihrjss1QyF8eondSoqoxPDsZWC/T5Poeh16cMZL+v0tGoFRaOoDn6dkdoFVR5zuRsVSQl8NcGP9eFybqtvB1qtU8o1MQyAcqS1/bChRvBARwRkHOVhawduqe5EnUSnoI2RG8peDSuQiR4XARhIkYVDgbu6AeT91Id3Uc8n7qFA5OyE9FehPGU6JnmMVWfJWPjxs4ah91aOGQQqus/lSxy/48E+yqTyBIkaieSuJZBJIXHHARqPBENQ5+F1zhnlDl3xgoNnIMpJESpy3z+ieCdAGUOpH8o/dPaQWjHomLgzWPIFw5Cj0rtUr2HYhSHEAlQ2Eir2OMlRCSTUHGFDrfpKmz7YJ4UOfsmLlCreitGxx3TMYKeNq32ITJx2CYngw29mB+LWTZ3ntsvHWcfkF7H8Vd+nge5K8cZx+QXd0LzWfDvrn/wDMf+gxqIeENqJnCdLs8aDj+oqUzhBjGE9u2VogSfYXX7Lo5QBISdgjA5GVogTOQo4CbkpJivoA7qPqgTHfAKIOVHdnx3HskzlkOKHvOIXO7qvaS6TKlzHDMZUaEZcsrllhImxABgwnrjdmrqNyyin2cco0gx3T3cIOcuUDjwgtOwE7qbsAAAgwR4buEUYHdUIn93RxEiaSRhDHKl0zc74RQXsCcsIl0kQ2yFYtcGt4UanZp5CLUP0MLk9cGOxtsZPPk6AOVJttMMmaRnfAyoVHC+pnD/wt5yr2JgyANsKHc8Zo8/eyTC3JwArSni0gHG6iUkOcEhWTBpGFD1tUVFZOnyglVFTI6SctBz/opFwuAZ/JiO55KiwswA93JUJOQ9zhCzUfRecX27VFxrHmR+Y2uIa3stP1befkoxTQu8xGSsMQ6U6iEmx/o4OutcpbfQpDnCPE0eUqOAc4UqAHZVFZOXLGCQwABPe8MGSnNzoKh1TxjAKuXBnxyRqhzpZclPY3DclNY0Odk7psz8AAFKk+RsVxwDkcS8bqRGAGhRWHU7dSMgN3KLI3sbO/QM+yr5Hl5Rq2T/h53O6C3ON1ksnljoxQmbnC9C+GvTMlwrPnpmfyWnbI5x2WNslukuldFTxtJBIJ2X0R0VZGW2gjjY3GAAf9fzQKW49Z9M+O+a16ia4XRo6KFkMTWRM0NAxhQ75XOGmjifjbLt1avLKaB07z5WgrLAura0l2SXnKfXE97dP4oORYWahy/wCYe3bgLQxRknjYKNQsADYmN4GFbNhGGtAW+pKKPCeTsnc3F9sPbqUSO8Z7c44Vq/DQAFHjc2GJrWjGyYZwBv3RSngzaHwsd2+yIZ0pYMJkEb5XIIf4kjR6q8o4PDAOncrFqL1Hg+jeE8PXOSm0HpKVsTBlmEd7gG6dt08ENbxjCivy92MrjX3bmfRaaVBLCGlhe5T6SDdp0/uh09O52Nsq1pIA0AkLDKWTbGKHw0wwCG4U5jQ0DCaxoaON13xMLNJ8j4xWB5IHKjzShwxsuVEwHHoq6eoGMI6k5PBxvIa+GlTchVM2+MhV8spylUSEkHdR5ZARsF6Hx+kbeWfGPq36nbraiwFwq2U8etx3PAHKo6O21t5qjHTM1yPOSFaCjqLtVtpYIy5x2+y9V6R6RpLFSNdJE187ty48hehrxRHB+dPM+Seqt7yc6N6TgsdGxojHjOALiecrWNYGDACY1EQ2T3vJwJS3MSSSSQCJNyU5MJGMKEH5HqkcHugEnPKWT6qEH4907IzhClqIaSF1TUv0RM5K+ffiD8arl1VWy9N/DN8jY9xU3Jp4b6R/vnf0TYVSn0Orplb0ar4tfHmz9GtdZOn4zcr2/AZG0Zjj9nrC9NfCq/daXQ9VfFSvNTUY/k0oeSGNPGymfDH4R0VmnFTV0oqK1x1Plk33PsvcbbaDAPOQSedkzivhj7bYU4rq79sr7ZbIKWFlLTNIY3bCu4KLwsFS4Y2R/gb+ieRlC57jF28saxjWtwAnYCWQNkshKwCdXDwmrh4VkEScrmSmEjJTXPAChB0smkgAoUtUI252QnvxklVlTV+I7SwE42UCD1VxOnQ0jdRI4Jqxw0NJHqpdNZn1TBLUeUnhXdPSx00bWMaNhz6q08EK+jtBiAdIMKz8MBuzeER7/CA/zVFd+oWR5p4Tv3KHLZCbV3GKlB1kKhqr3JVHTG7ZQXyz1xwXalIorRKDl+2co0kuWQE5s8zstZnPKsKK3uyC4YKmUtEIgMBFmlZTM1k4PYBWp+iBaeFsDNR2A3QKi608A0RnLlXy3GepHhA7d8d/ZWFBZWuaJKnGTuBhHnPJCK6Wqr3YjGQVOpbR8q0S1BUuX5O1xeISG47LF9S/EWOMupqFxJAxkFXBZeC8GkuN+t9siy+QZHAyvOr/ANbz3Bz2UupjTtn1Weq7lWV8rpKmUuHYeijZC0Qp4yNjE6XOcdROSVxLIXCRhNUUiJHSUMklcLhnlCJyifA6Mf2P1H1XEJcyFROuDqYlkJqhQkxJMULSyNwU3BTycJoOVW8ZyNTcFLGBk7YQq24UtBH4lTIBnhW5YG11Ss6CkY3OwTJqiGEZleGj3WNv3xMtdLE6GhAlk+ywF16ovN3P8ypcxh7NOEDnk21aGdnLPRr51/bKBxZA0zOG2xXn9z60vNwkdondEwngFUbWuc7LyXE9yVMioJpseCwk+gVnTq0lVKzIjl8tS7XO8uJ7uOUWGB0uzAT6LTWboyoq3NbUNDNW+PZbG29PWy2tDY6djnN7kZUQNmojWsQMTZ+jKuubrqWiNvutjbOl7ZQBhMIe5qvGxZADGhoHYBdETgm4Rz7tROb7BMYGOwxoA9BsjBpLeE8NweEQAYVYMr57I3hnOcIgjGOMomjdOAwhD4QHwx6LoGNgjYbjZAc5rclxwFWSJo6kodTeLfSD+dOAs3c+vaaMFtG1xx3VbkNjVOfSNYWhoLnHACgVtzo6cZdMPfded1/WlyqjhjtI77qmqa+tqDl8p390O811aJy5kegV/WlspGEAlzzwAspcOtqqcubTamj3KzxY951O3ThCRg4SbLTdDSVw5DVN4uVZ5ZZzp9iojw6QAEn7qU2Frh9OMe661jG+myS5NmiOIcJEL5XO5RW0ZG+UZ0sbDjK6Kqna3OtLci3JyBNjAONKKzyjACA+40wO3+aEbnTjshcy0pvpE7c9kzG+6rn3vScRMKA+8z+nPoq3h/DP2i8al5Ry4BZqS6VDuCVGlqamQYMhIQOwtaeXs1jqimj+qYIEl2t8fM2VkXyvHJJJQS1x5J/RUrGx0NIpdmwd1BQM/HlR5Oq4W/3Az+ay+Mg5H5pjWb8cpUrJ+hn8OCNBN1XNjMYA9sqM7qiud3VYIfblIw4GVXyyGRqrh6Jj75XSn+9IH3TTcKlzcmQ5+5UMR59/yTi0/wBJVOUpBtVP0EdXVOT/ADD+pQjWVH/eH9V0xH+goRYcoW5lKMEENVO/Z0hI+6Rl2GQh6D6H9F0A+ipbvYS2oIHF3BS839SGNuV3U31Tcsamh+D6paR3SyPUJZCvJeBuAkjYyuINxWRpY09k4DGwSSVZKEnpiehAEkkkoQSSSShB6SSSgGBJJJKAiSSSUIOSSSREEkkkoEPyeEkklCBAeyeCMIaWSjBHJJJKEHpJJKEEkkkoUx6cmpyFi2dB7Ig4QxyiDhWijq5gLqSshzASwF1JQgks4RUlCsgs5XEZJC4plcH61pJJL8jH7FEkkkoQckkkoGJJJJQgkkklCCT0xPUIJJJJQgkkklCCSSSUIJJJJCJEkkklzIPSSSUQI5RK+jFRHrYNMjN2uHKlroODlWAVVFV/MM0uGHN2cPdCuFAXRmQDKLc6QwzfxCm8pJw9oGxUimmbURAnBBUDXJn7dUmjqDC7grQwPEmcKrulvGrxIm7jfZK3VXhnQ7OyMtousb5XRymtOoZXTuiFjn7gEIOo9wixnsd8p0kBa3W0ZUIMa72VffunqTqGhkpaljT5TgkKYyTJ2CM2bTjZXlkSPOOmr1W9H1o6XvRe+FziKWRxzt6ZXokU2vG3Kp+qumKbqSidpaI6uMF0MndrlR9KX6vgqXWO9sLauBunJ4eB+IJsLGhVlakb1pyCot2tlDe7bU2uuYHRVDCw+oTmTBw27rrc+q302NPKMF9J8mfEHoKp6KvElE9hdC4l8Eg4e30+4yFlKihhr4PDeQ1+PK73X2V1d0dbOt7HNZriwZeCYpMbxu9Qvk3qjpW89I3WW0XWEsmj3aQNnt9QvsH0z9QfPUqbXmZwNXo4z5ZlYKqoppf4fctnt2Y/s4dk2404kYSBlWksUFfGIaloLm7AnlQHRyUzvlqgksP0Px+xX0Sm7csPs8rrtI0nKHRmaqlBdkN7YVe8zUzmvbwDg7rT1lNod5mjBGx9VU1NLq2AW6KyeU1NDT3R4YyKobUMLHgOB5CrK+ywVLD4eGO5yAizQvpnBzCR+aO2fLRkbq5QwcO/Fixb2ZCtt1TQvzIwmM7NeOChRvzsd1s3mOQeG9gIO2CMhZ272GWkD6mkGtnOjuFW1nG1NEUswIS6OVFhqCTpIwe4R2v1BVg5eM9BwRhLI9UPJSBOVCshV0HsmN+kJw5QBBBwurgPZdUBY9JJJQoSSSShBiSSShDmAkQMLq4eFC0DPKS6Qc5XFAgKSSSgA1NIGE5JA1kJrIEgZTNIRyMd0zBSpw/RcHgjEVNPOypoKp1PKw6g4DK+gfhx8TI+roRbbrKI7nGA1oP/ABPzXgrm5Q45amjqY6ujmdFLEdTXNO4K5es8dDWRw3ye3+kPq6/6a1C7lVJ8x/8AY+woXFuFKY5j2hr915J8Nvi8zqONlnvz2x3ONuDk4Dh6+69MyQM6l4e+iWmnsn2fqjxfl9P5ehajTSTiybJCIxriCUU+4BCHS17Q4QzfkUeakz/MhPO+Eg68duB8scc0Ra9v2Kq5abDcYUltS+J2iVpx6ogAmGQMJkXhgWVKZSz0/O2Mj1VJeOnaS+Uj6GvYHRuO4WtlpwTx+6iyUeDkD91phc4s5up0ELY7Jo+RviZ8Hbj01VSXKwQPdTNdqLR2BWNtt8BaIKoFsjTpOeV9u1dviqGls0YId2IyvEPid8EBWsluXTkLWPbl/h5wM+y7ej8jJcS5Pjv1X9Bxm3fo1/lHlTJteC0bFEJ8QeizZddbBWGjuVNK3B0+YbfkVZQ3Fsm5GF6GnUqyJ8a1OjnprHXNYZMlYMg4Q9cjPpT2zBwyugApucdCWmlgkUlzqISNxgfktBSXGCeNpLxk7H2Kyj2Y4C7DM+B2ppOfumwtxwzPOvPJspKdjxnA3VZV29rfMEGiu0r8NlcrWJzKloyMp+4Qm4cGedFpdgDGEJ5Me7VpKi3ROblrcFU9VSOjdjGyYHGan2FobnlgjmPCnNmbIMghZ/SWbokNS7Vg5/VRTwR1J9F5se6GcjdR4qluACSpLJW43TIzETg0Trde62geNEjtPoStzaeoqa4tbGSGygcE8rzrAO4TGyywPD4nEO9QcJnyMzT0u49XqoYqmMh4Ad2Poq1tS6KQU9QMOGwPZyp7J1XG+JtPcHEPG2r1Cu5ooLhCHRStPdrgdwUxPJz5wlXPbJBHuJB7YCiPJdnKHSVTxIaSrGJW/S48OCkOwzjuixkKKeOCtrrbFXRlkmx7FYy40MtLIY5GbDj3XoBxg+6rq+iiq4yx7RnsUi2pM003uDweV3SgEDxUQt77gcJ9HVCZmAdxyCry4UpikdC9m4PdZ6uoXQP8aDI1Hgeq59lTT4OxVYprksNI05UfJa4ghco6kyQ+bchGIykBsYDlMAATwMLqaUEoKye3Tiop5NLm7/det9DdeMrAyKWQNkGxBPK8clGcIlHVT0M7Z4Hlrmn9UyM8GbU6aOpjhn1BV0lt6hoTBUNzqGxHIKpae4TWSqba77rcHkiGrAy1w/C1x/q9Vluh+uW1TGQzyYkbjYlekPZb+pqE01UAYyN8fUD6j3WhPJ5q2mdE9skRS1j8hzQszcaOp6frP4pbmn5Z5/nxjge4ClVdTcuiauOjvJNTY5naaevIxJCewkG/657K/bFFVQ/hlhlbzy1wKLDKeUs+jA9YdKx9SUsN4s7/AAbpBiSCRhwXd8ZW5+D/AMXf4r/9afVJ8G8Qfy4y/wAvjY7f83p6qp+RmsdS7SXGke7Le5jPt7Kg616Jdcmtvtmd4Nwhw9r49teP9VMMdGcNRD4LevR9LCUFHhlIIGRuvCvhT8ZG3J0fTXU/8qvZ5Ip3HAlx2Po5e1RPBYCDnbKhx9Rp56eW2XRbMlDu6IX4VbC8tcDkqUx+oKCCVkJZCEHe66CcqZISkkEcLqvBA2SlkriSEgs4SzhJJQg9LJTElCD8lLJSSUIJJMSUIJJJJQgkkklCCQ5IwYzvuiLoOFZCBgg6TyurtbC7JlYPMBsolNP4wIOzm7EFUQmIb9MrDG9oIcMEJ47pgd7KFrg8o6+6JfRyuulriyHbvaFhYpyDkHS5p47gr6NqKaKpidBK0FrhjdePdd9Gvs9Sa+laRG874GyYaqbM8MveiesWTMFsr5T4p2jJOxW5ZJnYhfPsU0kTmzRO0yMOWkc5C9Q6I6zF8j+Uq/JVwNAe0nn3RtZRdlOXlGwRVHyEXkIkjO1gUgDgq2sj0gkBWHc7oFSAQERRTS/SR7KlnYYpCQNicrQ1MQzsOyqaqLUcEKDCPHMSADyoHUFkgvVNg+SePeOQcg+h9kc5jdh22EUSuZhxb5DyVAoNp8Hg/WnTnzGqCohDKmLODxq9wquwV82TQVJIkiHlz3XtfV3TcV/pDNC0CaMEtI5K8Qu9BJBXFzCWTxnDu24S7aVasHrfE+TlppLBsK2kZfrQItvGjGASsXbXuoquSimOMOxgq7sd5eNBe7DgdLlF6zteiVt0pwQ1+5x6rzes0vxy4Pt3gPPw1MVCT5B1lO+lmErCdLtwU+SKG4UxbI0E4TrRWC6ULqSYh0jRlp74UWJ7rfUmKXJBOFxbo4PdVyUkVlvq6ixXLwNTvBeeCtyYo6+ly1ww9uQfRZi924V0HzNNjW3fAXOlr25zfk5tnN8pBKzlVTjGx1yfBGutvlpHlr27evqqedgAW+u9H81Rk4y5u6xNbBoHCcngXqasrKKeYYIUV6my/VhRXph5/Ud4IUuyhzf6qfKM/ookrSdlDk3kSThQ3cqZJwob+VDnWPI6IkEAlWbfpCqW/UCFZQOGkboBulsw8Epuy01sPjUnhuIPosyzlXNmn0zAE7JaO9pJfdydqQIpXR/uh0khgnEgUq8Qls+sDAUDOUMpYNzeyXBqqapNQM45CZOxwOWqrs1W5snhuOQrzUxwOQl9m+qz7UybaKkgiEq6bxn1WXikNPIHBX9DUiaEPQbTp6e70S84SXAPRdzhBg3JjmOI3ylUN8SMkcjcLjU9wyMIQyPT1LmuAOyt6acPAyAVRTtLHZHCl0NQGkNxugxkZVPb2T62j8RviR/cgIluqmgeC/Z3ui09RnkZUaupw3/eIRg98IXHBri0TZmAjKhnLDjKkUdU2qhHrjBQ6iLABwkTjkfGRMoKsscMlau314c0DPZYFkhY/jGFc0Fw8IAuJOFmnA10ahqSTN1E8OaHBHZMQRsqy2VAkhDgc5Vj6HCySi8ncrmidG/IBI5UW62eC7UzopQM4OCnRuxjZS2O4QDJx3I83oqi49L3b5aVxEZPlJ4IXo1tucNfCHscM43CrOo7DDeKVw04laMtI5ysZ0/1G+y15oq7PldoyfZQzNODPTK+201zpX01UwOa4HBI4PqF5pM2u6UuZhl1Gme7yuO4IXpdHWRVMLZoXamuGVA6kskN5pHRvYC4A4+6nRS5IFK9lRC2ZhBD25Ci1tJHVRmKVuQeD6KhslVV2S4Gz17jpP8Ad5PC05IkR5yWYa42uajkI0ktPBCqZYXA/St/XQeK3GOyzddQEHyNQyWQZd5D9H36SgrmxSu2PBJXt1pu8VwpmvjO4ABXzfPqinc3GNPBC3nw+6s+Wl+WrpPKfLn/ACWG+vcsGijUqMtsj2Rp3BDlJa3LRuqunmZK1skb9TTuCDyp0UpwFybamdeMiS1GaorZ842R2yBwKzdMdBr2SGkeq5NH4jDnkoLSdzk7Iscue3CWSaIQc6J+n0U+F5c0FBqIGuOpowUKkmJeYnHjhC1kW+S1jdqBBTGudBLpO4KbER6p5HiHcIMAkkHKSHG/A0O5CJnKoAakkmuGQgbLO5Hqkd0HzZzlGBGFMFtYAPYScHdZe4xfJXLXjyy8LXOGVQ3+idLAXBuXRnIK11MsiCQHJwuYEzHMI5BCBTyNdG1wPIRwNtiujQ9ryKtW9YPGeoaGSjvlZRyt0tqAXRjG2peb3CmfDVPZINwV7l8UqAwspL/FH/Lp8Ry/6FeU9W0mmeO5xN/lzsB/Neh0tuVhnkPJUd4Ln4eXowSfJPftnLV6gWioiy3uMheC9O1pp68Oa7Gkg/de4dNVja2kznOAE2+OVlG3xd+6G1l9YKrxY/l5T549vurOVmRzyqCncaKvEg2a7Yq/8XxRxhc6xYPRVPKAtPhnA49ER+NBOECXyuBT2Pa5iQzZAjSMOThVFUwxztk43V3M4A8cqtujR4OoN3ByijLLKlEA9xNQx/YodQR33CRP+6skxkhOlGuEOG+Fu0trjPJz9XUp1tHjPXtp/h11dUxR6YpTqwB6qnD2vpTj8QW/+JFtnnoWVbOGHBC83pZS3ye6+heI1G+HJ8M+qNF/HtlhYyKPLH4cN1obLUCV8cbjv3WelOJiQrOyPAqgSey9DCW5HhqrfjmbWjmAkEYwBnClTNOdlVxgska/Cs3/AMyAkclSUEz0+k1acUi2tdwZoFO9wB7FBuzSHiojbgjlU8Mxp5W54J/Qq/mDZqbzbkhcnU0ZeT1Ok1m+KWeiVSVJkiYTjOFPhldsFn6GTTII3HZXcLwdhuuTbVg9Xo798Cwb9K6w55QYnN2TmnzBZdqOpCWSRkpAnKaCuoDUPOMKLIjvPohuUBl0Rlw4xulJyFx5yBhGZZPLGF2QQq+uYfD1AZIKnqNVtDoi075CoCUsEaMgtyDlOkGUGlP8kd9yj+IAM6UzAG8r3VZFR4LtsozneXPKgV4xUB7dlJjOYwPurFynkZKdaZA7JO+cFOd9Sj0pLHzNP9ZQgj5xh2xwoLnaKpvuVKqXZf6KJI0eI12VYlvBPqd4C4Kvqt25Vg8g0I9Qq2Y5Zyj6M1kiC4/7y0psnGE1/wD2ln5rku+yYZLJZMN8VT/7jAxkZXjjOPyC9g+KzvDsI75cvHmcD7Bd3Qf7Z8Q+uf8A8xX+DrVx/sujugZwVoayzx6WQ7dmp54TGnIT9TQeU+vhYBnwxNA2RG9kxnZPWlPBTeQg4QzyuZxtlMyPVCCPPBQHEDJ7lPHBUd5JzukWSwh0FkDUSZOB3RKMEnPGEFzQXcqbSR4ZkhZa3mWRk1gNjAAQ5OyI5Dk2wnuOBAKR+RwmU7cv3Se7fCJTs82SEIbeCWNmphJyn9kM8qMDA+MEnZWVEzcEhRKZmXbhWUIDeBwjgjNayW0AN3OFDllfPOIwNinSv0t3KLbqR73iZwwB6pxKKJXSwifRUvgRNaR5juVaU0XmBwgNbkgAKyooNQUPZ6On460iTAwNAIT6iYRtCUgELcqoqagyvOlxKtLJtnLahkrNUpcBzuuVlwjpIRI/snMdjc+iynVF3BIpoCNs5KqfCOfqb4whmRR3etfcLg95OQSgloa3HdDj8pLiNynvBc4JEeXycOV3yPImN8ymwx4wccIEbBsfVTQQxgGEwy2Szwdke1jCDhVkxLpEWrlydu6BGC45SJspIcRhoKizOOfVSpS0DCjN3clTHwOxgjCdK8NaCSiBoDQQFDqTkkZ4U3fbyMinkjOLpZ88nP7IzxjyNGSU2NujLyrCw22W517Y2cA7rJM1aaiWptjVDts3/wALempC5tZM0HI8vsvb6GnEEDW6cLPdG2RlDRQx6BnAytNcZm0sGto4COqOD6zotHDQ0qtFPf64hrKRh3duUS1W9rIxI5uXu/ZQKeN9fXmd+S0HZaugpfINuFuhhIHUyc47USqSmZFGC0blTYGAbkJkbcDGMBGLgW4GxR/Jg5tPjXZPdJCfJq8vAQnkkho4TXHGTlGoI3zSjy5CTddtWT0Gl8duxBIn2qiD3+I5uSN9+yvYw1jRsgUkHgtxhSSQAcri33/I8nutDo46eCSQOV57DZdhjyRkJMOpw2U6CMAgkLDZPPB00sBqWFpG7eFOiaBwgxtI8oCkbMGT3SHIZwllj3nACBK8dimTT4UCapzt2R11ub4OdrtfHTwzkJVTbgZHHqq2WUgrtTISQf8AVAlkAK7eg0WHukfGvqn6oit0IsdI8FpUeCKatnFNAzU93C7HFPdaltHRAlxOCQvTemekoLJDrnDZZn4OojhehrxBH578956zVTcIs50t0jBZ4G1E7Q6d4ySey0TRg/dOauqTnuPITschw4XUklRY5JNXMhQIRQyTwiHhD5OFEskOKvv3UNn6Ytr7reqr5enj5djKpeufiPY+hKTxq8PmndkRwM2c9wxsP+q+eaq5dU/FS7tluBLGPcXRUsTiGMz/AJ8BPrr/AOYfVVu+6XRa9a9d9T/FWaS3QOlt3TrHYa2XZ035Dt/nlbf4ffDMUxYBTinjOCXHcuPqtF0N8MobRprLo5sk+xwG7EjufsvRhGxoDWMDQOMBMnKMFiIyeoytseiJRWimt8YZGA5w5cRypIbhPyEiRhY5ScnyZ3y8gmu3wj5GnlR3/UVzJ9Sl5YAQk5XMlcyEjsiIN8T2TXSDTx+6Y52MqOXg7EoyBTIM7kKJUVkcQ8z8e6jVNY1suiNxdj0R6KyvncKqsccE5DVCEVja25y+HG4iI/iV9QWmCmaGhoc4dypUMccbQ2OMNA9AiZ0glQg5rGgY9FGq62Klb53YKBWXeGlY4uO4/dZyoFVdZdZHlO4CJLJA91vzpm+DTv3PcKFT2+oqHCSXfPqrChsrYHeI9m/urJsQYMNGFbwiESltkUYBA3HspjnsiaC7YBBqahtKzUdyeAq59bNUHBzj2QEJU9w07QO3QKekrbjUYe0gHup9HZBI0SzHBO4GFaVE9LaaUEkAjv6ol+iwdJZ6Wli0ubkjckqovfVVHaQWtkHl43Wc6o+ILvDMFBLvuCQd153U1tRWOL5pHOJ9Sn11hRRc9QdY3C7yvjinLWhZ1udWXHJPdcAAJPqurTGvA1R/QQcJhJXEP6kYyMM9hNXuE179sAoeD6ruSryMUEhOcSTvsmJiSjeSdCTclJMVEO5K4kkoQSSHLUQQbzSBo7rOXfr2yW8lsczpHt4DVBldU7XiKNM46AXO4Cp7p1PabXE51VU6HdhheaXr4l3esc9tJIYmu2WRnq625SF9VO+Rzt9zsgOpV46T5mb+7fFWUh8NtgDhn6nj/JYuvv14ujiauseQewOwTKSzVk7gGxnH2WktfSE7wHSR5/JQ1L4dMjKRUbpnAgbu7q7t/TdVOWjBwfZbmg6OghDXODT7LRUlthpWt8No2UEXeQj1AxFt6HjLg6eMbeoWroOn7fQ4dFA0ux3CtSzgYwn4BAwMIzBZqrJ+wIp4/wAMbV0U7Ac+GFJ8IeqXhD1UFfIwfhe2EvCRAM/i/ZJwAGXP2+yjltIp5I7mYSQay60NKMyzcdlmbp1tShhFM46h6bofmSHRpnPpGrc5rAXOIACra7qC30UZfJJkjsCvO6/qm41mWGRzG+xVQ+pqZx/MlLh6JcrUjZVo5S/JG4uHX1P4Z+WDtR7BZms6tuVSSA8tB91RyVDGjAAQTWsb9RwkytZvhoYR5JdVX1dUf5kpOfdCbFrxndQ5rgB9IUZ1bUvyNW32QOw0w0yXRanwGbAgeu6a6op2bmTJ9FTmWTPmcV0DG+eULnkYq0uywdcKePYDfso0tznP0jAQGMJOAMqVFQv21N/NKcmw3GESMa+qO2MITpKx34tj7qzbQg76B+qI2kA7bKA7kirD5cYcclc+XkJ3HKuRS0/9G6Qia3gDZCTekU4o3kcbpv8AD5juGhXXht9F3W31UaTL+THRSC21HA/yT/4RO4cj9FdFuATlNMhBxj90O3JfzS9FP/A53H6h+ieLFITlzxj7K08X/wCXKZ4nq4/qo44K+Wx8ZIX8EgA87hn7LoslLz/opZlPuueN6FRJRK/1H7BCy0IH92kLVbQeBn7IomHr+64ZG+n7oJNNl5t/Z0W+3AYwF35C3egQDUNBwufMj0Q8F5mSPkbaPwNXRS20f8NqifMt/pK4ZGkYRJpEcpEzwbaP+Cxc8K3f/I8P6KAXtzwl4g9FG0yZmyd4FtP/AAm/okKe2d4Wn8lD8T3K54vuVWETdJk35WzHmmGUP+HWY5HgYUUyE9yu6nf1H9VCmpS5yShaLO//AIYGU3+AW0nykBBYXh2xKK6VwA2JUCW+P9TBO6YgJJjqgAeAVFk6anaf5cjSCp4qn55KO2qdtkKmslq6a9lDPY6yFmsAO+yiyUdRGNT4yB9lqhVkdvyTnVMbwNUbSPsqcMhfyZox2gjlc0+62Hg0Ezhrha0+uFHlsNFI8ujmDM+ynxjY6lP8jL6fdLT7q8qOnKtpPguY5vY5VXJa62AnXHn7KhisjLoCkkfKcHYrmR6qsDVJM6kkkqLEkkkoAJJJJQgkkklCCTk1ORIgkkklZB6SSShB45RBwhjlEHCgI1PTE9QgkkklCD0kklTYpvA5EahogOFcUBkckkkjIJJOSUIJJJJQgkkklCH63JJJL8gn7FEkkkoQckkkoGJJJJQgkkklCCT0xPUIJJJJQgkkklCCSSSUIJJJJCJEkkkgKY9JJJQBCSSSUKkPc0EaXbg8hUk/jWifIGumkdtj8J91eOQ5YY6iMxStBafVQFSw8MjFzZW77gjZU9VTSU0xePod3HZTHNloZPAe7Mbt2OP+SJIwzNB4Rjc5GUNUcCKU/Yq08PYFUzYvDJKsaOoc4CGR24GQiKcXLokM2KO0oSIw5yoLayRayFzB40Lc+oUdkjiRkcK1aQduVWVsNRSyiaEa4s+Zo5woWnglQSBo8wVH1Z0y27xCtoT4dZB5mPbsTjsrETh5GBhSqecAbhTJZmunr78xGKao8tTCNEzDyHDbK0McgdwqHqqyOjlb1DamYmhOZo27eK1Ptl3ZVxtmiOD+Jh7eydXa4sVZWpGljfjGAsx8RuhKXrizuhaGRV8LSaefG4PoVfUson45CmM754XV0msnp5qyHDOZdRyfEl4tM1FXTUNQDDWUryyaPjS4Ej/RRSDpEFbFs/Zr19O/F34SQ9X0hvNoJbdqdpJJ/wCM30Puvm45iDqatbksJY5rhuCOQvs30/8AUFeqris/d+jh6rSRcsxRVXC1SRxZ+uPkEdln6hgb+S3EE0tA7Q4Nlo3HYOGSxQL105HMHV1ET4Z3LW74Xt9NrY7lGTPI+V8Y198DGeGyTyvYOOCquqp5aSTDQXM7Y7K5kjLXFoyMHCG5uoYK6mUzxGrqc+CoYS4ZBAKK2TIw7k8lNqqYwPL250ndRvEJ2xsE1RRw7XsliRFutliqGGalYGSt32H1Kgw5jix7SHDkFbGCZjcNKj3O3wVseQwNkHDgOUMoYMtsK5JygZtrwfQfmnIdRTTUsgbINjwU5hACzuLRzpIKnoKeqBTwEB7J44QxyiAjCAtnU9MT1ARJJJKEEkkkoQYkkkoQ4QOUwg5REsDlQtMFgpI2kY4QTyoWnkCkjJr/AKSoVgCmkDCI5pJyAuaHeiAvsCeUPARk3BQNZBeQJiYXa9Iz64XsPwt+KonbH091FJ/MG0c7ju4+pK8kLThRyzgjbG4K5mt8dHWRxLg9d9K/Vur+mrt8JfZ7X7R9dua14a9rgWkZBHcKZS1UsbdJOoLwH4bfFKezvisN9f4lKfLDITu37le401TDUwtqIJA+NwyCCvD6rR26WW2aP1R4D6h0X1BR8+kln9r2mWzvBq24Gz0FsckGztx2QNe+xwVKbVRvAbKO2MrOkejjLB1zA5NfGMZJR2tY5uWOyPVNewkhWVZiSK+enB4CgzQkcjZXLg3GCECSnD89sLRXY4s599J5V8RfhPZOs4XSPaIqo5LZMZwV8zdT9L3zou4Giu1M5sedLJRsCfQjsvuGelwcgfusz1T0XZOp6YwXSka92CGv7tXZ0mt2vk+dfUv0lRr82wilP/B8c01x3GpwU+Cra/gglX3xA+El66QqJKymjFRQucS18ZzoHusLFOYiNl36NRG1cHw7yXh9R4+113rDX/Y1DcStyOyb4JOSqmmuMjSANh3yrenqoZW51b91oTRxZVtPg4HuiO3dTaO5SQuB1bfdR5WA78qOY3A7BaoyyZ5QUjW0lxiqGgahlEqaZs7dhusrT1D4DlpIVvRXYEhs7uE+MhEq5Q6B1VvfDyNlX6dJIWoDoKuIgHUCFX1FsaWktwEbLhY/ZUNe8FSGVLtshcfTFmctUY6muVZwHxItoKnIwcbooIKqGTHICn004AwValkXJYDk6OArO3XualAY4ktCrS4OXMbZyjUmuRVlas7NfK5twgbPTyDW3zDff7J1DcfGPgVHlkG2/dZKnraimdqikcB6ZU1tZHONYOiRu/PKYrcmaVGOjWyO257KJr1OyVWUF38WTwao6XcA55VjlMTTM047WR7lb4a2EhzQHjcO7rI3Ch8MFkjduFtvEzsRsVDraOGohLHNGTuD3BSLYJmqm1wPNpqSWjeZId2g7j2R4pmyNyOfRXNwt5hGG7+6pHwugdkBYJwaOhCzegiRKaybLcYSDSDlUNOF3sknENIxjdNd5VCg9HVTUc4nhcQ5pzt3XrXR3VUlRTRzCX+Y3Z7M9l481yl2661VqqW1FO4+7exCbCbTMms06vgfT9svFHe4XUVW1rmObpexw5BWSqrfd/htO6al8av6ee4YjLtT6ck9vZUNhvsdxp2VFLNpkH1NBwQV6N0/1HHWwCjri0uAwdXDgttclJHBdLo4fQSjqbffbeyeme2SKRuft7FBp6V9K98JOqL8IPIVFeOj7p05USdQ9Hyksc4me3tHllz/AED8J59VbWHqCj6lpBLB/Lqotpqdx80Z7hXwY5wx90TH9e/DYVzJLzZRonHmkY0fV749Vd/C/wCL81M42Pq+QtdHhjJ3nBHoD/1WuiJbwP1WR6v+HdNf5DcLdM2lrTu4lvkf98cfdCNpuhfH4b/+57lS1EVTE2eB4ex4BBBzkKVG/Twvmfon4mXvoq4f7OX0ObEx2nD+w9vZe/WTqK13ulZU0NU14cNxncFAYNTppUS/t+zQiQZxkIgeMKAJGgjzfujNmbj6v3UMxL1+y6HE9kBrgTsihwPZUQMNwupnKSLJCQkg5CWQqwQMkg5C6rwQKkhJKYIFSQklMECpISSmCCSSXMhWQ6kHEcFcJCGVTZCQ4Nd+IKuq6RzXfM0+zhyPVSW59U92COVRCvgrWyt+nBHIRs+yiVdG6KT5mm5H1N9U6CdsjS5vbkeihCQ6bDsYUaspIrjTupZ2tLH7bjj3Rn47nhDc8uP2UDhLazxnrLpt/T9yc1jSYXnLT2Wen/iFHIy7WhxbPFjODjV7H1XvN2s9Je6R9LWMBDgcOxu0+q8eutnq7BcDQ1TfI4kxv7PCM212p8M33RfV1H1Tb/FjyyogAbPE47tctGZgNsjdeC1ba7p6tPU/T7ix0eDU04O0zB6/uvVeneo6DqKgZcKCQujO2/b2TAL4e0aUSE5TSCTklBjfkI3KMygZWBw9VWVsB0FwCttKBPFrZhQYZisic5vl2JUelndJGYJdyw4IVtWQFh1Y2VJWRPhm8eLb1UIuw7i+leNswHYY5aV538QuknmX+OUELSxwzNp/zXpFLIyrY5pxkbOCBUUTJIpqCbzQztLQD2KM16exwkmfOvguhqNbQQ0+YLYWzwb/AGeptryPFDMtyq3qS0T2m5yUkw/ltOIj20+irqapqLfO2opiWuB9eVj1FCtiz1/jfIy09itg+iha6osF0EMpIw8tPsVpa2mjuVM2rpnAuAy4d1ZdY2qHqSxR3ykaGzw7y6RyFkOmbu6nqPlZzljxgZXmdVpHFZPuXgPM16ypfcWdDUmE6Jd2u2KrbxbZaSc3CjPkcdXl7FWlyp/l3OlYPI7cLsFRHUQmlm21jAK5GGuz1TrU1wTOnroa+m8GZwLgMIN4szXB0kbdiNwFRDx7FXtDs+G47HstrFJHWUgkDgQ4K0HBq2Ox9o8vqYvDkIxwVBk4C1vUNpdGwuDRkHII7hZKTgJiOBr9PKqeQDxlpUWYDClu4Kiy7qziXLJXyjBUR4wVPn5/JQ5BgqHMuwgQ5ClwvxjdQnIsLsYyVBMJ7JZLeE6tlYUMngPDsalVUrwBjOVPh8xzxlJk8He0dmVlmqqYG1dvErfrG/PKzBcQ4scMbrQ22fVAIieFSXaB8E7nEd0t8nWlnZvHUkphmD88rRU0/itDhusjHPtwr201YLBG7kqB0W54ZcyHxG7KbbqstxAR7KBHjOM8ozXeFLkNyAphHTpntlk1Ee3Jyk8ZwoVHUCSMajupu2AUqUcnXhYpIc0jZdegOy1w3RGvGkZKAcpApm698boMDjHIDhS3d1FJwcoCpPBa01RqI22U8tD2FpIIcFQQVGkgEK0hqAWjKrGTRTPdwyHqktlXpd9DjhXTnxVMAcz/AOYo0tPHWMMcg54PcKvpqiSjnMEhOAcbpMo56Nalt7JM0Za7IGF2Kd7CO6PK0EZ9lCJLXcJU4BKW15NJaLtLFO3zbDZwPcLb09S2oaC0jC8qppzqA4Ww6fujWtETjwsc4pHX0eqUpYkawDHByiRS7gEJtO4TNyNwEi0tIOn91lZ2ovKJbTkZWU6x6WjuERrqKINqGDJxtqWpglDxjG6IHjPmbkKgLIbkeedI9SzUlR/D60lmDpw5ejRSiTGCMHuvP+semJoKg3ahGWE6iG8govSnVYePlarOpu254UMrzWX3V/T8Nwo/mo24mj3Dm8rOWO7vc35OudiRh0gnuvQqV0dTES0hzSNwVi+rump4Q+60mPIclreynKLyS3jWOFAqKZvJau2G8QV8TYpDpmaNLgfVWE0J7cIu0ElkxN2tcgc6ojbn1CqIZpaWdr2kjBW8qqfByG7YWZu1uYCZYm4DjggeqCyAqyv2j0/oXqOOqhFG52SG5bkrcMl4JC+cLRdKq01LXseQARjBXtHTHUkN2pmtkkHigfquddVno3aTUPG2RrGSazjhGa87KFE/fYKUx+toOFzbIYZ1Iy9kpsgI4RWkKCXZOEeOUYAKzD08omjB5Cr6yJ0EnjRtyD6KY13snnS4FrhkKA7VnAGkqRK3UDv3U2M5AKoJo57dUGRhzG45VxSTCVgcDs4JeCpLBIfyD6J8TtWxOE3SkwYOScN7lCKDpJoc08FOQEGY3ymNJ4T0Nn1BTBAijVjNcZZjKkh3ZLA3yMo4fayGHw6mq5ICMAnIUqN/AR+oqIxaayId9/ZVkNRkjPK6FUhbWUP6it0V26erqGVgcJIzge/ZeM19A6s6eqKWZv8ANpHHSO+F7gyTYAjIPK836goRaOqSx7f9zuTSN+ASuzpLMvBxddp9yPFIpDT1Ae07g7r1roG6aXMaZPK8AELzPqa2Nt15ngidlhcXN9grroy4ujmEbpMFpXZxmPJ5/S3vT6jZ6PbagaxqbyOFaW6cywjV9Tdiqa01TaymaSfMBgqxoyY5wAcB2xWC+OD2VNu4m1XGw7KLTyO3jJ3CmygEBQJv5U4k7LE+zcmSH5Kg1zdUDh91Oa4OaT7KJO3WNPqqDZWROzTmEhPp/NDpJ3ygg4mdGdscLsD/APeDDjsm0ywzNb+iD1DSR1Nulhe3UCw7LwipaaSvfHghuTse26+hq2LUCCMg7YXh3WdF8tdXytbhuogr2XhtTiSifLvrTS7obyslfqdn1U6hOkghwBVYx+WjI4RoZcbZK9xTLcj4rqHsmb6leJadpzuAp9E8mHQ87g4Co7FN4jPCceQranJhqgzkOWlrB0tJqPtR2qj07KbRVbnQCGQ50jCDVs1DOFFp5PDfuVlur3Hf0mplCSaLR0hjcHNVzRTiSMOJGVRahI0FSaKoLHBudlx9VTxk9n4zWfd9xoI3nOxUuM4H3VfA8PZkKXGTkYK48o47PW1WZWQzXHIGdkUEY5QNQTQTlU0aVLPZIzlNf9JSacjKT/pKoZkhT5yD6IeSUeo3aWgKMNioxFgQ8KO8asgnZHyMKM/kqIS3gg0mGvlYDsDsMp7s8ZQsCOpeRtqCKeUYpvJX1zceYp9IRJGMkLtwZri1t/DyodBJmTw+FeDPJ4ZKl8sulRonATSDO7jlSahuDlVbJCa8jgOZshLJdU3yiQdlDe7LhhSqrJhx3UAAh2CUSWBdnBYxuzSvz+Sq5icEFTGZDMZUZ48xOUSM1hWu/wC1Mz7ok3KDPtXNxx2Rncphimzz/wCLf/zhaP8AEvH2/S37BesfGGTFniaPVeURcN+3+i73j/8AbPiP1tPd5H/odd9J+yijJcpU/wBCixcrTJcnlY9BmnbK7krg4KS0R6JhMO1OJ2+6a1J7c4Tl0LGuJ7FDBOV0jAwkdkt9kHZ8uVFlkyiPlxkY5UNxzuFlvY2CHglzgrOAYaFXQjLgrRg/lpdayS07Lyoz+ESQ4Kjvcn5FYyMG7tlNhGGtUSMZICnNGGgIQbHg6mMJJ4T0amj82cKYBk+CRSRA42U4YiG6BGwNG2yVRIW4B3TYvBmlmTwcy6ecMA+yvoIxFGGYxgKttUGXGdw24GVbsBzlGeg8bp9r3MNFyDhXdJEGQgnk7qrpotb2t9VaVTvl4AfQKHpE1WskK6VsbWGIHJKrYAS3U4cpsp8WUv4yiOeImg9gEe3jJltu5yRLvXsoaKR4d5iMBeeSSvqJ3SE5zwrLqe7srJzBATpadz2VZTMzys85Z4OFq7HZZyGLQG5TYwSUpOyLEAcKkjG3tJETdgu1DsMT2ANbuo07wfKil0IzuZFlySE4cJo3clIQAs8ux8Y5GTO32K5GMJmfPhFA2Qdsa17H5B5OFXucXVRHZHqH6GEjlR2gCLxnDdLmGng5NJjDGt39F6t8OOmhHSMqJo8vlId+SwXRlq/i11D3t1NjX0P0tZ2xwsj0howB9khrcz3P0x41R/8AmbFz6NFbKYU1MHEdth7KvvdUDEIQN3HZW9a9tJAd9mjAVJS0Yra0SzuLj29AFogj2luZE2y0IbE3Ld3brSwQiNoGMfZApKUQgHHGwUzILTsnp4F1UZeWdIaAeMoRPKTjg8oZII3KpvB0a4ekJrHTPDB3WgtlG1jBkbqstdPqm8QjOFpKdoaM4XM1Wpf4I9D4/R4+9hhiNm6Bq1uwnzvzjCfBFk5XLk8HoFwuAtPEXEEhT2ANAAQoY8BSA0AZWZvJYVrw0ZwmTzgjYj9UCeYNGAoTpSdiSmVw3PDOd5HyMNNXww0tRnbZQpXnOVyV+DkqNNUN04OAPUruaTRvs+KfVX1eqoyjFjqmQAZyNgm2yirL7VtpKWPyn6n+ibaLRWdR1vgQtIpx9bjwvVLPZaKzUjaaljG3LjySu5TVtR+ffNed1Gtse1jOn+nKGxRjwYmulI87jvur5r9QyQoh5RmDGU7o8xNufYRdHK4kgACgjCWR6oeSlk+qgYQpoB9U13Y5XDUxMAdI4Nb3KuMchBl5j8TvjJRdFRvobZC2suI/4ecY/NZr4u/HKloC6x9IzCepOWOnB2GfQeyxHwz+Et460qxe7sC2lBLppZMnOew9VpglHlm2miMI/Lf/ANitsPTPUXxFvMlzurXVNVUFpx2jbvgL6O6J+Hdr6SpWyMiDql48ziOPsrnprpy39M0EdHSQjA3JPOVbudqCXdalwhV13ycR4QzABykSMIZJylk+qTnJkzyIk52KWSuJKBocSMcoZ3yuavdDMjR7oCDwe5Ka6o09kF8medsKHU18cecuxjuoQkz1LWDJ2Va+aWteIKUZzs444UWJ9Xd5/Dib5D+L2WpoKGKhhDGNGo8lE3ggC2WSOjjBe0PcdySrPSMAZ4XS4juotTViLDiON1SeSB3vEe5VRcLuJC6npzxyQhOnr7lVZadMeNj6qXS22Cnf4pbqcfXsiIV8FpfUMZJU5HOArCOkELQGjCl4zgBCqZRE3LlCHM7buVdV3IxyaIMOxsVHrK9z3aICfQqXbbOT/vFTuT9LfRTJCJFRVtfJrkBA/wAleUNDT0sTRoBcO5TnTQUbAwkALJdVdawUjDDB5j3IKPG4tLJd3rqmitEbnulA7AbbleXdQdWV13mI8ZwjGcAFVlfcZrjKZZXEjOQCeFGcMfkn11/sbGIMkuOSmJ52TFqSwWhIROUVCTB8EOLgQhHlLJ9UxQIKSMcoZ5SyfVDzlQM6kkuZGnWfp9UAKWTq4TgZwoFwvtstkRfU1AaewWEvfxHfK10NA12kHGo7ZUNENNKfRv6u7UFDE6Wqna3HAzysjeviNRU2W0gLyPRebV90rq+fxKmUu9B6IVNRz1btLGkkqHQr0cEszLO5dXXK6SOEkzmNPABVT4b6h+A4kn81prR0VNVHxJ2kBvYha+2dKW+jIc2BpcRuXDKg521Uf7Z55RdL1dXuIS777LVWvoiCINkqAM44AW0p6BrMYa0Y7AKQKbJG2FDLdrpy4RU0dmpKVuGxZ+6saelxgNaAFJbA1uMhFAawYAUMc7nPsGIWg5x+6foZ7LmlzjtsE9sZG5/zUEjHRcELgiz3UgtwMuCBPXUVIwySyjPohlLBEm+ghZgZIQJqiGnGZn6Qs3euu6alOmAavsVibt1jUVZcXTuwfwtKS7UjXTo52dnoVy6qt9JEfDf4jvQLE3XrWsqCWwhzBnglY+quji7Ic4Z91CdXHBJc79UuVm462m8fCPfZfVV7qqjIlkP6qtkrA0EgKomrSTjUQo5klmOlhOUreboaaMOi0dc3ZORn0UWor5jgZGECOiqpDqB2Kkfw4MAM5yhlPI77V2B+Ze45yujU/fTklSBHQM2ByUYPY3GiLAQOZe5L0QmUtRIR/LOFKits34gjfMVAbiJn/ogiaodkOkx7FA2wHJvhBYqCEf3pGyKYqBvPZRDPGwHxJgPfKizXagi5mBKpzRfxTfKLcTULdgwZS+Yaf7sZWcf1HQtyGnfsojupJQfJt6Ifliux0dJZI1/ikcswk6oa0ZOMLFSX2vfxLhRZbhWTDS+Y49iglcl0GtBPPJuHXKlad5Rt2yo779SM7j9ViNUhOfEd+qYWk8uygV+TQtDF/kbU9QUWO36qM7qKmGSNvzWR0n+pc0H1/ZU9QRaKtGoPUjMkNemG/Snj/NZsMAOUZqW75ehi0lRdG8TH8WPzTP4vN/V+6qU3BU+eXsGVFcOi4/i0vqP1TP4tMRsf3VaOU8AY4U+Z/oiriicK+oJJ8Q/qifPT95j+qrl3J9Sp8zL+OJNNQ8nPiH9V35qT/vD+qg5PqUsn1Kr5SfHEnfNSf94f1S+ak/7w/qoOp3qUtTv6j+qtW5KdUSybVSZ+o/qiCqfjn91XMLvUooJxyUakC60uCcal/Zw/VdFRLncqDqPqU9sulFuQr4kTvmX+qJ80/wDqVdrPqUTxPuryifGWDap/9QRBVuxgkKr8T7p+vBzuVOgJ1ZJ3jn+lFbUEnBAVe2TPZP8AECpWc4A2FmJWkZyP1TPGIKh+InCQFM+RAbGTfFd3Ce2odkBQtYXQ/vhFvK2stBUuwCR+6IJ2/iZkKtbOOEUSg9kOUC4uPRMNutNaCTE2OTHOFBqOl2BpdTyBx9Mp/ieyLDVOjO2f1V4K3zXKKWe0VkLdXhkj0woRBBwRghbFtfkYIJ+658tbql2t8LA487YyqnEOGpkvyMcktBV9Mh5dJSP47KnqKGppiRLGdu+EJqjfGRFSSSQjVyJJJJUQcmpJyLsptISSSSssSSSShAg5R8jRjKjpZPqoQMeVxJJQESSSShB6SSSgA9PHKE5FHKuKFsIOF1cB7LqIockkkoQSSSShBJJJKYIfrckuBwPBXV+QT9iiSSSUIJJJJQg5JJJQMSSSShBJJ6ShBJJJKEEkkkoQSSSShBJJJIRIkkklAJsekkkhbwCJJJJUQScw4cmpKAHKuniq4hHI37HuCqXx30dUaKqBwPok7FXqbV0EVbCWP2d2OOEYZVvOlhd2wvNusOo5625W+4WaJ2uxyudJn8W2Dj2W7nNRQRupa44jBwJFgeoLdLbLl/FaJjp6cnE8TR9TT3Rj60pHpPSfUtL1Ra2VkJDZQMSR9wVdj6XLxKx3mXpqvbcKCUPoKl+cDlmT9J+y9ot1XDcaNlZA4ESAEjPBVC7I4Ydhwd0QhsgwQCEIjJ9FyMlvfKgkqquGSim8wzG47H0R43bAg5U+eNk0Zje3IKpZRLb5fDky5jj5XIJFqWSza8EAOwR7rKXm2vslwfeKOMvpZwBNE38B/qAV+JC8bHGEdjWzxGGdoc1wwQe4VxeOQmiroqxxYyrpn62EZ27hXdLURztD2fmPRZh0bun7u2ma0/w6pGR38MlXEcbrfL47DrhkGfLuPutVVhnsryXTX5GCQF498ZfhEy+xv6j6chbHWsBdPE0bSj1A9V6q2ojnAdE7ZPLtQAK7Gg19mitVtTwznW0Z4PiSkmkcHU82dTDgg/6qZTVclE4jGqI8tK9n+MHwkZV+J1P01Bpqt3VELBgPx+Ie68OFR5RqG/BC+0eG8rX5CtWV9nJ1Olx0Cvtgir4zcrYABjL4x/0WQeNJLXDcHGCtvDPJTuE8Byw/Wz1UK52eluTjVUD2xTYyWu2GV67S6v8A5meF8z4pYdlff6Mg/DvK5mR6FVVZThji6MbFW0rZaeV0FRGWyNOCEGSMPbwuxXYmjwGs0yl9k1yZ8yvjf6KXT1QdjUu1dIM5AUAxuY7IH7pzZwbVKp49FhV0kFdCQ4b42KzlVRSU+cDICvKWqLdijTNhnhI0jJQygmIc4voy7ctzkIyPV0EgOWN2HKijUw6SFmnBxFBl0HsmjddQBBAV1CHKICMKEOpJJKEHpJJKEGJ6YnqEEkkkgAGHhRi12TspK5gKFg8FJG0jHCCeVC08nC0E5ITXNAGQE9JQvABwwcBNwEZJAVkDgIJByjpYb/T+6GUdwJBmi1YW06D+KFX0q+K13LVUUHDAD5ox7eqyr4x6ILofQYP6rLqNHDUQ2zO34bz+r8FqFfpXh+/00fV1qu1Jd6OKtoZmyxSDIIP7KwadQXy/0h1xe+jp/wDdD4tK764HOxn7FfQvS3Vtq6rt8dfb5Rh4w5hd5mO9CvE63xluklxyv2fqb6P+t9F9TUqvKjalynwXrPHadUB8/wDT+FSKO4U9ZmInTI3ZzT6qMHYOQcLk1LTVREmTFN/U3bK5+Guz2sp7SfNTvO7P0QAdJIcN1FpbnNRTfLV5JadmvVmWw1UYdG4b8EKFSxJckJ7Q5Rp6VxALQpUsEsDsv3B4IXWnbCOFuwyXaeM1yU9VQRTRGKoga9pGC0jIXhvxH+BVNWMlufSjWw1Bc57oXnDHH2I4/RfQ89PkccqsmpiDsMLo6fVSj0eX8x4LT6+v47VwfCFXT3C1VL6K4UjqeaNxa+N/IIRaerLCHDYr6366+HXT/WdCaW5Uwjmzlk7GjU37+oXzP198MOpugarFREKqgc4tjqoyS37HZdzT6xT4kfFPOfSF2gnvq+6H/oV9NdMkNldjKtI5YZWgscCsc2ZwwHDcqbTV74DqaMj0yunC72eIu06j0aTR7IWSx2cZUekusEwDXu0P9+FPwHbjdaoWbjE4T6D0lxkgOBt6q2p65tX5XPAKoAwdtlyKZ8D9bTuVoTyJlVu6NDUUoIyByqyamLdyE+C6P2EuSFP8SCpaNDmg+5Rg4lHspTFoI2wiNJapdTRPG4ACiPY5m2FCsh46h3fdHjmzthV7OUdh23ULwS8jGcoeoA8oWr3TiQe6hWEGL84826uLZeNm01Qdxs1xVAD6lMfkb5TITaYudUZG215wQnuwWnLgs1QXkxsEU51EcFWsdYJgNKa5KRllS49HauiZMCVnLlbtGdIWnM2BsOVDq42yDYcpVkE0Npm4mNkiMLwCETU17ccYVjcKLVlzW4wFVEPjdxwVklDDNsZpjvDcuOaHDGUVrw9uMIfhEDJQtBvgAQWuwU/nddADsghDLhFKIpDjPBUUsFFhaLlU2qqbUU8h58zexC9asl0prrSsnpZPMcBze7SvGQQMgHlTrHfqyx1QnhcS3PmbnYhNhbgxanTK1ZR9GWPqjwP90uIJDDgP9R7pnUPSDblI7qDpSqdSXPALRGfLN6hw/RZKy3uhv1K2aF7dZHmbncFaO03ua2P0PBdGO2ePsnKWTh3USrZM6e6tir6v+B3yD5C7Q5EkDj9QH4h91pwzHbCqblY+netYI55W+HOxuIZ4naXxu9yN1RUPUt16ZuLLD1oMMedNJXYw2Ye/oeE3DZkdMZc9NF51T0jbOrKD5WqHhTs3hnaPMw/6hecwydW/Da6COpp5nwRuyyXB8F7fU+i9iiIO43B3Ra6ho7xRuoLhCJIZAQQqCjqZZ2T5iLov4gUHU9OzU6NsxHmZnv7LZMczbDAvnXqD4eXzouT+OdIzz1MDXEyQZ/mMb7HuFqegfi/HWuFvu7wJ2YaC44yfQ+6gF+kjKO+jlHtDXeyJ4mk8Kvoq6GsiEkRBzyFJEjSFeTmf5JokyiB4KgeIc43RWSFxSyErJSyU1rhhdyFRDoJzuUQEYQE/JVrggRLI9UMn0KR34KvJAmR6pZHqh5Pqlk+qmSBEsj1THdt1xwPqpkgQkY5QyTlLJ9VxU3kh3JXEkshUQS7kpiShDrhkKor4HW94q4cmInMrBz91cIc7GvGHDIOxCtLLIV0NVHVRiWF2WlEaqWrpamxVfzNM0vo5D52DfQfVXEMjJo2ysILXDIIRSWCBBwVR9S9O09/oXQSNHjMBMT+7XK87FC07lUnjkOMmmeIyRVNtqpLZcmaZmZBBGzm+vuqmOsrug7qy+WmJ81sldqrqNp7nl7fRew9ZdJwdQ0fixgMq4RmOQcn2K82pXTN1Udwg0ysJaWnumOW46FVqfEuj0iy3u3363x3O2TNlhkGduWn0PorVrwfT9V4ZR3Wp+GN1/iMBe/p2qcBU07d/Df2IH6r2S2VUFxoYrlSTNkp5m6mOac5VibNPs+5dE/I9Vx5Gk5Uck55K5k+qYJbGSta8FpGQVUV1MYjs3U0q6QpohI3STj8lCR7MdU09VR1XztO46PxNU4zsq4dTXYP+RUm4RmlLmyjynj3VSGvpyZIzlhOSPZGMTwUXWlg/i9pkMbR48OZIz74Xl7AHtw8Ye3yuB7Ecr3IuD8O7ei896/sMNumffaWPTE8AytaO/rhU1lHR0eox9jKHp+6stdeynqA51NO4ZbnYFZ3rvpY2aq/jFE/VTTebyjg+vsrgwR1UALe4y0jsVb2SshvFJV9MXCMF2gFuo/V7j3XN1em3Lg9j4HzD8fqE5fi+zH9PXZtzg+TqSHEN8pPcItVRvo35GTHnY+izt3ttd0jeX0UhLQ06o3DjGdgtXQ1TbrbwXYLsbry+p0+18H3LxPl4amK54ZyTwLnSeBUMBI4d3Huq+019Rbqw0MzyWA4GUUiSjlB3wP3Q73CKiFlfTDDo9nAcrC1sZ6Dcsbo9mguFM2rpi3k4yF53ebe6jmP9JK2nT1zdVRfLzOyQPLn0QOobT80x2gbgZCJcga2uGpo3x7MAdwR7KHI0YUyoDoHOjeNwcFQnglGzxt69EGcb7KHK0nsrGZoPKhSgZ2V4ORqERU9pwFwgasYXAcKGSMuSbTSnOFZwSYwVRxuwdhyrOmkGBlLaOppLXnBpLXUFpA9VIvdOZ4fFDeAquhnEZBx7rTRhtXR7jsks9RW1ZXsMU0FrtJG4U+hmLZGkHCBcoPlqgsxjKjFxPBwoZMuqzBs6acSAPBCmhweM4yVmrTXAkQErRQObp0k8qHSqsJVHVaJPDfsDwrxjssxqBWamDoT4mFa22oZOxuH7jYhRrPB1Kbf2TiCd10B3psibYzhcJGOEnZk6CeVkc05ac+ijvG6MGEFNlbgbIcBEYkhwwp1NMSAFD7lJkuDwqJXPay8gnJwhV9MJ/wCczZwG6jwS5xlS2P1DjKE2xnu5B0s7w0RSHPpnkJ9RDw4IFZF/xIyQfZPpqh0sXhyOGWpMo5GKa9nGZYQfRWFHVvgIx2UFzd8+qReWuBAWWccj6ZqDyemdPXumnibGTh523PdX749TQvKrRcBTytztvlei2iudV05DnZ0gYPssM4NM9HpNTGyPAcl1LIHkZb7KYMStD4yCEEs1A6twVHpJXU074pPocdvZJbwb+yxibHIHQTtBa8YIPdeddY9KVFmqv4pa2nQTqc0L0WaNw0ysHHdSHMp7nSupahoOoYVIVbXujweedLdVF4ax78ObsWkrdwSR3KAjyuaRuD3XmfVHTU3TlV49OC1pdkEcFWXTHU7mlrXvw4cj1TFhmVZXDOdTWB1krm3Wjy1gOS0K3tVwguFOHagXY39loddFe6Qxva1wcN89isBX0dX0rcfFja4073fkrGpl/WU4OwH7qlrKU6SMDBWjo5Y7jStqY8YI3GdwotXSZ4AVPlFtKZg6+hELtt/dWPS/UH8Nq2NlOADjOVPuFCHn6QsvXQPppiwN/NZ5rJnk3TNSR9B2mvjr6dsrCN2g8qyEvh4GF5N8P+qBAxlLUvO3lySvT4JhONuDwVzbq8nX096tjkntkDhldaSDyorAQfqR2uG+SsMq8M3RkkTopMDtujk6uCqxrzGR3UmOTUN0vDD5bD1EQnidG7uFXUUstuqTDMCY3bA+inmYeiiXCn+bi0tGHDcIMAl5HIHDIIIKe7cKgstfK1xoak+Zgy3PcK8a/wBkOARmotcjsIxnI3QnN2znhDY85wUBRLPCAeT90YHLUE8n7oAToPZFZwgg4KICCMZRkIV3hbNSOaN1i4X6J3Rn8Jwt1M3BwdwsdfaMUlYZg3yybjC0UzISI3jCz/XlrNfZXVMTczUp1tI9lcUnmaDnIU1scc0T6eQZbI0jddTT2bZpmTUQUoM+eeraVtbb4rpEwa2gCQj91mLXVGlq45QdiRlejXa1igrLl03IzA80kee4XmEjfAnfFjdpXo6rVNHiNXF1X7z3Ppq5gwxOa7IcBlaslwLXt7bryToS4vngMJdvGvVbVUNqqcB272jH3S9RDKPS6DUqcEy7jeJIdTTyFBrYXOZlvITqCQaXRO2IKlOZrGPVcqXZ3IS3IrqOfUwMecObsUZzdXdQHF1NUljh+JTQfEZsd0LGFNVxmKtaezkwu8OsbJ/UpN2jcYg9o3acgqDNmanbM36mEI4vDEzWUWMuHjOOF5p8QbY06qhkQw4HK9Lp8TRgjfIWe6ttoqqKQadwCQu3oL/jkpHnPN6OGq08kzwqJ51Pid9TUWElr8+nZR6nMVa8DbDiE5kzdRX0jRXboKR+bfI1bL5R/Rren6ombGQMLT4xKx45CwtknEc+ScLaQv1tDwcrp53IXpZYlgnTPMsRLOcKsbIQ7YKwpt3YPoodXF4MxIGxS5I7VVjSJdNMcAHdSmOIcCFVwP0424VgyUOAAC5+ojk7uh1jTSZdUVUcAHBVkyXIzjlZykk0vByVd07wQNlw76cdH0Dx+p+WHZNa455RsYAUdnZSCQAFjxhnZhLIkksgJKx+W0DeNjlQXZDirJ+Pw+igVAw3I9ULFTlg4SQCo7xjKK14cOUJ3dEomac88ECqyHhwRdi3GRum1rcxnHOUPOWgA9kS7AFUf3LxnkKlpnmOoacd1bPBIOT2VVVFsB8THc8JkkZ5vks5CHtP2VRNmOrhcB2wVZ0rjNFlVVyeYKpgcNgULWOSs8FjKMgKr8X/AHhwxsrQOD4w4cEKlmdond91UnkXJ5LKMgsUKqPm2KNActacoFX/AHzvsrQmx8FdU/8AaYj6p8m4TKn/ALTEnS/SnxWTDJnm/wAYSDa4wDvleVwg+X7f6L074uuApqZpPJOV5tEAWtx6LuaD/bPh/wBYy3+Sf+AdTs3CjxotUdwEyPgLX2zzkUkESSSTEUFZ3Ti/IxhNj7ru2OUxC5dgnblcP0ldPKTtmoJMiAv7/ZRCRnGVIcRkoQ5ysNs8vBojwgtMDnhWI+hQ6UDI2Uz8KKt4Qqx5Bu5KDnLk9wwcrrW5dlFNNAZwgkbMbkIyTG7cp2n3VJCm8jADlTqceUHCjMYCeFNgGGhPjwBYGacZKBGXz1Hrvhdmdjb1U23QxsjEhbkn1Vp5GaWl2TTJtOxzWtYrCMDSD6oEbRgKTA3xHBgKYerpq29FjbWAykkcKPeqzXIIGHjlSzNHS02pjcEKke4ySOlcclyNRHXTaW07Cz1VL1NdTRxeBG4ZI3VrPUfLxGT0XnfUFxdV1rsnIBKC6ahHBzLrHtwQmOdNIXAcncqawBowOyHRw6Y9ThglHIycLKsvlnMteRNbkqQxmSFxgyjtbtlPSETfoTtm8qvlkJcpNTIAdKiNal2MqMfY5qBUOIwAUZxA2QZN0iUscD4L9jGAl2yOW4YmRjAGQnyPw3CHKGbcvBCny52OwXGN+YlbSs31bJ058KN0mFovh9Y33G4sqnwlzM4GyROWODpaDRT1F0a0eg/DzpU0MEWuIBxC9eoKRtJEM8qp6dtoiY15ZgNGAravmLIjGOXIUn2fWNLp46atQiQrjO6rqRAw5Y0/qVb2yhZCxri3c7kqvtdL4kniubkDur+NgwAOE6MtpojDPZIY0aeNk3b1S2aCCd0LPumSnk01wwJ65DC6R4ASkIxlWNrpw9niFZ9RYoxydHR0fLYkWdBTxxxAhmFNH0oUbg1oGnhP0lxG+FxrbcvJ6qqtVR2oTQ5zx6KyposAHCBTw7tLgrFuljQPRY7J56Ht4EPKMlBnqNgAQuVE4OwGFAfINzlSiudr+052v1q01bbeAs8hcQcoBeQMkoLqg5xjKBPOXYaBv6L0Wg0eOZo+F/WH1jGmLhGR2rqg3uAMZU2w9M1XUOZJQGU3qe6l9PdKOuc7ZrhH/JG5ae69DjpoIABC3Su1GCr6PgHlvM2eRfLAW220lrpWUtLGGho3d3Ks2N8o3UYDHdHj4Iymo4YVJJJQDA9JMSUBCpLje6rL71Db+n7fJcLi/REzlElkiTfROr7lRWuA1NbKGRgZ37r51+K/xvqLm6exWDTFBuDMw7keiyfxN+MV16xuRsVqkd8s5xaxreXewXpHwY+ArLX4XVXVpfJWud4sFLIP7vPd2+/bsnJbeTqVaaOmj813/YpfhL8EK28zx9R9VxOZT69QglGHyt7H2H6r6OoqSnoKVlHTtDImDACe3buk7chItsb4RhuvlfLcx/8AouEjC5nAwULJ1JL5FjjyuLuRp5Q3OGDujBG5C4cHumEnKa52ByoEOJx3UaSXSMpkk4zseFSXC7Bkpha4yO7AK0skJ9XdY6fIdg5HCg0VBV3eQOOprHHfbsnWawVtfUisr26WndoPYLaU0TKYYa0ABXKOCEeht0NBEI4279ypDnNaNROyU0vhgkjYclU1TWT1zhTUeRn6neiXKLITay6QtBbGdTuMBCpqaWqAdU7Z3AUmgtENM7xnt1SHnPqrDQ3OQMKiEaKmbC3DRsUiA0ZJwEfYKmu98p6HUxvncO2d0ZAtfdaaijLy4OOOMqiZLXXt5fvGxNt9tqblUfNVTTh30t9FoxFSUNLpwBp/dUQj2+1xUrhJNpeQNh7qRU1QiaRqAwoFRco4Rl7seiwF+6knqZnwwyHHGQUca3LktLJP6i6tw407X59wsNVSmomdISdyiTZecuOT3QtPutEYbR0Yg0UjK6cDfKEZMgghO6LOJh4SJG6GSc8ohkI5GvOShp2cJh4RjBqak44KGSByVC0s9Bj6IeOyorx1jarW1zdZklb+ALA3zr+7XJ+mHEDP8OxKhqr0srD0O69V2q1BzKiX+Y3lqwV6+I9XUaqe3ucyPOxKyk1RNWP1zSF7j6nKLRWuprJmxwsO/JwodCrTwq5mMqK2rrXF9TM95PqcrlJQ1FS4CJhP5LZ2vok6h8wRjncLV0Fjo6IARQtzjc4UCsuhWsQMVa+ipn6H1WBnfGOy19t6ft9CQ9kLS7HJCthEAQCEbw2gDChz7L5yfYFkTW7BoCI2Jo4C74gHZcDZJNgw7n0UEbmxwAbwuNmB7KRHQSOGqQ6W+5TgaGDbIJ9ULeAZNgXRSyEaAnMhI+op5qmn+4OAoVZdKeljL55gw9lRIxcuid5Y8Z4QKq40dMAROAfdYe99fxwyGGnl1HHPosVcr/W1hJdM4A8YKGdqibKNFOz8kb68fEBkUphaQQO+VhLp1TV1r3B0rtOdsFZ6qqmkkl2ThQXVmFnlejr6fQVw5LWStL8kncqBJKMk5UVs0kjvKE/wny4JBCz2W5ZthBQ4Q185OyG5xPdHFO3BLiAPuhuqLZTDU+Tf7pLtSHKD9HGQtcQXtLlJGsNAigGVXTdQ0MAxC0vPYBQp+p6oD+THgH1QS1EUNjRZLpGhiFYT536R6Lkz6doxUThoWSlv1xmOdeMKA99RUEukkcc+pSnqBq0efyNi+6WSmdkyaio1T1ZRwtzS5cfTCywpjnJOU7wGuxwEuV8n+I3+HCPfJbVHVtVM0MjZo9TlQnXWulJzOd1GdG0fSAE0AjhKds5dsbGquHSHumqHnMjyfzQzqPdFw07JeHnhpVqUmW3FPgGxoCdgeieKepcfLGT+Skx2qslxpYr5YbsjEiPGUm49VZtsVafqbgIrOnnDd7VMAPUQRUpK9bZaccogtlK0ZxwijHJS1MX0Z4Ensn6PZX5oqVowW7BM8K3jkYUlHAHzt+ijDMnGEQQOG+nZW5ZbwCW8oQfHnYDAVqKYfysrhA8/hT/liRnH7qYainAxkIJnBJwArcAZSbAeCfRLwT6Ihlx2S8f/AApeChnh+65p90QHV7YXRgd0STYYHBSwUfATXAYRYIJIbIbmELmMINpWR4lx+FOEuT9PKHp91xuxRNcF9hgARlPwExuwCIl5YBzJHIRENyIjTZBySWQlkI5SwAGXQTnlMDx3KWtvqgA7DDPOV3LvX9kzISyFeSto8TkHhEEvbCBlvquB2OyPAMoJExr87orXgDBKhImSrUmgGskrWiCQEbqGHogenKYnb+iU17s8o7XgYOf3UDU3sU5rt/VRSyC6y2pq10bh6einCajmGJ42kHvhZ8S4x7IgnwMaiqB2tdFlW9O0VW3XT4aT6Kirum6yly5oLh9lYxVsrBhrzgK2pL1G9ojqmhw91CRssqfZg5IZYjh7CExej1FttVzZlmlrj2KoLp03JTgvjjJH2QyjuNEdSnxIzKSleAQcY2XDHjsoMjJT5RGSR9JXMFQPAFJE0+64dlBmRJLun3S0+6hMnEsFdHKeAMKEOpJJKAiT0xPUIOPCcBnuhHhOBwjM8gjCcgdkUcILPqCKCMKADkkklAxJyanKIgkkkk5Ih+sbHOBGVLaARyo8sYGCEopeGlfjs/Y+MkhJcByuqAiSSSUIJOTU5QtCSSSUCEkkkoQekkkoQSSSShBJJJKEEkkkhEiSSSUEzTEkkkgBHpJJKBiSHKSShAgIwuggHKFkpZKMvISqpIKyMxTtDmkELIXC3S2qoLJGB1M4eV2M4C2TXJSxwzMMcrGvaeQ4ZRFRk0eH9YdFV8TTd+mx8zCcumpB3/xD0Vx8Per3UBZFXhwgmAaCfwnsVsLhbJrTM6WmBdTyZy0b6c/6KifaqCZ/h6APEydQHCgxfd2eihwI1Dg8Lmn3WasFdVU8rrTXSFwYMwvcdyPTK0se42UFzWDiHUUrKuMxvG3+SJjC6DhCCngz8bzSTmnmJwD5SVZseCBsiXChZWxFpGHDcEcgqnpap9PL8lU/XwwnuoEnuLeqo4bjTmGYDjZ3oqi3ST0kj7RWjJaCY3k7OaraCQ43G6DX29tbCS3yzNGWOPZGngFxBmCSm/nRnLe4UpkgmYHMP3Ci224icfJVTdE8Y0kH8XuESoY6lf40Iy08hPrlgTZWmSh5tivF/i38HRUmbqXp2LFUcvqYWjyye4HYr2SnnbK3U38x6KSMObghdzxvk7dDarKzBbSmfEMGppyOD2RhjOoDBXtnxb+EbHPm6i6Zp/5r/PNTMGzj3cPReHvkLNsb+i+veH8xX5CtTg/u9o4ur0vtEe62mC5sySGTDh4HP3WSqKWaildFMzDmnnsVtGuJ5Uato4ayIxytyTwfRew0erfUmeI8v4KGpTthxJGGlAkyAOygy0/Oy0tdZjSY0Ny091WzUTgM4XcrtjNcHzjX+PspzGxYKJ8RB1ALsMjjsVLqIMdsKKWEZKeeetq+MKWgtKraii1ZcAprHkEZCKXNcNlJwUjM28lDITE7BHKTXahlWs9FFPuRuFAlpvDJACyypwFGWQa6D2XEhylNYHhBwurgIwlkKEOpJJKEEkkkoQSSSShBJJJKEEeFGLXZOykrmAgBB4KSNpGOEIg5ULTycSSSULApIya/6SoDgCuFoXTykhkskAuYNlLs14uXTtwZc7VLpkbs5vZ7fQhBIymuZkYWa6iFnE1lGvRay7QXK+iTUl0fQHQ/xCoOp6JjHObHWsH82Eu3b/1WzZNntyvkqN09PK2aCV8cjTlr2uwR+a9l6C+KFNXQxWq+yhlW0YbITgSAevuvKeR8S4N2U9fo/RX0Z/4jVeUxpfIfbZ+/TPVP5c7dErA5vugMbU20l9C7VGd/DcePsuRzbDHdFacrhNNcM+tqcbFmDJ1HcYLgzS4AO7tK5LTPidloy1QTTMkOpvkd/U3Yp8N0NHJ4Fwf5DsHIdpbWSTr1DB57oMkAkHopuiCpb4lPI1wPcFAILHFrhhHGW0VZVGa5KuppDnyhVtwoYauI09VAyWJ4w5kjQ5pHuCtIQCDkKJPThx2aFspvwzj6rx8VzFHzh8R/7PLHeNeuinFkh3dRufsf+X/5fReGVdPX2qpdR3KmkhkacEPbgL71kpnNxthZLrL4bdOdaweFdqUNeAcSx4a78z3XWp1jXZ80899FU6lys0/2y/R8btla7gq2orrJE1sb8OA4OVouuvgv1F0UXVtNIK+26iBLG0gs9isOyXTgE/uupRqdx8n1ni9Ro5bL4tGsp6mGYeV43RXtBwSVl45nA5Y7BVnR3N7HBsp29V0oXZ7OZOraWTwW4HKNBMWYI5TY5aapYBHJl/AC66B3GVo3Iw2c8MnsuGQGzuTpDBI3LH5yqpuSdzwjNJGCCryKcMBjH5tkhsmiTthdG6JSyTB3JSyUkkRQ/OFxNSUId043UmnuD4XAdh2UfITSAe6tPALjkvoa9kjRvuUR8vqs6yR8Zy0qbT1moYldwr+RsTKrBYSMa4EkdlU1lHlxIbyrJkrTsDnK65rXZygnhlxk4vkzr43wvA0omz24wrGspmnOlqgRxmInIzlJwad+SO6NzTshyNBGcZVg5rXtJx2UR8Zz6IZRwWpZIheWkDCIcFvK7IwHgIektKEPbkl2i6Vtmq21VHIWuB4J2K9f6b6lo+oaUEOayoaPOz3XizTyPVSbXcKu1VbaukkLXN535CZCbizHqNMrej3ynnqKOQSU0pYQc4B2K1dPdrL1HS/w29U7NxpIlYHsd+q8u6V6pgvsQa94ZO0btJ5WnZkHJA+63VzU0ee1FM6p88Fmymvnw+JZG2W6WEuB8z8zUwP4uDlq2NvrqavpmVVJI2SN4yCCs9aOo5aRrY6rLm8avRHqenmir/jfQ9TTUrnAulo8nwZnHkgbAORmVrKy+zUsOo7jhY/rX4WWbql5rrVi33UbxzRDBcf8WFcWq/Q1Ez6G5N+Ur4TpkgdyHe3srxpI3wfuqYEbZUyzE8c6d686i6Cun8E6yic1mkNFRvokHYg917bZeoKO6UsdVSyh7JACCDlVV7sNs6kt0luu1OJYpBjgZC8mu/S3WvworBdemPGuVkecS05J1Rj1z/6Kn0MVcNZzHiX/AJM+hWS69wjNd7LzXoH4rWLqunZCJmw1bdnQvduPz7r0GOcEbhLfZgsqnVLZNckxs7uEZsmQFB8QE4Tg45VAYwTw4JwfnsoQcdtypLJAR9lCgmcpZyh5CWQqIGyPVLI9ULV7pavdQgVJMyF1QgkkxJQg9NyVxPUIJJJJQgkkklCAJWNkbpcAQdiCs/OypsNT4kYdJQyHdo3MZ/6LSKPIGyDS4Ajgg901kIcdWyojEsLgWu4IRNYwT/qqipp3WSo8eEk0Uh80Y/A49/spjZmytDmHY7hTgslNlydgsp1l0k65wuuVrcI66MZz2ctKO6IJFXQ6qW18ni0fhXKKW3XKmxkGOVjxsT6hVVlvl0+F90EFQZKnp+ofvk5MGfReodW9KMrM3K2sDKhoy5o4csY6Onu0Elur4AdtL2OCucc8rs2RtWNr6PRqWvpLhGypoJ2zwSNDmvadiCpAOV45ZLncfhpXimmc+osFQ4Bg5NOT/ovWaW40twpYquilbJFK3U1zTthSMm+GZrqtnMeUSEwkBInIyhknPKcBgHUxR1MZZI37FZ2op5KWQxuB0E7FaVRqynirIvDeMc4KpPJa/SKIMA3GMH3Ue40ENxpZKOoaHMkaW4PunPEtHP8ALVGQCfK71UnSMBMGwk63lHjFXQTdMXR9nrm+QnVC/tpJ2CZV0zwRW0bzHNHu1wOPyXpXWXTf+0NvHghoq4DqjcR9Q/pXmtFVPcDTzNPkOl7TsdkqUdywdaixTSbC3iipevOnXvmiaLlRNPhvHOe/+S81st2qbXVGGVxBY7S4H2XoU8ktmnZX0WQC7D29iFT/ABF6eFYYuqbPTgtmA+ZDew/q/L/VcjW6PdHcj330t5uOkt+G98PomTRtr6Zs8eDkZ2UWiqmxuNPM3ynYgqj6YvUsEopZZNUbuAey0FdCxx+YjZg98LzVteWfadJrPkgm/ZS1LpLNcg5udBdqH2K1tLUxXGmbI3GdOeVTVFNFc6PS8Ze0YB7qu6cub7fVGhnPBwMrNFuLwdKuxJ7X0N6vszRH85DHgg+bCxzmYB3XsF1o4qykOluQ9uV5ddqB9vqXQu9cj7JyZx/L6ONS+SPsp5R6KFOFYSbqJLtumcM8nbHKK+QYSRJhvso5OFDnyW1j2cqbTuwRuFCAweUaB2CCga4NWmltfJeUj+G55Wus8oLGw5G45WGppcELSWyoIALT2SWem0F2WH6joWPj8Vo3Hos3o7HZbmogbV0/h4zssjXUj4ZdGOEs1aylr/UQKjmME4etLR3AnDiFlHnQVPtta6N2h5yOygim5x7NiXCenyeUygmNPMfdRqGqDhjsi1sQwJGDnlQ6ld+Fk0lNOZWhzRnKlNdntwqOxV8Jb4Ehw7sSrxpztjGFGdam5WQyh+3ZBcwnJTgTlOI8qXg0Mhv5TTthPk5Q3bISuuSRBIWkBWMcuWgYVMyTB4U6CTICAdXPLJ7mh452VbOHwS6mHAzlWDCNJ33IUWZmeQgayPlJ9hIqkPaDtnunk5VectcPLjHupTJmkBLdeQoXPpklr9LgMLYdNXgQytY92Bp0rGatRCl0FWY5hq2WO6s6el1PxyyewwvjnjD4znKDUR48+N1S9O3mJzRDIfbladzWSxhzMLnzjyepqnvipEWgrsf7rUu54KkOJicHMHuoFXTOx4jG7hSqGrjqGNjk2e0YOUlsdnjBMqqKmvdC6mqo2uyNs9ivKL/07WdPVZliDvCzkFerMc+mfnPlJRrpbaS/0JjexpcAopYZnsqz0eb9O9ROa5oL8OHI9Vr6unpL/Qljg0ktXnd+stT0/W9wwnyuVx091A5jmgv37hHkz4a7I8NTVdK3AwVUjvl3uw0njC1gY2qiEjDlrhkH2Xb1Z6W/2/JYCXNyMeqyfTV7nsle+z3KQmIO0sc7lqNPJalh4Lqso9+P3WeuNtY9+S3PstxWQMkxIxuzh+SpK6hc7cAIGslzhvRg2yS26qIaSAHbL1PojqOergbDPICW7NJO+PRefXm3Pc4yMbuNio1iu8torQ55doOxHp7rJZDJKpOo+iGnLd+4XYydX1cLPdP3yOupmNMurIGDlXh83HZYboYZ1arVNEzAdjBynMdpwoscmk4zlSHDWAQcLNhGuMuA7SCR5kcAY5UAHB3KM1+3JSsILGSLcaSRx+ZpyWubvsplpuoqWiCc6ZW7b911VVTE+lqvHjaccoMFGrBB3BCZ4ZAyP0UOgrIqhrXtd9x6KxLg5uMIZRABtk7YRAcoEjCxwJHl7lFaAeEos5JnbC7CTwVzGU5qpkOyN1KovdCKqjdgeZu4VzkKNUR62EfkUVbwymYmhkLHGF3IVixxz7+qgXGndRV2to2cVLgeHgOB5XSplkzy+7gyPxPtBZHTdQ0rB4kRDZSO4Xi/WVIY6hl1iaNMwGoAYGV9LXahjudBLRyDLXtI+xXhl+tpFPW2ydvnpySz7Lv6SfHJ5byml5bRl+lLo+kuDHF2lrtnD1XtFhrxqY4O8rgAV8+0czhOA3Yg4XrvRlxbLCxkj8ubstlq3Iy+J1Di9jPTYMa9YPdTRIQAQOFUUsgcGEFWzHAtBXNsjhnsapZRW3GIl/jY5K5SztLMZ45U+ohEkTmkZ2WfhkdDVeEc8pQ/JPuOHQHbsqaMhsToTycq+eWyN0nsqEYp68h+cE7K08AzWUSrXIWAwuPm9E6405mheCOQcqNSuMd5b/SRwrio0k/Tst2nngwXVqcXFnzh1lSCguE0jRy49vdZ+CpORsvUvihZGtjlrI4diNS8nYNPZfQfE6hWV4/R+ffqzx38TWSeO2XdDVOZu3lbywzmal1PG+y84opNJAPdbbp6q8RvgkYwF6Oto8hXL47EaeMkEH0Xapgli1Y3AQI3YIwjluYypJZOvCW4gN2cMFTITkYyocrfDdpKJDJpIyVmshuOhRY4lpE7BBHZW1FPnAOFSxvGnCl0bsOySuXqav0e18PrIwSTNExwxnKKXbY9FXxyOcAMqUx2y5Fsf0e1qtUlwF1nP2T2uQk8HYpKZpTyOJ9T2UKpzpwFJPKDOzW3CnYuxkJrznGU5Rg4+M5p20o+ctTYxyY5yBTDU3CgtJ1EKwJBJVa84qnNxsUWGLlLCOnhVNzz4RI7Eq1mcBjdV9bpfG5mM5UwxDkGsk+uDONwoXUUYB1hEsLhGDG48nZE6ii8Wke8BVkrcKll1UjNO40hVlS0+KcqVYHeJRNDt8bINyAbLsFCDqRzi3BOcLlQP5pPsmUUmXOB7J9SQXqxE1lFdVYEjHeie45GUOtYQ0PynjdjfcJ8TI+zyb4wzYZTMHqvPaUkjJW1+LlQDWRUm5cNwsPS8EHsu1oVis+F/Vrz5KQqvfT7JjUpjk8pNWuHZ53lIImtI1DdcJATG7uTAmskgcJuSut4XEYKjh5OjlckOy6OUGoeOyVa8IL2AcTqKG3OoLn4k9h82650pch/0k2myACVJk+lCgw1oKdJ9K0ViXywbtiixDYbIOMEqVHwCmskkkPSSXQMnCsUSIe2ymYDW5yo0LdO/onzuw3H5ohFizgDl81Q1rd91fUkekAAcKstMIkPjEbnYK6jbobjG6ZE9B47T7Ybgurw24xkqbbY9vFKgM1TSgY2VmB4MYACcuztQlgVdL5dIKq3ShueEaqn33VXVz6IzKfwom9iyzBqbszaK3qa6tih+XY4B5Cx0bXVM+t24ByfdFvFU+sqXHVnJRqNgZEBj7rFOfyzwc+2YcEacALiScz6grxgxN5YZgJKNI7SwBchYSModU7AwETAissh1Dy54TmfSEM5LkTOGpUuRq4QKQkEAFDjJLt0pOSnsGMrPjLJnkIMYGyEXeJKGN4HKe92nb1TJC2khMr93uzpCXbLabdLU5y3egLmGuqmUdONRc4N/Ne7fD3pr5Omh/k+bAz7LzX4Z9Ny11c2vnj2O7R6br6KsFvbSQNw3ss6lvZ9C8FoFXH5posWRthYGNbgAKuDjX1RY36W7I9zqHDFPE7cjLiFLttFHDGDjLjuSVpS4PUx56JdLRiniAA37o8bcnGV0cLjiAEQ9RE8kd0J7tIyd1wu35Q3kFw3VN4HwfoPTh9RO2MDkrVUlP4bGgMAwFUWOkIJme3bgK71YH2XJ1N+57T0njtPsipMfho9AnU7S9+cKOMvd3VtSQeGwOcN1zJ2Z4Ou3gNG0MaEKeTjBRJ3AYAUKR225V11Ozox6vVR08d0hksxPKiSzOxkDICU8w1YUOaWWeV1DQu1SP7+i9HoNJtjwj4h9a/WMKIuEZDzUnOlrdzwtV070s55bW1ZBed913pfpVsEbKq4DXI3cZG2VsImYPGAOy68IbT83eU8rPyNrskEjaGgNaAAPQKQMYG6EON04AphxvYRFQRwjJjDQkkkkJBx4XMbBOJABd2CzPX3xAsPw8sxu97l3dkQwg4dK4YyB+oUxki+57Y9k3qzrKydF2p92vVQ2OIAloJwXkdh+q+SOsevetfjFfhbLNQzGGZxEUEbs4A7k+6hGs64+PfVb6cSvEAGqKnY0+HE0H0zt/6L6o+GPwnsvw9tzDDHruEu80vILccBNTUDrxhV46tysadnpfoofg18B7J0DCLveWmsvsjQ7W45bB6aT+f+S9afIG4HJK5gAk+qGWnOSVUptnIv1VuolumE1Z3SzlcGySRgA6/PY4Qi0AfUE+SZreN1ELy4qwwpd7oRcdyuE+pQ3OA3KhAmtRaupDBpJxlDq66GmhdNM8NaO5WciNy6rnfT21pFP+KoHGPQFWkQfWXeern+SoGanu21ZWg6e6YFO/52vAfPgFvoFbWTpuitVMxhia+UDdxCttLceQDbbZVKRAI8ozgYCh1tyioojI879hnlVt96iMDhb7e0zVjzgRt9fdOtPTtRIGV96f4k7txGD5Wn7KZIMjhud+f8y7xqemHI41K+paCGjY1kYz6lGiBDdIPlHZGVt5IM8NuOEjpaMl2F2R7I26nnA9VUTVss8roKQEj+v0VEJNbVMGI4DqkI2Cp22ZoqTW1g3PPopXi09uY+apkBeB+apKy+T1jTFESGnuVCFnWXQQeSmI/JRPng/JqZcfdVwBYMk7+5WYvl7E7zS0zvp2c5MhBssJ1N1AZ5XU1GeNifZZkHOSUd+DuTugvcAFpjHA2MRh5TE0yNyhOcMcow0sji84O6Ce6TskkZQlBqgPyVxJce4M+rb7og1F9IZIDsmjSASXBUF/62s1nPhSPc+YbFgXnV/wCvrndHOhp3mCHsGbH9UZpp0s7ZYa4N9fetbPassbI6WZv4GrBXbr+7XN7mt0wsP9Gxwsq6R8r9T3lzncknJUymtVdW4+VhLsqHTroqo7QOed8z/EfIS49yj2+21FxnEcbDjucLVWboiOJzZ7i5shxkNHZaymoKanaGQQMbj0Cgq3UwjxAzNn6Iiif4lY0HHAWopKGClGiGBjWj0AU2KIu5CksjaO3ChjlfKXZGZAfTGUaIAZ/yRQzOw3Umnt0sxBcNihcsCJTyRMZ+ndHgoqubBMRa098I81TZbc13jSB0jMggKnrerqmdpgoiWRjjKHeRJyLZ8NJTDVVEfbKjVPUFNGNFJHuNuFl3zTzv1zzOd65KFU3mhomeZ+SPRTchkKJy6Lqor6mpbl8ha0b4zhV8t4t1JtPU7rI3PquWXLY/KMckrKV3UDMuMkms+mUl3pGyrx85v7kby49cva5zbeC0DbJ7rH3G+vnkL6qpccnOCdlm6i8VE5LadpAAUOKmq6l2qqJwkzv9HVq0Ma1ksq67QOJDGkn1Va+41tQdDOPRF+Wt8QJlkwR7oE16ooWFkUQcRxhZZ3nQrpfpBY6asmy5+APXK7/udP5qh427KnqL3USZ0nSD7qBJM+c5e8kpU7GaYafPDNDUXy10jMwNLnDsFVVHUdZPkRAMCrXMGdhlEhppCAQ3OUhycx0aK48se6trJj5pSFHk1PdqcSSeVOgttTJwzAKk/wAGkGPEPPoqacuwnOqt8FOGNHYJbeivBaaFg1SPwu+HbGds49kPxlfMn+JSNI40J5p5zjw4jkq48e3s4jGfsmfxJrCRHHt9larZPkn6RWst9wfzFsiiy1z/APh/uphujzwSPyTDcp3/AEuOPup8RN9j9YOs6bDmh0j2h3cZRhYqWIgOkB9VGM0zjkPcSfdcAq3/AFA4+6Yqogtz/ZPZbrSwZcckLo/ho2AGyh/LzO5aTn3T2W2VxzwrVeAHNdNk11bSRMw1rePRRhdoG7g4T/4RK/GTt9k9tiDsZiH33RbQJWQ9sjyXsnZsiD/E53g+Y4VtF06zYlgUqOwx5/ugjVZXzUpGbNZOT9RQ/GqSdnuWubYohjMQRRZ4QMCAIviB/l1roxpbXP3BOF1tHWS4DyQtoLWWjDYhj/lTv4c/jQP/ACoZU7hUtavRkG2icjc4Rm2WfGNYWp/h0n9H7Jfw+X0P6K40L+oFa6foywsUurdwKkixR48zR+qvjbZT2P6Jfw2b3RfFFdICWtnIpW2WlzuUZtmpDsrT+HS/0/su/wANm9ELrwD/AC5/srRYKQjZ4z91z/Zhh3A2VmKOccNIRGxVjfsrVaJ/Ln+yil6VmG7JeexCiv6ero98Ahatr5QMFpz3TxNwXDYK/iXpBx1c12YqW2VcY3i4UIxvBwWkY9l6G6WCTyjBzzshi3UMwIfEN+dkLrS9DVq/2efEY2ykBlbmq6Uoahn8rMbvUKun6LqI2FzJB7ZCXKP6Gw1db7ZmBtlEG6sKnp2vgbr0h49goL4pYjh7C0jsQlOPI53wn0wSS7j0KWChfA07rd6pa3eq5pXdPuoVkJkpZKSSgI/JSyVxJQgTJSHKGkmgBwRhODgEHJSyfVQEkgnO5RAdtyo6fkqC8JhCSMbojXISeDhWmWF1e6WSgtznkoo4TMoVgK1xBzlGY7uoqfkqwJRyTGVLm43I+xV1QX4Mb4U+JWY4d2WbGyKzYjZQVZWn2aKe32m5xn5Zwied8HsVQ19hqqXLjHlvZw4RI3HnJCtae7TRM8OYCVno5QGMpQ6Mn4WMgjdAdg5BGFtJqC13NuY8QyntwqCttFVRyFs0RaBwccqYHwv/AGUvhnO4XDGfRTzC0DcIOgoJJvoerQGClgouj2XMBRPIxSyMAOU8cJYC7lQMSYknqEGJJJKEHrun3QUUcoxTWAq6D2TWfSE4coQAg4XVwHsuoiCSSSURBJyanJiIfrOT2JygDIOVwE55Ri0EL8en7LxtHMk2wUYHKhnLSjxkbqk8lBkkklYoSSSShBySSSgYkkklCD0kklCCSSSUIJJJJQgkkklAZdCSSSUEsSSSSEAekkkhayQSSSSogkkkkZAq7kriSIAc5ocC1wBB7FZa+WKaAmsoQS3lzB2+y1S6McEZChaeDDUVbHVDwZyPEZwe4WnslaZAaadwJaPKT3Cqr90sHvNztIEczd3sHDwqq23XxX+DNmKVpxvscqBPk37ox2KFK3GO6j26tM0Yildl4Gx9VMeNs+iEEbG4DnuoN1tUVbHrYMPG4I5BUokkogaCBvuVCJ4KGhrJIZPlKwYe3YOPBVyA0gbjIQqyghqQXOZv6qupqiamlNJVZ0/gerbwFL7glzoXPe2tpsCWPcj+oItFWMqmaX4DhsQVKGHAEHIVTW00tJMaiHOknJAUjYAyRUxupH+NCMtP1NUqCdkzNbfzHomUsraqHD8E4USobLQSeJHuw8haI27RFkMstRg9l458Wfg9DV+L1D03F/Od5poWtyXu7uXrdPUMnj1sPPI9FJzqBA2XV0Hk7dFarK3wY7qN3B8SyweDsefuh87r334s/CiGpEvUFggwXeaeNoySe5XhTotBx/qvsfhvNV6+pSi+faOLqtH7RBqYhKzS5VFTbTKDowCtA9mRyoz4x/SvU6bVPtHmNf42vUrbNGNrrfLEcubt9lTzt0nheh1FNHUM8N4znv6LOXexyxs8WJocBzgLvabVp8SPm/mvp2ymLlWZgtz2TCXNUl8ZbnykYQSNR4XRUlJZR4m2l1cMdE72QqiEPXdQaQE8yAjJQPoUirmgc08IJBbyFbua1/ZRJoO7W4SJQyHGWSJkroJyk5pHZcGc7hL6HZTCDhdXARhLIQFnUkklCCSSSUIJJcyF1QgkkklRBLhAxldSQggyFxEIHKGeVAhJJJKEApIyShWBiaWpySBrIILA9F3GPM3Zw4PouJJMq88Bxck+Gbror4oVdmmhoL2/xaV3lM2caD22XtFBcqevgZU0r2vjkAIIK+WpBnC0PS/XN16bkjgEhkpcnUwnj7Lz/kPFbs21H2D6N/8AEO3Szho9e24+n/7n0pHJkA4TpGRTNLJmNcD2Kz3TXUlFe6Rk0MrSXAZ3V1I/cDJC8zZBw7P0LpNZTrYKymSaGxsltgM1EC9gO7CeysqWupblEHAhrjsQeQVCY7sTlRqmmY5wfHmN/wDU3ZKayaXJMt5ad8R9R6oIeDyFGo72+mAp61pJGwf6hWnykFWPGpZWlx3Lcqk3EvBEfA2QbeigzUqsZGSU5w9pCG4By013NGDU6SFnOOSnqbZDUQmKVmx9Oy8j65+A1ou4fV2YeBPucZwF7e6MkIPgDO7eFur1M4vKPO6/wdGrrdV0U0z4Xv3St76VqDT3amLCDjI3CrI58nGF9zXzpSy9Q07oLnTa2uHLcArwLr3+z5U0T3V/TDw5u7jHjchdrS6xS4mfIPN/Rd+lm56V7onkUFY6E6mjBIwrWjvzYgG1O4Cqq22VttkLKyLRtsexUQSZOMcLqwnu5R4PUaV1Tddqw0bbVRVkfiQHcjcDsguiLRwSPus3BXTU5HhnCuaS9MkAbUgfqnqfHJisokuiVq3IwiNeEo3084zCmS00g3Gf1TU89GfZ+woIPBC6og1RndHZJqGccoypRwdSTs5SyFATmSlkriShB6SYkoASo6h0ZAUyKcEBVmcbpCY/ooA45LZ2l45UOeEcgbrkNSXEByNqDlCdEMtLTg90yWIFoOFNlhDsHHCC5pbgAIGshRlyQS3BwUKWMYGFOlizuG4/NR3DYgpSjgfuILhpKKwgjCbI3OUBri0quiYyTaWqqKCoZU0sha5p9eV6r0h1nTXiNtLO9rKsDDWk/UvJIyHjddY6emmZPTvLHsOQ4HdaKrNrM2p00dTHEj6QhaHtw5uCPdTaSsnoHh9NI5nqGnGV510V15FcYWUNxeG1TRgOJwHL0Cnc2UBwO2FrjNM8zfp56eW2RrKWusvUUQpq5raesYP5Up5z7FSxFeLYGtrQKuHhskfOPdY7wDsWjB7FX9m6mnpIhS1wMjBtq9vQozFOO7o0kUjXjLd0XUdtzge6iMjidG2roH6mO3c3OcI7X+oUEbWnlGD64+Ddj6lnddrM7+EXP6vGgGkPPbUBysta/id1d8PbnD0/8Sbc6OH+7hq9RDXY9duV7a0+yDdLPbL9bpbXdaVtRBMMOY4nH6JRtr1W6Khesr/zHWe/W69Ukdbbahs0b25y08K0bJqGcLwW9/CXrT4fSSXz4bXmSWlYdRtzic/+EZ3Wm6G+N9hvzI7XfWyWu7DDTFOMBx+/b7IUS7Rbo/JQ8r/zPWA8dk/WeyhB+wJBCIJMgBG44Oc444Jer3T9bvVRWkkg5KLqAG5VNAhdbvVLW71QvqXCMI9hAwJyiA7blCSyVCBUkLISUIFSTMhLIUIPSTMhLIUIPSTMhLIUIFJGOUA8pZPqkoQbIxkjS17Q4EYIIWfnhntEvit1SUj3b9zHn/RaJDkiZIwxvaHNcMEHuqYSeCFC4PbqaQQQCCF2QbgqC+Oa0zYBLqZ52/we32U9jw/jvwqDQiDjlZHqfpkTk3K3DROzdzR+JbBAe0dioEmeYmKC6Ur6StYHAgte0jhUFurrl8Na8RzufP09K7c8mnJPP2XoPUvTLpc3S2+WpbvIwcPH29VQMlbV03hTsDhjS5rh+xUQ+E8LD6NpRV1NX0zKuklbLFIA5rmnIIRTwvMqSoreh6r5mnL5rPI4maM7mnz3H+Hn7L0ShuFLc6SOso5WyRSDIcDlG+i51pcroKeU1yRdvwuK0hSREutB85D5Ma2bj3VJDK8v8J4LXM2IK1Co7pRlk7aqEfUcOCcWpYGDY5Xn/wAR+mnseOo7PBh5P+8sbsNPd2PVb6HzjOMIroIqiCSmmYHMlaWkfdUx1VjhJfo8Va6O4URaCCS3KHaqia3TfI1RD6abylrtxupvU9jf0pd3vjcW0srssPI3/CVGqImV1OCBvjII5/JIsju4O1XY8po8/wCsLDL0xdg6KQPpZSTBIO57NPurix3H56m8GZ4JxsStGYI+qLI/pe5SCOqgIfE49/ReaxuqrXVPpZCWSQvLXA+oXnNZpNr3I+tfSvm43QULH9y4ZrMS0U2T9BP7Kpv9O6KaO4wbdzhWtLVxXOi8ufEYMOBP7qM8eJA+mlGewXFshsZ9JjdGcfs7L3pm8RXOk+XccPYOCVA6ysgq6b5qIYdHvss1Rz1FhuDZtzHnBx3C9DhqIbnSBzcFsjMpafo10/8AzVLqt7R4zM4sOkqJOzO4Wq6xsgopfmYI8NJw4BZZzy4cJno8brtNLTzcWiE8KNJyFLlB9FFkBynQ57ONbH9HANwis2AQxyiDhRpYKi8MkwSFpC0FpqiXYOOyzbdlYW2q8N+6yTWGdjQ3OE1k9ApHamkZzsq270AdG6UN3Cda60uxtyrWoiFRFhu2UB6xpX14MC9pzvsuMeY3gjdWNzpxHOWtbgBVjx2IUOFanCe0vLXX/SCRlaKN4lYASFgaerNPIH9gtXbqwTsD88qGvT25W1kuT/c5WysG2VqaGqbPTtkG5xus2+MTRkcpWqukpKjwi7y5xgqzr6ayNfDNenHhBhc17dbTsQjHhUdL8kmiNOPRRnDAU5wyVGmZpwlNZCksoi/8RTYHAFpyFDcnRHjJQAwntZcRyZATn/bKiwbAbqVkaRlUboS3LBEnbtkBR9bmlTngHOygyDshxgrolUtTnZylYGAW91TNcY3ZU6GqBABSbIbh9Nm1misle+KZrHu44K9FsFy8f+U53bZeSRynIcznkLUWG8Ohc0l+HLn3VnodFrH+Mj0p7c8BVc8T4ZPFYMb9lNtVygrY/MQHYRqinD8ABc+cXk7sZblkVvqWVbDFI4ahspEfjUkuWnb/ADWfnbNb5/FhBxnJCvaGvir4Q1xGobJTGLDH3e0UXUFE6OSMF2PzB9V5JeLPV9PV3hvBDCfI5exU+qCX2PZDvdlouoKJ1NUxtDsHQ/G4KqM9rM9kM9Hn3T/UsrA2F7+OxUnqix097phXULQ2pYMnHdZu72Wu6frDFK06Wnyu9Vb2K+8RyO3757rTCaaMuNrD9KdRPcP4PdiQ9nlY53I9itHV07XN2Gx7rG9R2t7Jf4rQ7g7kDkFW/SvVUVfG2hrHaZG7An/JE2g42JPazlfRYJdpWMvFA6GQyNbs44+y9QrKVrgcALMXS2eJlugEFInEuccxwiu6K6hFC8U9Q7bOB7L2C3V8NdTtdG8E49V891kMlFVOLcjByF6J0J1I2VjIXOGobYysVte4Ki1x4Z6W0nO5UmOTbCrxLqwQEaKcZAcFilDB163lZZIlzqGEWFxIBym5a4ZKYDg5S8D8liwggDIQ6iIPi0DG6BHLjCJnPdLCwQKNz6Ct0v2a/ZaaCbOBjZUVVTioj0kbjhdtNbKHfKzuyW8E84QzQEo5NIQHDB7qPqdHIW9l2N+MFOkw8Z07pOARBwK6gZIKeHcoCx2SuEkjCad1xRdlMoOoaCRwE/LR2VZQyZIb6LXVMTZoXRPGzgsUQ6hri3fQSQt1LxyZ7E10WzSc5JXm3xCtJpbs25saPBqWhj/uvQTJqIwqnqm3NuVnmiIy5g1N+662mucTnaqr5Y4Pm7qCi/hV5kZH/dv87fzWm6QuBbM3z4BwEHq6hM9C2YNBlgGHH2CoLHWOp5m5OAV2K570eTg3pdUfQlrncYA4791fwO1MaQeVhOi7s2phEEjsnGFs6N+lzoj33Cz3I9rprFOKkTtlQ3mEwTsmYMZOcq7AKhXendPTeUZx2WNmqRFgqDI0EqBeW6Qypa05ad8JUkpib4Z5ClTBtRA5pHIwoik8lbUSEGGtj74OQtAzM0bHHkjKzzIzU0MlOzZ8OSriwzunocSbuZstOnlzyItXspuqbXHXUM0DmZGkkL51ukAo6ySFo2DiF9R18YceNu68F+JljdQ3M1cMemKQ6tuxXqfE6l1zSPmn1v4756Pmx0ZWmORnOFqemq1rZg1+zsaVkIpQMYVva5iyVr2ux6r29M9yPh8niWT0yFodv7IkL/5rWY2UC1T/ADNOHZ3bsrBrdJ1FaTo0WDa+nO8reAoTCWuG+FbyjxIS3GVTzjS/SOyB8o6EJ4J8UmRjKlwTFh1YVTTyYOD/AJqwZIMNIGyw3wydrQajEkjQUz2vaHB3KnRN2G6oaKo04GFcQSawMlca6vB9E8fqo2QJTuAutPqUMFJyxTjg7EZ5QRNecNJxlcXHHAQFTeSpqB4c5fwCnsfqaPdK5NJjJHYoFO8OG+y0QMVktrC+bJz3UOoGhwcpu3qodaRJEcchMwJlLJGmccA5UJ+STqUo4A3KjS4zt6q9pnnPJCopS2vdC3YZyArm44fTYcM7bql0hlex7RjbdXc2J4AG9wps9lQkUVjm8OrlgJwzVgBSbnEQ8kj7Kvps0lzeyUfU7IVvcBmPPOQgG7irpH+Yo9RnYqFSSYmDMcqdI3LceiADLZAuAJgOEh/dN/5V2oGqF4TNQ0NGeyfAwze08Q+KMni3lpPYYWRYcZwtR8T8m8ZB4cspq8uMLuaN5rPhX1PmXkZMbKckIjfpCjuOSixrTHs4cksI5ISBsnQbpkgyi0wIcEzJTeA6SIC3RhBzglGUnk4eFFlO+6lcAkqJLueVlukElkCeQiMHmQs5RWnz4WNrcw5dE6LJHKdJ2TYtmkpOWqEcGd9nWc4AUtow0KPENgpR+kBGVY36Gp0Y82cJqJG7GNlYuXRKiOoJk7suDQNzthLUW7plK109UMoiqY75pF7b6cRRNaB2U1+GjGEOBoa1v2RQNcoweE6Mcnq6EqoKIajj1HURjCkzuDY9yuxNDIzsq+41Qip3d8rTGKXLDsltjki1Mut+AeFmepayVkfhseAMdlaTVIihdK8nZYquq5Kqqe8u8oOAs2snthhHKslv5BQs1OGRyrONoDMKLTNBAOOFKaQAsVafZkslkSNAzLsoTdyplOz2T+zO5bQzWhrP1UCqdkkZU2bYbeirJOVVnBdbycjAzuuVDgcYK7kDZR3E5IylSlgYxZJ5T01OxulN4ChBzeEFZHrITaaknvdybR07SRkNG2cI5AigLjnOOy33ww6T8SP+I1DXh73ZAHostj3cHrfG6HdONMV32b7oXpgUFJEwsbqYBkhbxjWQRgZwAolppPlaXOOVy4TudEYwcJUFhn0aulU1qC9DYAK2udJp8rT+pV3E3QNOFW26IMgbgbncq1Y7IBwtUZYH1oedhlRJZiRjCPNKAA3HKiHbfCM1LCXIg88o9ugNZPucBhyVCe/UQAtLZaIQ0wLh5n7pF9m2O016Ol2WJss4IxG3AGAAna9S5r0jCfTxmQ/muDdPHZ6qpKCwSqGkc5wkfs3t7qykcI27Y3Q4xiMY7BR6ifGFmgnZLCFajUxpjuYpZSTzwoNRUZwNsIdXWY444VOZ57lVfKULskck8e69J4/QywpSPjn1n9ZQ0kJQUiU6d9XVfLUjdfq70Wy6Z6ZioGNqZ2apXbknlc6d6dioY2SzRAvIWlhGMDGy9BCPxrB+X/K+Vu8nc7LGTI8adhgIzQEGPON0ZqI5YRPwExPRgiSSSyFAgq4TsunZUHWnWdl6EsNR1Be5tEEDSWtB80jv6R7lCWk5vbHtkf4i/EOx/Dnp2S7Xp/15EMQdh0rh2H6hfKVst3Wn9o3q0XeuEjbYHljWgbQj+lu/791Mtdm6n/tI9XM6g6gnkp7RFIRFFpOkMzw3f919X9KdI2zpi2RUNHTMYI2gbBV0db/T8VWkkna+3+gPQXQVj6HtENut9MPEaCZJDu5zjjO/pstSeENox3T3OGFMuZx7bHZLdLsaScriR5XDsoUPTJXhoTJagR7EKI6UvKsgR7y4ph2SztlcLwFYQ17/ANlWXe90lqh8Wq3aewIz+6jdTdS0nT9KZqhuqR2RFFnBefT9wgdLdC1t4qW9R9YQkSZ1U1G76Ym+pHqqIQ7R07dOvZjUXEyQWR+R4ZJa6T7+gXp9HbKK2QtpqGFscbRjYYyit7pldXUdto311ZVRwxx93HCCTwQ7I8N2z7ZHZZGW+1vUFZLbOmMPZATHUVYd/LYRzg93IMdXdfiDVvbTPko+mdRwQNE1b/iP9I59eStda7VR2ijZRUMeiNiAhDs/TVLa4/FDjLVvHnnfu4q5LcgApNXHPaOThGQbp90OpnbBGTq83YKLUVbzL4VMSTnGyI+np6OP5mulLjyS45A/JTGSEVzausd/O8sONx6qsuN8o7ViGmIc49mqFeuppquUUdnH8s5Dn5VTDRSg65SCUSjkg8y1lxmdLMAG52Tw+Gn2kdpITn1MVPE5zjxwFna+tdO4udlMjHPYcY5Fd7xJLI6OJ23dUTwM5790eolBdwoM79PflPjHAzYJ7vdRpnZ7pPfnglR5HEYRhRjk455BTC4lcJyu6T6YUHxiESBBGc7KsunUlotAIrKgBw/CvN+qfiZVVjzDayYYeMtGCVDVVp52SSSN7eesLZZ9QkkDnDjdeadQ/EOvvDnsppHMZx+Sy09XNVPL5pXOLv6jlPt9BPWTtjjiJaTucIjqx0tdPMyMZtTsO3JVhbrVPcH6Y27fZam2dCweM2SqZnHGVrKS2U1EwMgiY0DuAjAu1MIcQMtZejIQ8y1beOAtVSUUNK3RDC1rRtsFYU9I95A07Hup0VIGYON1DDZqG+yvjpHHHlwDypjKaOMDDcFSmNYDggI8VFJOAY+PVDKWDJOeSE2MDGkKVBbpZ8FrcgolXX2aw03jVtQyWYf8NhyVjL98QK2veYrePlYfRgwSl7w41yn0bGurbHYWkVEzJph+CM53WUu/W1dWlzKWNkLHbeUY2WY8SaoeZppHOJ5JKj1tzorfCZDMHOGdlUppcs106T5i3FU6Tzzc43yolVfKShGdQcR2zhYqt641BzWHAKzFbdqyqfnXsd+UmV6R0afHNcyNvdusBJIS2TAxwCsxW9RS1GWsLicqshDpAXO3RmiNgy8fss8r8nRq00KukNc6vqyA55a37opoI2gPnOUKWviaNMZ3VbVVdRKceLgFJlYaY1uXXBZ1Ffb6UAMG7VWVN7knBbGdggfLPkOXb5UhluGzi3b0SZTch8FCC+8rp6iSYjWeExlLPLs2PlW+igi/vNiEF1ypY9owgaY2Mv8AlRGhtE7zmQhoUr+G0cQHindRprpMSNByFFkrHvHmJJPurxkLbOXbLVottMdcbA536octxhDsshIPsqxolkJ0NJypMFoutSRopXYO+VIxaKexfmw5uc4GBjCE6vm48T91Y0vSF3mwXR6QeVZ03QcmQZR90WxsRK6qv2ZQzveclxJPuuh0jjgcrfU/RVDH5nsyQpjOnbZFjEAyE2NOeREtdXHo88ioquXcRbeuFJistXIcBpA+y9GgtlGwYEQT3QRsAEcYH2CL4xMvIP8ApMFD0vNIQ6RpP5Kyi6VwzeNavwyOwC6GHsMo405FS11kjNx9ONYc+ECpbLDAACQ3KucH0Tmtd/Sf0THUkhL1Nj9lWyyQD8LdlIbZ4MfS39FOEfcZ/ROLM9krbyKdsn2QzaYR+Fqe2haMNDWfopRbp9/zXQATjUExQBc2yO2hH+D9E/5QAb6f0UhrB/8AKU/QcYV7ELeSE6BjfwhN8NvoFMMOTnSueF7IsFckfQ3+gJaB/SFIwfRdAOeCpgvcRPCzw1LwT/SpwaMZwlpHor2lqeCD4RHLUvDH9H7qfoA7LmkeirBHJshiD1Z+6Xy/sp2gJaAo4pg7iF8qfQLopcnBAU3wx6J3hN/p/dUolOzBBNuY8ZchG2QkcfsrMRk8D90vBPOn91WEH8rKg2iLkBCfb5WbRjGO/Kv2xjBBC6xmOQhcclfLMzJp6+N3Oyc2SpBAkBK0fg6huOU00EL9iwIfjJ8hStkaQA4BcdR0NSR40DD+StZLRSu3a3BUKa01LTmDOyr4wo3OPRTVHR1vmkMkbtGrsqau6NqopD4Dg5p4K1zKW4R58RpIRPHkiAbIzKXKpM0w1lkfZ5lVWytpHESwuwO4GyjafdesD5SqYY542nPtwoVR0jba2MthaGnnIQOrBsr16/qPNklp7j0NX0up0XnaOMLP1NBVUpImic33ISnFo1w1EJrKYLISTACTzlPVrI/sSSSShMj10cri6OVAQw4T8j1TB9KZvnKMAOuEkcJDhccqfRAiI1DRGpafIphgcrq41dTUQaOVJbjCiojCdfKJiJkrPon5KE3hETICwoeRuNip8VxeWCOpb4w4w5VyIBhXgW030FqbTT1OZaOQAncsdtj7KpqaN9KcSREe+FZtedQwSPzUoTMlYI6rDme4yhLTcezMGAHcAY+6b4GPRX1TaCQZqVviR8j1VWWaXEYxjshwaIXIhujIHCDoOVZSMGAFHfFtnCA0fKiMknFhHZNxhVkJSTEmJ6YrDyJdHK4ujlGWEHC6uDhdUEjwUQEYUVGBVdAtYCrmR6rmdkIE6uUaRaQdJcB7LqMo/V1kgJx/qpDXZ7KrZJuFOhkBYCvx41k/Z8o4JOAQUPJa7CI13smPblLxgWySwjGcpyhscW9ypDJAeyZnIqXYRJJJQoSSSShBySSSgYkkklCD0kklCCSSSUIJJJJQgkkklBLEkkkhFy7HpJJKFCSSSUIJJJJQg5JJJEQelnCSSgARpVB1L04yraa6haGTtGSBtqV+DhPOD3ULMNaLs9rhS1TtMrFraWu8VgBAJVL1H042fNfQjRM3cgd1W2q7Std8vOS2Rm26gXZsc53wutz6qPSVUdRGCD5hyFIaUILWAjdJGColRReOBsjncjBRCWloB2KprJRVsqDR4gqAQc7O7FSwWyM7EFdqYGTgNewEFVxdNQyCPcxngpbWGWcmjfQz+JDnQdyFNjkirIsEAnG64C2dm4yHKM+nkpv50RJHcJsWTG4AWyUM5LAdJO4U+nqo5dgcHuFFMrKlue45yhNcI3DA4WmuWBVkOC8iAfnBG/ZeL/Fj4TM1y9QdPU+nV5p4G8Z7kBet0052JU5r2vGHDIK7XjtfLRWqyJz7K1Lg+KZIdKjyNwOF7l8WvhWInP6jsEGmPd0sbeGj2C8WlZjbSvrHifMR1cco5Oo0afRXFrtXCc1oIwW7FGc0Z4Q16mnVp8s41+lUuGUF4sjahrjTs0534WTrLbNSZbI0/ovS8KFXUMNS3EjQV2dPrscM8b5n6Wp1cXOHDPMXsOckpkpPb9FrLr09v4lO3GyzlVCYnaXA7LpwvhNZTPmfkPC6rx3NkeCOyTJwRwieV3KHj90wP07kpmGzk9jZYWjcBR3swM4UzXnso8o3BCVKOey02iMQ8HDeFxriTglHIACAW7ndLwxv+QoO3K6o7XEkBHBGEGBh1MTshNUIcBOUYEY5QEslQgXI9UkAE55RgRhC1ko6kmJKiYHEjHKGeUsn1SwVC1wJJJLBUIJJLBSUIJJJLBUIN0+64WY7p+ClgoCsAHDBTHNBGcKRgpuB6IGk1hlRntC2W+V/TlQam3yYLuQT5SPsvb+kviDb+p6dr3yCOqdgGInfPdeDyRA4wMpkUs9M8S08ro3t3BaeCuZrfG1amGOj3X0t9c6vwE1U/ur/AE/R9VRynG4Tnz6iBheQ9BfFkyOjtXUhLXt8rZhwR2JXqzXtlBI7LyV+inp5bWfpDw31DpfN0LUaWWf2v0w+hrsZwfuiU4npT4tPIQe4yoZlLCMI8NS1425WaVTPQQuTXJcwXaOcCKtiAPGcIslt1DxKWVr286c7hUxOrsnwTzQvDopXNPsUtLaO/IllpaS1zcEJj2jGcqUyvhnAZVxjJ/E0brk9D4bfFgkEjD6chNhco9me2hzRCI/RCLdiBtlHMgA3CZp9Fohd+jm3aXHow/Vvww6d6rY75mEMmf8A8TGd/wBV4F1/8Gb90u99ZTxtqKQHHiRjj7jsvrF7Q7G6BJCyVhZIwPaRggjIK6On1s6+2eS8v9K6Lyf3OKjL9nwg9jo3FjmlpHIK49pLgey+qetfgr031MHVFHC2jqTk6mDAJXgfVnw66j6Tk01tIHsBwXszgLr062Fi5fJ8l8x9L63xXLjuj+0ZmCqngALH4wrSkvDnEMmO5VUBjY7H0TQ7zYIWuNzXKZ5GynczR+IyYBwO6e1hHvlUUdS9gGCrCkuY2E5WuF6xyZZ0yXROLiwbjKQecrnzFPPgNdlOMAAyiViYnawgO25SyPVMw4LgJymJ5KwOSThwuosgDEkklCBGnByEZj8AEkKKnasd1AMZJgmB22T/ACndQQ/B5Ke2bHdQpxwHfGAFEnj2yApDZAUpG6ggCTwVbmnJbhAfDnjZWckGd9KiPjPohGqSIwJYdgpcRZI0ZxlRnNx2SiJBQp4LZILNGSPRbzoz4lSU0sVsvA8vDKgu/Y/9VhcEjBQTGOSM98J1cmZ7aoXRcZo+n6GrhrIWzQPD2OGxByjloK8C6O+IFf0vV/7xrmonYEjS7On7L3S03ehvdDFX0EzXxytyMHj2WmuxPg8zq9HPTy64LCkraqidqglIHdvYrTUFygrYwdQbJw5p9VltJRqd+k/6rS0mjnGzY/OdlJieQRhZ6juelojnBPYEKzjrBsRuFnawwC2E+kYwsl1r8Kumevog+pi+TrmZ8OrhGl4PbJHPC0Uc4cFKilaBuFC4znVJTg8M8MbWfEn4KSimvVJPfOm2O8lY1xc6Id9Q/wDX1XqnS3W3T/V1OKqyVolGMlpGHD7haMhsoMcjQ9jhhzXDII9wV5Z1T8FI4Kxt9+H9wdaa5pLjCCfCkPuBx6bIZScTXK+GrjtmlGX79f8AU9TY8DlPfJuMFeS2X4sV1mq4unviRa3WqsPlbUluIZMbZyvS6aqp6hgmp52ytcMgtO2Cigt3LMdlE6l93/f0TmS74wjhwI5CiCUgJZPqU8UuSZqb6hLI9QouT6roJyl4IGa4k4JRQRjlRwRjcrgO+5V4ISMlLJTGvGNyu62+qHkg7JSyVxJQh3JSyVxJQgkkklCCSSSUICqKdtSwseAQRgqljfJb5/lqjJicfI89vZaAd1FrKWOojLJBzwfRWiAvEyCh78nuo7XvheKebYgeU9nBSgcjhB2EMxlZjqTpp4/96WxuHDeSMcH3C1S7Ic7quEFGWWebwTCVpic0ah9TXdlURCu6JqzXUD3TWyZ386lA2h/xMHYey1/UFikdKbhQMDZB9TQPrCqYZ46mM087RuNLmnsmmiLzw+jS0FdS3Okjr6KUSQSDZw7H0PopGQeCsFA6s6QqjVUWqa3zO/mwc6PcBa+jrqa4U7amlkD2PGedx7FFgprBOyPVCmiErdBPKY8kEHKI0bYymCclRM35eYsAxhPa72UqrphMw4GDzlVrJC3LHDcFQhH6gslJf6B9HVRBwIOk9wfULxRhrLNcXWmtcNbPKdtvyXvLX4WR6+6VprxQOr4ItFZCMh7eTjsUGDoaW7bLazziujdTTRXKHZ8bvMR3Cquu7OL/AEv+09ta0SwN/wB5a0buHb8xgqyt1b4jDSVf1NJaco9M0W+rdTvaX0lW0seP6fdY9VUpxwej0GvnoblbE84s9wfT1DHE+Vw0u32WlnaCRI3ghZvqazy9OXUxAH5WdxMBA2HtlTrTcmyQCKR2SBjleX1OnaZ9p8R5GGohGyPTFc4jM0M9lM6PvBpnut87slpwM+iHUj17KlqA5tQJ4SWvb6LmSjsZ6dWyqmpo9Bvdvjr6R7dIOtuy8krqJ1FUPgkHmYSF6n07cW3Ciax7svAwfuqPqzp4yl1XG0ZxumRkV5PT/wAyr5qzzyRowo0gAUqRpDtOOMqLIMLRFnjLYtcATykQewXCCHImkOGFGZF2JqkU0pjkGAouMEbog2Wa1G6p4wzW2erG3BWqpXCWIbrzu11XhuDcrZ2WtBaNR9Uk9f4+7fDAr5Qa4DKwbsOfuFlpIgO2Mr0SohbNTHABysldKIROLmDAKgOs0ufvRnpYj6KxtNe6IthPdAkjBHG6iNPhSA4yocmEnXLJu6WpGMYBXKiLziVgwqO21/Gok4V9DI2ojAHKh1arPkWS0sty83y0nONt1fNfnssWNUEzZWbYK0NFcBNGM9lDp6S/+ibLNAqgOyI2QEZKY/du6prg35RDPKY04cER3KGlsB8Mm0ry4jJwppdqaPZVcbtJCnwHUN1RorsE7g/ZRSDuph7oBaN8BAaPREkBXIXkO2KLIFEDDk9kDWRaltZcUkzSMHCnRyuGHMOMeiz8MpjcrGmqxjBWe2vJv097Rvum74wOaHHDm7ELf01RHWRB7Dk914fBPJFIJY3YIW66V6lAcI5HbnYgrnW1HpdFq2o4kbKpgL8AtyquES22qJIJjJzstBC5szQ/bhRauAOOkt2XOnHDOrGW4mU1XFUsDmHfCmRDJKytM+a3VJzksK0tFMyoYHsORhAW1kDfLFT3qjdFLGC/HlPdeQ3S21fTtf8AL1LSCHbHthe5M2VT1J05SdQUbopWATNHkfjdXGWDPZD2jz223Wnr4jRTbOcNs8ZWeudJUWGvFWxuYyc5CLcKGs6cuAgqWFuD5XY5Cvv5F8oQJGggtwfZaIyMks7i3sF5gvFGNLvOwYcFImoxMeF5zHJXdM3LXGXCLOx7EL0e31kdwpI6ljhlwyQrk9w+Esr7jJX+yP1ukazP5LIwzVllqvEje4N1Z2XrdTBq8rgCFhupLDKxzpGDLCcgpU4FTi4/cj0DpDqQ3KkjjmeHOxsVqQC3BIXz7ZL1VWKraC8hmeF7L071JBd6VrS8a8bLHOHs06bUyl+RpGTEY7owk1b4UBu523yjxu2Cx2RwdSM88klri07Ikcx7hR2SeyfnBylYGOWSYDlRK6me53jwbObvsjMeOEUHUEHYfYS2XITxhh+tuzsq2jw4ZBWTqWSUUzamHI33HYrQUNU2WJsrTkOGUrGRckSJMeibnCed0OTkJTjkFPI9JMBXUPRY48FZe/Unh/z2s2JWoUOvpW1NM+PG5GydVPDwBPky1M7XgE7qS5gLS12CDyFXs1UtUGyZAB0lWQfnsunRLkRbFJZPJOtLSKepqQ2PDJmnC8rbiGpADfpdhfRHV1sbVQtmEYOk4P5rwm+0bKe5ysYMDVkLt6afo8r5LTbX8qNp0Zcgyoia0gF2F6rTSCUNkadwvBrHVOp5GNB0vjIdleyWGpFVQiQO1HG4ymXLJt8XqcwwzVMIc3UO649ocMeqBbptcGHchGdkLBYjvQluRm6+L5aqJA29UWmnbjBwQVIvVOH05eBuN1S08xYQTuigX0SXRup67LNmyNR7G90dRLAPpydlyRviBkjdxjlR2PfTV7ZG8O5TY8MVZyXNdE97SGbOxsvM/inaZqy0NqYQP5Rw8L1aUtkAPsspeqVlXS1EEgy1wcCF1dFdstTOB5vSR1WknW/aPmUvdC8sd22Kn0dSRjZCvVI+kuUsLyDpcdwgQvDdsr6Lop/JDJ+Z9bV/HvlX+meodNTudG0Dvsf0WklaCBp7LAdL15ZoY53cBboElufVdAPTWB6V+rMbjv2VfXRGOUkhGjkcyUOUiviE0PisG+FDoplOJDnZWNLIHRhpI27qozhxOEelqPNghJtjlGvT2uuWS7p36HjdXlI/LB5sLMxknByragqNw1cjU1Z6PceG1a6ZdtOUQcKPG4ac5RRzyuVZFpnsYWZDnhCJGeUg4ac5QS85S0hrfAytjDoHeqpmybkDsruZ2BgjlZ5+RWln9Rwm1oyWk3W4jlBkJ0lGbhoIByhOaXZ+6djBmnLaQJHanYHZBKdcHeD5jwgNe1wyCjbwZbJ5By/3zX4VlTZLAqyoOBrHYqbSyjQPYKn0VCWOypurXU9wZKRsSreoxJT6hvlv+igX2FzmNmHDSpFJM2akBbuC0BJZoU8FQ3yTB3opxkD2DI5UGtIimGylgjwwB6KiOWEAl4d6YUIuKnTH+U/1UDsii8GG3s8T+IuDd3Z7OWSctZ8Rdrs7/mWTc4bLu6Oa+I+HfUCX82f+QD+QjR7hBf8AUEePcbJqeWcKxDTyFIixhRzyFJj3CZETPI/JSSTX/SU1lLsHIcDlRD5ifZFmO4wUFqyWPLNNfIwcosAOQcIbPqClQAHBIQxWQbCVGMNSHKcOE0coxQaIbAoiHF9IRExAHRwUSJu+ShjlSGENByMI0xdgp36QP+qmWWDxHCUt5VfIPEcA05JWitsHg0oBbgq0smvRU7pKQcnwwTz6IlE3URKeUCQ6nBSoW6GjC01rHJ3t2SaXZHos7dajxHmDPCuKmXRE6QnhZGeqMtQ+QZxlHnJk1moVcMMj3yrbFT+FnzELMRtycqZc6h9RUOGdspkEW3CxXP5JswxnuimSqaMNYCeV3Sl/SBthGb9IVRj6Ylv2MY0kgqwa0saD6oEDQ45UmQhrNKL8RDeWRqyY40hQ3YI5RKl3mUOQHbdInLI6HCOl2/OyanYCG1J3ZLSydKl0cIlc4kfTugRReI4D1Vq2FkcQY3bb9UmyzB1tBRue5D7Ha5bxdY6bBLGuyQPRfQfS9njoKOKJrMADdYT4a9NeFE2vnj88hzn0C9bpIRHEBjCQ2mfSfDaZ11/LNcsM94jjxpxgcKrDnyz9zk9ke5VGPIDuQlaYnavGPA2UiuTszn92EWdNF4bQ0qTqDRnKGXBo+6BK45ABynobGSQ6Ql5ySo1ROGDGOAiPl0NJwoMDXVNRgknJRN45GRl8klFF1YKJtU/x5m7DgdsrUgNjZhoAwq6gp/lIGtwM47I5m1bei5eqvyz0uir+OPPYbOp+FaUrBG0ENx/qodBThxMrxsOFOc8NGAFyLJOyWDfO1RQV0uluMZVZcKjRvsiVNZHTRGSQ5zwPVZSsrp6+pFJTyZkldp24aF3PG+Pla1NHzL6z+q6vHUyjnokS1U11qPkqIEkHDnDst10v0xBbIWTzMBkO+TygdJ9MR2ql1SMBlkwTnn/5d1qYYnbZ4C9PCG3g/KPmvM2+Wt+SwkMAOBjYKRG0bHCHG0jspMQxhMPP59hGjAwiJJyiWQxJHZJcLg3lEQ7rzsmg45KG52eFCuFzpqCndUVDsMbyhyGk28IdfOpbb01bZrtdpmw00A1Pe44AC+Ym03Vn9o7qp1zq5H03TFHIBGw7NI34Hrtz7q1utX1D8e+phbopJKbpi1v3I2E2T+/C9/6V6doOnLWy2W6kZBA05DAP8/Uqdm6Mo6OOVzN/+X/7QnSXTFs6Zt0NFR0rI2xN0jAWjByo7RgYRmuBzuo0c+UnJ5kPSyVzICWoYyFRQicIElYyL6hv23TKifSM42UBrXzyF7yrwQeXSyymQuy09kYDASDA1o9kN0vYDKjIEkkDdtt1m+o+qYbVooaSCSruE7wyOBhxn1OcHH6IN76hmdXR2CyUzqu7VG0cIPGe59AtV0b0HR2ESVt0m+eutQA6WcDygf0N3+nfhU2EV3SHQojnb1H1GTU3V4BaHnLYh2AC3ZGrlO0jOdsrPda9aW7om2srKyKSpqJ3+HTUkX95O7uG/bI/VVGWeCEnqDqK0dL2+S6XmrZDCwHS3l0juzQO6x9HYr/11XNvnWVL/D7fC8PpLSW+Z3o6bj28uPXdc6V6Uvd4uX+2XxCmfNc3uPg0B/u6NnbQe7sH6sfkvQWHOfXuUJATG6TzwpDe6GWhoyTsEF9cxu0fmKsgeapjg8rju7hBjZUVTyHx6W+vquwUL3uNZVnc7tB4AVTfOqPlm/K2p2qY7ZVpZITrpc7bYjlztT+3usdcrnWX6fVK8shP4GlCdTVFTJ8zWSF7zuQTlFEbYwMABOjEh2GnjgbhjQEGqqdDSMBOnqABhVVXUAhRRCisga2oL3Ak8KoqqjtgItZVebHsqqolzvynRjgYKWQk5UadziAAkZN8YTXvBG+QB3wjDwC3JXHMzu7IHrhQ7jebXa4jLU1IB7ALzzqT4tAMMFtLsAkEnuobqNNK3o390vVttcQklqRq7Bef9TfFFug09E85HovOrl1LW3ObXJM7HoSokdPU1ZzFEXE98KHTq0cafumSq6+VV0fmokc7JJ3K7QUVTXyiKGMkdzjhaSw9AVUmmrrAAOwW3t9qorfEIqeFrCfqKKMcjZ6mupYgZC0dDuMolriDjgLY09ugpQ1kUDG49AFPjopS4Fo2Ks4aKNoBeMkIznW6mUu2QIqKWTGgKdBQGHDpdypQxCMManM1SHSwbqm8GSU8s5HHG0bNxhEawvIawZJ4ASIgo4zVXKojggby5xWTvvxJjYXUnTcAPIdO9u/5JUpZDjXKZra2os9npjUXSoDXDcxn6vzCxd6+JMlZG+hs0Igh41AYJWQram6XiU1NZIZHnkkqvmr7ZbIS6eqY+X/u49ylztwbadJu9FoJ6id5kme6Qu5JKU9RQ0UJmqagMxwPVY65dXVPhGKiYYweSVlaq7yzOJqp3OJ7ErNK5nU0+gb7NhduvoRGYLcHj1J7rI1dxqq6QyVExcDwM8KK53igFrdj3XWxNB1ErPK2UuzrVaWFMcIcwE4yjtOnchAdMxoww5KA+aR31HZLc2N2bieawxeWMhBmq5H8uyoYcTyVwv075S5TbLjAMS7VqGycySBm8pyVDfWTM8jTnKayhrq1w8OEk+ynLGNRj2S5bkGf3GAFDluc8uxeMeitrZ0fcqt/89oiZ3JWloeibXSYdM3xXIlDIqeopq75MCPGqCGAFx9t1Po+mbvWEFlMQD3XpNPa7fSbU9HE0+undTGDTw3HsE5U7zJLyGOIIwtD0BVTEfOPMYHOCrWn6ItUW0mt+PdalxGPM7A+6Eaqjh5mBP3TFWomaepus6IVPaKGnYI46WMBvq0ZUptO0YDWgD2Cjz3620ziHyD9VAqusbfEzMTHPd2AKtShHsUoaizsvGROYNiiEE9ysfN1xIAPChdn3UKo6susoGkgAqvmqXQa01ku0b5pHqEGaRkZ+oe687d1DdH7+OR9lCmq7hM7U2aQk84dhT5Vjgb/AA2vyPSXXSii+uYfqos/UlqjxmfK8+dS1jmeI5xJPbKTaGoJ3Yd/dD8gyOlqX5M27+rbW3OHKI/rSlBPgbrMttsxG8aQs8x4bjKCVlj6YxafTr2XzutucEKO7reqOQyUfoqoWiXP0D9UQWeTH0ge6HdZ+w1VpkSndXXM5IeEI9WXQ5Hifuh/wiTszH5pn8Hl9EEvkfsYoacIeprtz4yH/tRdQf75MNmlx9OUE2abJ8pCS5Wr2Xt05MHVl1A2lOVwdYXxp/7Tson8En7OCTrPUAZyFN9n7Io6Zli3ra9N5kBR4viBdMgSiPHqGqj/AIZUcEj9E2SgqGNzjKnyWfsJ6eifRpW/EKoH1MBx7KTH8QwSA+MgeuyxXy0g5amGJzTgj9kz5rV7Aei0/wCj0qDrm1yAeJqB7qdH1VYpMYq8ErylpB7Iw2zpwD9kcdXZ0Jn4+qXR67Bc7fVHEFU0n0OylxtD+CD+a8XFZVxuw2Qj7FTqe+3SAgsqnjH+Ip0dTnhiZeP4wj10xkLmgf1fsvNIur7rGMGZx/NWtN8QJA0NqKbJH4h3RLUR9mWegsj0bgDflPAOVmqTrW2y48Rr2n8lcU/UdmnADaprT/iKbGyMujNPTWx7RYhgwu4/w/umR1dJKAWTtdn0KkNY127T9kaaYmacOwOnHZIMOcAKSA3gBdwOVYGQYiHou+GPRPJwuavZRJkBCM5wQjtaANtksj0XdXsrcWyDnNaQdgoT6CB4OtinrgGO6DCI5uKKiSxxSg+EdBUH+HXOlkIjJIG+QtU0D0Tmtz34U+LJFc1wzLm5TwkR1ETh742SkbbrnH4VRDG8H23WkfSU8+00YKra3pekmbqpXmGQb5CRKvAcL8PKMxWdBW6pBfQPMbjuATssxdOkbhbyS6Mub/UBsvQJrVeqODVHK2XSeyUN3fA0R10PiMI31DhDsya6tdOHbPJXQlhw4b+iHp916tW2Lp6+tLoWtglP5LLXjoS40GqSnHiM9R6JUqfZ0a9bCXDMmujlHnp5oHFksbmkdiEMAHhBhmqFin0PHC7gcpJIhmR6SWClgqmwZSwORGoaI1LQuQdJJJNKEnjlMTxyjETDjhdHK4OF0coxYZn0hOHKaz6QnDlEQIOF3bOcLg4XVBb5DxTSRD+W7GO3qnuio7gMSxCOQ8OaMZQWrrRgHCrAtyeSuqaKopJNMrcN7FCcwHCvoqnLBDUsEjPcZwoVwtph/nU51xu3x3CW45Hxmn2VL6ZruFGkgLd8KwG3K4WjB7qpRwMjZgqiCM5HCEH5JGOFZSU4dnAwoT6ZzHE6c5Q4Y+NmeyOkkkjHZCpJJKAD0kklCD8nhcSXCcdkKb9A5wOB7Ig4QxyngjCYWz9SI5i5TaefGluVWs3IIR2kjfK/IUo4P2i0Xsbw5vITsj1UCjlDwADxypZHG6zyQEo4OyNxjBXI3nghO7JPYA4YCGMmKDtORldQ2OwE/V7JyYtrB1PTE9WUJJJJQg5JJJQMSemJ6hBJJJKEEkkkoQSSSSgkSSSSgIk9MT0IAkkklCCSSSUIOSSSREEkkkoQfnC7kriSgA4jKzt+sLZgaylGmRu5A7rRZC47cbHB+yhaeDKWeukhwJvqxg+q0UVUHjAwfsqi72UjNbRHErd3N7OCjW64YAOOOR6KB/kaVrsnKIDwFCp5/EG6lDdCA+CQcOG5QJ6dkzCx++f2Tge+UTIQFGff49tnA3dG71KsmSCVoc07FGqKeOeMxyDIP7Kjk+Ys8++p8TuxKMJL2TqmiMf8+H82qA5zozkjOVcwTx1UQfG7IcP0UapoQ4ADAymqWCnzwRKerAPYKxhqg44yFR1NFPTO1fUw9x/qnUtYwOw4kkcp0LMMRbVu6NREWzDDsEHkdivEfiz8JjTyy9RWCENg3dLE3ho9AF69SVJJGAphPjNwSuz43yM9Hapx6OfOtrg+LHx47IDm7L2X4qfCt1JLLfrDBhjvNNC0bA93NHZeNluN19U8Z5SGtjuRztRps8oC5u53SMRS1YdwjgjHC9DVe0c2dDIkkAIxp2PIVRcLDS1OzRpJ7rQloKjzQ6xsuhp9U4M5Ov0C1MNk45R57d7HU295IZqYPQLPyuJOCNP3XrEsYbtKwOB7HdUN16WhrCZqYNa70wu7ptapcTZ818n9KfE3LS/9jBl+g5xlcM4O52Uy52uqoH/zYyGcZwq57VuU4WLMTx12ms00ttscMKXMf9JQymA6eE/IdhA1yAuehmDyh6neqkYHohkYSmiuzoJynfhTEhygwWdIOVzBTxjG6Rx2VEGJZKR5SUIJJLBSwVCCHKLhulCwV0ZzugKFjfKeAMJD1XVCmzhAQzyinhDwc5ULQgO6eAMJAd11QjZzASwF1JQo4QMIZCKuEDGUARGAwcFDcM7KUQhZ7YVSWRafJDkjycgb+q1/R3xDr+m9FPWNMtCwYdg7s9wsw5mUzQSs9umhdBxkjs+K85q/DW/LpZYfv9M+j7ZeqO80TK6hkbJFI3IIOUR0z4iHNJC+fen7/c+mKz5q2ylodu9mdie32Xsdg61tXUUbQ0tjqMedjncn7LzOp8dOn+5+gPpf670vmIRqtey39P2amnuIdhsimePqAIGQVSOazOQMIkFRLH+LUPQrkyq5wfRKNZ6kXInIwCpUNU9h1McQfuqhs7ZQNyCjtkxjG6U6jpQ1Cmi9M9LWgNlYI3+oGxQJqWSnGpp1MUGKXv3UyGve3yzDUw7YQZ2FWQUxmWu5GCmaQe6nPpYKhmunlAdjOkqBLGYjh3ZNjPJjnpW2DczB5Qqi30VfC6mrqeOZjxgh4ypGMbhMf5sY/ROhY63lGO7S5WGeS9Zf2fbbdhJV9OAQ1DskszgErwjqborqPpaodDcbdIGtONYBIK+02E4IGf1Ua42u2XmndS3OkjnjcMeZu66dGtkniR8/819GaXW/dWtsv2j4aByMkYwnHB7r6K6s/s7UVZ4lX01UtieckUz2+X/PdeI9RdDdR9L1BhudC5rAcB4HlK6kNRCxcM+XeT+mdd49tuLcf2UTJ3s+k4wp0F0kjwHjUAq+VpjwCF0HK2wPM2V4eGaCnr6apGNWl3o5G5zpIOPRZocqTHXSxFpY45CfCzgQ6n2i+/JdUWlu9POAyYaXeqmaWubqjcCPurVjESUo9oEkkQQDlCOco1PIGQ5IxyhklJDA9d0TswGkEyUslCIwkDhUpZI0SI5jjhGZJq5CgtODkozXDHKIAmDSe4QJYsDOE1hI7o7JABghQp5RWzRkHZqCwljiSFbvjaeGqHU0ruwwlyWOS1LPZKonUszQH8+/YokttJJc1zdPZUZ1RO2yM+6trdcwcQTux2BVRlngGSkuiPNRlnlLchTbBfbl0zVfM2+QgPwHxk+Uj7eqmOjZODpAOOVCmoj2T4ZjyUnv4muD3PpHrq2dSwth8RsdQGgOaTjdaxsWk5Xy3E6opJBNTSPieDkOa7BC9Y6G+KcRiZbuo2Pa9gDWVDTnV9x+m61Rszwzha7x3LnV0epR7OyrGGQgAKsp6iCphbPBIHB3opUThjHojX9jiyg2W0VQNsqbDUsOADlUrX47okb8HIPKgJoGVHG+UdsurGThUTJywjO6lsqozjDkvGQAl96fsfU1ufbb5QQ1cLxsJGg4+y82m6C606BkfN0Bd/n7cTq/hNXLg4H9Djn/ACXpolzjdFbNjGyiGRunDjtfp9GO6Y+JFtu8xtNzgltd1hIbLSVI0uz20/1LZCTPZVN/6XsPVMIgvFugmA4eW4kaf8LhuFl5LF8RelRr6crG323sOfl6sZmYPQPOx/NFKTXQXxxmvs4PQS/HZdMwA4WR6f8AiHa73KbdVQy224RjL6arGh3/AIfVaRr9W/qqzkVscXySPGPokJd+ENIco8gNZJAcSuhxCECMLuQFZQcTEDGF0TE9lGyF1TBCYHAjOQu5HqFF1e66CcqsECJLgIxyuqyBUkHISyFWCDgSOFw7rmQlkKyEWspRUx47jcH0QIptGIpdnjb7qxOD3UGrp9f8xnI/dRrJaeR4IcmkZ7oUUmRg7EdkZIawwhgaDlZa/wDTzmSGuoRg8vaO61iW2DkZRIuM2meeai5uh4B23BVWx1V05Viuog51HI4+PF/RnuAtbfLUynf81A3Z5w4BU0kbXAxyDU07Oae4Texud3DL+kqaeupmVVNIHskGQQpLRnusVBNL05WCVkhNtk2LOfCWuhqWTMbJG4FrxqB9QjAnBrokPwWnfsqSuhkhf8xCCfUK3ZknOTskYWEEOAcD6hECuypbMydjXx7eoXfKdnN1NPI9QgV0LrbWtc0YpZRuf6XIgkBGobjsVSWBsOHweYfEbpL+F1Dr9bR/IlOXMHLCqakljr6MB3OP0XsNwghuFJJRVEYcyQYOQvHrrbKiwXeanz5Acs25aglFSOnTe5RUZeiHerV/GbJJbZmg1NLmanefUcLyuJ9RRVTop2lkkexC9lP81rKhhxjn3HosT170+5zXXykjHlH8zHouTrtKnHKPcfTPl3RP4Jvj1/YBBOKmmbIDuW7qDVR8nCrLRcZI5Awnyu7FXT/5m4H5ry99TyfYdLqVbWlnJHoK2otlS2aJ+BnDh2IW8iljulG1+QS5u6wFS3S0jHKt+l7uaaT5SY+UjYk8LPXnPJ09Jdsl8cumUnVdpFJKZY49gd8LJyDLsgYXsl5trK2B2Gg6mry+8WyWimc1zMNzstUZYOf5bxyj99a4KaQAYwnNxjGVxwOeExuQUfZ5ayGx5OuGk7DlOGXNyRhdyHDcJzAB2QSQ2pjqeQxyArVWarzpGQsm8bgqxttT4ZAys0oo6ui1MoWJI9Jt8viNy5wIcP0UO7Uetri1uQeFXW2sIaME5WlY1k8ALm5JCA9Rn5o4PPpo3Ruc0jBUGVmDnC1l6twDy9redwVnp4CG4IUOLqaPjlhEWmqjFIM7LUWyugc0DxNysfPCQchHt1Z4UgYQoJpu+OaT6N35ZGgtOQi00xpySByq6gqmOYNJz65U1rtQyp2dWuxN5NDQTNqY9TXZxyPRSy3AO/KzVNVSU0rXRnHr7q+pKoVLNQCs6lVm9YBSjBQtTfVSKj/RQyCPX9UsZJ7R5dhw3U+nkyAAquQgkYKlUsojIBOVAoWYZZcocn0p7Dlq4gN8JZRDcN+ELAUtwBB23UYjBQC7H+hun3SjkdGRjddXTFrGCltZWA65OPKJ1NVNeQ15AJ4VpA6SneJYyQRusrMyencJBu1XdsuLKlgje7fgFZbqjo6TV7ZYkendM9TmWMQuk83cFa+NwnaM8juvFYnT0UoniJBG+3ot/wBMdTipY2GV+HDbdci6t5PU6XUJrEjRVVPq2I90CColt8wc3OgncKe5zZ2hzTnKizQteMELK1g6C5L2lqo6iMSRnOeR6KUDlZKGpntkgdyxx3WjpKuKqiEkZznkeiomCJ1F07RdQULqaojAkAyx4G4P3XlD6W4dL3M0VTnwyfKTwQvbAcqp6h6co+oKUwzNDZAPI/G4KOMsCbaVJZXZ5/W0UFzpt2g6hsfRUtjuNTZriaGR58InADuyntguPTVe6guGoxA+V54IRbra4bjF48GBIBkEd01PIhxaNXFieMPG4xkKHcKVtTEYXjnuqLpu/SUcpoLgT/SHHstXIxrhlu+d1GMX3LB5t1J0zNE0zxgOA9FH6Y6hltVS2KV5AzjfsvQKyKOeIwuGzlgOpOnpYnmeBuC3fbukyjkVh1vKPZrLdoq6lbI1wc7G6tY5A4Z9V4t0Z1Y6B/gSktLMAher2+viq4WzQuyCNx6LJbX+jpafURnFYLdvdO152UeOXOx5RhuCskomyMgjHb5yiiUt7ZyooyDnKIHBLwMbySgG1EZa8bEd1BoqiW2VvgyAmKT6d9gVMa4BBq4PmIw0DJ7JeSjQMcHMDgcgrrhkKgs1we1xo5yctzjJV7G7PKB8rAAMktOMIowRnK5K3AzjhR2S4OClYISUxODgQmndSPZDJ36BzJxOG7A7p0D2vjDmnYhXF1oxPTOwN8LNUEmnVAdnMPC30yyIsWR92b/ILnDLe68Z+IVmNLVMr4mDw3HJx7r2yrj8SndHjOd1guraFtZbZISzUWAkFdnTz2nK11Py1M8nimPzbZGbZ2XqHQd1y75d8mx2wvLHO8KdrSOHYWu6Vro4qtrHnHC6Ulvjk4OhsdVuGeywkR4DeCpwxI0Kro3eLTMcDlWEHlH3WG2OD1lUsrg7LCyRpY4AgrGVRbT1TmAeXJAW2HKz3UtAP+0xt53S8MZMDRTZj0HcHhEqow0tk0Zxvyqy3T6gM/hOFdPHi0+gN3wjQOck6klM0QcSMqqu0QbKXAYaeVKtTsNEZTr9Sl9ETGPM3JWumW3kzamCnW0eA/E60R0lzdPHHpEgyMLBRPLX/Yr2v4i0kE9njnljzI0YyvFS0CoeAML6F4e/fVg/O/1noP4etckuy6stW9lSMbAj/Vep2uYz0THOcC7ABXj0MvhkYGD6r0rpOtbNSiIu3xkLuJ5PK6eeJJF89oByNsqXTHxIHMceyhvGeEWil5iJ3xsjOpGSZU1cRikc0jhR4ZdDwcKyukbhJrxsQqhp/mEoGsjs4LmCbLeFOoZSycZVRBJsBhToJBkFY7Ibzt+M1mySizSxTZwARupLH+yqKOQPxucq0Y/I4XJurxLCPo+l1EZ1phC4+qQwO6YRtym5Cyyiom35Mj5hq3VFdgI543M2OVdv3CpLvHqb4mOCiSF2vEch2uOxzsnuwBlR4jmnYc7oiY0Y5S3rBUdQHFPraOFX0kpmhD/VWnULNVskxyqCyS5psHtsi2nOts22bSe4EwvyfRGpJCRhDeMNKHTv0yYVNZGxlklXIl9K7HKh2KqBp3QOHmY7dTnkSM0kdlSW6T5etmgkGC47LPNYHpki8sAcCO5yiRkmJvsEW4xNfTZIyQdiolK8mPQdyFAmKQkhwwoedJIKmvOxyFBmAJBTIrJkt4PFPiVtdjj+pY5xO262XxMBF1yf6ljHDbC6+njtrR8S+ol/89JnJHYIRY3ZbwozmlxzlGhOpufRaoYOEzmrzKU36Qof4lNAOkbIo9igqA7hHQH8JrYKWSNIfMgoz9zj1QVkm8s1QQ5n1BTIxpaFDjB1BWLfoCusVYJdZ9QXF1n1BOYDJI4XVwcLqAS3gJENwUWTIaANsrkP+S5ORsmrgU/uC2+F89U3HA5Wk4bjtjAVRZIXajL2VnO7T+ibE72ir21oTMvkAA5U0eUfZR6NuW+KRunSVIY3JGyM2N7Vllff63RAIo3eZxxssxVSmKmeQRnCmXCq8aoeSdhwqOvlL2Fg7oLJ5ORbP5pvJHaNZBO6kwt0gIUDcYB7KWG4aCkLsXlLg4isbkoSkxDdNFN4JMTQ0DATKpwxyERrcNJUGqkzgJdjAXYB7sk5KCSM8pOPO6HjIWWUsDF0OTmNycJYwj0kZfKMBKlPA+ml2yUUS7bSBznPePp4V7ZbN/FLnFDoyGlRoqYRsw0dl6N0B0+xnh1k2Q4nO3p6LFZZlnufF6HY1FI2tjtjaenhpY24IAyFevk8Boaf80KiDYdRA3PdRrhPmUNCpNs9n/sw2kUufU1Jbjcuwr6nYIIwz05Vdb4mtmL3DfGynyPAGy0QFqzK3Me+YgABMa7O7kHPcoE9QA0sB5WqMS/nwPq5y8BkZ55wrmxUDGASyM57lUdBA+epb3A5Wra9kMTWtGzRhZtTLa9p1dDHe1YSZJg0YATKYuml0Y2PdQnTl7wOVdW2D+X4jm4I2XD1Mss9JG2EYZkWdO0Qx6CUGeUMG5CbJISNtsLNX6/RUsTo9XmPoU7x3j56q3jo8h9U/UdHiqHKUuTnUV01OFNAcyHb9eFpOiemGUEfztbHqnkwRnfCz3SHTVRXVTbnWZLGu1Yd+I9l6lSU/htBIXu4aeFEFCJ+TvqLz8/MaiU5EuJmQDhS424IIHqhRjAGykxAaQgxyeTm8hGNGOERqY1ParBDp43TEppo6eMySu049VaDHTERDLtlCfOX7AKMaiauqPOcRY290ZwDG4zsFSeSCfLgeuV4T1xf7t8Uuo/9hekWv+QiOKyqDsNI/wCmx+6n/EfrS7dS3NvQPRhJqpC4Vc7D5QzbYHt3W9+G/QlF0bbGU9Gzzvw6eQjeV3r+5VmuDVMNzXL6LfpDpG3dL2imtVDA1rYG7nH1HuStK1oaMAITRj2RWqJmdtvlnV3JXElQA9ziRjKDNPHBGXyu47eq5V1TKSPxJOO3uVWwGS5PbUS+SIHIYefzVEHROqK6Z0j/ACwZ2aeVNADRskGhvHA7Ib354VESyPe/VsFkrvfq6uuh6a6UHj3HbxnkZZTtOfM79Ch3O83fqW5u6V6OiDp2jTV3DmOjz7/1heidHdH2vpS3GktrXapTrnkkOZJH+rv1QuWA+iL0D0RQdIUDi/FVcakk1VU85fJ6DP6/dacNO+kE432RNGkbLB/EP4jt6bMXT1hgkruo7kCylpYt9PvIP6dxlCUSevfiJRdI0UVLRwitvNW7TTUTRmR59vb1PZU3Q/Qdwdc5Os+t6x1bfqoAadOYKRm/ki325/ZF6E+HsllMnUnVdY+7dSV4BlrXu1NYz/u4/wDDxhbYOGkjKhYQtaNic/crmtn9SC447oQa55xlWUdnlfOfBhO3c+qLT08FAPmKseUcJrTFSRGWQjbj1KpK6vlqJPqOn7q0skH3rqCprGfKUjiyPOM98Kq8IAAloz6o8oaQDjCizSgjATYJEOO0tGdQUSecDbAXKiYg4BVfUzBo9Uwg6pqFT1tUdOCF2tr2MYXZOewVLPPJMcOdymQQ1RbFU1Rc7YBRvEcTktKh3K62+0R/MXGfw2c5XmXVXxgjc98Vnc8t3GTjdMNlGksvklBHpN1vFFaYPFqZQNWdO/K836j+LLGMdT0biT7LzS49R3C7SuMk7wH9sqrbC6SQg7uPZQ7tXjoV8zLa6dTXO6vcZqhwae2VWtiknIwHErSWHoW43ItM8GkH/JeiWnpO12hjQyJr3ju4d1Btl9VCxWYXp74fVlyYJatwiZzuvQbdYrbaoRFHAC4bFysY4jjEQ2HYBWcFrYIxJPy7fGVDnX6uU+CshppJXBsTfL6KzpbdHCA+RmCfdSWNZFhscYARPBfO4NAOccKt/oxTnkY3SNmt2CI0OcQ0NySitipqOJ09fUxwsb/Udys7devIKfXBY6Rxd/3srds+yqU8ARhOx8GimZT0sRqLlUR08bf6zz9lmbt15HTNfT9N0viyf968bfksJfOoRK/5nqO7uLxuIgdlkLr8Q3BjqexUbgeBKXYH6Y/1SJ2nU03j5WejX3a51lW4y9SXsBjsktLsAfYLN1fV9vp2htsjdJjI1EYBWNqbjHKTUXWsdNK7fSTnCrZLpUVDvCoIC1o7lIldk7dHjYL8jR3DqOuqnONRWviYd9MZ05+6qKi6MfgQ+Zw7nuojKCtnw+p2HccIwFvpWjScuSpTyb4UV18RBg3CpOQcNRHU9O3DpneYKNNcZ84jOGpkbZJjl26VKWRyikSXTRt2a1DLnuz6J7afJDncBSGmKMARO1EIMMqc4xXBHjgcTgtITnwBuN1LZHWy4bHjH2U2ltDj5qgZyiSyKd0V2UfgyvOI2ZypNNYquoIDhgH2Wlp6GljH0borK2lgcQ548vZRxQp3z/pIFv6Tp2N1VLclX0FHBTMDYY2tA22CrZuo6aHZvmIVfJ1HUTnTTg/oqUlFiWrrezVMdgbdkKa5U9NvM4D81kZKy9zbtkwCor6erkOaqTV+ar5V6Lhps9mqq+rrfC3MeXu9AVWz9YvczEDDlVUVHQMOZnYS8W2U51NIJ91Stn1kdHSQXofL1Ddah2lshGeyivfdJfqJId7oputCDs0IbuoI2khsR27q5W4WGNVDjzGJwUda/Bewn7okduqHfhA90A9ROOQGlCN9qR9I/dLdqYTjd6RYstjs7typDbbkDLf3VH/tBcCCAR+iEbxcSd5B+iH5F+iKi2fbNILfAOWjCI2Cibw4ZWWN0uB5mGPshmtqicmRT5CnpZLtmuHyzTlrmj807XAR9bQsh83Vf1rhqqk7F+ynyf2Kelya7XT/APfj9UzXTH/jhZPxXnklFDznk/qp8n9iv4hp/wCR/wDJIQ/BDtmT5/NZxtSScbojZ3kZDiFfyFrT7TQfIzO3E/7obrbX4yH/ALqlbWVTeJnD80Vl0qx/xCfzRZUiOprosXUF3B2l2TDS3UZw/f7oUV8qWjd5OEZl9kJ8wJUxBeyts16AGmvuTg7IZZeRyCriG/MaAJAji80z+w/RW1H0wHKS/pM6990ZywlDNXXD64iFqm1tM/hoP5J+IZBvCwj7IduXwXG1rtGONa8nzt4RW3FgGDCDj2Wklt1I858BufsgyWeleNowP/CqlGa9lq6t9ozwq6UPLzDglFDqOUag/TnsrOTp0OOWMaFDmsZa7T4Z2S1lehqtg/ZHdHTn6XZQtIB2Uh1skj2GU35WYbhufzV7mvQW9DBskiCKUbOZhLSUSWXkvIhnslg8jZPawLuAmp4AbyFp66rpzmOZwx7lW9N1XdYQB4xOPdUYbn2SeDtur+SWeGKlpa59m4ouvS0NZVxYxy4K9o+sLTVvbF4mhx7uOy8sAx3yngYORsnQvlH8jNZoK30ezw1lJOdMUzSfTKKfsvG6W41dJKJIJ3tI91fUPWdwhlDp3a2+nKbHUxz9xiu0UofieipLO0nWlBK8RzNLM/i7K9grKeoaHxTMcDxunfNB9GGVNkXyiQMnsiNBzwuAEkbbIgCmDLOTY9i6d0m8pHZMFzH7YxwkMkriSjWQNzDaQRgbZ5QZ6CmqWFk0LHA+yO1dS2kErJIzlX0sWkyUEpDvQoLZbvbT4dVCZYht6rVAd0TDXNOWg/cZQqCkNjqJezIVNBYL8wtfE2KU87d1krz0FV0pMtGA9novRa7p2kqnmSH+RJ6sVUT1FY5P94jFbTdtIyQPslTqwbatXJdHlE9LUUryyojLCPUIY523Xr8sfTXUbPDmiZDMeQ4YKzV6+HFXSNdPbiJY9yB3SnV7OlVrU+JcMxIaOE8Rj0RTTyMOHjBQ0vabFJSWRun3XQMLuCkpgPcgqSS5g5z2VAvg6njldaMDBThyifAibyEHCemDhPVxlkAMkOUkhymkCDhEQxwiKFN4Qk8cpieB3UFNLI8AYT9R4O49E0cLqgoVXbIq1viUpDX/ANKppYJoHaZWkYV5E5zTlpwVImpoLlAWPw2Ubg+qgantMyuPhZIMFHrKCakk0PB9iosbzqwQgwjRGWeURaiiazeNpUQAgkEK8yxzcEKNNRNdu0ITRGbKpJHlpnRk4CCQRyoMUkxySSShY48Jqem6fdQprIRdyVxJEWfp3Q18dVAx0e+2CprH6sbLz/pi9OglNLO7ykeXJW1in1Y2X5FkuOT9sW17eizjkfG8OYVaQTeK0ZwFRMkHdTKWp8wGEhoRJZLYcp+xbjKDG4OaMLoJzyl49iWh2S0hHa7yhDGCE0HSVMgSimGSSByMpIxXQZJJJEQScmpyhaEkkkoEPSSSUIJJJJQgkkklBIkkklCMSSSSEXLsekkkoUOTU5NUIOSTUkRBJJJKEHJJqShBZKWSkkoQWM7LP3u0S05/iNAN+ZIx391oFyQZHGVCGftNy8WPHcbEHkK7hqNQG3KoLvQmimbXUYLdbsPaOFMoKrxWNwcnGfsoElkuQfRPLiFHY4EIqEroeH57JlTDFURmORoOe/oujuuAHlQmcFE81FnnzguicVdQVENXE2SNwI9PRPfDHM0tewOB23CopaettFX4tO0vp3HzD0RAt5LmSPUMO3ys/cbZPRvNVT+dmfM0dld09VFVRCWJwIP7I+2DkZCJPJWTMUNzLpGt1kH0K0FPVF2FVXHp9kkrqmid4cvI9AVV0t0qqWf5Ws8r2nGeAU6Fm0VOtSNuxjahumRocD2K8T+K/wAHzAJeounYyWkl09O1vH+IL1aluLwA4OVnDcGPGl+Dn1Xd8Zr56We6JjtqPid7CHFrhghNL/DwPVfRHxV+D1PeWT9Q9Mx6aw5fLTtG0h7kei+d6+kmppn09QwxyMOlzXDBBC+n+N8tDVxWOzmXVYeUObIHDIRG49FWGV8LgA7YqVFUMIHmye670JvGTPhdMlyU8M0To3s54Poqt8M1K/wngub+Eq0Y8Y45XXNbI3DgCPdba7cdmS/RVz5KeejbURltTTtcw+oysvcukKafVJRHQ7nT2W6bP8m4RTNL6d539Qn1NsgMPj0YBbzyt9GrlW+Dga/w1GojicEzxautlXROcJoHADuAqzxy13HC9mqKWnnYY6iFrh6ELMXfoWOpBlt0fmO+F1IayL/I+e+S+lp1tz0y/wAmIjm1DBaunHIK7W2qvt0jmTQvZp23Cise/OCVoi1JZR5O7SzpntmmmGSTA8HunK8CbKpV9o7kpZK5kJZygFj0k1IcoSBMBLATtQwmHlQh3AS2C6eEPfKhAiS4OEshACdSwOUklChJLmQuqEEkkkoQSSSShDhA5Q8FFXMBQtMGW55CFpGON1JICHgqmsl9gS0eicySalmbUU0nhyN4cFzOeySRZDLDqusomrK3ho9B6V+IR3gve2MZn1/r5cfbuvRWv9l89tbgbLSdM9c1dif4VafFpOA0baPfK4uu8ZnNlZ9c+kPr3EVpPJy59S/9z2VrtJ5wpUMoJAyFQ0F1prtSsq6KQPjeM7HhTI6jw3Acrz862z7VovI12RU4vhl0HnAAPCdHK9w8xyoMVUCMFSGPG5wsk62ju1XRmsxZMZLJG7Ux5BU9kkFWzDiGycHKqmvA5CKRgZAQr7Wad+VhkuSnfGN9weCo+COV2KukZhj92+6PqimaXwgau4TPkETipEfWD2TQ8k7hdJwcEJurHZHGeTLOlSJMUuwzslWUlBcoDS3CkjqIncteMqM9+rBHZcZUEjBGU+u1wfBhv0cbFiSyed9W/AKw30SVFkcKSZ2+hw8n69l4Z1X8K+qulJnironvhB2ewZBHsV9bioc7IOU50oljdDLEx0b9nBwyCulRrbIPlnh/L/Rmh133pbZftHw0Yy0eqEGuzjlfVvVPwW6S6g8SptsItlW/fMf92T/y9l431f8ABrqfpt75jBHPSs+qWE6h98fqurTq659s+Z+R+kdbocuH3I85apVLVzwnyPOPQpT0MtO/RIPzQgC1aYyUuUeUu004PFiLaKv1EeKQMqQHRv8AM0hUWvIxjhSYah7MYJTeUZJ0x/pLLfK47hAZVjOJXIoniIy12UWUIw4gyDnK4jloO+N0Eg5OyIhxOa455TUkZRKBGE7V7qNk+pXQTndxUL4ZNinZnDzhSDFHONiN1XjBGcosNToKnYpr9Aa6gki/mYBb7dlWnLXA+i1NJNHNmOTHHBVfcLK7Lpab6TvhC1jkKE10yPSXR0EgJO3cK9a+Crja+NwGeyyGCDgnhHgqJqeVskbsAcj1U+T0y5V7ujRTUeMHSgeEWcDv6o1BeYqw+HKcHHdSZYQDtjB4T4yM84uPEui96Y6/udhmZHUAz0vGgHce4XsNj6lt97ibLSuIBH0u5BXz05gHAUm3XW4WuUS0dS9mOwOyfCzBz9To4zWYo+mA85G6Ox3C816V+JtLXsjo7pEYpQA3xM+Vy38NQHbYTMr0cHUaeVT5LEHKfG4tdgKMyQH80Qvx2V5yI/yTmVDm4KO2pJ5Vc2XPZF1KiiyZL6EIzJj6KrZJjuVIZU9iEBQ279PWS/w+Hc6JjyfpePK5p9QVnf4B1h0zkdOXD+KUjd20VXJ5mjvpctWJQ7ByiskCsvLZmrZ1xQ1EvyN2jdbK/j5eo2JPt6haBlQH+mD3QbvZ7VfKf5a6Ucc7fwkjzN+x5VFH011FYQZenKoXCBuc0VR9bfTw3n89iUZDTNkPJ7JGcnssnb+tqaeqNuukb7dXg4NPVDR+juD+RWhZPnsFACUJTnhF1qEH57J4dnsrwQliQ5Tw/bhQmuweEZrsjhV0Qkh2/KIDtyomseqfq91eQA2SlkoeQlkKECZKWSmJKEO6j6pZK4koQDPEA/WzY90xjznBUl+lw5UWVuDkJQYbGRylj3QGS9iEdrtStEBSxteNLmgg9isld7XLRSmQDVE45B9PZbMjKjzwRzxmKVoc1yrOGWng8/lp4alnhzs1N7hBtlVPYqswVD3SUcpxEf8Au/b7K9udqfRSFzRmN3BVZUUcdVEYpRkHg+ianyPT3Lk0MUgcAW7h24RlkLZdX2msNor3lzXn+RIePsStSyXuRymroVKLGXCnZV07qd/DhsfQrNROqaGcW6pPk/A48Fax3mGFX19DHWxGN+zuWP7tPqrCjLHBDDeDjdZ/q/pw3ujD6cNFTDu3/EPRWFFPPSTOt9xJ8XOWP/C8dsKwyByqZqqeGeNUGoscw8ZR5YWOjMUjA5kgw5pGQQr3qux/wuuNdTgCnqXE4H4Xeipwzxhss10dx0a54+5dnjnUlpfYbnJThpMTnF0Z/wAJ43UqyVvjN8GVwLgMtPst31V08LxQljABNGdTCe/svKY5H0tQBndjsHH3XmtZp2pZR9b+mPI/yKY5fKNPURNcNhnb1VY9zoXZGx7Kxo5WVcZex3bcKNU05zloXGmtrPd1z+RKUTa2C4NuFA1pcC9g0uVL1VaxJG6RrVTWy4zW6pbJE8gZ8w7ELdkQXGlbLgObI1SE9zOvGz+TV8Z4zWQOpn6Hj81G0rX9VWloDzE3dhysg44G6fk8drtHOiWGJqM3sojfqUiM4OVfZgqlteB8wJ82EylnLHozsPZlQnAtflKtialNwkpI1VsrSWjcLa0NWHQx4IOy81ttQGt3ytdbqsCNm+dkjDPS6HWKUUmXldH48YGFmLnS+H2/daeCZszcEKFc6EyDICo2W1K5ZRi548bEKG1hY/WAr2vozGc4VVKzBxhQ4V0Nk8Fjaq0tkDXFaKmnbIABhYuHLHBw2Vzb6wtIyouRtN+HyaUtJ4Uqhr5IMRAZyoNJU+I0AhFliJAIHKKSxydSubWJIvY5fGZqQZmgNyolHWiJjYnD81NlIc0O9UKNytVsU0RATnGUWneQ4DIQXbZQmuIeoiK3azQQyZaAngZ7qBRzbAFTgcjIQHSqnujkeRkEKJLHndSg4E4TZW5CAZnJExg7lGjwDso8gIOV2mqADghADu2snOibLGWuCp5YZLdKJWOOlxx9lcsfsDhDrGMnh0FqCUcrkOS3LK7LCzXFtczwJCCRwp7Kl9rqsx5x7LHMM1DKJInYI/dam23GmukIjmx4gGPdYL6MrKOtodW21CT5PQenuomzNa1z9ytPEfGXkVFWOttQWuGQD+y3tjvrZmMPiZB43/Zcuyp9nptJqVJ7Js0EsLZG6XDYqLTyz22fIJLD2U1srZGhwPKFPGJBjlZsHQyn0XVNVRVEYkjIOeR6KUDlY8y1FslE0WXRnlqv7bc4q2MFp5VF5wcvlhpb5TGGZoDx9L+4WBmtddYqp9JUEuYPpOOQvUAcqDdKKnuUeiWPLwMB3cI1LAMobujy6tomSyiSMAOcMK/tddJBHHTVo7YDvVFudikjhLoM6oz6J9CynutCYpcCpj8u+yIUo4DVMDSRJHwRlVtXSsqIzFI3OeD6KXR1Wpz6KTHiQ7b9wnTRjg8q8ZLnDKPL77Yam2VXztHkEHJA4IWq6L6r14jfJgt2c0qxrqVlRqZIMgjC8/vVuq+n6z56kBxnJxwQhdeTLudE1LHB73SVcc8bZIzkKbG/Izjlee9EdUR3Cmj48zRtnutzFLnGyyW04fB1KblMmpocQfVNZK07Jz8EZ9FgsTRtUkFEpIUiJ+cEhV0cn8wMI2UlsuHZSsMZlNDK+Mxytq4hgg74Vxb6oTsGSMhQdcVUwxA74UOOWW31bWvB0u2VdlKJqtWW4KhvjOrKfDJkBEe0EZCDCYIxpdjdccm7Nf7IrXAgYKApjC0EFp4KyN4p3UNeJmN8rzvhbI8FUl9pRLATp3HBWjTvAqSyQYnNkZuQchZW6wGOV7JG5BJGfUK9pCSA3OFCvcBkgD+SN8rq0szXV5WDxbqmyvoq974mHQ46hjgKLbajRv3G263HU9MZ4RIG+y8+aPAnfG7nOV2q55gkeS1NTptyj2foqufNQNjmfk9t1qmu8wXlvRl1DXMYHc4/VenOOoNd7JViyej0Vu6tZJoGQDlAroGzUz2OGdtl2JxADcfuivAeMEbLPg3YyefsZJTVr4eBqytFTzamacDhV/UVL8pOJ2jG/wCyfa6pryNRUJnBYwuMMwc0YCsnAVFM/I7FQnjLQWjlTKKQaPBPI/dMr5eBE4bkYC/0LKuhqaaePOkHAXgN3iFJXPj0kYJG6+m71BG2rcA3Y8hfP/xItU1uvkk7mYjl3bjhey8Hfte1nx3690Up1K5emZ1smRnC1/SVa/WxuoDCxcLg72V5Y6ltNVjU7AK9dB5PkcJbWerNeXtyBnbshQyOjlyRggrtpqY5KUEDJXapo8XxAMAp50qZZWWTK1rJafX7LOytLJCQFoHOD6MYPZVFXHqcdlTNDngBBNhwbhWMbiGB2eFTNdok+ysYZxpCROG4bVbtkpFtb6k/MAE4AWgjkDsYPKyMUpDw4bYV7R1OpoBKxW1cZPd+I16ccNltkYymEnKGCSM5TsjOFzpxbPT1Xbh5OQq66gfLu9cqeOVWXbLo5Mb8IVFjLZfbgFQu1QDdGcoNsd/J57qbnICMw7muCPdIvFongrH2F/8APkpnfhctrWDVTPaOSsJSStpr3K1+2o7JhzdZNwal+zRS5YCMchRYzolDhhSpN485zsq4Z8R2SgcXgbGZZtcCMgqmqR8vchM/6XbKziJA3KrruPolxs0pEobjTGXst5QJYQR6KoppNNRjG26sLfUGeIOLst0jCiSxhlYdIwDugccDnLKHT4yMBQKjLXNOFKmlIkGRsg1IbgEFHEz2Hi/xOANyDh3KxDlufik7w68d8rCB2occLsV/7aR8U+pH/wDPyiNRIPoQ0WH6EcX6OAxv4wp+BpGyg4JeCpxI0gJ1YoagzHGwKI7uo0nKK3oKPYJ/bJXWYxyhS5yAFxuVkeW+RuOCTE0ZBwpg+kKJF2UtPguBc+xiIz6guIw5RsX0EHC6OVwcJ8Y3ypHsU1kKPpJ9EMapXABPccNyn2z+bUAY4WhIuiL3rBf0EIhhaMY23Cc4mSXA7bJrRpGM8ItOzOXYVnpK4qEcIkRNDY8qsvFUI6VwBGe6myShmAsze5yZnRZ2KuTwZ9ZPbDCKp0rnZcTyoMpOsqQ/bbKGzd2cLPN5OVF+2Ohacb7KUBtj0QmgAbBHUUccgt8jW7lSY243wo7PqCmNdhv0o28IXYKd5a0tBxlVk5yeVKqpc7BQSO+VmslkkItgScro5KQGCQue6yzY+CCgZOFdW62ujaJH7OduB6Ktt0LpqpuO3K1UURcMLNbZ6PSeJ0il/qSJFots1dO1jBtncr2WyUTaOkiZjGAFkeiLG9rGzyDylbxoAwBwFnzk9/oNN8cdzJZf4bdyqtrzPVebgFSJpdg0IVNFpfrPdaK1kbqLMcFjEAxox6J2rPJAQHEbYKZI8YAytcazDLVQgsMdNOI2k5HCrxM6V+ccFAq6w+N4XZSaJhJ1YTs7Fkqm9aiWIl/QRNp4mu1ec7n2Ut1SXAAqrgkOkDfZSIWmR+nK5eqll5PUaOarjhlvbYTJK2V2CArzxxEzIHCqaZ4gga3G4Qa6v8One7dY6NNLVWJR6E+Y8zp9BpXba8Dr1fhSQHDgC7gqk6etlT1BXOq5WFzA7AyoAbU3yuDYhiNuwB/zXqXTFoZRQM8NuCW+Y+697RpoaStRij8sfVX1Jf5XUSblmPouLJQR0jBE1uA0BXkOzgSEGCLZuG8KaxuMbcKTllniJSyEYMb4RRwuNGye04OVSFsIwEfmiN7rjXZbnhRrlcYLZCZpDufpYD5nO9kPZYerraehj8WofpHb3Poql4rLs8Vc7vDgd9LPxH7oNLT1t1mFfdnANaPJBjYDsf8AmVocNHlGwVpE7GNAY3DQNuF5f8TviJNEWdJ9OSOddqomMiMZxn0KuPid19T9J0UcEBMlwqRiGIb5HGSFB+FHw4qLYJupeppPHu1cA7D9/CByg4RphGNUflky3+G/w6pulqHxKoeJcZ/NUyu3cT6A+i9Bij0tAIAA4CdGMAahk9ynqsmadkrJbmMxhJJJDYWPzhAq6yKji8aV2G8ZXK2oipYTPO8NY0dzz7Klp45rvMKyqBZSg4iid/mVE8kJEQmuc7aiqB0M3jjPH3Ks9A7AD7BJsQYMhJ7g06eThQi5eEdOCMBYGW53P4hXeTpTo6UNo48suVyH/AP9Mf8Ai53UdlbevivdpOnOjJJqaywBxuN0ezZw40R78c916/Y+m7P0jbo7XZqcQ07ANLR2/wDlyoNxs/yA6Z6Yt/S1sitdsg8OBnGd3n3ce5V8xwxsN0EO1Lzn4k/FGazzM6R6SjbV324fymBo1CEH8TvZATsk/E/4lvsckXSPS1J/EOpq/aKJr/JTt7uk29+E74e/Dl/TLJ7zeqw196uZ8Sqq3jJJ9GnsPZR/hj8Pj0zDNdrxOau8XAiSpnfue/lHoN16C52G4JUKyhhJ04J4CjFxCK9wyTlRyeSoCOzqKa+oigGTufRBfUBmRhQKh2rzOOVCHKyokmecv8vYKLI8MAPK5M8O3zjCgTz6fUookDzVI9lXyzlyBVVeHYVdJWyZIjOEaygkiTVVQj5xn0VRWVhkGlMqp2QRGpqXkAfU5eT9Z/HGz2sOpbGPmqgcPAy39U+KNen0l2ol/po3t2udHbo/ma+fw4x3XlvVfxopaUyUtip9cg2Er/8AovKr/wBa9R9S1D5q+vlLXH6A7YKqijLh5jue5TD0Wm8Wqv8Ad7J946pvt9lL6+tkk1HOnVsPyUWOlMgGRn81Mtlmmr5xHC388L0Xpz4bNBbPd3NERH0kcojRK+rTLCRhbN01WXKUR0kBG+55Xo1n6AoraG1VwY2SXAOy0tNDQUAFPb6ZjcbAgDdSRRVNRg1cumLuMKHN1Gtdn4kWJ/mEcLBjGNlMp7fw+oZnPujsipYyGUzdTgpcVPI/DpmlrVDBKTfIOKCFoAZHwUdsb3jT6c+yTqmipRkHJVNdOo2xRvNNKGZ2ISpWJFRg7HhFrJPT0vmneG491SXPrN9JgWuNhcOXvGf0WCv3XlppdYq65zpAN2g5XnF5+IdbMww0L9Efb1SnadbSeKlbzJHpd66nY0vq7rWOc47huvb8gsNefiC+dhgtzHMHGolYeWqrq15kqJnvzvu4lGjpiW5dkJU7Nx26fG10cirK2pqpNdRI6Un1KCRWkAU7cfkiOkhiOXncdkjcpHeWAABZ5SydCtKPCEy3U7G+JXS5kduU/wDiEdONNIGjHfCjOZUVL9ZyUdtK1oBePyQNsJ49sDNU1dWQHznHoEyOlc45cdyprWUrMcApxglOPDjJBQSeAXNIZDSRfjaFIbABsxqLFTDAdMMHlEkqKemZrByQqTFyk5cI5FRyu/Dt3UmOjp4RrcAD3VZLeSW/Xpwq6a6l+WmU/qidm0FaeUuWaQ3Gkpdhuo8l+e8aKdhWcM8mC5oymCprXnBwwfZL+TIxaWHbLqS41hzrfpB91HfUscB482w7KvAqH/XISuGjeRqJP6oHNsJVRT4LE19EweUbhBffCz/szQMd1FbTkH6UQUxH4QqbbGpQ6Y518r3eUnYoZqq14yZeUUQAcMCIIQBgDCCSaLe2PSIZfUnmUpvhk8lTfA9kvl/dDyVuRE8E+i74J9FM+WJG6XyivDYXyEMQb/SiBhA4UsU/qniJo7KRiT5GV3hO/pS8M/0qzEbAMaUtDfRF8ZW8rdD/AES0O/pKs/BA/AuiNn9H7qbAXZgrfCPou+EfRWYjaBjQEtDQchgU+Mr5n+it8Fy74LlaCJoGMBIRtHAU2FfOVghcPwp3huH4VZaG+iRY09lNuCndnsrTESueC5WXhN9EvCZ6IXlAO0rvCf6rojeFYeA30SEIB4RfkT5CHhx5SGoHKnNgaB9Kd4A/pUUWXkh+PMMaTjCOyvqW/i/dPEGeWBIUmNyicWLltDNu1Q3Hf81IbeiMCVqifLn0TfBHorTwBKMH6LVlygk5cQUdkscwy1w39VSiI9khqB5O3uiTwKnD/lLd9O93AyFHkpXN5CZHcp42aTkgeqkxXGnkA8VpB7oc5ZHvj2Qnw52IUZ8OOGq+DqWZuYmob6Vo7BMSLVz9lCYn9guaXgK4NKOzQgup/YKSi5dBq5Mqi4g/SnB2TjCmvpgOwQvAKRyg/lQLOobJeGfRPMBHLUtBHZWpsvd7OLn08J6Si75AUuRuc8FTKK6VdI4aJXEDgEqKlkJ8ZOPQN0YzxlGqoetLjEAySXLfffC1Vu6toaprWTeR5G5zsvLG59UVkskZyxxC0V3yXZht0kJrhHtcNRFO0OjeHZ9CiryKi6guFE4FkpIHbK19m65hmwyrGl3qVojfns51uinHo2ZaSuM+oIVJcqOsYDHK3J91KAxvnKPemc+ytwfJ0cLo5ThskrF4HAd11JIcoiYEAiADGMDHukB3XVGslqTXRVXDpu1Vx1mHwpez49iqprepenXl0b/n6T+k7uAWr0O9Em90Dih0NRJflyZKoh6Z6laRPAKSqPJxpOVkb30Hc7aXVFMBPDyC3nC9Lr+n6Cvy/wAMRSf1sGDlVgPUVheQ8CtpT2xkgfZIcOTVVqZQ/F8Hkhj/AAuGCOyGGZ7r1S6WCydVR66FzaOuGXEacavbCwt56cudkl01kJ0k4DgNiglXg6VOqysS7KUAg7hEa3G5G6dpPIanpT4NfyCSSSUKbyPTxymYKI0bhRECM4Tk1nCcmIAenpierFzHjlEA7oYHdEHChR1IcpySgkKOF1JJQjWQo8KpYYKrcH6XHkFUdxtj6WUkDLfUcK4AOUZoEjdLgoSE5RZlHHBxnB9E9rxjBU+62UtzU02fdqpcvd5SNwgNkJqS4JLoWSDjKhTUvh5IUuOTSBnunuaJB91SWA1PDKgAjORwlqHqp01IOwUJ1O5p4zlUNVmRiSWMJKB7kJJJJQs+8w3w3B7Tgg5C1/Tl1+ZZ8vI7zMG26y7gm000tLO2aJxaWn15C/JMpbj9xWR3I9Mjk2AyCpMT8EEKltldHWwiVjuBuFZseNkrBinBpltSVZOxAU5smocKjjl8Nw2VpSztk8qXgU4knJXRkkJg5RQRygwJfQQcLq4PZOAz3RCZdhEkkkRQ9JJJQg5JJJQMSSSShB6SYkoQekkkoQSSSSgkekmJKAD0kkkIIkkklCCSSSREEkkkoQSSSShBJJJKEEkkkoQBURCRukjIOyoqqlmt8/jwg6SckDutGRlR5oRJsRlQJSwRqOrZOxr2n7hT2uWefFPQVBezdjjn7K1pamOZoc0/cKFvknjlFwHN3UdEHKgMlkRZIw5a4ALjsTM0uI32IRQWubumGJo3Y391Bb4KKopZ7TUGopgTC76mcgfZT6StiqmB8Z2P7KWXg5a5v5FVFXRPopTWUY/luOXsChC1VfcbLTXLd40vxgOA3R6SrZUMBB3UlWnhgyeDESvu1irPlq/z02dpQNsdld0tYX6XtIc07ghW1ZTwVcJpqmMOa8Y3HCyN2sd4sDTW2Quq4s+em1ZcR/hWqq1iJLca6krC0g7Hsd1iviT8KbZ1jDJc7c5lLXAZLi3PiH/EVZWC+Ut1iHhv0TNyJIXfUw9wQtDHPpYASuro9fPTzU4vkyXVbj4xvlkuFiuEluucDo5YyRuNiPUKtyY92n7L7B62+Hlj6+tppK6IR1UYLqecDdrv+i+X+tehb90NcX0N2pXCHURFPjyvHZfSPGeehfBRk+Tn3VOPRSQXHSQJTsp8NQJBthUcje6dBWPjOAV6qE8rJnby8M0Q8ORha9oIKBHHVULy6E+JEeWHlR6esB2cVOjmBGQOU+M8B/CprK7OSijuH0nwpByHbbqFJSVNK7LSceykVdGZyJIzoeON+Uw3CWna2KrjO2weOCtELucejLdolavuXP8AYizUdHc2GKuhaT/Vp3WNvnw2qTqntDfFbzgHGPyXoIbTVQ1MIB9kOQz0hy0kj1C306mUOjg67wGn1MHG2J4ZWUFdbJDHVwuYR6hAiqCTgAL2yuobbd4zHW07C4/i07rDXz4cT0+qptbg9h30rqV6mMliR88130xqdOnKr7ofr2ZIPBHb9VzxfUINVTVlDKWVUL2Ec5CRmYWjOQmJqXKPK26VR+1cS/TCJIXiM9V0SMPf9lDE6pR/INrKK2XsoxeAhCY5QgJMsQQe67gcqGycbZKO2cEBQmQp4QRq1IocClgKEfAhwundJJAUM39U9JI7qEzkWQkmYPqnqEawJJJJQoemJ6YoQS4QMZXUlCwZC4iEDlMIOUARxCc0O2O6KmKNZWGU/wCxOsnUNxsEhNJKTCTkxk7fkvUbB1JR3unZLC8B+MOYTuCvHyB+SLTVM9HIJaWV8bgeWnC5es0UZLMUey+nfrHVeIaqublD/wBD3lkzm4x2U+nrIj5XnBXmtg+INPIxlLdWlkg28QcH7rYicScDIXn79JKL5R978T56nV1K7TyTRoxJrw9m4UllQCBkLP0tdJTnGSWnsVZskbM0OY4fZc6ypxPY6XVxvhlE4FrzxhIZactOD7KKx+OTwjsft6rOayQKhv8AxQCfXC6WwytyxwGUAtDlGqGPYQY8gj0Ktfopkt0EgJJGyC5paNghRV8sflqM4Ulk0UrcscHZTYZ9ipJMiukczgLsc73HDsI0kYO4CjyR8BoT4TMdtSfQfxP8QT4p8HGkH7qAdTFwVGMgtT4T5yc6zTp+im6o+GXSvVIdI6lbSVD+ZImjc+pC8f6u+BnUVm11NqjFfT8jw/rx/wAq99ZUY3JKLHcXt8pAcPQ8LdXq5QZ5zyH01otfndFJnxnVW+opJnQVUT4nt2Ic3BCAMsPK+vL90n0v1QxzLjQMZK4bStADgvJuqfgTXUxdUdNVjqxoyfDkK6lOpjNfcfNfK/Reo0vND3L+3Z4+DnkhP16d2uVjcbJWWyZ1NdbfLDIzYkjb8lTzwygkwjI+60qe7lHi9RoLNPPbNEllbMTjOyksqQ8AEbqm8V0bsObuiifODumZTfBjlRLOGi1y08OC5keqgNqCTxlHZLlMyC4NEhJNbI0jld1BMFYHZKcwnKZnKSrItkuKU+uPzVlTV7Q0Mn37ZVIcggo0b1YEo4J1fZ4qlxnpnBriMkdiqGSN8bixwII5V9BVBgDUaeljq4tmtDvXG6CSCjJxMwNQdnOMK4oL3pjENSeOCodVQzUxy4ZHqorW4OeUPyY4GPbYuTXwhs7Q5pGMZXDFp5CztJc5acgDdvor2kuMFU3bloyQmxsyZpww+Dry+MjHPIWv6W+IVbaJGMrdU0P0kA8BZaaMHBxlC0+61KRitpjasM+h7J1VZrzGx1LVND+7HHBCvQ/I4XzJQXCqttS2opZC0t5HqvTel/ihrDae69ttSPKONqtFJcxR6m13siGUjgKtorhDWxNmgcHNcMjBUxr8jOEeV7Oc4NcMO15JGSjNPuoiIwnIGVbQPZMDj6ogceMqK13GSiBwxypkhKa886k8TnjChh5Cfr2wpwyZH3K22u/QCmu1LHUs7B4zhZaq6M6nsAa7o+u/iNI0ZFDWSAPb7NkxnH3K0oJBzqUuCqdGQ7KhEZK1dZ0VTN/DLjDNQXFuxp6hukn3B7haEVOPRSrrZem+qIRT3ygZMRnS/GHMPqCslW9FdW9OZqOmakXegaP+zTH+ZGP8JUIahsgcAUXxB6fusrYurqW5TOt09NLR1sYw+GYYd+Xqr9j84I/zU/yFJYJYJBzqRg7AxqCgCfJwieKp2KJer3C6CcqO05PKMz6Qo0QMOEkzISyFMkHpJmQlkKZIdyVwgHlLISJB7qiEaRoadk+GXOxXHMwUFzTyrayiE9rgQkcHuokcpPlwntcRvkpLWCHZ4GTRmOQAghZiuoJKWQtcNuQfVazUolfAKiMR535BTYSwGngw9yt0dwgMbhiQbsd3a7sn2G7yNxZ7mdNXCNvR7fUKyqaZ8Emhzceh9VUXi1GsArKV2isiH8t49R2TexqaksM0wOr2SLQ78lTdPXY3GkEdS4Nq4jpkZ3yO6uTyjFSW1lbdLXFcYw1x0ubu1w5BVEytnpJRQ1ww4bMeeHBa15yMEqpu9rjroC1zd27tcOQVBkJ54Ku60kd1oX0jwMkZYfRy86jY6mqX0s3lewkbrc0tbLSy/JV/lI2Y88H81U9aWsSQMulMwCSI+ctHI9Ut8m2meGkzOzsOdl5J1tYX2erNbGzMU7t8cAr1yORs8QeO4/dV97s0d7t0lHKBg7jbfK5uro3rg9L4XXPR6hc8M8ct1bPTyNcw7HkdloBK2dgJx6rN1EUlBVyUM7CyaBxa5vp6KxoqvBbnheZ1NOJYPsvjdbxh+w9VDg6gMZV/0pdcA0Mx3GwyVCDY6qDTp37H0VVqlpJy9hLXNOQsL+xnfU5VSUo9GyvNubNmVrQQRuF5r1FbTTP8aNulpO4916jaq+O6UDXHGoNwfus51HbNbZGaMgjITN3AzX6f+TXuR5w33Rm7Js0DoJXRuB2K72KOMzx0ouubQdjs7JlVGWt8Ro+6CyU6wFMOHR4JzkInyFCzcQoKt0Rx+i1VBWZij3HCyksGlwcBsFNt9WWOAcThJaSNmmvVctrPQLZVl2MkBXTg2pYPVZC31JDQVordWjADkqSyep018duJEK6W/Y4GVl6yB0b8EbhegzxtlbqxlZm9205MrW/khZn12mb++Bmk+Od0PCbI0sO45XcYAKtPDOJulCRo7fXNMbCTnbBV1HUNewbgrFUk5Y7SAr2hq+AeE/OUbqb30y0qMtYXsHCLR1pEQimcT6Iepro91FdseEqb2myNzg8xLQztdwUg4ZyCqttT5sZR46jIBQjVbuZaQSlh2VnTvEjcE4VHFKDj1KlR1BbjSrN9N+C5BB/FlEKgQzagFKZKO6Wbq7lIFIwEbBQtLw/YqzcMhRJYx6IUHJZeSRBOCxrCRsiaRjnOVVlxjcDlT4KgOaNlU1wFGfoHURBwJwoUM0lJN4sbsFpVq8NcDvnZVdVEWAyAfkkThngJzcHmJsKKaK7U7ZhgO07jPdSbRcH2+t+XlBDX8fdYu23GehmbLGdu7exC2kT6S+UglhIbI0cdwVitqOxo9S5/5PQLXctceC4EK4Y4PA35XmtjuzqSb5OtcWu4a7sVtaOrJwCeAuTbDDPUaS7dEuHMBHAKrZmVNtlNTRnyE5cxToZQ8blPkAI9VnawbU8k203qC4RgEhrxyCrFwBxlYqqpZaWT5ujJaRu5oVlab8J3CnqnaXdifVUGngu6uIEawPuqmqtTZT8xSYjmbvsPq+6uHPD2kFRJHugdrHqjJj2Zq505nj+bjYY6qnPmxtqCkU+LnQipj2nZ/eMOxwrerpmVLDPABqIw4Kif4tqq2Sub5HnBx6IxclkjSgHnbCqrjRR1TSyVoLSMbrVXC3RVsIraA/8AM0dlQVMZwWkYIRC7K8o8+Iq+l7q2SBxbBI7jOy9c6bvrbhSM8VwLiOQsHdqJlZAYX7HlrvRVXTt2rOnLj8tVOJhJGCeMJclwIjY6We3snLSMYKkxzawB6qloqhlTFHPG7LXtBG/qp0cxYRtlYra/0dKq3csktzDkOAwnxP1AApsMwlGCN0nxmM5Hf3WNxNSlkMGlpD2bEb5CmztZXUreA9vdQYXtxgp0MroJCM5aTwhwHklWmtc6Q00pw5mcZVyyQOGMrMVTJNZq4G7jcgFWdBVOqIhIdj3GUGGWWExPITY38ZK6DlufRRwcHlK2tkJ+R2UWoa2VhY4ZTmS5HCR3RwWGAY+vbJQVJwMAldqY/nKUhh+oZCur3RCppHFo87Nws9bqjWHwO2LV0KXhibllYMldKZzopISPM0kLzW+Ur6apEzRjfBXsV6pPDnMoHlfz91g+praHNeQ3YjK7GnnwcHXUZjuKmzVJp5GODsZK9esVZ83Qs1P1OYMFeGxvfFTmTUf5ZwvSOi7tiOImTIIAKfNcAaO/GInoUWQ7PZS9OyBEWOaHs7jKLr04HKys7sHlFL1PSGopA5rclu6zdDK5hwdiFuakCRp2ztwsHVtdT1zmkYBKoqXZq6Zwlp2HKNHlj2lp3yoNqf8A7vucqYOc8ok8PJclmJF6gptYE8Y3byvJfiva31NvNaGag1oI9ivYqpplhdHySsd1JahcbVVUJbh+kkfkux43Uuu1HkfqHQR1WlnB+0fNVPMdQBGFYMl8MNI3VbUQTUVVJBPGWPa9wIUqPdo3X0jTyU4KR+abofDZKt9p4PVelqky0YHphXtTgs/ZYLoy4SRvbE92QRjC3jQJm4ytJr09mYIZRSF5FM84Q6xoaMoJcYavPZqNO7xmbKGhzWCmqTpkAARKeU7AodY3zlBglDXAIGArsPBcxuA31BWtvqBq0k4wFQRu1AHUQpsEojIPKVZDKwdvx+rVUksmrilDmgZCI3PqqqkmJAVixwxucrn2VYPf6XVKUUwz+OVBrsOgfnndSpHAqBWZLMBZ1HBvdu9EC3EtjI9Cp7H5CgUbx52kYwUWN51hv+qvaxO7kmvw4YPC8+vMbae/hwPlkIIW81lrCSN1iurIWtLKlo0kP5QpmHX8wTXpl20h1M059VCkwH5HKdQvL6RmTnZAqThwRtZQquzKTJkb8jCBcGa4COUqV2dvRGnj1sx6pElh4N1c8oBaJQI/DGzm7I9UwCVrwO25VdSuLJ/Lt5irabDoskbpUluGqWSurDgNeBkd0GocfAyj1WTEB7qPI7VCRjjZStYYiyeGjx/4qM3bU45OF54yTbccr0v4qMzTNH+L/VeaMLQBkYwuvV0fHPqZZ10pCzl2Uan+lAHKPT/SmL80eeYYAas43RsnSEIcog+kJsBZ1yjyIr1GkOBhVaXEY/c7hc7YXHfUiR9kntjSRC3fdSRwo7DgcIzfMm44EzWRo5R4+Ag4wQjR8BGwPQZnZGYABlBZ2RQMjnCKCyKbwcmdnACsbNC0RmTG5KqzkuAAzlX9BGI6cN4PKYbdHFbtzCSPLXADupkBIiGyiOZrcPZSiRHBkDcIzrReOyDcp3RjU0cDZZaokc97nPdnfup92rJHuI1cnB+yqZXcYQTlhHOvt3zaAyc4T4m4AQ3jJAClRAENCzp5eTJPPocwYTkk1yb0ToNFjIyMoskg0YwhQDuSmVMm4wgnLIn8gUrtRJUY8oxIxygnlZLJ+jRDo4ljJCSJSxeLUMWW2e2OWaqqpTmoxLuyU2mPVo8zj3Wus1q+aqWtOdLME47+yrrXRN8JhA3XoPSdq8KLxnN3zklYnZuPoPidE44SNNbaVlLSxxsbpwOFJf8ASU1gJ2Slfp2xyigss9a4KmCBnLnj2RnEMAAQ2ODfMUj5yt9UMHmdfq054iG8TIySoFbWBvlByn1UjYmZLvyVLLUCR3cLoRiksnFuvcmS4AaqoBI45V9BEGBVdriaxoeW7kq1c8NaFmunng7fjo7IJsLrDdgrG3sLj4uNlTw5ll8P1Vw1/wAvFpxlc+dfyPB3JauEI8kuerbCMFyoausmqZCwHDScABcrq4yENaVoOlOnpKyUTzR7dvZep8bo4aWvK9nwb63+qf8AiNv8al/ZHj/sW/R/T0UUHilm+xJPOVu6On8PADcAKFb6VsBETW4AVvTswclb5yyfLbpbnlEqJo2GFKAGEBjXAjIUgcJPszj10AngJYPYKovfULLaG0FIfFuEx0siByG+7kIOCXdLzDaIWu8Px6iU4hp2nzSkc49hkZPuoNvt9RUz/wASvD9VS7fwvwRf8o7BMs9m+Vd/EK1rJLhI3zPx9Kt2h2dR5VFoKGfnlUXWfVlu6OsstzrnjVgtiZnGt3orSuudLaaSSurpmxQRNLnOccfkF5PZKGu+L3UZ6jrmaOnqRxfQwSD+/d/V7jA/yUbSNNEM/dLokfDbpG49SXb/ANpHWdPGKubzUlNjyRR/hwP1XsUceMHHKUMEbGBjGBoaMAY4RC1Lms9CbJb5ZHjhJNSQbWCOQKytgoYTUVDw1g7p9RUQUkL6mqfpij3cVQUMUvUdbJcKmJzKBpxBC7YnB+oomQPBTz397a2sJZStOYouC4jhx9lbtYGAAADHYIjYRG0NaMAbAIVTURUcRnndiNvJVMnfCH1E8NPC6SV+nHAXnbnX/wCMdzfZOmw6j6bjLYrhcdWfG58rODjY5PdCgN6+Nd4ks1mdJTdK0r/97rOX1Df6WcZ4Pfde20tJYeiLDHQ0UTKaCBoayJjcDPt6IZSwNSVa/uR7RZLN0jZ4bVbKdkEFO3S1rRjP/qiRuqKt7ppTpa76RjgKJRCorqj+I1JIi/Aw9/dZDrfrS6zXNnRvQsjX3OQF1TVg5jomerv8Xt2Qk75G/EP4gz0NU7o7otvz3UkuA5rOKZh5cT/opHw/+HNu6Pp5aqrk/iF1q8PmrJB59+yl9FfDy19IU75WvNVc6lxfV1km7pXHutVhoGc4KhTaOR5HfhdqHlgUerrmUzDq+o7Ad8qNE6eoGqQ88DKglsP4hcdk150j7rmzeVFrKloGMcKwgdTIAc5CgzTEj1Qqus39NlT1Fe9x0sOyKMchE2qrtJKqp6vXshSSukPmdufdU97vdv6fpTW3GdgjHocrRGOBkIObwi0leZcHIWF6v+KPTfSfiRVeuWoZxE04z+a8z6/+O1ZcpZbb04BBBuDK0Yd+S8gqKuprZXT1U75ZHHJc85JVHd0fit2J29Gm6s+JPUHV8p+aqHQwDiGN/kWScwvOCOUQNA7q4sfTdzvkhitsOt7efzTDtxlVo44isIqIqff6crcdKfDquvJirKgBlOeQ4crbdPdA2yw0jKq8mN9QMEtbyFo2iruErYqGER05G2ByiMOq1+7iBCorLY7A35ejhZNU48u2VMbQXOsx82GxMPb0UuKKltjtb4/Eqjtj0TXTV9af538uP7ozj22u15Y2KOhoyYaaISS45KK1s0pxUOAaeWpzGQwH+U3LvXCDPVaPNM78uEuVm0Sm30GkEFMQYW4I33KhVt5Jj0TyhgHP2WS6s+J9n6e/k+E+onGxja7Tj88FeNdQ/EjqC9ksMohYT/wxgpLuOvofF26rDawen9TfE+1WeV0EMhleB23XlnUXxJvF6kLKYtgYc50bErNEmoeXzSOcXcklEYbbS7jzuWeyzcz0un8ZVpf7s42K4VztUoJHqVIZS08ADpgMqPLcpfpp/KFEL5pTmeQkHlJdpu2L0WEtfSRf3Tcu9AhGpq6vYgtHbZBa6ihAeG6nojn1b8CnZyqcmW9qEY9JBmPPqiCeijADAcp8VuLhrqZs5/ZF8a10A3cHFBKWAXj+nkEHVTtqZmAfZSW0cgaHVMoIO+PRRHX4nUylhxlRHPuNQdTiWgoclKDfMi3Mltpzl3mdzyo03UMUQLacYP3UD5KR7h4rwB3KOykoohkEF33VvkNVwGyXatnOQNP5oJZVynU/v7qTpZnDGbD3RQUGAntXSIRp3v8Ar5+6I2lwchHHKIAMIewXLPQJsLQE7SE7A9UsD1UIzoYF3ASyFzWFfADy2LSM5T9ITDLjsmGXPZTKJhhsNXfJ6fuo5dnulq91T5JtYfDV0EBAMgHcpeKPUpeC8B/EHou+IPRAyEshWUGSTMhc1BQgTV7rodvygavddyVCEoZxuu4UYTZ2yu+IVPkAJGE/A9VE8Qp3iFT5CYJCSGJfUJeKPRRci8BFw8hM8X/D+67rd/R+6tcE6Dt4XELxSiCXfhC3kqUcjgDlEAOFwOGOE/UPRHDHsr2dBwnkAbgbpvin0RGyZPCZlFN8CDW9guNaUZpyASiN0qxe/AHwR6Log9lJDWroIPAQYBlPJH+X2+lAFOQeFZNDfRO0NI2aqA+Qrflx/Smmn322VkYQm/Lkbq9rCdmSu01EeDEMAKQ2slbgSnhSTBngYTHUmQjAyh8dTTybF+CntgbMPIoJpy0+VqLDJUwOHlwEWSMO+3SjgDCjuptGzmqfBXtwBKUYSU0gzz+SBQUiOe0p3wHbyob4P/lwruSnaRs3ZRX0x7NCr4v0WrCpdEW9kwghWRi9QhGnHohcGMVqK8tPGE0tcOynGPB+n903R7KYwFlETJB4Tw/HZP0BM0eyZgLA4HK6PZINISRJ4JhPsnUV2uFE4GKYkDsStfZuuT5Y6o+xysG0kZXSMo42OIm7T12Rxg9tt92pK9uYpBn0yp2CV4fS3KuonNdDUOAb7rY2H4gvi0xXButvGrutML89nCu0cofiehJKNb7rQXWPXSyjVjOMqY1mHYTlNMx2RdfaOtCcz6giAEN4XNXsi5YrA/YgbJafddSQlDCMppHbKKlglQtNrop6uzU87vGiHhSjcOZscqOZHOZ8pfKY1EfAkAyQr/w0pImvboc0EcYUaTGQtnF5yecX/oXEjquyzNmicNWn0WNlhlgkdFKwtc04IIXtQtJo3OkoJCATkxk7KmvnTdHecuEfy9SeSR5SVnsr/R0tPrMcSPK8YSHKsLraam0zmCpjLSDjPY+6hDHdL2s6ddisWUdaAeUQcppGO6WckIGuQ8hWcJy40YC6mIEenjlMTwO6gAQDuurg4XVCm8IcjIKMoLfYl0A5SA7p+xA2UId2wNl1q4nx91BXYduMYI2VHd7QW5qaZmR+IBXTXIjSOCoTc63lGFL8HgjCeyUjGyu73ZMtNVSjjdzQqLGkbndQ21yVkU0SfK8IUlO124QmPdGcEZClRyNO2UAXRAlpyzgKOriSNrhkNVfJTkk4HCgSk2R0l0tIOMLigw+/ZIte47KM9pbnIVrUUclK8sk/IqPLGHDGF+RT91hLDcDTVPhvOGu2W0gkBAwcheePiLTlowfXK1nTVeKiARSHzx7KC5wUjQAnGSj0dS5kmShg5HCE4Y4QNGOUEuy/bUah9PKI1xVRQVZJ8J54GxKso5GkIMGeccE2OY+iKDkZUUFGilDcAqGeSyHSXA4HgpE47KABEkklCCSSSUIOSSSUDEkkkoQSSSShB6SSSgkSSSSgMlkekmJKAD0kklCCSSSUIJJJJQgkkklCCSSSUIJJJJQgxLGUklCEaphEnlIyCqbW+hqC0bNzkLQuaHcqHWUTKhhwPMoGEpaoTMGN1KB1BZyKSaimDHZxx91bw1WoA9ioQmsJzypDcY3UVr/ZELsqCmsjpIfE3GyADglrgPQgqQHgbcpssLZgHZwfUKFFXVUZikNVSZB7t9Qj0dW2YAHYjkIrtUR0ncKLJTkv8WnOD6KwCfIwPA2UZzn07g5zdTfb0XaWqDh4cmxG2/ZSHMa8YyCjAM/fuj6K5Sm52yR1HW6QWzxDv2DgCMhZ2j6nr7LVx23q2P5dzhhtSdonH3J4K3rqSoi/mU8n/hPCjVFHZupKaW03emjke4bxvG2EyuzYyms9ipqlwcMDKdeLHaOqrXLZr1AJIJhsHDIDuxWIq7D1V8N3/MWDx7rZ3H+bROx4kI9Y8DzfbZajpnqqzdT0vzFrqxI5v95Gdns+4XX0mp2tNGS6nJ83fFb4PXnoGU19vdLcrM9x/wB5ccvh9A71/wBF5e0nPPC+/n09JW0ktDXU7J6edpbIxwyCF88/Fb+zu+hjn6j6Ag8QE65rcxuB7lnp/wAuPzXvvE+dx/p2nOtpxyeGxzOaQQeFZ0ddkgErPmUvcNv0RYpXN3XsYXKxZQlScDYx1LXtHG6c9jJW4e0Oz2IWbpLicgEnCuqetZI0J6bQyNil2cFK2FxdCSM9uyKybPklA+5RsGTfHCFJTeNgA4PqmxuaJOvPY2Sjjf54zgpNDmeVzcj3Q3CopnAOOW9ijMm1gHAKdXc1+TMFtCfEUQLt0/ar3FongYH+uFg758OKuHVJbY/Eb6L01zGO3aMJNdKz3C31ayUejz+u8Dp9TDFsFn9rs+eaimlpZXQzRlj2nBBHCaxoPGF7zcun7JemObW0jRIfxtGHfqsHfvhjcKcuntA8dnOAdwtkNZGb5PFeR+m7Ko5isowT3EbJp3CkVtBV0cphrIHxPbyHDCjadjjfK1qSmuDyt3jpQ524E1+DnI2TxO7P2UZ8UgOS3CYM4OytowS08odljHWHg4UmOZrhyqVpOcosc5/RUZ7K2XQcCuqthrM4BUxk7SMlVkDoeknZC6rIJJMSQFYHpZC4SOEwDHdQpIIkuZCWQoQ6kkkoUJcIGMrq4eFC0DPKS6Qc5XFAgQ2SPtwuJw3CGSByDkGrC0HT3W9fZniGrj+YpcYDQcOb7hUKY5me6xXaeNi5R0PHeV1firfl0s2n/wCTPa7Zerfd6RtXbpxLG8duQfQqwpamWnk1sOR3HsvB6OsrbdOKiiqHxPHdp5XpPS/W9FdSKK5EU1SANJ5bIf8ARcXU6F54R9t+m/ryrXNVXYhP/wBT0OGuhm/Fpd6FSRKWjGMrOl2QHN47Ed1Op68saI5skDgri3UqLwj6lovKKx7ZsuY5icZCeJBIeOFCjnjeAWuzlSWEN3KRtaOrCxT6CSQtfgkZUZ1FNT+akcMD8JPKk+IAdKcJdxtyqXBco7iBFc3Nd4dUwtIU4lr2hzSCE6WipKxpMzN/ZVslLW23Jhf4sedh3COLyImmHlxnGOFFkaTxsiQXCOof4T2hkmNxnlGdDpGcbJyZmeGQTracZwm+K4qUWA5BCB4XfCZGQiUUNM7hsVKiq9GARj3ChP1cEJheT2T1bgx2VKXolXSzWS/QGG4UkUufxYGoLy3qn4KR+ersUu3OjK9La52MZKPHUyRnc5C0w1MvRxtf4fS6yOLII+W730lcbdI6Ouo3N07ag1UE1CW58MjI9SvsCutlqusZiraRji7k43WB6k+Clsrmuns0hhmO+knYrZVq89niPI/RmPv0z/7nziKgxv0ysIUllQzT9S1nVPw86g6fJ+ftr3R9pGjOVjZ6MREgFzfY9ltr1KPDazw12nlixEltQDw5PbUk4VW6mkJzE8g/dCbLV07g2QE+4WjemjlT0Uk8Ivo6jWcYUhsodzhUkVewgHO6kMrgcFp4VZyzLPTyRakYSzhQ21bzgO3CO14IymJ/sU4P2HbI5pBzwp1NWvDh6HkKuXQSEQqcMovHPiqY9LgCCqyqt7G+ZmUoJzGQCcqxjlbK0DAQpZFJNFA+FzTgjCJTvdC4ObyrSeka85aFAlhdGdghf2vKDTUuyfS3J4eGz7tO2fRWTWmZuqEh49uyz2fVGp6yakeHwvLT7FNjY2BOuPcS1ILSQeQnRyebhNjr6OvIL/5Mx2P9JK7JTSN8ww4eoTlMROO7ho1HT/WVyskg8Ooc6Mn6S7IXrfTfW1qv7BFDKG1DW5c0nGfsvnjUc47qXQV01FM2aF+khPi8nPv0UbPxPqBr9Qyig5Xj3SvxKqaWYQ3V+uJwwD6L022X623NgfT1DST2ymqX7OJbp51zw0WwcRsCnNe4nCHnYH1SzlFgz8EgEEZyE/I9VDBOeUZpOkboWsFBs+6fqx3ULU71KJ4g9VeMEwStR9VIprjU0rgY3nb3UHJ9U4DAxnKrILROu9q6e6opw650bBOPpmj8sjT9xusvNZ7/ANLuM8Urrlbhzk/zIx/qrqR5bjAUilu+jEc7duM8/qrSyEU1rvFNdG66Z+oYzjv9lOE2+McJtx6boa6obcbPM6lrtyCHYid92gfuokU7y91PVRmKqadJadg8+o9lRCxiqM4yFMimbjGVUEOGCcjsntmex2+6vBeC41H1SyVAjqQQjh4IUwVgkZKWSgpKYLwGyUslcSVAiXHjbK6koWDPKa3Z2ERcPCAFrI8O9wkd1E31ZyUcPbjlXgoiV9L8xD5fqbuFSugcx2HHGOVo8gqFW0Ze7xIwmDM7Xkyd4t0tOf4tbgRK3nH4/urK13dlwpQ8DEjdnt9CpvhkAtcAR6KhuNDNQT/xCgB05zLEPxBEG/uRf6soZ3QLfcIrhFrjGMcj0UhMEtOLK262+GugMEsTXB3B7hUTIZ6Em214MsLhpY/GfL7rWSAbKLUwskbpexrs+oyqY6FrTPI7lSPslzkpXeaKRxMZ7YPCLHJvnC1fVvT5rqEOpwPEiOpp/wBFiIHvjHhy/UkTSZ06bN7MZ8TunAWt6mox9JDahoH4e7lgoKg4GF7y4RTxPhnia+N4LXMcMhwXjHUPT0/Tdx8J51U0xc6B/qM/SfcZC4Ot0zeZI+i/TfmN2NNZ36JVuuTIIwybfPdT7jRipibUQgbjP3Czkcgc3AGcK5s9e9rxTSuyw8Z7Lh218ZPpui1SkvisO2a4ut1TpeToJ49FrqmKOspxI0ZyA4LLXSgaB8xEPvhTelro4vdQTvyCPJk8eyRn0dmmyNc/jm+GZ7qqxmNxqY9hzwssDyF61eaFs8LmFucjC8yulufQ1Lo8bEqQfJyPLaLY91aIIaAchSY3kAAoGCOU4O0laFyeeX2MJO3vyorS5rttt1NB1Dj1USYaXDZDOIyXPJe2m4PePBkPHBWgoa0h4G2yw9PKY3AhXtDVh+ADukNejraLUtYjI3lJVCVoyQuVtI2obozjPdUdDVkYGSMK9gqBI0BL2noK7N62mPvFA6nlw1uR6qr1ey3lyo21MRYGjJ7rF3GilpJCx7cY7+qvBy9VpvjbkiOJNBBHZT6OsOpVQGTyjtd4WHYymLgwqzBrKOp8VoyUWUAt5yqChrS04yrmmmEoz6qfnybK7N3YB5LHcZR45sAAhEmgDiCG/mo74yO37qsYNKeCdDMSQpjZeDt+qp43EEf9VLa8kIDTCwtqerIwNvsrCGYPxvys8xxzspkFTpIyobKrtvZoozluc5Qp484IQKSqBCmCQSD0QHQrsU0Vk8RyDjhdieWYbhS5ox6cqGYy05VN+ipcdExkpeNyuVEIc3HZRWvDSMlTWTgjGEElwXuyVs0PhkY2U20XF9HK1zH433GU2ri1jDfTKrCHQu3WeUcjarJUzUonoEnhXanEsRAlYM7cq66UvEjyaOqfl7NhnnC86tV5lpSDnOFomkVeK2ik0uO5aDggrBdRufB6LSazdicGeqxTOGPdTIpA8AZWS6bvrq+L5So/vohjPqFoWO0FpwubbVKEsNHpNPqI2xyic+MEKsuFC15bJGNDxuCFYxyamgrr4w8jIys5rTyCtN5cWCmq3edp05KtpGiaPbf0VDcbeZW+LCNL274HdEtV1ewinqjg8AlUEpYLGKR0L9Odj2QLjSishMeQHcgqVMGu8zQoz3atuEYSaKu1109rqDFMDoOxzwp91tUNbEayjxvuQOyHVUwf5gMlOtNeInPpZePdGXOCaMdcKd0Eml4I9Fnb3bnVcOuIgPZx7r1u7WWmuNOQGgP5BA7rz27UNRQSmORh2/dW3u4OdqINrCBdDdXSt02ipb/MZsC47EL0ZlRqA2XjN0pTGW19JlkrDnyrcdGdRPuNKGVDwZYxj3KXOvciqb9qUWbmmnLMKxL454gQd+4VLFUZ2IUmGXusM68M6VdmUTMujPsiNk174QfED/uuRv8ADPGcpLiaFLJOY/IA4yo/jPoKsaPoedx2SY4O3BRHsjqGFj279igcQy7Y7U0H1GUyUaRnlVVorZNb6Kdxyz6SfRW5Iwl7QwccpzghSQQ4fdQnOwSnxT74IQpMAK9uRg7grFXWJ9rufiAeR5ytm9wdjBwqm/28VtC7SPOzzAp1U8MBrJU10TKujLmjluVh7xCHxSBw4atlaajUw08nLexVN1FRhkvisbhjuV19PYYNTXvrZ5PJA4RyU2MF5KtOjK1za1tE5+N8fZdrYGx3AuPHoqWB0tou/iF2MvyCuglvR57mqxM97oaiRrGsJzgKx1lzRkcrOWKtFXSQ1DXZJABWgjlBAwEiccM9DprPkjlBFlOpqR0T/GYzPda0HKq7zEaimIa36dylj28FTZ6troGgHcq3jfkLJ2+XwKgx/h1bLTQTl2AQoRSySycqmuoEc2oN+obq4BB7qFcIBNHpHJWvTz2STOdrq99bPmn4nW59Ff8AxnANZPlzcBZ6jkxsQvUfi3ZW1Fs8Ys/nQv2I5C8ippnx4ZJuQvoviNR81WD82fVuheh8hJpflyauw1boq5mCAML0+hl8ZgIPZeNUVSWua4D816j09UmWkBO+AF2zz1FmHtLGujLS547YTadzZYQXHBRpSJI3MI5VXC8wymJ5xvhQ1Tk0Kuj3OB2VWHGNwKu6pnlGVS1bC12rCgndzknU0peBk4UuN5BG4VNQVWpm6miYtI7oDXVfg0NBUbtBVvG/LRuslSVRD2q/pJdQG/IWa2OT2viNY5RwyyBJzkoUgBGCusOUOUZGMrO4I9NC3grafLZn7bak4vxWjA8q42TNSYsY7rk4xIXeqpxWA088k0yBzDhZfrCPVb9Ybu14Kvo5OMquv8YmoHx4yeUjbyI1PMGQLFUNqKPLewTqxvmUHpeZgjfCdiSQFZ1rcY3RrCMVL+xEenk0SDJ2OynghyrWuy4eymM+jlIshl7jXXPHBDmAiqHaeAcq0a4S0wIPuqqsJc7IG6PQTamGMn3SHwaap/dtOyN8pBUN3Dh3U0uOsghRC3+dIrh2DdJI8t+KIzTt+68p7heufFGM/Lj7/wCq8oLM43XSreEfI/qmG3Wf5RxucZKPB9CCDk7osH0I4SzNZPNYyGj5Uhyjx8o7+FogLGSkeqhy8osjiCgyDCp4awNhga1Fh5KE1Fh5KUkWS2cLq43hdTEKksnRypLeFHxghSGfSETWRMnjgJjKf2KUeMjIXJAD7JyeAPYWkj1zjbIV63ytAGwVZaw3Ogt4VlwQrOlRHCDRjg4Q7hUeHEQMDPujxAAbqlvNSHnTnYHhW3g1XSUIFNWOL5C48FRScjdHmOST7KK7lZ5vJy+3k4xuXDA23UsN8oCHE3uQiE5UislHE4NOQuDlGjZncjhG+gZPCO/S3ZRJjlSZcYKhOOSs1ktoERhccnJQsZCeN+VxY5y3DkOxnZX3TtCJJi+SPI2wqSBnizNj9V6BZKDw6VoLRq23WTUz/pPVeE0iskrJF1Zbcamojjazb2XpFPTspadsQaNhkqk6Yt7IGiV7RkNV8XapBpWHfzg+keO06jDIWnGwlI/JDkwT+aJIQ1gA22QOcjK26eLlLIXlb40U89nH743XNQa0lN08nKj102huPVdiEMHhp2Z5IVzqydIAzyo9vjE02XjIBQZ3eLIABklXdupGRMGBudyislhF6aqNtickTImhgACI7U7bK7jAARIGl0jQBsVjk8s7yW1YRJoGNjOtzc5/ZButx1EQxHYclPrKmKhhyRu7YDuo1qpDX1BMg3PAXU0GmjP/AFJng/rD6iWhqelqeJtE2wWWputSxxYSwEduV6rbKBlvp2wjGrvhV3TdsFtpmuewayNvZX0RL98LtN/o+F3Xux5fYekaDKMq5hiAwccquo4iHhxCsowcDdJsb9GWUiQG7DsnJre6p7pdJppP4ZbCPFdu+T+gIABt4v8ANHN8havNUO2LsbM912zWGGiL6ypHjVUx1vlfu7KdbrdDSHW8eJKd3PPJKtW5PZQpDgMlOe8NaDhOaNONuV5v1j1BX9VXc9AdKPzI8EVtQPpjbtsD+qnSCik+yDdTXfFnqcdP2+Z0HT1veW1szXZFQ7+jbtxtlerW600dopY6GhhbHTwjEbGjAaFB6b6ct3StpgtFtjDWQ8nGC4+p91cDA2ykSk5MZdNywo9Dwcd0sj1Q8n1SGSeVeWKCrhcG7kp4ZgZ9Vj66on6zujrPbfLZ6V+mtqe1R6xs/Tc+/wCp4CSHMlm61rgYQ6Oz08gJcT/2hw9PVq2EYYwANb5RwEGlpoaOBlNTsDI4wGtAT3O0hD0XjdwOknA2xheaEXr4w3xthtL30/TschbW1A2EwH4W+3OT3UisrLj8S72zpTpxzobdG4ivrWnZw28jfbn7r2Kx2a0dG2VlDQQiCkgHHfKrstPZyuxluprR0TYo6CnjbFDTt0taBguKq6eCqv1WLlcQ7wgf5EHr7ldcypvtX87VD/d2H+Wwnb7lUl6vtde609LdLymLw8sr6tvFMdvKPcYKWX3yB6q6pudxqX9JdFhr6sN01dSPopB3H3Vv0b0bbelKIw0cR1ynVJI85e93qSj2Lp+3WKjZR0kZ0tOp2Ty88lWoOBuoUwpw0EqtrK0wscIhrlzgNz3Tbvdm0rWwxtL55NmMHdMoaEtxUVQ1Skfoq6EtsHT0sr3tlrxqlA49FOAZE3t+qc7B3zuodTKGQul7NVfkUNq5cbg7AKgrbnyMAodxvOuMxwO+rlUclQ5zsb5KaoZGxWSZNWmXsoROSSTkeyrr11FbOnqJ1dcpQyNvqvAOvfjVcOoY5bdYdVHTEnLm8uT4145Nun0U9RJKJ6X1z8aLF00x9HbGtrqvuAfpXzr1T1lf+qqgz3OpyOzRtgKse8uxnkJhbq5R9cHqdNoqaK+V937Awx5GUeKHW7GcevsrSwdM3C/1IpqCMuLSNRxsAV7P0z0PZumKP5utZFJVY3yM4UwDdq4VRwuzE9I/CyprHMrLwBHTO30uGCQvR4IbXYQKKzsaGt747ok1XPcsUtGCxg5ONgEemt9PQnxGjW734yrOLbqZ2dg4KGOon+cuUukYyAU+aoqJWupaIiKHs7Tv+SJK1tRIHzDJHA7BdxpGGjhE3gz7svAOKHT/AHjtR7kncokjgMHOAqu83yhtMYlrJNI7DPK8i61+L3izPpbVI8MGwwUt3ejXp9FbqZpQR6T1D19ZLICx9WBK0btwvG+qvijd7rM9lFK6KPcavVYytudTcpDNUTOeTvucqG6fRwMrJbflnqdJ4iuiW58hDLNOf5rwfyTHODffPugOn1eyZknkpDtydiKS4QYy7kjZMy3OcBD3J5TgzKBybCksCLtsAJzYppjjOyc2PSMlJ0oPlAwhBCRxwQ4dLgldfXaW4h2Q2wmTd3CJikgPmByEZTSfLAOdX1DstccJwo4ycz7n7ogrW8U+wTRqkdk/mgRcZNcRH+FBCP5bcEIYnlk2cdkXwwRg8fdPAgjILW7qFyk/YNrJMY33905sB5T/AB2f0pjpAQRhTkWEAY0YyP1XS5vqP1UUjvlN1D+pVwQll6aagn8KBraAd1w1OMnAUfAUlgP4zs/TslqJHOFGE5P4Ug9542QbiyUNR7/sljI+pRtcx/4myWhx5KtvBWCUXNxygl7c8ofhEgnUmeFvguQN4LxgNr/xBLUP6gh+CRyUvA91ReR2s+qWs+qXg+pS8H3V8FbR2r3S1e654Z7J4jIOUDeAAmo+qbqk9F1oxgIgAwqIN8ydgpwAynjThQCUsAS0kpwGBhEwU8R5UBApI/g5/F+yQgJ7/soUDAycBdaMHJUnwCeyKIW84RgOxIjhpxwnYCOI8bYTWsfndQH5GMwUsFSQwY4XRH3woR2ZI+Cn4KPoHon6B6KwckYA5RmnAT/D9GpwZjspkCU8HV0E5XMFLBRAhQ4kBFZJo2xlBaCiYKgElkK091IYxuO2fuoieyU6kQD4Jen2S0ey4yThHaQMFMi00LcwPheiRhJGMqcIm44XfBB/D+6vAG5laabJzpTHUrsHJAVr4Df6P3XPAHooV8xSOpnA4yEhFIzcOCuPAB/CFw07TwAFMYL+Ur4a2WPyyDW33UlkkUu4PKbJSB+4ACCInxEFqJPBaaZLdSNeMhRpqIt7J8VY5hAlOfRTGVMbgMhFhSI3gpZoXsP0IOnkEYWjfTMkHACg1Fvxu0YS51/oNWFMY8nhc8Meimuh58n7oBjOUO0creCNgJhBypWgofhFQLKAYKcieGfRNa054ULOAEdl1pKNpBaMt4903w/dRMmCVQ3KroX+JTTOaR6HC3HT3X2S2G6DOMAOHK8+a3T3XTtv6JsLHFma3SxsXR79S1lJXQtlpZBIDvsU/C8ZsfUlxtj/AOTK4t9CV6PaOsrfcmsY9wZJgBwz3WxXcHH1GksqeUjQ/kkuBwOCO/C63lF2Y8M6B3TwBhIDuuq0ijhATCDlETiBhXggDJQSATkjKlEeiZgpfQXZWXG20lxi8KrgZI0juOF5n1H0zUWeoc+NpfTuOWu9PYr1x7NSC+jiqWFk0bXsPIcMqnFD6tROp8HiIOeN0tBWr6o6Plt73V1A0vgJy5gG7f8A0WbLQ4AYSZQz0dem9WwyhjBjKfgroGO6fgeiHGBm/nA0co4HdAHKOOFCZ4yE2xgJAZSAynKCpSyMRhygow5UIggHddXBwuqFMekkkijHIMpbRA4RA4gnZcyPRPJyi2ASe4RJcNJKortaTDmppmau7mjlXwGO6I0BwId35UawXXOVcsxMOdL25bz6IHiSRuyRt6K5vVplt8jqmJuuF5J2H0qAWMqWDw8IMHQjJNJsbHVkjCIA2UZ2BUCQOgkw5uFIil0hpBzn3VBNY5XRyan3yGqOYyDjCsw9sjdwo0rASoRPJ+g7JXVOaerAyR5T3BUSamfG/wANw+xV9drRqBfDs9u6gU0zJQaWrGHjYOX5DawfuyMtxUy02wJHKk2dwpqrcfUMD7o9TTGJ2kjIPBQoR4ZDtO6pLJcujWUlSJXCB2BL6KVIwtGCN1VNjlfTCrib/NbtlSaSvFSBG938wbae6AyyjlnXvMbwQFa0NTrIa47lV74y7tugsMkMzXDgKAzjuNQzcbkJ5yMKtp6wPxjZT2uDhnKAxzg0SWPOkA7ooOVGBwnskGcFQU1kkpLjXagkTjsoLOp6YnqEEnJqcoWhJJJKBCSSSUAlLaJPTE9QASSSShGJJJJQWx6SSShQkkklCCSSSUIJJJJQgkkklCCSSSUIJJJJQgxJJJQhW3GjdJl8Y3ChUlQ6J3gzbemVoWgHJIzhUt1oXPb4zOQc7KFp5J0UhGApLXghU9FXMcGxS+V7dt+6sXPDgCP0UCJCOw429FEY/fGFIZJkcKCmsjpIRK3HdVz3SUkuiQHHYq0aQuSRMlbpe0EfZQArZWte0TR7Ec4RoZT5SUN8clM4tc3MXqlHI0nI4VkLGN5LRnuo9dRR1JBwGPHD27OH5pRPxjZSQQ4ZCtPHJCBDWzwP+VrXFzRs15/1WZ6k+G1JX1Rv3TVY60XXGRUwDZ5HHiNBGsfntkrYSQse3DwHD3CA1z6J+tri6M8s5P5LRXa0LayYWwfEWqoq8dO/ECn/AIZcgSyOfmnqCOXNdtjOR+69GhdsO+VU37p/p3rG3PoLrTCoiePpIC8+/wDrx+EjGkCo6i6aa8NkDW/71Rx+uoDzN3/+YuhptVJP7jNbSnyhfF34EWnrRjrzYi23XZudb258Oo9PE5Of8W6+Vr1Zrx01cZbVeaJ1NUROLXNd3x3HsvuiwdV2HqilFZYLpHVwDGtuf5kZPZw7Km+Ifw96d+INq/h14psPbkxTsA1Rn1C9n4vzk6Wozf2nKvjteD4jEpG7VJp7k+PAI9Vb9f8Awx6q+G9ZivpzU2p7i2OuaCAD2Dh/6rLGQMBJXv8ATauGogpwfBkbcXlGwtl9ge0Rz5yO6uA5rgHMIcDvsV55DWRxPD5NmDkrQ265OBBjIc0bEH0T3yOq1CfEjROaHNIIzn1UCWmLDriJBHbKOyuieMtT9erGN0UZuLGNKXKI8cupuTz6IkdUxuzxhKen8U6ozpcP3QGHB0vGHBOVjkRwXsm+HFN52PAz7oT5aildnBLfUIY242Roah7dnDITIz28mW7SQu4INwtdlv0Xh11LGXEY1adwsVevhS4NdPZaxr3f908Y/Qr0Z1PT1HmA0O9QEJ0NRT5IGtvqFtq1clwjia/wVV0MTieCXKz3G2udFW0skZb3I2P5qocQHYxwvoepbRXFpgrqZkjTyHN3WVvnwztFaHSWzVA87gE7LoVaqP8AUeL130tPGKH/ANGeQHYZQ/FzsQtNeeiLzaS4uhMjB+IDOyy8jXxvMcjC0jsVp+SM+jyGs8XdpZYtQ5spa7IUtlVgDj9VWk90zxcbboZLBy5UZ4L2KvzgE5ypbKgPxjusy2pLd99lPpa+J2ATuoZ5UtF4DlI8KHFVx7BSWzBwBHdU3gW4tCJOVxOXcFXkgzJXQTlcXQDlQg8cLq4OF1QESSS4eFChHCGeV05XFAxJJJKEB5zyFzHoipYKpxTKwDbGPVDfHvspCa5uruh2L2Xlp5RddPdZ11nf4VW59TTYxhxyW/ZelWy8W68QMnoalr9QzpzuPYrxYtJRrfcKu1ziejeWkHgHC5Gt8fGct0D3v059bXeNap1X3Q/8z3aN7mZLThSoK6U+WQ5C87s/XlPUSNgr36Zu+CtVT1zZRlhBzxuuFfpJQfKPuPiPqGnW1q3TvKNNHL4g1ZyjtOPyWaZWyMdkHCsKa5ZAbK5Y3Tjk9TRroTXJexy4xuE8yZ5VdDOHgEEognxvklDt9Gz7Z8j6u30lV5nR6X/1t2KrZKiotr9NQ4vhH4sZwFZtqAeUnmN7fO0Ee6tcGe6uKXBGinhqRrp5GvB7Dn9F0s7FVNzt1TSl1XbHljhuWt2yoVN1Ru2mujPCm4zxlMizm22Kt4ZfvibjjP5qK+HTuESOojeMscSCnh4cCMIwFNT5REc9zTgtSLw7GkqUGNJ45XJIAW5ACPIuSXYCN784BUuKaUHzOBHooLo52HMbV3x5I/qbkpkJ44B2JrBbNnJ3Izj1WS6j+FfSHUxfLLbxS1L/APixDAJ9wr6nrYZNs6T6FTY377J3zOHRjv8AH06mO21ZR8+dU/ATqe3F81gbHXRjcNL9Bx+hXmd0oLrZpjBcrc+Mt2ORn/5q+2GSahwoV3tFuvEbaa50cVRCM+V7c8+h7J9Wrl/UeP8AIfSFVkt9Dwz4m8OmqN2HQ8phglZsN/zX0d1X/Z76duYfWWOV9A87kAah/ovJ+ovg71z02w1EFP8APwA7Oj2OPtut9eqjLs8br/pvVafL2tpGJirJYnaX5I91LZWascBRpnOp3mC7UslNIDjzNwV3wI3ND4pGub2OU+NyfR5i7R7Cygry04fuFNbPHK3ZwWdeKin33x6okVW7I9UzejBZpsGha4nfVnC7FVSNdsdlUx15YMEE+qnRVcL2gh2D6FWpmWVTXBdQVWRh4BXXwtk3BAVa2YAZaeAj01wGcOzsiXIlwaOz07mfSP3Uf7hWw0zN4HChz0biC5hAx2ROP6Ipc8kZpxuN8KfS3WSNgjezUB6lQAHN+oJokAyqUmFKCki9ZJTVLC6HyyAeZp7phD49yFUtmLXbZCnwXIgBkw1t9+ydG7Alw2kuOfJ0lW1tvtdbpGvpqhwx2yqcGlkw5r8ZRHUgmb/KmOR2T42ZMl+nVvZ7D0v8TIZw2nuuoYwA5b+ir6WujElNO2QH0K+W2T1dGfOCQ39Vp+nPiBUW+UNErm78ZTzkX+PzzA+hkQfSVlLD1vb7vGyMuDZcbknYrR+LqGRx6hHuRzbanU8MKeUg4g5Q8hJTIkkCfA+ldE+fwoKR2V4RCQXB4BwhtIOcJrZcduVwPz2VxeCDw4tGGuOCh3EC5QCOYkSR7xSD6mu7fdOyEshEWVdDeZ6SQW69tDHnaKbHkePv2crh7ANv9VFrKKmuFO6mqma2O7enuPQrOvN26Td4mmevtud258SeMevu0KB8SWPZqAS05zwjRVJ4IUCiuVFeKZlVb5g9jm5x3HsUUjHdLYt8PDLOOoB5wiGTAyqnWYyMKSyo2GVCZZN1+y7rygtkBCcDnsryTIblFUfITshRrJfZ1JcyF1QsYR3QsuRchcOOyjRTGAnKKTlvKEeVzJ9VWcAMDPADlwaoUkYwQRsVbjGMEKLPEMbNR9lwkZaoop7dOayizpO74xwrCmrGVEQkj78j0KnuYA4ghVlTQy08xqaIbHdzOxRhykpEoHKEcO2IXIJmTNy078EdwURUkU2A0jfO+dlgOr7BLSTmvpow6N27gOy38pIxhRquCOqiMUrQWkYVdmiizZLJ5NHLsB3Vd1J09S9R240suBKw64nnsfT81e9Q2t1oq9TW/wAuQ+U9lBimDgsttKsWDrUXzrmrKnho8SayajqJKadpD4nFrgfVSI5XE6m7Ebrddc9NGvY25W+JvzMYPiNG3iD/AKrBQu/Cdl5/V6X43hH1jwPkf51ClJ/euzSWi6RTN+WqsbjG6rbnSVNmqhUREmMnU1wURvkIeFoaGeO60hoaoB2B5T3C4lsHGWUe1ok9bD4ov70uC3s1yp75SANIErWgOaTvn1VL1FY3yh2G+b7cqqttXL0/efDfnSXaT7hbaZ7K6IVUBDm43HdDXI6GmueqqdFv+5HhnkVVE+lk8ORuChZ9lqOpLX4r3PYMY8wKzT4nRjdqemeX1Wndc2FgcBsU6ohDmaxvhRgSSpUL9TNJRGdT9MgElpUukqXQyB/IUesjcx4djbCYw4CXKOexkLPjluNjRT+IwSBw3V7b6nJAOFhrbXlmIXcLR0dU1p9UMo4O9otWreUatumRnIVTfKJlRDgjBadijUtVkAKYA2fGUJ1LEroYMBU0rqZ+Duh52Wkvtrd53Rt2Wa0luxVM4l1PxSCxOLCCFa2+twcFUw7okUpDs4VrgXXPazYU8gqGjjKUkP8Ah/dVdsrNGNRV5HJHK0bcd1beTo1zUyEY9G4CTZcbYUqWIf04/NRHMc050/uoaUsB2v8AZFjkIIUQPIOCERj8FVgtWclvTTkYKsoajICo4JwcDClxTcFLN9NpauOrGEGU42Shl2wU2V2EBpcsgXsIORuuxT4OCFxrgc7qM7lR8i3ZtZbQyNeMEhR66lGnWCosMzmHCmRztmaGk4S5xwaK7N3DKtxfG7HCtbRdJ6Vwwc4/dCqbdr3A/dQsSQnGFnlDcPjKVEt0ejfR1gDI7hRPw8fVg4/IraWDqCK5wiORwErRuPVeMW66y08gIdlh2LSr+hvYilbPTO0nPAWK+hyO3otfGGJpnszZdOBhS4ZWntlZqxXmK5UzcvHitG4VrFLocMrlzqcWetp1EZxUostDgjAVZcqAlniMG4325CmxvDgN+UVzSVnawaM5XBW265ucBTVJ8w4JU5/YjdV9fQE5mhGHDfAQ7VdRr+WqtnDZrirTCj/cs2u1nB2VdU07opdfZ24IVg9ul3iNOQfRE0xVEJikAz2KYOyhttuLhiGdwPYFPvFnp7pTnYasbFUrxLST6JAcZ8pVxQVwe0Rvd9ioZ7Yp9Hml4tk9umMMzfLnbblZttTU2et8SB5Dc6hj0Xst8tUFyidloJwvNbvZ5KOZ0VRHlv4XY2IRHMtqafBt+n7z/EKJkxILgN8K9hnDgOF5BZLpUWevEbXnwicaSV6VbbhFUxiaN2dtxnhKlWmaKLuNrL4TloBO49UZrw8Z2Ve2USx4GyLA/QRk7LM6zpQn+yayXDtJIUyKTODhVcrHF4lZuPRSqaXIAwkSWB6eQ1Y0t/3qMeZvorKjrfGjBcd1D+tmn1USMvpKnLyS08YSnEM0B3BHsgBhB5T45Q7BA5XTwgwQYHnI34RG4LcHBCiknKdrx3KGK5KfRl7zSuttx8ZgxG852TbnE2so9bRnbK0F7oxWUZAHnYMhZ63yZa6mk7bLo0SaESWeDze+02JPEYMEcqnq4GVlOH4/mMGMrZ9XWx0L3PY3yuysTE50L3MJ77+4XVqllYPMayG2bNl0Hd9cXycrsluy9EgeDGCF4hZKx1ruwfnDJCvYLVVtnhaQdnBFJZNfj78LYXDOEOXGdxkJ7DgJknKzs66eUYy+U38PqzK0eV5BHturigk8VgO2cArt/o/m6cnHbA9iqaw1j2ONPK7zM8pVAP7WaMPcDjK5KSQCUNpyUZ+HMABTIg2JSWDFdd2uOuo3RkEZGSV84XKEUtzmpwclhIX1deaB1bSuDAC4D9V85deWc0V0dUtjwHEhwHrlew8DqcPaz47/AOInj5SqjdH0ympDhozyt30ZcMnwXv42IXnsD8EBXfT1Y+nrmOBw08r2tdmT44pbZHrIIJVfcmiN7Jw3I7qQJcta5p5C5PGKiBzCN8ZCdJfo253LIxx8UB4IILdsKtr4sjA2yn22pLXvpZdtPCNWM1tyBnKWLfRQRSCGbw3bbq2DstBwqe5RGOQP/dWEE4nga5vBCvBUZYZJZNh4V/bqguDeFlJzpcMHdXlpnA8PKz2LJ6XxWr2ywaWOQ4GyITlQ2vCKDrPPBWZxwezrv3IhOAFwTavOdlyXavH2T5xkA4ygfRrhasA4nnACHcvPC8nvsuxPa7IGyVYMw4B7pTQFstyMnZH+DXyw4+lxwFf1jsx59FnoAYb8442cVoKp2qP80EG8mSPBCiIe0OOAVLZgjAOwVbu06QVOozkIrF9uBtcuQVQ3CbQyZlIx2R6tuw3UAHw3jBKxSi2aFPa0y1wM57qC4+c/dHY8luSeVHn2OoFSLw8l2S3GB+KMI+UDsbLxhx3XuXxIhMtkklA3zheHOYQSF0aZZPmH1dHGqjL9oc5GpvpQkWn2ajXDyeWzgIOUcfQUAco//DWmMsoEju7oJbvyju7oJ5SW30RA2o8XJQGqQzlWl+wkSmjI5XF1vASPKa1gB9HTyFIZ9IUc8hSGfSFZlsCtT9OtwAO6YO6LRR66gd06JdazLBaUkbGMAa3B7lS2Ny7lC06cY7KRTtz3RHVgtvQUkMbuVl7pIHSHHqtFWva1vKytWQZXZd3VPoTqrG+CLL3QGHzFPfykzlZZdmVSwGwABhJFHCWAmp4LbyNHKMDhu+yYAc5XZCC0Y7KpPgVLsDIfqyohO+6M8nJ3Ud3Kx2yyHFcHI+6Ttz9l0jC7EwyHS3krHOWEadPW7Z7UXXTdvNTUCdzfKDsvT7DbvExI4YYwg/dZPpu2FscUbWnJwvTrbTCkpQ3T7lczUT9n0jw+j+KEUToAIW4ZsFY00X8sSkblVtOfHnbHjCtXP8NoZhJqg7GexqagsgqgkEAFCBBC686slBLtOTld7TV7Y8nlvMaj5ZMfLIGDKz9fWGZ5aHZAPKsK2qaAQs5EXSyFoB5K2KWEecivkeC1tkD5Z9ThkBaWJmhgUG1UhjhaXDdWJ25SpSTZ1tNV8UeR+M7KXTMZHEC7GRndRByoN0rHtaKeGTSSMlNoo+WRk8x5WPjtM5t8iklfdbj4bG5Yw6QF6L0rYoomCeSPjufVZrouyucBPIzJfvleoW+mbBAGBowF2ktiwuj89+V19nkLnba8scBnthWNDGS4EhRo4cu23VpTR+G0bJhx5NokMjDWgjZSIoyQchNhjzvhVV/v8dEz+GUhLqyUeXTvp+6jWRb5HXS6yeJ/D6HzSu2c4fhCLbqRlK3Dd5HfU88lQ7XQ/LR+JN56mQZkf6lXMELmjLmqECtjGBkfmjNAG/omKBf75S2S1yVU7vN+EA4JS0DgpOvOpJqIQWO0P1XKqBcxo5DQcE/urToXpGj6XtTAyMmsqAH1Ez93ucfdQOi+nKg56jvzWvuFTgtbjaJvoMrXuGMoZywEFJBBGUIvdnlN3BO6R3QwWeyPkeTlFiiJPGShQML3A8qo6lvcxc3pywkPuM5AkkB8tOw93f8ARST28IhHvdxqL9U/7LWaUscd66oZuII+4B/r/wAlfWy3U9rpWUlLGGRtHbv7lNsdjpbRS+BANT3HVLKfqkceSSp5AQplpZG+3def9S3y4dX3RnQfS5cPFJFwqWnaJo7A++/6LvWXVtfX17OkOjmmW5S7SztOWwN75Xo/w/6Fo+h7QyliLZalw1TzPGXOd33UCf2k3o/pO09C2GGhgaxpjbmWTG7nKJX3V9zqiCCaaI4awHGSO5SvNykrKgxasRMOMBUkklRcJf4db/5cI2nnA4HdrfdTckLbyErrncr082CwYhgPlq6sDIjb6N91eWi1Udmom0FEzEbBj7o1ut9LbqZtLSR6WAZJP1OPqVIILRnKXKWCxDGNuyqrrdW0g8KIapXjyt9UW6XAUsJORnHGd1AtNve6f+KVvmf+BruypPHJAlotkjHm4V511Em4z+AegVq4gBJ8wG+OVBqqtsXdLlJvoAJUVbKdhfIdlkrvfJKkmGElrO+O65eLrLO8xA6R7Klkl0DOAnVrkOMcjm7n/RYzrP4lWPpimc75nNW3OmP1/NZ74lfF+m6fDrZajqrCCC9pzp9l873G5113rZK2vnMjnnIyeFpSaR2vH+MdrU7lwXHVfWV36urjVXCYmIHDWjYYVE0AcJcDPACmW211l1mFPRR6pHcJh6LZXpl9qwiIGknDdz6LedJfDStuYjrq9wjhO5YW8/mtL0r0FQ2GNlXeGxvqcAjvhap01ZM0QUZDIuPKOyA5ur125bKzsElrsNMLdaqdocBjUAhspq2qIfVybHhTKK2shcZ58OcBsD6+qlOY6XcDCJvBxpTcuZAojTwf7vTtzp5Pqiubkbpj5IKcapRpwsb1h8ULJYojBDMX1PbR2+6CViiOrpsuliKNXV1NPQxGSd+nHAXmvWXxet1AH0lsy+Vu2RuvL+rPiNeOoHGF858Hu091jpanPIWey49FofCc/JaXd96ru18qXTVVU8h3AzsAqWUtdvkZ9UEPJymtz6pDuyj0VVMKeIhDMWghDLi7OUgCSiNh3zjCRJtsa2kC0nnKfoPqiiL2RxBsOysm5AY4sjOMrpHmHspAaxjfMgSVUYP8vkd1Mg72x/h4bl+3quF9JF5mjU5AM8s3kB2T46WR++MAKEzkTp5H7M8oSbC5/wBe6IWNi2cN10StDcAKEOCCKMbDH5pEMDdiP1QnPJKbu7lTBAmojgrhk91wNHBXRDD3YSfuoTsYZfdd8RxCfpp/+7P6puBnYKskG4J4ThSzHfbB90TSAcjZdyf6kt8kwDFMceZwXRFTN+rlc1O9SuYCLBDpDM+UbJAtH4U7w/ddDMHOVOCDA0ncBd0O9EXAXcBTJQHdcwUcRnvn9E4R5QZBc8AMFP0eyMIc9kQRHPCoveyN4LydgniB5UwRNA3anmP0H7q0sifkInyxO+P3SNK47cKb4QK74QHZTYC7MEIURzx+6IKMgKa1oCK0DZVgr5Sv+Vf2CQpajkNVmGNTsBDJZAdpWiCYcs/dPDXDkKx8Mn8P7rvyo9AolgnykBhHdEZjKlGgaTnj7JfIBu4cUxL9gTsygYawDITwwA5wniIjbT+67pKsXnI3wwu+F6JwJzwnsOcHCgLmMEQ7Nwn+GEZrWu7rjYy44BUwBvAaAnBvspHgFOdENuyhHYADAloClCPA2C74Z9FOAXJsjeF/h/dLwv8AD+6l6PZIMz2V5K3kXwkTwh6qS2E84RBDtvspkveQ/DcmtjIOSpfhp3hD0RKLYt2AM42RGyEHOETwcb4TxEmqHsg+KcjAIUxhDlDbGRwEWPW05UFN4Joi2yRskIEyGZ+QHHZTGhpbuqzgTJtkYwtQjTHnCnGI6s4XfD9kz8gN+CuMJ7hC+WH9KtvBHohmIeigStKl9G0/hAQn0b4G64t/VXBhxwEwMJ7cK0hqsz2VcNS9rw2XOD6qadD25BSnpWztLcYPIPooLqesongh5c32VtE3IfNTAnytUSWm2zhWbKmKRvuV3wAdyFTWQ1NlIYBnHohGEDv+yuZqTuGgKHLTFvb90lwHRnkrSzBxhc0+yllhBxp/dNyPRVhjcgNIxsEMg5UpBwFXRMjUiM7JJKsMPJ1myLTzy00olidg5QwMLqJTaI8Ps3Vg678JjaatBwNtS3dJWxVcLZonBzXDOQvC291eWPqurtZbC5znRgrXVb/zM5es0fc60extd7JyqbTfKO5xtMMgyQMjPdWwOVoUkzkOLXY9JJJECcwEi0FdSUIDMeUvDRElMIiYB8bXtLXtBadiDvlYXqXox0T5Lhb2/wAo7vjA4Pt7L0AjKaABsdweyXtDrslXJOJ4gQQSCMYOEtJ9F6B1X0dHMH3G2Nax2Muj7Z9QsS+PQAHN3Gx+6TKOTr1XRujuiRgDlPHCJhreAm6vZDgN2eh4GF1JJUQelgroHdPA7qBnAO6IOEsBEIwoA2LbCXIGEhjO64mfiLlLIZJcByuqxY0nPZczhPSVhhIpI3tdBUtDmP237LL3a1Os9YJY8mCU7egK0oYe4RKiGOup/lagZb69weyrAatccIycsEFZAWOAOeCFR6ZLbUmGVp8M7NPorOtZUWWtMMmXR52ONsI8kdPc6fGxONj6Jclk3R646IjH5blpyFzWc7hRGia3zeDKCWZwCrHwBIAWkbqg3g/R3p+/UHVNCPBcGVjPrY47u+yiXW1F2ZI2lsjeQvIbReqy1VjK2kkLXgjI9V7XYr5S9UW3x2YFRGB4je/3X5Jsj+j9zpOJnYKoud8tVNORsCVMjp8PbgLt1t8kUhla3I+yZSVXhlsM5zngpSeEMTyXlE4MjDeyrb1RSwuNzoTiRu+Ap0X05adlI2IIPBVMXJ4AWO9U9ziDZMNnaMOHupk8Yb7rL3e2TW+f+J27IOcvaFeWO7RXeDQ4gStGCClgEiOZ0bxsrWlqi8AZyq6SnIOQEqR5idgjhQVbHJftflOBwcqJFKDjdSGuBCAySjgkMn1DBCM05UI7EFHiqMbEKC5RbJSS4CCuqANYHpJJKFDkk1JQvI5JJJQWNHKIOE1JQg9JJJQgkkklARJJJKAD0kklCCSSSUIJJJJQgkkklCCSSSUIJJJJQgxJJJQglwtaRgjIK6koQobhQSQS+MwamZyPZSKWpErRk7jYhWxAcMOGQVSVVFPS1HiRbxuOfsoWnknsOFIjdtjCrYKnXthSmPz25UCJ7HFEIyogkwiibPZQVKOSS5jXjS7BBCrZqN9OC+Fv8scqXqc8g8YRgQ5ukjburAwVsM4cBvwpccv55USrt3mNRASD/wB3+FDgnGdLgWuHIUIWqZqGc4/ZAEw4wpDXhwG/KtPBMEKWmkbL49I7S7uw8FSYKylrIjT1TWNkILXxu4I9PdEIxwgT0MFU06wQ8bh45BT4zAlHJg+qfhhWUVe/qr4e3IWu6ggvpw3+RVt/okA5CXSfxZpKy4DpPrWAWS/fS2Gobphn94353HHIHK2cNwqqFzobt/MgaRifGXD7+qresehem/iFQmG4+G/UP5czB/MjPq09u36LVTqZVyEz00Z9k27WC33akfR1seqOTkL5c+LP9n6p6afNe+jqeaakyXSUodqLR/8AQx+uy9XpL9158I5H0PWTJ7/04MCGtiOqeA/4geQfv2K9Joa+w9XWdldaqxlXTzAjIb9J9CvS+M8s6pbos5mo0covKXB+fzJ4dJbK4An2XYa6WjlEsZy3gg8EL6W+LHwCtd9Et06eb8pdQXSTNxmOceo40lfMlzt11slY+23aldBLGSMOX0fQeSq1MMt8nLsqaeUae33RlUwPj59Fc01YABr2yvNmzS07hJC8tPsVobXf46pjYpTpkG255XWUlJcBU6lReJG2ZURSAaDkp0tO2ob6OHBVLSTlrgcYVpFcGgAK0sG2FsLEBeJIX6JGnbuiMexwwCpeqGobh4BUOagkjy+F2Qi3r2McX2ugrSWnIKkw1GcAhVzJyzDJf1R2uDxlpymRf6D2qXZLlo6SqBJAY49wor6CeEExSteB+FFjc4fkieI5uABlW7ZRYi3RQs6K35nJ0zxke5Cpbr0b0zfNRmpmxyu/HGMLXDwZWkSRtOfUKJNb43H+SMLTTqtq5ZxdX4iL/KKkjx2+/Ca60uua0kVEQ4GdwsLXWyut8ro6unfG5vORhfSM0VzpBl0biw92nKrqltrukZpLvDG+M8B7eD/otdWtbf3HjvI/SmmunvrTg/8AyPnPsQCgEua7LTgr2i+/CS11rDNY5/Dc7cNJ2Xnl7+H9+sjnGWB0jRvkA8LWr4z6PHa36e1WlzLG6P7RRxV8seM74VjT3Zu2HHPoqOYuhOl7cHjdALwCjkty4ODPT84Zs4K578O2IKnNeJGDbGVhIa+ohPleSB2JVvQ376Q92Puhy4meenlHo0Qbg5RNuyhQ10MzQWu3KOHZHKYpZM8otdhsj1SyEMfdJv3V5RWAiWQuZB2TAMd1Mg5Q84Q8FdBOU4Y7qwuhmClgonlXDjsoTIwcp+2PdNI9FzJULEedkkklCDE0syipIMFYIwHm1Abq8snUtTbXNbK9zmjuqrT7pFvulWUwtWJI6ni/LanxNvyUP/oej2/qSGtIPiA57cEK7gqvExgZC8loql1JJrBWgob5k+JHM5rhyCVyNT45LmB9f8D9b1amKjc/uPR2VUrC3Q7AUyG4sAAlOCsfRX/OG1A/NXMNTBPgseCuPZpZwfKPouk8vGz8ZGjZVQvwQ9EEhByqIF7caHAYR2V0keBJk9tkjb+zqQ1bn+Rc+NrA2VfcrHRXNuJomh3ZwG6fHVscMhGjqQ7spjAcvjtX3IwNSeoemq1zGOfPAN2g7jCt7b1fSVYEc38uQchy1TvCkHnY123cZWavfRlBcszUoEE3OW7Aokss5j01lLzW8otILnTyvDRI0qc1+RnC8zlgvtkk0zRulibw4blX1p6hke1oMmR3B5CcoZRcbdvE+zYxkDfCbNAx2+FUMu+s91Y09c2RoJOVWMGiElLoDPbxKNTPK5CZNWURw8F7QrNssbjsAn4yPpB/JC2HhEalu8UjhG7yn3Vk14kAKgS2umqHatAafZQ5KGvpT/Jnc+PsM5wiTZTryjQ6fLjshOpYnA+IM+2VXRuq2Aa58+yO2vdgAglEpMzTo3cMqrz0R09fHONwt8cmoY2AXmHUv9my21Lpa3p2pFLJyGOfgFe2w1UL9nbH3RdLXDLCMJ0dQ0cbVeC0mo5nE+Pr78KOuenGukbSS10bT5gzz4H+iyBM8W8kWnK+7vli8fSD9ws3f/hp0l1Fl9xtbHSHl2AtEdY/aPJ676Irte6mWP8AJ8bMqtRxgI0b8HI7r2bqr+zcxplqum6tsGPMI3u2/JeX3z4edYdODXPbp5QPxMb5ceuVohq4t8nh/IfTmt0TbcMpERlZJEQM7FGiqQTljslU4qJowPmI9HqifMQgDS7lbIXKXR5+emlDtGipLhM1w82QrWGshqPIHYd7rIRyyM+l2ykR1jmuBLi0+oWlT/Zlso5NLLSk5IwoEsLmHBXKS8YwyY629iFYh9LVR5YQc/qjWGKw48FYiB5GyO6mAzhR3ROaqFt57JEUgGPVSGVs7CDE7SqwPOeEZkm3CtNroGUUzQQXqlkaI7hGGjjUAn1FpgqWiegmY7uMFUWgP5T4ZqijOumeW47Z2TlZJ9iZQa/EtKauutplDg6Ruk8jK33S3xPqoi2Gtk1tG3mO6xND1PSTDwLnTAdtWEepstLcG+Pa6huecApymYLtLv8AyR9B2e+0N3jDqaYF2M6SVa5HqvmOhu9+6emyHyAN7gr1LpT4rW6sbFSXXVHLs3xOxT0snJ1GglH7oco9J1D1C54x/pUaOrimIfA/XGeCpQAIymKBz5RcHhnUkkkPQB3JSyVzIzjukoQfnCWSDn/NMSV5LTw8lHdOjYamrddrJXSWq4vwXvi/upccB7O/3VZQdZVdsqHWzrqAW2Vp0x1XMEp9dW2PZbEyae3KBW0lHcqKSiraeOaKUYLXtBGEA5Tg+JofE7xTnHCNpwFgH9L9RdIyCXpB7quhAOq3yTAOb7sc47/b/qr7p3rezX2NsLZ/BrGeWaml8sjH9xjv91OER0yf3Q6NEypDDh55UiOZrhlqgyYdg/uha5GY0nIVCnFrstxJ2CcHEqshqztq5UuOfIGRhXyVhkrWU4nPZA8TfhPEgIyomVk7kpZKbkLqogkkklRBZwkWh2xTFzxGhGkysHJIcbjugggE6hwpZIIwo00ZduAnFlfVW0SPM1OdDz6KKyeSN/hTjBHdWgcWHccplVSx1UfGHdioQguAcmvjzjKQjmpzolGR2KK5zCAAFBnRT3qzU92pHQSxg7HB7gryeqp57XXSUjwfI44z3C9tc33Wa6q6Xgu9O6aFgbO0ZBHdAbqLkuGedsLZuSF531R03Pbax9ZTt1U8jifL+ElboNmpZnwSghzCWkFKpbHV0r6aVoLXjG/ZYNTSrFg9B47XT0Vqsj0eVsdqGyNBLJTyCSN2kg5Um7WmSy1ZB/upDseyhuAfggrzepo2ywfWPGa2OqrV1b+4v6inpOo6PYBlSwbHvlROl7vJR1TrfV98t3UO3Vj6OfxG9tsK0vlBBWUzbrReWZu7i3lc5xdbwuj0lkparbqqX/qriX+CZeaMFri0ZDgSFhrnSPp+RsDytp0/cjcaY01UQXsGM91CvVtZJmPjPBV4yBdQ7459mG0j1RGOxv6J1fSTUspY5vHGO4QGuRrs4tsPjltDVA8WMtwoAOl2jCnA5BGECohxh7Wo5GezKR2LLCHBW9vrnZ0lUUc3YhS4JdDgcJTC010q55RtKKs2BVtTVBOMYWNoqwtwFf0FXsM+iCSwer02pjYlgupCJA7y7uGFl71bmxHx4m4zyFpYHCRp+yDWUgqIXMwqNN1KtjhGKb3XQMI1ZSyUcpY8bHhBUbycSyt1y2kiGodE5uFe2+sLsNJWdUqiqPCfvup0MotcJZNc0626icoT4vZR6WsDmhpU9gDhsj4Z1oSU0QZW6MEBC8Qnsp88YIyB2Va4FjiMd0D4BnwyRBIQQFYQyk4/dVLH4dwp1LKG4JCWNrmWbZnMxgIpJlaN0BvmC74hb2URpVjR15LDymlwKbI7UAUEv8NwJUK+Td2SCNk0Tvh3buuskDxgJCLA37pbHxn7RLorl4kghqDjPCNPTRzAlp/NVmgNOQE+O4GBwDn4CFwNMLP+cUtI+MkgLtJM6HYjCmxVUFSMN3JQpqT+nbKTKOeB8JJPKL6xXySlla5smCF6dZbrFdIQQ4B45C8KaZaaTU0/cLS2DqOWjnbl+n0PqufdT+ju6DyMapKEj2eGUseGu4Vk14c0bfnlZW0XiG5RAh41433VtFUSREAO29CubZVg9bXfHjBYuaqi52wSZqIBh43ICt4pGytyDuUnN91nawasqS4KO23TUflao6XDYE91aeN4e+nKrLxaTKPmaYYe3cgIdsumr/dqo4eNgT3Vp5AUmmXFVC2upW8NdnIKqoZH08uh4IwcK0Y7AAHH3Qq2kZUxHs7kEIguw8VRrAGRuo95s0N0pCxzRqA2I5VXS1klNN8tV5GD5XHhXNLWxPcGF4/VEJtjk8qvNnnoaoxyt0kbh3YqZ0xe3UtSYKgkNO33XoF7s9Nd4C1zQH9ivN7zYqq2ynLTkcEK2mZNrg8o9DpazJ2PKsY5dTQccrzqx354xS1L928O7rbW+p8VmknJ7JLRsqsz2XlNJqaWlObJ4EmJPpdwVA8d0Dg5qmPDKmLbG4z9lnnDPRthPBZRnAyUyYiZhbjcbhQLfVvc51LKTlv05PIU8crO1gauQluqHjMTznTwrIvD2khUswdBI2VmdyrCkqA9oJSnHIY9wOeFzV7o5YCNlCeHNduoo4IS2EHLTuDssvcohR15czYZ3V+2Uxkd1F6gohUUzKqIcDfC1VvAqSwzKdUUz6ilE0e7cLze4QFjvEaOOV6tGPmqV1M/cgYC8+vtEaWokjc3bchdOmRxtdRmLkZ6UF7GyM+phyF6N0bdxVUjGF3mYvOJJPBfocNnK56YrTR14BfpY45C0y6ORpZuuZ7IJcsa5vcIjHahwq23TiohyHZAU4DCytcnpa571k5PCJGGM76tlhq6J9sufi4w0nBW+LhjB2ysx1NR6mGUNzshLmsEmlmEkbXjcEZUppJBVBYqp5i0O4Gyu2SgjPqmLgCTysHZnae33Xi3xdtEjB83DH5SdRXtUo1DdZLrW1fP2qbEWvDD911vGal12o8v9UeP/nePnWlzg+bGgjCsqJ2hzHA4IUOqwypdE0AaSisOG5Gy+h0Xbkj8yXVuubj+j1Wz1BqaRpdyAFYRnVlZfpGpmfC1rjkYwtK1+n2XSjyi4XYjyU1WPla3XpwHKex/ixjfhDvNKJovEaNxuo9qk10xZ3bsrivZfyZIt3p9cRLeQoVmlIc6JzhgdvdXM0XisLfVZ2nPy9c5rticjCk1+id8lrVH+cSOFOtk+HNb6KBIP5IlwuUM/wDMAI9VnksnT0E9kzZQzEtBJUmOTOFU0spLBzspccmOVmkuT3WluzBDK0/zyQd0Zx8SBueSOVFnBe8vR6eT+Xhx4UlHJujPKK+OcirMR2U2oHAyqucaK4Ozspsj9TUiUSpWGfqm+Fd2vxs44yrh41N5VVeG4khkxvrG6tWOBjDh6JOMMUirc7RKRjuVNpneUkKBO3ExKk08nlDcK2SM2mSZTqbkqrl2dlWTzlqrZwc5wkyjk0RllEqnk1Qt33TancBApH7lqNJ98pSjhl/JngzfWkXj2J8eOXf6LwyeMNe5uOHFfQN9jFRbpWEcbrwS5Dwa2aIDhx/zWyk8H9W1tyhYv8ENEjQ+USNMPFh2dk9CHK67gLRW8AMZLwhORZDsgvOMILH+glycZ2RWHDkJnZFYNwUJZIHC6uDhdTc5FsIeQpUX0hRTyFKi+kIzPaFAypltYTMXegURo3A9VaUsYjaNkZo00MyySAfN91IacNCEOU6bOkYRHTSS7ItynIAwfVZqpyZSriulGS0nJVRIQ5x2VyeDnWy3TZHlBOESEEcrpAPKfjCSAPSPCS4T2VMGXQZuOVHlO2lEHBUaY5zhDa8AJDXEb7qK76inOJ5yUxYpvIwKrOx0L6uo1NGzVWchbjoq0zvjLw0bhc/Uz2nf8Bpv5F+f0bXpq16dMrmcDZaSolELAxvJ2QaOJtNTtYBggJkZMsxc7LsbLmTnvZ9PoqVWMFtao26TK76lImky/CHCwRwhowDzslnXyOFu0Vf3Gm+7ZWxznDGcqvrKjDTgI0zw3uqWvqABjfdduKweJ1du6TI1dWPc7AHspNnt0jnid42JyBhQBE6ofgDP5rXW6ncyKMc6e6qbwhemrzJSZNjaGtAxhdfjsnvwG59lHB9UmOXI6Nk0ojppBFE6QnGAo3T9Ay7XLE2ohpyfdBr6nx3CmhySTjZb3ovpw09O2ocAHk5OQu9pqvjipHxb6t85LWXOqt/bHg1NntcNJA3Q0Y9FaxjUcZXYY2tiDMcI8EWXBa855PAt/sk0kX4iFYRM3GOyjwjAwAn1ldFboPFkO+MgKCwd7vcFmp8Y1zyDDGDnPqqO0UEhmN0r8GZ+7R6BBoon3asdca3L3A+XPAWhgjLnDbAHCGUsEJFJG2RwOlWWgYwgUzBG3OMFFkfpCrsU3ueAdVUQ0sLpJXYwFlrfA/qq9OrpmubR0RxGP6n+qk3Wd93n/hlEScH+bJ2A7j7rQ2+kZQ0kdNG0NDB2HKgX4oljAaBlO1hByfVLJ9UDWSBCMrmn3Saod4vFJZaQ1NScvd5Yoc+Z7/RTogrteHWzw6SliM9dUjEMQ7Z/EfYLnTnTsVlpzJM7xq6fzVEzty5yB0paqoO/2iu79dxqBs3lsLOzQtEQSckoEiCD9IO/ZYLrXrSphqIunem2/M3epdpijaeD6n7IvXvWwsvhWe1U76y6V2Y4IY3b59T6AZWg+Fnw0Z0zTOvHUDjUX6sIfUyE50Y4a37ZKphJ4J3w2+HNJ0fRfN1gE9zqQH1E7uXOV3fb6yMGmp3/APM4f5JnUPUDKRhp4HanHYnKy1LS1N2qAwE6Du9QpvIaN893nNJS5awH+ZJ7ey1NJRRUkLYYWgNb7cn1PulRUEFBA2GCIDHJ7k+6lbAblKsf6Kyc1KLcq9lLDk8ngLlVVRwt1E/b3KqmRyVUoqahpx+EFUlkgKmoZq6YVlYTj8LfRXGQxoxuEMeTAQJn4w3JVSIOqKjPoFmr3d2wAuaNWPdC6l6hhoI9IdnY8HlYC4Xsva+qqZNELed02upsOMd3RbV10dkzkAZ4XinxL+MUzWvsdmmzsWyyA5B9h+6pPiR8U6i4STWSySlsedL3g9u4yvMxCZDvytddWD0Gg8ZsxbYO1uqiZpXFz3EkklObFk77J0VPjDR+263fSvQUs4bXXJg8B34XbFFhI69mojUsFH070lU3mdrZIz4BPmOF6pZ7Na7AAaWlaZAMaipNOyOCIU1vgYGMGPKN1e0NmAjbLVjJO+n0CttI4uq1jk8FdFQVNx/n1bPI48eytoW0tO35SlGt4491MjifM/wo24jbwE26Vlo6dpjW10ojaOT3SpT2nPjJ2SxFcjY6Jw89THgeuVm+q+vOn+loSZ5tUrc+TOF5l8Q/jo98stB05M58R2Ds8Lxe4Xeuuc7qmtmMj38lZbLTuaPwc71uv4RvesPjDc7tO9ttnfGw7A+y8+mrJqgfznAqJ3JSkBOMLPK19HrtJpKdNDbFDi85TV0AlOZG4lL5n2aZOMUc8PKeIyUZkWQDhG8EY4QzTQqcv0gMcPfCMyI+i6JImA63Yxuoc1xwdMP6quwMSn0TiIowNZxhR566NoxG8g/ZRNU87hq3T/CDNyN0YxQx2NM8rycnIRIqaMjVMuNc1oxpCRk1bYQylgJ4T4JGqlhHkO6E6uc7y7Y+yjYJOcrqBSyXs4yFc9zuSna3eqDpKeGknCaQcXg9kvE7YXNHsu6fZU2QWSnJJ2QlbyuBmn3S0+6drC4ZQEtybIJJN1pa/ZVvJyLBXfMlrb6Ja2+iYpovJ3J9FzJ9F3U30S1N9Fe5EyLxD/SkJXDcDCd5UvKplEyhfNTjYFIVdQPxJulvqnCMHuqyhcorscK+cd07+JTjgoGn3S0FXgLYkiY24uJHiNyEdlwpiACMFVOn3S0+6jT7EyhB+i9ZXU+26MySOTGl4WdAI4K6HPach5CpyFSqyaYRp7WkYWdZV1TCD4pOFLjusuweScKdipUy9F41jiBhPa0hVtNeqbOH5BKsIq6kcA4PCnQqyuaDtaMcIw9hsmsLX/SR+qMwAhHGKYl5RzA9FzQEQMOUVrcY2R7cdAuWCL4X+H90hAD2wp4aMbhLS30U2sr5CD8qfRM+XKshDnfT+6IIW44wi+MW7Coe18eMjlJkoGxCtzTtx9IP5IRos8MAV7C/kI7HhwBwnhoJB9ET5R4G2E0RzNOXxkD1Cra8gy55OhgwiaAiRxlwGyKIfUI1AXvwRvDS8NTBF7Loi9lewrJF8E+iJ4KliEYT/A9lNhfBB8FE8JSjEOzf3T/Bae2EeEBvwQfCHouiIA5wppp88bJGAjurJ8hFDMdl3T7KR4Q9EvCHogF7wIAHCMyRzTsUtHsn6PZQtzTWA8MzpXhj0fwwfp3UMAg5BR4Kh8ZxnZQQ4hiwjlNEWpS4vAqG5duU4QegwFAM4IBiQzF7KxdT7nLc++UMQjPCMYrMFe6Ij8KG6MOGHcFWb4WkcIMlNgggKFqzDKSqo2g6oRhKmkfGAyTfHCtvBB5ao81HHIAC39ETiNViBENkAGECemGM+qYWz0b9D2l7BwR6KZEWzsBaf/RVgJTaefRTz02OyjOix7K9npMDKgSwBL2jPlZWFhHKZp91NdF7IRiKHA5TyRNPulp90bw3LhGO6gWQeMJLp2XFBy6GpJySojjngsLRe6i1yh7SSAV6pYOoaW607T4jQ/HGV42pVBcZ7dOJYicdxnlNhPBgu0inyj3Zru+E9Z7pnqWmvFKxjZR4vGk85WhbvsRghbYvKOLODjJoSSSSsWxJJ6SgvdgYknpKFbzjADnIWR6u6UjqGuuFvj0uG72Dj7hbAHKbIM43S3yOpudb4PFjCWktxgjkFN0+633VHSjZ2vuFuj/m/jaO6xTo3NOlwwRsfug2nTqtViAafddDd+UXT7pAY7oDQIDunDldGy6oMbwPB8uEgMriSgmUshMdkjylkritvIAVJJJWUPSSSUIOwF0bHKSSPBCPcrdT3OndDO0Zx5XdwVhtNVYK10EwPhk7HsQvQ1U3q2Q10RL274QSXOTRTdte19FLUU0Fyp9ceCSP0VLHLUW2fwJwSzOxUlr6myva/wDvIHHH2VhPBTXWmEkZBJGRjkFA3k2N7eV0fTJz2OFcdOX+ts1ayanmLcHzDs4ehVNq9k9rsb+i/J7jk/d35HvFru9F1DRa4y0S48zPdQKuiEZ37bLyiydS1Vlq2zxPcWgjIzyF7Fabvbep7eJ4HNEob5m53BWacGmA8xG0cx0iN3KsHAuaC0cqAYPCPHClU0+PKQlNAvkM9ge0tcMgrLXCCrsFcLlQtJiP94wenqtZkHgINRDHLGY5RkO24VFIkWm6Ul3pWzwPGSPM3uCiTQmN2cggrDzxVXTFybU0rj4MrvM3stnbblDdYA6N41dwgFzD007muDXcKyieHNHmVbLTubghdppnNdpcdkAl8lwHZXC4ggoUZy3KMBkZyoKwHimIwDwpIw7fPKgosUuDg8KCpRyS0k0PaRnK6TjsoKawESSSUIJOTU5QtCSSSUFiT0xPUIJJJJQjEkkkoLY9JJJQoSSSShBJJJKEEkkkoQSSSShBJiemKEEkkkoQSSSShBJr2hzS1wyE5JQhUVNK+B3iwg6eSE+KXVjIwrCRgcMKvnpXMIIH7qFp5D6s7go0RwcKvim4aVJbICoEWDJB6ImrbOFCyRwU9sz9g88eigGCYolbRNqACzDHjgozJ4zwUUHuoCUIq/kn+DWHSc4BI2KsoajUBjcKRV0sFXH4c8TXD3Co5WVFkcNWZ6d5w0jlv3ULbyXrZNQ4TgMAlQKWrjqWCSIgg+nZTGSZ7K08AnQ1koLJGhzTyDuCq6S2VFNIai3Shn/0L8P5KyYRjjhLWDwE1T9AFcaqOsiNPXxN8wLXNeNivOrp8Nbr0tVP6j+Gs7KKdvmfS7iKT/mbwfRepvgimBD2A5743UV4uVE7XG4TRf09wnU3Ot8C5x3rDMX0v8Rbf1K3+DX2i/hV8jBJhdsJPdu6qviT8LbD19bPla+nbFUMyYauMYfGfY+nstH1h0BYes6c1MbGwVmPLIBux3qshbuo+peia42nqtslbRvwyKqc7OPucLt6LyEqpppnPs0u4+W+uegeoegbm+gvNO10OcQ1MZyyQdj7LKywOdh8ZLT2PC+8rlaemet7W+GYMq6eVu7Njg+4XzH8T/gle+i3y3HpyGe62lxLvBP99Tj/AF/9F9B8V5uNuK5s42q0Uo8xPOLT1HVW6ZsFcXOjOwJ7LX0lziqQHwPDvXdeetqKauHhg74zvyE1k1bbZA6nlJHplesjPK4Oerp0vB6tFXObjOyn09dG/wAr3YysDa+rqGrDaepeY5hzq2BWlhkDmhzTqB7o+zoUa1tdmhdRw1Uelu3fI7KslinpJS052/dcp7hNFszZWlNV0lc3RUANcNsnhX+J0I3QkuyNDWsdhr9ipTMPGxQay1Fo8SDzA8EKLG+eE+YkY7FCpDVYWBY5pyB+6c1rgN1GiuDQdMoU0SwyNBZt+atvA2MkzrXdnbj0Uett1BWt88LWuPdoRnjOMJgY7Y5Vxm10SyqFsdskUs9grYB4lvqckfgcVEfcqilcI7zb5A0bagMrVseWdkpBSVTDHVNaQexGU+F8o9nKu8LW1/pP/o+jCXboro7qdjpcaah45yBuvN+ofgxdKYyS2yTxYxuANyva6jpKKRzpbZP4budJ4Kpqn+M2iXErHuHG24K2V6xt8M8nr/D1S+zUU/8AVHzVcrTdbLN4N0oZoMnDXPbgOUEylh27919Oy1FlugEVyoo35GHNcNishefhJ05dHyTWp5gkduIyfL+S2Qu3HkNZ9NtNvTST/seO0twmgILX7ehKu6G+BwDZDjCJffhh1NaHOdDB8xE3u0b4WWmFRSP8KpgfG9vIcMJjksHmdT4yyl4si0b2nrIJQMO3KkB5wdl57T3GVj9UTyD7FXNJ1DIAGytyB3Q7+Tk3aWX9KNY057rqqaO/Ukp0OOknuVZsla/6SD9ke5mJ02RfJ1LJTd05EpZB2sWSugnK4kmZGBtsIJ5SyfVJWUlgSSSShYkkklCCQgcIqCoUwuW+oS16Dqad0DJ9Usn1KFxTJGTg90eGWFNeZ4HaXEub7q+t99GQWSFp9MrI5KsbfNTwuzURlwz27LHqNOrOz1/hfqbUUWKF0+P2bulvlRqyd/YlXtNXQ1LA4kZPZYaNznt1wYc0jIIKNTyVMZ2cdlzLtFH0j6lovqZ8Zlk3ZqRHxwiwVrXEBZOlvTm4ZMQR7qw+bZMBJC78lglp3Fnq9N5aq+O6MjVRSl/BwjNcMEF4KyUFznjdpzsPdWsFzikwCcFK2HUhq4zRaOYyQYeAfuFQ3HpOnmeZ6BxgkO+x2VxHUahkHOUZr9844RFShCzlmQkZc7Q0mrgMrR+JoUqlujJSDGd+4ytM6Vsg0uYCPdVtb0/Q1TvFhzBJ6s2B/JCpZKdcodD4at7hnCn01WXbOIKpBR3Smd4Z0yNHBzyiQyOzgkgjkFC0h1Un7NGyZuMghObLnncKqje4DOoo8dQRsQoaFPJKkbnGAhgaDnTlPa/PIRPKW8bqmW4KQxsccmA4bpzoJwA6J+kj3XPDJcCOyMH7AY4VJC3WmOiq6mIATMyPUI0dxhe7EjC33TQQBgjZNfAxw2ACKM88AypTJxFPIzYtIKh11joq+IsfC0hw3BGxUYw1DHZhbn80aOa4s+sAge6jE2adNYZhuovhH09ctRdbY9R9GryvqL4AVNO+WotUjjGN/CPb7L6TFZGf+0O0lddJSTjS1wcDymRtnD8WcTX+C0utWLII+L7j0V1HYQ6SakkfEPUZIVJ8w1xLHtLCOQV9u1XT1BK/W6MHUPRZDqP4OdO3inkDKdrXuyQcd1rr1kl+R4/X/RFUnml8/o+VYnFu7XAj2UiOslgcNLivUb7/AGerhSwuqrLV6nNOfCcO33WBvHRPUljy+toXlg21NGVvr1kX0eM8j9MavSPGx/8AQdTXdjgGz4zxsp5NNM0GOQZKyhp6iM7wu/RHgnkhI0uLXBaY3xZ5u7xttb+5NF+6mDtxshuYWHHqoEF2qoz/ADMPb6KdHWU9SNnaT6Ep2+JinXKHDQZhKfsRyh5B4OUzB/qKPchcY5C/LtlOCiQw19D/ADbbVuY8bkZ2KYx2khSWOJajU8dAyS6ZPpOqxIBTXqlAI28QDYqY+3UNa3xrfM3J3wCqJ7Y5Wlr2g7d1EiZV0Uni0UzmnOdOdlprsa/Jmedaf4mwtXVPU/SsgDSX07T9Azj9F6v0p8UbJfGMp6p5pp9hh52yvFKXq2N7RT3Km9i7Clmht9d/Pt84Y/nAOCtPyRxwzDfo/kWZLk+mgdQyAVw8LwjpvrW99MObBJLJJANtLzkY9l6rYesLZfGNFPLplxlzHn/JXg5N2klWXp2dhFZ9IQR9XGEZuwUZgaBpJLhOxVkOl2eSkHY4KGScrmSoQknB7hUHU3SFt6iDJXufTVke0dVB5ZG/mOVcOJyPZdBwMJcot9BRsnD8WYyHqXqHpF7aPrGmFRRMAaLlCf0L2Y2/Va+lrKS5U0dXRyiWGQZa8HYossUM7DHMxr2u2IIzlYyu6RuXT1SLj0RUx07CS6WgkB8KT7c6TzwFSHZjZzPh/wDka54c0gtP5rjLhJDII6gZadgeyzXT3XdBcqp1sutM+23Fgy6CU8+4PcLTuhZMPM1pYR332RCnBx7J8cwcMjBz3T2uyqF8FZbA6opXeNTj/hk7/krCjr46pgc3Y9weVMitjLIOOckowIxyFDB7pzSdQ3KrBMEhJMBGNylkKijqC86dzwi5C47B7poY1lSxx0j91JDQQDlQ5Y9wWhOilwAD2Ri2snZoM7tUfJad1Pa9pGMIE0AdxsoURZx4g3CieG5jgVMcCx5aRsE1wD27BQIj6dQCEQWcI7gW9kBx1HfbCphKTRj+sulxWNdX0jAJgMuDRyvNpJJYJDFKwhwO693kbq5GViOs+kW1DHVlHFh+5cAOUicdx0tJq8f6dh5pcqOG6UzoZgDsceoKwM0T6OodTTZGkkAnut3K59O9zHggjYgqovlrZdKcjGJG7tcOcrl6rTbnk9b4jyE9FemujNujIAcO6sLPXvhf4LyC07EHuFV2+q8KR1FW/U06Q4qVNAY3eJH99lxNRRsZ9V0Gqzi2tllVQC3VXzNL5WS7kKzm8Oqha57Ny0bhVEFUaikMMu5HB9FKttUI/wDdpyc/hd2WXCO9C6DW5eyhvlI50hGOG8rNuaWkgjC9CulG52ZGtBaRhY640UkUpaW87goTma2nneiFH9SfIA5uBgfuuBmCmtaScZRnLsjlEOWMxPII2PBT4nkEbKW+NsjMO7qASY3YxndVjJmS2MsqeYtIVzQV24Bws3FLsFMpZdBSpRydLS6jY8m5oKoPaBkKyY7UNgsjbq3BAzwtFBUNc0e6Do9Rpb1asjbpQRVUTssyQMj1WRfG6N5YQdity52scLP3W3Py6eNu3cD/ADVPAnV0KX3opE+Mua7OE0fVgKQGgtxhRI5WcMm0dWWkDZXlHV5GDhZHUYn7FWlDWkEEq08Gyi7HDNNkSjCi1FLgZA5Sp6oPaNt1KDvF24Vt5N2NyyU+ksdg9lJgfghFqaMkamjCrw9zXgEYVdAtuBfQyZHCI47ZUKjlBAyprXbZVYbHwllDHuJQJtyCiOdqzsgZIJyFFEvsfFK5hwQp7cSDAKrX74xspFJM1rsPKHHI2meJYZKMLj2QJKUkZIVhHpfgjdGEWpuwCp9G+Nan0Z57ammdmE6QpEF5dGQyqB+6sJKYZ3blRZaEOGdIH5JLRfxzXTCmop6hupjkJr9LhgqKaSZp/ljb2TmmRpw5vCTOOS1KSNh0/ezSyMa12k+udj7L0ChvnjsbrcCvGqefABC1lnvcZjaxzsOGyw20fo9J4rXttRmz1WhrwSAH5z2KtGyagDjlYOhuQw1wdlai3XFkzQ1x37LBbTg9XXqIS6LjTq7qku1m+Yd49KQyQb49VcMfj3XZBqwVlawO7M7bLs7xPkq0aJG7AnurxsvfTlVN7s4qmfMU/llZvt3USzXsud8jXeWRuwJ7qBbscF3crdFcINTcB7ePXKpIJ30c3y9S0g8A+q0EcwJAQq61w3GI8B/Yo08EzkdSzOmbj/JRrpRw1cJimZnPB7hUsc1bZavTPqLAcb8FaKKeCug8RmDkcInJNYFTjk81vNmmt0xkjB05yCFYdP39zHNgnfgjYFa2qoIaxhglGx7nssRdrBVW+oLo2nA3BHdKwKxt6PQYpxNE12QcqXTT+AN+AsR03e/KKapeecA+i1Yl1NA9EuSNNVjJ1Wx+ptbAONzg8qxpaptTC2RvcbqspagNHhP4PCjiWS2Tam7xPOfskShno2QmX0p1jThKikMADHJsbxIwSN3BGU2YhzdTW7tOcJUo4DcsFzDIMcZTKhoPAUekna+NuN8/spEhD2ocMIjHfZGpJB4UkEg1AoGjzYyuB5p5A4/S7Yooppk7KOtgNBWk8Mcc/ks/1dQNliFTGwE91tb/AEZqqIuY3D275WfnhbPRvY8cMK20zwY9TBThtPJLrTu0am8tQ6Scuja7u3lXNdTYL2Fu26z0LgwOBHdb08rg83dX8bPX+kbjDLRAh3IHJWnaRjIPK8l6PuLYKlsUrsDORuvUoJWyNDmOyPugaTOzo7k4pEonxODwFEroG1MD2FuSBsjNfhddjOClmyTUkYNsj6GtdGDpBdkLR0z9QBzlVfVNvMbxUxjGDlFs9W2djW6uW5CJdic7WXAOWlQa2PXGY8cqS3OeVHqTqOkFaqntaYi+KnHB83dcWoWnqWojZEGxyHU3CqIycEAcL074vWuEMirdGJCdOQvNYmaW5IXvvFX/ACV5PzR9V6D+D5KyCWE2X/S9ZLFLoDsAHhbhs2vAwvNLZUinm1re2+YVEAl9V6Gt7keWTwWLsyMLfZUNJK+huD6eU4DiQr2B7c6cY9Fn78ww1EdU3s7BTEmi3LBc7E7BUN5p9NR40bcY3JV1TuMkLXE8gKFdotdOcclVLLDjMjwOMlNgnKHTktmBCjWqZ2oxO9EWchkjgG8pLRq0trU8mooJg4A+qnOl4wqK1TkwA47q3a4EA5SZrB7LRX7oII85AKUW/kzhDY7zhp7pbeO/HCXjJ14WcEO4EsqGn90dry6MHHKDdGHwQ4cp9M8Op2DuFnmsDMkK7NL4xgbg5UylJdStJQ6oBzdwu0zx4AHcICEWsHm4Sp3AHkJ9T5uyixt0uVMrdhli4gs29CoMzdzlSoz5RlR6oeXA9Utj/k4IbHeHMHAo5dkAqDJlkgz3UyJwLQUtARlzyArmaqKRudyvA+o4nQ3iojx+Ir6AqGiTbnK8U64pRBe5jjklOp4PMfVEN1Cl+mZoLrOy4/1XU0+fPsI1PcmNT3IwJRyCxvnKFJyEZBk5Cjf7Cj0Pi7Iw5QovpCKOVCpSyw44SSHCSaR9DjyFIb5WoA+oIzXcHHCalkzWPDJVEPEmAcNhurQKvoMNmzjsrEEHhWb9MuMh27HKe7GnBTGoNc/SzCIfZ+OSmrnu8Zw7KA47nKmVDtTiVXynzBDOWDmqTbyOZ9QUkcKNGDkFSRwgCzkaOURu4QxynfgQsXI4SBndRXHOd055OTugZOTukzlkNJYE/lDHdPO+FwNJGFknwslrl4LGy291fXRxAeUHJXrlgt4p9424GMFYvou1PLWzEbu2BXpMTBSwtYBvhcbV3ZeEfRvA+PVFKsa7CVNVpGgc4U2z05I8aQbDf7qqpw6qqg0gkZ3+y0UQbG0MY3ACwqW49dUuOQjnYdgDZOlaGsCTY9skqPUyYIBK7mkjiOTn6+77WiDXzlucdgs3UyPklcSc78KyudRqecHGAq+nHiyhp77rqReOWeUcXbPBbWelc4NyMlx5K1UbBGwMHZQLVTtjjBI3AwFYHhLnLcdDZ8cUhSYxyFXVdSG+XuiVlQIhnOcqvoKeor65pbu0Hdb9Dp05b5HkfqnzS0OmddT+5mh6RtIr6xs725aN8L1ejgbTQNjaMdyqjpy1w0sDHMYAcbq9XUxjhHxG7UOzlh4iS7CsoYxjjdQqWIlwJVowBredgjMcmLxRA0vOMAZ3WVmnqr5XYId4bTj8ka93U1s4t1ETpzh7h39lYW2ibTQhjRhx5UIiXSUzWNbFG0AAK0iiDAMBDoqffURk+imFuBsUtvBUngcwYBVPe65zG+DE4ajypdwrvlqdzgQDjCq7HRvuFUaubdrDye5Q7/2Uv2WNhtfydOJpBmSU6yVcgjCQAHlHCRGELn6Ak8g09MXXPa1pc44AGT9kRY2srqS2Ub66tlLI2d/VUlittZ1FWC/XyLSyNoFJAd9LN8Od6u90rfDL1bXfM1Y/91Ux/kxkY8V3qQtlGWN2IQSntYQwR6AAG4Hssz1x1rRdJW8ZHjV1SfDpoA7Be774OOyf1d1rRdL0rqmZ+ADj7qk+HXRdwvld/t51b56qTPy1O9uWxNPcb8qs5CSLT4WfD2sp9XWPVT/mLxXeZrXjPgN9B6c/stpf71HaYCxrgXvGES53aGzUZe4hu2GgLER/P9Q1xkcSGk7ewVFvgNQ0tZd6rUckvOfsFtqC3w26Fscbcu/EfUrlst8FvgEUbRrx5ipJPqglLBTCHSBkqJUVAxsE2sqfNpZuohJceSh7EtieDO7cbIoAaBsk0ADZdJA5KtLISWROIx6LHdXdVUtsjdCyUeKfTt7IPWfXNNa2Gjpn6p3A4wV5Lc7uWxzXa8TFrOwPKfXVl5Y+Fbm0kWNyvBlMlfcJsRD32AXiHxF+JNTdJZLPaXeHTt2MrXfV7Kv69+IdVfpja7WXw07DhzgcagsnBTvkI2WuMUkej0XjlTiywZEHOOSNz39Va0NtqK6RsUEZ32z6KTZLFUXSoEMDOD5nY2C9Rtdtt/T1OJZ42veBsPUomatVqdiwit6b6Pt1qjEt3jDpcArU09PV3EGGkGiA/i9k+22Kvvbm1c/khJzg+notfTUMVNGIomjS0dlnlPDODqdRKT5INtssFE1ukB2Bz6n1Vo2PIy7YDv6IdbcKK0UslXXSBjIxk52XgXxI+PT3Sy27puZ2hpwSEq2WA9Pob9dJKtcHpXXvxY6d6Qp3U8EplqwNgzt9181dZfEm/wDVVQTPVv8ABJOBnGyzlbdKy6VT6ytkL3yEk5KjljT2WaVx7TQ+Ip0i3SWZHN+TyV3OVxdAJWec9zOmM5OycGEnB2RhGe4RWMY3coQjkcQIyQixsAzhDdMxvlxhClq8jTG7buj5I05kl0zI/THdR6m4hwDITj1UZxc7lyZGwAl2FWCKGArnPkIyuiIDB2SDxjTpTdwVYeUlhBQ7SPKMIZlc47pwYSutjOVRXLBhruQE5rTwRhGDQBwu4CB/3KGCAkZwuiIg5T/EwMY2THTAAhB0E3geGtwunCjGXc8rhkJQu0FckgvaOChmYeiBqLih59HFKdjGbM8knxfZIzE9lGz7JYz7Id+SYJBcfVCc855XN+5TC0lUWFEpPZLxD6IWj3XNOELyVgP4q74h9P3UbQ71XNDvVTktxwSfF+36rokz7qNpK7oPp+6tTaI1gm+OfVLxz6qLgLuFfyAknxnJ3iAqNgJmHNOcq1YwZLJOaQTyigAgbjKgNmOMInj4TVaVklFre3+aEW7ofjD1/dP8QJisQGBySSSqU0yD0l3Suhue6rIWQWB6JzXuYQWncJ4hyu+CPRRtMB4fY+O4VUbw4SHb3VpTdRyRYEkWrHuqXwz6J2HcAKt20S6oy4NjSXuhqw1odof3DlZQubLw4fqsAzy7gbo0dxqoj/LlcMe6dXYvZlt0v6N9oSaw5VBbeqTgRVbcgbZWjoKulqvMyVp9RndaIyhLoxTonFhBHnGQjCBx7IrYxkHGyKGY7JhmlLaRxT5GcLvy6lafZLR7KC/kwRhBjskYTjcKX4aXhqsE+VkIQlp44T3MAAwpPhey74aspyyRiz/D+662M5yAjhm42Rg0Y4UB3sAIjzhP0eyMGZ7J4g9lCfKyN4Z9E/wz6KR4ITvDaoL3kXwz6JeGfRS/C9l3w1AfkInhD0S8Ieil+ETwl4J9f2ULIfhe37peF/h/dSvBS8FQvJF8P3S8P3Uvwj6rnh+6hMgIXPjOWqzpKrWQyU49CogjaOya4E8KAt5LV8YPA/dB8IDsmU1S7SGv3wpmGuaCDyoCQzEPVcMQPf8AZSvCPYLmkj8P7q8FZRAfDx5c/mgOhO2GfurSSNvYKO+L2TYrJcZ4K+aMEYAyFWz0ssBMsGQM5ICvXxF2MBCG2fIFTSQyNnoqYKoyDDwCU6SKOQEhuCu1lGWONRTgju5oTaeUH79wgwMTIctKQeFGkhx2V06IPHCizU59EGBsZlSWBDLFMczBxhCLUI6M8kN0eOE3T7qU5vumlme6g1SyR9PukR7o5j90ExkKBZBkYOEkXCa5CngY3wSLZXVFtqG1FO8tOc7L1jpnqemvVO1r3hs4G4zyvIAecJ9HV1VvqW1FNIWlp3GeVoqtaObdp1Po97SWe6S6ljvdN4cjgJoxuO60RaQtKkmcWyLrlhjkkklYsSSckoANSTklAxuRjGFkeq+mWSA3Cgjw7mRg4PutgkdOCHDY7KnFMZXY4Pg8edEW7FuCmgY7rW9S2JtPitpxmNxwcBZl0eEiccHTqvUlwDGySekhGSm2JJJdaoUcDDlPDduU7AzlPR7SCSSSUIPSSSREEkkkoQcuPY2Rul42K6kqwWuHkzdyh8CV1LVQf7pIcRvxwVSOiqbLUam5dA7jHGFuq+iZcKV1O84zu0+hVBBiQvsd1aBJ/wAIkc+6Uaabc/a1wfSDoSOWpobp/NW0tNkfQocsOg8L8sYR++SC9nfKn9PX6t6frW1EDzoJ8zc8oDm+6juYB3S5QTJjJ7vZLvRdR0YqIJGiUN8zc91J8IsK8Ms19rbBXR1VLKQ3ID252IXstg6jouoqZr4nATY3bnlZbKymsFmw8hOlGwIXGjSSEQ7rM+GJ9kGtp4qqIxTMz6FZ6nfV9N14eCTC8/ktU5qhVdLDUwuhlAIIxxwgJ2XtHWw3KASx+iZLGW7gLJWqunsdR8nMT4efK48Eei2dJURVLBIw5z+yoCUMA6KscwiCoOM8FWjH87ZVbVU45aAEqKd8WIp3Z9ChksmeUS3SzjdNa4Y3ThugXAljmTEbKQDkZUN7cYKfTzlv1bIhUlknpJocCMnZdJx2UAOp6YnqEHJqScoAJJJI7qEH5HqlkIYye64zJ78KFMKklkJKAMSSSShQkkklCD0kklCCSSSUIJJJJQgkkklCDEkklCCSSSUIJcPC6koQZvld0NcNwnY3ykd1CFbWUmD4sP5tQYZDs3CsSw6gOyjVduyfFgJa474UCHMdtwnqHFOR/Lm2cPXupTXeyhfY8Nc36Tujsnl2D48e6G3kFSMtc3DgoAFZMHYG2V2VgeMEAg+oyo01K1w1QOc1w9CmitfFiOeM5HdQAq6m2VVtmNZbAZGOOXxenuFIprpHKdGMPH1BWjZQ9upvBGMhU9ztbpGipocRzx+m2oehULLSGo19lJ0gDPqs3bLs+HEVfHolJLccZ+yv2Py3VvgIVIJxF4jWuAdsjAsLRgjdBcA7dMa7Q7zE4TFPIoZPQkvM1OdDjyOxVfX2elvUD6K6UzXAjynHdXkcsUuGtO67LT8OxynRscOgXFHid36ZvnQlaa+xyOdT5yWnJGFc2frO1dQBtNWU5p6sgAhx8jj916eYI5GmOeNr2kYIcMhee9U/C0VE0lwsUoaSdXgnbB9iulptbh4bMdtW/g8s+KX9mm1dSsmvfScht9x3cY+InH2I47r5fvtu6o6NrRauq7W6ncTgPznOP6XcL7UtHVlw6dndQ3rxHxNOjS/lpVvfelehfijaZKC600c7ZG8HGy9z4r6gsqS+V5icfVePUuYnwO9sNTu6PBHDhs781MoLzdLS4eFOZIx+Fx4XpPxP/s59T9DU8106dc642cEu1NaRK37g7rx8OfHs5xdle70utp1kN1TPO2KzTTaaPR7Z1PSXBoYHhkgG4dsrZk5cOc49F5Ix5GXNGCr6y9TVMUjKbxtBPd24WrBoo1qXEz1G33mpozhxL2eh3Vr41vubctIjk/RYaj6ge0j5yJr2H8TVc09VTS4mpZmg9wThDtydWnVwfTLCooqiA6pYTo7ObuhNka7ywzeb0JwpdPXPk/lTkjHGeFypoIpiHxgMeO47ok8HSjLKyDjqalo05zhSoa5udMoIKr3R1dI/LxrZ6hEZPSz+XIDu4OyrgbGRah0bwCxwOUwxalBNPpwYZXNP32SE9XTed2Hgc4Kscpk3MsRBY4jHujx1plw2aJjiO5CgRXSCc6XZY70Kkxxh4Ogg/Yq1wTYp9kS49N2y45kZEIZDyWcLO1vTN0oyXwSa2N4I5WsJqI8+C8A+hXRcS3yVERB7kcFMV84vg5er8LpbsSSxL9owgra6lPh1kbns48wVfdLL0z1A10dZQtje4fWGjK9Nkp7dcIjHJExwPtuqOr6KjkkLqWcMB7FaYapf1M4Gs8Deo7klKJ4rfPg1TljprBXjxM58N237rCXfo7qixZkraJ7ohy5m+Puvo2rs1fbHEvjLmDhzd1CdPOXYm3HbKfG6MumeS1vgapxwouLPmyNzgd3HKsKW4VNOQ+KZ4I917HeOgemb658r6QU9Q/fxItsn3Cwl++F95tOZqB3zUPIA5wtKlxyeW1f0/dVHcvuRU0/UVUyTM3mb6K5p71SzgYcA49iVjpIZ6Z5ZPE5jgcHIT2uB3B/RM/wefu0ai8YwbtszHN1Ap7TnssVDXVMbdIldge6s4OopWRhsjdRCLLRjnpJdo0a4q6C9Ur2anEg98qW2qhe0OY7IKvdkzumUeGHSXM74yuok8kfAkkkkzJAKSSSgAkkklCDzukMjvskkgISaernp3Dw3kD0V3Q39r5GRVQAzsCs6nhzQc+iTZVuOlofJajRTynlfo3hpLdWR5L259jhRZqSttx10zzIz0J4Wbprg6LbJV3SXp7GDMmth7HchYbKOeT2/jvqHT34T+1k6nuzZf5czdD1KZUvYc6s+iri6lqfO3DHlO14GMrNZpkuj3Gj82ksOWS4julSMDxFOp7rO0+d+xWZL3Y2dhPgqpmnzHICzuhnao81F+zZxXaAgAu3KksqSSC0bLGxVRBG26mQXKoiIycj0WeVTfR1KvJwl+TNWJ+NspERPOoxtye6pKe7s1YmBwe6sW1MLwC2Qb+6U68HRq1VUvZKwBwutOHAoYO2RwueLvghC04muLT5RNZKMBFEoxyFBD+6KJSg3jESxKM8hEEgwoIcMjBRGSDHJU/uiyaHe67k+pUXJ9Sute5pzlXkhLDyDsiicu8uFFE/qE4SgqcMmMkh0EUwy8ZQDA2A5iGMpzJMd+EYnOCqfBW1MjsqKuM5aA4e5R21zSAJGYK4Q3bypPa0jAGEUZZYuVKbyh4ka703UWa20dSD48DXeuye0YJKMwjfCfF4Rlt027sxN6+GHT121AU7Ii45Ba0A5XnvUfwOfDI+W2yZcPwuHK91cBkYdunc7lOje4nG1fgtPqo4mj5HuvQ19t0jmuonkN9is9NS1EDi2SJzXN5yF9nVVvoqv+/p2Ox6tCyV4+GdluD5JG0jGl3oE+GpPI636Oql/tny2yoqYnZaXfmpkN1BOJoyPcL1i+fBeQTOFI/S07jbZYO8dDXK1uc18JeG92hbKtRH2eM8j9M6jTy2wiV/iNlbqikBRo5pWtxMBj1Cp5aSenc4aXNxyOEOOrmjcdLzt2JWqFu7o8pqNJZTLbNNGiinY4jDsopAc0YGFTU9fA5wE8Z3/AKeysYpKd+QyrI7gOWmM8mSUMcoIadsvIBQ9Nfbz8zRPIA5apLI5TuwavtuusnqI8/MNwAmRbT4FyX7J1J1PFgR3SPSCMagFawSZLaq0Vuk8t0u4WeDaSrBjLGuz2IQRRVdE/wAW3TOb/hytMJy9mW2iNi4PV+nPiTXW97ae+sfKOPEG+3uvTrZeqS5wNno5A4OHGdwvmmk6iccU9xhweNWFe2261lrlbVWq4va0nJbq2/RMTycy7QZ6R9E68t3GEJYTpv4l0tYBSXV2iQbaxwVtoaiOoY2WFwexwyCDlMOPdVKqWJIekkkoKEkkuHhQh3UfVOQfxJ44UImVXUnTVn6ipDTXClbnlszRiSM+rXdllmVnV3Qkhlry++Wg7NljGmZg75b3/VegHB7poBHBVPgbDUuP2tZRDsvUtn6ghElrqfEAG4Ixj2R5qKOKR09OND3cH0WTvXw9dLIbj0jVm03Dl3heWGUjgOaPz391CoPiBcbNUCz9dwNpZ2bCpB/lOHGc/dVGSfYx1Ka3VvP9vZvKSvfr8CrGlw2DuxViHB24IVTBV0NwhbNTvbKxwBDhvt2IKmRuLcYOQiwjK8p8kzJSyULWPb9Ug8HhQmQuSlkrg3SO6hYbZDez0TW5OfMU380YA5spYQDupQcCM5UIjKc2Qs91CB5Yg7cDdRdEkR8zVLjeHp0rA4DuoQryA7OyjSxknICnyQkHyjZCLMchQhD0kBNcGuG7cg8hHIHohEYQBYPPesuiGTsfXW9nnBy5oXmlQ2SlkMUrSHNK+iHsa8EEcjCwPWfQwnjdXUTMu5c1oSrIbkdXQ67b9kzw7qC0fMPdW07cHuB/moNtqnSE0lRyOMrYVVLLA90UrcFu2CsvdrRpe6opwQ7nY43XMv08bY7We58R5eWnkoyfAmh0EhGNkUP1NzjJHBUKjrhUROo6rDKho79wpcHkGCuBbROqW1n0fSayF8E4FzRVTayEwu2c0b+6pLzRPw44yGlGDzDKJoTgjn3VhM5lZCJWgbjcJJ05WK2vazDTDw3cIZdlpVndaR8Jy5u3qFVkggqHFuWx4OZKjzM9kb8W6edJG43RKOTLPkgtaWnJ7KQxxGFyRuk7Bcb3QteiVycWWNJUOjcN+Vo6CtLsAkLIxvwdirSjqQwhJksnW02plB5Rt6WQPA4KdNECNhkYVRbqwAAFWwka9u5SpRyehhYrIpszFyomxTF8YwOSFFaMNwtNVQMmBDmg5Wfqqc07iBuPVVhmHU0qL3RIR5RWSlhylpJOUnHBROODFlotaGsOQ1xwtBSyteBjCxzHFrgQVc2+uDQNRVm/Tan+iRpfDa5vGVT3CldEBK0bE4VjTVBcBkKQ9jZ26RtlTazdJKSyUFNO4ODSMBXETstByqyrpzSTeVuAjU9QMAIo8Ax+0m4QJQAQjtcCECfcgKxyaODhdZgOzhCHKIOEvJOixpJ9DhvsfVXEJY9o2CzQJBBzwrOhrACA7shwbdLqVF7ZFoadvYZQ3UoOAApUT2vHKLgYOyWddJPkrRSaQcBRZaNuc8K5dGckKNLESdkGAJ1ZKeSm0guaMKPFVSQPznBCtZIsg7Z2VZU05BzhDKKYqLlU8o23TtzbVRNGd8DZaOnrn0sgcM4PbK8poa2ehma+I49R2K2tsvDK2MNkcN/2WG6k9H4zWwceez0i3XIzNDhICB2yrdkmoA+q8yir57fM17Dlh537LZ2i7w1kbTrBOPVc+2rHJ6Ki/cXhGVQ33p4VrTV0nkmZvt3V0yQHHujM34WVrBp7MbZb9LFMKC4eWRhwHHutZFLkBzTkEdiqXqLp5tY01dK3RM3fbuqezdRS0cwoLgCHA4BKorODX1VLBc4DBUjyng9wVm3fOdOVeh+XwuPld2wtBHK2RgfE/IO+xR5IqesgdTVbA4O2DscI4xyXlMiRzRVsQqaZwJxkhdmggr4DC/GcfoqplLP01Wkv1SUsncdgrOWEAC40DssIy4dsKmAzCXW11NpqnOwdBOQQrmwX8PDaeofkjYFaGrpILnSESMB1N29l59c7ZV2aqMjNRjyktAp7Weil4djAwjPAqISx2M42WZsN5E8LY535PYrRwuxgjfKpo1VzyTLTWCEGjqDg8NceFNeS05xnKqKmIysDo9nsOR7qbR1nzMfhybPZylSiaSXBUeGcAKyikEjMhUjwWH7qXRTtDfCe7GeClBE6Rwadt8pjyJoyMbgZC5jOTlMbJhwOOEUVkhyhqjUMdDIM4yPyVTUwfLVDmuHld2UySX5CubKB/Lm2IRK+MVUZLW7t7p0eBcujzzqm3fLz+PG3+W49lhLnAaecvZs15yvXLnSCspHRuGSBsvOLzSFjHRvbu07LZXLjBw9fS8bkV9tmGRk4IXrXTNwjnpGMB3I7leMwPMMgK3XSde5jywO8uzgmSWORGjnteWekA6cLkpLnahsgwvEjA8HIKOATwq7O5B7kQbtTCqo3NLckNWNtkz6SqMbtml2wW+c3WNKxV9oH0VSZON8qmBbHBeRy6jxynubqOcqstVX81ED3GxVqd0yIl8mO+Itnfc7FIIgNTMkHG4XhHYjK+na+nFTTmNwyHAghfNlzpH090qopPqDj+meV63wWp7rZ8h/8SPHbpw1UFz0yLESx2xW56fqfEhbESNwsG4aJBlaGxVJjnZg7Fe407R8auXxywbQfy5A4EYChXqLxqRzmtyQCeVIeS5uxTy1rqfwnDcd0/CYp2ZKuwVpqKTQ8+aPZTJsSjSeyz9uc6lu8sTDhhJOFotY5KWFXYUQj+WuBb+EhGq/JGZSMgLt4ZoPzDRgrod49A1unc7pUo5NlbxyHs8xyWagQdwr+N50gLI26XRPjjGy1EbwcZ7pE0em0F22PIeRxaQQutdnfO6FM7jC405YHDbKUdyq4dWO1R6COe6j0j9tBKLUN1N/JQ6ZwZMc8rPPk0xtJNQcocBxt2T5s6C/HCE0+drccpeBrnk7OOEBu7gUeU7Ywog2O5S5lZJg4Qqg4anAjCFP5gAhGp8EGq+kv9EopiQAUps6HsIQIJNB4UAk8MlgkndeS/EiHw7oZcbHO69ZDsjK80+J8D/CZLjvhGuDk+dr+XRS/sedP3IK6PpC6B5PsExvKNHzVElqIhtRE1AA3IUhwiuQpeyCRB0XdFHKFF3RRyiQtBBwujlcHC6OUxFsPH2RWDhCYCMZCKOForFtcpkyl2OVPp8uduVW07gHBWdMiNlDWCWGjHKg3Fxw7fgYUsHGMuVfcXgah6om8DrpYrKqQ+pUN31KRLnOMoOckJE3k50UFaABsiJg4T1C28HWocn0lFb3QZSMYUksLgWnkC7ug9z912QnPKa1ZZDWd7hSqCn+ZnEeOVFG5Wr6QtkNRIJH5zlYdRdGuDydTxWkeouSwbzpa2NpqZshbgAYCtKybQQ0DPqjQsZBA1jdg1qgMldPWhjm8leelJy5PqNFeyCgWVrppGHxnDGeFeUzS52QFAjyxoZhWsLPDiBxudypWb4vZHA+QhrDsqitl05OQp08uARwqasm3O/K9BpfwOF5GeclNVyF0hGeeVZWSgLsTObyVVaHTSuwO61tnhfFTN1DndarJ4Ry9PU9ymyzhjDGDAQppgByEWR+hmAOAqOvrDkszgqtPB2zwXr9TDS1O2foZX1Ylk0M3x391uOibJoi+Ylack6icfssx0vY33Sp8YxFzQcBewWyjZR0rImtAwAvQ1pVRSR8E8/5H+bqXJPgk08YibgDA9FKYMuQWDJwp9LDuHEI088nmp5yTKWMNAJChX+6iigMTHYc4KbPUMpYDJj6VmGMlvlcZ3jTE07A90zoFLJKstDreKqRuXuG5WopacggkY2UaipxGwAtAxwArNhw0bJEp56I+A0TdDcJs8wibkrofsTjGFmL1dnTyGmgk3zgkKADHPmvNyFOSfDad8LYUdNHTwhkTA1rRjbuq/p+1RU0Ae5vneMknkq2AA4S7MkGnlcXTsuK4x9giPBVPKZb1XMoKeUtpmO/nubySPw/ZFulTUSytt1Fs6QZkePwtVra7fFbqcRxt3O7j3J91cnjghOhpoKOFsEDWsYwYAAwqvqHqCjsFtkuVY8Njj5Rbzdaa00rqqslbHEwEkk4yvK7Ra7p8XuphXVjSzp+gedEb2keMT/pgFLbyNjHPL6LDoTpu5/EbqA9b9RwOitUJBoad/wCP/ER+QXsdZW0lopAcNa1ow1o2C6DRWqhEbGNgghbhrRsAAsbNU1XVNy8OnjIo48gknn3RgOW54XQJ0lw6ouBe7PgZwB2x7LY222xUUIjY0Z7lNtlsioYmxQtGcblWIAA4S5gybZ1oIGSc4QZ6jfSMLs87IIi5x3OwHqq4OfK/UTyhCRIOH7nddTRkADG64SDkdx2VpZKSyF1NG5IwNyvOeuviPT0bpLTaMzVDdnFp/ZVfXPxKM0p6f6YJlmdlsszXbN9gvNbjVU3TtI+5XKoJeTl7ie6fCGOWaqKnJ4S5DXC4/JxzXq8z+cguAcePYLxjrTr64dTv+VhkMVOwkADuo/WPXFx6rqTCyR7KZh8oG2QqKKHAAI3WhcdHp9FoY0RVli5GQU5JGeStLYbDPXODWNIBOCcI/T/TDp3NqqjAb2B9Ft6OkdK9tBaY8u4ccbEowtVqcLCD0NNT2WkbQUDGuqHgZPclamw9H1NS6Oturg5v1eHnbKsOnukobWG1FcBJOdznfC0O7D4hOmIfUfRKsnhHEvvdjwPjgjhjEbGgRt4AGyy3WXxE6d6PoZHmqDKjGQQc4WU+Knxvt3S0H8Ns1Rrq3ZBc13B2Xyxfepbx1FVmsuFQXvPdYpWcnS8b4K3WP5rliC/8zW9e/FO89Y1csctQWxcANOMhYlg79+5QmM7nk90Zo5S7J7j21NNelgoVrgb9WwTy0nsutY48qQAABtus/LYcpDGRlyNHEGeY4XHyMiwgSVLH7NOVWAVFsM+RrRjA/VR5pzjGEB0he7nCcRlQao45GOlc48rgB55ThuithLsYTCbkuBoJ4wnBh9UZtOe4wjNiACgMpYI4hdxhEEOdzsjEtA2Qy8IcoFPJ0RsHb910lqjumxtum+IPVA7MEDF/YBD1eyZ4gPCYX9kqU9wSWQhI9VHcSNsruolccqYW39jvpTSMoiETlKxknQ5D0opGFxQsYnfSnE5Scrgi+zoGEvKkeEsKN4KOABdxhcOB2SyPRTJBaR6LhaB2Xcj0SyPRTJDoOV1N1eyWr2QYIOSSSVEHJBoKbg+iaTvuFC2/2FEeV00+2crgOF1spG+lWnkFMYYXldAeN9OfzRfH2xpC4HNJRFbUIPIHCcKglIacYS8NucqNNcgjw/PZPa4eqCYyRsmhkkZy4fuopsF4wTmrqjRyEbEcorZdWMhHkQ2ExlcwE4OBCciSyECztjC63CIkjwUwbh3R2VU8BHhPI/NN0lcwVMuHQqSTfJo7V1fJFphuDXPaNg4dlr6G5UdwYHU8oJ9M7ry4A53UqmqZqdwkhkcxw7tKbXbJvEjHfo42vMT1TT3wugDKzdj60jGILoARwHAbrX0z6aqjE9Oc6lq3Ra4OTdTOqW1oE2IkA4XfBPopojH2XNAVmSU9pD8E+iXgn0U8Qg8Bd8H2V7WV8pX/AC5/p/ddELgc4U/5c/0/ul8ueNP7q3HBPkyRWgcYTw3ZH+XdnOnb7p4jI20/uqwTJH8E+iXhuUnR/h/dd0f4f3UwTKI3hn0RAwA5wpGgeiboPopgrKQwRN9EvCb/APKEXQUtBUwXlAPDal4bUTQ70S0O9FMEygRjbgoJjI30/upeh3om4CmCZREMZBwUvDypvhrmgKibkRWtPCPTyOaAHbhIMA4RNIxhQmMkljmuaOEx7M7oMR82fRTGPa5oGOE6PPAqSaImDnhNeM4Up0YO4CGRp5KtRwym0RxGCN0F8QHZTNB5TXN90WQ8ldJEMbBV1RREkvi8pPZXT2e+VHdGBw390Mo5GRkVFPIdeh53CNJE2RvKU1L/ADTIzvumtc5uAShccDUyFPCWO4Ud7O2VbPaHAjGSVCkiIPCXgdCeSA6LuhmMjsppaeCEIx+qocRy1w2ITNPspbgPRBLRnhQKMsdkV0eOCm6fdSXN91zSgHKQADCYRlGOyYp0UFoq+rtlUyqpJCxzTk4Ozh6Fev8ATHVFLfqUAkNqGjztK8bU22XWa01TammcQWnJ9wmwngxanTKayj3NJV9hu8d7oG1sWMHAIB74VgtUXk4tkHXLDEkkkrAEknpKEGJJJKEBzU0VTCYZG5B49lgr7ZDbqnYeR+SPRegqJcaGOth8N7d8bFBKO4bTPZLJ5kYyCmqfcKR9FOY5G9zgqIRnulSjg6SluWQacBhPSUSDyJJPSTMEEkkkiIOSSSUIJJJdwVCHF3BSAOUTYgbKmR9CYSM4VR1HaPn4zXxktnj3y1XLk0jKS1kGNkq5bkfRzom43Cr6qm9BsreaJziCAgGMdwvyuf0FKGeIs2woZjJV9U04O4b2VZJCWnGFT6IQXx5GOVJtd4r7JUtqqCbQ4HODwuOYUF8ZON0mSyR8ntfTHVFH1FSte1zWzgAPb6n1CvNXsvn223KstFUyso5S17e3Yhex9K9WUvUFK0OcGVLRh7D3Pqs1lWBc44L94y0/ZQyDkgqdglBdHg7LO+BaZU3Cjjq49Dx9j3Ci2S61Fvn+WnJ0h2kE9wrl8JONsqsuNL4jMAAOPdLaci2smuZK2YN483ouz0wIGnZZGzXiajlFNVE7bDPBC18E7J2B8ZyD+yjEyjjoZBVy07vBmaSM7FWMZa4Ahw3UR0QeMFuUyNkkJwWkD0SpJozyjktCA4coMrdHmbsmRTEj1RtbZPLnCgB2nqXucWSHHopjVXSxkEOAwe26JSVYefBlOHDYFELayWKSS4TjsoLCJJJKEEkkkoAcPCQ4XU0jChUlkeCcp44Q27ogIwoLOpJJKEEkkkoQSSSShB6SSShBJJJKEEkkkoQSSSShBJJJKEGJZHqkeEPfKhAiYnDcJqhAbPqCMMYQdDvRd1FQtrIyrpYpgC5oB9QobTLEfDkBIHDvZWSY6JjhhwyFZaeCPG8Hcbo4JcAAoslHJAdNIc9w1FpJ25xJ5XDYg7YKoslRkg79lIPgTN0OAdn1CHhpGEMjByCoKayMdRzU+X0smc7ljvpTqapY86HeWXjSdt1Iil04BGUpoKeoGXMAd/UOVGslEK4WuGvbh/leOCOQoLH3G0hsE5EsGfrG5P3VgY6ym3DvFYP1XX6aqPG2/YpaQxMUFZDUN1RPB9vRG2cVRz0Etul+aoQRv52diPZSaC7wVTzG4Fjx+FyICSyWZixhzfKfUFSoqkaQyQ5KjA5CexodkJgBLbpdu1NPlOc8oGJGEFjsD0ThNkbjhRPnJWCr6h6RtPUkXh1tOwO4D2tw79V5ZeOkepeippKmAmSiY4aZWE5bngO9F7U2Uk4LcIzXB+5W2jWyreGJsqUjyux9cfNQiGvDZARpcCN/z9VkviJ/Z76O+IrXVtjc621xBc6WJwDZCeNQAXpPUXwhtV3Pzdlc+jrNyTq/lvP+JqwcVf1D0TVfL3mOejIPlJGWO+xXovH+UVclOLwzm6jSQs4kj5H69+FnWnw8qPDutpmmpiSGVTGHQ7HusY000x0zMIPodsL9F6S92fq6kNFdKennY9uHa2gh33yvEfih/ZJtFzIuvw9rRbpwHONHJvA7jGMbt7+q9/476hhbiF3H9zz2u8bsw6z5ahut2s7xIKj5ilJwQdy0LS2vqa3V4DYqrRJ3BOFRdQdOdV9B176HqixVFOc4OtmWOHs7gqD8pR3FpqbUfBnj3Lccr09dsLea3lHLTnppHp9FfKmnAD3eKztnf91oLd1LSVAEch0ntkrxKg6ivFmmLLlC6eA7eXkLU0F6pK9glidoJ7cEIlhm6jydkXyexxvjmYHNIc0qPV22mlbs3ST3C87pr9X0DmuimLm+mVqLX1jT1IbHVgNd7pck0zt6fyELFyS3Q19Ecsd40Y/UKRT3aEkNkbv3yp0M1LUt1RSAg9srj7TQygnQY3n8Q4VJ5OjXNS5QKSmoqwamENce4TBQVNP54JySO2VGqbbWUx1xO1NHcJ8NwqYABOwkeqPchyn6JIubmEMqoiD/AFBSopKaoALSCfQqIK2kqjolj/MpSUMT2h1O/QRwQUuUsl5zyyW6lGdUJ0n2XWz1EflcMkd1AFVXUZ0Ss1t7EqQy6U8jR4jXNd3BCg2NkUsEwVEUjdMzB9jwoFRarZVP1iIN9cBGa+ObJZumyF0ePT7IoycXlGe6qF6xKKZSV3TTmZkpXZHoqmSGtpjpe1xA9ls2zHGcLrnMJ8zWH8srRXqpx7OLq/B03rNf2s87utqtN/YY7nRxl5GNYbg/qsTe/hVC1pls8pHcNJXtNwstFUHU1nhuPdqrH9O1kbiI5A5vYro06uMvyPJ+R+mnJZsSf+D5zudgudocW1NO/A742VcN87YwvoustYwYbhSNlZ/iblZS8fDa2XIOltrhBIfwnhaflU+jx+u+mLaov4Hn+zPJ4zgqdBO5jRpOMqxu/RV5tDiJIDIwfiaMqle4xAAtR4yeVt0d1S/1otMnxXOaN31furCG5B4HivH6rObl3KKCcBWjDKmMuDUtq4n/AEOynmX0CzEVQ5owMqXDVuzuThRSaM8tO0+C+a8O74TlWRV0WwLt1KZUs7d1fyCZVtBkkMSN7J2rKNNMm1jkkklZTWBLuSuJKFD9+xRI6h8LvL3Q1wjIwglHPIfK5RZ01y0keKNvZW8FZDMPK8b9lk2c5zwixSOiOoOWecVJ4OhpvKajT4w+DXOlA4wuslAO4VDBcXtwHnIUkV7XgbpUqcHoNL9SNPku2HxP7s742XPmKiJwEzduyqxUyxkOjdhSWXBkgDal2Qs8qD0Wj+o4T43FpBV0zxh0uHKQ2Q4y15wVSPZRSgOj59ikw3CndmJpcwcAlZ56c9JpfOxfbNTSXCphABcXN9Cp0V0a52JG4HsspBfYhhk8ZYe5Knw18E2NLx+qyzqzwj0Ol82p8KRqWzxvALX8ojXZGFnWSubgtecKbBWvOxcUp0ezu0a+Mu2W7SfVEYT6qviroTgF26lR1LTx3SXFo6UL4z6JYIKMCCcZChZ90UD1Q5yHuRKA2ym5cDygCQ8ZP6orX5PCmBgcPIRmzkYGFHDxhLA9VAorJNEjfUfqlhv9QUPB9V0SEHO5/NRPAzaiSGY7rpz6qOJ3A7tTxVjG4V7mU4Jjzq5ISEuBjCQlDhkBMdjJGVakxU6UODsnZFaThRs4OxRGiUtz4mfbCZGwzy0yHSNBbvuq+a20dQczU7HfdoU4OcOUsj0TVLJit0isfKMR1B8NLFdmvkggbDI7fIGN15rffgrXx+eglbI458uMEf8AVe/EDGEN1N4mCE6F8odHG8h9P6XVx22RPka69M3ezTOjrKV4DeThQGkY0uOCF9bXCy0lY4fMU0btuSN1guovg5Z7o589LH4Mh/o23W+nXR6keA8l9Byjmell/wBGeGUtXXwHNNPp9juCramv0UmIrlBpPBcBsVY9QfDHqWxvc+khNRGPTnCyznPikMFdA+FzTg6m8Low1FcumeA13iNVpJYtreP2ao0lqrWeLb5SJB3aUERVtIdTtTh7rPsiIIfb6vTIN8ZxlWtP1PVUgEV3pDp414WmN205DrlngkyNp6oESNAJ74UZsFZQv1005LfTOVaQvtF1bqoapgkIzpJwhT0FVEcaThNjYmA1jhnYLkH48dml39TVqbF1ldbS9vgVRkj/AKXOysWBg7/onMqSw4xwnZRmtphb+SPoDp/rmguzGx1LhFL77AlaVsweAW7g8FfNFPc5ach7HEY754Ww6Y+JUkEzaaasLmjbS/smp5OTqPHY5ge1g5XVS2jqKiugDWSt1EZVyDkKHLsqlU8Makml+OyWvKgsfkri5qBXVCCyfVRq+zWq805prrRR1MZz5XjOPcKSnNdhVhFxbi8x7PL7n0R1T0nOa7omrkqKQkukoC8//Uj7Ky6d+KVJVzttV4pZLfXtGPDm2JK9AHlOVQ9UdH2XqrJuNMzXjDZA3D2n1ylyTi+DXDUQsWL1/wBS4hqfHYJGP1NPupETyTwvIqm1dfdBS+NbKx10tw3ET/qa1aPpn4l2u9uFHO401WNnMk8u/srhLdwLs08vyg00ehxvyERVlPUF+HcgqY2YgDblMMz+14YRJIbpIwRJEZSSUIcY8sOc7KU2oY8AN5UZNbtuOyhCcMO5CBNGCMprKk8OCK2RrlCEGRhymvZ6qwfE12NkB0J7KEIWn3QXb5BG3opjmEBRSME7YVPotGF6y6Gir2PrqBga4buaB3Xkt0t8tLIYJ2FpBxuMZX0k7dZXqzoqlvjHSU7WxTYzxtlZZwydfRa/4/tmfNt5ofBLaqNoyDgnuh0tWJx4bhhwA/NazqKx1Fuklo6uIgjI42PushPTCNw8MYK52o0zsPZeJ8rKuW6BMBOc8qXSziJ2l30kYVVT1Gf5ch37FHe4Pxg4XCtonXPDR9H0WujqI5RMulKJoHADO2QVj6iIxcraQTeLEI34y0fqqW+25ugyxtwDvsk4Zo1Fe6O4zurzIzTgcj9VEIcCTjj3SZLvhFhnI3ckt4B5CCQis8zfsk5gwSqHIE0nVuVKhm9womnBOE1oIP1FKlHI6qTizSUFWQRuFoKSp8RoWKo5Swgq/oqwYCDo7Gl1OGoyNBnUNlX11OHsI07nupFNUgjBCk+Ug5blC3k6ko/JHBl3sLDpcMEIbxnCsbhTmN/iDgnChPGQq6ObbXseAI5R4pnREOaVEeC12U4P9SomZlPDNRbK8ys53HPqranmJxlYqmnkp5BJG7GOR6rQ0lcHhpPomxknwdajUZWGW1XTiqjPqqctdBOYiPpVzS1LTjIUa4UrnE1MTc+oUwjS/u6BwyFwAwiubnlRYJdDsFqnB7XtBwrJlkfBSwUYtBOSFzQEqUchDWokchjOQmLoOEGGWi5oK9riGOOCPXurthBY0jjCxrZdGNlfW66NcxrH79lMM62k1ePsmXBY3BUZzPUI7HtcBpdnKfpA4CU1g6yakiukhyNh+6g1EGrfGFcPjGfugy02RkIJC51ZM/NT6TnCVHWyUkoLScZVlPTHB2/dVcsLo3cJcoqSEx30yUom1tNfHcIvBeQdtvUKVR1VTaKoHJLCVhqOrmo5WyROwR29Vs6G401zpsSEagN8rFbUd7S6t3xz7PRrXdoK6NrmOGccZV1A/HbK8ipaypslYx7HuMbjg5Oy9DtF7gq4Wu1ZJWCyrB39NqotYn2XjgDwsz1J01HXRuqqVumVozt3WhZM13CIcO7rO4s1yxNZR5vYeoai21XyFfkAHAJW5hqI5YhJG4EOVF1Z01HWMNZSMxMNyB3VN07e30cpoa4kEHDSSp0K3ODN0SZY/CmaHs9DugUzjRk0sh1U7ztjsPRFoqiCpZpDsEdzwVyrppIyD9QPBCgcZZGB3yk7oCPKd2/ZPlp6esjLZomvB9Qm6P4hROaw4liGR6kKJTVMrP5Ug8zVWC2jKXS3y2WvL4A7wXHOPRaW0XA1ULdXYKxMdPWxmOoia4HbcLI19LV2GrMkZJp3Hb2Q4RIycWbeM5blAe51PUNqG7AnBQLZcW1dOwhuDjdTpWNkj08pUo5NcLE0T9UdXDrjIz/khtJieAd8qFbZzDKYXH2U6oGeyVhjc5LGGUObzunEd1V0lQQ7TjhWMcgkG+yHoYR7jTmoow9vLePXKHaagTM8OT6mjSVLzp2O49FSPebddGtH0TFNRT6D1tP4E7h+F24WP6st8WDLp2cM7LfXAMlpg88hZ660ba6icwjdoyForntMOorVkdp4/UR+H2VpYa8wTt83Gx+yDeaN8Ejhp2aVAhlMTw8Hhas70cCyT09mMHtFjrGzwhurkZCuWkYwSvP+lLnqaxpd6LbeIWlrucjKX1wdyieYJh5HaDn1VX1DR/OUusDzNCs3O8RvohyNEjcA8qDZy3Iw1rndS1Xhu2DjghahpyMrKXGCSkrXhwwQ7IKv7fUOlpmOcN8AJiWTK++CY4N21EDC8E+JtJ8h1P48ZBZVDIA24Xu8uXYK80+K9ohkoo7gGeeJ/lI7eq6/jJuq1M8p9XaSWq0MnH+nk8mqzpl2HIVjaZSRGdWCHBQKoeQPxlOpn6AF9C01uWkfnPyNLT3noUcmoDG+ykRu52VLbKvxIG5VuxwIDvVdNs4m/cZm7RS0dwFQNsuz+Su2S62A+oBUHqOmkmp/EZ2TbLU+PSta52XM2Kj6G1ywyZWxGeBzByBlBtWZabQR9OymHc4Ki0J8Gvlhb9J3x7pMzoVTIDQaarc15xh2fyWjo5xJGPULPXppZU5HdWFolc5jQXdkmSydnSXei7JyBkprXbYyhPOeChsd78rO+zu025RM2Vfkiu52UoE4IUSQaJQ7KX2boW4LGXBGOyAANQPou5LowcoLe6U0aYzyFlILd8KGDhxRM+6C8jIS2hgcFwHK4STylGSQuHZKayHGWSNUcuUFp/mhvGe6nTDVsq6Z2mTjjuqBmTtgDusR8SINdq1gZw5awPLhuVSda03zFme0DJbujMutj8mnnH+x42OAmRd0QjBI9EOLujPljWG0OHKOOEAco44Tok9iPB+yEPrRTwfshD60ufZJBBwnDlcHC6OUSFPsIOEVvKEOEQbj1TYopskNwRwnIbUTOFpikgGPpXHUFaU2wCqqX6la024CM0afLJEp4wVWVxyXZPcKc4k8lVlcfOd+6pmi/wDArpTlyGw5KJIRt6obOVnm+THnHRJZ2RG7hCjOUVow0KCZnHnCiy5xupkhAGPZQHHJQzngGCBu5KGRhEBymA5Wax5NKjkNFHrIC9T6NtkTaZk2OOV59YKH52tZG7OMhew22lZRUbIWDGBkrzuuszPae9+nNI66vlkHqpBEzHqi2qlBBqHsGTsMqvJlqakM5ycYWjpYfCjawDcDdYHLB7SmvdyGihy4bKc4FrQ1CpwNs7Ik7gG4TKx1kOCFWPxvkKhr354Ks693O/ZUcmXv9d139O8QPNa6LlPaSLTSumnDiNlrYGBkY22Gyr7TSCOJnl3IVo8hjQ3smSe58CorZFJkKvqhEFRMZNc60sibkHn2T7vUunqdDHHy7bLY9CdPswJqlvmc7IK7Wj0+2KkfLfrLzOc0Vmq6Ts7bdQREs85GStK122MIUEbYmhjRsBhGYN1tbyfKpz38hIASRkKwb/KaCRyorAAM4Ua8XE01LgO0lyMB8kW63F9bO2jgJwDvjury2ULKeFoa3fuqjpy3lznVkzSS45GQtRCzQAGhWA5YJEUfG3Clhoa0DOEGN2BwgXCvipoy9x3A2CWC1uIV+uBpo/Aif5yN1F6ctYmca+pYSAfLnuVX09PU3WrcDk5O5K3lJTMp6VkTQBoAB9yhlLBJLARnlbgDHsunJ7pZySkh7KEodyq/loCGH+admhSZpmQRukcdmDKg0FNJXy/PVI8pPkz6KZxyQkWehEDPGmGZZNySpVfWw0UJkkdg9sIsssUEZkeQ1o5K8m6rvFy66vT+kumnfyWDTV1H4WN77qk8hxWQVa28fFfqRtqo5S2zUZxUPaTh7ucZXttotFvsFvjoqGFsUUTcbDGcKt6S6et/TFsjt9DAGAAaj3cfUlROqb6JWutNvkzO4b4KIOx7uF0Qrvc6i/XRtroXF0QPnLdlpbTbI7bA2JjAPVV/TNlNtpm+IA6d41PeeVocD1VZQnGB7Ttwk6VoaXHgLg7j1VRW1crqv5CF3P1Y7IAR0j31lRqBw1vG6kRgN5GUFkYjZpB/NEL9HbKJLIaWSTsNl5D1v1rX9R1NT050q/FM3y1tTq2xwGt/QqT1n1tL1DLJ0107nwfpqaxrtgO7QsV1l1hY/hn08WEs8eVpMcYdpDpMck777p8IY5NFVM7HitZZW3mvtHQtulkqZQJGg6ifrcfTK8C6q60u3V1a7xJS2lafIwcY91CvnUlx6wuMlfXvcWO2wTyg0NDLLOyGmjySmHqdJpIaaO6fMx9PCcY0kYWu6e6XdIRWVmGsG4DlZ9PdLNp2sra9ofI4bNwtzZum57m5oni0xE5LfZWI1Gsa4INnsU9xlbBSM/k/142wvQbRYqOzQaYWN1u+o4RoI6a1Uwp6eMBo2AHKhXu/0HT1skul0m0Rt/dDOW1HKstna+C1M8MML56iTRFH9RxnC+ePi58e45nSWPpJ+tjAWvna7Y59v1WN+KPxnvXVj5LVbZ309taS0szkPHfPC8vbqCw2XZ4PWeI8F8f+tqe/0FqqqorpjUVMrpHu3JcUmDGCQmhpzwpDG5A8vCzSk8npXL41tijoPoESFhcclEjY0YLhsk6WJowzdDkTlyYYMY0ZKjzVAB0gZwhS1DtWE1jtQVDNvsT5nS7eibG0c54TtBOwKcyFxOCPzU7LbUVwMEeeCitj1corYQ3BIRxDxjZQW7MkfwCMbKQxukAEcJ7mgcobpW4xhG3grOQmpvqmSSDgboPiILnDB82UuU/RMBi/vlCc4nbITM5JwUwZHcpLk2ElkeTnlNyVxPUDG5K4n4KWCoQYkiaSneHxsoUMSRRDkZSbCcoQMgsFLBUjwR6Loh9ApgmSOIyO6WgqX4QG2UvCHqpjBPkIek+i5o3Oyl6W+i4Y/RDgLciMnInh+yf4avBW4Bo9ktHsi6Cu+GVME3ANPulp90bQUtBUwVuAeH7rrWYPKNoKWgoS/kRwAaUwtz2RcFLT7KAzYFrSDkhEDQW4wu4C6qUckXXIIw5OUvCPqjpIcEBaSEvFcNsIq5pHojLGtkdnhEEvchcwPRNQqW0CSyGw1+2y74ON0AOLSO6NHOdgWo1LIsQMjDwjMfkZxyute0jGOV3T6JmSDkRgy5AEbin8IwZckwMaRnKGYhk7obJSDhGa8EbKAAw0A5SJynuXQMI4R9kGlme6srVf6+0SAwzOLM7tJ2wq9dwU1cdCrKlZ2erWjqGiuzB4bw1+MkEq2a0k7BeM0tTLRyiWF2Mdl6L0v1lTV+miq/JLjDXE/UtNVkc8nD1ehlH7ompDcjcLujfOEQaXDIwc+iWAtSSfKOY/7jdPslo9kXATg0c4QtIW54BeEO4S8Jv9P7qSGegS0eyrCK+VgPCd/T+6XhO/p/dH0eyWj2QYRfysDpHokGDkBFawnsnaXeiJRQMpuQHR7JaCeyM5nsuaPZVhEU2gGgJaAjaCloKrCC+Vkfw00MIUssGEMx7q8InygdIAQTEcnZS9HskGgqRhkKNmSEWkHBCQaScKTgJYCL4xm5ATHsCB+67G4txsjJjo84OUOME4aDNdq5C5JEdnBMaNPZHaRjBTBL4AacbJhiBOcKU+LuAgkYUJGWQDmeyBJHtwppGUNzCq6G5SK50II3ChTwFpyArh0RO6jyQnHCmExsZlW0EDSRsmSRAjZS5IdO4UfJzwl4Q1MhPi3+lBdHpGdP7qdKMEeVCczI4QjlIgknOCE0jKkOj32H7phYcKB9EZzfdMc3I5RfCdnhLw3IA1lEQswT2XCMd0ctyuaCoHgjFpCZh3JUrR7Juj2UDyi26S6gqrJXsYJD8vIcPYTsPdewUlTBUwNngeHNd6dl4OG47rX9EdVNts4oK57vBk2a4nZpTq7McHN1umUvviempLuMjICWMJ+cnIawOSSSUIJJJJQglwgY3C6koQzvUVmNZE6WEDU3cLHOgew4c3C9Rkj1DHqsTfqJ0E5kDfK4peMmyq3C2sokk57SDlNxhUaU8iSTklAxJJJK1LIQkl3BSAOURBAd08AYXQO66hbCSOYC6kkqLEnJo3TlDLY8dH0fbblBcoAWnDgNwUWenOcgLPVdJU2yq+Yp2lmOR2IV9a7nDXxAE4eNiCvyep5P6FAjCeCFEqaQNGpoVzLFvjCjys1dkeUQzksOk4QHRq6qKbO7W9lXSRaTugIQTFjGESjram21LKqllLHtOdu6e9o5KC9uRyqayRnrPR3XdJeHCgrh4VSBsSdnLXPaCvnOKaWlmbPA4se05BBXqvRXXMV1ibQXB4ZUN8rXE/Us9lYmdf6Ng9gwoUrQ7kKwDs5zsgyRA8BZmscANFJW0bX7jZ3IPojWe7yUrxDM7bON1Lmi1DYKrqaQu24PIIS2nkJo3FNURzsD4zkH9kWTzNCxNrvM1BIIpuM437hbCmqo6qJskbsj/JKaFWV/oG6SaF2GHZSaeZ2xdyneG09soL4zHu0fuoZ8E8PDwotXTOI8WHYjsO6bDUHbIUlkoI4VJAtYG266CUfLznDhsCVZg5VLX0Of8AeINnjcgJ9surZT8vUeV42yVYlxbLpJcJA5KQIPCgDWAiSSSgsSb+JOSUI1kSQJyAm54SZ9QUFpBxwkuDhdUCEkkkoQSSSSgA9JMSUIPSSSUIJJJJQgkkxJQgkkklCCXCAupKEBEyN+ghdDjkbJ7hlDPm7cKECjTpQDyfulk+pXFAxLuCuNIynqAt4He6DUUzJ/qyD6hGSUKIjZpqJuZyHRDh3cfdTI5GSsEjHAg9wmuaHjS4AjuCgmCSEl9KMD+jOxUISwMnCK1paAoFNWsc4MlHhyf0HlTw4YCgOArDhR5qMOcZIXaSe3ZGb3SGecqFZIgEg8krQotXaKafD2jQ/wDqbsVYSNMh4TACztlQMqWy3C1vBmBnp+7hyFaUlfS1gzBKCfTO4RBodlpaMHtyq2rsxZI2qtzhDUep2YfuoAXIOUgMd1Tw3mWneILvEIX8CQfS5WsczZGh7CHNPBHChB7m4wR2TWTuacaUUHKYGtwcjIVp4BDNqDpye/oh3ClpLvRyUNxpo6iKUYc2QZQNMoOIxlg4HoiRyEDdqbXY08oXOtSPLuo/hFdbaH3PoepLWxeY0jz5T9lSWf4jy2yUW7qqkfbJm7ETHIP/AKL3EVeg4IUC+9I9LdX0phvdtinBGziBqauzpNc4vEjHZVgw11tXTnWdu+UvNvp66kmbux4BDh7FfNfxK/siVNNJJefh7WNkxl3y8wOsfY59F7nevhd170PK+t6RuTrtbCdT6OQkP/8Al5QunPidbLnKbbcg6grWbCnqXaHL0uh8vKiW6uRz9RoYXL7j4UuU146cqXWnrO0SUk7DpLJG5cPddZQU87PmrPWDJGdOcL756r6G6P6/oTSdQWqnqQ4Ya8tGofZy+b+v/wCyff7E6W5/DqrfMzdxhe7zjHv37r2mi85TbLbPg4N/jp1PMXk8bpb5U0b/AArjC/DTjUOyv6Sspq1oMEjSecZWdnrLlaal9q6ss8kb2eV+qPS/7p7KGgf/AL1Z7no7+G47hd6M1PoQouvs2cNbXQMAZO8D0ytFa+tJ4NMNa3xIxtnuF5vTXmvoz4ddEXs/qCt6e4UtS0OZKB7EqNG6rVSh0ev267UNwbmGob/yuKNNQRyDIAGe44K8ljqKiDeCTH2V/aOtK6ixFUkyMG3m3QuLOvptZGXEjUVNrc0ktGPsgeHVwDyuO3GCpdv6ltlxAHiBjj2cVYSU8Ezct0uB/NC8o6MHCz8WVcd1qoxprKdssX23CktltFYwNc4RkoU1BNGS6M5b6chRXRNdlkkYH5IRm3BYG0DAfQVmXjt6qK+e80ztFXRNe0d+FHa240v8yimBA/CVOg6paGiG507tXrjlXKWCLbjkGy4R6tMsRj+6kF1O9oMJ377ozP4JXsMheBnsTghMk6cjdh9FUujHbuFE17FybX4g3vIIykZwAAeO6jOoLxTSkaRK3GxG4KEa1wd4dREYyOdkakvRna3dolSOpZW6ZHA+xChyWamc4yRuAB9EXwxKNUZBzwozae5MccHLfRPjZNdMy2aOufojVdrjOGk6vusvd+haW5SPeYYw5/4mjB/NbF0rh5ZmOBC4HBOhfZH2czV+IoujtnFNHjV5+GVfSF8lMC5o32CydVbK2heWzwOaB3wvpF7A8YIyq+ssdrq4jFUUzHB3qOFqr1LX5Hitd9GUWy3UcHzsO6IzK9bufwvoqrVNQvw4fgKyty+Gt7pIzPC0StH4QN1tjfB9nlNb9La3S5ajuS/RkB5d8IzKxzcDsEaqtVxoSRU0sjceyg+JzkJqSl0ect0ttf8AuRaLCOuLtypUdSD3CpGSBuN0Vso3ypsZllDBeCoBxxuiNkyOFTNlcNwUSKumzpJ2VNtCp15LZJQ2VW3m7o7ahpxnurFyhgloROVwyNOwK40AjKuUsAtM6u5wuJIewQwLh3TmyvYcg8IOQeUvKr2orBNjuEmcO3UhtQH4Jwqto2O6fHJ4eN8qfEi1KcfxZaMndCct5Uhl0qIhlzshVjJgcbqRnI4QS06kbaPI6il9k4X62hwjrGfV3wpccNBVtDrdWtD+cByz8zGPOHNH6IIpQHB1LM6J47hInpIrlHVo+o7qJJs2LH3KnjwXB+PRSqW7D6KhpB9VjIq/qChf4xm+YZ3a7fZTGdUUbyG3OkfCDsHAZGVmnQew8d9WRljMja09ZBO7Sx26s6acgjusRDU0E7BLQ1IJO4IcpdPU1kLw8TH8ysdmm/R7nQ/UEJRzk3IqTgZCkRz7dt1lYL08ACVmcendWdNdWSNb5SAsktNJcs9Lo/K1XPDZch+6O2QkAAKtZO0lSWSDAKS4uJ2q7lLolhxxsU4OJUZsuOyOyXAGyBjk8BtZb2Tmuz2QvHa7AIRAQeFQXyMLobp4/dB8N3bdI+J+F+F0E84yoFvbOHx4zxjKRkd+JF8UYwRldAil204KoPvkDqcd8rvjSsGWFPLAOE0gjhQUxhryxw8b9UWOugk2BwUNzWvG7QmOooCD5T+RRwkxbiSXvDwC07JviSMOGHAUL5epbn5eb3wUL+JVMDgyajkk/wATRlM3CbYZLMOBwXBEHgvbhqiwXSje1oxh3cHYhSmzNkAc1owfRWZZ1kaelhnaWPYCD6rJXz4eW+8lwqKeJwdw7GCFtjv3S8P3TqrZVvg52o0Vep4sXB8/9RfCE0j3vtT3tc3cBYqto7haX+Bd6F00Y2zjOF9WzRNeNJA39lVXXpa03OMsqaSMlw3OkLdVqpf1M8f5L6M0moy6VtZ8uMtNNUOM9oqjDJ/QTg59FMjvvUNoAiuVK50XGvTlep9QfBRtSX1Nmn8FzdwB3WDulm606cc6C5UAr6VvJLckBdOrVVv2fPvJfS2r0eZTjmP7QOku1hu4DGTeBMf6xpBUyqstRFHrfBqZ2cN1ljT9LXmQiKtbQ1Q/4crtO/sjx1HVvTIBBdU0Q4BOtuPb0W2Filyjy1mlcev/ADLJ9OYzjJx6FCdTxuOrQ3PrhHoeqrFdcRVv+6THbfjKn1VlnbF81RvbPFySw8J8LTPKMo8NEe3X252mRrqed5aDkAu4XpvS/wAUaOoaylr3OifsCXnb9V5QHDOHN3G26b4Il/u3aT6pu9GK3TV2rk+mYq2KfeI5R2nIXznZus+qel5gWzOqqUfgJzpHt6L1bpL4mWjqAimqH+BUkbNdtkoso5F+hsre5co2ocQniTthA8TfYbLusYyQpkwThgPkHuu5wozSc/UUdpyFYvawiSZkJKAN+mP/ACWb6g6DsV/JmfD8tU8ieEaXZ9Vo8hLIQYChZOv8WeayQdbdEvBildc6EcZ3cAtLY+vbbcNMM7/An4LJNlpueVSXXoux3g+JLTiGU7+LF5XA/dH0apXwsX+osM0MFXFM0OY7IPupIcCsMyh6j6Zd/u0prqUcNP1gLQ2y909WNMzXwSDlr1alkzzhHOUXKSY14O4IIT0QtrAkkklChjhjhJkrmHbdPQ3t25UITIp2uAzyiaQVVjUDgFSoZn7B7sqECSRgjjKhyQkdlYgAjlDfGCc4yoQppGuYfpSaRtkKwmpw8bDsoc0Dm8BLwEuHkz/UvSVD1BC4Pa1kuPK/C8H6v6PrrLVyNfA4Bp5A2I9QvpHxdGxCiXK0W69QmKtj1NxjjdDKCkb9Lr56aSaPkeohIOQMLsU7s4cF6R138NqiyVUlVSsc+ldu0gZA+686np/AJ9Fy9Rp97Pc6DyvVlbJMU+HA54U3VFPFoc0HKoS90Z5Kk09XjGSubZpdnR7nR+Xhckp+ynu9D8vUuAGxOQqsDzEei2lbTRVtPqxl2OVkp4jTzOaW43WSUdrwxuohHduicY44wQjA5QXjyB7U2OQu2IQYaFxlgPgeqG7I908NPJTwwcnfCDDHpjWOIxturGjqS0/+qrc9sIkLtLgUmUcjYW7ZZNVRVOrGSFcRyB7RhZKhqMEBX9FO3AQHotNqFKCRLmiZI0seMhyop4XQyOYRsCtCwiQFV9wgc7huSoFfDcsoopm77BBGSQCpr277hRZBjGAqaycia2SCsZ3yp1JUOY4NVax+BjCMD5gVSWOTRVZyaqjqcgHIVg2XUwb8rL0lSWABXFNVagBj9006lVmVyOqWeGNbRnCfTyF2AThPJa8EYUcNw5Qc17JXcIruBgKPGRjlHjIxhQI4WkoSladsgIZaR2QBOOBhGBnKdTT6HjypgeT2THRk4wphFJPJpLfX+JpDnBXbHte0YKwtLI6J43K0VDXBzQ1x4SZRydjSar+mTLZ7c43TXtz3TGnXvnKMlNHUIkkQIxhQKqiHKuDHq/JCI1chA4gyjkzk0JicMNUiiq/liHFp235U2qpweGqve3w3HS1KccgQzCXBqoquGvpwXYJPb0Ui1XV9qqhG8kxuOyzFHUOjGAMK4jlgqowXY1AYKx21ZOtp7+cs9Rt1zjqcGM9laxyZA3BXllnu01BUNie46c4B9lvqSs8TDgc53WOdeDuafVRlwWsoDh+SxvU3TwkzW0bP5o3cB3WtjmBGDyUGob3Ays84tmqbzyYqw3ySCQU9ScOacbreUtSyug2OR3CwvUNmAeayiYQ/lzQl091FJTSNildgjYgoM/sGM8GqkbUWyp8Zn0E5/L0SrNMwFZT9/qHop4fDc6bLCMkfoqsNfTS/Lz58Nx3RdjnLI6Gr2Gnk8j0UqeCG5QeBK0EEKqqoZKKQPb5o3cH2UmnrCMEbbKi28lPH83Y7gaeXIjJ8ufRayCUTRh44IBUa5UlPdKdheMP04yOcqptNbNSVLqGd2zTgZQMqE2i+maNnjZw7qTR1JqG6H/U1RZDqGR2QYJnQyB7QlOJqhP8AZLnLqacObw5T4pTgDsVFlDKunL2HcbodHK8ERvOfRUkOzkuR5gDlV18pDPSiRn1xHIKlRSggBFcWvGDwrDZEtdS2uowx2C4DBHuo0kZje5rhsVFpy613V0TjiOU5CsasF41hFF5YqXZguoqGN08mmPf0WHuEHgSYG2or1m/UYmjErW+YDf3C88vlCCHENxjcLSuDiaynneLp6sfTvbl22V6nbqkVlG12fM0LxW1SyNk5+y9P6YuIfG1hd7ImvYWlt6iaiJ+Y8HkJm+cpNOl4PYp7N84VM6TKDqak1xNqWN3bsVXWOt1E07jxwtTVwNqIHxHkjZYRjZKGvMbsgteR+SZHszWrDRrfqBCzPXFtfcbHMxg8zPP+i0UUodGHd8KLVls8ZjcNnAgrfRZ8ckzHrofLp5w/awfOE7P5T2clpwo7CWgeyvr/AEsNHfKunjHkJJA9FSZBJAGML2/jrHJKR+cvOaB0qUf0zQ2ic+A3dXsMpIaVkrTPhwiWlp3ADC9NF5imfP5P45YYS6vzRHb1Wf6brGCqlpnc52WjkDZY3RuGxCyUJbR3xrWjZxwrCjZybAu0yn3CAGFlzZJ2kCKXB+Ht4KFW48JkrT5o3BJlHJ0KZgr7CMl2O2yhWKqw8xvPfZXFdF4tOHEZyMrLxSCmrcNOBqSpLg6ens2yRsTJsSQgxyeZcbKDGCN8gIBGXArJYsM9DRZlZLJrgW7FRKk4dkJ0R2G6ZL2QYNsJ5J8Dg6nbvumOwAQo9E84wSivBIKWba7MA3nzFR3kg5TyfNuU2QgAFA+jTlBoHghdIPqo8Tsn0RH5OClPgOEsDJOFWVXlaZMZVlIRg49FXVv/AGc/dAFPkaw5GVEvcXi22duM+Q/5ItPJgDK7WHxKV7APqGFa7M1zzW4/s8NlGmZ7fRxQou/3Uu5xeDcZ4scPP+aiR8u+6Yj5hdHZZKP6Z0co44QByjjhPiK9g3Li65NBBzvwgn2UGHC6OVwcLo5RS6BCDhPiPqmDhPiCZHILC4wQiP2AQzyESTgJ8WC+gtPsQrSEeQKogd5xtwreJ48MfZNRp0/9x3qqm4HLnfdWbu6qK4gvd91T6DveI5IUjsuXWcITslwUiIZasz7M+MhWA5RyMNCYwDZPlIDcK+xEiPO7G2VDJyUWpd5sg8IA2Cz2MJI6mRN8wGUx05HZS7TF48jXkclYrrXGOTfpofJNRNr0HZ5Z6j5ktw1p7+y9BqZPDaQOeAqrpGikpKAOkAAcMqxqCHvIC87qJ/JNyPqeh08atNGuJLs9Juah43PCu4RlwGFBooXMgY0jndWcDMb4WVvk7lUNsUgzWacY2QKx4A54Uk7NP2VTcZtIx6rTWFa8RyQK6pJJaByFFo4DLIDjkpkhLn59Vc2igkwJXgDvhdup/YjzWp5syXVPHoYNuyhXyokgpcxOAJ2KsMgMOeAsjdqmaurvloHHQ06ThdLRVO2R5vznkv4Oncl2S+mKGS5XAPePI07kjkr2e10UVNC1rWAHCyfSFkZBFCSzJADifVbZuAMAL0UYqKwfBPI6yerudkvYZgAONQOVJY3hRIo3EglTIjp5Q+zmj5ZBDC6U48qordHV3u5GV+TEx2AOyV5rXXCZtsoMucTh7hwFpLLbfkaVsO2rAJKmSpdE2nj04YABhT4gM7oLGAHdFP0qZRnfYSSVsQySMLM11d89WtiY0gZwMo91r2y6qeM5PdSLFaC53zVQ3J7BA2F6LmzWltFE1zgC47kq2DsZKCx2wAGyKDhALlLI3V7LpGybq3Oyg3OscwClhOXvHCtvBCNJI+6V4oIR/JjOZH9j7LQiIMYI2ABrdgFDtVvZRQjDfO7cnvlZL4k9dx2GidaaJ+q4zkBjWnOEt5kNjHJW9f8AVlXV1Lejencvrao4fI3dsY7k+nK1nQHRND0rbwzSH1cwDqiX+t/r+5VN8NeiG2Wi/it1HiXOq88xfuW57ArdVVwprfSPqJdgwE/ooRvALqC+09po3tB1TFpDWhVXTFoe9n8Xr2AzTnU1p/CFBtdOep6911maTTRuwwH8RW1iiDWBoAaANgOyJ9At8BY24HKe5Dah1MwZGXnsgScmAwN2rX0tOBER4kh0hQqKDwGa35Mr93OJ3UYCW4VfzD8iNmzQVPJwjawTAdj8Z2Xm/XvV1Xda1vSfTT8vJc2snafpH9LT+qldadWVMsjemenX6q+pbl5H4GH/ACXnXW3V9m+E9la58zZbtK7zgnfUed9/VHX3ybNNRO+fxwXILrfruy/CjpttJDIHV5Hka0+bV6n1K+YLndrz1pcHXS9TukOdtXp2CbdLtdetbvJeLxM6SRxyc8ewCmwwvZoghi1uk2a0c5WhLJ7DS6WGhhj+v2xtNSudIyCFmSdgB2XpXTnS8VtjZUTNBncMjbJCf0l0jDbYWVlbE19S4Zx6L0exWTIFZVM2P0tKtrBztdrfu2wIln6efUvbVVIw1vAK1YkEDdEekZGMjsmamx+VvHH2XmnxK+LVs6RbJRUMgmrmctxkNKRZbsObXXbrZ7Ydmi6w66sXR1JJVXSo87OIs7uPoF8t9efEW9dfXI19Y90MPDYWOOgfkqXqPqW7dT3CS43GcufJ2B2AVa1pxgdlisv3cHtvHeIr0KUrFmY4QjGT+iQYOwT2tcSB2UgRhozhZXJt5O1KfAKOAEjb80fDWAJjp2sGAFG8VzjgqnLAtfc+QssxaQAELVq3SOXIkUO++yHsNJIboJ2TmwuPZHEQznCIGY7JiBlNg2R4AyEUMA4XE4uCsDOTg2RDK0NxgfqgmQ4OyASQc5O6pvBQaao7AIJecrrnA8H9kNrudkuU9xaXIXO3O6jEnKLvkDK4WOJ4QBSWDmCnJwaM7hEaAANlaWSSlgDoJThFuCjlgI44SxjumbAc5GtYMJwYAnj0CWQr+NFrnoa5gXNPunGaIclNNVTAZ1j9UH2luDaHsOMrrWngKKbjTg4z+6ZJdYWgadz90O6MeyKmb5LLwtuE0tJ9f0VU68S/hGyCbvORjCB3Q9Bfx7GXWkeq6GY7qhN0qPX91wXSoBz/AKqnZkn8Wz9o0GkpaCqP+MT/ANI/VdF6nBzp/dVuRT01i9l3p+/6JAAnGVUNvs/BYMJ7b32MZJ9UW6H7AdNhb+GPRLSFWNvkewlBClNu1I7G5GVN0P2U6rF6DeE30/ddEYHZNbV0zhtKMlJtQx5w0qsoBwmEEQAxhMMbe4/dPBBRFYLeCN4fsl4Y9FIwEsBQpzIml3omqYYgeyEYj3aoWpZAJIngPXDE4IB+UMSSXdJPZQmUcSRklCZA4BST0lAMDGvc08ozKtwIA2QsFcV5BaJ8c8DgMv3PsiuY1wyzhVffKlQzSRfSePVNhMBxCGMtOSEWMnGCeEeN8FSzVsHdwfVIwPacadkQt8ARyityBwhcFIOIOcpjbXRWQoYnhgA3XA/snAZOVW4jeDgB5C60HtsfVdSVqTXKEuWeDZdK9YyUuihuL9TDsHnsV6HTPjqoxJG8Fp7rw0d1oOnOsqqzvZFUF0kQOOd8LVVfjiTOTrfHbv8AUrPWDGR2wnBuClbq6kulHHVUsgc1wyfUH0RdIbjC1KSkso4UoNcHABhdAGU8bJKCzoAwuafZPRA0A5AVsgIR53ASMeNyFIwEsBTJCKWYOCEtPspWAlgKiAPDPp+6RYQM4R8BcLQRjCvJCKWrmgIronZS8NyohH8P3Q9PupWn3TdPur6Gf4Imn3S0+6P4ful4furyTkj4K5jKlGMYOyjkHKhecHAPRPZsQnYwkd1TYtvI9jg8YPKa+HA1AIbMhwPopmQ5uCr6DIRaQm6fZSHRkknCYRhQmWRy0eiEYx6KU8AHZCwFWMhRkQZoRj6VBkg074VxJGCOM7KJLD6t/dDJGiM8lW+PsQhSMBVhK0eiiPCFRyPhLJDc3CEW98KU5uUJzMDKsbkjaR6JhAwjnlDPCAY+ABAyuYCIeUlQzAHAQsD0UhNwVZNzIyZxuAMj1R9DvRMLSVWCS5XJ6l0N1M240Qp62bM7TjJPK1LgBwvC7XcJ7VXR1cTiA0+YeoXtNsr47jRRVMZBD2g88J8JHG1FDi9yDp6YnphkEkkkoQKkkuavZCUJ4y0/ZVVyoW1FM8AeZWyG9nA5VoOLwzzieAxvLHDBBwopbhaS+WyVkrpQMgnIIVBIwtyDthLN1csrBHSXSDlLBUNBxdHKWCkAcqgh4Awu4CQ4XUTCQkkklRG8CSSSUI1lCHKcmjZOUMs0z6krbc2ZxLmgh3qsjVUFbaqt0kTSW5yCPRejFkNR/cu1bKrrqTVsQPzX5Kawf0KTyVFuuUddGATh7diFJkjJHKobhQT22q+bpgQOSB3V1arlFc4stw17fqCNNljXwEg5aqyrpjnIbstI+Eac4USWmGMYREyZOojc08dlGLTvstBV0WTswcKrnpnM7KEK8tQ2kt42IUlzOdkIjBQMmMnpHRPXDKstt10k0SAeWVx2d7LciXUMgZC+fQ9wOWkgjcEeq33R3XZh8O1XY5admSk7590qysCcD0J4Duyh1MQ2KnQllQwSRPDmkZBHCZNDq5CztYARQ1UOSDhFtF5loZhHITozjdTJ6fO+FV1NMc7NWaa/RTWTe01ZDURCRjxv29FIDmvCwNuu01vfokBLVsbdXQVTGSxOyD2zwhFTq/RIkjIOQExk5DtOFM0hwAQZ6Ug62DnlQS1+wsdRqA4UO5UPjDxqcaZG77d01rnwuAcFNZOHtbg4KgvAC33Z3kpax2mQfrhWrXfmqWvoBWx62HTUN3DvX2QrRejTyfJXAEP4DioLccmmY/OdkRAje0t1NOQUYHKgprA9NSTlBY1IcpJKECAjC7keqFkpZPqoQKkmg4TlCCSSSUBEkkkoAJJJJQgkkklCCSyEkPB9VCBMhJDGSeeE2asp6c4lfjYn9FA4xyGSXGua8ZaQR6ruVC9rEuEDC6koVgC5pycDZNO6OQOUItdk7KEAOJb9kQTMds05Ponta12dQygVFLvqp2nWO6hRJDs8jC7kDkqubUuheG1hLG/1dlIEgkAc05ae6hYVn1BSCAWjB3UUcJ+sqAtZOTUkdR9bRn+rv+qBFNVUfklBkjBwHDc/mprUgPXdQpvjASKpimaDG7UT2RmqqfSvY8y0j9Dzvjsjx3GSItjrY8OPDmjYqAOJPxhcc0ELrXNe3Uwgg9wllQgAxlpy1c8Rw2IUjAS0t9FCkyPJRwVbcTsBA7HdVjqKstz3SW6XMY/4DjnP2V41uNkxzBnPdQsraG+Qyu8CrBgnHLXbK0a8KFW2umuA/nNAeOHAb/qqwuvVjJMv++Uw2DuXNChZohynOaHj0UC33OjuLNVNKCcbt7hTgRuMq+in0AmppsZhc3Poe6j6pgcHUx4/RWDTvnKTnB+xbwjjNxEuPIGnuc0R0zDI7lUvVPw76A+IEWm6UMRqR9MrAGSNP3V0adsn2CjyUY1amHQ8cOan1amUHkXOvd0eOXPoL4sfC+L/AOtOT/aaysyflZnYqY2j33z3XOmPi/03ep/4TeHOsl3b5XUVY7Q/PtkL2dtyrqXSaiN1QG/iYcux9lSdTdGfDv4mUrqW+W2B0xHJxHO09jnldfTa7/nZksqxwYjrD4b9K9a0j6e+WxlRrG7jjV+R5Xzf8QP7J1bbBLX9A1p05LjTyjfHple71Xwe+LPw4Dpfhp1W+92yI5jtF1PlLfRsmeee7dz37Atnxwtgq22P4j9N1/StxzoJq2fyCfaT8wvR6Ly86OYSMN2ljYuT4srh1L01Obd1XaZGeH5fELNiuxC3VY8WlmAz+HOF973zoLpPrSgL3U9DXxzN8ry0Paf05Xzz8Rf7LE9JLJX9PFzByIhnR+XovW6DzsZvZfwcq3SSi/sPGYKqso9g8yR+h7KyguME+GvOl3uqu52Dqfped1NcaSQxtOPMCf3QPmGOw57CCew2Xo4Wws/BmGUraXzwaYFw8zHH8lbWvqi420hplMkY/C48LHU9Y6HDmTvI/pecgKwirmyNBLdyiwmaKdZOElJM9OtfWNBW4ZKfDf7q5e2kqma2Fpz3C8fB4c3Y9iFZ0N9r6QtAmLmjsSlSjk7NHks8WHovybgSI38bgFRJ6dkuWTw/nhV1r6ugnAZUeV3qr6KohqWaonB2UJ0o2wuWYlK61taT4cpH5pgut6t5LPFL4hwRuQrp0TSeMIU1LG7kbqNZI00NourWP0sqQA7uVcfM2S7RhjjGZCM+iy9TZ4pMuYAxx9FANPVUbstztwQq2v0RSb/I2T+nIX5dRSljucZyCobqWvp3mOaLXjuO6oqS819NJrZO/I5BKvYOrGuYDPGHOHopulB8hKVTGMdS1LjE92l42IcMKPVWuQDVEchXkFTZroA5zY2yY3zsmTWyeI+JSS62/wBOcpnypdgzrjPozjqepjbkjP2QHlztnLQFzwdE0f5YQn0kMh1NAz6IlbnozT0kZLgzstRLANTTwo5v2CI54jj1V5UW1r8loH2VfLbWk4dCE75Wzn6jQ3LmBC8azVz9FRAw57kBV9T0R0vXO1Nja12+QBypdVZ9y+MaT7KA+nqYzjzfqn16iafDOHq9FOxbLq01/goq/wCEtO+R0lJW4ackNxwsxWfDfqSja+WODx4wfwcr0SOsrKR+sOePXJyFOg6le8aHENx27LXDU2P2eZ1n09ob5ZScWeIVlFcbc7FZSyR45JahMlwMkL30yW25YklpYtXBdgKpuPRHS1wjIjp9Mh3OjYLTG/8AZw9V9Jy708kzxoVGp2AQVJbK5wABWyuHwn1OzaavDjvpeVTV/Qd/t0Piui8QDnTyj+XPB5/WeC1mmf3Rz/gqxM9p3RG1Tm40qE+OuhfpliIA5yE3xskDH5IliRyLdPOt4ksFrFU5O+N0Xxx7KnbKThE1lE4CdhZhwPcJZHqFA8c+iQqDnhUsgfGWWseuUzxHE59FF+Y042T/AB2n8KYRQJInc30RmV8gwC7ZVhnHp+6Xjj/5SoXsL2GppJRpkO/3RTFT4AheP1VB4gbhFZVFpBUAdaLov0Y8xP5pr9MuA5gP5ZUCOvaSNRUv5mB7AGndDsTAScOgQtUDJPGp5HQSejTsfyUuK8Xe3u/3praiEcYG+EINc/gqRE5waGvGUiem3Pg6mh8jqNNLMWS6Tqy2TkNlf4RO2Hdld01Y2QB8Ewc13oVlKq10Fa0kxhj/AFAwoIorpb/PRVReB+AlJs03B7Px/wBSNSSsXR6XBXyx4BcVZU9xP43bFeUUfWc1LIIq6FzSPXhae1dU0VYA0Sfllc+zS5fB7fx/1NRa1tmegQ19MeX7qWydhbsRuslFUNdu3fKmw1jhjOVjsoZ7TR+TjZHLeTRBxzkOUhkmwyQqKK4hpwQSpcVcx+MghKdbidaq+FnOS2DhnKfqaRvj9VAbUxEd0mztJxuktYNCkn0TQN0sOacgoEcw90dsrSqLyOMrhgEZTmvDgMphwe6a8O/Cd1RMhSB6pafdAAkz5n5C6JXZxpRxjnkvAUbLoeRthDbJvwjDSWq5JopxTI1RR08+5YGu9RyobqOup/PTT6sfhd3VnpS0+6gqVSZAbdKuAA1lN5fVgU2G5UlUBokDT6EpPjDhg7hRJLZA85A0/ZFuwZJ0v0WJAIzq2S0h5AyqKSS4UT9MeqRg7EotPf4mP01sbowe43wmpsTKtxLtsJaM/wCqE+mhkOZGNcfcJ8NZTzMD4pmOB4wUYb74Vp4M9lSksHn/AFb8Ielupw+UUTKapfv40Q0uz65Xll7+F/xA6T1Ps+u70I+mNw3I7+q+j5CWnHOUKRpdg4WqvVzh0eb8h9L6HXZc44b/AEfINW22VUroL1QutdW04IHm3/ZSKCe/2I+NYLu+aHnQx2HEe7V9JdR9D9O9SQuZcrdG57h/eNADgvKb78DKugkdP03WEEnLGE/6rq0ayM19x878p9F36R//AC73RM7RdVWu4u8PqS2GlmO3ixDDT7kdlLqLA5zPmrRVsqIjuA124WavVBeLTJ8pfra8aTp8QN5/NR6C51NueJLbWObg7sLv9FvrvU+jxGr0ktPLZKLT/uX7pJ4DoqoXNPfIQ3wUr8va0ZPpsjUvV8dYBBeqVju2oDBUw26lqm+PbagEHfTncJytzwYdklxJEmw9b9QdOvbEyrdU0zeIZTnSPYr0qxfEa03kMinf8vMdiHbDK8emppYiWzQkY7gIIjIOWuATNzM12nrt6SR9KxSNkaJGODmncEI7X5bpK8FsnWl+s5DG1DZoRwxxJwvSLB8QLbcWtjqXGGTuCcBM7ORqNJOrOEbYEpwfnsoUFXHKMxHUDwUbxiOyI5rQfJXQTlCByMrqhW0ODtyuoAJzyigjCsjiPIyRug1NDTVDcvjAd6jYp5mwQMcookz2UKyQo4JqT+4lcQOA4qXDXE+WZhB9U8sBQ/lw/koySlkmtla7ghPUERyxHyjV+aLHM7hwUADJJZ2ykoQWAlxwkkoQ6yd4cMFSY5w/AOMlRNPumjW05aVCFkWgjhRp4gRnCUNW4AB+6OHMeFCFXLSsdklvHuoZa6M8K8fCCNmqJLTkfhVPotdldLFFURmKoia9h5a4Agryzrj4SNrHyV1hcwa8uMDhjB9j/ovWZoXNI2Qi3GM9lmlHI+nVzpmpRPkC7W6qt1S6lq4nRyRkggjChZLCCvqHq/4eWjqhrpnRNjqMY1Acr576u6SunTE/g1sRwXENeBgOA7hZrKsHtfGeVquSTeGV1HWFpIdjBGEK5UkVTEZGjDh6KICW7o0dT2cuXfp+cnstFrlP7JlINTHFh7dk3XocMDlWNbRHeaLcdwq57A7bKxuvB0lLPRKhkDhxuneJ7Kvhm8GcB3GcKw1B24CXtHRs/Y3A7JicmZwkzjkPPOQ8E5Y4BX9vq9QAOFmhsplFVaDuk4ZtovcGbGmn4BKO5rZm4JVFR1RJAVrDPkDKh2q7lYisroSJDhuyguYMbrQ1TGvYRp3PdUksPhuIChj1MMckUsIRoTg4XXAYOB2QGEhwVdGSE9rJ7SQ4EFT6WoIx3VfE4OanNcY3Kzo1W4L+KfUBuik5VRTVG4VpA5uAecqG+u3ePbqGMqRD9X2QnYxsV2ndh+5UG7sMntGoJSsAGyJBghOcwluMKGqK3IryzL8AYRhDgfThN4qWbbZVm+MYzhQiryVZjLeBwnwVroHbjZSHwn+lQqiI5BAS3zwynHHKNLbq1krA4OyT2Vm3DgDnlYmhqjTSg745Wmo69k+kZ7JMonW0moco7WWLXA8j90nRtKYWf4l0OIzndDtZuUkCdGD2yq+poX7vZgj0VmZNRxjhMm2wEvaX2UrMtIBGFLgeRjGxXKmndjWxvHIQI3lpGQlzgFGexlw2XxA3IGccq/sN0nppGRyS6gdt1lIpuOVNp6ohwyNlhtrN+nu2y3HqEFc1+wIUkTB4wsfZ7kWtDX5PotBBVAgHsss44PQQshOKkgtVGDuG59Vi71aJYpHVlKScOyWjlbcyNkbgqsroxjZuc8rJOPPBU3jlEHprqQjTBM7DhtutfXRtrKUTx41N32Xl9wpH0VR8xESA52duy1XTPUzX5pahp4A3UX2kha32XDdFTT+FKM4VVFK6nkMZyQCcequ6qlAPjQ8OGRjhVtVD4zMtA1t7+qo0J5JVNUF2BjZDu9u+ZjE8AxMzcEHlV9LV6JPClON8Aq6p6hpwCFCIh2a4STA01R/eRjvyrEtwFR3iCSkqfm6fIJ82ytLdWCsp2yEjVjdBgZCeSfQzhkmhx2KkzMA/mM7HKry3S4EFToJmPZgnfjdAaoyH0tRmUMJwphLuxVRJqiqfEA2VhBUiVupQbkj3qLXC2Vo87N8p1LUfMUoPfYFSKgtcMEZCq6OUU8klM7YZLm/ZWiSaZIqWB7DkdsLFX6kAY4tbkEkLbuweTyqK7U7HCUY8p3TVwjn6qO6OEeZDFJMct4O601grzDM06vK5UV8g8CYHTjKVrqi13h6vp3CcstnLhP4pqJ7BSzienBG6NG7AOd8rPdO3ASxiNzuRhXTHGOXBPlKKS44OxCeUH1b4wsp1NSmnnbVsbsditUSOVVX+nM1Fgb4Ki7Jak+iLbphPTtc08DddqGkAYVVY6kwymJx8pOFdzNDwnxlgyyjlYPHviRamUtxhrY8NM2QffHKxE+GEkbZXrPxDt7qyjc8RZ8NuppHYrySdrnDGOF6zxep+1Hxv6o8fKu6SfsJQyOjmD1p6OcyAH1WQhk0PGQtFaqgOAZjdey0898EfGPI6d1WF41x7rJ9RQSU9U2dn9WQVpo5i44IVP1SzMbTjsn9GBPHJb2uq8ejDjuQAnucZY3R+pyqjpucmARf1BWwIYTlR8o36aW5ZLKPEtC3XgkDCx97aIatugYyVqqJ2acAjuVS9S0rGtbIBgk7FZpHTrz2T6CR0lM3PIGE8nBx7qD07UukAZIc42U6pYWvICy2rLO5prPswyRTPHchcn4UWFx9d0V5BCSdGE8DqYkHCsGgFo+yq6V2Zgw91ZtGBj0QG6qZBqGlsm57psoJaN0aow5uTuQoz8acZQyWTSrGJh0u5wpDt2hQM+cb4U4eZmyRZn0NhIHvk5KgV4GhwCnOZk8qFWNyCEPQ9vjJXxHDhupBIc0hx2UQbORWvA7q0ZpvLPJ+qKU014mB31OLgfZVDW6e60/Xkei5tPqFmRsmI+deRr+PUS/uMR2nOUBFbwU1SwYv7nJigtO6fJsVyPugcssmQgOQCSijlBRhyjbyiPoIOEVvlKEOEU8hPgJfY8cJT8hIHsuz9k0odB9QVlA44x6KuhADhsp0SIdVMlvGWcqjq3anP3Vpqw05KpZyS9+/dXJ8DLnwAYPMpkP4fzUNn1BS4OyQkZpvCJI4Qqh2G7FEyA3dRJXgnlSx4FRy2BfvlB7n7ox4QTtk+6xzeRrBlmcbrY9M2uKaeKIM55KytC0Tzta4eUHdel9G0bC/xWtyRlcrXWbIHqPB6NTsVkjYta2mpmxM2wAlRQmecOI2aclNlJcAptvia2LX3K4Vk8I+iaeO5p/otYwPRS2HDQSolMCSFLd5QMLOnlnYilgTpRpOfRUFfOJZjg7DZWddIYotY9FQOJc4uzzut9HJl1L+3aEbEXuAAytTRRlkLcjsFRWyAyVH05AWhOGtxhdamLaweZ1lqqfJGutUylonvJ3I2ULo+1PmkdcJWai52GghQrm512uUNsgJOCC/B/ZejWWgjo4oKYRjOF6nQ0/HWmfFvrHy0rbfiiy9tcDYYANODhWEfKBDhjNIHCkR8ronzycnIkRkNGdKiXm5xW6lOp2HyAhqlvlbFAZDgaVmI45OqL8fJmkphgntkIWFjJddI2t3/AGyVuXynVn2WzDByBgqPR08VNExkTAABspSQ2Km8iVfd6/wG+Ax+HOG+PRSqmpjpYjLIeOB6rMPqHXCsJP4jsqyATLbQy11Q1rG5H1OcVtaaHwo2tIAwOyh2ShbTQDUBkqyVTBk8CXVxJXGOQAdRUR08RkeeFFtFJJUTuuNUMA/Q0+iDh93uHyoJEMW7/dTbvdKCx299TUyaI4goy1kidYdX0PSlC6ec6pXgiNgO+rtssT0L0nU3a5t646jZ4lTIS6CN+4ZnvhQrLbaj4h9S/wAYuZc6305/kMPDvf3Xq8cMcQbHG0BjRgAbYCrA5vaseyTGGtbsMLIXyunvVzZYqL6A4GZ2fw91ZX68Npac01M7VUy+RjRyCeCp3S9kjttIJnxaqiXeSR31E9/yUbwA3ksrdb4bbRR0kIB0jchTmHKYDjhPBxlUpZEtseCN8rO3O4Pq5vlaffB3x2Uq93H5Wn8jtL3bNKr6CNsEPiPGZpBlxVrgIsKfEcbWfqs/1b1Oy2UroKTDqmYFkO/4lJvV3bbaF0pcB6LyDqTq6ns4qr9dZW68H5dr92sHrhWuezRp6Z3TUYI71N1hQ/Diyy364SiW8z8sJy8g+h7Af6r5dvN2vPX97kul1ndK9xyTnYD2RepOor18Q74+onme6PJwCdgEUGCijZSUjMyjb/mKZFc8Hs9HpI6Rbn+QzEdO0U8LAZOA31XqnQnRv8NiF1u0bXVEgBjY4fSFzoToE2yJt9vLM1TwDG3GC0e/7L0CioWT1DZJwcMOyajDrtb8jdcGOtdnbI4VVS3DG7tae6uJK2CJuJCGNA2+yr7reKO3B7nyARxDLiTheB/Ev4xVNY6azWSQsiP1uD849O33S7rVFYMOn0NutniC/wAmi+KvxtitfiWfp0O8fdr5ydm9jgeq8Ara6puFQ+qq5TJJISSSeSVHmeZTqcN0oxgLm3WtvLPcaLQVaOKjBcjCzjZHZCMcJNA2JC66TbACySnlnSfPLHMa0ZKa+bUMYQxIfT90gMos7isYGuaXHJd+y6GYTxESfpx+aK2MDARbMi5S29A2R6hujsYiMjGF3TpTNmCt7OAY7p7gMYQ9fOyY+Qu2Gyp8FCd3Qg92rCJ2QDyfuoQk7Yyo7vqKQLicAldw70QSWSA/MiNac8YyngDPCIG7cIFDJeAej2RWsCTnMYPOUGSup4x9Wc+6HMY9sPY2PLPRIkDcnCr5rlviFQ5qyd+2vZSV8I9Bxqcuy7NTTjmTdAlr4AfqVJrdq1EpxIOAQky1DfQx0JFlJc+0RUeSun+kuzlQwMJ5ye6F2Tl2w4wUeiQ6olcNzyo5cSTkpuT6pKKT9jNiQs7JJJKm8hJHQMruAuNTkt9kY7ASwEJJGTaJJJJEULOF3JSxwuIAhE55SyeUklCYHtec7Z/VSPHmaAWvxhRF3J9SryB8aJzLjUAgEqQ28SNAEh/dVYb6Lr24IKJSyKlVCXouo7xE4bglSY7lBIcb5Wfa4YPsENszsnGyLeJlpovo1zJ2uwRuCigtODhZOOqnjAIecKZHeJgcPGw90SlkVLTSX4mjaI8EIckQ/VQIbpDpGonKmxVTZRlgCvIp1TXY35fYn0Q9HspCeWAKxakyLjC4iuaOy5pUL3gUk/BXFCxYCanJqgWTgGF1PwUsFQDecBIOQFLpK8wHTNl7D+oUTD0sPRrgksS7LlkMFWDJDKATyCo8kb4XFjxghRYnlhyDhWtHcaWsYIa1uC0YDsI9+eBE1jog4zwiNU2qtvht8ancHsPp2UYROZyh25AU8nDunphJHIRByrAOgYTSwBFBHCRGUS/YWf2XXSvVFTYakNc8ugcfM0r1q1XKlu8DZ6d4wRkjK8KLdlbdO9U1diqQW6nRZ3bla6rccHK1ujVj31o9rLceyQZk4yg2a5Ut6omVdNIHZA1DuCpmMLWmpI4dtTreGLwx6JwGO66kOVBI4bLo3XRwuqEFo9lzT7oiShAen3XNPuipKEA6fZMwPRSMBDIOeFCANBTNPupKa5vuiTLTyRdPulp90bT7rhGO6mA8gyBhCMYzwjlpC5p9lMEyR/D90vD90fQVzT7quScEfQR2RGZAAKdgLjhuMKZLxgKGggqNM054R2cbpzmj0VlELGExzduVJdGO2yFKw7Y3UyTGCMQcpkrMtOQj4C44DCmA0VcrDlQ5WY5VtLEDkgdlXyxn0VM0QlgguGChSDbYKS9pB4Qn8Kh8WRSMIZ4Uh/KEgGIAWnPCZgqVgJmAhksjcYAYK5gKQQMIJByoMBYCWAupKAAHxjt3Ws+H98dSVpt1TKfBmHkyfpcsyRlNiJjdqYcOG4PurTwxd0VKLPdXR8Ebrvh+6quk7w272iJ7nZliaGP9yO6uTwtC6OHOLg8MAkuv+orisEKeE1OPCaqQEhJH6SkkrIngh1sLZYHtcOAsXcaZ0Uh2wt5IwEYPCzd8pA3JDc57qGqq3BmCAd0tDfRdLXA7LjgRjKF8G+M8jdPsu6fZLJSSdxY5JcByuqBjUkkkZJRyJJJOUFuWBq6DjsuFJQrs+lrVdprc4awXN4/JayKWkucAlY1u/OFkamhcAcBR7bdai0zkDLmZwWr8kqeT+hUomiudtGC1zctPBWSq6KotVT81S5bg+Zo4IW/paumudMJIyCHDcdwodxtLHxHAyP3CJgZKm23WKuhAyA8bEKU5meFma+3z0Mpkhc5u+dlb2W7x1TRBUkCQbZPdWRrJJlpw4bhVVXRAnOMZWjkhbjYKHUQA/hRJAmQqqbw84aoDgc8YWpq6PV+HsqepoXMGQ1WGVBGDgruzuU+SJwchkEcqmskNZ0f11UWQikr3mSlzpaTy1et01TS3CljqqaUPY8ZyDwvnaTDtlfdKdaV3Tkoifqmps7sJ3A9lnsgU1g9nlh/w/uoFRT57KXZ7zQX6jZVUEgcHDduclp9CjyQatsYOVllH9imjN1dMf6cYTKKuqaCTVFIW77jOyuqmkGOFU1FG7IwAlE/sbK2XiCqiYXPGrG6tBJqbgcLzJjp6dwfG4sI9CtdYL6ypa2CoOJBsMnlQXZDPJdzU/ibgKP5ozurBha5qBLDq4QtZM+MPAON+SBxlNrbdT1TA6RoDyPqHKa5pY4YRmy7DKoFogWu5S22pNDXkljto39lp45GuGphBBVDW0UVbEWlu/Y+hUSir6qzzClqyXRk4a4+igmUcmtTkGGRsjA9p2cMhGzlQXjHY1JJJQUJJJJQgs4Tk1OUIPSSSUIJJJJQESSSShBJJJKAtZEkkkoFGOTmn3Wf6is9Zc4iKWobG7tlaFMc1QZGSiYWhul66fIpbg10rGn6wDjC1FtvtFcv7l+PupFdRw1URjlaD6FZqr6dmpnmaheWHnyqDouMuzYawnLIW6/z0jvBu7XgcNeAtFT10NQAYXage6gLgvRNXCBjKQORkrqgoGWnPC5k+qOQMIBG6vGChskbJWlkjA4HsQqmehrqFxltx8SPkwk5P5BXC6ADnKohW0V5pag+C4mOUcxv2cPyU8HVyMKLcLLQ1w1PjLZe0jdnD81UkXuxnMsnzlMOD/wAQD/VQvs0rSE5VlBdaSujD6aUOP4mnkH3CnidpGcKCmshEySISDcZAT8hdG+VCiGBU02RTnLOdPdSKasbJ5Hgtd7ojGg5UaanEnb81Cf2LFrg5dyFUtqpqUefzN4CmQVAfjfYqFNYJaS4NwkeFATq4dxg7hM/EngjGFCFTcbCyY+Nb5PlZx+JmwP3Q4LlXURbBdoHAN2MzBkFXY5T3simjMcsYc08ghQhFhrIZxqhfqae6kNORlU89nkpZDNbHlrRv4JPlKdSXljXiCvYYHH6dXdQEt04tBCaCCMjdOyrINa0NOe4Uee30VWHeNSsLnbagACpIOTuE9pYQABgo1PIqeGUjrZfqMarNdnSBvEFSctI9AeyqL7dLLW0ppfiR0G6WBvlMvgioh/UAH9lsXNTfG0nzDZaar5VPgXsg+JI8Zp/gt0tNUNvXwe6+qLBM7LzDrE1Ofux3mBI75SrutviP0HI2l+KPRYuFtb9d1s0fitDO73R/UPtjsV6HcegulrpUGst7prTXnf5ijf4biffbCgfM/EjpQGGuoI+p7YNi9nlnA/5cEO7910qPISf5CbNNGX4cGYFq+E3xWoDNa62krRIPpBDZGexadx9l4t8Rv7LdZSF9f0rKHN3d4ZHP/Re0XLoD4TfEKsN26frJOl+oGHOaUfLzNd/jjzvwP3QP4x8U/h3qg6upv9obIMAXGmGHxD1eO/f9F6bReWlCWaJdemznanSxePkXH7PiG92O8dOTupbvbZYS041EbH81DhkB+l+M+q+85qP4dfFigeyOKnqZNPnbpDXj7rw/4hf2XKqm11nSNU5zBkilm3H5Fev0XnqrJbLlhnG1Hjpr7qujwenrZITpe7U337KY2shlADH7nsoN6sd/6XqzSX+2S0hyQ0v3a77HChRPgqz/ALvUhkg98YXehbCz8WYnKVTxNF+2d7DlwI91aW+/1dE4Fsp0+hKyQuFzonYqYxPEO4G6lU1fS3DIil8Nw5a7srXJqq1c6+Ynp1t6rpqkBlRhp9QrqOaKduqJ4cD6Lxt7KqLdriW9iCrG29TV1vcA6RzmjsVbR1dP5NPiZ6o5vuhOjDhh24VFa+sKWrDWTOAPur6KqpZwDHK059DlUdKvUVy6ZDqLeyTdjQCqya31UWcNytMxjT5gP3RWxgDcIMGh1RlyY3RVsOzSCPfCm0l+uFE4OEpOBjBKvJ7bDNvjSfUKqnsU+s6CMeoROKYpxlH8WWlJ1dQ1DmsrYWxvPJxsrBxttaM0VSzWd8ZWFqKOeF+JIjgd8LkfjU7g+J7mH2QpKIHyS/qNu+jqGjUMP+yjyRtds9uD9lS0nUtxpAAXh4Hqreh6qtVa4RzNayXvkIvk/QyF0J8NgJaUHOACoj6BpcctWjMFLUjVTyNyewKGbaechEpBzpU0Zma2RPYQWBU1ZYQCXRDB9luX0rcY0qHLSasjSrVkvRgu8ZVb+SMJLQVlMMNJIHogiatpyHgOP5rdOosNOpgKqamjByCzb7LTC9+zm2+IUf8AbKWHqPw8CaI6grOG7UlWwAP3PLSVFqbJFM3LW4PKqZbPUMcWtcQFohqo/wBRy79DdDtZNBLa7JWMPj0zST6BUdy+HtjrIyKdroHk5Dm7qE990pBo1uLRx3Uun6iq4WhrwSQtEdTF9GCfjtPd/vVL/sZuv+G1fRxGWmk8THYqhrun7rQxiWWmcR7BeqQ9WwNDWVWMO7EKwhutjuA+XkYzB9cJv8k4Wq+ktJdJyre08HkkdGQHRkE+oXDNjG3K91qOm+m7gAwwRbcYABWbufwlp5ZTLRVOlp4BRx1KZwdV9HaiDzTJM8wMmcdl0zeUNWwrvhTfm7UpY8c91l63pW/0GfFoXktODsmfLE4eo8BrdO/uhn/BG1E76kvEd3Ci6atu5iIxyuCqcNnkbJqkpdHOnpbK+JIneKUvEKiNlyeUVrwUQiUdocTOCNHVujGGqKCD3XdXsjj/AHBcUWEdxniO7shTYLrG8gSOVL4jXHB2T2wuP92BlXgKtbTUR1EbxlrgcoocD2wspi4QkFu4U6O8yRYNZG7fYuCXOKZrqlgtqmlgm8z4WOI9QqaospY4y0UpieewOytoq+lmaHMlbv7roIOCP1WadaNlcv1wU9BeupLTJpIMrR6laq2deU1RpiqQYZeDq4VeWteNJaoc9lpagHbS71WaVCZ6HQeVv0mFGTaPQqG5R1OktkDs+hVvDMQF49GLvZ36qaYyRjtlXlv63qG6Yq2F7W/1DdY7dOe48f8AVMXiuTwemw1WXY2/VS46gDnCyFsv1HUgOEwz66leRVEcgBDljsoaPX6bysZ/1F4yVoGQQnsmI2VZG/hSGSjG6zyjjo69erU0WInTxIDtkKBk+qcHb8oeRyuTJ+Qe6WGqKHHHJTmP33KmRimmSV0EpokAG6XihWGOEvbCfqGM5CHym6T6FDwU2g3iAnGF3IUbOnuneK0bOOETQCayGLAQQRnKjSWqml3LUZsrTx3RDII+e6Z0DKCkUFTaaimk8SjeW49OESK93WgcGVcfis9grjIchzxteNwP0VmedOejtNd6KuxpkDH/ANLjhTPIRsQfzWeqLFTVT/FbmN47tOFHkqb/AGcZYyGpgb2wS/CtGedcoPk0r4xt3QzG0jcKFb+oqSsAjm/lS92u239FYggpiZlsq3eimvHT1uuceieEOJ2yV5z1D8FKCq1VVtd4c2+ADhevPaCgOjzgA4To3Tg+Dl63wul1scWwTPmK+dB9RWZ5Bo3TNby4bKjpa6ppH5jkcxzTgt9F9ZSUo2OAsh1D8M7LeI3GKmbG7tgbhdGjWY/I8L5X6F3LdpZf9H/7njtv6tjJ8K4wamn8Y3IVoaS3XFnjUUzcntldv3wlvlvL5KGM1DBvtsVjZobraZ9L2SQPYe+QujHVwkj57r/BarQt74Nf39f9zST2+opydTDj1UcPlYeSEC3dZVbC2K4sbMzjjdaMMtV6iDqKdscvOlxwtcLEcadco8TH2TrW7WlwaZ3Sxj8LznC9FsXxAoLgGsqHBj/deS1Vqq6UnVGS31G4KDBM+ndkZGO4T00zBboqrOj6NpqyGpbqhcHA+ikNdq7Lw+zdX11C9oEziPuvRLN1jT1jWtlcA490WDmW6SVUsYNaut9ygsqI5ACx2cpx39lRkks8DxzklFacDlRsb5yiZKroQ45JWpvqE/PoVDB35RA7bBKYD0StYGwS0lwy3YqMDg55UgPBAChQ3M7Tt5giNkOwI5XQcIU7M7hQhJbgj6gu4HqoUcpadLtkVkoPB4UIHSxlN1+yWv2UIccCOERkzmEd03UukZUIS45Q8DOAuva142UE5aRhGimLQBjKhDksIxkNVfLF5jthWpk1Y2QnwtO+lLwgis06eVAu9jtt7pzTXGESMI3GBuraopnAZAUYuMZ3aqcUy03F5R88/EL4QXazyurrMzx6V5LmtA3aPReY+ZpGV9qPMVREYJmBzHdivJPiR8Ioq8vu1iZh5y6WIN/cLNZSmeq8d5twxXYeGMkJbgnP5qsqqZ8Ty5oy12/2VnW0FVbKp9NVRuY5p7jGVHe4P2O2Fz7dP+j2Gk1k4tTT4KmVhePp3ClU0upmD9Q2Ke4Nb+HKil3guLmjYnhYLKsHaq1UJk5De07YRKaRr4wScEp80ZIBWWXHBsjPJGTmPLDkIRyH4TgRhJcQ1bgtKGrOcFXdNVZwDhZRkhYdgrWin4ygOpptTxg0bZARvuotXC1x1NGMpkM2ABupIaJm4yobZSVkcMq34AP2UN7t8jsp9ZCRIQFD0+6hhsTQ+CoOdJ/VSyNQBB5VW/LXDCmU1RtpIUGVWYeGSYnFjskqzgqM4VW7J8wRIKgtOCNgob4WbeC+ZJqGeU9mdQwoVLUcNIU3UMDHdLN0Hu5LGkdkDJUzSCqukdvjKtG+Zox3Vm2tkXQPmW/dWLm+6r9P+8N+6sCMY3UNURgZ6qPPDqGwU1MezPdQGUU+CmmhLXAgYUiiqnQShxcMBHmgBGwVdLC5pzjdAKcpVPMTV09xhmA0Hn1UnxA9qx1JWeA4DgK+pa6OVo0HJ77peEb6NVCcctk87b5SD8njhDJLwCF0dwl4Ncbgh0uGNlAqoPDcHNCkODs5BTiNTcFLlHI1yyiHE8tOnCmRvGQQRuo74RvgYQ486gMrPKG4ZVbtZoKCcjBDsY91f2+vII8R2VkKafRjKt6KqHplY7Yfo7Gl1Ho18dTrAIKUj/EZuFVUtSThWUcwLQccrHOKR1lPcuSsuNGZQWtbnKzQdNRVBLctLHLcSBrmu2zhZ+60QnGGjDgc59Qk4yLk8dGm6ZvBrYBTzPDttvZTKqAxSZGwJXnVvrp7bNkEjS5ehUNY250IkJBfgKxkLfRUV1P4U4lG4d+xUyiqnagCE+VodG6N43GygjVG/VjhQdkvKqJtVSkY3AyFRUUr7XXCN/0S7fmre21XiMAd3US9UZc0uYN2+YJYxSWS4id4gJwuxkxvyqSzXCR38p7txsrnxAd0A+M8kqRwljdgbptBOWu8F2x7JkFQAdJGQmVGIZBUjOPZQepcFo86sqqrgWHxNOSCp9PUeKzgYIQquHU3YKFy5QFspe0ZO6j1kRkYWjckJRHw36UV2HDJTBEuTD9Q28TQuIbhzFkaWR7Kgb43Xp92pQ4F2nZw3Xmd5pn0dcXNGGk5CbF4OJrIup/IjZdO1LzKAHcLaTSHQx4O+BuvMbFXlkjJA7GdivQbfUCpg0k5IGycnk1aS52Ryy7a8TwNeMZAwUCdgliMZGcoFPN4YMZ9VIEjSOVTNz+4x72CjuJa4YaTkK616o9Q9FB6joyCKiPsU+gkc+lbq3RoU1jkgX6mdV0E0UeznNK8QrKZ9NUSwSjDmOIXvdcMZXj/AFfTGC4vlx9ZK7GgscZYPC/VWl3wVpkpQA/0VpY5CZw3Kq6ofzN9kWgnNPO12diV7vQXZSifBvqDT7HuRsGkDZRrxGyWieXDOkbJwJIByiOaJY3RvGQQuueQ+RGf6ZqmxVLonnk7LTTg52WPoYxTXcsHGrZbGT6QfUIX0b9LNdE2iGacAHOEG8UzZ6R2obgbItpOqJw5wVIqY9bdPOQQsszt08oyFgmdHO6Fw3aVoqoADJGVkad8sV7fBjSdX7LWlxdEwnc8JElk30SwRozh+CUVzs91G/47wERuTndZmdGFi6HwHFQN1aa9SpslsrXKxa7Lc+qhvpnl4OSnMblEZISccqS92tpbhQoyGvLHbHdLZpcsDJD5xvjJU6J3kG/Krpzh4wEanmAGMpT5YyqzEsEokZ5UapxpBT5TwWoMm7VnseDW5ZRWzjS7ZNLiBynVP1KIcuJ34UXZnk8MzXXcELqds5aNY7hYULf9WRGagJ9FgicJ6PFebjjUAk9MT0ZyBJpIJ5XTwfsgDOpCngpEjb1TmcpjeE9nKNsmCSzsincBCZ2RjwFogJfY1qeRlNRBgd09LJR2D6grCLgqBCMOCmNI0qxsMI493kLfVVEu0jh7qxnOCcFV0h85+6CwkpZFEPMFJjG2fVBjA/RSIwNH3SxM3g5K7A5UEucSd0ed2TjKjpVnAUUuxIZ8wRE2JpfKGDusdk8LI6uLskorstbVRtMbSxvmJXrHTVFFTW8P04cV57YKbVURxkDYhepwxCGnDW7DHH5Lh623d9p9E8RpVXUpCa3xJQ0DYlW8EekBuMYVdRRnUJMc7K4hbpAIC41sj2GkpxDIeHDNyEdzkKNwHbdCrphFFryqq+5mpvaslTcah75SzXsOyiM2O6bLl8hfknKfTxh8ojzyuzpa8nJ1NucyL+0QFjDKRjOwyi3KpFNTulyNge6OwCKFrAMYbgBZu6zfxCtjtYcdJd5seq7+hpzI8L9QeRjp6pTZa9DWp00r7lO0lz3Eg+gXptBBk+M4bjZv2VJYreyho4oWtwcDK0dO3Q3jb0Xoox2RwfAddqJamxzn2Hj7qXCwkZxlRYgSUS4XBttoXSZG44RyeDEU/UtxMrmW2md/NkONjxlabpWym10bYzgZOonuSst0ha5blcn3WpBLdRLcr0RgAGANglzljgGc8EkYIGBhIuDdycJrTgZJVXd7k2nbqaNXblB2K7K69XIzz+BHwDgBW/TlojDPmpW5IO2VR2qkfX1okIJBOVvKWJtPEyJoxgKiB2DS3SOEYjPdcjII4TlbAFkDkqsu1a8EUdO7+Y/05wpFwqo6WPxJD9h6qLY6Px5JLpVN8pJDSfwhQtLJMpYo7NQmSZw1uBc9x7LzG8VtX1/fG2mma9tthd53Z/vCP9FY/EDquevrGdJWPLquoyHPactDD3Wk6Y6eg6etsdK3DpsZkf6lUE/sLK12yltNJHSUkYY2MAbBSKutjo4HyzuGkAnc8ruoNBJVC0SdTXqMRnFupcl7uz3Dt/ko+CbtxJ6UtE1dWvvtxiGgk+CHemdltjpcMhuAhwRsZG1rGhrGjDQOAEVLk2xbEgVjxHA6Q8N3KI6RoaSTsszf6+V9Qy20r86t5t/w+iOEW+SsZAmX+I1ZqpRmJgwwds+q5VVvgjGNkGpq4qWMMaMBowAF5z8ROvm2Skkp45Aap48oB49k5QH0VOyWCN8QevqCOR0TqjEce2Ady4L5m616nuvV93dSiV3gNOC1p2wrHq27V4a+vrpCXynyMB7qjs8L6aJ1Sdpp84zyMq5x6wer8dpY6ZfL7CRtjttM2kpI8SP2JA8xXp3w6+HkdHGOo+oWtLxh0Ubx9PundC9BxgMv18ja4hupjXDY+638FO68yjxMx0MZwBxrwjX2idb5Dc3XAVLDLdpC1g0UTNg31+yF1H1FRdPUjpHPGpM6m6utfS1tf52tDRhrQcFx9F8x9b/EK59TzyQuqHCPPDT2S7bNovQePnrZZ6Xtlp8RPiVX36sfSUFQ9kAODg8rz5x5cd3Hk+qXAz3SHqufba2e00+nhpobYAyCTkjZEbgb55SG+Sh7gndY5zbNMV7HpiSeBkoUshjWxk90WNmE9jERrccFaIx/YDnk61gxuF3T6JEgcrqYC+TmMd0gMLqShWBJnh+6euEgcqFjNPumafdEQ5pWxNyUuTS7Ik5dHdKc4NAydgq+W4aMiIqDJWzygtc7ZJnclwh0KW+y0lroY9s5KiSXOY7NOAq8gk5JXclZJ3SfQ5UqPLDvrZXfUc5UfJJJK6klNt9hpJHWgei5krrUh2RR4GCzwUjwEu+EnIJPnBQ8OBXcj1QMn1KWT6lEpED5HqlkeqBk+pSyfUq9xB+n3XQMLqSvJMiSSTXKiCwVxdyUnK08lpnF0cri6fRXKROh+pMO/C6AOycRhKU+SjiS4DldRkGLrVxJEEFAwkh6vZcVJYKwd1O9UmfUFxJEWEHCKGt5AUccp4IxuUYIfccJzKieF2tkhGE1JTIMoqS5LGmvvDZ2fmFaU9ZBMMteN/dZcsAOU9pLO/CkbMPBlnQn+JqzkjONksZVHSXuSLDJRrZ7q5pa6kmwWuA9iUxNMx2UygP8HIzhC0lTwGkHvlAMAO4CNxE7+cEZcAx3RzGQm6fdCHuG4CWAupKEOYCWAupIiCS4SwUsFQHGeGWFBdHU7fDkJLTsp4gbONcZBB3VApFJVzUzg6N59wjF2VrHBYSU0kfIQ9OFb088VfBg4DsYUaehlj3AyPUKGfLi+SCAeEYcLpZjsuKF5yNQ9I9FI0+6Zp901PDyE3lYLbprqes6eqQ+Il8RPmZnbC9mtN3o7xRMraR+rUPM3u0+i8DIV90l1PUdP1rTrJhecOb2wtVVpzdZo3bHfD0e2YPouJUNdSXOkZV0rw5rgCf8JRdK0J5POtYeBq6AcroGO6fgYAwiwUIcJJJIiCSRkkOSAVwgYR0lMkIpHouYKLgJYCmCEbQ70TMFTMBDLQRhXnAzGQGAlgIhhycppiwpkmAWAuYKcdk8xgqyiOuYBRjDlLwfdTBAKekuN2KhDjmHlAecg5HCmY1DhAkBYdhyqZa/REITEcgcoeCrLAPYCoU8WATp/dWZGVGmGncNyqYcZclNM0B2MKO9Sqxp8QuxyogQ9GuHQJDcjnlMUHJ5BLmn3RcY3TAcdkqSaCAoZAxlGTcFQJS3ACFxEITCDlQcNPCE5pz90bBS0+yhT45Lroq+OtV1bFI7+VP5CM9162DkAjuvBnAtcHNOHDhevdI3UXOzw635liAjf6nHdNrxLs5esr/rRbJJEYSTjmCSSSVEEkkkoQbNgYJKq7jH8xAcYJapN5m8CjMpOOyhU8gnp8g8hUNj+zLPjw8sI3CA4YOMKwq2GKq16dsqNVMx5mjZSXRug8ohJJEYOEklrkaOSSSVBjUkkkYbkkJOPC4B3XVDNKXI1OHCWAuavZQJvJ9ZS0Yl/Dws1c6F7JXODO/K2j2jHCr6qEOaRgZK/IyR/Q4y1uuVTaptTclvdq29vuFPcYBJE4Ekbt9Fka636NxuodDXT2ypEsLts+ZvYhEnyKshjo2F0tbZGFwZkH9lirnbp6OXxYcjSc7L0S219PdYMtwHAbhRK61Nk1eQEehRtAxljsz9ivjapgpqp2HjYEq7fTNcNsfdY67Wp9JM6aEFoz27K3sF+EobR1j8Pbs1x7qZLcck2ppN/pCq6ykbpxjC1E0LXNBwDtyq6ppwQPKjbB6MbV0Wl2zVWyRnccLX1dHq4aOFSVlE4bhoVhlJo3I4Q+O6lyRFrlHmbwUBCfYr9cunasVdumx/Uw/S4fZey9M9V2/qakbLE4R1AGJIyd8+oXhAGESguNbaqxlZRSljmHJGdnD0KXOCYEo5PomVgO2OQoctMAM4Wf6P6/or9poazEFSBsXHAf8Ab3WvfCMZWSdbQDRQVNLjdo7KtLJInhzSWnPYrTVEAPDVV1NLk7DCSWnngt7FfTtT1J37HK1ED2yt2xsvM3B0LtQ2wrWz3ySOYGSbAHqoKshnlGzmhGeFHeCBsE+jr4a4Ex8jndGdEXcFAZ3lEaOYg6X7ehTqmmirIjHIN+x7grj4u+nhcildwQoARKavrbS/5eYGSIHY+gWnhlbNG2VpBDgCFUOZDUNLXsB9FDimqrROB5nwOP3woLmtxp0kOnqYqiISRHIP7IygnA1JJJQWOSSSUIJJJJQg9JJJQgkkklCCSSSUIJJJJQgkxPTFCDU148pTklCFdWUMNU0xyxNcPcKk/hNfa3ma3TOLDvozwtS+LVhCJdHyMqD1IqqHqSNhENxDo3cZ7K+jka8amkEHjdU9bbqWqHniGfUBVjv4vaJDLDKJYB+DuoRI2IOUxzcbqmoOoqefDJxoefXZXDZg7cDlXnIOOeBhBSHKIQOUwfUqF9DwMhLS08hIcLqhRTXTpynqz49E75Wcb6ozpBPvhUzb9c7LL4F/oj4PDamIZZ+ZWyQZmFzQBwFZZHo6+mrImy0s7ZW98HhTmOyM4WUuPTMhk+cslSaKdu5YCfDefcJUfU9Vbnil6jh8DGwnH92fzVCzYA5XHMDlCorjTVsYkpZBIw8OByFJMmOytA7Rj4RIBkZxuoM1HMzMkEmgjtnYqza7I4T3NaeBhXJYIVlDe8O8CuidGRsHY2KtGzh27cEHgoE9HDUt0SMB91VfK11tkL4XGWH+nOUJC75SDXd1AobrBUv0HLHjlrlaA7cKFNjU/JTE9WCJR6mhpqtpbPEHZ79wjagSnK5RwQo30l1tB1UExqIe7HnLlY0d2pp8Mk1RS92v2U1roxjW7Ci1tsp60Z0gO7OCEhMBaRt2TWnG2eFStFztkhc9pnjG2RzhSqO5Q1T9LXFru7TyFYucclhkJ5Y3GQgA78orSMblGkAofsC+MNdlowmtqqyJ2WDWApLm6u6Ho2xlNUsIFpeysunT/TvUh1V9J8vVjiePyPaexyFXOt3WXTg00c7OoKHGND/LMG+mdw5Xz25K41rxu12CmwscHlEaT7PNbz0T0t1BUG72h9w6Zv0bsyVELfDyf8UfDv1239VTyda9XdHzGg67sklbQDAjudK3c+7mdv1Xrkzat2MMp5h/9FOMfZClFsqozSXKiNM5wOWS4c137YXQo8jKLxYsoVbTGWHDhnnb4ehfiFR6vlKK5Rlvma9gcQPYn/ovG+v/AOyLR1niXHoO5SU7m5d8lUeZmfZe7Xj4KWnxXXbpCpfa613mLoXYY4+4VA68de9GzCDqei+ep27Coibgkeq72h8lOEt1E8JemIu0lWohtsWT4p6j6Q+Ifw6qn03U1llMAOBKGkwfk/sqCOtsV0fmeB1NL2c08H7r9E6e/dNdV0bqWobA8SjD45WjP5gry3rf+yn8OOqHTVtlkls1W/zAQnLHH3C9Zo/qSG7bqI8v2jh3+I2c1NnySG9QW9viWqYVcPcE74Uii6io6h/hXCmNPMNjkbFa3rD+zb8VPh/quNuiZdaZvMtI45x7t391gn3xxk+Q6otAcI9tLmaXMPqD3XpKNVTqY7q5JnMlTZU/vReujpal2aGsb4g306kennvNueJ4ahxI5AOVQG2WSuPzVnuT6aYjZurf7FFbUdTWtwYQyduNnDuE9DK9Q63weg2nr0sIirYyD3PZauh6mtVcAIahocezjheP098pag+HVweBNwdTcAqXHPBI7TDM0H2KLbk6FPkpw7PaWSskGWuBCevJ6a6XmmYGRVjtA4BOVfW/rieli03CPUG/iHdVsOjDydc1iRuHRseMOaD9wos9sp5W6XRtGe4Ch03VNpqYWytm055B7K2ZNFOxro5GuDhkYKVYm+hyuqn0yjqOnXAkxSDCq57TUxSbQAn1AWy8M/qh+DJ+JuB23QpuPY3+LCzrgxYnrqSQOilexw91MpuprhBJqmfrHcLQzUMEhy6FpJVVWWEOBdCPyV/IU9PZVzCROpuprfMzVJlru4U+GeknaHxzNIcsfNZKmJuprc+yY2Ksj8o1AfdWmvRcbLI/mbnwWOAOkEFDlozMMMY39FkIr7XwN8JshIHqVa0vVYYweMw6h6HCZnBatrk8MnG0jUTpG6BNZoicloBKn099oJYw8u3POVJ1wVLA6J7f1S9+WM21vpmbqOnmSYLGg/kodR0ycbRD9Fr/AJZ/IcFw0snOU2MscoXZpoSWGjAVHTDiQfBB/wDCq+osxi2EJYRwWhekuaWnzgYTT8mfqLfzaE35mc+3xddvXB5eIaqF2oOfsptLfKyI6XPwB7rfugt7xpMUeD/hQXdPWmUZETBq9lPnZkfhLO65GXh6oc3AdOM/ZXkddb7gxrpmROdj0XKvoy31Df5RDHdiAoP+yEsYwxziES1EmJn47VVcSjuRMrLDaLhAGzUcTh2OlZ2v+F3TtTJ4rIGsyMEYVqaC80g8KOZ5aDtlEiudxg/lywOJHcDlPWomumYrPGU38W1L/sYC4/ByQPc+grCQdw0jhZ6t+G/UNDv4fiMyfpGSvb6W8gECeJwB74Ur52jqSGl+Amx1lkfZyb/pPQ6n+nB821NjvNLkmhlIH+EqA59RES2aAsPuvqF1vtc4LS1rs87Ksquhena4ky0kZz/hWiGukn95xdX9DR708v8AufOAlfkHspAqnsAxsvZLr8HqKTLaGYMa7cbZx+SyNw+EN9p5CKZwkatUNXXP2ed1f0nrtK8pZ/wZCK5zs7agpDLnTyHRUx5B2zhKu6Zv9BMYn02Mfuq2SmnhOJ2Fp90z5YvpnIt0Go0z++DLljLQ938vUzPoUZraiAa6aUSs7NJ3Cz7ZMuxwpsT5G6cTFoPuqT3CoLnD4LaO5v1YqIC0eoCnQVNNMP5UzST2VIXygeZ+fumuiEhDmnQ71bshf9zZW3E0L2OcMKLLTOb9TAQq1tfX04wXagOCVPp78xzQ2anORzg8oJQTN1Vyg+RngBjst1M9gcK3t3UVbQ4Y5/iMHZyhMr6Cp8hYWE8Erngxu3Y8YKzTpUjrafXzrkpRZtbX1XTVWGudod6Eq/p6xziMgEH915W2nOctOCO4KsaS6XSjcGCTxGDgErLbpVj7T1/j/ONv7z09tRgcDdEbMcA4WOoeo2EBs+QVewXKGVodG7IWGenlF8np6PJ12rsuG1A4wiNkB7j9VVtqmHg7ojJM8f5pUljs6NerUuiz8btkJeKVWtlIKMKgdwqwa435RYRznOCjFtQ8AxYd7KubMD2RBVSQ4LHH9VeCfLkM6eSF2KiDHuW5TmSwSHySNJ9FxlzJGJsH7oclJbqoeLgxv7OYcKYL3ImeGSPKVGdLPE7D2ukHsOFXmnvVLLqgqI5YjuA4nI9k5nUDoHiCvoKmJx28QR5YfzCIL5Uuy0ZVU5IafIT/AFIzo38twQVAZJbq8DL2PB9HbhPdRTwgOoal+B+FxyoB8q9Eknwj5mro8GTYYP3Ub5yrhH+904e09wF1slHO7Y6T6FQj57B1lipqsF7cNfzkbH9VDjfe7RlsEbamIc+Ju7H3VwGuj3GS1J0uMY3ypkW4pkeiv1vrXeC5xhnHLHjH6KaRndQai3UVWCZIQ154e0YIUOGnvdA5zo5hVQDhp5CKMssH4sFy5odyuhjVAprrCZPArGmnmP4XDb/zcfurBha4amuDge4OU2LFyryRp4i47KhvHSdlvEbm1lEzU78QG6072h2MqO+PcHCZGbh0YtTpIX4jYso8f6g+DMEjXy2pxY4bgeq87ufTfUvTUxfPSSsY07PZnC+pXNGkNxjKhz28SO1OAK10aycOJHi/JfRWh1OZQ+1s+dbP1nJD/Ir2eIzjfstDFT2e+MMlLK2N57LbX/4W2S8PLoR8kT/3Ixv7rzm9fDzqfpuYy0BdVQt3EsecY+/ddfT62L/I+ZeU+ktXoW3Wty/scrbFWURLmDU31CFR3GooZPxD2Xbf1bVQAQ3Boe3g+qt9NovDNUL2seV0q7I2dHk7ISi/9VF1YOspW4aZ9h2JW7tXUNPWgNc4ArxOstFbQO8WAlzfUFSLV1NU0LwycuCYYL9JGb3VnvzZA7cBEBysBYurPGa0eOHexK19Dc4arAyAT7oDl21Ot4Jyfq9Chl2xCCSc8oxOGTNQPcJ4cPUKBk+qI0nUNyoD2T2ykcJ+sOG4UJsreyKJAFCYJJijc3BGfdRiHRnOMhED/VOLmPHmaoTIo5W4znlGUSSDSS6FpKUNY0v8KTyntlQtEvOE8bJieN1BQ/b0XdPuuAZ7rur2UIdBwcp7JskDSmLgGFCEnS143CjS26OcYJwil+k4wnskBUIUc1LLBK5pGw7pA8jOCVdlrHkagCq+qtL8mSncDnctVYLT5PP+uPhva+paR8nhATjJa5gxh3qvnjqTpW4dOVkkFTG4tB2djkL68jcWOLJAQeDlUvUPR9tvrHeNTxu1DByEmypSO5oPLW0NRlzE+P5AHemfuoMjcZOF6H138Oqrp2vmkpQ6SnyTsPpWGljxsVzb6D2+j1MLFvgyLBKY3BpGysmytkaBsqyWI52CJBNoIBXMtpwd3T6lPiRJnh7tCjbg4Vk0BzMlQpoSTsO6xyjjs3d8oF4vsptJUEOVediQntODlIaH1XbGaSmqc44VhBNsBkLN00+nGc5VjFPnCo6tV26JZztD/NyVWTAtdwprH5GChTR5GwUGtKRAeMpschhdqAyiFhBO2ENxwRsoJa2PJawu1wh5G/oh7h3CBSTgeXCkP3AICg6NjkS6aUgjKtYXBzdzlZ+OTdWFJU4PmKhuqux2XVM7S8DOyuYCDGNws9G7J5VtSPGG5Kh06bMhWgmoafdTlGYBnJG6kDhQ3Rlg6kkkgCGublRamAPbwpia5uoKCpLcigqYnRu2Gy5TVclO8PZtjt6qzqYAT9KqqmEtOwwgMs4yh+Jf0N7heQJPKe/orZlRTyAOB59FgDIWH1UqmuMsZH8wgDtlTZwP0+t2LbM3Aax3/wA1Me4MVFRX2LZsjyVbwVUVQ0FjkmUcHUq1MLEEPBUYtIJ2Upc0gdkhoeppsECSRjsplFV6Hhjxj0KjBoadynEDGyz2Qya6rXXJM09JPxj0VnFM4gLHW6ukifpe7YcZWpp5mOiDhwVz7YYZ3dPerY5RP8cgcZUWqjDxlPBynuGe6TKODU+TOXGlw8u0qV03e/kJhBMfIdlNqYGv3Iys7WU7oZzpG2cj2QMS/skmejOMc4E0RBDx6qvljw4tKrenr1HLEKSV2HjjKt61mWCVo45VGiNm4DBK6nlG+Gnb7K+ZoqqY8E4VAC2eHyjzAKbaKoxv8OQ+xyhGxbZWzxut9U6XHlyrmmmM7RvyMod3pWzMLm77KjttZPS1Py735AO2fRLDjPDNMC5pyN0aT+dTHPdBjcHNzhFjd24V5NUZ5OWupLJPl3Df1Vs4B22VRVQ+WkbUxjG+HYVtDKJY2vacgjKoYpZK6qaYZycbIjXB7Q4Itxj1REjlQqOcNZ4buQrCYqxpkj0YWF6nog+Nzmx7t3XoEgB3VFdqMSxvIbk4IRmDWVb62edW2cxS+G4916B09X5DWl24XndzYaCq4wCchaGwV+HMcHehWis5WmtcHsZ6KR/MLxsCianADdBjf41PqxyE9jw+MOVWL9HZqluFVR/MQuY8ZyFS24ua58WdgVea87YVPVxfKVniM+iTdXHsu1ZQSoZrGF5p1rRapS4Dgr03xPEGMLFdWU3mkyF0dPPaee8zp/mo2nk9yjLZ9hthRWv8J4OnUrW9ReGWkjcnCqXYcF7Hxdu5rJ8K+pNHtTiaqjlMsDXk5OFMgk82COdlRWWr1xiNXMcmk5wvUp5Pl0lteDO3MOp7kS1uC12crVRy64WOxy0Kj6gYDioDdzyp1pmfJRM1nJG2VGaNLP7tpaWaVzK2SIfSRlWuzi4EKhopQyvzjkK+Z/V2Ky29notPLMDC3xjaG9iSIYc5wWigfrp2nPCputqd0VVFV8NJUyyVHzEBHcAJRtofOGHJ0VJdynk6d/VCmdpmPuV1/A3Wa6OOTdGTQ5ztwcKbA4vaN1Wv2ICmUTwMApfZrpsxNJkgjGxKrZMioJzwrCqdmY44VVUOLZSccoDouQ+YgjJTKd2H41DZMJywn0CjwOxIclAyo2YmmXIcCASQo7u64x22NS64gBInHJ0I2KSINcABn2UAEb7hT7kP5JIVO12DyqijPbLBEvERnpHsAzgLzh2WSPaRwSvTqjzMc3nIXm1yZorJRjGCnRPKeYhvkpkWTkJw4XJRuMLo4RqWThYGprRunJo5VFhBwns5TBwns5UIw8aOe35oEaOe35rTWJl2OH0oZJyiD6UM8p4IWM4I24Uljy5qiA4RMjSVC84OzOBOcqDNnWMc7oz3b8oJ5S7GQewZUh390AhxAHAT58Y2PCEW45IkpySmjkrrtyuJNvQyKwJSaKP+aJSOFGwTsFcW+mLomMxlxXPulhYOv4unfduNj0ZbWzzmpe0aWgErcb8duyremqJlHb2N04c4Bx/RWw0ufpb2XmtVJubZ9M0VOK0iRRxDHGwVkxowFEpo8NCl8Bc5vcehq+2OB5wAqu61H8rSDup0soAydgFn6qbxZ3OGcZ4WvTQ5yBqLEo4EOMk9lZWSmEzxM4bNVTzgZWqtsLILeJWjjlej0VWUeT8nq1RDGRl0rW0cTpHHZrSgdDWx1bUuudRGdIcXDPqqm9VL66pjoYhl0rw1oH35Xo9lt4t1vipmNwQ0avuvSaOnHJ8Q+qPKSuk6YstaRhfIA0bf5K3Y0fSCo1HEyOLUB5ijQZd+S3s8FLMnhkpuIxqIWYr5p77dG2+DIiacOIU3qC7Chg8IPw5wU3oezaYHV9SDrlOsfZQJ4hHJqrVQxW+jjp42AFowSFMZymskGB5V17g0bpEmZZ/cNq5/CafTCx89RNWVLjny5wArDqC5HxBSROwcZeR/ki9O24VI+YmbsCSPdEmsBLhGh6etzaanbK5uHEK4TIWtZE1rRgYT1T/sInL9BGohOBk8IY7quu9a9wbb4P7yY4+w9Va6LI7pHXq6CFo/lRnBPbHcpvXXU9P07aH0sLmNmkaWwszj7uKly1FJ05ZXyOLQY2lznu77ZKwdlt9f1Zdz1LegWU7HD5aBw5b6n07IRqiWfRHTjqaJt6ubGOr6hu7sfSFtG5xugQtBxpAAHYJV1wioIdb/AKjs0Z5KhU1kg3atmqZRZ7eNU8/kc4H6Ae60Votcdpoo6OIDSznbk9yoXTVoNGx1dWBrquo8znDsPQK8RJA9BWHAScQULJSe4sifJ/SMpWCES8VooqcuJ3PCyMtY2kifWznMkpJGfRdud2fV1LnSnytJACzF6uTZXazLpjYNOForSHVw3Ar71PT2ylkuNfLpDQdLc7krwi8XibqK4zXepyyljdkaj+isuvOo3X+t+Rp3Ygp8Bw9TndeddR3h1WRYrP5nOHmOeSnHe0GkTabRXSVMnU13ZK9hZAwYjBOdvVes9GdDClEV6vUWoHeGIjHHc/sg/D/ocW2jjnrmguADgCP816BFSzXKdjGNcKZp/mPHf/0VNpdjtdrc5qq4SO0cL7vJoDTHSxHttqUXrTrG29N0Qa9waACGgbA45/zCZ1n1ja+jbWdwAAQ1rTguI7BfLnWHWNf1LcHzSTO0ZIDQdseiTZal0K8X4uevmrLF9gbrXrSq6lrpNUh0NJ0gHYBZgDA4TMD6kQ8LDZZlnuaKa6IbK1wcJB2CTkjtwlp91lnLcGlk4uHddSAyUAxvBwDCMyPJ5SY0lHaGtHKdGAGWxBgH3XDKAOOExxOSBnH3XAN85TCYOve554xhOj7p2lvouqFZEkm6sIc03ht3GcoXJLstRbHyEDG6jSVLWcqPLWjGOFAlqC5ZbdSo8IfGrPZNqbgeIjj1UN08kn1vUY5JyV1w91ile5Pk0xpUVlBUkFJVuLEkkkqIJJJJQgkkklCCSSSQkEkkkiIJJJJQgkkklCCSSSUIJJJJQgUDHddQUkW4gZJMSQkCpJJIyCSSSUIJJJJQg1JOSUICT2atvRJrCCiAeqLJbY0e6Sdp90tPujyUESTEkIBzG+cp7JHRnLU1JTLKcVLhlnQ32SB+JgXN+/Cv6OugqWaonZWM7qTBVS0xzGcI4XPP3GW/Sp8xNe9gdwOfRCMZCq7de8yCKp78HKuqeZkg8oWhOM1wYZVzh2A8I+q54fupjoQe2UF0RCNQyLUsgNBS0+6OBlIsz3VdBqWQOn2XMBFwEwg5UCBroODkJ+CuKECUtRLTyeJG7jkeq0lJXRVcQOoB3cLM6CiwzPp5A9h4UM10M9F9UU+nzYGD6KGWkE+ysaKrjq48EjPcFNnpfDORgg8YVpZMuXHggaT6LikOZjsgaXZ4RBqWTh3TTnKLjCSuMtpeTS9GdYz2GrbBUuLqSQgPaey9mjMc8bJYSCx4DmkHkHhfOZ5XoPw56xdTVDbJcqjMLx/JLuQfRbKrcnJ1+k3f6laPTC0eq7o/xJPZl2w2Sb5Vra4ycTrseuZCemoUslN4HJLgOV1UCJJJccoQbkISNkprUXQSeQaSJp90tPupkPIM8KO4POR2UnBXNHspjIRHwW9k0nKkkDB2QC12TsnRiUc1eyWr2TtLvRcVYReDmn3Q/D91IXNPugyUNYh1DBjOEYDCbITjYKeyEAgg8JpAwpEjcEnCiu7qwwZ5Q5QMIhBzlMk4ULXZVVkQccAdlRvqWwzmJ4WlmiyRss1fqMxu8VowEqw01vLwGDw7cJKvoKkvb4TjnHCsEJpBLoOOy4kqCGLhAwurrVCASN8IeApGAh4KgSluB4CWAupIRwN7M91qPh3cmUtxfRzuIMo8u/dZtOoZX0tzp6hjsFjgUaeDNqY7obT2pw3yuIcT/Fp45v6hldTl0cGS2vA9JMSVlD0kklCMpOspjDZQW8mUBV1gqTPSuaT9IypPXvlsrATj+aFn+lqp3j+GD5cYIUN0YZoyi1ucQwXYUIM+Yojp3cFbXeB3haxxglZ+y1jY6t0Mp8r9t/VU+i6s7ckdzOM7Lnh+6nV1OYJ3ADyuOQox4SWOhLKAJLr/AKiuKgzur2XDukkoTI5JJJGAPQkVMwFAk8H2ERlBkjzjuuUVbFWx+JEf3RyMr8lYwf0OyirqqVsoxhZ642x0Zc6Nu43x6ha6VmcbZUKopvEGeEALZlKOuq7dO2eFxGPqae4W9tV3prtAHBwEmNxlZO4W8YJDcFVlPWVNpqRPCcYO4zyExMpxzybq6Wxk7XEMGe49VhLvaZqWQzQZBb6LeW27QXimbIx4EgHmblNqaCOfIc0ZKjjnoFy28GX6d6kLsUVc7zDYOK0zomyNy05B3ysferE6CR08LT67dkbp/qd0bhQVx9muPf2VpgP7ujQy0o3y1VFbQEjOlaSIMqW62kOGM7JS07CMaUZDAVtAW58vZU8kRa8gjC31db9eSGjZZqvtjg4lrP3UIUMse3CjkdlPnp3A4LeFG0lpwUcY5IAD3wuD4nFrhuHA4IXpnRPxKjcyK1X15Dx5WznjHuV5rI3hR5QRgjsl2VJkayfTD2h/G4Uepo9gcfuvJeifiTU2ueK23d2ukIDWu/oXstPVUlxpWVFJI17HAHIOVinQ0xaRQ1NJv9Kr5aZtOdTW5WmqYATkNVfVUm2yRKDLI1suk1FMHs47jK2tuuMVXEHsIz3CwEsRjcBj81Ipayajka+I/cIHHAM4Jo9Ac0P4CC+n0jPqq223llSA1zsHuCrjxBI0EIDHJYZEy5hGykska5oDmg/dMezPbKHksKhQSBj6OcyQOwx3LDwrSGqbIOMH3VfG8OG4RWODTnCgmUdxZB2V1Q4qjgEKU1+oZwoB12JOTU5QpCSSSUFiSSSUIPSTElCD0kklCCSSSUIMSSSUIJJJJQg18gZyEMPgn8oeAfdG0tcCHDKjzW+N/mjJa77qF/JyMmpZY9wNQ9lGfHqwDspQmqoPLKNbR3RQYKyPyYDlYxMoau3McMhgJByEymrK6leBJktCuJqaRn1Djuor4mvGHDIVFqWCXS3WCRul58yltkDtxuqKWjaw6ohgpQ1tTSSDxPOzg+yhaRoQcrgfnsotPX08w8rsE9ipDccg5UKfYRIjKSSgkaGhRaqipquMxVMLJGHkPbkKYuEZUIZWbpaegkNTYax8Jzkwud5PyHZGpeo5YXimusLmPBxrx5StJp90CpoKWsjMVTCx7T6hQs5T1bJhmNwcD3CmMlzyOVlp+nKugJns9ZIDz4b3bfku0vUb6ZwguzHQuG2rGxRgGqJOE1RIbjFOB4MgfnuN1Lb5mh3qrTBkskCvtFPW4d/dvHDm7FQXS3ez/X/vMA79wFejfhIj1CvAKeCBb71R1+0UgD+7SdwrLxC4YIVTW2GjqiZYW/Lzdnx7b+6hNrbxZiG3CI1MPHiR7nHuFTLNCCT3RFXUV3pK4B1NIHZGSO4+6mmQFu6vIEk30F0Nd3C4S9hAadkAvLTsU4Sl22OFMlYJDX5GHDKjVVqpqkl7W+FJ/U3ZFY8FGb5lQLzkpSy528+b+dGOCOUaG5iQ4LsH0OxVoS07E5/JQ6mzQ1A1swx/qNlCPkPBUxvGCcFSAQdwVQvgrqJ2HNL2j05R4Lm5uGn9CpnBe0tDjbdd0t9VHZWMkARmyteh3g4OtaEGqoaevYY6ppePvujtOcpyNMoz8dmvtneZLLcXVEA3+WqDnH2KnxdTwFho+pLY6j1+Ulw1xn88Kzacfkgzxw1WBPGHAdjwnQtcOULa/Zm7t8M+l+oT87Y65tLK/fxINxn7ZWPren/iD0pK50sAu1C3iSMeYD3C9BqOloRKKq0XCot0vJERzGf/AApzLx1Ja3aLzRPuMQ28alZqeR7tXQq1tkRaRg7b1VR1Z8GYGKTh0cgx/mqnrT4VfD34hU7/AOM2WJ07xtUxANmafUO/Tt2Xo9dZehutG652mCo/+hO0Sg+7eSsvW/Dzq6wF03T9V/FIBjTFnTIB7hbqNe49PAqymu3iaPl/rL+xreKF38S+H18NazdxpqgefA7ZH59l5HeLN150NUuouq+nqmlDDpJcC5v5HGD+RX3PSdWNbMaS603yFQ3ZzZvLkq7LaG5U0lDdKGCqp5fqZMzUF6nSfVF1cVGS3HO1HiKbOYcH57Nr7XXx/wA4R/mMEJSWunkYH0Uxa4cEFfYfVP8AZb+E/WEUklngNgr3bh9F5Y3H3YvFuqP7I3xT6Wc6o6fqIr5TjLmtga4S6fUtK9RpfqDTXwTfDORqdBbVwkeRtqrxTfyiS4Dg+qlR3actDJ4Acd024vudiqXW/qG0VVJMwlpE7PD3/NCp6qjqnFrHAfnldajVV6hZgzD8codk+nu8IdiSJzB6q6pbvNFpfTVRx2GpZmSknd5oWB7T6FMhndTktdG4HuE/GR1V0quj0Ki6urInZlkDx78rRQdWUksY8TUHdwvJoLlC/bOk+5VjT1j24AcHD7oJRRtr8lZE9Zp66kq2B8crd+xKkNAXl8Vxma3yuc37FWcPVFdBG1msuA4yUDqz0dGnycZcSN5pByMcoRtzZhggfdUds6rgnaGVHld3yreC8UUrtIlaPzQupxfBthqarPZHmsET5C7wQfcd1V1vT72EuiB+2FrWyNeMs3H3SaM52yraaNLhXZyYSS21cLdWk4XPmq+nZpaXY+63b4mOwC0YKBLZqaRoOkZKWm2C6FH8TIRdS3KFgaRqx3KtaHrOMRhtTEQR6KTV2GItIEf5hVU3T5blgjIx3CYC4Wr8XkvabqqyzeWVrsn1UxlTaarBYG7+6xcnT8zDkHn2UaS1V0DdcchJHYEqsoisuj+UTezU1NKB4W3uEP8Ah7uzi381hmTXqHBjmeAPUlSGdSXunADyXem6PJI3xz9yaNa6GeF2QSU/5t0eGyMIyqCDraRjQKmk3HcKXH11bNhPTlnuQFMpDndBloayMHJb+y6JaaXljc/ZQh1Z01VM0vqIx/mpkclqmjD4KiJwcNvMFfyi3tn2cMFHICxzGfkFHks1O4eU4Uk0cUm7H++xQHtqIyGMe4+mVcZ+wHpqpLojC0yxv1QzFp+6druUbiBl32xupTRW6fpBTRW6SQ+E5CLe32I/hVy9jGXd8RDaqnc3G2QjtvdEdnFcFVDIcPj/ADIQ5KeknaW6GA/bCJWciLNE30Snto66PSGxODhuCAqi4dFWSuic2Wjhye4aEU2zBBp53MI75ThDcqY+IyYSexWmF7Rht0GXiUEzJXL4TWqpiMcJbE8bhzQs3VfB65M/7NK149yV6s26RuGJoS145wFIjqqZ7Q4SkE9sp0dVKL4OBrfp3TXS3Shj/B4DX9FX21MLpYXuY0ntwPuqvw3NbnSdtsr6QlbDUbHDseu6r6vpyhqjrmhYc+rAtUdS2uTg6j6Zgn/oHz86TJwV1vhnOMfqvWq/4a2+ondJHGGh3psspcvhpcKV8ktOXPYNwBymfNk5d3g9TTzjJkdAPCa6OTORI4E+hVpP0/caRmuSnkA92qE9pb33HZXuRglTbS8Si0S6esqI42tLGOI2yQpDa3u4YVUJps41bJ/ikN4zlB+Q6q+UXwW7K2mf9T8FTqa4SwYdFNt7FZtjw527QpLJCBtslSrz2dOjXzrNrSX7WA2TAPqp8F1aX+WReftmfG7IcVIjuE0bg4Oys708X2d/SeX29s9FZWl34wVJbNqAIXn1NfJWSAklo7q3p747Z3iA+yTPT46O7p/Kxlw2a5k+43RvG1Y4Wbhuwe0OICkNrtgSf3SvhZ1atbCXOS8E47gLokHYqqFYCNineK71QurBqjqIz6LyGrc3A1AgdiimsY7yTNBz2IVE2oIPP7ozKt7gNeD6KnFoep5JFXZLdORNTa6eXnVG7AP3CBC/qS2y6fFiq4fw5OCiR1e4ydk81WDyd0OAW/0SIOqKM4ir2Op38ecbE/dTRJR1sYMT2ObjYtKqpoKesZonga9p9Qq42uWjeDQ1JiaOGqFuU0aZlNPGf5VS9w9H7ojxOwAyR7eoWbbf6ylxHVs2H42qfBeDMNTJQ72yoFC2Ptlt4mTnBCcHnbCrRcQ4YkG6eJy/eJ+lD0NVkX0TKmOGZnhzxB4PqojbfUUx1WucNH9Er9kRrnn63A4TxNjkKZBzF9g4r46N/g19K6Nw5djylWDZYJ2h0MgcPZQnGJ5Ae0O+6C63sYCaOR8D3d2nb9Fe4FxTLTSlpyquOtuVIdFXB4zP62dvupdPcqKpOmOpjL+7dW4Rp45ESqX6DmBpB2UZ1M4gtPGeFPSDQTgLTC3aYb9NXOOMGI6h+H1gvIdJUQObM7fW0rzm9fDXqCzPdUWYmoiG+AdwF7zPTB2MDlB+V07DuuhVqZR6PH+V+nNJq+ZQWf7Hz1QXurgm+SucLo3jbEgU2pt1DdAfCw17d8DuvXb10pZbywiqpGa3D62jBC88uvw1u1rc6ptVQ6WNu4aNnBdSjVqfEj5p5T6Tv0r+TT/cY+SC42V4kje/RnutTZOsX6GCZ2498FVj7i/ehvNK5hG2rTuh1dlp5ImyUcgOeCCtlbU+UeM1FDrk4Wwaf9z1iz9S0taxsbHYd7lXbZQ/GMfkvBaOvuNok314HfO63HT3WLajTHqOoc5KbjBzL9LKMd8Eei5C4eFX0FzhrPKDhw7E8qwO4Oyhh2sbqOcIzXbcqOeUsn1UBJweOchdDzlQg85R2ytwoBnJL8ZwaFHlpmVAySWvPcJwcCnNIUJggMqqm3S/7xl0I21HsrWCtinaHRHUCgvbHI0te0OB5BCqaukqqHNRbSdI3MXOR6hQtLg07JMjOERZ2136Kta1h8kg2LTzlXLJ8gau6hUofokpDBOCcJniLjjnBUFErAI5QtDvRCDyPVEEuNlCHdbvVF1HGMrgORlCUIOlgimHnYM+o5VdKySndoI1DsVaKPUtEg9VC08FBd7RTXWndDJDFkgjLm5yvCPiF8MJqIOr6OBo3OdA2K+iJIcZIGygV1HDVROgqGBzXbYISbK9xu0WunpJ7kfFlTTSQvMUzC0jbBUSRjvwhfQHxB+GcNRG+Sjg0vyXNc0LxO5Wirt07qeojIc0445XNvoz0e90Ouhq4bo9kOiqzjwpTxsCpR0uaRkKvDA05CLDMc4I4XKtqwej0uq42TOTxb4CEBp75Ux+HjPdRnRkHOVjlDB0EOjkcCFa002zcqmDxqxhSoJsEApZoqtceC+jkGEcEEYVZDNjAUpkoIzlUdGu7K5FO1rTqwob3azxwpz/ADN2Ve/LXHblQqx5ORvdEdt1Phn1tAIVfnUMgIsEuHbjCEKMscE1+cgjZHgkLXA5QsggFNacHlQ0wmX1LLrbzuFa0kuHAZCztFJ7q1ppQHNwVDo0W4L9py0EozSotO4OZjKPnOCCodauW5B0lwcLqrI8ckeEkjurIBkAyq+rpg7HZWYZ3QpGg7YQCbEpGaqoCw8KIQeMrQ1NNrzhvZVFVSuadgjMFkMcgGvLRt2UmkuVRA7JkwAq97znGFwvCCUcmR3Si+Ga239QRuwyV4cT7q8jmErA4cFebZ7tO6trXfJYsU8r9uxJ5Wd1nY0fkMJRma+QHlKOUk6SFDoq+OqHh6jrHr3UoeUHus04NHbhdGf4hiPxN2KsrTcyw+BP+RyqtkoJxhOJAcNuVkthno203OLTRtKZ/iAEHIUrGNsqitVxBDIT3Vw5xKxTiegrsjZFNMTmqmuMJcdSulDracvHHPdKfBJrKM6yV9DOJWjhbahrm3CgDgQDpzysjW0hO4CdZLmaOf5d58udt+FBcbHF4ZpaaXwpsO4O26nPa1jhIwZBGeVWVWSwSs/5sqTbqoVEfhu+pqA1wmW9NMZ4sSEb7KmvNE6mlbUMHdTg4xDAHClVUTa2iIIyQEsZn2QrXXGWPS5wOFbxkEBwKxcE0lvrPBfnBOFpKeoJaMbhGlkZXNssZ2tfE4HfZAtdU+J3gk5A7eyfG/W3fuoEz3Us7ThDjBqTwX8rmyD7KqewwzOeOCp8LxKxrmnZwyh3ClzTuI5KWM3YGRya2Z9VDqo85B3BTqGb+WGFFmYHjOMpgE/vWDzjq22EantH05IVVZakx6QXLc3ylbJC/U3sd15yWuo6mRreNW3stNZ5vUp0Xbl0eu2er8WiaC7UQMKbE4gELH9K3MOa1jnZBGFrmuw0lEzsaaxThuQUv0DONlEuLXSsa9o+lHfJqa5mEwY0Fp3zhB0x05buCJSyFuxGSFQ9VQ64zKByriR/hVDxjY4UW/RiageMb4Wus5mrjvraPKL/AE7DRlxHmB2KyRyAt1XRtkgkjkGRusRU4jkc0DbK9T4y3DR8f+pdJnMgtpqDDMI1o45vblZGKcQztc71wtFBK1zWkHIIXsq5ZR8T8hX8VvAa6N8amO24TOn3vMD43fhKOB4kekjkFRbTKae5uhx5XDcJr6M+nntlktWZZUB/cLRtIdTRuH5rMVflqCOFoaU5oB34wstvZ6bSz3RwUfWkBmtzHgfQVV9J1Os4PphaW9U7qy2vjYPM0avusZ0vI6Cslp3jDmOSjoR4kmaaraWTEkbIRcXAbbKRcjpiB7lR2uGkAjhIsTZvjLgcThGp36SPdRs5XYjh25SsD6+HksH5d5vVQ6toByFLBywKLUbwvHfsqN25tEI/SVEaS2QjHdSY8HlR3kCd6ABz5JsDy4DJwjP++FW+OWuGApzagOaEmaNtFvHIyrAdC4KglJBx7q9kGRuVR1DiyTGPxJcCXSBZySD3WCv0Xh3GRnAyt0Jhq+nusb1QP/eRdjkZRpnD8lDdXkqE524TU48IjzoA8preU48po5REDDhPZymDhPZyrSyLZIi3Uh3AUeHkKQfKAtMeEJl2NTEXAQk1PJR3OE4k4TEQjbYqN4IAeTlcauv5SZykyluZZIaEKU5AGUduA3dQ5DvkFEyIaeUM8J6YSAs9zGdkiCPW8LUWCkdUVUTGDODus5RtOc4W/wCiqB3iOqewAXF1lmFk9b4XTfdE3VPEIYWs4OEanZl3lQnAnT9uFLpG6QMrzuon7PoumrXBKYMNwirg4Q38YWWKyzoLCQG4S6YzuOFnw4l5OFY3SUiB2OVWwbxh7huV19HXlo5Wru2tpk+20xq6lrMbA5K0FylFJQ+GwhoA/VQenaeTW6oI8vCjdWVvnhpIt3yP0gfdeu0Onwss+aef8jFtpeg3R9sdcLl/EpoyRGSG54XptK3GHEeyz/TNGygoIo/Dw4gElaKNgIGCu7THYj4rr9R897kTWZLQ0I4cymYXv2wMlcpmYaHOCpeo7ifGNNA7BcMFMMEY5IENPL1HfmswTAx+Xe+Oy9PpKdlLTshjbpDRhZ/o2zCjpG1ErPO8asrTFItYq1+jrdsqFc611NFrapUkoiaXEbLJ3SvlqKhzdflBxgJaWRcVk5TQSXCty7fUcu+y39oo209O0acAbBUPTNrIa2Z7cl2+fZa1oAGAqnwVNj/skkkqEnZJRE0uIVTTNBmkuM++5AJ4AUqvla8eCw791j+sLzO91P0vanEVFQBqIP0j1PojDguQN2nqeur5FaKYhtspTqqHg/U8EEBbSCijpoY6aEAMjAaFB6asFP09a4qGFo1AAvI7lXB9VQcnxwdbohZqds0cqvoKJt+uja+dpFJSO8jT/wAR3/RMrzUXKris1KDh5Dpi08NWrpKSGipY6WJoDYxgK0hTYXA/CMD0SSSRFiWX6rv3ywFBC4guGX4P7K5vdyZa6GSocRnBDd+68xqamWpldUzPLnO3JPZWkHCO5jqqsLWE7cE7leY9YdTSVLDS0T/DAzqdyCVYdVdSurJHW23SFrWZEsgP7BeQ9ZdSMINpt79U34iD3R9HY0GmlZPCRCuF4ngjdS0zdVVVHPqQFrPhr8P207f4ncow6d2D5tzuoXQPQs1RK243JuqR2/m7L1dxhoYGxRs3OwDeT7o28HQ1OpVK+Kpj4qSSapFFC3yNxqIKZ1b1bbujLSXybdg0HGrHO/5qTebzauibRJW1848YtOBndx9l8pde9ZVvWNydNNK4QsJDGg4GFmtnkHQaCeunn+j2wHWfWNw6quUlRNMfDBOhoOwCzYZ7rrG6duURjCd8LJOeT2VVUNPBV19IGYyV0DCLgeiacDus0mx2BiGTlETWtOQhGR4XJxrXahsjNG4XQBhdVpATf6HDACaM59lwcp4AI4TYrJQ7TkeYbpy4ThNe8BXknY1NLmjuECara3ZQZarOwKRO+MeB0a3LsmVFa1uQ08KukrXyEh3CFI8vP1FM0+6w22ym+DRCG066RzjlJJMSW37GLkSSSSoISSSSmCxJJ2h3olod6K8MrI1JdDSThP8ADOAcKsFg0k8RO9E/wVCAUkcR+oXfDHooQjpI3h+66ISdwUzBACSkeCfRN8I+qmCsgUkTSVxTBYxJEwSuYwpggxJPSUwQSSeBld0+6srINJE0+6Wn3UJkGkkkoWPSSSUIJJJJQgk5nKanM5VS6IEAGF1IHsupWXkASSSSbueMkGJJJK1LJBJJJIyD0xJPVMh1u2SpVFcpaecPzsdiPUKK1cLQDlVHdF5QuyCmuTZ2+50tZ5Q7S70KlyMGM4WFje+IhzHEEdwtHbb7HLEIao4eNs+q2Qs4wzlX6eUVuiWJ5wkn51bjdLGEZkWc8jEzT3wnjlEAGFAt4LSMYAQ8FSMH0QhH6hQnyDcBIjPddwRykoTOQkb3RO1RuLSPRaGnmbU07Xg743+6zo2UqjqHwSgtO3cHgok8Ge2P6LWWH+lv7oJhA7Ke0tkbqA5UeVhPCsz5cXgiuYBwE3T7qRoK54R9Ve1jMkfBS0kHUAM9sopZjkLmAmKW15L9YPWvh91ab5ALbWv/AN7iH1E7P2WvIwSD2Xz/AGyvntVfFXU7y18bs7Hle6WW6wXu3R3CEjD8Bwzw7G63V257OBrtMq5b4EzsUksYSTzmt5HJJJKFiSSSUIJc0+66koQakkkoTJzAXCBhOSULTyCPK5gJ6SMPIMgIRa7J2RksBUWNQUZD0O9FEWhqWMpLoGThWWDnjDRseyry3c7q1mYXDIGdlAMW+7f3VFEYgcoJBypjuD9lHIGVYxckeTjjKqrzB49McDJ3Kt5hxtlR5Yy8AFuUpmiqWDARPdTVXmKvYXB7A4HlU95ibBWPDdtyj2mqIi0E5KUzX+Syi0SSByMpKgASSSSgYxcIGF1JQgI8pJySg0EhTOLMPHIUhCmGcBTGWC0ep9H1vztkic8+djQD7q4DvZYroGqyySmBOwGy2YGE+PRwb1ixnUk0cogIxhWKOrrPqC4kBk4UIzLfEyXw7LFjvKsj0pV/77gnHZaT4qDFmpwDuZQVh+mpS2tb+QQuW1nUojnTs9UuEXiUu3dv+i84r3yUFYGnYl+y9MzrhYD/AEj/ACXm/V8XhVGot77H0RSYvSfc9jNHUMkqbbBV4ycAOwq08Kb0lO+4Wh9K93mA8ufZV9QCH6eMFJlLIxfbNx/Qx31FcSSQjBJJJKEEkkkjIJJJJQh9L1dLdOkaps2hz6Rx0g+y0lvuFPcIGzQvByNxnhZTpXreG5QmzX4iTxARFK/j7JVtPWdLVJraQmSlcclo3AyvyhOB/QbJtCMoMjBhRrZeqS5sa6F4yRnGe6nn7pLCKqrpg78Kpay3BzCCzc8FaeZvG2VFqYWvGA1QMx0ctdaJxNT5IG5C21jv1LeIR5g2QDBCpqujJ/CMKhME9qrvmaZxbk5cM7FEpYAlHceiVVCJBnAKxt+6VMj3VFFhrzuW+/srywdVU9ycKOpHhygbEnZyvJadsuDpwoL5izzizdTVVnl+Vrg4hpwc+i3VNW09bA2ogeHNdvzwqW/9NQVJdL4WH43wsnR1tz6Zq3Nw6SDu32UDTyekPga8HZVdfbGvaTx7qTZb/Q3mna6B2mQDzRnkKydEC3OOVaeQTz+vtZjJAblUNVTuYSML0mvtxlacMysxcLTM3UdO2U4hkZcjbThAc3flXVRQuYTlvCrpYXNOAFZCA6ME5K0nSXW1w6XqBgumpyfNGTnb2VE5hQ3ZbwMoJRyQ+iOn+qrP1RFmil0zAZdE7kKwnpc8bYXzjarxW2WtZW0UhY9p332I9F7R0Z8Rbf1MG0NUPl6wNH1EaXn291lnX7QKW3ktqiibIwtLRnsVWywvifpcOP3WlkjGeEKWmjlGHAZ9cLLOPoHfngz7HOYQWuII7haG1X0Na2OoO42z6qoqaWSGQjT5eQQgs3Oyzyj+ibYyXJu4aiCobmN4XXxdwslRXCSlIzuAr+ku0c2G6hn0KoROrHRLGyIHYTQcjKaoIwSASDkKVDOeMKI1FiOHZ9FBUo5Jw3XUxjhjGU9QS+OxJyanKACTUk5QgkkklCCSSSUIJPTE9QgxJJJQhwA5TwRhLAQyTlQg5PTE7IUBOkA7EZUCW2YcZaOR0b+cZ2U9IbKBdFe2srKc6K2nJb/UN0UMpKsZheA70U1wDhh24UGe1M3ko5DDJzkcFWT5PQKSmfGfM3I9UB8DScI3z9bRkMr6fVGNjI0IwFLVt100zT7ZUGKWSrlpi0gs2K5DcKmlflw8Rvop0sR4Ld/uoxha7IxhURlhTXKmnGA7S7uHKWDncLOT0mCC1DjutXQu0uy9nueFCoxwzUJKvo7zS1QALtLu4Kntc1wy0ghQrax+R6pZHqh5Pqlk+qvIIUNB57KLX2iiuLNFREw/cKQDhOO/BTCGVq+nrjbCZbRLpbzpBKbTdS1MBEFyhLHDbVjYrWnBHKhV1roq1mmeFpz3wqaL/wAnKC70s4GHgn2Kn6gdxwsdV9Kz0bjPbJ3tI3xnZCp+objQv8GujcA3bPZRCpLJtlwsB2O6qqG+0tU0fzAD91ase17Q5pyCoUVNf09BUZlonfKz86o9gT7qt+fu9lIZdoHTxjYSRDt6latn1BGDWvG7Qfuoyk8FLRXOjuDdVPMCe7e4UwDlQ6/pilncaiiJpZ+dUZwCfdVjajqG1PLa6MVMLeHMG+FRMmgY4gojagnYhVVHe6KqOkP0uP4Typ7XauAoTBKGSRg5R2EgY9FW/wC8Z/klFjmqWnEwVlKJYHSfqwfuodVQU8vmDdLj3aixu8Tk4RAzPdUL5TKeSkqaY5b5m+y7DVSx7OaroNGMFRqi307zkDBQhbgMNZFJsTg+hUtsjX8EKtlt78ZiGcKI59XA7ckYRshoAQOU10ev6XgEd1UQXGTYPKnQ1kBH94h34Fyjk6Yq6OTUwtc0e6JFcN9ErHMP7J7agHdu4KeCx/LR+idGYLWOyNPZ7PcHeM+ERzdpYTpcP0TIor1bfLFP85AOGH68fdSfk2h3iRPLD6DhPj+epnkgeIPUI9xRAr6PpzqeJ1JerZDI4jDmTx7/AK91iLj8IKq1uNT0ddJImN3FJO8vi/L0C9Fkloa46KqHRIPxYwf1QpKWupsPpKjxWDgE7p8NROvopHj9RXX/AKbk0dU9PVlPDnHzcDTJC78+yubF1Dba93iWW9Me8ds4P2wvRv4nTOYae5RDS/yua9uWn7hZy9/CvobqVolioGUkvOumOjJ91sp1ss/cypLPDItxhs3UdC639SdO0Fwixj+bCCfY5XlXU/8AZA+GnVRMvSlyqLPK458Nga9rT38rtlt5fh58Q+mZCyxX43Knb/dxVW7semrsqt/WnUNlnMXUPT89PLGfO9px+Y23XZ03lp0f7T7Mlulrs/JHzr1P/ZK+L3S8j5bK+O+U7NwaYHUR7t7Ly28UXUlgq30nU1ilpnxnDgYy0g/mvvWz/FSy1T3NqpJQBt5ytPKzpTqqh8CeKironjLon4eM+pXf0n1DfH8+TmX+MiuYH5uMfZp2jMgY88ak19unaNVvrmvPOglfcPU39l34Y9UudJTWltrlfkuko24JP+i8i6p/sXdWWkvqulrrFUw5zG2QFriPQkLvUedpu4nwzmW6S2t9Hz7BV3qhAdVMEjO4HZTIb8yQgTwuYPXC0HUHQPxA6RJjvvTlQGgkCTSdLscnPcLNS6ZsNdEG45C69Wsrs5i0xKrmu0WcN0o5X4bIAfcqXHUuO7XEemCs6bdTykYyCR2XPlq+naRTVD3AHgrYrEyNuBtYL/cqVgjZM4gcZKuaLrcMjDamPURzg4XmUddcId5dRCKy6xPwHZB91ckmhsdZbA9mpeprZUxtcJdLjyD2U5lZrOIpQR914pFX8FriPzVhT3y4wbRzuH5pWxG6jyjX5nsQmLQNQynNlYcDSF5zQdcTxtbFVO47q8p+tLXMBqeQe+6vYdKryMLDV+EyQbhuEGSgpnggsUOnvFHPG18c4391MiqQ4ahgg90mUGjZXqVZ0AdY6U9lHm6ej2xDlWrJ8kZCKZsAbIGpI1dmcl6eZj+4USTpiOQEOpxj7LYB+d8J4c3GMKstBRqhJfcjCO6LpDnEABPsgf7EvZnwah8f2JC9BAaSmPgB4OMqsgS0lcjz49MXumOqnu832LiU5sXVVKMfMeKB6reinaMbBLwgeGj9Fe5lfwl6Zgf4p1FSPDpacvb3ART1MSB49FLG4ckt2W2NM0jLo2n8lDqaKGQ4MTd/ZErQZaaUeIsyrepoxsWs39t0WO8Ucu7wc+xVxJ0/bZd3wNz7BRn9J25x8usfmj3C3TcuyP8AxmkA88jmorLrGNL45muB91CqOlJw8tilBZ2yosvS9bEM078E/dFvEuFi7Rfx1tPMf5kX54TJYaSZ2WPwfRZh9u6mpziF4I98obLjeqc+FWW52ofiaOUatwLsUGsWI1HgzNwYp8Y47rkdXd4XkPayZnYLPRdRmJ2Z45Gn7KZT9T0sjt3ub+SbC6S7MkqKm8J4LiG+Rl2KmlkixsdtlZQ1lurG6WStyfXZUrLxb5cfzWuPG4CI7wJ2+VjQOxbsn/yBFukT6LWW20c2zhGfYgLNXn4bW65uL4WeA8/iY3b9FYimcPpfJnt5iu+Pe6fHhynT7o43tnL1PjPl/KPB5xX/AA0vVI+R0LWSsZwQeVnKm1VdM8xT0kjHN2ORsveIrmSwCoogXYwSO/uhyQ2K4O8Oopw0/wCIJkb8HG1H07XZzDhngRiLNiN10DHde13PoTp24wlkAbHJ2cFnK/4TVsjGi1va9++d0atXs4+o8Fq6XmCyjzk57J7cjlX9b0XfrY13zFBI5zewacKskoZ4N5Yy0n1CNyj6Zj/jX1P74tAAO6K0kcLmkDjlF24yp2Pr3RF4smc6z+RwpNPcHRYLi4/cqMkwZOMqbTXXqbYvhl1FeojjU7BUhlylJDmzBzfTKzphGxGE5pez6DgoJRTOlR5KyHbNZDcHHGr81LjroMAB+6xTZ7kM6ACFLiu4DcTQuDxz7pMqsnSp8w0+WbBk4duwohlfznGFk473lwa12j78KfBeHO8r52gfdK+M6cPKQmuy9ZXTREAuyPRSW1sUoAJwVUMqWPAOoEojQlyrZqjqZP2WTxFK0ggOB9VVzUZp3mSme5p9AdlIjcexTnSaz5m8KlEv5N3ZCbXVNO8GeTb3VjDconNBD9z6KNJFBJ9TP1KgyUrozmInBOyJwz0V8rj7NDFXsz5nn9VOgq6eYAF2SsYKqVjgHEkKXDXx4AMmCh2DIayOeTWuIO8ZwD3TRUzN/EFTQV7ywCOUlSmXENA1tyUG00R1MJdMs23OKMaal2jPfshSWa23A+O0hj+z4jg/mhsmpKlml7Wn2co8lGIzmCV7AeACrcWwvlyTB/GbVy75qAcf1AKXSXyknIa/MbuMO2VZFcbrAdD9E0QHDuUm3ezVeIbjSmM77gbhWuBdk4fs0rZGuaO4HC69gfyqKFstB/PoKoVdM7/hud5mqzpbjR1bAYZRk8tJwQU+FjRkshGYV9PGN2hAdG5pO2xUgjB5ykQCPstMLcnO1GkjNcGdvXTVpurCKmlaHn8TRgrFXToest+qW2ya2c6CvUJIQTlQ5GFxwOy30auUHwea8j9P6XWxxYuTx7w2yF0FVHpe3YghV89KaSQyQBzTyC07r1e7WOgrmlz4GiTH1NGCs66zNp8ieMFvqurDVxmuT5p5T6at0WVTloztr6hqoHASvJA7jlbaz9UeMAySQOH7rIXPpmVjzPRnLTvgKtp/m6SXz6mlqfDE+jxeo0sovE1hnscdQJOEUHK88tXUMzSGSykH1WsoL3DM1rJDv6hGlg5s6mi2HKKHkNzndRg5pGoOGPVPz7qxGGH8ffGEYPyM5UJdEpChRN1FFbJp7KCJxwQjhwIyoUyBcLFHPKauieYJ+QRxlRrdfZ6ap+Quo0yA4DjsCr1pCg3O2Utwb/NYNWNnY3Chec8FpDVF+3KlNfq7LFU1wrLLL8vWNdJE0+WQb+X3Wooq2GqjbLC8Oa4eqEXKP6LLGQm4IPCY2VpwEUPyoAIHHZLA9Ui3Y7oXmzwoUHTc5TQ4cZRM5UIBezZQpIjk7cqyIygSANxsqZaKipptWxaCPdea9ffD6muUclXSwhrzuQBwvV52gtJA4VPIQ5xY9uQdt0icNxu0t06ZqUXg+TL905U2qZ4MZ25GFRkaQd19RdX9CUt8hc+ANbJg4yF4H1j0RdLDKZXQnRkjZc6+jL4PaeO8pG7EJvkzEcxDlIl0uaCMKDvnOMYRWzEYGOVzLasHpqNS48Poa9hBT2uOyfkEZKHjDsrFOs6ldsZ8omwzEAKbHLsNwVUh2FIimGQlm2u3HBcwv1DfuhVMQA1AINPNjCkF4kaqNGckQDkLo8rgQlICDumg4yoWTI5CWjPdOcS0gqNHJ5sY5R3nWAeMKDa5YJdNLoIGVbUT9W5KzbJPOB2CuKKTAB9lDoUWezTUspwAVPjk2GQqOjlBcOf1VvE8aeMqHYos3ExhBxhPUeInuioNpsTHpJJKxgkxPTFAGNLGkHKr6una4KxPBUZ8ec74UM84p9lBVUJyTp/dVdRE6J3qtTNEHDGFVVdIXZwMKHO1FK7RUiQ75CXiguzjhPkpyzJxsgDV6KpLBj+5FlR3GSB7XtPHutRb7o2pa3Uc5/ULC79jjCl26vkheOMd1ntjk6Oi1sqniTPQWOaRkFFI1d+FR0NxEwGFZRVAOyyTgej0+rjNcFjDO6E5/daW01xqI/De4EtGx9lk2vDgj224mjqQ55Ok7FYrK8nb0uoS4NsOV2ZgkaOyFSSx1LPFjcCCpIOntlYpROzB5iU1bBp/D+6ztbCY3mQbHstlWQ+INgqG5UYfCcDcb5QCrVh5RYWG4Nr6PwX/AFxjBT3F9HUAjIGcrKWu4OtNd4js6HHDgtrVCOtpW1EIG4DgR6KBU2ZeC2ie2eJsjTsQj08xh25B7LO2yvdA7wXnbKvA5ruHKKOezWQr5b/nB8xTgB7d/uo9hri+N8MzvNGcK3JHBWVuIktNxNQxpMUn1D0Uxgtz2M2MM7TjBGE6thbUQFzcam7qtoZop4WzQyZBG6sISHjGUA6Nm5ZO2eqA/lPO4VrLh7Q3IIWZex9NVGRpwM5wriCqEgAQYGxnuK+Rxp6slv05xhTGv1BcuFOHxa2jzNOfug00uWYPI2KiGPoiXSIPgOOV5zfaT5eV8gb3yvUp2iTGQsV1PQt/mELRCWDmeQozDKKTp6uME7QXbZC9OgqWSRjTvkBeQxgwPDm7EL0PpmvbV0rWOd52jCYY/H6jH+ky9L+5SY/J3Ued5a/RjhJsoB3CW1k67nngHXROLPFZ9QO6aNNVSlruQMFTJMOhdkdioFMQGnB4K0V8Ge2KksHn91p2xVcsYGGk8LCdQUYgqdhgO3XpHU9MYa0OI2eSQsX1LA1zNRHbYrv6C1QaZ82+oNNuhOK9GOnOCAr+3zZhYAOyzczj4xYR9Ks7ZVaY2hw4XuNJZvjk+Ceaoank1NOctOVAla6C5RyM2JcM/ZTadw0j3QqwBrhPpBx6razz1csPJNupxioHoru11GqlY0AZO6z9Yddua/J39VY2KY+Ax2OOyRbA9J463c9pdPwWkHbbhebVLpaHqghhw153/VehucTusX1dHHT1sNUxnBGSkPg7rWxbjQ1THTULHjfHKr45TjSQptHL4tv+7cqvY7zhnqlsfVLcshTkHKdCfNshOGDjC4CMpTSNUZYZaRuyzdR5D5SE+nOWcph+r80pm2LyiCfK8j0USQ4ndg8qRVgiZ2OFFkIzklLFzfI4ODeUaCfJDeyjTDhBa/w3ZS5LgZXZhls92GZVLXDLgR3Knsn1N37qFXM8oPqkp4ZqnLckyC9waRvys31YxuqGUDBxuryY+YEnhUvVI8Wja9v4ThMRy9e80tGcBzuE48JjSMAeyeeFZ5ojHlIcpHlIcoiBhwnM+oJo4TmfUFaAJcO2EYDCBDwFITs8GezgceEA8n7o54P2QDyU2MsIE4nk4HCYnO4RPkIFIRq5TofqQJM6kSMZ2CX/AHC/sSZDhvKhHd+6LMScY/zQRucoZNYKOrmMuC6iQt1OCx2ywsmuiO6aRY26Evw0Nycr1vp63soqGNundwDifUrznpumEtW1pHBC9YiYGxtaBjYLz+ttzwfQfC6fat4RuXyAAKdE0t5UWkYNepTlw7pbmewpjiORw4Q586dk5BqCA3KursZN5Ketl8afw2/S3ZOjpz5WNbz7oFL/ADKxzyPLkq6t8PjVDXafKCvT+Moytx5jy2qVVcpMttUdttpeRgNZkrPdPUT73fTcZvNDEMszxlWXVVZJDRtp4iP5wIKt+k7YyC2R6BhzgCey9Zp68I+Fed8lKcmos0tJE3SHYw1qs6GMzSDbbPKhsADGxt+yv6WCOmpw/TvjK2fieInPnLA3Spjo6ckEZA2WbsFFLfb3478+HA4OcfX2/wAky/3CSuqhRwk6nO0jHqVuelLJ/CaNgO7z5nnHJVPoGc8Iu2Na1oDW4Hou5Hqke6jSSiMFzilJNszylvZEvNwihjMTTl59FTWu3mtqgXZLW+Y+65cHCapcWjO60vTtD4MQlcNzur6Lbwi8oKZsEDQG42UkprZBzjlPLtshLlHImTyPTJH6Rgd0x0+NsKJW1kdJTvqHnOngKsNESyU/V1+/g9L/ALu1rqqUaY298nvhR+i+mzSskvlx/mV9Zhz3P3LR6eyprHTVnVd9lu1X/wBmpn6I8j0XozAGjSOAiG52nA1Arqr5ePTHvK7Zo9PdHlk8OJ0g3wo9oozWTurqjfScN9FCi0sduFFAahxzNNu9x5+32U/xM7Jj34AAXI43FWASGps8rYIXSuI29VwDSMrFdX9QOnd/C6d2JMdj7q2y0slP1Bdaq8V7gXnwoyQ1oOywHVnUErybNaXOdNxK5vb2Vl1VenWikFHSvBrqjhp5AWGu9zh6Qtk10r5A+rnBdgncZRLg30UubwuzPdcX6n6YtrqanPjVE22AcH33/NVPw06Kku2L3cmjDyHMLt8qF0Z03ceurn/G72x7aRrgcHv6DHovaqKCChhEUbcY5KYdu696Ov4Y/l7YWOngt9MGwgaWj05KLTVNHaKCa/3eQNDfoLhs0eqZR0fztQLnWuEVFS55/EfQevC8B+NHxRqOqKk2W1T4tsbsFoGzscJN08GTQ6KettUfRRfEz4h1/WNzf/OcIGEhrQdsLFN2TdLjuiMBysVkmz32lojpavjj0dA9UVuMei4MYGya/wC+EhvAzs6SADuo8rxnYhcmfgbFRW6i7lC+Q0sklhLiD6I7QEOIYbujtURU8+jiSckmRWRI1EcuF4xkKJNXxx7HcqpzjBcjVHdwSJZQ0Z2VdPW7Yyo9TWOefKdiokhLsZKw3ajd+JohXgJLUOkOQuDH9WUJJjSTglY5Scux6WBJeIfROwEhpCLBZzB9EsFPEgAxpS8Qf0qcEGhuThE0jA7oer2TNZUzgMOG44OUsHIKDr9l3XlM3ooPhoGMD9V0Bnt+qYGSEZThHITypvQO1s7kei7q9l3wDjOEvBUIdyPRLOey74JS8EqEOavZLV7J3yx/q/ZIUzj+P9lC9rYMO34RARjhP+Xd6J/yzvZGTa2ByPRLI9Ef5V/sl8q/sMoclfHPtggG9xsn+HRHgkOS+UqOdKQgmB3jRFqMvaEYG/hGyY6mGM5Uhsb9PCIGEFDKWBijkrTTuBxhcMLmjOnKsg7G2nK6HtzuMIVyGq1Loqix45aU1XIbTO2z+SXyVO4fTypkn8aT6KlJWclsaf7kcqPJap3DIxspkp6eaIRGEkY0c0ZIc08ZUcO34UyivjkhySXPCWCrAEkkBld0+6vBDi61DSQvogVhPCKCMILU4cpMuwAqS4CuoiCSSSRxj7IMSSSTCD0kklZBJJJKFMaO6dnG4TWpyNNroWy8tN98HEVSCW+oWiYWStEkbgWkZBCwB9cq6sl6dRnwpyXRn9kyuxvs5+p039UDR6fdOwU5pjnYJ4DlpGU7AxwnHLbbGYCWAupKF5AuaOy5p90YjK4W7cq8BgVwZByCnEHK5gqii1tNY/Pgyuz6K0e1rgMbrNRPdE4OHZXtuqRURbncJ0VkzWw5H6QeyHoCklpyh4wnJJCkyOW4XNPupBGUtPuhyHkiub7rUdBdRPs9zbTTSZp5jgtcdh7rPvZnG6E5pByDuO6ODwxd1Sti0z6JIDhkJun3WR+G/UTLjbzapnETUwyM9x7LZFu3K3QeUeZtrdcmgKS6eVxECPSSSUIJJJJQgxJJJQg1JJJQgxJPSUJkYkkkjCGLhAwupKBgXNOTgbJM+oIxA5Qg06s42VF5CYy3dQ5m4zspo4QKloIGArKK93KCjvBygKB5wBkGUzARHpigUZZ6Mj1dQlmKiNm3dUNtlLZ2g8La9SU5moiR2WDa/wAJwI5CzWHUo5jhmmjeOyKoNvk1xB+cqchBksMEkkkoWMSSSUIMSSSUII8IZaSeERPa0eitdkRf9CyeHXyNxy1egA5XnfSTcXAgHsvQGkeqdHo5GqX+owqTWn1XWpE5RpZMwRI7jCSTvpP2VkMN8WJg2joofXdYGzTCGsje7u7C2PxaeDUUDAeI25HvusRS4ErD6OWefZ2aI/6GD2enOqCI+rQsR13TeUlowcrZ0DwaOA/4B/ks91lTiSmMh7qJ5Rkql8dxQdB1ssNW+BzwWkArQX2kbBVeLH9EvmCxfTchhug54/1Xod6pXVFFFVRnLWAAqLk03x2y3IzCSR5SQEQklzISyFCzqS5kLqtPJBJJJIiHpzmOY4jGME4I7brZdJ9XMMf8FvmJI3DSx7vT0KzDy1/4cKNJH3aN1+VpSyf0FN1cLdP09K6525xfSuOrA3wtFZ71BdqZsjJBqxuO6xXS/VPg4tl3IfTPGnW7fH3U2uoZ7BMbrayZKR51AN3GCszjktywbk79k12Bg4VNaL7HcKYShwJA3HorZs2QDjlXsCGSQtlBGFTV9Dvl35LQNcMFCqGRTMLHMwexVBmIrKKSB4qqXIc05wFe9OdYvdKKO45AOzXH1XamiLRsO3qqCsocOLmjdULayenubFVRhzSHA8EKouNip52ESRA+4CyNk6mqrJVNiqHukgfsQTnH2Xo9Bc7ddqfNNIHYGSCdwpkDmJ5dc7NXWGoFwtriA0+YDuFd2HreOZwguALDxutbcLZHURuaGAjusXeOjmTZfB5HjjGyhfZugIZIw9pyHDIKrLlTB7TwFi7T1Vcun3fw65tc9jDhrjzhbq23agu0eYnNc7GSDyp8hSRka+3AkloVFV0BaeF6XXW+M5c1o3CzVzt7Rk4xuop5LMRNS6fw/uoU0enkLSVdFhxwFUVVOc4xhOTygmsFQQWuyBsE35iZh/lHSpb4djlqiujweFbWexclk9T6G+Ksb2Q2jqNrgR5W1XbHbV/1XpwLHsbLE9skbxlr2nIIXy3g42Ww6N+JFw6df8vcC6ppOA3O7B7LNZVnoXho9zc1r9nDKq622uiJqKfdvLm+imWq6W6/UcdfbKhssbhk4O7T6FTW+QjIyFlnUVvM21x3GN1LhkLHB2FOrra2od4tLhjvQqqeKmmkDKppDTsDjZZXAn5GioriZGBjzuOMqeyTXj3WXilLSHNKsKa4FhAfkhVhguvJomNGM55TwB6quirWuAAJUpkmRlUZ5xwySyZzSpUUgcANlABz2RGPLSoZpLJYJyjRzAD7o7XhygprA5JJJQoSSSShBqSSShBySSShBJJJKEEkkkoQeeEzfPsnrmAoQ6PdJJJQgl0E5XElAA3le3DgCPdVlTZonuM1I4wSerTsfyU5226TZMbYV9BdFK6esoHaKyn8RvZ7QjsnpasZhe0O7g7K2IDxggH7qtqbLTTO8SImF/q3uqL+TkDJF2cFHlpYnjBHKK5ldR+Wob40fZzeVxlTTTnEUoyOx5UIpYKya3OZl0JwfZMgr6+hd5iXNCuCM7IZomyA6sHKg1T9BaS9wTgNkw0qyBDhlpyCsxWWx8J1xDn0UenuFdQO+pxaOxUL4Ni5d1Y2VJRdR09QQyYaHK2ZNHMA6NwP2RgNBwM7rqEDg8rok7YVpg4HkZUOttlJVtxLE0k98KWHArvPdTshkK/piogJmoJCMb4BUehul2t0nhzEnHYrbPZjG6h1VupqpuJIxk9wFQBFo+paefSyUaXnlXMNUJPpw77LLVHTcgcXQPGO2VFjdcrbNqBkGNsjcFQpRybtrg5NIDuQD91m6PqiAENrXYPq1XtNW01QwPhmD8+h3VoXJNEO4dPW2ry4xeFIf+JHs4KsFJebLl8TzWU/YfjAWkMuTxwiDB7KiYM/TdSUGWtqHOgedsP23VxHI2o3BCi3Oy265s8Orp2uB4IGCPzWaf05een3eNYqszRDcRSknA9AoGlk2RcYyADyuictA2ys9b+rIZS2lulNJSTjbLh5CfYq+jLZQDG4OB7jdEA0SBN7J+oHuEDQmgHKUDgkswO/KdLTQzD+Y3OECPIxlHEgCYDtZCntMTsmLylVk1FUwHVpyFo8hNcGu2KDBZmmXF0DsSO0KwprlHLgMOSptTbaKpZpfGN++FUSdPSxSF1LOWhGDlSLcTkjhGimcNjuAsu6S50MuZGuc0dxup1Neo3+V+zvuryRou/EhecvjH3wugQuOIped8Z4UWGZkzcjByniJudWFasF4Yd1NBLnxGB59UE0JjOad3hp5FT/AMEjb1SbUVI2nbjHojU0VkGKisp5P57fEZ6hHcKC4DTUwRytxghw3H5pa2yDGcH0KjyUziQW4RxscHlAzWTNXv4TdLXpp+WjNI5xJJjA3P7Lz68fCC72WT5i03CV0kZ8rhkbL2fw6qHzteUVte4D+bCHH7LXVr7IMW8ngsHV3xA6ZeIJWmQMOCXjstRZ/ji1zWU9xp5Y5O+BsF6bVW7p66tIrKNmt3JwsX1F8ILPcHuko5hDncEDOP0XTq18ZfmKkoy7Rd0fWXRvUsTYpRC+V4/FjP55VR1F8CfhP1s0urLMyOaTdzon6cn12XnN4+F/UtpjfKxnjQ74dHucKpt3UHU/TcgiiqJdEZxofnZdCrX7Oa5CZ6eM/wAUd6m/sPUUc8s/SPUYiDvMyOcce2c7heQdSf2dvjB01I9k1mFXG0+V9P5g4evC+kbN8ZbnExsNXNg+q3dm+KVBXMYyocwOP4s5C61PmNTB95MFmicfR+ddztl3tMzqa822alew4draVXltvk8zXt1H2X6b13+wvU9II7pQ01WHHLiWg5Xm/U/9lz4O9WvM8FPNbnO3zTuwfz9V2tN9QRjxeY7dFJ9I+EfAc4Exux6IQFzgOchzF9RXz+w7XxF8/SHVjDEd42VIzt6ZyF5f1F/Zl+MvTbDK+0Mr2tO5pJmvA/ddejzGmu6lgy/xLE+jy+SvkjwJG7/ZFguVPjPB9D2U+52LqeyHw7107PAW8uezZVH+5zPIdH4bu+Vvhq67PweSnTJF1T3Q6AIagjPAyrGm6iuULBG2pcQON8rKfJwfhlx9iusjkjOYJySOxKZvz6JG+yD4Z6NSda1LYmslGSO6tqbrWEhonicfdeUx3KshOCAfyUuO/PyBPEceoQtpnSo8hbDtnsFP1VbZWHD9LvR2ynwXCCpAdHKDntleNxXqlkOPMp8F4ZCA6Kd4/NBJZOjV5ST/ACPYmSatxunDUeQvLKfqeuj2ZUP9t1c0vXFxjDWTsa9o743QNm2Hka32bkucPfKfG7bJCzNP11QyYEsJB+6taXqO1TjPjhuVDXDWVSXZaMLXHBGyc6CAjOjlBinp5Gh8c7C08bopOeEOMDlNSBmlh5DVxtGDwOFITo+6voIjCjI4H7rj6OQjygFT8BLgbKtzJgpX0dRk+RAkopTkui/UK/EnmxhEDgRwom0A4JmSfa4HkiSmZx3aFX1fTVBNxTM98DC3JiYTnSP0QX0MDnasYRqwTLSwksNHnruj7fIfLqjd6gnZR39I11OdVHdZvYFxXpP8Pg9B+ibJbW8xtAIV/KZ56KB5syj6uon5gmbO0ctdvlE/jnU9Of8AebKZGj+hehiilDSNDd0P+GyOJLhsUSuwJloPakzDx9VSHartFTF6nAUuHqaxPaI5Q4H3buFrTaKd31xh2echCk6XsdQ3+ZQxk/YIo38iJ6OxcRKOlulmqXaKeoDXf4nYUttPU5zFVyNb2LXIkvQ1le7LINH2QT0fVUw0W28VLG9myO1Y+yP5zLLSXQfRYNqaxseidzJQBjL274Ud9PbKvAqbRTP9y1Rounup4JNZrWTM/pcFJZFe6U/z7YZG+se6OFvORNlKf+5WyLU9H9MV7BqomUrhnDos/wCqop/hPbZCTS3gRn0eFqnVUwA1Wmt2/wDoaeyaKTDtLmnuHNIITf5Ml0ZZ6CixfdA8/rPhRdIf+y18Ew9eFT1fw/6npRn5MSN9WL2Bk8AGBIAjR1LgcB/Pur/k2e2YL/C0z5jlHgdXZLvb266yikY310qIQ5gyWEfdfRZdHKCHsac7HZQp+nbBWb1FBCSeSWjdMVz9nPn4aceIS/7ngLZy3YhNL9e+ley13wxs1Tn5fyatxk7BUVf8IK6NpkpqqCRv9OrdNjfW+zLPxWpr5xn/AAeafy++EeFtDJzPh44V9W9D3Ogc4VNslw38TRkFUs9Hbm+WaCZh4zg4RqUJdMRttrf3JoIBPj+VOQ3spVNdK6n8r2CQDvlQW22TH+73Fug8BztwgupbnE85aXjsQdijdUZDYa22L7NNS3oSbSRaPuVOZXU7hkOWQppCAfmHGPGx9cqSz5iR2qnlxjuTyg/jwOjT5O3pmqZU0j9nkkpzWtl2Zus5HW1UJ8OWnBPqFZU1ZQyxgl0kD++yCUEuDVDWufZLmtvBON1CltM2s6MEeyneDLMAW1Ac08bojaaqI8PWcdjlVsyW70yma+ppXkYdsjRXV2cSAkqxNpmzqIleD+aT7K2ZhaWNBHqN1PhTZfzSj0MhrRKAWqXDXzkBurI91TTWOqjJdC97S3uFELrpSS7sc9XKnCNEda4dmsbVvI3IC49zZN3aT+SzMd2eTiQlp7hWMFaJQN90CpwMWujLssjBn+7mdH/ynCFJT1WRofgjh7dihmUgBdZXPZgEZHoi+MP+VFdkukv11osNrIvHY3bLPqx9loKC9Wyv8sFSBJ3Y/YhZ2Oogn58rvfZNfbIag6mHQ8fjZs79VajgTLUv+l8GxeDhBETXZ1DI9Fl6WW80D9AqXTsbwJDlWNP1HS6hHVh0TvtsjTwZ7LE/yLGeCPHkbhQ6iha5mXMDh3BCnslhqWh8MrXj2K45mRynQkZbaa7otMzbqFlPMJWZ0/0nhV9daaGtyTGI3nuFq5IWHILBhVlRRYJcwbLfVfKLPIeU+nKrYuSRhq3p6ppSXw+Zo4wokNXVUj8O1DC3D2OaCCNvdVNba4Js+XBPcLoQvyuT53rvBzpltSG2+/zta0+JlvoVoqW6iZoJHPbKw09rrKMl8Pnb6BdprnNTuDX5BHOU5PJ5vUaKVUsSPRmVAeBtjKLnIKytBeHFoIfkemVdU1wjmwCcFGYJ1OJM14PKOyo4bsooc08FOAPqg3CXwTg/I5SzlQvELSOUVs2cDChAksEczCyRocCO4WclFV03UOmYXPp3Ozt2WkEgKUjIpWlkjQ5p5BGVYSZ22XmOuDHR7Z5VwyXOAVgrhRVVnm+Yoy4wF2dI/D/6K4tN7bUaTI/257qA2V5NY14IXXsY8Y7KDHVxlo3P/VSI5g4KCXFo4WCI+QcrrJSdiMIwAPKBJH6KAhsg91xwyEABwKICMcqEBSxE8BVVRTGKTzD7K9GO6DUxRysIcPsfRC0MhLBTsjzg4zhVV/6bob3AYqmJmcHBIWiZT6DjGV10GOBys847h8LHDlHy/wBffCuusRkuNCwyQkk6Gt3aPX7Lzggg4OxC+3K23wVkJhmZnK8e+IHwVbV66+ylschy4tPBWKzT55PUeM83Ff6V7PBXbADK59lIvFpuNnqTT11O+MsOMkbFQ2OyD7rm307T1+nvW1Tg8ofsPROa/J5CAXZSBI3ySsLqOpTqovssoZtIGVMiqSSAQqeOQAAZR4ajDuOEB0a7sltIA8AhR3NXYZwQB6o8jCWjAVGjPsACMo4IxyopyHYT2k4UCUg7Rg5yp1JUdlXtOxCdTS+FJnsVDRVY4vBpqGYlwz3V/TyDA4P5rI0c51NCvqaTIaQUB2tJZwXsbwRsiKFC7YFSmH1UOpGQZJcG66oHkSSSShYw8KM9p3UlNcBhQXP9kMt3QXRNIUt7MHYIOlQRJZ4KmqpWu3A7KslptI3C0ckYO+MqDNTjP0oJrJlnQpdGfmYYz9OyGCWnPCt6imBGzQq2enORpH7pcomKcHWyRR3GaNwAOy0lDcWyhoackDdY8DRueyPS1zoJQ5hwR+hSZwNmk1LrfJv4aguABCI46sEFU1vuAnjDm8jn2VhHOCN1klE9PptQ2sl/Yrw6imEU7iY3bfYrXsmZJu0grzVxWn6fu8MrRTveWuGwysN1eOj0Oj1n9EzUgg9lW19JIQ58Y2zkhWTNhulK0FuOFmOjJbkef3ukc06wzAKvOlLuJKX5KU5czYZ9FIvVvbNTnS3cbrHwTSUFa14JaAdwqMrTqluNvUwmOXxGjbkKyoKtsrQAdwMEKDBMyuomyNOThRKed1DVgOGz9lDdCzJpnF2OVEq6WOujdFKOQcH0T4589uV15O2AoMn9yM909Wvoq+W3T7YJAWqhlIKyd+p3QTx3OAYLThyu7TXNrqcTN5A3QrsCFjitrLKpy9pI55XaGYtcGO7bLjZA4EY7IBd4TtfZVJGqEi8PnZznKq2vLJvDxs4ndSaOqGnGFypi04la3OShwx65EqO9UZlDnluQ7b7K3ZMDtyhVkYlj0Y75RoG9bo4PLrlA6mnLOBnZWfTFxdTVLW6sAnGEbqGhOXODeOCqClldFM05wQUxHmMOjUHrcjQ8NkxyNyo7/KQRuhWiuFZa2tJ1PAwSiFpwhO9CW+OSU0h0RIOchVrSYptJ+lyk0kp1OYdxjKHVhpOR6psXhlTyZ7q6AOjbI7twfdY65UzaqkcNPmaMrfX6OOe3HWMkDlYrHlI+4XSok+MHkPMUZnLPtHmdxh8OckNwcEFBpalzTjHdW93h/mvOnYZVCz6iR2K9142WakfBfqbRumbibWklyxoznIR6tv8AuriBlVdtkLg0H0H+SuXMzSuyOV2I9HgJp1ywMDjNaGu9NkfpyoOHsIyAdlGto/lTQO3YNx7KNZ5HQ3J0bXeUnhVbydbx12LOTZl4LDssr1fTvmovFYMmM5/JaWLdpyq29wGSke0d1mZ6784YK7pSofVUmmRw+nGCiTtMM5aRwVT9M1LopJaYghzCQfdXVWC4g43Sn0FRlLazjnBzcoQJ1crkZyOVxxAO6zSyzWngsaJ4IAPO6dLjxDgYCh08miQOypUjg/B4ygNVMskKuG+VWOcdQ3VrWYIPsFSyHDjk90E+GMaDvOw3UadxaQQiINQ0uaMIW8oQ20wtNUFwwUWqIfCdtxwqxsnhOUwSeIwDPKU0Pjbujgqapxa7ZVV4HiW6QHkHKt6sZcSq2ZofFIxwyC07IjNqfui0Y9pOQM7I/wCFBDSH8bZRvwqHnGBPKQ5SPKcG78oiBGfSE9v1BMZ9ITmkBwyrRT6JLOE8cJjeE4HCallGWwcmJ6YmlM4AcpxPlXcDshuyMoywTsZRo0E8oreEtlnTjG6juO5CdITnlMWeTyyMWM7KVRR78ZUVucgKyt0RkkEbRyVi1M9scHS8dW7LVg33RNrjeBUOGdJycrbqssFGyit0bA3DnAElWO5kGlea1Mt0sn1DxlXxwSJ9NGGMB7o2QgQ5LMZXW533XNayzuR4WAxUCvk0ROaTvupkv3VNWzg1LYmnOeVs01e94E6ifxxycomAQBx+rJWitbWNpRI7n1VPT05OGgbKwrasUdAWNbg42XuPF6bbXk+YfVPkJRplGPsr9M936oZG4fyacBzh7L0OiY2IAMHlWU6PtbooH104JkndqyfTsFrqXJOlrSc+i66i0uD4nr7XKZb2ymNRMHOb5GblSL9cm0cBjZjU4YA9FLo4fkaIyPwTjPKx9dPLeruKSEZJyAmHNXK3MtOjbM+vuIuM41MYSQTxlek4AbgcBVFmoG22gigaMOwC77qza5FlC5S3CPKqLtUlv8pqs6iUQxl6oZs1UpcOSgFDrLQvrKlrnt8gOStixjY2hjAAAoVoo20tM04w5wypyVNkCDlFYdtygrhOBjKiWQAkrwOeFi+oKqW8XCO00jnNaHZke07keisuork6Bny8D8yOG2PUqR0pYm0tOK2qaXSynJ1cp3CQSeCztdGygpI6aJjWNYOAOT6lSnv0DjKc+Rrdgo2S48JeOSM7HG+tmbFkhucnCumtZTRiNjQAPRCo2QwQ6gPNjcpNldNKcqAhWOMjgcbKWAGtCBHgbqPc7hFR0b5XnGBnlTJaWSt6sv38Mp/Age3xXjjPZea1VyFBT1F7q3ZleSIwVJqrhJeLhLcJcthhB3cdiAsdPVVHVF3OpzWUNG7UezTjgf5I4rPJrqr9kNrYmCp6t6il33cxrncemPQLyx8tf8UOpmuw/wDhdKSPTJ9T7bK/+KN7quorlF0bZhmPZs2j3K03S3TtL03bIrfTMAcANbu7imY9Ha06jpa2/wCt9FrbLfS2qmZR0sYbEwAYAxn7qyho3XBwxlsLD5neqZR0UlTKI2jb8R9FifjH8S4ekrebFaKj/fXg7s4GP/moJvCMtNU9db8a7M78b/iaGU46LsE2iNoIqXsdufb2XhAl1uwRwuSVU1TKZ5i5z5CSSTklcYfMNlz7Jts95odHDRVKCXPskta0gbJ3lByAmt+kJzsNGSUJoec4RwnAyoc83YBEmlHCiDJckyngZGI4l0h3CkQwgeYjdKGIEbhF+lCuS28HQAOF1JcztkJiSXIOMhRt3Qpp2sG5CDNWtaC1Vk8zpCcOSrL1FfaNrqzyw1XXnOInKA+Rzzk8ru3qmh5yVz7rnLs0Rgl0cJyuJJZwkB/iO8R3ouBxHDVzUP6Ui4eihDmsruD6rga53DUXwJT9LUzDZAadod6IzKOTILsAIuhrMbcJirI+CKIneie2DJ34+6kbeiZpKr+xW8e2np8ZLN11opGndmCmYcuad9wrJkNrYPpbsl4g7DCaGpafdUTc10d8R3fhJdwUhHg/SmKBSlkWCiNaQckJ0be5CKGjG4UGxQzORxhOjHc9k7khEDMYOFQ7CRzT7LrW78IgHqlgKm8hJLscGNwEtITgcbAJZHoh2jE8HDwh4OURPLQOAo0T8gYjBGSEvCb6YR2sBThCpwhirXZFNIHf/NXBRnPH7qboKWgqnyNVZEFP7BIxOG+lShEQUTbH0ocDFVkhZcNsJ+Hf0/upPgj0Cd4YVYYxVkV8YeMOZkIbrdSvzlgyfZT/AAhjZqYIiXcboWnEF0xZVTWPG8Jyoc1BURN3bkLTtiwPRNAH4hlEptCbNHCRjXMdGSCD+acDla2egpahmh8IVTU2B4BdTSZ/wuTFYjJZo7I8xXBTEYXeEWSmnhcWyROGPUJg5RYTM8oSh+RzSR2yuavZGGCBsuEY7oXXzyKGNyNs7Ig4QgfNhFHCqUcEGpJJIiCSSSVyWSD0kklRBJJJIyDEkkkQAVJJJWCXFkur6WTwpXZjPqtUx7JI9THZB4Xn7Sr2xXgQSCnqHHS7Zp9EyqzLwczUUdzgjREHPC4pIDS3IwR6oRGCtJzk30wKSJp90tPuiyHkFgJEAdk/QUtBVcEyAzzsplsndFMBnYqNp905oxwUxdgyjuRp8tlGpoQ3Mxug2mqBYInjJKsJYhyAmrk588wlghaT6JYKPgJEDHChcZ5IpBwhOBB4Ust34TNHsrGMNYbnLZ7vBWscQ0ODX+7V7rTVMdbSsqoXBzZWhwwV4A6I4Xo/wxv/AI0clmqXfzIxqjJPIT67McHN1enUluRuDynLpGENaE8nHHpJJKEEkkkoQSSSShBiSSShBqSSShQxJJJGTeJJJJQMYlgcpJKBiTZRlqcuOBLSAoQrpgAdlCPKnTgg7qCeVBoxMT0xQtcEK5s10cjcZ2XmdSSJ3xEY0lepTjLSPULzK7M0XSdp23Wazg6Ollngt7U7NOBlWQ4VFapC3SM7Dsrlpzv6oE8jLVhjkkklYAxJJJQgkxPTFCD11q4nM5VoiLzpIH+IH7LctJWK6SA+fJ/wrZDkpy6OXqOZslsdnOURRWqQ1MMElzwOXDwuppeGjV/TuVBi7PLfiZOZr7HCeIollY3aSD6HKsOq6wVl/qpjknWQN+yrGuyDss8+z0mnrSqSPXrHP8xbYH5/AMhEu9JHVUEjXjJG4VP0TWMqLcGA7x4aVoJQHDB4KiWUce1bLjyoQGluoMRwA8L0pzg626Ozmj/JZS+WZ8deZYm7OOVr6Fp+WjY7kMH+SiX7GWWbsGSlgMT9DjuhuZgcqbdW+FVu2UR5AbugGx5RHJOUslI8rigR0E5RARhCXclQg5PTE7IVt4Iez1lqqKOQseNQAyHDuFAc0k6V6XV2rxmYLAstd7DLEwyxx/svykrM9n9B9uTMSwZG3dXvT/U1RRMNtrsSU7tgHb4CqXRkHBCFIzbI5TAJReTQXSmntErbraHa6d3mfGDwrrp/qymuMbY3kNcdhk8H0WXst5dSu+Vq/PA7bfsjXawTxO/itjGqP6nsb2VSRcT0WObON+UUnK8/sfWI0NgrSWvacZWupLnDUNBa8OBQSWBqZYvjY4Ycq2tt7SNUbVOL9QyF0nt6pbLMvcLXG+IxPbuNwe4UCiqq6zTa6aVwHcE8rXVNMJcEBVNbbDyG8ocFNZNRYOr6GvhYKhwZKPKfurx9NBVDOkDPcLx2SmNPKXRuLSd8D1WksfW1Rb3tirWmSPjI7Il+gJRwaK9dK09bG4SQtfscHG6wpoLv09V+NTBz4mu4HOF6zQ3Clr4RJDIDqHHdNq7VTVjCHxgH1AVNYKjIy1q6pprizwapxjkAxh2ylyRxPBBaHNPqqK+dLz0tQ6WFpAG4IXLfepaYNiny4N2Koj5Fc7QS8vhG3os/WW5zORghbuGrgrY8ROGcbgqurrW94L2gHurU/QRgp6XTy1Vc0eMghbGst5H4RwqOsoSDsAE5SyU1gz72kFCVlPT45aoU0JaeEQOC16Z6muPTFV81QSHDtnxn6XN+3qvaOl/iBaOpqaNjXiCqx5o5Djf2XgGkt5ToppYJBLBK6N7TkOacEJc61IXOH6PqRj3A5ITpmQ1sZgmaBng+68o6N+Kzg2O2dQgbDSyfVz7H3XqdFNBWxNmp5A9jxkFu6xzpaYCi0VdTb6igOuMl7FyGYPwc7+iuXZYdJ3+6h1VBBUjXH/Lf6jbKzuOGTfyKGqLSM7K1pqzIA2KzRE9M8RT5x2cpdPU6CMnZBgqaUkaRk4HAG6lAhwyHBUUNU14GCVOhn1Y3QGWVeCeCR3R4ZicBQ2SjujAqhEoZZZMcCOQnKvimLTupTJmqAShgIkuAg8LqgsckkkoQSSSShB6YknqEGJJ6ShBJJJKEEkkkoQSSSShBJJ6SvBGJJJJULZ0AHIIUKrs9JVHW1vhSf1M2U1qe1QrODPyUtfRfUPFj7EcpkVfGTgnSfQrStA32UKss9BV7yRaXerdlA4z9FcamMjBwQmPbR1LSxzG7oM9mraFxfC7xov6e4XIpKcbA+DIOz9lAlJor63p97cyU7s/ZQIqq5W131OLRyFpRUVERy4B7PZNf8lWeWRga4oxu4r6LquMuDahuCr2nrKapaHRSg57LO13TrXZfCB9wqh8FxoH5jc7A7KESyegl55Gy7HKSdJCyNv6pkYRFVtO3qranv9HUO0atP3UJhl8Hg910jKrY6yFx/vQprKppaMEYKvIDQXSCMIL4Wv2IA+4yjtfkZwuEZUwV0Udf0tFODPTgMf3HYqsdRXK2ASxZGP6Stm3uhuia/Idgg+oVAdmcoOqCHCKsZgjvhaCluFLO0OjlBz7qFXdOUdT5gNDj3AVHUWG40eoxPLmDcaSoVhM2bXat8Lp37rE0fUVfb3iKpBewevIV/SX+hrgA2URu7hxUC2NEutoKSsjMU0bHOPfHCp5bPd7SDJaKkvYNyx5yVeRlv1ZBzwUcOAGM8KA7WZiDq0wuEF2gdA/jVg4K0FLOyQBzHB4cMgg5Qqyjoa+MxVkAe37BVpsL6TMlrqXxuH4SThQE0IIxjhMOrUN+VRNvlTRuENwgc0/94PpVrS3Glq2gxytJ+6heCYCccruSm6hxldUAawEyVwuIK4HAnAK6oLfI/S131NB+4UOosdFUv8QMEbjzpCmg4TgdiVYttxKGqttwojrpzrZ/h5QYbxUU7gKylma3+ot2Wlc7VthDdG1+zgHfcZVMpT/ZBorxRVR0wTgu7tzgqc46gCQq+r6at1U7xWtdBKfxRbKJ/C7xQt1UtaakD8Ep7IMvJMxfRc6G+iC5k4OqJ+D6EqB/E6+k0muoHhh/E3fCmw3KkmaHNlG/bKPcyg8dTUMAE0YcO6Iypp3nGgZ90OORkrA9hyCk6FjuWq9zBwEkgp5fMzYpjqSUDMLyCOxPKA+F+Q6KQtI4XRUVtMMvLZR6cJinnsHag2JmMxKwEHnG4QKi322tiMNXQxuB4y0bKSy408gy4Oae4IRWuppBhsjcn1KdCxx6YGcGEvPwf6YujnSUjX00ju7Nx+iytx+CF7oh4tkukbz/AEPOk4/1XtDaYg7bBcfG5o3C0w1lsPZfZ841NL8SOlJi02WaogZ9JbkA/nuptr+ME1tH/vajmpiw4ka/8K+gY2FoyQq+usNgu503Kx0s53DtTB5vzWmPkJP8xbhF9nnVv+MHTldE2RlzEY/pecLY0F9t1wgZJT1DH6xnkYKo7z8Eegbrq8K3PpNXPhvWQqf7PVwonB/SvWUtva45BducemMrRXq65e8AumvH6PT6iK3Vmn5qip59GceJGHYz6LDdR/A74XdTxObVdK0kEhORLTAxOz928rLydKfH/p3Hy1XS3URf4tf+gwkPi51z065sHV3w+uJe0YdJCNvvjC31a+dfMJszvSxM7f8A+x50fVMP8HvldQvJyHOIkAHpjb/NedXv+yZ1zbdRstdSXED6cP0E/fJXvds/tAdFVc3gXSOrtzuMzMyAfTK29q6v6Wvbgy1XqmneRnSCAcLpU+b1NPUs/wCRE9HU/R8IXb4V/EqxuxXdLT6Qca2EOH54WXqIKqmldBWUr45GHBBav0sJgcd3MP6KlvXRvS97Djc7LS1If9WuMFdCv6psh/vL/sA9FX6PznA3O2E6PId9S+3b1/Z5+Gd3BAsopSeDCdJ/NYS7/wBkS1StItN+bSOLshzxq29MZC6VH1LpruGsC3pf0fNUVQ9oByEZlzqBgHhewXX+yd1vSBxttypawD6Sct1f5rIXP4GfEi16s2J82nnQVuh5TS2cqaAemknwZVlcNtWykw3Fn4Cotb071BQA/N2eqjLTpcCw7FRo4JYt5GYz2WuGrqn1JDYRlE01JddsNne321K0p+qLlTtDWT6mjjJ3WHOedR++V2KWoxpEuFo+SLNMbrf2em0XXFUDioY2RvorSn63t0jg17Cz815NHVTxu+vhHjujm41RhxHfhA2h9Wrti+z2mn6is1QM/Nhv3VhHUUUzQ6GqY4HggrxGK9Q6RqaQVOpb2yPGidzPz2VZNUdbJ8SR7MynEgywg/ZJ0L28sP6LzGk6lrWY8G6tb7Fyt4er743H+8Nlb74VKRojq4rs2mld8NyzEPXNRFgVFI12edDVYQ9dW1wAno5mjvsryNWqql7LYN35RRpIHCr4ep+n6kgNmMRP9eymCotNQAaeqY7/AMSrcg3OE+gw08Ahd0hd8BmMxuyugFu2CopBKKYPwm8pogOdtlI1+ycN1eUEq8ABTj0wiCnAOQi5Pongg91N2Bm0Z4Z7bIga7PKIGtRGho3Awr3gSgpDWsyOU11NCfqiac8+UKQC31TtAV7wVp4PloiCy22b66dpPsECTpi1yZGmVuf6SrVqeAcq1NroqWjql6KB3SNCf7qepYcdyor+k6gZMFaXezyteNxulpHoEatn+xM/EaefoxDun79TH+VplaO2VDnN9pcma2SgeoOy9D+yYWOPf91HbgzWeCg/wkzzp14nYNNRTP8AcOH/AFUepqrRcAGXG3RzsHAIGR+a9Ifb6OYET0zHA87BVtX0fZqrJDHxE/0Ko6jBit8NOPSTPNZ+juirg/UYTTZ9HYVVVfDgRB0tkvbKgZ8sErOP/Fn/AEXpFb8OmSML6GseHDhrzsVU1PSHUdDH41PCybHIikyR90yOslEwW+C3fnXj/B5dcLBc6KTRcrD4uNi6nbnHuo38Fs0uA6skhcfwvJBC9Ta+80LM3S1ymI/iAyQgy0vSNb/Pr4I2E93NwtUNdt7MFng0vweP8nnLemast/3K9U8rRwHHJC6/pm/RAOeInDsQvRJeibBXM8WgeQ08eE/Cht6HvdLNmhvA8IDaOqJITFra7GZp+IvhzHn/AAeeGOvpnGKSCQEckDZSoLlI1obLVMjx/WVsTb+qo3OZXWymmh3wY2Yz+aBVRWt5ay5dPSwjjWyPv906N0WJejvj2mirpq9zmhsVWyQns05R33EwgGWFzvdoTJelbDWyE0VZLSSt4LJCP1ygCxdR2yQNobnR1bPWZ++E3ItV2x7J8N5o5XeG9r4ie724BUlsdFKf76Mk/ZUU9ddaN2m+2KRlOTgTNbqafcYRIpun65wZT1RjkHBJ0qfJ+y0tvaJVz6YgqB4jGBpO4c0bKkrum7lT4dTBxI79itJFFeqUkxytqYm/h5OEQdQvjOiuopMdwG8KOeBU4uXRghV3GklIna4EcghFZeS44IC3D/4LXsJexp1djyFVV3Q1FVNdJb5fCfzjOxRRlkTKNsWU8dax7NRlAz2Toqyohd4kcpH5qPV9GXajjMjHeIe4bnKrWzV1C7RPG8AdnBHtTK+d19mkZfywhtSzP+IKxiq6OrAdlhPusq2tppm+YbogdCW6oz+hRSpj2iLVbniRqhDpOuCRzB6NdsUdl1raXDZIHVDPVo3Cy1LcamndgSFzRwHFWsV8jLRqaQ7vgocND4214+00tNcqSr21hju7XDBR5KdpbnsVR+FS1LRM17S5w5CfEK+m80cxewcNdujjJgtyl/cPPSDOWt591CqaCQbtbspDLzEx+mraW5244U/MMsYkp5WvB7A7rVXa0zmarR1X5ysGd8HRs5uFCrbbSVO5YA49wtFLSskDjI3dVM1M5hJG4yt9d2ezxflvDxlHEUZmWkqaKU+EXED8xhTaGum1APAyFZZb+ID9FHqKGOU64SGP/YrZF5R4PWeNspzktKSvJDQTz3VpHKHtGSsdmppXYdkAforKkurdIBByOfdCcWdeDR4GMg5SEvqFCp6wvGCiGUO9lYlxwTWS88D80XxFBac90QPwc5JUBJTgHjBAIWfulslpJfnKIHTnLmBXzXJ44OQoEmUVtvTwdL3Yx2K1FJWMma0g59VmLpZQ+R09IdLjuW8bqFR3eWmf4M+ppacZUKlFM9FjlyEQnKz1Dc3kN1OyDwreOfUAcZyoZpRaJelvZC0FND8FOEnbCgJ3OEs5S5SUKB5Hdv7pacpafdIHPZLwM/yc8L/D+6Xhe3KkacjYrugn8X7JYvcYHrD4aWXqSBxMQbMQTqPBXzp1f8Mbz01NJI2Iy0+Tp07kBfY4ib+IZUC62O33OMsqYGnPcBIuojYuTs+N8xbo3tfMT4TcwsJDmkEeqQIXv/X3wImlkmuNjcwh+SYsd/ZeGXax3axzujrqORgaSM4XKu0rj0e60nkqdXHNb5/RCBIPOco7DsD6KMPPv6LpJbj3XPlVk7dGplBJSLCGo3GcYCs452uaAVntRBB9FLpanQcOJKTsaZ1KtTF8FhOMHI4TWHsnNe2ZqA4GN3sqNKnjklDdJpLSE2JwyCU+TGBhQarCxo5hqHutFQO2BJWQpn6XgkrRW6cZACh1NLqMcGjhOw3UlhG26ronZbsSpUR3G6h2a57kTmnIyupsZy1OO6hpUsDshdQxn1RFBoxcduF1JQVYBc05JxsmN7qQQOUIsOdgoJIzxgKHJudwrB49FFezfYIMZAfBCkjBHChT0/cBWrmdj3QJI1HERbDcihqKdw3a3GygvDmELRSQjBw3sqqppjnIalyjwYmnHodbq6WnkGDt3HqtNS1pkA25WMOoFWVtuLo3Nildt2KxWROhoNd8b2WGvExcOy7HUvppGysOCDlQ6eRrwDlHIB4Kx2QyeohZlJnoFkvfzoaC/JxuFdF5k7cLyugrZqCXxIj9wt/Y73BcIWtc4B+MLFZHB39Lq98dsywlZrGCsV1FbzBMXtb5XbgrbS+g7qrudI2shMRG/YpWB92JR4KXpK5mOQ0srs9t1ortSB0YljHG+VgJRLb60OGRodgr0G1VbLhb25ILgMFTBVVnO1grZXHIglO/YlXbGh7CTssjXtfR1Ac0HAOVobbXiqpmvG5AwVRqU8dimEcpdBKwEHbBCprc91lu5pyT4E+wB4BV5Utz/MbyFV3Kn+cjErNpI9x+SskuOUXzZcHGOV2cZj0g7lVlprhV0wDvrYMO/JToz4gI9FckNhMLTzluBjhWTZGyxgA5HcKmJ0OUylm07EIcI1QsOEmCcsdw7cLtR/Mb6J1cwOY2UfV6pkUgezc7jZBLsv5MlBf6YmHIHKw88Zjkwe5XplwgE0ZZjlYK7UxheXY2BTY9HF19WHvRddJ3PQ/wHu2Oy1r5GuYV5XbK11JXAk4GV6TTVDJ6dkzDkOAKsPSX5jtCU5xK/f8ACuTE6CT6rjP74b9l2oIDR91a7Ne/JHnYJad7HDI0lYWZhjkc3B2JAC3YIcw43BWNuDQLjgDA3XQolg4flYZW8x16oAYpZRz91jaiPw3EgL0CsAc+alI+yxNwi8N+42GV6/xOoz9h8a+rdOtvzEq01fDXO9lqaSUPi0O32wVh6Y77Hdam0TOeGjO4G69IuEfJNUsfeTaYaJZWkY2UCLNLcw942cVYOIbUNe3bVsVDrmfzmvAzuo+QNLY4WI1cJ2DmnIKFXt1UrwuW54fSsOclGkAIwUiSwe4rnuimYSg1U11lY8AaitNVNBjBwsvdiaS9OeeHHA9lp6SUzUzHE5OMJLNFTwyFFKASMcHCZPu7YoLiWzuA9U+V+ktGEqSNSeQ0LznhSpHlzRsocbxnYKSH5jyBlJfDHVvAOQlzTlVM7cvJz3KtdW/HKqrh5HuLRgFL7NA1rs7hdqCNI2QYn4YG4RHHIUFTlgr585CLFMQ3CZP3Pso8UwDgCgwJVm0kVHGVVSYOoZ5VnK4OZjPKpJSWzOaexVi77eDO1H8uZzNPBPddByiVwHzLt8ITcDg5QtYOLLGeBg5TCd8p4OCmIZlBAcrrfqC41OaPMD6K0U+iXFwE8nCZFwE9y119Cpo64YCGPqRX8IJ5RCWHjxggoMmMLreEx/Kp8FDPxJ34UNpyeET8KCUsBg38po5XX/UV0cJDZTOtGStD0xQS1NawNHcKigaXOAAySvSOibeIB4rm5cW7Ll62xKJ6jwGncpps2EIMcLIsbtUunbnchB0gYxlSohgBebulk+laaGGmgwGEhucpOXCQ3nslVxyzocJDKqQsbsOBlUsTTPXB/oVNvFQ5sbWtONXKHaICSZjxnAXb8fpnKWTzXlNf8S2p4LakiGclV9fLJVXCOlaMt4wPurJrw0fqhdNURrbo+sc0ljXYBK91pKlVWkfD/qXyUrrmos11LG2CCOMADS0bK96fpnvl8bHl43VIInTVQhj5OAFrmtFtoWgDBA3T8I8Pc9zK7qe7GkpjTM2c/wAoTOhrU6SV90lj2+hpPqqB3j369tiblzNeP3XqdDRxUNLFTRtxobuo1kzzeyG0mjhNdsk12y5qDdyeFSjhmUiXOc+AQBugWiille2QjATZ3GomIaDhX1FAIYmjupPohOAwAPRJIcJLNLsg9RLjWxUcWt7h7BFqpxTwmQ9lkXSVd3rTg5bnA9k2BCVZaCW83R1VLnwmOzkjbZbBzQxukHYcBOttDHQ0McLWgOxqcUCok8R+lh47q29wLWRhLnPwpkMPG3KDBFuCQphIaxCUMleYniJvBRoPLj3UYeeYOPZTGlrRlQgSSbw2kkLznq+/SXCr/hFMSCR5iPTur/qu9CniNPC/zhvAPJKwNfXR2i3yXKo3qXjA9d1MYHVRyyh6uuklPFF07RPOuXBl084VF1LW/wCzNi+VocGqnZlrc9+x/VWtloZ9c3Udzj1SSnYO40eiyNVJ/tDe6iue0mmpn+HA30cEw6dMcLL6O9FWB1sjkuVwxJXVWHFzty1bSmgc4gluSeAg2q3vIEkvpnfsrm4XK32K1S3Wr0tEIGHYVuSiS6zdPKKbrfrK29AWE1NTtUStc2NvfVjn7DK+Rr5eKy/XWa6V0zpJZnZJceFcdf8AWdZ1nepK2eVxjDjoZnygeyy4DiVkut9HtvFaBaGndJfewoaDjZFjjz2Sjj4yETgLP2dKU2zrfKCVGnm7YRJJtIIHdQ3SanHZDLlFwWRr3OeUWNh1Alq5EwkjIUvSNtkja2xjlgTdhslkeqdkBu6jvkDe6ttRKSyPc4NGSeFAqazOWxuSnqs7KCfMSeFmtv8ASHVV7RzpXPO5QycrpOVxYnJt5NKikN1HGMrmR6pxjdjYcpCmcDl52KEoZ9XHZcDXuOAFI8KJpGnZP1NYNmo4xyQCylmdvgAI8UDGjz7n7pNcXcbfmmhjzyeUahgCTCZhacHZd8XA8rdkMQHOSEcRgDCY4kBeM7VjByn6SRkhODRnhEAGFX+CnMDgpYKJgJYCoobgJJ6ShTfAl0DukOU8AYVpFbmjoZgDZLAXQSujY5TQ65oeGgHIC7gnBwmg6sdkYABUOyNA7BEA7rg5RAO6g+Mjo4STshdUD3IYknroOEIaQNFAwuhpCeGYwcKDIxycYDyijhIBdSho7ATsBNRA0ncBWho3ASwE7SR2SAOVY6BzT7LuCitaCMkLuhvoqzgaDXMBHwUgDlDJ7iAvCd/T+662Ig7t/dSA3bhLR7IcYIB0A4ACQhJPP7KUI8425T2RAgjCJRyGl6REfTse3D2A59lVV1hgnjzBhjxvxsVeFhXNBVcoGzTQsXJhp6SqpHls0Rx/UOEMOBW8lgjmYWSRhwPqqOu6Xa4GWjfh3Ok8JkZZORqdDKK3QM9p905dlp6ilf4c8Rb2z2XETWTnyg4diTEk9Uo4BGJJ6SsgkkklSjggkkkkRByaknIiAl0HC4koAFXQTkbriStcPIBq+nruHD5epeONjlXjmZ3HC86jkdE4OB4W+s1wFwow3UMx4Wmueezj6yj4vvCkkchc1eyM6EZ4XBFg5AWjgxpggzO4b+6RZjct/dGwEsBQjkRsFMUktB3whAHdRvBankPQz+DM09srSiRs7A5m4WSz6bLQ2WcSRiM8p1bz2I1EcLcSCzBTXN91LkhLd9P7oRbtyjMieSMW+oSwEQg5TTwoWrMgnsGE621U9trY6uB+lzHAnfkeichyMOAQrjwXZFWRwe40NdFX0sdVT7xvaCCpCw3w3uxljfa55Pp3YCt2WgZweFqj0cC+GybQJPTTsnIhQkVCRVTICSSSVkGJJJKEGpJJKEEkkkjEjEkklBwxJJJQISe3GN0JOYcd1WQyLVtAJIVYeVb1g8upVLvqKsgJyG9EchvUGsCQvNuqWmK6vw3GV6S76SsB100C6x4GMxhZ7uI5OjoeZ4IdqJ5ytDGMNA9lnbURgfktG04aD6hIhyatQsPA5JMSTDOJJJJQgkkklCDERqGiNVoiNL0g0Ged2NwNitbHnIysx0Y0Dx3kZB2WnDvZNXRy7/zYccIur2UYcog4TTM1yGUC6VHytvqZf/obgpmsNBKzfWFf4FknztqyAqbwNpW6aR5RUyOnqpJ3cuJP7po3XA4Hf1XVmk8s78E4xSNf0JWCGSSA/i3W61ahheWdPVLaa4N1HAfsvUYXB8YI7gI48nJ1cGrMjJaZlRs9oIHqiQt04A2wnN2XTyjawZslLf6YFnjMbvndUD8nHZa65xOmpXBnI3WWe0jIPIQM1VWcYIqSc8YKaqHDUkklCDl3JXEkBD7DLGDgZUaenilHnblTiPVCc33X5LTwf0JTyY+89KeNmWjI1HfBWSq6Gamc5kjcOad162xgJyeyq7lYqa4EvLAHnumQtwymsnlL4wSOyurFfJaCQQzO1RO2IKddrDUUc7gGnSPZVD2lu3dO3KRT6L+89NU1cf4hbHBrnjJaD3VNbr1W2qs+WridAOPsjWu8y0UoikcXRntlXFxtNJe4RNE9rZMZDkWMgZ5L21XqnrmhgkGexVuHg87LyhjLj09VBzwfDzjIOy1tl6ohqiIZX7njJQSjgZCf7NYz3OcJTQslGHBRopg7b1Ulr9Q3QhkCptsDmEhu+FnK+2TRgvaMgHhbMtDuUCemg2Bjz+aDaQyFtutwt8gME7gB+EnZb6y9cRShsdaMO43WXrbDqeZqUgHu0qrDXROLHghzTghXgqUD2aGpttyi05Ycjgqhv3R8NQ3xaLSx/wBtisha77LTAMc8nHBW6s3U1JVsEdQ4AjvyqFNuDMOY6u01GmQFpYd/dXFPcmVEYEhG/dbGstdBcoiXMY8EbHusdXdOVFukdLC/XFn6e4QlfJkjVdEyTdpBBVJXWwAZwtE3doB7KPUwBwwrgxmTFVdvOdm8dlV1FG4fhW2qqQH8AVVPRHfyhPyQyctPo204/NRTG4cq/rKPJyG4VdJTOby1WU4kArRdM9e3rp2QMbK6SHP0k7gKmdH2QHMLd1TSkVKOD6H6Y62tXVUYjicI6prcuYTz9lfeEWHcfcL5goa+eimEtPI6N7TkOacFerdIfFCINZTXkuc44b4hP+ayW08iXE9GnjjnjMUjB91Wy0c0HmjdraOynRVdPXN8SklbI0jPlOU0sduM43WZxwAntIVPUva7duPurOlrBkbgqFJT6zqGyjubJDuMn2ykSWSniZpoZhIBhwUpkmkjG6zFFXuaQHFXMFUyUDSUPQuUMFq1wcAcgFObKQQ1QmyYxun+JqAB2VCZQLSN3iDJcEbIPBVWyR7D5TgFSoptX1KGecGS0lzK6oLawOSSSUKEnpieoQSSSShBJJJKEEkkkoQekkkjIJJJJUyMSSSSEWxySSShQl3BSHKdv6qAt4Oubq7qFW2mirGFs0Qye42U9JQH5DLy9LXKnYX2i4sGP+HM7Y+wVZNVXGjPh3SzzBzeZIm5B91uXMBOUQHIw4B333UDhdJPkwlHf6eSXwWvcPZyuhAyVoe6MHIVp/C7a7LxRReJ3dpCYKd7DlkeyMd8u4ztf09T1AJYwRuPos5V2e4UDi5gLwPReiv8MAeINKGIIpTwN1Ao2pPk8+or2YXeHVMdgd/RXUNcypGqCYOJ7Bytrh01RVIc7wQ0u7tCzlf0nPTHxaOR7HDfI4KgbnGXRd09zrKUAysc6P15VjBeqeUDOxWIivVytZEVdCZGDk4yFbUt2tFywQWxP9CcBQvGejXxVEUozG8ORgcrLhk8BEkLzjsWlS471JFpbO381eQJRwaDGSF0NDeTyoFNc45QNwcqWZmOAIKj5FtMj1Vqo6g6n07C498Kjr+lYtRlpvvgHC0oOFw5KmAsyXRiWXC62Z2k63xj8L1b0HVtHUYZMCx/cFX76WCZmiWJrwfUKjrulaSUufTDQ4qEUo+yzZVQTgPjla780QSN041ArGVVjvNucZaJ7yW787KysNzrakaKyExvbschUW1HGYsv3U0dU0xysDmuHBGVUu6Uipnmot08kb850h236K7ZxznuikbYV4EOxp8FXDcqiFwirYnAj8QGxU9lZE8DS4HK5JAJhgjKivtmPNC4tcqfBPyLJkgd3RQcqidNVQHQ5pPupVLcg5wZIcIU8lNYLV2cjBXdRbsd8qP8w3O2Ci+IHDOUQtxyPByMrqCug4OVBTwSMlc1750rgk7YSwDvhAKaSfATVqGHDPsVEmsluncXvg0l3OkkKSDhE1Ad0a4CTwVDrDNDL4lHXPYP6X7hB8W+UcmiWnZO3sWnCvtfumPIPdWpItt+ynZf6QDFTHJE8bEFqmQ1dJUsEkU7HA++6kGngef5kbHfdoKiTdOWyR3iwB8DjnOg4H6KSWQc7uA/hxuGdAwfZAfRNzqiyHfdB/gdfTP8SjuRd/hlOQk+W+0P82ajjqY+/hHcIllCnEksdcKYaw7W30Kf/FnRn+dD5VFb1PSN8tTBNEe4cxTGV9prPJHLGcjg4BCaQJHcaeQcgZ9SpbdEjQ5hBHsoYt9HMPIR+SGbRPHvSVMgHoShaBcWTSwgc8pNbtjKrz/Fqd2+mUY4KcLk5hxUU74z32S8tMBlgG47/suGNjvqY0/cZQW3CgcAfmQD6FHa5j26mPa4H0KbG6S4RCiu/RfS9+1C5WKjk1/ViIDKwl0/s0fDyvf41E2st0mrUDTS6QD9l6wAT2RFphqLY85APEJPgF1VavJ0l8Ta+HP0Q1XnYP15Qjb/AO0X0y8ONNaL5DGNLfD0tf8AfGy9zxvlO2O2VoWusiuSHhc3xS6mtbxF1V8OrrDIB55YWAsJ9lYWn4t9F3JrZDVy0me9RHoH2ByvZ4wBuQD9wqu59K9M3kuNysdLPqILtcYOUcdapdoBoy1Bf7JcX+FQ3SnnfjOlrxlWkZx2yoVZ8G/h/WEGG0uoiM7079GPttsoX/sjvNvB/wBnes6pjCf7qpy9uPtlGtTX+yPhF4+lpZj/ADqaJ/8AzNBVJd/h50beMmssVM7Vx5Bt+yK2yfEm1hjGCguTQNycsP8Aqoj+q77RzeFful6umjacGSNupoP6DZPhrZw/BiZLkyty/s0/DC7B/wD7ulp9Xdj+FmKv+xxYJsSWi9vjxsHy7/tlevU/WlheMPndE7trGAVf0lbSVkYdS1LH7ZwHLRDy2qg+Jso+TLx/ZJ66pnSGhq6GpDf6HnKx10/s/fFC1Fxn6ele1vdm+Qvu4yShuCCQF2Os0DzsyPQhbavqLU1rD5LPzjufR98tJcK23Ssa3YnT3Vc+hfjLgW/sv0xdFZK7Hz8EZPo5gKqrh8NfhzedRqrLSvLuP5Y2/ZbavqWfcwz83vljkYdg+qNE+uj2ZUk+y+77v/Zs+HNx1fL0LKfV/Q1Yu4/2O7JUNcKG+ujeTkEw6sD0+oLfR9R1S/3GW5R/qZ8jtud3pz/fY/NWEHVEjWhtRTh5HcHle9XP+x91PT6fl6uCfb8IIWMvX9nfr2yl3i9OSyAcFq2w89ppvGSnKH9LPPf9pLa9w+YpnN9wp1Pd7O8AwVjo3ehdhCunw26loJi2a2Stb7jhUVTYHUriJmaXd/Zba9fTZymPhPb0a+K61wINBdpfzfkKzpeqOpqduzo5R/iHK8zNK6F2WVMo/wDEpEVbeYcGnqnkDsSnLVQf4sN6ieeD1Km66uMLv/eFuD2//Q2qwh+IFqeQJqeaMn1C8mZ1NeafDZml477qdB1bROYRWUT99zlqJajIa1ViPW6fq2yz/TM5ufVWEFwoarHg1TSecE4XjcV7stS4RsBiJH4tlMgqadnlgrSB2Bfwmq1PoYtdP2exsk/xA/ZEa4leTQ3K5x4MNe/H/NlWND1Nd6aTUZfFHoUeTRDVxf5HpbXlHY4b4KwEfW1SXgTRAN9QrKn62t+wmDmn1V7mzbDU1S9myBLTwniTP4eFRU3U1vnYC2dmPcqVDd6aV2mOdv5lVKWBqtg/xLQVDAcP2TxNCR9W6hxzxu+ogkruQd8gKvkGxWSYHA904DJHuouHYGHJ8ZqGkES/so7MhbCZggbpdiUEVD9g85TxUsd9KDIaWBDbIA5XNJ/p/dP8QHBY8bpwAKmWMUc9kZ0bZBpkAcDyCFCrenLLWRGOpoIng8+UBWukHuu6fdTLKno6bO0Ymq+HNlc5slDPV0kjeHRSY/X1UR3S3VtDLrtl9iqs8tqvJgf82+Vu3R7junNg0jfurjLaZLPFUy/Hg89F16joJTFebMfCG3iwnU0/l/qlH1NY5pBG+bQTx4jcArfyR6hhwyPfdQa+x2y56WV1PTyMbnAcMH8k1aiS6Mc/EyjzF5/yZZtk6buLvmPAjJO2qMgD9kGq6OpSzNE8tdyAVc1fw36fnLZKOSallYMB8bz/ANVBk6N6loNH8M6hbUt/A2oZgn88o46yce2ZbdBJflD/ALFTJYbhEwNe4Pa3cAnYKjuHSduq5TNV0jA52clm2VsZK3rS3RgXHpyKtYdsU5w4e/uk3q2zAtjuFpqKKQ7Fs9Powfv3T4a2Tf3GK3x1dvG3B5rJ0lLQeaxXKpgwdoy/b7KLJP1rQPd8zbaathbydH8z9V67FSdOXN3jQV1I0nkeJjf7LlR0dKTqgn1Mdx3H5J61i9nPu8Jn8DxuTqO0x/zb1aamicOXRjUB/kp9FWdO18bZ7T1KwPHLXhzf816FWdJ1EDS8xRvzz5d1lrp8P+n6iJzqm1GJz8lzo8gZ9dk2GpTZgt8VfX+KyRWNrcaoq+Gdvq05QaqjZVMLa2mZK085Crf9jYrXIHWi+1MIHDHOJb9t0NsvVlBUEymOrh7e4W6NqfJyb9NKt/fFgKzpKkOZKCUxu/peqia1XCiJ/k628khal3UlOMMuFte39R/kVYUk9qrWB0L279iU9WGKdNb/AA4ZgBUEOw7n0R2zxubh5wStlV9M22scXGNoce42Kpa7omthDpKV/isG4B5V/JH2Ilp7YcvkqopnMPlkdj2Kt6PqCpiaGSN8QDjJ3VJJTVNK7RNE9pHsutmaNsj9ULa9CndODwa+nuFurQPEY0P7hwT221weZaGcsdyWg5CyscufMApkN1lpnNLXubjuCmR3J5RcrlJYky5fU19O4ioZrb7BRTXtJOWKTT9QxSta2cNye6PJTUFc3WwtY49wtdViX5GWdSsf2PJUvdT1A2IY5QnCeBx7t9Qp9bZp492bjsQqxxqqU4e0ub+6313RfR5vyGj+STjNBjWRkBsrQcrjYIH+aM4z2yok8jKhuQzS7uooNTTnUxxIWqKTPC+Q8ZsbcC3jfPA7yuJHoVYQVLsAkKmguLXYbKMHupbZYnt1seMeiNxwecnFxLiOrJ2RmT5IVUx+MBEa9zcHJwlgOBeRyBwyEQy6eBnKpGVUrcY2AUxlQSBndQBplhqD8HCg3Ozw17dbCI5PX1RWTtOxPKMXB45VZBTaM0KurszxFWNJZnDXBXlsvMkjgwO25wV2poY62F0Uzc5Gx91SVFDV2stmZl7QcbeismNxtIawvOCQpQkDt1krfe6aQhryWu91ew1XGRsoKsrLTxR6JeKPRR2yggFd1A7KCtrDio9QERrw44UJ0Z2K417mHjKgZYB+k7DOUZjgQMhVsdYBgOClMla8DsgAaySdKYG47pviDjH7oheByhayVygMrMjHqsh1d8OLH1RSOjmiEUxBw8DbK2p0numOb5SlTqUxlN1lElOp4Z8fdefCe9dHPfVub41G52z2jj7rA+JucL7wrrbR3GJ1LX07ZYnAgtK8S+IfwGp5YZbh0toiLMu8Ajn81jv0cfR7HxX1B8uKtT3+z5/PCEZHMII3UytoKu3VD6WthdHLE4tcCMYKiStDguVdRjhHrKr8rMSZSVpxg4+ymiVsgyqFpcx2QptPUlp8yxyqaOjRrM/bMsYy5rgFIa7I3UWORrsY5RS4EZCBpo6ULN3Qdv1A5VnbqpzJRuOOFTtk7YRqWTTICqNlVux5NtSTCQA5VjE7BCzttqAWgE8q6gO2cqHfovUo5LJjiQEcHKhROwQFLaBjOVDfGWRZ9U9JCBwoMUshUkklAZjE4gYyupihQ1wG4QHMBJRihkHKgJGc0DhAlbtyphGUJ7chQW1kgvYMkKBVRbZCtJmHOVFmYCEDMs1kpJocfh/dRgDG8HCt5ogNsKBUR77JNtZks4ZZW64HZriMq+jdqaDnlYZkjop2PBOBytPQXOKQDBwsUoZO147XqX+nJloThSbVdzbqjxMEtPKiOc14BCYRgLPOvJ365yhJSTPUqSuZW07Jm7hwBRJWjYrAdO32SgnEMrz4Lux7LdxTMmjEkbgWnfZZHDB6Gi75o5M11NbgW/NMHOxUTpK7OgqTTSOwM4wVqKuNlRC6F42csDdqOa1VfiRkjB5S9oFicLNx6PX0zKqAuA5GVR26qmt9UYXOw0u2B7qZYLuy4W9oJ8wbg/dMudG2WPUG4LeCOxVJGlWZ5Lxk+sbgYKA//d5g/HlO+FU2ave7/d5nZczYH1V1M3xYcgbhVgbu3IrY3ChrxNGf5M549D6K61acSxnY7lUT2ZL4SOfM37qyt83zFOYHO87NiqChLBYvDJGeIw9spkMmOBhQ6GdxmkpZThwzhSHZYcEKGqEyyDvFiAO6gMe6GZ0Ugxngo9LOM6Ch1uM+KBlKlHcNCvAcAsj1DR4YSB3JWoidrZnKr7vS+LBgNGd0cFtM2qhvg0eayZbLkchbfpW4ian+Xc7cbjKyFVTPZK7ZTrLUmknZg8Hf7JucnFps+KfJvySJWldqSXM/JDZJ4mg45GUWQBzcZwj25OrCW5ZRGppf5Q1DclUV8p2irDmtwraCUNndHjgqJfGf7wCP6U+t4Zk1kVOtowVf/JuzQ7Gl5wVm+qaPwHuc0bP3C1HVcDQIqoAgtd2VPfojWW1tawggN3C9D4uxxsyz5l5/S/NTZXjpGTpMk7rQ2afD9J4ws1EcFW9ulEUofn2Xs4T3dHw7VQynE0smXPDwhVf90X44RYniSMFNnGW7oznJbWWdmlDqYNLhn0ViM4WctDi2rDckD0WiJzkApVh7HRXbq0zHdV07WSmU8k5BU6yVBdSgHfbCN1VTRyUGst8zTnKp+m5nnMZdkLOzTGzFmP2TKlphqw93BOU6QhxDuwSu31A44Q3t1QafVLbN0WkEY8Obgd+6PE8GIMI4UKndoYGEZwpEDtEgclmiMss5JJocQQolwGqLIG6kVRzM4hRpniUFp2wljc8EBpx+SO057KO92l5GO6KyTUM45QCpyyBqQefZVhyHK4lALTn0KqaoYOygix4HCQuGCq+oH84n1Uhjt+UCpIyFH0InPcZ+6n/eDhR4ycBS7mP55Kis4S2c39/5FMSAMIKNPwEFKn2QI1EYMn7IbUSPlXFlPomN4TzvwmN4XVshLCFsekuA5XUwScPCEeEd/wBJUMh+ds/qlWPBaO48+U+TgJg5TnnICHOSegSQ5SXQMJecESy8FjZYRNVgHher9PQCKNhA7LA9J0Ub3Ne5uS52Mr0+gijihG2OwXndfNysaPong9N8VKsZKa7U4bcKc36GqJA0HcqXHtlcK15lhHsqPxydO/CHMQ0ayUTY/koVxnLYDgLRRW5SSCvt2xbKmoklq6oRg5ycAei0EEIgibEOw3VPZIg6Z0z98DZXL36SGgcr2fjtPhpHyz6i8pGpvcBr3OEBY12C84WntdK23WxrseYgH7qgpaM3C5xRH+7iOt3utPKfGq4qGL6TsSvQpNLB8e1t/wAs3Ivel6Iyk1sw+2UTqe5hkZpo37uGNlaMbHbrZoBALW5KxsQmvt6DGbhpwSjOW+ZKRqOhLJ4Ufz8zSSfpytpjIQKCmbSUkcDRjS0Ao+r2VCbWnLJxDm3bjKIozzql8MZ9VYo7RQgzayMhXTeAolNCI2DygKYBnO6VZz0AFYMDCcSACT2XGqnv9xEDRTMfhxGThBFZIV94uslXIYInEMBwcd1d9OWjwWNnlHO+/wDkqWwW75ucSyNyAdls34gaAPTsrb2kOVcxB8Jh3PKFBEQQSNkKLVLUlx4wrAAADA4VAt4ONaAOEGqlJcIWuxnlHcdIJ9FXQuM9SXdm8qFE6naWtGUK410dDAZZHdjhHcQzfssH1ld5Kmr+Up5MCMYcEUew4rJClnkrq11e8EMBOM91k6oTdUX/AEx5+Sojhx7FyvL7UyRWtlJASH1ADQAqqsqY+j+nw3I8WVup4zjKe4ZRpqSfC7KXrrqHwCzp2h2ke0MBaeM9/wDNA6fs/wAtFG148rN3f4nKn6ao57rcZLxW5cXOJZnsFu6aIeI2EDZ2UEmomuU9kFENTxat5MtpxvIQvnn42fEn+P3R9ls07mUEBLSWnAet18bviNF07a3dJ2yXVWTEmSWN30t9PzXzS3VqySd1kus9HofCeO3taq5ceg7RxtsiMbjGy4weUFEWTmXLPV2PPI4uAAwEOR+yUj9lEkkyiRUYZOvkJKQaShtBLgpsbAANlY1radhbgDIRSQAm5DGqLUVXYJE57AUshJ59PCrZ6glKWcuIG6ARncjP5rFbY3wPhEa95fympEYOCu6HeiyNtjByQODlINceAnCFx5VqLC3Ib4vo1ccXvwAFJZAOcIjGAdkxQ5A3kVtLUE6sbI7ac99ipIdhuAUI8puzgB2ZEIBjO36rmkBdyfVJU0DltiSXMhLIRho6kuZCWQqbSLOpJmv2XDKc8IZTx0QIkh5CRIPdLcsECZHqntI9VGc8tXNRyqVmCmskzI9UtvVQhP65XfmPYoldgFRJvitzwiiXAwBlV3jfdP8AHA2KJWfsZHK7LAStJxlEDwRlV3jb4yUQTgjv+qJOL9h/Iyd4icHDKheK1EEwHv8Amr3IJWlg3BaNwkRhQ2TjI3KO2duBkKx0LM8EhoGcoh5CjeOPRP8AmASNlGaoWJEkcJLjXAhdSH2OTyEaMnBRgBhAa4Ao44RDG8nHAJNAzldck3PYKvRpgNa0g5IRRwlgJ6oYLAXWt3zhIDuiMAJCKKIIM2zhd0+yK1oIyQu6G+ikmiHByngDA2SHKIOEI+AHQFwsARvCPql4R9VeR2SOWY7LjmkhSvDHouFg7KZBwuiqqqGOqYYpWZzwe4WfuHT1VSjxIf5jfbkLZsiGd2rvh7eqoxXaGFy2nm5YW7HZc0+61F56dE7zPR4a47lvYrMvikhe6OVpa4bEFMOFqKZ6aW1jEk5JQzDUk5JTJTeBqSSSsmRJyHq9kRETIkkklAcCSSSUBYlZWm4PoahukkNJAKrU8DO2cI4PDAsrjZFxkenMxIxrh3AKRGO6pulbmaiMUU5zJG3Y55C0JYd/dboPKOBdD4pOJEIwcLh4RnnB2Tc5V4EbyOQcrmjvhFwEsBFJYLTxyAI7KXaJ/BqGtcdjsELT7rjRg5RLgux7o4NmdMjMj/NQ3NwSV2hl8SlafRGeNTdk1HNxteGQyBlNR3NOeEPBUDBkZ7pmndHwU3BULDWOufa7vTVYdhmoNd9l7Q15e0P/AKhleHPblvO4XqfRV2dc7IwzHMsH8tx9QO60VSz2c7WV5+8vEl08ri0HMHpJJKFiSSSUIMSSSUINSSSUIJMT0xQgkkklCDFx/wBJXVx/0lQIE/6ikxxyBlJ/1FJn1BV6G+jtYP5BxyqcgjlXUuDGQquoADtlYJFchvRHIbyoNYw8H7Lz/r7/AOekf/0tq9APB+y87+ITgLrDv/wwkXvFbOloP9wg2s7LRAeUH1Cz1p+lX7e32WeBsuX3ZCpLg4XUwyvhiSSSUKEmJ6YoQS6uLpIAGVa7JnBsekozHQukxy5aBnKqrDEGWqPb6jlWTTunJZRy7nmTZLHCed0FuwTycJyRn9g5pCw/dYjr64sbRfJ48z3crYVMwDgF5j1zVa7i2PH0tKVOW3g26KvdamZsFzcAorTkKMTvlPa7Czs77iTqaTwp2SehXqtqqBLRxu2J0heRsdhel9Lyl9A0nfAH+SkOzm6ytY3GhG/5Jw3Q2PznZEGy0HJGzN8pGORhY6viLJ37YC2bztjCzF4aPFJAUG1Pkp38oaLJyhJRqQkkklCxJJJKEPrqGvLzonOl45CmtcHDIK5PQQOGprN1WRurKWpc1/mYvyOf0H6LPT7pafdBjrI5caTuUcOyMlQsi1VHT1LcSsG/dZm6dLwPc4xs0n1C2BGUzw2uBDtwrTIeSV1rfTyOa5hBCZbK6ooJfK4lndpXpFxsUdTlwaDlZG89PSU4MkbSPyT4zwASXCjvNJpcGnUOO4KzdVZ56CbXTE7cLjH1VFJqaXN9cd1cQVUdZGHBw1HkH1RqWSCs/Uz4mNgqidTdsrVUNybVNHhvBCxdZahITJGNJP6JtFW1lrlGppLe/urGp4PSGHLc55T3N1Kitd7pqgNaZME8jPC0NOdg7GQeCqLI7oXKurrbDP5nDDztkLRNDSOFGngacYGFTSIYqst9RRnWDqbnYhNp6+WBwIcQR6LT1FKXcNGPRUlZZy4ukgIBP4Uh9lNZL+z9Xvi0skft+y11PX0ddHlrwS7kFeLyNqqWTJaRhWVsvtVTvDRKRj1KgEqsm/uVs8MunpxlvJaOyqzucHbCsLX1HT1UDGzEB/BUmqooKpupgDD2IR7QXmJRPpmvH2VfU0jXbcKxkkmoZ/Bqmktdw7spDoIZ4w+HGe6pMiZlKq25z5VUVNvezlq201I5gIczZVdRSlw4ymKWQsmLqKQsP0qG+IZwRwtRW2+XORHthVE9C9vbCMvspZISCC0LjZCSA7t7qe+A75bnZQpad2QWhU1kpo1PTnWtfZJGtY4mPbYFetWDq22X+MNZII5w0FzScZ+y+fotTcAjhWFDcJqKVs0Eha5voUidWRexM+jNPugvgDwQBuvPOmviQBinu7Dv/wAbV+2F6BRVsFfCJad+vPosc6muhM4OL4I0tPJCc6cBDZWvid5TgBWulrwQ4ZUWpthkBNOzfkpOC089kmiu0T8MecFXEcrJWgsOVhS50cxbpIc0qyt94cwhr3YwqwyOCZrtRG3KI2UgcKuoLlBMMF2SpokGPZAZ5xwyVT1mPLI/n1U5jmkZDuVTEZ3RYpzERqccKhM68oucg8JKLDUseNjlSGvBUF7WuBySSWQoUJJJJQg9JJJQg9JJJGJEkkkoQSSSSpkY5JJJCLYl3BSHKcoA3gSSSShXY9JJJQESSSShBDlFGA3ZCSyfVQmTjmMJOWg5QTRQuOSXt/5ThHSHKhMkcw1EA8jvEb6HlBbPvpnp3Bp9QrIEYSeGnn/JWFGW0pp7ZbawOD2gZ9Qs9WfD6GaUyU7g1p3BatrJEz+gfohhkrN4zn2JUGxvlHo8zfTdW9PSuEbhVQDhrvRGouqqSof4NwYYJOC17cb+xXort/8AtFOMHbOMqquXStkugd4lMwOd3ARDVdnsqaZsU4EtFUtcOwDsqbDWSU/lnBwO4VHU/Dm4UQNRYbm5kgOfDcTgoBu99s38rqC2mRjeXxb7eqhe5Gyp7jBJgRztdnsSpXjgchZC3XPpe7YdT1Zgl7NLgHD7hWTnXWkAe1zKuDtjnCsrBoGTt/VFB1ArMx32m1iOoLoJPR3Csoa6RzdUcgkb7KAtFi5uc5Oyb8pSn/hgE+6A25RtOJQd+6MJIngOjkzlQB/acbTyxO8sjXN9CdwiiRjPqO5TXAnjKa6Mu7KxZIY4O4RAAMg7e6gNdJEQWlHNWMAOG6BrJQSSNr9iOdlDmtMThqYd1LbO1xAHdGByhI20UrqW4U7h4QyB6p4udXAMVFIXY7sCuSB6obow7YjKgO5MgUt+t05DfF0PP4XbKfDLHMNTHAj7qHV2ihqG4dC0H1A3QY7GwHLKqVv2KhJRS6LfQTwnNVNI3qClwykkZI0cF3KGzqSrp/LcrVM0j6nxtyFBbjgvXZyMFJ2dt1WQ9SWmU48fQT2dspsdbBM0OieHA8FGAFyUslIAngLmRnGVCwi6HuHdNSV7ORe1hPFyckLrZiNgEEHPZP0o8pAYCllPMP5kMZz/AFAIE1ht8u4jiaTzoT3NSa4x8BH/AIAy0Qf9nnxPBpbhNGB2ymvp+paSXMNS2VnurQVDhuQnCrwMYU5B3yfDK9ldd4gBV0Pi+8ad/FYCQZ6WVuPUKybOxwznHsmkxO7B35JZRF/9zzgSFrGk89kD+FBxLqWrww741cKYbRSVDy4s0k+ib/BBAddPVPjPsVCEUuu1GNAj8Vo790orwGnTVQPjPc4UjwLhTkuZUGX/AAuTXzTN3q7c5/8AygFXlkDRV9FMPLUN3R2Oa/6XAj2VU+G0VB1vidG7uMYwuttjy4SUddowNt87fZTLKyXIyAThN1Z2wqZsnUFLMdTWTs7e6f8Axx7BieglY4cjCm5lSjktASDkFPzx7KBDerdK3Lpiw9w4KWyop3gPZMwg8eZUAShI4DbKWvG5aCuCRvou5H9BWiM2gCBcLJY7pn5qz0xJOc6BlVE/w8sL8OpZ6qkeODFJgfotKuhvfKZ8hDFv6Q6poHuFo6hdURjdsdQ8kIYuPVVCPDulhfO7+qEbH3W5AxwU0yygY1n80fzFPgw7OqrfktraGrp3jkOjVhDc7XUNbJS3Fm/bOCFfS0VFVO1VFLG4nYnSq+o6UsE+7acAnnAwq+TJBsFXKwh8c+QfflTG19VnLiqr/ZCOHJpq+dvcAu4+yG61X6nP8us8Qdg4qfIAaBl0qB5SCVIbcYsASgLLg32DHiQBw74Kc65SRtBnp3KfKA1no0+bRVf9ppY5fu0FUN6+Gvw3vpL6zpqk8Q8uawDKDBe6cEamlqmw3ekkGA/c+6bHVWQ/FlOvPbMPeP7MnwovQPg0MtISPwPysHev7FsE2qXprq8NH/c1EIH6EFe+09ZG5xa137qQZSCDzlNr8lqK3mMiKM4v7WfH1+/se/E6gcZLfLQVsY7+LoP7rA3/AOBfxVsRDqno2pmjBwXwfzAPuAv0DbUFuNlJZVANGQt9PntTDhvIzdPH3H5g3Gx3G3PLK+2yw6Dg6maSCojYhy1zgR3yv1Eq46CtiNPX0FPVRu7SsDsfbKx90+C3wovmp9f0RbvEf/xIm+G4fmFvp+oZp/cUptn52vkroseFVOb7ZT4rtdYN/mQ72K+1b5/ZE+Fdzy63S3S1yHvFUl7R/wCErAXj+w9eGB0vTXXFPVtJ8rKmENdj7tO/6Lq0+fhL85Fbj5xZ1RdI8B8URx6BSB1cxgBqqdzweQ1vC9Kvn9kz4xWcl9PaqO4xjg09UNR/8LsFYW8fDX4gdP5F36JukGn6j4Djj9l0q/MVWfjIZCzBHpusLbkgMlZ7EK0peqKU7iuIH2WPkjpSAZcN29EM0tLLjwnrbDXws9muF0o9M9JpOqIMgfxJ32yVbQdRl4wytLvzXkjaDAwHO/VCNPdKeTNPUvA7HJTf5MX0aI6uxdM90i6irNDWhwIHcqezqKsAH0leDQ3fqGkxioc4ehJU+Hru+U7R4zGAeqn8hPo11a6S/M9xp+pGucBO0+6sYr/bnbPeWfdeI0/xOiYGirpt+7mrRWnr6wV50SEggdwp8yOhVq4TPV4bhbpD5K2L7ZUyMslblkgI9l5rBdLDVv0R1TWO7bqxhqHMP+6VhJA28xVxsXs1xui+jebjcu2TydsrF091vMf0uZIP8SsabqWZmG1tOWj+pu+6bvizQnkv3SHOC1d8Qf8AylVkV5op3aBLg++yL8wwvwHIk8hRwyZqBOMLohjfu9uUJriMHCcKgjbSoMwghpmD6HOb9ih4qQcCTYcIgqMn6U8OaRnCVKW0ppMjGSuacCPxGpktVHEMVNC87ctaCpzHAbBKQAkFUrWhEqFIzc9s6DrmmKoip4JHbkF3h5KY3oWKEiazXispgd2llQXMI9MHOQrmtsdpuDNNVQQvd2cW7hVbekIaLM9or6unlznHiZYfbCJXtiJaSC7GOsHVFJl0N0gqh/TJyoj6m802WXKxNlYdswvD8++BwpjpurKAHyRVbG92buH3CC7q9scebjbpqd42LnMwCnwvMluiUuuCvkksdWzz2+SFw2cHxYwo5tVteA6IRuaeAOVf0nUFjuOBHLEXHs7CJPYrFUjxY4pIpT3Y7AP5LZDVSic67x8m+GmYis6HoqqTxHAewWdq+hKmmnJo2SNYfVuy9NmsdVHgRVh09g4ZQCLrTExOja9o785T69fzyzl6rwldjy44/wAHlD7fdaSQxua849CUSl6graN3hyRasbYcF6ROMuzNbQSe6pa/p+mrA5xpw0+w3T3qVM5dvhHDmtso4+obZV/ybrao3Mf+NjcOCj1PSvSl4efkZ3QSHgOOAptZZJYGta2j1NHtuq1v8CEnh13jUpBw5zjsFojesHOs8Y4cWIqrh0D1DQF0lCWVkQ3xG7UQFRVtNeLe0SV9tmjYds6SvU6KmdBF4ljvrJWEZa0uzkeilg3zQRX0UNXE4fS4ArRDUuP5GK3xkZ/gjxltSyYAscGn0UmGsqGDQJDj7r0ms6e6NvMuLjZ5KCcfU9jjGD/5dv2VJL8JZaqR7+nb6yZm+hkrTt7ZGVpqvhLs5l/jraeUinpeoKqBobK3xG+hVvBcLFc2hlQ8QSHs4LNXPprrGwZNytMhjBx4jRqjP2d3VeyqoZDoqpHQS9w4J6uivxZyrFODxOH/AHNZX9MSBxmpnBzMZBHBCopoHMJY9uCNin09yvlsxJb6wTQjfQ46grSk6u6euAFPeqYUk521gbErVVqnB/ccjWaCNudvszske/G6bFK6A5A/daSt6bdKz5u1zx1ETtwGndUFTSyQu0yxlp9wuhDUxs6PG6/w2yW1INTXTcCU8q2gqqeYDS8ArNOYPRPp5jCdk/bxk8/qdFOo1Qa07tKLw0qlpboI8CU5BVjHXRPHlPKBo58o7ew/iOadjwitrCBuEEH07ruM+yDaJwsk+CqjOATglOkcyQbEFQNQbklNbUaTjCspr9EW42wsJqaUe5aP9Ea3XeRgbBUBxI4UuGuiBw/ugTUkNQCQdJzkEKFNF1T1okA0kHKmxz5O+FRUNLLE8Fx2Vm1rhuoLlFIsPF7ELrmNc3chQfFI7IjarB3CgvDHGJzXZA/dIVL27aUdkrHDhd8FhGcBQEdDVk4BUkTB5AzhQHwkYwMLoc9mM7qEyWIkOPqSyPVQm1WeQjCQEZygKCpgb6bZXE/I9UMo7iGL6/8AhjZut6Lw3MZTVTd2zNZufY+oXzJ1x8Pbz0VVmKshLoCSGSt3af8AovtDWFCudrtt3p3UlwhEkbxhzSNiFkt0+7o63jvL3aF7XzH9Hwkxo5wuSeXhe3/Ez4F1FA6W59NMaYANXhY2XiVVDNBKYqiNzHsJa5p2wVzbdNKL6Pe6LX1a2O+t/wDT2KGpkYRg4CsIqjxAMkZKrMYGcJ0EhDsLBZWdmq9w76LcEEgg8osD8OByoULwe6Iw7hJlBs6ldinHMWaCiqyzG+y01HNqY1w3BCwtPPpxnK0tnqyQGZzhLOvotRj7WaWJx2IKmMdtyoEZbjY8ozDg8qHoITTRNyPUJ6itztlGb9IUHCAx3XUklCZH5HqlkeqDkg7uKQdk4yoC5YHrhAwupHhQoEeUJ/CMeUF/ChGRZ2jlRJQcKdIDlRntUM9kclfI0gqFMwuCtJmgDOOFDmaM7IGsmG2OeCqmiI3wu0VV4EgzsFKljDhwoE8encDhInAzbpVPKNTQVzahuxyVOzlYu21skE+ppxjlaSGuEgCyyhk9J4/Xq2GJMluG4wcLR9NXiaGUUkz8sPGVlg4EkkohnLCHMJBWWdeDt6fVyraaZ6j4mvsqi+0Aq6N2Bl7fMFA6e6gbUMbS1L/ONmu9VeuIfss0opHf+WOogpRMd07cX2yt+Xkzocf0W8OmeLI3DhkLC3yi+UqnTNGGv3B9FoOmLoK6l8BzvPGMIMFRbi+SPUNlo60SgEDO601HWMkiaSQcjdV9ZA15wRnIUO2TOjqTRvPclu/ZVg0RkW1XEQ4SMCh09S+kuImcMMlIafurFjsjBHsq26wuEYlaNgd0Iaf6La7jw/CroO3OPRFiqDPE15OcqLaKtlzt7qZ+72DCjUEjqWofSSHg4H2UH1st4XeblSpHNfAWHBzwq5rxnIUmJxIBQGmM8I5TuMJ8N3KPOxskYCjVGRM2YDYIscokAIHKhM7uzE3qk8GocQNt1TRyeHLkHgrZ3uk8WSRoG6wtZG6nnIJxvhFF4ODqYuu031kuHzFKwHdzfKSraVzmw6xysN05XmOQRk7O2P3W0EviU4BPGyd2aqbHKJXhxFcCeCu3Yh2JecDCbVHw3hwCbI/xadwI3T6uGSbynEynVMQltpdjdpys/bZmSW91JI3IIII9Fta2mjqIHQvGQQvPqWVkF0noycf0/kuzo5qDTPEeZh8c3JdMztbTupauSIjAByPsuwSOByCp/U1NIJmTj6SMKrjbgZXrdJZugmfCvNaaVGqnF/5NdQVAdA3jKPKdTcqntkuIGnPCuWSaomvAz7Lcnk89NYB0r/CqQ8rRMcXNDieVmJCS8vG2eFoabL6WNzjvhBYeh8ZPdDAC/N10JaBk5WLtcr6a4FjTsTwt5VRB7dBGQVgq+MwXIhp0lrs/us50ZPbJSNJXOD4dRbuocLy+ENcpUcrail1EcBRINOcHYApE3g1wnnkbC/FQYiMDHKODpKiTOEdST6o5dgN91RtrCzHUATzhQ3O05KO85aobtyfuq7G9kWd+H8cldY/PblDqiPXlNjfgjPZBgCTwHk+k/Yqrqd1ZuI0H7FVlSFPRnt5RFbIWnKFM7WUnHSUIkOeXeqjwYZT2sr7oMBp9VCZwp1z80bfYqCw4CVMzgpeyGizDGEJIwWo5CNR4+UBqPHyrQMiY3hdXG8Lq0wFsc1dXGrqahIx5whnCUudsIWopFnJZx2M7cLuHO3SZ9QRcDGcICARyjQRmWQNxkA7oYfk8Kys8XiVQPokaiW2GTToqndqIwRuLBbtHghjMYAJWyiOAGgYws/YuWn0C0IBBBwvNauzLyfVtDWoQUV6JLDjCO3BHKjMOwCdkrmxW6R2ILEcEokaSMhUFxqhNJ4MZ2B/VWVTUMhjLnHjgeqpIWiataRwTldrQU7p5OD5rW/BVJJl5b6dtNTNBxqd5iVIc7XyOEE4ZgDKLTt8WUR+q9tpqtskz4R5nXS1Fz3FtaWmGJ9UdtWw+y0/S1EKqqFXM3v5fRZ14DoBTs9AFvbNSi12djiPMG5XQeEeWsfLX7IHWFzNLF8rE7L5NgAp3QloEUAq5med2+Ss3QxzdSX8yOaTGx2PbZel0kEdNG2KIYACsyz+3gnnhNXWfSEtPulrgzzWWNccAplKwyT6jsAuSAucAFLpotAyRuUM3gEltbhdCYN07UByUrdkA5UTCmiMmVli99wuJc4nDjz7I96rpamoFLE44HOFbWW1MZD4j25efVFFELOz0bKdmtrcA7BHnmzKYvRGOmKHHAA/dRIxrlEpGwQkJELCw6iMFSQcpgx6Ic1S2BpJPZQAiXSqIe2njdjO7iFIoImxxeJpwFV0kMlXVmR/05yp9dWNgpsN2AULIV/vIo4XMY7fGVj6anEjpLjVnOSSAVKnlkutWXg4a3nKDX4bEKSN3mccYHZNgNi8FdG5tTWSXCfAgpgQ0HjI7rzXqC5y9Y9Sto4Q40tOcO0nYlX3xEvwtdvZZaI5qJhpw075KjdL2WOzWpjpG/wC8TfzJCfdPbWDdT/px345Za01NBb2MhiYNhgdlG6z6ypehunJ6mWNrq+oIjha44w7B2CsPFo7dbpeobz/Lo4MYdnnOf/T9V8rfEXryv646imrKnV8nG5zYIidmt9v0Cx3ywzp+L8fLXWqUvxi+TPXC4117rZK6vndLLI4uLnFC8MAjdcbsNm7I8bc7lYJzbZ7dJRW2PQmRnGU44aDvlJztLcKI6Q5OCVM/oYstnJ5MuwAhN8ycRnlHjj422RDW1FChg4JG6lO0gDB4TQWtYQosk490uc1Er8jlTMQdIHZQJHEhGklzthA7FY7Z7hsY4BHJK7pJ7p2k54RGtORss/YzKQNsJznCK2MDfCIG98LuCooZ5Acxmhq7gLqSNQSBbyJJcyEiRhF0Elk7q90sj1QnZJIBwuZI7kqN4D2BlwkY5CC5xdsNkJ+oY8xS/kJsDl3oUtXug7+pSJx6/qg3/wBgtgbV7pas90DPt+6WsqpNvooNkeoTX4I5GULJ9Usn1U7IdLjuAkCcri6Bnuo3ggTILdzuhHlJJQgkhykkoQKCNGMpgJ3CakqayQ5rciaj/wDKULT7p+n3U2fog/5l39KQqTncJmlL6VbTXKJgO2sPopEdU5wCgkZTi0nuhVsl2Xhlm2fUM5CMx57hU4Lhw5djqpwd35To25DjY4mgZUEc9kdsod+aooqwj6ipMVW0nGVeUaI6lLst2uzjdGae2VXxSBwyCVKY7BBKrKRpruXZMyERn2QGuGMrrJCDjHKmDXCxMkLoHdMbuUcacbq0x6eRALq7p913QVA8j4+6emR75RRHgg4UCSyDDSeyOwHK6GjZG0t9FFyaYLCOBgxuN13Q30XUlYZzQ30TAw53RQO6eAMKEB+G30TPDzyUfRnddEQI2CoJRyQzGM5KrrrZKe4xHADJRuHAf5q6dEc7DKa6IkbKCr6I2RcZI80rKKooZnQzsILTzjYoGML0WstsVbGWSjBxsVi7taZ7a/cam55UPOanRTqjuiitSSSVYOQ5NiSSSVBJtoSSSSheRJJJKEyJJJJNIPSCSSGUtrK6J1trXUVXHOD9J39wvSIZY6qmZPGfK9oK8sGy23Rlf49O+ie4lzN2/ZbKLDleQqz96LhwweVxGezB2CYtaeTjgUk9JWGCSG6ckd1EMaLmzzHw/DVmT2IVDZHkVgZ2ctE8aTsOU6Mco5l2d5GIHohlu/CkkYQ8BECgWj2TNHspGAmYCKMcjcAdOVqeg7h8pWSUZfhk42Hus54ZCkW97qavgqAcBrxlFHhidRFShhHrTe66mQvEkTJRw9oKetCOK1h4EkkkrKEkkkoQSSSShBqSSShBJJLh4UINSTTyuKEEhIhcAcEoWQoEKRDad0pNkxnKmMDAr3EtOSq+f6lPk+j8lXy/UVCEd/CA87o7zlR38qBsTvpP2XmvXT/Gu8e4y2ML0iWTw2l2OAvKL7UfN3qeQE4GwWPUPK2nU8eszySLQCG7rQs4/IKktjQGhXbvpb9kEDVZLLwdSSSTDNLsSSSShQkkklCCRIYH1ErGMGTn1TBsrCwUwqrtExxIaMuRRWQZvEWzawtZHTxMiGzWgH74RWHJwk4NGw7JLTBcHKk8vJLiOQClNuMAoUZOQlOdkx8IBESpcQNRdwvJ+p6tlXdZHR8M8q9Mu04pqV8530jheQVcgmqpZRw5xKz29nV0EcPcMT0xPSGdfsMw5yt50PNI6mkY45xwsGwYytd0JJL8y9gd5TyFIdmHWrFZvWHLURIAAYCYRlaDhegpCz17j5eVfkgNOSqi4eFPTva05LfRUg6s5Mw7cZQ0R53OyGl9m6KbGJJJKBOOBJJJKAn1TZesKapiayodj0OVevjiqmBwIc0jIIXjcDywhzStVZuq5KbRFNq0DbIK/JLjg/oO1k1lRTOpzqgZn81ymr36/Dn27AqTT11NWMHhPacjKjVVBI7LmY37IS1wWLXDGR3T1Qw1s1I7w5QcBWtLWRVAwHbqEJZGVEqqWOoYWPaDlS0i3PKMhjLv01rYXQgFZCejq6CUnS5uDyF62WAgg91U3Oxw1cDtDfNyopEMTQ3QSnwpwM+6lzUsVUwhhGVXXG1T0kztLSNO6h09znpJcuLk0gWekq7e/wARrjjPIV/YurHxHwaskt4wT/ko1PXU9yZ4Ugbkj9VDr7G4gvgOMbhQh6LS3GGoYJGkYd+yl4Dxsdl5Pab9WWqoLJC6RmcFpK9DsnUVJXRtLvLtweVCFo+myOMqHPRem2VbjRK3VG4OCjzjSRkIQjNVlLhxZLGCPVUFZbHxPMkG7eVvJII5G6XNBVNX217CXRg+v3VBKWTLQ1tRSu3JGFp7H1SWu0VDy5n3VLVU8cvle3BVVUUtRSkPgcXD25VlSjk9VEtvusBZqB1D8wqKrtlztBM1M/xoufLyAsna+op6N4EhcN+VubVfYq2MNMrTkYKoVtwMt94oa+MMdI0PGzmu9UWotzZPNBjfdR6/punmD6uh8j+SG8ZVVRXyqtlR8tV5xwC5WL5yTaugkjb5ws/XW3l2D91u4Z6euh1Na05HCg1NtYAcAAeqIZGWFyeeVNC5pPlVfNDoP0rc19saMkN7KjqLW4n6cYR5wEZp8WOyBpe0q5qqLR27eqrnxEHBCmUQGJCMA7q+sXWd1shDad+qMfhyqJzCh6SO6FxTKaTPeemetbRf49LpmwVAAzG5wytM2RzDqb/81fMAmmp3eJTyGOTs4chbjpb4o3O0hlPcwaqnG2onLx+ay2VL0InH9HssjbZUksrGCNx4c0bqkuPT9ZSSF9OzxYj5g4cYUmz3yy9VQa6GZurGcH6sqyE9bb/IMvjH4SchI2YAUnEy8FZNA8AO0kHcLQ0F6wB47tsJ1TR2u7j6BBN6jZUVZZrnbSXs/nRjjG6RKOSmt5s6e5RTtBiRZCZMEbLDWy7uilGHaSNi0rU0l5ilLQ4Df0VOOCpQwTvEljILDhTaStBcGSHHuoOtjxkcLjmB4znhAIlDcaFjg5uRvlcbn1VFFW1NKcA6h6FWlNWsqGB2QCeygh1EtJcByuqC2muxyemJ6gQkkklCD0kkkYkSSSSpkYkkkkIthUkklBYkkklCD0kklCCSSSUIJJJJQgkkklCCyUslJJQg5LACSShBHcYK4GNHAXUlCxNbjhNc1jzlzGkjjIyiNS0+6hNxnLv0J09eZHS1dHoe7cuiOgk+qoD0n1d009z+nL8+qg/DTVXm29Mr0NNczV3Rk+Rnmz+qamFxi606WkpWfT8wwZaT+mysrf8AwC7sElivzoT2bryFsXRgndoP3VLceh+mbm4zVFrijmJyZYhod+yvAUZ57IE1P1PRZLYo6yEfiaN/zQ47u+IhtTTyQO4KK7prqi0R6+n+oH1EbOKarGQB7OTZb3PTNDOp+nZGsOxqKceIzPv6KBNxYSPqAMIInyFYU/UlM4AOjJ98qFFR9J3dgNBVNbIeGA7j/wAJ3UaXpqujd/KLXs7EKgTRMrKSZocx437KRHCx4zkELDv+do36JWvbjupVNd6qnIcx5/VQhr3wAD+WMFAPz0Z3aS1VEHUcwdiRwCtaa9xyAaiCrRTiEFSWgeMCCUaKqhJwHcpMraSU4IG6J8nRTjLos59CoLEXh42x+q7H3QjaGNOYaiRo7DKE6luEZIY5r2+5wrKyTsgfiQXHXnUMgqLqrWH+ZT/nlE+abHgSsOSq4I2jklstsu8lI0n7BQpenKXVmlqaiAchodsFYMrIHnGrCK1wdwqAKL5HqC3vMlDXiRo/DKcgp4v94iyy4WcuePxQDYq+Y0HOQmvYTjkqEK2HqegczMwdE7u1wwQrCK40czA9lQw590J9BS1LSyop2PDu5G/6qvl6eoMYYHNPqCoVtRdtla/dpB+xT3PHqs1LZK6mIlt1e/UPwvOxXPE6kgxlsDx7o2s8l/GmaTxt8YT2z4x5Vm29RyxgMq6GQOHdo2KkxdRUEo5LD/iUFypyXr5GYGAusDX7at1Ww1sEwyyVpz7oviObu1wTQfiLAwZO3Cb4LwMgqF83UDhxT21lQOTlQnxEnTUg7SJ4nqGD+cBj7oQq8fUERtfT5GVXfQDhjoI2si1YdlpR46uBwLfE5QBPRSAAtGU0w0rz5QRlToVKDZIEVK/JIac57Lot0Hb9lGNO4Dyv4Q9NcDsf3VNpC3Bkh8E8e8by4ei5rkO0kId+SG2tqIxokYchdNxDT/MjOD3U3IsT6Shl/vKEE+obhRpbNRyD+Ux0asGVFO8ZDgnB8bhspkop/wCEXFmPlrjsN/OU4HqGAjD45mjkK2EQdwuiN3YFWA+Csbcrgw/z6F+PUBHbeYWnErXMI7cqeAe6C6GB+0kIIVlI5HdaSbZr0cSNeMgghRZLZbnjLWEfZRzaBxDVysHYE5UbeCpLJaYYeAmeCAdsFVot9xhdqhq9YHIcuma7xnPhtePZBvwUWXhEb4TSDgqCy51LCBPSyD7BShXxcOBB+yNS3IsRcQeMpj4IJSTJCCT6opqKcYOVz5indw/CFt5KIT7XROOfCaPyUWTp+nc8uZJpz2Vq8xO4kA/NItbjyP8AzRKWUQopbPVAaInnA3BB5Uf5e+Ux/E4f8y0Wit/4Tsj7JNqKuM4maMfZTdhkKAVlyi/vo3DHupEN+0ACVjiR2VqamB394P2XDBbpjw0fkr+QmMkaO+U0jQ4uwe4JUqK500gDWyDP3UeTp6ikJeyQDPbCiSdNF28Mm6v5CtqLoTh+7SCD7pzZuMNCzctqusB/k1Bx90OKovlJIQ+Bz8I4zyCasVHbCI17HnLmtP3GVkz1M2HAqWPjPBBarCC/W+ZjS+pawn1KbG6UPxYMo56D3jpLo6/6m3fpe11QePNrhCwl2/syfBO7Fx/2SbSF3/yJO+LH2wVvG3KmONMwcfZHjm1DJOxT4a22HTDinE8AuP8AYr6RdMZbL1jd6Ts1kmmVo+42ysheP7G/WdEHyWXqu2V2D5Wz5hcfy3wvrAuPIPCa2bO2Frr8vqYPsL5JR6Z8M3n+z38X7Nq1dJ/O6e9HO2XP2A3/AGWQrukuobTK6G+dL3OlAHmMlG/b9l+i5eBuey783tpwV0KvN3L8h0NTJfkfmsaK0SHT5c+hahDpimleZKeokhJ3Gg4X6G3zoHorqXJvvS1rrdXLpKcF36rFXn+zN8Jrpkx2iooSePlKhzMfbOVth5qLf3MdHVxj2fFkdiulN/NpK10jx2cptPd+q7fglwfj2X0rcf7IkLpPE6b66qqZnaOqjD2j9CFlK/8As1/FO2F5oai23UD6SyQREj3ytlXl4z9m2nWwfTPII+tuoYf7+AnHpsr20/Ey3nTDdD4LuPPt+6tb30Z8Qumm/wDvr4f1r2DP8yKETN/Vv/osRcKS03JxFwt0lO/hzZI9Jafsta8jD0zXHWy/Z61ZLnZbzoLHxkHggq8NFE1obGS33yvnE9Mtpnl1nufgjOW6SQQVeW2/9f2Rvhsu/wA1GdtMuTsta1cu0zZVq/TR7jBHXwuJE4kZ/Q4cfmumrqIzmop8N9Wrzah+L13pGBt3srXsaN5INj+i0du+LHSdcGtqJJYC7Y62cJq1Un2a4aqD7ZqRc6Ru8jnAFSop4pWB0czCD77quguNgupDKOqhna4ZGCMqe2229rMshI27FEtRGT5Hqal0SIiS4YOcorpXt/BlRImSUz/5byW9g7spTKjV9bMo3bHHAw42oBPmGE4zDI8N4907TRTAZaQ70ThRU43GUKmgVhHWO2zsPsh1FFS1jdNRC149xlG+VA2b/mnOoqkNwDj3BU+Vrov7f0UFd0ZY6loxSmF3Z0flIVRJ0RWROcaS+1AZ2EjicLUS0FyY7XBXH/keMhC13enOZKXx/QR8oo6mxdiZ6eub6wZhw6yoNLDHHVNbs1x5wiRdRP0GO5Wyqp5W7Ehmx+y0D79TxBor6Sqp8bHMZOEX5uy1hBbVslP/AMvqmLUfsS9I4/iyiNZbKlgdHWEnu1+xC4yGNrg5jmuB4IKtajp20VbzL4Ayf6ds/ooI6WodWPnKmMHgB3C116iEvZms0016Bv0NwDGD+Sra/py0XJp8eijBfydKuHdO1ZAbT3NpA4L2qA+29UU85bKaWoiHGg7laFel0zNZp+MThky9R8NaMSeLa7hLRn0Hmb+mVAbaOvLI53yU5rI2cB51Bw+x4W3lqamiP+9W+oDT+JjchOiucLm5DiAex2RrVP2c27xtM+V9rMRB17WUcvy3UnS0obw9wh/6q6tVd8P77g0VwNvqO3iO8M/bHH+SvKiG2XOLw6gRvB9SFm6/4X2eqc6ajDopDuCCmx1MZfk8HOs8ddD/AG8SRojTdT26JzKRkNxoXD6cA5H37qoudl6O6la6HqSzGjndxJu0NPuQR7KiPTvW/STCKCrkFOOG41x4/wCXsrSj63aGtp+oLeHtIwZGnf8ATCbDV7OmYbND8ixdHDKKv+CcsWqp6R6ha5h3bDVSZ2WRudjv9E0t6wselxOPmIXeI0+/C9tpILNXxiew13hPO/hl2RlELbwyEx1tJFXQnZzSOFsr10k/uOXqPp+q7GxYPn6moqmmeJ+n7trxv4Tv8lZnqVrg2m6ktBjdx4o3/wBF6dcujeh7tM+dgNBXv31xN8Mgj1Hf9VSV/wAPKwU2IquCtB58c6Tj/m3z+i6NOvgvZ57X/T1tP+2s4MVPZKStZ49qqWPB30k7qmqaOopHaZoy33V3c+kbxaZfEp6aphcN8MGWH7YQW3KZjfAusAdjkkbrpU6/PZ4/X+FcnunDBS5BIUqCcsALcZ+6kT0VLVDXRyBpP4SVXyU9RSuOtpx6roRv3HktX4TEm0iziucocGnj1VpT1VPM0efBWXbUYOHuRWTGMgtKZuR5/VeOlU/tRpnjP0nIQZGuaM4VbDdaiPTn6e6s6W40k7Q12Afuryc91Tg/uRCkmLX5wiRV+k4ceFNqbYKgB1MOVS1dLPRvIlYcDgqm8AqKkaWgucDgA47q1hmjlA0HK8/gqS1w0jhX1vuxBaXHI42QgyqwagQhzSR2UV8UgOpozunxVYd/6IzZByFYhrAFk0jCA5uFMiquNWEGRgPZBkgJGWuwVAGsloJGyAHCe6FrgFSH52n8wOW+ykU9zLiGyA5UF7CaYsHhM1PaeOPdEFU1/HdP8jhsMKETwNEpPIRA7PdDMffCZhyhMZD6vdcBOUEZyn5GMZUJgJIdYAzwvN+v/gvaOsY31luYKe47uJHDz9l6EAR3Tw4A8lKsrVnZo0+os0099fZ8U9U9H3npKukobpTvYWOwCRsQqMMPbdfcHUHTdi6no/krtRRytAIDnjJH5r5u+JHwdu/Skj7jQMFTb3uJDoznwx7rDfo4ro9x43zsLkqr3iZ5rE8tIyVIjl1bEKK9hzjuOyc3LeRlcu2jHB6Oq918oniQ42VvbKzQGkn2Kz0cu+kqbTSuaRgrn2VNHY02q4yeg0VV4kTQTuFYMI+oHlZW01YdHhx3C0MDg5jXA8pZ6rSX/JFFnCUTP7KPEQNiUZvqCjjFezpKawFznYJmn3XcYTVfRTeQTyQuRyEnGEpCmMkGrjhT2WWDDloKY/6SmseMAJqmAsjTyuJJKywMgBQXI70ByEz2EeVgxlV0jcEnKspBkKJMw8AIBFqIEgUKYasqylaTuRyoUjTk7clA1kw3Fa9zoXAtCsKGuLiGnGyjTRhw4URuYnZx+6XOBnrslTNSia2GcOaDqCe6THKz1FXkHS4q0jqQ5o2WadZ6XTaxWxyiZBPJDKJY3YIW6s18iroWRuOJWjBB7rAMeCDspdJXPpJRLEdwsllaO5odZ8Uuzd3ambWUjm4GoDIWXsla+2XARuzku0uC0NDcXVVOx7gMkbqj6hojFMKuIYB32WZxwdid2Y70bfxvEaDj3VVXQFrxURkhwPITbBXtrqJoLgXsGkqZJGHjBGUrBqqnGcFJEu2VhqoMvx4jNnKSSJGljhkHZZ6hldQV5Y44Y/ZaJhGc9kJohLcU1DK+03YsccMedvsrC9QlkjK6Lg8oV6gD4Wzsb5o98+ynU8sVztzQ0csx+agxPDOU83jUzZBw9WER8ocDnCoLVMWeJQv2LCSPsrelmHhGF3JKEdCeSVI4Pjc3G+EKllx/LPZIO04CBl0U3jEbKDU8DrhG4S+J2cFieo6JzJDM0bFbyZ7Z6dzi3jhUFyp21UD2Fu+FF2YdbXvi5IytnmMcvOMLd26bx4Oc4XnYJp53MxjBWp6ZrX6tL3ZGMJq6MOls52Mubg3+TqHKjtfqpi7CnVjdcWlVjSWgs7BNXZotWGCduvN+qKd1Fd/mmM0b5K9GklDXcLF9fUkz4vHYMgjK36aTTyzyvnobtO5x7RUXYGttzZoiDjchZ5pGnlXVirI6ilMDh+HBCop2iOokY07Ales0Nn2JHx36h0/yyWofbXJb255EAOcq6oZtdOGnGyz1slx/JKtbe/Mvh55XXg8nh7Y4kT5GdwrG0ve6Etc7Ok7KvkOlxbhFt1R4c2k7NdsjlFs3eNu2zwXZCw/U0ZgqHzD1W28UOWc6opRLE6QN5SJLB3LXug8Eez1Lail0g7kZXTqZIW98qr6alMTnxOO3ZXNTpBa5ZrU2O0s90FkiVgIPjjsnxzl4aMLtVh9O71UamOoBpO4QdnRgTHEaT9lDO+UZxIyMoJ5UQwh1YO26E1SKsjCiNk3whBmwzSfXhCqGjw8+6O1owcKPMPIceqrJmnPKwU1Q4h33ygNkJOMeqPUbHfsomrBUxk51ssM5XgeCPuqkHDla1Z1xBVXDkufYClkfKcgICNJwEFKnhJDYj1Jp+VGUiDlCgJEocLq4OF1aYCJdhGrhOUlxHKWEAMPCAWEkqQmkDCCSyXgEz6gjAjCC5pycDZJpPqlFf2C6d8rR9N0jHR+KRk53ys5Fl0zYgPqW2t0Qp4I4w3fbKwa2zEDv+Ho/1VYbCyU7BGHBuDwrhzRgEHhQrdH4dO3t3Ux2eMrzF0tzwfSdGvs5OAnVjOyIThqEzlOc/SxBXHnBsnPYskKvkDjg/kn2uCONhlcMvPr2UOYl84JOd1Pp26WDthet8Xp8JM+bfVXklGDSJLzqcFMoxpkEh7KDHyVNiOBgHdeprjg+O6qfyS3Gl6ZpRcLkHvZlsW5Wl6puYpaT5GB2HyDAA5wg9L0QoLeJXMHiSeYkqJSab/1NrDNbKfyagNs8opnJnP7/APBoujrO2ho2zSN/mPGSStM0HIUSGMswPTsprTnGyieTLZLdLIQcBI7pDhdVixMYXPA53U0AAABChb+IhFSJPBWR6iXCrjpYi97gNtvdSidlmK+Z1dWljDlrDpVJZLDWmkdV1RqHNzqOfyWxpoA1gaBjAVbZ6NsMLTjdWkjxEwDG/dM6AAVchMjYWbk8qREwMaBp3UahiJkdO/ck7eynkDGAUsg3IAJJVRcKlsjvAYck+il19UynhfvuqqhhLz8xJnJOQrAJ9M8QwgadJ7lZ3qC4STTfLwu2A3wrW6VjKemeB9R2CoKeF5HiybudvvyoMhj2PgYKWlLnfURkrPdQ3qGw0EtylOZNwwOPdaKqeyKFz3nDGjJJ7BeP3aum6/6g+QpwW26id/NLh5X45P2Ro10VbnmXQ3pq3VF2qJeqbwwvkmefBa45AHqFqaWGW41LYQ3FONpHD19EBkckszKKB+dbsZBzt6rO/GTrSn6K6dbZbe8NrKsA7HcDjUfXO/6KpywjcqpXzjXDlt4/6Hn3x6+JEVwuP+x9kkHyNG0Nn0nZ8m+V49GC/twk5ut2o8lGYABgDCwWTcme802lho6VXD/qJrAOyecAJzBnAKHIUvoalkY9xOVFLck5d+yKZM5GEms8wICBy2miKwsjWtOobKWNIbymhoA4QHd1JTwC/uHSP2OHBQnk6iE4k55K4s85bh8Y4BYK6Ac8Imn2S0+yS4ZYT6Gho9EQABdIwnhzR3RKsW28jdI9EsNTiMAqOSc8q2sFLkISMcoZ5SyfVDLXHshGRiIOJSOTsSnpKDkhq4eE/IXCRhDLksCeVxPJGVzIQEGafdLT7p+QlkKsEGafdN0FPXTpKmCHElzSuqyCPCQ3SXNPuhlHJDiS7od6JaHeiohxJNwVxQg9JJJQh0A5TwRhLy9kMk5RkC5CSGCcow4UIBAcOyWr2RTpwgnkpWEyCJykkugZ7ouEQ6HkIoeQgIqjbIGjrZc+U4wrCluB2EjsqpXGgt5OVTkwlJo1EFWx+DkbqwGkAZOCseypfFjBKn0d2IOJc4VqWTRXqMdmlBTweAq6nropsBrs5U2OTODjlMeGboahExp23KJgKOOEVqs0KbYQbIkedshDHKM05bwozTAIOEkklZqHroBykAcogA22UCEG98LoByngDC7pB7KshJZOAdyN05JLBQlnCAeUi0J67gq0XgjaR2G6i1VLHUN0yxhwPqrHThCMefdXkCcFKLiee3yxyUEhlhaTEd8eip16jU0jJ4zHI0OBWGvto/h1QSwHQ4qYPMeQ0Cp/1F0U6SI9unG3K4q2s5WU+hiSSSm1liSSSVEEkkkmkEkkklECNVx05XmjusWHYDzgqnHdOhdpeHehTqpbWJvgpwaPXXRNc3WNwd0FzcLlonjq7PBLE7OloDvVFfwulFNxyeanHa8Ec7Li67OTsuZPojwQEku6Hei4oiEm1jTWsctKfOMkLMUrtEjXD1WqjaPCafbK0wMuoWOQOCmKQdkwtJ7KzOnkEuafdF0O9EtDvRQIFgJzcDC5jCc0Z2VoqS3rDPSrBXx1dthczctGkqyzkLM9ISMFG+IHcHJWkaVpXRx7VibRw8pJJKxY5JNSUIOSPCakoQaeVxJJQgkkklCDFw8LpI4QCSSd9lCCJOdiuNJTU3T7q0EPATBynZTWfUEWMhjn/QPsVAn4/NT5MBgHsVAn4/NQhEcclCaiOIB3Qm7lUGRrpL4NHLLnhp/yXkwe6erlmP4iVuuvK98FAaeJxa5xxt6LC0LSXA4XPtlmeDtaODUNxoLbGQwZCsuwHooNJ5YRspbXeyKPQ2XYVJNSVihJLmQlkKEOpLmQlkKEyEAycLS9IUzNM1YR5mnQPb3WZjzK8RtG5W9tdG2ioY4gMEjU73KbDkx3zUVtJWTqRhwgDlSWcLRFHOxgcO6DPLkhG1BoJKhPOuUlSefRCk6uqfBtb2g7kYXlzhk59Vs+uq53jila44zkhZBqz2M7mlhtrTBpJJJTNgRq1/Qf/bH/AGWQatf0H/2x/wBlIdmXV/7bPQ0klzIWg4Yph5TvthYfp+8OrZKynld5vEcWraVzxHSyvPZjj+y8UsN4dTdTSRF+GSzHHtul2SxwbNJQ7cv9G3rW6ZCGgBRVNrC18zi3hQjygX7HQQkkLPql+SrcWFSQyupkAT6YvfRGxmtJaAP+G5ZB3i0kroZ2FrgcEHZexbeiqb505br1D/OZ4czd2yNG+ff1X5LZ/QLcYe23uekILDkDgZW2svUlLcgInu0SAfiPKwl2sFfaH/zY3GLPleBsVHpakxnU07jfZBKOA08nqtTQxVTd2j2KpZ6aaiflhcAFW2frGeEtgrRqZxla6OejuMOuItfnkeirASeCBQXQucIqh32KuWvDhtuqGstrWkyQ5BHZAirp6N4w53vlEWaJc8MhAprjFOASQHfplTwWuAwEABW1dupqtumWJpz3xusXfOmWwOL2MOOxC9DLACCEpIY5GFj42uHoUakQ8WdFLRS6mZGCrKkvJOmOQ49Vr7x0uXgyNiBz2wsZdLDJEcsaQR2RqWSE6a30lwZraAHf1N2KqZG1lqnzG9wAO2+yDQ3CpoJtDnHGcYKvqetprgzw5mNJx+qIhZdP9aFhEdUeO62lHcKO5N8jmk4XlVyszdJmpSQW7kBds/U09pe1kuctKhD1qSBoHlCjPj7EKstHV9HXNa10gyexWhbHBUs1ROac+6hCirLLBUAua0Nf7LM1tDNTvdFI0jHfGy3slO9nH7qLUwNlaWvjaQfUKF5R53LRtfy0HP7IEElXbZ3eGXNA432K09yskkTvEp8Obzj0VTJCHbPG4ULL+x9VxOY0TOw7ggnlXVbRWu9w5dG0OIODjdefvt5Hngbjuplv6guFtk0ynxGcYPZRguHsmPpLvZnkNc4xg5aR6K3tl6E4DJ9OeN1No62lu1KNwQ4cdwqO6WKaKUyU5IHIIS28A4waYRxysOGN49FS1lrYdWNlXUV2r6CQRzklvAytDSXCmrgGu06vVU5ZKMjX21rDjlU1VbQzzAL0aqt8EgOW/nhUlXao4zkDOUeWEmYOenMZxpUZ8Zxha6rt0RONA/VU1bbZYBrABae4RFlC+NwO4wnNAUp0YJ2CE6MgcK0kymgtBcqy2TCahqnxPBz5HYyvTul/i017WUN6j348Q8fmV5KWEHlEJGkgnlVKtPoW4H0xCKO4wNqqOQEOGoFpylFUVELvCf5m++6+erD1Ze+mpvEt9W8MJ3jc7LT+S9Y6T+Jtq6gc2hubW01URs4jDHH7rLbQwMGguFmo67+Y1vhSf1M2VLLBd7U7VJE6SEcObuVqXwPOHQnI7HOycycAeDMzI4IcNkiVbRTRWWi+xyERyvP2J3Wgp6kuxtkdlRXDp6jrB4tKfBk522CqmVd5ssmmYOkiHflKccApZ7NyXB/ZJzHNw5hx9iqa1X6kuP8ALjf/ADANweVbteTsTlVhgSgvROp7oYgI6hpP+IKdHURzDVG7KphgjBGUo5ZITlhwqM0q8miBynqoguXAl57KwiqBINkAtxwHSXAfZdUBEkkkoJHpJJImRiTk1OQi2JJJJQoekkkoAPSSSUIJJJJQgkkklCCSSSUIOSSSUIJJJJQgkkklCCSSSUIJJJJQmB+MpYwkkjIJcI2AzsF1JQnRTVvR1iuLnSS0hhe/cvgOh2fuops/U1ma7+E3Q10Q+mKq3ePbK0bDnKL7qwHbhmQ/2nDGuZ1JZZYdOz3tjyB75UlrOnrrAPkZoyXcAO8w+4Wlcxj/AK2Nd9xlUdd0ZZ6yQzwNfRzH8cJ07+uFC4zyVlR0ydOqI6iOyrn0ldRHIa4tHZS6u09Z2Ql9vuMdygb+GXZ+FGHWMQc2G9WyqopOHOdHlmfupgapo4y5SQODpmOwf2VpBe3uA0VAx6ei4x9ruEQEFRTzFwzpDhlBms8LwNAMZ9lCngtqW5yvcMzA5VkysyAeVjzbKunHiQT5cOy6ypulM7Vgn2yoTabNlZnloSJikwC0LJM6hw4Coc5h9MKyhvVDIABMcqdinAuXUVJKPpA+xQRZo85iqpm/+JAgrmPOWO4UxlVgZIUK2sBJbqyNuYqlzyOxKR/iUUQJg1gKUKwdwjCticNOTuqAllFZ87Kz+9gcF0XCEnDmub+SsiYpPQ/cIUlHGeWj9FAVnsitq4Dw/dEa9rwcHP5pxt0B7fsmG1s/DK5v2Uf6DU8djSxjxhzQQo81qoZPqp2b+ykSW6qDcwS8evdRpIro04/0RoPOSG7p6Fry6CV7M9tRSFqrWY0Vx24ySpbfnGH+cM4CGaxx20nZWWQz/G6Z5YHFw9UZl2uEQHi0/HdG+fJxnsiNr294w78kfYSSYBvUMbTioYQVLirqOdoe2Vo9fZMeLXP55IGhx52QxSWzPlbj7KkgXWmWUMtO/wD4rQjatYxHID9iqc0G/wDIqdI9/wDJC8K7U78RODh2IVSjkB1ov2OnYchxP5opqagc4VAy4XSmIdUwameykMvjC4CSNzQe+EElkW6y8bUhw87R904ugk8rg059lWR3Klf/AMVoKf48UrvK8YHogaaEOvJYCkpyMtC46KX8KiCd2wilOQiNrJwPNuiyyfGwhbVsOoyBPbW1LdnsGEMVg7p/zVO7k/sq3iZQyHFawbSbFFbPSyEYkwoJNK8bnKb4dL2yjTbK2Fpogfg5B9MFcFMTnDlBEWkHS8pjpq9hHhPdsmZA2MsXUz8fVhCPiMONO3qgxVtfGcysDh6FEF1A5hwgBlB+h4J7t5TfCYNi0LrLlA/YtA+4RGmmkbqLgfsd1MlYY1tPTuH0BMNHAfwo/htGCx2Qn6PdWXghmhjzkApCleDlrsKVken7ruP8JUKwQx85EcDBC66R+AZWKaWhu5OE12jnlQmCHmkd5ZG8ey4aWikHkcf1Uosa4Y0hC+QgzkuLVCsEb5GQbRTnCaXXGndho1t9lLMJ4il0/uhkVkbt9L2qESBm6SRkCakk9zhO/idC4eaQtPuEUTO4fFkd8pj46CoZofE0H2CMmcC8C31LcviikB4OAVCqOnbRUNIMLW57tCMKCFnmp5HMI9Dymviq+WOLvbIQ7mRc9FRP0VSvOqmuFREfRryoj7J1fRxFtFcoJ9P0tmHIV86smpcGogeR6gLrL1QPIbrId6EIozbCakuzMfxPru3fza2xsq2caac+ZNZ8Q207iLv01dKP1cWagFsWV0UpDWvByCeU57GPb52Bw9wmOWAmk+0Zmm+IvSVb/wDZVlPjb+f5cn0VvSXm017/AA6K4wSvxnS12+EOt6dsteSamgie7GMlozhUFV8O+mZ3Eupns3/AcI/kIo5Nk0jjOSETBIXnz+gjDgWvqG5Uun6NMxwEyWz/ABDpMfL9RmqHbxWgK1LJPjR6ABjfOUxzyTjCxEdz+I9C4Ontltq2AYIY/Q4/mVz/AG4vsD//AHj0fVhnd0L2vATYzcS9mDckAjBKh1tqtdwiNPX2ykqY3ctliDlnWdeUTsfMWu4Qf88SmRdZWN7ceM4E9iDlOjqJQ6DTkuimvPwP+GF7DvmOl6en1d6XMWP0WVr/AOzD0W4NFnuNbQaeNTvEH5g4XpDOqbPkZncFNhvtqqB/KqWkn1KYtfcvY2N9kPZ883r+zB1Cwv8A4NfqWsA4EkJiz+5WGvfwD69oCWVNgbUDP1wecfrhfYzamF/0Pbv7pBhIzjOVpq8rbF8h/wAyafKyfAVd0zXWSR1NNFW0MzTy5paMotNf+qbWNNNeHvB7SnUvvKqt1HcITBW0rJozy1zQVkL18FfhtetTqrpuGOR/MkB8N36hb6vMzX5GmHkGveD5etnxUv1GwMq6WnqdsOzsVf0Pxc6elJFXFLA8bOaRnC3t+/so2yoMk1g6hkhycsgmG49tWd/0Xm3Un9nH4gWjLoKRldjhsf1YXSo8pXPtm2ryL/eTZ0XVfTFa1skVwj83YnBV1BV0dQ0GKoBGMhfOtw6c6m6dJbcbbNBpO+3CHT9RXa2nVBUTRE98nBXQhqa5riRtr1qfZ9MNjc7GOO2U9mWDcleEWj4rdQ0bmiWdkoH9QWst3xigdIBXU7iDzoCY7UzXDUwfs9ML2uPCRJByDhZq3fELpm4lrRVeE939ey0VNW0NW0Gmqo3k9g5FGWRjti+g7qeOoBbKxrgf6hlQJum7TKSHUrcnu3y/5KzaMDOV04PdH8izgco5KF/RlO3zUFzq4PQa9Q/fKjVljv8ATRiSCdlWRy3g4Wmbn1RDIWcI42Y7BcDDfxK5UgHzdqqGM/q05GUqbqe0v2fN4bhtghbZ0viDS4B333VZW9NWO5M/3m3Q6/6mtxlM+Qm1oroLhS1jR4LxI0/mifKU0o89LGc+rAq6s+HELneJbL1V0T+djqb9sZCp/wCDfEezML6UsuMLc4y76h/oUaufQqcVLtGrbZLXLvJRRb92jCjv6bb4n+7VpY3s1xzhZdnXtTbz4V4tVRTTj6m8j7hXlu6ws9zaPlq5niHljjghMUt3IuNMf6VglTUFyogBO4VMQ/oOT+ih11n6duw0VVudFI7hxGnKvKesDgD69x3Uh8lNM3w5oWuHuOExWSiBZpYWfkjzyp+H7qdxmsVW+Jw3DS7ZNgr+qenneHcGOqIhycZ2XoDqeFuDT5Y73OxTS0u/vI8ke2U2Gqa/JmG3x9b5ijLUl2sN0cDLDEybuHgA5RJbG5z/ABKSr0tPYnIU64dJWi5OMoiMM39Ue26qKiy9SWjDqKT5qAdidwFohqovowW+O3cSQGop7lSO81E6oZ6xtzsqatt3TN3JZcKLwZjyQMEH3C1FPfJoC1tUxzNQByEeoobTemedjBIfxNGCuhRr2uDja3w0LV0eV3X4aibVNYa1smNwzO6yVZQ3u0OMV1oH+GDjVjK9qq+lK6gHjWqqId6g8qBV1EgZ8tfreHjgyaeV1aPJY7Z5LyH0vG38Vg8Vc2jmccNLCUM0kzXao3NI7L1K4dBWi7NdNa5RG8/gKxd06Wu1pe4SROcwdwNsLrU6+FnbPC+R+nZUN5izPltQCBLwnMe2N2S7SUXBLiHfmuBtO84+orYrzzep8NGyO1InUN1qIcYky0K1bcKS4xeFUkF2CAfRZ90QA8uwQtbGbPdpKcrUeT1XiZ052+i0qrIGjXTHUPsgQxPpnDWMfdPo7zNCwRF+oKzc2luUWjbUe/ujUk+jkSjZHiY6hrDsAQcK2gqNeOFl6ilq7dMMZLR+6l0N7p3vDXAtPuVeTPOBpw/UFwkg5yosMxcBtspIkBVi8Dy8j3XPDhedRaA5dBaeUtIUKEW6eEZsxbgYyhZC44gjlQDCJrJWnuE9ukqrJc12xRmVRAAKmBeCdpb2KZjCE2XVuEQSDhQtHNJ9FwklP1g7YSLRjKJxJnAIknkpuiF20rCfscJxGCuIHDci8tPK7PHPiJ8FKWvMt46ab4cuS6SLHIXhddbqm3VUlJWROjkY4gghfa2wzg7rJdZ/D2y9XUjxPCI6oDMcgHDlku0u5cHofHecnS1Xfyv2fJgwPxBFjeWq86v6DvPSVc6Kup3+DqIZLjZyzzcAnBz7Lk2aZ5Pc6XVxsip1vKL23VWkDBBJWvoqoGOMbLzqnqTG8LRWy4EhuSVhlTg9P4zyEN+GbWN+rgqQDtuVUUVZkDO5Vg2QEZzhKcWj1MJ5SkSfFPokXkjGEIO34R8jR9P7oMMcnkA45TScEFPeN0KThQpy2hops7FHb5hlVsTyHgFWUbgWBTJam32JJd0+6Wn3RZGZBSjhRn8KbIAQozx6IQGiMeVHeAQpZBygyAkKCZLJXzNAPChPAVlK0lQJBhAY7UQZR6KFMzPCspQCTlQ3tJQNZMFhBbKYXZCsaWt14Bxsq+obncBR4pjE/BCVKGQadV/HfZqop9Q5G6K155VHR1mVZRThwWOyDR6XS6pSipF5bbrNQzAl5cw8tytdHLT3Glxs5rhx6Lz5j/blXNjuron+E52AN/us8oHe0urz9k2TbRPJZ7u6lkPkecD/AEWv8fIzp2Kyd5i8drKyEYczckd1Psle6pi8GV2XN4KQ4nXpmo8FhcG+NHrZs6M5VpaqsVFO3J8zRgqqedPPdct1R8rWiPhj0vDN8JpGle0SsLHDOQqu3VDrbWupXnyvOW5Vh4rWnGVWX2E6I6uIbtO6g2TDXVpo6qOtiHldz9lMjly6OZu7T/qhMDbjaxndwb+hUO3yukp5KWQYLTgKnHHRcJF4XB2CEyofriLQMKPSTaGCI8hSNQOCUJpUmx9NL4lKYzyq57C17mOHsjxS+DWFjvoeMfmnXFmD4jecKAze9YZhr9TGmrAWjAecotiq/BqWtJxnZW17o21tD4jQC+PcLK0tQI5wXggtKdGOTh2N035R6e7zR59QqyUBpcM90a1VwqKRuTkjb8lHrNp3Y7o4x/ZtsfyQyiFM/Q7hVF/hfW297GYy0Z/JWcjsnKiyu1xvjxyMLZU9rOLravmg4M8yszhSVklNKMOyQnXilEcvjtGzufunXCP5O8Pe8bF2FLneyppHFw4Gy7/j7G5I+U+Wp3QnX+ipo5NFQPdW7HmGZj2qgJ0ODh2VxDIHRskG+y9LVJHza+GHkunTawH6UmPAdqIQqciakPqk45Ax2T28iqZ/HZkvKeTUwOBzkKNeIjNSuATLZU+QtI3Rqh22nnKyzR3q7fkjkwtLO6muHhYwtFNqeAs5dQIbiJAMYK0FM8yQMc7nCU1k06WeJ7RacjBOQocLw2ZzcYG6sCdsqskaQ8nHJWfODq9B3vyc7boT3jumB+DhMmcTggKZJvOTHLSfZQAcOUx30n7KvmOk5U7Acsktsxa0DCY85Bygwya/KeU6YkYUAUtxXV4wSAq4clWNUQ7Krn/UhRytTncOlb5Duqp486snnLfyKr5Bv+aC5YKgL8OSeyjnkqQTkHZRzysk3gelgI1SIeQo7VIZ2wriLk8EscLqEOUQcLQnwIsZ1JJJGAJJJJU3gacIHKF3P3RTwhHukyeEUlksbPEyWtbrbnG629riZJVRtcNs5wszYKdjRrcPMSttZIGO/mEZOVydbPMD2nhKftRpIQGtAAwOye5NBGnGey6xecz9x7albEdCj1ROnSCpDsAFQah2TgFatPDdNCtXeoVtg4Y9cupx2G6mtUalaQ4/ZTImc5C914+nbWpHxL6q1jtu2xYRhxuVb9P0bq+5RRFhdG3zOVFI5wOAt/0LQyQQfOSN24BPquqv2eH1UtlZe3md1HQOigwx72lrfZWfSVoZbbeyV4zNMNRd91SUkb7zeHNmGWxHYdltWgMDWN2DRgJc54OS3nkksAznCMAMDShM7Ig4QqWBLDLrRkpoOUSM8HCLJXZIj+nC67bdNBTZniOMvPZADtyyBfbj8rSkN+uTyhRbDQPz4rs5fuq4yPvF03/uYTj7lbG2UoawHTgDYfZWFKOCbAzSBwEKaUunLBuB3RZJAwaR3QIGa3F5HKYCS4meUHCc54HJXB5WkdwoFXOWMLh2SiEC4PNTVCNu+CjOlbTxhuAAAhQANLpnjzHhRa2fxMxg4VkI1TIayoyB5R6p+jYLkbQ1uAFXdR3qGxWuStnl8Ng5KNcBwi5PCMX8UOpJ45Yel7VIRV1bDqLeWgnH/VVlFborBbYLRR48d7QZD+Jzu+/oq7pSlnq31XX/AFBN5p2k08bvwN7LSdPUzauV3UNYD4MeSB/oEE57TqbNkVGP/wC7GXC42zoexz325yjxI2jYnfJzgYXyf1P1Dcup7tLdLpUumlkcSCeAPQLY/Gj4hv6tv7qOgn1W6mf/ACwBgOXnIyXZys1ljfR67w2ielgr5/m//II1FaPRMYMBGBAG/dJz7OzOe8br0Z25UeWTH5osgAyogyXKlLIVZwgkjAUiMYGCuMYAMkbpSY04CXYNHEjHKjvOxXXE77ppSJPAC4BO3ckAcpw5R9LdGcboBqfAED1XcBdPK4dlCzuChaneqIZRxpQjJtwpKW0g9zhghBJG6a6Q7oJm3OyW7A9mQ5l9lwyejUDUuZPqg+QtLAbxfZIy7cIGEsBA7Bg8vceFwl3BK6uOQKTbIcDyUslNanYKaiCyUslJIcqEFgroJyigDShYOcqEHjhdXBwuqEEknpKEOYCWAupKEB4CajJihBiSSWVCDclJJJQghyn/AIUxLJUIdJOeVxJIcqEHHhMG6KOEzT7oZRyQ4kkkqIdZ9QRgRhASyfUqmiB8j1CWW+oQMn1SyfVTABPgqXRDA7K+t90hnAjd5XAd+6yzCBnKOyYxO1N5Uy0OrscWbdrtvVGa72WatF51PEVQ7HoVooXteNXZGdXT256JQOUSMYJQm49cozOUZvhIMOE9MHCeojUnlBcBPTF0nKsckFSwUhyjDThD2EkDT9PsugIjWghXgJLIIcohAIzhd8P3T1YxQyAI1cBMLfZSfo4bymaM74VYLcOCK5gVVe7c2to3DIDm7glXbm+6C5o2yVaeDDqdPG+GyXR5bLCQdLgRp23TDGQM5Wg6pohQ1fjsb/Ll3HsfRUBlH9KZFpnjNVV/GtcEBOyS6eVxTAhcjEk9JCGMST0lCCSSSUIJJJJQCT9HofQVVDPQy0ucPbvj1V7M3zY9Fieg6jw7k6H+pq3M2xK62nlvrR5vVr47miMWg8hc0N9E48pJmBClkDgJqkIKEMczn81q4N4Wf8oWWAOVqKf+4jz/AEhaKzNqBy5gImCuJxlGYCWAupKiDC3C5p90RJTBC/6PkIlmZ7Ba1hwsV0u/w7iQfxNW1ByjRzr197OpJJIxAkkklARJJJKEGJJJKEEuHhdJHCCScncqEE5xyQDshpyaoQ61L6kmrgOEyIQwpRfUuEjhKMgHdWGOqSQR9lXzEZ5Uuc5/RV0hOeUJBkrTtjdNwGjJdwi4zsqbqKtFBbZJc4cQQEqyW1D6ofJNRMF1ZcH19zcxr8sYdICj22MahhQHF0shkJy5xyry20umLfk7rC+ZZPQuPxVqKLCFoawAIrUIDCI0hNRnbyOSyPVcJGEMn3UIPyUslMSUIPyUslMSaC5xAVlSe1ZLTp+jfVXJhGNLNyt9qGANQVBYqOOhoxI8fzZBqJ9ArBkxccjj7p8FhHK1C3SyTRyjtcAFGYctTgTlOMo+V2nb1UUnDS8lKeXL9PooV3rPlLdNJqAOMDKGXQ2qve8HnvU1W6ousmr8Oyqj9JSlkdLI6R7i4uJOSkfpKzS7O9XHbBIEeU5NPKchl0NCDYErZfD9hfO6UjGVjmcrfdDQGOmc7GMqodmTWy21m1JGDuFGDiCuEn1SWg4a7IfUFT8tY6uYndrCvAaWoP8AF2vP4pCc/mvZ/iFUmn6aqAPxjC8QpT/v9OcckLPZ2d3xkc1yketh5cxpccnSEE8pkZPhs37D/JORLoVKChLCGg4SJymJISgqSEkj6KwfZuR6hLPuoAqDnhGZMDjdfkw/oBglvip6hhiqohLGRwVj770KI2yV1keD3MLjg/ktayQIjXDKhSWDyD/eIiWVERjeNi07EKytd2rKB2qGVwHplb+8dP229waZWCOYHyyNGD+awl36Wulmfq0+NAP+JHuMKYJk1dr6mpq0COraGP41Dup80EEwJ0gg915nDUE8dlf2nqd1KRFUgubxkKxpfSwPp3aonOx6eilW+6yRSeFP9J23K7S1tPWsDmEbjjKFU0D8a2AY9EBDQU8rJzsQUXTg8rIx1tRSyAayMK8o7tHUNa2SXdUDJZLXwfEABP6qpuvT4qMvaBlW8TgRqa7ZHG/CsXymeV3npxshczT4bxwcLMVVFXWt2XA6RwQvcqu101c3ErAD6gLLXTp10bnRmLWz3GRhGnkLJgbZfQ+QQVLtjwVZVFuo61hIa3J7hRLz0sIcz07S08kDsqSO6Vttk0OJIHqmRSZYd0dbZao4BLAcg+y13TvXDIS2Ocn9VR0t1pLozw59IOMbqHX2QxZnpDnvsUYEpYPY6G+U9bG1xAIKmyUzJBlgyCvD7T1fV2uXwpw8NB78L0bp3rSmqCPEcdxwoCm3yaCalLcghVdbZ6eYE6Ax3qFo454KyMHAwhzUWQdByPRVgJTwzCS0UtM4teAR2IUV9LHJkFgOVs6igIJJYD+Sqamg8NxlYzHqEMuhymmZgRV9A7xKWQgA5wtNaOoqeshbDV4bINjlRnxA48qgVVnL3Gandpee3Czy5LaTL+426lrI8x4Gd8hZ6WCpoZNILhp4KLbrhX0DzHOC5nuMq/jdS3GLJa0kjhUngFrBWW6+S6xDUbj1KvWPY9oe0NcD7KlrrCfrp3YI3CjQV1TTjwZGnLTwSjbyRxyi5q7fSz76Q13qFWVdtja0txkH1VhSVTZmBwdk9x6KU6ETgDhWAlhmHrrMT/dRhv2VLU258fLcL0aoogM6QqestzXA5ABV5DzkwklM5p+kqNJERw391rp7Vzhnb1VVUW1zT9OPzTYywXhYKQj1S0+inPpHAHb91DMDmnjKOUVIBpGl6c+It96ac2IzvqacbCOQ50j2XrvTHxA6e6rjELyKeox9D9jlfPU0RcQQhiSeB2qJ2D6pUqdyEyjk+qX0bmjxIJNTTxuhuY2UeHPGCPcLxbpX4wXWzujpr1iqpG7AY8zR916/ZOpLH1RTeNa6lr3ABzoyfM1ZZ0NATT9ESv6WEg+Ytkoik5y3ZQor7eLO8QXOndIwbawN1pDFLE7MZIPOCu+MyQaKmEE8ZIWdwwVn9jbXeqK5jEMgD+7TyrJZS4dLsLzVWuV0UnI0uwg0/UV1sZEV9pnyQ8CRoyfzSnBsF18ZNgRlGjqZYsaDwq233akuLBJTytIdwM7j7qahccCXHJYwXPO0ynsqY5PodlZ8DJRGPlhwWOwhEzrNADldVTT3EjaYqfHUxPHlcqESg2SkkzOUleRbWB6SS6BnuqFM6kmpKECpJJKAD0kklCCSSSUIJJJJQgkkksFQghyiDhMAOU8cKEGpJJKEEkkkoQSSSShB6SSShBJJJKEEkkkoDKW0ekkkjFN5EkkkhayRM4RnuhTUNLV4bVwMlZ3DhlGXWqi9zMxX/D+xVUhmphLRvccl0Dsf+irJOnOr7Vl1urm1sDOGzHzYW7XclTeRXHnzOoKykd4V6tU1M4bagMtP5qwor1Z6vZtQ0k7YJWvqIY5frY12QRuMqjuXRlirm/8AZfAeeTFtkqDlYn2QpKSindraxrs90KW20xGGxhvuAoU3RNwomltDdJnDkBxOyG5vVFBGPEpxM1u2poyUwiaJMltrAQ6mmxgcJB99phq0+MB2CDH1AY9Laulkid3ODhTYr9b3s2qMZ9VA1gFH1BOTpqoXQnP9KnQXVuw8UEfZdD6acavI8H7FNdS0bv8AhAKiShknR3OMtwHI8Nac/wB9n2VMaJ7DmCbAPYpgFVG7D2ah7KAuCNPFUtcOc5Rw5p7hUVFOHAZfjHIJ4VpC7I2OfzVsTKGSd4jD9LgSmky9sOQAMcLoJzyq3+ijrw7GJGbILore7yvbhSw7bducrmiF4w6NGuSZK59soH7xO0lBNoe/JjcMfqrY0MP4QQUN1HUAfyX4+6PKIp4Kp1qnQJKKcHGCMd1bmOuidlxDh6Lhnn/FBwr3INTyVPgVWnAfwutkrYiDp1D7q0ZUEnD4C0AZzhOxCfOMKtyL3orRVSH62J3iUUuzxkn2U0siPLRj7oZo6Vw3j3KohG+SopN2gAfdMNsYGgRVDxjjBUs2tvMZI9kH5SdpyyXThC8AtIAKa5U5/lSkj3C781cYwPFGoBS9VZEAS8OThUnGXwb+3dQHaiILi/Pnbj1Uhl2g0gFuFx0lO76mAH0ISEVO8bNZv7IBcopDmV8T3YY8AlE+aPaQKMLVT69bX4z2C6bX/TNhMAcSUKyYcShE/iEgH1k/ZVht9c0kNeCOxTWwV0btwCPumFfHktxdH98rrKuNzvMOfVVmJu4SIlG+VC3WXXjUxGNI3TMxtP8ALcAqYzSDsn/MvPf9lWBbrLfxn6siX90QVMoH94VUCd/9ZRBU52KgHxosfHeTnMmV0T1R+moI/JQW1Adtkp2o+qsnxkgVN1jkzrbKz0Kd/Fq9hzJQ5H+FBZLKBjJwE9taRkHOVQLgkGHUQbgS0cjfyRP9oLe8APkLM+qivn1ctTfBo5P72ID8lMlbMk9t1oHHy1UefTKMKhsgy1wI9iqd1stb+GY9wm/welx/KqJ2/ZyDIOwu9j3Q/BzuBj3wqY22pYcwV8gI41FNLupIhiOenkA9OVCbC6MZaccLhimaAWTafyVGLpfqU6quiEzfRi6er4o9p7XWM9fJkKE2FwXVX0ua2VvoQo81PHNs+jb+gVe3reyAgSPkhz2kbhSoeqLDUf3dxj/VTJYGps8UwzCZIX86mlRW2u90wHy1wdJj8MgytBHLFKwSRSNc08EFPbvuN0bZFIzYf1TTPL30bJ2ejTumf7RSRHFXZq2PHJ0ZC1RzxkhBLC76nZ+6mQk/7FBF1Bbn4L3Pg9pRhTI7pQVWGw1kbiPRynz26hq4zFU0sb2n1aFWv6Ssz/7qF0B9Y3EFMXBYdwyQRv8AZdI7Z4VdP0k+EeJb7vWRydtb9QQI7f1fASRUUk/u/IJ+6tTJlei1fDHJ9bGu+7coLrZT/VHQwk+ugKL81fqTBr7a2QdjAc/qpDOoYI24lppmfkjyU3gJEyCnOJ7RTOb/APSwUYRWCoOmW2Qs/wCVuEJl1opwHCdgz2ccFSoxFJgtLMe2CpkqSyNfYLHPh0Rki/5HJzemw0D5S7Tj/mdlFFO0bjO/oU6Nj2nLXkFTeAwbrVeYmYZUwSgcdihZuMIHj0Ls+reCp7amqjPlax33CM24PIAfkK/lYpzwVjZyR54XsI51BE107h9e6sTU00uNY39cJporbP8AW5uT67KvlZFc10VFZZ7ZeIvCraaOYdiWg4WMv3wC6EvwPi0ToC45OjYZ9cL0c2unjP8AKqHs/wCUpvy1UNhUuIHcpkNXOH4sJ6mz0z5u6j/smRGaSSw3DOd2lxwfthebX74AfEqxOPgWh9S0b6mbbfdfbDzcoyBHEHY5cEVs404nifnuCNlrr8rdDsfXrZr8j85q2DqKyTujuVkqIRGdJLm90Wh6tfHhra58B9C4r9CK62WS6MMNbbaeVjudUYyVg+pv7Ovwk6pjzWWJlNKTnxaX+W78/VbqvOWL8joV+VUOz5nsfxHu1HoE1T48fucrV2z4nQz1Gioj0tPcK9vn9ixrC+p6K62lpt8tpqunMmB/4SvOr/8A2dPjn0o11VSxU94iB2FI0l+B/hK6tPlK7FyzdR5dSeGz1Ci6ttFZL4TZg0n1KtWV0Ex0wvDivmll66isDhH1J09crfKDpJlpnxjP5gK+tHXLhI2aGv052wXYK6NeohZ+LOrVrap+z30OBTmkeq86tfXmoMbVEOB/EDytNRdU2+oeIy4t9yVtUuDZG6E/xNCmuHCFFVQSDLJGuz6FGa4O3Cp2NB4TI9RR0tWwxVdNHMw9ntzv6rMXL4a9P3NrnQxGkmOTqh8uStguAYVq6XoGUDzB3RnXnT7DPY7z85pziGc5DR7KND17fLLKI+rbDNAzgzsBLSft2XrcYO5BQ6mliqYjFO3Wx3ITvmfsW0ZC09X2O+NBoK1jnEcE7q58Y9hnKz18+FHTd1c+anY+jneciSLbB9SO6zr+mfiN0tltDcBcKaLeME+cj0xujVmQXHk9DDweye1xxjJXnVF8TTSSNpepLfLSS8F2nGfutbbeorXc42yUlVG8O9HBNTwDKO7snzW+kqGOjlha4OJPHBVNL0tPCTLbqsg86HFXwlyMgLrnYwQeUyNu0TLSxl2ZmKuvFvkEdRTue0Hc8hWkN2tdwi8Gsp2OJ5a4K0c5p2c0HPqFW1dkoZ3+J4YaTzhaatQkZbtFlcIgVPS9LUEz2uR0JO4GdlUy0NdTF0VypxNH/UBlXRpbjbiXUspkj/pO+F1tyEw8KoZpd3yFuq1ri+zjarxlc+0YG99DUFzYZ7cGwy84xgH7rB3SwVNC/wAOspjGeGyNGxXubw1pJa0EfZR56Ckr2GGqgZI13ZwzhdTT+Sl7PJa36fosnugsHgPyszNgdTR3yhviim8r2bher3b4cRy65ba/T30Hj8liLr01W0D3NqKdzcfiAXVq8hGZ4byn01bDdiOTNS0kzN4W7ei5DWVFM/Sw6XDlTX6ods8IMngzjzxgH1GxXQhqTwOv8G0uiwpbp8w0Nqn5yu1FkhrHOqaSTQ7nCpjGWHy5OFMorg+ne1wcfQg8FaY2ZR5XV+LtpW4NFc662SCGpBLOxPCvqKu+YaHscHA+ihSGnr4gXBrg7sRwq2qpZ7d/NpHvA7tzsmqSZxJLHZsGSEj7oocN+FkqC/PyBMdwr2mr4KkDS/f3TAZRwT8lLJTBwlkcKAYCbEYKGYy7hdeCeDhJqNSAGEysOWnA+6eKwNIbInEg9kMxg9lb4ITI5muGUQPOFXYLeDhdbUzs5IwjUgJLJN8Xf6dlwuBagib1G5XcouMZKydLznYrmMj3XEkpoieCFc7Nbr7Svo7lTiWNwwMjcH1XgHxE+ENZ07PJX2aF01GcuIG+kL6NyD+L9kOpjjnb4cjQ9h5aeCsltCmuDraHyFujlmL4Pil58J+CN+4VlbavQRnsva/iN8G6e5+JdbA3RKMufHjkeq8MrLdWWqrfSVcTmOjONxyuZbpmj22g8lVqFug+TXW2sD8ZIV7TSeIBusJbalzMNBWjt9djklYLaXE9943ycbobZPo0bBp75RmuAUKGpD2cIzHHKz7cdnfrsysoOQo7+Cj52UaTJHCWg3LILOHbKZFLqACr3HBT4pcYyrA34ZbtfqTlDilBACOZT6Kh6k2EPCA4ZJ+6IDkZSf8ASVQwjkDCiuG5Clu7qK7kq0KsQCWMeig1UQG4Cs5ScYA5UN7DhAZro5KqTIBB9FDfuOFZTxZOQFEkiIyQEBhtgQJIwQRhV80eNwFazN3UV8WrKp9GCyGHkhU87mOwQralqNWkKpniDTkDCJTz6SAeyzThuNek1TqeJGkhflqkxE6stOCqqmm4z3VhGRgHPKzSj+z0FGoViyjUW+vHgtilwdsFchcaCvBB8j/MPsVRx1JZhXNO9tVC3I37JMoYPQabVuUUn6NKHtkbkOG4UWU6Hh2M6eFDppy0iLfH3UyoaTAXDlIcUdeu1yimXlHU/MwiQ4+wUtzG1FM6J2+yz1inc0/Lu7q/jkEbw49ko2wluRBstSaeqkopcgZwF2cG3XPxcfy5dj+aHc4jSXJlZGAGSgKTeI/mKRsgGXAZypgpTcQsrzFI17N2uU3OWtIO2MqpoZhWUOhxy+MYU2hqPHhMbvqZsfsgNELB1WAWNeB5geUVsrKylwcamhDIyHxnckZChtlNNJg7Z7q8BSkCLjE90Mgy12QsfdKQwVjwBgHcLbV8QkY2do37lZy/wGSFlQzfScORnO1cE1uLTpmqjki8IOw7A/ZWle3Q4uOwwsX05UPbcA1pwCtzXBr4ySM+UJi7Jp5fJVhlHMc8d1H42UiU4c3dAlxsRwtNayzNbFJ4PPusKZ8FaHHh7tQUeik8SlkaewWj6xpmS05eRu0ZB9Fk7a57JcfhI3C62inssR838vp9l0/0wcsRYSSEWjeS0xevCPVx53aFDid4Mod6L1Ncz5Xq6fjm0XluqNvAKkB2M5VVSS4qAfVWzCDutaeTlWLEshaCbTU6DsCrGbLcE8FURcY60PB2CvJZRNTFwHblKm8cHV0ln24ZleqqItaKiMJ9lqDNShrnZLNlZXRjKihLHDJAWcs73RVbos+U7EJLNdM0rVg0TNxgndQ6kYUiJ2ahrT3TKhuGF2OCkTjg7yeSuLgHYJARJMFoIUOfPjn0RAcx4zwgwCdxjUB6KFV7DIClN8ziAgVjTpwPRF0KsntRBjqSyYHGwUx8glaDhVEnklzypTZx4YGFMMyq3kHMeSoMvI+6lTzjgBRZN8KIz2vc8nHfSVXVH1fmrF30lV1R9X5pV/oqsZnYoAPmIRXj3QgN+VgsNAVhyMqQNsKOwYGFJHZNrFsMiNQ0QHCeZre+By6SMLiZk+qJvAB08pyYnpUxjOJ1IXOqGtDc5TScKbY4TJV+IW7BJtlti2aNIt1iReW6ARODAtrZIi1mSMLKUTMzjA2JW4oogyFowuDqrdywe/8AFUfHhkh5IIwjxfSFH/Ei5GnBK5kaz0eUdkcNJJIGyryS6T80aodtgHso9MCXkrqaCndM4HltWqa5N+idCwAZA+6M86NwuRAafsmSuAAIXutPH469p8J8hdLVaqU30Foqd9wrIaSIZdI4D7L0qtc+22yOkpsA4DSRyT6rLdCW8yySXKRmzfKw/wCq00TX3a9MY1+Iabdx7Epj4Rw9RJzbiaTpm2Pt1GHSgF8g1Z7/AJq6YPMmsb5BgbAYR4hjGQkvLZglhcBmjDQnppIIGEThGlkSx4b2zyjxsAHCCzLijMHZSRAizvU9yfEWUcDvO4ZOFeVdVFRwOmlOMDKyFu13avdXPaTGXENJURUeHkubFbtEbBp8z93FayICOMMAUC3wtiGdOPRTCdlCSlkFLJqkDQjxnwxnCjRR6pSSNhupOoAKAjs7HJVXUPc+Yg8BSp6hrGkE7qvJzk+qhDk8mmPI7dlEEZc7URuUWXd2Oy6NhwmwSIB04Gy8n6xqqrrTq6HpmmJNvoXj5/B99xn7BbP4i9THpmwvqYBqqqgGKnaOTIdht3WFsVEOk+mH1Fc8uuVc8zOd3weMq5YR09NWtu5dvomV8YulzoelKEaYI8B+n0HKy/x462h6XtDOjLc9ol0DWQ7BAOd/2K0vzkXQfSVT1feN6usaWxhxyePT0zj9F8q9T9QVXUt4mulU4kyvJAJzgeiyWSyzs+H0P8i/5J/iv/Ur9nHPOd0Vg3BQWdtkZoOyS0exa/QRuAE2U4wAVyQ7DBQ0DWeC4xyccT3KTANWe6E7JICOwYCVjAUnjgeMBqCTuugnB3QTyfulSlktcnF0b/kuLo2/NAwjiWv2Ti4BAdMCCEIyPQXI9R+qGSMchBL8nOUwk45S941QyFLm5+ofqhk7IBBzyU/JO+VUpYD2Cd3KQ4SXNPulSW4sGknpKiCSSXWqyC0+6Wn3TDk74S0k9ke0vA4couG6UEHK7k+qooR5XQDlcHKMNOFCHRwm4HKdkJqhByWR6pHhCwdShB6S4OF1Qg9JMSUIJLDv6f3SH1BHAGFTeAlHIAhD0qSW4Qy3blWCwKSR5SUIJJJJQgl0A5SAOU4kYUIdHCR4Qs+ZSBwiawQCQcriOQMIJByhIdSSSUIJJJcJx2UIczhLJKSSAAJnO45V7ZL1gimqHD0ByqAOGCMoeh2rZRLk0VWyhyj0tjwQDqz6bqSzlYizX10EgpKonIOM5WzglDmtxvsmLo6+ls+SOWSRwis5Qhwis5Vo6lQVn0hEHIQ2fSERWaEFHCc3PZDHKOB3QoJDgO6eBhNT0QyA48JmDlETtPsoNBhvlAIS0t9E7GElBj6BvZ3yo0rCcFTUJ0ee6hmnHJn+obeKy3PbjLmDU1ecOLg4tIwRsvX54Q9ukjIcMLy2+0ppLrLC12WA7BEeZ8zpsNWohpJDZJGefEkkkoGJJJJQgkkklCCSSwV3BQyfoDGS66UqPl7uw/1DC9HkOXZxyvLbK7TdKZ2dvEC9We0k7BdDRv7cHB8rHFiaAafdIMz3RkjwtpzU+SOm4KeeU7T7IBmRrAMrT0wxDH/yhZuMEkNWnpgRDHn+kJ8DLfIMGjTjCAWOzwpA4SwEzJn3gMYSRS3C5p91CAE5o3wUQMx3SIOeVfZcpYJVqcYrhG4DnYrdNGB+SwVCSyrjOO63bH5aNuwVmG/l5EkuBwJwCuozOPSTFzU31UIdSXNbfVLW31UIdXH/AElDSUINJOcLiSc1QgzT7ri7n2XDyiawQchvxjlJzgMjO6CSc8qyHSVzOEkkQYOU7blRHco8/ZRXIQorI7IG5OF531zdHVNX8nFJ/Lj2PuVtrzWR0VvllecbHC8kqaw1dU6R3DifdYr5ekdTRVPduY2jj8SUMWkh/lsAwqq3waZBIQrjTsEqPJ0L5bhqdrd6pqSYJHa3eqakkoQMkgpKECqdaaYT1G/YgqENyB6lXs0lHbaHwmjMxAO3ZFFZFWvjBPnrgwCMHjZWlCT8u0kbrN2aB1Y7xpQS0HbK07AGjA4CcjnX8PBJa8NG6HPUiNh9UJx4wVW1VUJ6sRNJwjFxjngntl8Q6vVZnriudHCylacajv7rSQMEbdyvOuqKuWpusjXu8rNgENjNekr3WFQkkks67OtJYGpyanKpvBYZgOV6Z0hEI7a2TG7ivOKaMyzCMd16jZad1NQRsd3GVIM52unxtLJJMSyBynOWDkpZMD8Wat/ydPTxyYaXnWB322XmVEwuuFOAPxBan4kVsk17NOHYZGzIHus3ZB4l3pgRw8LNKW5nqNLSqtNk9HbsAMdk5cP1LqaujBJ5eRJIKSLAIkkshc1AK28EPrkEZRGykEKMDj1RGydsL8myhg/fisyTI5yMDGylNccDdV7XjlHbN2IQhpJk3V2ynEBzdDgHNPIPCjtdlEBGOVRGjOXvoulqCZ7Y4QSnlp+grGVdFXWyXRVwFvv2P5r1k4PdAqrdR3GIxVcYe1WU5YPNKK7y0xAYdu5ytVbepo6jEc7xgDuqq/dEz0bnVFua58I3I5ws0HugOlwII5B2VtYCPT3MpqpmWlpz3Vdl1M8gM3B5Wat3UD4mtjlJwO60FPcKaqaPOA4+qrAZa0F3e0hkj8ZWhpK2GRo82SVi5YH/AN5Hgj2T6W6yQO0vdjCgtrJvo5gSOMKQCxw8zWn7rL2+6h7R4rtldU1VrAI3BVAOLIV06eime6WAhody0jbKyF56Ohm1aoAD/U0L0UPDxhcdA13puqUmisnz3dbJLbZnGMOGD2TaG91MBEcp1D3Xt126ZoK5p1wtBPoF571N0GKRpngblp/pToTzwyZKSppaC8Q+RzWS85VQBcbNIA8nw87OB2QJYqy3THBcMHurSlv8NQ3wK2Nrhx5hlMa/RDR9PdczxERyy5A9St/aup6SrADngErxa4WTxWfM2hxJG5YCg23qGvtUuioDxg91MEPo5rIqhmphDlGmoGknLVgumviJD5WPkx7FegWy90d0YNDmlxGeVTXBMsq6u1tILmNH6KskpHt2cAPsthNA12SBsoE1Mx+Q9o/RIcQ4zMrUUZc3I3UJj5qGUPYD7haqa3AZczcKM+kYG40hAMzkjUV0jqfI/Y+hRqigpqobtGfUcqPLRRv4ZpPqNkOAVtG/Z3iM9+VQwi1NvqaJ2uBxI9k2mrKlr9Rcdu2VeNmZNHnPOxCiVVBqy6MNH2RKWQBR1sUg/mnSiaKWoA0HKz1yq321up1NJIf8IzhMo76ZiPAp52/dqIhe1FtjcMjvuqestjft+6nU1wlfgyZx7qWTHUNxwVCGRqbUGlVdRbCzgfmt1NQMduBwoFTb87BoCJWPohhZ6UtOC1Qpocfh/dbGqterzBqp6m3lp4wmKxMAoDGN9l2jrKy11DaugqJIJWHIcx2Cp0tIW7lqivgI/CmOKkgXFHpHS/xtkh0UfUsYe0bCUDzfmvUrRerL1DCJrdWxyZGdOrcL5bkpdfI4Uq0XW52KYTW+qkiIOcB2yzzpTFSgfUz6eWE5ZnCbIYahhiqomvadiHDK8q6X+NcjdFLfYsjjxAvULdd7NfIWy0NXG4uGcZ3Wade0rDKet6VLXGpstS6nk50A+UplN1BdrW/5e7UznNG2sDlaN0MsRy05HsmuNPO0xVcLXNOxyFncci9uRUF6oa8AwzNz6ZViHeXduyy9Z0hTk/M2id0Eh3wDsVCZeeo7PIIrlAZ4m7agMlJlEpwT7NpgE5RWSvh3CpLd1Fbq7GmYMf3a48K6bIHNDhx6oMMRKGCVBciDiZWEdbFIBpVS3T/SAuiMj6TgFUZ5wyXgOrdPByFTR1c0GATqb6E8KbDXwSbE4KmTPOtkpJca4OGQV1QWOSSXQM91CDk9MT1ABJJJKEElgpDlEJGFCAxyiADCZ+JPBGFCHcBI7pZCShAeldT0lCDEkklCCSSSUIPSTElCD0kklCCT0xPUEWLIxJJJQFrA9JJJQDcxJJJKDBySakhIOSxlJJEQWEvZJJXkvICakppRh8EbgfVoUOTp+0Sg66OP8m4VmkqLUmjOT9IUhdmlqJoz6atkJvTd1pnZiq9Y7B2VpwMd0YHPPZQJXTRipor7A8tdQufjuwJsdXUFo+apJos7ZLVuRugujY/ZzQfuESeS/lcjFyOydTNkwVlzhP8AJnbj3Wqms9FI4v8AD0k+nCjyWGlBwATlGTKKyn6jqGs0VEQLh3HdT6a/UrxlwIPomy9M00mXMe5p7bqFP0pWHemqvywlkyXzLrRyAAE7qQ2drsEHlZH+FXymwPCa/HGDymsutypnGOqoZiRt5UbAkkzate1+4IKdnHdY9vUzY8a45ovu1SKbquiccGdxPuMKbmC4ms0575SwPUKkg6hhlHlkGCpTK+F2CJMk+6mWC0yxcxjhgtCCaKA/h/ZNFXCR9S6KmI8E/oplgfdkYaCIHOVz5N34HYKktlDuAnYaqyU5TXsgmnrM4BGE3w6jGDDn81YGT/5crvij0RSi2EpyKrw3f0Hb1SLc7YVsQx25AKGSw48g/RCRPJUmFjhhwBTflY+wVq6CInOgLngxjcBQLOStNO8cJmipGwkVo5jQSAE0wg9kwtlX/voO+4TxM/8AE3dT/DHH7Jpp242bujyTciH4g5LVwzsA4wjmkl/7vI+6EaM53g/dTIux/oD4lMTzj2XCGO2GFIFHGR/d4QjSgbDKmUCM8P0cP1XfAeU75WTkFc8GpbxLn2VkOimk7HBTmwVw3E0WPum/76O2QnNmePqbuoQK1taBguafsnNjlByWj9UyKuDdiQEZlU1uCOShyAObHJkDQitY/GdASZVvI8rgR9k4VHq0KZRDojJ5GEQQg8bJglGfpRhuiIN+Xb/8pSFOBu3n7p2cd0sn1SgDhiqMHDNvXKEYQfqaCih5CfqHooQrprTQVIxUUsbh/wAoVbUdE9N1GSaWSInvE7StCuafdQhjaj4d24HxLbd7nSyeonyD+Sit6T65oZNds6xEzeBHURAAfotzp91xzfdNKTwY583xPt+MU1FVt7kSBv8AmjDry8Uob/FeiLpGMYMsBbK0n8sLVEZ7pmn3VYL3IpKX4i9OynRMaimkHLJmaXD8ld097tlWR8tXQuDhkZeMoc9DTVDdM8Ecg9HMBUB/S9lkOZKJoJ/p2RSlgmMmha8SDU0gj1G644A4ysz/ALOSwH/cb3XRM7NLg4fumvZ1VRyaGTw1MfZzhv8Amh7A2bTTuGe6GYYSfNGw/cBUjOoa+lwK60zuaOXxjIUmHqm1yuAcHR//AExqtNlNMkz2W2TuL30rMnuBhRX9PwM/7PVPi+71NhvFtqTpgq4y70zhHc5jsEEFTLKbaKr5K8U7dFNWQyj/AB7pjbleKaQsrLcXAfijHKug3HAT3ehKpstPJUx3umLgyeKanPYvbspcVxop3aI52E/dGfEx/wBbWu+4yoklmt8rN4dDvVhwowGsk9pb2ASLQqn+ETseHUVbI1o/DIdQTx/GYHaJGMmaOCO6p9E+PPss2ucNgUQST7Fr/wAlUfxYxeWoppGO7jClx3GlkYHCQAnsUKk0U4E9lfURfUzIXP4swOzJTuGPUKPDUxyOOlwOEUgOGCMhFkBoMKm3zjUWAOP5JfLU7jqidg+yjGKmecBgB+6aaNww+GZzCON1PkYCRINJVtyYqjPs4oeqpadMzcoeblGRpeET5ufAE8fCNSbCxgj19ttl0h8C52+nqI/SRgK8x6w/s1fCXqkOl/gb7XUPOoz254iOf+XGn9AF6zG+lmHnByh+G0k4O3ZOhqLan9jDhdOv8WfLl1/sh3qgd810T1uJXO+imrYgzP6FYO6dJfF/ot5F76Iq5o2OwJaR4lDvcBq+3jFvsEMxE7EArp6fzN9fEuTbV5C2D7Ph21dfwxVAZUVEtPKDh0MmWuB+y3dr62Y5rXCYSA++6+iepeguiur43N6k6YoKyUj++fGPEz6l3J/MrzS5f2ZumzkdLXyrtLidTYtDZWfvjAXVp80p8WHRp8vOH5MpKPqy2zBoml8Mn1VxFUU87Q+GdjwfQrCXb4R/FPpyQk26G9U44dSHMmPXThZ0Xv8Ah05pbg2qoZmnSY52FhB9F06tbVNZydSjysLfyZ7G3ddXn1B1dVxQgMqBK3sSclaGj6voZgxk/wDLediSdlsVyfR0IamufTL0twcpxawjDzgIcFfbak6Kesje701KQY3dgmqxoZuXoqrj09aLrH4VVTRzMOSQ9gOD6rD3X4QwMe+r6ar5aSYbhhdhq9NAeTsxcw5uzgm/MVlHi7ZfiH0xj+IU4rYGclmSQFeWj4i2mqIhrHOp5eHMkGMFemGNjtnAH7hZi+/D/p6+apDSsgmd/wARgwmK0mUPpa+lrmB9NK14PocoxHqVh6noDqKxudLYbi5zWb6T3CBB1lebdIKa9W9wc3YvAOCj3ZI+T0FnugVVDTzeYsAd6hVVr6ptlwAa2YNd3BKt21cMu0bgU2Nu0ROlS7IYogNi3Ye6bNb45G4Z5XeoU/bP3SWiGpcejDboYS9FCY62heXOaZGeyFK623NpiqYQCdtwtCWAqFWWunqNxHpd6t2W6rVtdHK1OhXpHn/UPw/pZQZaJoy7sFgbn0xV0TnZjcML259LV0hyD4jPRRKmmoq5pjnjaHH1C62m10m/uPH+S+nq9RnasHgUsEkZLXNQg3B5Xql76CDg6Wkwc74CwlfZaiikcJYC3HcLtV62MlwfO/J/TdlUXGayQIKh0WzVNirHzNLJmhzSNvZQnxOaeE+PIcNluq1H7PB6/wAB8nSwOqKSF2XMGD7KI2aWmd9ZACsQQRumz0zXgacBb1dFo8lqNHZp5bZodTX920bpePVXNJc4ZwGl26ylTQEEFowoj3VdG8GMn8ijMsq0eiteHDI4Xden81jrd1JIwhkufstDBXtnPlIKszussMg913I9VGa4kZTgTlHkAOuBg4GyYDtuuot3ohyUPA8vKZFJUNP80ZHZELs4ynENkGM8IkAhwlBHZdyPVRzGeVwZzjKshIyVwk4XARjcrqDAYxzy7jZZjq/oKy9V0egMbDUHfUBjJWoLdiozwWOGBlKnWpB1XT08t9bwz5j6q6KunSlaY5Y3GHPleNwVEoaxzMHGV9PXK1W+80zqW407ZGkbEjcFeGdbfD+t6drH1dG1z6VxyMb4XPv02ej2XifNOSStfJHt1bE9rcu52+xVtHI08brGUs+g+h7hX9DWZAyuPdU4s+n+N8jG6Kiy4Eh4TiQRwo7Js42RRIMLPhncyAlHmzhAcSCMKVJvjCA5ueypi5sJDIWkZCsGyBzQcKpD9J4ypkM3G2Alja7CfnKSY1ycDlQ1qSYI8IB5Uw8H7KKd8qiS6AytBwo0jBhSizPdDlbtjKt8ozTWSunAyoMrQQrKYZP6qC9KaMdq9FbUM3GCgObtyp07M754UJwxkqjDdEhzsIzsoOXRvzhWTvQhRZog4bBA0ZrEFpKw5AJVxBUlwGQFmY/5b9XorWlqQQ0FZ5xOlo9TtWC/ikzjcK4ts5DhxhZyCXjCsaab3WeSPQ6XUYeTSB4D2yN4CtGyNmjxqGCs/DUh0BiPPqp1uqCG6Cdws1iPQ6fUphPmHU1VhhLdJHdamKUyQMlyMuCyNcwulE3YlX1oqfGjZDnJSEscnTptLSrh+et7o/xs3CDaqg1VI6llP8yMaSjwP0P0ng7FVwY6iu2phw2TOyI0S5WQVC91FWOhkP4sH7KwfJ8pVCRv0yKBfAQ5lWxuOzvdHfI6SijfgFwGUskXgsHPydWVFrfLEZSM6U+mcJYGvC7M3xojH6ouxzeRU7/mKH6t/RVcrS5r4JBs4EbotFK6OoMHYJXBjtXijjurawZZr5ODJxmSgrS3OC137Le0U5qKRhcQSWrD3eJzKjxTw4bLQ9OVodCIy72RLsx02OFvxj60+Hlw/DlCedVL4nflSbuwNzgbFQYnZZpAyFqqK1TxMq71Caq2Oe7nGFiIx4UoGN16BU4fC+IDYrz65RaKp4W2ueDx/mqft3k5wEkWr2VVKdE2QrChlD4TEQcj91ErITqO3K9Vp5ZrTPknlavjsyOhmIIeBwrunIdEHZ5WehwI2jPCtqGbIAyt1cso8/Yg0xy7VwrWkn10RbtuqmVuRkKRQTah8vkopLkbTZsD6Q8OYeFlATS3Q+hdhad0mip8L91R3+D5edtSxuQdj90ia/Rqqt+9NljE4eK14IwjVJy0e6raJ2uJkhPKtGYe0d0qSyei09nyLJS1YDXZwhNdlvspdyhADsD3Cr6V2WCN23ulYwHOWEGhfiYZ7grlU0Hb1Qnksn27J0p8TdWuzLOTZRTnMp9AlqIGFypBbK73KaHak3HBjlLDwd1FxJK5keoTcgA5QcnUlMtPI88KHUchTPwqHN9QSLiR4ZGk2CE3Od1In5H2QcbhYrOzQgsalRfSFFjUqL6Qjr6F2BE4AhcHKMAMLSlkz4z2NHukSMJHhRy85UbwW3gf/wARFGwQWfUEUHAS2UNO+yv7JFphDtO5VExpkeGhaegHhwsYG8BZL5fbg6njK82ZZd2eFj6pocNgtezDRgDYKhsEDMeIW7q8zgFedueZtH0Lx6xDIQd1x7hjGQmBw7FR3nJ5Uqhlmmy/bwKZ5J5RaNoJUQnzAEqwo2kAOwvQeM0+6W4+f/Vuu+KlrPLJL26Bn2URzjK8M7uOEedxGAp/TFu/iF1iOjUGFerSwfKpyxFyZtrfC2zdP5aMO0jA7kkLRdG27NG2slZgvOoqnuUDrhWQWiE7Zbqx2W7oqeOkpo6aIYEbQMJVvBx7rOchwBnhFaBj0Q28hPBACXF4Mcm2dTmnBTXnKdHkEHCNMoPFsPp/dSIzjshRkEDAwuVlTHQUzqqThu+FCFB1lcD/AC7XTnM0hGQPQqfYqB1NTMEgHrwqGwxy3q7TX6QeTUWtBW1pWZ3IUBbwSoRhqUjsEAd0tmg7ocRdI/jZQoNHwm5OUTZuyBUkaQFCEKoJMzkN6I76soahAbm6u6bM8RxGTnT2RjwvP/i/1LJbbPHYLW7VcLofBa30aef9ExDaqZXS2oyzaqTrzrJ15ccWqxODKfPD3b5/yCtJTH1FfYmmPNJRu11BH9Odgo8dIzpnp2C00uDUSgE45c93dZ74g9VQ/DrpCSkjm/8Aed1Gohv1A+v27fqgueDq11TusjXWuOjzb44/EF3Ut6bZ7fIWUFuZ4IY12Q5/cryoj0CI8ukeXveSXHJJ7rmn3WCyfJ9B0mljpaVXFCjB2yFIw0Mz3TIwEzcnZTI7gR5TE5NAJVlnWN3GQi7Bq4wAA7IJJBwEucsCzp5Q9XsuEg8ndDJGCAUhselkICAeQhkjCGSc8oZcQlSlkJRyFc477qPISnavZNPCAYlgZqOvGU9uwTNJ15wn42wlSjkawaS5g6uE7G2FAziSaQcpAHKhDmCu6HeiI0eqdgKAt4B4KQ5RtIxwhD6lCh4AwlhqQO2EMatWeyMg5JOHC6gIMXclcSUIdyUhyuLoIyoQIOEsBcBGF3IUINSSSUIJJJJQg9OTU5UxjHocuzccp+QkRlCFGOSE5pzwmqYWj0UdwwcIkyTjtBroBykOUXyaPdWAPAGEI54Kew74XJQdtIUBSbOJ+QmJrdQcMk/qjKJCaQMLoPZdUIRnNdqOyapRAwox5P3UCTEOVw7JJwOUMlkpjUl0jC4gKO5KTJJIpWyxuxp3XElRC4/hbb9TmptLcVMY/mRd3H1CPY73NSzfJ1gc1zTpLXchU9vrqm2VTKullLHsOdu49Forxaxe6UdTWnzP/wCPGOc9yiH13SrfBrIZBIwPadiMqTFyVkelLuZXminfvjy57FbBjNJHujPQaK+N0eA44Thymg9k4cqzohGdkUcITeyJkaVSCQ5Echx/UiM3wVY+AQcowAwhAd0YcKDmNLcJpGO6KkoTJHIKSIQhkYKgpgiwHkrCdd0DIpY6tjMF/lOFu3DKo+qqUT2iR34mbg+iM5nk6vlol/Y81SS+6SI8QJJJJQMSSSShBLo5XF0cqEHgDCcA09k0HsunhQAkWzPz9Pp58Vv+a9dwMDPOAvJ+nmeJdqZuM/zBsvVnAh/st2i5i5HB8pL7khJiKOE1bTlgWtIO4RQPVLAT1COTwcpos1DQN1pGgNa2McgYVRbYS+pBIzhWobrrcZ2CZAzTlkKNkkjykmChJJJKEGJ6SeoQfSszVRkDutmzj8lk6Fuaphx3Ws7D7K2ZLhgJyjMIwBlAXclMM5JJGOQoxJylk+q4oQ7kruD6pNXCcokskHJLgOUshWQakklkKEGLjyNJGUi5uDugknPKhDpK4kuZChB5IxyhE8lLJ9UJ5AG6IYlkFLJwhFMkOo4BwoV4rxb6B8uvGdkmyWEaKq9zwuzI9dXsyvNDC/yt2PuVkaOKR8o0Djkp9bPJW1rpDvqdsrChhERcD6LFL7mdyuCqgkS4GhgGFJBGOUBdyfVMjHAqbywqSHkJEjCog/I9V1AydXKLtp53UyQ6nNQvxJ44U7JjITxC0ggbosDaisnxgnPKE1upwCv7HQv1ePsB6FFFMVbHEeC5ooG01MyMDBxupY3yhDA/ECnGRrO4/VORz5RlN5G1Exiic/0VZb8uLqqQcnbK5WVZknbE8+Tvgrs9dTxRiLUADvseEYyNbSJtfO6G1S1WNsFeYyyOlkdI8klxySVturbhG20Q0NNLkygOOFh9JGxCVZybdLDatxxJJJIbwbBqeNlxFLRhD2VlItenqN9XcGNa3uDlemsIa0MA4GFkujre6GmNVIN3DDVqWbjcooHG1k91hIUS5VApaZ0+QA0FSQdjss31lcI6SxT6zgu2COUsIzUwc5qJ5Jd6ySvuM9TI4kuecZ7BTukKeJ1e6ZzNRa3LfZUj3bFx5O61nRlI+KjdPI3BdsPss67PV2vZp9hpQRuEI8lIZPdMWmHRyEmwxIwdwgnfKWfdDPupuSJhjtWxOeFHfOQeQk9+nuSochc8pUpZCjHJ9SWLrCnrnNZM8NLuMnbK0zZQ8AjGCvDWeIzBaSD/AJLS2TrOqonNjrAZIxtkFfmGyo/eUJZPUGPJUmI5VLa7tRXSMPppgXYyWk7hWQfpPKyyr9D0+CybgcFLWWkBRYJtWxUnIccZS5R2h5CtceUQOwOVHT8lCCG8XV5cbKqvfTFrvMeXxNikA+tgwVYA4XQQO6vJDy259P3GzvIljL4RnEg9Oyh01dJGQ5knlXrkscUzDHMwPadiCMrK33omCrBktYbC7nR2KtvPAZXUF6e0DL8+xVn4tJXNAcA12OVjJ46u1SmnqWEOacbhTqO4AtHmRdETL1s1TRPwxxLPQ7hW9u6hc12C8g9wTsqCC6tYA2Rutq5UQYHzFO7LTvgdlMMm7J6PRXmmnABdpPurRr9QBByF5JTXeaneGvJAWns/UjzgGTb0KDaRxRudnZyFGmpYZW+duUClucdS0aBkqYHFw4Qt7QHwZG+9HUl0a4iJjXfbC82v3Q1db3F8LHOaN17t4If5scKJU0kM7XMljBB23CZG5lJnztFV19ukxlzS3kZVo+qtd7aGztEM2MZPBK33UPw8grA6WlAB9l57delLhbXn+W7APotMJKSLIVXaKugPi0ri5vOxU2w9a11skGqRwwcHfhR6S5VdA4xztLmd2uCdW2amuQNXb3hpcMloPBU4IesdN/ESnrg2OpkGfXuttDJSV0QfA9rs+hXylI652ebV5xjuFr+lfiVX0MjWSuc5oIzkoJQz0Q93ki0k6Qoc8WPw4/NV9j63s13DWmTwpSN2uO2VfSRhzQ5oyD3ys8olplQ6MtOdK4YQ/GytDACP7v8AdC+VI9kBamV3ygDtQAC7gtJBCmmFw/D+6G6P+pQshvgjf9cbTn2USagZpJiaxn2CtzB/hQnRnsFRDOy08jDktTDM+IcZV/LS+Jk4VbVULh9ICJSyGR4axzvqRmFku2wUGSF8Z8owmxzlhw5WQmzUjCNu6qau2AkuA5Voypa4DJTyGuCKKwQytTas8DKqZ7fp5GFvX0LXj6R+qrKizGTJY1GpkMS+hIzt+6hyUxHIWtqrNOw7NVXV0hYQHAApnaKwUDoCM5apNrvV1sswmoaqSPBzp1bKTJSkb6f3QJIBt5Uucck+LJ6T0x8a/DLKW/wtDRsHsG69Ntt9sl9hbNQ1cb9QzgHcL5idC0ctH6KRRXS4WeYTW+pfEfQHb9EhwFus+oNLonZbkJ75g4fzGtd9xleK9PfGO50rmw3qNs0XGoDdemWfq2y3yNrqSrYHu/A47rPOrIp1MPW9N22sf40bTTy86o9lEZD1BZ3Zjm+ZgbwOSrouJPKcHHGNRSNnIpxZFoOrodmXKJ8HbOFoKespalrX087JGnfyu3VHUUlNUxlk0LXA+oVc60eB57fO+CQdwdigcWhDjg2rmhwQxC47tO6y1JfbnRPEVfEZG8a2hXNJ1DQzNBEgB7gnCDYwXWmW0c1ZC4bZarGCtjkAa44KqI69kg8p1D2UhjqWUefn2QttGeyr9Fy0BzdTXZC7p91UxSSwvJjlOn0PCsIaxrxh2AVRnlBhtXsn5HqghwPC6C7CMBxaDJIer2S1eyoHARLPZcyF1QoSWSkkoQ6Ccp44QxyiAjChDqSSShBiSSShBJJJKEEkkkoQSemJ6hBJJJKCZj0xJPUA7EkkkoWJJJJQg5JJJQgkkklCCSSSUIJJJJQg9JJJQgkkklCCSxvlJJQm5DiG4+n90PB7I2n3XNAVk3DDvyU0sjf2B+4Ri3O2UwRkHOFCbgD6OmeMPgY4e7QgP6etc25poxn2U7Q70TiwkjdQm4zlR0TQNeXQ1EsYd2DjgKOej6lm9NcpPbcq/qaqqgm8MUj3sPDm/wCqlwOL25IIJ7FUDul+zJtsPUNM/XDV+IB2eU4s6mhOHRB2P6RlawtJOQ4rrQ7jVwjBctpmG3S6wtDZqCQY7hEF9B2cyRp75C0LmazknP3TPlYHHzRsP/hUJuRStvUfOsj7hTYrtTvjHn++4UqS1UMg3gaPsFDf07QOOWtLfsoTcg7bnBn68ojbjETgNO6r5enmHHhOd/5kz+C1zBhk+w4zuoWWoqQ7GE4zDYbbqnbQXJh3kBSa2ra7D85HqoWXIGrfK74eTpyqkSVLTgPRmurxxurQubx0WIgJ3TvBwOVBZU1g+sI7ap/cK9zF5DNjdnlPMKYyshb9Sea2nOMPCm5gylgaaYDfCD4OCpgkDhkcJulpKrcwfkACm2+lD+U9lYADGFzR7IybyAad3ogmkzy1WegJmACqJvK00EJ305KAaIgnw24yrrQ3+kJaG+iuSyWnkovlK5rtbCQfT1QXNusTjJ8vIVoXDSQUVmQME5VLgMxs3UjqU4qIpGn7Jo65tgw2SdzD7ha+elp5tpIWO+7QoMvTVlqM+NQRH7NCLKIVFP1jZn/VcYR7E7qwi6jtT/7urjdn3QajoHpifc0LWn/Dsq2f4bWJ+fBmqYj/AIXqLghoWXaieBidp+yOK2mIzrKxr/hs+PJor7VsPYF5KjO6L6yhP+79RMwOPEJREN2KylzjxMIompnAYl3K88/gXxEp9xW0NSB2B3XW1fXVJ/fWdrsd291CHoeQfpOQkvO39Z9QUGBU9N1z/eIZwmD4s09K7TW224wnvqi4UwTbk9H45TPD91h4Piz07Jj5qoMOePF8uVbUvX/TFWB4N2psnt4iopwlHs0YZvuV1zBgYKqoeorZU/3NbE/7FSmVcL92vzlWVhh0juMJgkB3CWv2VlHMEjBOR6KLLR08gw+Fh/8ACFNBymnGeeFROyoksNG/zMiDTj8Oyh/wySB2W1NSwD/GStLgbABcMeeVAOuzPF9xjOmK5OGn+sqXTXG8gEunppCPfJViaend5ZIwQfZCfabfKP5YMbvVhwoRSRxl0uJx49HqHqwI7LpGd5YZIx3LgoL7XcmEGiuAAH4ZTyhmbqWncRJSUtSz/C4A/uVCYL2GuoX8Tb+hR/EY4DDhj7rJN6lo6f8A+e9oqqfHJEOoftlWdLe+nqn/ALPWhh9H5arBlHBcmOKQ5c1rvuMoc1moKnzviwfbZBimp5D/ALvUtefQOypTJH4wXcKuOyiHLYYjhsE8kePQoHyF8pHaIpmTR9tXKucvwCMbrpe4bYyrBM5NX3GndpqbeNuXMBR6a+w7NlcWZ7OCuy4O+pufuhSUVHUY8WnYR/yhUo5KbSIsN1pZXYZOM+5UozxuA437hRpem7dUDZhjPq0qE+wXCkdmkq9TBwHnKgKwWgYM5HBRHMa0DQMKoJvVIwOlZqH+EJwvTmDE1O/PrhQhaB2nndLAJ4Uanr6aoALZAD6FSI5Gv3ac4RgidSxuG4Ud0DwcsbsprV0DA55V5BlMiCN34x9woNxsFjvMXgXO1wVTP6Jm6m/orhjWnOQhuaOyKMpReUyRuaeUeSdQ/wBnHo+6TurLLU1Flmccn5fdn/lJ4/Ned9QfBf4h2GMy2yOmvUbDsGSeG/H6FfT+M7LjWkbro0+Rtqecm+nyFlfR8YG6VNmn+UvdHUW2oacFkoI39j3V9butpXsEFNcg4jgOOV9P3rp+z9QRmG8W6GoYQQdTRn9V5b1H/Zv6Yrony9MyPttTkubvlpP+i61Hmd3Fh06vKyfEmZai60dFGBVU+sju08rQ27qSzXWMN1iJ+Nw/bdeeXv4U/FPpFhndTsutKzvDzhZxl8kgk8G4UctLKNnNcMEFdSGvhJfazo1a+EvZ7oaRsnmika4HggoMtPIwEOG3qvLLf1ZV02llFcPp/C92QVrbT8R4XaYbpBodwXDgrWrmzX/Ii/ZoGjGQQo1bYrVcWOZVUzCXd8bqdR3qxXdoFPUMDj2JCkut4fgsOR6gpsdRnsYrsnmt2+E0cpdUWWodBINwAeVmqik6w6dk0VNO+aNn42g8L2ow1FOctJICc18cxxLG0n3Cb84XyHkVt60p3uEMsmmTgtfstBBcnTYOBg8LQ3v4ZdN34OnEZiqHb627b+qwV46A606ZcZbY91bTDcNyScJ0bl7L+RM1EU2rAON1Ka1pHK85p+rnUrxTXRslNK04IeCFqrZfqOqY0tnByOQRhPjbgROtSLoxt9FDq7VT1W+NDvUBGZWQyHAcjgg7hPhqJRfBkt0ykZ2ot1ZS/S4vZ2wqivttLcG6KmFod64wtu8Z7qHUW6CcbgAn0C6VOtcDlanxldscM8lu/RRaHSUuHDnCx9VQVVG8sliIA7r3aqsj4maoX6j6LPXWxU9c0sngDXjvhdXT+Qbf3Hj/ACv0nG2DlSjyNzjkYRo35xnsrm9dJVtA50lMBJHucDkLOPzCcO57gruafURkvtZ8y8p9OWV/ZOJMka17VCqIM7AYBRY5CSM/5o5LHjjhdCrUepM8L5D6etqe6tFNJRlhBA3Q/Gq6R4dE5wx6FW0sY22QDGCMYwtsZKSyjzFlEqpbZoNQ3+QYFQd/VXlLcoagDDgT7FZSWlA+kKPmpo3a2POPUK9/OBEqYvo3vi5wQERrx6hY+n6hlAa15z+auae6RStbzujyJlW0W+fddyVEjkD8OBz+aktOQjyBtY5cPC4RhcRlHMnUjtI0jcKMu5KhCVkeqHJGHb8oerON0eM7DKCSyQiSNezYDsgSw01whfRV0QdG8YGQrRzGkHIUSSMNOQ1JlHIUJ7ejxTr/AOG1XZZ3XG3gvp86sNCx9FVFhwQvpedsVVC6nqYg+NwwQd14z8SugJrNVOvdnjL6CTd0beYz7rnX6fd0eu8J5uVMlGbKemqvEwCQpriC0HOcrKUNwaAMknsQrmnq9WBnb1XKtr2M+paHyEdRHLZasmJ2IylI3IzjGUGMgYOUfxtQxhZ08nS3ZWSI7ZyfHNoIxhcnZtkKC4lruUJXy7C9gnDwBspLTlUNHV+YAq5iqQ9gChspvU1wGKC/gruSuHhVkd8oM8oLh5SjHlCcMNKIjaZDl5UGRTpeVCeDlKwZLVkhztONhthQHA+itpQNJz6Kve0eiAxWkYgbqK8ZBUxwIyojticoDHZ2Qp2nIIT6ebSRlOl3OMKK9jmuylTjkXXb8ZfU1TnGcKyp5s4WZpZtJAyrWGbABCzzhk7uk1G6PJo6abON1M8Z8T2vYfyyqKkqfM3ZW4kD2BZZxPR6W/CL55NRSteBgndPslUWVLY87A4UG1VXiZpn9hkLtSx1DVNqGO8jzuPRIlHJ3abftTNpkZJyg3RhmibKz64t8j0UehqfmIWuzk4wd1Ke3Aw4ZBQNHSrluQNzBcqBwP1NaoNqlc5ppHnIGQEehkNHWmJ5yyThRanFFc3PZs0nKGKwVOWC2oNmmE7FEz4chGNlFbIGVLZAdnqbPhxDmhEFGzKKira6nqRMNgSphLZYSeQRlArm+NGQBu1DoJ9TDE5242Vi9+15Kq8wtdBnG43Ch2SqdTzNBOAThXFfDq1Nws8/NNLxwcqLsxT4t3o29XF49Lq05dpVHTSZJb6HCt7ZUCqpgdWQWKnLDBUvifyHZ/Jaayah71uGSOxVeBp5CyPUtM2GoMgbjUtTV/yq9r8bEKl6mp3zRido2BWiGTgeUh8lWDL0NV4dRp7HZS6zG2yq4/5U/m7HKuJi2SNr2nkZXqNFPdUj5N5yjDyVpBB2Uy3vIPKC9oBOybTvLJRtst8ZYPKPDRcyEFnKHTOMc4cEt3xFgQmENcMrQnkz5wydUuOTUgbqvux+YpQD2KnyuHhgYUCZutpYThAx1U+SFRTujjEZHCuKec6d25VAyQxVDmEfZW1DMHgAjdKPQ6K3KH1p1nSR2VE1+iq8Id1oKlozws1Vgsrg7GyVJZNNz6JUv1A908cJjzkhPachUnhi2U1a3+aTjuVHaR6qZXAazsq8E5O6J9GOzsUmdsIY5Ry3IJ9EAOyUDJHoIOFCn/D+am5ChT/h/NIu9Fx7BHcfZCJGeUR30n7KPg6tysVnZqiuAzOVJh4CixqVDwEdfQqwkDlGBGOUBOAdlaUxEpbR54QvX7omdkE8n7oZ8gt5EnA7YTUhyhInhky3ReJUt9lpaUeGeFR2MA1OCFpIANWcLmaqeHg9N4ujKyaiyt0xD3Csn5zscZUS3MaacbYUl4wDvyuFas2ZPa6aKjXgYXnHKC48rrjucFMecNWimG7gwau5xY1gLqljR7q4hxFGGkKposvqQwhW0wDGhud17Dx9OyvJ8i+pdU79VtznAGaXthb/AKGtxt9C6slZ5njWT7LB0FFLX1rII+/f0XqoHytnZTHlwDT/AJLpo8jqrPt2ImdJ0xq6qe5yDJc4hh9Ate0kk5VZY6JtFQxsDcZAJVm3ugsORY+gi67K4qq/XcW+kc7ODwqUQEslyCSQScorSCBtwqiwzTVNE2WfvuFbR+UogkSmbFZvrOv1thssD/5tQRnHYLRzVEVNTunldjSM/dY+xQOu13qL3UAuDSWRg8YVCzR2W3R0FDFTRtxpb5j6n1VvFsMY4QYW6WDZFa4NBUAHTyEEAd0+ABsY23UbzSSZ53U0DDRuoQa9xAyoM8znEDClTSADHsoI3cVCHeQguBypGOyYQ3uoWv7gqiohpYXVFQ/TG3krxCxSv636qq+taxpbSwv8OkY7dukcOC0vxnv1ZLDR9E2aVza67uAIH/dnG+e26ix08NmtdNZKOPDGRtjH3HJRt4Opp18EN/t/+hyWeF9VUXyukDaa3xYy7jLQTlfMnxC6qn6u6mqrlM4lmshgzsB2Xo/xs6w+SoW9HUDx/NbqqSDv9ivEnfSVkvswep8F4744/Pb36GnfJXWA8pg2ejgbArJJZeT0reOzrfKPVdG43Sxn2Sf5cYV9CH/YE/6sBFiaDjITNOTuFIjGAjjLIXQPsozvpKknhRnNO4wk2rJaeCOScpmSjuYQUPSfRIkmaYsGkkkgDBLuCiJKi28AcBdx2RUlCxmAljsupIQzmAlgLqShDi6kkoQYmIyHkKEBtDgcHhEGEsBCIfk4z+qhfYZJMSQFD0klzIUIdQwCiLh4UIcyU0E5SIOUnKEHg5GV1CyPRdahTyQIkkkrbwQekm62+q7qB7qxo4E5TxwhjlGj5CF9jK1yIsdjhAkZgZCm7EDZBkY0DYq+i7IZK8g5SBJ7o0jMElRh9SmRBIY3PdEHm2wgsAxu79kaOQKpBROSMIwh/kpmzhjCjSR6TsOUSlkKUMdDQeyIOEMcog4RiBHhRy12TspKaQMKEIyS6/6iuKBD0kkkAIxJJJAQSvOlLubZXiKQkwTeVzSdvdUaexwaAeCFaWSF31DRSWi6mppiWxyHxGEcYO62tnuTLjbopgcuwA77qgt72dUWh1qOltXE3yOcefZROkq99FVyW6oJHmLSD2IRyWDbobvhsNywu29EVqDHyEZqI9RCaksoInDVlNHKMAMIUhiHM7I7N8IA5RmfSFY1BhhOHKCOUVnZWNQUcJJDhJQIahyDjCMmSD2UI+iG9pPCg3aHxqCWPPLSrM5OcjCivj1DB4KbExalZraPIJWlkr2EYw4hNUq+M8G61EYGAHFRAcq2eEugoTaOpJLuCqBOJJJKEEkkugHKhBDP5J4wRjOEhjHuhklRgIv+jIBJe4ieGnK9NeQTwsP8P6dnjS1Dm5do8vtutuulpFis835KebtoksFdAOUTTkDZaTGD0+6fjG6Wn3TwwnhHGOQZvgsrZCGjxj6I0ILpjKOE3HgUbXIlE0+AHHkojFJ4CHcpJ+CkjwL3jEk/BSwVCCT8FIBEAx23RJYI3gl2tmagHC0ROOyo7Y3BEuMK3ByMolHJmnLJIyPULjiNJ3CjZPqlk+qmMCx55SSTgMI0iCAwkkkjIJD1u9U3ITVCByRg7hRyTlN1e64SMKEHavdcyPVDJOUsn1UIOTclNMoHKE6ceihaTYUuaO6izTdkyao2BAVbV1RAyd0DkaK68ktz2cl4wsH1leHVExo4X+VuxAV3cbo6Kndg79lisSVFS+aTcuKTYsnR01e2W5jKODDg8hWDQG8JrI2sbu3H5pwc090EazdKW4IkmEEjZLTPqAiGQrw3whSi30PyUifUruiRozIMJA0wGqU8KOmUugvjnjIgc8BODifL2THVlIwYYMYUc18hPbCuOmk+ytrJuluN8LuuOPkqAalz++E3xATkuJTFRgNQyWTZwNwjtu1S0afE0t+6qDI0DGrhc8dp5JGEaqwU68lz/GpQd6k5TZr3VvbpDv3VR83StO79x7JrrnTDGCrUMAqhLpE03KqL9eo/qkayRxy4OJO6rxdYAMBu67/F5hu1o9leClU/0T5ZJpcYjJx6oLopnb+Cc/dQ/wCN1vqPbZL+N3Ds9v6KnXkKNUl0g5gqx/8ADlObFUceEobrzcDt4o39kM3CsdzKN/ZIdGRihJ98FvDQSzENxp9yVd0HTcDwDJWwk+md1izWVg38coJmqSSfFfk/4kP8cGVLmez0T4aeFkMbmYaMbFSmyNPBH6rxJtbXt+mqlH/jKKy63Rm4rpf/ADlRadiJ6He8nuDCXA4GfsvMvilXzN8CkwWt1EuGMZ9P9VQjqvqKnI8C4PGPUqzoviR1PTNdFPUCaJ3LSOUMqWgqNEqZ7jEuJeWgD2Xo1mj8C3xRkgktB2UR/W9qq3AXKywZPdsYypUN66UqMBvzVMT6cKlS+zbdF2rCJ245Ca8bbofh0s4LrdciR6SHdDdFWsbl/wDMb7InBoyy00484HED1CBK7I5wmOlAOZNTfumveJPpKXKLyJlDb2Mk1OdgJ7YPXuusiyRlv7qRgNAAVbCuD0zSPRMLWlGTcFfm2cNx+54zwdoLnWWqYTUkpGeRnYhb6x9c0VxxDWZhlGBvwV5/oDgQVFLCDkDfss9lIatZ7lT1AduzcFWUM+rDSvGbL1pcrS9rZneLGdnD2XpNl6hoLuwOppDnG4dzlZp0tDVPPZpdQI5C6DkZUQZBBBKMCMZys04MZgNnCRJIxlN1JavZAMyIE854XRJk4wkkBhQMBXWuhuMZjq6dr8/ixuPzWHvnRtTbyai2PL286c7heg5CWQjU8FJHkcFbI3yy7OHIKnw1zhgxyY9jwtpeOl7ZdWlwibFN2ewYJPusHd7NdLHIDPCXROOGvZuPzTlJNEbwWxqKWsbomaI3evZQTLX2uc8yR9iPRVsVaZAPNnCnU9wLRoeSW+hQuH6JuLy29SPjcCJSxw98LaWzq6KZrWVGPuvN3QUdY3ynQ/1TGur6B31F7BwlyhgvGT2ynq4J2h0Twc+6eRkrzKzdW+GQx+oELbWy/QVIaC8HPO6XhlbcdFo9uPzVRdbJDcYyBgOKu9QeA5vCboCKM3ErB5TfOmqigJM9GJ4Dy8DzhZuazMB8azyua/ktLsfqF7rJBHK0se0OaeQRlZS9dDU9WXVFATDLz5dgUyNmSjy2SZxzT3Sk3G2rSqOusL2E1FucJGnJ0Z3C3dfS3O1O8O720zQ8eI0ZIUCa0CpcauxVYDzuYinqSIYWjvdbbpQ1xe3Se+xC9C6W+KlbRlkc83ix7Za85wqiosNFdH+HXxmmqeDtsXLK3Ow3SxzFwhc+MHYj0U2qXZD6asvV1jv0QFNUNbOBkxk4/RWeNQ2Gy+UqC+zQytdFM6KRvvggr0fpb4s11Bpgun8+IdzuQEudWeiHsUjBtlMEIKrbN1p05f2AUtWxspH0OON1bDIB0nI7JDg0TIPw0IsYEcyeyHrxwgJvAlmM7bKM5jX8hTcZBQCCw8KBlbUUAeNgqOrpJoZSCFrCzO6iVFKJTk4RZwGZkeIzkIkdZpIDzhWFVR7Ya1UtZR1LXZDDhEpZIW8NQyT6TlSBhwxhZmOaaEgZIU+G54w0yZ9leSFpJEHgjA3VTV2dkhzjdWVPWNkHAOVJaGv/AAonLBE8GMrLNKCSGqqlosZB2IXoNTTh34RghVlVa4ju1uCrUtw5SWMGIdROH4cKLNTnuFrpraCfK3hQZ7cXcNV4JtTMyKUnnZNLJIwQ1zgDzg4V06gIJ2wos1GWEEhC4plOvKL/AKe+J1+swbDVP+biHLpvM/Hplei2P4k2C7Mb4s3y8h5Y8jK8XNO1+ABwmNpscHS71S3UhEq0z6Yp6iGrYJKaRsjTvlpynY3xlfO1rv8A1BZZWvornM1jfwF2QVubP8ZwxzKfqC3Na3GPHh2P5hZ505M9lJ6aY9YwRkFAktcEhL2xhrz6KNZerun7y0Poa6N+ofSXAEfkrpuHZcBgJPxinWylEVxpJQ6B7gB7qQ3qCtpnB1VBlnqOysHjKjvia8Yc0EH1S5wFuP7JdH1JSTYzJjPIVzDXwyAOa8ElY91op3uLm5bn0Qm0dypZM08+pg4BKDZgW4Jm/jq8YOxHqpbKyN2AQvPoeoKqnPh1Ebhj9FZ0t+inIxJg+hKDAEqdxtBIDwE850lZ+muXHnVlFcw/DH8eyhnnS10S9RBTtXsgtka/dpRFQhwx2GSTdXslq9lCsDl0HsmavZLV7KEwGB23K7keqFkpZPqoLCpLjV1QgkkklCDEkklCCSSSUIPSSSUAEkkkoCJPTE9QgkkklCCTk1ORIgkkkkIAkkklCCSSSUIJJJJQg9JJJQqXQVJJJQRLOeR6SSSgORidgJqeoTJzAXcZSSUJkbkriSShMiSSSRht5EkkkoUdXEklCHclLJXElCCXHMa45I4XVxyhbkzjY4RyzK6NIGBsFxJQW7MjDGHcpeE1PSREGeG3GMITqKF24yD7FSEkIJE+TwctnlHtq2XDBV4yyXPsVJSUBIoNe3bOU8VVe0fTnHuiknuUPV7q8B7BNu7mtxJCcjnZIXWI/gcENzmk7tyhhrQc4H6KibCwFwpdILn4ynispHfTMFWlsZGdCEIoznchVv5JtZciWnPEqcJGHhwVMIzkAZ+6IGvP4ii4CwWutn9QTlV63Dhy4184P97+ymSYLXcpYPooAmmxvKneLL3kUyTDJqSitkPdGbLnsjwTARLJ9U3WF3ICsGTcRFrTy0H7hDfSU0g0yQMcPQtRUlYPyNFZUdL9PVBzPZ6WQnkujBVVU/DXomuyJrBTA+rAW/5FapcwPVTJHY2YKp+CPQs5DmU9XB7Q1Lm/55VZJ8FqSnP/ALp6qvNLj6c1Bdheo5CY6MdirTLVkl7PKh8NevaPa3fE+rbH2ZNAXt/PCTrL8dqHD6HqKz17DwZYHMXqjW6e6coV8mDyd10+P1AMTdNWi5A/9zMGEf8AmQW/Ej4k25w/jXwlujw36jRuEn6eq9fahzN47qZD+TK6PKY/jxa6cA3ro/qa3f1eLb3HH6KdSfH/AOFdXII/9qIYCe1Sx0Th+RC9B0A7FRaux2S5RGG5WijqmeksQcrB+19lVQfEDoe7aW0fVtpe93DfmW5VzHUUsv8A2epjlz3YcrMXD4KfCm5anVPQtr1v5cyLR/8AekKnP9n7oKEZtct0th/D8tcZWaftyqAyvR6M3zDhdI3GV5o74T9W0H/zh+L1/gHZtTioaPy2SZYvjraQXU/V1juccfBno3xvP3wCrJk9McGuaQ8A59VXz2a3VAPiUsYPq1oCxTupPi1b4Y21nQdDXHBz/D6wkn30vHf2Kaz4uVVCMX/4f9Q0OPqLafxQPvhQhpZ+labOukramnkHBa/ZdgoOoKEkNvHzId+GRgAH6KgpPjX0FUuDJLhNTk9pqd7P8wr+k676NrmB9Nf6V3/M7SqISoq/qKnkxLSxSgf0lWVN1Aw4FTSyREbHI7ocVxo5D/JlzlG1NfuWA/dWAS4bpRyu8NsgB9ypGtj8FjwVTvoaeRxeI8euEWOijDRolIc3jS5QBwLhg53TyM98KrifUMGnxOOFJjqKlv1sBH3VYA2MmEAjB3CDJTU8p3jGU1tY0bSDH2RWTwvwA/cqgWnEgvsVM9xe06c+iBLa54/5lPMWuHbPKuRI091zLf6lAfkZQ67rDu5oKTbw4DRNC4OHKvAGu91ySiilHmY0/krbI7G/RAirKZ7QfFAJ7FGbI1+dJBwmVFkpX76cH2Uc2eta4GGctxwpvKSyTdu6dhvoq0SXeldokhZK0d8J8NzBdpngkj9yNkUZ5JjHJMcwJnh6uE9s8Lm6g8EH3TwMe6IvewJZtgBZ6/dEdNdRxBl2tUUjt/O0AH7rTuAKE5qdVdKp8BRulHo8J6j/ALO1HG6Sr6ele3JyGZ3CwN46C6s6ebrq6J0sI7tGSF9Z6fdCqKOnq4zFUxNkaezhlb6/I2QfJ0NPrZReJHxsTU0+zonw5/JXdr67v1rDY2VPjRN/C/dfQN7+GdjvAc0wxxg8YYvNupvg5NQudNRxHHZ0e+fuF1KPJwmuWdWrXQl7B2f4l2euDYbkDTynknhaaKW31UYmp543sdwQV5Nceh7lTReIY9RHbG6qY5uo7M3NPJK1mfpOSAuhXq4T9m+F6me5GB4OWOwPun+PVxNDdYcPdeXWv4pTQOZFc4iDwXdlvLR1XabwGfKzBx7j0WuN2eh+4JeOnbP1LE6O7W6J7nD6g0A/dee3v4LT0rTVdK3N7JAciCTg/mvVmFvLRsURaFqGgsnz++v6l6VlEHUVqma0HAkaMgq9tXV1BWgaJwCfwk7r1yvpYayE09RDHLG/ZzXtyFhL98JLNXF1TbC6lm5AYcDK0w1GSPDOR1scjQ4HnupEZDxq7LCV1j646Tlz4ZraVv6gKbaus6d501LHMI2c3uCtcLkxcopmreMlBkpoX5LmjP2TIaxs2HNwWn0UhrtQWyN2DPOsoa6zQSEkDGe3ZZDqDoWnrGl7ImsfjZzQvSJoi4ZxlQ5oPZaqNZOp8HK1vjatVHbYjwO4WK4Wx7hJEXMHcKCx+DudwvdblYqevj0viaCR+qwN86Akjc6WmaQf8K72l8hGf58HgvK/TEoffTyYwnKYW7cp9ZRVdFJonYQAeUJjvRdurVp/gz57rvBQ3P5Ig3MOeMJhYDs7BUtjQ7kcpr4Mb+q3V6iMvyPG676clB76SslomOOqPYoBFVASMux6ZVo9pZ+FDeRKNJGy0KUZfizzd2ktplixEelu88Lv705HIJWiobxHMweIRlZee3GQ/wAgb91AkNXQvGoOIHoiy4mR0pnpkc8coy1wXScBYGj6i8LSQ52e4ytJbr/R1YAMhY7vlHGwTKlotiDlcT9bHAFjs5SPmCNSyK6GZKI2UjAA4QXbEofiYPCMosmPz25Sc3UosUwwAjCoace6WwNoxzA3cBRKyGKqgfTVDGujeCHNcMgqwcQ7ZR5GADnlKlHKCjJxeUfP3XfRrum6sT0kR+XlcSO4CpKKpc0gEcL6Evtkp73SGjqWgt5HqCvCOobLJZbjLThrtLXHC5uo07fR7Dw3l57lCTxglQVeoAEhTGSZGccrMQVTg4Y7K4pa6JwDXnBXLsp2H0TR+ThbiuTLCSXUMYVfMzJPupetrhkEYUabcJLTOlZLjghmR8LwQVZUdxZs153VVUKI6QxHUDwgbaEQ1EqpZibSGoEgyAjagshR3WaNwaXbK/pq2KWNrte/cZQ4OrTqoWxySzIBshvOQcJamkas5QzINxhWO+UC8b4UWQDHClOOVHkCiAbyQpgXEY2UaVuwU6RoxlQpG8gIPZmtIsgAUORuN8bKbLyguaEKiY5x3EItxyFGnbkAhTZQNsBR3Z4IS5Rz0ZpLkhtcY3BWdJNrDSdlXTs3yAlTVBYcY2SGsGjTahVvDNHBLpIwQrilm8RoBIWZp6jOArakm0ncFZ5xz0ej0mpyi5Y90bg9jsEcFXL3fP0QcTkgYPsVnhLrA2xhWNvqXRO8POx5WVo7+mv3PD6LyxVToHiKU7YWjlIkhMjN9KyURBdtsVpbPM2aAxE7pUo5O7VZgFVN1MErfqZumXACutzauJmHjn8lKcwCfwXN2OybA0RSS0UmzX5LfZKaHbiHHKTBE8ndqtaWUTwBxIyqN7TEJPRmwRrdUlsgYTsURUZ47J1Qd9ICqYZDT1TmuH1FXFR2OFTTDM4k9CoSx+ydL/MwSs1cYiKpwAwtEx+rcBVdzi/m+Jp5VozW/cif07VxiHwe/CV0ic2pEvY8Klt9SYKrY4GVo69rpYGvHbcp0JYE7sx2sprgdhMeQod0aZbbrG5KnVrDJAdO+yiNb41EYwtlZz9VDdHBgatmicKfHIHRMG2wQLrTviqCHDglMgfhgyeF3NDLbHB8y8zRndkK5BJ0ODscKQzkqNOCSMBdeJ8/ksZRb0R8SLIdnIQ5MtfnCDaZSH6CdiFIqW6TstMejM0Ha/VGHZzsosu59ESnf+HKbM3bIQMuHBT1X8qr18gqXbqj+cAcDKFVxhw43G+VEppfDqWgjYFKxydnQ2fdtNNJiRZ65s0SF+NwVctmDh91WXRhOw9UEzrTWSM15cAixuPcKPER5RhSmkYyAlMW0VlX9blAPKsKr+8KgEHJ2TDDP8sDTwgd0c8IB5QBofkqNP2UhAnGcJNpa7AOOASgggu2RHjKHp91is7NMZYQVnCkRcqJHyFOiA0j3V0irAjeyNhulBXQTqG61ZwZkJ2rfC4NkTG2Uw8pUm2RnEkl0bkD1U6LissvrHDG2B0uPMTyr+3MJlGkZVZQxNZSs0jGwJV5Y2Ze5x9Fx9U8yZ7Lxq2RijR0o0MwE6V+2AU2MgNwgyO25XKae49NKWyODjiM8ocztIyFwnfCG8hzwwHddPQVOczz/ldUqaXNlvaI2mN0xbuR3TqqU54z+Sk0kfg0oDhvjKiOaZ3loG69np4KEFE+M6m6VtsrJe2azoOhE0j6k9h+i3MdEa24U8IGWRfzHD1Vb0lbmUVsYNAD3gOJWksVO1tbU1rtxp0AJp5/VTcpZLtoBAA2AXSMLjTgcLur2S3yYHlhmnCxPUdQ263aG1xE7ODn4WruNTHR0clVI7GgbD1WS6SpDW3Ce6TZzK46M9giURyWItmztkJpaVkQGMDhWEWWknCjx42HYKWXsZHreQA0Z3USwK3so+sKqR0MVrgBElTjceh5VnZKBtBRRwBuCB5vcqmtcUl1u0txnaS2MlkYPAC04AAwFZXYdmMJkzsYCQIAO6Yx5Ls4RMpLBIpW53cEeQjGE2IAMCFI7JwClFApySdkOMeqed+U7yhQg1QrtXUtroJrhVSaY4GFxU8kDleO/GjqGe41dF8P7UdU1dIfnADxF6f59+3uoaNPT80sFJ0Y2TqS713X1aHNZKCyijcc+Ez2/T91M6l6gp+n7TV3qZ48RjdMLD6nO/6q4ZRRWa2U9ppgGsjYAQF8+fFzqtl6uzbXCQaejODg8u7/AOiCVvo72j08tfqVFdf/AGMHernUXi5zXCqldLJK7Jc45UVccwajjYLqyXc4PdV1fElFehBu/KKOAhfZEagRU3+h5wAhk5KbKc4wUojndRlqKwEwF1OSVkUcDVzSE9JBjJHwRpGA7gIL8Y4Ut/GVElGMoJRwMi8sjnlcXTyuLPJ5HLkSSakhLHJJJKBDUkklAxJJJKEEkkkoQCmb59lIQsBQgh7pYCSR4UIJMaDqCR+tdS28F9BBwmZOcJoJ9V0cqigg4XVwcJHhQgjjukSMJhJyuZPqoQ4W78rqSShBx4SHCS5p90Mlkh1xK7qz3XEsBSMsBj2Y33UlrW4+pQXb8FPbM5uByraCjLaWA7pgac5Kjx1J7jGUdsoI3UHKSkNni8uBvkKtLS0nKuHYdsVAngOo4G+VGip15AZKcxx1BNIwutUzkSnteSVG/YJ0jcjKj6xGQcKazTJG12N8KYHVy+TKZCe1wIwE9nZEkaB2Q28phml2PXDwupKFEZzXajsmqUQMKMeT91AkziSSShY9JJJAABXQSOFxJBnBCys1xdbbjFUNcQ3IDh7K1v1N/D7tBVQO2q8TB33WcacHKu56l9fa4S4hzqU5HrpTo/cE5bHlG8t8hlpo3u5wMqe1ZrpGrfU0bg/Pl4Wkbsp0eq0M99KYUco4IwojPqCOwnbdD0blwHRkAHsjA53CjDOojOUNEZyrYZIZ9IXVxn0hdVhsYmIg5QzwouSSlg4Q3BUUc49U9xJdjKY7fZPisIRLlHlvU8Wm9VG3LiVUgYV71hFovT87ZaCqTT7qmeC1H+7JP9iHKecaeEzT7pw4KoQMPKS6QcpYKhBDlPwCOENEG+VCDQMd0jwfsuaUWnZ48zYR3VpZ4Kb2rJ6L0LSNbaBMAMuWi0YKBZqJlHboIY24GgEqZpxg5XUp4gkeS1U3bc5HABhE047LoG32ROTutUF+xUp4A6fdSKWM6wcZXWR6jsFKpY/Cd4hCZ/gROz0jlfJpaKcKbAwMp2DHZQKeN1bXmQ7xx5z/ANFa6R24RIy2PA0gJmDnKIuYCsSID1SwF1JHtGcjsBEadO6YRhPAycBTAUuizt7MsD8YAViwgDBIUGkGIG9sFH9N0UVgyy7CpLgIwkSMKAnchLI9UMk5XMn1UIFXDwmrhIwiIIk5TTumu5KY6RoHKhBx+6aXnhBdMMlCdU5ztwrCjHd0SS8BMM23ChTVDs7BRJaioOPMcItprr0dtvSJs9QGnkKHU3KKNvnKjTzEfU5VlVUUjN5Js+yHB0avE2vlhau95yICc+gVZJU1kx1ayAfZcluNAz6Bx3VfV392NMRBU2N9I3R8bGtfcw9Z48+c/TjhVwhEbscEqLPX1UrtQOPZANRK/d7sq1V7YxUwhwWjjCANTwEI1FJHu0En2KrnPcRhzilr2zhEq0g1iPSLA3CPG0ZCE+5TAaQcD7KEH6jhGbBK8DAVqEfRJNvobJW1LnA68rjpHuPnO/3R22+V4DiMBEFLABl7sFNjHCA3cckRodhd0nO5UsMZ2GyWhn9KEU1yBBOEi0lPS1+yErI3DvVNcwkYRElRZHMIPZc8MeikaR6JeCVTWS00iKA3+kJbcYUnw0vDV4KyRMHsMJEEjClZjGy4XR4VlrJF8J2eE4AgYynuewO3CYZoP6jlC1gLBwNTwweiYajPAQzOcfShwWkE0D1S0jgFRzM7P0pGZ/YK8B4Yd0GrdNMQQDNVdnbLmanO7sqbSYDGFvsm+F2TNbh9X+acXHGcZVJeikzrDUMOYZS0hTKa+XenI8SXIHuobXH0S857KnDISt/ZoIOrGn+VcKZskZ9uFNZJZqpgfR1RhceGuOyxzzq7cJok7DYhLlUM+ya5RtQydnDWvHqDyniU/ibhZGlu1bTOGmclg7E5VtT9R63YqIgWn0QqszW6aMnxwe0h2/CLlunj91GBHYpNmJOn0X5k67P2fGYVyEXHJ8qOxocMhN0eyW+RsZEV7ByiUtXVUMglpJnRuB7HZPcMY3Qy0FVOGRqkkeh9PfEOmlbHSXZrmSDDfEHBW0jrIpw0wv1gjkLwfGNjurSx9S3OzzAsmMkPdjzkfl6LLOnIasPbmS6gMlGAz3WQs/WdouIaGVAa89nHG60sMwcdGFmdQ6LbJJ4SG6TTq7Lmn3SZRGJ/sdkpZKSSrAwWSmvhgqB4dTGJIzy0pyStPBTWTIX/AKCEpfUWKRsJ3Phu4KxDpamildTV0To5GHByF7U1V91sNruzC2tpWPceDjBTlPIO08xgrWuaNLhg8FT4K8sHnGpvoSnXboq62hzpbfoqKUEnw/xNCq4KyGV5ha7Dxy08o1FMKMsGgp5LTUjABhlPfOxUqk+Yhd/Ln2CzrqfxMEZB9UWnrqulfpcS5o4yhlBDUzf27qaspSGTHW33K09FfKOsaPNpcexXlcd6a5oLoyrWjulPIAGv0O91nlDJTimeoAgjIOQuaCeCsXRXyspSCJNbPTOVpLf1BS1AAk8p7oUsAOvklVVHBUxmOohbI0jcELF3f4fwOLqmxzOpZucZ8pW/BilGqJ4cD6ILom5+n90UZ4BweP15npXiC+W57Ht2E7Blp/NPaYZWYcGyMI+69TrbdSV0RhqotbCONljLl0BJHqnslUWu3PhPOxTY25KPP7x0VQV2qakxHId9ljK633Wzvw+Jz4x3C9Nmdc7bIY7pQSQ4ONYHlK6W0NxbpeGPBTVNdF4yeZ0F5dDIHxSOhkHcHBXoHT/xXuNs0Q17vHi4yTuod26EpKthlpAGPWNuXT12t7yNDnNb2wr2qXZFE+j7D1lYuoIx4NQ2OU/gccbq6AHLTkH0XyTFXVNO7RqfG4HjO2Vtenvire7XIwVcxnjaMEHfZBKnPRWD6CI9UBzBysvYfih05d2MbNP8vK4cOOy1MNXDVsElNI2Rp7tOUr4mRsGQMFRHg7/dWGM8BCcxpyMBDtZW/nBVyNOeEORgcMOGVYSQjOwQn0+RsELTDyVE9DTv3LBkquntuDqiGFoXwu4wgSUpAQZeQ8lB/Op9gF2G5VEZw87BWklGTny5yoslrjcDnZOi89lokU1xppwNcgBUt0LJmhzTt6rN1tsljYZIckN5UWG+V1uIAzI3+lx4V4GNGmfQg5Bbyoclvbgolu6moK0BkgDJOCD6qxY2OU5bj8ioTLM5Na8E4bsPdQ3UQacuaPzWskgb/R+6AaWJ+dTAoEpGPntscmXMGh3soElDNGcEDHqttU2yKVv8vyuUGS0zM31NITCjKugxs5pCGKNkjdLmAg9ytQ6ijA0SRjdRn26LP8vZK77JKCZl3W6alJfRTSRO7FjsYV7ZviT1f09oill+dibtifzbe3oiy0JHAQHUEch/mMQuKBdSZvrH8b+mq93y93DqCcYB1HLSVvLfcbVd4mzW24U9SHDP8t4K+eKvpqiqQS5gz2ONwqttou1imbW2Wsmp5mnZzHYz91nlHIiVOT6ldEG4wkGZ7r59tPxo64sdQ2K80rLnANtIGhwHrnfK9CsXx16JuThBXTSW2c9qkaWe3m4Q/G8cCnW0buophLjLQcKvms7H7xOMbvUK4o6uir4GVNFVQVEbxkOifqGPuieEDuAs7hgVtZl5m3aiGkOc9g4IKmUnUtRTaW1LSR2JV06IAaQFDlt1PUBzZYmuB5yEvArBPpuoYXgSRzfllW8F9icwF2DlYmfp0REut8zmO9CdlFEt+tz8Pi8Zg/pCHYwHXGXZ6dBXQzN1McPzUlrw7uP1XmdN1Ax5DXOdG/uDthX1FfIyBl+fzV8iZ6fHRr9Q9U4HCpae8QyaRvurKKYOAI4KmMiJVNEkHK6mA9wu6kL4M8ohEklzV7KZBCJLmQlkKFHUkklCDEkklCCT0xPUI1kSSSSgtLAkkklCh6SSShBJJJKEHJJJIyCSSSUIJJJJAAPSSSUIJJJdZ9QUI+BBp5ATwDlPAGEsBQzyaZ0cJJJKAiSSSUIJJJJQgkjskkoQEXEH6VzxR6IxYMIJjGTsrIPBykkGkLpBHZUQ4km6j/SkHE/hUIE0+6Wn3S1eyWr2UILT7pafddSUICSSSRgCSSSRhiXDsupKEGF5HZc8Q+ifgJYCAABK/AzjhVst5oYjiSRzfu1XIiyOMgprqaI/VAw/doVsIopeoLXGMmtjx6aXZ/yUKTrOyxHeo49itMbfRu2dSQn/AMAT2WW1Dc0EGf8AkCoJT5MoeuLIAf5h/QqJJ17ZmgkCd2PRi2/8GtA2/h1P/wDcwuiz2rkW+D/yBAU7EjA/+0e1sJAoKw+4jQZ/izaqfY2ysP8A4cL0cWm1YP8AuEH/AJAk21W5uQKKID00hGT5zy//ANstqzgWqr/8qJ/7W6EjJs9Xj1wvT/4bb/8A5Dj/APKEQUdMQG+GMDgBXgr5zywfF61g+e21Y/8ACiD4xWDG9HWZ/wCReo/J0oGPDQnUFK7OYshUX855o34ydNNP82CrZ/4MqVH8Y+kC0AyzDPOWrf8A8MoRxSxHPqwJgs9t/FQQH/7WFeCfMYmP4v8ARryB848E+ylj4p9FvwP4tG3/AJjjC1D+nrLNtJbKc55BjGChO6P6aeB4tkonD08EBXlgStyUcfxO6Mdt/HKbJ9XqXD190lMQG32j3/8Aoilu6F6Nk+rpui/+5hA/9nPQZ56Wot/8A/6IsFN5JUPVXTk+zL1R7/8A0Zv/AFUmOvpJyBTVUUud8NdlVn/s16C//pei3/8AoYVlQ9P2qyxiK10FPTs9I2BqPAuTwSA53dc8cj8KfjbCWkeimUA5A/mmj6wQnfNw/wBR/RE0N9AuaB6D9FMFt5E2RjhkOC6S0/iCb8uzOdKRpITyD+RUwTJzA9UtPunG3Qf95KP/ABIfyQ/DUSj81ZMj9JXCwclN+Rqwcx1Ocf1lc8OvZsfCf9lCOR3TjhLQVz/eRu6Ibei6ypafKYntI9VXsH2cII7JpeTsYwfuieNEPqOMpoLHbgjf3VluWCDV2+grsfNW6mkxxmMFZ64/Dboe5F3jdO0jS7uwFpH6ELZMYDsRlOfRU7mg6ME91A4yweZy/CCzU2kWe73GhaPwsmJCYeiusbb5rR1i6QcFtU0uGP1XpDqMeqG2Ajt+aoLPJ58H/Eq3OIc6nq2OG4ZnZEh61vNF5bl0/VN07F8bVvDE4cbJhhDzpeAfuMqEckzHw/EilEgzT1Iz/W3hXNN1rRVABGsZ7FTqrp+gqm+eliz/AMoVZL0VTfVC98Z/wlWDwWkXVNqxmZz2/cKwpbxa5AJBURkO43Cx0vSlRGcQyOkx/VugPtFXTgOmpvL/APQxgqi3FM9DbVQy7wSBwT9Tuey86Z8xD/cz1DPzR4bncoTn5yR33KsX8Z6IwkHJThU+oWJj6grAMGTJHurGm6maGATMyQoB8aNOJteNkTxOFTw3mjkYHh+M8gqTHVQvGRI0591WCfGTtiEIwMcckDnKY2YOOAUQElVjAtwa5I0luhcS9g0eoCB4FRHljZzgcZVkXae3KG5gcrQWEiGyeVnllZn3CI2Zj+yfpHB3SMTXDAwPyVyltAwNyDwV1Ckp5wf5RTGumH1s3QqwPCDafdMLMgg9/ZObM14HqnEgd0xSx0MfHRSV/TlsrYtMsQa8/iAWPvHwxBD5acNe077D/RekuaktENTZAZTqrIPs+db58PWBz2vpME+jVi7j0XW0Gp1FLI3fI0HGF9bTUdJMS6SBjjju1ZW8dD0Ndqkp2iKR3YcFbqPIzi/uOlT5DH5nzrQdW9Y9OlsU7zUQs/qBJwtr0/8AFOyXDTDc5PlZeMkbZWmu3QE7I3NdTatPcDOVhrt0HaZi7x4Sx5HLRhdavyEZI3Q18JdHo8VTTVUbZqSdksbtwWnKIOV4i6ydUdKv+Y6auTwwHOgnIIV7ZvixX0kjaXqigeTwZI24/ZdOm/JthZvPVHxxzxlkrA5p5BWSvPw46eusjpDAYHu5dFsVZ2LrHp6/eWhrmiTH93IQHforst1DI3A7rZC5h5PFbr0N1X0291RaKp1bSg5EZJLgFHourJWkU1dG+CQHB1DAyvbtAPKq7x0jZL6w/NQHxHcvxkha4aj9gykmYqiuInjB2dtyFIawSnjCh3T4bX6zOfUdP3DxYxv4bsql/wBpqy2SimvNFJC8bF4BAWyGog/Yp9Gjmgx9IUV8WQcj9kWluNPXMD6epY4ntlH0SO/CFrjcjNOtPgy926WoLk1xdA1rz3HdefX/AKFqqJxlo2lw5x2Xsj4SBkgIBp2ybHZdDT610s5Gv8Pp9XHa0fPD2yQPdHLGWuacEEYwuCbJAwvZr50HbLo10jRomPfsV5xeejLjbJHHwi5g4c3dd2jXV2L7mfPfJ/T1ul/21lFK0Mk+pKSijc3MQGShujMZyU6OVzSAQupXqZR5ieL1njK7c5WCLJDLB9Q2QXBkw0PaHA+qu4/lpm6Z0Oe0tcCaULbVqt/E2eK13g51zcoGVqrCCDJTSYdzhU8tRVUEmJonADuFtJKKeE/zG4QKilhmaYqhjXA9iFqTzyjzt9U6ZbJIr7N1NM0geNqA7ErWUV7gnaA4gFef1/TlTTudPQP1N509woNNeqqik0VLHNxtlV8jTxgzyo38o9cEmsHA2KE9uFk7N1Y0YaZA4HsTwtdT1dJWMDmPGr0To2/szTrlB8gtTmFPEhd+SK5jSCNI/VRTlhJ0/umZAxgmMnaAA92CnyBrgCCCq8vzthEEpGFMEwSWgAHPZZXq/pmkudK+dsQ8YDkDlaQvLguSgEDPCTbHKGUWSpmpI+brpaqi11JbIw6MnBwgxu3Xs/VvScNwhfJFGNRG4C8euNDPa6l1PO3vsfULlX1Z6Pa+L8hXOSk2GhqXtwAcKUJNQ3VRHOCcYUyKbYbrBKOD19OplLphaiPVwFXSRHO4ViycOG4Q3BsvAwktGjduK1w07kpMrpYnDS4/qjVEJPGyhPge3fGUBcZyg/tL2huoIAlcrJs4e0HbdYzxHB2W7YUhlxnjwA4kD3S95pq1mOJGqJxuShOl1AjGFT012BwJcqa2dswyzsrTybI6lT6DOIIKhP3ypBPIyhdyrXJbsyQ38oDxlSnoLhlV0Km8ER49UCUYbsFNk2UZxHdLayhE2QZWkZyomS1/HKnz4xsoM+BvhInHJisfOSXSzkEZV1Sz6tOwWbp6gNdwramlGAQs81wdnQahKODSU0gIypbXEEObyFS00+kjJVtTya2jZZZQPS6S/JeUkwkjB7q3oKgxEFhwRv8AksrSVGmdsZzytDSP0u9dkh8HodPduRopnF+ioYeQCCg3HzRx1LORygQVJ8Lwz+SkBwkiMThkOQHQUskNw8aB+ManDKh0kvhvHGRtypVGTDO+nec5+nKq5mupql7H8hxKgEnteTRNm8Zg2VfVsIdqwu0E5AwQjVGJGZCg3O9Eanmw7TjlDrmhzM6UNzhFOHZUiVwmgPl+yglozriWykjkFayke6a2gvcM6cLKzMLZDnucq2sdQ4xmF7+TsjRnzgdIdPlKgUR0ySsB2yrKsjLJz2CpjqhqTvsTlaYPBmuRQdSR6JnZ7lU8MuSAtV1JTskg16d8crG/3bxldjTWbTwXmqMTf9yzYMjOU2Vnl9UOF4LRgoxOpuF26pbkfMtTD47mhtC7TUKznIe0FU5d4UgKtYneJC12ey2w5RktSQyMkO5T5PpQnHDwSiE5ahkCiHUDIVW8mObOO6t5RkhVle3E2RwlM26aeyaZa05OgZKFXsDmAn1Q6KXXCATkotYNUYA9UiXJ3t26KZUx4Dxv6qXGcgHKgSZbMWYxhSacg7ZQi5S2kerBEmT6qJIBgYU6vADc45VaMkHJ4TDJZzLI14wSAgEHKKeU3AQBLoaeD9kF/BUh30n7KI9pxwk3FoY4AEgIeR6rru6ET7rDassegjOVNi+gKEzlTovpH2R0rCF2ehy6OVxJaRMpbQg4Qi7c7JHbYFcQYA7OtRKduupYOwQhyp9rj8SpHslW8RyadOszSNNG3EYwMDCvrHH/ACtWN1TNILQMcDC0NojEdOCRyuLbLKyz2Gjr+9JE0nCBKeMFElPdRnHss0I5kde6XGB+dIz6IdFE+orw4cDldlfob+Sm9Pxh4kn9dl3/ABlP3ZPCfU+r+KjbnstZXlrQ32UiyUD62vY1g4IKizjUVrOgbe6WsMhHZemguD5lqZbYbjasiNNTCMYDtOFa2uF0VONfLtyokrBJK2Fo3yMq1iGAGkYwMIJy2s4krN7JA4TgMpHgJBwaC4nGEIMVlmX62uWRDZ4cmSYgux2CurFQNoqOMaMEALL20PvnU1RXvZqhgPhtJ7kclbloDWgNGAEwKfCwGZyq3qSsMdK23xn+ZUnTkcgKybhpy7gcqloWC9dQzVrwfBpz4cfocKGfBeWe3i30UcecuwMk8qemhvZdJwqLFK4jAHdPgGTkhAbqklA53U5rQ0Yxwr7BbwP3DeeAoxOSpBdsQSo55VooceEMk5RDwhOOASVGWiFe7rTWS2z3Ssfphpo3SO39BwvDegYJOoL1ceuLk0+LVPIh1fhZ2wr7419QG8Vtu+HtuLjLWvD6ktPDMjA/zUmGmhtFpjpadgDYG427lKslg6tVcq68LuX/AKGW+J3V/wDs9ZamoDgJ5QY4d+D6r5lmqJKqd88jsuedRPrlbD4o9TSX69PgbLqip/Lsdi4clYtrdKxTnk9t4nSrT0ptfcMLsohQkYDKj57Ow1kc1qc84HCTQACScJjnZ2UAQM5c77I8WyYwZ3IRnNABIUJY36GLqHvn2TxwglLALHojUFOQ9klyjr2YGcqDO3JBwrH6gRhRKlukKprhF18EEjBwUxFeN84QlkmsmuIkkkkIQJFSQlCD0kklAxJJJKEEkkkoQSCkia2+qhAa4BhdBGUt/VDJ4IMAwnpqcgIJJJJQgkkklCDUk5JQg1JOSUINSSSUIJJMSUDFnKWSkkoQ7qIOQURr3DbGUJPUInjlEpk/AJ49USYtcwOyFXvJBCOyTAwqazwGrX0wEwIdwk1PmIOMJkaqKwBJ5HKXSk6cHsoZUumIHJRYyFTLbMfM3BG6HgeqPMzbcchRtJHdMaKu4mdSZ2SSZ2VCzh4UY8n7qSVHLXZOyhaGpJJKBCSSSUIdHK4dl3Q70TsO/p/dC1kFnAdPupFPIG+R+wKBgp45UTwUzRdIVEsVc+LV5HDhblju4GfzXnvTkmLgPcLet24KvJ6Dxdma8EsHKK1R2o8fKjOwGGfyRB7prSMImQrDEzlGZ2QWfUEZnZUNiyUz6QuprOE5WH2cPCEeEU8IWcK12LmAIOonGyXcIhwhk+bK0LopHm3XgAvf3YqHI0q769z/ABsY/oVACccoGeC1ixqJr+538SIOEMcp+dsKjMdwFwgYTPxJ4IwoQZjdPBGEiQmEnKhAisemaJ9Xd4QPpackqtb3K23QNul/m17hhp8rdtyU2mLlLBl1lvx1M3DGhjQwcAYRCmBpxwiBuDuF1oxxweVlP2PAwiDdca06RsiNGThPSEyY6OM6gQi1LiyIhvJGF2JoG57LjGuqarGPIzZFgS5Em3QeBTgHl25UpdawABo4CWn3RxiIm8g0k9JWLEkkkjHBUSH6ghokXIVEn0WUWzAAnZKGz6Qu5wjMr7DZKWSh6guF7ccqFYH6glqCjmXfAXDIQOP3ULSyS9YIO4QvEwMlRvEkOw5KTI6hx/mHbso3g3UeN1Go/CIV0/IAUdznHKP8u4bkJjy2NuTshcsHe030xZKO61gBqPJQyMZJUatvFLSgjUCceqzFw6gkmcWxybKLk6FXiKNLLLWTSVNbTwD+Y4fqqSv6kihBbFhUFVWzSbyOJyqyariGdR3BTI5HNVw/FFtVXypncS04H3VbNPJOcyPyoTqwcNCB8y4p8Y4WRU7PRNJHqo+rDiQo5nJ5ykJCTgBTfgzNuTJBn3HlSMpxnC5BE6Y4AVhT2uWQguGAo5ItRkyvd53NwpcFDLJgBmQVbw22jhAdL9Sc6UxjTFgNCnawGoe2RYrbBGA6TkeqK51Mz6Tv9k2SRzzuVwMz2yVSTyXJJLhA5Z3nbOyjcu3KmGE5Ae3ZOEMAH0bppnlHPJGbG7Cb4ZKlnA2DUI63bNZsq6FtMEQByVHke1nfKkSwSO4Ci/w2pkPKW20SNTZzxh6JhqgOyL/CpxjUdkUWyLAyMFA4th7MEM1T/RDNVUcA/sp5ocbaePdPFIBvgBFsFvgrfFqjvqXC2qIwXE/krPwWdmfukGNHZTYBvKww1X9P7rngVR2LQrUHAwF0OGcKbMFxtwVXydSeQE0UE4/CFciNxGdK5oKtxJK3JVCjm9B+qd8nN6KzEbicBdLHDkqthXyFZ/D5j2XRQTA50q1DXHsuGN4OMIlHBPlZWigkH4F35GT+hWXhH1C4Y8cuCLCL+VkAUT/6R+id8qRywD8lMLQO6WB6qtqK+QhfKDPCeKRgGCFKwMFMwPVDgpSyC+Sp8HLQokttiJ8oAKnvBPBwkqccjFOUeimloZ4zlo2QjrZsQrvTnbCjyUzXHOlKcAvlk+z2tjs7ZRNHl2GfzUJj8d+FIjqDjBX5inE/ZOUEbJPE7J2CkCYOABG6ja9ST2u2czZKwxm5Eo7jKGTq7cIAqXswH7hGieyUeU5V4C3CzjsmFuQd0XT7pafdV8aaGpkUt0Oy06fstPYviDcrcWxVw+YiH4vx/qs85mSN0IxOOxKRKrIxSa6PabJ1VbrwwGlq2tf3Y84KvGEkAnuvntrp6OQS08rmPG+WnC1vT/xJrLa4RXRjp4eNQO4WaVTQ6Fmez1wHK6qe0dUWe8Rh9JVN1O/ATuFbg5GVndbQ5STBJzPqC4RhcShocEYXcj1QMn1KWT6lQgV4zjPHceqzXUnQtvu5dU0LRR1POqPbJ91o9bfVEyEyM2uAWsnkkwu/T87KS+05Ech0xTDgn0KmRSQz+Zj2u7bFemzQQVcLqapbrjfs4LF3b4atptVR01MYgN/AJ2RrkvopnUwb5mcHfCGGuB5IQTXVlrk+VvNK6OQd+ysYZ6SrYPCc0qmv0HuQ+mraqDGJSWjsVdUd/hGGyNwVTCmeXeUZaimlj2/l7oGsBJmyorwzZ8NRpd9+VfQ306MTRhx9R3XlgBbsHkfmrKgu1XT4aX62js5LlHCKxlnpsNXT1IGh4B9CnuDRuSsZR3qCXHm8N/urqmuDpGgOeHAcbpTyibMon1VNS1sZiqoGSMPZwysjdvhxSOLp7NUOp5edOrylaxj9Q+6RJzkORRk0A4s8vlhvlnk8KtpnuaOHNGQUaCtoq0ebQXe69MLGSDD2B33GVmLt0Pb6kmW3NFM/nybAlOjMtMxF26Otl0BeyJsUh7t4KyFy6CuVDqfD/MYNxheiVVuvVmdpliMzB3AXIrtC7DJRg92u2TY2t9FPk8efBVUMmHgxuHthXtj646hs7mmlriWt/C45C9DrrNZ7zHpkhY1574WWuvwwnaHSWlxzzjKPdkXtyaqx/G8PYI7xRNBGxdE1b+zdU9O9QxtNDXRmRw+knBXzNcbPeLS8tqaeQFvcAqHDeHwH6/COd8ZGVWxMGWUfXklveW62YcDvsowhIJDhjC8F6Z+LPUNokaJKo1cAwNDzkgey9Is/xp6buf8ALukRpH8ZzndDKvjgrca404O6A+Eg5xnCn0z7fdKdtTbK2OVrhkaXLghxseQs8oYGbirMAGQQo8sPsreSIemVHMQB4wqw0RT5KgwO0nLdlXzW2CY+aMA/Zad0LMHb8lDlpt8huFbkN3ZMZXdOEOMtMSD6tUIuvFqkEkcshP32W2khIGzVDqIC7bAVB5RVUnW0flirosO4JCvaO426uGaSqY5x3IzuqCqslLOS4whpPcKqmsT6R2uglfE/kFpVyeCzdmFzeUOSPjusLTdTX6zPDK5zqqLjzb7K9t/Xlkq5fBnd4Lz2dxlEiZLcwwu2ezVlAkoIzvGMKdBXUNb5YJYj/wAuxK7LCSQACoTcU8tvkHbI9lFfRe2FfmB4GccobontPmjwhcclp5ZQGlePwfuhmndwWq/8NpBAZyh/LgctQyi0WZ2S1wyO1PiAJVRcujqWuJOgNPqAtwaduD5Ao0lPjgKk8C5YZ5xHaOq+mp31PT96q6R2eY3ktP5dlqrN8eOsunWsh6it8dxYzYytGl5Hv2/Uq0dF2IUaa10szsvhbk87JUlkB1pm7sHx06G6haGSVn8PqMbx1Z0Nz/z/AE/ut3BVU1RGJKaUSA77FfNF3+H1BWZlhGH84VZT23rPpJxqOmb7WUjwdm6i5n20pfxpiJ1n1YDnbCeO+V88Wb499V2dvy3VdkZVlgw6eF3hucPXJBA/NeidO/HDoC+N0SXT+HzbAR1g8ME+mr6f3QyrwK2s29XaaGpB1xBrj+JuyqKjp6WEeJQ1Lg4diVfUVXTV0LZ6aohmY8Za6N4cCPYjlG078JO0FrHZm21t0oY2ioiOB+Ju6mUXVXhnE05b+auSxpGHNB+4UOfp+3Vb/EdC1pPOAqwC4JljRdR+JgiUOae+VdUt0p6gAasErAVHTNXA4y0E5AHZAbW3S2ODZ43ux3AS2siJUbj1VkwOEXY75Xm9B1W7xA7x9J4IcVqqDqKCcNbI4AnuCq2mazTtdF7qz3XQTlRm1kLuH5Tg/O4PKszyg0Sgdtyu5Hqg6sd10E6sKgMMKkuDhdUKGJJJKEHpJJKEYkkklBbEnpieoUJJJJQg5JJJGQS6BlcXQcdkLFWHEkklQAkkklBo9dZ9QXElCpdBxwupiShmY9JJJQgkkklCCSSSUIJJJJQgkkklCDsBLAXUlCA8BLAXUlCCST0lCDEk9cyFCAk9JMUIJJJJQg9MST1AW8AhuieGRg4TUZGUN0N9EsMXTwuqAyltG4b25TsHGEhyjADCtLItzz0Ba0g5RABhdwElaRYk7ATU9UymJJJJUCJcwF1JQhzGUsYXUlCCSSSUIJJJJQgkxPTE0I5p90tPuupIwRJJ661QpMWhvoupJKFiXCcrp4TVAZPA7bsF3A7LicBhQBZZ1Ac1ruQjoShaG+HGdiwFcNDAeAQfYp6ITgZUIyI+gDNxUSb+64G1EflBD2+/KlmXPZdcoXlogF9QD/c7fdcMjWD+aC0lTlzTGc5AUBU2yC2anJA1EfkiiJrtwVIdRU53LAED+GxP+mZ7cf0lVyFuOeE48DhLwpGjzN2Sdbqof3FXx/UUJzbtTjUHtkHcKFpjyD6cLmqPiQAfdDNVMN5aGQf8oXfmKWT+8YR7HYhWGmd8Gmd/woz/AOEKLNY6CZ2vRpzyBwp7PkXjLG/unCLXwcD7qF5RTu6aoyf5ZLSo8vTb2n+XOPzWg8Jw7FIjG6omUZOS2V8LyxrCR6juufLXJn/DefzWu1kDAaE3TzkKETMrHcqulePra4cg5U2HqOo7lXBpopNnMac+yjTWmkfxG0fkrKbHRX+N7BrIz91OgudPKNnblU8ljgP07FAFmqG5LXn2UKNKalpGW4OU0HKzhprnGcMy4I0NXXQnD4yce+FXYCRoCc7ZXCA7lU8V6y3zwuUiO6wPxvg+hQ5I1+ia+JvLRg+yAXPHcp0dUyTAHdFIa4ZAU/wVkAJJOJE7Uxw2cn+GPRM8DG/CLBYgSe6aW4XTHKN2NymB83eJRNop4OuZqBHKp66x22eLRLSRue4klzh6q48Vn4stPphCl8N/4sfktFdrXQcZuHRhLj8PaOo1eDOY9XYcBYy7/D2cP0eR4adiW5Xs8sDh6EdioM1I2QYeAQtlOssg+zVXrbInzld+hPl5zKIHxSA5a+I439UO3dRdbdL5LJxWQx7NZKTuPQr36rsNNKSQ0E+hCoLp0nS1DHMfTN/RdGryc12dGnXuXEzJWj4r9P13h093YbfVu2Id9BPsVr6WrpqqMS0s7JWO3Ba7Kxd1+HjHuc+GPYD6SFlZLV1F07P41rqZGhpz4ZJI/RdejXQsXLNsboz6Z7MARuRhV1zsVqusTo66ijfnvpGVhLT8Va2le2nvtJqA2LgFt7T1VYL40fJ1rA8/gccFb67EuUO7MPefhX4Oqq6brXwSDcRud5Ss5He+ounJfA6htcnhA48VoyF7Y9hxkb+4VdWW+nrWGGrgZKx2xDhlb67wGYWhvNoujA6CoZqP4ScFSXUvdvHYhMvnwktlQTV2SaSknG4DXYblZKabrfpGYsuMBrKVvBAycLbXbl8ims9mpfG5uxCBPSwVLDHNGHA7bhQ7V1rZ7riOR3gy92v2IKuTFHM3VE4EHuFtjLjgRdUpdowF/wCgYagma2tY3GTowvP7jZam3zFlTGWemQvdZIJY3ZG4UKut1DcWGOsp2Oz3IXU02ulBKLPM+Q8DTqPwWDwt0R28v7rvjzQkaXbLc33oGqhc+e3ObJHzp7hYyppXxPMMzSxwOMHYrt6fURs6PAeR8NfppYkuB8dVTvx8y3J7KNUUUUrjKOOya6nLSHY5TjPJCBg7BdSu+Uejw/kfDRmnJIjSUrmHZpwFU3fp6C4gua0Nfj9Voo6uGXbGSnima/da4WKXZ427x9tHo8muFkudmk8WHU5vOyn2fqeeHBfKc9xncL0eejilYY5Y2uaexGVjr30TBJqmov5cm522Ry46MmE+LEXtr6rinaGyOB9+60DZI6hgfGQQd8rxPNxstRpqAWtzgOWksvVczcaZRzxnZWrmjPbpXL7oHoUsfcBCEhB3CHRXSKuY3cNcRnnlPlYtCsyjK63F4Y9tUB6Ihm1jICrJnFjk+Gokadio2mA44JjpNeW4WP6x6OiuMD54GAuIzgdlrI36vMeV0uDm4PHos10UwqrZUyUos+cq2iqbVUmnqGkYOxxymioLQBheu9adJ010p3TQRASbnbsvIa+jqLbMaedp2OASubbVk9n4zysp1rAeKY8onigKAycYGQn+Lp91hnBpnrdPfGcUyWTq5KRjY4YIygtdnBRQRjcpbNeVIBNRjSXRN47KG6F7BlzVcNla0gYyuTaZgNklpZBdWShdqzxjCc2oqI3BzHkH7qykoAfNp/dRJqJ7fpCgLjOv8R8d2kaNMgBKmsrIZWA691RS07w7jC45zogMAok8FR1U63iZelwO+UBz/ZVkNweCA84ClNqmPGWuyrHfyo2HXv8AQIDyT3RnEFBez2VNElPcgBGo5yodWwgKeGY7qNO4OPCTIzSb9lW4vikCtqOo2GVWVbcEbcLtJUlrhkLNOP6D017hNI0sE5yPRXdBVDAGyzMEmWBWNHIWuwXLLZD2ep0eo2vJfB+ioEoOQr6gqxJvkLNRnUPf7qXb6nw3CJx7rLOJ6TS6nLX6NlC7YKZE/ICraaZsjAB6KVBIGE57oDuQmPqnBlTG/TzyVEvTMMZVMbnGx+ymVLRNHkfU3cIE3+9W8sYMuj+pUHLlYI1JMNDHNPKsANcYGcKipXljXMztnb2VnR1HiDQTnHCgNU+drI1Y0tkwduykU8gMIb6LlziMkXiDlqi0r8EDPKhUpfdgi3BgbISB2Q7XO9lVjtyplwaA/ONiFVB5jka5uxBRRWRE3iWDS1pE3nA7KlnGH6j2Vsx/i04J5IVPcHFsZ25KbHgTqOI7gNxjNVSua3kBYWsY6ObSdiFvicwkeyxN7iLak57ldCpvg8n5urdFTQyAk4ycqcwbA5VVSyngnhWMT9hlej0zzBHyryUdt2RlS3zl+MBTqB2acAqNVDVBsN1yjl0kMW2MsHPnmRKqCQ8YCdHISNwmzYwCQmMkxsByrbFrgfL2wMqsuAwA4DO6tHHPZQqpusbhA1lDK5ZZEtkp8bQeMKymO2/ZUrXmGoa4HurbxMDPKyyWOjuUTzFJlZVtxMThOgcccrlc4anSBMhcNsqkSxhKwZaFW5w133VpM3U1Vb/xfdWLfBHPK4unlcULEhPA0lGwUJ/0lJtIuyFPsThAA3CPUclAWKfZqiuA8XKlxcFQo/qVjCRgJkBNvY/BXEXYgbLhA9VowZ8AUsFdxh2F3uUpvAIlaWFodUHKq1obFAxkHiafMTys+oltrZv0cW7UW43wtPQDFGxZ2jY2SeNjuCVpwGRxBo2A7LjWPCwew0fD3A3ndCB2JTZM6xuujAbucKVLI6+eOSLVy5On1WltMTYqFmkYyMlZmlikrbk1sYy1pwfRa/AjaGacAL1mgr21pnyfz+p+fUtZzgWNs5XpPQNuMVP80W47LzyCEyPa0DJXr1piNtsbA7AcWg/supnajyGtt+3Yg1ITNVyPA2Y4hWTdlDtsYZT6sbuOSfVTGgpLWWckODjsqTrG5ut9oc2I/wA2fMbfbPdXTRsSeFhbrLP1D1lFQxuzS292qYDgEDKi4G1vY9xoukLZ8jaohIB4hGpx9SVoW7FR4IQANOzeyktbuOyYBbPMsojXurNPQ6Yx55ToHspNkoBRUTWjhx1fmq5kbrpefD5gpv0JWk0gANbsAMAKhRxvdMmdjCIBhMaDJJsMqFhaNmX5xyp7gAFFiIY04Cc6Yu2wrwANdscZXElwkHuiIdG5xlU/Vd7penLHVXWrPkhbnHqfRWmrR5tXC8M+NnUtRf73TdEW2fPMtWAcjO3/AKocmjT0fPLBUdCsmvF3rus7hGXTVL3eGSfpz6KP8YOsRaLMKCjnDaioHnaDg6T6HstVSRUtgsw14ZFTx6nn7BfNvxD6ld1H1DJLnLIiWt32Gf8A5izWnp/G6V67U7sfav8A90Ztx1OLiOVxIbpLOuD2UYqK4EiRAEjKCOVJhBDd1Cxs22AEFpyU+cgu2XGg5UIHjAxnCaiM+kIahTOY3ymp6GeFnsRR0EZRmHAUU55RQRhXCWCSe0lMx3CFUx57JzOcI7wMA4z+aKXRcYlNI3Q7CARlTKuMiUuxjKi4KTJD1wDSSdhvKSQxqEkkkqINSSSUDEkkkoQSSSa/6SoQHkJuSmknKcoQbrd6pA47LiSALAVJJJCCJJJcJx2UIdSSSUINSSSUIJJJJQgkkklCDEkklAxJJJKEEkkkoQSSSShBZykkkoQ6DhSaZ2H/AHUVGieGHJUIuy0nH8rWBv6KGfXCmDzQB2NiFHez0TFHPYVy3PcASSPKSIUOQnNbpOyKmOGRgKiEY8ri6QcpDlQg5JOHCShBYCWAkkoQcQEItIJOEZcwEJCVa5XsrIyx2DqXpELtTWnPYLzWikEVTG93AK9DojqjYfUKjseLnxtJ8akjhR2jDgpDdwozvRQUE5RAThCHKIOFEMCtRmcqPkI8bgTyoNi8BhwjII4RlYztDEyUbZT0KVw2wrXYAIuOohM/ECu5y7KaeQtHoDODznrof++v/As8tD1yc3rP+ALPIGeD1j3Xzf8AcSWeySSozCSyUl0cqEF5ilgp4Awu6QoRjoGF7w31IC9gs1HFSW6njY3bQD+a8/6MtQuNz1yDMcPnd/0XpkbQCAOOwW/TR5ycDyWo52ILoCK1oDshcZ9IRF0kjhSY7YgbIjIznJTW7FHjy7YbIypSwdDMNIapNPCI2Akb8pjWDG4R2o4oz2P9DklzIXUwSJJJJQgkkklBw5SadpHKjt+oKTG4Y2CgL/RLc8DAJCE+bA2wgSvyQAnxwl3flE3gdptDdqp4rjk6J3k4wutD3dlLgotWHEKVFShv4RsluzB7LRfRs7cO32QG0r3coraQ44Vk2JoOwRWsbhV8qPW6L6P02me6ayVTaMgjAH6orojHgnhGr6yChi1PwSeAsJfOtqiYupKXAA2cUqU8s6N+l0+nh0aC6X+jomva06i33WOuvUdTMcAYB7ZVJV1s5yXSElVVTWvDcOOUccvs8/qbkkT6quMjtTnZKrai4Fm7Tuob6t7iVGc4k8psTh33OT4Dy188hxqwEF8xyM7rjWk5TfBOfumxM7k/Y/xsjjlJpJRYKN0rgANzwrWlscryC7YI3LAOJS4SKkNLiABuVZUFpneQ5zfKrumtlLABqaCVI8RsQAaEO8dXS1zIj09uhiaNgCjkhoQ558kEDCF4hfsFbWQ2lEI6UbgnKAXb8LvgvJyiiDblWCAwU8AjhPDN+E7A0o8gATkrjc+qcQAeVzLR3TRbwhb+i4G44K6XNAzhBNRg/SqEvGeA2ATuitewDcqJ45IzhDy8nGVTwy8pInGSDG8pQjUQDh2UEU7nb4ThSZG6iBbb6Q11S0nZq4XeLjBwpEVNA3++K7I6hjb5dyoLksgREDjblOFO38QQ3VTWnyoMtY9+zuFYkl+DA3cY/VLVRg4A3UASvceU4Z9FZCdrYeOEhp9VEDnYwl4crvp4VAtZJOuIfW/CXj0o5OcKP4TvxBc8DB3KmSg7qmPiMZQzVTAc/suCMBE8FvqqIA+Ymcd01z5Xc5UpsTR2yu6G+ismSKC/ullylaGf0paG+imCZIvmXNLvRS9DP6UjEMbBVkrciJgpYKKW5OwXNHsryHkahKT4fthM8EeiXjAZ6gCcojCANkJMaT3K/MTSP2OmTPFLSO6kR1HAIVeH4Iz2Ty8Y2PCW0hqbJr2NkwWhNMckW7HaUCOoewjBUjxdYGUGBnXImTyE4ecqQyTWNgo2kHJaU0PfGctKhaswTSMpOaFHjqT+II7ZmuVYyhsZ5GkA8oToRzhSE3RnslyhljkyPE6oopRNSSOicO7ThbLp/wCJdZby2G7Rumj41DkLKbM+obJo8B30u3SZVJ9Bxm0e42jqG13uMPoahrjjdmdwrEnHIXz9C6roH/NW+ofE8c6HYWrs3xNuFDoiu8Xix8axz+ayzo2mmFp6uuOVVZOpLPfWZt1U1z8ZcwncK2GQd1ncGNyhul2M52XWvcTgp4cD2S07ZwlpYLOtcdlKY4AcqEThPyUSlgFrIrjabddojDW0rJAe5G4/NYy5/Diqt7nVVlqC5p30E7hbmN2CpDZCQpKeCsM8nZWV9vf4VfTuYRtkjYq1p545MFwyCt3W2m2XSLwa+HW322wsnc+gLhT6p7BWa4xv4Mh3U3DU8A3Q0UrRoHm+6GbfOzLg3ylU0lTcLXIWXOilgcDjVjyn81LpOoHOxpkD2+gKhZLLHxEFzTsplNUudjwJsEdsocNbTVIw4gH3TjSMb5oSAfVScMhFnT3OsgwJMkeqt6S8U04DXu0P9HLJGSrjOHbhTIHUswAmcWOScIvJs2uBGRuCngE8LLwVlxojqilE8P8ASeQryhu9PMAHgscex2V54AJj2AjD2gj33VRcOkbXdCXCMQyH8TBhXQe2Tdqe3PqhUmiHntd0jfbY4vpW+PEONJ3VWy8VFFJ4VY58BHZ+V64HHBwoFdarVdmGO42yCbPctGQmwsKZhW1lHcovDniilDhzgFZ+9fD2y3QGSEeC492t7rY13wxpoi6exXKSlfnIif5mn29lnamn6usUumqo/moh+KMJiuRTimed3P4bXi3MdNQTNlx+AZWXqGXSgkxX0kjAO5avb6PqShqz4c7TDINiH7I9VZrVdIyJI45A/wCycrExEoHj1q6uudsw+3XGWMt4AecD8lv+n/j7cqV7KW90kdVGdvJsfvlQr38IKOoDqi0SmGTnGdisLdOjOpbQ9w+XLwzk42IUxuAeYn0VaPif0heGkCr8CQ8skOCCtLGGTsEsL2uY4ag4HYgr43MlRDnxmGNw5Kv7F8ROpbEwMt90kc4H6XnU0fklzrIpL+o+qXRkDJGyCY24XkfTf9oIhrafqKhyBsXRt2+69MsfX/R1/wANo7nEHEZ0OOCPZA4ZGqa9El9MHE4UWSj9dleOpGyDxaZ7XtPoUF0WNi3dBtZakUEtJjfQoclMDz2K0To2uyCEGWhp3fh590GA4yyZapt8E4IewKkrel6GfUfC0k+gW5ltzP8AhqFUUE44j29VMBZPPX2W7Wr+ZbqmTy8AlGg666mtZa24Unixt2OG+Y/ZbF9C9zcluAFX1Ntgn2kYD+SNFqQrZ8SrDWxA1PiUzhsRIMbrS0dyornEJKSUPHfHZYC59IU1S0uja3V9lQ1HTlxtz2VdHNJHKzYFjv2UCyj2MUzSM6diuPpARjjPcLyej636ttRaJR47e4etFQfF21FzYLvRS00h/o84/wBFTBcsGufbZW+eGck/0v4QJKWpjbqewEeyVu6v6cubwykucb9XA3ac+4KuyxrsY78e6Aoo2RCXLS1uU3+FTYyBkdlcSW4TOBZHkn02QTT3CmdiPOPRwyh2h5RVfIzt20bBAngyRqCuhdZKchlZRuLfWJuSnivsdVs8OYf8YwpgB4MrV2ikqtzAzP2Wfr+hKKaN3gtDXE5wNgvTRa6eZhfTSxkffdRpun6jGdQ/RU1km3B5NDZupOnZDLZbtV05bxpctFZvjd17Zp2w3uFlzjGxIYGPI9yBuVrJbPOPqIKq6jp2GocXfLN1d9kvaRwi+zU2b48dJ3HS26QzWt5wCZt25+63lsv9lu0TZLfcoZi8ZAa8bheBXToVksZfHGAfQBUM/R9xt7RUW97oZRwWJc68iZVpvg+r2yHBGEwQsl2c0H7r5ktfXvxO6fma2KsNVGwYLahmvI9jlbO0/wBoWaB7Yuo+ntAA80tM7G/2I/1QShjoXKvHR63UdNW6qkMhiDD307KoqOm7pRPMlBUF7Bw0lVlo+N3Ql0IBuPyxdtpnGk/otpQ3m13KIS0Vwgma7jw5A4/sg2sTKuS7Rn4Ltebc4CqhfhvtlXlD1lDIQ1+G9sZU4wsl5AI9xlQ5unbdUPMhhaxx50hBhiJV5NBR3alqx/LlaT6ZUzxmuOyxj+nzB/NoKl8cg90CKsvtFMdZdJjseCglyJdKfR6AyUHdE1LK0XVELsMqmOjcOVb0t1oqjHhVLSfTOFMZ6M86XEtMj1SyPVBDs75XQ7flUJ2scku6l3V7KFYOpJJKACSSSUAHpJiShB6SSShByaknKANZEkkkoQSSSShBLo5XElCNZDtIIXUBpwUYEYUESjg6klkJZCgAkkklCD0kklCCSSSUIJJJJQgkkklCCST0lCDEk9JQg3BTMlG8qGoQYknpKEEknpKAt4GJJJKFD0kkkZBo5Tk0cpygiYhyiAjCGlkqLgBcBUshMLtPblMBJV5Ghsj1SQASSjAjCtMgRJDyEshVgHBIJGDuEA8pavdMU6LHpLmQlkKyzqS5kJEjCmSHUkP8SeCMKZIdSXMhLIRkOp4OExPwUWQcHdPuupHV/SR+SbkqZRNo5JOyfRLf0UyiYZ1cIz3SyRyFzWFMoXsZ0DC6m6wlqypkraxySbrCRIPJAUbSJtZ3ISyFwb8JYKW7MAnF0DJwkkBnug+Qg/w9soQY/VtsitXcDOUaYDeCPKKxrcx6Hf8AMEI1FW3+8pwR/hGFYAY2CaGnnKtywXnCIXzgZjxGEZRYquD+oZKlujY7loP5IUlupZR5mYPqFWclOY0VDeW4IKaY4pRvG39Ex9nhJJE0g/NAFvrI/wC6qQQP6uUzouEgnyVOdywtPtsuG2RbGKomb/4lwOucO3hsePtlL5yWP+9pJR9hspkZuOCkroz/ACasEejyuO/iMe/gsk9V3+IsBGphGUYV0DwMOx+asm4ifNyB2JaR7T7DZGbV07jpewj1ypLJWvyBuuup4JBhzAqL3MEG08gHgu3XTS47pptsLzkPe3/lK58rLFjw6k/Z5UILwtJ3bhEDHY4QxJXMP0McO5IRRUtbjxW4z6KFN4OaHeiG6lbIRqARRU0x/HuUi9p4KsjBGjjAGY2/oo77RTvcXta1pKsiCcYC5kqkDvwVgtUrT5JwPyUeSC6xu0scCBwVd5K54blZfylHHdqiHyTU7iR7KZHd6R7Q4u0nuCrD5aJ/943Kiy2eje4uLMZVZLVmQ0NRBKzyPG/unsaCcqrksWkk087mj0yow/jFI/wx52jgqy3FPlF3LTxv5bglRJaRuOFGZeHtbioifqbzspsNdS1DBpeGn0JUAf28ER1LLjyP/IqPLSVIGSdQ9lcNi1Z0jKE6B8eS4EAooz29gqeChkD2YywoWph5x+au3AavMwZx3Uaot9NOcluD7JqsHK4qXtgfthn6Krq7DSSPMjoWHPOyuKq0Oi3piSVDaytjdplBWivUbehsLpQ6Zjbx8P6Kva91OxjHnfdvK8+vXQlwt0plpmvhe3cPj4P6L3MPbvnb80Extk5AI9xldCnyE4G2vWzXZ4TQdZ9R2R4ppakTMZt5xuQtrZevbXcw2OrHgS9/RaO8dEdP3bUZ6QRyH8UYwsFf/hZcKDVUWuQzs5DfxLtabyMZcSZ0KtVGX5G/gnpKoA0lUyTO+NSU1NT1DDFVQNkadiCMrxaG63rpyYNqaaqp9J+pwOFuOn/iLBWgQ13hbDZzeV2KNVGf4sclGzmJE6o+FNouxdU23/dZ+QW7ZKw8rOr+h5S2eJ9VTjbPOy9up6+nrIxJTvDgew7IdTTU9WwxVMbJGnYhzcrfHUY7KfWDy60dd2m6YiqP5MvBDtt1eOhhqG+JC5rge4KZ1H8KbZcNVRbT4E3O2yxFTB1Z0dNpkZJNC3vzstdepj6EOBsXwvhODuCqe9dL228sPiwsZJ2e0YOUrV1pbrkBDV/ypeN1dsLJWh8Tw9p9CttOqnW/tM2o08NRDZNcHkl86QudsOpsYmjHBaN1nn0viYBOD3XutRCHjS4exysld+i6OpLpqT+VIcnld3S+SysWHivJ/TiabqPMH0xgOWhdjqnZDSOFdXC1VVA8sqoTp4DsbKqmpSSXNAI9l2qdVGX4s+b+R8POt7ZokRASjPquvp2ZBLN1A1TxHLHYwiMryMCZwJWuNx5PXeKxzEiXmxUNxYWzQt+4C89vnQ9XbXGptz3ObzgHhep+I2Xjj1QqinDm7HCcnvOBZXOl4R5DauoK2kf4T5cOacEFb6zdR/NNa2ZzXfdRL/0XSXEGQRCKTs+MYP5rBzxXXp+qMTi8sadj7JrbiZ/gV3vk9jBp525BBPZBMYb22WJ6c6pjlkETn6XjsTythFXQzNyDgn1RKeTDKmcZOMkP8UxnGEVsmobFRHv1uOEmyFpCt8iWsEuRocFjusOkae508k8EYEjQScLWtnBG648ahseUmytSHae+WnluifOdVTTUc7oZBjScLjHAncr0/rbo+Ooa6to4hr5c0Lyyqp5aaQxyggtXOtpeT2njvIqxLBMa9uB5kXVtsVUiVwdjKkNnBaNyslleD0derjMl+KdSMJMjdQjIe6QlI4WdrBrjPJYtmBO+E/EbhwFXNlye6eJhjlUPysBpaRkv0qBVW+Vo2AIU1svrlE8XWMEYUBcYz7M7LTSDgITHPgyXNJC0M9OHYIxuFAkoy4HIUMtlLXMSALiGndjv1UllZBK3Z2CeyjVFGW5wFBDHQuyBugcmJ32QeGXBcHDIOyjO/q91GZWDZsjlIZKxwGCqxkjmprgh1TMvyBthRIjperKUDTlVsg0uSZICT2PJbUsxAAVnA/BBCztNPhwBVxA/LQcrJN5O9otSrIrHZfU1QdgSN1MDi1+sd1SU0uHNCuInBzAVlnE9HpbvtNHaK90hERHZXAcchY6jrH0soe38wtZTTipiDx3ST0el1G6OGTI3nAXaSQR1L2EeV+yjsOCjDGxwhbwb4y3oq54XU9dJGNmOy4LlNN4UwcTsdlJuHmna72wq2o2IIPCoXnay8m88JA3yFWxExPwexUykk10zdR7KJVs0vBG26sk5buQ1SRLBqI3BVNNH5wM8K2jkBjLSFW1ez+EQux55LSgmzEGn0UW57RZ09/VCt82JmtJUy4sD4CQO6YhNv3QZWU7i/AIWb6kia0vdoOQchaKMhrx91XX6n1skcBnK3VnD8hX8lDiY6nfhw35KtYXcYOVSjLX891Z0jwCN+y9BpJbo4PlHlKWnuJ7vMzGFHhOicFSmnI4UB5Lalx7LejjR5Ldzg5uQorfqRIDqjxlR5CRIW+iJrIprkmAjHKBKBldbnSPMU2XdDLouOYvJTT5FV7KwaR4Q3HChVwIc0j8ynQy+UDKzt8nUpn9qYyqzwhwEh3KfOc7ocJw7JVDW95Nd/dn7Kpn+s/dWriDGceiqqj6yqZUlkC5JqTlxhzlV6B9hMBQ5ttQU0cqFUj+a70S7RsOyJMgDko8oQByVis7NcAzPqUynJ22UOP6lYQBoATICLew4+lMJPCJ2QzytDM7GDlOHJTRynJEwTrQSQAtXb4vDpG47rN0Tdc7W4WniyxgbjhZdS8x2nX0EcS3FpbInSVLdP4d1fynDR7KpsrHB/iEbOCn1coBDQuRYsywep06205Y12CRuEGpl8MZG6aSSc5UavfiMMzz3WrS1tySZi12oVNLky26ThL5JqjsHFaLPiPy3ZQbHTsp7S1zG4LxuVPpI8k5/Vew08FCCifH9VdKy+U37LnpykM9zh2yAQSvTrnlsMcAG7wMBYzoWiMte6XTswZW1qC2e5QNbv4WM/daLP0cDVvNhMpY/CgYwjBA3UhgxuQm/iRWY5wlMyL9kW7XCG22ueplONI29ys90Fb3tgqLnUA+LWyeI4nvzj/NN65qfnpqXp6Ekvme2RwH9OVpaGlbR0sdOwYDGgKDM5r/yT+RtshVcjoaWSRp82MD7ogBUR7hWXGKlB/lxnLvcohLlkn2GjNNSeJJ/eS+YlWa4GhoDWjYbBLIUKGlEpm4JJCY0ZKlRgAcKAt4GJiemKRlkoSaTkYyuuOAVE1OB1A7+qkpYLXZWdWdQU3TdkqbpVuBZC0nGcEkdl4R0HQzXW41fVFwBdPVvJ1HsD6K4+Od/feL7R9D2mZxc5wkqtJyCT/8AMKuLZR0tmtTBNiOOJo1uS3LB16YuirPuX/oYr4ydTMs9ndbaeYa6huducL5zJLnFzjkuOSfdav4i9RSdQdQzSiQmGIljRnZZQ7FZpyye68RpVpNOotfc+WFZ3TsgclNj7pPaXOGEB0x8TclGmIYA0BKEaGlx7IMr9ZyqbFSlgbkucpELcDJCFG0kgYUrGluMKwQThg4C4k4gu2SUCEuJ6R4QYLwBI7pgJDuUVwJyhHYpQLJUTtwpgbqYq2M4KsaSQYGUUpYH1kapgzvp/dV8jA1aKWFj24A5VHWQkSEDhBKWRjWCul3Oy41EcPUrmn3WaxZLGpJJKghqSSSgYkkklCCTX/SU5Nf9JUIBPKSR5SUIJJJJQg5JJJCQGOU47JyHq9kLWS+xySSSooSSSShBJIKSrJBJJJISD0kkkYYxPSTFXRB6SSSsgl3T7pNTlaRBiS65cVEEnAkN2TV0/Qrj2QuYfNQ5zwhuILcZXaL/ALGQfRB7crRHouUuEMPK4unlcVC2xJHhJJQrIBzRqOyYpCCgLEkkkoQSSSShBJJJKECsODn3Xolpfrp4Sf6QvO2cr0CxkGmZj+kIDpeLf+oWuckKRjICjDlSRwrPSoIOUcEY5QEgd9yhTwEmGyUWBx1DdAHCLGQNyrGE4EYSyPVC1e67k+qiYYQoBJJ3RCQox5P3Tooghyunc/ZcHKcDh2U19C7ODzXrM5u5z/SqFXPWMoffpgOGjCpktngtRn5ZZ/YkkklQgSSSShAjU8BxIY0ZJ4TWbZWm6OsklfWCqfGDGw4yUyuG5ib7o0wcpGx6TsjbVamOeMyz+dx9jwFctbk8o2gNAY3YNGAk0ehXVoqweSut+WbkPiHlRWj1SjbnARo4yTwtaWDLN4E2MvOw5UiOPTuUSJrWj7Lhy4jG2FYhvJxrcHKJjbCQCejAbGAk90RN0+6cjCEuZC7jYoWoN3JUIESyFHfKcgAKVSUNVK4ZbhSXBt02hu1cttSHNLpDhrcqbS0U8hy6PYqXQWmUYLmE4V1DAYgAUp2HuPF/R7lieoWStjtkQwXM3UyOkhA2YAj+FuEVrRjhBKw+haHw9GljiMEiOIA0jDcJ/ghuEUt90GeQM5IH5pUp5OmqoVLJyRoa3JIWevHUEdCCWPzjjHdReoOoCR8tTZ1dyCsyaepqT4k5dv6lBkxanWOScKyLdbvXXSTxC8sGeMqpkGnJPPf3VxM2OBpGkcKirpAcgJkezzuuvjVDdPsr6yqOSAqySQuOcKZNE57/AFXI6EnnZaorg8hfbO2TbIQaSiMpzJjAVpDbmu3LVYQ0kUQBa0I0Z/ilJ5ZTQWxzjgsO/urKmsgBBLPzU5pazGIwitc54G2AmIKNaXY2GipqdvmaER1REG6YxnCC4knJJXQAFBsV6GPlc47JmHE4OykRtHdELATsExQC2ewDYS8bhPEEcWC0IrGEbIvhnAOOVOgXj2R3MAwAFxrHDvsilzW8lAkqXNwGtRKKYMnFIf4bR9RwUCV4bjByhSzvdug4e84JUM0pro6+ffAQXOkPZFZTHk7o7IdI+nhMFuDZFGt22EZkB59UXVC0ebZCdVPBxGMKuEA4qHLCeAAPMMAppNLCdRkBPoFGeayYbHIKH8tMMlzf3RRSYLm16JTq6IZDEB9dO/IBwgaQOdl0DvlEBKUvYnT1DuXJnmJ9SjANGxT9cQxpjG3uqygXyB8GWT6Antp8nDtkX/eSB4LMApjaSrkP8wgIQZLA/wAGEDykBISMaBgApwpMY1u/dd02+LGp/wB1TaQOAfi77MCcJnj8Gyeaq1NGC85Cjm5Urfpzge6X8hMMMXF5GxTix2BgKH/GYW5ETSDhMF0qDwOfdB8i9lYfonCCc/h2RBETtkKqN1qcYCH83Unl539lPkJhl34Od9v1SEPuFSCeoP8AxV0zVA/4qF24BVRdeD7hLSP/AJSqXx6j/vSufN1A/Gq+YnxF7pb/AFJaM8HKoW1tRn+8KOysqMA6/wBlfyE2MszGCclLQAoArJsbvH6Jwqps7u/ZMVqJsZJOQeFwNx3TfmRjcJeO1E5prgPDPTFx/wBJQIq6OU4dJlSSBgFfmQ/YqkC82r2RAThcyOUgSeAgGnQcHIR9RQE8uBGEAbaJDX5RC4AZUNhOc5OyLk+qprJM4ESewXWSvYR/mu5aukNI9FQ3OCQyqZsHnBUqJzXDU05VPK0jgZTY6mdrvKeFMZD+Qunxg8BCNIc5aN1HpbgCAJipsdWxwB7FU1gOMskV4qIjnBAXQ8PGJWgj3Cnv0yAAjdQ5aRwILe6CdakOiwUDZKSX5igqH08g7sdhbGyfEy40OiC7M+YjG2sfUse4GMjbKTy14BxhZp0YHRsz2e42bqW0XpgdTVLQ8/gccFXIBAzg49V85tNRDIJaWZ8Tm92nC2Fi+Jt7tbm092aKqAbB2N1lnRgNWHren3SDc91VWPqi03+PVRTAPAy5juQrbON8LP8AGxm4JowMrgl3xhcEnbCRaCgcSb+cEgeYDB3Kc18sP94CGqI0ubw4o0VdJGfO0PHoVW0tPISqit1yjMNVFHM08h4WQu3w4oJdU9llfTSncNLvKVsGCinOoAMceRwnmnkj3jdqb6FVuxyGeN19o6lsry2tpfEYPxw+b812i6inhwySQnTyHL2Pw2Sf3kYOOzgqS8dD9P3lrnPpxTzH8TBhGrN3BblgydH1LSyaWyt5VoxtHVjXBI3J7ZVDdPhreLcw1FtqG1DOze+FnRU3a1y6KiOWJzTg6gQokmTdg9EZT1EezJtvupUE72kNkjBI7rG0XWLo2ATs1q/t9+oK8ACTDu7SpKOCOW400F0kbjBwrOmrYpdg4Z7rMxSwuIERye+6kMceRsltBGrjfqOzc/mjANcMY4WdorpNT+Vx1tPr2VzS3GCcYJ0u7gqmC1kKWEe+UtIds8Aj33RRPEO+UtUbyAEtvkoorv0ZYLwCamjEb3cuj8pWXrvhlcaRni2G7OfpO0Mw7ffO69KMeBnCa5hRRslHoGSyeRS1nV1odputoL6dmxkjaUYX+1Vsempw3Oxa8bhessa7vvkd1R3Lo2w3VjhUUDWSnPnjGMrVC9Y5FmCq+mLDfKMRCKGRp4wBssPdfg3MyZzrXLsdwO4XqL/hvU0UhfZ7i9g7NcdlSVT+qrJUk1FM+aMfibwiVqbFyW5niV76SvNnkc2emeWt7gKkFQY3aHhzCO6+k6e8Wi7sNPdKVurvqbuo1w+H/RN8gMZpGsLtw5uAVakkC4M8h6b+I3UljIjprm8xN4YXHZeodP8Ax+piG01+twLiNpWP3P3GFnLv8B3/AF2C4ZcckRvGMfY91gL70R1ZYJXNrbVNpZ+MbhVwyKTj2fUVp616QvzWOo66MSP/AAOIByrp1IHbx5IIyF8WRV9RB/LeXRkbEcLX2P4m9WWVrY7deZgxvEbzlqtxRfytH03LSyR5Lm4CBq9l5f0//aDkLWw9R2t0unZ0kIyPvhb60/EvoO/NDIrpDBI7hknlclYQfylg2lZKTkKLU2qI7xndXkVK2aPxqWVk0RGQWHKD8s5ysv5TMTWqZn0hV89LIwfzG7LbOhewEvbsocsUM2z2hTJatyYaa3U0x/mQj9FS3DpSlleZoomk+mF6S+20z99ACr6mz8mE7+imA9x5PXdITxjxackH0BUWml6ksj3uoqyWM7ZwTlenT26oDtJYdu6r57e0OJkhBP2S8EU0zNW74rdSWx4FdTtqg3jctI/RaOg+O9tcR/ErXVNxzoAdhV81mgkeXiNm/YhVVT0pTySFwjxn04UwHuPUrf8AFDoSvDXC4tj1c+MzSWnHGFc07Ojb24SU9wpJnvGdMTwV4LV9IMazXHGCQqs2GqZnQ1zT7OUwgcv0fSruh4dLpqCplBO4GvhBZYOsqUjwJo54fR43/VfPdJ1F11Ysfw291sYhHlHjHCu6L43/ABLoyDVVlPP/APTodX+qAGVjXZ7l8ncoW6rhQ6RwXMGR+af8lGW/SAT7LySm/tHdUxN0XCy26rYezWuYf8yrSk/tF2Rx/wDeXTdVTyjktc2QH9cf6ocE+XJvn0DX5GkEIZtDD/R+YWfofjv0BXPEVTLWUpP9dMCD/wCVaW29efD656W0vUVES7nXJp/zVOOAPlIsnT9PJs6OP/yqBVdCWyqGJKaP76Vu4G22oP8Aus8ExxnDJA7ZJ9CSfLgBVtyT5Tyqv+FFvmOYIWb9wFUyfCqtoSZLdcJaeQ92jP8Amvam0Tm8Fq58oe+D+SFxKdiPG4H/ABfsBDbb1G+VjOGSjW0/qrqg+LXxUtbm/wAZ6dp6+MfU6MlufyAXoU1BCXEuZg+yivt0A2xn8kpxQD2y7Kmj/tBWMyCK9Wattvq58YLR+eQtTafih0Dem5p+oaMP9JHBqoqiz0k7dLoWHPYtVHW9B2CscTPb25PJaMIHCL6KdcfR64IrfcYBJH4Usb92vZg/uhtstKz6A4fZeJu+GcVOc2a9XGgI3aYpSMKfH/7VLM/xqHqv+JOxjw6qEAAe2Co6lgTOv9HtFPS17R4cVc7T2Dt8KVHWV8B8KeIPxw4Lx+h+KnxItTW/xro5lXH3lpZNP/VaCi+P3TIkbDerXcaB/cvg1D9khw5Mc6ZrnB6THdBnE8LmD17KRHWU8rtLZBlZ6zfEDovqPENBeqN7yM+E94a/9Cr75SlmaDGAM8Oaq2szyi4+iU17X50kHCcopt5YA6GZ4cPflNMVcD/eD9UPQsmJKLmrYBrZqHqu/MgY1txlQm1ElJRhVw55KM2UOGRwVAWsD0lzIXcqZFj0kxJTJB6S5kLqgOBySakoUOSTUlCN4HJwcQMIaSgoNkpAnK4koAFB23KWR6oWSlk+qhAqehJ2QoQekmZCWQoQekmZCShB6SSSgIkkklCCSSSUIdyUzBTxynDThQgxMRchNUKyJJJJQESSSShB6SSSMgxd1ey4koAPSTdXslq9lAcDklwHPZdUIJLJSSUILJSyUklCCyUkklCCyUslJJQgslLJSSUIJLJXMhdUILJSyUkkXZWUgg7qqv1Zf6eIOsVujq5O7XSaf9VaA4XRgd1UuCzDOvnxO3LelohgceMT/qg/7S/FEbDpGmP/ANsOf816FkJpbxuhWWFuR51J1V8VWbjobX/yTtUd3XHxOid/P6Alx7VDf9F6c1LT7opJom9Hmn/tC66a3zfDquJHcVA//hXW/E/qpkYMnw2up9SHZ/yavSdLTzj9Fzw4zyB+iDLL3I84/wDave2n+Z8Ob2PXDc/6Io+MIaMVHQ/UUZ7n5YED916H4LP6R+i6GgbBTLBk0zAM+M1jb/2uyXqD/mo3H/JSI/jX0U4/zHVkJ/8AotDIP3wtvp911rATh2CPcK8tgNL2ZGL4u9Bzb/xuOP8A+mMc3/RTqf4j9DVGNHU9Dk9vE3WiNLSyNOqlhP3YCoM3T9kqP7+zW+TP9dOCi2cA/wCn+gVP1T05V5+WvNM/7PU6O5W6QhorIiTuAHDKrJeh+kXkOl6btjj/APswCLF0f0tC3ENmhh74iy0IAZRT5RZtqIX/AEytOeMHKfkHuoUNnt1Of5DJG+2oqQxukgAnARC3/cPnO2F0bJN4XVBMm2OT0JORkHpYCYkiDHpHcYKSShMgTBGc+Ub+yA62QSHI2U1JDKW0mWQJLbnHhTFmn90E0tezeOXWrVJo9Cg3BFSJLnEcOi2+6J87pA8VmFZOaO4QjDG7lgRplbyMyugdtnH3Tz4b98ZBTX2+B/bH2QTZ3MGqCrlafQlHlEfIf5anfxFgrvy5ZgA4UPw7nTHy5eEmXKpYcVFLNj107Kw0iZrqY+PMO6eycYxJsVHZc4T+Eg+6K6eN4B2H2VFYyEaRqyDspAAwo4j2SIkbu12AFYGA6YhCV3cZRBMCOFWCjq45gc3HC6kqC3MiuomvOotChVNoaXF7WAfZW645odseFeS1LHZRtlqqI41ucz0O+FKguWtw8Qbe6nmlpzyOVGloGjeIYKvJG1IlA0s7NJa3dBloYwPIVDMdZTkOAy0dlIhrmkta7IPuoimsAXUxadgo00DZRpkbhXQMZHHKZ8pE/wCobq9zImzOTWiCVpcMg9lUVFFW07iWAaVtJKQMOGjlRX07sljmpyswPhLBjvEDP7zykJzZdQwBkLQ1Ftp5xpMYz9lXyWKSIF9O/Vj8JToXMbGzcZ28WO13WMx1lNG4HkkLzu/fCKFuqosMzoJDuBnZetmCPVpqYHbeiFJRNIIp5cj+ly26fWTrf2sfG+cemfPT5Ouui59VfTPkgb+JgWq6f+JlouOiGsf4E3B1HG69MmpZNR8SMn77rH9RfDTp2+F8xoY45ng6i0Y1H1OF2tP5P1YbK9Ul2W8FXDUM8SCRr2n0OUGphpq6Mw1NOyRp23C8yn6T636LmMtgqJaqlaf7l7s6R6BW9l+JlFI8UfUML6GoGxLm4BK7FWuh/SzQr4yA9RfC+jqS+qth8KTnA2WPZJ1F0tO5lRFI+JpxnnZe2008dVG2aFwdG8Za4HIIQK600VwjMdRA12e+F0a9U1+ReUzz61dR0V4b4ZLWTY44ypjot8gKH1F8N3QvNXanljxuNJwqGj6iuFukNFc2EuYcHUF0a9VDsz2Vb0X1XR01TGY54WvaRwRlYu79HsBdLbnFrudJOy3UNTDVxNmicCHD9EN8TRuWrqUaxwfBxdb4urULE1yePz001PIWVUOgjue6iy08R3AAK9Wulno69uJYW59QFhbz0rVUjjJSEvbzpXe02uhLtngfJfT065OUEZ/eLAaPyS8V/Dgm+M6F/h1MRYW7bormxzt/lObuuvTdnlHgvI+KSm8IHI7U0jKp663QVkb45owdXB9FaPiliPmBwgubqW6E1M8rrfH2UvdE86vHR0lK/wCYoSQeRpKFauoqylk+Wq3Z07eblehTRZ91m7v0xBXOM0QDX/oo445Ryt0nxMt6G4RVMbXBwJKl6g4ZCwEYuPT84dLqdCTg5WjoL7BUAaZR9iUSb9iZ1e4l1rIKKJtgNlDE+eyc1xIyiEyg12S5AydhY5uxXnnXPRzpWGuomDU3LnADkLetkA90pRHMwxvGWuGCEqyG4ZRdLTz3RPnOVpYSC3cdkxkhad9/zXo3WvRRjY6tt0Qw3LnNHJXnJiIcQ5pBXPtqzwew0OtV0d0ex7KrfBCM2UOx7qGYyDglMGR32WKyv9HWr1bi/uLPxGngpvijsVBEjuOU0SlKwzWtfBlkJcIjZ9PGFXNm7bp/zA91MDo6uL6LFtRvuMogcxw7D81WCducbovzA23KoYtTFhJ4Q7gdlWVFIQM4VmJht5cpSuZIBtjCrCLsasRnJ6dzTxwmR1D2nBGyuKmBruG9lWT0xbwEJilDY+AjZQ4chRahgdx/mmA6dspD1ylSawLlLIwZa8OBVtSTeIAO4VU92Eehl8KQFxyFllHJq0d3xTwX8LyC1W0EpAG6pYZQ/cBTqeXgFZbI/o9Zpp4LQPJIIWls1XqgxnhZmD6RndTLfVGnn3PlJwsx29Lc4yNYZdI1BSIn62Bw5UGKQPZ5dwUSCQtkDTwUqSyehrswFrG5j1Y3BVXWbNBVvM7VG5uFU1DcAgngqiXPjKH22pOHROP2U2ojEsZ9RuFSxO8GYP7BWzXa4sg5yEyCF1z3R2goHfzAw8EKNXN9PVFccScrtSA5gxucIinL7drINM4xzNd6K2lJmhwRyqSR+hx2V1SSNlpm/ZWuxa54KVznRzFhXK9vi0zsjchPrcMqXFdDmyMx7LdSc3UfdmB5/VgxyYxjdHoXkkFEvsHgz7DklQ6d+lwGV2dHJxZ8y8xVsbRexvGntuo1S3fOcZ7p1NktByu1rP5BK6ucnlFwSKGQGMtJCbL9YOFGonYO5UqcbDCMprk52C4N9sprO/2TAcEZKWyKOSPcI8wlw5CgUsurAOytKwaqdwVPC3Q4k7YSZ8Pk1VvEcEuckgdzhAj+oo53buoryA7dRrA7cTNRLCCVAnOSpTD5Ruo048uUL6BU2yKSDsF1o3C6ecpuoHulOTb4HRjkkgjSd1CqByUbJ9UGo4VWdBwIkgyD9lFH1D7lSn8H7KKPqH3Kxz7NcQ7OVOpzwoLOVMh4CZARZ2TgfLyo7juuknHKSdKRmbycAwupJZxultlE+zx6qoZC0ukDfCo7JES8S4wArtkmt4aByVzb5bpHf0McVpmhtgDKcEDslOcyEkolOPCpG5HbdRnu1nKyRWZ5PQz+yuKR1QiXVVxijDHOYXgHAUl0gYPuj9MME9we8t+knC6mihunweW+odVCuhwfs1kwbT08UUTQBjhSIIiyIYG7lHdmV7WNGd9ldU9OHOhpSPN3XpKuGfMLJ7eTb9B2+WnoZKuU4aQru3sDqmSQjY7gpUsbKKzNYwYHhj9UW3t/kB2NymT9HFulunkmafdODmtBLjgDlNaq7qOubQWaomBDZNOGknhLF/4KWxx/xzqqou+fEipQYWHHYLbDlUfSNrFstMbSzD5Rrcfcq7VBrg7LIGMyMBdtVII2mdzfM85H2UOcOrK2GjjPlaQ9/wD0V8GtaA1owAMIxLH9kMk5ROyY0EOJQp5KDRNB5T9WdkIHISO/BR5AHndcSXHcJZBsmMcqg6nvMFntU9bPUNiZE0ucXHsFbTyEEALw/wCO/VEjooOm6FwMtYQ5zfVueEE5bTRpafntUDPdBwTdSX2u6wr4yZKqUlhcc4b2RPjN1i2xWV9upng1Ew3AdjAPB/YrUdPW5lisbGMbjDQSvnX4idRP6i6innc/Uxji1v8A8v5JEp5PTaHTPWatSa+yPr/HSMuDr853J3XUkkB7F5XJ0d06LLzwmtRoo9Lcu2yoXJtD5nAR6B3UddkJJ5SaMlQENEzcHGyLNgMXYm4bugyuycZVdE9gsnUjtI0jcKMugnKnROwqKN0EcIp7KxiHCMFpOeyjujwVLjZgcp7o25BSmxnx5K52Wb42KlUUuTkJ80DXxFoGCosQ8J2CgL2uDLqN+puFX10OcuwpVJMMYKLNEHt557qM0KG9GZqIyHZAQFZVkWmQtIUBwIyEuSAktrwCTk08pyWWJJJJQMakkkgIJBRkFQg1JJJQgkkklCCSTElCCSSSUIJJJJCGPSQUkvIAZJBSUyQSSSSEg9MT0xEwx6SSSsgkkklCCXdXsuJKEEkkkoQS72XF0cFWuyFrSnNF+SADlHpf+xfkgNBWqDyLsfR1JLGElBUhiSSSplp5GpJJJbGISCjIKosSSSShAySSShBLd9Okmlbn0Cwi3XTn/ZmfYIDo+L/3S5HKMz6QgAjKOz6QrPSo6ug4OVxJQaSGuTxyhtREKCDtcdI3TicoGQigJiQYTJ7lcPCWQmuc0hGC3gEeV1pw4H03Sd9RTHkBjs+iMx6qz7DyzqKQy3yqcf6lBUi5kyV88v8AU8qOoeP1ElKbwJJJJAZRJJJYzt6q4rcydckmlgfVTsp4hqc9wGy9d6etotlujhAw4jJ+6oOhenIaamFwqI8yP3BPYLZNGdhsF09PRt5POeS1kbX8cfQQAHhEEeeyTY+MBSoITscLowjhHFcsCggOxI2UhjABxunNZpGAuPa48HCMRKW4W/ZPjHqlGPVPxhXGOQRLqS4SByiLOruAOSuBw3Q365dgMKBwg5vCE+TTsN8prKeWY4aDupdLa5J3AkcrQUVoDAPKN0uc9p67w/0zbqZqV3RU2yxTveZHtzgbLQUVtkhwH7KdT0ukDsj6SEqVrZ9M0PhKNLHEIg2Q+GPukW5TnOJ24SSXM7ddGwHhpXCRjkbLriAN1Fe8b5KXKWTYlhHKqtjixrOFk7nU1U9Q9vinT7K2rpmTPLW742yfVV5a0kk4yoZ7471gqjRAnLx78oNfMyni83fYAI1wuUFM0uHbYD1WWr6587y5zicp0YbjhazUV6aLUAdwrnEnAVS9znnJUh/nOSuFoI2CfGODyOqnK97pAGw5OSEeOEDgJMadQ2UyODIzhORgdOWBa3tjCOGYAPqiCnzjAwithOeE2MS9r6AhhLtwitZgDZGbEOMIog4OEZNmSEYifdPFNnk4Up74IPrwO6gVNzgj2Ycn7qC5bYdh/l9P5pxMUYy937qtfW1Mv0cdlxkdZM4eJwjF/KpPCJr6qJudwPRRzVTu2zsjRUrAMyDJSdGxo2aFb6Bkt3JGL5DyU7SHbFIhvomh7RsqEzQ50I2OExz4IR5zhR5amQO0xnb1QGxzTSEvPuVYptrokGrOcQHKYHVUpw/YI0NN6AIwAjILgjJtyC8AvG4XJGNp8FxSmrjqMcPbuo/h1NQ7LjyoBLK6OvrdA0xd1G8SqqDgEkKbDRxn+8HClNbCGgYDcegUAVcn+RWClqXEeVSGURx5keaoZCNjn0UKevnfgNwFTD2Qj+RK+UiAzJ291xzqCHBG5+6ryayfg5CLFbp3nzNOEttlSw/xQc3VjMtp28qOa6pm+k4Cmx2qFrdUgx+SfroqfGkjIVOSissVsZWSMr5RgEnKaLVVO3cM57KbPeaGAENI/VVlV1Mxrf5JP25SJ3xXZcamya2xAt1FwB77ojLLE3+8kbhZ6TqKqkO235qLNd6t3/EKRK9FrTzfo1vyNri5eCUJwt7DtIsi641LuZSUP5yQnJQ/yEMVBsg+hI7YXQ+2k7OGfsse2qlOwJH5o0c87zgOOUSvTJ8C9mtD6AAeYH8kRsNvk4lAP2WZijq3AnIxjuVKiZVMbrMsWMca91TuSJ8JeC0Usp8tQASmTdN7Airi391B+VubW6mN1f8AKUB9ympzpqoZG47uCH5AHXOPSJ7+nZ2AvjmZIR2BQxaK3/u+FHp77BI/T4xb75VtBUue3/d61uR6u5RKyLF7Je0VMkFRC/D2O29k3xdO2FfG4PhGKilDz/VjlAMtpqXkmAtceccI089FbcFT4pcNkjK8KwfZ6eXLqar0u7Ncok9tuNPlz49TP6m7o1NorB6hVWjh1MMEKPE+siOmZpwFeuy0pk8TJ2AOaF+cpR2n7BlH9FbHUsI257o0M2o4wg1FrcCXQHlQnNrIHAPOQqawU20XIIcMhCBdqxhQ6O5wF4je7c91P8Rp4bse6UWp5HjhJLlJQadyUg4hcXRygCCZB2ITTGMZwnDhdHKEaQ5YSHZxsnMnkixjspj2tcBsgPp9QyAoGSaa4cCR3Ks4pmTgbBZt8MkRyW7LkVylidpDsYUDUsGlkpgRkBQn0pbkoEF2LgAZ+eymxVUTwNQyqDU8kNzzG7Dk81EUjQGlT5KSCUZ0bqvntssZ1QjSlyrUhqfIyJ9TTSielnfE9u4c04IWwsfxTuVu0QXWM1EQ21geZYouqI/745ATXVNPNswjKU9OOUuD3yy9W2K/Rh1FWMEhGTG86Xj8leN4yvmlsOl7Zo3OY9py1zTgg/ktXYviT1FZnNirXfO0o2w7d4CzT0/tFntiaW/4sLN2X4gWG8saGyuglPLZRpWhEjZmB8Txg8Hsss6mgxzoi5cjmraN2Q4vYE5viY3OV1sms44WdwYZIZdY5Mam4PoVIa5rwHt7qufTseM6cE90JvzFK7LZDj0JyFRZbEHbBxjsgVVpt1yhMdfSslcfxYQork0kNkGCVMika8bFXnBTMTePhnFLqltj9P8AgKyNd0zdLU86o3tI7gL2psoaRhP8CmqxidgP3U+TkreeFU9wr6OTWJnA9wSr+j6tcWBtQ057kLc3joK31oc6GPST6BZi5/D6Wni1U+XOHYq28jCTS36knADXHV6FWMNaMZbuvP5rdXULyDHIwjuMobLvXUMgeJXH1BKrsM9aorzCwBs7Scq4ppaWRoNNIATvuV5DB1jvmoYMK7ob7TytEtPV6PYlC1gh6SJKhpGWax7InzMIxqBafQhZGg6jqIy0Pfrb2IV3DcxOf5jWke6DABbfM05AAPKe3w8ZBCgipoNg4Bp7I38sgGKTUCqFhwGjYOAXJqGGoZolY17T6oRBJHKPE46cHsrTwTgz9z6BtdYHPiHhvPGAs1WdC3GhYZKSVzgOwJXpXiaTjHKc1wkGCNkxWtFSeDymCpu1vd4UzXO0jvz+qnRXx78NqmccOIzhegS2a3VDi+aEOOPRUFz6JY/VJQS4J/C5F8uRe9GOuXR/RXU2DXUcLnnclnlLj6rFXv4DU5kdL09XeG5+4Ej/AE7Y7r0SqsNZROLZIHAj0GyHBWVVMdBy9o/C7smb8rkvCmeF3b4e9VWQOfVUbZWM5dFufuQqQ62eWRhBGxyML6hgu8GkFzMn0KjVtg6Vv5c+voYzK7bVgKZRco7T54tXUfU9lk8SyXSrh9AyUgBbW0fHvrC2OZFe4RVU42Odz9/ZX92+CtK6R01gvTmvOSIZhlv2BWOu3w96wtrCaixOnZnGthyMevCtNFKLPT7P8cOk7qzTWtfRux/xOMrYUF4sV9jbJba+kqRjP8ojIXy5JZoBIWT64JB+B4xv7Jwt9XQnxaSdzXctc0omsFM+qxTa86QcKK6nAOV4RZ/iD1xaSwC4mojaMaZtzj0ytjbvjWctjv8AZABjeancc/mChKzlYPQaiIY2bsq6SgaXl4aDnsVFtPxD6PvrhFTXJkMh3DKghjj+S0TWRvaHsLXNPDmnIKhbbiUD7LC92otaCfRQ5bE8OJZwtcIGnhoTJYBjAACmSvlaMVNaZGtOWZVZJa2F5zHv9l6GaTuByo5ooterwmgn2UyUrMnn8tnjeMGPH5KFN0tHL2A/8K9KltcUzcOa0fZRpLI1rcsw4+iXlBdnlNT0m4SYEIOOCFX1PTx1FroOO+F68aBoODCdkCe2wuA1RY+4QkPG5em2/wDc/soEvS4Dstbg/Ze0T2SndwG/oq+Xpok5bEP0UX9yYPHnUN8pHllHWTRD/A8hWlB8QvipYMMpOqKwxDhj3ly3dR0u7xNmKFU9MOwMxA/kj4wTDI9r/tGfEqgLW3GOjro27lsse/6rTW/+1NC7U+99EloHM1JUAEfcOWOqelXPyTG0bdwqiq6ROR5W/oltIGUG+j3G2/2i/hrcGNZUNrabV/XDq/yWooviN8OrjEH0fU1v1n/hzTCN37r5Yn6VcP8Ahj8gqup6dfEchn6IdqK2s+2Y3WqvHh01VDI7HDHgkLptbAM5C+IoIblQEvo6qogkG4dHKWq4ofid8TLNKDT9X1ojbwx5D8fqhlVu6L5R9gOoY2+6D8qCcasL5ttn9pX4g0Gn+ItobgB9XiQBpP6LU2z+1bAwuku3Ro3xmSCcbfk5BKiaFObPaHUb2jIGQVAqbXTVG1TTtcPcLJW7+0t8NLhp+dfWURfxqg1D9itZbPiR8M72Q2j6qoXPdw2R4Yf3KXKplqeeyqruiunKveWgjyB2Crm9Gz2/JsN7r6A5yNMhOP3XolPDabhn5KrhmLRkhjs4TzZs/SQ1D8bK2xfZkrfffiVZABH1ALgANhUx8/oran+KvVlFIHXjp6Odp5fE8Z/QKdLa5g4tDBj1CBNbZg3GkbqsR9oqVdUv6Swo/jd07LK2C42+vonns+PIV/SfELoivfogv1M1/pLlh/LKwclskLsOYCPsotT05STjzUzR7gYVShF/ihEtHXLo9ep6+2V+fkqiGbSMnQQcBFMTHbtJHsF4l/szDG7XBU1MThwWSYUiJ3VFGM0F/q8jhsjyQluv0Kek/TPZ/AI3yT7LoZgbnC8lp+qOvKHGauGYf4xlWdP8SeoIsCqtsch7lgQOGBL0lnpHpeFwjIwsJT/FHzAVttkaD6BWkXxIsL8CTxYyfUIdouWnsj6NO057oioIOtOnajGivaD6Eqwivdrmx4Vwpzn1eossTslnDRMSTG1FK4eWrhP2cnBzT9LgfsrwytrOpJJb+imAJRbHpJmD6JKhexhcj1SyPVC1e6Wof1fuoTYx6SYkoTYwq7kpi5keqhNjCZKWSh+IBymfMx+qmSbGSATlSARjlQPmYxyU4VMHeRTJagyWko3zsHd6XztP/X+6hPjJmR6pZHqoHz0H9aXz0H9asnxExJRvn4P+8C4bhABnxAqB+ElpZKgm6QD8QXP4tT/1BQF1E8uITdXsof8AFqf1S/i1D/3igp1y9FgkoP8AGKPs9I3el9VAvikuyZgpYKgm90g23S/jdH7qF/EywSUD+O0nql/HaT1/dQp0yfRPSVb/ABykS/jlL2KhPgs/Ra4KWD6KnN7GdnjC4b3kf3gUK+Cf6LfT7rufUKjN3yf75L+Lf/RkZToZeEZXNPuqT+LHtMhuvEvGpQnxMv8AA/qCW39QWe/iEx3Ei6a+YbmVQnxM0GB/UEtPus5/FXA7zJ/8bAGHSDHuoU62i8yPVLI9VStvVOTucn7o7LtTnbJ/VXgrZgs0lDbcadwzqXfnYTt4rP1UwTYShz9QRWsyMkKB4md2nPuCniacbCRUA0TdBTtJUIOqTv4g/RE1z95FeMC/jZI3CWShgH8RyupcnkvAQE5TwdtyhpI4ywQLkeqWR6qLqd6paneqL5CsEjJXQTlDSHKrJYccLqGCMJZCmAcBEkklEDJZQQDC6h5B5SyBwjwIw8nV3PZMSQhjkkkkJDoOF3V7JqSgnAXIT1HRGq08kCJJJJhBJJJZCrKII8JJHhJKmQekkkqUgxJJJIgBJJJK8kEuOAcMOGQupIgmBfQUz9zHuoc1H4R/lMyDzurTITHNyNimFxntKoOlhGDM4DsCpENTK4YOCPVGfAHknCQja08cKdlzmvRwb74XV0gDhcViwqSSSAgkkklCA9bvVJq4kjIIt2O/7qKYxqJUsxlM0YPKrKCSGMLh+SOx+c7LmARsxOVNoJjiQeU10bX/AFBDa455KK1wIx3UxgF8Eeekj2DBgqHNFK0ZxqAVu7B2JQwwBNJvcWUb2M1YmGD9soMlup3HU0AE+i0L6eN+G4CiT29oOYjuijPAcbGykdapXHYAhQZ7UA8l0WD7BaGSKth43CF89A0+HVAsPqRsmxu55Gb2ZSehjY45bkHsVmb90DYb8xwqaOMSH8YaAV6hLQ0dY3VHpyRnIVZNYpNR0ceq2U6p1vKGQucWeDV/QnVnSUhqena58tODnwXEkfopVn+IMMLxR9S00lJKDjWW+VexVNE+AaXjII7jIWcunSVpvmqOtpYiXbZ0DP3XUo8lLqRqjq37IkTaW5QNqLdVxTscMjScqivvS1Hc2OZNTMZJ/Xpwf1UO5fD3qbpeR1b0pcHlnPhEkj9EO2/EiWKX5Dqq2vglbsZQ3Yrq0a+PaZqr1EJcSMfc+nbt08TJG9zqfO2nsmUF5FQWxTO3G25XrcJtN6hzRVEUzHj6cg/ssn1H8OIH6qigHgynfy7BdnSeQzPbMZKCs5RSOayQDCiVNGNOQqydl4sE+isBMecBxCsqG6Q1flOnP7LvU6iGcxZkvo3GavXT1DWg+JGGu9QFh7l0/X2t5lpnF7M9l7NNRwTDYDJVLcrMSCWNzsuzpfIY4bPI+T8FXdFySPLY7vHtFVRYPG6LNSskZ41Pg+wVxdun4Hlx8LDh6BZ6alrra7VTkub/AEldqnVb+Uz55r/FOEWpIE9h4cCFEmaGkbKyhr6erbpmaGv4PbdCrKPLPFhcHBdWi5Ptnidb4r7XKBRV1JFWRGKVoIPf0WWuNimoczUpJHsto9vr2UbZ/lcNlrwpLg81NWUS2yM/a78NLYKvOobZWhY8Fu3fdUlzsMcpdLT4Dj24UCjudVRvFJVE4acAnlUA3GaNWXuByn+IfRRYZxLGHAgowOVBMlgLM1ssbmSN1AjBXnHVnSOkmrpD6kgBej62nIyo0sbZBpIzlIsr3Idp75aealE8EnjMTi3SQeCg6cL0DrDpaRpNZSxAhuS4AchYeWDAzjlc+dLbPVUaiN8MxZE0+6GjPhxkgIJjI7JMoKI9YHEj1QS4p/huTfB/wpW0bCe04HHPKK2Q7HKCQ4dkwaigwNVss5RObV4+oJ/zMZAAk3Vc8Z2BwuDZwwoPjqp9FrrEg2KizRBzd0xs2nARfGaQSQqcR/zKa+4q56dzHZQA7sVaTaX5GFWyQnOwSLIN8iW1ngYTlOY4tdkJuMJDZZ2vQaeHktaOoOMEK0p5sEHCz9JL4cgzwdlcQYIyDws1qPQaLUNx5L+lkEjccI+ghwwVV0kpaRyrVsgcwFYJrB6XT25gmX9oq9Y8JxGVPc8tcHAcLM26p8GXWVpWyMnhDgNygO9pbk44JkL/ABW4KgXCPEu3CJE/wzhcqjqHlG6htlPdHBUy8+isLbPqb4bjuFX1HmdkbLlJUeHKCDj1UMlctkuSzr2+FiVg+6aXB0QIPIUlwbPD65CiNGPJxhGx8/2itrQWu4U62VJMIB5CjV7PxeqFbZg2fBOyiM+/bZgNdWOHn9VGpnlwG/CnXXBhBCrI3aVtolkxal7bGil6kjzJqA2GVQQvIeNuFrrtGJI+MlY0u0ykY/FhdfTywz595+vEmy+ozkb7KRUAPh04UCjdkjCntOQuvF5R4qfDIkOY36e6mudrZuOFWl+iv3GysGvBCIGQxmzt1x3IXXcjCa7gKEGy+ZmD3VRL5Ziwdlc8BU1YCKhzuyVb+zRAOCCw79lDkJ1o7DkDB5QZOQhctyGKOAsJzjKbMMwOPdcj4CJPuMIWRFcCTueUxpOUVw32QRykKWDTDoODkZQqjhFHCFOCRgKpy3BR7IruSoKnO5KgrLZ2a6yRFyFOplBi5CnUyZAz2dh0kkkximJdxlcRqbHit2SLJZLitzwXFr8lPjCt7bH4lU0eiraUHQABhXVohPzAOFz7OeWeh0cGnGKL2UBtM5o7YwoLjgAqVM4YLcqBM7G4SILMjqXzw9v6AVM5zgDlarpiibT0Jlewa5d8rIPDpqhkTR9S31vhdBRxsdyGhd/QV7fuPmf1NqnOfxlhbYtU7nFucDZXtngdLc43AZ0jdVlrjaIy8jc5Wq6OpxNM6pLfp2Xaj0ePusTga6Yk0zYOA5oCmUwayEMxlQ3gSztaBs3lSm5HZWceT3PJKd2WY6k/943igtcX8yNjvFmAPIC0YeGgucNhuVm+lYTc7rcL4QQwymKMH+gen3KpywOivtya1ga1jQwYAGwSkkbEwvecABIuDeyhVb/HkZA0fWVTWAIyySrLTyyTvrHDDTwDyVdIdPEIYWsA4CIrBEnYHKAioCSjkemZyuBwPBREYo61MnkDW/dPHBVfVzBrg3KAhHrq+GkidNKcAL5ooJf9s/iHJcZSZIYsFvoDtwvTfjR1RJa7IaGDZ9UHR47kbZx/8vdY34bWdlutTquSPS+Y6hnkArNa88Hc0Feyp2rt8Bfit1N/s5YJKaB+mWceFHg7j1K+bS4vJe45J3K2fxQ6kkvt/layYup4DoYO2RyVjEpHr/EaWOnqz7lyweRnhdG6YnA9lZ2XHgMzlHkPkaAUOJuxJXHnCgvO4aRk5yjwNAcCUANJKmxMIYDjlElkknt4R2QBrRpPYqE4OPJ2UiY+YAFMI8uyVY8AkXSfRPZ9QTXkhxT84IJQKWSgo4Tm8po4Tm8pw2PZKjyWoqbD9ICIwZwEqw21xY3BIUOeEgg4VnG0YKa+IFpwgClXv6K+neWPAJwrWN2pjSCquogc14cBgBTKKYABrlZdTcZ7RtdRiTU/GCqGRmCR6Fa5zWvAyMrP3GldTzuc0eV26i+4u+vnKKohDLd1J0E74Qy0jsgsr/QhMGkljCSVgYJJMXNW+FRAxIxygHlLJ9VxQgkkklCCSSSUICSSSQEEkkkoQSSSSjLR1qGiNQ0mRGGSSSVlAUZBRlSIBSSSQhj0kkkZBJJJKEEkkkoQSSSShBLv4Vxd/Crj2QtaVp+Tx6hcYzSd0enA+Wb9lzGCVrj0KktxGmAGMISLPyEJEAJJ6ST0qZASSSSWEPQcj1SPCGOVAwiSQ4SUIGSSSUIJbnp7/sjfsFhgCTgLc2eJ0NNGHdwEB0fF8WZLYE5yFIHCFGARnuiDlWekCLo5TGkBoynAg8KBhW7BPQs7p6ko4C6HgnO5RQQQMkZUdPBRdBhtbvVcJJ5XBwnYGMowZPBxRbjJ4dJK/PDD/kj687Ksv03g2yYk8g/5IzHqZKNUm/0ecynW97ndyUA8opOclD0knYIU8nit+55OJJJZVA8exLT9H2BtfMK2qZmJjsNB4JVRZrRPd6oQxDDW7uPoF6taqBlBSx0sbQAwYPuVs01bbyc3yGr+GG2HssIY4442siaA0DAAR4otRXI4HYyAp9JTlp1ELrVxweWsluZ2ngOckKZG0Dsut0gAAYXchaEZmxYC4cJagUEk55UyUF1gcBLX7IBeByuaxhQmCTqGN0J0hecBObTVFQ5oiYd1eWzpuoc5skrcgjgqN4O94v6e1fk2pQi1H9lPTUlRORoaXeqvrdZHndwwfVXtFaY6cDDRlWLYmRtGGYQSntPpfiPpHT6H7p8y/bKuktMcON+OymshazhH0aScBcSZz3HrqtHCvoYABwkuprjgIDUopdDXNHOUMv5SL8E5UOoqBjGEBZ2olDeHBVVRVkcJtXWBo3JVHW3FhOA9U44F2Xxh2TZKluTwqC5X6JjjTxn81BuN0eXFsTzgbZVLO1zzqPJTIQcjzut8q3mEA1wrPGORwq55Lxgp5Y8lEbTOOCtMYYPPW3Sn+QAMJOUZkeTupMVLsMhSoqbuGpu3JibyyKyl42UxkOw2UhkAA+lELA0Zwj2E4SI/gn0TvCXX1DYxu3AVbV3NxOmAEn2RqImTS6LCaeGAZkfhVs94Mh005x7rrKWSrx8wCc7j2UxlvpKfDgzJVipbpdMqzT1dcQXOyD7I7LVDGQT9SsBpbsxukJrhkKA/Ev6gLKWNnACfgNbgJhdpOcpjpwBjCMBpR6Hudg7lRpqlkY3OUKeZxIwFHcx0xGVYuWRPqt9u6b53DOOUWKkYSC/lS2wtAwOyoTKO4hR055cN0fS1gGTjCe7SO6jTTDhQmMD3ztZtGclB/nzHBA0pBpJ45UqNha0FpwUYOMg46JrN8YPuiBwjBaAnYe84Ltlx4x3UbIo4BFx5yo09S4HDVKLdaG5tLEC54wUHyYLkskTw5Jjv37p4p9GCRlAqrzT0wIhkCparqCWbLY35SZ6hRBcMmiNVT0n1kIE/UsULcRPAwsnPVTVBzLIgNeCcELJLU/ouNXsua3qWrqv5YeQ31BVY+unlGDK7H3Qsb5XDk9lknfJvkZGpDXPc4klxOVwEgriWoDdKlLdyxka0ggfnchdODyUPxQDgNXCSdwNvuqU/ReA2E8ED/wCao4Y475JT2xgHJdsryBjITxgBgNSFVO0eR2PROaYMb4cVHklA4CPICjySHVdX+KYfZB8eTWX6jnPYoPiuceEkO8YlgktudwpzmCtmb/4jhXtJ15VNYIrjb6araBglzdyss8Z7pJTtknwEbtsXQnUTNUUj7bVu/A53kz7Knu/TV3tI8eJ3jwHcPicTss83GckcK6tfU1ytuI/EM0PBjfuMJkJ5BnFSFb+p6un/AJNT/OYNsO3IVtDVUlYNVPIGvO+M4KI+j6c6jg10mLfWHcg4GSs9W2m62iTM0JcztJH3T4Wyi+BM6M8mi8OrB2aRng5UiCuuNINLgZG/0u3Wcpb3IW+HPI4jsc7hTI+oq+gaIZo21EB3D8eb9U13xaMrpknye30dbBWNDshpPYlTDEAM8grPtjppP+znDgM4yjQ1tVQO1VGXxnbHovz9KJ+to3ZLYsOCoc8DZtnhSKa4U1W3+XIMnseUR0OTkJbbQ1NSKCtshfh1PsVFifX0L/DlOpvbK0xZp2ygvpoZd5GakDywdvtFfT3GJ+Gvy0qc17XjLTlVlTa3NcTA73wUCOeopXYcHABRLJaky7AwkodPWQykAuwT6qbpyA4HlC44GRkmOT0xOyEJo3I6kNkxJQLIV+HgB3ZBno6cgEN3Tndt04cYJULID6fQ7yt2TmVckZGBwpmkHOyjS02vOkYUIngk09xnJHmBCtIaxr2+fKy8kVXTuBYNkWGvmBAfjZWg1YzSGnin7gqvqbM5rtTItz3CZTXPBGdyrKK5MkADgiwsDVPJTGKuhOOyJGXuGHDB7q4cIpPoGD6KO+kHD2Y90uUEMU+CIC4HLTg+xV7Zuub/AGN4D5fmacfgcckD2VM6nkDv5YB9sp0kcjRiRmn3WayhMOMsnq9l+JltuLWtLxBKeQ/YZWop7lSVbAcgE8OaV87TUziQ5u2e4Uqg6j6jsjh8tVGSMfhdusktPkblH0N4cpOY5QW9t00meM+duR7heY2H4pxuLYq4GKTgnst5b+qqauY1xkjlYR2KzToaDyWgfG8YwB9013isw9hIx2BTg2Cpbrgdg+iZ/Nj2IyEmVbZYWO7Na4NmYWn17KxgrI3tBZIAVS6Q48LmkDjI+xS5RwAaRtXM3h+QjiojlAbLssxDcJocAnU33U2G6QynGMFTIZay2+2VG7mtP3CoLt8PbXcS6SNoY4/0/wDRW0NVG8jHdS45TgAcKk8k3SXR5VdvhneKUvdRt8Zg7LI1ttutrcW1VNNEM84K+iBM5o3yc+6BWUVBcYTFWUkcrT6hETez58iv9yowGxzuc0bgE8K9tnxEniDRVtIDdvKt5dvhrY7iCKdnyzjw5qwfUHwrvVtzJRg1UfIPKpJMreaq09f22sc2OYubnucLUU9yjmaH0lSw7dnL59kp6+2ymOeGSJzTuHAgKXRX+vo36op3D81agXk+gf4tVQAF7SQpNJeaafyvOh3fK8rsfxKqGBsNzDZo8Y8w3C1FF1P03cj5ajwXO4D1TiQ3bKiGQ4Y8O/NHY7I4WPFNBM0SUtW453Gh2E6CfqCmky2YPj7B4Qi2bEyOb3yk2c5wWrPw3/w2n5yItcOSOCrCmu1HVtBY8A+5Q4FvBaamSjL2td9woU9gt1YS7whG93dqI13of3Rmyb5HZTLIuHwZq5dHSwEywtbI0+ipai2yQ/3kL2L0UTnABymTQUlS3TOAVfyscn7Z5y1kkbtUchDh7qfDd60MET3ZHvutTP0xQVbSKcmN+NiFnq7pW+UDPHAbPH2DeVas9lucccEKroun7y0R3i1wSn+tzf8A5cLF9T/COxXCJ46arZaKV2+gSZaVrS4My2ojdH66hhcjgopjmkqg2X01co/mK76PN6f4K9dU1EallXTVbWnHhjOs/b1WauVsvVoldDdLJVwaTgudH5V73R1F4pX6WEkN59MK1F3ExAr6cFp24yi3cFcnyzU1dEMBx0n7bp1uulZb5/mLVdamKTsQ87L6SuPQHQV+Y6SqsUMkj/qc06d/tjlZG6f2eumahubLcKi3SZyHEeIB7YyNlasz2AjG2f4s9W23DKyaG4xjkTxjUf8AxBaa3/HS0ySNiu9hqqY/idA4TBv5YGFQ1/wL68pQ826Slr42cODiw/mMFYq5WXqGxuxfLHW0r84OuLy/k7gosoCUkfQds696Luoaylv9M2R3Ec58J36FXYZDMNcDw9h4cO6+U21UTfqy0nsVNt9zuNDJ8zb7nJSuHdshaqa3dBxjuXB9Qtp88JjoXAbtOCvD7b8W+t6DSye4xV8beRPHkn/xNIK1Vv8AjpQyPa2+2mSn9XwyF7c/8p4/UodpNiR6CY8HJC66nhmGXsBVVZ/iD0TfSIKa907JHcMmyw/utARTux4Dw4H0S28FSbRXfwynJ22TH2xuMBu3rlWZpyfN/qmiORg8429VSZE9pTOtWo50IRtAIxoV2RvuOU7DfQKbi9/9jNS9PNlBBaP0USTptjBkhp/JbDS07YCC6mychVkvf/YxNR0607eE39FW1HS1M7+8jac+y9GNGCMOaMIZtUDs5YFeSvkR5jL0XRScMaPyVNW9CRlxAhaR64XsZssOdmhRJbGdZ0jZWngjmmjxSr6Ga3inbx6Klq+kCw4FOMfZfQEllLceQH8lEqbG15AMDf8Ayo/kYnCZ88S9JOz/AHTW4UObpyWPGNsL6Hd05b5AdULQf+UKuq+j7e84DBv/AIVTknyDsPCaakutBKJqOvqIXt7xu0/5LRWr4k/FCyENoerK1sbeGvf4g/V2SvQ5uhYQctiG/sq+p6BcRmOJrvyVJx/RNo21/wBpP4l29oFxZb7j6+JThv8AkVpaH+1nOP8A55dARPceX004af8A6oLFT9CVTDtTtKrqvo+qp2a3UhIz2Ctxrl6KcJPo9vtv9p34b1zw252y5UL8DX/LbIAfyctTQfFj4R3gN0dSU0Wr/wCSNUWPuvlc9OHvAfzagT9P4AxFhV8MSmmj7Opavo65g/wq/Wyf0xVt3/dTh05HI3+UA79wvhltmLHZ0Z+6nW66dSWmfxLTdqykI+kQTuZp+yqWmyLzNdM+0n9MyA/Qo8lhqG/Q3H5L5Wo/ix8VracxdW3CTPaaUSD/AOqBV1S/2i/ipTYE1ypX47vpgSf0CS9NJ9F75+z6KNgqTy0H7tUR1nOstkpmO99K8dpf7UXVTdq+xWyqBxqwHMz/AJq8g/tTQ4HzXRukY38OpB/zaqejs/RW9s9Ib0/TYyaRoP2wnfwOMfSzT9isBT/2nukpD/vnTVwYf8L2uH7Kyg/tI/DiTHjUFzh+8QP+qU9NYvQP+TWi0Ts3jne0/wDMURkN7g/uq9//AJis9B/aB+FUwGausYT2MP8A6qdB8bvhZNuy/eF/zwuQ/DZ+hU4p8F5FVdQxEEVbnfclHN76iiAI0O/Iqpi+Lfw2n/u+p6b8xhSB8S/h4/jqu359C5T4mZ5QwWbOpeoW48SmJB/pblSI+o7ocZpmnPsqhvxG6G/D1LQEf8//AKIo+InQ4H/5wUv5INkibEXTL7WOHmom5/NOF2qzxSgfqqMfErob/wDTtL+q6Pid0MP/ALN0v6/+imyRPib/ABRefxKvO4jIXW3C4E40lUY+KnQ/DbxTE+gd/wCiafir0iBllWx/2V7GT4Z/o0wq7gRwf0TdVwJxrP6LKyfFvpmP6fEf/wAqF/7X7AfpgmP7Jbg2RUz/AEa8Mrz/AMQ4+yeWVJHmaf0WLd8Y7TghlJJnt5gob/jEzfRRv9suCH42T4Z/o35dKDuT+ic1mdiV5wfjDIScUjB92hCd8X59/wDd4/8AyqbGEqJ/o9PEII5H6rvgD1Xlp+LVRyIWZ/5UCT4q3B4w2nxjvlTDJ8WD1rwAN8paBwRkLxt3xOvBdhrcBNPxGvbuBz7JipmyfGezeHTH6o8n7rvh0o3MRA+68VPXvUbz5Wnfuuf7W9Rv38acZ9HKfFJdlfGke2Yt3BYUwxWzGcleLHqLqJ2/zE36rovfURP/AGqb9VNgLqTPZCaAHY/uuGShA2IK8hZdOoHbmqfv6orZ744eardg88qbClQj1T5qga7cjCf8/aQ3eUZXljW3UjLqh36lEbFcTsZnfqVNhcqD0l1wtednhNdXW0twXYXn7Ka4H/jFSWW+4u5mJ9lHHAHwo2Dqm0Ek/MfkhfN27PllCzQstedyPzyitsdSTh0iHISikaH56j/78JGuo8f34VKzpyQ4JLv3UuLpgvx5j+6rIeEiX89SZ/vQui4UvAkBXI+mAMaiCFKj6YpMbghWA3ghG6Rg+VhI9V1twYfpicVbx2mla0MMIwFJbRwMaAIm7eyvAuTRRid54ppHA+i6TUy4ayllH3WgbCG8MA+ycGEKC8/pFEKGuf5tBGfdObZ68kfzSPur7SUQNz3VASkmU8diqNvEqAFMb09C4DxJQVOAbndFHHKgL5IA6doWkck991IZaqNuMsJ/NS2pagi6FtbgQoaEDHhO/Vd+Toh/win62+qXiN9VOC8HcQhulseMJYbyAlqCWoKCto8DC6h+KF3xAVOCbQmn3XWjB5S5SSgNoUcLqYkoDgekkkoBgSSHq9ktXsjJgJkroJyuJKECA7crqACc8ow4RJlZR1JJJWVwJJJJQroekkkoKSyOSTUkLRbWByc1NSVAhDvwlwF3ASwAr38YF4HYyclLH+H911c+pCsso4ug47LiSsgVJMSyEAY9JD1t9V1GQekmJKEHpJJK08kG5KWcriSZkgkkklMgCSSSVZIJJcG/K7geiHeQWQlkJbBcJCHcQ6kuNXURDqg1tS+nyWxl4Hopo34XCwd1clkPOCqivtE5oM7pYnDYjCkwXW3Tu8OKpbq9HHBR301K7eSBjj9goE3TVrqHmbwdEp/E04QN4DzGSw3gsv8AXhMLnMxkbKoks96oW+JbbkJC3hk5zgeyfFcblA0G50efVzAii8gOMfTLQyFwTm4IIyFEgraWoGWOG/ZHALfM1OBC+fPdOJ0jJ3QRLODjUMfZFbICPNyqINc/UeOECejp6kaZYwc98I+B6pafdGEQ/wCDxxjVBIWO52UZ0VwpJDqIlae6uUNx1chSM2hjKsvjePDqqdpafbhRamy0VV5oZdGf1CujGz+kbqJLbmSnUCWfZPhcRMz1RbLhQ7geLF2xvss5dbDYL2x8VwomMedi7TuFvZaesp2kMcXtHAVVVQR1O0lHpf8A1NGE+vVOt5QUZYZ45dPhZcrbI6r6NvLonjcRncOUGDr7qPp17aHrKyvaxu3jNGppHqvY/lKdwxDKWvH9Wyg3G009bCaa5UjJozt5hldSjyL/AKjTHUSj0zCsrOkusqfTS1UDnEbsdhY6+/D2utcpq7VktznT2WvvXwcsk0hrrBJJQ1IOoBrsDKrxT/Ezp6INqIm3KlZthzcnH3Xc0nkIrqRpWpzwzExXOppX+DXROY4bbhXMFRFLGDs4OCsblWWG6sEV1pDQ1JzkPbgZVNJQug81HUMlYeNJXf0nkIvtgtKaI9yskFa0mICNx/QrDXu1VFC/VLHhpPPZegRVEzHhtQDpO2cd0aaKCpiMc0LJGHbDhld/Ta/DWTia7xdWoT/ueLVtqpqzzDEb/wCpvKp2/wAStEpL2meH23OF6hfOkYmB1Rb9QPJYCsnV00lP5Z4SM+y9DptdCR8/8n4iNScWimZNbrg3ykMf3B2Kh11AYm6gMg9wiV9j8V5no5NLudPCiRV1bROEFa3Uwf1DK68dRx9rPD6zxMbMxaIb3lvO6gXG3RVzSRhj/VaBwoa3+7wxxVZWQywO0kfY9itddu5cnjrtFPTz2lFTPuFpfolaZY88gq8pqgVDcjuodS8Pj0uHKhx1MtKfLuPunCJQLwuITPFLTxlCpp2VMQc12/dEk2IGMqS6FNM68tlaWvYCCMYKw3VHSTQx1Rb2YwS4tHf7LZvOSPZMlbrAHP3WZxyNqslVJSizxiWAs5H3Ud0Zbw391u+pOmGh76ykaQTu5g4WNfHhxaRgjkLPZXk9JReropoi+G3sueGD3Ri3ndM0OBzhZHHBoznsCYgcnSoz4RgnT+6nB5AxhMJaRjSg2hqWCtDSCRhcG3KmPiDjkNQnRnHCHA6E0gGSMey6JDjCa5hyuafdUMyh2s9zlccAdiujldAzuUEy92CFM30CjqbKM7lRXNOVkksMdGWQsZ0uyrejnyANiqRymUc/hkNJzhZZrKN+mt2TwzQRSZ3AVjFM7SFTU0gcFPikBAGFjsjyeo09rSwWcMugjAWit1QHta0u2xkLKMdjGVbW2pDcsf23CSdnS24lyaA+oKefM3BQonhzAQc7LrZAdlDswnxyQaqPDlB5cRnCt6tmWlwCppgWvUEW/a8ourdU5/ln0Tn5EhVVQTETNPG6tpiHYc0cqdmiqzfBEavGYCQFV0ri2QK2nALcFUkg0vIRRjkz6h7JJl1KRLTOLhnHCphJhxbhWsLw+ka323VNVgR1IaNgVqq4M2sxJ7gk4ErfyWJrIjHUuB/rW2adlk70NE+sN2BOV0qJcnj/ADtO+reGosHO6sIhtsVTUMmSBnfkK2p37AYXYrllHz+aIlWwtqNeOVJp3EjJQ636mlNgmGkDCeC45RLk4CHKcDKfn1Q3/SVBb7G+LnbCh17AIted0YHzAYXK+PNPgBJs5WBq7K+N5ACfI3LcoEYwQFKDg5qQaAUX1gI830IH4kR28YymNEwRXgbqGPqU2TbP2UHOCkTjg0VhBwungrg4ThwUDDREl21Y9FCd/qVPlI832UQnBWezs0Q6HxDcKdTKDHyFOpkVTyIs7DpJJJrFMSPQg/MNwgKVbm6qgbLNZLAymO6xF/C1rcAK9tLR4odjbHKzrNQzlaa2BvygcRusFkuMHptJhWJhZ3HJUKQ47qRKcnlQpnAA7oqYbngmsuUZORNs1M6qrW6R9PdbmNmpwaeAs30hAGweMRu4LXULNb8+i9JpI4jtPlXmb1qLm4lgxnh0oc1oHZbvpqmjp7c1zWYcRk/dY1kTp5YKVjPNrBP2W+p2CGmbHjGBhdJw4PN2yeMBqTJmkJU7GFDo+XFTCNQLc4zslmLGSr6qrn0dmkELgJpyIo9+5U3pqg/h9riixgloLvd3crPXMfxvqmitLWkx0eJXnOxPZbXAZhjRsEI38YqIKd2Bn05TLMx8sr6l7e+lufRBuj3siDIned5xhWtFCIIY2YwcbozO3gmJJDhJUUJccurjlTGIa0knGVIBGEIjKQz6oE2gA2QAclZ+sqmtke95Aazk5VncKgU0OslefdZXr5C01EurBdlDOWEOpp+aWDyjrq6P6p6tMTZSaeF3hMHoc7n/AOX0Unq++s6a6e+XgeNegcHBVNZ6eSas+ccM7l5JWc+Ks7pGxtOd8Dlc6y9bsHr9L4+y3Y4/7cTzupqHVErpXcuJKAnlnqVwswOUSkj00Ek+Bjk6IHVwmk7/AGUilw7OUzIxywguzWDsUEnJXZiM+U7Lg3Vi2Pi5GymyENjAHdAp4skEhKrf4bgxHnCIDcSXJ5xpUYHLslFaSRsVnbyy0McN9kPgo5CC8YQtYKYaPflODUOM7gKU2LIDh3VxlngfCPISDO2VLaCBwgRDGApeAAMIuzoVoQydwETB9F3SD2Ti0HbCWPVbI08QIyB2UNoMbtgrIxj0UeSAuPlChXxYeR8UrjgHunVkDZItxn3QYhpeD6KeHAtGRwrC2buGZeogEMmn0TBC2THZWl2oi/MzRjCq2yGEjIU7MdkVCWBstA5u7R+6jSRPj5arylc2VoDmolTbDMzyYB90vg0LTbq98DMkdkDTvhTKmnlgkLJGkYQTwltZM+GCSXTyuKihJJJKEEkkkoQEkkkgIJJJJQgkkklCCSSSQhiSSSUIJJJdAz3VFA0kkkosSSSShB6SSSMgkkklCCSSSUIJOY3U4NzjKajUzC+QYCuP5JAt4LWJ38lrfRcdsE+MaYwEB42Jyt0YgSlgBMclNXZeVxU+GAJKRPQZOQkyWSDVw8LuMAJIQgZBzlMHKOdBz6oWD2VBjhwjIKMoQSSSShAkLdTgAM7rd24EQsJ/pCxNuANUwELeUwAhbgdlDq+PXslNOOyehtRMhQ7cJ4HE4TozkphI2TouSrQ1PIccLq4CNguprWUE3gek3lJJAEpZDjhPyPVAyRwUsn1KguUsjyMd1n+rJy23uaDuRhXrzjG6xnV1S98rYQcAnJCPPBy/JX7KWv2ZnsPsugDuuJJeWmeSOaMg7psFNPUztghZklF0k+Vo3Oy3XSXTHgRiqqtpnYc0DsPdaKavlYvU6iOnjmRadKdP/wAIogJAHTSeZxHb2WopaZxIOOyVLTFpBdg4Vg0BrRsuzp6FGKPIajUStk5MdFC0DdqPgAbJg2afsgmZwOCFrUcGRvIck5XCSe6YDqGVwkcEhQg8PxyU0zgeib8vUTuDYWFyu7f0hU1ul0jTv2QuSR1vH+F1fkZ4qjx+yjDJqkjwY9WPRaOz9LzTRtmnafstdbelqSjhb/LaNt9u6sRogGhjRgbYS3bh4PpHifomimKnqHul/wCRTUVlpaZpHh7/AOSsWwaMADARRlzgdGEUNJ7Kps91p9HCiChWsAAwnlODNsYRxEPqwmJTm/Zq24QIhvYJh3Ts4THcISugbxvlBnfpxjddlkAKg1NVH+N2FYuVqiuRVFSG7ZCqK+viibiR2FCul9gjkdE1244WZrbnJVEh3H3USOVqtao8RZPul5gBw12crPz1XinYYBSxrJJTPDLhseUcYZOHqNXOx9kdwy7ncrvhA91JFM44OEWKlIIynwhg59jyRBTN40ZRmU+/04Vgyn2B0/uiNiDfwJ0YmZ9ESKlGOEVkGjuCpHlA2GMKLVVJjGAE5REywmPe9kQy4hV1bcWDDIjugTzVEzsMBIR6e3AESzYJ7BGkJk8kQQ1tS7zjYqbT0EdPh2ACiyzmLDQmAzTY1u2VYAS55HueY/LGMA8pnmduUQhrBkhBmnaRjGFAmlgdqABKA6fIIwEGSdu4BUN0x3G6gmbJTpMn6ggnlBBc48cp4Y7nKjBUHIc/DjwnMY3khJrcDdNe/bAU/sSUdoVpa3uEGWYMGxyo75iDsmsa+UjOyglpMT6lznYTmQveQTthGjpGtw5zM/mpbYmtA8qptIpVZARwDbLf3UgMGMJEA5GeEBzhvup8hXx4HvIj4QnSeIdxgcJkk0cX94/GVSXa+Mja6CF2/coLLYwXJRY19xp6MljXazjkLO3C8TTNLAcAn88Ktkr5ZPrcSo+sk5JXPu1XP2gtZE85cuDbhLGUsFZZWuXYag+xaneqWCugJaXOOAEmVmAkm+ENym+K7P0qU2kyAZGp4gaOAlSsyNjROREALs7YSjic7nhTXQAH6VwR44GELtbHQ037I3gHuEh5c5HClaCueGDshU2hj02eiMZdtmoJkcdlP+T1b6f3S+Rz+H90XysS9JN8kDURvhc1AlT/AJEdx+64aCIDON1PlYv+NNEdjA4ZTCDwESSKdpHhDZOa0t+tu6YpZDVT6A6T6Lmk+intaAPpTHtDvw8INyKlTghpDlGe0sO4Tcn0R5Eyg0+TplLfMM6vVaG2dVExtpbxH40QGkOHIHus6Rlda33Vxm0yui/unTjZT87bHh8Ug1AA8Kmiqp6J5jlaSM4IcEa319TQuDopHFufpJ2P5K6mjt19jL2N0Tgbt4z9k7h9CpvB66+ggqJDNRTCN430nuo3z7YX/L1wDTx5hsVJkgEz/FpJxqGDjOETRHXj5e4wNyOHEb/qvillWD9H1arPbIr6GNw8alfoJ3GDsiQ3GspCGVA1NHdBkoZ7Q4y073SwHYtJzhdZVw1J0nLf+ZJlUzpVXL2y7hniqGBzSN050Xdqo3QysOqB+CPQ7KRT3OaLyTt2HdIcDVGaJ74R3H/VR5aNsoI0g5/UKXFUwTgEOGSuuj7tStu0ZwyhqLLJHmSnec+iDFWVlG7RKCWjsVojlux3QpqWCobh7Rkq/wDJNr9AIKmOdmtjgc8j0RW5PdV1RaZYTrp3lpHcJkdbU050VLMgdwhIpS9lqkgw1UUw8rh9kUEFQam2dSzhJJQMekmJKDMj3gHlCko4HDIbgoqcoXjJBdTSs+hu33XBPJHgEZwrE4cOMKM6FruR+auSyEkx8NwkBGcAhTWXIbCYFzfRVT4CD5RhNaS3cnjsqJlmg0UtS0PpphHKOC4ob6mopSBXwaohzI3cKpjm/JTqe4SMbokOtn9Lt0DjkbGWCbEy3XHBo6tmf6SU6Wgmg2cz81FFBbJyZqBwpajnPDSVYU9TWwxhte3X/jbuCEPxodGxsrJrVDUZyNDvUBQwL7Z5A+kqXFjeACSFpTHDUDXFs72QHNcwljx+oSrKshZaC2T4m3a3Pay4ecBek9PdfWm9Nax8zWPO2HHfK8lqbbBOCdIyqme2T02XQucB7FZ56dMKM5ez6XLWO3bj8kIsyM5XhFj64vlmczVUvkY0Yw452Xo1h+JtnuIbHcHeBIe/ZYrKA8+zWOjBOAOU3wNG+ydDWU1ZGJaWVkrDwWuRxnnQsrqYzKIz5ZWjGoorLjVRNDdRI90R8bHY2Q30ucae6pwaITaa+DZswVpFX0z2giQb9srNvpH4yGqO5kzNiC1BgtRTNnG9kg1MdlOeTgNDuFiGXGvpyPAm2HYqypupXxlrauPP+JqLJbjgtLhY7TdmOZX0UTy4fUGgFYu8/B+jqQ6azzGOTkMd3Wxpr7Q1DtOvSfUqyjkY45jka77FXloCUWzwm69C9QWZpfPSF8beSwZwqYfyiBwV9KnztJcMn3Cztz6SsNzPiVVCwS5JL4xjJ9SrUgcYPIqC/XOkaGxVL9I4GVqLR8RZI9MNeNQ4yUW6fDCYOfNa6gaOcO5CyNy6XvdrcXT0he0d2DJRJbuSHp1L1XZLm8RPOknuVZCkpJhrp5Bv/SV4e2pdA4buY4euysKTqKvpsGKqkH2eUMopAHssIrqc+SoJaPwuOVMbeZoxiSBz/wDlXl1s+IVXHKBWDU3jI5WmoeubNUOayZ5iLuCe6DayI3FJd6ecAE6D3yp7WibdhDs+hWTZU0VQwSw1ETge4cpET3D6HkfYoMBmk01UGHaHADuFIZXFwDJCqCG919MA0nWwdnbqygvlvnaDLCWP744QuLYmSz0TJIbfWtMVVSMkafVoVLcvh503cCZIn1NG7k+C/CuW1lE4BzBnPuitmp3bFwZn1cgeYgKco9GPd0X1Ja2fNW26RV0LT9Mmz8eh9Uemne0ll1tM0DTtrOHDP5ErUgRagGy/V6FHdRhzRqcSD6q/kZbtk/yMr4VMXZo5ix3OCMBHikkGGvIK0bLXCd3tz+QRP4XBtqhAH2CF3YFO4oWHJypLcOaNUYd91NnsZwX0rt/6SgPpa6mZqqKV2j1bui+YVKzd0Ulz6H6Kv+Rdul6GQv5exvhyH/xBYa6/2culKsn+E19TQscc6HjxAPbsvUYKmke8MEgBHY7FTxH5QQ3YqfPJdFq2a6PnO5/2eOrqAyOstcyugb6gMI/UrIXDoLrS1B76mzT4YedJwffK+vo/LtzhOw0/U0FF8/pjPnaeGfFL6eoY0Cppzgeg3CkUV5vNml8a03KppccaXL65uXRHSt71PrrQx8juX8LK3T4J9KVpd4HiQ6u5OcK1YNhqK32zxu1/Gfq2iLWXB1PcIm/983z/APm/9Fq7R8cqCd7hdrVLBGMAOi/mc+vGFYXH+z1UsjdLQ1Ec7BweP9Vi7x8H+pLcwvjoH5HYAlXlMOVlcsbWeqUHX/Q90b/JvMbH43jkGnHsr+FtDWQslgkY8EZ8pyML5kqOkr5R+aSilaR/gKixTdQ2uT5ikrKiCRvcav8ARVtyEoqXR9T/ACjRkNHC42nJOy+d7f8AFbr62NDZbiZgO0wLgtZav7RFdBEGXWzxzFoxmEaT987qnHBbrPXXU4GPIU1kOnchYqg+O/R9cWfNwVdM539TAVrLd1n0Xei2Kj6hpfFIyI3nS77cqN4Eyi0SPDbwuiJv9KlujgP90c5SNMQNWDj1QbyuiL4AI4Q30jSN8Ka6JzRkjCYASdlXyF8orDboQf7v90I26E8MAPqrcsHJCZpb6BT5UUyjloHk+QjAQDQyj8IWiEMbuQkaSIj6f3RqSYWUZaSieDggfohPoidixpC00tCwnZo/VCkoG4zpCm8NPHRmH2imdgGmb+gUSo6btb25dTgZWqfQHnTj80L5Bx3wi3sF4Zi5OkLY4n+T+yju6GthzhuPyW5NGP6AhGkHOkJvyMW0kYKfoCnfvDgqtqOgcZ0xtP5r0x0OGkBuFHFI9xJxhRW4K2o8uf0JUgktpGn81Gk6KreTDherGFwK4WHbZM+aS6K+NHkp6PrB9UTf0TT0pUgZMbf0XrPhNPLG/oueBGf+E39EPzSfZPjPIx03MHYLGozOnZMbtYvTJLZRl5cYOUF1ronDHg4U+QGVWTzn+AStOAG4R4bDBjzDdbaWzwDeMEeyDFbow7BYBvyhyv0LdODJf7Px58j8Io6bJA0zcr0iDoOpqYhPHV0j2u4w/cI0XQVWDvVw/qgyiKtHmX+y1QSND9SeOnauDBdhes0vREjCBJXQD81bwdI2VjQ2uroDn3QykolqGDxaKjERDHkb+qs6ahjOCC0L1yPoDpOoOprmSn/CUeL4fdPMILYEvKLfR5THQgkYUiO3F22nP5r12DomyxgYgCMzpazRnam3Q7kLbweTssjjg+CT+aNHYXHA+XK9bZYre3AEAwpUFrpITrZTtz7oZPJPlweTs6bkcN6dyMzpd7iAKc5XrraeHP8Acs/QIop4sf3TP0CBIp2nkzekKggf7rsjxdIvJ3iIXqrYGZ/u2/oixwMx/dNP5IcYFO3k8vZ0aefD/ZTI+jgAPIP0Xo/y7O0LV1tOzO8TQryyvlMDH0njA8NSmdKDbyBbsU8YG8bf0XRBHn+7CvLFztMSzpUbeRSGdKt2OgLZiCPH0BNETAfoCmWgPlZlm9LtGP5QUhvTLBg+GP2Wn0NAHlCWB6BK+VonysooOno+HRtA9VIFgpwc6R+itslLJU+VlO1srW2ambj+WEVtrpm4PhBTwx2fRdDB3Qym5AOTZEFFTgY8ILopIAciL91L0N9EtDfRBllbiOImjYNC6I88DCkeG1IRgHIVptE3AtBxxsnGIHujFgQizc7ot5MjfCb/APKE4MGP/ROxnsl3x6K3LILlgZgJxAHZLUE07blCXgYXAdk11QfRcM8I5chOq6cDn9kYtrLH+O4bYS+YfnbI/JRHXCAHCb/EydmuH6K8BbeMFh40/wDWlrceVW/PzHcOGPsufPT/ANQ/RUBGPJbB78dkvEd/8pVQauc/8T9kE1c5OC/ZQP48l9449R+qXjj1H6qkE7zuXFLxnHklQD4y8E4PcfqnNnh5NTF9sqgMrjySuA78KynWkaRtVTY/vP0XfmqbtIs6Dtyu6vdTLB+M0nztKP8AiJfO039az+spFxPcqgHWjR/O0v8AWkKymJ+tZ7UU4ElQp1YNGKilPEq6yRpyQQQs3kjcFO8WUfTI4fmoC6smlyllZs1NW07TFGbXVQ/4p2UFvT5L/B9ERqz7bnUgY1lEF7k06XRn7gqA/wAafovUlUQ3wZ0vjOPXKOLzTHsUWQJU2RLBJRBc6ZwyCUZlTA8AtkG6mSnCS7JCSH48f9QXfFZ6oZSwVhj0kkkBNuRyc1cwewK7p9QmsUk2+AiYdiuknOFxCUdJyuJYSUIJJFSUByI7jCCQccoy4TjsoTOAHm1I7PpCWhvouqEbEkkkoUJJJJQgkkkleSCSSSUyQSSEkqyXgKeEwbpqJp91AZREAF3GEzAXCMKKQIRIDVsFzOQU9uBsrcsEGOa9hyDhdXTg75TA/JO3Cvskzun3T2puQugg53Qgjc5/JcdKwjTIDul4ZznC60eqKLSCAPtlLM3yeQnuNlDNBX0bwYah0rSfxHKs3AkbHCEW1A+k5/NMTIRGVrtXh1ERYR3xspDXA7hwKT21BHmjDvuooidC/XCC08OaeCryHFZJPjYOCjtn2+lQRUwA/wA0IokicBodlQko4Jer2SDAOO6EGZGcpeKPT91WC8HSw42OULVKwgkah+iL4nshlpfjCJZJ/ke2ojDdLxglDfHBKMOII+y45mQdkDS/tlTc0ydDJrPSTNwGgH1CgVNjqI4yYJRJj8LlbNlc1oDuyQrYCcaiD9kyNuC02ZV9FICfGp3BQJ471TAm2zCTHEcm4W8McVSMHB7qNNaIG7t7rRC7BfytHnEl5tlYDQ9T2aOJ7tpHTxeU/YrPXb4Q2yva64dHXD5WR3mEYdqY729l6pcbLSVjDDWU7JWn+oZKzk3RtwtjjVdP1j2HnwXO8p+y30a6VLyi1fLPB4hdqbqvpSYw9S2R0sB2E0Yzt6rlJVUNeA+hqAHH/huO4XuIvj5Iv4f1ba5GxHyucBlpWR6q+B9h6gjdc+ibi2grRuMcZ9CF6TQeZ9WD1dFr7jCtwzImi/NUl3sMFyjc3ABO4PoUW6jq3oeYUfV1tc+IHDamNuQ/3UqiuduujBJRztJPbO4XqdHro2cxZl1NNWojiSPNLv03cLY4vDC9nq1UdQyKZhZURAn3C9pqo2FuiaMOaecjKxd+6LbWOdPb5Bk5Og7L1Oj8hn82eQ8j4NZ319HldXazCTPRvII3wCohqXyDw5zuNloLlRXC2SkVEDgB3wqmrbBVMGGhj/UBd+jUqf4nzvy3iW7MRXJWVFM541sIIHZV8rc7EcKXUOmpH4IOPUd1Fle1+CDj8l0oWJ9njtVpJ0SxJAYZn0kwcw4B5B4KtG1bZ2jZVNRGXDI7IMNVLBKNPHcJjeDDOKZdk5SL/UoDK5sgB9V0PDhkHlFhNCtuBszg84xlZW/dOQzl9VTNLXHctH+a1hZ6nKBIzOwWeSyNrtlU+DyiWGSCUxyDBCR0uaBha/qCwCQOnhZvyQFknwGLnss9kDuae5WxTTAGMHsmeHvlEPKcs2w1ZyBMfoEx0eRvspOAhuYCEqUC4zIEsQb+HdRwc52U+RhPblR3RejeUvDNMZEXGCE1Ec12c4TdJA3S5jcjCMoL2Y4CkYG+/CY/BGxWeUcoYiI4b4XYnFpSeDnITeHLLOOBqbXJc0M+QATurSmcSQVnqKTw5RurunlyAfVInE9BoNQ5R+4tGnOMFTKaTDwcKsilAxlSoX7A4WOxY6PQaa32aeiqCWjKlNcBvlU1ulwAD3VjnOEJ3KZ70mSpfM0qoqhg5wrSNzS0glQatueFA7VlEKKQtOyuqZ4lpwHHdUowCptPJsAiTApnt4JkhLcA91T1rNM5x3VrnKg3BgIzjJRRRL3uWQ1DIPDDDzhV11YRMHjsi0L9M4B4TrwzIyFogsGTUy+SlNEKObIHG6qb5FGW+Jp+pTYt3Yyo92YXU/2yt1B57yP+ppmigos6hvwf2V3BIBg4VDTu0PGPUq6gILeV2aJcYPnd6wx9UCcH2USDIdgqdKAWfkVXh2JHLQ3gCKzwTmvJSf8ASU2PsnohU1gBw5PqcPixlCk5C47JZjKXLoOLwysf5H7I7PO3HCHUuDX5KUZB5OFmzlj85Q5OPCanHhNLQOTk/ZV8hw4Kwk5KrpgQUq0fWPHCR+kprOyTwSNkljQDyd91GmJGMKQ9R5+As1o6I+I7j3VjTqth5arKnRQF29jhyiIY5REyYoSnWjeo/JQeFY2dp8Uu7LJaO0izMuadokmY0jYndaQtEdO1se2yobeAagEjgq7c7bCxz7O/R+O4G45ad+ygS6nu0jlSXvwCOyFQNE1c1pG2Vs0le+ZyvLahV0tv2bLp+kfBSxtd3GVqLe0MbnG+clVlDGGwt0jgBXMLBFCG9yMkr0lVeD5jZJTZb2WJ9TchK36WbrXPe7IaFnumIC1hk7Y3WgDhqG2Vqwcu15bRMpQWjcco1TP4FM+f+gEpkQAbkchU3VNbIaNlBCcPqJAzlLMyjlj+h6Qyvq7zUMPi1DzpJPDey1qhWqlZRUUNONi1oz98I88oa0tG+QowLewFNGa24l7x5IuPRXDuVDtMLooC543eeVOUyLayPTk1OVFDUkklCxA4SJykmSSiJpccYwgLj2U/U9c2MMpmHLjufZePfEu4vmkhomnDT5jgreXa5PfJPWPbnSTjPovJaycXK6TVsgLi5xAydgPYLBq7vijk7vi9NK+xRiglDAIYWsAxkbrD/FSEtjhcBsV6HTsLm5I+yqOrLOLrapGaNT2+YLys9c1fk+76Lwal4t1qPOMnhaR4RKmF9LO+CQYc0kIL3ADldyq35I5PGzrdf2sYSCThFj2HKit5UhOU2hT/ALnH5J3RYAdkMcqTA3OCQn1PcVLGCSzyNUSod4hypU+GQl3cBV+ov34RWS44F4OcHZGgPqgrreeUlPARM0jHKC9uyc3GOU/T7o39yL6IoBacqZRT+K7wzjhAe3YoUOqCUSDOAlPgdCe0ug3BJRo9tlGpJ452amnJPZSw3BzlXlHRonuSYVqI0YAJCYwHOVIYBhXg3wimAO/IXAwFGc0dk3T7qhnxkdzADsF2OTScYRnNQS0NUA2hZYW1EeCOQszcIPBlLcbBamFuRj2KgXCjZJC4ObvyCPVWZtRTuWUUlHUljgCtBSyiZoGQsvpMLtwrC31mCAUuZNJqNmISLqrt0NXEWOaNR4cFkrhbZrdLol3B4K2lJMC0EjKNU0MNfE6OUDJ4PogydG/TRs5ijzrThcIx3VrdbLVWw63gOiPDm/6qoe/Ks49lcqpYkjhXEkkAkakkm6vZQgNJPSQEEkkkoQSSSShBJJJKEEkkkoQScN01dAyhkiwaSSSV0EPSSSREEkkkoQSSSShBJJJKEHHhTbVH4k52UNWdoYYwZnN2J2TaVmYBMkAGQFEn4/NS5SP1UOflb8ciZvBHPK4unc7LoBylgyllBGjKBLzspH4SobzhyTYy08jEkkkoYcBOURrQRkhDAOUVn0hQMGkkkoQMuHhdSUIWnT0TJKvzjOMLatAA0gYAWd6cp2Qw+M5mXErQRv1Y25UO5oo7awy7krg3SUOipYOgnKKzhCHKI04CuK5LUshgcEDOyIOFGJyntdg87JiHNEpJNBGE5WUJcJwMpqG5wxlQGTwKoqAxuc7eq8/u9VJPXyE7huw3WrvFS2KmducnhY6R2slx55yiPN+Xvi8QiCDg7kLuPQLpAz9W60nS/TdRXPFVPHiEdnd0yurfLBwLroUR3MkdK9MOlkbWVTATyxp4HuV6PSUjIWtOBkBRqelipo2siGABj7qbETsAF16qIVdHmNVqpamW5kgNDeAjII4RSRwtRzrPSYUd0F0YJyCjNDnghgyTsMK5tXRNzrwHzYiY7ff0VuSR09D4fWeRnt0sc/8AoUTQX7MGr7LRWfo2suLWzOjOPTC21o6RttvjaGxMe8ckjK0MMLYWjQ0AD02S5WH03w/0HVR/qa97n+jP2bo2GhYTOwEu9lcyQUlE3yNa3Cj3e+toAWNkGvHHqqF1PdbtOXSSGNh35SlmR7mnSU6eKqpikv7FhLdGzyGKjBONiU6GnnJD5O6l0VtjhY1rWjYc+pUp7NuFXRvro28kRsTQMYTtLR2T9OCmHhVN/obhIaeFHO2UZ3dRnEDKUImCkk1H0TJJAxu2DlCmmaO/Czt16gYxxihfxsTlGlky32wqjmTJtxucdOC5/wCQ9Ssddr4Xucxhy4987BCuVfJVOGp+cbgqtkaDvlMVeTganWOz8AT3OkeXvdklNcCeEcRlEZTkHICbGH7OXZPf2Q2wudyjR0wGCppgGAA3H5pzIS0/dNUDNJMjsp842RI4BkEDCleGMDZMeWsACbGIiw4Y2hvHHugmVu4JC5NVsjaSTk+iri+SoOzTgojPKaXAOtuBDiyE57fmgwQVU/mnIAUxtJCw6i0al0l3AamCprPJxogh24K4Xl+zeD3TxCx5BeN114ZGNhsoKGNiY46njOF172s2DUKWfAwNvdU9TcdBfibOlUDKeCzqanAyAqqWrLyW57qM6oqKjB14CdDC4nJ5VZAk3LgcXyOKQjJIOPzUlsQAzhEbHjGGqNpEVb9g4odskIuljRldDwBgNQJjngqnyMUdonvGNsDb1UbJcXBEETnlSaejLSCQqBlDJDZSl7twp0VIG42wpQhaABpXHaWDAQt4F7BvhNGDj90yR+G7BMkmIOwQJakNbqI4QTlgro6ZAM5VdW3KKl+shQ7pfoIBhnmcewKydTWTVcrpJHfYeizT1MYgSeOCyrb4ahzhGck7Z9FVlxc4ucckoQxnbunrn23ysYtjUgSOCkutYXHHCS3wX3wh2pIEk4yjMp84LhspcdPCzBLN0uU2h8Kpz7RGZEXDjZHZFpOdP7o7QwZw3ZdYM/klyk5GiNKiNO4wuEZ7ooGF07KNYHxh7BiPfcLohbzj907V6NXDlCPUBOhadgFxtJMPNgYRByih+yhaSQHw8bFd0BP1eyWT6KFMbpHom6PZFTstG6hWCP8ALhx4Tm00QHmAJRHyADAaowlLnEK8sDalydkib+Efug+GMhSGRl3O+UdlPCN9O6mRdiIrKdjm+ZuUJ9AXnLcYVk3wGYDtgniOF2PBOSmLLETUF2VJonDG3PunMt8jhhrTlXkFtnk3LMBTIqER/hCdGDZx9XqYxltgUVJZ5C/MjdvdThZm/VC9zHjuCrRsLmj2RWs9Amrg5z1E89mkprkGkHJGw3CtGV5ma3U4OxwslA/AAKsaaoDRj1XiNR42uXSPb+M+rb4tQveTTNqhI3ScJlRDFMMFoH2VVFUFpGFNhrATuFxdVolXwfR/HebjbHMmMbJPSO8KQFzex9lIjngmHmAyiOcyVoGEF9GHeaPyu9ly50HpdPrflX9g4bo3YSMe6JFcXxnRINgq8VFVSvAmw5n2UlstPO3bYrLOlp9HShqIy6LaOoimA3G66WfkqYAxuyxxCnwV4DQ2X7ZSJwx0bIW4JG/fdBngikHmYFJY+N+7SCk4YGc8JeMDE0ymltxadUJIKH83PTECVpI9VdPGcDShPijkbpewEe4UGPhEWGtilGWqS12oZUOW1BrtUOrHp6KIZaqnOh4dpzgZVpEi8MuMhJRKepbK0ZO/cKU1wcgY3I4cp4IxyhpuT6qi0w+R6pZHqgZPqlkpmBpIawO5QpKYu7YC6yQN3RPHa4YLVRCG6EjgJrC9pOVNGkndMfDjhqrCIAbOTyN1Kgq6iJ2WSu+xOQo5hPbZPDSM7Kw08FpBcy1we8Bp742V1T1NtuLRre0Se55WPL87Jwdj6XEfZAGpZNdPa8eaF2Qq+ekmPkc3hVNNeq+jcAJS9o7OK0VD1PQ1IaydoY/vqSpRyEp4Zn6y3yglwbt7KGIiw4Iwt7Gy2VpzBIwuPIyos9ghe8kMx+SVKrI12ZM3a7/d7RIH0dY8NH4SdlubL8XaiEBt2ohKwbamLI1nTNVG5zot2+ippqWppH6ZmOAPfCyunAW499t3VdivMbH01whie7/hyOwfyVqGVJw+Aah9181BwHDh+RWisHxA6isuhkNYZoWbCKU6m4SnSFk92E/hf9rZoJ4XHmnqseHICsPavixaqmMC9Uxa/glvC1VuutgvTA6zV8Wt2+hx3HskTpxwHnBKkoIzuGblQp6CRnI2U10VzpvM2PxG+yaLnGcR1ELo3DbJSHS/RfyYZVup3t4agiaupJBJBK8EH+rZX+mGVuW4OUJ1CHbjAQ7WGpJkWl6quVNJqqoy5h9FdU3UtrqsB0wjcezlVS0UbR/MAcq2WzwPeXNJb9lWGRxN21zHM1NeC1w2IUeSIOzlo/MZWFlN4tgHgTyPjG4bqzhTLd1xU0+f4hTZjbtkcq1JgbNpY3Po+03Jz3zUjA5w+pgwslcfhg1ri631To3HcNct5Q9V9P3OQRxzGN5H49gVZOZTSjDQ137otwt5R4dX9I9RW5niS0Jkbn6mbqpDpIn6ZGuY8dnBfQpoGyADJx6FVFb0vY62UyVNDG547gYU3IDB43BcKiLZkz2j2cVfWzq68Uga1tRrYONXKvrn8NaaaUm3VJjLtwx3Czlf0V1DbCXMg8Vrf6TuqUU+Q8o0tB8QnB4ZcIQWnlwCu6brOzSnfj7LysuliOiqhcwjY6m4UmCaJpBBCJ1FtZPa6K5WqoYJoatrT6ZVjFUwT4DXB68ThqHlo8ORwB9CrOjvt3oQ0wVOoDs5A6kwXWj14Oij4ikdnnSp9NdfBAHiam/0v5C8po+vLnTzA1cILD/TytJRdfWOqLW1BMRd3c3/AKJUofoROGT0GG70z3gEafzVhHLDKAGyNKxFPX2itP8AutdkqUYqgAGBziPukTqb6M8q2zbxRAbgIohPJ3CxcF9uVJhnighvIerag6xpZcR1ADHd99kKjgzShPuJa1Nkt1S7W+mYHHktGFWTdKVTCZLfcZtt/DectVxSXSgrCBDUNJPYlWTCMbD9FW0FO2L5MFLJ1DQP01dpMkbeXxA5XG3+hc4NnLqZ3GJhp3XoMnHmPPqq6qs9tuDTHW0MMrD2cwFLl3giv/ZQU9fTTgeDK1/2OVIByg1Pw/sWddI6qpZD+OCUtd+qrn9J9TU2Y7f1K2aE/gq4xq/8wxlEmOjZXL2XLHEDAdt6ZRSWuHmOfus1LcOrrWRDXWITgHANKNbiPXCEzri0FxirBPTSMOHNkidkH7YVbmy0sv7DQy0FBNtNQU8o/wATAqiv+H3Rt0a4z2xsbj/3Ywp9JdqCreGU1UyQOGRh2/6KblHGxoa5WLo82u3wL6bqQ40E5Zq58Q5WYr/7PdQ1maGqiqHd2huk4/Ve3uG+Dt+SQB7FErQlfNds+Zrt8EOoqXJFADj0WUrfh71BQyFjqB364X2LJlwyXE/dQpKWknyKilY/7gInYg43Z7PkBg6ysZIpaqui9NMhIC0Fs+LfXtrbpkqXVGBg+MMr6OqelrBVnMtvjyP8IWcrPhTYal5dEzQT2IGEG9SGb4s84oP7QtRTNEd26cMoA38N+Pz4WotXxx6LuYHitmpHH+vBRLj8F4SNVO6J4xuNll7j8HWwuy6KTb+lqvASnE9NtvVvS93w2lu0DiRkt1bhWTX0cx0xyscecArwmp+Gog2YJMD2QWWHqS2PD6C6TwhvDWvKXtZUo56PfflTnLWnC4YHgdx+a8Yp+peu6EBjq8y44JVjT/EvqulwKumimH23U2srZ+z06SKY/SRkdkMCrj3fTkrF0fxdaTi4Wt7f+UYVzT/Ffp6UBssUrPYhEmw9vBbuniOzmOaRyCEhLBxg7oNL1v0vWYIma3P9asoq/p65ARxVMWeeQEzc/wBE2EJzIHHIeFxtKx2dLhsrY2iz1A0xyeb/AJkKTpuMD+TUln5pfyCpRKmSiHOEFtGB+Eq2dYq9m0VVt7hANrvTNwWn8lasyyipqKI5GGlCNKcZ04VtJR3hu74AR6hC/mM2lhI+wTt3AZVOock7ce6EaXHLVavMec4K5mP2Q7iclUaXP4UP5I9irnRF6D9Uz5dh4P7q9yIU5oiRjICGLXg5Dwrr5V2c4yE0wO7NV7kTsrIzV0u0JwB6cI7L5dotuw9lL+Wfn6UnUUjwMMCDfzgAPS9UQhobVUw1cEhWMd06dq8eNCc/ks/JQvDiDHnPoFxtmeRnIGVTW4j6NnR1HTsY1U7iw+5VlHcqF2AKgYXmstumAzHIf1XPlLpFgwzHP3KHKFSPWIamjeNpwpERhe7LXryaN/UcZGHAgfdSo7n1THjzjZBkRKLZ6rpjGDkBOAaQMELyv/a7qSlODGHkerMro+I3UMOM2/OP/oSgHxs9XbGCchFYzG+F5VH8WrrDgT214+0akxfGJzP76kkH2arLdbaPUo2AfhKJgLzGP40U2cGkn/8AJspcPxno3Yzb3j38NTImVU30ei6fZINwc4WEb8Y7Q8gOgcP/AAow+LNj2yx4H2QcAOuRuw32wujZYlvxY6bIyZJP0XR8V+mif72T/wAqnYt1WP0bZNcscPil00R/fSf+Vd/9qXTfaWQ/kqaK+Gz9Gz1LuQsW34n2A50tld+SGfilbBuyjlcewwluBPhs/RuMhIHPCwh+KzXDDLRLj10cqOfibc37UtkkP3apsyX8Fn6PRkuOV5o/rvq2c4p7OGZ7uYhv6j+IUzctZTR+mBupsGLS2M9P37tIXMryZ1x66nkHzd1ELO+gpssFzkP+89Tzj10uwj2B/wAN+2etSVVNDvNM1o9yo8l7s8e7rjAPbWvKW0kT3FtTdqybH9T9ijC1W7SCynmkJ7jKmwn8Y9JPVNjBx/EYSfZy4eprVjLJw77Lz+jszXS5hoHtPrLwrWGz1pA8sY/JTYD8RpndTUpOGNePfC6L3SO7lU8dhmwC6YD2RobFCDmXf81XRUq4rksTd4OQT+SRuZmGGtkOP8KDFbaeE6mMyfdSo26eMD7KC+EDxLINRjx90RrHHPkARcA8hdVgkYwNJ2ACXy4O236KTgpKEI4ohjlL5IeqlJKEIvyee4XPkf8AEP0UtJQhF+R/xD9Evkf8Q/RTV0Nz3UfBCD8kf6gl8kf6grHwjjOE3GNlTFWFf8m/+oJfKP7uCn6G+i74Y7BUA1ggeA70S8B3opxiB7JeEPRQvDZC8J39P7pCI53CneGPT91zS30UJtZGEXqEvC/w/uj+Vcy1QvDA+F/h/dd8M+n7ompiQli7kIZLJTXA0RlcMWEQTUw5kSNRSjfxFQO2WQYgPou/Ln0CcK2mbtrXPnqZv/EUGODkL5c+qXgvHDkKW8UUf/EUZ/U1vA+tXhi/gsfotGGRvlEiIHSnh6oT1Lb848Qp46kt5H96r2sr+NP9F4HVfIqfyS+cq27GYKh/2lo+GTlc/wBoISfX81FFk/jz/RoW3WpjOdWU8XufO5z7ZWdF8h9B+fCI29QnbNKPz3U2st6Zv0aOO9jh0JP2KKOoKMfU1zVnmXGF2CKimHtlTGVUTx/fQk+wR7WKlpYrtF0y82923iOH3CLHX0cpw2oYfzVEGxykAaD9k8W/b+4/PKBvAiWnWeDRipgPErSiam/1D9VmRA5uzXOBHAymmC6NwYXvwPdVhinpf7mpTRkdlmPmr1AQDFMcfonC9XgbOo/zIR4ZHppPo0yWR6hZ6O93TgwR/ZGbd60j/srCpgpUzRd5HqElUNulX+KlGPYJ4vGkZkpJB74VYKdcy0SVX/H6QHDo5AfsntvlC7u4fkrwBia9FikobbvQO28XdGZWUz8YlG6oLDDJJjZ4nHDXBPyPUKEwxJJZB4KShQkkks5UIJJJJQUCTwSmLrVGSccjtXuuZCWMJE4U3A4yDyUslPxn2S0+6mCYY3xD6LvieowueVLyqFBRLFwX7ruR2KY5rTwmvGoYBRkC5yuOY131DKDolactkxhc8Wfu3UAoWPNPTv5iCBLRBm8OxRRO4ctRBKDypgmSvcK6NwA3CIJWbeM05U/IQnwMeBsFC28gWStzt3RS/T2zlBdS4P8ALGPzTXMqWY1N1BWCSg4OHplNbG0nIUcvxjXkJzZwz3yoQdJD6DKjyU+sbNAIUwVELxjJBXCABkKLsJJ5KuSOri/u+Eo7jURYEgyB7qx2OyjS0jH8jATkRvI1lxo34EjMn3RhHFKA5hChyWuI7gboPyVdCdUTz7ItzBJtXQU9Wwx1MDZGn+oZVFJ0rJRPdUWeodG876CdlYOrrhRkGoh1s9gj094o6jbVod3DinQtcXkhSVdVTVcBt/WFpY+F406nRhwIXm3VP9nYSsfePh5XMgDvMKcHIz/ovbpY4aqPRPG2Vh7OGVWm0VNDIaizVT4u5iLvL+i6Wk8jZQ/tLTwfKNZW3zpWpNt6toHQSNOnVpyD75UyNkVTEKmlky1w1DB2X03cqGwdVwOtXWNthJcMNe5mc/mvIOsf7OtfYdd2+HFwaA7LzTO8+r2aP1XqvHea+SW2wGb3cHmN1t9NcIH0tdTDcbPwvMeqOkpLaDUUuXxn0PC9XbfZKeodaOrLaaKtjOHgtx+ak1vT1PcacmleyVjh9K9ppfNRpakmcjWeKjqYNJHz06NxYBUQkt4yQqqstzmOL4d2cr0zqXpyW0zkSwlsbydIIWRrrSSC6F+PZev0fkIaiKkj555Hw0oqUZLJlXOwMOAyobmNfwQptfBNHnxGacKrMnhHfuuxXYpI8Dq9I9PLbgM174ypsNQHAAqvEgeuCV0ThjfKblHPnWXQOoJmlRoKoOGCFIa8PCEThjZSANwCstfbCJw6emGHDchahzfdR3xn7oJR3B1Tdc00zzGop5aZwbI3GU0HK3V3tVPWxFrmAO7ELEVlLNRSmORu3YpEoY6O3XfGxDEkIvI/D+64Zcfh/dZ5LA+KTHOYHcpnhDH2RNS6kOI1NohSwgO2CizNLRwrN7Ae6jSxegS5RGwnkrCCE0Z9VLkhI7bqL3wkSWDRFjCBuhO7ox4QXb5wsti54HI5C4tkCvKOcEAZCoQN8qZSVGl2CszWTfpLvjmky/a45CmwkYzlVsDw5ilwvAO5We2B6Sm3HRb0kxY4Aq7idrjBWajPore31QIEJ3KRhna0t+eGWDHkHCZUty3lNMgDkRwyzlQ6TnuRVy5adjhSKeQggKPWNLX5HAXIncKCd21ltG/LeECqZq3SgeMfdOkb3z6piXIU5bobSsppv5p2xgqXcXh1KDzuq8HRI7PZxUw/zIMNOdsrREyRe6Dgyo8Tw5gey5XDVAds5QqjMcoaR3RnP1RkgditdPBwL/vi4GZe3w5dI9VZ0byQN1ArRioKkUjwMfmunSzweqhtm4lkTsVAd/eEqW135qNNhsrsD3WxmaKzwHid5RsiHhRmO4CkRu52U9AuIGYE8Jo2ajSAKNnnJQSljspLkg1XK5ESiVQJdsgQ+U7pEpYZojHKJKemDhOdwjCfAKY7jBUSpaM5AR5DvhMmGRhBYHGWCNECjuAIQYxvsjnhIyPIcg5+yiv5UuXv9lEkSbR0Qsf1NVhBwq+HkKxi3CKvrIq06/um4zunOOCmK5LIljpOyubSB4ee6p39vzVzZ94lnuNGkeJ4Lq3N/m5yrSSQ+ig21uJMlHkfvwsrO4pKMNoyc4GPUKd0vA2SscXtzgbKsqJM7eq1PStIPCLiNyOV1tDXhqX7PJef1Edvxo19K0NYNI4U876R6qLStAYB7KfRx+NVxMxt3XdXB4S3KNhaYmR0EZa3BduVOh+rJ3QYWtjhawDGAiweXnumM59jyTGPIH2VLSxMu3Urng5jpGglvbV6qwq6r5WnfNjgLvSdCIaKSukb/Nqnl7j7Z2UErhNsus47pmtxnYwDOpcmOTsi0bMSte4cKsi28osmN0tDV1LUCujlWDDsKxEcuMxjJTHn0KUQS5kJHhNQt4IPVN1RX/J0HhtxrmBaPZXRAHPCwHUVa65XF2g/y4PKPRC+Q4xz0ZXqasmpbKWRk6nbErHUMRDQ4jlWXU1yNZWfKxn+VEcH3KDRMAAOMDsvOeY1GyDR9R+i/FTnOM5IlwRYZghOMbeDx6KRHH5cAIMrSH4xv914Seqecn33S0OMNqPHvib0tLb6kXWAZhlcQcDgleeOkJOF9N3izQ320T0EjQXObluexXzn1BZaux3aegqoiwsccZ7r0XifISv/ANOXo8D9S+FlpbPngvtfZFaWgcruoeqBkroJyu+p5eDxzRKG/G6nU4ACgwHIGe6mDZi21LgRPvB2qOW6QVDIOUd25QyFU+ylygaSR5SQEHhxyApOPICoR5ClNOWgeiZDojG4OpdLQWooaD2TcFRpMuPeAdPJ8tLrA27hXdNMydoew7d/Yqlc33R7fU/LyaSCWuSZJo36a3Y8Mv2N2yiIbS3SMHOUZudQyijLB14S3I5gruh3ojt04GF3AUNaWSMY3Hso8kZyCrJrAgyxBw2ChJQwRYzpxunysD2gYyhSxnII7J0b8DBCguUcrBnrpQSwymVoyw+ihMn8Eg4WqqYvFaWY+rZZWupXwTua78JQM5t1br+6Je2yujeG5djO35q/hlG2BlYSln8NwyFpbbcWuaAUhs6Gj1W5JSL6WlgroDDMwFrliL/0tPbCamDzwk747LbU8oIB9VLMMdQwxytBa7Ygojo3UQ1UNrPINKRGO61/UnSEsDX1tCNUY3cwDcLIuyMgtII9VDzl+nnp5bZIE7ZCRXHB4QkLWRKEkkkqKEkkkoQSSSShBJJ6ShBiSSShBLucbLg3SO5S5ssYnpiehQQkkklZBJJJKEEmJ6YqZB6SSSsh0Ak4AyVf0cTo6drXDfCp6KLXUN2ytCSNOwxgBPpjhgyWSPNx+Srp3E7YU6dw9cbKE4hx+y1PszWAosk5d3UgAYQw30CezsqIOd9JUGT6ipM7tJwVHLgQUibDgh2R6hLI9QgknKQJyljQwaAcgLqY1wxud13W31UIDSSSUIGToWeJI1gOMlMPCnWeES1rds4x+SsOrLmkjTW5pZA1mnGFaRfSFHgABwd8KQ3jCo7tC2rAUEYXcj1QslLJ9VZpUshCcIrUBvmR2psYhHV1vK4kiLUwwJwnJhGU8DCgeRNGM5UaZx3GUWQ8YKh1mS3AVpZMupu+ODlgpL7P4rxC050jJVKYyDjCup4i9xIGdlb2Xp/isqmjf6WrTGnceG1eti5ORB6b6TdWyNqa2MiIbgL0SGCGnjZDDGGtYMDCi0nkAAbgBTG6nbBp2W2ijHJ5vW6iV0sthEaE6TuEW3W6ouM4pqdhMhGQMLb2f4ZV0r4561zWMA4K05SOh4vwGu8s06IPH7ZjGRVEpAhhLiVqLX0Lcq5jXzkQtPORleh23py221gDKVpcO5Cn6QNhsFTszwfSPF/+HenpxbrHul+vRQ2zpW221jQ2Fr3jkkK8axrWhoaAB6BP0+64QAC4nAHJQSbPe6bQU6GChTFJf2EMNB9lTXW+OaDSUnmlcNsFMr7q6tqG221tdI550vkH0t/NTrTYIqEa3kST75cdwPspkd8W/sr7ZYXOc2tuPnkdvgq8bAG4OBjspL2YAGE0geqr5MDVp4xWUMAAGAmZHqnu2BUQuIJ1FA7MhYxwPe4DcEKLJLnsnynChSz6W505V5yJmGfIGgqqrKyGFpErw3Ki199hptQduR791jLndpK2VznZIzsp2crV6yFTwuSZe+oS9xp6c+xOVnZZHSAA7onhl7s+qPHSnI2ToxPP33SullsheE4njb0RmwEb4wrBtO0Y8oRfBaBnATcMyYRXinAH0pwjGRgKWWgZ24QQ05ymKIi3AhFtsE5rcduPdE1gN3USSYDP/VGZ5zSCSyNY3sqyonc84wnyyFx5KZgDcozHbPPAB0LpSCTwniMRt2T9fYNSERO+VDNLkFu4ouGNaCcE+mU5wZG33wojn6t/RG3hFN4HvnawKur67wxnOD2UevucbQ7S7cbD3KqHvq6o7kkIVPIpy9D6mvqpXaWnYoMELnuy47qRBT4PnajOiaMADCFzB25eRNhbgbfupDWhmDhMEZGCQjfSACgzlhrgcM7AhP1Nxwha/QJvibnZSTDbOvdkkeiHpc524T2sc5wyP3U2OnBAIGFabC25AxQYwSFLjAGMhcc1jMZ7Jks+QAAoTCQR7w0YUSYk7pPdncnCr6y5RwMLieOEMpbRbeA80wb9WBhZS9X0yB1NTnAH1OUG632WqqHMY84HoVUudqOc4KxX3rGEIm8ic4k8lNO6SS583ufItrPDOAk90Ub5Ca2NziNlNhpG5DnDdAFXVJ9Ao4C7fHKkRQAEbKQyINb5QutAylpbuzdVQl+XYmxgAENz+ado9kRpyE5U+DRtx0BLCU5ox3RElRMAycdktXsiYK7pKsao5BsaB7p2lODSUVsBO52VDVHAHBwhaXZ42UwR4O42TgG42aFaK2biO0HungDCJpH9P7pmMKsBbBIRBDT5k9xI4CY1jiULWQJRwNLSSutpjnPqjti1HhS2wN0jZEo/sRLgBFCGgZG6TosDnCkacHhPMJeNgiUcsRbbGqOZFf4Hiu3VxQ2wRhssg37BGobXpxPKOfpb6KxbGWrTCB5XXa52ycawYa7GAu+GSckI2kLuj2TksHOdj9kfw2ngJNj9lIwVzQVQOWRGk5UmN+O6iLuTnOVw7K0Oy85LWGbON1LjmPIVIyqII5U2Gp2BWC/Sxm8s7mg8zbQ1FsuYqpw2wpkVYCBwqRlS3ghGbICM5XKu0MfSPf8AjPqKSik2XWuOQYcAQo0lI0eeIkH0BUSOpcwqXDWDO+y5d+lkuGj23j/K1XYwwIdURnL2nA9UZkgkHIUgvhlGM5KizUJbh0OTnkLnWaZf0neq1EnyuUTYZSwANdjHup0NSXgAkErPCrdA4MlY4e5UunqNWFjsoaZ0qdTCfTLwFrxgLmn3UGGd7XagdvRSG1IJwUicfSOhGSwSNPuumGJ394wOXBgjIKcG7cpbWA0k2Qau0MkJfTuMbudlX+DW08m+o4Wia3UmviyMKg9hUxzPOz24RQ4HujTUmN2hRDTSg5apnBTbiSUw8IYe5ow5qf4wzjCvISeRpLspAuCdsUiBhTAeTrZiMDCO2cYGyiEHOyQDsqipSwTg9p20hPLGubsQFCaSMHKIJSMeyhFLI51MDkoBhcO6kiYY4XPKoNAHPBCaW7cqW6IIJhO5Q4yQBFNU00gkgkc0j0Kv6DrOop9MdbHraPxDlUpGn8OUg0HspsbLyeg0F/tVwYA2QNcezipr6CCsYTLCyVh9BuvL8ac6Tj7KfbOo7vbXhsdSSwdnHKVKGAlY2aC5dFUchL6LMbv6Tws7X9O3OiJ0w62jkhaWj6xhnkDakFueTlXLKmCsaHRStcPQFA6hsZZPKnyOjOJm4+6lU1e6Ej5WUjPYFb649PW2tyZoBv6DhZWu6HqKdzprfJqaPwlIlVlhKTLm0fE3qW2N8IzsqothonGoYW2tvxXsVeyOK920UZdtrj3b/wCi8YlgrKR5bUU7xj2XBVMccenbKW6eC3LJ9I0dTZrpGH2q6RO1DIGrhPbHdqd/mayWLseF88Q1MjWDw3Ob32OFo7X8R+q7aGQisFREzYRzDUMeiS6MBxl+z2d1dE0Ymjc13BGNkRscM2HRkHO+yw1u+KdqrWMivFtkgkdsTH5mf+i0tHc7HWtbJZ7i1rzvpL8fkkyqG5yi2+WDBgtByoVVaaSY58EanegRW1dVG8GUah9tipbayknYBgtclSqa6A34Zl63pZxGunbpPbCgMZ1DZZhNHJOMf4i4ELdsxpBbuCiOpw7lodn1CS62VvT9GUoviBX00oFdDrjPOBwtLRdcdN10jWSv8Fzu7xsotR0zQ1xJbGI3nuBsVn7n0FUsJdTgOzwQqwycdHoobR1TWyU8sbgeCCgzUMxO5yPULy35PqywYmp3S6W7ADJA/JTrZ8SbxSEQ3BrXtbyXDDkaAlDBtKuy2+sjdBW0cbwfVu4/NZqv+GVtneXUMkkRPA5AV1bviD0/WlrakiFzu5xgrQQVVBXRh1NNG9rtwWkIyYZ4/cuiOpbO9z6dhqIhv5eyoxW11JKRPG9hb9QIIXvroJgeQQfVQq60UFfF4FbRskb6Fo2VjDxpnUMJIZO3Y+inxVtBUhpMzGZ4WruXwusFXG75TxYJTuCTkLF3j4c362lxp2GeIcFqppMrGS3hZVMxJS1OAeCCptL1Hf7Y53+9SSNPZ5yFhWz3e2ZgkfNGW7aXZU6HrCenaGSwCUjuqcUwXFez0ql+JsHh6LvQM221MGD+ato+pOlrgWtjqoaYuGdRfg5+3deax9R2CshDqiExvP1bI7aDp64N109wpST+DxMH9Ev4UKlGK4SPT4opiRLbq5sgG7Sw8hGi6m6ttc+uISVDB9bdOcLy2ltFzoZWyWq8yRBpyGskyD91Pb1d8Q6J7mOlbWwjGz+32VOkV8SfZ6xB8TpGn/f6CRvrthXdH8Qemalv/b2ROHLZTpOV41F8TC4FvUXTj2s2BmY3v9kaPqf4e3QOk+aMHoZBpwUidG4XKir2j3ynq6WuibLTzse13Bacgpz4iPqaf0Xi1LQsDW19iu3AyHQTZ291a03UfWlC4ubcoptQwBNx+SW6GkJejT/BnqUjO5GSVBq6GjqxippIZfd7MrJ0fxAu0BY27WlsjDzLC/P/ANThW8fXXT0jtMzpovcsJCUq2mVHT2w5B1vR1irm4fS+D/8ASToVS/oS5QHFt6sroIxww+bH7rVC6W6X+ZT1LHsIB2Iz+YRYqiKYFzHDAOOULi0E52xMRIPiHaZG5jpK+PgEjzEf9V1/Wd3pA3+LdOzxjG5jbwt2/Jxg8Jpa131AO+4QbmErFL8kY2n+IFlnA8Rk8YPdw2VhB1BZagjwq1uT27q3qrPbazJno4nE99AVTP0RY5eKcsz/AEbIlJewl8XvglR1FPMMwSh4Pon/AJKjn6CMZ1Wu51cRH0+fZdisXV1Nv8/DLjgHKmY+i3tf4svWg+i5oBOXAO+4VN4/U1IAayg1NzuWBFivLgcS0kjc98Ik0RcEyW22+c630zA48kDCgz9LW6pz/La38lK/idO8A6iD6Irahrvp3/NMbxyMc5R6M/V9C0jh/Lc0bf0qoqfh49+7NP6LdNnzgYRBNnG3KDeV8svZ5TWfDus1eWFpGFWVPw+rY9zTN++F7O9wyN+E7SCO36K4zSGRvweDSdG1UTtosfkVEfba+meWx+IwjuCV9AupoH7PiYc/4Qo77LbJPqpWEn2R70wnqE0eENqr5SkGOslB/wCcqRD1h1JRODvGc/2c7K9kn6VskxwaRo+wVbUfDuyT7jWCVSSBU0zzyH4pX6I/zG7BWtP8ZXaGtqKXLhyQruq+FlHI7EOC3sVWVHwjyf5WghUlhhZRMovi5aZB/vOpo+yuYOu+latoPzMe/PCw1T8Hq8OJjlZvwCqup+EvUEW8Rb+WUWMrAMpYPV4b30nVbumj34xhGx068eWRuCvE5Ph91jTnykkD0cVx1v8AiPQ4bE2UNHBIyi+PIPyHtzrNQT4fC5paeMFNNgZ2wSvGIb38SraPMJCBzmIY/VSmfEbrmnwJ6J0w9mKOqT6L+Q9Yd07Uk5jeAFx3TtYBnLV5vSfFXqCN2am0VTcf0sVpH8YqoNAktlZt/hQOua7K3mvNjrQeAUZlpqABliyEfxlibjXbaw//AGtSI/jPbds2+s/+5ocNdlmmbaappx4YP5J4s8/PhhZofGi252t9Yf8A7Wnt+M1GRta6r/yo3yWaT+Ezf9039F3+Dzf90P0WcHxfpDxbqj/ypf8AtaaRtaqv8moNos04tM2caB+iP/B5i3+7A/JZD/2relrq8/8AIuf+1O4O2bbKsDtlqrYyYNYbNPnOhqRssrvqYw/ksj/7S652/wAhOP8AwpH4jXRw8ltnP3aiASSNX/s2JuY4h+QUeTpCKV2HxRAd8NCzjfiBdnne3PH2bhP/ANurqR5aGXPuFQxJF6eh7UBvz9kh0RbSDsP0VB/tn1C87UTAPdm6c3qnqGQ7UoJPoFCksF3/ALDWwnJx+i5/sFancvb+iqW33qM7imH6JwvPUj/KaSL/AMqgLjnksv8AYC0ndulIdA20bnSoIruoXnLmtH5FPMt8fgGQj7FQrKRYf7EWlrd28eyCOk7Q0/Qo5pb28b1Mv2ylFZ7pMcSzvP5lATJPislhpv71g2HqjBnSsA+nUUCHpiWUYme8/wDiKnwdIUseHEnPfJVPkpySOMu1kjaI44W4b7IbupYWuLKah+x0qxhsdJER5AfuFZQUVLFgsgYCPZCkB8hm3Xa8z/3NKxgPHlXW0t/qvrAAWs8NgGAxo/JJoxwiyR2Gfi6ZqnAPmqQSeQpLOmKFmDJlx+6vEi0lMwC7G+ytjtFDAQ5kIJ91IjgYxxc1gGfZSNPuuhh5UwLcmxADCcOV3GF0NJ4CsgQcLn4k7GEhylLgVJZCM+kLq40bbLuCOQoKcGPSGy4XAckITqmMfiA+5RA7WSA8EDZLI9VG+ZgO5qIhj/EhPuNG3/4lhx7qshKDZPxlLBVaL1Stzh2r7ITr+w7Ckkcpkv4Z/otsj1H6pZHqP1VMb1O4+S3E+hwm/wARurj5KADPHlUbwRVS9l8N+E/JB4VCyW/SfTCG5XXUPUMv1Tlg9gkSnknx/wB0aAOA5SLmY3cAs+2x3x31Vrhld/2deADVXOXfnzqybYv2XT6imZ9UwQH3OhZzPlQm2CjjGZK9x9dTk0xdKQbT3aLI5zO1TDJ8cX0n/wBiWb3bwceKkb3QgZ8RVk1w6Cpzh90p8n0lyUv9r/h/TtDDUscG8eTKNJsGVcl+MWWAv1E46Wkn7BDN3ic4gRvx64UB3xG6CpzmJzAR3ZFk/wCSFJ8Wujmf3THvPtGAr2spU3T/ABgy4FU54y2J2/CY91U8YbCSqQ/Fzphx8lFPn7AZ/QpknxltETdMdlqXfoFNrC/iaj/kLprK5x3hIXfla1w3Ys2740UQ+iwT/wD3Qf8ARRZPjLN/wbQxn/P/AOim2XpDIaPUv+k1JoqnO7P3S/h9Wdgzn3WMf8ZLoT/LtFIfctKC74u3/tb6IZ/wKtln6Ceh1P8Aym7/AINVnc5XDZas/msH/wC1q/n/AOCov/uaX/tYv3/yDRf/AHMqvjsb6ItFql2bd1gqTnzD9FHd0rUu4kaPyWN/9rF+/wDkGi/+5lcPxYvw3+Rov/uZ/wCqLbfHoZ/C1P7Nc/pGrO/iN/RRZukLjjML2krOx/F67tP821Ubx7ah/qpjPjA4geLacf8AI7lVjUFLTaiPYafpvqOM/wAprXBVlVa+o6Ylz6SX9FbQfF605/3qhqo/cAFWdN8U+kqnAlmqGZ/qYiSuXaIo2x5ccmJdUXWF2JYpGfcFObeqqLBcwEj1C9Fp+q+h68H/AHqIEf8AeABSv4b03cGh9MKWoad/5ZBIUTlnlFfLKP5QZ5vF1VUx4Hy8O3chTYOvPA/vIISPstnL0lZZwdFIwdtgqmr+GtBO0iPUDnbZEpx6kXCdMvyRCg+I9HjT5Yj7I03XFPUgCG8GA/dV9T8LHlmI5Gt91S1nwvr2nIqQceyLbS+mOitNI08HUVY8/wArqpxzw3Q3/PClsv15gw4XUyA+mN151U9AXeHeOo0kDtlV1R051VEP5dweMcYLkfwwf4suzTUS5ieuM61uUP8Afw1cwHdjcqVT9c0E3lqYJ4x3MkTv+i8Jkp+t4DpF4qMegeUw1HVMB1SXCb83FEqE+xX8SHpH0My5WG5/3dcWOH+NzcIotUkrS6gvDyeQNa+do77emEeJWSbeitaLrO8UjgWVsgPrqRrSOX4oW9H7R7gbf1PB5qauc8+jiusqeu4/qo4JWj1G5XldH8Tb1E4B1S532cr+i+KtwAHi6zj1KVPS2Q9C56Wa6SZtje+o4B/O6fMmOdDUL/a18f8A2zpG4Mx3EYIKpqf4pTSY1sA91bUvxCo58CV2PXYJLqsXcRD0s3+UUPHXfTsbg2rslwhJ9YcqZD1n0fMcOmfGR2cxwI/ZEj6ltFUz+7DsjG4CTH9P1g0zUcZH/KFT3L0KdMYv7ov/AKEkdUdKzjS27safckKRT19pqtob1TkHj+Yqmbp7peo3bRNbn/CFCk6I6bk3DJWH/A/Sos+wXTU/2v8AJrovDB101xZIe+HZRRJUOz/N2HssUOiaGH/slfWR/eUrv+zd3gINJ1NUMPYGQlBkTLSwlxFm4HzP+I/kieK9o8zSfyWENu6yh2i6gLh7nKeP9u6TzRVsE/8AzBXkH+D73I3HzDu7V0VB7hYX+Pdb05/3i2xyj1YEaLraqjwLlbJ2/wDI1QW9JNdPJuGytI3wPzTtTfULI03X9nPllY6Mn/vAp1N1Jaq12mKqaDzuVAHprI+jQgg8JZA5KrYq6MnEczT+aOag7FCngU6WvRJ7Z7JpKY2sgxgndNMjTvlFvX6FuIQs9CFwtIGchN1e6cNXoVMFHST3C535XdYxjCFvnOUWCsBxwlwEPUu6vZTBMHSQTjCboPZd1eyWr2V8guLYgHA51fsijbKGutk9lRWB2oZ4TtQPcJqF4RznKhQ98bHc43UaWk7xHco7mnbBK63b3ULKuWO4w7twQozrhLE7FQ7SFoDuMKJNRU8zHNkjaQfUZUDU0QmXGB7dpdyjwSvyHvfqafZQKvp0aNVNJpcOFTCrvdqlxPGZYx6BMDiovo2HjwEAat1xrgc4cD+ao6O90dYMOw1/cFTopmZy1wKMGSwTy0O5UOa0UVQ7xCxrXeoR2Sg7Jb8goyimNPebdI58Mnjwjhp3IU23X+lkcIKseDMOWuU3Kj1NDb6tp1sBcfxYwR+aPJCbLSUdwZuxrx64yoXg1lqJdSvMsZ5Y45AVY+lu9rcZLfUGSMblp5U2j6hpZCIqxroJT2fymwscHlASjkruqOj+kviHbnUd/oNMjhgSs8r2n78rwvqX4SdZfDud1b0w+W8W85/kgZe0BfSUkTJG648DO4cEB1RXU/lqWNmi9MLs6XydlXD5TBcWuj5fpL1Yurab5O4shjqRlskEo3B/NYXrL4Q1lFC+4dODxgMnw9WB/qvqDrj4MdKddVAuUTW0FeRllVAzD2n33Gey8futH178M6j5bqWhbdbW8+G2ppQdLD/iPuva+N8xKC30Sx/ZmDVaerVR23Q/6o+aax7Y3PpblTtErdiP/XusxcrS2XVJTuDRyAV9S9T/AA+6R+INo/iNiEbaxo1te3Yn/C71XgfVnR976OrXUtxhOgHDZQMA/wDRfQ/F+Wq1nD+2X6Z4Hy/hp0xeVuh6a7/6nnmt8JLTyOQnfMB2AcK0raaKrBDQGyDuBys/LDJBIWSAghegVjS5PAavx06syivtLGKo8MjcKfFOSB7qhLnbEZ290amuGlwbK7ARqeTkutM0DZA5J2+2VEhljmAMb8ozXaduUaw3wZ3Xhg5ow4cKmuVtjqmGN7dzwVfEagos0QcEM48Dq5bHwefVtBJSSGORu3Y+qhA5JGOFu7hb46qEskZ9j3Cx9bROppMZSLIYOnRen2Qt+xT1wHKas7jk2rkdkeoXCGu7hByfVLJ9SlOOS12cljACr548HOFZOZjbPKDJGMbBKsrx0PjLBVkkHcJp4RqiLzbBDLVgs4NEeQDvKdl1jy06gF1w2IQmg5KQ1xkdFtcl9Qv1tDweynMcQdyqe1ytAMZ7DKsjuRukTjk7+kv3RLSF+QFMoZHNlDgVUQSEAEqex4IGFnlHJ29NYXpOpoe0o8Mhc3B7KDRzYjDTvyjxzYOMYS0sM69dhysaDqx6KFEfVT5iHN/JVm4kQsu1+0WNO7PdSVXRyA4weFMLtbBjZOiioTyVdUMPJHqi0c2Ro9k24YEfG5KDRuHiEZ7J64McbNtjX7IlxGJ/zXKc5Y5pRru0OjDm7OBUSlk4BWqrg5dyxNorLnGBOh0+Q4KZeWDyvA3VfC7BGey6VLR4rXxxcyzYchRqn+9KkROBblR6jeUla5PJzV2PZypLOFFYcFSmHZWiWnJOFEk+pS5OFEk+tSWCoLI2UAtyVCJxIMKdJ9CgSDLlkn6NMCU0+Ubrp4QmHgZRRwrj0W3jsDIPMmP+lFeDjOFFkPPuqk8dlRlngGz60/smN+pPkBLcBKzkanyAd9J+yhS/ZTDyo0wAwQEqccj4vgfTY1fkrCm3BVfS/UrCl7/ZMrxKCAsHP5SAwk45OFwHHZDJYEsc/kK6tH9wAqSTsryzN2YTxykWGjSLMy+pSWtz3RX8coDHAArkkuoeiVXDe8HUvnthkZnXOyPGcrfdPweFC3A5WEtsRnrW+y9NtdOGU7B3wu5pa9qR898rdKU3kt6bdmVaWKIyVrTjOFWRtwzfZXvSzQH6iM7ZXR9HnrXwaR+2AFIh+kKOMlyODsNkxmCfLK29SeO6O3j/AIrgMeq1FPAKaljgaMBjQMfksxQU5uF7ZIW5bTkklauqdhupo2U6AnwgX1P9VOjAa0YUGmBc0PcFYt+kIRQRpKNHyENuM7o7OFaBOuOwwhPzwV1zgCMoTjuMIZy2kCkg8JyYOE9LIV/UFx+Qt7y04fL5Grzi7V/yVBLIT/MfkA+57rQ9R17q6tc1jv5UPlx7+q8/6xrmENoWu82NRwk3S2rJ0NHS77FFGbJMkpc52S45JVvTNdlgDfZVFtiM0wzuG7/daSmY0Pzj2XgPN6pttH6C+ktG40xZKjbhoGFEnB8Z2BsrHTtnCiVAGrOF4+dh9ToqwhkTi0jCxfxU6Jk6gp23a3sHjxty4d3LaAYUiJwcwwvblp2OUzT6uensUola3RQ1tLqs6Z8kvfpcG4Sa7V2XoPxY6RNnupuNPDiGbkgd15+G44X0HR6yGogpRPiXk/HT0V7pl/0JlIe6lyHyjCrYZtBClslD9guvXbxg41lTiEXDwu+6Sd2UCITEcgcoeChawC0MxhHhPAJQnjC6DgqJ4ITARhIgDshtJ2RBwmFAycprmEDOUX6eBnKQOs44RKOQlJx6D2+vMREMx8pPlPor5kmQMDlZp8BAyApluuTmOEM524DkmUMHU0moxJRmy9iLiR6KQOEOLcAqQwZOAVR24NPoYmuGQpBaCBtyuNYeyho2cEGWIHdRnM9FZvhPI3UWWP1UFSh+iKqy8UomxKG+YbK30+6ZLCHsIQyWRNsN8cYMbJE5j8Ywp1vqTG8Z5RLlQkP1N7Krdlp08YSmsHLi5ad5NtbqvxWgEg/ZXcMuQFgrbcDTaQSdlrKKtbIwOzyhTyd/SamMlku2uDgWkbHkLN9QdG/Pgz0L2MkBzpI2KvIpM4wpUb9uOVZtsqhqY4kjxirpJ6Kd9PUMLXsOCCEB0bsL1+59OUF5BfKwNlxgOAXnl3stVaqh0E8eAPpeBsQocLUeOnT9z/H9meLCDg7Lqk1EBIBA/dRy1w5CA5ko7egaSSSgA9JJJQgkkklCCXRyuJDZU+i0MSSSWWWWyh6SYkiyGPSTEkeSD0xPTFGQSSSSEgkk9OY0vkbGBlHFclZwWFqhc6TxSMNCtnkYO6j0cRjga0jCdUv2GFrjHCFynwRqh2TgFRmjzJ0hLjymppmm8sIACOE5jfZcYCUR4DYwSqbwGQqvOvIUck8ZR5XZOVHPKzy5lkdASSSSEaLJSyUklAByMgoyhBLTdP0IhhNRI3zP4VJa6Q1lU1mPKN3fZbGJrWNbG0YDRhEng2aWvL3MeM5yEZMbgb43TmqzqpYOrrTgruAkzlQNSyFHCIhg9k9WnkYPSSSTCBNXsuOORwku50b8o4xyXkbvnJUaoOBujzTEDytUGKGquE/hM3CfCtHG8pe4R2R7OUlOaifDG7A5J9Fp6KItYByANlf9H/DW83ZrWwQiNrgMyPHlH3P6r1vp74U2KztElc91XOfqJOwPstEZbTjaL6V8h5SW5x2x/bPJ7J0rd7wW/J0/ff2Xpdh+FLIdNVd6nVJjdse36rfNp4KeJkFPExjGDDQ0YRmEAYJymqyT6PoHifoPRaJKWoW9/wByBS2mgt8bYqanY0Dvjc+6kufpAA3R3AHbKHKwHHdC5M95Rpq9ND461hAQcnOEgMJ7gByVEr7hS26mdVVMgDG85V5JLA6pnZCwvcRgcnKzktbWdRSfKWvy0ecSz559go7G3Xq6fxBF8tbGO3xsZB6LZUVDTUFPHS0kTY42jGAFG8ipLcRbVaae1w+FC3Pq48qcG4z7p8gGNgmOxjlESMcDCgucd99l1+Q7GUInCILI10pGwCjy45BCI52c52wqq4VzKaIvL9+26mwTZYodhp6kRDcbLLX7qBjcwQnc+iiXXqKSaMshcc8ZWecZJXFziSSqZxNbrd32Vjqqd9RgP7DCAyHfICkNgc8jblTqekDBkj90cI5Zx3yQo6X1apLIQ0DAUssaBjCEeU+KMtqwwZYAEJxKK9wwo75G85T0jLZYooW2MZwhPe1m+x/NDmmPYKI+XVs7ZMxg591oWWp5ACiyuccJOOo5T9PuiSyZZzygW4TdLndsI7It9xsuyysjAAblWJba5BtjAGTt+abJMIxjATJJc8DGFDqZchA5YKb4yPmqedwqC5XfGYITueSFFu15AJp4Cc8EoFDRvJE0wySMgHsglLJmnP0gtNAHgPmbv2Cmsa1gw0LmnHdPbtuoKY0ZJxhGY0cpBzQDsh6sgqDk8BXubgAIeslMaCXbohwAoWOXWtLtgmjU7OBwrCmpi1uXgb8KDoxyCjixjbhSfEEbMeiHJIITgBRnVBlOwUCfA6WdznYA4Q8h27yAujynL1U3W801OHYOS1BOagLnKKi3I7d7rHTsIDthz7rG3K6zVpdgloKFXV81VIXOJwe3oFEzkFYLrXLhGN2bugenfJO67kpHkrrWFxwscgUcAJUiCmcS1xRYKcEaiFIaGtAAQM206fOJzOsp2gA6d1KY0AYxwgZHZOEpJ+lUkblGK/FBtI9E1IHIT1RYl0DJAXF0NJ+yhaCCJp/+aiaAEwM9yieGfdUEsHNh2/dO29Fzwsp/hHGVEFlDdvRd1eyboOcLojcFZY7G+V0DJwlpLdiljuoFnARrG43Q3sb+EhMLj2XGhx2VFOeDpYDyn+G0d04QlwyAitp2cvG4Vi3PgExhyCEdoIGCnBsTSAThSIqR1Q7yDYcoowbObq9ZChbmR2jU4DlXVHQAMD3ckbD0RKK3RRDVo8x5yprYwMjGEyEcM8rq/IT1TeAWgAAei65gRNPulp91pSRgWUCDU8MHouhvsjBuArAk9oDSPRLAT0kIJT5B4KStpunZof7tpUKW31UW7mLzUdXRd+Mjt6rxWs0bfywf/QjjZGZIAA1AIIJaRgprQQ7JKLh9HPXD5J7ZHHcKRFM4YGFDgfwCOVJbg8JM60zp6a6UOia2oHYcojZvtuq4A5zlEEh4OVitpUuzvaPyVtT4ZaRz6SCMKdHVAgDIVCJiN0RtSeCsN+iUvxPX+P8AqaUGk2aJrYKphbI1pHuFAntsjTqpZCMfhKjQ1hA2cVLhuDsjxDt6rmW6SUfyR7jR+W0urw84YCnrpY3+FNsRscqfHOdnNCfmirG6JNOr17qFNbqulJkppDI3nSTwsFulXpHep1ThynlFtBVl2GqXHLngcrMxXHDtErHMcFOjqXnBDshYZ6eSfJ1adVGa4L9jx9kYAFU0NYG4EjvyUuOqaSN8BJccGyN2eyY5oKAYhgjhGa8OGcruAlWJhrlkCSlJydPb1UQ08g7K70BCMLTw1LC2ZRUODmHBCcJc8hTZKPX24UaSjcRgbYUJsyKPSTgnlH8D+kblRBE9m/6LrJp2EBz9vsjK2sOaebkNGPumeG4bkIjK6I4DnbogLX7hQrojDVlPBI5RdI5wmKBjtSWr2XNvVdIxyUUXgg3AKcINQzlcSyfUo28+gs5Bup8dv3TCDvspAd7J2qLuAEO3PZZFa3T2wnsqqmmeJIJnMPsURzW/hOyYWE8JbWC4ywXlF1jURMDKmESY7q+oL9b65oMcvhP7tcVgyMclM1HfG3uEtxD3npL4aWpbpe1r88KmufRVurAX0gMEp7jgrNUV4rqZzQJS5o7Eq/oerm6hHVRYH9QQbSbjP1fTN5tjnOOZGDgt3UF08tP5poXAeuF6NBfbdVkw+KMHs7hcqrXR1cZDoI3MPGAh2BZMFHWxOaDr/dSYql7cGN7gPY4U6v6QaxzpKbJH9PdUU9urKVx+st9PRLdSYam0bC29a9QULgWVXisaMBsm+AtNbviXTStDKujLHjnQNl5VHVSxjDXI8daRuRuhdKL+Q9xt/VdJPpkpalpB/A48K/pOoY5nhkkWx4Ld186NuRbu1zmn2Kt7X1ldbfhjZvFYOz91nlpsk3I+joXx7HIwfdTmNDmg4Xjtp+LdG1raS4Uha4dzut5Z+qbTdY2uortGXHfwhJl7fySZUYKc9popIg7ZzAfuq+t6Ts1wjxNQxtf3IHKlQ1uQC4hzfUcqwjnhkYDjCzOtokptmBrvhNbahxdSVQhzwHFZ+q+HnVtlGq2XGV2DlvhyHZevk07iP5m47YR2HbGB+ZVNtBRm12eLs6z696ekDLtRtmY3y65Iz+5V5bPjFZ58x3ahlpXt2JadTc/fsvTjTRPBL/BOe2As9cPh90jdQ8y2xjJHclmwz64QfJ6C+QDb+runbmGmmroyX8DVurZsjHjZuQsFXfASiqBm3XV0I5w//wCaqeToT4qdO7WacVVNFs0CbDj9g4q+yZTPTK2xWq6MENdQRytAOHacP/VZC6fDCwys0Ub5IH5+r6v2Wc/2/wCu+n5BD1D06NA2c8F0Tj9/w/urKi+MvTcrjFcs0Uvo54cP1R5yEUFx+HN8ppS2lhbUR8gsPmP2Czs1onpJnRT000D2nB1xlq9st3UlousbZbbcKefUM4jkyVOlFPWwmnqIo5WHlrxlGCzwQC4sOKW5yRO5w15VnB1N1rQtzLVwVTTgAyUwzj7helXP4fdJXIEutny0rty+ndpyfdZ6s+F92gaX2LqcBo4gqog4H7O7fohUl7KyZ93xCuY0tq7CJBjDtOQD+uVOp+tekKgA3XpioYTyRGCmT9K9e2uMy1VjZWx9/AdkY9QcKnqaq1OdovFtqqI5xiePAyq4Jhro1zKr4XVhZJT3iGhf2zK6JzT9iFeW2zNrnBtg67MgAy6PxWzNx7jK8yks9hucOmjmidqG2DlQpukpaaMuoyMjsFTimEq0z3WG3dW0zvO+lrI8fgY2MroZc2bS2mcAdwAQvEaPqL4h9PQiK336tjj/AO6Mo8P/AMpKuqD40fEC3vJuM8dU0jAD2AY+2kIHRKX4oF1s9YhlfA/UGmNw7HYqZHWz51CVwIGNisHZfjxZayoZD1DZG0xIx8wzTIM+4LchbSi6x6FvQbHTXiljJ3Jld4TR+aVLTyXaEzqwywiutwaRid2PclW0PUFU2MBzWuI7qNHbKGpaPkKwSBwywNd4gPuHNCf/AAKraN/8lnlQ1zgVsx0S29RT5GqHI9lJj6lojjxYZGe5Cp322safp2HOE75N8YaJGE59ElxgBJRfaL+LqO0nA8bSfdS47pb5cBtTH+RWPlpqckZix7pfI08o28qFwSF7Iro3MUsdQMB7XD7rjqSB+zoWEfZYV9NNB/cVT2k99RSjkvkfmjuDjj3KpIva+kzaS2WhfgmnaPs1Rn2GmcP5etn2KzIvnUkGMP8AEA90eLrW7MGJqQBw58vKibyC4W9pl7/AZGf3b9v8Tkz+FVzQR4YI9iq//b5jQBNb3Z/qDv8ARHi67tpx4scjUckmil8q7DigmBHjRpwgc3gYTR1nZnged2/qE8dR2WR2deMoMMmJ+0c8Fy54LzthSf4pZpWZFXGCfddbPb3jyVUZ/NXjBe6X6Ipp3nlqd4D/AEUryHcPBCWB6o84CUpL0Rfl3+n7ofy8v9Jx91L3B9U/gfSoHvZB8J4Pm5+6WkqUX8+RNV8gfIRfCB5aFw0sBG7VLw7+n91zHqiy0WrOSAaGmPEYQDaoDsWZCstJBxhdDhjBYpuf7ClMqHWK2EeekZk+wUd3TNpdxTMH/hV4R6BNyPVU5P2XnjJRnpC0nmmj/wDKuf7HWn8NLHn/AJVoMj1CWR6hUVvM5/sXQciiix66QnDo+196aMH7LS6s7DP6pFo7tKjJvM4OkLSN/lo//Ku/7MW0bfKt29lfgbgEKQ2BhaDgKs4L3szP+zNuB/ugPyRBYqEDAibt7LReB/gCd4Df6GolLJSlkzf8Eoe1Oz/yrn8JiH0xNH5LS+E3+lv6JeG3+lv6ISjM/wAHi9Gf+VdFniz+D/yrS+GP6R+i74X+EKZK3GdFmBHLP/Kk2zuact0D8lofBafwhOELBg6QryTeUAtsnHl/RFbaXbHLVfCNgH0hd0N/pChW8p2Wt3B0o7LVEDksarABufpCfhun6QoBKREbQ07RsxOFM1vAARyDnYJ4G4PCBvAHyNkcR6eAn4HopAbtuhuO+OEKeQHJgtPuugYTi5o5cB9ymSVVFEMyVkQ9tSvA2MHMKATwkQRyobr9aoTh1SD9lGf1PQZ/kh7vfCvGA1TN+i4AOeETAIGyzzupp84ggBHbUguu16n/ALqA/kptYxaaXt4NLj3ThJDE0vfI0fcrMNZ1BPguBaE9vTl3nd4j53Z91NrBlXGHcjQOr6Bm76yJvtqUea+2+maXtkEp9GbqE3pDUwOqahp9crrbR0vQEfM3eCJw51ztH+qaoP0Lexf3OHq2mBAbQz57ZGycb/WzDLKRmO2yra3q74e2YuMl7gkLeNDtapqj4xdGQ+anZUSH/BGpsZaqlP8AGJqzXXiUARxiMeoC44X2QDNQMe4WGqfjra2YbSUFSf8AmbhUlX8cbxM4tpbXFG3s5xyT+WFagwlprP0esijrHtHjVBPsNkV9EJgBMScLxCf4sdYVJ/3fwGDvsquo6r6yqsk3eYh34WnACL48jI6SS/I9+fTW+BpdK4AdyTso0t16bg/vq2hjx6uwV8/ul6iq366i4VDiBzrKAbZWOJLiXEnJJPJVqndwNWjPep+tei6L6q+B+P6N1Bk+LXREH0l7yPRq8YZZn4y97PcEIrbJA4guY3I9Ff8AHwMjoorts9Uq/jd09Fj5W21En5YVdJ8fC0/7v0+72Jc5YRtrpWjGlP8A4fTH8GVPgi+wv4df6Ne/479TTf3Vvpoh2zuVFl+LnWdTsKqKMH+lvCoGU0bRpEY29k75Vp2bGM/ZV8EP0HHTVx/pRYy9cdX1Z1SXuZo9GnCiy3q91P8AfXerfn1lJC5Da6iT6W7KXBZJy7DmKfDFdIYqoR6jgrzJLLvPO5x9S5OYMu5VsOnid/D/AHUqCxyDDTGGgdyFFUglFIphGC3BGUhSAnjlaFtm0kZc39FJFsbjhv6K1Wl0XgzcdE4Y8wCOLcTg62/or7+FvHDGpfw6QbkNCLaXhlJ/DXAfU39Ev4c7+pqvDRgcgJppHDchuFW0rkpxb5M7uCOKBxwSWlTzGxpwSAUtA7O/ZRQa6LK024Hfyrv8P927KwXMj1V7WQgtoTn8KL8rtu1u3spSbqnJ+ppHZE4ywBlpkT5Q92t/RI0no1v6KVmU/iYlqk/rYl7ZZIuSF8ln/htSNEB+Bqma3ceJF+q6Hb/zKinH/jwmKMimsEE0XqxqDJbg0ZDW/ZWhmp8ahXUeBz/NTf4jao2/zq6lz7TtKYmwMIp3W0uxiMD8l1tJVxDMUr2Y4wSrP+O9PxnD7rTD/wAYQx1N0sw/zbzTgexyqfPovC9gIrv1JRHMN1qcehecKwpfiL1TSEB07ZAOzgo46t6IPF0if64K6OrOhnEA3CAH/EqUIvtC5U1T9F3D8ZbvT4bVW6GXPpsp8Xxpt5A+es74x6ghZJ1z6BqpNb7hFv6HZFDfh3UYDr1TZ9C/CD4YP0Iekq/Rs6f4u9DzkCqMrD7tCms62+HlYBousbSfUcLCDpzoysGKa+Ue/ZtU0H9MoMvw5opm6qC5wkHuC1ytUwj/AGEz0tfayemRy9F1m0F4oHkjjWCU89N2KpwWxRyA8EN2Xkj/AIZ153pq2Nx7HOFCl6B64pHF1LU7DjS8gqnWn+MgYVyj+LPYZeh7HLgimjwf8IUOb4cWGQ+SFjT9l5YKX4l2kE/O3DHfw5ycpRdY9eUJxNNdDj/vDlMVU31NFvf7Z6XJ8MrYfpJb/wAowosnw2jjH8qpOe2ViYPij1PDtN4hP+NTIvi7fmY8SOnP3aqnTqF7LxL9l/L8Pq9py2oGEI9FXJmMSg491Bh+MFyyBPTUuPsrGD4txOwKimpxn0SpV6iJPuHNsN5pR/Lk/cp8UfUEByyRw/NHi+J9jfgyjGfRTIuv+l58f72Gn3ASnGx9xAc/7ESK+Xyny1/ikjnZTo+t6qNgbUUpyNtXqplN1BYKrzR11P8AYkBSvHs0wGk0k2exwVNj/QluMvyRHpPiHQNwypy31yQrml6w6dqcYq2MJ/qVVJbbJU5LrZTn3AUd3TfT04w6Hwj/AIEvbFfmLdFb9YNZFc7XPgwVjHfZ3CmgOc0Ojy4H3WBPRVrLs0lfUsJ7B6OyzdRURHyt7l8PsHOQtw/pFSoivxNuJJoTmQaR7pklVTbCpY3B9Qs9BcOpaYgTwwVTe5Ocqxpb1SVD9Fwo5IP8RG2VFz0KlU4rgkuoen6sZlhiz/yqHP0pZJ9oZPDPPk2KsGR2iqOiGRmfcrv8KaN4pg0+xyoIk5R9lR/shpcDTXapZ/4ihvt9/o3aG1UkjRwdXKu30tfC3VFMHY7LjJrgMB7dvul5Azu/IgwXK7wNDJ6Qvx+IDdS4r7ggSQPb+SK6ZwA1NQiIJvqgVgShGROgu0Ev4sKUy4BwwJfywqc0lG0g6SxFZFT42n/LCgqVJaipad8gromDjgYVXqGdLXZ/NJzKxo1MAR8i/iRch+RnCXieyp4qqvjdh0eQFJFyDQPEbupkr40T9aQfnsoTa2CXGHYyjtc1w2KmQZQSJOseyWoKPg5yutc7OMFQVsJGr2XUMOGF3OVMFODHeL7Lqb4YC7nGyrK9FOODqS4DnsnYKgLR3SuGKB/95GHJySLcRcdFNculqKqJlph4Mnq3ZUU9Fdbc7TIC9g4IW31A90x7Wkdj9wr384GMylHdHjDXjcKyiri4cZyn11gpqwl8ZMD/AFaqOqoLtaXB2kzRjgt5R5QUY5NE2Zr8AnGVwxEEOaFnaa7RyO0mbDxy12yt6W4SjA5CJtluP6Jkj3MGCFXVVHTVYIlja4nv3H5qxNTDIAJNkF1M0+eEfuqU+QCkxdLOddLMZoh+BxyrO0dX2m5ONLUnwJRsQ7hEdGeHNVRcOnKGs/mY8KTs5gwVphZwV2av+H07wZYHZB7sKr61s9O10dfSfOUbxh4DNRaPcLLQXO/dMScuqaf75IC1No6loL00sheWTAZdG4//AC5WmrUODTiW48HnF6+EnS14rBfOjLgLbVMy6QRnSCewLfyWL6n6WuApJLX1z062rpH+VtQxusY9SF7zc+nKavPztLO6huIziqjG5PuO6oKi73K0n5LqmkdJTv2FRCMscPVw7Lu6XzF6f3MyumGMJHwn8RPg9W9N+NX9MD5qjc7Zm+uLPZ3t7ryqQtq2up6pmiVhwdQwQfdfpddPh3051DE6stM8YLt9Df7sf+Hsvmf4tf2Yo6qR1wtUPylU0udrwSyT744X0jxX1bXJKvUv/DPIeT+m/kzZpu/16PlWoZJTP0O39Cok3OQP3V51N091B0rUCiv9C6MElscvLXfmqLV5l7OrWRuW6vlHzXyHjHTa044YSlrZaWVrm7Dvur6mrIqkAsO/os4QJNgMFMZNNSPy1xaPst1d2Th3aWSfRsM7JrxkZVNb7q2RwjkkyVa+K3TklalLJgti4PAN4BOFVV9ujnbnG6tiNyo7zr/JKcHIOuxxZibnQOp35I2VcDkkei3VXRxVLSHNyVnrlZHxsMsUfHZKlA6lOpXspiMoSKQWnDkM8rPJYNaeeUcSd9KYkly6GZAVDAeAojhjKnkZChygkbDusdkMja7CORvhDwOUQ8phCxWRxwakPil8N7SFcQSBwB5VAwebKsqGXhvqluLfBu0trhJIto9sBToHcDKr4+ApML9OM7rNOOD0dFqyXEEhaAPVSWv3VbHIMBSWSJf9mdiqfssC7U3c9ioEww5SY3tICDU47IDTKW5YBRlwcN1YM+jlVoIBUqKTICYZ84G14zCcKDSOIl57KymGRgqpYNFW/PGE+AmzjDD1vmYe6rGHS/ZWku8ZCqnYDyPdPTwzFqY4lk5cP5kOoqpiHm54Kt6hoMBwN1UM2eV0Kss8Z5SP+qT4ScDddk9UyA7J71oy2clLABxwVLhJ0hRHchSoSNITQbAp4P2UI8qaeD9lCd3UJXwcKhzj09VJPKDMAW7rPaPGsduMlSYzjCgjkqTGdkJLMhXgYUF43Ux6jOGRwpNFQ7Iw5RT9KF+JGf8ASEnBoXZGdyo0owQpTuVGmG4QSNMDtPyFYU/BKr6fkKxp/pKKriIuwWMErndOPKaNyEbYgdNy1aG0geCD7BZ6YZLVorUMU+/oFmt4Nej/ADLDJTJDjukSM8oUu+MFXpV9wevu2xcC76agMtUTjI2XpFKNDQAOFiOj4QHNJHK3lO0b5XcrWEfPfITcpMl8tHZaywwMjpRIG+Y7LIxu1zNiA5W4tkfh0rG4wtByLGydGMYJC7USiJhJ9CnMxpyAq65yufpa3bdH2zMy06ZgxHJUPbgyklWc7y9+gH7ptDC2nombY2SYNbiUbEzlklQhrR9vVSWqHxjdSIPpGVGAH31DBUlxDWjdBjaXPwuTvwAFEAclfnJHYLlOS9geVHldgc8o9N5acZSJ9kD5CgX+v+Qtz3tPnf5W/wDVTGnzDJWTvVS+63g0Ub/5FLu8+pCiDginq546OglmncC4jVyvMLnVGqqZJnOzqz+i2PXFbHC1lFC8EnzOx6dliHs8VwaOSuf5G5V1s9n9OaCV1sZpFnYIMwOeRutBSRAYJG6h0VMKemYwDfGSrKmjcTnC+X+S1DssZ+kPCaH4KIrAcgaTsq6b61ZOGGEeyrcan4PcrgzmmeurqaHtGQABhEa3Sc8LrGcbJSNOypDXB4K7qexQ9RWiS3ytBJ3acd18y3q1zWi4z2+dpa6J5AyO2V9VeJ4ZC81+MXSbLjSN6hooQ2WE6Zg1v1N7Fei8PrY6eShL2eL+pfEQ1FPywX3o8OJIKk0b991GdzxhJri05Xt4W4WT5PdDnD7Lhrg5ox2XVHonjHKkPGcLo1vdFMwSWHgauEDGV1JEUCLTnhNaDlScBMI9FWCsDoyFIZgNO6hNBBOOEVpPqU6KyUFcQ4pN+oLic0Z7JiRE8BmDUMFMfTZ3bjP3XWgDhEhcOXIJxH1T3PBNtNxJHgVDt2nCvGOyMjdZaWF397Fs4fury0XCOVgjl8rwO6Tjaz0GmtWEmWTdWd+EcAYTGlrhkJw5VnUi1g6WAjhRJY/yVgMH7ockBOMBC1km3JVSAs4CaRqGFMmhz24UcxkdlQp1sraqmbIDtlZuvpjFIQBsO62ErBjcqpraQP3A39UqTwZNRp1JcGbEr2uHl4Vzars9srIiRhQKqnLDsMIETix+r0QGChvTT5PRqSdsgABCnMOFkLRcC0hr3FaanmD2tx3UPT6S35YZLOJ+4GEqy2Ud2iEFZFrYf1QI3bjZTIXbA4UNsEpfbLlHnXUXRVdbJnPpmman+prhuQPQrM1FMA30K91DmyN0PALTyCMrJdSdB+O51ZanNDnZJiO2/socbW+LnHNlKzH9ezyeZhjd9PKYr6ot5ie6CpgLZG5GCMKtmo5InZIwCocOencVn/y9kNPSTEBnw12JPSTFCh6SSSjLQxJJJIklkoSSSSoMSSSShBJJJKEEkkujZQgsH0VhbaclwlIUSJokcBjur2mgEbAMJ9MVuyBLPoLq8vHZQ6iXVsRwpj/KDlVs8m/C2gz4BO3KeAcpoBJypUTMhUIQSGNpGSo9Y4DYHKkSeRhI7KqlkMjznsqm9qDisjS8uJXEkkgPoSSSSgY1MT03BKAg9qNnt3Qmt53VhaqM1tRuzIYomXGO54LuxUwp6bxXN8798+yt2oEbdDRGBxsjtRT6Ovp69sMBElzISyFZrCtXVxq6oQ6CiA+6jog5UCJSSGMkJZ3x3RjMMkNGcpxOeFedP9C9QdQFppaYtif/AMQ/SF7H0b8FrDZTHV3V5rpwMlp3Z/6p9Zu03jb9TLEUeQdOfD3qPqeZopKdkcJ3M73eVv3XtfSvwisNjYJ64iuqcDd4y0c8LdNjbFE2CNjGRs2a1rcAJOdpwMZWk9DpPp+iie+f3P8AuDEUMW0bMHufVc1HhLd3KWn3RHbhVt9HCc8ruSnJI8mgRceV0uDeTumu4yqG+39tOz5SiHiV7/7trd8fdQptLsl3u809rgM1QQAAcN7kqktdpr+opm3e6Asp8/yqc8OHqVOs/Scskou19c+SueA7GrLWewC1AYQAEYjG58AGUsEDAyFmlo/CNgnOAYMopICBM4u4VMNLAwy42wmBxOU13JTHSYBGFI9i30OJA7hRppMcYQ5aloyc8e6zF4vxeTBT9uTlPismO69U9k+73uGljO/ttySsXWV09W8ve8gHgAp8s7pSTIS4n1QRGHODQcZTEcTUaiVkskQwl5xpUmChOfMMKwp6LbUQpJia0YDce6FRyYXzyyubStZg4T9O2FIlLW8KHNUhg8w5TYQE2TUFyck9QeyiS1AAxshzVRJxE9RZAXbk7nunwgcrUamPoe+pO4yFH8RztymlpzklInCYuDm2WuTHO35Kiuy/gYRyHyeye2LTuQibyLlyRmRl3ZHZB+Iohaxu/GFErqwxgRR8u2KvoU3js7UVMUYwHbqE6VzznGybHl51HhKR7WBU+gGKWQMafssteb4XuNHSHMh2yO6b1BfvEeaGgfmTgkFRbfb/AA2iSfzSO3JPZJfLMNt26W2D6C2+gDAJqgNdK7n2Vp4Y05wgNZjdGzgYJRbSQeezgGDlcc7smPfg7Bca09zlTH7CHaiuDlJIbKyBQQBwusY6QgBcbE5+MKxpKfQA5wQjoRFTU2MOcMYTqmsZHhjRnC5V1IhGkDsqsB9Q4kkqDHLCwiQ+oM7sAcokUYa3JCZDD4e7gqu+3yOiidFG7fugnPYTKjFykxt8vMdMx0MLtxyViqqqfUv1OJx6J9VUvqXlznbHdRTpxysNtu7g5s5ysllsYfdMJA7rru6FvqxnlYpt5JFCa8lwGFNgYNiUBjRsSjtkbsOEPZqqjGLy0SA4NwAkC47IL2EkYKlwRZAyglHJuUt3BxjHHchFaw+ikMgbzhFboYOFMDox/ZHDT6I2hoAJx+qUkzG8NUWWYnsphklNR7DAhpzkfqumZoHYn7qCZSSugEolHPYl2cEg1Rz5Vw1c+Ma0NtO8kIraV2N1fRScmMbU1PPiI8dRVf8AecJMp9vpRmRYI2UHRizjKio4JGFMikJxlqYyJuMonhjT5RkpY9PHZIayJ4GsBcMAOcbIBjqA4FrTj7qbA1zuQoWyN8p3x+662nx+HKshE0N4QDgdsfmmRhuMttqj2R9BCdIAwZRzE47hqm0ltDcSS7k7gJqrwcLVeXjDNcSJT2x1SGPIx91c0tO2njDA3b/NFia1jNLW4CeBlMUTzWovldLdJiBxwE7OU0jC4rawZFLDHpJJwGEaWQhqS6RhcVkGJ6SeqIaswgjhRZKKKUFsjcqeuYC+KwvnW8xZ+k7NLC1YmjP1fTkUpLom5OFTVVhqYzkDYey3IGECWMP5GV1dL5W2DxJ5PMeQ+ltLflxWDB/KTQnEjcYRY84x6LWzUNPKN4wq2ptHJp2Lt0+UrsWGeT1P0zfpsuDzgqEkaSgniJ1t4QtPutW+Fn4nKjVZW/uTQ5JJJA45HxbTOscWnlHEjiAUDQ7GcIjRsQs9lafZ0tPqrKHmDJMc2g9lOguMke2dQ9MqoGc8lOa8sON1kt0qkuD1XjfqKyqSjMvHfI14/mNDH+qgyxTUT/IS5vbKAyfBGylsrQQA4ZXNv0uD2+j8rXqEvjlhnY6qOUDfBHYqXFO5vbIVfWUUNXh7CY3Du3ZRDLcLa4ax4sfqOcLm2UL+k7MNbOnm1ZRqoqx+Bq7qZFUB2xWapL3S1AA0uA91YNmJblucH3WOenkvR29NqYWxUol81wcMhOaMnBVDBWzRO2cSPQqxgrS/Bdv9ljcOTZG0svBaW8ZQXU4J4SjnyNuEdsrXchC00OjNEV9EHY2UeegwNtlak6iNk8hjgARhUPwmZqShcN9OMITm1EeDG7YLUOo2O4ATJLUCMmJQW68sz0VVK4hsgGyN4sLtte6nVNr058NirpqGVm+kEIyOtoc5pO7DlDxUcyDZCEk0ZwDghGjrsECoaji0Z5RONlwcEYRA4HunGSjkxhn7prrf4g1U7laZWGh3KaWHlBfDXQb51AJprWtAD2ODu+yMnytvGCUB6J2rSAC1BirYSAQ78kbU2QAjhTZlckjPJ1sbHg5CE6MNJwjM7j1TAwndLcUMUgIaRsAucIuAkWsI3aqda/RWW2NyOxUyC618LAxlQ7A4yVXPY7PlH7rgdKzAdGlbRsZGlpupnsYG1MWvHccqU28Wqobre0AnkELKNlJ5CcHAKKOQ8ou660W2pxLTSBpdv5VU1NjqmDMY1BPimLPpcQpDLhPGBvlXsIyinjqqd3njP3TBVPaNx+RWiZctR/nQRuA9kKcWiodrfBoJ5xwglAXLKKL5kyEEnJT/AJupiI8KVzPsVLlsMMuZaCrGezSVCntF1jbqZH4mOQ0pTqyB8hpLT8ReqrS9jo7m+VrBgNmw/A9Nwtravj3UwgC6WvVG0eZ0R7+vsvGw6dmWyxvaR6hcDznk/qly0ykT5D6dsnxd6Wuro2NkdE5//ebfutdR9SWqrf4UVQwnHGV8bv1kAtJH2Um3Xq52txfQ1kkbjjh2xSJaPgNTPsxlXbnkB87D/wCIBS42QSAGmqo8/wCF2V8n234r3akcBWsjd7jK09r+MkRwTM6M/wCE4WV6N+g0z6LNLdWHXH4UjB6nBQzXXGmdqqbdNo7uYMgLyez/ABcLnhjLlr1ctkcCFrqD4tU+sCrblhH4N0l6afsvLfRrXdQ24jEkbiP8bFV13R3QnUbXSVVlojLJy9rdJ/YhKk646OujxFVNjiLhsZW4CtG2qx3Ngkt1VETyDTyZI/JBscHyErV1JNHnV1/s99NVM4qLZdaqhfnOcB4/ff8AdVVV8H/irZR4nSnVUddE448F5LBz9yvWZunLrTN8aiuL5HD8EpyFFLuraLEzqdtRG3lreQik30gsxl+LPJD1B8VenGOi6h6HmqWw7GSEac++WhydRfGW0F/g3a3z0L+MSnIz98L15nVEDHMFXQ1VPK5wGl7cb+yLW0vRnVcP/vm10FaXDB+YDQ/90pxfsjlKL5MFRfEXpmpaGQXWPHOHZAH6hWouVoukTTK1k0LhxsQVHun9nz4bXHVJSUEtE9/DoJzpb+SzFZ/Z3vlvEjemuqIyzYsbPI6Mu9sgolHI1Wccosrl8P8Aou5h2in+W1HJEI05Koz8JXx+Sx9SSsH4Y5Sf2OVDqOkfjb07IHtpHVQj+n5bROXD/P8AZVv/ALTetLXVFl5o3B7RxPHpI+ya4uPOchblgm1/RnXtvxFLSU9wjbs7wxlypZzcKNxbcem6qEM2cTHnC01N8bqMMDayhkLgN3MOc/kri3fFbpm5ljDUGF7+A/Az7I18kecBdHmE38AqJdTGeG5wyQ4aQgOp7c8/y8bejl7BU2/oHqN58Sko3zv5dGW/6FVNR8MumJyW2+WeBw7tdsjVmfyBlJSPPKOStts7am2VMsDx+JritZbfib11RZ035784yJ3NPHpq4/JPqvhTc2ea3XYho7SO5VZP0H1VT7vp21IHdm6XOMJdg7Y+zb2/45X6F7RXUdNO0DBDX4J9+CtHbvjhZ3h38Qs0zM4xocH+vsMLxiWwXajcBVW6pjP/ANKJ/wAkx0L2Ea43DHqCEp0VPtFSprl6Poqh+J/QNw0eK59MX8eLF/0yrZl76MqziK7U4/NfM8T9IGUeOYsds/H5pE9JF/iLeli/xPpmOCzV/loa6GV43w1y62zOadpG5C+b2XKoiAxO8f8AiVrRdX3ijAbDXTNA9JClPRuID0uD3g26pa4t8IkeqFJRvbjxIv2XklF8Sr7TYxdHv9nnKuKf4qXaQDxJYTj/AApUtJYukSOnkvxN5Jb4n/XADj2UR9qoyf7oBZyL4oyjAlbFn7KZF8SoX4bLTU2/fTuhentXoL+PZ+ia+wQai5jsegwoU9rrYH4jc0t7FSo+trVJu+MEn+kozepLZN2IBQxjOL5QSpkuytFJV484Bx6JvnZxIWn1Vw29Ww7BoJQzUU0xJbTgj3HKNxbJ8ZXNrKkHyVzvtlHbcq9o8tW4Y90fVTcCgjJ+yDJT+JxQZB7AKlFspUpjmXu4R+YVBcB35QpesK2Nu1RqP2UK6UFy+Wc2gpJWt7hgKz0dlvTPN8pVZ9wUarB+FGrb19WtAY+m1u9Q1c/29rAcmBn2WXFDe2AgwSAe4QjTVbfrZg91arwMWmg/Rrf/AGh1QBHyrUM/EWrztSNwsrpx9RAKjySxxjdw/Mq3DJUqK0bj/wBo2WgOo9J7nI3Xf/aBH/8AIzl59LVR5+pu3umCupzsH7/ZDsK+Gv8AR6IPiAzP/ZypTOuw8AeBGM/4F5qJSRljSfsFxrqyUhrIp/yYpsK+Kt9Hp46uL92sgH3anjqeV2w+U3/Veaso7s8ZbBU78eQo8dpv8vFHU/8AlV7EKcUj0cX+d4yPD/JOF7rXf8Rq8/isPVT/AKKSp/QqRH031k44FDUY9d0E4fomxG7F2qTvraufxioH4gshH0r1keaOf91Lj6R60fzQTAe5b/1S9rBkox7NbH1A9rQ12n9UX/aGPvIFk29H9YnAML249gf80VvRXVpwHNIz6q8C8xXs1MV+gf8AU7P2UgXmmJ7rJjojqpoBFRGz80aPpe/wuHi3SEfbOVMFZTNULpT87pxu1PgeUrON6fuQH8y8tb9k/wDhBbgS35p/PCpA4yaD+KUw5yl/G6DOC8qgda6KMZlvOR7OUaojsDQNVylJHoUyMGwlXk1X8YoMZ8UoZvtAOZNlkSbKD5KyZ3/iRG/LSACCJzvQuROAaq9mnd1Ja2/8Uk+iA7q6iGdMErsKkbb65+7Kam0+p5RRaKsgF/gx/wDiwiVTYXxxXZPPWLQcRUkg9ygSdXVQGfAIzxuoj6Cggw+5XGOGPu4PwoNX1J0HbMmS7ePo9HqKhsKMI/osXdR3iodiBiH4l9neXumdk/dZyT4y9EUDf9zp6mVw7BmVVVf9oRoaWW6wtLuxnZgYRLSTfSGqEl+MUbwUF2qfLNVOA+5Uqn6dmfgVDsj1K8jqPjl1dUOBpqWhph/hhyq+q+JPX1y1eJfnxB3aJmj9fVWtJZnom2z9YPd4+n6GLeeoiY3vqSlqui7YNVVdqVpHIDt/0XzdJcLnUyulrrxUvJ9ZeEJ1Vb4BmW4Q57kuyU3+FN8kenb5csH0JV/Er4b2sDNUZj/gZlU8nx8swBbabDVyRg4DyAM/lheFS32yR7mcTOHZmUFnVDDtT26peBx5dkS0uCvghH8m2ey1vxz6kk2oLXS04PHiHWf0wMLP3H4nfES5MLTcRA3t4DNB/XKwLL7e59qOyuyeDI1E8PrypwI6VkQPphUqGi1GuP4xRfPunV9R/fXmpOf8ZUU2mSZxlq5y97tyXE5UOKydQh2Lhdi0kbhvZSWdL+LvNdKx/r59karSGKaXo6LdSxOy6UY9C5Fb/CGbOdk98FEg6Sp2ESNkml9nuJU2LpWE7mlz93KKtBq3JDM9lYMuz+WUVl0twGllJI7H/wBDV7T9OQta1pjjAHbSrBlmo49OYx+iv4kFuRlorg1+0NDj/nYpMTKx7tTKfTn0C1EcFtgbmRrQB3TajqPpy2RF9RcKeLGwBcMlX8IMrEiphoq+UDUz9lMjsdW/cjGfZQ5/iz0RQt1Pucbj/gOVS1n9onpOmJFNrnI7Fir4mB8prWdNzP8Ar3UuLpZrWgmQfYrzCt/tLQYxRWXX75x/oqOp/tDdQ1oIorcyLf8AErVQXyxXZ7izptufPIMd9lIFntcI85HvkL5uq/jL13U4MLo2A/0gqsl+IPXtds+5zDPor+Mv5Iv8T6kEVjgOXPZsg1F86TpNp5o2keq+VpLp1nWby3WrIPo8obLL1BWDM1wq3Z3wXEhT40WpNn07P110TSnU25UwI/xBVtV8XeiaUb1sbiPQhfPMXRtxld55XH77qW3oKU41AbqfGTLfSPZ6j479IQk+G7UR6FVNX/aHs/FPFLsfTOV5tF8P2MwTE381Kp+hKLUPEgaMd8qfGglGztI11R/aHGMU9CXe5aquX+0BeJSfDt5Hp5SobejLazAEIUqHpS1RjeHKnxpE+O2XsC7439VzHLYImjsN8oE3xf6xeP7oDPplWjOnLUzcUwyl/B6UO/uW4+ynxBRrsXso3fFPrOT6vEH2THfETrCTltV+WVpW2qkwB4Df0UkUUTWgCFuPsrVeA9kn+TMe7rrq52N6vP5p7er+qyATU1//AJlqhQw5/um/oni2xbYjG6JQSJ8Zkj1d1Xv/ALxcP/Mhf7X9WZP8+4f+ZbX+Hwf90EVtvgz/AHYU2JE+MxA6s6tI/wC0XD9Sujqfq3k1Vw/Vb0UNNpz4TUvlKcH+6b+iBYL+PJhB1N1cdhLXEn7rv8W61k5fXEH3K3zY2NGGsA/JdVZS9FfGef8AzXV7yC59cD9yiuPVLm+eapI9HEreAZRBDwcBRY/RPjPPDQdRTuBIJPq4nKKLF1C/6njH3K9DEYx9A/RdMQGCW8qdeifGYBvTd4O737n3KM3pW6HGZRv6rchgyPKikAgadlM49EdZhB0jcSM6wu/7I14315W80+6Wn3U3f2AcF6MJ/s5cG7B37rgsd3H4yt54a4W7KZS9E2swotd4h8wcSUVtT1DT4I8f/mAWxLPNn/RE+X1DKOO19oXKEn0Zyg616rtxJir7g31AcVdUXxn6qpCGyVdU9o7SRD/NSBQR6tRjGTzso8thopnEyxZB7K3XW/Qt18F7b/jwHODbmC7J9AMLS0nxc6FqWt+eLsnnYLzOXpC0SHPgEFCf0HbKhmGkxu7EJb0tcuuBLr5PcI67oK9RNlpjA8OG2MIo6KslcNUVOwA8eVfP5+Gp1h8NQwkeoKJJ0Z1RRDVb7mz7CQof4j9T/wC4O1nuFX8NqJ27IG4x6Ksf8OIQdo8LyyG8/Ga1l3y13qZA7BJefF49NXH5K5pfjH8UrY6MV9rp6xjRhwfA4F35jKp6e9dSTBaeDWTfDOUvPh1DQD2I4UV3wuuY3hnY5Nov7Sdtbll16R8OcfX4J/zyFrLT8cvh9cAzxqo0ReNhJGP+qXKGoh2IaZiqj4cdSx/3J49HEKHJ0t1vR7sfIQOwcV7PRdbdGXGLxaW/UTh3BfjCt4qi3ynbST9kOJdtCZZizwJtR8Q6AYb8xgepOCiw9b9aUpDZYm5HdwX0EIaSQDNPG4e7QmTWOx1IxUWmmPvoCDco9ony49HhsHxO6kgcPGhjcPblWcPxbc4AVcUrcfbC9Rn6H6XnO9siGfRqran4UdL1IyynEZ9gpuqfaKVsF2ZKl+KdvlIBfKPzVvB15aakAF7887rtT8E7Y/ejmLVVVHwZr4cupqzVj1KqSqf4l76pezTU3UlDJ543AfmrWl6nA4qAvOP/AGedU0b/AOUTIBv5clFNB1LQDElNJkf4SlOODPKMJM9bpuoojG0vw4+oKsIrrRysDtePZeMNud3iwH0rxp/JWVF1FI7EbnOa4dikziDPT1vo9YjqKd58mDlGbJGAPK0Z74XmsHUrozjxM/mrSm6ja5od4p/MpYmema6Nk4RP43yhSUUTyNBGSqWkv0L3Br3HB7qey50riPOVeGJ+GUSWyjPLXbjtlO8OqaMPaSAhR1sXLX5R210p21bIwPjZwlw5am6M9kXxQ4bgLmWZ3CsFxaBGnA32CY6SoGPDdwpoigI+nf7oRjxwqwL2sAKqpby7hEbcnghshwk6L1CH4WOynRJQROinY8Ah6N4rRgZBVVocODhJ0krSMHP3QtgbC5MhcPROaqmKtcPrOQpTK2MjbdJzyVKOCWNk/wAQeijtnDk8PBTVyhEq8htXsuE5TElOwNmB+ojukXE7EpiSvBBye5o77oSdkIkyJ4Ky6dNW65ecRiGT+pmxVDPa71ZzqYTUQjjucLaBwCWsHYhHkdkxlNfIZHeHUAxuGxyranq2HBY4OGOxUi6dPW+5DJjEb/6mbFZWss16sb/EpnGeL23IUyiGrE8Upwdik+leW6mODvYLO0F7ZMA2YgP7tOxCuqeqYWgwPcD6ZVxm0VjkDOzOWSR5HcEZVJWdPsLzU0D3RSjcFhxutUJYp/LK0A+qFLR/iiOU6uwYuUZqj6pvtmcIrvSOlgG3iDc4Wyo7lZOoaINY+Kdj2+aN2D+yqJ4Q9pjnjDgexCztZYH0cvzdondBJnOGHAP3C1Qtx0Zpwy+Cwrej7rZqr+IdIuaI9zJSOcdDvsECivlNd5X2670Xy1SBgxyjGfsjWnraS3n5e/seANhI0f5q8uNmsfU8TawafEc3LZozv7bhbK9S1xIXtZ5R8QvgtYeqKV7TRQSB4OWuYCDlfH/xN/s1dRdJzOrbHG6emyS9rs6m/wDX/wBF9+RMuPTk3hV73VFG/wArXncs+5Xa6gtF+hI0xSNI9Mr0/ivO36DiHK/Ri1vjtPr4bb45f79n5Ny0s0MroJWmORhw4EcFRzPIyXwak7HYOwvu34r/ANmCz39hq7VTH5k5OvVj7cBfIfXXw06h6Kn8K70jhCXFrJcH919N8V9QafXLb1L9Hzfyv0vqNNzB7o/v2ZGaLw3am42HIRaO5mJ2md3GyERp8hO+OEGaCSLDns2PBXpq9TH2zxms8bKuO/HCNFBXRzDLDlGaQVl4ap1O8PYeOQraC5RTYA57rXGyMkcSdfPBNfwosmW5BGxUou1AHCFIwS7cKnyUuCjuFpjqsuiw1yz80T6eQxytwR+62MsLoznkH9lGqKKGsbplYD790qyBup1Di8PoyWncbppbjurKvtUlLlzQXM/yVdIM4WaUGzpQsU1lAj3UZ7Oc91JOyadOFnlHIxYK+RhB4QnjAU2UDPCiPBzwslleTRCWAI5KPSu0yA54QCMrrMgrPtRphPDyXcU2eBypLHnIVXRTAnS479lZB3cBZ5rJ2tJbuWSdDJjupcchJzhVccnCnRSDSFkmuTuUWZRPY7fAKdP9IOcqNC7BGSpGcsyqa4OgpZRGecOR4HZPKj1H1BchJyiB9lkTkDdVtQNNQ5w7qWwk53USsGXfdMQu/iORZLmH7KsnJbJvturOIANwe6q6/Gc47rRDnswat4imPzqZglU7hh7gTwVYxPOkZUOoAEzi0bFdKh7UeS8it0shacnOEZyBA4AozncLR2cdrDAo8TjhARYnABWwSQeFFm7/AHUokKNLx+avOAUAHJQ6k8J7knjKVJpjl0RQ453CLEuOaOyczlCMaC8hCPB+6KPpQX8FSaygVwyNMRqGEQfQgTfWn/gCQngagEvOFHqeyNJ9SjVPISpyNEOh1P8AUFaU/BVXT/UFaU/BTYAW9hH91wcLp5TSMIpLIhj3N1YWhoG6aZvuqADJCvqUgUzcpE454Neke15D6vdI5dsgMJLsZKkQDUQ0d1r00FF5Odrr98zb9IQuc0Oxs1bFmQFQdMQGGJpIwC1aIlrQPZdSPR43VvfNh7bH4tY0n2W8gbpa0DssZYWGSrGy2xOGgJhybpc7SQHNAOSFAo2Nrbq1jz5WHOAuVdT4EL5fQI3S1IWQyVcgJdIcg+yYJb4NDOQ1ojaduwXWN0s91Ejc6afODgbKYSAMZRmZ9nYsulDSpeA0Y9ECnA1ZRHO1TBjeyohMp949Z5QJpMOwN0RpDIsk4wFFJ1HPqiAGyuBeACpLyWwZbyoMBMtafQKUSXzeHwAkSWSAq+tbS0ck520NP5n0Wbt8Pg2+SukJ1TuLzlS+opPm5YrTETlzg5+D2Vf1PXstlmcwENDW4A9+ELexZNFcN8lFHm3U9ZHVXKR8ZyG+VVdqYaisaCNmlDlJe5z3uyXElT7FTPMrqgjyjZeX83qcQZ9g+kNE4SgjRsY3YAKdTtA5UKn3O6nNGAPdfN9XLOWfe/HVYXI2szHCS07lVwJU2tcThme6CAABhcqT5O5GPofAM74TpcAJ8DRv9k2Ub4RJ4eQ3XwRXO824TaqGCogNNUs1xyDDgjmLILscd1Emk3GyfXJ5yjm6yCUGmfOvxB6bk6evs8TGHwJHGSM420ngLLah6r6I6+6Zb1LanRQtaKpgyxx7+y+cpIpqWofTTNLXxuLXA7br3PjNa7a1GZ8e+oNA9Nf8iWIslU9QWPx2VtFMHsBAyqNrgWnA4UyhqdA0O7Fej012FtZ5W+vjKLLS70TUZg1NBwuOaQVvksGBPPDBJLuldAwiSGtgkUjK6hs+oI+idhRyitaMbhCj5CMCMIwW8HUgcHKSWMqmHFtPKJMLw4YI3T/C05IGDyo8Z0lTBhzBk47pE1k62nnuii3t9UZYg0jcKwDcgYWchdJBIHMOB3Hqr+mnY9rSDnUMoDt02ZikGB7KRgFo3Qg1x7J4yCjRsgMkiyOFEnh76f3Vls4YwhyQe3KqURsq0+iinicNwFDewPGCr2WnB3wqarhMUhxsMpTRncSrrKPUDgdlRzRmKTBGFrBg8jOFUXOic5xmYzOOQl4OXqaG5ZRCpqp0bm4WntNzDg1jiFkiS0kEcKXQzmCUPyceiovT3Sre09ChkDsHupsLtgs/bawTNDwVdxTjABCh6HTW7lyToyVNiOcE7qvjOVKhOMKHUgyPe+l6HqGn0O0w1A3ZKGjOff1C8wvvS12ss746ylc+IH+8bwvXw7bAKkGOnq6YU1VEJG8HUMqGPVeMq1L3riR89VdA10fiU7cEcj1VcYy0DIwvW+pPhzURl9ZZntkY7JMR2I+y84rbZN4r4ZWeG9pwQexCh5jVePsok1Nf9SryEkpqaandiQbdiuA5QHLshseDqSYkoLHpJJIQxiSSSSQSSSShBJJJKEEl3wkrC2Ugkd4z25AOAoo7pJEXJKttA1uJnjfsCrPAjA8qTGt0+UYTnDOMrdGO0LG1ZZFq5AxueCq07nKNVy+JKccDZBG6ekZ5vc8jmDJG2VNZHhgymU0Y+ohFmmYxuwVN4WQSDXTHPhNdj1UFzfdFlOp5cd8lMIykyluGQGpJJICxJJJKEBjlFaNt0Jn1BF7DdKm8EHDc4HfZa61UTKSkYCPO/wA7lWdP21kmayZmWtOGA+q0CFN9nQ09K7aHNGETbCGu5KNv9m+CWMCJOdikHHUN1wnCbgpg1IkjhE54QAd8ZRGNke5rGMLsqBxjKbxBcj04A5wOSt10x8HuquoWsqZo/wCH07+HzN83/l2/zXrvTPwh6WsGmeop/nKkD65NwPsEcYNnW0XhdRqpYl9qPFOmvhv1V1G4PhoDBTkAmaQ4H5L1zpH4OWCzuZVXeH5+Uch52z7L0RseHegRS0OA7I8YPWaLw1GmWH9z/uCpaSlpG+HSQNiYAAAApLeE0DCc1GuzpxpUPxQ3OUiAeVxq6nIPager2XefZNXWo2DgWn3TXy6OwTKmoZTxl8hDW9yVm6ipufUs7rdaInw0hOJqpw7d2hXFgylgJcr/AFlbWMtVjjL3P8r5uWM+5VnYOl6a1v8AmqsipqzkmQ7gH2U2z2CktFK2np/M78Tzy5WhjDQOyaDjPIidQ33TXYwulwQCfdGVxFHHHfATHkaeUi4Y3Kiufud1Bcmkss4XAE7KuuNdFAzz8+mU+43CGjj8SR2/YZ5WKuFe+tmL3O8o4CKMcmLU6rZ0Hu92lqB4ULtI7kKpycZPKdjfco0NO55Hp6rRGODg2TlOblIjxwOldxhWFPQMjw8N3UmGka1uogbJ4IGcN490Yh9A/Da0ABCqAGtznOEWWoDOcDCzN1vZlJpqbbHJRRhkw36mNayw9wuLIAXO7cKnFRPUSOkk4PAQWtke7VKS7vuUduAnKODz92ostlnJ3ATnEYzlDe/A23QtTndk2Mcmdt+zrzk7JBhJBTmMJ3wiAAIsFCa0AcJEgDKROAVQ3K65Jpqc5erKJNwurGPEUe5zglRY2OMmtziR2yh0VA5zPHnbl5RppWU7QD3S5fsROaOve2IE7LH9QdR+O40FA7U/OCR39k2/dQyV0ptdtJznEjx/kmUFtjoYwSxpkI+o74S5SyY7bt3EWEtlpgo2mokGqZ4ySeymkZXG5xuUncYUisiV9vLHagDyEx83AAyhnJOyJFEQckIug4tsTQ4kOIRxjHK5hrRhBbqL0IwJpyUVkZLgMrsMZdhToYg0g6VGxsYZHU1MMAkYXaqpbCA1oylU1jKeLy8nYAHdVbXSVL9R7qBtpcI44yTyEuOcqZBDoGSN0oomsGSN1Cut0Fvi8TVj2QTnsWQW8LcAvl6ioonMjdvxlYasqpKiTxJHZz2RKyukrZS+TjJwoT27crDbbv4Mk5SseZHS7I5QC53GUiTqO64sjfItRwJJJJCFHsKwZynxRPe7CdTwPeRjgq3paMRAHG5VmuqEpAKelzuQpJjDcY7I+lrAo09bFGME7qGpP4+wuogbjhQ5qo8bID6qaZwax2x2RYbbUSkOeC3KpRyLnZOb/wBPob4z5N8J4jfJw1ToLcW4yFMhpWMHGUTgHXTKf5sp2W6dxzj9lNjoXxtBep+nHBT8HG5Q9GuOnj+yC2DHZFbCMbqR4W+dP7peEfRWGq8ARG0dkvCxwpDYSSpLKbyg4Cg1RSIAiPouhjgdxhThCNWMI8cFOMGUfol8hYTIcRJOMKQ+SKnZlx3Taqpp4vLHFnCriZJpC955TYQbOXrdfDT/AIssqar8YloH291Mjo5dQc5uAVUROdCQ5oyVd0VxD2hsxA+6111ZPH6zVW3S3ZDsp2tABCOBhdaGuGppyE8N9lc4KJy5ZbyxDZOzjZcG6R5QAWP9BVwjPddSUFjkkklAhqSKkoMwCXdPuuhpHZItceyOMclGx1FIklLSR2XF8GUsn6n2DUzGUVNRKbRnnWDIHohFvO2ykpmn2Tq7cGSynPBDfE1xy4ccKLU2yCfLmgNee4Vm5gzlc0+66On1s6+jl6rxsLo4kjNT0E8BOW5HqEEM3AzuFp9APJUWpt8EoJDdJ9QuvR5BP8zyut8FOD31clOGtIXNHoFKdb5G7t4HbKGIJGuAI4Wr542fic1aS2r80RSwnsuhpcVKa0YwAu+GPRTIxQSAiHK6YZQMsRSHD8K61xB4/dKlFS7N2ntnS8xYBk08Tv5hyFPhqqWpaGGTBPIQTE2QDI5QnUTGHMOzkizT1zWUj02i+otTQtln3INU2OKVuqlfocN9tgVDbNcra7TIC5g9UR89yoSHlmtvopdPdKSsHhzjDu4cFgu076SPV6bymnthvpliQ6mulNUYDzocpzHuA1RuyPUKqq7LHN/MpXgH2KiMmuFudpdktHqsF2kS6R3KfIfGv9Tk1DK57BuVPp66J+A44PusvFeIJAPEbhylR1AeA5vBWCzSs6lWurmsxNXHUtecNIJRvFJI2WWimka7MbyCPdWVPdXNwJht6hY5UtHSruUlyXsUm2/b3UiGoJ2wqllVHI3Ux4+yM2Qg5aSh2s1Rkn0WhZFJyEOa3U0wwG7lRIqh/wCIkqQ2TShDyQanp1zjmLG6rKuxV0W4iyPVaiOoOcYRnSmbyyHIUyC6oyME6mngd52YXGVk0WzSt0+ipJQdUY3VdU9MUswOH4P2VqXIudTj0Z1tfnkgqXFLR1H1NaHe4Rajo6pDs0pzlVc9pvVE5wlo3lre7d01PkRtfUkTJbXTPJexuCfQqKbROCTHM4A7gKCbpNAdDy4Y7FSabqBgAa/cd03PGQf9Fia+40x01FPkDggpwuUPDgWkcgqdHdqaUAlw/NSBSW+p/maWZPOEvc88EVUpfgQI54pAC1437ImxTn2OnLtUcjgPQJjbVWwnyTbdtQRp/sYozS5Q1zO6aBkYJ4SLK+N+l8QeB6JeI3HmY5p7ghDJLspZGiMDjuumB7hkLviN7FGa8OOEOMdF5IwFREc+Gceq78w4jDhhSy9vqmmGN2dlQRF+ZiBAL910OafREdRU798HKjyU0zf7ndTIMlkkREszpPIwlHNNE7VHK4H7qA5tyYc8hOE72/WN0GEDtZZiqdICyaNj2nnLd0x9LbZ26TGY3eoUJtYO6eKljxlXtKyOfatQ/kSB2OAe6jOt9ZG3MkADR3aFKErmcFFFVNgDxNlGslZKl9A1/wBcex/ZRpLOwt1Rcq9LznJAJ+yG/Q8khuk+yrYi28meMdVSu1RFzXD1JUqHqa90pGl0px7kKzLGnkA/cJnhMPp+iGUFIpOa6Y+k+IVdBKBWRlzffdXlD8RYJ5fD8Z8J7HUVm3W6nlJcWjf2UGSywOeXN8qS9NCXaI7pxfPJ7FZvjD1FbHN+Uv5LWcBwyQPTK2Fu/tHdRMkDq6hpbiDsc+Q/qMr5nlo6qm/uHHH3To7jdqUgMJ/VC9JD0C7YyfKPryk/tBdOVz/lrhYaine9uHiKXXsfXIWlp+sPhLd6TTUOhaXcOq6bg+7mhfEjep69v1gkq0ournjGqVzT3GUiekXoLNL6k0z7SprJ0RWHxLX1ZBTPbjHylzLf0Y7/AKq6/wBmbvTwufbb/DUjGQ+qDjqH/MOF8X0nVpDR/PP6q5t3XFTRyeNDWy+4a8hIemZSjP8Apl/3Pqw0nV1IQ6SlpKxruRT1HH5O/wBECqrBGA3qDp+ZtOdiaiBj48/+FeGUPxz6yhb4kHU0ztXLKj+YP0Ku6T+0b1XE4NmfRSD18LH7AhL/AIkk8oa46hd4NrcOj/g5fdZqLZbYJXnzPhY6F4P3Cydx/s99C3Hy2DquppJHHILiJRj7bKy//GC6cusbo+pOkvFj4dLHJG7H5PaAnu+IPwTuDdNRb6imbzuwN/Tw9WfyRqmz2y1ZKH5p/wDqee9R/wBnvrOxwmos1WLuxu/8l+hw/wDCT/ksW6m+IFgmME8F1pXM/CQ4YX0ZbH/Dm4Q6+lfinXwu/wDkP51hxnjySY/ZSZunuqZGA0/XUtQz+p9tZIf/ADMcU+vdHtJhx1CfHOf8HzbH8QutLO7+ZUTb9qhp3/VWFL8c+oYcCooaabHfGCvWeoOnOvX0h11Vqqj/APRY3NI+wfj9lgLnZLtRyYvHw8t9W7vI2ixn9MonGFj5jgapS7bI8Hx5pjtcrLgH/u5B/lhTYfjL0NUj/ebbKwn+uIH/AKKiqY+mGeWu+HUFO4948sVa+19DykmS111PntG7ICW9LXP0HGdkfZ6JF1b8LbmQBd6JpPrG5n+YVpRUHQdwI+V6gosnsHN/1XkZ6U6AqASLpV0p/wDopwmH4Y0VSTJZeqWzM9c5/wBUv+Io/iT5X+j3OPoWzVgzR3CGUe2P9F1/wrcW5jcw5Xgzvh11VTY/h97iH/NKRlWEMnxjtB1w9S1RA/pqs5/VV/Fm+mX8rfo9cm+F1ez6Y2lRz8Obyzf5Zo/NedU3xP8AjRast/ickw7+Mxr1Mi/tC/FCkeGzUlFIRzmnwSkyovXTRPla9Gym6HvkeAKYHCjydM3yMHVQyfmFV0f9p3qmMYuPTVFN7tJaQrSm/tO28kfxLpCZvqY5tX7EJcqr0XG8jPsd6jORTvCb/D+oG/ieFf039o7oSoH+82erhI/wBynQ/Hj4VTj+eZ4vZ9KUl1WrtBK0xorbvSyaZTLj1Csae6XFwBZNV49itxR/Ev4N15YXXekBf6xnb9leQdWfCojMF7t3/lP/AEVfE/0U7lH0eZ/xava0uNRVjAymM6mvQIbBX1I/NeusuvQkkbJqe9WwNd9JwFKZW9Lkam3i0H0ywf8AVRUtC5apR/pZ5DHd+sak4ppq1w76RspjYOvpwP59Y0H1Xqr75bGnLb3byBwC4YH/AEQpupqCMDF2tp/+2gf/ALynxMH+S3ykeZjpnq+p/v7jVNz2LsLsPw6ukz/97utQAd8+IvQX9Y26I5NxtRx6vVfXfEyx0+0lTanY5/mD/op8TB/kWPhIz1P8NKXP8+5VD/s8qbF0FaId5IXzY/rciP8Ai70q0EONMT3MJCjSfGfpBn93DNIfRpRfDlF7rZeiyi6TsbMD+Dxux653UuLp62jHg9Pw/fCwtd8eooZCKLpad7Rw8zkZ/LCgz/Hvq6UA0PTtIwdsuyR+yH+O2Ftsa6PVorFSxAaLRG3/AMIUuntkTXgtpI4/fSvBqj4t/FSrlLhMIg7YBjMY/dCf1r8UqoAyXa44PodlHphU6Ln0z6NZbonY1DT/AMoCmQUkEeMufgfZfMLr/wDEuY+a+V7f/EhTVnxBeB/9cVxyf/o3/ootO2AtLY/yZ9XMhoACTUP+2ye2a2RbSVOB7lfJDj147+96jrD96n/0UaSk6tk3kvk7j7yEo/4jYMtDv/qZ9gGtsucuujPyedk0XWwNzq6hhAHYyL4zlsF6lJMtWHF3JJJJQP8AZeu5MjSp/EyA/HL/AJ2faYvvS7c6upKbPvImnqfpVg83UdtwPWpbn/NfFv8As1W/1NSHTtY05L2qfwyv+Gr/AJmfZrusOjc4PUtsz6GpZ/1Tf9qekXf/AGZtrvcTsK+N3Wt8LQHOBJQn0FS3hucqv4eS/wDhsP8AmZ9l/wC0vRztjdLf/wDdWf8AVQql/QVbIXvu9Ewnfyyt/wCq+P8A5Kq/oXDR1I3LMKLRF/8ADkupM+tJrf8AD9+XHqSBuP8A6MFW1dx+GtpYZJOo6OTHAI1f6r5bMTwQ3ScqTT0NSTnQjjpcBR0aj/Uz3yt+Kvw6t7GmmhZVnJG0WMLO3P45OIDbTZKVsefLqaM4XlptFScZblPZY6vAG+E6Omj7HquP6NXcPi31NVkeD4NOPRgwqWq636hqsma5S/YOQY+m5pAPEaVJh6Re530FMVCzwHs9opJbhJPIZamoe5x3JJyozquIvwY3OH2Wzp+j3AY0g/dS4Ok2RuzIxoHu1GqUiLCMMx1OAAyglcfsiNZXS4bDbXtA4yF6HHZ7ZHgTgbeyI8WekxoA/NEoJdFuTgefxWa81AwIC0H0UpnRF9qcA1M7QfQrXyX600jC8ysYB3zsFUVnxEtEOQ65wAD/ABKYK+Zeyui+GE8mHVlZOc/48KfB8NLNAAZqh5Pu4lVNZ8V7DGcCvdIT2Zuqqr+L9vYMQU1RKfZuVe0Cd8Osm1g6SsFL5WQtd+Q3VhHSxQsDKSjjAG30rymb4sXCo8tBbC13rI3Cgz9ddY1JwyV0IP8AQFWwre5Hsb4qgHOkMHpjCZI+kibmruBhxzqcvFqm4daXVohmuE3h9wSQgDpi5znVLPklV8aJlnskvUPR9LvVXuFxA9ckqFN8TOj6TaGR82nbyN5XmEHRj5Hj5h5x65U+LpJkRGHA4Q/GWotmtq/jLa4nA0Nlq5SP8OAoM3xrvsw00Nnjj95mKvi6dEbRjf8ANGFiZjBaf1QqGBqg2Qav4p9fVRIjFNEP8EeFVy9R/EG4k6rrOAezDhamnscbTksKkfwtjP7tufZEki1W2YCqoeqq1wdU3OqcRt9aA3pCtlOp5dk8nUclemx2nWB/I/dEFpOcmP8AdTCC+BS/I81Z0KHY1sd/5kdnQbG4On7br0tlqZpBwAU8WxoOdkG5FrTQMBD0NSYBc459FYwdG0bSDnj3WzbRMA3aF0Ucf9Krchior/Rl4ulaKPcd/dS22Kib/wAIfqtAKBmM4S+RYoGqkuimFvga0NEDMBEFMGjDWAK4FMGjGgLvy4/oCgca0UwgIOzURsLjgY/dW/y4/oaiNpd/oaFAlBeinMLjg/6rnyrvb9VfGkGBhrV35Ueg/RQb0UYp3+mUVtKTsWq6EDc/QEQQtA4H6KpLIBSNojj/ANU8W8q48Ie36J4iGeB+ioopxbzj6f3ThQSbaWhXYAG2hpTiA0ZaAD9lCYKT+FTf0hd/hs3oFba5eARj7Jb4yWAq8Mj4Kr+HTDuF0UmDhxB/NWRATXQtGS7A+6ii2BvIopocfT+654cI/CjOfFHu94A9SdlGdc7RGMy3akYP/prT/qrVTFSujEeI4ScaU/5aL+lVk/VnStN/eXylH/iyoUvxG6Pj2bdhIR/TG7/or+BlK+HtmjDI2/haEtLPQLKO+KPR7N5HzyY/pYgu+MfSDRiG21kuPTSh+CXtFS1VUfZsw0E4wpEYZj6QV55J8a7EwkR2GqP/ADPA/wBFEPx1hBIh6bjP3ncijpZy6Qn+fUeo+HGfwN/RLw2f0D9F5FP8ebkT/u/TlGzHcyOJUGb479VO2gttDGf+TKL+FZ+gZeQrR7ZoZ/SEtDf6QvCJPjd1zJ+ChYP/AKTlBf8AGHrc8VcDc+kLT/motFY/QqXlK0e+6W/0hc0MPLR+i+fX/F7rwA+Hd9H2iZ/0UV3xc+IZz/8AXBOP/Cz/AKJi8fYA/K1Y6PowRxk40t/RE8BoGdIGV8zS/FX4hvIx1HP+ibJ8UfiJt/8AXLP+iJePsEvy1eej6dELTtpCKKRhHZfLA+J/xE5/2kn/AERP/av8Q8Af7RT7ewP+YRLx1rA/4vUu0z6j+Tj9Autoxw3GV8vR/F74hxHUOoZj92N/6KdB8fPiZSYH8WimH+OBv/RF/wANtRP+MU+0z6XZQVGC7GwS8INO43XzrB/aR+IERy9lvk/5qdTov7UPWTP7yyWuTHfS4Jb8fYV/xjTH0G2VzAAM/qmOqG4Otmoei8G//Gq6s0//AJt2z7+ZQI/7SnU81Z4lxs9smpz9UQje3P5lRaC1dFPy2ml7PfpH2dzTHNb4znnYKunsPSlXnxLe1ue7QF5pSf2i+m5h/v3SzYcf93KT/mFb0Hxz+HVwmENQ2qo88Es1A/uFf8G3tkj5DTS9mmm6C6aeQ+luNTT+oa7AQT031HQOP+z3UUjWjdp8Zwx+gK7S9W9CXebwaHq2ka7GdMp0H8t1aGjDmh9HUtnYd2uY7YhC9I16C+emXKY6l6x+L/TkAcKoVzBsdRLx+mxVxR/2g75S6W3qwRsfjzBnlz77hUrqi9wNGCWsbtvuoc13u7MiVsbmn/DykPSwfZLIxPQ6H+0f0rjFyo6mB440YePz4wtdbPjD0HcQzwr1Gwv7P2wvm640rLgXuEFNBkfhbpJWWq7NXRHLQSB3b3S56CuXQidUZ/ifdVtv1kucOu33SCX1w7hWDITIPKc5X58Onu1tmbLDUTQlvvjKv7R8aOvrI5opr3NhvI1HcJMtDJfiZ5aZrk+6XUVW3djMj7oE1PUAfzaUOHuvlaz/ANrDqu36BcaSKo08E/8AzF6XY/7WHSFZC0XhohlI8wztlJnpLI+hcqrV1hnqMsFpf/2mg3HPlUCWw9NVb9TWeG72bgplm+KXRnUTWOorjROEg2HiguH5YV46nt9WwSjw3xu3BalPSyZSlZH8jOu6Ls8n90/f7qDL0TWRSO8B+Y+2Vp32m3zHTT1Ekbh/S7CjzWe8sGm33Vzj2bMchI+DAS1LXszhsV2pSMYcAmn5+mOqaJ2B6K1lb15RDxGUdLWesbX6XH88FDb1W+Af+/rDV0w4OGB4H57IdmBnyKRBZdnREa9QHqVPp74HENLnfqpEN06UvR+WikY1xGQHDSnO6aoZ2FtLMA9vo5XtZSUAkd2acfzHfqp0dzYQ3lUn+zFY3/jIXgXOjeWaC4DhVjALrT6NbFc49IyCjx1rHnyhYgXeWnkAqWOA4VpBdoHsDmyjP33UAlQkapskcmwOD7rpia/hUVPXOcA4OyD3UptdKMboJtpCpUP0WJhaBwg+GHOw4bJjK5p/vDkojJWnfsk7mBskuGc+ThxkAgoXyxbnSpOr9ki7HZU3kH48kRz6uA+Vm33UinqydpBgpzpNWRhA8IOVFfCTm1LT9O6M2TUM4VS+CpBBicNuyeyepZhsoTBM6y1yPVdUGKo1EAkqWx2RlTLFuthyRg7hRiTlOz7pZwoL2tHclLJXFzIRZIEzlc55TUlMl8lXcum6C4Zc1ggk58SMYcqCpoL1YpfHA+ZhHdnOPcLbLhGeUWC08GUoL9TVjQfpPBaTuD9lZNrSzBjdqBTbt0rQ3D+bABTz/wBbPLk+6zpffOnpSLjTOkpRzOwamgJqlgNGtZU09QA2QAOKbLRtxrb5h7Knp62juTGvpZmkkdipcVVU0xAJLmok3kHGQNbbaapBZPA1w+yqW2252aTx7PVPa3vETlv6LUMqaWpAEgDHJstG4DVGdQPonb8FbUyHQ9XU1Sz5O9UYY7gkt8pTKixQhwuFhlZh27mA+UpVEFG05qo2j1yF1lBXwgVNhnaG/wDcu3jP5LTXfJPsXKvByGZlTGYZhpeNnNPIKynWHw5tPU9M+GuooZ2uBB1MBz91q/4pQ1Lvl7pTmkqR+MDDSfYpzXlmwlDm9iV1NPq51fdB4YrYnxJcHwt8YP7MVZ081106bDpGFxLow0kgf9F891NPNRzSUNfG5paS0tdyD6hfq7cbfT1rCyaJrmkYIIzleCfFv+zdZerHyVtupdNU4E6843/IL3viPqfGK9SeX8n9N1WSd2m4b9ej4NqKJ8LfEY/XH6+n3TaeQs3C13VnR3UXQt3ltN5t0gpw8tye47KgqLdTvaZqIuOOWHkL6LpNXG6CnB8HzPynhpUyb24a9f8AsFpLmNIjl3xwVPbI0jOeVReDA9uWyBjx2KdBVPik8Kc7cArqUy3HmLqdj6wXDjkHJyFCc4sOMI7JQdid12ZrXtyAj7E4wRZI2zDDttlTXG1gDVD+eyt5QWHZMcQ4FucJc4YGV2Sg+DJTwOhcQ7ZABPcrUVluimBJG+Nlnq2ikgd5xgdljsjydOq3cuSK/hRZWgb4R3ggg+ibIMt2WacMI2J4IZAyljCcQcpqw2LDHxeR9OcPBCto3AjBKpmcqbTvO2SkPk3aa5weCxjcSQVOjccDdV0ZyAFKacLHad+i4sY3bjCkNkyN1XwuIICkDfHZKjnJ1YWcBKjcbeiDBs45RHHy/ko0Z8x37pgW7BYMwe6ZVNDos43HC4zGOV2XBamxRJy3IjxvOAMKBcWk4IHdTDhrsKPWjU3jKfHgw6j7oNEGM4GPugznfKcPqQ6j6VvqeUeT1n4ZORkqQcndRIvrKmg+UYWuMsI5U0DXGuIITjjO3CYOUQskBzsYyhv+nKeOE1/0K5dAojO+sJ34U131hO/Csr4YxAH8pzPqC6/lCVjH0SgRjlAn4C4HnKTjs37qn0Lj2RJPqwifgQpc+MfRF/AEo0IjSDzKNUbkD2UmT6lHn+ofZIlwOiOp/qCtKfZp91V0/IVrB9ATq+VkGwceUh9QSPKQ+oJjE+wrBlzR7q4Y7EbQCFTs+pqsGk6G5QY5G1z2kpnKnW8Zq2DtlVseTsr/AKcpWzVbdQ7j/NbqI+zh62xttno9pYGUjMDBUuVxwACgU4DGBo2ACfnJ5WxHnJy3PLNR0nCHEuczJxsVpzv3VT0zCI6dhI5CtJTl2xTF0cq7mxlZ1BMWQxUzN3zyBoC0ceLfa2gN3DQMLK0hbcupQJRltPs0dvXK1Fyd4mim/E52MeiaKnEn0A/3UTOG7t05zyHAeqdtHG2Jo2Y0BDjfrkAxwiFE6E4YTnCVMS6p1FCJwAOEemAzlQWGq5MR4AUJ82GElPqJPEkwD5WqDXPw0R/1KslEq2HW51QRupBmawukdt7psLW09K1jfqI3VfdpS2ldFH9buFf+SyFSOFVXT1unbJY3KxvxJuLXxMocHU47Y+62zGtoqLXxpG68iv1wkuV7nlcctiOGrHq57K2zreI07v1KKiQlpbGeVp6GJrKWMNGMjKzTInVlzaIx5RsVqoyI2hobs0cL555rVNvafoj6T8aq4fJJE6kaSVOGMA4UWiIMYfhSXHAzyvG6iXo+o6SvESBVanVAHpwnsbpA3Q3ZdJq7lGhByM7rFKWDpwXIeAY/RNIycI0QGk7JjRvn0QKWTTtyhsxjhpXl+xdwqaR4G+FOvcvhiNoPdVesSNxldPTw+1M4PkJr5No52HdxsvHPip0aad5vdNHjU/8Am6Rsc9168Guzyo92oIrpQS0MzA5sowPZdPS3umSPNeR0kdZS62j5ba7PZHjJzt2U7qexTWG7TUkjSG6jp27Ksa7BJwvaaK5WRUz5VqdO6JuufaL6gq9emN4H3UuaPIBG4VBFMY3DCvKOsbM0Q43C7NVmezi3VOMsoGWEJ2MgKQ9gycDlBIwU9yFpjEkkkYQ9cydgupDlMTwVgLHwd0VrfUIUKmRtBHCsfUsguDnCI15GMLvhEbhIMLeSkWHQq+0lQgPxlTqNzonjA2HZV0XkAAUuF4DwcJJ09PLJo6aRso4wnvaAchV9HPjAVgMOAIKYuzq19Dm7Lpbq2TU4HKj/AGa08g5YByAq2soxIfp5Vw7dCMWQdksqVaZk3xPieWuGwK49ocOFcV1Hqy5reyqNGl5BPCBoyWVpdlDXUhjlcWt8qjRnv6LS1NIJo9IbuQs9LSyUkpY8fY+qXg51lO2WUTKOvmikaGnZauguHitaCd8LExbOVvQ1nhObq4QSlg16e5wRt6eXIByN1MjcMBUFvr45QGg7q2ikOBnhUju0XJpMsmuzuCpETsEbqDGeFJacIzowkmWtPLnlVt86Us9/YfmKdrJMf3jBhyPC8tIUhs5GNlA9kJ8TWUeR9QdBXS06iYDPCNw4D8Kx1RbG6iY/KfRfSzJhIBndZy+fDuw3lrpaaEUlS7/iM2BPuFDjavwcbm5wPnt8UjCQ5pGEw7crddS/D/qCyuc+ppfEhGwmjBcw/mshU0UjCdTdOPVAeS1Ohs083GSIiS4WkHC4hMco4HJJJIJRyW0JJJJAUJJJPiZ4kgj9VaW4g+lppKqURxj7n0WjgiETGsaMBoTKC3iki3ILn7n2UsNA2WmEMBxjk4BjZRK6oLQY2HBxujzyeE0/ZVMz/EdkFPSAtlhYQIjfCPBFkglDYC5wAU+GEho2RvgRFZHtaGsOThVdXOSSM57KbVyaWkDbI9VTkFzyc5SrJrbgI4TnlJJJIKHJZC5nOy6PRW5YDGpYKbpTS8BLc0iBSQ0IlJBLX1TKeMHLjzhRS50zgxm5Ow3WtsdqNCxs0jv5ztyMcBBnczRRXueS1gpm00DIG8NGETT7ogdr3SVnVrikhiSmUNsuFzmFPb6SSeQ9mhbyw/A7q25ua65iO2xOGcv8zv8Ay7f5p0Y5Ojp/HX6l/wCmjzfurS1dLdQXybw7TbH1OeNK986e+CPSFnLZ66D+IVDRs6YeT/yrfUsMVLGIoImRxtGA1gwAjSO9pvpmc1m+WP8AB4r01/Z9r6hsdT1HcBTNcMmGIZeP/Fnb9F6xY+hununmNbbKGNhaN3FuXH3JKvWuAOMJ2oFE1tPSaXxmn0sMRjl/tiGWjGV0glLOO6XPKapY6RvjAJtnKWR6oW/qk1xLgoNjEKkkOElAugSSSSaAPUSvr4LfEaiqcGxt5JKbdrpS2imdVVTw1rRsM7k+gVTb7RcepKg3K/xeDSjaKjdsT6OcPVNSyJm/RDEdx6zmJY4wWsHykn6/0WyoqSCggZSUzA2Ngxgd/dGZCGYOE/T6K8CsMcG7cpHAB3XSQAVFLtzuiG8IT3HPKC9zT+MJSO2UR7sHKYlkRZYoLLHzyOaVVVt1ipY3Oc4E9gnXO5RUcfiSEbDYeqxNfdPnZS5oIH3Towyc3VaqLjtiduFbNVSmR7yQeBlQwHu3wQjQwPldwrWC2AtBLU5QOZKTfZGo6HW0OlbudwpzKVseDhSBGBj2XXEDIJ4RpGab2gXNDcAKsuN2pqDVh2ohRr3e2U4MULwXdyCs64y1cnivO3ZNVeTla3VKHEDlVX1tfOZBIWNPZOhpfxuOSeUVsTQzZoCYXjGlaIQwcO+bt5Y2bSzDQEJ5z7J7hk8rmn3RmRgwC47ojWhuDhdwG9kicjKhQ9z2gDDUMy7bjH3TJZvDGcD81nrheJa5xpYZNOnkhD0DKWAt3uzpHfJ0bsnhzgmUFAIx40wy49123W+NmJZDknco1fVw0UJkkIxjYKm8C5TUVljqirjpWanfosD1B1LUXOpNttp34kkB49gg3a+113lNFQEgvdhzvRqnW61wUMQaGh0nLnHklJlLczDdbnhCtdsjo4w5wzIdyTzlWBGVxvddPCJQzyKjE6AANyo73Z/Ncke4nAzulEwk5Kvokk88B4Gc5CNgNGyY1uy6fKh/IfBfsY8OPCLBDqICcxhkOMKZDCBjA/NQbGORU8OnchFqJmsZgJ7sRsJCgazM8nsELWRrSSBSap35xwpMEIYMpzWADhCqqqKkhMkjsY4CrImT2rLGXCuioojJK4DA2HqsDdrnJXzHzHRnZEvN3lr53ZedAOAqp7tPByseosz9qM9lm7hDc4XDwurh4WFtoQDPK4unlcQyWQxIsUDpTj1ToKZ0rh6equqOjEbWktHCtLI+qG85Q0wbEA4YIU12kNGk5wmyaY2HG2Aq58tQ92IzyrNO74+EFrKss2buSokNFVVkmp8WGlWFFbJZpBJMNhvurqNrIx227YV4LX+o8lZSWyGlIe5uT6FWIO3CZKNZGNkgQOUyMR8YqPCEXjPC4ujdIMA3UZohyuRyeuDHCIkTTfQ5SwcAA7J7CAeF06WjLnYCEaqmHMo/VC8InzQRJAbtgYRGquku1BD/AHkyjtvoqnllK06R3KOFe8VZrKoLOS4OBvqGyjVMrzs04CEyV7xqJO6eRlbKtN7Zwdf5eUv9OngEWl31BIMxuAjeGfRLwz6LUqEjgzm59g8BdTkkezAl8kulur4GiOUamjv3V/TvjnjEkbwQQsjKeNkSnrJ6d2qKQj2zslTg2KnTk1xZnuk1vuodDdIaqManBr+4UwODkpxZksg0N0+6e5M1eycgSwKHJ6YnoghJJJKEHYCWAupIyGw0eyYpCHkHlfn5WJn6uwDTEfT7phGEWULlHKBrhG2U7BSwUwW45YIj0XMFFwFwgYRKwBw4AJEAp55SO6fG39meVCa5BFjTnCD8ox5455R9KQGO611aqUejBdo4WcNcEGagwP5LcoJilZ9bOFbtTXMaR5hldGvWPqRzbvEVvmBTOw44IxhJjGjfKtJKWB/4MIfyfoVpjqIzObLQSrfBXOGMYXMOGD6qcaYnO3CY6It/CmKa9C3XKHDBtyW4cotVQwS76dLj3Gyl5A5KRGVOGMqk4PKKlouNAQ6N5kYpjLtDM0R1MOCechSwAOVHmpWzcAA+qROnedfT+UuqfL4HmloqpnkDc+3Khz0VZTEvgeXNG+CmyUlRAfEp3EEds8osN4fEQyqiP6LJbpH6PQaXzNbWJPDB014fG7RURubjurWKrinaNMgyfdKJ1quDMOa3Ufso03Txc/VBNhp9CufPScnoKdbYuYSUkWMD3McHNP2U+nub2HRLjHqswRc7adLwZYx+aIy8wTEMf5HdwVknpXjg6tHlI9T4Zs4a+nkG78KW2TVhw47LIRPDgCx+cehU2muNTBsCXt9CsdlDh2dKnWRmaiOYkYwiseQeVRU97ic4NmjLfdWbZo5cFkgx90rH7N0LVLosmvJGQUQas7qCx0jSC12FLjqJHAahnCWPUiQ0u53/AFRBL/UzV90ESjjSigsIB4UywnFT7I89qs1Y7xJ6Rgf3wFRXH4d0FY4y0s0jM8BpwtKGZ7ogJHBI/NA7ZLoB6et+jzur6Av9M/RSPErOQTsVSyx320VGiSGVrh+hXsTamVmGuGoe54TpDBKNMsbSDzkZRRvmuxFmkz+LweQx9R10Th4wwffZT6bqqKXDZTkj3W/r+len7k0eLTtyONIwQs7cPhdRSRarbM5kmcjKbGyL/Ji/juh+LyQIr7SOwM8qW19JVDOA7IVNWfDq/UjtMQM22Tp7KtNDe6FmJY5W6TxgonKL6YDtnD/ciaaShp3EFrcfmm/w1pb5H4WYiu9XH9Ujhj3UpvUMzcB+T+avjtFfPCXrBbPo6ljuMj1ymOM7BpdHsmQX+N8Y1HdSo66ne3VqG6nIacZdMBrkH1NKXzAYBnZS9UD8HI3XTSUrgMD90DWQ+iIKiF2xduuCmhm+rupn8Op8EgbhANJNkmJUHtWCLJaonbsySoclvq486Tn7q3bHVsPnIx6IpkdtlqJSwA6oyM6WVsJ852T46tw5/RX4ljyPEjH3wgVFvoZyX6NJP9OypSyA6X6K5lYB9WERtTAfx7pSWLW7+RJj/mKr5rdWU7sOjJA7hEKlXJdlj4rD32TvDjdu0gKodJNFjW0jOeyK2qcADnBUST7Bc0uJFj8vO7aI7IZiqIt3RZQGXKaLHmUll2JwC9FJYB3Rl0MOoDdmPumksdsWhSBVRSHzDbunujoZcaRkocMrggClpD9TAgSWekkcXB2CfRWr6SldgNBB+6YKB/8Aw3KsZLxF9oqv4I78E7gEJ9quNORLSVRc4fhzyrd9NcWfSQR7oLjXxnLmZVbUXiP6K3xOoIMF0WpvfBTv45Ux7TU8zT64Vn8xUAbhM+b1HD4w78kUa4sijJv7WRqbqNrn6HSPZ/zbKc27NfuyYH80F8NvmH8ymbn7IBtNtccklv8Ayuwp8KQe62C4eS0bVTSDIcT6JMvN5oHh1JXTRH2cQqY2ypG1PdJWNH0gphk6ipn6WltQBwXKlVFAO+xfkbGk+JvX9tYW0XUFYwO5xIRlXFF/aH+JVBMJqispasek1Iw4/ZecMu17iOZ7QHgf0KUzqaldtW2qRhHOAoqolfO5dnrI/tO1lVht96Ks1SO+mJzM/plJ/wAb/h5XjTX/AAujaD3glx/oCvKo750/LxGxn/0wJrv4FK/VHUtBPYHZXKiL6LjY17PVo+uvgXcs/P8ASN0oPQxySO/ycnPf/Z6q/NSdS3i3OPZxlwP0aV5cKGjIyyTIPumPtkEvDsYQfxwvna6Z6tFSfCY72/4nzsI7Taz/AJ4UynobRJtafiZa5ndmTtb/ANSvGX2gNxpBPuuC24GM4VPT5GK+z0e4MsfUz8CO42Gt9NEwaT/9SiSdPdWho8Tpymlb2MUocP8A71eDmlqoXfy5HN9C12FKpq6+0e9NeLhH/wAlQQl/xBkNVZHtJnsM9grc4q+nCCOdMWf8kF1ltwGJ7Y1n/PHheYxdbdaUhAh6kug//uDhTm/Ff4hwNAHUNQ8ekp1IZaXAz+bF/lE3EvTnTkvMVMCfQKI7oewPP8t7t/8AuzhZiH4u9aE/z5aSfPeSDKlRfFi+H+/tdpk//tsf6pUqJr8S1rqf0XD/AIf2gHUyWbPuVz/YaIH+XVvaOyrx8W61oGenbbn1YHN/1T2fFcuIM9gh+7ZnJfw3IatVS0WJ6HqdOYblL9tRQh0jeWH/ALW8/wDiQG/FOAcUD2H0Dsro+K0AJJpJRj0wVSpa7J8lcvZLHS93OP8AepP/ADIjOmq5m5wT6lRG/FigdzTTA9yWp/8A7UaJ27Kdx+4Q/C/SBzU32SzZaxuASMfdIWUba4R+qjH4kRu4pIx92rh+ITX4Hh0h9jsqVE/0HCdUPZYx2xjcZpwceqN8qxo3o4wB7KrHWksm8VNQH/7d/wCq5/tPc5P7uhpP/Of+qn8dr0E74emWu48ugDHbC7oqgR4cYH5Kq/jV6d/8NTj7HK6b1fvwxQs+2ES0zKeoRbOjvBwYmcJv/wBcQ2MuFWNunUBBAkx9iEL5jqGY/wDai3PfIV/xmD/IRdZvxBzL+6GG3sk/zSfzVQaa/O3NyH2MgTTQXo4Ml1Y1p7mQKv42CnqEW74b08AunjafdyBJBeCdqiE/aRQ3WyVwAk6ghB95V2OyxHHjdSQAH/6IEXwgfOkSBHeBzKz760vl7qf/AIqH7eIufwu0wgGfqeH3/mhEjh6QiP8AM6oiPqQ5T4gPlQI090b9VQwj2dlcEVVw6Zx98qc2s6Cp8GXqTWR2D0j1b0BS/wB1VzS49sqvjC+aK7IopHkglzsn81MioZXgANduo8nxQ6Poj/u9BVTO9RHkKJJ8bIIz/uVnPtrjCv40T56/2XsVhrJd2tP6KdB0rcJtpKcnCw1T8b+onbUtvpo/Tybqsqvi98RaoYhnaxvbDOFPjQMtRBdHqreiqhpBfCxnuVMHTFPC0Onqqdg+68Ires/iPcSBJcpmj/CMKvlpOqa4657nV5O58ynxg/K30fQz4em6IZqbxSNwMnLlDn6w+HluGZeoKYkdgV4PH0XVyYlfOC925LuUeLoCIuzO4Y9lWwF2W/0I9dr/AIw/DygjJhqHTkf0N2VFU/HuwMGKKiqXHsNKx9P0Fb4xkfvlWFN0jQQbtaEcY4LhHUSJ9T8c7pN5bdasZ/rbhVFX8Vuta7aKjY0H0CtoenqVvkMbcKZHbKQbeGNlWEPVE/6mY2Tqfr6v+hxbn0QH0/W1dtU3CTB7F2y3zKWniOWxgFPLY/QIC/43PLPP2dIXipeJKmt1kd9ZypkfQbDj5rSfzW0DYxuGhMLweBwpkOOmgu0Zqn6FtsO/hNKnU/S9tiIzAP1VwC47BpRWUtTLxHgHuoMWlr7wV8dotkXEAKN8pSjAbAw442Cnstcuf5nf9lLitcTBkHKFywWqUuir8NgADWhqM2me87DdWrKSFhyGDKeImjgIG8BKpFb8jM4fTgJ0dFh24wVaaSBhN0j0SnPAcakiMykaBwnCkGdtlLSHKreEoJAG0jQF1tKGnIUxn0hJyikEoAhC4bAful4bvT91IaMrunHZEMVZH0eyJpH9P7ojY9+MorWjHCAjhgieGutZpOcKR4Q9EgxjTknChW1AhGR2XRGc8YR/EpmtyZWjHqVHdcaBn11Uf5OUJ0FEQ9F0RjOQoTuoLTF9VbF9tSjv6ts0X/HDlCFuIwNgn6R6rOzddWiPYO1H2UGT4gUTfopZnehxsoWpYNjkDuF0b8LBSfECtkOILazHYnlR5OseopP7umbH6YChW9no2D6FcO3K8xm6h6tmH966MH+kKGanqiod57hNv7qE3s9WkqIIW65ZWtb6k7IUl96fgGai7QM/8WV5NJYLxUPMxc97zy4k5Uap6fudO3xJYnOH6qxUptdHqNV1v0zT/TXeJ/yhVdR8UbTC3VBRTTZOBggf5rzLww3YgA/ZMczAwE2NbfJjt1Vi6PQX/FuTGKWxjPrJIMD34/ZVVV8UuoJ8+HDTxemGrIiXHZDMzT+FPVOUZLNXZ+y+q+u+qqni4iIejIm5/XCrH33qCYky3qqf7F+ygPqA3shukxymRpMr1Nj7YWR75nl8she525LjklBfGRuX5z6lcD8blMe4HumqoCV8vY8EdimHOEMOy7AOU8jI5RqtIXZY5A3DfZCRXYzuUNxa3sj2ZB+QZpPouFme2F3xWg7BLxB/SmQryJmDMeeyboA3wi+LnbC5sUz4igBjPdc8P2KlBjj9LST2XRFXn/hHH2RqrIvCIL4i0bIPy8oOfD2VsbfVnB8BxP2Tv4dcSNqOX9Eai0XgqfBPdqc+HjCtW2i4H/4KX/ypGw3NxH+6uARYK2plP8v7JCmB20/sr1vTdyJB8B36KTH0zcdv5JB91MMp1bjN/wALkdjQMrhsdSRnSFr4+nLkAABGPuVIb07cgRiaJo+6mGV/HT/IwZsNUDx+y46x1LRkj9l6G2wS6QXVUOfuunp95GDVQ/8AmU2sF6Wt9nmhoSx2CMFcdRL0l3SUZyTLD+qCekIiSBLD/wCZXhiJ6NN/YeeMpc9gk2ne38K3knR7WHIfGcqtn6eq4nFrYgQOCEW7+wqWisjyjM4e05byp1uu17tswnornJE8cFpOylS2WdmdcZG2VHFIQd9lSrjN8oBRtqNpY/i/1ranNdLcnVgbtpn8w/L0W9s3x+s9U0w9V2EMbx40DtTs/wDLj/VeHeEWnB2yk+MnBSrdDXPnoZDX21d8n1Rb7v8ADzqeCM2m80zZ3jaKc+G4e33T6zpmelBcYWzQu3Gnf9F8qDW0jBP5FbLpz4rdddOSh1De5TE3YRSHUAFhs0Ml+J0NN5OMn9/B7BWdP2isDWSQFrhzkrN3L4XSyB1RQS5HYY3U2zfHKy9QRiHq6zBkuPPUwO0u45Wlo5IqyAV3SF8bWw41fLTP87PzSfgsi+UbnqK5rKaPIq/pO7UEpZLTkj10qqfA+ldpe05HOy9nk6lkhf4PUNnc2POC4s7/AHQJT0FfJHQNkZC93Gto3SsN9lxVcv6sHksdfUQY8CZzB6tOFrbF8U+s7M1jKK9VHht4a+TVj7K6qvhhY6oukobg0DkNDsg/bfZZmt+Gd9pKh3yUoezkZJS40xn2DOtv8eT1Oy/2mL/DCyO72tlW5owXtk0OP7FegWT+0H0rXeGKueopCePFjJz+mV8tTWjqO2tLqm1SYGxcBkKF/GYonBlQXQu9CMJVmji/xMlkUmsn3haet7Feg0Wy9wzSEZ8PVg4/NXIuHiECVjX/AH3yvgSnuMmRLSVrmu7OY7cLSWz4o9cWPQ2jvtRIxvEcxEjf0IWSWhl/SVGv9H2hW2SwXiEsrrRTHnzBgBCqf9jaele02G7VNJp4aHZH6L57s/8AafvlC5n+0FpZVMGxkhOgj8sFb6xf2lOi7hhtTP8AIvPIqm4b+TkmWlsj2g1HaeiyTdcW0+GKaK4sHBZs4j3/APmLsXVUb3CnuluqaScbOywln/m7rlj65tl4Y2e3XGlqGPGR4MmVeNnhq8Odok9nAFZZ14eGU7MMgRSWy6gtZLFJ7E7hMl6fhzpbHgeyLV9PWqqfrZGaV/JfCdKCaS9W9ui3XSKsjb+GZ/n/AFSnWyK+BEns9ypf5tJUFwG+hyY26XOEBs9LsO4Ks2Xeqp9MV1t0sJP/ABA0lh+xU+GajqmjQ9jie22UuUXgL5E+iopr1SSECaTQ/wBFbU9aHgFmC08FRaqxUkrzKIG5POFWSWWqicRT1L2s/pJOyS44ZG0zUioOASMozJw4DhY0XC6UZ8KdrnNHBG6n017hewAlwd3VYyLnDPRpMhOYcZVPT17pN9WVOjqmYGs4yqwL2YJ2SmubqGCmxyNeMt3CcXY7KANfsBLE9v0lMbUVMRxyFJdIHbFvC6+NjxgtVi9uRkde0bSHco4qA87YUSSkbywboOmWI7t27KgHWi3a5pbsU3JzgKBFUkDdGZVjYKxLqw8kpdGyC17TwU9UEohQ/snjB4Ki5HohtdIXbSYARKWQHHJNyPVInI0k5A3wgtdtuUtY9UzcgdrM5dOjfMaqwTiln5LNWGn7BV1NeqqllFBfovAmGwfjyu/Nbc4J54UettlBdIvBrohI0+2/6q/k5wGuCiAbK0SQyNc08EFFirqilG5Lmjsqyv6Su1pc6exVRmpxv8u/kfb1UW29QwSyfLXAuppRtpkGCmJ57IaCK/dO17hRVFZFHUuB/lv2z9ioktDeLVIaq1ztmpeTFncDvhV946Ws9+YPmIWA4OmWMYe37H9FAoIOt+mqhrIaiO9WkHzsmaTUNHtv5kxSI0a+OS09RUwYHMMg+qOTZzSqiqtl0sLzLSQ/NU5PmY/JLfspbBa69onijfS1B3Ixoc0+isI6yoYBFVP1sGzX/wDVaYXOIiSSKmkuFLXkxtaYphzG7b9EaWn2IIIUm4dP0Nx/3iCXwaobtkacbqmFyrLVKaLqGJzS3ZsrR5XDsV0aL12xeF7Mx138L+neuaB1FeqIOO5ZKwDU0/6hfEnxb+BPU3w4uD6ylgfU2yRxMczW4Glfos3RNEJYXCSNwyHDcKjv3Tdvu1LJSXKkZNBICHNI9e69J4vzl+iajF/b+jm+Q0ENbHD4a6Z+V1VQsq/PGdEg5b7qA4uafBqGkObw7C+n/jZ/ZyqbJLU9QdFQmopw4ulpg3ztB7/blfOcwZUM0viBPuNwvqHjfNR1WNjyfNPMeD22Zl3+/TIcVTowAVKbUEgZVVUwTUmTgkYyFGp697nYlcvTV3xl0zxWs0sqJ7WjQuDZW7Yz91DmgkaS4hKOXDQUdsvijBC0cTMRE8Q5AdshVVLFUNw5FqYiHZaNkyJxBwUicMDozcOijr7VJG3xohqA5A/zVUSSSCOFuWaSMEDdU12s7SDU0w+4WW2vPRtpuz+TMw9oHZAeN1MkGNiFGeFz7YM31zTBDlSY3YxgqMugnPKySXBqTwXFO8PbjIUoEBVFNLhwHqrGIgtG6x2Lk6+ktyuSbGd1KjdkcKAxzW5KOyQNSZI69VpLJ25UcfWnBx9crqhp3ZCxOJAyU85Iwo8JxsSig5GUxBy6I9Q7DwPVNlj1s39E6oGRqT48GMEei0VrkyWSyUj3aZCMd8JtQMgEei7VjFSRwuP+kLfXwjy+sXDiCbypTSdIUUcqS36QtKORKOTiSSSJywL6CsPIXJeAux91yXgKEI7+VzsV1/K4OCs7DGHlNHKceU0coho4N8vKY7uiD6UJ/BVS6IlgBNjUCnMPlCY/lPgI4SkhrRHfgOwo9RwFJm5yOyjVHASprA2PQ6m5KtKb6Cqum5KtKb6Sm1fggLB55XWHJXH90m7ORN4M7DH8KmjOkKFgnThT4zjCJCJScCTCdIzhavo6EzTayO4Ky0WCBst/0fS6GeJpGAMrbSsI5WuliDZqS0MGxH6pkAL5ms91x+T3Uuzw+JWs74WldnmbG9uTe2yF1PSxtPOF2reYqeSb+kEozCNDQPQKp6oqHx2407DjxvKmIwt5mSehKeOVstc/zPkcTk9grhjvH6i34ZwELpykZb+nI3sHmA3K70xpqHVNW8ZeHluU0VY3KWS9nIydwhUjf5mvGQEGR2XHdSqAgU+SM7ogAkjtT2tCkDyRD3UKLz1gOdlKqTpwAoLAPdvwoJeJ69rXcN7I0ko32QLThzpJ3DJDsbqiYwWT36cKrlLqmvOr6Y+FKqKgHIHcINNHsZCcajglVJZJ0UvWdfNQ2mTwSAS07rymEl0Ukjt3u3JWs+I12c6sbQRy+Tg/ksjO7wYA1vdcbyd+IOKPe/S/jnNfMwlmBFZnvytLG3U4AjKp7HC0t8QjzHur+Bmkhy+ZeUtc5n6M8DpZVaeOSbEAGBoGyU4cyInO5To3bYwhVsnlA4XnLpbmez08MRI2rzKXEBsobPqCmRjICUzZGHJJZvnZcDMEHPCfFwB6rgbgn3VDEZ7qOoIlAA2BVXTVJc7B7Kb1B/fO+6o4yWuyu1p4f6SPIeRuxqGjQANe0EJwDc5J4UKhq2E+G84zwSpDhuCDsmqJk3powXxY6UbdKD+KUrP58exaByF4cBjynGV9XupmVMZhlAcHDG4Xzn8Q+nH9PX17WRlsD/o9AvQeM1m1/GzxX1HoMv8AlRX+Sh9x2Uy3zujlDlWtfgY5UiN+kjZepqsPEWQU0aaGVs7c4CZKNJ2CraOqIOCrQDxIw5pXQq+/g5047GR9Pulp904g54SWjaRSyJJLBSwVMBZHRkB26sYCHAeyq8EkKZSy6CAQiHVWbZJFk1gIIKa6LuAnQODsbqayLV2SpRydaEVjgq3gs2LefdHieQQcKRNRk4wEERFu2MJbRpq+wmU8uNIV1TSbDfKzsRw4K1o5wMAozpVWZRZkYRUEO1jKMOVDfW8j8FcLfZGa0EZIXdDfRLNBAkhHcbKmulscCZ4W/cLSOjyhyxZ205BQYAsr3GShwMajuo13t5qY/Gjxlu6s7ha54pXPjblp3AHZRmSaRokBB75QNGK2rjBmBFoO+EaM6ceyl3O3PZmeE5byQOyrGS42wkyjkwOE65YaLq2VpjlaTstRR1TZwDkLCxvLDqCubZcSwhrnFB0b9Pc4ySZt6eUDClsfkcKkpanLWnHKsIpQQESlk71c9pZMdvwjNOQoUUgKkRuyERthLJKhcQcZUyKQ7KC0DucKQw4P2UNNc8FlHLsMkbcZKzt9+HPSd/1SfKfJVB/HF9BPu3srbWTjco8TscqAW1Qu4nFNHifUvwfv1vc6W3xiphHdu+ywlZbK23zGKrh0nsvrKGfy4B/JR62y2K8sEV1t8UvPm0gHPqgOHqfp6i6TlB4PkzSONSWkf1L3bqH4G2asL6m01j4nk7RlmR+uV5/fvhB1fa3B8FGamAfjYCP2QHnNV4XU0N4i2kYnT7rmB6o09FW0kroKimexzdjkIcFPNPM2FjSc8+yDbk5c6ZQ4aE2MvOGeY+wWhttnZStE82HPIyB6KRRW6Kii0xty/wDqIUkZ7lNrhtKUcdjcYK5KeN0iQFFqHDGMp5JcIDWztkHhtO4UENPdOmGX7I1LCXEHCZGaRlk9zwdpYSTkhS5ZGxMAyP1S8sbT7KqrqrOBlBY/0HhoHVVBlkOCUEEYIymNOokpgYfVZZt5KY527iQuYKHyUjsl/I/0XkOMZ5TXOA3JTYhPK7RDEXZVnRdKXq4SBkUB9yqcnI0Vaadv4psqJKgNyPVcZBNOfJGXD2XpfT3wO6nvJY5tokdG7h8nlb+q9Ssv9mytMDP4nWw0m3EQ1kfuESg2dbS/T+r1L+2OP8ng1hsDGEVU7NzwD3Wwt1gu11lFPQ0MkzzxpC+iLH8Iej7MQ2SlfVhv/fu1H9VsYKWhooW09DSMgjbw1oTMYPTaP6TcObpf9jwHp74LdUXIj53TRRn8Txq/bK9FsXwQ6at2l90mlr5BzkBgz+S3/jaNhuiCQOGeFR6PTeF02n9Zf9zlBRUdrpm0lBTxwxsGBpGCj8qO12TyjNIToywdWqmNXEVg4npiejHJZYs4XclcSRjNnsJqcO6QcSdykN+VxNhhlJY6DBwI3IXcj1CBkroJyrwXgOuZHqE3UA3c74UcuA3cdlMAt4JA5UKvusNG8wxEyS9mD6iolfc3y/7jadUlU4/UPpZ9yp1nskVGRWVMxnrHDzuduB9kcVkS5kWisFRWzxXa9nW5u8MPZvoSPVaFgGE8jPdcaB6piBfJ1cPCRcAhSP1BPSIdc7Gd1FLiSV0kk8pj3NAQiJ2JHZBtkEKmuV0gpWF7jxsE+8XWKggLpJA3I2GdysJU1NVdqgvdkQ5wAe6ZCGWc3WahY2oZcLhNXTHznQTsEait73EEjClW21MLy/09Ve0tE2PA0jAWyCwjlkOitYa0d1YCFrRspAY1g2wFFra6KjiMkh44Ri7LFDsDPpiOTgBY+93t00r4aXIHBOV273aavnOh5DB6HlQGRBh1EblHBHH1Wt3ZhAjRU4kOqZpJR9LYxgBElkbGMBqCcu3wtKSwcixjSTnlNJ7LrshMRJGWUsnRuk/y4XEMv9QiEjyo082gYzgpVNUIhqdsFmqmsqa+r0Qk6QcEpWfQqUsD625z10jqSB5BHJ9ApFtoG0o4BJ3JPJXaOkLH5c33KJX3CChi8STAx2yqbwLlNRWTtwrIbdAZpCABwPVedXe9Vt5qzS0ziWE7kHhEvF5rL7VOhhJMOcf/ADFOtVrhoYh5QXnckpMpbmYbbd3COW22xUEQAALyPMVMci6fdIjHdFFCfeWASTy09gk1pByQiIm/YNrMuGQpLYgBsFxoAA2RDKNOnCFvA6HJwDCc1ms4zhMAyfupsNOcAnlUaIwydgg0NyVKaAwebsmtGjflRqyqa4eCznuVBv4jamodO7wojt3KTGBgwAm07C3JxyjHblU3gF/3GSSCMZKxPUN1lqZDFHJ5Qd1YdR9QN3pKR/Gz3D/JZWRznZJKx3WekZL7FL7IgM+iWcpHlJY5ScnkyCTE9MS5RyMQkanhc94wmxxFxCu7fRYALm4wrSyNhDcdoKFrQCW8KVM9kQAHZOeRGNLAhtpXyvDiSAmKts2fbGCjFEWoM9U5sbPKBuSplNbwzDjypUdM1jd2jKIGkK3HAK55OsGBgHhMfk90/OAUASEk7K9uRq+0f3yShu++E972saXOOwVdX3WCnZqadx6FTKXYxWxj+RPbtuUKaugaDqkAws9LeKiUbHAKgzSyTOy552Wey2PoXZqkvxL+qvjIsiN+6rnX+uJOl4x23VfpyBk5wuFm/KyzvkujNLUzZNmulbONL5SB7FRjLJnPiO/VNR6Wkkq5NEY/NKrlO2aSEW3trkdTQz1sgiblxPOey1VttsVDAGAebuUrZbYqGIYaNZG5U4DK9Dp9Ns7ORqLs8HAANgknaHeiQaQdwtsYpGFvkdp90tPunZyAknqsIbp91xwwE9JT4yEd7Cc5CC5p3wpmR6LhDf6QlurIZCDpY3amuwfZXFtvEjXiKodlp2z6KuewHhRywtSJ14FTrUjb5DgCCDnhOIwsvbbtLBiGV2pnYlaOCdkrA5u+VmnDBjspceg6SWoZxlJLFD09DyE9WiHUkkkRDapJ6S/O0W8n61aGJgOU9Dam5yKkkjmkDtlcIGNgnOXE1coU0sgiPRLBRMBcIGFZTWQKSeQuHhXGQGECSXSDlLBTlPHIt15BpLuClgp6vxwC6UzuQmeLk4wuHVhMJd6J0LsGazTRl2Ew3lNcxh5GUwH0z+qWSVrr1OTJZoIsa6KD/uz98oRh7jhFI75z+SYXY7LVC/kzW6GKXAB7COAkGkImvJ44TTI122MYWuNmTnWU7QexQnNpz/etBPZEc5o4Qy5uTlEIa2sgS0OlxkpZCxyfFX3GhwXnWPZTNsYCFM0EcpM6oz7HU6uyiSlBkyHqClkYPGbh3cELs1Da7o3xIi1kh7hUskAz5WgJjRLTuD45C0+xSXpYpfad6j6inn/WSaLZ9kqqdofS1BLmjGMqMKyupn4nY4junU14qIRiTzYU9l2opmh0rAHd8hZJ6V55R39J5Wm1JqWAEVyhLcuJz3UmO46gAxx24wcLpt9DUfzY9I1DOxUGaklhcdI1N9lkt01a7R2qdfJL7WX8HUNUxgZqDgOMq3pOp6QRjxWEOHO6wzJHRncFIVB7LFPSRf4nQp8o88s9QpbhSVLAYpWj2JUppI43XlUdfPHgMcR+asIOq7jBGIxISB6rNbpbIo6Nfkq5dnpTHc7IrTkrH0HX1H4bRUwPDxscHYq6oerLHWPEZqvCcR+PhYpUyRthq6p+y6wHBLTnASZJFKA6OZjgeCHBFMLhgYO6U012MTT6BtjwcghEEkzMGNLwXDcjH5pwdgKg0mEbWzf8U5TTJb5f7+MOz6hINBOEjD5c6QFaeAX/AHAz9LdMXOLHysbHuHIACqJvhTZ5j/LqXf8Amyrnw8HYYXY/EYchx/VT5JZymDKqEu0Yeu+E12gnd8jUNdGd2kqlq+juqqHZ1veRnlvBXrja6ra0MbIcdlLjvD4mhk0If+aYrp+2LlpoPo8Knor1R71NLMwf8qZ89NGBqe4H3K95Nbbqjy1VI0tPOWgqNUdOdF3JuZqeAZ9g0q/l/Yn4GuYs8VgvEzHag/PtlTYb87UBI3AXpVT8MelZ3/7q50ZI4B2Kp6r4NVTyX0dxDWnhro8/vlWrY+wvjtXZmG3WndjO5RWyU8mHB437KXX/AAp6kpG64Y2zDuGggqlm6V6ipP72imb+RV74emEo2L0WjWwuGnLSm/LMactOcqk+UulMf5sUjceqeyqqYz9Z27Eqty9F5f6LkwzZzFjHdIBw5B2Vay51DeSpLbxkBrnfsj3It5l6Duhglz4kIJKiS2Wmm7FufRSoq+mO5dklFE8ZOR3U3NdinCH9SKWXpZxJdT1O/o4qDLZ7lT/UzWB6LYROaiAtO2USuBlpIS64MI51VDtJER+SdHVEZC3XykUg8zGn7hR5LJQycxN/RX83At6SS4Rkm1zwRvlSGV8xGzlcydKULn6mOc3PZQpOlqpr3COXLe2VcLV7Alp5x9AW3GXfLwfzThWNOMoUnT9wj2GEB1srmfU1W5xFuM16JwnpjjXhE8S3kbsG/uqo09SNnRnZdMUoGwwVN6LUnnGCyMNC7g79kz5WI7NcPuqozzg4Dtk9tVKDyVeUVva9FoKcM3CaYxjjCh/Nz4BD+Em10uwJCjQTnH2StD+NZTHU4dgloOPZD+cf6hdFY/O+FezIO+v0J1FRyDElNGf/AAhRJbLQ5yIw37BWDJ2uC6S1xB5wrwylGMuip/gcbjllRM3/AMZS/hFdH/cXB4x6kq50sGMcruM91CfFFPKKP5a/M4q3OH3XfFvTPwuJHq1Xqc0/sp0FtyUPz12G0lOwgf4U03ScHzxAeuAtE0Du0LjooncxN/RURVsz4urMeddFdTvI2KuvkaN5y+nZ+QTja6I8QtCn+S/jKcTU+PqSDoM5EhVmbRSE/Ql/A6P+qT9VWET4ytL4v6gllhGNQ/VWJsVGTs+T9Uv4JENg5VKWCfGVRP8AiXMe6tv4RH2K4LUf+8S0030XsK7TnskNbTluysv4S7/vAl/Cjnd4wi4j0Xhlfrm48QYXQN8kKz/hUeOd1wWvBzrGFN5UoNkFo0/QACnB91H0OOPurJtviA2bk/cpot9Vnyt27boW8kUWiAZruf8AjP8A/MV10t2J/wC0Px/zFWPyVSOWfuuGinIxpH6qm8hckNtRdds1D8/8xRRNdXDBq9v+co/8OqNWcon8Nn9AhCI2q5firCf/ABFdAqRkmY5PJ1FSf4fUDhc+RqByVAZJsi+JU53lSL6gj+9/ZS/lSOSF0UpyqwRJvgg6KgneX9lz5bbJO6shTjHCcKXflDgL4mypNI55xp/dEZZwf+HlW7KVuMgIzICfZCEqipgsfHkH6qVHao2fWzCtYKU85x+akMiGTkcKhkKovtFXHaqfuwKbDbaccBS44W/0ojYh2CW7McGhUpAW0gA4CI2EtxhSAM7BEEYPsrfKDjUBELDuWogjAxkcIrYiTwjindgYCRl5Gwrx0BZGMcLoGOG/upLaWc7eHypDbZMQMjAVuTQ+MSv2CarcWyM4Mm2EVtFAzGG8KLkJwKYQyu2DCni31Tzs1XLI2MwGsRjlrcaVeCvjKiO0yPH81qPDZ4GEahn2Uwk/ZJqCT2hKKQhTwtbgNbt7Jgbg7bI5c3sucb5QpjlFDNJPKfoGMpauwamHKj5KcUuRy63crmk+hS2H1HCXgVhILoBCHp90vmadm7pQFEnv9rikLBPqIQtYITtPuuhgz9SpZuqKWNpMTNZVdL1dXS5EUMTAPZRRyQ14Ztymucxu7ngLEPvdzmz/ADy3/l2UST+IznL6iXf/ABItheDfm626HaWoGfYqPN1Daoz/AHyxMNvqXnBBJ9SVOjslTKAMY/JXtYT47LSXraCN7mxQuwOD6qLN1xIR/Kidn3XafpGaVw17/krWl6EJwdt/ZRxwSbyZ5/VV0lOWu0hR5LzdphhtRhbiPoQAAnSp0HRdvjw58Y1eytQbFqR5iTeqkFrpnaT6FNjslfUHB1HPuvXWdP2iLYwDZGFvtkYHy8QyEWwpvk8qh6OrHjU6nJz3UuDouqcd6dek6GDZoGAkW7KfGUYBvQhODLANvZT4ujqWIAaRstYQc8H9V10ZaASOVPjGLgy7elqZvDGp4sUDeYWn81ocO40rhae7VWwrekUgtNOBjwP3T22yBu4hGVbGWmYP50jWfcqHPd7XGTqrYRj/ABKbCvkRGdSAfQzACa6CDGl0WQfUrk3UFtZlrZvEJ7M3UGW+aj/Lo3/cpkaWypTiVF36IpqzVLRERyc4WCuNLNbJXU9VGWuacb916ZJdbo/Bp442/cKvrqCS8OJuMMTtudO61Qr2nO1CTPMxLq2A5UeRzgdgTlejf7KW2PGIgUZlioYcaIR+i1wqyc6xJHmLmzOIxG7P2RG0NfJjRRzH30r07+E0Yx/Kb+iIKeNoDWxAAJ0aUIaR5pHYrpMAWU7h9wjs6TvEuN4hn/EvRRAztGP1XPAYDnQESpyxMzBt6Hux3c+L8ijs6MrPxTM/JbhrAOyOxjQMYH6Ilp0wFLBgx0Yc+YOJ9gjR9DwE/wAyKV/3W2bnPKK3ONspq06RbZjmdDUWP+zHP3Roei7bG4Olg2+61ZPumlzDyQUSrwBuKEdI2NrcmjyR7rren7Ww+W3xbeyvQB6JA7fQr+MmSpFkoQMCihH5JwtEDTkQtCs9PsuHAGcK1AmSu/h9OOIWDCaaNwOABjspbqgg4wuGqOPoa77hVsBlNRInyb+QB+qE6llHAH6qWax2doY/0QjUVB/4NPj7o1V/YD5UiGYajO0jQieBUkY8doTpamZgz4EW/puo5qbhnLYYsfZWqsA/yYHXUMziSZhugT26oxgzjBT5Z6/bMYH2QJJKx4+kj8lfx/or+TAhyWkl28nPO6BJZiBkTfupkgrD6/ogvhrfU/oiUMFfNkhut9QNhMmspZGHzyj9VLMdV3cEJ8Lz2Ofuo4iZXtA3F7eJHfqgvq6huNMn6o4pajnT+6a+g1f3gwq+NBx1E17A/MSykCQtIHsiCKkcPNE3PsE5tCG7BNdSPbgA7KKCKlqJY5AzUVJJwxoP2VfUWdzhqhc3bt6q2+Vfp2O/3TPl6lpz+iZsM0ts+0Z19tljxqYm6Bj0WldBO762tKjz2+GbJ0hrvUKfGZ5145RRMbjhT7dX1tvnZUUlRJG9hyNLsIc1DPAc6dQ9QuNeMBukghC6FPsVGbreUeg2j4o1uBTX2FtZARg+INWPdWzrd0/fm/M2iqbDMd9BOMFeWhwzuplJXS07w+CV0bh3BSJ6JLmKNletj1Ysmor6W/Wtx0zStaOC1xwUz/bvqahZpbUE4xjVuu0nVhqIxS3MeI07Bw5Cj1jaeeQimB0+uOUtafPE4l/Pt/25vH6LCD4x1UGmK9W0yM/E+MA/stLQXX4adXvDZoYYpXAZ8YCPdeZ1lFTkFssYws/VWtjC7wXOAPYFR6GMvxL/AOIuriayey1/wetlRUmWxV8kORkb6gPy9Fj7/wDD7riygvpJhUhu5w3Bx9ljLf1L1d020C1V0jI2/hOSCtbQfHiqiYBfaBjngYJi8mf81nn4+yPQyPktPY+cxZUC6XO2sb/F7VLE07eIWbZXXX621AMcsbR+W621H8Uejr9G14rI4D38YAAe2VDu/R3TF+zPSOgaXjOuCTAP5IFo5PiaGz1KSzGaaMrRs+UmFXbKyaJ2Mh0Mmn/JbywfHz4p9HkPNb/GaNmwpq93iDH/ADcrza49H3K1Pc+01jntbvpzkYVSy632gd4ldTl0fB2ylvxqt6RmetgvyTPrPo/+2B0dc3Cm6uoqmzTAYe7PiRg+3BxxxlezWHqnpvqanZW2C801bFIMgxuGfzHZfnWbl0/eh4Tixkp9dsFPprd1BYalt26SvM1HUxbh8D8OPsslvicesFrV1y6P0r+YlDNBflvodwgSQ0Mrg7T4UhP1xnBXxH0r/a2+InSU8VN1xQC6Uv0vld/eEeodjAPPK916H/tPfCrreWOilvkdluDxltNXuDAR/wDTPo/dcvUeNnDpDlqa/wBnuMX8RhA+XxVsbyCfOB/qpMdzo5cRzRmmfwRO3SCfYqhpK5+hlRR1IcwjLHxvy1w9iOUeWsdVDTWMZM09njK5dmma7Guz9F94EMjdQaxw9RghVtbYKafMkLfCefTgqEzxoCH22fw9O/hPJLSp8N8cSG1Ue2OR2KQ6Hjgv5v2Vr7PXUo8SGXUR2BTRcaiM6Jojkcq/hq6apdpa/BH9S7LQRu8zo2uz3wkTi4vkYrUysgvIAGh2kjsp9PdPGwHnKgz2KOVxfE4sJ9lENtuFO8ho1AcEIAuDTxvbJwQjZCyEdwnp3jxNTVbUd5jeA17s+u6jAlHb0Xen3QfDDsglJlVE9uWuBz7puR6qC2sgpI8cIOl7TlTCMpOaNOMKskcdwBtQ4bYUhtRkDjKjPjJOQhAOBzlXkmxFgACMgpuSgtl7YRfF1fmohbgh/iu9E7zEgEoJGe6Wr2V9luCJQdt9YTg485yoQO/KM14AUS5FOJNDyfq3Vbd+nbZeGltRTMHo9ow8H1yN1Ma4HOCniUDkJieCjCVtn6j6bdronmvpBvpJ/mgf6qTaepaC4xtdFUND+C3OCD6LaOdnhUN26btt2e6aeEMnPEsXldn39USfJB0bWyHVhrid8kJ5227eiz8kV/sWkSj5ynacB0Y84HuFZUN3pql2Gv3I4J3B9Cm7hUo5J4nFO4bYUstoa6HwqmNkzXDBDhlRgIZ2btyUOMeC4lgz7LRCxxEyi2VFytFysJNZ08109Oc66Tk+2lHtF7t18pmkSNjmP/CccOCu6WrxsdsqrvvSdLeB81RvFJWj6Z4xh3545W6nU4fItwfRFulhiq2bsGQOQvlv45/2Y477JNfekgynuLcufE7icen3H+q+l6HqOpoZ22XqendTVAy3xxvE8DuD+atqmjinjLJY2vadskZ3XofH+RtoluqZh1GnjdFwmuD8mqynrrXcH2TqKifRVkLi18b9yCPyVNdrZEzVU079J/pwv0R+N/8AZy6b+KFqle1gobwzzRVgbkH0DgF8J9Y/D7qv4d3N1j6rp/DczeKZwxHM31a78S+meK85VqcZ4Z4jynhJxhysp+zF0dxdCBFUEkA4B9FdNEhYJIJBgjP3VVVMpbhmOnIEzfTbKhxzV9slDJS4A9jwvXQ1CPnuq0OzLrXRpQ8Obh4GcIDoyCgxytkayQO2IUkyg7Obv91p3bkc5QkuxgdpRCdXBB/NClHGExmRyhayWCrbVS1LCTEGuxy3ZZOrpnQSuYQRg7Lc7EeyBU0NNVNxLE0n1ws1lKkjRTc4vDMIW4TSMd1aXK1yUUhIGWHgqvPC5ltO06tdqmuATSWuGCrKGQEAZVW7IOUaBxBGTssVtfs2VWutlw2QnlwRmEg8qvjfkDdTY3AgbrM0dymzKTJbTkIiixuBA3Rgdks3wtwOaSDkIudhqO6jJ+r3RxeOxnyD5hhiBDJnbHdSHtyFFAAkICcjPPsr7k0io1DuhNeXN3Uq6eWHOMlQWSeUYC2VPg85r1tsa/Yj9YKlR/SFHk7IrSB3WlHKnHI9J65kJSDUMK28ixzSE88KO0nOUZp2wmJ5CBycH7ITPqCLJuD9kAJQI6XshZCIeUOQ4KGUsDAiCeF0jCaBgqnyRcAZmnPCbE4nIUiYDAx2Cj5wEvGDRF5GvGX7lAqBjByuvJLuVx4yBkoJRyGKHkBWtHwVVxfUrSj4P2Rw4FWejrvqP3To+U131H7p0fKIUSoxnGVLj5CiRchS2EJi7M1qyTYI9eANzkL07puIR0fGMgLzq0M11LQRkbL1C2xhlEMDGWrbU8o4XkLP6CRKcAH0Vz0zT+JMJfVULiTyVrekoMR+Iey0xWTh3LFbNKwEbZ4VLeS2vutLbo8lzSHOx9+FcjA82dsqnsgbWdQVNURgt8g9sckIznQ5WTQXiY0FjMMRxjy+6kdOxMgtIMY3eMknklU/VTi5tLSgn+ZKFpY42U9KyBuwDQmJ5AslhgTn15U2MeFTHV6KIw6pmgjIypdTvHpHsiAznkVGHB3in8kSqdkAErrNLYw0HgKPUO3G6sWuyDcZHRwkg7nZSqNrY6NhDd3bkqsvMhzFEB9ZVg8hlIxmN2tyrY2SxjAOZ+XjBBSq6ptNRPPsgUhMrPEPuqvqitbSW+Rxd2OyFtIOEN8lE81u9UbpfMl2QCR9kCvYWtaFGtzjJXuf6klSatxdPgnYLyXk7/yPtP0zolCEIlvZmlsTThXsLDhV9ujAgYCMK0jOBwvm+unumz7l4+G2uKCMGFDq3F04GdgFNP0lygOcHTuIOdlxpcs7sOEFj5U2EcZUCEYdyrRgAaMKSWDVWFjA8UZ4wVwclcaCeOUPO5GEKCnLaZq+HMxwqUsHGVb3PzVTxlUVRKYZtGNl6HTLNSPAeTs26mTHuDgMg8d1a0NUKiIA4DmjBVbGfGaT3QYqh1HUh3YnBVuBkrtyaVh3xnCyXxR6Wbf7JrhiBqIcvDgN8LVU746lrZIzsOVLc2OaIwyNBBGN02mfxTUiX0x1MHCfTR8hYwS3O/8AmjDfhbD4o9KPsV5fVxs/lTO39ASsWASF7HS6pTgmfMdZpZaW51Mlxy6CMd1c2+rDmiI43WdZnVzwplPOWEb4911qLsM5V9e5GhkYPRATqSbxYw15yfVFfDpGR3XRUtyMOXBgsBcI9k5JEngmRYyk04cEktOo4yrDjLnJOp59OMlW9LUB+BtwqAMOxClUkjozg7oTrae79mjEbHNzz+ajTQtG+F2ik8VvKkPZjG6A6cJJ8lW9paUamnIeBhHng9uyiBpY47KjVB4L6jk1t3Iypg5VFQ1BBAdtlXkDw9oIUOlRPPBIHC6uDhdVo2BCAeU0gHgJzk1LQxLIF0Ift2VDcbe+CUv05aTstNoPZMdDqaQ7v7IMZFWVbjHPiwNLm7HsqGvoxTTa2t2ct3W27MZe1nHoqSppo52GJ7fz9EucDn6ipx7M3G3VthODnRny7FElhMDyzGQE0jKzWJmPO18F1abv9MFQ7H9JWjp52uHlIKwbH6HAgZV/aa7hpPZCmdTS6qS+yRqY5CVOhfloCqIJcgZ7qfHI3ABRnbqtRYsdxupLHDsVXsdngo7XDbdGa42InNcPUI4I0jdV7CdQ3UhhOAhlLA+uRLY5wdypUch22UBh7KXHwCqHrBLbIRgBFbIXH39VFDsIgf2woTsLNQ22rDXVdrpJnjbVJGCVSVvw66Qq5DNHbn073bnwpMNz9sK9jfkcIwOVEjO9NVLiUUzCVXwgtNQQae5Twj0I1f6hVVV8FqpoxQXeN5PaUEf6r1JqK0ZcFeDPZ4bR3/lDH+DxGt+DvV9PvAymqG/4JP8A0VBW/DbriAnNjlcB3aV9J+LoAGOUVtRg8IjDZ9LaSzptHyu/oXqxpw+wVm3OI/8A1RIuk+oWDSLHWkjt4X/qvq2Kr042UmOvAHH7KpSaM/8A8IaZv7ZNHyU7orrKo/uOnK0j/wCln/RAPwr68qjn+A1Df/DlfYLawE7p/jsHDcIZTcuxsfpCiK5mz5Fp/gn17MQG2iUZ/qbhXNF/Zz69q8eJDFG33K+ovHb3GUvmB2CBmqr6S0X9eWfPNu/suXSU5uNzp48dmuwT+61lt/sx2WnaPm68SHvh69cbVO9SnfME9lWEdKj6e0FHUM/5MlZ/g10TadA+V8XSNyRstjb7T0zZY2mgt0QlAxkNSEuRucJnl51fsrwjp16LTU/hBImmqBORDGwewS+aOCAOVEyUsn1RmmMVHhEkyOJzlP1DsowKeCMcqDEkFJynZwmJ2QoEdHKKCcIQ5RARhGEOHKK0jSNwoyJt/UpjJAiSZkJZCakN7DJJiRIHKNcdASe0MuEhNB5HdU9Z1BTwyGlo3fM1PAYzcD7p2GLdsV2WtRWQU41VDwxnJJVaTWXtzoKceBQDmQ7Od9kyhsNZWTitvj9QO7YB9I+4WhgjbC0MY0NaOGjgJigJlPPQyhoaWgiDKePBP1OPJUxhA7Jq6DhM2Ah0IuJ2JXCQELJJ2KJII7IXbbrjOTkp54UOrqaejjM9VMI428koxdliguQ8rtO3OVn731Fb7XqjdIJJT9EQ+p32H5qnu/WlTV1HyPT0BlaQQahx8oVDJi3SC43KXx6vseQD7I4R3HJ1WpUuEMnNVdK5tVcQ4NBJbHngK2pqfxsNY3S0bbKNR0lTXyBziRq8xPoFoKalZTgNaBwtEIbTk2T3MJS04Y1rWMxjlTAA0JjHADhRLjcIqWLU/wDIeqalkCctvY+uroqSIySEDHA9VjrrXT1z8ufhp4A7J9dUTVkviPdlvZueFGZEc5KYonN1d+Y7UAZT4wSOfdKciBmrIz6KTKWRN1OOMKte51TMXNyG+iOMTjTeBgc6V2pw57ImkNHC6GNYPsmGTY7JhmlLI1zgM7KOSSScIrn4PCGXs5Lf3Vozs7qUGtqhC3OQESrqvCWZq6p9eXMicTvj7IJPHAtvBIq691UPCY7PZTLfQNgiAaMk/UUCzULYyXyjJ7eysLjXQW+m1OIbsgzgTKSjyR7hW09spzPO8d8D1K82udzrL/WmCB5EQOHEf5It6u9Z1BWmCB5EYOCewClW+hipIwyNv3PqhlJyMN9u7g7S0DaNgazcnkqdG9xAGFzTqG+2EWMBo33VxiZf8nUkiugHKaE5HcAlODB6JDhNdJp7IRkcYO6fdCcS52AOE8Satsco9JACS8hAMjnIeipMDxZcewUrw87ByHqJwxox2T8iAebcndQ2xXA2b+Uwkc+iBFCC7WRuU/S6WXV2PZSMBjcY3CpvBXTBMa1uSeFmOpeoWMa6io378OcP8kbqDqGOFjqeB2XDY4PJWLke6Rxe45J3Wa230jLqNRn7IMETk5zlcXTuuLHJ5ZhGpJJDdCWJEjic4/TlEipnOLTjlWlHTiPA0jKtLJohHcct9uc1zXuAPseytnwsji8vITGnQAAOUVoOBnhFGBrSjEA2CUuBkbsVMZG1oGyQxjddMoAxpTksdl5R3hM1D0THTY5CEXdy7H3QzwLdiQSZ2BtuoNRXsgGTyoldcnMcWQuzjuqioqJZSTI7KRZZt6BlaS6y6yS5DHYCqS4vJLt02TJPK4w42wsUrHLsVJ7h/wDquYwu79guZPokgNpD0sgclInClW23uuD8aSADjIQKErpbIrkGc1BZZyiopa2Tw4x9zham22yKijHlGruVIo6CGjhbHG0Ajk45UjT7r0Wg8bGmKnPs5mov38IYAc5IRAlgdgiNXU2pcGKTbfJzDf6f3XMDsEUDC6rUQQSSckmBjUk5JQg1JJJQgxzUJzMYOeVITSMIJw3EIhbnup1FWSQkNL9kDw9uVHI0uBOyyzryVNKSNVT1jJgMOyVOBBGQVlKSoMRyrunqtQG6yzhgx2V4ZOBOrGchEHCDGQSDlGBACSKYRJcyF1GUbjBSRvKQgnlfniMT9ZbxiSSSbtZMjElzJPCXmV7WKycSSx6pYHqmYJk4QOUM8ohLccoZ5UwBk5gJYCSSJRZMjMBLAXVzIVqLKckkMwFwtHKdnfCScsi2m2CITXbDdGOCo7jumwbK2DCCTnCRaTyn4CR4T42OIudSkALPZBMTlKcMHC4QFohqJpmC/SQkQXRv7hB8yssNPZCMbDwFsr1K9nKt0b/pIWt3qh5KlmIZ2QjFsVpjZGXRinROAAjKYY0Qs34TdJRZEuOOwRYhyx8EBSMYXHAHlTskW49MjRvqYnAxSuafupsd1na0B4DiFGLfV37LujHdBKmMvyRuq1l9XUixgutM92meHTnuFIkpaWca4JGgn0KotXIQwXj6XkfYrLbpUvxR1tH5iyqWZ8l2+3TMbqaQ77KHJBK3Ic0hNprvV07dGvUBxlT29SU+B8xSjPchZJ6exej0un8zp7+HwyqczSck4TNZZu3GQr3NnrQJWuDS7shTWdhGqmIwVilppZ5R0oWwnzCRXwXe4wkaKmQAcAOKvbf8Rr/SSDxHtmA2GrkKqdZqpudlFkt1THyxZpaaD7NkL76/xkb6k+KbM/77ROcD/Rgq/pOt+nqwB3zYh9Q/kFeNyQvi2dkZ91wAA6uSk2aSv0a6vKXJ4me80t3tNadFLXwvd6asKdGWuzhwP2OV8+NrHw4Mbi09iDhTKPqS80sokirpQB21FZbNJL+k3Q8nCXZ7wYjnOD+i65jcDsvI6b4i32HBkn1gdirmj+KkmAKyljOOSBusj01ieWaoa2uS7PQ2MB57LkkY22WRp/iVZ5NnwzNJ9tlaUvXPT9Tsakx/8wUdckMV1c/ZcOaBjfK45rNhshQXuxVQHh17DntlTGR0coDmOBz3DkDjLIWV6ONZKWBrXkD2T2yXWEg01bLn3dsnfw+Q7xVUjfz2Q3QXCLZszZR7IHFvsaiVFe79Af55jnZjjO6X+0xYcVdodIP8Jz/moBmqoz56ZzvXSuNrmA4kgmaf+VCNXRZ/xrpmqGKy1Obn+qMJgtXQNy5bTxE+nlKiNrKKUYeB/wCIJrqS2EF/hR/lhFuZWxEiT4edFVe8FZgn+mfH7Y3UGf4Q2twzTXANzxl2VIba4Hbsy3/lXG26Vjsw1tQCO2solY0RVopqr4Q1bDmjuFOfuoMvwx6mhB8N9LL7B61zH3Wm+ireQP6jnKPBeru06XiMe+FfyyfYToi+zzyforrGkdk0QeP8BygPt1+pd57RUbd9K9R/jtbkZeN04XWocQXAOV/KD8aXCPLRVTQECspJYQe7monz9KDh0mPuF6j86XjBY1gPOAFFlobLUDE9FTP9cxN/6KvkJsPO2VtE7iobn0Utrw9mG4IC2EnTXSk+77cxp9WbKLN0V068fyH1kB7Fk2P8yp8mSnXJ9GZLD6ZQ5IGn6mAq9k6I0HNHfagD0kax3+ijTdJX1m8F4p5PZ7dP+QVuxoT8bKV9rgcP7nBUF9njJ2Oc9vRaL+BdU0+f5dLOBzol3/8AqiotQy8M2ns85x3YGO/+9RfIynVu7KQ2gAf3W3qo5tMOfoV8KqAEsnhqYnDkPgcMfsutloHY/wB5jBPYndH8pfwQ/RQOs0P9KDJY4CM5x+S02iA/TIw59HJvyTHjLfdH8oM9NB+jJuscQOzimvsz3jYE4Wr/AIeP6c/mkKHHAx+aKOocehf8SD9GRFBVsOAxM+WrG7mP91sf4e87gj7JhoXEY0gK/wCS32B/ES6MiG1OcGI7e6KwnGCOFpjay7cED8k3+Eu9G/og+Zk/jMz+oehTmk+ivDaJP+7b+iI20P7xN/RT5mT+M0Z/WO6eHwkf3m6vf4SwjemCH/A485+XCnzML+PPBTtI3wQUTxA3YY3Vr/BdsCH90z/Z+TO1KcH/ABKfMwPis/RAa/UM7JaxxkKzHT8uP7gj803/AGdnU+UnxWfor/N6JmXKyFgkH45PtqRRYZf6MqvlJ8Vn6KfV7omT6qxFhlP4NvVF/gQPLlPlIqrP0VWpvoP1Tdft+6t/4E3+tE/gUZ/EP0U+UP8AjTKTWfT913LudKu/4HH6pCxRjcyyfqp8pf8AFmUWty74j/6j+qvP4PD/AN24/cJwsbOzQPyU+Un8eRSieYtxyutLu4/dXAssmTpxhN/g84O2lT5SfxplUc9ynZPqrF1kqycMaCnf7PVxHAQyvaJ/GmVmfdLc7ZVh/s5X5A2/Mo46VuxGf5OP+ZLd7kT+NMqQzO+36p4aB6fqrL/ZW4g4dLF/5k8dJ1+MmeL8iorMlrTTKrLfZPwDxhXEXSMryPEqGk+ynR9ExuAM1Q4f8pKGVjiPWnngzjHb7kfqjgsPBH6rRxdG0LPrke7HupcPTNshwfD1/wDMg+UtaafsygeBxupEEcsgyyNx+y2EdotsYwKRmfsiNhp2DDIGjTxgYU+UctP+zKspatxwylkOe+FKhtFa/d7NIK0Xihh0tbgLj5zgEbFC5bmMVeCqitBGNY4Uj+GwNwcI76mY/i2+ya6TTzujQUYo4KanaMaE4Rxt3AC5uSlqjAy+TCEaorHIQS48oCWSd8qMamnafrP6JNq3csbn7hQEluySniPbPCiCqrHNwIogPXG6b/Ped5QPYBQsmEtj4wUz5rsAELTtl5QnVlvphl8uCqISRIXcNwnbkHZVVR1Fb4vLGdR9lDk6lqjtBCAP8YSm8FmhDHOKfpZG3MjgB91lJLleKlulr2xD/AMFMbHV1ADJp3uA91STYWUad9ztsH11AVbUdUUMbyIWvd7+qhMsks2CWE+nKm0/Slc7BDMD7KYZeCJP1TVuGmBuke6gS3K5VvkdM7fsNlrKfouofgSMBH2VnTdGU7ceJ+eyv42xZ554FfLgF7iPdyOyy1LsHAyvTIel7ZERqZkqwhtFqjwfA3Vqp+wZSweWwdOVcpDdPPsrODoircQfl+V6RHTUMJ2hCc+qpmYAdx2TFVgH5DEQdBygAyRgKzpeiYCR40ey0wrAcEbhBnuEjQBGicMgSnL+kgwdLW+Ag/Lh2FMFsoYWjRC1hCim5VRJ82FCnqw06p5y3PdWoAubf5MtddLEN9IH2Xf4nSs2aQT+ixtx656Ytur5q5scRwGnOVQzfFmwN/7LTzTO/wCTdX8eQJXQjxk9OdXBwJaP2UZ1XUE/VsV5VVfFK7VHltFrcPeVuAoM3VXXVa0FktLFntxhF8QPy56PXpJy0AvOyjvuVFCDmdpwMndeTh/UVYB83e35xuGEgJv8KbJj5qeSc8+Z2d1Wwr5WemTdVWSDzSXGDHs5QZ/iHYYwRCZZnDswLER2agwNUKkRUtHT6cta0HYE4VYLVj9MvZviK2V2KS11Y9y1Rn9a36Qf7vQk+msKH8xRxAAzNGE0Xa2x4/3kk+mFeGT5JPtkl196wnbqzDED2A3CWu9zgOqbnJk8gdlFf1BRt2BLk11+a9pNNA55H5JiryC7ILtkz+GyTHVU1tQ8jtqSbbKYOHlOfUqF/E7nJjRDhJrrtIf5smkH0TI0CnevXJcMoY2DysAT2ho21DIVWKaZwzLVTZ9A5dLWAfzXbDuStNemb6M9mrjD82WbpoY8ZeN11socMg7LO116tFvway4ws9Bq3Kqar4n9N0jdLHzTY28oW6rx9svRy9T5vSVfnI2r9JIJISc1pxhea1fxdpQP/d1A+WT0e1V8nxL6xrTiitcEYPq3P+i3V+KtZxNT9TaKH9R6uW8brmn3Xj0/VPxPqyBDLDAD/QxRHRfEmrOai+ua086XZWurxFrZy7frDRx/FNnthAAySAPdRZrlbKf+/uNOzHq7heNHprqCoGusv87iPWTZRx0tbGjXXV7HHJDiTvnK2R8HY3ycy/63ohzFHrlT1h03SnzXmmJHI1KDL8TOkYAc1sj/AP6WzUvMv4F0Y0fza5hI/wDohTPC6KpvLHNJIfRmStUPAt+jkaj/AMRIw4ikehv+L3S+cQw18p9oMf6qLUfGWjb5aWx17wfVuP8ARYmK5dMQkeHQVrz6hiL/ABakBBprdVge7E+PgX+jlXf+JM/6Wkah3xZqZRmDp6paf8Tx/wBFHHxLvDnHTY3M/NUzbxUFv8uhm/8AFG3/AKLjrjeZCPCoox7luE1eA/sc+3/xEtb/ADLo/EHqdxyy1PASHXnWJG1EQPsFSfM9UH6RTAendNMvU7gchn5BHH6f3ehMv/EO7H5l1/tx1aRvGB+SC7q/qk7F7R/4VUiLqJ7hrLR9gnCjveMueE2P09t9GWX/AIh3v+ssW9SdTSHL6ho/Jc/2jvXDqk/ooHyV3HLgnC23N3JCP/gC/Rnn/wCIGq/pkTD1Bd8f9qKGb/eM/wDaSgNtFyJ+oIos9xx9QV/8A/sKf/iDq/bHf7Q3bvOf1Tv9o7r2qHZ+6H/BqzvhIWaqzg4Cn/AF/wApX/8AEDU+go6mvOd6kkDsUUdWXRg3kzhBFiqCM6ghustVjsp/8Px9RKf/AIh6qPth3da3Nuw3TP8Abu4nd0ef0UOWyVOeyELHVY4H6Kf8A/sRf+I+uT4ky3Z8Qm40zUGT3IK6zruhJyaR4/MKid09VPKYenKsDOf2QS+nt3ofH/xL1sfywzTDre2cSRvblHb1XZn/APFf+ixzrFVYIwP0QjY6vPH7JE/p7HGDVX/4n3f1wN7HfrTKPLVNb/zHCK2426c4ZVMJ9ivPv4RVNByM7IH8NrQcDI/NZZ/T8o9I21f+JUJv744PTWyxPHkkaR912YagMLzJ0d0hI0TP/J5RY7hfmgATvwP8RSZeFtj0dGr/AMQ9LPvJ6EGuHcpjyY98LCx326wnD3vOFJb1TWAYc1xwlvxNxsh9baS3jcazxsHBb+oUeeCmnJJaGu9QqCLqXWAXnHqCpAv1AcfzTlCvHzh+Rpj9S6WzqZMloJMZjcDj1PKikTRHDmlTIa+KVgdG4OB908SscMnCGWla5wHHy9NnUiJ8wSME4KPS3K405AjI0+h3XXfLyAN0g/kmmMRbsQPTNmmHk4rqRaNuLKhobVwaM/iCjVVLHnXHI1zTwoXzb+H8BM+fhyAJCD9kK0bXQ1+Vrl+TFVRluNuFVVVHTVIPiQjKtjO2UAeIHBCkgZjIKH4nF8ip66qfszVVbY2bRN4UN4uNNvTzFn2K1D4Ac5bnKgy0rs7NRfApivnWcwZT0/VHUFE8D5mXA9XEgq0p/iBUH+XcqKKeP0xpP6oRpgceQfmMpj7fBO3S+MD3ARLTVrpElr7Y9MdUVvTF2k/lxGklO4cNguR01VTuElrupMjfw69iq2p6fyNUDwSOxQo7fcYCJI3OafuhlpIT7RF5OS/M0EnVDWtFLfqAOadi/TkFQKjpjpa9DxLFWNpqgnIY52Bn2UB9RXN/7ZEJWHkEZQnPpj9FOI/sEqWijjhBPykZ9s0Fl60+LnwzmMtk6lq442naMOMsTh6Bn+uV7T0T/bjrKYQ0fX/TbZMAiSpoxod99B5/UL57juNdC8PbMZG/0uOf80R76Ou/7XTtDnbktGCFztR4mq3844G1+UlD8Z5P0H6F+OXww+IdPHN011VT+LIM/LVQMEzT6Fru63q/K2usMb/PSSA57E4XoPRf9ob4w/D6Bltor3/Frcz6qK5YqWZ/wkjLVxtT4PH+0bqvNV9WH6I50jPCcy81ULdAcSBxlfOXQn9sfoa+QR0/WtHUdOVWzXPP8ynz/wA2xaOPVe4Wu92i+0cdysV1pLjRyjMc9NKHscPuuLqPFTqf+ojqUa+q78JGto71FMA2byu9VYsljkGWPB/NYx26a2qnidqikc0hcu/SRXETdDVpdmympKedpZJE06t+FWz9PxuH8iQxn1VfR9RSRkNqBkeoVzTXemqAMPA/NYJ6ayPo1K+Fi4KsU94oJdMY8RvY5U+lvGT4dTE6Nw5yFZBzHDOQQk4U7zgBrj7hJaa7GppDoqiJ4y14OfdSNWrsq99LCHZbluewK7GZ4T5X6me/ZDJZLfJO0AoXhj0SbKzbUcZRQ5p7qYYtxYHShklqlBme6E6IuxtlQr/Jxj8jOOUQ7oIYW57pzJMnGMKi30LBG6GJHZ3ClaAWoLmY4Cv/AAKaCMmOBkouvJ2UMkk4RY3HByo3wBKOSSJ+yfkFRhKAcYTtQLcqlPnAOAxaDsVVXHpyjqz4sLRDLzqbtk+6tWkYzldyE2MymjKyC5214bOS5nAcEanusWrTLvnuOy0UrGyMLXtBGO4VLcLMx7DJStDZAc+mU6E8gEjGQHxEEHcFSKerLCGyNKoIaust5EVRE4Nz9WMt/VWbJoatgLHgO+6epElFMmXW00V/onUlW3Ux2+Vhalt6+H4Bcx1faD5MasOh9DxwtnDPNSO8xLmHsrJvy1XFuGua4bgrVTqZVvszyhnhmeoK+3XmkFVbqhszHDJHcexWU+JPwm6U+JnTlTY77RNlDml0LxgOjfjYgqT1F0nX9Hzuv3Rxe6B7iZ6ADOc/0/8AzFM6b6pt3UdJ4lHMBVN3lpifOwevuu/pdanynyZrtMpR2vo/NL41fADqz4KXUVzqeeqtUriIp8dgvPnzwX2lDoXASAcHnK/Xa/WS0dU2qe0XijbUU9Q3Q9jxkaTzt6r4J/tBf2R+oehqmp6q+Huu5W3xNclHGwtfCD6nfLfyX0Hw/nn+GpfP7PG+V8Fj79Mvt9r/AO6Pm2OqnoneE9py0q6ZUsqWipi4Iw5vdpVNWPbXHUGhjwP1QKOrmpH5H5jsV7qi9WLg+d67RfFPajTRVDX7ZBxynPIBBCqHGVgFXCfI8ZIHZSqapEjA4bkcjK1KxM5Eq/aJYkPBCe1yj+IJCBjCIDpwm9i2sdnZ4Y6hhjeAQf2WYuVskpZC5oy075WpDsjKa7w5W6JGAg7bhJtqU44GV3Sq6MK5vuufTvlWdztstHK54GYnHII7KteM4XKvqaOzXONkE0wlPLk7nGFYRSbBVDQQdipdPJjAK59sP0dTTX4WGWrHnbdHaVCiIPJUlhyFmUcHXrmmg5IxymZOVzJ9UIjvlEPyTGOznKAdpCfdNbJ7JsryCMBGiwVyGqBVbPpareoGqmdkbqlAwcLXUee8osSDg5XclNanLXGWDj5HNcSQM5RRwgs+oIoIwrF+jiemLpIwmII6UA8n7rrydRGU3OEsEeeEAkZ5RnfSfsomTqSZ9jYxyGauEYSZx90nHCtEfBw7g/ZRTypR4P2KiO7pdjHVgJeQmvzgYT3/AFFNPCEYOp/qCtabhVUGzgrSmIwmQF2egq7HyFxdj5CaKl0SGcI7C7nCDDyFLiaHYyrSyzPY8Gl6TgZNVDWM7hejgCOANYMDCxHRVG4yGTGwW4efLhbqlhHl9dPNgAcheg2anZHb2aG4yMkrB0sRmnZGO5XoVKfBp44McBbqzlXPcsBKg+HSTOzvpTekqTwqZ1RKzEjyXZUe8yaaFzBy/YKwoGvpLWHuO4bn9lO0Y+lggSSSV3U0bXO8kG4b2ytTUOIA3xnZZXpdnjVMtdJkvMhG/otLVuyGkbKJCbeJYC027xnfClTFzpA1vdRqEYKMCck5TELyFedLcNKhyPOob91IJPJUJ7sSGQjZTBceWVM8rqm9iIu8kQGysri8uDYWEef/ACVPa2ma6VNSfpLuVZ5NRWa+Wt2CsbL0SYQ2KJrcYwO6wPxBugbCYAd3nAW5qpWtwc7Lx7q+ujrbu9sTjpZ5eVk1b2Q3G/xtHz6iMRljjYIJJsZd6rtMzxqtuvfzZKM1vytEGMGCQCUyzu8Su0FvvleE8ve1Bn6B+ndFt2mqha1rQGjClx8hRoxgAFSWdl4a+e5cn1jTQwkPkOIJD6KqYSckqbWSaIXe6gxDI5XPxlnRzgmQDBU+Np08KBTjcBWjANI2QTwPgEpgHTgHuEFwALxn1Uqk/vwfZRpC3XJ9yii8EtMhcHH5p6p6t2XF+N1b3EE1MmPdVEgySF6DS/7SPnPl2/nkgMNS5jxpCsqmjZPHloGSAdlWFg/CpVpq3NkNNM7I7ZTZrKMFFqT2yH22tdQTmKbOh22fRaKOTUA9hyOQVRV1EHZe0KXZa5gZ8vMd+As7fJ0VPHRX/EPptnUNje9jMyxt9N8r5slZJT1ElNIzDo3Fp/JfXrCHDBGR3Xz38XOmv4FfXV0EQEFSdQxwMrueO1OMQZ5b6h0Xyf8AzEFz7MKDuCjMdjBCCxwduiZ0tyvTVzweKaz2WNHWOa4cK9ge2aPndZOOQ6hhW1DVFuM5XR092XhmK2rLyiylaWnYcpiMD4rckJh2OF0P7mfGOBJDlJIcqETwSGDIUhoDRsFHjIIwpTOVZsolkfBVSwvGk4CuqWo8do9e6pTFrbkBOpq00MwLwSx2xHogOpTY0y+cwO2O6iT02kZCm07mVDA+NwIKdLGCNwlYOjCSkipGqJ+QOFbW+rDmD1HOVEmpu4ahMc6A7cqdGuie2WTSMk1AYCeolDO18TSd9sKaDkZVo6kLEx6ehtRByrNBzASwEVn0hdS8kBsjAVXcbMJyZaYhrj+E91c4KWChfJcoRn+R5xc6GWN7tTMEfuq/GBuvTqmhpqtpbLGCfXG6x136dnp5XOhaXN52CTOGTkarSyj98TPEYOE1skzJGPY/Gnt6p7wQ4gjCGWkrLODjyZYtpmltN2bI4Nkdzt9ir5lRkjcFedQvlp5RIw/+q0luurZdPiHAO32VJtnV02paWGa6KbVjJCktlOASqimmBAwf3U6OXYZTMnTqvyWUcgH5o7HjKrA/HB591Ijl3+yhthYWkb89lJjkOMYVdFJ9PO+VJjfkDblQ1RmT2u9kUHKhsfjsjteOVDQnglNR27AqI13sjCQD2RxwGkSGv3wieIFHa4EHfCTQQec5RYGRjkljDgN0Q78KKx42GUVpG26EYqyQMjgojHHbdCGMYKIzAUckxigSBI4d0RrjnlRkQcpUntfA3YTA7blLV7hABOkbpAkd1XZcYkkE55RGnjJUdPyVMDdhKa4gbFd1n+pRtXukHY7qyiWu6vZAEucDCeJfZEElkeDg5Cc1ztQ3TNTexTgR6qBJZJIO25XdXug59Cug77lTDD2h8+ifkoDSMcp+oJiTZWAv0ruS7uhDB78JwcCcApqjgg8ZHddyUxDkkYxpkke1rRyXHZGlkFyUeWSw/Dcnj1UStuNNSR+LUTCMdu5KqJ+phNO6hs9O6ec/jLMxNRaHppksrK+6zGpqRvpyfDb9mp0azNO2MuEChnvN+eYog6lphzIdnuH+FXlnsVttjD4cJdI7dz3HJJUmNuNOloaBxhTWxjAwnqKQpxcuRxGFxJcJwiCHrucKO6cNOMJrpwRkgIwm1HskSHOMEFClqaamGqolawepOyzdy6yoqKT5ejArKk7CKN3+uFVGxX/qqcf7RStiohu2niGD+Z78KCp3LqJZ3jryKKpbQ2OjmuE52IjADP8AzH/oq2Dpe+Xc/OdSXFw1btpozhg+4Wuttjt1phbFRUzGBoxqxufzRayVkNO6Z52bklWlkxXOXbZRTw0Voo3uZDHGyNvYcrNUduluVT89WHyk5jjPb3VhUyyXeq8R7j4DD5WcZ9yptPEBgNGMLXCODmXyyHpadsLSRjdEOyQ2GFFqagQ88JiWTNKW0dVVsUDHOc4bLN1lRJVSa3nbsE6tmM8pIzgIQGeU2MTnam7IMj9kN7wMHjCPJ9KrZ3awWjZMSyzl2zb7AVMr55NPZOy2NuAEgxNlGcJkVwYpPLGOeTlBPdEOwQiQdsoBTHOIAO44UConETS4nYJ9TL4QL85AWfrK2atm8KmyGn6lG8GWctpGqaqqr6hzQ8hvCsaa0tjjaGEDbJ91yCmaGNa1uMcqe+oZDES/bAAQiJSysgamrpbZTeLIQNI29yvOLzeK3qCtdS0ryIwcOcO3spXU9/nvVcLfbc6WbOd2CdQ0EVBCI2jLju53qUMlkw6i79DqGhgoowxrQXDkqZpHOMIbchGUUTA5uQkkl0NJKIJPI9o3T8jGccJpcGAErnYq3yNS9idMBthCk8zgB3XHEFxwixR8ZCoYvuYSCHU4ZCsGMAaGMGPVR4m44CnxsDGanjlAaq4YGta2HzO3KE8md+cbFceTI/ClRRtDQ4jChoSGRRhg1O+6oOor9HAHshdjIwjdRX+OkjdDE/B7lYaepfUyGSR2c8LNbZ6Ml965hBgJpnyPMj99RyuB2puV1xBwuZwCscpZMOGCPK4unlcQEYkWOFzzjH/olFGXEbcq1pbdIcHhHGGQ4wlJ8HKKnLnsbj6eVZiBoGRsnNYynjDQ1c8XP4U6McD0/j7FsOURso2ACCN0UMDfMUeEW7B4Oy4SAMoc08cQ85xhVFTcNRLYif1SpyURcrfRNq6yONpw7fgYVLVVc78DWcexTZXOe7W47rgAdgErNOeRLsbBeZ253SdSzTf3bMqdDTuHn0ZwniaWM4iw38ktx3dguzJWMtdW47swiiy1J7hThU1JP95z7IjKetcdWXEn0VOmP6Bc2+iFHY6j2Qqm2iljLppA30HqrOYzUzdU0hGRtkqHT0M10mdJMT4YPBUVG57a1yRWpLkh26imuE4iiacd3HjC2lJQw0UTY4wMgYJQ6SkipYmshZjHJ9VKaCNiuxovHOnFk+zDffv4R1JFSXWwZW8jV0A5TwMLuD6IXlAylgcOF1JJGUnkSSSSJLJBJJJIvjIMST0lXxkB6vZMcjoQOOyqUcBg9OO/KBLEXkFoUzOdkN0eUmcCEdvlOcqfSTluMYUKRpJBSjlMeFlnWVKKZoqeo1AKSH68BUdNUceysYpg4BYpxwzLOBYNcSMkp6jtwQBlFShDWDft1/0n9E4tcOQV5yzq/qMHerafyRx1le8eeRrvuF8ll9NauHTR9zh9f+Nl+Skv+hvCAByhl5I2CxI6yuh+psf5BPb1jXtIxG0lV/8AD+qj6Gf/AB54t8Zf/Y2JLs8FMc4YIWVHWddjeJh9gm/7Zzd6CQ/kp/wLVfoOP1p4uf8AX/5GoLjnYLmp3osx/tlJybfJ+iX+2sXejl/8qn/AtV+gv/jDxf8A+k/8n/7Gn1O9FzJ9Fmf9tYv/AJDl/wDKketYj/8ACS/+VT/geq/Rf/xh4z/9J/6/+xo9XskXY7LNnrCPn5aX/wAqX+10feml/wDKi/4NqV3EOP1Z46f42I0LpsbYXNRwVQN6spT9ULwiN6qtx2w8fdDLxV0e0W/qfQS6mi4MmHYwueOcY0qo/wBpbcd9Tkhf7aTjxCh/4bb7QxfUWl/pmi2MxacEJrpOMBV/8at7xkSYTv4tRPO0mEL0U4jF53Tv2ThJjtyk6UY4UU3CkeNpWphqqfG0gKv+NNF/8XpfRKJyc5C4SD3UQ1URP1Fc+ai/qKONLXDKl5OqRJLe+Uw54/1QvmI/6ktQ7O/daI04Ey1kGPLUItx3XfE9x+qH4je/+aaoYMs9TF9nQzJ5yu+CAAgmqiaQA7Kd85CRjVumcinZU+zvgA8FBnhIHCd45bu1PZVDP845Rxk4gqNMuiA5kmfpQ9fsrTxaU7ldPyBG+yJXekX8K9MqfEBzsnAZ7qVMygO7Tuob3MGQ3hFjcD+B049Vzy98IZeAeVwuz3QSi2WrsBR5d2lFguFVCdpMj0UMOHqk9w5SpVKXY2GrnW/tZdw32RuPFGrHupzLvRzAeL5P3WTMgdsDwkJXEgEcJM9HCXR3tH5y+rGWbEx0VSzHkc13HquOs1OW5YBlZiCodEQ5pIOCpdPfKmGTzOOAsVmja6R3qPNQsf3ljN08JjnGnHZRp+n6qFhdG4P9keLqXDvM3IKn098pJzpdlufVZHpps6MdbRauGZqWhr2Y/wB3chObNEQZIyMLasqqSV2lkjCfdPdBA8eaJpB9kidLgaq5xn0zEx1LgMEI0dYB2GVqZbRQyf8Aw7R+Siy9MW+Zh2LSOC1IdSY9ZXRUR1/dr9P2OFJhv1wpyPBrJW4/xlcm6YbG3MMpcR2JUY2OsA8pz7JDoWeBkL7P2XdL1x1BTkaK97h6F2VeUfxPu8LQJGRv/JYGS03KM/3WR7FCa6phcWyRPJHIwlvSjo6qyPs9Yg+KtJsKyhc09y0q1pviJ03UAeLK6PP9S8RfcIwBqYcrsdxgJAASXpmOWvsR71H1D0vXDDa+n+xOCjRx2idwNNKHE/0SLwWOZjsOaAM+ilMqqmP+7qJG/ZxQ/APh5J/1nu4tzHbw1dS3P9L0RkdyiADKhpx3eNyvEqbqXqGlGmnvFQxp5GvlWNP8QepqQgitEv8AzjKB0sevJ1vjB69ruuMOMDgPfddjmn/HTPd/yDK8vh+LF/YMS08Dvs0K0p/jDTtaBVWZ4cBu5k2AfywluuUezRDXUy7ZvjVsBAkp5mn/ABwf9An6sjPhg/clqx1N8XunJvLUCeM/qrCn+JvSEp8t0ax3+NpGP2QbGPjdVLqRog94B3iH3cU1s8ZfpaQSFXQdY9OVZAbeaNw9CcH/ACU9slqrWB9K4SA92nYqbGW7a10yXG5rxgAbJzm59vyUYUkWDpe9uPQpeBJjapf6b7qtjGxkpLgkYxsAlod6KKG3IbRVUZ/52b/sFz5i4wf3sDJP+V2ELWAtvvBLx2PdOAOOFC/idSw5dbZ9v6Qx2UVl+t0jNUsc9MRsfGZp3VYyC4pchjHGT/Mja4e4ygy2iyVmBJQU5PswBJl1tc+BDcac57a1N8BrwHAjHqiWUC8Mr39J9Pyt3pA0+rThRHdEWrVmGpqY/QNkV62Jx7pFrmkYOCO6ptovajPO6Qq2A+BXggca27qOem707PlpXDty0lakurG48M6gntqKr8cQKvfIHYjHOsd4gPnpWOH+FyF8nVtPnoZW474W4+Ymx5o12OqhecTQuH5g/wCSH5WX8ZiREGjDoH5/5UtLG76R+i3P/uw/VTPP5Lj4rMBvbpCT7t/6qfKytiRh9cYOC1uPsiNnpjnLmj7hbEw2XO1vkH5MP+aXg2Ugg0En/ljU+Vk2Ix+ulIz40P2XNcXYNP5LXGishOfkX/8AljSNDZSMGjk/SNT5WU1gyIfH2a39EnYOPMAtZ/CrM45bSyD/AOX2Xf4RaT/8O9T5WCZQOA7j9U44I7fmtObVawdqV5/NP/hVs/8AkR36qfKyGTdJp28KPf2XMZIOwx6LWfw23A4EH7pwtlCDvAp8rIZTGBxlBw3P91J+i2gt1AP+AE/5Kg48EK/mZDFhgxnQfzCWgf0fstw2kpQA1rI8dshO/h9Kdz8uFXyMMwwjJ2DSnilqDu2LK23g2+AgudTn7JOrLLEPO6P8gr3sLKMT8jcXOGmnBRmWy5Y3pFqzfbFTnLZAT7Bck6ytELfJT1Eh/wALMqb2AZllluUh8tKVIh6YuhwTT7q2d1zT5/kWWud6Hw9k3/be6yjTT2KQehc3CFzyHkht6XuWwc1jP+YqQzpetA3kZumvv/VtUfJRQsHbIGQhj/bSq/8Aj6aAe3Kjky1NIknpSbbx5AP1Th0vTRjLquQfmoYtHUcufm+qQ0f0tdsmnplz96vqoO9hIqL3ZJjrTaYP76qzj1KE99hp/pqQT91GPS9iyPmrxVS4/peSn/wPo+EeYVUp9ySrTaLyhj7vZWbCpjH6IBv1tPFU38lLFs6WBzFbHP8AdwKeKW0s/urVAzHfGVG89kyV38doz9LifsFFn6iEbtLaOZ4/whXfiUkefCihj/5GbpgqaZhJ0NJ+yoKXJSO6jqXjTFZ6pxP+FNZV3x+SLVOAfVXbri0ZxG3bjAAQjeX8dlAcoro23eUjXTPZ91INtriAZJi0eyU16dxlRJbpq5lcB91BmUSBR6T5qqQn77IunDcaj+u6rv4jDjebJ+6G+6ZBMQJI90zbkHJOfAXH+9lGPQpCNrNsH7lVTrhcnnETMBIUl4rfKZNI5VqLBlLJal1O0Zle0IEt3tcGS6Y59gozOmLhUYDnPePbKsqbo2Rwb42gY7HlTaVkq5OoY86qeF7x+ijPvNzm8sVP4YWwpOkaZhHitYQPRWcdgt0YAEIOEewvKPOflL3XkATyMB/pVhTdHXGQZlD5M/1FehR00MLQ2ONoA9kZp0+6vYTKMRQ9CTOf/NY1o9SreHoqKMgyPaWj0Woa7bdOyDwVXxpkyUlP0zbWjBjzhT2Wm3RNDW0rNvZTAMJEdjsrUEibgTY6dgDRC0AceUJ7wANsDCjy1FNCMzStaDwSVBquo7JTDMtxhGOwcq2BOSRbCdw2XA477rJ1XxD6fgcGMkkmzzoGVR13xeaxzm2yyyyEcGQYBR7Bblg9KbqJznKfhzec/ovGqn4oda1Lh8pR0tMz7bqhr7/13difGv8AJA3sIjp/VFGtsRZZg96qLhS0/wD2mpjiHq44WaufxM6MtLiHXamqCOfD3IXiknTk9Y0Or6yZ8h3LgTv90+DpWhibifwgB3dyU9UvBmlqZLhHoF1+PFmjkMVooZ6k48pxpB/Yqgn+L/V1ycY6GxtiH9T3Yx+26qALPRgMLmEtGwa3Kcbs0HFLQyEjgkYTIafcJd837FV3f4g36Pwaitmp43E5bC7Gfuo9L0ncHnNxr6ksxkl0pUpr75UHYiBp4THW2vkdmsuTiz0LiAj/AIhHekuR8Nl6doXmWWrZI7/6NIXfsi/xDp+ldmF8Jd/gao/8NsEWHVlZE8+mpB+f6ZgmxSwOkLdtWjZXHSiHqIosTf6RgxBTSvzxhmyX8auD9obTgepagMvETv8As9vmd7hiOypus5Aji8If4wnLSf2AeuS4TOOrb1IfLTRxg+gTHMvjsYm0fkpUcN/l/HTD7jdH/g14kxrq2Y9ijjoYy7Qmerl6IbLdc58eJc3t9d0eOyQNAdUXcvBHD37KYzpppx8xXyau414RJqPpyjZpqamJxHPn3z7p0fHx/Rkn5FVfnLBFNNaowMz6/cFJkloicHCMu9gnu6h6Oow2KUeIBwGDKhS/EWz0jz/DrBISPple0f5LXX4hz6Rhv+o9LQvumXDJ6d4Aisk7sf4URzpwWmCyzsI4yMLLn4kdSTkmjbT049fCyVBqL31NcSHVV3lc49xsPyC31+ClL0cHVfWumj+HJr6i61VKMyWyT8sKpq+rbqARR2Zzsf1DKz5Zcz55LtM71DnJpmfHjVentJ7B2F0qPp5P8kef1n13OL+x4LOpvHVFZBp8aKj1ciNu/wCZVFWWq5VRb/EL3I0MzjD9OM//ADE+praUYNTemH0/m7qudUdIADXMHEf0jK7Gm8HXV6weT1v1hZPuxv8A6khtp6bp/wD54V8LjyDrOT9z3SNd0hSYbCyWocc4ELC//LhQTc+ng7FJTPlx/TH/AOqPDdSD/udgqHE98Y/0W+PjK4nm9V9XWy4jz/1CDqClgcDbulJpSfxSDQB+oKX8d6gecxWmki9NTsf5FOM99qSDDZZ2+zhsUaG09WTka6CBrTx6rTDx1ZwdT9R32dNL/qV9TP1XUnX8zDET2Y3YKM23dRTu/wB6vc8YP/duwtMzpXqCobplfHGO+DhFb0TUNIM12d7+bOFphoq4LhHJu8xfN82P/oZgWAE5q7xWzE/1zED9k51hsbSHTTB+wBHiE8LUf7LWlg/3m9Ru9g9dZaemKc5fVMfj/Gnx00H6MVmtsnzukzNC3dLNGPCZn13RIaex07tdPTtLvTStKD0rFgaad2O/JRf4p0vAQ6FkeR6MV/x1H8RP8pvtNmc+Z0nFPbCR66AutkuLyBDbT+YWlbf7aN47e+THoxcHUjCdMdmqyP8A6WmKANk5v0UTKS+S4HyrG5UltkvLhh3gjPoVbC81EuPCstX/AOVFbVXNwy21Sgn1RqADsZTDpu6Hdz2jKMzpu443mCts35+C2jA9iU5h6l4FLErVQv5peirb03V5/mPB/NFHTM7scHH+JWopuppMDwYRn2ThbOohufD39lahgnyyRW/7OSnGR+pRW9Ov32P6qeLZfncuCK20X0/i/dGA7JP2Vf8AApW7/wCqcLIcby4KsTZ7u/Ac8/qiCw3MD6leBcpzXTKh1jceJv1Tf4HIP+KP1V1/A7sO37rv8Fujd8qYK+af7KYWSbs9EFnq8btB/NW4td6A+3shmhvbfqZ+6mAo3SxyVhs055aE5tnmb+AH8lYeFd24HgkpabuN/lyVMEd7IQtbwP7sfom/w2Qj+7b+isBWStGmWBwcOchdNfE3+8aR+SGUMkjYVbrQ458g/RB/hDgT5R+ivI6yCR2GkD7oolYTjW1D8QTtaM4bMTyxv6JrrGCP7ofotSNJx9O6eYthwp8QLtn6MU6wgk5iH6IX+zw5EY/8q3BpwR9AQ/lSTgMCH4k+0RaixezDS9Pj/umn8lHf01qGBG3f2XoBonejf0XPks76WIZaeD6Qa1di9nm0nSpBzpYc+yiydHlzi5pA9sL1EWxuS7S3dDNsjB/D+iVLQ1S7Q6PkLo9M8jk6fuNO8sjLtPsUOSiu9JiVj37dsr182yHkhp/JRZ7bTux/Lb+iTPxdUjZT53VUvs8pZcLjAQ6eIlvspH8bPdrgvQqmy00jNPgs3/whVdV0nSzM0loH2CzT8PD0djT/AFRdHiTMkLrG/ZzU0yxyDsFe1HRLGRl0TtRVVU9M3CnZ4jMu/wAPdZLPDzXKOpT9Txf5MDA/RuHZRG1rgcEbKK6kroG63wvA+yhvmlbnOfzCzS8VJcSWTp1fUMe4vJdisiO0hxlO0RScHHus+ao/iRRXubuHJMvFP0jbH6hLl1G3GQEN1Hp4GFCZeZmYaXZCmQ3emcBrO6zvx9kPRoh52Eu5C+TPOEhCW8tRG10TziN4H3R4ZonjDgotDL2hz8rCS/IitgheNEjGkH2XXWWje3Oho/JWkdJTPGoNOUeK2Sv/ALrfHZEtCzPZ5OEVlMysnTlPrc4OI27KK+zPGzO3dbV9pqsbR5QjaZx/wgnQ8Yp/kcnV+flQt0WYp1sq27NaMKLKx8DtL4iD9lu5LXVg7RoL7NI85fG0/cK5eGi+kYa/q9t/fyYGaihqz/NCPabl1b0fUCt6UvtVQvadTRHI4Nz64ytoenIJj/OiaPdVlZ03cqZznwaZ4hwzG6x3+Ek1lxydKr6opfMZOLPTujP7ZXVNoFNQfEO1MuEA8pq6c6Zu2Tpxj9ML6G6L+M/w568pon2DqalNRKNqaZ+iTPcYK+GamONsZivdqqaeM8HwdY/9FWjp6kEwren7nmUeZuh2lzfyXk/IfTcHLck0z13j/qyajiTUv+p+l490s6Rqbt9l8H9J/wBon4sdAOjpb1i6W6LYR1LS/b9iPyK+hvh7/ap+HXWYjpK6d1orH7eHO8Ojz6a9gvL67w99Cyo5R7bx3ndNqkluSZ7jBequmIGdTR2JVtT3+lkYDKC13ssvT1dLWwtqaOeOaJ4y17HagR7FGbpAyTj3Xn79NB9rB6Ku9++TaRVsVS0FkgPt3RwcDOSFi4HuadVPKdQ7BSoOoLnRkfNR+IwdwFinptvRthen2al0mTxwnNqNPbKraO90Fc3yvDXnsTgqRjPflZ3XgPcmWEVUM4JG6PHUMP1bFUwJByCiCd2weVnawTZnotSGu4Q9GOAo0MzTgteT7KT4hZjLSVQLTQaPghJ4yM+ibHPHJsDg+ie/jCgPoAWgJHhdIyUsYRAgiTlEaTqG6am4KUBglgnkO5SJx3UbX21fulk+qJMFxyTA4FMMjjtpQQ4g5T/FH9KYsrkHA2RjJGlj2tcPQhVUtpmik8a3j3LCdvyVy3Ds7J0QxwVI2NlFJFUOl/lv2cNi08gp5kqKI62OOk77KdVW6Cqd4oJZJ6juq9wqqZ4ZKA+PfB5WiM8lSii1pLgyobpk0nPIKyHVvw7kuNT/ABnpypjoLi0hxlazBeB+F2OQriSLU3x6U4cOWjup1BcpCBHUtDD2OVqqvdTyhco54MHZes9Fa6wdSwfIXGH+X5j5ZCO4+60cvhVMMkMgGl+2cKX1X0RY+sKVzK2BjZy3S2cDcfmsM24XvoWYWrqINqqFpwytAJyf8XuuzpfIY/NmedPtHhv9ob+yRSdW0s/Unw8iprddmapZaYZEFTtucZ8pC+FL7Z7v03eKqzXq3yU1RSvLHNk2JI529F+wjKynqadlRTSNkhlGxByPsvLvjN/Z66T+M9vLaykbFXtGWVLBuD7juvaeI85PSySn0ec8n4GrXJtcTPzIpK98bthlpGC08EKQ6GSlIq6V2qN31N9Fc/FH4VdX/B+9/wAI6noh4UgzDVx5Mcjex9v1WfoK8NGh27HbL6PpNZHVR3w6PlOv0FujtdVqw0WFNXQynnB9CprZA5Z+doil8WLgnj0U2mro3Ya7Y+/ddSu39nKsr/RcB2QUzSRuhxy8Hse6ktLXjHBWhcmZxwCdpkBY9oIPIIWZuVukpJC4DMbjkH09lp3nTwhyMjnYYntyDss9tO8dVY6+jGaR6rsWzuVOudpko3GRh1Rk8jsoDVx7YbZYOzproyipJk6N5GFLhkyBlVcc2CMqUyULHbHHR2NPenwWTSMcpj+UKNxxzlEecYScHRU8odkeq5sUHJ9SutJJ5KNBKQWYAxkdsKmcMPd91cSEaPyKp3Ea3euVrpOT5WOcND2pySS0o4D7HJFxHBSSRltZOavZdDieSuafddUBjHAk144Tk14zhQM476Sop5Ul30lRx9STPtBQHMSefRPb9KCfqURH2Eb3+yjyI7OD9kCRBZ2hkOAJ5XF08riWMORjBHsrCmJ9VAZyp1MnwFWEpOauYKcwYKYJnLHAaPkKXFvhRouym027mhNrWWZrWekdHU5jow7GM8rQPOMKt6di8O3s2xkBWEzgMLbDo8pfmdjJdnYZa9jQ1bthyQPyWR6cjBnDyNytfAAXjK11nOtf3YIVePHuENG0ZMbg8+il36rdBRiBpDfE8qBTtMl5dKRtjChdSSyTXinpdZDTgbIpSwIwW/TUIhgA9ckq3Mmt4GOFXWpoa57Rw0YUppGsj0VLnkz2puWS0plxp1TGNciOIyfZDgOS5/O6MWSHHIKqLtUtpqKZ+RnsrTXkEY5WP6lqnF7KZpI1uwrGVrLwT7CC6jMxG7zurJmGjjlRrdGaWijjIGSMqQXt0kFQuzgrrzV+DTuf2AK8efqrLm98Y2dJn91veuLnJDQyMiOCTglYuxNa9jpSPMDhYddJfEz1P01pfkvUifcZdMbGDY4wpXTlJ9VU9vOwVbVuc6cgnYBaSywFtC0+q+a+Xt3ZR+ifp/T7VEnjhSItxjOEDHZHjyBwvI3Swj3tEcEWvB8HGeVFjBDd1OqB4jgCghgbjHZZXLJt25JFG3LsEcKyHCg0rfPwpw4SZPJorDQnByAq9xOt4z3KnwnG2FBk2kf9ymwFagy1dIDUyByqahu5wpt68lWTnAUB0oIwF6PTrFSPm/lZf/MyIp3eQThDk1RP8dh+k+qfKw51AbLjSCNBKbLo5S4eS/tdXFcIdBI1tG4JQZ6OSmqNTRsdwqZrpaCp8WF2NPPutVHIKqmjmBDiQsslteToUz3Lkm0r9ULC5wzhZv4k9Ns6j6ZqYWMDp4m62HvsrynOCANsKVgOYWu3Dhgp1FrjNSD1NXzVuB8fs8rsH8OyO12Oy03xM6aHTfUkojZop6omWMdh6gLLg5wvZaW754qR8w1NfxWSj/cK3ZSYZC3YFRWp7u263wbXRkayXtvrckRvwfQqc5oxqHdZuF5BGCQrykqg+NrO+F1absrDMdlbTyEOyS67lcWhCQkZO26msILRuoCkRnGMnlMccodRLayfGMrpgZO0sI/NDjOFKh4CWdetZRFp6mot0waSdH+a0dLVR1UYc0g+yqJqZkzNLh9j6KLTyz2+fGSWoDXW3A08sTcBV9RTu4A5VjSSNqow8EHZEngDgMNQTWTTGfJXUE/gu8N+wzhXUUwe1rQqaaDBy1qLQ1Ra7D+yo6FN2C6Z9QRxwo0Tw7BzgqQ05Cs6dc9yCJ6YnjlCMCaG+ibhv9P7oh4C4iGxjuB6fdMLA4YdghSsO/p/dM8NyXtyH8f7M3dOlYanVJBpDjvjCxlbQTUcphlYRp7+q9Y8I+qj1Nppa9pZURNJ/qxulygmYtRo4Se5I8jLPROY4xHbutde+jpqcmaiAe3nCyk8Lo3GORpa4HBBCROvac6cJVMtrbdnNxFI7HoVf0tYX4GrKwgOgqbSV88JGHkj3WZtjaNS0+TfxSZA7qVFJkrMUV0c5rSXK1pq3Uck5RHWq1GS9icNjkKVHKNhsqmKp4ACkw1AyCjOjXamWoeitkIUBs44wjCQbIkjTCeSxjfkZxyi6t+cKDHKABsjGQHgocM0Jk5kmAiavQZ/NQ2vRBJhGh0ZYJLZDkDCM152UQS7g4RWy7bqD08kxrzjlGDvQqC12/KK123KANPkmBxGO6IH47KGJhwU/wARpCDsNSyTNfsn68qJ4nsiavZQNP8AZLDge6fkeqhh2/KI1+MbqxqJOSugnKEJfZLxQoWSAUTPoorHjI32Rg4EZyiIEyV1rjnlDSGymOQlLBKDtQ4XdWnsowfjsuh+TwmpJE+QlFxCdqPdADs8ldySMjhNhHJMr2SQ/wBSF1p1fSQVQ3PqS220ubUSkyM/4bd3E+wVYx3U/ULtdK3+H0j+NQw4p8YtmezUJcRZoK7qKiopvlmn5mf/ALqE6nKtjorz1IQ+8u+UgH/wsXf7u/8ARTbJ0vS2smo3lqZN3Su3P5K+iZgjUMp0an2Z98pdsHQWykoohDSRaWgd+VPDAAhMySMDhH/JNSwLXDHxgZCe+UxkDCiOl0EYS1kudJLJzx7IhuSc2YEJkkhOwCq667UdBEZaiYMaO+VkKzqi6XqU0lqheIxkF57qCXdteF2aO79U2q2uMUshMw/AN1n9PVfWBc14bR25xwANi4KxsPRNKHitrQ6ed258Q5C2sFOIGNa1oAHYbBQkfksf3dFNYulbbbGh7adjpAPqIyVc+GG8Y/RSGgDgJrgByVaWWHOKgssESACTwAsZdbjJcqw01MHCCF2HPzjWf+im9QXuSoebdQOIZnTLIP8AIKJR0rIYGxDfT39VohE5+pszHCGxQCMDAwFKY3SMLhZggAJSPw3GE5HKnLHZ2adkLC5x+wWfrqx0ryxrtu6PW1JmJjjdxyVXFmEyBhusz0c1Fx3anlwAyU0aW7lRqmXPCacy2TY2rqTp0j9lCBJJJT3ZdyVzGxOeEyCRjseQa4SAunbKESc8os4M7OSPz7KHNIYmasZRqh/YKrrPEmb4bHlvurQmUskSvnqK17aeHys5e72TIo44SGxt37lSGAQxlje/JQ4oHDMjuM7IGsmeUdxIiAa0uPZZHqi9TVpFst7tBdkPeOcKVfr6/Jt1vcS87OcOyq6WibCNcnmkO5KFo5mp1MV/pwB221toYdOkF7vqceSpLm4wjMOcrpGVFEwTn+xjRhdSSUFj07ACauu2CIYhS743TDsExziXI8cRIU7GIHGxz3cKSxhxgBCOtpxH35VjSUr42B8h3duAhZoqQWmgDR4sgHGwSkeXu0g7LkpJGlpwE+CHG7ktmuB2Cnz5nKtv91FBAWRvAcefsi3O6x0cTmsfh+FgLncp6qUue8kFKnJJYAvv2JwgwNzrn102p5yBworXHGEiMnK59Kwzlk5fsW7uSlp90gcLowTuUnDbDYmhHpoHTOwO3dPgpnSEADb1VpC2OBmA0J8IZLWO2coqCKM63j7AqXJPFC3AdgnjCjSVBPlaBnsuQxSvdqlbhNjDAas9RY7xJHuzkkI7WHSEVkTQNm4Sc8Rty5pAR5wW032ca3uVGqKwR7AhArLmxoLI91VPndI4kk7lLnNJAykPrK2WoyM4yd/sooGn3ynkjlMY/PZY7JMBcnSQdglktBx2XDtwuHZZJTyydllQ3JjWeFUDOO6M+qoZCC0Yx7qi1ZyMLgyO6uN2OxZp457a2MOdGS4b7YQn30A6YIyAOxVHDHJLnSScK6tlneMVE+5O7WnstdMHe+EDOcYLkTKWS4P8WrHO7R6BWdPTthAaBsEZkYZuQEQNI/JdfTaWMMMxWWbuhNAxujAYTWjy8ov5rpJPozOfJzV7JfUiJI1ApvAwchF2IGyanK3FCXPDEkkkhLTyJJJJQsakkkiCEkkkjBk8CSSSQFRlkS5jK6kgayNYF8QUSRpLhtwrA77KPJGHDOEqUclKXIyFxaRuFY002cbhVjWEFSIXhhGSsN1WS5Ryi7ilyMKVG7I4VXA87D1U+JwwBhZJLYY7VhkTwsd0vD9/2RklyWsdkyC8MLnh+6MkqSwQHp90sH+ooiSEaD83qf1XNJ9ETASwFCAdH/y4S0+hRNHsuhu/CFrJT4BeG71TXR5HP7KVoGE3T7odgMXlkIxHfI2XJYRt5RlS9O+U1zM43S51hrjkg+Bvs1IxEchTPBXPCHqlyqUlgZG5rohBrgeE8ZwpZjZjhDMZzwlfxIPsatXYvYLW/ON/1RGzOG4J/Vd8MDfKbp90E9JD9GqryNkfYb5yXsl85IeR+6F4Z/p/dLQf6Ur+JBdI21+VkvZJ+em57rvzdRjAf+6j6f8A5cJxDTsSkvTZ6N1flnLthPmqj/vP3TTPUHl+QmNgy7Y/uitpXj8STKlR9G2HkXL2LxH+u5TdU/PiD9ETwnFcMTuxwh+Nfo2Q1W/sF8zUtd9YTvnagDzOGE/5R5OdQ3XfkS4ZLshTYjTG1/0gDdHAY8QAoYrZyfqyFKFsgO7iCURtvpx2U+OPpBqdjfLIoqSRu1MNQ4jGFZCnpG7FuETwLaBnVj8lFHCwaVlrllSHuLhkowcS3GVYaLeO64RQDcFC0C3grcSncApObJjcHCmmWkBwHBcM9MPpIKpRYSkvbIOmQnLgUZrSBwnmZgP0pGduOEXx5GRvxwhuSOE4/ZDdNg8Ifj/4ULpTH16hrkkbDGyWrHfKB4pz9OUtbx2QvS5NUNe4dsk+K5pGCR+alxXqvhYGNlcQOMquL8jzBdEmTws89DF9nRq8rOPUi+i6pma0Nkh1Y91Pg6noXs1PDmu7ghZYJ2n0Czy8fWdKjzdke2bSOvpJmh7J27+6O2NkgBDxg+hWKYxx2AIx6KTDLPDu2V7ce6yWePX9J0a/PZ4kjX+EQOEB8DSfPECPcKkhu1bH/wAYke6kDqCoxh7M4WZ6Cfo2w8zRLsnSW6ik+umZ+ijfwO1En/dQuQ3xsjsTMIB7hHFxpj+JJlorF6NdfktPLjJXzdM0TnF0U0jB2GeFEf01MN6e4N+xcVoBPC5uoPBB90wtZIfLhZ/4k/ZojfVLpmaktN9gP8swzN/dCdHdWY8SgfkenC17YJCMxjIRdJH1bIJabb2Hug/Zi/nWNGJopGuHILSuMq4JfKHb+4WxfT0sww5jTn2UV1lt7jtCN/ZInTuY6DXozWiPf6cH7Lhg1DBaMfZaJ3TVNOMxeXCjHpPJ8lwlHtlD/GDTy8FH8oc5aWhJ1PUZ1Coew+oJBV6Ombg0YjmbJjuRugS2S8D/AIbXgehQujA6MJorY6u+Ue9Heapmd8CU4U2m6069t5Bhu0kg/wDoh1/5pwtlxj3kpOO+UJ9PIDhzHAoPhRb+RvKk0W1P8X+uqRpbOKaYehjx/kptN8dL1GR8507C73Y5xP6LLvhbjzN/ZB0Y24S/hg/yDVuph1JnoFN8f6Ju1bYqtv8AyDAVtS/G7omtAZXw1EGf+9hLh+wXk4h184TJKdhGksb+ip0xX4lrXaqPHZ7VD1v8M7kPLW29p48zXRn/ACR42dE1ALrNdooqg8eBVD98uXgf8MY0aRg+6H/Bmk6vEwf8kPxD4a6/ucf+x9CNo75Teej6ulB5xIxrgiC6ddQAYrLVVNH9TXhx/wDKvAqaK/UGf4beZ6YOxnQ4jPpn9VLg6w+ItC8siv1Q9rf63FwP7oXUM/4i13BnuUfWPU9M/wD3vp9lQB/8jyFv/wB8UYfEjR/2zpW6R+7Gtk/yK8Wg+KHXkJxUeBOO+qPdT4vi/XM0/PWDURyYxhLdZa8lH2mj1z/2odPtIFRR3KEns+n/APVPb8T+iXEZuL2E/wBVO4Ly+P412oN0VdmrAD6NGEdnxd6RqD/Nt9UPXMIQfGFHyUJdSwens+JHRTuLxjP/ANAf/wBEX/b/AKLcM/x+In08N3/ReYj4ldDyYLqaUZ9YkRvX3QbuxBP/ANDVfGNhq4S7kj0w9cdKYyLm13oQ07/sgv666bG4q9vXSV583rboJ3mwwZ7mMI4606KGDHUw/wD3MKfGH/KqX9RuT1108BkVBPsGlCPxBsA/DPj18MrIt626Ob/xIP8AyBPb170g3iSEf+BT4yfyqv2asfEC1OOKf5jPp4L/APou/wC30HaCqP8A9rKyrfiN0o0YZNG37NS/9o3TQ8wnb+oVfGT+TV+zVf7felFVEe0ZXP8A2gngWyuJ94tlmP8A2m9Nt2DwnD4n9P8A/eKfGV/Jq/Zpx15Vndlnk+5i3Qz1nd3na3OaP+XCzMnxOsoH8p5/RC/9qNs7NP7KfGX/ACav2a4dVXojy0jc9sob+peqJBtSU+P+VZM/FK2tI/lk/kFyT4p28tGiJ2VPjJ/Ir/Zqv4z1O47wxjPtsuPreo5ANboB9ljz8TwT5Y3Y+yBJ8R3SbspJ3fZitQJ/Ir/ZtYzdpT/PkYfsiinnI+nP5rAv6/mOA2hqc+wTH9a3WQfyaOcD3R7UX/Ir/Z6HDDJHu6NqMyo8POAAV5g7qu+yHApp8/dD/jnUTzjwJf1U2oD54vo9UFwnGwlwERt3e3ioXlLa/qSTiGbdHY3qqUZayWPPdA6yfNk9KkuT2nV47zlMN2eB/fO/VeeMt3U8pGurnb7ZR/8AZ2+Sga66f/zKtoSsbNq67wZ/myu/VM/jFvHMrR9ysnD0lcHuxNWzAHvqUpnRjSR4s8j/ALvVbWhkZNmhZ1HaIvqro/sChz9YWpgy2cbe6rYuiqTAzGD7kqTF0bTN/wCGAi2sPIj1rA44ikDkOTrCoeA2OEj3U6n6RpwfoZ+isqfpO2twZNRKuMM9kyZc9R3R27GYz7IZu11ld3z9luoOnrVGM+FlHjo7VC4OjgGR6jKLYFkxEJvUw2Dt+NkeC036Z3macFbloj/BGNvZF1ggDSBj2U2E3YMpB0xdpWgOaFKb0bUnBqCD7LRCVwGkE4+6Xiyf1n9USqZMlVD0lRMAL8ZUuPp2hiOQxpU2LU7fc/mjkY+p4H3RxhgpzwRI7TRs4hbsiiCNn0saMeyHVXO20YzPcacexeqqfrjpun2kukH5ORbSt8PbL1jQ36dvsnjc5G6wlX8XLDCSKWCaYbgEDYqpqPi5dZ8i2WprfQvCigV80P2erNJxwdkpJY4f712leMz9a9e3J4bA9tIB+JmxUbweqq84rr1OWn0cmqvILtweyz3i2U4zLWRMA/qcqup676aptv4gyQjszdeZs6c8Q5qrjUy/d6kMstrh5YD7kq/iZfym3l+J9pAIpqeaQ9vKq+T4l3R+RR2nY8EtVGHW+mYGt0Nx7BCNzo4t/FV/C2V86L1/WPVM7dbTDDngAbhV0txv1SdVRdZmuP8AQ5VcnU1sjBzLwqqp6xt+4Y1zzngFV8Mn0VLUwXsvHxuLi6SeRznfU7Wcu+6YKSF4GthcspL1ZUynFJQzO25woor+p65+iPVC3nLgmLTtCLNWv6Vk2MsFLENmtYO+VBqLtaaQee4QfbVws+6x3CrINdcpS3vhxT2dPdNUZDqqpMjjzqdlNjQZ56qcuuCXUdX2qN2mF/jPPZu6FHfb1WPxRWduOxwuNr7Bb3E2+0iZ42z4WcrpvN8rTppKQUTT30gbJ0aBE75+2Gioup6qQuqCYIyMkuOAAhTUVBEc194DiO3iZ/ZcFJXzENuF5qSz+lruUaG0WyEAtpg8/wBTjklaI0CndlEf5u2sIbTDxHDu1qM253PytpKBgb/U9SdFO0aY4mNA9AmvlbEPMcD3K1VaXPQiepjDmTAumvlYPCnkZCz1Zykyztl2qayolHoX7KPU3620f9/Uhp9CVBk64s7CQJNX2K0R0Up/ijmajzOlq/KZdixWoDJY4n1LlNgoaSNmhkDMDjZef13xG8xbRUoONg5ypanrS+VBxHP4YPYLRDxVjOJqfqrSw4hyewmppaNmZXtjaPyUKXqy0RHHzAJ+68kkq71X4E1RNIPTVsnxWuufucjPqV0afDSxyjg6n6vknitHolX8Q4IXmOCJ2Bw7IVa7r26VBIikDR2WZjtUEbQa6o35AyjB9lpBguLh7LfV4iEX9yOBrPqnU2f14/wWdRfqyqJFZXPId2yo/jiTZkhd+ahm92WE6oKWaR3/ACqPL1I55/3azy7f4cLo1eLqjzg4Gp8/ZLmc2/8AqWzSM8bqXFNUtADaV59CeFnWXq8zv0MtscQP4njCKZOoZfK2tZEP8GVshoor8UcLVedcn2alrLrKA6OKNn5YRHUVU9o+bughz/ScYWPFrvU5zPfakD0a9SIOnDIf94udXN7OkK1w0yj6OVZ5fPs0ptdhcM1nVOMcjxUGT/2fQDFTdzIfYudn9FUt6ctgHnYXfc5Uynsdoibo+TaQE6NLXZzL/IfJ2yQ27/D+ma4QUb6h5GzjCXY/Vcg6ssEZ/wB26cln9P8AcmD/AER42W2mYGCGNgHGwRRX0bT9bQmfGc6drm8jG9XPk2ouiS09iY2Nz/kjRdS9Yu/7L07BCDwX42SffbbAB4kgH5qPUdaUkYHgynZX8YKUn+Eckz574h1Zy1tBEPdEbSdYVW1ZemQN9YW5Kpj12zcZKjVHWchH8lz9+yOC2sB03N52ovj01cZnZqupa3H+B6I3o+zSEfNXi4Sn0dKss/qyreNi/wDVCF7rZtw935lHu/sDLT2v8uDa/wCzPS0GDLLM/wB3PJUhlD0tABpp2n/mJKwZuNfJjzuH5osVRWu5lP6q1L+wP8b9yNwJunoj/Loabb1anNulka7LaKDI9GhYJxnLg7U7JPqjtNTgfytvXKIio/ub1vUNtYAI6WLb0aE9nVsLdmwxj/whYRnzBI8Nu6OIa5w+gbq1JIt0L0zbjq2Ls1g/JI9WsO2GfosS2irSdwMfZHbRHHnYPfdX8iBdGTYs6tj9kVnVsZONljW08Q2e8D7lEMNtjAJq2Z74cp8iK+CK9GyHUcLjqL3b+6f/ALS0ORmof+qxYms7B5qw7dsoBuFiafPWEfmplC5Ut9HocfUtBj++d+qPF1FQv/4xXnDbtYwPLO4/mmi92sfS9ymUgfgZ6g2+0nLZB+qe28tk2DgfzXmAv1EOJHJzepNOzJWkD+oI1NE/jtnqAufGDn80UXJx4zn7Lyt3U9Sd462Bv3K7/tNW7E3OMf8AISr3oF6VyPVW3Cp9Mj7InzTyQS0rylvVFbwK9x/8SlR9SXMYcKp5H/Moppi3ppLpHqLaknbwz+iIKkEZ0fsvMG9WXNm3jPOP8SM3rK6Aj+Xj/mCJNMX/ABbX6PSA+nl+qFhz6gLoprdIcTUrCPUNCwVP1pUuI8eJh/5dirGHq+Pnwn/qi4Kentj6NY61Wc/RC0fkgP6et8uzCB+SqIurKd43iOfuFNg6npRhxjO/uEHAPxz9BT0lCd46jShf7IzNyWV7yewyraG+298YcCRnkeiM260GcmQjPspwV/qIzjrBeoDmJ/iAe6b8ve4tjRF/2Wyiq6ctDmyAtPupIqISAQAc+yEX8phNVdGMTW+UfknMniyC4Fp7ghbp4glxqaP0UeSgt0uzoW++yhPkyZWM07xs8ZTm0cMn1FaT+B2x2/gY+yjPsNOHEwyPa09juoDvKR9siP0nCA+3Fh+jPur02qqieQAHN5yuvppWADSiSTD3oy8lC8beGUA0pj3cz9VrGgEkOYnmkpJBu0BW4om8xToxuAz9lGNMHE+ULdus9I7OAor+n4iSWDUo0WrMGJkt0cuzomY+yiTdL26b+8gZ+i20vTkpcSzZQpbVUsOgxE47hCoZ7HV6iUfxZ5tcugIHyl8D9LTwFR1PQtZFkwSNP3BXrpgdG/S9u4SfSxSN0vaMH9kqdEX0bIa+yPs8Qqem7tT8ta4D7qE6nngcBKzGF7yLJTStIOD9wq2t6Kop2lzImk+4WeWlNEfJ/wDOeNsccZxx7o0c8jX6mSFb25dCNdESyDSf8KzVT0hW0wzHqz7hInRg20+Qi/xYKmuc7cHTnCvrbdDqa5r8EcgrLPtt2gdgYI9MJNqZIToliex4G5PCGNKXobPVWSXDPUrdcDMRriBCuae3QVxGiItdhec9OdVsoJY2VrfEhzvp5XtHTtbYrpEJrXPE4YyWh24To1JI5OtuunHaVbejp5m6msDh9kCTpBzOYTt7L0mipyA06CAVZNpYZmhssY/RMjBI4f8AItTweMzdL4IzCf0UZ/T2gZMeAvbJen6WUZAAP2VZWdKkDLGfmAqfI1amWOTyGexwyMMU0Ie13IIBWWuHwws08hqKJ9RQTE5EkDtJBXttV0vKHbNCr5un3Q+Z4We7TV3L7kaKdfOp5i2j5/u3TXWFrDopqaO9UzeNLdMuPdZKW1dH3GcxTSVlmuI/BUDyE+mV9Sm0uLcacBUt26Nst2YIbnRRzsGcBw3B9Qey42q8Su4He0n1Ldp/y5PFeleoPiv8N5m1HS3UUj6WE5aIJTLTuB9G8dj2K9s6Q/tnW6SSnoOvrHJSOfkOraYjw9sb+Fz37Fec3H4MstVQ+v6SulbbKnlskb87ehCyV6k6vtkcsHWfTLblT7AT0jQxzud3DHPHYLyHkvpxTlvnE+h+J+tcRWLP8Js+8elOt+lusWio6Rv1NX5ALQxw1fYt5C1EF1a1xFTG0t747L807LTW4VjLn0Z1JVWq5tdlsfzBhkzyRrxkf+buvZekf7T3xQ6OjFH8QLM2/wBuZgSyjyTkn8Rfjc8nzFeS8h9OzS3U+j6F476wosltu/6H2ZLaaC7gPtlYI5hvjhR/4lfLA7w62N0sQ/FzsvNegvjT8M/iGxh6Y6nNDcn/AE0dX/KdnuGnh+Nv1C9So79VUzRBeKds8X9YGcheT1GklRLbKLR7PTa6GohugWNp6mtF28jKgMlHLXbHKtiw4z2Wen6f6av7fGs1WynqjvgHTgqrnuHWPSEgbdaY1lFnAkAyMexWGyjPJ0a7/wBmwLzDuBypMFyZgR1DdvVUlo6ktl/jJp3aXY+g/UT7BSJOdgR7LJOpxNKxYuC+NMyZviUp8/OxQH1c9PhkzD9yFWQ1EsBAa8gBWMFxjnxHMWuB5yk4KdeCbTzRyAHIRCBjIUCSia/+ZRy6T/TnZNbVT07hHUsdj1CoVjBOKbpadiFxkscgHhuynIuwAb4mjzM2f6rje2SiN7rj4mkbjKov+xzI9QujZR8Fr8nIb3KMHNwDnYoheAolx2XfFz2Q0kOQQurPdccGuGDgoeSlkpm4gB9DJFIZqZ4IPLCk4xzN0SwkAfUOMqW14wmSRh3myiUslYIDTPRvxDM4x/0uOVKnpbfeqN1NcaaOaN4wWkIckWThDbDMwa4n4P3T4zceRbWTDXPpi49I1TqyxzfMULgS6je4gt92nsp9h6io69gENQ1k42fA84cP+q2MUrJwYauNp7cLN9R9EU1U5ldaHMpqpp1Ne0YB9iuvpNeocTAnXnoz3xK+HPTnxN6dmst/tkFQCCWOczzMd/U09ivze+Ov9nzqX4I3szNlkrrJU+eKoO4jBP0yf0H23X6WWnqSpgqDa+qG/Kzs8rXkZBPrlTOquk7T1hZKqzXOniqaarZhzXAOY8b4z+pXrfFec/hy3Vvg4XlfFV6+v47Efj74+rDSE5oH4V7R/aN/sv3z4UXGW/dM0ctR0897nE489Pn8Lm74799l4nTyBo3C+peP8lV5CpWVs+R+T8Vb4y347P8Av6LGkrjHhkmT6FW0E+sD0WeIBORspdLViNuiQ59F2a7GuziWVKSL1zQ5u2CgbgkFMpKtrs5GUdzQW5A5WhtTRmcWmAe0SBzH4IOxCzVyon0Mh2yxxyCOy0h2OCo9VCypjMbxkFc7UUbuUa9PPZwZbJG6NC855XKiGWKRzHxlob39UJpwVy7a3F8nTptakmWsMpwAQpAkz2VdA/YZU5jxgYWfCOzVfuQ9cTQ4BOByo+DVnKyccTjdVTs/MPCtXEAblVT/APtD06uZg8g8wQUEbLi6zcbpOWndk4R0HK6mtTkaIMSSSRhCSSSUINHBTE8cFDzhJmXAKSMHcIB5SyfVJUEdah1A9E7uEnjLQhZaIZ5SHKT/AKkkDGpcD2Ebb+qn03ZVjCdQ3VhTfhTIywLsXJYRAHGUsYSi2wuo1yZm17CM5VhbIzJUtaBnCr2blXfTsY/iDMjIWmrsx6riDZ6lao/Dt0W2PKnv3zujNwImgAAadgPsgadyt0Fg8tKe5tmo6XjHg+I4dtv1WgJwwkdlU2WExUMfYqxdIRTvB5K2R6ObNfc2EoyCXT4AIWftdT/Eb5UTTDJhdpbvsFbTzto7e6UbeUqj6RhJpa24Pbu+Q4/RDPspL7HI2do3Ezv8ZRoDmqeM7DCDZvNQuk9UWhw6qJ5VRM05YLGSQx0ziRuuUhzROceSodznI8OPBALsKZINEMcTdmkZKaAInTTvl9AsBUVUlZfRE4bDf91reoat9utMsrTuQsTYH/MXAVDxlznZyoOhHjJum7xRjPDQECreY25zwnB+xOOFXXqrDaV3bYoZdA7cswfWlaamUMa7bVuAoVojEMDiM7nuode59ZctB3BKuAGQwCINwQMLjeTt2VtH0f6T0rnJSXohO1Ol9SStlRxmGkjjPOMlZGjYZKxo5Wybs1rfQAL5n5Oxuxn37wVW2vLHs3dhSo2g74QI+VLi4XnL2evpXBDd/wBsIPGE3HmSeP8AeHlOAGFibNLJFJjURhSVGpSNZUlUaYBYv75ueFCn/vSPcqY1Q5/70j3T4Mz3mM6oY5riQqGOZxx9lq+o4C8SYb29VjonYcWkbhei001KtI+b+brcdQ2T/qZwo4aWuzjgolPK3GCiOjaQSnnFUsCewTROHdHtVe6jPy8py3KjxNLXZKbVU78+Owbdx6e6CcdxrptwaqJ7XAOYcg8KSx+x2VJZasSRCNx3CuWu9kiKwbd+Uef/ABqsAunTf8Rgh1VFES8Ec47heCxE7bbFfWlwo4q+jlpZWBzZGkYK+Xr3bHWS61Fuki0iN5Lft2XovEaj/wCmzx3ndFGEvnj7IY9wnpievSnmAjTjupdFM5kgOR9lBcnNJbvnKZVPaxVkd3BpYJWyg4IRNPuqaiqi0gFXbHiSMEd11KZbzDatksA0WF2lwQzynxuxjK0FRnh5LCLzBSI/K7PqocL9OFNbIHt4QnWonwsh2nITJYBINzwnNd7IjUB0IvcgdPUS0j26Thv3V/S1UdUwBrt+6o3QeINuU2lNTQzh7eP80Mo5DztNA+FpDsjsq98RjfqAUylqfmG5xjKUsIePLypswaIWDKarOoMdgFW8OSAc8rNzwyB4czbCmW65Pa4MmOcJeDq6a5dSNCOERuxQIZBLGHjujIorJ0E88oKCNICc1BGVIZwiNMOzuAn4CanodqGg9DfRdAxsE/BSwUGQYxycIB7ZVVden7bcWnxadrXn8TRgq2TS3PJSpRyLnVGziR5pduja+jLpaciWIb7chUb2eE7SRg9wvZWsPGOVXXTpS2XMFzoWxSH8TBhJnWZbNAl90DzGKqdGW6RsrijuYGkEgol26KuFCS+nHjR9scrPyRVFM/TKCxw7FKw0IxOntG0p64kNOcqfBWA6RssFBXzMIAfx2VrBdiNOpxGO6p8GirUfs20dSXY2R21GyysF1O2ZVZU9e12M7ozoVamL7Zfx1JCkMnJ2wqeOrYeVJjqmAolydGu3JcMnzyjxyhyqWzgjnhHjmAIycqksDozTLMPGUVkmBsq8TZI3RWzjG5RGqM0iwZIQQBj9UVsu3IVc2cZ9EUTbclAFGzJME26NHLxwq9s2CitmBwptG5RZCQEb4/VP1hV7Zxjconjj+ooQ1JIm+IneKPUfqoPiH3TxNv3VpZC+UneL7LolOdgoniNPK6SG75RbA1LJMEh5RBIeFDbLnYBEa/vpUwwlNE5s5GNuURr9QzhVUlxp4NpXAfmqqp69stPIYo5S8+oRqDYqeprh2zWEgckJklVTwYM0oaPdef8A+2t+u1Uae02xz2jbUW6lYW/oHqO/yeNdqqWFrjnAeQMfZNhU2xD1u7iCbLS59dWakJipHPqZG7aWhQAesuqGlsQbRUzuzecfdbO0/D61W0D+Ux7u7i3JP6rSR0UdMwNiY0D2GFphWkCq7LuZtox9g6GoLY1k8zDPUY3dL5gPtlaeOLADQ0AD0VhG1uMaRsmmHzDC0QgkNjTGPQBsDcbNyu+EBwFI0loG6dp901YaI+ERmNAK6QMIpiI7LP8AUXU9tsrS2Z5e7GzQeUtmeU0ifUv8LzEgD3WMvvW0YJo7cPElPvss1db9dL48tfO9kDj5WNKuunOlZKnQ6SPc76j2UE/JK2W2LIdDa7nd6zxK2Zzw7B0ZOAvRrJ09Bb4WhrBnGc4U62WiCjja0MaXAbn1VmxmMYChpqoecs5TQtbyEbATmgAbLihr2JDSMDOVnr9ew1rqGjIdO5pzv9I9U+/3/wAIG32866l3p2Co6SlLfO86pHbveecp1aMGqu/oOUlC4NGo5ydTj6lT2MDQABhEibpG4ScAc74WtJHLm8jSxoG5CqblUB7jDA7YfUfX2Uyd7nOIbnZQXU5JyBj3VxWTBem+iCGfqmOYVPMGkg4VdX1HhERsxnGSm7Tl3y2dkWoOO6iuIPKI5xeckoWABujaOfOzIzGAUIt5Poi69SFO7cYTILBnkwZ7qOd8o5OAo73BqgiTwR5MqBM7Tnbup7zlQ3NOsH3ViGR2AucCRsoF+uRhi+VpH+Y7E+ykXevZSxiOH63BZ5viSOMkoySg7OXq9RjMIMiU9IYcvd5nu3JKO7PcKTpyB5UwtwqOVgamJ6YrYuxN9DE+PfCXfACJG31CpBRi2db7pP34ScPRJvuoFjAwMzuuul2DWjPbZRauqJzDC7fuVY2egk0+NP34BVjq4uT4DUdM5wD5B7gKbJOdOkD2TnARtwO+yAB5s5VNpG+MFE61pcclMrq35aAuHZOmqoKaB0khxj91iL3epKt7oo5MBZ5TwBZYlwRrpcn1MjvMSM/qqlziTk90WRwwCd8Ibt1z7LNxib3PI36lxIRnPKNDCXnAHKWotspDGxudxuptNR5IMjeVIgonMaC5gRi0jGEyMcBquXbOsa2JpIHZNja+c6WhHZTOlxnup0VPFDGGtbv6p8MDFXuI1Nb3MOt4zngZ4R/D39FIZG4jGDhCqaqloma5n4PYeqKU1Ajgo+jkn8oZ2B+6o7hc5ZAYWu27kKLXXSpqJdYdpB7KNkncnJSJzyuBUpZOH1XCcpOSDmjukSl+wRhc47ZXRwuAZTkiTyEMSTVw8JTKHYHqu00TqiQMDcjuu0tNLVSiOME+q1Vvt0VJG1ukau5T9LpLNSsvgzW2qKBUFtiijaGtwRurQNAGPRJjQBsMJ2kjsvR6ehVQ2pHPsnvZzGE8tA7brv1IgaVqjAXkbuDwiDjdLAzlPTlFIW3gSSSSsXKTfQkkklBQkkkkAQkkklBwkkklAhJJJIwBqSSSLonQkkkkokZZEuHhdSS2g28AHMxkgJrQ7Xt2UggHlNDN84Wa4ilkPD2VhHwFAi7KfHwFz7XliLeWdSSSXKsX6AHpJJIAhJJJKEEkkkoQSSYkqyFgekmJKZAyJLZcJHCCSc8pQbJJazGxCAeUsn1SQYBSYlzAXUkSjkM4eCgHGSiOTULiVkcB6Fcwey7p90tPuq+MEHsul5AS0+64RhC6kHvYvGIO3ZPFVMBjUP0QtPulpQKmL7Gx1FkfYT52b1SFbMDnIQMFLBU/j1v0NjrLYdNkxlecbpPuBdthQkkp6aA+PlNRHpkv50k/ThOFQHDlQkMahndU9NFdD4eWvfbLLx/8QQtYPLlF1O9UzWfVD/GRqp8vJdkzxB/8pS1jthQ9Z/8AlKWs/wDylKlSbq/LJ9kzWO4TNQ+6jayeEzUfU/qkuvDNkfJwl2TdQB5H6pamu7hRCcckrmc8FXs4wOj5CBLLmj8QQzNjsgeb+pdyfQfmq2ezTDyEEF+aDjuE8Tg74QRkf8OP74Tw4BXhDlrqn+TCGVzuAntPOWkIJmxjDQufNTdngD7KnFMYtXU+mTWuI7LoqphtqCg/MS4+vn2TNWfxIPjQa1ij0y0bVTD/AIgwisqnEDU7KqBJjul4p9UEqEwv+IuPReNq2t5CcKuMchUXiu9T+q74r/6j+qr+ONj5Rrsvm1sQOdJRxUQubs4LM+M4dyl478YD3D80uenGLy+DURzsa/yvUgyOLQWVQCxviyA6vFcl83INtbv1WeWj3Givz0oGvFxqac7Thw+6dHf5HHEuw9VkBWyj8bk5lZK78STPx8fZ0afqOxezbRXuixkybqR802YB0M7cH3WHEjschObNIOXlZ7fHpfidTT/UqT/1Gbpj3vIOon7Iv+9nBhOFjYrvXwMAjqNh6qSOpK9mMvDvyWKfj5ro7FP1HpJrDZsIZLkwZGk4XW112OwoYXj7kFZiLrKoiwJWsx7KZH17RtxrgO3OCs8tFZ+joVeW0kurGX4rK7cPt4GfQrnzcp+uzSu9wwHKqGdd2okeV6nRdbWnDcveAs70ti9HRq1kJcxsRKE1K/8AvbFUEeoiC4W2d2zrXK37xjZM/wBubUcCOocCfVFb1ZRPOWzjf/Cky079xNcdSpdTRw2+znf5XT/4EF1pspOC2QE+ymt6ipDuHt/8qIOpKA+V7Ine7mApU6lHpBq15y2mVbunbefNC47+pCaemRjLWj2Vub7Qu3aYB/8Aa2/9EWG5W+beSopj7ZSHWxi1CRnj01LnDT/qnf7M1I/D/wDUrTCvtrTmOeEEdwUX+LQDY1kePyVfGxkdSkZP/Z2bvG3/AMq6enAfqgB/Ja3+I0R5qI/1Tm1duf8AVI0/Yqvhk+kG7a3zIxp6bjP/AAG/ouN6WYc/yG/otw19rO7XD9U9vyLydLghlXKPaKT076Rgz0lETvTM3/wrv+xdNgE08Z/8IXoDY6QDBIP5rhgou/8AmluGQnGmPUTz/wD2NoO9Ew/kujo63g5+SavQvl6P0/8AqkhTUZOP9VXxspOpf0mCHSNvAx8i1L/ZG3//ACAxegC30RH1j9Un0NBG3W5+33U+Mma/SPP/APZG3/8AyCz9EQdI27/5Bat8KC2jZ8wan/w+1966AA+rkWwJbWYAdKW8DagYuf7MU44o4/0XoYtdpP8A9kYP/Ou/wu1N3/ilF9jO3/qpsLxH0jz1vS8BO1Gz9EVvS0W2KJmfst6LfSE4guVEcf8A0dv/AFT/AOGtZ/8AZKB32lY5TYHBwXaMIzo4uwW0jcfZSYejdxmkb+i2LqPGP97z/wAhCcyGUDAnxjglTYFKUX0jKDoxwH/ZG/ojN6MZpBOhp9MLTGOr7VTcfZN8Oq7zNKmwtTivRn4+lRGc+Qj7KU2wQAYIH6K3EFU7iQJzaSp/qCmwvfH9FWyyQbbNR22enacjSp/ylQDu9v6LjqeXIzj9VThgi2sjspGxjAAPuiMppxvgYPbKO2B2PM5o/PhdMTGfVVwgH1cr+NtBcIG2OYOwYx+qksYMbndNa+3MGZrnTfbxEGW8dN0v13OAn/C7KD4/7BqyEe2SWxahvuiiJrTnSqh3WvStM7Lrkwgeii1XxR6MhxivDiOwTI6dsGWqpj3JGniLBhujCMIw/BAwsBU/GzpSmwIYZJT28uVV1f8AaAgaAKO2A+mWpi00/SES8npYdyPV2QluN0V0J2wcZXh1V8d+pJSflKKnhb2IG6pa/wCLHW9dt/EhEP8AA3/1RLSWP0In5rTR/HLPo7w8DcgD1UaastVCNdRc6Znrly+Yajqbqe5OBq7zUu+zsKAYZZXl8khc48udkko1pJL8jO/OJ/jE+m6jr3om3jFR1BS6vRrsqhrfjT0VSE+BUSVBH9DV4PHRuOHEqdBT69iNhyr/AI6Qp+U1E39qPVZ/j7bWnTbrNNJ/ikH+mN1V1Hxs6oqzijtVJG3sSzdY+mpqeMAuhyp8TmNwGRtH5IvgQUddfL8mW8nxF68uHE0UX/KzCiTXTq2u/wC03eYNPIa5Njd304wjCoETQSdlPhGrUy/rYFttuFScy1csp/xOyjxdPxMIdM3coMt8ig2ZIGnvuok3U2sf34291aoyF/JhJ8s0ENtt0IbrA29lMjntcAyGjIWM/jc0+WxvyV2Nl5nOY2ZCL+Ogv5Ef6TYSXykh2H+ajVHVLA3+S059Mqhis16qSA+JWEHSVykGZGFo7pkaGg43WM6/qapfnylQ5LrUyElspVqzpOnpvNWVZj9nOXfD6aot3VjHkcgHKJVMkrZy7ZSSVdwl/uw9/wBgjQWq71QBdJpB7YyQrf8AjFsY0m30rpHj1GAo77zeHOzDTsi9wEcasgSvhHtgm9LyHeqcB9wuw2uz05/n1MTCP6sJpbd6wk1FQ7S7ndObZqQHxKjzHkkpiofoD+REa6vtVO8sp4JJNPdo2KGbpcJjppqR0XoXqTPUWyhaPO3y7nbhUdb1/wBO0pLX1JOPROhp3+jNdr6of1pFqKC91bcS1sYZ6NO6dHYaRpDpxrd3ysbW/FuzQZbSeI4/4Qs/X/FOtnOmJ2AeMrRXpJN8o5d/ntNT28nrf+5UbQ3LGYUSpvltphmSoC8WresL1WbtnwCque5XWsbomqnY9lphpTmXfU1b4qR7NV9cWSJ398Dj3VHcPirQwnRSRudjuV5lT07if5jyc+pUkU0EbgWAZ+61w0kP6jkar6g1NvEXg01w+J95n2o2RAd8t3VLV9S3+5sMdRVu084acILWMc0AMG3opUVDOSPCj39VshpoRXBxb9RqNQ8zm/8AuTLZZmVFM2orqgtc7cNypJtdLEfKduECK33Z2MPwPTCnwWS4zj+c/I+2E+mlJ8HPthN/3BNprWAA6TdEjmooX/y4NWNsqxg6apmAPnkHuFOZT2mhALHMyNt10qqjl6hbItlTHWTDy0lOd/UI7ae+1XEWgFTzdqGHaONpI4whSXuve0thiA9N10K4YPM6vUtEVvTNynkzUTaQfVSm9NQw4MjwfsoslV1DM7OMA+6Xy14kGJpiGnndaIVp9nC1GrsfslChtkX1vAwnB1sbsHce6jNtgkwJnHI9+VIbZ6bAytMIRicyds7HyxxqaIjGvI+64KyjHBTxbaUDBauihoxvoTUoxM+1yA/xNjSQGEhMddphvFGVLEdAzZzQCEvmqFgwGtx9go5r0C62/RXOu9duBA5AfXXWTguVma+iH4Gphu9M3YRjZBKRarlH+krNF2l5a7fvuuiy3Fw1PdK7PqVP/jrGnEbcJp6jqR9EUn/lU3oZGqcv6SI2yV22QT90VnT9Y8jy4/JE/wBpKsgkwuGP8K5/tLcP+GSPyU3xDVNy/FBR0zV4+kfojRdPVLDnQD+SiNvl/k2a/GeNlwVfUsn/AMQN/ZWr4R4Ya0erkXTLC4MBe9jfuEv4OIiXulYB7KkdT9SVDS2Sfyn0dhNFpuzv72cjHGXEov5NYX/DdVPsu/laWMf3zP1TS6jj+udo/NU/8FrXuwZv3TndP1DmgvqQB+qn8msteH1D7LI3GihdkOa9cffaNuPKD7Aqt/gBaN6tp9Vz/Z+McyD8lf8AKgaavBXyJz+p6dn0xn8kA9X8huoKP/BYBs6U++F1tit7XAiSXPfJQy1EJezXH6btfLBy9V1r3EajpQD1A92dRdn7qybZ7eBgZP3ThabSDu05S3qIr2OX08/bwU7r293d+/ugm5H1ctGLfYwNxkpop7ID/dof5UR8Pp2Me2Zl1e5x31JvzZPEZcfRasNsg28ILmbO0giEfoq/lQ/Yz/gFf7MsKyo4FHLj7Lpqqs/Qx7PyWr+btLRjwWprq61M8wgH5K/5UP2T/gFZmGPuTuDJ/wCVGZFeXca/0WiZdqIHApX/AH0IzblS4JAx+Sr+VD9k/wCBVwM0KG8Hu4Z9lJba7uQD4h39Qro1TJD5MpuuQfTI4fYolrIIv/g1ZVCz3l2CJce+Cni09SNA8Oqz91YaKp5z85KPbK6I6sbfNP8AzKr+Ys8Mi8JW/RAbbep85+YH6ozabqwgA1AP5qYG1g/+JP6lOaytxn5hx9slMWugiS8DD0iNFB1Qw5OD/wCNv/VFL+omYEjdQ9Ajt+cBzrcjtnq8YIJV/wA+Bnn4FSIJrbpHu6Cb33T4r5Owjxfm249Apvjz/iaT+SWtzuY/1CKOtgzHP6dT5iwtL1KI2bVlbGSe6s6Pqis1YiuTnH/GqZzQf+E0/kgvoonkuDC0n0Rfy4HPt+m7PRtqbrm7Q6QwRSDG/urKH4mVsYAloMAdwvN/lZG+Zj35+5Tx/FGjO5HbJRR1FcjBb9PSh/Ser0XxVociOqY5medloqLrXpiqAcbkxjj2JXg4qJx/e0jSQOfVJlwbnDqLSB6I/lr/AGYrfDWLqLPo+jvNnrXeHR3GKR/pqCmtkYXYa4H8180svFPARoEkZxvgq1t/WbIy0Nu00eNsHUf8lN8TFPxlsfTPoqIBwxpzlONDFkOcMZ7LxGj+IVREW+FfB/43Ef5rR2/4m1IaPFrKWfHuiU0+jJPRXR9HphttI8AeGPyQJbLT4GgbrM0vxGhljDpGsB/w4C0Nv6ntVaxpNQGOPYq9zEOqyH5I4LJMSdLtlHlt9XESPDJx3C0VNVUswzBO1/2KlN0n0VOzDF72uDGuZKw/zGFq6Q08gLXz0kEzdMsTSD7KMbJSv+luEcbs8FK3BlDbaSYlzo2gkeiivslM7OlvHstVNYntdmEkj0UOW21UO5ar3oap5M2bI8O/ltwEz+GTMPGVoCHg4LcELhiZLgOCttMvJRmjdpw6Mb+yjy2OnqG4ljb+i0EtM9uNDNQQTEW7kYSmkyKe3ox9w6Dt1W3DXviJ7sWQvPw3raLMsLnVLBuO5XroaM7pwj1DAVbUaYauce2fN9wsFXTOL30kkQPfGyjwSXa1StqKCRrZGnIJyvo2ptNJVNLKinY9juQQsvdfhtb6x5dSy+Bq/wAOQPyQ9G2GqrmsTKLpX443O2llLf4PGj2Bd6fYr2Xpjrfp3qWJpoqxrZCN2OO4Xgd2+H1ytznl9OJ4uxaMqjFuq6KYS0U76WaPhzTj9lYm2uq1ZgfYTYiCDjYo7g2QBrhwvn3pP41dSWNzKbqUmvg48YbnC9o6e626Y6nha623SPxnDeN+xH7oDFdpp1l0bbTTgFzQCoVTYIZWnwwM9sq0YSBx/wCqOxzW7kcqGPLzwYis6cn1uw0Y+yo6yw1EbtRGPyXqj4myYIwok1qhqR/M2SsBKbR5RJbjggtzhVdTbKWRjmSxNe08tI2Xqtf0s2R38kj04WXu1hmpZNLYz98ILK1PsZCeHk8W6q+D3Td9jlfDT/LVDtw+MY3XnFx6R656QaWW9xulMzbwahxdhvoOMflhfSlRRlpwW7qvqbcyQFsjQQecrDd42q3pHZ0fmr9HLKef8nyyK3pa7VX/ALxp5rFcGHOeWF3sdl6l0X8dvix8M2Q01LWf7T2VuzYKoePGG/4ZM6j35KvOrvhnZr1G7xaJhe7h7RgryW69BdYdJSPqOm657ohzC8ZBC85rvp+Nsdtiye38X9VTjNSjY45PsP4c/wBpX4WfEB0dFcalvS982109VLgF3+GT6T22yvb6S71NEPl7hC6vpXAYc1gcdJ7g8L8rJLtRV0nyvUtrdRVTdvHYMDPrtv8AoF6X0F8dvip8KImCzXJt66aztRVJMoaO4Yc+QDPGF4fyv0g4ffpX/wBH/wC59N8Z9cQg9msX/wDUuj79rei7B1ETXWidtHWjdz4hodn/ABNVZJc+pelpA3qS3CspQcGupxh7R2y3v+q87+GH9pj4cfEyeGiZWP6fvD9hTVzgwOP+B42cOF7XFdKhkYjr4m1MDhgPGHBw+/deG1egtolsui0z6HpPKQ1EVOmSa/sCoLjbrrT/ADFvqmzNIyQD5m/cJ7m4OeFXVvR9qqXm5dJ1j7VcTuAHbE/4men5qEL9crTIKXq2nkjcThtYwZif7k9v0XJt00l0dinVRf5Gopq19M4Fpz678q0irqWsbokaM+hCzkcjZGCWN4exw1BzTkEeqLFUAOB05WZwa7HvE+i/FHH9ULi085BQ3VctO/TUN8g5cFEguD2YAOx5U1tTFK0AOBJ5yMoAJQwSI5Ypmh0UjXg+hRSMqtktpaTNTOMT+cDgp0Vxc0+FVROaeNQ4KoW0TnRNIII2UYRuY7Y+XsEYPDt2uyCnFoPITM56AxgEyYbNI3RQcqPNTtdh0XleOD6IUVTIxxiqGnI7+qgJLSTQ9rhkFdzlCyHMlO1e6Ym5PqlqWGQKGg8obh4LsAgx+hSLtKTS1/O4T4zIognshkOYjg9xlPL3CMMIzhNmptg+HZw7eqbHUhuGTNLSjyC44K+52u1Xhzae5xN1PBa2TG4/NZcyXvoqd0MmK20tJIkG7om+63E9NFUsw0jPII5BVVNXVNLKKW4Rtezs7GxC2UauVL4Fzq3AbvZLD1rY5YHGmr6eePTIwYd5T6r8/f7Sf9lK59DVk/U3RVJJNbHOL5ImjJiz2+y+6P4JV2uvN26dqmnUS6SnccNd649Fcl9u6mpNMzWNkwWSQyDv3G69f4vyc6JRuqf+UcjyHjIaqr4r19r9+0z8bYpnNcYZxoe04IdsQfRGOk9wvqz+09/ZQqKJ83VPQ9C4Rxl0k0DB9JPce23C+Sf51LUOpqpjo5Y3aXMdsQV9V8V5mrXxzno+ReW8DqPGSeeY/ssqaocwgAK1p6rWACVSMfkAKTA/Sc53XpK7OMo87ZXu6LWZoLdTVGa/Bwd0SGYZAceU+qgikPi0/PdqZN55EJuLwQbnTfNQ+TAcFndBBweVqGAkYKr7jb9WZoW4P4h6rn6irOZGqq3BWROw5TI5SWgFV/0P3HCPE9paAuZKGTrUXL2TMlOQQcp+QEp8HRjZwKUnAAVe/IqHqwyCq+fHzDimVYzyI1jzWHZ9IScuR/SuuWpHGYmpya1OTEQYmJ6YjCEnHhNTjwoQ6eFGccFSTwoz+UqRUTqSSSnaGoYnO4TU87oU88BshSNOeFzIBOUWbAI2QZGknIS5lo6eQp9PwFA4IU+n2Ayri8AWdE6PgJw5TIjsAnjkJ8XkxSfIaJaPpdpdcGEDPCzkXIWt6MYH1wOPRPq7MmsltrZ6KchoHsnN3e0D1XJNgnW8F1a0c7j/ADXQieUn9qNtSARUsYA5CdOdgB3TW7FrR2HC6/LpNPotSeEYpvJA6lqPBs7gCMkEBO6ejFPYSAP7wZKp+rKgvMNC3OS/daKjjENpZGBwEtPIbW2rH7L61Dw7OXEJ1nGuTWQusAjs7QPROsxzASBghEc2xegdQfmLlHG4eVh4Vk/LpA0HjbCg20iWrnmeN+ymRZ+Y1dkbKaMp8Q6/5e2upwRkqr6RpwIxI8ZJbsonxHrvmLmykbtuMjKtunmBlOzbGw/yQxlk6O3bSv7l454aCPVZXqmrxG6MnbCvqmUMWG6krC+cNyibwSmttopqMeJWtcVaVIOCfQKJbIcy+KdgBwpda4Y2Xl/MW8NH1/6O0qVe79jrFH4k4kcOStKwnUcqksTNEYkI4Kuo3Bztu5XzbXW5sZ9t8bVsgkSYdlN4i/JQ4gf1UzSfCP2XD1Ess9DSiG4fzMp34U131p34VlH4wdpSfEIUscqJB/e/kpbzsChk8IfEKwqLWFvigAc8o7DuAg1WPEGyKEuRNryV9wohMN+4Xm1zZJRV0kbm8EheqHDwMrAdYUUkVd45Hlcuzob8SUTx3ndLmDtKeGd2oAhWLMuaCq2PAxhWEMzS0AhdnJ4bewo3OVJiAeNJGyj43z6qRD5fMqbyOrmRAX0VWCCQ0nIWnpphLE143yFnq+PxGBwG4RrZXOjxBI7HoUmUc8o6Ncso0jHDIzwvGPjj0++lrob7BHiKYaXkdj2XsUOrALjuqP4kWQ37pWeCJmXwjxAPUBadJb8VqM/ktN/IoaR81NORlEQ9OnLfTZPHC9tVP5IKR85nFweGPXRuuJIo9igrHeGQQrqgrWOAieQD2KoAMd0aB2HDJWymxwYi6G9GoaNQyOExrcOQqKra6IMPKOW9weV0YzTRi2uISLkeym07zkbcqA3uSVMgeAUeGzXTbyok9rtuEVqAxwI4RmO34VHWrsDtJHIwk6PxG4JXWPBGOMIjVDRnciPG6aB2WuwFZU9RqADtyob2A7prC5juFA4/ayzcxsgPHCrKinqGu1RNUuGfYEhSBO0jZqVKORyk+0Ctd+hZijqxolHutNC0PGQeRlYO9Wh9UXVdMcSMHA7o/SXWD/FFquRLJmbDUd8IJPadDS67ZLZM3JaB2RGpNOQDnORlOaiXJ362uxycmgE8J+MK5RGt5O4CWAuro5UwUuRugpafdHGkgbLmnT3QuOAkC0eyJjP4f3XS0BE0N9EtxHpAAzKi1nT9puJElTSMLgOQArDw3J2k/wBP7pcq89ElXGSxJGAu/wAN36nT2uX3DCsxXWG+20ls1C8tby4br2hrccLj4GyDTINQ9ClOrLMlmghJ5R4fDUPiI1t0keoVpTXLOGDBK9MuHTVqr4/CmpGDvlrQCs9WfDKieTJRzSxvPG+ypwaFPR2Q5iUkNe924KnxXF7SolT0D1FTtPgStkA3woJtXVdKC2W3SEDuAhwy4yvhwzTx3QHBcAFLiucDiAHb+ixHz1bSODa2jmaPXSk3qKMP8mW/kphjq9W63956DHVl2COFJbMcBYGHqaPAzNjCmRdTxf8AyR+6mDdHXwfZthKeURtQRthY9vU0WP8AtH7hOPU0Lf8A4jP5hTA1ays2TJiTucIwn2G4WJb1NCDnxT+qR6tgGMyHH3U5D/n1o3QnwQjfMfZefnrKl2aHvJ9lwdTT1R0UlPNI70YCSptYX/EIPo9CFT7BcfXRQgGQ8rDQS9YVhxTWiqAPdzcKxpej+u7gQZGNhB/qcjimiLWSb+2LNJ/GqRpyZOFFqurrXA3BkyR2yh0Pwfu1VJm6XQwtPJjdkrQUXwd6cpiDPLPPjnW9NjDI1TvkuODF1fxAp2g/KhzncABKGTry+t1WyCRkZH1Ecey9ftHSFgtbQyktkUeO4AyVdiKOJoETQ0DbZGqhkdJO385M8Ttvwt6nuzvDv1YGxO3cCSc/llba0fCOwUQYZnOmLe5/+atyWahghFjaQRkJqhgdDQVw5y2RKOzUNtibFSU0bGtGBgbqYwFuAigg8DCcxhecBMjE2QrUOhNG2wRNJcnRsz+SLE0b7ZR9DcAPA913wR/T+6K9jy4aQpkELQ1rnkDPcnYIwJJRILKcu8uEO4VFDaoDVV9QIo2jJJVZ1N17ZbA91LSD5+rb/wAOF2G/+bB/yXmFwvF96gm+ZvM4Le0Lfp/NGYLp54Ra9T/EeouDHUPTsL4WnIFU93lP5Y2WQbBUTuElTUyTy/ic45/RWtFbZaqVsEceGd9tltLJ0nT0sgnmwTzjChmUXPsqeluj3SPbVVbABy1pC9AoqOKmxpYAPT0XYImswAMAKQ0Y2ChsopjWlgKG54HCedsJMcG4yo9XcaWjhc+pkDPuVDXxBZZMacZPosz1B1N4ZNBQ4dM7bOeFSXjrKprnils2RGTh83+gTrfbCz+dUHxJX7lx3RwhuMN+qi+Ij6WlLPO465n7vef8gpscenAAR4abvjGyM2IN2xwtEIbTnTnveWAAAHCC7fZTHHAKiuOEwU+gPhhxBwuGFoGR2XXO/ZVl2uraeMxROy89vVHFZMOonGCywF0r44sxQnLuCVRuc57i525K6+R8hL3903GE2Kyee1FkrpZYkF3CMgkjGEZisQFxw7IQ85RH/UUI8JqFWP8AQOY8YKiS52wjnc5KYQ0kAqGeUwCgXSobTQE4DieBlS66riow7Wc44Hqs1PPNUyufI7IPA9EDOdq9VshiBGeXzv1Sbkp7YgANl1rW5GyJgaVWTjuXsHgIE5Bxgokx2OFHIJKiQDlg4kkkN0RExAZKM0ZHGF2OLONkZsenBIVZGwSANYRuVArKsAmGE79ypVfXCJhhjI1HlMtttL3ePMPsFC9sZySQ61WsvcJ52/YH/Mq8cRC0AAcJoAaMjZMkdqPphBKW06NNWyOGcMmopk0jWNwSEiWtG5VBfbo2BpMZJxtkLPKZV1ihEjdQXdjgaeI5djG3AWVeQXbfmfVEmmMpL+C7lD0+6yXT9GBzcuWNOcbnKcOyQajsgc7BA5WfbllLnhCggMp4VhTU7YwPLuE+mpxHGBjcqTFC7PCdFJIfCsaGk7YR46bhxCPHE0YGFJZERghqMfGv9gYYcbBqlCLTg9kRuljdwAs9duoMaqamGexOULltLlONaJNxvLaV3hwebHOPVZesq5qyYySuJ9B6JanOyXElcLM91nnNyMs7HJjA0gYwu4K4u6fdKdmBYNNyUTAQ0uUshdhUklzV7IcAiJwnQ0c9ZKGRD7lEpKWWslEcY+59AtPR00dLEGMbv3Pqtml0/wAr5M912zhArfb46KIAAazyVNbynYJ4C6Acru00qtYRz7LHMM0ANHuu4DkgMhOWpRwKGgHKMAMJuAuohdgkkkkzJeOORySSSoBpCSXcHlcUBEkkkoQSSSSgYkkklC28CSSSUBEkkkoWJJJJBKWCCSSSSZzUS28CSwEshNMjQcLHbZkENG7thSYpB3wPzUESt4XfFWK0FxbLNJJJcuUsChJJJJZB6SYkryMwPSSSVgjEkkkAYlw8Lq5kKEGHK4iHCGeVCCSSSQkEmJ6YoUxieknqFJZGJJ6SheBiS5q9l1UCMSSSQkGYC4QMJyShYIj0SwUTAXCBhQtJg0l08ripvIwahuRkNyFkzkaDlIenKII3enK5HTOcd1nsko9jqozf4objKSlRU3GQpIpKfuxZJTSZ2KfHX2JPorNBdhObFtuFZGngZxGgui0/S1Uppm1ePsguWRMFLBRzGc8JpZtwjSTK/izyRiD3KZ4zgdwjlp7IZj9lWQ/48md15HCFnfIRSz2Q9OEUUHGEodnQ89ylrKWd8JZCJRTHRlkb4p9F0S+q4W7crmj1KqUUglLATxh6LhmB7IOQugtPdDgvLkPyU7UTsmobpmNHKUxvQ85JySn591DdWBpTDXREY1HKHAxPJNc4AjcLrHtAzqxhVbqpxPl2TTVv9cfkrccj4pl2KyJvL/2THXKD1VDLVT6TpdnPsq90le4ngZ90myKHxj+zUvu0QcDr49VGmvtO0bS7qgbHKf755wfQorIKHHmccpDhk0wWCw/jzCceJkJC7U531HKhmG3sPOUN8cTsGHb8lXxZNcJuPRZuuIO8R++U112dkASb+irhT1WPqACJHBTjeoOClvTmurUzXsnC6zctI/VGZ1FXRnII291Xh1ANtv1RPEoW7g7pToi+GjX/ADLF1ItmdVV7RgcosfWd1iIGWvHo6Nv/AEVE6opRu07BcZcaXPcYSZaWC5wbKdfbHubNVH1zWgZkoYXfkjxfEJjcCSyA/wDhWRdc6UYwChvu1OcbZ+6TLSVv0aY+UnH+o3I+Idu/HaJB/wAicOtunJz56Orb64P/AKrCNvMDdvCjP3aui5UZzmmj/RD/AA4Dv+M2+mb7/ajpiXHmrmH3OyIOoLGceFc6lv3JKwAqqOZwAAYulsBHleP1Qy0UH0MXm7j0Vl+tBGf9oyz2ex//AERWX+1E4/2oi/8ALJ/0Xl7mszsT+qQA41FB/Bgxlfmrmz1ht5tjhqHVsYP/ACSf9Ev4zQEefq+Nw9BFIvKxCSM7rnhgdyglooRNC83eeqf7RW1v/wDMz/8A7i9Ob1VahnV1C8j/AJT/AJLywNH9RTg1o32/RB/Eh+if8cuPVB1fYm//AGYqSf8AlKcOtrDGRm5VL/8AwleXtA32wnNeGHGnKGWigxi8zcz0qXrSxuIca2r/AHT29bWBv/EqJD6OBXmwe1w4Ts43Q/w4DI+ZvXB6IeurVq2ZIR9inN+IVuZgMp3k9gWledh540p2fZC9JBDv+MXnoo+IsZ3FI3H/ACpzfiTGwf8AYwvOPGI42XTVNb6KLSQZT8zcj0gfFh0W0dOB+SM34q1rx/KgDiV5fJKBghq4Kw4wAi/hwJ/xm49PPxQuZz/Iagn4n3Qk4gA915sKmQuzkp4qX4U/hwL/AOMXHoZ+Jd4OcSaQU3/b67uzm4TDPusEJZHA4B+6YHVDdg/ZT+HAp+XvZuZevLs07XGb/wAyE/ru7OH/AM8ph/4linid5BLuOyeIZTgEqLR1rkW/KXv2aaTra7uBBuk//mVe7qi4OJJr6jfnzKsbTOz/AOqIIhgDSmfx616Fy1183+TDydR3Fxx8zMfu5BddbhMcGoduuBjAc4H6I0bWDsNvZC9PBei/5Fs/ykwYNW/6pc59khR6tyBn1U5jo8aQAnaG8lK+JJ8BqTfbIDaXBGAispO+FJ107Ru/GE0VtK3cvP6JmzBTxkb8qRjZHipRt7of8WpgCI43PPYAIkVXcHjFPSA+7gptwNjn0iRHRAAHGFIZSAHIQ46XqKYAxthbnthSY+nL9NgzVbWjvpQP9MOO70hojgb/AHkgb90UVVBBjE7SpEPRchcDVzl49yp8PSVtiIL4NX5lBKJojC1/iUct7po9oYpJT/hCYy63GbBpqCVp9SFr4LDboseHCG/dH8KKDAawfoijHPQ6NNn9TwYwN6mqyA1mgH1UyHpm/wBR5airDWHfhad08MRGpwB9EN16ijGHTtjHqVTplL8UN21xX3sqYekC04q5w4fmp8HTlipyHzNyR7qNWdU2iA5qK/J9Aq93XfTbDiRs0o9xjKKGksfoU9Tp6fZpomWCBo+XovFcPRGZWVAANHbcY4aRysLP8SHveY7NaooY28ahkn3UKbq/q6szqmbC3tpw1Njo7E+RU/KUw5gz035q7Op81MtNSN9Rsf1VZXXWlLfDquoyQO0D915pUVsEUplu95i8V27gZMlU9R130xSSmOOGSfTsXDYErTHS8cmOz6ghXxKR6bPU9PSNw35qseOBKcAZ53UiCtoo4w1tDA1gHLxnC8TrfixdtYjtNLDDE3gObnKz9b1L1DdpC6rukjtfI7BF/DX7OZqPqaMOK+T6Aq+prHQuBqa+JmPwt7LN3D4w2ekkMdPTSSgbaicftheMRxyB2t8pcTySU9zRsU2vSI59v1JqbPwSPQ6/41XioDoaCjjjZ/U7clUFf151Vcw6N9xMTHchmyoYYicAR7lS4rbWPPliOCnx08YHOt8pq7u5DH1l0qWBlRXSyM50lxwiAEtw4kn33U6Lp6rcMnbKsabpxrSPmjkI41KL4ESnO3mTM62FrnZAH5KQyIjGlmStZBY7ZFuWEn7qU2K10vmjiDnD1C0QrUilU5GXpqGpkwPlzj7KeywVLyPKW59lfNuMI+mLH5JwuUh4P7JnxYGRpx2V9N0o5xBmlGO6s4enrdGMuYHkeqTa2UjnATXSuePNIiS9BOqJKFHbWDDKdjcdwFyP5SH6H/koRkPBecLjailJwZcH7J6iKeEWPzzWjy/kmfxOrORHuhMNC7BkeTj0RPHpAAIW4WiqOGZrZYQLFwneSQ4590UULWgOqXfknCqmaMxbJB8jvNK45K6EDl6iHycMKyOhbgNZkj1RInsYdmYxwoh8Jp1Pfpx+6ZJXU4GkOyQtMJ4OPdoq5PlFmKk98YXTVwgfWSfRUjquTOY3YBXDUznYvGPsmK3Bkn4qmXLRbOrwO4QXXSY7NVd5nbkosMZB32TPlYj/AIXp1/SHdVTSA5cf1QTLI/8AE7H3RtCUdNI84YFPlZP+GVr8YgCZHYaSf1S8M/iOFLdAI8eLgZ904fw9m80v5BB8oa8fB+iI2I9uSnNpZ9sRgqU6vtUewy73Ud17w7EEZx2JQSuyHHx9a7QdlC8j+ZHhGbRjucAKvfdaqTG+EMz1M40ulOEp3sfHRVx6RceHSNwXSNyO2E01NFFv5Se2yphG8nk/qixDcKO9s0w0sEWn8Upxs1gSNywMtaPzUMAY4C6CAg+QcqIIPLdK1xAihjIQvErXnW6YgnsDwnNxjZcMjByVPkLVMEIOrDxNn809sNRnUZf3Tfmooh5jwgG4xb6ST+anyDVVH9E7TLyXZKaXP4LlAdV1Dz/JBXMV0uA5B8hWyS6RNdJk5LkySeMDzSqOKaqd9RH6ogo2NIM+PyVqwN1TfY188khHhS5wkZpCME8qQBRMwA4DCcKmib+Hf1VykmB8BAMb3ebfdc8B+N259lYCrpfwt3XRUtbu1gygbwMhp1+yt+VlP/w7vunCiqTzE7CshcJRhoaMJ4r5fUfoouQv40PZXC3PI3pz+qK23OB/uSFO+dmHDgi/OTkfUP0Qt4CVFcSGyhmxjGPuUZluPJkA9k8zSnJLuE1tRKTguUTyU4Vr0FFEwAfznJ8dK0HPifqUwPkPdOGvu4hEWo1r0S2wwNH95ukGM7BRMN5L5P1XRJCBgyOULexdImBsY9F1oYDyAoPjwnh5XQ/ffhUV9pZtMJxmTHthGaxpHlwVWNmiA3ecp3zByPCk4QOeCYgWHhpeFlQhWTDlyLHWkbk4Km9hJV+0SzBgA6Tv7rnhYP0/uhC5AbGT9kZtXCQN8n3Cm9hbKBoa3OOE4xFw27ogqc7COPB74SbI3vsnRntAnTRIjmlcfQfmuGhJH99H+qmtezYZ3T8N9Aj+Viv4NEu0Vv8ADWjIzG5CdbqQjBgbv7K30j0C5pb2ATI6hoy2+K09noonWeke76BummwxkfyawQH74V74TTtpCRt8EozK0J0dY8mG3wFU19qM/wDwa7g/7rd9Xp50dkXXFMP5Vbkf8ytTaYm7xZafzUSSjvcMn+71Xl7bkpq1b9HOs+mqpflEdSdddX2pvgOilDm8lucFaW0fHm/W6RvzlFqAGDrCzPzF/p8H+TIO+tuU03B8w019pjePVjE1anjk5Gr+l6/6Y4PWLV/aKtM8mm5UzWMPuBhbyxfEvo+9SCOmubA5w2aTuvmSSn6WqHD5uglYfZmFGdYLE8u/h9xfHncRvOP0RxvUuGcLU/Stkv8AbR9mxT0Uv0T88bcpssTX4BGQvki3XfqXptobabqSxv4C/IW1sPx46qtYay70sdZCNtBdp/fBWjh/izz+q8RqdLLbJHvzrdSvGSwKHUWmAj+WCD6rEWb489K12ltcx9K88tyDj81vbZf7HeYmTWu4RThwzgO3CvLiYLK7K/yRBNtniGQ3V+SiupM5bLHsVqTI1owW7HlAfFSSkFrc59UKlkRnkyFTbHEExFRjHU0gDnR6x7LYT2tp80Lt/QqK+mc3ySR7j2Rp5Dy8GZbVQS7OBYfdEELXDLSCrWptUVQ3S+No9wMFVL7FXQSZp58tHGSiLUsjXRdi0H25VRdulrLdAfmKQRyH8TNlafOz0j/DrKV3praNkSOroq5/htOHD1UGQm4PKPN7n8OHxBz7fKXN7Bxys7NZ75YphOIZYi05D48r2uooncR5/VV8tNUtPmhDh7oB38lz4kZ7pP4y3S2FlJd8zxN2y7kL2Dp/rOw9SxtNLWNjkx9DyvILr0lbLmHPEAp5vVowCVlKuxX+wzCahkfhpyCwlQjrhNcI+rmsLQPQ909rd8ZXzx018abzYyylvTDLGNiX8hevdOfETp/qGNhp6lrJHDdrjjdLaM1lEoM1IhIGUKSigqQRMwH8kRk+QMbj1RWu1dlYrODP3DpOmm3haBt6LJXLpiohc7EeMcYC9RUaWBso0uaPuo3gpWcnjlTasDOOFUV9l8eMhjGAnnPdeyXDpymqBlpDTj0WbuPSs1PE6TLJBnhu5CRKO4fC3HR8/wDVHw5tl2je2roWtfj6g1eQ3j4f9Q9NTPns073w9485GPcL67qrZGQWvZke44Wcu3TVO+MubGD6jCyW6ONiOxpvLW0/bJ5R8i1FRRVIdS3VjbbUE7SYIaT6j0Xrnw2/tCfFz4SMjpX1h6i6e/8AkOtf4ulo/wC7fy0c7f5q16s+HFtuMbtdI0k98bryqt6Zv/SckhpJH1FGc6oJBk49iuFr/D16iOy5ZR6/xvnpUrfp5bX+v2fdHws/tMfC74n6aGnucllve3/u+uww5/wSZw8cL190rqqH5esayeMgjDxlflSH2S+ZjqIRTTjbDwvTvh9/aN+M3wkjgt1U8dXWGPZsVY4ulib/AIH/AFD9V4Dyv0lt+/St4/R9P8J9dQn/AKetjtl+/R94R2Wps8zqmw1Gljsl9JISYj7gdiptNc6avZ54/AnBw5p239l5/wDCX4/fDf4txeB05eDBcW41W6tb4dWCc8Dh/H4cr0Ost0NdGWu8ruzhsV4TVeOnGThNNNH03ReUqugp1STX9jpllhIdjIKm0dW4bt5VTG+ooA2mrsSR/SyUenoUQ/yyJYXEj2K4tmnlGbTR2K7oWxyaSG4PJAkIwphlpp2aTh2fVZaKuxgHlToKzG7DgrO4sNw9k808sDi6mkcB/S7hHirTnRMwtP7KNBWOc4B52UuV1PPFpLsn19EGWmBtwwzZA8ZHCa6NrtyAVXn5ihfqaTIz0UunrIajZpw7uCr7K24RwwztOI3DT2BT2PyNJ+v0RSQOShYGc43UBxgfv3STEkBBzhkKOXvjOQcBSCQ0ZKA9wfsdkZEv0EjqWHy53TpWsnbhwChubg5C62cjDfRMLcfYEyTUEmD5mnuppFLXw6ZGMeCOCM4TmmOdhEjQfYquqKV9N/OpS4b7gFMzjkFrPRWXC21Nkk+cpC6WInzN5wELRRXYfN0TjFPjzBpwcq5gugePDqWZB2OQq692BwjNfZZPDlG7ms7/AJLRRqJVv7RU45QnRxXKldb7lG1z9Jb5hs4L5B/tNf2TzXQ1HWfQVAPnBmSrgbxIe7x/iO+6+sKO7xVbWw1p8Grj2JO2VYyMZUR6JWhwIwQeCF6Tx/lJUSTizlazRx1Mdliyj8cI6erpi6CthdFNGSx7HDBBHqpLDjnsvtn+0n/ZWZfYqnrXouIC6DL56djdpx6+xXxQ+B8FVNQ1DXRz07tMjHjBaV9e8L5mGpgoyZ8r8z4Cenk5wXAYSluApcbwGnB5VdgtOCixPIO69UpZR4y2pwntZJd5ikSG7Bc1B4QidPJVWLKARVXOidG/xm/SfRQYstd9loZgyaMxu7qkqIDC844XMurxLKN1E0lgIxxIwURxJ4OFGa/1CK1+MjCxWLPR1aJ7uAjnHHKhyfXlTDwocn1BVELUNOOB7eF1cZ9K6tUejk4xwPSTF0cpgIc8IJc3PKL+A/ZRMnUrbwW+Q6SazhOVlDEGXsjIMvZCxsOhqSSSgZx3ZOHBTXJ7UBAEoy7CjyDdS38jKjyYzsl2BoWMkKXT7gKIOVMpxwEUSrFlEyE5UjsECLZHPAToGGxYYVnK2nQcWurccZWLj+pb34fNxK5xHIWirs5/kZbaGbOX6sA8KZ080y3MnGzQMKuk/Fv6q46VaNfikchdGJ5iz8Mmox/veO3/AKJ7fqymwb1DSuTHQx8h7LTnCMOMmQuR+a6mjj2IacrZF/huijaMN0hYe2f73f31BOQCtnKA+tpYyMhxAP6paeRlvSRfuf8A+7ACNkenjEdsc6M6Tp5UW5/yoWsaPKdgESpldDaMg7kY/ZEjDN4YrUzERm1c91MjlDA52OFEtbcWyJ3c5XKuYU9BPKew2RvlA438HlPUc/zfVOgbjUf81sbRllKNlgra83C+TTkZxK7/ADXodC0Mpw3G4S4HRs/CK/QO6ymOLWsBdZzNUn2C0t6q5nTFhfgDsFkZXOdK4k5OVV0tqyatFX801D9lrb24pQ7CbM/U5HpyxlDqO2AobWue/PqV4zzFmYtn3r6e0iqqhBekXtvYGU4AHKn0+S8HPBUaFobC0NGNlNp2gMBxuV891by2fUdJDakTYW7hTXACmee6jUzdhkeqkVIIpnLj2cs7dCK4d0526a1Ec3hKGSQJjtMoyFPaSWglV7x5gVMif5AEElkqMshB/eNTawHOcJjSPEbujV2DFkcqs4BfKIzR69+FS9VW4VtAXgbsGVoGNyBj0TKin8WJ0Z31Aha9JZtnk5XkKP5FTrPIGnSSHHjZS6eQtIxug3qhlt1e+nkGACSD6ptJIOF6eEt8cny/U1fDY4lzGdYGQigYUWJ2nGynRuHlPCIBdnXx6xghQXDwJiCzON8K0GCBso1dFqPihqW1xg2VTwW1qn1w6ickqyy2Zpje3IcMEeyzFpq9FQInHyuGFpmt0EOQJ7ZZRtX3xwz5t+IvT56f6pqaaKPTBKfFjxxg9lnMYXsvxssUssdPe4mAtj8sh9uy8bL/APCvY+N1Hy14Pn/ldP8ABe0dSSSXROWJdBwcriScngBrJPpKl7DvwrykkbPGHahlZpjsfkp9BUiOcanEBbaLecMy21Z5Reyg7YT4HEFNa5sjcjcJoznldFMzQeyeSzZINOwR2uVbFIBjKlRSDuqOrXapckxpOUfGAFHZ2Ulp2CLGeToQkEXMBIbZThyg2jhYI4RGuOMei5scDC6psYwLGcFVd86dguRFTTvFPUs3Dxtv7qzBH2To5QzIPdLlDITxKOCD051NV2+dtqvZ34jm7O9luYXsmaHxuBB7hYyut9PcYfDlGCN2uA3aVX0F3uXTFS1tU909I86c5zhBjBu0uvenjtt6PTAA0A4XfyUOguUFfStqKeUPYRnY8KWDlFnJ3q7o3QUoMIkkkoaoDl0HC4nNGSoMishE5IcJ6DCGxRzAXQ0FPSHKrahqSwIRjnCJ4WBuF1oyOUVVhkxgj6RnGEVrQBsEgw53GyM0eqFpExngFgjgH9U4t1cjKOGjHCeWt7DCm1BupS7IYt1HUbT08Lv+doQZOl7HUbOtdL/9zCsmNA20hSI4yT6KOKJHTQfaKE9EdOv+q004z3DEF/w06UkzmhAz6BaoR42witizgpfx5Gfw6v0Y3/2U9Kudq8GUZ9HIg+E/SmN4pv1WzbH7ogi2U+JEWjqXox8Xwr6TjcHeBK77uVjB8O+k4sEW1rseq0LIvNwpLWcDhWqw46WvPCKWDo7p2HHhWim29YwSraGzUEIb4NNG3Tx5dgpIYQPuiMz68I1FI1QpjBZSRyKFrNgwBSI2AfhSjZqKkBoGMdkWxIbGIItPonjIKJgeiJob6IuEPS4EwZGdOPzRAMkbpMx6J45VoOMR2BgbJ4DR2XQdgi6C7CbFplgtXsnxnPA4RRGDjI2Kf4lLEASdJ7ogxRs1HGeUUhkGDK4NB2yVAlu8YPh08TXe7lDmlqak/wA2Xyf0hWE3ktKi+U1FIYaaJtQ8ckjy/qsh1BWdS3WV0DXiOHs2PbZWzIg04I27J4afVQRbyjFxdKVDiHTRjJ7qwpuk2587QPdadjNRRC3GN8IzI4c5K6ltNLTRtaIxqHdTWMDeAn6fdPjGCMjKhW3ASFurYoj3+FyOVRXbqe22fLZpf5jfwrBXfra732oMNte5jOC5RLJctTGs3t66xoLZmHPiTD8LTwsTLXXPqGr0zkmLfy+ifaemJap0dbWPLpD9RPdbOitdJTgFkeDhFKODNbdK54fRV2fp9lNGwOaMDcD3V82lEeDyiBgbwn5GMZTYvAhwXYzSGjAQ5OydIhPIG2U0VJ4FK0nGFFlGBnlGlkDRnIxjlZa938E/J0Z1PPcFNSyZb9TGiOWHul4ZCDFF5ncbKmLJHO8aQ5Lv2T4aTh8p1PO7in1OA0AJsYnntRqZah8keQAYwhnhddyhS74T/wAEY7Hga47nBQHE4IRsbFDxnuhbyY5yyBIOcrh2RSAgEHPCYJnYl2R3nU8FRrhNFTwF5fgnjCJW1UcEeSck7ABUdVUOl+rf0UObfqItYRFlmkndqkdkdkDSPREJGUxXg5Ntg1McRg7hInIQCTnlCkZnLPAnHJTSBjK6krBcsAjyiRRaiBwuAZOFMghJHCgVcXKR2KPSNwh1lQ2njznG2ydU1EdJGXyHfsPVU7fHrZdTtwf2S5/2NOFnA6ipDVzePK3YHIHqr5gDGdtuFHgYGRhoaBhPyeA/9kDeOTVVVGPKHPnycDskSdJwEwgDuq+5XMUzCQ7B9Emcsjpz2cg7rc4oIXMc7fusbXV0tS/Jzp7BEr6ySplLnHYnhRCGu2KzTlngxXWb3kCHFxRQE0ROPZWFPROkALtsrPJZ5F7c8IixROkeABvlW0FPoIRaajZG0DSM+qmxUrtsDZEuh9NUk+QUUPA04UqOHAzjhFihA5ClxRtGNkw3RhjkixQkHccIlVURUsBkc7BA2HqotyvFLSO0MGogdlla6tqKqQuc84PbKTZZgXZOMViJKuF/qaxnhRjQB3BVXgnd3PdIHK6kuTZhm9zycwFwnK6eE3U1BJ4BGjlI8ridq9kqSyQ6kkuAazhRLJG8HCco9NSSVJwzYeqJFb5ZSC0YC0VvpW00TWNaB6+pW/TaZzeTLbft4OW+jjp4Q1jMHkk91NaAMHHCcwDGQnjhd2qmMFwjDZZk4GhEDQEgMIi0RjgUcXUkkZBJJJKADkkklCpiXRyuLo5UKH4GMphByiDhIgYyoQEkunlcUIJdwUhyieXA2UIDwVxE8qYPqUILBXEXbHCC6UAFU5JEOpIDpwDwmmcgbbFJlckElkOueL6BRDPNnAcuanepWed+SEnxfsl4o9lGyfUpZPqVmna5ExkMZjjZCMxTU1IcmWgnjOXPGPqhnhRiTnlZ5yyGopmvwfRJSn9G9YNHmqIT7BA/2Z6vgdl1MyVv3Xk15zRS/rO1Z9H+Wr/+nkYkiG0dSN5tn6FMNtvzNzaZv0TI+W0kupmZ/S/lo/8A0WcSXRR3Yf3ltmb9wmmC4Aeajk/8qP8A4lpX/WhUvp3yke6Zf9h+R6pKM9tWCNVNIPyXBLJjBjd+iavIaZ/1oD/gfkl3SyRkeqYga5M50OTxI/H92f0VfzaPUgP+Ca//APRP/sGJGEzzdkMSO/pP6Imo/wBJU/m0/sp+H1y/+k/+xzJSS3zwlj2Qy11K9hx8Hr59VsSWCkAeQD+iK1urAEbx9wh/4hT+x6+nPIP+gEuZHqpQpnu/AcH1T220uP8Acu/JDLyVMRkfpjyEv6CFkeqWR6qxbZyR/dOXf4Mf+7d+qH/ilJoj9IeQl6K3I9Usj1Csv4Mf+7d+qRsp/wC6KGXlKkH/APB2v/sVOpdyPVWX8GP/AHZS/hGnfRhCvK1ZL/8AhDWftFZhLB9Fai3AD6EvkQPw/ui/4nUT/wCEdUu2ipLXEbBcLXY4KtDShu2hcNOB+HCF+SrfRa+k9Qv6kVpa4/hK54bjsQrMQN/pC74DRwEX/EF6DX0vcu5Iq/lnnfCXyr/srMta3YtCQDTy3GUmfkMdDYfS8m/uef8ABWfJlObRkHJVoKXJBDdvujClBHAWezyE/TOnT9LLHMSsbS4G7U4QgDZqsDA1pzhcAYNsLNLWSm+Tt6bwFdUcJIheEfT910RuHZTdDf6QuFrQM6Qq/k5N8fGVx4ZGEO2+y54AIUgkjsmudjfGUSub6Kl46leiKYG7lAcwbjCkySE5wFAd8ySfPt6LZXZwc6/SKLxFDXMbnlMwBy5d8KoO/hnCYYnn/wCamb0c90T9I46WEA+fdBdIDnCeafJzgLgj0nKiswxL0k2CAO+AcLjY35zhSHPY0ABqA+oP4dinb8hR0mOx2ggcFDdgZQ3TzE/Vsh5PcoXINaSD7Oue0HzOQ3mb/hnCdsU/AG+ErfgctJH0Ria47Y2K4YJSPNJueVK19g1MJ9kMpZGR0kV2RzATuSmFjWjLWbopeMrjtOCoDKuMOgBf2DUImV/94AB2T3OOeEFzZZT5RgBMJlQHOw33Qsl24RfAcU8Q6PwlKcchbsgDG45A5KZHRvJ822VJL3R8HA7oQqYt8uOVNhauUex4pwzBJBSbGBwMlMM+sgAJeK7HlG6tRwNWogEPiDGsYH3XHOpnDExQS2qeQCNvunmjYcGT/NA0OhbnoY/5M58JpcfRBLZJCAGEBWMMDGNwGZARywHhoCVt54GxZUtpZM+ZqlMpwAPKApeiMDL5Y9u2Ux9RFjDWud9kMq0zXGxLsYIWY+kJeHTDmEJhc92S0H80wNnccSgYWdxC+eL6CaaIfUwD9EMspu0QXDTF25z+qd8t7qtoat/QMsgG4j3QSDnZTfCPcruhg3wq+JsJWEYl/okDIOCpGG8YXdLfRV8ZbtkumA8ao/qyneM4cjKd5RyuZb6qfC2VHVTXGR3iu7hOEvsuBrU3wyh+FD46lvsK2oI7YTjV7cIIZkpxhJGEMqMhvUy9D21pCM24RAZAJPoojYNDtxypTaaHGTHlK+IZHUWP2EbXNIwGpwqdWwCGabvGxNwBsR+6r4sjY3SfbD688clM8GpJz29iuNAHHb3TjUN04ZklV8Y53J+znh4+p7ifQlPjfEzGpwUSWSU8NygmKrfxER7q9hP5D/RbCSDGxyuCeIHLXYKrG0tce+EYWyscN35B9lXxk/kMmCvAGkSjH2SNZFjOoKM20T53IypMdjmOMSx/qqlHA2Nk5dIZ863OAUZlTIBgHZTKXp6Z2HHSQrSnsLCQHRjKDo0RhY+0ULZJXOGHH9VMDagtB8POfdXwsdMzGpu6kxUNHGAHnCCXY9Vv2ZrwKhx+jCPDRVMgxp3WlEVvZvqBx7JzK+3wDB04VPLQ2CivyZQMs9e/8OAe6lR9MVUgBe6Q/ZytZL9RNP8ALjaUJ/VIaMNjAQbW+kPTpQyHotrgHSSuJ9CVYUvStNDjWAfyVXJ1TUcs5+yC/qW5yDeQYVOub9BO6qPRraay2+Jv91H+gUqKKghADnQMxwHYXn0l+uDz/fkKHJWzzOLpJXk/dXGiUgHrIx6R6dJX22EeeohA9lFl6htUQz8xGfzXmslS/GCXH7lQJ6ncZwPzTFpWLn5WUeEemT9bW+I4AzjuCq+q+IUQwIwT7bLzqaugjbmSUN/NV0t6tsRzJUBMjpof1IyWeanH3g9Fn6/qDtHG72OVXVPWl5l+mTAWCqerqCGP+VmR3sq6brOVw/ksOfTZNWnjHpGK7zMn3I38vUN5mcHGqx+Sg1FbNM7VVVbt+TlefT9S3yoOISAD7KNNPe6kZml57I41JdGG3y07PxZvp7paoRqkrQ53od1Xz9aW2nb/ACY/GcOBhZBtvmkIdJIM91IZbTjAw4+wTI1tsyy11suy6l6+uWwo6WGPHGWqpqL71HXyudPWPaHdgcBFgstXI4BsR342VpF0tcnAOLQEx1NiJ32T9melhmlJM0peTuSSuRxebC2dL0m3SDVyD7BWEdjtVPgthy4d8q/iZllCUnlmIitk0wzFEd/ZT4Omri7BLAB7rXsihi2jaAPsn+N4atVlxjgz8fSzg1rqmYD2CmU1joYSC461OkqSSVFkmdnZqP48DUsEltLRMGGxDZODw36cDHCi+Ie4/ddwTvlRJoNdksTvP1HP2ThUEdlD1gEZKK1wGExRQ+OCSKp52IGFwP7lu6EHhd8fI0gBF/gbGW0PqbndLxQBsELS4/mjNiGxKYlknyHRNJ+LBTiyZ+NOAF0BrV3UPXCNRBnNJDmsJ2cQitgpsZ0gO9VFMuFzxTlaIxyZJWJEsNY09sLrZ6ZvO5HoopLjtkpuW5x3T0sGO6zJLdWlrh4eyb475N3FRyQDgpzZGdytEOjPL+4Vzi7lMLc9lwysHJQjWwDPm4TehM4ph9KQLhuQojq8FuY91HNVVzHSzYDuq3iZYRbmVjfqICRrKdo+sKrEVQd5H5z2R2UUAw7Jyr+UVKK7RMNzDtom59Ew1ldjAcGAoQaxuAAnqlMoQlqST4kmrKWk90gfZPzkcKNhYRzS30CQa0HICRaCeF1rADnCW5BqKHYG2yc0rvbcYwhvqIgMZ39ELlgtRJMfdOJwMqvNW4EhjsIbnTuJzKluWAtpZGpYO6C6uiGd91DEcrju790dlOeDhUrBsY57HOrXk+U4C42R8m2UZtKzYvGfsn6ImAaGpgzYDEZfgu3UhlNFEMhv54XGg4OEMySk7v2ChIpD9bI9mdk/5vbGChO0ganEbIZrKWHzPk++6gLnCHbDvkd3zv7puXHyl2yhT323MIHijZRKjqa3NAGtQCWqqj2y5w0YJIKfluQAQsyeqqFh5J/NCf1bCDhkDsdjlFhiX5ChezXgtHYLur2WJPVrs7Mfhc/2sl/A1+Vai2Jl5WiPs2+v/AUzxHf0n9Fix1TcyfK12EVvU929HD8kSWBb8tS+EbIF59U4PkA7rKR9RXQDJcBnspI6mrMDU0FC1yGvIVyNGJJD3TwXtw5ZYdUT/wDdp46nd3aUTjgF+Rr/AGav5hwAyE4VLXbE4WUHUwOzgUeO+QH1/MocFLyNf7NOJ4SD5/2TRPCD9Q/RULLzT908Xen7DlTDGfza/wBl740PqP0T/Gh/qVELtAd8IrbvT53KmCnrYemXIkiJxn9kUeHjYhVDbxQY3eMorLpRu4kQuGS1rIfss8s/r/ZdDmd3KE2WB4DmyNIPunCSPs8fqiURqvTJQ8Mn6gfyUgFuBpxlQ45W54yixuJOxVqAUpqSJokwNinZJ21KKN+Cutc5pzgqpwLjPLJjWPduCisZUYw2ZQ46jGxCPHUNIBwr2j/kwH8G4HdmHD7rrW1o+qlefyXGTEEEPP6qZHWO2ySVWGT5ckYVAGz2ua4cghdbOSdpvyU8VUJ/vo2k+uEj8jUDQ5jRnjZU3gbG3BEFQSADIEdkmQn/AMIt0mNyPzTTZqhn/ZKokdg7sr3tDvkz6FueQf0XMAfhH6IRob7CcZa4eyEKuthfiogdt7IlNsFqE/yRJMLHfVEHD7IM9HbW4MtO1h9cIsd4oWt/nZaR2UltVbKlmsuaR7HdX8so9EWjomuytZQ2158j8JsvT1PUDLZng9sFXTrZSSeZgA9EKa2VjW6qWQZHY9wrWrnHtme7w9dya2Jmfm6Wq42l8RDscA8qNHP1DanZijmY1p5adlfP/jEQ3wfsmRX0Qu8Kvp3ffC1VeQl/k4Gt+k9PbHao4LKzfGfqe1uaZpzM1owWSc/qvRrB8d7Tc2NFzi0ScHHIXlrH9NXCf/eKYAnvwgVfRFBUyeNRV7Y2Hsd8LXXq4z4lweQ8h9E/FHdVLJ9JW/q2zXbDaSsYSRxq3Vpq1b/uvkd9v6s6cqfmbdJI9rfxMceForH8ZeprY4NuIfPp2cx+y1KdfaZ5HU+E1Gnlho+k5Y2EZUZ8MpP8tgP5rzvp/wCM1gurY45nGGZ31Nc7hbqivlDWMbJTTtdqGcZTTlTpnW8SQR8L8fzYG/mMqlrbDSzvMkYMEh3y1aU1DHN4z90MwNmGnGM7qC+jHmG92/OHCaJv5lPgvETz4dVEYzxkjYrSTUdUzPhR62+yrp4KaoaYammHvluFCEKWmiqQH072k+mVBlpaiHeeAhvqN0WSzvpn+Jbp3N9i5HZcamnxFWwl47+hUCU2jNXDpOx3hpMjf5h9eFkq/o69dPzGqtE7ywHIAPC9X+QtFwZqpXmmm552JVZVfO246aiDxI/6huEA6Fm78jOdMfF+92WRtJdw97G7efdew9M/ECy9QRtDJ2skP4SV5ZXWWzXpu7GskPss9V9I3myP+atdQ/A3GCVCWQjP8UfTzZRgHseCn51YXz1098Xb9YZWU3UED6iEHGSNwvYem+tLD1JCHUNX58ZMZO4QyWTNKiUDR6ARlAdE1wwWjCeH6hkcFd1D0SW2gSrrrHS1IJa0NP2Wbr+lpoo3PAa9voRhbknKZI0PGDwpkvdg8juHTkUzThmHehCxt96N8Vrg2Fm/q3lfQNZaqOdml0Yz64WWuXTNTES9gErD6cqSiprDHQvlDo+UerPhZT1Wt7IPAmGcPYMLCH/aTpfNJXU5q6RpwDjJAX2Jcumo52kSQgH0IWGv/QMFQ1wMAOR6LFdpYtZijt6bzE4xULFlHzwem6C9sjutmrXUdfGdTSwmN7T7OC9n+Gf9rjr3oCWl6f8Ai1RO6htDDpbcWj/eom+/eT1/r/VYm/fDKqt8zqq2l0Twc+VVfzMUjPkLzBl4GkvLMtd9wV57yHiIauO26PP7PWeK+oL/ABtnyaeeY/o/QvpXrfpPr60svPSl3pbpQSY/mROzgnsR2KsJaYRZfBnH4m/9F+cVqs/WHw8vn+13wuv09LWHeWKLJEre7X76Xj9wvpf4P/2w+mOsZqfp34jiPpnqKQCIF21LUv8AZxx4Rz2d6r5v5b6Wu0+XXzH9n2LwP1ppdW8WvEv0e+ecHOBt2RoKzThsm3ou+GDuW7+yBURtxsF4K/SSpk1JH0vSauOohuiWkNXqAweVOhqM4OOVmGTywnAOQptPcm7anYWKyr2bOJGkD9Q3KHJGw+YbO9QVCgrQ4Y1co0c24O5SsMrBLjqnuaGv5G2UdkgP5qBrB4GMIrZtGAd0OBbiTkkFkwITzKFQs7URuljLGnBIxlUhq623ymK4QuLB9L2jIIV+053XZYY52lkrA9voVC08FbDUxVDNcTg4JyBU2iSheZ7dgs7w53P2QYK5k7vDLXRvHLXbFGw8omiYxnHqjNmD8ZwobXatvROaC3f/AFTM4IlkVTRZd4kLeeQhR1L4HaXBzCNvupjJ2sA1khKWKGqbwD7qwWkVF3t1NdIdUTGR1Dd2vaMZ+6g0lbLG5tJWxmORowHdnK4lpX0/mGS3/JQ7hRMr4P8AGOD3TqrnBi5Vpj3lkjSx+CCMbr5f/tK/2YqPqyml6r6RpfAu8IMlRGwYFSB6e/K+gaavmgl+TrCWuafK891fRPhrofAm05xgEr0PjvJy08lJM52s0MLo7Jrg/IiqttZb6qa3XKF0U0Di0hwwQR2UZ4cw7Bfdn9pD+zQOqoZuo+laIC9sBe9jRhtQP+q+Ia+hkoKua31cb46incWSMe3BafsvrvhvPQ1MVGbPl/mfp/ZJ2RX+CGyXffsnvw9oKBIws3AOESOTg9gvXqyElwzwltEqZOM1yDyWu0koNVAJG5CNVRZzIOyFDORsQkWQUga3hlXIwxv0kYRWtB7o1ZCXkytH5KI3bk8Lm2R2ywdKi3aySWDB8yjTAAjdG1chRpSdQOUl/wBx9s90cBWdt0QclCjOMIgcO5T4vhIxnE5qakmoUx+47IA+pHJOEAfUrbyXkMz6QuprCMAd05EUzo4KjVHIUjIwVHqOQgkNBDlEHCGOUQcKIMTl0EYKa/hMaTnlAQbOcOBCjuOSjzAkjCAeUuYaCD6gpUHZQxyFIp+ArSyVPosGcKS5RmcKS5aK/Zju9D2r0noFgbb5H6fN6rzZnK9N6IAFBstNEcs5fkuasF9KdnE+hV90zH/uQeBv6qgqB5SM9lpunY9FrYPddCKyeYve2GC6p36TnGUK9zNhtVQ/G+k4/RKnOg5zlVXWNZ8tbCzONeQnSWI5McPzSKPpTVJJ47hu4rbN3r6X2I/zWT6WYBFFtjbK1lKNdfBjfBH+aXD9jbe8l5cf5mlgHfKJdgGWtoO2RhAmcXV7QTsDwn3+VwhgiYcF0gH5JyjkxtZJVDHotsTc7jdVHVVR8pZJ5M8jCuWNEULGjjCxPxLuYis8kA5KnXZdEN9iSMb0e0PndMRkvlcf3XoDHhrcdsLHdFQxCmEhZg4WmqJmsHKE6Fsf9TBm71Un5hwGO6qIGeJUtOdi4ZR7lKXVL/dNtkf80OKzaqe2pnc8Bpfm1UUvRZVYApy1vY7LlDGMgkJVG+B2Kl0TAADheB8rfmDP0D4fS4wybEMABWMGwaoDBwrGAEaTheE1NvJ77Tw4ROgA8uykVoApjhCgBwE+tGKYrmTluZ0oLCKyHkI7xtlAh5CM8gN3UfYcuiNL9QRYiNt0GfchKM4Csz7sMkawx4JKPKS4NPYqnrZjG4bq3gkD6ZhICCcfZHJMLG3AARMN7BMj4CJgqVtoXJJvkwnxEtRdEyviZ5m8/ZYallcJG6XckBez3eiZX0MsD25y04XidVC+33KWlkGMOOP1XpNBfvjtZ4Lz2hVd3yQ9mnYA4AjB+ykRHcKDbXh0O5yVLZyukefJrNsb5XZWeKzSDhMjIc3Hoix4HKAbB4KaV5pp9hgtK2FpqxVUzH53AwVm7rTAjxGhSOmaktlMD3bHhKlHJsrkW3VNojvtgqreWguew6c+q+W6qH5WpfABnQcZX1tkZAzyvnv4r2KOzdSySQxBkNUPEbjjPcLseIucLNrOB57Sbo/MjEpJJL1p40SSSShB6c0nVympDZEnhlMvrdXNdiKU4J4KtSzAzhZJspbgK8t9cXMa2R2cLo0X5xFnOug1LJPGoI8LsOG6aMFpIQozpcM8LcXTfteGW0btlIjfg8KDBINOFLjOTwodeqwmDcJx3QmPBG/KLnKiNsJnGozGh3dDxnZIAt/NGksDAr2kIUpLSO4RckjJCa9mpA0MOxvdgZTKiniqojDMwOafVIDC6H57IJQUi010yngfcem6sT0JdJCfqicdiFs7B1VQ3n+RkxTtG7H7foqVwa4YOD+Soq6zVMNSK+2TaJGnVgd0pwcWaNLqZaeeU+D1dp9k9YPp3rtzv91uoIcw6T6hbSkr6SuZrppmvHcZ3Cp8HoaddXb/AGJjkmHBSykACRhQ3wmu0FbwnDlMacNCeOVDRGSYccJLgIwuqDFIenpiepgIIGgHICI3lMTxylBhBwiIY4RhwjDQmtAOwR2jAQQDnhGGwQt4HxSQREag6j6IrHb8K8hhYs5GUVNYAG7IreyhY9n2RwMITBnKMrHxjwOT0xEbsVAwjHFu6MH57IbTkcIkYyVQ2MQjPqCMOEyMbBEDgNlYZ1qK1pJwh62N3c7Caato4PChCdHGGjU4gJ76qnYzY5KrnTvfyU1vOcogm8kiSuc7Zgwgkvl3cU3T7pZ0oyxaGjsERMByMp6MrIkklwkDlQW2h7SnEge5QXyCNpJxsFkeoevqG1+SB/iTb407hGzNddCmLkzUXC70dthMlVJo9F55fPibJLJJSWppdjbxPT7BZCvut76lqnNdO7S48DgBajpro5sTGTSxg+ue6hyZauVv4lfQWytvUnjV0j5JHb774C29j6chgYxxiGkck91a260R07A8sDQeAArCOEjYDACgUE5PLGx08cbQ1jQAPREAwnBq7p90eGx/R1MLuxISPCC5xydym7MirGEkfoHHKg1MoZzwu1VfHDGXO7fusnX3ea4SeBSahknUfRMjE5uo1EYrA663507zb6HIyf27qPR0kdO7xNGXkbk7p0FEynGs+aQ8uRHS42DeFqhwcPU3Ox8sdLsNlEkJKOTq3Qnt2KZ2ZG8EY90Fx8yO4jJQDvqRPkz2TGEY7ph5XSMoSJxwYbJcBdgqy413y/8AKYdzuUq25MblsZ82OVRSuklcXPOSe+VZzNRqV0jlXKZXayfZRXkYT3k53KjzHjdTJyrJ5Yxx32KYeUgSe6W2FcpGSdhw8IR5KaSc8pyoS7MCTDunaguNGogb7+ihFPe8D6WEyE7ZU7DYIXvOPL7qTT0opoxqDeMrM3y4umqHU0MmnPKj4NUXtRGqJ5KucuccjOGhW1BT+FEBjzHclQKCic1/iP7DhXEQAbgBKbS7NlUG3lhOBjKAS4d05zvdAkcMEBInLJr6RyaqEY5AwshdrgKuc6Bs3IU69XOIsMDDk+yz7SSSDuUmTwZLrecDX+fhKGFznAFGbG5xAAVhS0ZwHEAIBEIStlhAYKPIBIVnBTAAZHZOjgxgYCmxw4AOEs6dVCQOKnA7KXHGGjGOF2OMjAAUgmKFgMp07ZKhrjWl2A2bzsqi5dQRwh0EO7uMqHeeoRM59NRDyN2LwefZUxOdzylOfow6jU4zXAUkj5ZNb3EkpicfX0XCM90maMWc9nFzU31XHkAboJ3yMoG8F4yOyPVNyU0QOc4HB/VSRTuDc4VdhqH7BLo5Swd9uE4Mcr2uXRHJRE0ZJwp1FRlxDiMJ9Jbnuw5wH6q3hpvDABC3aXRyxukYr7vRykgDGjAwprWkEJU8J22UoMAAC69dGxHPnPPLGDcDdEckdkRa4RESeRJJJIiCSSSUIJJJJQg5dwUhyi5YQMjCgmcsgsFIcp/lTDyoTOQgIwkSMIeSlk+qgwR5XEklCCXXZ9VzO2UKSqa3bGVTe3siWQ3HKaZGt7qK+oL+FHdI5/dJnckM2EyWr7NUaSY4+6Fv3OU4/dZp3NlqODoeeV0ZPdNAwmSTti5Kzzs9sKMXJ4QZI7DKrai8U0Y+rce6rZepBgtbIs1morXsfHTTn0jQmXHZc8YeyyEl+nJJa5RTfKsk7/usk9dXH2N/gWG18cdh+6b447gLE/xyr/qP6povtWDnP7pD19TL/gWG48fbcJjXtOcFZFt/qdg4bfdS4r/AB5iSe+6X/MqfstaGxH10IWt4ITjDrCzLutK0H+dY5v8AwNRI+tWDHi2upZ+S+HbD9Ou6L7L0wDONIXH07MfSFUDra2HZ8M7D7tRmdW2mQYMuMq1uh0RTiyU6la4/3YTDQRHmBv6ITeorOTkVIGUcXy0PAxXwj80XySL+1gnWumPNMz9AmOtFFj/ssf8A5Qj/AMXtTiMVsZ+xRRX23Yiraq+aa6ZW2HtFY6zUedqOP/yhDNlpf/kSMf8AhCuRW23j5lqeKql0+WSP/wAyOOotj7BdNMv6SgNipP8A5Ej/AECX8BpP/kWMfkFdmSnJz4jP1XPEp/8AvWfqmLV2/sn8Sh+ijPT1KeIox+SaenqYcsZ+i0GqAjZ7UFxZnZwTlq7P2B/Bp/RSix0gOfCZ+iJ/CqUbCJmfsrUtYRjKE6AY2er/AJdntlPRVLpFabZDyI4xj2QjTQxbtjaPsp5gc7OCf1Qfk3ceZNjqUvykKloZS/FEB5aBgMChujJOQFcut7n8ZCDJangbOBT4aqP7Mk/H2x9FVpHqloKly0NTHwwFAMVZ/wDI4/VOV6fUjLPSWR7iwBb7oboiDnKlilrD/wDDnCKLfUuAywhF8v8AzSQj+HbY+IFeYgUIw7q3FrqDvhFZa3DaRuPdX/JhAavFWz7RQmEDkIfypcdsBaVtFRMz4zmj2KFKbTCfM8ZPoFP5if4or/g+OZvBRi2vcM+IP0SFtkP4wrV9zawmOCj1N7OKivNyqeI2Rj2CZHUzlxkU9DTX/S5EcUMUWPGIK5K+gibtglONqrHOzJITnlcFjYDmTKNWtPmWSfA//pwwQZaynDsMBQ31ErhiMYVwy10wH0hFZRQDhgR/K2GtJdLtlC1la47tyEVtNP8AjBH5K8MTWjYDCGXMzu1ArcEWkjH8isFG4jdL5Q+qsC9gH0hR5H7YwijPc8k+Kqv0RTB64z90J0HKOXEnZDOT2T08CbFB9IiugHohGJrclSSzclDMOc+6aptcHOthl/aiMXY7IRA/pUo05O4XflvyWmLcjNKuT7WCukZtxhQ5Gv3VyYW75IA+6jvNE0AukGE6M3+jPKqM+3gqfNuCf2QjE/nScK0fV2iMHLwSoct1oACY8uI7BMzN+jPJaer8pEYxP4xuueBUHiNPdXiX+7jx3CGKyvk2bDhWnL2hTuoX4nXUr2AFxG/b0TSY2Dzu0pj4K+c5LtKEKKQPxUzAgIoxyKlqVHoc6sgacB2ShOqNYIDVIENAwbnJQ3Ppnf3LRsi+Mxz1zbI5bLIfKE7BGMomoD2Q3SsHDtSm1i5aqL/JjNOey62ObtHsmmfHCa6qlxgv2R7Mi/5UAuwGXEApjqjy6fF/LCA5+eSd0wMDvwq/jBlrPUBzpA4kdkER5yiAb4yithc7Aa3lVLEQ4SstxwAjgcSPRSm02wOMJ0VJVjBaMAqR4bgP5rw5KnPCN9NOOZIBgNxuiZhaM6S8ohjgHLTlP8oGzQlp5NcFhEUyyAkMAamkTu5kGD7I2QTkNXHH/ChCTeSMYcnLgCiNaG8bLjpWN52Q3VcAH1qPkPfH+pkloZyTuFxzwdy3hV0txiH0u/dRJK+oecN2CH40D80Y9F0ahrBwMBCNxgyQSf1VH4lS/d0icwY55VqGBT1Ul0WclyjJ2YcBCNwDsYYVFDSUQRYxkYRbEXHUzZIFSXcBc8SfGdeyUUfAxypUNFISC1p9UPxoZ803wyM6R+cOG6aA8nDdyrWKii28UBFDKVn92wEq3BIJTbK6GGpI+jKmR0xaMyY+wRwSDsOU4OzzshdaNELGB8Nh8rWYITxHKMeQY+6JriafMNz6JjnvlGKamlz6oHWjRGTY9sMenLwNu5QHSQAnE8X2y9JtDcZ34k/ls91Jp7fRM/7TNGMEg6nLPOG0dCTXZCfLO4hsAyONk9lDVSYJad1YTVltpWhkOmUjYBoQRWV020FJI3PfCW0jTDYxgo5ogDICQuOdBFgyPDVJZRXSq8k8pYw8hSo+nbft4zpJPXUUpo0RjKX4op/nKUkCLzO7YUmNl3mP8mLLVf09Db6NoEVMzb2CO6tawYaz9AqNUKbH+RT0VouVQ7+eGxgd1ZMsMY/7RUEAf0lI10rj/KjcShmS4O/A4Dspg0RhGJNENBGNBi1Ad/VIS26mOrw8FV5iqJB/NeQmfK052nqNggaL+Tb+JZuvlNGfJgbIDuo8eWPZQ9Nni/42o/dBludsiGGBhwgcclrUP2ycbrVyfQeUIy3J5yXbFQP41SH6GZ+yC+8uAJa38iqUcFPUx9ssnSVR3dP9wuHLhuVRT9UGHaURAKtquuIIWnw3anegCJxQiesqjy2bJo32SfpBy84Xm1T1zdJsiHDAq6S/3qoyTVyn2BUjAzWeRq6ienT3Kip86pm5HuoM/VNqYD/N/cLzIfP1Dy6RzsHuXFE+UdnBKbsMU/JS9G1rOtrfCcMOT23VVU9bvLcxNPtus98sDy0FP+X1EADCYq2ZLNZbPpk5/V91k+gkBQ6i8XOrbpfM4A+iLFQgjBYpbLTKXDRHnKJQyZ3bZLuRTuZVSj+ZK8j/AJimijLuXH891p6ex1DsDwxhToen4wcyMwijU2R5fZk4aEDGRsp1PbogcsiyfccrVx2elZjyhTIaSmi3bGAfsnqlPkrJloLNVSH+XCApsHTs5I8Zq0rWgcDA9gieLABvJ+yNUx9k49FRT9OU+AXEfoplPaaGneHMiaXeqM6ugZkasqI64NyfDOSjcFEZlMtNLGNzpaPyUc1WCQCq99xkIOs7KM6sjcSRJlL4AlPHRbuqyeMKNNVkbEKrkrXcROJQGySvOHvQ7sgxlksjWOPol8xIfqcCoTSSMkpweTwrUcDcol+ISckhd8RuON1FBz3RRETur6GpZCmYdgl4hx9KTIs4PAR2xwAD+ZuoFsIp1k5R42Pdsdgi6oY9iQufMj/gu/ZRBpqK5DMhORr2Rw2nhGrSMqEalzvqOcJjp9XO6ZGGSvlRPMzTw1I1DSMYVcat7Nm8LniF+5JCfCGRUr1EsDUZPITBMeM8qEMu75wiAnPKeq32Z7NRkk6spaiOEwNJC450LP712AmKLM0r/wBj/mZeNYwkZiMDYqLPW25jcszI/wBAgCSpq3iOKmAbjOfZOSM8r03wT31DQOQhiriO2vdDbaKjU100waFKip7dBjWQ5wRrgBzbGAyS7t4SbQ1BIOkY91J+Zp2/3QTTVSSfUNlTlkvs7HQ+Hgyub+RR/wDcYwAD5lEPiSEBgyiMpQcF4VlbAjnMP0DZcDnbroDWNIJ2CE6qgZnLsKsgySR0k6gcqQx+W8KumuUMZw3cqMbpM87EAIN4pMuyWN3cQEx1TTsH1qpbJNLjU4lFbCXEZVfJ6GRhuJjqxpP8s5XPHncfqOPblDZCeQ1SGxbcKZbG/GNBB3JqM/snluoDAz90VkRwN/3T2+Gz63YQOQagRhSTPIw3AClR0xIwdl19fTQj6+PdQ5r/AE8Yy0b/AHU49hNwj2WLKcMweU4s91lazqt7XaY9ttlWydTXN5JEmAqMtuqhV1ybmaojhGp7gB91BqOoLfTf3kn6FYoVlVUvL5JnE/dL5R8w3J+6ZgyWeQl1E0lZ1hSxsJpsuJ7BVU3VFTJ9DXAlQo7aQc6QpMNGG/hAwrUcmGzU2z9gZrhdq0aRK/HscIBgr34a+R5HuVatp8AYAH5LpiJGMpijgzyU5ctsq22+pdjJz+aO22POHSR5UsxO1ZBwfunhtQRp8f8ALCLAtpkX+H0u2pob+aK2C3sH1DZddTOOT4m6CaN2frCYsCtk/wBBtVvG2kJa6D+kIPybv6wl8m7+sK+AJKUfQf5qji3awH8kQ3SADIjBKiCEM5wVwaT+BqDbkW7Jx6WAjrizO0eR+iabg07eGU3LP6R+iWWf0hX8bB+aeMCM5O4bhL5iQ/UE/wAp7LmG+ymAMtjfHJ/Cn6n90gGg8J2R2KrAMpuJwSyAcbpCepB2clgeqWB6qYA+RjxWStH8yTCE6reX/wB45J4B5P7IJa3Gx/NTCDjNskCYkZMp/VF8dwG0zv1UAsTizIxlTAz5J/smNr5hs2dw/wDEuC6V43bVOH5qCYi05/1XA1wV4LVtn7LSO/XZh2q3I0fVF3af+0k/dUzh7ro2yoEtRYvZoo+tbqwjWWkD2U2L4gyHDZN/XhY/UfRBdGe2yFvAxau5dM9Ch63hcN24ypcPVkL8aTufdeZtJ9E5r3twWkg/dVvY+Ottf5M9dpL+Zdy0Y9cqfH1DAwYLCvGYbjWwnyzuA+6lx9RXKMYMuVFLPYyOvnE9hj6gpJeWkKdBXUbw3+aBleOQ9W1DAAYhnufVWdP1nA1rfHBb7hH9r6NEfJtdnrTZYCMsnByjQTOafJIT+a8ypes7e8aG1b2n0VxRdSxOcNNVsf8AEqcUbavKx/Z6AyqlwMud+qKytbn+aM49VkYbwHYAqSpzK2R4BbKT91WxGyGu39M0Xg2+ofqfQwuJ5y1R5el7Y+TxYC6LPIDsBVkNXUcBS21dSCCckIZVzXTNtWopf5CHTd0i8tLd2ObnLQ924TW1PVlA4xVNB48Q/wCJHvsp8NeBjV/kp8d2g06NZ+2Utwl7NsLa5fi8FGzqJse1dSSx/llSo6q0XCPTHJFLq/CdiFPfHSVhxLEHA+yjz9M22ZmadphfzqYqSwaY2TXeJIjSWShnZiNmgjfLVFltL6cHRNIce5CdJYrrRDxbZcnF/dsh2IQW3DqSiOauiFS09mt4TM/sXdGqz8oY/wABY57zEzQwlzG8ZKRr6KY5rrWA8bOdp5Sp+pbfM4R1BdTP7teCMKxZBRXJv8iojeR7pldzr6OZqPGae7pFHLZ+mauQvpKh1HMdxnhAbF1DZqj5my3Fz3D8TX7EfZXVR06Mgt0jKD/DPkm5H+a3U6yWfuPIeQ+lFOW6uJZdOfGS+W2ZtNf4C8A4LgCvTLJ8U7Fc5Gxue6Fx4LtgvF56aGoOJm891F/hRbk0FeS/+l52/JdKFsbOGzxGv+n5VywkfUVFeaeqAdFM1zTwWnKmgU0/mdGwk98L5Wt/V/UfTMozJIWD3yF6B098Z4naG3ORoz6DBWjZlZR5zUaC2l9Hrs1ngc8uYQ0HtlVtVapnOwwBwHqh2frG2XRjXw1DXB3o7dXbHslGtjw4HulSyjE049mRq6Z0L8+G6N3qOE6Gulx4c7RI333WqligmaWysa8H1CqamxQyEmF+n2KEkZFTVWOkrm+LRS+FJzjhVkk96tZMdXH48A9s4CtJqe5W9+p8Lizs5u6LS3inkHhVUYc3g5UGRbRQP/gt6iMTo4ZAeRjcKiqelK22S/OWKqkjIOQ3VjC2dZ0faLgDUWmU0tQd8tOM/cKiqaTq+wv/AJ9MK2Bv4mDfCgzvsndN/Fu6WGQUXUlLJNF9PiA4Lff3Xq9g6qs3UkIfa6tsrsZc3PH/AFXiYuVlvIMFZAIpeC14wQVDdYa60zCv6frXROB1AMdgKmkwJ1xa4Po/B7jC4dwvI+nfi/cbaWUfVlI7QPKJQ3lenW2+2m9U7am2VbJmuGcA7hKlHPRllFolnlBRtQ790wnUMKkTDINXQ09QCHMAJ7hUdf09kExgOHotI5qY5vurIpNHmt06ZikBDosfkvPupvhzDVscYoWNce+lfQNVb4aoYeMH1VJX9PvbktaHtPCTZVvNNeqnD8T5YfZ770vN4RY58JOWhR7709031rShlZRNpK1oOmUtGsH3X0bdemaG4RGCsgIA9AvPOofhtXUbzV2ZgqW8mM/3n5LJPTJLB1qfI4+6Lal+zCdCfGb4rf2fZjZ7o6TqnpQjBbJJiWnHbwn48nfMf08L66+G/wAWOh/izaP4p0hd2zyRtDqijlGipp88eIzsfzK+YIZYntdBURbk6XxyDfPoQVmbj8O622XOPqb4f3Z1musBLw+IYDj2+3f9V4rzP0nVqYOVXDPpP07/AOId2iaq1PMT7ufHq7ZKjyxHnGF80/Df+17NaK2Lpv422o2yr2Yy7U8epjuxMjRjJzjzNGP0X0xQ11uvNLHX22sjqqeVgc2WM5a7O+x7r5T5Pwd+iliaPvPhvqPSeTgpUvsJBVSR4a7f3VpTVrSBuqp8eDwhEvaMNJH5rgzocXg9LGe40jZi4jZEDs43VFS3UMaI5gSeMhWLJxsRv9ikbA2i1im043R45NTvqCqhIXBFZIWndLwDsyXEUgCkMeCB/wBVVRVAOATv91JjlBQYYp1snuAJBHIVbX2amrH+NkxyH8TVNjftgomQFXAvDXBnJoK23uAkPiR9nDsnw1bXcEFX0jQ4YIBVVVWoOzPSgMeNy0cORjVLAgGy4wAnOa5g1MCiRTlh8OdvhvHYqXHKDsdwryiwkUwf5ZP3CBVUfhkzQnLeSEZzGkZGyGJHcHhEQraq2U1xZolY0O7HG6oSZ7RUfK1eS0nEci1zo2HcDSfZRa2hhuEBp6gZ/pdjcFOrucWBOG9YB0NbDVRtp6oNd2a4r51/tL/2YaXrCGbqvpCNzLxG3U6LtUD/AEP+a9nLanp6pENTl8RPleOy0tFcYKqFviaXNI55Xd8d5GenmpROZqtJGyOyS4PyIrKOttldNbbnSvhlhcWSxvGCCFBfE6El+MsO4Pb7L78/tRf2YW9bwzdbdFUbTfGtL5YY9jUgegHJ5Xwk+Kpoaqa23KkfE+J5ZLC8Yc1w2X1jwnmo6iOZM+Z+d8NGMnhcMgOcHtAyMKJOPDYXAcKXWUctDLpIOg7tJ9ELU1wwRlevqthdHMWeDt00tNLZIitm1AA/iUWpj8N+BwpFTF4btTAdPOEMPZUxlgwHcbpNsMsODwCY/PJBXHt3QtD43aSDsnF+OyySi+jRnIslPBOUPITwRlHWCFHCSQ4STQBJh3T01QgmZ9dgiHhNBzuE48IyAgTkoNT2RhyUKfkIGQaiNQ0RqFSyGdPCGPqRDwhj6lRR1wBAJUSTlS3fSozxkpcwk8jHKTTfUEBSKcgOCuMsFvosY1K/A1RYjlSvwtT4Mx2jsZI+69N6PGKAfmvOImjIzuvS+lABQDC2aY5XkX9haVZIGAtdZsNtLDjcFZCq3e1vqtdQgtomDgLpVnl7nxgtIRln3WT6/qSWx0w7lbGjA0ZxwsB1dVw1l8ipmbhmzvurnLEGhVEN08lz0/H4dPB7tWmtI1VrXO/CqC2saxrGtGAAAAr+04FST6KRXHBVqwWbpAa4Ab7p11/mVlNB6OBQqJoNe8uGccJ9a7VeYHJpjfZZYwcEryv4n1rmzspQNiefzXp1VUBgLsYxleKdXVb7hfxHIctB4/NKsZt0Ec2Nv0jRdOgQ29paiXOpOghNoyyCkjawYGlQbjUZGEI98zcisqX6psnlTrewAAgKre7VKCFdULcNBIXP8nZsrwe5+kNL8l28c8ky+bsrKmboaCoMbfEqRkbBWkYweML5n5TUPLR968VRiKDxDONlZ0zODhQoGbcKypwA0LyV8t0uD11EeES4gNkrgAKbb3ToxxhcuP8A2X9Vj9m30U9NwiSkjC5BwuT8qATltQNx9Umob00Ow0uJ2TorLMrsxyUnUNS+KVrg/GNsBX9lldJSNLnZ2BWBvte41j2yHZqvujLw2eMRa9WNuU+dL2bjn1aqM7nBm2Zyjtw4DZR2qRE7Sdwsa6Oi1kUjPfleT/EW0fKVgrmM2cd8L15w2ysr1zbG1trcdGS0E5XQ0V3x2I4nmNL81Lfs82tNU44a4gZV6w5aCsnbnFtQIvTIWmpagDDfQL0y5PnzW14ZOiyBgqQBuEKNHOBpwoEgdXGZIsDfZVMcjqGobIBtndX2Q4cKsrqUueHjglAaa5YNQyYVEMc0Z2cAfssP8XrALv0464RR5novMCOcd1qLTVA07YMbgYUqppWV1DUUMoy2dhaQe6bRb8U1JAa2H8irYfKTQQN+V1TrzbKm0XOot9SP5kLyCRwfcKCvbUWK2CkfO9RU6bHBiSSSTsCh6SSSiIPCkU9Q6FwP7ZUdccckJ1ctryKsrUkaigqvmIg5SZIyMPas1Q1UkEjXNd9wtBT1bZmg8ZXRqs3owW0uL4JME7WkayrGOZrgMd1UuaG+bujU8++MbBPUhtOpcVtZbBxwpERzjJUKJwcAVIBB3zwiOpTfkmZC636ggs7IrOyZnJvVvAZmAEpBkLg4XVMF7sgCDlcUtzG4zhRnA4KrGSbsDclLJTXAgriW1kr5CBcLLBWP8aM+HL6jbKg0Ut36fqxUQPc4DZzSSQ4K+1t9UKcB+3KVKORita6NJZeuLdX6YKnMEvBDuFpmPa9oe05aeD2XlMtsiqPO0aHdiFJsfU95sNYaavbJU0uwA7j3CHB19J5TalCw9SAynKrs3UFsvLNVHMNWN2H6grRWlk72n1cLV9o/JTxymJ6s2RlkIOERRxyiDhQepfsKz6gjN2QmjB5RARhAGmg7Zu2EQSjAOFGHKKCMAEqDE/2GDgCNkZrtXZRhJjsiNfnbCW4ZHRbwSBhEBwcqO05RBwiwGSWOxnZFDtJxhRgcIgcAoGiW14wi+IPT91X+IfT90UOKJLI1LKJoOUZQo3HA2RScqxpK1490RkmRnHKi7tHKM0oWshRkSBUPGzdk7LjgEoGQng90W0buRJxkbpoBBTGydsImrI4UwTchw2G6WR6hCc49kt+5VpA7+cBk5B+lEVl54HJpmwcYTgR6quuF3t1CCJ6gDHHujFWWqHZYiUEZxn7KpuvUdvt8ZfNNhze2Vlrt1pI+N0dtDo3caysbVOlqZHT1Mz3uJydR2VpNnO1Gra4RcX3resuDnx0b3Rsdtk91naWjqK6fQ0FxPLipENulqHfyWbey33TvT8EEbJHx7gZOe6PBzZync/uAdNdMR08bZJIxj7blbKmp2gNDWgAei5FC1oDWtwApTXNYMYwijHPY+mrCChuBjKQcG9v3TNedlzBxlE+DUoqI9MTXTBvIQnVIDSdKKMc8gzlt7DF7W8kKsr69kTTqOAOVFuV2jgjLtW52A7kqgdPPWu1OdpC0Rhk4ur10YvbFna2srLsfDpwGRZ3fnf7IkNPHTxhjG79z6olPGIm8JF+rbCaqziX3Ox5YNDJGeOEUnuhZABxvhMjBmac8ieQBkqLLJq7LskudlHkd6J0YCpzOEklCJTydkJz4425ed1MfszWXKKFnAVXcbgGgwwuBPcpXGueW6IjgHlU8gOMo8M5Gq1aktsBjickkoRO2/KTtnFCOT3QtNnInIbKRnIKjP3IRHnPdAPGVHwZZybG8BDc4kblPJymjuijHPZllJsCeVzXtjC6X47JpI9UbWAE9xzLiVe2m2GMCpqW/8oPb3VdZ6E1VW3LfKzzH3Vn1Bdm0EJia8BxCVkfTHHLKzqO9eDH8vSnDicZVLQURc4Tz+Zx337oETJKyq1vcXb5V5FF4bBthIlPJrhHdPIRjGtA3T8jnKCXAHbZNdIB5dXKVNnThwh8smdgs5eLw1odTU8nm7kIl1uwaHU9O/wAx2Lgs8Y3SO3O57pLlgXbY3mCOAFx9SjwQOJBI2UilotRBI/dWMVMBjypcpoTVp5TeZEWnpRt5cKwihxgAYRGQHbAUyClzwAl/IdanSqPQKOD1b+6lw0xJB4BUmKmAwSOEG5XKmtVP40uNX4W+qGU8D2o1Lk7O+Chi8SZ4bjfGVib11JUXGV8EJ0x5wSO49EG43Sous3ivyAM4GVGig0nUQEGd3BzNRfJvEQTWuHZHAOEcNYG7jlDdgBDjBjkvbI6bnSOF1xa13KGG69glylgtLIxzi44CPTU7pSNtkSmt0shzjZXFJQ+FjLQgNVdZDioMAZGF2eANbjCtXRBrdhwoMx1ENARxg5EtcYRK0QEuwG8qdR0ZDtRGCpNLSatyAp8cLWYw1dLTab2zi3X+jlNAGjGFJ0AYwuNaG7BE+pdSuG3gyyk3yxzQGhPJymuXVpSESlkMkkkmAiSSSQBCSSSUIOSSSUAchLuSuLo5UBYvMUsFPGMbpYGM4UByDSXdXOyDJVNbtjKpvA1LIVDlmZGNyoslTIdm7KKZnO3KzTv29DNhJkrSTpjdyopkcTuU3G+c7p434WeVkpdjFHA9p/ZJR5KqOnH8wqtrr/HGMRO3Wey+MOZMfGmUvxLlzg0EuOAFDqLtTR7iTcLNVN5qJjjXsoEkx+o75XOv16j+Bqr0Tl+ZoqvqB7/LE8KonuVVKd5NvTKrH1BB2CQdnlcy7WzmbKtLCPQaeqc4jugCXUOE0jPddAwsll2eGPhBQ6G6ikkuE4Wac8Dhml3omYIPCOS3BwmsY6R2lu5PolqbYUYuT2o4XHBGMobcknAJ/JXlt6crK9ww0gd9ltLV0OyJo8ZrdxyQnQg2dTTeIu1Ed66PoI04PK4aNjtnNCmaW+iWhvovlieej7Jgr5bfR7AwMOfZRH2mjO/gMH5BXD2cboYi1YwFC20Uxs9KDnwWfouGzUpGGwsz9leCDbhdFP7KbQk2Zw2NmctgaFz+Czeg/RaURYGMYXfBOMpbSRIyyZn+EVHoE/8AhNQOTgLRGA9gnGnJVYQzJnvkpBsXE/ml8pIe5H5q/wDkNW+Al/D8b4CvgJZZQtpKg8SkZ9yiCjqxv4/7q6bR4/AFwUhzsMYV5DwyqFNVjiX90QQ1QGPG/dWXgYHH7ppid6Iy+yv01AOdf7p4FSOXqUYyOy6YzjjCnATntRF8WcbFwS8YjfSEQwZOyaYvZRMr5ATpS4bt4QfnAD/2aT9FJLGg5yuvaNgCjzkKVkl0A+bJGRGR7YQzVyfhj3UktB7JmhvOlHEzytkiK6evP0twELVcH5D5Bj7Kbq2whgA8FP3JC90pdkR1OJcePuQnChpRuGDKK4And4Q9BccK00Kkpelkbojbs0ABOy0fiCQpidyUjQ043dn9VorlHrIt/IulgE9+e/HumGTI4zhF8GnbnzY/NBc+kjOfGC0RWejNOU3+UkhoOOAgmVwOA1GfW21o3qQocl2tzM/zgVogpy6iZrba4/lal/1D7keijOjcclCff7e3I8TP5qK7qOhGQNynLS3T6RzbvK6GqW2VqJT2PJ/9E0RkbEqum6ka3aFo3UGa+1EnBwnQ0F8n0YL/AKh8bTHdvyXr4mNGSQPzQHSRNG7gqE3Wd2dTygurXnYuWyPjbfZyLfq3S/8A0y8fU0rf+JhRHXWIOIDCQO6qnVABye6H8yPRaIePkvyRzrvqhWfg0iwnucuf5LeVCmqrpLwzAKE6ukj+gBBfX1ROfEWyOjcVwjn2+dlP8pDzBdH7ufpHdcNJ4n94/J77rnzsrx/MOVHdMXZySE2NDhw0Z35aEuwvyNAN5HYS02sDGB+ijOJd9Rym6R6K3XkW/Jp9JBzU0zPKxmw7rjrg4fQP2Ufb+r9kiWgbHKD417Ey1030EdWVJBy7CCZHOGC5IyAbYQTKTnDeUXxpCXq5P8mOIHqmagDthMLyeyF4ZedjypKOAf5O7oMZhgjIQDJvwutpnudspDaR+MAYS3hdhqFmofBEDnngLpbM8jDdirCG2SHzHGFLZTxRY1JcrlHo30+OnLllTHTPfgY3UmOgx9Q/dWDzG0YYwfdC1ufsUmd79HV0/j4Vvc+xrKaljwXtRH1EAGmKPTjuhukAOOUzLB5kDscuzcoxh0Ee+ok2YRhMex43PdR5K1rDhh3UeSsq5Nm8KFfITnHByShyVcEQyX5KrnuqDzIo5BzkndWlkXK7BMmuPm/ld1Hlr5iBkhDdho+yi+JlxGUWGId0n7DOqnSDcoYOcrh37ZRYonvJDG5KtRyC5t9kZzQV1jfbOFPitVdU4McOR7qfF021gbJWVfh5G7Woi97KMDJwFKgoJJ92xkkK5ENqoMOjxK77Iv8AEGDHgQhpVdkzkgQWWrdgmMNCmxUVNCB4zhkJSVM8zRl5A9kMMe47uKKS2jYp+iUJKSP+6hY7HqFw1LsENAAPoENsMuRobqRxTOABlbpBQ5RrqhOXoCXajyEmQkb45UiT5GEZdyozq9hIbDyhbRohU8hwzbdLTEPrGfzUcTVrxhrdinNoauQ5lOxSpzNMa5PpHZHwtx4bR+qb8/URnEDsFS47XSAgzzEeqnM/gdFh4eC73QOw1104/IqHG71wDHag32Umn6anqHNMoJIGN1Pf1LQU20b2/ooFT1pA3JjeSfZZ5y3MeoUp/cy1h6fhpmguYAVIEYi/whZOXrOV+41H0wVEn6pq5BpEjigGq+iC+03DqqmYMOk3UY1tM0/3uVhjdKyc5DzkrmbnNydvultZLhrMfibR91pWjImG3uoEnUdMwnh2PdZ1lvqpXZly0eqL/DaZo8zckIdvJU9bZ6Lb/ayKPIh2P3QP9qrhMS2I7BVo/h0BOtnCG66UUBHgR7osC3q3LiTLN10vkxznGUIwVrz4k1QcnkZVdNfarGI27EbKvlrrnK7UJCh2gfy4Q95L8OhiB+Ymx+aj1NztMDcsLpHegWfLZpnfzHk553Tm0hJ27otgmzVzfRZTdRYbilg0n3VVVXa8VPlY7APspkNCNi5SI4Q0gMaMqKszu2Uu5FEKK5VLszuKLFaYi4Ol7chaKOjqJhgR4CIyyP8A+Kef2RKpsVKcI98lH8jSMAHh5T2wB+BFDjStFDZ6aI5I1KV8tTgAMjAwnQ05nlfh8GYbbqqbGmLZHjsUuBqOAtC1rRsD+ydsBjKfHTr2T5slNDZIAfNjP2UxlopQc7beylgYJI7rhLncAhM+JFfKwbaOlZuGjIRoxFEMNATdLvUputoO71Pi/sU78EkTAdl0yZ7KMZWDuguqOfKFWxAvUxXZKMw9Ew1bhwAoZqPZD1/dXtJ/LgTDWznIBwo73TE7zDdDLw3gc+yDM8nglTaC9XH0SNTQNTnKO6sibkNdugEvPJTfB3zhTJFdKx8DzUyPPOQVwDO+eV1sR22RmxdjsgbNUISmgbG98ZRAQNgpEVOOSFKbTwjcMSW8joad+yK2MuRo6UvGcDCkeGxuNIwlpPZyvDZqhSvYo6WEYLhuPdOIaOBjCa5wPDkJ0x4DUYzhBtk3y+oQS9x5TcI3EVOwJLKOMBDLnN+k4TgwlItx3RxrbMd9yj2M1PPKWXIjWjKK1rcfStUazHPVwiCawuOO6MIwzckDK4HRxg63YUeevgaRl3CfGGDLbro+iW18LRu/j2QH1gORCMkKM64Q4Aa0kprZa5+PApj907ajM9TOXQfVdpjiF4YPsjw9Pukd41bcNWeQoZhvbsfyy0fdPNvujyPFn0N9yqcUhTsbf3FmyhtFLjDgXDujfMUMYxHKBvnZULqaLP8ANq3Ljv4exuxe8/dTGA4Ta6LeS4QuJa1xx6oPjUJOZXklVzKmlA0iI/qm/MtyRpwEO/nA9S4LcVNA36WpproB9Iz+aqwC7cDCL4efZTKHQngnfxMNGWtzhQ5bxUPJa1h291zwinQwt1bjGe6W7MBNuYH5mve7VwF0xzTkajnHKtGR0oaNZ/RPb8uBmKLKpTJ8OeyFHQuIGofujw0MIOSMFSCJQNo/zTS/G7n4KFyGLTxOsga3huFIZCMfTz7qG6pe0Y5QH1dQ7YOwg+QYobS4aGNGSQAEOStpohnVn81TOdPKPNKceiGNuSo7MkLKW7nJEI7KFLXVEoOThcIHOOE3b0wgyyn0Qqn52Y+V6EKSYY8RWekdktI7pqbMttbmQBRAkagEcW+DSMhHLcJ4aB3TEZHVjsFHQU/IaAiNhY3jZI78JzUe4B6bd0IRM7JaWt3C4uHhE5pALSTHa2g/SuF7T+FCPK4WkhD8qRa0zj2OkcG8JrXJukk59U5rCq+ZFfxG+hayuavZO8F/YFMMM5H0beqP5YsJaWeOEcyOMpHB9EhA93ATvlJTsAf1UVy6J/Ck/QI7890EkjPlUw0dTjZqb8jXO2GP0TI3RXLEWeOtn0ivLnZ4S1O9FP8A4RXHfwR+qX8Hrv8AuR+qP56/2Zf+EXvqLIGp3v8Aqlrf7/qrD+EVg5iCY23VAP8Ad/uq+ev9in4fVZ/BkPz/ANS5/M/qVkKCXT/dBBdRz7nwlfzQ/YEvE6pf0MhZf/X+y7l/9f7KR8pU/wDdLnylT/3anzQ/YiWg1EO4ME1ztxqTcn1RjTzNGXMwgiQcOyPyVKSYv4Jw/JCyUslcyDwUi9rd8j9UfALWOwms44XNQ9Ezxd8aU3RnfOMqiBicri43uu5CmQBYCWAm4KWCq4IcwEsBPSU4Lywen3S0+6IUMNV7SZGafdIszyf2T9Pulp90OCuxojAOQMIolkYMtcQfuubeqGZQDjCmSyXBdbpE8eHWOA+5V1RdY3elxqlDx/iWcHdIv1Ej0Vbmg4Wzh+LN9RfEaRjm/MQl3/ItFb/iBbZyA974yezl5Cx2nddMvfHCYrOOTTXrrIHu1P1Db6sfyphn7hT4J2PILCCD6LwKnuVRTkeE8j81b0PVlxoniSOodnuC5TcmbavLbeLEe6Crexu3dOZdaqN2nIcPReU274i1TZv96GWFX9L17a55hG8FmeCTso4pnV0/la308HoUV0jOPGGklS46ujkaA6XlY+mu1FVtaY5mfqpkby3zMdlC68nUp1qn08l9UWqy1Z1ytBd9lU1PSsocZbTVmJ43DcrkVdOw4LhpCmxXaIYAcdQ90DhtNSvqs4Zn3P6wtNQZHNNVGOWndTaTq+CYiK40T4HHY5GyvYrgZvrw4e6T6SgqXa30jCfXCJPBUoPuDIbKyz1v8pk0er74Q5bQ4uDoZAPQ+qj1nR1HUSGWnmdC7/CqmtpOq7S3TTyGoiB2I3KarpR6MN+njdHEkW1RBI0GOrgEjPXGVXS2WjrCTB/LJ7FEpOtKcNZTXWlfHKBguLdirWGpsl2GaKpY2Q+hWunVz6Z53V+BpmuEULIb9Y5BLRVL8N4AOy0/T/xhvNpkZDdWGVg2OBuAoT6C4Rkta4Pb2VfMync4srabSe7gF0YWqfZ43yHglW+IntFh+K/TV5kbD4/gvI3DyOVsqepp6lgkgma9p4IOV8ry2alqnF9uqhHIN/Qqzt18626cax1HX+NGz8DieE7avR5rU+OVb4R9OFoPlO/sq2usNFWZc1nhPP4mbLzXpn4208uikvkLoZRsSRgL0a09VWS8sBoq+Nzj+HUEto5s6Zw7RTVFqutqeZYXmRg4LeUei6pY3+RcstHG4Wkkw7jhVdwstDWjD4Whx7gKgFLJDrelLD1GzxafQyQ7h8exWauXSPVFkOuizVQt7Z3wrSosd5tDvHtEjpG8lurGFOt3WbgflbvHJE8bEkYUCTyYoXAzH5O70PhP4xKNkamFVa5fmrJWSU550h3lW/rLdZ75DqdHHID+Jo3CzF06Jkp2+Jaql2R+B5UKaTLmwfFKRjm0XUFO9p4E7fpH3XoVFcaOvhE9HO2Vp7tOV8/V7amnPg3Clc0jbJGyPZr9cbLKJbbVvaP+7LvL+iWD8aZ9BuJPIwmkZWNsHxKtVwayluX+6VeN9R8jvsVsYntmjEsRDmu3BHCETKDQ17TyEEvJOD2UsYIwRwo7mYPCjAIlZQRVTMYDXdiqiotj4ctfHkeoWgeS0ZAyo8jjL5SMJWCozZ571N0Ha783xXwNiqmDyTsbhw++ORssDcLReOlpA24sbLSuOlszR3917vNSbghuECemilidFLHnVwfRU4odXftfJ8/Xaw2LqalMdZTiQ4Olwx5crO9Nz/FH4LXI3DoS6fxCzOOqez1GTC8D2zscE8YXtV6+FjfGfXdIhsBcS59I44jP/L6LFsqJqa4NtVxpX01Xg6o38fcHusOs8fTrIbLVlHoPGedv8dYrNPLC/R6x8K/7QXRHxJY22T1Is3UDMCS3VOweT3ifnDgvTHsyBvsvj7qPoK13r/eI2imqm+ZsjBpOexOOcLTdDfHjrL4eyQ2X4hUT75Z27CuDtVTEPc8v+3/VfLvP/RlkXv0q4/R9t+k//EiF8VRrXiR9JyREbgITKualfz5fTKB011T091naY7z05cIqumf3YfpPoR2U2ppmkj3XzjVaGenm4TPsmh8hDVwUoE+lucMjQHuwfVWDZQ8AjgrLGNzN2jBR6a5VEIax+49Vz3Vg60ZZRp2yluFKp6jGBkKkguELmDW45R21LQQRwUlxwRmjiqAW4OEdsuv2VJTTF4yCpQmLSNkmUci3Etcj1CbgBpw4FRWT7AFEa5DgDaxslPFOS57d8cqM6B8Z8jMhTEi0OG6v/JeCMx+AWuxk+65pHYpTQNB1NJyhxlwIBCMPaPI09kMnO6NkOao+CD90eAWR66mp7hC6nqGZBGx7hZQtrOnaoRPBko3HDSN9JWxxhClpoaqJ1POwOa4Y3CdXY4sCUVJALbd45cU858p+l3ovnz+1H/ZhpuumT9c9D07Ir9py6mjbgVhHb/m/zXr9Qyp6eqtEoL6d58j/AOn2V5bL8wgAPDmO2IO4Xd8fr5aealE5Gt0MdRHZNcH5NTZpKie1XJv86FxjljdnXE4ex4VRV0r6R+fqjd9Lgv0B/tO/2WqD4h003XvQdOyDqhjdc8LBhta0b7j+pfB87amlqp7PdqV9LUwOMcsUg8zHDlfUvD+YhJKaZ878v4TOVPv0ylfIJBpI2CgTMdBKXtHlO6sayB9JJpc3LTuHdiFFdpmc2Mj6hyvXO6F8VKJ4edE6J7J9oCXtmGsHKEXB2fZCeH0tQWEnGcHKJq1ZSWixpJyngnKYeU4coFNJghxwuoY4SPCcmmAFaR6pjkwE55T38KysjoT6lEJGFGaSDsn5PqUZZ0clBqfw/mitQqn8P5oCHE5NTkAYk0cpyaOVCmPP0qJJypbvpUSQnKGTwSKOfkjwnzBBRYvqQBssYDnBU5vAUCD8P3VhGQW7J8FlGK0Kw+YBel9MN0W5rscrzOM5dwvTunWk2pg91voWDk+R4gT5n/7zCPUrbUoAo48LDEaqqMZ3yttGdFJEO+F0azzOqjtx/cuKchsWSdl5fdHCTq1xHAdx+a9FfMW0D3cLzalxU9STSc4P+qqXZejXMs/o29DjxWtHZXNrOZp/ZU1qZmsb6BWdmf8AzaontIQnxwkZrXlF/b2gzkn0UaZ3iXkDsxGoH5lJxwFEgfru0hxwibwZY8Nhr3U+DSOdxsV4vM81vUQk5A/6r1DrOuENH6bFeVWXM10fIRnIWeUuTqaJbYuZsSdLcB3AVTXyE53Ut7sg4cq6pGTuhlPA2mtylgBB5pm/daGJumMD2VFRNJq2DC0I2C8/5e7KaPq/0jo/jhu/YWjjBlBVlGzzYyo1DG3Rr75U9kWCCvmfk5tyZ9s8ZRtgpEqCMEcZ/NT4YtlGgjOnHCmxDAC81ZPLPQ1wwSIY+5CDdQRCpcYPKj3jHgDCBD3HBTs4TJE9nCY9Qz29AyM434US6TfK0Ekmd1MVF1NOflnQD1wtdPZz9RPZW2ed3WqfNO86s5zup3SF1FDVCEnBccqLW0urJwq1oNO7I5C6exSr2nlVbOq9Wo99o5PFga/OchTIzg5WO6EvQrqMU0kmXNG2StjGcHK49tezg9hTZ8sFNEppy3OFCro2zwPjewHIOymxu1DGFyWAEZxyqqn8bywL4qyO08I6goXWm8vLW6WPdqap1BN4jgeMq0+I9ukD/F08cH0WWttVrhGfqbsV6rS2/LWpHzbyFH8e+UDYU+SwHlHG4wodtqQ+AAt3wpjD29VoMqHxuLTumVLctx2S3bJjGwUhzNbGuAygY1dEKhe6Cqa08FaIublru3KzlUPDIeBhXMBMtE2TO7UqeY8j449nkHxg6ffSXUXWNuYpxnK840+699+JNtluvTfjRMBNOdTvtheBaTk7bZwvW+H1HyV4Z4rzdOy7evZxJPSXb3I4O8Yu4KQ5RgBhQsDgriMWtwdkLSSdgjCYQkgg+in0VY6JwBKr3JzvKQQijOUXwInHdwammnE7RuEQkx9uVSW24MhLWyK9EjJ4w5oGF1NPL5Ec6yDrkPjqJGHIOArGCobK0Ozv3VQRj2XYZDE7nYp+cGii/Z2aGN+oZR2O34VVS10IADnZKnR1DXcd1f8Ag6VeqjJYJw45TUJpyeUVuMBXk2RngJkEJuAlnK6oOctwKVu2wUVwIO4U4gHlMkj4wFZRD8/ouE57qQW+yjPYTlA4i3PAWF7XHdSCWlpaWggjG4VWXuieCrCllEuMchJaKjLLK11rrrbWi5WabSc5dGTsVqun+tzPMKG5RGKU7DVsCfZQw0kYDUCqoIJxmSMEjgjYhUlg6Okvnp5b4npIOQD6p6xvTnUsrGC217tWg4jeTvp91qo6kO7cqj1el1sLobkGHKI3shBwyiseBhQ2q0KOAnBxGwK41zSAEiQFB8bM9hUQHshakQEZ5Cg6M17Ct7IreOUNg3GyK0DChojNIc0jKKOEIAZRWdlWBnyD84RQ4numDhHHKEtMQByjsG4K4AMJw5UDjLIRo22RMFMAcGjAKLg+ihe8az6gjN2CGAcgog4UGKSwOBJPKION0IEZ5XRNEWZ8Ro+5VoPcw+Qitd7KC6rpY/7yqjH5oDr9RMyGEyH/AApyQDmW4IHcLuR6rOTdRztP+7ULz7vao0txvVQ3OuOL0ACpIpzwaeaqggGZXhv5qsruqKGnZ/K/mO9As8+kqpXF9TKZCfdcFC3u390zZ7Fy1DwFrepLhXNEdPiAerRuVRT000xMlW5zsnucq9bFHGw+UYAVPc7vBjwadnjTE7NBVYOddqHJ4ZXVgZE3bk8BMpbTU1YD5T4bDy091bWu2GST5i4NDicENB4WhgigOklo9gnRghMcyZ2zWqCma1uBgAK/iYxo2xvuq+GMjDWjAUyJhbjJUwkOhEkoo22BTWDDUxXjPBoWIchh6p5fp4GUB0gjB4391U113c1xjh/VNUM8ma/VQrjnJYVVXFEC6R2nZUFwuvikshdsOVHnfNUnVI7KDFFoO4TlWcPVeQlbHEWce3x3B8zdRCM2MN4CeNOPpXS7DcYToxwcdt+xDYIZIxymul34QXS7FMSFzlkc9+FHkkyMLj3k5QS45TYx9iJSwcL8koOSOSinjKhVVYyMbhFHCMt18UEnqBA3U78lT1VW6U/fsh1M75nk6kFzgBklHt9nH1OpcuEclcSNR3UOSXHZGklwcBR5SC3ZFtSRzXL2wRAOSCgOI33RHd1HJOeUtpC5yyNdkpv5IpxyUM8qJZM8ng4BjugvIGwOUp38AIIcO5V9Gaw6/B34TaajnqpxHEDjO59F1w1kBu5Oy0dBC2y0D6moxqcNX/oglIlUd0h9RU0dit5AAEhGB6krDST1FzrC+cnz5xnspdyrZbhUOe92QOAmU0Oh2SEqbNcFl8Emkp4qcYa3J9VLd9GEJuANymzVMcbceqyyeDfXFJDZHYycqluFxcA5rHeyVyuGTphf2VUBLI/JKTKTY5zeNqB6A52fVS4KYlzTjCJBTZAOlT4YcafKls0aehyeWKnpcAbcKUyEBEhiwFJigJPos8nydKukHBBqOAFOhg8LzEZT4YWxjcbqBeLuy3N2cM44QjpJVxywlyvEFsh1vAc7sMrA1twqrjUumnd5T9LewCVXV1FdUGWV2QeB6LkbeNuFH0cu212CjhOQcIoAb2Rm6Q3ccIM0wxgBCnkySSXLBTvI3CjSTEggp75AcoQY6d+lgVTFPM3wD8z3qxoaIkhxRaG16sOlariCnbFgAJeGaK6wcFMYGgAKQ3ARSG6eMYUGon3AamVwcmFbONUW5Daupacsa722QqeFxcHH/NdhpfEeCeFYMYA0ANxhdPT6f2cS/VOYoGBrQMIyTG47IoGF0q4beEYJT3DQC0p4dtwkQNkUDGwWhIgxJJJWAJJJJQgZJJJQgkkklCDkkl3BUAeDi7jK5nC46drBuglNRCSyPcSOEF9S1gOSo81Zk4iKhGZzyR6JM7kug1DJKlrCSRE5AL3HkoRA3TzkDOMrNO2UhkYpdj03SBkhClqRGCSAAFSV1420wO3WS2+NSzIfCmUui4lnEQJONlT1V52LYXfdU9VcaqQ/WcKIZDkuLsk8rlX+RzxA31aZdyRNmuFS8nL859SoT5NRJO6GXHKWn3XOnqJyf3GuFSXCFqPZcJJ5SwUsFJlLKNUYDEksYSSJPHJNuBJYKYMg+qOAMJU7MhRjuBrgYXnDeSihu/qtH0/0lV3GRsvhZb6EJfM+jbptDbqpYrRR0Fmra6YRtaQD3wt9070CyFsc0xGRuchaqxdKRW9rDKwEjsFu7H0nLcnAfR3+y001POWew8f9PqElLH3GVoOno3+WkhBkGMDHK2li+HlfVsa+rDY2kd1tbL0dT0YY+QAub7LTxQDAaBgBboxSR7PR+JUY/ejwn/2o4+rpyoA9p2FEZ8VbRxPbqyI+4CypiaNw1DMeey4k/pnRy6TR8Mh9f+XjzKSf/Q20XxN6bkwJPmWen8sf9VJi6/6ZO7qp7Af6mrz8wNPLB+ia6miI3jb+izv6T03qTNNP/iR5GPEoxf8A0PTo+tulXYzc2D7qU3q3pV4w28wgn1K8iNDATvE39Fz+FULtzTjKXL6Spl1Nm6H/AIl6tfnWn/1PYW3/AKfc7U290YHvIiNvdgOD/HKLP/0xeM/wag/7gIZstBk/yAlv6RrS4maIf+J9kfyoX/f/APYe4C7WAjy3uiP/ANtXW3K1k5bdKIj2kyvDv4DQf9yFz+A2/wD7kLM/pKzPEh8P/FJN/wCwe7i5Wz/5OhP2cu/xK2f/ACbD/wCZeEfwGg/7kLn8BoD/AMLH2KH/AOE7f+Yev/FNL/6H/wC//Y91/iVs/wDk2L/zJfxK2f8AybF/5l4Oen6A95h9npf7P0H9U/8A51P/AITt/wCYL/8Aiov/ANB/+/8A2Pdf4nbD/wDGxf8AmXP4lbP/AJNi/wDMvCP9n6D+qb/zrn8AoAc6pvzcp/8ACNv/ADor/wDip/8A6D3SW7WuMYFXCc+6iG+2ncm4U7cc5fheLfwakbsGE/cqRHbKcDBDsemU6r6Ssfcv/Ip/+Ki//Qf+Z6y7qWxNODd6P/7r/wCiG7qiwNGTdqUfd+F5QbbSZ3YT+aH/AA2k2/ln9U7/AOEYv85YEz/8U5Sf20L/AL//ALD1GfrDp6M4Fzidj+koEnXfTMeM12fsF5r8hS/92u/JU/PhhHH6Rpj3Nmaf/ifqpfjSv+//AOw9Dk+InTLMASTOz6MUSX4j2Rv0RTu/8KxQghAwI2/ol4MX/dt/RPh9K6aPbZks/wDEnyMvwhFGsf8AEagwdFHMT9lG/wDaGMHRbZT91nhBEPwhPdG3GGjCbH6c0sf2zJZ/4heXn+LS/wChc/8AtCqnZDLaB6ZYgt62u0pPkhZ6YaqfQd900REZ2T4eD0sfRjs+uPM2f/Ux/hItH9XXnjxW49hjCjS9QXWYb1GMqG6J2yaIyThPj4nSR6iYJ/VHl7PzuYR1zuz3b1Z391wz1jh55yc87lObAMZwloI20/unx0dUPxijDb5fXXP77X/3BF0h3LiT9006u/8AmjeGfRLwz6JypgukZZ6q+z85t/8AUjjV3H7p7cY7LpHdDJOVfxx9C3ZJ9s7kJaiQd11cPCpRwFveMA3OIOxXA4nkpOGXFIDCLIOTji7OSV1c1eyWr2VZGI5hCRAcoavOS8jELzAnblG0lcLd91UnjsZwCTS08KUKdzhkBd+VedsYSHajRXCcl9qIYLz3THNc7k7FTxQvO+EWO1y7OcMhC7ox5Nleh1FvSKoROzuuiLVwrf5KEfU3dIwRg5Y3CXLUL0b6/DSlzYVsVJnctH2yjMo4huG88qXoaAcBD0uzlZp3yZ09P4umrtDDFEMBrAMLrY2+ieWE7gJrg5w2CXKbkjp1aeFf4oZqI7rhcDvyumN+cuGyaWxt+kYS5RyO2JDHOOS0DdDMcw76QinPYILhU9njCtLIMm0I5H1O/JCc/Iw4ZC65rh9R3QnO7K8ejPNs44Qbnw9/ugmYDIa3YJOje45AKcKR4A8RpwfZW1gU5MjPqDnGEAukfw0qyFNSD/mKOy3yctjAHqiAw5FEKWrkOTwVIgs73uBlIwd1etghjGJXNJ9GlClkiZsxuPzRqYLrS5YGG20kWC8A49VIfLQxBvhDDggOLpN12OnLnYOyvKQ2MHLpBP4jUAFsZABTHGaTzSP1ZUhtK0chF8JoGCNvuqc0h0NNJ9kARZJGE9lK474wEWSWngduN/uhOuDuIWY/1QO1I0V6XL5DNp2tGXHAHquSVFPDw8OPoojn1FRjxtmegXWQQsOdCVK7Jsr02H9qDGvqf/hWZ9yh5uVTtUTaR7J+trBpaMYQ3VWAh+U1KvjDHNoomOBmldJ9ypIfb4QCx2Cq18rpAR6qN4Dnu3KCVjC2qP4lxPeqaNulhGeygPu9Y/OjjtuhMoo3eZ4yQi+EwdsJMptkTn+wL6m5yfZC8Od+8smVOJ0BBEjAdyoHLOCKaZzzuNvuiCg3BjYB6lSGzwN3Llw3HAxCFBG+MexjKFrfrAGeVIbTUMTRrIUQ1Uku7igulc7YnKor5Yv8SxZJbojluMoT7xEwlscI+6rywlN0oQXZL0SZLtVPdiN+kfZRiZ5SXPmdk+66GorWhTGQXOT7ZHdA5/1OJThSDOcKSQAmCU5OkZIRxg2RygvzGmlAxlq6KePOCcBPDquQ4OzUWGmDj/N3RKoF3RX4oaxlGwDbUU8QMkO0Zb+SlMp6aMA6EQujA2PCZGnIieoS4YBlBgZPCkQU8MRyGAn3TTUgZQvmXH6cpsaMciJ6mMfZOJ0+gXDL/iUDxZSfO7K46Q43cmKnkyy1cX0TjUNBTDODthQCXZOCU7UmxrwZ5ajJLMxzyEjMfUKHpPdxXfzTvjAepl6JPzRG6785NjAd+yBkeqYTgE44U+NAPVTCuqpjnz8phlf3TNRPZdHCCUUilfJ9jw9575XUMSaBjTldbOTwN0otyb7Hnblcdwhuke/lIjcZKpvA2FTn0cIcSRhJsRJ37og0jC66QNGQEqVqN1Oky/vGOg7pMiHqnEk4RmMxuVmladWrRpdDGwAb4ynNjIPCkBoxuueTsEO9s3QpjBdiA0jGEXI9QhZAByhF25wVe3IWUg+T35SzjdRzLjskJSd9K0RQuVgXU71TcZTV3SUUYmWy7B0AduUvDxvlLQRuVzUO5T1HJz7tTL0OEmkfTwuCXPZDkIxkqM6UN4T4V4OVfqmvyZKfORnAUV09SSQHJrqlnB2QJqqYY0nb7J0Vjs51t25hvCq5dnyAN+6cKWmH985RDUzOG7yPsk1znHDnZR8C0nMnB9HDvG3UU03eWPaJmPdRw0JxazbBUdiQzbP0x8l3ur9mOyEwz3KZumWQ4KeCwAABE1Ab5ylueRsK5S7ZHMMjt3nf7ojadx/D+akjA7Iglbj6Qhdhuqq/ZHbSd3I7YGDkcLvi+yWT6JTsNcaooexsTTh23onhjTgArgH+H904BT5TRCr9D/DaR/6roa1pyB+6FpPYpaSO5S5WZGxqyF8YDbSE3x3g5ZsU0jC5kIPkSGqGOh/jzO+ty455JzkJgY49k4QSen7qpWZDVf6H6uxCFlv9P7oogJ7J/gOP/wA1VkH4ZS9Ectdg7IA1ZVgIHD6wkIGjcNUzgr4H7IoBxwuYwpugY2Cj7k4R70F/HB5JSA3wpDYHOxhn7oraV55GFSsSItK30RQzPG6RjI5arBtIT6Iwo243Ulfgi0M5dIqiHDldb33Vp8mzO4T20NO0e/2Ud+Og4+Ns9oqHU7iScJhgf/Srn5eNp4TxCzGzQq/kZGLx0vbKMUsmc6cIwo9t1a+A3kNC6IgDnCF3ZGx8bD2ysFvPof1RI7dKBnGystOB9KaM75Q/LkOOggvRCFEGnfkJ4phndS9Pslo9lFbgfHRQjykRzSxADDcJCGNu4HCleGV0ROKv5Wy1pZPpEUYZ5cJayN9Kl/L7Zwl4OOyNyz2X/FmiN4zxwwrnjv8A6CpPgtA+n91wxsA+lBkp1YBbuHCYWOH4T+iJ4rYzsAifNS6cAtx9laYEo4IpiI5/yTgG9sIh8WQEnHsginndnLcBGpEcZNYSE57OCAh5b/SEb5Gd30tKd/Dqj0UcsCnROXohSxxyYy0YQZaOjk5jAKuBa3FuXPA9QuG2UvB3To3RXsRLRSl3BMoDbKQ7Yxn3QjYqQ7+J+60JtlJjkhD/AIXT58rse6N6j3FmOzxSn+VaM2bIQfJOMe6a+1zxt1NIf9lpxasuwJgGrrrO7hszTn2RLV/tmKzwlUv6cGRNLUf92UMU04dkxla02GqO4cwj7oTrDWAHdv6o46mD9mWfg8fijPCBwHmaM/ddEHq0fqrp1iqA7fC5/A6golan0Ifhpr+kqPAz6Lho88YVv/AKkHIK4bNV4xhEreRFni5xX4FO+jLtxIBjsheC7OAMq7NirDwUw9P3DGdIx2TlavZz7fH2p8QZT/Kzc6NvummJzeQrd1muQ5Yhm2VTeWqfLEzT0l8P6GVBD+FwscOysv4bUD/h5SNPO3Yw491FJMFae1rLRW+f+j90sn0U8wgDdijljc8hRxMzk08YApZHqjmLZRjCc8qsETO59E3xXcal3w3D3/NN8J2eCpgdFndbyfqO6eyaRhBDycLgYRzuu4wrwy5Ilw3OrjcCyd7cehwru29Z3iheHioMjeNLnZCzOcJAnkFTlFKyyr8W0ej0HxKe2T/foAWnjHZX9B1rZa6QRiXwnH+rheNaj6rrXuacglXnJpq8jdX28nvwq3SNDqSqj9t1LguNwhIL2hwHZeCU14r6cARVMg/8RWioPiLfKWERSvEwHBI3UOlT5mS4keztv8Tf7+Fzfsp0NdTVbQY5hv2JXltD8R7fUeHHVwFsjtnEBXtLdrPcX6IKrwn9gTjKOMdxvr8zDts2c1uoagZnp43/AHaFma7pBniOqLVK6nl5wDgIkVfWwt8NlQXNHGd1PhvxjYBUQB5HccqSjtHfzabf7FLFcepLM7w6qnNQxvceim0vVNuuJ8KvpTA7jf1VvFcqCubpcQ0nkOUKs6aoq0l8Za0+rUcLnFipxqt6HyWyjqW+JRytB7FpwVBeLlQEiUGVg791CqbHdLa/xKSWQY4IJIKfD1PPT4gudOSBtqwt1eqfs8/5HwcL3ugGbVWiqd/vTWxv9wuwQVlLMKm015jHI0u2/RPjdZrnvGWtc77Jstmq6QeLRyam+gWuN8ZHk9d4Wyv+5rLJ8Vb5ZHMgvDDUQjbWN9l6bYeubFfmMMFS1kjh9DjheBvqJo2htbS5aedkyOGmk89NKWE76cp2Ezz2o0El6PqFkuQAColwtVDcG6Z4Wkn8QG68VsHxA6gsxZDUsNTA3YEHcD0XpNl+IFku4a1sximPLHnG6GUcHPennW+Rslnvdhm+ZtM4li/FG7uFYUHVVLK4QXGEwSjY6hgZVoKnxACACD6KLVW2114/3qE6uzm7EIBfPTJ1Vbrdc4MTRMka4bHCxt86AeA6a2SY76SrM0V8sR12+o+bpRvocfOArG39T0FW4QSv8KYfUx40qFOWw8tkhraSXwK+HGk7E/6Fajpzre7WSQMErp6YjBjcc4+y2FzslvvEWJImEnh2Fibz0fWW4mSly+P+knhAGmp9nrXT3VVsv8eKaTTMBl0buVcObsN184x1FVTSh0UjopWH1IIK3nSnxIqqYikvjjJHsGyHkfcqCrav0enPYDsUF8BaMs5KbTXGkuETZqOYSAjfBUgFB2JcWiC7x2nEjchDfHrVnhrwQVBnhljHiR7gchQojAug2A5UK8dOWfqmnFPdKWJxH0vxiRh/wu7KxJDmjVygubnhUHF7ejybqTojqTpKcvo3S3i3NGSQ3NQwfb8SoRNQ3WnDpImyRPHcfsfde9xyvc3wpcSNPZyyfVPw1t18JrrbI2irxnErWbOP+ID6uO6XOO4012J9s8bgpr30RcmXzoCvFHMDl1Of7t/3HB7r2j4dfHm0dYeHZOpoG2a+NaT4bv7qb1w7PI9MLy+vobzYaxtv6gpBTudnExB8GTH9LvX9OypbxbKS4s8zQ3BOHgbgjuCvKeZ+m9N5JblFRl+z3v099Z6vweFndD+59bEZ5XHxNwvmzoP4vdVdDyxWm/tN3tA+h3M0Y79919C9N9TWPq62NulguMVTH+NjT52fcL4/5X6c1XjebVx+z9CfTf1povMVpQlz+iSGuY8OClx1Ti0NPZDczO6EQRgg5Xlrav0e7jZuLKC4yUbjOTmMfUryjrYatgfE4EOCyjHa2kHhDbNNSvDoXFpHoVl2bWOWGbkvcMIsU5I4VLbLzFUxtZM4NkGxVo1459UHRPjJYkGUTILcqCHe6e2bO26GS3AuOAzjk7phbtsN13O2UshQsjO8WI5e3DDyU9haccIpGxBOcoHhlpyB+6LJFHI9zR2UeTLMbIwlH0Ebrrog8JhJRwQaylhroHU07AWuGPssXLT1XTsphdG58Octd7LcyRlp2GyBU00VXA6CZoLXeo4T6rXBiJw3FZY+oIZ8ROd/1C8N/tRf2XKL4h2ufrv4f0EcfUtOzXUQxHHz8fJGMf3m2/5L0e6W+fp+t8Quc2B5/lvHB9loOn+qfBmbBU48F3BB7+q7uh8hKiSlE5Ou0P8AIjjB+VLHN8aW1V8RjqaYmOWORuHNI5BBVLcaCS3h9Q0F0YO2O2V+gn9qz+y3B1xTv+I3w9oSbzAzxqmkY7ArhjOpu395zt+L2wviF7BG99JUNBdjD2EcZX07xnmI2QTijwfkvDu9OuS5XTMcTFXQajgPA2PqoLSWu0E9/VW17tjrPVianz4MhzjHCrquIOY2ojGM84XqVLfWpHg9RppaWzZPsXLUxuxx6prHAEZKKCDwkc54FD0kshJNUngAeuHhdXDwmN4IcHKcmjlOVqWQW8DRylJwEhylJwERIxyhicmpygQk1OTM4QEHng/ZQy05KlIZA5wktZLTwCAwixndCL89k+MgHdHGJbLCnO4U+HcBV9O4ZG6nw8BORmtJEX1D7her9OAfwpn3/wBF5RF9Q+4Xq/Tf/wA6mff/AEW+hHD8o/sQRn/z2ib2ytwPoaPZYdhBvEX3W3P92PsF0ajz2s7j/gJXS+FbnuPovObG5zrzNKfxHb9Vu+oZvCs8mOS0/wCSxfTOh0rpSzcjYoJ9ovTrFTmjcWZwE7nEcBTbI/UavbGZCQodvDRSOkA33yVLsY/lvce+SmJ8GGbyaKha1keoc4UGkkHzU7gN+MqTFLiPTjsVX0bvDEr88uKN9CIrLM115VuFO5gH0hYvpqEue6pPACset62aSpdCXeUnf9VX2MFlMcdys/s7tMNmnLvVkHf1UKfujNzvugzDbZKtmdDQaVyW6R21gGsGeyv38jCobV/2wK/5cF5Ty13Z9k+mtLsqiWdFGPAzjO6sIGEEZQaKMiAbb5U+GMA7t/dfN/I3fcz61oobYpB42cbKTGAMFDY0HCkxenouBZLLO1CGQ8TcjOFDugd4PHZWMQwNwot1aPBwAhjLIco4RQ9kM8oxHlJQTynxWTDbLJwnA5WRvZfNUuYX7Bamqf4cRf6LLSfzamR5C30R9nI1cljaUNXSnuN1SVtI4H0WyqaTW7VjlVVXSZ20jdbXLBxbaNyK7pi7SWa4x6jhjjj7L3C2zsrKdk7DkOAK8HrKQg6gMYXonw46j8Zv8MqHYkjG2e4WTUQzHcjZoLnT/pPo9EjGNk9+wSYiOC5x2088mJ64tpqaRzyzOoHHsvHYC+33F0Mgw1xx+a+geoKR9Rb3tjG43XhPUFJLS3IukbtqXoPF2bq8M8X57Tf6jtRf2+bSNtwd1cwy6g3ZZa01W4BO3+i00Xlb67LrHm0SXgAZxvhHpXB0OCdwUCMiSLPcpUpMc+CdkBoXR2tp3SQPa1n78J9hl8eJ9M93mbthSwAXhh4cqiHVRXt0cZwDuQlPDDzjotXxR1tHVW97Rl7CMFfO/UVq/hNznpSzSA84X0XFiOr1P4kBwvJvi/ZJKOtbcomZjk5IXV8XqPht2nG8xp1ZS5rtHmyS7g+i4vZrk8KNTkk1QaOXdAXWrhOUSWSDklwHK6rINLTnIVzba/ZsDv1VQntdpOc4T6bZQfAm2pWLBp3YcA5pyE1zc5GVEt9VlgjdyrCRmQHDuuinuRztux4IxcWODgMqwo63JAPZQ9AwhtBYSW7JqlgKEnF8GkhqQ4bo8dRkYxys7T3Asw2UqypqkSYwjSXs21aqUey4jdk5JRshQYX5xupbSMI0m+Do137wmoJ+A7so4JyisOQi2ezQpewb2N7IYh1HKkEYXG+VU0TCZXVUAbwMKI6OWJwcx5afYq4mjBwcZUWSn1bAYSJwz0U1jkdQXAaxHUkb8OVi5gkGO3qqGalI7rtH1G2gkFNXRuLezwlNYG13KP5GioLbGZxPI3dvZaaGVwA8qqrPPT1bQ+Mgg+iuWgNI24UO5oZJr7RwmeeyIyct5jkP2C6zAxtwjZKh2ISyNFUeBDJ+iK2abb/dpMeuEmk55RWudt5j+qhsrkObM/GdO/uiCqqc4AiHuQuNAIyeUUAZUNCONkqT/wAaMfmnAVB/436BOAb6D9EUlvZQZCT9g9NR/wB9+y60VGf7/wDZGSUNCkvY4NqMf3yK1tRn++/ZNTxyEAxSyh4FRj++/ZdAqP8AvyPsE8cLo5UGLgZ4c/8A8lyj810Rzn/4uX/zIw4XVAgIpZyM/Oy/qnCkn71s36qSkoXkEKQ481TKf/EnGkgedTw4n7lGSUL3cAfkqT/uv9Vz5Vg+loH2COkdk1LJUpAS3HsuBpKU1Q1mxBJPCrqh9znjLaSMsz3cjjHIDn+ie4Du5VdZe7ZSSGP5gSEdsKvFg6gqnH525eG3/wChu3Umm6LtTTrlfLJIeSXbFMRlk5SfRmr11JX1zsQvbTwk7Nbs780y2mVmqSCnkle7iQDK3DelrUAP93afc7lWFPaoaYBkMbQB6DCqMTP8DlJtlBarRdqkiaoldGw9vVaWG3tgILTn80ZkekYyisd5uE3A6FezsLGzSBkIyaHNDdR2woNVeKeIENOSjjHJVuohV2WgcGtJcdlCqrtDE3THu5UlRcp6nIDyG+xUcZOSe6ZGrLOdqfI7o7YE6erqak5EhaFFIOckpzXAdkk+MNpxbJyf5MQGEsBdSRoyykcQnS9sIjnDB3UOWZjCp/gU7Uh25OSo0jwO6ZLVl50xnhCcCdySnRiInZnoc5/qmB43JKZLVQRt3coMtUyQHQSmGG/UYQWevJcWx8cKtneZTkp0hLHeqFI8AJigcq61zfIJxDe6A85Yuy4JO/CjOOO6sxTn+xrud0J7jjBXXHfI7oShnlLJx2xKHkeq6SMFRi8hxQMBzwwsgJxhAdJschFLgGnKgTyaTgKlwZ7Z/oe5+SUB5IGcpGXR25VtabZ8yTWVbS2niGo5/EfZDMU5bmSbTQx0sJuNxAGBljT/AJqnvd7muExYwkRDgI19vDq6TwICWxM2CqmRFxBwss3yMrWeh8EROHOCkhuFyMBoxlcmmYxuRv7JE7To0wwjs0nhDBI4VNXV2s6Qu1VS57+ScqKYi4hxWeVmTSoNgWs8Z2pS4YAwgkJ0EPGGqwggyRkJXyejdRp3PkZBBsPKrCGnBx5cIsFNnHlU6KlIAICrKOrTp9pEjptJHl/dSmUxY0PwjGNrSMqtvV5jo6d0UbxqxulSltHyapWQd4u8VvgLiRqOwGViaieeunM0ryc8D0XaqaaqlMkr8g8eyG1uElyyc2+ydryxBjQMAIrWjPCXJwExxwiRgk8D55NAx7KukkLyd0Weoa7IH2Q6ankmdkA4KsQ05sUMDpXjbIKu6O3xxgFoXaG3lgBIBVpFDjYDhUaaqnHljKeHA4RC3Az6Igw0EYAx7qrrqxzyaeB+PUoow3FW2qhCqq3WTHFx3Pqm08TnOy5MpoCcEjspzGacYGy6FFGOTh6rUysllj4YQ0Db90UAZSjHARRETuAulGKijBJ5OsAwnE4XGpOToAHEVBThKT2TAziSSShDrPqCMOEJrSDkhFHChDqSSStLILeBJJyRQt4KOjlEOkNy4YUOSsZHkHlRZKmWbbVgJM7Ui1HcSp6po2Zuob5XSbFMxhDMu3CzTuyMUTuACSmloAyXBD8QA5dwoVZcIYBkSZP3WS21RfJohXuJuvB37Ktr71od4cGNuSqitvUsh0xv2VY6d79ieVy9T5DGYVmynTLtk6uulRIdpNj6FQjITlxPKESSlkrkztnP8jZGCisITpCScphc5PG6IIspTWTRCLfQJFawn805tO4kbKS2HSMY+6FvA+FEmRvDHdIMClmLAygFxyQEt2GyvTtkcs9FzQVILQVyZwa3hZ5SyaIaaPsi6Md0algnq5hFTs16u4VrYOl7r1FI1tJTksefqXuHRXwqprLSNe+nZJUO8x1DOFUa3Nnb8f4Oepak1iJhOkPhdWT6au5ta0PwWNPZetWXpRtFGyJlM0ADc45Wmt/TgiLXyOBIGzQNgtNRWzytLgtlVOzlnudB4aFMdsUUdq6Tp3NEkjG59wtdRW2GnDfBYBgYRWRRxMA0YXTK0DDQnqSXR6KjSxpjhIPraxpGBuPVRjNKT5DpTSS85KRc1nKrea9mEfOugnsueFnkIqS6mD8UbmwOgNGEzQ30RyzPdC0+6WkgGwegZzp/dO8P2RGgJ2AiUUTcwGknsuaWqUWjGMKPjc5UxyHu/Y3A9F3SOy6Q7nHC4eVbWAlNo5o9ksBdAyln0VpZCVrYPASwETUkTlXsDU9wMgeiHgqRjOyHgIXBILORmkJEYC6kraaJkG5pzwm6QeyOdOEE8oXyVhDPD90vD909LBVYJgCkjYKSmCmsEfBXQ3fdPwF0MzuAhJv5wN8M+i5gIwDu654Y9FWSYz0B0grmj2TyMHBTy1o7KN4IlkFp90tA5XTsml23Ctc9Eawdw1MIbhNdnKGDvjKpvBaWRHlNwUURgovyxPZZ5TUTTCmVnREwfRItKl/LH0XDSyH6WZS3ch/8G71HJCJwuZ/+XKnNoJHO82AO6MKKAjdqU7kujVR4bVXLOMFVjO2QneG88Nz+atPkoBwxdbA0cNQfyDpV/Tl7/NlQIKnO0W3qitonHGrYlWgjLeF1zBshepl6OjV9PVw/N5KwUPsiNo4x9Q4UvSPRMyR+H90mVs5ds6FXitPV1HIIU7OAF3Qxu+E7STwEvBcfwpTkzbXpoV/jBAwQ36W79iuF8/8AXsjBhcc4XRF6hC7MmmFEn6wRSHd1wxk9lM8OMbaUjoxsEG8Y6Yx/Ig+AdWcLojA7I5Lew/dMOPVUpZFyjBfiC0j0TS0FEOyYjBI0oe7ZrsIfgtH1KWWe6A8asZ2wpguTwhpa2Mcfuoz3yE4jZlSXyUzcaySUIytO8LcFRGdzywWh/wDxG4BXMUUXMoc70RhS1tTu7YBHpbPEXCQwh0ndzuFbWAGslY8PkOIIjj1C7FRn66mqmJPDQVeClp4gTLUhv+FjlDlraOF2mJpJ9SFbeClVkFG0NGKelH/NIOEx4G3zFUAP6WHhKWqrH+WP6TyhNpycOdyUG9BLTyfR3TG3/s7S/wByuCnklwXxYwjMaGbjbCZJVxgYc7GELtRor0+fyHtha0Dbj3XXPp2D+8x7KulrHSkindvhBipaqZ383hKleaK9Jnom1Fe1p0x7qNmuqNj5W/qpEdFFH5sZKPGMDA7JcrGzbXpcfkRG0byQX8j3RRE1gycZT5JQNu6jPcXHCHczSqYQ6CGQBCNQOFw08riC0Z/NPbTOBGRhVKeClXLqILW552GyaIXO3OymFjI2jKC+oibszdSMskVbXLBeEB3XdLG8uATHvkecNOlL5eWQjGfuo5E+OT6QQysA8pygS1Dj9I3R46NwySispD/SFSmmE9NNlfqmecOOVzwnnn/NWXgY7LhiHoEWRctJntlf4R7gFc8L/DhTTGPRcLWt3IwrFvTxRDELgcYSMJHZS5NAGT2UWWrp/p1bjtlRciZOFXY3w/ZMcMcrjn1Dv7huQdk5lHUOx4x5TFXkzTvjLoFrzkJpFQ44ZGSrKCihj3cMlGcWQDZoTY1CJ2pFZDTTA5kBwfVS2RxxgEN39V11Qwn7IEtU/YMOExQRms1Sj0SS4AeiZ4o4UXVK85e5EbGRgp0KsmWesk+g5fK76W5B91zRJ68podpGAF3JWiNSRjlqJy7HnSB5xq/NNLmngfulodyR+6a6RsexKPakLc2+xvmLsBpRBA8DLts+6D82SdMWMruuV/1uyphEy36D642fUcIZqRnYbJphLhnfP3XRATjbCFlqMn6F42dtKGdROUfwSN8JwDR7qt/oZswD8ycw5dhNMrRtpTA5zydLcnlC54KjXkk6W7cfquYHqhx088nbACKYhGPOkytS7NNWlnPobo900DTyUn1ELPxZKiyTuccNCRPUpdHRp8e3zIlFzRyQhunb+HdCYx7/AFUmKkBwTsVmle2dGrRbX9o1uuQ8fujsp3fiOERkHh42/dSQABgBLcmzoQpjBcgBDjt+6INLBtuukEpgiJOxVxjkNYXo4XJms8I5YGjdB1Mzu7CaoYBm8+xpc4nJXNJPJXfEgB+rf0XfFGNmpsI5MVl8IdsQj7kJ4Y0en6oJmHYITpu+E9QyYLtdFdEvLQOQmmoYzfZQTMdxuuOz68pkaznW6ucuiU6sh41boDp3YOkoOgZyu5AC0RijFOdkn2cMspJBOUjHId3d03Uu6ydt/wBVPkURUqnPsaWeoXDxwnBrj2ThA/P0q/kyXHStgATk7Lv5qW2jc4fThGjtxcQCEuV2DXToZvogZJ21Lpa4q2ZbISPdSWW0AAgYCS7jbX4ybKVkErhnCJHESr1ltH9I/VHbboOCxB8uDbX4xrtFHHGXbAZRRRTc6QArtlDFF5msBXTEfTCF2o1w8fH9FOKV+dwjtpsDOAFYGAf0Lop8/h/dLdqNK0EUVzovRLwyFZfKAkHH7p7aNo7KvlQa0RViN2eET5Zx3LVZClaD2RRGxu5xsgcw46RIqo6JzvwovyJaM+CB7qwL2NGGDJ+yXg1cvbIQqznkd/D4+1clYadrTjGE7wmjgKzNsqTgkfsnttE2QX8fZXO1LoqOhtfSKfSPRIA8NGVfMt9MB5+3KI2nt4I0MOUtXYGrQTX5Ge8GocdoyUaO31L8eTGVoW02of7vEutpZh/fb/si+cOOgUiiZbXsH8zG6K22sBBbFq/NW8gpIR/M5+6hyV0DNmbqSu4Gfxq6+wIo2DBMegD3TZI4GAEPOR2wnyPml+hpOQgilq3nzNCD5AXFPiERpkaNmjIQjOCNgFMZbJfxjlPFqgackKnZkuNFv6K3xiTsijWdiFZNoIQPoKI2jGdmKfLkZHTSf5FY2F5OcIradx3Vi2lJGzQiim0ndV8g6Oji+yu+VPoP1XRTEHOFaCFoH0/uu+C0/gU+QdHSQiVraccYRBTNIzpappgHYJGNwOP9FPkBlRFPgh/LD+kJfLgb4ClhvPGUNzQ3+8mCtTyUqYoiGFo7YTNLWnPKlF1H+OTKGaihbx2R/ISUUuAbtYxojz+aY6Oc4/lD9Un18Wf5e+EKS5kjZF8wlqP9TCCknIyW4XPlM/W7HqobrnOSQ1yH49S/fOxVfKmKkqn6yTxTULd3Sbrjn0EQ2KriHvOXE5XDTSP+gKfKgXlfhEmitpQ4kBcNxiA8vKist9Rn6FJjtkhaC4gfkiVuAZK19LAM3Kf8ITPn6rnOylNthG5GfzTxQjjYK/lyK+C+b5ZB+bqjsXFcHzTjs/IVh8k0dh+qcKQDjZT5EF/Gs9siAS4yQkGk891OFO3unCkh507q1YGtM5eyFplxnIwuanDup/gN/pGEjRQHlinyIB6OUnwQDM7u4/queKfVWH8Og/pS/h0H9IU+QNePn+yE2R/Zx/Vd8R/9RVg2mYMNDGonyjSPwj8lfytgy0E0VwlIOPVFBGNQfpUj5EF2+APVOFvb/WEcb2gHoZsi+IM7Tj7YXQTznKl/IMz9Q/RL5ED8aP8AksTPx80AEv8AUuGSn7vjUj5Bp5eufw6P1H6KfyWIfjpsB41KdiWfokI6CX+88M/kpAt7Dw1v6Jfwlp3yP0TIap+zNPxU5cuJH/hlqk7R/ou/7NWV4yGMyfZFdaAcYkx9k02qXHlnI/NOescTLZ4qXXxoA7o2gnP8lrQok3w7lc4uhmbv2KtW0VfG3EdTxxlKM9QRHabbtumx1ta7MN3h44+6v/sZ6boC6xbiMOChy9I3KLZ1Llbll8vsDAyVjX474UmPqhzADXUefyTo6yuRzbPCUv1JHl0trkhcWyUzwR6hQ5KctONOF7JHfunqnatogAefKE99N0HXt0tYI3nuBhNhdGXRis8Ns/Gf/c8TczHsuBhPC9il+H9grRqpauE+22VTVPwrqmPc+llY4dgSm7q5ezHZoLo/jyeb6CuEY7rUVvRN5p3EGmdt6A7qpls9fAcPicPXZT7XwY502QeJRwVOSDwiBxHZSjSaTpcN0M04Hp+qnx46Ep57Gh+N8bp7Z5GkFriD903wz6ful4Z/pRYaJl54Lq29SXejkErK4uHdsjshaGi+IcolxXwMdHj8HZYbw/f9k1mx+ypjI3WR9nrdu6nslwIzUtp3HjxDjKvYJ5YtMtJUk53a5rsgrw3VxtwjU11uFvlE1FVPhd3c07quTVVrpQ7PemX2tbhtQG/fClh1lusemqgYx5H1AbFeO0fxBurGhlwgZUY2yPKStPbOtbNPCHyyvid3a7sVecG6HkoTeGaC6dGSNPj2qfHfDSoTLrerGRHWROeweoVjQXeOUCWirA4EcB2dvsrFlxjnzHWwsmY7sQNkUbGmaFOq5crJAo+orVc8Ry6Y3HkO4UmexRSjxqOUAncYKr67pqy1z3SU2qF/IwcKofT9R2F+unmdPCNw0nOy2Q1bXDOfqvHVWrhF7MytoDiVhcPX1RKd9DUYLHOp5x+LON1AtnxApXOFNdaYtJ2OoLQimst4j8WhmY17t8ZWqOpjNHl9d4eUX9iLC2da33p8tbM51TT+5zstxZev7JeWtBqPlZnbCOT6s/ZeWOprvQOPiAVEA/CRnZFiitFef5khpZu2RjdGpp9Hn7/F2L0e5h9WBqZiRv6KNOyz3A+DXQeDM3/ihuBn2cF5rbLx1X07pNLMa+lH4S7OAtda+ubBd2CmuuaSbuHtwMozk2aadb5LRgv1reHW+obXwD8BOXAK5t/UFvuY+WrIzBK3ZzJBhVsducW/MWWuczO4OctKjTVZY7wrzQ59ZYhgn80AONpKv3RMVfmqoi3JGdliK2kloZDBUREYOPMFvKK5Rtbi23IyMH/De7Dgpk38Ou8JpbhTtcSMHW3/ACKgO7LMFZr5X2qQSUVS4N/p1bL0vp7ru33TFLWEU9Rj8R8rj7Lz29dD1ttc6oscviw8+C47j7FUNPXuE/y9bEaeVv8AUMfogKlFS6PoVshcdTdx2KIJAQBheUWbrC7WcAvc+ppf8RyQFvbRf6C+QtmopwTjJZncH7JeREoNFpUUrZW5jIaVWATwSaZW7dirTxCwbhN8krfM0H7hTJT4IrGxyYwQCVxznxnSQmVNLLA/xYDkHfTlcilZL5X5a4eqsmUdq7fb7vRy0NypI54pRgtkAIXk/VXwpudmZJW9OyfM0jRtSOOCz/lP27L15oI7rsm+MoXBMZG2Uej5kBZM0iRu7SQ5rhu09wVGpqy99K1gu/TFU+nkJB1tzgkf1Ac917x1b8PLJ1VK64Pb8rc/w1cQwfz9V4t1R031J0fMyK+U7vl5yRDUsGI3kc49CsOq0kNRD47FlHa0OsnTLfRNxmj2XoD47WnqIfwvqaSK21zMBj+IZc+np/6r09rfEC+JKpjJcEtGM8jsV6D8PPjTfOkHQWm9VL7haCcOEzsyRD1a7svmPnfomKg7dE8Y9f8A7T7b9Lf+JMotafyX/wDcv/ufTejTnbhCf5zuMYULpfqay9XW8XCy18NRFjcNdlzfurMxgHAC+VarST089k1ho+36HX1autWVSUl/YiHMeC07q4t19cGthlGcbAqufFnGRlBLCwgt2WGcDpRlk18NT4mODlTGYdhwP5LH0tbLCQC7ZX1NXMe1uHb4S2muyy3yAOUzJygNeXdyig53CFosJknunnSWg+iHkHuhmQsPqqSIcnhOTM36hwnQyk7OG6fHMH+UhMkYNi1ETGR7dLuUCaEkl0YH2KTXEYBUgN8o3TCpRwVNXS0lyp30FbECHAgZ7H2Xm92t9b0vWeDK10lK4/y5PQei9Wq6IVDRpIa5vBVfPS01yp32y5xAkjDXELRXY4sUUfSPWRoGGCrzPTuxwdwvHP7VP9lOk6wt03xQ+E1KW3bS6e4UVPHq+cPJexu380/utjfLXX9G3Z0Lg6Shef5c2MB3t7LY9HdbutrmRvd4lNLs5pOwXc0OvlRLMTk6/Q/L/qVn5bup47pSm31MrPHDQc+hWNkD6aR9HK3BBIwV+hn9rr+yzQ36Cq+NHwliaZ2t+YvFDTtwXnl0zWDlx/F67L4Vv9tNwppKoMEdZS/WzGC8f9RhfUfD+TjOCjJ5yfO/NeM/lxc1+Rj5mmJ2x2TmSk4GF0uMzNTm7jt6KO3LXY9F6LKXK6PDSj6ZNyfVOUfJAG6JkIoyyLwGTjwhpyZkDAhyU9MyE9QoYkeEkjwoQYzlPTGcp6hYkGTkIyDKM4UyQew5CY9JnKc/6VCEZOjOCuHlIcqBE2Bx8pyrWD6QqWI4IVxR5wMok8Mz3IlwDMjfuF6t06P/AHWzf0/yXlUW0g+4Xq3TpBtbMe3+S6GneTheV/BCpiTd2kngrds+hv2CwlPIBc2/dbphzEw+y6FfB57Wf0/4K7q2TRaXNzy0rK9MjS0e4Kv+t36LaB6tVF039DPsgk8sbTHGmZuYCI7Y491Ks4xDgeirp3eDbR75VlaD/IB/wpno5c8lrIXMpHOzg4wq58wjgHbY5Uyd+aQt9FS3WXwqRXZLBdMVKWDzfqesbU3FwYfpKlW1vh0w991TV0jZ6972jAL8fur+ENjia1vYbrPk9DVDfFQDtOSmS4xuU/gKLOcEYWO6zDPT6LT5SiSrW3/exhX8Ok1EYduMqps7WmN0hHmHdWlAddQ3P9S8f5W3OT614Oj44QiamnhwAA3bClsjIIwFymjBwPZS2RHPC+ceRnmTPp+krwkdhiPOFJijPOEooxwjsYMLjynk6sFg6wENwB+6BXtLqcnCnNYG9kCuYDTPwrhLJdyeDMO2BCiHlSHclCPdbq+Ucu17WQbq/RB91RNxq1dyrW8ygsDMKmZIGuA5XXoqxBHA1d2bcEks1gDCiVNASMhWUUesA42Uw07XMxpVWvBFDcjG1ltDTnTwq+CSW0XCC4QkgNdh4HotfV0WT9PZU9bbdsac57ZWaUsrAM6/j+5HqdhusV1oY52EZLRndW3YLyzoW5SWyr+Rmkyx58uey9SidvkLJOOGb6LPkhljZmA8jIXj/wATrU6nl+ajZ5M5K9mlaC3YLEde2c11ve/TnAK26Cz45pHP8tR8lLPIbbMS4DVjHC2lC90lM0uO/CwEeuGoDQcYOFs7FM6WIsJ4C9IeBxhl1RnMgYeCnzDwqg44QmeRzT6otQQQH90uwZEkh5cGuBGQq29AMfHWMGHjY+6nU4zFrT66lFVRHI3HCS4vs0RjuQSGVtbRMmj+oAFZ74h22S6dPF8bQXQ7u+ysOm5HZkpy7YdlbSwMmifBIAWvBaQrptdVikI1Gn+WtwPl9xw7QW7gnZNVr1NaJ7Te6mkqBuHkggYyMqsc3AzlfQNLcrq1I+b31/HY4Akl07Li0lD09D1eyIiIJJJJWQYuE4RElF2R8hqed0ZaQr+mqY6mEFh3GxHosyMNznupNLVPhlDmnHqPVbKrWuGY7qucl+WnK5p912CVszc4wiEY7roRe5ZMjlh4ZHkjB4SZNUwH6cIpcc8J5ALcHsiTwB8jzglUlyLcCYq3gq45QAx2VlpYDkEDhHpaqWI4A2CdF4NML3F8Gqa4ORmHGVRU9x4DtyrOGoY9oPqjyjoV6lSJucrhGVxp/JO/JXjJrUgSa5oIREkGBu5ESSM+mVAqLbFUsc14wT3Vu5gKCY87BLnXu6Kws89Gcorrd+mKksYS+IHfO+QvQ7H1ZbL00RQSYqGty5jv9FmZqVkzS2RgIPqFSVPTTo3GooJjHIDkYOEhQaY6q+Wnf2vg9fY/O+FIa7OV5Jbut75ZHNp7nE6eIbB2N1uLN1jaLs1oZOGvPLXHcK+js6XykHxI1AOUePY7qDDNHIMseCD6HKmRAH81DtU6uM+iQ3hdOc5C43YLqo3wuXsfkogJyhp45VjlNElnCcOUNrgAnB2/CocpBWfSEUcoQlwOEXX6oRyCDhdXBuF1QapBmpyaCF3IUDHro2XElAx4fjsuOmjaPOcJmn3XAzHdElkFoY+qaDiNjnk+gTWmsncOGj3UgAN4HK6MtOx5RlA/BP4xunB5+nCODqH3XWsbnhTogwN1DcJzYADlPaNuEUgDkp2Bb6GBgCeAG8nlClqYIG6pJA1VVVfoHHRT5JHJRRjkyz1MK+y6LmgZJwFCqrpTwNw12XFU0lZUVOxeQPQIJYQRndOjEwajX7uIEye41FRtrIb90HZ43K6GbDbhdTIxwc+dkrOZCaMFHHCGOUZpBGyYuDJOaiNdnIwU5qZNMyIannAVfUXyliYRGS53smf5Ms7Uuy1QKmqipx5jk/dUX8aqpCdIwFBqrgyP+ZUzYz2yiS3GayxYL19x1Eho2UaSUu3ccBZSv6uoaTysm3KzdZ1rV1xdT0OQ7O3uiSyc+3Vwi8I9CqrrR0gGZAq6bqeOd3h0oP3WQo7HeroRLVyGMHc5K09HaKahaNABONymxWDHPVTk+AollmIfI7ITwcDZLA3whl3OCiETscux75ARv2UN73OBwnukyDnso2o5OQjMNkxPcckZ2QHnYlFPCBI4bhQySnnoEeUMkY5T3kbqKScqGedgnE5OTsgktA+oLrnAg4PZRDk53VN4Ftth5Zuwwokh35S333VpZ7QZ3fN1jSKdp3z3SpSBfIrTaPmnCqqhphZvv3Svd58YfJUWGQs2OO6fd7sJM0VEdMbdiR3VMGZOSkzmXFbmDaBwEdmMbBN0ehQ55xEMLLOeDoafT45CzVDIWEk5PYBVE1a+Q+YcrtROZDjhBawkrDOe46ldWeBAlzs8qUxmQNk6CDUBlqnU1KQ4EhJcjbTpm3lgqenyRlqtKWmAIJGE+GmGB5VNgg34UOtRRsHQxAAeXhScDCe1mG8KuutyioIi5+D7KnLBpe2tZYG7XKCiiMsjt8YA7lYSrq5KuYyP4J2CPVVs9bO6aZ2QfpHoFG0A7jZKk8nK1V26XA0AYSAw3ZcALjgJ7vKN+ykVkwyfA0YA1E7KJUTsIw0gldq6hzm6GnHqlQUvjS+Zv5ozK+WDho31Dxzg91oqWlaxjQ1mMfulSUjG4GnYfurEMbpAAUH1wGRMa0cJ75WRNLnHATtmDJKqqyrE7yyM8bEpsa9xd98aIZY2vrTMPCp3YPcoUcY2zsfVdjpznVhSGxEYOn91vpoxyect1MrZNsdHHgjbAUlo4OExvZGbggbLdCG0y2PJ0DAwjAYQ2ohOE2KyKGpyWcJhIHKPKIdTF0jCcjDGgHKM0YGCkGgHICeoQWAupJKEEuE4GUiQOUCoqPCacFU5bQUskjXjnZQpq0vcWR8BRZaieY6dW3snRx6Rvys9lmQ1E67Ljlx3XNWBwk4hoJJUV0owSAsk5e2MjBvokeK31CiVVUyJupwwoNRc42ZBO/3VJV18kxwXEj7rnanWwqWUa6tM5fkiyuF3j0Fkbt+NlRTyl25zumOy45JSIyuJbrJ3PLOjXRGCBk5OVxPXRysr5eR8YjMFPDSURrMjYZRdGPwqh8KXICIicbcqTFCQRsiMgLiDhSdLQPpGyHcb6NPjsCImgDASOB+ScZN+EHJSJzZ0I0prgT352Q9PuiYONgrK0dP3C8TR08MR1ycD2Qcs1afTO2W1IqNJcMtOVv8Ao/4UXS+COouUXhQkglp5PsvSvh98FYqYwXC5QhobuGEZyfVetU9pp6NgjhhYGjjATK4ZeT13i/p9J/JqF/gyfTfR1DZ6eOnpKKOMMH1Bq1VHQgEeTlWMNOMAaRgI8ehnbhaYxUT2FWkhFJRWEdpaKGMag0Z75TzIGfQACmuc4jS3YLjYCeTymm6utRXA0vke7nZODHDGyIIfDxqSfIAMacoJSwG3gY+SOMYccKFK98p2Cc5j5ZNTjlSmRgbaUDZUpZPn1JJJdy1fo/Ewk3T7pySSQYkkkiIJMc1PSUIDICYQcoiWAoQHgppGUUgIZ5VkEuE4XUkQYlw910nAyVDnqMnAGygcU0EJGeQmZHqo+Hu33T9D/VQND8lLBXQDlPDduEpyx0EMAOU8AYS2CWoKk8kEQEM8pySCU9pe1vpDGtIOSEUAYSwEjwk/NH2Mho77X9sWIgIRaSSQE/B1JwCB6mCN9XhNVP0CDSOyRa48DJUjSPRIAA5wkz1SfRsr+n7/AOpkXwakcRgonyzgB4mMlTWl2MZSc3VykS1kl+Juq+nf+dkQUrfxDbunfKW4ckl32RNPukGDKTLUWS9nRp8FRX+SG+DTg4azK5pHZqkBgxlc1NG2EPyyfZ0qvHaerpANI9F0DHCLq9ktSrezXGmuPSBJgbk4R9PuueH7qZGqK9AwzvhLYBP0O9E3wzlQds4yMLsfhSOXjOEYMZjC5lreypvBEl7ABpGRhOEI7jn3T3SN/pTHT7YCB5kR2V1nfCal5ByUIyoIcTwVW1tC3qk/xJJlpxnzboDpgQcDZMLQVzA9UOwW9RNjXOflNL3HujFrd1He7RklWq2xbta5kJc8yZ8xG3cnCYawYxhHGiTFS1lUe2EyB3THzxR/U5BJdI4BucosNolnIMu33R7Ix/Jg/wAp2cwQCSsa4Yi3KGyKsqvLjAVsy2UdMQZJoh7ZQ6ivpoSGU7SSNsjhA5x6Qa+Sf5EaK1vbh0m/sjfL0kOCX6SFHkr6mTbXsfZAllLgNRygchsaye6ugiaQxxcVDmuFQ8EA4CjYOc4XHODRl2yGU8DlVkQc6R2XD909jGt/CFFlro2HDN0J9dM7Hh7JUrcjoUYJzpGxDJUWSvi/C7BCBiqn3O6fFSEEEjCzuw1QpfoYampkOGk4SFNLI4GUbKY2JrO2crr8MAyq+VmmqiPsbFRxMaMNAPKe4ho9MIUsxGMIWuWXZxQbzRsilwEdO3hx37ILnyuOI+E4Q5IJRsNY0EhU5YLa55Ashmd9YRmxCMjP5IUlwhiGkHdQZq+SXh2PRXktNei2dLDC3zHCgT10hOIjjKCyGsmI/FlWNJbD9Uzd0MrEg1VOf4FePnHnfzZUqKhdtkY91Zx0ZbgNaAFKZTYxkIXYaa9J/wA5WR25pALhuEZtKQMBuArNsLcfSumNobsEr5mao6eMOUV4pO5G6d8uBwMe6K+RgJ3QpKqJrSXHCZGTYqySiDMTQd8Ib2Abhqi1FcC7EecoA+el9gfzWiPJhssj0uw1RPFGd1CkqHPIDGcqYKR5+sglFZSxDdwT4x3HNucvfBX+FM/Ae3Yp8dsp2YeRuprnMZsBkKPNOewxhOUDn3L9jmRxxjbAwhyzt9tvdRJa0R/3sgH2VbUXRmT4WT7psYYOdZqK6y3lqSOAoU1aCMSS59lVyVtXMcA4BTPDkcfPvlOUUYLtapcRJ4qyTsRgp7JvNkqJDTOJGf8ANWMVOWgFEoozOUrOgsXnxtwjaUNrQ0YynPkwNt8pkZJEjFvsQaGjJOEySqhbs12CmubK47AnKfHRtJ1PG4R/Kgtjb4QLx53nDT5V3wXyDDiprYWMwA3hcdJGw4IQysz0MVWAcVK1jcEfmjeC04wE0Sh4OgEkLgFTIdOnSPXCBzwOhX+kdcWs2zwhuqwP7p26M23yvOTnB5UmO3QN3fgJUrkh8NNOZWmomkGnP6BGipJ5gC0ZU97rfTjfBIUaovMYbppmAY9EmWqxwbavHN/kObbABqnHCc6Wip24aBkKqkrq6pPlOAgmJ7iHSOJKzz1LaN1WghEnS12Noxsoj5JpPqOco0dO7AyP3UlkIGPKFldkpdmyGmiV8cDnHOFLipsEEhSBE0cNwiNZ2GyBc8j41YBtha0YCKGHCJoABJ3QzVRs+s4RDsRgjqcZG+oUKouEOQAd1EdUOftlNjHJjt1MYdFo+oj7uCjyVjwP5ZwoI1O3KM2MkA4TYxwYbdXOX4s66oqHkefC7mR2ziuDwmHD34SdURHaPfC0wiYrLc/kx2nBG6eAO7gFHLyf/mrga93ZPUUYLZ+kHc4Y5CEeU0NJ9UVsJeMhFnAprIzOV3VgcJ3hlI0zn47K5TwXGmUukBLym5d6KWyhccKZFbjtsB7oflNMNFOfoqWRvcfp5UmKkecZGArqG2jA8imxW47ANwhduTpafxb7kikZbyRu1So7dvnBCvY7Zlv0j9VKjtpH4UHyYOjX45f8pRR20AcI8VuaCMhXjaPSNmLoiDTwkWWm2Gi2eiuFshxnByntpNJ2bsrDS3sm4zthB8rZpjSokQU7QE3wcHhTPAJOcJ7abJ2G6GVmDQqE+iGIPZdFKAcqcKZ/oiiin7DlJc2xq0uekV3gADGBx6ITYRlW7Le8uAfgBSW09JFgyNAKp24Hx0iXaKRtIX/S3KO23TnhvKt8U5wIW8J/iS48rAglaH/Fg+0VQs8jvrajRWinjGqUgeynAVkh+oNA9Vz5LW7Mr9X2Kv5hsdLF/iuSKY7fDsGgk+y5GdOfDjx6KxZQU4GSz800iKPGAMfdLldyEtI4+iD/AL0848Pbsu/Kzvx4x2KmOkyP5e/5IMkdZL9ALUDuQf8AHS7QI0EP1PyMBAdJRwDyAEhS22qd5zPUSY9AUQW+miwWMOfUqfMvQP8AFk+SqdWVbDpposgppguVYPO8sCuRCGDyMAXSHNVfKEtGn2ylZZGnead7z6FFZbKZhyG7hWnh52yh6D6qK1vsZHS1ojNpWsGGNACdoHopjYXHfCQp3ZyMK3ZgP4EvRC8MnIXPlpBu7bKsBDpRHRF+Bwp8jKdS/RWCAf04RBEOdKsBTDu4A+6ZNJDTbvkYfsUPypFOuJCbFjbCeIC7AwfuhzXWBu0bNR9AVEkude4YY3SOxwp8yFtRXGCc6Es+rZDM9NEMulGyrnvrpd5Jue2EL5Zrt5iT+av5MgNP0TZrxQM2DzlQ33t7xiIZA7lAkFBF9WMqO+shA/lx6vsp8gqVbfbCSVFwnP8ALQyyrB/3g5yhNluUmflaGbHrhTG2i7VEYdPK1mr8JO4RfKKlCXpEJxHOpNbM07K4i6eYQPHm1HvgKTFZ6CH6WKfKgP49k+yhjje8nS3J+ydHb6iU+ZuxWi0UrG6WNbsk6bSMtaEXyB/xkvyKeOxPdgubj3UhlsjafN27ZUo1s24ygmoceQic8BfHCPSHiipQNwMrogp28NA+xQfEJ3Tc5G5KpzwBhLkk5YNgAhF4zwhZPcpameqL5WU3kNrb6BMLgUMuA21ILiN87/mp8jAbSDl/uFzWP6goZdvyuZ90UZti3YTfEH9YTg9p7qDk+qZqPqmbkDvf6LPWznUF35mAfi3VdrJ7pDZVlFKbRYfNNynCrgPfdQN/dO2224V5DjY2WAqMnYbIzX7bKs8XAwNimB85OBJt6KZQeWWnjj1S8f0KgiOcjJwfzTtJ47/dTKJkmfMD1SE4JxkKF4c39I/VLwp/6f3V5RRYeID+IJzXZOxVcBODuwY+6KM43RbkTJYtLNjlFbodhuQCqsOf2JTtT+MlTcGnjsuGU0b8EOA/NFFtdIB4ZH3VN472cPKIy5VUZy15VuX7C3Vr8kW4s1Sfp3/JEdaq9rQTCcBV8V/rowPPlTYOraqM5lYHj0KrKJ/oT7OOpKhpw6FcFJC4/wC8QqfF1dRS/wB9SgYUuHqGxzHDowD3yEUZpBPTaef4tf8AUpn2m3yjZrR/4UE9LUhOWTNGfZaJrrDVSHRUBhPYnZHFppeYKtpynxvkuEZb/FU3cNJmTlsFXTN10U41DtkpQu6jiAzI4gcbrVSW6dpHht1rjoqyEDNLkeqfDUNdnKu+nKpcr7f8FL/tLNGwRVlCXPGxOnlDZdrLUHNTaST9hurtrqJxxVwDP/KoptFjqpCS4jPbPC0x1WDk6j6am/wln/JWVPTnSd1Y6Zg8Nz+2MFpVNV/DehnjxQ1rGu9XHC08nR73O10le8MPGDuq+ay3+llLQXStHHutNerz7wcLWeAvhw4Z/wAGNrvh5cqTeN0c4POg5KpKqwXKn3fRyAf8pXpwq6ygx85STNb/AF42CcbnT1IDZZWAf4k9ajPZw9R4ydfG1o8gkpp4TiWMtQxDqOcr12S222v/AL2nhc31aN1WV3Rdvmi/3fyP5BTdykc2eltj6PNnMI7JrmkY2W0l6Fq2j+UWuP3VLVdO3CGUxuhO3fCZtyIdVntFMSPT909uApMlC+MkTxkY9kEsDdhwhlDHQtraGpK6sopBJS1D43D0Oy1FB1vWQMb83EJcckHBWRDd0VvBCpJjI6icOmeoWzq2z3ANbHUhk3dkm36FXLJxKMtJIPovEwNJyNirK29T3u1OHgVJdGPwvOVT4NleukuJnplystBWtPiwNa/+oDBVIbNd7a/xrdVOLG8DKZafiHRVpbDcY/Ak41ditPBV09S3VTzNkB/pKYuOh61MJogW/rWtgIp7nGfLsSQrxtTbbpH4sABd7chVVTa4KnU7SA4+yo32y4W6QzUcj2YPAOybC1pibao28m6obhV22Tyvc+Luxx7Ky+Ys93GJWCKTvnYhYqg6rG0F0h0kbawFdwvoqseJTStdnsDutULs9nC1fi42PdFGpttTdLIdVprZHsH4C7UFpLX18yQiC+UBjzsXNGQvOmzVtMQ+kqCwj13BVky8u0D5mFjndyBymppnn9T4yyLzg9LipbJcD8xb5WAu4DTgo8dNV0xLRO71y4ZIXm1JX2yZ/krpqWXtodp3WopL11XaoWufHHc6Mb62HVNj/wC9ciaOXbp3X2auK4zwOaKlo8Pgv7IF56bs/UsAd5Wyt3ZKzkH3XbN1b03ex8v4zYqjh8UrdJB+xU+a0hp8aglLDzhp2P5KjLyjzytsvUvTkjjI356j/wAPICHbrox0vi26pME7N3NY7BH3C9Ihq2vaaeqADxsQ4bFZ6+dAUNxPz9ucaWqYch0ZwHezksvdnstrD8QCHNor45rcjDZD3/NbSKYOaJYnBzHDII4wvBJ31dBO+09RUwBccMlx5D9irCg6s6h6TczR/vlqbxg5cweihUqdyyj27xwSBt+q5LTNlGw0n1Cztj6ltfUFKyst9W1xcN2k7tPorymrtJDZnAqGacXFjf8AeKd4E2HRngjkfdEcRIBpcFIEkUoxjITJKZmMx7KZKBMGCiVFLSXCnNPW0rJozyHDKH5GHEhI/JEY8b4GQqnFSRcZOLyjxrrr4ISQ+Nd+lZxpyXfJY/ZoXkMkb43up6qMxysOlzSMEFfZcb89lkuvPhlYet6cOlYylr4946ljBn7O4yFjnSmdHTa/ZxNnzf09frv0ncW3WyVJhmac5aSMr6O+G3xssnVkjbZeGfw6vDBlznAslP8Ah439l86dVdIX3pKpdDdIvCjBIjlcSY5B6td3CpI6gsIcSQ4bhwP+RXk/O+B0/kYtSSUn7SPpH019Xazw090Hur/ufeb4gCNsoLox6L57+GXx3rLY+O0dWTCoo2gMjmziRg+x+r9Qvoajrrfc6WKuttW2ogkaHMe3ggr4t5bwOp8ZbstXH79M/SPg/qXRea06tofP6/RHkicBkBOo610LtOnOFMkjGACMqLJAcamt5XBnDHZ6OM0y4o7kJMAkK0jla9uc8rGNkfA8YzhW1HcsgBxS2sBGhBz3ScMhQ4KoPAUpsgKhY1rnRuBAR2SB3PKa0BwOQgkEHOP3QdkJEsZIy3lBjmcw6ZXZ9EWGUEaSF2SIS/TgH1QkHNmDuAmVNK2cZGzxwVGjlkgm8GcYHYjhTWyhwym5BlHgraikg6gpH2m7RNeMEMdjcH1C8mv9srui7q6kma59M7dj/Ze0zQh7ctGHjcEbbqDX0ND1HRvtV2iaZAN9tz6EFaK7XBin9pmOhOtv4e8RyPElNMNL2O3BHcEL50/thf2WhZ3yfFn4Y0QmtFSC+40cLfNTO/rAH4dzleodSWK7dD3Y0tQxxpHOzDLnIPsfRbz4edfQxxus15DKiiqW+G9sm7S07br0XjNfKiW5HH8h49WL5YLn2fktdLfFHK6WNuhzvrbxuqSWIxOBA/dfZ/8Aa9/sqTdHyP8AiL8O6N03Tk5dJVU8YyaQn8TQP+F/kvjqpZgnUNxyvqvjtbHUUJo+W+Y8a6ZuaWERWjISa85TDjOAn5K6cZ4R5hoOOEjwhjlPzthFGfPIvA0OOpHH0qP+P7qQD5VpTyLYw8pPSPKT1CDWoiG1EUII8IRGSinhBfwQhlHJBMOcLr0NmziEZwy1UW1gipDZdPK4jLDxnSre3nLMnsFUNVvb/wC7/JWhNnWSaw+bI9l6l0y7Nsbn0H+S8tZyvTumzm2swt+mOB5T8EEhJFzZ/wAy3sO8TB7BYLGLmzH9S29MR4bd+y6dR57WLO3/AAUnXj8ULG+oVX039LPsFP67kApWe6g9NAlrPyQPmTRorX/yxrbgf90ZHngq2tRxA0ewVDcMmNrPfKu7aM07PsExdYObOOCfVACnO6zfUMwjoxvyCFoawf7sTnhY3qufFEBnsf8AJDb0TTwbtRgWnXVnb8a0LA4ELPUb9Uzds5K0wGwIWSbwes0NCssWfQQfSoc/1BTOBhRZtnhczUWHttFplvRbWkYpnZU+0kGqZg53US3tAt0hxgovT5JuDAeMrxnlLOz6h4qpRUEehUwyQD6KdG3P5qLSgl2R2U5jSBwvnusnmTPommjwgsTPZGY0jslG3GwCM1mrG2Fy92WdKMTnbGMIMkeY3McMggqWY8YOEpIxpx7JkXyFOCksGIkGl7x6FRZX6WEkbBSqx2ioeOfMVRdT1go7RLLnC6mkh8klE85rrI1KTl6IdzmbM3UzBDRyqYyuBzjKkU1Q2ooGuBzkZyozwN/ZekjVtjtPJvVK6W9F/b5NdOwkK0pm625VBa5h4AbjhXtumA5XL1TaltOvpZb4pg6qlBOzeyq6ulLhsNlqHxCRoOnsVEkojxjlYnPk2OncsGKq45KJ7JogdTXZyvS+lLsy5UMZc7+Y1uDvysvX2rWPoG/uoXT1ZLabkYJCQzUhlLcBCDr4PVD5goNypRPSvhc3IcCp9JPHNE2RhDg5uV2aMO7KVWfG8laiHy17T5sutBNQ3WogmZh0byfuFNsFY4VWguw3GCrv4i2yelvT55B5JRsVkaGQwVJa4bjj3XqaJ761I8FqtP8AHY0egHJiyOcbIkAMsB1bkKJbX64fDcckjIypNIdMpidyrk8GZLA+hmy90JP2CsoiHAxn6XBVj2+BWAgY1KfFJpe0EbFApZNVfRnHPfar0xx2ie7BH3WtbvuBtyqPqCi8dmtgw5u+VPsVZ41E0SbvjGkpM+xuDzX4w2J7aiG8xMGlw0P/ANF5ngr6H67tBvNgmiY3L4vOB9l8/StaCWjsSF6/w+ozXtZ4Pz+mVNvyRXDIZBHK61Pcx2r2QyCOV3u0cCMsjE5qWn3XUSQW5D0kkkRYkkklCAsp0btJBTF0bI+gGsl1bqsjDXK3Dst1LLxSGM5BV1QVrpWhj+F0dNdlbWc+6tqWUS84PCe1dDQRkDlcAwtqRmY4tBTTGMcIidgKwd+1kRzpIzsMqXSXGSPGQuaAeVGmh1DbZWngOFuHwX1NdWOx4jwCp8VS14y0g59FicVETgWAkKfS3N8OBISjVq9nQq1TXEjWZB7pKqpbrTygAv3VlA9kuSCEWU+jbG6MvZ1cxlFAIJBS1eymMmmOe0CbGD+SY9gwpGr2TXeZVtI+eytqaKKo/vGAqnqum3McZ6CYxSc7HC0rmAEFOfGNP2S5U7gOujN27qi/2OQR1YfIwbZ5WqsvxIpZpvCqg6PHc8KG6kD86mBVdZ05S1J1sHhP9WpcqWjRTqran2eqUF/pKtrSyVrgeC0q1bMHYIwc+i8HMV7s8gdBK50Y4LSr22db3Cl8NtSSfug2s7Gm8p/zs9hDgU9YC3dcsllw7jHYrT03UVDOwOL8E9lWTtU6+t+y6bn1Rm5GVXxXCCQZadipIkD9wodGvWRl0TNQ7rrSM7FRw/A3KQe0nYqGuF2SeCMcruQooJxyU9p35UHxnuJeD2KTXHPKYx4wnOICjWB0ZZJDSNI3CdkeoUfKdg+qg0Mkh4HqugYUwyN4DJIBqY2AkkDCh1N9pYhiNpkPoEe1iJXxj2XGfRMfI1gLnu0hZqe+3GaPRSQmPVzlR5KWtqxqra6U6uzHYRxiZrNdFcI0FX1DbKRu0pe88BoVTP1Hc6k4pKbEZ4c9vKjw0kEIAYwH3O5KkncAdgmwRz7dVOfsj5rJiH1RyT2BR2U/fACe1pcRsSEYuEbd0SM857uwXhuaBhEjj34XPmoW7POEB9xLSRFTyP8AcBMRlnhE8M2QyWN+p4ChE1k+75XRA8NBVZc+obFZcx3O4xiUcNDtymGW/VRqX3F1LVxNHkdkqJPXTtGW5YB3wsJWfFOGQS01otj5iOHkZBVPLfOqLxGZJ6z5WN3IHZHCOTlXeRh6N3XXunjz41Y07YO6o6zqe3RM1QOL3ewWFqflqd+qprvmXO7Ndlco6HqC6VAhoqAwQfgdLtlN2mC3XuXSLur60q2u/kuawe5VHPeLrdqr5ejc+WVx2Gdlqbb8Oovru8wl1csbnZaijstutkbYqWHyt4BTFFsxyU7397aMJRdB3CtLZLtMYyd8MctZbunLdaw3woGFw5JG6uk14Dts8JsY4IoRgM2DccY90JzjgnlddyRlBcTumAWSS6BySEE90FzzlPLtZwUEtLVDLZZlDST24TeN0Q6AOcoDnAbqGOTyDkk7YUd59E+SYcYQHHKhknMa55UWV4JwiSygDHsoEkh9MqGeTyEc/Tz3UZ7sZ04JPZdc8v2A+yuLPYCB87ciImjdoPdKnIB2RXYyzWgvd83cv5MLfM0H8SJdrz8yDT0nkiG23dcvV1NY/wACF2I2bbcKqAxn3S2w4feNDDyTuu6fdOQpJhH2yslszpUUpCmnZTs1PP2VXNOZHZHHZEnL5ZNTjn0HohCJ2cZWCduTr0U5GtaTwpNPBkg4ToaYnBwp9NDg8JEnuZ1KaMHIafGNv3VlDTYAJC5DT4xlqsoYsNadP7pZ0aasAooCMZb+6lsYGjGEmsDeFypqI6WIyPOMDj1R9GrbgFcbhBbqczTO+w7krAXG4T3Od0j3ENzsPREu1zqLpVOLnHQDgDthRQ0MGwSpSyc3U3OWYoHjCaG5Ce5pcQMJxwwZ05VJHNnlrINrQwElQ6qfy6WgJ9VUHcNCix080zsAc90xLJksm28HaaB9VNsNhuVfUNCIsHHCbb6Hw2taxmMDJJ7q1DA0AYwU1VjKq88sUUII2XXvbF3G646bQNuQqipqjO8taTgJiryXdZGmOWduFxdUP+Xps4H1OTaSF3Lh+6bDDpdktByp0QAxtha6q+Tg6jUSs7HBjQMYRMBIcJ63xikjA2MRWroaV0DKbtKHtXcj1TXEYQiTnlVnAAR5J2ahEEIjRsMhEawDOypZbIDb32RRylpwugY7pgY8cLq4NkiQOUTeCHUtvVCmlEY37qqqK+UvLYBn3SLL1HgJRb6JdfXxwu8Njsn2UKN08+HSHY8LtPTNf/NlAc/uUfU2MZws0rZSZaW05oGx4KTpA0HG6j1VW2MEu2AVJXXYO8sTv3We7VRpjmRpqolZ0WdVcYYQdbhwqKtuvinRC7ZQqqofKcu3KjjuuJqfIOyOIs6Fen2cs7LK6V2pxQsnhP8AyTFyXl9mqCEkkuhpJwq4GpMTUWOIk7hKOMjchSmNACpvBppqb5Y1ke24Ri0NwVxPHKW554OlVVgfGdsY2TiBslgADHddbETykuRshWkDDSdgEmQOftj/ANVPoqCeonbFCzUTsfZev/D74N1tXJHcbs1ggODocOR91FHLOxoPG26yW2CMH0X8OLt1FPG6GElrj3GwHqvonpH4a2jp2nbPIxslXt5gPp9lo7Va6GxUbaK3w6Iwc/spgdlpOFohXjs97oPEVaXGVkEBpIbnb0RG42JTMFzkVkZxhOUVFHZjWO1NxiPclIQy8uGAUengxklqNkO2xwhTwxyWAUMQPO+F3RpBx2RWjAxlDLcclEECkcXn0wmFurZP1YJGOF1zg0bnhBKO4XOSXI0Qkb4z9lUdSdX2npqmbLI7XUH6WtPCperPiDDb2GhtDy+rd5Q4fS37ledywGsnNbcHGeofu5xdkfkiVeThazye2e2srkkkl2z8iiSSSVYIJMT0xUQSSSShBiSSShBIYce4RCcKNJMGggDKgcY5C4Hqo09WyHbO6BI+V58pwkyBp3kGT91MhqIN9RVTOGgYaiMjOxPKI3DeG4TXPDchQIfpaB2XNY9FFc/JzlLxFT5CQfxR2auePMRjIwoxkyeF0SDO42SJPAxQyHLid+U8Ek4yhNOUQfVhY7bJf0nX02kqktz7HhnsuhmDwutcMLqwzsnJ8s7dNVUUlgcOMJJZC6ltt9nSq2xXBzASXUlWDaprA7WUg/HZLQVzQVWM8ET5HiTfhLxD/SuAAHOMImpgbnKXKLQ3dtOYKbk+i46oiBwQu/MwAfUiUGylOMeWwre+yWPdRzXxZwChy1ZcBp2/JE62iv5FaJBBH4v2Tcj+pQjNUH8aXiOxvuq+MGWqiuiZkDuP1XdYG+Rt7qJk85P6pvie6bClyAetUSWZ9uEwzZ/Co+r3QzPj8KY6G+jNb5SMeGyUZCd8IZlJOFGNQcHYIRnJ/CqWnmzn3eahD2SzJ6kfquGQex/NQTJvvlcMvof3ROhr0ZV5pSZOD2k4ThlQDKTxshmrqGbAhFHT7hn/ABmMFyWRPdCkqI49y4KuM9TLsJP2T4LfWT/UMg+6N0Vw/MFeYnfxWuQstwY4YiOSoplnrHafRW9PaKGnbrqpB9k6a42ulH+6w6nN2ylWTrisQHR+azm6eEVsVpq5naiMfdTBQUVK0fMy5eOWgKHUX2pkOlrdIKgPfJKdbySfussrJv2bao1L8eS8NwtsGfCheTjkhQJ7pPMSAcN7KC4H+pJp2Jwl5z2bK1npBXOLzlxyUxNM2M+XhD+YwdxgJM5KLN9VbZJQJJWs5cgz1pxiI7qORI/nZJlbk3QqfokSVxbtEVFfPNNsd1IjpC4A+qkRUzWEbZKVKz0zTXp5eyAyje92SOVMio2x4JUpxZGBhgQpZm4ycjCW5M0xo28jmRtYMNCY5zGjt+qjPqzu2N6il7sklxSm2HF7eEiZJUnsgGV7zknhDa7PKUjg1uSiDClw7kJGVjCO6r3zEFNYyepdhjSfyVFN+l2S6ivDB5SFDdVVdSdDXbfZWNL0/LPh8w2Ct4KGmowC1jSeN0Mp7TRHTSl+SKGms1VO7W/hWcFrp6cDIy5WelzsaG4ypEFuIw+UJUrc8G2jRxXorYafQQGMwCp7aTy5P+altp2t2DdkXSB2QOTfZshSorgiNiDSDj8k8gHAA4TpJ4YgdR7Kvnr8bQlXGW4qSwTHuZH9bsKFVV0TWYa/lQqipkeRrOcpkdJJI4aQmxhkzzs9HH1Mj3eVvKb4E0pBkGFYMoQwA6RldcBGMublPjAx2/cRoqKLGp4Ce0NYNsJslRoBCgzV8cQPiFaYQycy+2FXZLkkDTsFFnqQG+bACqqi8lxIgVXK+qqD5pTj0WqMTi6nXxjPCLaqukMeQHZPsqmorquo2Y7A7JNp3dx+6kNphjOkJpybr7bZZyVvgVUjgZnZCMykOAccKcIhnBH7orYQPw/umGV1OfZBEbWbFvKK1nHl4UvwAeRwnt8KL6sInLIK0zzlg4ocYwN0ZznAAOaBj3THSyE6YQMIsdIZceICSfdDuwPhp5PiIIPBOFIEJ2JRm27bU2L9SutjlB0yYx2whdjRohorPaGtZpCbl5OzFKbCTvhOMbWDLgEDuxya69BJ9kQsqHEY8oRYqF0hBcMkd0R1bRwDD35KiyXoDIpwkvUo1w0MY9lhHRsYBqwNK7JV0FO0F84yOyopq6rn/FpB91GLHuJc4ZJ33S5ag0x0sP0W9TfmR+WkGR3JUGW4VVVs4kD2UZtPupUEXDWtWeV+TVXpYtfagbmOd9RJ+5RIoFNit1RNg6MBSW0kcO734PolSm2aYaVrsrmUzyQGDZTYqVg3e3dGBaNmhOfgDcqZyO+FLgHojHATxE0cNQ3EZTXTgDCgMoKI/S0fjCHJLHHy4KJUVrGAnf2Va+aSY6co4xyZ527Oiyqrh2iOVCfOZMF6bFQVDyHAZCmNpWQNDpwnRjjsz2XOXZEjaX/hUqOmYAHOQ5a2ng8sIwf1UWSaqnI0nYp0I5MF0k+uyXNNBF3wVGfWyOOGDZdbTOkILzkqZDbZJMCNoTlDkyyU58RRAkLpCNXKkQ02rHZXlB05I5wfJHkK9hscLQ0CLP5LRFJdkhobbX9xlILZNNgxhWVPYpjpL27fZaeOiZC0NbGAnBpZg4/JSU0lg6Ffj4V/kipZZadrQXtGfsolbQwx4bEAFczz6vK1u+FDNFV1Ds+HgJe4f/CjL8YlDJBoIyEamg1HYbrQ0ljJOZ2/srWGy07ACGgEeyCU8D6fGzXSMzBbnncswFYQWvceXC0DbewYaADhHbb9ONLQgdh0q/HuP5IpY7bpxtlTI6AMAIb+6sPlS0jZSPDbGzLhgJU7MGuGnjX2VzKYNGMIuhrBuOEyruVPCPJu72UJle+odpdwh3Nh/auIkiR7W7AIJbr3GwKkxUTpMOPf3UttAANwlyngYqJT5aK1lOTgo0dLnbCsBTRsGw3XCP8AAl/KPr0y9kQUeBvx6I3yzGgaWIjm5c0on1AYGT90E7GOjp4p8EcRNCTcgZ/ZS201Q7cR7I8NBjeTGfbss8r8GuvTT9dFe5r3kBrU5tFLIRqw0eqtm08bfwBLSBtlLd+TQtKn+RXikDBjGU8U5z5W5U4xEkHlOEDiMAJUrshx0sUQ/BxgEJhGgfy2b/dWHyzn42RGUjicYwhd2A46R9xKhtPV1DsatDUZtrizqeST33Vu2m2zsEx7AxB8zHw0y7l2QRSwx40M3XTHv6eiOd+AhvZK/wArI8qOzcX8ajxEFIAcHKjyAEA91NZQVDjlw2Tm0MIPByo57Rc6JS5K0scfpalHS1Uh82MK3bTsaMhoSDQNgi+VgfAl2VnyZ/F/mitpI2jLm5wpbm+6Y5zW8uRKeQvjS6RF8MAkaUg0YJ9E6WpjJ0sH3UOeZ7sBpwFN+ewJQ/QSWWGL63Ywoc1xyNNPuV10UcuPFdkoThTQcc/dT5Bbo3ESapr5DsCAheBI4gzd/dSp3vONLfZBFHVzfUCQhlZkD+O/0Ce2jg8zwM/dDkuMBAbDklWEdgc86nsz+SnMs9JEAC0E/ZVvB/jTf9jMv/iU+8MWye2yVcwBnqC3PZpwtSyFkYw1oH5LkkbecI424LWkzxIzzemqM4MrpHk+rlY09tpadgDIm4HfG6nBjRlAcQARlX8gEtPGHQ3WGAhjQ0eyEZMkpPlGcIRdlT5QFBR6Hlx9UJz8tKa4nBQCTnkpikLlBoT5MO2S16humvz2Ca5jncbJqkhM4tsTnDc5Cj+MAeE7wXE+uU35U85TMiNrOmcY+lB+YfnhE8I+q54KmRUojPEPomlz8H0RC1gzt+6GS0AqwJJIZrfnGVwlxGF3U3PskaunaMY3Vp4FNexml2cpwYTzsgvqm4OkdlFdXzkkcKKYqU1Esgxo3dwuPfRsGz/uqt1RUO5kQCHE5TMgO39Fo+tpWnylAku0LR5QSVXEEcphbggq8syzum+iabzPwG4H3S/iNQ4ZB5UQgHC7kqZEudiechjWVOfrS+cqP6ygEpofnsplhq6wm/PVH/e/uufOz/8AeKFrK4XEqZL+awn/AMRqP+8/dPFwnP8Axf3VVkk8p4BPdE8or55/ssxc587vH6ozbrMAPMP1VPg+qW4HKvLJ8817Ltt5mGM4/VGZeX7asLOmQjuVzxX+p/VTLC/mSRq2XikGBI/BKltr7c/GJ1itYPKZ4imWHHW47PQY5aOX6akHPZSBTsduHA/mvOBUSN3bI4Ee6dFdK6IktqHbe6mWPWvrX5I9GbS6uGJk1P6NCw9P1ZdKfH84uA7EqUzr+uLgJIY9u4CikwlrdLPs1Qgc48kEIzZKumIMM7m4/wARVFF1/b3AePSYd3IUtnWdimHDmn7Jis9DlqdN/RLBewX+7QEZnJx7qyg6zrIgPHi8QD1Wajutsla2QVcYDuMndSG1NDKAGTt39CmKQyNzl+MkzXQdYWqVgNTCyN/cFqkRVFgr5MxSta8jJGcBYl9E2TBAH3Q30bozhriD7IlML5NvfJ6Gy3Z/uK4tbyN014vcDtIMcrR9LvVYiCsvEDAyGoc5o4BOVKp+qrvSvb8xGXs423T4ywKcovtYNgbi0ARXK3ksdtkDUPzUWak6WrniOWAs/LSquPrGnnZmQ4zsQQpVPdLbXfy3Oi/PAwmq5oTOuiz8kmMquiY5H+JZa8sAGdLnKBPYuoqJhL4PmN8Dw+VfMp6Z2BDUkY3wHI+LhH54ajXj8LiVpjqGcjU+E0t73LgxjKyNj/CqjJBIOWvBBR8ySgOhayYexBIWndJQVMg/jFtDhxraN1BqOn7W+Qy2Oskppc5DXOwCtUNThHC1n08o/wC2ZurihDNFwtw0O76eFVVVmsVUzRG10Z9VsZqHqGli8SsiirIiN2gZIHqq2U2auaIamIUrh/hIKfHUKT5PNarwVueDIT9JMdHmhqWuf/S5VtT07dqSPxZacub/AIN1uJuk6vR41rqPEwM5a7KrJJ7tQfya2N4A2yQcJ2+Ho4Go0d2lbdkXgw0sbm/U0j7hMDwdsLayVNDPGY5qZj8+gCgz2a0zM/lSeG4qpR3LgyOa9GYLGnYhSKWurbdIJqSplid/zbH8lY1HS9xjYZaQiZo7hU0wr6V5ZUwEgdiFNrGKeFlGxtvxDdGWx3ODI/7xn+q0sF/t1wja6GoZv2JXk3iQPGTt7FdYHM3hkIHsUQ2F017PWpqOlq2+dg37hV5tdTQP8Wgnew/fZY62dU3G3kRyP8WMdnnhaig6xoqhwjmGgn14RwmaI3KSwy5oupJoiIblEQRtrar+lrqaoGuKRrs+6zxbR10eWuacoLaCop5NVNKWf5J8bPQmypW9Gte6KQYLRt7BSbdeLraJBJS1DnM7xuORj7LL012qYD4dXHkf1BWkFbDMMxyAexT1LcjlanxqkbMT9P8AVD9b2/w+5baZGeRxPs//AEIVzRdR3/pOQNvYfX0h2FQw6iB/iXnYcxxB+lw4IV7aOpqihHgV7TVUx2LXbkBMODrPHTqjugj1ylq7T1FStrbfO2TUM7HcJpkntjwX5fGdj7LzaCKFtSLz0dViml5dG76HH0LVr+nOvaC5Zt/UPh0ta06XNIw1x9RnsocmVbRoqmhtt4pi2aGOVjhu0jKydd0qKB73UspdA76oXnI/Ja6a2vjcZKEuHqOyayYSkwVUY1DbcKCt7i+TyG40V36Xrf8AaDpkluMfMUwG0jB6D1W06O+Klo6lc2iq2GirAAPDlO5Kva+zU0uXMbjKwXVfw1pLq0VtFI+krYCXRyxeUk+/qoHF1z4meuRV5Z7hW1LUsnYHtdn19l889MfEW+dL1YsvW0J8Np0RVh2a8dvzXrtrvNBdIWy2+ra8OGcByWZ7anWzXuY1wyWhRzEW5Pb0HJQbfcBIPBmOHDYFWLC1pBIVIT2Q4pQTxhSNeoBMnp2B/jR4GrlvcILZNJ0uBQdgA71ZbX1BQvt12o4qmF4ILZGBw/Qr50+JHwbuHRkTrr09G+utpeS6IZ8WAdtvxDnfbC+lQ4FOD2gbpF1EbVya9Nq56eWV0fELZw7crb/Dr4q3n4eXDx4Kl0tHJgTUryTG8euOxXo3xO+BdJfNd56NZDR1+5dTE6Y5vQD0P5L55rG11ouUtovFG6nnhcWPZINw4dl53yXjYXR2XRTTPofgfLWVzV2lntkvX7PvDojrbp/4hWn+JWOc+IwkS07xh7Mf5q+DRjdfBdi6nunTVwiulmqTDPGdnNdgr6p+Ffxvs3XMLLZcw2ivQbgQh38qcjkR8YPGGr5B536bt00/kpWYH6F+nvq+jyCVOo+2f/qegz04J2ao7GuYRjsrYsbg7cqM+DUSQMLx0q3nB7uM0OpKsjYnCtIKrIHBVE+MsOQESmrdLsO7JUo4Gp5NIyQOGfVEVbBUEgEg4U6OQEZ9UJY4gjcFOZIeFwkJnKhAz2CXGcbKO2V0cmh7fzRdWnAXXBkow4KEJMLg5gI3QKmgNTh8b9Ejd2uHKixySUs/lcS07EFWEdQHdlF2BJZKuvo6XqCjksl9haZMEMkcP0OV4r1FYrt0Lc8Tse6iLvLL2A7L3ysp46poP0yN+lw7Kur30dRTvtHVEbfAlbpbUOb5W/crdRf8bFyWVgy3RfWlFX0LrFfGsqqCpZoLXjUMHuf8Pr6L4r/tcf2U6n4cVj+uuhYZqnpipcXyxg6vkB2Ge0e5X031X0hdfhncvHpC6eyyO1Rlgz4Oe+e4W16X6ror7aZLFeHRVFDVRlj2SN1Agheo8X5CVct0Tz/kfHw1EcNcM/IDB74RGgr6g/tW/wBkyb4cyVHX3w/pHSdLvdqkgjGo0ef/APnzv+y+WI5s8D3X0rSa+GqhmJ8e8l463x1uywkJZOMJoIdwuHZbovk5wQHG/opDMkbqO1GaVsjLAuUcnTykmOPsmk5RgYH6vZEQE8HHZQJrA5cduF1JQEjYOpF/ClgJHhQIGeUkjykoQ61W1ux4f5KnbwT6Kzt5OnGeytAWfjgtWr0vpKTXbBkei8waSOy9H6MeDQBvfC36Y4XkV9iTJtTtUtcDgg7fqtlREuhYSfwhY2vZpqWH1K1lDLqpo9vwrowWeDzl6yUfXjiYIxq3KXTONLPyQOuXbwb7FP6az5Bn0UxiTRoiv/lzQ3B27RjdX1uOKdn2/wBFnKvJrWBx2wtBSYMLADjZGjm2J8Eytk/3YrCdYSltJj7ra1/lp+V591nUjwQ3HCG4bo1m1GYtXmmafdanIA3xwszZ95G/daFrt9iVgv6Pb+Kq3WZDg41KI7zO44KkuIDf1UYeZ3HdcTVSwe30NeLEaEFsVBpa3YsyUPpp2bgM7Ikw00LNvwoVgbpr2Ed8LyfknmLPoGi+22CPUaIAMBwp0YyBthQqEHw291Y0++Nl891UszZ9H00ftQZjONkdjMAHG6cxoDeETT7Lntm3samu7ouClpKuDwy2YW8xMir5AzYHfC8/+I1zFPavAB3eV6P1HAW1xf2wvE/ijVvfVQxN4zuF6Xw9XyzyeI+qLP4+lm/2Tuma0TULIy7PlU6UaCQVjuk60sm8IvwNsLZTHWAQN16a2vYzxHj9R8lKQ+31QbMIeAVp6LLHANIWKDzHUNk9Fq7ZU6o2zcri62vnceo8fdxtNLCC5rT91I+XDsEjHuhW57ZIg5T9OAFwrng9HUtyIFRRADhZ65W7DjPp4WydEX/hz+ar7lQl8OA3dJVmA51Z5Q7pmvxCynd3AWocwEeqwtvBppmvzgLZ0E4mZnKPclyJVeeDDfFS1eLbYbg3bwXEPHcg8FeQVzdDWTRjdp3PsvpO+WyO6W2elezVrYcBeA11uEkVTTM/CSGn2C9F46/5K9p47ytDrsyW3T05kiaXOB2VtnwpRNjIysr05VNYPBcSC3yla57Q6jaAMkrfN4OC4vJ2v2MU7d2u7qUzeON43KAdMtFoI4Gy7Sv/AJQjceOEpvazRVwGqmGWBxaM7KutOuGt8POGvG4VpEB4RYdyVT1T3U58dow6J2T9kPZo7NY2AOGhzchwxhfOfW1nbZ+o6qnjbojMhLR6L6Pp521NBDUx7kgZIXlfxussb4IrlBF/MAAcR3XU8Zqfis2s8957SfyNPldo8sbEHsyN1HmiI7YUqjdiMMIRJafIyAvc1/fHJ86c9stpUytPouavZSaiF22yilpbyEYammFSSSUCyJJJJQsCkkkiCHbg7FTqOcsIChJzeQ4JtU9rF2Q3I01JVa27o4B32VJQVWggEcq6jnbKwYC6ddm859kMMKiavZARQMLUo57EDtPuuFgKROV0NJTdmSsiMQAKjOpxgnbdSdPuulxIxj90EqdxFPBWSQ1LCTBsAu0VyraSUOe44HZWAb7IUlIyTloVfDL0x0LthZ0vUUUxAlcMlWcVdDN/dEH81knW+NpzHyhE3CjcDENvVGt0PyNcNc17Ny15cM4XdSylL1DVwtAqXcq1o73SVIAc/SfcpkZxl0bq9RGS+4tCD3S8Ny4yZjsOa8HPujastzwr7CVkX0CGy6WsxhJwwdkiCpjITltBviDgVDdb4ZCTIwElT13SMZQSrTAdpRz2Q5DqScxEdwk0XSkGTOZB7K6DCdguiEk4Qy06fQcdTKHRWU3VFxpS2MibA3OeFeQfECONoE0uD/zKO6la4eZjSCgvsdBK0h8Ld+fKg/jP0aa/J2Q9mqt/WdHLG1/jtfntqVtTdTUchHO/uvNX9MUYdmJ0kZ/wHCY6zXOM4oqyQ47Ocly09kfR1NP5mUfyZ6/FfKN7dnElSG3EScDZeLMb1XRSCRp1gepUqn6l6oppdc9PqaOyiqaOnV5lP+o9njrDyi/NasbBeTU/xCnp5M1FPI1WFP8AEO3ynzvePyVNGyHlk/6j0v51vc/qnm4U5GNW/osFB1vZXjD6h7c+qls6rshIIrYzn3VxQ2PlXnhmxFaDuDhR5qyd+wft6LPjqe1OA01AP5pzOoLef+KmqKGPyEp+y4e9suPGy7HumFkAILGYwq8XSlcMiRd/iNP2eUWxFPVxf5MsxMG8ALpmzsQqs3GI7tcufxWlH1ygfmrjFCZX1/stQ4FcEuBwqGq6pslC3VUXCNvoNSoLh8VbHSMLqcunI/pGUW0y3a2mC5ZuXVM7dodl1jap/mqj5SvIq/4tdSVYMNrs8UDD/wAR7s5/LCzVwud9vGX3zqKdod+CPYfZUc63y9ceI8ntN36w6Lsuv5u5MdNHuY4zqd+iytV8b2PbjpiyT1Q41ObjH7LzSKCw0x8RsZnlHfBJJV3BU9Uyx6bfYnGLHlc5oTVBs5l/krbvxLC533rzqWMmtrIKSJ25Y12k49yqj+H2Om/mXKuY+Qdgc5Kuoehr9dI2z3CtMJfuY2OxgK8tvw4slERNOwzSY31nUMp8KmzBOc7H9zMhTV9fJHosdqkeTsCGjdXFJ0f1Jc42uudWIY3buiYd/wA1uqOjgo8RwRNYG/0jCnsOx2TvhwRV5MzaOiLJayHinMrx3lOpaFsDI2gMYABwB2RHDfKcCB3TIxwNj9qGpYykuEjCYooGU8CJGOUDfhdPJ3XFYmUsjAMILuEY7IJIxhQz2PJHP1obzgFFI82UJxGD7qGax8EWSQtKHLu3YhFlAGTnhVs0wChzrbMcCkdvyECSUEbIUkxJQnkqGZyydkeSgh3iHSGk/ZGhhkqX+DGwuedgAFsbN03T2ukFXW6TIRk57pc5pGey6EI5ZU2ewthaLhXgBo3a0qPfbu6sk8GE4jZttwi3y9GdxggdhjdtlQ+IHbLPKXINcHY8jOQupZCY5wAJ5Kzzswjs6XTsdLJoCrppHPdnV3TqickoLGucTlYrrMnYooCNBJ5yjxRZISp4HHgKwpafBGyyN5OvRTgVPTEgeX91PpKQ6s4RYYABs1To4Q0AhqtSwdSqnAxlO0YOFIDQAupOkyN8KzVCGBkkgjGSsZfru+slMMT8BuxwpnUV7aT8rSvJI2cRws2PU90MmYtZqP6K2cDSutByn6R6LhLW8pZy5yx2ce0MA2VdU1RLtLDsESvrA4+DCeOSo1NA6Z23HqjjFs59tu7iLCQUz6qTGcY5JVxSUQi3ATaKl8MZI/dWLAG4wE6McFRXthKdnhDjZKeVsfpumT1TIIw489gqiSeSoeXZIymqOSW6qFS4OVtc+of4EAIA+pyVPEWAEjdPZEBvpRGjBC11V5ONqdQ7JZY8NBAwEdowMYTGtJAyNkdvbZaYwwZHLIsFPHK7sQNk5qYgBwIwDhMLgUnYHdCJOeU1PgpLA/JSA7pAd0QD1UKHNxjjGF1cAwuqEC5HqEsj1CD+fC452kauyFySIHOwyoVZWNiGCcFR6m4OB0w8jdBgp3znx6nk8DPZIsvT4QSRzxp6h+SdlIip2saHHldwyJpIaoFZdWQtIJ3+6yWWR7kx9cXPhEyWdsA3wAqqtvMDRpa7JVVWXOScludiqt41HVnlc2/yGyW2s3U6ZZzIm1tylldzkFQtZJ1eq4d13nYrk3znc90mbIxUehOHqlqXeVwYJwCsjTQ0cdhlAByeEbW31TdGk5yrCj2dazKIxgCTRgYyitZ3wozXXDJxoGAcIiQ2RAC4pTe46NVbGIrWE8jlO8PHIxlEaG8cBLfB0KqzscerBwrmxWCsvtYyioWnxHcK36N6CufUNbFoAFM4ZJxlfRXSHRFF0xRCCONrnE6iTzlRLJ6XxPhbL7FOxfaZ7oL4VUdjENXco2SVDNz33XpbGhowNgOy4AE4b5WiuGOT6BptNXp47YIa8B3fhda0rrKdzjjnKkRwlpGdk6SWODUojYabONlJZAGDhPawADC6eEE8+hsEcw1oOMZwh4wSkfKUMklDGLZG8HZM7dlx+SMApGYY4VdcbpT26nfUVLsMCZgz22xj+RJmnhgGZX6f9VgOqutxWsdb7PIA0gh8oOc+wVN1D1NXXuV0cDnR0mSMH8SpY4gzYAAJkK3I8r5Dy27NdY8QZIe/BJ5PqjBmBwusBxhGEDyM7BaY17TjfMZ5JJJdGMT82iSSSRygiCSSSSGsEGJLhIHKTvpKhAaYdk4t3KD4sIB1vwoHGOTs0jicAIOgjc7JklwEZ/k7qHJWzSnc4VMcok15iZy7CC+pP0sCjnU4Audlcznsh2l8hTLMR/ebeiEXO7lcz2ykgnLaRHclcTM4XNXsk5cg8jlwnTumEgcpZGcEqmmxgeOU5wjeNjgBQ2ZaCSuNk3SJ17uEbqLnHhk9shG/ZEEigNlcSBoR8TEeVm6S9Ozq1a2uK+5krxE7xWhQcVjjgx5CI2mqj+FLeml6RoXlKIdyRLFWxmzk11WMZ5QfkpzuWhOFKRsf80X8SXtB/wDGtPjhiNYQfKE011RwCAE80pJzgLnypG4GFf8AEl6QifnK4vg4J5zu45XTK8jCf4RSbFuq/iS/Rns89H1kAS9x/wCido24ypIjGEzR7I1pnDszS83J9APy/ZdRMHOEi0lMVUfYiXlrZdPAMy52whk77hGMe+SE4Rtxwr+KBnl5G+X9QPfHGEMtPKOSAgvqGgEYUjCKEy1Vs+5DCSEMlcfMN1EMp33KJRj6K3zn2yUZRvso5mGSMIRc475K4jwTAbJSyVzJ7JzInFwJSXJIITWnOBvlSYKEHBmwAV1jGgDK5M/UMAkJFl7XCNlNG7Epr/oHe62UbdhqeoU93mG1O3YqPK3Lsn9VxzRttwkOSl+R1Ka75vbBbUDlqK+oOZG5H3Q2tIOTsVMYDgjKG5gHBSJyj6OvR45S5m8sDt6LoIHZP0+65j3WWdqOxptFjpHCMpjyG+6dqzkYQnsJG5SZXYOtTogb5C08ZQyDIcBuFMZQvkOdO33UyGjDMEgLPO1yOlXoZekVbLc95HZTPkPCwRurEMa0cDZRpq2Bg37JLkaI6dQ7A+GAOEOWVkYySgVVxAy2Aqukmkl5z+qkuSpPBLnuGk4iOVCfPJKfOUwD3ThjCgDY3JacHunteMElcLS/GAnx0dTOcBpHuhbwFCMpvhAXyOOcbEJjGVU52BcPsruisJJDp+yuIbdFTNHhMCW7cGyvSSl+RRUNjErPEqDpJ3wrOlo4abaNo2U50DiRgIsNHuC8beiVK7J0qdHGHKIugu2CLFQtkOuQ7hWBihiZkNAUd1SxmdIylSnuNcKYr8jrKVjMbcJ2sNB1HYKNJWEfSokk8zvq3QJtjdsYdE6WsgaCA7dV8tdMdg7YrkcLp3I8dASQTt7p0YORnnIiOfJPguC42jc85xhWraNsYBLfyXfKwfRkp0KsGOyWCBHbWbGXkIhjbCPLhFllDRk7AKnrrvBFs12XLZXAwajVQqjmROlqdLTgKpq7njOqQZVfUXGoqXYDtIUJ4L93la41Y5ODq/JZjiAWouFQ52GP2UBzpZHF0jic+6kObwnaRttwnwrOFbfKf5AGw7jZGbEB2RBp4ATge2E5RS7McpZGCIDsnCM+iM2AnBwiiIHkbqZQyqqc+iO2Anf0Tmsc7ysG4UpsXqNiitijABa3CFywdCvQyfZBEFU7luyPDbi7eZoUxhGVyeRrWgvfhC5JI2Q0kV2KGjp2cMT2wtactUV9xp4RgHJUGa6Sbhhxn2Wed8V2aYaaHpFw7S3dz9lGmraSLGnnvuqd81TMQTLgJnhuduSkO9vocqixmu7icQtxhQZamqnzreQPunMhx2T2xAYOEmVjfbHQpIfhvccnJR46YDByBn3VhFRSuwGR5yp1LYpJcGRqD5F7NVeklNlM2EkgNbupMVuqHkDw8ZV9HQUVMMSchcfWsjGiDBAQSsyaoaOEfyZDp7G0DM7gFIEVHSY0EOP2TZamY/iCC075cUrLbD2wh0GdVv8Api2CG4F+7jlNLwzZCdJgcJsE2LsYTDQPqCFNOewUaeqDOVX1Fw1+WI59RlPUTJK+K4Js9aG8FQJat8vlaM5Xaehq652dBwrels0NJh87R+ZRKOTLbY59PBUQ0lVUkOLNvVT2UVLA0PnfpI7LtbfIaUmCkYNhuqWarmrHnWVeDHZbjotKm5iEaKY5Vc+erndg+YFKnpyTlw2VnSUM020LMp0Y5ZmW+54K9kJy0vZuVZ0VsmqR/KacH2WptfRsksTJpgMHkYWgpbRDRACMDP2WhfYb6fHSs5kZa1dKyvOqYceyvqezU9M0eUZCu2M0twBhMcz2V/Kb69DGvorvD0/SMBFaQ0HAUg0+ojyp7KTfzKfLk116ST6IOXSnDW5ISZSvk2kZgK3jo4mDyswUVsW2PT2QubZuq0Me5FUy1wfURupEdMW/S0bKeIvZHZTkHgKtxrjpoQ/Er2wnIy1GbFsANlOZCARloSmfHE0EhqtvBJRS7I8dMTujSeHE0Fyqq2/R0/kjduqeputVUg4OyTKWRU7oQ9l5UXOli8pduq6e6TVQMMR2J5UahtNXWjxnt/JaOjstNTtaZQCfslOeAlVO/wDwUFJaaiqk1SHSB3Ku4LTSxAHup8jaWnaA06VHdqm2HCU7PQ+vRwh6GkMh2ZvhcMkjzhhwEVtK7knlFipSSAG7rPZeo9m2vTSn+KACJ2ASOV0xZ2aMq6o7LPKQS3y99lbR2umgAJb5hysdmrS/E3U+Nm+ZGXp7TUTkEtw1WEdpggAJB1K88N5GiKPIQjRzNdlzcZWaWsmzfDx8YrorfCDRpa3ZCNNIfparhtMHcNyntoJM5LNikz1DGx0rXBTMpi47j8kZtAefA/NW/wAnGwZDcELhGDhA9RkfDSR9lWKAEbtwnspRnGMKfp90zA9UPzsatNCHJF+WDOQmODIxnlTzG54wFxtvYRqeSMI3a2A6/UUV2ZHbMZym/JyuP80YCtRC2MYaEwhzlaluAdK9kA0cbMYak1ojGwUt0eRkhMLASi3OIt1xXREJcTxwmeESMEqW7QzsgSSsbvnCnyZBlFDBTd3IEpgiG3KZVXDHlEqgzTnkHJ9VbmlyZ3DkPJUdsKJM/V3TfGnk8rTt9k+K2VNTy04Vq4qVUn0iJ4jcncfqhF5ftjhXcfTmPPIMDupUcNopWgyOyfRX8rKjS32ZyKknnOGNOFNhsLtnOjwfVWElxpQdNJHj1KBJWVM4068BV8mQXDazkNtpIt5XjZPdJRxjEXIQPBe46nO/VMe+Jg8xwg3MYkkh8lQ/OGbBBfqduShPq4gMNJJQS+qkIDMEFGrMrkBrJJ1taCSUCWshzgHdc+WncPP3912OgcSqdqQG0CahxBACC4vdnblWTaIDGWojaMAbNV/KhcoplQYn84TPByrjREBgjZDMtC3lu4U+UW6kyt8B2MgZXBR57KdNW0wb/JiOfVQXV0wJ043TlPJntil0d+TA3cUwtgbkOeAgyVM7/wASjOa49yUxSZjkw73U0ecPz+SjPrIBs07pj2Ej1QTEc50pymZ5zl6Hmp2JAUc1VQ7IOyOIsj0XHxegRZYhqT7AFzzygkuOVM8HPDf3SMBPDP3RxnkCUHPgh+Y8oD2DnIVj8lN2b+658mGf3oTcoH4X2V/hnGwQHRY3x+6sZGtZ9PHogkeJy1WLlVkhacFdwPRSDARvhN0b7DP5ojPKGOCM5oHCY9mcbqSWHZPFM56LIp0yb4RALCBlC839KtRbJzw3ZP8A4ZMOQApkj0snyVOh3ouaS3lWxtkjRk4Q/lcu0loKsF0tFdod6LhBHKs/kDsGtyufwuo2PA+yYoAfBP8ARW+E70SLXAZwrVtFhp1YyosjI2nDuFeAJ1NdkAnHZLPfClOfQgb4BUd0tPk4erMs1gHv6IeTjOn9090w3wEEzjJ8qoS36EZCOy54p9F0ZeM6VxzHHhqsFt9iL++d0x02xGEPcldERO+FOwZOX6GmQ54QzqKOItR+lG+Qc4KNNAODfJCz7Lodg8KQbe87gIYt07TnsoDtf6E2QjHKOysqI8GKZzcehQvlpAMFv7pngS+imWMhKcPxZZwX25MLf99l29XbK0Z1fcYQMuDvfusvod+iI1ziAMK1JjI6q2Ps29H1q3A8dgJ7gbK0p+rLa8fzQQD+a81Jyc8I7Zw0DumKz0a69fYuz00Xex1TNLsAfbCOygtE7A+CUtJ7hy8yjq3AeVxUiC4zsP8AeOA9imKXs0LWQn+R6O+03CIh9FXHTyMvKUdw6rtLhNrEzBtjlY6n6ruFPGI/EcQOMlX9t60jkj01LMkcpisQ5X1eng0sfXMT4mi4WyXWdiWNVjS3/pqvGgvdE8cB/lWdpr5a6l2gxtb7lFqLLbK7+Y0YJ4LSm/Ky5zU+nk2DZIgPGoqoku3+rIUeanpK5xjuNNGS7YPa3CxwtNxtoD7dWuOPwOOxT23e/wBE4S1cAkj9BvhOqtETphZ+SNMzp11KTJaa57CN9BdsVx4qgxzLnRsnjOxAGSFVUfVkDyHOcYz3B2Kvob9TzRhxcx3vsnK1mG7QQmuEU8ti6XrotDHfKS+vG6o67o25UodLTgVEXILd8hbZ1JYbjh9TiN54LU7+G3ahYZLVVtmh7Ndumx1M4s85rvAV2/04/wAHl80dzoMtlZLGz7lNNZTys8Osp2yA/iA3XpTnxzjTfbZljti5g4VZWdDW6qBqLTUtw78B5H5LXHUJrk89qPpmyPNL/wC5hpbFaa6L/d8NcePVUVb03cqRxdSxmVo7ZWyuPS1xtryQxwI7hRYa2oheI6hh+6NWJnClprqPtti0zCPe9h8Oogcxw5BCcwNd7L0KWnttewiqp2nV+IDcKiuHSFO4F9HWgO5DHbJqWRexsqaa511AWuhncWjsTstNbetGO0x1TcH1WTfb7jTPMckWpo/RdZG1pORgouUDvnDpnpcNdSVzQYpWk+hKK1mOD+i82hqZYHh0Mrmn2KvLf1RU04DZ2eKP0KbGzHY2Ooc+Jm1grZ4Tgv1N91ZQV0cnfB9Cs7QXm21jBqqBG8/hdsp423G4O4Pqm/IXKFdkcF3FXPpHh9PIWP8A8J2Kvaavtl7IjrIhHVacCQHGfzWLa9wxnsiR1DvTB9U6Ezk6vxUZ8xPUbL1TeelHhr4zXUQAGkO/mNHrk7H7L0G2Xaz9X0Iq7ZJpkbuWkYc0+4Xhlr6kMcbYKvLgNg7vj3VtSvLZRWWisdBMNw6N2N/dMyeW1WjnVJ5XB7FNHPSNb8yzLDsXeijVVOxzdTB5T3Wf6e+Iz5HRWvqWENl+ky4zG/0OfVax1KxrTUUj8teM4By0j2QmGVb7RlL707b71SPo62mY9kgxktBwvKay29X/AAluIrOnvEuVpJxJBk6ox699l7m5zXk6mjJ9lCqKcS4J4yoaaLtixNZRTdE/Eyy9X0rJaKdomI3YT5h74W5p72achs2pwPvwvCuuPhRmoPU3RksltucGXhsJwHfbHdV/S3xprrfVGw9fU3y1ZGQBUZ2kz67bdlQc9DG7/VofH69n1HT1EVTGJI3ZBC5JGDuOVhrL1I1jY6umlEkMoBIB2IWxoLrS3Bv8p2HDlpSzl2Q2PANhnhm0THLTw/v+aOXk8ORi1rhg7qLJC9rtUbT+qsBrAc7jBIWO+Inwn6d+IdsFPVQimrISfBq2NHiMP+rStU2UjZw5RTIHYIJG2Ei6lXLDG03WUTU63hnxB1h0t1V8OLlJbL5RCWJrtMNUx/klHY8bKJS3VuoPpZCHDfY43X2p1N05aOrbRNZL5TCelmG44cD2IK+Ufip8F798PKp1wsIlq7PnZp3dCPf0XF1mg2/gj3XifOxn9tzxL9ntXwi/tJMdHB098QKhoLAI4rm93mcewk//AIsr6HhmiqImTwSNkjkaHNc05BB7hfmpBcJCNL2gkBexfBz+0Deug5xaLq59TYn7mMHzwHuWZ2P2/dfMPqD6Yc5fLplz+j7b9MfWvxf/AC+ufHp/pH2RJFnlqiPpnE7bYXemeprJ1ja23exVTKimecNc12f19FPfHjgYXzbUUTqm67Fho+sabVwvgrK3lESlq3wO8KYE44KtYKrUBghV00BPbjhCa+SBzWzMIa7grNKODYpZL9sod+IJw5VTDUFu5OR6qwgm1gBAGSgdtyuZKGHZ4KcccKZIce0O3PKUb3AgYyB3TXAg5yugghTJEskyGXJGe6NV01Pcqc0lVEHxP2Ixuq0SFh2GVNim1D3RRYE45M5/EH9ISnpzqhrZrDVYZHVSjXoJ+mN7u3f1XmXWnQ9f8N65t7sMs1Z03UnUYwdToM9wfRe41tBSXi3VFsr4myQVLcPa4Z/P7rHwTu6Smd031RIamwVeY6KoeNQaDxC/09/yXV0l+x4Mko44fRV9K9TW29UDaC6eHV0k8Zjb4gDhpdsWkFfFP9rT+yfP8P56n4h9BUr5OmHu1zU0Q1Ghzvgf/QufsvpzrTomu+Flx/2h6eY6WwTuL6hjD5YW9i0fr37LddKdTWnqi0mgrxFWW2tj0ecAte0jcEL1Hj/IShLMWcTyPjatdU6rF/h+0fkE2TOxwCOyNq1L6L/tWf2Waz4Z3OXrPoulfL0rO4l8bPN8i7nwx/gHZfN7cDbPC+gaDVx1UN0T5D5Hx1vjrfjsCowOFGyEaPuunCRzmgqSGduF1PjLIA0corRkcpmQkmkHpJJKADE48LqYoQaeUxPwUxQtdjmb5VlbTh7h7KtYcZUylfpcCpFclWrKL1gBblbroh/8prCVhYf7seq1/RsgbNpJW/TvBw/IRzHg0dy/7SxaO2vD6eP2Czdy/wC0MV7ZTmJuewXTqPO2rEclN10cvgA7I3TRADD9kDrUgyR+xAXbCR/L3S22psYv/wAOXddNiqjICv7fMXQx/ZZqvfioZhX9tIMLB6YRx5ZhsXBOr3E0+F5v1o86nNz9l6JcCBAM+q806wOasDO2FLOkN0CzaQLIMklXkRJdv2KpbNsT+iuYuT91hvWUe78QspsM8+XCHHu4BPehw/8AaGhcLVPMMntPHrM0aGp/7Cz/AJVCoHObVRFhwdQUy4HFFGR/Sq+iG7JTtgheU1q3RbPc6Z7bIyPXbVvTgnfYK2gb2AVNZHB9viPchXtKBsfZfO9W9s2fSNJLdBMksBypMbQQchDYBsisGThYlzyblwc8MBJ8Q08owZ+aRhONgiSyGluMl1LBnzAbr5966YJ7s+M4xGF9IX+HUG4bnYr5z6kz/G6px/7wr1fgH92D5/8AW6cdNtXtmSpZXUNW1wOAMBeg0VS2rpWvG5xusFcYS2XxgNjstD0jcAc00h54XqtRDd0fN9Bf8U9jLepa4OV7aKkGlAbyOVWzxNceMhCppn0ryWu2zwuTqat8cHr9Lb8ckz0iyPdLEGj1V81gysd0zVvfMNLvKRnC2EJJ4C8pqouE2j2WkmrIqRJbGCOEOem8RunGMqRDuEUt9lhydHbmJkaiB0cxZjdpV1Y6nUPl3HBAyEK60ul/jBux2KDbZWx1LXO7o4SyZ5V4NZCzIwRyvFet7SLN1JPE1uhk/m09mkr2iF2cOb91gfi9bQ6OnvIGMDw5CBkn0K63j7vjng4XltJ8le48kp4nUVxcx3d2c+oW0p5vEpmjKy1zheBBVYyG4DsK7tM5dCM9l35feeMshslgs4d3+GdgQmMcW1Hh429U/wBHBMeNw4DdLfAKeSeNuCotfTiSJ5A3LUWmPiN5OQnSHU0tQylhGiPRM6PnfLQyQv3EZ29lC68tZunTVXG1gc+MFw98JvTVW2ku8lM52GSduy0lTTePFPSuAJeD+iuqx1zUjNqafkjtZ8oRHw5SD+E4U9rw9o2Ujre1/wAGv89L4enzF2fUKtpX6wAOy+h+Nv8AnpTPmXmdKqL3tJToWvB2VdVUuncDZWbTj8l3wmvGCNl0TkKeChOQcYXNXsrStt+GGWIZxyFWlhKodGxyEkljCSg8YkkkoEJJJJWQkxOLSMdlbUVTsG7KkL9JxjlHpZhG4ErTTY4szXQT6NJG4P3UhrdPdVtNVRuADSp8ZBGQV1oWqSOdZW0xw5RhgjhC0+6dqDeO60qSQEjoGE/A9FwOBSAPICITzk6GD0SMe3onB5/pRQ5pAHCZBZC3YIRaWnhPLC7Y/upfhtO+Ewwu/C3ZG61Ivd+iDLQh2SGg5UV1tePM1pyPRXIBGxblEYzxDjGEuVK9DI2STKDwq5pwJHtH3KlwXq4UoDJQZGt9VbGi18FM/hoOxCFwlHo1xta5OQ9UUzmjxWuDu4VjTXCmqmgxyjJ7FVkljhkGdIyorbDVAnQ/T6dkUd0e0GtRN9mlaQfpcD9l1uCdis/DbrrTP1Rzn8yp1HV1ok8OeBxPqOE1R3Fq6RbgZ3KcMcYXI3lzRluE8YPdMUUgvlbOhuUVrcdlwNRcYx2wrUf0ErMnPCYey6xgHCcHgDA3TmvyeFeBm72xFpK54YP1NCOAMLrdOVSpT7C+bHRGdb6V488DTnnIQjYra7/4doJ9lZaQQNsJafdX/GgUtZOJUS9NUL/paB+Sj/7KUW5JIPqNlom7nBRcAgYGFX8aAyGssZlHdMRtP8uSqP8AynYLg6cqG7x11QPueFrAdIwBhdHOccq/48DR/Ps9MybrJcmbR3Cc/nwhmzX7G11mH5rZCMDgJwbvwp/GgT+dbLtmHNk6gds26z7+6iv6S6ll/vblO4f8y9G04AyF1T+NAF3Tl3JnmZ6CuEpzPI+Q/wCI5U2n+Hda5oDXQRj32W/Ayn4A5V/xoMXtT7eTGxfDaN7R41zfkchuwU+h6DstO4eMwzkceIcrTtOPyXMgcI4aaKGKMYkCPp+0wAGO20wP/IFMij0ANYA1o7AbI6cxoB3R/GosOKQwDH3XU9JHFqPoZhAw1FDMLiejS3Lgt9DE3JTkxALbEUw6sp64QMZViZsGuE7LpwE3Gd8qhU5A3HlAJ90STO2FHmdpGQrMk7MdilkAChSzNG2QlVVekEHZUlRVOLiASqMd93GCRVV5cSxnbuobnvfyuRtLnZPdSWNH0gbhDKW05llmWRXAt3dspVvtlbcphHSxE45Poruw9G1d8cXTM8OBvJPdehUtvtnTtAAGNy0ckblIdnoyW6iL+2JQWywUVjpW1VU0F+O/JKzXUd+dVPdDC7DR+gRuqOppKuV0UcmANhjgBY+pqTnbcFIcmy6apWyGyO3yDlDBIzk4SjOTldfhrRhItng9Do9HhZZ1xAChyynhPmm9kFuSVmc8nZpo2gg1znaiplPDuDhPjgGN2qbTU5JG2AkTeDpUUsUEGwAb+6saamIdkJ9NRnSDhWEEIaMYwlpZOtVRhA2QhuNlJa0BoXfDwc4SG2yvo1xjtFwMnhZ/qS7Npo/lI5dL3DJx6Kfdri2khkZ6LB1U8lRMZHuyTv8AYIW8GbU6hwjtiMOXnJCcB6JNHZPeWsbnCrs4r75EXNa0lx4VTVVpBLQi1dRnLWnGVCZTvkfnKOMNxztTqN3+nAUTHzv0huPUq+oaMQtBwm0lNExrC1nHr6qyYdAGRlMUdomEcLLONaG9sIVRUCEdkp59P0hVx8SSTU5ydGOQLb1FYOPMk8ut5z6eykxQAAErjWDHGMIzRzunxjg5ls9zFpGMBwSazJymNaScZUpjAAFqrWDNI41oA4RE7T7rucJpQkzXnZJ8mkZ5QdZc7jGFRAupzjgd0QHvhNaNhkIzW43TUslZGgJ6WwTPEa3jdRvAITXp7AIZm2xhBllyQgyzbDZLlZgtLIZ0ujfIUZ8s85A1YCRaXkElFYGsGTthZpS3BpYAtgwQXYRZp2wMy7Cj1tzp6aIuDw53AAWZr7vNVHRqIA9Cufdqo1y2x5NVNW7ssLreyGGKDYnvlZ988spPivyER0jXclDw0cH9lyLrpWyy2dGFUYLhDM++UjuuluO64RhZhqwujic1NThtyo+CM47/ADQiDjlGcmpTXIwF5tSO1pwBhcaGgqQNGBkj9VB9ceRBuRyn6fdIAHgonhlLfR06YITGayjxNwckIUbSSAOVa26y3C5SeDTxEuKUos62noc3iKIunUcAZx2C9C6A+GU19mjqri0shJ1NBHZajoL4XR0zYrhcWAvG+43J9l7JbLV4FOBoawHgAbpkKsntPE+DksWXIi9O2K32SmZT0kDRpGNWFeNIxl2wUOeaGhYXyPAd2CjSxXeqifKxo8PbTtzlM+PB7KutQW2JYTVMTcMhPiPP4Qp0MB8NshG590Oz2iOjhbJMNUrh5nKwDNttgrwPjHANrA0cJ7QARhOSUHQSOjhMPKSGThTGSSltHoby0N1OdsnkgEtPYbrF9Xdc0VlikpqV5kq/whpzhMgjBqtZDTx3SLK/dR0FopnzzSjLRgNHJK8ruvUFyv0xdO9zabPlYNshQqmpuV3l+ZrpA57t1IpaR22RsnQryeN13kZ6nO1jWMLRgDA9FJjiLnAkIzYWtA8qKxo1DC1QgonL/wAnGQtA2ClBoAxhNadI5XfHarLUsmPSSXMgclbco/Op1JIb8Ics0UQy+VrfuVTmWlnoeSB3CaJM8DKr57tQxA4Jkd6AqvfeJ37QDSPQoW8hKEpdF3LKOTsAoklwij+k7qoknqZMapP0TQMDc5QjlDBNnuEztm8KM4vecuK63HcbBPbLTN3Mm47KZDSz0MDMDPqlp90yWuhGzXa/smsqZ5jpjopj/wCFLllkbS7JDe6TiAEorRdax+GMdA31ep8HS9UD/vNU17fQBTDJ8kPbKd8wY7AwUhU74xlaWLpuibu9mSpcVnoI9xFghC4bhUr4royopqicBzIyjw2m4OOBCN/dalkEEZOmMNwuhgxyoq8CXqjO/wAArHAFxDUaLpwbGWb9Ar4jblC157K9ov8AkTkVzbDRgYc95/NdbZ6JhyGk491YEjhD0qtsfRe6T/qZG+SpW7CNdFLG3hHTVW1Ez/cGGNbtpCW3sunhBLjk7q0kiYQ88IGluTsjnhBLXZOysNcCAb2XNAXElAlZgdpb6JYCau5woWrMjFw7p6WcIMBrlDPDHouANGyTngDlRn1LQO6p4RaWQ7g0cOCFLI1g2IJUOWr7+ihvqXSbZIS5NMuNWeSXNVAHYhQ5agv2AQy1ziM53904ta3CVgfFJDC9x7p4GFwOwcJmCg4Q2Mf0EJB7pBpJ2S8FzyDhSAwMA23S52KKNdGjsvlhIYxnBUgFoHCamrHO7J2qPDNd9jy4oL3EgjKKeEI91mldg6tPiWmngCQ4lOGE/DeUzKVPUYOxp/GyF+yW/YpcnA5TvCc4bd1ks1OTt6fQKPY04x9SEG5OMqVDRSSvAOw7qcyiihOoMBKzTsbOnVo8dIrI6GaQjSMKbDQCPBlAR31DIBnAHqoVZdYWDDXb/dLczVGuuv8AIm+BExp27KDV18VOcd1VVFynly0OOCoTtbz5iT90G8t2x6RNq7pK/Zh2UKR75jlxS8EuHKe1oHKp8rgzTlkFjG+E7ARDGXYICLBTZweFI5AhBzZG8Mp8UBkdjj3V3R2syAEtwFaxWqlYASwEqOSRrq0MrHkoKK1a3g859eyuoaEMaMABTvlWtwGMAA9EUxNY0EjCRZblHVo0e3oixxaeQitg1DOFyWpp4xs/zKDLXVLjhrsAcLM7Ms2xrhBfcTSGQ/UMIEtbGwYi3Kh+LO8gyHK62Ik7DlV2TKXQjWyud7FDJleRgcqVDRaiCR+6lxUYbg6UcYti5lcymmd9TeVIjtkrgC4ZCsREAPslrlds04WiFYicyNHSxRDAbuk92PpGD6ohGD5jhV9yulNRh2l+ot9FphXgy26iFcW5MM5zwC6R2wVdXXiniBDTk/dVVZd6mvjDB5GnnHcKucQ3c9lpqqbPP63yncKw1bdKmpdpYcNUIMI3duSjOc12xGMIT3N23IC2QrOBZqZT4kM2bthcwP6guuezGGuzlR/DL3YDs5WhJJGKyW/hBnAeqGHaiQpFPb5n4c4nHup8cNNE3zN3UjJIGGnnY+SBFSSzEY2BUyKmZFu4ZP3T8jPlbgLji1gy92B+qGdiN1OjiuzuAeGpY9kGa4QU428zj2UGS41MpODgJLviuzoVUxj6LTU2MZcQFFmucMZ0hrnH2VcX1D3Zc4n809kTtikSvbfBo2foO+4Sybxgtz2KAHzybvflEEYxx+67px2SpWSl2HCPIGRmfdNAA74UxlNNNjw2ZUuC0FxDpxhJks8muFMp9Iro48kADJUqOhlkxhqtobfTRN4yihzItmt2Q7sGiOl2v7iBBapdshWEFDTxbuG6a+rwMjlRjVyyHHKp8mmPx19LJZNfT0wPmCjVFxkPlj4UfQ+bBKKyNkeMnKXhsr5P+UG98suA8LoiA5xuuS1RDtEPA5KC5znDJBTFXkCbb7DPeG8EFBdIX9sIbpYo2kyyYwqqsvLGksgdujUDLbfGv8i3klhY0mSUNVdVXOL6YXgkKupqa43aQ+Ulo5K0Fv6dt1E7x7g/Psn11nMt1Flr+3op44a25OwAS07HZW9D03HSYnqRpbySUau6moqBnh0EIBGwwAszWXytriRJI4NzxlHjAmVjjz7NBVX2ioBpo9v9Vn6641ldKXGVwa7sCowiL3AlWdFbJqjT4LMn7Iox3CVZO54IMFM5zgXknPKtaO1Pmx8tESVrLH0FWVDWvqWNY077rdW6w0Ntja2KFuw3OO6PG1nU0viLNRHc+DE2XoSrmY19SAwH1C2FLYaO3sY2KJuW87clXIA7dkOTOwwiX9jvUeNq08cJckTSQ3ACFjfJG4UwRF545ThRY3wP1UlPA7+O5fiiGItQXfBx7KSWtaNkwNMhAAwhUt3AcKUuwDmBidEyd5ALdlOipWHDntyQpLY2tGGjCtIbGva+CIyncAC5FbGBnZSA0YJPZRZauKE+cj9VY2WIrk54Y7FMlrIIDiR2M+6pbp1E2N5ihO/sVR1FbNVHMhKjeDLPVKPES/r+pYonmKI/mqSqutTUE+c4KHFbpqpwLBytDaOlHuIfMcj7JU7AYQs1LKCnoqiteNAyfdaC09MzNeH1BGkbgYWlpbVS0QBawagEpZy0kBqzSt/Rvo0CfMgAjipRiNoCjy1Bk2A2UgNdUEBoO6nW6y1BeXGPO22Vks1Kj2dKnRN8QKqGF87/ADD9VZ01nkkIMYWipbLDEA6YNOewCnNiZCA2NgH5Ln3axp/adTT+OXcijprFpx44VgyhpoQNMWSFO0l+2EVtNqwSsc75T7OjVp4V/iiEGTN2hGGnlOFLqA8QbqdHGc4YMIwonbF42KR8nodsK5kGnAaEY0bpQCQCFN0U8I5wVCqapoOBwgc/2EoJDPAih4xkIL5xwAnO1zbjK5HSSZ845UywtqYCQucfRMELzw0qw+UGAdPCcREwbjdTJMIgClk/ENvuiMpIBuRv91KJ1DACEaV+cvOFMkePYF0bWbhqE7U8YAwFKcGtIB/zQ3VNPGOd0aeRUkiMYy0+YYymuLWBDqLjTk7Ht6qDNWashNEzkSZahjcgYUKSqA2GEB7pZT5MpMt9TI4AjZFuM0230cmqye2FDMr5cgBWrbUxuk1DlIH8NpQNIy5C5YA2tlA21VU7gQxT4bE2MB1U8Y+ykz3J7dqcYChvqKib+8eUO/JFElabXRDgOKjuumdqbYD2QCwZyVzy42AU3YC5XRyaeqqMNdKQPQFD+Xx5jvlJ8jmDyhR/FqZTp17fZR2FbWw2YIvqwEKStj4iblyLHbqibBdx9lKjtbIyDoBJ9VammC6slO+SulI0twEVlFUygEgZV58sBgFgCMyl0jsELtSK+MpY7c5v1tBRG0WDsMK1fLTxbPIGFBqbjERphG47qO1FOGORpoxjzdkMuggHmI291Gkmq5T/AC+EEwSP+rJS3bgW454Cz18DdowSQoz6+aRunGAjfLH+kJhpdJzpRq4S4NkRzpHncoBZ6qw8LPZD8IBOVqAlW8EAxlBdFuclWZi2Od0AxHJ2TY2Z7M0qskAxHuhuiON1YeGmeGnp5EOn2VxhOeFzwfZWPg5/D+6QgAP0olIQ6t3RA+W/w/uuinxwMfmrMUpxnGEvAA+ogI/kBVCZXikIHAH5rjoA3c4U6V8bBhu6gTSF/sjjMCVSQKR+geqhyOfJtjAUsRuecAEkokdtl1AkbfZP38CpUyfRW+C4nJTm0z+zCruOgjaBrG6dphj2LQFPkQS0r/qKZlsmfjPdPFtgbu4EnvurVw1bBAmik2LhhH8hJaeKI4giaMaW7eyRZCwEhrfyCJ4RdjPCe6CJoGNz91fyi1T+iGZHcNYmCmqJju0gKcIxnLWJOFW4ARsx7oozyU6F3IifI6RqkOPzQXmjjBAfghTnQT/8ZwOR2KjG2B58sOrKYpfoz3VP+hECWvgZtFvhRJbnVP8AK38ldiyM+owpCloKf6sAj2TFMyS098vyeEZ50VyquSQEw2uqIw87K+nq6eMaIvMccAKHLIXDjlXkzy00f6nkrDaYRu9wyAuCkpxtoUp0UzjkAn81wwvI4ViZUx/pRG+Wp/6P3TDT0rRksUp1FM4+UFdFonIBP6KAOmT/AKSA6Sm2aBjCY3wzy3IVu2ywtwZD+ikw0Nshbqe05+6MW6JR7KWKGF3/AAcqSyCAHeD91OlkoWHyYGFFkuFM0eVufzTIC2oR7HCCmxtGAUExRjgD9UB9fuQ1qEalxPCa45M8rILoMWNB+nhDDhnShmo7EIRqGlVsFO1EnREeT+6Y5kB+goJdnumF2BkIXAH5UwjqeNvcFB8BvGPzXDIXHHoiNd7ItqA+RATTnOQhmJw/JSjK1D1lVsQakgOp7TwntqSPwp+kHbCZ4B5KpwZUp4HtqS7AIwnieM7CQqMGY9k3QVSyilNssYapzSCJT+quaO/XGFoYyd2B6lZTztGxXG1dVG7IfsnIYrpQ6PS6PquXQG1Iacd1dUXUVHM0NcQQexXksN58PHzByrGmv1KPb806MsGmGql7Z6lJTWytjxpj3/p2IUP+Buidqo6lzAOxOQshR3WF3mZPyONSsGX2rhaGiYlvY53To2JDfnTXJeN/jNJNnAkaOMcFW9D1oKLAqWSRY2I7Kho+pWENZUAfdWJqrNVNDjMwk/1DKPenjAqU89M01D1bb7i8wzOaWn+oKx/hdK8mWmfpa8fhOywc1ngqQH072s9HMOCiUn+0tqkDYajx4xwCeU2L4M80bbx7nRZjq2NrqbjS4btUSssVhvDC8t+Ukd2IzuoNv66NO4Q3i3uiB2Lwcj/JaKCWx3pmu31sbpHDOk7I1JmayqFn22JNGGufRlxt+ZaOQTxcgA52VCzT4xjrYXNI244XqTmVtCcTU72s4y3cFCqun7Xeo8uYxshH1NGCtldu3s4mp8FGfNGDzyotDJoTJTPDx3A3KoKuzMGfIQfstvcekLvaJDNRvdJGN9kCOsppP5dfTtyeXAbrT8sWefv8TZGW1rk87qrdURu1MGW+ndAbI5pLXNIIXolRYQ95np8GIjIKpK+yU7yQ4BrvUK2cq7SzpfKMuKgAg4VxbOo6yiLW+KZIx+F26rqyx1dMS+LL2+yrnvlhfh4IKtvBnTceUen0HUFvr2hgd4T+4dwrBrNe44XldNUkgOY/BCvbd1JV0pDZHlzR6lNhYM+aUuGbcl0eyl2+5T0z9UZI/NU9BeKS5twxwEgG4J5U1uGjBWhT4M99ENQsTRr6e6013i+WqMMcODnG/qFoOnuo7r01LplLqyiOzoy7do9QvLiHt8wJHuCrq3dVmmY2mrmEgbB45x7o8o4Ws8aoLNXSPcKa52y+MFRbKqMnHmjJ8wPuFwSODtEjS33wvMrdWtgmZcbLNqdy5reHD0K3Nj6lprwz5er0MqG/Uw7FWcOUGmWwpxKMtI/VZDrn4bWbqu2vir6TUezmbOB9crUPlnopMgF7D6KRFWRVDf5Zz6hBKWCq7Z0zU4cM+WhXdb/CC4GjEstVaGHIcQSQCvZOjvidbryyKptl0YyUAamnhx/0WpvPTVuuwcKiJuHjBBbkfovn7rn4S9R9DXGS+9CtldA12t0MZPlz6eyo6SdPkGo2pRn6fp/5PrSx9U010ia12GTjYgnkq7a/OxHK+TehPii25QRwVUvy1fGcOa52CccFe1dL/EuJ74qO9ytaHDS2X1PbKnZydVpJ0T2yPQJYy45CGdQ2wnQVcFS3XC8OaeCEQgK3EyOLQAF2c5ynyNjqojDUDUx3IK64aeyHnByhaT7Jl9o8F+K39nuMPm6g6F2e8l8lBp5PfSf9F4AWz0sz6epicySNxa9rhgtI7L79a7AXnHxN+Dli63iddKKFtJdm7uqO0p/xj/Vc3VaSM+Yo72g8zOvFd7yv2fPnw9+JfUXw8uguNkrJGBxHiRF2WSY9W9+T+q+0/ht8Ven/AIkUDZaImmuETR8zSybEH1b6tPYr4Y6m6UvfSFwdbr1R+E4HDXg5a77FCsnUV56crorjaa18MkRyBnYjuCF86854KrVSe+OJ+mfZfpj6tt0cYxzurP0iMecIVTEXNxp1ey8a+D39oS19URQ2nqaYQVgaAJXHDX4/zK9zfGxzQRj7hfJ9f467Rz22I+46DytOvqVtT4KVraiF+nSPD7NPZGhncHeU/llTHxDGHd1Glo2sBdF+YXNlHadmE4tckuGUPG7gjPIxkHZVLNTCMuIClxz4A3QDYxT6JbZM9l12/BQWvGCPVOwf6lTQxcBm4xgrmZIHh43HCHJkEEFOjm1eUjhWA1uLGnma5uWptfarfeKY0lwh1sJyPZQIi6KXWw4B5CsYKjXxsQmwswZ51Z6Mfb6l/TM46H6waK21Vvkoa6Xfw2j/AIb/AF5XlXW/Tl7+D19N3t7H1PTdW8uLWnIpx2wvfrxbKO9Ub6Guj1Mdwe7T6hUFCwR56K6rAq6KpHh0lTI3UdHaOQ9wulpNW4yyzNOozVDWWfrjp19JWRw19BUx6JY3jIc1w4Puvz2/tMf2eLh8JLvJfenaWSfpusefBxxSntET2G+w9ivsS80N6/s+dRaZTLU9H10n8stBPhb7/luFvr9Zunevel3xSRQXK2XCI5YcHUwjY+xXsPGeQVMt1bOD5XxdWvqdcvy9H5Fxyl2AVIa7PZemfHv4LXH4P9QOaNdRZauUMoqnGXNzxE89nD/VeWxzgnBX0LR6iOohuiz5Dr9BboLXVauSSunfhNBB7rq3xlgw9BATlPHCEDlOBOUZAy6mNcAMErutvqjAHJJJKEGlrcHZRjypTjgFRTyoQ61SIjg5UdqPHyrQMujQwS+Ru3ZaPpSoLavGcbD/ADWXpsOaMcYCurHIKerafXH+a10vDORrFmLRvrk7ErD6hXFoc4NaAeQqOqeJIRIRwBgqws0zy0b8YXUg+DzNy+0hdYPPiNPumdPyF2nfgp/VOHPb91GsfLSD3UeM5HJf6Bd1r8zsJWitL/5QyspWyH5howtHaJMxjHsiXZgujhFpdTiAb915p1Sc1OSey9FvDh4DSvNuqj/Pbg87IbHwHoP90FZ9iriE7n7qktZLYiQrajOXHPZYL5cHuvEfi/8AJJl4CHTf9panycIdM4fMN3XE1jxBntfGy+80Fe7FGwEfhVfTO2GNsKdXb0rfsoEIyMrymolug0e5q5wz1Ppacz0MYHYBaymbhYv4fv8AEpCHfhAW3Y0jGRwvn/kI4mz6B4yz5KYklnZFa12obIcX1BSwBhc7pHUOjhOIGOFzBT8FX7GIpbxB4n4exXzR1aDF1BWRaeHlfU9VEHDcZ2XzH1/GIupqvy485XpPp+f+u4nhfratzoT/ALmWni8aItx9lFtFQ6hrAScYKtGtyCMchVFZEWu1jZe327kfJJN1zUkehRSiogbIw5yMqDUNcwnAUfpO4snhNPKfMBgK5qIO+nlYNRBxPW6Kz56lMm9PVMsckeH4wvSrZUMqImuB3wvJKacwnA2W96ZuIkawaudj915XX0Nvcj2HjNRmKizZwEDClmMFowocIwM+qlxknYrgz4Z6asi1lMJoXDGVn44XxT4c3GCtgYssOR2VNXUh1eI1oG+VcLEXOtMn2mZsjfCcdxwo/Wdqirunqhkm2husd+Fyzj+fstIKZtWwxPYHNcMEFaqrvjeTBqqd8dp813ciKjDQ3thdtFRmIDAWh65sJtVwqKYs/lvJfH7ArK0f8l4HAXp9Jb8sNzPBazTuNjNNC7IyiloeMqNAD4YR48njdOksnPcWjsB8N+e3dSpmBhDsjBGVE1b4wpJ/nUwzy3hZ5odAr3xiC8QVQHlOCtuJGyOZOOHt2WKqCTo9QRgrSWeqknjfDKMOjxt6KgrEeXfHGxMjkjvDY8axpyB6Lya3TAv0OO5GQvpr4gWk3jpaqja0OexpLfuvlnW6mlBA+kr2vgdR9qrZ4Tz+my3M0ce5RuMHCBTEPiZJ/UEYcL1MUjwklh8hXNDxpPCh1NsAbqiU0bIrTjsqBjZKHRm5aZ8TtJZ+6Fp91pZqSGceZu6qKu3zQOIDSQFDVXqU+JFekunlcUNSafQJJJJQsekkkp0U1kk09Q6IjKu6KsDsDIys6iRzuiIxv+a0VXOL5EWVbjWMma4bYXASSclUlNcsYac7q0hmEgyO66Vd6kjFOpoM17mkd1LjlBA2UZvrjhOBz2wtULEZ8eyV5SFzSQg5LTnOURsudsJ8Z5KxkKHngoweMBRwM910NyeU2DBJMYaTuEdlO0jIPKh6Zv8AhH7ojDUMxpcmlpEltPPnLDsigkbFvC5T1haP5jdvUI7pYThzSDlAjTWzjAMfSnjGQScLoLCcJwYCqfI5BA6HG7xn0S8vbCb4bTyEi0EYzhNgibkOwPb9V0M35H6rraYu3BSEMmfLyiInkK0OA9cLjnuO3omCKtHBCc2GrG5GyYkkVzkeMk4JUhuMDBQAHAebld0u5yoooP5GS291xoIO5TGagAusdIT5sHCNRSJvYcbhd0nsmMeQfpRRIMcKwoxydIyitTQcpzVaDUcHPE9kQYzwh+H7p+B6qgwmQkSEwBy6A7KhAmo+icuMaccJ4jcVA4ttnNXsup4iI7cp4iIOVaeBiQ3JPCIntj24RWxE47JkXtQxJgsFPARhCCM6f3XGxkcBC2mMSYDBSwUcR+gXMBAMSygeCiNTtIxwuAHJRhMEmIqafRAJseBiG4ZGERMUMkp5AOGSQukho3KReG52USpqByBlQzXXKPY+aYdxwqm6VzomeXCZXXIgYYMnCqiypnJdODpP7KHOv1K6QF9fNUP08hFipjINR2R4aIkgQQ6yVrrD8OrjcJWTV2YYRuWg4ylysUTk362MVyZWjtNXXTCCgi1vPbK3nTfw8dERUXZzCTghg7FbO22K12hgFNTMa4D6iNyjPqWR5cdkic93Ry7NXKziIAxUtupgxgDGNC846y6rjmldTUzvKBhG6z6wdIX0lM/ABIOO686qah73FzyXFyWP0WnlZPcxtVUOc7J7qOTkrpy45IXMHgLPOaier0uj2tSZ0HGSmyP1jHCa/PqmBpkPoss5NneppXoYWFxCkQUxcQeE6KB2RsrCngOx4SXLB0tPQzkNOXYGlWlHREYdhGo6PYeX91ZMhAAGOEMlk61FG3kBDEGjGEbRhOYAO2UVwGBvjCE2qKQAjHdRK6rjpoHSvOCOAi1tVHSsMkhxhYa93uSqkdFG/A/yQuWBOpuhTDkDX3KerdJqds87eyixx5AJCUbC4DuSjxs8MbqLk4d9jnyDMekblVtwq2uPhRnYcn1RrhXt3hhd9yqsMLnZymKGTkanU5zCsdGx8rxlWdNTAYKHR0xIzp3VgyJ0ZBx+60Qjgx195Hxt0hoxsiPlAbgAIZlAGMIYducpkYZKttwsI45xcVwANOcbp+cLmcLRGGDn22OTO6vZdLXHskwHIPZHAGE2MMiRgByitGcBcwE/YJkeAWEaO6DI/fACT5DwuMZq5Rt5KOEkp7W4IOEmtJI22RMA87K0ih7MY4xhdL2juhGQMyor5i44AzlSU9pWxkmWYDIaQVFMjxzwuBhJ1H/NdmA04CRKbkHjAnPz6IRGe6fHGXHdMqZRAMkfklzltGRhkIDgEnCqbrdw1vhRZ9CQh19wlePCiGM8lVkkJeck8d1zNTqJPMImmqnHIB0hld7fdNMRO2MI4DIsbbrrn7bbFctR55NajjojmBwOcYSMJOxKc6SXONWyWr1VuK9ob2NFOO5/dd+XHqP1XMn1XcORpxXopJnPl99sfqkKfUcagF3zep/VCMcg37fdVsjLtBBhRsP405tA1xwHhRwJM/UU/EpbjUSq+OH6HQlhkhtuY78Q390/+BuG4BKjxNq9Qw0/qp0Da/YHceizWxS6OhplGcsNDI7bUath3VjBaJZSA/AHuj0lNVSkAtWmsnT1fXStijG3crL7wem0Wki5KOCDY+kzW1Ajgblx74yAvY+jei4bXEdbGPlOMuI4UvpzpSG3xxxQsBkwC9+OF6FbaEUsIBYMn23Tdh7/AMZ4WMErJdkS02oxua6TDh2HYKyrar5eQwRs1yH6R6osr5WN0wYGfZOpaF2fHlwXkd+Qp0eoqpfRDoLH40nzd0GqXs3sFeRsa1ulo2HZMawjuSiNVZHKrAm9gn7Y90NLJVEwI87JiemFWlkpvBz3KZJMI8EjIHK5NJ4Y3HK8q64+IL55H2awTHW3IkkB2cfb90+uGTl6/wAhDSRyy3636/8Al5X2+0t1TPy0kH6V5tDT1M87qmqkMkkhySd8J9uonjVI/wCoNACtoow3GwWiNWOTxOs1s9ZPdIHFTAAZCls0sAGEmgAbBL6inRjgxLA7lOXARhMJGEQYRz9tlGklIThqzhJsPJ9VC+jMvqKSH++rIG/+JVlV1FTRP0U8Qlx3cNlnT5ud0tJHYrWq8HwOOniuy1nv9XMMRtbEP8KhOfLMcyPJz6lBDgN8ogEkwAp43Px6IXFF7YQOeGc8IgaIgHORILPd6yQMbC6Fvdz9laU/RztWqqrJHD2coDKyuC7KV1ZTjYOJPoFwSVk3/ZKCd/odK19L09bKfBMWsjuVZsjgiaGxMDQEElkS9TH+kxVPYL/VAGUNia7tncKyp+h6TTqqqiZx7gOwtM0jfddLgFW1ipamUuuCrprJa6RgZHSN27nkqWxrIsBjAAi5yeFwjKJJIU5SfbO5zuh7FETMYRYWBTbZzBPK6NuFxy5koVhEFkrmD6pLmr2Vgxjnk4uEDBIXUj9JQYDigRJyuLp5XEIzA1JJJQgLJTM5Tk1QglzAXUlAxiS6QByVzU3GQqygtrYxLUG9wo8tW0ZHdQpKp3qglNIOMGWElS1vOFHkr4TsDuFXmcvTMD0SXZyOUCRLXOJwO6jyzOI+6bo9/wBl0DHdJlPI1RSBEPeV0NwM4RAA3tlN8zvLjCGVmBijKX4oG49gE1xccDCkR0znb42KlR0pG+AlTvOvpfC6jUfksEBsDzg6SpDKbgkKaGRtx5cLjnMA2WOepSPSaTwUKliSyCETWhDLRlJ8wBIQnSggrLbqNx2aPGxj1EJrA2/1TNWeQo+t2cj/ADRG540rLO86lOha9BchLI9VxsRI2XRA4nus1lzZ0a9NtXCOrgiLjjOEeOmJIOOUcRMjaC/b3SJ2tmiunBFFOSRtnKlMpw0AkIUtxpacHzAkKpqb9LLkRHhJcm2NjOFfZdvqKekb53YVXX3nIxTuH6qlmnqag+c8prKc53OEWf2E731EkPr6iU5cc5CieG+R2TkZUsQDGe66Bp/DwqyJlPPLBMjDRuMJx0O+jdGMLpMEDAR6ejc4gtaCVT/ZIRlN8IisjceykQ0geRk4VnS2uaTGY9u6tIbZBGAdO/dRtI3VaRz7KmmtDpCNIyO6uqW108TQS3zfZSooRGMNGPsiu0RNBdsClSuR0KtJGsC2CMO2GEQxiMBx2CjTXGFgIYSXKunqqqU414BWec3I21wVa4LGor4YRhoy5Vs9XPMcZwCuNge8hzu6MIGtG4SnmQblkjsgL/Me6cYw3GUcYG2oFFhp5ZnARtyrVbYuc0uyL4QaQCOVNgo9eDpx7qxprRluZhhS4aRrNsDZaq6sgOaaKyOjLCNsqQIeApuiOP68AD1Kqbl1Pa6PIa/WW+nqtEacGPUamFUcyZJdDjlVlbc6S3l2HB5b7rP3Hqarqn6o3aAfRUssz5CXSSFxPqtUKcnBv8q1LECxrbzUVshdksHoCoT3h25dn7qL4g3CE5x7u/JaY04ODfq5WyzIO6RzciNwGyjue7uUwynOEtLiM4T1BIxTm5dHXSZ9kMeJMdLRlS4qRrwHSNUuJkEQHkwmbkhSi7GQae2uccuYp0VJDAMhoynSVEAAGvCjTVrHbNBOEuViNVenySHPDTygSVEbBlx3UKSeRx37JjyXcpLtN1dGCQ6ve3IjGxUYumcSXvznsu6An6fdKk3I0KvAB0eo5wnthxjblGDGjd3ZNdIzOI9ykuORkUkOjjYD5tgnfyztGdRXYqSefBLCArGmoooQHFm6pcD66ZT7IEVHUSuHkwPVWcFDFEAZAC5J9VG3ZowFHluDf+GTkKpLJqhGqrvsneSI7DAKa6oawZyD+arhVSyOAcnBsjuSQhSDVqX4kiStPACa2R8uwG67FAw7vblPeGRgeEzBVYLc5PsQp35BkwAnu+UiaNDslDcZ3Dz7BRjPSUx1VL91ai30JlaocskGWoBxTsyDyVx2tozIeeVV1fUkUbdFIfzVTJW3e4Hw2SOIPAGyNVP2Y7PJVweIcsvprlRUg1PlBd2GVVVF+qqx2imZkDvlNg6ammw+rfpHO6smCx2hgAaHuH+abGBlnqbbeW8IgUdpvN4nDTE7SOSr+Dp6x22MOuc7Nfceiqajq6sGY6B3hN9R3VNUVlRVPMlRM55O+5RRrMf8mK/F5NRVdTUlG10Nqg0hu2rHKzdbdq6veRJK7BPGUNoODsnQxB2wGSmqOOAHdKfDAiFx3O+fdSqW3zTn+S3JKv7L0dcbqWlkZAPOy9R6c+H1DbWsfPG0uG+B6qNJHT0Xjb9VJNrhmH6b+Hlwrw0zw6Qd916LaOl7ZaWBscDXOHchaDwwwAR+UDbZCLSOVXR6/TeKq08Me/2D0NA0gAAdgm6fdHERKM2lyAcqnnB0I1SSwiI2CR/0jZd+UMeCR+6nhojHoodbWxxt33PYeqHL6I4pLkE/w4tzhRJK2OTyx9uUGWaSYnIO6PSULmDW/G++3ZWk+2J/shjY5JTnHKlspwwDI3UiNjW/h4TZ5WwjLkcUsAP7eRuhMkqIYf7x4Cq7h1A2mwIdyeyzdVU1NZIXulIB7BRywBK3PRb3PqZrHOhp2knGMgqglqa6rOZiWt9MpzYgXAAbqfSWuprJWs0YB9UDkooTstt4RVeE55AAJJV5aenKmqcHuGG/ZaezdKMiePFjzjckq+c2no2hsMYCTK46Gm8apc2FTbrFTUkZ1gajuNlKfiEYaNvZPfMZThoRqO11VWfNGcLDdqlDs7FWjUeK0QDK9/lAR6O01NS4FzNloqCwxxYdMwAq2jhjjAbDGuZdrXn7DfRocPMynt9kiiaDLHgqcIiwhrGfkFO8J7N5G4z7rmloxpaCVgt1MpfkdKumMOIoimOR27m6UgI8AOdgqcyllneAWlrVNjtcIALmjKRK7KHxhgq6en1/S3PopkdG5u8owEeWWkox5sDZQprkZjop90v5XLgtJIkTPpIW7EAhQJ7gHeWI7LooaipOpzcKRHboohqxug3vJaRBeHTc8pwoo9nPblSZXww7Hb0TGSVEnljaNJ7ok9xbwgWmFhAa3ThPDwQCwak80YyHyjJT9DGDyhGkA5YI5iqHDygNH3XG0xBy5wyF2on0D2VbU3eHgnCbgDciwfojb5eyr57gyPIcRyq6oupk2hcob2zS4OTui2oVKeSZVXeJx0g7qE+pll77FOioATqmZlShFEwDQ3GFBM5Z4IAp3SHJ5R47c3YzFEkkY3YBCfMX87Isi8Z7DaKWEZ7pj6lzhpjOkIBJPJQ8+iqU8F4HudK4nW/KAWb8JxIHZCOo7Y5Q/JkHDHOc3ByBsgGT0YiGBxOCeUZlEDvuq3INQbIeHHgIjKSR+DjlWcNseSCG7KfHQBoB07j3QO5BfGUkdqlfgnj7KbHbIWaTjf7KycGRDzHZQ5rjTxbMdqclTt/RarwO+W8MDI2THPp4t3uAUOesqZiA04ahmJ7hl3JS/n4wW4hJrqyPyQU7Xe5ChyVdTON3BoPZF8DBG2c+yJHSDIchdgmUMkExPeNwSm/LH+j9lbtpRjYBI049Ah+XLwD8ZWNptH4P3SMIG5CsfCaNtKY6MeiJTLVZXmHGxTHQ7eisPCJTDD+SL5GKlWkVjofRmfzQXR47furN8W+7c/mgOhzjy/umxsaB+Ig+GT2QzT9y1WQonOOdOPzTmUGvYZC0K0VLT/oqfA3xpSbTh34VfRWknckIzYmRDdjRj2WiNzFfxn7KGOg1b4Ce6mbCPNghWVVO3OGM47qtlbVz+Ud06NmRUqlHpEaWSNuzdyoUji4+itIrUTvOCjfIQM4TcoROiT5KB1JNOR4YypNPZjjM4VsQ2HAa0fomSuLhjCZkV8RD+Vo4BxumPkABAbsiSANIJQ2Nc/ZmyvLLjBLojuducjCDgZycKwFtqJyC44H2T222nhwXkq1LBbqnPkrmscfpGU8UVQ7ct2U58lBCQGuGUJ9dLI7RT5A9cIvkA+OK/IB8npHn2whkUMYzq3RvAraggSPw0p7bXAzBfue6nyL2VKnP4kAyAnFNGXFdbR19QQZPK09lagwQNAAA/JAlqZSMR7I1Zkp0xjzIj/JRQDVJu77qM+sjiy2J2D9lILaiR38zvwmClYNy3JWiuWDJZF9RRAnkq5j5HbFANI4gGcZx7q1EQb9IwgyRnI2/dPUsGadTl2VT6OPhrE35EnGBurZ0bAOEGZ7G8BWpGSdMPZBZQygE4AC4KdrXajhGdVAZA9FCnqDkYCMzyVdfQdr2xAhoCA+twC0HhDdI4g7KK7UXH/qjM9k5f0j5a2bP1bIEkrpOV1zMoErvDHGU2KT7MNkpS7OFgJIQnQHc4CaZX/hCCZKjGNey0RiYrZP2PIAOFwkYUdznE7krmSeSjMcpYHnOdnJhaR+L9kgMfiT8D1RJZEttgS4g4SOofi/ZPDBnnKXgbZyrcCsjCcompv8AUP1TPD5GMJnhEHO6XtC5Cas8rg0hcAA/EnNYXbNU2l5aOiTAx/ouuSIcN0tIHZCWpZGpYC5gei7p9lBu/HoaWeiA+PKNP8xjEIUbwbgNwA4KCpTyDfA5xyhGN3ojn5xvMWPVc1uHLUYPytAsyt4kcPzUpl1r42BgmJDeMoIIIyAuOOFfJUrpYLKLqaaNobJHkhSG9Uaxu0jHoqB0fcJoGnOUcZNCXqZx9m1ousRExodUuaB2yrql64YQAKkn815ecDcp4fgYBT4ywXHWST5PcIL3RV8DWz6JAR3XCyFmJKKQwPHBacLxyG5VUTdDKhwA91dW7rGqg0x1B1tHfujhbyO/kRl2ezWrre5ULRT3ICoh4yRk4Wgo62z3T+Za68RzHlhON149Q9Y26YBs0obq7FXMEtNNioo6gMdyHMdhaFPKDVqPWI62uofLcaMuiOwe0ZCiXLpyyX9niUxZFKR+Hb9Vk7f1jdKICCteJ4W7ebfZXlHc7RXnxKGtEE3JaTgIlLAM4RseZFVNabr0zJq3lpAcaHDLR7lMkhtF9j/3eVkNQOWnYZWvZXTxt8OvhEkR2zjIKr7n0n05d8TxvkpJeQ6I6QD6p0b8GO7Q1X/kuDCVNBUW6TTUs8h2DuQVV11roKwHMYBPcBbsm52jFNd6WK6UQ2ErG5OO35qNUdP0F4b4/Ts7Wy8uhkOCFpVqZ5vXeEnBbqFwvR5Lc+m66hd49ITIzsBnZQI6+SI+HUsII5yF6NWR3a0TeDXQ6N8DLdlV3G0W28M/mRNjlP4m7ZKNSPOSjOr7bItMzUVwMRbJTykH2K0tn6udlsNZqf2BHKyN06fvNn/m+AZYM7Obvso9NUtlYHNOSNiO4TFYyYfZ7HT1lPWN/lHP55TJ4wdl5rQXetoXNdFM7HplbG2dV09ZojmaY5QNyeCmxsyKlDdwy2pKyttsmulmcwc4zstVb7vBeIhKJPAq4xg6HYc77eqzBLZGjYfcIIa+NwfES1zeCDghaFNI5uo0UZrMUex9O9aMhjbb720kjyiT1Hv7rSyUcbA2sthw4jVjOzwV4rbb/FVaaS4BrJSMNkzs77+62Vl6kr7S1tPI7xoM5bvkgegVtZPP6jTyrfKNrT3FkjjHVuEUo/DhSp4YqiEh41NcO/dV8b6O/UzZYHM8XGQRyPYrkNwntswpLgz+T2k9FZim5IwPXXwUtPULPm7HI2217cnxGDBee2SPRec2q/Xnpe4/7MdY0ropmEsiqHbNlA4K+lg0Obra7LTwQqTqrpOzdV291tu9MJGPBAONwouHk6Om1u6Hx3rMf37M70v8Qq+yPZ4zTU0hAADXYI/6r2Gz3+gvcfi0UzXtLQ7Gdx918p3npXqT4Y1TcOkuFle7Trccvi+/stN0v1oaSWK5WWpMjPxsB59QQrbyKv0i/KLTX9v/ALn0uRlCe07YWd6S67t3UjRAcw1LRvG84JWneMhLxk5k4bXgDnCZqPCeQmJQC4KDrHo209aWp1uuTADg+FKBkxn1C+Z/iD8M7z0TUF0pbUUbnYZOwcexHZfWpAA32USrpqWshdBVwsljcMFr25BH2WbU6SGqjtZ1PH+Vt8fPMOn2j4cY+ell8SGR0bgdiCvpr4Jf2jZaU0/TvVkofSYEcdQ53mi9AfX7rBfE74OSWWF926fBkpQ4ufEG7xj/AKf5Ly2je6jna8HAJwvB+W8NDHx3LP6Z9f8Ap76j2z+bTvrtH6Y0dTRXOmbW22pbUU0jQ5kjeHApsgJ2/dfIfwc+Od16JqY7XXzOntkxAkjJ4HYj919YWS/WnqW3R3Oz1TZ4JGg44c3PZw7FfJ/LeGt0bzHlH3Dwvn6fK/b1L9DpYtW7QozXOYd1YvADjkZQJ6cOAwvOyjg9ZXLbwcin4BIUlkgIyqeV7opNJ5Umnn1NGBwlSeDQpKSLVrsjKiSiWOTxmDYcj2SiqNwCOVKAaRlCCsp4ORSsmbqYf/RDMs0MrXNdgenqor4pKSUzwEkE+ZqnMMFZFluP9QU0LCJkNUXtBxymXC30l1pnUtXHqY5VxM1K/YktU6Cra9iuFmBFleeiqNrtnUNml6B65gbUskiEUFTINnjfG/YrwyhHUPwJ6tf0p1LJLVdP3F/iUMm5+XGdiT3G/mb9t19DVlNFWReHINxu1w5B9lSX3p63fEGwy9O9RRtdUQamwvAwWHsWldHSav4p7jBbS28xMN8S/h7YPiR0tU2i8MFXQ1sethYcFm3klC/Mf4s/DK9fCXrKp6cu0LnU+ddJUjeOaMk4IPdfpJ0JfLh0Tc39CdUSAQU+llLKGbYJO+c7tOFC+PPwUt3xa6WqKCbw462L+bQVgbkxSb7g/wBLtv0XuvGeQlQ1bH8Wea814h+Rqy196Tx/c/MCOQkAI7TlSuqOl7x0Vf6npy/Urqeso3FsjHDG/r9lXxvB2X0DT6mF8FOLPkmo01lE3Ca5QdJcDgV1bU8mYNkroJymro5CMgccJJDhJEAMlaTjCCR7qSdwR7KMW4yoQYNipDCNI3UY7JzCc7FXnBDQW45gBJ3CtLc7TUtJPCpbYe2VawkAjBxutFcsHJ1UMyaPQmu8W37c4U+zbNH3VVaJPEt/hZ3AVnagGnSfVdKueUeau9xI/UWXHdR7CdwPdSb63OrdRbE4a+UUhiWaSzrRmZiv7Ecs5WfrXDxm79lcdPyhoI5ymRMtv4FtdifBbuvOuqP78fkvRLqQYW4XnfVH99+ilhWj4sQO1afAcSQrOj3Liqa3nEJVzayDHzv/AOq5+ojk9n4t4TSDTEb7qNTOPzTd0Sod/PIyo9McVLSey4WuX2HsvGyfyI1VZvSMx6KDTcKc7ekGfRQadeWujiOT39D4N38N6kirlpSdjuAvTg0A5Xj/AELUimvseeHNXsTTk5Xh/LxxLKPb+FlmrA9jTsApLOyawDTwiMByuF2d9BGt74RA0aQuxjbK65Eu8D0iNUwl2AF86/GCkFN1E1wZjW3Jx3K+j5XYxsvDvjvQBtRS1wby0g/su34W749Uv7nlfqvT/PpJY9cnlURBIdjhRbhTHwC4BFifuNlKnaHwFgGcr6NB+z4lqEU1oq3UNYyTVscAr0lnh1lMyVh2cMry+SB0biFuOka/XAIHuyRssupWeTq+I1Sr/wBKRJni8B+QrrpurMcwBdgKBdKZzfO0bcqPb6gwzNOVw9XSprB7DSW/FNSR7Vbp21UDJGcY3Vi3GBgLHdLXMHEbnbOC2MRHK8nq4bJ7T3GmmrIKRIj3ag1dO2WMtHJRo/pRBHkbrnyzFmxLJEtVsLpfKcY3JWmo6cR4e5uw2+6qqD+VUDbYq9blwyOFfzAzp3IwnxP6birLeK2NoLtWAe4HovDa+impJC1zfpOc+oX1NdKJlxoJqSRudbTj2K8G6jsz6eslgkZuwkbr0fj9VitRZ5PyOh5ckVdHKyWna9u+W/oUankw4jHKrraySCaSA/SDsphzHJqauyrE0eXtqWQ8rOCBsj0RDmugJ3I2XfDD6cTEJkB0SB3OUM3yJjHayJWRvDXNH1A5VpBV/J19vq9X8uqIgmKi1rdLnOx2TauM1nTr/D2lp5PFae+xVQXOS58I1dbTtBkp3gGKQEexB4Xyv8R7WbJ1NUQNI8KVxezAwBuvqS2VTblZIKku1yMaGPPuF458denIp6WG5QsxI1+A4Lt+IvdN2DzvltP8te5HmNkqtbTA52S3cZPZXB3wsja5vBqg4/ZauN4ewFvC97VLcfNNXXsswGHKKOUIcorRkpzMNnAePgI+A4YOCo7PpCWS05ySqAbaeUV10sYeTPSkAnct7KjMbmuLXbEdsLbRbYDhlBuNpprgzLQ2OQcOA5+6nZop1GOJGP0+64Rjup1XaqujdiRmpvZw4UI8IDpQtjZ0CLcd01PcDnK4R7I3BljV0HHZcXdPugIFy4EEHhSYK6Vhbh2Aoqa8ZIOU2uexgTqUjR0lyZJ/ePGQrBkjSMgLIRuLDkHdTaO6Ssdh52W+rUL2Y7NO3+JpsFyW7DwodLdYXANdz91PDg4AhbYWp8oyOuUO0Oa7ARMoOkOI3T2tLVojIANHKR9lJjnp+7t/sosbmcOOFJZG1wBAG/snouLwHJhdgNdkJzaaIeZp3Puo/hnOyKA5mDumReBySfoOGkJ4OOTsgiV2PpXWzNOxOCVYZJ+Yj4Lzn7JRjU7Y8qMHNPBC7q22KsmSxYx5xolAPojNircbOH6Kq+ZeNgnC4VDeHIg96RZiOsZ9Q1J+a70/ZV4udRwSii71DANs/mo5ZDjhknwqhztT2lE88eCYyfyQIb3JnzRqyhvUOkFzRnvkKlYHsRFEru8R/ROjkxjyqc250kmxa0fkiNFA/wDmAN390amWq0Qi9oxgJ0ZyQpzW0Z/CEUQUh+kJm5BKOCIHDC7gZBypvykHokKeIHIaEWURLBHDThIRuBypgjjxgBdELc5wqyElkCyLONkRkOCCWogAHZPDwOymQnE42FoGE5sQ5ylq9k7xPZTIyMUhwiaE8RNzt/km6z/T+6d4nsryH0PbG0bgfuuuaPb9ULB9U5rHHbJCJhKQ/hLxR6Lgwed10FrTknCS2MU0O1f4UxOMseMN3Q9zurJKaQ/UPVcIB7fumE47ppc71KMVK9IJjAKASMndOKjvcWAlXj9mS7URXYUnCjTVAjG4UaoukURLCcOHumUtBdrsBNEwNgPD3HAVvCOXqPIQqWUCqK7U7Q3Gr0UGWhr6l2twMcfqRytLS9PMicPlKb56sH1GMZYFqKDoaquDGSX2p+Xad/BiPCU7cHC1Pk5WdnmkdnbMdFPEZZidgO61No+GlXWaRcpvCjIyWMK9Jt/TtmtjWiipGDT+IjJKnPY0jCTba30cqzWy9FDbOkbHZmN8Cla94HLhlWgbgEcBEc3fcqPVTtp2+cj9VnnJsySnK+XJHrHhu4IGy876r6tiY40lM85GQ4g913rLrF3noaGU54e8H9gvM66vdO8lxJPfKpnW0Wkzycrq9007nkZzlRS7VklCJLySERpwlTnjg9V4/RYakE0j0XMD1ScRgoTWOcc9islkmz0EKl0jjm5OyLFD6bLsVO4kd1Z0lI7IJCo6enoGUlEX8tVpT0WCNsKTRUmB9IVlT0wbjyhLOxRRt5A01MGgeXH5oxapPhhoGENw91WUblHAHT7oFbOKeEy5GyJUVUVPGXyOAAWB6jvz6x/hQOIA90ub/QnUamOnjmXYO+3ySqkMUb++PYKlZGQ7UdyeV2KMuOp+5Uloazc74VRjk8xO+V090h0TsNw7ZQ7jX4Hgwn7lcqq1rDt2VSSZpC4bDKNL0ZNVqtq2QExpJ9cqbRwnIJH5ocEJcRsrelja0Alq0wjg5i57HU7AzGRhOmlBwwYSlmDRpa1AjBcclOjHJJz2oecnBKLoLuy6GEkbcIpAa1PhDBknLIDjO6Y3JcCAuvaS7ZEA04C0RiZ5SwPA7pwGUmgnfCccAb8q0sC3LB1oA5KHJJjsmOeXOAbn9U9jdslQoY0kndSWjI+yEAQd0YO0hMiWOaRsSEOeZsTfVBmqQztuoLpnzPOSUMpYQcVjkO6pdI7A+yJHHtqKHDFuCQpQbnAcNkn8uyNgwc5AC6G75ceER8lPC3JGCoFRVtlGmI4QyltKjyw01VFGP5ZBKoqiokfK58smx7eiJVyiP7qqqKjUSAufqL4pG+qtskySw4JL9yoj5nPyCcgcIQBOSnsByuVZa5v7TVGO0Y5zy7CKOE8NAG43XQcbAIEn2QFp90tPuiJI8EyN0ey5gJ6Wn2RKGSDNPsu6PZFw3+n90nBred0aiol5ACL0CkRRgO44QzLI12GBSqaCWRwOnnuk2SUTXpoOyWEEjiOwa3Kt7fROdu5pRbfQaWgubkjstLZ7RLWSiOJuPVYZz3cHsPGeNX5S9h7DY5ayVsccYz69h7leq2Dp6noomhrAXgbnG5KF05Y4aKnbojGrAyfUrcWq2GPFQ9u3YFLUcPJ9B8X42p7XgNarYIWB72j13/zVhLh50t7LskznYaAAnxR5IymJnsaqvjhtFFAT9QUxrd02PAGcIiGbHwQQMZp5QDylk+qSoLCEkmLmoKCZYigij1lbT0ULpZ3gAb4Qq26wUELp6hwa1vqV471p1hUXqskgoZnNjGxwUyEMnF8hr4aaD55HdadcVd6q32211D2QNJa4g8+qp6C3eAQ9zg4nk43TKC3RwYcRqJGST3PqrOPGnYYW6qGD5/qdRZqJuU2OZG1g2HPKeuZC6tcYrAliSSXQ0lCXEbrK6GnO5T2xk9kcNaBjSFBoENHouo2CuOcG8qEPHGUNzlOIqU591Z0vSdwqQ19XP4QPZq2mhvYAfkkcDutUk0fnuerk/wASipelqGE5lJl+6s4KCjpQPAhDcI52SSjPK2Uuxx4whknKIeEI8qFCXclcSUAO5KWSuJKEHpJJKBiQ8BETEYGBJiemICCXNXsk5cUCSyJcJGEiRwmAH1ULOHlcSSQBjUklwkDlQg1MT0B8jQMkqm8ESbH6h2KbJJoHHKhT1TI/xKvqaqebYOwEqVq6HwhnsnzV8bCSVXT3F0p0xcIJifK4FxyjCmDQDgJLk2aMKIMvkdyuomkAYwmhpJQNt9l4zwhmn3S0+6MIHHgIjaN70mVkY9m6jQajUSxCJFDCeF0QucVPioiN3IzYmNPGMLO9RA9Dpfpu1v8A1SAyicR/6orKUg5wprtDADhAkqYwMBuVlu1UD02j8FXTzg6ImMHIC46SONuBgqHJV5PJUR07pNskLFPVxZ3KdCorCRLmqRnbCiS1LneXCHpc4orYvULJZe5G+vSQXLAedxRGxucpLYgANkRrG9gkObfZqVMF0AEO+ot3+6IIcfh/dFGlu5GwTTW0zBg7kKs5I1GPY+NmMZHKdqjj8z9gq+e4nin/AHUV81RNs95VOOQJ3wr6J9TeI4PLG/BVRVXSpk/FsfdPFukncHDspDbfEABKAShUGIlfKXvgqw2ed2oNz67qSyjwATgFTtIiAaxgH2C46mnkxoYiVQv5oJ5bIb2Mi2xnKaCH7BuFawWguw6Y7lTo7bBGNm7qnHaNhP5eiibSTP3aNipMNE7IJGFbtpgCTowEZkDdvKhbwbKdPu5ZBgt7MAlToaSKIgsbghGijLiGtburKjt0znan4aOxKzzsOvp9L7RGhY4DGnGUfQGAOOwT6iop6UFrcl3oquoramfy5wPZZJ3N8G+NXxkuorIIoi5rsu4A91WGpmmOl52Kf4XiEEruhrcHGEvLkFwDZTZwSiGNjcEALrnADHC5HG550jcpig2SUlE6HNGAiNp31BAY3IUyjssk5a97MhX9HbqamAIblwWiuoRKeUUlLYS4hz4lbso2QNAa1oUuR7WjA2AWeu/U9BbSSZQ4jjBWqFOejFqNRCqOZsunNDB5nYA9VQ3TqaitmsNIkLfQrE3rrKtucpDJXiPtg4VMJnyYLnE5zyVrr0x5rWeae7ZWXt36nra4kMOgO9CqZz9e7v3TXSD9FGkl1nbstEaEjjX6qyzmTDvl22QPFzzumOLnrscBc7zcH3WiNSRglqHnCFqLjsneBK/gbI7YI2gEDfvunCoZGDvgq21EuDlMbDSNP943dFAjjOcgYUSWqmd9LtkMOf8AicUmdq9Guuhv8ia6rj4ZyEB80j8gnZBDSN09Z5XNmyGnjHobgpYKKWgdlzAVZch0YKIzATU8tbyhulABUHKSR0kDumumI4CjyP1HbKQODlTBN6DMNRMfKMhTKaiZAfElcCfRRYZpW/QMIwZO85JO/O6phx/ZNfXwwjDXEk+ijPraqc6W8dk+KnyBloypUVO0HOAPVBjI5OcumQxHUu3kHKM2kGxU0hoZuOFHkqoYh/MdhGosN8fkIRCPGUTLQPpxhVtRfKaM6Qcn7quqLnVTeWM4yq+MzXayEHtj2XzqqGIEyPx+ag1N+p4vKzc/dU/yVwqzqdkhTKaztYNVUFWzngzT1F81xwgNReKypIbC8tB7ITLbXVTtUkhwe5ViZLbR/SASq+rvTn5bAC0LRXVk5+ovphHN08v9EqK2UdPh1U8DT+6K+82yjb/ujf5g2BCzs1RNKSZHk5QGx55CeqTkWeVwsUpIsqq/VtUcSSHHsVGMhk3dkqPo90eGPXnZX8aM/wDKtvf3sc0c4RG7Ee6fBA6R4DBueFtemfh/XXSRskseAhwo9HU0Olu1MsVozdvttRcJGxwRl2Tg+y9M6V+GUkbhU10TQ04IyttYuirbYYW64GF5Gfz9VbPqG50tGwQSake78Z4GKxZqPyA0NBS2+IRRQtBHcBPd3JK74o3KC7VUHDQkzyj1MKFBYj0J0zj5WjJKfTU1VM7MmAEekoSw+JKM59eyPK8MAA4QDYrAhAI2+bH6oElQ2IbYPtlBqazRtk5VTUTukOxKtICdiSwSqy4OcNDFBZE6V25/Up1NA+d2w45JVpFSNhAcR29U+MUjHOe4jQUWMOHZStDWNyTgBEkkZEMYA/NZ653wAOpqc87E5UFKWCxr7tS0MfiB2s+mVla+8VNY8vJ0tPbKC7JyXOyhshmmOIoyUtvgW27HiIN5Lzlx3Umjt81WdLGZCv7P0hPVsbPK0j2IW1t1gpaGMFzASB2WSy/Yx9Whst7MhZuk3uIfJH+y1dLaaeia3yAnCsJaimpG6SA3ZQNVTcHkU7P5fr6rHdq4xX3Hd02k+OOEh8tV4bdEZG6DT0VRXzaWDbvkK3tfTrnSiWZv6rQQUTYto2BuPQLk6jXNv7GdenS5WZIo6Lp6NhzK05CtYaZkTdMceMKxZTZ3wuSPjpxkY1emVhlqJz/I211Rh0gDKRrm65xgc8pGamjaBGAT6IscVZWtDdIa3ufZSI7bFC4P05I7JMrcDlHJBipqmpfqcDj0U6Chp4t3k6lKfKIQNhhVVZci4uiphqcP3SpTcg1DBNnqYaZpBOPRVtRXz1Xkgkz+S7T0lTUNEtUeeynxUsFOPK0ZQ5L4KplvlnfqqzlTI6WlpsY8p+yPLUQxnEjw37qsqayarm8GiZqGcElQAlzVbIm4jIUMur6p2GcFSobQ4kSVLwXegU1kbY24aMYTFDPItzK9luOz6kZKNHG2IYZwu1FfDED4j/3VFX3UPy2B233V4AbLOor4Y2kOI291S1d3Bz4T98qDLNJNnVk7eqBHTOcfTKangCUh0tdVTHGrAQjC+YgkY9SprKZrBkhPBY0YwjbyDtbIcdDHy/AIRmxsj3ATZZmg4CA+XI2JUywZRwHfUNAI2UR8xdkEJulziniBw3wqA2sCS4nK5ghSdLccJaRzgKOWBihkAQhhhKnR03ibDlSYLRJkF/CXKxInx5KpsJkPlblHp7bM52Q3GVfw26OPA0DIUgx08Lcubv8AdLlekT48FVTWgEfzhlTWUlNT4IZjHcodTc4YRpjBcfRVs9XW1ZAYMBJlfwGopFjLW0sJxqH5Kuqq+WY6aYEJjaSR+7xupLKTRjyrPK/D5LwivDax399uCntpCdyMK0FOT+FEbSd+EEryYRVihH9OPzRRRgYwOFZilGPpT/ls/h/dJd3omEVjaZreGj810QAfhCsvlP8AAP1S+UP9AV/Lkp15IIhAGdIQzGO7ArE0/sEP5b7K1ZgnxFf4Q/oCDJGAPoH6qzNMfZDdSuxsAmqxoVtKvQEN0Y5Vn8o5xHlRYbY9x4TIzyT4slKKcux5U+O2eIdhhaKntrXFvl27qebfDC0EDb1T4vIOxLszMVqIIy0o8sFPA0E4aVIr7tFSSGOmIcfZU7xVV0pkm2aeydEktq6FUVsTR4dONb+wUB3zVQ7+c3Sp8dJHCctG57ogaNgey0wlgTKO4rhRZxqKTY2xZ2ClyOa0YHdRJRjfKemInAHI4OO6iye26O6KSTYNSZbZ3ZLuPsmqYmcJPhIgPl8wAC46ComwGDGfZW0VthYdThuuvMETcF2MK/lFfA+5FZDbHkh0wBG665tLT84bhGmfPKcQN2TY7Y+Qh0+cqfKi/ha6REmrCTpgchNo6uc5l4Ku4aCniGdAJRNmDYKfKg46aT/Lopf4PAMF4yUcUcUbQGgDClu8xwBugvic8I4zyM+GteiPIQ0aWgKK5srj5jsp7qYgg4/dOMIIA0oxM6l6Kt9M5xy4rnh6O3KsXQ44CDoHJamR74Mk60uyCWajuFwxAtGThGmLG7EqHNPFwHEla4dGOxKPQ4xtGds491Dme0EDZOfLUE4iGQUJ9MXbzBPSMlryCnf/AE7qBJ4sm2lWggjbwEMwtcNhhMSMk4ZKk09Qdy3ZCMB5PZWj4DnlDEBCYjJOuPsrjF7IToRucfmrTwR3GUF8YGfKmKOWZbEiv+XL9gmih0jMuPZSHStYcIL5y8EALRCD7OddOMSNLBG3OQAoMrWgnDgp00b3HzZGQg/JwjBLy8+i0xjg59s93CK88pAA88KyEMA28P8AdNdHCfpjRbWZGyKwUDR/Nfg+6KJLYNy8JSUcD9y3hNNHTY+nn3V7SlKSf2hRV2YbF+6Xi2vs4KM62UueEvkKUnABRl/JL2iT8zbO2P1TPnbaN/DafySgtNI5wDnEAq4pum7E7HiTy+41JcnguEJ2P7GkUZuluzgU8f6IMtzik8sNLj7DlegUfT1gdG1jaNr8d8bqdDarTTY8K3tz9kDmalorcfdJHlRfVuOW0bj+qZiuxvbp8f8AKvYBHbmgYt7Rj2RRNT42o24+yVvGLQr+pnjYZVHmkkH3aUiyYcwvH3avZddJt/ubM/8AImE0X4qGM/8AgCm9hw8apcxkeO/zG8tcPuuh5G2r917F/DrJWDEtHED3GkBQKrorpyqJxH4Z9Wqb2SXiJtZjJHlge93Az+a5gAklnPqvQ5/htb3/APZayRn3VVXfDW7Qt10lTDUDktad8I1PkyWeP1EP6cmNfAHbhuCgyUshGwV7U9M3umGXUUhA9AoJgqICWzRFhGxBTk0ZJaexPEotFU6KrB8rAhfzW/3jMe6uNWeyG+MO5CiwZ5UFY4QH6icpjou4cFPfTNeCQOEFtO/1wmtIzzrsj6IuXDZO8RyKac+iZ4JzjP7K9qFvcuzrHNHICnU9wq4WhsVQ9o7AFVzmuynt1MHqieUSFko9GxoOsXkMirYy4gY1g9loKS5UNWAaWraH+hOCF5kJTkbI8TyN2kj7FX8jRpjqH7PZrb1bfLWQ2o/3um/pcMkD2WttXV/T90Gl83ysp/C7jK8JoOq7pQtbHrEsY7P3K0NN1LYbkGtqgKWc98Y3TVI0V3rJ7e2ASMzDIx7HDYtOxVPW9Pt8T5imLqebkOjOFi7Verra8SUVZ8zAeBqzstnb+sqWqa2OqjLHnnIwE9SHOSl0Rp7jVQs+UvdG2shO2sjdU1f0ZR1rTU2Gs0v58F2y2+mhr2fy3MdnsVUV/Tz2O8WjeYnDcb7JsLMGPV6SrVQ22I87FXW26V9JXRkhp0uY8bKvunRVFcg642GXwnu3dFnh3fZb+pnnwYL9QMqYgMB4b5mj7qlqLVCHfM2SqLSd/DJwQtcZKSPJarxEtP8Ai2zyetiutmmLKuF47Z7FSqa4RzNAD8O/Reg1cNJc4XUV9o3A9pGjcLH3z4eVtAPm7PUCpi5DQfMAr3bGc11tcE+zdS1Fvdpnc6aI9ickfZbChvFFXsDoH792nkLxyG5vpnmGsJY5pwQRwrihub2kSUcrQfunRtT6YmVMj1J8DJdy0H/RSbffJ6B/ylfl1NJs17fqZ+ax9o6qcNLK1p9MjhaIltQ3UACHfmnKwy26aNkWmjdW25VNrljq7TP5D9QJyHD3Xodp6jtfUDflaljBLgBzXdyvB6W41lqeXQnVEfrjO+3qForddKSvAqKGoIlbgkNOHAq8o89qvGTh0etPpK23SF9uk1QE5MLzkD7ZUqnrIqhwjDgH+ndYywdcmD/db05zoxs1w5C181HS3CJtXRyBr3DVHLGf8005Dg4cE2elimjMdRE17HDBa4ZyF5B1p8Jqiy1EnUHw/Iha5xdNbSctd/8AS/32XpDLtV27+XfGhrScRyt3B+/oriFwmY2SMgtcMgjhQuq2dP49f+R899OdXzzTscHOpqyndgtJwWu7jC916H+J0Vxay33uZragjS12PqWT+Ivwtpb/AAm89PtFJdYAXNfz4h7545wvJaS7VtBcZLNe6d1JW050kk4DiO4UNsqq9VDdV2fYpLXYLe4yhPOleQdDfEyaF8dvu02sbNZITvj0K9aiqYayFs8Lw5rhnZAcq2qVUsSOyHIzwobnuJU130lQ3sdqOygvA3AflrgCDyCvKfiV8EaW6PkvnS0fy9Q7Mk8OMsPqR6fZeq507rhncRg8JGo00NRHbJD9PqrtLPfS8M+ONNZbqt9FVwujlhdgg8hekfDj4p3vo65xVNDPhhw2aMnIlbng+43/AFXpfxB+HFr6wozKYhHWRAujkbtuvnq8WO8dK17qS507oyw4Duzl4fyvhEk9qyj619M/VEbZJzltsR999G9Y2jre0x3C3TsFQGgzU+d2FXun3/ZfB/Q3XN76ZrmXG11GJGHI8xGF9dfDj4o2zrukZTytNLcmsy6NxGmT3afX2XyjzHgJ0/6kD7x4T6hqvgo2vk1s9NFJ9Q3KpKl89skBcC5mcD7LQEAuOFHqaaKojMUrQ5p9l4+dbiz2dVn6IkU5cGuwPVWEU+WgFZeolqLHOGTgvpnHZ/8AT7K3gnjmY2WJ4c0jIISzQsSRalwcMbKOYpaN/wAxBktz5mobZHEjKnRytLQ13dMJyjuplZDlhGcfoorC+nf4bhuCpRha3+ZT7O9PVdcyOob5gA5UC2mjsNRqG6e9pD2VEONbDn7j0UBgMUmk52UqKbYBHGWGC4ezP/ETo5nVtodXW1gZcaYF0ZO2/oVm+kupTJTGy3WJ8c9L/KfrGDge3ovTYXBnsDysd1t0n4s0d+tUeiqjGXBvDwurotY638cumZrIe12eC/2r/wCz1S/E7pl/WXSjMdQ2yINaS7zVULR9AGPrbvp9dRX51zNqaOofS1EJY+I6SD6r9ebNeWPa6GZvlPlliPY+oXyv/bV/sy+D43xf6GpWSRFrpbzBAzsMEzNxzjfV+S974TyPwP45vj0eD+p/CfyV/Jr/ACS6/Z8ZxSk4Uhrs9lXxPAcApUbwQvdwuTSaPl04NPBKantyHDZAG6JqWuExWMEhpGkbhOUUE55R2uAGCUwAKeFFPKlHhRiDlQgNObyE1dacHKprJM4Ra2l58YAjGyt4yc5zwqKgeGzNPCuojg+qdW8GG5Zlk2XT9UDH4ZPIWgpn+G8OzysVYajRUaS7AK1zeA7OMLpUvKPM6qvbNodeTqa5w4IVfYXHXz3U6vBNNnkqvsxDZAD6p0iQx8bRbV5PitOVa2B3l5VZccOaSO2FMsDsDTk5RxZju/A0VaSYt1591X/ftXoFZ/dYXn/Vm0wKuzoHR/7iIdv/ALg/ZWlqeQ3SCqahmHgOGPZWFolxK4FYL+j1fj57ZtEqYnxnbpRbPBzvkJs7wJne6Y7fgrg6/wDA9r4+z7zXMHiUYx3aq6E6agxKyoBrtrSecKrcdFcD2XlbnmDPoGmlugi6sdSaS9UzycDOCV7pBl8bHjgtBXz7rwQ8HBHdfQHT8oq7PTTHktH+S8r5irMFI9d4W1qWwmsOcKTCOChDlSIuF5ZdnrFwGaABgLq41dVMcnwMlbqXmfxptbKnpkzkeeJxII7BenkZWU+I9EKrpesYRnETitmhs+PUQl/c5nlafn004/2PlNvIKnQ4ewAkcKC7yOLDy3ZGp3DVjUvrFK3JNH5+1axJoBcIgCS0dkTpq4fJ14a47FSaiDxG/kqAOdFUagcEOQ3JbcCtPZ8c1JnsbWR1tHlu5LchZwtMFQWvGNJVl0pO+aiw92cNCfeKBxd8xGPcrhXpo93pZ/LBSRY2CvMUjWl3B2Xp1qqRVQtdnfC8XopiG8bheg9J3Zrmsjc8enK895HTZ+9Hr/GarMVBm6Y3blFaUKENc0EHYooGF525YPRQfIaPZ2odlf0DmzQgHkKgj5wrS1yeFMMnYrLzk0YWCwlYWkDC85+Idmb43zcTMHGXL1CaIOAcAqTqG2tuFvkwzztBP3C6GkucJo5mrpU4M8EloNM/iBuMhDlgyc6f3WmqaHDiA0YBIVVUUz4yQW8L0leoyeR1mix98EQaSQmN9Oeeye1ukqMwlk+Qe6mPZnBC2KeTiSrYGuJe3PsplgZT1dPNQSjzOBwokzSBjGU+z1DKO4tdIPK44+yOLFTXA7oCqEVXc7DU7GKdzowT9QQut7Sy52aspZIw5zQSzPYoXUIf011/Q19P5aWtaMH1PfK0dzayXW0t2kyf1WzT2fHNSRy9ZHMdjPjqohnobhLSysw6N5Cv7ZVa4hGeQp3xPtE1qvz53sGiQncBZy31Wlw919A0Wo+SCkfNvJadqxmoYc7qQzG2RlQaNwlYCFMaF0U88nBujh4Dog5Q09QUGZjHCM1R2orVaTA4CFjXjS8Aj3VLcumy9zp6JzRq3LD/AKK80+6I0e6LAUbnW+Dz+alnhfplic0j2Q9PuvQnUkE396wO/JVld0xTzAvpyGvPbsicvRsr1i/qMhp900s75VpUWW4QF38kuDeSAoTo3DILd1Sjkf8AyIT6IpbjumqUWAn0XPCxvhRxaGxnkFgpAEFP0j0SwEvlDeEdY4g5B3Cm090ni8rnZaoSSbG2cX9oqyCmjR0d4gfjW7BVsyeGYDwzlYVuxyDurKirquPHlc5o9At1Goln7jFOlI18TGk5OEbXowAFQ0l5ZIdOrzKzgqxLwOF1ITUlwZJQlBk9sgcRspcbWOxuMqvbMDgYRQ7UMgrQssOFv7LBsMZHOU7+H+Jjw2KG2VzMYUiK4zxHY7IzVGcGF/g7iAdG/wB1w2mo4BGEVt2IwZlIbd4NstKg+EaX2RP4TULhtU4GdlYi6U5G+BldbWwE5DlA3Ct9Iqv4fUA/SniimGMtxjurhtTG/wDJE1sIGDj8lC1CC6RTtonDfR+6I2kdp4wrPyc6QujT/SoU/wCxWikdn0UuOld5dz+qlCNh7IoaOVWReWmDDHMG6KJXMwMZTtk/yo8sNTzwcbUvOMhSA7IzhA0j0T85U+RhPAYPOU/UQMkfuo6fkqfIUEEhP4U8EZQmZOUoyc5J4UVmRgcSeyID3UdsozjCKN0zcGP8Qei74vshro5VpgSntHeK7OwTw6YjeTb7JrQBg4RRIwfhTED8g3S/uP3S0O9EXV7JZP8ASUOGR3Y7BgegXQfQJ7iADqUSSZrThnmPYZV4x2Z7tZCK5ZIA3Qp3DnIRKK3X28y/L2yjke/jyjOFfUHw1hpZRU9UXoBpGfAp8ud+fohdkYdnI1Xl4Q4Rkpa0sBDG5PCnUnSPVF2YKiSM0dMRkSSjAI9lvGRU1qDGdHWCMPHFZVN1Efl/6oUvTFZe5Pmeo7nNUk7mEHEY/JBK7PRwtR5Sdv8AgyVvsPT9JUj5CCW6VhH1vbmH75WrpemKq4v8S6VRjY4D+TFs0K9obfRULGw0lOyNreA0YU0hpHCXK1s5dupnLoj0VrorZEGUcYaT9R7lOnGSPVOcTqO5TTvygy2Z5WSfY1vdMOwyUQuaBknZQLncaemiD3OzztlBOWAYpzeGMr62KmjMkjgAPfleZ9W9Wvme+KKU5Poo/V3Vz5nvhil34GDwvNbncHzSYDy71OUOcna0Wiy8sNcLm6Rzmtdkk7lQNZkOSg7uOSERoI5S5zSPTaPRbmkg2NAGRyuHnfZI7c7pzQH4JWWcz0tFCgtqONDnFSIo+E6OAuxsrGmpfpw1LOpRpmxtLS5Iy1XNFSgEHTjZPo6TYHQrenpgAMtUO1ptNjkDFBpGzUXTpGFJ8LA4Qy053QyeEdGMElgR3GFDqp4adp8V2EasrIqOEyyuxjgeq87v9+lqpXRRP2PdJbMuq1UdNHLA3+/vqpXRRP2BI2KowSXZPJXNBO57pwacqjy19srp75MKAAMqPV1ALNIKdPUCNmAFVuL5H84RpZ4MV1qisDJQ97991JpockZCUcWe2fzVhSxDI8qdGODD28sUFOG42RpXaAGtRHBrG4CGyJ0rlqjHIuyeBoa55BKlRwgY2RoaXABcEOomDSGxnjutEYpGac2PIDGqO5xf9k3XI/6iigaeyPsRKWBYxyE5o1FIAkp+QwZwmYAHgBjd1FlkL3aQNk90urYArkTd8kKAiiZwXd0dvlTXMJII7J+oNG6hB7gAM+ihVVUBsFyprWgED7BVx1zOzlSUv0MhH2wrpHSuR6eAly5BTuxkqRqEPAz7IVzyXOXpBmxhoHZcmkGA1qjvqC4jsoVVXeCMg5IQWcErg5MNO8O8ziAqWqrSHFkLgAO6DV3SWQ4JwAoLiXHnC4+r1n9EDdRVFcsK+WZ5Je/KGOUsFPHKwN78ZNfEegjWNxnC6WgcBJnC65RcFo6uHhNSTEKOEHKQByn4CRAwrLOjGMEhdyB3QTzyu4ciU8FpZEXYSAc84AwiRU5cd1YQU7W42S5yyaadO7ZJAqOhMpDnDhXVvp2tOkDCFTNEYwGZzstNY7GJ8S1G2eB3WO55PTeO8Y1LhDrRa5a6XRGMY5K9L6dstPRwNIZvjc9yVW2C1QwvIijwTsV6Z090+XBk8zMNbwClQie/8V46TSJVktLQ1ssrPKN8K9IyAAMAcLpHhgNA2T4mE8hVM9xTp40xSigUUWTuFL0DAA2wk1gaMBOQmkSSSWcKtyYzIkzxD6LhcByhiQOJGlWVOzaG1Ag52UKtrYKGB007wAO3qnVE4HA3xwvJOq+p5rrUOpqeQ+A0kEg7H7Jlccs43kvJR0kcsF1j1bU3ipfSUshEbTgkKhpaIHd+xRY42cuaF2WqYwANC2Qjjo+farUSvnvkya0NY0D0CeCNxlVzKgu4R4mySH0WqEcmVNslajn1RGku7LkUJOMhGiiwc44T4xyMwxNZ3IRmsGEgA3f0Sc8EHCk44IkIkN25XAS7cDhM0ue4YR8iJoJHCAcoZOtGkYxlVtdViOTSCFOkdUP8sLcbKO21RvOurbqce4Kg1VsrTwo+XA8KQuYC1NZPzQDwUkby4QTyltYIJJJJUGMSSSUIJJJJQgkkklCCSTElCCSSSUIJcLhjlcLgRhDAPqglLBDhJyuJJJMpZIJNTiQEN72sGXFQZhjkOQj1Qn1sTAdSgT1omOI8oZSyXGOSW+qiiB1Hsq6prRLtGuFr5TnCLHRY3clWT45NNdbfSITg6R2XbpwiOOP3VkKEkZwiR0BfwscrcPk6Gm8bqNVLbXErWRjchqe6N5xkYVvFbgPwqSLc1oDtOEqepUej0FH0vbN4sKRlG9w3aRlFit2HA4Vx4UUY3GMKLNW0kGRqyVjs1U2+z03j/pamnDksgRRBnbKc2JrBnSo813A/uD+qgzV1VMcB2Fku1Oez1NPjoQ6WCxmkYwYHZV89UQfKmBlS/eQkgp4pDyXLK736NcNJGBHNTMdjumlsjhupgp2A8Bdf4bBu3P5pMpOXY1VKJWmB+SkKYg5KlOkY08IDq2HdozlL25K4idbENtuEtTR6ZCjyVMmf5bdih+HPNu0Ivhm/QqV8YkmSsjZsSgOrHu+ggJ8VBk5nAKOyjgZw1Mjp/wDmM1mql/SQy6rdw7IK6KVx3ccFTmta3Zowu4HomLTSf4mO3WbfzZEbSDCc2FrTwpKc2InlOhorDl3eXqr6YAMOAAMfmnMp3PcO2VIbBpIyP3UlgawDATloZds51nm1N4gAZQA4JH7qTHThg8uE4TD+ldDs8FItqVUTboLLNZLGDoY0JacJyWCeAubOeT3Wm0ihFJDDg7YUqlo3zHduxShp2NAfKNylLcDEdEGwHdY7rccHY0+n2YlIsWRUdANUmMlQay6GY6IchoUJ8kkh1OcTn3TRsszk2bFLH4jna5Han7ld0ADhIvAHCYXuOwGVSi2W5fsQOCdk06nuDQN1Ip6KqncMRkAq5o7aKZuudgyU6uvkTOz9FfQWp85zKzAVvS0FPSnLWgn1RDK2MaQAB7qnunUdDb251l8mM6WrXCoyX6mFa3TeEaRpaxp4AVNX9UW226/EmDi3j3WIvHWtdVReDTAxDfJWcke6bd7iT7nK116ds83rfPRWYUcmgvnW1XcJHsonuYx2xJ7rNFz3ZL3lxPqU0NDdspj5dHAytldG08rqNbbdLdYx5Y3OeEx7gwbbofimU4HZEZFn6u60xijFPVxXQMSukOAEWKklk3HCNE2mjbl2AU2SuaPLDv6qpYQMZW3SwhzYWsPnIymumDNgFHfI95ySutweSlTtwdSnSpfkPM7jsm4J3XF0Dus8puRtrpjF8HcBdxhPH0hNLggwalFHcD0SJwuOqRuFHdMDtlDkvKQUvA7hDNR2wo7sk5ymjUTwqB384DmYlBMjvRFZSudggKXFRnbYBGMhByIDY3u4ClR0z9naVPZSN28oUtkDGAa27KdmmNHtlfT0wdtjJCmx04I3GF2WroaZp0/UqyW8SvJbC/OPZC1uLlOur2WrRDDvK8NwolTdaeAERnUVVOlnqz53ZThRySkAMyExRxyZp3zfEDs13qZgWswMhQmwXCpeTICc8K0jpKWMBzxuFyS400I0sdujWfRjtksbrZEeGzA4dUjAHspZFspMEOGe+VXVN4mcNLXbFVU7nuOSTk7p0KHP8jm3+Up07xUsv9l7Pe2xjTTkKoqrnVzkgv2KiOBPCanRojHo4t3k9RdxJnHF7zlxP6rmnHZEwEsBMdajwY3Jy5Y1dantGoqRDCw+ZzVa6Dqqc3n0DhhMjsYVtbbLNWysp4Bqe/gK46X6Mul+mjFFT+Rx+ojbC9w6S6BtvTsAlmbHNUO3LiPpSLJYPY+I8BLU4lJfb+zK9HfCzwXxVVyhAawZ3HK9DAt1sYI4mMYG7bBNr7qY3GCnOw2JVU4ve/U85ys8pZPpGi0NGkhtrRKkrJZpHSOPkPBUczt/DvnlNe0uZgdlJoLXPOPEd5Akb2mdJROU0UlTKGgbDkq0bRQ07QQd/fuuvfBSwhkfI29yVElqZJPrdsqb3BvhBpagFxDOAoFRU52Q5al2otjO3qgwU01ZKGAHCOMcmeywbI4zHAIKNSWuTUHzDYq0pbMyBwllb9KdcLpR0UJkdIHOGwaOSVbeDLOeewUkENLD4gbgtVLcL5A1mlh3+6rbj1DU1cj42NLQfdVjg6TAxv7o8oDDlwg1TX1FSceIQ32KiRwOmcADz3U+js1bWyBkUZI7n0WvtHS8cTWOeweXkkJM7YwWWFXpZzfJnLZ01NUEGRpwD32Wrs3S8dO8SSMAA9VeQ0MMAbpb9IXamvipxpc4NIWG7V54idXTaLY8tBNDYGHYNAChG4M1FsZ1IdPDdrvNpa0Mpxw4nlaa29PUtOA6QBx77LjX67azsU0vpFPR9PyVp+YrnHS/cNx2WgobbBTMDYY2tA9Ap3hDAaBsOEQQOaASFxr9RK2WWb6accggwBEaxgBLjjHdBnmZC36gXdh3RKWkqqlgfUO0xn8Pqs/yo1YI0k08jtFGM42JR6a1YxNUEPkKtIoIqVnkYAFBqrnHEdLBk9lTlksksa2FmxwAq2uuUfERyR6JZrq8eH9EZ5PqpFNQQUx1BoLjyULYcW0QYKWtuDWvqHaY/wClT4bdBT4LQMjupJc1gAA2Vdcro2lk8L8XbCtPJeSQ/SzdzgAqye7CSQwUkDpnj+ndOp6G63PDqkCKI8gnkKzo7XS0JzEwA+uEwXKWSuprJU1eJq8hudw3OcKwbRMpWhsbR+Q5UqaobAMuO6z11vrmOIj3xycq0AWNRUiBpJ4WfuN9/BEPvuq6ruVVUO2ecFQ/Cc8guKfGPAASoq5Kl+p4TGAv2IwpEVNtktSkaGnACIgNkWOQikNjAO32QzIwDJPCjTVbeGHOFBbx7JE1QANsKHLUnBGEJ0jnnBRI6ZzsOzyjyECMj3u4RmU7uSjxU4Z2RQzsglNRKUcgWxtbwETQDgKQykkeRpGxUyKjY3BcNwlSvSL+Mrm0j38NUumtWreUDf8AZT4mRtBwBsgVFxhacF2ANkiy7JNoeChp4xswErk0sNM3LnYVXPdp5Dop2HHqhinqajDpng57eiRK3ISeA1ReSHYpxkquL7nXVB8Q4aeFcU1mb9RDVNZREEYAASZ24DUclHFQvOzxn3U6mogzYK0bRtH4d/uiilDTnCXK3KI44K75M84/dPFIQcq0FNtxn3TxTeyzysyWoFWKbAxpThAfRWgpwPwrogH9KHcWq8ld4A7t/ddEIBzp/dWYpsfg/dI04/oVbiOtorxT4/D+64Yf8KnfLHsNkvBI4Z+6JMHaV5hHqh+A31/ZWRh32KYID3P7JqbZMFaacdgnMo8nhWbKMHkqdT0LcZwE1Jsm1FLFbm5GQFYRW2Jo1FowOVJq56O3Ra53tB7D1WYr7/U3F4pbc10bPxvPotEIsGWIk643e127DW+d/o1Z6qrrhdHO0OdHCeyfHamsk8V7tZPqpbGtY0MwBhaYIzSW4qYrYyM6tOXepKM2PSNwprg0HZRJJQMgBOS4B+PAB+BvhRJJBjACmiN0mRjYpMtjS7OEzKyDtbKmTVK7AR46HXh0myt20MEQDtIyEOR8DRudOPQI/laL+L2Qm0scZyQmy1LWDZPeZql38lmWdnI0NrGzpTur+Uv42uCqeamZ2mJuycy2vJDpufsrxlG2NvlACYQDyi+RgLT5eWVrKER8ABdkaA0eylytJA0oIhc44cFPkZezb0ROTgBMfAX7cKybSMaMtblO8DJBwmJ5BZV/J9yuCADluMK0kia0b8BVlTX0tPkSH7D1WiCbM85KAJ8KDUPZHjUQo1TdJn/9niJBUXw6mcapTse2VoUPZjstUugk1fTs8o3OFCfUTSf3bNlKbQwDcjJCa5jWbDATYmKeZdkN0Uj93nBQ/AA2wp+gngJvh45WqtGSxMgiLTlrQmuidjcfup/hj0TC3C1JGaXBB8NBI3Iwp7mtbnVsFBqa6hpW6u/plOhHJivtUewZjIKFMxsTNTnDCiVN51ginGn1VW+onlcTJImwrbOZdq4LpkypuMEZLWnJwq2etmmOM4BTTjOSutiDsY/VaoVYOXfqJS4TBnXkEnOU4A44R/BbjcJxfFEPNytEYYMM555ZFcXH6gh6d0aWpYD5WhRJZ9saU2McmZ2YCkt33CCZsbYQDO4lNzlpKbtSQiUsh3zgDhAM540hDcTq5XRwlNAOZ35hy4Zj6Jp4Qi3fhRcFb8hvnH9sp7a6oxsVEGy74rf6UMobhMrHF8FzSdS19IRocSB6lXtH19C0D5ul3HcFYrxW+i4XAnOlB8QyvWWVPKZ65b+qbJWRtzLHG49nBXlK6llAkYYi0jY7LwxpA9lYUl8uVK0Miq5A1vA1FL+M6+n80oL/AFEe4QxU2caYv2RHUtI7bw4j+QXmFr670uDLi0kcZb2WvtvUVqr2tNNVtzjhxwVXxnb03kdNdHKL4Wqkk38JufZcFkjHDAM8IEc9Qd45AW9lIbW1GMFyW44OjCVcuUgbrLJnIwR6YSFt0b+Fg+oKkR1kxOC5SRUAjzHChojjHCK40TDsWk/dR6ix26sAZVUkcjRnAI4V0ySkOxl3PbC6+nafp790XJbrhZxJZMZcOgLFWQ+HFEYj2cFnq/4XaGgUdTk+pC9UFICM/wCqC+AtKpNmO3xtFvccf4PCbp0VfLUXOqKRzox+JoyFSmlfE4h40r6RdC5w339MquqOnLNWHXW2+Nz98kDGUXzYOfd9P55rZ89lke/mCD4QXsV3+EtnrnOmtznwSHcNzssjcPhX1JRhzqYMmDeBlRXnG1Xhb6nlxyYZ8QJ2CcWYUust9ztUhjudvkiI2zjZRRNG84bt909XI5V2m+PhrA3QBxsu8IwaCAQOfdcMbsbA/oic0zK62uhuQuFoPPZMeHMIT2yb5worMC/uROob1cbW4GCYlo/CTstRZ+vKeZ4Zco9Hq4DhYzWH7acLggAPHKarhkbJpntluu1LPpmtlcHDGRh2/wCi0lPfJsNZVNB9188U7quje2emnfG5vGl3+i1ll67qYS1l4BmA21jlOhblmqFyawz2kmkrWb6SPQqrqumIpsy0rtDuRjuqe0dVW2ua0QTDftncK8jr6qIh9PI10X9Dtj+RWqNnAaipGXuVurKZ3+8McQDsfVRGzui+g/cL0ZtXRVcXg1QaxxHD28/mqm79G008QntxEbyM4P0lOjPPZyNf4hzi51I8/vHTFi6jhwImU1T3kDcZP3Xn136VvfTEvjRxGeAnBc3cL1Genmo5XQVEZY5hxgjlNbVh7TDM0PYdi124wjzjlHmZVWVcTR5ZR3mOU+G86HcEOV/brrX0eH09QXs/occhWl9+Hdru7fmbLK2jqgclrh5H+3ssTNDfOm6gx3Kjf4YONY3afsUyFvImVWeUeoWu/Uty/lPHhTAbh2wP2Vg2JkL/ABYS6KTkOYcFeZ2+5UtaMxPDXffdaSi6jmo2NhrWmRo2Eg9PdaIvcJlGM/tkj0GiusdWBDUtAmA57OV3aepbtZ5QIZS+HP8AduPA9lhaaqiqY2zQvDsjY5VhS3CUODKp4cDs1w/1WiMsI4us8WpPdWe1WnqK29QRGHA8XGXRSgEH7Jz6a62gmotL3SgnenJy0D2XlNPO6Nwlglc0j8TTgraWLrcxNbT1jnHG2opkVk4N2isrfRubXfqatjAkIhmGzoycEH7Kq666BtnXVAKeoxDUR+aKoY3zNPv7eydPSUV5hbUwkMmAy2Vmx/PHK5R3+qs0zaW7OBids2X/AKo3HBjrnOiWY8M8DqWXrou7ix32CQlh8k44c3sV6X0P8RprXKA+Yz0zsBzNXHuFvb/03ZusLY6mrI2yRvGWuaR/mvBL10tePhxX/wC94qaCUkMlYc6R2ylYZ0IyhrV96+5H1Pab3RXinFRSvOhw4PIUh7W8hfPXRPXj7ZKHwz+LCT5mZ7L22zdQUl3pWVEMgIcOM8KGC2jYywlB7KNu0+6lnBGUCVueB3UMrWBpGFS9T9K2fqekdT3GnBkI8sgG7VdvcGjdB8TVthJsqU1hh12Op7o9/s+Zur+ibz0LcXU1QXPh1eWZrcNPspnT/UVfb3skjncwgjBBIIK+g7paaC80xpLhAJGEHHqD6grwvrDoev6VrXTQRuloHnOsDOj0Xk/LeH+xyr9n0j6Y+qZRnGnVPn9n0h8OPjFRX6CKjvlQ1tYQGiQnGv7+69R16xkdl8KWm6SU+l0Z3G7T3Xunw6+LFTSQx017frhIDWuzwvkfmfAY/wBSs/QfhfqSueKrGe31dJDVwugnYHNcMbhZOR1V0xVCN+qSkefKf6VpqC70typm1VLI17HDOx4Tq2kp6+B1PURhzXD9F4W6Dg+T3tM1PlA6SqgqoWVEDg5pHqpYcRj2WK/33pOt0nMlA87d9C1VJVw1UIngcHNcM7FKxg0NZLKKbSd8KQ0tfuMKrBJ/JSIZtOEfYDgFqGAnUOSECN5a9STI14wdlGkiPICsvJLa8PbsRnCLDKJIxDUDW0KujeWHCkxuxv6q4troXOKaMR1PYHWW4G6xOzTSnJ0jj7qb05drdVH+C3uFs1DVtLS14y0Aha2eKnq6d1NUxh8bxggrz69Wd1rq3RRZMXMee3suxodW01CxmOypSPhL+2F/ZkqPg51V/tH0xC6Xpe7DxInNbkUz/wDuyffO32K+dYXnYFfsN8lYPip0bWfDPrpgljqo8Fzz9Q349Hj8P3K/Mb+0B8CL98DOtpbPXAvt1SXSUFRyJYs7Z9wvovhPK/I/jsZ8x+pvCxpk76VhezzwHbcp6jtcMjdEacjnK9nCWTwUo5JOpEB7KMiA4WiMsi+iQ1wxuRlccG4JGMoW6WT6poAjzskkkoUyVC7Q4EK9j3jz7BZ5pxur2CRskGR3ATF2ZL/RYUz3RPEgK3FFIZaJpdu4gLBQgnknZbOzzsmpGsadxsVuplhHE10OWy0qC19Gd+Bgqnt7tNRpzhWXDHsPdUsbtFwI7J7kYYReDRz+Zoz6KRZHYqC3IAUZx8v5Ltqdpq9yjizPZ00a+Uamj0wsB1Y3+byt82XLRt2WG6syZDt3TJvKF6VYtRnqRxax33VhQT6JT6qsp385HdHidmsBzgFYLnuPR6SWyWS2mlDpNQXWvyPVR5nYI2XWyADdcTXx+zg9j4y7dYkbiynxaEDCh10Ph1WyL0zN4lIcdgn3SIZ8QjjheTt/5T6RpPwRFmLhTuwd17V8NbkKzp+Ma9To8NI9F4iH6mluOy9M+D1axzJ7a0fzM6vyXB8pDdQ3+j0fi7fj1Ec+z1KPcqUzhRmAg78qVFwV4rOEe5T5yOAwupw35XRs4YS9/I5dDdJ9FBu8LZ6GWJ7Q5rmEEHurTAI4QJY9eG4zlOqnsmpA2wVkHH9nxhf6V1Deqqn/AKHkfuosUha4FbD4pWo0PV1aPB0Bzy777rGatyMcL654q5X6dSPz15yh6bW2Q/uWkc/iMAIyqSvp3RzEluxOcqfSSBrgCEe4QiaAADdbLoZRyIPcF6TvFRS1IhdL5OwJXpkgZVUYkYPqGV4tSyupqlrgcYK9a6XuLayibGTvjZcbV1JcnsPDajdHYyrMfguIxyVa2OrEVSNRxnhcvlD4QFRG3buFVxTEHZcbU1qcdp6vTWfFLKParJXiopm75I2KumtyAfVeadJXctLGvd/hIXplLplia9hyCF5LWUuMmet0t8bopoJG3vlSqeTwyHac491HZs4D1RxHqXOaxydBdGipZjPAHnvsnCNpyCNjsR6qHapNQEGFNkboI3xhSE+Rc45PNOpLKKKvka0YY8lzVm6ui1bH0XqPVlvNVCKgN+nZYSamyRsu1ptRjlnG1NHPB5/UUr4ajBHBUhoJwVcXehw4nSN+FVMaWdvZdqqxTjk8tqtNKqbbRyWMFowFVPfokyOQdlfNZ6jKqbjT+DKXAeV26dGRzra8In9WUjb10nDcWeaotx1AjkcItiqheenYaovzKwaH452T+mZmVVPU2mcgsnYW4KzfSUslku9X0/Vu0tDzgHhPrfJzdXFSe5GZ+LdgFwtbqgRZfGCc/ZeEsldAcHkbFfU/UdGyshmp3jIcC3C+Yb1bp7Xc6ihqB54nnO3IzsV7bxFyde1nhPK1Ys3F3Za5rmiNxGXK7bvwsHSVLoJA4E4BWvt1wiqIxp5K9FVI8rq6tv3FinjlDByMog5Wk576JI4RByhjhEHKYksGdsMHbcJ+r2QhwjsBzsrUEyjur2Tmk5wujhdV7EDJ4HgB7cEbKPJa6N5yYxv7KU1p3OEXRuBwqSxwUrNvRn5+lKWd+pjtOeygVXRtwjcflsSNW1jjaOQjsOB7JmzIS1tkDzCpsNypBqlp349cKIaSoHMTv0XrmgvPmaHffdHjpKaRo1U8f/lCF07go+TkvyR462iqXHAhcT9lNpem7pV7NpXEfZesNoKeM5bTRtPs0KVFC1mNLAM+iZHT45Kn5SWODC2n4esjxPXObqIzpHZamjsNupmCMUrT65HKty0ZGG7ohj2wBhNrqSOddrrbfZRXHo+x3AEw0rad54dHsVRVnw+uVOwS2upMjx2JxkLdMYWlS4iQAAFpgtvQFersr7eTyaQXq3v019sm0t21BpR4rnTubu7B9CvWHNbI0h7A4ehGVVVXRXT1yaRU0YjceTHtumwunH2PXkIL80YaOobJjTg59FIY7O+FbVfwrlY/VaboW+jZHfsqmo6R60tzg11vfMDnBZwQtC1C6kaoaiqa+2RIika7YtCK8tdjBCon1lZQv03CgniGcai3upcVfTuaHCQJ0ba37C329xeSybFGfqb+aJHSjlp/LKhMrIzkhw/JHZWxE414R/awlqLY9k1kVQPpbkfdFDagDGn90KnqmEgB+VJMoODn91bjgZHXTQzRUe/6ojXVAGC0p7HjjIP5o8ZHdAxv8yXsEJJwc4Kc2efu0p4cD/8ANRQ1vY/upgn8xoa2Z55CKCTukGsHYIhliYPPgKYYz+WkuRNPqnNdEf8Aib+mFHfX0jP+IP1QZL3bW8ygforwyfzosstjwiEjkKnbf6AZ/mfui/7QW/8A7w/qphgf8QgmWgBzzlE0A9sqpHUVADnUf1RB1HQ8av3USYqfkix0+/7IjVV/7RUXum/7T2/+mQpiiwX5CTXBbkgcnCXPCopOq6fIbDRvkJ4yEelqbzcpRFb7XOXHsAiyo9mafkZR5ZdNxvnCbJUQxfW8D7Kwofh71dXxiSr00kffWVfW/wCF9npXNmu93fKRvojOcoZWwj7EWeZ2dGN/idM46Y5AXdgFJoYeo7iXC30L5g3nQM4zxn9F6RS2Dpegl8Wks7ZHY2c9WrqyuMYijaIY+wb6Kv5Cxwc2/wAxZZwjDUHw2u1a0S3S6wUWoZwfMftgFX9t6W6Ztbm6qR1wnbt4khw38grhrHyY1nP3TmxNHbCTK2Uuzn2ay2ztnGwCQaAfBp+0UQ0hO+TpQdQj39SigADAXULeRDbfZwNa0aWjAXHNGOE5cPCoXuYPGNkLJxjsinlByrQIk158uy6SADkqhvF/jtrC4uH2KqUsDa63J8Eq5XeC3xGScj0A7leUdX9Yhwkjinx64/yVd1X1rLVSvYyQkn0OwWDqJpqiUySPyD2QT5OxotFiW+aDV1c+d5w8nPJUTGcZ7LgO+wTxylSkkeh0+m3vg6GgBPA9Em8booB4WayR6bSadJLAxrCVKgpi4jGy7TQ6zwrWjo3ahsg3Hb0+mcmNpaJzsDSrmit+ADjhHoKFoaCWjZWcEIaRhuFDuabS7QVNShmNlLa0N4RmxDSPKuhvuo3g6EK1FAlEraqCihMsrsY/dGuNdT26AyzvAGNh6ry7qPqOa4TPiilIH34Wec8mXVamGljlneoeqJa2d8ULtgSNjwqEOycncpgG+e6expyqPH3Xy1E3KQRga4b7JlRI2McJ0jxEMZVdUzmQ7BHGOezJbbhYGzzlzsDdKJgcQmNYXcqdSwEeYhPjHBgsm5MfBDqIyFNIaxgAbwmxhsY3T2tMpG2E6Ecip2A2skmk0gbDlWMEIbuW7hMZ4cLA0N/NBlrHuJbGFpisIQ7cjqqsa0eFEFFY0ychFip3OJkl3J7Jzi1g2Cb2Z5y3DANBCM3zKPoc92eMKQDpbhRAj/KxqCCXlcc7UQScJ4b2CZ2UItGxRGM/JdbEecJssjWjdQEedMTckjhV1TVjjITKmrcTpB/JRfCdM4HOEucvQ1QxyLU6R/GVOpoBsSFympRgZajOIDdI2wqX7Cb9IJhrW4BUWR+M5KTn4ydRwFVV9wjxpY7KC7URqLhW5MNV3CKIYyFSz1T5jjshVM5ldlwQ2nSSuNq9XOxbYs211qKOucScrrWkFcacnKOAMDZYYrI5cDQPVdSSTCN5HJJJKyhJJLukjsjSyXg4kuritrBP8CRGAauEPO+EVrS44CEOEsB4yMbBT6VjpDs0k+yDS0LpdxstNa7WIw2QjYevdKk8cHqPGaKVmJIl2KyOOJ52jf6Qey21otTTjgYxgKHbKMvLGhvK9R6T6XIaKqoiGnsCN0ixZPoXivHL8YErpvpqNrWSysGAByOVrvLE0RsaAEJoaxrWRs0hoxgJ4ztlLPZ6aiNEdsR2MnJCMwYamsA2T0B0opNCSTVxxwEDBDEgID5c7BNfJq2HZAe8k8JSWS5S2oO8YwQUCaRsQ3cN/dcdOI2nftyV511r1ZHVarXQyZ0/3jwdvsnwjuOTr9fHSxzId1l1aKoPtlGTpJw97TyPRYwFrcdknPGBqO6iVEr37MatlcMHg9XqZ6iW6QSoqxnQzso8bJZpMA4HdPpaGonk3bpB3yr+itgY0ZaFpgjCouRDo6FxwXBWTIAzGykshawYAwnaQAPKtEOBsYYGNY3SMLugJy6xj37AI1INQyNwDtlC0kHdTIKF5Ic87KZ8tTRgZG6tsZGr2QYIuBhH+VbjL0UiNn0hAlmbj+Y/AS3/AGHRidwxoIaAgFwzyEx9RHuWvyFHNTBneTdUNSRVLh4TUlrPy7kY5ztR3TUklCxJJJKBiSSSUIJJJJKIMSSOybkqm8EHJZCaXJpIwhcsEO5HqkcHugOODklMMzQM5S95eA+/quqI+vjizlRZLhJJtG/ZD8mR0KJ2fii0JAGSUCWqawbYKrC+ofy/b2TmtecElC5pG3T+NtseGGlqn8Duocgq3n6sgqa2HUBlu6O2MDYJM71E61PgLpPLKwU8kmC8ZKkMosYOMKwjiGR5VJZG1ozpH6rLPUNv7Tr6f6dj/UiuhotR+lTGUGRsEQ1dPTnD8fqo098hjGI34/dZLdTJdnoNH4SFb4iTo6FgwXFPeaOnbvhpWaqL1UVDiI3kBRXNr6nYPLgVjt1WfR6PTeLjH0X1XdqSnPlOfdVc1/kmOmJ6FDa6nHnbkd8qVDa6cYcW4cFis1DkdevSVw9ESSevnwWu2SZRSyfUNyrJjY6fYbBNkq4I27jdLc2x+EiLHbWjeYgI7YaRgyG7j3UOavy7DeCo753uHJU2uQMrYx7J0ssY22Ud9U0DbCiP8Rx+opvgudjKGNEpPgRLVQj7DOq3bgKMZZiTr3HspDaf/wCXKIImtG7U9aZ+zJbrW/xIWHu5TxSg7nCkaWDdM147JtWmcnwcvUeQ2fk8DRTNbjIRQxrBtjdc0l2E/wAInHb810K9HZM4es89RQsuQPcpYKLoPouYC2V+PiuZHnNV9U3TjingEujdEx7rmn3WmOmhDlHBs8nqbpZnNnWs74RG+XjdDJDeUJ1QB2VTnCtclVW3Xy2rkk+N2IS8QEchQfmMnYcpzQ93fC5up1Mcfaeu8X4ac5KUyZ42dgEWEEndBghJIJCmYa0cLham9yeD6X4zxvwxUsBWBu2Vx8kceDnBUdznZGAuNjdIQXBc2csnpaoYCOnkd3yFxkRJzhEbGGjcJPla0bNWeUXI0J4XIi1uN9kNzg3g5XCXO7KbS2svaHyHB7BEqWwXakRGwTVBAiblWtFaXRHxZ/yCmQRMgj0saBgcqPU14i2qJceifXSKtuS7JrZBCMtA/wCir7ne20kRkmmbkcDKzN46yZGH01O0k+uVkpq6pq5TJNISHcD0WqvTZZ5/V+chTLbU8s0l16xmqYjHDsD3ys5LVvneZH7ucSTugF7W90KScRjLSM+631aXB5HVeTnbJu2XBJcO+VDnrBGMDBUd89bOcRbhKOkkBD5H5PotkaWuTgX+RgpNQYhPPI4CPYFSIaeR2DKNj7rjNEWMN3CdJVZAACKTUTJCeo1D/sHIpYW74BQXTg7NxhR3S6+eyZxnfKQ5+jpafS85kFc/UeVzCGGuRhws9kzvafTqJzBXWhx2T8BNJalZNuzCCCMHzZH6p2pre2SPdA1LhfsUsJPAV1QdxgIDpDgobnnVhdEDjwrwTc5dDDK9xyF0an7AqTBR6sEj91NbQxtA0gZUG10TmyDHA534eVJho+5UyOJjMeXhcfVU8Q53UNSphXzMUVMz04T808QzJIBhQpbi76YFHc58py4qFOyMfwJ01yp4xiPLioNRcqqYaW5DVxtIHb4witjaxo2yrw2KslOXvgixxPlOXN3KmQUbDgkDHok2VjAcNCiT15aCGnHsmRrbMdl9dfMmWDzRRDchpChTXJjBpp3DHdVVRWOcd98KHJM52wGMrVXRk5Oq8socVllNci/LcjcKHKdRz6qOI3v3KKxnvwtEdPjk89qNVO2WZMbl2MLqMWNAOyEQcp0YKKwZU88iIGOEzBRF3QFWMhpZAp7YyRkp2nui0sMtbM2GGMuPoEE5KPY6qqV0tsPYyNm/GT6L0boL4ZV9/fFV1uIac7+butL8OfhPDGI7zfIhr2dFH6e5Xqc01FbaU+G1sQbwB3WeyeD6P4H6Z/01Zqlx+hlJbKKzU4p6KMMaAQPYKrr7qXkwQbdi4KPPX1dZgasNz2KdBSnIcQsllm499XXj7Y9A44nOw53b3RiwABSBBt5Qp0NNFTQmoqsAgFwb3Wdt5HwikBt9BqHjT7NHAUiuuLWtNNSYDMYyok9xM0fhRNLGnn1UCaTQNnYVDnJRQV8hO73KLLUmZ5hizgcuTI46ireQHHA5Wgt1pZHCHTRg53x3RqIl2EChtksoD8ZHoruKKKnGzQ0jlNq7rQ2uDVKWs22A5KxV36mlr3PZAXBp2ymMzzkmXF+6riponQxEE8crGTS1dbN4s5LQeAnMo9RE0xLjyAVJp6aWsk8GNmc7FKcvYlx3Mjww5Or6ifRaSzWDLWzVA3duG+ysbN05DRxN1Na5x33V/FTiPThoWa+9xN2m07k8sbb7bFTt/lDGrlWHghgG6C+eOmiLnHT7ZVc2avvEwjom6oh9TjsAuVqtWzr1UJLkLWXNzHGOlOp2cAAZyVNtHTD6v/fbq4ue85wFY2np6npZBUSt1uxwfVXsYIIGNlxr9XLpHQqobAw0sUEbY42ANG2ykaM4DU8jhddNFBjvIfpb6rBO1y5ZurqURzWtiGqQ6QPVBkmnqmFtCMsJxqRoLbV3ImarGIz+FXEUMNPEGMYGNaMcLPOWeg1Eg0dqpowJ5Yw+XG5K7W11NTRnxHNaWfhCrLlfg2QxW8l7+PYlApLPV1sgrLmSD2aloPoU1dV3Vwht0fkPLipdLbWMlEs/mLdsf6qwihjgbpiaGj2CFUTRwM1yOTSh7yBsBsodZVQQgGR+Aq2rvj5nGG3RPmfx5eFLtlinmPzF3w7O7WZ4URHLBHfNW3H+VSROYw/8R+ynUdipqd4nkLpZe5echWbY42N0MAa1vAUeeq8MbbI4sW2wzn+G0kjZVtVd6WE/UAfcqmuvVJbqp4zqPssxUSVdwl8R3CclkBvBZ3W+zVdQ5sMhw1VbWzTPy5xJKLT0bwfM3lWVPRkAHSAmxiUQY6ZwILmqSKcNwQFM0RxjJxsq6tuVPGzDNyExECPe2IZKrqutjdszdQqismqHYyQPRNiie84/dQg5075Mj1TqelJOTspVNbySCQrCOlwANP5oW0inHJCjpIxu5qPHCBuG7BTWUT3bgKVBRub9bEmdmC4xK1lLI5wAGymx07IwC5m6O5rIhkgNH3UaouMEbfLJl3YDdZp3buBqWA+GsGT5Qo01xpYgWl+UFkdyrHYI0t9lYU1ghZiRx832WeVhCndVVlY4/LRkMPB9VIisskpD6jclX8Nv0DQxoA9gpTKTSQSEErgdpTQWmOLGqNTY6KEcMIPqrJtMT+FG+SzuNlnlbkJIrmUgA8ox+aOylBGNOMKdHTDH0ovgZ4CXKzcEkVooyTjH7ojaQjfKniDUcaf3RBCO+xSnP9hqGSAKcen5J/gAD6cqcKdPEGOyrd/cvYV3guH4P3SERz9GPzVoKcAbtyl4A/o/dXlhYRWiHH4f3S8LG+n91ZeA3+j90vlwdg3CmWXgrTGP6UzwR/T+6tTSN5wm/LAnAbhMSJKKRWtpQ78OEeOhP9LR91YRUwBALQo11vVutAxM8ax+ELTWhEsIGabwwXPaMc5wqS8dS08EZpqEeJP6NVbVXi8Xpzgx5hpyTgD0XILdBTnxAA5x5JWuERcm2QDR1tzkNRXy4B4YDwpkdOyBmlrAPspWoDOyBLPpGMLSlgB8gnkYI42USTb/AOaiuLpXYaF2G31EzskYCIFRfRD0SScNyiQW1xOZB+auKe3iNuS3ce6fI0MaNsq3LAewr2UbIx9P7oUhZA0ucDhGqatsbfLu47ADlMgpK2sdmY4j5x6qKzJfxldJUPqCWUsetw7IsFoe8h9S3f0V9DQxQkGOMNI7ojmho4ySqlLBarKqOhgiZgR4TXxYOwU+RoOcDsorYnknIwrUshOCjyQ5WnAwh+HIeGqyFGx+7xldEQZ9Iwm9i5YKv5Y/iG5Tm0YxnCsXRDZQbhdKGhBa5+SOwPK0Qhkz2Pb2N8JrGlxGAO6rq2vpaWMvbJqI7BRay41lawMZIY4uzQoUdIQ7JOfutMazHOwZU11dVH+X5QVENLrdrn3crRsYaMAYQ3x5GAFohH9GWz7iE2FrchrVwsPYbqVoIOAOU/wMkHGFpjHJmkkiAInk+ZuxThSw86TlWHhjG6GYP0WiFfsy2vCILomg+UITojt5SpVVJFTsLpXaNKztw6tigaWwTancAALXCGDn26iEItyLCZ7YW6nnAHKqarqChgGWEveOwVDV3SqrTl0jgD2yoegk5ynxgzjX67cv9MmXC91FaXaSWA8KESXYz2Tgwk7blHit9RIRqbgLXVX7OVZbOx8kUADjCe2FztsKyFviYNTm7+iY9rQMNbhPUUjI1zyQhRDYzDYIhFFA3YElFf3QtPsmp4M80AlkyfK1RJ8uGSFOfG09kF8eVog00InHcsFa4OzuEINd6KzMDezUEwtH4QrXBmnXtK90R7LimOhwR5f3XPAO23KMW4sglvG6RBxwpvywdgkj9V0mGMZe4BLaES4K1wdnGlcIceGqVNV0TPqduPQKFJdIQcRsVqDFStjHs6IJ+fD2S0nuo81xqHDEY2+6hOnr358vKvDMll6fRaaR6fuuFoPp+qpz/EScpBtxPqpgV87fouBlvZd1O9Cqnw7jjbKWm7dpf2S9uQ/ma7Rbbv23UmESxjMbnNz6Kha+6xHOz0ZlyuQ2dHjCmwbXq1A1tB1Xf7YWtiqPEjH4X7lae3/E+DUIbnROjGP71pyM/bsvM473GWDxmEO7qQyuo5mg+I3fsUDq3dHTp8vKHs9pt/VtirI9Yqy32KvI5Y5Iw9jw5jhkEFeARv28jsD2Kt6a9XaliEcVdIGdhq4S/jZ3tH53dHFh7SGAPypkT8tAwvLbT8RKim0w3BviN41d1p7d1xaK2QROcWZ7koXE7mn8nRZymbFsrfUfqu4BORuqanuluqH6KeoaHfflWDTJt4Uw/LdL2s6Vd9dnMSYGNxjCcKeN+A4KOyaQ4Dzn8lIY9p74SpRyaYPPQvlseyaaZwG/+alNdqOEVoAHCXKLRoWH2VMluhm2li5Wcvvwu6ZukRc6l8GUnOuPbJ+y3TmA4wF1sfsl72Ju0Om1C+6CZ4fePg1UU7TNbLkSB+F7OPzysZculOq7YXh1MZGs3y0chfUjadrgcNHuhTWyKUeaFv6BOja12cjU/TOnt5r+1nySTNzURaCOU0SQnaOTJ9F9P3PoeyXKPw56OPPrpCwd8+CdteXy0LXxu5Gk7I1dk89qvpm+nmt5PH2Z9EQO0jOFqrl8LuqbewyUg8Vg9RuspV09db5zBXQGN3Y+qfGf7OHd4/UVPEosIyoJOMLry52CozJ4CD590ZrtQy3haIS4MUouD5RLp55YHh8MhY4dwVr7F17V0b2MuTBPENvcLEh2k49U8vJ3Rq1xYyFkl0fQNmvVhv0IENQwPP4XndWnhV1E7XDJ4kZ30ncfkvnSjrauikEtK8NeO69F6Z+K88LWUd7j1AbeIBkH7rVXeaY2NrDPSZm2m7x+DXUzWvxjURuPsVjr70ZWUeqot8jZ4tzpH1ALW0dZar5CJqKZr3EZwDujuppoQHMc7bsVphPcZ9VpoaiG1o8oZM+J2l4II5CPPPRV8Py1wjZJGRghzcraXezUVyZiSFtPP2ka3Y/dY259PXG3kvdGJY+zmbpsZJHltT4+yl4XJi7t0BLTyG4dOTNLBuYSVTtvtTSS/LXWkMZbsdQ2K3VPXvpJeCBwQU66WWz9VUxilYGTj6HjYgp8ZOPKOY4J/kjOU0tYWtqbTISMZLc7LU2q+0VxhDKh3hSt8rmO23WOksfU3Sbi6D+fTj03OEehrqa6R+I0hkmd8/UCnwnl8i5La+D0Gnq5aR/kGqE/h7q3payKpGpmcjkHkLAUV6q7fIyK5ESUx2Ew5b91r6GSCopmVdFO1wJ5ac/qtMXgy20/KsGus3U1XbJAA9xZ3GdluqO8Wu8wCIsY52N2Pwf0XkkdU0nTKQD6qyoKkwPEkT3AjuCmxnns83rdBNNuK6PT4YprLL8zRl7qd31xEkgfZW4faeo6OWhnijd4owWyNB/ULH2Xq10jBBc26m4wHt/1WgZRxTFtXa6hpeN8D/VW0cZNwfHZ5j1h8MK3pOqkunT8T30Zdl8fPh/+ig9OdUyUUjKgOe3JGdLtvzC9sobyXv8AlK7GeDqCxXWnwrZXSTXrp12ioedb4c4a4+3/AEQpDI3fJxNmz6d63oLvFHGARIAA452Kvy8P3xsvnC23GttVQ6KZz4JYnYe3ggheqdKdcxVwbSTnDwNi48q2sC7aU/xNzO0kZHoowzvsiw1kcoGCN+ye9ocMho/JLMrTQNrvZR66jgr4TTVLA+N3IKPqIOCF1DJJrDIpNPKPFOtuiqnp2qdcLa1zqN51Fo30f+iqrZdXMA82Wd2nsveKukp62B1PUMD2PGCCF4/1p0VU2GSS5ULHOp850gcLx/l/DK2LlWfRfpb6qjTJUap/4f8A7m96N63rLPJFIyQvjOz2diF7b091Vbb9HpgkxKBktdyvkKw3wANDnZb6d2r0TpzqKegnjngmLXA5BB5Xyvy/hoyi5RR+hfAebzFRcs5PouspYayF0E7A5rhjdZqGKs6crCNTn0bz/wCVP6S60pL+BSzkR1DW7ZOz1oaikZUMMT2gg7LwOpplTPbJH0SmzegtJLHVRiSNwIIzyiE6N1nY46q0VGWOJgJ49FewVEdQwPYc5/ZIHElkjuEdrmvGCQPfKjNcANgmseWuV5Kkshpo8OBAXY/vwkx4ck6TSRsoRIJqOFHr6WK5UroJGgOPDvRFEmocLrTjsjXIqcDzmso56Cq2cY5GHLHjlW/xB6A6a/tK/Dao6Xv8UUF3hjcaOqLcyQTEf3mffA1H2CuuoLSLjBrhwJW7j3WSoqyusF1iuFMXRyQO8wG2Qu7odQ9uP0c/WaKGog4yR+WPxC6A6k+GHVtd0l1PRPp6mildH5hjWB3/AMlRRuJGML9UP7UXwBtX9pPoD/anpijY3qu3NLoS1v1sA/uHeufw+m6/LW62qvsdwltlyppIJ4XujeyRukghfUvDeTWogq2+T4753w89BPfWvs/+5wHKeo7SSfZFacjK9GmeZ6JGpPUdEBTYy3CxyYnpiaU1kMO6tqA/7uB3VSx2/CsKN+MBMRlvjxkt4iWkD1Wj6ZqWNlMLjudwsux+SNlbWadkNYwv77LVUcrUx3xNpJgyuA4AVFISy47K31at8qmuJ8Or1+i0y9HNhH+lmkacx59ly3k/NjHcqPb6gTU+CckBDMhiqG4PdMRmnDLwbiMjSN+yynVUepxOFo6d2qFpzjyhU/UbWmnDuef8kcuhNC23IwzXYdtsi6i2djuVGdtJj3KNLjSMFZLf7Hdg9rLKY8OyOEzVnYHlCDw6kAHPqhseG8nhcrVxzA9B4y/EzYdKVT/F8EEYAwQry7N/kg47rJdK1OisOeNluK6EVELQ37rx2qjizB9V8bZvqUjNwyaXbha74ZXcUHVcbCdIlaQse7AeQdsHCmWiqZQ3WlrH/TFKCfsuRq63bBxO5ppuNkWvTPp0nVv6o0XJUSgl+apIpsfU0HGVMjGCvCXw+ObifQabFYk0EZwijlCZn05RgDlY32bEPHCG/kIrfpQpASNkUZcEmjwH49UOm/QVIb9cZ3Xjb2Fj3NcF9J/HS2sqLFDWBoDo3YcRyfRfOlcwsIfpxkbr6b9OX7qFBnxf6z0fxaxzXtZI7ZTG4EK3jDaiFvuOFSAZOcqxoJMkMJwAvTzjk8HCe1lRWwOpZ3MfznP3Ws6MvOl7YycYwqy90fjQiVo8zRv7qotFW6jrGnOBkFczUw3RwdjRaiVU1g90qIo62j1NGdTVkJoTBMYztgrSWK4wV1IxsR3a0EqB1BQ+bxmDAK4l0GuD3Wnv3JMFb6t9Npcw4IOV610ld21dKxusZwMrxajlJd4bzkjharpq6uoa9mXYY/yn75XF1mn3RbPQeN1Ea54fs9iB3yEVpx2UOjnFRAyRpzkbqY1pXmLYuLwesTysh4ZXxvD2HBBV/nxoBKNys63urq3TD5bS5ZyiQWtlppIpBkOb+688vFAaSsdGRhpOQvRGjJ9Fn+rLa6WMTgcDYrVRZtlgy3V5MHdaEzUpcB5m7grKujLX7jBC39PiVpifyBhZ272xzKhzmNGDuF2qbtvBxNdpvlgVEIGQNKh3mkdo1gbEbK0iiLXYI3UuqoDU0eAN8LfG32cW3RuVb2mEp62S31UU7dtLhlO69pXNrKPqmi2bI1okx6rtypHMe5hbgj/NTLaxl7s09ondlzQSzPYrZVZ9yZwb6WotMUr211uhr4sOy3D8eq8P+LtodDcGXiKPyyNDXleq2eukoIai0VIOqN5aCe2FTdeWmO5dPTeTU6MFzV6Px2ocJrHR5DyOn3Rf7PAWnJGys7ZWGleHDgqvOmMlncbJx34OF7CueDyV1KsjtN5STNqIRI0jdSRysnYrqKeTwJjlrhjPoVrWnVghbq57uDgait1PDJEfAREMcIjOy0weTEwsfdSGfZR4wf1R2pgLeAydH9SY3dSI2YwUYmUgjGDG4TgAOAlg9gugHIJUjHIltsTdRIwNlKY3ygoTR6oo4CbGBaDNY30UiEYdt2UdhzlGaiXYiSyTGtBAyusGSAUxh4R2dkxdCZscGnPCM1oK4AMJ4HdHGIrsdHEDvhFY0N4SjBxwisZ7IsNlN45EG+gRA0g8LobtwiBhBzp/dHt4EzluONySCeQpjfpCCGE9sYUlo8oQOJOhvgU02Wz00cgcMHU3soVV0T0xWNJkoRETyYxhWIODsEeNx9P3UwD804/i8GPrfhXZ5vNbq6eIjsXbFVU3wtu0W1NVwSnfDSTlemMOOyJGMb4ToykhsNddHt5PHJelOp6Tyvtrz7s3VZMZKZ5hq/FheOWuBXvEgcceYlJ0FPK3RPCx7e4ICJX2RY+HkZf1I8DFS5pwyrLf+ZSWTV7t2TtcPUL2ap6P6ZrgPGtkYPq1oChO+GXTTx/K+YiP+F+EbvyOfkq5cYZ5PruZ4ef0RGC6uPle7916c74U2w5MNzq2f+JBd8KpWn/d79O377o/nK/nV/swDaS8PGPEcM+id/s5cZhmSsnOffZb1nwru2Rp6lx7eFn/AFRf/ZZeMDPUxx7Q4/1VfOinrl/zHnX+ytbnJmJHuk7pyKPBndj7L0dvwurifPfpj64KmR/Ca2uANTcat57jUr+cD/iC/Z5YKG2MGkyZKeKKidw0L1+l+F3TsRBcJX/chWtP0R0/TY00Ebsd3NU+cXLyFaPE2UbiA2ClD/yRobJc6jaK2k9s4XvNNYbRAPJQxD3DVObTRNwAzIaMDPYKfPjkzz8gn0eEUnQN+qyP9zLQfUK/pPhFVFofPNE3PIK9dawN4aMImkEfSglqJvoRLX2/0sx9j6Fs1tDPHo4p3NHLm5wVphG+OJsEQbGxv0ta3GFMYxo/CEnRjIOEDnKXYmWolP8AIjinfIP5kryPTUVwUMLHBwzlSx5QBhL6kSFtpoCyFg4Ccd9ikugZUFJNsWkDukRjuu4Houamqwvj/uOXMhLI9UMbd0RQ5LI9VwkAbqNk5VpZISXYwQT2UbHOdk5zttzwsj1d1lSWmmc0PyRkbHkqm9oyqudskool9S9RU9viIEgwOcHn2Xi3VfV8lxmfFHIdttjsqzqHq2pukz2slIB9+As66TJyTklBk9JpNF8XM0GJz59eTyha98IWs5witbnBwgnJJHcp0zs4QRjNkRrMrjG7cozI+wWOyeTvaTSqKSwJrc7BSKeAuIGMIlPSl5Gyu6C2kaSW4QyO9pNKBt9vJGcK8pLeAQdOMI9DRAD6QrWCkIxsElJtnoNPplDkjQUhbgAKdHTYAOP3RGRAEDTj81IDQOEZ0YwUVkjluPZV92ukFrg8WUgnGQMod5vtNbWSOmI8vAzuSvKL/wBSVN3qi4vcGAkAZ2S5Tx0Y9VrIaeD/AGO6h6kqrtI/S4tbk434CpW+p5Xc6uAnNacoc5PHai6eom5THAZ5CI94jbgBcJaxue6hVE+oYCOKyYbJ7TlVU42aFGiy5265gudhSqeFwcDhOUWjDbY2w0FOCRspsbQxqGxoY0bcosbNxqH2T4wyKlNYO+E55CNtGO2V3WGNwBuglrpD6BaIxxyZpyE+R0jgAisjDfMQlHEG+Yhde/PAxhH2Idno6X9kwsJOSknpmARNa0BDce2U5x22KBHkuA+6jKHFpLgQplNCTgkbLtNSOkIJGAN0asl+Xh1NxsjDUcnJ5I4Y9+fRUFXXan6QDhEqat87cA88qMKfWQSgk/RcVhjBqkeCQrKCBukEocNOG41NR/obshX7LnLjCHOcIgMBR5Zw4EbJlTUN9cKjrbhkljCQO5QXXRpjukFVW5PIWuuQdqhidt3IVS8knZN1anEhEXntRqHdLJvrrUUMSSXQDlLH8IQHdEHCQHdPRRWQJSwJJJdweUWAMnF3ST2TmtdqGyNpBARqJeUD5XdATgMJjgU5RRMnNPukRthInK6z6lezKLBtiJcNlaUlJqLdse6FDT6nA4V7R04bg4HCzWPadTQaX+RLGCVbKAMwSN1orZRSyvDYwSQVX2yD5iVsTRher9D9Nh+mQ0+W5xkpPZ9D8ToJTxXAsujOlsBlVVxbDdoK9GiDI4wyNoAGyjU8DIoxGxoAAwjgD7JTawfRNLp40QUYjtIzyiADbbhMJXSdsJO43xWAiaTnhDJJcng4aEMpYHIcBjlCJGV3JIO/CCc7jKU8yISMj1CjT4YMng91zJALs4wMrz/rXrdscT6ChnL37hxb2RqOTDrdTDTw3MB1v1oXOdabTLl/EsoOw9gsM12Dqdue/ugh+TqIJc45JPJKI6Nz8YWipHgdXqZ6qe6Q6SRzyAFMoqF0jmucMI9ttEjtMsjRvuAeyu4KZsRGGj7rXCJmVeQNNQ6Gjb91KbHpGMo7RsNsJBme6fFDI1YA6fdPDSeEZkWocIzIdBzhHlDFXkjx0xJy4bKWGQRNG2CnYA7LkjwBnGVGw4wSBukwmPnbjOxUeqqdO2MKsnqpCMNJQNsvGCdPVBirZ6suPYoBbVTO5yPupENueTlxVlLngiySVEnlhjyDyj0ttqJv7waArimpGsY0AAKUGDbthQZGsxKS7p90sD1Wzcj8uA13BXQMd13uUMp46IJJDByu5CAMSSSa84GVCDshLIUN1VG04JQ3V7Ds0IHPAcYORO29QkXd1WSVpG4ygT1U0oALyB7JblkfHTWS9FjNUhpG4QZKzAGCMqty87aiuhjzjJQORto8ZOyWGSH1crjg7hDJe888rrGbbozGcEt4SpWYPSaXwMP6kBMJduUmwYO2ApWFwnKQ7cHZ0/hoQ9DWwgAbfunCMNOdP7pfdI8YwkzvOtp/G156Hh4G2N0jVRR4DyglrvVc+Unmxhix235OxToI4CS3A/8ABQJKqaQaS/8ARS4bRKcasYUxltgjwS3JWOeoaOhVosdIofBfMdySfdGhs0zsFw2V480NM3ztGVBlvdNGDpKRO52GqKrq7GxWaBhBe3dSXCjpgOGqmqb5JI7ELtlDdVTTf3jicoFFy7D/AJVS4ReS3KlZ+PKrprzDu1mcqIynlkOWtyCpLKI4BLQCiVLZnnq8fiB+ZnldkkkJj4ny7uPHupojYzAwukADhOhpmzNZqZvlsgCF3onth3GUd2nOUJ0rR2WmGkZgu1sFxJhBAzGSP3QyGN7g490zxnOyAOUMRvcVrp0jXZ5/Wee02nzlj3yjIwhmVzsDCKynJ3JRI4QMZC0x0SfZ5zU/U8pxxQBEbnDK62Ig8KTpHGEtHstMNNCHR53Ua/U6iWZMa2MAbp2F0A+iWkrTGODM25dnMD0TU/GEI5BzjKpsB4OHYZKHLM1jeQVHq61jBzvxsquaofKRg5WS/URqjmRt0egt1ksQROlrN8NQTK55QoYXvI2JVjBQHLSVxL9UrOz6H4bwEYJZQyCBzyHYVpT0owM7bJ0NM2No2UhjCRt2XMtuT6Pe6Lx0KVkFpEewCW7sIpjzvhOEYG45CwWTbZ26oKKwDEYPPfujANYMjsmmTkYQtLn7eqWotj9yijk02OAlCx0jk9lDLKQd1YRxMgj8zQMJsaciJ347BQUoBDiNwpz5mwDzYwFUVt8pKGNz86nDgZWQu/UFZcS4NcYwfRaK9OczV+Tr08d3ZpLt1bTxEspXFxbsT2ysbWXaurHudNM4gngHsokrgBnO/dAMxJwzYrdTpMs8drPMyulmTwFeQfM45QXVUbAQ48oZbUyHY6h7dlIp6OJmHTHf1W6GkSPMajyyhPEQDTPUbxN2PdPZRgO1VSkSzwxNLYiPyUCWqytSrUDk26iy+Wck0y0UIxG7fCgvqwTtwoz5T2HKYI3OISrZpLAVFE7HlIleOXJNySSUxsJABIRo2jO/Kw2WI9TpNJKUcSOaSThEbH3wn+UBDMucjCyTnno7dOnhXHGB+GjuEzxgNsIbmueQnCA8pDbNKil0P1eyZuiCMojYNRwUQahkjjJOAM5RI4Hv2xypkdJG0ZARRpHDVC1XhkSO36nAyDjupbKdjB7rkk2jbCBNUho3PPuoM+yBIwxh5AAQ5K2NgxGclRC+aR2GMyD3T4qEcvUSyWrZdROOqZpdg7ZcZTySHIClNhgbgMG665wjGwRKLYqUvcmCFJgZdgEJaQ0cZwhTXGFo87sYVbVXvJ006bGlsy3a2miOW+S2dPo5Gyi1Vypmt+vJ9FSz3Gpk/HgFRnuc4gkrTGjHLONqPMNxxEnVFykc7EfCiyTyyc7Jjd8AhSoabJBIWiFJwdRq5WPMgGl7tyitgOQSFJEbGtxpTM42wtCrwZd+RojACEGuz7Iy5gJmCm8jR7rmAupISh6aSQM4Sycq76e6UuvUUzWUsfkP4kidiidHRaS3W2KqlZbIFotVdfKk01DCXluNR7NB/wDmL3Ton4Z0XTzfmK2DxJX4cAduO5V30j0ZQdP0sTjAHSNGd+SfUq3uVxFNFrMeoj8OcZWSyzcfWPA+Aq0MFO5ZmOmrIqOJ0j3YAGA1UBlqLnUGR2QzsPRMY6pudQS76fTsFdU9MyABrWjbusttm7g9elhYQOlogwDUB+qkiEbAbIhALRp2TZKuGljMkvbgeqztjYpI66WKjZ4svbhVVTVT1khe8kM7LkkslbKJJPo/CEGqqg1ppqc4PcjdUQUlUyPAYdRUqltz6oeJNnPIC7arK+Z4kl+/2WgBp6UBshDcfurTwLlycoqOCkZnQCGjP3UC8dQQ0EZfG4EnIxlVt66njYDTwA+5B5WTEk1VM6aV2QeB6JmeDNOz0drq2puM5mlyR2C6yIRDU4YRWgAtjjaC8nA+6uLb0/LXR+LXZa3sgnPAMYtsiUForbmGujAZF2cVsLXZWUMYEbA9xG7lLoKERRNjYxoa0YACnBzYtuFgv1KidHT6XdyDjhxuW7qPVXGGkYXOO4PAQK+6OL/CpMuPGR3KsLR0+XFlXX+eTkNPH3XI1Gs/Z16NJtRDoLbV3WY1VTtE7YNcOy1dvt0VIwMiY1o9hyjwU2kAaQPspsVOAMnYLjajUufR0qaNvI1jMAAopLQM4Q5ZmN/lwnW89lLore6XTLV/QfwrDOxmmMEuiK2OoncBDsO5VrRW1sbhNM3WWj0Uh0lPBiOGMNaNtgo1ZeXQB1NRjVI/hKlJsPAetuMFGwl+Af6VnZ/4xd5iIpPCpjuDlT47U+eYVVfKHuxnCmhjWN0sGAOwVZIuCHRWynpI2jS1zh3UqSQsHr7ZUO5XCKjj1PcATwMqgNRdr04w0rCIz+P0VojeCxuXU9JRO8EAvl40hRILddrw8S1I8KF3LSeyt7b0zQUoa+piEsw/E7dW7iGABo27BGnwAnkhW+zUVtaPAj83qpU8oibl3Hqo1bXNhZqdseyy126pdIDTUrtb0SXJRcXS+U1HGTrBPplY24364V2Y6UljTyUEQVFVK6SrHPAzwptFRZOGgBMSwC3kroqSV5a54ySrSmoJNg1vKsGUDQNZbjG6bV3Kho4QNbjL/S1Oi8CxNo2wgOf/AJqDX3empnGGM6j6qvqLtU1LjpdpCrZI3udvuSmLkFvA6tuM8xw1xDfYoMTDIcE8qRFbamcjSzZXlusRYAZRupKxIop4La5++klWVNaSMOwr2noGNGNIwpsVE0Y8qU7cB4yUsNtI2DVNit4bh2MKz8KOMFzmhoCh1NxhazEA1u9kmV42KQ3wGRAknAHdRKi5xN8sLfEfngFNbTXK4v0vBij9SeVcUNno6NgIga5/cndZ7bslpZ6My23XK51RNQPDhI3CuqHp2gpn+JHGHO/xbq4ZDuRpwEZtORwOVklbyHsIcdKI9mtCK2mAwcKY2mJ3wispj3GEmduSlHJEFIAMhqIKbSeMKe2mJG7f3RW05B4SpWZC+Mr/AJc7eRGbAMDAU7wm4AwniEdm/ukyswEoYIIpwOy6IB/T+6sBAMfT+6Qhwchv7oflYe1EHwPZdEGMHCniHA2XREULlkjIYhwNwl4Sn+APRLwQOyPc8EIfhN/p/ddEI/p/dSvCb/T+6QjA7Ik2yZRGEBx9P7peCf6f3Uzwx6LpY1g1EbfdOSbKbwRWU5IIwotTLSUMZkqZdJHA9VHu/U9LSRmnpDrmdwAsrUOr7jIJquQY7N9FqrhkVZZknV/U8ssggtsJ82RrPZVgtxkk+YrJC97vU5UiKBsWHd12R2RhaYxURb5AuayEaWAY9AgvlPGEQAuT46N8xxjC0ILGURi5xGzcpkdvnqHANYcK7pLVndwz6KdFTCIYDcKb8AqJTwWbw2hzm7qW+ARNA2UyV2gZ5VTXVrg3DDuFN41QOTSiNpJxwqt/zFZMIosYPJVjQUU9dmSsH8rs08lWkdDTwkFkfCjsyW4IqKazQtdrk3cp/htaABthSzG0cbYQXAeqDIUYAHMb9kCQDTypErS4jbCayE8lGpbimkkRDCT+H9135fG+n91N0NG2EN2GDUQnQWRMmvZHbAAo1Y6npojLM8N0+vdRrhfWxSeDRkSSY7HZUzqasrZDJcJdbXcMHZaq622Z7JpfixVl6qKlv+4M8h21FVzaNr/5lR5pO5VsyAQDDWjB7JrIQXccLfXHBjk5SfJXilzsG4A90wxFu2FaOiY3bOMcqBOJJZPDgdhvckLVsyInhEd7o2bOduhaXynDHaQpnyLc5kGSE4xNAAG2E6EDHbMiNp8Y1IpiAHonykRDLth7rN3rqylpmGCmcXOzvhbaqsnOu1MK45ky5mkbDu44HusteOsIIXmOjy8t2JHGVm7je7hXyEvqHBh4A2UB8ZOA7utcKTj3612cQC3K63K5PJlqSGn8IUDwzkZO/qrGK3VExBjZkFWlJYuDO3CfGrDObapW9lFDTSvHkblWVNaJThziPsr+Chp4G4DMrsrQ3GkLTGCM3xFV/D4GgZZuEnNDRpUx49VGlWiEEhc4pEYtPcoT2YGc8o0pJI7LhGW4ChjtWCE5hBOBsuFuoYxhHcBkoL8gEg4R9mWb2gHMO6YQAhzVTYt5ZAAoFTeaRgw12opiTfKMk9RGPZP1c7IbtABLiACqSe9lxPgZCrZqipqPqlOPRN2sxW6mL6L+puFJCf7wEhV9ReNX9wVV6I3f3gz9yuxxOcSI25RqOTJZqZf0hpLhUPOzsKO+WSQ5e8n81Jht1XNu2Pb1RxbNBHjygfZGoCHKcvyIAwTvhEDPLkNViIbdGMvOSEJ1wos6I4iMItoicop5kyEWkEDQuOeWjOFKNQx24Zygkl5+lL2lKcH0BMzh+HCEKuYHYqWGM7n9k4RU2PoU2gSmpEYVs39Sd45xkhGMFN/RumaYxwqcCbkMbUOaSQEQVurHiMBA9ExzAdwEB7SdsodoEml6JT5rdKNMrG5+yC2gtr8lr8ZUR0Wo5TcOZsFS4FStySTRVLDilqyW9gSutqrrRHXMwuZxkHKjsmcD9R/VGFaCAHEonBBrVOHsMy9tlcBNGWE8HspkFWQ4GN2D7FVj3Uz24wHZQ5ImtwYZHMI90LrQ2GvnF9mnpr3XUsgljmcT91f2z4iV9vnD5i5zT7rzVtRWQO1Z1BFF1kYR4keQlOlM7Gk83OnqR73b/iXaKmBsk2Gv4ODhaa3362V8YkgqW79sr5ojr6SRuWuwT2yp9Nd6uNumGpeB90p0Hf031Zt4mfT8Lw9uph1D1RvE8PAdx6rwKz/Ea924sY6oLgBg6twVuLV8WKSoY0VsRJ4djGEiVbPV6PzOm1UM7kj0plRE84DsqTsQNlnLdf7Bc4xLT1oaTy0nBCtoHvH91LrZ+qxyreTs03RlyuSc0FpRNiBso/zDB/ebIrJGuO3dTrs2VzjLo7pzyF0sy3GEYMBGdKRj9Aq4LcVLogPpg/ykbHsqq49LWuvhMNRSteD6gHC0IidlE8NpGC1FuYqemrs/NHkt7+CNnrIXG3AwS8gjgrze9/DLqixyPMdO6eJvdu+y+oPDHAQn03qA7KKNso9HG1v03pdSm1wz48kFRTyGKoidG8chwwixPBG2+V9PXjoKwXjVJUW+ESO5cG8+68z6k+CdawvlsGZHHdsedk5XPpnktZ9LarTx3VPceZiRo7j9UUOaU26dPXizzOgr6SWF7OQ5pA/VQwXDk7haoT3Lg4EqrKeJxaZf2u93G0yiWhq3sI7B2y9Q6Z+KFNXNZS3rMUgAHiDgrxZsxbgEFHbMCnRucSlPJ9OsFPVxNezTJG8ZDgoV06efV05ZTzFvfC8PsPWl7sL2inqnSRD/AIbzkL2Hpnr2232NkYe1k2MOaTvla67c9i5w3Lkyd96enhB8aHQ4fi7FZz5eWI5ieQ4dsr3GqpYa6PRPE1wx3CyF96PhlBloXBj+cEbFb4yOFq9DH+kxtJeC1jqa4xmSNwxnuFW3foamq2Cs6fJY93mOHYBKnVVJJBI6CojLXDY5Qaaorrc7VTvJZnOnKdFnJso2mdprhXW+f+H3mn0tJwC8ZBVnB83aphW2SoZpd/eQu+hw9h2Kva+ht3U1INZbHPjk9isnX2q79NyB5eZICcZ5CdCzJlccG1tV6o7tEH6mwz8GNxwVaMnkgIPb3Xn8D6W4HxIH+FMB22OVe23qGWLFJeS0NGzZvT7p6aEuO7s21FXgP1skz6tK01pv1Vb3ielf5fxMKwbG6GiSN4cxwyHNOxCsKK6upsawXY9O4TcnnfI+Oak5RR7FRVduv8Qm1CKXGCPdTIZ620OxI4yUzti4buaPZedW6vbNG2allLXegO4WptXVD4B4Fxj8SJ22RyFZ56dTiTeoujbH1RTmogjayp05D27av/VeXV9ru3S9Z4dVG6MsPleOCF7GKOmqWNqrLWgEjUBnb7Lk8FHe4TR3anYZWDBLxyjIpNcMyPTHWratjKedwbKNgSeVtaK6iTDdXK8s6m6IufT1W6st7HSU+dQI5ai9O9WGGYU9c4kHy5P4T7oC5V7llHsIw9ocNspr9tlVWy7h0TRkPYeCrRsglbqwhxgyyi0wYB1ZJTpooamPwpo2vadiCMgrp3yExoI7pU4prkD+55F130HNY6l97tEZ+TJ1TNH/AA//AEVPY7/oeI5D5TxuvdyAQQRkHYgrybrzoB1rnferLCTTuOqSFv4D3I9l5TzPiY2xcoI+k/Sn1XPSyVF7/wAMv7RdpKaWOro5iHNIOxXtfR3XFLd6dlNVvDagDGSeV8r2i7uhc2WKTcbPaVurTc/GDZqWYscN9jggr5P5rxPf2n6F8B51WxScuz6UniEzckDGFU6JrfKZ4SXMJ8zVQdEdbMr4W226Shs7RhrydnLZTRDGcbFeDv086JbZI+hVWRsX2vI+nqop4w9jue3ojAhwVFVPnt7hNT/Q4+YKxpKyOojD2H7hIwPaJrHYO5UiTD2A/wCqhas7hHikLcKAiD8O0lHa/UCFHmaCdQGFyKXSdwoQN5hkrNdR2xz81UDMn8TVqQQ4YwoVbE5zMtG3BWmuyUHwLx+zL9GdVu6auhdI1z6OYGOeHOxB9l4b/bj/ALL1J1DbT8afhxF48bmOmuEMY88hOP5+Bx7/AGC9outrY2oMkTdOvke/qrnoLqaKkjn6VvhDqGrf4Z1cBpyMfuV6Xx+vlXLfDs4XldDXdB8cNYPx4ILSWkHI2OURvJX1T/bO/syP+HN8d1p0pS+JYq14yYxnws77r5Ra8BfVfG62OuqVkf8A92fFvLePn4+3Y+U+n+w6chJ66UXycp/aSOThJciRBvlaU+BeRNI9VMpfq5UDRjfKlQPDXAlHGWWItWUXEXbdTYDpka/PCrojsFNYct2WqDObZDdwbOlkc+njc474UC6/3hKdZJzJTaHO3ASuQOjOMklaG8HMx97RKtFRgNx+al1xDJmuA53VNa5g12khW1X/ADGeJxpCOMssz3x2yaNfRyl1K045aP8AJVl8BkpDtwU/p+Z81CQ450jCbcj/ALo/b3TXyjFH7bTBTjTJx3K6XamH7LtWMSn7po3BwscnydqLyshqd5NOATuExrjnlNj2yPZMBwTlZNTDdDg6Oiu2TLqy1HgVgweV6bSOEtG0k9l5HTShjwc75Xp9km8WjZvjDQvG66OLT6z4TUb6EimuEZhqSO2Uxrsgeyl31uH5HqoLCNGM9lyrksHpapY5Pof4c3Ftw6YpyH6nR+UnOTha2P6l5J8F7owU1RbQDqaQT+//AF/Zessc0keq8R5GGy1nufFXK2hMlhowEXAwNkBjtuEYHPbhcew651q5gFFTHbhSHAxLgxfxWtsld0dVGIajD5v2K+aLjQmopXujGCzlfXF8pH1trqKWPcvYQP0XzE2ED5uLYF0rx9l7X6f1LjhHzz6r0X8izd/bBgRkZB5CLSVhik16Rsi1lHJSVMkMg3BKgzMwR2Xv4z3I+NalOizb+jUxFtXSZwDlZa40zqWoOBgZyFd2WrA/3dx7JXujEkfiNHus9qyzdp3uimW/RN50OYxzvZehVUTKymONw4ZC8Rs1W6jqxvgZXsPT1e2rpWtJyQFx9RX92T2fi7/khhmaqw6jqN243wVa08wIZMw+hUrqa3CWHx4278rP2mp0vdTSHvtlcy+GY5O3TPbZhnsnRl5bPG2NzuQBue62rXNI2C8V6cuLqGqaNXle7C9XtFa58GZDkjheU1lD3ZR7LRalyioyLdTaKUsIb2UGM+JwEUDS4HK5LWDpL9l+1wc0Fu+UyrhbVUzonN3xsg0EgcNJU0bbKReHkua3o83rInU1a5uMbqPc4BLHkjGQtN1RbtLxURt2Jyq404mDRp7LfTec+6nKwYnwdFQNvyVpG0taBp2XblQfJVbJtPlccHCnSsa1rXNG2P1XSr1CfZz5U7ODC9TW4w1AlDfI9ZOlrXWe+aTsx2M/Yr1e728V9r1ho1DOF5ffaMsIn0Zczyn3XRos3HntfpNqc0N6zovk6mG80ozBUAZcOMqAZo622ObKAQWlpHqrukcL10tLb6gfzoZMsb7YWLjqXU0r6STykZ2PsvS6CaWDw3kqXncumeN9XWl1rvMsbRhkhLmKrZnGCtp8RX09RNCdH8xpyD7LGk6eV6/TNyhlniL0ozaR1hLTsVpbFe//AIapP2KzIIyjMdp3XQqlgwX1RsWGj0eBwlGRuEZoweVjLZfJ6RohlJcD3Wrp5BLE2QHIcMroVs4N2mnTLDLCLGkIqiQkghSmnITcmZ8BW7KQzs1RwcI7SDwmCmiVEQQCUVsYJ2H7qIcjglFhlyQCnQeRXBLEXlyuHlPY4OGCneEDvhH0LdhxnKkM5UcDCkM5V+xc1uDs4UiLkqOzhHi5KMzTWGS2dkaMDIKCzsjMOME+6NABmAIzOyEw5RW9k9IVYGa0EZIRQBlDZ9IRRyrFBGNGERqYzhPaptTeCBA0ZR2gAbIbcuOfRHHCtQ9i28Dm7EJ44XByiDhDjAOeMjs57IjcZ2TUVWkmA5DhwiDlMTwDnKAU5NhQc4yiobdgPdFaMlHsyVNj2k8ooc4DlNAGE9A4kT4HM+pGGDg44QEZqJRyRBAANgnYCanq1HDFj11n1BcSUCwGGF3I9UDJ9Sutcc7k4UKwHSXARjcpZChQ1JLLf6v2Sy3+r9kZbjkSSZkLhIwqCCkjB3CjknKRO/KbkI1wW3kdkrmo+q4SByh53RN4JgO85xgoZAaNTnYHqhz1LKeMve7GOF5j1/8AEqno4Tb6OoL3uyCW+qFS9B06ed8tsUWvXXxEt1oiFPTy63HIc5v+S8OvN+rLvUSSSSnQ4+VueAoVbXVNfKZKqbUckgeijZGOc5QN4PV6XQR00cIWe4O66C4jjKGBl3KkMGRlJlM6temlMayP9lIa1JjM7KVFCXHASJTyd7RaVpYBxtycFWdJRasEp1BbfEfqeOOAtDRWnGDxslOSPQaTQuUlgi0Vty5pLf3WipaENDSBjCNRW4NaMNVjDSkEABLc88HoadLGv8SPFTaCPKpzGANCK2EAbhIkAfbOUCZshFRQPSBydgs91H1bS2pj42EOcRjOVD6t6wgoI3wwOy4ZBIPK8srrlPcZTNK4kHgZQOzPBy/JeQ+L/TqH3S8VVyqXyvldpJ2GVAaCTjCaIy4qTHGGgFw2US9nlp2zs/JjoowcErrtLQm5wos8pAwiMtssCqKjHlGFEILjknlIgudklSYYhgHGFohHBzpzc3gHFEQ4EjhTxhoaA1JkQAzpTXyBpwVrjFGebwGB4JT/ABdQHlwhNY54BAUlsYABwmxjgy2TE0EnzIzABx2QxvjA4ThsN0YpzHJJLh4VACyPVccRhAcTqO5XM+pTMkHanEk4yp1vt7pMySYbtkAolst2r+dKPcBGr66OmjcGkDtt3VDVDjcNrKuKjjAbjA7+pVBV1ktW7LjgeiU8xnOd/VDbGcqOfovKSOMicSCeFLjjAwcfulHH3wnTOxgYVZQuTbHPLQAQQFDqalrGncIdTVeG1UlXXOkJGTulX6iNEdzH1VOTywlfXueS1qriXPJJSJ1OyU8AYXEttldLdI6FdSiNSXcFcSB2UkdaMlE9Nk1hAxlEyAEQmcmzicuNY6U+UKQykczBeeUyMMipSwMMZkwQEZsQaON0TAYOEk6MAHPcC2HZcyfRPII7J2AnfGEmxmr2XMj0RUlPjLyBxlFhiLnABdAycKdR0pcQ4hBYnFD9NTLUWKC6DU1OMAlqt6aPWQxo9gokTA3y43K3nSPS8tTIyWWIYOCAVhsy2e88XocyVNaL/orpAyBsr4wc4OSF63bKKKjgayNobt2UC1W+K3U7Y4274GVZxOOwJSbJYR9P8boo6aOESQSE/JQxunrO5HajHA9Oz2KbqA4K5kJMpDjo2TvG2xhCL8dklM5CHA5SJDRknA9ShukDGl2fzXnPXXXjYGOt9vndI/hxZ2TPxMuq1UdLDLC9eddiAOtNpky85EkjTx7LzbW+dxe7JJ3JTYmPqMHCtqO3udpGMe6bCGTxOr1M9VPdIj09G6RwOlXtDaA8AuGFJobcGYOgbe6tWMawYAWqMNpkVfsFHGA0DHAwnNaE9daM5ThqijmewC7DGdQ2T4o84JCkAAIglWJseBwkcNXdeBwoFdWsgZrc7BHAUcsBqOOyRLKACfRVNXcTwH4QpauepboHlB9E2Okc4glVvIRpH1k7gWHI7qVT0riQHDBU6lpgzsEUtaMKxYGOkazBCOI2jsm5CRxwoTAQYHcBc142QC4Z+pc8ZqhN2DKpmsphrKYDPij9VFfdIGjylP5PzE6miZuRwuHZVEl3dxGchAfW1D85dsfdHhjVpbZdIvH1Ubc5IUM3SEEjuFVume7OXcpmW91fRphoZvsny3k7iJqivr5pRguQdPoV0RuJ3UckjdT47+w8yyk+Z2Ug/GwanthceyI2kccLPKaZ2dN41yxhDASeAnBhKMKfG5/zRmxEb4wkylg7NHiG+0RhESfpRmwbZLVIDQBs1dx7LPKw61PjVDHBG0AbZS0k8FHMfsnNiLzws8p5OnDSgAM7BEEWcDCkMo3PUqO36MOmcA1InPBtq00faK9tM4/SOfdHit0rzlqmzPt9K0HxBke6rKnqaCAaYjj7FZ5ts2wrphyyfHQQsGZt8J756Cmb5HDKytX1NPOS2MH7qGHV9WctecHslODkW7oR/A0tTf6aLIac4VRVdQSTgiN2yFDZauUh0g+6soLPTxgBzRlUqE/yQqeoslwikE9xqXnSSQVJitdS/d7cAq+bDBA3DGgfkhPqWt4GU2OlT6ETsb5kQY7VGwAubupLKSnYNmjIXJarI2ChyVZBxjunw0WejJZq4V9ks+HHnSQEB1Q07YChuqnHIHdDMVTIQGNyCtFeheeTh6v6j0+nTWSS6dueQh/MatsLsVumJBkzgqa2hY0DS3B7rXXo1H2eX1n1XZYsQ4K93zDz5GZyuNpJzu9uMqxEYb9IwiBzWDURlO+CMDzd3k9VqJZnIgspg36gnObGzHCdNO3cAYUMOMj8Eq0hLk5cyJB27LmpObGTjb90ZseANk5IUmkMDTnhPDRjhPDQE7IxwrKc2ugbWBIaRvsu+IOFVV90igcY2uyfulTtjHsbFb+ibLK1h9vuqOvugkeYoTsNifVRqmtqao4DiGoFNRzyyhrRjuSeAuVqNfte2B6XxPgLdTJSsXBw+NK/J3yp1NQu2LtlMprbgjbOFZx0wbw1cm7UO38j6b43wkNOkoxAUVC0AEhWAgazcDddjja0cYRmu2XPtnk9NRp41rCB6MbcJzNLRnGSE4uABycoLHHOyz8yNaaQXxAdkMvcPddaXZw0co0dLLKQXtGlSNeSStwAZl/0jhSYKbHmKK9tLSN850rOXfqVjGup6fORtkFPhSY7tbGuLci8nuEFE05cB+ay936kklDmROyMqhqblUVOz3nH3UV8wAwtlVGTzGv84nBqPAaesdIXF2+QoTp3HbSntY95GByjiiaG63DZb6tN7PGavys08ReSIGySkaRkd1Jjo4426iMJfM00Qww4Khz1krzgP2W6FcYLg4Vl1t0syJL54ochjs+qiuqtYKiuc4nJKarl1wSMeTr5sOIA5QNRccZROSutYAQSs9k8GyjTO1pIQjO2QpAAwAAma2twOMJjp8jAC519rZ6jTaaNCwh7psY7rkczuMILWPe7jlT6alwQ7usMrG2dSmDfQ1ut3ZObGc7hSg1jW4wFzWwfh3Vd8m5JRXIxsO2cJ+kDbCHqycAJ7RqODsoXv5HMYO/ZE2Awlpa1uo7BRZa6Jvlad1eCTvjWuSc3yglRZK2OLI4JUR76mfZh8v3Raek0OEk/mPYdkTizO75SfB3NRO7IGQjRwO1AuC783TQg5cBhV9Tfo25bEd0Uam+wbNZTXDdJlv5YWAHhRprpSxbF4JWdnulTK768BRJHl+5K016fJzLfMrH+mXtRfYmHELsZ9lXT3OonGC7YqveRkHlPYtEdPtOXd5C23tjpJXynLzlM2S/JODdSdGtIxTuy+R2MokUReeEWCDO7gpbI2sHCco4Mltv6BRU0YGXDcIjiAMAJr3b7IYce4TYxSEpuQ8knum6fddSVhgkkl3BVBjk3cnAGSeyJHE6YlrD5j+y9E6R+H7YY4a+6gPeeBjGVlut2rB0vF+Ku8nbsr6KzpHoCruz4qiqxEx/Ac3O36r27p6x0FjpGRxxNBaNz6p1otMVJC06ANthjgI1wrGwN8oyW9vVYJz3H2TxPiKvGVbK+/wB+wlyubYI/5T9zsAFTt+ZrSTITgldhpZ66oBPHOewCvKelZE0AAbLLOR36632cpqSKCFrGNA23PcogjHc7Lj8kbbAKLU1r4W6WYKztvI7GAtZU01PFlpOs7AdyVXEPlaJKge4CExsjtVVVbn8I9EJ0tRVPEbHEBWC5YFPM7RohGM7ZVnZLM53+81LRv9LTyiWq1iN/jVLdWOAVOrbtT22EvcBtwMqE49kp8kFDDk4GP3WHvnUxme6GH6htnPCiXi+z3XLIZC3JUGGm4c7lC3gzWy3PEGDZFJM7W9x37qfFBK9rW00OrtsjUVulrHiKJh35ONltbLYhbWtcAHOA390udqiMq07k8srbV0xDSsFVUDM7xnHotHRU0j4w6UBjD+HHKlNoyWtnqBpB3AQrhcI4I9TcABc7Uaz1FnX0+iilljpJ6ekHnONtgqeqlmu0ggpAQM4cUqahr7vO6V2BF2cT2Wrt9uipIQyJgz3OFyNRq16OnVpkuiHa7JFRRNDmBzvUrRUtMdiR2RKaiEQEsoB749EX5mEDEIL3DgBca++UuzdGtRO6I4xhxwmMZV1x8KkZhh/EpFDa6irf49Zsw8tVjVVlBZoQ5+ljezRySsjsbYzHpA6a1U9IfFcNTu5KiVFfJK4xUkes5wAO6AJbpf59NPmGnJ9eytYaent7fBbhz8blTcmEk0RWRVDSPHwc9lKbFE3zBgB9V1zhk6j+Sh1teynjJc7SeynYRIlqNPsPVUVdeyZTBSed/Yeqbqr7w4xQksjP4lc2qx0tvw4tEjwOSFYMngqKLpma4SCtu7zg8R+i0dLT09FD4UTA0BElnBxgKtr6+OCIyPkDSFAJLJOkmaznGCqG83+KkDhG/VhUl06hnrCYaYnQOHKuZDK465nZJ9UaWQTtZcK25PDnPLW/0gp0FEcgsZkqdSW18pGlgAVsKWGjYHad1ojEpywVtNQPfgytwEaaalowC3YhDrLqBlkJxsqaeoe85cOUWUiiVX3eSQ6Yn7KokJkcXOO5RSNRyB+isqC1CZofOMZ4CjeACnhpJpnYjblXFDZtgahn7K4prXFDgsCm+FsBjhU7URRyQqahip92BSxg4BC6WY3I2USouFLBy/J9EuUy8E+OA7OxgHuo9Zc6aj/lsJdJ6BVk1XdbhiKkdoh5zwp1BZdAElQ7W/HJWadgWMkV/wDELq3w/wC6aeSO6nW6zx0LACA4+pVlTQNYMBuylmIHTpCROzIaiyLHCeMKRHBnfGFIjg9lIjgzvjCzzswOjEisphzpRY6fzcKW2n2OW7/dFjpsHcLPO0MjR0w28qOym74UplPnHl/dHZT+oSpTbFkTwf8AD+6QhH9P7qwEOPw/uuiL2Qb+RhC+XOQNP7p4gPopZYNlzSfRXnJRG8E+iQh33Urw0vDUIBELcbldELQpGgpaCoQCG42C45vujaVwZJ4UXZCPp090tIOC44HqpDg1oy4gD7rM3nqcRZp7Y/Mv9S0xiW2W1ZcKCgj1zT7/ANKx1xvNXcJ3thldFT9lFeyapl8epkc9x3OTsiAtjAwBstVdeRMpNgmU4aQ4gE+qdI9rBtgpslQcBoCGyNzj5jjK0xWAcHDI558oRGROfthSae3kkEjlWdPRFuNsIpSSDUCrhoHOOSMKxpqNrMbduVPbA1oHlC4cMHCpWeiKAwQNjGyj1lQ2FvCFW1xiwGjcquAq6yUNzgck+ivOeRqhjsBUz1U0mImkjuplJbY2gSyN8x3UqnodG+PzypWkNACNvAxL9A2sa1oaBgBcfpx2Ti4YO6C2Nznb8KoyyQE5/mIAyhaXA5KsG0zCzIG6Y6Jo5aFaKZELARuEms0go8ga1uo8KhuV9cWupra0SSHk54WiqDkZpyx2Ta6tgoo/EkcNu2Vl665VlxLg0mCA9xzhGjpZJGiSvfrlO5bny/miSRgDAAx7LfTTjlmS2eOCDBQxU+C3cnupDQO6JoOBhMlkhgY50zsEdvVbIVmZySEYwRnso0k0UOzCXn0CRlnnIEQ0xcjKJHSxjzNGH+q1QrM9lmSKIpZ/5sg0tPZdY1uThqlubgbqNUzU1JEZJSGMHJK0xqbMF9+1cjHNB5PCpbzf6S1Zw4Pc0bb43VLf+r8l0Vsdsdg/1WQn+Zqn+JPI55PqVsqqOJq9bziBPunUtyuz3F0jmN7AFVJjL+QpdNSODgCzOVa0dnfI7MjMBbq68HKnKV3ZRR0PiHBVvQWmM4c4bhXkNopmNBLM+ylsgijbpawBalFIGNWCuioxCAGtTzGANzwpbw0d1DmfvgBNjHILwgMijyEjsivyTlMkGWpqrZktn6I0nCjuGchSnN3ySolTI2NuokJm1ox2WKPLBFgHflAmc1gy44Cg198p4fLnLsbLP1V3qKrLQ7SE1VNnL1OtrhHOS6q7nS02cPBJCpa2/SSsdHE/YqvdqeSXHJQjHpO4To0tnDs8lOQOWSpmwHzEoIbp5U2np3ynSxpJU+ms5+qdu3ZMVeDLZc7eykBLtmt3RqahqZ+WaAe5V94Nuox52hRaq8xNbin29gi2CVOMe2DhsjG+eeVhxvgJzpKKnwIcAhVs9xqnEb4BQmsfMc5KtQFWXZ4gWE90fjTE4EKGJpXkj13RoKT+oIr6ZrRwAjjHBlnZa3yR9GRlMIYzfZckmZG7TnZRpZ4x9L8lTGRcrEvyDPmaDjCG6do7KO6obtsmuqoNsuKnx5A+X9B/mPQJpqHEfT+6A6eM/S7KGZvZX8Yt3Sb4Jfjkn/1XdTvVQPGdnAC740/aTH5KOsYrXjkmOklzkEgfZc8XbcKHrnz9ey6JXeiCUcAu9+iT40fDiQuPa1w5QPEH9ISyfVCqwPkk+xFm+yGWnCInHhSVTZW5MjBxa7ZEFQ7OTumu5KZrOfpStjLy0SfmMjzDZL+S/wDFlRTjukD6KLKK+TkMIYm7sGPzTXPnGND8ALmrB5T/ABB6KYyWmNFVVg4MikxXKZgA7+xUZwB42QMEbZwr+OLNENROv8WaOh6pnpRoMxb+a2PT/wAU7jQOa1tXkD+rcFeUGM5yiMdjsky0sTsaP6k1mlaxLo+lbT8VrXXiNlY1sch5cDstrbr5a69jRSVzNXoSvj2GulhdqjcWkforW2dWXekqRIKsgDsslmjyeq0X1rultu4Prts9cx+Wva5vZSW3OlaA2qJid6ngr5/sHxkrqBjWVIFQ1vYu3x91vrP8VumLuGx148Av7uwQsk9O4nr9H53T6iOVNJ/o9NidFIMxva4eoOU8sA3BVHbXW6ujE1puDCeRodypxq62nIbNBrH9bUmUXHs7FerUuOyXp910jKFDWQTbF2l3odijY9DlCao2xkLw24wmGMjjZGZ9QRNAc0bYQTeBuEypuVjtd4gdBcqOOYEclu4/NeW9T/BWCYyVFnfp7hi9kDM7BcbAXcBXG6cXwc/V+N0+qjia5Pku89IXqzSOZU0z9Le4CpSJIz5mnC+wq+x2+4ROiq6Vjg4ckDK836m+DtK9j5bW0EHLgw8hbK789njtf9NTqzZRyeGRzB3JRmVE9PI2ammdE8bhzThWl66PuNrmcHwPbj2VPNT1lI0PfGS1a4XZ6PN2aadfE1g9E6U+K1Zby2C+66iPGPEB3C9UobrbbzSsq6GZs0cgzkdl8zxVMMvlPkd6FWNrvFyskwqLZMGO7g8FaadRLOGYbKlI95udkoq9pEkYye+NwsBfLRVWeYskZqYd2vHBCvekviVar6RRV5+Vqo2+YuPlf9lq5YqatYYpomSMcNtQzsulVbk5Gp0yTPImvyCWnH2KnxXSnqaf5G5R64yMB2MlaK+dBS4NVZAC45JYTssJUCRsj4J4zG9hLXNOxBWmE8nJt020fduk3wxfP2V5laNzpO7VWU9xma75W4Rj087VcWm9T2l2n64OHN9lb1tssnU9KJaGdkc2Mjtg+hWhSMUq+Sotl1q7bISx5npXjBi1fT7j0Wmpq+lq49cDjnu1w3Cxj6OttMvgVsfkOzZBuCpVNVPgkEsL9/vynKXAiyvd2belrZqR+uF5afZaqz9SU1RiKsbpPGcLz+hucVX5CNL8cHupzHjVseEZxdb4+Mvvgj1eimqqR3jUMuWHzAA7FayhutsvkHy9W9sFYBggnBXjVq6grqTAD9TR2JWvoqqlu8bZ4naJ275Bwco8o81bRKPLR6BNFJTxCkubWyU7vKJfb0K8/wCsPh62AuudlHl+otG+QtdZuqw9os97a0ucNMUruB91ZGmkoG6tQmpZNiBuB/6K08GffOs8js3U9XbcUtSD5DweV6LYr5FVRtPiDDx68FV/V/R8NxpRX2mNglZ5iAPqHosFHWXGyy+G5j2EHcHZHjcU8TPbGvBGR3T1hOmurhM8RTOznbBWyhqRIduDuglHAqdbiS04jbATQcjKekyipdgJtPKPIfiD8Oam1yv6lsDSadpLqmFo2aPUD9VnbRd3QvbPTvP+Jq+gtJxleQde9Ay2iqffrBERC86poG8A9yF5PzXiYWxcoI+mfSn1PKmSpvkX1ou0dTEJozhw5wdwvU+jeuvEiittzcHEbMkPJHoV86Wy6u8tRSkhzPrZ399lubHeIblH/Ldoe3t3BXyjzPiG28RP0L4P6g3qPJ9Iup4aiESMw5rgqWopprbN48GdBO7VlujuspqN7KK4SamEYDivQnmOqhEsJDmu3Xgr6J6ee2R9B09qthuIdJVNqmam9uR6Ke0qiqopKGT5mlacH6mKZQXOKq8h8r/QpLHNFsDlDI0nICa2VpJCcXahhVgrskU8uryo4xgtIyFWOc+mla8AlrtirCN4xuVaeOQJRyU18oBpE8LTjOCAsfcoPJ40Wz43ashelOYHAg4OfVZLqG0OtsoqohmKU+YY2C26bUbJoz2171hhra62/Ffouu6A6lx4zIPKXDOsYIyPscL8zv7QPwSv3wp6uqaKajIp3f3JaCWubk9/ZfoFVips1RF1FaXObJSnVhhwVO+L/Q1k+P8A8OXVdPHCbvE5uPLhzHY9V6/xWulp7lOJ5TzHiar6vis69f2Z+TTM435RMjsVfdbdI13SV4noKwN+sgaeFmwCN87L6dpr43wU4vs+R+R0ktFb8M+yQyTfGOUdrid8KG3ZHjOOy2xnjg5koh12N2lw9kmnLUNv1lNTFyjlYLunILRupkTzxhVdGcDnKnRu34WiLMNq2mgslQfELSdsKyrXB7cYWdtkxjnbtytE4tc3OeyepZWDk2w2zyV9PII5titG0iam8p5Cx4eWVB+61dpk8aMRgdlpgxN8G1uLTpuR7JnxB2W+isblEXxSNZ2GVn7c6SnumluwJ4WkqnHVjHITnyjnz+2zKPPK4ESkH1QY3AcnlS7u3TM8Y5cVWwkg8rJKPJ1KuYJklgzM3sEyc4P5p47FDlGcJUo8DqW4S3BIpS3BXpHStYJaPUzfAAK8yaRutp0fWN0CNp74cF5PylXLwfSPp7V4ijQ3holjc9zd1Rxu2A9FpaiNrxgjIWYLdFU9gJwCcZXnrOD3dVmTZfDC6/IdTMiMgaJm4yV9BQvJcD6r5WttU2gulPVPB0tdgkL6ctFaK6hgrGtAZKwOG68r5anMtyPW+DvynWXcJyFKj+lQYiAcKXC7SvN2rDPVrgNgpp5KK3BHC5p83KGPYbWSO9vbK+YepKb5Dra40UW0b8SBuPpPfC+pXM3zlfP/AMW7e2j63p66LAMzAXYGxyu/4i7ZZg839QUZpVn9zzjquhLWMqmt3Aw5ZGcHYheo3ulZLQvLm9l5rUx+G8j0K+haHUOa2yPjn1PoY0WKyPsBT1Pgv1aeFqafRX0w04OpuVlAzfOVa2Wt+XqhGT5HbYW6x5Rw9LY09rKm6RuoanOMbrddF3tszWN1bgfsqfqG1iqiM0Y3AyqLpuvfb64ROOBqXP1EMnpfH3Omf9j3V7W1dKWc6hsvP7nTy2+v1DIGd1sbDXtqIG4dnbIUfqS3NlY6ZreRlci2Po9fGScPlRCoajxYmvacHn816V0fdvmabwZHjW0YOTyvG7XVvjmdATgtOwPotfZbi6gropg46DgOXH1Wnz0dnxuqy9zPaaKYggOCtGMa8B2eVQUVVHVwRzw8OAPKtqaUggHsvMamvZLCPWVz3LJYUj3RSjPCtmO1jIVQ0Z0kbKfSS4GCsbeB8ejtxpRU0zoyMnGQs1TRYe6J2xbstfu8Kir7eaet8VrsB4yjhIXZDLwUd5tpq6YhoAczcKqhhc+kY3uNlshTCQDKpJLe6jq3xv8A7uQ5HsfRbq7OTJbTlFLh1PIGuA0nYg8LLdV2dul7mNGCSdh2K3l6t5jp2ytGw5VJLTCupCTgnghdOi/BydTQrI7Tye1TGhq3wu5zuPULMdX0MrHC4R8eIc4W06mtUtrvcdd/wnnS7AVJ1IwVFA4MH4sr0vjtTiayeJ8tomouK9HhnUta6qr8PbgMGFRTAYBC0/WdtNPKKpjNjysuHktyQvfaWxSqR8o1dMq7XuAgnKkMcNkBwI4SG+CStanyZGic1ytbdeZ6MCMkuYOxVNGNgitW2uzgTbBWRwz0G310NZG2RjhnuMqyjdtjC84oa+ajkDo3nHcLW2m+U9aBE86HgdzytSlns4mq0sq1mKL8k52RGHCjteD+aK13sm5OZ7JIfnsixcqKTlFiJBAT4PBWGT43H1UyPfuq+MhSopAAMpuTPNZJehINIXGPAOCjamuAACIA41Gj+pCRGAnOEYiwmxcIiDGiDlGgCTGcqQHY4UZnZHYdgSmoRNZDx8hSWcqEzlSI/pR9CyUOERRxyiDhW0QlR4yMhHURpUhj852RABkRqEDlEaQgACoqDkIoIPCgGAg5RmkEcIKeDhQEOjM+yCisOCjQDDJLgIwuogR8ZGQjNIUVqIw4xkqsFpkpPQchPUTyRrA9JcyF1WUJJJJQg/JSyUxJQg/JTclcTMqECZKZkriYTsVTeC0sj8+6bkoW+vkp+QG7nCpstI68j1CiXG5UlsgMtTNoPI2VJfurLdZw8vl1Fo23XifVfxBuV2qJI46jybgAHYBFlGvTaSeoltRqevfil81G6gtrnNwSC8ckLyepq5al5klcXO9SUOSpc53mGSUwODhwkyng9VptIqYqMVydMpOy63U7YrjIC52VMjhwB5UqdmTsUaacu+gTISSHKZHHk4yuxwn047KbDSPecjAyszmdrS6TL4GQ0xdwOVaUNE7UDhHt1sccEszn3WlobaG4OjGPdR8nodLotvJFt1tyDlmNlfU9DgNPsj0NGGk+TGytI4GjHlSpJo7dFWxYRGpacAYIUoRD0wntYGjIGyiXK7UNth8SafB9FTew1OUa1ulwPqqmKmYfEdjbuvPerOvY6fVRUO5Ozngqm6u69nrpnU9JJ5QMbLF+Z5y4k53ykuw4PkPKx/2qWEqauorZ3zTvzngeia1dERHZcxp5QNnAcs8scCByEnybZA4TXO1JpdgcK08i5SSOvmABHsouNfmI2C6Q6V2cKSyDAG260QjlmS2W4CyDUBspLYi1oOMrrgI8ZTXVEjhpZwFrSME5KI2Sd7CGtxunQwvkcHnsiU1KHjXMN+ykkMiA0haIpmKy3LHMYGNAS5S5TvpTjLKWTn0pZ1JPOVwcKAnUsFc/EjNaHIQ8AdOTyptHbzMQ7T+aLS0PiHUW8eqLUVsdHGQxwBATHwHCGeZdCrK2Kkh8KM4wMHfkrO1MslTJrcduw9EppJJ3Fz3ZycpgByqUshWTzwhzWeyOxjdIQm7Lpn0txhADtywxe1o3IVbXV7WHAGcINbXtYCQTlUs1Q+Z+ouKx3anZ0PrpzywlTWOme45JQCMpqeuVbOU5ZkzVCKiMXRylgpYPoq7G9IJsQNlwjHddjaXZDRlSIaSVxy5uyKNcpdAOfJEa0veMDdWFNRbAzDlHiipox5xuFySXVs0bdlohWl+QErN3B3w4o/oaB9kwlz+y4A4lGawjcBOjBCnLAPBK6n6QO2U3BTYxwUNwEzBzlSNDvRM0eyMI4OEk8Mz2TmM83CpvBFzwdgiL3jZXNPGGMGyjUrGsA2VnR001XKIomZzysN08nrPEaL44pLtlx0tYnXOoEpjJaHYC9u6YsLKNgdKPpGyzfRNhFHTRF7MYGo/dbqAkH0CxzeEfVfD+P+CtSkuSbpB4Oy6HsYfO7C4zjdJ7GStLH91isnyenrjtjklwSMmH8t2UZUGqotNQHsJc0/phXMFXFUxiSM88j0KXwxldinw+wmSlkriSE0Yz0JKV4Y3JIx6pkkgY3O2PVecdeddeCDbrYS542e5p7qCtTqY6eOWF6665bAyS2W+TMh21N7Fed0sM1TKZZXZcd3H3SpqWavldNNkuO5JWjtlpMbWuc0DPCfCG48hqdRO+TlJkegteohxatBR0DWYO3CNBStaweUABFAaM4WuEdpkUUPbC1gwEMuA7JxcScIrIinBRhkZFl5xhHbGF0ARjhN1tGSSoM2DgMLks8UIzI7ChVVw8Mlsbtwq189RUHSQpKWCEusurnO005wq8eLK8ukJKPFDg6nNRwxo4CDO4BxyDhiDRuFLjDQhjA4XN+yhTD+PowAEN7i7krjnBoJJ2Cr6u5xR8Hce6MXKaROaXck8Jk0+BjCo57vMdmnA+6hyVdQ5270WRTswXc1xaw4cf0UcXB25B5VS6cYBccofz0ZwOFUpYFymZXxH+pXNR9FK+XPonNp91vbSPikPGb/RHiaecI4ACkMp8Yw1FbSOPKW7Ujq6fxU2sYIRY4kDC62B7iNlYso8YJCMyBoAy0bJUr8nSp8Jn8iCyjdgHGEVtPjGQpfhdsJ4hHOFnnc2dbT+JhAA2EAYRPDGMIojIRm07nY2/NIcm+zpV6SMelgjtj7AJ4iHPCktgdkEongxcyDhBKeDXGjCIYj1cbrohJOFJlqqGBn1AEKpqL/FGS2EjKrOSt0IfkWbKXUAXD7rsslJTAOJDT91m5+oK1/lidpBUX/fa075eky5Irl/QaCfqCkg2aOO+VUVnUk1SwxQ534TI7JVSnLxgd9lZ0djpmEFzd++yTJZYanbPsoGtuFbjUFJhsNS8hz+PstPHS0tOMtaMgJpqmxjYZU+OUukSX7ZX0ljhjwXNBP2VjHS01NuxgyEE17WnfuolRW529fdNhp2zPLVVw9lhJVNbxjZRZKxvbCrJa0nuor6pzthutVelyc/V+UrqjlzSLOWv7asKBNW+6YymrZztEcHup0FjLyDUjHstK0qR5HWfVKhLEOStfVzvdiM8+yNDR1UuNcZwVoKW108A1NaD9wpegNGwCbGpRPLazzupvbwyljs8IAc4HKkspREPKFNLRwuODQPdPUV7OYrZ2czZGLRxhcIGE6RwBUSeraG4IQyaiRLIp5A04GCoM1TnyhBmqJZHYYcZShpnEhziktuQ6P2nDrkPCPBAQQSEeKmwAS1GbGAAeEUYlTlg4yIbZCINlwu9kN8wbu7YK8illsI4j1Uaoq2Rs8xACh113gjbpad8bKhmqaqokOMlpKy3XxiuTdpNBbq5bYIn3K6jSY6d255VM6KWpkD3EnPdS2UT5cFzeVaUVDpwSB91xdTq3LhH0fw30mq4qdqINLbztqB/VWtHSaONhzypTKRowQ3hSxC0AdlyZ2ZZ7/R6CNMcRQOGJrQNlI0MahkYBTZCBtlJcmdOMdqCSb8IBk07YTHztjbku37e65FDNUyAHjkqks9gSt9IJ4heeUeGjkl3GwUqnoIo263hQLl1HQ23yk7jjdMhVkRZqYVrNjwTfAERGsjblVVz6shpJDDC4HHfKyl26sqq6Y+BK5jTyAqaSQzODnO3WiFDZ57Wec2y21lzX32rrpDqldpztgqCXYBJO6jsYDhF8IPIzwt9Gn/Z5XW+Usm9+RmdZw1uUWGm21yDcpa6enBzsVGqLp4gLWuz9lujVGPR523VWXP7nwSZHRQM1d+wCgy3CeVpYdgUNz3vHJTAMJu1IQkCJyclcwfVOIA7piBprotI4uHhcfvuCgOlOQMIZPgdGIYcldeduUxh23TXk+q511nJ3tHWlHItTycKTBASQ4lBiAzkqU17QAAVhm9zO7VGPsOxjG4RPFw3GFFD+4PHuuiYnygJahk1qyMV9oYzEuxhJpLu6F31YQ31bY2nfBHdGqsgS1KX5E0YjGpw2UapukEA0sdlxVdUXB9RmNjtu+EyGnjJDnjJTY0sx3eQS/Fkv5irqyAwksPujx0wjw6Q/dA+Zjp4vLsewUSorqiUY17eiY9O2YrfJKPfLLSWspaVuGyZcq+W6VEuWhw0qC4l5y45K61Mq03JzrvJWWcLodJNJKcvdug4HoiYKGtCoSMUr5WPLEknpJirSIhhGUgMJ4GTgIkUReUSrI3gEGknAClxUoGHHlHgpWjsnkYGE1RM07MjGtDRgLpO2E0kE4SRxQL57BkEldxhOwE1WV0NTkkw+ypvAxvA9GpKGruEogo49byjWu2VF1qW0tO0lzjuccL1jpzpihsVOBhss7tySNwst1yhweh8P4a3yD3S4gQukOjYrRHFWVcTHzn1Gd16Tbra3y1E7QMfQ1K0WsRsFXVtG4yxn+qk11SIItY98Bc623J9e8b42rQUqFaO19bHTR4b9R2AHdVUBmrp/P8AmmU9NU3GoySRk5z2AV9FRw0kbQBv3WVzz0dqusVNTtphhpynl2BjK4SAFDqKlrMhIk89GjG0dUVLm5DCoJmYMySnJB2CU0pzk75TaenfNIGt3z+ypIAZIZqtzWNGGlX1qtcUJEkmHEDb2912joI6U6nlrttvRV3UHUkNFEYYTv3IVi28Eq/X2ktoIY4PI7BYKsrqi5TGSQnHYZTHyz18zpZXZ1cD0U2jpAActVdCpSc+ERqamORkbq+tVkluEgjj8oHJwrKw9OSVDmPki2O+/C2NHb4aUARt0++FkuuVaNOm0zk8kOitUVDG2OJm45OOVN/u8YxlMqbkIpDBRO1v7IOTENT/ADSO3cVx9Rrc8HZo0mBtbXSMbh7s54CHTWx1xAkqciMHOOMqVRWt8rvm61xwd2t9laU9LLVS+HEP5Z21LlW6nJ0oU7RtLCWtbBTxDSNshXUFMKeFvi7HuSnxU0FshwDuNz6lPp7dVXF5mrRohP0t7lc+23JojHANgq7h/JpYz4Z2Ls9lb0FrgpYw0NBI5JR2tpLfSbHww391mK29XC+VptVgZlrR/MlJ8oCyt5DwT7p1Myme+goMSSu22KFbumq24N/iF9kDdOC1h4wrGxdNW2xxfOVpFRUu4zzqU98s1UQJXfy/6UttFrd6F4kQiEFFEI8DGoDsgu0x+d5zg7ldnmiphvjceqqZ6ie5O+Vozpz9bjwAh5yE1hcj6+5M8XTT+Z52DfVNorBU1MorLi7SD9LVY2600lE0PeBLIPxEKVUVDQB6BMQLbkOEUFOzETA3bsorptOSRsVGr7gyljLnu3HAzuVmLhe6irZ4bcsCYTGC0uPULIHmOI5I9FnKmomqpHPlfkHt6IYic4jO5Ks6G1yPcDINj2RRjnsjZXU1OXOy1nHor6it4bG18zdzwFJjoYYGhzWjZV9wu3gkxwHOOSnpYFTJs00NDCTnfsPdZ+tus8zi1rtlFqq6epOHOQY2Fyty9CsjiXPOc7lEhgdK4AjZSaake8jIVtS0LY8OLUEm1yGRqK2RY1FgyFaQwMYRhqdG1jBgBLUAcoZSbQSiHLWtAxuiBuRlDhaZIw5PeSBgDKzuT9hbSuuzax2mKkeACPMoFJYXPnE9TJqI7eitpI5XPzg+nKkUIaZBE76iqbeCOIoaMMHlACmRQk42UmKkJxspccIGMtWSyzaNjEixU3spTKc5yQpEdPxlv7qVHTYI2ws7uGbUQ2U230/llHjpt+FMZTjH0/upDIN84Sp2OReUiE2Ag7t2+6MyEbFTBDgcJzYUmUiN4Asi3Awith2R2R7BE0DSqyKcyJ4Q9V3wUfQc50/uiNYMKZRWSL8uVz5fG6l7eiW3opksjeGPT90vDHojEA9ksBWUA8M+ibgKXpGOFGPdx2HqjSyMQ3GN1BuFxgoI/EfjPplQbvf4WNNPSP1OPJCzk0sk5zK4n7rTXU+wZPArjdKuvLix5Yx3ByobY2tIcQCUVxa0KPrc4loHK11wBXI58gAwGqPlzzwpMdM92/OVY0dsccFwCeopcEwisho3PIyMZVpTWwNwX/rhWUFBHGNwCVIhi2VOW3omCNDRNa3jZGMLWlSA0AbbIU7wBsP3Q72xiAvOn3VZWVwzoYPzTay4ZJiiz6EoFPSvldqd90UVktLJFZSz1E2oknO+/GFZ09O2EYwpEEAiH04RDho5TMDlDI3DWjPooszidm7o4zO/S1uw5R4qWNo2G/qoRtRIUNLqAfL+QR/BYBspDm6UIyAZzgY9VaWQXLAPTjOFX19xhpWa3kEj8OeUGvuxc8xUuSRtkdyoTaYOe2erGt491qpqcmZ5WLor5Za+7uL3F0MBPlbndc+WipR/LaM9ypr5Wsy1o2UR8mrtwunTQkZLGCOXuydihyu8NuTwm1E7WDY79hlRo21lS7Dxpb7rVCDRjtlk6+uIOmDd/ok6kfJI2eqIJ7AdlJipWRYOBq9UXGd1shHJknJkcRBowNguhuN+3qnyu8MZJGPdYvqLrLS91HQEkt2c4cFbK6zFqNQqottllfepaW26g3zuHG6wV0vFdeXnx5XBh4AKjl9RXTulmdqJ7HspApHDTpat1dJ57UaydxCjoNWNlOpbZLK4BrFZ0Nrmc0O0jAVxTwiJoaGgLSq1EyKOeyuoLM1gBmbxwrIRNa3AHCMxurOU15aAcJkUscDYwUQL9LQocr2HZpzhFndvhQ35cdm90+MciJ2KPA18pdlDLdQweyLggZPCj1FdT0+NTx+a1QgYb7owjmTGOb3UWqqoKcDxXgKlvnVcbGOgpeeMhZOpu1XVDTK84+60RqycHU+Xqh+PJorr1PA1zmUri4jbKzVddKqq21nBQXEHsuiIuI/6J8dP7PP6jyMrZZyRTrccuOSugEcqyjofFxhqnQWhgAdUAYTY14OfO3eUsMD5ThrSrOms7cA1GwKmVNVRUcPlwXDgAbqjqbtUTjTkgegKbGOBKmWNRLbqF/hscCR3VZXXx8o0xOyAgCjmqnAkEgqXHaadgGpmT3UcAZOT6KoOq6p3dyLFaqhzgXt0hWhfTUjRqc1mO6hV/UtNHFpZKXn0AwhSQG+MfzYeG3wsH87DsLs9Xa6NupgBKzUt/qJiWt2B91FL5JvOQTkqZwBZqUvwLurvlPv4TN/ZVk1wqZPxYBUMtxuU5VkySvlPsM6aR/1FByknq+xMm0+QZLjymlpPZE8q7gJgSQIMwcgJ4bjsnEgIfiMG2UqViQtIJhqWQBsgeK31KXjN9Ur5kHtbD6t+FzZC8do2wuGRp2yorM9k2tB8j1SUcSb5yl4uo8I8k2hk9RvH9k8zA9lWUisMeuYCYXt9UtQPdV2Fgfp91wtz3TktQBUwimhnhnkBNLSj6h6LnlUlDJRHbqzuU4bJ+Bnld0nGUO1kwM8RuMaUzTg7Y/VdMZCb4bvVQZlDXNLT6pbjg8IqSrbkBCZOYXA/qrCmusAI07FVzmEhB8MDJSnUm8munVzqfBtLP1Vdbc9z7fWPic7G7XEcL0bpz423Ci8OC+QeNHwZGnf9F4SyWdnmjkxpUulutRnEpBA7FZ7dPHB6LQfUGo08k1I+r7F1/wBFdROaHVfgyO4Djpd+i1jqO4UwD6I/MQuGpu/ZfG9LdoPFaY5dDvUHC3fTXxH6j6akbPQVvix/93L5h/mufZpmnwew0n1RGfM1z/Y+joq1rjonY6J/+IYUuKTVu0Zz6LA9P/G/py+iOk6lgZSzO2LsbE+xW8hoqSqphV9OXAyB4yADqCy2VtHsNH5GN8U8h84OCE9pHogA1lO1v8RhbHnbVxlSAA4ZByCl7DqQmprKGkdwEgPZEAwkhy0XhPgo7507bLvHoqaZuSPqA3XmXU3wpqIQ+e0F043Jjcc5+wXs8jQ7lDY0NKdXe49nP1fjaNTDDjyfJV16efTzOjqKV9PI04IIwqp9NVUxx9TAvrW+9LWe/RFlbRsLz+MAB36ryXqT4UXW1PkqbcW1dPuQwDzNC1wt3HjNd9PWUx3VLJ5NG8A6mt0u9RsVt+l/iPU26JlDdQ6SNmzZR9QHuqCttbGucDGY5Gkhw4wVAfCGgeXccrZXqJRfB5e3SJ/msH0Da7wytp2VNNKJGOGRgqDfekLb1DmpiAiqnDGW7ZPuvGbNf7rYKls1FOfCP95E47O/9V6z0l1ra+oYGxR1LKetaP5kD9n+2g9/2XSr1PHJzNTov0ecXiz3Kx1T6S405YAfK/GxCqPmqi3yeNA5ze4LeF9A1UNtvEQprnTNkBGkOIyV5n1p8Orv04Za+2xtq7YPOW48zB6LbCzJwb9JLtES332ivNO1kob4mMOY7fdQKqy1FO901G7WzOdB5Czb46erHj2yVzZW7lrdnBT7T1lPSOFHemnLdhIByFohZnhmJxxwy1oXl51ZLXsO44IWgpapsjRk7jlQZKWlqo/n7dI2QPGX6V2CJzCCR2WhSFOtT4ZdxzPBDozwrSkrXsIlp5Sxw5wcKhppdA826M+Rww6MkH2KvcZNT46FkMJHoltvMF1YKStAjmaPK/OMn/qtVYupprU4Wy5jxKR/la48tXjdFdXFwZUyAEcEbLUUl0mlhYyR7pG48pd2TEzyOs0EqHyexOJpwJ6QiankGcA8Ki6h6Xpr5TOqKcAPAyRjcFUXT3VM1rHgz5mgP4e4+y0kFyjlm/iNql1tP97CecfZNi8HM2uDyjyeqpK6x1pDg4aStf0t1frkbS1L8O2AJ7+y019tFBfKQzwRjxHDcdwV5ZdrTUWydxDXDB2xthMf3jFixYZ7hTz6gByCpwaBg+q8r6L6316bbcpAHDZkhPPsV6RQ1jThkjtQP0nKROOBFtTjLCLLSCMcKNPBHPGYpWhzXDBBCktdqXSM434WOS9MFNrldnivXPQ9x6ZnHUdhaZqPUXVlOxu5/wAY/fZVVBVOnpo77aHnB3fGDuPVe9TQRzMMUrQ5rxggheM9XdJ1fQldN1FZ4i62ykGqiHDfcBeY8n4tTi5Vrs+kfTP1TKuUaL3ho1vTl+p71Tgx+WWMeZp5yvQ+lusHUL20VY/XGdgSeF4NBMGiLqPp+UmCTBe0fuMLZ2i8U10hE0T8OH1NPLSvlfmfEZz9p+hfAedVkFFyPf8AxIqmNs0RDmuHIVZV0Rjf8zTggg5ICyPSnVUlG4UdW/VGdgSt8x8c8YkjeC1w2IXgNRRLTy2yPoFFsbYJp5AUNxbM4ROBa8evdWTXqiq6N0Uhng8r+QeykW24tnPhud/Nb9TT39wlZHp4Ln6uybFKYn+G4+Un9Exr9s45XJmCQYUfQRZRvzhPqqaOvo5KZ4BJb5T7qvo3uxoceOFPYSPyQxlteRMo5MNUUTqKSSkq2eSXLQTwqW03Cu+G17NwYx81uqhpnY08NzyF6Rd7ZHcoCC0eI0be6yclG27UdRZa+MCRjTpB5C7Gh1TjLLEW1Qtg4yR45/au+BdN1RZX9XdMUkUpewucIhjLvX2Pqvz2u9trLNVvoq2JzXtJG4xwv1c6JusVprZfh31awyUVVhlNJIMt3zt7dl8uf2qv7Pr7XXVF0oaQOBBfBOzh3r+fC9/4Pyvxy2T69HgPqLw68hU3/wDVh1/dHx4HhHjdg8IDo3xPdDKCHMOlwPqERvde7jYprKPlM4OHZJY7bhObygBw3RmkFaYvIh8k2lk0bKeyQH81VMcA4KdAMgHV+S0RfBjtWSyp5dDmkLQQSGSFrs8hZmIcbq2oqgNiDD2ToPk51seQc+WTE+6ubHWETty7AIwqirw45T6SYw6cHBBT65CJw3Rwaqoc6KqbONt8rUO0y07J2HLXNCysmKihZMDkgK+tE/iW3T/SFpUuOTk3JJmSvjcVDjj8RVSDjOyvr+zyvON8lZ8HCVYdDTPdAKTnsmuGQu+4KXYpTeEaMegLnYJ3Wh6TqtM43G7lmpsjceil2WpMUzSSRg5XB8hVuTken8HqlXPaz11jiRqKpbtTGGcTsGxU22VZnpWOducDKV0jdLBkD6TuvJ3wPp+ms3RUimkcCM+m4Xv3wzuv8Q6ep4/Ez4TQF4AGjBGV6B8ILxPS3SS36i6J2+PRcDyNe+ts9D4m747f8nvUJI2UyHlV0T26uVMhIwF461cnvYy3IntOy6hMOe6ICAEoeOyMYPC8h+OVscKaiucDMeDJgEdwexXrqx3xUt5uHSVU1rdRjaXDbcFbtDb8dqZz/JVfNQ4njhiFVQN1tBcWrz3qugbSzMexunUSCt5YpXyUTWyHJAAKreq7c2opX+QFw8zSvdaHU4mj5z5vRfyNLJ4zg80z2ATGSuheHg8I8sbo3kYQJsYC9LFKSyfK5N1Swja2mojrqMMeQSW4WQv1C+315kaMAnOVJsdwdBOIi7Azsry/0TLhReOwZcBykXQO/pbPkgsdkvoe9HyxPfkjbdeiva2rptPORsvC7HWvoK0AnGDuF7B03dGVsAaXAHHquTqIbeT1njtR81W1mYvlA+21gnYMAlWdsrRVwtI+pqvOorOKyjMjRuAsPQ1brfV+DJxnC500pnUqm6XwexdDX4Ry/J1DstePLk8FegtmEeHAZXh9tqdGHsPODlem2K7OrKdsMpGQ3IXnNfpcPcj1vjtU3DEjbU0zJo8sPHI9FNheMgrO0Mxp378OVvHIHEEnC4lkGuzuVyTReQEPbyMplZBHNFhwyRwfRBpXbBwKljzBZ1LHAyUSnEWl2nPCFW0jpWa2jOnfCsJowyU7bHcJrm69s4ToWNCJRyilfTunpzTyN2IxkrGzwTWmvMUoxHJsD2z6r0iWnI3GFnOqbX83ReLGzzxHOy2038mK2r2YfqCysvNHK1oAc0ZG3deZCBwfNQ1Ddxloz2IXrdDKY6pkMm7ZPKc9ist1xYjbq8V0TPI874Hdd7RajDPPeQ0fyZkeK9VWb5mjmp3M/mRkkLyCaF9PM+F4wWnC+jOsKEmF1wib5XMDSB6rxbrG0ugkbWxs8r9nY7Fe98XrN8VBny76i8U4f6la6My4NOT3QG51bJ7iM8pq9BF/o8RhkiN5wM91Ia72UVhznKK0haYWYFSWQzSQeUWNxBBBwVGyOxT8rXCxsTg1to6h+mnqfsDlaWKoil/u3asry9j3MOQrm03+WkAjly5vqtEJ5OZqdFnNlZ6Ax2VKDWkZyFS2+60lUwBsoD/cqzjeRvyFoTOS4Sh+SwSmkggZUlhOyhCTg4R2TZwMJ8WxMopk1sjtipMchIAyq9sgP5osTsHcpq/YicSxBypMHOMcqtEzmtGBukysqo3jWMBMM7jkvBHtnhEHKgU1yikAa7YqfEWyjIRlYDMI0gImfRRgCDgorTluSmRlgVLokNR4+6itRQcJhnfZLaitIUdrgc7p5O/KsolDlHjIwBlRG8cog5RssmDhOyVGY7BAJRmuGOVQmSyHDnOIGVIaMjlRQcHKMyQYwoL67DojSQdkDITshXnJZNBGOU4HCigkHlSGuGOVTWBTWAweQnA57IAkycYT9YV5/YOP0HyF3Pug6vddB33KsoM1xzypIII5UQcLuT6qmWngkgnPKIDtuVFRclTovsKkmZCWQq3FYHpJmRnGQmySMjaS5wH5q8kwSNj3QsYVXUXumpjhzsk8YSgqa+4kGnizGe5VSkl2TosH1DQdOyTA53bnhRagUFoY2uvdQI2N7BebdWfGShglkhsrniPgZwl/IaKdLbe8QR6JdLvR2gO+blDXNGcZXlvVPxUaHSR0kxydtivOb31pdr1K8y1T9LvdZ8uc9xcXEk+qCViid7SeMcebCxvHUtyukrjNUO0k8ZVVGSN0/QSiRwuceEDuOzp9I0/sQzQXY2UiKE845R4IMkZGVLZSk4w3CRK3LO1p9I0+QMUPGGqYyD0CPT0TjjbZWlLbnEg4x7pcp7ju6fRSlwQqW3l/4Vd0Fr3B0kKXQW04+kBaCgtxGNkB39JoYR7IlDawzHlVzS0ekgqVT0gYBsFJih48qM6caFFcA4oWx9kUENBJOAO6FV1EdLGXveAewyvPOrevzBTyUlNJ5++kpcrFEG3UQ08MyNJ1F1lS2uCVjHjVxzyvIb91PX3mQgzODeyq6y41lxm8Wpk1eg9EyKJ7jnCROeTzWq8hbqFsT+0ayMkg4ySpTIsYJanwRgDJHCbPUMxpAxhAc7alydfIIxjYqO5xkOcYTd5Hd0YMEYBPJUFZwDPlCHoLz6I4aXnYIga1nIytFcBc54QJkYGDhKR3hjYokszYwNvyUTLqh+2wHJWuEDm33nMyzOwTspMMON12KEBEG23qtFcDnWW7uBzZCMABEa0nBcOFxrODj80UHHZaoxETlg6BhNT03BRgDQDnJTxwlgLo3VEOBmVMpqck68LlLTuleABgDkqRV1ENPDoGAR+6g6MG+fR2arjpICSRvwAVRVMzpZC89906oqDOc42QyMqmSbzwNwCnYC6hPe0DB2S28LLBUXLoc+TwxsqivrsgsGEy4XIOcYos+hKqwXHklc7U6vHETZTVLtnZpHSOySmAJLoBK50puXLNkYqJxPGy7o9kSGIvcAP1UUWwdyQ0NBCPDSuefoyCpMdLGAC5uTyiOkbG0BjU+MMci5zzwhjaeKADAwU18pGwamyOdIeDv7pzGbAYRx3dIDI3LnnJCKxu/CfEzB3GUYMDsYbjCbGLzyLbRxrBgFdw0ooaQlgp6QMp4A6R/V+y4GNBzlSNPuljHdECrMjNIxhMMQzs390QuDeUJ87RsqbS5GJNrgdjT2x+adTsJOR3UUyiQ4zhTqZzRGG4WK7UJcI7HjNDK2e6ZLiGcNxuvU+hunmiJtQYgRkHLljukrKa6YTSREgnDche2WK3CnpGxNaAGjf7rBO3cz6p4LxMXNWWLon0kIjADRyrKJuAMBBggI5GymkCJo8uchZ7LT3VVeBDyhJpOchDOXO4UhoDWg4WafLNS4R18QmbpcNim09MynJ0I7XeyR3Q5KWE8hGkJssjY25fx3UWScQsLi7hYDrPrOVwNuoZdTuHEFGlkq/Vw00MsZ1l10TrtVocQASC4HhY6hoZ6lxnmd5nb790+npJKgeI4AEnfPK0tDbS3c44WiunceUv1Er5uUgdNaWsYwNI9VcMhDQ3bfCdHG1jRnGwSDvZaYQURBzgbJmHE4RERrQ1wLgjIJkDjgkI5kbG3cA/mhmpjYMFVlXco4suyXEHhGTOCwkqAMhVs9c5zixvrvhVxraiomJa7AUmCJzgCUG5luWOhFpc8vPdPa3A2RBFjA/dO0tbypnJXYwnKI7BGCcIc07Yhk4UGoucbgQ3kKidE58zISS9yg1N3YBpidgqumkqJznXgeiGIz3AVOW0VJuQaasqJhgyED2UZzScknKOyFz9gEVtDIfrGyLIv43JlbI/V7YQXSEjAard1uh/pJ/NOZb2DBa0K8l/A8FG6Ook2a3CH8nOPrC0D6URjYYwoNXIyIanfkglPAD02Ss+Xb6JzadoKkYylgrVKbaPLQ0kF0jjKcAbNTgwBPDCUVsR7hJlI1wpX6BBm+AnCNyMIz3RmtY3c4CS55NCrUeyN4Wfw5RGQEEFNqbhRwj6wSOypqzqhjPLCMFC3+yfLCBoHQtYA4jAQZrlQ0w80gOPdZWa7XOuAY2Qlp9NlxlpqKlwMxcM98lLlyT5JT/BFvVdTUxJbTO3VXUXStqMhmd/dTKbpyNuHasqwitNPEMuAOPcoN2QZV2v8ngzJpblVnzvICm0linJHiPBGPRaEmmhGCAPuEN1UG7xgD7BXslLpAv4o8zeQMNkpYmh0ilRMoqb6SG4UKWslccE5UWSVzzk9kSoln7gXqKYfiW76uPGIyCob62XPIwobp9IGyFJUZ35/NaI6VGe3XpdsnGudpxtn0UWSpdkkqKBUTHETCVIZaq2fHi/T9lohp9vR5/WfUNFOU55BPq9R2IQ3sqp8NjjJBVtBYoGYe4Zd7qxihbCMNbsmqtL0eR1n1NOX4Gfgs1VMQX+UFWcFmp6fDz9X2Vk0nnGMJxGUxRSPNX6+zUyzKQNkbWN0tGy7jK6kiM2W+RiSS45waMlUHyzgIwd1Hnka0crks+hpwqiprdRxlLc8DoxbCz1e/IUF73SkhdijfO/IBUyKj04OEtvcNztI8dMXEEhTYIWtxkIzImho8q6QGjhRPALk5dDhGABjsmkYGcoNRXNgBc7hU1ZeXP2gdjCk7FEbTRO54iifXV7adpcfy91nqq51FUdI8oXXmpqjh7sqVR23S4Pduf8lz9Rq4w6PZeJ+mJXyUrUQmU0kjgXtyT6qfTUBbp2wrOGja1oOgfqpDI9IGGhcXUanez6Z4zwFGlWXEhspB3apbKUAZGykBrRwF04xhYpybR6CMEuAIaGp6YW+pUeeck6QEna2xrSgHklbGOcqJ4jqjPhjIHJT46SoqBk7BToooaWIANAxyUcazPZNvldAKeibKczNyRuAiVNdS2+nc97wzTws9fOtaK3FzKN5fKNgR2XnlyvFwuz3fMTODCdgDha69PuPN6/z9Gj+2v7pGrv/wAQ5ZM0tukyB9RWSkudRWyl07ifzUFsRzsMZR2Q4wVsr0+Dxes8vfqJbpMnQvLlJYC7AyosLPD3IRfmNA8o3WuFSRyrNVOb4J7XCJuXIMlYCMDhQnTyykNJwESJhIBKdGG0XKcprke97pzlw4QwwN7cIwLWoMsu2AEb4EnfFaNsJhmBGMIf1HJQ0veQ6XElNO66uHdDJ8BRjkaTyUEuBO/ZJ8gYfVRpZjnYLPZyjZSsEkTLok3CiBzsojXYG4WV17+TpU6hQWCY14xsl4hxhRQ4gp4lwNmoPhNf81dIktee6I2aFn1uUA1GMjGEBz3SHfsijRkCzXOH4k2e5HdsIwobZJ5SQ85CcyEkjZHETcAYToaf9mC7WWWcNg44wzcjdFLgNhuu6UF5LD90+NaiZXOTOPcXnftwhJ6a3Yo3BF9i0k9k6M4KfkEDZN0+6tRwQLgaVGPKe54xsUE7qBJZH5CSG3JPKmQU7n78K0sgzltGQQl5GynxQiPGQnRQCMbjCc9wI0gcJsY4M7s3dDxpa0gEKM7uul2/KSsgHzakT8K7gJHhVjBWAZ5XF13K5jfKFvBTESrCyWSsvlWKelGG/if2CbarTNdZvBiGAOTherdOWWGghZb7bBsfqceSfusd92OEek8J4SzyNinYvsO2C001kpTT03mc7Gt5GMkLc2WxNAbXVzcu9MbKV030pBAxtRUgGUDLj2J/9Ee/3yC2wGCEj0OAuVfe5M+w6LxtWngljhdHK650lM0RjBONgFT08dZXVZPLHfsg26mnudR4zxsN8ngBaOCJsYw0AFKcso6sY56BU9K2mBaD+a7I8uTpXDGT2UCpqOzQgi+TVHCQ+epLQQMKE7XM5d0ukcFMpqXjI3VYKb3AmUhkwSPyVpR08dO3UWjPO5XaeFsfmeBx+izvUXUMe9JSk7ZBIOymBUrNpJv/AFGxjTS0hy7guBWTxLWyZeTv3TqeJ9QcnfJ3VvSW8N05buo3gBJzZGpbaA3OFrunOlHVOKic6WN4BHKldP8ATT3FtRUgaTuG+gWmqqultFNkYGBsB3WDUajHBsp03OQ2mjt1CQcM0/uqCorbhepnUNvAc1v1u9FFijuvVlUImO0044cDhaLTS2GI2q3Na+oxlzuSSuHrNWdnS6XBEbBBaIGQBmupdsW4yco0FHpInqm5edzhSKGifCHVdadU8nGeylU9NNX1AiYwhuckri2XuTOnXWoHaWGStla2NvkHJ7AK6jomQtDYhg+qlQU0VPG2GJgGOfcqVHEGYJHPdZLLMjcAqakjP8yZoc/1KbcrnS2uHxKiTTn6QoN66korWC0nLhwPVUFDb7n1RP8AN3BhZTu+kHsFncmyJ4D6bx1XVCGCXRTjcvHGFp7XbaOyRmOmYNTvqdjclSKaGC20jaOkiDRjBPcpjTg6nHlBOWByW4c8Plk1v39PZR57lDSjSSC4dlFuFyLXeDS5cTtkeqLRWjJbVVbtUndAssk1hESnp6u4zeNVNxGfwlW8UEVO3TEwDHoivcG4a1uyh1NQ2AZecD3RxeAO2SJZ9PZUdyvccLtIGSPdRLlfC55ig3xsTlU8hdK7JOco85GqKOVdXLVT+I52R2CJTUE1QR4Y5Vla7EalwdIPc+wWnpLVS0wGBx3TRc8eiittjELxNUDURwOynTy0tM0BwDSu3m+UlAC1pDtPusRcLxU1sur6R6JiFFjdr94pNPTjGOTlVAkcRg7oQdq8x5RYo3SHDRlMQAgCTgKyobe8uDnNwVKtFme8iaUDcZA9FdOhigYBpAwhcsAkKCiZG0Z7IjiAMBMlqMO0gJrMloOP3VZGKA4vIQtZ9UnADuhgFzsZ7oE0MXBZ0FTGf5L9s8H3VlHSA+bPKrKKmOoHHCuInODWjCz2SDjhgnUrBtpyqlkng3qNuwB2wrmpcdsDddtXTviTfP1m7ictB7BIlYkU1ktY6f1b+6kR0+dwFIjgH0gZ91Ijg74wsNtmWEljgjxQEH6f3UmOLvpx+aNHD/h/dSI4gBu3dIlLJJT2gGQc5b+6M2LT2RxHjsnmM+irIlzbAhm3C7p9kYMz2TgwA5wlSk2HnK5BCMjgLikgDSgFrsnZA8kQ3G+UkbBSU5JkCkkkrXJbeDmn3S0+6cq65XeC3AiYZPYeq0Vwcig9ZUxUkRklcA3Cx916iqa3XTUrtMA/H7IFzuVTc3eZ5ZHnOkHlV0j2xNwFtrpLlLAxmGnOc+5SklDQGhRpZ8njC6wF+Od1rjHaCOdqedlJpaNxcCRjKl0drlc5pcB6q5hoGxgYARZwWlkr4KDADsb/AHVlFAGtAxwjsiaMeVSmRtAG2FSm2E4kVkWdsJ4YMIpaGg77BQauqAGAopbgthypkbHkhwVJW1sha6NjgMncolZO57tiUGkpHTZke3ue6KCRFFsBT0plcCW/urWGmEYGyfDCIxsxFd5gABjCY5bRsY4GP8gwN8oLYnS87Ka2Evxq3RvAY0Dyqs8ByljgjMjYGhrW4wnbMG5CdK9sIye6qqiua4lsfmRqOTLKWex9XXxxnGdwFSzGrrZSXOLWf5o7aVz5DLPlxPHsn1U0VNFl23oPVa668i7J54Ihp4aYAjGVGqJi8aQmVFU6U7KG6oDTh3bddKivBlcmxz38uc7hQ5ah0n8unGpxXCyWtnyG4h/zUyOmZCRobghb64meywixWzS4SVLS5/3UxjWtbpA4RidXPZDd5cZ7rRGGTLY/YxzQO6h3Cvp7fD4kzh9vVRb3f6S2hx1ai0cepWAulzrL1Lre8sb2aDthbKasvJyNXrPj6CX7qWruU7oqWV8dODgAHlVUVKHAOeM53RoKMZGcKypqHWBkYC3wqPPTc7p5kyHDQ6iPCZ91a01CxuHPbupNLC2NugNClMhDdyFpWIoKNeOwDIi04aP3RtLWtBJ/JOL2xjGMqO97nnKNNsjikJ8mnYKNI93c5RScocukDLnYCbGDkLslxkE52rsgOlgh/vX4Ue53mhoI9UkoJ7Ad1g771RLXB0cOpm+M5W6nTuXZwvI+Tp0sct8mgvfV1PRxvigIJ9crF3K8VVweXueWg9gVWue5317ojQSNgulXpsHiNX5ezUyyMy5zv9U9sPtz3RoYCTnSp0FLw7C1Rp2nKldl8kFlIdiQp0NI1uHE4RjEGYOMKHWXSGncY4yXu9kxQwLlNEp81NTN2cchVVXc6iof4cbshEbDW17WySYY0nhTPlKWkjDyBnuq27SRmvZWx0FTUOEjxt7qbHR0tMA57d/UqNW3eCnBw7BWcrb9PVNMUL/0KCTQfywiaie5UNM0hjxlZ6v6klc7TE8EKBFT1tUQBCceqnwdPAYdVHGUPAt2uXRVT1FXWnu7K7FZaqQ5cNlbyVtutrjHBEHuaFW1t/qqyMwtYyJvqzYkJcp7RU3X/U+RzqOgpAGzkF/4h6IE9YMaKZoaBtlQtWd3OJ+646UMWeUsmeTTfB0ySF2Xu/ZP8SHH1n9FH8YngJgl3+kKKbKRJM4zsMrhn2+lDaxxGQu+G70U3Mm0bJUvzsEI1NRwHIhjcd8JpjcdtPCBub9kTSB+JPnJk/ZN8Rx5KIueG/0S2pPstPA3W9LU9FELj+FLwXf0oNkmEpoZqPqlqKWh3ol4bvRFtkkTchCUhOEuOyZpKbpKrNn7CWAusLviH1QtJS0qsz9k2oL47l0VBBzhR8H0SRKUol7ETRU7Ywu+IfUBQ13J9UcbsdgyrTJ2pv8AUP1TskjdQtThuCVwVsoOCdkbsyCo+iXqdnBCMH7fSojKyI7PdujCdhRqYEo4DYHouFgISD2nunItyEvOQXy+DlIAt7I2oZwuhod3wpwX2ByHbFq74MZHk2/NOdAH7jZNbG5v/wA1XgiygcjNJ2CE1uM4KlZB+pqa6Jr/AO7GCglBMNSwRHN3yNlIp7jV0xAbKXNHYpOppGnzt27IZaM7lJlUjRXqZw6ZeUl8pJAGVbgwn1C13TfWHUVjmjmsVzmdGCD4bJtsfZeZSR7hEpqmqpHa6eZzCPQrLPSqT4OtpvM6jTyTTPq7pX+0FA+QWzq6342AMuMn8/Veo0Jsl7hbV9P3anl176GSamfkV8QUXV3iAQXSESM/r7haeyX6+WKobcOjrw5sg8ww7b7YWa3S4PceL+q2/ssPreWGop3aKiItPqOCmgg8EFeS9If2moH6bR8QbU6GQ4b81HwT6kL2G3MtXUFKy49N1LJ6d2/iMdqaVgnS88HtdH5bT6iOVLkAuafdFqaaemdpkiIz+L8ITQz0/ZL2tHVjdGayhhAI3QyCc7IqWAmReC3zwZnqDoixX9jnT0rI5sf3jBg+2V5L1T8Nbhay+Wmj8aIb5A3AXvxbsd0EU4fkOAwmwsaOZq/E6fVwxJc/s+T5qDQdON/RRH0oY9srMse05DmnBC+jup/hpa75E6Slc2mqidWvTkOPoV5N1L0NdbG8mrgIZwJWjLD757LZXceH8h4azTt8ZQ7p34mVFE+Og6jjD6TYfMxtHixf6uXq9tuIkhZLQ1raylkaHMdyHNK8CmoQwBwwcbZClWa/Xjpaq8e2uDonf3sDj5X/AG9D7rbTqZReGzzd+jj0kegdZ/CVl5fN1D0lMKSud5nx/hLu5AXlNUxzp32jqyibSVkRLCdOC4+q9w6V64ob8wGln8GpaPPCH+cH0A7qd1X0tY+urcKK8waZAcxVDB52n39fsuhVdu6OBrdIo9I+d6epvvSlTop5PmKJ2+nnU37rZWi/W68s007jHM0ZdG/Y/l6qg6l6X6l+HM7IrvSyXK1nIiqmNPHoR7ZHdVrYKGvZ87ZKpwmb5iGHBH2WuNuTjThKp8o9DILDjg+iLFVtadEg3Ky9l6qkc6O33toaQNIqDyfutU6kZPGJKd7Ht5BBzlM3BRtT7E6nEo1N4RaC5VNtn0TOLoztg749wo8b5qc6Ht2UvRFOzs7PqmqwlulhqI4kjSUt0bNG0sdnKvbVXvicHwuII5AOF55B8xRPzGdTCfp7j7K5o612oPikdkctzgpsbUzyOv8ADyqk5Q6PULZeSJQHbZ5zwVNu1ppbtAZmMaXY3Cw9tusVViN/kkHr3Wgt12noZMuJdH3BWiMjz1kHBmJvthmt8zpYg4DORjsVe9HdduaW2u5u3+ljyVsK6hpLzS+PAGuJG7V5nf7CYZjJCwsIOxHYopPcWsT7ParVd2F4hnONX0uyrwHVwvC+nerahkQoq4Fxi2Du+F6l0z1FDVRNhmkDsjyuz+xWeyrPQm2pxlwaIjPKbPDHMzw5GBzSMEHgooOUlklH0zMm4vJ4N1Z0hX/Da6yXuyROnstUc1EGMlp7uPv7qJT13yro7zZ3+JDJu9oP6gr3ytoaevppKWqjEkTwQ5pC8O6o6KrugKh92tYNVa53EzQgbxe/23XlfK+J+WLlWfTvpX6pmpKm94x0zbWS9Ut2p2Swvw4DzNPIK3vTHUslG9tJVO1Rk4aSV4JbKl8ETL7aJNUT93xjsvRen75TXymD4jplYNx3BXy/zPg++D9EfT3nVcoxzye1CpbK3doIKraqlIeKmny17TnbuqHp6/Pa0UtU/ODhrj2WnZIHYONivC36Z0y2s95C3eEobmZiGyEBw2IOys46howDhUtXR62iogwHgZTaGua92h5Ic3Yg+qzuOENLyeJ5aJIiR32UuiqDNHh58zdio9NURyNEZ9P1THtkppPEZ9JSimsouWHG6qL9bBIz5+lboqIt8t/EPQqdTzsmaHNP3UrPIwnVWODM8+DEdQ2in6wsr5YC2G40gy3tlwQKRlF8WejJ+lrzFi822PX5xhzcDGvHcH0V3cadtluDK2Fn8mc6JB2CzfVlHVWC60vW9gc1r4jmbDchw9CO45Xf0GqjKW2Twc3VaeVmHX+SPz8/tB/B64dGXie6U9A5rnzPM7eA0Dn7rxgbghfrN8WOiLN8WekpupLTFE+VrCKpmnDgcen6r8zPij8OqzoPqGWEUzmU0wD2nsCSdvZfRvD+Qx/p2P8AwfN/qnwu+P8AxHTxwv6l+mYwF3OUdjzgBR9YA25RGu9l66qSl0eAaJbXEvGNlY0zsYyRuqljt+FMhl4WhPBltjkuGEbbqZTOIwchVUT84GVNhdwNSdF4MFsck6Y+I1DjlI4SDw5vKG0BjspsZ+xWzPBr7XMJqHwwdz2V3YpmsD6Nxw7GQsfYqkxzhpOxWkic2GvZP2cMLVGaZxtRX9zRy+058N5I2O6yL9nDB5OFurvh8JOMrGVUbRMQOxypYN0z2x2ghwiH6EzhOSmso2AJAEynd4b9Q7I8nqoh55XP1Ve+ODXpLXVapI9G6crhJSgDdaHHiRuwRuOFgumq8McIOMcj1W7pHAN37rx+sr2T2n1nxmp31Jszz2lj3NJwATyp/TN1ktF7pqhr9LS4Bxz2QbvGGVBc0YBVdK4Ag4zhcPUV704Ho9NbslGSPquhqnyMa8jkBWsE52WG6BvJuVjgmc/WdIz+i2cLgQHLxOppcJuLPoejvV1akWsUhIGUbOQFFif5Rtyjtd7LG1g6CeQ7FAvNM6stlRTNxl7HAKaHjdDIDts8o657JZF2w3xwfO9NTNoa2roeHskOV24UomgIIyQrzq+3i2dUSO0YE2XfqoMrW4xjler0VjcFI8rqqk91Z5H1BbzTVLnAYaf2Wflac8L0Xqqgxq8mzslYGqiLHEL2uju+StM+Reb0H8e+UkiF4nhEEc+q2djrG1tGInnJxhYh433Kten6/wCWqAxzvKStd0crJztHeq57ZDL7Sut1brDdicrQ9O3aVjGOjkwW7o/UdBHcbd48Qy5ozlZO01jqSfwneuFzb4blg72nv+C1YfB7/aqyO529pyDqbg/dYbq+zuoan5hjdicqR0RePBn+Xkf5X8LYXy3x3CicNOTjYriTr2PB6yuz56+OzEdP3YSMETj5gvRrJVF4hdG/BBHC8ikgls9wLTkNJyFt+m703LWH7jdY9XTuhk6eg1U638cj2CnuMUzYy7ZzThwyrkTOLGvAGPVYOmm1hssZztlbK010FdR/LtOmQdie681fSes0upyi/oKkOYGHlWMZ1HHCzEUjqeYF+Rp2IV/DIHtDxwRlcyyvazqwlvRLqWaos9wog5U6NwezdRH+V+yAvaPc0OaMqO6ma7ILQQeQVKjOQAu+F3wmVz2sVZDKPKuqrXNQ1MzYQQc+Iwjt3T/Bi6k6fdrH82NmHfcLVdVWmeR4qmt1NaMELD0VbLYru2IjEE7s78b9l0qLm3wc26ldGNrLXHJTSUTxqLwWhuPTuvIOoLN/2m2ys8wzpJX011B0+xtU6ogbmKb+a0jlv2Xj3xH6fkobgK5jCY6mP6scOwvXeL12ySTPIeY8e5VSlFHzXWUMlJUPp5B5mEhRi3jdbfqu1B5+bazcDDseqx3BI9F73S3K2O4+M+S0k9Nc8r7QSdqJ4KautW1HNfQUEkojT3QxyngjC0xlgW0shA7jZOztlDGycH47LRCwBp4DwVMsUgdG8tPstXaepJQ5sNS4YOwJWPjxndSNeQMHhPjcZbqY3R2s9NgrYZgMOG/upbXZ3C80pLrV0hGl5c0ditFbep43aWSu0n0JWuM00ce7RSj0bAPJ/JFZIQQFWUtfT1ABa8AlTmEuIPZOUkc6dbi8MsGPzglSAA8YJUFnbdHjJx9k3KQlxJUdKOW4z90cPqoCBnSOyiCUtwpIl1tGpGhLJkVaQR4xU2GQOAGQqxgBOSpEeNt0xCZRyWYcD3C6D6KHG7flSARjlNQqUcEgE55TweFHyPVPDgO6MDBOa7ZGY/GdlDa5Ga5MTLTJLSQeUZr9hkhRA4cogcPVTAvslNkycYTw48qM14BBRBM0dlSYpxySxKe6IHnKiiQFEEoxwoU44JQeiayoYkx2ThMBypkHBNEx4witfkbFVwqYAd3rpr6doyXlRlKOS01e6dqAPIVM690TOZDshu6moQC5jHSFv+FU3gjqb6NA2XCd4o9FlndWNIIjoZfbZQH9SX95/wB0oQB6yBA7Afgkjdh+RnCbJcIIf757W/crDum6kqWB0lW2LVy1m2FyO1XCYjxqp8p75PKpSyWq/wBmum6itsWQapjj6NKhTdVw4xSwOlceNtlVwdP6SHOh1K1gt1PTgYjDT77IpNFtL+kiOvN9rXAQU8cTftujQ2eurT4tbWPBd6cKvu/W3TfTocyprGyTN28OPc/mvPuovjjXyMMNkayna04DtOSlyng0UaK+98Lg9hmksPT1GJbq8Bm/mIysF1J8dqOhjdSdM0wOMjxHgb+mB2Xh936gul8ndPX1ckrnHPmdsPsoTMgBLlPJ29L4iuPNvZfX3rG+X2UyV9ZI8uJONWw+yosucTlxTw0ynACkMpHHBPdKlaonf0+iUVipAI2OyUeOmc4ZUqOmAH08qUyn3AIwglZuOlToHJ/ciFHTZxspUNMNhxlTqehDi0EZz7q3p7QcNIg/NJdno7em8V/Yq6Sgydmqxgt+CCQraltjmNBIH2CsKegyQHMGFWWdmnx0YlRTUbQQMZV5RUGCDp7KxprVHlpbDkq2paFrcHGPZEuTq0aVQ6IVHbRgZareCjZGBgJzI2sxpGE6WaOBuXSBv3RuKXZqUVHseIdI4VNdr/BbmOcJMafflZrqn4hwUf8AIp6gkZIcQvKL51DWXeV4jqHtaT6pNk8cHN1Xlq6ZbY8mn6q63mrpXRQOO/J1LHapJ3F8jy4nuVyCB79nbk91Np6XScuWaUm2edvvlqJ7mwUVLqI2UxscUTcuwEJ8zIRgKJLV+JsCoJclELVVYjOmF2VEYXyndcERkdlTIogwA44RxjkTKWRRx6dyMLjsudgJ0r+wbhMjGkgnfKdGvIic8B2YYASEyonEbCR2XHzhhACjGJ0suonAK111s5+ovAtbNVSZcef0ViyBsbQ1v6+q7BEGN2GEZaoxwcy23LB5xwlod6LrWu1DZHAGFphAQ3gYAcog4SwF1MFSeRyWAku4yoQQ3RoqcyEdkoINZy7gKbNNS00YLdz6BBKeOh8Ibu3wKWWOkh0twDj81R1MjpTgnvlHmqHSyFzj+SERlApZGzntWER9PuiMZqTzhu7io1TXwU8ZcHaj6KpS29i4x3M7USNhGSRv2VFX3EOJawbDYn1Qa64Sz5wTuoYz3XK1Oscs11m6mrbyMAOr1RGg44XQzcHCI1g2zsscYuRo3YBgEoscRf8ASMlSIaTOMjlTIqeGIAjujjXyKnPPCIcFE8nLxspBZTwDblNlqyH6Ijt3QzmTco8YFNscZ8nDRlda0u53SjjJwpMcJBToRzyRvHYFsJJ+n91IbB7KQyIbbI4jbgLRGtCpTz0RmxBvZFEeOyfp90/T7o9gtzwC0j0SwEQnKa9zWjlU+C+ZDCAOSgveD34Q6mdrO6qaqv7bpVlsYdjK4bidU1TQNiFXy1TnkgKDLVPkdynNz3C4uq8glLajvaXxrsSbJkMrg7POVoenqc3CqbCQdI3JA/ZZ2kgdUP0tG69p+HnTEfgxyCmJLsElZY3fJyew8R42V9ihH0bTo2wxwUjHmLBAGNltqen8MDyfuhWuhFPA1unGFY7EAYUnPafVdJpvhionGYaOOFxz9ZG3CcThNYclLU93J0YxwFa0ac4XcZ3XQMbBMcW+qqSLDaw0pskrQ3OR+qA44BJPbO6xPU/V0cOaOlyZNxseUHIjUaiOnjljetusGQA2+gfmT6XOCyNttMlS4zzSnU7ffcrlFa6iqqTUVPmc7ffstTRUrYWgBoC1VR5PL3Wz1E90mMobaxmHOaDp491YRtDc4TmljcAJ2oLdCOELxgZqK6mE6yBhO8WOIZkdhHkpvBwZ5xsEOsroomgPwPzVdXXzRrgg/MqjnqpJzuS4+5QZyLyWVZdXOyI9+ygwiepf5ycJ1FRyvdl7dvdW0EDYcHT+6tAv7hsFHoDSW4UtoDRgdl0PyAMKM+UMz3RYReGw5e0DchQKyrd9MYyV10j5DjhNZSueQSg4GbZS6IOuqe4+LwU9tO93DFaNocgZH7orKTSRsFTaGKl+ytbQSkZDDhEbRhpzjCtmxYbjCGWY7oNyGx02CA2nDN9tkiQBujVDgOCquoqDnACjkipVJEnWwuxt+qM0taAcZVXqdu5DkrpsaNeELmkR1km4VTYW4xnKqRFPcp2xRt4JyVLpbfV3KcRMJcT3xwvR+m/h9Mxscs7WNHJJ5KzW3rOB+m0FmqliK4PM2xEkagiMgGeE2WqpWNLtY2VbPfmAlsXI91vk2zxCshEuWxsYMnbCBNcKSEfXnCz012qJjhp2KCykqZnZIxlVlE+b9FtPfgCW07e3qq6oq6+r2aTgo8VscAC7spsNM2nA22Q7c8i3Ny/JlKyhne4Ofnf3U+ns0BIdMAVOd4Y30obqj8IHCqVbkDGyuD7DwUdHBuxrchPlkjYRuAFDfK4bglDdITjJKkdO32VPUOP4kw1e2InIHzEhJDngqMXgZ3QjPg4/1T1p1HkzW6uX9TJrnlxy5DMnhj1wo4lLjgAko1PbqqcnV5B6lNjV+jiarzum0+VKWWDfLknshBzn7M5Kto7GwkGV+fsrCmoKWIbM3Ceq0+zzGq+rJyzCqP8A3M7Hbayd3nPl+ysqewU7QC85KtywN2bsEgMI9qR5rVeW1WobUpNEeOnjhAaxo274Rk4jK5p91Zhy32NwEsBESUKwDICYQcoiacKEwhiCjH2QxwqyWkdJAGSoNXWxMHmPCkVJOnAVPLRS1Em+SEEpYNEEkDqq01BDIj90xlE+Qhxzv7qbBbI4sHG6msia0YwlSWRu7HBGhp2MYBoAwj6GjGNsJOeBx2UCtuccIxndC3gpRc3wTZHCMZJ2VXX3iBjdLDkqvqbhUVIMbXYB791EjpHyOGePVZ7L1A7mg8HqNVjKOTVVRVPO5IIxhOo7e76i07+qn09EIxu0Kyiia1o8uFy9Tq88I+l+J+mq6IqWCBT0bRjy4U+CmAA2TxHg50ojQMYXIsslLtnttPoo1rOMHQ0AYS2BXTwgamjJyszbk+TakohycKPJLlDnqBxHuUOJk8hzJx7I1ETZNf0hdTn7BOipmh4keM44CKxrI26n4wO5WW6h62pKXXS28mV42JHqmwplJ8HM1fkIaOO66XBpbhd6O2Q+NVyhgA7nn2XnN/6zrq6Z8VC90UB4z3VHW1dfdJfmK6TU49kLwyMLfTpvbPA+V+oLdW9tMmoHPM7zP3J7roZgg44TwBhdDfQLbGrHR575HJ5ZzRxspEbA0ak1rRjPohkknCcqxUnkK+bhoamgOO5XWR8Eogc1oON8KZwCmdBA7JOlyMYQfFw7AC4N1N/ISQ4vcTlczlcSRIoSSS454agbwRLJ3YDlAmnwMYCZNUHOAFHLS8rPOTkPjHA1xc5y6I+5T/Dwd0QeUeqqMN3YyMsDQ1oHC4CAMAJ+r2THInDBHJnEwZHdPXcEpbhyRSaBafdEbGARvhEEZzxlEazHKZGCQuduehNbhqR3T/KAglucjPKMFNyOk490Fx1b8YXXEtOecobfMccKDEPLzxhcazfJCI2MAA90i8N2KhM/o6PK3dAml7JSTeiATlGOSEST3XW75XAMnCnUlKSQSMKJZKnNQQOnp3PIJGArWKJrWjthdjha0A4XS7O2OE6MUZpT3HJBjgoUn0pxPclBlIJGCj6BQE6teyMOFwAYTkpy2kEkkutaXIXJJZCWZPbHsaGE8KXQWqprphGwEA8n0RqWiOWufgk8Bb3pjp+pqSGxtDScErHddjg9R4nwjusj8q7C9PWJrGsoqKHzfjdhet9O9MRW2Fk9Q1ri4d0XpfpuC107ZpoWkkdxufdB6k6oij/3KkO42JHC5112WfWNDoq9JDZAb1H1BDRRGmpXYxyR/ks5baGpu07qqqd5Bgtaf806goJbjVulnJcBuB2V+Gw0kYjjaBjkrM+TrVRyOYxtOwMa0DbGyWsgZTWkyZJUWomOMNGUtvBpa2oVTUkHS3CjRsfK7J7o0dPI92qQbfdSWNa0ABqoU5MbFTtGPLupzI4qeJ0sztJbwPVdbDDBB49TgdwMrK3rqGSqkdBBxjCjeCpTxwh/UPUJ8P5SjOC44JB7KigpnVDhqaQe5TqWAzEOIzvjK1Fqs5c0OcQ30VRlklcHY+SLQ2xjWAaMFa+w9NuJbUTtGCfKCi2qzxRvD5cHAU+53eOgpzDC7BA7LBqtV3CDOlTpsch7hcILV/Ie3MgH0jsqWhtV16jrXveMQ/hPbC7Z7PW3ur8acuLXHJJ7rUVNY22tbaLQ0F5GHvHquPfqM8HSpq54Bzy09mgjtVqja+ocMOcBwhw09FaCZptUlU/d2d11gpLTFx4lW7dzic4JUi02ma4zGoqXb8jK4mpu3HTpioo7bqarutSXkYZzv2C09Hbo4BhgGQpNJSw00DYomBuOT3KINthuVz5S3Dc5AmPSfRZ/qPqentX+6wu1yOHZc6r6qjtcZo6YeJVOGC1v4Sqvpnpeerc25Xtxc/Vq0O/+XhKksBpisHT1Te6k3e8EluctYe62sbHRtEMTWtY3sAiRtZEwMY0Na0bAIVTUMpovF1D1SnPkOMchHAY3PHqqioqJa2b5SmYccOcutNZdJzI1+mId/VWcFMIfTOMZVPnkYsQOUdvp6VgaGguHJKO/DRknZNc4DfOMKlu180A0tL5nn3VqWCPnsmV1yp6SPUXZPos1WVM9wl1yOwzu1ObDJOQ6ckuPZT6W0TTOG2gDur7F4wVUNpkmflo2791e0NhhY1rnA5VvR0jYWBjGDb90eWop6KIyzYGP3RrsKUsAxFHBEGtaGgDcrM3/AKrhiaaei/mO3DiCqnqXqyornyUlE4xx5xnvhUEQ1bkpq6EN5HyyyznXKTk+pQ9PupDY8n1UmmtstVK1kYO/JTMlAKOjfVSaWg4HK09ssLGMDnODT2yrChtUVFE0lo2GfuVysuMUIxHhxVuWCD5Xw0MOARtx7qqkrZZzh3CjzzyVEmXOJXWREEZ7oW8opJhms1bn9UTgJM2ACLHBJPu0bDlKbGIjmOWU4Y1TKGiJcC4cg89lNo7eWgam/up8cDIsHZLlZjgOMcgIaYRAEbok0zYcMa3U88D1XJ6kAlsYyQp9mtDi75yryXE5APZZbLcF9HLdbZJHCpqG7dgVcRwnYYwEdsRJClNhwB5f3WOy1sWBjgIO7f3UyOH/AA/unxxNA4R2sCzym5F4BNjAGMJzW78oun3S0+6AW7DrQ3TwkQD2STmqN4QLlkbo9l3T7IqSX8gaeRi5gJA5XUQRwgJhByiLmApggBcJwMohADSSeyy95vjfNTU7jngkFPhW5MtskXq+CkkEMRySNyFlaqeWqlMkr8+nsuPdq3c4n7qJPUaQQAulRTjkh2aYRjAA4UCSV8pxwk97pnZ4UuioZJngtAWvCii9oGKke/zYOFfWiy6cTzY/wtKmW60SNbqc0bKzEWgb8hA5+g1D2Djp2xjSO/dOa0O2Gyfo1HhGEeBxylN5KyCERA45TH4bjzI0rxGFT1VYHHSzKJLIcU2SKurIGG4VRJK5+S7hF1OcclDjiNTOYwf5bRl/3RxjgNA4qd0zgXBWlPThjQCOF1kbYsaW7YRuQiRUXgG5mNsZylDE4nhGjjLjwpI0RtxgbBQLfngiloaN9sKPUVscTSNW6FX3BuTHEDtsSq3zyO1OOU6MMipsU9TLO45OyGIgzDscopYA3OMKvudzio4w94yTwFsqqbM0p5DVdbHTR6n424Hqs/VVMlVJrefsPRcMk1W8zSHY8D0CFIceVm7zwPVdKigROZ10ug6e5XaeldNIZJWkDsiwUg1Nmmblw5U3YjjhbYV4Et5AsjaxukBdw1deQM5UUyAZcT+pWuEMmWbQWSTw+Vmuoup4KOMxQ4dNjYAqH1H1Y1pNLSNJcNi4FZVtJPNIampeXvfuM9gttVGTh63WZlsgCq5am4zGaY59B6ItLSk7acFSoqfGBpUyKJrO2Fvrr2nKtza+QEVHG3BcM+imQw9gMJ8cD5XjGwG5UkBsTM84WpYRUa8dgomBm5CbJJnYBOc2WUjS3Yrvg6W+blTZuYM3tAnJ3JQg8ZwAjOZjPdQa240lAzXJ5T23WmFLZivvjXHdIJNMIdzgfdY7qXrOGAimiZnfBIPKouqOspqqd0NM844JB4WPdNLK/XJIXE+q6Gm03J4fy31Ko/6dLLS5XOe4SF7nEA/sojMnZDZlwUqmp3vO+3uutXp9p467Vzvk5TY1sIcR5f3U6GiDQCiwUZ28u6nMgdFh8mAwd8rVGrAjewFPSAnYIkskNC3L34Kh1d1kLXwW2PVKDgOzwmU9sd/2m51Bkcd9PoiaSJnIJ1bW3Cbw4mjwj+JEbb4KV+tzQS7kldrLpRUMBMTA3HACzNZd6q4HFOC4fdA8LsnPot66+0tM90DXbgYCz1ZdayqkLIZCRlSKW0yVr9VVGRjfJVnFT2+37vDc+6TKaQarlLllLS22vqyHTk6T6qxitNtoMPncM+iVXen4LKZmkeqpZ5ZqlxdPIQFntkT/AG2WlRe4KTMdHFj3JVRUXGsqs6pCB6KNLJRRjU95e4cAKI+vc86YW6R3ys7m10LlLPQR5cH6nHJKbrLkiC8anndITRxHJduo57hLXJzwpn/SCR9k75UOGXnBCXz030txhMDpZPrchyUE8OPONsfdFb8u3cMGfuo7Y98kp4aAqTwVkNlg4alqb/SmZHqu5HcotyI3wPw30SAjB8zdk3xoePE3XPFaq3pAchg6jA3Zum+T8I2Qtl3IVqaLH6GJaGJuT6pZPqrckijgiblPMDMZ0pBwCe14QtpkakA8Fo2wmmkaT6KScDulkeqjhkrLIwpfdNNNjupSZq9lXxhqTIjocdsoBiO+yn6RnOEtI9ELqyM+RkAMcF3BUxsbfRMdECdlWwnyEVMUsxYTPC9ApsLUskfA9E4OITyxw7JaSh5RbwxGd7OCiNqpjsXbIJakBhTLBaiyU2oJ3JRm1AOMcquw5dBcEW9lfGkWrZMorXNcMbKpbUOGAjtqjjhGrQdjJ/hBwyMD80IMkactGcITakAjCO2drsZCPcmBtY7xsDTI3ZNfDS1A0xv0uKK2OKUAOG5Qn0b27xtyFbBzgizUs0XPmb2IQAcKc2smpz4b25b3DhlEEVFcNopGxy/oFShwHGWSuG4OVIpqyponiSmmfGR/ScJtTRT0p/mNy3s4cJmr2SpRyPhY4PKNJT9R09dGKe7U7XZ21gbq0sl6vvSNU25dJ3eVjc5MbZMYHf7LDc9lIpa2emOY5CB6JEtMpHQ03k7aJKSZ9TdEf2nrfcQ219f0Laad2G/ORM0wH7+i9bhhtV4p219jurXMcMh8fmA/dfB7bjR1IDastid6gbH7rR9J9ddV9D1Iqem7kY4TgmKNxMbvu39f1WKzSbOUe58R9WrPx6h8fs+v6hlVQvAqqeR0Z/GwZCcJ4HnET9R9O6wXQn9oCzdRNbQdQ5pK52AC7eOQn/LsvRqm1UNXEKiJzoag8vacA+myxyqkj32i19WqjvqkmgA34SAwodTPdrMdd0t7paUf/EUzcgfdSaKspa9okppQ9rhkEHkJeDqRmmPUappoKmJ0VTG2Rjti1wyCp7mFpwRgoRbtyrUmip1xsWGeZdRfC6nqHPnsULYicnwifL+S8wuNpmo6h9NVRGOSM4IIX0wG6Ttsqy9dP2m9QmOupWudjaQDDh+afG1rs85r/BQnLfSsM+Zn0Rp6j5ilkfBNyHsOCCvQOlPid4kkNr6jy2ceUVGMMcOxPoU/qb4d3O2udNbwKuA7/wD0Qff1WDrqMntjPC1V3yi+GeH1/irKJYsie9SSW25U3h1cEdTBIMEOAc0j7HYrxrrz4SVVkd/HehZpHNJJko8as+mn90TpbrWv6fxS3EvqaHg5dvH7tXp9svNDdIWz0c7ZGO30k7j7hdKu9vs8xq/H7u0fNsd8p66PwK+IRVDSWvGMEOHqrqy3urs0muN5np3DeMn/ACXqHXXwo6f60jfU0oZQXIjy1DGebPvjkfdeD19H1P0ZXG19Q0rmFrsNfjLHj1a7utsLc9nBt0cq3mJ7Narnbr3TB8UjWSHmN+xCfNE+jcHhpLV5bQXI4bPTylructOFvbB1hSVQZQ3R7WPxhr3cO/8AVaE8krmocTLqN7ZWhwPKdiem/nRf+ILs1tlj/n0bw5jtwEoJ9f8ALk2cNt0Sm0OcIXLLJ1NUtlaHsdh333CvKG7zOLYpTqA9VmBA5j/FiOPUIzKl+cOAWiu7PDPO+R8LG5NwN3SXKopnCSCQj2zsriRlJfabWwNbOB5m+qw1uuYeBDMcZ+lysIqqSF/iQyuaR3BWmMkeS1GlnpZ7WiJc7a62VJk0YB2KNbLxPQvbUQ7gctzytB41HeqYQ1RDJsY1Y5WYqaKW01LoJx5HHLX9k5YksMS2n2ew9LdWU15pmRukAeNt+QfQrTGPAGy+fqS4VNoqG1dKTjOSAeV6x0l1jTXqnbHLIBIBjc/ss9lKw2ZLav0apjdt+6DPRU9ZA+mqIg9kgIIIRGPxnZEIA7LntZ4YqE3W8o8D606FuXQNxfdrO109rmJM0IGQ33Cr7fdjRSR3e0PJY7d8YP6hfRkrIZoyyVjXscMEOGQQvDetegpukah1zs8DnW6Ql0zBxH7gei835jxe+DlX7Po/019UyqsjVc8NdM2llvdLeqZtTSvw/wDGzu0ra2G/Hy0tW/cbNcV8/Wi8yWioZXULiY37uA4wvT7ReKa607aqleA8DzNzuCvknlvDzjNo/SH0/wCfjqK0rHl/s9fhma9g0/5qHXUWt3zFP5Xjcgd1Q2G9hwFNUP34BWmpqho2IyvJW0uuW1nuYWRnFSTI9HcSzDZNnBaGCZlVDscnCzVdSGOTx492u3+yfRXCSlcDvj0WOUMht4L5niU0oI4PIVtDKJsDIBUBssVXTtkDRuM7JsDzBICTsEvmLES+4tpaaKphfBM0Oa4Y3HHus/DTsoKh1lurNVNUghkh3Cv4akP7YXLjRQXKm8KQbjdpHIPsnVzywemefWyef4XdS/ztbrLcDiRrdwMfiH6rA/2k/gbbeqLG66UsEckFXiaN7BkZHp6cr2SekF4oZLDcnCOVuDTzOG3fY/dVvTNe6zynorqaEPt0pLI3OGdA7L1PjdbKeK32c3U6bYpWRWU/yX7X/wCw/IvqPpu4dLXaa0XFhbJGe491XM2zlfc39rL+z3hk93tNMWlhJ1NbxnJH+RXw5JFJBK+GZpa9ji1wPYhfUvF6+F9W32uz4/8AUHh/4F/yQ/258p//AGCs7KREd8+ihs+pSYT6rs1zbZ5ecU+i0hccc5UuN5wFVxSDYKZE8HT+a1KZitrwWEb3cJzjjdAjOSnuJwN1aeTNjBOoasxyB2OFroptcDJyMkLCRu04OVqbFWtmh8CR2+MLVXLDOdq6uNyNJUky0Ot3fdZCtY4VBI2Wpp5DJTPpyclvH2WfrmgTnZaJ9GOkiDhccnJJJtAvBDTlRHbHKnyAEbKJI30Cz2rLDjJki11Dm1LHNON16ba5jNTNOoE8LyiN5icCOVvulqvxIRG925GQvL+Ro5cj330/rpTgq2XV2p9dOXgbqhew8O+y1H96wsIzlUNfHonLcYXm7I5Z7qmzCNx8I75PT1b7U9xdG7duTwvcKZ2O+V8vdP3CW3XaCaF+Dq3+y+irDXmogifIQdbR3XlvI6dqbkj2/hNS507f0aiGQ7DCmMAIzlVsUrdtwpjHNO4euHbHDPS1yyHyUslcH3SSsMaebfFKiLHR155BAaQse0uexpPoCvVeuqJlbZJIycEAkHC8soYnGENcc6dl6DQ2bq8M4GrqxZkqr9AyWkJLdwvNL1Qljy7ThetVkGrkbeiw/UNu0PeNGe4XqPG6vb9jPBfUWglanNHnNQCMhCieWnOd1Y3CnLS7bhVUvkIGV6aLU0fMNUnTZwbvpqvFXSmmmdkgaTlUF/t76GuMjG7E5UWy3J1HKHjcdwthcoIrnb2zxgEluUm6nJ2NFf8ANXn2Vtnr3ljZGPIexesdH3Y3SmNPO8F7Rt7rxGgkdR1RidwStl0/eH26sjeHHSTuuNq6Wmes8XrMNRkazrGxmVjqiNmHM3WXsdc6OXw3HDmnuvUx4NyoRM0AiRgyvLOp7dJarj48TSGF2dlzZrKwdyzMLPkj0ei9M3giTwXvy13qtxTTG31MdQz6H4yvF7LcTLAHsGHAbr1bpi6Q3SjFJUkMkaAASeSuRq9P9uUd7x+p3x3G8lnjuNI2ohI1M5+ysLTM4wgE5xwsvb3S0M3gykGN4xkcFWFHVugqPKTpJwQuDdDPJ6bT2muZIcbd1yVhyCEGlmadxg/ZSiNbNlhawdBYwDZgYUpqg4LXlqmRnZUKmhk0DZWGJ41BwwvN+qrC4vfSvbhzcujeOxXp2CeFTX+1OrYvFYB4jR+q0U2bHyZLq9xgKSonuNjLQ4fNUOWuz3AXL30zSdV9LyR0rQZCCdJGXA+yiRzOsd9DpGnwag+HIO2VeMeemL4yocfEoavBZ6DPZdnT6jHKOVqKN62nyff7XJQ101vq4chpIyeD7rzfqG2NoajVEzDX7r60+P8A0PDH4fUNphDYalgf5BtnlfNt7oH1lO5rQNbB35Xv/E66M4rDPmPn/DycZwa/wYFwOSV1rT6Iro5IpnRSx6dPf1S0j0Xqq5qayj5hKLhJxfoaug9lxJaELCAjG5Xcj1CFkpYRqeCsBmnBRQds5UdPBwjVvIDiSPFOOEvE9kLV6pavZaoW8C9pPhutXSkaHkgdiVobZ1mWaWTZ9DlZIuyuJ8bX2Is01dq6PWaC/UtWBokGT2yreKojfx3XikNVPTv1wyuaR6FXFv6ruNO4FztY7glaa711I5uo8bnmB64Hatx2RozjZYu1dcUEmltU8xu9CtHR3q3VjiyCoaSBncrTG5ejj3aW2t9FyxxxsVJY4+qgxnONJypTQR6piaMjTXZIEpyjNedlDa/zYAUhj9uE3OFkVwShLsiteSVD1eyI1+OyJTQtpY4LBjhjlFDh2KrxIQiCQ5RqYtxJus/1Iur3UESHCL4v3UcsE5JYkIRBKQMKGJMnGETWFHIWTPGPoiCQ5UIyA9k/W31V5AJwkGF3V7qHv/UV0SHO6mUTBILR3wloaeQCEIvJxhPjeDsSP1U3g9D/AJem58MEpgp2agQ0DHsitaSMjJA5Kc0MJHmA/wBEEp5LWX0JlPqBw0LsdO7JJ4UOv6q6dswc2puUORwGnJWMu/xkgpy+Cz0YeDzI/v8AZBuQ6rS6jUcRiz0YU+Rk7Y7lQ63qPp6zwaqm704kbnLQ5eH3r4l9S3HLHVjomO7M2WXlq56pxfPI55PJJS3bhnRq8TJPNrPZ7t8cKKlLo7NT+ORtqdsD9l59fPiF1Jfi5lRWvZET9LThZbOOBhOZ90ErWzpUaGmnqIZ7nPJL3Ek9yUBzRnkBSoqaec4jYSrGnsHiYdUghVO2K7Z2NNobLv8AbXBTRRGQgN3U6K1zuwXN2VxFbqalwAzJUkxl+GsBSnYn0drS+I5zYioZQMiAw3dSI6YOIAKuqWy1ExBLdirikscNPh0zEpybO1T4/C+1YMzDa5ZseE0q3orKG4NQ39lfshgh8sbAEZlI+Qgce6vJ1adDGPLRXw26nbjTHuFPgp3ZAxgBTaa38HH7qwZSMZgYUNtdCj0V8VEXYyOVY09vDdLsKVDS8eXhT4oAwBztgFDTCsBTU+BoAUpsOjcqHX3m22uIyzSgYB2yvMupvisGvljo5HZO2ytzSF6jVVaSGZm/u3VFstOvxpQS3j3XlXV/xJmr5XQW55A3DjlYq63q6XecySVB0ngFBgonvOTyeUmy7PB57U+TndHbHgY6apqn/wA1xdndS6SjJcCQpVNQhuMhSnubTt+kFIcnI5Si1yxrIo4Rkn80Oeria3TGclQqi4h5IBULW57s8ZRxhnsB2Lok1FU55wO6FDG97slPjgLiCQpscAAG2E5Vi3LJyOMNA2RXPDcAbrriGDA7oJOk5ynRrETuSHlurchDlcBgJeMd2tGSuRQSOdl4IytVcMnPv1QwRukIUxkIABSawRgDGcp4Bzla4QwjmzucmcAOoEhEHCQGE9HjAtsWAupJJomUsiTk1ORC2JSKVms5TIKeSpkEbB9z6KbVGnoYWsAy7/Mpc5Y4NMIZ5FJJFSRajuTsAFUyy+K7K5PVCY78dkwEHhZ28hvk47ORgpwOASVwkDkqmuV3O8EB45KCy1V8lwrc2S624RRZafRZ+omfPIXOO3ZNfI+Q5e4lNWC6+Vns3V0beQeM8lEaPQJzY3u4CmU9GTpL289spUYZ7GOSj0Cig8QgBm6nxUTGAOc3hFYaaBnGCotTWySAsBwPVHlRE5c3wFdJGzZoCiS1LjthDbqJ+rKe2Mu5Ci5JjA0Eu4HKkxxE42XYaYkg4U5lOMDbhPhX+yp2JdAoacA5IUpseDnCc1mkDCKWEgDTx7rRCGDNOzKGgNA4TtXslt6JafdM2i1LJxdG3Oy5kDcnhRamqDBnHCGTwEothpZQBnZVdXX6c4IPsgVl1Ay0KkmrHOcdyubq9bXTnk6Gm01lsksEysuTj5Ruq5075DkhcOXHJCPFEHb6V5m7XWXSzk9HpPGRrlmSOQxk7kKXoGE1rQ0YAUyhoZa6YRRjvuVmy5PJ3KNM84gjR9GWB1wq2hvfGV9I9IWZlBRR+UB2N1gPhr0uKZrA+PzbEu9vRev00QhjawDGFrqltR9G8L43+PXua7JTGBrRsmkgDGVyR+w3USR+eCUU5bj0cVgM5+TgLp2AKZC3LQ53dEc7jZTOBjeBCTse6FLKGb5GEyaaKLd78LGdUdURxf7rSkuO4JB7ozJqNTGmOWP6q6ucI/kqI6XE4cQd1kqOndPL40wL5HHk9kyjp5Z5jNKdTycnPZaGjpdABc0D80+qvcect1UtRLdIPQRhrdxyph2GxCE0BowNki7HdaYpRE78PA/Uc8p4e0N8x2UR9QGAkjYKmuN3z5ID9019AOe0up7rTU2xcCVnq28fNOJY45B2UGSodMcuTIYS52w/RLeWxTk5dD2vmmfucq0tluL3GWTsNgi0NsLA0vAJO/2Vs2BsTRgIopjYwYyNgx9kTIHcIbniPIG+VGc9z87KSlgZGps7LUODi2M7dyhta+QjJRoaZziNTVNio8AHAQ/KaKtPnsBDSasHCkspsYICkRRAY7Lpb2ylytwb6tMl0gOkBEw30XeE7IIIys8r2zXDTRfY3IwQolQVJLTvugvBk2Q/KH/Fi+yuqC53dQTAXOydlbvgMo23XKS01NTN4Xh7FLlqNpS8epdFNI0t8rW5J4V7090HXXb+bUARN5ytp090RSRD5mtj1E8AhbWmpIqaJsUUYDQs9upbNml8XzmZQ2fpS2WiMCOFrn43JHdXTRoAA2HonySww7SOwgtc6pcXMbhn4T6rLK9yfJ6DT6RVrED5IbFWTEB7Tjvup8NqYACRv3yrQfLRDIAbsgSVjRtCvVrMukfnltReWxrLdTx4c5qOG08A1NAz6KK6d8n1FMcNWN+FSreSpXLH2kiWqLTlmEI1Ej/qOUxxa3lyEZgOAmqGDPK9+w7pSRygFxzuhyzOJAa3KLBR1dXuItI90aikcjV+X02nzvfQnS4xkpmt02zW5PsrOGxagHTPzjsFY0tBT02C2ME+pTIwPN6r6tlJbaV/3KGO3Vk2MNwrKn6fa0B08gOeyttONwMYTxsMJjgjzeo8rqtVLM5EWloKWA+WMEn1CKYweNkcDHfKRGUyMMGKUt3ZHxhdRGrqghiSSSUIMSSSUINSSSUIMPCESeEQkcIZ5VMJAicnJXEk7T7oW0iDZGg4JSaxjRsQk8F2NlFqZmwtGo8rLNja22GwPXhQ6qsZG0jIJVfVXMvJZC4j1VfIZXkEuJQSntWTuaLxVupaD1Vzm1Yj4IUKTXUEFylxUjpCNQUuCj0EHCwX6vB7bxn00lNORDpKEuxqap0dM1h+lS2QtaBgIulu23C5d+p3n0HQeOq06TwAbDxkIoAHZEwMIbjjJXPsm5Hail6HaQuEY7pnjtzgqNNVue4tj4GyUotvkOViiuQss+kEY7KCXSTu0tdpARY4nTOy4qW2niYBgY906NbZjsscuU+CJHAW87kodddKO1xGWrkx6N9VT9R9Y0dvMlHQOL5hsHjgFYKetr62Qy1tQ6Uk7AnhaqdNJvk8v5X6hq0sHXS8zLi/9WVV1eW0j3xU+SAM4JVE2PB1HcnkpxAwANsLq6FdO0+f6nW3ayW61nQBjcbpYC6nNWjZgzNYWBhi9k52GY7pzjkIekuOcpyiF0dz6J2Am4xsnoiIcSQENziRuioKS47ihmd8J4b7J3h43Ts7YQyjtDG6fdcx7rnGShySgj7KOaQS56HyODBzlQnzFxIxwnvcShNZk8pEm2y4rAg0uO6IBgYKc1oATgMbBWoh4yJNTkPV7K8EYhyu85Q8FOBOeFbWSNCA337ojcAZC4wDAPdOVqKI45HEgY2XJHjTpTXu4QXuI91OhW3LHOkOT6rpGAd0IHGVxzi844UHqKwLTqcR6J5j0YKQbpGccomxAVJYI3gZwECQ9gUSU54QCfVEFGORu6Q3TkehpJZZRgbKJZLb2o5S07nyAFuArmKJsQCayFsTRtghdc7Vt6J0YmSct7CEjHKjHlLJ9SmuOAj6AwNJQXnJXXk5IS0u7BBKWA3yEanJrUaNhzlA5YGV1yskoxQ1rHE4wrGlphHh2EGJrW48vC2vRfR9bfJ2vdATDnGD391iuuPU+J8Tmz7vyOdI9MT3Soa9seoasDI2HuvdLD05S2qmYNDS7AJcQi2Hpejs9KxrI2gtaol96iZTtNHTnzHYkLBZbuPp/j9BHTQxJcjOpupG08RoaN+X8OcP8llbfRT19Trd5jnJz2RKejnrqg4y4uO5WgEFPbaXSBhzRl3qSslksnXhA4Ay3R4B1E7LsUXifzZxueB6J9PT/NPbI8cDIygXS4siIhjBPYkKjZCOEDrKpkY8OM87bJUcEkh1uHKbQUL6mTxHjYb7q3EIYBhoCWFjIARYGAn4go4jU1JGQPKEqiaOmjMkjtgsfd7tLXTHS4ho25VSeBMnwdvnUE1a90EBIaNtlX0kPiHzZyuwQGR4a1uST2C2NpscTIAZowCdwO6RKZKqnYwFotDWhsjoxxsP9VqLdbgBqcAMDIBXaWmawBoaMBFrK1sLQxh3IwViuu4xFnVp0+3DOXC6R0kRjYAXu22Uagtjq0GWpfud8FcorW+ol+ZqTkndrT2WgigZEwNYMY/dci63B0q6glO51FTtgpnadsEqOyVtIHvaAZXZ8x7J1TP4QwBuUO3UFRc6kMjB053PouZfca4QUVkLaLdLd5mzvGX58zjwtzTU0dLG1jGjIHPqu0dDT0NOyGFgbgbnHJXXuz3wuZZZuY9BQ8YwAst1T1XFbGGhpHa6uQENA3wl1T1THa4TTUrtVQ/YAKr6S6anqaj+N3d2p7zlurslPgJHemOlpJZxdrtmSZ/mAccrata1jcAcLgY1p0gjHbCZVVMVLEZJD9gglPdwPjH9nKmrjgYXSHGP3UGCnqK2UzSAeEexTqalluEvzFRkRj6W+qt2tDQGtGAEG0Z0DjYGDS0YAXZpWRN1PcAD3KFW1kNFF4kp2WbmrKu6Tuc3LabcBp5KFywTvlh7jdX10ppaE+QfVL2QY6NjSPDbqKLSUWwjgj8vdXtDbo4QDjJPKtLJTZCoLUQRNLz2b6K8gg0Yz3T44m7bAY91SdS9W0FkjLD5342AKNPAtvcTLzdqSyRukmI2GwzuSvOLrfrheqpztTo4uwyoNdcq271DqqpcdLvob6BMZlqZGOQXI66PfnJRIonk7BEihMh4yr232pwAc8AEjYeiYCRaC2TzTNbo25JPYLU0tJFStGgDI7rlLC2Bn04wq26XjGqmgP8AzFGUSLleGsb4UZzjYkHlUvnmOooLGue4FxypcYDeyGUsBRQowAckKRqBGAE1kWsjAV7arQSwST7E7gY7JUpYGRwQ6O2TztD3ENCuoKRsbQ0AbKTHFHCAMbBDnqYA3ynhZ5zyWNfoibnsoMle2UmOnJdJ2AQpKie5y/JUbSST5j2P5rT2fp+C3ND9IMjhuSM4WaUys4I1osHFXWbuO+n1WgihyQ0DAT2wOGMjOfdTYafYHhZ7LMi3MCynDQDhGY3J44RjHjGycIxgbrNKeOwN43w8AbJwaQnhhC7gpUp46CRxJPSQgDEk9JQgxJJJCNHpiemJpDhOEOWQMHZKeYQty7A+6yN56gFQ51LSkgN+p2eVqqqciBL71CZC6jonEHh7x/ks68jknf3TnOby47qsq6sPfojGcLoV1JED1FTpOG4Uc65hkNTWMdIQSCc9lorZZ3YDn4yVpyqy12QrZZ9bQ+dnO+PRaakoI4gMRtAA9EelpmRhoLBkI8jmsaAAlynk0JLAx3kwAm4Lt1whz3AqREzTyEIQGNmjchKedkLckhKomZTt1HvwFTVVW6dxDSceyFSyUona2uFR/Li/NCgpi46nclHpqBxw9+N/2UmRjIGj2TIvBMYIM0TWvMaJTxNjGlgx6n1TDqfIXFSqeMjchMRY4Q5GeE5rNRBxjCJkZxhDmnbTtye6mSHXvbDgEgEqnuNc+pk+Xpzho+p3r7JtVO+aTYkBJkIIGBymQjlis4I7YyfdFDAzzHui6RGMlZ283sOJpKV3n337LpUUbhE55WAt5uzYmmCnJLjyVRxtfK7VM/P3KaA8+aQ5Kc1kkmzW7LpVadLkzSYV0zcCOJuw2JRYafHn4d2PouQQMijDdGD3R2j0W2ENpnsmLT7pwOASuEgKHW1sUEZfKcD7p0IZZndiG1tW2IbkDZYq/wDURncaOkJ2+twQOo+oZKyY0lA4+jnDsFEpKEsw5zge+V0KavZxdZrN+a62R4adznBzhkjJVgyLAAA4RWU2QMNx+alRRDZuNwt9cUjmbWyM2EAgYUqGmY7BcE8QjY8YXHzObiOMeY9k6TwhmzHLHHEYwBymiN8jhq3Z3HqiNjJGp5XHTBo0wv45Ugm2LsmkPe5sTSGjKiGUk5IwlLUBhIJGcd1i+res4KBhhgOT3wVvpq3M5Gu11WmjvteEWl+6jgtkb3CUYxjOeSvKeoOpqy7VB0yubENgAeVDul5muU/iyOODwM8KCSCPRdajTZPmfm/Py1G6Fb4E9+eeV2FmojbKdFBrcARyrejtuMGKP7krpVUKB4+Vm95A01M5xB0q3pqXSAdOUSnpmxjztAxyoVTdJTIaegZqeNlrUUh8cvol1dXT0UY8V+mTgNCrnxXS5P0k6IRwc8qRT2wOe2prpQ88lvoVGvF+hoRpgePLtgFVKWwNJ+yW5tJa6cOJAe3v6rO3DqSWolMMAzhRM3C9TkscdHJ34CtqCw08ID5ufskSsGwg5FTHSV1e4OlGWq0hoYaEAhoBIU6Z1LTs00/IVRPUySOPiSDAWeyzI+MUglTc3Nd4dO3YbEqpkL3Sl8smcqLW36GmJbA7UVQzVNfXTF7XYB7ZSG3kqUsFxVXikif4TDqIVXPW1VVJ5W4aUxlFJHh85T3VFPE3S12Sk2L3J4ENtijpQTqkdj1T5XUzGjwfqHJUOWsJ+k7IDZcb45WeV0V0Wo5JUlU/IHKUb8uBLVEM+DjCLFJnchJVuWRwJjdIAwF3xRjGlAEgwu4HqnK1YENYYfxR6fuuiXJwVG0n1SDHHuq3lYJGfdInIxlBDThcw5TJWB5YCugH1Q8OXQDlKlPkmA4J9UslDHG66iUmyYDCU+iRkyMf6IWn3S0+6PLZYUkncrheQlgpFpKJAiDynaymNXUxEHCf2XfH/wAKCujdQIKJ/ZdDgRnICEIjjK5gqFh8j1C4dJ5I/VCAcdwm591CYHpexC7p91xQnQtvRLA9EklMEyCc0dtk3T7oxGUtPupgmQGj2S0+yPgJFoKraiEVMLnBTDFk5QzDgJbiGngGx5H5IrKk7ZCFpd6Jr43Hg4QptMvCaLCCsOcFS46rOFRNec+iIJ5AQGlNjb+xNlXsvHPhl8sjR91GmoAPPC7B9kCCoyAHFS4524CfGaaE7XHoZDW1EB8Gpw9n+IJ7qJs+ZKZ4wd9JR9Ec4w4AqO6nmgdrgzt6FSUUWp/siBwjm8OZpbj1UpjKWXAZyimrhmHhVsDTjbUOQgzW90Z8SmeSzkKJpBZWexz6EPwQ3OEMOmpCPDeW6U+CtlhcGzDhWMUlFXM0va0ED9UMq0xsXjpkQVjpQ1xA1DuF6F8P/jN1H0nIylqHmst+cGnJ4HssXLZmaMwnBVbI2WB+JGkDjIWW3TJ9HW0Gv1GklmuT/wCh9q9FfE/p/qeIfw+vEUhHnpZsBw/JXVf09R1rvnLRMLdW8iWMZa4+4XxDQ3Cso3tnpahzXMOQWuII+y9l6F/tBz0U0Vv6qZ4zXbfMtGJR9z+Jc23TOJ9O8P8AVlF/+lqftl+/R7S273O0u+W6jpAW8Nqom5Yfc+itIZ6Wrj8WmnY9vq05CVsvlq6hoGT088dXSyt3djIz3GFXVPTUtJUfP9OVTYn766eTPhSf9Csbi0e2rs/qXRYFmE17R3Kr6W+j5j5G7UzqSpP0g/Q//lKtcAjIOxQTz6HuSkuCE6MdgFlupvh5br1G+akIp6p+S4keVzv9FsHR+6Wn3VwscWY9XpIauG2SPnHqDpG5WNzoqmPVp5IGxHqqa0XOusNZ81SPJb+KMk4IX0zdLJQ3eExVceoY7cryvqn4Yvoy6ppWksPGnc/mt9d543yf0/ZCGalwTunurKO907XMzHUAeaNx/wAlZ3i1Wjqq3utV4gD43jGHAFeOyw1lrqDpc+N7DkFuy3vTHWcFzhZR1pEdS0YDicasLoVW5PCanRSzwjyrrz4ZdQ9AymsoP99tb3bPaPNFngO9vdUNvuMdS0B+x4OeQV9RwVr3t8CfEsb9i14yCF5V8RfglE90t/6KcY3El7qHTnJ/wn/TC6FduOzz2s0Lzkq+metKy2FlFVvbJS5wC7ctW1cKS6NFXbpAQe4XhUVdPGTRVTXRzRnS5pG4IWk6c6krrS7xKaclp5aTsnZTRlqm6/tZ6hFI9h0PHmGxRtGsAt2+6hWm9WzqKAS08gbUAeePgg+ynBr4HAOzhVGTRri1JCik0SBsgwRx7q2iqnbAhV5hZO3B2PYrkUj4neDMOOD6p1d5i1Hjq788dl5FMdi04Ks5J2V9KKaqYHYHld3CzjKkNxhToazblba7keI1vibdPJyXJ1rHUchgqBmN30OPZPp5qi0VQrKNx05yQCpAdHVxOikAzjZV7Z2QE01U/TuQMrSpp9nKWJcM9e6T6sp7vTtilkAlAxutSHZB2XgFNLVWWobV0zyWHB2PIXq/SnVlPdoGwyyASgY3KRbVH0jJdTzwacuJXJGRTxOgqGa43chcyPVdWKcH7M2XF5PJesegH2KolulqaXUEpy+MDPhnv9gqKx3g9P1wkcC6CXAcM/T7r3rAcNJAIPIPBXnPWvw8ERkuVqaXQPOXxBv0n1HsvKeY8XG2LlBH1D6R+qpVzVN7xjpl1bK+GqbHV0zw5rt1srfctQGSOF4HYr1V9PVghmcTA4437L1S3XATxxzRHLXN1DBXyPynjJVWNs/SPgfLrVQUcm/hqmyN5BB5yoz4suIbwSqqgrcgAk7q1BBYDlecup2M9ZG3cSaGsmt0mCS6I8j0V6ZWVDGyxnIIWXZM3V4ch2KmwyT0eCx2WeixShkYaCKd0ZA5VlDUkgZwqWCpjnY17Dn1HopMchDc4490KWGRom1tFHVN1sGHjcH3VHcY6W6Q/KXJpjnj2ZMBv7K3hrMkNO65XW6O5RZGGvH0nC0U2uE1NC3FlVRx09xpB0R1XGyTW1zYKhw2c3/VfBH9rL+zxX/D+8m/W+kLqeqcfOwYae4/+X2X3fZqj+MOPSPUDvCq27UzjuN/fb2Ui9dP2r4hWSr6K6tpGCpEQiaX7+LGAd2j1HPPdex8dr5QkpxZ5nyOijZCWnn+LX/Z/tH41tlDvRSWSDkL0n+0J8Gbl8Juq5LfNHmldnwZGjyvb2/P1XlbJAMBfS9FrI3wUo9nxvX6GehtdUiyjkJIU6F5ICqIpDkKxhlBAXVhPJzLYFnC/hSGuGFAhfkjZSNyBg4Ttxz7Ihyd8gqwtE/hVG/BCrGnA3KNTz6JA7COuXOTPOr5Fhm6oJ9U4II91GvMbGyEtGMqFaawZBcVZVmKin1Y37FbV96OY4/FLBRHlOJwuk90LOr8kDxjk0Q+5ZHtOrOUGRoRY+6Y9KmglwyHKNJ42K0fS9Y4uEZfgtIws+/fkcI1tqzT1TXcAbFcjX1boPB1/F6p6e5PJ63Sv21FVt4p3HFQBgE4KVqqvHiD9WQQFOrMTU3hheQuhjg+r6S3fBSMyZHQvDwdwdl7P8Ob+KugihdJlzAG/mvG6iLQ4jHC0XQd0dQ3JsLpNLHkLi66nfBv2eh0GqlTNYPoyCTUGvBzlWEMhOlZy0V3jfynEcZHurmKUagvKWww+T3lVvCZbsO3KId1DilyACpIeCCsq4Nae5EW407KilkZIM+VePyMZSXSophkMc46R6FeyyN1Dn8l5X1bQvo714jgAJNxgLoaSzb9pz9bH7dxXzxtJG2Vl75RF2oln7rUg5UC40zZmfTnI3Xa0trhNM8/rdPG2t5PI71ROY5x0YWTr4i3JHqvUOoLXhmsM5OOVgbnAGzvgIwQMr2ugvVqUWfKPNePUMtoo4qgxHGRutj07d3SRNpJMYHBz+yxNVE6OUAqdbat0ByxxBHddaVe5HltLqp6a1I0l8ozDMJ427E5RbfWMmYI3HDgrCmfHdLYNgXBuD91nSx1FV6SCADsuNrKWz2VFjjPej1f4f394qHWurky148mTwVouqrA2rpnvAGcLyWjqpIyypheWvaQQR6r2Xp68wdQ2xjch0jIwH5Pf1XEtrcWev0OojfDazyiOWey1ZiOQA7v6LeWS6eFNDVMf5Hgd+CqjriykEzxs3ac7Kk6cuwgHyk7jzgH0KxW171hDtLqP4lzrfTPoa3VrLlRNe3GtgzypjHEb53C8/6avboGtbr4PqvQKXTVxCRp+oZK4Gp0zzhHr9Jqk8M0NiqPGj0eivaOTXKIysNQ1T6Gvbv5DsVqHvl8lXTnIG7gO6419W071Nu9YLSspSyTWBsmRkgYG6lU9RFcqQmM5PBHcFRo3CJ5jkGDnCz4wOJLHD0XdGe3K4zlFLmlowOELs5FtZPPOt+nHkPqYGAtfvt+EqlsE77vQydM139/CDJA5x3wOwXq08LKmN0MrAWuGF5T1RaKiy3P5inc5j2O1Me3Zb9Pd+zHbHnJdWA01+tNZ0PfZN8EQB3O3Df818o9e9K1/SnUVVbquAxhr3aPcZX05JVRV8EXUtHJ/vdKR42jY4HLlF+LfS0fxS6Qh6htjIv4lQR4lGMOkaBt916XxWtjRZiXs8z5jST1C3RPh3qSgMM/jtb5XcqjyPVei3ag8Rk1LLGQ8Z2PZeb1UD6WofE/PlJX0XRardFI+Nef8d8Nny1rj2PyPVMIymEkjOU8HK7FcuDy51JJJMIPTXJy5jKvOCD0kkk2LAxkekmJJ8bEiSjgIMZ5RGnHdCXW5zhFKxMEMfNvhPjqaincHwTFpHdCacBOwRwmwsa4BcVLhl3b+sb3SnHzRcO+VoqD4lSABtS0uxzvhYNrQmgNBJ9VohZOJks0FNnaPXrd1/aKk6ZXGM+/CvqXqK0T4DaxuT6FeDMwD6I3jStAMcjmH2KctRL2c+7w9cumfQcVwopB5Jgc+6OZhtjBBXz9TXm5Qkaap4/8RU1vVd6ixmsefu5EtQ12Y5+Fln7We8tkyMjCeZgDwvC4+uL7H9NS/wDMqQz4iX5vJb+SNayHTEy8Ncumj3EPyM4T9XsvEh8Sr4B9LU8/Eu+9g0FMWqgwP+Daj+x7g1/fCIXZ7rwn/wBpPUm+JWj8kw/EfqZ23jt39lP5MGB/wPUftHvWvtlPMgYMuOAvn9/xA6nk3+aDfsgSdWdRVG0txlI9A5T+SReFt9yR9DNuNGAdUw25UWbqiwU2RNXtaRsQvnmW53Gdw8SslP3ekZJXganOP3Kr+SNXhkuJM92qviL05TZPzYeAqOt+MlGGE263skwcAkYyvJhvnO67HAT2wEuV8n0aYeHoisy5N9XfFrqCridHSMjpg7nTuszX9UX24M8CqrnlhOcA4VY1uk8p3KpWN9ja9JTU+EPaC5u5ynAnGAiU8bn+XTk4UyntFXIc6Nj3U+RLs6FdEpcQiVUjSeeUWngfJsGndaCm6dGQ6c/krSnt1JDgeGM+qF2J9GynxFtrzJYM1T2SplI2wCrqm6cigAfLyrURhuzE9kMjz/Mbt90Dlk7ml8PCrlrJCEcNMQ2JgUhsD5wNLeVNbS0o8zmbhHbNG3aBuSEL5OzVp4x4SAUtj1kGfYfZWkVDQUmDyUGI3Gc4Aw1WMNv1gGXcqG+vTr0NbLgYib+idHT1MrgZzt6KYyiEeMNUuOIkDKhsrpyBht0IAJG6lR07GbAI0TAdgpcVMMA9/ujNHxpIiwRbjy7Kayn4PH5plRUUdvhM1XPHCwf1nCxHUHxettBG+C0tMkwONRGR+SFySEXXV0R3SN3VVlDbIDLWS6MDYeqwXU3xat9PE6ntrnOfwcLzK99X3i+vJq6qQgnYasAKhEL3uz3PdLlYee1PlpWf7XRdXjqq53iQmSdzWHtlU/gOleD+6kQUbnEZHKs4aNsWkpbk2cyc53PM2RKS36sFwVpHAyIBNL2xsGANlWVl42LWjgqkmxM5qvsmVdbFTt2/L3VPWXOaZugnY84USaaWofqJKTIiCDjlOjWYrdTl4ixzA9x3Cm08eMHC5DBxkKfFGMA4T4VgfIlzk7HGMb9k578jGEmuDcgjCa8t5ytKqM9up9I4STueyjSzbhoT5pDjDV2mpcOD3jJ9Mp8KzHbczsETickKcNgB6JNY0NGBhO0+6fGDRhnY5MYAe6eB3SwF1OSFjl1JJM2kHJJJKACRqeAzHAXIYXyyNa1ucnCk1csdDGGjGvuEqcscDIQ3d9BpaiC2wBse7jz6lUtRO+pcXvP29kyWodOcuHCRbgZJWeUs9j288R6AlridkKaoEDcOOCUyquLISfDOcbfdU1RUvqnFzkmyzC4GQqz2GrLhK86Q4hvsVXk5OSukdyV0sx3WGyUpPk0xiodDQMnCkRUskhBaNkentsrmCV+wUw1EULNDGglAkXKzPAKGmZEMvISnnYAGtwhSTeIcg4UUhzj3/VW3jgFd8j3yl5zyub44XQw5Ckxwk42RRg5FykooDGwuO4U+GnxvhOhpwADpUmNuOy0wrM055GMiDcYb+6kNGw34SDDjONk5rAVpUUkZ5TyPDQE8gAZwlkAblDJDOVTlgX2xB+ScBI4A3IQXStaDthV1bXhjSBulytSNFdbfRIqatsIO44VHcLhqaWggqLWXBznbE7hVxkfM7JK4+s8ioZUX0dTR6Cd0sD5J3SOO/K62MnfC4GozTjGy8pdfK+blJnsNPpI0xUYiYzjyqWxoAGEJrQSDjdGHCVk2xrZ3lehdBdOmYtqJGHAOonHPoFQdIWD+K1jZJmExg7L37pHp+OKICOFoY3G2B7LVUeo8N41zfyWGj6ZtjaOka4tw5wyrsnAymRhkTNIGAEOapawYHdalwe8qjtiMmnIwCuR+Y7qK5zppMkbKWwANBJ4VjW8Eg7ADOEOSURjOx/NDllz3xjdZHqLqNjM0sDiSMgkHujSyZrr41xcmwfVHVDG64oD5vp2WSpaeWqe6eZ2S45AKdDSvrKh0kzicbhXdHQ6cEDGy1V17meb1F8r5ZY6iowxoAaFZNaGjC5GzS3AbhNlkDB2/Vaox29GboeXAAknhV1bcomN0tO6g3K6kZiiz7lVYL5Tqd3/ZVv5AlPAasrp5zp8Q6fZQmtOcEo4YTwjQUMkuDjZEL5mMpaN878N47q/t9uiY4SOaDpGAP9UWktzImNDR23U1kYaMYRJ4NFVT9jRG1nAwhVEmwATp3gkBMZC5xVOSwbYU5ABr5DwpcFKTg4Umlpdt24U4QBmCAs07MGunTpEWKlDcEhFDWhuEaQBg4woMlRg4A2Sd5rjUohSADkFLU0bZUaSoc7GyaA92MJU7MGiESZtg4OUMl2dilDE44z2U2Clc4gBqVKaia4VZIgjeeGqRBQl2NTeeysqag8XZrd/uru22jBDpW4/JKduDRXp9zKm32EPc0mD81qbZYqaBzZS3cdlOoqZsYAAGFLIaxmvIaBySdlnstOjTp1E4YwMY4UOqusFLIY2fzHegQZK+atd4FviL8nHidvyU2ktkMDhMWh0pHmJCzytN1dGQFLRTVRFTV5AJzj29FZtjYGhoAAHZO8UYxjhBlnAwkykbqqdq5Pk8vLgdSH5WnO2VFNXq2ARIaG5VTiYYPIeHEr6TClRPyDq/Maaj85L/AKDnzNA23Ud1Y52GsblWkPTL3EOqpsY7NKtYLTRRafDi3Hc7qSjGPZ5vWfVNaWylGaiir5txAQD3VlTdOiTElTM4E8BpWgZG2NukNGFwtJQKOejzuo8xqdR/U8EKmtlJCMBhcfUqaI2geXYLujT7p+CmbUcyyyVvMmDOD2TsBODSdwERD0CNLW4OyEeUc8H7IBByjRTOJJ6SsmfQxJJJQoSSSShBqSSShBi4eEshIkYULSGEnOEHlFdygOka3k4S5T2hY5wPxjfKHLM2IZdjdAnrPDBwqqWommcdbtllstOho/H26ueIonVNy/DA7BVNNLNKSHyZyjtY4n7oraUnBwsdt57bxv02ozTkskKOmOQ7G6lQ0pBBwpUVNjAx+6kxwBoG3C5+o1UvR9B0HhoUYm0RooQ3AwjsaAMhPw0bLi5tl7m+T0NdUIfih2AAhnlEJGEB8gbnukNtmjKQQHnJUaWbbA3TZJe2EBu5O6kYOQuVqGyPe9wA7qXBTZAKHHEAQ5w2VZfOraS1AR0xMso2LW9k6NEn0jDq9ZVpo77nhFpW11Ha4zNVSCNgGclef33revuE7oKF0kFN6Zzn81VXOvrLpUuqah3mcOBxhR2MI5HC6Gn0+3lnz3yf1Fbql8dLxAZu86ncnkp4DQ33TsDsEMA5XQjXg848t5Yi05SDXZ4RmMxgkImkac4V5wA3gE0YAz2TkjykqLApIml3ouJoWBJJiShMiT0xPUIhx4THHAXS8YUWebIwEm18BHXTDJCAS4pBric4z+aO0ABZ3lsKLwDwfRcLXHspGkei4QMJsY+yKYNJdIwuHcKwhqWCnCLJzhFDO+FNpAWn2S0+yJ5UjpwrwTINMOy6eUJA3gsefMhvI7/5rpdjclBwZMIHLBaH6i84HdEDcALjGgb4RGu1fkqLk9vQ1DldjGO6eXNwVFe/CMKJ0vOd01x1YKGTk4Ro4jIQAOThWueENeEjtPE+aTQwK/poBTwhpO/dDo6SOCJuG+bklHcQBumxRitnzhA5dty5R3O9EqhxLguNaO5TOhKE0gA5KFPNgjCU7txpKa2M5yR+6TOeeB1aHMaSc4RdAXGABGiYXFRvHYaTfEexjY3agpjYg3AxunRxgNGQtF0l0xP1DXsYyEuY04JWS+70el8b4+aa9zYfojo+a/VYf4ZMYdjGO6+henenqWw0TImMaHAbkdkPpjpqj6eoWRxRND8DJUPqfqSOAfKUziXHkhcy2w+o+M8dDTVKUvzF1N1G2MGion5dw5wWWggkqJPEkOpx9VyOKSaTxJdy7fOVfWi3OcRKWgNHr3SHLJ24R5JlDSw0FIZsebTz7oVPTurZ/EeMhu5zxlSagGpmbSxnYbJtzqae204giOZCMEhJNUYJIi3OvZGDT0xx2cQotutprHl8jsBu4yuW+hlr5httySVqI6eOCNscbQMDc+qoMZFBHFGI2tAwNz6qHcKmKhi8SQ/kpNdWQ0EJmmd9h6rCXW6zV85cXEN7BRvAucsDbndpa1xa0lrVCghdKcNGU6CIzStja3Oo7rXWqwxsbqOBg9+6TOeA4Q3sZY7O2FollYN991pII/MDhDjj0ANzwnSTBrQ1vdc7U3pI6Ono2vJ2qqTD/Ljd23T6O2ySuE9Q73Awi0ttGptVU753a0qzjZnjgLkWag6cKzkMIaN12WYMG2FyebwxjG6j09PNXTiOMHc7n0WG27JpUcBKOgnulRpa7bO5W6tlFT22ARRMGe57lBtltht8DWRtGojc9ypEjsEYXOtsyNQWWXBGyouob7DboHNYdUpaQGjlSbxdY7VTGplAIHAzuSspardV3+4uu9S3TFnDWu9FinLI5JDum+nJ7jUfxe75cCctaVtWtaGhjGhrQMADsgscyGNkLBgNGFySpawaSBkjOFQUY5Y+apZTsL3u+w7lQ6enlr5fmqoERg+RiLQUMtRIausHl/AxWbg0DjGEDWORwmBrWhrQAB2UOvukNEwl+C7s1NuFxio4i8nLzs1o5JWe3qqj5qqOvHAJ4QuXoKMcikfPcp/EnkxHnOMqfT0ssr2Qwx4aRz6Idvo5aqQ4bpg757rTUlOGcNwrUWy30MpaNtM0RtG3c+qmNjaxuSQAFyYiJus4AG+SVgeq+tXea2W45JyHuBRpGdv0WHVXWdJRt+Von+JKcjLexXn7nVNdP8xWSGQ5yAeAm01LLI7XKM533VgyBuA0bYTYxRQ2NmoDyqTBRukOQCpFJRucR5dlc0lI2EAlqPorGRlutrWYke0cbBWWpsQGnGUN03hjGOFBqqgnLVAmsHbjdJMGFj9zzhVcbC45d3T3DU7UV1zScBuQpkE60aeFPt1HJVzBjW7dyj2qzvqHtdKzA5OewWop6KGnYBEMe+EDntLAUVnp4Dr+pwHBUt0jBk7Jsk7YWnfsqirrichrsFInPJETaqs8POcAKFTUtbeZTFSs0xHl5Uy0WKsusgNWCITvuMLa09BTUTAynYGjHosllqLcsEC02aG1whjWBx5J7qzYzBBxujsZ7IjGYPCySsyhcpYGBm3CK0OBwE/TkDDcfmn4CU2LyJozhPTgMbBdwUizks5gJYCS6OUI3oWCuIw06UI8o2gDianJqogkxPTFCD0OWURN1fnlNqqqGjhMszsALDXW91tyncyle9kAJwMrTVU28l4yOvF6rK+d8VOf5W4cfX7KncWxtJwAUZzmUzCZX6SRwqmasZM4tjcfuurRXgM7UVT3Za0coVLTuc/cH7qRTUbpHjG5WltFr0YfLHwnSe0KMckay2pusyPZwNgeFoqenbEDsiU8McYwyMD1RMhmyVKe4JJjSAAd0A5c4BOkJecBHhgIAeQEvLGpYR2GLSA4jhBq6psQGGj7I9TVRU0Rc8b42CzslRJUPOe5RhxicqZZp3nzZyiUdI4OBIwjUdEXODnKweIqdg23VFt44AvxEzcY/NV08xmdhEragvcGt77JtNAQcnunRWQZcBIYBsSFJaA0YCQAA0oL5REcHdGUOnlZTs1vKpZamaqmL8+VOq3zVc+knyj9kRsTWNDQEcI5KYLQXEbboxAhA1YH3KTnth3djbuVlL5fJaqV0MMmAPRdPT6dt5MdlkY8Njr7fjM80NAdxs96psYIJ5ShGnncnlHZHqXXpp2mVz3DGCSaRrGt+5Uhh8IYATQQwjSMZRqeM/UQtUYipSwPbk8jCfkMGU4tACrbjXR0keuQ/llaIV5MN923k7X3COkYZJHBo9+6wN4vsl3qvlo3ERcE52KFerrLdpjC3VpzjY/sn0FuEEYLhlx9uFurpxycfUat2LbBnaWjZE7ZgOdlZQ0m2oDCNT0WBrfjft6KQcRgaRv2WmMcGNQ9kQQkHSG4IRBG2NuqT6u5UzwWsa1z8F7huVAmf48nhRZwOSmpZHJKPI18gdtFuQix0wgaZZHBzzv9vZGihjpoxkDOMhR5nOetEINibbV0Mkn1O0gcqNPK2njdM4gY9Uyrq4qKF00rwMDZeU9YdfEGRjHnfYAFb6NO2eZ8v5qrx0G59ln1n1zHEZIaV2OxOV5nW109fMZpnEg8BRpauorpjLLuHcD0R2QO22XY0+kxhnyHy31Bbr84Yo2ufypVPA9x2aiU1KXYOFdW+iHlJH5rrVUqPJwo2uYCjtsjyARp75Vk6eC3xEveA5u+FGudzp6Fpji8zxsAOSVy12WouDmV1ycIw7doPojykaqKpWvgjNFfep3yMkMcI4Kl4orZDlzhr7uPJR7lcaK3O+WgII48ows+aaouU3iEktUckjpRocTldc31EnhUbjvymUViM7vFq8777q6orPDAzU5oyNz7J1ZVxM8sLskeyy2TyNVDXYOnpIKNmIhhArKoRsyRsoVddvl43OmfjbIWMunU09UHQQuOM42WK27Dwi2lBYL259Q0tK0uBDj6ArL1FdXXCbW06Wu7ZQWUzXND5zk8ohqI4m4a1IlZnlipTY5lNHpLpiC4Ickwi2ZgYQJalzieyAHlxyVns1UVxEF8hn10jstduEE7nK5qPGElhstlY+SYHAJLqSEsCiALiYoEGie7bdSGOzjBUFSInhp3RwbYE4YJYIxwn5HohByIDnsnoyyR1OwEhumHhMwTI7DUsNQiHZXMn1QYKwH2xgIYG+UzxCneIPRQmGEHHKcCBug5KWT6qm2uiYJIc3/5Sk5ze2P1QMH1SwfVXGX7JgLqH2XUxdyQmKa9lBUkPV7JB2DwjyiLhhdXsuDBJ2SBwMJawjyM3JhY4wdiOU80kJbnG6YHYT3SbKw3KMVyCfBgkYQzER2/dFLwDlPEzRgloA9VRScJ+yL4TvRNIwcFTzJCR5QMoBYDwoR4RGSRvCHol4O2cKFAUl0tIOEsFQAcl+SSShBYaeQloYeEl1qppEba5AOjwdghuYVMIyuSMGAEvHILsz2QgXN7oral7CM7rpjydgmuiOM4V8oNYkToK0nGdip0dQHAYws+A5p5RoZ5GkYcjVr9gTq/RcSUsc/nadJP7oWiqo3ZYdTfRNgqthknKl+I145ToLdyJaaZHfPBK3+bFpco7onN88Mm3YZ3R5Ywfw/ugOgfEctKMuMyTS3arpcCUF7ON1eU9daLm0R1MYDiMLPQ1D2ZE0Ye07YRGUXju10VRG13Ol7sIWkx0bJRfBZVtgq6I/NUIMkTvw5Vd83C93g1UWh3BDhwpcF9utvIhrmP0t78j8lcn/ZrqSEMqQKep7St7/dInWpGmM89nenOqeqOk5m1fT9fKWZGqPX5cfZfQXw/+Pli6hAoeoY/4XVNwNWMxOz/AJL5pqunb1ZyZaKQ1EHbQc7KFDdonPMU7HRPHOod1kt0meUel8T9Ta3xf2xe6P6Z94zx0VzgDZ4Y54XjLXcgjsQVTutN0s/ms05mpRv8rJvp+xXzd0H8WOpuj2Mo/mDdKAkYp3Pwcf4Sc6V9B9HfE7prq6Lw6WpfBUsGX08ww5v2Pdc6dEoPDR9S8V9RaTyS252y/TLigu9HWu8GQGCp48J4wVP0Act4Q6u2W+5t1vY0u5EjNnD8xuoQZdLSNmmuoRySf5gH3SFBZPQ78FkGN9EOaNhAJaCPQplNXUdWwSUryfVp5CO5pVv7Sm0+zB9WfD6luxkqKFrYpHb6e2fZeR37pivss5kmgdHg7ObsP1X0k5qr7pZ6K5xeFVU7HtPq1Pr1Di+Tz3kPCVahNx4Z4X091XNTyspLjK5zXbMeTwfdejUFy1MadiMcjgrK9Z/DWWgZJXUJ8SnJyWgeaP8A9FlrddbtYpsSl80HdpJyPsuhXfuPnuv8RZRLFq4Nt1t8K7N1zCK22E0lw0nL2HDS73C8AudqvfSl0fbL1SOgljJbk/S8eo+6+i7Bf/FjZVUkmoO+puVaXzp6w9eWp9uvFOHE7sfw6M+oXQrtwec1Xj1/Qj5lpa6enlbNTSOjeDnLXYK9L6Z64pbs1luujRDMG48UnZ5/6rCdffDi/wDQNaX0mqrtzj/LmDsgD0PoqCiuHj4GrS8c+oK0RkpI48lbTLno+hWt8MgAgtIyCOCFKEbJ49JaHFeZdL9bSUsTKO6B0kY2Eg3IC9FpJWPibPDIHxvGWkHlBKLT4NdUtxx9PLA7cZHqiQyEEDlSYpIpPLMUKropGYdTcFMrsbDnUprlEmCpLHAqTPTwXCHRIADyHDkKmZK5hAcdwptNWlpytkLzy2v+n65/6lX5ChlkpCaCtOWn6HlEoqurstWJonnTnsdiFMmp6e8waPpkYNsqsY6SJxoa4cbNcVshNTXJ5XU6Gyh7Zo9f6V6rhucLYZpB4nYlahj8/mvAaaqqbLO2WJ5Lc5BBXqXTPVcVyp2MlI1jYnKllSfRybaGujYAjPKKHZbg4I9FFa7g9iiNORysNlWOGITcHlGG636IjmD7hbotju+Mdj6hZ/pq91Ftm+RrHOMWcDPLSvWnt1YCxPWfSGxuFujy87uaAvGea8NG6DlFH1z6K+sHSo0amWMdMv6KuyRjdX1PVFzQOV5NZL/PARR1Tj5TgE8j2W0oLjK4NLX5C+SeS8fOiWJI/R3i/Jx1cFKJqZDqALThSaG4D/s9QfYEqqpKt0mGvxhdq4na9bOD6LgzpcXyeghdk0J8WB2uFxx7K1oq1k7NLj5gs3Zrqz/stUQQdmkqdLC+lf8ANU7w5uckBZbIDt2S7e50WZD2U6jrGnS1zsehVRR3anq49L24dx+acf5L9UecHtlBDKZHysneqrC6siN3oiW1VOMtLTh2R7plsrpeqKA1U7vBu1ABqLNnD0P7K6parVEAXArOXqnqen7jF1DbWHwmnNSwfib9u/ddHSalwkjHdUrOfZQ/GP4YWf47dCzWmupoor1FG7wZcb6scgr8rut+jrt0R1HVWG70r4ZIHFoJGzj3x9tv1X7AOkicIOorM/WwbvYOy8K/tWfAGi+LXTsnWHS1LE28UrdTogMGZgGzfZw3375Xt/F+TUbFzg8f57w/8mrPtH5txuGRjCmwTHYKumhmoqmSlna5skTixwOxBUiF+CF9Ao1CnhnyTV0uqbgy4hk4ypcbgQAqyKQHHqpcD+Mrox6OZKBNacjPqnNODlRwcp7dk1PAiS9FzQVJaAMrSU1S2WIMdv6rGU79LgVd0VUWAeyfCz0czU1c5C1mIZS0N2PCi6sq2ukDX07KiNuTtndVI2G6uWeyqeYhl1wyENOJGFQwA5owdlH2BJCknk/ZRiBklZboblgbCWx5Nz0zVskpmtYcEBaOOQuaMheedN1ToqkR6tj2W/geHDHqvJ6ynE2fSvDav5qU8kG4wBjy4cO3UOjldS1LJmnGHBW9whLmascKne3Bwdlxb4Lo9Tp7G+T2rpK7uliieZc5AW+p5s4eN8rwnom7mNwpnv3bwvXrZXiWnbvnC8nrqds+D2vjtU5wSkainmwBuFM1kgEHlUlLNq9VZxOyOVy5xwzv1SyTFievaDxWeOeW7tI7LaMGMqn6mon1ducGAEt3RUPbLJWoirI4PNISXMBPOFyZgc3GV2EOhldA4btJBUh7BpC7Fczj2QzwzM3ykZ8s7IyvMuoqAxvE4bu3Y+69kq6cPwC3IWE6jtul0jCzOc4+y9J47U4konifqDQuxZR5fcaYSxF7R5huqiCVwOFoasmGV0T28HCz9wpzBUFzR5X+YL2VU8o+Ra2vZbwarpi7mKTwnkaSFddQUQljbVQt7Z2XntFUOYcNcQfVb/pm5sr4HW+fGoM2J7pWor3dHY8Vq3P/AErGQbfWaQI3d1ruj+ojY68PlJMT9nBZG42+agnL8eQnIIUmCYOYCeVwtVQeu0N7qZ7nXxUl5oPHpyHtkbleT3m2yWuvdgHSXbLYdB9QxyxG2yncDbJU7qywNqIXTNAzjK5Eo7eGd/aro70UfSt48QiF7vM0Y55Xq1hvQip2se7I4Xz+x89BUksJa5hXoHSvUHzjBG54Dm/UCsGpp3dHS0Or2PZI9fe9lQwSxnJO4KurFdW4+SqSA/GNysdaa5rogxzueDlWbpCJI6qLZ7CA73C89qqOT1umv2yNfb6l9lumiTeKY4/P1WhuTGTRNq4NwPqWXpaqnvFK1pOJmNxzup1huUjZXUVQcgbYPcLl2wa4OopKXJaU8rXs2O45yjMznlR6mA08viwjyndEjla9uR+YWVx5yEScA4OFV9TWRl3oyGNHisG3urJrvZGzqGOEyubTEzhuPFKN/wDs9dnPkiL6Z4MU8X7ErRUWOm6+CsgOu3V27Wk5aPVpVl190vE6n/ilNHh4OJAOD7rOWO6xinks1x3il/unP/4buxHounRPPJjsrxweQfHn4ctsVw/2hstORQVTNYa3fSvnDqakY+XxoxuBkr73rqWGst83Tl8YJqaVpEch30+hBXyf8Vvh3UdK18hDM0surwnDghe58H5DMlGx9Hz36m8U51SVS7PGMFdGxTnNIcceqaBlw35X0GuyM4JxPjN1E6JNSDDhdXAey6nCRiemJ6qba6IIchFbvshJZKFWlokiPVjA/dd8E42CBHM+P6SpEVW3OJEz5TRUoSeJC+Xcey6aZykte14y0ZXeN8K/mZs/jVyXBG8Ig/SnBpAwCpAOfwp7WjI2TI3sn8OBFETuzV3wJedAwp7WtxkNCaXFM/lSiwX4+MiGGOb+FdLD3CneGP6V3wWnYtTI6xf1C5+NXpldgLuBkBT/AAIjv4X7rhp4iP7n902OqrkZ5eNnjgiBoK6GAI76J/MTE35Oo/oTFfW+jHPRWRfQzS1E0x+q4KGoPbH5oooZfzQ/PED+JZ+mDDGjvlPDWcJ/yVS3bw859Cix2yodjtlMVsfZFo7W+Isi4YiM0j0/VT22ic8hTIrLgZMYyi+aP7C/4ZfP0U4BLgpDRkDZXkNlaTvHwpsdvpgMGMKfNH9jq/D2v8ngzsML5XYawlT4bbUuwBHhXbIIm4AYNvZSBjAwMK/mNtfhof1spYrFO8/zHBoVhT2SlicC7c91OaSnaj6qOzJrr8Zp4ehQ0dJE3+6BKIxozsdkmZ7IscbnHytyUDk2ba9PCHEEdDTgLuB6qRDQ1Mo2YpVPYwTqmfk+iJTwbIUyl0QWPAxhuUZkNTPgRAgFXNNb4YcaWg/dTBCyP6WAZ9FFLJqr037KmntEj8GY5VpTW6nhAw3dSmxkjhPjj3RZNddMYejsUYbwNkdkOfZEjixz3R2MbyTsOT6IsjlBR5BMj33HCkMhYMB4/dQ669We0Q+NV10bCeA44ysHf/jBE1rqey0gLwceK/cfkEErFERZqq6uz0eprbdbIHVNW/wmN5JKwXU3xepLdE6KxtE8xOA4jOF5leL9dL3L41bVSPPIGdh9gqwQEndA7cnL1XkvkjtrLO79U32/PL6+tkdqOdOcAfkqoMkc7O5PupUNK7Y6dlOgpG7ZAygcmzhWSnPiTyQ6emncR/L2VjBRg4yN1IaAxoACG+obGMnCIU8QXI9sLYht2QZ61jfLsVCq7oSC2F33VRJPJKTlxRRjkzz1UY8RJlfcZXHEZHod1BL3uOpxzlNaC477ozIz25T4wOdbbKUm2OjaTjKkwQl5SghOAS3KnRMEY4WuuoxzuUR0MIa3fZPDhuMJO342QHuPotMK8CZXt8ILM4AZBUcSPedIb+acAZCFKgg04JCcoC3ZgHFTOID3YUqNmMIgAAGBjC6mqOBU57kOHC6kkm4EMSSSSgQkkVJGQS7E0yOGkZykyMykADk4Uud9Ja6UHOZuyXOeEFGOR81RHbYgYiPFc3fPZZ6aeSaQvkfkkrktVJUPL3kklSIaeKBgrKrYD6W9yVklL9jIr0gUTDnLtvuoF0u4ANNT8/iKjXS8TVEzg3LW8Y4VadyT6rLbbHpGquseHvfyc4S2aMkpheGHGOUemoZq94awEA8lIbcmObUAHmlI0jP2VjSUMcAE9UcZ+lqkRMpKCEt0Bx4USqqdfbZDLAvc5Pgky1bOIzlVzpC5xPC43Lu6eBkoEtwaWOWcAOeURsBzqxynsgLiDhS2QYxsnRr9sXOQOKEY3UqOMDjZdZGUdjHAggLTCszWWM4xgOyM1mCDhcaATjhFy0crQo4QlzO4AHCETgnZFcQBuUB50590EpFJbmOcMYw5Bnl0+m6FJU6M59FW1lcCNlituwPrqywlXW6MgEbqirq0v8uU2urSTsVXgl7skrha3yCjLbFnc0ei+TseS57slPY3G+FxoGyMG4AOF56+6U5tvk9Vp6Y1QxEQaccIgaG7roaMYRACeEj5DZCOTisbRb5rhUtjizgEZKh09PJUTsgYMueQF690N0pEGsIgzj6jjkptUdzOv47RS1lmEXvRHSwa+MNZp4/yXrFFRMpYst29FX2W2w0cQLWaSf8AorSSQYAHZdCuOD6Jp6IVQUUuhssmnuN1F1ue72TJn63AAp8TcDJ7pno1dIIz1xuiuOBjOAExZ7qTqGKkjMMTzq7keqiE3WxjFtkfqbqLQ00lI7BOznLJgSyyanZJPdOAlqnmV+5duragpA3Bc0bLXUuTh3XfKxUND5dRGFZR4hACYXsgYSBsFU1t1/DEcrTu2LgyuKJlXdmwZ0Hj91RTVdTVS6y/SD2THiSeQvkOR6JwjaOynyZETWThYCN+6a1hPlajthc44CnUdvMhBe3Ge6oqurd2RaKgmkfhwwOcq8o6FrCDjCkUdCAAOFPbC2MAhE3g21aX2BEIY0eXhBkkDtgj1MowGgKLHEXvBKU7fRsr0+DjYnSOzjKmQQhm5CLTwhjckIukDfKV8mTVGlITA1nA4SfUFg22IVVc7uKVpEbs52H3WekvdU52rUUqUmW5wjxk1bqmWUlp3yoxaSdyo9uuDaqIEjzAYKs6eB0rgQOUt2YNNUPk6BMgLj9OVPpqQ7eXHupVJRDLchXcNu2bgY90mU8nSq0zZUQ0A2AG6tqK1u28RuxVnSW2IjU9vCnMhAwAM4SLLToVabaRaa1xswWjGFYiMnAATHTwUkLpZ3aQ1Vf8Vrrs4U9ogfHGfrkeMDCzzt/RohTgsKu5R28uDm6iOADuVHgp7ldHiesPg0pOpsOfNn39lIorFTU8gnke6aTuZDkforQlpGSs8ptmyqs7SwQU8TWQtDMZ4XJ5cYAam7g4zwloLuQkymbIx2jcuO4TmwlwGVKhpScEgKS2BrQNggc8jj5egs1vp3644G59wpga1jcNaAPQLqS+qLJ/NudjmCDBnOEQAYXcb5SQy45I/wBixhc0N9F1JXFhnNI9Eg0A5ARElUm2Q5gJqemKMsS5pb6Lq4/6SiKBpJp5XEQIk1OTVCCSSSUIMXDwkSAhF3KpvBaWRxJzsVzV7oLpwNgoz5gchInMdTVO6WIEieoAGBjhV087jsAuuLi7OSmhuSFktuwex8Z9NStxO0E4OfuRn81zwe5Ck+GF0RbrFbefQfHeJrrjhoAyHONsKU2MaRsuiMc4T9gOVgttcz02m0kKcJHGsA9knu2wEx79wEmtKxTbbOiooaS7lInCIdICiyOx3QJZCfB2SXT3UZ8meEOd7nEBoXYqeUeZ42RxryZ52fofg8pj3wU48SqlEcY3Lig3W601qpzLK4Fw+loO5KwF2v1ZeXFtS7+W78IK10Ucnn/Jeaq0q2x5kWt/6vkkDqe15aNwZD3+yzwe6TzPOXHkobmZwB2Tg0DkLfGrasnz7Xa6/Wy3WP8A6eh+gJBrQu9kPdx9kyMDmJPoROVzARW5xvyupmcBHA1o4C6kkoQYu4KQ5RDp0qFt4BkNAPr90E8lOcd9jsmAYRFpZGpJJKFj1xzgG4yE3UMFR8nJ3S5ywGlnse55yQEPS7Vkp4ZgghPHphKw5dljQ1dEXsnhnfC6NkcYYK4GAYSJTiRgoLCXE7I+imxPkwcAJRx4IJCeyIc4XSTwAqCUsjgE08JZQy4YQzltCEScrjicJp5XNSTvLOHlDeQGnPdddloyeyE3VK70VSZZzdzlIaAxoSYwAZI3SQovvgScSMcobnDcZ3QiTk7qy4rLE4nJQTyiE4CGeVaeRiwhDc4VvbaZ0f8AMcBuNgVHttGJCZnt2GwBVvgNbgJta/Yi6znCOZ90Gd2OCnEnKBI4OPK0tJGdc8i+vtwhyP2KfrDWnKjOyTsUqbxwGl7Osy5wycqSAAAUKJo77lGCV+PIceXg61uXAeqnQQaMEhMpafH82QfYK3s9oqrzVNpqVu3d3os91uD0nivGucszXL6JHTfTlV1FXtpaZh0gjWcbAL6H6S6Soum6FjGRN1kbuQfh30RFYbc10sbfEIDiSN/uSidWdTxUo+UpnEu3yQubbZk+l+J8XDRxVk195zqTqSOkjdTU0mXnYkf5LHxNknm8eoJcXbgHsokHi11S6aU6sHPOyu6Oimq5WxxD/mPosVk2z0MIZJdrohUyYLchvKvpSI2imhIbtyF2np4bfABgav8AMoTXiMmrm2aOM90GTVGDQpHst1K6QY8Q9zyqGBlTcqo6jq1cn0XaysnuNSGjOnOGtWktlsZRwAPAMh3J9FBw6kpI6SIRx7ep9USWeKEZkeAnSvDASVi77eBUPdDG4jG2xUbwBOe0i3y6TVtQ8GTLQSAB2CqGlziAGndca4l24JJWx6dsfhtbWVcQ827WlInMCtOyXA7p+xiFgmnbu7fcLRtaAAANgk30AwBwnAHO2x7LDqb0kdfTUcZY0j8I5PZSaO36CKipGccNPqplLbY4WfOVbhkD9UzxX10pc1x8PjGFxNRqMnTpqQRpdUP0t+kfsiSytp2gNaCnPMdJD7+nqVBjbLVS4zyVz52ZNkIqI6OOe4TiOIE55PotlaLRFQRBxaC8jlMtFphoYWuLQXEZyrF0mkHAyslluAm8nZJAwKDU18dNG6STtx7rlTPg5wVm6qeS4Vnga/Lxssc5ZDjEjR/MdR3MyVBJpo3Ya0cLTaoqONtPBGM42aECOGC10uI2DIH6lDhfhpmmzqO5z2QDVHJJfViOMySnGO3uu26jqK+X5up2YDloKBT0U10qW4I+XYck+q0zdFOwMY3YKglwMA0jCgXKvZTREZ/mHgLtzukVDHrk3cdmtHJKz8xml11c7sk8DOwHolybYY6d/jYkfu88lSrZbJKxoleSyPP6rtotr6yQVErSIG+v4itPAxrcNaMNHACFLktywcpqVjWNY1oDRxhEnfT0EJnmcAB6lOmnho4jLI4NAXmfV/VUl0e+kpSfAGxcO60RQqU8C6r6yqK+WWgt8pbAdie/5KgoaEPeZJB5mjunW+h0gSyt54BVhGxrdm7JsYLAtSyc042AR6Ole5+dKdDTOcQSNlcUsLGYBABV428hqWDlNTCJoyN1JztjGEXwdIBwgSuDdglzlktg5nYxuq+V2+++VKm82N/3XIrfLK4ae6rJZGZE5/AV7abGdp6jGT9LSFJttrZEQ+ZoOOArUuaFTn6KGsg8LBAAyuTTeEOMps1S31VR4tVcKk09GS5x/RIlMgWtrHPxHHu93ACuun+lTI0V1yB8xyxnorSw9JwUULZqoCSd2+42HstCIi3AAwsV1vpASlgFHCGgBoAA22RmMOeERrBtlv7orYwQCG4/NZJTyBuycYxpaugBuwCMG7bBLBSnJ5FSeRoa0cBOwV0A5TwPVD2DkYAcp2NsruAuq8BAiPRLBRMBIgYVYJuB5K4unlcVBDUkklAxINXVRUcJllcBj1SqaqGlidNK8AAZWBud4quoq11LSHFKNi8nn7LTVU28kO3S81F/qXQQOLaZhw4/1fZNPy9FTnJAwNvdFMVNaqbBwAB+ZKz1bWSVMmojy9guhVVgbDAGrqXVMuouJ9ESmoy9wcBhDjhL3NOOfRbCy2d8UbZZgAXbgei05UUECtNlly2c7D0K0jIgAOMhKOnMbQA3b7on0glJsnktIHhrPyQZCZHlw2XXOMjtuyKyLPJSXnIxLHLG08Oo5I2CLPKIG8BO1MpmFx9Fn6qrfUvJcTyiXIyK3Aa6qkqJSNRwiUNK5zgS1cp4A9wBH5q5hgELAS3KagpPPA1rWU8WXDB7e6qq2rJdhu4Uq5VRLQ0bDuq+CF9RJkHHuij2ByOiidKdbgpjY8DGERsTWNGG4Q3kYJynJ46BeZDZX+GMghQZnOlfkJ8pMrvsuOGnYJkI7inLAEMA47rkjxGMk8boj5WsaXOcBhZO93sVDzS0zvp+ohdDTUSsklFGe26NXZHvl7lqpXRQyYA22VQxpOSQn6Cd87okYDDkrvU6dQOZZapyyPiYXdkQu04AGUPxSSGxHHqpdPDjDnBatmBTsR2GmBbrlbueEZpDRs3ZcLs+Rp45KiXC5QUEB8UgOI2TIVuTEW37eWduVygoYHTSuGw2HqvOrtcqm7SHQ9zQTsMpXa6VNznOHHRnYeyPbbc7Z0pGXcey6FNSORqrZWNqLwKhoWNaDgF2NyrmCl04JGCi0tGyEB5GcfsiSOzhoatPETLXV+xrmlrdLRlMbE6HMszPtlFAwNR2wor6qSud8uPo4yolkbL7TuqWul8ONvl7nhdEMVNsxu6WRTghv6pjhr8xPK1115M1tvpHJNTiNlBu1zp7bT+LNgkg4BKi3rqOKzwGRzxjBAHqV4v1X1lVXaqfHHK7G/B2C6el0zk8nkvN/UFHjYPPMv0Sureupq50kEDi3cgYPZYYtlqZA6Qlx9SjCJ7yCRkqXDCG42Xb0+mwz4x5Pyduvtdlj4B01KG4yFY01OHEbfmiU8AOMhWFPC1hHC6MIKKOOlulgVPSacbJlfcDSgU1MA6Zw2aEq24sicaSj88pGymWi1RULDdboQZ3DLQd8fZXOW1cHV0uhnc0kCs3TxJFzu53G/hnsi3O7OmcYKUDR9LSOAiVlfLcm+DASxnf1I9F2itj4CHPxvxnsszmeho08aI7YlZTWeWoeDNHn3Kt2wU1C0Y8p9EWe4xUzvDhAdgblZ663Roa6aeTGOAlzuXsOUUuSxuFYXR+HEdI/EQsddupKWgDmgh7hkcqivXV89UXUtBKRj6is82GSR/jTkkn1PK51+q+7bARZPHCJc9wrbtKTJKQOeeAiQNhpxqc0EjhR45GN8ox+QXH5ePqwssrmuTM3u7DS1G+GgKM5xPdMwfVdSpWSn2C0Ox67pAYGF1JZiDsBNTk1QgFJJJQg9JJJQMYuhxC4kouCmSY5ScZCkg5GVXA4OVLilBABT65iJRyTG+VOznshsfkYwiNWxYwANc0AcIRGN8I7k3AQNFN4AN3OCu6fddczPCTRgpeATmgpaCigDC6WgItmUVkHgpDlPICCeUiS2vKL7DAjHIXVGBOeUZpHdFGW54Jg7gpYKIMfmuloCMrODmr2TQXZ3XRkEIrQ3GAiU2yjgdjuu6/dcbucAJZCLcyPnsRGTkpIeR6JZA7Kt4OAucJZOULI9EsgDj91amXlhxLjsn6xjGFEMh/pTxNk4wiU8hf5CkA9lzATNbfVLW31RN5AY4w77LhhwMp+QkdleRgHSWnhdEpAxhP8UZxpSDWkZwoQ4upJIRRxcLc905JUH0R3RBc8IgZ9VIIykBhU45DU/2R/EdGchS6erJwMhR5I+O6Boc0kolKUOgWlIuRKJO4SIz3VXBO5rt8qYydvBK0Rsz2KlDaHdG08bIQbjcFHa4HuukYTSk8BKe4SRt8OZrZmej+yf8AJUVaf9znMFQeAdmE/dRtPumuGACDwg2hqxl1R3W/2E+HKC+Mc5GWkKyYeleqmlk2imqsbuA0glUFH1DXUg8F4bPEeWyb7KziprJe/wDsEzKecf8ADPlyfYoXyaI2cEG4dMXvp5/j0bvmoDuC052T7V1C7xmOke+nqYT5Xent7q3obr1T0lM2SWF01MOxOchWD7Z0V1nH/ujGWyrA+jGMn7/+izWVqXDHV2Ti8weDe9DfGq62l4puoA+vptgJQf5jfXPdy9wsPVdl6hgE9orWSuxl0R2H2c1fFtws1+6WcDK4zQg9jqAH3VjYetqihmZPS1b4ZGnZzXYWK3TqPMD2/h/rK3Rv4tXlxZ9lT2+hqZPEYx1FUHfVGcNJQTW1tA9kF0gDWSbRyh2QT77LzHoT41Q12mm6kLnBmNM4xgc/UvX6Wot91p/EoqqGoikG7dtx9lgnXPPKPpWj8rp/IVK2h5/aAhwmaHxkEeoKWnfBQJLbUQSa7RLsMl0Dz5T9k6luEcrjBO0wVA/A/YH7KnE2q3I2aIPGMZBWN6l+HVLc43SUBbFLzg8FbpzMpaCihNwZn1Onr1Mds1k+bqqlu3TVdJD54nRu3b2K1vTXVUde1scjtEzNiNWMr1O8WG2XiExV9Mx+xw7G4/NeM9UfD282SrNfaWufGCXN0+meFthqcdniPKeClp/9Svr9HocclLcITT1MTZGuGC17QQQvDviP8E661Pm6j6Ra6eHVqlpWt3YPUH0Wu6Z6xfJL8pXExyMOnfYgr0m3XGOeMO1g4HbuttWoyeSv0UbuJdnyHbLq9pAecArX9OdZzWapyMvhf9bC7Y+49CvRfid8EKbqIOvXSw8C5bnwcZ8f0avn6Rt1tVVJRXSmdBNC4tex+xaQtqsUlyeZ1FF2lswfS1qraS90rKuheHBwyW53B9FaRS4b4cgwW7br5+6Z6rrrNPHNTTO0tIJaDyvYbF1db+o2ARHwqlrcuYTjV9lFwaq71jEuy4q7e2c+JC4Nd6dioDS+J2hw3HKso5ScBwI+6JNTxSt1uaM+qOM8M1fFu5IlNVmPdWb2091pwx5AkA8ru6p5IXRv2GyNTSFg4wtULjBq/Gw1MHFjHxVFukMNTl8Z9eyn0NTNTStqKSXYbkA8j0U6kMFwjMFSGkgYBPdUFRQXCxVbnxNdJAd8dsLdVdu4Z871/jZ6aTjI9b6e6wimgZDVO8w23O61MNWHgHkFeK2q509U1r4zpPp3BW7sd6LYmxzZd25R2QUkefupceTcskDt0XIc0AgFVFJWNkI0nKsmbtB9Vz7qfWDMpSj+LwYrrPpQZNytsWHcvaP9FSWW8VFODHIMlmxBXqbsbZWG6o6YFI51yoItTXbysA49wvF+Z8JG+LnFH136J+tLqpx0d8v8MurVdYqhjXNkB/zCvYp9bACcry6lmmgiFVRgnT9Tc8rSWHqSOoeIZMskHZ3dfLfKeLnVJuKP0Z4vykNRBKTNTUQEnxItiN8Kwtd2y35eodgjglQoakbZA3QqyHWfHg8rhvhebsqZ34WFzOXx4raE5Ld3sHp6q1t90grIhn6uCCsxbbrok8OpGO2/dSKuKaGU3G3yYH4mjuszjgb8hrYphG7U123cZVk5kddSPp5QHNkaQQsrSVzauESRnc8hWlqurWyeDKfsVFlMje4rLNWusF4dYKrajnJMfbGVctLLbVzUc4zTzfpg8FD6ns8NzovHY3E0fmY4cg9lHsVVFfrW6nqB/vVO3Q7J3yO66entaaZl1Fe6J8gf2zv7OTv5vxK6NtzXAtMlZFF5cAcvwBzv+a+MKckEAnJX7LYpLla57Dc4WSMlBjcHjII/+Ur87/7VX9niq+F3UM3UdlgLrDUk4DG5ELuzcehyf0XvvC+Ucv8ATsPmf1P4PLepq79nhUR754UyJ2MBVkMpIAIUuJ+MHC95RLdHJ83tjjgsGOyEUHKixuwpbJG6cLSzDJckiNwyp0E+AFUtJBByThS4JdBAUhLDEXQyaymm8SlDHOzsq+eLDjj1QqOrIAA4UuYh8ReBuFujyjFjZwQl3J4ymH3XEEp44IuQjjkIJ5RCQhnlZ7FuQaWRRSvp5mSsOMHdeh2aubVQRyZyQMFedkZWh6UrMSmBz+NlxNbp8pyPS+C1MqrFBG4m87MeypKsFryWq8GC0fZQLjTZaJGN74K8vqK8n0bT27WDsNaKeuDztwvYenrqHsYwEebC8JEpjeCOxXo/SdzbhmXHgLia7TboNnp/H6nbJHsFG/JwFaU0mCB6rKWqvL8N15I49wtBA8OAdlebtr9Hr6Lsl2x4LU2oGqncPVApzxupIw4YO4SI/a8mt/esHld6iZDdnBgwHZymsdloV71rbPBkFVEz3ys5Tu1Lo0yzFM510cSwPljBHGVk71D4sr2kZwti5uxCprtStdFqDfNq/VdTTWOuW442v0ythyeN9T24wymVrFm3sFVA6IjzNGQvS+oaJlRE9rW7gLzqpaaaXBbgtO/2XvdBf8tWWfHPqDQrT2uSM+0ugmLSN2lWtDXy000c0Ty0g+qi3KANeJ2DyuCBG/BAyug4bkeXjbPTzU4dnqjZIb3QtLHAyaQT91TtgkgkMLhghVvTV8FJM2KY4HAK1FzgbKG1MY8rwOFy9VQ0e48frY3wUl37I9HUzUU7KiCQtc052K9hs92g6gtjWjBe2MavuvFACDnUtP0Ten224tZK/Ecm25XE1NOOUeq0Oqy1Fll1b0++B5qox5SewWZtd0fb61soyBw4eoXsNZDTXSkLAAQ8c+i8r6isc9BUuOjyk5aRwVzZLPDOnZU6n8qPT+m79BXQxujkGdsjK29BUNlGD3C+f+lr6LdOI5SQMr1mzXlk7GuEgOeCuTrKHjKO743VRshlM3FJUG3Vccrc6HndaappjMwV9IRnSHbFYynnFXAY8gkDLVaWS7Opn/J1b3aSfKSdvsuHfTxk9DTdk19puzauHwKgjUNvzUrwgx+W8LOzxigrBWU+8MmC4DsVoWSCaJkzDs4ZXPlHBvi8h2HvypTSHjZQ4iMYyitJbuCk55CkuA0zY6iJ8MrA5jhggrynqbp+e01jnAZhedUbh/kvVWPxnZQbxbI7rQPpjgP5YT2K0V2ODMtkdx59b6+C6QNoaoaZ2DDSe6zHV1ho7vFLY7xCHNLT4byNwfYq0raWqtVaWSRlkkRyD6hWz4abqy1O8JgFwphnnGsey7el1Djyjn3UqfZ8LfELouv6Qu76erixHKS6Nw4IWTLNsZX2H8QOkoOsbTJa62nDamEENcR5gQvky92ersNwltVewtmh522I9V9I8P5J2QUJdnxr6m8FOmbsrX2srhnjKIgkOa8gbp7TjOy9PCzceAlXKDwx6SYkmYyAPSXCcJA5U2Ih1cXUlCBWTSR40uUqGu1EeKcKEkd0I2u6cHnJcwOhlHldlF0BUMc0kRyx2FOpbkRgTHCXLKOjXq4y7LEjPdOHKZHVwSD60UebjhXls31yjPoIAMJ+kBN0eyIIzscKdjlFZF4bfREZG3PC61jjthFa3BUXA9R4ONiaPp2/JF0A7f6J7GZCM2HOM/qnRyV8f9iP4II+kIjaVmcgKY2mBGeEUUridke5oL4s9IisiDW4DURrCDuNlMbQTuGwCJ/D6j+kI/kb7LWnmyKB2Rmh++M/qpX8PkGMkbqRFb3EDLgFe4v+NMgYcnx77K0Za3YBL2kI0dtgzktCNBLSSkVQjJwANypEdFUOP0K3joqdmCGDIUtjWtGANgmptIJaGL/JlPFbqg9uVJis+rBmP6KxGQeUUDAwrUsjoaSESNFa6ePndSY4I2YDWgY9kRIcohyqj6QRoAA7BPac7JN4XeNymZRaiokhjN0doBxsowfpHmwPuVEr+p7Ba4tVVc4RJ3aHZwq3LJTuhUvuLlobgb4Kc3MZyV5vcfjJb4HOZa6T5jGwc7YH9lj7r111JeHOAqnRMdyG7KpWNdGazyNcfxPYrp150/Z9TKip/ms5asB1B8X6yvkfHaofBYdtQGMrBCCpqX+JO4vJ7kqVDQBu+AFTsb4Obfrp29Pg5UVtdc5HS1cz5HOOTqdlchgyeFLZS7jDQFIihwRthDtb5MM7JWP7iKyDgYOykx0wyCApQja0fShSTRwYDncq0InNQ7OshaMbJSPZCPMdlArbvHCMRvwVVPr5Zz5zkJkY5MV2qjH8S1q7o2MEMfuqmWsnmdnXshPy85KQ27psYGCzUOXYRpJ5PC60eifDA53ZSoKXBBO5WmulyMsrkgEMJGMt/dTYafSBhv7ojI2jBDdkcaQOFtrpwZrLW+ENY1o4HCJkAIerORhNLSTytCgZt27s6X+i41r5CNRThAXEFSo4wMeVMUc9kzhHI4Q1uSFJwNtuEhxwknxjgTJ5Y5dTElCx6SSSgIkk5dxhQhxdAJOAFzIRIMNf4hOA0ZQyltCSJuuG2UxmmAMjh5W+nuqMvluFV599XARHPmuNQXvPkH6AI0s1JQRGRoBdwB3JSLJZGJeh1RDQW2LXOAZP6VmLlcn1j8AkBp2AOwT6qqlqpTJK478KC8hh1Y5WScsmmusY4EkEuXAzV9JyUaKkmrJWxxsJHdXVHbqK0MdV1Tg534WDklZJrkcnt4RDtthklkE9Y0MjaM5PopFbWQ02qmoAGsKi113nqZDglrDwFADiSXE7lBKRT5Hulc85c7dN5zuu/Zda05BwrUWyNqKwdbGTwEeKI5zhOjZkZKkxtAK0QhgCczsceMbKQwDZNa3vhGZgYJWmMDPOY5kfchHa0Y4XG6QF3ITYvaZpNyG5CYSey7qCG9waN98oXYSMcj3uA31DZRKipACbUT4VTV1IA3JWG+5I1007mPq6wAHjj1VLVVury5CHXVZc7AKgAOLgSSvO67Wc7YM7mj0afLDFznuynBpxwkxuUQNGOFwbZ73lnf09KrXAhypA8wQQMoqXjJ0YI7p91JiyHAYJJ7BBaDnK2nRnS0lzrIppm6W9ge6qMcs6Ok00r5qMUWfQfSdRWStqJ4ANXG24C93sllgt1O1rGAY9lE6dskFtp2fyQCAr5rgNsLbVHB9E8fpIaWG1LkKDgKPLOTsuSzgeX1QGuwcrTE6cUFY0ucMqUACBuozHAbYTZ52QRmR78YTGBZLauQV4ucVup3FzhqcDhYGad9wqjJ+HtlHvFwlu1YS3UI27AHupFDQBmHFoCOETj6m5yltDUNIA0EtCPO6OBm+AnlzYY8NCpq2rMpLWuWpLCMTGVtzc92iE8qHGxxcHEc5SazLgfXupDCB24RqQhvLE1vsixROedhldZG55wArehoS1up2MlRySGwrcmBpbc4kFwx3VvDTtYBldiYGjA7IrWElLlakbqdOuzrRjjfC5UTaAByiEhjclQ5C6U+iVK7PRuhThDHOdK4ZClQxhoDsbpUsIG7mp9RI2MAAcpLk2F+AZpDQSSNlT3W9NgBiiGrOxIKiXa7Hemp3kn8RyqJ+t5xqKnIm62S/E7K+SeVz3uJzx7JRxEuwP/mo0ERdy3K0Vj6bke9tVOzy52B5Qzs2iqKJ6meEAsltlIAI0533Wxt1u0EZBGytKKyQs0OZG0bDlXkNG2EA6W8eiyztPUaXR/BFRZXUVqiOC4cbqzbSsjAwEUMDeG4Vfc+obdaj4cry6bswJUptnRgoQXJMBZGDlwAaMlVlX1HFFJ8vQtfLMOQ0ZAUJrr11FJr8MUlPyRjBKvbdaaKgAMMI14wXFZ5SZoUVPoraG119dVirusmuPkQ9vzWkip4YRiGMM9gmxYaScKQ05CRKzBpqqBn7pvmJxlF8LfOFIZCAAcJTswaoVgo6ckqVFCG4JC6GhgACeS1m7jgFIsmP2hAMDA7J6EKiPGG7lJrp+fpS3YQ+bEkxJfXT+auR6SSShYxPXMhNVdDhJJLmpvqqIdSQkleCCSSSTABiSSWQoQauZHqk5zQNjyhF2/KX8nOC8D1wkY5CYXAKK6VreCqc0gsB5HkHIOyjS1A04Q5ajsVDke4nYpE7sHY0HiL9Y00uAzpslDBcXcrgDjtyitjPcLHZefQvHfT0dNjC5EACMomB6LoaQMEJywW3M9np9H8aWBnCdsm5Cbk+qyTscjp1wUfQ9NBJ7ricd0iUjUkjujj3TcY7pZxuTwoVTXsYSM4wgjFthzsjCOWGqJjH+aguqDIdLRwmtNRWzafwjkqS9lJQwmaY6WN5KdCvJzr9W0tz4Q2GIkh724Cp+oeqYbdC+nppA6Q8BVF76wqJmmmoHaYhkAlZnUXnU7zH1K11Us8d5Pz6lmqh/5CT1M9XK6epkLnO5yghmOCi53wurVCG08hba28vk4G4GF3GE9JPyKcmxi5pGc43TsFLBVAnV1JJQgxJPXDwoQah6neqTiCSULIKJIh1NwU5sbjvhSAxujhWXJ44I6Y7hE2DkMnV3QTljgifOQRBzynBq7p3RBHtzhCl7Yxy/Q3ASwEkkQPY9NfwulwTM61AgR1F3GyK1obykQGkJHzAEKEOrhxykXDhAcM5GeUMpbS0simlxsAhZLu645ueTlcdvss0pZGndWclDc8k7bLgB9U5uRvhCGko8sawSSHDjsjtYIx6rjQCAAMJpznlE1gF8jjumvI0kZXTwfsgknPKsiQiTuAVxJcJB7oW/Q2A1+/CkUNN4soznAPKFT08k8oYwfcq8gp44I9LRv3KdXDPIq2WB4a1uzcAD0Xcj1QSSTjcJj3YzunuODO1ns7LMGbAZQWtLt0w5c5E4arbIljkDJqBwEowcAYXfxIzWjHCTuCGt3UykiDn5cONwhQU8ksga0fcq3pqXWQ0N3WW23B2fHaJzasmh9FRTV0zYIW5ztle+/DPoGC1Ujayphb4jgCM8/dVfwz+HzImMuNfANQAc1rhx7lehX++0nT1CMDcjAwVz7rWfUfG+OUYK6ffohdXdSttFOKKnIa5zcuIO+PReZfNPutY4nIHumXCvqr1WucXudqd3PAU+2Wx8j2w07N8+Zyxznlnoqotsn0VBrc2ngZ9ytXbqNlBBpDRqPJ9Vy2W+CnjDQMuHJKlSODcYCS2b644BSu8V+p48reypLtVzVEngQ8DsOAp1wrhE0wxHLztn0T7PaXvPzEw990tyyzUsYCWWztpmipqAHSEZAPZW54JXNIbtlUfUF+ZRQuijdueSrzwU3grupb8wZpaZ5JGQSFkm5JPcn912SR0ry9xyXHK0HTXT5rZRPUDS0bgFU54Fpb2SumOmS8tuFezy8sYf81rHNGPQBEGmFoYBsBgBCEmXHblYbrUdPT0RSG6t+Mq3oKFkMfzlXgAbtaUrXai4ipnYNI3AKBX1E1wqfk6Z+GjY47Liaq/MsHSqrwKWpluk3hsy2Jpxt3U807KKn1MwSAnU9PDb4MuxsOVDmnfO85dpaeAuVbPczZCOAGt9VJl3fYBaOx2oU+JqhmTyAR3QbBaWvd81MzbPlBWkLQRj0We18DDoeCCOFDqqoU7SSQU6okETC4nZUdwrW1A8KI7g7rI232FFZG11fNMDHFtnkhHttJFTxfMSN1PO/wBkGGIYBI4C7IXOwwnydwhGJD5JXTSapMaRwAdgnwQPuM7YI8tjafM4d0COMyPbEwbuOFp6GjZRQgEeY7lUFJ4JFPDFTRCKJoaGj9VDut0io2Zfu4fhXblcGUsWtx37LMOdNW1QqJnZUZIrPI7+bVzGurXbcsb2aFYW62y3CQSSNLYGHYHuu0tv8eVpk2Y3fHqr+GPSABsPZKaDY+OFrGiOMANbsAF2pniooPFlkDceqVTVQ0MXiykAemV5t1N1NLd5zBTuIhbkE9irUci5SwP6r6qqLrIaKklLYWnDnA/V7Kjp6bODjASgp9xkKc1mkYAWiCwJ/Icd2gAYwEajgcTrf+QTGNypkewARt4GxjgkQsAIGOFbUlLjE8rPsE6124taJ6hux3aE+sqQD4bOAkTnnoMZVzho0sCrnOO7j90WR/5rsY3yhKOQUzZmiR447Kzp2BuABwgMaGtwG4XfmACAFcngtliJvDbjIP5qNUVpaDkbKJUVJA8nJ4VjYOmq68zCe4OdDA3gZxqSLJ7VyU3gjUtJcL5OKelaWxOPmkxwFvLJ05SWaBjIw18vLnkd1MoqCGhiEUEbWtG2QNypLWkbrDbZkTKQ8AgbhOwPRdGcDIRNB9MLHOWexcp5E0dgiAd1xu53RQBhJeci94gPVLAXUkeCx2keiSSShQkkklAxq4eF1cPCjKbyDPK4unlczhAWJDmkbGwucQG9z2Ce4jByey8/6l6hlutcLHapD4YyJZAeT7JtccsMjdQ3eo6hrv4fb3ObTxnEjx+L2ClQw0tqpNyAW8Ad06hoae3QYbjIHmcqu4VTquQ9mt2AXSrhgNLJDrq2WtmLnO8vYKPFE6Q4I5TnMw/7rVdP2EuAqahgA7ArRnCGtY6HdP2IRxNnqmgnlowtGGNaRgYwu6A3YcBdSpSygkhwAxwok82s6GHYd12qqTnw4+/JTYo9g4j80tvLGJY7HQx43IRc4bkBNaR9gq68V5ij8GJ27uUyMf2EsyYK5XIO/kROyRyolNE6U8cqNDG6STA3zyr630wY0EtCNLIxvahUlK2I63tBITLjcGwgRx7qTPKxgwBjZUEglqpj91ZaWRB0tZLgf/MVrBTthYPLulTUkdOwYG+Nyu1LwAAFCA5nb8hRHPJ2XXv1HlMWiuOexfCEAhzPDRk4x909xABycbLHdRX5pcaeneTyCQuhpaHZJGW+2Ncct8jeob42cuo6Y8bOcD+yoYwd0xmZD7nlSo2hgyQvSUaaNK4OJbbK6W5nWkDlca4SbAJjnCRwaFNpqaOI5A3WtRyLb4OU9Lg6i3ClE7AALuoNGwUavrYaKLxJPfATIQ3PBnss2jayuhoIXSyv37DuSsFc7nNdJ3APOkFNut2qLjO5rXHBOPsErfSaSMt3K21VKJhuvdjwh1DQ6z5gr+ko2sAc4ccBcoqUNAOkKZKAMNCfjApLPYwn8ICXhgAErgAYNRVdV1TqiT5WnOfUqJuRTewdWVPiHwITtnDj6p0YZGwNa3zHkrghEAHl8yeIiQHH6jyVqqrcmZLL88HHtz5is11F1XS2eJzdQdjOd8JdVdVU1qpnxslGoAg4P7Lw/qC9y3p7tTnYzkbrs6XS5PE/UX1HXoa3XW/vCdS9V1l8mdpcWNJIG+wHsqiCEggkLkdOTjbj3VhBEONK7mn020+Na/X3aqfyXPLORQA8tU2GkGcgJ9LSlxGysqalAwXtyFvUFBZOXulY8JAIKMbHCFXTDV8pbWh83BOUavr425o6IZednEJ1BQto486Q+ok33S52ekei8d49tbphbVaoLNGa64FskrtwOTn0TyK251JdLGGRj6QfRS4LXJNpkqXcbgc4UmSanijwXAELPO09DTSq1hAm0lPSgPBGyhVt1aWFkI3GxKbV1wdkA7AbrDdQ9XUsINPSOLn75IWW6+MIuTCsjtjktrpfaK1QulqZBk5wAdyV59d7xV3dxxJoa781CrZqi4S+LM/I7A9lyLDW4IXInq3YYLLGzjI/BwSAT6pPye6e5ue64OClKW4zOeeAWo+qdnKa76injlXnJBmCE5EkaABgIbUCBGjlEHCakOVa4IPTEdn0hDUIMTEZc0FTGSAxyjM+kII5RmfSEPoM54fuuFmBnKNo9k0jHdTJbWCOdl1pOQF07Lh4RLjoXjJMppNOMqUHalUxPOrCnQyAjdaap5FWRJI5RBwhjlPAyE3GRMo5GFuUxGz7Jh5Qyjgro4kknNQx5IzhGEIg8qRnOyEQCOFJRIngAug4SPK4kpY6GKXoK1/bKOx+RhQQ4g4RQ8YRxZJRzyiU4tx5e6Y3J2JXIychEkbsmJIW00diAHJTlHZkOG6OCCOUSwRMWB6ocrDsRunYPquvAOMnCigmRAgzHdcRgzHdIxnnKkoYKbwR8j0XdPunEOBxhLwj6qsEFpICZk+qJp907wgRypgg3xCueMf6V3wTnK54eFMkEJST9KeHN9Ui0BuAEMxkbqN4IF1N9Usj1UfDgU5ry3gZQ7y8BElwOBCcBkZBUyUEJGEPBXA45TwW43R5J2JDe0coiSjJ0RS0g7DCQe8bdlIyPRM0tIIwrWVygsZ7HxVJaQHYVhHMHgbKlewghGhqXRkH07JkLpJ4YLhktiELHIyhxVbXbeqeM8laoyU0L2sYRpI2yuaWHLgA13qFIjbqO7cpSQ8OiYfdDJEUmidbOqq+hxDcdVZTnZzXnOB7K5bbbPfx8zYqn5efkxvdpIPssuG4A1s3Q2MqIZvGoi5rs52OEjGXg0Qnjg2kF3vNlPyd8pTVU3B1jVt7FBuXS1ovTPnOn5BFnfwjtugUXWcdZTi39RQl2BpbK0cfdT2ULMfM2erDm84af8wo6+Mjk0zJR1FfaJ3Uk7nNIOPN2XoPRvxLvFge11PVv05GWF2yrS+nubflLtTsc7gOIwf1WduNrqbNUeXL4HHLH+iy21b+DoaPU26Oe+qWGfWXRXxPtvUminLmw1gGdzs72W0nhobngzs0TAfWP+q+ILddauilbPTzPY4HIcDgr2HoT43T0umjv+ueEABr8+ZvvnusU6NvR9F8V9URvxXqcZ/Z700zUOmKpIew7NeP9UQODzkKLZ75RXmjjqKaRk0EzctPI+33RpKJzHeJTyHHOnOyzyjjs9pXZ8i3R6CSNOPVRJotTdJbkKWyQgYcN1zIdkaeVW0a47liR5p1b8NKa5udV2fTT1A8xP8AUfdYKg6kuPSde63XmGQuYS0/b1C+gpYhnYLP9S9JW7qWn+Xro8DGzmjf9U2u1xZ5ryngIz/1dPxIrLJfqa50sb45g9rhs4HcexVR8QPht0715RMbLE2mrYh/Kna3k+/qshWWi89A17mUzJJaTORknBH/AFWv6U6xpbsTAXaXgbsf/ouhTfuPF6nS781XRxL+580dT9MX/ou4mjukTWszhksbiWu+/oiWi9z00sdRBKWSRnIIOF9SdR9O2vqa3yW65wB8cn4gNwfVfOPWXw5u/RlfIGRunoicxygcD0K6EbE0eS1/jrNPL5II9G6U66p7k1sFynayQ7Nd6n3W1il8QADg8FfMkFVLE7LHFrgexXpXSfxFMdPHR3Il2nYP74VvnorR6/c1XYeqPgBGohAEOjjuuW+4xVkLZY3h7HjIIU1mknhCpNM7ca1LoijWwghxBCsaWv8AEcKerLXNcMDIUOeMEhD0+60QuZz9d4yGqhhka82GooHOuVrlOgnLmt7K46V6kimLYKp2mQYG6ZQ1xpnFsg8SN2xB9FDvvTjWt/idsJ0u8xDTu0roVX7uGfNPJeInp24y6/Z6ZDVnSJIpCPsVobbdPHj0OILmrx/pTq06m0FwOHN2a491vQ7DPnKE5afqbndaJwUjyllUoycWbMT6+E4tbIwse0OBGCCqOz3GKZgDnnPGD2Ku2v8AZZbaPQhTdT3R7Mle+npbc91wt3mjJ/mRY4Cpn0zqtvj0LMSs3IBxheiTNLsLP3GwSU8huFucRjd8YGx914rzHh9ybrPsv0d9X2KUdPqHhkSwdRn/ALFW5ErdgStRBU+MME4ysfJQRXEGogHh1DeQO5R7ReZKSX5OtyH8BxXy/wAn43bJuB9/8b5aNkUm8mkrqd0oyARjghFtF4dE/wCTq/sCeCEqWr+YOiQjOMhDuFubK3OdJHBHYrzFtSR6ONmVwWxnNrnFfTkGAj+YwK3fGyrpW3a2+ZrvqaCsPTXZ9G9tBcQSCcNeeCFPtt5d03X6ZJNduqXZx2wUlQGQa6N/ZLl8w3wJDnHYqj6lo6jp+5R3+2OLGSOAlaOD9wiVGIZm1dGSGPAewg7EFXtPNDdaExVEbZGuGHAp0colkeAIfDdKGO5U4AeQC7T6qBfbBZ+t7FP0/wBQUkdRFMwx+cZVfDLN01ePk9ZNJMdg7gZV68eFMJGHyu3C3abVTpmpIwX0KXJ+Y3x/+Bl4+DfV07DG6Wz1Ti6ln7NPOn9P8l5lG8ggYwv1q+IPQHTvxU6XqulOo4y+OoYfCeDgxu7HK/Mz4qfCfqP4X9T1FmvMZexhzFO1uGSMJOHBfSPC+WjbiEmfLPqPwNkLHbUjKROJAUlhJPKhRZG3KkxnuV7NdHgbK8dkoHLclFYSHKMOEX6TnlUZ5xyWNPOQRlW0EniR4yqCJ2MKyo6jTgFaK5ZWDBdW/QeZuk4CEjy4e4u04yop5VzTyBBD8lJJJA+g0cTqGsfRVbJM+UnBTTuMIBZvgrHfBTi4mii2VU1OL6PVLbWtqaRjwc7KU8B+xWP6Rue3ysjvYLXg6jwvJ6qvZLafSfHayOoqViKOtpjBM7A2O4Vr01Xujl8MuxjZMuMHix6wMkKrpZzSzeJ6LkaiOY7T0+j1Gzk9msdfmRpLuwWzoKzLQM52XlXT1xD2xvyd2hbSgrwcZd2Xm9TRjg9dotVuimzc01UNtwpzJMgLMUdUDgElXlLJkBcycdrO7XPcgXUVI2rt726cloJC82gBbIW+5C9XcBIwtcMgrzi+0Rt9zfhuGPOQm02AXR5yDcw7YUOraPDyRkBTIiD3QqqLVjHddCuw590NywYu80OiQlrctcMj7LzTqKixM57WYXsV0gOppLdsYwvP+oqFrzIGs+nfC9d4zVbYqJ8++oPHRtTbPPhocwwyjI7Kqq4XU8mwy08FW9bCYpiMY/NAn0TUwiI8w7r1dElI+VaqrZJxIUMpwD6cL0Hpa/U1dSi21TsSAYBJ5XnOkxnSdsKZb6t1HUNnYeDlTU1744QXjtZ/EuW5/aegVdFJSSbjyZ2K5G7G7diFY000V6tTcEanN591Ww4hkMMm2Dj8153UVuLwz6Dpbo5Uk+Geh9BX01Bdb6yTLgPISrnqGyC4MdGMNPIcV5nTzy2+rirIyRpO+F6lYLxFeaXS4gyNC490MPg9RpdR86+KbPKbtbKm21L2SsILTsfVX3RXUUrZX0suTpAI3Wh6rsRr4y6IDxGD9QvM5o6u1Vnixktc07rJOKtW1lJz0VinHo+hLPeG+Q+oWg8SGsjL2fUBleNdJ9URVkYhlk0v+/BXpVmujMtB5xhw9fdcfVaRxe1HqdFr4XRTibS21hnoTTuOdPGSrq0XJsY+UnOAdmuKx8dR8tK2pj3hds/B4VrK7/d/mI9wBkYXGtowd6m7fwbAyGJ4zuDwVIZLrAKp7Ddae7U4p5XBsjRjdTWSPoZvAqM6XHyu7LDKGDXnJYtd7IgODnCCxwIyE8Pz2S+UC1kz/V/T5usPzVMB4se5HqF51BLU2isEsLixzXev7Fez4B3PAWG626Wc3NztrNTM6nsHIWqq2S4ZnnDCM91HbmV8MfUVq/mNmbqljA3ae68W+L3w0Z1hZX3a0tbHcaYZGBgytPLc/kvZLVc32yoGkAsk8sjTwQo92o/4NXu0jVSTedruwaeB/wDL6L03jtdKlpr0cLyGijqanTLpnwW1mHlj2lrgSCDyD6Jsv8vsvdfjv8KBBOetelqUfLSguqomfg/xY75z+y8TZGyobsQHN5B5C+jeP18dRFNHxjyvh5U3Op9+v7kUHPbC6nPjfG4tI4TcEcrv15ksnkbIOqTjLsacnslgoiSYJ3DUk/BSwUorKOJImClgqBA0sD0RMFLBQyjkmRjCWHIO6lRXOpiwA7OEDBXNJQ7Bsb7IPKZcQXPVjx8KxiuFMWjf91mRxgpaizGN1HW/Rvp8g4/ma2Krp38ORmuaSC1ZJlXNF9CkRXaeN2rB/VUoPJ0IeTrZrGHKlRnIG3CycXUMjDksJUmPqcj/AIRTMPBoj5Cl8Nmrj4ClsHdZKLqlu2WHClx9XUwwdTsqYZphrKV7NUNWRyjRZPOVlG9aUuMb5RR1rS85KYa1ran7Na1mRujMbjG+Fj29cUg2yUVvXVIBq3P5o92PRf8ALr/Zs28bLu/osb/7QaUD6SV3/wBoVKBnw3fqiUy/5tKXLNq0HdFaCc4BWDPxFZ/wYnKO74h1ecQRnJ90amB/xCj9npOl3oiccrzE9d3dwOlmM+6h1HU/UVQ7AqMA+hKveLl5KqP48nrZLeScBRZrxaqX/tNdGwjsSvKjcbzKMur5s+zyohgqJXa5ZHPJ7uOUSkZ5eVk+Ixwen1XXlho9mTOlP+AZVDX/ABTqnNdHQUQI7OespFTjGC0Z9URlE0HICvc3wzNPV22+8D67qnqm7amPnLGO7MOFAba31HnqpC4n1OVaxwZ2CM+IYGyrDbM890vyeSrjtVPHjDQpTKRgA0tAwj6D7/ontIZu44TlHIiUlHsAKZrMDSiiLbYYQp66kjAGvBUGovkYOmJ26pJCLL64ey10tj3IQZblTQjzEKinulRLw/lQnSPlOXOKZkxWauX9JeVN+j04i5KrH1s02dTtioun3TmgkFEk8mK66cu2Okw/BPZca09k+OBzzuFNp6TB1FaYV5MkpeyOyBzzsM5UynoCDqkAz6qRHE1o2Cf9K011YYiU2+BrIms4CeCG4Tc5RA0laYxwLlli1eyQ1OIxwuhicBhaIx/YLeFyIMRWR4XWM1bBOAwmYwJb5EABwjjlC0O9EUA5RpAhBwurg4XU0gkkxJQg9JJcc4NGXHAQA4yEaMd0OWZv0hRZ6o50xvTYGue7JKGUsDYIO2RznIzh40Xh8BcjiwOE2aeKKMlx3CVKWCnHISSeCjpsAAHgAckqhqqkudrdv+adV1niHONlXvf4iy2WJmmuGBslRqdsFIo6GaskGkaW93FMp6cOIL+B3UioryxroKd2lv7pEuFljuiRJcaSgYIaN2pw2c7HJVZUVslS4lxJ+5Qy0nBzufZNIz3WWUsjEsLLOZJ7J7GFPjbpO+6LgEDAwrjFyAc8cDQxPY0ZAXWsJ2CK2PcHGFojFIVKQRjRgAKQ1nBQ2sOOEdkZOE+Mc8iZSyxwAAXdPsntjJHCdhNEykcDiNkiXHbK5nfKdhDJ4JnAM55yo08pA3/zRppNlTV9XpB2zn3WK69IfTU59CqqzAOSFRV9YXZa0grlVX6jgKtLy9xyVw9brU1tidjSabkc6QyOyUZoJAOEJoyeFJaBpC4Fk8nodPTtHM+yOBhBapAGVnZ0YROAEnARo4jnOOUo2bgkKytdDJX1TIomq0s8G6ij5HtXZL6esFVc62INhJjDtz6r37prpunt0DB4TS8AHOOFV9C9Ifw6mZLUtaZCAQP6Qt7GxrWgBoGFpqrxye+8T49aWClLsJDszB7Jkk54ATZX+GDjbZRI5TMTjstGMHcwkGc5z3BHb5WhAYNPIRM6sI0ww+zQTlZm+3Qyn5WB+OclWV5rPlKU6T5n7BZaFr5pS8nJ7lGYNVZxhBqGkGrW8b9lZnTHFgDhCjYI2cYKiXCs/lGNuxK0ReDnTklyRbpWvc0xRSAZ5wq6MufzuUzDnO05JU2npjsSmbzNLMuhrWkqTDTuceOUVlKHHjGFa0dO1uMt4QuxIZXRKXQKiozrbqbsFaaBGMBvKblrMANRcl+DhLlbk6VOm28sbGCSDhGAw0nCdHCANwmzOzhoCzym2boVJIDI4vOAiQ05yHELkMJJ1EbI80zKdm/5BUW2l0clcyCPJKzV0vQ3hiPm4z6LtzukkrnRRP3PJ9FVxUjpHAq3LaZbZgWtc859eSptNAXuGBlTKG1PnxoYXDvgLadO9INL21MjAPYhLnZtGU6SWoZX9O9KanCpqBloGQ3C3tttDYmiWQN48rfRSYKVkLQxrQA3hHdKIxlxwEmUnI9DpqIaeGEN8JrTkNwh1twprdAZp5gzSM7lUN861o6NxpqJxmmOwYO6ztNbrtfagvu7sQncMys9j6G/JGX2x7LGt6tuN9PytkaSzOC//VWFo6Vpo5G1lxmfUz8kOOwKk26201vYI6aFrBjGQFbQZ28qFM1Qoy8yDRgAAN4CkN0jdxwhMCfGxzj6JMp4N9dWOgjHNd5WnJKktbjdDZGG9kb7DKyylk1RrH4HoiNxuScKHPWtpxgtJk/pCUENbWNEk2I4zw0/Ulzz6GrgI+uZrMUI1P7I8VJLLg1Dtj6HhFpqOGA6w3LvVSctCRPIQxsDGABreE5LITXVEMYzLI1g9ScISHzMkkkvsR/NISSakoNG63eqTPqC4uZCgZIHCjEnKdk8ZSUIMSSSUIJI7JZwuEjChBpOOyYXnC454GUF07cbIXJE7OySEFCll+36oUswJUWWRJkzVp9LZqJbYIO+oPA4UaSQnYFcGSN0mRHOT2Wey3HB7bxH0zukpXHAHE5x+6e2PgYRmxH0RGs0n6c4WSdp7/R+LhRHakMbF30/ujtY0AJbNHHCa54x7rNOZ26qYwXB0luMadvugufnK4+UboBcSSA391ns5NEVgeSeyWMrrIy7sitiwM44SR0VhZGtblMfKGcplRUshaTnfgD1KriaitODuFca2+Rc7tvQ6uuOr+VD9iQmUdvdKBJNkHkBSYKGGn/myDcb79lRdQ9ZMo4zDbPNLxqHZOjUcjW+QhVHdYy2ud1pLFSOkmI3BDWg7krAXi+1t4OmSQshHDGlVz6urrpDNWSukJOfMeE9rMHlaKqscng/I+at1L2R/EE1rsgFGa3A4RAzbOEQAAHAWuMDhgkkjzskm7EQSSSSsgTQ30XMMSJz2XFAXLAkklzIUKOIcpwEnSY2UV8hedkpBjic7J0MTwdXZdhizgkbBH1Na37K2yHQGgcIT3jBG36rr5ACchRw52TgZ/NRBRjk495J2CaGnuURkedyn6SCMBB0ToZod6Ii6NxuF08Ks5LI6ROER7w045QsOe7OEWSDfMSEQDQAMLoAAXcZUCGHfdccRhIkboJzk7oZS2hJZGveQUzIdyUicoLncgFJlLCHRiPLhgoIeScYXNy5GjZjfTn80p/cV0Jre6IGgDBXQ4AYAQycqEbcgiauFwBwShoyYyEJGDuEA8pZPqmIW8FpCXBqds3lOAJ4U2jo92yOCOEcvIU5bES6Gl8KEE/U7dSQME7rrSNO2yE5w0la0kkY5S3Mc8ho5UJ7tRwHBcqJXasDumxsdscfuhYXQWHkLs2cjC4NksZVt4QWAQGCFLpoy44TIofEKs6WnAGABnCxXW4OlpNEptTkFo4wzIxztheo/Dboc19UK2rjBaCC1rh2VN0B0bNd61skkOoNwd+B7r3iGkounbc1oa1paN8dyufZZln07w3jMVKyxEmtraCwUG5a0MGMd3H0Xj/Ut7kvNc+TW4MycNzspnVl/qbnVmLxctzsB2CidP2R9yqQ98ZLWn0WC23Lwj1NNbfC6C2a0y1QjZTsILt3OPYLeW23xU0Qijbv3d6o1DSQUkQjhjDdsEqUA2JuSOfdKydKqrAwt8IY7lV9dW/LsJ7lGqasNJ7Y5UKgo5bvXeI5uYoylSlk0Rikglnt3zkhqZgdIPBWhJaxgZH9ITXFkYEELcHGNlHrqyK30w8Q5cM/qgKkyPdbjDb4fFlcONgvO7pXvuFQXgYZnICl3W6SVc7i45aM4yo1uoJLnP4UYxvuUTB5m8IPYLRLdqsMYPIwguK9EipoLfE2NgGQOU222+ls1G2CBgDseZ3clDmeZpNuyyXWqPBvo077CPeZHABTrXQfMTDVs1u590Kgo/F3wryZ8dFRjwmaS0c+pXK1Oo4wdGqvaRb1XPiay30hw9+xxyAi0NHHRQA4zI7dxPKDbaMHNbPl0jzkE9lKqXYIC4tk22b644I9a8yYYOMqRarf4tSzxAQBvsUKlo31c4A4G5K00NOyLGloBws83gdJY6DtjDG6WNw1NdKGNx6J2sAYwqm5VmC6AbFZ23ItIZc7hGWGFh1OPoq+lgJ87guRQ+I/JGVLw1jcAIAxr3aMAIT35w3HKc45z9lPslB4pdUyZwDge6FstPBY2e2CnZ8xOAZHDYegUi41cVHD4kh7bD1SqKqKihMkrsAcD1WaqKua41BlkJ08NHolSlktcgHzVNfOZZOD9I9ArKho3AgluNtkSjt5bguAz2VtBTgY24Qt4CXA6ipwwZ0otXVQ0MLpJXY0jIB2ymVdbT2ymdPO8ANGQPVeadQdR1N6qHeHK5rOAijDcVOSQXqTqOousng0zz4eSHEcY9Aq6mgJGSFyCAEAlTomtaANKdGGBDeTkUekYT2+bbCIMHYDCmUtGT5sZRtqKDgsgoaVzxkDdXtlszyRVVDPLy1pStlD478NAAbySp1XUmnxHG7I7pMm58IaKuqw0GNh9tlUyyZOTvldqaoHcjJUF0+rIwqVftlEkuz3Uin+oFRIGl3mJXKuuEOaeF2c8lXjBZJqrgWP8OA59SmQzPl8rG6pOzR3QbRQ1N0nbBTxlxdtn0XpXT/SNNamNnnDJKj1HZZ7bVHhFSeCp6c6TLmNuF4ack5bF3Wwgpw0AN2A4CLoJ3T2RkEey51trl2JlPI5jQ3G6MyM51LrYyBuUdjA0BZJyYlzGho224T8AhFLGkbbLnh+6zOTYLyDAOUQcJYCKBjYI+iAkkkkwgkkklCCSSSUDGrmR6pEjhDJOeVTZB5GO6E7LjtsnOBPdZHrLq4WqH+G252utncGgN/DlSK3MJLJC606okMwsNhcX1LziWRp2YPRAtVqgtkGp5DpSMvefXuudP2IW6J1ZVkSVk/mkefVcudUx+YIX7jkhb6a+chJZIldcXTkxR7MG2fVQjsnFoVhZLY64VIc6MuiacH3K242o0QiSLDZjO9tVVR+UbtaVsIw1jQxrcAIUULIWhjRgN4RWpcpZYw6o1RO0HAKdWVcdLHqfvngKDSh9QTM7jtlCGkkHjjDiCW8oruy6NsBBnna1uXcBRcsjy2DrKqOli8R7vsPVZwvkq5y8nZxyn3CqfVznGzBsApVrpNQ1ub+ZTUHF4JNvow1wkcFZmQRgYCYyIRtAAwoNwq/CeY8KyNZB1dcHv0N+yfRU4EniOCi0VK58he5uQD3VnhrG44UCHTuDG7dgq6aYvdhPqZy4ljDt3KBhMhHLKbwhac745XSANy4Lp2as11DfGUcToWygOIycFdHTaf5ZbUZbLY1puRE6n6jyTQUD9xs94/yCypGo7ndLWZHF53LjlEjb+Ir0ek0nwrD7OBqL3dLIWJmBuMfmk9xmf4TOO5XHvJcIwNyplHS485C6KgI384HUtLHH5y3c+qkluAuOHYbINTVR0sZe/8AREotlSfGRVNbFSxOllOAP3WHvN3muczmNeWsHZGu13mrJHMY7DVDhgLnAgLVVWc6+bbwMpqPLg4hX9vpWhgk0+wQqOlGNwrNrQ1ukDC0C4xGgBmzd8pzmHGopMbk7lBrKnQQ1o3Uxkao4I1XVZzCzBcUOCFlGzIALzuSU+ljZGH1Eg1EnygpM1TPzn/0Wqirnk599m54Q5jXSO1PWZ606wprLSOjicC/g4KL1h1TTWCkcxkg8RwwADvleDdQ3qe81hnmeTjbY7Lt6TSZ5PCfUf1DDxsHXB/ext+v1VeKlx8Q6M+qhU8LnEZ2XIYMkHCsYohkDgrv6fT7D4vq9bPU2fJY8tiipctzj91NpabzcKRRUTpsEN2HKsRFDC0aW743W9JRMcm7AMTBCRkKPXVkjwaeiALhs53oh1Fd484o6fk8u9FbWqyuijyXAE85G5Sb57lhHa8V4/c99hFs9nwPEfgvO5JV7BRinIldpccc+iKHU9NHh2AR+6qbld/GYYqd2PUrDOzHZ6ymnag1fdtLXUtMfMeSqasqooYXS1MmkjjKh3G501shNRUPbt77krzm/dR1t5q3Fsrmw9mhczUapQXY7GCx6k6wfWF9vtgIYNnSg/V7BZyKMndw39UWGLbcAo5ZgYDVyJ6iVr5AcXJEV7QBsFG7qVPwVFPJRxjk5OoWJiST1w8JplGpzdkM8riLIRLBGMFAe0h2w5XQSXDfCKW6hsrA/EFnITAN8pcHCcAMIOyzo90ZR09RrJAq4QMLq4RlHBZRAbmkprdnBGIHKC76iqkiBgcjldQWE5AyjtIxylvgMC9pOMBNxsc9lMEYxuEGSMZ4UyQjEYKNG5wPlTNDvRMwUcXtfBTWS0p5Gu2yP1ReCB6qtgOnfKmxyNc0YWmE8ozziSAcpEZQQ7BG+ykNOQmdiMbWC0+6Wn3TnLivaRD007kj1XGnJRRwhayTBEc3uhk9sKXI3AG/qo3c7YS0gk8AeDxslktx6J6WcKh6llBGOxjKkNe1xxkBQnD3XY3FpySpCQucckwxjGxQmvLc7IscgcMJOZ3Ccl7FPg6HZXZPVDa7BxjlEDg7O6tMpMZHJh2McqSCHBRcb5XWPLDjGVG8FyWQ5jHomlnsnMkzhPAz2RrDAcsEZ8WOAutLgdypAae4TTGOwQ4KUt3BzYjhMdGO2yIGkJ7FWCpcEbQRzsml2O3KmeGHZ0hA8B3ohccFxlnsEGtKYRlPMbgCnZ33Q4yMA6XBc174Uvwm44Ud1O4E7IJ5ReDnK7kpoBBTs7YVKTIIcorSNI3CAedk46m+v6olIiDrmn3Qmy47IgOsEYV7yDHMBO+6DLDpAxwUbTpK6TlFnJMkVrnsIOVMgrCXBsn6oXg5QyzCm6UeicMuopGEYRW/dUsFSWOw7hT4K2MkY/NNU2+yl2TXQh42G6F4E8G7vpUqIeIGuUxunZrmg/cIjRGpT6K4UsFS3Dm4d6rlJV1lkqS6PLo+7TwQrB9Axw1wP0n0SMOpobIAT6q5PAxVNckiC9UFy2LjFL/i5BU4vc6Mw1LRNC7bI3ws9UWZknniOl/tsh0FzqbdP4FYS6M7bpb5I5uPBPr7e6mIlh80TuPZRoJ3A4IVt8xBUxEwvyD2VRURGJxOMKnDIt2yi8xZqulOt7101UtkoK6RjSd2F2Wn8l9EdC/FWy9URspKiVtPV4ALS76ney+S8k43Uyjr5aJ7ZaeRzHjcOacHKy30e0ep8P8AUt+ie2csx/TPuMRBw1NII5QdLgSNK8P+G3xqqGObRdQSh7TgNevdqGttt4pWVNuq2SBwzzwsE04s+s+N8lT5GpWVsA4ZQ5GjClvh4zshuiwRsltZR2HHgqa+1U9wjdFVQtkYRghwyvL+pegqmySm62MlrGHJY3t/6L2UsBwMIMtK0tLXAEO5COubgc3W+Mq1sfvXJ5J051bK6T5S5ZB437FaOvgpbnT6CRIDwfRd6m+HsNaPm7STHUty4js5Y6gulfZK40dxY5uk4IcP3W6rUbjwes8Zbo5YtX2/swXXnwxqKOomuVnaA0+Z0Xb8l52xzmkDOHey+qXup6+Frxpe0heYde/DWOR0t3s7AyT6i0cZ9VvhYeL8j4nbm2ozPSXWdZa3NpZZf5ZOxK9ds92p7nA18bxqPIXzq9stPIYZ4yyRhwQQrqy9RXG0vDoah2PQnZMyn0c7Q66VD+Ow+gyckeyb4ZWf6V6spL5TMD5GtnaMOBK1DcEDZC24M9RUoXRUosj6CpdFWvpfI8a4zy0pFoLdggeCckhNr1LizNrPHVauG2xAr5YYp2C5Ww4/EQOQVYdH9V+BJ/D7k4jPlyVFp6qWifqaNTXbOaeCEO42Bl0jNxtr9L2blo5BXX09/wAp8v8AN/TVtEnOpZRvXa6Z4qYHZY7fbhX1qvHzcYY7lq8t6V6tkgk/g942I8rS7ute+N0RFTSPOk7+UrXOG5HhL6p1ScZo3jHamgpx4VDY722pYKedwD27AlXhcHN3WC2r0Si+ensU4lVXWkmQ1lHhrhu5o7qorqKOvYSBomYtRqfG/U3f1HqgVFDHM7x6fAJ5b7rw/mfDRsztR9l+lvq6cVGFjyZ6011QyQU1STriOxPcLWUNYyqHhvxqA/VUNbQCdupnkmZweMqPb66RzzDL/LlZ74yvm/kvF/E8YPuHi/NV6lLay/utqiqonNIz6EchZRtTLRPdbLiM07siJ530Fa6gubJ/5E/leNsngqF1BY466AuY0HZednTteD09Vwukur4qWb/Zq7uzEf7iYnOCeN/Ra6nr5rVVacksJ/IheIVjJqGT5arB8pzHJ3H5re9C9bU12i/gd7eGSNGIZjz9iUtxwa4z3d9HpV4tkN6oxMzBdpy0jlZ+z36Smn/hN02AOI5CiUl2qLHVimqgX07zsc5GEfqvpltyibcrU38PiADfKtJoGSzF46LxgDBrj+sbtd2WF+Mvwp6f+MvSFTb66GOG6U7CaSfG7JMbH7eytekb/JNqttxy2SMhoLuVf19HNA/5iA5A7eoXQ0GqlTPMTmamiF8XCZ+UfWPSF16Lv9RYLzTPhqqd2HscMFp9FTjy78r9C/7RvwTpPir0/Nf7M3Re6RhOnvIBwB9t/uvz8ulDU2evmt1bE6OaB2l4cMYX07xXk43xUZM+S/UPhJ6Se+C+0GyTJxhGDsjOFEY4co7TjsvQRf6PGTSfRIik34U6kkw4BVzDjKkMOCnReDLZHJeMcHR87qLK3JTaZ5OAXKRMOCAtEXkyNbWBJx2SByh7d0tQHfKp9BqGUHJGOULufumHODuU4jJzlZrY54IkSrdUupKpkgON916TbqptRTtlG+QMry5pyCtd0pcgR8u93suLr9LujuR6PwmtjTP4ZezWOAI34PZUNxp3QTHH0k5Cv2+bgKLXUwliAdyN8ry18c8H0DSXYJPTV2aC2E/U1bygriSADnC8hpJnUlW1/GDuvQbPXCVjJGnIIyuPqasnpdHqHg9At9wc7BJC0tvrMhucLA0VRpwVpKC4NGkkri6ir9HpdJqM9mvilBH3We6woPGpRURs8zd9lZUtWHNCNUNZVQOhePqGFkhwzpv7ked0rzkbqU8Zbuo8sJorjJTPGBklvvupPK6NLxyY7IbnhFTcIsgjCx99pA2PUW77re1MOsbDss3eqEuhcMeq7Ol1Px4OH5LRqyB49e6UOe5zW8bqhw5pwVvr1bj4BIb5m8/ZYqrgIdjHC9noNRvSyfJfqDxzg8wRXVlOceM1RGucBhWobkEHdVtXE+J+dO3K7qSaPF7Gnhmg6Wvs9DUiB8mY3epW6rqeOqpxVRgasZJHdeQtJHBII7rb9GdQyyH+HVcgIAw0nuFydfo5TW+B6DxHkPimqbHx6L2lkMrHQSHJA2V70teH2uuY1x2JwVSVlOaKpErPoduEZ7xK1lREMEYOy85bV6Z7zS3OElI9gZJBXxeNC4HUOMrH9UdMibVNEzDt/wA0PpW7yhwaZNvQraAx10JBaM4XOlDZI9HCa1FWGeKRie0VetuW4K9H6cvplijc9+/qqXqazhsr8xn74VBb6iqtkxaCSwb4KTbBWoHTt6SWT3213GKrhERdv6ZV/Za2OCd1trHeUjDHnjC8i6bvhl0mOTcdluoK1tdAD/xI9wRyuFqdPKEsNHqtNq4yxJGprYKiz1DaulzpO+3BC1VovVLeqQRTEeK0c98rOWKvbc6T5Ksw4geU91ClbLaazxYHFoyuRdXg60bc9HoUEgZ5SRhHL8Y25VFbbpT3GBj2TNEmMHturZs2WgOHmGx91iksM0RluRKa/PZdc1r2ljwC1wwQUEyaey6J8q+nkpxyed9ZdOC2TfO07SIpDuBwCq+3zR3Gndba0h4wdBPIXqNXTQXCnfTVMYcx4xuOPdeXX6y1XT9WcDYnMMo4HsVv0+o2PBkupyVNTb302u110bZYXggAjIc09l8ufFX4aVHR1+nr7fGXW2pdqjcPwc+U/bPPdfXPiMv9IB9FfAPMCfrHqFmL7YaPqW3VFmuULfOC3zNXpfG+QlTLKPNeY8VHX1bOpLo+LqjAI1coGlaHrzpC4dH3mShrCXNJ8jhwR2Wda4b7r6xoL4X0pxPhXl9JZpdS42dnEQcoaIz6gti5OMwjWghItASA2C6DhXsFcnMN/p/dLDf6f3RQcrqmwNdAcN/p/dLDf6f3TtXslq9lNhY3Df6f3Sw3+n907V7JavZTYQQOVwgH6l3V7JY9CiUQZPA3S1dDAeCn5K7g+qmxC/kGiIY4ThEAc4wurmAp8aQcZuPI9rBkcIjY2kcBByfVPBIV/GaI6qUfQQUzc7tACKKGnxu390ES44CIJyEXxo0LyCXEoj/koP8Au/3RPkoP6ChCox2ThVS8a9kPxjo+Qh+graGB3YIraWNuwY3b2UcVWSMhOFZj1U+Mn8+BJEEYH0N/REbSt7Rge+FFbXaRktOUjcnjYFTYT+dD9ExtOAcYwjsia0bBVP8AEpPUrn8Ul/qKJRwWtfBei60BPEYHZUP8Um/qKGbrMfLkokT/AIhB+jRgMG5IC6JqZoJMu/oss+sqH7h5CjOmlccucf1UFWa/H4GtNzo4iQ6Qfko8nUMAJaxh9is1uTuU/U0bZUyZnrZstKi+VLz/ACvKFEkr6yTZ0uQo+R6roaTumJNmeV8pds457zu45KbkZycFEMTj2XY6CTVl42PuiUWzPKTyMaDwN09sbzw3Kmw0cbRkNwVIbE1u+FohVKXYErcEBlHUP/CpkFC6PBcRn/JS2AYwBjCcBhaY0i5WbgMcTQQB2UhjQ0bJgcAuLRGCiJcmwy5k+i7gnddAOeE+MMim8CAOUUAYSAGE7BToxwU2ID0TmtyiRsGMkJ7WhvCJC3MZjOA1FA7pDlPAGFoSTKb9iDRjhd2CR4QyjawCnkJkeqagtJ1Dcoo3CFvAWDuQko+to3c7hR6utbpOOyTOwOMMk6WojjYXagT2CgOqnzbEqIHyTkZJU2mp3EjIxlUpZGKCQyOnc54KtYKTSAVyKnDADhFmmbHFpCtvaDwgc8jImkAhU9VPqO+Dv6olVNrJ3OFVVEhLy0du6yWzGQQ2plJwAmwN0+YpNjBJLt0nvzgAYwsU58jgpqgwFoCj6iXF3qlp9khqyNkDm5LAa45HYJwcImCkAMImApGGSSlkYB6IgaXcJNGThGaxxIOE+MdoqUto5jAUaNpyuRsKksZgA4ToxyZ5zExgOAjNbjhIMJOMYRWtzyE9JJCHMC1ERBF7J/hoXwA3kjg9sJriA3BIH5p88giHHZUdyuGjy+vus91saY5kOqrdssIbc7hG3LWuwBz7rLVte6Uu35TbjXGR+zickqCH5JJGV5fXa3fJxgd/Tab41gdrc92SnM790mhEbtlcWyTZ2KKkmPaEVoXGhEYFlcsnWrhwOjaSpTGDYkbpjGAjJClU9M+qkEMQy49kRvoqbYShopq+dsMDck8n0XsvQXRApI2VM8Tex3G6gdAdBiNrKmoi9Hb/AOq9VgijijEbAAAOyfVHB7XxXifi/wBWwkQhkcYYxuAAuz1Yh22JPZRKisZTNy7cngKqdUS1L8uyAT2Wjo9FFc8FgamWtlMcecZy4qxp6fQwZGEOhpWQxDyj1J9VIdKG7NCM0JcC04TJ5m08TpSRskZ8jhZ29XITk00LjtyVWcCbntiQqyrnuNQXPdtnYdgFLpYREwHSFGoYGtOp2/8Aop0krY2ghuSExNZOXOblywNXUCKMnGBhUcs7pScqRWyyzyb/AE+iaymDxgbJymkhDi5MbS0xeRlv5qzjhbGAu00bY4g3SpENMZTvsEuVo6ujk7TQOmd5eG7lTmt0DCfGxkMYDBwkxjpHDZLc8nRqpwOawuIKn09PkA4wnU9GSAcKU5oiYBhTJrVRGm/lN0gcqNG0vdwpLwZX7BNk007QSFRBkskdPGXu7cBZuvuctTqa04zt+SkXCtfUSFkbjgbKNFSF+Dvv6K1IVt3dEOKAvd5h9yre12iSqk8NjTjucK6tXThna1r2DJ34W4tdhgpacAtAcO4CXKWTRRpot5kVdm6fFvjifpG/ZaSGMMbuMBRaqsp7e3MsgAHAysjfuvCYjT0YMjuNjjCRbI6MNlKwaq53+3WsO8WUOLRwDysBdOqrnfpjDbcxQHIGVCprfXXipbVVbyGnfGeFrrfaYIQAI2jHoEn5OcBJSvf2lbZemGQSRzS/zZvqc93A+y18MGQNgMD0Q6ekxjSOFPihI5Cjeezfp9Io8ijgG2W/upccbcb9ko49s44Ro27bBZpywdOun2zkcWUdrWtH2TRsCTsFAq7o97/lbY1ssx5JGQ1JlLJpjFImzVcVPvKdLe5Udnz1yeYaZ3y8XJleMHHsn0ljLpBUXGTxXEeZmfKVeEtYNgMeiU7CnL0RKOz01K/x3PfLIRu55ypj2jlCfM3O22PyXPmWNGXHA9Ut2E/uEbKCcY5TJqmKEapZA0e6guuFTOf/AHXA2Vw/4jvpCJD0/wCM8VtykMsp4ZnyD8kuTwGpZG/xOoqctt0TXE/S548qY2yyTv8AGuMvivP1MGdCuYo2xANaxoaOzRgKQ0NP4QhyEfLCSSS+xn80msCSTElBoQkYO4Uck5Tsn1XFFwGJJJJQgklwuAQnyAqZwTA5xwgyzkD1TZJwAfZQJKjUlzmkHGDk8IO+qJzworpycghCLiTnK4s8pnpfG+Bt1OHNDnOc7uuAZXQ1x7KRHFjBws07j33i/p+FDwkMjjJ7I8cJ5T2RjGQu68ZGFmstyesp0cYHfK3G26Z4gGwCGXnJQycpEp5NcY7Q7pAFFmkLeE4AknflPZASQcIAyLqkefpUmOHLRlHETWj6UOapZEP6SgcdwTe3ljmBseS7bCg1lZrzFEOOfdMlqJJiQHbeybDC1jvEkGcI66l2zPZqsrEQIinmdmVuPzRZ6ymtdMXvcG6Rt6lAu18obbTmSR4c4cNHOV57dL5V3ebVMcMGQ0egWhVpHnvIeaq0yaXMy2v3V0l0j+Wo3lg/E7glZtoJOSclcYw8gBGZGSd1ohV7PCanW3amW6ZxrByO6KG90QR8AjCI1gPZMjBGJtvsYMAcIZ5P3RDwhnlG1gsYknLpOVUlkM6SMJq7grigqUsiSSXMg7ZVEO7eqGXBoyTsmSSCMgE8qFJM+WURxglpOCUE5DVHIWWqY8hkW7z2RYabGHOO/dFho44vMOUTGAUKTXJGNDQ0YHZRi5wJ3RnPbkjKBjBKJBRRxzy52kbJ7GloB0/uk1hJyj6dkcY5ClLaNwB2TtDfROTDurcMC5SyINa3OCgSu1cdk97y3b1QQHA5QYwwkhmHF26OxrdIHdcLQANk0AjlUFgc5NkIIGClI4Y5UZ7hncoZy2hpZHudzuo7jyuF+e6GXDuUpv2NjE6ZuRhBBJKWMlHbGW4OOUl/cHkUce2SiE4ACROBjCa1pyd1BY9cPC6mucMcqyEck5XF08rioIYkknNjc5UlllN4DUkTpX4A2HJVxDEGt0jhNpKdjI2hreQpOA1uFsrgsCLLc8AZCQFEe4nZHlcOFEI8wPoin+gUt3JzSXEFwRgBhdaG4AwuOcCqa2h4GpzWlxQgCXYCmUrM8rPbYa9Ppp3SWB9OzTuQtZ0f0/Neaxo8NxZn0VXZLS+510dO1hOpwGy+iei+lKexUkbnwjUcE5C5t03k9/4Lxf8AImm19iLax2e39J2wZa1pwMnuSsZ1t1aSHhs23AAVh1/1RHTv8GOQeVuAAe689tNHWdRXZpecxN85zwPT/wCX2WK2R7lNKSqXbJnT1qqrvP4rgQ0HLnH0Xp1BSMpYgxjQ0ewUW20MFvgbHDGABz7lT/FGOOFjf7Z16Kfjjhhw9rRqJUSorAPTCFW1OmMtGxKrYhNXTCGMbdyglLJqjwGiinu1YRE0iDhxPdaWARUkApaVgaANyO6iUcbKCn8NmC491NgblmtwwqSyNSyDfIynhfM8/SNRJXn9/v0lTIcOy3OAMqx6rvUjpHUsUmI2847rDv8AGr6lkETvM4/kFZlsn922JLp4J6+qZBE4kyOxsvTrJZILVTjyDxMbkqL0x01BaadtRM0OncM5PZWFTWBx0jskW3fGbNNTt+59namcvOlpTqWnL8E9/dBghdM/091e0dMGsGABsuLqLcyydemKRLp4I4IwG4G2UNjJK6cud/dMOMeq7jJ0hS4g2nhDWj3K5t1mTXGP6OSObC3sAOAorWuqpcDOEyUy1UoaCcA7lXVsotDA4gZKxzngfFpEugo2QRNwwep91M4TYxpGECurY6OIveRk8BZZy3MPsFcK9kI0MOXKlc18z9TjklM1yVcpeAfU5UprQ0IQooa1mgZ9E17ydk98gamxMkmlbGxucnc+iqUsDFENR0klXKGNHlG7j6BX5fFRwgYDWtHZcggjpYQyMY23Pqqm5Vom1QQuyW8kLNKQPTIVdVTV1QdR8oOw7YVjbLcNpJG4PICHarXI8iWVv1bgFX+hoAAaBgYQBPkY2EMA2wu1FTFRwmaY4Y3kpz3tijdI84a0EkrzrqXqOa51Bhp3lkDNgB3RxjkCbwA6i6gnu1S5jHkRA4AVVFDp3SDd8hSaaHxMgHjutMYqKE5cmPp43udsNhypgbjAOykQRMZGAG4wFYW6gbO0yPbtlU7MDYwyBoaASN8SRuPRW1LROe5scY2PPspDafLQ1rONkZ74qGEE51H/ADSnLcaIRwEmdFQQiCLAJG/qVSV9QWjLzueyVXWiIOnmfvyMrNVdzkqZS/UcdgmRgBKeGTpawudgYT4Gufv2VVTyOmmEXOVbmUUkYYRujKyFq6kUsIjafM4LvT9irL3VaIhkH6j6INqt016uHy4y5x/PAXslhsFLZaJkFPGOMknklY77/iQLltOWGwUdjpGxsYC/knG+VZDun6ds5T2REnB7LkXWuTyJlLJxjckZGUeOPSc4SZGBwFIY0ZAIWSU2wDmkYG2F1OSVgCSRkkvJAKMkkqbyQCkkkmkEkkkoQauHhdXCRhRhgyTnC4unlVHUnUVJ03bzXVI152jZqxrd6ZVRjuIA6s6np7BREj+ZUSeSONvOTwfssrYbBIJRd7uRNWyeYk8NXLJZ5+oa0dVX6MhxJ+XgJzob2yr65VAo4fEA+y101DF2Qb1XGICnhPncN8dgqOU6dzyU50xe90sji5zt8lDZHJXTtggblx7LdBKI5IPbaGa41AijHkH1H2W3oqaGjgEMLNIHPug2m2xUFMImN85GXHupobhVKTfQ46hTTeEON06STQNhlQXPdM/UUqUsFpEd8ElXU+JM/LRwOwU1rGsaGtGAE0N09kQnuh7JzkTuMKjvFY5pFNG7Gd3Ef5Kbc651PCdGznbBZ0uMj9TySXFPihqDU0TpScDK0dJB4UTVGt1H4MIL2jJ3U8YaD6BGEMrZPBh8Q4yAqKndNVVOQM77ko1fVPrJRDvjOAAp9LSx00Qaxu+Mn7qyBGMEUekdlCqJyXYDVIqZtOGqEdyijHLIM759UicBPUOtq44IjI84xnHutddeeEJlP2RL7dxQU/lIDnLzurnNVUOlLjv6qZdbjJXTOBeS3OwVe2M5XpfH6X40pM89rdRGc8RCxxZwfVElcWYDeV3WIm+uUSji+Y/nOGf9F2Ixwc/eS6OlbpE0zcvcN1PYAOEGMaWgeiU0zY2HJCYlngvsbV1EVLGZHu+w9VirxeH1T3RteVNvl5ZJmCI5cNlRx0rnu1nunRjjky32SctsRU0Bc4bK3paXgkIVLTgaRhXVPTAAZC0ReBUYuXYyniDRsMI4GE7QG8Iep39KLsao4GyP09lXynxp9WfKzZGrpiXCJhwTyht0xt0gYWmmvLM91uItIaXZ8pbsFS9RdRwWKhfI52XngKReL7TWaA1NQBpwSBqwSV8+9S9T1d/uctSXubE44a3PZdrSaXdyeB+pPqOrxVO2LzYznUl/rr7VOnmedycDPAVXTxEu3Cc1rnYyFMiiAwdOF39NRtPh+s112un8lzyx8NN5Rhqt6C3ggPlaN+E220b53DAwBuSrWQNhZgDhdFJRRhWZyE3wqdulgA/NVdZVy1M3ydHuXfU70TKySpqpG01Lkl5wXDsFprJ09FQhskwD38n7pE5ej0PjvFuzFkiJZenhB/MkILzuSVeSvip2NDsDZMraiKiic87E8Ad1laq6T1b8EnCx3WYPUV0wrXCJN0r/AJmUsiOGjYlZ673mltMIfq1uPbhRuouoI7bCYad+qpeNsfh+6xM01VVuMtTIXk77rh6rW7eDQuBXO4T3KUySuOOwUKONodlH04XGjDguNdc7Xllok00Yc3YJz4w0cJ9GAWp07PRFWMcMRyVswIB27KK8jPKm1OdBBG6rDkd1srZw9VF7shUk1qez6gnGRcjMFcUkNGnGFHIIO6pPIUlgcisQQc9kVhwVYo5LHkg4XGMwOMI+Q5uyA8mN2FMEOELg5RMZGcIZBBUIEHC6hDlEHChB54QSDlHTSBhQhGTmuIcCuHlcG6gZMY7UBvhdkGwGMqO1xaPujscDyULCisg9PsmaAN8KUQMIRAygJJYI+C1GpXnuVwj1QvpdtsrjNiWslg5xdghEYc7KLDIBjKlRnJC11PIhrkODkZSTWkAAZT8ZWhNAZApI2MLjSM/ZRxwVk7pJQpIcDUApIxgbLjhkKnXxkDfl4K8jBwhyA7YUuVgBzhRnOyCs04YY5PKBrhOCCF08rh4QJMMKyQgqZG4Pbg4/VVYc7PGEeJ5zlNhPHDAnAlyRgAad0JmQRlHhLcYO6e+MYyAm/wBxEeGNacjJQ3DUAnaR6ImMqSeRnYAPLXcbKVTygYUd7MoR1NOWkhUm4sHGS3axrxkBB0EFR6epkacOOQpYnY877I1JMFrAnNB7YTAMKUW7ZQgC7kYwm7U0Buz2cjxwQnaGkHdO8PA22ynNbjvyhxkGUkiI+Ib4HZRDG5p1BXPhtI45Q3U4IOGoZV5LVpAjkwcEJ+A/hNmpZQcsbkJgc9hALUlxGb0zrohyBuo7g/cY2U5rw5mCUJ0AIOyBxz0X0RWY2yiyY07JssJ5aEJrznBHCmAzuk6uEVh2wnNAxwuYLhsi28EEThcO4ymEEcriHlMrAXOVwjPZdwFwjCNSIBfGRwNk1rXtzp5UpmDyE18YKj/sRyxwSaC5SQs0v8yvqWaKqjEjHD3HosmQW9kSOWQcOI+xRRngdCew14cWJxeHYy1UtDem6WxVQO22pXkTY6lgdG4EeyNSybIWp9i3KHPSRVDcSxA+/dHEZDscIuWjCN8GhVQsXKKGShqKOQvpXuA5wrCkrYqtvg1TGh3qQrRrGkFulDNBTEk+GMlLc8A2aDCzAqKyjdTu1MOYzwfRRckHdXr4HR5bu+M9j2VVW0TmESR7t/yRP7zHOidXLQ2KRzXAsJBHoV6F0D8Tbp0rWNfI509McB0ert7e6808Qx423UqGc4CzXUpmvx3lrtFLdWz7U6T6ysvWVC2stc/nxlzHDBV29o9V8VWHqO5dP10dwtk/hyMOV9H/AA++LVo6oiZQ10zYK5oAwTs8rnTqcWfWvBfVdOuUabeJnoR5wuEZSAz9K7jCW1g9pFpgtHm1Aqsv3SlFfacslhi1kbO0+b9VcDZEHGFFJx5FaiiGohssWUeIXK2XjpKsdC8udBq8ru2FZxVUVbC3U4bjcdivUa2gpa6MxVcLJWHkOGV531B0XVWucz2kOfT51aDuR7LTVqmnhnjvI+DlVmdKyv0efdYdE0Nc91TFDhxGct9V5Vc7XVWqoMcjTpB2K99ZOc6Ht37j0Wf6k6VgusL5YmAOO+MLpQs4yeA8l4NWpyisM8ltl2ntswmhJz33XrXSHXENXCIq+fJOA1eWXSyzW6ZzCwgA91Gp6ieAjwn6UbeTjaeVuill9H0lDUiQjHB4UprAQvI+kuu5opmU1wflhGA70Xp9BcIq2Nr4HAtI9Ut8HpKL4Xx3INNECOECJ9RSvD4XuYc9ipxLXDZD+WD9zspDUThLMRt2mhdXsaBXSzw9Q0/zVJiKriGSBtk+oRuj+rJaGb+DXrIcPKHO7psRlpJRLEcEJ1ytNJfmCeF7YKpvf3Xa0nkPkxXYfM/P/S7bcqomqqIH07xW0b8sO+yv7F1BHWtFPOdLxsCe6876b6iqLfObNeQRp2DjwQtDU0roiK2idlp38q6E4r0fNdRpZ6aeyaN+TlClD2HxI+3IVBY794oEFQ7Dhtk91omua5oc05WS2hTD0mqlpZ7okZ7vGxLG3fHHqVFrrOLlF4tO/RVwjLmDnCmTwOYTLFse4CB4z3yNqaY6Joxg/wCL7rxPlPFK3dk+tfTn1FtxyVdLVOL/AJaqBZMzbPGVfWy4CKQRVhL43bAnsoddRQ3eL5iACOpZ9QG2SoVHK8uNNUjS9u2/dfOtf4/4ZYwfavE+Zjqq1lln1L01BXwGaFoc0jII7Lyy7UdZZ6gSM1BzDkEbL123XF1O75Wq3jPGeyidS9MwV8DpYmhwIzt2XCu07iz1Gn1G4ifD/rmj6gphZrzIGygaY3uO+Vv7bdKywTilnd4tK5wxncY9l88XW0VdpqBUUhcySI522yvRugPiCzqCnbZro0eOwaQ5xwVkawbWsr+xv+r+lmvpz1V044ujB1Oa3kHuCpfR3VUF3pxR1paJWeUh3KVmuc9hlMEx8aim8r2HcAFU/U/TzrLWM6n6faZaWTzSRt5CGuThLImUY2L45I090oTQSioh+h/I7FfL39qj+z7TdY0c3XXStG1t1iBfVQs2+YA/15X1N01fKLqm26WjL2NGpp5ChXO1uppdOfKdwu7oNa6p7onJ1tENVU6LVy+z8iZGT007oZWYx39URrzjhfU39qP4Dto5JetukraGt0l9bG3lzv6h78r5YAyCF9L8Z5COqioxPkXmPBvQScl7JDXBHif7KC0nOSjxu3XaR5ecSzglLSCrBsjZGjOMqnid5RspULyHDzYwnRlgxzjhhphgjTwhtJzhSHaS3PdRjyj7QKYcHbcpZHqEDJ9Slk+pSpIskNGMj1R7bWPoqpso3GRkKK052wu8j7rLfXvjgOEpQmpr0erW2sFRAJMdlJlAcM4ysd0fdSW/LSuyW7LX6gcjGF5DW6d1zaPo3jdUr6VJFFcaMwSGVm7XH9FcdMXAsd4LnfZMqIw/YjIVRTymlrDgkDK5F9XB6nR34WD1GlqiCAMK3o6xwcCshaasTxNcXbgYV3TyBu/+q4uopPR6TUNcm4t1w1AA4V5DKC1u6wltrMOAK0tJUhwAzlcqyva+D0Wnt3x5IvVdv1BtdEN284VXSnxmah+a1cjW1UDoX76gsf5rdWup3jyk4RVzCtWHkkPjBHCrK6jEmdtlduILc8jCiSxCYaeFuqsxyZLavkR5peaF7Kl2G+X1Xnt6pTHUOIZgHde3Xq2sdA8tYNX3Xml7t7Tr8m/K9Z4vV5weG83oNyeEYQsIdn0QqtgmhLSFPqYHRHJCh40nJ9V7Cm7dHJ8i1ullTY8lRIx0J0kbrscjmOD2OLXDgg7qbW0+t+towCFW6SDg9k5vKOflwlmPaPT+mL7R3qhbbqp2KhgwC47lTKdpglfSvOACcZXmVsuEluq2VMW5aeF6NS3KnvEIqIxh4A1YPdef1mmak5I934byL1EFCf5FpTSy0MwkaNvRbywXqKoY1zTuORlef08niAwykEgeU91NtdZJQ1PlcQM7riXVnsNHqHFqLPTZ6akuUWiTB9F591DZZqKdx0eQklrvb0Wxt9SHxtkYchwyp09NT3GA087RuNvZc+XDO3Kv5EeWW+uloZQ5jsYO69E6b6gjlLXF252IWKv9klt87iGYbnIPqq61XKWnqBpdpwUm+r5Vkqq16aeD3WmrpIJWyxOIwc7LXMqKa60wdsSRv6heWWG8CohY2Z+c8Fau13YW6o84yx4wQuLqdLjo7+l1e7st8T2uo8SPOjO47LXWi8RVcYaSNSoXiO4U4dEQ4OGyqhUz2qfIBxlca2rDO1VZjk9MacjnK6dlS2a8w1sTQXgO+6uWu1dlnawaoyTQ4S4PHKjXW3U91pXU1TGHNI29QUYjCK0tccZQqTiwZLJ5VcLZVdOXNjzktz5XerU+6xw1cDblSgBzf7wD/NegdQ2Rl3oHRtAErd2krzMtrLJWOgqGnTnDmnghdLT6jDwY514Mf8Qeg6brmzPjDWNqWNJa7TuV8i3myXHp65zW64QGMxnyk8OHqvu+ohZG/wASHPhyDUPZeY/F34XU3WdsdVW+NkdfDl7Tj6x3H34XtvDeYlp5KDfB4P6m+nK9bU7ofmj5TG/CeOUqymqrPWSW+4Uz4pIjpII4Qxg+ZrgQV9D096sipfs+KaulUzdbXKJTOMJYwhAorHDG5W+EjBgKgruAfZERp5KcsDUl0jC4rKyJJOx7pqtrBSYl0HHZcSQlj00/ZOSRRlgE5+S6kkrbIJJJJQg5JD0+66BhFlA4CZKWSuLuCh3EwheIUhISVxJTJYXOyGScpLimSYEm5KScoVwhJaCugd0QYwNkyMMkbB6cdlwQj+n91Iw0dktY/o/dN2C/kwB+XI7JwpcHzFH8TPZdDMHOVPjj7Bctw1lJDyQco7adoOQAuNdtjC6Hk9k5QXojTHCNreAi4yhF59E7xHeidGKXIDyPRNKDgogYc7rTHkWwur2XNZ/p/ddDCcFEa1vOEyMclAPMiMByntAzgBGDe+E1QFylgTRsMomAugHCctEYpIW2NHKMACAcYQ0ZExMpZEOUQcJgBynjhRAnU9MT0zOAhiR3THSsZnUeEB9wgaD5hkKpSSXJcY56Duwx2onCi1FdG1mDv+ahz3AyEhrshRwHPdk7pE7svCHxglywklY9zsNGxTCHuxtyjxQgYOlTIIAMeUIOXyRvb0CpKf1araGnw0EN/dcggwAAFPDA1n2TvxQcFkjOaWtJ9FV1dTq2HAUitrw8mKPYDYn1VRPK0DGc5Wa27BTg2wVRMdWyjFpccnumyeZ2Q5cJwAAsVlmR0Y4Q5xI42TCCTgLqe0dikv7gmjmkHsn4C6nJsYgNnADlPHCc2PO4RGswcYTFH9At4ORxkHhSYosbpRxqbFFwU6MciJyBsj9sI8bSANkQNAHC7gLTCOOTPKWTgaMcLq6khsf6AHJzvpJyNkxzgGk+gVBeLuYYHASaSf3WW66Ncd0hkKp2SUUjt3vEMIJG+NgPUrG3C4Szkku+o9jwhVdZLM8vc4nKjEk8leS1uulfZhM9Hp9NCtJITiXfUuJJzWnI2XOnLHLOlXAIDvsjtBQmAhu6kxjJCyyluOpRWcYDlS4ozjcJsTAVOigc/Aa0nPolJZOnVX6GUtLJUSiKJpc5y9Z6B6Ba1ra6taNXIyEPoPoXDWVlXFyNQyF6fHHDTRCKNoAAxstEIc5Z7LxXjNq+W1EimihpYRHGA0NHZBqK7wxhoB9lHkqXZw1NiilmlGB75K1JKKPUKWeEhkcc1XMS4/r2VpRUgjOcdk6GnbG3GM4Ro8DvwhcssdBYJDQGtxnhBcXE7pb+qG92GklRywHnPQOrn8GEvaRwsw46pS7uTlSrtcXOkMEZwAosBy7hDvyYbpZe0mxHSAAMLkwL24ynwwOeOFMjpdhkI93BnVOXkpXQkO3CJFHg7hWNTAGDGBlCp4S93orU8h/xx9OwuI2U2JgYNgmxQhg3GPzTnncAIJM0117QjAXOwrKjhAcCQolNHnBIVkxoAACtNmutE2IMjb2KA/z7ArjiWjY8oYfp3O6I0tLB12iJutxwAqa517ql7mZ7ItzrHSANi7bfmh2+1zVLwO7t/siyI25ZDt9vknlDdBx3K2Vq6aZqbMWDHuFY2qxx0gaZGggDOPUqznrYqdhzhpHGSpkfGqKXA+Gnp6KHUAMgblU196wgttK9sThqdzus11P1mWn5aBxJ9iszHTVNxJqKzPm+lueB7pFk8LAWcPCCVl8uF7mIaSwffOArG1WF8jhK8ZH+an2SyMa1rnMAb6Y3JWwobVgDyBo9FklJtmynTux5ZCobVpDQGYAV1TUAZjOylRUzGMDWsGykQU7nFVuSOxRpYwWUCjpRthvClCJg7IojDRtshSTMgaXPIwlzmbI1qI5rcEbbKPWXSmonYAMjuzB9ShyV9XXyeBboHjOxld9I/NWVv6dp4nfMVBMsx5LjkZWeUssYuCBHS3a8DxpHilpzxHnzFX9vttFQsHgxDXjBd3Kk6GjsBhdLSW7d0qTWCNiy0bjG6BLJ5S5xDWjknhRKqtEbjFEPFkGwDdxlMhtVZUtDrnUnB3MMZ8v5pG7DKwckrg86KOEzv/qx5B+akUtukMwqa15JPEbT5QpsdPFBGIoWBrR6J45VylkJI7GxkfljYGN9AMKU0jG5QBwnDlA2iwu2+OSlnGyXA2XEqUshnyqNk4bpiS+0H82pRTHpLgOV1QAYkkmueAFAxLhcB3CC+YDOyiuqAM53VNpFqLbwSZJsFQ5aokYCHJU52UZ7iSk2SOtofFX6uWIoK6oJ5CETkkroYT+aI2HuVlnYe98V9NQqSlNZYJjSSBhGjhJIKkRwAYJH7ojdLQNlmst9Ht9NoYQXCBtgGMkYTy5sXA/dcdNscBRsue7JWWdh0oV7Axm32bsuY2ykI+6cGHKTJuQ7gGWkJBpKktY0tyQu6G+iooCyEnB2RvLGBgZXH4BG+FAq6sud4cRzjkpiWRdt0aVlhaqrDTsoDg+d5e8pMDpHZcclKeohpm4kONk1RwcfU+Qys54OxhrMk4291QXzqmGl/wB3pyMk41KuvXVJfrpaTbs5wKzMo1kOO5TYJHlvIeabzXR/1CVMslTK6eR5eX9ygxxkOGyNG3gY2RSwDGybBcnmLbHN5kNDG4RBEM4BT2MKKBhaYrgzym2DxnfC4XbYRC8BpGOyAW78qijjnZ7LiSSsMSSSQ3VBCz7JaQnEADKCXHcKAiedPvlBfLoGdilI/G+dkCKKWeQNaDj1S7AooYWz1czY427dz6KVHTNhOe6PHAIhtsmP5VRjl8jGwmcIL3N0ncJzjgFRSC5xGUcl+ihjnEu5RGQnOohdZA7IcVKazYbKootvAxrcBEPCSajKzkGfrTTwkuYJ7K5LJDgG+6eQOyThgJjeUBMuTHkYQJcAYCM9zcYyocjvdKzhZGRWRsjvdRnuzy4J0jgTgFR3k55WebyaIxwd1H1TRkrqJFGTv6Kg28DoYxscIkkmAAAkmgHlCLzuYk9JDf8ASVCCJ2O+6ES4nKW+fZPwNGe6gXQJJI8pAZOELWSHI2lzw0K1o6YDDi3dRqOmIeHkZVs1oA2GE+EBFszuzQAAhTPw3HqiveAFEe/B9U9cdC4rIFznF2V0BLHdGAAGArG9HHcFRiTnlSCcgoA2ckWySGVV73gNTs1HdW9rts1dOIoAedyq+3wSVUzIIWkueQNuy9x+H3RDqbw6uSBoaOdQ3JXPut9HsPBeNlq5bEW3QPRUNvhhrnRtMncubwtR1Rfo7XRuAma15bsCeysKiamt1NrdhgA2HqvIupru+710rQctDsN39CsN8+D6TCEdFUqqyrnNRerkSwF5edyTsAvROnrPHaoGu0ta9w3VN0vYTTAVM45Ofv7LUSPGxzssMpNm7Q6eSXyT7ZNa9mnt+qjTVPhg8KNJVBgwoElUKmXwGkjHJSpSydVBJny1M2lmXFxwFeW+jFDDl+HSO59lFoKUQSNkeMnGytGML9yqSGQDQQH+8l+4yqXqPqWOjY6jpn+cjchTLzcvk6JxacOIwF5pcK19XUuPJJ7Im9pn1GoUPtQOqqp62fwoyXPceVuekOk2ULG19dGHSuGWg9vdC6M6WbE0XCuiBcd2tP8AmVr55hA3YJU57Rui07k/ktQCtqCweG04yN1EhjdI/K47VJKTnKn0sYaQcbrl6q7J26qsdEqgpgACWqwc4R4j2ymRMEbM9huiU8YneKotJaeFybp7jdXAJCzJyV2aQkaGnCbM7Ts3hS7dTMlb4rlgnM1RiFt1Cctc5o9d1choaAAAo8DAzGOydNUMpxlx5WaTyC1kfVVMdLEZJD9gsvV1b6ypAduDwu3OvlqJjqO3YLlHEzImeMuCSMRMgayJgaAAmPcG5wc5TJZsnYIecgqwwgy949Sry20PgtEkgBJ/ZV1ppA8molzgHyhTq2tfDGDHttwlWBgrvdcZpaZ252cVHtlBJOdzvyT6KPQ0ktfU5aO+XFa6jo46aIMZ+Z9UkiORt0NDfQAJx2aXHYDko+kDdYzrHqXw8263y5J/vHDt7KksguWCB1T1O+re630Ly2Jpw9w/EswBnYLm53PJ5RYgQc4ytMVhCZS3Do48425VvRUemPUQEqCh0/zZBueB6K0gpi57YombHko5y2hxiwdFROqJMcNbyr5sTYmta1uAAlT08dO0Na3hSHAEbpDeWN6QxrmtGojYKmr6/WXTuAEUe2SUO8XeNpMEbiGj6nDv7LJXq7GtBpGZZEOADufcpkINi52+hXG6yXCYtYcMHCBE1xwxu5UVuI8D1VxbqctImlbt2CfjaL3NsnU1PFQw+NLjURlDHzdzq2xQjW+T6WhdrZvFb4IG5Oy33QHRr4g261w0ynBYPQFKssjXFtsZuyX/AEj07BZaVriwGpcAZCRv9lqQXeiG1mHZKkswcHG64F1nyNsCUhuDnblEa0jbCI1oxwn4Cwzk28CxADCMBjYJAY2CelkGJJJJoAkk9JQgkxPTFCCTE9MUIJNTk1QgkMfdPKA5wZ35UUdwYO4XGitdLJV10wjijY57ifQDJXmVujrOuLo2+3Fzm2yN2qjgdtt/UQjXC4/+0W+spqQvFkpHZ8TOBUuz6eg/dapsUNPG2CFjWMYMNAGAAtNVZa5COkbCzDcBrRsFkbjcZa2dwLvI04AVhfblHo+ViJydiQf2VG3AHK2wW0fFcDZC7Ia0ZJ4Wx6espoacVM8f82QZyewVZ05ZnTVBr6huWxnDWnjK1yCUwznCWR6rhIUd5JyMoHYPUcjamUyHw4+ByUoo2hozhJgGrK43PqhTbYTeAnh+6j1U7aduXboz5NI9Vm7xWiZxhbIc98J0VkNYZHrKiSomLnuyO2OFYWWgbJmqmbkA4aD/AJqDbqT5idoeCWt3K0rNDGhjGYaOyYuCxyr7nVviiDGbajgqXPO2GNzzwAqyCCStlM0zgB+FpRkD0FOGt8eQZe7jPZTJJRG3jK40COMAngKHUy+IcBRLJAE8pe4nKTUtPuuEhoWmEfZTOSyCMZPCxHUd7+YkMFOfK3YlWvVF3ELPl4n4cB5sFYoyEZLt8ru6DSSf3yOJ5DV/H/pwBDJOeVIGGszjhDjxnJTpSZGeDGNyvQ1wwsI8/l5yObE+skDWjDRuSrqCFsTA0AABBt9MYIRrwSRlS9gnIbGOTkjgwZA7LNXq6xOa6mYfN3IUm/XV8bDBA7BOxKzbIXyuJcck7ptaBseFgE6PUR3U2KINAACTYNGNQU2liMrgcbBNM2xyeSRQ0WB4kg3PA9FNADQnMYGR44QcEuRjowSHZJPHCHPM2EZOEfZjc4VNV1JqJ9DeAnwjuYq6yMI8nQDK8yE8qBd7nDbITLKeM4R6ushoad00pxpBXinXfXE12qX0dNMfDbsdJXb0Wmb5PE/UvnIeN0znnl9L9lb1n1fV36sfEyUiJpI2O32CzUUeeyc1moj91NZTbDbleg0uncT4Fr9ddrrXbdy2DjYMcK7t1uOnxZRzwEy02wyHxnjYcZV0HM+lo42XSisI5+cvA6LRTxhjGAevuqm5VUtTO2hpmkk/UQj1tY4u+WpRqldtkdloOmenRTs+cqm5e7fJ5Klk9p1fHaGWpn/Yb09YIqCASyNBeRndWU9bBSjEu2yLXVMNBE58jhvwM8rA3W6urZnOLiADznYLDbYksnt4wjRBQj6H3K7mtmcBJsCR+Syd96jipw6lpXtdJjBOMgKJ1BfWt1UlE7Lzs5w7LOxwOcQ8nc98rg67WxXCJGWQup8zvEeS5x7kqQGYaNkOOLGFJ04bwuNO12PLNCi2QZ2hpACY0EOCLUDzBcwA1Ka5B6Yel+lSJRso1MA0qZNu0YTYND09ywVtUANh6Kse054VrMCSVBqGcYC1we05mthhZQJJcyR7rqYcgM1DlZtsF2LsjyNaWAYVt4HJFe5pBOy7nCLo3OQhEY5UXIixY4JEb9xldqG6jqAQg3BBzwpDXDSAeyegQbe2UngchMmB1AhEjIc1VjJAKeOV1wOeEPGEJA4IxyuoAJzyjDhQg1zfdc0+6IuHhQgIprC4OXMHUntAIUDzgkxnI5SPKBG7wypA8wCH+wSlv49g5WcYUbT7qaYyo8jVaiVJYQJkxBwrCB2tuPVV3hlu+VIgdpxuihLbwzNOOSduDyjRuG3uo7ACPuuhxidvvlaoCZxySyARshtB1eicx+QnachPf3ISm0zoIwuoBDmu5RQRhXGXopjXsyMKM6nIyc8qamuGQhnDIcZFc6PSVzT7o87CTkBDAx3WZrA9ME+IdhhDa/GxCmuYCMYUWaEjcBAMTTCRylpG6mxyB4G4yqppdkbY/NHhk0kK4yfQqyC7ROLdwcpzT7LkbxI1JzS3fHKYkLT/AGdIyhub7pwkycEJzwQBsixlAgsY3CYJXtdscYTiTjhDILTwqxjkiwydT1LyQHuypoa0gEFUwGDkKRHVSQkDVkJkbOeQJwz0WiSDHWRvAGd0drw4ZWiO2SM0kxAHKeG52TtAT9PupsIC8IZ45USqoHSeZuFZafdckGd8oJVLBN+1lG6KSEgEJ8eHDc4VnLTtlH0qulgfC/YZ/NI2YGqakNfEDw391FfCWnYKU2oa4BrhuiMaDvpS3Bvoc5NFdqczYtwixYwN1ImpdW4aogY+J2cKvuXZNyaCOj9E3R7ojZGuAyF3GobI+GE3gjFmO674fujFnqFzR7IJLBaeTmn3S1eyWr2S0+6hQi0YQi3c4CMuaW+itsJoApdJXVNK7VFIQB2J2QfD90wE+iieC90kbG33Smq4xrcGyYwcqa+im0eIzcLDteQdjgq7tHU1dRODKhwli9HdkUZHRp1WIqM2XdPVeEdEzTspow5oc3cIkQtt5g8WleC8jJA5Cr5obnannwWGWPuPZFwzcrpVNSfMf7EqRmnGSmGmZICcD391Ko5qSvYCSQ7gg8gpVVNU0RLo/M329EfRpnCF1fyReUZ+vtDt3xEDG+CqtzyxwGFsoJIapmDpJ7hVl4seGmpgHuQqa3cHF1Ohx/qVFPFPsN1Mgq3wPEsLi143DmnBCrHxluMbYTopgDhwWedSYim2Vb/ufQXww+N8cbYrL1Qx5AAa2qb5jj3b/wCq9yikhqYmVFPK2SKUamPachwXw1DK0jAC9G6C+Ll76R8CkrHmqt0ZOtrjuAeP0WO2nHR9K+nPq+UMabWcr1L/ANz6fedJHdJrshVnT/Utm6rt0dzs1WyaN7Q4gHdvsVZdisrWD6jVbC6Csg8piJyU7Y+hUfJ187IjfpCVNuL4D2p8GY6h6Ipbm91ZRP8AAqHbkDZpKw0gqaCodR1kZa5pxkjlewquvPT9uvlOYquLDuWvaPMCtNV0o/kzheT8HC9fJV+R4vfunqa5QuljYNRC8vvHT9TRTOxGQ0HuF7lc7PcOn5MVTC6lycSAZwO2VX1lDQ3SDzRxysPB7hdGu3cj59r/ABKf+nYsM8FbJJBJ5jjHK1nTfVlXQBrXSuLWn17IvU3RU9PM+SmYSzkHCx8bpKeYteS3SSCmbkefhCejnta4PoCx9Q0l1ha+OUA4wQTuCrxjuF4HZ7w+keJaZ5PqF6h071dBXhjZngZ23PCBo62n1EZr7jWObkIA1RP1tJBUjU0DPY8JpAOMFVGex5RrnUprLDVdNT3ylDXYjqox5X9yl0/1BU2OZtrvDC6F50teTtlAALTkHBR5ooLlTmGoaNYGxXV02ufUjxfnfpqrVQcork0lXRsLRXUDwWO38vZTrL1D8tIIazO+wJWJt1TdenpjguqKYjDmOPAWrppaC9wAgNa48DghdWL3o+Q63xd2hsxYuDdxSwzxh7CCCq6roZICaiHduckDkKgoLrVWWT5eqa58QPld7LX0tVFWU4lgeC1w7LDqdMp9gaPUy0090WVTJSCJoziQdvVKoZHdIfwxVUe+2x/9UevpXRNEjW4GcHCiRh0Z1jn1XlPJ+NhOPR9V8D5tpLkFSzPe40tX5alvBPDgrmiuL6XEFSNUZ2yeyrquKKvYJI/JKz9cpUU3jg01VtI3bJ7r5z5DQuuTbPtXhfJLUVrLDdQ9PQV8BqKdoIIzt2Xlt0tNZaK352iLo5WHJxtlew0Mr6fMZdrYdsFV1/sMFwhM0DRkjO3ZcC6lo9XVZngB0J19DeYG265PDaho0+buvT7LXxsYbZVtDoZMjccBfNtbaau2VnzVMTHJGc7d16Z0V13FcoWUNc7TUsGAT3WKUTRKrcso0ldQXLoa9m7W/LqOZ2SG/SttBXUfVNuFRRkCUDUWjsVBoqunulA+03DS9kow1x7FUNPT3HoK6eIwudSvIwewCZTN1vL6MV8VLr8w12tENwhkpKuBsjJAWPa4ZBC+CP7RHwVqehOo5bpa4C631bsN0jZuNwMduSv0jrqKKvpWVlFjDxrGO+eywfW3R1D1lZJ7TXwsexzTy3JB9QvR+O8hLSy3R6PP67Sw11Trs4Z+Vhf5i3b9UVjs52W8+MXwtu/w/wCpamnnpyIictLRtjK8/avpOh1sdVBSifIfJ+Nt0V7hNf4/wS2OxjZSo3eygNKkRnOdl0ovJxbIYLJkhLd0w8lCjeO5RM5TkIccCT0JOUKCDlLGCuLucpclkjJVurXUNS2YHYcr0G2XL5mBr9jsvNO+Fpel7jo/kPd9srja/SqacjseG1cqLVXJ8M2weH8hQrnQtLBPGMO74R4iDuEc4e3S7heVurfR9G0t2AVjrXMc1jncHBC2cD9hkrzqVr6Kqy0kNzkLXWuqdVRtdqyMBcm+vDPR6K/c9ppaechzSCtHbKw4AWQhfpxurGjrXRvBBxhcq6vceh012xm5gqdWOyr79bvHjFXGMFq5TTNe1pY76hnZWg0yQ6H7hwwsahhnW3fIsmfopfEi0OPmbsUTSQC1R543UNYRjDXFSyQ5ux5TVLDFyRX1kHixnbIHI9VhOpLSQwzRtOHE7ei9DeBuqa5UglyMbei6Wk1U6prByPIaVWQZ4jdaAsySzGFRSsLXZAyvSepLY1viaWY5WCrKbSMAL3nj9UrK0j5Z53xrTK92HMIIVVVQkE+XAVk8mN+CE2SNsrctHK7db3o+f6it1WPJTYc05PZW1iu7rbUg6jpccHdQqiIMOA3CiaSNspV9SnFph6XUy09inE9a8USxR1kByCAeVYNc2ZrZW8kbrA9K9QCJooap3GwJ4IWvpqoxP1M3Ye2V53U6VxPoXjNetTHKfJqLNeJKJ4ildlhON+y3FJM3VHKDljl5nG9s42HCv+n7y+nf8nVvyz8JPZcW+pro9hodVxssNlerTDcqYkNB2Xll4tslvqtWjSAefUL1akq9GMnLHcFRL/YKa507pI2AkjOAs2OcM6FtW/lGAs15fSAZccZ3C9BtN4jrYWhz8nsV5bX0c9sqHROaQ3OxU+y3h9JIPMdOdwl2UqQqnUOiaiz3Lp/qBlK8U0pBa7grSVtPS10Ye0jzDYryWhuMdRG2eJ+fUdwtn09eTO35WR2SBlu64Op0bUso9NpNXlbJsl/73aqjUwktB7dwtvYLyy4weG53nYFl5sS8hQGvq7bUNmgcQAcjHp6LkW1NPB04TafB6gHjjPKRkLNxuqa1XWO5QNIcPFaPM31VpG4AbrPswOUskhk5J0uGFV9R9OwXamMrGgTNGQR3U5w1kadkSKfSAHDhVFuEk0RrJ5g0GCb5WoBDM6HD0Q6qlMLy36mO3BHotz1R0+LjF85QxtEzN3NH4v8A1WUcBM0RO8kjPKWu9V16LnJ5Md1WTxP4wfCOl6spH3C1whlyYCWtaMeIvmOop6mhqpKKrp3QyxHS5rhjBX33V0j2uGQB6FeNfF/4PRX6B97s8LWV7AS4NH94P+q9v4XzHwyULeT5t9VfS61UXqNMvu9r9nzQD3CcCcpr2TQTOp6hmiRnISX0OFqmsnxy7TzoeJBxwnjfKCOUZn0hPRkawdSSSTAhJJJIwQqEkiqF9gkkklChJw4TV0DJwhayQHuDwiNkIGMInhAjOEMxnPCoJPIQHIykhJK8kJGR6rpDSo2H+qfkq1L+wA8t9lzR7Ja0tfsrLHafdN0FODsdk/UMcKFAl0cpyWCrj2JlLLHAd11JJaorCL7EnYHKanIgTgByitJAxhcLQOAigY2RxjkhzBPsugFpSacuCJpaQNk5RwU5jcDA9UYNGdkwNI7IgaSmwjkCTCCMIgYAcofKK1u/KcomebO6QCAOy6AcjbZPbwiADKfFYKc8jWtzjJRWtxgpBuy6BjujESluHhoC6kNkkQwS6Dg5XF0NJ3ARN4EhGyA7YRQRhRCQOU19SyMeZ37q3NR7LSb6Jhe1vLgolRXMYCBgqsq7lglrXFQTJNUH6jhZ7L93EB8KWuZE2ouL3HDRnKiCNznZIO6PT0xOC4Z+5UsQtH4UEHZLmQyThDpEWOmwM4wpkUQbjb912NvoEaKEkrRGC7AlLPQmR7gAKxp4AMHTgJkMQ22VhFHpAdjCjaiRLPIo2NYBnbCrrlcdWaendsPqcP8AJDul1D801McafqcqSWYMGOcpN1uBqXpB55QwbHchV8khdyUyeYvKaN8rnWWuTHRid37nK6B3SaMlO47Iey+jucBPH2SwnpsYipSwJPa0532TmNJ7I4YDjIwnxjkBvB2NoIzhFjjAPH7pzI9uEVrCDwnRgInYdhYPT91KjaMDZMa0DcBFZ2RGeUsjsbYQ9KIkrk8ADVw8IhxhZy8XptKHGN/G33WezURr5kNqqnOaSQ+9XiOnjc1r8AbH3PosTXV01VKXyE4PA9FytuE1U7MhyM5ChkknJXldb5CWok4xZ6KjTKpDycriSc0HK5T47NkINsYAcqUxuw9UmsGNxuigdkmyWTo0VNcnPDBAACkwREn0SiZkjKnRxbABuT7LMuztU0vCaFDS5IIHJXpvQvQ8srPnazS0HBa0jdROh+ipZnx19wi8vLGHt7leqxshpYmxxtAAHZaa445PXeK8XjFliDxFtJTshaB5QgSzSSO0tbym5MrhupdNTHILgnZ/R62MVjg5S0b34fJwrBkLWN22ykyMMaBhdJGFHLI6MEjrn4/NdjDiUEE6keN2OyAZgIWgA5cqu617IYdGRk5/JTayojhj8V7sALJVErq6pc9hIYDkk8KpSwLm+MDMOkcXnJ1HlWtHQv2c7bPHsn0FAdIe5o3GQreGnbGBlVkSq97yAhpsY24UoNEbQcZTjgDYJj3bYV5Gxgo8kOcGSb2PZHgpQ0A4wnMgLnZIXZZGtaGjsjSySQ2TSMAFDZkuTCSTsjwtOQcI9paeSbTeQDZSvEHp+6hRu42RjkkdlQ+AYP1IEzz9I7pz36Gp1LTukLT6qDlzwNhoTMQ7Tvlay10ENLG17owXAKPQW5rAMt2+6bcrzS2xpGrWW9sqZLliCyyxuN2iooC+UgDsM7rzXqDqmquEroad5DW7HBUW+3+qu0hZG4taTgb9kK324aBkZz39ShlJgxk5PArZbHVDhPOMkcArY2mymXzyOx7YXbJZjLjyacDbK2dBbvlIxsN/bdZbHlnS0+lcnlka22uGA6tOccBW0ULewwnRwejcIrAGHcJcmdujTqCOww5OcI7WhoPdR6iqjpWFxIz91UyT3K7SCnp2+HE7cyHsEhybNaSiTKy8U8LNDDrnJwGD1TGW2qry0XDDYzvpBU6gstNSzCd7fEfjAJ9fVWZGXbDJKCb/AESSyDpqaKGJsULA1jRjZHAwMN3PZMlnhgGJHafZU8tVcLhqhoWuhjPMrhg/kkTe0hZVd1ho4yZRmQcsChRQXK5/7w+d0FO7iIHDvzUqkt0cDAJB4jhy52+VPaQ3ss7k2XGICnpYadjQxnmHLu5UhJJCEPXRyuJKmWlkK0gBO1eyCOU/IDUDZYTI9Usj1QCTnlcycZyqIfLiSSROF9qP5uDiRjlDJwcphlwgunGCo3gELJNgYwo0k2BuUGWpycBR3Fx7pUrMG/SaC3VTxBBX1GcgFRnOc4nHBSAcTueUdsQwDhZ7LvR7rxX0x/XZyRwwkgkIrIxkZCIGDOyK1gCyzuye30nioU84ONiGNl0ANOe4XTIAMBBdIcHGf1WWdueDr1VRjwgpqO2lCdKX4HCGNTjwitYUpts0xjg5jO+U9rACnhm+AiiMY4yhCGta3SNk4NAOQF1ccCoQRIwmPcI8ZTZaiOFhcXb9gq2apfPs48JkIORk1GqhSsyYSvrNZ8GE7DkqPEMYzumsAByVWXO9xUYd4b92/uVpjVhZZ5rW+Ti/vkyfV18NBGZJCPYZ7rD3u/T3AOawlhJIz7eijXG6z1kplkccHgeird3OJzyhaweV1fkbNQ2lxEaxjtXqVKjYdlyKMbe/dSo4xgbJkINnJlPA0Rgb4xhEDMu5RBG4p4b7J8Y4FSk2cAGEMkhEJGEJ3KaUo5GveTsNlx24SITQcqDNiRzB157Ig4XBuc4T8bYUKazwNTXuAGUx78cd0I5zlQJIdJIXcBCe4gYaMkrs0zGMyeew9UqSlfJmSQ4zwChayW3gEIJZnDxNmdx6qWxrYxsugadgUx7y4qbcdlKWTjnHJ3TSQE4kYQsEnAVYxwMGvcXHAXY2EnhFbASM42RGRd+MKkim8HGtAARXNABKQ22wmHZG1gpSyNPKYnJqEISbpHZNDXA5wkTgZVylggiEF0oAOAkZORhBOOcpUpYDjHInSHhRp37YHdKaQA4CjalmlPcPjHAi4lcSTmg5QDujgBypTQAwJMY3GcJoGfyUA/IbjfKfhunPddJZue6EScqEEedlxJJQgsb5S2IIyEicBAycqMgTv90aGMlwKFGC5wCsqODTjUEVcMsXOW1B6eINYDhSHYASaAAMBBmcAFo/Ayt7mBnkwdiuNdq7IZOSU6PurNEFgakkkhl0WPSbDrIDeT+6XJWw6C6YN1uLKiRrtDTgbLBfLJ2vFaOWqtVUVyzUfDDo4yPZXSQ5xjJcF7ZFEymiayNoa1o7KBZrXDQ07IYowA0DV7lQutL7/DYfl4CNRbl2CuZOXOWfXfH6aHjqlBLkzXWvUE0kjqeOXfjAKpenbaKqX5uoGRnYlVxEtdVAOJe+V3K2tHQtpKdkYHAWayW42KDts3lh4gY0YwMdigT1mkdv1QZnhgOSVXy1BcdIHOyzTlg6kGyTJVPncA0YyrWgomDTgZedyUK228wQtknaC47jPZXVBTujcJns2PAKWaoLgNDTHSMhPqquK3wmSQduMoxeG7gLFdS3aSWodBE/ygYRFW3RpjllTf75PXzuY1/lzjbspvSnTktTKK6fAazdrXDP5qFarQ65VbMDZhBd7r0qjpWUsLY2MAACXOW0TpaVqJ/LMPCfl4Aw4JAUCqmMrw0cBHqpseUBR2DfJCxX2po79UAlNEcjLc5V9RUehoke3c8D0US2Uj3ESOGAPVSqyqMbgxhztuuXbPea4rYOLvHqW024YT5sd/ZWehsTQ1oAA4A7KNaoA5nzbxyEd+p52BXKssbk0Phwhjaf5mcNzgK5ggaxgY1oACbRUjYWanbucjueIxhZZTyPTyDc/wAIZ2Weu1yzJpblyfd7o4EwtOMKkj8Wpm1Z/XsllkyHMztZCljDW4QYQ2NuwTXv7lUEGJ5JKk0EfzMpaW5A5UKNrpjgArQ0cMdJACGjJ3JS7H+hyW4LLNFRwZdgADYBVUBqLjUFgb5T+yHUSzV1UIxnc4AWqtdrhpoWgM83JJSnyFjAWioYqKEMY0ZxuVKJx2S2Gx2VLf8AqKC2QOiEmJXjYJclnopvBD6o6obQMdSUjtU7mkf8vuvPXvfI8ySO1OduSUeed1VK6WQkuccklC0+6bCODNZPdwNaCSMBWVDSPkLfLjuSUCipnzSgNHHJK0EUHhtAAx7preCQg28j44ywBoGVc0dMIGa3Y1OQLdTNcDUSNzjZuVO2CROW41pcCJwqy/XL5WmPn0aufcKVXTinhMvovObxd6i4VTi5x0g4AB2WiqvPIi+WB1Vc/mHERjA91Akdl2cblDLtPZTKOne45IWlRUTL+TC2+gMpE02zRuB6q2c/U3AGAEOCN+A0BaHpnp991qml7Mwg4Oe6XZZGuO6Q6KwTeielhcqgXGqi1xsdhgPGfVeswxMhjDIwAAFFt9FBQwMghia1rRgAKewEnYLz2q1HySyEPDcbojQc8JzGcEhFaBhc+UxcngQ4T0k/sFQDlgSSSShQ9JJJQgkkklCBCRg7hAPKWT6pii4IJJJJQg1JJczhQsRXnPxFvdVW3CLoywP1TVA/3uUf8JvduVpOteox07bg+JmurqAY6ZhP1SHYfpkFZnpKzPttKam4HxayoOuSR+7ifcrRVDIRbWW009ht0VBC0EsG7h3K7cqxlNFqcRuDhEnk1Ak7Y3WSulwNVVEA+RnlAWqEeRkINgXymWRz375UyzUU1VWNcM+G05cQo1JTSVkwijHPJW4t1FFRwNijYBgbnuSmTxgaSqaNkTAyNuGjhGdwEmAAbJj+VlbGx5ZzJQtPuujkrpOVEsjnLajgGE1xyE8lRKupEcesdkyMclNlde7g6FvgRO87hv8AZUlPC6Z+c7nuu1c7p53PO+TsrS2UfhNBeAS7da4rBFLJOoImQxtDWbnkqa4NDckj9UFrWsZn0UGtqyY/BjyXu4Cg07O51dKIIvoacud2+ynNYxo8rcYACj0kPgQAEeZ27kZ8gaCoTAKeQjYFQSS479iizu1HYoQ2RwhllN4HqBd65lBT+I52DjYeqlTTiIZ24yvOr9daitq3gyHS0kADhdnRaR2ySZh1eo+KOSLWVL6qZ0jnE5JO6ju3IOUzPOSmZxk5yvXVaeMIqMTy1lsrp7pBXyeG3bZS7bAX4lcNlAijdV1IiAOARlaSCAQsDQ0DCa4qJcY55HNdzsoVyrHQQksxlS53thidI87AZWWqauSomc4nLeygzoBO99VKXuHPZPiiEYzhEYxoGSN00v1HAGyfDgRNZHaNWwVtRxtgYNMY3G+VGooHSO4VnI1oiyBxsilLAdcMkeVxf5WjCc1oABOy6xgO5UKvqmty1vZXD7pJFXPZDIG41weTBA7jkqA3DcuOAU10uXE+qxnXfVYtMHy8J/mEHYFdvSaRzkjynlfK1aSp229Iovib1lKyX+D0D8OLfOQey8xALyT3PJRJ5Zqyd9RM9znvOoknJRoKcuI2XqdNp1FJH57815e3yeod1n/RekjkEXmGQrmkoXzgFoGEO320zycbD9Ar4sihY2CBvG33K6ddaijz1lrfBwlrI208W2NiVBuMxpGiGFwM8o2Hopdwlp7TTOlmkzUHZseO6J03ZpK3TdK0Zc85Grt7BVOW3g16DRz1c8ImdL2ABvztZH5ucHur6vukNFTl7wABsAlVVcdHTE40sYMled3vqB1wqXsZJljOwOAFkvsWMs97VXDT1qMVyK8XiW4yvDZSGt752AWGvXUBm1UNH9A2e/8AqPsgdQdRCdxt9vOGtOJJB39gqumi8uSF53yGrz9lbLc3N4ONaS7OFNiaB2Q42gHhGZyuI032aqYh42AhPlaA3ZOiB08IhGVMYNyh9pVzAZwhtRKjPju9EPOCl+sGaawwkR3HupZOWDKiD6gpsGSAFcHyOqWeCHKzzZIUWpaNjhWE4AIUaYAgFbqn7MeqTacStLd901HcN9gmPafRPbysHClHDwNZypDTqGFHapUDdRVBVvMsDTGMcKNLEc5AU8xkd0GaPIGFf+BllWSKMdk5pOU0swcpJif6MsljgOWhzcoLCWP0FOY4t2O67I0F3iaeUSAwELQ5uQo5GDjGESJxbsd0pmF3AUSJ12R2fUFJBGOVG0O9E4B4OefzVhskJJjXY2T1CjmAhkHKOmYCpkAtUiI4wAEzHuuatB9UnDyRcckwEOaQAgOjOeEamc12xRZKcOG3dGnwOS3LkhFrcILTg5Uh8J3KjujcDsgTwJnBok09SSQCFLlbloLVVNJ1A+inwTgjB7LVCe4TNYCMkGQ3hTG4DQQcqA9p7IsEucMPKfCX7Eyj+g8pDjsmR5zyn4yuacIwQw4SIymNIBxlFHCaLXBHfGCc4UaQFh4Vg5vuo8jMjOMpNlYcZEVqc8NI2TJGlp24SYdkge3gE+MDcBDHlPKlO8wUZ0Ryga4LUskinqMHBAwpwc2Ro4VSRjCPBUluARsrhPkGyGeiXNHpwQOEmyh+BhPY9rhgjKBLC9j9bCcHdOxxkS1wGfGMbIIOOQjRvy0Bw5TiwKJgPMeSO1M06vKThSCD2GUzDu4QSTCjIawFmHAKVBWgEB36IKQjaRwopSiy5VqRbU8rZgSFLG/Cz7HywuBYcAe6saO5iRzWOOfVaY3ccmWytx6J+CE5OBa/gcJaHN4CankRnPA0DOU2WkbK3Dht3RmbnKLpGMKsZAU2nwZ6vtr43B0A43Q6Wq0ENndx+S0rWtzuFArrPBUPMsQ0n0QSrxyh8L9yxIjNdHMPLuEGemDu3KGHPoZND4yWhWMLmVDAWpTipBqW3lFNNTPiOQF2E42cFbSRNIIwoFTRSDzRjIS5xlDlDFYp9jMA8FcLMjGUFkj4HYeFLbK1ypS3dhKWOiKYgd8IJ2KmkbfdMMR5wi6KyCTA1wOcZRCMLuAhayNTOZ2xhNdECPKN0/T7pB2/CoYwGmWN2SzZFa/UNhhG2c3BCGYN8+qgCYahqqihkEtNM5jvY4W3s/VdDWMFPcR4T8Y19isHjCcQTwVabXRr0+plp5blz/b0en3Dphsw8Wlf4co38u2VAorw+3vNDdYydO2SOQqXp3rWvtDI6apPjws5zyR2GfZb59NZeqaJk8RjOsfmCic5f1HYo2WP5tHJQs/5fTKmo6cjrmfOWU4Lty0O7qHBcGQuNFcjokB0+bunyMuvS9R4XiOMOctd7K2ko7R1VTeI9rW1QGzgcZK0JbefRcbFqc1pbbV2n7/wU1ZYqWpaXxgAkbELLXG3yUU2lzCPTK0xnutglNLcqV7omnDXjc4Vu6noL3RYOk6hlru4KlkP0YnTHUfZ+M16Z55DOWuweysmTB7BgAgo936alogXaSW9nNWf1VNLIRrO37rNOJkj8lDxNG46V63vvR1zbcrTPhx2fGfpeF9KdDfEyyddU4dTNdT1bWjxYZNjq74C+SaeUTRh/wCqnUNbVW6rjraSd8UkW7XMdpIKw2V55R7bwH1PbopKFvMP/Q+03MwkvKfhz8bKW/MitfUsrYKpo0iYnZ/pn3Xq3O44WOVeWfWtDr6fIVK2l8CSSSQtG/KkCmpoaiMxTxtkYdi1wyFkLz0SdTqizuZGOTCdh+S2hICiySF54xhEpyg+Gc/V+Pq1UXuXJ5TNHpc6nrItL27EELHdQ9DUtxc+pow2N7uR2XvNfaqG4sLaqBpd2eBhw/NYm+9M3C2jxqeP5mlJ84b9QC11254Z4/yXhXGt8ZPnKrp66xVLqeZhbg4BxsVY2u7DbGWvb3zyvSrtabbd4nMfCH6eWvHmavML/wBP1ViqHPja51O45afRaFJM8TZpbKXwj0fpvrgOxTV79tg05W5p6yKox4TtWV860twjJaHOIcO63nTHWjKJzY6kFzSNOcq8o16bUN4hYestAcOQk5pGHBV1vuMNXE2WJ2c74yrNkgfjZRScejpRiphoagSjwZ+eAUwMqaCpbUUziWg509ik6IPbkDC5HNIw6Scgditmm1llUstnnPL+Bq1cW8Gmt17p7w35OrbokxsT6qwop6qw1GC4vgd29ljHeFJhwGl3qFe22/tkibb7gNR4Y8rsV3xuXJ8h8v8AT1mkm5QPQ6C4Ul0iIixkDcFQ62AwOwW7HghZyGWS2TtqKV5GeR2K2Frraa8wZIaXgeZpWTV0J9GfxuqnTNRRSEYOW7ZC48a8ODg2RvB9VZV1uNNKQB5XcKslhc0ryHk9DXNZSPrn0/5xwwskumrWuwybZ42yp0czSMAjBVCMA41blSoKpsLgJCvBa/QSrbbPs3jdZ/ISYrzZ462MyMaA/HbusNU0U9sqjNDlj2nOQvSoqlr2juq672mKujc9jQHLgW0PB6Guz0O6X65jMUcVY7EjTjK9XtlfQ9SUPyFwDSC3DHk8L5ymon0c7g4YwtZ0z1JVse2nEpa5oyDnlYpRcHyLv0/yLdHho9VpZ67pCtNFW6pKF7vK476VZ1lIx4FdRkPhk327KLaLrR9RW8W+4lplAwHFNop6npmrdR1QMlHIcAncBPpudff4nBtju4/qPN/jJ8LaH4iWGSIQs+aia7Q7G5X569f9D3Toy7S0lXSuYA4gbcr9Wq+hDP8AfaMh8L9yAvFPjp8FLZ8RLM6qpKZgrIT4mAN3EdvuvX+P1stJjHRyfJePhr6XW/y9H50sfkcI7XeyndSdN13TF2ntNxjLZYydiMbKqc8sIwM5X0DR6iOohuifJvIaCejnsn2iaJNxujMfkKvD9WCpML+Mrcnk41kMEtJNDhhdyEwThj08HCEnKNZKCg5/JPpp3007JWnGDuhLpHO6z2171gtPa8no1qrW1NMx4IJxurKOQY+6wXTdwdBMKeR3ld7rZRTHYFeT8hR8Uz3nhtb89SZIqImTMLHj7FR7XWzUdSGhx0E4wVJa4HcqNVQ6neJG3GTlcW6pTR6rS6lxkmbaCQlod6jKmQvw4HCynT90e7/dZn5x9JK0cbwCNlxrq8SwerptjZFOLNLbKssGnIWjpZy8DcLD0lQGkEFaC3VzXAAlc+2vB2tNdxhlncqP5pmtg8w/dVbCW+R2xHYq8ppxjcZVbcYNDvmGDZx39kqOc8mubWMkSVxGMKNOARkjKPr1nGEJzS3bHK119ma37+zJX21GfUG7Fy84vlv8IlwYW4OCMd17LV0+s50rDdTWw6nnRnUV6LxutVUlGR5HzPjndHdE8vrKYndo7eqhwu0MDHdloaylMTtL2/ZUVVTaJC5vBK9no9XXOW3J8k8z46yEtyBzQNlGRsqyaExuKsopCdiE2eAPwQunKKfR5lNp4ZXRHQ4EcrW9PXZ8+aWZ2XMGW78rKyt0cBNp55qeUTRPLXArnanT71wdLQ62WknmJ6tbK6NswilOM8K6qYnA+PFnA32Xn1uvTKqFrnbPGxWxst3EkQjncCOF5/U6WUOWfR/G+ShfFRb5NhYL42Vgpah2CNmkrSQ1UkR8rtvuvPJoXROFRAffZaCyXoTtFPO/DhsCVxranzJHrNLq8S+GffouL/YKe60xniYNZGSAvMqylmt9SYntIAOAvW6WpIaGE7Kn6o6bhusBnp2gStGSB3Sk/wBj9TS2tyMfZ7tNTytAf5e4ytvbrtq01FO7BHbK83dFLQ1HhyNLS3ZXdFWmIB7ScHfY4SrKlIDS6t1v72e02e6irgaZXDWOVa64agGF/pyvJrXd3agYpXMkHvsVvbZeYauBr9w8bPB9VxNVpGnlHptHrY2rlls11Rapm1FO4lud8Fa23XmOugbIweYbOCykNS2QAO3+6JDrpZjJTSFgdvgHuuTZU0zqQsRu6ao8Q4I39EeRmwcAstR3SVzR4mAR3HKuaa4Odhkh27ZWWUcD08ltTSaSNwSFn+prKDObtQwgbZmYBye7lbAnOpjiCisnP0yDI9UVdjg+wZLKMXppa+DQx2Tj8wVU1FKYHFjxt2z3WlvtsjttR/E6RhbC4/zmjge4TGQwVkYdgOY8ZafZdOm9PlMy2U5PnP4yfBSHqCOTqLp2LTcW+aaMDeo+5/8Al5XzVUUlRQzyUtTE6OSM6XNcMEFfoRcLc+meRjLDwfReO/Fz4PUfVtNLeLLCI7kwatIGTL9z/wCi9r4LzXxP4rD5p9WfSsdXF30L7/7I+WEVhAzkrtzt9xs1Y+hudK6CaNxaWu9kAu1EY2X0aqzeuD43fp7NPP47E0wyegjhPWuMciR6SYkp0CPSSSUIJFQkVQtCXRyuJKFhhjCEeUsn1XFbZSWBJLnij0S8UeiovItDfROG64ujlTBBwb7JafZdBGF3IV4QvIPG+EsFOHKM0MxupgqMsgADlGa0Hlc8qf8ASmRiBwDSTk7S70T4xyX2NXWjJxnCKGkJYI5TYxbKzgd4eRlNa0gojY3HBxt908Mx2TlD9C3MY0OONkZm2F0MPYLoBymxgBuHgDA2RC0DskDgDZFGyalgXOYNsZyjNbsNsJA7fSuhxJxhOWDNKTY8NRQzBzlCDcovhn1/ZMLY8HHZLV7JEYHKadP4nqm8FJNjsFIDJwgSVsMexfkqFU3bIxCVTtiuwlCUi1JEY1HZCkuFOwEA5P3VI6pq5js7lBFLUvdlzcJMr9/EA40qL5LCouRJ/ltUNxq6knDchSaeiO2sFS2weFs0IYxss/IY3GP4or47c55BqG4IUmOBjeylrgYStMKdvIuVkmMa0NGAnYOUZlOXFSGRMY3zMBKZn9CW3kFFTkjUdkaKIZxnCNDCZH4A8o3KNNPQ0LdeoF3ZBKW0ZFZE2JlPC6aV+kjj3VVXXh80ZiikUa43aerOguwwcAKsmma0ANAJws1l8V2PjANNO2FhzuSoTpnPOo8LrsvOSd03w/dYp3bhqjg6fuuJYKI1pBAS0shuSQ5owOEUDskGAAJwatEYiZSyd8PjZGbFpOUomFFa3cdk6KyA5YOhgwitbgp7YyQMb5RGMyU6KEymPibgIzQMJNAA2XU2LwZpSyOxhdSSVtgDk179AzhcfIGjlZu79QiEup/F57rPddCmOZGiiiVr4JN5v0cMb4434A2JHf2Cw9ZVyVchc/6ewXayrdUyEuO2dggEryWt1ktRJqLPQabT/EuQZ3SSTmjJXLbwb4R3PCOxtLjnCM1oG5CexoaBsnDdJlM306dvlnOEaCEvKUcLnnYKwpacsxkLO5bng61GlcuENhi04HdbrpHpaaqkZPNGN8YBUTpjpl9dOyWRm2dsr1u322ChgaxrBqARwr9nrvE+N4UrF0SKKIUlOIdtguOldK7SNkyR5JwFIoIS8k6U49VBY4QelidsS3CsYxoA2TY2tY0Zbwul5GAAjNUVwFTdzsuA5CdkIc5GjmxgdkpCGNxkYXS/SqW5V/iONPA7/mKqUsdEbwiPdKoV0ogjcQG7Eo1BRsiLdTcgcD3St9uDnmSQbhXkbAxoGgbKLkTjcxsceBnGEVOwAm5woGN37lJuM8pjngbLkYcSpkJ9BXENaoMz3HtlS5hsN1H0+6dEVJZBwBxdk91YMa0NUeNoBGyICc8o5SwFGOWSI9sp5lzsGprGOcMeqsKK2uc4H1QdmqESNT081RK1rWLQUlAyFgyMlqfSUrKY68AZHqqHqbqmKhjMUO57kFXJYLnZ8fJY3jqCG207mtcNXGxWAqq6e5VBe7IaeEE1E9wkMkhyDuArKgoyckM4VClKd7wDoLUHuDy0lbSy9PNw2aQDAHlaQu2WyOaxrngb749lrqKgMbQ53fj2WeyeODraPSSzmRylpGsA8gbj0Vi1o29k1kQAwClLK2FuXnbusspZO3VVsQdunG2FWVt1iZJ4EA1zD8KA6snrJhHSAljuXKyobXBSzGdzQ6R3c9kqVmOzUuCBR2uorpRU12dB4bnhX1PTtp4wxgAGUUYcM42CBXXGmt8JnmlDWjvlJlPITZMw1rd9lV1t1cw6KEa5+2OFCZU3DqAFkREVFwZOHu/5VZ0lvhomBrDqPqeUpzI+SNFQVUpEtwkDnu3wOytIoRG0Dsu6RkH0TxskzluDSHADCGAdRPYlcaTqG5RQBhAGdHukklyCRvhQg9JBkq4If76QMHqSor7sZDpoKOWpJ4cweT9UMnghYYOM4QJq6mhOmadkZ5w44QI7beq9wdU1/wArGfwRjLv17KXT9OWuJ4me01ErTnVUfzN/zQEIpugkyyhp5KiQejfKfzR46K+1zA2oZFS5/p3cB7/hV3FGyMeRjW/8owiNJHJKhD5BfNnGyFJMMdlHfUNxsoz5SSvs7mkfzhqqlc9sCQ6Y5OFFc9xzslr9khk9lmttPVeM+nZWf6lqBEOJySjNYMDZd0d8Lug+n7rLK79n0Txnh4URUsDdDQnAZXEjwUic20d6FKr6HGQc4/dDMhxp7Jmkk8ojYieyQ2aEsnGkn809keNyERkZAzp/dEY0tzkIJRyNUcAgxoRg0DgLqeqCGJx2SQnTAN4RRjkGUlHsc6UDKjVNU3TgINTVKC6UuJJT4UuTOR5Dy0NNFqLOzzOkd9k0YGSTgIUs3h/5rN33qNgDqSnccjZxHqtUalWsnidZ5h2Zw+WTLvf4Icwxu+5BWSqKp0uxORnZAMvinJ3+6a1pJ9kM36OJdbK17pM6DlPY3JT2RZBRood8kK4wz2JlLByOEjfHKkxjBT2sAAwu6fdOjHBnlJseA3ShOI33SJ7ZQCTnlGRLkTnEJi65cUHx4Qk4DCfjCR2UBnMHp91xzsDhdJx2SIx3ULAhpJyUOpcGtwMJ75cZDQnU1MJAJH53V4yE3gDTUZkLZ528cBTn4YNgneVgAHCE857Khb+8EScpp4XSMLh3VyWQgHmc4gFHiixg4XWRYIcRsijAGMKlEtvA5rMdsLrgAM4XdXsuOORwrwLk2wThg4CGiP8AqKGqLQk1OTVTeBiFkeiA5+QUUu24UWR2cjHdZ5vc8DEsg3HdAmd5eU5zhnOVGmPG6TOZojHANxJO64NksFdAOUAwcBlPwGpDyhNG/wCSogRJIbJKEG5K4kkoQSSSTvK37qN4INeM8IYbk4ylk5KkQREnJCFJzZTeA1HBl4yNgrNrQDsgwRaRwj4xvlaYLaZpvcP/AAqHOTnGUeZwAwCoZ5Ka5ZBhH2JJJcO6pjuhZC7jKGAc8qbRwOnlEYbknhZLrcI36PTK6WSZYLRLebjFSRtJ1OGfsvo/o7peltlGzRAA4Ab4WN+GfRDqNra2oj/mu3z6D2/deuU8Ap4g0DjkrnW2ZPqv0/4mOlrV0l9xFulbDaaB80jdx7rx+73Se6VkkgzpJ7nstF111DJV1poad+I4xh2DyVQWmkE0gBbnUVhskduTcrdpb2G1xxMbUyNzI4bZ7K5mmDG7nK5ExsUQaBjAwq6unIeGNPus+TfCO1HKmpL8taVPsNt8fXWzsy1hw0H1UO22ua41LY4gQ3l7uwWze2Knp2UcbAHYAwOyRM30wzHIOCJ1TIA1uA3k9lZybNGfwp8ETKWnADcbb+pKrrpcY6amfrOCc4Qjm9hVdSXn5WM08DwJHDfHZY2MOqagNeSS47lOqqiSpmdI9xJJ7q+6dtOrFQ9md+SrlLBkad08l9ZbZFRwNexu+N1aPm8MfSFyJrWRnAwAFEnl35WS+R1NNSorAnOdI/UTlS6OmNS4NaOOSgUzPEI99lp6KjipoWgNGojJK5d88nWqh+wUsgpaYtGxAxlRLXTPr6rBBc0blDnMtZVeCCTk6QAtTb6CG3UrY2Nw8jLj7rnWzHpYYjE2NojY0BoGAAn0sPm1Y4S3dMGAbFWEMYYAcLnzeRyWRNLWsw4gLPXu8sizBC7LuCVKvNzip2nDt+BjuVjZpzNKXZJz6pPORnCQ90ksj8uy4/dToWeGwDudyo1K0OaDhStmhW3kiQQux3Q2F0sgaBsuta6fBarChpcyNaGjJylSe1DoxyTLbbyWa3kD0CVxqnNxTxu3POFIqp20FLsNzndCsdB85I+tnBIztlZ28hlnY7W2NjZ5G5e7ueyvwGsbhoCjsI0kAYTKmqjooXTzuwxvJVSZb45I14uTLZSuqH4JA2GV5dX3CW41LqidxcXE49h6KZ1Bfai71LmteRC0nAVUG4GwTK455ZmsnngI1SqamMxHKBExznYAV7bqZ0bQ57Rk9k3oqEcvJJpKZkbGhrAMfurGnpmyvAdwN0GNuSGgYyremgbEwHG5SZSya4pRR0AABrRgDgIU8mgZUl52KxfV/UDaXFHE7L3DJwUVccsk7I1xbZWdUX+eeX5KCTGedJ7KiawYGShRed5lfnPupVJSy18ojiH3K2L7UctTlZJyY6hpHVMwaG5x39FpIKJrGNY1vA5CPbbUKWMN0jflXlrtL6uYMY3bO5SLtQodGquGSLaLLLXziGKPA5c48AL0+z2iC207WMY0EBBt1pjo4gyJoyeSriCM4GVxdVfK6XI3GA8YGRkbKVC0DshxNwPdGZkHhc2yfOAG8BQBgbLo5XWnI4XVSM83kcOF1JJQEekkkoEMSSSUIJJJJQgkkklCDEkklCCUS6VsNupHVs7gI2cklSyQOSvMeuLzJfLmOnrdMfCaP5pB/EmVRcpYGwWSttfzXVl6d1LcCfAjP+7xvG4HZa1jyVHoKRlvooqZjRlrRlcrqyOkp3SvcAQNl0owS4HfH7K7qO5uhaKSB+HOGXEenos7AwyOGNyVx80lbO5+5yc7rUdOWRxAqJohjsCia2oKLUSzsFoFDAJJgDI/f7K4H1Bc+kAAJNOXBZ5SyGHb9KA7lOecDlDAJylMOK45HrjV1NAyCmQKl2ckeGj1WRvNxm8wBwM4wCrK83N1PqiacH1VDBG6rmL5fMBwCnxiMJ1sp2vAqJW5/pHuruAHOVFo4PKMjAHAU7aNuR6JhEhtZMyCEl7senuotAwTO+Ye3jhQ3iW41WS7yRnjsraNoaMAYVjUghIwotS7GN0UnA5UGY6ttRVoN8DC8k4xlJxABJOFxgIOSOVCvFwipYS0nJwtunodssIRZYoLJQ9UXnYQU79xsTlZBzi5xcTklFraw1NQ9x4ygEjC9jo9Kqoo8lq9XKybTBzv04wUNjnOJxyhzEuPKsLRQSzSh+MDldL8UZK3llrZKMQw+K9vmcrGV7Yxk4ATQA0Y4VZd6tpAga7DsZKD8jUuEQrpWyVExia7EY9O6iNhAAJT2R6jlJ4DW4TFHHALe4DJtsEekhLnZIQGsJeMK3oafABI3UlLaUotsLC0Rt2TwdWxScMn7JsrvDbnCizYxnEUDqpWwx5LueAqCsqdT8NUq51JfpHoqOsqYqeN0szuF2vH6NWy+4835jyEa1hMj369QWahNZMNXZrAcFx9F4Zc7pU3aqdU1Dy7J2yVa9b9Uuv1cGUpc2nhy0b/AFe6oKeFzzuvV6XSKHB8C+qfPT19vw1/hF/9zsUWTjBVpQ0uv8PC7SUWsDbCuWMZDG0NYNh2XXrrweIttyxROZTRBjGYON/dTI5Ka2UxutzAaG7xtPJT6KmjDXVtY3TFC0u39lStbN1leT4rnCghHlaBgEBObwN0mmnq57YhrPa5+o7g+8XBpbBnLGnuOy2RMdNGI4mgMA2ATWNipaT5WBga3AAwsp1b1I23xfLMeQ8jfCx3TT4Pe6TTQ0sMRK/q+/zVNSLdSPx2dg8Lzzqm9sjb/DLdJxtNKO/sFI6gvbLZTGNs2ayq3Odzg/5LKMhkkd4rjzvuuDrdS3mCDstbY6nhIbqcNzupse2AmMADQ3HCI05K4jjnkut5CHlSYeQhNHCkREDBHO6VN7Tp0kyNowNkncLsfAXdJIS2+ToJcFZWjcnCi7jfHKsa6PMRPdQWnbGMYV9mW3sQ5VhS4LcEqvHKlUpwRkoI9l1hZ48nKgTjCttOpuCoFVFjstUANVUnHJXubwcrkzQWomcHC47jZaDg2QILhhyl0r9BCC7lIc84RZMkZbJbixcQQMIWMjGEoTsN0TlRvBvz8kU0Q5o8DIUVzDk7q1MQIOWqLNEeWhCpYYm6nCyRQMOCkDBGMoGnB5Tm88p8HhGGSyOc3BRRhwxhNwHN5TWnS7fsmRkLbGyM0kYamOwRwpTsOAOOEBxxthWWnkDggqUzBaBlMLW4OyEMg5UGkwMB4SdHgJkT89lIjPGAoWkRHMLUPRnzKdPHkbBAZzuqaJhg4nujcB2U+OpD2gKFO0fh2TKd2l25S2sMbGW0sHx+IchBkhwMgKTEdTQU5zCQhfIxrfyVhZulHlhUiSLfYKO5hBVp7GZrIZJQk1AZCaSWSNcOEKKTB4Uo4kblaoy3cmWSwSqeQSDJCI9gA2KgMf4Tvupkbw5ucp0JZ4AksDMuD8dkVvCZMzgBKPIHmTuhAdMe3PdOyF1RrJaeCHLEOzc/mozmlhxhWTmZCjyw57JNlf6GRlkjg5XHNBCbpIKeOEgNcMivBYeENrjklTnta9pOOyilgafpQD1JMNTVDi4NI4VkcPYFUM8pyFKhqsYDk2Fi6YmyPPAZ7XNOQNk9kwI0nCdqa9uMKO5jmu1Bv7o29vQt4fZLbgprmBMglB2IwpAAOMd0XEkA0R9BTWgg4ypOgIbmZBGEE62uURy2nMAjdDa10Z1tGFzS4HlFa5pwHBLTZHLBLoLnolEUx57q7DmyAYHKzL6aN2HRjBUm33CSnkEFQTgbArRCTXDM9tak90S7eCzBATopA44Oy7FM14B0ghMlptTtUYwtK/aMUouPZI0ehyuaR6oEdQYxolHtlS4dMgy0g5RpqQDbREqqOKoHmaMnuqOalnoJdUbnBv6haoRA8oEtL4jSHNS51foZXa1w+iriqY5wMnBRdBIxlBq7a6IGSHPuFykqtxFL9Q4KTjHDGqSf4g6u3MkGpw3VY9stO/Dm7dlpfK8Ywgz0DZh5sb+yXOteg42tPDKeOUvwMI5ZkKNVQVFJKRpw3sRxhEpaprzofs5DgbnPKGvhOdm/uguBaQFZAMJ+yBPFkZAVtDITwRdOyWn3SLHNO6chww8jdwnMk3wQnDSTumyxcaQoA3ydLA8bEfqmYKb5mYKd4g9EOQk8jlIorrX2uYT0Muh3vwUAHKTm6laW4mXHk9e6Z6ysXVEf8MuhbFUhuwe0EPHsm3jpKotbv4tY5dTGnL2N3yF48WAcL0bo74mOt0TbXfGh1IBpbKXbt9j6q1KUeEd/T6zT+Qj8Wr+2S/GS4/7l3b7na+p2G13in8OoAxG9x5Poq2tslw6Ul+Yjk8ejc7sN2/da+v6bs/U1KbhZ6keM5ups8e3ieip6Srr7Gxtm6jjM1JJlrJSOPunRnxyabob8Q1D+5dWL/wBGRqG5UlwYWuc0+oduFUXfpLxS6eiLXNO+j/ore8dOspdNys+8D9wR9LkO23YF4inGAqcclTanL4dSufT/AGjz6WGqoJizBGk7j0UqnrGTDw3DDl6FcrLbbtGZoC10gGXADBWBudjqKKd2hpwDkHCzyjkxS01lL+3mPoewaTsvUvhz8aazp5zLZ1Q+WpoDhrZxuYjnvk8LySCd2rw5hh3r6qRqyNis8qf0dTxfldR421Tqf/Q+16C42660kdbbKttRDK0Oa9vGCjnhfJnQfxKvfQs4ZBI6ooifNTuPlX010j1lYus7Yy42aqa8EeePPmYfQrHODifXvD/UOn8p9q4l+i1OfyQVKI9kF4WWUss9H3wAeNwnRyQyZjyHDuE17S3kIEkRB8WLZw7BOTaM84r2VHUXRdFc2Ca0RNp6tuXHGwePReY3yyVVKXU9zo8N3HmbkFe101Vl+mQaXdilc7PR3mDwK5mWfumRsaPOeS8PDUSzA+UL/wBHwxh1TQtLTzgcLNQTT0s3hSZ29V9BdV9C1VmDp4f59I44GAS5n3Xlt/6UFS50kADXcrSp5R4rWeOeknjATp3quWg0F8mQP3XqNm6gpa6ESA4OOF88yfNW6Z0UmRpOCCtR0z1K+me1j35Yex7K1PdwLqu2cM96jqg8ZAGCulvfgFZTp/qOnqgIXSD23WrhnbM0aPzRpY6NkLFI4A4H7p2MEOO5HCKQ0AbZQiQ3stdGocTHrPGUaxPci8tt0Dm/K1ZyOGuPZWMF0daJ2zskI3/VZZjsnhWtDWQTsNJWYIcMNcey3K9WLDPmXmPpadE3Zp1yj1W23Gg6ioAA5viY/MFU9zpn0T9Erdux9Vhoa+t6cq2SxOLoic7ei9Ft96oOoqBjXlviY2OdwVg1Wn3Iw+NnOmf+osNGXrhrYZqUapI/2TLdXNrhpfhsrNiD3Vhc6CW3TeLGMg8+hCpa+ic8ivoDpkbu5oXndfpI2Qw0fZvp7yexLkvoZjDj3UtkwcAdslZ+guLatgY/yys5Hqp0c5BC8TqdI4SwfTtJdG6O5B62309XkuYNR7rNVdK6hm8SElpaVqGTeqHcbcyujBYQHYXF1Gl/RuWGsEOx9T1EEzHOlwW+69hsF+oeoKIUdaWl5GGuK+fLhR1FJMRggsP6q36e6knppGDxSHM91z3BwfIq/SK6L28SPcfFqLBP8vO0yUkh29k+qpGOZ81SkPieNx6KJ0x1LQ9QUYoa5zC8jDXH1UueGp6fm0kGWlefyC2U3NddHnLa5Uy2z/I+d/7RfwEt/XVtfebPStjuUTXOy0YLl8J3m0V9luEttuVO6GaF2CCOV+u0lPBUR+LCA6OQbj0Xy9/aS/s90vUVK++2OlaysYC46RjUvWeJ8i6ZqMpHC8x4uOug5Rj9x8PI0bsHPoh1lLW2ytkoK6B0UsZLSHD0SY/Izjle8o1UbOj5Zr9HPSz2yRLa4nuiNJPdRmcojVtTyctxwyTkeqWQh5KQzkbowGg66uDhdygfKFx4fIRjnMIe04IWysde6WnAmeC4bBYzB47KfbKowzDznSVzNZpo2weUdPx2r/jWpZ7PQGOyNiAjxhr9n43VbRzCRgdnlSml2Rgryd1TjJxPe6bUZ5Ix8ShrC9h2Bz+S29tqW1VOyVh3IGVlJohUx/4gOUrLcpaCXwJHbB2MFcrU0Z5PS6HWRg1F+zdNeWAHup9BWuY8dlUhwkDTkDKI12BsVypww8M9RVbt5NvQ1peAD3U57WzROa78QWPtlxfC9sUjsgHAK0tPViQALLZHazo127lyV0kZgkLSNkg4OGFLuMfiR4AwVVh5adJ7IqpZQT5XISWIEKnulubNTvGnzcq7a7UMIMrMjjK1wswzLdXvjtPKL1a2jP8ALO6yFwoS1h1DC9evVs1B0gaN8rD3S2E8MAXo/GavE1GZ4by/ioSTZ55OHQSAYT2SeIAM4VheKAs84bsAqBspjfjndezp1CkfINfop6e15Jk9OHAFQpIzGeOVPglEjd+UOph1NyGrTKO9cGBPa8AqOpMDsDutHb7kNIOrBAWR3D/spkNS6MNwSCFzdVRvR0NJrJ6ae+J69Y7xDWQNhe4agMKTVMfTPE8Hrvhed2m6gBrmP0vbyt/bLnHV048VzScYOVwNTpfiifSfGeTh5CCWcTRprDfWVLBFK7DuAf8ARaGGpc46TwvOfDkt8/zEOdLjkrUWq6R1bAC7DguPZVhZR6zSa1Tapt/Ik9R9ORXKB1TA0CUDJx3WCa6elm8J4PlOCCvUqOqGMHf7qm6g6egrWOmp2aX87LNGeXhmjWaVS++CM5TVmjBYd/utVZOoIocGXnjZYB4moZTFM05ad1ZUcwOHsOfzVW0qaMWl1Eqmex225x1LA+N4IPuriGoDwAV5PYrq6nnAD9IPIXoFBWsqYw5jvuPRcfVaPHR6vRauNkco01LM3VjUFawTPa3DtwOCsrFIWEOBV3brk2VgimcARwVxrqnE69VqkaCmuAADXFThUsc0OaQfzVGHZyccIlPUaTp9FkccM0/3LCpnE7fDeAW4wQe6yNdNW9OVoqHAvoJD24jHoFpXPBAIKY/5WujdSVbAWOGNwnUvaKn9y4BwzUF5pddJMJgRk45Crqq2NhOWjA4yqW8Wi7dFVZvNhc59E45li50jutJYr/aeqKUTUkjfFA/mRnkH7Lo1W7GjJOMbeH+R478YPg5QdcUTq2ijZT3KMEslxtn3XyTerNcunbk+1XSmdDPGAXBw9fT1C/RipoXsJLBkf5Lzf4nfCW29eWh7JGtjrYgXQzNbu13+o9l7LwnnJaWarm/sPCfU/wBLQ8kvloSUz4mY7I4RQc+ysequkrv0fdZLbdYHN0uwyXThr/cKt0BoyThfS9NqoXw3QZ8V1Oiu0k3XdFpnByiDhDHKIOFpbyZTqKhIw5VC0LBXETLcJEY7q8A7wKcu4KcqJkYkkkoXuQkk9JWlkrfzgYujdOSG6PZwVk5pOEvMnBq7gKYAbwNSLiE9JM2Eyges59kZs+R9KFp3zhdAOVReAurPZFDhnOEIO24TdXsnRlgElawNgF0DJBAUYOOeSn6nkcJyl+hbJoLccrrSwnlQf5i7iUd02FjRTiizADgu6AqwS1WNnJwkrDwU1W4F7Sxx7ompoOS4bKpLq88YTfCrnbF3Knyv0ifHn2XBqKYcyDKYblTAZz+6qPkKh25KeLbKdncKvltT+1FfFBdsnuvNOM/9UB9+PDd0orTFjzDdGjtsMbtTWj9ETldLsvFaI38UnkHcFD11knJICtRSRnhgGEZsAIwGjZHGE5fkwXOK6RUeBI/6gco0VC4HJCsflmg50hFDGgYwi+HPYDuS4IkNGBj1R9OMIrQQcDuu+GT7JsIRh0hbtyDAASxlODMHhGbFgAkJ+SN/sCGkojWAdt1IZGN8NyjQ08h3c3ARdi3MjsjdwApMcGnBmOjPtlNlqqelafEIB7bqiuF4fNlrJMjPqk23Rr7DhBy5LGtujKVxip3ah3VLPVmZ2Tg/moM0znOyuNb3JXOu1OeEa4QaOumJJCYSSST3TvD90tH+JZG93I5JIScMg8JNGUVoG2yuMckk8ITWbcImn2TmgbIzQGgHC0wrEN5BhjieEZjNO5T244LUVkZ2wtKgLlPaMa09hsjtZ3IT2xZ3wjhrQMFMUBEp56GMAOMhFj4CHp90UDujSwLydAOU8cJwAwm5wrBOoU8zYWa3bhclnaxpOVlb31I0aqaDJI5IKy6jUxpjuY2mmV0tqJF5v7WNPhvwccBY2aofUSOe87krk9S+d2SUNq8rq9XLUyyz0en08aI4RzJTsj1TUmNcSubOSiasZ6OhpKlQx4wSN0+GDyglucIuMbLLOeWdTS6Vr7pHCcdk+KMl2yUcTpHAYVpSUhbg4/NL7OxTS5M5SU3GRhaXp6xGvqR/LLg1Ds1q+fmETIid9z2C9VsVohtsDWMYA4jcq4Qyeh8doW5JhbVaYKKBjWsGrG5U8yFmAN09zxE0ADlCja55z2Tj1dXHAaGHxnAHuriGONkYAAGFDp2BmCQpOCQBnChthEe52+AntbtlMY1Pc7GFcmaFHJzV2wugHuutb3IUWvrmxMMMZyTzhJyWBr67Xmnp3b/iKFSURc4OcN0Sho3DEsjRk77q1hiYxo2VxfIMlk5BCIm7I4cB2Q3YHdCdIMEK3PHRRIkcOzgMKM+TXshlxcVyMHKEg4ai4ZUuNowhtZtwnHyj7pqQTeENmI9VFLdzunzuy7YrgGThGKk+R7RlS4YiSNkOmjy7hXdHTAgHTgo+x0XgbRURkwS1XTI4KVgdI4NPuooqKeib/MI9VkuoOpH1MjoIDxkE5VtYJZeoE3qjqlrc0dE454c4LKRF9S7Mji4n1QMPmfqduT3VjR07m4OFJLJnU5Tl2Go6IZGds+i2tosWImudhuN8YQOnbA57m1E7Ac7tB7e62sFOGBo0gY9Emc8HotFo8RU2No6QRNDnAewU1q6GNY3JUWerjb/LgJdIeAsk5ZO1XFJYJNTVxU0Ze5wJHAz3VfSQVtzk8eow2M8tPcKTBQOc4S1LAXqe0aBsEhjsNhaelhpxiNoGPZF0gd1CluENMD4rse6qX19xvcvytudohP1TYxj7JFgZOuvUEcDflqH+bM440hMpLTLPUNrri4lxAxED5B+Sl22w0tA8zv8A5sp/EVYuYMgoAxrGMjYGxsawDgNGAFwatSeNkTQ30S3wEdHCemccp7iGDLiAPdAWc0+67nnGNlWyXlj/AOXb4jVSf4N2j80yO33WudruM3gNP4IjjI9ygCJc90oqZnmlEsv9EXmKC2W63JmmkjjpIj+KQYcfyVhSWyjpMGmha0nlxGSfzUkNHcBQhDpenqIuE1a59VKOC8+U/wDh4VnHEyFuiFrY2jbS0YCTDjtwnZCAhzJXQTlNSUIHBGE4OxwUHV7pavdQh8Xhzyd08A4SDN+EVrMAHC+rys3I/GfjfCQhDKiDDTnhGawYzhdwANgu49d1lnNnsKNHGuKwMOOAk44GEjtwlg8rPKRthH0CO52S0k9k/QchHDG44Q7h8YANGDuMo4xgHCRAHIyuKDYxCgAbBIADhdSUCykJcJAGSuFwaos9SPRHGORF2ojTHMgj5gAc4UCpq+wwg1NZ+SgunJJctNVWezxnmPqGEY7ayQ+o1HLsKHPcY4R5ggVVWGDJ2wFmLxefHYYIDj1Ke/8AS6PFS1tuq7YW+9Rh2umpnEk/U7/RUGvXuTv6pjmF+55RI2EFJlOVgPXY9rCitjI3T2RZ5CkNiwAMK4rnIuU8g2NIw3CktZgcJNZjsiADC0RQqct3A0A5XT9K6cBDc7nBRApDHHdNXTyuKBp4GJwGF1PULUmhiSWMLmVCm8nCMd0F8hOwCeRJMQGDj3Rm0hbglHGOQ3JIjxU5ccuGykP0xt0gLrnCIYA5QHOdqRtYLb3HHOc52UQfRuEmtBGSE5B2WBIyV1kee6eRhda0pmzjJTeBBrRwF1JJDjBMpnCMrhbtynJKYJgA4EE7IamOA0n7KGSM8oCxuCuHZEOlAckWSwGlkbI7G2FCleiyyjdQpJOwWecsLBphE4525OULcnJXMku5RA3bhIw2OOADHCfgLqYrIJJJJQgkkklCCSSTvpUbwRvBwDG5Q8j1SPdMG7uUtvcyuwkbNTlZUsRGDhR6aHgkKyiaGjZPhHAq2WBzWho2C5UfSEUnCjTuBA3T0I7AOe4ncpqR5SVh5wJdf5iACuLsbS4gJVliijRXW7pbYnWxbjK3/wAO+l3V9V89IzyRnAyOSspbrdNWzMgp2anu4C+guj7KyipaanZGQWgFxA74XIvt3vCPov054iMpqyS4RpbLSmCmY0jBCret+oHW6idRUcmJ3NydPIBVtcq+Kz0bqh4Bxw3O5K8suFdU3OukqtJdrOd+w9FksnhHvLJ/0ohUlNPWy65QS5xyd9ytZb7fHSxhzgC4j9FW2yFzcPcMFW5qQxoB9Fkm22FXXzuYKtrBGNLTuoFNDJV1GkbkpkznSykjutP0zZCG/NzN5O2dkrLN1cNzLS0W4W2l0OwZH7uKtLbS6nSV04BAOGg/5rjotb2tA27/AGXKydzGimhfjbJVG5R2RwjlZWxta+Q7NYCV57ernLWzlvieUHYeyt+qLmIovlI3b4y5ZSBjpiCe5UETlueEWNnt5qalokZloW5poWRsEcbQ0DZVVlo/DiY9zBkjlXZcIhjG5Wa6xLs0aen2dkf4bcDuFCjjM0hCU8+pw5VvZrTK9wqHEBvoVz77cnVqrwT7VbBC0SzMGcbBK41uomngdjsSplwqBT05wfMRgKroITWz4kyfXdc+yXOTdCJZdP24mQ1koyOBn1VzUTGMgDulrjpYA3AaGjAAQKWKWuqeC4f5LmXSzLJoUcE6ji8T+aW4xwu3KtjpYHFxwcbI8r20rNIAGAsTdbjLWVDv5nlHAWaTyF0Qa6pkqpiXvPt7BBii8Q/6rjvMco0R8POpR8EJjAyNga1oGE1zi/ytCjSVO+AFb2u3ljBU1I2O7QUDYyPY6lp3U1NqkwXFXNGyOKESnYnfJUSkg+Zl1OB8Np2CNcJMaaaL6j2Cz2GmHQOOGS8XAMfnwmHstWyKOJjYomhrWjAwoVotwoYQ5xBe7khTycJQXXItmgknZefdX36aqqjRRS6YmbEDurjq/qN1EwUFK7Ekgy4g8BYQeJI/W85c7ko4QyZrbBzGcbI0ceTnCcI/KFJo4hI7daElFCkshrfROe8P7D1VzGzTjZMgYBGMbKdSRa3B2OEqcsmiEcBaOEBwe5mfRTxxwlBCCA0DhBvNdFa6M1D+WjYeqBLI2UtvJUdVdQMs9N4TT/NkBwO68zfPNWzmomJOTtvwpF2r6i7Vjqid5dknHsEKNgADWjcrXUlFZZzrpfJIfHE6R7YmDJccLa2SztpYxhvmxugdO9PjaebBeRkZ7LaUltfI0CJg29Eu+1RWBldXsj0Npmq3hjW4Hcra2u1wUkTGsYNWNzhDtFvdTwBrgNTt1bwxlpxhcbUahy4HrgfFFx5cY91MhjAGVyOMEbozGYzuufZZkqTwdHKO0DCCAcow4WRvLE2P9D0kkkwWPSSSRkHpJJKEElgpDlOQSltBbwJCRUJVEFDEkkkwYJJJArJ46eEzSHAaMq0slpZM9111H/A7ZMIv76QeHH9ysf0la34fc6oF005LiT/kh3Gpm6x6hBaT8rTuwR2JHK1UUTIWCOMANbsFvohjk1QjjkcdhlY6/wBydVzup2bNZsr6+3RtBSlrd5JAQMdvdZa3076uowRkuO62JD0TbBbHzSsBZtnLit/BE2GEMaMYCgW2gFHAGAebklT2+UYzlJtkAhAEuyitGBhLAzlPPCySYUXyAcCcAHZOjbgbhOxklOIwqSGPoadhlQLnWOgpy6MDPCmyyNijdI44DRkrFXW5vrJiGOIY3bZPh2CQ5pZaqcvkdklWNugDcnHZQoGGQg8hW8EfhDfutDWOQidB/LbglRq2d7yII3YJ5wlLKWN/dct0QmcZ5G5wdkQyAekgEMQaDknclSRvld0gcbLhOgE8qDQFQ8MYSDuoQcXO3RKjVJISDshuIaCE6pC5zwKadkLcuIHuvPuo7u+pqHwxHYbErQdTXKOmi8EO87h2KwUtQHE7br0/jNIn97OFr9ZjMECGoHfddc/SMnfKc3fcoL8lwwvSxjtPOzk85CU1PLVyiKNu61NNTikhEY3PdRLLb30zDNKAHPGw9Aps8g4CCw1014jlgKmqMbSQqZsfzEplkzknlSqp2t+kfmhub4YAxyFSY2SyNfG2MYaopJLsI8vlJBKZSs1O+6bFfsANTU+pzcjOFatAiYNuUOCARtG25T5MndRxyy00hY7qquteAPCiPGxKNcKt0MJDDjKzs9V4jj3XR0emc5I5Hk9d/Hi4oDNKSSMkAb8rzr4gdRyOay20kpa05MjgdyOwWm6r6hjs9E522uVpDd915BNUS1kzppnklx7r1+i0ir5R8U+q/qGSTog+X2RRFlwwM5VrQ0TtQOnGy7Q0BmOst2CvqeBkLANPAXbqp9nyqywZHA2FgAYBtupdtpWzzh020Q5d6JQwmpdoaMNbyT2VfdLnLUyCw2HeU/W/sPdaJYghMIO2eAl0rZOqrmOmbO8mnBHiPAwPuVrKKigs1vjooWjyjzH1KjWK10XTNCKeBgdO8ZmlJyXFNrKnx5PKScLDO/DPdeL0Maa8xGXO4x0NNJVy4wwbD1K8kvNzlrp5ri7SGt3aHHgLQ9b3oyyC3QP8rfqweSvPL9VCKn8HVku5C4es1f3OCO1OrbW5MpZnOuVz+ZmOrO26tHtA3AVXR4yD3VmRlgIXMk3J5ZzlPLBOGDgKRC07FB0nVlTado0jZJka6Fulg6BgFKDUHbp7gABgcpR4BWWxZZ06+CYzspAA0qOzspTfpCE3QWUQqpuW4wq1wxqH2VzM3LTt2VRM06lSYq6PsGeUeB2lwIQk5hwUC7Ew7LSM5HCiVbcjKkU78gbJ08eWrTCWB847oYKVzck4C44Zbj0R5W+fJCCdinxZxNRXjghztOUFpLXKdIwYzhRXN5Cajl2xwyVSPBOnvhS8EBVNO4tkBzwrhjg9ocByhkjVpZbltB4KZJGCN9lKwEtIOyDo1ygpLBUSsLHbBMVpNTjBOlV0sbmOO3KOLyc++r4+TjOdynuaHDIUd+cjBRmHbC1R4MMlkew42K5IzHCbpOc5RQcjCNSyUiO074xynhg57pTMA3CZG/seyoYmFAwpVOAc5Kig53CPG7TuoWnySXsB5UaSnI3apAOUmqGhLKITozg5UNzXAndW7o24ONtlDcwDKCTBlHHQSjqvKGOCssB7A4bKhJwdtsKyttWZMQSOyQMhBwg6pZe0M+HbGn91Emi0/hVq/GPpQJIwVB06d3RU7g8I0buAE6opzyBhRBmJ3G33TKpYOfbW8k141DYpUszm/wAsprJtTQCE6UbhwC0RliWTI01wWDMPATXtwdlFpZ9TtB2OPVTQM/ktakprKEtYBsJyjngIJBBCNERgqkUL6U1zQQSnE5XEzblF9ESWIZ2CBICzGysJGbZUSRuocLLZXyOTwCac5THQh49F0NLXbcIoIHKQ0UnggyNMZxhcDyDkKW6LxBkb4UcscDjCU/tY9NSC01SXOAKnkBzQc8qqYMHPopVPUZwDwnQnnhgzr/QVzC3GlHimdgArowQhhpDsp6WOjNKOSU3cLjm7YTGuA2XdWU14wUhjo+ThB3BUvGyE6HOdlnnD9EaOMftunmLxMEfqgaS057IjJOxQKRW0JTVk9DP5iSz07LTQTxVUQkhOQefZZshsoIc0INPWT2mYOBJjcdwnV2NCLKt/XZqnQsfnP+Si6JaR4ljOW9wjUtXFWQiWJwOe3oUduDsQtEWmY5pxeGOpqyGc6M4d6KQWZyqyooHMeamlOHDlvqpVuuDJh4M3llb2KYmLkuOAjodRxpyFCr7S17PGhaA8eiu2hpzshOZhXKCYCnKD4M7HK6NwZK1wI9VNEjXgbBTaijjmYctGexVc2mmhfgtOOyVKLHxsUux74myN0vYCD6qnrrSYh49PnbkK8aQdsIwjGMkc8pWxDY2OL7MrDUPJAcN1MLA7GUe62nBNRTDB7hVkNQ6M+HLnZVtNKkpLgkTQjGQ391Cexzd9KtWYeAcbLktOwN4CFLJFPaU/nBRhJnYhGkpyM+XsoxacocBOW4K5rXDI/TKjujc08IrHFpCO1zHjBCGUdxZEa4j6gih7T3C5LFxgKOI3NPol4cQyQlt3Ge6aDgbldVx+4jL7prre8dLVwkhldJRPPniO+n3C9ms94sHXlrcyMh0hGSx31N9wvnsjKlW+51tlrIrhbp/Cmi4PYj0TVFo6ek8jPTx+KaUo/o9r/hM/SsrXhvzFASRJH6A91X3axwyZuds80Lxkgblqk9F/Ea3dTn+G1WIa1reHEaZft/0WhNB4G9NH5D9QPBCYp54O5DZdFSrfHowdLNLSyiSJxBHPurVslDc2mOrja1x74Ui62Y5fV0bP5Z7Kgmhe7YAg90Eooji48Fd1F0pLRtNXTOEkROfLyFQMzwTuFtqK7Op2mlrWa4ztk75CHcLDb6+M1Fv2djJA7IJQ9GOcIrmKMerCw9RXnpa4MudlqzDM0+5a77juotXDLRyeHKwj3QT5gs06d4yi6dU1OttNH1T8OvivYuuIBSTTMprqxoDqbOXSnuWj9P1W3LPRfDrRJG9ssT3Me0gtc04LT7Fe/wDwz+Oja8ssvW1S1tThrIKx3Mp9Hn143WCynY+D6Z9P/VHzy+HVLD/Z7A6MEFRjGRnbCn6c74TXRAtxhIcsHtZWKXKKuWFxOpmNQXaate1/hVR0u9MqU+HDsgbFAqKJlVCY3Dd3fuFSbFMlOY2Rha9jXtPYjIK88606DBa+5WtpySS+MDj7LWQV89vd8rWtLmt2a/1CtY5Y5Wh7CHNKbGbRh1enr1MdskfL9/6aDnOdNCQ/G+24WCq6aooZ3ANIbnYhfXXUXRdHeHPqIomskI7bZXifVPRstJVyMdAWjftsnKR4rX+JnTlwRgrP1LUUEzXOcSF6v011rR1zGsdPpeOcrxy4UHytS5oBA/yQqeqnopGyQvLT7FH8zyciubg8M+maatEzBhwcPZTWvD+F5J0n142d0VHUtLX8Fx4K9GpazWAQ7IPBBToWJm2FsZIuA0AcjdcDC7v+ajR1GcKVFI13PdaIWbWHOmN0cSJbazx4Pkqv6h9DihRXKssM7JY8ujJ3AKY6PJBRGPboMVQ3Wx37J7t3rDPL+R8DF5sqR6Hab7T36jY4PaXgbgndQKylkopHPbvG4527eyw1Mai01YmpJz4Z3AW1tt8p6+ANnIDyMEFYNTWpIy+Nd2lmolVW02JBW0R0uHIyrGiqxUwiQ41DYp9TQiNxfGQWO3VHO6a1VIlZnQ8+Ydl5zXaL2j6d4vyM44yaWF5k47KTFOR5SFTsqHgx1EL8NIzj1VlC4PAcN8rzeo0rXaPaaez5I7hXKgbWM8Rg82FkLhRTUz/EjBBbvhbuKTw8AjKZcrbBcKczQgasZx7riajSbujaujG2Pqmqt9WzL3MwfVe9dFdd27qCAWm5uHiFuGvcvn+52hk7QxkjY6luTpO2UCw9Q1NtrGwTuMUsbvKeMrBsdTwY9Rpo6iPPZ9O1tmrraTLb3iWF2+nPCivZTXandDPGA7BDmkcKu6E6/julOyjq5GmVoxl3daO6Wvz/AD1CMEjLgO61UtvBwbFKmTjJHx//AGm/7ObbjHVdX9O0wbOwansY36uV8YljonujeC1zTgg9iv17lMdU3wqiPB4IcNivj/8AtQ/2aZRLP1n0nT7Oy+ogjbtn+oBev8X5L45KNh5vzHiK9XW5wX3HyQxzc7EKQ1VbS+GQxyZBaSCD6qVFNsML3mntV0NyPlGqpdc3H9ElGHKjAg4wU9aTL2ShwuoQ5RBwoZ5rHQ9Oa9wOQd01I7pdsU+ClnJorBdyx3y87s54OVrYZtQDcLzGF7o5A9p3C3FquUdRAzfL27Fec12j2/ej1niNdu/05mhieNiQoV2gwRURDBB3wiwvBH2UjZwII2XnbI5eD1+nt4wSbBehIBTVDyHdiVp2t2wSF5tNqoazLR5SchbS03NtRSx6nZcBgrm3afnKPS+O1m7/AE7GXTDpOSry2V+SGOIWb8XVjCkwTeG4En91zraj0FNyXBsnOEseQQchVdREWvyAnW2uyRG48qZUQtk4WbGw3xlvWUQ4D7ojwCN1EBMdR4Z4Uku14RxkB+XBX19O2QEAbY9VkrvQMwQB3W6kiz+HP5qpuVA2Q62jfuujprtkkzma7TKyGTyu82rMLsAuK8+rqcwVBGMAnIXt1xtoJwWDC856ksj45Hv0ZackH0XrNBrk5YkfMvqLxUrYfJH0ZJkpjcMKdG5szN8AqslaYyMo1LN4Z3Oy9PTasHzacHF4CT02k6gFGJOeFbRaalpwNwFDqafweRhMnDeskO0c/hvBK1dnufh4GVijkEEFWFBXFp8y5up03yLBv0WpnprN8Geq2i5trWmCcjYbEqVploJhLETp52WHtlxxjcg7rX2+5mWERzYdjuV5/UaXbwfS/G+Qhroxbf3L2a2gurJYxI0/ceiuqKtin8ucHHBWJh/luJj2BVtSVbo3NeBuB+q5F1UY9HrNLqsvZYw/UXTzZw6ogb5uVjmtmo5iwg87gr02lqWVkehwwQN1T3jpplbqlpyGv9D3WZSw+R2r0inmyozUVRqwW7ZWmsF/lpnsjlftwCe/sVk3wS0kxp5mFrm/ujxyHAQWVqxHPovnVNNHstLVioja9pBDhnZSRMWjLR+i806d6iloZGwVDyYzsCey3MFUZWCWCQFpGVytTpD1Om1imk0zUWy76sQT/kVatkD+FjYZi0guG6taS6eG5uokjuuRbRzwdeq/cuTTMLiN0N7dKHT1TJWAsIIKfIdZACzYaNK5JFPVysIjc4PYdsO3CzN96Rntta7qTpiYRzHzyw5w157/AGV5xuiR1JyA8EgFMhNx7E3Uqzlkbp3qalv0PgzN8GsZ5ZInbHUOVNq6CUglmFTdQdPR3BrrjZyaavYMjScZK7011c6QNtfUDPlq2Py5dxJjutsLtyM2yS/JclD158PbT1xapLXdqcNJ3ZKG+Zp+6+QPiJ8Lr/0BVkVLHzULnHwZw3ALV9+1lNrZ4sYGCFl+oenrZ1LbZrRd6Zs9NMMOY4ZGex/Jek8X5uehwm+EeX879NaXzEPv4n6Z+e7XIoeF6j8WfgZdei6mS4WWIVNsLs+V2XxA8Bw7d15McnGF9Q0Pk6ddDdWfD/JeH1Hi7XVcv8P9kjI9Qng4OQVFaTnlFaThdFM5E44JOsp+r2UcSdsJ4kz2Vi2g+R6JavZC8UeiXij0UyB8bCJJiShNrYTT7pafdN1eyQdjsjjJIOMMC0FO0+674u2zUzxHE/Sn9gSQ/B9UgMd10PyM4XQ7HZRJFCGR2Xd/RdD2jsuiRo7I1go5oC6I907W3HK61+DwrUUVJ4EKbIz/AKrvy2P/AJqOH7cLokwc4RqKFOQNlOc4wiim4OEm1LB22TxWQ9jumJJA5ZzwMbYT2QM9F35ln4Qmiff6QmxaRWWPFM3nCIIWBcbMHdkQHbKJSX6KyMDcDCXlRMFdDSSmpICU8DNJKc1h9EdsI5IRAxuMYRCpzyBDBhdDBlP0+66G78oilNCDU4NARB9P3TQzJxhFkW5DkMMceyOGd07UAMaUeSsgw3PKIGDCQbuihoA82yNJdspvBHMW4wEURkDOOUyWspIBl0oJx6qprL8BlsHqlW311+x0a5z6LkVENNvK4A9lXXK+lw0Ux/dUc1bLUEmR5+yih5OxXPu1ueIGmFCXMiTJPNM8ulfq/NMBHqP1QtzuFzJ9Vmdkp8yY1JJ8DwMpLiSXjIx4SDJAZK4MngIkbcYyE2McAOQgMEIzWHAK61hJypDIvfC1QgLlLANrSPzRoIjkHGyKxjcJ40tOy1QiIlNsIyGPAJHCeAwcYCEJdsYTRknKYkIbyGT26nEHGya1hICO0NZjARgnWtPcJ4wltjKGXEE7ZwoRxciRkKFWVQYMbJlZXMpmEuP5eqxtzvrpXHDXA9t1m1Gphp45Zr0+m+Rkm+dQA5p4XHPBIKzb5fEOSEiDK8n133TQ3cheR1GpnqJ5Z3aKI1rg4uEjCfpz3Raehke4Z4WGx4NsKZWSxEDFGXu4yprKcM0khSm0kcTAdO/dDlkDsNaNgsc5tnWp0vx/n2dDgwYx+6fFF4jvRcpaWSok0gYxySrujtpO+MYSzq0UZItLQnbZXdutxnlbDpO6lW2yz1EzY42fc+gXoNh6dZA1kj4gceqOMcnodD4/dyPsNjht0LT4Y1kK/bgMwBhFZHG0aWsAATXAt8o7pmMHotPplSsIF5nuxjlT6WmDWDPKDFFjzFu6lR5BAUfBtqjyGa0ADC6lnbK6Bk4QqWTbGKQ9mTnZGDc7oYc1m5QZagyeRmw9UMpZYZ2qqtIMUW57lCpqYAiaVuT2BXYocnU4KSX7YwgTwQfqHom+JgKMZDlN1E7ImwZPAeSoPAC4Mu57obGEnOP3UhrcIQGzrWeqLEwasrjG5zuisZzuiIEaBpBxwolQ/IwjvkETSVXSudI/bZNBmxOLnPCkxRE9kKni3GQrGJrQNgjEuaiFooQCCVYuq4aZmZHYwFVy1cdIwvd+QWWud5nrdTWktySPyRFS1CSJl46gfUFzYCS5xIJzwFVQMMhJdymU8erluVPgi8wDW7lRvJn3Ob/Y+lpDtstt0308GYqqoav6WkbIXTnTuS2qqm7AZa1bOlhIwA0ADgBLnPHB6Xxvj9uLLB9JD4eCGAKYMDGdkmaY250grmg1DtOnA7rJOe49FGHpApp3SnwITn+ohHpLcyAeI46nu3yeyfBFDCctZkrs9xghGJHAJDZpjHgLJK2MZJVdV3hjRiA6jxgbqNI6queWwAtiO2r1VlbrRBRRjU0Ocd8kJcpbQ4kOjtctfIKiuBLD+HKvoYaenYGU8TY2jsNl0DAwE4sc4ghZ5zyGkdc4uxgYSwfRGa1rG5chy1lPCzGS6T+kBA5ljg054TZqylpv7+XT+6iGW5TnctgYf/Omw26la/xZA6WT1echA3uKE+51dU50FupWhp/4k2zU+GxySOE9yrppnH/hteQwfYKcwNaNIaMeiKTlWQbFBT05ApohGPbZSQdhkoQXRnKrIYVcXAV1CQMlkpJICCSTdXslq9lMlpZHZKWv3TSc9kuUEp7QlH9nx+Gb7j90QhunPdc8vZM37L6fln5ojQoficPOyfg9guNB1BPBGOEuZojHjAxrSDkhFAGEsBdSgl2NwD2SPoutXVbjkYh6SS4cFXGOS5SwdTZDhq4XtaNzgKvra9o8o3TYwMGs19Ojrc5sJPVBueOFVVFeckcoU9UXk4yochPqn11HzLzH1FZqJONXQ+Sd0p9EGethpQTK7Gd0Koqo6WMySH7D1WTuNykrZC52fYdgilPZ0efhGVzyzt0vE1VUO0POjOPuoWS45IwUIgl2pSY8OAwOEpzlN8m2MfjRxrPVSI4gDlKJilRMPKZFAyYxrSCAApLQNI2SaweiQBBToxFSlk7gJEgJw+lBJOeUYIyaUjYBDY8lEe0OxlN0+6gQ5JDJwlhztwExQyQIkuEgcpHdRrBAbnZ2ASbG7unxsOckcqQSzA2VpZJOWAcbNODwiySN0AIL3A534QWuJOSVOgY5bE/JdkruMHICIGjG43TSCTsqzkJy2nd/RIDC6koogqz+wk7ASQ3JgLeTucrqa1OUCTYkkkCeYRsLhuUEpbRiQ2onAGlpUYB3JP5LrQ57tbynPIAACzzmMSyNc7HdRpHjGM5XZXjB3I2VdLJ2ykWSNVcMnal5JwFHIz3Ti/KfFHnBwkS5HrEQbWkHhSAGtZnGcp2hoGMIbvLsVaWCMYeVxdO64gLHpJJKEEkkkoQaOU1x2TiMDlCKXNldjNW5UiBhLgcIccRedlY0zAzGoI6o5YM5YCxM0gZG6kM7LgA2OF1bUlgRP7jr3AN5ChOcSSMos5O25XEKDhEEnnlMTiVUnhEZ0DPdS6WnI82nJQYYjIQ7lafpayS3W6Q04/u/xhczVW+j1HgvHfLNWWezW/DbppxlFynZsR5Rjhex0cDKWmDneXO5Psqi126CigZBAwBrAAo3VnUDaKkNAHkSSNztzhc5yy8n1nS0R0enUImf6wvzrnWCCmeRDHlv3Kh2ukeQC/bPCiUVK7PjT7l24BWioYQG6w0bJM5pjoRy8sLHAII9TlXVlQSdLcYU+4TYh8MDCq6OmlrJhGwZ9SkPo1KO7hFj09b31lSJJG/y2nP6LdRODAA0YChWyiZS0rI2tw7G6n+EWDUQls6FcdscHZqlsMZcThx2AVNXV4oqZ8xI8R3055Up8gneXfgYCshfrh8zOY28M2Cou6eyJWVLpaqYySvLi455V1Y7c14+YkZlrdh7lVlvopqqUNaNu59Fs6Gl+WhZGG7AJc57ULpi28smMY2NoDRjZMqZNIwN8rskmhuUOKCWunbHGNs7lc2+zJ1qIYJlmoW1dQZJmEtaNh2WmD20sflGwUeipm0kQaG74Ue4VrXgwM5HJC59thvriAmkqK+qDW+bJ29AForfQw0UQLgC4jclV9opRDGJ3jJdwpdXV6RsP0WKyZojEDWSyVFQyFhy4nAAWgpIBb4A07vdu4qn6dpDLK+ulGQ3OE+/3kRNMDXYcQeFhseRyWSv6hv3iudTQSH0c4f5KgBJJJQn51Ek5J3RBullj4xqcNlypkETtAGcJOeyJmsnGEO300tyrRgks/ErksIpssbHRCrkNTM3LGcehKu6iYSj5Zv1HA27BMmLKKFtNTgNOMKbZ6BsrTUzNyAdvdZ5SGwJMbWU1OAcZAQrfTGqq21TgctdsiVZDx4LR9XCtKClbBC31wlSeB5MyAOyq75d2WyjfMcasbBHqqjwRq5wMrzi+XKe61j/ABZD4bTpaAVUI5JZNJEOqqprjVuqpvxcD0RI49ODhKCEDfCOWjYDZaYx28mOTyzoG+FaUVNpYPKB3UeipwXeI4ZxwrGEZdpG2UMpZH1xyGijLnBg3yrulpmsaABj/VRbfSESanDgK2a3TvhI7Hg5iKandMRswZXl3VF/qLrVFglIhaSMDutB151C5pZaqSTScapSD+gWFALimQhlmW6zHCHMaPRajpvp3xnCrqmgY3Y0/wCar7BaH3CrZkHQ05PvhelW6hDWhjW4ACl09iwKgsvJygoQHMiYzc7LW0FGyJrWsbjHPuVFttA1h1Fgz3V3T0xBBIXK1F7ZsikkEhi4OFLijA7JRxjGEdjcLmzs5AnLDHNbgYCIB3SaOyIAMLPKWQc+xBoxwupJIUZ5PLHJJJJhB6SSSMgkkklCBUkkkoUCTE9MRBiSTVw7owh+Wjk4WA+JPUToxFZaGQiWbdxB/D6Fa27XGG10cldUOAjYD33yvMrRG/qG9SXqYHwy7ytd6LRTHLH1xyW3T1uFut7CR/Mf5irjsSeF1zQMAfZVHUVx/h1GXB2C/ZdGEeMGgy17r3Vtyc4O8jDoaPstD0nbXyvNQ4YaDss1a6KS4VrG6SQ45K9Qt8DKSmZA1mCBujm9qDJAYBjHZcLM909JYrJewBJJx4Qjys/5EHrryQ0nGVxUvUF7bRQmFrsOcE2CyMIHUt10uFHDJjbLiD+yzgychDleZ3asn7qTRx6ytcYpFdFlbYS2EF435U8PGAMJkQEcYHoECSYk6WjdMDDtHzUwiH0jkhWjGNjaGMGAFFtNLoiMrx5n+qnFqHvoYNUWomzgYRpnhg5UFzi5xJTIR3MtvB0dyd9lArqnwITJjjKmue1jS5x2WF6svvhaohKBzsCuno9N80sIxam+NUd0iivVxdU1UkjnZBJACrYWOe7JCC2odUyjbOVYBghbxkr2em0/xxUTyl1vyz3A5D4YGApdnovnaoF2zY/MfdRNBqJGgAjOy19JSwUNKNDBnG59StcltJVXu5OTOZC3c+wCgPcXEuXJ5XTSZzwkxpzwkfkbYrasA46fJMrxsMlQ3SCR5PYHAU2vnEUPgsPmcq/T4TADydyrwDkFK4zTeQYCsKGmAIcRk/5KLTQufIHadirqJghjALdzymgnCRG0Ad1ErahrRthGmdlpcNsBUVdUlxwtNMHKRi1GpjXFtgrpV6mYGDus9X1kNDRy1c5zp3DfVT6h5ecHheZfELqBz5xbKaTDGjzkHkr1Pj9Lhbj5Z9TecdMZPPJmeoLtLea99RI9xbkhrc7Aeyj0NOJpAMIUUDpMDC0dsoRDDnSASMr0+lr2nw3WauWpsdk+WyXSQRxwtDWgYG6eyKWombDC3I7n0XW8loam1de+0UZdFvNLtzwCuglsRzs72AvNyfBps1oGuaTZ7h2VjYLRBZoNRYHVMm73nc5VdYLXJBI641e8su4HoFevlbG0vfsFk1NnB1/G6ZzsOVtYIhl+5dsAs1fr7/C6J2hw8WQHSO4Clz1sc0r7jUnw4KfIaD+I+ywF7uZula6YDDBs0ey4Or1HxLJ9E0VDjDBAkmfM90sryXOOSSVlLvI6Wqc0uC0lQABnPZZGqeJKp7gds4Xn5WuybkXrpfHXtQWkGkjCt2/3YKqKc4cCrcAvjaQESeTjaf7mMIBOcKVTdkJrQN+6LEozqURw8hpW7DCFESHhHeMhAZs9Jng6CjyT2fSFIjUaL6ApcI9Ehrk6FMeDkjdlU1QAkwPurpzdjuqytjAOcYKXLhlXwzHJBeMJkf1J7+UxnKowLssaQ8ZKlyDLVXQnDhurGPzNG6dGWDXBqRW1cWDlqh68E7K5qYtYyAqedpjfpI5WiueTn6urH3DSARgqNPH3AUpvn4CZMzIAJTTkX15jlFc1xaSMK3onh0AyVWuiAdtsj00nhOAJ2TGZtPNxmWeCUsFEiwWAp+AlnZUW+UM0BwIKg1VLn8Ks8H0Sexrm4wrXYuyqNsdrM8+EtPC40YOcqwqYN9WFAkac/ZOi8HGuh8ctoQ4xsmDPdJnOCU9wwE6LyZ2IjKA5mOApC44ZVWZ9EGRn1RWHzDCCdiiwnDgSgQUeGSm7hdXWEOGydgphrh0DPBUZwO6m6T6JpY30CDsJ8ldJGeOEAGSN4e3YhWUjG7bfugTRAjYIJIWuOUWNJVCeMEuGUct1DPYKhgkdBJkcFXtNO1zR9lMmyqeVhg5I89sqDUQY309/VXDo9W+FFmhOPpULsqTRVsd4btwpDXNc0AlMnp3E5A4QWO0HG6ZVP0cu2lw7CPBYPEbsQeQp1HVGQAOxkKOMPYQe6AC+KQOYcLTXLazLKvJcmMOGQhaiwrkU+sDKfIA7f0WrOeUIaw8MdnUMhJBw4HlHPARReSCG+3qgSMARl0nKko5IQXN3IIQZGOzkBTZYsb4Udzc7FZbIDAbH+qfLE1zchCcwjcFPZJpG/ZJx+wk8EWRhYdhylE/Sc4zhSnxteMqPIwsPCrrodGe5YZKhqtwHYUoaXtyMfqqkc7FTaeUDAJT4T9MVNchXBwKfGd+U8tDhtuglpY7OOUzGHwIz+yWzzBdLTwgxybcIweDzsj4kimCkjwMjuojctJOFZgAgghR5ID2akTrz0Du5AxTZOCFK8krSHMBChyRkbjZPgn0nSQqQTXsWqot0niQOd4ZOcA8LS0FdDWRBzD5uCDyCqUPEg3AI9EGWCWl/n0zjjkgdkxTcDPZBW99mwY4nYIFVa46j+aw6JPUHCr7TfoZmCOoOHjbPqrppAwc7LTCe/oxyhKt5ZEprg+AinrGnU04DvUK1aA4agcg8KJVQRVMehzd+zu4UFk1VaJQ6XMlOdic50p6QppTXHZeMjxyEOaASDBRaephqYxJCQWkZBynkZVuCYrLj2VctGWbtGyHE87D0VwI2u+oZUWqoN9ULfulWVh/IyMQHDhQa6zQVg1Boa/1CsWxOZs7ZFDA5oS9jZcbJQeUY7FRQSGGdpIB2KkxzCUjAWlloIKtpZKwfdZauoKm11BBBdHnY+yWoYZrhb8nYZzWvGwUSSmwc4UmlmilPP5KS+EOAwq2jm9pSvYRsGpm4wrZ8H+BRJYcfhS5RaHRmmAaRjzD91x8bcZyuuYeyTH4OCgn93DDbAFrgTuuNJyAQppaw7oMlMeQEKjt6K3HAQVxwyELDgd0UEYwryFgA4OY8PjJa4bgjYgr1Pov4pySsjtfU8oy0YFWTgY/xD/XK8yc1NwBzg/cKx9GonRJOJ9MN0Oa2Rha+J41Nc3cEFVd3scVSTPTOYw9wV5R0l8Qq/p95hrNVTRu/4efoH+FevWy6W+8UrKu3VQljeO3LT6H3RnpK9ZXdBN9mPr7eWtAc3cKva+soJRJBJpHcHuvQ6y3xVDC5zRnGyzNdaXseQWDCgVkMrKIbay23hny9dSsbKRzjGVmrtZprZKXMaXwndpHb7q1qKB0Tsj7j2XYLhPGDDOBLH6PGUDXBmawZkPB7Jkg22OFo7haKaqiFVbwGvO7mDhUUkL4jolaWH3We2rcNrtcXwei/DT41XDpNjbb1Drq6AABoZ9TPcZX0fabtQXughudsqGz08zQ5rmn9vuviYMA3Wu6A6/u/QFV/7veZaJ5/m0rz5HLn2V7We38J9Qur/T1L4/Z9ZuYDjKH4fuqfpTrG1dX0QrLZIDho1sJ8zHdwVeO3Cz4wfQqLIaiv5K3lECspY6mMskH2PoqlorrO/LR40J5AV69nm9EOSHUMKZxyBZHPR2lq4quMSROG/IzuFFu1kobvEY6mnYTj6sbqDJTTW2Y1VLlzD9bP9VY0NyjrMgbOHIPKOM8mSUM9niXW/wANJ6aolmp6Yvj5BAXlF2tnyUhY9hHbBX2dNDFMwtmjDm+hC8z67+FdNeWyVFtLGSHJ0kY/RGec8p4bK+Wo+bWiWF4dE4gjcbrW9OdfV9FKynrHtMPAO+yq7509X2OcwVcRABwHY2KpZonHBCtS2nkm3TLo+hbXdqeup21FPIHAjffhWcNXwRgr5/6b6ouFlqNJlLonYBaT2Xqtm6ot1wY0Nl0u7hx2WiFv7N1Gqj1I3lNWROw17hk+6k4jeNiMFZmGoacOa7I+6s6WtaCCSStCl+jcmmidJC9o9Wnj2TIJpKaQSMP3Cn08sT4wRv6oM1GJHF8O2d8Jj5MV+ig38kTRWy9sliayTBHG6lyRw1AIMYc09iMrEB8kD/KS3HZSI+oK2AtY1w098rHfTvG6ayVReMiko53RNOqI7tB7KdFUOg9weypYrzFU4I545VjDJ4jclcLW6Rz6PeeL1cbK8IuYakPjycbqVTVPgnnk7qjjeY3AAnCsIXagCvO6jRyid6Fia5CXqyw3GL5qlAbKBnZYS92l1W0gt8Opi78ZXotJPoOMbEbhVd8tD5c1tKMkfU0ei5N2lzyMfRg+l+q6u01raepe6ORhwCTyvoroH4jUVXEykuMwDn7AnuvmrqSxST5raX627lo5Cb0p1dLTTtoqxxY5pw1xWT4nWzDqtNHUR2s+yLta2SD5imGzhqGO6qAynqoX2+4Rh8cg0+YZWY+HPxOhqxHZ7rKHA7RyOP7LeXS2tefGgHIyMd1speTzttc6ZOMj4b/tT/2YH2n5nrfouk/3UeeWmjb9JPJC+St4iBlfsK9lPXU0ltuULZYpGljmvGQQviD+1F/Zgm6dfVdbdHUpfREl81OwZ0k8kei9F47yc9M1XNnkPOeFWrh8lX5f+p8wRuzjdSWHUOVBiOj7BSYyCBuvbafURsgpI+Z2Uzqm4SXRLT0Ak7boo5WlSyZ2gqS4D2XVYvODrDg5Vjarg2nqQXDZ2yrmkDOSntOh2eVntqViwzRXZKqalE9BoqxsuDkKyjfkZWGtly0OALitPSVzZWheR1en+ObPfeN1MdTWpJk6sgbUMwR5hwVDtVe631JZKTpJ9eFNZIXdlBuNM7UJY288rn2QysM7NcpRkpRfRuKaqZURh8ZBBUkS4wfRYKx3mWnnEDnZafVa6OfxRlc62lo9RpdUro5Rd0tcY3B2RkLR0dYKmMOJ3WJY7B2PCtrdWaCNzsubdX+js6a/C2svKyLS/wAdvB2QY5jnGOFIilbUR6TyoT8xSFpHBWVcdmx/snR7jdAqIw9uAE6F2poRZADgFMhNpi5RUzO11EC47dll7rbRKXxvjyCt5VQ6hnHZZ6vpS8nbuuxpbn6Z5/X6TdmJ4l1HZ301RI1kZxnUPsqB2W4wV7F1BahURAFgPK8nvFC+kq3x42ySF7HQa1SSiz5J57xMtLPfFHKSqkgkDmnb0Vu5kNXT5IyT+yzrXFpAwp1FWS00gc05Hou/VbuXJ5ba+jlTEYXaSMeyDG4tdlXtTRCsh+ZazJA4VG+Pw3HA2V2RUg9jguS2t9a5haDstXarlnTuDysA2QsweMK1t10MJbqycLnX6dSOj43WvSzUcnqVHcA5ozhW1HKJnNDeSsTbK+KaJpY/JPvwrqlrnw4cCQvNa3RTWZRPpXj/ACsJJb2a+CaakmDnA6RscK+pqyCrH8s4cN8LN0NbBcIBuNYABHujtdJTvD2EjHouJdXtWWesqt3x3Lpk692SO4RmSNoEreD6rGzxyUkvhSsIIXoFHWMqWYOzxyFGudopq1pe6MasJKk0yWaeMluiYuN+cLQ2K9VEBEBk8o4yVR1lDLQTFjgSzOxTGOONirsirEBTJ0Tyeq0VW2rj1NO45VjC4jA9F53Yr1LTua2R+42+4W0t9yhqyGh2l3ouTfRhnf0+rjLo0NJVvhwGuwCVc0tWHgaiMrMgEYKOyofgAEhcyyvB1qrzVB2oeiE8Y4Cg0VxHhhk7txwVPZKHYPYpDWDTlTOxzlhyQo12tNJfIxgCOqbuyUDfKkSxCUDRsVFcailkDnN8p2UhLBUocEag6iuFhrBaOogHwkaY5xxn3WmEdDXxiWnex2rgtPKp3GhuUZhqWNkB2IeMqnIvXSNbHNRRmqtpd9PLo8rRCzkzzrw8vovrhbInDwalgex224zhfPnxa/s3srn1F/6Fgc1+dUlEBkNb/hPovpi13i1dQ04fTyMc4jJbjcfkm1tEaQa425B5C7Oi8pbo5ZrZyPI+N03kKnVeso/NyustVQVUlJVMdFLG4tcxzcEFR3wOh3cQV9xfEX4M9L/ECH5uN76G68mob/xD/jHf/RfKfWXw7vfRVwFv6jonMcRqa8DyuB4IK+ieM85DUfmz5D5v6W/iT+Stfb+zB6xxsjNdpzlW5tFI8DS3B7KLPZqho8g27L0MNVXL2eT1HjLao7oLP+CJgHulj3XX0FXCclhKY+KYHduE1WJ9HO+CftDvFPol4p9ELPbCWoJmcigiMNlGTwMjIRg9BRKPTKXiD+lDwUsFXvIF1hLWEPCRaew/dWpNsEPk+qWSham+q6mqf7KDZKeOUFOyEStAJQJS1Y5UbxD7peKfdGrQMIOAT3ThG3GchAEmeyJqTFZnoXhBY2kbZR2Nz3QI45CcMGpHZHM3dzP3TYywU0SAwDBCIwbhMZkDBTmuDSclMTEzeCSAMLuAmh+OyXiYTk0zPJtskbJ6jNJzuThED245RkwFSTfEZjUXbBCNZTAbyboZTjHsnxuXRI0+6WgqHJdqePgg/moU/UHlwxyCWojH2SNFjL4HGUB9VFEMyHCzMl4qXk4dhRpauplGHyJM/IRj0Ojo5vs0k96powdJycKpqb3US5b+H7qqLS7krqx262yzhGuvSwissK+V8h1OJTclLBXcFIbcuWNjFR6FkpyQZlEbGCMkK0iA08NJ4C6GkndFaAUxZA6G+66xpTxFkgozYxgHC0VxyLdgMMyitj3ynBo4T9IWmMMdipSyOZGMb4/VGaWjjH6qPk5wihpA9UxIjf7CB3YFdGo8prYnFwOFLEQDR6rRCLYlySARxHO6kxxA42XAwgkYyiMY4bpywgHhoKGAcJoYcg54Tw0p+gIHYkFVTKfQJ+w5woFdcoqSEvkx9vVcu1yhpmFznbD91jayvkrJi9ziR2HosWq19dUcnS02glKaTH3G7S1jjpJAz+yrXDVyUUt32G66Q4cDJXlNRqZ6iW5ncjo408IAG4BA7obI3SO0t3Kn09BPM4eTynlWbKGnoQHloJPKy2TUUb6NDOfLXBX0tu1DXK3jhSHuip2ENdgrlTXHOiAqOyCWZ4DmkgrJK3J1KtNs/BHDUPlfpJyCplJQuOHkc7qdQWZmA7wxn7q/orU1zmhoSTqafR739xWUFDpw0t23WktdmldINLCB+qsrXYWggys/Za+2WrwQMNAAV4Z3tL4+OE2RLFZTTsJ9Tk5C0zIwxjW+i5G1sTQNK6Z2jtlFnHR2aqVVwhDuF1rBnKA2Qvlc4DlSIwcg8KOznBurjkMzS3YNRGNHI2Sa3Yb8IgOOymcj4Rxyd0+64XY7Jur2S0+6mP2PE55ccBda0NGcJBobymPfqRBDvFxthDM4O2OUJEIyMKs5KTyO5KLHGdjhMii3yApjWgAKmwRgaAn4C6jDdRLJYyMHcpzpPCG4Ti5sY1EKFU1TJW6Ixv65U/sBN4OTT+I/DRsuNZjchMj3I2wVJwA0bphknMazZOkq2wDcgqLW1sdJCXPPmOzR3Kzs9wmlOXO2Kangy2WEm4XGaqkc3OBnso8bCSmRMc85O+VPhhOQAN1ecClFzY6miOdIG62nTnTu7amqb7tGELpzp07VNSzOd2tW1o6Uj0wk2Twem8d4zbiywkUkDQ0DGwUxjQPpGfZBA0tDWjGU9jSzclZZSyemrjjoJ4T3Ea9m+ie5wiHsUCeuZBHl/PYd1X66yvf4TMtYd84WeUsGuKWB1ZcnmUspznG2R6o1LZ5aseJXEjO7QrGitUEXm0AuwpzYyOAl/JgaNgp2U8bY2NAAGNkXSXkADGEmnC6XhgyEiUtwUeAgjDRqOwSMzfwHJQtb3fU7KSAYhOlked3JrWjOSN05LIHJQkESTuV1qaXtBxkBN8fT/djWf8KhCaEnzRRnD3fkFFaaqbByWD3CPHTtadUnmf6qiDxU6ziKNx9yMIodI4DWU0ADgJJck0QICitI0jcKMiDlUQOuOSb9IScoyDvpS+pc1Apa/QrO85GLCFlJM8TfGEtZ/pRNNlnyCNWUUAYXcBO0+6+on5tFgLqSSAISSfgpIcEAruCk1Jz2t+pHGDZJz2BDjuUOWYMbkbqNWVYj2VTVVcrj5XHBToVnmvLfUVGli4Qf3EqsryCWgqqlmdKTn1TySTl25TRGB3T1DB8y1vlNTrrHKb4AEk8oFdVxUkXiSH7BOr6yGghMszvsO5KxVxuM1bMXF50ngIZySQmqpz7HXO4yVchAccKKzOokpgaSeFJY3UBthZ3mTNsY/GIM1EeXdGjZhdYxEa0kpkIFTnkexunGBypETdhkJRNG2oZRQAOFojEVKWRDZdfhoyuIUsueAjKGOmIOMJmc7pHnOEt/srwGkjmr2SOT2Tg0hdAORsjUSnJLoYAcp4xjdEw0N4QQ0k4RYIdcwuIwnNjxunsbgbpPeBsFHxyyHQAAgknhIklJUnuKf9xuSV2MH0Tox6ovl7K0i+gaWAunlcVYwRrIkkkkyIoaknJIiDUk5DlkDQglLaOSzwNmmDRgd1GaDId0nHW7hdJ0gLPOWR8YjXjGAhyOw0klJ82nJIUKefbus9jGQjlg6qU5wP8ANQX59USWTJyQhsaSVmlJyNkYqKHRxklSGnSEmNawcLgdudlaBY1ztRXEklCCSSSUIJJJJAEJd/CuLjnADCqXRTOSDVuELT7patyjxN8w25QRg5spvCH04JO4U1nZMiiAbxhFa0laIx2mecshoxtklckkaBjI/VcGzM5xsobidWBvgppIrIbG/KS436QkTgZRBCPC4I/HeI2u8xTDISMYU6ip208Wt+S9/mOe3ssups2x4Oh47SPVWYXokUNK+Qx00bS57naRj1K9r6L6djtVBG+SMGZ4yXEbhZD4edMOqJRdqkYjb9LSNyvVoWeE3W4AAbriW2OTyfWfDaCFaUn6CVtdHa7e+oOA8Dygnk+q88nnnuVW6eZxe5xySeyn9R3l1zqfChyIo9vuVEpNJ0xtABPKQ+jvylueCbQ0zp5AOzVcktpowMbpUtOyCFoa3BxyVDuE5a/AJKQ28j4xwiHWSvll0askrTWC0GmjEkgy47lVFlt3zdR40gyAdittTQEEDsqk8GvTVZe9hIvJgkZQrnVOETGM21bFSntDW6j2GVQzVL5RJUE5Y36Sltm3gj3u4OoqUQxEN1jJPdZSCM1M2lx3K5c66etqiXuOAcAZWgstsYwMmMeT7oJSSM0c3Sa/RY2S2iniDtO5VwQ1jMkLtPAQ0eXAUO4VII8Fjt+6yXTwdGmpIHNIZpgxnfYALS2m3Cji1yY1u3VZY7Q9721Uww0b791c1tQIxpC5d1m7g6VMUjlXVBg0g7lBt9Mx7/HkZkZ290GKJ1ZKC53lbufdWbdLQGtGAOAsU5YNkFxwSnThrcNaAFXundWVTaaJudRwnVk3hwkDk7BWfTlDBS07rpWDzfgBHZZ7GGSqqrp7LQCDI143x6rE1dW+pndKSd1LvVzNfUuLfpzsqwbrNKIYuSnyO8JuT3XHaGbuOFFllM7hHHk9gqSBbwP0zXCVsEY77n0WroYYbbAI4mb/AIj6lQLPbvlYvGkGXu3U9zvFOAPZBZwHDkk0NM65VenPfLvsr+rIpYRHGAGjbZK10cVDTNDB5nDLieVX3Od9RVsgid7FZH9w+MSTbqbx3mqm8wB8vorTOGnbhDhiEMLWDhoVL1PeWW+HwQ/DnDdDgN8IrOrr0/WKClfuRl7mnt6LNRREYc4JazO/Udyd8o7TkYxjC0VxwZZzbYmjbZSYYXSPGAmRNOfpyrSmg8NvmAyVcpYJGOQtPCGM4xspdupw+Vxc36eEqendM/Qwbdz6K8paRjAGtaNhv7pDeTTBYCUkOO3ZUvV1/ZaKV0MMgE72+X1Hurq4VcNro31cxGlo4zuV5DeblJeLhJUuyGnZoPYKQjkXbZt4IUkstTI6aV5c95yXHlT7Va5rhOI4xxyVHp4NRxheh9JWN9PA2flzvMcps5KpGZZkyxstlZSRsijYAceZ2Fp6OlA04aBjlMpaZxOQ0K5o6XSAS0BcrUajI+EcDqaDTgAKyiYMBMjhAHCkRsLTnOy5VtuWFKTXB1oOQcbIo4SAT0nOQG8iRWISNH3QByERhJdcuIkJaCp6YuuQEFgpYK6ThIHKv5ADqSSSogxJJJGCMSSSUIJccCWkgLuoKm6mvP8ACrVLVl2GsBz7p0I5GwjlmL+Il2/iFXT9P0jyXZD5ceh7Kxs9rZbqKNgG+Bss70nb5LnUS9QVZJMzyWg9h2C2D5CzgZW2qGDRt2gpnd+MDKwt+rn1tX4TnamsPC1N8uQpqJ5bs9w0tWLpI3Vta3k+p91tSwsk7NT0fQktNS9mOzVsG8f6qHbaVtLSxxtGNlMaNyPRZ7Z4GdBU5NTljk8kQ1MT0J5AaSThRLJZyqqoqWIySO+wXn1zrHV1bJId2g4Ct+pbl4xFPA/YZ1HKzoLv6U+KwEPii1kADOVdUdI2BjXuYONgodspH6vFcPKrR5w1aCzk82kaQEqCBz5g/kdgoxzPJpbyruig8KNoPOOUT5CJbBpGPRckcANyujZRawkYwUtvA1LIKd5JTEkpCBjK00xbfAuySRW36tZRULpHuA2JXj1fVSV9a+TJc0nAWp69v5nqDQRP8g2OFmrZRSTSifhrfXuvY+J0Mq18kjzmv1Km9iJdJRtp2BxaMkJSyFpUuoe0DACi08XzNQI/Ur0fEeTk7N3RcdP29rwa2ZuQNmg/5qZcKl390x2Pt6KSdFJSNibtpaqxxdJIXHclZ7JbmbKo4jg7TRnTk+qkhoY3W7ZcibsFHvE74qYaDjPKWlhjZLCK6SZtRVOOoOwUpyC5ozso9MRkvO2QpEUZkeBn9UyKyIbeSxoYQMOIwAEeWTz+wT2gRQgDY4QJ3aRnHCeoFSltId0qnMjDAdOefVZupqMHYZR66sllkc57u+PyVPX10dJE6aR2cZK7fj9M5NM8h5nyEYJ4ZTdYXyS3W8+A4NkfkA915MHy1lSZZnlz3HJJVn1LfJLnVyO1HSTsPRRbRQTTSCbhrfXuvZafTKpYR+e/qLyX83USa6TLG328EAvbgq0P8sALg/lDhMyXuC6MI4PJylvYdrmRROneRhoyodtpXXWpdW1GSyM4YDwSmyl1XKygiydThqPbC0TKZlJE2KNgAaMK5zwsGjT1t8nI4i5wPGNlBukxfOy3x/U/bI7BT5JmQRPlecBoys1VVrKSlqbrNIdbsiMejVx9ZqVFZPa+H0XG4oOtbmfGFkpneWIAvIPdZkNIAGEaLxK2eWsmJc6RxOT6IkzAMNa3leY1NsrJNs9xp6PjjgqLlK2GFz3cAfqsnjJ1Z5Wk6hIZTYx3WbBykQOB5OeZ7Q0e3CvKbBp2n2VGzgq3oDmnbvlNOfpeJhyE5nZdOClGcOCpnXrWAwBCWgAg55RQC4bBDkaSWkLPab4EqL6dypVLjcH1VfHtjdT6THityeyT7N9TwHeCBj1VVWsOMq6Iyd+ygXCHMeoBLyFdHMCmA5QTkHKNvq3XHjYYChycHYnEEKzopCWhVLOVNoXlsnthWngdRLEsFk4Bwz6KnudP/wARoyrruFFqoPEGlaosbqa90eCkgeWjBanTNyAQE12YpSwtxg4UkgOYCOU04coZTiVz2kHhAcHNOQVPkwCRhRZG9wEZi+PaWlBMHwNG2VLVFQTmKUEnb0V+x2pod6qHR09m+OGLAXcZ2SSUH9AZoARnHKrZ6cDJVxIMtPsoTcPeQ7bC01LdwcXyS2tSRTvaY3DblFaMjlS6+jawCUN2P7KG30TVHBy/k3HUsFdHKNp/l7K2WRUk5w3TcpakGmSKeQNPm7qfgEAhVGDkYKsKOpaGiJ5391eUzRXZgkOYEPT7o+QeFzT7q2smmMcoiub7oDzqyCFLkBHG6DoOSQlOOC5QZCkh7gI1DW+FKI5Bj0Rg0d98KHU02p5c0DdV0D1JM0LZGuAICZI0HCq7ZVuINPK7OnjKtGjWduFDo1NW9Ed8QLSq2eAtcSr0x5GCFFqabIyAEMeAbtOrCpY85wVJcxrgMYygTxFjj2wmskOfstELM9nEvr2SwSI3mNwHqpsTg4Z1BVziXj8l2mlMbsOWuE8GOcclo77JofnslE8PGEyRuON1pi88oVjHYYDOw3yuIcUmNiEbOpM4aKG4ycKPJHjgI2lO3S5w3FkJ7d8EfZAkYc5AU6SLPA490BzCdlksrGAGSFOkAfuuPZgZCGx5Y7OFnkgl/YZ4Rac42XWOORhHOlzfdBMZHZXHgvOSfTTjGDj9UV4Dt+FVxSFjsqxhqGvwCU+FmeGLnEWC12MIrHZCdpDuyDgtKYm4gMkx7E5RiA4bHCiNfjsnRk554TE1JCpc8ilhGNhkKLIws3Df3Vq1oI3QnRNwdkqcS42emQqapLHYcMKxje17c5G6ramnLTlmwXKadzSGO7Ic57GPEuUGqaNuvXFlpPYKZbb6+kxS1zXOAOzvZdiLHjflDqaJkjcO/I+iOKdck4gTUZx2yRqYJ2TMbJG7U1wyCpWGPZ4b2Ag8grE2+41Nql8KVpfHn9lq6G4UtawGGTzAZLTyFuhYpdmCdGzoD8vU2uYzUg1wO3LPT1wrSlqY6locw7nkdwmuCE+BoOpmWO5y3ZORjmtzLEM2TuxQ6WfxAIpDh4G6lhgxnCjxIVKW0hSU+ok44QRGWv3VqYgRsFHczUdm8IZRSBVmQDWbcJSU8c0ZZKwHPCK0EEbI7QCOEDryMjNx5RjLn07UUspqaAgtO5Yg0VW138qXyuGxB7FbnQBk4VDdunBUyGroiI5OSOxS5Q2s1w1O7ibK90OeOFElp+4C5T1ckMxpqsFrgcbqf4IkGR98odqY/ftKZ8GDnT+6jSQkYw3H5q5mpt8gKHLB/hSbKv0Ohb+yAx7mHDhwpLXh7d9k10O/Cbu05/ZKawMzuOSU4O7QortcZ3aprJwdiE6SESAEDCFQyXGbXBCbIHAbLpYXbhOkgcw8YTWP0nBCrGA8oaWqxsN+runK1tbQu34cw/S4KIRluQEEvycY4UDjY4PKPb+kuubf1ITTvHgVLRkscdnfZaCqpxMNPHuvnOOWWF4khkcx7dw5pwQV6V0h8TIxFHb7+x2puGtqGnOR7j/VGmjs6XX78V2GnuNp2Ja1Zmst8kJOoYHZegiSKoaHMw5pALT6hQbhbmTNyRumtLBunFS6MJFI+nJ5wUaVlvuTAyoBbIOHKfX2mSNxIbsAqsNcxxxyEqSyAoODyVlxtk9Bh2z4zw5vb7qG06lp6ata7NPWNDo3bfZRrlZQ1vzFvaHtH1AFZLatw6M8kOx3659PXCO42ycxyx7ggnK+kfh78UbZ1hEKOdzYa+NoD2k/UfZfMZj0kAnBSp3zU8zZYJXxyMOQ5pII/NYp0uPR6XxXmrdG1HuP6PtTGdvRcLNsHuvJvhz8Yoq6SO2dTzNim0hrahx2k9j7r1svDwcAhZJRaPo2k1tWsgpVsAWDckKpq7UfEM9G8sdzgHG6uNO53XC3PfhClt6NTgmVttugld8tUjRK3bfupr2gqPcKGOcBw8sg3DwMFQ6atqIJvlqwE42BwjjLLAlD0UvV3QVD1JC/S1rJXDuNsrwDq7ouv6eqpI5IXaWnnHZfVQeDwq2+9P22/QiC4Rah6gbojha7w9OqTceGfHb4cYw1TLdWz0Mwkjccdxlegdd/DaosNVJUU8ZfSu3a4Dhefyw+D9kaeDxN+is0s8SPQum+soZi2mndpd/iK2dPXxSgOY/n0XhLJTG4Edu61dg6rfC5sEpGOASVohbjslWpcHiR7Hb6/QNJIOVd0lTkAkDdefW+5sqmDRLur+hub2ARSnccFaIyydKq5TRqZKeKqb2a71VPV0z4X6Hjjg+ql0dWXAOG6mtkgqW6JQPzCth7Y+igAc3dmR9lc2m5lpFPUH2a7/QqLc6Cqo2mam8zOcY7Ktp6tr5NEmzj2WaypSNWnvlp5ZgbiOQPOxCsYHBoAyN1jqaslhxh2wV3SXGOQN33XI1Wl3dHr9JrozjmRel5YzUFLgq2EAA5yN8qsp6hrxpIyCj6e7QuJZpVng6kbcrKIF3tscJ+agb5XnDgOy8+6o6aBea6gYWuHmcB6r1Js2Rpe3IPqqeppWsqHROA0P3asV2iz0W7P7HnFg6llieKSocWSMOAScZX0T8LfitHXxR2K+SjWMNhlcdz6AleCdZ9GPANztoIc3zOaFS2a/vlIppiY5o9ucErn/BKp8Ga6qOojtkj7hqKGF8hkHcdlHqaOmqaaSmqoGyskGMOGRheQ/C74yQwiHpvqioAiwGU87uR7Fe0ERzMbLC9r2PALXA7EI8bjgz086ZuLR8Ff2pP7Lk9gq5+uuiKYi3uJfPAwZEQ9AP1XyyyUsOkj7r9lKu30tdTPpaqJsjHjBDhkEfZfEn9p3+ylUWyep6z6FojJSPJfU00Y/uz6j2XoPG+R/j/AOnYeI874OWql89P5ez5Qil1DjlSWu1DKroy+NxjeDkHBz2UqJ5xxyvaaeyNsFKLPnOopnTNwmiSCiAjCAnjlaDK1kdnCcd0gRjcpqXOO5EQWCVzHgg8LS2i4YIa4hZZpwpFJU+BKH5JA7LmanTxsi00dHx+rlprFjo9IpZg4DI5Uota8bjKz1uqtcbJCdirynkDmg6l5y+n43g+h6a+N0FJFXdKIQOFTT5GTuB2VrYb4HAU1U7zcAldnZ4mNshZ+ogkp6k6CQM5CyTqUkbK7p0zUoHobZc4KkU1Q5juFlrRd3SQBkzsluwKuoKlrt8crl3UYZ6jS6uM4qSNXb69wb9QVjWNbKxr286RlZKmqnAg8K9t9aHnRIdiO/Zc6yv9HYpu+R4ZLp5jG4B3KsG4e0OB5VTPGdQLVJoqktADlnaNOdrDyx6hgqorafB2CvjgjYqFVQB4wAtNFu0z6ipTRk66ja/YtwAvOuqbAXyPf4ex4IXq1dDo5Cp6uhjqoXRvYCCu5o9U4STPK+T8dHUwcJdngdXBJRy+HI3fsU2N2QDhbrqrp1sQdqZkblrgsS6n8I6SV6/T6tTij5F5Hx89HNplna7m+nf4Upyx3qplxtTZgaqmAwRkgKgAWgsleC35ed2AG7FdGN2ezJDE4/FayhlbpOF2JxYdt1eX+yuYPmKdvO7gFQt8pyrbMttUqnyXdouAp3iN7tOrg+611vrTMQx7s4Gy84JyAMq3t10nhAje7OOD3WO+neuDr+N8j8X+nYejQzSxO1xvLSO4K09qukdbGIpsCQDH3WDt9yZNC3xHAuVrTzOa4SROwV57V6KNiwz6H47yMq4pKWYm3Dn08mthIwriirGVLBvhw5CyttvUM7fCq/KRtq9VZsDoyJqd4cORgrz91Uq5YZ6qi+NqzDos7jboqyIgtGVlq+1S0Y8RoJZ/ktbR1rKluCQHjkLtXAyojLcDP2SU3Ee4bzCRzuYQMYWjs94EcjA84PCr6+2CnJDd++VAi1RSZc3IQW1qxBQk6ZHqNvurXuEUp+xVu17SMggrzO3XF7XjLj5ec9wtXQ3dj2gH/Nc23TnX0+pyuTQl+eOymUl1fHiJ4LgNgVURVGRko7XA7+qwW1YOnXPKyainrC4ZBBRnaalulxGPust85LTloadu6sKO7wEYLjnus2x5NEbU+GT56Dwv5tOfMOR6rsF08SPwJzgcEFEiqvFGQuTU8E25jAPqFa4G7VJFVW2GSmkF36ck8Kpi3LM7OHcK0sXXUUzxb73pgqRsQ8YB/NQ3yVNBIHeYRjlybU0Nrv8AGG1DIy/tI3Z36o42+jNZDabOpt8MjfFhbjIzss91D05aOp7dJab7Qw1DHNwDI3JCzlL1J1T0O4UdcZrpb2ned4zknn7LeWq6WPqqiFVQVkYcRkjgg+i2UamdP4MyzirPtkuD5L+KX9ny9dGNfeOky+7W1zj5dX8yIdg7nA5XlLKojAIX6Evpp6LyzRZZ2cAvJviX/Z36d64ZPe+mC223s5dgN/kzvPJcBxwvV+N89J4hf1+zxPlvp3ObNL3+v/Y+VmkTYOAgzUMTsK7v/Sd86PrjbL7SuhnaTjI2d7hQWxmQ4HK9ppNbXbHKZ4bU6OT+22OGVptNMRuEJ1pgwdLTlXPysjd3DZMLdOxaunDUwfRy7fFRfoz81onLst4QTRTR51jK0pYShupg/GoZT1bE51viX/SZoxgcjCXh4Wjfb4SPoGVDktwB2ajjOMuGzn3ePtq9FNoeeyXhu9FYupS0fSmYYDggJ0UmYpqcOJIhtjcniEu7IvlT9TfVN2YF7wXgE/h/dd8J/opBLe4XPJzwi2omGwPhO/p/ddETs8YRvHgG2rdN+YYDkN/dFiK7AwdbCOcIgiwhfONHbCYazG4P7JnyVxBcWyYzLUQOII3O3uqqS4zN8oQ3Vk55dlDLURXRFU5F58y0bHCaKpuVSGqeeShmaQ9yhWqL/j5NI2up8HL0Ga6wN4P7qhDic5KR3UeqfopaaPsuDfAMjUgvvZcCA5VZYnBgHp+iW9TYw1RWvRMfcqh7i7WcFAMzn5JzumBjs8YT2x4O4Q/LN8NhfHGJw6zuSuaXeqMGjHC7gIXFsHKXQDzNXGgk7qRgJYCKKSL3f3GhvskG78KQBjYJItqLyNDBjcLoaAcgLqWCiKEu6vZdwXbp4GESWSm8DQ3fOE4fUFwnCTPqCNIVKWQw4T0wcJ6dB7QDuSn5c7bKRBO+EURk7ZWmMdwJ1jO+UVjDlEjp3HfClxUZTo4QMq5S/EFFECOEZrHHbGykMgIG42R42ZGnSilaoIdXobLOyKIhzhPDAFJ8IYzhCJA7jZInqkuzo0+Lz2M4VTeLzHRtDGnOdiQuXi/Q0kTmt3PG3dZGWSeukL3EnPA9Fydbrn1A6NOihAFX1s1dMSSdOdghsi0gZCn0lmq5SD4f6q4p7I2NuatuFxLNRl8nTo0UpfgZ6KlfKcNaVaU1pDQHTj9VPnlt1vi1RkFw4VJNdp6t5jjJwVhtua/E6kNPXTjfyyXUVVNRtIiGSNh7qtkq5aw4c7bspEVqqqp4dIdgtDa+mKfSHP2Pv3SnJz7N1enst4iuDP01tEjgSr2jtLRsDyFpqDp2nJADBt7LQUnTtMMAsCVhnT0vj7I9met1ha9rW6dhvstJbLFCxoc5uD22VrBb2xs0sDQB7KyZEIWhzsHZGuDt6bTRh2iNRW8NeDpyB68K0a6OEDDQcKM6qjjacD7KM2V8jsZO6PejaopdEqaqzs0ILdchwispy7BIUunpgOWhQ0QjkFBCGbuG6mBo5AXBHghGGCBslmuEODjV3ISQw0g7lEMCLuCkNl3WCBsoGceMoRGBklG15OMLnhF5CMIAC4nGlHjhJwUZlOGgOITi7GAG8IcgnGtDMbI7eNghCMuwcIglIAGlREHZA5XC4N5OEyV4cAc4woM9RrOlnCvILeB1XVOf/KY7buUOCP1C5HFk6j3RhhgUSMtth3AG5KFXV0VHFqe4Z7BRrhcIqSPxHnjjflZqqqZqyUyvecHgIzDZZ6D1tbJVzF5OfT2Sp4XSHdNpItbtxlW1PAGEEjCakLhGU3wKmo3EZDTlazp2wP8ALV1EQxy0HlNsNjlme2cgNaCNitvBTeG1uwxjYDslzs2npPF+P/8AqWIfRU3hsBeBvwB2Vg1oAwFGaCNiuyTNjwDssllm49LGGOiQ1w3LuyjVNzja/wAKFut3ohmomn/lwtw134lLo6COE+KWDUfVZ3I1QWAdJbHzSirrOPwt9FcQwsjA0tA7pgOe3CKx3IxwkSnk0Rg2w7diEQvAGdv1UfUPVcGfVJcsDtg7XvgBOzncpBgO+E7Zo3KrJDqWR6oElXCzbOT6BR/98m+loY09/wAQQby28E10sbDh7wEF1QZHBsTAR3LlyKkjGPEBcfUlSPDYzAa0AKEyD8EPHnCPA1rCMALu2NgnR91ZYZJMXHODeVCBsj1SyPVRvFPqVwyE7boCEkuA7hLxfZRCSTzxymVFTTUkXjVVQyKNvLnOwhayLnbGvssGz57JGp/D6rE3P4qdG2l5Y+6x1GO0B1HP2Wdrfjk7IfYrBk5OmWqJH5gBUZp6yqv2etMeXY908mKNuZZQ37r59r/iv13cTJi5tpg//umY/wBd1nKquulefErbtWTPJy4ulJBP2UwZZ+ViuII+ja/rTpC1Mc6vv9Kx7fwNeHk/oVn6741dHQBgpBWVRdnOiEtDfuSvC9I5O5PcolFQVlfMKehpZJ5D2YMosIRLyN0+iIAn4K6B6pwx3X0nGT4n+IxIcp+n3TM57K8MFySCbEcIetMfKI+VDqKxmMFHGrcY9Tr6tJHdN8EqWQMbtgqqqa12SG4OCo9VVSuPkfgFR2EnOTlPjVt5PnvmPqqVjdenl2dlqHyPJcUi3PKbo904kAZKJLB4my2d0983ljS0AHdQ6y4R0UJe/nsuXG4xUkfiSHGOBnlY243SavnJLiGDgIZzWMGnT1OTyPu1dNWPy52xOwVYOUbXrABC61hyszbkdKMdnQmszjbhHjaMAYSiiJ3KMyMgbdkcYMqc8I7G3PCkxQhMjjwpccewWiMcGaUs9CbFsCAkdgupr58jGEYHYx3dRyTlEcd01WkM3YEku4KQBymx5B3M7gJ5AHZcBGEg0lEQbuTjCfoAGU/S0DKGcnsoQWdsYQiCUUjAzlBL+ypjROdpGAFxrS4hy61hcQT+iOcNAw1FGIEpYGNGBhcyVzxDnGlPa3g4VAjcFcR9IxwgkHKtoM4ku4KWCoQ4uhpKQ5RDgN4RdLIIKXDG5PooTnl5GEapJkHhjuhMh0jdZ5vLNEDibNjAT3nSFAqZtseqVLo0JZGVU4Gwxwq18xccJ0z9ROCgsaSVlnLPA+McLIQNzvlPDdtgutjzwMJ5Axyoo45LlL0hodldXAMEhdQPsIYkkkqIJJJJQgVJJcf9JUCESMHcKISclPJOeUwDJwltZIdY0lwVhTxZwcIEEQyCWqezS0BMriLsHgAAYTxgAnC40LshwEZmI88pHlAQWDJyQuuf5sYTgmYD6HppIPC67goTRuBlBZPYg4x3PAaGF73jA2G5JV5YrbLd6+KmY06A4aj7Kucz5WEbeaTC9V+H/T/8OoW1ko/mS+bcdly9Tbu4Pf8AgtB8TUYrlrk11lt7KCkhpYm4DQMoPVF2+TjbSQuGtw826sZZWUlM6okdjS0u5WGqHS19W6pkds45Az2XOlLB72uv4Y7UNZxqI+paDp61Ag1s7cjOGA/5qBara+4VIA2ijxqP+i1NQWU0YhiAwBhLlLHRpri3yMqJGsAbgBUzWOqpyME5ONt0+ple+TYnAVnYKZ2o1BG2dikyluN9S3dl5aqVkTGxtYBhXLWhowFEpmiMl+nlHmnbE0ucNggfRtWIxwV98rhDEKaM+eXY4PAWbu1c6lpGU0YGHDCJUzunqZKiXYAnG/AVLqkuN0BjJMcflGElsXucngkWS2tqqkyzNyG7rcW+kBHlYNLeAq2gojE/AZguG6v42tgh32wMlIufRroq+OIGunFNTkj6jsFW2yhdW1Je/OkHJ259kyZ1TX1YYATvgDsAtFBTso6dsbR5hyQsVsuDoVxZMbLHBEI2gANGMKqfUPqKkMPc4+yZPVOcdLVPt1KIGGWVoc92+/Zc2cucm2pc4JMcccLAxo/9V1xLMH1T2s31vH2UOpqQ86WjjZZbJGxcBbdTyXSuEe5a12/sFP6qujIIm2ymwNLcHCk0zW2KzOqMtFROMjbcBZGV0k8pmlcS5xySVnctzKlLABjScZTxHjc7JzAAc44QKqcDYBFIpDZ5W5DQMqXZ7a6eXxnENaPVRLfTGeQySA6QVdMcGgADGEqTwElknSytaNDT7KzsVvla8VMrQc7tae3uqmgopqyoDGDIG5JWxhi+XiDCcuAwSs9jyHGIGuqxSRguOS7YAd1FtdMZZTUvGcnKj1kj6ys0s3AOloV5BG2mpw0jgbrK5YNMVhZBV9dFRUznycnhed3WqkuFWZ5OOAPRWXUd1dV1DoWHyt22VTFGcjKZWsirJ5ORxacZCK3AT9OykUlN48mkjICe8RQnGWSLfTHImc3bsrNjNRDWpCPQ0N9FLoaZzneI4bdlnk8s0RiSrbSuY4uI5Vu1rY2ajsECBjWDhUHXPUENst7qZsgE0jSQ3PIUSyFKSjHJmOueohcK35CjmPhQjDsHkrN08Zdk4yo9PqlcXkbuOT7q7tlJ4srYgOU6K2mFzc5ZLXpSyurZDO5mwOAvUbZQilibGWjGFW9OWZtHE3DOVqYox2aFy9XqG5tIZBDqWBoxsrKIAYwhwRaQNkdrSFybbcsaGY0EZKNgJjPpCIs7eWTsckkujlUQQHdEHCQHddRJEZ1yIhuREsWxLpOU08J+PQoZPBRwnKaBhJqIqSyAJJJJEQCkkkjINXDjjKR4QyTnlRsh3B9V5d1dcKnqS/xWOif/ALtTOBqCPY7rZdadQCw2aSWPeeYGOId9RWQ6Qt0sNLLWz58eqdreT3K1URyaIJl/SUkNHAIIBhoTpHBw3GwTmjHfKo+oa90DPCid5j9W/C6VccD3gzvUNyM1S5jT5G+UAeqsOkLaZ/8AeZGkZOQss58lbViNmSS7C9P6YonwULBIN0637INCy3aNIAARI2kE5CdpGxRMD0XLlL9jMiHCRxxlOOwQC7flAWjuFXXWsZBTuDjjIKsjwVX1lFHUjDxsrXZGYRzzNISB3UqnodZGRgK7msTQ8OhbsjxUHhgZaNlqhLgIjRwlsYGMYUSukdGwNbtnlWzgGDcKjqZfHmIB2GyaWSLRTSTSmT8LVoGDAwg2+lENO1gG5GSjnDQTwpJ4DSyNe/QoMxc95LinzyanbHhNyBylxTk+Rj4Qw7Kk6muraC3vfqDXOBAV1NKGA5xwvJeuL+641j6KBwDGDT+eV3fGaKd1iaOPr71GJn5HzV9aXFxc6R2FpIYhBTtj2BA3VZZqMN/3iRu4GynTzg87L31NXxrB5p2ObywdXJl2M+yubLSRxxeO5mXnuVSUtOayrY0bgblanSIYmsA7K7XhGnTwzyBrZMgNCBEMDOE6XLnZwnMaTsBwsbZoxgJwM+izlzqpZagse7IHAVvdJ5Iaf+WcE8rMl7nSFzjkoksi7Z4JsQONlc26maG+K4ZPZVtujEjwHjYK6jw0bcLRGPORKY8jJySqe81hb/u8TsHHmU+uqo6Zmtzseg9VmqiYzSl5O5K6FNTmc3yOsdMXGJEnB8xO5Xm/X3UJjeLbTv3AzIQf2Wt6qvbbXSygOw9zS1m/deKVlXNPO+SV+p7zkkr13jtLiKZ8V+sPNOqL09T+59joI3VNQ1gydR5Wwo4BFEGhoGNtlX2a3xwwtl05e7kq2BGMAYC9FXDB8kvsbWGMlYCRhCeNAx6oz2kblDgikqaoaW5HotKxFZM1acngnWm3mN/zUjcZHlCtHgHGUg0wsa0+ij1s/gxeIuZqrMZZ3tDQ5NRKi/VPiyR0UR3OC7Hp6LI9ZVIY2G3McSQMvx/kr0u8eslq2/S1Y26TPq62Sd5zl2y83rdRuWD6R4zR7YJjqSDRCMDkIcow4DT39VaU9PmnDyNsKBLHl+Vyuz0e1RRk+pyMFue/Czcavepj/P2Kz7c6yojxPknm5slHgYVvazmDSTuqhvAVpaCPG052xwmoxUT22E7BB3KfF9S5INR27JR8qmdqvlk2MAhNenxfSmyDCyzllnQgJv1hSodpWFRO4+6kRu0uylyNlbwWgZtnPKBVx6o/spbG+QboLmpHJrlHfHBm6hojk0gLj2gtGQj18emQk8ILeMKzk2RSk0DYMHCk05w8HCB+JEZ2Ri4fa8lxA7xGrlRGHNwUOikGwUxw1DCYpYOlGKnHkztfTkP1Fv7psZAABKs6+EOBPoqoDQ7crTF5OJfT8c2cmjJwQgOjDmYypjzlo2zlRS4tJ2TTFdHBCeDG4EK7t0/jwAE+ZuxVZJHnflPo5TTzg58p2KgqmfxyL3RsDjlN0+6kMcHMDm7jCFq9lDo44yc52VZO4wVDiG5B91aqFVw6nA43WmrhnM19bnVx6JEMTKmENxkEKnq6UwSkNGysqKUwO/wlS6qibVMMjWjJGcrS1lHm9zhLDM3wiNdgYTpY9DnNIwWoGo5QmhPdHI97M7hALSDvspYIe3ccIbm9wkWL9BReQKfFnWBlNIwkDgpcG/Y6L2vJaxPy3KKq+jqfOGFWIBPC0HQompIdpDuQo8kbQMgKQw5ylIMtQNZNTjlFeRgrjmjG4RntIPCFjCqSyIlEiOh8ObxGjvlWdFVh0gicPzUV4yEJjjC7UBlLk8F0zlXPMTRNbn6TlNkYCPVR6Cra9oPJ7j0U0u1AbITpwnvWSoq6PVqIHPG6rTE5pII4WlmYCMYVZU02dw1FGWGY79IptyIUR3wRylNFjDm8LnhlrvspEeC3da67NyOPfTsYKnqXRuDSFYag8A5Cr54PMHNGE+GfQQ09lpqsUeGY5QbJbmcEJzDjK6xwkbshkFpGVsX7QnAYnCWC7sk3DsHKccadgmYyUDcMKO5uM4ClHc4ATHDy4ASbK8lkJwBy1B0d+FLc05OyCW5B2WK2toYRwSDhF2I5QnAg7pNJykBYydLO6ayR0bxhGyHD3QHMyeFaeOSLngs6epDwBtujviBaCN8qmje6Igq1pKuJ0Ydn7j0TY2buGKtTSyMc0sPCJE8Z3RZIw/do4UYtLDwmJtcCc5JzHZCeobJQBxypEcoJV5AcRPiBByMqBNDo3a1WuA7CHLCHAbbqpRLjPBAiqXRuAcrCCVsrc6goE9M7ILRwmRSOgdghHF4GyxJFhUQ6hsM7KG11XSSCelBy3nHcKXT1If5XDOQjmA4BaOUzP6E5w+SfZ7+ysxHMdLuN/VX/AIeMHnKw89E1zvFi8j/buraz9SPhcyguTDngP9k2uz/nMt9OczrRqom43I3KlxHcKLEWvAcw5B7hSouQVoTz0cy3+4fAIUcs3OymDjCWlvoiwxXRF8FLw/dSNAQDEcndTDDyOXAwDcBOAOU8D1VbMl8roorx0/Bch4sREco7+qzrJKm3ymkqmHLTjdb/AE+6gXOzUt0YGztO3dvKF1Y5HV3bVibM6wtlbqA2PdR5qfPbCbU0dd0/UfzGvfTO2DjvhTKeeCsbqiOSOd0qfPBp3Ncx5RVyQY4Z+6izRnHC0EtK2QYA4VfNRvbkAZSZwyaIW47KbSWnZGhnIwMcI0sGDxhR3xn0Sdm00KakHdG2YAhQ6iAtIIThJJCQAdipLHtlAyN0LWAnx0QI5ZYZA4cDkeqlSwR1MPjUwGR9Te6dNBqHlZuosfzFJJraOe3YpfZM5GHIOHAg+6aeNirMGnrI8kAE8qBUUr6Z+N9PYqmnkKufPJoemOvbjYJhHUNNRS8FgOCPcL1q29QW68sZJRztc17cjfcH0IXz+FYWu7Vtpk8aik0P/ZNTeDp06yUHye9TUsdS0tOMKlrbD4mfAbv3VX0n17T3V7aSsAgqA3ku8r/t6FbJjmPbuPKVR1a7Y2rOTzupp5qeYxyMwBwV2GZzCNLz+RW3uVqirI9DYhk91krrYqq1nxYml7e4AVNZHEert0FwaJYXCKYcHtlVJa+kkMFYzD29wOfdXdHPHJGNOx7hHmgp6tnh1MYcRsHdwlTryMhPaULQ04dG5el9B/Fe4WDRRXSM1NEAGgNOHN9wvOZqOSim04LoyfK5OZIBjdY7NPnk7XjfIW6We6tn1vbrnQ3aBtXQTtlheAQ4f5H0UwHK+Xumeq7p03U+NQylzXbOYScEf9V7l0l8QLd1BGynd/Jqg3djzglYp1tcH0HQ+Vq1CW54ZrXtDuUF9NE/dzQfyRg8nkYTwCeEtrjJ1+GVD2S0cmNzGT+iK2VruCFPdHqGHcFQJ6RkZ1RhUp5eCpR4I9bTQVTPCqImyMdsWuGQvI+uPhQ988tZZmDw3+bw/Q+y9dc7BAcmOw7Hf2Rp5Obq9HDVR2yPka4UFRbqh1NUxljmEjcKPG4ggr6Q6w+Hdp6la+dsYinxnUBtleF9TdHXbpmYmphLoHOw17RkfmmI8NrPE3aebaX2g7Xfqu3Py17nN9CeFuLV1YydrRMF5hFLvxyrCmrHwEFu4HITozwc5XSr6PZ6C9A4fBPkf0krS0tY2ojD2nfuPReO2e8DDXNfse3otZaup2xSAAH3901TT7NtWpb7PTqSvcGCOQB7fdV91sFLcXGron+BUAZHbdRaC7Q1LgwnScbbq0bUCPBxn80b6NsLEzOU90fTzfI3CPw5mnGTsHe4VzSVGnDmo9fQUF6iEVVE3UOHEYI/NUEra6wSeBUNdNCD5Hj+n3Wacc9nTo1Di0bKhuTdhJsVeUtSJAAe6w1HWRVEYmheD+fCuqGuk2DzkBYLtPF/ieh0euTWJmlfHqALUCeIPbh/5H0TaSta5uCjuLZG7bFYJ0nXhYpogOOG+DKA4EY3WC6y6I05ulnGZfq0N7r0CaLfYKC+WakeBIzVF+J3osdukUiZSPLbVdTL/u9SCyePYg7HK9c+G/xjq7FVRWm9PMtI/DI3uP0DsFkeq+i4bnGbvZ8MmA1EN/EsKKieKU0de3RIMgagufZpnHozXR+Xs+7aC40lzpY6yikbJHIMggrlRSxVkZilbnPHsvlL4c/FW6dDVTKZz/Ft0pAnhBxkeo+2Svp3p3qWz9S0Mdws9WyaOUZwDu32ISHFpnKtp29Hyv8A2m/7J7K51V1t0HDon+uWjjbs4b5x6L4vqKapoKmSirYXRTROLXNcMEEL9kCWlhD2gj0K+a/7Q/8AZa6d+IMEnUHT8YpLxEHO2bnxWjseMrveP11lKUWzxvm/BVaqDnVHEz4GY70GUYHKNfbDe+irtNYuo6B9NUwuLS13p9+6C0h41N3C9TRq42RPmOo089PN1zXKO5K4kN+F3GFrTyjI00LJHCWT6rgOUkM4ZDTxyi4s90MDhBM44J8p9FsKCqZIAGvHHqvOfEDfdaKx3WF5aM6SOxK4Gu02fuR6jw3kMP45m4icCNyN1Gq6ZswwW5TaecOaCDsVIc4SDGfzXDnBx4Z7KMk1kooHTUk7mYyMlaOgrdYa0ngKuqqQHzDlRIZnU8ulyy2170aKb3SzaU8owHAgqypZ8OBOP1WYt9WHgAn1VvE8DDgVzraD0mm1CaTNbT1TZWDVjK6HmN+oDYqkoqsjAJVr47ZGBc+yvazrVXbuy1gqS5uDunPAcFURTvik1A7d1aQyiRuoBKb28mpNS4IddSCaMhow4bhUmnS4tcNwtQ7nlV9fQNlzLEMO747rXRdh4MGq07f3RM1c7bBXwujkYCCNvZeT9T9PT0UzpImeQende0ujLQAQqa/2VtfTkxAahk49V3dJrHXJZPKeZ8UtZVwvuR4aGlSYmmMhzTupt6s9Rbah5cw6CTj2UKM9l6anVb+T5nrPHuqWya5NRZa4XGB1FVYL2jLT3IVHfbY2mkMkbdIPI902F0sEjZYXFrhvstJE6C70g8XSJMYP3XRrtTXJjlRKcNkkYYZPdGY/w3ZHfsrG8Wk0Z1NYQqdyLtHOtplW8MvKC4GN7c8Ba22XSOUNa1y89hJaBurO3XJkDgH9+yx36bedPxvk5aeSjNnozJGuGWuV1abq6AiGV2WnYFYe3XLxgNJVzDUh2FwtVpVPMWj3+g8ltSlBm6afMJoXc+hVpR1pcNDgdXv3WKoLy+DEbzlq0UU4cxsgPIzsVwrtO4Hr9Lq1fHMWXEtPDUNIc1UVfa/COpo2VlT1ZJAKlSiOeMAtAWPlG3EZ9mUDnQPHlwrOirXDAGM4T6y35JLW8BVul1K8ZH7pUo7g9zr6NlabtnEM5xng+6vYpDt6FYClqg4AY4V3b7o+B4ZI8ujO2/ZYrtPk36bU4WJM1JcJBjH7oL4nwjxot8chBgqopcOY/KlseCMcrFKpwOhCxS6O0t5fA4NLiPvwryjuUkha7IcCs5VU0cvIwfUIVNVVFHII3AuaOCkyhk1K1o3sc8U7NEjQQfVV9x6fL8TW+QxP5wDgFVlJeI3gHJBV5Q3JjwGzvwOyUk8hznvRXQVkrXCivMAczgahkFVFd0o2Gb+J9NVDaadvmxnb7LYVdJTXGAta4OI3BHIVM+mq7ZIHEl7DttymJ4E7f0Lp/wCKkcBNo6yhfEG+UTBuR91sDRfNQNrLHP4lO8ZDO6xtTbLTfISyphYHYPmA3CzlO/rXoWd1RZKySWmccmNxJyP8k6E+MCZ1m9v1m6Y6ytr7D1VbImzEYzIAXs/5X/8AovnX4ifAG8dIxvvHTTH3C3A/zAD5oR2/LlfQtn+JvS/VjW0PVsT7dUt2D2jGT9/0WkbR1tvDpKGV9TSnYahvhb9Hr7dFLdBnJ13i6tbHbZ/3PghpLhhy5JG36sZX1t138EekPiE01NFMbNdWkkyAeSU+jgP81869bfDLq/oCdrbxRCSjJIZWRHMbvYFe28f5iu2OZcM8dr/EWaWeEsx/aMeQPTGO6WgeuFJa2CTnC5JTBw8uwXfr1MbFk4s9K+49EUtaUJzADuEZ48I4xn2QyC/stCtUjNLTt9kaWFpwo8lDC4eh9VY+GXBMczstMb3E59/jq7O0UklDgnSeFGdFICQWq9dFk8cphp2Ebs/dNjqm39xzL/DJ/giiOod0LxXHbZX7rfCQSW/uo5tsIzgJ61CZzbPEXQ5Kch3KRcQ3GVPdRY4CCaN2Tsqla5GOzSWVvlEPxXZ3K54pUn5R/YJfJyHkBRcifjku0wC5nPsjmkcO2UzwHZ+nCsNVPAFOwEYRdsIoiJ/CUaTKcZdJEUDJwE4MJODsjeGfROLR6IsEUGN8MHld0LmfdLV7qspANZHYaEtvVDyfVLJ9VeQJJsckmLoBypkDYwqcmDhExjdMSbJsEBnuuJ43OF0sPICJrBBAd08AbFdwElGRjsBdSSxlMFPLYkk9sZcjR02rfOEecFquUugOEeOF7uylQUbDu5uVOZTtZghqJWJGmvRznyQ4qF7/AKe3upMVGW4JUtkZaBjYIgYOcpqvWMGuvx+e0MiiDRsFJja0Y2TWNDeQiNOM52Qy1SiuTpUeO/sOa3fZdc0RjJHKa4yNwWHCGBLUeVxysl2uTXB16PHpLrka+bGQBlVldLNKwxwnGecK8gsdTN5iDp77KSLdQ0YzO8NPuuVqNU7OMnXq8TJw3SWDFQ2CWqcDLCXK3p+nIKcB00RYAErn1da6BxZTkyub2as7V369XyQiPXpPABxsuZZc0+CQp0tPD5l+jQ11ws9pi1eK3bsDysnceo57m98dNqDXbAkKwpOjqmsc11U7nffK1Vo6GbGA7wM49kiU3M0V6e254UcIwNBY62sIJBwOcrVWzo8gNJhyd+y31D0xBTNDtDQfTCtoKOCANyxp/JVJYOjV4yCe6XZjaHpl8JyIAc+qvqGyQRAOkYM+yt5JY2ABrAEA1IxjCLGDp06dVLCOigpmAaABjsujQwZDeEF05zymGTIyphGpcEgVIGRsuGqkfsd1FDHSO2Uunpy3BcoPr5HtgfKQSMqbT0wjwSESmY2McI2WncBQ0KJ1jQMDCKPpAQxyiDhRGmEUkPAwnoZe31TXT9gEI0Lgeq4ZABnY/mgeI535pCNx3x+6hA4flEaChRRb8KYwNY0EhWwwcceTghG8jB2PtlDfLggNCTYy8jdT/IY/zSEBowiRxaRk8p8TGtamPwByp0QRc0YDR+6FJI0c4CZLKIyoj3ul5OEG/ILeB00xlPhxHbufVNZFjd3K7C1rQNk+aaOFuXFMSMdtiFxndVV1uzI2mJh39QgV911EsgdsqnJecuOVMmG21NYQMyy1MpMji4dlIgpy8gcI1FRiQ5A2CuKG2h+Njt6IxMIucsEe3W98jw1oxnutdaLCGStkqRkdgQpFqtMdO1kskYyB5R/qr2CFxcFU57ejv6HQ/dlkmjhbGA1jcAdlaQNAGfRRoWCNnmGE18s+SIXYWaU93Z6mmvag9XUsjZ78ABNpqGaoAfPwd8J9Db9xPUDU877q0BDMEBZ5M0xiMpqWKAfRuEcnPZc1Z7cJnieyS22aoxSQ/OEQOxsN8oLQXuCkRR4ASZ8DYvAtLiQcIgI05PHqhvnazbGVCkfUTu8MDw4/ulh5JslbFGMM8zj2Ci+JV1TsOAawevdEgo44/MRkqUoDvAMpGjB5PdSmNwuNT2oBc2dSSJAS5GyMJNjshd1lvA5Q2gk8qBduorLZTpuFwia4ctaclQtzhH8mWzXh3t+aHNk8Lzq8fFuDz09ltT5XZ2mn8rf07rIXbqrqW8k+Pc3U7DzHTjQ0qGaesjnET2C5dSWCzxF1zuccEn9LvRYm4/Ge0tldHZqeSqLTgOzpB9+CvPRA5xLpHue47lzjuSpVDbKuumEFHRvnkxsGtyoZp3WT/EsLl8ROs7sSYKhtADvqjG+FnqsVtymNRcrjUVTzz4jyRlbe1/DPqWvLRVU4pI3cuetRbvglahkXG61MzXcsj8g/zKiMkqrre2eLst1PC/WyLfk7KworLermHi22qomx9PlwCvoa1fD/AKUs8YFHameI3h7zq/zWhghbC0MY0ADgBVJYItFns8GsvwX6yuEIqKyOkomuGQ2ScOcfbAWtt/wHtoYP4reJn5A1RwN0D9cnP6L1EMceAiMjcXEEEfkgyPjo4GSofhh0PbmNaLHHORjLpTqJ+5IWhjpaKnAZR0kcEbQA1rQNlNkY1o3KCS31UyNjpoxPkXZDJI4XM9spE4GV9PhHPZ8DlMIDjKE6VoB4z90GWrY1VdVWNkyyM59U5V4OD5PztOii/wBkqpqxw0g7KtfIZHElMDnuOSSV1NUUj5j5DzGo1+dz4G6SeQlpx2RMBI4Cs4u3kETgZUC43GOki1v59Molyr4qOPW87jgLGVlfLWSF7+OwykzmkbqKNz5OV9bLWPLnv2PAVe5pBC7I4udpATmMdqWSUss6dcFWh8TTx6qRHGB5iEooeMhSYgSfsm1okrMHWR47IrY8HhFZHgbogjxw391pjEROeRrYwAnafdOLm4IygOI3Tdoke5wIO4UYk7rpzlcwVajks4ugHKQByibEDZMjANIQHqlgLuMJzGlxVFNjPDJOQi6Q0cIoaGBA1Z/JQFPI173ZAwn4AbldIaNyFHmmBGAqbwGlk5LJggAJrWZOUxmXOyVIaMBTmTD4Q5rQBwmukzthFbu37ofh75wmRiBjIPTl2cIg4T2tbjGE1F0WhLmAupKFnMBLAXUlCDdPuhzvwMBPkkDNvVRiXSH0QTlgOKyDIJdlOeQRjUE7DWtP2UOV+O6zt4HRQqiVrGFxOfQKnqJ3OOMco9bP2BUR243WWyw1QjgCSXFHiaOSENrdxsjsADdlnTyx2BJZKSS0FDEkkkBAqSSSEIS7gpAd084LeELWQZSwCHdcfwuk4ygSk9iULKzxkY5u/KJEzcZCY1mTypcDCMEhDHskpbQsbTgDCKwOJx6J0bRhEYAADhaIYM85ZHjDGqLNKXbYRJpg3YBRc6jlRywSMciGScp4IwljZDJx3QOW0LH7CnhSbdA0A1Mo2B8ueFDDHSPbG3klWhORHRRt3cMbBZNRbmODveJ0qnJWtFv0daX329tmkbrhiwWg8cr2+jjjiGkMAbGMADhZzoWxR2m0xvdGPFlGc+gV3X1go6SQgbuXLtb4PqfjNI6qt0+2VHUt1NTK23wnbI1Y7qLBSmQsgaPM4bn0UemY6WV9VJu5x2WitFE6P/epm4HbKSdZRJtFTxWmi0OILzufcqO9735c/umVVYamYFrSGt2CHNI5zQ0eXPJ9UmUsGiuJxsXiuwAtbaqVsUDA0YAH6qqslA2TEz2bDYZWlY1rWgNbgBLNtcccj2gMbk9ln+oruGFtDE4gndxH+SuLjUspqNz3HGN1hvH+cqX1EnGdkEngOb4OV07mUwjZy/Yeqs+nbZohD3My525JVdTU7q+uGATHGtvQUQhjaA3skzngdp688kikp/DbqcNyot1rHAilifguGXY9FMqaqKjh1yH7D1VPb6aeurTUO+nOd1ksnuN+3pItbLROYHVUgxnYAo1bVav5UbvuUeolENPpbzjAVSA6d4YOSsVhsr4JVup/HqQTu1u5WgazJBHZQ6CBlPE0MG7uSeSprj4bQcLm2s1wjjkBXvc2Pw2nHqidO201lT8xKP5URyfQn0UN7ZKibwxlznkNaPuryumFjszKJjtErjh/qsk2zTEqOpK/5mqMEZ8kewAVOG7J0smXFwJdnckpvitwSdsIY5E2SyDnmZTRkuOSeB6qDC11VNh2SCUypmNTNsMAbAK3o6VtPH2LjuSrlLBSeSRExsTAxoAAS1lxwFxw91cdO2s1BNTIwFgOBlZ7JJdjoovbFRCkoxK4ed+67dKtzMU8bsEjLvsplRK2CHPAaMAKniY6sqjqO7is0nlmiBKtFKXPM72+UbDKi9VXcUzPkopS17hk49FbV9ZFbLeX4HlbgfdefVVW+tldLLu524+yCMRk5egLfMcu3JRowAQhsacDbCKwHZMjwzO+wrGFxAxnKuaWmZBG3A3I3Ki2qm1nxXjO+GhWr2tyGq7J5GRj7HU8Tpn4AyByreBhADcIVvhDI+Oe6nMiDd8JMpYGdIi3SuitdE+rl3AGze5K8fu9zmvFeamX6dwwHsFpuu766prfkYJP5cQw7HcrJxRFzsgJtaMd023hEmip9Q2bwvQOkrNG1oqZI+cLO9N2aapma7Hl916la6JsLWsDcNHYINRZtQCRZUkWwAGwCsqaLfJCFTw7A4U+GLHZcO6zezRAIxo2R2NGAcJrPqCMOFgm+Q0dTk1OVAiTgDlcHKJsQNlZBDhdSSREZ1yIhuREoWxiKMjshjlFQASltGLhGV1JTopPIxJJJNINXMj1SJHCGSc8qmyBUKVzWDLjtyU7IAOVlOvb3/CrFJ4Tj49SfDZvxnujhHcMgssydyqZ+rOsA1pJoaA6fYuHK1TI2RjQxuAOFR9JW00FvbJKP5s3mcT3yrqWTw+3K31Qwa4xGVVQ2liMhIWA6juRLngO8zslaG+Vx3hJx3WDqXGqrdJPJXRojnGSTlguOlKGSpmimDdycn7L1Wii8GENLcLK9I0MXhN0twWjlbADzADgJesnmWELbyGG6S4D2XVzJvIYjwVGycoxI4QzyoEOHCWAUklaIwLwNkJzQOEWTkIchDWlxOMBPrLRR3ur8LEEbsHG6g2mldUziRwy1pz91Hq5H1FWW7nU79lprZTNp6cDTgp64CJbQGMx7KJUP2xlSJnho29FXyPLzyrxkdHgaTuSmOfqIGE9AqJhBEZM8DKZVDMlFC7bMLJnOub4LfQOpo34le3fHOF5XQNkqakk7kndx3Vp1TdZLlcpfPlodhdtdIyODxSPMSve+K0cqK8v2eQ12pdljSLBkYpoy0EKvq5XZICk1DyAo9M1s9Q2NzNQPO67Wdq5MMczltRedO0jmQePKOeCrKV4JOEm4jibGMAAY2CEB7rLbLLOzTHbBI4MOcPKiO0QtyQnRx+qg3mfw4MDZKSyBZJRRRXWvfJIQX7ZxsolP/MeMKNPIZZC47q3tdGdpJBj0C0RjgxOe5lnbafQA7GMKVNI2Juds+i5GBFHnHZV1bOd2grXXHcy7JbYuRGuk3zOloP0lU9bMKWEynZTn5JLiV5r191LLAfl4XZ2IIB4XoPG0/dyeB+pPLLTUytZmOsL2+urZcSZYzyge/qqC10bqyqBccBh1H3UWSaSaQucfqK11moGwUrcjzO8xXr9LUorCPzz5LXS1dztn2yfTsa1gAaR7FFA3z6Lv0j3XYwXRBxG5XSjHCOPKe5g5+AAFY2ilMcZmIALjhRIoHzTBoGw3JVtGA1gb6LPqLdiNWlocnuG1RHchZnqK4kNEEZVxdKmOCEvc45OwHusZcagySsJ3yVwtZf9jPaeI0W6akSS50NnfLHs5wxlZh0XfGcrRXVz2sip2eVmgEj3VQ6Jeauscz6Hp6PjjwWLGBltaSN1US4xu391fyM021gz2VDV4jjJJ2G6CJrujthkwfULs1BVKG75VpfHGSoJA2VbjBCv2eB12XYw7fo/JSbbKWTgeqjM3bj2RaRwjlDspiMUHiRoDuMpjfqXWO1sDh3XGjzKpPB2qHwibTnyp0rcgYTaY7DKO8ZHCyzWTpQlkjjlEHCZ+JPbsly4NUXh5LejeXwN1HfhEkblvKiUT8AD0U5Lwb63uiUt2gxFqYN1VxEgYK0dXDraRjOyoHDS9w91Zivr+7Iw7lOXcFMUM23aTKVxZI052VvFiQA7bqhjdhwPorWjdnYnCJrLNlUsLA+rg1jCz9TGWTEcY7rUujLm7BU1wpiDkNWitrArVU7obiFEA4YPKBKzfICI0EOCfM3YYC0HGuhuRFznkKNMCDspLhg4Q5cHsoYJxa6LW01fiU+k7luym4J4Cz9vndBNn8J5C0cUjZWAgdk2CyaqLZNbZDQMnAQalnlGylR8BOIbnBCfHsKyO9NFOA7WGgbq1oXlrPDfuFAfGYqouIwPupsbg0ZG+Vqgso8ZrYzrtaZGuNvbh07FRuZg8LWNkBGHNyFWXO3BrvHgbsdyAl2Iuu7CwynTyMrjgW7OCcBk4SMDoy9gHtHI2QdO6nSR+XYKFIDGeOUtxHRnkTCWODmncK0oKoyv8N5GcbKqBynQSOik8QHhEjTVY63k0BZnuuaPdNp6hlQzU079wjYKI69c98cgJYh2Ciyt0nYcqw0n0QpYdXZUi7I/ognHdMMDXdkWWPJCawYJ34SpMVFYGslNK4aRsVb0lSJmgZGVVPj19sp1GXQzBx4HbKFcmiqbiy7c3KC+IOBHCKyVsgyE8s25UwbMb0VFRTBhyAog1NdgBXUkYcOOVAmg0HOFcJuJg1Gn3IGAHt3UeeMtOWou+ccIvhh7duVpjNSOTZRtQKlnLdnBSCQ8DbChSxEHU3ZOpasAiOXbHBWzT6jH2TOfZBokFxjl0KQDqAIQ5I9Xm7prH76fRbVIUSsBMLcpNyRkohBI2RdlEZzBgn2UYtOcdlMceUDRk8IJw3FkWWHbICjEYVkW+qjzQgbhv7rHZVjobGWCMCc4TxjG6YRhcyVmksBYHOYE2GQwPyeCnrkgDm7IE2nwWn6fRa0lXHI0AHJR5YRIBhZ0GWF2phwO6tbbcoZXiNzt8d1pqtjLiQuyvjch00T4yMBOjfuAVPkibKzYKvnppIzrG4HICdKHtdGdNSWCew+XIKdq1bEKDBUNGA7IKmNe14UixUojjE0tyVAqqf02yp+CDuU1zQ5XLkkZtFbG98Lxlv7q1pK2J4DXnBUSWAE7N/dRgySJwIVcph/kXkkQdhzRkJktDFVR6JGgOPBQbZcHF3hSjZW0lOQQWjP5pq+4RLMW0V1svNVY6ltJW5dTnYH0W4oZ6arYJaaUPHt2WPqYYquIxSsB9D6Ktpqmv6eqxLC97os+ZudiE2M3W+ehU6FeuPyPUo4y7ZEMf5KpsfUVHdWhjH6X4yWlXbTkrYmn0ca5ShJxksDNBH5oZjwpoA0oRY3fZF0BGeCHpxwE5SfAB30/um+B7KZC+QjgHKeAnacdk4Y4CsFvPLI9TBHUxmOaNr2ns4ZCyF06dntUn8QteS3PnYOMfZbjRnumujzsRkJU6U+R9V8qv8GFornHUu8ORvhyeh7qc6NrhhSrz0yyqkNTRERSc47ZWfbV11qqBFcGENOwceFnknHs3wmrVwSaq3t5aMqqqYPCOC3BWmEkNVG2SIgg8qPVUUcrd25KBxyhkbHF4Zlnxg9sobHuidjGVZ1VHJC7duygSRg7LPKv0alamGjnacZ5TpoPFbsM5UJ7C0ggqRFPgDIS0uQnzyDFNLAc4U+nqIZ2+BUNB7AlLWJW4IUeSlkDg9gyPRXjAClgVba2hpkpznHIVfpxsrilnLfK5KqpIqhuqNoa8eg5VJhwsaf3MpWvfG4Oa4hw4I7LZ9M/EOrtzWU90BmiG2ochZOWnkidiRqFp91DXXe4PMT6Atd3prnTsqKOQPY4Z2OSFInxKPM3PsV4RaLzcbNKJaGpez1bnyn8l6r011tbrxTsbUzNgqAMOaTyVE8M6+n1kWsTB3TphxkdVW52gncs7Z9lVMqXRnwakaJGnBz3W+IDyAOVW3WxU1zZiRjQ8cOAwUbxg3KWeUZw6ZW74IVfWW8Rkzwt2PITpXXGz1Jpq2EyRD6Xj0VrHIyRgIbkFJnHJprtwUMUuHDVsVZU9Y+NzZopXMeNw9pwU6qoYZQSG4J9FVup5oJPI449ysdtR0qNU4cnsXR/xWnj001+c+ZuwEvJ/NesWm7W26xCWhqWyAjOAdx+S+U6Cq0OGsBa+y3mvtcgnoah8ZO+A44WWdGT2Xi/NRlFRmfRbmAcIEkOvCyvSvxFt11Y2mupNNO0AayfK5bVjQckDICyOvaz1ddtd0U4Mrpbcxw83KrZ4XwSFrxt2K0UjBnjCjy0rKhpY8fYpe7a+QpQRQHcFVNztFFdInQV0LZIyDyM4K0FVb5afzDzN9lAe0nunJ5MV1CsW2XR4d1v8Kai2slulolbJDku8LG7V568PixqG6+sTG07uwfyWB61+G9LfBJU0GmKc5cAe5RZPKeV8JH/AHKDxKnnexwcwlv2Kv6S4k4IIyqq5WWts0xp62MteD6KLG9zTnJ2TYSPKYsrf3I39svtTGQ7XnHutpaOpmTMYZXZ9RlePUlxMflO6uKa5OYQ6J5B52WqMk1g106nb2e6U9RHNE2SIggqV40E0fg1bGvbxuMrzKx9TzM0gyjHcErY0N1hrB5Th43IJ5+yKUEdSjVRmNutiqbY75+yNL4ScvjzwpNnvMFa0NHkk4LTyCp1PVEDSf0VddunY61zq+2vMFU0ZGnglZZx/R1KbeeTR01S5isYasOwNivPrfe7hb520d9jLGnYTds+61lPLHIwSQSte092nKxWUtej0Gj1KmsJl8wNlGdv1Uaph1jQ5oIPYoVJUkdlNdKyVoGMELLKB0VPJQTGqs5NTDmSEnzR84ygXey2PrG3h0bGxVPLHM2eD6K+lh1NLXNyCNws9W26eikdWW3+97MxskT06kW1k81udtufTtWaa5xOEROGSEc/mtD0b8QLz0fWNq7VU6o+XRl2xWoZdaa+QPtF9pWB7xj+YOfssX1D0LW2Vhq7UHTU2cnHLR/0WKelw8iLaz6t6I+JVm60tkdRHM2Gq0gSRE76u60kmJMFfClov9xsdcytpJ5IpYzw04K+kfhr8ZLdfqWGiuczY6sDTufr/wDVLUXE5dtfOTvxq+AvS/xWoXCeFlNXY8tQxuHA9t18C/ET4b9X/B/qF9uvdJJ8sHkQVOnDZB2+y/UoSR1EYkieHAjOyzHWvRdn62s01kvlKJqeYEYIzhbtHd8T5PN+W8NVrlu6l+z8xKQUdwY40vlkbuWn/RCkhdG7S4EL0742f2er38Ma2W72OKaW0N0iKVuzmDfGodgvMqe8CsZ4NwZv2kaN8+69JpdVGzo+X6/xtuintsX/AFBkY7pmrOQpstEHM8SCQPbjOyhEYJB5C6CkpIwKOOwe+ckp1NL8vJrB++F0jIwhBuCT6LNfUmiV2SrluRtLLdnui8MnUBwfRaKnm8QDK8xoq2Wkma6M49R6raWm6iZpHOMLz2r03OUe48T5GNsVGTNG4Bzck5VXWU/8wyNGylQ1eoYwnOw/8lyJRaZ6Hhog0tc6B4B7LQUNw8UAErN19G7+/gG45CVFcWwuDZAQR6rPbXuRr0uqdclFm5gqNOCCCrajrdRAyFlaGpbKwOY7I+6sqep0EHdc2+nk9FTqF6NHJJqALVJoK5rB4b+VU0tUHt0kKQDpcCsNkMnRpuy8l+x4e0Fp2Tn+pUCiqdOG4yppJkwQlr7GbcqSKqvpHAmWIZA3IUKKQOIbhaHww4YIzlUddRS0cxkaMsJ7LVC1s5WpqlF7kih6k6ahuNO6WJgLsbjC8mu1pmtk7ssOkFe9UMscxLCcH3Wb6r6VZUtfLHHuRuB3912dDr3U1XYea8t4iGqg51r7jyCCfV5cbKXT1EtFIJWbg8g90K4W2a11RbIw6c7FEY6OZgC9NXeeAv084y2TWGjTAU92owHtB1NyD3CyF2tMtFIXAZaVcW6qfSO8Inyk5HsrmaGC4QFrsHIW2Fv7MGp0zsWGeea9O2OV1r9w7CsLvaJaOQua0lqrk9PPBw7qtktpa0NylhIDTgFae3XEyAb5wFh9wQQeFMoa+aGQOY7jkHgrPfp1LlHQ0Gvlp5KMmeiQVBeACFd2q4yRt8F7iR29lg6C85cMjntlX8NW1wDgcrianRNrDPd+P8im1ODN7SVPiAEEFWcNRxuFg6O5SxOwCd+VorfWmYA5XAv0rg8HsdD5Cu94fBow5kgAcBuo1RbY3s1ack8Iccodg5OR2UuGoBaMrnNYeDtKdcuJFHLTzUkn07I9FVid5iIwQM/dW89OKgcAqmrbbJA75inzkHcBKazwwJLa8xLyhqDC/UDgFXUFW1+NwsRS3QtIjnBHuFb0taXYcNx2WeyrcaaNSlwapsocMjCbJEyUYdwqmnr8fUVYwVMUoAzglZZV46OhG9ME6N8DtVO3nndSqKtnB853CRiOkkcKM6Twjgj9Ut1j1YaOhvUlO8Occt9lpKe52+4NG7Wu9HcLzyGcEahlHhqXhwAylzgPjho2lfZ5Dipt8Q1DcgcEKGyYSg0tXEWOA3Dv9FFtnUtVS4a5xe0evZXZrLZd2AShrX+vBQpFYyZa79EUl0aXRNaHdtt1U0d6656AkEdHUCSnHNO7ONPtlbp9BV0vnp5PEZ233Qnvpqxpgr4A7/mG4TFLHIudOeQvT3xK6N6o00tfm2XEfUTs0n7rV1FI2rpHQTxQV1JKME4Dsj/JeVXv4f0NaDPRYa/kEbOCq6Dqrq7oqUROdJPTN20PyQAtdVv6Ms6s8YJvWv8AZw6TvxkrulZDaat25iA/lE/8vb8l4H1V8P8ArLoiZzL1aJPABw2oi88bvscL606a+I/TXUuIZaltNVDkOGnJWpkoqatgdDURQ1UEg3DgCHD3Xb0nl50La+Tka7wtOpe+tbX/AGPz8bUQSHBaAfXCYGAu2X1j1p/Zn6S6k8Sr6cP8IrXb6GjMLj9uy8E6y+DfX/Qj3vudrE1Gz/4indrGPXGF6HS+Whb2eY1XirtPLMo5RihFjtnKE9hO2EXx424D3YRGmN4BY8HK7Nep3rKObOiDILoj2aU0xPAyQrHDWbAcroaxw+lMV+WKemyVhaRywproyRwQrPw29lwRNH4U+FgmWlbKcxDJBCB4QydleGmiO5Z+6XysXZgT1cZJ6OL7KP5XO/hrny4G+n91eGnaBs0FANOBy3lOjY/Zms0Cf4lSacenCF4Qzwrk0oP4RgoRpW+gRxsyYbfGtPJVhjWfgH6LhlAGNA/RWTqePfjHookkcIGByj+RezLLSSr4IuGuzkAIMuGtyTynVDyDhoxhQ3mZ587kSlk5moWHhHC7ckFDJcd00ZzgorWgjJCN8mB9iSSSRADxyiDGBshIgOEyC5BY5OTMhPyE9JIrsKDlcODtqC4QMcoO+VWUDhskLuChta7Hqi+E55G+FMhxrlLpBE+MgkcJ8VGTz/mp8NviwDpwlO1ZNdWhnY+SPDEcg4U2GncUaOkDceUYClxxgAbKStTOpR41R5YKKINA2UjQdtuEaGB0mwapcdvmJGQAEr5kuzq16CX9KIAaG8hGihc45IVpFb2af5jdwjQ0rQfK0D80MtRFezoUeLsf5Fe2jcRwixUTc+ZqsC1se2nld2ecgYWO+9y6OtToIQ7IjaBjyM7BTmRUdM0OfgHCcKeR2NA/dd+QhlH88ZI91klM3xp24cUZ289U1zA+ktFLI7+pzBlZmKw9X9QPBrC+FjuS842Xp1LRU8Lv5UYGfZWTIcAZGyU+QZ6KWplm5vH6R53bPhlHG7/fC1+e61Vu6Po6VrWiOPA9G7rRCONgyWjCbJWQsbh2BjhJ49mmrQU1POCKy10UAHkBIRxUQwAAEDHGFFkqtZ24QHHVugwl0a0kuia+sLvcKM+pc7IQdfYBMwSVMlhHTuccFcGU0Bd1EdkQYiDkIrIjt7pRML3AYU9kbGgKhq5BxQDbZTGRNbjbddja0DbsmPeG8vwoPi0g445SBOeVG+bgGxk3RGzMecMOVY5Mkg90/wAXbGEFu6IxhJGBlD0OrbbFqcTwniNx3wnMYOUVowNgqHroY2LglGZGNsJZHoug57KFjwA3GAnblcbuiNAwoGlkbHHqO6IG49kmjAJ9EwyjCvP7HLCHmQjlyjyz6u4KHPIRsFFyfUoZPHAqbHSvc9wyU+PcccIOVCqrs2B2hh3UXHJjutcCfU1kVNGXPP5KiuFykqhojJAPJUaaSSokMj35HYJgI4xwm54Obba5A2txnfOUamgmqZhFEzIPJ9E+KnfL9IWmtVtbBC1rR5nDJKJBUUObBUlubG0MaPYn1K1VooPlYgSwAu343TrVQRtd4kjQT2VoxvmznCqck1g9BotFGD3SHwxl5AAAA5VhE0MwRsQmU9OXAADCnQU5ZhxCyTkd/T6dR5QOOOeVwB4U+CkYwAhmCnQtDAdsJxlDeN0ls6UYYCjDRgBN15QfGTWuJKFvBEiSJc9l0Hugg910Sg+XCU1yOXRJdOIx6oD55ZNmnAXQ0uPqitjaO6TOORgNge45dupOjygZxhJrGjhODUPxlbvQmu9kbBTWR4O3dEfLHGBrIB91JRwU5xj2canAgAkbrMXv4idNWQObLVeNMDjw49yvPbz8XrzWvdDZKMU0Z/E9m/5FCZbdZXWewVNdR0p11tVHTxjlzysVe/ivZ7e9zLfrrNJwDGM5XlVZJeb7/NuNTJMXb4c7hSrb09M5gZTxB7zw0DlQwy1c7HiBdXP4g9UX9r4vF+UpXbtZHs7HuVTRUr5Xa53udk5y45yVubH8K79XNbLUtjpo3Dh27h+S9Asnwys1uY11Q0zvH9e4ChcYWz5mzxmhsdzucwp7bRyTyf0tHC3Fn+EVzqIGyXKWOAu5aPM5v+S9Xgo4aZjYoY2ta3YYGFJja4DKpvBohpzG2n4YdL0MYFVRGqk/EZXZH5BaqnoKKihZDR00cLGjADW4UnRvkhKSWCIZlkDf3QuaQ+NOGNLRwQk2LHDUN12oohhsZlPrhR/4rUyOzF5Ah+RDFWWTIWgZecBIyU0W/iZ9lU+JM92p8hJPuuEE8lVKeSbE+y0+dhGzBuo01wqT5WPAH2UZoTtOQN0qVm0NQS6O+NM7d78pa3HuuluBnC5pP9JQO7AWD5K3G5IUaqqmlmkEKPPWahgHlQ3FziTkr7NCHJ+O/M/UcKU66HyOklc5x35QsD0TsFcTXFej59fqJ6iW+x5ZzAXUlwnCDIpHScKtud0jootbtyeAldLpFRR6nHJPAysjU1MtTKZJHZB4Hos9lnpGmmjPI2sqJqqUySOODwFCe4MGD3R3yhoIAUMuc922yxyluN9cNg6Nmo5xsVKij4KbBEfVS4oycYGEVcG+S5zwdijKkRRgHdOZGMZRmMxsO61wgIlPA5owFx249F0nIUaWbJAwnxiKb3HXE7oW+U8bpYCYQWPVLAXUlWSHMBdBwcouFwAuOAEzORjlg4TrwAEVoaxoeRv911rQ1uohBc4yHAUFt7h75C86WjhMOB3RGNDW5IwotXMwbN7IZS2hwjuFLMMbYUQOc8gpEOkcpUMWQPLulp7mMbUENjaR2UhrcgFJrW+ietEYpITKWRiSSSIoSanJqg4SSSShBJO8o3SHKDWzt0+E0790EpYKAyya3jBXW/SmsYTgkLkrw0fdZrGHFegc7i3OCqurqN9I3UiqqBwqqR2o5WWyw3V1jZHFxyV2NCwchGjHAIWb8uzQ1ge1oAG26YioSotj0kkkZQ5JJJQJvAl0A5SHKJsQNlAZS2iASJGOUjwhOJ33VSltAGPOFHYC52USXlca0FyVncE/2FijycqZGwAcoULM8o5HoUaWAJSyPHKcXNDeVwHDVHncM4BVylgTjczkztZ5TWMyh6cknlFG3KFSyG1hDth3QnEuOAuPBJG6kUEXiTg9ghsksYNOmqd01DBIpITA3xpOSMNHda/oGwvuVzFxnjJhgyMkcn0Wego5rjWw0NOw6pDuewHqvbbBaIrNbYqNgGQAXEdyufe8M9/4Px0rLVx9kSxjIjjDWtADRjCzdwqpayoLHO/ltOMBW10rRBCWM3e/I27KpooC52p3Kw2vJ7hPHCJtqpY3yB0jfK3cBTa6uD/92gOAOcITXNijAaECmjzUGQ8ZQ5HQ5JEUeluXjBIXaRrZZw1w2yuz5ePL9lb2q3taGylmfcrPYb6o5LejjbFC0NGMKQZAweZMbgDYYwoV3qjFTEjbCE1Se1FF1Nc3VEvykTtuNlVv/lsbBH9TkgXSTOqJNznZWdloRUTmolbnGdKRYBGDsZbWS2/LQjXu52CVo4yI2DUfZRKSENxkbDcoVbUhxLIySAstrydWmCjFIj1spq6rS0eUeUBW9HTtpqcDhx3UC20ZL/mJht2Cm1FQ1pwFllLJpggFZUh50NOUW00z5ptfAaoBjc9+GgnJWrttI6mpgHgE87LHqJpcGyqGQkNPpO4Q6mXzOYBs1HfNp2AUYRGaYRj8S505ezRjBY9O0DXyvuMuNEX059fVU3UdydWVzjnU1u35rQ3WpjtNqFHEQHubusTK4ySZ5SYvLJOW1A3HKr62d+fBY7GecI1bVeCNDT5iotuimqajxAMgcn1TOEhG/LJ1ppM5qJm8HDQVZucG4ATGNDG6RsAk1jnHIPdZrJZZprWSXSQ/NSiMd1t6CnZSUrIQMaRuquxW6KCJtQ9mSeMqfcqn5aLWslj3cGhQINbVOmlLNXlG2FYWqlEUJmePM7j2CqLbSuuFV6NByVK6junyMIpoCNWNxlKcsDF0UfUd2dV1DqeN2GMOMepVRFHk5K4Q6aQvdy4qU2Ixs3G6OM8ASyMwG4GEenh1nhCB1HGFcW+kdpDnNwrkwYPLJdLGIoQQMYCkU0Rml1EeUblN0HAbvhWlNCGRt2ASpPLNUUsBmANAAGMKr6nvjbNbnacGabLGD/VWryI2l7tgF5b1Re3Xm4mRmRDENDB/qpEXbYl9pUSeJLKZJCXOcSSSVZ2ygNRIIw3soUMRefpzjdbbpayTt/3qVoAPAKY7MIyKOWaDp22imgYS3zFa23xEAOI+ygUFLw0N2CvaaPSAcbDYLlau5sZGJJgaANgpkbdtggRgjspkf0rlym+xiEnpJJRQ5JJJQh0cog4QwO6IOFaIdSSSRAyeBJJJKADkkkkAAl3BSHK7jJ5Qylgh1BPCN+aCeEBTBknOFxdPK5lGENncWj2PK8ruFTL1V1Y+Ak/K25wBb2c4Lb9a3f8AhtklfGdMsh0NP3WU6MoJIqc1s+8ko8x9StlMMj4I0Xla0YGkDsq+sqg0ZOApkzvflZm+VYDHRtO4XRrhgeyivVc+Rkzw7fhV1jpfmp/EcC4jlRblO+R/gBx5yfdarpGgA8PLdyQStb/04Ni/yZurJQto6Jg04c8airAcLjNmhoHATm7YXMunueQmsI6M/kn5GlIDbKHlZwxpJzhOTcFOUIJJJJWiMa8ZGfRZ3qa4yU0LIY9hIcE98LQTP0DfhYK71TrldDpOY4jgDsn1otEmyRmeq1OGdO+61ZwGADYKBaKFtPTtJaNTvMSpVS4YAT1wg49gKiU5wEBoI3K64ZOSV0vaG4CKK5GuW1HNW+McrIdcXd1BRup43Ykl8rT6eq1MtR4eXEbBeOdZ3h1xuryDlkeWgdl6Hw+iVtinL0cjyOshVW0yqponVVTlxzvlxV3HiNulvAUK0U2iAyO5d29lLleGDAC9zCOw8i5b3kbUzb4wrWwUQ0Oq5Gg5OGZVG1pqJ2sxyVs4Y2wQMiAwGgBLvs42o2aSvMtwKcnUAOF2PI3KT9zsixNA5Cx5Om5behOmbCwkgDZY+7V0tTMW6/KCr6/VTIofD1YdhZTOrzeqbWsmHUTzwNZFqwtRRQ6WNyOyrrZQtcRK/fHAV0zDVpSyZ1xyxk7y1u3oqh7i5xJKl19UHu8OM8bEqvnk8GF0v9K6eiq3yOZ5LWOuDS9FF1ReW22jeBIGkNyd14ZdrlJca2Woe7LeAtH8QupHV1U+iifwfNgrHRxGaVkI2zsvXaHS7eT4D9V+bnrLXXB/Yv8A1Lfp+3MqZPmJWZDT5QeMrXRxBrcAAKHa6RtNTsaBwFNmkAaANl3qY7UfOr7My4AnU+YMaMjuVKcBGwNA2XKaIBusjnhGhjM0wHKfJ4WRdcXZJJEqkhHh+JsM8ptS7SwlFI0NwOyrLpU/y/D4JXI1l2D0+h0kpYiimvdZnuCB7qgto+duJ8TcR4IHqm364tiywE5CL0pGZpjKR9QXnNXqMrae88Lpfu2/ol14Mk5B/CMAKAY/5gaOcqzqW5nd91Xxj/fy3OwxhcuUsdnsoQ28E6taW0rWD0WfvDdFMQ7bZaWsc0lrPQbrLdTyhsEmPRRSwiap7amYO4kZ9d1XFoU2tB3z65UVrdSpWcnhdVXueRNzuAuAujI2RmNw3dNcxpIyE9dHJnHa8ov6JwNOwkjhPafNwoNBLhgjU0gjlRrJ1dJLdAlR5BAUs7sChwKdBuEmawdapZIj2nVwnDbJRJWaTxlMzhZZrLNsVgNST6ZtPbhXA33Co4vK/Ur2D6B9lRoreeBj2ahuqGohMUzmn1ytH+Sp7tTvdIXgbFTou+H28EF4DmnCiYwSpMP16D3XHxEHZQ52G+xrDgqfRvLXgBV4GFJjODwoOqeGX8eHMB5UStgDmHZEt8ocNJUmWLIxhEpNG/arYbTK1Mfhv+nCaAHhWVygHIaqpp0OwVpqnns4l9PxvAGZhBwhub2KmyNBA2QDynZOfZWiKG4yQrm0VIli8M/U1VxjJC7ROdBPracY590yMsCVFwkmaEA8omcNymRSNkAIG6IN0+PIz5PZHlhbIcubuPdCjHYHZTywFp25UUxlhOy21nn/AClW77xR+UqQGiRmM4yhNBKLH5DyinHccCTx0UlwoXxSkFm3Oe2FD0aSCtZURCph8PG6zVdTmllMWEiUMGmqzIPbGMqNPGBuijbklJ7dQ5S9mUa4vBALSDwmO4ypT2EZ2QCDlJb2M1RkmiRb6nwqjBOAdlomhj2BwOxWTAx3Vvaq1+rwJDkdiopKRu09yX2MtNHsuOjy3GEYtCWkcIsHTjyV8sW+QFHLVZSMB7KG+EtPCXjJJ1pAmgd02RuBkBEAwujBQ44JFYHUlS6Nuhys45tbRgBUzm43Cl0U4GxVp44Y+qzLwTi0lR6mMEZwpjC17eOE18YPuhZpnBSRTPiLTwlESNirGaEEYwoJhLXFVGe1nPt0+TkkQcM4/dV9RTv+tg47KzxhMdGQdwtUZblk5V+leeCNb6wyfyZHbjjKkyxgHW04+yg1VIQ4zQDfuApVHVsqIwx2zwMELbRe87JnLsraZMgIkjz3RB/SdlFjL4ZNt2+inECoYA0YPZb8ARinwBdB3DUNsO+4wpEEuHeHKNwcBFkj1btCpjFAhOgAGQo0jdWx7KfuTjCZJACOEqSyG4NFTJFp3AUeQFWUsJyocrNPZZrYfoHDALoOSkR6JYKz7eSh+lrmnKhvjfGfEjGDnspLk7bSR3Spw/QUXjgnWq6iQCGY4cNt1bDDwRgLJOjIJLRj3VpbLofLTVJ9g5aqL8R2zYq2mPMokupgJOtrUyKocwhrmq0DBI3cbEKFU0JOS0Y/NPkkllGXrhhY52vAGRunFh5Crg10ThsptPUgYDhwpH7uypLA/wC4TJIWuCklglblowhBsjDh7ETjkD5MMhFjonZaNJVxarm06aapePYqBIxruUB9K1u8YwfurT2sJpTWDT1FMG/zYhkHfAUYGGdvhvYD6gqPZ7sQ0U1ScgbAq1mga4eJG0euR3TYyU1hGWzdXLgz00NRaKkVVK4hmc7dlrunuqPmSI6lwydlVyxBzSx7cgqoqaGe3v8AmKckt7gdkcZuDKnCGphiXZ61E5rm5acgpwGO6wfTXVr24p5wXY2C3NJUxVLGyxOBB/ZaYWRn0cm3TTqltYYM9ktGeykMaMbjldDWnsnqOTI5YIj4NuFFMJBVo9ueULwwpgnyEVu3ISLQUSWEkYAUcxzRnynZDgtSyJ0YHChV1spq+MxTxNdt3CntOdid0UxnGQEuUFMbCyUPxPPam01/Ts3ixEzUznYwNy37o1JcoKs6WHS70K2s9D47HNcMtIxhZG99My0pNbQHzNOXNAS3VsN0b42fl2PfTtnA1AY5VTcrSGHVA37olJc5WvEVQNB9SreKVsrQTvnukuCNEZ7GY2WEsdocNwgEYIK19daYqxuYsNcO/wD1WcqqSeldiVm3qOFlnW88Guu6M0CZIWYBClxva8YcoJISbL5sY4Q/j2NlH2ibJEweeNNime12MJRvyMHuieG0jKguT2kjRFUM8wBPZVlTRSxOzo27KSJHREYUqKpZIBrCjRcZ4KXTvgpheYCHRuLT2IPCtqm3hzjJT4AdyFUSxuicWvGCkyTQ6NqbyjcdMfEaajDKG6jXHs0Sj6s/delUlbTV9O2ellD2kb+oXz61uRuP1VhZ+orrZZg6lqX+GT5oy7Yq1LPZ1Kda1xI9tqqaGqaWTRtc0+oWbrrJV213zVuY6WLPnjznA9lJ6b6vob40QOPhVDRu122fstDnkZ+6PGejoQ1MZcox8NVHUtGnY8Fp5BSnpWyN9MKwuvTQqZXVlvk8GfnH4SVVw101O801ygMUrTg+h9wqlVuN9N8emRJad8Ltmo1DcJ6R2HEvZ6Eqe9rJm5AB2VdUU5a4bLPKs3QscOYmnpJ2VcYfE/nf3C2/S3xFvNgYykqtNVSN20EbtHsvIIaiancHROLSPQq/ob7BNiOoyx3GexWK2rk7vj/Ky08stn0xabtRXukjrKGQOa4btzu0+hU0wEDK+frXdLha3ipttW6M84a7Y/kvVOlPiNQ3fRQXIfLVeMNLneWQ+3usdlL9HuNN5KFrUZcM1fhhzS1w2VTcbdjzQs+6vWESAlvCC8fhSeYnTlFS5RlXxOZs4YUWRmMgHlamahjmBJG5VPUUEsbvpwiUjJZXkx/UfS9BfqR8FTA0OO7ZGgagfuvFuoui7jY6mRgjL4uWuA7L6Kkj2OyrLhaoLhTugqYwQeD3CbGWDia/xNWpTxwfMxc6N4GN1NpatzTvutv1n8PZbew11viD2fiDRvhefFj4pNL2kfdPjI8PqtJZpJ7ZF/R1uDu7BWhtN8lpTkzYHbfhYaKVzdwSp9PVg4DlqTbRVNjiewWXqKOqxFJIMkbFX1PcnQyA9u68gt1wdHpLDgha+1X3xC2Gd2knhxPKWdSnVNdnoNRR0N5pXRSMaS4bH0Kzwpbj0rJmmYZ4Cd253wn0tbJGQ5jiB7FXsFTDWRZy0k7FrkDi5HYo1CfK7GWi/wBFcToY4xyjlj9irmOdzHAHcLJXPplkzvmKRxhkG4LThDt/UNbbZm0V5a50J2ZKex+6x21cnoKNQuNzN/A5tQ08EoT4GnII5VZS1cUzRJSVGfs5W0E4qBh3lkHI9UmUcdnShYpdFFe+nYLhDrZlsjN2kcqot/UVXaXOtl9Z4lOfIx5H+a2c3kx7qoutrprlH4dRGD6HuCkTrRJLKKHqDoagv0Dau0PjikcMgjg+xXnFdTXvpO45np5GiIgiVnBW5bWXfpOpMRcZKNx9M4CuTJaOqKF0LnNmjeMuA+ppWd0psxWQTeF2WPwv+NDzLFS3KcOyA3c8r3u1Xy2XuPVSyDWBktJXxl1D0BcLJKLj0/Lra3LtGd1pvh98ZDbHx090EtPPGdJLtgcIJV46MFjj1Lg+ob/0/R3ekfTVMeuN3LV8R/Hv+zLcum5p+qOkaV8tJM4vfTsH92e5Hsvsnpvriku0LXPlYcjkHKvbhb6G7UjoZo2Pilbg5GcoqJSpllM5PkPHVa6p1z/7+0fkpDV1NJKYnao3tOlzXbEH3VkyWmq2DxGhrj+IbL6p+P8A/ZjlrX1PUXSVP/MHnMLW88r5KqaSotlVJRV0LoZYnFrmuGMFdzT6uLWD5j5Twuo0D3NZj+w0sT4icjI5z2UbxM7YUqCqdH5XjXGeWlFqaKF8fzFKctO5HcLd8imjiKvPRXkDnuFOtlZNFM1zH4HcKAY8HBOE5p0Ozn8ljtrjND6LZUTUom6oLh4uDtureN4c0HI3WCt1eWOaCT3Wnt9dr07rh6nT4Z7nx+r+eOS40kqsuNG6J+trdjuraN7XNC69jJBhwBC5zhyddPdyirtddJTyhhdsTggrT01QHkHKyFfRy00vis3ZnIU6gu8WoNfkHjfus9te436PUOtbZs2dLVFpAGFaRS+I0ZIWZp6gZG+Va0tUNsrmXV4O7RqPZdQzmNwV1S1AewAkLNRyhym01WWELHKGDp1X7i+0Ab5QqqJtRC5hxwhsqDKwJzXmN2+4KGDcWNtW+PBmKkz26fDgeeexVzb54blDoe4A4/RSKumgroTG9nPBxuFmA6e11hDSQGnB9wtEZ7uTlyfwyy+iL1d0iyoY9zY9+dh+68orrfUWqoLXNOnK+iqeWC5Uwa5wLsfmFjOrekmVDHuZGM+y62j1ri8WM4vlfFR1C+Wn8jyyKVszBg+YKVRV0lPIGud98qJXW+ptdQQWkAH0XBJ4jQSMFegp1UZr7TxF2knGTjJco1M9JDcKbs7IWMu1pkopSQ3yeqvbZcZKZwZI7LTsrytoIa+mL2gOBGT7LbDUY7OZqfHxvWH+Z5vkHldYMKfdLVLRSkgEtKr2uDeVvhYpnmr6JUT2zXJJiqnwvaRutHbbrkNDiDlZUjVwV1szoSBrICq2r5Bml1c9NPcmekU9UXgObv7qypa+WF4Dd/bKwlovuQKfxQT7rSU9RqaHO7riajRtTw0e60HklbHdFm4t9zdKzLuVb0tQJMbhefQVksbgGuwFoLdc9m6jvgrg6zQ4++CPaaDycbcQmbKGojbgPPKktEThkEb+qz8NY2QAgHUPVTaetLCMrlWUtdndjanwxtws2tzpYABnke6p3VFVQSeZrsDstbDO2Zp9cKFWUDalu43SGscMaoLuJBo7vDKAHEtd7q2hrgwBzXbrNVtrqIP5jGZHbCbSXVrR4U4II2+yW6nLoartnZuKW9x50TAlvqFNfFS1kRAcHA7gg7hY+CoifuxwP5qZDXuhcDG4jHukW147NNdrkiwqWVdG7WHZYO4RKS7U8pDM+bvuiU90paoaX+Vx5B4UWsskE+ZYRodzlqzuGTRC2SfBatmkwHRs1j7o8VSQcZwfustR3qotkny1axxDTgO9lewTUVxAfBIA49kt188GqN8WjR0HUFVSYa5xez0JyriG72m4DFSRE/1WGd8xSvxIC5nIIUuKqhlADSAR6oZQY3flG1dSSxt8WllErORgqHI+iqgYLhSg55dpVJBdqu3uBieS30zsrmmvdqr26a4iF/8AVhSKcQcJszt4+HlFVE1dpl8KTkFhwVFtvVfWfRTxBMHVVFH/AMN/IHqCtr8o+MePRTtkYdxg5Uepkgmb4VdTg+5CYptFuP6LHpn4udI9QOFNNWmhquCyX1+62gMg5OoA7Lxa9dAWa7jxqRrYpTwW7HP5KBSVPXnQz82+s8eBvLAS7I+yfHUbehUq3I2nXHwP6B62L5p7U2grX8z04AyfUt4K8J6u/s29X9LmSrsg/ilENwI/7wD/AJV7r018Zunro4UV9d8lVDYnTgEr0Gkq6eqjbNQzeLG/dpPBW/T+UuqeM8HK1XjKdQuYpP8Asfn9U0lVSTOp6yCSGVhw5j24ITRtlfc/VPQHSPWcTmdQWiN8jhgTMADgfv3XivVH9mKtp3S1XSV1ZVNb5vlXtw8D2OV6HSeXqkv9R8nn9R4a6HMFlHgWSOWpvij2V7ful7907O6C8WmaAtOCS04VQI6Jw8zCD3XZo1ldqzF5OVbpLKniaIxla3kjZM+dgHLuFMdb6WUEsKiSUDIjho57rbC9ezHZROPKGPuEHABQ3VQ5CT6Q44CjPgcCtCtTMdkLV2h81ZICAwYyob55n4y7ZSTFkbjhMEQB43ToSwYLcsG4vIG6jSRuPJxlS3g8aUGSJx4WhWJ8GGyvd2Q3wg5cd1FkDQCNtlNfBK7ZvdAdQSHgJiaOZqdK3+KK14BK45x9FPNtn3dthcdROA43TNxzpaG79EIHAOU4uGMrs1LUAgiPZCYyfOHRFHuRmlpbV6O+Ic8bIgk2XBGeSN0Zjd9lHakHDSWy9A26yfX8kVodhHjjA3IRmhgHZT5x60Ev6gDInnbHKlQ0uSD37p8bN8AKZDTTOH0KO/Bto8bHIEUoOMd1JjoRkEf5qXBbZ3Y2Cs6azVDiDxn2S3qMnVo8d6SKxlIRjy/up8FI4hoA3VrTWaRpy4jHupbYKeHGkDbukyvOtT4zKy0VcFtlcRlm33VjT2yLYuYAe6lMqYGNIzuhOqSfoIASpXs316Kuvsf4MTMANDcI3iBgAACjaJHkHco0dO84JQSuNkK4/wBKHl4P4V0NHHCK2A4AIR2U/B4SXajVGpsAIA/BIRGRNGzWY91MjptskJzRGzsku0dGlLkHDTuOMDCPFQgnM2wQ31ToziPAUaSrqCQNWQgc9wyMcFnijg4OShS1ox5Bj0VeHufudynEayBwgdmVgvaG+Yke7Jchy+YglPbHj81wjKFZkEkAwfRLBRg1p7LhaB2RhYGYC5gI2PdIcKs4LlHALQeURgA3XNTeyFJUYacgIm8g5RLY9rdhsuyVLIW6pHKlfctyGqK51bVOw1+yEKTa4Ra1N+ZGdMbuyrJ7hW1JzHnHsnxWeV/mkblWFPRBgDGNAUChGcuwVBS1T9Mk7sl3ZaKmZpYMhMp6QANOOykOeyMADZFFZNlaa7DMZq2CMNMWCVDFS4bRHdNjfK9+XnKklg1QeETxN3wiCUE4wozeE9AuRxKByuobUQ7KiD08OA7oPiDhAfMQVAyU6bAO3ZRfmDnGF3JIQDyVUokbaQcnVjIQpToG52QqutZRsLnnfsO6ztdfJqtzqaE4A5KoxX6hRJVbdNUphpzkDYlRfK7zzDUSgU0eganDJTnv3wrxk5s7ZTfIRzw3IaOU6mpnSu9iu08DpiNuVoLbazgZb+aMdp6fkYW1WweGHFoC0NHSAEFNo6UsYGhuw2VxTUrnY0jCps7+k0e3k7Tw4DQG7fdWVPSnIJTqej2acfurCKIAABqROZ3tPRtQqeFrQBjClADGQMKO57W7ApklQXDhIlLJvjHaiQZAO4QXTZ2IQQSXZyURo4VDFLI4F2corNsAhca0YB7ogGNgkyk5dBDmfSF1JdwVYeR7U9x9CmNOMk429VU3brGx2nUyergdMz/hsO5S3NC7NRCH5F4zLhzlDr7rbbTD8zca2OCP1ceV5Ve/i7fqs/KWOgbSMbkeI5vZYesjrbpVOq6+rkmkdudRJCB2+jDbr0uInqd7+M9LTiSmsVH4zs4Ez+PyC88u/VXUvULnNqK6Uwk50B2w9lFgt4c3AGSPRb3p/wCGF+ucTT8u6iZjcysw79FW7JinK7UPHo8/hoHSEGTZ3utNZOir1eQ19FT6oz+Ir16w/C+wWhrZq6L5uoHd+4/Ra5jIIWNjghaxrdgGjCpySNFGgUuZnnNj+D8TGMfearbksYcLcW3p6z25jYqaijaGbA6QSfzVkA5+wRo4GtGpxwlu1I6ENNCH4oUYLRgA7e6KDlAnraWDYvyfZVtRdpJTiAFo9UuV2Ohvx5LaSaGP+8eAoM99jjOmnzkKqd4shy9xOfdOZTnY4SZW7hsY4JEt1ralulz8D0GyG0veQHEnHqniHBAwpIhAAwEiVjDwgTYsYIRAAEbwSRwl4TlfylbkhoBPCWkqRHAdst/dGjpwCDhVK5i3akRmxEowiPopbYgNtKK2MDfCB2ZEu9EAUxPIIS+TkP0vlP2KtAxoGMBdAA4CBybET1DXR8G+YndOHCfgJq+6H4EznkdgJqSE5wAV9FdhMgclVd3usNIw5PtyuXO5x0DNT9yeBlY6qqJ6uczSHIPA9Fnsng1U0uTyx1TUTVchlkcSDwPRDkxpxlJ0gY3GFGLy8rHJ7jbFbDhy53KJHFgg6f3SijII2/dToYsY8v7q64ZY2UsIUMeMDCksZgYwlG0AYwjxsxtjla4QMs5ZOAFvvlFJDRnlI4aFHJ5GU+MQP8nZpskABRwCTlPIyclOLQmFdHRwkkkqIJJJOajjHJB4cDlOiaCSSmNbpOcrrjsAixgGUsnZXHOkd02NgAyV1jM7uTZpmtGwQyltRcVljJ5sZ27Ku1GV/wBiU+WV0riMJ0bANiOEn8jR+KHwtGBspI22QYxhGT4RxyKlLIkkTT7pNTcAi0+64u53XSM91bWCAkkkkI4SR3SyAuSEMblU3goFMfDYXd1EGXu1Aco0h8Ulq61ojHCTOQa5FkBpVdVT7YR6qYZwFUVU+rYLHbM01wBVM5J23UYZJyVwnJynsxtkZWOeWzbHg6B6owGNgkhKi+hJJJKFBUkkkYTeBJp5Tl0A5UXAEo5EB3RBwkB3TjwrSBwMchyOb6hdlPuob8lyVY8l4JGx4KTWZcN0yNu3KlQt3yVKydBYxho2T2nBXCMYC47gJwscXbKHK49j3RpnD1QGgl5KROWSYQWMeqUm2MJwIDUI8oM4LXY9rdRwrSmhZGxugYPcqFTMyckK96dt0tyucVO3dmfNskWWHqPF6LlJ9vo13w8sL3yuuc8eGDZuRyvQpZvBbqxlCo6WGip2QRN0tY0D81DutWwjwGHJHOFhsnvPpui060lKrXZDqn+LOXZyCpUDNDc43USnYSQSOFLkdoaBhIccmr0dc8khqJE7wxnHKDCCTqOyksYXu0hJsz6NFEeMsm2uFtRUfzG5AWmawMaGtGAoFrpWQwtLW7ncqzGCOOEnOTpVxa5OFwa0ucdgsfeK+WpnMevytPAV9erjDTQOZq83ssmX6su/NBKWA5c4Q+GMuOlgJytfa6VsUTNsbKkslKH4mc3IWojGhg2xss9rNNMcBZ5mwx5424VdTa5pQGNzufyTaiSSV5B7cKfQUwjhBP1O3WOTOhWiU1pZGW6uyrp5sO05Ux8vg7c7KuhYaqrI38xSJz2LI5LJcWagmnmE5GGt337rRyuEbNPZCpIBT07WcHG6DUzNlk0RnjuuZfPdLJuoWDpfqJOFaWiEMJq5G5A2GVVxwOJG3KmXevdRW9rIsAY3WKbz0NbS5Ka/V7qmqfg5GcBUlXUNpacyEAk8Bcnr2ueXuVHPPLVzEuOG8AI6632ZLrM8Di+Wol8TffstFQ0zYadvZxGSqq2wA7kK7OGta3vhDbxwXTHLOPyXaQrS0UPzEmkjYKvpIfFlDcrZWuhbT04Lh53b/ksc5YRuisE5rRHG1g2DQs7cK2Son0k5GcNCm3ivMDfAY/BIy7Cj9O251xqX1s8ZMMAODnl/ZZm+Rpc29jLTbjUSjDnAvJ9vRYyvqnV1W+Yk4J2Vz1Ld/HAooThoxnCoo4i4geqkY55GZJFvoxK8kj6eEq1w16GnfuraoZHaqJr2jLnt7+qo95XFx5KNIF/cFoaWSeQNaNuSVpYY9DQCOAo9tpRDCDjcqyiYSUmcs9FxSGww5cHYVhFkYBGMLsUYa0bINdWR2+ndVP8Apahi8sc5YKPra7tpqQW2B5E0o1Eg8BeeMZkhvGFMuVdJcq+WrJOHnbKDFG55w3OfZNjwY5rfLJbWG3Oq6trWjgr0q30ojY1mnZo3VL0zbBT00fl87tycbrXUtPnDWjG26y3WYXAcYk6gp/pAHKuGsAwB2USkj0N2G6nxDA33XJus5IOAwjJJ6wzluLEnJqcoEJOAOVwcomxA2RgCAXUkkRBJJJKCJiSSSUKHJJqShBydq9k1JA1kh0nKGSAkeEwgquiHNWcjCH33KegVcgihdNn6AUdayxkFk886yqJLreoLS15d4b9TscYV/TwtpqdkLGgBo4VFZKcVd0q7nKS5znnBPor+aTQOMrdWsGqMVgh1c2jG4CxF7qnSVDmErQ32qbFC7U46iD+iwlbUF7iS4knddOlMkmiOxnj1zMnvhepdKUEbIBL6LAdP0cU0rZJASdS9XttPHDRRhgxndVqrPt2gQ7JvsioTeUVcqbYxnX8ILc5ynuSaEJZ3AXUklCCQ3HC6uvLQ3LjgI4rJRnuqbo6ipBo+p+wAWf6bpfmpjI8ZwdTsoXUdxdcLiWNd/Li8oHutN0/QijoWuLfNJ5iVrgsIMshhkecYAHChSyl/2RqmfSC0KITkIhsDhPuhaiTyk4lCc9rG6nHAC00VubwBdNRWTPdYXZ1BTuY1+Nl5M6R9RVaxlxc7/NaPrm7uqq58LZMsacKotcGhpncNzsF73xOj+OKZ4fyep+a3gnw/ymBpOEOV2DzlKU6zkIcTTLM2LH1Lsye1ZMlMt7wXnTtD4jzVyN8jeFdzEO8oK5TxNpKRsQGMN3QNZB37rnWS3SydumO2CQ+IHJcd06onEMev0T4wMZVPeKosa6MFVGOS5vCKW71Zqak4dnCFRRFzx3QC1znlx3JKtLbD4ZDi1aoxSMUnllnSRmKMbYT6qRrGbuxnhPa7DeMKsqJXyzHO4B2T4RyzLZbtGuaXHV6rH9edSR2ijdGJPPpyRnla2rqRTU7pSPpGV8/9b3mS9XiVrXkxsJHPJXovGaZt7j5z9Z+Z/h6eUI/lLhGeke+WR00jy5zzkuPKvunKAFprJY9W+GD/AFVPT075pWQNG7iAt3SUXy8LI2t2aML1+mr2nwDVXNJxfZIjYWxlxA4UVpdUSaAO/ZOq5HMYGMONXKn2qjEcXjSDJK6UY4Rzm8nQwhmkjG2FJpYvCj1kblLR4kgAG3dEmeGNDcLNqLVGO07fjNIpvdIFPUhgOw4WXuVXjXJJIMDPfhWtZUDVleadY33wZzTxSHLs5C81rbz2GlqVbKq63X5uqcYxhoJC2fRp8udPZebQHxPMvTek2aqF2BvgFcK6e9nrvCRzNkuQap5M7YyqyNhNfn1IVlM3DnEFR6KLXU5075WSb5R6dR5CXEYn8qyPVTv5LxlbScAzyZHAWG6nOZNP3TI9GTXyxWZCuGcdsgKOBoa3A5UqsblzQOyE5oc0Aqo9njrllHI2mTbCZLERg44UykiLgXkYwuVLctwBuFpj0c2yvhyB29x+YDSeyvMbDCz9OdFQ1y0MLg9gIVjNFPCwKLYjKnU5GnlQjs5HpzjCXYdumX7JMwB3UN5LTwp7/oUSQYKx2G2LGtV3SyNfGC09lSt2U2gkxJpzsgH1ywWrkCsjEkSk+H+ScxgPvhWbNu+Jl3tDJDtjC69ocFJulJ4VSS36XbhAhbtwoc2cOWiK5paUWI4C7OzjZDafNhTsBfbyWFDNplB7K8w17MhZyM4IKu6OcFgBUNtE8vBHrabV2/dZ+qpzHJwthNDraSB2VHcKUjJAR1PAGsozHKKlm7cEcoL/ACv4yik4fjGE98YeAVqyzhTiBGHN4QgNLtXojhqaRjujTwZ5L0T7dOHkMc7srZrcYKzkMuhwOOFpKNpmiDvZbKWpCZPAQDIxjCjysw4bcqWW4wmzNyRhq3QWFk5nkHurwR2gALqeuhpO4CM8o/7jozv9kOut8VdCdgHjg905qM0FB2SFjizGTxOjeWO2LThcj2zlaS8W1k0RqGR+dvOO6zgy3OQl4OhTP5BzmBw+yiyRY30/upsL2u2KUkQfwkWV5Nsc4Ks7HBGF1ri0hzTghFqITnIGPzUfcZBCytODGKRo7XWePHpe4agpzuFk6SodTVDX58p5Wsp5mzxteOCExcnb0lm+Jwsz3QZogRkKZp9017NicopI3PlFU9haSCggYVjPCcZwoXhkE52SehTQ0+YJjCY3ZARPpXCA72V4Cj3ksaKfUMuU8N1jIKoog6N2dR+yt6WeN8Y82COQhyjVCz0zssQ4I/dQamA4yArYx6gMHKE6LIIIQjZQUuSmwQ4AhPLQ4DsjTU5YeOUM7c7I67NplsoTAOYSPXKr6mikgf8AMQc9wFdhgI4QHsyTtsVrjNPk5Gr0mPuiiJTVgqGjI8w5VpQuaeVQVEEtLMZY92ndTaCua52ADkLfTf8AbtmzkKO2ecFxVQF/82MbjsmUtQyUeE8aXDbdHppxK0ZXayjbIzxYtnjfZaE0+g1+xny4achufzTZI/LgrtDVeI3RNyNgVIfDq4/VWMTyVrogc7cqvqqfG+FdPhOdhlBfDnthBOOUScMmfczQdwuOaMZVjVUZOSAq92WHSeyyShgzTjtYEtIOMLikbYxhAI3SXEo6QN0DSc5ARsFNwEmUecoJSwS7bcpaaQMkcXMO2CeFfxSsn2acrK6cd0SkrZKaUOaduCPULRXbJcMTbXueUaKopQd8dlCIdE4ZCmUtdDWtw04cBuCuyQB42G60r7llGR/a8MbT1PGQFKfplaN8ZVa6OSJwBGAnxVLm4BRRnjsm3JIfCWkLmAeQjRyNeAHblKSBzhqYNkbWQE9pXyxPDjLGra0XcDEE5291Dz4bg14SnpA8eJFs8b7d0K3R6JJKxYNQ+Fk0euMD8kJ0bcaHt291R226z0UwbPksPOVq2/L1sAkhxunp57MjUqpYRna+0wgGenBY/wBW7I9p6inogIZnuBbtn1VhJEWHS4be6h1Nvgn/AA4PqEUeOUDOasWJG7s93hroW+calagZXktLUVttl8NshDQcg5W2sfVPjBsVSR6brVC3jk52o0rS3QNMYiQCAmFhHKkMka8AtGcrujPCbnJz+SN4J9EhTt7hSvDwu+EPVTGSJtFXUUDyS+EgexUQTVcD9MjchX3hITqMSZBaCPdCotMJTIcErZRgt5Tn0zCCCMgodRbZY/NA4j2yhxVM8LgycbD17onHJbfspbv0xHVg+G0AnghZR0dws1Q6FwcWjs7jC9SYY5m5bjJUG52lldEWGNmfUjdZ7K2zXTqcfbIyFHcKeYDUdLu6lTU1NVMw9jTn2VbdOnaugd4kLSR7JtDc3scIqjLcbbhZ8GpSz90Cvu/T76dpnpRlv4gFSBujY9l6MwtlYDkH/VVVx6fpawFzGiKT1HBQThk2U6ra8TMnFLkqWyQOGVGqaOehmdFKwgjv6ocb8YBO6VjBryrOUTSMpgzHuE2KcOwjE5wQoU1+x0VW7Ia4co01PHVNBIBKhc47JzKh7CAHYCW1kBccoFUUb4XbN2UNwGRuryN8cwAJ1Huo9Tb4XuMoGCUpwYyNvOGVJfJG5r4pHNc3cFpxgrd9M/EYwsioryxxLcNEzd8/cLFSxeG7SNj6Ib2twNR2VxltNtU/0e8UtxpqgB0Lg4HcJlxtVJdW/wA5gDsfV3XkFl6orrPI1pJkhG2nO4XpfTnVtuvTREx+mQD6XHBTYzUuzXHUtFPLFXWOd0M7HSQj6Xj0RWzwVrcxPGRuR3C1sscMzTHMwPb3BCzF06UfDL85Z36cblhPPsrnXno30a2S7IslPpGrCj55GOE2K6ljjDWM0PbkEOUpwjlGWs/MLPOhyOnVqI2dPkl2y+voyIpgXMHHqFpoqiCtaH08rS7HB5CxD4i3dGpqmSmdrjeWn2WWdJ3tJ5D41tsZ690p19cbBKILlmalGGta36mj816zbrnQXiAT0M7ZDjJAK+ZqK8irIjnIDhwStDZ77cLLMJqGpewDfSHbFYbqD1/jvLKUdrZ7+95jIBbygSsZMPMFU9L9aWnqajZDK9sVdjGg/iI7hXcsfhjZZHW0zv1Wwu6KetoBzExVj6cszqGFpHOyMYUKqo9W7dkSWB8qoyXBQS08cjDHIwFp2IO68560+H8E8Tp6CLS/6hgL1WWkc3sor4exbkJ0ZYOXrfHw1EdskfMlZa6u2v0VMZaOM4Udji12QvdOqOiYro18kDQC7cjHdeT3vpmrtDyXxHQDytUbFg8PrfGWaSe1coiUtUWYV7R1ocRk5WZaCN8YUunndG71CJSyY4px7N9bb9JTjTKdbD69loIalzw2oppMZ32K82pazUACVfUFxnpmgMfkc4KtpGqu+UOj0e2310jhBVgA8AnurWopKSrh0zwNkY4bZC8+pbjHWDS5wjeO59Vd2691ttqBBXvMtO7YH+n3WeyOTsabWf8AOHFqq7PUGot0hdGeYnHb8lZ2/qanleI5muglHqpcU9LWR6oZGuyO3KrLnaY3+bww4ngjlIccdne0uqUujVxVMdQAHAbjYrkjB65WNoayutb/ADF00X9J5H2WkobvTVceoOwfTKTKGTox1EZHaikhmYY542vaRw4ZWHuNgudgrDcrLOBCcufEf9F6CTqGRwUCSAOGlwyDylOBLq9y3R7M5YupaS8s8N4Ecw2cx3cqj6z+GcF5f/ELIwU1Xu54cfJJ+nCsr30Y5sor7JKIahp1YOwd7J1i6ymhlFt6jb4ErfKHHYEoZV8ZZjsjCcdti5/Zhem+vepehrx/Dbm4hkZDTnfZfS3QXxTtV9pIzFVNydi0nuvN+o+lLZ1VSaZ2NOG5ZIwbnPuvKai09UfD+uFXQzSeCx2Rp7j1S1XkzTq2JP0fcsNRTVkYLHtdnsvEPjf/AGaLF1/Rz3CyQCluGNeWjbVvnb3Vd8L/AI4QVIbT3h7Q52Gh2cb+697tt1p6+nZUUszXNeM7HhBh1vgx36evUQ2WLKZ+WnWHQ3UPw+uj7deadwa04DuQoNLOAA5hX6Y/EP4RdL/EW1vhr6FvjAEhzeSV8L/Fv4AdU/C+vkqW0zqm2PeQ2VgOI/Y+3ut2n1KfEzxHlPp1VPfplx+jziembVvMgeBKeAO6rZgY3aXDcHcKxglDSM8qVUUkNYwZaGuxyFs3pnnJ6F4zFcopYZS05zhaC1V+ktBIWbnhdE/Q7YgkKRTyvi0uAJA91k1MFJB6O6emllHoVFXeIG5IVpH5hkb5WQtVUDEHE7rR0NWC0LkW1tHrtPqVOKZMkjZI0scMgqhrqM0coka3LCchaBsoTJomTRmOQZBWNo3xkpckO21zy0Aq8pqt22yxtXDJQy/y3uaM7bq4tlcZYsnBLeVktr3dG2i/a8SZsqOp8QDJCsIpcb8/msvS1ekg8K5gqWlrdysM6zt6e/KyX9JXNYQH91YEidnl2ys212fZW9FWNc1sUhwQMArNOv8AR0VblcjvmZqeXSPXG67cKGG4Ram4EmOR3XaqISNL27kKNFUSMODthDF7Rc1GcXGSKenqKq0Vel+cArVQTU10pwcjP+SqrjQCvjEkbgHYVVSVdRa6nQ/IAO47J2N5m/A51X0lFWxPfHGNQHZeVVltmt1Q6KVpwDtle/Q1ENdDrac5G49Fluq+lIa+N0sUYDuduy6Wl1HwLazjeR8crV8tZ5O12eytrVdH0zxFIcsO26jV9tntkxjlYT74QYxrGwXZr1CkjzVmnk+fZqq6309xpsaRkjIKwF3tMlDUFrm4B4WrtN3fC8U858nY+itLja6e7U5GATjId6LdTqdnZytb43+RW21yeXjLSQU9zdY9FYXexz26Q5aTj25VcPLycLr12wnBNM8XfRPTy2yQo26CSDury03cwARTv1eipScAn2QA853UtgpkovnRLdFnolLcIp2gxnJUsVbxgAnHsVg7ddJKV7QScA/stLTXSKpP8sEFc67Tbej1mi8p8kU92Ga23XqVrmxyOyO2StBBXvdjhYGKYkgjsragumjAmdwuDfo+co9d4/zOMQmbekr3tOMjBVxT1QlDTgZwsZSV7JQCw5VlBXPYRgrj3adxfJ6ijWOT+15RppMS4O2FAuFip6mMvEYa/wBWptJcQ3AduSrD5psrdu6yyg4nQUlauTFzU1bbpjoL8Dg+yn0VxMrQJC3K0D42vzkA/cKmuVkZIDNTNMcg38pxlDiM1yE4Th+Ifx9OC0q1oL2GtEcp/NY9s9bRnTM0uaPZTIayGcYDtLj2KRKpPoKFsovk2cjaW4NzhhOO4VFW265W2Qz26TYnOlRIK+ooX62Elp91oKK5w10fhvIyQkyq2mqNyfsjWvqyQn5a6R6C3bJGytXQwVTfGo5hnnYqsuFrp6jZzfz7qqdFcbS/XTSF7B2yl7DRCyS7Zp4a6eB/hVAy31KnNfDMMtwCVnbf1BBV/wAmuYGuHcqzbGCA+lmDge2UmyDHRtjItoK2uonZgmcAO2dlZwdQRSgR1sQyfxYWbZWSs8r2Zwjskp6j2d6FBtbNUZccmmjDT/NpZwfbKL8y8DEkIJ9ccrNQa4idD3AexVlT3KRnlkGsD15VOLCTXQO69K2G8tLpKZsM5/GwaTlU0FJ1x0hIZrJdpn0zdzEHZDh7hapk9LWMDQ7Q70cuOmnptmeZv6qy1WmdsPxmgc9tF1NRupZePEbs39Oy3lHeLVdIxLbK6KfVvgHdeZ11pt95afm4IwSOQ3BVDJYrzYpTP01czt/w3FHnBUoYPa6+iorpTPorhSRTRP5bI3P6Ly3q3+zv0deS+ptMk1tqDuGsOW5T7P8AE652tzabqi2yNHHit4+631r6is96jbLQ1sbyfw53C1UaqdDzFmS7SU6lYsjk+YuqPgv1h0rqkhpRcKZu/iRbHH23WCkYQ4te0tc04cDyCvueZuRvwFluouieleocurrJTCX/AL1jcOBXa0nm8f7pyb/AwfNJ8dOixyEyalBAIHZe4dU/AaRniVVirARz4crl5pdej+obCC64W6RjQeQDpP2K9JpfJU2xymcDV+NupliUeDLfJHsChGjI3OVba2jlmE1rg7hq6UNSn0cSelrkynNOG8t/dMNPkfThXhhix52DKF4TCdtgnxvRnnoItcFJ8s5ufIueA0H6VeilYdy1GZR05OHNwPVPV6M38H9Gd8P2/ZcEbWHVp59lr4bbQADBH5hHdYaGpZgPDfcBG9Qo9lrxs5dNGMD4cYkgDvyXC2iP/wAKP1W2HStEBvL+y6embUBuCSqWrg+MlPxk0/RhDTULuYOfZD/grJjqgIHoMLdusNujILY0ZtspIiCyJufcKpXZ6KXjZezCR9NVBAzI391Mj6aGxcB+S2Xy8faNqeadpGAwZVK1jI+Nh7MzBZKeEDUzJVjT26lP4FYGgOcuaAE9tFjbOEbuWDRXoYx6BMpqWIbRglddPpGGgN/JFNK5uP8AqkaYbbpTsNVen2LCIj5pCcOflCk1O5PKtI6Om/EDlSmQUbRu3hB8g+Onb7KaCmc8505U6C3AkaIySphlo4tmt3Q5K1zABGAAUEp5GrTxXY9tvkAzpGB7p4iY0bkAhRvmqlwzr5Tdb+S5U3wNUFHomeLFHnUVw1Rx5VFJ189k9Kk3kYohPmZ9xq2TfFeRgpufZPDAVSCSwd3duSutYCclNa1PYAOSoMjHJ3SPRdXSMListjycpIeoBc1hUQIm+IEOSoDdvVBeJnY8NqJIvBJdIMHKjPqo2DcglJlJUPP8zIBR22qHYnJKVOWS1Hcisnq5XHERx6ILKeuqBhztvYrQMoKRmNQ/ZGL6OlbmPBdhQnwlRS2VpIfIN1ZNoqaBg0jJTXVc0rsNAATgWtaHSP3Rhxjg60nONOyPmCIA6cFRDO7OItvdJkUj/M+TKmRseCaamQgCPYIrI3PA1FR49LcAhHM4GMBWOiGAbGBwuMeC7YIeTIBjuiCPBzhTI6PRJZwiIDOEUOLTs3OUCaHRjlBy/ScY5XXSkgYbygmQEZcQ0D1UeeuBOmA5xyrLfBO+kancJhfG7Gl2VADK2c+Z2AjsxA0NdyeUMpYJuJBw0ZccKHWXGKjiL3n7AKFcrs0SGOE5I5Ko5JJqh2ZDkeirsx33y6Q6rrJ66YSOyB2CdTUzQdR5T42MDRsuOJOwVrkwTzJ5YVzg0aWjP5rkVO97vpKLR0r5HAkZWjoLW1wbloVqW1DqNN8nYC1Wd4DXv+4C1FDQgBrWt3wn0lFnSC0K8o6IMLTjdB8nJ6LR6SMUkgNJby3Bc381bU1K2PBTw1oaBxhOD2gZyglPB26KFEKCGAbJSzANwo0tQSRhqTXlxwQkSlk3RjtHF73OyRsnD3SAHOEQDOwQBN/sGxpyDhSGnI4TWYHITstHfhGBOagPRe+FV11+tNui8SpqQD2A3WTu/wAUWMY5lmpg9/Gt4WaVsY9ip6mMez0N0sEO88mjvusteviXY7ZllO01L27aQcfuvMLnfr1eyXVtbI4HfSDsq1lO4uJ7rNLUJ8GK3V2S4gX99+IfUd81QMqflacnZkYwf1WdbBI94llc5xP4nHOVorP0Hf7yWupqTETuHL1Hp/4MUdPFG67zeKMZMZ3SnZkTCNtr+88itVrrbpMKWijMkh4GV6DYvgzdrgGyXCY0rDuXf+i9cttmttnhEFDSxxsaNsN3KkOqSBjOyVK3Bup0ifMimtXRnS9gDfCoNcjeJHNDnfqrn5l4GmPZvbKZrL9yUCSpbHyFPnOhVQodEhznP3J3SDgMlxwq6e5Y2iUSWoqJeXnHslz1GR6gkXUlzgp27HUfZV9TdZ6jyh2keiiMBdsVLio3uIJ2ys8r2w0kgTGuecu3JUiKA5G2FLhodvpUqKkxjsqdrfYEpqJDbTA4w390VtKfTCmiBo/CiCFoOcKt4PykFtMTvhHbGduwUoRDnCI1no3Krc2L+TPCI4hGOEhGAdlNawlv0JCinPLCArwxTsIzWDKKxo23R20zu43RBSPAw9gwfU4USb6EWXRS5I2cp+CeVSXjrv4e9PZN46wtFJp3P+8h5/ZYu5/2nfg7a9fhXaquRZ3pYNj9tRGU345MwWa6iv8AKSPVEl83Xj+2ra6eTT010VNKQdpa2XQMewaCsVef7Y3xQubnR2lltt0Zz5WU5fn7l/8AooqJy6RzrPN6ODw5GXTU5MLgF9vPxLFYETgFVdwuMNLE57nDI7I9ZXxQNLnnGFk7hUCqmLxnT2BSrZ4NNNeXki1VVLWymWU+XsENxDWYwnOAYFGlkydIWST3HQhFYwgUriTgJ8DDndJkJecqZDDjGyGMXnIbeB8MWMKXHFsNk2KMnCmRR6QFqhAz2WYGRxY5CMQAE/ZoQJpcjAWmMRKeRjyckIBO6ed1xEENTkklChJJJK9rIGXQO64OU/G2URDoxhCLSSSB3Xd9eMnCf5Ryo3tKSyDaQAd1Anl1u0NPHddrqrW7wojsOSgwsOcu3ykyzJjoxwEazKOxi5Gz1UljMblNhHCyF2BDcHhGZwm4CMBjYJy7BYxJcclq9k3bkEYTlIHHZcSUwFgekdk48IeMkoQQRznbsmzkPGAUSQCJmT6KHlxdkrPY/wBDEsnWt31Eps0gDF2R+G8KuqqnjAWayeOxsI5YOomOTt2VXI8uJ91IlmJdwgPOTlZJveb61wMantBPCTUVg2ykdB4BpLrhg4C4oQKkkkoEJNPKckjXAEo5OjlEGMDZDwU9qtAjl1/CamSSatuMIZy2lgpTgoLQiSdlxgOEnssewHsFMjbhoQYWb7hGPZaIL2Lsz6DObq7oc7sADCcwgZyo08mpST2gApXEuCfG0FqDH5nDKkHgJL5GLkY7PYp8LNbsJAZUmCI5yQkzltR0tDpFZLfLoLHHpaABglesfD6wsobd8/PGDLMctJ7BYnpOyi61zWluQ0j7L16OBsFM2BgAEbdP6LFZPcfRPC6RQ/1Zrn0crallOzUTk9gqESGWQuI3JRa6pFRJoY4kN2ylSxYIOFmZ6XO4kwAMaDhOjcZ5tKHM/Q0ADlPiYIIwSCS7f7IG8BR7JDg2MgNVhaqcyyeKRsD+qrY2PmcA3fJwtPboRBE1oaP/AFSpywdGiGeiyp4w1ow3ZdmkELSTwiRnDPpVN1LXGCmGnYlJl0bZfZDLM7dKl1XWOAOWNP6rtHTeM/BBx7KLATJl57laCzUerE2NlmmwaE5stbfSCONoLA3HYKVWPbE0DGPZdY3AGBhQZXySzEvOeyyWyOnGGEHgiMhDi3OVaMGiMBRKZmA3KJWTNZH9lkcss1QWCNXT6TgYKt+mbdnNXK3bsqi20brpVtZ2By77LXuDKOn0RYaG7DAWW+z+k11RyNrqgNHhxu3I3wotJG/WJCMNCjtLpZc+pVpAwhgyNhwudN8GpLHRIja0DUdllep7iaio8CN/lYMHdXlzro6OmcHnBdwsBJUmWV73bkuKquOWJvsS4OTyvB0+qbAw6uN0xztTwCrG2w6pA/GwT5NQRmh98izttO2KDU8DJ35RtWtzgOc+qDJLpw0KRZ6fx6sZ7LBdPJ0aK8ou7Fby54le33WlkeyCPLjpAHdQ6CHwpCBwQoXU1whp4hC53mIzhYZ8mhrBW1RkuFcIoiXF7sDC0tTMywWdlFG0eI9vm+57lQOlaNtNC+71TfKAdOpV12rnVlU+XlpOGpZZAly9+skEk5JV7YaKNkL6+paNDPpz3KqbZRurqxkLR5c5d9lcdTVgoqdtHTuAbsCAjZcpYKi6VstfUkv2a04a3sFItFCJpsyD6dwq6jYZZC52Sfdaq10r4G+M9o83AUlLaXFZJLYdHlaNlKiYAAUmN1ncKQ1gIwEicw0sCGwKxXWl3BDbdG/zfU/B7LTXy5stNC+dxGoghv3Xl0s8lbUSVMpy6RxOfZVB8gXS9IGCAAFpOkbYZ5HVkjcsacNB7lUdLS+PMIxndenWG2tpKRkOgZAH6pls1FYEw5Zb0lO2JjfKM4/RXFFENiAo1FAXjftwrmmiDGjAXLvtyPXQeFgAAwpLPqCGxuOykLnzlkAcOF1JJIDHJJJKEOjlEBGEJdRrgAJkeq6gAnPKMOFaZUujqSSSszy7EkkkoWJJJJQgkkklCCXCBzhNSQ5IN1chQbix0tLJC04LwcKXIM8FDezON1cXhjoLky1stUlvY5r++6VY/A+yu6sANI9lnLiHMikI7DK6WneTXHhGV6nnOMY/D/qscdUr9t8q36grJXPDZH5y1Qun4BVV7YjwV04NQWWJl2bHpC0h7GF0eO63ga1jQxowBsqu0UbaRjWNGcDlWzATvwsGonukHHhBGdk48JDhNefQrBMtDc5fzsiDhCYDkHsijhUUzqSSSMISqb9XfLW+R422wrUjOywfWlwc+rZQwPy1vP3ToopFfYKF1xuALxljDrd7rcvc2OMMaAABgBVPTdE2ioPEe3+ZINWfZS5342zytMVwGMqHlxzlDzhNJyVyXO2EcI5fITltHkgDJKouo7kKKhc/YbHlWdRLp2zwvNviJdZTKymacADbC7/idG7bEcryWq+OpmNrqh9fWlwzlzjhXMGqCFjCN8KttUIfMZXDOn/NWUzx6L3tdSrWDw87nN5Y8yAj0Vr03RCeZ1VIwaGHbPcqjjZJUTNhjyXPOFtKanbR0jKduxA3+6VfPC2m/RUuUtw+ok1O0t4Q2xl+4KHnLjlSo24asJ2ugcsgghc8nhZStnfLIXOOQVeXmobHCY87lZvGpw3TYoRYwlPFqdnCuaWNoAx6KBSx8bKxa3THgrRFGSctqHVEjWNwCAceqgMAyXuOyVSS5+zjj7qLc66KgoXzyH6Bx6ro6XTu2SRydZfGqDnIxfxK6lEND8nSyFurIc4HdeQQRmUl7jknfJVx1Jd5L5cXGPIiaTjKj0tIX4Yxq9t4/T/HHDPzX9T+Zn5DWylnMU+Cd07b2ul+YLeAtOXBjONkygo2QUrGAYOASuTOPDV3KoYPG3WfLLJ2hpfmqvVNktG49FcS6WDw24A4wEG3QeFTanN8x3RGtL3bJ0p7A6KXbPCCxNZHEXuGNlXVb9WSp0zsNDfZUl8uUNBQyTy9t1xtdY28nt/G6VQisma6xvsdpopHB48RzcAZ7ryCaplq5nTyuLnO3ySpfVN+kvtc7QSIWHbPdQadmlg1d15nVWbng7MEkywt++y9W6Tj00Ds92/6LyygblwaDuvV+mWH5D/wrmzPV+BjmWWJ5yHbeq5bgPH47pO7p1vBE2Tws7zuPUYR2YYmkC8/6jyanGeMr0KdpEkjvuvOuoATVn805Pg5fkeIGdqQNQQUep+oILQSdkSeWeSuWY4J1KP5IUeoBBKmUwxCB7KPVN5wOVoXRiujirBAeN9ld26TxKfDiAQqYkasKZQTeHM0E7Ioxyc7S2bJ8lm4HWNkan7J7mgjICDGCHHPqk2Ho6Z55RZMOWFRXg54RYDkcosjARws0uTpV/ciEiUsphlD+UM4BK47fBBSmNisM1MQD2DfOQuxt05US3T642kb7YU12QAccqHQh9yIF3ia+HUB5gdlSscdshaKpZ4jDtnbhUU0Xhv47qYM18EuRko1AHHKjtBCk41DhCwMqYZkaydHKn0Mvn0lQACUeElrxsoOq+1mhifqYAd1DroA9p2/NOopdQxypU0WtgGFaeHk2uPyIyFdTGKTIGAhgEtwSrm40xGTpVG8+HJuM5WmLycHWU/HMY4FvZLPsiEh4G3Cbp90050lhkd7ire0Vs39w535qsc33RKaTwZGvB4TqZ7WZrFk1Ya48nJTy3I3CZQSNnia7nAUktwF1K3uOXrfwZELQ13CfoGMohbl32T9O2U+UTyc5YeCMGEOUmMDATdHsiRnBCHDBO+GADkZWZ6gtrYcVMTcNJwQtZs4AYwo1XStmjMb2ghw7qnHA6m2Vc8owYLmbqTC7PlKLcqCWkkLS3bsRwQorSRyOElrJ1q7k1kNPT6hkBVs9MQcgK6he17A0jthAqqYkamhZ7ILs2RgpLKZTFqtrZWujb4R4VdUROBBKYx5Zsk9DYWSqeEa6CUPZqG+UZVFsrGmMRu9VasdrGQETZ2qJucUxrgJAdlDmhLXccqcGlv5rksQcAlzizS45Kt0R2TNwcYzlTJWaCNlHe0O5QsU4uJzGQlHI6ndqaM55XGnO+OF0tD8ZCTnkODwy7oahk0eRz3HojvZnfHCo6Oc0kocBlp2IWjhMVVEHxnI/wAkaOhU9yK+aHUOFXVUJaRgYV9LAM8KJUwhzcAfmoHOCaKqJ5BwUV0YeMgLksTmHIbsnxP9dsIq7cMyWU54ZHkgD2lrm7FUFRT1FvqdbT5Cdj2wtUY9W6jVFK2eMxSNBBC1xmpcnH1Wj/5SNb68uxgYVxFOXt3HKxsjKm01HmJMZOx9lf2+uEjA5pzjla6rccM5cofG+SXV0r2tdUU7TkbkDhTKKds8DXdxsU6nf4rMY/8AVVtbHLbahtTDkMcfM3sVshMmPt3Fo+MHcBAfCMfTj81LpJoayISR74G4zwuyRAHhM4YaZWS04II0qprKBw8wacBaN0Y9EyWnZLE5hHOyVKvcDOOTIYDSRqBTXNVhcbYaZgkj3BOCq/ZZ3WZnFoRAxwhHlFPCEeVnsrAQk3wyeyQBHZP8QDlqV0MFHM+nkD4zgq8t9w+YyyUgOAyCqJ3mXYXuidqadwm12ygxNlUZ9mnkaJBkDKhzRFvmAwmUFwGQJ3ZViNFU0aBha4tWdGWX+myDHM5jgDspsFVt91FqqCUnXGNghgujwH7Jy+0B4kWojinbu3JQsTQu3b5UKmqREQSpwljqm+hHOVG8gY2sBJCyobg+V3qm0VfVUMnhh5ABT5oXQ4cw7HZMdHHUMOdneqi4BnhmoimiroGubu/G/wB0wwyR7uasvDLWUTtUb3YHutLRXCCsha7XpPBB5BTovJlsrx0KanilGHNCrJKWemlzE4gcgq8lhdH5tOx7qNKwOA7Ims9CVPnDJ9j6hmgkZHUP2HBJ5W1t9xpqvZp3XmEtK5u7Ue23eqt0wJc5zR2ymxlgzXaVWS3QPWAz0SLD32VTY+pKSvaIi7z47q7Hm4C0waZzbM1y2sZ4bUvDaipI8C20iM9pI5UWSBkgIe0Ee6sXRnZD8I5yrccE3lOKOSmcXwvP2ynwVbZXeHKA1ytHQggYCh1NuiqOfK4dwluPAW8ZLSsmaQ5gcFmLv0kybMtPs72WjaKm3vDZD4kZ4PopPjQTt1NGD7JDryPrulF8HmLZKu3ymF+SGnBBVvR1MdS3dwz6FaK52Gmr9Ti3S4jlZC5WOutb/FjLi3OxblK+No1fIrOyfVW6GqYWyxNeCsxeOmzGDLSnHfCu7ZeXhwiqCCDsFdujhqBksAJHZJlXuZrrtlX0eWsLoyWuO47KTTTFx0kBa+59O0dQSdAY/wDqaMFZOutlRRSuYWkgcEJcq3E3Q1MbEG8LWNkB0Wn8P7pQ1jmN0uGcKa5jamEOjIyN0OA5PBBaC3OCjwVrW4bM3I9UMtLTpcMZXBEHDOcJU/tKkkyf4VHVRhpAz6qtrLRPFl8TtTQiBzoHBzf0UuKta8aXOxlKayXCcodFC+JzPqGCmw1E1PIJIJHRuHDmnBV5PRsnaR5Rng+iqamilpTlzctPcKnmLyOhY32bfpz4ixtijpLwx2powJm75+63dHWxVkbZad4ex4yCDleCkK1s3UFxs7w6lqHae7Cdk2F3PI7fNdHrt46co71TkOjayXkPAwcrG1NFeOnJQKv+ZAdhI3t91e2DrOkuEDDLII5OHAnG608ZpbjF4crWSNcOCMha0lJFx1Lg8+zCQ1sdSzYb9118RAB7KzvPR0sLjVW1+M76WnYfkqKKrqIpfl6iM6mnBBCRKnJ3dH5D5OJh2vMZ3KtrZdJo/K862+hPCq2ujmGQ3lDfHNA3xIiftlYraT0Gm16r/Fm1oK5kjg+GQxyN/Igr1HpP4jNxDa78x2fpbUtOdv8AEP8AVfPlNfIo3htU8xns4LQ09ymcB5g8DhYbKPZ6XQeV2y3RZ9POIJJaNvshCWMnEjtJXjHSfxGrbG/waqQOpDsWD8P2yvV6C5W6+UrKu21LZQ4aiM7hZXXhntdJr4XxTRNngZIAWbqumpsdsKwimEezgnFsU48jt0KWDc8SKbwS3Pl/dU126fpblGRJEzO/I5WpmpwOB+6gOYdRACLODPqNPC38keL9SdD1NNI6aCAuaezRwsZLTvgeY5GkEL6VqomSDSQCDsdliuougKSsikmpRpJ3O3dFCzk8zrfC5zZUeQQSujIPKtqSvyQCh3Gx1dvlMRbkN7lVoeWPx6cjK0JqR5qdNlT+9GngqQcEEK/tt3bJimrMOadmk9liaepLMA8Kzp6kZBxlX2FCbRuaOukoJMwu1Mz9OVpKC8U9wGjOmQDg915zT172YPIO2Cpgqy5wexxaR3Bwlyhk2Va2VXR6KWMIPlG/sq6a3gO8WncYn/4eFW2zqhga2CuadtvEH+q0MTmTtD43BzTuCEqUMHodLqI2RUosHQ3uenkbS3NoIdsyQeqvmFsrQRwqKooo54yyQZzwfRRI3XK2uzDIZYx+EnOyzyidOu6Xs0krBkbZVNd+nKC7NJnjbrxgOxurClr4quISM54IPIKkB+eyCcHIdiM+WYuKtvnRv8qXNXSE7YGXNC01PPauo6JszWslbIPMx2Dj1CPUwNkHmaHDHcLJVnTlwt9Q+usNV4eo63QE+XPfCDawIR+PMX+Jnur/AIXy01Q649NSOjBOoxA8FTuhPjDdemJhb72ZT4TgwnJBAH+a09l6tpa1gpbg3walvleHeqB1d0LQdS0vlDYZQMtkA3PsfZL25Ms6Y/8A0z3LpXry33yjhqqOtjkDxnAO60VbSWvqegkt9yiY+ORpa4OGeV8S0lf1b8LrhG573PpNflLScfmve/hx8YaPqqJkckrYp2jcZ5SbKn6Mko7eJHlXx1/sny0RqepOgKdwha7W6lA1Yzzj2/6r5rkgqrdUOoLhTyQTM2w8Yyv1Bob4JdLJHBwOx+y84+LX9nLpn4j05rrRA2iubvMJ8bO9iAqhbOvhvJxtX4qqyW+tYZ8By0kNRkyN39VDfQiM5atv158N+q/hxdHW3qS3SQtJxHNjyPWaaARuFpV27s81qPHxrliSIkEr6chqvLdW5IBKqJIweydTPMb90qxqRKoOp8Gxp5tbRvlTAzLc55VBb6k7D0VxFUHHCw2Q54OtTPKOzU8coLZGgg+oVFNBU2qp8SIkxk8ey0LX57Js1I2doB4KyyiaWtwChrhOwPac45HorqjrHAhYqSOqs1UScmJx29MK6p69ksQex3PPssttWejpabUbVg2UU5IBxjKmRSEkbLLUNdpeI5HnB4V9DUtLRgLBODTOtVfuRf0lQC3S4g5TpoG6cgg5VPFIWkEFWMVS1wAJSZLBoUshIZHR5YTsgV9uFY0ysG4G+EeRmcOShlcw7FUpYI4xaxJFLSVdRbKjQ/OnK1FPUQVsQc0g5HCrrjb46uPxGAaiFSxz1Vvk0gkAFGpZEOLgsLomdQdOQVkbz4YyRz6LzK6Wuotc5BadOV7Lb6+G4Q4cRrA3HqoV5sdNWRkPhadvRbqNQ4vDOZqtNv5R42BrOrSrmyXfwHiCoOWHYE9ly7WaS1VLssPhOOx9FANOT52HHddOF6lyji2aaW81VytsFzg4BJGxXnt/6fqLfIXtaS3vstdZru+ncKepOW9itDWUNLd6TSQDtsfRbadX8Zz9f4qGuhtgvuPGGe5TdGd8rTdQ9PuoiXMjIIPYcrNEHdhGCF39PdC+GUfPNXpJ6ObrmuTpI5BGU+KrmjcHMcWkeij4PqnNTJJTMybjyjVWy9RSsayZ2Hcbq4jlDwCNwVgA4tOobEKzoby+F4Ekuyw26fJ2tN5TGITNzT10lM4aTsrqjuzZAGg7rHUdyjqWDQcqfFN4RBYd1zNRpVLs9fofJuqCw8m3grXEg8K4pa7IGcHZYSiuL8hryrinri0AuOy4+o0qiew0PkoWRTya+Ot37I/iCQAcLOU1cNgSrGKpyAQuXOvB269SrFwSpqSKQYc0EFVNZaPCzLArVlRnYozZGbEpDW3kb9szOxVTo/5coyByCjtIkw6nk0O+6tKy10tZuRod/U0KnkoquheTp8SPsRuVTW8XKMostKC8zscIaohw4yVbtkgqW+UjdZHW2X6Tg+6k01dPRu3yQEmdeOjVTa+pllX2QS5fH5T6hVjam7WZ+cuewK6oLxDVO8NxDXYU2WGGduHsBylyjg1fa+YEO39UUtWBHUjS73Vs0xSjXDICs3W2CGUl0J0OVYJrvZpNtT2eyX8aHRtnH8jdMfVM/uskd8qRHWBmBNsfssvbur4HlrZxpd3WgjuFFUxhwcMH80Mo4HK6L9lkythkwGndS4JnkjzHdUYhjdh0MgGfdOIuEBBiHiAehSto+M2jUMOpvm3/ACQZPKQTsPVUUN9kiIZIC1w/qVhDfoZdIlbn3U2sY5phqiKlqmeHO1soPIcMqnl6TEUvzFhrJKSUbhod5StDE6jqQDsfsmyUs0Z8SB+pvbB3CopYZFoeteorA5tNe6V1RGNvEaM5C1ds6ust7YBDKI5Dy0nBBWd+acRomZnHqMqvqrRaq1/i0cnytR/UzyglVnAxL9G/lbqwW7j2UGtoKWtgdBVwMlY4YLXDIWNbV9YWXSISKuEd+ThWtv67t0umC6sdSzcEuGBlHGcoPMSOP/Mihv8A8JLBcoXfJRinlO+3GV5ne/hR1BaJHvpqczxt/pC+iIpqeqaJKWeORp38rspxYTs9hI9F0dP5W6nhPg5mp8VprnuUcHyZJSCneYa6mkY5uxBGE+GloJDhuy+pK7pvp68xeBcKCN432IAx9isPevgVbpYnPsVQIHZyA9y7mn82msTRwtV4SSea+UePxWimfu1+Puii3Qt2A/NaG7fDvquwyO1Uz5WM/E0bEKlDJOHOwe66lfka5rKZlXj9vE4ghRNGC1oT/Aew+Vu6NpqGbxD9U6Kaoc7TLHjHdM/nNiv4MJdIBorQDpAwh6KgbyhWDauE7akXyy9h90yOsS7Aeg/RUO17+ThCdOQcY3Vy6nj50coEtvgI2GCtC1sGsC5aGaK4SgjPCXjDsn1NDID/AChso5p5/wATSPzRx1MX0KWmlF8oeZznlcFS4fhCCY3N5JTdQHKOVjZSgkSDUk42TXTE/mhpxGUHyMOMMjxK/wBU/wAVxGChImArVn7D+NnCNW+OE3XnbHCImeH7qnMnxhA4nskQT2SaD6ruPXdX8gahgenoA+yfrb6oG9w1RSDbJEgIPiDOMlLWPVR8dg4Hl7yRpOETfbdBEjRyUx1dAMguUckXgk6/ZcL89lCfXZP8opNq3Dctyq+QhKc9/ZuUmtediUyOqHBajGZpAw1TcgoxyPbFG7DpP80Zr6dg2fj2womSlrHom7sBMluqmcM3Q3VVUdm8IAfg5wiNlDRjSl5wUjgfM4+dyK2BpGp5/dC8Qei74xxjCmUMDB7WnAakYmuIc9wwo3i+y6Hl+CEblgvBLxA3aMAlISnGNKjtcAco4lGMY/dDuSGRaYRrynsBJ3Sijc8jZTRC2EBxGyuU8dDowbOQt2GVIcOMKLLcKSIbuxhVdZfC4aKYZQNhxlGL5Lp87IhlxGFFnuzQNMDvMoVBbLtcCJJ8MafUq+ounqakcJHOD3AdwhzyG5uXESrjir61w8Vp8PuFZ0lrijAd5sj3Vq0x07MBox6qhuHUUVNIYogD75RrkvKjzIm1NbBQt0vH2VBX3b5kOZAcZ2JUGoq5KuUyyPLs8b8JoIA4V9GO21yf2sYGnvz6p4IA4QxICcBSI4y4hQTzLsaA47AKZTUrnOBxhEgpTthm6uqGhdlp042RJ4HVUObOWy35wdBGFp7bRZIyOEGgpAzGWjJV7SQNZgjugkzs6bSqIWmpWsA8qnRjSBgZQ24aMBcL5Ds3ZKbO1p6lFB3zb7IZLuy6ynkdglSG0zfxBJlLcbYyUQDPMeMqQyPbhOMUUA1bD7lVtd1LbreP5kwz6JMrYx7LdqiWJdEz+9fpQnXSjgPmkCxlx638SUilhDxxl3CoKqtqax2uSV2/bOwSJ6uK6ETvTX2m6r+ubXQuLADI4cALIXTri6VbntpmNga7uByqmWFzyMNyTsFOtPSV2vExjpYS4N+rY7LNLV54yYp2Sl2Uk1TU1ZAnkLvuUSltFdV4+Vh1Z7L13pz4LyaxNc3NG3HK9BtXR1hsjWmKnYXjuRlZp2qQUK3N8ninT/wku900vq3OgaRnK9N6f+FVntOiSaATOx5jJuCtnJU01O3EeMjgAKHPdJqgaNwEl3JGivT8hWw0NuYIoo2RBowA0YXHVeeOCqueshiOqeYD7lQZb5TkaaYh59wqd/Btqr5L8zawTkcKFLWRRZL3b+ipjXXCp8hDYm/4RglFjpaiTSSSfcpEr8mlJQJElydIcQ5CHpnl3eeVLp7c4AagAVYwUIGCAq+QJ2qJUw0D3HOnn3U2G1yHGRsrSKlYBs1HAx3wq3tgO5shxWyEDcb/AGUhlK1uMBGY05wBkqXBSTTcR4RR5AldhckRkbWjHC7p9CrWGzOeQZRsszfPij8JOkozLeOsqBunlsT/ABHfkG5KdGpy6Md2uqr7ZZCNx4GcKQym1gHOMrxbqH+2T8O7e4t6e6cudzLTgGRzKdrh675P7Ly7qH+2N8RrkdNkobfZ49/7lpc8j01E7fknx0rOXqfP6WjuWT7BbRAjc/nlUd0636C6b1fx3rG1UZZy2Wo8w/JpXwR1P8TviB1g3w7/ANV3KqZnIjfP/L/8oOP2WWc6WV2qR5JToaXJw9R9U5f+jE+3r9/ao+Fdndots1Zdnk//AA8ehgH/ADvICwd8/tvV4DqTp3oqkjDfplq5XvOP/CQvmIRYASdGTp9AtEdGv0crUfUOqu46PWb1/aj+MF41Cn6g/h0bs4ZSRtZp+zsav3Xn9465616jcf451Rc6wOOS2SocQfyJVSGAY2xhEwCBgYTlporowT11935zf/cEGnG+T7roB9EXASwExaeKM8puS5Ywx5+oJeGMYwnruMpka1HoQ8ZN69+lRKicR4y4DKUtQ1g5ys9X1xmkIbnY+q+mSng/OEI5YO41XzM5IzgKA8BoyiOdncqLPONgs85bjbXHAGabB0gITGE7ldc0vdnCkwx7DbGEKWTTnahRRluymxR4AJTYolOijDQnQhkz2WCji04yjYDQkAAhTu22WiEcciH93I2WTOwQkzfOSU9EEJJJJQgl1q4utVogvqS0+6TURrfZaElggxrXahsijhPDQE0kDlA2WNIx3UOsqwwY9dkeplbG3U44HKrRmWQyEbHjKRJ5DgsHWt1HOOUVjE+OPgAIzGbcI4QyHOa9DWx7eiI3AzunAaQm4K0xiKlIenJJqgIkkkkQYFFJwMrqEqbwX2OBxnZdAaPO47BMaM5BKHUSks0N2ykznhEwRaqczTYZkAbJwaAMkpscXdwx+aZNJtss02MSyBqZNPtsqiol1OACPX1AIMYOSq3cnJKyWS3cG6mv2w+2EItK6CdjjZPa0EZISFldj+hJJJKFiSSSUIOSSSUCbwJdAOUgO6ecaeFAJTx0IAJyHg5RhwrQEXkYeFGed8KTIQQovr90ix5CRxxyASjRMAOwQo+6lxNwckKRWWW+B7GgBEamrh4T30KaycldgYBUN5yUWY77FCYCXBJk9zwUo4Otai5HqubY9E+ngMhJHZSX2ofTVK2W2I+IEHOMqdSxeK4MA3dthMjjDBjC1PRFjfXVja18WWRuwMrHZPJ6zQaWVk40xNz0bY22egY5zAJHNUy810scIij21kgnvhTJ5mU8GfpDWrOPnlq59bjkZ2HoFisf6PoMKo6eChEdSsPJCsI3Bg4QomADYYXXOz5QlDo8BomGeTJHlG6NJ53YH5BOpGCKmJfsSFymHj1A2VN4NNcc/wCSytdOWxtLhvytJSMLY26gq+3RMLtJbsFbEho2CzWSydfTR2rkdLM2OPUcDAPKwVxrp7hXESOJZkgDOwC0l+uLYYAw51O2ACzMUeDrcNykSlkK6WXtRJpKcPlZCwcla6khEUYAaBjbZU1ipC5xnc3Y7BXz3iJo2yslkjXp61GORlVNoxEw4JT6OlOPFkG/ZRoWGpqMngHJ+ytWkfSPyWWcsm6KycaA0HAVZNO6pkLWDIbt+al3CpEMDgD5nbBKw26SR4kftk5JKyWy2ofFNtJF9YaAUVEZntxJIM/YeiVZVF7jGPzR6upFPFpbzwAoVOC92pwyeSsEp7nlm+EdoakjJfnHsrF7hE0bKPHiMZ04VV1FcxT0u0gYTlJxvfBdktkdxRdUXj5ioMLD5WbKia44ye6A6Z0sjnvOcnKJrDgE+EMHIst3yyHa4lwa0bnZaCljFNTgEDU7cqrtNL4kvjOHlb3VtK4ZABS7+ejZpYf1MWTIcBarp63CKISOG7t1QWilNXUhh+lu5W6o4Qxoa0YwuZdLB16sLkMB4EJlI+lZOGml6ivROT4bXaVddSXD5em+Uid/Mk2AHui2SiZY7X8zM4CaTzDUFjc+S5vIupKxlPDDaaYgCNoDsd1m3kudpbvhGqXvmldK55JcSSSi2uhkqapoYMhvKiZC9sdKy2W59dMBreMhZO4V77jcMNOxK0nUlzbTUpo43AANxhZq2Uge4VMgOx2wjKTyW9vovOxjRuTuVpoQc49FBtdI9gD3N5G3sFashDgEq1jVx0PZGA0Jzn6BkhODMbBZ/rW6C2WpzWPxPKdLQk8yZJy2LJkusb2blcvlYn/yYPLsdiVTxx4GwUQOL3anck5KtaCAyyNjAO5T4rYssyubk8mh6PtInqBUPGWtGSvRqSnDcaRwqqxW5lJSxs0eZw1ErR0sZaRtyseos3PI2AekjII2VtAMYyo0DAOylxAADC51jGrkO1oHATxyuYwu4Kyt5YAQcJqScqKEkkkoQSSSShDo5RgRjlAXQTlWngCYVJcBGNylkIsijqS5kLqhBieuZCad1XRB2R6pEjCGMnuk3PqqyQR5XDwkkqCSBuJJ3KY84aiHhAPJ+6KPY6HZEqRkE+gWV6kqDHSua06Sc7rV1mAw/Zed9a17Ix4THbg5OF0tKh7fBg7pNJLUYc7gYWy+HluidHJWyNy5jsbrCvL5qjGCS5wAXs3T9tFutlPE2MNLmhzj3JK32z21C13yW0DNxgcqaAAOEOnYABsjnhcmyTYw4cAEKLhxdhHPK7gJZWRAd11JJUQSSS4ThMTwE+RlTJ4MD5v6RleY0wlvHUTnPGYg7UCPvwth1jdfk7VI1r9Jf5cqk6WoPCpPmXjD5OPYLRBlGhwGjTwBthRJySeUeVwAxlQnOBPK0qOQwn0jKaX6sjHC7nugueCNJWiupsVb0QLvVNpIDM9wwF4zea+W5XCaVziWh2Ghbz4g3cU1J8uCdTzgLzikaZ5Wsxse6934TS7I72eP8rq97+NFvQM8Cmy4bkbLrpM5JCUjw3DAcADCboMjg1vK9C+Fk4tcfklgt+l4WyVBqHtzhu33V/UTnVjCHa6VlJSMy3D3DK6/zP2XLte6WT1GjqUIYYowS4bKY5wjYCeMIbGBrc4UW6VJjgOEsbZLaihuVS6eodvsCosYy5J2XEuJ5Uiliyd0yBjn93JMpWZAJCJVvDIyQUmDSAAOFEqHnIC2Ux3Mx3cIH4ms5I5XnvxK6l8OF1vgkAc4acd/craXSsNJQyzMxlrCV4Xea6S5XGWeR2dyF6bxmn+5SZ8v+vPNQ02k/jQf3SINO0uOVoLHSOkl8Qt8re6rKKlLzsN1srXTCmpWjTuV6+mOD8/amfoLK/QMAdkOlYZpwMd0qqQOIwFOt0YEIk07la1wZY8skFugBoHZJowMnunA6nLjxnjss19uEem8ZpFxNkeeTTnjcLxv4ndUPnnbb6WXTGBh4Hc+i3PxB6op7DRiNkn+8vaS0DleC1NVNWVL6id5c5xJOV53XannB6WMlBLAxgOQccqS0nCYwAjJCI3Yrizlu5NEZPJZWfJq2tI2Xr1oj0WjLdiRheUWPS6qbsvW7X/851nme68FD/T3EQDHKkUTcO1AIQGVYUTBjICT0z0kY7mCqo8Rvlx2XmV7OqqeccEr1K4jw6WQd9JK8ruut7pHA75OUMm3wcnyvEdpRVX1DCbSgEpTDBGU6jBySmwPI2InRDDcYUWtADfVT2M0t5UKseSOFpRk1X2wZVEEPKNDs8Edk1xyeEgMJylxg4G7a8o0VukMkLtRzjhOdscYwoVpnOdJPbCsXtGMgpM1k9Bo7d8OTtK7fcqa5oc3lQIvqU2D6Qs9kTt6ef24INS0tILUxue4U2pj4OFEGR2WZ8Ggm2uo8KTQ4+UrR4a9rXDghZHWWEEDdaS01Qmia0ncKI00Sy8Mk+GS1wIVJXQYJdj91pC0FuFWVcGo7BMgN1MftwUUY8xYeU2VhjOccojWEVuTwnVJDsYCtrg5yWGDjxncZyu4whNd7Iv5JeMBxJNFUGGcajkHZaABskYIPZZcDJwr221ILAz0VPg20SzwwdbAHDjlZe5QOhlwG7eq2szA78PZU1yoxJG4ad06MsGfX0/JHgzsDhjCYTpP3XXQugdpJXXDJTkeenDHA2Qlwygx6s7lSCBjCFjBKYhM4FzZax0bvCPHutE3BGQcrFQS+G8OB4WqtdXFLGPPvhdPSW5aicvWQ3Q4JWndE8M+icG78ozACAMLprB4zUrbMD4Ixwh+GR2U3w89vzTPAQpIzuzAGI4JRXND254TNBRIzjsoynN9lTeKCSpg8g+nf7rLzQmI6SMFehCHXyMLL3e1ubOS0YBSJV5Nunv9MoWyFhGApokbKAECSDHAQY3FrsJNsODs6e/GB9ZStLctCpnRkOI9Fo4x4rVCr7aSDNE3B7gLDNYOjKG9b0VsNS6BwI3WntVSJ4gdsrKPic0kEI1BXTU0wLTgdwgU8M0aa7a0mbJ4xjASdvyEGirG1IwRuFK0pje5cHag8rJEmi1DOMqC+LG5CuQ1pBz6KLNTasloS5RDccorQ3GcobQQ4Z91JkYWnhCI9EnAtrBxSqCtkpJBg+U8hRSQOUlQcJuLNgxonjErOCMqPLFk7jhVNpur6Z4ikcSw7fZXxDXgOHB3CM6FUlMqqmmB/CoL2GJ+wV3PGQQcZyoNRBq7IQp1ZARPDsDCc+AEAgIRY6JwIG3opLZg9oTa5GadXBXVlFHURmORmx49lm8zWuqLN9IPfghbR8XfCgXC2x1kBY9gDh9JHOVqjLHJytXoYzg8gaCtMzdbJMfmrNkrahng1ABB7rIN8a2z+HJkDPKvqSuicxrid1srt9M4eNsdrCFlRZ6jxI3F0R7dsK9pJWVjA+M88j0Vc9zayEs742UOiqJqKcNxgenstkZA4cWaGSDAzhRSMZBU2GRk8escYQ3sDd2hPxlBp5K+aJr2lrhsRhUF1t4hZ40bds7rTPOdsYUaWJj2ljm5B7JM4A2JejIk5TdPurG7W5sDRNADgnBCrsYyCs0oZMrR044Ka5mF0NyV05aMeiRZWEAI0lOG66WknYJuktPCS1groKwgHdTqS4PjeADgfdVpOpLf1RQscHwBKuM+zXU1ZFO0BpyTyuT0UMwG43WahqnwEaXYHdXNFc4ZyIy/cDuVurtjLiRjsrlB/aR5HPgkLHN4KkRTHLcKfNSx1Uelwwex7hVcsE9E8F27OxTWscoTnPDLWGXW0NfwlNQud/NgeARvhRo5I5GBzD+Skw1GcBU3krGOQHmewtP1BKne6F+W8qW9jZBloAd6oJiySMYIRJ4F5z2aG13uKeL5WuHGzXd1KmpQ05YdjusnHkkDOD2OVd2y7yUrRFVN8RvGe4TYTMtlUk8omGIO8ruVFnoQPMFevpYqmAVFMQcjOyh6cnS4YITlHIlSa7KmOaWilbJDlrh7rXdO9XukeKepdv7qgq6MadWnCqSx9NJra7golLYwJ1QtXPZ7TDLHUMD4yN+yfg+i806d6snoalsdS4mN23K9LoK6nuEIngIxjJ3To2Z7ObqNLOLH+GfRcMeOyOGYPCWkHstCOe8p4ZFMY9Ezw/RTNG2MoWgKSQSaIzoRIMOGQq+e2uY/xaQ6TnJaTsVchpAI9UwMSnDIxTwUzZsEMnYWO9eyOaZsrRnSQfXdTZKdsow9gIUV1FNAdUDyR/SULr4HRuZnLv0hT1BdNDGIpOcs4/RUDqi42ciGrhc+MbB7eQvQW1Bb5JW4/wAkGtpKSqYQ+Jpz3ws7rw+DTXqHnEjL09bTVbQWSNcfQ8pVdvhqm/SAT6plf0m+F5qLe8tPOAUCkujoHfL3M6C3bJCXKO54NKtjHmDM9dOl6iJ7pacDB5CpYpp6KfzA7bOaV6gGxTMDonte0qnvHTlPcI8taI5Bw7CRZDHRoq1bbxIoG/LVsXiMxn091Dmpyx2Fysttws7wZAdGdnN4U6krIaxgZK1pP7pUlng1qzjgrHszjdRnsJOyuquh0DxIdx6KA6EuwgcWg4WfsHT1ZYNEu47FTodFQMDDgexVbIzjKbFNJA7LOEnHpjGm+iTWWdr/ADQ4Y707FUzqaogeWysx7+q0MFYxzA4nc8gos8DagAloU2hQslF/cZwOe0+Ulp9QcLVWLrqW3sZTVocQ3YPHOPdUlXa5YyXxAY5wqyYODsPGCEUbJ1vgKShauT3K1dS0tdG0sna7PbKPcLVQ3aI6GMY8/ixuvEbdcKu3vD4JXN9s7LfWLrmOYMgqYyx42LidlrqsjZxJgudlDzHoLV9P3G2SmRgL2d8bobZM/dbKmr4aqIDW1+RwVBrenqeqzJANDj/SjnQsZR0dD5SDe2XZlKqggqh5mNB9cKIZq63OacFzBt5T2VpV0VVQSFkgO3dDbI2QaHtG/qFitoO/p9V9ylWwlFeqWqw17tD+4K03T/U9x6fm8e3SjBO4JyFhqq0NJMkBwedkKGurqB2mXLmhYbdNg7+k81OpPnDPpzpj4g2zqNjYTpiqg3D2E8nuQtIyUsdqacEL5aoq8nTUUs5ZINwWnBBXp/SfxSjZFFQX+NxLcNFQ05z9x/qsM62j2Xi/qKu1Ku18/s9e8WKYYJ0uPrwolRAW+49lEjrIakNkppBJG5uoOHdTIqjIwUprB6iGohZyQpBpPGCmFuRyp8tP4o1NGfsoL2SMO7MIMPORqaa4Kq62G33BpZNA3UR9QGCvOeqPh/LSMdV0h1NBycDfHuvWHuDsZCDIW40uaHA8ghHGbRh1Wgr1UdrPnzwHRuAJ3HKkxTGNwHK9S6i6JoLuwyUbWU1RzkDAP3Xm9ztFXaqh1PVRlrmHGcbEeoT4zyeO1fjrNNPallEimqSQCQp8U2cbj9VRwuIAKmQ1BBGyZlGHDXDLlsu2SrC23yrt7v5TyWHlpOyomSl+AdlJaBgFRrI6m2VTzFnodBfKWsDNTgwu91YEZ37LzBkrmkFpIP3WgtfVlTTBsVXiSMbJMqs8nZ0mv+7bYaSSkka/xqd5jd6A7FT6GuEg8OXyyDYg91Gp7hR3CMSUrwQfVNqKQTHUHYcOCNkpxweghbD0y6A1KPLDgbDH5qtpq2ajeIqpznN4Dj2V5G+OoiDmOB9UlxHRlGfBlrzYoa45DRFJyJGjBB91XUXUl36emFvvbPFgjOBNj8PZbeShDxqwoVbaYK2MxVETXtIxuOEvANlWOV2Bnp7J1VQ4donicPbIXmHUfQNz6bqRdemJ3MAdlzWnsPZag266dJ1Rq6F/i0zznwhucLQ2rqG3XtphLQybG7HbIGsmZwU+0UXw8+PDqWaK0dUNLZWnR4hONuy+g7F1Y2rhbPRVQkjdvp1Zwvnrqj4b2e+NMscTYpxkh7Rg5WJt/VHW/wAKKsvqp/FthcGtIyQ37rPOG4y3VuDWVwfZfUdjsvWtnfbL7Qx1UErcFrs8fkvj34uf2arx0aJLz0o+S427cmnA/mxY9877f5L3X4e/GWxdUQsbDWtZNpGWk8nuvUKStpLhHplDHNdse4P3SmnHoxX6SN6yfmW5mwyMobYyXADZfbvxY/s0dL9cyPu9ocLfdCCWyMaPDcfcBfJXWHQnUvw/uptnUlukhBJEc2PI/wCxVKeezh6jx863wihZI+nw5quqCsjqWABw1DlU7gHcjZMbE6lcJqY4cORnYhUzHDMHg1ROjdEbIdlT268x1R8CYGOQevdWYaXYWecc9Gyu3PY6phjqozHKNQPf0VG6Ca2ylukujO+Qr4eUblClijmZoeMgpDjk0xljki0lY1+CDlaGirHYGVkainlt0okhBMP+RVpQVviR5BysVtWejdRqMdmvgqw/G4UyGoIIOyy9LWnOCVa09UHYWGyHo6lVxooqrUADuUUbZVPDUYICsoqjU0bJDi0zYpJktkvbCBWUMdUCR5XJwOMpzZAdkUXjkJpOODPvlqLVODgjB7LS2+609bC0ucNXBBUero4quIskHPB9FnGulttSW76QU3cmZJ1OPBqbrZKS6QGNzWgng4XmtzsNXaKpzHNPhg7HGy9Dtl3iqR4TnYONso9bb4LjC6KYAg5wccJ9Vrr4MNtClyjyaopTp8SMcb4Ck2S/Op5RTznbOASrq7WKW3yODWuLf2VBW2Z0mZoDpfzhbYXbjmX021f6tXaNbJT0lxiy5rXAj7rD9T9IywNNVE1pHq1uEez3uot9RomcSwHBB7Ldwy0l1pdtLmuHHotun1MqJpxE36fT+YpxZ/uHhT2PieWvGCFwbZXpXUnRTZ2F9M1odyCAsFU2+agmdBURkObtwvQafWRsWUfO/JeFt0M8WcIri0jsg+YvyVPLW4OOFH8MnstDsUjjfBJPJJo66WmxodgLRUF3ilw2RwBWQeDsl5j+IoJ1KZpp1Mqej0iCbU3VG5SqeulYf5jsgLCW2+y0obHI4lo7rR0l0palvleAT6lY79Kn6PRaDyeMTTNZTXVrtOHbhXdHcmu+ohYaOTQQWu/RWMFfpwCVyb9FF+j1mk8w12zdw1kZxh26MKggjG6ydJcBt5lawVwfjO65d2jwen0uvhbHOS+bVu74T2yh+xI3VUypyAEVkud1hlS4nThcpoJVWlspMtO4AnsoL454DplYSArKOqLcAlPMjJRh7QQlNNDI4KjDHeZjtLh6bKTTXKtpHAPdrYizUEb/ADRnBUYwTMOk7hLktzGqWx8F/T3KmnYNwHFKQB/ICzwGDqacFWVLWEsDJTx3S3HHQ5WZBV1opZzqawMce7dlAEdxtztULzIz0V+10Uw8js4TXQtcNLglNZC57RBouqWscGTNLCr+juoqcPiqAPbKz9XaqaXcNwT3VeKKoopNcbnOb2weELgh8LZL8jemogqPJVRD/mAQ6qz1GjxLdUtcP6SsvSXyWPyTNJb6nlWtNcjs+nqMe2dkOwerk+gsNxr7fJpqGOYR37K7t/UR21PH5FQWXCCrb4VbED7oMtngkzJSyZB/DnhLayOjLJqYbzR1DtLw0E90aSnilGqLQc+iwj6WppnF0bng/dFgvlZRuAcTt6JTgxsbor8jZCWspnEgkt/pO4Q5mUNxBbW0sbi7uG7hVVF1dQyYZWHQTsrhrqOrYJaeZhB9CheUMc4z/Er32F1K0yWuvljcdx5zj9FLg6g6jtUTRUQsqmgbkDzKQKWTs7lNPiQnBBKiJKOeg1L17ZZsMrWup5OCCFoKa4U1XGJKSqjladxh26xlZbrXXAiana15/EBgqlqOn62gBktVXK3uAHFMjLItto9cjeJWeHPGHtI4cMhVF76G6TvsWmptvhyf94zY59V57Tdb9aWRn+/UYqII9iQN8LQWv4uWGqe2CrD4ZPxZHBTVZODzFme2Cs7Kq7/Bqspw+ayV7amMbiNzcO/zWFuNjvdje5t5s80UYONQGV9D2u+2KvY2SkucbtQ4zgqxNNHNE6F0bJY5BuHNzlbKvIWQ7M0tND0fLrae2SjUO/uuOtmd4JyGHjde+XP4YdLXKMkUTKaQn64RpGfssbdfhFfKLVNaiKqEcDut1floPhip6TB5ZNT1tOdwXN9RuheLKD5wVtK6wXy1ktrrXLGAdy5uygSU8b9nsa3HOy0x18ZiHpmzPMkzzsieExwGcBWstnbJ5o2ZJ9FHdZahpyCcemE+Oqa6B/iv2isdRxO3LMoMtuhAyBhWclJVxHYYwgPeRs6M/onLWvIuWijL0VL6ZzThrSUMsc3kK1fNTbakNj6V2xG60R1qS5FS0WPxK4tcNyneb+lWXysUnm0lIW+WX+7jP6J0dbB9gPSy9FZkjslq9lLqbfVwM1CEkewVW6rcSWBhznjCbHUKXQmdTh2gwdgjZPL8DjlQXOq3bsZgIRhrHnGvPqE3Jnk2iwM4J7LjpzhRWwyDd/P3RRGQFe9+ikt3Rx1S8Hhd8Zx7J3gH0T/AcDwglLIarbB6nH803wv8IUoQDkhODA3hVll/ERBF6NRGwnP0qW1jQeEQNGOFWSfER2Q7bhGEe2Cn4CIB6K1JoOMNoLw/ZLw0bI9V3I9UfyMLaB8E+iXgn0UnDPb9V0RE/S0oZWBKpsieAf6f3S047qyhttTN9MYwpcVjeXfzWgBV8y9jFRKRRaUSKmllzobkLRttdLCMuxt6pj6m305HnDSPRErl6CVS9lXDaahxBecBTW2+CFuXYGO6jVPUQbltPGfuVUVFdW1bsb4+6pzyFiuHRb1FfSUg8rsn2VZNfJq0mKA902jtdVWyhhacHnK0du6bp6R4lkAcfTCtSyFhy4XBn6ax3K4ODnHLTyVpKDp2CliALQ5w52V1DGyNumNoaB6LjyWclFkNUY5YKKNkY4AA4CDV18VO3U54aQq+69QU0EjoWOy4DkLM1FfLVPJeSR23UFTls4RZXe+STt8KGTbuVTEFzgXclNLT3CdglMRnlKVnYQYAHZNe0vGxT3RucQQFJp6R5xkIuhcanJkaGmfqzjJVrR0jiW7KXSW8HHlVxTUGgNdp491WUa69O2Bo6EAAuburqjpmjHlUaN0MeA84U6GoaSNGD6IZS2nU02nwTWRBrQBspkTn5Aa3KZS26sqQ13hkAq7pra6mwZiB7krLPUQXbOpXDBGgpaqbB0YCsYqEgB2FErOo7TbgY/FL3DsFmLj1zWSNdDRgsZ2yslmsj/Saoy2mvqamkoW6pngYVDXdaW+Fp8EF7htgLFVlbV1btc8z3E+pTKO211wnENHAZD+LA3Cxz1svQFtjJdy6iudyeS+dzGngNKq36nH+Y8uPutzavhL1FcQyVxZAHb6XnzBbW1/Cmy29zJ7hmeb8QJyFz7dZnsQ5OXZ4rRWuruEwpqSnklkPZoW0tPwivVyLTWl1Mw7knZe0wUtDQwMho6RkbG7ABqMHO2yDj7rK9U/RNrMdY/hdZbS0GcGoeB+PcBa+kpoKWNrIoWNDRgADC5PXU1MB408TO/mdhZ24/EWz0Rcyka6pkbwGnAz90qeoChDJqHVUrMiPbbfZVNwu0EXlnma37lYmp6s6kvTzoEdJG7+jk/moraSWWTXVzPkdzkk7ofnkzXXDbyX9d1PSwSGKnilnf/UweX9VD/ilyq2nSRCDwDuUOnodWBGMK1pbRPs4gAYV72x6kkVTaKepeDUSa/1VnSWlrcENAVlDbg0AEBTqeDRjZTLZatIkFtcMZIwp8VJoHACkQs1cDdS4aQtzJPMyJg7uKKCcmLs1EY/kyLHDjtlSIYHHPlIWav3xa+FvSuBdOsaR79/5dM0zO29gvMuof7Y9ip43N6Q6ZqKw5w2Wrk8JpHrpAP8AmtX8eyX4o59/l9PR+TPe4aGaXGgZCNUusVnhFRfrvR0EZ4fUyaGn13/RfFnU39qH4v8AUMfgQXxlrgO/h0LPDI/8Wc/qV5dcbjd71UvqrvdKqsledTnTyFxJ/NaatBZJ8nH1H1LX1Ufa3Uv9qD4SdLSPgoJai7VDNv5DcRk/8x3H6Lynqf8AtndYXISU/SdiobTET5Z3gzS47c7fsvngQ6RsMIgZjsuhVoYx/M4Wp83qLuE8Gi6l+JnXnV+v+P8AVFfUtcc6DKQz/wAqymZHSZeST6lSNPuuxxEnhalp4R6OXZfZZzKTYxw2CjPaBhTnhoGFDed9k2NaRhtlyd0t9AuYaOAnJFpKNQS6AjPKO6vZOaQe3Cbp905gxlFtLyOwEkklNpe4SZk+idqA7poOVMAfJyFa3UnsamsRxHtypgNPJNrq9wkMbNwO6rXPA3IXWZOS852QZpBjAXv5Sx2fnuEMDJ5sbBQy4yORdRcTgLsceDjH5oX9xq4ijrYsgeXP5qXFFjG2PzXWQHA8qlxRYx5f3ToRyLssORw47KS3YYXQwYyhvkxthaIxWOTM5OTOk+6jPcSd+y69xJ5TUbeRi6Eu6fdJqROVcY5IOSSGTvhdAOVfRDmCkibEDZINUI3gZHGeSEYDCc0D0XU0Df6GHZRaip0NzgI9RJpGfQKoc+SeXDdgO/ok2c8DqxO8WeUufuPRSIo9wAF2JgbyMorWc4UjWw28oc1gxhE0gdk0NIG266tEYpC5Swca0g5IRQBylgLqMESYnpgIPHZQg1JOSUDGrnG67g9gmv8AJG6QjcJcpbVkrIOaVsDNbuew9VAhkfNLgjb1SkdJUP1E8/sjtjZHFszfklZbJNjI8DZ3iMYCrqqUNZv3RZ5NTshVtZLnYLPZPJsphkhzO1PPumDlJxyTlOaDn2WOfeDZxFYCAA4KGiM+kIatFD0kklRY5JJJQIS6GnVlIDuibEDZFGORdggEsj1SPCYM5R9FZH43ynu7roBDN0J/CCctqBGOOc7oJBJ2C64nXjKIxueyzJbmGciacgYUsgBowmRsGE/OHBaYRwgJcjzwhSP0jHqjFw05KgVL9T8A8IbCJ4OOJc5GY3G5CFEckAo5wGpQUpZQN2XEAbKypYBFHuRk7qHSweJNqI2buVPOM+yzX24eDv8Ai9LtXzS6fQelpJKqojpoRl0jg0L2Gy22O126GmGGvxl33WU6F6bLHtutSQcjyNI3HutfcpjBD4g+yxznk9/4fRqmHzTXLIF4uDXuFLEc7+YoFLARiQhRYWCaYPeM5OVaN4wBwkS+460uWOBABTKUGacZHlBTZnY2HfZTKOE08Q1YLjuhGQjkJUHDCxWdtpWhgwPMe5VbFEaqpBx5StDQQAFukbDZKsZvoqbaZY08bImDSN+6fPKGN83CR2aqu+V4hpyAcFZ5s6L+yG4prjUOrK0uz5GbBcp4jNK2Md1Da/VuNiVfdP0heTUPb5QcBIm9oFLc5l7RQNp4GtAxgJlRJqIaOUVzgxjiSgUrC+bxXbgLHZLcdaMcLBNpIhDDqP1O3KKwkDUTgBCA3xnZNr5o4KY6zueFnayaEtqyRJXmurgxrfKCtXSRNpKdoDd8ZKoOnqQvkNU9uW52yrysmxhoXP1MucG7Sx43MZUOM0v2UqlYG4USnbqOSpZd4YHdYHlvBsHV07KeAyEhebXq4uuFU5+TjPHYLR9UXRzIjGDhYsOzvhOqhg5Gv1H/ANODFrLOByj0cT6iUNGfdRS/JxjhX1ophBC6WQeZ/HsE6bUVgx6fNjLOEMpoRG3GcJoJedjklRy/XJgZVjbaXXUsysF88cHd08MI01ht/gxNcW+d+59gtGCKeDXjhRLcwDluNIUe/wBdLBTCOLmQ6VzLZ5NuMIhUVNJer+Xv3ihOSe2ym9S3FtROKSHAZEMbIlPG3p2xNfIc1FQC733WeEpedTtydyVnwUPAJGwWms0LaOiMknlc4aiVRUEQmnDCMhWN/rfk6IQN5I3RklLaZy6TvuNxLGuyNSurZBh8cTRgD0VPaYNZM7xuVr7TTaI/Fc3d2w9gibwRclkxoa0NGyNnCG0Z2CedlnlLJphEc+QRtJPovJ+rbw+6XR2T5YvKB22W26yvH8OtjxGcSzDQ32915fHqe7zHJO5PumVRyzHbPMtoenjLnZwt10TajI410keQDpYCP3WXtdFJUyCJjc55XrNjom0VHHGBjDQpqLFFbSRiWlLABjU0bq1p49OCVCpmEEHCtIm4AOMLjzk2Ni9oaMAYwpDAdI2QmdlJaAAFmm8sP0cYDkHsjgDCbgLqUAOSSSVEEkkkoQSSSShBJJJKAHclLJXElARwJynfhQ13JVkESc7FcSSVEEkkkoQakkkoQGeD9kB2xKOXAg7oDnDJKZAfBEC61HhR615N1hXwzVD9K9M6kn8OmA+68Wv03i1j8HY9/wA119LD7cjLOCd0PbZrrfIvLmGA+I/I5wvZmtOQBsBwFjPhha/Btr6zkzOGnbfC3ekYGyDUz4wLSCRjAXXJNGAk5YGM59nEkklRBJJJKEEhyHAzlEUGvm8Cnc77lMj2EzFdXVIud0htUQ1AOBf6K/poG09OyJo+kALN2JouV3qrjoIY12lp+y1MuzMLXBFEWd5HdRslOqHZfsUxaoxDDNd5XAqJVO8GJ0vojvHG6zvWN2bQ2x7GvwXBdTQVO6xRMWstVNbmzzTrG6Pr7q468xxktA90C2RER+M5vfZVzy+sqtt9RV6A2GJrOMDC+i6Wj4YKJ88tv+exyZHlkc6YgBW1mpDLO0ubsFVMbrl2G5WutUHhUzS5u5ATNRPatpt0FDlLcTnktGAdhsuRtJIOEMOLpGs7FS2MwBsuZJ5eT0qxGPB0d1n7xWa5DG07DZXNbMIY9eVk6mQyzZHcqRWTJdL0cYS5wGOVYwRZAONlGp2A4yFPjGOG8e6fFY4MzeBv0tJyq2qmGcKfVytY3JKz9zrIqaF00jsYBXS0Wnds8HK8hrI0VucujE/EfqCVoit1HMWtdkyEckeiwEbCTqIUy81r7lc5JicjUQ37LtPTmRwa0ble50Wn+GKR+YfqXysvI62d7eVnCLSw0fivDiFpJHCJgaBsBhCtlIynp2O04cQCmVbjrwF1oRwjx9s98jkbBNIAeFctAija0ADbsoVrp9jO9ud8NyppBJySisltRo0lTssRxvdRrncIbbRvq5nNDGDJycBSsbEZ3K8c+KvVsstSbDRSNMYGZe+65Wq1G1ZPa6Wr4oIxfVF/l6mu8tYS4R7hjT2CpnQaMFOYwgg447I2D6LzF03ZNyNqa7GN8o3XQQTynnhAB0uyPVJYUbOS/sG9U38l6/b4yy04PdeUWGECSFwG5duvXoQBamY/pSJn0XwK/wBFkONnsrCgYA0DHdQ44zoLs7Kwt7P5GT+qT7yekhEiXzIjmxxp5/JeX1/1y/mvUr7gW2YnnHK8sreZEL+7g43lu2UFVsQFIt0QLMoFVvj7qxoogIm4HKbUsHlZRzNhwzDVWVrdj91cGLDM4VXXj+U9a8ZMWuWIFWeU7GExPTEeakGppvCeMd1eRyeJECPRZ1XdrkDoNLuUEouR0NDftltCx7O3U+Ajy/moEo3GFIpnEEZKzzR6jTTxLBMlaHtGyguaAcYViDqbhRZ4CSCAs01g6WE+iMW5U22SmKcb7HZRdPukJDE4EJYUXtlk2kQEjQ4b7KNVxZadkyz1gljA1ZyMKyfCHcDlMT/Rta+WGTK1EIbKSG7qG52xyFcVUWirJI2xhVldF4LfEwmo59kNrIgPm4UljtTeFHDgd8IzH5zsqkkhUOwikUMhZKDqUcjIwhxvMbt90qUcmqrh5NRCGzNyCECemB2wgWyrxhp7qxmiMjAQpHs2OKsWDFXemMU+QNiq9rvZam60fiRkgb4WYkY6N2khaU+DzurocJjsFDdsEQOJCGd0UZZMMlwDa46gFbW6Q07tYOMhVWMHKPTVB1YwtWnlslkxXV74tG1pp2TRNcHDJUyMEnKzFBVFpG53WmoZQ8DI7LtVzUuTxXlKfikSg3ZP8MJwZkZH6IgjIT0snEbIj4wOyZG053CmujI903w98huEewnIwNwOFErbe6pZhg3I5U8DHdEa0EaRshlFMZXa4PJ59cKOWjlMcrduxVdIzHmAXoN6tQq6YuDMlqxFRSyRjD24wstyOpp7vk4AQT6HAYVhs9ocByqc5jeDjhT6aoDmgFYbYHpNFcmtkivuFGG5kaM/mql3kcHAZWsmgD2Yc3IPuqWtt7WnUwcrFJYZotpcfvrO2uvMUjdR2WogkbMzUCFh/DfGTnbCvbPd4ARA92/qUcZpGvRanP8Ap2F9oIPskcEYwiMc1zMtGQUwtRnbUcEOppvxNCheGQcEK98IEHO6gVNOdWWtSmkBZX+irladsbrjW6e6NNGTjbKZpwgFYONG5V3Zq94d8vK7IA2JVKBhEBIOQcFC3gbTJxkma+WNpaCNxhRJIh/T+6FZbg6dny8xDi3gn0VlLDqGWBV2dOM1Pop54B6KG3VE8bZVrNEQeOVGmp84wFM7QZQyKMtkb2BTXxYP0oALongY5U6MtkaE1TbM8689lHeLWauHVHgPbv8AdUVNK6nk8KYYLdt1uHxgdtln79aRM0zwNw9u5wtlT5OLr9Bu/wBSsdQ1jQ4HP3VlLTx1cXl55B9CslTyyRYDnbhX1quJacPGQVuhI4Kl6ZIo6mWjm8GdzgCdiTsrhkmsD3VdXU4qW6oxhw3CDQV7oX+DPsRsMrXCeCfjyW74cDUAobxg4IViHh7Rso81OXbgLQ4qSLbyitqYjI3RjOVQV1FJTy6XDY8Fad7D37KNUQMqWFkjfse4SJ14ETjnoy+jC7pypNXSSQPII27FRz2WaSAb28A8DuFxzRjICdpJ7Luh3os8q8gkZwLTsF1p1IxZ675CF4bgScJEoNDDrmHGyawEHbb3TmvxsQnbHBCpN9oD/Jd2m6bNgqXb8Ncf9VeGKCqhMbgCCsQ8Kztt4lpSGTZeB39ltp1HOyZkvo/+pWiTUUVRRSEx5LeydT1WT4cnlP8AmryEQXGHLXAgj9FS3C1yxyHGxG4PqtMo/ozKalxLglRvew6uymROY/BKqaatAAin2cNsqYHkYcx3KpMkoP0SaigyTNTkA+hQGPke7w3ncKZSVA+mV+xRaujilHj0bsuG5b7JmMGeTb4O2y6VNrk3BkiPIytXTRUt1jFTSyDJG7e4WIa8k6H7FGgmrLa8VFJK4E74BTVIy2V55Rr3Q6D4Ujc42wVHqrPDLGXxkNPoVYW26UfUNIASI6powQdjlF8KopD/ADGEtTorcZ1Lbw+zGVlF4LiCMEe6nWLqGts9S1we4xj6mk8haGaipK5m0Y1Y5AWar7bNSyFj49hweyNra8oY5RsWGesWa+0d6p2yQuaHY3bndWWgrw6mqa23SCanlfG5u+WleodJdZU18gZTVTmx1LBg5P1J0bfTOZq9JKK3Q5NBp90NTXRFoBIQtO4WlJNHNWQZjyEHwcE4U5sYI5TCz0VNIJsjGJpSEIajaDqRNA0odqLyVlRQskJIAGVXyQSwHD2am+o3V++P0QTTtcMFuxQOGQ1PBR4a7g/kVEr7XR10fh1EDHg8HG4V7UUTGEOiGCVEkiOfMMIJVIbXbhmKlstztOX0rvHhzkAfUAjU1wbINMv1dweVqmhQa+z0VV5vCDHn8TRgrNKrk0xt3FLVQQVMelzGvaex3WXufTE9O/5m1j3Lc7LVzWyspPNGfEZ+6EycZw4FpSpVGuvUOLMdTV+/y9ThknBaUV9M1wJDeeFf3Wy0lzZkMYyT+sDBWbqKeuskgFQDJAdg7nCXKBthbGzp8kaoo3x7uGxUJ8buMLQtMNXCNJDgf2USehaMaQEmVOeujRG1rhlK9r2cd1Lo6/S0RTHJHBTp6Rzdy3ZQ5YHDt+aRKLQzKmuC6bIycZacqNUWuN7eMn7KsiqJYHAsdsPdXdNWQ1EIdrAcBuDygbyFhwKGejfAT5cBR2y9twtRNC14w4Z91VV1s0+eFnKNRceUMV0ZLEiVZeoq+3nDJi5n9LivQ7H1TBVMYXubqPvwV5E4Pifpc3BCkx1DmAFryMehT672uJGS3TRl91fDPc3fJV8YbLG12r1Co7r03HGDNSuwD2Kxtm6yqaPTFUOc5o2yTlb603ulr2DTM37FadsLFlMKnV36Z4lyZowyxHDgfzXH08czSJGjdbWe3Q1ozgA42OFR1tongJOBozsQs9tOej0Gm10Jx3SZj6i1ywkzUkzhp3ICfT3KeEBtQM+6upKaRpzp2Ud8NKWlk4DR9lgsoOpRrccwZoOmviBcrRK0RzeLBwY3HcD2XrvTvWVrvrAyneWTYy5j+fyXzvLbHN/m0r9Q9inUl0raCQOD3Nc07EHBWC2jb0ev8f52dMdk+UfVbX1DQHwvG/ZOdKyoAjmzG/1PBXi/SnxUrqYshr5fFjG2TyvWrT1PZr3A0NkYHEcFZth7nR+Rq1EFKDDVFuqgNcIDwN9iogZr2cNxyrXwqmn/AJtLMXs50k5Ud4p612tp8KXhze2UB042buSEW754USvtlDcYzFWU7JARjJG4/NWUkMkZw9uR6hCcMDIUyVZWrOzy+/8AQlZQOdUW5wmhOTo/E0LNs1NdhzSCOQvbJQXkAt2WevvRlHcmmWiAgl534KOM8HA1/i85srPPonnZToZC7CHX2avtEmmrhIbnAeBsUOFwdsOyepZOFKidTy0T8gjlLQUNkZO/+qktBbhEg4oUVTU0Lg+nkc0j0K0Ns6uJ0xVrf/EFQuaHDhBNMJCMHCCUVI1VXTqfB6VHLS1sWYnseCOCq9pqrVP48LiY8+ZmVkIJLpQYko3F4B3bnhaO3dUUNe0U9V5JfpcD6pEonT0+rU3h8M1VuvVPXYZrw/8ApKnOblY+pogf51I8skG7HAo9p6mmilFHc/qGwcdlnlDJ04X5aU2aJ8LCcloO3dZO79K+JO+ttjzDIdy0HG/stg2RkzA9jgQfRCewZyUH9jQ6k1mJh7d1HX0M/wAjcjqDTjLhur97bXeYDHKyORrxgggFcu1ko68l748PI5CzzaK59Oz+NADURH8I5ASmhLrzwzJdS/CastM7rr0fWviI83g6sD8lougP7QlxslaLX1tBUamkN8Zxz/8ANWkoOoqKsAY8+G/gtcq/qnom09UQbxRNlxs8N3P5hKccmayiS/2z3/prqy0dSUjaq0V8dQC3UWjlv5KTf+nLF1XQut98o2TwPBBY5oI/dfGLqLrD4YVQrrXXVDYA78LjgL2T4df2lLXcyyg6qhNNLkNEzDlhP2Sp1+0ZIyjP7bOGY/4n/wBlG7WyOa8fD97aumZ5jQE4eP8Al5z3XgFVDU2+pfQXGndT1EZw5jhwV+k1sulHdKaOqoaiOaJ+4cx2VlPiN8G+i/iLTg3m3iKraDoq4GhsjSfU9+Bygwzn36GGMwPz/fBHJ5sYPZw5Raa6VFukEdQS+I7AnsvSPiT/AGfevPh691xpoxdbTufEjGZGAerV5tFUU1SzRIwehDhwlNYXJzHROD6LyOqjqWCSJwIPokXluO6z3ydRSuM1BMcf052U2jvDHkRVhDHjbcJMkSMm+C2BEjdxkehVZU076SbxIMhjt8Z4VgzSW6mHLTxunODXtIc0FKlHI6EsEekrHbZKt6OuyQM8LP1VE6M+LAT5eyVHWuYQDue6yzo3G6nUqL+42sNWCBnCn09buBnKylLWOcAc5yrOCcjBwsdlWODpV6lGqZN4jctPCTZSw5VLSXAtIaXYyrNsoe0O9VknDDNcbdxOjqdWAcBKtoYKyLQ8AHs4chQsgEHKkxVJdgO4VxTQ3iawzP1FNPQylpJGOHBXVrvrCwRVX1DbV6qRU0sdTHoePsVnquhmpZMFpIHBTUjNZDY8o2ThRXGAxSAEOGx7hZK6WKejmcWNyw7ghEoblLEQzUduy0lHWw1kQjlwdu6dGTiIxk8yr7JHUuMsfleeVEt10q7JUGKUOLQdwt9erI6B5qKcZY7cgdlnbjZWVrMjDXhaoW/s5uo0n3fJSuS7oLjBXwtkY5p1DhVl96Yp7kwvaA12NnYWXgqK2yVfhu1aAdwt5a71SV1O0uIyR+a012yi8xYixx1kHVbH/J5HeLFPbpHEedgPYcKpa0AH1C9yutopK+EgMbk8EBef9Q9ISUrTPAzcc44K7Gm1ifEmeX8h4J0x3V9fow87SDsMKMrWame0HxGYUIwHGQurCxNHkNTpnXLKQDJRYquSFwcx+nC4YsdkJzdsJuTM1Kvk0Nt6gZqEcri7P7K/hq9eC05yvPGjB1A7hT6G5VMTsOflqTbSpm6nyM4rEj0OCuc0jcK2pLn+ErC0V4gkAD37/dW9PV6sHsVz7tHk9JofKyUVhm2p7gX7gKxhquCQFiILjIw4Y7cKypbrj+/eubfo0lwj0em8y4rlmyiqIHjDyMp2octOQs7T3GJ2MPzlWFNVEnU3cLk26WUWek0uvhbHOSzbOc4xwjtLHDzjZQY6uIHD9ipLJ2HAB5WPYdKFyYSSmhcMxu3xwohhczjdWDWADOEN0WrgZSmjTF55RFikfGRoOAp8NU1wAed1DkY4cBc37hKccDI247LFxa/ByNkzR2z+yhtlLCAjsnaBnHKpwb6HK1MbUUcbxkNx9lEFLo3aSPzVm2Rp5CG6Np4OEO1F5REZLLEQMu/VS4q+dhDmSEEe6F4WcnCGYiSl4QyNkl0XUN71YbO0ffCmMNDUnUQ3J9FnBE4DjC6A8cOI/NVKrcPVn7LupsVPUHUwhufZRpLPcKaM/KVbiP6QSEClulTT4BdraOxVhFeongF+3qCkyhgZGyL6BQXnqG2MaJMysHqMlXVH1nRSxhtVE5rxyMJkckUwDmEOHdcfbaGc63U7NXfAS9rGfI49FxDU2uujEjKhoBHc7hPfQz7GJ4czkLKzdNuc4mlqHtHomMqOqaDMEcxkY36d1W0JWGimL25jniJHfZUFd07aLgXObE2KQ/ibscqVRdbGFwp7pSaXcay1WkNd0xdH4mlEMjuC3YJhJNTMLN0z1Dbsuttf5QctOSi03xD63sMoZUzSaWbZOSCPut1NZLhTOPyZ8ePGoDOct9lVTTUoBhvlskhYe749v1VPADqbWUS7L8eYWYjvVvDYwMa2Hk+pC3Vp+KXTNZH4sNWNJ7F3C8ol6K6duuXQSNLH7gNdwqet+HV1oJSbRWERnfCGUN3Qpxug+Vk+lqe92OvibL40bg4d8FQ6z4e9KXSMyCliaX7lzNsr5tA60sDNbpJJY+/hk5VlQfFq80EQhqDUtx6uTIN19Fxsjn7lg9XunwTicTJablLGOQzkKgn+F3UtCT4Ub6nH9O6L098cmPjijnqW8b6uVqqP4q0NZMIm1bRnvlEtXZF9jFKEvxZ53VdNV0LSyutdVG8c4iKjNsNO/wArmBv/ADNXsw6pttxZ4U4a7OxPJKDJT2CqAaIoyT6gJsdbJh/FHs8dk6PpJPN4tN+i5F0hRsdvJBj7L1CtsdqwTDTsd6gFUtZabcwHxLdKG+rDq/yTVqpMnwIy9P05bIyCZYDjkY4U5rOnaUhj6im1egUa7WXpWvb8rO2eJztx4jXNH7rMV/w16XmH+6VlVE/1E5KJaiUuxcqnD8Vk2uiwyDZkZB/whV9R0d0zcTllOGSbnU0YysOfhjd4v5lh6qnif2Ejj/1TnWP4rWkiSOpZVD118/smPU2emJaiv9yBoqn4W22cjTVvZj+lUtd8MrnTSkUsrJI/wnuVFb1f8QrRI03Pp6apj4Jibx+atKb4s0sIDbha6qH/AJjlOr190PYt0aa31gzVb0Tf6Yg/JGQDnRuqqW31FK7E9PJGRyHDC9Npvih01UkNfO6LsfEOFbw9T9NVrQ1tyo3g9i8LXDy9sewP+G0z/CWDxlrWtIDm4Ke4MOCCF7K+19J3QZEFK8+sYGyhz/DfpyrP8vMZPGXYWiPmIf1IW/FNfjJM8mAHYpmPdenzfByklwaermZ6ebZQJ/g3e4d4rhA4fh1cp0fJVyEy8dZEwAYUdsJONuVrJfhZ1RDkukhcANsZVfP0V1VDjELZADjDeyZHXVP2L/hWJ9FSylzycI4o43jS5yl/7M9TMb57a/8AIIRsvUbTg2yT9Ci/m1fsNafHaZ2K0xO3DwM+6PHZYScukGEJlpvjPronhE/h13A/uXtVfyYz4iy/gS6iyUy10EbcvwfzRRV22laG+XbjZVUtqvMw0hxI+6B/s7czuR+pQuXvJPjmukWk9/oojiMb9lAquoKmX+7wAgSdO12R5AU9lhrwM/Ly/k1NhKH9TBcLnwV9RW1kzv5kzsfdNawvG5Vk6yV5P/Ypdv8ACjRWSvJ2pZB+Sar6l7J8E32VcVE6V2A32V5bbCGYdP8A5K3tVjfCBLNG3OPKPT7q0+Sf/ThF89f7LjpmV8FJDTjDGgIhaBwclSnUrmYyFV3KesgdopYyXAc+inz1+mOVLXR2suEFDG50z9OB6rHXLqWqrAYqV5a08n2RKm2VVTIX10z3EnOOyE2hbF5WxnA74RK1MXbCzqJW6Xu8zwSfVEjBzsMqzbSjuzARm0jSR4TBtyo7UhT005dlfHC6TA0o0dJk8q2pqIAguZ+StYaKAtBZCXH2CJamEe2HDSMoqe2klp0/uremtzGNDsYKn09puVS7RQ2yaR448uy0FD0D1JU+araymYBnVIcJV3kKYdsfDRy9GYa1lOdORlSo3TVDQ2CDX9lt4ukOmrbpqLpVtqZeMRZKP/FIqUiHpnp57Xt/4j4x+qwWeYqjxE1V6Rr8jPWvom8VgE1cxlLHjJLvRXsUPTFgYA+ITyM7oE9p63vjiZnSgOP050gJ1P8ADS9SEOrZ42tPPm3WG3yu/wBm2qtRINy6ykkkc2iiETfbCoqi63CsyHVD3ezSvRKD4aWiIg1b5JHemdle03SnTtC0OhtrC4dysF3kFLodho8Xgsd6u0wZS0Mp/qc4LTWn4RXetcx9c807Dycr06KaiogRFCyP7BAqeozHtJUhjQsktZP+knRVW34WWC1uEk73VDgP+IcgLRww2ega1lNA3Lewas3VdV0ETsvrC4nkKpn6/wDDcW0dG2QerxykvU2y9lYyegurZHDVFsPXCjPuVJAdVZWxR+pc5eYVvV19rcxxziCN2+mMYVbiqq3/AM6Z7ieSSSg+dvsJQ9no9x+JFjoCWwsmqXNOPK3ZZy5fEDqC4uIoYo6eI/T5clUtPaXOIJH7q3pLTpAzsrc9waiipkgrrm8yXKrkkJ3xqOP0VnRW2NgGIwNucK0gtjQAcYUtlOyLBARJNlLCZGpqM8acD2VjTW+A7yb+y417GDOnZQq7qKz2iPx7hXMhZ6uK0QqcukFO1VrMmXYjp48BjQMe6ksGoYLtI9SV471D/aM6UsrnR2yjkuUrTjBOgfcHB/yXl3UX9oXr29NdT22s/hUJP/APnHtq2WuvSWzfRy9T5jT0rGcs+rLhebFZYhUXS90lOwd3vwvPL/8A2mOhLIZIrXT1l1mjOMRsMbT76nDj8l8oVtbcLnO+quNXLUSyHLnyOJLihCHGCVthoP2cHVfUdi4qR7Vf/wC1Z19XOI6doqG0M30v0eNLj3Lv9F5hfuvus+pnPN9v9XVh51Fj5Do/RVGM4ynOYNhwVuo0NcX0cO/yN+qf3yI7WEkEtRWRnbZFbEMjbKKIm4+n91uhQo9Gae6ay2R9DSNwu6QjFp7rhGE/ZgW/7g8BLARQcrmpQvILSnEBoTy7bhR5pA5uFBdk8IDNNp4UYZe5dcC9+Mo0cPBIUSyZHLJ1rNgSE7ATg08J4j74TVEMZgriPgAIJ5RYI5YOJqdnfCapgX8mXgHv6p7Rg8rqI0HKDBa5HMBwpDQ4bYXIo/ZSGNAHCLaOiiC9waDuOFDfl5xnCc/LyN0nNJxsvcNZZ8FSUVyJkYP/AFUmCPS/ITIoyp0MenlNjDIucwsTG4T2hc7BckcMLTGOFkRJuTHvfpCil+/Cfr3x6rgAHHdWFGIJJd0+67oKvAQ9NHKWCnIiDgBhLAXUhuoQ6BlFZHtkpMYOSEVX0KlLIPT7pkh0hEcNIzlU1xrtzBE7fuQrnLAVUcyBVtW6pl8CA+UfU71T4o9GMd12kow1oc4DPKkFnbGMIYrPI9tJHGdkdoACGGkEYCf2GU9LIt2egmAupJIyD0xPTFCCQQw90ZcPChAI5SxnddP1pM3I9kuxtdEHs8oGpQK2p8QmKInA5IUqplayMZ5PAUAM1O1ELLOwdBfsJTxjYIVyqPC0wMO55RTKIWknhVUjnTymQ8ZSrJ4QyMOUzszgyMuJGVTyOLicnKlVk2CGA5BCgrLKWToQjhJnMb5R2AYB7pmN8pIA3yJJJJQsKkkmoUsklLaOXRyuNBO66Aco1HIHoIB3XVwcJHhEltJ2KY7jBT4W9yEHBLlKYMNCoHJxwAGyiybjCPIR6qLIUiwJLKGD6ypMQ2GUFm54UmPAAUrQTXGApAGwTBynHdcefKtD4FSTQ2d+AMEcKHgk7p0rjq2KewbAhIlLcyLkTQW5XdZccYwn5AbwnUUXjzg42aUm17UaKKXfNQRYwRtijAAxkZJVl09azc7myIgmNh1OwOfZQJh5g1nPGF6f0VYXWqifJUAePOATtu0f9Vz5vLPdeL0ktRbCtr7Il5RwMpKZsTQAGhUlzqJpqgxl2WjgDhWtzqRBGWsd5sYCpo2OkfqO57rNaz2cpcYj0HghaxoPJUkHAJTIxthcq3+HTkjkoSxRN+ZqWtaMhm5VnIdI0gcjZBstN4VM6Z4yX7hTIWiSoYccIJy2mqmO5h7fAYogXjzFX1DG1sQPc7qvjZqkawN2VuwNYzZJbydamO0c9wa0knAWNvlZ8xVCKN2QNytDd6xsNI7JwcbLHA5cXnclJmy7p5/00S6KndUTsgaM6juttFE2CJsTGgYGMBVPT1vEcfzcg8zht7K5dws1rwsmrS145AVLzoLB3RqQYhB7qM45kClMI0Y4yFik8nQisskDPIVZczLUV0dOwagAAAOysTK2Clc4j6AoPTsMlTUS1kgO5OM+iRY8Iclu+001LE2mp2RNwNI/dAc58khLiizSY0geibGBnhc657mdCCcVgkQswModxq20cGsuCIHhrHEjZY/qK5SP8SPVnHASoRyS26NMN0imudfLV1Li92QScKHO8Qt3G5XYjqJkc3jhQnPdUz7774AytkIbVk8zZZvsf9ywtMZrKjBHlYclaN7gxoaOECip4aSlHhN5GSe5KYCZ5A1uQs1s8PcdXRVYWCbSN1vz6LUWSjw5sj288KooaZmhoA+62NppwIw8swAMBcnUW7md6qO2OCxgYGRE8bKot8L7vexO8E0tL9WeHEdlIvtW+ko9MQw5408pznx2Hp6GMH+fWHOO/wB1hsY+KyVvUdwNdcDHGcRxeUAKCG4AQBqc8lw3J5yp9JTmWVrCMg+6OAJZ2aNjIzPjLs4VFe6t9ZWGNpyAcFXt1qGW2gLWEBxGkALO22Lx3GeTkHP3Vimslzb6baOFjdzjK1EbMNbGPwjCq7LTkB1Q4bcBXcIxjbKVZ+hsYD2AMbv3TJCIwXO49V2Y5xhZ7rS7/wAMtTsHSZDjlKjHLClP41kxHV96fcbq5rXZhi8jR2yO6rKR3maSFGYDO/Wd8nKurXRtmnjYWbZWmK2rJkxunuNd0Ta3TPNRI3DM7ZXoVPGHOAGwCprNStijYyNmnYDZaGCPwwNsZXP1Um3kek0S4GjbbCsGgABRKdpGDhTm/SFzZ5ZcnkcOVJZ9IUYcqSz6Qszyy0dT0k5QoSSSShBJJJKEEkkkoQSSSShBJJJKAiSTUlChySSShSWBqSSSgQxcPC6mlwOwKtFx7AOJzjKHI4hPduUKZwa0uzwnVrdwaI4wYnruukiBjD8bYaF5hJmsro6Vo1vkcG7dyThavq25yS1sxc7YeVoUPoC0G49TxSub5IMvJxxsutW9kMAS7PVrHb2Wm0U1IGAOawE/fCtI260GQ5fpH5IsZLVjslljIpYOvGE1OeQU1JDEkkkoQSSSShDh4KzHWNXJDa3tjOkyeTOVpi5uknOywHU8slzvdPb4nh0TCHOHumQKJvTdG2jt7GBuC4ZJ9VYVbsMDcp0bWxRBg2wFDqZMnC2VogEnLspztkxpyUR5AAW2pZZTeEMM/qMLyr4iXdtTWijjefJ9S9Iu03ylFJVDfQOPVeH3ipdWV0krnZLnE/uvUeE03+rvweY89q9lWxew9npzl1Q4bcBSaqbTKGD0TqdhpqDWeVBDjJJrznJXuIYSyeHhN5wXNsgEtQwHfda0x6W8qm6epW6fFcOFfg5GQuTqrMzPYaCrZWmwMLMyZxwpmBjHGEJjAAhVcwijyDusxvlLaVt2q8hzAduAqYjJB7o9XJreSTzuhtGXgLRAxze6WSTAzGFLcQGccIdOwgArtY8iA45WmuOWY75bY5K6vmDiACF571/fG00baCN3817STvwFrq6p8KF0zj9AzjK8Yv1e+53WWocSfMQPYL1HitLxvZ8k+uvqB6ej+PU+Zcf9AFLGXP1Eb+qv7LSGSoaXDyjuqikhJaMclbK00nhUrXOb5iM5Xq6Iez4PqbfRNOGN0jGygP8A502kBS59tieybQw6pBtytnEUZYR3vBYwAMhaA3AAwudyfVEOB5QMAKLca6G3Uj6yf+7ZysWosWDu+OpxJIz3XfVVP0zazIH5qnf3TB/mvn4vlq5XVEz3PkeSS5xyStD1jeZupbs+r1OEDfLG0nt6qlZGGjYYXndVfvltR61R2oEGgJEDC6RhLK5uCsgyEPhwRyByh9/zQPoOC5RrOmmB8kAPqF6xJgUoY0YAaF5V01/fwD0IXrL4SYGtHdgWaZ9O8FDNJHawCi1d1YUTAKZqiCMiiweQVYULHFrIscjlIfB6KtFL1O4xW94x9WV5jWf3jh6r0rrOoZBTeC7knZedTsJfqwrhg4Hlu2Z2ty1wGO6tqZv8lm2NlWVjQ+pcPQq50mKjGR2C0RWDzcFmcmOIJB2VTXD+W/7q90gsG3ZUlxGI3/daocmLyMc15KddwUhyjgNDM4TIpM8pJAwCeymUMzo5msxsUGBoeTkJ+nwnBwGSi2fbgGux1zTLx8YIyE2J+HjZDpZ2yx4Dt+CCnnykLJZE9Vprm0pllAcgFKobluwTKI5wprm5ZkhZJxyehp+9JlQ9hB32XHt3ClTw+YYTRGCNxlIYzGGGtcz4Zhg7EYWwpZRIwEnOVjIvK4EdlfWqtALWFSPLNVE8cMfeKItBna1VDqcVFIXu2/0K1lTG2qp9GOVn2MNLUugePKdk8DU1f1GeMZYS07YTmqfdqMNd4kbceqronYduOVRha2MltGQmP8pzhGjwQmvHohfI6LygtLIY3A+i0NJJ40WPZZhju6tbTWlkvhvdtxugjE1VWc7WSqymDvw7LL3ehEZMrQtpK3xG7DsqWvojKC07JsGJ1dO+JkQfVddsi1sBjmLQMAIDe6OLS5PPWVut4Y0jKG3MTsgco3O6YRkrRGfJlaJlLOfTC0tqrtmNJGcbrJxZDgFaUzg3G5XS092Ozja/Rxui8m9o3NljyN1Lc1pAAWdsdxDj4BK0Me+2V1q5KSPn2ojKibjJC0BcdGCMZUkDbjK6WZ7J4lWFcYiHZA2T2qQ6L2QywoJLIxcixnY8FUfUFgE0JqKYbjchXoBHZPwSMYSbK8lxvlVJSR5TVweHnUMEKNBO6N42W36nsLPANXCO+4WHfHg/SsdsGel0WqU47olxTytmZg4Q6mnDu2yhUkhjcBlXTAyRocFgtryer0dkdRXhFDUUfcN7KvMZicMNx9lqZoA4Y0jhVVVSHkBZJJpjXQk8osLRdPExA4bq6a0O3AWG8SWllD4zhaq1XBtRC3W4asI65Z7NdNssqMiURg4Q3AEI553TE46DWSBNTjOQFFkixtjCuTGCDndQ5YCDskSWehc4FWWELo3yFLkhGM4UXwi0pb4AUWmMZPLSzCWN24/dbO11sddTteCM4BWNczOM7qTRVklDK2SN2AOQqyaKbNsjV1UAzkBV7mkEghW1PIyshbIMHUEKqpNsgbq8ZOlFb1lFPLTatx2Qo3OYdKsHDB0kKHUU55aFa7FzrJDB4jdSjzRngjhCglljeBq29Cp5DXgH1T4T2meUfTMtdrUQTUU7Mf1NCgQTOi+62EsBOBjIWYrqF8NS4Nb5SchbK7TzWv0Man8kSxttzbKBDK7ccEo9dRiobrj2eN9u6z8eWcdlf2+tZPGI3HD2jG/daoWfs5di4wOtlwcxwpqo7jZpKu9TXjAIVDV0T3PE8Y43wpVBXNkdpccEbEH1W2u30I5jLBLmhxuAo5YB2VlgEboMkId9IwtTxJDNu4pq+mE0BwMlu4VA4FpIPIWvkiI20qmutA0AzRjB7rNZX+jNbAp9IPZcLARgbJ+l3cLizOIpsAQWHjlOABGCilodsmlrmYOEqyBaeSM+MgjC41HIB2KHp2JyszgEdyEPBzsu4IPsnAAhD0G+uQ9FcJaN4ex7vtlbG319Nc4Rq068bg8rDlmO6fBVSwPDonFpHoVqptaeJMyXUqbzE1Nxs+HF7W7cjCq4JpIpNGcjjBV/ar5T3GnbBOQJQMZO2UKvsxe8ywAAkZI7FbftksxMnyOD228AIZBJwpdLO6mk1YyCMEKnzUUbsObjH7qdTVTJhp3Dvfuhc8di7IZ5XRbzU8NXEJYiA/2URkjoz4Uw9t06KcREY47qS/5arjLQ7zDfPcI0xD7IuiaGTxqR5Y7kEHC1Vk6uhq2i3X14bJjS1+MZWVDpIHeHJuPVFdTRVcezWk+43TITcQJVRn2b6ot9VSAVFA5skJGRjuns+WuMOh7AJBsWkbrJWfqm62B7Kapc2WjzjDhnStlHHRX5ja+xztbOBktzwVphNS7MFtU4S4XBnLtYqiN2Y3NLPfkKi8GWklDopCx7TnU04IK3cVdiQ0tzhDXjbXjYodxsNJUMMkbBnnIVuLTyiV3buGSekPiE+YMtfUDgC0aWzn9lvWxa9+y8PrbW+F5ZpJ9Fd9JdZV3TxFHWx+LSDYBnLftlPrtfTM2o0ilmys9W0EcjCRbnYolvqKW6UrKukna9jxkYO49ii+Ec4wmp7jkPMXhkbwR6LugqT4WOQueGPRWWRfB91zwh2P7KX4Y9E0xn0V4YWUQJIw48IEtHG9uCFYPYcgkLjmA4wFGmWngop6F7CSxuQoTwQS1w3B4WoMY7NUartTKlmpgax47+qBwyHGxmfa3Krqu1QySmQDTq5AV1NRT0rsSN27FLw2loOAcpLgaoWezJ1FHUUpJaNTfRR8w1I8KdgOeQ4ZWskgY7ylg/zVdVWeKbJYMFLlXk0RvUDIV/S8jf94tGWu5Lc4Cq2TZd4VQNErDhwO262ggqqF+cFzfRRbjYqK7j5iPEcxHI23SJ1tI01ahy7MvJTNe0HCrqijxwNlYyGsttSaS4ghucMfjYhEDGnnG/BWWUM9m2E2uUZmopnsOdKj5c3ByRgrTyUrHg+VVFXQSNJcxqzyg08o0xuT4Z2ku+kCOpycbagrhro5Yg6NwIKzIiJJa7nuuxVVZbz5DrYqjJ+wpV7ui5qaCKUHLRnGyqJqOaMnLdlZ0l4p6kBsnld7qU4CUYPCjW4ibjwZ8tc3lSaO4VVE8Pgmc3HbKl1NvDwCAoFRRSNIATISdb4JLFnZvbB1244irDjHdbOlr6S6RaWPa7IXhcbzFsFb2nqKqt0gdHI4DPYrVXfF8SFqtx6PVa20ta0vY3ZU8tuimyHAD8kWy9eUtW1sVYBk7ErSGht9xj8WllbqO+xTHTGxZRsovnX2Yee2VFMS6Akj0CrXvBcWzswfUBbyWgnpXYezU31Cqqy0U1Tkhoa4+ix3aQ6um8i4v7jKOp2g6mH3wCrizdR11pkGiV5APBKi11kqoSXROOBwq0SuYSyZu49lzLdO48HotD5XHEXg916O+JsVT/ACKxxOAt7T1lquzA+GRoefTYr5VgnfG8SU8xafY4K11g6vuNEWCWYkDg91jlQ/R7nxXm84hYe/y01RE0587Rx6qF4nm+nus/0/8AEeGoY2KqcCODlauKe2XRgfE9rXHuCl7Gesr1Vdn4sjOia4ZAQ3R4GOFKko54N2+ZvshF2NntwUqSNTW9EGpo4aphiqImvaezhlY+79G+A81FsAIO5YSt25md8JgaEKs2mK/RRuXJ5Zpkgd4VRE6Nw5zwVJjYJAMLdXKyUdyZh8bQ71wsnU2Ost8pdEHOj9OU6u04t2gnW+ERhCccJnhvByGZ/NGExOxACK1gcMgZTspmf4mngjxVc0Ozoth78o8tLRV7BJpDXn8TdnApSRgDduUOMgHDcDKBjY8BIKq62s+WT5iH+knJCuoaihukIdI1uo89iCqgOyN0wwhzg+J5jcO7UqUMj6rHnE3wXzZrjaXB1LK6SP8Aoccq+t95hrYhqwH8Ed1jKe+Txu+WuIJI2DwNiFYimjq2iWnl0nGdTe6U4YN0dRs/B8GqkDXkad0OSnDWgkAqipbpV26URVg8SM7B3otBHPFURh8bgQfRJcTZCzeuTM3Xpps0jqikOh530+6i0F6mt7/la5pBacZWsc0dlCr7TS3BmmZgz/UBul45DlFrk6RS3GnxJGyWN43a4ZGFgOp/hfQzF1TY2thecnwgcDPstA6K4WNwbq8SnJw0jt91Mp7m2TGog57qSh+jPZXGz8kebdPdbdb/AA1rQyGpmaGnJhe46cey+ivh3/aS6T6qay3XuI2+t2ADjlrz9/07Lzm6UdsvEHy9fHrYe3ofVecdR/Detoiazp2q1DkNJw4JMq8GO2iUOYo+6fBpq6n1x6JoZRnB8zSF418UP7MnR3W+bha4xabkCXeJEMMk9nAf59l4V0B8feuvhvVC33QTzUeQHwyEkEey+pOhvi70t8R6cCzzaK4Ny6leRr/RZ517jO4KfEkfF/Wnwn63+H0xZcre+opcnRUwguY4fdY17aao8k0el/uMEL9JKuOlqonQ1cDZGO+oeq8P+I39mHpXqeSa69OD+G1z9/5ewd9//mJO1ma7SRxmJ8m07qmgfmNxliP4SePsrOnuFPNsDpd3aeVYda/DfrL4fVGi6UZlpi7S2YDYrPRRw1jdQw13cjkFBtMTokmXGA5Q623YBnh/MBQ3zVducC4+JGds+itqOsjqIwQ4HKVgHa/ZWU9VLGch/wCqtKW4PdgE/uo1XbmPfrj8ueR2VaJZaaQskB2/dZ7Kt46Fvxmrhq9WHZGVZ0dfhwa92ce6xtPcNJG/Ks4KwbHCxWU4OhRqUzZsn8QAt3Ro5Sxw2Wdobi5hDdXKtmVLXjPKRtwdCF+S6hqg7GSEaaOKpi8N4HsfRUbHlh+pTqar3GVT4H5UysrqCSmfqAOOxQqWpfDMCX4WkeYqqIxvZnPdU9dZyTmMhWpZEzrT6L2lu9JUxiGYjcYJKFWWiGQF8GDlZQGemkxv5Srq2Xt5xE48dijy0Ka29lXcrS2VxEkY1DuQqOahrKGTxITsP6V6O+GnrWawBnCprhasg4GAPRNhc+jJbQpS3oq7J1E4vFPVADtur97aKrjOdO/6LKTW7wZNYHupFJWGAgEZC0xs9gpY4ZDv3SNPJqfDFgnJy3hYG5WmpoXnxGeXsQOF7PS1UczcO7qNX9PUlwjJ0N1H25W7T6ydbxI4ut8LDUPdA8OdF6DlRpIi3cD91t790nUU073wM8vphZmekMf1DddvT62Nh43XeL2NwkioIOTthN1aSABlTJWD0UYxEdlvhbF9nEu0k6llHWPOdQ2U2nuU8ZAdJ5VB47rjgT3TIwUzOpyj0zVUd8iwA52/3VvDWCUAjGCvPgS05B3UynulTCRh+R6Jc9MmbdP5Cdbwz0CCoMbsg4+5VrTXR7ABnYe6wNDfRkNqCfurqkusU3lj7e651+j3cHoND5dRklk2sN0gl2c/dT4awkAsKxcNQNnKxpLlIwjB2XIv0C/pPV6PyrX5GsguUwdgu2VhBWMkAHdZWOvZJhT4apoA7LmT0riz0Gn8kn2zQtMb/wD5qG9gI2KroqwNIOVLhrIT/eOwsllW06Neprs9nHxEEFIPKkGSGRvlOUPwsnYJDW01xftDmvKIx+Dyo7mHlMDznvt7oGg/kfsnkghJrByAoTag5+lHEgwlODfQ1Tx2S8NxnZCc1p2TMj+pNaSCh6GKWTpi5KC5pG5UoNBGdX7JFoPZAEngHT19RTO8rzj3KnUt/JkA8TPqCoBhDxwo/gFp2AVbUGpvs10F3Y4DO+VLbWNIzjKxHizwbtJIUuG9BoGpxyOxKrYhiuNfooKoAzRsJHqFAqumKSZ3i0svhZ3USiulPLjL8H3Kt4pg5o90LTDjYmVxtV7t0bpLbcTrJyQHc/kpUXVFe2L5W92l1ZgYJDMg/qpgcRk5TGyZ5290EoNjdzQFlB09ez4tDXttsw/4RfowfsmPtHW9sc6e3zNrYwMjPmDguTUFvlk1hrdZ74wV2J18teJrXc5g0cMLsgIUgla2Qp+s7zQ6De+mJI2cF7Isj9Ez/aD4bXSTxK2le17hgkMx+y0FP1d1A1pbXUsNS0j6Xs4RJZ+gLxTf+++mH01QdnFjiRn12wqnFsPKfZm5OiOi7qD/AAq4Mj1eZmX7/oozvhVe4AJLPcmzEbhudx+fdXTuiPhlc2+HTXieheN8ybg+3KCPhz1rRt09I9Z/M0rQHN0lw0gk4G2fQoNrBca36wZ6a3fEmyue59PNKGb+XP7p0HxEvdCWtuFNKztytM5/xktjBHNb6e4Fg2eG7491Xv8AiLcYyG9U9D1GBtJowf8ARHBteiKEVzuHUnxaomgNqDIw+5VxSfEi1VAGK9gz21LOy9WfCi562VFlkpX8EOaPL+ahPtvwwrQDTXeOnJ9XaSExcltuP9SZ6DB1HaK/zPkjl9M4Ka+lsdU8vLCwn+k7LAxdHdOTHNu6uaD2AqCP2Uk9G3mIA0XVgI7A5d++UwFXLJrprNTPdmnqpWH0BKiS2i+w+amrHOH+JURg67oR/LqaepwOcHJTP9rOs6HDa20PcB3YCpk0Rvjj7i9+d6ioNpoI5R323KizX0u2q7C4juSwEFQGfEGoBArrPVD308KdF1xYajAml8A+j9lNwMpVzZHdV9JSnFw6eiZn/wChALsVn+FNTvJE2ncf6fIrBldYrp5aeppnnHBwmSdPWqfcwRb77YU+QpVxfRG/2U+HEpBpLs5h9PGUmPoixvA/h/UNSB7THCg1PSNq5bDpPq1Qx0xDGT4NZVM+zyiQEobekaZnS9waQKXqirx7yEhSm2DqaIBzOoRIRxknKyH8Ir2b097q2Ef4yuCHrKAZo78HY4EhRlJNejZfK9YRbGuY8D1T2/7T/i+X29liP4v8R6Z2DVU8o+yKeq/iHGAZLfTStHo3dTJHP+zNt4vUOPOISPZD8e6n64WfkFkWdedZRf33TwcByQwI8fxJuGQJ+m6oeuGBXlkUv7GmJqXfXA39AmO8M7SU4J7jSqZnxIpnY8WyVzT38imxfEGwz4zR1TT31Rqb5LphJ5J0dNRPxmlaD9kUW2idj+SEKHqqxytDxDMAR/QpUN8tE30+IM+rUDvtXsLCBGx0bhlrBn7JzLKR9DQpQuNvO7JcfcJ4rGOaCx2odsFV89v7Jgh/wmccYx9kv4VUDjT+in+JVHiHI+674tYNxDv/AMyr+RZ+wfiX6Ks2Socc6T+SX8Fqm7hmSO2FbeNch+FuEvmLj/w8ZRR1Ni9kVaXSKoW6uaNJowR9l0Wiol+qhZ+bcq0+Yu/cgD7IjJrljJna0n2RPV2L2XsSKg9N1Dv/ALGU5/8Atab/ALKSnmzx/srkTVgP8yvkH2KXjY5r5j/4kP8APtC+NIpv9kxkZtTPtgKQzpKnI2s0DT7ABWDqjj/fHn/xLjahgO8/6uQS11svZaoRGg6RhBBFsi/PCtILLNSEfLWygB9xuhfxCnjxmui/8667qO2xtDfm2O/8SW9Xa/ZaoSLBlFdZmBhfSUw9YgAVJj6fhlH+/wB3Dh6alnZeq7ex+84P/iQZeubVE3eRoP3SndZLthRqx0amntnT1BKTHA6Yju8ZCmitttP5oqVjT6gALzmp68pj/duyO3CgSdaTSj+WCD90uUmw9mT1F95pfthV1X1JTRD6sfmvMn9Q3ad38s7ILjXVLtchcc7ndUl+y1FI3lT1nTMdhs5VTWdZ1Dh/IkKzwoXOA1jdHZbycZ2RYZfCJEvUF0qAf5uMqFLLV1OTK9x/NTYqAZzhTI6VjQNt0eAJPJSMo3vcMt5UtlqkdjQ3f0VsyBg20gI8RxtjCvBSK6KzEN8zgM/sp1NbYYznOSFLa0Hf/NV1z6x6bsAd/FLnTRaRvg7pkanLpEsuhV+TLaGljjA8pR8RxjV2C8jv39ofpyja5topJqx4OMatAPvnBXnV7+O/Vl1c5tIxlJGeGtOcfngLZVobZ+jm3+a0lH5SPpWs6gt1uhdPV1UcUbeXPdhYDqL4+9H2zMVB4lwmB+mM6Wf+bf8AyXzjXXi53eV09fVSSuccnLtkBq6VHi/dh5/UfU8m/wDQjx/c9G6h+OfWV5c+K2iO3wu4I8x/0WDq7ldbi8vuVxlqHuJJLjt+mUBwJAA7JAHK6dekhV+Jwr/IajUSzKTFoBG4yutYAeE8N25TgzPdaoxS4Mim28s4GjuE44IxhIjC4ijX7D7EugZOEsFFihcSCU+MVEnfQ9sY5wiY2wjNjw3JCYiCf9wTm+65p90UkeqBIdewOEYLwhrvKfVDyQd907Sc8oUhDNuUAiUh0sga3A3yq57y4kosshccJsYJKsVKW4TIt991KY3ZcjYMIrWpsYgHMBI7JLhIxymdBN4GPf7IbjnsuvdkobnH0QipSy8HAclP/ChhriQcIzGkYCstQ9jGtdqOymRR7AkJrGtxuFKYBtshSY2AmN4yEZrdtghjlFbsOEyKyMyiiDSThSIYhgZXGsJOyl07Oy9wq8s+ASmchixypWkAYC6I8AHC6QAMkp8Y4ENuTwcJwCor3ElPmlxjCa12rsiYUYnR7lDaiJjOVEMZ1oJIPZEAGEgO66tCSwUcwF1JJAUJEjZuCQuMZkjIRmt0jYq0gZPAQcJEgJKLUS+BGZCcgKN4WSktzA19Z8uzUBv6KrpacvlNRI3GrcBNlfUVs+pwwz09lOiZkc4wlL7mOcfjQ9owAAntBGNtkg0gjA2RAE9LCFSnuEGgDGF1OXVYAkkkkYYkkklCDEjskkhlLaED1ey6/wAkbnnsnBozyo9bM0t8Jp37pNk1gKK5IkrnSP1POc8JwAxhDA3TnvEbC4jKxyY7GeCHWT5cYARlRJMQ05BO6ThrqxKOFErJ9chYOAkSlng2Vx4RFkdrJckmnjCchNcVhCSSSULCpJJKEEujlLBSAOVAB4Awu4CQ4XVCmJu3Puhk+YD1T3kdkyPJOcKplPoKwcZT3/SE5o8uEOU90L6ASAuJzyhp7jgprRkpHLY0ewZ3Rm/h/NcjGCnn6h+a0RWEQeOEGoO2xR3EBqhyu9CqnLAsG76kccBR2jPdHBGnISGQ5IM43VjQ04ihDnbOduoEMZqJ2twcDcq3EXiuETBzssts8vB6HxGlf+412XnSVsbcq/zs1BpG69Ty2nYGgcDCpOkrRHbrfG7R5i3lT7nVtgjJG5WSXR9D8fT/ABav7sq62czTu3yAcJU+W8hRosyO1+pU1jNhgLPLs2/4Ch2RlRmaq6ujpQDpG5KdO8tGysbJR+FE6qePPJx7BUPhHJYSaYYhE3bbCJQxkZkI52CAGmaXG5CsIwPEjhaNilWcnR08SxoItR8Qjbspr8Y3OE2JgjjAA7KDc6kxRGQHCU0blLYjPX+uNTVeCx3kj2x6lQqaF8srI2gkuICa5rpJS87lxJWk6bofK6pcweg2/dZpioRc7cl7BGIoWRgYwBlKZ4ZEXd/RPI0tP2UN7i48rLZLJ1q/t4HRM1uBUmQbtY1coYvEkDjwN09xAkmlG4bsFlZoh0V13qXNYIGndxAP2WgtVI2lo2gDBIBWct8L7jdhrbqjjOs+617sBmwwOwWW000d5ZGqHnUBhSadmcZURztUoaByrCJmlqxzWXg3N4QC5TtpaV7nHnuvOrjVOqKlwYcglaPq24vYPCJw3CydC0ySuncMtbwm01bTia6+Nj+NHa2WOnh0tODjC509Q/PVfiOPli8x91XXCR1TOWg9+Fs7ZSR2y2xxhoD3tyU2+SrhgyaSCtsU5ejtTIGAsaeUaz0jp5TJjytVY/L5Mk5yVrrdTNpKIFwxqGSuPfbhYPR6WrL3Eilp9cjIY27k4WuhjEEQB7DdVHT1GXudVubtw1T7tWR0tK8POCeFzpP9nTINJqv3UcMZH+7UzvP6HHKhdS3H5q7ytjwYoP5cYHACtYjFZOmHVB/7XW5awdxnussNT3Bx+rus7+9lyltJEIz5iFdWhgwJ3Dgqrp2Fxw0bq/n8Oit3IDsZWmEcICT4M71NWiesEMZzjlS6Gn0xsjbjJxlVFNC6ruDpJNw06lqLRCJKoDAwEE5bUDXyy+poxHCwNGABwpQHht1Ec9l0tBwfRNfIG7crJJ5ZtglgHJISdhwF5X1zd3XS6fLh38uHY47kLd9W3gWa0vqWnEh2avJo3vq53Tv3c86inQRz9Tbl7ESKZmjchbjpG1aQK2YAtP0t7rK0FKaiVsYHJC9PslGGNjhxtgAYR2y2rBdWcGltlNpDTpwSFbNaM7FApmNhh1O2wEG1XCG4vmEZ3ieW8rlX/caIyLeIAAbKUOFHYwtwMKQOFjYU8D0RuxQ09KeBYccJ6jtDgd+EUcJZB6SSSogkkklCCSTUlCDkkklCDUkklCCSTRyiDhQgkkklCDUxPTFCAk3JTk1qMs4qq/VjaC2yzu7D9Va5WJ+IVx0UzaQcly1UrkZFNHnN4q/mJXygbuJK9A+GVqlpLXLcKhv82oOWn/CvNKl+uT0XuVkon26009NLu5rBnC13ScYgkxg7FGPCZHnuF1YW8h5BvJJwmpJKxoZJJJQglwjIwhJYzsoQjXOoNNSSSZzsT+iw/TcTqyrqLnK05e8huewVl1xdJGUfyEOfEncGjHp3T7FTCjoWRhuDgZWiuOSidI/Swgnsqx7suO6k1b9yMqvOcnzFboxJkO1OeM4wlCB3OEsYyttENzF2z2oxHxJvElHRMoozh0pI+682oYXVFQC7fSclWvWl1ddLzI8Sao4iWMHb7qLZoyMyOGx4X0LxOlVdeWfNvM6t33bfSJlznZHTeENieyhW+J8mDjOTgLt1mbJKGN54Vn07T+MASPpIXXufx1s52jg7r0jS0ELqaFrTzyp0Ttzsh4xt6IsLMjK4Vjzyz3tcMRSCOfhqqLjPlunI/VTqt+kY9lRVchJUj2LulghyuLncqTSR7h3sopBLwFZUceMHHZaoLgxSZKY0NbwoNwly3TjlWJcGs4WbulWYmvmJzpyuloqPkmjieS1sdPVJy9GF+I18bSQC307yJpRjbsCsBSRk+Z3PqpXUFe+63eWdzs+YgewT6SMN0he50NKhXg/M31J5P/iGqdq6LGy0LqipYzT5WnJWwqAyGMRtG4CD0pbnNjdVubgcDK7VuJldqPBXWrjg8ddPcyHI4yHA2wrKijAiDiN1AgiMsoaOM7lW7WhowBsqs6NOmh92RZA5IC8z+J/U50/wWkfyPOQth1Zem2e3mRgLpZAWsaPX1XjNWKmqmfUVLi57yTv2XE11+E4o9x4fRRlF2SKbTpG/KA7AJUmqbpcANkCMg891wZN5yzpXRS4QInOQdkDSpE0e+yFj3VMz7GcTInAzsa4bZRNPuhgD5rI4KTJD649L+5rel/NXsaOzgvYnAaGN9GheP9JNJuLMeoXsBzpaT/SFnl2fTfBLFLAub/Kc0eoVlQNxocdzhQizbcKxpWEBv5rNYz0VZiuuj4jhnsVi6nGMBbXrIZkwOcrGVUZIwVcezzPlE22Z/wAIPuA1DbKvK9obGxjRgYCrXMxWR45yre4jyx+4C1wOFCO2DZxoOgbdlQ3YYjd91ogBoG3ZUF3b5HYHcrTWuTD5Lij/AKFKOE9cC5gp7jg8ZLL7JFPsU+oGwICDEDqypLgS0bbpsVxgXPsfbpQJXAjGytC3LQR3VC1xbJ5dsK0opy7ySP7HCx2x5wdjQavb9kywpZPCI3Cuo2CaMFp5GVnpWFp2Kt7PU6miNxWScT1+iu5SH1dPpwQO3qoRGTj0V/NTCVnuqSaLS8geqySWGdSyGegYGESjqXxTB2OEPOF2PyuyqKre1m0oJ2zxAk7+ir7vSGnnE+MtcotmqyyZrXHZaCsY2spnNxvjIRmuT+Wsz1XCJ6QuaMnGVmy3SSPTZaalk8zqd44VLdKQ01QSBhrtwjZgtjxkZTEkIjhtuEOl7Ka1g0jIQzfolb3RyQNJ1EHuiwyGEh5Gcdl2ZmSCAmsOo7hLzgkW4yyai11MVVDsd8YIPZcrIh2GFUW+p+UmDvwnYhXpLKhgex2cpiZri1YuTKXOhBcZA3lUL4yxztsBbeuozuC3ZZutpHBxIbwjOTrNN/UirAylp3+669ul2EgSjUscHIawx4aMemUeKR2QCg54aiFnBC1VTwxNlSmizoKk00olytraa2Kti8Rh3HIXndPONQY44+6uqCskoJWvjOATuF2NNbjs8p5jxkbYuUUb8Au3XQDwUK31kVVCJWHJI3ClhuTsurFqSPDtbHhjNAIQDFvyp2jA3KaYxjhF0RT9EMMAXNCOWHK5gpeC8gXxtewskaHNPIKxfVXTjYf98pW+QncAcFbkhMlp/GGk7jCVZXuH0XyoluieN7seO2FZUdUdgcKf1VZXUUpmZHpaSQcBUFOS1+5K59tZ67xuszJOD7NAHB7eOVGqacOHCJSyDSAfRTPDa5uy51teD2Ff3rJmauj32HZBp3y0suthwO4V9U02s5DRwq2akLdtIWZ/axvx7Wmi/pJxUU7ZAeQEVZ+grH0x8InABWhpsTx6gU2MzTCeVyDXHx+XcI5hAzsuJjY9RyV8sZDlHkjACtHxtKivjOcYSJLJHBIrzHvgocrTsQeFMljxgtQjF6lJmnngCSwTrJd/BcKaY4HYlarwxURgtOc915/JH3aN/Vafpm9sGKSpOHAYBPBRQlg36WzH2slVdIWkkD91DLcgtIWjqYWv3Dc5CqKmlOdhymSw+jdKG5FVPTlpBaEoZ3Bwa4KW5uDocN1Eq4DGBIBsTuqbwZLKvaJWWyN2Crq6iM+Bp35UikmwNLu6k4a9vC0VySMVtUbIuMkYueN0UrmObjBwmNc5jg5pII9FpbhQMqIyCzBHBHKzboyx5jdsQcFaYT5PK6rTSplhmitlxiqmCKXGsDCBV0slJP8AMsHkdzhVEeuJwkYcEFaSirIa+Hw3fWBggrZGeOTDKPIekq21EQ0nzNHClNcMYKpxG6jqCWHDeVZRnxWB7TnK212kUQkjGu7ZUWajE7HM04ypTSQcEJ5ALeFpxuWQHHcY6uo3Uj9Dht2Ki491rqyhjq2Fj9j2KzE9M6mm0O/JZpQyZbK/0BDE+SNukEbp4AIxhcDSDgnGUqUMARlggyMIOw2XCcYVg+NhGwUSSE5zhZZwD7BY3yuavZc4XEpRGCTUVMUAONldEQW8+y1nTvUkc2mjrSAQMNef8lkyA44ymhruWnCJXSr6E30QvjiR6HcLcyZhcxoOdwR3VBPSS0rg8AkArlg6pfRMFNXtMsfAd3AWlqIKetgFTTEPjeM7dltqcboqSZzZRnTLZLoooKrxNnDDlKhm0HIG6j1VCYTqYCPsgxykbIm9vBTSfJdRubOCHYTBFLTu1xuyPQKJHLjupUdQT5XcIhTRIEkdSwxTNAJC5TPuNol+YtdS6M5zgHYpj4js5qcJWNGl7sFHCTT4Bkk1hm2tPVNp6hxSXaD5Oqazd5I0yH1HofZTn09bbGh8RFXTO3aWncD3Xm8oDiHMOT2PotHYOsqm3sFLc2meHgOHIWpW8GC3TbP9tcGikpaeuZ4keDqH0nkKluFicclg0lXMkVLXRGvsdWPEHmLM7t+4TY7lKzENzp8H+sDYok93RmcpxeGZ213689NVBNJJjB3Y7dp/Jeu9LdVUHUdM2RjgyoaP5kZ9fb2WErLZTVTciMOBGQQqGShq7dUfMUM0kT2HIc043TIz2sXdTHUJNrk91MWD3H3TXMKw/SPxEfUSstvUOGv4bUE4B9ivQWQh58oT1JdnMuhKntEXBHsueEp3gdsLhhGOE+LTM+/9lf4Q7BD8PfKnmMoJi3yFMDN3GQHgjGQhGM5zlTnRghBMYypjJN5FfA2QEPaHZ9VV1NmewmSBxHt2V7oC7oCGUEw43tGR76XjDhtgrugZ+laGstUFW3OAx4/ENiqSeiq6B2mYeJGTgPA3/NKlDA1XZIstPFJsWjdQprPgeJTuw70Vq1oeuubslSgpDY2tGXqoIKhhp7nSB7Ttkt/1WUuVjntRM1NKKinJJDfxNC9KmgZICHsBz6quqLWx4PhgYPYjISpURkbK9Y4nn0BZMCWncjceiHJDjfGyvLz00WRuqKZpje3fy91TwVLQfCqBpeNiVktqS4OjVapxUkVFVbSXl8TcZ5UJ7GtOiXutY+kL26mEEY7KrqraHklzcH1WaVX6NVd79lDPQN0eLTnDhvj1RaO6mPEUzSSNkeSN9O/S5uw9E2Wnp6obgByU4tGpNSRNZUtlbqByF0x09TkB2/oqUMqLZJrDi+I8hWVLNS1YyMB36KKf9gJJp5icnto5jCgugdEcHsrFzp6V+MlzQuGsoqjySgB/rwiSzyXGTXZXiV0JBYcK+svVNfQyNAnIb7nZVj6Bjt2PBB4yo8lLLCeNk+E5R6DbyetWrreCqaIq3AztlWhp6arHjUkrd99ivEo6+amIwSQOyv7R1ZPTFuJCMdiVpUlJfcUp7GejTU725bIzZVFfaKOpHmjAJ7gKRbOrqaraGVBGfdWjm0lS0SQkHPokTqU+jZTfjmLMBV2Gto3mancZGj05Qm1z24iqAWOHqvQDTRn8GFX1tgt1aD48G/YjZZJ6ZLo7Gm11lT5ZSW25ywHVG/I+611l6ykgcGvkcPzWHrOn62gcZKJ7nxjfTndRIbxHE/wq8OhI74WR6c9NoPOOP5M+ibD1nLUR+VzZg3kZ3Wmhu9sr2hkjfCkPOpfN1DWVUBbVW6tJ7+R62dm6/wA6YLtEMjbWFkt0/tHsdD51TWGz2V9ueG+JC4Pb7KI6A4xhU1rvcwibLS1HixEZwTlWtPdaapIDv5bvfhYJ1s9PptdVcux3hlmcjKiVEPjDTjCsjokALTwhlg7oVx0bE1JcGWuPTzJMOiZv7BUssNVQymNwwOy3z2jYhV9bQxVAy9gKKNmDn6jRJy3RMkxwfgPHKbLRtjGqM4J3U+ts0rHkwOOOVXh9RTnTUcDjZNTTObOiUJbWgJbUNJGNQQxUOYcOCneNFIBoO55QZKFkzc5wUSa6M0sxfA1k8LtpACD6o0euE+JRTkf4c7KvlpKmI7NyEoqh8Lgc4xyFJpdhKzGM8F3FehJiKtj0kd+ykxulaRLRT49gdj+SqGVFPVAB4AJUiGldGQYKjGfUpDRsrnN8xNLSXlrsRVbDG/jV2KswWOGQ8brJyGcNGtuojggKVR3hjXBkocDxuluCNtV7j+ZeyxMe0te0OaexWcrrRPTvdUUMZc0HJZxhX8VTE4Ze7nhEcWuaC3gpb+1mnCnyjMUdZS1DjA+Rscw5aVJlhewZG49QuXXp9lU7x6V3hyg5BVdS3Oa1y/LXgFrHbMk7ZVyimgJccEe6WCyXphiulCHZGA8Ddef3f4f3vpaZt16br5WNadUYY86mY9Mbheuvip61muCRpyNiCoVTSTtGl2XNHHos8oroyWVqXKIHw8/tN3zp5kdl+IFI2qposNbUsZiUD39V9DdPdX9P9W0Pz3Tl0jq4XDOeHNJ/qHZfMd86Ut13jImp2tf/AFALEtoOsOhq/wDiHSlVNG5pzhkhA/RJlDBllFrg+2K+3UVwh+Wr4RKw8grxL4h/2bbDd/EuPTTxR1hy7SBpB/P/ANFD6C/tPRzPFs+IlI2lqAQ35yFux/5xt7cL2ygvlqvlKyutFdDVQuGQ+N2f19EqUOANsWfDnUHTXUnR9WaC/W5xhedLJuxKpPlpY3GShefUsX3peunrP1BTPpbpQxTMeMHU0FfP/W/9mq4UDprl0PId8uMQ4+2FmdTfKMltGejw+G8uB8GrYW9sqRNDHUx5BBB3Dh2T7lbauieKW9UbGS8a2jGSq7EtGdcD3af6Tug2syyqa7B1EFTSEHTqHqFIo7jGSGO8rvQqRHX09S0RzMDD78IVRbIpBqiIz90qcE+xW6UH9pZw1LxgtOyuKKscQAcbrENnq6N2l2S0eqtqO4Ne0En8ljtp/Rqp1TXZtGShzQQ4IkVUWHCz9JXN2BcT+asGS68HlY51tHUpv3GipKzbfCmNlbLtys3FNgAZKnQVekjKXho1xmmSbjQa/wCZE3tuqSSN8D88Ee60UdSC3B7qPUUcc4zjdNiyrIKa4K6mu80DwHkgD3V3S3OGsZocWhyz1ZQSxO2bsFGhqHRO8vKLCM34vk0dVQslJc0dlR1NG9jtmqfQ3ZoAbO7IKlvfTVIDmEFFGTQMoqRSw1D4HAK6oLhHIA17sFQai3t1F7O44UAk08m+6fGzIG1o000EFS3D2tcD6rNXnpNs+qRsTHtP9IwVOp7njS05Vi2pD2gE8rRXbOD+1me/T13xxJHkl46dfSEkQuA7bLPS02k7jH3XuVZQQVO8jQVmLt0aycOkg059CMLp6fXNP7zzmu8Kmm6zyuWM5wAhFpC0l26eqqNx/lnA5yFSSxaBjG/ddnT62M/xPHazxjrbeCCW4XQSNsJz2nPCaW47LoK3K5OLKmS7CZyjR1s1K4GNyBkE4yuuLdslXtjIBbk+C+t9/e3+/wD81fUt6pZQ3DwCexKwL9O2SnBzmnIJ/VIs0sJo6en8lbUsSPUYK2MYcDyrCGvBAw7K80or/U0wDXnxG+hV9SdSUUrRkua48grnXaGLZ3tH5hPtm4juW4yePRSorjG8jSc+yydPWiUAtOx91MiqQ0DI4WKzQxfo9DpvLLPZrqasG2CFZQVPqFi46x7cYOCpMVyqAd3ZHouffoF6O/pfLr9mv1seOUxzQeCqalubXY8R+CVOZWsPJ2XJt0s4vo7VHkK7EF0aTwngu4yl4sLhu9dDWyDylZpV4NkLYy6Hh/fK6JO2EPQfT90iw4SZwzgYrcEgOBH1AJ2R6hQjqHdODvVA4jXZglal3XvnT+6j60tfshwGrMEh2gjGNvugupYDk6RlM1lLWVMFqWQUkDhkx7Y90yO6XKmGgTP0j3UxhAG6aY2k5IH6KtoSbXRMouqJg0R1DuO6uKTqC31DvC8QBw5WUlpIjuBg+yjPpalu9O7GFexMnyyj2ei4ppgHAtPpgpksc7t4pdOOy88jrbtSu2lIxurSj6vmja2KqGcdwh+LHIUL4p/cak1Fyh/4bJAPUbppubdxV0pj9S7hQIOp7eWB00paT7qyZWUFYxrxMxzTxndBsNMboy6YAPtE7sMkjLu4ypDYwY2tp5C3TkjST3/+YnC122o3MLM+rNlHk6eLXaqWuniGcgZyh2Bt+yZBW3qnGKe4ytHcairJvVN8EYZK2nk0jAcWb/ms54N7pX6WFsrRwRyUMXeaB2iso5IznBPIVbUXGf7RfTXK21+P4r0/S1GxyTv+mVDdZvh5WZ+ZsTY8/wBDcY/RVb75ScOyAUWGqgkAcyRu/uolgtyg/QSb4e/DOuP8ltTAT2bK8f5qI74R0Dd7J1jV0uPoHiF2P3U9mDwcp/guAyARlEVtrl6KeT4c/EKnGqh6/NTjtKCP9SoU1t+MNCdB+QrGjYE6QT/ktMJKxpzFM9v5lFbV3cDd5P5qC5adTf2yaPP5+peubfI+K8dF1UxbyYY9sf6qvm69sb2GG7dL1tOe5fGBgr1uK51QYBJAHEd0yonoakaa+gMn/gBUyWtJal9sv+55LSdW9FPcGx+LTn1d5cK2ivlgcAaTqJ7T6GfK2FX0z0ndDpltMDSe7owFUVfwj6JqskxaCT2cBhTMV+TAlXra/wAcMrI+pNBHy16EgHOX5UlvVLzjMrXH1yo1V8ELE85oblUwn0Ehwqyb4N3OA/7repvbLiiW2X4sX8uuh3E0rOqyAMRfdFh6oDjhwH7LHSfCvquH6Ls9w9NZUc/DzrOLf5nVj/GUXD4L/l6ldwZ6FH1LTj6mZ+xRP9pqbswn8154Oi+tGbOyfTzLh6S62b/wiR/zKnHHJf8ALt9wZ6L/ALVUvdhH5pHqu2d85/Jedf7Idbf9yf1SHR3WhO8J/VEWtRZL+hnon+01r/pH7JHqGzuOXRtPuWhYIdE9YkZERP5orOierjzE79VBkbLF/Sbn/aCyZ1B2D6YT/wDaq0M4eFimdBdWOGfDP6pN+HXVJfkxuQuORkZ2P+k2Z6xtI4cmjrq2xg6HFZhnw16mdjVEUdvwu6hOC1hahcMhbrl0i+PxDgBw2VwH3TP/AGkQ7+d5x7quh+E96f8A3wapDfhLUg7zM/RLdYUZXsk/+0yDBw6T9UI/Et2+iR+UWD4Rtdg1NUG49DhTovhfb4RvcoPzcpt2jIxufZUf+0u4E4GohCl+IF1fuxxH5rRx9CWmI+asidj0UhvS3TMX1yEEdwFWUGuOzInrO/T8Sn9F03/qOXHmIC2Mdq6ZiIDZDt7BS447BFu0ByVwUYRty6llIxKQfsjth6sqcAyED7LcNnsbD5YRsu/xinB0wQAY7lQvcjHR2XqWQDU4nPsjRdJ3p5Gondal98qXbBjB9hhCdcqk7h6vDI5JFPH0ZVnHjvP/AJipEfR9LER48m/3U11wqXf8V36oXjyuPmkccoowbJ8oh07aovqAeiC32+Ijw4gmeICNzjCYaiHu/f7q/jI7v0Sm08DMaGgIrI2s3A5UETOfuCUTFXJhoJx7hDs5B+b9kl7I+dtuUg+I7MOcKsr71aLPk3G6QsaO+rcrMXb4s9P0TXfw9r6mQcAbAp8dNOXSE262imOZM3zU98sTf72TQvEbl8ZeoKlhjt8ENMD3I1n/AEWMunUV9vEjpLjcpJi45xnAH5LVX4+yXZyrvOVQX2cn0DefiH0lYtTau6NdK3lkYzj7rDXb4+lsLh0/bdJJwJZX5/QYXkjid8uKjPkDcgb5XS0/jY5+44ur87dLiHBpr18Tusr0HRz3QxRv3LY24z+ay09RPUkvmnc9x5JOUwy57IQyO66teiqgujhanX33flLI3Tl3AwiNaB2SG5yBuitCfGtR6Me7f2cDBjYLoByngDC7gJ2z2N9CA23RdDfRDRDvhDj0ELV7JavZEEf7rpjx2TNiL4OJLgOU9jHOKgaWR8MIceFLZGG791yCMsbkoyIao4QOU4GAoxPJT5TjAygoksiZyGuceEwNPdFDR3QpJGtB2RbBbaQNxDRkkKJPKXHCU0uTgITQXOVGecjrASeFIYzbhKOMY4RWco4rIIg0hdG2U/U3A2QpJdIIATOim8Cc7GVGMhOV10hJKGCc8KgJzHbk5Ke0cZSDe+E9vKoGPZ1rR6IojSYdgMI2nIBKbGGRqyCAwpDU1sQPKfsEajgPJ0cousADZRvECa6ox2RYSL3HI6f1UuKLGAAuiMjgJ2cAle4gj8+OWRxbjuo0snYLssx4AQMOJOU3pFwESSclJLBSwVQwSWCkOUYAYUIDT0k9M7LbEutaecJAd0RrQRuFYveOaMDC6hg5yuPOFHwTsMTtn0Wfr6t1RVina7yjkKRdbiYmGCE4e5R7fQaMTy5Ljvukybk8eh8YqK3MksiLRgD7ojA7UjYHolgI4rAE5bhAd09JPTgBJqScoQanJJqIgkkklCDEk9cPCXLoNcgZZRGCqx0mt5zySi107STE05J/ZAae3osVkh0Y4WR6jVlSGxFuN3KS44B+ypJpi55c45wVnmxtUd0sjjL4UGrHmCgOdqOojcoj5fEIGFxIks9HQhHCGYwupJIQhiSSSaEFXRyuLo5UZB4Awu4CQ4XVBbEuHhdTH78KERzJLkeJvGQhRt3GQpLdIHOFALM+jrsDCizfSjO+kqNKcBKsJGOQZBB2RKcEu3CY0ZKkxgDsqgg3wOeAGgLsfAQnHD9PojbeHumt4F7+QUjiAo7SS45RJTlwCTVnlLLING5wnZ0YymjI912P+dI2NDN8Dqa/kko+ywt8ZDDNjGrYZWs6PsrrjVid4/lRHJ9z6LPRQlwbEwdsL1bpK1toLdHkYLm5P3WCfLPoHhdM1hP0W5MdPB6Bo2CzVbUuqJzv5R/mrS8VmlpiaVSMyXZPKz2s9VJr0S6Zg0jDcYUzIa3hApxpaDhdqpNEZKSF/cGP94qWxY5Wlc1sMTWAcDACrOn6QvLquRo08BWEzxPO2Nv4d1TNlCyssJCCzLj33VrbI8gzPYD2GVTsa50rYgM5OFpIWiKNrdO2EhvJ0qlgkB4IOdlkL5VSyVHhl/lB4C0lfWRU0JlkONth6rF1c3jTmXs5C+UFYw9DE6eRsTRkuOFu6CmEFO2PAGkLOdK0DnOdVPbtw1avZrceyyWm/S1rG5kGrqcHQz80Ng1R+IUJ/wDMkJx3KKG5b4Y2ysM3ya0skym8kDpDtkEBQayctidExwBcMuKmVQMVJHtyVVVIMj2Rjd8rwAky6Hx4LPpmB8TZKpwyH+UK5nk8mcbIdPE2ngZC0YDGgfmh1suI9AHKyWM1VxxyOpf5kweRnCny1McMLpHnAAJUa007nRmRw2zgKB1PUeBEYgOEtLLJdf8AFBtmLvdxdcqx5GdOcAINRKykoxGw+Zw/+UoEJD6hxI2a4lRLhKaifQ3tsFqgsLJ5Wdsm3Nk7p63GtrWzSDMcZ1E9itLcJQ5xiY7G36IFnp22+2hxHmcMpriXuLjuSVg1dmZZO5oKMQX9yfYLabhWtafpYQStTXBraiKmaMtzuAm9O0IoKISub/MkGrPoFItEH8Uvet2dAOB+S418nKR6OiGyODT0ULaanYwNwMKhrJTcL4y37aO60F1qGU0R07BgwsxanNigqrxI7+YXkRuPphIlLA98DepLgKiu+VjOGUzRHp7ahyVXQA5Gyj6nySOlecue4uJU+n2A8qCKyL/IsrbB5xIW7eij3+uMjzC04aFa07WU1I6V+22crM1shnnOnckpoMv0SbZEQ0yY+rb7rXWekEEQme3zO3VBbqV5EUAOSSAtawBrQwDGAEqwdVD2SC7Yn2UcSAnzEAZ5TpXA8FVN8uEdttk9Q8+ZuwGUmPY22ahHJgPiBeX3G5iihfmCHYgdyqiih8OPjBKCNVXVPqH76nEqzp4vElbEO+y0JYRyYt2T3Gg6WoHySmbSCCcDK9PstFgiZzdhws509b2QRRAtxkBbGRzaGl1AcDKz2vPBvrjhFN1bdpIWCippMOd9ZHO/ZWfR1B8jQte9vnl8xJ5WKfLNdbsImDLpJN/1/wCi9MpIvCbHE38IAWO9qKaCLFmC0HCcuMGGgJ7PqC5Us9DEPA07ogdtwkRwVxC2CFwF1JJWQckkkoQSSSShBqSSSAASSSShBJJJKEEnJJqhBJJJKEGISKgnhEiDUw7Lp5TFMbngs5JLgE/07ryPq65/N3CaVzstBIxnbZei9VXH+G2eWVrsPf5G/mvGbhVmSbLjkZ3910tNX7JKWCz6FoZLp1RTSgeSmPiOP27L2t3OchedfCW2uFLW3KVo0vkxGf8AP/RegaT6qaiX3bQ4fd2HAwmpJizDRiSSSgQZBRkFQglySQMb7Y5ThwVS9R1/yNA+USaSR+qOCyyjH1tQbl1F/My6ON2lvplalgDYwAMDCzPT8TJ5vmHjLnHK0r5Az81srWCyvrZcPDQhsZlwPGUx+ZJ8u4yjtG+y3QQOcLI540gYVP1TdTabRLVxyaJG/SVcktI3OF5x8VLuHGKzUzxlw1ud6b8YXZ8bp/ltRzPJ6j4qGzzt5dLLkHOoq+hj+TpWueRx6qkt8Dn13hjcRgEq4uTwyEA9yvolFfxpJHy/UXOctzKuV3iSl+63HTtPGyla4N3IysjbadtVWRsf9OoZW/iayJgjjYAG7JWrtw9p2vCafL+VkkDDgjAgM4wgRgl2cJ8xzH6LlWcnqd2ERK6TnccKiqnZKsKyQ6vyVS9+pyOCMNtuWEh+tuyt4GHSNuVAoIQX6nDP37K20hrFrhHJlslhZI1TIIxpz2XmfxFvQoaQ0UMn86bPB4B7rfXiXw4jMPwDK8C6ouj7pdpZi7UGkgfZek8Vp3ncz5P9d+X/AI9DpT5kV9LE5xyTkk8rQ22ifPMyNo3JAVTRRZaMclb/AKOtkMmmZ+ctdn9F6+ivHR8F1Vrxgvi1tDbxC06XBv7rOzOc5x7lXV7qcu0NPKqY2nnG61qW1HPh9zySKKPSzXjc7Is0gjbk8eqJThpiG2N1nOtLy6jpfk4D55Bk77gLHqr/AI4bjueO0075qMUZDqe6Pul0eQf5cP8ALaFnqyJmnJClayfM/k75QKo4K8zdb8snI+nUaeFFSijM140vIUHOFZ3IfzsgbKqkOMLKzm38WNDzuCg6d0Rrl0DIIUwLQM8FNgbmYHHddLeV2lBEwSpD4L74pfs1/R4H8RZn1C9hIAa3/lC8f6P3uLPuF7CeG/YLJM+meEjtqY0jCsado0N27KB2Cs6f6G/ZZJZbPQwML1W0Gs09sFZatpwBxytX1P563AVBWwkNDiEaycDXV73JmepKZslYNQ4ypVwGzMIlDEfm+PVEr4S4NI7LXWcOyv8A0mDZ9P5KjuoBa7PqryMdvyVHdti9uOCtdfZyPJRxRn+xSk4P2Sa0cpBd0+61qJ4mTyEj3wpB+lR4uykH6U6tIBkSUYfsiRPwckZwmyg6wUmbArDOG6TD3Y5RdwyieMFxySj0zzBM13bO6pqWbw5mlxOlXDSHjLTkLNZHB6fxWrlNLd6NVTETMDxwQoFdSAPLxwd02y1el3guOx7q4npRM0BvdZLI/o9nTONscoy8rCDwmt2Km1sBikIwoWgpAE1hkykk8ORp9Fp6Cp8TAJHCx8bsOCubdU6cHfgqDqp4WAlyiEVdrYMd0K5RNrKYuA8zBn8ld1dPFW0rZgPMGqqps6jG/t6oyrIZ5M3Dlp/ZT2v1NGGpt3pTTT+IweQnOESk0uZkeiszVrbJoTmBwOVEc0sPCnvZuMIFRHsCAltYGSjgE12eyt7PUgnwXH7KlBI7I8M/gvDtOVEFCWDUVNOHjYchUVbQjfZXtul+cp9RO45QK2DHDc/mmoOcPlR59UQOjccjuhs+yv7lQZy4DHdUbotBIxwmI4Gq07rmOzjsig5aNkAnKPG7fKYngQoprAF7CJA7HCnRzmVgb3AQ3xeIzI7BR4C6GYOwcfdb9PbtZi1Wm+3JpLJeZaGVsb3EDjfgreW+tiqoxJHv7LzJzJKka4WcK66YvT6Wq+Un3Dhjldqm7PZ4Dy3js/6tR6EGDAwUvDz3TaSRk7NbHZ9R6I2n3W1LJ5nrsB4I9UPQFMLcdkPTud1bWCZwQy3CWPdSHMCZp90OMhRllldX0UNdC6GdgcHDb2XmN6tb7XWuaGu0Z2yvWnNyqm8WyGvgLJGDI4KzX1YOho9T/Hlk81pas5AOFbQVOtoGyp7hQyW+pLHbDJwi2+YyODRnZcu6o+geM8hGcUpMucCTso09PnkKRE4HbhHMTXjZc+UD0ijlZM7U0pa4uA/dHtldNFJ4bvp9yrCppQeGjhVj4DG7ICU04k2uLyjQslDwDtuuqroqog4crNrg4A55TYyyaap7kNQnNBBGFITDwpJZGYIjoe+FHkZ7KdpOrHqmTQ7AtCS0U4lY9mQhRl0LxI04I3BUx7cHjZBewYG/KVJNFrjo2tluDbjSNz9bBg7qVUUw2cAsLbquegqBNA7GOR2IW/oqiO40rZWEZxuEcLM9nV08/kjtKOspC0+I0bBDa1srdDwMYV9UUmWHy8qnkhdC/OExr9DbKyplgfSycZb2KPBJt6qcQypjLJG/mq6SGSllxy08FVGTRz7YY6DlrTyFT3i0ukHjwtGocj1VtG/ODjlSCGyNAwtEJezDdQro4kYTdpw7YjlEiqJIHh8fIU+92qWKU1MQyw7nCrYnBuMrXGZ5fUaeVUsM09NLHXQNc/BdjdcBko5PWMqjpKiWnk1s47j1V/DURVUO/PcLZVbgTsbRMZonaHx8ALrAc4woTHSUcnOWlWcb452B7P0XRrt3C3DaDdEQNxyq+ut0VREWFuCTkH0KttIxhCewHsjayZ5xMS5roZXRPG7ThPeA9uy0NwtkE7XSluHY5CzkrHU7tLgd0mSMs4DRlpyVyVrXNwNl0nKYBvyktIp8EWSPfhBd5T6qxfDgZUaaEnfTnCTZWSMsgQcpO3C4CWnBCckFgslrgUTI06sfukQCCgkEJbWQsDvE3VrYupZ7XJ4cgL4XctJVQ1cLcb5QxlKt/aBZCFkcSPT4pKK5UzamEgteN/b2VVcLcc64WrK2q71FtlBDi6InzNW0oLlT1zBJE4YPbuFurnvXJzbKXDopwXR+U8hSIn4wcKdWWxkzjJEdLu47FVul8Lyx4wQtAnvssYanIw5PcwS4xhV+o9k+KeRh2dsiTwDOJLP8rG2cp4DZMHC417ZQASkGlmMI8gkigrqu2VLaimfp7ObnZwWuorzR3php5wI5cd+PyWMadXbCPG3BBacH1TITx2ZraVI1+irtjtcLzJGe2cqRFXW24fynuEcvcHZUtFeCxjYqnJA/EFMfBRVjdcZAd2c3YhPUovoxzht4HXLp90rdcJGRuNuUSxdYXzpaoZT1RzS5xjfA/wCii091udskLKxpqqc7DH1NVwz+G3eL+W5jifwP5TN21CJ1xlxJZR6fY79bb9TNqKCoa92PMzO4KsywnleFClu/TtR8zapXhmc6QcEL07pHr+3XzTQXE/K1rGjAdxIfb3TIzycu/SyXMTSmEeiEaY84/dWADfTb1ThEHD0TzHLMeGVToyNiMILovRW0tJuMDKjPpXDgIyKeWQPD90vD91IdGQmlpCgYFc0B3lcAR7hEIwuJeMhptdFHcOnnucaihkwefDPCqNbmOMUw0vacYK2yjVdupK1hbPECezgNwo4jIWN8MyTm57oegKwrbHVULvEpyZY/TuFBY8uOlwwUDWUaIsYYWOPmaCqS/wDSVNcYvFpg2GbkEDYrS+EcZwuOjKVKqMuxtdrg+DySpp7nZZtFSwhucB3YqRFUw1DRrwCvSa20QXCPw6iJpGO4WIvPSFTaXOqYcyU+c7Ddv3WadG3o6VWpi+JFVUW+OdpIaDn0VJV2eWJxfGcK/hlMflR2ASjzAbrK4bjUrnHpmRDdY8OXBB2Ki1dtdB/OpyQeditFX2cl5fBtnsq0MqKd2idhc0JLr29GmFzfTAUdzaWCGrGSNslHmt9LVDXGRn1HKZNRQznWG4z7KE/5q3vDgC5h9CgxJ9mhcrLCmGspCdJLmjsususedMrMZ5UqOpZVMEjHDJ2I7hCqKSGYeZgB9QrTcXwRPLwdEVLUDLcZPZAdRugdk7tQXUtRTHXC4kDhPiuckeGVYDmj23RxsxwypRfonUkmjYK7t14raTGiQlo7Eqopamkk0mPSc/spwiwMgbFaK2pClJ1s2Vt6oppwI6lul3qrhj4KluYJWu+x3Xm5jOdiiwVNXRyCSCd7T9+UyVeTVTrHHiR6F8uRvpG6hV3T1BXsd49KzJ7gBVdD1e5uI66MHtqC0VFcKOtbqimb+ZWSdaTOpp9RXZJLODDXDpmvtD/Htczi0/gzt+ijsu7y4Q3CExOG2ojGV6TLThw8zQQfzVZcbJRV8fhTQMPvjdZ7KsnartlWvsZVWnqC42stloqtzo+7C7IwvQbF1vbLniOdwhlGAcnuvKa/pWtosuoppDGPw5UOKolgdpqGFjxtqwudfp89Hb0Pm7tM0nyj6Niqpg4SRzZ27HIIVrT1cU7RqcGv7heE2Dru420hs8njR8ZG+F6LZur7Ndg3xTpefQ4XPnS0z3fj/JwsjujLn9M25wdwd0B7QRzlQTLNE0OieXxjsd0eKsjkwCSCexSXBnfhq4yj9ywNlj4AGQVDq7XTSMy6PJKtcNIzyuOaCOFMtEshG1GMrrS6BxdTR5UBtW+A6KhmgjZbmSlDgcAKiudlNUdowSmJnNu0ri8wRXRTNqB6hcmtcEv0jDlAq6Kut82iMeVKG8eG4MqT+6NSyY7Go8SG1FFU07ssZkITZ6tpwJBt7K4jniq2jQ/KHUUMeA5gwqwLU5R/Fj7ffnweSpj1N/VXQdabkzLHtY89lmPALTgNykKEOIk1uY4ehQNZH1aiWfuL8srKJ2WOMkfod1Y09U7SHNOQeyzsFxrqPySnxY+3co7a+JjvEgfgncsJwgcDdG9ro0TKguOCOUp6WmrYzFUwMkaf6hlQKKvgqWAtcA7uCd1Pa4gHZDOLZoVm5GWq7PdbI8y22TxoMkhmfMB6ItB1TS1BFPWROhl4IdxlaF8pfyFW3Ky0Fe0+JCGvP4mjBSdryC4vs7JFBOMtbz6KtrbV4g23UZkN7sQwHfMwDgjdwHupdLfaSr8jiY39w5V8eQNqk+TI3voqir2uMlMGv7PaMFZ21VvW3w9rHVXTVzmZHnLo8ktP3C9fZG2XdpBCh1tipaxrgY2td6gIJV46BnRHH2lh0R/aKtdxcyh6ppPkKr6TKz+6cft2XrlHd6Oup21VLPHJG8ZBa7K+Wb90Bq1SRsH3aN1R227da9C1Alt1bKYGn+6eSWkfZKdRlnGUX9yPqTqvoTpXrSF0VyoYvGcMeK1oDv17rwLrb+zr1H0/rrem3G50+STFn+YB6Ad1tekP7Qdnrgyi6np2UM3GtjcDK9Ts98orpCJ7bXR1MDuAHZP5hIcORM64WLhnw1V009LO6mrqOWmmYcOa9pBBXI5ZocFrtTecL7S6t+HvR3WUDm3i0xulI8szfK4HtvheB9d/2fuobJrrunJHXKhbuA4Ylb/1SLKX6MVunkvxPMhUQTt0ytGVDki8JxdEThdnpquimdT1lM+GRpwWvGCFxkhzg7/dZ5VsyODj2Hpq2Rjhnsrujr3PALX5HoqEhrgRpx9kNjpInZY8hInUmNqulX0biCp1AKZFMSRgLI2+7BhAnctDTXCmkaAH9lknTg6NWqUkW8dU4YU2OrGwBVK1wIyCcJwmPAStrNit/ZeP8OobhxBVRcKFkfmjHK7HVlpaATgqX8wyRoDgq5RG1MoJHOheA5ql01YIyCVPmo4JwQRueFTSUc8EzmFuw4KNNPsHmJeR18UzQ0EZPKbPSRStzyVSRyeGdjwpjK/gIlFgOY2enliOQNkqWukjcBI/ZTmztkA1jKhVVGx7tcW2eQmxlgGSyW0NZHMBpOSpLQ1/ossyaWkf5eO6s6W6xkDfP5pnYmUckmutkFQfOwHIWYuvQtNVNL6Uhr/tha9swlaDhI7p1d06n9rM89LXb+SPHbr0jc6BxJiLwPQLPTRFhLHDSRzle/PjD/qAP3CoL50labiNRgEUh/GwYXV0/kZL8zzWv+n4TluqPGsEOXX8DK1t06FraUufB/MZyMcrO1Vvq6bIkgd+i6levhI89qfC21f0kDW4J5djfhMcTqIA3QnPIOCF0Y2po4llHxvDRI1n+pdEhByDuouT6ruSgc0/QjO18FtTXargIAeSPTKurf1JhwE/+ayQkLNvVIHUQUuSi+jTTrLKnwemU19pZWg6h+qs4K6nlOGvySvJo6qWLHhPwp9Nf6qBwcf81nlp1I6+n8vKC+49UZJvnnCkxV8jAMdl55RdRGUZM5afQq6pb49wDXYcPULHdpM8YO9pvLZju3Gyguzy7EhGArKG80wABcsTFc4XO0udgo/zsGRhy50/Hxn2js6fzLj7NxFc6aRwaHD9VOEkT2ggrCRTggEKwpLjUQ7a8t9Cuff4/D+07FHmYv8AI07mDOWlLRnlVEN5JeBINlOZXRSNBDxv2WCzTOPZ1avJVW9MkeGPVMDO+UhKD9OD+aIHZWeVaRsjfF9M7jbCHg5yjZGN03AS5RSNcJqSENkk1cyEPAzKHnhAJdq3OEfIXPKqks9EGOaHtw4ZQH0MDs+XBKlpKsEcUysltw7bD7qHLDcaQERyuLOxaVfHc4ykB67q1wUljoqaTqa70TQwvc4D1Vxb+vapkgFWzUzgphiiPMbT+Siy2ykkcXeHgn0QSxIpStjymaan62oZ5PDd5M8EqfFeLfVP0CRjj7rz19ibqLo5iPZAdQXGnlzC92RwQeVShkP+TYvzR6XNDbKlhjfFGfsAFE/glE7AZlv2KwcVzvdvk8WVr3N9t1MpeuJo5h48bg37KbBsdVXLtGqfY6oDENzkYBwFHNN1DS/9mrWy/wDOq9vXtvc4AylWdF1Laqo6WVLQSO5QtNDFbTPp4Bi59T0+PFpRKP8AAE49VV0W1RZ6oY7gKy+dik/u5QfsU8O1e6F5Q2MW1mDIMHV9Kdp6WeM+7VMi6ltkv/HDfuUyWnik2fE059QgOsdA4ajC3f0CmMjE7Osk8Xe1S4HzTN/dGY+3yEFsw/Iqjf07QOOWMLT7Jn8E0bMEmPZypwCU5LtGpikiaPJICjCsyMCYLIC3TM3Ek4+7yu+BNGdpX/qVSWOg/kZrPmXHmUY+yXixn8SyuawD++d+qQfXg5ZVEKZK+Q1OsO4JXXajjDsLMCquQGDUZRG3K5tAY3SSO6vLJ8howKjtNgemF3VU/wDen9FQ/wASuw50YXReK9p+pn6KyfJkvgav8Mhz9lwPuw+mX9lUC+1wGDoP5Lv8cqe7GlXJ4L7LoSXfH98uh1271Mo/MKk/j9T2Y39Uh1BXZxhmEtzwHkvddxxvXS/qEMy3HH/zwmVWL3UFuS1mUM3qoz/ds/VTcTJaeJc3bfxCbB90vBqiMuq5v1VX/G6jP0MH5pfxetd9Tm+yDLJuwWojqxzVSH7lN8JxOS5VZu1WdtTUz+IVB+qQfkrSb7LcmXLI8c4XXtac8Kk+eqMbyKO+qqBzLnKpwcipWJF24xAknSMeyH8zTD8QBHsqY1Mh5JQSSTnKtUNoCVqRefNUv9QTDcKdvDlSl7Bs5+6Y2UOdpARRpwKdrLh91hHqufxWI9yq75d7hnAH32XJKm10UeqquMLHDkZytENO/SFzvS7ZZi6MccAn9EdsskzQWjIKxtX8QumqIEQOfUFu2zcAqir/AIsXSdpht1JBBH2yMlNjo7JPhGSzyVdfbPUmxfiqZfDb6qnu/WXSNoBDqz5h4OA2I5JXjtxvVxur3SV1W+QntnYfYKs0+YuPK0Q8fL+o59/l/wD9Gen3P4wsEToLLa3N9XzAbrH3PrfqW8BzJ7lNG08tjdgKlYRgtym+UA4K3VaCuPODBZ5Kyw46SV+fFk1Z9U3DfZDccHlMfKGjcrVVQodGC29y5kGdgA+YKHLOGZGxQ5qrB0tzuokxcSCCtMaTBbqV1ELLVuJwAhOeXfUuNYNspxGMALRGrbyZJTlN8nR90/GE3B9E8co+iLL7EAisaMZSYBgHunIWECT0k5MCGjlFaDsmgHOUYFgAyhDHjhdJwMpmV2Nhe7KIYlk4yNxcNuFYQU4ABI3XYIQBkjdG59sKzRGODmkAcoTn5B24RJAcbKO7LjvsmKGS5y2gJnajtsmIkvlUWeYYx3VmS2Q+R2BsQq2acu2amVdU4eRvflBhDnHUeEZlnYPaHOdkqRGOCuRtAA2RWhALbyPaupMGcpOw1pyeVaeA8jC4+qY4pPOShu5CNRbFSlkSc0DKTckZRAMnCKMM9lJHQAQNkRkerkJNbuCjABqPbhkbwcYzJ4RtOAhlwaMuOyjTVhJLI+AmcYI7EiS+YN4I2UaSrJ2wganu5KcyMF26qKJ8rOl7icoscbn9sp2iNoBOPfdQKu/01GSKdxdIO4QuSiW7ors05a3uFHmwMbo73tDTv2UF7snle8XB8FjHIsZXMBdSRBHMBIgYXUkUY5DI+k6sYRxwlgJ2CmqOeyN4OIgHdcARABhWLcxALp3SSUKB6VGq6psDC52x7I8kojGSMqsInrKjcDT2HolWcjYr2+gdJSOkkNZUj6jloKsQDkbLoYRgE8bBEwCArjHBUp5WEdHC6uLqYUOSSSUIJJJJQgkkkkRBqSSSCZQlHrJmQxEuP2UhUtxqhK8tzs3YLPdNRiNqi3Ijuf4jy7jKNGo7d+FIaC38lib3cmp88EWvqDGPCY7BI3VS/J7o9TIXyOJPdRw72WebH1x2nEkkkMOzUJCRUJNDEkkkoQKujlcSUYEp7Qo4XUIZRycRqFdjEwDdc1blGjYSQccqEfCHNZgZxuF3f1Rg1rWYUd3dVkVnIpCMcqJLzyivdk8oT9yMJEp84HQ4CQtB7IxwAmQD1Tnq0/YE36ONBLsokzvKMFdjbsThBkJzyrk8cCxmcvG6eCAMoKcMgYyl55yNisiLxuFLt1Nv4zh22UNzC4ggK8p49EDGY3/6pdr4wdnxunUrFJl103a5LhVamg6WkDhep4bTQMj2bpbuqHo63NpKFsrmYcRlT7vU6W+FnzO3WGT5yfRNHSqK0/bKermM1Q7fIyi08OSCQosTXPkAxvnlWUbdIws03k1xywgAaFBk8SpqfCHHspNQ4tG3oiWmnDz47hwUBpj2XlMwUlK2NoHCHEPDzK7cuJI+ybO8gAJQgnS3BPblLsbRupXpFpaomvPjuHHCti7ZAgjbHE1rGgbDhcq5xBEXpPZ0IcIq77UsfinyMjdUkVO6Z4YBkkrtRI98zpHHJcf2Vj05Tieua8jZiGb4JD75pGvttK2lpY42txhoylV1AY3cbnhSQQG4wq+pcHS49FhukdiuGFgGxpcc45R6WNrpm6zsCmxYxsE7xGsaXu2wsTYxir6gVFRoYfJHsECkgdUXOLQNojqcf9E2kgkk8WY8Ak49lZWSF+mWdw2e7b7IX0Nh2WUpHPChPBleGjckqRVuAbjPIQ7a3MuvGcLHYss2x6LdhbTQNAG2N1geqLo6eeRjXcZAW0ulT4VC9zRjYry6ondPW4zsSd1dUXk5PkrsLYhjcQQGR31EZJUS2RPra5ukbZT7rMGtEDSM91bdI0To4Za6RuzvK1Osltg0ciqErr4wXRdVeGhsQ2AACkWKg+drWhw8kfmPv7KK9rp5CVrenaAUdGJHjzyHUT7Lh6ibXB6zS1tzX6J1xeKen8OPILxpA7gK36WtopKX5mQed4w3291m53S3K6xU0JOS8fkFuSRTRNjxs0YWCyWDsReSg6gqnuf8rE4ZeN+6p7475alo7VG/zg+LJj09FYVU0clzdISD4Y1KgqZnVNVJUScuJA9gkvkk5eh9O3W8ADhW1HTOe8NaP/RQaFhDPELduyu6JhjZ42OQVEAl7I94rNEfgNIAA3VTQQumn8Vw8o3+6VZM6ed2+2VZUUDWRtaNiUbYUFllzbIA3TMFbtOQMqDRRlsbWkcKa7Zo9lmnLJqSSRyQknJK85+IV1E9Qy2wvO3meAtxdrjHbqOWrl2bEwu55Xj/AMy+61Ete/OZXEj2CbVDPJh1VmPsRKpoQIwGjstP0tbxJP8AMFurT2Ko6CLxXthA55XpFjtzaeCNoaAcZJR2NJYApj7NDZqMFwle3Zqh9W3YRRGlieNRGMZVxSjwaQvJ4yV57dal1ZWyPJzvgLHKXOTWui+6Eo2z1D6tzclgwD7r0Kn2cCRlUPS1vbb7bG0sw+QaiVoqZhA1EfZYNXLLyCSQcjKL3QkQcrnOWRjCDhJIcJISgySSSMg5JJJQgkkklCCSSSQADUkklCCSSSUIJJJJQg4kY5Qjylk+qErSyQSYnoZIxhEQ7kYO6F33Oy6eVBulYygt01TJw0I61ljI9GB+Il3M1X8rDLmOPbHv6rzupc6V+huSSMYVxe6t9XM+cn6iSFDsFMLjfKKjcDiWUNOPRdSv7I5FSeWeydH2/wDhXTFFSkASPb4jgO2VdM43TWxhgaxvDRpCc3ZY7XmeRi+0KmJJxIxhKcsDRZCWR6oWTk7ruT6qgsnEkkshGWOd9Jx6Lz/rm4CWqitzMnSNT8f5LezyiJpJIGxK8vc+a79QSztblgk0hPgCjQ2GkbFSg6MFwCPcCI4tWVLgY2GMNxg91UXCp1z6B9LdlurRYGLLvMTuSpQ8oQY2YII7Iz/MAtVeclPoHNL4MLpcZ074XhN7uLrncay7OflpcRGD6Beo/EO7OtlgkbDJplnPhtxzv6LxyeIx08FDqzJJgkeg917Pwmm5U2eN8/rFCGxFvYKYtgdUSDzynVn2QrlUGWTQ07DsrPSKWh0MwHBgCpADJLvuSV7BfasniYL5pqJo+mqMDFQ9n2WqY3BBVZaqYQQsBbsB+pVq12ey4+plunk9p42tV14JLGgNKi1E2fsj6hoJPoqurmDThIjHJ0LpYiV9dOA1xyq+DW94Ge67O5736RncqTQxkSYA4TEsdHNlyyypGhg1acIss22lJoDQduFBq6jQSFsog5PCMWst+OpmL+JHUL6C3Op4naZJSWN9l5AzU9+TuTyrzre9Put/njDyYqc6GjPdVFKBnOM4XufHU7ILJ+a/qvyP87XSWfx4Lez0xmkEYGV6ja6VlutzfL5iFjukra2WQSY9O621e8R0rsbYGF3a1hHgdRZulgoqxxknLiQQfRdjZnACGjwg7ZVzlhFUj5XCmgdLwG7ry++17q6vklc7IBIWu60u7qKjdAx2HO2BXnDZSTqJyuF5G/K2n0D6co2t2P2hzxnjZBqG64yD24UgbIU41NXBWWewUSgr25GpU0jdyM8K+uPdUb/rKhydXHEwTBgo2nCawgHCK/GBhQzxWQJ4P2TaMfzR+aceD9k2j3mH5pcjTVjfH/Jsejh/7wZ7levkbNbngLyPo8YuMZP9Q/zXr4Gd/YLLM+meG/2jjeysofoB9lCY3ON1ZxsHy533wkYPQRXBgL40vuJVbcYgKYbdldXCMPuTtW6g3Fn8nACLByb4ZUihoYR4+S3t6ptSMndToItOduyi1Y32WiBxra8QZFaz34VLf2BvmA3IyVesGCq69xNdEdQ4C1VdnA8is0NGTZvldck3krrgVvjyjwL7H04yFIQqTgqRgkIoMTNkaZnBHKGIyN8o8rDqCRYNKTOOXwWmRu5B2VrbqrGmF36qrkG6UdUY36g3j3WWyOTdp75UyTialkvhPDgMrV0EvjU7STusNRVHjMaSd1o7NW+FUBjvpcMfmss4nvfHamvKeeybcaUPOcYIVLPFpzthaush8T+Y3BaQqeppcDgLNKB2LIqSyijGWu4Uummc3GEyWHQcpReVwJ7JL4ExzFmstEniRFjnDGOFFu1JJRTtnbs1xwVDoal0TtidwtNPE260DWYAk08+qtSyakt8cGbroW1lJqbgkBUtE98LzGeMq3gkdSzOppgeS3dQLjT+BMXgeV24RxXJlsWzkk4Ejc9kyWMOHKbQzNki0Z3aiEYRTWMYDi98UyFKzQRgJh2UiTzEZb+6b4eO6SDJYDW6umgmaGHA9FpMtniDu5WTj8rwVfWusGnS4q49ja5egVfRZBGOyy1yozE4kN5K9BlpvGZrDeyz91t5dnyhNXInV0b4ZMaGlpwU9j8LtaxzJizGMIcYIIzymI4MoODwTIzny+qFMwtIICLFuEVwDm7p8JYJKO5YBU1dNCcNUogCZlRC4DPmHsVBMek7DZFY5wxgbD3XRovxwcbWeP8AkT2ezW2LqCWklDJH5afflbimnirI2yROGCvJGP8AEA2wRwr6x9RS294jlJLc4/Jdmm4+e+S8fKuTaR6Ro2ymFqdQTw1sIkjfnPb0Rnx4wtSkpHBknF4ZCdGTjdN0Ed1L0BDc1XgIhObjCjyxg8jKsHRk4yo74+xSZrIcZZMl1LYo66nL2x+YDO3K88eJ7fUbE4B3XslUwAElYbqqytMXzVOzfO4AWC6vJ2vH62VWISZXUdW2dge0/cKfDKXYblZujmNONDhg5VzBMCAVzLINM+keM1ytiotlk+IOb6/mq+opuNlPhdnAPdSJoA9o0tWVo7u1SXBm3tdC4EDGFNpKokhpRqmkychoUQMMR4S08EjDY8lxHh7c7Ljm4UOmqAMAqeMObnKauRvYAAZKT26hunuB1ZT4w0geqANRyV0sOD9P7oD4yRwrWSIOHCiyQ4H0/ugJKOCvcwjtsptlvUttqAC4+GTuChPbnsok0ZJy3lJl/YkJyrkpI9OD46iBszMEPbnlVtXTA5wqTpu/ln+6VJ22DTlawRCVocP1TYz4O3XJaiK/ZnXxPhdkNXHRtnaWvCuKqlBH07qrdE5j+MKxFtP7KrQYZHMI4UmCTA37qRUUrZmam7OH7qEA5jtLhghHCWDHOrBJkYyZhY9oIKyd2tzqWcviadPOFqo3g7HZKso4548FvKfGZzdTpY29mKjmzjIVpRy4wA1RrnbjROErTlrjj7LlDMMtHrlaa7MHAtq+OWDQR6ahml4CE10tDLydJTIHloDuymvY2rp9LD5h+y31XYEzrySWvbI0Padikq6nnfROEM7djsCrIHIyAt9dm7hmV1ZGuiDmkE8qqr7SySIgN9891cJpaDtlSSyInV+zDyQyU0hjkH5+qS0tytjKmMuYN1mZYZaaUxyA+x9UprBlnBxHcLhja7ZPb5gEXSRj3QtZFlXU0xzloUYEgkEK8MQcDtyoMtEWnUBys9leOgsZIa4WghPLCDglcZ9QSGikAc1zDwmqaWt0HbsojmlpSWghqlUNwmoJRJEfu3sQo4OUiMpkJOIMoKXZuLPf6a4fyjlsgHB7qfVwRzswRg9iF53C98MgkjcQ4bghaO19QSuc2GpcDnYFa6789nPu00lzEmvifE4scOOCmqbI5swHCiPic1xIHKejOpPOGdbK5ucHCNTVes6ZHKG8E8HCaGY7q8lShkumFrhqachHgOs4JwqNlTJE4YO3dWDKyEgEv37olLPYmUWy3YzuFJpXvhflp+49VEts7Jn+FnPor+CxyVABiOM7+qfWYrcR7AmaN487sKGXOhk1xEg85BwpdVbqmnJbKwkeoCivGDjCdnIiLRe2jqMPcKWva1zCMBzgplXYqWsBnpXAO5y07hY14zhTrZe622nyPL2+hRrgCyvJv+nOvaqyuitF7aXQt8jJNO4HuvTqGogrYW1FPI18bxlpBXj9uuVm6kZ8tWs8KTHOw/dTbfJeekK/5iidJUUJ+thORj1Hunwnjs5Wo06k8R7PW3MzhLw24wq+wdT2zqGBslJIA/G7CdwfRW+n3TlhnNdc4fkiDJRA47qHNRSRb4yPZXWn3THtyiCzxkzz4y077Jun3V3JRxvBy3BUOSkcD9KmSfJyQNPulp91IfGW8ppbjkqdjFNAsDvuq25WWKsGuHTFJ6gYyrjw/dLw/dBkYrMGOfFUW9wiq2bHYP7LuA4ghaqSnjnbolY14PYhV1R0+GZlpH4P9BOyocrMlSyHHuiCFpGkjIPKkNhlYAJI8FEFOcA8KnFMJyMZfuiYqhpmoHBkvOD3WMqaOutryyqp3MA/FjYr2YU4djthBrLPT10fhVEbXtPqOEidKxmJqp1bhHbLk8b8YSbpT0sVXGWOGD2Wrv3QNRSOM9s8w50rMBkkMhjmYWOacEO2WOVck+UdKm6M47olS+11EH4chRpoY5WGORv5+i0msEAFQ57fHO4vYdLu/olTrwaq7pLsylRaqiH+ZREuPcZwmU9cSfDnwHDY59VoKiknpTk/T2IVfVW6lq3+I5mlx5x3SHBmqFu7gF5XjylQqugfIC4YXR8xbZCx7HPj7OHopkdXBUDkApckOUvZSsZU0zyWtU2lv1TE4Nk+kbKXPEHDYA7KumpRnYIW5xeYluMbPyRpaWtpapoHiAP9ypgYMZwsK5z4XtLc5+6taDqGWBwbMCWn81phqE1iQi2hx5iX74T2GVxvis+lzh9ii09VS1gBilbqPYnCkikc1oIAKdGCn0ZfklWyVbOprlQYjleZox2dytNSdQ2+tABIY88g7LFvpy0/T+6G5ukZBwqdeTo6fyc6uz0bRFM3LSHAqBVWmlkdl8Lcn2WQpLxX0DxolLm+jitBSdVU1SGsqBpf7rPOk7On8pCfZDqunWiUmnJZnf2UM09dQSam5Ho5q1jZYphmN4ORnlDlia8Yc3IKxWaXJ3NNr16Y2xdeXW3FrJ3GWMch263lr6qtV2aB4gikPOV5xNa4icsABKjxfMUVRqZsWn9Vhu0rTPU6T6gnCKhN5R7LHLURYkifrZ6A5U2C4Mk8sg0lec2jrB8WlkpI+/C1NLeKKtZ9Ya4+iyuqR6rReQhKO6mfH6ZpWuDgcDOe6E5gwdwFUNq6qA6oJA5p/NSYLpG7y1Hkd6jukyWTsValTWJIdVUEdY0xybHse4WXu/S03mexocD3C2DZmvyG74GeVwS520qsuLF2013HmBhr7a/ylwA7KwpL9nEdQN+62FztlLWDS6MNJHIWOuvTM9KTJTjWD6cpqsOXfppQ/FFiySCUB7HAj2Kc9hwMArK+JUQHS/U3CnUvUEgAilcdtslMSTRl3Sj2XLiRjbK5phkAD49/UIcFfBOAXOAKkBsLxnn0QOOQ1e49kWS27+NTzPa8bjDkejvV0tu1aDUxe31BckNQw/yBkehQjVQs8tS0g98jlDKODRDVN/2L+hvtvr8eFMGuPLXHBCsPq3AWP/hlrq8SwudFLyHNOEWC6XSzHTM01EHY8kBJcTXDUP8Aq6NPIMqsrrJR1gLtAZJ/U0YKPRXygr2jRKGP/pdsVMIOM42PdXg1xshP8WZEG82ObVHEamHuM7gK1t3UtvrHCOTMMndr9iCrN0bXZB49FUXGyUVV5tGh5/E3Ype0trHJcuayRucBzSoFfZaKvi8KSBmPsqBovlkfqhlNRCOATk4VnSdVUs2I6hhjk752QOOeAZpT7Mpe/hpHMHvpR7gLMQnrfoepE9FJOyNh2AJIXs7KynlYHNkGD7pk9PSVjTHK1rgezkmVeHwIlRH+koelv7RFdCY6fqqg1tA0+ICvVenfiL0tf42vpLgyMvH0OI/QheRXL4e2qrc5zWaNX6BZGv6Gu1hmNVb5DIxpyPCduPyUlUmLdThyfQ/VPw26U6zp3Ono4fEeNpogMrwfrD+zz1HaXST9Ph1YwbtYOcLth+KvVPT0gifO4sZsWyZXq3Tfxvsl2gDLnG2KUbEg7FA6MmeVddnB8rVlHc7TUOpLrQy08rDgh7SELUHr7MuVl6K68oi2qgp6hsg82CA79V5B1b/ZubCZKrpOsETfqEUz8AfmstmlMl+llHmKPD9xuOyfS3GemlzK7Uw7fZWd76T6l6endDcrVKzT/wAQbsPuD3VM5gx5iBnlZLNOzFtlUzVW/qCB7QyQ7dj6K1bMHgEcHusAI9I1sOPspNFe6yidp1lzR2JyskqDVXqMfkzcteRv6IjKpwO4VJQ36lqgGuOlysmnxAHBZ5VNG2N0X0WMdae6NqbNjVjKrG+U5T/miMbcJOxj3PjkbXWxwaZ6c5HJaq7xXQOzIMK3bW7EFDkhgqRgs/JMTwLeHyAp7jG4BrXBS2zax91W1tqkgZ40AxjsFDp62emkHjElhH6I44aygXL0W80bTxuoUscrDqiCLFXQyP0h3KM8ANyEcX6AfIGlvM1NiOcHHqryluUdSwaDk91nJtH0vjGCorddK/XTyuGfQo12LUmng27ZNXZNmYHc8rO0fUEkZDKluR/UFbsrYqpgdC7PqMpq6C7OSxdlEloYZd3xMP3aFPJym4x3RRk49CrK1PsyV16Lt1YHPjiEUju7dgs1X9ATsjBp5NRzvleoSNYRwo0kY7DutNestr9nLu8Vprs74ni9b07daJxHyzngdwFCfTVUQzLA5o+y9wdTteCHsBHuFAqbRQzAh1Mz9At1Xk/Uzian6bqk81vB40TlOO4XpVV0baZzkRFh9iqer6ABJNPVkA8AhbIa6qRx9R9PamtbocmMB9SkT6FXlX0TdYjqgcJAFWT2a6UrSZqZxbnloynQ1VT9nMn4/U1fnAjPLjgh36FEpLhU0UniRSv/AFQSx4JyD+YTfZO3RlygVGdfrBoqTqwbMqqdvu/GT+auqS+W2qaBFVtY88ArBpjQ4OzGcFLkkzVVqbInpbamtDv5EgeB2ypLbxWxEeOwgD3Xm0dVdaRwqIZnjHvnKlxdVXGF+ahviNPIKTKmL7R0atdKP5M9Jg6igOGvG/3VhHc45APDed/dea0/UdHO7S9piPYnhH+auUp1UUrZGjjBWKzTVv0dHT+Qf9LPUKetfyHn9VOhu1QBpG+F5TDWdURn+7JA9Cp0PUV5piPmGELFbo6/0dWnyk4/kepxXJ/MikR3Smdtq39F5lS9cx4xOHOP3V1T9Q2ydgkEoBPIKyz0NbOpT5j+5um1cbtwQiCRjxs4BY6G7xSuLYpQdKsIq52kEOz9lls0SX4nTo8vH+pmgxnfVskQR+LCpWXKcEeZSGXNhwJH5Kyz0s49I6tXkq5otW9108KHDWwPOA7GUZ8rHcH90j4ZrtGmOprl0x2rzY7J4Iwo2fdE+xx+aXskh8bFLoInIGsA4Ty/CBRkhiYRPwPRA8Ydgn+L6NVbWH8iXY4sBGDuhvpKd4w6Fh/8IT/E9l0PHdRJ+gJSjIgT2a3uOTTs/RAPTdvf9Icz/lKt+e6QGFW2T7BddcvRUHpx8e9Pcqhp93lIW/qCmINNdXOHuSrrIT4xkocf2GKlLptFSys6sp8aXMmxzlSHdUdRU7R4lqLsckNVq1mBkd/dNLXn+oK+f0XGqUXlSZAb14WACostU13ctbsjs+IVqcQ2WmqIz7tRjFnluf8Awrgt9JJtLTsP/hCra2NzZH2Hh6ysM4GqqEfs/ZHdfen5XAsuUZOPVVUths8p3pWZ9wFHk6Us0g/uMZ/p2U2r2Fvu9GgbV26YDwaqN3/iTonRnGkg+4KzP+xtOwkxGoaPZ5XG9KVDT/KudVHj0kKrYVvtXLiaoxDkA/oh6SOxWcHTVzBwy+Vee2ZEUdN9TNGpt7H5v3V7Ale0ui/w/wBHITmY3VILR1U04/i0Z+5XTZ+qMAm6RfqrVeQf5WPRc7/0Jb/0ql/hfU42NxiS/h/UA+q6Rj8lfwN+yv5ePRdaPZELQ0btKz/yd5Bw68M908UNw5ddsj3OVf8AEb9l/wA1/wDKy414PCeJG8YCpPlDjz3OXPsmiigJ81fMfzV/x0T+b/Yuy+MDJcAAmiqp+0gVWygogcmomcR6uKeY6CEanvGP8SKOl3AS1mSx+bpzxIE0VkZOACfsFXvvlhoxiWelzj7lQZuu7BS5LHh/sAp/Dm+gHroL8pGhFQHfTDJ+YXS18mDjH3WMrfiZSluKODJHCpaj4g3ifeEiMdtk+vQWCLfK1R65PTmxaTh5A/NRqu52Wi2rK0NPcYXkNVfLrXF3zVZI8O5GrZRS5xGC4kfdaY6Fr8jHZ5mPpHqVb1v07RM8SmDqiT0wqas+JsjmD5CijjkHDi0ZWESwOVqhpa4+jFZ5O238eC8rurL5XEvkrHjV2B2VPLPPM4ullc4n1KQOEvyWj4IJfaZZ32T7ZzSB2SAASSRxrwJcv2dyeMri5qC4940o1U2BKSQtXuuGQY5USSYZOCgGoccjdMjDBnsu29B56nfyjOFDmqXuGE4EkklMc33TlWuzFPUyk8MAXPcclGZ9ISDGjsnAZV4wBnPJxEG6QjyiCPBzhEEkxNiyuhmDnKJrDW4whOcTkIdrDXQUYHddUYEl2clHDtuFW1lnE5rCDkhNJA5XfFDhj/RNSyEGJGPf7oHiuzxsuEOO6NG0OdgBVgalkcyJ8pAAVlTU2kAkdkSkphHGC5oypjQ0cDCPZxkfGOOSMG4GwSRXADKjk8qhspbRPcAN1FklAG2P1XZpQAR7KtmqAAcf5ozJZaFnqBySFV1NVklo7rlTUOLsBCjjdq1OChiss3HfCdIQ52EZrQ0YCe0DHHCcOUQlyw8nQDlPHCcNIbuhOcAoWnwGYQAcoMkgd3ATHzZ2CE1pyCc/qmwhnkvPofvnfuiiMuXAwkDIRmp6iiYGsaO6cBjuukgJj5mtGOUPRTkkFyG8kIFRWaT5EKSQuQQxxdklDJ7uBM55Hmpmldudk6Nu66xjWgk9kOWtggbnxBlVF4QiU8Pkk4axuXcKLUXKCMYa/wAyq6u8vflsbgQqp85lO/dC7E+BcrsE6vulQ92GS+UqFkO8zjuUIklcyUpybESucj0qd57HKDvndIEk7lFGnC+idnyEaOF1JJEQSSS60HKNLITeBydgJAHCemipSycwF1JJQAYuE4GURR6kgggFQMFMfE8oKUcQZuO6UTDnJRtPugDOJ6bp905Hgg5JJJQgkkklMEEkkkoQSSSSIgk1OQ3vawanHZLk8LLLisvBEuVUYISGuA9VnwXPdlxUm41QqJi1hOkFCaPQLm2vfLJtrht5Dwgjcp9VMIoCQME7BcjyOyh3GY+JoxsAlSe1Bx/LBXPLi7c8pieTk5TErOTVjA5JJJCECRUJFTRokkklCnyJdAOUgO6JgYGypoS45EAkeF1cPCgQzGXKVEMAIUTfNkjhSWjAG2FAXwNeSOO6DKRjlGk+lQ5CfVBKW1Eisg3cldj5yUMnJRot0tLIzoM0gA4CYHZck5+kHZcj2P3RMAO1+GkY7IGckp7/ALoWr2VMg5JJdAyUpvBo08d08BIANbchaiwUIrK6FkgJaCCQqO3UzXSBzhk9gt/0paphN84GjS043WacsnsPF6TM0zXsayjpg1oAwFnblVOfPqznP7K3u1RoiDQceqzwJmm1Z2CS+j1/6iiTSA5yRurNuNIPqolPHsNkWV/n0Dss1mB0ftQ2fL5A0b9lbQMbFBG1rcbbqso4i+Yyu+lW2MsyOAlmqqORP82Cp9sg8STPZqrG5c4ALSW+mEFO3+p25KVY0bqoYeSS0dlTXqt0HwAcq3ke2GN0jjsBlZGsn8ed0gzg8JbNMntAySYIGnOVtOnLcKWlbM9vnf5lkLdTyV1xhjjbwd16NHGIo2sHYYWe58GjSQzLcMmeWEDjKhlpJ1Hui1ZPiAZ4XGvyBssE5ZfJ1ujjOUGskwzwx3RnFrc5KjRxmorGgOOGDJ/6JQDfJN0iC3gsHmfsraijENHHHpAOMqtqSXyxU7W75yQrWocI6UYHZKlLBppXOSsqJnF5JOd1ZWyNogzjkqqaRLUNae53V7pZHGA0YGEjtmttJZM/1lc/lqXwGOwXbLCxABvjvO/b7K06vuTKiqFOzJIKpZZ8QeFjCdGJ5fWXfLYyK2KWurmwt3dI7H5LdtYykpWUzMAMaB+fqs10vSNkrHyEZdG3ZaSTU6TCRfLEtpq0VbS3e2SrXSyVErI2jJe7H5La1jPlKXy4GG4VZ0zQta7xngeVuy51PWS6hBGeRhcHVS3WcHq9LDbBNlh0ZbzWVslylZ/LjyAfUrRXGdjA45wMFA6To5aCyxsm+p/n/VV3U9UY4i0fiKxzWTbHgz81RgzSMODKdLfXHqo8TS84yu/3vnHAH6KRSR53AVqPsTN5LGkjMuiJg9lPu07KSDwIz5y3CVqjayMy48wBwqu61JqaonbDRhU+CEamYHzt1b75V9Rw+JKDjyt3VVbockyuG3ZaG2xEt18BDKWA12WUQDRkBNMxB0kIow1qhVtTFBC+aR2nQMj3SUtzG/JsjkxPxLvTXeDZIHed/nkwe3os3RwCNjYwMYChVNVJdb3U1UuXYecHPZW9ujL5Gj14W3btikc5P5ZuTNB03bGySCV7STlei26n06dsALP9N2t0MQc5uQ45HstbC0RtH6rHdLk2Vx2lf1VcTSW4QxHS6U4HZZ7pigNwusbZBlkfnd7oXUlwdcLnoa7yReUBaToa1yxtfXv2ZwB6lZrPtQ01ukh7Q0bBWsQxG0eyhQRl5DiFOb9IXKvn6ADAYXRykkOUgMIOF1cHC6oQekkkoQSSSShBJJJKEEkkkoQSYknoABiSSShBJJJKEHEjHKAeSlk+pTM5RJYIIoRJ4RCQhnlR8liWH+Il30sZa4X4cfO/Hotu46Wl3oMrx7qe4m43ieYbsafDH5FbdPHLLbwZ+teA3TlXvwvp2zdTNkIBMcZLcjg+qzVYHF2Vv/hHSxh1ZVuYC8ta1p9MZz/mFvtSjUwISyz0rSOwTPxJ44TPxLlyeUaJLCHnhCeTwikhBfylrss6ujlcSREHgjRjKAScpy7sW7nCYlkMper66Kiss0pOJOGrIdJ0z3SGo7EZKsfiFVxnwLdGdT5DkIlgpXU8ALhjbC01rDKLGd5jaTlUjyXznG+6s7nOPDIHKhU8Y1BxHZb4IgVoIGCiJwbsg1lRHR0z53nZq36av5JYEamXxw3HlnxMrmXLqWnt8D8Q0wbJpz335WRt7DV9Rz1Egy2DkZ2+yJHWy1punUUoy+XJjyeAOE7p2IwUZllbmSd2tx9V9F8XRsqTPmXl9Q7ZuJYXOchmG4GoodigbLWa3DOjcAoFxlGQzvyrjp2Bgh8THmJ5XTvlsg0YvG0udqkaSnwBgdlKagQDupbTgEriz5Z7emCihksuGnsqK5TEcKzrJMAhUVW/U/BRwKvniOAMf8yQDCtLdEA92VDpICXj3VtHDoAxt6o49mBvCCPaGtIBwsf1pdIbVa5Zyf5mCGnK1VQ7Tydl4v8AFu+tkrKeyUr8uflxcDt67/lldjxtLnYjyH1X5H+BoZzT9YMMXOlkfM85dK4uJ+6tLZRulOwVbFGdTWkgnjZa/pugPjgubsMZ3XvNPTtWD8yaq7PJs+mqAUtG17mYcRldu9SXvEDHbN591axRsgpNR2DW5Wce4ySOdyXHK2OOEcly3SORt8ykB7WNydsIcJx2UHqGq+Utz3juCEq6W0fpo7ngwPVtyNbcJMSamMy0KggyTkpwlMoe4jOXk/umRuOrGF5TWWOVjR9Q8NWq6UiU7YLkm4XCcgFOe30XPTwz0USiuIyCqKTklaG4xuw72VBIDkjvlGjka2OJ5A5IcpAOQo34lIZ9IUMMDh4Q6UiKo0u7lFAycIOkipH5IJGmDxJM2vTG1xgx/UF6+OG/ZeP9MkC4QZ/qC9gHDfsskz6Z4R5pDQqfGfIR7KBApzPp/JIbwekr5RkK1ubk/wC5UKvYQ1WFWD/E3/coNwizBnCtSyc2a+1lNHGCTjjCg1jQJMeitoI/KSR2VdWM/ncd05HK1MfsILGedzvVVl8diJwA7K7YwCZ49Aqq+w5idkdltpPN66GaJGObynuATG8/mU9/C6Eej52+GEo+QpZA2KhU2z8qxjGWBWkZp+iPM3GNsoZUuQDZC0Eqn0RMhyN25wgPZk8qbIwjZR3tJWaaGxb7DUE5ikGTsr6CfOmRqy7GkHlXFBONIicVmlHJ3PG6vbLZM39oqfmaYtcc4Cc+l8TbhUtjrBBLoJwOCtMA0gFvBWeyJ9E0tsbq1gzVbAI5CMdlB8JwOcLU1dJHPGQRvyD6FUc1Lp2xusU1gZOsHA8sc3fK01nuPnDCQAB3WUIMT2nH5ZVlS1IbjAwR3S+gqXh4Za9VW7dtfA3AO6ppmirpM8uatpD4d3tggcRqxt91j6iJ1rqzBIPKSQtNZV1XbKeBzqeo82wOxVsYsDOVGutMMCaMc75CLQVHjQtDj5mbFXKOTPD7XtOGPHIUeWPjAVhLHgcZUcxnulSbiNlHHRDDC05RIahzCMDhPc1MDdOyBAJ4NVbK6KoptIHmbsU6ppGz/hVFbKk01Rq5DhghaeKWOojGNk0enuWGYG8WwsmcWtKpHgxvxhekXK2iXPlG6wt2pDDORjG+yNcHM1ml2regEZ2RgMkFRWbHCkxcN/NNRz4LgT2A7lcjO+MI2MpjGEEhPjJxKsh+hxaW4ICex5k9iEhjTjC5pLHAgbLfp9S00mcTyXjFqY74rk0nT9+loZWRyyHT6r0akroa2FssRB23HovGtWQFoOnuoJqCVsUr8s43XZhZk+a+Q8fKmT3LlHpGMJhGMbptJVRVsTZI3cqV4YA2C1p5RxpS2kZ7BhQpo9XbCtCwHlRZI/QK3HJIzyU88ZwfsquaIO2c3UO4V/PDjP2VXUR4PCzXVpmqqWTzvqOxzUUxqoG6onEkY7eyh0NSCR+hC3lfC2phdA9uzhz6LAV9DJbqtzeBn05XNuqweo8Xr3Q0XtNK04GRv7q2hwW51ZWapJNg7KvLbO17vDJxtkLm2Rw+D6VoNZDUJYCTwh+4blVtTBgZ0rQiIEcZUaqpMjAACzNHWlBYyjN5cx2ym01UThrl2pptByG4UTGkhUpYZnw4suW6ZG5xlDxpOEOjmGMFSizO+FaeR0Xk6NxkhBczI4RXDGAnaQeBhRlqOStmg5wFCfER2Vy+IuGQFDmhHphLksgSiVrG6HEg4Ws6bvUjx8tORhuwKzE0JJwFyGd9M7LTgpT+1mjT2uqR6VIwPGexUCqpmkbD80GxXY1dOGTOGWjZWb49YBCYnk6W9WlJKx0ZxjlRqmAPbq4cFcTU+dy1RXwngNRIG2nKKdodGd1KZLqw0pVNOcggdlGGqN2CEyLObbXgfXUENVD4T27Hg+6x1fQyUkjhEXADstuyQEAFR7hbYqpuQMOPdOUsHL1OkUluRlrVVzGTwpHZGO6vIHOY/LXLOV1FPb5iNwM7EKyttYaiLDz5m7H3Wqu3HByJV44ZdysZUw6XgE9sdkClqXwP+XqCcA4a4pU8xZt6I1RBHWR4Iw4cFb6rsCJU55Jnh4GQM5QwxzTghRKC4Pif8pUHOk4BPKvHRRuYNhuMrdG3IiVeSuczLSqyuoWVEZa5gHofRXj49OdlFfHvjT+6trcInTu4RiXNfTTeFKMeh9VYRtErRsrO52ttRGXtG6pIJJKOXw5skcZSmjBbTKuWGSHRnIBGF2Wn1MGG7qU1rJWBzd9spEE7Y4VbckjEoKyge0504CgvbpJJWpnp/FB23VPV26cEkM5KTZWC47SubL2xyutjDwfdN8MtJBT43Y7cLLKIOSPNEY3HA2XB5wFNLRIMYUWWEx8d0HRSlngbp90mOcxwcDwkCF3I9Vak48oYy4tt004bK7ftlXsc7JmZG+Vis4cHZ4VnSXF8RDc7Baa7fUmc+/T5lugi5nGHbBMBwnQVDKpvOSE2UY43wnZT6EbWlyOAB5TdOg6lxkzBs44yiBwcdkaYDiHpLhLTSagOFtLP1C18LDrJH33CwxDSMFOhllhdrheQtFc9pivo3o9dhniq4g/IdnkFQq6ztmGunIYfTsVlLP1QaZzWVAI7E9lt7dW01ewOilaT6ZTnNM5rqnU+TF1Zkp5jHKwjGyY2UOGRutvcLdBOwtnga7I5wsNeLZNZ3/MU2ZInfU30UcsdDISUnhhqepLX7DBWosHV9Rbj4VaHzwHbBOS37LCQ10VTkxOLXt5aVNp7iI8Coft2CuFuRk9NFrOD1WhitlymNfYrgaWpf5jGHYBP2W8s18qSyOlujGiQDT4jeHFeB0tS6PFTQymOXlrmnhaq0fEaqt+mK8wCVnHiN5/NaI2vo5Wq0k5v7Ue4xObJw4InhH7LOdM9QW690zZqGoDiRlzM7haeN2sAaeFpUso404ThJxkgBjA7pphaVM0ey4W+yvIpldLQR9woE9M5rshuyu3Bzti1J0DXHcKFplDpKWn3VzPQMc3LG4KrnUkzH4LVBql+yH4R9U7Q52xCPscIrY2jlWXvIMlHG4anNycKFJRu5aMBXTmoQZhQtTKYwuZsUtBVs+ma/twhSU2fpGFWBnyFaYgdj3VRd+k7XdG5kYWyH8YAytC6Ej8K4YidsoJQ3Fx1EoP7TyS9dEXW3EyQgTwjgtG+PdZ+PLXaHDBHZe9mm8pBGxWdvfQlsujXSxxthmP4mDH6+qRKk6NOu9TZ5eBHI3S5oI91X1drb9cDcA8hXt66QvdncXNY6WIfibyAoEEpDQHndZZVYOjC9S5gzPz07ozpe39VU1VsacywjS/nZbp9JDVM3G6p660z0zTIGlzc9gs1lRuqvx2zKRzz07gybcepUlr4ZR2yplTSsnYWkYcqySlnpiXNJOEiUHE0ws39D5qJrxlrQq+Wkkj/AA5U+C4tBEcg++VKHhTNy0g59UDimOUpLsoY5J6d+qN5afZXtt6pqIiI6jzDhR6igackDCrpaYNJ2V/JOvop1wtXJ6DSV1JWtDo5G5PZHqKVpaMtAyvNoa2po3ZjeRjtlaS0dXgYjq8kf5LRVqFLiRlu0soLdEt5aRw205UcxEHccK2pqyirWAwyNORxndcqKBz8ubjC0cS5iZd7iRaWsnp8BkhwN91c0t0kcB4p2VG6hlj3BB/NMjrXQksezJCVKK6NVWssp5ybGCoinbkOCUjWOHIWfpLhCRq1Fp4wrCOcyY3yCkToUjs6XycnHMmSDE1p8o5RqWpnp3AxykIDZNt11so1bhZp6ZLg7Gl8w65JpmloOpJYy1s4yOMrRRV1LUsBa9pJXnhcCMZwnU1ZU0zsxyED0ysdmij6PX6T6qe1Qnyj0cSGIaonlpG/KPFdGbCYAH1CxlF1O4ER1LDp9QraKqgnAfHK12exKzT0uD0um8vVdHMGamOogmGQ4Lr4WyDSeCs/HI9u7CRhSKW4TRu/mHU30SJ0NHSr10ZLEglwsFJO3du57rMVXTRE7oxhg7OWybXwyYEhweye9lLUAeI3IQcxKlGu3mLPN6u1V9IDgF7BwWqNHdq2ABjy9oHGQvQKy0VTAZKKQEd2uCpqljJB8vcqFhb38uP3VmW7TtfiVVL1E4MAkw4j0KtYa+huDNMgbnHBG6pK7p+gyX22Z0bvRx2VdNQXSgAlYRJ/yndWkIk5x/I0kttewl9DU4I30kobLtX0n8uvgEkY24VJD1HNG0MlDg4c55VnBc2VAGpzZB3aVbhkpWNrEWSHiguB8Skk8CX0zjdGpr/fbS4Mq2iqgH5kBRpIKOYamAxu9WoLhURN0ioLh7qvjG1Wzg/tNlbrzQ3ZuIHaJAN2O5RKiN7PMRsFh2tOfEb/AC5B+NhwVZ0fVdXR4ZVNE8beSeQEqUcHSq1bfEy5kdqOk7YUSts9LUty5ga4/iAU2K5Wm8Rh1OdH35yk+mqIN43629krBrhZGwzc1qutA0SUNSZMfgccJU/UE0REd0hfTkd8ZCvn1MkeDIxMe2jrRl7WavdA0mE1/wArOQXSKdrQ2qDmnjBU4EFu2MHv6rPVHS0T366aoMOeQ0nChma9Wg6ZMzQjg87K8ANzX5F7X2i3XGLwKqmjezfHl4WTuPw0i801nqHxP5AJVzD1DDpBe7B9DsrWluUFQ0OY8ZPuoJ2xs7PPIqrrHpR5j8SbSD9TckLb9NfGWYCOlvODjbJVnMGTga2sd9xlZ+7dFWW56pPBMUp7x7bpbW4CdM481vJ6QL1ZuoqQRAU88cg3Y8ArG9TfBXpa+NdPQ0raGd248IYZn7LESdJdR2T/AHm03SZwaciMHG337qxtXxT6gsj2099pzNENiS3cIJ1ISoRfFqMZ1J8H+rrBI+akiNZC3szdxHsO6xkjXQSGGrp3RSNOHNc3BH3X07a/iB01fgzwrkxkp/4chwQUa/dHdO9SQn5+hjMhH960AO/VYp6dSFWaSuXNXJ8taG51RuwfYqfR3qsoyA9xc33Xpd++Bj3vc6yVjGAbgSO5Xn906M6ksYca2ic5rSfMBkEfdZrtL+jM6rKn0WFL1JSzYZJ5XHlT2zMkbqY8OB9Fg36dWHsdG73R4quqiaA2U6fusf8AFknyiv5ElxI2rtQ8wdj8l1lSYyDhUFH1E9hEdSzU31VlHdKOd2lrtJ9+EDoGx1KZatqnPbhx5QKimhnYWEAEnII7FR/Ea/6SuiR4IwCUvZgZ8iZBloaildqA1D1CJBXSA6ZTsp7ZyB525XXw0VW3GA1x57KbSpZ7TAGSGoxpdv6IEkGlupAnoZ6dxkiJI9QUxlzkZgTtI9CjwL3JfkELSCQQk2pkpiHRuIPsjfMQTNBB39lHlgcRqbgj2RF70W9Ffw7DJ/1VkKqKoxocsW9rs4byE+KtqYTku2CgLn6NeS/Oc5TlnKe/bhr3K0iuUD24Lhv7qbwdyfROL28HCEWNOwcAgCUOPlKIQQM5RrkptMGYmnt+6E9h5xx7opO+MoTgcHIKagOgRJBXNDHbPjDgeyc4HKblXlroppPsFJbLbMDqoo//AChV1X01Zpz5aYRuGd2q4acZTXDON0yN1kfZnlpap/lFGVd0Vbjn+bJugHoKAn+TKTn1OFrdPuu6cbZTVq7F7MtnjNM/6TFu6Ir4D/KrYiz+knKFL0XXSf8AFiH2C27gD3TS3blG9bYzM/E6Z+jAP6Fqz/xWfopNH0lcqM6qeo0HPqtjpIJTHOc7OARj3RLUyn+QpeMphzBGZkd1NRPMbMv9+yC+pu53rKUPH2C1D3l/KFhXKxSKek/uUAmpsAVFE1h52CQFvk2blpV4Yo3AgsG/soz7ZSv5jwqyiv47XRWva+MN8OpOBnG+Eo7rc4D/ACqokD1yVLks1PIdiRhCkszBjTM4fZDtiHBTiGh6ou7ANT2H8lZQdajwwKin845I7qgfb5WbRkv+6Z8hUAZLQhdSY6N9sejW0/WVHkaw9n2VjB1RQzYxUFufVeeupXgjLN05kT+yTPTJmqrX2x7PUKa9UZw7+Ix/bUpjLvD2qA77OXkXmG+ESGocDvI4fms/8RejdX5W1HrzbrA/ADs/mpLajWAR3XkcVyEW4qn5/wCYqRHfK7I8OseQPdL/AIiNUPMSXZ6sJsnOEQTHHC8uZfriMH5l36o7ep7gzfxnbe6T/D/Roj5dPtnpgfn8K74rt/LhecR9YXBuAXOP5qRF1tUs+prj+ar+Jxk2Q8pCR6AKo9wu/Ng7YWGi65w7+bCSEZnWdDJthwz7qlpWx8PI1/s2hqiBsh/O1DckPCyP+09O45Bd/wCZFbfonkFrzn0yotG/ZcvIp/1Gn/ilW131ZRxe6hozjOFlm3Zx3bg/mu/xp4GDHt65VrRouPkGupGpHUcjdpAAEh1JQt/vHYWTN3jP15TXXGhI3Zv6qLRhf8Qn+zZM6htEmz3lHZcrbIAG1en88Lz+SopXnLXY/JCfUxHh5Qy0SJLydkT0kVFHti4k/wDjRWkSD+VUA5/xLyx8pd9Mjh+aCaqqZ9NRJj0DihWjIvLWez1nwKgnU2Qf+dIxVWNjn/xLyf8Ai1a04FXNkf4ymm+XXGBWS/8AmKv+E2X/AMWh7R6qWVQ3z/8AVJmp/BlP6ryg3+6Z/wC3S/8AmKH/ABm5O5q5D/4irWjZT8tWvR62ZTg/z/1coslVHGf5tZCP/trf+q8qfdKxx3qpc/8AMVFmqXOOXuc7PrunLR8CJ+ZivxPWJb1bYhmSvjz7HKgTdWWmPI+aYV5j459/1Tcg7lFHSrozWeZnLo9BqutaCFuuIeK7sAq2X4g1jvLDSRN9DpyVkElojoq+zNPyNszQz9WXaoz/ADdGf6dlAnulwqAWy1Ty30yojV1M/iwXQt6i2XbHOOR5jk+6DjfOE7kjdPa0YUjWolKTl2IMaBjAXGhwO/CenYCKS2lpZEBhdSSR4yTgSSfrC4XAodv9iZwNTiccJh4QyTnlNUPZW5hTJnsmukGMIbpANkAzDBR7UhdloV0pycKO+dzhjCYZXHIwmK8GaVzfBxziTlcTc54CciUWxc58CSTWtIKKwHbITVEWop8jMFFY3G6dgEDbCWcK3EZFBOBgDCQcO5CWoEEeyBgkql2HnASXBxgoYJJxhOawjBT9AR7eCHY4gQCV1wDRykCGhR5ZdWyW0kym8Cmm32C7A/fdRyMncqdbqKSqkAZwOVAoZkyTBD4uny7Kyp6OGIiTTv6I9PSNgZjSEXThQ2wikjoGBhPO65p90OaUNGOUZYOQhvdQ5ZNA5BylUTt3yeAquqq2kEDdQz3WpI7V1enIBCq5JnPyFyV7pH7HZKNhGHKHOnc28HI2F7suUoMAAA7JjQBsAiIoxyBnPIk4kJqY5+nkq8EYR0mx3UR8rjt2K7IS5wwiRxjIJCZCDYOUdgjJOXBSAwAg+i6xoA9F0hoGdX7J34huWDuAk5wDTuEJzsbZQzk91HLAG5HXzkEgBCOtx3OycG78J4AAyFWULcsDGswMkbrhka0YABx7oVVVxxtIfseyoau5PLtLOCUmUsGedyRb1tyEMeAefRUU1QZXZPdMMj5N3nK4kTmzLbZnoZ3ykkkhi2+xcXnsSSSShZ6Ku5KckvpcY5Pk4kjuku4KNR/ZQ1rd0eNh22SjjzvhGaxoGCjUtoMpZG6WjhdSSRADEhunprjgKFjZnNjZkn9FGGXnUU6cF5XW7DCnYR0ABdSSRxQYkkQDCWn3THEg1JO0+6Wn3U2EGpJ6aRhRxJ/k4kkkltYIJJJJUQSrbzUtZF4TT5iplRIGAb9lmKmY1E73k99lkvs42mmiPsHGDlTYm8HCjRAHGynRAaRsscY57NE57UckIibkDfCpZXl8jnOOclT7nPg+Ew423VWH5JGOEm184GVR3LIxJJJANHJJJIQxJJJJo1iXRylgpAHKpmd5bCAd0YDGwQRwjK0EwSS5kJzPqChYWNoByAjnAamRjYHC5KMhU+Rb5BzEeoUObgp0pOrlCJzhZ7BkVwDaHF+eylx/SgtA2RgRgqt+0JjHokaHg6kbYNUi+QHLByY4PKYOFx253TWq1LJWW+giJECSABlDxhTrbBrd4hGwOEqZ2vH0b8fsu7NQkvjywnJyV6Va6Y0lK3Ue2cLO9N20PeyQt8jBlaKtmMMLnA4AWd8HvNHQqa8lTdq0VExZHxwh0MJc8D91DOZZRpG5OVcUEBLdRCzzlk6NSzLLJYa1jc4AUVjfFmc7sUSrfoZsnW2AkFx/CC5ZmbFzJJEloaxjWNbpx+6nNj00uHc8qCzM0rWtHJU6Z+BoHZC+jZVE7QU7pqhoHA5Wmb6KpssBax05H1bBWcj/AA4nSeiyzeWbKotLJUdQ1Lg1tMw/Ud/sqCYgENUmsqTUVD5icgbBQdPzEsbM/W8N/VRvgtre9prOjaBwa+ve0Yd5WLUOcAColvpm0lJHC0YDWgFOrJtEWpu5WS2WDr6ev44YYCTMkhJSA0jVyE3nSM+Y8j0RJtLIiT2WRrcx85YRFnlI2Ck2mEsPjubycqDHmaoa31Vz5YItIHAQyjgqv7uQtNiWtc4t4GyJc5i0iPtjOErZHqzORjKiV5dJO4k53Waw2VdHKKJ0lSCN8HOVaXGpZTUr5HuADWH/ACUe1RlrDMW/VsFUdZVxhpnQDB1jSB/mUMYtgau7462YaV5qKmSpec6icfZDe0veNJySkNhglSrRSGorGkNyB7o3wjzcIu2aX7NNaaSO224Oe3+ZL5iVMo4XVL843J2Q5w6SWOEDygDYK4tlM0VEcI775XO1VnGT1NGnxtS9F9QD5SiJdtkKupWOul8ijc3UGuDtlYVUrIo3FxAaxqP0LReNNUXWQeRp0t9T9lxZS3PLO3Xwaypb8vBhuBpbsvPOo6mWorREXYaAtnf6zw6dzg/B4AWA81XWumLshmcoIrIc3hD4/wCVSub3UqgY50Q2zkqFNKDsOFe2OlEjBq2xhGLSyT3yR0VCXkbafXus5E41DySNid1O6iqzrFNG4aRyPdDoIA2MFw53SpywHGOSypo2hrW4wPRX1IwCJpaFV2yFr5f5gzjhXflYwNAws9nIzG3kaTnYLEfEa8uorf8AJRHEs50tPoO5Wylk8IF547leN9TXN17v7/N/LiJY30HunUxyZtXbthtXsFbacwwgyeZ7t3H1WtsFEHzxPkbsTt9lnoI3PLY2DfYL0Hpm3ObT+JKOMJtktqwJ0+UsGsoog1jGRjbbZE6hqv4dbHyNd53gtbv+6NQgBokLOOFl+sq6WavZTE4jYzOB3Kwt5Z0I9FPQQOrK2Njnbvdz9165Q0rKOjjpmAYY0A+59VhuibS6oqDXSsHhs2H3XoUfIwseps52osmUjG+CM8oqHGMNwiLlzeXyEgy6Acrg5RNiBshBOjhJJJQg9JJJQgkkklCCSSSUIJJMSUIJJJJQgkNn1BcRNbfVV0AOHCCeSlk8ZTDupjBBPfpQwcrpGe6QGFTeSDclJJcJzsOUUVkbAqOq7gaCy1D2SaHvaWg+i8fkcXN1OO53W3+I9c8Sw2wEgga3+/ssJOcEABdPSxwDPCI0wDuV6t8M6BtP094wGTLITleWBushufq2XuHTlI6hstPSloAawbD17puqliG0XVHLJ6EiucAdyhLmdGhD8lcTUkJYxJJJEGPXcDG/C4o9yldT0E0reWtP+SZHspnn14kir+qCWjLIjoB7ZytFGPDbsFm7A1tTVvnkGXayVpZBhhW6C4IV9U50km52KJANIGyA/wA0qlM2aFsgslhDsMrFfFG+OtvTErGO0uncI8jkAnG36raEgDdeSfFaqZc7/bLPHJiJo1y++OP8iu34yndM5PltQqqGjG3Boo7HSW9jtpHNL8c4zwrmANip2BowA0Krr43T3ttMQDFA0HCsZ5wxoAG3ZfR9CttSPlmtucrWRCDNU+bcErZWeBkcLNIwAsvb4vGlBAzutpRxeHC1uN8Jeqll4O54en7NzJrQNiiyEEJkXBQ6l5DQsG3ng9DnaiuuFQGh5z7BUwLpH6ieVKuDiX87IMAy4bKGS6zJOpGEEEqxAwMKJTN0gHClHzZCbX2ZZ2bFkh3iphpKKSpmfgMafz2XzRcqx116hrbg86m6y2P2C9e+L99Nu6fkpYn4lndob/qvF7fC5kILt3O3JK9b4fTZkps+Kf8AiJ5TfOOlg+uWWtspjU1TW4yG7r0Sy0QaxjGt/mOOfsFk+nKaPAfjLieVvLWBHGZCMnGF66EcHxjV2c4LKsk8Oj8PYkcqkjYXHB2yps85lidlAhbkDARt4RkhHLOmPSN1598RbtM3RRtOA4LfVbzGzUAcALxPqi5OuV1llLstYS1u65uqnlYR19FTypEammx5MKQ3GrjCqYZyydrjxwrPUHtDx3XndUsyyfQvE2b4bSQ0jZFABac9lGbkd1Jb9B+yxez0VZV3Lh32Wck5P3WjuIJDseizsrSHH7ozma3KmAwNeAijhC/4iKOFb4Oenhj29kHA+ZRxygP2qAUqw0weTW9PbXCn3/EF7DHl0bD7BeNWT/t9Pv3C9opMOp2Z7NCyyTPongJZhtJEGM7qwiH8vJ4VbpIJVuxv+5DHKS+z1kVxgx1aMXN3uSh1oJpipFwaRcCcdyhTjVDoxyqOfZ20VcTdiq+rZmY7d1cMYACFX1UJMxIHdPgznaiOY4RXBv8APfuq2/MzE7f8Kti3E791W3+M+E7B/CttXZwNdDFEjCN+ooko2b9kN+zvzRH/AEBdGHR8ysjtY2n2ePuraMZaPsqin/vVbQbtaij2YrBz2rjYxjhFLchOjiJ7InFCPlwQpYe2lQpmaT9P7q2ezOxUSeMEbDdIsgPhZnsrcAOGFJglMRDx2Q3gg8JoOO6z7cGuMv6i/t9a2TS5uxB3ytnabgyUNhldjPBXmtNMYXg8LW2WvYXNBG4Cz3Q9o9l4XyPSya57BwNwqy40waBKwfdWNJP4jQDyiSxAt0uGQVgsie1ilYsmTmjB4CHESwnJVlcKcQS4aPKVXSsxuEn+wmS2M0nT1foeI3OwCpnU9pFVD85FyOcBZSmqPDcPuvQrc5ldQeG7fLUfQz/cjtMHCfHgdC8ZcxQKdzqOrLTsCcYV5dqF9sri7HlcVXVlMCfHY3PflGjLKOJ4ZO1axs1AlbpOMcotE4PjBG+36IksWcHCk1lDu0V7mob24CkSRkHGENzCkCWgAeWuBCvbTWkENceFSFuOSixuI2zhQuEtrNg4MnaHLK3+2sJe4t2PB9Cru21IkiDDyEWogEzCMJiDtj80Np5jLC+CTD27990+J+QB/qra+W6SAyue3GeFSRgjG6dE4c65VyaaLKLzAHCdp9kGmcMgZU0AObgBaE8opckcd05wBXJARunMIyrjLawX+geD6J4BBzhHawEfTlcEe+CMLo6bWfdhnD8r4yOoW5Lk0HTfUbqeRtPM7bsV6LBK2aJsjTkOAIXjL2Ojw5vIWt6T6nkjHytS/LRxld2u1M+Z+W8bKqblFG9Q3R57okD2TsD2HIKcWrUmsHCzgg1NNtnHZVE8WMjC0skYcN1XVNN6AJdkcjqrcGXq4MnYYWfvVqNbTEMwJGnI91r6uE5xhUlU1wcsN1Z0qbsGDpTLTTOpZ9iOMq0hlLHB+OPdN6itzn4r4di0+YBBopBUQgjkbFcy2s934TWYwjU22pZUNxqyccKY+PxAsrQ1ZoqgPP0nYrW0L46mPWw5CwWLB9D0t0dRXwV1ZR5BON1SVNI5jtlsJoA4bDsqqroyewWSaY6dWejPxPdE4bK5ppRI0BQJ6VwcDhcgnMTtLtsKKWDPhwZauZwQuZxthKCRrmhE0FGuRsY7gYAPIUaoi7gcqZp90tI7qBOvBUuiG+QoM8OdsK7qKbbICgSxE4yEqS9gOOOgdDWPo5Gu9Ft7ZcIKyFpY4asbhYGWM8qZaaw0swfkgdwgUvQ2u1wN/JCHDIA3UOanxvhHttfDVxBzSCe4ypckIcMtTjp1yVkMlDPBntwq6qg08DBWjmp8cN/dQKimz2VrIi6pN8FFqcxwGMKbE9rwAUOppTnICjtcWnfsmJ/swzrxwEuVqiq4DgA/6LGSw1FpqsPB052Pqt9TyDOlx2Iwol2tMdVEfL/6J0ZHK1GlzLKKWlqmTMD2EKfBKcALOPiqLVUFrs6CVbUtQ2Rocw59QtVduDBOvbwyfUUkVQPELcO4yF2guE1JIKWqJc0fS8+i5FLnDV2ppXPALQCt9VyRlsr/AEXLXwzjLSEySmA8wCooKiWhmDgSWnkFaWkqoaqMOYQfUei3V2ZRjlHBAkixthU10tLZ2OkY3BC1M1MHDLcBQ5Gb404RNLIm6vcjEUsstJN4Lz+qtowOSj3e0NnaZom4cN9lV01Q6J/gVBwRsCpBHOl/pvDJunbIGya5uppb6o4+nKYQQTsqshkm7Jn7lbCwF8LeN1VgYz7rYkA7EZVNc7XpJngbseQFjsqfoWVLHbojmNe0bqM5pbunRvOwWdxx2Axk8B5aNlH1HO4VllrhjCBNTHYgIJR/RalkG05GSmB5Bz6JOYWp4IPHZL6L6JNFcnwSg8Dv7q4iq4pxkOWbc3HdPgqZIHauQnwtxwKsrUujSOi1bggoEj5oCNIyEymrWPaDnlGkeHjyrRGW4zODQ+CobLs92l3vwjgysOWgH/VV0kR22RaarlpyGu849CUyM/2IsgWkMkZALiAe4KvrVVSwYfDMR7ZVC00dczAcGP8AQ7LjRWULtUbyWj32T1LKMt9e5cnqNs6iEwEVW0emVYTUlDXRksLTkcLz20X2F7gyoBafVaumly0Pppd/YrRDD7OZZVKEsxM31L0lJAfnLezQ9pzgd1nG1skR8KthIPfIXqL6mSRobM0ZHfHKprnZrVdwWeVkvqBhU445Q6rUvqZl6Gt+Xd4kD9TDy0lXlHcqOvDoXM0uA3a5Z649P3Oyu1sjMsWcjHoosNVBI7zao3jkcIflwzQ4qayjXxuuFmlFZaaqSIg5w1xwvVehfi9DU+Db7/5ZfpLxsPuvEaO61dP5S7xY/Q8hWoFFXN1MIjkx9lqquyYNVpY2xxJH1fTz0tXE2ajnbKx2+WlP0ZXzl0n1xfuj5GxF7qml4LSey9x6R65s3VDRHTv0VIbl0btj+S0qSwecv0ltLyllMuvCXNACnmIYyWqOW4OExYZkw12R0pImSjDgjmIjfCHo9leCZK2ptgeCYCGu91VvZWU8mioaS08EDZaYMITZo2yDDmhw9FCZM+2YH0Kfq9lJq7LkmSjdoPJaeFUyVE9I7RUREDPPZQYkmTMLmkEJsFXDIBh25TwN1YWARjGUzwmqXoOM4Q9KrBMkcx5GEtBR9AS0BVgvJGMTXcgH8ll718P7Xc3F8AZSn1Y3v6rYaCloKXKrcMhdKt8Hil06VvdhkJfTmeDs+Pc49woDJmSeQ8jkFe6zQtkGktBHuFmb18PLRcw6WlYaWoO+tmwJ90iVJ0atanxI8lrrPBVDVEGxv9QNiqKqttTTkiWLLfUbhby7dLdRWIl1TSGaAcPj32VfFLBIfDlA32IKQ6c9nUp1axwefVFugmzpABUB9LU0rssJIHC9Grekaerb4tu8kh352KzldbKy3vMdZCQOM42Wayh+jdXqlLopaarL/wCXNt90aSmhmbkALtRSRHdux9lHBlhdjKRKD9mtS9kee3jfDcqDLRPaTpBV0JNY3CHIzIwkuGOQ1MrKauq6J+WucMe61Vr6wZIGxVf23WcnhyPp4UKanfkYCONk63wC6YWdnqAfFOwSxOBa7fIQpqSKYeZoz6heeUd0uNAR4U5LB+FxyFqLT1fTvxHWN0n17LRG6MliRkt00k8xJstA+I6o98cJkdZV0zvN5m+ndXMU1HWM1wSNOe2UCelY4HLcFMx7Qrc4cMVHd4HAB+oFWDZBJhzMEKgno2tOWHBQGS1FNJkOdt78qrI5Y6F+3o1PijGNQSbMCceqpYrpG8DWHBylRVAlxpygdSaH162cWWfiAEd1JhqjHgtOFVePjGQuibI5KzzoydOny7hxk1NDe3tw2SXA+6uaa4U0gBEgyVgY3ZIzupcM5jIOFls02T1Og+pdqW7k37JmybtIICksqXx40nhYulvJp8AuICtqe9U8mATufdYZ0Hs9F5miyO5Pk00V0nYf5gDmohloLiNErBk+oVRFM2RuRjdEYB32WeVUvR1q9V8v9yTVdJU8rddDLh3plU1XZ6+jJEkZOO+FdRSzQkOikcD91LN0c9oZM0Z9Uv7vZoars46MBV0FLVZE0Phu/qxhV01kAbmjqMPHuvSp4KOrjLZYY3A+gwQqms6ZhMeaN2lw9d8ooyj/AFCpaTP4Hn7qq5UnkmBIH4gptN1FENLKiMgYxqV7JYLgNvDjlz2VJcLO1jy18Do39xjZMco+mZpUW1smQ3egqHaA8A+6leFSvAc3b9wsrJRRxg4d2QmS1bAWsqXBo4GUiWGB88lxI1MlE3WJKaYwPH9PBU6jvlxoCGVQ8SP+obrHwXCshfqMpd7FWkN/pMBtU7Rn1GyWPq1Movg3FPdLfXtwXNa48goc1sxl8Lsg+iywZT1IEtPKN/6SpNPcrjREAPL2Ds45QpHRr1Lf5Fr/AL1TO7uaOx5CO2qglbpmaPsUCPqChfH/AL0Cw90YNo6lokgeHh3p2VG6NkZoBUWi1VxOqPS71aqyXp6voy6SimL2DgZ3Vs6DwzlhIK6K2SAgPBI9QqYyVUJLhFAbpW0hEc7XDHdTKPqOCZwhL/N7q1e6jqQHSRtLu+yrazp6hnzJAAx57t2SXLDEuE1+JZfNlwG+coNTR0Vwi8KspY5Gn1G4/NZ51tvVM4xxzlzexynQXuWm/k1jHc4z6K+wJJy/JAbh8PqWV5ntM/hSA5Dc4/dQBP1p0uXNBlfEPwnzDC1NPXRTAOilBB7Z3UoSh483m9iUsyuldxeGVlr+McDIxDeaBrC3YlgwVp6bqXpbqKnbmoiIeN2PwSszc+n7LcmnxaZkcjvxNAGVmqno+ro3OmtspGOzUsXL5YcNZN9cvhv0neYDimaC7cPjxsVgbz8F7lTve+1ytkiHAd2USHqHqmzgwOfOxufqc04K0lu+KFc2nbFUxa3t7juqnBSFba7OJrB5ldekb5Zi51TSFzG8lgzhVDZd9xjC+hKLqyz3UMMgjZIRuHBR7h0l0veCJZ6Nms8uiwM/dZ3RkTLSPus8ObXTswWSKXFdakYD3jC218+FFNGHT2mqc3PDXbrH3HpPqK1El9E6Vv8AUxInptvQuddtfaCx3WAjS53mRIpmyeYOCoTzonhfG8c5GE4PAGBK5Z5aaSB+aUezReOQcYzlMMUU4LZGNIPqqaKtnA06yQPXlSWXGNoHiFL+JoYrovsJPZZWZlo6nB/pJQBPX0rR8xCS31aco/z7JceG47Jza2MDD+6vayOUX+IBtZTPGSQD6FNc+Bw+vlPmho5nawwD1xsoc1E/mnf/AOElWoZEzlMKY2E5BC64OBBaeFAkfXQ+V8B27pn8Tx9cZVbEL+RR7LcV9RCANWUWO8y5w/hU8dyhkOk+X3RfmoD+MfqrccFfMvRoornHpBcd08XLH4gR6LOCrj/C790RtQcbcK8Mr5UaA18bhjTumCQEZG6pmzHPKlsqCMA/qiCU0yd42Tt2TTUjghBZPAOX4TtdLJy7JUGbkE1g7pawh+XPlOy6WlQCSyOLvdcMvbCaYzzumnZQW8oed1zAQi8j8KaZiPwowGkP0bkg4yh6fddEwdtjlMcCM7q1JlbUc2CRxjZMJOVzJ9UTm0KcdrEedlwgHlLISyEakw3FMamage6dkJjkaeTPKCXQIsY47tTTCzsnZC5qKjBcQHhN4xskaaAjBZuiLhIxhDjJeGRzR05OQzC4KYNPl2RTyuItqKw/Y3DguaX/AIeU9JVtXYSA4rPyXQXfi5XfEHqueI1VsSHKWDhc89lwahwMJ3jM9EvGZ6K1BLoLcN11HZ2EvGqW/wDE4S8VnokHg52RTgsEVjYT56sbtrOfuni7XAcSnCAXnGzUMuqBw8folxrWRkbJ+mTheK0bOcSixXiXUBLwfsqwNmPLgU9sEhx5gjdaQSus7yWhubCfO9dN4iPdVzLe92DIQnCjjadxhLdaZctRZ+ywN1YRjJ/VN+ezxqOfdQs0rOCP1SfUxsAEY3VfHguN837JprHHcAobqiU/VJgKH4kzz5XABdbHKd3vyjUEgHbPJI+aZnBecrhlkI8p2TGs3GQEQN24UUI5Cbchpc88nK5lx5RNA4XMBTYgkhwG2/KQOSnEriWkGkEZ9ITkFOanLoYgicm4KeOVY2PPAsFOG6dsQNlwuAQ7VILocGZ7JJnib8JNGpC4ZZG2gpcCmF5O2EmxklP04GcI4wx2T/IMtPK5hKSoa3Iwob6gkkY2UwKsmlwSTIBzj9UA1BP4QgF5JykBvnKYLdjaOySudwFxjSU/A7rhIwrwxLlkRAQ3d108pAZKNRAbx0CPKeAcowptslPDABwmqJMZBNYMIgj7hLOOQnlwxwjSDUBqZJnbCcQSeE+NvmGQoEkCAcTwnsA57qSGt08IOk5OyWFjB3QMIZ2RSRv7IDiMJmST4GPfnbhRxjguCbUSEHA7qbabW+peJpBsN8FLFJOyWB9utzqxw8n5n0WjhjipIhFDGBjk+q7DSsiA8MaUdjBsTuoba4KCBMceSOURzvZceQzshGXbGFBz4COc0NO44VdV1AaOQm1VcyPIyqKrr2yuIY4ndQzXXKKH1tY7OG4UEukeckp+nW7JGU9sYxwoc6y1yYNrOCd0QAYXcBdUEjRyn5AblB1IbpCByU6MtqCckEdMGnGB+qGHmVwbwgkOkcNlIbCQARyjitwtzyPDAOUQEJun3XTunxjgXubYTXgcpjpcbFCAJOclE0Z7KBN5RwlzkhsTlLVo7ZUOqr2wjfYpbaQuU8EqWVsQyVVVd0duIio1VcXynBOyj5Bz2ykynkRZbk5LUySu/mKOBk8oxbnuueH7oDLKTbOAYahnlEJCGeUsESSSSFIgkkkkf4lt4PSEkl0cr6b0fKRye3AcCAlpOkbImMd0SWQZPAhwm5wnkYTFYA9MST1ChIE0mHaQiPfgbKPpJdqKgyI7nldThwkmxiEDAOUQcJYCKBhFFEEBhdSSRkEkkkoQSSSa5Qgzb1XEkkmTyQauEjHK6o1bIIojJnhJss+NZLjHc8FfeK6MMMTTklUsYcTgp08jppy4+qLEBnGOFzZy3yydCuGyIenjORspJeGNShADeFFq5vbCp8IpfcyuqyXSOOck8qMpLhqLnFA8Pc9lnk+TTFYQ1JJJUWOSSSQhiXRyuLoHdNY0eAMLuAkOF1QUwoGNguP+krqY5zdJ3UCAknOEeFrsjAQPxKyga0RBxG6oROWBAADhRqg7KU8gAqvmdk8pcpbQYtsA76iUwcghPlwSmxg7ZWectw5SwggBxwm5Pqi7aUBmS8lVjJUXlkiMBKQ4xhdZ9JQ37kd+U38UQZ+aewEdk1n1BFONPCEZSnKeEJ5zgNHK09kodfhjHlG59ys5QMMtW0AcL0SyUQLGADGMFJmes8RTve40lrphS0gAGMjKgXerMkvgsd5Wjf3KsayoFNTEA74wFnyTI8kncnlJb4PYPhJIPQR5cXkeyuoWhsQwMKtoYnHfCnSPLGgBZ32aa+iNVu1yeG05VpA0U0HmO7hhVlIwSVbde4zlXcrGSkQjnlImjVUtzOUEPlfOR2wF3Blkw3cnhSJj4UGhoxtwh2thmqQAOEqUsHRqTykXtDEYaZrCclRr1VGCm8NpwXqyGI277ALKXqrNTVENPlZsAks2SkoxwQDwd1Z9LW8VdwM0gy2HzY91UPkLNsZyt10vRR09tEjR55DlxSbeAaE52plu4gA9lBmeXEDO2VIqT5c5UNp82Vjt5O236CgYGpAqpjjThSHPDW4wojm+K7SBlJSxyJsbxhEyz02oOne3Y7BSqhpcNAPKPCxsUDWM4AQRl8rW45SpPJorjsgiXA/5ejJA3aFWyO1uc4nlTqxzYqYsG5KhNjBDeyU1kepYRbUBAo2knA3Xn/W1eyouDKaJ2Sz6lt6mrbBQOAGnAXlVbVisuc07B5dWEyCRzPIXfZg7ISAA0LTdOUJp4RUyjOrhZuIePM2PC3MbQGQQM8vlGyTfPbHAjx9O6SkSKWMGQzP7cLQWiMlrpdIGdge6oxGTpp2jzSOAWqp4hTwNYBwFw9RZlYPX6WPsqr7MC0QDkkZ/NbewULbZZYwRuQHkfdYWCF916hipR9GQ523ovQ7nIKana0bNaOFz2svBt6Mh1ZcpG5Y3vsFTUzPApcfik3KHdKp1fcS0btacYRHnYD0GExcAOWeAWklwA3OVr7XGIKXUdshZe3R+LVtaeFpriRT0Ja3bZQpIoKh3zdxLBuMq5gpjGGtxwqW0RGWsyd+60rWnbbhZ7BtawTLdBhxcOMKcDlCpWBkWw3Kd9A1E7BLHcLsz/Xd1Fsskr2yaXHbHdeVWmFz9VVJuXnIytD8Sbsy53WG1UzjrjcHP32woEEQa1sQ8q01o5N7+S7+yLSzU73yCUNJwdl6fZ6N0VPGx5B77LH9J0ZqKhrWNAEWHO916DRRObIMBI1MsS2mulB6iZlFSPmk2bG0n7rAO8S6V7nvJzIdvYLZdUVEcNE+nP1SYAVR0rbo57gHyDaNuQsU3g1YNnZLe2hoIqdgxhoJ+6uaNueQosRz5WjAU+mZoAOFzrp5ZCSBgYSSSWBvkMMiNQ08d0wAdkJJmD6p6hBJJJKEEkkkoQSSS5kKEOpJiWQoQScSMJhIQXOIJ3PKrJB55SyVwb8JKwB6GeF1MVMg08pJJISCQs4OS7Abuiquu0/yltqagnGI3J8Flhnl3VVwNffqiQO1MadA/JUk7gcBGmeZZHyOOS4k5+6ivdj3XVoWBdhIs1G+vulNSRHDnyDfHA9V7zpbHGGDYNGAvJfh3S+NfRPt/KYT916tI7U3OMLPrJ5nhB0rAN7iHbFMXXDBxnK4sZpQkkklCCSSSUIEas51vWSU9qxG7HiO0laMZOQFhOvqpzqmmtpyNB8V/pj0Wivvkr2BsUTIoY3gbu591ZVM22MKPRsaKdhbsMJtTKC4AdlviiCj3cpQ4UaI8e6JnC0V8MFrgVXL4Tc5AXg9wr3XjrKsry7+VR5jOfUL17rG4xW+zTTyOOWtOwPOy8StLHRWmprpf7yqOXE8k5XrfDUZe48h9QalxarRJt5dUVFTWE+V7zjPoiVT9bg3hNoB4VINuSU1vmmy4k7r3lMNkT59ZL5LeC76eg1HOO4Wvj8uMhUlhpmRnzNwOVegDsVy9TPM2e28fBQpQUO9lEr3YbupI7qrrXukJyc4OEiHJsufBUV0up4GOVIoGFw14+ygTu1VOM8K4oW6YmbJslgwzZLiADdgntIa0k8BczgBV3UVwbbbNPUl2C0bLRpYOyaic3yGpVFEpv0jw34v3Y3PqqOjiP8qJudOe+VT0sOoBoHsq81Ml1vNXWz5cS8kHPbsFf2GIS1eCMhe/8dT8cUj8x+f1stZqp2S9s1FloBHEwacbLQOmFNRvxzwodHG0ANaONkqrLqyGlJ8pOSuyuFk8nbLdIlAk08eeXcqRTjABIQ5m6JPCaNmqVC0NaEi2ZdWUZ7q65MoLdKS/SNJ/VeIPkEkjn5+okr0H4qXWOFjqXkuOy8xgy7clcjUzPRaKH2biQ5uN8qyo36oBnlV2ny7nsnUFQWT6XHyu2XJuW49F429U2pMtBypLSNI3UVEHKwtYfJ7CDWMg61uWnbss5VNDXEe608u4GVm67acq0Y9ZH7ckCRu+yKxJ2MpzfpVnKS9iQ5G6nNwnf8ROOAQSOEscuy4tc7vHh07EObuvcrUS6kif6sC8CopdNREAPxD/ADXv3T2JLPTnuGgJM0e9+m7HP7SYWj0VnAM07R7KDp91YU4PgjHoszR7aBlbqA2sJAUR+7BkKbd2H5sk+pUbSHM2QnPs/NkIc4wokgHiHKnsA+YaO2FFc0umIHqmx7MN0c8FTNHipcoN7j1QO2z5Vc1MWKguUK6x6oHbfhW6g4msjurlA8xOzyPdEkOGhDqvLWPadsEp2oFuy6dfKwfK7+JuI2Iebcq3gaRG1UmrzYAxgrQ04Ba0+yJLBgueEPa0nfCNEzI3SDduFIp498cJkY7jBOeWQpovbsoMseyu6in4ICr54SBwhlEZVZkqJWDOVFxpfzyrCaI5yoT2EHhZLFg6NcsodyQVa2qocyVpHZVI2R4iQQPVZ2smvSXvTz3I9DtlbrwQdlfnEkbSNtl57Z7oGFsRytzQVjXsA7LLZA+oeM1q1FSwCuFCZ4sNxqG4Wfmic0mN4wQtk9mWaxwqm90IMQqYxuOVisjjk6Nsd0cmZkzGQWrX9L3TGiJ7huOFlHODjghHo5jTytfk4BGyXufQuuWGbXqKibW0xka3zNHZZCnfrDqd4wW7LaUNYyphBznIws7fbcKSoFTC3AJ3R59l3V5XyIgUf+7TmNw8r+PurN8bXNBVY8+K3U0bt3yrGjeZovcbJgEGyNJEM8fugPhyPpx+asnw5GwUVzd+EvIyUCtniI3AQWOOeFZyw5GcZUOSAjhqBrgQ4NEijle1w0yY9le00wfpyR6rLxZY8Eq1o6gbEqRfI2t4JV1t4qmOkLQ5p2I7/dYO40fyk5AGGleixy6hjlVV8tUdTC57Y8O9k9MRq6vli2jEwvLDyrKkmydPqqiWN8UpjccaThSaSTS4d06JxFmLwy1nh1t1NChsDmvwdsKwppA9oBHCZV0mA6UBMaGpChwQnObuMBRackO3Uxg2RxeHktxTQtLX7FQ3TPoavUwbKa9pODlNmp46hha4b9iurpdR+zynmPGOcXKBsOkuo/EDY5Jfbf8AyK2sb2yN1tOy8Np5qi21AcCQAV6N0t1NDUNbDO/nYHK7FdqaPmXkdG6pNwRrkGaPU1Eje1+44TtOe60fkceEmmUdfSZyQOFn62m524WzqYQ5p27KhrqMgnASbYG+m0yc0TXSCF7Rpfkb8LMVdM+y3DAB8GY4HoCtpdKMvjIYNJws7cmOrKQUsjdUjD5HDlc62vKO7otXKt5RDJa/thWVjuhoJtMpJjft9lS0glnie0YM1Ps9qMSZMAbFcu6t5PpHidc7EtrPQA+OZgkY7IIyo08OvhVVhuzNIpJzgjgkrQth8UZHdYZ8Hs9PL+RHJRVVAPqAVRUUzmO1Y491sJKc4OWqqrKLVwOUprJJ0ZKilnIeGu2Vu3S5oOVUzUr2ODwOE+krWmQQvOPQq4zxwxShtZZ6fdCmbgZ5RgEx2+yMc0DBDvKdkCopCW62DjsjOjcXAhSWN1gNOyGSyL2ZKCWH/D+6jFhZnAV/VUYG4VXLGM8JEo/oTOtnbZcZqOXWw7dxlbu03CC4RB7HDONx6FecvYWqdZLu6gqQX50HYoq5tPk0UXKEVGR6E+NpGwyoc8IcOMKTRTx1kXjQv1AhPlj9lqg1I3KSnHJRVVLnt2VTUUxafRaeaEH8P7qvqKXjIVyRnsqz0Uw1McNt1LpqkPxFL9gU2Wn/AMOEFpLeQgi2jHbX7CXSzw1tORgahwe4WPfT1NtqdBB05/IhbaKoJOD3Qbnaoq+AkAascrRGWOTl30b5ZRR00wdpIVpTztmcI3DHus0BU2uoME4JbnYq1pqwB4IAP5rVXbgwyhjgm1NE17SMYzwVXRVVTaKjuWk/kVcRTtmABSlp2St0yMDgfULfVcY7KvaLCgrWVsQkYQfUIk1MMZ4WWMtRY6kSR5dC47haiguEFdCHNcCCP0WyM8mOxNAHwgfhVBerJ8x/Mp8B43wthJSEtLm4IUF0e+cIzLbSprkxVFVvif8ALVWQ5uwJVrs4bBFvdmbUNM8I0yDfbuqe33Etl+Vqhpc3YEo3yYJRdZZ+CDwEM05PbZS2jZcwFbgmXt3GcullaM1EA53LRwqN0WlxGMFbx7NWx3yqW62oOHjQN45Cx205AcNpnA7SRvypAeJAARhcMJJO3CHgtPCyyrdYtvgc+nDgS0fkoZhlDiHN27KYyU8EJS4eEtRyCp4IqaQHbZwiOhOSRso+ktO6XLgYsPkMx5YcgqxpKzIw7Cq05riBspCySZJwTL4FrxnCYW4UKnqnNaGSHOOCprZBIMha1NNdmSUGmNBLTqB3CnUNyxllU/LO4UF24KEBl2SjjOSYDrjNYZohBBP/ADKSXPfSTuFY269VducGyaiO+VkmVD4SHRkg+yuKW9RTNEdUwHtkhaq7E+2Y7dK3+J6La73R3JojOGv91Lnt8UvmaNLhw4crzyNgBE1FOWnkAFaqzdTsMbaevJa9u2r1WjOTlX6acHmKDT11dRPMNbGJ4cd252VTPZLHe3ONHO2KbktO262RgjroswsZKCNxlZ6ustNI8viDoJB3bsQUMogVSafLMrV2a62l5JYZYx3G+yfS3GM4ZICx3fKuhLd7b5KlnzMI74yUx7LJeARoEEv6bqQW1mqUlLgfDM57AC7UO26kMuFTQSNnpmgPach2dwqiW2XK2nxKdxljHoc7KTT3KkqP5NQ0xP7hyb8zFOtNYZ610Z8aKyLRR3c+KwYGXbn9V65aL9bL7AJaCZrnYyW53XyobVxPRvGrnnYqVaOsrp07UBzHyxEHkOOE+F5ydX4/Mt1Z9XlpJwdimaCvMukPjHT14ZDc3NJG2scr0u3XWgusYkop2vyM4B3T093Rx7aJ1P7kGMQIQjEcqaWHH0oXh7nypnKEJ5ImgJk1LDUMLJo2uB9QpmlcLM91MhZwZS4dJu3lt0+l3Ok8KpFXdLa7w7hAXNbtqAXoDmnHKh1FJFOwsmjD2n1VhRtw+TN090pZW5jeCT29EVsoeMjgoVx6QaA6a0zGCTnBOxVE+5XK0yCK5UrgBtrbwVBqcZLg0ySrqK8UlU0aZW5+6sGuB3achTOSOLR3R7LmAjJKsgJ5I+AUh5TkJ4GV3T7q3gmRkjQ/DTuPRZvqD4cWO9MMtNEKSpP449tR91p9DvRFaEqUE+jRC6cOjxO5dK9S9NyE6HTwt4czfZRW3GlrW/L3GBpxsdQ3Xu5a0jBAP3Wbv/w+6f6hzJLE+nm58SE439SO6TKGDbTrkuzxmv6Spahpmt0gGfwlZe42Oqp3ESxluO+Nl6tceiepunSX08X8QpW8Pj2eB7tVO2vttwJpqhobINi14wQUmVO7o6lOtf8AUzy51OWdwfzQyeQQvRrj0VS1bTJb2lrz+hWTuNiqLfllRA5pB5xykz0skdCrUwl7KFwBQ3RNOchTDFjhDI0HBWaylo0q3BWy02OGqLJEQeNh7q7e1rhjAKjyUjTlZ5U5GwtTIdJda23uBjkJHoStRa+r4pw2OqGD6lZiajOfp/dAEBaeN/VHGc4dFyphZ2emQT0lUNUT2u9srslLCTqLV5xT1VVSv8SCdzSPdaO3dWuwI61v/iWiNqa+4yWaaS/Et6iiYDlmxQg17HAtzt6FSae50dUMse3f3RQxpyQOeCi3IzNOPDBtq8YbId0dsoPDuUEwDc6ULD2/SFBeWmWLZi3CIypOQMKs8SYbSDZFEwI3CGUMjq75QLds7SN8J7KjS4Fp3VUJ/uE4SnlZp0I6+k8o65JZNFT3SpYBiTb7q3o77ggTn91joqstGCjR1gyMhZ56XB6/R+clXwmeg095ppRjVup0T2zDIXnkVdp3B4VjTXypiGA791ks0zS4R6DR+d+SWJs2xBbjScLoqHxjc5CoKbqVvhjxmEnurWluVHVAFjwD/SSsrplF8o9LT5CMuEywFTERlwASfFTTeZzWO+4TGiJ4wdimPgc36CceyTKuRvjfv/LkgVfT1sneZHQAE842VNU9IQOkJhlxnsQtNv8A1FMc3OMlJeUH8dU+0Ymo6SuEbyIdLm+qpauhqIHGOppjjjJbkL1DG2Agvhjef5jGn7jKHDBloov8DyyOSajfqp5XM/wk7Kzpb1IwgTjI9QtZVdPWqokMrqcAnnTsqSu6Sxl9FL/4XKdGaemurfAaKehrGYOnJ9UWCkmgk8SjqC0emchUUlludG3xAwn7JQXOtpjpexzvZC2kPhY6/wAjWsr6mMgTFsg9Cj/NUsrcnLT3BWepbpBUbOJa70cpzZGkZBG/upk116mXpll4MT/Mw5+xTXNlZ9B/JQmSPjOWOIwiNumR54849CgkscmiF6a5JbanPlmauSx0E7CyWBrgfUIYqKaZu5wfQ8pzYmvOWPGCgyhilGRU1vTrv762zlpH4SVFxfre0PdAZm98chaDw5mHyrrZntOH+b2VgyhH0VVLfaWf+XUgxScEPGFNaTjxIZAWn0KdV0VurHB9RStLvUBVwss8Muugri1nOh++EvojzHpEub+dgSMa7HqAVU1vT1BUZkjZ4Mh7s4/RSvnaiB3h1sBx2e3cFP8A4hTngn81BbhG3iaMxV9M1cP8ylqcvb24UZlV1FZnioY+R3qM5WyDo5W6g380OSBj9nNBHoVMGeejT5g8FJRdeVTZB80A4Hlrgr2DqeguDR5mDPLScKvrLLb6lmDEAfUDBVZN0xG1uqnedQ90GMsS4W1rlZNDPS2ms3+ThcfXSFmrr0Xb6lzpafMDiew2UdsF7tspkLZAwehyjs6hrIHZnYXNPqMK9iYhyr/riyhrOjqunYTBKJCO3Cpai13OB5bLTFb4dTU5zmHC7JU0NU0SB+CexSp0JCZQrn+B543XAfM3BSfLq3JC21TbqGpYWmIH3VTV9PUMg0gOBHcIFQhcqZr8ShbUngEJ4kcDkOzlSanps+HmmlIcOygSWe5RDOvKXLT56Ey3x7QczOI3BKjvjgeD4jM5Ud0dzYSC3YeyGZpGuIe0jHKV/HYDlH+o7LTx5JjbhQ3REZO/6qX8zBjzOP6JjqiAjEZBRqkzydb6ZE1PDsFxH5o3jzBgGs4Huu+HHJuW/unNpDvuqdeSsHGVcrT9bv1Uxt0lAAByobqR226b4TmjdV8RSbJ4uMrjyAisq5c51ghVOh4KeJHDtlT4mM3svGXFzRxkpwuko4cVSNqiNi0p/wA4w7aSp8TL+f8AZeC8v4OURlxhyCVnvHXRMT+MqfGyfMjSippn48+F3DDuHhZsF44eUjJIB9ZKnxsnzGgw3+oJbf1BZw1E39R/Vc+Zl/qP6ofjAd5ocD+oJEDH1BZ35uT+o/ql81J/Uf1U+MCVuS9Lt9iuOfgcqj8aT+o/quGZ+PqP6o4xwD8hcmVMLgVTeNJ/Uf1S8aT+o/qiwR2ZLf8ANIuHqFUmZ+PqP6oWqXP1H9VMFbi1MzOMhMM7O7tlX6n4Tf5hOAESiy939iyNVANtW6F8yezQQobYZj5gxFDCAMqbWyP7ug3zXfH7IZqXEYwmiFx4aniA54RbCsDPHeTwlqe4blSWwtG+ldDWhRrAW1gAx53K4Y3AKRt6LoAPZUGotdkUMfqxj90Vpw0BPOD2XQ0N3VhxiMEed08RtG+N13Vjshkk53UG4wFaIwOQkZWjjH6oXguO4XW0jjuSoV93oT6qbhuyF4lTN5MqXHRjGSMp/wAvgghuFQOyT7IApJC4FyO2m4JKmtgJG4S8PSeFA4VsjsjDdgEZjcJ4wNgEiVBihgW3ACWSnk5XFMDFFDScriSShQkkl0AngIMJFpMQGTgIwHdINOeE8BWNjHIgPVdT9J9F0A5UNChwc0lDDCSpHl0gnbCA+qp2ba1WRMpRXbCCLOE0uaw7qLJcMHEQOFGkqHPxlQCWoXosjVxhpyceihyVsjsgEYUc5PJTGhwIyU3DEyslIKZHP5XA4k4Tg3Zd8Mt3IUwJcn7EGd8Lo2SSdLnYhGohDShnVlFwTuntjJPCaolOO4G2MuRWR6cEozIRgdinvaCMcIuEMUQfHdcOOUwk5SyfVEVg5n2XRykAXHAUiKLbJCrOBgwMAG4RAAOF07JiotrAlwsBTAMpwiLtlOisZAOOlBcHHg/sp8dvlkcCNwrektrIdLnMGVAlW5lVQWhsrA+oGM8BX9PBDDG1sbMaf3TixgxjZceQ7GCrHQp2vITWBsAmZTDsMoDpwcgjhWMyl2OnkDeSq2vrPDZpxyo9xugDi2MEkd/RVD6qSXJkOQOyEy33x6Q+qqXzOx2OyjBmDnCMwk7FqeGeyhjsblyMA8uCiJITsEYyolkQ+B+pvqhOlznZDc7B5TC/KvGBbmPMmE1rS4rjWknJCMAGBFGLYpybHtia3fuutfgY9EwOcRs391wNIOVohwWFT0IHHZPcUzJDp2C54gIQairjhaSVTVNf4pLY3JM7McATviuGS664OjdojPZVT5ZZnEyOTslxLnHJXCMd1ncmzJOzc+AQGO6dnCR2XEIsSSSShAep3quJJKEEkkkhIJMT84TFBMpbT05dYDqC6GOzwntYcZwvpp8rbwdAGE5cXUYPYkkksZUxksS47hdQpHbgBQg1xyV3ASG6emKJBiSekjDEug4XElZB6SSSIgk5NTjwoQahuTjyk5RkBpJJJDIxLPXyuc0/LjvlXFwnfDTOdGQCsbJK+aYvkcSSVz9VZxtRq09WXuHs1O37qZTtOpAhbjkKdStwM4WWH9zVY9pILhGzHqqmrk1yEDgKfVv0jA9FVPOpxKk2SBxMTshNSmaRiSSSsASSS6OVTeA5SwIDuiAd0gO66rLbCgY2CSSa8gN3ULBkoZJykeUgqbwBKW0PTR63AEZU14LGgAfkuW+EBvikdkSQgkqCHLcyNOSBnPZQHk4JU2pILCzO5UF+zcJVnofUkDJJk3RGs2BAQy06s42R9tKQRsG/sMrtO084QZD5xhS4G7DI7JkFktrCyPOA0oLQdye6K8rhAARPkgMg9k5daMpkmc5CVM00L7slpYacS1RzvhemWOFoaNuwWL6YogyNjnt8zznK9EoadtPANt0pnvPE6bZSpP2RLvKzdmd1WUkZkkGdgEe5StkqMNP3R7fCQQ7Ss05ZO1FZeCfBGGgHCFWP0YaBypLXBreMYVVI6SWYucc4OySa4LBYWlofI6QN3A2yrOk1SV4B7eiBbKYQ0+fxO3VtTxtpKcyYGt/cpUpYNtUfZEuMmmbT2Vl0/S6WPqXDY7NVBM4z1WjUTkrX00TaeCOJuw0hIs5N9CzLLAXWoENKSO6x735cXE7lXV+q9WaYZWdnOAAPTCSHZPDJtoo33C4xxY1MB1O+wXo0bWRsEcbQ1rRgALKdGUUsYNU8eXC1AOQSs8zfpa0luYGqfiMnOSgxbNDuUypJc8MBT9Pg025yQsk1k2N4WRTSavQYCZb2OmqduBuVGdMfq9Vc2iJrITJjcndVNYjkXW980TJHBjNIQqEeJUBxGy5VyDsM7IlGDHTh5G4WWUsG4HcX6pDGOAmU+xDe65L55S8906nw2Yynj0QAyltIHVNZHTW5wJwXAtAyvN48BpOMnlabrW5RzPFK3OrOeeAsyyMnHumLg4GqsdtmDS9K0LJpvHkA0sGTlaWj/wB6rn1Ib/Kj2AUO0U7ae0texuHP/dW0DG01OyMDd4yVy9XbmeD0PjqNsUTbTT/MVPjubs3hW1xkEVOXE4XLdTtggbt5iMqv6iqcBtKw+Zw3XKs+470IqCwW/Q1Caq4PuLTmNo0klXfVVfDFG9oPAPdE6TpnW+yxte3GoZ+6yPWNex0j42HjYpKiMlNIpaAmV0tTpw0uIBRaiXQ3A3JT6On8C3tgcPM4alHmwaiOI75O6PAtywaCxUYiY2pkbkncJvUNY9z2wN2BHCsYg1lOzAwA0FZmWd9VWuc7ducBRlrk0HT1KwU7pSPMVb0w/mYAUW2M8KjGRgFT6ZpDi88LLaaYLBMZs3GOFXXq6R2+hkqJCGtYCd1Pa7IK89+Jt1fDRMt0JBfM7Tz7qQWWK1MtscmPpQ6uuFVd5Ml0zzpz2CvKCEf3725xwFXU0Pg07IsYw0Z+6v7bTl/hU55ctOVGOTFCLk8s3fSVA2noBUlmHznJ+y1dJFpGshVNrpXUtJFA52SAMlXE0gpKQyYGoDYf6rm2y3TydCuGEZDqGSaouZjc7ZuwC1PT9EKSja7SNTtye5WVpIZbjcQSMl7/ANAt7APDa1mNmjCyaifA0lwA7bKyYMNAUOADIU0cLmWPJQ9JJJIDDLo5XEhyjACjhJcB7LqhBJJLmQoQ6kmJKECkjHKCScrmT6pKEEh63eqIgqmWh2p3qhvOE5Ncd8KkWwtPnfKeeU1gw3ZDV5KxkSSWQkhCGpidkJmr2TUsgBFlfiLXtpLEIwTqnlDBg9lqXZwcei84+JlaBUwW87lrBIRnglOojlkMYSNPPKjk4OfRLJ9V1rS4ho7nC6kftQp/cek/DGjay2T1jmDU+QgEhbR/0qq6apPk7LTR6Q3ygkD1VoSHZ3XP1HMsj4RxyDf9RXF1/wBRXEgchJJJKEGJJJKEbwFYcZK8zvEsty6nm8TdsJA++F6PUTNpqZ87uGDJXmlvd85cqqtA8j5Djfnda6Y5KLxkobGGhuMBRC4vkRpj23CFAzLhst8FghLZ9K494YMrrPpCBM4B3PdbKobiN4ML8V7iyC06Xb+M7wwB6lYGUeDbYKL8ZaM4V38Qq6O59QQUjMuipMvkGdi7sPyVO8iQg4xjhe68Np9sUz5p5/VKy6X9jokayINIwQMIluZ4lU3UM7hQaqXS4NCuenaKWolEoacZC9XZLZUzzegi7tSkjXU0bYwNIxspsOc7oLW6cDClRgALiSlueT3NC2rCHPOGnfsqCreWB2e5KuKiQD9Fnb3UhsJa3YnKkVku+W2OSPTQGoq9f4ecq8jYG422HCrbOzVTNcRurfbAOEeNzMEpcZEG7rzD419RPobF8hCcSTv0j7d16c54YMk49184/FK8G7dXuoi8lkJyu34rT77MnhfrLyK0mhlDPMijtNO6GlBccuk3JW36co444xKRlzt8rN2ymNVO2IDZuM4W5oYG08QaBggL3mnr2n501t2+WS2pmhsYxyVHpNdbdS9o2hO5+y6yXS3HopXTDQGVc7uHEhaJPHBz1mTD5EtS442RJ5mxRhzjgAJQx6SXDdVXVFZ4FrkOdJwd/wAlivntWTRRDfLB4r19cxcr9KWP1MY7ThU8eNIwFHuEhqK+STOQXFHhI0gDsuHZJym2eoqrVdSQTPlwmh2l2rC6PpTHDIws8llDa3teS5pzria7PKMqmjqTH/LeTjKs43AtyFhuR7PRalaipNBSMrPXBh8YlXxkBBVVXjUMgJa7H3ffBlM/ZyI36VyUYK4zsmHH/sNd/eIjs6m4QXI0eHsDils0VvDJFOcVERPZw/zXv/SDtdohwc+UL58GQBjnUP8ANe99AO12dmTnyhJkev8Apqz/AFsF9LkOAAyrChcPC3CiyMBwcZRqQ4foxsUmR9BjLBQXsBs7nAcFQoRqYVY30eeRVkBw1KxyYLY4mwOjE2cIUTQ6R4PYqRIDrXI4/wCZsN3JsXyZZxyyur49LgcclQa9g+VcT6K4uEQ0ZcN+FAlY2SFzTvgLdS+TkamGZNHkF2yy5yALrR5eVJ6ghay5yFoxvuojBgYyunUfJNXFwvkv7sRGCr6iOYm/YKgV/QEFjceg/wAk/GTBqY/bknMb3wpMAAdgIcX2UmJpE7CeE2MTkTYWWE6dwq2aLkLRVEP8vOnZVssON9P7qpxwVC3DM/U0wByGqtmbuQBwtHUQbY0qoqIME+VYr4ZOhVbkrNJ1cIwHk5XTF5uEQNOBlIUG+zUp8CppTGcg/ZbWy1v+7AuIysQWOBDuVZ2+vdE0NyQlW1no/C+SdMtsmep0ssc9BoHKZJC2SMwvGxGFT2O6DQxrjnUFfgZwQufZXln0rTS+eGf2Yu5UDqSoMZ7nIUSRhYNtlsrxSNrKXW1g8Rgz91l3xF7cEcJEoYKtr2Swi16euQj0CXjKv7pSNqqYgDORkLDROfTyAtO3ottb64SQs1caRlLUssOuW+vYzKQtMc7oZNiMhSoCaeX/AAuR79RGKoFRCNnbqHE7xGYcdwm4Exj8c8Fs1oc0qO+EA7M/dPpZwQI5NnD90Zzc8qsYNK+9EJzAdgFHmiwOFYFvCbKxrm4Qyjkp1ZKWSLSdk6B5BwpM8JHZRASx24S2hEouLLaklwMFTQ5rxggYVPBJkjthTqaXThEsoLCawZnqaxSxSOq4W5Y7JIHZZynmLX4I3C9TqWMrKV0RbuQvM+oLfJa6s+U6XOTISOPrdPs++JYUc+wIwrUH5iLTxkLM0MwOkhyv6SdukN591qjMywfGCLMzwJNAGQiwSAH7o9RBr82N1CaC13oiGLgn7OGwTBlpweV2B/BIT5Wa5NYGxTa7NrBtqVkcEO4wudD4gGw2KrKWunoZxIx5wDuFf48ul4yDss7daZ0MhIG3ZdSnUfs8R5Xxe2TltPSelusYatvgS51DuStpTyiUAjuvnanq5aSQSRSuafUHC3PTnXOkNinlcwt7uK6tOoj/AFHhdb41w++CPVHtyMKBU0oe0kjAT7ddqauha4SN1EeqmLTxNcHI5rfJl62h827NljrnSupK4SaToJzj0Xp9XA1zdmhZa827XHp0jc+qy21G3TXPdhnnNc82q6srmjMM3kk9890VxbBI2qYNcL98jsplxoPmqSS1zAMl3dG88FVFjrWBkvT9ccSA+Qkc/muTqI4PZ+M1Tqa2k+rZ5W1dIcjk47LV9MXxtbGaaY/zGjbKytMXRa6OY4adsnshaai3VIlhcWuac5HcLl3JZPomg1bSU4M9KkaHdlCnhDhkDCj2O+RXOERyHEzdiPVWjoy7BST0tcvljuKSajAOcKprqJsL/GjZkE4K1skDXjjgKBPSgjS5gIKU17BlVllTQzgtDc5I5BU7whyByqmqoaikkc+IEszkYU+gqTNHpedwrTyA0H8JNa1zTwpGAUwtBGEREjmjWME5USptviEvjwD6KS0mM+oRhplb6KmibNxl6iB7XYLeFDe3A9Fqauh1hzgFRT0+hxBSmuTHdS0yT09fJ7bUBj5D4Z2IK9BpKuGtiD2kHK8qkjI3A/NXXTPUJoZxTVbsMds12eEyiaUtshmnvcMQZv3wtIJwoE9P/hVrDiZgewggjIKaYhxhbXydSUVJGdqKb/Cqyop8cLVVNMCPK1VFRSOQSjgzW1lLksO6mw1PAdjCBUU5DhtsggObshXBhtrCXW1RVsRcGjVjIKzBimopTDI3jj3Wup6kjEcm49UG52qKuhLmjzDj1TYyOVfRJ9FPR1TsgYVxFI2VgO2yzbhNRTeHJkY4KsaWvjGxz+q2QngxyrfTJ88Uc7DFI0EFUxbV2epD4SXR54V0xwdhwOxTpYmzMDSAtkJmK6onWq7RVkQGoZ45Uyam7jusTU09Vap/mqbJjJy5oWqsV8gromxvcC7gZO/2WuqeezFKOB0tOQMFuFQXmxsq4jJEwNlbuHDuthNCHcNUCppSQQBhaDHbVlYRiKS5yUx+Vrmu1NOAcK2aQ4Ag7FOulqbUxnLcOG4I5BVRQ1c1DL8pWbtH0uTDIk4MuTHjsgvjyOMqW3ROwFhXPBPdDJLHIzG9FBX25heXRx4JVFPA5jiHNIwVtZowCBjlV1Zb45BrLQCkTrUkJlVgyToyMEdl1ucYJyrOsovDJ0NwFXOhcwnZZJ1uPRnawzpaCgSxd8IrHkHcIuWndZpR3lp4K8scOQkBypssIcNgokkBaThKde0NS3HHOIILSpNNXNZs8KIRjlc4OUKnhkcU0XDKgPAIHKcQMZVbDMWHBGymMqG43WqM9whraOIKFwpOxGUMrRz6K3Z7C01fUUpBa8kDsr2kudPWk48kgG4KzZA9EIFzHZBI+xRRscexThuPR7Nfqu0zCRrnPj7tJWzoam1dTP8A5M/y1TjcHuvF6K/zwYjm/mM9+Qryiu0L3NlppjHINxg4IWiF2ezkarQtS3x4Z6JWQVtpqXU9dCJIjw4t2I9cqqrbVba1xfB/JlPBCLZPiHJG0Ud7gbVU/GXjJA+61FV05brrBHW9N1Ake8avCB3T1yYk7K3yYAPvtkeTK0VVP7bkBPebRem4IEM3odlc1RrLdIYK6le3Gx1NUJ9ot9y/mQuEMh7jZW1gJXRfZAjiudocTFIZofQnKtI7la7qzwKyERyYxuFAfFdrWdMg8aL9dlz/AHGu5b4cn6Khiaa4FU9PVNK41NqqCRzgFWFi+Il5sMzWSSva5pwdyFGpZ662nLHGWP0VjKbNe4/Dq4GxyEfVjBRKc4vhipxrlxJHsHSXxipK+NkNdK0njPdeiUN5t1xja+nqGHV2zuvkCq6Zulream11DpIxuADkhWvTnxJuNnnbFcRLhu3PC1Q1KXEjm6rx0ZrNR9akZ3TXNyOV5h0t8VKOuY0fMteCPpcdwt3b+pLfXAaJA0nsSnKSnyjk2UTqe2SJzmknIC4WHGSEbykZzsUgAdwi3GbDIjoyFHqKOnq4zFURMkaezhlWEjBtlC0+6jaYabi+DC3foA5NTZqkxSDfQTgLO/xu9WGXwbnSyaGnGvGy9dMe3Kh1FBS1cboqqmZK13ZwypFexytz+Rj7b1NQVzQPFAd6Eq5jkZKNTCCPZUt4+G8FQ509nnNPJyG52Wckb1j0s8tla6SNu5dpyMImgoxjZ+LPQElkbT15Q1bhBWHwpRsSdlqKaspqkB8MzHA+hyqwBOqcCRgLqcOElMCwS7q9kRJBtLzka4ZIB7qpvPRfTnUDHOr7eBMeJozpcFcIjVe39FqTjyjyu5/DrqKzOdL0/VS17fwwyO3ws6btiR1B1NaTSSN2Pij/AFwveWnHdQrtZ7ReoDBc6CKoBGMkDI/NC1k2U6yX9R4PW9EW66tNTapmkncBpyspcOmKqgcWVdM5zR+JoXtFy+E89KXVfSF1kppeRBJu1359lnJ6+72ouo+sbA5rRsZ426mu90iVW46tetx92c/29nlD7a0j/dm/llQnUs0ZxI1etz9EWK+U4uFhrRGXjOx2+yyN66YutqcRUU5lYPxtCTPTfo6VWshIx7o2u5CC+jaRnhW74GSHDW4PoUN1DJ9UY/JZZ1bTZG/JQzUZB2CAYXA8K9khmbs6IfdRpIAOW7pMoYHxu/ZXtLmDYkfYqyoL9V0mGPeZGehKiPiaMgBRvDcDg/5quUFKEJrlG1o73SVQALg13upbXtJy3f7LBNLmkEEhTaevnhIc2VwPuUyMzJKjng2LhloUdwIKqae+FpAmG57hWUFbBMAWvGfco1JMzzplFhtTmYJTxL7Ln1jhD0+ygvBKEg5yM/dP14/GP1UHB9UtZ/8AlKjSY+M5Q5TLKOocDypIq8ABUrZy0hPE5I54SpQTN+m8lbS+S9irHHADsqWKp7MPY8tPsVnY5Dg4dunMrJm7PcSAkTpTO9o/PxcsSeDVw9Q10bdGvIHfKtabqxwiDZM6gsNHXMGA88qUyrY8fdZZ6f8AR6XSeexJbZHpMF5opow58gBKl5Y9oexwLTuF5Y+VzeHO/IosN5uUDQxlU/SOBlY7NJ+j0NHnU/zR6UWy7mI49vVC1SN3lZgeqxFP1hcqfAc/UPdW9L1xSvw2qG/rlZ5aeUTrUeXqn1LBoQ9j9gd/dMMbScAqHTXyz1ztPiBp9zhSXNbn/dJMJMqmzdXq1P2EdEA3zAcKI63Uk+5iAPqpTJamEfzmRvB7lIVUX4m6c+iU6mzRGVb/ACKuWxUjjkMAI9lXz2meHLqaU7fhcVo9bXZI4KUkbXEFrUtwaD2xfRlRPWQgCalcQO4Tm1cT8DJB9CtDNAHtwACq6azxv3fHhR8gSWGRGys5BG/ui+I5rTgnH3THWYtBMLtJxyo7ae5RuwXxvb6ZS3EOM2ia25zRjQfNj1RG3ZuPPBkqsE7t9cLhp5SFRDIMMJz7qYHwtT6LptXRyN1F5bnkJCOGQZgqGu9sqi2JxlNxK0gxSlhHdBsbDduC7fESMOblRamkilbpcwfcDCp5pr2H/wAuoaW/ddF/qoGiOqpiXDkjup0C7IP8iQ63Tx5EczsHflA/94UztRJcPdPj6kpnjzscD9keO7UdQ7SJNJ91C98H0wRrHDBdGV1txpQQHv0lEc6ld+Np/NAkpaeQ5MQQdlSbXKeSUKyleN5c57FBlipKtpZJCxzT7KJLSsaR4bcZSdDUNAMbtgjUWxVi3fkhlRYaGWPTG3SfVVdT0zKP7qqACtTUSs2JOUN9RMDypjPZknpq5/2M+633mmcYmuLmjg5TfnaqP+XPCdTe+FoBVPPJTJWQykOfGCVMYFfxtvUijFcPxMKRmjkGdYz6KwltkDySARlQprI0nMRJUwJlC2D/AGB0sdxhCkghDdJY3HqQnvt1TFgsyCPdNdDWDluVW0VLcu4kR9topODFv2ygGw0HOnf2KlaJBuYwu5k7MP6qbUJkot4cSBLY6YjETiw+oQ/4K4cVBKniXPZCkMvEblXxoH4oP0V76CaNxG7vdBNPJ/Rwpr4K6TfVhBFNXDk/uqcEKlDHRDMTx+BMLH8mMqW6lredSEaauHqqcEIlPHDRGMRJA0ppiI7IzoqzOC1NLZm/W1DsQltyfCG+A5LwXeoROOVzVkEYV/GUsiGQkSQM4XPCenujfjOEG0jmwRcM/Sm6/wDCkZBndqd4jf6ApsKGcpmCjDBPCK1gwDpwr2FpZI2T6JZPopOgf0BdEf8AgAU2DNhF0+yWhTBGMcLojHopsK2kMQOznCeIT6KXhoXM+ymwOMUBEAB3RGwtxsE4Z5wmkzfgICLCRNgTRhM8OIHJdgrhjneMGRPZROdu6TKt4QcYv0hF0LB5nLgcHbtGyK2mpxjU1P1U0Q2bv90IaqcewWmR+zGZXPAezBeOUQ1WgHw28oWuaR3nJVN5CjHA7A9VzJ9E4M7rugIQ9m4CUMudlTPAd6IjaXJ4woEq2QRG70RRTuOFPbSjnSitiHGMKDFVL2Q46fA3bj80RsQJRnaWJviMb9ByVAlDAhBjfCcI2jfCb47jzum5OVAlFIJkcYTNXskBnumafdQvCHJJJKAiSXdJXAN8KF7WcIzsEvD2zp/dHEYdyMrun2QyWQ9n7I3hH1RYmLr3sj+pBkuEEAOk5P3QMpuEOyTox2S1Bu57KofdqlxIbgBRzU1chwZNioD/ACIrou5bhTR4BO/3UOourOInYKr/AJd827iitpA05KJRyJsvnPo6ayqefr2KZoc46jvlEEQHZOAOQSEWBXMuzgZgYwu6T6I7YzjhODCDnT+6NRK6AhpKfoxjIRmgDlqRCdsSQZxo25S1j0RA0jsu6fZKaSZCOQfRJsWXKUIwOy6I+6MJLIPwWgDZGa0Lun3XQMKDFHAwnHCY4lPchyODRuiCGE4XGkuOMJBjpCNlKiiDQCQiySMcjWR5xkIpaNIwV15aOG4/NADychCE1gR5S0n0RYoS4jZTYqfgloVlxg2QWQvcRlp3VhDRAAOx+6PHAwb4Rg4YxhXgZGGATIgwYCJk8LmoE7FJWGkl0cGT3TScbkpzeCfRVtwuUcWWjYqmSdih2SKiuigafEOFRVd2bMCyIkA8oVRVSVJIcctURrMEqjBda58JjzuMIIadWMI4BynhoxwoZJZzyMaBhEPCRICC94A91ajkGUtp1zgM7hAc/PdCcSTyubp0YiJWZ6E5xzgJNac5KcGjuUj7BDtByEa7T2T2sweU0MyM5XQ/JxhWkDKWAgY3HK6cHshAHlMdMGtweyYC2kSCWjlwUCrrmt8o3QKmu7A4VZNKZDn3QTswhM7fRIqqh86hAYRMldckqW5mWTyxqSSSYXkakkkgJkYknpZb/V+yhYxJJcJCgEp4Opi4ZcdkJ0+30qRhkU7UuWGecd0wkDk4UV0xz3TZZicYCYqzLZqYdHsoYAc4T26cdv1XSBgn2QSTlfRlHJ82HJJJwGEaRBoGU78k0jC45+lFnBDkkg7BBbknJSdJuNkWNoIVpZIcHCdgpDlFw3TjujIBSXTyk1QMWn3S0+6ROVxM+Mg9JcByuquiCSSSVEEhuREInKpkOJHjdJQ7hVmKncQN1lts+NZDjHfLCKW+XCR7xTt2A5IVbEwl2ShvkdLIXvJJJUiN2G5wuPZLfPJ1a47IYDMbpVhG1rYmnGCo9FGJnkuGwR6uXDMNbwijyhMpZZXVD3yE5dndRS3blF0k5Q3nGwS5jIrgCScri6QTuEsFUNOJJLo5VlCwVxF2IGyQGO6oLAgMLqKAAMAJKw8CQ5N8YOU5zgARnfCjh25UJnJ3T7p8TNbtKapdBAZH6x+FCuRNjSRMjIip2x4wo8h2IR5/McDsok+3dWLisgp3EnnKiT9sI54Q/wASXYjRWca3vhMORndScNDVFncAeUuS2hcSE3BcFMjGGqHGDkKUT5EdZBj8kjCUhw0JNGSnPO4RC3LA1u3IT42GaVkbRkkgJj8Fu22ysOn6UzPMp57eyzzOtoqXOUV+zfdO20OMZc3ysAWir5hBB5e4wPZQrHC6KmBPcLl1qNtOMY3SJy2n0aitV1KCKxgL5gXHOSrqjAHZQKKDUdeNyreJgjaCUh9GqmHsDVSAAtCj0LA6QE9yUKre41BA4UyhY7xmNA5SZGmDzJIuYIzpG2wUiqedDcO2wiuY2no3bbnCgTT5iJPos0jpVxwNs8DZK4Oe3Izlaad/hj2CgWSm8Km8V7Bl24Kfc6j+ScfqlZyaIL7clBcpfEqn57KrbqmqRA0Z3AGEarkBkJLt1M6XpfHuBeeW+qVPglf32YNvb6dtLSRRNGMNGfuiyuDGlxOE9gwA0En7qNXSsY0Ncd1lnydeC2rAOGMSzavzQbnOyGEsJ3Kl0LSG+JjbCqq6YT1Wlo+nZKUQdRPbDA+nidKYYG7udhad8bYYGxDGWjdZ62DTWRu9Fc+P42T2yUFv6GaXkE4F0vqApuWtpXDGCgQM1OJ5wuzuP0gLFM2t4WSNISNwkZRFG6Q/hCZrL5S3GzVBvlSYLfJj8Sox6iWImKvtSKi5uLQCMcp9upXTzxxY5KhNBnkL3bnutL0tC2St3bnTurnxHJz9Ot9uTUPa1nhUsQADGjP3U6ljElTHr3aN1Admatc5g2HlV3b4cjXjjgriah5ket0lWFwWbTgbDYLOtinuV58JvIfknsAFdV8xgo3vGxAQeiaZtXcXTu9jlZDoNNm6rJ4rbZsyuGWxheUVUpr7g0Ekt15OO63XWtfBBRGnc7zEceywtowJJJMZ2yEAqxss6h4D9hs1oCDaIGVdz1P3A3CZUyFsBf8AidsrPp2k8GnM8jfPIds+igOSbd6n5WmLWHd/lHsFRUbC6RoAy7KlXqV76vQTs0bBHtVNpLZNOS4j8t1UuhsezSQNxSNjDdypLdmgIcbQMDc/dHHCxz7NcTkkojaXHj1XkXUUzbv1MXh5LYTpDew916dfKn5O3SzEbNacryqhaZqmeuAAYSSMo6+smTVrc1FE+JodUiLGQFrelqaOa4tMjc6dwsxaotT3VBBIztlb/o+ic5j6x8YAJw1VbZtrZdSNVRR+JO3I2G+EbqB4jpQG+iNa4j4mtzdjsFVdQSyS1bYgfKBwue2bcpId0pROAfVuH1HDVqGMAcq+zxtjpmNY3AwFaNjxgrLbLdwCSIhgN/NSRyo8fDfzUgcrFMjCDhJIcJJTCQZJJJECdB7J44Q0slQgckY5QSTlcyfVJQgkkklCAUkkkAYkk1JXgi5HZDdz2QYZPEkfIRtnATKx+GtaDgu2Sp2aWj2/dHGOURrBJTV0EYXFaWAWNyV08JZCarKOEnKakuO3UIEDmtBJPAyvGuqa0XS+1VUCcF+B7AAD/RepXip+TtVVWD6mRnBz7Lxpzy9xkPLyStWnh7ID0+6sem6H56/UcDnYZr1O25xuq9bT4d0GZ5q2WLbGmM/5la7HtjkqPZ6CBpAY0eUcLpye64ONl1Ym93LNMehiSYkgDEkkkoUJJJJWkJlLcVvVFT8tZKh+cEtIH6LD2GINp2kDbk/daL4hVYitLKcZzK/CprW3TRtDR2C10ohIneSd0embiMOI5UN/mlaMqyaBHCCdsLdGIYuQR7KuuUwpojMcYCsXnAAPdZHre4GltU2DwulpanKaiZ9VbGmtykeWXCY1N+rJwPK52ycdkGmaXuMhG7jklGmGhuSV9G8ZVthE+R+Wty5T/bINQ7XNpC23S8boom6hjO6w9I5k1cBnPZejW6LwIY9uy36ueI7S/A17rPlZZNeTIG6eUcNwMIMOHbopePDc8/hXJPXw7I9SSBnKyNyldNVmMbjOy0txqNFM4hZWnLqm58bAg/umJ4M98i/oozBTsYRvhT2jO57oGN/sjY1ZCfUtxz7bMIqeq7rDarTNUyHOGk4BxnZfM8cklyuEtyqDqkdsXeq9Y+Nt7dR2gUMTj4k50sHr6ry2gh0wRMAwXAZXsPEafEVM+GfXfkvn1OzPETR9NUsplM+MNWtaCB64UK00raenja1uCRurCcBjAML1MP2fKbpOU2MdI4skkx2wrq0xtgtHitG7s59yqU4FGMDdz8K+gZooIIc7at0EugIvAaLAaARyF598T7w2nthpc4dISAQV6FMQ1ocTgBeH/E24NqLl8v3B/Zc/Uv7Gjo6GG61GEGcnKNTuzyUxwAGyZE7BwuGm0+T0zXCLADIzlcXWfSF0clXJYQOQbjoORurGkk8SEOzv6KA8N07p1FNoOOyyTjk6nj9Q4S2oso3EkhR61o0o7SDv6oVSM4WaUWmemX3RKWoadWAE0cKRUAauFHVpnIsWJsEnwk4x2CYnREDGTyhYUXiaDL3P4ayl9qAI4aF4Zxuva/hbMJLfoA3wks9X9OT2an/JtSDkI9O051BNcBkI9OASAkyWT6NBZKy+QscNWncjdZ6DZ2n0JWougBYc+iy4w2pLWjbKWngRfHEsj5Gt1rrAPGjPYlNmBJOERoxFF6hybAyArrGNAwOVSxnMcmR+Jaevia6mJO+Fm2sJldoGy2VnK1MfubPMeqowy5OdjGVVNWh63a1tcCBhZ5q6NB8n8tD4tVKP9xHsrq17sxnjCpsEK5tJAB39FqRxtTLMcF5Tx5xspzIgHsOM4QaRmoAqcG4Lc7J6OJJ8cksN8SHSQoUtP6hWlOwmMJktPngK8CN2GUdRTeU7KnrafSdgtTNDsRp/dVFbATw3CTbE11WmZljAfwusZkjZSp4P5m7f3XRHgDyfus239G9T4I7ohpzhAZkOLQVO07EKLIzfOEmaG1WuMlIurPWuBEZd9O4XoFoqmVNOASNQC8rpHuZM0tK1ljuLoahrXOwCsFsMM+meA8luhFtmzLPDO4yCs3dKM09S5zW+R+4/NatjW1EIkiOdtwolXRtmYWPbzwsslwexlD5OTG1EXl1MG3dWtlqs/wAlx3AyEKSARSvhf7gZVdl9LUB4JGk/ssz+xmdx+Pk1FVEaiPTjOdlnHudS1Bje3g4WooJWVMLX87bqov1Fpd4zAri/ZVkdy3IYMYjkaeSFYCQPVLR1GWCJx3B2VhA4jGUxvIFVjJErNhgIbQScFSowHDB/JBmiwRgKlyaV93IKan1sy0ZwqmqhLTkN+6uozgY5yg1MGRkNGSqksFWQyVMJLHDKlxzFpBG6BLCQRjZdYC3ndAxCWC1p5s4KjdR2Nl2oz4ekSAbJkMuggFWEMwIAzsVa7LuqVsHFnlJhnttSaapYW4OM9ldW+oyRuP1Vv1lY/Ej+eibxysjTTmLYLRE87bW6JYZsIsSswR22UOopiHZCfQVIkia7O/BUqdgc0EJwcXuRCjGD9lOjIc0bKEW4dlSqV2g7qDsDnREcKuu1OH0xdjJCuzh4wGqPLCDzwn12OLEarSxvhtZ588Oa4hwwVzURvnhXF0tjm1D3taNKp3tLCcrb8rlyeC1Glenm4yXBorN1lNQubFIXNA21Ar0mxdWx1bG5ma4fdeHF3sj0lyqaN4dBI5pz2K01aqyBwNX4uF3MUfRzKmKqaDG7KhVtO2TkLy6x9fTwFrKlx27re2vquguDQ172kn3W2Oo+RcnGs0FtD6KPqG2OhPjNGcHIK876jbJTVUV0gaGg7Px6r3CpgpK2EtBDmuH6LzPqmzOpfFp5m5jkyWELLqoboPBs0Gr2WYmVzK9lbSxVTAMloDvurFmirpgTucLH2usFBM+hqCdBdgH0Wjo6oQP8Mnyu4K4sq2z6T4e9bMB4DNbZxPG7GDut1abpFdIA+PkDdY92mVpBGxQ6SpqbPVCaAnwyd29kk9fptRJcI9B0qPLFnsm265QXCESRuGcbhSnNylSWTrQe5Fa+HsW5Cz9RFLRVTjGCWk5C1j4x6KvqKfxWmM455QPgCyv9EGkqm1OW7hw5CllmBnCppGzW+p8zCRznsQrSCqimaHNdnPZRSAh3ydc0HldaTGRtsnrjx4jNPqjDxgJtK3GFBrLcHxkgZU2HyDfujEa9glvoGdamY+opnscWvaoM0JB2b+619xoTINWOFQ1FOWndvCW+HlHO1FXxy4LPpHq6SmeKCueSzOlrj29l6LGBMwOBBDhnK8SqaZ8TjLGOD2Wy6L6se0ihrpdhs1xWmi/Mtsx+lvwts2beaDPAVfLRh2eyuCWStDmkEEZBCC+MHg4ytbWTotKSMzWUGDnSq6Sm0ncLYS0Yc0kgKpqaM5+n80EoCLaVIoHMLeRhPp6vD9L/AKeFJqaY8YwoEkbmbIMtMw21OPQe4W2CvhOANWMghZWopZqSQseCMLSUtS+F2HHLUesoae4x7EB2NinRm+znW1bikoapxa1jvsrMZ0g5VFVUs9DKWnUMKbQ14kaIpDuOFsrs9M51lJOfEJcDIVJNSz2qqNVTHSc59ldMdvscohayVul7A4e62VzwZJ0RmmmTrJf4K6NjJiA87Ej1VtPTAjbG68/r6CegkNTRkhmckDstH05f4qmMU9Q/DuNzwVrhdns5dv8ApvaybLSDcFmQqG72Vs8bnsbuN/dbDDSDsodRAHcbH1TkzNKCkYGCSrtUo8Ql0fG60EU8NTGJIiCD+yJcrW2rj0ceiy8b6yxVpjkyWE/kQmiGnW/7GikhG2yjTRZbghT6WaCugEkBB2334XJYC08IlHJTxIoamlBz5eyqKql07gbLVPp9WduAq6ppNtgAlWVKQmVWOTKyxaTwgsc4FXlVQnOQwDZVktK5nZYbKdvIprHZyMh2y6+nGM4591FcXxuB7KdDOHtAIWaSb4ZWcECeA8YQC3G2Vcvia5p8qrp6Z2eEqVO7kr5AA8uSBhOY9wI/yQ9Lm7FdIzwh5rG8PksIZwRjkovdVMchjeCSrKKqjc0AHhaa7dywxVleOjpYUzHClYBCYW78Ju0BPHZF0+6ax74namOIPspWn3QXsxjdTDXKJhS7LKkvpbhlSzI9QtLZOpKu3StqbVXOje3gB236LB6vZOikkicHRvLT7I4XSXYi7QxsXB9A2r4lWa7xNoerqOMOOwma3n7lTq/oOGqg/iPTtU2WN41ANdkheCU16c3DKhocPXC1/TnWF16fe2e11zgw7+GXZb+i0K3d2cW/x06nuijRz/OQSOp6xrg5hwdQUWW309Sc4DH+oW3tvXnSXV8TKW+UzaSr06S8/Q4+oPIQLx0LJoNVaKls0R3GHZT089GbLr4msGIdBXUZ2/mx/qm+Pq2fDj8sKXVtu1rfpkiOB6jZEpa22V48Os/kSeuNirJlPk5SXSej4Jc30cpUkdkvLS2ogbHI78QACm03Srqw6qeRsjOdTTlPn+H9yd54JBt2VQFytgveDMVnR91tT/nLNVFzeQGlWVk+IFwssjYeoYZWMGwe0K3FF1DZWA1EZliG2OcJkzbVdWeFVRNa47EPCdia5iwZThasWco3/TXXM1wjbJbK5lTGOWOduFs6TrKnjLWXWJ9M38Uzh/KH5r5yrOi6+2yiu6erXwvByA1xAVxaPiT1DZXNo+raFlbTjA8Rn1NHrumK1x4mY7NDCSzS/wD3PpSmuFNVtbLTTxyxuGWuY7IIRsA75Xkdl6n6eumKrpu7NhqXbujB0b+hadv0WppOsbrCRHdLeZox/wAWmZx90zejnW6Zw7NkueGAFXW3qGz3MYpqturuDtv6fdWQdkcI8macGuQOADsk5rXjD2hw9108ricLTxyjM3r4f2K66nMhEDjvqaMHKxtX0J1LYWCqtNS+WMHZuonZesJ7N26ew7KjRHUTXD5PJqLrW521whvdBKwDYu0nC1Fq6ms92A+Vq2Fx/CTutJWWi33KMx1lMx7O40hZG5/C+2EOlssr6SbJIIOyGUsDYyhZ/Y0DTq3Az9klhHjr7pt/hspzWQt5cBnZWNr68ts7vl7tqo5xsQ8YyVSeSp1tfjyavGURhQqWppKqNslNKJAfRGwRyE5RyhWx+xmcLpJPK4khxgEc0plRT01XGYaynZOx3LXjIT2DOU7T7pbWGRNp5Rj7l8LLLUTOrbDU1FpqTvphf/KJ92qhrbZ1PZCY71QC4QY/v42/h9SF6k0Y7pzJwRhwBHuq25Hx1DX5M8RrOl+muomCWhkbDK7chowQfssleOirvaSXxsMsQ3Dm7lfQF56RsN4eZnUfy9Qf+PAdL1na/o7qqiZi2TQXGJv0xyHS8hKnWpdG2nXbfxZ4FIzcsqIy0j1GCguoGuOW6ce69ZuNntFa4014o30FWOdTMA/YrOXLoySnBlpHNnj5Gk52Wd0HXp16l2YKWztlGWkZ9lDntMkPLcrXOtMzSdHlcFH0Ttk8OSMEhJenZrWrl+zFS0r2k4bj2QXBzTuFuZKSkmGJYw1x7gKvm6dD35YW/dA6maYapLszIzjdda97foeQrCstFTSuJ0ZaPRQzGW8jCTKLTHKcJkunutVCAwuLm+6sobrC8DUd1Q6R6pgc7OQNwqbaKlVCXSNUyoDwMDlEyDystDWVDRjXsFPpLrkgSnCsTKlrouHNQjkDCZHXQv2Dt0cnKuXIrrhgzJKwgsKMKxrPrG5Qy4N5GUORofgcKikH+ZbIRwjCR2nyuUBtOScg7pw+ch+luQqcUzTTe65ZRL+bmidqBJ+6cLs0H+aMKKyre4gStGyKZLZKAJToKW6kzrVeSsXskfxGmlwA/BSE0TnZDgVBmpKV+9M7OUB1urOxOO26TLT5Onp/KvOJF0X6gCx+PsVPpb9dKRojZUEgcat1lI4LjA/UwnP3XJK+6xnGgJEqMcI7en8tlJZweg0nWtwidiqijkZ6YwVPi64t8n1wFpXl38WuDT/NYMIgvJGNcGc77LPOjB1tP5ra8OR7BDerdUsbIydrc9lMiraWUYjqGOPoV4qOoGN4jePsVIg6pjhO5fj/AJlknp2zs6fzcXxJnspqoycHwxj0TnSxvx5gvLaLrqiZhrnv9dyrWHrOglIAmIJ9wl/xmdGHlany2b1rGEHCAYhk+X9lm6fqAzbxTgj7qfFeagYIIP5oHpX6NlfkKZFo+lY/Aczj2Uc2qkOcs5Q23mpx9GR7JC9xN/vaeYfYJL00o9mn+TVLpgZbEwnMEpYQostsr4m5hDJMcgq6ZXUsjdYkA9jsU5tVTTENZI3KBwkg4yhLlMzrmVMQ1VFM5o9RuEx0bJR9IOfVaaTQBvgqOKSmlzqib+SCVcmM4MxLbmOORTjHsVGltEBH04K1U1vjbvHkeyiPou6Fxa7CcIS7M0+2Oj80cjs9suK42G7M+ipa4emVoZKdrRhzRgoZpo2jIA/RVjAKpT6M+6S7RkawCfunC51IbofE/I5IVw+lD+Ah/LFv/wAxRcgupxKs14d9TX59wu/OMdsWn9FYOgaPqa39EKWnhc3S5rfyUK2Mha2vIwcJ7iRw4Jr7cxxw2QhcdZG4z81MP/EqFfFZno6185H1DHphMNQRsQu/w6dow2sOAoUkdyieWgNePUqZBk3H8kSHVJzuAmmXVtpG6Brrz9VLGffCWqoG7qfb2KgDl/YeaeN2+EI00eTkbLpqCAQ6CTPsFHdVg5zTyj3woK46wGNHTYOW/ugOo4mnyJhrYs7uI+6585D/AFlQTZ8fo5JCO2yAWY9lIFVTux51wPhf+IEKGZ4I2fdIhvBAKk5oRsSM/dIut52yjUcgOKIhEGN4gT91HLICf7oKfm3Hv+64Tbh3/dA4MGSTWCD8vTEf3YXPkoRuGYUrxaBp2P7p/wA1RgYDgoLUIR7ZANE0cBNNG0jBClPqoi7ZpICH8x6NKWA/jXXJH/hkBPC6bdAB9KkGR5GwTNc/cjHZWWlF+gBpIW/8MphpxnylGlFQ7AYM5TBSVJ3JwCoE63/Shgiib9bsH0TPL2CkClJxq5XflSFCfDKXoiaTnYJaCdsKa2IN7J5aMcKA/DjsgCBxKKKXbKIXRtcumWHs/f0UHRhBDBCPTC54TQdlx8+NgNlwVBKGSyTCXQ4tAHC54h9EXS4jIG6Qp3cuA3VDFHPQF4LiMDldZA127xuFIEOPNhIRZ2BUL+Ngfl242wueFjspTacn1RCxjGguQBxqXshNgc87hFZCQdhhEdPDEDk8KJLcT/wAoX9lfsmiMY4XDJDF9bseyrjUVsp+kgJwjfsXqFKe5/aiW6twMQlANTO44J2TmxDCQ0nhuEKlkN5l2zoD3DzHKcGN9Auamt9k3U47hu33REHp2w3CC0Pzvn9UVrSVCDNfm04TwCey6IzzhPDcdlCA8FdY3URsuukZH9XohPuEEXDt1Ct8Y9ktrQBjHCGXNzvthVlRd3u2iKgmtqJDgu2UAepj/SXsldBEPqyVCkusjgWxOCgN1OByMp0cR1bjlXjImVs5dD/mJ3OJc7IKZ4TjuRypEcQOPL+6kgANxpVKOSPL5ZEipvUIoiA42Rw3HAXQ0k4R7GilyMjaByF3HZFDPZPZCTyNk1QwitqZH8P1T2QgEORxEBvhMc7AQygkxm06GgDBb+67hv8AT+6aNhldOfRN2i3wLGE4NJ3AXWjDgiADCpvAaWRuAup6SWElk5gLqckeFA1Eahk4XXd0PBO2VCxF4CYGOlI7JwgOc9lIDWsbxujCjHJ2KAMbnCa+X0CY6WTVpZwi08TpiCoEovoFqdIdm4CPDSF5B4ypsFFgAkBS4og3sNlByg+wNPRANydkQtDRsiS+UAN2QXOGCMqwniCG68E4GE3UmudgrhkAVAZCA+pRNbfXZQZamNgy52FV1dyke0xxuIB7qLgVO5QROrrwyPMUe574VHNK+aTxHklcx3PK6oYbbXM4OF1JIbKhTkOwEicBN8YDy90B0mdt0cY57AlJRHySZ2CjuJ9V0k8kphfkcJ0DNbZkbnfKXiD0Q3/UkJgTwiE5yEBzhPA09kweXCf9SgWQgOUicJusAEqNPVAbYVN4FyngPLUtYMZCr6mpLh2QqicuOUJhJ3JQSlhCZ2ZBSPe85TUUgcoZ5SW8ik8nE9MT1RGcJwhp5cD3TFYtsSSYkqKcsCTclcTUTjkreEJGOUMkpZPqh6h6ooxEzsyOLgQcFR5SB3TtQ9UCU8YKfGJnssysHFzGV1JPSOe1ye0Lun3SauE5X0BI8SFSXAcpfiVvgg0jQN9lGkfqOyNVvxgeyiRAl2SlxeSBGtJOSisGMpNbsnp8Vgg5dz2XEkRBqSSSgYxJFPCam5BbwMT0kxQoekkmuSgxpIwmpJJUpZII8LMX24BmYWHur+ul8CEyeixNYXTTGRxyCVzdXZxtNmlr53M4x5ccY4UuMlwDWjdRom74PdWlvhBlBI2KwRi2bLZk2mjEFOM/UdyolTJqfgHYKZVuDGHB9lXEknJR9GddgiRg79lEeclGn2Gyj4OcpM5ZNUBwAwkQF0fSmEFQM4edkgO6Q5TwBhMCOjhGQkVQrOORLj/pK5krkh8qgKlu4Bk74yhrjs52TsFQJLkdyrmlhbBS5P1HdVlNA6eVrG9z+itJ3AEMHYYVJGa2XOABOTlRKjlSXHDT9lEGHZzuoi6wcmce6ZECOQiJ2AEDWRgN5wOVBcSX8qXUuAGx7KHGCXBJkssdFY5JUIyASEWQ7BciGBuFxx8ydBbVyDuywtOBgk+iGeURuzEM8qrHhFRhve04ASCFqelqMlmdPZZtjQTj3XoXSlMGxgloxpWOUj1XiKfksj/Y1dLC2Clax2xxlU9XKZpjvsNgraaQMhJOwAVRFH40+SduVmnLLPaR7wTqGI4Duyk1JwzlKnwG5Awo9VN5tGEMng1QWCOW635I3CvbRRay2ckBrf3VIzJOMblamnYaOh1HBOOyU2aqkuyLca0PlEUZJa0/uuyxlwjjaMueQoVMW1Fd5hsHZV5TQ+JWDSPLH5kmb2m+h7o5LVrRHC1mMYbjCo7zUtbH4ecuKuJ5N/RZC8VAlqXAHYbJTHTW1FfM5zn+XclbrpK1tpaL5mRvmk835LGWulfWV7I2jO+69Lp4/BgbCBgNGFlsfPA7R1/duHDaTWB5QqyVjqitLXHyt3U+eXw4XD1UShiLmGU7lzuVmsz6Or2Tp5WU9E9wwCBhqzTZNJLzu4kklW18k8Gk8Jp8zt/dUwYHFrNWDjlFEw6if3bUT2ziCglqiPMW4HspFvuXi07QeXcqqvs4prfHTgYc84wEzp7XPLkcMCz3LJVVko3KETcU3htaDsFFqpB4jvRMa9308IEzjkx5ySsU0ddsLCzOXkcrJ9Y1kjXinBw0jhaZ0/hMyRsAsBdah9xuEjictaSAEUUc7Vy2xBUkbtGrHPC3HTdG2it7qiRvnk3BWXt9O6ZzImtySQ0LbaNEEVMTgtaMpOps2x2haCnc8h6CInMhbs4rQUjB4bdIVZRR+Ru2BwrykjxEDhcS17pZPV6ZbYYZUdSTGOndTjYu4Wj6Jo4aW1/MNH8xw5KyFzl/iV4hpXEg6gdu4yt4xrLZbQGjAY390ge5ZMj1xV+NV+DjzYwq23xtbTZGxdyVEu1XJV1r53HOXHCn0QLaTUQrawJYOQ+LM2BgJ3WnhApaRplIGluSVmrY3x60nHCvLzUCGj045GFRUeykkLqmZzzvqJK1FnpyI2l2OAs5Rs1Y2ytZbGkwDbsEm1mmtE4clEKG1E7hZHyzTEyPxFrXstkdDC/eZ+4HosuyDwKSNjRgYGVa9TzNuN98FmSymGHHtlRHR+LMyEHDRynwWI4Mtkd1hOomNbHHG0fVgL1S00jYKOKIDA0j/Jef2ChiqLpBE8ZYxwOPVepRQtGGhuwWS+XobGOCZC1sMGt2wA2WdqW/M3MbZCvquYR0rmu7jAVXbovEqA4jKx2S2oaXlJCI4wAMYCljlMDcDACIAcrFJ5ZaDx8hHHCDGDkIw4SJFD0kkkkMMkkkjAEkkkoQSSSShAKSSSAMSanJqJAsSWM7JIc0wgbrIyBuoxkOiHVPL6pjBuGuyVPGO3CrKZpc58p3L3agPRvqpw+6YWEyVxJJQobkriSShGsjjjB3QTyV3B/qKGNyASpFAJYM717UCO0il1EGV2dvQLzMxkADGy1/V1aa2qrJGvzHTk0zR/jHKy7AHYHsuhQsIEHFAZXBoGcr1HpqjbRW2Jhbhzxq/JYey2uWrrY2N7n9l6TC0RgMH4QAiullYLXZJbuk4jSdwuN+k/ZAJOeVlNGcIM0+YFcXGHKR4V5KUsiyEshDJOUsn1UyRSyHyPVIgnYIAJzyjt7I4YBwmYH4hVLqi40drjbl4IcfQKVRwCKENxjAVTd5v4j1c8Qj/s+z/urpxOwxjC11LDLIMX8yvLRwNlaSHJACrrWwvnmnI/GcKZkmo9mrfWiPhD3bDJPC8t+JNdJ4sVIHYa8lzvfC9Jr6kQtDjx3Xi3UlW+53aWYuJYxxYwegC7ni6d9h57zuoxTsI1FFhmpwx6IF3PhweU87KxjGmFox2VHdZzKXQD8K+i+PhjCPlnkrMpxD9KQMnuTfEbqxuvRhhgGBsFjehqZofJO9uTjZbIkEDCRrZZswjveDr2UJkqDJjDiOV15JjLB+JPGBAwD3ygncgLBHs9GksFVe5BDS4cedgqqx05kndMdgP3UzqiUBjYhyErMNFIMjlO25MNzy8FhwTvlKaRkMLpHkYHZM7qq6nqzR250uThbtJTvng4Hk9ZHT0yb9HiPxHvAvnU7YIyXRwZHOw33UWihDqyFjBs0gKA2VtfdKuua3yuedP6rS9MQtfWFz25xwvf8Aj61VUj82+d1ctTbOcjVRMLWN23ATK2URRalLeQMDCr6yRjp2xH0yug3lYPMvkksYXU8Qx3ytEBppId+/+ipIW4fHERlX5b/LDfRJsZUFyV12qCykeRtgcr576jqn1d2mkldkteQPsvbeta4UtomxtqB3XgM4e+Z0rjnUSVztQ8cHf8ZXzuBycILNnkosnCCO65FjWTu9lhAQ8copGO6h05PqphOkZ9VHyLYGUk7cJrXaHDG6K4ZBKjOakzQVMtkslnTzF+EWR2tu4VZST4fod+SsWPBGw5Wdx5PV6S+NkP7lfVghw+yhuVlVAYzjsq1/KWhF8cSbBHhOj2eBlNPC6w4kyUuwCPZJkadGV658I6jMAYeMLyeXAZx2XonwkqSDoxv/AOqDGT0Hgp7dSj1+TlEpP74Z4XC044RKTGrOOMpU/tPqMJYIN1Gcge6yj36KgnHdbWsgD35IWQuMbYawYGAXJQF/WQgGp4bjkLuNDC4Nzp4CdGWmdrR2CcRyE2LMb5QdzfFoS4DJIWfLAwkYwVo4MGnDe2CqG4s/3g4C1VnN1cdq3GG68pYDEJg3f1Cw7BvyvROsoDJbw4DOCV5w0YK6FMsM+XfUdezV5/YdwACmWtxwd1DHClUJwMH1W9HmLI7uDaW0aoBkKc+MgtPsotmaHU4yM7KynjHhA43TorJwr3iTiS6JhdHnCLLHhEtIaaX1R3xk8BN2rBjcmnyVckORjCqK+DDfpWikhzuq+th243S7K8j67OTIVUIDwMYCE5nlVrXwYOoNUMx7LLOCR0I2ZRDZHyMqPJGf3U8Mwd0CWMLLND4SIYeYjqG6uKGUSxteDhyqpGgjJGUa0yEVIaTss868o9B4jWSpkoyZvemry6F/y1Q/Y7BxWnqGAAOHdeexEtIIHHC2VkubKymMco1OZgDdYrK8H1LxWt3rZYyNcKIPJma3jkKjq6UyMJaNwtfUMGDtsqqso485YN1knH9nZtrUo8FPZriaZwifuCcK/q42VdMcDkLL3CmdTvMjdg4/oVd2Ou+YpgyQ5dGNJSeuDHFbftZQSRmmqNJ4yrKF3lDinX2iwfGYFBgl1RDPLdimCN2yRbwz7gEYUwxiRoKpIpi0gEcK3pJ/KARyobKpJjTEWO2C66MPGAMYUnRr3wmHydlDQ4ZRVVNOWOyWqGBzsripiLhsMqD4YBILeCgwZrK8EUgghSqeXGAhyRgcIIJjOVFwwX0WsoZWU76eQAhzcLzm92ma01RJHkeSWlbplUW424XLvaxfLXpbgSs8zSmxeTm62j5INow9srzG0g8ZWjieyeNrg8YIysZNDPRVLoZmFrmk5BVzaq3QWguOAm5OTU3W8Mt6iPDguR+UghS3t8WIOAUTSWuOUw2xaayT4PME98QPZRqabBAIU4eYDCtPA2Mc8sq6+kZLERjcrJV9AYidI7reyw5GCM7KnrqHxMkDG6bG3BzPI6CN0W0jDTQOafpxn3QdOOdsq/rqLSchoVZLSlx9FoVnB5G/QSg8RIzMb7o8FXPSu8SCZzD7FCfCQQcH9V1jHA7p0LcGOWkm+GjR2zrevpCG1DyWjuCrqfqSgvtGKeocGv5a/wBFhxGXbhqJHAWb8Jj1PpmaXhoWfclhgL3SmGfxWbjgkKZbKozQAOd5mbLrvPE5ko1DG2eyhxNETthhZbJLHB2NJGWmwjUW+q1jw3uGRwVZaGzNA24wszRTkOC0lskDsZO6xS7PW6O5SSY6hnntdSGjIbq7ei21LVR1LQ5nGFmxEyYaXMBRaCV1qqMuLjC/YjPCo71NjNG9u3Kivi32GFKZIyaMPjcC0jYoTm7pUo5NixJFbXUYqItHpuFn4mzUFWWybDsT3Wvc33VTdaFtRAQ6PLuxCVJMTKOOhRy626scorQqKiqpKSUUdW7/AJStDgaQVFLIKeXyMLSeEWnlP0Oxsmgn05QpmO+uPYjt6oh7iTtDZARjCqblbQIzK0bqwopRMNLjghGqIvEGMoUsgzrjZFqSMXLBjbSqmogmgf40BILTnYraVltBGWN7KgqKYscWuaFbhno5F9LrfBpei+qxM0UVbJjGwJW52cA5pyDwfVeFSia3yiogzsc7L0To3qplbGKWpkwRtv2KfVdJJRkadNquoTZsNJKiTUrXgqYHB3CRGRhanLKOnhMoauiAPHZVFTS+y10tO2QE47KsqKI9glGe2nJmJIC040/umRyyU7g5vHcK4qKPPDQq6amIzsoYp04COjpq+LL2gnH5hUNfapKR/jR7sz27KzjL4JNY2HdT2y09ZGWaQcptc8GC3T7uDPU1QSQHY3ViwZblCuNnABkgyCN8BRKWtdGPBnBy3YFba7P2czUV/G8FmQCMEZCp6y0vbKaijcWnnA9VaMna9ocOCiNIPdalNHOvpjNYaO2DqAyYoq46ZG7Bx7rQOAcMgrIXW0ukb81THTK3fZFsPUb2PbR1uQ8bAlaa7Tl2V/EzQSwHO7P3VfX2yGticyRgyRsfRXPitlDRgb902SH0HK1btyAlFTWDzpnzvTtd3MRO/oQtXTVFPcqcTQuG/I9CpNdboauIxysG/BWTkdWdM1oc0F0LjuOyfBmOadTT9F8+AtcQRyo81LwQFa0tTSXalE9MRqxu30KD5dXhPGnHBVhKSkuCkmpmnOWbqnq6TfYYWqrKV8ZyRkeqqp4A7tulzgpC7IZMrU0hachv7qL5oiDhaKppf8Kqamn7ALBbTjoztY7GQ1GcAhFcxsrcjZQXNdGQUaOpIIBCz5ceMCZLIOel08BQjG8FXY0yjhRZqbbYIZwUllBQs2dlY9uQkxxYch26NJCQeEMx+pWdpxfBo3KaJUFSdQEjshTg5ruCqfPYBHpqgh3m4T67f+Zi5QLHT7ob25GMo0L45hhpyU98DW7sbv8AdaE0+haiyCITjOnP5oRadwQrFrA46cYXZKUEAjCHA1Rk+ipIcCjw1L4Ts4/qiTQaD5m/uhiMnuqTaJOD9k+nukjSDqOR7rYdN/EevtQ+WnlkdC7A+rIH5Lz0jS4YPCPHVDABCfDUbezFdpI29nuEXUUdzpnTiNlYzG8bQMhUlS6yVRJbqp5O7HjBC83ortVW+US0sj2+oBwtLR9R266hrLm0x1OcCfGG/Zyd8ymcu3RSg/tRpKa5XmwuE1sqdcZ3wHZC3fTXxJo64tgusfgTDALsYBXlrpK2gc2QSsmgfs1zDkLklxgkIJj0u7kJsJpGG/SqXa5Po2NlLXQA6WyxvGQeVW1/SFnrGES04BJ2LdiF5H071pc7K8fL1Tnxf9245A/Jeo9OfEOzXUNir5BTy+vYrSpJnLuptqeUuCpqej7xQa3Wyfx2D6Y5CqV8kDXuob7bzE453fHho/8AEvZRR925USutlLVwuhq4mvzxqbnCP493YmOqdb54PE63oKhlPzthqXU03LXMdsf0XKDrjrjomZsV6gNwpR+NuzgFu6r4dxse6osFaaGbOfCxmJ3/AIeypK1l4tw8DqWzltPwZ2jW322QOlLmJrhqoWcWLci7stR0j8QGfxOgmjt9wGMiAeHPn23w7hXcHUvU3SMmrqEC528bGqgbplYP8TDz+q8sk6Xoq8C6dO3U0Va7zeJG7yv9OOFdWb4o3uxu+R67phLH9PzY31D3GEULEvyF2aZf/SeY/p9ntFl6ssXUcIms1eyowMubw5v3HZWjZPZeUVPRXTnUWi99OXP5apeNbJqGbTk+4CJD1Z8Q+jniPqKk/i1vbsJYxmYD1x3TVb6Rz3pYt4jLn9M9WwVxZ/p3rvpjqVg/h9xaJvxU8nlkB9MLQA6j6IsmdwlCTjNCzhcwE7BSIwoLGOGeSqa7dHWC8scay3xF7vxhu6uxsnt8wIKJMJSlH8Tzip6AutoBn6bukm24hkcSPyQIOrb/AGJ/g9S2x5j48Roxj3XpwZjJDd/uhuo4pxmZmrsmp8ZHK1v8jMW3qaw3YBtJXs8Q/hccfkrMggZPCq7p8N7FXZfTMdRT51eLT+VxKpJrF1707g2+R12pwfK2Y6ZCPtugdgSxP8Wa9JZSl6/oI6gUF8pJrbUbA+MPJn/mWmgqIaqNstNI2VjuHMOQUyLTBlW0goJHHdJIgjkJKYQtwC7N3xwnRy52wmrjW6e6UAuBVVNTVuIqymjmj3Ja8Z39VQVvw9sVS50lPJU0pO48N/C0CMDhD7GxunF5R5bdfhTdADJbauGrzktGND8eh7FYW52e62yR0Vxt0kWDjVo5X0a0aTkbFDqqeCridBVQMlY/6g8ZVOOUaqtdKL+4+YXU0ZyBggoXypbnS44/yXuF3+FFkry+W2E0kzvTcH8liLz8M+o7O5z2wCoY3fUwchA6jpU62uztmDkYSNL2agVDmoqaoYWPp2j3C0L6V0flmiDT6ZUKanw76MLNOjJur1Cf4mbqOn4tBMTsOCrXW58WQ+M59crYuZjYoT6dk3lIBSHSa43tdmMNONwWn9UEwjfutjJaY3DLWAqFUWd43bHj8kmUWNjq49MzbHyxnDTjCPFcp2YD3EgKfLbw3bQoctFjgJbTGQlCztEuK6wyAB/6qWyWB7fK8HKohTYOwC4HTwu8oKpvBU6o/wBJfgSjeMalwyVjfrbsFURXWpjIONh7qfT9Q0zsCpUjJPsF1SXoK+YH6hhM008u+ckKYyvs84DTtlP+Ut794nA5R5QCzEhx+Q+Q4RfFna0YkRBbT+CQnPGSo8luuwPlaCOyJvIxXST+1hhU1BO78hdJL9yoOqqiJjlgdqHcBI1ro8B7XAepQOCkbK9fZHhh5Itf1BAfSdw1EZXRE4LgjtqIiD5v2QTpRsq8hjmRWvpWnluFGfQRYzg/qraTwcjBXBEHjyoHpkzbV5VZ4KCSiIPlH7oDoKqPdo475WilpxjYKFNSOKXLS5NsfK/3INPca+DbxiPzU2HqS50xBjqX/qoxojygy07wNhlJ/jYN9PlcezR0PXF0iwXzasepVtB8StRDKuEEDktC8+MNU3iMkJoEncLPZSzqVeWn6Z6xTdb2KobiSTwz6K0jmoqpoko6nS/GRh/K8SYcHAblSG1VQ0YZK9v2cUl1fs31eYl7Z7L49SNvGcfzRIK2rjfkvP5ryGnv92pTtWyO+7irOj66ukD/APeAJ2f0uS/jibYeWwerfxWXbLgntuMDuZhn7LzNvxAc4jVRMb9gpkfW9CQPEiLD6hKlSn0ba/MHogmp3jDnAg+yYWQE5a4rCt6zonfTMfzClU/WNO1w0VQb90idJoh5bca50bQfKEySMAA4VE3q+mIGqthx7lSGdR2x41GthyfdLde00x16l7J5bEdnsyPumvhoCNyVBPUFsJx8ww/YopuFCWNealgDuCSg2DFq0/6hSxwA/wAoFMLRjlO+bozxVRf+ZL5ul7TsP5qbC1qk/YB7HA/U0/YoL2HG5Ut0tMdhID9kF0lOOHhBKLZf8mJFcCDwgnICmGSD+sIZkpzsXD9UWzKKnZH2QDPg4wmmYHYtyFO/3E7kBcP8PA3AVYwL+aBXGOlcd4QnGlpcZ8EI5ktjScvXDU0Dd2zgfdTgj2e2iKaSDjwB+SGaSDH91j8lM+ftoG9VH+qC652xrc+OD+SmRclR7aIpoID+AJhtkHdoT33u2NJxIhnqGgH0O3UEyenXLY3+FxE40DK7/BhjPhAoZ6iiBw14whP6l1ZHhu+4Kgp26ddBv4Nv/dD9U4WqAbloUF3UUv4Q77ID79VuyBG5QCV1C9FwKKnbxGNl0wMA2Df0Weddqxx+l26Ea6udyXpYD1EP6Il8+FgJ2QdUbTyFSiaqJ80pRDrcN3HJUB+VvlItvmadm2ofquOrKcDOr91VtoppXDG6PHbZ8KBxna1wgslfTtONSjPuzs6WnI+yNHanO+tgK6224dkQge6hX+syMauod5hx9k3x6p22rIVm2iYB9PCKymhGCGKFqqUu2VghmkG43RIqCfkgYVo2FuPKxPbFUEbQ/uoOjT+0QYqBh3kGcIrIqZmwj3CnMpX6fPgJ3h0MI1PfgoZvA1xgkQnQg4LGpCnII1Ls9zpac4aA781AqbwZBiAYyllKdcPZYFsUY85Ayo01XSQ/QMn7qtMtVMcyHC4yl1HBPKguV0v6CQ+5y/TEOQo2usmcSdwVIZTtYRndSWhrRgDCgKcpfkQTE9+NY3T2Qb5AAUkgOTCMDOUOAcpMc1mluEPXvwmmUA4TPFycaVMFqzA9dG65qB5SOwQYYxWNhGwsO5G6IGjgBRzOG88IL7hHjZ+PZHgp3RXZNGhvJGyQqIGDcqplrwc6HZKjPq537HGEe0RLUxT+0tai6RxnTG/Cim6TnOFXuaXHJTmt1KYAldKXQSSeV5yXlMDT33XWs3Rg0HGArcRUpOXYFkfsisg0uGRyjNjxjARY4nOI25VxjkiQOOIY5RGw44UmKnLuykNp25GyNRwaIJkZkZ5x+6dpI7KcIGhv0pvhhp4VY2jAAh9kQRjHCJqaOyYZGHZpypKWQcpDA3Sc5zhIzgbaUzfK6G55R4yELxyeyYGnKM2LuiBoHZFGJATWEkE7Inhtxkj913UPRdMmRjCuSyQYkkd0krog9cOy6kqDicBTXvA7hNc7GwGSuxUznnVK3Csalng4GyPPlbsjNi0kFw3+6ecRDAQnudJ2woRQx0de9oAACY3VJwESGinlIICtaS3lgBc3fvuoNjW32Qaege7Bc1WkVLHGAQN1IjjY0YDU7T7qGqFWOxgYAAB2TDgDOU97g0cqHJJqKhJJRHSTdsKO54z9QTZJAByoMkvOFDLOaJE8ga4bqNNXMjbgqLUTl2wJURwLiDnKhmnYKpqJJH6tzlD3JyUdunBy1DOD2UM05ZfIhwmrmQmqhI9De8N98pPkLRxygEknJTIoROZ0uJXEk1zgAiQqyQ58gKjSP9AmySjVjJUaR5OyLJlnZnokeLnbbdNjjc52yHBE9z/ZThGIwPVGVFtnWtTXyBo27LkkzWg+ygOqMhwwqLdnokTVBGwIUGWZzzsmvcSc5XOQlTbEt5OF2eQlgroGO66rAcsCQV0jCKoUBXXDA5RUGQ5xhWo5IDwc5XNW2EtW+MLhCHYLbwcO64mnlJTAqU8iXMj1SJHCESQeVYErNoTOyjuzg78JznbbnKEeU2MTLOzI0k5XM5SST0sGeU2JJJJWJbwe2cpOS1eyTV9ASweLOAEHJTZXiOIuRGtBGoqvnmdNJgbAbYQN7nghxpklfqceUYABDZsMYwiI4xxyQMkkkmkHJJJKEEkkkoQakkknEEmJJ6hBJrk5NcksMTlzjcrrlGuEwhpHvHZZLZ/GshRi5PCKC+Vkr5fCEg0g8BVBGUp5HTSue48rjVxrJ755OrStscBImHOwzlX0EDIIRjkjlQrXTbePI3OPpBUuqlGA0I0sITOW6WCNWSlxAUZ/Cc4kuJQJ5A3AS7A4oE85dymYHK6kgGCTThdPCjgO1KBBcb7cJ44SA7rqMY2FSSTFCpS2hlHnO4RAcqNKRsoChAZKJsQNk1n2RKaLxpgzPKgcnhZLC3xmKJ05GNWwSky459VInLWtbE0YDQorn7HZFJYMb+6WQM7tAxlRQc5RJ5Mu2GUMHKAfCODqdJwmrkz8BVN4QzGWRKlxJAyuwAZQZN3KTTjbcLKuWG1hBsYACbGNyuOT2psWxTOuOwXW7vDPVcyF1gyQpY8o16WOZ5J9spGz1kbHfTkL1K1QRRUrCxoCxHS9tD5xK5uQQt8zTFGGNGwWGxnuvEabbW7P2R7jLloYDjuUy3xO3kI2UercZJBj1VrTNDYWgDGyV6O5GPOR2rDSQOFAja6oqtztlS6p5ZA4jnCZRxeFT/MvHIKWzZCOSTa6PxqzLvpiOSpd5qyzFPEd8ZOOyNZYvDpnSvGC86iVW10onqHyAY7JDY+KxwS7JAXMkq3jYbN9yr23Me1rpnDkqst7fDtmMfU7/VXjC1kTWgYAASZPcdSiO2CItXMWkjuQsXXSFsrj7laS7VXgsec4JGAsvpdUzZG5zslvouf3NRNJ0bb5Jqr5jGA0ZK27m4OFVdNUZp6LURjUBhWpfk4xwssnlnRohsgQro8MiDW7k9lIhjbHGwNGMAZVdKXT3HQN2s3VhK4xNyeMJeMj3PCyUN2kdLVEOO2EKhY2SqY124G6BM8vme5zu5Um2Nw90/Iarawc5/fNyKfqeV8lxDSfKwYaOwV30wxsNEZQ3zPO5WVmmdXXNzCckvwtpTxtpKaOFjfw7rJcVoZfLa7H64LGOXSM42TIf5tQHH6UiPDoMkblEo4c0nint3WY7T+4g3mYQ0pI25WFpneJI+TGA5xwtF1fPI2ARMdjJwVQ07A1rccI4vBzdTPdLaX3T0BkqmOxs0rUPBM4we4VTZImspfEDfM48q5oo/EeCd91zdbLLydnx9ShBMt4GElrGhWcsraOkc+Q4DWklRqCNrpdxwq3rKrMFLHEOXkn7rlSeXg7kMKOQXSdO24XSSve0u0u8uewWu6jro6e1vDti7YKn6MonwUomeMB4z+aH1rWxODKNpy8blRdkbyjKgeK8H1KupcR28NA3VTR+edseOFe1MZY1jAMk7I5L9C4Pk7YKdrWmVzfMTygXypcaxsJPkAVpC0UdEXbHG6zXiOqqt8z8kZ2S30FHsubdG0hgI5O61tKWNgaGtws/aoWOLMj0WgIAa0DhYrZZeDVAP8Akh1MgihdIeGhJhxlRrw/FE9g5dss6fPA30YuJvjT1NUB5ZHkhNpox80559NlMMYp4sAdkCnb53EjkJucIDHJreiIY5K2SR7clo2XolIATlZTouhiht3zAHnedytVTtPK59kt0sjF0R7zIzSIW8p9mgZjxCN1Er3iSpwO2Fb29jY4dgs13RCWAMbojQMpiIOVjfZbJDQAE5cHC6kzWShySSSAMMkkkjAEkkkoQSCjIKploSanJqiIxJJJKyJZEoF1l0RtiH1zeRv3U/IHKpXv+ZujpHbxwDQz/mUGEunaWgNPIGEccoMWc7oyMthQRoxlCPKSShBiSSShBKJdLjFabdVXF+MwwucCTgDClFwAWP69qPmaei6dbkOutR4bz28Joy/P7JkYoksJGekhkj6Wpnyu1S1RM73HlxdvlQKamcQtP1tEYhRMBABaMgBV9HSlwGG7lba3hC2uS/6aoTDCalzcOI0tV80kOyd0GhhMFHGwjzAZRkE5ZKj2HD8NIPogB252T3DPdDlOiMu9Ek0oLGcjOV3I9UOn2gGeVwk55UA6HJJJKAnRslJN4Mbn44GU1yh3+cU1nqpjyIyAnVrkJGKspFTdqyqIy6SVxJVrXyGOnfp2OMKu6XieyldUSAan8eqm15aS2M/iW6CwQfamFlMSRu7dFDtJJIySnwjREAR2TT5N8cLZUslN4KDqm4R0tBI+Q48pAXlccZkeXnvutl1/WNe0U/4nO2WUhjw3jhex8Rp8RU2eK83fltA5niGMk8ALOTOL5Hknc91c3ibw4CwclUTHFzmg9yF7OhbI7kfOtXLfbtNz0pAIbeJO7itDAfNhQLfE2Kkhja3A0hWMLMHUO65upe6WT2njatlCRKJOgIMZJIz7ozhhqCzbf0ystfZ0rHwZfqGQ/PeFyrOgj00rB7Klr3GovGojO+FodoohgbAYwtEFk51sscs7p91598Tr0ae11ETnBo0YC3VRVeFTulxuBsvE/ifchPEKV275JNIXe8VTusyfM/q/W7aZQzjJlrNG0UbZBsHnut10tStbAZSBnCx8EDWRRwt20AZC9Ds8TI6KPSMZGV7iiG1YPhWtnmOA8w2B9N1WRAVN3jixtkKxqJdJ2GVD6ej8e8OkI2ZlNZzYLBcloF08MDZoCtjkgjhVlCBLc534zjYKznOABjskTGwSPNvibdo4be6lJ80jtIwvI/wlbP4m1gkuZphuWuJysW1crVSzNo9N46G2sC7OCfZR3fUVMI2KihpBOVzLXydNrA+KUMOPVWDHlzQSFVZHAG6sKZ2qJuo7q65Z7E2ZCkYBKA/uFId9JQXg7+6GYKZGHllaQraBwLBuqp/1BSqOTtlIaOtoLNk8Euduobeiq5QQrY8FV9SzOdln9nVtjnkgHlIeqThgrrcg5whayJi8Mns/mUoJ3cAtt8KZfCu/gnYAA/usPRDU0t9itP8AD+bweoBvyP8AVLSydrxU9uog/wC59CSOGNguURLpHY7FcHmja71aClRZFQWZ3Q2I+qw5wEqGb7LI3xoFRkbEFbWcaXcLJ9TQ4IdG3jcpAzUQ/wBLJX0zzJUhxPZTHg4KgWw5qBnurRzcvcwdk6Kwc2KyNgzo+ygXaAZEjRyrOn8rxHjlDuMILRgcJ0eDNrIbqzEdTQmW2u2zjK8qLS15B9V7NdoRNRSMDd15HcYvCrXsxjC3VHzT6oqxKMxsXBRYDpmaBwhRcFEacOyunHk8azdWM5hAAV3VM/kcKh6beHeGFqKmLVAQBlaYI87qJbbDtkB8HTzurMRNOVW9PHL5IiFcGMApkY5MF0tsyJJCMbBV9ZBtktwrl7MqJUQ5bkNVtemVCZlLpABHkN3VS2PygELSXGLOdtsKjkZpeR7rFav0dKmzPZCewNO2yjTs47qwmj3GN1GlbsNllcW2aozK98Z0ndBpJTBVNeWkjPZTXb7YUCoYC7HGUvbk21WYeTWU7hMzU0g/mpFLVS0k4kY7A7j1VPZKoYFPjtyrSUFpGAk21HvPCa3fjL6N1TTQV9O18bwXEbj0Uaopyw7hUNhusVJVBs5Ia5a5zGzsD4iC07ghc6yvB9I0t0dTDKM5WUXiEgtyDt9lSROdba4chhOCtnJCAd28qmvNpNRGXxDDhuQsko5LuoaW6JIqNFVRF+M7LMMPhTlvbKu7DNpzRznOR3VdeqM0lQ4gbE5CH0cq94i5HHYOMFTqKfBDSO3KpYptTgCp9PIG4OVYentNFEdQ5XXxZGcKJRTZAGFaRAOAyFDs1tSRDMW3GMKDVQ482FcPjHIUWaEPGMcqm8EsgmUud9JCFJCecKVURuilO2yQAeAqSyjJKGGQ4xjkKdTTmNw0EY7hCfEcHZRfNkqJ7RM4eiH1d066qZ/FKLDtIy5o5WNp5nRbZwRsvT7dUCXNJMQQ4YGVgeq7LJabi8sB8N51DbhNi8nD1+ndX3xLWy3Hx2mCQ5cBsp00GrBCx1uqXQyZa7BWwo6ptZTB3cDdNRmouysMG1pa70VjSODhuoTo9/RFp3hr8BGdCEiwLRg7dlCkjyDkKwYctymFoxwrXY2UVJGcr6IOJAb2WfqICwlrgRvhbeqgDhkN7KmraFssbiWb+o5CZ6OVqdMvRmHQgn6VwRgHOlTXwFjtLhkpulv9KOMmzkzp5AtY0fhXdKN4OO66yPUmZbA+Mj+Gf6VHkhIwQ3j3VkGdgEGaIjGQgcgXRl5AQuwQMbq5t1Q6N7VTABpzlToniQac4SJS5NWnk4SSNnb5GzN1BTpIGyxlhbz3Wes9YyMthkdgngrWQAANyOyE9NpZbytoq2S3zeFJnwieD2V9G5kzA9jgQVDqqSKpj0FuD2I7KDT1EtteYp2uLM8oZSwdGGY9l09m3CjnABOlSYpo6iJr43ZBTHNB4KW1kJ8ozt2tvjgyNaNvTke6jWq5uYfk6p2S04aStHJFntys/crFI57p4CPXHdLUcCJcPJctIIwGpFuVV2O4uLjR1By4bAnlXj4wBnCI0QnGcU0Q3wOYfGi2I5HqpEUzZmgjnuPROaDkghR5IHxO8WPjO4RxWQ8ZJJa1wORwqK5UYLy9o5V1Cc7kINRCHjCtIzW0qxGPqqfzfTzyqqN1Ra6oTQuIGcgham40vhvwWbHhU9THqOCMofeTi3VOEjedI9UR3KJtPUSASN2yVqw3I5XhbKiotVQ2opiRvuAV6d0p1XBdIGxTPAkAxun1zz2dHRarP2TZoXNwSmPjBB9kY8IOOU7s6rwiFPTA9lVTUmCcLQOaD3UKaHI4QyeBM6VLoz09Jg4A5UNjX0kwkBwO/utBNSaznCgzUhIwQhTMdmnxydpZYK3MWQHBVlyspL3FrdJ9uCiyRPhcJYhpIVxba+Grb4NQAH4xumwsMF9EZxaaMJFM+mnMUpIwceyt6ebWAQeFbX7pqOpiM1O0axvkBZUNqrXKBMDp4WuFmTg6imVb5RfteXBVV1tbZwaiAaZG77KTTVkNRsx2/opWsErTGWDnXVKaKqydRS0wENYS4sOnJ5wtrS1MNVC2WI5aRlYi62yKTNTEzDu4CJZr6aACGbOAVsqtOe4utmyfGOwVfc7fTVsBhmYDng+isKaoirIhJE4EEJskRYQ7C1qWeUBNKa5MDorumK7LS4wE/lhappguVKKqncC7GXAKVW0EFwpzBMwbjY+iyrPnem6zSSTCTt9k1GNxdL/sX9FJ47THIAcbbqNW205MkJGnnCI5rq1grrYATjL2BSKOqZUDS46XDYg8go2gt6aM5UU34dO4VVUUbzw381uq2gZKNQYAcKjnonsJGEqcMip17jIVFI4HOnChSxFhBxjHutTPRtecgKrqaIg7BY7aV6EyjgrI6h7CAQpJla8b4ygyU+nfTwo4kLHcJG3aIlEPJFq3A2UZ8enfT+6mMlD2gOG666BpAcEtwUiRm4srCXDOWoZG+QVYywDGzP3UJ0Th2ylTq/RoViZ2OWSIgsdhWVLWawGyOyVU5cc7YXY3FpzncKoWOHDJ/dF+GAjU08J7ZCCBpVVS12ggSu2Vsx8dSweEMlaFONi4CVjXQ7woZW4LdyodVRPjGS3AUoiWI5czCMJmyANeMqRjgLdvM+WnJGEEhzTsVoKuhbIMws3VTNSTRO8zVUlkFwkuwLJzGRkKSyWOUbOznsohAccJBhYRgcoVJoGVaZawXOuo2eHDOdH9JOR+itKPqKkqMRVsQjd/UOCs2yTOAeSjugbpBI/NPVuOxD0kZcs1vh+I0S0swcPYrkdVVUz9WSCFlqeprKMgwyEAdiVc0t+inAjqmYPqnw1UOsmHUaVrhI9I6U+Jl6s2iMVJmgG3hSHIH29F7B0z8RbB1DG2GpcKebg6uCV8xFzfriJCl0lxngc10chBG+xwVsr1COJqvFxs5XZ9bSULHjxISC07hzTyos0D9BhqYhLGRgtcMgrxHpb4r3a0uZFUTuliG2l5zsvYOnviL0x1GxsPzDIpyN2u2GU6NqlwcS/R26d5ijPXr4e0VW41VkmNHOd9AOGE/ZZe5WS8UMZgvVtjq4BsS1urC9kqKJn1RA49QoroNWc8j1CvYmZ4aicHiR4NTU9w6dq23Tou4fLygkup5clh/Lst50t8W7Ldz/COqaQWyuGzw8Za7P8Akra89F22v1TQxiCbnUwYysP1D0DLUw6Z2MqNGdJAw5v2KGUHA2xupu/Pv9+zeXj4b2C9vFZDmmlcNUc8JwfYqoZUfFToclkT/wDaK3N30k6Zy33dvwsDZeterugnto5oHV1uYTpicSPD9fsvYOlOvunOqoXfI1vhzMGp9PKMOaPXlWpMllN8XlpSgwvTvxZ6cvMgoa5s9rrc48GrboyO2DwtxGYpoxJDI1wIyCDnKyF46OsXUbDHcKNrtXJAxn3VAOheoulR4/Rd9lDGnPydSS6Mj0U+QxOqqTwuD08xkJ0YwV59S/Eq62tvh9bWKejDTpFTECYnFbCydRWe/wAYltdaybAyQDuE1SyZpVyjwy2AGF3ASHAyup2ULkmJrQhvbk5J39UVq6RlC0Uv7EGstFsujRFcqKKpjGTh47rL3D4aRxSGr6ZvFVbZicmMvzCf/D2W2AwkjXAatkvZ5xUVXW/TjsXe2MuFK3/jUxy4j109/wBVMtnVVpunlim8OTh0b9nNPoQty9odjKp7t0lYbuS6qoI/EdzIwaXfqiyHG3PZHZIHjU3BB4ITlVTdG3m2sL+n7qXtbxBPvt7FRje6+3ER9QW6Sna3Z8wGWhWTcjR5HqnOPoVXUlxoK3DqSqDwfdS2ZaRlKKDpJDhJQDadBIOQntlJ2dlw9CVwbp+gEIsFrjorbp0zYbw7xKighEp5e1oBWLvfwjOH1FpnLs5Ol24/Jeh6HA5GycJZYiC1xQSjk0V6mdfTPn269MVtuLoaujcwjvjY+6oZrPMzLoJMu/pX1A51HWx+BX00c0Z5a5qz12+GPTtz89ucKFx38jc4P2S3XwbqfINcSZ83zMu0DsPpXfkmR3uIDw6mFzSNiCvWLz8OeqLa9zhEK2nbxJEN8e47LGXXpuGfUyppDFIOTpwUiVOejdDVVWdlDDVWesdoBDXe+yUtmp5c+GGuz6FArejDo10VQfEbvyqR1Nf7fMTEZMt98hZpUuL5OhD7l/pyLKrsM0bS9kWB+qrZ7a6JuXtwpVL1bcKc+HWwB+NjsrGDqO1Vx8KeIMz6hKlWMjO2PZk5qYM4aoktKWkEALdPt9ruJc2nmYHehUWq6YcI9Uelx9Ev4jStSo/kZCNmNh2ThNPDvG8/qrWezVTBlsJ29lXzU00f98zSh2MtWVzeUdjvFaw7nj3U6PqaQAAv491UPbhR3twrwOVUJGmj6laD5wD+ikG7UVU3RLA0g/ZZDJXWvc07E/qqzgp6WL6NW2O2TkBrdKf/AAqF5zFVgA9isuKtwGN12OreHZMrwPupv5AdMl0zSmyzg+R+odiCo01LXwkhsJcAq+K41GAKetIcOziQpUN8u8OC2Vp+55RqZFFo4XVrT5onD2wmunkHIVjF1TWsGJqOB4/5Eh1Va3nTV2sH3YxTegop5K5sjXbnH5pEtHGndW0V26MqciRjoHdstRPk+mKkDwa+I57EquGaYSceihfpP4moPgRu5GcrQSdN0khBpnah6gqO/p2WDYvLgeM9kDgmaK9XZW+ykfSRM3aEB8QzgDlaB/T1a8ZjxhRn2OrZyEmVSZsj5CxFMaV7twQh+ERyFbGzVZ2bsgutddF5vDSZaeBqr8nYQDDJy1uyYcjkcKaYKlu8gIH2Qy3fdn6pL0yfR0KvIt/kRteNtOEhLCOZCEbQDy1O+VjkGXMCVLTM3Q8jFAhNB2kGV3xo/wDvE/5GEAkMQXRAHGEmWl3GheQT9kjxmf8AelM8do3Ep3QtHt+6Ho9v3SHppehq139yWKp44qH/AKoja6pHFQ//AMyg+Gf6SlpI9f1U/jS9DV5H22T319d/8kyD8ymi51o5qn/+YqEWOPqm+E7uSEEtPNeg/wDij/ZN/idb/wDJT/8AzJfxOt/+SX/+ZQ/Bd/8AKV0QE7ZQ/DP9BLXzl08kj+JVv/yS/wDVI3KsIx8y/wDVBFE47/6rooc7E/uqdMvaCettlwONfVHmoP6poqJc5dK4590VtrZ3duiMtwGAcEIf47BdlsuWyN4zs5Lv3TxO4fiU1tshIy4BPbbqfnAQSpa4CjvfZA8Vv9CQGRnCtWUULeWhHZT0w3LQMKlSx0U2VAj32G/2RmxO21ADKtg2hbsQM/ZOHyXIH7KKnAyMEnyVbaYnHl5RRRyEbN3U8SQD6QitkOMtYAp8Roj8ftECO3z927KVHby0Zc5v2RC6qfgMAwutp66TYgAH2U+MNTgugXy1M3lgJTgyjbu4YP6ogoJQcyHn3XRQQjc5VbBif/KBEtKwEMcU0SOPDdlJMMMe4ZlP8v8AS1ColpSfsjxsmOCGnf3UgRnABXBPBDjxHAD7oNTfLdCPJnV7FC+AlOMfyZKbTE9uEVtK1u7jj3VHN1PIBiD/ACUOS7VlY3TJIQPYoMBfyIQ/E0j5qKDd04UGXqKmYHNiBJCoCHO/EVxsZzsrwwJaqcuEWM99rZchrtIUGWSsqXZkn29E5sDjuERrdO+Eva2A5SfLYNkbiACMokdOGkFdM0TcZ7Lj66nGNL9wqjDkX8kF2yRo2AKTh3JwoElyf/wnZCE+uqJBgnCbt9gvV1rhFm6WA8y7jthDNdDjAeqou1HJK7rYDucIVFsVLVE99VIQSx3ZRxJUOO7/ANkE1lO0YLuVHmuGNoSqlXgXLUxXbLIPcBuUvmWNG6pfm6hxzlO8d5G4VxqyC9YvRaS3KJuw5+6iTXSc7NOyiuBfuQulpcQEXxAvUzlwOfVzybF64A4nLk9lPnclHbG1oGyr4yt7lyRgw5R2jdOAb2CK2CR3DVaqbImM0gjhca0qVFRTybluApcVAW4JGPzV/Ex0XkhRwuJ3Ckx0ziBtsp0VO1v4VIjiA4HCYoGiMckJlEe6kRU+ngbqYI2gYwnMi9Byoo4GRjgAyMHsulmNiiZbGd1FqKkE+UcIXHIe5RDmYM9P1UaWf0CFqL3bjC6WZ7q3HgGU/Q0yO7hcD9/pTxCMozY2gZ0oNuOwE88jA3I3ThGAchd1AbJhfjsmQX7GcBUzI9VwkIZRh5C5HqmIIJznJRmDYBAWJPTSAGnPomGdvCVKeOiByQO6E4zSHEQGE6OCSZwI4UsMip2AtGCeyAbFZAxUhjxJM8F3Yeie6TGwGV0h0uMbZUmntzyQcfurHwg5dIitjfKRhqnU1vOziFNp7a5uC9qntY2HGGhQ1VaeSeZEamovDG4RwxrdwjhzcZAwhiTnZWjQq1EDp90F8ukcIz5AAceiqqquEedIVcAzkoILNKXfkq6oqgfKMbKLUVszzkHAUZxc7cuV4OfbdklPqCcnZRHzF2RhcyfVcUwZZT3DHZccpYynYb3TSdtlTEzngRIHcKPI8cIc0pBwELDnHIUMs7Mjy4g7OykBhcGQunbndMisi3MeRkhcIx3TkConZG3dH0InMTpNjsq+abxDgcBCq63UdEZ+6C3OxJRKOTPZZngKXH9USCMl3C5FFqOCpILYwMBXgBPHLCsDY288KPPUZAAwhT1GSA1RXuJBOVCpWekFfMSN3KIS7KWTq5Xd/VC3gQ3kaM5SwUxdbkEFA5plN4DpLg4SJwrSyVnPIzT7pAYS+pNd9KLb7LcsD3OBCASd0iTnlcUB3IYu57LiR4RCpzwCwkRsmOcc7Jpdjk5Q4MzswIvOcBcLxj7+6Y544QMklGoiJ2OXAQk55XFwbrqYZnNiSSSRlCSSSUI1k9qTwMkNQ8YR3eHT0/il2JXfSF76yWOPZ4yMdxGrZnM/kMOAeSokQxud8p7nOkOTyusBG6kF+yxaT6JydsQNl1NIPSSSRADkkklCCSSSUINSSSTiCSwUhykglLaQSad+Etz+a4UmUsBnXEY5Wf6grdLBTNdudyreumEEReOyx1ZO6ondI48lcvWXcbUbNJXmW4BjKPTwmU6QExgxuQrW104OKgjb0WCuJrtaUeCdExsNNuNIaMKtmlJf91PrZsM0gYCq8mWQkHhPaEQXthDp0Zxuq6UkvUyZwaAMqGd1ns5NMEjg911JJUWJcwF1JQgkkl1gJdsjDDNC45PbsN0CQgnZQEedxhRJAdQ3Upxw0qL9TlCBmNyzOVKtcJMpeRsAosbCcAd1cwReHABnB7lFFZBtlxgFKd9lGm+lHkIJ2UWoO4wrmhMAD+cFcSSQGoI76SodScjGVLkIDTlVszsu5Srf0XBZY3Pnypkf0AqFGDkKaNmAJUY45GzGb6x7I43CAOUVm4Rp54FMQBzypFOzVI1oHKjacOyrWy0zpqgHGQCkyZ0vH1qc9vs2nTdI6KIOx2V3USaR90GgjbFStGMHCHUTYICyzllnvtLF11KB2lb4s5Lh5QrZjgG4AwFW0Qw5TnuGn0QPo6ECJXPMk0dOzvu5WDm4ZDRAeZ2D9lApIjNXPkxnR/mrijidPXNe1uQzbPus7ZqpeVlkqrmNHQPYwAOAxlVEbTJgnujXmfx6rwIycA7p9FF/MZGBuUBrrWWX1MxhMMeBpwDj3UqpdpwwcKNSRlsgJ2ATq14c7bsls6MeIlHfZmOIhGM4yVCslKJaoDGwIQa9zn1LnOOd1edJ0jzIZi3Zx2Wex44BgnOxG0ha2OCNrcDy8JsrQY3ebtlNIdqa0H8lDuc0kLXRMO/G6zM7PSO2ppnnMx77Il6mEULmt3wESgiEdK1w2dhVF7n1FrNXdWkZrpbYPBUyEnfO5U1rm0lmlm5JzlQXM1uDc8p3UFR8nZDGBuVJowxs2wcmUHTzTVXfLh9btS9B06tLRv2WR6Kpmu8SrcwZczY+i1tI3Ly4En0WG40+Ohtg3+2SKrGiKmPYguU1xZDTaRsMKHSRmpqZC4ZDP3R7hJ4VM844aVmOq3iOTz3qOqkqLkInHyN3wlTtMkjI2jckBQi91TWSyyb4ccK4sUQkqsY4x2Uk1GDbOXDNlxr2RtpoI4mt4aP1VvQU+iMOI3O6qAcyNbyMgbrTUsZY1u22FxdTbuPU6OvCJtJEI2avxFY7qJ01w6hhoxu2PDsA9lsZJPl6d0xGzBlY/prTcb5UV7yXZeQ3PYLJnJtlLDwje0DW09MyMDThvCxV+njqbjI5h2b5VtJ5PCp5CBw0/wCS85qn6pCc7kko4rJUrOEWdlga+oL3DOkbKxDvFrw1w8rOAo9iaBTuf39VOtcTXukndu4OIRgZxyCv1U6GlLWP055VTaITKHZ9eVzqKd0lQIQdip1oh0xg45SbJcBwluZf2uLDmq57D7Kst4DHDsrQcDHdc63k3QWRNUO4jU3TnnspzW+6h1bXGpznIaOElIYZ6uj0DHGFFpI/EnZGPxFWN3jzFtyndLUXzd2hy3OndMnxBsA9JtdKylo4YI24w0Z+6sXERRF+OB6ocDMN3HGyDdZ9FMY2nclc2TzyGQYGPqKgEHOXLRxN0MDA3hUdkhkfIJMeUFaMtGFmnLcQYOVIzkBAAwVIZ9ISJPBbCMGMp6a1OQPkockkkkhiSSSUIJJJJQgkkklCDUkkkYAkxPTD7BUxsP7gq6UQU7pjw0KpoG4Zk/8AE/mfqpF5ldOIqJuRl4kd9ghRYDuNgii8BE9vCIht4REQIkxPTFCDiRjlCO+V3J9UPIVpZCSOOO+52KyVDIy99a1VcQJae1RfLRg8CR2C7/6jK0tfPHSwmeZ+hjRu70Wd6MhjhtArA0+LcpHVkh9C/t+gATYRBksg+rQairpW8hjNh75RbTQvBjJblSLkxslxjJbw3ACn0bGsbnSn9IFPHZMTEk9AUnljkGqla1gjPLjgIygVb818EQ7+ZCPj0TmZDACMYXE5D1eygHY5OQ3J/wBSKKyQ4TlUXXFX4Fo8Ju5meGfZXw4Kx/WswlnpqL1IkKfWuSI7aoDDQRDHIUec+Lc2RuOQ3Gys4Q1sTGtGAGjZVtJia5VMxGQx2kLauiyzkAIA4CHVYZHqJwuuJdK1uOcqt6krGUdte97t98DK6GlW+SiZ9TP44OR5lfquStvEmp2QzIagxgNHHCC0+JO+c7l5zujB2kEn0XvPH1YrUT5/5Ke9OTM5eKlr6gsb2Ua3QePcIWAbZz+6BUSmWvmJ7FW/TMImujMjOndekX20M8PH/V1SSN3E0MYGjgABTaQ5ByogG5Cl0gOCuPY/Z9G0le2CQ+YnGMoD5NETn+gSmc50wY0lCuDxHSkeoKCAV3CM5SxGpuLpWjYOV6924b2VTZm+dzs8OJVmHZOU5LJytVL7GV3UE/y1IMH6l4V1TIKvqRurcMbsPfJXr/XlUaaFkWOF4nPIa69S1bAdDTpyV67w1WIqR8T+tNTm34/0WNBC2S4RwPGRqBPuvRaeJrYmtbsANli+m4GSXEyPbnA2W2OGx4A4Xqq+T5PqpfdtIFWdJOTwE7pqPw4qirJAAyMqJc5CIXY5Vhb2Gn6dc6QAOk3x7I5diYrBYWEsd4kwBJc45JUu5zeDAZcbBBsUTG07WtHO5UfrKoFLaKh2PoBP7LLa8LI2uO+WDwfq6uNbf6h2cgKoKVTI6prJag/jJxlLSfRce57pZPX6WO2KX9jh4Kiy4I4Uo8EqLKM+y588s2S4RGJ82FOp34AwVDI9k+ndhwJKCMsMVLlFu1wc1NkZtyuQOGnGUUg4TmtxnZXTD0XaNxEgOeOU+UZQG7OKz2JmrTz+OWS3YQ4ZBUarb5eE+mdtgldmGW8ZScM9EpKyvJVkHUnbYyU543JQXE7oOTJLMSVb5s1AaRsrzpicQ9SM0jAz/qs/QP0VAVtbHeFd45+BqG6W8I6+gn90X+mfTNG4SUkMu3maP8lyPauOk7YUezYqLPTzNPDRlSMASNcDgg8pc3k+taSWa4sn1QyGn1Wf6nhDYWuA3IWhld5WnHoqu/QGel1AfQlJGzUc1cGLo5NFSz3Kv3NEbySORlZlhLayMf4lqXnJafYJiOJVLIKHacDGNlyrGppB7FdAIqiccBKUYDtt02JdvKwUFXCCCwjYrx/qOIx3WUAYGdl7XWMDnbDC8m61hEd0Lg3GcrfSfP8A6m07dOf0ygg+oI7uAgQfUEdwOkErpw5R85m8M2HS7gXR7jZbd8euBwPsvPOlX4lY0ndemMA8I/kttS4PO657LMldZCBWOA2PC0BaSqClxT3hoA2ceFqHMaQMDCZA510svJDc33UeSPLcZU90eeCgOjJVy5QEZYZQ19Lrzt2Wcni0vI43W1qovbssrXR4edsbrJOO46FE8ldLFtkhRHjOysS3LSAoMkZ9OVnlHBti8kCYBh2UGoBdvhWU0R5woEoByMJOEmbKn+x1tkMMweVqBIJ2BwH5rIMOh2VpbfUtNK3PIQSjuOzoNTLT2faPlj7ha3pi+RPjFFO7DwMAnusw0iUEKKZZKWo1MJBacgrDfVk934ryrqtTkz0yqiGxHB4UN0eSBjbhDs92bcKJrJnAkDnuEYS6dx2XOlXhnvoaiFsFOLKm5235KobUw8B26FeKb56nE7Ry3n3Whhc2uLqacDONvuo1VSy0g0SxjSdilmfUaeMo5j0efYdG8tPLThSqeQhwyeVJu1vdHUl0Y8rhlVbs5xxhQ5Ek6ZYNFSz40uGFeU0jZWAByyVDU6h4JVxQSugc0EkgKHU0uoTReHhR3jPlKkMdrZqxymubvugxk6ON64KuvhBic7GSq9jtGBhXk0evYjPqqiqpnRuDhuMoM4MtkB2Q9vChVLPDP08qTE8HgIz4hM0aWq1+hDRUsfJHIJGnBburSpgor/RmOZg8QMxvzlQpoQ04HZNo6h1JOJQNu4RxRk1EFZHazB3G3TWuqLHg6QTgqZZ7i5j9GcBbHqeysvFIaqjxnnHcFebyRT0VRoeC1zSmo83dTPSzzjg3oc2RgeO4TYsteN9vRU9kuZkHhPdn7q6DTkYTEbdPbG2KaLGA5YiKPTPxsQpQORlWdCHICSPI4yoM8enfCtSMqLURk8BGVbVkytzpdOZA391WjkLU1tKJo9JCzlXAYZgzCbDo4eqp2fcIAEDbCQGO6TXjGDsmhh33TEjBnIZmPRKaIPGwTWkIzXN4KCS9hRaZWTwOa4YGy7ThzXBWE1Pr4Qo6fSeElo0V1NyTJNLqa5rs7t3Wqs9yfM4QyOGwws3TR4B2UqlL4JmyjgFAdrSPY8m3G/umVMEdRH4b2/Y+i5bKmKsg1sO4G4Rywg8JUlk7KxZHJTM+ZoZvCDsN5HoVa08hlaCU+SnimGHjccKBKyeml0tOG9lAcNMnuZlDcw7brlPUEjDtyjHB7KFtZM/dLUS75ukGiQbkDupNnuTqppp59pI/VWj4yRwqivtr2O+cpPLI3cgd1WSsbOi4DARsFx0ZIxnChWe8xVX8mfyyjbf1VsWZOWhWNrlv4IMkD4262jYdkIn1VsWNIxhQZ6V7DrbwTx6IgnDBAqKeOeMseM+h9Fnayj8ORw08Hlagkd1ArIBI3I5UOdqaVNNIytRBk8ZwFFgmntlSJ6ZxbvkhXNXTOB4/dVdRFkYU6ORZB1no3THVEN1hbDNIBIBjdaR8flzheGwVU9tqW1FOSCO2eV6d0t1XBdYGwTyASgY3KOM8m/Ra3fiuxl65rgdwmEBTdLcbBRjsSEXDO4lwAkjB3AUKanyMgKzIyhFgwVWMEnVko56cDPlVVNC6J5cwkHO2CtPUQjkBVNTT5PCuMsswXUNdEuyXdkgFNVkZ4BPdK+dNMuDHOhxgjICpZozGdTRhXNhvjnEUlU4Y4a4p0JnPuqjOLi0eeVVHV2WrIIcA07/ZXFJWx1MYex2/ce62/UPTsF1py9jAJAMheZ1tBV2mpc0am4K2wng8/qNNKjs0TXAgZaqe7W2J7jNEC32CNQXSKZgbK7D+CrEaSNWMrVGRyL47ymtV8ntEojmBLB2z2W8t9fTXGBsjCCHD9CsDdbTLO8ywYGPwk8qNY79UWup8KXLW5wQVrqtMM81s9KfDp3buAoVZSQXCF1POz7H0Uy23CCvhD2uByE6aMN3a1aovIEkrEYqM1vTdby4wk49sKyrKd0knztH9MgD8A91Z1tPFWROhlZn09iqmndPa6jw3jMZ234ITs5MzplF4j0TKO6Q1DBFKdD27EFFmpY3jUMEeqrrraTgV9Cc93NCJaby2oAhm8r27YKguE5KzZZwRLnQeBiVg8rjgj0VPLCCN9lujHHIzS5ocD6hUdyszwTJAAQd8BKlHI2yGejI1NMHDYKqmpsHZac051OY4bqDW27w2h8YJycJU61IyTgUZY7YgYT4pS7yuHCK9gJ259EF8JPDVknBxZnf6DkNc08ceqiuiHYYXGyOacHupDXNcAqymTOCA+HTvpQMn0Vq+DO4CjOpDzhKsqz0HGz9kPG+VIhrJaZw8MobmOamu25GEmMXF8DVJMuae4vqG4lIR3N21NOcqgic5hBBOytKOtGzXEp8LE+GVLK6JrKhzSNQTpGQVTcasrrYGyN1f6oLmuhdlowUUo7uUFXqJLifRDqba2M6owVDkBZ5XDCuRUh2GTnGUyWjgmHH2StrG5UvxKXQ47t2PZFp55YzpnG3ZElpJIJS3TsEi1soGewUk8BQ549hxI2RuQE19OZMY290DUYTwpsUrHsDmn7qOOR8IKXAGOevoXZDi+P05T4ZTWSF1HUls3drjj8lLaMDJCj1NDBIdbAY3/wBTNimxm4rAi/QR3bohY7lXUT9NXE7b8QCtbd1GwPDo5Sx44c04KoWXWponfL1kPzEZ4JG+E99NbrkPFoZhHJ/SThOq1DTOZqNCnxNHr/THxfvljLIp5jV0/GlxyQF6/wBO/ErpzqWNjBM2mnI3a8918fNmuVtdplY57B35Vtb7+1rw+OYxP9jhbo6hnD1fhYWcwPs18Ie3U3BBGQQVV1dJh/C8J6V+LF7spbFPOaiAdnHOy9Y6c+KFhvzWRyObFM7YgnutMbFJcnn9R4+3TvoddbBQV7SyenALhuQF5zfPhtWUE4uVimMU0Z1NLCR+q9snZHINQY3BHYKsqafTg4wFeP0DVqbKvtPMOnfjD1P0vOKLqWifUwNOC/8AEPzXtnS/W3TXVMDXUFdA6XG8erzD8lg750xS3eEtMEbXY5I5Xnlf0VdLLU/N2p8sEjDlroyR/kgGTjVqVuXEv/I+mZbZR1LiZY9Syd1+GNvlqDX2Wpnt9VnVrp36Dlec9N/G7qixFtD1NB87TMw0vA/mgey9e6Y696T6sjabRd2GYjzQy+V7T6bo1wYrNNfTyuUUEVy656YIiuFObrTM28Vo0yge/qtBZ+tbVdQGOmbTy8Fkx0nK07qYSjDjgeqoLv0NZbmXPkjIlfy8cn3V5Zn3qzguWOBGQQc+iesS7pzq3p7y2S4/NQN+mObJd+qNRddeHIKK+0MtHONi94xHn/mRAbTYZCSiUtZDVsa+CRsgcMgtOQVKDtskYTE8ipJro6ljKWcpK28ArIhtwk4a/q3++6SSH5ORmXgoq7o+11TdVKHUUpOXSQ7b/bhVc1m6htB/kT/PxDuecLYrmMcFTGSbzI095azyXCGSndx5htlWTJ2yY07g+6uZaKlqmGOogZID6hVUvScW8tuq5YZDvgnLUbRcZJ9jwcpayz3VXUUl+tspMkZlYOSNwnQ3RkztAb5u4ypyF/gtRKONKcC15GQAoTaphwHbEoniADPZTJCYaWGQZBwfUIT46un3icCExkhHdHjn41cKFChuUrB54nDHOO6DVW3p6/Nc2qgi8Rw3IaGlSXOge3A3KjPpmF2oDc9wlhqTj0Ze5/Bu1VpcbRXmmlO4DtwV5/f/AIVdV2xrpPlvHYD9TBkEL2lrKmMh0BJI90aO91MQMVRCZB3B7pcoZNNWssrfJ8o3G1CnlLKyhLX8HLVVT2ijmbhjWtPO3K+urgLBe4WwXGiiczu0s3H2WNv/AMEembpmptFQ6nLt/XB+yQ4HV0/kl/WfM01sqKch8EjmkcEHlHguN1pHeI95eOCM5Xpt9+EHVtpjfNT03zcA4LN8BYKutdwonujraKSPBwchKcDpR1dUxsHUjnOxOzDT7KW2ssdyBhcWaj6hU09NE0eUaSfVRzbyd2AZ+6DYOcU/x4NAbBaJuHxj7KBU9EOkeTBK0NO4KrPCqIzuXD0wSpcN3uEDBGKg4HGShcSf6kOVIiVvRdfTxmSItkI7DlU81qr6duuWncB9lt4Op5WxgSx6iO/qp9Nf7bVaW1ELQe+QELrYS1V1f5I8vc1zfqaR9wuZHdesPp+nbh/KfTxjHfACh1HQNmqBmLIz7ofik+UMWvj/AFpo8wI7grpfLnLZSCvQKj4ZF7c0suk9u6qqr4c3uDJYWP8ATlC4MfDVUT6ZmGT3FhzE/XhSRd6uLBmoo3H1xyjy2S/0ZwaF+3OAoswqozieAtI9Qh2tcjt9UlnJJjulnm89RQlrz9XlTflrBVP1Q1phJ7HZQTICDlgGfUIPgQSHLwEDnJdh7N3TLttplA1UN5d/91TGw9T05yJzO0f4sqqEEbdo3OafZyMK250gayOukDRxurU8kW6P9y2F2vtMP51O77grg6okB0ztkafsocd/uUQxI4TNPIeEn3eCf/tNCCPRqLK9lbp56LJnUcD9hIco4vAcAcjfjdUZHT8/1w1Mbz/TwhmlonE+DUPaD68oZJeg1NmljuLThxa3HuEpq+jONUTc9/Ks0KOvi2hqw5nI3TH1lfTHRJEXEd+yAm+zPDNH8zbZWlskbQOcgYUd7bU45jqSB6KgbdHZ/mwOH5Ikd0tv/EglBPshby+hituLoR0Gd5119NbRj+aDlVrK+zyDGuSP7tRBLZ3gBlb+uVW1MfC+z2yeKS28+K1M+StjtjOAPVAZFbn7itZ/5khSUBOPnG/qg+NI1V3zXskG02hwyK9wz7pgsNrJ8tyefzSZbqDH/bG/qni3UP8A8mN/VC4pdGyF8vbEOn6PH8u4EfcpzenYe10g/Mpwt1Gf/jR/5l1tttgP97+6Fx4Ntc1P2N/2dZ2uUDvsVz/Z7J/7bGpAo7e0YbP+6f8AL0/adLlWaq5KLxkjCwOP/wAZGujp9wOfnI1IMFP3mH6pCGAcTAfmkuBqjagYsL8Y+bj/ACS/2fPPz37p+w4mA/NIkf8Afj9UEo4NCuwMFjewjFUD+ac21MBw+cD1TNyfrP6prnuG3iY/NKlDIa1CRMFvgxn5lOFHRNOfFBKrzIAD/NH6oXixg+eZo/NRVoatXFLktXNoo+7Sl83RRDGWfkFTSVFCP7yvhH/iQf4lYYt3XCLP/MhlBIr+ZH00jQMuFE3/AIbT+SGblTZJEZ/VUT+orHGMNqGu+xTG9W2oZ0tzj2Q7SfzYx7kaFte1w/kxlOFVcXbeGMdlkpurw9+mkpy30KHJfbpM3HiYCDaH/PqSNXLPU5zLIG/mgT18MDNT6xj/APCw5Kx0lXV1B/mTu/VNZ5d8nKFxbBfkP+Q08nUEBGljHgqBJd5n5AY8Z7qoEu+QiicgboPjbBlrbH2THTTSnMkhTQ0clR/FcfwH9FzJI3JQ/Hgr+U2uSTrbxsnNmDfsoTQ5xzkogDgB5iq+NEWol6JorIc4JOfsnNqgBs1Q9LfRPyPVF8Ra1c1wHfWzjAbhCfPUyjSNwmyHGNl1pefpaVapJK+cvZwmQ/UcpukA5wnObO4+SLOfRM+WrHfW3ZRU/oU7n7HamgcBMfLsfKnCilbu/v7p4p+3Cv4ZNcIXK3JBfLLnLTgJFz3jSSN1PFOzkgFLw6Rgy4YKuNEvaFO1lb4DzvjOU5lMSd9lKfO0HTDg/kk3XjLm4yidLRalkYKVoGf9VwRgdkQZB3RGtzwMlX8eEGv7A2huDsuFzW+6ki3zyOGW4Cs6e1QtALtygcB8K5yKiON8hGlqlR22olxkbH2Vy2lhZ9LAjMGBhVsNUK/2VkFrbGQZGqUyljZjA4UlzdW5KTle3A+MEgYAHCWAn5wua2dygwg1D9HWNJ4UmOIDc7ZUM1cMXfLkGSsmfsDshGRltLN8sEexeMqJNXY2hcohy8guO6JpAAwFC1ZljTNNISX7pY1bFPLAkRjuoE8yONjA4CdwFzVvwuncKAHPEAPCRlz2TDykoXnB0uJTSMjC6uA5UGRi5IQJ9UshI8JZDShbwMjEQa7PCc7A3ccIb6uNgwRv2XKaKpr36Wty31OyVN/oNLdwuwhka/ZjsqTS0AwJJeTuPZS6W1ClOuRo34yny4OwKSaI04/JAiGxjS1JkDnuyQjRUskjttwreit/GyM016dyfBApbe+R4GnTjfKtoaUQ4OFKigbEN2gJZzt6KHQroUUMTE9MJA5UGOSSGvBI2USqmbA3zFRq68iIObE7jYe5WenraqpPmkwD2UMV2pXUSyq7q7JELvuq11Q6UnUhhrty7cnlcJyp2c+y6UuxE5XMZSzlOGOyvoy2TOY91xxDRkpspGxyok842CrIh2YCOl3KjSTvH0nZMyXnOeEhtvzlHGORFk8iIc52XBOAGNwu5aNylkHO6NxwZ5SY7I9U1xCETjlyi1dcyAZP6ZRr7ULlakSqiobGMEhUtVWGVxaDndAkqZqiUu1bHhPjhPJCkXlmWdu4TWF53CmRxY3ITI2gdkbxQBwmoXk5rEY2QJZidsJskgcdihOkyDtwqAnYIuJ5KaSD3Qnk5xlcyfVBJ4A+TnAQDC4/hMSS28lnMb5R2DYFNwM57pE4QxjhkCEj6UMt35TBqwV0keqelwDKW0ceEI8JHhDJOeUM8+hcp8CPK4klkKsCXPAkNzmgchJzgGnfsob3DfdMSE2WhHyAZCA6YnIwhknPKQ5R4Rmdjk8I7kk5TwO6QHddUBckJJOSViXLkakkuEZGEQa5FkeoXUINP9SKoW1g9tiDQ/XIPI3n7oE8pnkLnb+mOAFyodj+Ww7clDaCBgr6BGG6e48TGWDvh+6JoCZg+icn/GEPSTklRTeBJJJKihJJJKEEknpKEBJJJJxBJp5Tkw7pEuiHSeyaeF13JUWrqBDEZHbYWWyW1ZGRjueCo6irdIFMx3mO5VCOd0SrmdUVD5XHOTsmMBJ2XIsnvmdWivZHBJpohI5oxyr5rWxQAAAeyr7ZTOLvEI8oU2seI4kyMcITY8ywQa6TV5RyhMaGR78lDJdI/UUqgkRhDPoZFYRHqXHVyhDhdJyclJZn2M6EkkkrCEkkkoQSewY5CYOUUDbhQg6Q4G3oo4JJOUSXkJo+k/kjCRyU/wCSC3YlOkOCkzlQpvBLoWapm5Gw3VjL9OAfyQaCIAeKfROkIcdtkyMtpnk9zBuwMqHMcuR5yQNioh5QyluCisBVwnAyuprtkI0BK8uBHGyhOGSpFRJgjblRfzWectw6HAaJoLhspD+AmQNwNxuugElQGT3cHU9MPZOkxpG6j6I0dwTwtf0rRZw5ze6zFLF4juMr0Dp2JrIgdPAWeyW09H4WjdNTLZxEbMDhQ3FzpAAVIqnnGOECFoe4ArKj2cOywpYjp1Y7Js0xZsApTB4NNkjcKvyZ52NA5KGUsGtPHCLe304p6Z0j/rk391PpsU9C6YbHJQfDMhhpm/UMBFvzmwxspYzs0b49UtmmK2oqoB4kz5XbknKtrYxrpS4jOAqykaWs1O5crqztwXlw2ISmb6FllnGcDjdQayTAccgYBU5xDGlxOwCpbg7+Q4h3KTKWDZKW1YKTS6eQnnJW36bpvCgjJHKyNvi8SUMHdbmlZ4FNE0jfCz2jtJHLyTtQ8fjZgVZXymWuDWH0Uwv0QOmPOCoFExz5HTv3JO2fRIN8ngs2vEcQGnSAFlblOXVJA3GVorhJppHYzlZEyanFztyiMWos4C0zi+rDMfSonWU4+WZSDdz3YCsLUzM5lIVJfyam6thb+F2UMujBOWa9v7ND0/Rvt9na948zgriieG0xkdkbE7KMX6aCCLHmcAFJP8tjYWjkLn2vk7ekr21pFlamgU7n6MOeckqJ1POKe1Syd8EK4pomxUjBjCyfXNW2Kj+UJwZDgJOTRdxWzExv31gbu3Wv6Zp4xTmbHmyVkmRkaQtvaG/L0DSB9RSbn9u0yaCG+3LLm3Rtkqmhwzjdain3eABtjZUNji1h1Q5uOzVoaVocBlca3g9ZQ9hA6tq30dlk8JwBkBbn0UH4f0rRQfMP3c45yovXVQXsgt7NzK/GFpLJSMobdDA1oB0jKXFeypNysyLqOrfDbnOj2LvKSsMCXkE7krQ9UVTnBlPwMkn3VFSt1VLQmAzluNHAzwLcNI0lwUuMintxkbsdOSfdMlLXRQwAYA5Ue/VJpbXlgw3jCiIZqaSSurdjk6tlqbbC5rWgrK2Nj6mr1NHfK29NEGAbLPZ0NreCbCdJBCsIpctA2Krs6W5Sp6ppy30WGayzdXP9lvE7Vuo8o1TuXaWQODiCutAzkhKNDjgpLu+MEsHYZP3V50BQvLJK97AA46GZVFXQ+LO5v9RAXoVkoW0dDFC1uMNCC+zEdoBZs2G/ZU10qi6oMbcEKyrpfAp3P9FQURdVVrSR3XPl0Q1NojEVMMNwSrJj8Z2UeJmlgAGNkYDCySfJaCY39138SXbKQ5WebyUSRwurg4XVCDkkkkAYkkklCCSSSUINSSSRgDEkkjuoQdkeqRc0bkoDgcg5QLg/w6Rz2nDz5Wn3PZQaQGTGrr56rTiNjTG37qREzdAhjEMDI8bnzO9ypUTckFHAL2HHC6kNkkRYkklw8KEESMHdRiTlPJOeUM6cYdwdlAZGc6+lfJaIbPBq8W6VMdM0jsCRn9lc08TIo2sYwNa0YAA2AWeuU7rj1rS0cIHy1BSGd/s9wwz91p2N4TovAEeXyVdQBJcmM9sqybFpGOFBMJ/izjj8IVjjCkpZLR1JJJQoXKq4nGou5PaFmn81Zlwb5nHYKqs4MslXWY8ssxDfsNv9FA0WjjvuuJe66TlMwkif4EOCujhcHBXRwpAjHP3Cxd5kbUdRtjIyImABbRzw0Fx4CwVPmrvlXUAbNeWrRBlotqh3g07pBtgbKLbGAweJjdzi4n1SvMpjoi73wiUjfCpGNI3xkrXWskJGASCDush1/WsZTilPLjstSHkELzrrWr+YuYhx/djB9MrteNq3Wo5flLdlRQsDQ0ABBuExhpHn1ClxtOnhUvVMz4qLSzknG69/oa8ySPn3k7NlDkZtshD3PPJytd0RG175p3N307eyxLH+UHC9E6OhDLcZdOC84XV1EtlbR5fxMXZqUzSwAE7qXA0AEZUKIkcKQHHfC4c3nB9Jo4FpHzOxUC+P0UxHsVOZtI5x7hU1+kBjA9MooCrehtrY0QasYJKmNGCN+EGiIZStOOQnag1pcTsttMdxwPIWfHWebfEe6TPrHxudsxuy8zt79bpsD8ZWq6/uLKitndEThvlWatrGthBA3duSva+Or+OCZ+ePqPVy1Grm2+mbTpGJmh7yMkcFaSYhkZLvRV3TsEcdExzW4LuSp1y/umAHG67tfWTw90t1hT1nnboznKtK13gW2nph9UgDQqhzXy1McLBu5wCtLhl9XTw/93hSYSL20xOhgYHDfAWX+KleaeySgH6jgha+lI1MAXmXxor2R03gk+Z5wBlYtRLbBs0aWO+6Mf7nksB1HPrupAaDyFGpth+Slt2OFxpyyeyqjh4QPScHZRZhgqx0gMOyr6gO1cLPNmlx4APA5QGnDshHfwo/BSfYiUUWVI7XgEqccFuFUU8gbgZVpTyahwnww0ZZrawMrCoj8g5I7qylbkcKFK3PCqcS4SyOpZtTtHBG6lO4VbEAyXUrAEacg7lZ2ju6W7MdrIlS3DhgKK5T6gDGVCI3SGMsWegkJ84PGFas20yN9eVUMGM7q3pSHUeMZJSJLHBt0TamkfQ3RdQajplmSCQwH9lYuJJaQcrNfC6oNRZnRE/8LC0cgdDGXEZ04CXJH1nxs99EZFs4aoQf8IKi1rC+he7HIKksfrpOOWhCBDqYxYS0sHYlHfHaeZVMgir2/wDN/qtRFIJWRyN4ICznUEDYLg4MGBkq9tB8SkbtwE5I8/VL/WlD9Epuk1g9CFyoaPFd6YXHAtqmIs40vOU1NRHSeSqqoSdwvNOuKRvne5vmByCvWJYsjOM7Lz3rSkMjZSG8LbS0eV87R8lEjzOD6xlTX7aSAobRh+PQqa3BaF0YSyj5DfHa8Fv008trAOwwvWKZviRNx6BeRWSTRWt9yvWrU8uiyR+ELfQzz3kliaZX1jfAukTh6rUM8zAR3Cz/AFBTuY6KoHBV9b5BJSRnG+AnHLt5imPLfUIRYD7KSW+yGQc8KxKZBniBbjGdllrnAWgHT+IrYysyFTXOBpaMNxukzjk0Uz2syhbjYhRp2b8KxqWaX7DCiVMecYWaaOpXLPJXyxagds7Ktlh3II5Kty0Nyq6pZ5uFnnHJqrlyVUwLZdI2VnQTEMxnZQamPJyOcI1vfiHcbqorJr+Rx6Linqjnsn1GHecDlQMlpBzwpcUoeNJ2QXVpnU0Ou6hMfQ3GWgqRJG4gfib6hbOiucFSxkkbs55HcFYien4c08LlLcpKCZrm8dx6hc26jPKPceL8zKlqtvhnolwgqKCaKsjflkgHHZXzPCulE15GTpwVCttTDebIGuwSGgg+iFbpJKGTwdWW52XPlFpn0Km3mPuLKjqChdSQukxkNOQfZZatphpE7G4DucL1O40DLjRP0gZwsEYNFQaJ7cHcboHwYfJab7sxM5FMaeQPxxytDSVUFTA18TtzyFT3GjEEjgG7DOVFtlWyjqjrzpJUOdVKVU0jc26rJd4MjhjsVYyNBGyzUT8ubLG7IO4IV9STiVuHKZwd6i7KOOHqolZDqjcQOFYOjzvhBkZ5CCkzWRs1lFBp0ndSYXeXSd8pVVOQ7UBthAifgjOypcoxvhnaqnJ3AUCZhb2V6GNe3BGVCqKU+nKYKsgRLfWSQS+Gfpdtgqt6rscM7DVwMw7k47qdNCYzkBOFQXMEchyAmpHN1dXyQ2s85Y6aim1DIIK2NoucFbE3fDwMEEqB1BboS8ywswTuQqigqHUVQJWg44IRnDql/Hm4s3cWA4KYxwxwqajro5wDxn3VlG7bCM62ntUiWhPaMbhOb2T5QBsEZr7RXTQ5yWjhZ27UpDjMBwtW5oIPuqq5QF0Ra1oymrswauvesIyWSO6cuzx+FJpISxkpieTzsvtk4jNbvVGDyChpnKFrKFxs2Mt6NombnOdk99LodkBV9tqDT1ADjljtitCwB3bKU0drRzhbHKITGkdlKYwYyQuiLPZE05OOEo6lUAtBVyUcwfEdjyFr6cCrgEvGVjHQ5wQFbWO4zQSinkflp4yhUjdTJrgvDC5pxhCmp/FbzwrDQJAHcpjWhh3VpZNu3JVNp3Ruz2CkMdkYwpL4mu4CjmJzXbBC0TYELW+iGWYGcIrT5UTSg2gOvK5MtdLS+GQ11DkOG7mhWNjvTKhop6g4kG26sn04k47rM3GgntlX8ywZYTnZQFJwZrwM8Jr2atio1oucFZE1pdhwGCp72jlGPjKNiwiouFG+NniwjPqFVA6shxWnec7EKnuFs8Rxlg8p5woJtqwslRLA1/Iz7qjuFJLE8gjI5BV24PY4tdkEcpsrGyMLXjIUORfDcZGWLUeMlNp5p6SZs0Dy0t9O6t6u36SXM37qqe0aiAOFZy7Y/G8npXSvVcVwibS1bw2ZuwJPK1RZgZ9V4ax743B8bi1w4IOCt/0r1pBNGy33WYMlb5WPPf7qZOp47yOX8dhr3RkoJbtypoaHDUDkHumOhJHCI9HCSl0V7xnIKiTQD0VlLER2QC3OyhU4JopKmk3GyrKiAxv1Rkg87Faean1AYH7qsqqQ54TE8HOuoJdhvxLW0la7cbNcVLvViprlA57WjWRsVl5oC05aMH2V3Yr85hFHWu24a8p0LMnOuojNYkjzq7WirtFUXBh0gqbarq14DJD+q9Ku1mprnA7LQS4bFeX3myVFoqXPa06c9lsizz+t0ex5gjQGNs0epiz94tD5o/EiGHsOdu6ParsRhj3e26vsMnaHMxlaYSwca2jfwZCy9QVFpmbHNnGcEFekW24wXOFr2PG4WAvljk88+MhxzkchRLHe6qz1IjlcSzOFurswc+SdM9p6pLQOc3VHgFVtXTFu0kf7KfZrrDcoA6N4O2/srCSFkjSHtBHuFpUsoNNNZM9TlrQGDGD2VddenRKfm6I6Hncgbbq1rLbNBIXw5LeQu0lRqHhyHBHqmiZpTWGuTPW++uhPytcC17Dp1LQRyCRgdsQQoN06dhrCZo8B59FSUtdW2ef5SryWg4aT6KGZfJCTjMtq61CZxmiw09891AkpAG6HN9ir+CohqYQ+M5yNwgVVICNTSl9hqCfJirlaGxfzoRnPZVZjBGkjdbt9KwjDmAqlrrE4kzQOaCfwlBKtSM19G374mUlptR1AcIIJi3wrR7DGSx7TlRp6bPAws1tOPxMq47GRTh2xARcNeMNUF8bmu2BH5o8RIPGfzSk/TKkjstIAcgKDUQObuArQTcAtyhzRteAQqcF2SM2mVA1DIwuse8btKlyU++QzZBMR9MJEqfaH788MNR108bhqfkd1bNninaMO3VEGkIkEpifkK4ycOGBOP6LY02tcLnR49lyCtaW+ZEOmTcJqalyBucBolikIEux7IVRbnuPjUzsd9JTnRHOWj805lVPERrAc0dkE45ZohfF9lfnPklZgjkLj6cxATUhI9W+qs5W0lwblrhHL7qvqWVVFjUMt9R3Q4GK0PT18UjRHKCx3uFKJ1b9lVjw6mPOfN6+idDNUUzvNl7FGbK7W+yZJG14w4ZUKotzZD4kDvDf6t2yrBkjJW62HIXQzPdLcmuUaGlYsFfDd623nwqyHxoz3xlGdFbbqA+klEUvdp23RnRg7EA/cKBJaGyPMtO8wyc7d0UNTJP7jLfo0+YdhmPudtOHAvjHflWVF1BG14LJTFJ6gqlddLtbcRztEsfqRlS4W2S7MBY75eox34JW6rVRl0crUaVYxZE9O6a+Jd9tAYw1XzELfwPOdvZesdO/Eqx3uNsNQRDKRuHcZ9l8q5uNrdkZfH6g5Ctbf1C0kZcY3+uVuruz2cLVeIjZzBH1wWwyt8SCRsjSMgtKh1MGs4I/1Xg/TnxJudpkaz5oyx+hOV6fZviZZLmxjayVsMh/RO3JnDv0NunlwiReekYK+Nz4GMjk+3KwVZ03V26q8USPpZmnySx7Feux1MdRGJIiHMcMgj0UWpp4KlpZPC149CMosCo32R+2RlOmfjF1v0g5tPef/AHtbRscHDwF610p8W+jerWtjp68U9U7YU8n1Z9Mry64dLyFxfbWgnnQ47fksrW2O1zzeBdYn0NUDu7GlpP8AzKipU03ctYf9j6uIyMj0yoFVbaKuY6GupWSsPIcMrwGydVfEfokNNnrzdrc3iGV2S0egO69E6e+OXT1ydHRdRU8lnuB2cyZuGk+xRMxT0dlfMXlF0/op9FI6o6drpaZ+c+G52WH8l1l4v9vf4F3oTK1v/EjC1NLVUtXC2oo52SscMhzTkFOcwP2dv9xlSGcmObaeGioo73RVeAJA13drtiFYh+RnGxUKv6dttU7xfDMcn9TNkBtLc6PZknjRN4B3OE0FPBbAg8FJQYKtriGvDmn0KmNkDuAllhUkzI9UlCsD06MkO2TUk0EJJl4BP6KHW2a31I1GERyH8bBgqVkIhOcEIgzNVXTU7W66SqLnDs4qrlmrKNwZVQv224W41DuhTMjkxljT9xlTBNxlIrlCWjzb+6mQ1MUoBa4bqRW9MUdUTLEDHJ/hOAqersVwos6CXtHoq6CLUbbgp7Xnv2WeZXVUX8t5cMeqmU92BIbIRn1ULLkTEDAC66Rr+WhQW10Dvxoge0jId+6qWMEwwz6Olm3LQ0qOI5qd2YZdI/VPEp7JF+eUppF5CRXKrhGl2HtIxhRaqGz3VohutsiljGdtIBHuCjjT3CG+MO2zhVtQ2FkodMyF8+DXSl2GaKYwSP3B5/ZYe8fBK7UQcKGaOTSvZDEWEOBTtUuMNf8Aqg2odDXXVvhnzJc+guqKFjpKi3P0s5IGRhUUtvfE3NRCQV9ayN8QFkkeoH1CpLj0rZq46pqOMk99IUVWTdV5Sa/NHy5JEAcBqG2LJBC+grv8PLTNvT0jRn0bhZa6fDWAwnwIyxw4IUdRvh5SqXDPK/EMY5J/NSYL7XQgMbISBxkrVz/DmoABLyq2o6FrY9o3A/dL+M0x1NFn5Eel6oqWbSyEfmreHq5ugB/mVFP0jeo9xC135qCbPdYTh1Ln7FXsxyU46efTNm2/W+YB0kQJPO6ktp7BXsDpI4vzAXnbhNCS2SN7XDtgrsdzqYxo1vACVKGWBGpN/Yzey9L9M1LSC2nB9OFWVPw5tEx/kNbg+izkd4GfNUkH7qwgvZwAKx36q1RB9oLF9X4zFWfCyR41UUml3qqmo+GnUMI1N0ux3Wohu9wwDFUOx91Mi6iuLPqeXKnpa10HDWamHvJ5tV9HdUU5/uQ4D0BVbPbbpSDVVUTmgdwF7AOpatvLW/m0Fcdfo5hiopY3f+AJUtKn0Oj5GxfmjxgyuH1MP6J5rImAB4x+S9XlNlmz4luiGefIFVVvT/TFUNTI3td3DUp6eXpjo+Qi/wAkefx3KnYcB/6rrrhSnGZcrWT9FWd5zGXj7lVtV0PTaCYHZI9SlOqcezTDVVS9lMaqilA1O4TgbZLgd0d/R9Q3j09VEf0vXx7sOP1VbB6trf8AUGFBRSbscDlBktUY2jAz6oZst0Z+LH2K58hdIcEOJP3KmyPtB7k/wkI2yVoOkBBfRVDASRspAju7OYzj7peJcWb6CVThAkbWnhshGKbOSHDHuml8jdiXfqphrJf+PFuuieHl8WVapg+maFa+yE6omA8shGfdC8SfOfm5d/8AErP/AN1vz4jcfmk2CyP/AOIQfuhlpt3TL/kPPKKvx6po2qpM/wDMmCpuDs/788fmrN9toHO8tVt2B7JOs0D2/wAuoGUt6Sf7Q3+S2sJ4Ksz3A/8Axz/1S8a4f/Jzv1Vh/AJju2oaunp+c/8AGH7oP4s2T+S1/UVfj3D/AOTn/quGa4f/ACc/9VZf7PVH/fYS/wBnan/vf80L00l6DWsk/wCorvGuB2+ed+qaRXu5uL8H3Vn/ALOVR2E3P3Xf9l6ojJqP2Qy0s36L/mSX9RUEVGfNUvJ9dZCQbI44kndp93q1/wBmJv8A5JC7/s0wf39UEP8AEmRa1+2VwpbeRqkmJPucrggtIPIKnNs1EHYL/wA102u1jmYfogemn7Qz+dF9ohA2poA0BcbUW9h/lNGVNFLa2HOdX5J7ZLazZtEXf/a1FpmMjrF6IrKiIA6GD9EVrpn7MZlSg4SYENuP/lXfkLk8jFE5gPfCr+Mx3/EYw7AiB+MvAakBCw/zXbKa2y1zhuCPYow6efgOkmH2wrWjBflox/Er3OpiB4QyVwP/AKW4wrmK0wsABaDhSmUFOOIt0X8IFeYXsogKo+UY39k9tFVOGS3AKvmW/TjUzARxTsAw7hRaKL7J/wAXl6ZRQUTnHdqP/DXHsQrYSUEHB3QZrpSMGGDdT+FBdDF5X+5CZaiSCQceiki1UsYBeos12n/4fBUUur6x2GvOCg/hoOPkZT6ZaPjtsYwQCfuo81TQs2jZ+hQorVKfNPv+ae40FG3XIRkHAHOSq/jpD1qpP8mNjqHZIhbz6p/h1sm+Q0IUty1bQU/7IBkuE5w4aWqo0pDlqeCU8tH99KMhRZamMbRuynmke/HiOznlFioYmjIYMqOGOg1c2yHrc7fC4YnOOcKf8tk4DBhHZb3OIw3ZDtxyPw5lV4WCABupcVDLKGlowreOhiiAJaM+4RRGB9I/ZKngdCBVxWsDBmGVLhggY4aYxlSJHYwheIwbZCRJo2VwwPdgAY2TmY23USSoG2F1sk5xoZn3S3LLNSTLAOxyVx0rWjI3UT/eH7EJ3hOxklC2Ph/cc6oxnZC+Ycc42XSN907Q3+kKgmhniPPJyunJ7ruB6pawqSC6WBmgE7gLvhtxuOF3UPRcB3VBHMFdGpOGMJEtChTeBugpafdcL8dkx0gIULUshCRzndCMhPZMLsHJXPEadlAsj86iugYXBC4785RxCQB4g2S20hkIZGfUNksEbYSfUUsIOk5KHG2qr3BkWw+yDO4djb6Hh8TdnPwUzw5qg/ymEhXNq6Vmmf4tRvj1C1FHaaWijAawE+4VSlg2U6SVkcy4MpbempKhrZqjA9iFoKa309G0FgGQFOmngp2+cgDsBsqmrqRV+SAnZD2bq9MqoYigNfWsL/DjbnO2Qo9JSVE78vbpHIVtabFJNIJZm8jIB7BaGK3U0P4ckbIexkaJSeWVFHa9EYc/BU2KJsYOylSFjdmNwFH9SojRCGzgFIdbsAIThpG6ZU10dOD4jsHCz1wvL5hpjfkAqmLtvjBclnX3KKnYd8ngBZ+pudTPtqwPTKiTSyTO1OycJqhy7dRKT+047W45ccpNac8J/lTXFuNjup2ZZTwP8ulRcEp553JQ3StYPVTozzswdxg74QnzBo3OUCSqzkb8KKZXO7lX2Zp25Jbpy44woz86uV1gzuU4nCYoZQiU8nME4yMJ54SyEJzgQi6Ezmcc7SfqTXSHTzlRKioYx2C/GFWVVyB8sUn3U7ET1EY9kqsr3NBaCMkKuYZp35kdkdl1kUk7g4nKnw0+kAYVtbuDK7N4KKnGxIwpLYx9kQRaRygS1AaOE2KwC3gJlrATqUaWXIw1DklLs4OFH39VJSwA5+h7pCScLuCkXDBTEEpYBxnkISMHccIIG+UgTlEAGNwpjIDEOEkklBgkks74SP0lQp8BDpwdx+qjknKRJzyuIxEpZEmJ6EXgIAZ2bRxQJJNA5BQ5qknYBAeSd0WDLbbk7JO7OAOUE6iu4JPCeMYGyNIyttsHgpDlGw3GAhYOcqworK5HjhdXBwuqAN8jk1OTVbeQUsiQxj1T8jOEMjCsbF4CrmR6pHhBOrJ3KgfDR7Sn4wmIjV9HisHghxweySSSalgMSSSSogkkklCBUkkkBBJJJKEBJJLun3RN4IdPCEioSRIgsLPdQVpb/u7Rue6vKqoFPEZT2WNrak1VS6QnbOy5est2rYjbpqtz3EZSKSMSOwUIbqyttNmQSY2HKwVxbeTdZ9sS1pG+FE1hbuFW19Q90pa7jsFayyNjZkjGAqJxM87jzutWcIzV5m8j4QHbqNVSFzy0HYKS5wibhQHu1OJSbHk0Rjk4kkkkFiSSSUCEkkkoQczlEfgNTWrjiPVQg1/1FEQk95w1GEyNUjBGCi0jTqAKE7d4yptHH/NbtsjhyLmydENEePZCcc5RJdsBRzwiYqK5BzKMBuUWY5Oya0JT7G/2HpknCMo1U7AAVPoNdkKc5cuM+oJO3KUOzgszNCXBLa0Bq40jGSEnuJw0DldcNEbW4RAJAm5LsgcJ0ZdI4BdJDQCRynQjWR7qmFFZeC6stOXzgacgrfUkLaeBoAwcLMdN0mPDe9oWrOMbFZZvLPb+L03x1qWMEeeQkhHt0JlmyRs3dRXnfhXFpi0xl5H1BZ5S2neoWWduD9ETWN2zyu2OFr6nU9uQOFHrS6WfTyBsArSigNHR6nYLiEiZrhDM/wDBIaHfPGUfQwZVVc6mSqqtLDnLlamoip6PxJOTn7lU1KRLVl/CodLlkxwIDWjsFobdDpgDuCVRxM8eUMwtFFGY4GxkYIGeUmbwdLSRecsU+BC/ccLP3CT+SW53VtVOIGj1VBWuJmc3OyS5bjTYs8Enp2EyVOXDbZbeQNGlrT2WZ6fpSHRnHPKv2FxrAw7hqRYaqH8awK4v8KjcAdynW2PEWXdt1Cr8S3JsJJI5x2VrHGGtAGw9FUTSnkrL5MfBEbNtRWeczDSONlYXepc6qLc7DYBVs8mCGjkqM5uolmZYWvEdNrPKoKbFZfw8BxaHYyBlXRkbTW7W7sCq3pZpFzB/qdlDJfa2ZHl2RiaWo8lXHTgbDGFOhaZK2OMDIZuoc+JbmNvpVjaMGsLjvjuuTc8s9FT0XbsgNaBgBeedeziS4xQNAcQMr0KWUNBwOy8s6nqDJeH53w1Kg8smrlisBSx65o4zvutoxh0NaOMABZXp1rZqrJbnTuFt6eMOeBjCRqbNssBeNhhKRe2yL/dmjI+ytoRpAVbb4i1rQrNxENM6Yj6AuTZLLPS1r7cmEubjcOro4fwx9s7L0FoEcfsAsL0tEy436rrXjJ1nStpXSeBTPf7FFGORa5juZjb1O+WueHOyG7BNtMXiVG3ZQXvdPM55J8zir3p+n1SueeMJuz9iW8ssmAuqIx2VN1fVEmOkYcNHmOCr+nA8XX2GVjL7UNqbg7BJDfKqmsINLJadKxRxQGbTlznLVQNyNZVHaYGx0segY2yVo4mtbEAB2WS01VLAGd50nA7KtZV6XOBx3VhO5rQSeFnpX4mIB7rJJZNOUsGntNW58G4GVZMfntyqK1+UDJ2V01h8PUB2WaS2tM1Qe5cjLXRfOXcam5ZGdRHqt9TAFuAMYWf6dojFAZXt88hySr6YimptXcDJWG+eZllFf68vmFPG7yt5+6ndK0LnB1XI3y8DKz4bJX1ojbu6R2FvqKBtNTMhYMaRg/dIslhCyQAPRExhMT1ik8sJBV0cri6OUsEIOF1cHC6oQSSSShBySakqwXkSSSSsoYkkkoQSYnoROVA4xyO5VVWh0tayF28Uf8wj37KyfPHG0uceAquLU5z5XHOo7fZQILnO/qpMQA2CjKTGEZaCJJJIghiSS444ChDhwByo73Z/JOeTlQL3XNtlqqq55AEELpMn2CKPYEnwZ/pR7bjcLtfA3LJaowRv/qbHt/nlath7rM9BU01B0lbqedmmR0XjPH+J5yVpI374wmPoXHsYxgdVSSY4ACOgUpJEjiOXlHQDAKSSSMgG6TfL26ebONLSUOxx+FbY4yMEtMh+5US/uMlLHRDf5iURuH+HurKJpY0NHAGESQXQYLnGyamggOAUl+iLke5PAyCFxu6YmQiQj3GoMNFM/O4aSP0WQsRHgPkLcue8kkrQdTzeFbXN7v8AKFS2VgZSBpaNytECxtzcZKilpyfLI/LgrB38vYcdlXSEVF7axo2hjypk51OG62VdgSlgdK8Njc7IAAO68or5HzXGaSR2fOf816LfZzT2uUgkE9152xg1EkZPqvT+JpzJSPP+Uu3fYJoBAyOFjurJ3PnZFnDQc4WzeMNJz2XnF5qHzXF4cfpJA3XutHFJ5Pnnn7/jr+MjtB1AL0/puPwrVE3jVuvNIgXFoA3JXqduhMFLTxnljRn9E/VSzHBk+nq91m79FnCMFFeQBlMg239UnksaXc7rkSie9jwjsIyVSXceNUCIH3Vyx2yoajL7mMdvdFWssyX2YJ0QAjbgYAGFGu8xhts8wGzWnJ/JTTjTgDgLJdbXCSmtT2MdjVkn32XY0Fe6aR5Lz2oVWnc/0ePXuqNZWOYDkFxLkehgL3xxxjkgYVU1zpZ9XdxJK0thAExy0HTwvZaSG1YPzl5S12TlP9s21E0QwxxNbjA3Q7i9xkDc7AKRStAYO+3dQbjKHS4HYYXVjwjz75llAqNhfcGuHZSRqqrqS3GGqPb/AOXM6Zw5Ck2VuqaaQnOTz+aVMNGho8h2c8BeJfGysMl7pocb6NX5ZXt1KNLHSHtlfOfxMuD6/qyQv/4bdI/VcvXT2V/5Z0vFQ36jP6RTRqXH9KhxDCmREY+65cllHq9PJOeGFPBUKYAjOFNPBUR5yMYwlM2zXpEKQcqKeVPeDkqGQQd0tmWSwcY4tcD6K1o5QWgYVTgjfClUdQGuAIRRlgzXLJckBzT9lBmacEYU2Nwc1AqW5AwE1vJljLayAG4d6KZTnU0AlV8uztlIgeWpUjqaW37uQ88fdQXgaiFYF2pqiOZvwsth03LDGMycjCs6J38oMIVa0YKsaF42bjfdJny0atNPEz1P4SV88NTJTGTyb7FeoVgaaZ+F4r8PakwXfGcAtXszP5kLhn6glSPqPhLlKhIn28iajOk/S3BXA1dtLR8tIEbTjkoD00HlHmfWDfCr84/EVM6XnMkb2H8O6L1vAGl0j2Dc5aVVdOSvjnYWnZ5wQmxWTzE/9PWM004AnYU6oOXAgLlf/KkY/G3dPkGqATYVtZNs4AjhwxhY3qqjL2TDHPC2cP8AMGcKk6jpHOJeBs4LRRLByvJUKVTR4RUsdT1UkTxgtcVKhGtuU/qCCSnuUgkbjJ2TaI5HC69Lyj4f5CDrvlD9MNTSuiqGuacEFevdOTumo2vccnSF5AWFrvRepdGSGSjAJ/CFvrPO+QhmO4v77EH29p9DlH6eeJaMEnOApdVSiajexwyNGVUdMPcJjBq2OdvzWnBxM5rwaERNLc4QjGOFL0oToz2CgjLRCkjyDsqqvh8mCO6u3tKhVTNht3VPlBQnyZCugDH7hVtQ3A9VoblBlzgB3yFTVEZI44WSaydKiWSnn+pQ6obBTagYeok7S7GAktHRgytmjHomUhw8tHClPbkKPGPDkyeClt4NceiYTkLolMThtlcwUOYZIcgsywE+eCxgf4w3xlBr6Utj8Vozj3UanqhE8agcBXelk8DSDkEZSZpNHb0ep+3bNnOleoqi11AikkPgu2LTuF6PFDHWQ+PC4OB3yCvIq2ldGdTRgey1/R3U7WNbRTOw9u2/BC5ttfJ9D+nPMLK09j/6m9ttXpaYpN8eUhVnUdoinjNXAzErd8tVnAGVTRLG0e5CktZsA8bdwsU4n0FwV0eTzuogbUM8Yty4DDh7rO19txmaD8wtxcqB1HXyNA/lSeYeiqa6iEY8Rg2OxCE4l+lcZYRQWatlbJ8u7cehWqoanQ7A3WVraN8EongBHcgKytVY2Yg5wQNwlzBpsdfDNfHMZG8LjmZ9lHo6gAaSFNaA8bKn1ydmtKcMkCopxIwgDcqjla6N24xpK00keeyrK2lDhxg5yhf29CrKiJBKSBlSXaZGjbGFXkGFw2UmKXI45VxYhr9nJaZsuQByqaaKRkjgRjBIWgagVcLJoyMDJ7p0XgyX1OUcIzlVG2Zpa7k7LNVlDLTyHbY+i109GYTjOVW1EQf5XDITs5OFqdMtjcint9VJFJ4ZPHC1luqDK0ZOVjKiJ1PUHHGchXFmuga9rHEHO2FFL0ZNNbtkomvbwikau6jRODhlFa72TTuxfBwt2KhSRaiQRlWZaCMKM+MeiPoGxKRjb9QSQPErRlpONlWMfjOy2tfAaiAxtAzg4ysVK18Ez43DcHBRQf7PN6/T/HPMR7uEE8ou7m5whHkp23KORY3Dlj9e4GFeWyv1lkL8ZxjKz73Y4RaKo8CYPJ4QOOR2k1fwSyjaiFo9P1THMAOQE2jlFRE2QHlTPBIwcJE4YPZ6ae+CkBY3OxCT43RYlbtgqSIuMDBCeYtbSCFmecm2Ky8ltY7iJW+DKckjZWksRADljo3SUsrXt2wcrWW+t+ahHmBICNT4NlU/2da3JwumLPIwnyxljxIzb1R26C3jdQ1JJkDw9LuOU8DKkOjycoYBaeFRU4Ag0hDko2VMZikGQe6sGMbIAdK4IMbZwqayL+NMxdXRVFmqfFiJ0Zzsr+13SOujDS4B4U+roI6iIxStyCP0WUq6OotFT4jCdGdiqFY+N5fRq3RY3QtDc79kO2V3zlO0l2SEeRvCI0ZhJZXJT3ega8eNE3zdwqHU8eVzSFsJgdsDKpq+3FwdI0YJ3UMGo0+fugUjmtdkEKrr7fzPA37hWcsbo3ZI5SLQQoci+pSWGjNHbY7IYbghwOCOCrSvoA5+uNuD3VYQWuLT2UOPZB1s3HS/WzqYMork1z2bNDhyvQWVFPUNDoHagQvCDqx5XYPYrSdMdZVNqcyjqSHwk7OPIKs6/jPJ7H8dh6hJGD2UV8eDnT+6k0FXBcYBPA4EEZKdNBuCAiPVqUJr7WQXxnuodRTh44wrZ0eQBhR3w4xtlGBOGTOVNIc/T+6gSwgDOOPdaiem1D6eyrJ6IngYUg8cmG3T7h1pvksIFPUZc0bAqdc6Klu0Ja5gBI2Ko3QGM5wpduuRiIgnPl/C70WmFv7OddRlbTFXeyT2yZ0jBlueydbbk4ERvdgr0OopaerjLXsY8H1WHudk0Tu8LYjstcZ5PPavx7r++BZNe2aLTIA4ELP3ewF5L4MYO49kWiqJqZ+DIXN9D2Vl8w2UDIWmuzJw7qPk9GXsl7rbDWhkhIbncdiF6raLvTXSnbJG8ZxuF5zebKZmOniGSOR3UCzXyrsk43cWg7hao3YZgVU6H934nscg29lQ3Cika4zw9jkhSLNfILrA17Xjcfop0jFtjNNBuCfKKijrNeI3nB90W5WenudMWvAD/wALu4TKqiaJPEj2zyEemnkjaGvOcJgqUM8MxlVHcunKhr3Avhzg4OxCvKG509zia+JwHqCdwritp6e4QGGeMEHvjhZC52Crs7xWW4lzQfM0dwoZMTof2rKL+SAYDhuCo74QNi1V9pv7Z3eDUAtJ7FXby14BA/NQ0wnGccooLpZ46uIuja1so4IGM/dZieB8TjHKC1wXoD4yN1CraGnqIz4kQc714KFxTM9un3y3GDNNr3IQ/D8N24V7WWyal8xaS1QJqISsxwVksrxyjBNOMsMh6MjyjKEx5JwQuSmsoHAjBYeO66JoZzqHkeeQeCVnk2heAvlcMEIZpgRkbJBpHdPExG2lXuJyiM+nAPCjStLcbKzw1/ZDmpBtpQOKkEp5K7W4EYKn09SQBkKPJTuB2Ca3Dd88IUtpckpIuIZWv5C7NE14yFWxVRYfspsNW04yplCXDDyDdCWnIH5pMqHYDHgPb6HdTfI8DYIUtGM62HGeyj5CVjRAq6AafmKPAcNy0d1Cjri06JWEeuQrQh0WNvyQKuCKqGQ3DvUd1SiaqrwbJGY1wvwfupEFYS4RzDSTwfVVwglpzgt2CJ47HAMkBHoR2QShuOlTfH2W/KYBhQBVSQkYdrapkc8crA8O55SZQwboTjPoe5kcjdMrA4HsVXVFlpXEvpHOhfzzsrLBKSqMnHlEnTGxYZUsqrjQHw6hhkj9RuFx8dPVOMtNJocdy07bq1e0OBB4VZV0/huBgi3WirUST+5mG/RxhHMTsFRLTODZ2kgdwriluEbgDFJgqkjmEo8CfYkbJOpqlh1U7dQ52PC6NepT6OJZUrOGj0Kw9b3qxvHg1Lnx/wBDjkfovRLL8TaCtDI6sCOQ8nsvAKa6SROEc2ffKtKeujkALX6SVqjqEzmanxtc+j6eobrR1TA6CVpyOxT6y3UdyjLKmCOVp/qG4Xzrbeo7tbJGugqXFo7ZK3th+Kro3NiuMTg3+oJ3ZxdRoZ1/ga+bpGupCaiyVzxp4p5TlhVJW1eB8l1NY3MZxrxqYPcdwtTaurbZcGB0VS0Z/wASu3fI10WirhjnjcN8gFFkwOVsPtsXBiLUbpYnCt6E6hbBjdsBB8MfYZ2W5tHxduNEI4urrK4A7GrpBrYT7jsqGr6At4e6r6fnfRzHfAOxKhaeoLc90V5t3zsI21sHb7d1MYAn8Vqwe3Wfqfp+/RNfbbpDMXDPoPt91ZFgG4OP8l88RQWuWoNZRTmimHDmHS9vstNa+tOp7UGxv/8AeUTfpwcPI90wyT02eYnrpjaTktB/JDfEGnLSR7dlmrR8Q7NWgQ1jnUs/BZIMbrRwVlPVtD6eVr2njByhlLAj45Q7GgPDkQZxvyi6RzhcAzsECkLaOJLuMLiNTKO5K6ZiRghDL8dlw8I+CBC8k5JS1e6jknPKWT6qskJYm+yRkzyAVFGcooIwrRAVTbaGpBLoQ1x7hUVd0tI7MlO/jstLkLviaOO6otPHJ53UUtZSOLZWSADugsuD4Tu8/wDmXozoqeb+9jDvyVTWdNWyok8QxAE+gTA42J9mWj6je0Brm598qZH1BARksO/ug3Ho6rjL5KVwezsBys7WdMXN25dJGljYbH7NYeoad3bCcL7TnhpXntXZL5SM1xyF/t3VeK29W9wkkhlwfbKg2MFLpnqn8ag7tJT23qEcNcvJndaVsfMJx9kal67Gr+a3PtwqWPYX8Sb6PUzexgAO290J95p8+cYXnzetaaTlmn81Lh6io52hxlbj7qZRX8WyK6Nn/EqNwxq2KjSS0Lz5H4J9VnW3Skk4kb+qXiwy48J4/VRNC/heS4lpoJQWlrSCoE9lp8ZBx+SAHvHEh/Vd8aq4M+R22U2odCLSIlVad+NlXS2enbsWAk87K98Wfu8FNL43DzxAn1AVSikHlozUliovxxNOf8Kiz9M2iUYNKz38oWp/luOPC/ZBlponjJYQhwhv8ia6ZjJ+hrHLuI2tz3AVZP8ADi3g6oap7c+63stvhcM6dwo4onHOOFTjkfXq7EYKXoGqYM0lym27alH/ANlOpac+WcyDtuvQX07xwENzaxu8O6HaOWsmn0efvt3UdKf5tGJG/dC1XJuddrnGO+OVvZjcSRlg2Uijhqnf3kLSPdTaX/MfuKPOPmpWHFRSSRj1wuCeEO2P7L1CW2QzD+ZRsP3AVdNYaRzgDQs/8oU2BQ1UX+XBgnVcQwNYyU5sgeNls5+mrU8APpgCfQKsqOkKA7wzzM/NU68jVfV+zOFm+5SMR/pyrd/SBaf5Vdn2c5Mf07XNHkl1AJXxoNXVv2VXhA/gCaaaM/8ADCny2W6xnaMO/NAdRXCIYfTHHsl/CGpp9Mi/J055YFz+GUjuWKSYHD6oZQf+XZIx4Hmy0e6nxYHK9pYK6axW55GWJknTNtkbsMKyDY871MY+5Xfl8DPzMRH/ADKfEifPP9mfn6Po3H+W3KgS9FRndrdK13lbt4g/VJz2Y+oH81fwxl2GtXdD8WYl3RdRnEbj+qEejroOJMY91tjIAdnD9U/xB6/uhenXoZ/PufZhD0xeGnAmI/NL/Z+8DioI/MrdGRvc/uuB7PRT4MlrXWrpIxIsN43/AN4ThYLwTg1RA9QttlncD9EJ08A7jP2Vfx1+y/51r9GSb01cT9VxlH2cjDpioI81xkP/AIlpHVsG+w/RRzWwnOw/RV8CXsJ6m1lCOlXk5dWSH/xlSG9J0hA8WaU/+Iqz+aiPcobq1pJAyijVgjvtfsj/AOy9rA8xef8AxJ7bFZGbPgCcarP9X6oRmB5yj+NEU7P2PFBZIzgUTTjuiFtvjAMFK0EeyiGQDfUQhGcnjKF0xI3KXsnfMRM2ZGwY9kjWvkGl+FXeK73XPGPulfHFeitsv2TnyBx+oIQe0cuUdokkPlBJRGUNU/bGyijFFYftjjUwt75KaasAEt2RY7PO4jOEdtqjiwZMK9iDVsYkA3CcjAcgg1s5ww6h9lcaLREMTHKEbxBTeSjgAA745Q/GOhZkhw2S4TnOgb8k9lJHTtPC0PrqyED0Dt1Hq7zcJWhjZdA7hu2VEGuXZxJPqVXxobG1R7Jsktgt5Aj8SV/bbIUWovE5GmkpImA8HTuuxWyV7suZsVZ09mbtqZtj1QfEhi1KX4meebvVOBfKGtPYKRFavFw6ZxJaOcLVQ2eA4Dm4VhTW2AYaWjH2SnWjbppTsWZMxsdEITpaEcUbtvQraSWahxqIAd9lXVNNFA7YjA7rPJJHcpq4yUAoHYGW8o7KMDHZSp6+hp9pJAFWVF6Y92imjJx3WeUkjoVQSJYhaw7twnGaCAbvVW6S5VJ2bhqJFQTuAMyTKWTZCly6RImuVOSADn7KOa9ztoGn81IioYB+DcIojYNg0bLNJZNUKH7IGa2bkEBFjoXSf33+alhhCIMgcZwluLNEKsEdlHADkhFw1rcNC4ZhwUL5iIHAdlAntNCikdMhB2C6TkIZkHYJmSoUPPK4mpKDRZKaNed+E4cp3l0qEFn1XHEAZQnuw7GSmF+BuSgACCY5wmvce5wo0s2kjC60VE+AN8IG8DIwcugutCdK5zsMCl01tnfhzm7DlTWwUlK3LxuluwfDT+5FXDTVUxBcNlYRUkEYy5uMJSVbMaadhPphFpLPdri3UR4bD6qnPJphp0/xWSLUVMUZ0wkEodPBd7lMIo4stWvtXSFLA4TVLWvee2Nloo6Knpmjwog0/ZKcmbKNE5PMkZK3dFSGQOq4hxklaKktNFRD+XC3I7kKwMmgb8KFVV8LBpjf5kOcHThpq6l0FdpaCRgD2VfU1rAS1hymEXGpdhn0lTqWyysIklO6tvI3bngq/lJ654OjZWdJY44wMNweScK1giZTMPlAHdBluAYcU+CjaGRgP8SKmbh/lOOEB1X4mw4UZ5fM4ySHJ/yVfX10dHGXOdv2QL7QZzUFyWU0obuVQ3C+GB+iJur1VXVXqolOGnAPuoRe55ySqbOdfqvUR9TWS1khkkJz6ZQA0BdwPVIkeqoxTszyweAkSCMagF12wKjH1JVox2TQ/c91wP0gklCmeGnAUWetY0YPKJdGWduCTLUBvBGyrqmqztlBkqtRwO64xmd1cY5Mdl2Rank5Ro2kYOFxrQEQNAblNUBLlkdjynbsgnbKe+YAEEKM+cYJARFSmoj3ThuQSolTXfLjOAVArK0g4acFVwkqKh3mdsoZbLchKysknlOBs4JUtEJHBzwfujU9GXEOIVpBA1oGWokjPJbhtLSiNvCIdk4vDc57KJUVAxwo+AcpBZagAEbKvkkL3ZTJZC884TWqt4M5hPzH6pEjGELJ9Usn1UTyBk6Sc7FcSSQx7Cl0dbuUUAY5QUslM6Qt8hUiRpO6GT6FIgngoc5CbO53TsjSAhpE4CiWCjp5XNQG6Y6QDOVHdPnIARCZzikEfKACobpXEldc4uOcrmAoYrbMjSSeU0A5Tk7ARJGdywcDQOy4nJqMtcgtTvVE0jOcboSMoGxySSSAWNXDwurh4UIDJOVxdPK4mJN9BD2bZTWuJzsjwRazghavof4d37r+8R2Xpm3SVE7t3uA8sY/qcewW3T6GV8d0kLuuhTHfY8I3CemJ690eLEkkkmhiSSSUIOSSSUIJJJJQgkkk7T7qN4IDHKR5SXXJMyCJB2CWQNkjsNkKoOiIyeizznhZCjHe8FF1JXljPAacLNtLlIudU6prHOJJAOAhNwRwvP3TdtjOxRDZAcwFxwAtJbqcRQhxG53VNbYTLPgNyFotmsA4wn1rC5EWzy9pCus7WRaWkAqrpCWv8QjITbhO6apLM7BHIEdOBjcIm8kr+1JAao65CRwVG8P3SlJc7OUo+6RLs1wQ1JJJUEFSSSUAEujlcXA7fhQgUcKLISXYUp52UQAl2yploJGDjPqlJthEYMN3UeXv91ZPYwHLtlc0kLGwB2dz6qppo8v3GVbMGGDfhMgLsGzjcKM4bEKS7uo8pHZSwqBGd9SIhOILtkVLGseOCoNQSXDfZSpuFDkBJ5S7JYRcVyRnokIIOcIZ5Cl0+GtzhIjyxvSONfrmbHpRZiC7A7JlM0Oqy4jZdf8AW77p4A17sEDCPb2GSo4QSA5W1hpGPeHPaScpM3iOTbpKnbcka+0wCOmaQFZBx04PZCghEULWtGAAiggcd1hlPB9A08dle0ZgvOwV7EwRUQJ22VVRN8SVrQ3JJVvXNEVLpIGAs9nLN9SxFshU2qoqxhvJyrmp8rBEBwFAs8YH+8kKYX+NVZxgFAa6HiO9+yJdJWCGOH8QGVGt7HBxlxsE+5ObLVFre2ykQgMY1o29UE3gZDmeSdbG5qc4V9LwP+VVVpaPG44VnLyPskTnk6+mWI5K6vJa1zhyAVn8kvyTk5VndarAc0FV1vjEs4D8kJQ18ySNXYQAxjscDKs2YY8zYzj3UWiY2GlLw3BxgIzpxHQEkbnkpbWTTHoj0ume5PlIyA3ZWjjhpJOyrrNG3Q+Y/UTjKlV8nh0j/dUljkbJf6e4y9a8yTvcSoWc1EYB4RpXatTj2QKMa6oIjkynumg94lIp2RD6SUXpRjfHmkLBkN8pVfeXu+Z0F2zRgBXPTLNFM9+NyMZQSX2sVF79SseidGSa4uJ3wrm0RAROk5cXKigP897uey1NtaGwM0txkbrj38nodLyKul8CF73ehP7LyCtqHTVsz3nJLzuvT+rKoQ0ErBsWtP8AkvKGjU/BO7jlZ19onXTe7YbPouniML5CMuJ5WuoImvqGg8DdU3TdHHT25hYN3cn8lorXATOCVi1D3SydfQQ21ouYBp2a1NvtQKOy1En+ElSqaH1Co+upjFaTGDvJssDOy/tryRvh9CBSzVbxgyuLhlWfU1Q5tCQx2M7FD6Wh8G0QjGDhVXVFQ6SURg4GeFpqWRE3toKaAkg5Woto8ChMmNyFmaYantYOSVqYCI4Y4yEySyIqz7JHimCgdMecHKxNH/vdbqe3LdZ/NaPqaqfTW3Sw41+X8lT9PwBz9XOEm18Dovk1tLEBG1jBgK3YNMQyVX0TfIMjhT3nyN+yxzZtrWUQLgdMJIWXEpfUbdytFd5C2EjustR5krT7IMZDk8PBraIkNbgbkLT00eIo2OGXELN0eAWA78LXWyLXPG32WHUvBrpL6kiEcbGgYOFE6hmkZTaGuwCN1aBjWD0WXu8kk1X4eryjGy5c3l5G+yb0xQl7zWPbsNmrWMOSoFqpRTUrGAY8oU9gOVnm8iZhRwnrg4Rkhlp8CXRyuLo5UKCDhdXBwuqEEkkkgIJJJJQgkxPTFCCSSXCRhQtLI1Df9JTjygO3GMqDGR6p5leIAdnbv+yawAEBowBsEOMF8z5vw40orWkHcJkCDztpUlowFFkBxH/zhS1YaGJJJKEEmSnhdQ5RnChTGFZL4ny6umvkGfXcZoqJu/8AUf8A0WtKwvXbjU9R9L2YHJfXfNuHq2NjimQFzNfG3RGyMNA07J+QGn7LuAgyHDHHPAKYFCOA0AxCD67p6ZDtFEP8KehLElv257JJpeAC7PChCpkAnvkMQYC2Bhc4/wCMghWoIHbhV1rYZZKiuI3e8tB+yn9iiCHZHqguJ8eMD3XCTnlci/vs/wBKtdlpZJG2UkMHJT+RhOXRRner5C5tPTs5c7UfshWuIGnx6KN1DUNqLgxrCf5IDT91LY9sVGNI/CSf0WiBRXWk67lW1R3DcxhS85co1gA+Tll7ySOOVJ/F+a21LImUsFL1ZUsioBCT5nnACxjVfdXzl9wELTkMCoQML2vi6sVpnmfIPNhFucxgpXyA42Xmxf4lQ54PJJ5W76rlMdrfjuvOY5CSF6nSrET5n5+7fdt/Rd2xviV9NGBzKCV6jgABo7DC8z6WjNRdIsj6TlemsHm3U1Ms8HY+mq8VOb/ZOi/7OxKX0XI/pwlKQ7grA+T1cuhoIAO/ZUVKPFuEj8ZDVazvMTC4+irbawh8kn9WUcI8nN1b4LEkY3K81+JVbppntBHB/wAl6FVOxheOfE+4AyGlBOXEgfou742DlYfPfrDU/Do2v2YqlBcdQ7LbdN08ehjnDJJyVj6OPTE0Dnut/wBOxgUzCQvZ0LbHB8D1s9yNAMNi9NlSTEulJO+6tJ3aYHbqvp/5kgGFrOZWsdjs+FSvfjfspVnH8guxuVDrnjw/CAwrW2sayBmkdt0qYwtmao6CSQ9mn/JfLvVVT811PVPzkB5H7r6eudQ2msFQ87YY45XypUB1RcZ53fied/zXJ133RUTteGWJSmGjdk8KVG8kDZRWsxnsitdhYMpM7sJbeUTWvBQ5GhDY/fhEcA4ApE0zZXZvXIKZoxwoUoAdsp03ChysJOyUDMAQE1rix2QiljsHZCwQeFE+RGxstqObLRuDlSJcObuqqlkw4NVs14dGtEHwZbI4eUVlQwh+lJnZSKlvmBwo42QWI0UzxgkMBxyuPbtymxkHbKeXE9lma4OnXPd2AOzt1Lojh4dtsoko4ICJTuDXDJWebwbavyRsOkqvwbzG7gEYXutFKJfDY051NH+S+erXIIJ45hy0r3Hpar+YijlLs+Uf5JbPoHgr8PajS2suFTJEDgY4UuZmHYwolGPDuhafRWNSzfbuUtrB7ut8GP6vpmTQPbI36WZCxlqkc3duxYV6B1NBmGTH9C88pwY6tzGHAI4TYPB5zXx2XqZui01NE17hl2ldazVRY9ECyvdJSFjnfSprGHwnMA5yrbwbIv5IpkWm/ljGFX31pMIcB3VjF5CWkcJlxhMtM4AZI3TaeGZtVHfHaeHddxFlewkdlUUOB3Wv6/oQInVLmjYbLE0b9QBOy7FD4Pinn6Ph1kizIB7rZdCVUocIy/YbYWLjyFoOlKjwa8DPK6NL5PK6yGa2e0RESU2MfgWet4+VvpY3Zruy0dqLZIG59FQ3ZhobtFUPHlc7Gy1S6PLJ8M1Bb+SZp90WNwfG144ICWn3Qit3OCMYwQoFVGNOM91alu3Kh1LCQMeqgXRnK+AbnG6z9XEN9sbrX1kXl47LN1cJ1Yx3SLI5NlFmDMVzCHcKK4AtJVxXwENLi1Uz3YJ2WSSOpU9xEkGHYQCPMMKVOPxKPkA7pMlhmz1glwgGPhR5Bko8PBwhvGwKt8oFPBGf5Qj0de6lkBLvKdiCUGR2rnsoTyScZ7pDTZoqnya9ohqmB7MEH1VXJDNb6oTsB0g7Y7KJbLi+meGPOWq+cWVUWuMgpFteTs6PVfHJSNt0X1LT1EDaOd2l/Yla6QBoyAvEWSzUUjZostLd16r011BDe7fEXOAla3S7fkhcu6tpn13wHl1fUqrO/RJuFIKyPTkAjus5LEY3vpqhuCRgHt91rpInA5GwVTeaMyw+MxvnZv8AkkHo9RSpRyY6to3wu0ubkDv6hUrY5KOrdIweU7rZOjZUw6XDzYws7WwFjyxzdxsgOPZUyfb7gxwaCd1f0js4dlYeIuilBDditJa6zMeHPyOyXN46NVFritrLx7GkDByolRCHDYI8cgLeU5wyMqpSyjdjcihrKTfOFGaMFXVTGHcBVVRTuJyP81SllmacDuQQMELvOMqPDkOxlSXgNDThaFLBnkiPWUviuyByFnqpjo5CHN4OFqDgtwRwq+5UQkiOBko1LBzNXRui8GVradsrC4N3VK0up5SBkAHI9lopmujG7eFV1NHqcXtbkH9kSPNzi4vgv+n7o6pYaeR2XNGxV40j1Xn9NNJb52va4hbGhrBUMZI05DhnlOisnQ0eolJbZFomvGQkxwIC6d0ZvzlEOQHOcLPXy3jxDUNbyFpZ8N7cqBWQ+MNPCOPJz9XWpoybG4yHbKNNlvZTKyLw6gtGyHPT6oS4chaYHmtdDEeCATnfKY1ztWMoTiQd+U9vOQjcDzktS8/4NVYbgCRBIQMBamNwkALdwvNYpdODuCFuuna2Oqpw3k4We2B7XwPk4XP4pluyIEcpzYeeyezBP3UhjBjA2WaUD2MY56K99KJNu6HS1E9FUBzSQAcEeysjD6bIFVT6sYalYwNWU8o0lJKypiDv6m5XQwjA9Fn7XVy0sojc7yHjPZaMESMDgeVRohZlDjgjCA6Ig5RmscCDlPLQ4YIUNClkBEPMEfAOCmeEfVPaiSyEhObqG6g3CijrIjFI3ng+inNXTHrVFTgmsGCIrbBWeYkxE7HthamgqorhCJI3A+oCNcrbFWQuiewHI59Fj4zW9OXAN1HwnnvwQqMGHpn/APqmukj9Qo0sLS3GMKXSzsrYmyswcjOxTZWlpxhQ1pprKM1caAdhwql0bmuIIxha6pgEgzjOyo6yjOcgbqHN1Gny8oqzG12c91SXCi0PMgCv3NLTgqNVQeKMAcq8HH1OnysGcBIJBGF0gHujV1MYmmQDhQHzaSMhW+Tg25qeGafp/qess8jW6nPizuM9l6pb73Q3iJrqeQZ0g4z3XhUcgP3VpZrzU2mpbPC86c7tzyqXZ0vHeWlp2t74PaHxgFCcwKBYeoqW9QNLHASY3Gd1aEZTF0e3pvhfBSiyJ4QwRlRpIBjcYVjp90F7NtlGw5LgppqPVnbbCrp6PA4xvz6LQvjydmoMtOJBxwig8MyW0qXRVUtRNFiNx290eqpY6uIa2tHuE2alcHgtbwjQkswD/mtUZ4OfbQZe7Wd1OPFp26vVVkMzo3jI+63czGvGNIWdu1mO9RTN+7U6uzBxtZ4/H3wAwP8AGZ2VVdbLHLmeJm/cBc8WppHAu8oVvQ1kU7cDc91ojYcO6r5I7WZW23CqslUCCfDJ3C9DsnUlJdQItWmQDgnlZC72SSVxlhxpO4VJBNUW+pD2EsewrXC7BypRdUtrPXJotW4GVClBYchv5KusHVlPPGyOs+rhaWelhrYmzwPbgjK3QtUkU0pIrYpiCNuFJIErd2/koU2aV+HNR4qkOAJ7JwmSw+SnvPTEc7jU0eGuO5bxv7KkpLrVWqo+Xq9TmZxvyFvCeFWXKy0twy5zAHkcqGK2DUt1fAKGogrIRJCQcj1QnNwfRZ2ojuNjmLWajHnIVvbrrHWMAkxnv6qEq1GZbLHyGdE1+zgHA9iqmusckZdLTHLeceivzEDvGc5XQx2cFBKHA+zTxkmjD1FI1zXRStznt6FU9Ra8ZMR3HYr0O42mOpiLo2hrx6DlZ2pt74TiRmPdZ5U5OfZp5VN5Rk2zy079MrCWjupTHwTjLSASp9Zb9i7TnKqn074t9OR7JUq2jN2HIc1OimY44egxVTfolbkeoR3QxuGqMcpLzEHB10LZQS3fChS0xaMo/wDOiO+wT2zROGzgSVM7uy4ywV+gtJBC4yZzCp0sDXjLQok8BGMBDKGOgpNMmU9buASrGOZsjRus01zmn0Uulqyw4Jyl78PkXOHsuJKdsm42UR1O5jtt0WGrDsAqVpa5v+qesMVuceCA8QuGiV2CVEqre5rDLEdQ7jvj1U+eny4EBcY9zMAjb0KrA1WtdFGBjYFEbM6LOjuraWggqWlzBpd7KrloZ4nEOGQkyjk1V3yj0yRS3IE6ZPyVhHIHjU05VDp3B9EVlVJC4aTn80h1nSp1OPzLlBewEYym0twjc0NkOCpekOAICFrB0K3C5cMrJaEPGeDyCg5q6N2TlzfYq40AhMMYcCCdlascHwSelrS6K989rrgGyNMM2OTwSgSUVRT+aJ+pvYgqXUW2GQcYKgv+docBv8yMcY5T46lo52o0a/pQWG4VELgHg7cqbBdiXgeqgG4U07cPBY7g7JPpi4aoyCOeeVsr1Umc27TRXaNHTXSRoAimLP8Aldhaqx/EG72zTHLOZom8Bx3wvL2zTREA5GOVNhuZ2BW2q9P8jmX6CFnDR9DWP4n26rDGyv8ADceclbq2dRWq5MDI6qOUkbtJXyhTXRjBnuVbW3qOqop2zU1W+Mj0Oy0RkpdHG1Hh33WfTlX0tZbjql8Lw3nfUzYqod0ndKSUmjqQ5g41FeZ2L4q3GmnHj1PiN7glegWj4tW+QtNU5oDu3om5wjkXaW+lhSMSOhulEcjiQN3/AFUmhqDRzCS2V8sUg/xcj0V/R37p26RicPj83OUWXpq11jfGpJ2sL98tKoy2blw0OoOq7vA/VPK2duPpIWmoOq7fOwGVrmP7jCwU9gvFFJ5AJGcg5UYXCSkeI6qmc0jvhCop9iHWmerQ3Kim+iTGfdSy1rmggjB7rzCkvlPluHY/NX9HfnFrdMwx6ZVbcCPjyzVuZ6BM0+6qor2/AyMqTFd2HmMj3ypuI4NEnwj6pBmk5yhfxakyM5CI2to5N45cn0wiyA+AmkAYTdPuneNEXaQ8ZXfDzvlMyidjXA+qSeYyOQuaCiID1FczlPxhJWXhs43ugVFLHMPNyj5wuqcFRyihrLS9/mjbsFUzUrmAtlpwQFsnN2P2UOSnY7Z7QVTbQ2M2lwYGqttpm8stIxmfRoVXN0tYJD5WsafsvRqi1UshyYxuqqq6bpZHahsT6KsJ8jY3zXTMDUdEW6UZilDVBk+H8rfNDP8AYZO63j7B4J/7UMdgTwmC2P4bUA/YlA4RfZphqLUjz9/S17gdmEjb3O6Z8h1DTva4MJI7ZXobrZcnf3EgK4LVc85eWH8lTjgp6hyeZHnpq7+1+k0zyRyE/wDjF1YAJKKcY7r0B1ulBy+na5x7hNdQgtOqmU2siuTMG2/VAP8AMgmapcfUtNgB8bwe+y00lvonuxJTA/kgyWO1SDzUoRJNdjVKD/JFNF1BRHlrlIiutHUHyE591Jk6atDhjRoyOyqqrpWBpDqWpdGfVCRfE+iy8SJ/0kfqkGxgdlQyWWtjP8qvZn/mXG0t5gdlkkcn3KHcwnhF34LHHISFO0cbKpbU35uB4cHupLbjdRjVTNJ+ytPJXZONLkZwh+A4HYoIuVy70rT/AOFFFwrBuaAfoiwym8BGxvGM5P5opZlpBahfxGXGHUWE/wDikjeKJTAGUxny0ZOHR5XP4bTnfQn/AMSf/wDISRucuNqI/qphkyAkskT3ZZEDlD/2fJ4GPzUn+LVQOBQH9UaG5VTsaqLH5pe0jskuiuf0692+UA2F45xstCK5xHmiA9l0VLQP7mT9FMFq6z0zMSWuRm3gtP5KPUWZs8ZbJSsx7DC1viNefoxn1CA5rf1QuORkL7P2YaXp2nj/APg2nb0UN9mogMGAfovRJIQ9uCzP5KI6hp3HJhI/JVKI6Oomjzx9npAf7rb7LjbPa3jDn4+4W/qKW3xRl0jWt/NUtVJ05Ef5lWzPo3dXFDY3zkZl1ktOf70fommy0RGGShHr6y36j8k10jh2wq2Wa8zx6GRMjH+Ebq+DTW5y9hJLLA3zCcAD1UWempYWk+OPyK661XCoaG1dVhvpqQ/4FSxnMkz3f+IqcGhSx7Isk1OzbxSoclRGfoBPurd1vtLcDLs/dEzQRNDWxtIHsgyF8iRny/X+H9k3wzzhXj56V2WtpfsdKA2kmlOWwYBQYDjcmU5jKEWP9f2V/wDwaodw0DKezp6pG7wMK8hfNFdmc0O/qK4IyTj/AEWsbYqdjcyOaEx8dsph5nNKX8nOC1bu/EzRo3zDyOwfRFis07hyrd13tFLkta0kKBVdXUw2gh3CvsKLtl0jsNllz5iMIzrRSxYL1UVHUldKB4RaweigTXSvnAbJPsfTZTA1VXPs0b/4dAAA8ZCjvu9LCNLfN+aoWkuG7icrraZzz5RuUGQlX/zFpJeZHf3I0hQqipqpjl0uEWG11RGQ3ZWNPZdQHjtwouQpKqHRReeQgYJKl09tq5CDoWhp7bSxD+7yQpgY1gwGjCKSwKlYvRRQWZ7iPFaMeqnw2yCPGGjKnLrdiChfALbYKOkbnBGB2UpsbGYwEMTBo4UWe5RR/wB4UMpJLk00ZxhIsAxo4K5LUxU41veAs/U3g8QO/dRHTzVJ/mnIWC2+K6PTaDQ2cOfGS6r+o4tJjjOTj1WfqZrlWuIAIaVOp6SB2HGPf7qYGBuzW4WGdm49LTpccFEyzvkw6qzlTaW308H0sBPurBzC7twneFpIKzymjbCiMeUCDcbYXDunyTRMwCos9dGwYjOSlfKaoR2rgOWDGAOUEyMh8xIUJ9XPIcDZNLXuO5KVOeR8eSW6sYR5EB1RPJsCMBcDA3tukXBvZLcwxniOPJTV0nJyuKigq6g5CRI7KiBklFMuDjC6JXnZjd1WUEotkgnA5wgulwOcropq2U4LFPprE4AOqSCPRVKWB0aHIqi50jgGjJUiK31VRjylv5K4ZSW6m+pm4SfcQ0aacDZK+Q0rTR/rI1PZms81Vtj91Ma63UrPIzU4eihPqJ6l2CTv2Cl0dkq53BxacH2SpTz0aaqN3FaBSVznnTTtLco1PY6usY178tDvbK0drsMUIBlYM+4V1FSBjQGtwEB06vHyazYUlq6fpaeINe3LhvwrmOAAANaAAiPY2EZce2VFluD3fy6bkcqG2vTxq4iSfLD5iMYUWpuEQIEbvNxygiCurHDWSG87KdS2aCncJXed3v6qD1W2Vx/iNQ8Nzpae5UqK1AYdIQ4+qtJGAgZCBJVxQNznJUyXtj7HQQCEEkYAQ6i4ws8rXHUFFkrayoOmMeUqO5vhfzJAFBU5JBZp5qgY1kN9EAvZAMuxn7qHVXylg8rcE+xWarq+eqkLjIQ09ghcsdGW7UxgvtLa6X9rg6nptiOTlUb5ZZcmR5P3KFkZyTkruRgqPLOZbqpS7GE5cngjCC7ldJwNyqMcrMDy7A5QS8k+yaXepKE+RoamJGedgd8mB5sbKJNUMG5IUaetAJzwq2etEhLY3FUYbryfLcIj5cqFLIZTkDIQGxkuDjupUbAANuEcYmWVrZxjDzhEaMJ4AC7nCYUJOzhpKDNM2IZceVS3C7kudHDwOTlGJttVfDJ1bWtjJAcFUT1kkpw04CAPGrHkkk4UumoCDlyKMcmaVnyAPCkmcM7qwpaHSA7GCVKp6QDlmMe6keWMDATNgH+QUcDWYXJ5RE3hCqa2IAjOCquSeV53fkKugZTSJU1YScDdR3SGTGUIHO5XEIlvI9JcyEshAXk6kma00zb4AUBc0gqYkN09QNcjcFOXfKuDZGBlHADndFGMbofiADhDLz6KFSltDnAHKjyyknACRye65pBG6glz4ByOzgDZC0+6dINDtl1pyFDNOX7GHbZDT0xNUTLN54EkkuEjCgBxMSPKaOVMjcjWDcFGHC4wDAON05QqbHJJJKCxqSSStLI1vA3T7okcRJRaOkmrZ209OzVI7gL6s+B/9kzW+LqL4pubS02f5dvOdbhjlw7dsfmunpNLv5Zztf5Kjx0N1z76XtnmfwW/s+dTfEyqbUPbLbrUwjxKx7SBg/0+vC+0enOlOlPhzaf4N0zTNa/GJKjT5pPTPP8AmrCa4UlFRxWi0UMFLTwN0tbE3GfcqKBncndduinasHzPyXlrfJzW/wDBej4pSSSXZPSiSSSTQxJJJKEHJJJKEEkkkoQ6OU5MTtXshlHJAY5XRucrg5Thwk2EGndVF/rjBSFjdnP2VuSACXLGXqsNVWOAPkj8oC52qt2QZo00HKxMq9JJyTuntBPAXVKt8LZ5wwjK5EOZHWnL445Li1UghhEjh5nqRWzshj1ud2RWtDGBvGBhUN5qdT/B5wtUvsjk50U7LMgKZgqKzW7jlFqpgPI3cBdgYKWlMh+tw2UR2XHJKS5YNcYjSioSKq7HehJJJKFCT0xOPChBhI4ynMBOMIAyXYCktH8vdVkqSGTHcYKHGO647d+ykRtGkHCnRRyTYbKG/lTJDkH7KJnzqBN4RJo2d8KwG7Qg0jQGbjsiHlOUsGebyMfwokp5yUeUnGxUOTlBKWRtYPJ1KUz6R9lHHKM0EAAoENZx/H5KIeCjzHjChyEhmyRaHDrkGR58BSgdICjRNLnKVJswfZVAuzrgfT/TlNPJRIQBTg/dCYMFMeBae7gbGSXgErX9OU2Q1wHdZIZ2W96bg00LJPQrNdLEDveGq33Nv0X4DcDPogkEkgfmnOJwFxuCN+ywesntaywtEJE2ojGUa6udJIIw7yj0RqQNZTh2Me6iPJnqyGnynbJS85OkorZtLWljZHSta0AbIL36NTxjZFd5I2sHooNS/TE5oO7lY3O2CiR4sSVIJ3ycqwY0agT2UKji8+oqxhbrdws9vQ+jsvLZEBEZMb8I82zTujQtZFTNIGPKq+tnMULiO4WNvk6kftiUFxcNbtkW1R6pwfUKBXS65CPVXNlYC+NpHCMlPNiNCTopmRjkplU7NP4A5dwuSHXVCPsmSAurI4W/hVHS64LWjgFPTtZjcjJUO9yCOlxnlW0jQ2MewWZ6ikyxkQJy4qFXS2VNFLO7TC7B3KVraNRkPZBqHeXGeBhPonOZSF7eVfRwt2Hkg3OUvq3ey09hwyhLisjIQ6b7lbGkDIqKMAYBaPzSLP0XpPutlYPoGF878/1LXUuI2NaAsxbRrlLmjkZWni+nHquRfxLB6fRJbNzMt15VBlNIGkbj/ReeUQMtXE0DPstb13OfFfHknCz3TMQnukYLcgLPJ8Ga3NmoSR6ZQsaynhY0YGkf5K+tsYaQQ3f7qohZhzQBsFeUGzWhYLmjvaaG1JFpFwMBZTrepD5oKJoy4uGy10GANRCwd6LqrqVrM7DBC5/s3y4WDS28Cmt7BxssddKl1RVPOdgSFrKmQw29zB2CxDzlznepJWytPBkvk3HaibbWl9QB2C00ID5WAjYKhsjNT/EI2V9TOGfEPATcFQ6M91dUPlqPkwRpABAVh09TtZTtcBuRyqC6yGpvzyD5QOFrrOA2nYMLNb0NqW7kuKRnl2CO/slSN8ucYwmScrLLGTo18FTfZBGx2fRZ+zt8Src/CsepqgYICj9Oxkgv9EEnhASlm3BprXpdUta8ZAW9ssDM6y3dYmzQOkqhgcL0OhiEUQOFy9XPnBvr4CVL/DGcqrt1EKq5GokGWM82PVSa9+vYKbaafwaffl3K5kngY3gtGgdhgeiI0DCGzsijhJkZ5PLHoqEipTCXQl0cpo35Tg3BBwl/JzggQcLq4OF1RPJBJJJKyCSSSUIMSSSUIMQy4lEQlB0EJQbpO2npXSD+8JDG/d23+qnHhUNe8Vt0pqRpzHD/ALwT+RAUCLGEaYGRnlo3KK1oB2CYBvt3T0+BSE8AloHrlHbwECAHWHHfZSFZYxJJJQg1MIB5TshNUIJYK8xOr/iraAwgNt9ulmdv2cNP+q3q88tchqvi91DNjajpY6bnjfOFcBVno3BIxygSnEch/wAKdk+qDOcQnPcgJgcI5XJKZ9DfsF1cb9I+y6oFgedxhQ6txZA5uR5tlJc7ZVle4vdFCPxv/wAt/wDRCHs4JlvHy1KISMnnPqnk5J91wJIwDjuChQHU4uz3wnnhR7ec07nc5kKtPkJktLJATM74TKh4jp5JD2BTIvgEyFSDPc5GNH491Lu/8i2Skv0ktx+XdQ6JjjO6VxJc9xOUTqh3/u5jRy4tb+61QRRItUTYrTBoGARlPL8ZJ7IkDfBooojyGBRKsuNNI9h0lo5wulREzWvHJi7xUNq7lLK36R5R+ShaAOEWUtMjiBgZTByF7nx8cVo8prLN1jZkOvpntpYomOxk7rEQnHIWk69qHOuLYAfK1uVm4hlek06xE+WeVs+TUs1nQsfiXPIbwvRW/Udu6wvw4aBWSv05GFvW41nZZ9U/vPY+Bjt06JTPoQMklGYQG7oB5WM9DLlALo5raMvGxG2FHtzQIAfVcvby2JrB3OEakb4dMzI3wtVKycbWWfdgFcXaI9XsV4B17UOqb2WDkFe49QVXh0hcOzT/AJL57uUj6i6zSyuLjrIH2yvReOjh5Pkv1zqs1qv+5Ko4iI2hw5XoFpg8OjYMbrGUUXiyRtA7hbqnw2JreNgvVURyuT41q3zgdVuxAd+U23wE4IH5pleQ4eFnflWNujDaYHG+FoMi4KeuY6SvFOz1V5A3Q1rMYwFSMzLdyR2KunDL2tzhKcdwwF1vOaPo+qmG5MbsD1XzZ4RDi4dzle/fFOtMXSroTkahpXh7oToaedlydb+e07nil/pSl/chA5SBPY4RC0g8Li5sk0zrpZHN2R2uOMKI1++MI7HbcIliSwGpSg+DpIOf8kIgFHPBI9FG3DkmUDSrM9nTCMZwo7gMEFSgchcMaVtGKOeiE1xidkBWFNU5ABxwossOM+X90ODyPyf0RQlhibai0lw5ucKBICCdu6nRkaPVR5GYPC0SipLgzwW1goXkEYUsHLPsorRpOUVjhws04m2mZ1wzlChLmyZR8hCIGeFjt4OjXPaXVJK7DSvYeiK7VTxNyOGheLWt5cHMO+ncL0no6Z0TI987j/NCez8JY1JSPXc+FVx1B4d5VaT4275VPrMlLFMBngq1k87WH1aEqaPpFM90clXd2NeyTUMjR/ovM2txXv8AZxC9VrYwY8kZXm18gbT3FzoxpBPCiOV5OHG5FxZZy2o8MOGktxhXzQ3jZY61zGOoBJWqpzqlY7OxTFyDpZb4AJWFlTj+pPqW4DoxwQnV0bhO2QDIGyRO2++RyjreGNthk8368ovFtsntleXUrTG4fovauqqGSoo54WtGS0kLxeQOgnfE9uHNJBXVoZ8l+rdNsv8AkLJzf5bTjYhS7LUmCta/gZwhOLXUsZA7boUR8Mhw/CulU8NM8HqoZjtPeun5/GpQQew/yTuqKRk1C2UjzDfKp+iblDU0bNB3LRstTdoPmra4M3wMrdnJ5C1/HNwFZH+PQREncNCnObss/wBJSPdDLEXEhjtvZaPSVZlseJYIzozuQo0rA4blWJYCCoz48d1TKTyVFTBnbThZ+4QBshGFraiLI2Co7jTZBdpSpGqqW1mTrIwQ5pHZZeqBhkLXDutjVR75IWbu1PklwbuNwsliwdbSzy8FY92tpUN4LXhSI3F2W4QKqM5+yRKOTqRWCTSuBG5Cc8ZBzwodITnlWGnLeFQmb5IMoIKhyN3VhPz+ShyDBQY5HVghhWFvr5IDjUHD0yq6VpOMJsJ0ndVJZHqTXRqGzQ1jdQyCBwVItddUWmqZNC7DcgOHYhUFLUGLcZVrDUxVbNDRh43wVhvq3dHf8b5OdU1zho9jtNyhu9I2VjsuaMOCLLED2XmXTfUFRZaoNLjoJwQeML0+krKe507ammI3GXN9CuTZBxZ9i8T5Va6lKX5GfuVD4EolibhruR7qqr6KOojLtmvA/VbKanErC0tyqOWA09RkDZKOjZVuRh3xODsEEH0KJS1D4HAAZCvLtbJZdVVCzOOQqJ7Gjlu/3QYMUouDNBbq3xAMlWbH5bj1WQppnU0gfnIWjoKtsrNRVNZNlFmeGSZI+xHKizQtAyW5VkRrALUBzT6IHwaJw3IztRTvieXs49F2KYPGM8Kzq4AR5R2VTJSuik1sOM8hEpZMNlbQaQbg5SDQ5uHJgd6pOaTwnJ45Mso54ZU3G2lwcY28qlcwxHSVrjjuqm5W7OZ4W/cJqkcbWaVflEytxge0CQDy53UqyXIwYic7bOykPLJAWPbkFU1TTyUkmR9PIITkcPbKqzemb+ml8RoyVIPCzVgr3SN8KV+TjyklX0coI3TYrcdeq+M4po5KMlRpDtlSX+VR5eAnxiS3kz10psEzAcqEx+W4I2KvbhHqhdsqIt08lPhwec1sGpFRXR+HMcDZBByrKriy3VjKq/xFN7PIXw2TYfUTxsrWzV76SUNDsDOVTtUljkucclUXS081OJ6hQS/MRtlacgjKnxrFdJXd0dQaSd/lcPKSe62sZJ3A2WaUcH1jxHkIarTpokNaHAbcpSwgBFhIwAQj6A4bLPOJ3ILJS1EJByG/urCy1zvE+XmOcDYpT0/soJY6B7ZWDBaUsvG1mtYwPGybjBxjhR7bWsmYHM3PcFTPq3AwoaI8gsBNw7+n90QDBTwBhQ0JA0k9LBUJtBkZVbdrVBcIHMewZxse4KtkxzfdC1kGyvfHaYCkqq3pys8CoLnQk4BPGFqo6mKrjbNE4EH9ky+WeK5QHyjUAsxbp6uy1Rp6gkxZ2UObielntkvtNS9mQq+rp8jhWEUrJmB7DkFNki1DCtrBtdanHKMxV0pacgfuoRb2IWkrKPWMgfuqeSAxu4xumRaZy9TR+ioq6MSsPlWauFM6E8bLcyRjTjCprtbzJA7S0ZU2nntfpN0Moy0cuMBHiqNXIG6iTQuYfTCEyYsdghSUcI8z88aniReUNxnoZRNTyvYf8JXqHTPVsF1hZBO8NqAMH/EvHY5w4Y9UanrZaSQSxPLSDnYqHX8f5SVMk4n0EBkAobm5WM6S6xjqmshnkzkY3K2okbK0PY4EFQ97pNZDVQ3RZHMQPdMMYwd1L0eyZpUy0a8JlfJACd2oEsWgZAVk+LKDLFn3RJibKlIrGgl2CnywNdHjGyKYcHYJNBAwU2LwZLajPXS0QvGprSTjZZt9NV0jyWHSO2y9Ckg1DBGVW3C2+L+EJqsODrPH7vvrKChrmVDfBm+sbfdQ7xZmzNMsQ83qlcKCWjmMsQIxupdvvEb3CnqG4ce57p8bDgW0pZjYjI5mpnlpyCCtX031bNC5tLM/HoTwUrrYWVYMtPgHGVlJI3wykbtc04/NbKrmmcq2qVXL6PYWT09wg1uja52ORyqqoa6nyGhZCw9RVNvnDZnl0Z2OVuqC5UVyblmku7hdKu1SXIrG8DRV4fiKU4PAPqpyrbjbnRONRT8ckeiZS10sfllBI907KEuDTw0Wc9LBUsLJomvB9QsfdenaqindNREmM7gDstuzRIwPYQQVx0YcNLsYPqFYiVUZ9oxdtvGkCKoBD27FX8ZjqGBzHZygXiwMlidPStAeNzgbqhhmrrc4NcTpCP8AIVXZOl7Zco0xhLRugupI58tewEH1RLfdIqtoY8DOOCpE0JZ/Mj3BVSjg0tq5cmTudqfSvOG5jPHsqeehDhqDcL0EiOZuHtBHcFVdZY2vLpKfGD+EoJVbjFdpsfijzmpoHMkJaMFMZK+PDHN4WsqbcCSxzNxzlVdVajgloWSyn9GKxbeGV40zDzEIU1EGeeAZHdKSnmp3b8FEhqWABryVnlBrgT0RmztjdplOCiOa2ZuQpklBT1DdTMAqqliqaWXTg4HCHEl2FnJySm32CiODoyAQrJk2fqGV2WnjmbxugnFS6DzghQzubhWMFxGQ1wJ9wq2SllY76duyECW7EKlJx7K2xl2aATMecBOdD4jdhyqeGoLHBWdNXxObped05STAlXtYg2eB+xwE8kVOA9qJgTbjdMkpnbaeyjiLc2uiHV2wObqhwqp8Esbj4jcYWhjLotnbpSU8NUP5g4VfGNje12Z4HH0ncIsNfUxOBLtQHZTqu1MBzEFWzwOiPmakzqz0a69ThfYy3pa+Ko2J0uxvlSgs4xxacg7hS6eulid5zqHH2WeUDsUa3KUZlo5me+UzRj3SZWQvxodlEJxzwkSi0b4yhNfayHLb6aQl5iGcb42VdNbpWZMEjgP6cq9PbIylIxu2AFUbZR6LlpYTXJnDLPHhsrc49kVuiRucAE+it3wRPySwE/ZQZKBpGGt4WiGol/UYLvGe4kcOcCC1wwiiqe3A5ygupahm4jJH3Q8vGxYtcNYukzn2aKcXjBZ09cW88q0oruWkAO47OWaZUM9cFF8UO3BWqvVPPJz7tLB/kj0Cg6rqaMtNPUke2dlrbL8Sq6j0OM7hjtnIXjUUoaeVLbcJYsAOOPut0bsnOu8ZXYj6bsPxjgqSIK1rXjHdaqn6n6evQYHxxgnjVhfJFHd5mkHUQfZXNL1JLC3zVL2+nmKZuwca/wAK1/tn1DL05aql3jQODQ4cNOyhz9Nz041Ucz8+xK8TtPxIraanwKyR3/jOy21k+MbmwNExDtOxzyrycy3xttHODWGO90pI8Z36pR3m8Ur9cjDIPTlPt3xC6dvRbHMRE9w+pXDf4XV/9mna7HurikzDOE4doqx1rLCf51un++nIR4uurW8gSgxH0dspstDjdjGuHoquusVuq3aqmiZnvgBU/wCwp7G/uRZt60sjmaWz8+jkyXq2Tw9NvlfIPTO6yFx6BpnZmt8z2O5DS7ZVj7J1PZ4/Fo5teO3dDkfDT1z/ABZuJPibcaECOayzSAfiB/0wuw/G6zRHTcrfVQ+5avOh1leYv5VbR5e3k6cZUll9sdc3VU0obIdnDGFPkYxaOH9R6XS/GXoOqODcnQk8B7f/AFV3RdbdNXEj5K700mewkGV4jUWnpS5EOMQBHsq+ToSlDi+31TmsO4GrhT5mEtHUvbX+T6SFVBUND4JQ4eo4RAcAnC+ZZLR1RbR/7our43DghxTh1b8UrRu+t8Vo7uJKnzYfKJ/AUv8AbkmfS5eRyMZ9UF0me3C8Cpfjf1TQxiO5W7xSODjKsqb+0HSAhtfQTMP/AC4R/wAiHTFy8dfHpZPaHvD+3CiyOa7Yn915jF8cun6puHeKzP2CMz4lWOq/u55B+at2Rn0xa0d6f4l/1B0rT3QEtuVXAf8ABJhY6boDqKA6rZ1VMHjgyPKuP9sKKYeSV59N0P8A2iH1AH75UScuh0a7ofkVDbN8T6HBhu8U2P8AEd07/aD4n2zAntkVTj+kZyrJ/Vk0e2s4XW9XgEGV5UcMewkp+4ohwfE7qWlGm59LzF3+BmMKUz4sUgA+es9REO/lwpDOraKbaQNd7kApOu9jm/v6KOTH+EKoymvZGoLuI2D4odHyH+dDOw98gKfD110LUYAr2xn0ecKC0dG1X99aY/choSksnw8nb5rewH2aAU3Mn2Bin2pFs2+dKVZBjuVOMer05z+npwGx10Tj7HKox0j0PIf5Akj/AD2XX9CdNPH8uulb9nYUxJeittWeMlsLfa37xzxkH3Q32ijds1wOfRVJ+HlvkP8AJvdTF/8AbChn4a1Lt4Os5megDj/nlDifpB4h+y4NhjO8bSU02l4GAD+qqP8A2f3uL+46yn27GQ7pjujOrGjydRl33eVFvX9JNsH/AFFqbfU52aVwUFR6Kp/2W65iPkuoeB/iTXWrr6PmeI/dXul7RPjj6ki4NDMfRO+SmG+nKpmQddxjzeAf/Cuaeuif7lirc/0X8f8A+si3+UmB+hLwZgMeGqsM65PMUaQg6yJwSwfYKbv7FOvj8kWfy0x30YXfAkaN+FXCi6oIzJU4z6Jfwy+H+9rsZU3v9AqK6JrmhvOyEZqYDLqnA9MqILNUjzVNbIfzTTb6LJD5yT3QyeQ1FIkPuNBHnM+cKHP1BSRj+WC4+gXXUlrjaQXN/NQ3utMDtXiwfqg3foiRyXqGrG0TdIKiyVVyqhl1VIGn0R33WyxfU5n3BUebqiyRDOsDHogmx8IN/jEjT2yWpAM1VMce6jNskYdlsOs53yiTdc2KIYLgfzUGq+Itvix8tH/khUsD402y/GJYfwSXxS6CiGQOVx9lrjs6PBVDP8TZOIyW/kFUVPxGucjvJuFJSyNjptS+lg2J6c1YdUT7nsuO6eowPO/IWDm63uc3Mhb9lXVHU1ydzXTEemUOR8dHe+2ejSW2xwHL3DI91Fmq+n4fL5SR7rzepvtU8/3zifdQ5KuZ51OJdn3QZbNkNBNr7j0uTqKwU7cfyxjjZVNb1pRRg/LgOIOwCwT5jJyEMMJPP7KbmPhoK1+RsZuuTjDWFv2wq+frKukyI3FoVF8u89ijttsrhsOVWWx3w0Q7DVN+uk2cTnBUL5qebPiyE591Y09mqZD9OR7qxh6dJHmiChSnTDpGdaSXZOSifLuONLeVqYLA1rgXxgfdT2WqnYGgNGR7JgL1S/pMjT22qlH93gKfBYHuI8YABaVtK2MDAGF1rcHOVWRT1M5cFVBYIQRkDZT47dBBgtY0H1UvYBBMoycqIjk32cEDQdsYRQBgD0QDM0dyh/M5B2yqF43MlBo2wV0jAyq2a4eEVW1d5nds1+AgnZGH5M0Q01ln4ovZamKIHWcKvqrtGwEA7qgqKyom2dIUA6jy4lY7tVHH2na03g/ljuseCfU3aoJ/lv2+6huqJpT/ADHakAAk4yjMjA5PKw2amUuGem0njaaIpRQRhOfsreipxKwOOyrYhG3d7sKW24thaBG/hYZWYZ2qqkkW8dM1gydsLklRSRDHi5Ko5bpUSbNdso4kc8ku7pUrcmuMP0XFRdIoseC7UVEnuU0oA4BULAJynDG26S55G7P2F8aSUjU5IRntuuB7WjnKGZfZKchiSXYbSP8A5SlqHoP1UYyknKWSq384KJDn55IQ/F3xhBGScZKI2FzuGlVuQ6MXJ8BA4EZTTJsitttS/AxhWFLZmDDpng+3oqlNRH16Wcyn1vJw0Z/JSYaKqmONGFeMpaKADUNx7Lj6yJgxE0YCD5UaY6Rf1dEKGzNyHVBwp8VNQUwBdjKjvqvEOBt7oLg6TAByUqVuB0a61+CyTxW0cY0M4Hso8tc15OjOE6jsVfWkeHFse60Fu6Fqy4OqHNaPUoflbNVGlusf2xMo+KprHARsyrS29OVUrgZGkD7LdUXTlJRcMLj64U1xhpmEuwAOyBzwdSnx6jzaZ6g6Zp4QHPaCR7cq3bTMjaBgNAQ6q7U8B0M8zjxhQ8XavOY/K08FVk3Qorh/tomy1dBTbSuDneigy3GrqmujoofIeHKdB0/GAJKzEkh74Vg2KCiZgNaBxwpvG/G3+RSU1tr5W5lft3yp8NsijIIHmCNNcaeMclQZ7o+by0wxhQJuqC4J+lkY7AKNPXxsH8lwcVAcyvqyBI8tZ7J8cFPTDLnkFMwZp2/oZNU1U5ABIBTQwtOuV2fdR6y8U9NtHIAs7c+pDISzUcD0VbkjJdqYVR3Nmhq7nTUrCGvBJWbuF5nmBYH7exVRLcfFcTv+aC6cO3QOeeDlXa75PxCvdqdlcyULW0910EHhUv2Y5Wj9XqUi/tlAyfUpZxycJ2DPOYWQDYghCdIG8boT5g3uVDlrG9zsrSyZ7bcEqaowNsKtqa/AxkINVV6xpYefRQxE+RwySmI59t7YWSZ854/dOijxglv5p0MXh4LgjEgYwEWwzNuXZwMAT2riFPUxU7cyHlV0U2l2SXOABORsq6quccYI1bhV9ddXTO0U5KiNikqHDWd1aiLnanxENUV00z9jkHblDgonSYzkD1UyCg4c4bBWMdMxjWjSnKJnm3N5bBU9AxrG+UDAR44hHwOEQYY3PYKFPc4mNIPKvOAHJRJck8cDSSQqeuuLpDpiKBVVbpT5TkITWtwMqnMRbd6Oue6TzO3K5n1XC5o7rhe3HKU3kX8o7OO6WR6hCPPKRGVYDsCeKPVIyIIYS76f3RWxHG5UL3tjQXE4xyjhvBwuBjR2XdW2FCL9j9guEgIeSu4KgTm3wLWcp4cO7VwNzunYA4KMXuYxLASSPCiI5DN+cJoJScPMhF2NsprjlCpWeghwQgu3JXdRwhIRFks9CST1w8IhQ16C5x2yU55GeUFwJIwgkw4rI5EHKG0HG6IOVSBkvQQcJJDhJMKYkkk+KKSeQRRNy88BMrrdjwisrtjFrvh98L+rPiNcmUNhotTDgyTE+WNvqf0XrHwc/stXfqOSO+dbslttuactZgtkfjn7L6ptFmsHS1vis/TttjpaaL+ndz/cnuutpNFjmaPL+U+pqtN/paVbn+/S/wDcynwt+BnQXwpibUS08d1vRALq0ty1hGfoHbn9gt7VVbq2bJzgbD2TC/xO2E3R6HC7FVSj0fO9TddqZ/JdJyY9kDdIJwU8Rk7BMbkd+E99VDTRmWZwDG98p3Qk+I0l3T7pafddHB704kkkmBjkk1JQg5JJJQgkkklCCTU8cpp2QTltIc9kxEO3CFlZZy3EBXGUw07nt5AWHkdrkc71K0vUlb4cLYWnBdsswuLrLMy2nX0df27hK+szadsYdpAefVUQ5RW1Lom4aT9lmg9ryOsjvjg0tRIG437LNTvM9eQBnJwF03GZzXBxO3ulboy8/Mn1T52Ka+0RGtVpsPVgsIZnIGyjJ9RIXSnKYlTQ6K9iSSSQlj0kkkZBLrhkYXEyXJIAULQo2jUTzhPnkGkALsflbugOOpyplSW47Fud0U7obRgLqsHI52SDk8hCgi1ygngIruCD3CVI3z5I9VTLk+Ca3YbJp4TwMbFDdwmCPYNxGTv2UU8n7ojzgndAPKX0aILgfH9SLJgMTI+6UnZWF7AyHKiyfUpL1Gk+pZrHkNBaVg7+6dMM4SiBCcwZkA7q4xyR8hSBFSNd3QWvycYRZs+GAhNGrCKaFp45JFDE2aqjY/gndej0MbIKZjIxgYWK6cpmPrWmRuR2W7aA1oAGwWO154PYeEq21uz9hXDOyVPF4jtISJHqj2yLM2SNlmbWD0tPMkiyL2x0ZaRggYQKKPLtZGTuiV4LWtb7otE1rYScblKZ0qk3YkFmyQMlVs7yZNA4CnTnDTv2Vaw5eSUMlk0WYySoNmhWNC3XJoxyoEO5AAVtbGZnG26RYbNNEuZCRTsHsqW5TkQklXEpw3Cy96ncXhgOyzI12vCwV0mZH59VpbJC4yB3YAErOUgEk7Q4bZWutjAxhPAIV4x2VpuZ7iVES+sMoGw2R7fE+oubn6do90yBuGud2GVY2eEtbJORs7YKjp9h6pw3YD2WQvs+qSMHsStRWOwXHP3WGvU+ZmgdiVaWTJrLNtZFqXEkKa8+DQOLQAS1QC4OcGkbqVc3iKgaPUJrjlHCc90XIrKdhkeCfVawnFGwY7LM29uqRoWlkOzWjYBvCy2o16DLhkt7CwOBJH/DKvov7vPoAqqyRtbDsOQrRz/DpHuXB1E/9RnqNLH/AEzzLrOp1Vc+d8J3Q1C+ar+Zx5WjKg9Tu8StqAtT0DAYqPWR9Tf9VntlwVTDfqDVRABwGFfUUWGNPBVPAwOkaMZV9A06Wj2XNtnyd6mBIOI4y4nYAleeUcrpr7M9zs4kOn2C3d3k+XtU0nB0kArC9PUz5K50gPHmKVXyx9i6RcX2ofFRkNOM8rLg5Vj1TVSCdsIPlA4VNG7Vse66NaRy754ntNFacMgzjcqfLP4VI/23UGljLIo2d+SlephFb3tBwSraWA4S+xyKW35rLg6Y8F2MrdW+NrQxoGMLI9MwNID9O5W1pdLADj2WG+W02aVZhyWcBAGAOQhT+UosR0xZ9VFmmDVhlLJvSwjIdQzGSUxq3scLYqNpa3cjJWfucnj3ERgLX26nDKONpHZU3gXFfdk0PS0AfOXEZWw3YzGFnulKU5dLjbK0rsYPZcfVvMjfWQJTrqGMPJKuqaIsa0dgqulYJKsucM6TgK7Zjj0XOkxknhBW9kUfSEIcoo4CV6M+OQjV1IDCSBhHGfUEYYwNkBGBwlMhxJJJMIPSSSUIMSSSUIMSSTScqDIx9hCRg7hAPKWT6pigxcDnEAebhZ2xsdPPWXN7fLJL4cQ9GNGP9FP6jrhQWuScPLXnaIj+s8IdopzTW6CIjHlBI9yjiUWDNwE48JkfATzwmljoRkoiZB6p6hBiYeE/ITCRhQgJziDgFNXX/UVxQgVeadCEVfWHWVzzkyVkcQdnnAyT+y9LJABJ7Ly74RtM0N7uOcipuUp1evCuAqztI9BQK06YAf8A6Iwf/VBHUO5n+REAeaiEf/5AmjIPgtCMNA9kMclFfwgnuFTD9ieNSgRgPuEgdv4bMNUtxwCSVHoWZY+Y/U9x39kEewvRJHCR2SSTGAyNVyEU7yNtjuuW3T8mwDbO5+6Fdn6aJ4HJSpAWUcI76VEW+SUG4JyVFvEnh22VwPbCMCSVXdRP02/w8/U8BOgAVNuaHOyRwgdSykNo4gPrnbspVuYW8qJeg2a50UDiAWHxN/RbK0DLotJiQwD/AAhVd1ndDb5S1wBdsrKYjSFnupZtFK2PJBkOy7Ojr3yUTFqX/pszWCd0iCAduEUAYG265NiOnkmx9Ayvb6JKMVE8jqntTkeU9Xzma9PyPpaqmJ2kjCJcpXVNxnqic63nH2yo+cAru18RPlutluvlL+56P8N2AUVRIW+Yv2PstkOVlfh+0tsgk0/U4rUsOSsd/Msnv/DR26eP+AocdPKazkH3Xfwn7LkI/ktP5LOlk7cnwVl3IM8bc/jCl4GgN7KBXO13SOPnkqbKSMALbQsHmdZZ95m+spvl7e52Ru12P0XhFO4TVbnPGfOc/qvYfiRVFlt0gkeU/wCS8jtzGtb4h3OSvV+OrSipHxf611OdT8a9IvbMwvrGjGwWzgBa4BZnp1gM7X45WnDt8Y7r0dKwj5hqHmYyowZQByVcNi8Gg8TPZUgBlrgANlobmwQWnOcYBCJ9iihtEbX1D5HbuznKtWY+fZG4ZAOVCscbRG6QDLs53U+Le4h3oqI/2Y/4yTBtrbC38ThsvLNGYmkeg/yXofxcm8ZzQDsMbLAU79cG44auLq/907/jP/w/+WQZItRyGoEjMDBVixnLXchRpmFpIwsE3g6cJlcRpdgo8Z2BTJR5hskxzdt0mMsMYnkMhTNyMBHZxumkZymyfASbQGJxaclG1akCRuSCE6J2kjJSWsmqqzPDCyM1DGFXzxuhl2GyttiA5RaqMSMxjf1SX9rH2RUlwOo5NQwTyiSsHKrYpDA7BVsx3iwgt5KfCeVgybcMhOGMhcYd9yiTDBUcZBQyRcJbXgkZK4uDhdO6zXRyba7CTb5CypbgjDtivQ+l5HxPAzkZ2XmUJLJAdXdegdPVJ1x7eiznr/DXLKR7Z07K+soC2Q/Twrumc51OGvO7TgfZZDomre+R8Z4ytcwaZnRjhu6XYfS9FNyrycqh/LJxwsB1LTjxXTAbkr0OoZiI5WK6lp8tO3dCVrK99ZnqV2jBHK11ueHUzHclYuLUBgnhaWx1TXN8AnzNGQjOfpJ7eC2nfsMjZMaA8DbCM6MSM0+qBp8N+jPCOK5OhLlFVe4C8loHLcLwa/w/L3KYHu4/5r6Hq2ahuM5GF4Z17bX0tfIJG76y4EehW+izB89+r9I5Ub/0ApfPSDPYZTDwU+0ysmpvDHOMJszXRP0uHuurVPJ8v1VfOT0H4d3CBobCfqBwvVaYtlgLMZGN14D0rXmiu8MpdhjiGle92qRuhrjw4LoVyyjxvkavjs3FFZHGlvs8EZwxxO35rYPjG2BhZK/U7rfd4a2EaWPdvhbOMsmhY9vDmgphzrVlJkQsQnM9Apro/QoL4yRhQRGTyV0zBhVVbTeI0tV3JCQSQFEli58v7pbNEJmFroi1+NOOQqK5QOdEXNHbC193gGSQ3G5WfqGB0bmELLbwzqaWzkxLv5Ty3TuhzEPAKkXCIxTOBGNyoZ4KznbqlvQocCQZKsjjwwqgu84CsoHAsG6hLI4I9TyfsoMvJ+6sqgElQpASUAVZHkOAo+ohwR5OFHdsc4S5GpJYJkMm2MKRHI5jg5hwQq6CVrtiOFNicB7pMluFybiy7gqGVbADgSBa/pDqFtFIKaoOBwd9l54wlrsg4VjTT6cHfPqsN1G7o9R4Hy09NclJnucckc0fiRuBa4ZBChVNIJCXYWP6V6odA5tJUyZYdgSt0Hh7cjgrn2VNH2nQayGtr3RKox6CW6djys3fbP8ALv8AmYR5Xc7LZujaTu3lR5qdkrDFIAQcjdZ8OL4G3VbujzgtUyiqnQuA5R7xQfJTksB0HcKrBMjsgcKGWLdbNfQ1wlZggHCkOAeM8LM26u+WlxJnSRhaWnkY9oe12QUBtqs3IFLESNwq2qgLeGq8lLWjGMqLLG14OyroOcFJGanDo3bJ8cwcBkKbWUh5xthVLtUL8YTDn3V46JLxncILiSOE9sgISxjf1RrsxTrUkZ+628xu+Yp287kKBLT/ADVLpI3wtXJGHDB3yqKqgloqguc3MTvTstEJYOBrdJ/VEzNHUSUdT4cjiNLltaWoErGyA5DhlZvqK2HQ24U52zuAn9PXYSxiB31NWmEsHMpn8M0maxjtQymvZk8rkMmW7pz9wtcOTqSe5EKqjDmH7LPVcRY84GFppm8qmrWDcYTDl66GY5Kp7Q5pae6qJoTHMRwCrlwOeFXVrPPkhMWTyGshxuAjAbzunY90EOx3XQSUUY5OW02TYZ/BcHDn1XovS90FZAIZH5cBkLzNm6tLRcX2+pZNk6e4SrKjs+F8k9BqFuf2vs9XA8wxsp1PgDfuqu21bK2nZOwjBAJVhGe2eFjmsM+v6e+F0FOD7CvjB4CiGJpJjeN1YxtB5QqmDSRKxuUlmtx3Iqx41BN4kZOk8haOgnbNG143yFXuiZNHjHKiUk0tFU+FnyE8KYChmLNDNDnDgOEJji3spcDmSMGNwQk6mw4FoVGpLciO8kEZanag8cIpYCMJsTdLjlWNjDAPQU1zfdTC0ObgBRjE5p3V9kcEiO5vuqe72iOric9jRrCv3RHZAcwnulCrqvljtZhaGvmttQaecHRnG60zXNe0OB2cMhDudnp6lxeW4JVNS1M9DIaaZrnsadt9woc/bPTycH0XUsWtvGVT1lNjLgFax1bJAABlNmjBGrTn81AbPvRnHHBLSEyZjZGjIyFOrqTDjKFCA05BKYuzmaiv0Z282cHM9O3jkLMVNI5u2nC9DlZlpHsqGvt2rOBgp0o5R5bX+MjNOUEZHxHQuGQifM8bI1fQOa7IHHuq8l0fIzhB0eXsnbpZ7Wi2oq2SmkbLES0jst30r1q+OYQVTyWnYgnheYMqsYA7KQyudE4SM5Ch1PHeXeklubPoqiuFNWt1QSA+ykLyLpvq/wADQXSYI2O69Htt8iuEYdGQSOQgwz6P47zGn10MxfJaloQiz2ThJ4gGycDoIOFMHWi1LohyQkblv7qOBvwrRwa9vCivhGdm4/NF2VZWmBEYIyhuia7lG0e+EPT7ozFOrBVXG3RTAjCzFys2lpkhPmbvtytxLGHDBGVCkoRICCAPdEpNHM1WhjesMyNvu7qcCGqBOnupV0stJdoPmqZzWPIzxyVIu1jbNGZImhrxuqekulRapfDkaSAcELRXbg87fpJVx+O7r9lHU0k9EdFSzB7ItrutTQziSI8dsrX1ENvv9KRGG+IBnjcLK3KxVFv82CW+oW+u45FujnD74cx/ZsbT1JDch4Ep0vxwe6mVFLnfbdeb0800LxI12CNwVp7T1LLqENS4EHglbIW54ZkkslzBWy22YMkBMZV5T1FPXs/lSBrvQqrfHBXQ5bg59OyhNZPbZRLGSW53WlPIt1tGhfHKx2l/HqolwttNURgvYN+4UqhutPcm+DINL8JSxTU7yD5h7pgh15MlW0DqA+JC92M/orC1XlsmKepwHcZJ5V18tT1g0vaAfsqO8dOOYPEgGD2IRmeash+BaOptR1RHY8IbvEiOJB+aoLZeKm3T+BVuc6PjfstNDJT3BmqKRp9spuFjAddsbVtz9xAqaZtS3LNId6qqrLVI1vIJV3PC+F2NJ/JdLS5vbPuhda7KnTGX5Iw9bZ6hx2GRhUdTQte8tA0uaf3XpFTEMg4VLc+nY6zM0DgyTHHqs86YyMN2n2vMTK0sdTTgeIPKpPkkGXMBTZYq2heWTRFzAe4yE+MskGuI/lnhZp1pcMyyi1yiBVW57SZIfp5x6KEJ3NcGkcLRtLR5JG7qFWWhs5dLAcE8jskulR6AjP1JkEOEzRnuo1TSbF4SkZUU7sPDgAjw1LDhryT7oHDIyP8AYq3kxHSRunxycbZwrGWiin3GlQKijkpzk/QeCglHb0HKW7gmU9e5hA1ABWcVXFI1o17lZjcHOUWKoc3BaihZ+xc6c9GpMAlGsITYnRkqtorxKzDXvwCrVtXFK0evqtHDQh1Sh2cGl2zgmyW+Gdhy0ElEfCeV2J7o8DGUtxyBG1p8FNU2l8TsxsOFFkpntGC1akgSBRpqEPGw3KW60xsdQ28MzbGyRuy3YqVBXaSBM77KTPbpWu3bsoFRSvz9KzzqOhp9Zs5iy2iqYZQNL+UVzct5Wda18fBIU+C6PjjDJWaiNgVmlVg7mn8jl7Zk3Sc8LpYAF2KeGZuY5AD6HlFIwM5S2sHShdGb+0iOGcqO6ljfy1TSzchMLN+EsNxTXKK6S3wEZaN1FdSVDeGZCuHN900tz3TY2yiZrNJXYuUVHiTRnD2EJwroTsTurF8IdyFHfQU73Fzoxn2CdDVzTOZd45v8DkdRkAjui63E51FQpbcQcRyOA7DPCYBWwnQTqb91sr1v/OYJ6GyBaR1ckJGkqRFd3h2CSPsVSfMuaMSDCfHMwkFr1sWri1lGO3T+pI2NJ1FJGxoEnHoVe2/rivpNJiqpRj0eQvOI5QcYJCkx1rmjcFNq1CkYLdBVPtHt9l+MlzpXAzxx1DQMYed1rrf8W+nq1zY6hron/iHYL5nbcHDkqXT1gccjlN+ZZ5Odf4WmfKR9aUfUFhr4hLS10bg7tnfKkiRkw8hDgfTdfJ8F6rKTaGRwz7laWyfEi927Rmtdgcgk7o855OTd4iS/BnvtVQwSOy6njPrloVHcejaGqBmp2iKQ7+XhY2h+MUpfqq4IpW+gdpK1dq+IdnuQaGuEbnf1FR4Mk9LfQ+itqekK6mj1wODnDsFWNivtJLpEDxj07rex3yimy1kzSfZcGioJOxQlfNJ8TRjB1AYhoqoHahzthSqe7W2sAbJKGZ/C9XlXaaSV+t8Dc/ZU9V0rTSSF0bcA+iZGW0LfX64Cihs8484jdn2Tv9kbNUbmnicD/hyqSTpevbnwa+Ro7AbKM+29VUrh4Fa4j3cVeV+hmZS/CReVXwzslWP7lrc9wMKvk+C1E7DqW5TRk77uOFHbcOuKLDvB8YD7lSY+vOpKbArLW849GlAoQf5IJfyo/hJA3fB3qGJuqgvDXY7GQlRH/D34h0ZJZUtkA/xlXMHxWkhIFRb6hh/5VY0/xithIEjJm/cKNVem0V8mqX5JMx8vT3xBptnUrZMepyohi61p95bPIQPRuV6VF8XOnH41zEH/ABYVhB8T+lJ8NNREPuQijGt9SYbvvS/20eQPut8gOKq1yRHndmEI9Q1rDiWlmb/4V7hD1f0jUjDq2kAPIOEc1Hw/qRlxon59mqbX6FfyMfnX/wBjwr/aScciRqeOpyACZ3DPbK9qmt/w8n2MFMfsAoE/Snw+qB/2eEemMKYn6YS1VXuDPKouqSDkVLv1U2HrENHmqXAf8y3U/QPQ0x8p0fY4UOf4YdGyjyzPH/jVP5P+Yt3aeXcWZyPrqnaP+2OyP8S6z4hMBx84ftlXMvwl6YOwq5B+aiP+DvTR3ZcZ8+7ley/0wk9G+8oCz4gRHH8933ypLevnkDTWn9VFf8HLODll2nHtqQZPhHRDZt0k/NxVr+Qi8aJlmfiDI3/4wn80WP4hlvNRn81np/hZCzi4uIH+IqM/4bxD/wCPOP8AmKrffnkio0T6Zqv/AGjgO/vv3Tz8SBox4v8A9UsWfh3Dwa93/nKC/wCHUWkn+IO/85U32/otafR/s2D/AIkjJxP/APVIJ+I5Jx4ufzWKk+HrA44r3f8AnKju6Dkbk/xMgfdTdY+0Mjo9K+UzcVHxHc0eSY8euVXS/Eepk+iUn81k39IPZsLlnHqSgu6cmiGfmWY9VTlP9GiOj05oqn4g1zttZ49VXS9Y1jgSakjP5qodaS06XSZ98pCzxZ/vP3S5Sx2OWl06JcnVU0uQahztlXyXeV5P8126P/DKFoyZhlC8K3x/jzj3QOQ2MKY/iiO+sq38PKjPdVyHd6sTJQtBwwn81FkqI3nEMZ27K85L4iRflql+P5Q+64abAy86VMHz7too8ArrbTcKgjxAoMjbFdla9kPaQZQjpHCvGdNv+pzVOi6fjaBkjKop6mEXwzKhrnbNaSSl/D6t/wDwzgrZR2aJn4AiNoHg7YACiL/mfoxbbHVOOS0qS3p+oIGW5WzbROxy1d+UeN9QUAlrZvoy0fTTNILgMlTaewxN5Y381duiAxkIgjAx7KGeWrskyobZYQdomZ+6eyzhh1eUYVmHNAzhNMrQMZ/ZTIt6iUuGQ202jYgbIobjvhPdgbkphdjsrCUpTCFuO65pzwVHdUYz5VFkuLI9nPLPuglPb2aqqJy/GLZYSPDMZKFJK1nuqae90zXeafJUCo6haTpZG4j1ykz1Nce2dGjxWou/pwaCWqIHYKFLWMaPMcBZ2a71Lz5XYUV9TO45e8nKTLXQXR1KPp+b/wBw0b7rCM5kVfPdCRiGThVO5KaGu7bLBbr5/wBJ1dP4KmqW7GSY6vme7DznKEXPfud/zTAz1RQ0AbFZJ6idn5HXr0ChzFHCTwn990t07Le5Wedpqjp/2NyAkCeyWWjukXDtulSt4NMKdoQnO57LmWoXjDO4S8YeiRK00KOCRkLoeG8BRwXOO2clEbSVTnY0oHYaK4SfSHOnxthNM3ZS2WqoeMlqkwWSJuHP5VOZpWmnMqzISntBccAHKv4rdStAywFSI6ekiJc1gyPZLcx0dE/6jPR26slIDIuVPhsNSQHSlrQrR07R5WgBDllcN9/1QuaNEdLXD+4Jlsp48ZIJCltbTQ6S2NpPqoYlc84aCcKRTW26V8gjgpifugz/AHNddT/+mhz52gYa0KO+p0+UrRW/oG9VMumcCJn9RKvaP4bW+KYSXCo8QN43KCUsG6rRX2dowA1zuw1uo9gpdL09eKjdtLgHuvT6Sx2K3yF9LSNc7GMuGcKYWA40sDQNtgh3s3V+HU+bGzB0PQLi1slXUNBO+kDKvKLpW10ZDjCHuHchX72Njbqe4NHOSVW1t6oKVnknbM87BrNzlDJ7jbXoKNP0uSRFBDCA2KNrQPQIdbc4aAfzHgE9sqqim6gvmY6el+Xa3l5GlWFH0YyRuu71fjPPvwhGqtyf2FVU9S1kx0W1utx7JtFYbzcZBPVvLAdyHFagN6ftTxHTMjJaMZDVHqL2ZMtpmloHfCJPIWxr8hlN09SU41TEOI74Rpqi3UTQIsbKDJLWTbOk29EN0IfjWeOUwJzSXA6oupeS2nbnKieHVzO1P4P5qQ4UkA2O6iVF0bEMNdpHZUZbLk3yx5pM7uxt6ockkFNjWQPsqiuvuDgyn8iqCvvjD/xHfqo3gxW6uEDTVl+ZEC2I4AWeufUE7sg4IKz1bfM50P3VXNV1FR9ROFHM5Wp1zf4stKy5+I7POQoPjOccdkFjTnc5T9IQrk5lmolP8g4IIzlNLjwh5PqnK0sid53Ls5yitd2KCmTytZynKAqVpKLgO4UWpqiOyiyVzYwck+26r5qqSc6Sdle1szW3+kHqq5xOxHCgiZ8pwU8U73+YosUIY4bI4xwYpTlJ8ihhzuQpMcI5A4RGRAAY2T8sjBLuydgFv9gywj2TSABkkKLWXmngBaHAk8bqknuFbVu8mzVG2hE7UuIk+tu5jcWw9tvuVXOkqax2ZCUSCme/BkG6saenaMbKorkzuUp9kKGhzjLcKfBSCMg4/dSWxNaE7UBvx+acopAqSj2cEbRwmy1McQ3eMqFU3I6iyHgbZVfLK6U5ccq21gXZYSKyvkd5Q7y+ygveXnJO6IQhh2c7JLM0ps64N5KF42TpwnEOPGyb4ODkBUIbcmcOTuhmR/CkeGcbDKe2nAOcKEcZMANWxI5RGMJACkCIADypaWjsoNjH9jGxt5wnYAC74g4TVAlJI4Sc4XUk9QFzGJ+nG+EkxMS3E3Y7Eukk8riSPYBKY0n1XNTfVcJA5KjlxzyUagZpWMOeFGOolEyVzARJCpT3DUkkksjeTrkORwxyF1zh6qK9xygkw4xycfIS/AGURjNslMawbEhHJAAACGOWE3t4RzSPRdSSTFFsW1kckThdAJOAvc/hF/ZkvPWnhXjqkut1recs2xJM31YtNOnndNRSMWs19Hj4fJqHhf8AmeYdCfDzqz4g1wo7BbXSjGXSfhYP8R7d19ifDD+z50r8PBHX17IrneGYJmcMtZ9mlbzprpWxdF24WywUMVPE0YBDfMfue6sWyHPC71GhjT0fPPLee1Gue2v7Yf29/wCQ3ictxzsmaS7fC7p2Tm54C6EIYOBnB0DC6OcJsssMLNczwxo7lRsXC4vNNR0xbEcZmdsMeyYD2Eqq1kDzFTsfO/sGtyEehsBrJPn7pqIf9MIOAPyVhQWptFEG7F/cqa0HGN/shFN4PgvT7pafddSXawe/HpJJIQxJJJKEEkkkoQYkkkgIPQ+2URD/AApMuiHHclCLSBk8IpUOvqxFTOzscHCw2vCyFGO54Mrf6oTVmhh2YCoDNhumyvMkjnk5yU9oXEveZZO5V9kEh5IxygEkkgpwJPJSjHiStjxs5Uuws45Cupy2l8TH1cKbTtENCcj6k+8s8OaloYgMaBldrBpjZG0YDRwmpCHLKIPJykukYXEOC0PSSSUDEkkkoQSa05wSMrrk1vZElkg9/GM4TPD9117S7hda3T3QlnU9MT1Cgc+MjCLTtI3UeXJe1TYG4aDhWlkCwchnhEPKGeEQMVkhycpLs31LiWPQ6PulIlH3TZgTwpLop9gHcobOyeeU1mxWb2MDsIDeFynyagEj1TtmtSjOk5AWiPRXaHTf3hHYJg3OAml+okItvhdLUjuAlWMuENzwjWdL0oaA9zd8LTAYCgWOnEcTSW9lYOdscBYLWz6BoKvioUQWXHhW1ubpi1Eb4VdCAXjKtW4YwYSprJ19PDnLASyOkk85zg8KzjAZAMDkZVQAXS/cq0fNphaNKUba3h5ItVNpjcR2UalJezxCMZK7WPL9gOUWmj8KJrT91TGKTlLIen+rjKv7VC7Ik07Acqmpm6nDutNCGwwhjfTdZ7Ozq6RZjkHWStBx6hZK4v8AEnO/CvblMdRAznCzdSQXk5S1AvUTwOoRioatlE3RTj7LH20H5gbLZEYgaFJrA/RLhsltGmhzjclW1HGY6EF222VXaC6mjYBzhXM+mCjbGRvhKN64RUXN+mnc/wBV5/W1AfVEbeVbW9zYpDtwvNpZDJVyOymw5OL5K7C2llF/NqmOHBUq8nVCyMc5UW1NMlU1qdd3ObUgE5GMYTH0cnf/AKTYa1sGppx3V4N9lT2rDW6yMnsraN+ojbuufqXiOTtaCP2JGptMemAE7ZCPcZfBt0hBG/dDohmljA9EHqJ3hWrR3JXBtlveT0lUdsMHldyme+ol1+Yudz+a9I6VgENqjIbyF5vPGZrgImjOp3+q9btNMaa3QwvG4aCslr4wHpI/6m4nUIzUNCvodsbKptkWZtZ4wrho9FzreWdurPZX9TzFlmkAHIKy/TBxK53+EK160mcIIYGuwC7LvdQrTCyOj1t2Odyio7JZMpOopvEumkDbChxNGpuDwV24SiorZJWnYEtCbRNLpm7911K45RyLXmzJpojsw5HCqeo6wNaymG7j2U9uxGSqO8nxa1u24AwpKOBjliGDQdPQiKJriPRaeAZIcAqCz07mQM1cndaWlbho2yuZqTraSOa0Td/BG/ZV1YdIJz2Oynahp04VHfKk08bgPRYjXYtsMmYpz8zeSCBs7/VegiINY0AbYWJ6TgbNdHyyNznzBbxseTseEq2W2WBem5W413TMOihzjclWM7Tp2QLNF4dA3bCLO4uIYDyuHfPMzoRaSDWyIYMpG6sWcqNTt0xAAYUlnKyWMtrIYcImQOEMcJ6WTAVJNSUJ0OXc4XEkBB6SSShBJJJKEGJJJKEEmEZT01QsYmEkDZPTCoEZ3qBorK+goA3UGyiocM7Bo5z+auWEFxwNuyo7e5tZe625Bp8OAto2Z/wjU793FXAdudkfQPRKBGE1NyU9v1AeqIJckiMNDRhJ/wBK4x2BjCU5xEd90ZCM/VnbhMLidiUfy6fyUc8n7qEEkkljOyhAVyqRS0NRPsRHE5x39AvO/giD/sOyUj+9qpn/ALha7rao+U6OvlSDuygmwfQ6Vm/hJTGl+H9q2/vWPk/V5TIGabxbtNooVaNXyzT3rIe/+JTAcqurstnogCd6lv7KxvT4Lc8IR5Rn4DnfcoLu6tGiAGocQ049ClRnFEw45JKbPtDN7sIRacYpYR6NAKAkxJ6YnohZX3rHymPVwCfDgRMb6BAvf9zEPWUBFZkAD0COKzyXJtEkADuqXqWUAwQDu9Wj8nuqG85lu0MHIa3WU+EOQUGo4xq32VJcHeP1VEzRkRQ8591ds2cN+6oWfzOqJnZzojAXQpgBN44LeoPYcLOdTu1CnjxvytA9uTueFkb1M+a7NDnbMGAF2tBDNiObrJf6bIoacgIV4cIbLVOON2H/ACUvHmx3Cp+s5TT9O1JzuRgL2Ojf3pHk/KPbp5SPIclznEnkoLuQPXCJHuM+yFJxz7LvuOIHyybzLLPYOiYfCsMRI5OVexjVsqrpcAWOkx3YFbNGO6wX9n0nxq20Qj/Yc8ENIB5ToPLGD6Icp22Tg/ERwOAlxRvsfBSkumvuceVjSSpsrsAn1USibmunmJ2A/dSHyaSCOy3Uo8rq5ffwebfFOs0UejYc7Lzih/uAfVbL4sVQknEQ4KyNO0NhYB6Beu0MXGtM+GfVFvya+SZsenYwIXP09tirjlpKg2RgbQMON+6luf8AyX7Lv1RW3J4K782SbbGH1YJ335Vr1FKRReFxlQunmNfMSRnGFJ6pcC4RA744UBZHs7fDpiSOU+KTTOZT6J1MRBQZI3IUR8miJ8n9IJSm8LIOG3hmK6ufDdJ6hh3DRgexWDpmujm8M9tlqJKttTVVDvc/5qhmj8OoLgO5XE1L3WZPQaJuFewi1jDDVHScNwhSx+IzUFPqYmy04kHIKhAgNIKySWTfGWGVlTH/AIeECMEO3VhOzOSd9lXvjIOQFnksPJoTRKjxtkooaDkFRI8g4ypLT5U2LUkF/cY5mQSow8ryPdSnclCdHtwly7DjLaw0DtfJXZIzp5UWJ2l43Vi0B7QQlNZN9MlYsFTUxYdkDCkUcvk0o1RBr3AUENMDtx+itPYS2vHJKqY8s1jGyjkeyMyYOaW85QpBhW3kzYOsOcJ53QIjuUQHKVLlGipiAx3Wq6cqZCxnn3Cyp2Vt09UCOp0uOxIWWSwz0HjLfjuiezdK1ksNfEGnZ+Mr01wLKlr8/UAvILbI6N0MkbsEYIK9doNVVbIZpDl+kbpco5PrHjrE4qJKrQ3wRp/NZa+02qN5I4C1IYXtwd9lV3SBpZJqHZAdK2O6G08xj+tw9CVZW7UyoY9rsbhRa6AR1kgZsAc4T4HubxyiOBXmFjX6NtFuM+qFO3S7VhK0PNTStc7kAZUmohDoyzGCVTn6OvDlZIUjRI0LyX4lW+d85nI8oC9dY3QDnsFjeu7eaijMg25WzTM839QaT+Rppr9Hkdgfqc4Yxup1Y3MirKYvoqsdgTgq6qGeI0PaN8LsUs+O6yhqtkaBxikDweDle59JVz6u0xOcc7D/ACXhTSD3XpfwzuUs0clE9+RHuFvqPG+Rq3QybnqWMT24PcN49wQrbp2sZW22MtO7AGn7pngtqrfIyQAktICrejZxTzVFtlGJGuJ+4Wk88+Y/4NRpz2QzGMcKTgJmAoZskGSPbhQqhgB4VvJGCM91XzRaj6KmHCWDNXSjy0uA9Vk6lmhxyO69DqafUCCOyxt0pCNRDdwcrPZHJ0dPYYe/UoDS8N3zkLPv+krZ3OAywkAcLJ1MboX6XDlZZLB3dLblYK92WuUyknJ2UWfY5TYZQ124QG9x3otXgOHChzN23ClQPD24TKlu+wUEr7GV7t8gKO9pIOyl43IKC4AZSpxyaoSyskEEsf8AmrCF5IbvlRJmDOydTPGdyk4w+QpLcWkZyAUeMlpQI3DA3Rmd91Nm4QpSqluiTYKjwy0n1XoPSvUkUzflJ5M4wASV5secqZRVPgO22+yyX6fPR7b6f8/bRNQmz2staQCDseChPYcYysz011CKlvy1U/GNgcrTxku3G47Fcude1n1/SaqGrr3RK6voI6uMxys54PoshXW6S3znLTpPB9V6E9ocBkKrudBHVxGKRvPB9EkuyvJgpW54VpZq2SNvhPOQeFCuFHNQTGORpx2KA1zgNTSQg4ERm62beA+MzUSE58eRjhUNmub34ppj9ir9AdCE42RTRCqYA4cKiroBnjlaabjGOVW1lJ4sfl2cDlUJtryZ0ao3bjlSGyBwGyU0BH1BAbkHc8dk+MsGCyDiSSMqPU0jaqIxuPPBRWvA2T8hNjLBz761NFBGzXHLb5/du/8AmsjXUVTZq5r9wxztiF6BcqUPZ8xGMSN3yO6q7hAy82x7dAE0Y1A905SPOarTOLyg9qrW1VKx4IJxgqeXB7dlirHUzW+q+UqMgO2GVsY9xytdMslUWyktkhkoIJCq6yNwGcK4lbnCiVMQfEWgcrUDqYucdpn3gA8KBVNLhnSrOcaDgBRy0EHZPisnlNXXjMSjmaQ7GMJrVLq4x2UMO3KNRwcayOOCRFyVKadTcAKJFk52UuLbcq3DcjLLKNZ0jehE4Uc78DOBlegRbgH1GV4yyV0ThIwkEL03pW8MulAzUR4kbcO35wsN9TyfRPpTy+6C0tnfo0sJOApDmhzMFRoT9I+6ltOQsslg+i1PIBkYBxjZDrKHW3xYxgjdS9GN09rCeRylGnZkBbKo4ETjuFcsw9oOVST0ropBNGNxuQrGkqA7GpWOrWCQYyOyYY9lLDQ5uwQTtn3VYHg2HBwQlIwHkJw2OU9uJNgFCNfsjFjeMIL4sDKnmB39P7oRaeFCbCqnj1DACprhbQ52sDc+60zqYP3USopSSMhWZrq96MjHMaeXQRjBIVmycSNGy7crcx+Xjyu9lTwTSUsvhvOQp2cyUXX2T6iMPbjHZU1VCYzsFdeO12QByFHqKUTNOyYome6Cmijb59sJlRStLfupU0DoX5xsELWXHSiObdTgz1fbwc7LOXC3mPJAW9qaYOwcdlS11OxwxhFGOTznkNDG7LZh3ROa7SQutzgZV3W28bua1VD43McQQrccHkdRRKqWJDmnHBwtP05fKpgEQnIczgg4OFk39kSmmkheJI3EEIFArSauelnmLPaLP1LK4tjqHj7+q09NWR1AGHDK8YoLsZ4QRs5vKvrV1TLQyASlz2I/jyj3HjfqqEcV2s9TBymuZnAyqS29SUda0Bsu/oTur2ECYZacgpUoNHudNqYaqCnB5QJ0WN8ILmb44U50e2PVR/A3zwqb29jJLPZFMRTDGMcqcYwBhAMe+6i5Eyq3EF8LCd2qjuliiqCXhoytRJAQAQossRLcYRqWDHqdNGyO2R56YKu0TiWLUG547K7oLrS3JppaxrQXDYlWtbbm1UZjeweyy90sNRTnXT5/JPjdg4F2nlp/t7j+ht46aex7pKUeU7hZ0tlgkMcgwQtZauo/DYKO4DJb5dRU25dNQXFnzdIWnUM7LXXd+ziajSRsnmsz9jvE1JOGySExnsStdHV0tYzAcDlYWrtdXRSHLHABEt9xlpJgHk4zut9d2OzBOvb9rNPM19HN4kbiMHOVe2y+RVbBBUY1cZKoYKuCtBY0ZwN90CoppYSJYjx6crZG5CLK8RybGakGfFhJHfZMjqfFHgygbbEEKtsl/EhFLVHBxgE91b1FEJf5sLgDym71IRt+3JVXGxUlRk6cE+yzpjq7RUO8PWGg7HsVqfmpIJvCqwcHYO7I0kMFTHpkY1zSmLJnnUk90FhkS3XGC4xBr9IkAwQe6JUU/hHLQd1U1diqKZ5nopCW5zpBwQpVuvT34pqwA428w3CZjIW/P58BfDbKNLhgqvqWS0rtRblhP6K4lp2j+ZCcjnYrjSJGaCG++QhlHBcqsrJRSR0tYzTIwZWVvFgqba41dI8ujJ3Dey3dbagWeNTjDhuQO6rnPezLJWbdwQkSr3GK2hsx9HXxzkQTtAPGVYeB4RDmOyDwE6+dPR1LDVUDQyVu5DeCqSir5YZflqsuBG3m7INuDnW1MuJqKCqYQ+MByoa+zuiJdE049loIZQdxvlSQGuH0pU61Loy/JKt4MOwzxOw4bDlWDXwVUQjkIyVZ19nZMXSRYBPZUT6WWllIkaQOyRKDQ6NyfTB1Nrc3L4cEeirsaSQdldwVDo99/spUlFQXOPfTFIO+MJbr9jVe499GawM5UiKrkgI0nhEq7ZVUZOWamf1N3UUnO3oiXA+Mlb2W1PdScCY/ZWkUkVQBg4WWPr6KRS1kkRw0qlMRZUl+KNOIJWjMbchda8tPmGCq+iu4GBM7ZWTJKWpb5cEo19xklCS7Q5zWStAOMKJPbmPGxwpToJeY2EhJr3M2e3CJ1ZFwscHlFLNayDkNVfPSGPbHK1WGP2ICE+jjlGSwHKRKo0Q1TX5GUaHsdqA3CkwXCT6ZTsrKptZP90zb1VZPb3tOMYWWyn9G6rWuLTiydFUQy/TIM91IMOwPqs+WuYcjYo9Nc6mDynztHYrO62d7S+U3YhYWhZnuuaR/V+ybBcKWpGD5HehRmlsn07peDrQ1Fc/xYHwz6JpiIG7dvupTYxjhIs9lQ9JEIxhMcwYIUvR6BDLMb+qXNZYqUU+yvfSRPPmb+6jvt8WPIDk+6tfDym+Fp5CNWOAmzSV2eindFVwu8g2ThLOB/MGVaOYXbY2Q5aZrm7s/dNhqZZyjBd4xdxK9tW0HSdsooqJAAWSYAXH0TC7yt/dCNLKfoB/Vaoap+zm26CUX0S2XKZmzjkBSI7jE/knP3Va2nqBnMaTYSORutMNZJcGOek2+i2FRrGWO37IlPXXamkEkRcAOMKpY5zeEQXGrGG54Wr58rkzT06/RrLf1xdKKcSGR2Ry0laul+L9YzSJ42MH+ELy+O5RkDx2tz6oplpZgCJAPbCON0THPQU2flE9qtPxat88zY6qdo1dnBail67sczsCobkr5sAYHYGE500seA17t/dH8yMV3h6p9cH1NB1DaKlupkrCPyRfmKSrOICwkL5ZZe7nSEOgqZBn/ABFWFJ131RSPD4a9wx21cq/lRkn4Sa/22fTOkgaTHj7BA8GF5/mRgrwql+MHVEZHj6HtHKu6P44zDAmo2ZHOG5RK+Bll4vV19YZ6zJQ29zcOpI3fdoUGWxWWb++oIvvpCxtP8bLFK0Cpo52O7kDZWFP8VekZt5/Gbn2VxnB9iZaTWLtFtN0r0zJ/8NEP/CokvQ/Tj/7uJrT7BOj+InREnFSBn1KOzrHpB5wKzGfUolKt9MBV6uPeSvf0FanO/lyFv2JXP/Z9SNGY7hKM+rir2LqHpWYZZc4wfujNuVkn/urrT/8AmRbkRfN0Zt3Qkg+i5Sf+coD+hrido7u8f+IrYiS3fguEZ+zsp2um7VAd+amUCrbUYaTou/N3jvL/AM3OQT0v1RGMR3h//mK35LOzx+q61rHHG5CpsL+RYvR546wdYZx/HHf+YrhsPV7d/wCNuP5lekimpiN2b/dd+WpBv4RKHGfYL1c0+Yr/ALHmLrZ1m0EC7vP/AIihG09dE/8AzxJH/OV6mY6QbeAgn5EEgxH9UUcrjI1anjmK/wCx5mLb1qBh1c4/+IlCdaurnfVXOI+5XqGqgO2goZioucK5JyJ/Jf8ATFHmLrP1Keat2fuUjZuonbGsd+pXpRNENtCDJHRNbqBCHayfyp/8q/7Hnf8AAOoXb/Ou/UpfwO/jmqJ/MrevDR9G4HuobyCMZUaYUdRNmN/g96/FUApSWK6PGHTBamRuD7KPLUx6tJfjCW8sNXzRlZOn7iT/AHoTHWC4d5BhawyQ934/JBkqYuA7KXhjY6mZmP8AZyoP1Y/Vdb000HLwAfur/W7slrJ5wVXIxaiZSNsMbeAEeG1xRHPhtKssj0TdY9P3Rvgjsm+WRxTRAYEQRWsx24XXzwxY8R4CbJcaFo+tWRbp8JHS3gprmNIwoz7/AGyLcyg4UZ/Vtvb9Ij/RDwRaeyXosfDAS0tHcKhqet6VuwdEB/yqqqeuYARh0R/JU2o9sfHRXT6RtNTf6gkHNOwcF58/4gu1Oa2maQO+FGqes62YfyGBo/RLd1a7Zoq8VqLPR6O8tAzqCiTVjIxlxAA915rJ1HdJeZSNscqPPW3CZul9S4g+hSnq60dGj6fuk+T0Sa+UbD9fCgy9T0TOXEFYSP5gkfzHH80dlPI7Gp5P5pEtbjo7NH03Wv8AcRppuq4wDpBeoE/U9VNkMbpVV8q7GAESCn9RhZ56+b4R1aPCaevlIM+7XR+f94wCo5lqZM+NKXZOeVI8AemU10TQcYWSzU2S9nWp0FUPxRHwU/STsnhm/CI1gIWd2t9mr4Yx9ADGRyF0Nz3RyzPdd8MjulysTLVa/QwMJ5XdLR3CcfT1XPAeUp2tGmunPSHAY2C4XADI3T2U7jkY5T2UTgcnZKlaOjp5vpERzzxhLVP+CPKs20LTjU1FZSBpGBhLdo+Ghk+yo8GdxGWYUmOglcPO3ZWhhAwcIuRjCTK7JthoYx7K1tqidguG6lMtlOwbtR9Qj3xldFTn6QChU89miNFcTsVFTNwdCM1rYx5CPZKKjuNUR4FI532VpSdHdQVLRijkZn12UybK6W+K4Mr/ABPZDdUY4GVsrd8Jquo0yXCufHkZLQVoaT4YdO0zR41TM4990DtwbqvG6i31g8pM88hAjIGdlOorLd6/aCAuB74XsVJZrJawG0NGxpaMasblSvEDjswZ+yV8uDZX4Td/us8wt3w7vdY/FS5sDP6iVdUnwso2nNZXvd9nraBxefKU80c8oBGQPVC57mb6fGaWrtZKml6a6ft0YiZTwOx3IySpgjposNpKeMH/AAgBElNro2l1fVRsx2LlV1nVtgpmn5KOaeTOA2NmpEmzV8dNP4osSy4Sf3TDpHJ5Tvlw7AnePfOyz3+0fVdzaYbbbxSsPLnjBQT0xc60+NdrtLGXchj8BQH5OeC0uHUHTdpc4GqZM/gNj8xVU/qa71rHCz2vSx3L5W/5KfT2Hpe2N8aVkU0ntuc+u6l/xMaBHRUelo4AAUJL5J+yiZ09d61wmuFxIa7d0YOB9lZ09v6dtbvGEQdJj8R1YTnx3WufpkaY4+c//MXH0Vupt6t5cf8AmUA/H8jrry5ziykZpCB4VzqjiWUsafdGdd7XTsDYadriOFAq75I4jwmaB/ko0R2qKJTbc2E6pHZ9+U6SejibhpBd9lUVF5GjEs/5KirOoqKM4L8FQy26yuPbNLNWvBJaQG/ZV9RdWNaR4/5YWSrupj+CfbCoK3qN7tvGRnL1HlK4cGyrr7Gw/wB4Tss/X9RR95HLMT3mpmPlJPuo4lllP8zdQ49/k3N/YXFVe2yjyuJKrJJppSCXHBSjY3uE5hY0cbqmsnPnqZzf3DWxk4JajNY0NCCZN0hzglMURTuD68cBdyUwRn0S39eFSgwfmCfknFwHcKO+fRthRZqnZNjHAqVqRNlqWsyAQq6pqi7YboEkj3nk4XWRHnlMijNO5jH6pDlwRI4sEZCOxjQOE4M9ESSEtuXZxrRgDCI6PYOQZJmxbkqtrLy7ZtOMkdlTFu2MeyfU3GOjGH7KoqbvJVNMLJMA8/ZQZWVVVN4k5/LPClw0nGwCNcmedrlwiOyhY8h0mSfup0FLpwG7KTFTYA8vHujN0R7nsjURTWOWMjiDdy1G0hg2UaorI2jEaq5a2d5xq2UFytS4LWprQ3IaeFWvq5pMtLiAmNe527uUgAOO6MTKzcJJdwUsFKkmDyxun3XAwDjupGCcFdDN+eVTiUwAaCcJ4i9kYM3BwkdIbtuVHHBaiMEYXQ3HcJjnhucIJJPb91EinJRJZewDYhRXuc5caD3cntb3Vi3PINoJ5RtGwOF3DeycHAd1CZGJJJrnDHKPaC54C7AHcILiBk5TC8EndMcT6quhMrH6HGYj8KaZsjGExq7gIxbsfTOklcQkkzAIkklwuAVt4IdQnSZ2wmulwcYQ+6RJhxiOLiSmAHKcOU8AYQpZGdHRwupJBsjjhjNSbCDl0hRxaDozobqTr27ss3TVukqp3buwPKxvqSvWfhL/AGWr91f4N56wzarVISY2uyJpm+rR2X1j0z0h050PbhaOm7fHTU7cZOMyPI4LnfiXS0uklLmXB5jyn1Pp9JF16fEp/wDl/wDtPLfhf/Zu6b6Ma2u6lZHdbo3BY7J8KI75wO5O36L2N0hjxjBTpJMDA7oOCTuuxTUqej59qtZdrZ/JdJtiL3SEZ2Ro2DGUxjBjK5LPT0rPEneWt9QtSmujI3xgk6fdAkqY48NiIfKfw42Qv94uILKZrmM/rdtlWFJb4qYAkBzx3Ri2yLFZzWTtrbiS5pG0P4P0V5FiMaWjDQScIQOdgU/UGgkkD7lEESQM8lUHUPVEFsheylcHTn6d1VdQ9XkPdSUB3bkOcsXMH1Ehkke4uO+5VJYGRq3Hzskkku0e5GJJJKBiSSSUIPT0kxAQYkkkgIFJGOUE8n3SBOeSh8pFksEHkchUF/kLIdI75V8SADlY6+1j5akx9hthczVT2wZq0lW+zJUMyXcKRsGhNYBhMkPC5PPbOs1jg6cO2B4RGHw5WyYzp3SjaSnyjTsokLb3EiAyVdaaiTcY234T6p51kZyBsF2jZ4VNqdyQhOAOXHunxWEL7BP+opqc/wCopqvAYkkkkIQkkklCCT0xE0+6oh1vCbkEnBXDwUOLOoZQl4DNBynO2buusAODhcqSC3AKrIDlgjsBklAA7qyaAG49FCpWHUSpY4KJSwDY8idyUFxG+6e7uo0me6IkXyDccuSQ8nUpDPpCWhqfB1MkI04BTnfSfsors7nKqTwiHHcpsY8ya47lEgCQnljB830brrOMLk43ATiQ1iYyhuMlWNkjBqCqtpyStL09TgNEg2cTuT6LPNnQ8dT8t6TNhbmgUrccoz8ADKbTgNY0NaQD6rk5wQsdkss9/TDHASlB1A+qsJnYAGVDpRu0lGqN5TjjChvglFD6ZoMoceylyuGgbKLQtLg45zhGm4wD3Sx0XiOCBI4ukypw+hv2UOJmuTfsVOjGcJbGVywTbUwmoGRlX7wdgqyysHjZxnKsK6Qhnk2yVnn2dqh7KynuhLQ9w91nXuLirG5yyEOGvdVsuHNHZT0Zr5ZZb9OMa6r87c+i08wxPHCOHKn6VgaWGRw3A2OFd07RLWAnfBAHskzlk6WkWIFxC0NkhZ/SQpd4OlsYG2RhNpomuriCNgMqLep3+Ng8A7JcXuZtsxGtsyvVVVJFA5rXADTssO07lxO55Wm60nPhjAxlZeLy4PK1QhweQ8jfuswXlkZhz5Tw0coFxm11YGPdTLU0Gnf7lVswElfuc4KJoyr7oKJcUe0I25VnQBj5mtdg/mq6MARtwNlNtALq+MHcLl62W2B6TQLDSNrTZ8NocMduFV9UzFtMKf1Vw3bCoeqTlo37FedlLcem6jkw9qi8e/MDhnDl60PpH2XmfR1JJWXqSRo2jO69NxhZL2+h3j45Tl+yytjcQ6u6sIAS7B9VEoBinAU1m3CwyfJ14LHRkesnl9XFAOTghcjaaa1ua7ktz+Sr71NJPdi5784fgewUm7yPjoAGnkYWilZZlt4TkZTOXu/5ipdvH81pI7qvDsFxPqVa2wagx4HJXWgsI5G/fItHu0tdIOyoSHT3AOJz5lb1snhwO91VWlpmrzkcnKTZ0aE/uUTb0Q0xxjGNlc0g23VZTDSxg9lbQDDAuTe+Tu6aOI4HyHGMLLdUVBDXALSTkDlYvqao1O0gclZc45Gaj/bwXXRFGPlnVThu44Gy2EEXmbgd1T9L0vy9lhGnBJytBb2l1WzbbKxamW55Lqjsika+CMxUsbQ3kJpafmI9ucqTsGjbgJsA1ztJHC5Fr5NCbwTGgDbCMxCHKKzsslgxhBwurg4XVCx6SYkoQKkkkgIPSTElCCSSSUINSSSUIJJJJQgxRLnVsoaKesedoYnP/QKWVQ9Ty6qeltsZ/mVtUyIHnDeXbf8ALlHFZCOdPUkkFtb45zJKTK8nuTvk+6sNGCRwk2MQxiJvDRj9E8jPdHJFM6nsP89gTF2Bp8TJOVQyHRKxjZDlOwCJnCFIQcYRlMBqd6riSShQkhykkOVCIyfxbqTSfDm+TAZJpiz/AM2y58OYRT9DWaIjimH+ZVf8c6nwfhzcIv8AvnMZ+6uejY/A6WtcBGPDpmBPgZMZtbLlV1az/e7e3HNR/wDulWGQoFYc3S3gdnuP/wBSVJdjkWcmzj9ygvRX8/mhO8xAHKno0ReAE5Pgu99lIZsxo9go0/8AdO+4Upn0N+wQi7JZ4OpiemKBIrbyQXUkf9U4UnRgkcKDeXZrqFg/7zKsXcYTUslz9COHbZWWqpzN1DI3tHGAtKARvlZWhLZrtcqg76X+EFqriAWJySMHus/bHeLfa953w7GVfccrO2Hz1Vxl/qqCFvq7SM9hdl2cjhY+oeJbu/bdamV+khZGF4dW1jzyJCB7Lv8Ajo7ZnN1jzHAV/lndtssz8R6jTY2xN2L3gLTkajk8rD/FCYsp6aMf1Alen0X+6jyXnJ/Ho5M8+06QVGB1HCkO2a7KhjeZv/MvQy/E+Y9tf5PcunWGOyUgI/AFZtUGygfwekGP+GFOGB3XPu7Ppuj5pg/7A5cnCJJtEceiE85kaz1TqpwFO8f4Shj2Nuk0irt2XCdx7yHCfMdj7JlqGKLJ7k/6p8xABJ7Lo0xyeY1L5cjxb4kzGe6NhH1ZVJAwgMjzkjAVl15J/wDXJIB6bKFbAXVceo9167RPFaR8C8/N2a6z/JuaAeDSMGPTb8kaQjw3DjKa0AMwDtgJkjtQI4XYi3g8pNfcX3S8ZdI4/ZBv+p9z0j2AU7peLRRzSgeYDIKrC19XcjrcdQdnKIU+CbVRCOgaO5VNdpPlbZPK4j6D/krm6SAMjpx9XJWS67qDT2J4B5aVnueINjK47ppI83oK8vmm9z/qpM0TXYcQs9QVXh1AceDsVp26XsGD2XClLe8nfnBVLghQ4OqJ24JOFX1DXRSacKyczRUYG2VHr2A4cG7pclkKE+cECTztUOaPbOn91KBwSmyMy07pE45NcHgrwcOwpEbtggTtLTkDZdidxsgi8GjOSUmHhOHCaeFMYBIrtpPzVlTnU0DKgyNJcCAi07sOySqNWmliRY+GDuq6vgLD4gGxKs4htuh1MWsYAQnUshvjwUkbjqwdkaTgYXKmnLHZaEyObGxCo5lkHHsactRItuSuS4IyExhydygmSuWHgkLtJMaaobIeM7oeoNGeVyTzLPjB1NPY65KR6/a6uOpoY54jnLR+S9X6DrXV9tNLK7zNGW59l4H8PrgJ45KB7/MBloXrvw+uLKa4vpJiRq+j2KWfVPC6n5Ixs/Z6HS4c97C3Bbsq66QlzX6Wqzf/AC6nW3bU3ceqHWxZjyG7lAexxuPOb/TNa9krRjUN1TRu0PIIWsvtODE4PG7dwsrNGWnUAoef1Ney1l903VvbUuiLvIWggFaOVvlyViLbUaHslBwQd1u4z4lOyTHKE3aX7o7WV5aQ4hUvU1H4tuJDc891oZG6XbDJUSvg8enc3AOyfTZhgazT74NHzxe6T5Wt09s5VkxpkpQRzp9VK6zo2xSOeW4dq2KrrTVa4vDed2jC62nlk+N+X0uycokXlxx2Wg6PujrVeI5TJpjkIa4dlQPBbI8H1T2uLSHDscrp1yweD11OU4H0lQvLowfwuwVVTOFt6ojmjGGzYaSoXRd4bcLXC10uotaBz3Vl1RRuko2VUTf5sLtWe+FpTyeOlH4pSizXNaX4IGx3RDCQMqP01XMuNqimzl7GhrvXKsDv2TDnSzF4ZBLDuoczN8YwrMsG6izxk8BQNPBVTxgjKzd0pMtcQ3utfNDkfSqavgwwjRn80tmmq3B55W0+lzge6yd9pXNIe1uzSvQrrREZc1qzdZTNmjkaW7kYWaxc8HZ0l+JZZg5eyiy5a4EKwqqeSCVzHjBaSFBkIfthKwd+p71kk0dQeCpb3a27hVETzG8e6s2SB7VRLI4ZHnG4wgvUqXfBUR4wUmYVYJ4zlRoy4PCmOGyiyt8wwEiUWxseixgcTjdTonAAKppHjYFT4zxumwXoRNYZMBykCWlMYMjlP9vRVKrcKdkq5KUSfSVpgIJP2XoPTfU0FREyCZ252GTwV5g4F2CFJpKqSke2Rjtx+65uo059D+nPqKVWFKR7YJA4DZCnZkZws1011KypY2Cd/mGwJWmEmsccrmzrcWfUtLqoauG6LKquo4auMxysBJ4Kx9xoZrdLocMw/hIHC3sjAeyhVlFFVRGKVgIKy2Jh2Vp8mHhkc3JafzWjs1xNRGYJXAvZwe5Cpbha5qGUsDSWH6SoVLVvo6hsoJIHI9kORcJup4N27S4c5QJYwBzyh0NXFVxtkjdseR6KTNHsCFT6ybq5KyOSoqqcYJAVLURO1HZaOZudiOyraumycgK97EX15XBU5OxyiiQ8IdRGWnKC1/r2T4HLnDkmkhwwRsqmohloZzMzeNxzhWLZB6J72NewtcMgp8eDBqKFJdGTv1udUsFfR4y3cgcqd09chXU4jftIwYKPpdTTugf9JPf0VLNFJYroZ2AmCQ6jgcZWqqWDhzp+KzKNZnB37oVQ0FnK7BI2aMSNOQ4AhOdjG5W6Esot8oz1bHpflQSTuCFe3Cm1x6gNwqKXLCRhaE8M87racSbIdU3PHoqx7cOyriRueVBnjBIwExvJ5rURalkFC8cYU1hyMqA3Y7qVFLgAYRwM1i/RKZGXe6sen7pJaLg1jidDzwq+N242T6pokjD49ns3yhtr3IPS6ieluVsO0ey0VQ2ohZKwg5Cnwu1Fed9EdQhw+QnJ1gbZK3kMuXAEcrl3Rwz7d4XycNZQprsstGWghOjIBGR+6bE8aACOU9ww4YKzHo65bkFfG18ZGnfsVBbqheFYMORhNmpwcOwhHqDYakl8QDKMYjtuoUJMZAVg2Vr2jZTISTBFm2M8psA0uwe6O4cIT25IIUHYQbII2Uct52T252ypAjBbxuoHt4IJYUOSIObup/gn0Ud0TskKCpxKaqps8t2+6zN1oCJTI0bLbTQ6gduyq6ujLjnSoc/U0b1hGOZM6F4afVWccokaBjnuhXa1uaDUU443c1V1FXFrxFLtjhFBnHnmuWGT6ukDhnG5CqZYRCSTwrzW17QcqHU03iDACahFqUlwVzXxyDGeFBr6VmC9vflGmikp5TqGx4I4XSdYwSnwOXqKtywUM1OHA5b2VFX0OAXALZT0o5AVfJTNzu0FMayee1+iU6+TEPYWuLTthcAwru6W5jXmWJuM8qqkYWHCCUP0eQtr+OTiw9DOaeXV2cMFWnjaxtsqHfsVPoakj+XIc44KKCwYrF+i2pqmopzqjeRj3W36a66jaxsVacEbZysO3DhgBDewjcNUsj+jq+K83qPHS2xk2j3umqoquFs0Lg5rhkEJ4btzwvFrR1ZcbPIAyVxjH4Scher9OdRUV7pmuZIBJjzNz3WO2J9Z8X5zTeRSUXhk4tQXRj0U6SDG4QHNcOQlvg7/AC+CO5vuo7owe+FOc090F7M43Uyxc68kB0Y7BRZqXxCTjlWjo88obWN4TFw8maemjL8kYu7dPNlkdJG3S70VVSXG62KU4LzH6HcL0Kal8UElvAVBeLQ+ogJY3cFNhYcLV+OcJOdS5HsNvv8ATCWN7WSEbtPqqC8dPyU4L2t/MKK+nr7W7xWFwGeyvrZ1FSXCnFNXANd9OVshazhWUxu4n+RlKaoqKCYOJOAtBSXqGYBsmASplz6aZPHrgIORkH1WUqaGropDqYQAeQtULm+DmXaedctrL6spQ4fMUr+N8BW1l6mdExsNXnLdsrN0V2j0eDNlp4z2UlzBkEYwdwVtrtM7hjg9GjfbrjDhwa4kd1U1dPLRSE0+Sw9ichZ+33WaiIH1ALW0Vxpa+AOc5uSNwVshYkBKC9ECOp8byuGlw/dRbhaGSgzxDD8bgK1rbcC3xafZw32Ve2tdTnRO07bbpjmZbKtywVlFcJ6GbwqjJjO2/ZX0UMVUzXERxyFFqKajuMeGEMf6quaLjZn6oy5zPbcI+0Lhur4b4Lc+JA/RLu31Q6migq25GAeyPSXCC5whsmlr8JSUksJyzOFBjip9FC6CWlkMbmZwqu8WOlusRw1sUw3DwP8ANauXEgAc3zDYqBUU0jDljchVOCaMt1CR5r4tbZKg01bG7DT9WNiFeU1TFURCSJ2Qf2WhqqGnrYzFVQNeD6jcLF3Hp+6WSodJQvc+AnUMdh6JKi0zl6jSZ/Euw0+iFU0cNS3LxuO6g2i9w1MhppnYlHrsrhxc0amFDOCZyZQlS+UUFXaZWHXC0kDthQcOa/BGMe61sEzy7RIQQFHr7RTVjjLCNBPZZ51sZC7dwynhrTpDJQHs9wgVdogrYzLS4bINyEWot81G7Dz5eyZBLLBIHs2/1S3FmmEpLlFJUUk9M7ErCPdR+DkFbQ1dHWN8Orgbh22ccKvr+k8tM9vlDwd9OUDikNjqF/UUDXkA53Raeulgd/LOMIEkUlPIY5WlrgcbriFScehvEzS22/AANqCrEyQVYzE8ZKxZ9fRGgrZodo3EI43P2Z7KE19prhSSZBZgjuE9rcYa4YKrbb1DEWiKpBBG2pXUbqapaHMIOfQpm5TMcqpRYLwWnOMD81DqKBj9yPzVi+nkyPDBx909sYxgjdLnAXCbg+DO1NqicNmb4VRPbJYySG7LavhaeyDJSB3lI5SXWmaIaqSfJhXxFjhkYKM2sngwWlaWqscEmXAb/ZVNRZp2jIbsEqVCOhRr1DpgYbvggTBT2VcEwGkhUlRTOjOCOEGOWSM+UkYSJ0pfidijykumzS7EJha0d+VTNr6lpAc/ZS4K+nk2c/dIlXg6tOthPtksYxgJaRnON1xstO4ZbJldyMZSJxbN8JqXR0RsHZMfECNgioQYSTkqsYDAGEeiCYyDxt91LXNI9Fe5oprJGw7uEIxnnSpeAn6GnsiV7TE2aSNnaK3wsHHC4WN7hTXRf4UMxEdk+Oqa7MNnjlnojeBA7YswkKaMbs2RfDcCmhpG6bHUGSzxqTycLJgPJwmieob+LGEXW5v4f3XA8E/Tunx1Jml479AzU7gTlEE0JILSiNZC762ZRBBRHg4KP+TH2Jl4+aBaxjGFwMbnIxlENKzPlKRt8+Mg5UV8H0Z5aCyIgB2KWr2TPlqpp/ujsmhxGxadvZF8qYr+JZ+gjcNOQB+iO2smbw7hR/FCRlBCdGeBUobe0TWXOduACjNu1SBs4j7FVOvzcJ4ftwmK5ipUws7Lll+rmcVEo+zijN6pu7PprZcf8xVD4g9Fzxm+iv5iR0lT9Glb1jeBzWTf+cqVF19eYR5KuUfdxWRMgA4QTVYyCCq+ckvH1P0bpvxGvIPmq3n/AMSOPiXdQADO79V5344/qcl8xj8TlPnAXjafaPR2/EuvPMrj+aM34mVpGjyfcheZ/Mf4j+iQqR6uRR1GCn4umXo9RHxIrnHd0f6I4+Ita9ukvj/ReSfM/wCJy780eNTv1V/yCv8AhNR60eu6xxz48Q/8KaetqtxyZ4//ACryT5p3/eP/AFXPm3f945X/ACEUvFVM9cf1fUacuq4xn3Ub/at+cuuMQB4XlZqvV71z5hp5LkP8lFf8LqPU3dWsxg3Bh/NBd1jTM4eD7grzHx2+66Kgdi4JbvRf/DKj0WbrqMDAz+qgv67YD3/VYnx87ZKWxwcfsg/kIZHx1Rt/9uxjl2fuor+uqv8A4YI/NZMYPA/Zd45CD+RgdHx1X6NDN1pc3nZ/7qM/qm6uBHjHdU/PZLB9Cqlqn7NNfioy/FE2bqC6yHJqT+qizXe4PGDUP3903wnP4T2UjhjIG6V/KmzTDxLzwiOKmrc45ld/5k57qggZlJBUttvcRsEeO3VBAIZn80uzUz9G6rxUv0VZic7nk+6GKZxdnhXotc39A/VFZQtyNYH6pMtRKSxI31+LUe0UbKbjb8lKjhA4GFdNoKXGXMH6rogpRsIc490p2fs21eNrXJVMpNW4HCkMo99yp4iyP5MK62lqHHaPGVnnNM3V6WMekRG0jGY7ogbG0cj9VMFsqJPworLE9+Mxn9Ur5kao6Oc+kVvl9QkABwrplgJx/LKlxdPOJH8oqndg0V+Kvl1EzgBPYpeC9wwBz2WwZ0wdOfD/AGTh08Q7+6QPUR/qNcPE3R7RjxR1BOdCK2hcdjsVsm2HSB5P3RBZW4x4Q/VIndH+lmmHi2vyRjha3HzCQD2KNHanOxqePyWs/g7R/wAMBD+Wp4ScgbJLuHR0FUezPMtMeOMlO/h4b2wrp9RSRnys/RDJfU4FLSzOP/KglZuHx0tf9CyyobShpxoKI+mAw4BWkNl6hqnfyqUsH+IKypegLpVvAr5Sxp3yDhKlPA+Gitn+MDLOEbeT+6Y2Rj9ogX/YL0Wn+GNoYB4888hP+JXtJ0zaaKFsMVBEQO5bklD8hoj4mybzJYPJ4bfc6sYht07vcN2V1SfD29zxtkmLI9W+nO69Ojp2Qt0xxhgHYDCKwnfCrebavD0x/OTMRQ/C2kDQ6trJi7uGlaWg6SsFExsYoWOLe5G5VuXNbu44Cb83QR+Z1S0Y5VNtnQo02no6Ow0VJS4+XpI2/ZoUgOeR5RhQpOobVDtrc4+wUaXqKZw/930Uzvct2KLJsU4L8EWmmuztwi+A7GZXtb9yqQ1XVVRhzPl4Gns7lMNouVUSbhXlwO+Gnb9EBStk+kXEktqi3qa+DbtqVZU9U2mAllFSzVBHdrdignpy3j6w559SpDKanpWhkMTQBtsEBbc5kRnVF0qD4dHa2wk/ikbhcki6lrcCW6xsjPLWHCnvcMYLUEgDvhQCWY9kAWChZg19U6Z3fUSVIipbTRHXBCCfsh1NTTRbzzgY9Sq6bqC0U7v+0hx9AjM8r61+TLp9fMcNhGgfZDdHJN5ppHYPO6yVZ1xGHGOii4/ETyoE/U11qNhKGtPbChmnrqocI28wtVGzxpSHuHbKhT9XUMLQ2mgJx6FY41dRN5qmXP7IE1wt9P8A3lQAVDNb5JJcM09R1bWzjSw+G32Krn3CSZxdNITn1KydZ1JCx5ZA123DvVVdV1BVVO2MD0yrwYbPKxj7NvPe6WlB/mAke6p6zq9xy2NwznZY+arfJuST+aDnOclW+TnX+UnPouKzqCsnJPiAj2Va+4TSg+Icn1QM+6bgeqLacq3V2TfY10s7nfXsVxsOTk4yn5Hou6vZTBndmOzoiZjK7kNGw4TMn1SRqGQXcdMhCQJ4XEg3fhH8YG9sLqy3dISEH6U3UAN0x1QwA+VHCP7BlaiR4+kcIBqS3OCoktSSdhsmB2cotgt2skOmfJnLkEjfcp8fdPAOQSEcYgSm5dDTEiRnjZdJaG6nbAKDU3empmnLsn2UeIip2KPZPJA5OFV13UEVHL4UTg4/dVtTd561pZHlgPdCgtzZCHycpcm5dGOdzfCGzVVdWymSN3lPIRqemkacuG5UyngbDwAER08DB5uUUYiZPPLOsh2yQieJHBu4jZQ5KubSRDtnhQgyse/MrtinpYAdu3hFpNdMeWHG6gzT1EmznbLrYiMeVFMQwCrAc5SIzA4j7p4jzgkIwiHOEQNAUB2tgBGR2XRGfRGwEsBQm3HYwReqc2MNOU7xPZcMvoEOGHlRHnT3TCWjfUEGaU5GN0LUT3UwKdqJRl5xhBLzwuAEjlLT7qYBc8jUsBJc1D1USEymdSSyFzIRRg2VKxRHZKWrtlM15JGEtJV7cAu1hCRjlBJO6ceFHPJ+6JIVKbl2dLiTklcSSQEGJJ6ShBy4/wCkoaSZgg08obiSE9MyEElkiBkHOU3V7IrgCCUPGMqowy8Brjk4RlFbvwrPpvpe+dWXKO02C3S1lVL9MbO6+o/hb/ZGp6EsuvxFka/Oki3xHIPOdbv07LdTonac/X+Y0vjoZtlz+vZ4D8P/AIP9bfEetFNY7Y5sLceJUy+WJgOcb/kf0X1z8K/7O3SHw5bHc66I3O74BMk7fJGRngHnn9l6jQ0lus1DHbrXbqWjgiGGsp4tDf0XJZS/bPC61GjjTyfOfJ/Ueq8j9ie2H6X/ANx73N3wQPzUVzydiuOcSU3OFvUVg4OMiJJIJPCfgADIwPVCdLGzZzt/RPhpauuYNZxE3huERBrqhxc+OkZ4rgpFHa3vj8a5bvdu1g4aplJDS0UekDS4d/VdfM6Y4A2RJZAcx0bGRt0M2HoiH0yhNHc/5qDcLrBTP8NuXn2VldkuerbTM8SRwwN8eqy12vtRWlzY3FrTslW1ctW/U7IA4CrpA0HOQjGxRFewO3dz6oUsYbjClOgmmI8Nqm09p1DNQ3lQcuD5aSSSXYPaCSSSUDEkkkoQYkkkgIMSTUkBBDlMTxyhuOGlZ7S12DrZxEM7YwsPVSePVySds4WkvlUGU5AO6yzDngLhaux7tqOlpI4WR44KbAxz5E4cFSqGDI16dgdllXPRqlLARlOGt45UecanBjRuFPcQ0cKLTQl9XqO4ym7RaWWyTJhlO2M8kcKM4+6LOdT8Z2CGeFGAkBf9RTU5/wBRTVBrEkkkoEJJJJQgQcph3TxyhnhLmWhPXWAByYwHO6MOVSWSnyFZ9H5FRXkk4Uvhu/oVFefOjawKzyGp3AdlKByo8Qw1GHBQ9AS+4a4gclRanAxhPmJ1cqPITkKeg4oZg6sokfIXABhOZ9QUQ8M76VCl4Up30qFJ9SXaUDkOHKVTDuokoJGyl0hDYBnlKSyMGyEmRKQ6QNsrkh85K7lEy0OjYXnZa/p+Fzo2Bo7grL0bQ5wHcrc2CEMg1Eb4Wa1nofEVZmpFudwg6jJM1uN0YnS3POEGmBkrMgLJLs9jBYJ7GhowF0jA1O7pzMBw912oOwbx3RGqOSRRMLYnPI2KjzSbu+6mRECjIPOFXySbjZRjm8dj6YHO6mAbKNAPLnCmbYCz2cDauy7sceAHEdk64S6XFvIG6Na26aXOOyr6+QGQgb5CyvmWTs/hWkUte3U7OOVXyN4POFYVTi6U54HZQZPNKxjRk5CP0Y7OWa/p2Lwrf42ORwrO0MMlS5x/qGFGt0fh23GMbKzssJc3ON8rNJnY0y4SLiiBNbIe2lVF8mBm47q8oBp8SYjgELJXer/nv+6GvsbrJ7IYMR1LPJNcPCe7LW9lXaSjVr3yVskjzqOo4TW4ONuF0KzxGpszay9om+FSF/oqmmLqi4P24O6s2HFDzjZV9qb/AL9I7sUFjwSLbnFItpnYIa3bAVj02x0twbvwQqup8oyrzo9viVYkIXI1/wCJ63QxzJI2BBD3M/pWc6nkzG/P4WlaZ5GCVkepXeSTB/CV5xvB6OccVsD8MoC988xH1OK3mdMgACzfwxhDLVO7SC4uO/5rUhvnGyy3TxybdJXsqRNp9mhTQQGEk9lDjGA0YRah+ile7PCxZ3M35aRh5Q2S9vDhqw4/5pvUkhZTxtacBdowZbnJIRySo3U8vmjYDwCV0NMjn6mzEGZ2TIA3wVe2ZoEDcnhUL3fzWjnKvaGNzY2jHZb10cml7pphLtKBBvsg9Ox66vVjhCvZJAh9sqf0xD+LHASr3iDNVX3XGrpxghWzfpCpqfd4VpjyhcG2eT0enWFyMq3ho57LCXGR1TcWQ4By7/Va65v0gEHlZS3Rmq6ghjxnzJLWUBe2sJHp1tp/AoooDyGhXVogBq2k4VbG3Aa30GFcWaImoaVh1MftyPSwaSQAAALsLMHVhNHOCpDWj6lxpS9sYuh45RxwggHKMOFnk8sNj0kklY0ekkkoQSSSShBJJJKEGJJJKEEkkkoQYkdkkjsoQY9xdsNlRSRsn6hY5wy6CAOHs8uc3V7HACuzIGgk9lQ9P/73LX3N/wDxahzWH2b5cD82lMrIW3CIDjsuJiYQKjUzdTQ8jcoQ5RozgYAUDFKcYQSSeUaXsgKFDUkklARJw4TU4cK12UzzH+0JN4fQWkcy1kTMfmf+i2lmhEFppIB+GFo/ZYD+0NJqsVnov/ki4Db1wP8A1Xo7G6QBwBwFoXRlrluskOwfVQS0uu9Nk8Me7/5f1U1xGMEqKzzXtmBkMpHH/wCqagZqjHdksHnH5qNG4mfB4RzwgRf3zvbKotCqRiJ2E9v0j7IdRvE4epRG/SPsoQ6kkujlQhS3F2u9UsX+ElWPc+6q6w//AFwMB5ERKsGPA5WiCyFkMfKCfRY2yEvfcJj+KrfhauqlDaaV520scf2WT6a2oJH4/vJnPz+a0wWBbWeCzds0nsAs907u2tf/AFVLsLQznFHM7uB/os900M0Lnf1SPOf/ABFb6I5mZ7ET6w4iJDsbHdZanAAc7G7nEk+q0NxdpgeSdsELOUxBYfuV6TRQ9nK1T+7BJHIWA+KMzHVUEPJIBC3wIyvNPiW4/wAZji50xr0WgjusPH/UktuiZj53YaAO4UWHaojP+II8+D+QUSnP+8R75w8L0NkMI+bRlmSPebSS230zRx4YUppJJCiWsj5Gm/8ApYUtnJK5ty5Pp+i4oiNz/Nag18h+XkJOBpKew5qXe2yDdxpon78oqkHc0oNg7UAKFo45TK7y07yERmGU8TWDA0hR6t2KZ5K6mmXJ5HVTxW2eG9Xu8bqSRzuwQbaP99j+4Sv8gkv07hxqwjWZuqsb7L0+i4ifBPLy36mx/wBzZt1YGVybYbIgAA4QZ+QuxHo85Jcmw6fwy0yP/wACqrbme5yHTwrWib4Fgkfj8CidORjz1JbzsopZFSWSLd3aaoO9sLF/EioxZ9PGW4WtrHukq5NRzg4WF+J8mm1xNzjLgVk1f+2x2hjvvjE8wjOMey1tsl8WBhO2yx7dznhaKzVGcRcYXBgz0+oh9pYVEeJNQQpImzRlh55CnTNyMAKJpwSmmCLw8lDM1zJC1w3GycdlMuMG4kA+6hpUujdCWURZ26hjHZRY/K/Cnyt2UKZhadQbt90prng1QfBMjd5Vws8ucoVLJjYqXjZE0minwyMWjfKDGSH7IzgoztQOT6pTWBkJ7GW0MgLcbZPuiu8wwq+mJyMnZWMb2kAYVHYosUo5ZDqIQ5pOOAql4MTzgLRyxAt4VTWUuTkBBIG+rcsoitcHBCcSOF1owcZTn48PWBuhbyYMYZwOJ2Kd+FMBzhPG4wkWI2VMtumLi6gvELg7SHnBK9mt074LjTzx7FzmrwWIkHI5HBXsXTVw/ilmhlD81EGA499u6S+D3v01rG06ccrk95aS8Rv9WA/sjSDxGABUPSV1/idpYXuy+IaHFX+jUxAfUNI/krTZlrrTEOeHtBGMLJ1dKGRvcDs1ehXSlBYQRkhY2tiDZJGY8p7KZOdr6vvyjORlzPpW4sVSZqBscrsnGyyckAYcYVv0/M5lT4YPlxxnhAI0s3GeDQSNdnBamOZqa4EdlPfHtkt5QAwHt6ooPDOpOG6J5H1tbmvEuIwSN8rAWvDJ3A9tl691dQSB8m2dQOF4/MySirnxPG+SunRZtPl3ntJstcyRXACcuHGOUHG+UWtGaHxRuShM80TH+q7NEtyPmHk6cXs9B+G10ha40Lsh4Or7hetytFVTuiIzqb/ovnbp+vfbrlFOx2PMAfsvf7HWuqKaKR45A/RbUeH8jS6rNyOfD+vjjmqrTK3RKxxI9wtoI9zusBUPFn6rhnjGlk/leccZXojcljSBnIyjwcjVL7k17RH0qPLEDwFPc33QHsyOVBCeeysliH9P7qvrKbU3OMK5fER2UaWPPZUx6eDJV9v1gsxjPusXXUzqWpfE8bhy9MrabJyBx7rLdRWkzx/NMG7diB3SZLJtote5I826ht7S35gDthZGZmkkhelywMnYY3tBHBWKv1uFLKSxp0kpDien0t6S2soTthTKSXbB7KJICCmRynVxhLxyb5YkizeQd1En5CJG8lu6HMDlDJARWGCQ3gEbhETDuktD0CieWyYCtacamgqswAS5SqOpAOk+6pPINkdyLRnKKPrQY3A7hEO6dgxWIOBsMpsmQQQuw8BEIB5CVZDeVXZKqW6Ia21rqOdsh47r0Kz35s0bWk6vdeaub5TujWm5VFDPlr/Lnglc67T8n0f6e87HCjJ8nsLZGyDIOxQ5GjGeVnLXf/mQADsFeRVWtu/BXNu059No1ML4bosBUwiXyuGxGFmbzYCwOqKY57kLXPa1yjTMyMEZWKVWBs4qRhbVcpqOcNycZwQtlTVragDccKhvFkAcaumbgjctUWguYpnBsjXEe3ZDgKmbr7NTPGDwVCmbq5GFLgmZLEHB3KDUN4IVr7TXuU0VNZTDSXAKneCDgjC0kjQ4YPCqayldkysb9wmp+zBfBLojROIO5UtjgVXu5Ron7tB90cJZMMuR1yom1cepow9o2wqeMNuNLPbqgDW0HQTzstDG7cKsu1tkZILhR/hOXNHotlUkjkaqn7sorbLUy0jv4bUjzM+k+oV29mAFSzh9fE2spWfzYDl3rhW1LUiema/GSBgrZXM58k0Dqmfynb8qgrYSH50rSFusFpCgVtLiFxwMrVCRg1dW+LM85pAOygvB3yrUs2OyiPbgnblPT4PJ6ynDyVkjMEnhdhkOeEadmDso7XBrsAKovDObJFjAdTSnsLidPZRYJdOFMa8bHCf+SEPhnYnyUNQysh20Hf7L1bp26x3SkilaRq0jK8rk88LowOVbdLXV9tqG00jvITtvwsd1OeUek+nfKPSajZJ/a+z2GE5G3ClsYHDdVVDUtnp2vac7KxifjA4WCcP0fadLqIWQUosOwYcApekOaAorW91IhyszWDr1vKAywuBy1qUUjmkZHCsWtY5u7VHmh/pb+agbjgfEQ/lJ7ON0OPyeyltGcEKFojNYdQUhrwWjZd7fSmeESScqBZyFaBjGEJ8WBsE9nKLgOCgLIBiGcEYUSppwWq2ljBUdzfUKC51qaMvXU2jLiMBZe5WxkjjPTkZ7gd16TV22CtiMT/LkYyvPblQ1dhrXROJkgdwR6K8nF1un2reyFTzywDw5c/dTmuEozhQzIJCXaRhGhfI04ZjAT4HKwcqKZsrCx7fsqaeKSlk0FuR2K0RcHgZ5UOsp/Hbpwmme2GSnL9QwVCnaQeEabxIZCC36ThdcGytGdirUsnLvq3rBVVdM2eMjG6ztTR+GVrZIiyQtxsq+spGSHU1uCVpgt54ry2n+P70ZkxkHCUeWyAqzmpNxho2USSAtPG6uUMdHnN27snUVRqIY7upjoweFTNd4ZBHZXVIRJG1wPZSMciJ5j0RKiAjgJtJc622TNkpJnsIOdnYU+aHIIxnZVs9M70SraR2k1c9NNTreGj1ro/r6muzW0Na7RM0bFx5Wycxj2hzTsV80h8kEgkY9zCOCCt90f8QZKORlFcZHPjO2XHhYZ1N9H1T6e+rYXNU6zh/s9TLR2KA5vuiW+upLpH4lLKHYGSM7oskeO3CXtPfRnCxZgyGWeyH4aklmOQm6PZVgLCIxjGCo74Qc4GFYFm3CEW4KtPADqUiguNv1DIYCFj7pZHRzmWmBaXb47ZXpb4muBGM5VdW2xkjCC3GdwU1W4OLrvExlmyBjbV1VUW8Ckr4nFgOA7laGaG33yl10zml2M4VNdbG159D645VAyqrrHPmJzgM52OxWmu/k8vqNPKt/eibcenqmmc5zW5H2UeiqXhvhPOdJ4PZa61Xyiu9O3xnNbLjDge6gXXpXxXOqaF4BO+AtkdQc2yh9xK3WSNlIhnkYNLX4VT4s9JIYZwQWnByEdszZMFp/Jba7cmJxafJtbRf2hjYazgbBw3VvLBSV8WAI3tP6hedRVLgMZ5V1bL4+jc0PyW+q0xuBcE+ywqrZPbnieAlzM7j0RWSMnHhvGQR3VpRXOmrxp1DfkFMullPhipoxhw3LQtMbUxE6P+Uz9Vb56V/jUrsjnAOCplr6hfI8UtWzB48ydFUFjxFUnTn1XLhao6iLxYDh43BHdNTyKlVOK3QLCSnimzJA8fZRZYTjBVPSVtZbJw2pyWHZXcNXT1Q1RvGSjygYy3rEivlp8HUB+6E9nAkb/K/EFbSxNHblRnUzidhyo4pklSmYe+9FGeZ1daZBHLnOnjKoqe91tBMaWvaQ5hwQ4L05/wDKx5dlV3bp+2XsapYwyYjGoBIcWuTm6jTKXaKWmqYaqMSR4OQpOot3BxhZm5WS8dLv8VjzJTk7Obnb7qys1/pa4iCchsmO52KXnLOLfRKt5iiyc9s7SySNp+6ra60viZ40WCw9h2Vw+Bjt42kJjS9nlJ27gqSgmZ1dKLwZfScqRS3GWheM5cw8jKtq63Rzt8SFobIPTuqqanw0xzM0n1KzTg2OjJT7J8kdqvDMSxtDj3xgqkuHS08GZKV2tnp3TxTSR+aF+47ZVlSXrwwIqppHbUk7R8XKnoxsuuF2h7SHDkFca72W7qrdbLqwksZqP4hys7X9M1FKS+A62eiji0OjqIv8iqbnfCPFWVNM4Oikc32ygkOiJD2kfdd+pAsh4jYaC39THZlQPzV7T11NVAGN7crBNRIppoXa4pC0hNUv2ZrdOpfib4sJ4SML/TKzVF1NLCWtqBqHqtHR3ihrGjTIGu/xFEsMw20WV+jpjPcIbmjBBHKsNDXDLd8phow/kfZScEZ1Np8lRPb6acHyAZ9lV1NgZu6IA/ktPJSPj5GyEYnAHbCU68mmu+UOjDVdonYdm7BV7qcxHBavQJIQ44LdioVVaaZ4OWYJ9kmypM30a7H5sxXjSwHLHYPupEF2OQJyresskG5a1UtTb8EgDcLO9Pk61HknH8ZFlFcYHfiyUYzg4ws8KaeI+VhH5ooqZYsCTceyVPTs7FHlEvzL1ha/hwRfDwPuqWG4xepBUgV0pAcyUEH9VmlU+jpVa6qzpk50elc0FCbUyjBkGfyRPnYNmk6Sk/FJGqF8Z9D9I9Fzw2+iQljIy12V047kKsNDOGBkib2QhSk5xupYISJwMofkaCVUZdkL5aUf8PZN0Hu3Cn+NvjC4XNPbCONz9i56aC6IOknYhIsaPRSCxpOE19MMZjO6L5s9iXSkCaXDgp3iVDN4ik2nqxncYThqZgkJkbED8a/Q+KrqW/Vg+ykC4tcNMlJCR9lDdKBjLUmPB3R/JJ9A/FF8YLATW543p2tzzpTHUlqfv4j4yf6So22MYCcSD3/ZTfZ+wXpqZflFBHWmjcP92rPN6PTJLLUYHhyRuz6FNPIwiMlc0YDjkd0ausQmXj9LLuOCLJaLmziIEeoUaWmrYvqgOO+yuW1dU0/3mR6KRHdJmABwaR7hEtRYuwX4rSS6bRm9ThkOYQUIvyTstiytpJB/vFvhd76d1IFN0tVxgztMR7jCZ/JfsTLxEZcQl/3MNqHqElvoun+ipf8A4otcUP8A2CtU7i6nujdJ4Duyv+XD2xT8Fc/xkjDbHZd+X9Xcrbu+G7T/AHVwgOfugu+Glz38O4UmOwLlP5df7C/4Fqo9LJjHRBuNxv7pNi1dwFr/AP2aXwZxXUhH3b/0UeX4d9Ss/u4Gzf8A0s5U/l1r2C/EaqL/ANtmaEAPJwuCEHOSFo29BdW5w2zzn7NT2fDbrOU5js05/wDCglrKsdj14fUv/wCmzNNp9XfARG0Yd+ID81qofhb1o46X2iVnuQrKn+DnVxw6SJjM+qzy11a9mivwGos6rZhDRADlC+WPfZeoU/wZvUhHzcsTB7lWcHwTpGYNVdZAfQDj90l+Sh+zZD6U1M+44PHW0xJ3RWQsOF7ND8KemYXDxqud5Hvspf8AsR0bSAamh2Nt90L8lH0b6fo+Xc2keJNp2DfY/miCma9wwvaxbOhYMtNFC4+7U3HRsX9zbYf/ACJL8l/Y0r6SrXc0eNCgPAYTn2UmOy1sm7ID7L11tVYo94bVT/fQk68RRjLLVDjtpZuhl5OXo0V/Temh3P8A7HlcHS92ccto3YUuLpa8drbPn/lXoj73MN2Wef20s2TRe7w7aK21JHu1JfkLWboeC0cFnLZiIej77+G3SfmFMi6Mvjx5qcsWrNz6kccw0kjf+YIra3qp40mKMfdiX/Nt/YyHitL6jIyreh7ySMgBSIfh5WvI8dwH5LSCTqg74hH3YiMl6oO2YB76EMtXa/Zqh4zT+oNlLH8OZcZJyp1P8PoGNBOkE8qwa7qp3M8Y+wSLepCMGoaPslyvtl2zbXo6a/8A6I2PoWnaOGn8kUdG0kZGpo/IIHynUbnf9veM/wCJE/hl7cMuvTftqQ/LZ+zRGqK/GokxdK29vb9lKbYrawbxtHuVWCyXOU+a7O/JyMOnXY890qnHuNeyv5ZexyjJdVonC32WL6pYM+mUySpslOz/ALRCAPsoR6bpXEa5XO+5KKzp22AeaJx+5KjtkHtta+1JEGt6r6fojpdVMyeAFXP6tttW7RR0080h4DWq/PTdjzqdQwnHchSqalsVEdUFPExw7hqU7WxD0183980v8GYE9+mwKeyStz3e1SIrJ1JUYdJDFED7rTSXqlZsHZQpOo4GDLQ7ZXF5Gw0lS/OTZTs6EuVQdc9eGg8hrlPg6Bo42jx3vf66jlJ3VTslrGEnsAg/x2/1ORS0E+D3wpNDfj0seotltTdM2iEBrqVjseynsoLbT40RMYe2yzHhdYVh8lO9gPqOEdvTHVs+DLUNaPTO6XgZBp/7VeDSh9FDvI5jQgz3e1R7mvh+2pQ6boGSVgNwukpceQHFTIeg7BTPHiuMpHOs7IHh9GpS1HtYIj+pLSDhs4d9kM36aUltDRTSDsQOVfR2rpyjGltJRH7p4rqEHw4YmtDdhpbgKJ5LxY+5Gfjl6jqj/Kt2gesiL/CeoakaXzwxA86Xbq9FVO84hacFOEMz+Gko0slqrH5MpGdKFwBqbnO49wHbKS3py3RYyxzz7lWTvBhGqeYR49Sok3UNlpdpblAMf4sq8F4oq5mwsdvomNDRSswOCWhHbFEG6WNaAOMBZWv+JlhpJHMpw+XH4gNis/X/ABZmc0toqVo35LVBU/I6Sr8WeiyR75IQJp44PrcAF5HXfEK/Vp2m8If4e6pau+3iq+qul353UMtnmY9QR7FW9R2ulHnqBnCoarr60xEiN5cQvMPGqZTmaYv/ADXC3Pb9lDFb5W2X48G2qviF4jnNjhcAOCCqefq26VDyI3kA8bqhZJE0+Ypj6yliOdahgs8lOX5yLSWS5VR8SWRzs/4kzwgz/tJwP1VNU3lzcNp3nZQKi4VcuAZNlaMV3kU+mab5y2U7stcCVDqOpdLiKaPGO6zxcXbkrrnNA5TXDJinrZy6J1ZfKyfmQ7+6gGR7zl7iT7lCOSUnAnhDsMstTOXY/WuF4TdB9P3S0lHhCnNy5Yi854S1n0TtAS0BUogOTGMeXImkpoGO6dkDbKcoi3JnElzISyFSghbmmdTkMzNCYZh6JqiDKaiHLgOSEB9QBtgfqo8s7s4QJCXbeqvYLlcSZKs9sIPjukKG1hzwjsjxvhFGOBLtY1OjbqKUj2RNy53Kg1F2jhOI3gFFgB6iC5ky1w2LdxUerulPCwBjsu+6oKi5VM5wH4BTY6Z7vO45JV4yZ56zc8QJFZX1tS0xw8HvlAjppiQZRj81JjbowMo7sYBO6F1tmey5y/JkeOma3cBHDwBjCZlPa4A5RQqyKd6idJkd9LsZTRATgu3TxI0LomH/AMoTlVgVLUrIhEG9k7AzlD8QFLxB6pqrK/kx9hQ1vAC6ThC8c+iXjn0VfGH/ACYDtXsk5CM/sl43+FU4YKWoh+w3ieyZqyff7oXieyHryr2FS1EX0STpx9Q/VDJO4zsg5PqnKfGA7xHfldGy4kgdeBTuOiXHZIy57Ia6rcAHa/Rw7lcyVwDCerjDAMpuQ3JXMlJJHhA5Y9JJJJksBHELxD6IpICCH7nZUiHUkklAxJJLj/pKhAaYuuOChkgclWyDyduUIAruDM4AA/kvb/hd/ZO6/wCufDul5aLHaj5vFqSQ5zTwQ3um10TseEjNqdZp9FD5NRJRR4rBBPVTNp6eCSSR3Aa3K+hvhZ/ZI6hv+i6daS/wyjIDhAQfHcN8HGfLx7r6T+HXwd6B+FsLJ7RaG1Fybsa+ow6QemkdlrTU+IcNHC6dOiUeZHifJfVVlv8Ap6RbV+/f/T9FR0h0R0n8PaEUfS9sjpMDDpRgyyf8zuSrWScyZ2XHHOTnhRXTZ2AXQhBQWEeRtcrp/JZJt/3COdnOSoxdzsk8nkpv2T4xzyxYiQOUyJstTL4cbTt3wrCjtpqWh8zdI5U2V9NSRfyyC7gYG6IqTwAitVNTjxpWhz8bkpfNtJLIQNtsBBL6qp/vCWD2T2RsiaAAoUccyR7tcg590988MDQDvhDnnzsBsFU1tbHH5pDjCPAKWQ1fXSPOInYCqamUAguxkqLWXV0jg2m7IVPBU1DtUxIyoOjEa6pkme6OnBw3YlS6a2ueQ+flTKWmjhaBoGR3UpGWBipmwjy90ZPOwydgoctxj8R0MDS944HqoQ+S0kkl2D3AkkklAxJJJKEGJJJICAkkl32SZy2kOeyFUOA+yK7AGPVVtdIMeGDuVjts/YcI7mZ691Di57VXxHygkI1wl11BHOENvAXEn99jydWtbY4Q6JokeGnZWrIwGAAYwFFt8GR4zxtwFYHhFGOBcpkKrd4bMhdpWAQF5G5OyDUkOlEfKkucYqcNAR4CTwRpCS85TVwuyc4XUtrAQkkklQ0CkkkoQSemJ6hApIxyow3f+aJk+qSAh1oAGyKOUM8J8eS7KnQMngdIMt22UMZMuBucqZVO0Q7HdRKRp8XJKuUsgxXsnNGBhI8Lq4eEsoBMoz+VJmO6jO5RegzqKhIqsYwJ4Uct35Ug8IHJWe0tLKGuAJGUUktY3CFnJCK4eUBXEkk2cBympybjO2VUgoonWwaqlo7L0G2R6acYCxNipy+pBwt/RNDYAMcLNYex8NViG5ile2NvmKdbcGoJPoo1eMuDhsplri8OJ02Mlw/RZ2ekr/LBJbl0objkoz8OqNOeEODc6j2Shbrq9R4VN4RurSySpCWR6eNlA/EplcdMmjCixgE7pbeQ5xzgkwgacI8IMkgYhtGhv35UikHnGNyUmx5GVR5RpIW+FQZbgHCppCXZLjuriscIra098KjnOQMHlIXZ1buMIr6jHjcqFH5q9oHGQVJm/vHHPCZZoTPc9J9QqsltRlT+9I3IcIoGMDdiwZVpYnZZu3uq2WPGn0AwArq0Q6ackDlZJM79cdqRahjY7fK4Dc5K82v0hLn/AHXoN7nfBZtTDgnK8wu1U4Nec5LgiqWWYvJW4hgz8ml0rj6rrQcDCjNPm3dnlWFO3Lmj1XSguDxre6bkTZn+HRe+EKytGHvPOeVyvGKbA7olnYQxwSrTXpYqVq/sOrnkOwtP0S3z7+ix9ZKfGPdbnoWMGlfKW7kcrj+QliB63xsd1yNFU5DHEehWO6iy6nc47ZyFsat4bFusX1S/RAxoHJXmrHwejuX2M1vQMAgtGMcszlXUZy9RemaUwWJjh5S5oRYSQ5ZbTo0rbBRLRgy0IF3kMVukKkQ5wMhQOpJdNvIA5ys67HSajEzFnGqUykc57qo6kcXVZBPDVeWpmKcu/RZi5vdJWSOec7kLoUPByNY1t4K1hPzTG++FrIYw1jcDsstQNdNWgafpOfyWsYQMYK3KRgpWFkqLzKDUAeyuemG4icSs1dHH59wytZYY9NLkbLNqH9uDbolvtyX9M0EhWE2zBvuq+jac5U2Q/wA44PZca1YPQwXoqLvKA0eYbZVR0ZCKnqLWd9PCNfHkeL5j7KT8NKYOkqqhw8w2afRZrHhCZvNyiegMwH/mVe2UfzwSNsKli2wVf2ZuTkc4K5+pm9jN2OS5b9aMzshAEHJCKOFxLG0FJYCjGBsnobURKRB6SSSYNEkkkoQSSSShB6SYkoQemJ6YoQSSSShBiR2SXC4BQhCuVUykoqiqlOlsUZdlRbJG6mtNLG4AOewykemol3+qi9Yyh1tZQ6dXz88dIW/1ayArSNpDQHOyQAOMJ8CmdT0xPVljWfUFLb9IUVjTkHClD6FAjpxjlAPKRJzyuKEGpJJKAjF3suJw4VrspnkPx7l8a6dIW7G01xBP/mjH/VeonheUfGNxn+IXQ9FjIdU+If1avViQRstK6MNPNkwJJzhBpDm+yN/posf/AFQRjucIFCSb1KQOIAxKmbk8E8cqOwnx5CpHfZR4P+If8ZURGPm7DsiDhCmI2KICMKEOpqcmqEZRVW/U7h/TSh3/ANUp5O6gygHqmqz2po//AN5TfRaKwiLeZjBaamb0jd/kqLppubNTv/qBP7qy6vk8Lpqsf/gIUHpweFZaRpG/hgrZDsEmVoxb6nB4jJ/ZUHTZP8NaSQRklXVylxQVm3FO/wDyVF020myQnuV09PHMjLbLAW8SaaN+OcKggb5G4+6uL0cUkm/KqITgD7L0ekjwcrVP7woJyPuvNPiO4PvvIOIxlelN+ofdeVdauLr7UZOcHC7/AI3/AHDxX1RLGlx+2ZibONKh05P8Qjjxy4KZKdwfcKFTn/3vEBzqC9DYso+dR+2aPebTn5Cnz2jAUuLkfdRLTvQwf/SwpTOFz5rk+m6Z/wClH/8Af0NpnfzpSeNRQLyf9zcUVuzXH3Ue8FvycbSM5eEUVjoDUzarZ1p0wRZH4QoN1l/93zEbEAqW0ksaCQcDAVdfMNt8pJ20ldPTPazyGsl/oTf9jwqsmMt1nJ51FWvT7c1g9lRSAi5zvzsXHC0XTAHzZyvTaRcZPhWvlvc5muwAOVHn5H3CLP8AUEOUjAXWiuDgM2Dzo6bdt9TMBDsDAy1ulI+kbo9ZpHS8DfxEhDgApunpXkYKEWuTOTPElQ94OxcVhPio8igiaPVbZmx1HdYP4oy6qaNpCy6v/bZp8d/+JR55Fscq0tchZMCO6qWevqpdM7S8Lz1Z6qxbk0bOFwmj1qNKwsPHK5bJ9MejklSJsEZwtBy5L43hkGoYHxEEZVTg+ivNnZaRyq2qiDHkAJViyNqlggy9io1Q0YClv7qK7PKWo5NcJMjxgteDwrHI0bFQHtOQQjxSAYB7Kf2YUx7wAcYwo7x6BTHjYEdlGkGQlyRUZZ7GRy+G4YU+F2QDyqsswThTaSVgAiccH1VHR0921pMntOQgzwh4wpDWZ4XHs90DXB2MZRQ1UBjlw0YwhhpIwSrWqhDhqxnZVcjCHeiS2YbKdryNxhOxump2cIXz2DD7WdzgErafDe8eFWuo5n4bIMYKxL36BxlHtVeKGuiqGuIw4ZWez0dvxurlpNRGS9n090FXR01wfaZj5J9wvQ2AtdgDYHbdeL2ivDJLfeqd3lOk/wDUL2iCUVFNFUaceI0FB2j7R42/dWkRrmwPmIA2wsXcof5z/ut9PGHRl5GSFj71TvY5z8bFA3g2amvdBtmYq4scBCo3ywztla7GP3U2oGQobm744QTZx3Hbhm9pJxUUzHHBOldMYCrel6kyNdTnfACujGNWPdSEsnYrW+KkZDrGnBpmSAbnIXh1/gxcXPx6r6QvtuFXQPYWgnBIPuvDeqqACN4EeJInHP2XRpZ436i0u5OSM+B4lD4ZUaABrfDPLeybRT5c6I/cJjJfCuBJOxXY0s8HyHzFGXvJIJa7HBXsPw7vnzVvZTySZfGNJXj8zdwRwtZ8P7mKepfFjPB3+66tc8HitfT8tbkewdRUfz9sM8GPGiGrP2Wo6SuQu1igne7MrB4b/XIVFanCpidG7hwxhM6Qqv4Xe6mySHSxxL2/mmuWTys05m20+6G5udiphj9kJ7duFRkksPBXvZlRZIcduVYPG/GEF8YPdQNPD5KmogJHCqpqXlpAIPZaOWIH8OfzUGam3+lAPrs28nlN2ozbrlJC5vkeS5iz9+oRUQFwb2XpnV1n+aovmImfzITnb0WFc1ssJjcN/RJkjtaW/hM8zqISxxYRuFCOxzhafqC3Gml8QDIdss9UR6RsOVmksM9Hp574rI+mlLiAdsKQ8AjIVVHIWP2GysI5QWKhzjgEeUw8IhHdDyEBYJ2+QmxlwfsioekeiXnawksotoHlzRlTGs25VRRVB1Bhdt2VrGcNz6p0ZJmW2OGHh4CchQo53ViRbHuo8gdGNbBv90bSRyU5pHdLnBSBVk6pqUGCt15qaGqa57iGr0C03qGpiadQJPuvO6ym8TdjRspNsuL6QBridisN9H6PZ+E+obapKNrPVWT6mg85T3jV2WUs1/a9wY5+WnsStGyoGM42K5dtOD6ppPIR1UFKI50TcHO4Wavdp0k1NM3c7uaFqgdWeyiVMPiNIB2KxzgbnPdEzNsrnsb4Uj8jsrxr2vaDqCqLlaTCPmKUfTuQEOjryAGuygwVG9x7LWU6dggYacp8crZm5QyzAKIbKe9FbXUwYfEjGxO4UVh0lW0jMg5VZUwuadQG2VOuTFYv0HiIPdGO7S0u2OxUCGXSQCpcbtWCnVvJksgpIrKumfQyCamZjO5A4cPQoVFI2ObU36JD9P8ASfRaCSKOeIxub9vZZyohfTTubuBnZbang5eor+NZRZz+VwwOQh1LPGjLB3XaTVUwHUcubwU6MtwWuW6DRgsjuRn6mF0Li0sVZUsONlqbhT6gXFoKzdS0iRwP2WlM895Cjbkrn47qJJERuAps8eDkBAcMhMXJ5iUJQliQNjiHBT4icZVa/wAjwVJhl4yTsmJ44F2RyuCwZyCnSDz627FCbnGUU7qpwyKg9rPROiry2embBI8amjByVs4XgnIXiNqqH0VWyoY47EZGdiF67Y6+KugEsZ3A3Cw2wwfWPpXyitr+Kb59GgjPlyiwP3xhR4yD+aJpxgrnWRwz6Lp7HLgsmbjPqn6c8oFFK3Oh3plTGszx3QI6MVlckOSI5BaESE4ABR9II3QdGlxKrBMMKWA4SGD2XWnHZdLCeFMF4BnZO+pLn8k3GPdQpDyMoZi1DCK3zZC6AQrZcokTwy3gbKHcrXTXOndBMBn8J7gq1ezIUbwXA8qjPZUrFiR5deLTVWid0bmFzOWn2USiropX+GRpK9SuNthuMBhlAzjY+i8q6r6budlmNRScNOSMchFv2s4Wt0koLdBFgMsz3HKa52oYxwq+13SOpja17sOx39VOzpzstMJ7kcd88MhVdKJTqxvhVMzXQvAIV+ZQdnDZQq+BshJ0jdEZb6srKK1wa8F2d1CmaW52ypBaYnAcrjmtlbp4ynVzOFq9PG2LjJFU5oe4jCBNRhwyjzh0E522UiFweMrYvuPm2rhLS2uElwUj4HMdjTsptv1xHGdipslI1/AQm07o3fSiUDNKzeiWIw9vso9TSgtyBhSacEAAoj27KThuQlPDMzW07o3bN/dRi0DvhaCsptQ2b2VHU0szH7twsk6v0bqbeUy66a6vruna1j/Fc+I4BBPAXs1j6otvUUQ+XkAlAy5hPP2Xzw4DHm7KbarnW2mqZVUkxaWHjPKySrPdeD+prdNNQuf2H0c5hTdOFj+jviJTXl4orgRHNwCdgStsGhx8pWWUdrPqWk11OtjvqeUR3NQXM9lYGPAzhBdGPRQ2p4IWn3TZIw8YypJjPZB0HJUxgGayipqreyR2MLPXOyhz3NdGDnsR/ktm6POFHmgY9uHMBUTwc7VaKGojtZ5TVW+rt8xfTl2kHIx2V/YuqWACmrwWkbavVXlxsgmBcwgH3WMvFklY3xoc5HIxumwtafJ5i7x8tPLalwbK4WCkujBURaS5wyCO6yFdbZrfMW4Ox/ZNsvVFfaQ2nqNT4wee4C3cbKC/UbaiPS9xbuO63Vag59uljbwuGefh5BDkaOpJIBCm3jp+pppXGAZZyqgZadLhgjst0bNxx7KpVycZIuaaulhx4T8LU2bqmRxEE7sjjzLBQyFmO6PHVEb8H1CfGbQCWD1Kqt9HdYdbY26scgLPuNdapDBM10kQPldyQPRVNq6nqrc8Bzy5notpRXG33qLw5Gs1kdxytVd2QHHJUTQ0lyh06hqVLLS1Nrk8QAli0Vw6ffTu8ejeR3whQVYkHgVTGuHG4WuMjNOleiFQ3aKr/lPOlw9e6sWsD/zVfcung8fNUB0Obvgd1Cgr6umkEc7X+6NzTBipx4kWlZS6Wh4bkd1DbCCNlPgqxK0E+YJstKXHxac7n8PuqxkGdW8rZZG7wVEQcw8hwyCsteehIK9xqbN/Km5w04C2rA0jwatgbJ3BUapoKqE+PRaiBucHGFXxezJZpsI85prtebHUCiu8bgwHAc8f6rT088FZEJIyDkdlZ1MdJeIjTXKnY5wyN275WRrunb1YHGa2yfMU+SQz8TUEs9HG1WkXaRfiNzTlu/smzxQVjBHK0Zx3Cq7R1NHI/wACtYY3jYhwxurtxim4bgncEIHDJy5Kyt4wZyrtdVSHXEPFZ7cqL4TKhu31dweQtU1/huw7ce6j1drpawGSE+FJztslusKF3/OZhtVUUDw0g4zyrikuccrAHOBzzlAqY3QEQ1cQcw7asKFJQ4/mUz8DkDOyW48DWlLlFxVUVFcI9EkLDn2wVn67pmrgJfQgyMG5aTwpNFcpYZRFUAtB2BKv4ZdbA/kEZ5S9iLjbKBgnQvZtIMH7Jugf1Le1NBQ1UZjfCMnus5cel6qIOkov5jOSM7hA6zTVqYy4ZTnB5SDtPfH2QpopYSPFGnUMhDBQ8o2RcZouKe+XCmYI2TOc3tk8K/tvU7HNEdQRkc+6xjXNI3Thlv4kSsEWaWEz0qC4U9WBoeD7ZUnwGygYK8yhqp6d2uKZzT91bUPV89O5rZwSPUI96wYbNFJfibGW2vJ1MCjy07m41NOyHQ9V0c4GXFpKtYK6mqCNJaSfVVhSMU4Trf3IpnUkcnlOyg1FgY/eLcrWS0EUw1sw13qFCmppod8ZA7hU6yoXSi+DG1VlqY84ZkDsq2Shxnxoce63hlaTiRmO2cJjqaKUY0M374SZRN1esf8AUecyUQydLeFEc18J8pXolRZ43Enw2j8lWy9OxzZBDRj2SnUjXVroJmObcKxmxkz6ZCmRXWncwCogAPqFY1HS72vOloxjYhQJbFVR8JU6F6OnV5FS6YSKekmdiGYg+jtlJMDgCWOLsehVBLR1ETiDE4Y7rkVVU0z9TJnAjsSkOg6FXkpF7407CG+GXBI1wYcSRke6rY79Wt2fpcPsjx3mnm8lVAAD3ASZaZ9o21+S/ZPE0Tm5Dxuml7X7BwUQfJPcfCnLQeyXysoHiQzZSpaeZqh5CEu2TMHYp7i7bdQNVXF5nNyPRdjrnBxEjTj7K1S0hy1Nb9ksPOcp5cDyFGFfAU4TwEAiQZQ455HKxMkfynDDm4TTHCBsULW3sUi/0KvBGx5Zulg+qF4jyfMQQu61MuAveExnulv6pviBLxGpieQPkQTUuh5HCb4gXfFb6fuoFkIJnHZNPm3cMoeQu6vdQJpSOg4KM2vrYMGnmLMKPkJviH0VNFxzHouaDq270b8vcyVo/C4LR0fxHpj/APPK1YZwXwjcLBak5rhgjPKTKH6Nen1l2nWEz2yz9adCSNDnSg//AE2LBB+y1lvulrqDqtM9BgjYteDn/ovmphaMjKYJJIzmOV7D6tOFnlRjnJ1tP9QWV8TimfU5kuLhj5ZoH+GRg/1XddUzzOiOR7/+q+Y6O/3+g/7LeKtvsJCtPa/jB1pRMEfzIkA2/mRY2++d1lnBpnTp89RP81g9vmuNWMNJxj/G7/qgOraqT/4iT9V5nT/HO9AYrbTSVB9cYP8Akrij+Odmw35yzOjePqaxoOEpps31+U0s+FLBsDLUO+qZ5+5QJaV0o8z3b+6q4fjD0DUlrp46qFxG48Lb/NWEXxB6BnAxcmMz/WcJLWDWtRp7P6kMdRMdkOccHYpjrJSSY1NyFOj6o6Hn+i+UoJ486eytss5zSXemlHo12VS4DUtK/aK3/Z+2YyacErgtFE07QDZXQML8eG9rs+nCb4cThs9o/NXhsaqaXykVjbbRDYQN/RdZbqeNxkaBkqf8vncfsmeA8H6SphjY1xXSAeGBw0BdDccBSPDdj6T+i4W4HCofGtdpEfHom4KNjfGCnANHZQLCI6aRhTEiDjgqFxyQ/MEtLjwMlGMe5w37LnhzN83g7fdQby0C8Ob/ALvZcEZPDN1IMkoGGxE/mhePVsOWQYUF5aYhSz48sYTfkq4nGrb7IgqbjwIiPyRBLce7ThQYnkG211RG5H5FNNlmdzLJ9g5SfEqQPM85Qg6oJ+shQnHsYOnwT5pJcHnzojemLad5ZZcd/MnDxu8pH5ogg8QYdLj/AMSBovFa9HG9OdOx4c58pI9XbIopbFDjTE049UMw0sfmkqQPuUM3Kyw7S19ICPzKtLAGYJ9pEtklgi3+VZkejVIjvlIwaYaMbcYVK/qjpmn2dXQOI/pCgz/ETpqlyfK/00hRrJb1NNXO9GrN9nA/lU7mj123QxX3KX+7aDlYOr+MVuiOmkt75Pu1VdR8XLu7eio4Ih7jJKtJozT8tRX3LP8Ag9Qkhu07fNsPbZDlpJIowJ6hoHJ34Xj1V8TeqKzy/NCL/k2VLU9Q3euaWVddK9pOcFyvgyWeepX4rJ7hLWdO0hxXXSAHnBduqau+JXTFA8w00T5w3uGgArxwyA8uJXNbDycodpks81KX4LB6ZW/GOOEf+6LYGyHbVIcj9MKmq/id1PUY01DIs/0DCxWG5BBTnzADA3U2syT8nfPtltV3+9VkviVFxlc3+nUoTpnSHL3E59SoZqQEOSs4I2U2sxWa5y/ORN3PZcVa6vl3Aco5rpzycoowyZnrYZLgyMby4ITqmBv41WmpeRgoZcM8pmwGWufos3XAD+6IUZ1wmOQVE1lLV7KfGIlq5yDGskPKYZsjBCEkpsFyucuxJJJK1HADlkSaGklOXRwUwjlgbgLqY5wyua2+qii2BkLkeiZr9k3x24QjMO26JRFO6KDpKOZwDuE01A9EaiLnfFcIk+J7IfiHG4Uf5gjhoQzOXDBCiQmVoc1BG2EMzk8hAJJOVwysHJRqIiV2Ow+srhfnYuCiurIRkZ3Ud1RISdKYo4ET1lce2WJGUx8kcf1EKudLVSHd2Ak2F7z53k5VqLZls10f6SRJc4IxgblRzdZJgRG7ZObSU+fM3JXfCgiP8tiJwM0tW5cMjAVMzsukO6TaGI4MoyVJEoaNmhDLvFPphEq8i53J85Htp6Rg3GD2S1MAw1u3ZMPukjjDAmd79HSd8paiuJJ3xpi3fJiXclcSU+NASscjuSkCT3TklahgFybEAcJml3qiiJ2eMIngj0R4JuZGTzuieGnmLG5CEEi6DnKfo9kTRhO0+6rBeAOj2S0eyJp913w/dRvBE8AdPulp90Ysx3XCMd1WC8sAkiEFcS5MmWMTUVMyhCGpJJIwhJiemKEHrh4XUktrKwGCcXb7bJrUYgcoB25VRjggkk0t91w77IgxxIHdND89kMtLjtlem/Dz+z18RPiK6KW1W5sFHLuKqc6WBOronY8IRfqqNLHffJJHmcrST5RleqfDT+zf198R2x1bKD+H2041VtX5Y8f4f6jtx9vVfVHw8/sw/Dn4cRQXjqepiutyaNmVDv5AI5w08nhekVHUgdD/AA+w2+PwWbatGMenA37rpVaBdyPHeQ+rM5ho1/1f/sYf4ef2e/hl8MYY6l1LHc7qxv8A2qVvkaf8LTn9fZb6ou75T4dG4FR47RVTtE1zkIzuGg8BElqbdbYzHTNGTgHHdb6qlWsJHi9RqbtTPfdJtnGMqn5dPwgyT0tMMd/uoc9zqKh+mN2AuRUYm/mzHjuU3CE5HyTSSn+WcBcjyzzP/MppqGtcYKWB0zv8IVtR2yfSH14bpduGeimETJBip5KqQNiYdJ7q1joaakiMkxGodlyWqjhcYaRpGkd1HLZ6h2SSrKOy1cpGmIYCGGOcQ53KL5Y9nDhMkqGN4AU7JjIQsDWHB4Crqmr0A6uAoVxvfh6mxu4255Kz1TcKiqGlzyAUxQyGoFnX3dxOIXbqnkdV1j8PzhGpqGWZ+23ckq3pqMR7gYRfiFjayBSW4uw57dwrOGLSAMIoY1m52AQ562nYAIxqd6BQgQsDRvsos1xhjf4TA57zxpGUIQ1le8uc4sb2HqptLSwwADTl3qVCEeOGtq3ASHw2hS46KKDGgDPrhSGjHHZdyFCHxwkkkuwe2UsiSTklAt41JJJQgxJJJJICThyU0brpPlJSbmGAqJtODwqWukx4k/oFYVsmNlS3N/8Auzvdcu+WTTp1llK8mWYvI5T2gkJQgHn0R6UB07YyOVhS5ydCTxHBZUkLmwta4dk+V2gbEI7sRtG3ZV9WcbgozNjLG08LXz6nDPdcqn5fpB4RqRp8AO4O+6hvOXk+6g+HIwcpyYnoZDRJJJICxiYnpihBJJJKEGoqSegLbyCHKkwjLQow5UqAZaMKCZdgK7JYAClTR4wfZMlDnzYduOykRHDR5UITWEFXHEAbrqFLg43UBATHzILe6JIcIYOFYbDpJJj+6jeAgb+EMLsvKCAcHdZpvLGYCD6tkR/0hCg3dujSDICKK4KlLANNzggpwOU1pOvTjdVLgOLzyaTptgdO1bYN0tAWc6XpoxE2Qt3K0bjhZbJZPoHjq9tEX+0R6gufKW9grKFrYqNp9QoLWiSUkjlT5SG0wjOxCzw7OvCOOQkTQIMjkp1Js/OOEwv0QAdyEShJLC8t77IbDXBDaqYOqHDHZNhAdI0FBnbqmLs8p8AIeMlAGTZ9oThS7W3VO3PsoVS7DfDPdWdhYXzgkeiRb+OTVpY7rUizur/5Hg5HCpKggADI4U+8P/3jSDsqaoJ23SoG26alMjyeZznZ7KZ0vE11yzjKrqmXw2fdaPo6ljELpy3LyeVLBdMd9qRoqhh2wFo7ZEPlhkYWefuRv3C09uy2BvKxTPQVrBX9WzeDaWxYwQTleY3Ut8IHI3W+66qhgwdydl5tdQ/whv6p1K5OD5S7loqBnWAFZ0YIkZn0KraYZnblW7AAQcLox6PK1vczlbISAzCk2/yxF2OchRKk4e3IUrUYaPW1Zr5YR1NEtsssr3nVO8kr0rodobb847LzHB1l/wDUV6n0W3Tb+Oy4GvszE9b4r8yyuYHht+6xvUwyYR/jH+a1lycXNaAO6ynUWXVtGwc6xlcBvKPR35UeD0e2N8OxQgDHlTKcebOFJgAba4wNhoGEGkGXYwkW9G+EcxRYRjS0BVPVbw2gx65Vq4E6RnCzvVsjnSRxg4BO6zw4YVizHBDpsx2vxBtpYsXX5Ic8fiK29aI6azAZ3kGAFiboNEbey6NPRxtZBqOWO6fg8WoeecAYK0Lh4TS47AKq6TjHhySkZAGCcq5qcfKSuzvhaxdUEqssycrnS1Rc45Jd/qtzZhppmjHosJb/AObOQR9Llv7cNMDG4wUjULgd4/luZc0oGEeb+ooVIOEWocPBPquRb2eipW4xvUNQW+LgLS/DWPFoknLcF78ZWS6g38T3W+6Fh8Hp2JuMZdlZLvwMqWdRk0UX1NC0vT7c6yewWdiHBC1tnY1tHra3BPK5OofGDcnkm6QMY7Lq43OBlPaCDwubN5HD2hPXGnbhdS0CPSSSVjRJJJKEEkkkoQSSSShBJJJKEHEjHKGeUsn1TFTeCHChknKIeEPODlCUyivJbNe7NQk4cZpKlvsY2/8A+wV4ABvkKggLKvryTU4Pgt9AD7h0zsHH/kV80YJGcrVArPAM7J6YnqwgrQNk48JreE0k55UCwI8oKKhKFj0kklABi72XE78KuPZTPHfiYBP8W+jIiPoPiH2Gr/8A1XqLCTnK8t66/wB5+OfTsQ4ZRfof5i9QHBHqtK65MVC/1LP8/wD2OjBI3UW2OD66um50PEY/8oP+qPg+qi2RpDrg496p+P8Awta3/QpUzYiwHKDH9Mv/ADlFPBPsgs4Puoi0MncdBPdFa5waN0CcgHc7IrfpChYdJJIcqAlO7S7qCueN8QwDP/nypjPqCrKbJulxOdwWj/JWce5C0Vhmf69k0dMzgfjIb+pStkQjttM0dom/5IfxEJbZ6aP/ALyqYCPbIUinP8iPGwDQMfkttfYDWSLeX6LTXSekDgq3p7As0H/KpfUUhFirCBywhRLC3/3NT7/hC7GkWeTDc/uwRb7tTEBVcXDfsrDqA4gcFW0TsytGOQvRaaOEmcnUTxMIzZwB9V5V1kR/HajfuvUAT4nPcLynrJ2b7UYP4l2vHf7h4v6qlt00f8lBUfUFAoyf49C0/wBQU+cgvCr6TbqOL7heil0fPN2LIr9s97tBP8Oj9mBS2fSoVn3trD20hS2kFpBHCxWrDPpum/2Yij2afuoF9kLG07OxeFZRDLQVVdQ80v8A9OaEVYGr/wBlkoANAzsqbq1+iyzkHfSVczjDm4We60OLLMM/hK6OnXKZ47yDxpZ/4PEm4kke/uSr/pdv++Hf0WaY7c49Vp+kGOkrHHG2F6bScI+Gal5jI1dSRqAzuo0pILd+4T604qQM+ybNtp9yAuqujhtZNjWkizUze23+SFc3+D09p41lFqQTbKdnfA/yUbqgmK208A2yAgk8ApYRn2bDf0Xn/wAUfpa0ey38jgGtxtkLz74kfzJ2MB5wseslitmjx6xqUzAx8Y9gpERw7KC5pYdm8p7Hb8LgdHrXyXtpqf5oDtgr2duWeXuslSzeGQVq6N/j0zRnf1TlLBy9VFqWSJggkFBqYi5pcBupcrC2UjGy4dLhjhX2DB4WTPuaQTtjdBcwAZByp9dCWF2Gqt3yclAjbVysjXHUeOExnlcCi+H7proiSMbpclkMkCQPbghAc3AJXQC0BEDcjIQNZKXZGIOChB2HZIzgqU8Zzt2UbBB4QfiNhLDLuil8SMOcd1IIyqWkqtBAOwV3C9r2jBVN5O1pb3JbZEWRgIwd1V1lNjfCvnxj0UOoiyMhqzzRptju6KFzS0kYQ3PJcBjCnzQgHhRXx6eyHJldTTBHeMkqPl2dkbjIKHgJFoxZXK9HrfQV7E9mdRyu1OjGW57L3Hoi8vrrS2CQ6nQbfl2Xy10RcpKW4eC3Ba7kL3ToO4SwXMRxnMco3B90DWT6n9NeQd0I7/8AB6wHeI0gjZUt7pg+EkDjKtKadrz4YCZWRGTXHp/NJaPeyh8kMHnsrCDhwwo00WCMD3VvcYdM5DW7D3UAgEFU45ONOrEnFh7DWGjrGknDX7La6dW47rzyQFrg4HBC3lsndU2+F78atIBPqqzg16d/btDuYJGlhHIXj/XNqfS1UutmQ4k/kvZIgARnhY74kUDZYPmHDbTstNdmDD5bS/LS0fPLwyCudjjKDV5inEwGQrO90vhzmVrcAqpqg6SIYGSN11dLafHPLaR/dFlkT4tM2VhyCN06zVb6Sujla/SM4KiWOcTB9M/0yAkSYKotxjdduqW4+fXV53Vs+gekbuKiCM6twACr2/UhpqimvlOMOYQH47heWdD3nAZGXcbL2alMV4tToHDVli0o8hrKfgltNPa6qO4ULKuLdrguv3G4Wb6GrXU/zFlqHHxIXExg/wBC1L2jGyvByrIvcQ3N3OyC5pJUotGeEzACgJDki9d1GkhGk52Vk5gQXRZ4UGRngpailyS3Gx2XmnU1pNvrXAM0h2+ey9blizuG5/NZ7qizfxG3SeXzMBI9UtrJt0122XJ49d6IVVI4EDPIWHrKR8TvDe3BC9GdGQXROB9N1mL9RljtYGyTZXjo9JpNRykjGVEYYeMLsL3DCl10BJzjb7quJMTsYWdrB28qaLHILcqIc5O6LBJlvCbIwoWVjA1CecNRUMjIwlSGDIZiyYE8LQQPbIwODhuFni1urJOFPpZ9OG9lIMXdHJcRkbqQ3bdQ4DkjdTGO24TjE+B2nWMAcIY1McCpAGNgmPYCoLxk6NMgAPKE6kznAwhuc6J7SOFZQOa9oKpxTJJuHMQdJqhP04K0VquxyGzPz7KnfFtsEKOJ7XZxnCy2aXPR3PF/UV+iaUpcG/pq1krRpcCEZ7g9uVjaC6Op/qycdlpqKshqomvjfn1GeFyb9M0z694vy9GvpU4vk7K0OyD3VLX27QdcDfuryaMu47KOTjkLI6zpznmPBSRTviOlw37qWyUSNz6p1fQh2ZYRh3cKrHjwP3JwEGORKsnF4ZPkIac55UWqGRjHK6yoa/k7p0gDhscq3HAbtTRWOaWuUmB3AXJmAZKjNeWu3VxeBEmWzXYA3ylPSw1sOh4wex7gqJFODgFS4ng43wtMZCra96wU2ipt9QWHOn9iESR2S2oiODnzBW1XTiVmSFVviMTiNOQQtFc8nOspwGOKhn5Kgudvk800Yz6j2V3A4Z0nunT0hlbpDsZ7rXCeDn6miM44aMVJHkYPoobo8ZCt7pSyU8py3GDhVkxIGMLVGfB4/W6VxnkiSsJK5FJh+w4Ti86sEIcgwQVN/Jy5L0WUMuRwpAdkbqspJ/OGH9VOOHYwVojJTRmlFxZIacfktR0PfnUtf8rM/wDlvGBkrKNRIZfAcHDn1We2G7g6fjNZLSXKxHu8E5dggbKdEPEGFiekL589S6DJqLMfdbGB42XNtqPunitZHU0q2PTJAzFI0nsrWB7ZGAFwVaWF7fcLtNM6KRrTwVnawegpsbLMswuGMu4RmEPAIPCfgtUbNiXBEPlP3UloGjOQUN8OrfPC5ESDjPCmclKOTjm4Oy5pz2UkNHokQMIXPBHHACPc4PdHIGBhCdHuMIsfAzuhzkHDGeHlCfHtwpmn2Qy1QppMgGM5yotwt8FxpzBO0HbYqzfFncILwWqmJnDPB4v1V0rV2aqdVUbDozlzRwfcIVpurKlgikPnGy9lqrfTXCB8U7BgjnC8i6z6MrenpjdLePEhc46g3srjZtZ5rXaF0N2VrOQr28FDkYC3lVdrvAmAbM7n9QVayDYOG/otMLNxy3h8MrKynyctCgDLSVcSguGC3Cr54N8gJieDm6mrDyiFWU7Z2Egb8qDTyFsgZ6bK0wBkFQK6na14miHOxC10zTPDef0MrIb4+idFhwzkLr4m4BUGlmIwOVPY8uHC2Lo8VyuAeggcIgcM8hI7g7dlHw7KLBQWZjS1VtVB4nlKsYzsQd0KaIHgfuhcMjIT2merKKRjdcY45CgGTSMY3Wle3J4wqqvt5OZom59Qss6f0b6riujmlikEkby1zeCDheldG/FGSkLKe8hz2gBokG+3uvNHgsxtynMfjGQsFlWWd/xnmLfHWqdfX6PqWkrae5U0dXRyCSN7dQLTldc33Xz50z1jdemptdHUSeGSNTCct/Re09N9a2fqKJuJ2wz6RqZnk98JEoYPq3jPqDT+RSiniX6LcRgjdBfF6BTnQ6RkcFCc33Qco9Iv2QHRj0QXMA3wrBzfdR3s91Oy3FPkgSxtI04VZXW+KRhDxzvkK8dEewUZ8DieMqjNbTGfZiLl07C/O2Ce4CzkdTdunaktie4xg5GOCF6lLTA76QcKmuFmhnJJaMHsQjjNxPNeQ8fLdvrO2i/W+80zPGe1kpGHA+qi3npTW51RTdxnAWUudkrqGoMlGXBoORhXth67dTtZQXiJ3lw0SFbK9Q4nHthFrZcikdTSwkiVuCEwjHdej3Cz0F0hEkbG5c0OBbzgrE3ix1NvediWjg+y2Q1CkjnX+PnU+OUV7S4EHUptJc6mkLTG87e6r290QuA5WmFjRi+Np4NxZesHSYiqjqA/q5V1LaYriPmqKQN1DOO2V5cxxDgWnBCvrX1FW0WC2U4HbK1QvxwwZQNOypmo3mCYEFqJLHRV7cSMaHHuEqW4W69RNdLhk2ME+6ZVW6WnHiRuJb2IWmNu4CUcECqt1RQHxad5cz05wu09bK3HGVIgrZqd2JG6m9xypAit1WdWgNc7nGycmgFXkI0Udyi84AeBz3CqvGrLXVGKq80R+l+Nse6kuoKqjkM0DtbfQcqTDcYZW+BVxA52IcMpqki3TJdoivgt9wGpmlrz+Jqr5oa2hkLJ8Sw8A4zspdXajRO+etjtTOXsyiUlxjqR4Mo852DHcFU0mZLdPGS+5GPvPSlPcHOqaNwY93YFUnzF2sOIKyJ0kYOzxzhenTWdhOuA+G/ktPBVXWUzKhvgV1MMcZIyEDgcfVaJS6M/Q3ClrmjQ8Z7juFJdG8eZpyq66dJz0Mja60PJGcuaPRR6S/Ohf4VdG5vbIVNHBv0sq3wi3OiUaJmNcD6hQKmzvg/n0Tg5p5YSrJvhzsEkbgQ4ZBBXQZIjkHIQSgKTnAzsrIKwmCaExytHB2z9lDkbcbY/XE9z4yc6XLUTUlJWtzO0sl7SNVfUUtypMl7W1UHsN0qdQULM9kajvtNORHLmJ/cOVvDMdsA4P7rP1FBRV4zE7w5B2OxBURtTe7Q7zHx4R2O6Wsx7HbIzWUaWrttHVxGOana5riTuNwT6LNXHpOSLVJRP1N50nkK2oOoqSqwyQmN/o5WscgJBxkFC0plqydL4PNZI5YJCyVpa4eoSMpYM45XpFXaqC4M0zwNyfxAYKoLl0bK1pkoZA4DfSUv4maatbGXEjJ/MbHZNDtWdlIqrdVUzi2aJzSPUKOBhLcGjZCUZ9MJE90ZDmk7Kwouoamkdkeb81WjblLT7qKT9gzpjPiSNtQ9bQua0SOLT3C1FJc6WtjGiZjiRxleQ6e6fHV1NI8SQTOaR6FErcMxXePjLmJ7G+np526XMbhV1VapQNVO/8liqbre4QxiOVocR3WktPWdHVAMqCGO75Uc02c+zS20voM+OpphmXj1XGTU7vKXbq5jlpatuWOZID25Qai0Ukp1hulHtUuhbbj2iv0McNTQCCgywsO5YD+SNJbKqny+mn1D+lyAX1cXmng8vtuqdf7DgwDqKKTGY2fmFAqulqGd/iFoaTyAFbsqonHTpx90QnKX8Q5aqcXwzGVHR8rZT4LgWnhVNV0/cGSFnhk47gL0jnukQ3uB+iB1ZNMNfZA8ndR1ULy1zHZCc2omiOdTs+mV6bLaqKclz4mgnnZV1R0zRS50taD9lWw2V+QX9RimXicN0kZx6lPFxLiNQzhX9V0Z+Jn+SqanpiuBxGMgeyW60a4auuXsjuqopB2B9gm6gDklBmtFdTHzgoY+ZaQJWnCH4ofo0x1c/6JE0VTh2RPm3dwq4TuA+lEbUEn6QlOmA5au5dsnCpcd8BOE+eQFFEoxwuCRp7lLlp/0HHXTXZO8b3/dISf4goefdLJQqvA1a2MiZ47jwEjM4bkfuo2pIu24VYKesfphzVkc4XRXRcEkfkoTn4OMLmrPYK1EU9fNdFkK2Ej6075mB2wduqvSR3TNLvVC0SPkrEW3is/C4YXfEadtQVQTIPxFLXJ2JQ7BsfJTfZcZP9S4JHc4wqsTTjcPwEvmqkHOUMoD15OPTRZePONgdvsnNqJXfUVXtrJjsXfsniqB2KRKncPr8jV7JzanHKIyaI7a91WiaI/jC6XxkHD/2SZ6fA+vyFaeS0aY3n6hhSRSU8gGWqh8ZzT5XFJtZURnIdlZp6WT6NsPJ0r8jQi3QY1BoTm0chI0y6R2GOFSMvFSMDCmwXwt0+K7CV/GnHs30a7TT9ltHTVzBmOue38ypLKm/RnLLrL/5yolLe6WXDHOAPqrBssbwHNe0g+6r42jqU3Vz6sf/AHCxX3qqDHh3eTb1dlS4+sOsIxvcg7Cg7HuujA7odpqU5/0zf/csYuuur2O3qmEKa34h9SNALvAJ7+VUnhZ7fsnOhzgYx+SqUGw426hdTZef+0jqAbGOD/yro+I167wQ/oqL5I43S+TwUPxMar9V6kX/AP7Rb1/3EGfsl/7SOoONMAH2VEKPbhI0anxMNanW+mX/AP7RLxpyfD1dxpS/9od2xuB+ioBREkJ8lDgDGyirZP5Wt/Zd/wDtBufo39Ev/aDdOxA/JUHyZ7nC78kfVXKBf8nWv2XrviDeQMMkH6IDuveoDnFSB+SqDRP9QFw0Z41hCqm+iv5WtXssj111ATj5of8AlQndb9QH/wCJH6BQv4a/Vu/n2Xf4bhuS8foiVLFPUa32w7+rr5J9VUQo8nUd6lGDWPx9000gBxgFDfFGz6sIviygJ33L85DJLrdJDk10v/mKhukne4udM4k8nJRZKikacGQAqPJW0zBlsmo+gV/EZp6pf1SGnVnOo5+65l2d3ZQX3CPuCguujMHS3dUqmZbNZWvZOAwnajjGVUOrpiTh2y587ORuco5UmR62stPEameK0DkKsNSTyTlM8Zx7lUq8gPXJ/iWRqsdwl81j0Vdk9yu7+6L4cC3rZsmGt52Ka6pz3KiZPqV3JRKvAp6qb7JBmcheKc4TfEGEA1Mfc4VqAMtV7kStW3Kb4nso3zcAG8iYbhTj8SYqify617JiWSq/+KQZSN0iP07FX8eQXr6yySVV8/K76Tsh/MSn/ibKtgL8hBFv4rRyQuGZvbdVXiye/wCq547vX91NgEvIRfKLA1Iz2wkayED6t/RV3iZ7rniN7hF8TEy8jJE41vOkIRqpj+PZRy844Q/GePwqfExT8g/2ShVOJ3GV3xsjn91C8VxP07LoLvt+auNYmXkc+yV4xK4ZTjHKj+bGTv8AmkC47EFNVS7Fy8jFBDMc9lwzYCaI877rvhNG7hkK/iQh6+PoYak54Cb4zzs1oyi/ycf3QTNbQ7IYp8YievnL2DLa09/KUiyTHmKOJe2E1wBB2UUDPLUSn2wAAzuAnhrQE13K5kpijgS3kcd0juuYKWCi2kzgY7Pqub9yiBpKdo2zhVtz2XkCnMYf0TxGUYsz+H906MStyQDT7robnujBme67owcgqsE+QGI2ld8EeiKCQMJyJPIHyEfwP8f7JeB/j/ZSEkRa5B+CPRIRAHOERJQvBwNAXcBJJQmBJJJKEGpJyShWBh3XPzXTwlgIZPBQzT7rn5pDgrh4VN4Jg6Q3fPP3QSeSunlDSZvA0WvOyYngYSQhjUkk3V7IwhySbq9ktXspgg5JJIAlHGDYZxBc7PbCkxxmQ4aMkr0voD4AdX9bNbVOpxQ0T9xUSjY/YZWivSymzLqdZRo477pJI8uZBNN/dsyvUehP7OnxC65HjRUkdBSjBdPUHSRz9Prx/kvpLpL4Q/DH4Zt8eqzcqtoGDMdWcf0s/NbqlrOrOoiIrDaDQ0X/AHj/ACEg/kt9WgivyPIeQ+qpfjpY4/u//Yw3RP8AZ9+Ffw6p2XK/EXK44GPG8xyPRh+43yvSY+p7/dI47Z0xQmgpyPNIdgR22x9/1U22dB222MFTfKp1ZUu3y85AP2/RXL66OKMRUGI2jbyhbYUKHR5LUam7VS33SbZQwdGx+K6vvNR8xUO3cSdlPkuFFQRCKCFuRt5QAmTiWVxc6U/qq6rMNNGZ6iojja3nUd09RQgdU3CrrDp1aQe2VDdAANUu475Qo7j835aCne/H4uAVZUthq6/Br3uZHzpacKiFeKiniwKWF80mdmtGQp8NluN0PzFY99PGf+Gw4Cs2wW+1NDY2MbgbHuVHddLhOf8Ad2nR2OUABJEdutEQEbhrOw23JQHT1tWdjhqUVE4nxqlwcecHsuVFypqRmI3AlQg4U5Z5pBumTVLIm4BBx7qqqr1NJnBw1Utbe4wNLZCT90ajnstRbLqtu+g7kYVFcLwZCBE/91Wy1k1S/GrIKl0FokkOuSPIRuOB0I45I4ZPVSZaMlWdJaiAHTDdTIaSOmwGtwfRdfVsj2xkod/OC289HY4WQtAA4TXVLI9gd+yGfmJzsdLR+6IynYzcN37os5BB4qaryk6Wf5o8FNFCc6ASPVEaMfknKFBBp4GF1ABOUTI0YzuoQKSMcqMScndJxOdymlzRy4D81CHyKkkkuwe1GpySaoWJJJJDJ4CGLmM7pYBXVmlLJAeMboZIAy44CKeFCrXaYXYO6Rc8rkYuyHUS+LKTnbhUd5lyWwtKs25Hc7KhrJPErR3xlcu2WeDdpoc5ORHQMYU61xtdMXEbgbKGDjsri0QtEJlDcuQpezTc9sQ8wAaTlVjyZH6Ap9Y7AIx2UKkZrqRndRvPQiHCyw8v8imDe5Ve7kqdcXtGmMchQULeR1Y0crpOEgMd007lKmxw9JJJUQYkkkoQSSSShBJJJKEHqTGz+S57uAow3UqYiOg3H1KC59ohtcHuz6qQ0DCixA5GFLHCUyOWRHhRiSSVJPCjeqmcFAJSdkMZTpQS4YXQBhUnlhnR7oj+ExPfwifQxkc8pieeUxIaDQoeEc8IMTTjhGPCsBAzsVymGuqzjY9kn9/snW1p+aGR3Qy6NVEd81E9B6djDKXJarV52Ki2pgbRtwMI8j8YAKxy4PpGkr21JD6duHZUmqBc5wadtkOFulucIhGYtfqUs6EUde7U1p9G4UlgAoy4lQpf7ggcqTMdNuAzhJbHxQBji86j3Ro9nA+6jw/3LfVSIN3BUWw1dgzANPZX9ijDAHEY2WdI11wHK0kP8ukAASLHxg3aJYs3EK4P11ZGcg5VbUjJwpc7tby7KiyDIKGK4Lllt5K24E50Z4K2PSbSyjyRySsVWjXLGz1K9C6fhEdCzblLsHaSP+pknDzvaMfiC18EYZGxoGNgstSgOnYD/UtbnyD2AWOayduuWezB9ZTB91cwjIAWKvEkbWaDzytP1JUeJeZscBY69SfzDstlETyfkrW3LJBpP+0NVqDglVdv3nCs4+Vr9HG065AyapKgAb5UqqfooHM7goLP+0j7pt3lDImx75ecBYdRLKOtQsAIhqDB6kL1jphoitjTjkYXlNJ5pI2d8hev2KAstsXvuvO+Rlties8RHdJHJ25lY33WTvQL+o6OnaMguWvmH++47BZV7NfWVGMZwVxd3B6TUcbf8no78Nt8TeMBDox/Ob6YSq8iLA9ESkA5xvhZpyybq+iY7kLL9R/zKyKL1ctO7gfZZa6ea4M77oV2Vb0Rb7I1tLDTn8IysR1AZGOBB8uOFs7qPEeDzhqxXUDtcjWDnOFvp4RydbLCwaWwUzY7OyZgxq3KLcn+HRye7VKt0QisUAAxkBU/Usro6MBrsajgrSpGecnGoq7I0GpcPVy3dK3SWhYawAuqM49Fu6QHIWbUz4watD/tlzRj1Q6p2AcnAyj0gAacKLcv7vbnK5Nryzv1rbBMx1/dh7h64XpvScJjsdKCMZbleZ3lviTsb/U4Bet2aHwrVSxgYxGD+yyXPCwKivvcidGzOFr7UzTQtWYpmZe37rWUjQ2laAuRqWaYvIQbJ2Amp6wt4HjkkklYIk9MT0A0SSSShBJJJKEEkkkoQYkkkoQSanJqpkOHhRj+JSTwosjtDHPPA3Vw7KZQdOxiS7X24Z1a6tlPn/6XGNvy1LRtz3WZ6HHzFjdc9z8/UzVLT6tc7b/JaNrdPdaY9C4vJxPTE9UNEkkkoQYkknqFt4GJLpGFxQoS6OFxOH0q49kPGupH+N8c7cQP7qlJH/lf/wBV6iG988ryivf4nx0jBH91Sf5NXqbX5GPVaJdGfTJNy/ydTbQ3/c3S/wDezSuP5vKZKcRvd6NJR7SQLbCO5y79SlmoO76T9lHH9y31ypLiACSop32UBI1a7EQIPdSm/SPsoFecQs7/AMxqsG5IG3ZWQMkm6vZLV7KYAKOkGbrdPTx2j/6kKxbzsqy2v11t0djmrP8A961WMTtPvlPrGNcGc6/drp7ZAf8AiVrApVOf5LT7BVnXMviVtqpxz44crOn2iHstkOwEuSp6pl0WKpOOQAh2Zmmzw/8AKFzrLewz5287P/vgn2ja2RZ9F29H0YL/AMyp6h/uD/8AL3VfR48VufRWN+wWYPqq6mOXD2XoNPLKSOLqJZsOnPiHPqF5H1eSb7U5/qXrj3ASb+oXkPVrwb7Uj/Eu143/AHDx31Z/+Gj/AJKNxJduoVIP/rjZ9wpuN1CpCP8AaRnsQvRS6PnbeLYf5Pe7J/8AOeM+yOyXHblRbHIH2XGOEVqxWn0/Tv8A0USo3YGMcKs6hwBSkn/jtU9noqnqU7UX/wC0NUg8MTrJ/wCiyxk7LMdbuzZ5Wg/hK07iNljuunf+7Z8HbSV1dLweM8rLGln/AIPGYTguz2JC2fRZBlzjkLGxgaSR35Ww6KBMgx6f6r0OlPiGo5TL65kCoaAfxhcnB1Rf/TAh1x/39mT3R6gAFuR7rrw5RyJrDNhU4MFM0cYaq/q9xa2CP0AU2IF1JTE7nDVW9Yn+bG0D6GAoGsgMpKg4kh3wMLAdcAy3CPfgLa1k/nhOPwrF9TEGvDneixa3is06NYuTMrcKUMxI0bdwq9pycLSVkDXU5yOyzIGlx+64NkcYPS02qSwS4u2CtBZ6rViErNMJHZWdvl0EO9VcJCdQty4NLVNGC5u+3ZQW5zurGiaJafW7fZQ5m+G84GAU8wp7Xhkepi8RmCOyoJRhxHutP/eDGFSXCmdC4nHflDJ4NFFuHgr2fUEXAIQgCHDKKCCMZS28mwTU9pIQWt0nOVNZEJYduSqBk8AHMDm5CjSxjs3H5qXoLHaHchMkG2cpbBjPDIIBY/bZWdDOSAC5V87MO2XaeUsdv2S2zfp7WpJmib5wCDygzREjOEqCQObgqU5gQtHbhP5EUlTCc8KvqIzjdv7rQ1MILc4VRVR4PCTJZJOJUOa4HcJpacZUx0e/CZjbYLPYhOMEemnnpZ2yxOIc0jcL2vpK7uaKGoZITrIDj6HuvFSBnIK3HSdeamgkpBJh7BqZ9wgPS+B8gtPYoM+oLTU/zY3v+l2MK9niAIOPqXnfQV5/i1gg1HM1KGte7uT/APKF6RA9tfQNc362Df8AJIsz6PtOjv8AlrUjI9RUAgqNTR5XDKzUgLXcL0W6UQraB8pHniGCPVYOqpy2QjShhPPAjU04e5EJzdSvemq5zHGjldsd2qnLcclEhe6CVkrTu05Vvkz1cM3bR+iBd7fHcrfLTvaCcEtTqOobUQMlZuHAFStBzlHF8mmcPlWGfOXWFr+SnkiezcE4+yx0kWpuML2b4nWFzpmzRNA15yvHqiJ0T3xu2LTgrpaeeD5d5/QSpsln2VUExpK4EbAFXN1iHhsqoxkOxkqmuDA1wcNiVb2ycVdtfFJuYwu5ppZR8o8hp3TbuRbdJ3L5apaC7Yr6A+H9wiqQ6ne/625avmGhmMFRhp4Oy9n+Gl7iNRG2R+5AAOeCunW0zzHldNvi5o9HvVLJZrpDdodgHYkx3C2NNKyrp2VERy2RoIUGvt7Ltand3acfn6qB0XcDFDJZqn+9gcdOfRG0eWk02Xj2b+hUeRvCnysB7cqNLHtsEtiiKkRkZXCMORNi1QojvjByopiyCOxUxzd0N8Y7KBRk10eUdZWY0NaahkeGP7gLH3Ol8encMbgZC9yvdpZdKF9PpGvlpK8graSSlqJKaVuHMcWlLZ3NFqeDza4U5Zs5uFR1MfcBbPqKjc0Oc1u2VmKqMhowN1lsWOj0+mu3og08uHYI2Ux2HMCrpAWvG2MKXBJsMpGcm1rKEWgZ3whl2QUaVuUFwwOULKTAEnKJDKWkFNf3Qnk9tkDltYbjlGjpCJGNcDyFNYMDGcqht1XoaA52yu4XB3fKZGeTFZBxeSbF9K6QcrkH0hHwEZlIcsR2OMp9FUaJQ14OFJDBgqLKwMfkBWgW9xbgB4G4P2ThGN9lDop9w3G6sQMjKckZZrDIj4iMaQu0tbPbphNHx+JpOxCkvYDtlR3xjjCzXadTXBs0PkLtDPfS+TV2y7U9xiGDg4xg8golREBuFiPEkpnB0Ti0j0K0Vr6hhqGNhrDoeNg7sVyrtK4n1Lwv1VDWqNN7+8lvcY9iOVBqo9YzhW8lOyUZA9+VAmaYXaHtXPlU0z2MXvRTuhLHZAS8bAwQp0kercBQKqF2QWhDsbJLg452rKjTs22Ce1xbsQuHfKFrADeQEc7mPwVZQTghpByquaPO4CdTS+G4BxJCvOCnLBeCbX5XDlAqqcFoKY1+oNUhj9gtNbAnFTRVvzC/BClRS6wAQn19IXfzWDjkKDFJpIToywYrKschLpQtqKdzsZcFi6mAxyFh2wdlvovMNz+Sq7xZmTsdNC3zDchaoWYOF5HROyLlExTowDsENzT6qbNGY3FpGCOUBzfdN75PLW6ZLohEmJwIGVOp5y7AUaVm2T2QoZND9+Am1S/Zhtr5wXbTgZG+UTlR6aRrm4Rm4xjKe45QmL2stbBdzZ69k4d5M4cF7DQ1TainjqIjqa9ocF4FVF0cZkG+Oy3vw86klcRQTVGqI/SHctPosN6PffSPlXTL+NY+PR6lSVWpwYe6PNHvqCr4Dg5Cs4ZmuAyFisryfW9LenwSqKqcHCJw3VmQHDZUjiWy6w37KfTVeoAOSDpxeSVoKHoIPCltAeBthCcwIH9o6CyDGy6AR2SAwVIa0Y4VBPkBpBCYAWO4Ujj800gOHCsXg617SN2rhYcZxsmtbhykNILRsrBI4Z6oE0QO4CneH7obos+6nAOCvfGW7gKHUwQ1cL6eojD2OGCCrZ8R7qJJFg7BLxkTOvcsM8U646JqrNO642xpMBOS0dlVdP3ttQflqk6SNhn1XvUtHDUxPgqGBzHjBBC8d676BqLPUuutqYfCJ1Oa0Ik9rPLeQ0DpfyVhJI2njdQamPByAo1lvTalgp53Ye3bdWM7NYT1NPpnFe2zgop2FshOeUJw8QaTwp1TESc44ULBb2WiqW1nL1emViaZXSxup5wWnZxVjTSDONkKphMsWQN27hDiJjcNS6VdmUfOPMaH+PLckWbWg8ob2NASjxp5RnN1YwtUWjz+cEXBB2XS3I3RywA408+6eWE+yKMUyJle+LP4UB0OARwrJ8PdAdEcIZwz0NhbtKCuoA86g3Cq5oXMONOFqpYM8Nyq2rote4bhYbaf0bKrv2U7CTndHoa6rtlSyppZSxzTn7oczXQuwAhOlIxtysco8m+i+dE1Ot4Z6/0h8Wo5GNo74DgANEg7L02ndDWwtqKaQSRvGoOB7L5UZJnda3pP4j3npqZrHvM9LwWE749kiyr9H0Xwv1jKuKq1nK/Z77JC5v4UB0Z9FC6d60svVMWqikLJNOSx+x/JW74sb4SHFn0fTamrVwU6ZJpkF0W3CA6Mb5CsCBhRywZ3CrrsY1khGEb7KJNTDGQFaPZjvygPjypj9CpVJooamlB/CMYWXvXTQqQ58ADXc7rdzU+Ts1RpqISD6cEIzk6zx9d0cYPNKW63npx7Y3l+kHkcFbi0X629QR+BK1rZsbg43Ue5WaOp/vW5wsnc+n6q2P8AmqGR7TnlpOyKu1xZw5UW6aW1rMTT33pZgjNRQtw4blo7rIzMfG7Q9pBHYq/sPXDGxMpLsCJR5dXYhaKotFsvMAmia06xs5vZbq79xgu09V8m6+H+jz5rt90UPIGAVKvVhqrZKcguYOCPRVrH5GFsU+DkWVTrf3In01XUQPBY8jBWutXU0jQIqrDmfqsU2THZGZUnG+ybGzAlLJ6IKSnr8y0srQT+EqDJFJTSkYwR+6zdvvE9GfK8kH34Wrorzb7jE1lQQ14GMnZa4X5D2fodBWu+kn8iuT07JxqADXeoXKygcxvjU7tTR2CbT1GRpfthaYSyW8gYquail0SNy07EHghFmoILgPEp/wCXKN2uHcqU6mjnjzhrtu6r9E1BITG92PQnZM3C5w3HY6yropBBcM4OzXqbiGoZ5gHA9wm+JDc4fAqQM9j3BUY0FVbz4lG0yM/E0nsrTyZJUZHSUxpiXQnU08gqoufTVDcWFxiEchHI2yrqKthlOl4LHDkORjEDu3uiMlujhNHmUtBerC8+GDNAD25AU+33mCr/AJcx8N45BW2qKRkrS17Ac+yy906RjkJmpxodzlvKFdnA1nj5ReYDvDa4amEEH0Tcuj2xlvcKmgqau1SmOXMjByrajuVHXbB2l3oUe1NHGsrlW8Aqm0W6vZmPMEw/ENgVWTQVdGPDqovEYNg9ozt7rQSUpA1N49QhlzmjRK0Ob7hLdWQITlF8mUqLTSVXngIY72QYp7ranebVJGPVaea2082ZKc+G/wBlXTtuFMS2phbPF7DJSJ0NPKHfKpcMk2+/0NXiNzvCf3DuFcMbqGqNwf8AYrGyUtBVuLovI/0Oy5E+5WuXxaeR5b7FDHcuwZVJ/ia+eGinb4VXTNdnuRuqOp6NoZ5DJTyhgd2PZHousIciO5URAI3e0K7ikt1c3xLZXMLzvpJwr4fopfLV0zz279LXCiJexmuPsW7qkdHJES2RhB+y9blfWwHTUwiWP0woM1vsl0DgYhE89jtus9tP6NNOukuJHmSa7GMkrY1nQ8hkJp5BpPBWeuVguFC4iSMlo7gLO62dCvU1z9lYH5O42Tg+LkP3TDEWg5BGyB4ZYUEotGnia4LWluNbRSCamqHtPs5XlD1vcIZc1ID2HsskHuYBgZRGVG+4VKU49CJaaEvyR6HR9aUdRJomYWD1VvFWUdW3McrCD2yvLo527AtAUltSAP5c7h9ijjfL+oxX6CP9J6HPbIpfNHsT6KNJb6qFuWkkeizFFe7vAwNhn1tH9XZW9L1VXMIFWxkjPTCbG6L/ACMn8aUOkSdRbtICE8SxTf3bwT3Rob9Z6w+DVM8LPBIXZqC1vy+nqgR3xyrcoegXGS/JDGgkeU5TSJWbvjwlPa7hR+enk8RvZAFZXtcGVNM4e6nYOV6CmVxBBBGEEuDzzhPbX0r8B5wiOjt8rRofue6rCLxJdkN9LBMRrAKFLZqSVuPDx+Ssn2mY+aEoL4rhDs4AhTago2uP4spZ+mqV24GPyVVU9MFoJgd+y1ZmkaPOznlMZPSO+p+AeyXKrPQ+vWWQ9mFlste04YzUAor6esgOHQlejmOkeR4LxkoM9rEnDQUqVTRpjr5f1Hn4kc3AcwjKd4o9FsKixREZkjA98KvqemWOGYx+yBxeB0NZXLhlGJGnkgfmu5B7qY/pupa46XnH2UWS31VM462kgdwgUR/yRfKYNJN/EE8Obj6h+qHCzgZnccSwEgQeF0cq1XnkhzT7JaPZEAGEiBhC4JEzgGRnZLRjsu/iR2sBCiryX2RtOEtKO9mnuhavZT4igOj3TsImClgpU6y8sHg+q4TpHqn6vZdS9hFJsDrOdgkZCeQiFgPKXhgd0udeR0bpR6BhxByHcIzK6rZxKcJpYEIn0SXSmOr11sXwyzpb7VQPBdISPc5VgzqWUOz/AKrOgeu6TthndKlTjo6Nfl9RD2a2PqlwAyApLOrSMeULEGY/0pGocRjCD4jbD6i1EUbxnVkeMGPj0wnf7VU7SP5RK8+Mj/6yl40g31uU+IP/AOJtUuj0QdVUv/dldHVdMN/DJXm5nkH/ABHfqufMSf8AeO/VT4if/E+rPSP9saVpx4JSd1nTYz4BXm/jyf1uS8eT+tytV4J/8T6s9G/20o//AJHJwhSdb0bRkUzs/def/MSf1Fc8d/qUcYQXaFy+pNb/AEyNz/txDnaMgDsUP/b6bUQyijx2OFivGcf/AJiXjv8AVRqHpC//AIh1z7kbN3W1bINoWNCjSdVXKTl4wst8xJ/Ul8xJ/UVW2P6Al53WT4cjRHqO4O5egm4VEpLnyuOfdUfzEn9RXPmHnYuKtQX6FPylz/J5Lo1IJyXb/dL5lvdwCpvGf/Uf1SMjjsSUTgkC/JTZcGqhP/EGUwTDPIwqnBJ5RN8YyqValyLevmy0+ZgH41w1lOB9SqtKdnCN1LBX86ZYG4Q5xqTTXQ9tyq7T7JYHok/HyV/OtLD+If0hCdc58bKInpkauMiZa679hDcqg9/3TTPUOGfE5QtO+cLuCrVf9gXqLJdyYjNUE7ylcMsjhglJNAwVFUB800+xp1OOSm6PVqkCPI4ThTklNVeAZXSfZHDd0QN22COKcnlEbRyHkABTYgVcyNkjgLup/bZS20zBzz910MYN+FNizgt6ua4RD11HAO32XRHId8KaHU/GfywuGRuNmhEqSv5E+0Rg1+UhC484CN4o1fSF0O24TPjSBlfZIaIs87J3gjnP7pur2TNX3/VT40BumxxY1u2F0NA4CaDldQ7ECuR+loGyEdOTslqPv+qbq9kWwPBzJS1Ed13V7JavZTYTk5k5ylkpZPqlk+qnxl8iyUtR4yu6vZLV7KbCuRmn3XQzPdO1eyWr2V7CcnNLRyn4aENPRbUWLS09k7nnsmpwOVTiU8jtIHZdwENy4qwKbeQqSSSpILP6EkkkqCEkkkjCEkmpKFZHJJqb9SpvBMhEkM7cJB47lBvJk4kmZC4SMKygmR6rhIxhBJ35XMlQvA8kZ5XCRhDyfVLJ9VCYEeVxd0ldDHHslODkwxq7gozYCcHCd4bcA4wmKrJcpYI2gp2n3UgxtAxhM8PfdOhSwfkBafdcx7o8dNNL/dtyvT+hf7PnWXVobUV1OLVRu5qKppAx7DO6bCjcxF+uo0sd10sI8q0k8br03oP+z/111oPGNF8hS7ZmmGR34HfhfQ3Rvwd+HXQxZUut77zXsG81Q7yZ9mkFbRrr1fJvlqRoZENi1gwGrVXptryeW1/1Q5ZjpY4/u/8A2MV0n8Ivhl8NYonTxG6VzeDKdWT/AIWf+q3NIzqLql0kNqoPk6duPO8bAHPA/IrR2T4fW6jd83c3SzzEA414wtQZ4qaFtPTxNja30G5W6EVFcHk79TO+TnY22/2Z2z9AWi2tbU3h7Kmp/qIyP0V8+5NiaIaJgja3bIHKizv8Q5JJ/NRX1EcIzqwUZkbbDSCSodrmccepQJ6ikpx/eglBnqaidhiY8Bp74UdlLCd590ZYKprq2paYrfTtdn8Tl2n6Z+ZjEl2cJXenopTJYohopwM+wThHX1mGvy1ihAzX2+2xBjWsbpGBgIDbhcKwn5dnk7FGbQUUADqt+sjgFQqrqBsGYrbCDg4JwoXgltt+f5tVJkn17KLU3SCkcYohq0+iq6murJRrnlIB3IzwqO4X+gpI9T5gXD0RqOQlBs0FTdaiYc6Wqir7rBBk+JqcVTOu1yuY00kZbH6+qkU3Tsk7hJUThxO+D2V7AtmCNUXWtqHFsDMgo9BZ6qpaJpBjPOVd0lrpaVmS0EjujuuFJAAwHLhy0Kui1LAOktUEDNTo8kd8Ij7hHTjQwAngKO6oudY0sBEUPZmcO/NHo7bHTsBd53epVtZDyBzX1zsZEbP6sb/kpdPS+F9R1HjKPsNhsu5CFxwQ6WNxwhYKNrb6prtGDjlWLBjlFDgGoR5XMlQh3VnIwuai3ZcLgOVErblS0URmqpBHG3lx4ULSySpHasBvJWcvfU1PanGCKIV1Wfpp4vM4qqrb5deo6htFYWuip9xJU9vbT+6vbH0vb7QW1JJqKvGHTP3JUGNVr8z5hSSSXYPYjUkklRTeBJJJIH0WpZBtXUg0jkJLMwjhI0nfsqavlOrQ3f1VrMQG5BVC+TXKcjOSsl8vQ+AOaXQwn2VDjVO957q1ucoZAfdVcLS8AkLm2flg6dMcRyFbH5sZWjpIWspWtG2RlUVGzVUNHK0j8Rxg9sI4C7pYeCluLyH4B24RbPGH+I8jcDZQ6qTVKQPVWlMBBbi5g3cCSVGC+sIrKog1JKEfpCdqJ3PJyhu22SpcDq1gaT2SA2wufiTlmm+RrGJJJIixJJJIyCSSSUIJJJJQgRoy4BGrz4dPHH3KCwEvGPVduBc2pDSdgBhDKWBUuZoZEdIGQpAOUNgGAcJ7UGckGng/ZRs4JUkkbhRnDBU9BJZB4yurmQuoYdstrAVNfwnJr+EbCAP5Q3chEfymHkJL7GoLGBgLp2XG8Lshwr9Agy7Y7I9pbrqgQOCo7gNJ37Ky6fi1yMbzkndJmdHx0N+oiv7noVCwMoW7dsoT5DqGykUwxRtHsobnEStaBnKx2M+j1rCSLJjsRNOOcBEe3+QG+6HKNMGlo32R5nARMbjfbKE2QAHkDspFUP8AdQAVH5eFIqPoaPRLGAIuQz1Ck048+FGA/nM+xUiHg/mgkQdTA/P78LUEAUgz6FZuibqqxpGVoqnajaPYpFvJu0v4tlPnOT91Gdh2RlSBx+qjkb7IYvCI3llXvLcI2H1XpdpaG0MY9l5zRxeJc2Y7OXpLAGQxsYMeUJNksmvQ/dlku3R+JUADkOWonPhUznHs3/RUFhj1Vrdsq1v1QIrdMSMYyFlk8s6j/wBts8yuj/FuEzyeVlbw8GUgblaKol1uc48nKyle4/MnJ7Loafo8h5Oaxlew1sJ8XVyrNp0nKiUMLYow8/UUdzsMLlpfRh06wJp/mawO6i3aQvliaG8blSowTuVBq5BLU7D6VzNS+MHWpQa1ZfXxgjbK9qtQDbfDt2Xj1gjDrgzIzuP817LG0NgjDRgaRsvNeQlmOD13hY85IkhzVudj8KzVKBN1jGSPpOy0LsmreAeAs/aGF3Wuk/gwuRDL7O9e8uP+TfVYwAi0WzT7IFXnxw08IsGWtWaxnSgSXkYWVuJJrC/0K0k5IastdJfO847plXZnvItUS7zLH1g+Zu0MGNtW/wCq2E7gGZx2WSt7TN1EzbOHLdWcu1bpYNzVRiCCGJuA0MG35LJdUy/yo4u7jlay7NLWMAO4WJvszJahsTTks5TY9CdRxXgmdORZ0bbrb0gALSsl080NazIWtphkrNqTboY7a0XkDQ2IY7qvuOw+5VjD/dD7KvuC5dh3EvsRk64a62JoH427L2K3MAoacekY/wAl5EGh14p2kZy8L2WnwI2BowA0Y/RYdQDUuSTTDEzG4zkrTRAsYGrPUYBqWDutEFyr3yMCjhdQWgg8oo4WCwYh6SSSsISSSSg0ekkkoQSSSShBJiemKEEkkkoQcSMcoZ5SyfVMQt5IPVT1DUmjsVdWAbwwueN/ZWuQst8QptPTM9OBvWSxUmc/1vATIMCUsE/puhfb+nbZRyBoMVKxuBwNlZrm2cNGGtGAPQLqcRPIxOyE1Nbn1UDCpJJKEGJJJKEEkkkoQSb2Tlz8O6uPZDxWX+f8dquMb+FAG/8A1AXqLQvLKDf433OXnTCP3aF6nr2zhaJcoz6b+r/Iyqdop5Hf4SpFAwsooMHlgVfc5S2imcBw3/VWzRoYxgGwaAgHWZ9HH58E49UGT6QiO3CY/sqBZXXAkQtJ/wC9Zj/zBXDGgBUt42p6cDk1Df8A79XjUyIfsZp911rfMN+66uO+k/ZXhFFBaR/Nr3etU7/JWMXIUC1AYqSO87irCHYg+6ZCWGG+jGdXkydTW+EfgBf/AJq6g+hU1/xP11TNG4bCSR+qugAM4WuvsVHso+tiBYZcHl8f/wB8E+gGLbAP8I/yUfrY4sj25zmSMf8A1QUqkx8nGB2aP8l29H0Y7/zKO9uOkb91Ao93/kp99/1UCk+v8l3tMcK//cYyoJEmfdeP9VOJv1Tnu5ev1Zw4leQ9Uj/33UeuV3PHf7h4/wCrHnTR/wAlY0juVW28/wD1ynfhuVLdnIGVDtR/+uUn/CV6OSPnFkv9SCX7PdemXarQW5U8DflVXSOf4W8H+sq0xzusNvZ9O0rfwoO0YAxuqnqb6aP/AOnhW0X/AGdpVT1N9NF/9Paiq5lgVrP9lkiVxAO/ZZDrjezyH1BWum+k/ZZHrf8A+dD/ALFdenEWeO8r/wDhZ/4PHI86SD2JW06DAdIft/qsY0Y1D3Ww6A2mI75Xc0rzJI+K6iBc3MFtyA4wVNrWjw2HuFFvBAuYJHcI9eSKRpHsuqljg4lnLNbb5GvoI9uAN1T9VyZ0P5yMKZZZRJayR2A3Vf1BqlpGyN/Ad/srJ21kzlaRmMn0WO6mOK1pWurcPpwTy3usp1C0F0D+55Kxa7/bNWm/3EQ/C105GFmq6n8CoJA2K11I0OjIIVHd6Uh5yPzXFsWUdWif3YKlpyFLp3EEAKCNtlIjcAd+yRB4ZqayzV2eq1tEB4UmrhaTlUdsqdBH5q9a8SR5G60pnOti4zZHbkHBCDX03iwnZSCN+E5wyN1UnkkZbXkyTmcjHCYxpzjO32Vlc4BHO4tbhrtwq4NDT6JR0K5bo5HvZwQi0kpY8A8BNZuN0w+2yhGSKtmMzNGyA4ZbnKnQFlRAYnYLsYUF7HQP0OB22UxkBS5AzNJ5Cj7tdkBTXgEDblR3tGBgJU44NFVmCTQVZacFXbHhzQQssx5a8EK7t9WHYaTug7OrpdRGMtsibKzI4VXVw7Z0/uroYkG6h1MOW7DdA0dNy3dFBMzB4UWUHG6tKiPzbBQahmRgJE0Z7Eyvkyw7qx6eubrbXRuJ8pdv9lBlYAeEP6e6zvsGi2Vc1JHvXQ15Nmv+DJ/uVwi1Adg7t/qvd+n6lsMgaXAxygYXyx0Nc47nTxW6SYNqWH+UT3x2Xt/QfUTqgm2VYLaim9TyM8hKksn2b6a8mrKIpvJ6TPF8vUuYRmOUEY+6w9+pTTVbvLgHJC3bj85EJg4FzRuPRUvUtGKqhEjGfzIt/wAknGGevujvhuRgpWbggYCc0ZGyJpEjScboULtBETh3Vs5qWHgvum6oAupHu92rT4BHHCwkEjqaoZMw/SRlbmkqI5oGTNOQ4K4mmD9lD1daG3C2yeTzxjU1fOF/hZFXu0DGTuvquuhEsJGNu4Xz/wDEewfKV8k8UWljyXBbdO8dnmvqXRSvr+SJ5vWxF4bjfCZaJ3wVboseV4IIKkzYI3KrJA5krZGOwWldrT2Y4PjHltHJ5/ZLmc2muAP4crW9N3V9suETw4hkhGPYrJ3AgxxzY3LclXVv/wB/tjJ2HzxbhdSuw8hqqt8HFn1l0Td219vj1P1amgFRL7TTWi7NulMzy5y8DuF558HOrQ/FDO/Dm7blez3GibcqEuHIC0uZ4XUVfDNxD0M7K+ljqYzkOaCuzRZGD2VD0vWOoqiS2znYE6crSSjUQVWcmWUsFZPB5gQNkMbclT5WBw3UGSFwPCgI3T7pafddAwuqEAPZlYDr2xDT8/Tx4IPmx3XopGVFq6OGridDK0ODxjcKnyOpulTJNHztd4GyQOy3crE1cYa7BbwvWOs7HJa697cExuJx6BeaXKHEjjjjKVZDg9foNRGccozNZCQ7U0bfdMZJocApk41gkhVkudfCwzjtZ3YTyie1+pvCHI09k2FwwAjOblqr8im8ER3CGdkUjc4Q/qSpodBoa17o3ANPKv6CsD9LScLPkZ/JdgrHQvyBnHugi3FgW1qawjcwuDmg5CPrx+ao7TW+PEDnKuGDYOWmLycmacJbQ3IQZBlG4CE/lEgBUjtE4zwVchwc3ZUUrixwICs6GUOAGckp0WIsTZIcHZ4TS0nkKRgJEAdk3ZlCkyDNFnkZUKWF34dlaSN1baf3UZ8WeyROtMfXbse5dki09Ry0QFPWhz2jh3fC1IkpqyASsLXNcNjzhYaaDV2Q6a6VtqfpYS5mc47LnXaXnJ73wn1TZXijUvj9mxmgaD5WqvmbqOCMYUi1XemuUQe12CRggncFFqYhg4GfdYZ17T6DRqoaqCnW8op5YAAcKG4Fp3CtZI3NJyOVDnhyMhZZxyOyRxg5BQHxlu4C7IC059E9sjSMYSpIVJ5G0tQ9snhyHYq0a8DdVErMYewbhPp6zzaJCRnhFGRStZctn1ANON1AqqYwyamDLXbp8b8Hc5CkEtlZgpyeOSpveRqeQjDVILs74UKXXDMMDZSIZ2nnlPjIVKKZSX20OkLqmBvfJAWbc0tyxwwV6K8BwGyz15szZA6ogbg8kBaK7MHA8loM/wCpWjKTR5UOZhbg4491YEEEghAlALTsnJ+zzFtXIykrCHgOwFaghzcgjf3WcmDmyghWdLVgtAJ4WiNnGGc+yvD4LIsDmlp3BTKCrfa7mxzTgAhEiIcMgrtRCyePBbhw3B90NkM8jtPZKmasg8NHtHTt3julFHICNQaM7rQ08pGF4p0N1C6mqBRyOxvjGV6/Tvy0OHosko5Psn055NaylNv7i7YBKESIGNwI7KBQ1Ac/STjAVi8h4GFisjhnt9NLcizpZGvaRkBHc0HuqmmeY+/KsY5QQPdINpx7O+V2JxfkEYRCMpgaGqEH6fdIjHddSUIlkDoK6GkIhx6JDB7KF7DozjflLGUklBeATogo74geymocjeN1AHHJBLNB2QpqWGrgfBOwOa8YIIyprm+6D4fuqayZ5VprDPDuvOgqqyVbrpbGExE6iGqot17jljENUdLxtkr6Dq6eCphdTVEQex4wQV4z150DLbJ3XK3MJhduQOyqEcM8r5PQfx38la7K6VjSNQOQRkFQJ2aTkBCtVc45ppjxxlTZ4tQ2GVojI87ZJT4IjXN22CjVEX83W3hHmjLXbJkjsgBbabNrOH5PRx1FLT7FFIRgH/NTYXgjJVW3LX+mFOiGw3IXRhLKyfLr6ZVzcJdok6A4hG8MADy/uhxkDlSmnWPTC1VtGWawRnNHoo8rQBnCmOQXj0RSWQYzwyC5g32UWSIOBVg5mBkoLmeoSJwNMLMFDWUWScNVPUQOjO4WvkiaQcjKqq2jLtg3Cx2Ve0bYX4KHXp2xynMcSUaeke130oOkt5WVxNkLdyJ9Fc622zMqKCYxvBzseV650d8WqevjbQ9RAxvaA1sw4P3Xi+oeqcx/bKVOCZ3fFec1Xi5p1vhej6qwH505x7oLoyPzXh3SvxLuXTYjo5gJqYbafRe02XqOz9Q04mt02SBktdsVnlW0fWfF/UOm8mkk9sv0wrmFD8LIwVMfGAMqPnkYSmsHfIz4Ad8KO+HYjCnHdNc3I2RexM0mVEtMHZ8qq66iy3SRsVozEDnDVHnpA4ZARLsx3af5Vhnn116WgqmEQ4ZIDkHCpoajqHpqTLXvdG3tkkFekVFHg8KrrbeyojMUrQQe6YpbeTg6vxyj99fY60dT2u/0jWVbWiTGlwd6qvvPSLN6m1kb5JbnYrP1/TFdRSmpt7/fDVPs/WNZbniC4xuLRsSQmw1DfBzLKnLixFKTJE90UrC17TgghO1j1C35pLF1RAZImt1EbObscrFXWw1tpe4SNc6MnyuG+yfGzJzr9PKH3xXBHEzgchS4akkgf6quieCAigYPKfC3BjRsbR1IYGCGrBezgOCvNNDcWmSlkaHEfSvOYqktAyFcW+4/LObNFJj1BW2vUJLkbjcaFwq6R5LScBSGVdPVN8ObyuOxJ4QaW90tW3RNgHgkrlRQRvOtp2O+y1127ugWEkopqd2uM5HIKLDWlnkmBCiRTVdIQGv8SP0dupram23EeEHiOXuHbJqsyC0kdqKaGsaHRkNfyHBQxLWUB01bfEYdmuapEkNXRYLBrZ2IRoq2Cpb4Uvld/iR5EzgmcikjnYHscDnsuvgGM8IUttb/AHlM4sPOxXWVckP8upjyPVWL+FMgV9mpatpEkLQfUBZm4dLywEy02fUY2K3zfCmGWOB9igyU3PlRnO1PjK7c49nm8N2rqB/h1DHOYPVW1NcqOsAGoBxV9cLHSVbTriAd6gLJV/T89M9z4MgD0Kkp4PLanxttc9qRb+ACdTCMLmnGQd1Q0t6raEmOWLWPQq3p71b6wBrh4Uh5B2RJqXZglXKAGqs1JVZcGCN/9TRhVVTba6jB0/zYx6crTYBGWkEH0TNWcghC6ylKcezFSStedL26fUEIbWyxvD4H6SP6TjC2UtuopXF74G5PfCqazpzmSjlw7nSUrYMjOMvyB0XVV0owIp9MrB3cMq9p7pYbq0CocKab+oDGVkZYZ6dxZUwkY742Qy1uctS2uCS08J8xZuJaGrhZ4lNMJ4uxacqM57JW+FVw5HG4Wft17raBw8Kclv8ASTsrym6jgrXaLhA3/maErZyZ3VOv8SNX9P0VfBogjjaecgLOVvRUsURdEQ5w7Lbvo53tEtpma8ehKA2tex3g19MY3jbOOVbqTGQ1NtfZ5tJZKqAZfHt9lCfT+GcFq9Wlo6aqB8owVWVlko3s0OjH3wkSo/Rsr8h/znnDmkcnlcYC0ZzythWdLBzS6mcCfQqoqenq6BmvRn2ASZUSRthq6p+ysZUzRnLHKTFc6jYObx7ob6aSMAvYRlDc0Ae6zSrkmMUYWdFmyvi4kxko8NSY3iSKUgjjdUB5wEQSPachxUTcewLKMmupL7X07w8SF7fQ7qzi6miqHaKqHSDtkLCxV9Qzy6shSY6+MH+acZR/K/RmlpIvk2odZp9g7GUF9nieC631TS/+k7LOMq6Z+CJMFFhrnxO1RyEEe6OM89iHTKPEWXJgvdFF5ZS5voDnCY281keG1tO7A21AIUN5q43Zc7WPQqVFfIpHaaiFuD3wjykL+OS/KIw3u3E4ma4ZTmvtFc/EbwHEZ3RJIrRXDw3RtaTwQFFfYaTH8io0O9QUTlgvbFf2JDrcG7QOAz3Qpaa7QM1U9Q047EKKbfdqeXVFPqHY6sgp7aq6wHLoy72VdkUWDFddICHVlPrZ9kQXmIf/AA7wnsv8ZGirhz6ghSmXKxz4GgNP2CrCLcUvyRFkuFJI1pLwD6ELrW0NQNIc0k9gjOt9qq3k00g1H8JKBN08wt1Q1Gh49EMoIKMox6YOSxW6UbNaFX1PSjHf3GCVIdZLi0nFST6blIPvdIfDfE5zRwUqVcX6Hxun3GRUu6VuQJwBjsoFTbqynfofC7bvhagXiuZs+NwP2XHXfLsTRA/cKbBj1E13yZNwli+uMhNbPk4IwVsPmbdM0F8Qz32ChyW6zzvLsYJ7BA4DI6pL8jOam/1D9URpHqrqTp63y/Q5wPZR5emKpm8coI7IFmHY5amp+yCSCCMoOlTZLNcYf+EHBRZKWriGXwOx7bqb8+i1ZF9Mbhq4cY2QzkckpZx3Qbs+hiaZx2M7JNSwPVIuASyJcnUks7ZSyEHZfKG5Ka5dyEs5QhAwcLun3SxyEgVTiGnwcLRglBPKOSMFBI3Q7S8obp90tPulp90tPul7GHkbpH/ylLSP/lK7pP8A8pS0n/5SpsZMiwPVLA9VzQ71S0O9VNhMnNPulp913QUtBU2EydwPVLA9UPS7+n913Q/+n90GGTKO6fdLT7rug9kvBm/oRKLZMoSS78vP/Quinm7twFceGWNSRfBcOQkI8HKYopgylg5gpeZHaAByu7fdEopA54yR8FIA5UjQEtLfRW0V8gPAI4wuafdGwuA4CBx/QHyZGaP8P7paPUImce65q9leC28nPC/w/uuiNo5C7g+qW/qomSTyLw4c5JGU4eE3jCZ5fQJHT6BWmUE1NGwameK3+lM+lOcmKOSOL9jskJZPqVwHK6r2FcjjI48lNJJ7pJKbCmsnMD0XUklYQkkklCCSSSUIJcIympKEGJLo3XcAbFQJvA1JLb1SzjgqZKbwEwUNGDXndN8N3cKk8kzjsGknaD3CcYwFZYNJEwPVLA9VMl9jdPuieH7peIEMuAGVMkwP0j+oJaR/UEDxEvEJUKJWR6pqZknunqAiSXN8ZwuavZQHcgiSSWQhKEkmpKDMiSTElChx4SHC5grgaQhayQYUw6so2g4S8I5QuOC0wHmS3PKlCFoGMLvhN/p/dWQieHnlLwlKxhcAwqSJkEIfVdEOEQjK5j3TVDJQ3Q0JaR6LpwOSu/8Ay4TYVNlocwDt2XXNzjfC1vSHwo6760DJLNZJHU8nFQ7aP9V7T0n/AGZrHbY4avq+7Crn5dTwOw0H79lphRk5mt8tp9EnveX+kfO1qsF4vcxp7RQSVUgxkNHGV690n/ZovVWWVPVdbDb2OGTACfGHt7L6Ms1jsFhpmUditMNMxgwC0ZcfuVZRWW53Bw8KlOCn/Co9nltV9R22xcalt/8AUxPSfw26L6KjY61Wlj6lo3nldqLj67jlatja2sd5GF4zthbG2/D14Y19ycwAjOx4WjhislngEVPEC8d0cK0jz1187+bJNv8AuY609CVtTpfXBsLDvkrVw0FrssYbC0asbu9UOrvE0uGReVo4VY973u1PeTlNxgTkm1Ne1xxFwob53ObkjhAlaBhNZqdkAcphR19Q4kjCjEnOSpAhcXcIvgQsaDJsoQiBzzgMjT46GolGXNw0o0tXS02zBqd2VdU3Opl2LtLfRGWk2WMbaKjB8RuXfdQau6yOy2DYdlU3O+2u2w+NcKvT6ZWKuXxF+bJpumKOeqmJ2c0bBElkZCqUja1tx8A6qufACyV169oaV5ZQ/wA1w2w1VtP0x1Zf3ibqCq+XjcM+Gx2/5rUWrpGy2lgdDStdIPxOGVfQbhs7M61vVXUWJNXy8Z53VxbOkaSnaH1Q8Z/Pm33Vw+upqPLC0AAYwFFNwmqDikblGpFbmuiYGQUjA1rGtHsAFHmr44xiEFzj2C7HSVNU3NU4gfZS4aaKIaQwHHqERaZWxtuFY4F2I4x77qdFb6dgDizLvVSMN7bJbY5QAPkY1oa7ZGzlvKCeUsn1UKcWh5JzsUslcSULR3JSyUMkDkpEgDJOAoQemveGKsul+pLcx0ktS1jWdysDcOrbx1RXG39OwStzzUHZgHt6qDY1vtmrvvXFotuqBrnTVA28NnKobdZL71Uz5++mSCld9NKH8/8AN+ys+neg6K24rbtirrnbue7cD8lqYg1ow3YBQN7URKSkgoKdlLTQiONgwAFLjO2McJPDdvMuNLW/i/ZQW+T5PTUk5dY9kNSSSS5gsSSSSEo6QEIjn3SBOeSmOO+M4SJyGkatmEUDi5254VNGwuBcTypd0fl7Yj90LaNo2XNullmuuGUiluzyXCEIULRoQ5pHTV51djhSA3TnZYu5ZOnWsRwSLVGX1OSMq3rpAyIhRLJFuZSNgu3Z5aMD8W6bBGNycrcFeB4kmTvkqxrnGKmZGzYFu6iW1viVTQRsEW7lzZQzOytjJfkseiGCNPKA47kJEnI3XDys9hojg4kkklBCSSSUIJJJJGQSSSShBi6OVxJQjWSXRAGcZ4G6BJmerc55yAVJov8AjO9IyobHebKWxS/LBKAA2C4/6Sk36Qk/6SqICc45IzshHhEf9RQzwrfCGdAHEjujRoJByjRHG5SUi5SydXHcLq47hG3hFojv5XByuu5XByksaHHCHOSMIg4Qp+yoUNkzjlX3S7AZo/ZUZI4J5Wn6XgPiMP3VTO54WG7VI2rQBSNx6KDHpkrWMIU4nFPhQqXzVrSOyx2n0Bdk+UeZrfddqiRJo7DC4/epiHunVf8A2kqkaoDGYM7Go1Ud8eijQ/8Ab8IlTvO4JY06wZeCOyKx2RhCpRlxJ7BPbwT7pcyixszQ6ocT6K1ushjpxg+yrLI0mYn1CsLvvCATykPk6NHFLyVbX6m8coejGU5rdPdMqXFkLiDvhU+hbeANlHi3TGOHL0MN4GeAsD0nH4lcXHdb5p0Enn2WaZt8esV5/ZddPR6arVjsl1jLotMpG26kWFoMbpSNyMBVfX8mm1hgO7ikxjmR0LZ7KJM89kyW5z2WbqTmrK0FU/w6Y/ZZokumJcdyV0qo7UeJ10nJIsYSfDxlGzmMRd0CIgN32RR5pm+gG6ObwgKMqWAuQ1mcbgKodkzvee5VnJnS4KtYf5m3quVqZHVq/JIu+mWn+INGO4XsjB/Jj9mBeSdKtzdYsBeuD+7b/wAq8zr5YltPbeJhtryVjP8AtUuewVL04zxusp3kcK6jBNVN9lUdHtMnWFaMfQ3K5iljo6c8ynFG0qP+0I8IAaMIFR/fo8XGEi1cnVhwcq3Yj2HZZOvdiZreS5aur/u1j69knz7M5Ppj0TaVkz3jKshsJJ22KznTbBNf9WPpdkK+vOW0EhHbP+ShdEQNNRJORlxbstieDnSWbUi9vb8SFuNgvPrk/NwfgLd3uTMrhhYCZ+uulJ3ynRMmseJbTV2QAMix6LU031LL2T6IvstTStJcMeqyaro62iX2IvYt4QPZVdwB9PVW8P8AcgeyrLgB6d1yLHlnV/pwZumYXX2nBH4gvXoM+EwkfhC8npAP47Bt+IL12Bo8BmNvKFlveAauyXa26q2Mei0qoLM0Cryd8BaJcTUzyzQkMTsj1TU0E5WGTb7IngKkuArqsIckkkmjRJJJKEEkkkoQSSSShBJJJKEGph3T0xAQ4CT3WR63cJ7t0zbQdXjXHxnN9WxsLsrXrG3QGo6/tbQcihoKipI9nPawp8BMpYNUkuA5XUwESemJ6g0YkkkoGJJJJQgkkxJQgk1+2E5Nl2H5K49kPFrWdXxoux/+gs//AHV6mvKbEc/F+5uJ/wCCM/8AmavVsha88cmXSy3bv8kS4YNKWH8bmN/+qCucZYM84VRWDW6nZjmdn7bq2PJ9ikmljH7EBAeint+aE9VHsorrqQTSNPeob/mrkHDnfdUV1J+ZoGjvOCrwnDnfdGQIhu+k/ZEUarBMJARkRWWsEQPJHMrz/wDVFTqf6h91FoMfLMI9XZ/8xUqnOHZPqrj2MZiK7LuvXb50wFXwz3VFgy9c104xpiYGrQNIduAttfoUlgzPXBP8LiHrUsH7hS4TiJoA2ACh9euAttOwbk1Mf+YUpjMQt/5Qu3ojmX2feUl94/NQaL6/yU2+/T+ahUX1Z9QvQULGDj3/AJsbV7OK8f6uz/HagjYFev1uxyV5F1aCy7yOI+rcLteN/wBw8Z9Vf/hFL9MpHdvZQ7MCb+Xe2FMleAQCFEsLgb2dl6ZvJ81k/wDUg/7ntnSUmaOSI9lbkbHdZ7pc48VnHlCvBnfdc25NTZ9U0ElPTRJcA/kNCqOqdmUf/wBPCtqc/wAlg7qp6sB+WpSP+/CKriWQNZ/tMkynMefZZDrj/wCdj/YFa0uHgt37LIdcPAtzx7Fdip8njfK//hZ/4PI3A+EZccuI5Wq+Hsmqs2OwWRqXkUmAPxFaP4aSaqxzfUrraOWJo+NaiOVg1N/3uDCNt0ap1OtoJ3KBfiPnWE+qLIf/AHb+a7mcnEtWJF505If4S8bcKNdCH2+RhO4XOlpc0xh91yvGW1Dc9lTAeODNy4dRvz2WWvJ8RkZHY4WlJ/3eRvrlZysjJbpPYrFq1mOB9C5yCoN2gZUO9w5ZkBGojiVqkXKH+QCB3XIkuDdW9ssmKmYWvxhP4DSpVbEGvGyAzhZZLazoxeUSKaYscCtJb5BJGCDnbKyg2cCFaW+rMMrRnDTsUyuWRF0M8mgkjHYfuhnhFjlaWjblNc4acJ8llGF8Mr6+ISs043G6ztTGWPwVq5Whx3VFdYSJdTRsgybNPN9EOIk7FEcxRGvLXcKVnICWzZKOAlO4xO1DupNXB48QnYN8bqG1TqKUPBicdirQmcSta/YjHC45hcMcKVWQNhl1NGMoTwC37IJxyXCRCkj09l2jndFIHHsiPbkkqM5noEt8GqEsPLNHSV0NQMA6XDsVIe0Obys3SSCN4OcK+gqo3sGg5PdCdfT35I9TTA8BVdRDpGSNlfPb4gwq6shOCAMZSZLJrlHcjPVQIeMBRicYVpVQ77t/dV0jdJzhZpxMs1tZcWGtkt9TDVxO0ujeDkL2213YNmo+oKZ2A8BsoH7r5/op8S6HbA8L0zoG8CZxslQ8aZGksJPBS2j2P035KNUvifs+o+nLjHWUwcxwPiMBG6nTQhwwR7FebfDW9imnfaapx8RhIYT6L0qRzn4I2SZrJ9k0F8dRSjzy7UTrbcpGY/lyElvtlQJGhrg4LadT2/5ulE8bfPHuseGl7cdxyhfAm6vbYxrS5/utH03W+U0znbjcLNwu0zeE7uptLOaaobID33QxllgxkboO1NwQvP8A4j2Vk1E+URZ7ggLc0s4mha8b5CgdR0j6y1yxRjJAzhaISwwNVD5a3E+UbvSupagtxgZKqnNW864tJhc57Wb5yPZYlzeN106bHE+Oea0eyxpgwS5ulxyB6qb01X/K1jqOQ/y5N2qKW7E5UBz3QVLZWndpByuvVPcj5/rKlFuKPRLRcpenLyysZnwy4E4X1T0deoLxaoaiN4cHsBO6+TgWXK0snYcua3delfA3rJ0czrHVy7tOGAnsti5PG+V00pQ3xXKPWupqJ1JVR3CnGA05OFfWypbX0bJmnfAynzQx1UJjlAIcMKkskz7XcJbdM7yE+X7dkw8znjJfOZgnZRZIw4EZVgRnfPKCWb8IwU8lVIxzDnTslp2BVhPCHMIA3UA+U4KhYihkHlHTMBQvOOTMdW2AXmkcWMAlDf1Xz3faGSkqZYZW4c1xaV9UPYDyvG/it0yaeWS6QR+V/wBQA7qmsnW8ZqvjltZ4jUwlm2FWzR6TkDCvqyMEZ9QquaEuG6x3QPZUzyiEM6gQVJDwW4UWTLHHAXYSR35WbGDU1uCuAySoxbud1LzkIB5Qsi4A4yCgEHKOuhoPZANT9Co6uaklEjD7EditbbK5tZEAHZI7Z4WMkbjjsjW2vlppgQ7H+quFm3hmfUaZyjviegtS0+6iUdSKiFsnOQpYOU5PJy2muwckYd2yUqV5gmaXbNJRVGqGkEEJieBTWS9jkDhkd0RVVuqskRO/VW7XgBaIv0Z5xaGEDCEWc7Iy4QOcI3H9ETwyHJD7KJUQasZCsyMnhBfEClyr3DN5RPjmpJfFppCw8kAq8tvVUb9MFfGWu4DxwVFnpcj6VWz0bwCWtyViv02eDt+M83qNC0k/tNtI2ORoc3B2VfNEW52WbpL1cLW1rJ2Oez1C0dLc6K4MADwHdwdly7NPtZ9L0HnaNXDKfJBmYC44Cj6XNCuKinYBlo7KvmiJyFisi0dpS3rJGDwSQgyw53SlaY3ghJtQQAC1Z12Kkw1LVFjhHKd+xVjDMBgHCo5Rq3CfBUSRgNcc4T4TwTdgvZmNlGQN1XMldFP4bsD7o9JVtI8wTqqnZVML2DDgnqSKyS2O1MBTJGZHqqulrXQy+DO4jsMlWrCC0EHKNSwDnfwzM3uzc1FM33IWYLSCclekSx6hg7rMXqztDjLC3B5WiFmDgeR8dn76zKzxg7gKNTTPik4yrB4DsgjhQqmn0jjlM+T2jy9tL6LiiqxK0bjCnMcCFlqKqdBhhzv3V3BUgsGVprmpx5Mri4j/ABHUlcKiE4I3K9U6H6p/iMfyk0mS0bZO49l5XIA79FIsFwfarkyZrsNd5Sl2RwdzwPk3otVHc8RZ9BQyaXA4VtSyiUNbqGfRZay3KO50rJGHzaRnBVvTSOp5WyZJA7LDZDcfcdBrYWxU4Phl0WOYQ4BS6V+rGThCglZOzPchNw6J+QNj2WOSwzuxeVn0WrN0ntJwhUs+RghSDuNgqCBjlEHCZjBTxwoQ6klgruCoNGYKcnYC4AcqCsHMHlMR8be6YQc8KEwgD25xug6fdSyMoZZnuoJlHJFewHGRlRaujhrIHQVEYc14wQd1Yub7oTm+6jRnsrUlhnhXW/RFTZKt1fQxkwk52HCz1FXasMnfv2X0bU0VPXQPpqmMPY4YOQvGOu+iKix1Lq6ghL4HEkho4RQWHyeP8n4t1P5KkUr2Nc3LRkKvI0lEoa/J8Kc7Hgok7W5OkLQspHmbX6IsowwuHZGpZC/AzwhP8wLcIUMrqeYHHldsVv09v9LPD+f0G+T1EOy3bwixS4OPVDY5rhsVyRrhu3lbos8ZKOeGTdBIBxlBewdwgQVZjIbIefdSxIJRlqYnkXKOOSJIz0CjuB22U9zfZBez2RBxf6ILm+6jvha5T3M43QXNxjdLktw3cVdRRB444VRV0ZZkgLVPYCMYUOSkDwVnlTno102bTJua9pwVzJHKuqu3gHIbjZVdRE5rsYWWcMG6NiYxzi7lTLZfLnZp2zUE2kg53JwoRBCY92CMBJaTNVN9lFisreGj3foz4o2y8QtpLyTS1DQG+Id2P/6LbPa36mnbK+VWSHkc9luuk/ijcrII6O4sFTSM2De7Qs04Z6Po/hPq2Lap1nD/AGe2ae+Vwt2QrRe7XfaYVNulD2OaCW5yW+ylubzuluOD3tV0L4Kyt5RFLRndDc0EYUg8pirIbSZAmgD/AMKg1FF6K7EYIOVHki3OyvIidKkZ2amLeB+6o7l0/FVl0jGgOPIWyqKcO4aoU9HjGFaWTmX6RS6POpKa52SUS0b5GY7A7LUWjq63XOMUd4iEcmNJc4ZaVMq6AyjJAWYuvTD5iZaSQNdzgo1JwONdpZLhdFxeeiGPaK2yyNOrfA+krKPbJBI6GZhY9pwWlHt3UnUvTM2ibVNAMDQ7fC11PWWDrOLSY2RVQGT2dlPhd+zm2aRLiPZiSCcEIkcpjIGMq3vHTlVaXaXsL2jcOA2wqggErQpJmKUZV/kiZDUZwCrug6gdTsbFUN1s4zzhZgZGMHhEE+AMrRGyUOgMnoDHQVMQlhdlrhnZRqmjgf5i3S71bsVlKS41FK/MMpHt2Wgt96jrP5UxDH+vqtVWohLtgyjkm0txq6DyO/nMPZymwSWu7ZwfAl7hQyGbl2yjS0QefEiJY/sW7LUrgMFu6lraLJY7xWdsHKH/ABCB/kniLT7hV9PdLjbyBLmWMfmrSG6WG8Dw3uZFL3zsmxuzwVkF4LD56eTB9Mp/zksPlmZqHqnSWOdp1QS5YdwcqKX1EDvDqI9TR3Iymp5B7JzJIKgeQjJ7FcntjZG50DdR200co8Smk0u9EWOqrKfyyMLgPVX2KnXGXZQXXpmOoBIj0u9QslXWWppHEljsDgr1KK4Us50vGh3cFFqKOlqItMkDXNPsqzg5Wr8XXYuDyKK61dA4NJL2+h7K3gvMErWmRuglaK4dG0dS4+G7TnsQsldek7pbyXNb40Q4LfRHGeTgajxdkOi2FRFKAYnh3snElZEVE9G8ZD43D12U+l6heXASnI9CrWDlWUSi+jQSRRTMLJYw4e4VTU2GB5JheWe3IVhT19PMMh4BPYo4IPBBV/FnkGErIdGSq7VW0jtWjWz1aozarw8NcCPuFt8Z2IUCts9JVgkxhrj3CTOvAS1OeJspaW6zU5D4ahzfzV5B1LTVTWw3GJr87au6pqnpqeNpfBJqx+HhVM1NPE7SQ5pHql4aD212co3Tra2VgntdWHbZ0EqM+Sqp/LXUjmj1wslTXWuonDTI4Ads7LQ0PW0UoEFwiD2nbdXjIM9NOPKRYM+Xnx4RaTzjKZLCQNwpDaSx17fFoJ3QyO3wHYGUGanvlMd2CaMfiA3UlHJmcZQfJWy2ynfqLoxvvwqmosFPKTgYWjE8ZGJgGuTRE2Q+XZIlUn0OjqZw6MZVdOyM3jGFAktdUzOWLfvgP04QXU+Ru0BIlpjVXrrPZ566nfGcFpC6ABnIyttU2uCXGYwoFRYIHNzENJWeWma6NEdVGX5GabtnCIypeNgpktlqWkloyPsor6OqZsY8hB8bQxWQfTHCsqAfqH2UhlY44BCrzG5pwQUvEI/CUvLTGyipFxHWBo3wixVWT9Th+apGv+4/NPFSRjYovkyKdCZp4q7AH8w/qjMrRn6icLNxVbsA5RBWOHcpkLBU6MdGld8jUgOkibn7KLJZaWUl8bg3KrYq8Nxl35KYy4R6QS79ExSyJlCcOhptFRC/VTyEY4IKC511ieW+I849FYR1+fKHIwq2u3cxpVkTf9SK2K51cZ0yPfspAvLuHOJUowUsuH4bk8oD7ZTucS1+PyQ4Jmv2hMuUUmzmNH5IbzQynJjAJ5wmvtrw7DP1QJKaaM4LSq76I9vpkj5WhI7DKabZTgZZMNuFGLy0cFITuKFpPsvD7TJBpZs6ozwmA17O5wEP5qcHaRdFZOOX5QOGQkn7C/NVbdnHPql84OJI8+qH823u3ddEzCd27KlBILldHTJaX/3lMMj2SNJY52gloZn2Tc0D9y3BTDTUrjlsuApsj7JiTecjn9PWaceSow7so7ukQ8fyJg4KR8o3tKntFQw+V7tu4Kv4ofom62PUirk6RuDTiNwcOyjv6aukXLAVfGauYP7x2Puux3CujORIglTF9BfyLV2zMy2a5RfVAUB1FWM+qFw/JbMXaqP1sa7HsifxYOwJKZrh9gh+ANaya4ZhXRPacOBBHsm6RnfC3nztteDroW/+UJn/ALhfkut4/RX/ABwo69R7jkw2keoQnRnnC3xoenJW5LGx57Y3QP8AZvpybcVUn6oXQH/xGD4cWYcMz3XNLf6ltn9JWc/3Va8fcoEnRtM7+7r4sn1KX8Qf8yt85Mjo9CkGnlan/Yeud/cVlK4f82EGXoq8MG7oHD1DlTqyEtTW/ZnTGBjG6To+MFWs3St2iyTGD9jlRJLPdozvQyffCH4WMjbCXsi6WjZcLRpyEQ0NY36oXD8knQPDd2nP2VfGM3peyPjfCe0NxwueGc8EJ4YcIHDALsOeX0Xcn1XdJz9KWAoolqeTpye6cD2Sx65/RD29FSrfYzKCHZdXN/Vc55KpQZOBY/w/uu8dlzbsl+eEarkwZvAwHC7yn6m+qWpvqr2ZAGlpKWD6IuAlgKtrJyCw7+n90sO/p/dF0+y55fUfqr2k5GafddxthPyPUJZHqFEsE5QzB7FLHon5SyPVWC5pAwNR5RDGAM4Sw7+kp5BKPOAt8QScu+G4nhPFNUncRqwd6BpIwo6kn6EQW6od+FQpWR9kLOU/I9VLbaKj0RBZjyW4PqoV80P2Vy5qb6qwNA0HS7b804UlMOeyHBPlT6K4b8JYPoVY4pBgNIBCbqiBB2wouSKxsgCJ3onCF3cKb49M0YzuhmsZwGI9pe9/ojCA5wU8Ure+/wCa46o9GpnjEq9iZWXIkfL0wG7Ql4VG3ducoBd6lN8h7pLQTi2SNbAcNGy4XNH4VH1gb5TfmdsYVE2thHyAHGEKR4xnI+yC+bJzhCcT6qp59DVAIZiCuGYnsuYKWkoORnCO6yuZKL4Tj2XW0jid9kSi2TgDgndPAOVKZSbAlv7orKUDBA/dFhipzUSM1pA3CK1p1BSAxoGMJuj2TVHIrfkQDdKGeUTwjz/ql4OeQrxzgDDY08KMQ7Km+H7JCEZV7BilgieE7+n910RHO4U4RMAxhcIaNwFWwnyEbwz6JCMk8IusDbSu+IP6UDWAd7GinyM4/dLQ0en6rvibEeqBglw3VBdoLpHolpC6OF1DgDLycSXUkcYORcXuQxzfdNLM90Q5xstT0l8Meu+tS02Dp6onjdxLjDP1TY05FW2xqW6ckkZIt2zldpaesrJRT0dJJM93AaF9OdFf2PZn+HW9cX6NjSMuoqTLnfYuz/ovb+kvhH0p0ixtN09ZIqYAY8d+HzH/AMa010ts4Op+pdLRLZV9z/8AI+TOkf7N3WF8Y259QSQWWjaN3VGS/fP4dv8ANe39HfBzobpZ4FHY2XetZxJUjy/+EHK9vg6RoIniSRodjjIVxHS0kAzFCA7GMrRGtRPM6/zeo1vDeF/bg88penr3cpDFVYggGNLGgAAfktBRdDUUBDqgh/2V3UztjOrb8lEmucxGmI4RqODlKbkSKe02a3efwW6h/UMosl2pYRiFu49AqeVtXVEFxynMpvDGp2yY1hFNkqe51NRtqcG/dR3ZJy7ddDmsGNK54moYxyrjEs4SB3QXvLj5RwlKO5KGaiKEYJyUWGQK6MvxhLxIYR53Yx2UOWrkd/dnCg1VTHRtM9XMGMHJccK1EJRb6LKW46fLAVDNXUS5LzkH9Flbl8QrZBmK10U1xmbw2Lg/mqmRnXXVDdNTL/Cqd+4bC7EgHoSjSDVT/qeDR3vrXp6yhzKi4xOnb/w2nJWVm606o6lYWdL2vw2cfMT8Y9grO19B2m1uMtRGKyV25dUec59d1dARUwxDFpzzgqw8xhzFmQovh9U1kravqe6SVh5MTnHS32C1Vvt1ttMQjpKeKJrfRoBXZaskY4Qh4kuzSVAXZKXZInukEQ2yXKEamtrDpiHlUqO0ibzTDZSozT0zdOwwoW5siR2l0ml9WeFMZBBSgCJoCbJWAnZyG6QyYIUB7CyVJAw0cobZDk/9U3T7rqIMNkpZKCkoBF45CpJFwBwU10jQMqEyFTS8diCVHmqAME7BYvqH4jWugc6C0yOqatnDWFQONcp9GxrqtlOzU86T2C886j+JMLZTbLc51ROdmtZ6qJFZOsusJRNeZ5KGn7xuOHH2IW0sHSVo6dj/AN3ga+V3L3DJKho2qtfdyzHWrou8dRztuHU1S6Om5FKHnJ+4XodrttDaKMUdDCGxsOQMIhaCdk5qgDnJ8HXOJPK5kriSgjPOTuSlkriSg0+Uk5NTl1T2A1JJJCAJJJcPCAgMcpkxIxhd/Eo9aR4ZWW3hDksvBVSu8Wt8xyAmVzxFFr9AnQj+a5/OFDukuIMZ9VzLn9m9nQqW5oqIPPVF5GMqY4gd+VFp25Or0UprSXALNXwtxqlLai8tkWim3GMqvuT3OqCHcDgK5jYGW874KzdS8ySEk7rQ8Rxgy18z3k+1Nx/Owote90lS8k8HAU6ib4dE5/GFWSEucXk8lVJYQ2H3TYE8hcPK73+y4eVlsNKOJJJJZYkkklCDEkkkZBJJJKEEijbYoY5Tz9J+yGUsFPomQkMoZqju7LAoEY4Uxx8K1xjG734UeMAfkhz7FrlhWfSEM/SUVDf9JVZLisMCeUxPPKYhseAmcwF0cpJDlUQJ2Qnd0UfShO7obAwB5TxymHlPHKWMYQcIc/ARBwhzbgKAx7BvGXBbTpePLmYHb1WOAIdutp0kDqb9lUz0fgl/r5NPIMMOSoluy+vO3BUupHkO6jWYg1TjjOVksPbr8sEyba4MA9U+fepdhMk/+eIThvXOB4QmlcEan/7eUerI8c7oMA/94n7pVZPzDlAg9Mca/siNH8jfuSo0OdJ3/CVMP9xF/wAqzzHRjkuLDHwSOy7dpHGQt7BGtQ8Omc4DfTsq2umcZfN33Wd/kzeuK0gT/pGSgV5/kOx6IkpyQo1c4eAc+ij6EW9Fh0XGXT6vTlbePzrI9ENAgmkxv2PotdStLzgcrNM6uhWKEai0M8Ombtysx1/VAvjpO43Wttrf91YVgOtpfFu5GfpbhLr/ACD1stlDRkrm7FPys/C7xJwCPdXd2H8jlUlIP55XRj0eL1E8zUSwzg7I9N6nso2zdyVKpdhqUuf24G6aO6YyscWwuxsSFW0wOecqbcnnwwBtuotCMz/kuPf2deqC+RYNP0c3/wB6Nz2wvVwf5TfsvLekW/8AvVq9TxiIf8q87r/9w9v4pf6RXwYNTKfZVnRbdPUtwnHoWqdSP/nTOPZQeg/Pc7nLjP8AMK52MHSWHYjXTjMmrCLGckIbnajnGEWFvmCVLlnQksAq4lrD9lk5na7jrzyFrrhjwjj+krHRf/PBydVHAm7sBemj+Hy/YrvQdLpppJyPwofUBDaF26sukGFluOBy1aEsmDH+uQOpp3NZI5hAOCsRGNUuonJI3Wm6pmIZKMcZWWoiS8/YJyWEc7Vfdbg2lnbhkX2WroACc+iy9qOY4h6LYUEbQwe/K5+plxg7WhWY4LRu0QHsqyt7/dWg/uwqus5P3XKkdT0UtIP/AH/Tj1cF63gCMAdgvMaKNgvdNluSXBeoaXYGyRqOSq1gmWT/ALUfstAqKx7VR+yuzyuDqHtlgacSSSWeTTIdB7Ig4QxyiDhCGdTk1OTENEkkkrIJJJJQgkkklCDUkkkBBiSSShBLGWt/z3XV+qGgD5Knp6Jw5zkeI/8Ady2RcAMk8LC/DdxmF/uhGr568Tlrv6mxnwx/94nwM9nZsm78Lq4CDkhdTCkdbyESRuMJsQBeM8Ik3Oyg4EOF1cHC6oGMSSSUIMSSSUIJMnIEZPOxTyRwgTf3TjnsVceyHiXTzifi5diBxB/0XqrHk4XlXS2HfFq8f/SQPzXqcI8xC0S6Mmi/q/yPkwaimB/7wn/6kqxd33UBoHzzA4fQwuCmN82+pAbGsjH8oT0RyG9UUVtwIdcrewHOJCT+hV08EHdUUrD/AB+lbyCwvWgqyBCSB3RgnBuOcpswBieD/SUwcBNn/uX/APKf8kzBeCFbc/JjPqcfqVJiOHZHqgUAxQQe7f8AUo4OEUHyGYmky7qW6PBziTH+S0EfZZ+zDxbldpv66ogH7BXQBAxlbYegGZnrskx07e3zMf8AmFZj+6b/AMoVZ1x/2WkPf5ln+as2/wB2z7Lt6RYWTjX/AJlBf/o/NQ7fjQw/dSL/AP3ZPuFEtv0s+xXoKeUmcq9/6mBXbZuR6LyjrhobeI8d4wSvVrru3C8r66BF3iP/ANCC7Hjf9w8f9VL/AOTZla04mxxsovT7j/HT90W4HE3PIUXp9w/jhPuvTRWT5fKWJQ/ye09MuHzT2f1MWhPKyvTh/wB/afVi1p5WHUrFh9T8U/8A5dBYRkjfhVfVm1LTYGcShWcIy4Kt6oA+RaT2cENT+7A/WxzSxocfBZvyFkutyTQEZ52WsZ/2dn/KP8lkuuMfIt/+mBdivs8T5XjTSPJa4aWSADADsYV18MZR/EwCRvlU91OmSaJo4cXI3QMpbfWjOBhdPSv70fItSsTaN/1GdNRqxnfYo5I/hwyeyD1E3yRuP9WE0nVa3b9l24s8/csSLHpOUO1AncFGuAOKgA8hVnSziK4tzsQrSpP86QY5RvoQ1tMw0eVzOScrP1hJlc0jhX8eBXSA8KjryG1LvdYdQ8xyaKSsidpmbgd1aVIBp844VZMA2Q42VjE4SUw1b7Llvk1t4M1cGgyEegVYAQSr+6Q6fMBuqN3lJwMLNdE20y3RyMPIUqB2lwIwour2XA7Bylxe1jnHcjT0VRrAGQpjvYrN0FYWHzK+p6qOVoDStUZrBitraY9+2xVbXNBYdQyVauII2UGo52CklklcsMzk2IpAMKRGMtQ7hATJrC5AcADKWzf+SyFzjIXYZHRP15XHsOA5cfwMKims8FtIxlVAHEZyFXOaWOLT2RKKsLGaHcItVFn+Y0bEZV4yJf2SwQSzBG6jyM23UrRvunPiKVKLNEZFacsIwplFU6Dgt5Q5Yf8AD+6CTo2HdKeUaKrXHlGhpalrxuAlUxh7cgKpo6gsIz3VvFK2Vgyo0dOi928MpquDS7Ab29VU1cZzwtPVxNPDc7Knqof8H7rPOORs45XBUNYWuB9FdWm5OpahtQ07t7jsqxzDqxjC5TudFKNX0u2SWsEon8Fis9o99tt18eChv1K/D2Bolx39SvdLJc4rrbIKuMglzRq37r5T6DvB0vtc78tcCG57L2X4bdQGiqXWepflrvpyUiSyfZPpvy0LFHc+z06ZoeMEbHYrB3Wkdb7k8H6JDkLfOOMY3yqXqG2iupjKwYexJsR7W+vfHcjG1kIGJmbEc4RWHLQc5JCdT/7wx8Txhzdio0WpjzA8nLDge4Skc9RaNV09UuewxOdwr1oDsjGQsTb6l1LVscCdLvKVs4XgNDj3T4SwNis8M8p+JlhETpHtj8r8vC8QuFM6mnLCNjuF9X9WWpt1tkgDQXtBLV83dVWx8M8kT24cwnsujVPJ8/8AqXQqL3IzONcbmjkqtnGrLe/CsqcaJcuGexUe707KWcFg+tdWiXB8t8lpVGWUX3RleJKOW3PPnbkgeqnB1Taapt6oJHRy0pBcGnGVjLdXOt1wjqW8ZGoeoW7dIIa+HxiH0dyaAfYldOqS9nktVXh59M+peg+pqfqnp2luMLwXOYNY91Ou9u8cipi2kbvkL56+EnVA6G6yksVdUuFDctog47NeDt/mvpjaWMEHLXDYpuUeJ1+l/i3cP7XyhlprDUQBj3Zc3ZTHRjsVTBrrfWhwOGSHP2Ku2OD2hw7phzwT4w7uq2tg04lYOdiFcEZQywO2O6gRRtd6hPSqo/l5yzGx3Cc1ocM5UIMIyqq+WmC6UMtPNGHBwOMq58P3TXs43UDhNwllHyd1ZZpLLdZqORhDQ4ln2WXqG+XYL6L+MHSMd1trK+hhHzUJJIaNy1fPU4wcHkJVqyj3PjtTDUVLb2VU0WXZIQ8aeVMlaC5RZYztgLDOLOvCSQmpjkh3Tn8JRcuyMmp55Qzwg6DXDEcYKjYDTkbboxymoJfsci0tF3fSPEcjssOy1sM8c8YkjOQV548HkFXtku4jAhe7Bb6902FmODn6nSv84mvBymTNy1NhfraHA7EbIycmc5prshxSOhlBwrqGcvaFV1DASC0J1vqzFN4bk6GRcopl20Lq6xwcMtTlsiuBWAeAhlueykIeAphEBGJqjPhG+2FNLduUPwzk78pdkNyJ10U1XT54G2OFUSw1FITNATzkgLTyRau2VFqaYluA1Y7dPuNem1M6ZKUGNtXUTahjaaqGmTGASeVaBrZRkceqyVTRuY7XG3BAylR3qupJQ2pBDCcNPZcy/SntfE/UDl/p3vBoqmkycgKBPCWKbT3GOqY0Yy7vvsU6eIFocByuTZXteD11epjZ+LyVRkLTgjlNec4LThGngOcgbKMfJ9Wf1S39g7dkI2pdE4bqzo7nCQMndUxwdnFNDdsg79kSsKUsMvbjQsrIvHgxqAzsolDcXwPFNUZzwCUa33NjI/DlzkbJXCijq2GWMYf/AJrRGWeyp55lFlp9YG4UaeIO3xlVFDdJaOQUtXkjOGuKu2vbI0OYcgpyfBFNSRlb3ZMF1VTNx3c0f5rOTtLxjGML0eaMY33Cy96tgjcJ4G7OOCPRHFnF8loF/uVoyU0Ja4EDGFIpasghpHCfOxp2AUSSIxu1BOhNx6PNW1clzHOHAbp5weFU0tQM4KsI36htun/JvMyjhm06P6jkodMT5DgHBB9F65QyNrIWTRuBDwDt2XzrHK+J2thwV6f0P1RinZBJLkjbBKRLGD6L9M+YaS01h6ZQ1zaerEMow3sVdeScam8dlQFrKmn1RkZeMgqytlW1oFPKcHsT6rFZHLPqOi1SX2TZYQeWUNO2VPaAFDfGSQWjCPTyE7EcJLWDp8dhSMpw5Tk5jNSheMHABhdwF0jBwV1n1BQI4Gk7gJ+hvongDC4oXg5gYx2TXNbpOyekoWRSDlcUktbg7KOQcqCnyCcMhRyDk7KYQcIJZufL+6gucACj1tLHWU76aVrXMeMHIyphZgZyhE6u3CtdmaytNYZ4f1t0HPY6l1bSMLoHHJAHCzTJCW4PphfR1dR09fTupqlgc1wxv2Xi/WXRdRY6p9RTsLqd5yMdk6LPC+X8U6c21/iZgjAJUaTkHHCkt7oUjdtlprltPF6yv5IOP7DUdTuGlWTfMBhZ8amSAgq5oqkaRkLp0z3I+c6/TOibCvp2PBLm79lENRNSSBzmYYThWeMIU0LJWGN4yCnnNUucPoNHJFUxB8bh7j0QpGDCqpKeptsnjwuLo/xNU+krIqxgcw4zyD2KMLZjldDXnB4QnKa+LvjlCcz2UxktP0RSzHdD0BSyzPdC0+6BrI1NkCogDhsFUVVJk5AWhezKjSQB3ZKlXk0V2uJlp4TH+HCi6c8rQVVLrzhqq5qd0ZxhYrK3E6FdqkiEBhdD8nhF0HBQJGHbCztDpfcWVrv9zsc7ai3T6SDnBOy9j6K+KlsvzmW25gUlaGgN1O8sp9vf2XhKexxaMjlLlDJ3/F+d1HjWoptx/TPqsuB3HCaRjuvCOj/ihc+ntFJcGCqo27Y7tHsvYrF1TZ+o4RNbZ9QxktOxCVKto+neL+oNJ5JKMJYl+mWRBQnDsVJI74QjygUXk7zeFyR5Ix6ZQHQ69+MKc5urumBuO6dGIixZKuelDhgNVdPQhrsrQBoOx7qNNAH9se6mMmKyvJlbhbYahuiWMbhZGv6dqqWU1NvmfG4bgtJC9MqKAO3AVfPbyOAFTX6OfdpvaMhZ/iFcraRRX+m+apx5S5wyQFoJ7bYuo4fm7DUMY476T6+mFU3ax080hdjBcNxhURttxs83zNtncwg58p2P5IVc4Pk51tUU8TXBOrrbW22Tw6uAsB4djYqI4jI3CvrZ8SaeVoouqaVhx5WyGPOFOrOlLbeIhW2KtjcXjIDXbfotUdVGSwc6ej3P/TMqHHGQeF1srs8ldrKGstshirIXMIOMkbFCDwQnRtT6MzjtWH2W1HeZqchsrzIwdid1d01yhqGjwZfyKxj885TY55InamPLT90+vUNPkU0snoDZWuGHtBQX0FI93iCMA+oVHb+oI3BsVSMEbaleMflocx2QeFrrsUugAsFxvFrdlj/mIP8Au3bkfZWtL1DZ7gPDrP8Ad5Dt5gqsS7jUFyeCiq2YliGr1A3WtWOGAMl5La9vHoZmvadxpOUBlbV0rtFZCJY+ONwqOL+KWx2uhqS9gP0Eq3p+qqSVohvFKYnHbVjZPhbF9gyltJXytquPmb5XemcEIM1DdaJuuEvfGOO5CM+3R1DBU0Mgc07gsO4T2V11oGgD+YzuHb7Isp9ASakRobk1/wDLnbocO+FI/lyt8pa4fqisrbHc/wCXKwRTHnbG6DPYjF/NopiDzseVYLSawyqunT1FcAS6BmfYYWUuPRUg1OpTpx2IW2FZNGTFUt0uG2SOU8v8VuQcooLLObqfH12PK4PJKihudC7S+J+B3AXae7VVOdi4/mvUJ2R5LXxsd9xlUtb0nbKuQzGIRk86dgU7GODi3eKeftKGg6gjcQ2oz7q2ZUU8rQ6OVpB91TV/SNbE4vox4jPvuFVyUlXTO0StkYfzQYOZb45x9Gv2cMg7Jj6SnnaRLE12e+N1m6W8VVL5XHW0dj2VhT9QxPfpnjLR6hC4pmP4Zw/EVV0zDM4mJ4bn1VFX9O1NMSdGodi1bOKphnaHRyAg+6JjI3CGVWQ4W2w7Z5y2SvonZie4aexVxb+ublTkR1uJIxtgrRz2qhndqfA3J7gKouPSIc0yUrgc9il7Wg1dVY8WInw37p+6NAnc2F7vyU11oY6ISUUwcDwWnKwdX07X0o1iI/kEGju94tLwYZ34ad2EnCDLRJ6WqXNbNy+kuFKPEqYHOZ6t3QxPE/Hb7hVNF8RJw8Nq2tc07FpWihvVjucA8QMbnkYwQrjtn0zNKE6u0yMY2ObkHKEYRn0Vgy2QStLrfUnHo47KHLT1cEmJo8j1AUlUKcsgTStIORso7rfA7YsU0TQ7N1HKKGBzctbz7pTqXsZG1x6KWSy07gcNUN3T7SSRHstH4Y7BNOR2QTog+kNjqZr2Y2awVDJCGcehUKa31Mbi18Z27rfH3ahvijk2dG0j7JD0y9D465rswQjLNiMJO+63MlsoX4zA3PfZVtV01BI4ujOAeyF6eXodDWRz9xmA7b1Sa9zc4BVxJ0rUNyYicfdQ5LDXMBJaSB7oPjcexvzVz6Ax1crNgThSG3QbB0Z/VQ3000RxIwjCCXHBGChyxmyMlwXkVyYRu0qSy4Ru2x+6zTXbYDiPzTg9wOS5x/NVkW6EzWR1gO6IakOG7VlWVczdmn90dtfNndyJSwLen/RotNG/zOjGTyuGgpJxhhDDzyqeOv4yjC4t91MoFVSRIfap2k6SHDsVGlpaiMeZiPHXOduHEI7biQMFoKspuS7KdzHtJDmkLpkDeQrllTC44MbRn1CbLT2+XJLQCfQoWskV2O0UzS0nsmNdoOQ7Cs32immOIpvDPqgy9O1QbmKpid+aXNSfQ6N0CM2pl7uCf85JGQSchBlst2jOS0OxxgqPLTXJn97TSY+yptoPMJ9Fi24t/E1O/iEXduFTZkjAMrXDO+4TDWROOnJCHe/0X8UHyaD5ynDNWQfZOjlhmGzh9lnmvzuHp4c4jIduFcbfQLoXo0BEI5eP1TPDYdshZ/xnsJw4/qnCoqGn+9KN2pFfAzQ+DGe4XPBZ6gKlbV1A/GNlwXacbEZQqzID08m+C6NOc7PP6pCB39X7qmF2l75ThdndwUfBfwSXoumte05DiPzXfElA2lP6qk/ix9Cui5kdyl7ki/gmi5+arA7ImyB6qQLnVadJcD91n/4qfddF1P8ASSplMp0TZd/NnO7Iz/4Qk6enOz4Iz/4QqX+Kj3XDcGk8n9VUlguNM4lzm3d6aM/+EJuLaQR8vH/5Qqf59p7pnzLf6ygaTC2S9suDT207/Ls/8qXy1uP/AAW/oqf5pv8AWUhVDs8qlFItxcu2W5pbdgjwh+gQTb7f2aP0VeZz/Uf1QfGkzyf1RJxSwivj/wD1mWv8OoB2b+iX8OoM8N/RVXjSf1u/VLxn/wBZ/VCkk8k2S9SZZfw+g/pb+iX8OoDtpb+irfFd/WV3xXf1lHlfot1z/wCZk51qoCc5H6Ln8KoPUfkFB8V39ZS8V/8AUf1Q9kcJr+pk7+EUH/eP/VL+EUH/AHj/ANVB8V/9R/VLxX/1H9VWEDtn/wAzJ38KoB+J/wCq6LbQjbSP0UDx5PU/ql48nqf1UwibZ/8AMyx/hlD/AEj9EhbKEb4H6KB40nqf1SE0nqf1Uwi1CT7kyx+Socf3bf0QvlKHJ8jf0UHxHf1lD1SOP94VIRyMUWlgt2sp2jSGtwP8K45tL3a3b2VUXPH4ym5kP4yjcEi2mWRdSA/3bf0TvmYWjYBVjAT+I7JxBx9RVbEXtZNNZGOB+yGawdjhQX8rvl9FWMBbMks1zwD/ADEF9ZIRjxMhR0sBTgNQwONU/vumunLhhMyEi4BVwEojHZJzhc1EjCTpA38KjeISfpQZDUUgxZnfK75PUfqmGR2Pp5Q3RvPqqcmi3tDbf1BMMwwduFxsDz2/dPFITyrTcisYAmd2dgl47u7VIFJk5xuiNpWhBtZN+1kIiQ74XAx2dxhWjadoGNAS8EDgKbA3YVpgc7GGIjaI8lWPhNbjYLrmDACYoA/KQRSD0RY6UNOQpOD6p2n3V7EgHOXsCIm4wAu+GBwEbf0XBqPCL7Yrgjk2hmAOyROU0yN7peJGlPCFtNiBz2Twwe36oBqYRtq3QzWDGyLAeGTNLfULhLB3yoTqh3ouh5cM5VZQSgSPFA4wkZvsoespayryTYiSZyhmYnbCahtUyy1HAUnO64h7ruHYyr2sDb7QZJcbknGFpOmfh51p1jKIOnOnqyte7jw2ZB/NFGDYNlkKluskkv7mfS3PC+lOjf7FXV1e6Oo6xucFsgcMlkTRJIPbfYH8ivcujv7M3wp6NbFJJaP4tMzl9WdQcfUt4/QBMVJwtV9SaKiWyH3P+x8OdOfDnrjq3bp3pqtruN4o8t343XtfR/8AYz6orS2brO6Q21rhkwRsErx98nGf1X2HFHb6BohoKOKmia3DY42gABckmaPzTYVY4OFqvqTVXR2U4iv/ADPJukP7Nnww6LMdQ20/xKrZxNVYcP8Ay8f5L0mnpIYY2wU8TIo2jDWsbgAfZSXu7nsoktYIRknC0KrBwbb7r1m2bbJAg0jJ4G66ahrRhhVZNdycjX2VfLW1LuDhPjDBlxguZbmGH+Yf3UKpubpBiEqA1s0g1SuynMaGnhWGEEs0j8vdnKO1obvtuoxeGcDlcy55BAJUwQkvnfHtHshCWV5y53C4SGjLlFnu9HBw8Z9ii2svGSwJ7koD62FoIa/zKhrOoGniTDVUVF+cSBRjXIeBnlEoDFHJqqiscAXOOwVFX9R0NI0yPmBcOACql1uv14cJKqpdBGfwtdjKnUvTFup3Ne9nivHd26Yol9EGTqPqK6fyLLQ+Fn/jSt2CbD0bWVj2y9QXeaszuYtR0j2C0cZjiboYcD0UWpuRDtERwB3UGKbXR2ltFptQaKOjjZjggbostSMbYUBtVPMSSc4TmRSvI8QaQoSS3Lk5PVtBAc8hMzNLjQwuBUkUcRw6XGy5LXU1O3Qx26gvGAUdCXEOnbjCK+ejpxhnIUOStnmOGnYprIHuOp4xlQhIfcS46Ye6Gdcm7gnthaPwhSBGAMYRJZJkjsiJARGtwikYXMhUMQ4bLqSSoYMSXcbauB6qluHVVuonmCHNZUHYRQ+Y5UBUXLouZd8EOCyvUHXVss7TBC11dV50iGDff3PZBqLP1R1RmK7Sfw+ieciOI6ZcehI4VvaumLVYmBlFAzVjDpCMvd9z3UGLbX2smPNl616zLZbxUMt9Cd/AYPMR6EgrU2Lo+wWd3jRUEbpwMeI4ZP7q3xjYbLrdu6hUtRu4SwdfjVsFzKSSgPfIkkxJQsSSSShBJJJKEPlVOSTV0p59HrxJJJIQRiaTldPC6lyeAsjTs059FVXOcshOO6s5d8YKzl1k8SdkGTgO/VY9VLETTTHMg8AaIQ4dxlUV4ld4oYDtyrt5DY2jONlna14lqSW5wNlzrnmtQOhQuQ1K0CIH1yptFHrqG7cKPTtIhbsrO1xHWZiNggrWEkS3iOSbWTeFSloGFnWuLpFbXqqYyMR/iKqacFzgUyUucA0r7dxbB/h2/wC5VSeCM7lWVa8Mo2M91VkZHKlk3jAdKwnIR2TF1y4scnlmkYnpieqKQkkklCxiSSSMgkkklCD1z1XUsZ29SgISK86YqeEcDzobdxlPuBBkjb/SwBMbsFT6FQ6ydQkkR/0lToZ0ATUR/wBRQ0mz0UJOTU5SPRB54QXd0Y8ILu6trI0AeU8cph5TxylBMIOE1+xC60gjZMlOMFQGPY52DhbzpKMCAvLe2xXn7gcgcL0rpaIC1Rk8lBbLB6j6ejuuZYVZIYfsotgJMmTySj1jtIfk8DZBsDc+f1JWafPR7KPM0Tn/APzxCdxVEoRGu4ZRXf35QmhgKd2a9yVZ/f8A5odF/wBuefdEq96jA5yoSI9m36KWN4Y/sojFPhjMgjjaCVmsNtPZd0flpx22VTW4dUZB4Ks5HiKINA4GFRyEunIJ7pEezTLoe45DfZQbs4tix6hTmt4VbeneUfZDOW1CrvwZquh4cW4uIxklay3xaqgDGyzfSbA20txtly1VmH+8grK55OzpliuOP0aKkk8KMRkcLzPqiQy3qd3YDAXpLiGxud2AK8uu0onrZZAfxEfuqq/IR5aW2tIz13diE5Kqbf55CewUi/PeXFgdgAKNado8HddKPR4y2e67BLndggKfRgOgbvg8KtqCCVZtaGxsa3YYSr+uDXpE08sh3Lbyjsh0DcEnG6dWY8Z2TsnUQGMhcq7s69H5ml6R/wDnq37L1KTaD/wn/JeW9IEG7N/Jeo1BxGW+y87r/wDcPceK/wBopoHY8c4/CSo/w5dqluDyOXndEaQIpz/gch/DX/slc7G5lIyufLo6Ef8AcRsH7b+i7T7nC4d2hOpuVnecnRBV5zE7/lKx8QxWv9lr6/aF5/wlZKgw8yPI82o7rVW8Iz3dkPqIE0ZAO6venovCs8eRglu/6KivpIbE0jkrS28AWxmBjyJ67M8Y7rWzD9VSeSXb1VFaGh0hJ9ArHqqTM2hrti7dQ7M06nELR/ScPUS3WvBrbV9bR6YW4o2gNZj0/wBFh7U7VKB7rc0owxn2XK1XB6Lx/wDtko/Sq6qHl9sqxP0qvq/7l2OVzpHR9EG3YN9pv+YL1bA0j7Lym2Ai80zjxqC9YDTp/JZ9RwXHskWkAPkeBurZnJyqy08yff8A1Vo1cDU8yyGDRUJFWdkOjlEBGEJdHKoMKkuDhdRDRySSSMgkkklCCTU5NVMgkxPTEJBiRGRhJJQFES51cdFQT1UjsCNhd+yz3wzpXQdFW10gGqeN05Hu97n5/wDqv2TfitXSUPQlykiPmlYIfcasjKu7VSOoLTR0T8aoIWxnHGQnwM85ZlgmNI9QnKNk6uUdrgBglMCXQeL1SeclKL/RcdyoNBpJJKBjEkklCCSPCSR4UIDJOUx+zDn0T/xIdT/d7eiuPZDxHpQk/Fi8k9tvy2XrMLdR0g+q8m6XGPiffnerTj9l6vAdwFokspGTR/1/5H/Vci0fhgKktzgZKj07f/eEshGwjAUlBg3DEsZSykqIVwZ/7/hOP7uk/cvIVrUHVp9AdwoMY/8AejpQM6Yg390aZxLwB3RlBnkEDCFUf9klx2B/yXSMAJk3/Z5//pZTceiZBwDFFTgD8H+q7nC7CAKeEekYQZRhpJ91eMMsyHT+T884/iqn/wCQV8NmZVLYG6YJyRzO8/uVcNO2MLZV2hRmuud6akH/AOss/wA1ZN+hn2VZ1sctoc96hv8AmFZ8Mb9l3dN+Jx7/AMzO3/8AuH/cKHbhhrApl/H+7vPuFCt7hhi72nf2o5N/+6Ouw+kLy/r5mm6Rn/AAvU7oMln5LzP4hMxcY8nfSF2fHPFh5f6njnRyPPLs/RK33UbpwF17LvVHvRxIAUDp2TRdx7len5XJ8m/+pE9jtDvCrIj6twteDkZWIpHltTTnHIC2zSAxpPoFg1PMsn1HxEt1W0JB9SgdUA/IA4/Ep8H1KN1O0fw4bd0FT/1Eb9Us0SIkW9LH/wAo/wAlkOuD/urR/iBWugOaSMj0Cx/XG8DfuF2YdnhfLf8A4Znll2BFXI47ZaVzo13hX2M+v/VLqHaoOP6VF6Xk8O8Q57ldCniSZ8o1i+9nqXUwIpYz3LsoERP8Ld9gpfUozRU0oGxaFAZvbHn2C7UJcHm7vzYXpd2K/Geyvared49lmen3EXBuD2WiqT/vDh3IRvoyzfJmJMivf75VBcvLVEn3K0FQP9+J91n71/2nb1KyX/izVQiBNl7sqZTyERhnsoWoKRBOM4IXMNU0MuTAYzlUE8YaVo61pfGcHsqGdhGMlBNcZNGmZCOR2XNXsjEA524QSDlZZLHR0FycblpyFLpq58WMDjsoi445OQcIoSy8ATgpI09JWxyxB2vfgplQ4cjfO6pKecxnZWDKgPanJ5RllU4yI1cAQT7KBCcPGFPqd8/ZV3Dt0Q+tt9k8kGIt7qM4nhGgO35FMeCClBoFktxhW9PPHURBoOC0YIVU7jPoE2iqfBnBOwOyOLBsWeSzqIQNwMILSDsVOfpkacDsoL43Nfn1KKcci1LDwCmbjfGVCfGecKyOHj7ID4h6JMoDVLBDBdGckcKZS1x1Bp2UaYH0UduWuzhLaNNU5R5RoA8SNyXBRKmIFvCDT1GAGnKm4a5uxSZRydrTzjZHhlLNAGu4UORoBGArqpiG+AqyeIg5Lf3WaaDlFEu03CSinjnad28r160XQSMprrTvw5oBOCvDS8jYbLY9E30xj5CZ2QeMnhJaO/4TWxomqpez616bvMV6tkU4I1BozurJ7c7cg8rx/oPqJ1DWNopXeR/G69eY7U0ObuCMhLnA+y+L1j1FOHzgx96t77ZXfNM/upT+irq+EhzKmMbHlbW6UbbjSPp3bHGWn0Ky9L4QD7TUHErfpceHBZHHD4Nk4YIMP8wZC1VprDPTNY76o/KVlJWSW6fS8eU91aWqp8Gdpz5JNkyIh/aarAcC124IwvFPij086iujqoM/lTD917Qw4OVT9dWOO9WN2iPMkbdQwN1rqnsZy/KaeOooaa5PlKojEc72t23Xa2D56h1AfzIxyp91p2srHiMZAO+6FROayXQ7h+y7GnsyfHvJaTdJoyz2lzCfxDYrXWOo/jHSslGXZqre7WzffCoLvTfJXKSAfS4agUumroLRfoZXn+RJ5JG9sFdKLPE+Qo+xxj+S5NwP/rl6diraZ2iut3cc9v8Aovof4M9cRdW9HwRTH/faIeHKCdzjYlfOLpD0n1O6QAvt1xGrI4AP+fK0nS3UA+G/xAFZGD/DrmQ2odq2LSf/AJqfGTbPK6vSx1Ne1f8A80f/ALo+o6yHx6fVjcbp9DI7wAH7lOo6uCspPEjPPZca3TwtCPIy4eGTAcpIbURWWRqujbUtI79iqWBz4Z3U8p+knGVpBuqy6Wxz81MP1DkDlQgFI7qPDO5zMO5GyO12rsoQjVVJDVRGGZuQ4Y+y+d/jF0E6w1rbxSMJgqHEOIHBX0i1U/UNlor7ROoq2MPjPYqnyjf47VPS2ZzwfHIbjugSxgj2Wn6z6WqOlbq+lmIdG4l0bxwW5/zWfdkg7cLLOOT3Gnu+aCnHpla5ha4khcD89lIkaD2UN+WnjlZZxwzWh5BI2Q3tLcZHKLHIDjPK7IwEZCU02NZFIHKCQcqQ4YPGyYcIegwZ4Kj+YHOSFJPKY5owQFT/AGM/sX1gvzm4pap+Rw1xWobLqxgcrzPzRvy04IWnsN91gU9Q7cbAlNrsx2c7VaV43xNQTjnfKjvYWSF7e6OxzX7kLjmahnHC07jnNNdk+grA+MNPI5yrLGRlZuJxikGArmlq9bQForsEWIkHZPTOU9O7BGLhAxldSVkBOYCc4QHMaRg9lLIHKHgoXFNYIV0lM076VX1dEyeN0UjRg8H0V4+H2yo0kWeyyW0b1wFGbRi5W11pmzHI/T2Odlc2q/tqj8vUuAd2KsZ6RsjdEkYcPQhZq5WQwPMlPqB52XIv0rzwek8Z5WdTSmzUPAd22UKphyRhUFvvVZSvEMz9TePMrtldHPgM3K5ttLPbaXyVdyAzBzMBcY7nZHkAfgqO8YG3dZdjTNqt3coLnBBadwp9FWnAhmd9iqgP33KKHgcFMhIZ8mOC2rqFlUwkDDxwVApq6ooXeDLkgHupNLXuDdLxkDgo80FPVs1HGSOVqhPAX90ToZWzxh2QcjKFUQRyDBaCDsQqFlTVW2bwn58POxV1BUsnjD2HPqjymV8qfDMndbJUU0zpIW6oySRjsqOdgkGnhekTNDxxnZZS7WcRymWEY1I1I4mu0W57oGX0vjeNPdWFFUZADkKRgyQQgNcYH6wM/mnQlt7ODOv45F212d1JtdfJSVAc1+kFQKaoZJGHN57j0SkJBGnupY8mnT2yqkpxZ7p0X1C2tpWwyHLgMcrXaNgQd/VfP3Tt/koZmN1lvocr2rpu9x3OnAfINbRk7pGD6f4LycdTFRmzYWmrMzTBMfO0bH2UtxMLw4D91nZRPBKKuAnA5CvqSdlbAHu5xus9iye+onvikWUDhNEH7AojW6e6hUzjDLocfKeFO1AnAKA0Pg6kkkoNHJJJKEEkkkoQam6G+ickoQAQPRDLPZSkEhQV2ALO2EF0eN1KIQnNzsoLnAjEEHBCiXC309wp3U1TGHNcMb9lYFuTngoTsnkYTE8Mx20wui4TXZ4l1f0fUWWodPAwugcc7DhZZ7M919EXChp6+ndTVDA5rhjfsvIer+lZLJUGWMZhefKewTYTyfPfNeIennvrX2mOfGBvjhKkqTG7GEeRvIUGWItdqx+63U2bT5p5bQfLlxL6nqw9oGyksOcrPUtX4b2tOcK6gqQ5gwF0YSyeMvr+JuLDvaHDdVNTbXtkM9G/QeS3sSrcHKb4fujayLrmo9lbRXcPIp6gaZG7bqa92oKLWWyGpJkb5X+oUKCsmo3fLVjXHHDh3CKMsD3KElmJZO7oRByjNcHty0ggpuAoRMEgloKkpigRCkha7kKvrKIAagrhzfdCljykygpD4WOJmJYNJxgqLJEAtFPTB3DeAquppnZwAsllOOjbVfu7KwtwmuJZwMqU6I9xhCkj7EJEo4NO5AOSpVJW1tslbU0NS+GRu4c04QAMd0/G2EEl+x1Ns6LFOt4Z6h0t8ZGYjoepIHMcAG/MtPk+7vRen01RDVwMqKeRskbwHBzTkEL5be0FXPT3V176Yl8S3VcnhE5dC45YfXb1Smke48T9Wzq/0tbyv2fSCaRjusl0n8S7F1Pimc/5asDd4nn6j3IWr8TU3LeFD3dHkKdTFTqkmjh2QjGfRFOefVdAHooOlLJFdGCo8tO1ww5uysdPuhOiBIGeVGgHFMqJLVBIcloVPcLQIydLP+hWtMOBlCMOrYtCXOtGS3TRmea3Hp+nqmkSQgH7Kh+XvPTcwqLVUvDc50Ekt/RerVtjEpMkBGT+Eqgr7c6Hyyw7e4SJQfowT0zrf2ldbfiFQXRraLqWia1xGNRZ5Py/EFIrOlqWuZ81Yqlj2nfRnP6Kor7DS1YJDcOVXH/tD09J4luqXaB+E7ghFGconPtgpPEw9ZSVdA4tqYHNI742UdoDtx37rR0fW1tr2tp75TNYHDBdjLQf9E28WS0ut/8AE7JcontPEGf3B/0WiNyZlt00Ix3QM94WnDs5UyiuVXRnySlzR+FxyFXSmopnBs0ZaOxPdOZMCM6eU6NsofiYGmjYUd2hq2A6g13cEqe1xwsMHEDLTg9lPoOoamnAiqz4jW7A98LZTqv+ZgGu8Ut2xymvhiqAPFZlRKS4U1aMxP39CpoOxHqt9dinyhc68gImV1tk8a31LgO7Cdv0VrS9VNyI66HQ/guxsVAyc5yUOSOKUaXtB/JaIz29ithohFariNbdDXnfUxda24W85if4kY4HKy4pJKfz0k7mOHvyp1H1NUU58KujOONQTFfH2A24svm1LKwFtdTjH9WFGqLXNEPEt1Q32aSlBcaWsaDHI3fsjMmMZyBymxsS5RUnuK01Gg+HXQ+G4fixsU7wmEaongg9sq31UdQPDrIdTT6DhQqqwPaPGtVTkdmEq/kFSrwQXMexpGCMqBJSQTEumjDvupD6y70D9NyoS+LjLRlFhuFurG6WkMPoTuFZktoU+zN1/TlJM7VH5CfQKkqOnK2N5EYD29iFvpaRx8zMOB4wVHMboxhzcfdQy2aCEjzlwqqZxjOthBwVJZeayFgZrLgPVbGot8FUT4kYz6qqq+nWNOYRnP7Izl3+OaeURKLqamkLY6hpY/gnsrllZBIMRStdn0KzNZYJA3WYuO4VcYJ4v7qRzP1Qp4ObbpUukzcFuvtn8lDms9DM/W+nbqPOAqClv91oiGFwewdzurai6tonlrKuLwnH8QRYr/qFKqUOisunR0M2ZKcYJ7Kif09dKZ5Yx7sBejxz0NY3NLVxuPoThdNFJ9WxQS09cuYhK66HElwebw3q72s+E58gDfdXVF1y6RrY6jBPGr/qtFU2illJ8SFuojHCoa7oqjljJpj4cnPsl7LY/jyTdTPiawXlNcbNcWASBjHkfUMIpogMmkqQ/wDwlYio6UuNLF4kchf7AoEFx6gtQBeZNDeNW+EKz/WinpYS/CRu3xVUbcvZt7IWojkD9FUUHXQDGsq4dR4KuqXqKx3CQMOI3f4uFMRZnsqlV2sjWwhwBCa6PGxViaCGpGujqm57DPKa+31cbdRaH49FNiE78P8ARW+G7PCRBG6m+G5g88RGfZCcxpKHYxinkjmQjbSm+I07OZlHMeOQglpHZLnXkibQ11NSTDzxDKiS2SimyC0AH2Uvngrjj6lK+JMbG2fplVL0xRn+7bkqvl6XmBJhfgei0e4/EV1snsqlRD0NV9kX2ZCSwXCMnyghR5KCqi+pi2+rV2QzGx23+iVKnPQ6Orl7MQfEjOHNOfskZ3M7LYSUFM/8A/RRp7XSzM0eGPvhB8LGx1UfaM3HXEYzsUaOv33IVm+w0oGN1El6eAd/L/XKW4Tj6LVtcjnz0IH1blFiqGO/Fyoz7FMPpdhRpKKsiJa1p24KFb12i0oemWvjeh59EVs7gMjlUBbcIz3wE81NZCMu3RbmVKqLL5tZPnzOJwntuVTjB3WfZdp+4wEVl1bgapeeVTnFdlKnBd/NQyAtqKVkjXb8bhC+WtMx0upww+pCr2XCA8vCMKqnIyJQonGRJQl2mHls9ud9LmhQn9OAk+FVbeileI152IRWvGk5/wA1eyHokZWR9lW/p2uAzG5rh91GltFwj5iz+avDM4k4J/VFFS/GkycKSqT6LV1hmHwVceA6IlN8w5bhan5lp+pgP3C54lK/aSlj++lUoBrU4MucnkLgLR3WnMVCf/hm/ogSUNFJgeE0fko4N8IYtSvZQam+qWpvqrs2akduCB+Sb/A4j9Lwqdcwv5Mf2U2QlkK2Nif+GUBNNkmG/iNKDE16J/Ii/ZVHPdLJVi601AONTVz+Ez/1NUwyfNH9kDyrn5qZ8hPnSWn7pfw+b0P6K8E+WJDwUsFS/kZf6T+iXyMv9J/RTBW9ETUUslTPkpvRL5OX0UwXuRDyUslTPk5fRL5OX0UwTKIeSlkqT8nL6JGklHb9lMEciNkpZKKYJhsW/sl4Mv8AT+ymCOQLJSyUXwZv6FwwTH8CmCZQ3ISyPVO+UnP4Sl8pP/SVRMoaku/Jz/0ldFHN3bhRvBMoYXE9x+qb+iMLfORnKX8On9UrfgmUMGD3SL8b5RvkJRjzLnyEp/Erm+i00mBNQQfpTTUg9h+qMaLGzv8ANdFvgHqom2g98fRE+ZHsu/MZBAAUv5KH+g/ql8lCOGn9VHllqwhGQn8K4Xk/hKm/LNHAXRTtS3HJfyEHDzwFwQzn8OArH5doHCWD6qnBk+Qgtpyedk5lHv8AZSsgHdE1MUSK+QifKgchPbA0cDGETITS/YjCspSbY0xxjhODWeqETvsuZx3VqXGAuwulvZOamAZ3S8oGXHZDlBKLYRJC+ZgHMnCC+5QN4JKFzSK2y9Ilp+QquW6NI/lu3UZ9bO8gl2yreFGD9lwXMbuXgYTTVU4GTIqn5iTGCShE5OVfysL402WjrhCMgOyorrhKcjGyiLo5VObkO+OEUH+akO+Fw1DyMEJoAwClgdgo8sHCQhnOpEHAPqmB4HZd8Zp2VtAvD6H7LuR6qPqycZXQHO2AymxrbLf9w/lH4gu4HqnU9lutWR8tSSSZ9AtpYfgv15fMeBZ3gHnXsmKrIi3U6emOZTSMaCDwUhuvpDov+xtfrk5lRfaqOGAjJa3ke3K9u6O/sr/DbpmRlVWW91bUAYzIdv03VxqeTi6n6k0lPEfuPhzp/ozqbqmr+Vsdlq6nPdkef1XuPRX9jbrG6mOr6mukVspnjJY1gkd9j6FfZFHabRZKdlPbKCGnZGMANAyuS1YHcLRGvJ57W/U+psW2hbUeXdGf2W/hV0mY5qmAXSoaN3VDPLn2GSvVKOnt1mp20lnpIqeFgwAxoCr5rhADmR4GNlHkvVMxulp1FOVR567VXaiW62TbLo1TiSSQSgvqMjzOCz8lxqZXfyG7IJ+bm+uYhMUMCFD2XM9fBGfNIodReYuIsuKhfKD/AIhyniJreGhMUEgjj62ukzpbgfdDMdTJvK5HBxsAm68q3HIYBsYad07SE8kDkgLhIbkkj81biUotiDMd13QeVR3XrGy2lrhJUiaVu3hw+Z2VTm/dT3po/h9I6jp3b+LLzj7Itoew2E9RTwH+fURx/wDO7Co63q+kik8Gg1TO76Qs8+30kLn1V7uctRMeA5235BFp46upIbaqEsj/AO8cMK0gnDBKqbzW1Rw5/hjuM7qLqkmdopoXOcOSrSOxxRMEtc8OefqwpDquhpWaY2tJHoryCnhlZFYJKgaq+VwYfws2VjDR0VIwMgp2N098blR5KmrnOKYHHqiQ0VZL/fu2KLIxdBn18UflO/phRpaipecRjYoppoYnZO/quumpogA1+T6BWnkhHDJpB5jhPbRRu3kGUjVavoagONSf7x+AeyoAkkUkI50kKFJXtOfCcV0sLzucrogaNwAFBhDkfW1HlaThOit7sh8hBPoprWhvCdgqEwCZE1vZESSULC5HqlkeqHk+qWT6owAhTQCmv34J/JML5jtE0j/mChA+W4yXAD1VZWX+miyyhjdWydhH9P6p/wDD/mXf71UyAf0sOApMUFHStDKaBrffG5UG5KV1Feb0/VW1hpITxFCcH81YUVjtlrLZKWnb4vd7hklSw8HPbKbkeqFIrP6Hl3JyhkkrmT6piIjeTucpZwuJIxYkkkkAYkk1cPCheBZCWQguJ1HcrhceCVC8krI9UiQOSFCqayloIjPWTFjG8kqtivN1vj9PS1kmrGg/3sg0xY/5t/8AJVuRaj+z50SSSXRPWiSTEkvJeBi4OCnDlNwDkJE3hBLsDNJp3ys3K7xbkM8BXdeSIyQeyoKZ2qZzyNwSuffLfKMDdp1kPcZfBjJ1dlRx+Z+ojOSp16mPggYUKnAAG3IWS6WZ7TdGG2O4tIADANla0TS2mx7qtp2/yW7q3hAZRF3omRjwJt+5bSiu7tVWM9hlKhALt1Gq5hPUmQDA4Uu2Fr5A1w2S28PI1LbUFuGdLQSoQ5KlV5dJOQXYDdgFG047qpvc8hwW2OATlxOdsmrOxgxPTE9UUhiSSShQkkklCCSSSUIPToxqkaB6hMPCLRY+aZlQts7cAfmjvwEyPbKUxMkrnE9ynNUKisI4kkkoEBTU5NSLPRYk5NTlI9ACTDwnph4VsaDPK4unlcSgkOYchc/ElHwkeUSWS12KUbgD1XpnTxDbRFtwvM2/9pjzxhemWba0xpNx6v6bX+rJ/wBh1wcRBI8DgJ3TJzASR3JQbj/2WT7I3Tn/AGb9UiUsHrIv/UwS4f8A54ORP+MfzQof/ngUUf3x/NAPRDt//bZPuU9+9dgoFB/2+T7qUf8AtqjGRE0jUdxsVe2ine5pmI8rcrPRbzY/xf6rXPeyjtjWsbu8crLa8G3TrnICWUP1BVDv+1Zz3KsGSeXjlVcTi6qdnsUodN5JA2fg9lV3vhn2/wBVYP2qH4VZe+G//L3SbuhdizHBvOm4i21RZ7/9FqbSMOzhZ6wY/hMOB+Af5LS28D5dpwsLfJ3NPxFIsp5P9wncdsD/AEXlUx87yT3P+a9JuchZaqnHdpXmMzsuT6HhmDy8stQMxfJMynsm2tuIymX44mB90agGIgujF5R46KzqZIT3ZnYz1Kus5aB6BUh/7VH91djgJNvJ0qFwVNxJHiEeyNRHNM0nuEC5f8X8kah/7K37Ll3dnQpNN0USbvv7L0+vzox6tXmHRX/z3/RenXH+7P8Aylee8h/uHuPEPGmRQO/7DVPzwxyN8N2YtU0p5fKSoku1mqD/AIH/AOSsPh5tZG+//Vc99HSh/uI0bxjCLTfUPshydkSm+r8klrk6IK4kCnk/5Sspbhhz/wDmK0d7eWU7sdwVnaFw8LIG55Kb7EzWVki31oc+nH+ILStDWUQa3AHh/wCizl0Gqrpc/wBQKvJ3OFO4DGNCdBi61y2eadRya6sjIOHFdsg8rs91EvhPzpGfxKZadgfcrWllHnHzdI1FoGaluPZb2ADS0jbZYXp8A1G63cH0NXH1rxLB6PQ/7YU/SoFUdsKefpUCp2WJnQIlP5LjA4D8YXrGAaeN2OWg/svJ4nj56Db8a9Zh3oov+ULNeXAJaBh8gVo7cBVlp/vJPurI/SPzXB1P5jDiSSSzkCro5XEkIYUcLqEOUQcIhq5OpJJKEEkkkoQS5keqR4UYk5O5VrkhJyPVNTcn1XTwqKyNTBuFx/1FNBwMo4op9GH+KbvmKSz2nOf4hdaeIt9g4H/RbY8LAdXTR1nxD6ZtRfnwRNWuH5jR/qt01y0RRmXZ08pA9lxOZ9QUHEuDOg55Q3clFb9KCeVAhJJJKBjEkklCCSPCSR4UIAPKbUf3TvsnHlNqP7p32Vx7IzxTpdv/AOUm7kd85/Zeq05yvLOkwD8Srvn1P+i9Th8pK2LlcmTRf1f5DQN/3mU+rUfDT5S4b7IMG8rz/hTJSWlCopmuUtpGtdw/iElW3QB8tOYQc84VgW7crM9AyGoivEh//S85H2Bxhal4yFJRwLUskSlbmtlyfwrszg2dozynU/lnnxzpG6BN5qlrieGgIAuyWDkIUv8Acyn/AAFOQp/+yzn/AAJjDSOMPkaB6BMrdqOU/wCE/wCSLH/dt/5QgV3/AM7qr2iKOPZZmbQ3/dMgbFxP7qxZyolix/C4zjckqb+Jbqe0AZbrT6bf/wDtA/zCs3fSPsqzrT6bd/8AtA/++arR/wBI+y7Wl6Zxr/zZQ9RD/cHnuqq3OOGbq26i/wDne9VFu4jXeqe2tHJvli5IsLrjLPyXmnxEH/vCIjgtC9Ku/wBLV5t8Qd56Y9yF1NA8WJnn/qRL+FI8z6g2qtOcBRrKdN2YfRF6m/7WPuFGtn/bm4XsXHKPjs5bLkz2ODGmmqB6BbNp1U8cn9QCxFP/ANipvsFs4d6KH7LBqIH0rw0/uwTKf6ggdRgOtrvZEp3bA4Qb2Ndtft3WWP8AuI7uqjimRAojm2xFZPrUfygXbDIWrt+1vjHpsst8QBijbjnIXbr9HhPLQ/8AlmeU9RD+dk9wqu1SGG5wPz+IBWnU58zDx5QqOJxbNG4chwP7roVM+VayP+oz2W+HXaqZ3bQFBjI/hb9+wUm4Ev6ahlPJjaoERP8AC379gurXLKPM6hf6hyxSBtwb7haGpd/vrPQrKWWU/Nj7LR1MhNTH9k5nPs4lgrrrG1laC0YzlZa/DEuStTdn/wC8sOOcLO9QtafNjdZb+jXQsmfE3mwFKp93AqqMvhT47FWcGxBXNTyzoShiOSa/zMOfRUla3DuFctOWquq2gg5ClnKBpeGVXB+6a8DGcJ7uVzAWRxyb4zAOPIwhOyDupEgHHqhSgDGFGnEJSyJhwpEMpBGCojl3fbdEpckaTLAuDgos7cHI7J8bzgBdlbqGFecgqOBkMgBCO/DgCAoJ/luBClxSZbnCsNrA16iO8r9RHfKlScoEo4VAotKGqEjdz7KRPEHNBCpaeYxuGFd0UviNwU6DyKsjiWSHI0sdjSkW7BTZ4mu3xwo2c7Y4VtYKiQ527cKHK3TjblWj489sqHURgYWeccs0QkQw97XA4U6CrLgAVEc3CE15LvslNeh9djreYlsXCQKFUsHYJ8UhwMpz/MkTidqq6N0NyKt8WCUSknNHUsma7GCiztAUScEkLJZwx1bxLKPWrJd2zUsdQ0+YAAle49CdQNrre2ne/U9oyMlfJ3TV5noqhsTn+R22CvYOmb6611UVbGSYnAagChfKPqX055PKjCPfs95OOccLK9TUBhkZcoBgtdurq1XimutIyop3Z2GUWsgZVQOge3ZwSWuT6BP71kzdRE26UAnZ9TRuq6jkcAYnbOYVYQl9przRSj+TIMN+6jV1KYKzxGHAdugMso5NPbaj5mnac7t2KsmyDRg42WWs1WWVTYDw9aJ3PKYnh5FzgprDPDPiv0uLVdf4jFHiOrzI89tbuV5mB53Ac5X1L1p05H1L09UUekeNG0yRE/1AL5kq6R9LUvikYWuYS1wPYjYro6eeT5357QwhNyj7I98o/m6COtj3ki8rvdZhzQ8gg4PqtxbXNkn+RkGWztLd/VZK5ULrZc5KeQYDX5HuMrq1zZ8212mSnuNlbahvUXTD7dKP99tzdTHE/wB430Cl0zR1L0i6ik/7fb8gE8nHBWWsFxda7tBWBx8MkNlHrGeVpqn/ANw9QsrIT/ulbg7cYK1Qng8jbWq5OEe1yj2r+zv1w682k9J10uqsoSdJcfMWcD/JewYK+OY7lP0J1dSdYW06WkhsgHDgV9gdPXSj6lslPe6LHg1I1N3zjbj91rhPceP8xpY1Wq6HUv8A19kqPuippGDhOTDkD0/Y7EJieoUZ+50jqSXxWjMbyTt2QI5AQr+thbPCYnd+6y7o5qOo8N48p4PYqBJ5JqYd+U5p1DKaoEYv4hdDUnVdteBEPGYCWkDfK+YrnTTWytkoKhmDGcAnuF9oOGRsvH/i98PILjSvu9tpw2qjBLmt/El4yeg8V5B0NUy6PAX77hRpW5O6mObpABQHhZrYo9fGW5EPBYQeyM05XJG4HPYoUD8Owsr44HD5WADGMqKQeMqbpy0nKjSsxjsgkschoCkkkqGg3Mx3QvPA/Ww4I91JXHxeIFT45C74fRprBefHjbDUP34BWibHtnK8xbLJRyh7D+S2vT13+fi8KR2XNG2U+ue7g5es0+z70WrmcKTRzCOQMdx6oY3C6Dg5WhPBym9xcNxjIIOUVV9LK1wAB/JTAfKVphLPAo7keqSAXEycow4TCzq5gLqShDhAwoxAzwpR4UbufuqZTGSQjsMqNLDnYtCsEwsaATjKzSgnwHGbT4MldenzM4zU4DTzhZ8mopJdIe5jm7L0OQAu9FV3CzU9bl+kBxXP1GlWMo6el10q3hsoqO9u2ZOAff1U8yiZucfmqCvt01DKW+bbhMp6+enONRI9CuRZSkem03lUkuS6k1AjSnMkO2VBjuBlx5h9kYSaiNsLK4Ncneo1UbUmWUbycEKbSyluB6qphedsKbC4jGFaeTqVy3osKiGKqi0PA9j6KrY2ooptGTj/ADU+N5wFypjDxv2RRmE688hqar1fXjKdU0kVY3B2VZgxO2U+iqScA8p6YLXpmbvFnfC4ujZxv9wqOWPbjdejTRsnZoe37FZa8Wh0LjJG3bkhMjPJyNb4/MXKBn4ZjA/SBjKs2PE7Qe6rJ4fMDjhPppy06ccJpwcOuW0mPc+F+pp/JbPovqN8E7Q9xJYR3/ZYtztTc4TaaskpZWywkgj91TRv0eqnprFKB9RWS9Ut1ja+N2MjBHoVZNfLbHBw3jcc7dl430V1Q6lLJtQ8+NXovYLbc6a6Uw3BDhx6FKksn1zxOv8A5dKw/uRoafTURteN8jKkNBAAys7R1ktvqhTk5Y47ArRNdqGUiccHqqrVYuA6SSSA1jkkklCCSSSUIJJJJQg1cIzsV1JQgEhDwVJQSBjKgl9EaRuNghSt22Ul4GcIRGUztCmkQnRkndQLlbqa5UzqWqYHNcNsjhW7mAqJUtxhXHhmW+iFsXGa7PF+qelKiy1DnxtLoXHYrLyxA7YXvlypYKyndT1LA5rh37Lyvqjpea2SumhYXQk527LVBs+Z+b8OqZOVXRiZWOY4Fqm0NYchjimvaHZyMqFO3wiHAfuuhVNo+ZeT0Nck5Glika8ZDgUfAPBWeoa52Qw5V1G8luSt8JbkeVnDZLaHyfVQ6qkZUxljx9j6KWDlcLcqgYvDyZ4/N2eQEkywO59laQzRzxiSJ2QUeRgIwQCFRVVNPRE1NE46c5cz0QPg0L7i6TSMd1EorjFUsAe4Nf3BU1GECOyCRlSExQhFLAcqLU0YwCFZeH7prmAD1QTimMhZtM7PSFp2aq6dh/p2C1U0LDnLVVz0od5sLLKCNNd7ZRmNwSOymyxBpxpx+aA5ukZWayJtjPciKTjslnPZFLBnlLQEgN2MEA1pLw0ZW06X+LF5sj2wXVnz1GNg0nDmD2PdZDQEF0eCN+VDXo/I36OadTPpCydU2TqOMSWuqD9skHZWi+Y6Osr7XIKigqnwvbuC1xwvS+k/jBFOGUPUELYpm4b4zRpY73J9UB9D8X9S16iXx2/kep4KaRlKlqaesgZPA8Pa4ZyCikY7o/yPVRuU+geMpugJx2SUaDGFvlxwFEnp45mlsrAQfVTkJ7MY3QSimC4p9marunM5lp+/ZUNZRTQeSaIkHvheisAOUGakhqGlksbXNPqEtxRlu0sJ9I8pqbXSzMLDE3f23VR8tV21zjSOIb6Hf9l6VcOkQ7MtFLh39JWdq7XUU7iyphIx+IBBswzn3aRw5ZUwX6BzPBu1K0xkYzjP5rlTYqarZ49pqgQd9BKdU21j8+UH8lGbBNRkOjeWn22TM4OfOmPTK2WGuoXls0btu6fHUxSjDxg+qt/4s1wEdbE17f6sbpr7NR1wMtHMGnnBVmOWmbf2kJj5YT4kEhH2Ktbf1QWfy61rsDYEKhqaStonFsjHafUIAkJ+rdMhdOD4ZnnDbwz0GmudLUN1RyAg+6IXkebkFefMlLd2OI/NWtH1TPSAMnb4jB69ltr1eeJsSzXNldsE4uZINMjAfuq+hvtvrwNDw13oSpxbndhBC2QsjPlASrTBG3uLtdLKY3DtnZFZcbpTjw5Gk47hIPdHwSCERtWHeWVuR6rVGfAhwwyXR3xj8MnGl3fKtIqyMgOY/Y+6zr46eU+XYpojqo/Kx5wmRllkNYK5jxh41fdRZrRbKp5lNMGudyW7ZVJDcZoSGzDIU6G6sedIcQnoGcUgTrDX00pfR1vk5DXdlEN0raaQxXGj1M41NGQrgVD3cOyPuuuJfs4B33CMU6txWx1lBUN1Mka32yneGyTGk7HuizWSgqX+J4IYTzp2yoRs12pZM0FTrZ/S7fCMVOEo+iR8mHNw79FCqbDSzA4YM/ZcF1qaeTw6+BzcbZCkw3Skmdpa8g+6hnmq7OJoz9f009uTENsfqqSezuiBbLFkfbhejHS8ZByFGlpGy8tBwiwjFfoYy5rPNfkXtJZFIR+fCPBeb1bQIvHe9g4zuQFr6yxU9QS5jRG/1aqisslZS74DwO+Few5mo0dtfLFTdbUzo9FxpcAba2jdXFHVWW5MDqK5gvd+CQhZKSjhc4iSLSTygS2fLdVI/wAN/YjZV90VlGL4q+pm8ltlXgmGMSj1HCrp6aF4MNVT6T6ObhZeG5dV2lhjirHOYDnJ3Kv6D4hOLBT3qyR1DSMGUcj8sJfy88lSoj3Ag1nTdDKC6DS0nhVcvS1RG7VHKAtjBX9H3QZjmmopHcCTZv5Jz7FWbyW6ZlVGN9j2RKMbfRS3w9nn7qe+0cumKaQY7hx3VhR9Z3+glDZ3BzRsdQ5V/WU1TA3NXROa09wMqrqKWmmBBZnKt6f9AysjLiUUydB1/BKQytpAWn0VnS3CxXB38qpDHO/CeyyklHCGhojbgeyiOpoGPyJDGT2CW6px/uCtPGf48G/dbvE3gcHfnyo8tBIzAljOD7LFiruVKQ6nrpB6DJUyk6s6hpXB0umZvGHjOyW1gW9NL+lmilp4I+SWFANP4mC3dRm9eUxwKy35P+BoKsqW49P3BomjqRETy0nGChURUoTq/JEb5CfBLW5QDDUMO8Wyvo6WOdpFHWB+O2V11uqmjJQNAK7HZn8Hg8pgaccq8fRx588Yyok9K0AaWhqDbktTKwkjkJAggnHCkmn1ZOMYQnRaVewYuQDmnOw2XC12N+EbG+4SLQRhD/kMiFu64WAoxjOeMpaP8P7qpxUglJojeGN9go7qCB+7hnCn6fdM0+6W6kNVzKyW10x/DhRnWSE/ThXYaFwNA7JTqjJ4YaumZ91iOSQ1RzZ5meZucj3Wn1ZyMJunfOVUqILoYtRIzBhuLNm5wEzxrg3dzXFaogYOyDpa52ktGPsh+BvotXr2Z9tfUjZ2UYV7tsq6Nvp5ACWAKNJaad/shdNnoONlb7RAFd7gp/zv2RzYWu/uxlCdY6gDYj9EOy2PoNfC+jgrQfwn9UvnB6FAkt9VEcbFDdTzxjU5uQlOU4/kV8afRYsqmkatZRBXMHJyqfxsHGOUvFI3wp8hbqwXfzkI7fukK2HOyovmD6LonJO4V/Ixfxo0HzNOR9SQqKf+pUzZXAbFd8V3qq+RFfEXXjQH8QXRND2IVR47l1sxJwQrUinUy1zD3eu5g/rVZ4uwI2S8U+pR4J8bLH+WeMfou6G+yrxUOGyIJXnurwE8omaB6Bd0D0H6KD8y9O+Yf6qYKk2iToHoFzQP6QhfMP8AVL5h/qpgDcwvht/pH6JaB/SEL5l6XzL1MIm5htI7MH6IWBnOgJrqt+OAhfME74QSaiRNskhzTtpA/JcLW4yMKL45J4XdZxkIRqTClu+wXMeyAZ5wcBwwufMVH9YVYLwyRo9kJ0ZPdD8Wfs/9kMmtOxbkJeMMm157C50nd35JFzTwVHMVSdy0pGCcjhWMSyuQjtP9QXNvVCNNOTwVx1NLjcEBRsm3AQub7fqua2DnH6oPgOzuV3wT6/ul/J6DSHCUHsmmfBwGpeH+Sa9uMbqFjjPx5U18hxxyh+IM7jhNfVwDl/CGUsFpZ6HZcTsu5d3P7KM64wYIB37KO6vnds1wwgUshqt+yfkppewcuAVeZpzuZOUIveeXFFvGbSwfVQs/FkoEtZxpUZwB7JYQOTfQSigj62obwgGeaUYc7ZH8uD5UAYycDCrDwHFIWn3XNK7q9lwux2QcthoWgLun3TDLg4wuh+ocIg9iO4Hqlj3QiCSMFHgorhUDEFI+TPGN0UY7uim0uxuB6runPBWhtPw26xvBaYbLVjPfw/8A1WztP9nLriu0mogdE13p/wDNToaayXSMd+v0tH5zR5WX6SBjlOYXvHlYSV9E2T+yhUkNqLhUyb9iMf6re2X+zXY6HQ58QmI51lPjppR/I5Go+otJVxDk+Qqe2XKqyIaOR/byjK09j+EXV98wGUXhh2/8zbK+2bJ8JOm7e2MspGtLewWmp+m7BbhmaCNo/wCVaa6YPs5N31TLqlYPkDp/+zBfbgW/OSaM/wBK9d6Z/ssWikiZLNT+K4f1P/8ARe3Pv1it4bHG9jQOAAoVR1tpdooIiccEnYpnxxzhHE1XmtXqu5YX9iJ0v8G+l7BG0uo2AkeYALZRRWC1RNZFGxgZsMDCx03UHUNVvGA0KI6juFW/xKiqOXb4JRKrJzJW2Wfm8m4n6ttVL5WSfoVWVXWkcu0LiVQw2bOPEIf+anxWimwDpH6I/h2gDJeoK6pdiJpP5rsZuVSfM8jKmQ0cERy1g/RTQwNwR/kjjDBOyvbQ1DsOec4UplHpaCQMqUwYGEyd2MBMSwBgjhoZ5RslqHokTyUB0uAdlAw7pMIYOeVEluEUB/mnCqK7q+GB5ZRRCdw5ChEaM8ZwVV3C9Wq3ML6qtjYR+EndZqpr+qLm5zTIKSnd+EHEgQYLDbIXiorZHzzd3TO1D90SWRygTpuvJJyP4PapZ28ans2Ve6g6kub/AJi5XONkbx/c0vkH6b4Q5uq7VRym32iB9xq2/wDApBnKCbb1n1FpdcJ47PRu5p4xqmI93DGn91YxQwuyYR09YWeIGsmqj+Fg1vz90WmkvN6pz8vi3xO7TnDv0Trd03brUwNia6V4/HKdTv1Vlj13REfCI1PYbTTvEtUX1cwHLzlufZTH1lQ5ghpIg1o9Am7d+F3xGD+4dlygiUsg209W92udx+ycIaGDDpNiEiax/wBbw0JhhbnVJ5ihACtr6aLaNufyTH1FRLtE06UwlkewYEM1UnEZ0ogwrmOdvKQFHf4Ee45TXyyyHL3oXiMjIMjlBi5HGV7T/L2C6XPc3JB+6pLv1lY7WCyeXEjfwhUMN+6z6ocYrNSOpqQcTSjA/JQPZ+3g2VXcqOgjL6qYNJ4GV2CskrBrhizHyHeqq7N0XBB/vV3mkrKk9pHEsB+y0OiOnjEcTA1voFAZTiugbc53G6N5Q3OMn7oJ3SyfVQpcjjJvjCbgndJLxB6KFhNPulp90PxPZLxPZGAE0d88Lhm204KFk+pXFCHdRzlcySmJKBnclLJXElSRSQkk1JWFgSSSSgQlzU3jITDwVGzg5UKbwTCQO6YJM/hKpai/07ZjS0sclRUN/wCEzdysLb0d1X1DKXVr5LdSuH0nyyBU3gpywBuHUFrtsRdUz4lbyz0TqWh6t6ka1trtZoIn/wDxVSMj8ht/mtzY/h/YrEGyiH5ioH/Fm8zlp9IDQ1uBj0CXKfoU7WujB2j4SWSllZWXyR90qHDzmU+XPsOy3MVLDTQMp4GlsbNmt9ETT2C6kOTYDsk+z//Z&quot;);\">\u003Cdiv data-v-5bce1a4c=\"\" class=\"view_desktop\">\u003Cdiv data-v-278ca9f1=\"\" data-v-5bce1a4c=\"\" class=\"container-list backdrop_out animate__duration__0_3s\" style=\"width: 692px;\">\u003Cdiv data-v-278ca9f1=\"\" data-position=\"navigate\" class=\"container backdrop_in\">\u003Cdiv data-v-278ca9f1=\"\" class=\"app-item\">\u003Cdiv data-v-278ca9f1=\"\" class=\"item-box\" data-type=\"navigate_system_app\" data-position=\"navigate\" data-id=\"startup\" data-path=\"\">\u003Cdiv data-v-278ca9f1=\"\" class=\"active close\">\u003C/div>\u003Cdiv data-v-278ca9f1=\"\" id=\"v-step-startup\" class=\"el-tooltip item\" aria-describedby=\"el-tooltip-9854\" tabindex=\"0\">\u003Cimg data-v-278ca9f1=\"\" src=\"/static/images/desktop/TNAS_logo.svg?v=7.0\">\u003C!---->\u003C!---->\u003C/div>\u003C/div>\u003C/div>\u003Cdiv data-v-278ca9f1=\"\" class=\"app-item draggable\">\u003Cdiv data-v-278ca9f1=\"\" class=\"item-box\" data-type=\"navigate_system_app\" data-position=\"navigate\" data-id=\"Backup\" data-path=\"/Backup\">\u003Cdiv data-v-278ca9f1=\"\" class=\"active close\">\u003C/div>\u003Cdiv data-v-278ca9f1=\"\" id=\"v-step-Backup\" class=\"el-tooltip item\" aria-describedby=\"el-tooltip-7773\" tabindex=\"0\">\u003Cimg data-v-278ca9f1=\"\" src=\"/static/images/desktop/Backup.svg?v=7.0\">\u003C!---->\u003C!---->\u003C/div>\u003C/div>\u003C/div>\u003Cdiv data-v-278ca9f1=\"\" class=\"app-item draggable\">\u003Cdiv data-v-278ca9f1=\"\" class=\"item-box\" data-type=\"navigate_system_app\" data-position=\"navigate\" data-id=\"Dgconsole\" data-path=\"/Dgconsole\">\u003Cdiv data-v-278ca9f1=\"\" class=\"active close\">\u003C/div>\u003Cdiv data-v-278ca9f1=\"\" id=\"v-step-Dgconsole\" class=\"el-tooltip item\" aria-describedby=\"el-tooltip-2759\" tabindex=\"0\">\u003Cimg data-v-278ca9f1=\"\" src=\"/static/images/desktop/tech_support.svg?v=7.0\">\u003C!---->\u003C!---->\u003C/div>\u003C/div>\u003C/div>\u003Cdiv data-v-278ca9f1=\"\" class=\"app-item draggable\">\u003Cdiv data-v-278ca9f1=\"\" class=\"item-box\" data-type=\"navigate_system_app\" data-position=\"navigate\" data-id=\"filemanage\" data-path=\"/fileManage/index/\">\u003Cdiv data-v-278ca9f1=\"\" class=\"active close\">\u003C/div>\u003Cdiv data-v-278ca9f1=\"\" id=\"v-step-filemanage\" class=\"el-tooltip item\" aria-describedby=\"el-tooltip-5335\" tabindex=\"0\">\u003Cimg data-v-278ca9f1=\"\" src=\"/static/images/desktop/folder.svg?v=7.0\">\u003C!---->\u003C!---->\u003C/div>\u003C/div>\u003C/div>\u003Cdiv data-v-278ca9f1=\"\" class=\"app-item draggable\">\u003Cdiv data-v-278ca9f1=\"\" class=\"item-box\" data-type=\"navigate_system_app\" data-position=\"navigate\" data-id=\"security_scanning\" data-path=\"/security_scanning\">\u003Cdiv data-v-278ca9f1=\"\" class=\"active close\">\u003C/div>\u003Cdiv data-v-278ca9f1=\"\" id=\"v-step-security_scanning\" class=\"el-tooltip item\" aria-describedby=\"el-tooltip-2742\" tabindex=\"0\">\u003Cimg data-v-278ca9f1=\"\" src=\"/static/images/desktop/Safety_Guidance.svg?v=7.0\">\u003C!---->\u003C!---->\u003C/div>\u003C/div>\u003C/div>\u003Cdiv data-v-278ca9f1=\"\" class=\"app-item draggable\">\u003Cdiv data-v-278ca9f1=\"\" class=\"item-box\" data-type=\"navigate_system_app\" data-position=\"navigate\" data-id=\"Control\" data-path=\"/Control\">\u003Cdiv data-v-278ca9f1=\"\" class=\"active close\">\u003C/div>\u003Cdiv data-v-278ca9f1=\"\" id=\"v-step-Control\" class=\"el-tooltip item\" aria-describedby=\"el-tooltip-7534\" tabindex=\"0\">\u003Cimg data-v-278ca9f1=\"\" src=\"/static/images/desktop/Control_panel.svg?v=7.0\">\u003C!---->\u003C!---->\u003C/div>\u003C/div>\u003C/div>\u003Cdiv data-v-278ca9f1=\"\" class=\"app-item draggable\">\u003Cdiv data-v-278ca9f1=\"\" class=\"item-box\" data-type=\"navigate_system_app\" data-position=\"navigate\" data-id=\"Market\" data-path=\"/app/index/\">\u003Cdiv data-v-278ca9f1=\"\" class=\"active close\">\u003C/div>\u003Cdiv data-v-278ca9f1=\"\" id=\"v-step-Market\" class=\"el-tooltip item\" aria-describedby=\"el-tooltip-9425\" tabindex=\"0\">\u003Cimg data-v-278ca9f1=\"\" src=\"/static/images/desktop/app_store.svg?v=7.0\">\u003C!---->\u003Cspan data-v-278ca9f1=\"\" class=\"navigate__content warning\">1\u003C/span>\u003C/div>\u003C/div>\u003C/div>\u003Cdiv data-v-278ca9f1=\"\" class=\"app-item draggable\">\u003Cdiv data-v-278ca9f1=\"\" class=\"item-box\" data-type=\"terminal\" data-position=\"navigate\" data-id=\"terminal\" data-path=\"/terminal\">\u003Cdiv data-v-278ca9f1=\"\" class=\"active close\">\u003C/div>\u003Cdiv data-v-278ca9f1=\"\" id=\"v-step-terminal\" class=\"el-tooltip item\" aria-describedby=\"el-tooltip-1576\" tabindex=\"0\">\u003Cimg data-v-278ca9f1=\"\" src=\"/static/images/desktop/Terminal.svg?v=7.0\">\u003C!---->\u003C!---->\u003C/div>\u003C/div>\u003C/div>\u003Cdiv data-v-278ca9f1=\"\" class=\"app-item draggable\">\u003Cdiv data-v-278ca9f1=\"\" class=\"item-box\" data-type=\"navigate_app\" data-position=\"navigate\" data-id=\"openclaw\" data-path=\"/openclaw/\">\u003Cdiv data-v-278ca9f1=\"\" class=\"active close\">\u003C/div>\u003Cdiv data-v-278ca9f1=\"\" id=\"v-step-openclaw\" class=\"el-tooltip item\" aria-describedby=\"el-tooltip-4779\" tabindex=\"0\">\u003Cimg data-v-278ca9f1=\"\" src=\"https://app.terra-master.com/images/tos7/x86_64/openclaw/0.0.109/openclaw.svg?v=7.0\">\u003Cdiv data-v-278ca9f1=\"\" class=\"beta\"> Beta \u003C/div>\u003C!---->\u003C/div>\u003C/div>\u003C/div>\u003Cdiv data-v-278ca9f1=\"\" class=\"app-item draggable\">\u003Cdiv data-v-278ca9f1=\"\" class=\"item-box\" data-type=\"navigate_system_app\" data-position=\"navigate\" data-id=\"allApp\" data-path=\"/allApp\">\u003Cdiv data-v-278ca9f1=\"\" class=\"active close\">\u003C/div>\u003Cdiv data-v-278ca9f1=\"\" id=\"v-step-allApp\" class=\"el-tooltip item\" aria-describedby=\"el-tooltip-2462\" tabindex=\"0\">\u003Cimg data-v-278ca9f1=\"\" src=\"/static/images/desktop/all_app.svg?v=7.0\">\u003C!---->\u003C!---->\u003C/div>\u003C/div>\u003C/div>\u003Cdiv data-v-278ca9f1=\"\" class=\"app-item draggable\">\u003Cdiv data-v-278ca9f1=\"\" class=\"item-box\" data-type=\"navigate_system_app\" data-position=\"navigate\" data-id=\"StorageManager\" data-path=\"/StorageManager/\">\u003Cdiv data-v-278ca9f1=\"\" class=\"active close\">\u003C/div>\u003Cdiv data-v-278ca9f1=\"\" id=\"v-step-StorageManager\" class=\"el-tooltip item\" aria-describedby=\"el-tooltip-641\" tabindex=\"0\">\u003Cimg data-v-278ca9f1=\"\" src=\"/static/images/storage_manager/Storage.svg?v=7.0\">\u003C!---->\u003C!---->\u003C/div>\u003C/div>\u003C/div>\u003Cdiv data-v-278ca9f1=\"\" class=\"app-item draggable\">\u003Cdiv data-v-278ca9f1=\"\" class=\"item-box\" data-type=\"navigate_app\" data-position=\"navigate\" data-id=\"docker\" data-path=\"/docker/\">\u003Cdiv data-v-278ca9f1=\"\" class=\"active close\">\u003C/div>\u003Cdiv data-v-278ca9f1=\"\" id=\"v-step-docker\" class=\"el-tooltip item\" aria-describedby=\"el-tooltip-698\" tabindex=\"0\">\u003Cimg data-v-278ca9f1=\"\" src=\"/static/images/desktop/docker.svg?v=7.0\">\u003C!---->\u003C!---->\u003C/div>\u003C/div>\u003C/div>\u003Cdiv data-v-278ca9f1=\"\" class=\"app-item draggable\">\u003Cdiv data-v-278ca9f1=\"\" class=\"item-box\" data-type=\"navigate_app\" data-position=\"navigate\" data-id=\"jellyfin\" data-path=\"/jellyfin/\">\u003Cdiv data-v-278ca9f1=\"\" class=\"active close\">\u003C/div>\u003Cdiv data-v-278ca9f1=\"\" id=\"v-step-jellyfin\" class=\"el-tooltip item\" aria-describedby=\"el-tooltip-1790\" tabindex=\"0\">\u003Cimg data-v-278ca9f1=\"\" src=\"/static/images/desktop/jellyfin.svg?v=7.0\">\u003C!---->\u003C!---->\u003C/div>\u003C/div>\u003C/div>\u003C/div>\u003C/div>\u003Cdiv data-v-5bce1a4c=\"\" class=\"tos-main-apps\" data-type=\"desktop\" data-position=\"desktop\">\u003Cdiv data-v-5bce1a4c=\"\" element-loading-custom-class=\"desktopMask\" class=\"desktop_icons\" data-type=\"desktop\" data-position=\"desktop\" style=\"user-select: none;\">\u003Cdiv data-v-5bce1a4c=\"\" title=\"文件管理\" dragselecttype=\"filemanage.oexe\" dragselectid=\"oexe\" class=\"tos-app draggable\" data-id=\"filemanage\" data-type=\"desktop_sys_app\" data-volumepath=\"\" data-path=\"/fileManage/index/\" data-name=\"filemanage.oexe\" data-drag=\"/fileManage/index/?oexe\" data-icon=\"/static/images/desktop/folder.svg\" data-label=\"file_manager,file_manager\" data-position=\"desktop\" data-f_type=\"oexe\">\u003Cdiv data-v-5bce1a4c=\"\" class=\"tos-icon\">\u003Cimg data-v-5bce1a4c=\"\" src=\"/static/images/desktop/folder.svg\">\u003C!---->\u003C!---->\u003C/div>\u003Cdiv data-v-5bce1a4c=\"\" class=\"tos-title\">文件管理\u003C/div>\u003C!---->\u003Ci data-v-5bce1a4c=\"\">\u003C/i>\u003C/div>\u003Cdiv data-v-5bce1a4c=\"\" title=\"OpenClaw\" dragselecttype=\"openclaw.oexe\" dragselectid=\"iframe\" class=\"tos-app draggable\" data-id=\"openclaw\" data-type=\"desktop_sys_app\" data-volumepath=\"\" data-path=\"/openclaw/\" data-name=\"openclaw.oexe\" data-drag=\"/openclaw/?iframe\" data-icon=\"https://app.terra-master.com/images/tos7/x86_64/openclaw/0.0.109/openclaw.svg\" data-label=\"OpenClaw\" data-position=\"desktop\" data-f_type=\"oexe\">\u003Cdiv data-v-5bce1a4c=\"\" class=\"tos-icon\">\u003Cimg data-v-5bce1a4c=\"\" src=\"https://app.terra-master.com/images/tos7/x86_64/openclaw/0.0.109/openclaw.svg\">\u003Cdiv data-v-5bce1a4c=\"\" class=\"beta\"> Beta \u003C/div>\u003C!---->\u003C/div>\u003Cdiv data-v-5bce1a4c=\"\" class=\"tos-title\">OpenClaw\u003C/div>\u003C!---->\u003Ci data-v-5bce1a4c=\"\">\u003C/i>\u003C/div>\u003Cdiv data-v-5bce1a4c=\"\" title=\"安全顾问\" dragselecttype=\"security_scanning.oexe\" dragselectid=\"oexe\" class=\"tos-app draggable\" data-id=\"security_scanning\" data-type=\"desktop_sys_app\" data-volumepath=\"\" data-path=\"/security_scanning\" data-name=\"security_scanning.oexe\" data-drag=\"/security_scanning?oexe\" data-icon=\"/static/images/desktop/Safety_Guidance.svg\" data-label=\"file_manager,security_guidance\" data-position=\"desktop\" data-f_type=\"oexe\">\u003Cdiv data-v-5bce1a4c=\"\" class=\"tos-icon\">\u003Cimg data-v-5bce1a4c=\"\" src=\"/static/images/desktop/Safety_Guidance.svg\">\u003C!---->\u003C!---->\u003C/div>\u003Cdiv data-v-5bce1a4c=\"\" class=\"tos-title\">安全顾问\u003C/div>\u003C!---->\u003Ci data-v-5bce1a4c=\"\">\u003C/i>\u003C/div>\u003Cdiv data-v-5bce1a4c=\"\" title=\"终端\" dragselecttype=\"terminal.oexe\" dragselectid=\"oexe\" class=\"tos-app draggable\" data-id=\"terminal\" data-type=\"terminal\" data-volumepath=\"\" data-path=\"/terminal\" data-name=\"terminal.oexe\" data-drag=\"/terminal?oexe\" data-icon=\"/static/images/desktop/Terminal.svg\" data-label=\"app_store,terminal\" data-position=\"desktop\" data-f_type=\"oexe\">\u003Cdiv data-v-5bce1a4c=\"\" class=\"tos-icon\">\u003Cimg data-v-5bce1a4c=\"\" src=\"/static/images/desktop/Terminal.svg\">\u003C!---->\u003C!---->\u003C/div>\u003Cdiv data-v-5bce1a4c=\"\" class=\"tos-title\">终端\u003C/div>\u003C!---->\u003Ci data-v-5bce1a4c=\"\">\u003C/i>\u003C/div>\u003Cdiv data-v-5bce1a4c=\"\" title=\"TOS API/CLI/Skill 测试工具\" dragselecttype=\"tos_api_cli_tester.oexe\" dragselectid=\"oexe\" class=\"tos-app draggable\" data-id=\"tos_api_cli_tester\" data-type=\"desktop_app\" data-volumepath=\"\" data-path=\"/tos_api_cli_tester/\" data-name=\"tos_api_cli_tester.oexe\" data-drag=\"/tos_api_cli_tester/?oexe\" data-icon=\"/images/icons/tos_api_cli_tester.svg?modificationTime=1779634346\" data-label=\"TOS API/CLI/Skill 测试工具\" data-position=\"desktop\" data-f_type=\"oexe\">\u003Cdiv data-v-5bce1a4c=\"\" class=\"tos-icon\">\u003Cimg data-v-5bce1a4c=\"\" src=\"/images/icons/tos_api_cli_tester.svg?modificationTime=1779634346\">\u003C!---->\u003C!---->\u003C/div>\u003Cdiv data-v-5bce1a4c=\"\" class=\"tos-title\">TOS API/CLI/Skill 测试工具\u003C/div>\u003C!---->\u003Ci data-v-5bce1a4c=\"\">\u003C/i>\u003C/div>\u003Cdiv data-v-5bce1a4c=\"\" title=\"Docker Manager\" dragselecttype=\"docker.oexe\" dragselectid=\"oexe\" class=\"tos-app draggable\" data-id=\"docker\" data-type=\"desktop_sys_app\" data-volumepath=\"\" data-path=\"/docker/\" data-name=\"docker.oexe\" data-drag=\"/docker/?oexe\" data-icon=\"/static/images/desktop/docker.svg\" data-label=\"Docker Manager\" data-position=\"desktop\" data-f_type=\"oexe\">\u003Cdiv data-v-5bce1a4c=\"\" class=\"tos-icon\">\u003Cimg data-v-5bce1a4c=\"\" src=\"/static/images/desktop/docker.svg\">\u003C!---->\u003C!---->\u003C/div>\u003Cdiv data-v-5bce1a4c=\"\" class=\"tos-title\">Docker Manager\u003C/div>\u003C!---->\u003Ci data-v-5bce1a4c=\"\">\u003C/i>\u003C/div>\u003Cdiv data-v-5bce1a4c=\"\" class=\"adnanced\">\u003Cdiv data-v-5bce1a4c=\"\" class=\"backdrop\">\u003C!---->\u003C/div>\u003Cdiv data-v-5bce1a4c=\"\" class=\"backdrop\">\u003C!---->\u003C/div>\u003C/div>\u003Cdiv data-v-29022a20=\"\" data-v-e92f5592=\"\" data-v-5bce1a4c=\"\" class=\"popup-wrap popup-fitheight-wrap client-recommend-popup\">\u003C!---->\u003Cdiv data-v-29022a20=\"\" class=\"popup-mark\" style=\"display: none;\">\u003C/div>\u003C/div>\u003C!---->\u003C!---->\u003C!---->\u003C!---->\u003C!---->\u003C!---->\u003C!---->\u003C!---->\u003C!---->\u003C!---->\u003C!---->\u003C!---->\u003C!---->\u003C!---->\u003C!---->\u003C!---->\u003Cdiv data-v-2dc12ca0=\"\" data-v-5bce1a4c=\"\" class=\"x-dialog-user_setting\">\u003C!---->\u003C!---->\u003Cdiv data-v-2dc12ca0=\"\" class=\"tos-dialog\" style=\"width: 1180px; height: 680px; top: 22px; left: 145px; z-index: 5000;\">\u003Cdiv data-v-4e0a48fd=\"\" data-v-2dc12ca0=\"\" class=\"tos-dialog-header-wrapper\">\u003Cdiv data-v-4e0a48fd=\"\" class=\"tos-dialog-header\">\u003Cdiv data-v-4e0a48fd=\"\" class=\"tos-dialog-header-icon\" style=\"background-image: url(&quot;/static/images/global/Settings.svg&quot;);\">\u003C/div>\u003Cdiv data-v-4e0a48fd=\"\" class=\"tos-dialog-header-title\">\u003Cspan data-v-4e0a48fd=\"\">用户设置\u003C/span>\u003C/div>\u003C/div>\u003C/div>\u003Cdiv data-v-3936db59=\"\" data-v-2dc12ca0=\"\" class=\"tos-dialog-menu\">\u003Cdiv data-v-3936db59=\"\" class=\"tos-dialog-move\">\u003C/div>\u003C!---->\u003C!---->\u003Cdiv data-v-3936db59=\"\" title=\"关闭\" class=\"tos-button-close\">\u003Ci data-v-3936db59=\"\" class=\"iconfont iconReject\">\u003C/i>\u003C/div>\u003C/div>\u003Cdiv data-v-2dc12ca0=\"\" class=\"tos-dialog-resize-top\">\u003C/div>\u003Cdiv data-v-2dc12ca0=\"\" class=\"tos-dialog-resize-right\">\u003C/div>\u003Cdiv data-v-2dc12ca0=\"\" class=\"tos-dialog-resize-bottom\">\u003C/div>\u003Cdiv data-v-2dc12ca0=\"\" class=\"tos-dialog-resize-left\">\u003C/div>\u003Cdiv data-v-2dc12ca0=\"\" class=\"tos-dialog-resize-top-right\">\u003C/div>\u003Cdiv data-v-2dc12ca0=\"\" class=\"tos-dialog-resize-bottom-right\">\u003Ci data-v-2dc12ca0=\"\" class=\"iconfont iconresize_corner\">\u003C/i>\u003C/div>\u003Cdiv data-v-2dc12ca0=\"\" class=\"tos-dialog-resize-top-left\">\u003C/div>\u003Cdiv data-v-2dc12ca0=\"\" class=\"tos-dialog-resize-bottom-left\">\u003C/div>\u003C!---->\u003Cdiv data-v-2dc12ca0=\"\" class=\"tos-dialog-wrap\" style=\"height: 680px; flex: unset;\">\u003C!---->\u003C!---->\u003C!---->\u003C!---->\u003Cdiv data-v-67f4a501=\"\" data-v-2dc12ca0=\"\" class=\"tos-dialog-left\" type=\"user_setting\" main-id=\"user_setting\" style=\"width: 220px;\" event-emitter=\"function () { [native code] }\" watcherchange=\"true\">\u003Cdiv data-v-67f4a501=\"\" class=\"tos-dialog-left-resize\">\u003C/div>\u003Cdiv data-v-67f4a501=\"\" class=\"tos-dialog-content\">\u003Cdiv data-v-71072b9c=\"\" data-v-67f4a501=\"\" type=\"user_setting\" main-id=\"user_setting\" event-emitter=\"function () { [native code] }\" watcherchange=\"true\">\u003C!---->\u003Cdiv data-v-71072b9c=\"\" class=\"tab\" style=\"top: 0px;\">\u003Cdiv data-v-71072b9c=\"\" class=\"el-scrollbar\">\u003Cdiv class=\"el-scrollbar__wrap\" style=\"margin-bottom: -8px; margin-right: -8px;\">\u003Cdiv class=\"el-scrollbar__view\">\u003Cdiv data-v-71072b9c=\"\" class=\"activetag\" style=\"top: 5px;\">\u003C/div>\u003Cul data-v-71072b9c=\"\">\u003Cli data-v-71072b9c=\"\" data-id=\"setting_user\" class=\"tab-list\">\u003Cspan data-v-71072b9c=\"\" class=\"tab-list-iconfont\">\u003Ci data-v-71072b9c=\"\" class=\"iconfont iconuesr_set_account\">\u003C/i>\u003C/span>\u003Cspan data-v-71072b9c=\"\" title=\"账号\" class=\"tab-list-title\">账号\u003C/span>\u003C!---->\u003C/li>\u003Cli data-v-71072b9c=\"\" data-id=\"wall\" class=\"tab-list\">\u003Cspan data-v-71072b9c=\"\" class=\"tab-list-iconfont\">\u003Ci data-v-71072b9c=\"\" class=\"iconfont iconuesr_set_display\">\u003C/i>\u003C/span>\u003Cspan data-v-71072b9c=\"\" title=\"显示\" class=\"tab-list-title\">显示\u003C/span>\u003C!---->\u003C/li>\u003C/ul>\u003C/div>\u003C/div>\u003Cdiv class=\"el-scrollbar__bar is-horizontal\">\u003Cdiv class=\"el-scrollbar__thumb\" style=\"transform: translateX(0%);\">\u003C/div>\u003C/div>\u003Cdiv class=\"el-scrollbar__bar is-vertical\">\u003Cdiv class=\"el-scrollbar__thumb\" style=\"transform: translateY(0%);\">\u003C/div>\u003C/div>\u003C/div>\u003C/div>\u003C/div>\u003C/div>\u003C/div>\u003Cdiv data-v-2dc12ca0=\"\" class=\"tos-dialog-frame user_setting\">\u003Cdiv data-v-2dc12ca0=\"\" class=\"tos-dialog-content\">\u003Cdiv data-v-532628a3=\"\" data-v-2dc12ca0=\"\" class=\"tos-tabIndex-layout\" type=\"user_setting\" path=\"\" dialogstyle=\"[object Object]\" open-id=\"user_setting\" title-name=\"账号\" detail=\"[object Object]\">\u003Cdiv data-v-532628a3=\"\" class=\"tos-tabIndex-body\">\u003Cdiv data-v-5b7c7069=\"\" data-v-532628a3=\"\" class=\"tos-tab-layout\" type=\"user_setting\" path=\"\" dialogstyle=\"[object Object]\" open-id=\"user_setting\" title-name=\"账号\" detail=\"[object Object]\">\u003Cdiv data-v-12fd7ed6=\"\" data-v-5b7c7069=\"\" class=\"tab-slider\">\u003Cdiv data-v-12fd7ed6=\"\" class=\"tab-slider-item\" style=\"color: var(--compoents-tabSlider-color); padding-left: 0px;\"> 用户信息 \u003C/div>\u003Cdiv data-v-12fd7ed6=\"\" class=\"tab-slider-item\"> 账号安全 \u003C/div>\u003Cdiv data-v-12fd7ed6=\"\" class=\"tab-slider-item\"> 其它 \u003C/div>\u003Cspan data-v-12fd7ed6=\"\" class=\"tab-slider-bar\" style=\"left: 12px; width: 32px;\">\u003C/span>\u003C/div>\u003Cdiv data-v-5b7c7069=\"\" class=\"tos-tab-body\">\u003Cdiv data-v-12d3e104=\"\" data-v-5b7c7069=\"\" class=\"user-info\">\u003Cdiv data-v-12d3e104=\"\" class=\"choose-image\">\u003Cdiv data-v-12d3e104=\"\" class=\"imgbox\">\u003Cdiv data-v-12d3e104=\"\" alt=\"\" style=\"background-image: url(&quot;img/avatar.d1c21810.svg?v=1780503475898&quot;); max-width: 100%; height: 100%; background-size: cover;\">\u003C/div>\u003Ci data-v-12d3e104=\"\" class=\"iconfont iconEdit\">\u003C/i>\u003C/div>\u003Cdiv data-v-12d3e104=\"\" class=\"user-info-name\">\u003Cdiv data-v-12d3e104=\"\" style=\"font-weight: 700;\">test\u003C/div>\u003Cdiv data-v-12d3e104=\"\">超级用户\u003C/div>\u003C/div>\u003C/div>\u003Cdiv data-v-108c19fc=\"\" data-v-12d3e104=\"\" class=\"x-customLine custom-row userselect-text\" style=\"margin-left: 0px; width: 100%;\">\u003Cdiv data-v-108c19fc=\"\" class=\"row-label\" style=\"margin-right: 0px;\">\u003Cdiv data-v-108c19fc=\"\" class=\"row-space\" style=\"width: 0px;\">\u003C/div>\u003Clabel data-v-108c19fc=\"\" for=\"描述\" style=\"cursor: initial;\">\u003C!---->\u003Cp data-v-108c19fc=\"\">描述\u003C/p>\u003C/label>\u003Cdiv data-v-108c19fc=\"\" class=\"reference\">\u003C!---->\u003C/div>\u003C/div>\u003Cdiv data-v-108c19fc=\"\" class=\"row-value userselect-text html\">\u003Cdiv data-v-3f8ba0f9=\"\" data-v-12d3e104=\"\" class=\"x-input\" data-v-108c19fc=\"\">\u003Cdiv data-v-3f8ba0f9=\"\" class=\"Xinput\">\u003Cinput data-v-3f8ba0f9=\"\" type=\"file\" accept=\"*\" style=\"display: none;\">\u003Cinput data-v-3f8ba0f9=\"\" type=\"text\" id=\"0.6239547876844607\" placeholder=\"\" maxlength=\"-1\" tabindex=\"0\" class=\"Xinput-input__inner\" style=\"padding-right: 32px;\">\u003Cdiv data-v-3f8ba0f9=\"\" class=\"suffixBox\">\u003Ci data-v-3f8ba0f9=\"\" class=\"el-icon-error clear\">\u003C/i>\u003C!---->\u003C!---->\u003C!---->\u003C!---->\u003C/div>\u003C!---->\u003C/div>\u003Cdiv data-v-3f8ba0f9=\"\" data-v-227d9aec=\"\" style=\"overflow: hidden; width: 92%; display: none;\">\u003C!---->\u003C/div>\u003C/div>\u003C/div>\u003C/div>\u003Cdiv data-v-108c19fc=\"\" data-v-12d3e104=\"\" class=\"x-customLine custom-row userselect-text\" style=\"margin-left: 0px; width: 100%;\">\u003Cdiv data-v-108c19fc=\"\" class=\"row-label\" style=\"margin-right: 0px;\">\u003Cdiv data-v-108c19fc=\"\" class=\"row-space\" style=\"width: 0px;\">\u003C/div>\u003Clabel data-v-108c19fc=\"\" for=\"密码\" style=\"cursor: initial;\">\u003C!---->\u003Cp data-v-108c19fc=\"\">密码\u003C/p>\u003C/label>\u003Cdiv data-v-108c19fc=\"\" class=\"reference\">\u003C!---->\u003C/div>\u003C/div>\u003Cdiv data-v-108c19fc=\"\" class=\"row-value userselect-text html\">\u003Cdiv data-v-12d3e104=\"\" data-v-108c19fc=\"\" class=\"password-row\">\u003Cdiv data-v-3f8ba0f9=\"\" data-v-12d3e104=\"\" class=\"x-input\" data-v-108c19fc=\"\" style=\"flex: 1 1 0%;\">\u003Cdiv data-v-3f8ba0f9=\"\" class=\"Xinput\">\u003Cinput data-v-3f8ba0f9=\"\" type=\"file\" accept=\"*\" style=\"display: none;\">\u003Cinput data-v-3f8ba0f9=\"\" type=\"password\" id=\"0.5488037371081761\" placeholder=\"\" maxlength=\"-1\" tabindex=\"0\" disabled=\"disabled\" class=\"Xinput-input__inner fullWidth\" style=\"padding-right: 32px;\">\u003Cdiv data-v-3f8ba0f9=\"\" class=\"suffixBox\">\u003Ci data-v-3f8ba0f9=\"\" class=\"el-icon-error clear\">\u003C/i>\u003C!---->\u003C!---->\u003C!---->\u003C!---->\u003C/div>\u003C!---->\u003C/div>\u003Cdiv data-v-3f8ba0f9=\"\" data-v-227d9aec=\"\" style=\"overflow: hidden; width: 92%; display: none;\">\u003C!---->\u003C/div>\u003C/div>\u003Cdiv data-v-569b348b=\"\" data-v-12d3e104=\"\" class=\"button-box\" data-v-108c19fc=\"\">\u003Cbutton data-v-569b348b=\"\" class=\"el-tooltip button white\" aria-describedby=\"el-tooltip-1554\" tabindex=\"0\">\u003C!---->\u003Ci data-v-569b348b=\"\" class=\"onlyIcon iconfont iconEdit\">\u003C/i>\u003C/button>\u003C/div>\u003C/div>\u003Cdiv data-v-12d3e104=\"\" data-v-108c19fc=\"\">\u003C/div>\u003C/div>\u003C/div>\u003Cdiv data-v-108c19fc=\"\" data-v-12d3e104=\"\" class=\"x-customLine custom-row userselect-text\" style=\"margin-left: 0px; width: 100%;\">\u003Cdiv data-v-108c19fc=\"\" class=\"row-label\" style=\"margin-right: 0px;\">\u003Cdiv data-v-108c19fc=\"\" class=\"row-space\" style=\"width: 0px;\">\u003C/div>\u003Clabel data-v-108c19fc=\"\" for=\"密保邮箱\" style=\"cursor: initial;\">\u003C!---->\u003Cp data-v-108c19fc=\"\">密保邮箱\u003C/p>\u003C/label>\u003Cdiv data-v-108c19fc=\"\" class=\"reference\">\u003C!---->\u003C/div>\u003C/div>\u003Cdiv data-v-108c19fc=\"\" class=\"row-value userselect-text html\">\u003Cdiv data-v-3f8ba0f9=\"\" data-v-12d3e104=\"\" class=\"x-input\" data-v-108c19fc=\"\">\u003Cdiv data-v-3f8ba0f9=\"\" class=\"Xinput\">\u003Cinput data-v-3f8ba0f9=\"\" type=\"file\" accept=\"*\" style=\"display: none;\">\u003Cinput data-v-3f8ba0f9=\"\" type=\"text\" id=\"0.6717058717293728\" placeholder=\"\" maxlength=\"-1\" tabindex=\"0\" class=\"Xinput-input__inner\" style=\"padding-right: 32px;\">\u003Cdiv data-v-3f8ba0f9=\"\" class=\"suffixBox\">\u003Ci data-v-3f8ba0f9=\"\" class=\"el-icon-error clear\">\u003C/i>\u003C!---->\u003C!---->\u003C!---->\u003C!---->\u003C/div>\u003C!---->\u003C/div>\u003Cdiv data-v-3f8ba0f9=\"\" data-v-227d9aec=\"\" style=\"overflow: hidden; width: 92%; display: none;\">\u003C!---->\u003C/div>\u003C/div>\u003C/div>\u003C/div>\u003Cdiv data-v-108c19fc=\"\" data-v-12d3e104=\"\" class=\"x-customLine custom-row userselect-text\" style=\"margin-left: 0px; width: 100%;\">\u003Cdiv data-v-108c19fc=\"\" class=\"row-label\" style=\"margin-right: 0px;\">\u003Cdiv data-v-108c19fc=\"\" class=\"row-space\" style=\"width: 0px;\">\u003C/div>\u003Clabel data-v-108c19fc=\"\" for=\"电话号码\" style=\"cursor: initial;\">\u003C!---->\u003Cp data-v-108c19fc=\"\">电话号码\u003C/p>\u003C/label>\u003Cdiv data-v-108c19fc=\"\" class=\"reference\">\u003C!---->\u003C/div>\u003C/div>\u003Cdiv data-v-108c19fc=\"\" class=\"row-value userselect-text html\">\u003Cdiv data-v-3f8ba0f9=\"\" data-v-12d3e104=\"\" class=\"x-input\" data-v-108c19fc=\"\">\u003Cdiv data-v-3f8ba0f9=\"\" class=\"Xinput\">\u003Cinput data-v-3f8ba0f9=\"\" type=\"file\" accept=\"*\" style=\"display: none;\">\u003Cinput data-v-3f8ba0f9=\"\" type=\"text\" id=\"0.46857779821914736\" placeholder=\"\" maxlength=\"-1\" tabindex=\"0\" class=\"Xinput-input__inner\" style=\"padding-right: 32px;\">\u003Cdiv data-v-3f8ba0f9=\"\" class=\"suffixBox\">\u003Ci data-v-3f8ba0f9=\"\" class=\"el-icon-error clear\">\u003C/i>\u003C!---->\u003C!---->\u003C!---->\u003C!---->\u003C/div>\u003C!---->\u003C/div>\u003Cdiv data-v-3f8ba0f9=\"\" data-v-227d9aec=\"\" style=\"overflow: hidden; width: 92%; display: none;\">\u003C!---->\u003C/div>\u003C/div>\u003C/div>\u003C/div>\u003Cdiv data-v-108c19fc=\"\" data-v-12d3e104=\"\" class=\"x-customLine custom-row userselect-text\" style=\"margin-left: 0px; width: 100%;\">\u003Cdiv data-v-108c19fc=\"\" class=\"row-label\" style=\"margin-right: 0px;\">\u003Cdiv data-v-108c19fc=\"\" class=\"row-space\" style=\"width: 0px;\">\u003C/div>\u003Clabel data-v-108c19fc=\"\" for=\"存储配额\" style=\"cursor: initial;\">\u003C!---->\u003Cp data-v-108c19fc=\"\">存储配额\u003C/p>\u003C/label>\u003Cdiv data-v-108c19fc=\"\" class=\"reference\">\u003C!---->\u003C/div>\u003C/div>\u003Cdiv data-v-108c19fc=\"\" class=\"row-value userselect-text html\">\u003Cdiv data-v-12d3e104=\"\" data-v-108c19fc=\"\" style=\"width: 92%; line-height: 30px; white-space: nowrap; overflow: hidden; text-overflow: ellipsis;\">\u003Cspan data-v-12d3e104=\"\" class=\"el-tooltip\" data-v-108c19fc=\"\" aria-describedby=\"el-tooltip-6558\" tabindex=\"0\">无限制\u003C/span>\u003C/div>\u003C/div>\u003C/div>\u003Cdiv data-v-108c19fc=\"\" data-v-12d3e104=\"\" class=\"x-customLine custom-row userselect-text\" style=\"margin-left: 0px; width: 100%;\">\u003Cdiv data-v-108c19fc=\"\" class=\"row-label\" style=\"margin-right: 0px;\">\u003Cdiv data-v-108c19fc=\"\" class=\"row-space\" style=\"width: 0px;\">\u003C/div>\u003Clabel data-v-108c19fc=\"\" for=\"语言\" style=\"cursor: initial;\">\u003C!---->\u003Cp data-v-108c19fc=\"\">语言\u003C/p>\u003C/label>\u003Cdiv data-v-108c19fc=\"\" class=\"reference\">\u003C!---->\u003C/div>\u003C/div>\u003Cdiv data-v-108c19fc=\"\" class=\"row-value userselect-text html\">\u003Cdiv data-v-9d53b1da=\"\" data-v-12d3e104=\"\" class=\"select x-select\" data-v-108c19fc=\"\">\u003Cdiv data-v-9d53b1da=\"\" class=\"select-mask\" style=\"cursor: pointer;\">\u003C/div>\u003Cinput data-v-9d53b1da=\"\" type=\"text\" readonly=\"readonly\" class=\"TosInput\">\u003Cinput data-v-9d53b1da=\"\" autocomplete=\"new-password\" type=\"text\" class=\"TosInput\" style=\"display: none;\">\u003Ci data-v-9d53b1da=\"\" class=\"el-icon-arrow-down TosEdge\">\u003C/i>\u003C!---->\u003Cdiv data-v-9d53b1da=\"\" data-v-227d9aec=\"\" class=\"TosItems selectUp\" style=\"display: none;\">\u003Cdiv data-v-9d53b1da=\"\" class=\"tos-select-item\" style=\"height: 462px; max-height: 206px;\">\u003Cdiv data-v-9d53b1da=\"\" class=\"el-scrollbar\">\u003Cdiv class=\"el-scrollbar__wrap\" style=\"margin-bottom: -8px; margin-right: -8px;\">\u003Cdiv class=\"el-scrollbar__view\">\u003Cdiv data-v-9d53b1da=\"\" title=\"English\" class=\"dd\">\u003Cdiv data-v-9d53b1da=\"\" class=\"first_name\">\u003C!---->\u003C!---->\u003Cspan data-v-9d53b1da=\"\">English\u003C/span>\u003C/div>\u003C!---->\u003C/div>\u003Cdiv data-v-9d53b1da=\"\" title=\"Deutsch\" class=\"dd\">\u003Cdiv data-v-9d53b1da=\"\" class=\"first_name\">\u003C!---->\u003C!---->\u003Cspan data-v-9d53b1da=\"\">Deutsch\u003C/span>\u003C/div>\u003C!---->\u003C/div>\u003Cdiv data-v-9d53b1da=\"\" title=\"Français\" class=\"dd\">\u003Cdiv data-v-9d53b1da=\"\" class=\"first_name\">\u003C!---->\u003C!---->\u003Cspan data-v-9d53b1da=\"\">Français\u003C/span>\u003C/div>\u003C!---->\u003C/div>\u003Cdiv data-v-9d53b1da=\"\" title=\"Español\" class=\"dd\">\u003Cdiv data-v-9d53b1da=\"\" class=\"first_name\">\u003C!---->\u003C!---->\u003Cspan data-v-9d53b1da=\"\">Español\u003C/span>\u003C/div>\u003C!---->\u003C/div>\u003Cdiv data-v-9d53b1da=\"\" title=\"Italiano\" class=\"dd\">\u003Cdiv data-v-9d53b1da=\"\" class=\"first_name\">\u003C!---->\u003C!---->\u003Cspan data-v-9d53b1da=\"\">Italiano\u003C/span>\u003C/div>\u003C!---->\u003C/div>\u003Cdiv data-v-9d53b1da=\"\" title=\"Magyar\" class=\"dd\">\u003Cdiv data-v-9d53b1da=\"\" class=\"first_name\">\u003C!---->\u003C!---->\u003Cspan data-v-9d53b1da=\"\">Magyar\u003C/span>\u003C/div>\u003C!---->\u003C/div>\u003Cdiv data-v-9d53b1da=\"\" title=\"Polski\" class=\"dd\">\u003Cdiv data-v-9d53b1da=\"\" class=\"first_name\">\u003C!---->\u003C!---->\u003Cspan data-v-9d53b1da=\"\">Polski\u003C/span>\u003C/div>\u003C!---->\u003C/div>\u003Cdiv data-v-9d53b1da=\"\" title=\"Türkçe\" class=\"dd\">\u003Cdiv data-v-9d53b1da=\"\" class=\"first_name\">\u003C!---->\u003C!---->\u003Cspan data-v-9d53b1da=\"\">Türkçe\u003C/span>\u003C/div>\u003C!---->\u003C/div>\u003Cdiv data-v-9d53b1da=\"\" title=\"Россия\" class=\"dd\">\u003Cdiv data-v-9d53b1da=\"\" class=\"first_name\">\u003C!---->\u003C!---->\u003Cspan data-v-9d53b1da=\"\">Россия\u003C/span>\u003C/div>\u003C!---->\u003C/div>\u003Cdiv data-v-9d53b1da=\"\" title=\"Português\" class=\"dd\">\u003Cdiv data-v-9d53b1da=\"\" class=\"first_name\">\u003C!---->\u003C!---->\u003Cspan data-v-9d53b1da=\"\">Português\u003C/span>\u003C/div>\u003C!---->\u003C/div>\u003Cdiv data-v-9d53b1da=\"\" title=\"简体中文\" class=\"dd selected\">\u003Cdiv data-v-9d53b1da=\"\" class=\"first_name\">\u003C!---->\u003C!---->\u003Cspan data-v-9d53b1da=\"\">简体中文\u003C/span>\u003C/div>\u003C!---->\u003C/div>\u003Cdiv data-v-9d53b1da=\"\" title=\"繁體中文\" class=\"dd\">\u003Cdiv data-v-9d53b1da=\"\" class=\"first_name\">\u003C!---->\u003C!---->\u003Cspan data-v-9d53b1da=\"\">繁體中文\u003C/span>\u003C/div>\u003C!---->\u003C/div>\u003Cdiv data-v-9d53b1da=\"\" title=\"日本語\" class=\"dd\">\u003Cdiv data-v-9d53b1da=\"\" class=\"first_name\">\u003C!---->\u003C!---->\u003Cspan data-v-9d53b1da=\"\">日本語\u003C/span>\u003C/div>\u003C!---->\u003C/div>\u003Cdiv data-v-9d53b1da=\"\" title=\"한국어\" class=\"dd\">\u003Cdiv data-v-9d53b1da=\"\" class=\"first_name\">\u003C!---->\u003C!---->\u003Cspan data-v-9d53b1da=\"\">한국어\u003C/span>\u003C/div>\u003C!---->\u003C/div>\u003C!---->\u003C/div>\u003C/div>\u003Cdiv class=\"el-scrollbar__bar is-horizontal\">\u003Cdiv class=\"el-scrollbar__thumb\" style=\"transform: translateX(0%);\">\u003C/div>\u003C/div>\u003Cdiv class=\"el-scrollbar__bar is-vertical\">\u003Cdiv class=\"el-scrollbar__thumb\" style=\"transform: translateY(0%);\">\u003C/div>\u003C/div>\u003C/div>\u003C/div>\u003C/div>\u003C/div>\u003C/div>\u003C/div>\u003Cdiv data-v-005a6e01=\"\" data-v-12d3e104=\"\">\u003C!---->\u003Cdiv data-v-005a6e01=\"\" class=\"enter-password-mark\" style=\"display: none;\">\u003C/div>\u003C/div>\u003C!---->\u003C/div>\u003C/div>\u003C/div>\u003C/div>\u003Cdiv data-v-1e7cdf90=\"\" data-v-532628a3=\"\" class=\"tos-button-box\" style=\"z-index: 0; height: 54px;\">\u003C!---->\u003Cdiv data-v-569b348b=\"\" data-v-532628a3=\"\" class=\"button-box\" data-v-1e7cdf90=\"\">\u003Cbutton data-v-569b348b=\"\" class=\"el-tooltip button emphasis\" aria-describedby=\"el-tooltip-9085\" tabindex=\"0\">\u003C!---->\u003Cspan data-v-569b348b=\"\">应用\u003C/span>\u003C/button>\u003C/div>\u003C/div>\u003C/div>\u003C/div>\u003C/div>\u003C!---->\u003C/div>\u003C!---->\u003Cdiv data-v-25221402=\"\" data-v-2dc12ca0=\"\" class=\"container\">\u003C!---->\u003C!---->\u003C/div>\u003Cdiv class=\"el-loading-mask el-loading-fade-enter el-loading-fade-enter-active\" style=\"\">\u003Cdiv class=\"el-loading-spinner\">\u003Ci class=\"circular\">\u003C/i>\u003C!---->\u003C/div>\u003C/div>\u003C/div>\u003C/div>\u003C!---->\u003C!---->\u003C!---->\u003C/div>\u003C!---->\u003C!---->\u003C/div>\u003Cdiv data-v-0f63345b=\"\" data-v-5bce1a4c=\"\" class=\"contextmenu\" style=\"left: 735px; top: 421px; display: block;\">\u003Cdiv data-v-69edd53c=\"\" data-v-0f63345b=\"\" class=\"x-contextmenu\" style=\"display: none;\">\u003Cul data-v-69edd53c=\"\" class=\"context-menu-list fadein\">\u003C/ul>\u003C/div>\u003C/div>\u003C!---->\u003C!---->\u003C!---->\u003C!---->\u003C!---->\u003Cdiv data-v-25221402=\"\" data-v-5bce1a4c=\"\" class=\"container\">\u003C!---->\u003C!---->\u003C/div>\u003C!---->\u003C/div>\u003Cdiv data-v-5bce1a4c=\"\" id=\"v-step-resouce-board\" class=\"resouce-board\" style=\"\">\u003Cdiv data-v-5bce1a4c=\"\" class=\"resouce-board-in backdrop_in\">\u003Ci data-v-5bce1a4c=\"\" class=\"el-tooltip iconfont icontosboard iconhover\" aria-describedby=\"el-tooltip-6199\" tabindex=\"0\">\u003C/i>\u003Ci data-v-5bce1a4c=\"\" class=\"el-tooltip iconfont iconNotifications iconhover\" aria-describedby=\"el-tooltip-725\" tabindex=\"0\">\u003C/i>\u003Ci data-v-5bce1a4c=\"\" class=\"el-tooltip iconfont iconSearch iconhover\" aria-describedby=\"el-tooltip-7239\" tabindex=\"0\">\u003C/i>\u003C!---->\u003C!---->\u003Ci data-v-5bce1a4c=\"\" class=\"el-tooltip iconfont iconmore_help-2 iconhover\" aria-describedby=\"el-tooltip-8868\" tabindex=\"0\">\u003C/i>\u003C!---->\u003C/div>\u003C/div>\u003Cdiv data-v-22f5521e=\"\" data-v-5bce1a4c=\"\" class=\"resource static\" style=\"right: -480px; top: 60px;\">\u003Cdiv data-v-22f5521e=\"\" class=\"fitHeight\">\u003Cdiv data-v-22f5521e=\"\" class=\"resource-header\">\u003Ch1 data-v-22f5521e=\"\" class=\"resource-title\">\u003Cdiv data-v-22f5521e=\"\" class=\"user_name\"> 您好，\u003Cspan data-v-22f5521e=\"\" class=\"username\">test\u003C/span>\u003C/div>\u003Cdiv data-v-22f5521e=\"\" class=\"features\">\u003Cdiv data-v-22f5521e=\"\" class=\"el-tooltip iconfont-container\" aria-describedby=\"el-tooltip-61\" tabindex=\"0\">\u003Ci data-v-22f5521e=\"\" class=\"iconfont iconPin\">\u003C/i>\u003C/div>\u003Cdiv data-v-22f5521e=\"\" class=\"el-tooltip iconfont-container\" aria-describedby=\"el-tooltip-5794\" tabindex=\"0\">\u003Ci data-v-22f5521e=\"\" class=\"iconfont iconrongqi1\">\u003C/i>\u003C/div>\u003C/div>\u003C/h1>\u003Cdiv data-v-22f5521e=\"\" class=\"resource-time\">\u003Cdiv data-v-22f5521e=\"\" class=\"time\">00:18 \u003C/div>\u003Cdiv data-v-22f5521e=\"\" class=\"date\">2026/06/04 星期四\u003C/div>\u003C/div>\u003C/div>\u003Cdiv data-v-22f5521e=\"\" class=\"el-scrollbar\">\u003Cdiv class=\"el-scrollbar__wrap\" style=\"margin-bottom: -8px; margin-right: -8px;\">\u003Cdiv class=\"el-scrollbar__view\">\u003Cdiv data-v-22f5521e=\"\" class=\"box\">\u003Cdiv data-v-22f5521e=\"\" class=\"vue-grid-layout\" style=\"height: 10px;\">\u003Cdiv class=\"vue-grid-item vue-grid-placeholder cssTransforms\" style=\"display: none; transform: translate3d(10px, 10px, 0px); width: 0px; height: 0px; position: absolute;\">\u003C!---->\u003C/div>\u003Cdiv class=\"erd_scroll_detection_container erd_scroll_detection_container_animation_active\" style=\"visibility: hidden; display: inline; width: 0px; height: 0px; z-index: -1; overflow: hidden; margin: 0px; padding: 0px;\">\u003Cdiv dir=\"ltr\" class=\"erd_scroll_detection_container\" style=\"position: absolute; flex: 0 0 auto; overflow: hidden; z-index: -1; visibility: hidden; width: 100%; height: 100%; left: 0px; top: 0px;\">\u003Cdiv class=\"erd_scroll_detection_container\" style=\"position: absolute; flex: 0 0 auto; overflow: hidden; z-index: -1; visibility: hidden; inset: -9px -8px -8px -9px;\">\u003Cdiv style=\"position: absolute; flex: 0 0 auto; overflow: scroll; z-index: -1; visibility: hidden; width: 100%; height: 100%;\">\u003Cdiv style=\"position: absolute; left: 0px; top: 0px; width: 427px; height: 37px;\">\u003C/div>\u003C/div>\u003Cdiv style=\"position: absolute; flex: 0 0 auto; overflow: scroll; z-index: -1; visibility: hidden; width: 100%; height: 100%;\">\u003Cdiv style=\"position: absolute; width: 200%; height: 200%;\">\u003C/div>\u003C/div>\u003C/div>\u003C/div>\u003C/div>\u003C/div>\u003C/div>\u003C/div>\u003C/div>\u003Cdiv class=\"el-scrollbar__bar is-horizontal\">\u003Cdiv class=\"el-scrollbar__thumb\" style=\"transform: translateX(0%);\">\u003C/div>\u003C/div>\u003Cdiv class=\"el-scrollbar__bar is-vertical\">\u003Cdiv class=\"el-scrollbar__thumb\" style=\"transform: translateY(0%);\">\u003C/div>\u003C/div>\u003C/div>\u003C/div>\u003Cdiv data-v-67163b94=\"\" data-v-22f5521e=\"\" class=\"createReceiving\" style=\"display: none;\">\u003Cdiv data-v-67163b94=\"\" class=\"wrapper-placement el-popover\">\u003Cdiv data-v-67163b94=\"\" class=\"cusotom-panel-list el-checkbox-group\">\u003Cdiv data-v-67163b94=\"\" class=\"custom-option el-checkbox\">\u003Cdiv data-v-55c67e82=\"\" data-v-67163b94=\"\" class=\"x-checkbox-line checkbox-line\">\u003Cdiv data-v-55c67e82=\"\" class=\"checkbox-line-left\">\u003Cdiv data-v-046dd9b2=\"\" data-v-55c67e82=\"\" class=\"el-tooltip checkbox\" aria-describedby=\"el-tooltip-7200\" tabindex=\"0\">\u003Cinput data-v-046dd9b2=\"\" id=\"fac03f79-24c7-4b97-8bfd-daeaae48eca9\" type=\"checkbox\" class=\"input_check\" value=\"\">\u003C/div>\u003C/div>\u003Cdiv data-v-55c67e82=\"\" class=\"checkbox-line-right html\">\u003Cspan data-v-55c67e82=\"\" class=\"userselect-text\" style=\"width: inherit;\">\u003Clabel data-v-55c67e82=\"\" for=\"fac03f79-24c7-4b97-8bfd-daeaae48eca9\" style=\"cursor: pointer;\">\u003Cdiv data-v-67163b94=\"\" data-v-55c67e82=\"\" title=\"设备信息\" class=\"custom-name\"> 设备信息 \u003C/div>\u003C/label>\u003C!---->\u003C/span>\u003C/div>\u003C/div>\u003C/div>\u003Cdiv data-v-67163b94=\"\" class=\"custom-option el-checkbox\">\u003Cdiv data-v-55c67e82=\"\" data-v-67163b94=\"\" class=\"x-checkbox-line checkbox-line\">\u003Cdiv data-v-55c67e82=\"\" class=\"checkbox-line-left\">\u003Cdiv data-v-046dd9b2=\"\" data-v-55c67e82=\"\" class=\"el-tooltip checkbox\" aria-describedby=\"el-tooltip-588\" tabindex=\"0\">\u003Cinput data-v-046dd9b2=\"\" id=\"36630944-b95c-4a16-8ebc-a7a4210f975a\" type=\"checkbox\" class=\"input_check\" value=\"\">\u003C/div>\u003C/div>\u003Cdiv data-v-55c67e82=\"\" class=\"checkbox-line-right html\">\u003Cspan data-v-55c67e82=\"\" class=\"userselect-text\" style=\"width: inherit;\">\u003Clabel data-v-55c67e82=\"\" for=\"36630944-b95c-4a16-8ebc-a7a4210f975a\" style=\"cursor: pointer;\">\u003Cdiv data-v-67163b94=\"\" data-v-55c67e82=\"\" title=\"系统信息\" class=\"custom-name\"> 系统信息 \u003C/div>\u003C/label>\u003C!---->\u003C/span>\u003C/div>\u003C/div>\u003C/div>\u003Cdiv data-v-67163b94=\"\" class=\"custom-option el-checkbox\">\u003Cdiv data-v-55c67e82=\"\" data-v-67163b94=\"\" class=\"x-checkbox-line checkbox-line\">\u003Cdiv data-v-55c67e82=\"\" class=\"checkbox-line-left\">\u003Cdiv data-v-046dd9b2=\"\" data-v-55c67e82=\"\" class=\"el-tooltip checkbox\" aria-describedby=\"el-tooltip-8521\" tabindex=\"0\">\u003Cinput data-v-046dd9b2=\"\" id=\"b07d82b6-3da4-4165-9df9-074e5697f537\" type=\"checkbox\" class=\"input_check\" value=\"\">\u003C/div>\u003C/div>\u003Cdiv data-v-55c67e82=\"\" class=\"checkbox-line-right html\">\u003Cspan data-v-55c67e82=\"\" class=\"userselect-text\" style=\"width: inherit;\">\u003Clabel data-v-55c67e82=\"\" for=\"b07d82b6-3da4-4165-9df9-074e5697f537\" style=\"cursor: pointer;\">\u003Cdiv data-v-67163b94=\"\" data-v-55c67e82=\"\" title=\"资源\" class=\"custom-name\"> 资源 \u003C/div>\u003C/label>\u003C!---->\u003C/span>\u003C/div>\u003C/div>\u003C/div>\u003Cdiv data-v-67163b94=\"\" class=\"custom-option el-checkbox\">\u003Cdiv data-v-55c67e82=\"\" data-v-67163b94=\"\" class=\"x-checkbox-line checkbox-line\">\u003Cdiv data-v-55c67e82=\"\" class=\"checkbox-line-left\">\u003Cdiv data-v-046dd9b2=\"\" data-v-55c67e82=\"\" class=\"el-tooltip checkbox\" aria-describedby=\"el-tooltip-1925\" tabindex=\"0\">\u003Cinput data-v-046dd9b2=\"\" id=\"e2a9f644-9d6c-4cfb-8b50-49215f311e7c\" type=\"checkbox\" class=\"input_check\" value=\"\">\u003C/div>\u003C/div>\u003Cdiv data-v-55c67e82=\"\" class=\"checkbox-line-right html\">\u003Cspan data-v-55c67e82=\"\" class=\"userselect-text\" style=\"width: inherit;\">\u003Clabel data-v-55c67e82=\"\" for=\"e2a9f644-9d6c-4cfb-8b50-49215f311e7c\" style=\"cursor: pointer;\">\u003Cdiv data-v-67163b94=\"\" data-v-55c67e82=\"\" title=\"网络\" class=\"custom-name\"> 网络 \u003C/div>\u003C/label>\u003C!---->\u003C/span>\u003C/div>\u003C/div>\u003C/div>\u003Cdiv data-v-67163b94=\"\" class=\"custom-option el-checkbox\">\u003Cdiv data-v-55c67e82=\"\" data-v-67163b94=\"\" class=\"x-checkbox-line checkbox-line\">\u003Cdiv data-v-55c67e82=\"\" class=\"checkbox-line-left\">\u003Cdiv data-v-046dd9b2=\"\" data-v-55c67e82=\"\" class=\"el-tooltip checkbox\" aria-describedby=\"el-tooltip-1613\" tabindex=\"0\">\u003Cinput data-v-046dd9b2=\"\" id=\"7995897a-407f-4587-82fc-8a7beb5ce8e6\" type=\"checkbox\" class=\"input_check\" value=\"\">\u003C/div>\u003C/div>\u003Cdiv data-v-55c67e82=\"\" class=\"checkbox-line-right html\">\u003Cspan data-v-55c67e82=\"\" class=\"userselect-text\" style=\"width: inherit;\">\u003Clabel data-v-55c67e82=\"\" for=\"7995897a-407f-4587-82fc-8a7beb5ce8e6\" style=\"cursor: pointer;\">\u003Cdiv data-v-67163b94=\"\" data-v-55c67e82=\"\" title=\"接口\" class=\"custom-name\"> 接口 \u003C/div>\u003C/label>\u003C!---->\u003C/span>\u003C/div>\u003C/div>\u003C/div>\u003Cdiv data-v-67163b94=\"\" class=\"custom-option el-checkbox\">\u003Cdiv data-v-55c67e82=\"\" data-v-67163b94=\"\" class=\"x-checkbox-line checkbox-line\">\u003Cdiv data-v-55c67e82=\"\" class=\"checkbox-line-left\">\u003Cdiv data-v-046dd9b2=\"\" data-v-55c67e82=\"\" class=\"el-tooltip checkbox\" aria-describedby=\"el-tooltip-16\" tabindex=\"0\">\u003Cinput data-v-046dd9b2=\"\" id=\"bb597fca-ce37-4980-bb70-5bea8a63c7ce\" type=\"checkbox\" class=\"input_check\" value=\"\">\u003C/div>\u003C/div>\u003Cdiv data-v-55c67e82=\"\" class=\"checkbox-line-right html\">\u003Cspan data-v-55c67e82=\"\" class=\"userselect-text\" style=\"width: inherit;\">\u003Clabel data-v-55c67e82=\"\" for=\"bb597fca-ce37-4980-bb70-5bea8a63c7ce\" style=\"cursor: pointer;\">\u003Cdiv data-v-67163b94=\"\" data-v-55c67e82=\"\" title=\"磁盘\" class=\"custom-name\"> 磁盘 \u003C/div>\u003C/label>\u003C!---->\u003C/span>\u003C/div>\u003C/div>\u003C/div>\u003Cdiv data-v-67163b94=\"\" class=\"custom-option el-checkbox\">\u003Cdiv data-v-55c67e82=\"\" data-v-67163b94=\"\" class=\"x-checkbox-line checkbox-line\">\u003Cdiv data-v-55c67e82=\"\" class=\"checkbox-line-left\">\u003Cdiv data-v-046dd9b2=\"\" data-v-55c67e82=\"\" class=\"el-tooltip checkbox\" aria-describedby=\"el-tooltip-3743\" tabindex=\"0\">\u003Cinput data-v-046dd9b2=\"\" id=\"d2ef23ab-43b5-4729-a77e-c21bdce08b70\" type=\"checkbox\" class=\"input_check\" value=\"\">\u003C/div>\u003C/div>\u003Cdiv data-v-55c67e82=\"\" class=\"checkbox-line-right html\">\u003Cspan data-v-55c67e82=\"\" class=\"userselect-text\" style=\"width: inherit;\">\u003Clabel data-v-55c67e82=\"\" for=\"d2ef23ab-43b5-4729-a77e-c21bdce08b70\" style=\"cursor: pointer;\">\u003Cdiv data-v-67163b94=\"\" data-v-55c67e82=\"\" title=\"存储\" class=\"custom-name\"> 存储 \u003C/div>\u003C/label>\u003C!---->\u003C/span>\u003C/div>\u003C/div>\u003C/div>\u003Cdiv data-v-67163b94=\"\" class=\"custom-option el-checkbox\">\u003Cdiv data-v-55c67e82=\"\" data-v-67163b94=\"\" class=\"x-checkbox-line checkbox-line\">\u003Cdiv data-v-55c67e82=\"\" class=\"checkbox-line-left\">\u003Cdiv data-v-046dd9b2=\"\" data-v-55c67e82=\"\" class=\"el-tooltip checkbox\" aria-describedby=\"el-tooltip-8606\" tabindex=\"0\">\u003Cinput data-v-046dd9b2=\"\" id=\"4098b139-ae9b-437f-809c-e16360d75950\" type=\"checkbox\" class=\"input_check\" value=\"\">\u003C/div>\u003C/div>\u003Cdiv data-v-55c67e82=\"\" class=\"checkbox-line-right html\">\u003Cspan data-v-55c67e82=\"\" class=\"userselect-text\" style=\"width: inherit;\">\u003Clabel data-v-55c67e82=\"\" for=\"4098b139-ae9b-437f-809c-e16360d75950\" style=\"cursor: pointer;\">\u003Cdiv data-v-67163b94=\"\" data-v-55c67e82=\"\" title=\"硬件\" class=\"custom-name\"> 硬件 \u003C/div>\u003C/label>\u003C!---->\u003C/span>\u003C/div>\u003C/div>\u003C/div>\u003C/div>\u003C/div>\u003C/div>\u003C/div>\u003Cdiv data-v-018869bc=\"\" data-v-5bce1a4c=\"\">\u003Cdiv data-v-018869bc=\"\" class=\"message\">\u003Cdiv data-v-018869bc=\"\" class=\"fitHeight\">\u003Ch1 data-v-018869bc=\"\" class=\"notice-title\">  \u003Cdiv data-v-018869bc=\"\" class=\"features\">\u003Cdiv data-v-018869bc=\"\" class=\"iconfont-container\">\u003Ci data-v-018869bc=\"\" title=\"删除全部\" class=\"iconfont iconDelete\">\u003C/i>\u003C/div>\u003Cdiv data-v-018869bc=\"\" class=\"iconfont-container\">\u003Ci data-v-018869bc=\"\" title=\"设置\" class=\"iconfont iconSettings\">\u003C/i>\u003C/div>\u003C/div>\u003C/h1>\u003Cdiv data-v-018869bc=\"\" class=\"el-scrollbar\">\u003Cdiv class=\"el-scrollbar__wrap\" style=\"margin-bottom: -8px; margin-right: -8px;\">\u003Cdiv class=\"el-scrollbar__view\">\u003Cdiv data-v-018869bc=\"\" class=\"notice-body\">\u003Cdiv data-v-018869bc=\"\" class=\"messageBox\">\u003Cdiv data-v-018869bc=\"\" class=\"message-list\">\u003Cdiv data-v-018869bc=\"\" class=\"message-icon el-message-box__status el-icon-warning\">\u003C/div>\u003Cdiv data-v-018869bc=\"\" class=\"message-group\">\u003Ch2 data-v-018869bc=\"\" class=\"message-title\"> 通用设置 \u003C/h2>\u003Cdiv data-v-018869bc=\"\" title=\"设备 TNAS 发生异常关机，可能由断电或系统异常引起，建议尽快检查设备及系统状态。\" class=\"message-content userselect-text\"> 设备 TNAS 发生异常关机，可能由断电或系统异常引起，建议尽快检查设备及系统状态。 \u003C/div>\u003Cdiv data-v-018869bc=\"\" class=\"message-foot\">\u003Cspan data-v-018869bc=\"\" class=\"setting\" style=\"visibility: hidden;\">查看详情\u003C/span>\u003Cspan data-v-018869bc=\"\" class=\"message-time\">2 天前 23:45:26\u003C/span>\u003C/div>\u003C/div>\u003Cdiv data-v-018869bc=\"\" class=\"delete el-icon-close\">\u003C/div>\u003C/div>\u003Cdiv data-v-018869bc=\"\" class=\"message-list\">\u003Cdiv data-v-018869bc=\"\" class=\"message-icon el-message-box__status el-icon-warning\">\u003C/div>\u003Cdiv data-v-018869bc=\"\" class=\"message-group\">\u003Ch2 data-v-018869bc=\"\" class=\"message-title\"> 通用设置 \u003C/h2>\u003Cdiv data-v-018869bc=\"\" title=\"设备 TNAS 发生异常关机，可能由断电或系统异常引起，建议尽快检查设备及系统状态。\" class=\"message-content userselect-text\"> 设备 TNAS 发生异常关机，可能由断电或系统异常引起，建议尽快检查设备及系统状态。 \u003C/div>\u003Cdiv data-v-018869bc=\"\" class=\"message-foot\">\u003Cspan data-v-018869bc=\"\" class=\"setting\" style=\"visibility: hidden;\">查看详情\u003C/span>\u003Cspan data-v-018869bc=\"\" class=\"message-time\">2 天前 23:05:54\u003C/span>\u003C/div>\u003C/div>\u003Cdiv data-v-018869bc=\"\" class=\"delete el-icon-close\">\u003C/div>\u003C/div>\u003Cdiv data-v-018869bc=\"\" class=\"message-list\">\u003Cdiv data-v-018869bc=\"\" class=\"message-icon el-message-box__status el-icon-info\">\u003C/div>\u003Cdiv data-v-018869bc=\"\" class=\"message-group\">\u003Ch2 data-v-018869bc=\"\" class=\"message-title\"> 网络服务 \u003C/h2>\u003Cdiv data-v-018869bc=\"\" title=\"发现有人通过 Physical Console 登录您的系统后台。登录时间：2026-06-01 20:21:18，IP：Unknown\" class=\"message-content userselect-text\"> 发现有人通过 Physical Console 登录您的系统后台。登录时间：2026-06-01 20:21:18，IP：Unknown \u003C/div>\u003Cdiv data-v-018869bc=\"\" class=\"message-foot\">\u003Cspan data-v-018869bc=\"\" class=\"setting\" style=\"visibility: visible;\">查看详情\u003C/span>\u003Cspan data-v-018869bc=\"\" class=\"message-time\">3 天前 20:21:19\u003C/span>\u003C/div>\u003C/div>\u003Cdiv data-v-018869bc=\"\" class=\"delete el-icon-close\">\u003C/div>\u003C/div>\u003Cdiv data-v-018869bc=\"\" class=\"message-list\">\u003Cdiv data-v-018869bc=\"\" class=\"message-icon el-message-box__status el-icon-warning\">\u003C/div>\u003Cdiv data-v-018869bc=\"\" class=\"message-group\">\u003Ch2 data-v-018869bc=\"\" class=\"message-title\"> 通用设置 \u003C/h2>\u003Cdiv data-v-018869bc=\"\" title=\"设备 TNAS 发生异常关机，可能由断电或系统异常引起，建议尽快检查设备及系统状态。\" class=\"message-content userselect-text\"> 设备 TNAS 发生异常关机，可能由断电或系统异常引起，建议尽快检查设备及系统状态。 \u003C/div>\u003Cdiv data-v-018869bc=\"\" class=\"message-foot\">\u003Cspan data-v-018869bc=\"\" class=\"setting\" style=\"visibility: hidden;\">查看详情\u003C/span>\u003Cspan data-v-018869bc=\"\" class=\"message-time\">3 天前 7:40:04\u003C/span>\u003C/div>\u003C/div>\u003Cdiv data-v-018869bc=\"\" class=\"delete el-icon-close\">\u003C/div>\u003C/div>\u003Cdiv data-v-018869bc=\"\" class=\"message-list\">\u003Cdiv data-v-018869bc=\"\" class=\"message-icon el-message-box__status el-icon-warning\">\u003C/div>\u003Cdiv data-v-018869bc=\"\" class=\"message-group\">\u003Ch2 data-v-018869bc=\"\" class=\"message-title\"> 通用设置 \u003C/h2>\u003Cdiv data-v-018869bc=\"\" title=\"设备 TNAS 发生异常关机，可能由断电或系统异常引起，建议尽快检查设备及系统状态。\" class=\"message-content userselect-text\"> 设备 TNAS 发生异常关机，可能由断电或系统异常引起，建议尽快检查设备及系统状态。 \u003C/div>\u003Cdiv data-v-018869bc=\"\" class=\"message-foot\">\u003Cspan data-v-018869bc=\"\" class=\"setting\" style=\"visibility: hidden;\">查看详情\u003C/span>\u003Cspan data-v-018869bc=\"\" class=\"message-time\">3 天前 3:48:46\u003C/span>\u003C/div>\u003C/div>\u003Cdiv data-v-018869bc=\"\" class=\"delete el-icon-close\">\u003C/div>\u003C/div>\u003Cdiv data-v-018869bc=\"\" class=\"message-list\">\u003Cdiv data-v-018869bc=\"\" class=\"message-icon el-message-box__status el-icon-warning\">\u003C/div>\u003Cdiv data-v-018869bc=\"\" class=\"message-group\">\u003Ch2 data-v-018869bc=\"\" class=\"message-title\"> 通用设置 \u003C/h2>\u003Cdiv data-v-018869bc=\"\" title=\"设备 TNAS 发生异常关机，可能由断电或系统异常引起，建议尽快检查设备及系统状态。\" class=\"message-content userselect-text\"> 设备 TNAS 发生异常关机，可能由断电或系统异常引起，建议尽快检查设备及系统状态。 \u003C/div>\u003Cdiv data-v-018869bc=\"\" class=\"message-foot\">\u003Cspan data-v-018869bc=\"\" class=\"setting\" style=\"visibility: hidden;\">查看详情\u003C/span>\u003Cspan data-v-018869bc=\"\" class=\"message-time\">3 天前 1:21:27\u003C/span>\u003C/div>\u003C/div>\u003Cdiv data-v-018869bc=\"\" class=\"delete el-icon-close\">\u003C/div>\u003C/div>\u003Cdiv data-v-018869bc=\"\" class=\"message-list\">\u003Cdiv data-v-018869bc=\"\" class=\"message-icon el-message-box__status el-icon-info\">\u003C/div>\u003Cdiv data-v-018869bc=\"\" class=\"message-group\">\u003Ch2 data-v-018869bc=\"\" class=\"message-title\"> 网络服务 \u003C/h2>\u003Cdiv data-v-018869bc=\"\" title=\"发现有人通过 SSH 登录您的系统后台。登录时间：2026-05-28 17:59:15，IP：192.168.64.1\" class=\"message-content userselect-text\"> 发现有人通过 SSH 登录您的系统后台。登录时间：2026-05-28 17:59:15，IP：192.168.64.1 \u003C/div>\u003Cdiv data-v-018869bc=\"\" class=\"message-foot\">\u003Cspan data-v-018869bc=\"\" class=\"setting\" style=\"visibility: visible;\">查看详情\u003C/span>\u003Cspan data-v-018869bc=\"\" class=\"message-time\">2026-05-28 17:59:17\u003C/span>\u003C/div>\u003C/div>\u003Cdiv data-v-018869bc=\"\" class=\"delete el-icon-close\">\u003C/div>\u003C/div>\u003Cdiv data-v-018869bc=\"\" class=\"message-list\">\u003Cdiv data-v-018869bc=\"\" class=\"message-icon el-message-box__status el-icon-info\">\u003C/div>\u003Cdiv data-v-018869bc=\"\" class=\"message-group\">\u003Ch2 data-v-018869bc=\"\" class=\"message-title\"> 网络服务 \u003C/h2>\u003Cdiv data-v-018869bc=\"\" title=\"发现有人通过 SSH 登录您的系统后台。登录时间：2026-05-28 13:19:17，IP：192.168.64.1\" class=\"message-content userselect-text\"> 发现有人通过 SSH 登录您的系统后台。登录时间：2026-05-28 13:19:17，IP：192.168.64.1 \u003C/div>\u003Cdiv data-v-018869bc=\"\" class=\"message-foot\">\u003Cspan data-v-018869bc=\"\" class=\"setting\" style=\"visibility: visible;\">查看详情\u003C/span>\u003Cspan data-v-018869bc=\"\" class=\"message-time\">2026-05-28 13:19:25\u003C/span>\u003C/div>\u003C/div>\u003Cdiv data-v-018869bc=\"\" class=\"delete el-icon-close\">\u003C/div>\u003C/div>\u003Cdiv data-v-018869bc=\"\" class=\"message-list\">\u003Cdiv data-v-018869bc=\"\" class=\"message-icon el-message-box__status el-icon-warning\">\u003C/div>\u003Cdiv data-v-018869bc=\"\" class=\"message-group\">\u003Ch2 data-v-018869bc=\"\" class=\"message-title\"> 通用设置 \u003C/h2>\u003Cdiv data-v-018869bc=\"\" title=\"设备 TNAS 发生异常关机，可能由断电或系统异常引起，建议尽快检查设备及系统状态。\" class=\"message-content userselect-text\"> 设备 TNAS 发生异常关机，可能由断电或系统异常引起，建议尽快检查设备及系统状态。 \u003C/div>\u003Cdiv data-v-018869bc=\"\" class=\"message-foot\">\u003Cspan data-v-018869bc=\"\" class=\"setting\" style=\"visibility: hidden;\">查看详情\u003C/span>\u003Cspan data-v-018869bc=\"\" class=\"message-time\">2026-05-28 08:45:46\u003C/span>\u003C/div>\u003C/div>\u003Cdiv data-v-018869bc=\"\" class=\"delete el-icon-close\">\u003C/div>\u003C/div>\u003Cdiv data-v-018869bc=\"\" class=\"message-list\">\u003Cdiv data-v-018869bc=\"\" class=\"message-icon el-message-box__status el-icon-info\">\u003C/div>\u003Cdiv data-v-018869bc=\"\" class=\"message-group\">\u003Ch2 data-v-018869bc=\"\" class=\"message-title\"> 网络服务 \u003C/h2>\u003Cdiv data-v-018869bc=\"\" title=\"发现有人通过 SSH 登录您的系统后台。登录时间：2026-05-28 00:44:54，IP：192.168.64.1\" class=\"message-content userselect-text\"> 发现有人通过 SSH 登录您的系统后台。登录时间：2026-05-28 00:44:54，IP：192.168.64.1 \u003C/div>\u003Cdiv data-v-018869bc=\"\" class=\"message-foot\">\u003Cspan data-v-018869bc=\"\" class=\"setting\" style=\"visibility: visible;\">查看详情\u003C/span>\u003Cspan data-v-018869bc=\"\" class=\"message-time\">2026-05-28 00:44:56\u003C/span>\u003C/div>\u003C/div>\u003Cdiv data-v-018869bc=\"\" class=\"delete el-icon-close\">\u003C/div>\u003C/div>\u003Cdiv data-v-018869bc=\"\" class=\"message-list\">\u003Cdiv data-v-018869bc=\"\" class=\"message-icon el-message-box__status el-icon-info\">\u003C/div>\u003Cdiv data-v-018869bc=\"\" class=\"message-group\">\u003Ch2 data-v-018869bc=\"\" class=\"message-title\"> 网络服务 \u003C/h2>\u003Cdiv data-v-018869bc=\"\" title=\"发现有人通过 SSH 登录您的系统后台。登录时间：2026-05-28 00:44:18，IP：192.168.64.1\" class=\"message-content userselect-text\"> 发现有人通过 SSH 登录您的系统后台。登录时间：2026-05-28 00:44:18，IP：192.168.64.1 \u003C/div>\u003Cdiv data-v-018869bc=\"\" class=\"message-foot\">\u003Cspan data-v-018869bc=\"\" class=\"setting\" style=\"visibility: visible;\">查看详情\u003C/span>\u003Cspan data-v-018869bc=\"\" class=\"message-time\">2026-05-28 00:44:20\u003C/span>\u003C/div>\u003C/div>\u003Cdiv data-v-018869bc=\"\" class=\"delete el-icon-close\">\u003C/div>\u003C/div>\u003Cdiv data-v-018869bc=\"\" class=\"message-list\">\u003Cdiv data-v-018869bc=\"\" class=\"message-icon el-message-box__status el-icon-warning\">\u003C/div>\u003Cdiv data-v-018869bc=\"\" class=\"message-group\">\u003Ch2 data-v-018869bc=\"\" class=\"message-title\"> 通用设置 \u003C/h2>\u003Cdiv data-v-018869bc=\"\" title=\"设备 TNAS 发生异常关机，可能由断电或系统异常引起，建议尽快检查设备及系统状态。\" class=\"message-content userselect-text\"> 设备 TNAS 发生异常关机，可能由断电或系统异常引起，建议尽快检查设备及系统状态。 \u003C/div>\u003Cdiv data-v-018869bc=\"\" class=\"message-foot\">\u003Cspan data-v-018869bc=\"\" class=\"setting\" style=\"visibility: hidden;\">查看详情\u003C/span>\u003Cspan data-v-018869bc=\"\" class=\"message-time\">2026-05-27 22:50:46\u003C/span>\u003C/div>\u003C/div>\u003Cdiv data-v-018869bc=\"\" class=\"delete el-icon-close\">\u003C/div>\u003C/div>\u003Cdiv data-v-018869bc=\"\" class=\"message-list\">\u003Cdiv data-v-018869bc=\"\" class=\"message-icon el-message-box__status el-icon-info\">\u003C/div>\u003Cdiv data-v-018869bc=\"\" class=\"message-group\">\u003Ch2 data-v-018869bc=\"\" class=\"message-title\"> 通用设置 \u003C/h2>\u003Cdiv data-v-018869bc=\"\" title=\"TOS 已成功更新至版本 7.0.0612。\" class=\"message-content userselect-text\"> TOS 已成功更新至版本 7.0.0612。 \u003C/div>\u003Cdiv data-v-018869bc=\"\" class=\"message-foot\">\u003Cspan data-v-018869bc=\"\" class=\"setting\" style=\"visibility: visible;\">查看详情\u003C/span>\u003Cspan data-v-018869bc=\"\" class=\"message-time\">2026-05-26 23:46:17\u003C/span>\u003C/div>\u003C/div>\u003Cdiv data-v-018869bc=\"\" class=\"delete el-icon-close\">\u003C/div>\u003C/div>\u003Cdiv data-v-018869bc=\"\" class=\"message-list\">\u003Cdiv data-v-018869bc=\"\" class=\"message-icon el-message-box__status el-icon-info\">\u003C/div>\u003Cdiv data-v-018869bc=\"\" class=\"message-group\">\u003Ch2 data-v-018869bc=\"\" class=\"message-title\"> 通用设置 \u003C/h2>\u003Cdiv data-v-018869bc=\"\" title=\"7.0.0612 的新版本已下载完成。请进入设备的「控制面板 &gt; 系统 &gt; 更新」，点击「更新」。\" class=\"message-content userselect-text\"> 7.0.0612 的新版本已下载完成。请进入设备的「控制面板 &gt; 系统 &gt; 更新」，点击「更新」。 \u003C/div>\u003Cdiv data-v-018869bc=\"\" class=\"message-foot\">\u003Cspan data-v-018869bc=\"\" class=\"setting\" style=\"visibility: visible;\">查看详情\u003C/span>\u003Cspan data-v-018869bc=\"\" class=\"message-time\">2026-05-26 23:36:17\u003C/span>\u003C/div>\u003C/div>\u003Cdiv data-v-018869bc=\"\" class=\"delete el-icon-close\">\u003C/div>\u003C/div>\u003Cdiv data-v-018869bc=\"\" class=\"message-list\">\u003Cdiv data-v-018869bc=\"\" class=\"message-icon el-message-box__status el-icon-info\">\u003C/div>\u003Cdiv data-v-018869bc=\"\" class=\"message-group\">\u003Ch2 data-v-018869bc=\"\" class=\"message-title\"> 通用设置 \u003C/h2>\u003Cdiv data-v-018869bc=\"\" title=\"检测到设备 TNAS 有新的系统更新可用。请登录该设备，进入 控制面板 &gt; 系统 &gt; 更新，检查并安装最新版本。\" class=\"message-content userselect-text\"> 检测到设备 TNAS 有新的系统更新可用。请登录该设备，进入 控制面板 &gt; 系统 &gt; 更新，检查并安装最新版本。 \u003C/div>\u003Cdiv data-v-018869bc=\"\" class=\"message-foot\">\u003Cspan data-v-018869bc=\"\" class=\"setting\" style=\"visibility: visible;\">查看详情\u003C/span>\u003Cspan data-v-018869bc=\"\" class=\"message-time\">2026-05-26 23:33:55\u003C/span>\u003C/div>\u003C/div>\u003Cdiv data-v-018869bc=\"\" class=\"delete el-icon-close\">\u003C/div>\u003C/div>\u003Cdiv data-v-018869bc=\"\" class=\"message-list\">\u003Cdiv data-v-018869bc=\"\" class=\"message-icon el-message-box__status el-icon-info\">\u003C/div>\u003Cdiv data-v-018869bc=\"\" class=\"message-group\">\u003Ch2 data-v-018869bc=\"\" class=\"message-title\"> 网络服务 \u003C/h2>\u003Cdiv data-v-018869bc=\"\" title=\"发现有人通过 SSH 登录您的系统后台。登录时间：2026-05-26 23:26:03，IP：192.168.64.1\" class=\"message-content userselect-text\"> 发现有人通过 SSH 登录您的系统后台。登录时间：2026-05-26 23:26:03，IP：192.168.64.1 \u003C/div>\u003Cdiv data-v-018869bc=\"\" class=\"message-foot\">\u003Cspan data-v-018869bc=\"\" class=\"setting\" style=\"visibility: visible;\">查看详情\u003C/span>\u003Cspan data-v-018869bc=\"\" class=\"message-time\">2026-05-26 23:26:04\u003C/span>\u003C/div>\u003C/div>\u003Cdiv data-v-018869bc=\"\" class=\"delete el-icon-close\">\u003C/div>\u003C/div>\u003Cdiv data-v-018869bc=\"\" class=\"message-list\">\u003Cdiv data-v-018869bc=\"\" class=\"message-icon el-message-box__status el-icon-info\">\u003C/div>\u003Cdiv data-v-018869bc=\"\" class=\"message-group\">\u003Ch2 data-v-018869bc=\"\" class=\"message-title\"> 网络服务 \u003C/h2>\u003Cdiv data-v-018869bc=\"\" title=\"发现有人通过 SSH 登录您的系统后台。登录时间：2026-05-26 23:25:45，IP：192.168.64.1\" class=\"message-content userselect-text\"> 发现有人通过 SSH 登录您的系统后台。登录时间：2026-05-26 23:25:45，IP：192.168.64.1 \u003C/div>\u003Cdiv data-v-018869bc=\"\" class=\"message-foot\">\u003Cspan data-v-018869bc=\"\" class=\"setting\" style=\"visibility: visible;\">查看详情\u003C/span>\u003Cspan data-v-018869bc=\"\" class=\"message-time\">2026-05-26 23:25:46\u003C/span>\u003C/div>\u003C/div>\u003Cdiv data-v-018869bc=\"\" class=\"delete el-icon-close\">\u003C/div>\u003C/div>\u003Cdiv data-v-018869bc=\"\" class=\"message-list\">\u003Cdiv data-v-018869bc=\"\" class=\"message-icon el-message-box__status el-icon-info\">\u003C/div>\u003Cdiv data-v-018869bc=\"\" class=\"message-group\">\u003Ch2 data-v-018869bc=\"\" class=\"message-title\"> 网络服务 \u003C/h2>\u003Cdiv data-v-018869bc=\"\" title=\"发现有人通过 SSH 登录您的系统后台。登录时间：2026-05-26 23:25:25，IP：192.168.64.1\" class=\"message-content userselect-text\"> 发现有人通过 SSH 登录您的系统后台。登录时间：2026-05-26 23:25:25，IP：192.168.64.1 \u003C/div>\u003Cdiv data-v-018869bc=\"\" class=\"message-foot\">\u003Cspan data-v-018869bc=\"\" class=\"setting\" style=\"visibility: visible;\">查看详情\u003C/span>\u003Cspan data-v-018869bc=\"\" class=\"message-time\">2026-05-26 23:25:27\u003C/span>\u003C/div>\u003C/div>\u003Cdiv data-v-018869bc=\"\" class=\"delete el-icon-close\">\u003C/div>\u003C/div>\u003Cdiv data-v-018869bc=\"\" class=\"message-list\">\u003Cdiv data-v-018869bc=\"\" class=\"message-icon el-message-box__status el-icon-info\">\u003C/div>\u003Cdiv data-v-018869bc=\"\" class=\"message-group\">\u003Ch2 data-v-018869bc=\"\" class=\"message-title\"> 网络服务 \u003C/h2>\u003Cdiv data-v-018869bc=\"\" title=\"发现有人通过 SSH 登录您的系统后台。登录时间：2026-05-26 23:25:09，IP：192.168.64.1\" class=\"message-content userselect-text\"> 发现有人通过 SSH 登录您的系统后台。登录时间：2026-05-26 23:25:09，IP：192.168.64.1 \u003C/div>\u003Cdiv data-v-018869bc=\"\" class=\"message-foot\">\u003Cspan data-v-018869bc=\"\" class=\"setting\" style=\"visibility: visible;\">查看详情\u003C/span>\u003Cspan data-v-018869bc=\"\" class=\"message-time\">2026-05-26 23:25:11\u003C/span>\u003C/div>\u003C/div>\u003Cdiv data-v-018869bc=\"\" class=\"delete el-icon-close\">\u003C/div>\u003C/div>\u003Cdiv data-v-018869bc=\"\" class=\"message-list\">\u003Cdiv data-v-018869bc=\"\" class=\"message-icon el-message-box__status el-icon-info\">\u003C/div>\u003Cdiv data-v-018869bc=\"\" class=\"message-group\">\u003Ch2 data-v-018869bc=\"\" class=\"message-title\"> 网络服务 \u003C/h2>\u003Cdiv data-v-018869bc=\"\" title=\"发现有人通过 SSH 登录您的系统后台。登录时间：2026-05-26 22:58:25，IP：192.168.64.1\" class=\"message-content userselect-text\"> 发现有人通过 SSH 登录您的系统后台。登录时间：2026-05-26 22:58:25，IP：192.168.64.1 \u003C/div>\u003Cdiv data-v-018869bc=\"\" class=\"message-foot\">\u003Cspan data-v-018869bc=\"\" class=\"setting\" style=\"visibility: visible;\">查看详情\u003C/span>\u003Cspan data-v-018869bc=\"\" class=\"message-time\">2026-05-26 22:58:26\u003C/span>\u003C/div>\u003C/div>\u003Cdiv data-v-018869bc=\"\" class=\"delete el-icon-close\">\u003C/div>\u003C/div>\u003Cdiv data-v-018869bc=\"\" class=\"message-list\">\u003Cdiv data-v-018869bc=\"\" class=\"message-icon el-message-box__status el-icon-info\">\u003C/div>\u003Cdiv data-v-018869bc=\"\" class=\"message-group\">\u003Ch2 data-v-018869bc=\"\" class=\"message-title\"> 网络服务 \u003C/h2>\u003Cdiv data-v-018869bc=\"\" title=\"发现有人通过 SSH 登录您的系统后台。登录时间：2026-05-26 22:58:07，IP：192.168.64.1\" class=\"message-content userselect-text\"> 发现有人通过 SSH 登录您的系统后台。登录时间：2026-05-26 22:58:07，IP：192.168.64.1 \u003C/div>\u003Cdiv data-v-018869bc=\"\" class=\"message-foot\">\u003Cspan data-v-018869bc=\"\" class=\"setting\" style=\"visibility: visible;\">查看详情\u003C/span>\u003Cspan data-v-018869bc=\"\" class=\"message-time\">2026-05-26 22:58:08\u003C/span>\u003C/div>\u003C/div>\u003Cdiv data-v-018869bc=\"\" class=\"delete el-icon-close\">\u003C/div>\u003C/div>\u003Cdiv data-v-018869bc=\"\" class=\"message-list\">\u003Cdiv data-v-018869bc=\"\" class=\"message-icon el-message-box__status el-icon-info\">\u003C/div>\u003Cdiv data-v-018869bc=\"\" class=\"message-group\">\u003Ch2 data-v-018869bc=\"\" class=\"message-title\"> 网络服务 \u003C/h2>\u003Cdiv data-v-018869bc=\"\" title=\"发现有人通过 SSH 登录您的系统后台。登录时间：2026-05-26 22:57:39，IP：192.168.64.1\" class=\"message-content userselect-text\"> 发现有人通过 SSH 登录您的系统后台。登录时间：2026-05-26 22:57:39，IP：192.168.64.1 \u003C/div>\u003Cdiv data-v-018869bc=\"\" class=\"message-foot\">\u003Cspan data-v-018869bc=\"\" class=\"setting\" style=\"visibility: visible;\">查看详情\u003C/span>\u003Cspan data-v-018869bc=\"\" class=\"message-time\">2026-05-26 22:57:40\u003C/span>\u003C/div>\u003C/div>\u003Cdiv data-v-018869bc=\"\" class=\"delete el-icon-close\">\u003C/div>\u003C/div>\u003Cdiv data-v-018869bc=\"\" class=\"message-list\">\u003Cdiv data-v-018869bc=\"\" class=\"message-icon el-message-box__status el-icon-info\">\u003C/div>\u003Cdiv data-v-018869bc=\"\" class=\"message-group\">\u003Ch2 data-v-018869bc=\"\" class=\"message-title\"> 网络服务 \u003C/h2>\u003Cdiv data-v-018869bc=\"\" title=\"发现有人通过 Physical Console 登录您的系统后台。登录时间：2026-05-26 22:33:38，IP：Unknown\" class=\"message-content userselect-text\"> 发现有人通过 Physical Console 登录您的系统后台。登录时间：2026-05-26 22:33:38，IP：Unknown \u003C/div>\u003Cdiv data-v-018869bc=\"\" class=\"message-foot\">\u003Cspan data-v-018869bc=\"\" class=\"setting\" style=\"visibility: visible;\">查看详情\u003C/span>\u003Cspan data-v-018869bc=\"\" class=\"message-time\">2026-05-26 22:33:45\u003C/span>\u003C/div>\u003C/div>\u003Cdiv data-v-018869bc=\"\" class=\"delete el-icon-close\">\u003C/div>\u003C/div>\u003Cdiv data-v-018869bc=\"\" class=\"message-list\">\u003Cdiv data-v-018869bc=\"\" class=\"message-icon el-message-box__status el-icon-warning\">\u003C/div>\u003Cdiv data-v-018869bc=\"\" class=\"message-group\">\u003Ch2 data-v-018869bc=\"\" class=\"message-title\"> 通用设置 \u003C/h2>\u003Cdiv data-v-018869bc=\"\" title=\"设备 TNAS 发生异常关机，可能由断电或系统异常引起，建议尽快检查设备及系统状态。\" class=\"message-content userselect-text\"> 设备 TNAS 发生异常关机，可能由断电或系统异常引起，建议尽快检查设备及系统状态。 \u003C/div>\u003Cdiv data-v-018869bc=\"\" class=\"message-foot\">\u003Cspan data-v-018869bc=\"\" class=\"setting\" style=\"visibility: hidden;\">查看详情\u003C/span>\u003Cspan data-v-018869bc=\"\" class=\"message-time\">2026-05-26 22:33:40\u003C/span>\u003C/div>\u003C/div>\u003Cdiv data-v-018869bc=\"\" class=\"delete el-icon-close\">\u003C/div>\u003C/div>\u003Cdiv data-v-018869bc=\"\" class=\"message-list\">\u003Cdiv data-v-018869bc=\"\" class=\"message-icon el-message-box__status el-icon-warning\">\u003C/div>\u003Cdiv data-v-018869bc=\"\" class=\"message-group\">\u003Ch2 data-v-018869bc=\"\" class=\"message-title\"> 通用设置 \u003C/h2>\u003Cdiv data-v-018869bc=\"\" title=\"设备 TNAS 发生异常关机，可能由断电或系统异常引起，建议尽快检查设备及系统状态。\" class=\"message-content userselect-text\"> 设备 TNAS 发生异常关机，可能由断电或系统异常引起，建议尽快检查设备及系统状态。 \u003C/div>\u003Cdiv data-v-018869bc=\"\" class=\"message-foot\">\u003Cspan data-v-018869bc=\"\" class=\"setting\" style=\"visibility: hidden;\">查看详情\u003C/span>\u003Cspan data-v-018869bc=\"\" class=\"message-time\">2026-05-25 21:04:49\u003C/span>\u003C/div>\u003C/div>\u003Cdiv data-v-018869bc=\"\" class=\"delete el-icon-close\">\u003C/div>\u003C/div>\u003Cdiv data-v-018869bc=\"\" class=\"message-list\">\u003Cdiv data-v-018869bc=\"\" class=\"message-icon el-message-box__status el-icon-warning\">\u003C/div>\u003Cdiv data-v-018869bc=\"\" class=\"message-group\">\u003Ch2 data-v-018869bc=\"\" class=\"message-title\"> 其它 \u003C/h2>\u003Cdiv data-v-018869bc=\"\" title=\"系统安全扫描异常，发现 4 个待处理的安全风险\" class=\"message-content userselect-text\"> 系统安全扫描异常，发现 4 个待处理的安全风险 \u003C/div>\u003Cdiv data-v-018869bc=\"\" class=\"message-foot\">\u003Cspan data-v-018869bc=\"\" class=\"setting\" style=\"visibility: visible;\">查看详情\u003C/span>\u003Cspan data-v-018869bc=\"\" class=\"message-time\">2026-05-25 19:26:39\u003C/span>\u003C/div>\u003C/div>\u003Cdiv data-v-018869bc=\"\" class=\"delete el-icon-close\">\u003C/div>\u003C/div>\u003C/div>\u003C/div>\u003C/div>\u003C/div>\u003Cdiv class=\"el-scrollbar__bar is-horizontal\">\u003Cdiv class=\"el-scrollbar__thumb\" style=\"transform: translateX(0%);\">\u003C/div>\u003C/div>\u003Cdiv class=\"el-scrollbar__bar is-vertical\">\u003Cdiv class=\"el-scrollbar__thumb\" style=\"transform: translateY(0%); height: 21.4065%;\">\u003C/div>\u003C/div>\u003C/div>\u003C/div>\u003C/div>\u003C/div>\u003C!---->\u003C!---->\u003C!---->\u003Cdiv data-v-5bce1a4c=\"\" class=\"v-tour\">\u003C!---->\u003Cdiv class=\"mask\" style=\"display: none;\">\u003C/div>\u003C/div>\u003C!---->\u003C!---->\u003C/div>\u003C/div>\u003Cscript>\u003C/script>\u003Cscript src=\"js/chunk-vendors.10331b6a.js\">\u003C/script>\u003Cscript src=\"js/app.ba0ca957.js\">\u003C/script>\u003Cdiv class=\"el-loading-mask is-fullscreen\" style=\"z-index: 2000; display: none;\">\u003Cdiv class=\"el-loading-spinner\">\u003Ci class=\"circular\">\u003C/i>\u003C!---->\u003C/div>\u003C/div>\u003C/body>\u003C/html>"} | headers=HTTPHeaderDict({'Content-Length': '1916044', 'Content-Type': 'application/json; charset=utf-8', 'cache-control': 'no-cache'})
DEBUG    selenium.webdriver.remote.remote_connection:remote_connection.py:468 Finished Request
DEBUG    selenium.webdriver.remote.remote_connection:remote_connection.py:406 GET http://localhost:58403/session/8dba12f7f2101de3d0887b6e3334e6dd/source {}
DEBUG    urllib3.connectionpool:connectionpool.py:544 http://localhost:58403 "GET /session/8dba12f7f2101de3d0887b6e3334e6dd/source HTTP/1.1" 200 0
DEBUG    selenium.webdriver.remote.remote_connection:remote_connection.py:439 Remote response: status=200 | data={"value":"\u003Chtml lang=\"\" data-theme=\"light\" style=\"--compoents-checkbox-color: #3491FA; --compoents-radio-color: #3491FA; --compoents-pool-color: #3491FA; --compoents-advance-color: #3491FA; --appStore-text-color: #3491FA; --compoents-button-color: #3491FA; --compoents-tabSlider-color: #3491FA; --compoents-activebg-color: #3491FA; --el-page-color: #3491FA; --common-primary-bgColor: #3491FA; --common-active-bgColor: #2B81E2; --common-tint-bgColor: #E8F3FF; --common-tint-second-bgColor: #D5E9FF; --common-disable-bgColor: #C9CDD4;\">\u003Chead>\u003Cmeta charset=\"utf-8\">\u003Cmeta http-equiv=\"X-UA-Compatible\" content=\"IE=edge\">\u003Cmeta name=\"renderer\" content=\"webkit\">\u003Cmeta name=\"viewport\" content=\"width=device-width,initial-scale=0.4\">\u003Cmeta http-equiv=\"Content-Type\" content=\"text/html; charset=utf-8\">\u003Cmeta http-equiv=\"Pragma\" content=\"no-cache\">\u003Cmeta http-equiv=\"Cache-Control\" content=\"no-cache, must-revalidate\">\u003Cmeta http-equiv=\"Expires\" content=\"0\">\u003Clink rel=\"shortcut icon\" href=\"./tos.ico?v=tos6\" sizes=\"48x48\">\u003Clink rel=\"shortcut icon\" href=\"./tos.ico?v=tos6\" sizes=\"32x32\">\u003Clink rel=\"shortcut icon\" href=\"./tos.svg?v=tos6\">\u003Ctitle>TNAS\u003C/title>\u003Cstyle>.overBody {\n            overflow: hidden;\n        }\u003C/style>\u003Clink href=\"css/chunk-vendors.62c5fb31.css\" rel=\"stylesheet\">\u003Clink href=\"css/app.2a90e497.css\" rel=\"stylesheet\">\u003Cstyle type=\"text/css\">\nmicro-app, micro-app-body { display: block; } \nmicro-app-head { display: none; }\u003C/style>\u003Cscript charset=\"utf-8\" src=\"js/chunk-2d0be333.dd089ebb.js\">\u003C/script>\u003Clink rel=\"stylesheet\" type=\"text/css\" href=\"css/login.457bffb0.css\">\u003Cscript charset=\"utf-8\" src=\"js/login.f4fcf04d.js\">\u003C/script>\u003Clink rel=\"stylesheet\" type=\"text/css\" href=\"css/chunk-ec20d398.89e99e93.css\">\u003Cscript charset=\"utf-8\" src=\"js/chunk-ec20d398.e87325dd.js\">\u003C/script>\u003Clink rel=\"stylesheet\" type=\"text/css\" href=\"css/desktop.97a623f9.css\">\u003Cscript charset=\"utf-8\" src=\"js/desktop.f21fd5e8.js\">\u003C/script>\u003Clink rel=\"stylesheet\" type=\"text/css\" href=\"css/chunk-48ce7c9d.0329c0c8.css\">\u003Cscript charset=\"utf-8\" src=\"js/chunk-48ce7c9d.b1e8981c.js\">\u003C/script>\u003Clink rel=\"stylesheet\" type=\"text/css\" href=\"css/chunk-783d3707.6a1f8ed8.css\">\u003Cscript charset=\"utf-8\" src=\"js/chunk-783d3707.018e34fa.js\">\u003C/script>\u003Clink rel=\"stylesheet\" type=\"text/css\" href=\"css/chunk-47c240c8.20768276.css\">\u003Cscript charset=\"utf-8\" src=\"js/chunk-47c240c8.543cc93d.js\">\u003C/script>\u003Clink rel=\"stylesheet\" type=\"text/css\" href=\"css/global-comp-x-contextmenus-vue.38a3c294.css\">\u003Cscript charset=\"utf-8\" src=\"js/global-comp-x-contextmenus-vue.24a3a269.js\">\u003C/script>\u003Clink rel=\"stylesheet\" type=\"text/css\" href=\"css/chunk-2e5a1ee0.32e1d662.css\">\u003Cscript charset=\"utf-8\" src=\"js/chunk-2e5a1ee0.fe80c796.js\">\u003C/script>\u003Clink rel=\"stylesheet\" type=\"text/css\" href=\"css/chunk-30323ef2.062b5462.css\">\u003Cscript charset=\"utf-8\" src=\"js/chunk-30323ef2.b96b678c.js\">\u003C/script>\u003Cscript charset=\"utf-8\" src=\"js/chunk-0cd8ea92.58295ac8.js\">\u003C/script>\u003Clink rel=\"stylesheet\" type=\"text/css\" href=\"css/chunk-6de1666a.dc471a4a.css\">\u003Cscript charset=\"utf-8\" src=\"js/chunk-6de1666a.bb6f8c48.js\">\u003C/script>\u003Clink rel=\"stylesheet\" type=\"text/css\" href=\"css/chunk-f4268e08.053130e1.css\">\u003Cscript charset=\"utf-8\" src=\"js/chunk-f4268e08.42c59548.js\">\u003C/script>\u003Clink rel=\"stylesheet\" type=\"text/css\" href=\"css/chunk-363946a2.24b944f7.css\">\u003Cscript charset=\"utf-8\" src=\"js/chunk-363946a2.15da972b.js\">\u003C/script>\u003Cstyle type=\"text/css\">.vue-grid-item{-webkit-transition:all .2s ease;transition:all .2s ease;-webkit-transition-property:left,top,right;transition-property:left,top,right}.vue-grid-item.no-touch{-ms-touch-action:none;touch-action:none}.vue-grid-item.cssTransforms{-webkit-transition-property:-webkit-transform;transition-property:-webkit-transform;transition-property:transform;transition-property:transform,-webkit-transform;left:0;right:auto}.vue-grid-item.cssTransforms.render-rtl{left:auto;right:0}.vue-grid-item.resizing{opacity:.6;z-index:3}.vue-grid-item.vue-draggable-dragging{-webkit-transition:none;transition:none;z-index:3}.vue-grid-item.vue-grid-placeholder{background:red;opacity:.2;-webkit-transition-duration:.1s;transition-duration:.1s;z-index:2;-webkit-user-select:none;-moz-user-select:none;-ms-user-select:none;-o-user-select:none;user-select:none}.vue-grid-item>.vue-resizable-handle{position:absolute;width:20px;height:20px;bottom:0;right:0;background:url(\"data:image/svg+xml;base64,PHN2ZyBzdHlsZT0iYmFja2dyb3VuZC1jb2xvcjojZmZmZmZmMDAiIHhtbG5zPSJodHRwOi8vd3d3LnczLm9yZy8yMDAwL3N2ZyIgd2lkdGg9IjYiIGhlaWdodD0iNiI+PHBhdGggZD0iTTYgNkgwVjQuMmg0LjJWMEg2djZ6IiBvcGFjaXR5PSIuMzAyIi8+PC9zdmc+\");background-position:100% 100%;padding:0 3px 3px 0;background-repeat:no-repeat;background-origin:content-box;-webkit-box-sizing:border-box;box-sizing:border-box;cursor:se-resize}.vue-grid-item>.vue-rtl-resizable-handle{bottom:0;left:0;background:url(data:image/svg+xml;base64,PHN2ZyB3aWR0aD0iMTAiIGhlaWdodD0iMTAiIHhtbG5zPSJodHRwOi8vd3d3LnczLm9yZy8yMDAwL3N2ZyI+PHBhdGggZmlsbD0ibm9uZSIgZD0iTS0xLTFoMTJ2MTJILTF6Ii8+PGc+PHBhdGggc3Ryb2tlLWxpbmVjYXA9InVuZGVmaW5lZCIgc3Ryb2tlLWxpbmVqb2luPSJ1bmRlZmluZWQiIHN0cm9rZS13aWR0aD0iMS41IiBzdHJva2U9IiMwMDAiIGZpbGw9Im5vbmUiIGQ9Ik0xNDQuODIxLTM4LjM5M2wtMjAuMzU3LTMxLjc4NSIvPjxwYXRoIHN0cm9rZT0iIzY2NiIgc3Ryb2tlLWxpbmVjYXA9InVuZGVmaW5lZCIgc3Ryb2tlLWxpbmVqb2luPSJ1bmRlZmluZWQiIHN0cm9rZS13aWR0aD0iMiIgZmlsbD0ibm9uZSIgZD0iTS45NDctLjAxOHY5LjEyNU0tLjY1NiA5aDEwLjczIi8+PC9nPjwvc3ZnPg==);background-position:0 100%;padding-left:3px;background-repeat:no-repeat;background-origin:content-box;cursor:sw-resize;right:auto}.vue-grid-item.disable-userselect{-webkit-user-select:none;-moz-user-select:none;-ms-user-select:none;user-select:none}\u003C/style>\u003Cstyle type=\"text/css\">.vue-grid-layout{position:relative;-webkit-transition:height .2s ease;transition:height .2s ease}\u003C/style>\u003Clink rel=\"stylesheet\" type=\"text/css\" href=\"css/chunk-0ae556f8.ee9a29a3.css\">\u003Cscript charset=\"utf-8\" src=\"js/chunk-0ae556f8.0922d40c.js\">\u003C/script>\u003Cstyle id=\"erd_scroll_detection_scrollbar_style\">/* Created by the element-resize-detector library. */\n.erd_scroll_detection_container > div::-webkit-scrollbar { display: none; }\n\n.erd_scroll_detection_container_animation_active { -webkit-animation-duration: 0.1s; animation-duration: 0.1s; -webkit-animation-name: erd_scroll_detection_container_animation; animation-name: erd_scroll_detection_container_animation; }\n@-webkit-keyframes erd_scroll_detection_container_animation { 0% { opacity: 1; } 50% { opacity: 0; } 100% { opacity: 1; } }\n@keyframes erd_scroll_detection_container_animation { 0% { opacity: 1; } 50% { opacity: 0; } 100% { opacity: 1; } }\u003C/style>\u003Clink rel=\"stylesheet\" type=\"text/css\" href=\"css/chunk-fb52fa52.1335c53b.css\">\u003Cscript charset=\"utf-8\" src=\"js/chunk-fb52fa52.c2bad134.js\">\u003C/script>\u003Clink rel=\"stylesheet\" type=\"text/css\" href=\"css/chunk-187ea536.9931a71e.css\">\u003Cscript charset=\"utf-8\" src=\"js/chunk-187ea536.872a2a3f.js\">\u003C/script>\u003Clink rel=\"stylesheet\" type=\"text/css\" href=\"css/global-comp-x-tab-index-vue.08cbf766.css\">\u003Cscript charset=\"utf-8\" src=\"js/global-comp-x-tab-index-vue.7f68811d.js\">\u003C/script>\u003Clink rel=\"stylesheet\" type=\"text/css\" href=\"css/chunk-fb35c328.7f46e022.css\">\u003Cscript charset=\"utf-8\" src=\"js/chunk-fb35c328.a6813529.js\">\u003C/script>\u003Clink rel=\"stylesheet\" type=\"text/css\" href=\"css/chunk-36fbb7b8.25954ced.css\">\u003Cscript charset=\"utf-8\" src=\"js/chunk-36fbb7b8.5b487b09.js\">\u003C/script>\u003C/head>\u003Cbody class=\"overBody\" style=\"position: relative;\">\u003Csvg aria-hidden=\"true\" style=\"position: absolute; width: 0px; height: 0px; overflow: hidden;\">\u003Csymbol id=\"iconsocks\" viewBox=\"0 0 1024 1024\">\u003Cpath d=\"M889.002667 1024H134.997333A135.210667 135.210667 0 0 1 0 889.002667V134.997333A135.210667 135.210667 0 0 1 134.997333 0h754.005334A135.210667 135.210667 0 0 1 1024 134.997333v754.005334A135.210667 135.210667 0 0 1 889.002667 1024zM134.997333 90.026667c-24.789333 0-45.013333 20.181333-45.013333 44.970666v754.005334c0 24.789333 20.224 45.013333 45.013333 45.013333h754.005334c24.789333 0 45.013333-20.224 45.013333-45.013333V134.997333c0-24.789333-20.224-45.013333-45.013333-45.013333H134.997333z\">\u003C/path>\u003Cpath d=\"M45.013333 331.989333h933.973334v90.026667H45.013333V331.946667zM230.997333 210.986667q0 2.474667-0.256 4.906666-0.213333 2.432-0.682666 4.864-0.512 2.389333-1.194667 4.736-0.725333 2.389333-1.706667 4.650667-0.896 2.261333-2.048 4.437333-1.152 2.133333-2.56 4.181334-1.322667 2.048-2.901333 3.968-1.536 1.877333-3.285333 3.626666-1.706667 1.706667-3.626667 3.285334-1.92 1.578667-3.968 2.944-2.048 1.365333-4.181333 2.517333-2.176 1.152-4.437334 2.090667-2.304 0.938667-4.650666 1.664-2.346667 0.682667-4.736 1.194666-2.432 0.426667-4.864 0.725334-2.432 0.213333-4.906667 0.213333-2.432 0-4.906667-0.213333-2.432-0.256-4.821333-0.725334-2.432-0.512-4.778667-1.194666-2.346667-0.725333-4.608-1.664t-4.437333-2.133334q-2.176-1.109333-4.224-2.474666-2.048-1.365333-3.925333-2.944-1.92-1.536-3.626667-3.285334-1.749333-1.706667-3.328-3.626666-1.536-1.92-2.901333-3.968-1.365333-2.005333-2.56-4.181334-1.109333-2.176-2.048-4.437333-0.981333-2.261333-1.706667-4.650667-0.682667-2.346667-1.152-4.736-0.469333-2.432-0.725333-4.864-0.256-2.432-0.256-4.906666 0-2.432 0.256-4.906667 0.256-2.432 0.725333-4.821333 0.469333-2.432 1.194667-4.778667 0.682667-2.346667 1.664-4.608 0.938667-2.261333 2.090666-4.437333 1.152-2.133333 2.517334-4.224 1.365333-2.048 2.901333-3.925334 1.578667-1.92 3.328-3.626666 1.706667-1.749333 3.626667-3.328 1.877333-1.536 3.925333-2.901334 2.048-1.365333 4.224-2.56 2.133333-1.109333 4.437333-2.048 2.261333-0.938667 4.608-1.706666 2.346667-0.682667 4.778667-1.152 2.389333-0.469333 4.821333-0.725334 2.474667-0.256 4.906667-0.256 2.474667 0 4.906667 0.256t4.864 0.725334q2.389333 0.469333 4.736 1.194666t4.650666 1.664q2.261333 0.938667 4.437334 2.090667 2.133333 1.152 4.181333 2.517333t3.968 2.901334q1.877333 1.578667 3.626667 3.328 1.706667 1.706667 3.285333 3.626666 1.578667 1.877333 2.944 3.925334 1.365333 2.048 2.517333 4.224 1.152 2.133333 2.090667 4.437333 0.938667 2.261333 1.664 4.608 0.682667 2.346667 1.194667 4.778667 0.426667 2.389333 0.682666 4.821333 0.256 2.474667 0.256 4.906667zM371.029333 210.986667q0 2.474667-0.256 4.906666-0.256 2.474667-0.725333 4.864-0.469333 2.432-1.194667 4.778667-0.682667 2.346667-1.621333 4.608-0.981333 2.261333-2.133333 4.437333-1.152 2.133333-2.517334 4.224-1.365333 2.048-2.901333 3.925334-1.578667 1.92-3.328 3.669333-1.706667 1.706667-3.626667 3.285333-1.877333 1.536-3.925333 2.901334-2.048 1.365333-4.224 2.56-2.133333 1.152-4.437333 2.090666-2.261333 0.938667-4.608 1.664-2.346667 0.682667-4.778667 1.152-2.389333 0.512-4.864 0.725334-2.432 0.256-4.906667 0.256-2.432 0-4.864-0.256-2.474667-0.213333-4.864-0.725334-2.432-0.426667-4.778666-1.152t-4.608-1.706666q-2.261333-0.896-4.437334-2.048-2.176-1.194667-4.224-2.56-2.048-1.365333-3.925333-2.901334-1.92-1.578667-3.669333-3.285333-1.706667-1.749333-3.285334-3.669333-1.536-1.877333-2.901333-3.925334-1.365333-2.048-2.56-4.224-1.152-2.133333-2.090667-4.437333-0.938667-2.261333-1.621333-4.608-0.725333-2.346667-1.194667-4.778667-0.512-2.389333-0.725333-4.864-0.256-2.432-0.256-4.906666 0-2.432 0.256-4.906667 0.213333-2.432 0.725333-4.821333 0.426667-2.432 1.194667-4.778667 0.682667-2.346667 1.621333-4.608 0.938667-2.304 2.133334-4.437333 1.152-2.176 2.517333-4.266667 1.365333-2.005333 2.901333-3.925333 1.578667-1.877333 3.285334-3.626667 1.749333-1.706667 3.669333-3.285333 1.877333-1.578667 3.925333-2.944 2.048-1.365333 4.224-2.517334 2.133333-1.152 4.437334-2.133333 2.261333-0.896 4.608-1.621333 2.346667-0.725333 4.778666-1.194667 2.389333-0.469333 4.864-0.725333 2.432-0.213333 4.864-0.213334 2.474667 0 4.906667 0.213334 2.474667 0.256 4.864 0.725333 2.432 0.469333 4.778667 1.194667t4.608 1.664q2.261333 0.938667 4.437333 2.133333 2.133333 1.109333 4.224 2.474667 2.048 1.365333 3.925333 2.944 1.92 1.536 3.626667 3.285333 1.749333 1.706667 3.328 3.626667 1.536 1.92 2.901333 3.968 1.365333 2.048 2.56 4.224 1.109333 2.133333 2.090667 4.437333 0.938667 2.261333 1.621333 4.608 0.725333 2.346667 1.194667 4.778667 0.469333 2.389333 0.725333 4.821333 0.256 2.474667 0.256 4.906667zM411.008 210.986667a50.005333 50.005333 0 1 0 100.010667 0.128 50.005333 50.005333 0 0 0-100.010667-0.128z\">\u003C/path>\u003Cpath d=\"M121.386667 613.973333q0-14.933333 7.381333-26.538666 7.338667-11.648 21.205333-18.133334 13.866667-6.528 32.64-6.528 23.893333 0 39.253334 9.514667 15.36 9.472 21.12 27.605333l-26.666667 12.373334q-4.053333-10.453333-11.818667-15.786667-7.808-5.333333-21.034666-5.333333-14.293333 0-21.418667 5.461333-7.168 5.418667-7.168 15.872 0 10.026667 7.466667 15.36t26.24 8.746667q30.08 5.333333 43.733333 18.56 13.653333 13.226667 13.653333 36.693333 0 15.36-8.234666 27.648-8.192 12.245333-23.04 19.072-14.805333 6.826667-33.578667 6.826667-26.026667 0-43.306667-10.666667-17.28-10.666667-23.04-30.293333l26.88-12.586667q3.84 12.373333 13.866667 18.773333 10.026667 6.4 25.386667 6.4t23.338666-6.272q8.021333-6.314667 8.021334-18.048 0-11.093333-8.448-17.493333-8.405333-6.4-29.098667-10.24-27.306667-4.906667-40.32-17.493333-13.013333-12.586667-13.013333-33.493334zM345.6 745.386667q-23.68 0-42.026667-11.52-18.346667-11.52-28.586666-32.213334-10.24-20.693333-10.24-47.573333t10.24-47.573333q10.24-20.693333 28.586666-32.213334 18.346667-11.52 42.026667-11.52 23.68 0 42.112 11.52 18.474667 11.52 28.586667 32.213334 10.154667 20.693333 10.154666 47.573333t-10.154666 47.573333q-10.112 20.693333-28.586667 32.213334-18.432 11.52-42.112 11.52z m0-27.306667q13.866667 0 24.746667-7.978667 10.88-8.021333 16.853333-22.613333 5.973333-14.634667 5.973333-33.408 0-18.986667-5.973333-33.493333t-16.853333-22.485334q-10.88-8.021333-24.746667-8.021333-13.866667 0-24.618667 8.021333-10.794667 7.978667-16.768 22.485334t-5.973333 33.493333q0 18.773333 5.973333 33.408 5.973333 14.592 16.768 22.613333 10.752 7.978667 24.618667 7.978667z m183.253333 0q29.013333 0 37.546667-27.946667l27.52 12.8q-5.76 19.84-22.613333 31.146667-16.853333 11.306667-41.813334 11.306667-23.893333 0-42.453333-11.392-18.56-11.434667-28.8-32.128-10.24-20.693333-10.24-47.786667 0-26.88 10.24-47.573333t28.8-32.213334q18.56-11.52 42.453333-11.52 24.96 0 41.813334 11.221334 16.853333 11.178667 22.613333 31.018666l-27.52 13.013334q-8.533333-27.946667-37.546667-27.946667-13.866667 0-24.661333 8.021333-10.752 7.978667-16.725333 22.485334t-5.973334 33.493333q0 18.986667 5.973334 33.493333t16.725333 22.528q10.794667 7.978667 24.661333 7.978667z m189.013334 24.32l-67.626667-88.32v88.32h-33.493333v-176.853333h33.493333v79.36l61.44-79.36h40.106667l-68.053334 83.2 75.52 93.653333h-41.386666z m55.466666-128.426667q0-14.933333 7.381334-26.538666 7.338667-11.648 21.205333-18.133334 13.866667-6.528 32.64-6.528 23.893333 0 39.253333 9.514667 15.36 9.472 21.12 27.605333l-26.666666 12.373334q-4.053333-10.453333-11.818667-15.786667-7.808-5.333333-21.034667-5.333333-14.293333 0-21.461333 5.461333-7.125333 5.418667-7.125333 15.872 0 10.026667 7.466666 15.36t26.24 8.746667q30.08 5.333333 43.733334 18.56 13.653333 13.226667 13.653333 36.693333 0 15.36-8.234667 27.648-8.192 12.245333-23.04 19.072-14.805333 6.826667-33.578666 6.826667-26.026667 0-43.306667-10.666667-17.28-10.666667-23.04-30.293333l26.88-12.586667q3.84 12.373333 13.866667 18.773333 10.026667 6.4 25.386666 6.4t23.338667-6.272q8.021333-6.314667 8.021333-18.048 0-11.093333-8.448-17.493333-8.405333-6.4-29.098666-10.24-27.306667-4.906667-40.32-17.493333-13.013333-12.586667-13.013334-33.493334z\">\u003C/path>\u003C/symbol>\u003Csymbol id=\"iconhttp\" viewBox=\"0 0 1024 1024\">\u003Cpath d=\"M889.002667 1024H134.997333A135.210667 135.210667 0 0 1 0 889.002667V134.997333A135.210667 135.210667 0 0 1 134.997333 0h754.005334A135.210667 135.210667 0 0 1 1024 134.997333v754.005334A135.210667 135.210667 0 0 1 889.002667 1024zM134.997333 90.026667c-24.789333 0-45.013333 20.181333-45.013333 44.970666v754.005334c0 24.789333 20.224 45.013333 45.013333 45.013333h754.005334c24.789333 0 45.013333-20.224 45.013333-45.013333V134.997333c0-24.789333-20.224-45.013333-45.013333-45.013333H134.997333z\">\u003C/path>\u003Cpath d=\"M45.013333 331.989333h933.973334v90.026667H45.013333V331.946667zM230.997333 210.986667q0 2.474667-0.256 4.906666-0.213333 2.432-0.682666 4.864-0.512 2.389333-1.194667 4.736-0.725333 2.389333-1.706667 4.650667-0.896 2.261333-2.048 4.437333-1.152 2.133333-2.56 4.181334-1.322667 2.048-2.901333 3.968-1.536 1.877333-3.285333 3.626666-1.706667 1.706667-3.626667 3.285334-1.92 1.578667-3.968 2.944-2.048 1.365333-4.181333 2.517333-2.176 1.152-4.437334 2.090667-2.304 0.938667-4.650666 1.664-2.346667 0.682667-4.736 1.194666-2.432 0.426667-4.864 0.725334-2.432 0.213333-4.906667 0.213333-2.432 0-4.906667-0.213333-2.432-0.256-4.821333-0.725334-2.432-0.512-4.778667-1.194666-2.346667-0.725333-4.608-1.664t-4.437333-2.133334q-2.176-1.109333-4.224-2.474666-2.048-1.365333-3.925333-2.944-1.92-1.536-3.626667-3.285334-1.749333-1.706667-3.328-3.626666-1.536-1.92-2.901333-3.968-1.365333-2.005333-2.56-4.181334-1.109333-2.176-2.048-4.437333-0.981333-2.261333-1.706667-4.650667-0.682667-2.346667-1.152-4.736-0.469333-2.432-0.725333-4.864-0.256-2.432-0.256-4.906666 0-2.432 0.256-4.906667 0.256-2.432 0.725333-4.821333 0.469333-2.432 1.194667-4.778667 0.682667-2.346667 1.664-4.608 0.938667-2.261333 2.090666-4.437333 1.152-2.133333 2.517334-4.224 1.365333-2.048 2.901333-3.925334 1.578667-1.92 3.328-3.626666 1.706667-1.749333 3.626667-3.328 1.877333-1.536 3.925333-2.901334 2.048-1.365333 4.224-2.56 2.133333-1.109333 4.437333-2.048 2.261333-0.938667 4.608-1.706666 2.346667-0.682667 4.778667-1.152 2.389333-0.469333 4.821333-0.725334 2.474667-0.256 4.906667-0.256 2.474667 0 4.906667 0.256t4.864 0.725334q2.389333 0.469333 4.736 1.194666t4.650666 1.664q2.261333 0.938667 4.437334 2.090667 2.133333 1.152 4.181333 2.517333t3.968 2.901334q1.877333 1.578667 3.626667 3.328 1.706667 1.706667 3.285333 3.626666 1.578667 1.877333 2.944 3.925334 1.365333 2.048 2.517333 4.224 1.152 2.133333 2.090667 4.437333 0.938667 2.261333 1.664 4.608 0.682667 2.346667 1.194667 4.778667 0.426667 2.389333 0.682666 4.821333 0.256 2.474667 0.256 4.906667zM371.029333 210.986667q0 2.474667-0.256 4.906666-0.256 2.474667-0.725333 4.864-0.469333 2.432-1.194667 4.778667-0.682667 2.346667-1.621333 4.608-0.981333 2.261333-2.133333 4.437333-1.152 2.133333-2.517334 4.224-1.365333 2.048-2.901333 3.925334-1.578667 1.92-3.328 3.669333-1.706667 1.706667-3.626667 3.285333-1.877333 1.536-3.925333 2.901334-2.048 1.365333-4.224 2.56-2.133333 1.152-4.437333 2.090666-2.261333 0.938667-4.608 1.664-2.346667 0.682667-4.778667 1.152-2.389333 0.512-4.864 0.725334-2.432 0.256-4.906667 0.256-2.432 0-4.864-0.256-2.474667-0.213333-4.864-0.725334-2.432-0.426667-4.778666-1.152t-4.608-1.706666q-2.261333-0.896-4.437334-2.048-2.176-1.194667-4.224-2.56-2.048-1.365333-3.925333-2.901334-1.92-1.578667-3.669333-3.285333-1.706667-1.749333-3.285334-3.669333-1.536-1.877333-2.901333-3.925334-1.365333-2.048-2.56-4.224-1.152-2.133333-2.090667-4.437333-0.938667-2.261333-1.621333-4.608-0.725333-2.346667-1.194667-4.778667-0.512-2.389333-0.725333-4.864-0.256-2.432-0.256-4.906666 0-2.432 0.256-4.906667 0.213333-2.432 0.725333-4.821333 0.426667-2.432 1.194667-4.778667 0.682667-2.346667 1.621333-4.608 0.938667-2.304 2.133334-4.437333 1.152-2.176 2.517333-4.266667 1.365333-2.005333 2.901333-3.925333 1.578667-1.877333 3.285334-3.626667 1.749333-1.706667 3.669333-3.285333 1.877333-1.578667 3.925333-2.944 2.048-1.365333 4.224-2.517334 2.133333-1.152 4.437334-2.133333 2.261333-0.896 4.608-1.621333 2.346667-0.725333 4.778666-1.194667 2.389333-0.469333 4.864-0.725333 2.432-0.213333 4.864-0.213334 2.474667 0 4.906667 0.213334 2.474667 0.256 4.864 0.725333 2.432 0.469333 4.778667 1.194667t4.608 1.664q2.261333 0.938667 4.437333 2.133333 2.133333 1.109333 4.224 2.474667 2.048 1.365333 3.925333 2.944 1.92 1.536 3.626667 3.285333 1.749333 1.706667 3.328 3.626667 1.536 1.92 2.901333 3.968 1.365333 2.048 2.56 4.224 1.109333 2.133333 2.090667 4.437333 0.938667 2.261333 1.621333 4.608 0.725333 2.346667 1.194667 4.778667 0.469333 2.389333 0.725333 4.821333 0.256 2.474667 0.256 4.906667zM411.008 210.986667a50.005333 50.005333 0 1 0 100.010667 0.128 50.005333 50.005333 0 0 0-100.010667-0.128z\">\u003C/path>\u003Cpath d=\"M331.52 565.546667V742.4h-33.493333v-78.72H220.586667V742.4h-33.493334v-176.853333h33.493334V635.733333h77.44v-70.186666h33.493333z m173.013333 28.16h-46.506666V742.4H424.533333v-148.693333H377.813333v-28.16h126.72v28.16z m165.546667 0h-46.506667V742.4h-33.493333v-148.693333h-46.72v-28.16h126.72v28.16z m169.386667 29.44q0 17.066667-7.253334 30.08-7.253333 13.013333-20.352 20.266666-13.141333 7.253333-30.421333 7.253334h-31.36V742.4h-33.493333v-176.853333h64.853333q17.28 0 30.421333 7.253333 13.098667 7.253333 20.352 20.266667 7.253333 13.013333 7.253334 30.08z m-33.493334 0q0-15.146667-8.32-23.253334-8.32-8.106667-23.68-8.106666h-23.893333v62.72h23.893333q15.36 0 23.68-8.106667 8.32-8.106667 8.32-23.253333z\">\u003C/path>\u003C/symbol>\u003Csymbol id=\"iconhttps\" viewBox=\"0 0 1024 1024\">\u003Cpath d=\"M889.002667 1024H134.997333A135.210667 135.210667 0 0 1 0 889.002667V134.997333A135.210667 135.210667 0 0 1 134.997333 0h754.005334A135.210667 135.210667 0 0 1 1024 134.997333v754.005334A135.210667 135.210667 0 0 1 889.002667 1024zM134.997333 90.026667c-24.789333 0-45.013333 20.181333-45.013333 44.970666v754.005334c0 24.789333 20.224 45.013333 45.013333 45.013333h754.005334c24.789333 0 45.013333-20.224 45.013333-45.013333V134.997333c0-24.789333-20.224-45.013333-45.013333-45.013333H134.997333z\">\u003C/path>\u003Cpath d=\"M45.013333 331.989333h933.973334v90.026667H45.013333V331.946667zM230.997333 210.986667q0 2.474667-0.256 4.906666-0.213333 2.432-0.682666 4.864-0.512 2.389333-1.194667 4.736-0.725333 2.389333-1.706667 4.650667-0.896 2.261333-2.048 4.437333-1.152 2.133333-2.56 4.181334-1.322667 2.048-2.901333 3.968-1.536 1.877333-3.285333 3.626666-1.706667 1.706667-3.626667 3.285334-1.92 1.578667-3.968 2.944-2.048 1.365333-4.181333 2.517333-2.176 1.152-4.437334 2.090667-2.304 0.938667-4.650666 1.664-2.346667 0.682667-4.736 1.194666-2.432 0.426667-4.864 0.725334-2.432 0.213333-4.906667 0.213333-2.432 0-4.906667-0.213333-2.432-0.256-4.821333-0.725334-2.432-0.512-4.778667-1.194666-2.346667-0.725333-4.608-1.664t-4.437333-2.133334q-2.176-1.109333-4.224-2.474666-2.048-1.365333-3.925333-2.944-1.92-1.536-3.626667-3.285334-1.749333-1.706667-3.328-3.626666-1.536-1.92-2.901333-3.968-1.365333-2.005333-2.56-4.181334-1.109333-2.176-2.048-4.437333-0.981333-2.261333-1.706667-4.650667-0.682667-2.346667-1.152-4.736-0.469333-2.432-0.725333-4.864-0.256-2.432-0.256-4.906666 0-2.432 0.256-4.906667 0.256-2.432 0.725333-4.821333 0.469333-2.432 1.194667-4.778667 0.682667-2.346667 1.664-4.608 0.938667-2.261333 2.090666-4.437333 1.152-2.133333 2.517334-4.224 1.365333-2.048 2.901333-3.925334 1.578667-1.92 3.328-3.626666 1.706667-1.749333 3.626667-3.328 1.877333-1.536 3.925333-2.901334 2.048-1.365333 4.224-2.56 2.133333-1.109333 4.437333-2.048 2.261333-0.938667 4.608-1.706666 2.346667-0.682667 4.778667-1.152 2.389333-0.469333 4.821333-0.725334 2.474667-0.256 4.906667-0.256 2.474667 0 4.906667 0.256t4.864 0.725334q2.389333 0.469333 4.736 1.194666t4.650666 1.664q2.261333 0.938667 4.437334 2.090667 2.133333 1.152 4.181333 2.517333t3.968 2.901334q1.877333 1.578667 3.626667 3.328 1.706667 1.706667 3.285333 3.626666 1.578667 1.877333 2.944 3.925334 1.365333 2.048 2.517333 4.224 1.152 2.133333 2.090667 4.437333 0.938667 2.261333 1.664 4.608 0.682667 2.346667 1.194667 4.778667 0.426667 2.389333 0.682666 4.821333 0.256 2.474667 0.256 4.906667zM371.029333 210.986667q0 2.474667-0.256 4.906666-0.256 2.474667-0.725333 4.864-0.469333 2.432-1.194667 4.778667-0.682667 2.346667-1.621333 4.608-0.981333 2.261333-2.133333 4.437333-1.152 2.133333-2.517334 4.224-1.365333 2.048-2.901333 3.925334-1.578667 1.92-3.328 3.669333-1.706667 1.706667-3.626667 3.285333-1.877333 1.536-3.925333 2.901334-2.048 1.365333-4.224 2.56-2.133333 1.152-4.437333 2.090666-2.261333 0.938667-4.608 1.664-2.346667 0.682667-4.778667 1.152-2.389333 0.512-4.864 0.725334-2.432 0.256-4.906667 0.256-2.432 0-4.864-0.256-2.474667-0.213333-4.864-0.725334-2.432-0.426667-4.778666-1.152t-4.608-1.706666q-2.261333-0.896-4.437334-2.048-2.176-1.194667-4.224-2.56-2.048-1.365333-3.925333-2.901334-1.92-1.578667-3.669333-3.285333-1.706667-1.749333-3.285334-3.669333-1.536-1.877333-2.901333-3.925334-1.365333-2.048-2.56-4.224-1.152-2.133333-2.090667-4.437333-0.938667-2.261333-1.621333-4.608-0.725333-2.346667-1.194667-4.778667-0.512-2.389333-0.725333-4.864-0.256-2.432-0.256-4.906666 0-2.432 0.256-4.906667 0.213333-2.432 0.725333-4.821333 0.426667-2.432 1.194667-4.778667 0.682667-2.346667 1.621333-4.608 0.938667-2.304 2.133334-4.437333 1.152-2.176 2.517333-4.266667 1.365333-2.005333 2.901333-3.925333 1.578667-1.877333 3.285334-3.626667 1.749333-1.706667 3.669333-3.285333 1.877333-1.578667 3.925333-2.944 2.048-1.365333 4.224-2.517334 2.133333-1.152 4.437334-2.133333 2.261333-0.896 4.608-1.621333 2.346667-0.725333 4.778666-1.194667 2.389333-0.469333 4.864-0.725333 2.432-0.213333 4.864-0.213334 2.474667 0 4.906667 0.213334 2.474667 0.256 4.864 0.725333 2.432 0.469333 4.778667 1.194667t4.608 1.664q2.261333 0.938667 4.437333 2.133333 2.133333 1.109333 4.224 2.474667 2.048 1.365333 3.925333 2.944 1.92 1.536 3.626667 3.285333 1.749333 1.706667 3.328 3.626667 1.536 1.92 2.901333 3.968 1.365333 2.048 2.56 4.224 1.109333 2.133333 2.090667 4.437333 0.938667 2.261333 1.621333 4.608 0.725333 2.346667 1.194667 4.778667 0.469333 2.389333 0.725333 4.821333 0.256 2.474667 0.256 4.906667zM411.008 210.986667a50.005333 50.005333 0 1 0 100.010667 0.128 50.005333 50.005333 0 0 0-100.010667-0.128z\">\u003C/path>\u003Cpath d=\"M288.853333 565.546667V742.4h-33.493333v-78.72H177.92V742.4h-33.493333v-176.853333h33.493333V635.733333h77.44v-70.186666h33.493333z m150.613334 28.16H392.96V742.4h-33.493333v-148.693333H312.746667v-28.16h126.72v28.16z m143.146666 0h-46.506666V742.4h-33.493334v-148.693333h-46.72v-28.16h126.72v28.16z m146.986667 29.44q0 17.066667-7.253333 30.08-7.253333 13.013333-20.394667 20.266666-13.098667 7.253333-30.378667 7.253334h-31.36V742.4h-33.493333v-176.853333h64.853333q17.28 0 30.378667 7.253333 13.141333 7.253333 20.394667 20.266667 7.253333 13.013333 7.253333 30.08z m-33.493333 0q0-15.146667-8.32-23.253334-8.32-8.106667-23.68-8.106666h-23.893334v62.72h23.893334q15.36 0 23.68-8.106667 8.32-8.106667 8.32-23.253333z m56.106666-9.173334q0-14.933333 7.338667-26.538666 7.381333-11.648 21.248-18.133334 13.866667-6.528 32.64-6.528 23.893333 0 39.253333 9.514667 15.36 9.472 21.12 27.605333l-26.666666 12.373334q-4.053333-10.453333-11.861334-15.786667-7.765333-5.333333-20.992-5.333333-14.293333 0-21.461333 5.461333-7.125333 5.418667-7.125333 15.872 0 10.026667 7.466666 15.36t26.24 8.746667q30.08 5.333333 43.733334 18.56 13.653333 13.226667 13.653333 36.693333 0 15.36-8.234667 27.648-8.192 12.245333-23.04 19.072-14.805333 6.826667-33.578666 6.826667-26.026667 0-43.306667-10.666667-17.28-10.666667-23.04-30.293333l26.88-12.586667q3.84 12.373333 13.866667 18.773333 10.026667 6.4 25.386666 6.4t23.338667-6.272q8.021333-6.314667 8.021333-18.048 0-11.093333-8.448-17.493333-8.405333-6.4-29.098666-10.24-27.306667-4.906667-40.32-17.493333-13.013333-12.586667-13.013334-33.493334z\">\u003C/path>\u003C/symbol>\u003Csymbol id=\"iconrongqi5\" viewBox=\"0 0 1024 1024\">\u003Cpath d=\"M847.6672 85.3504c11.2128 0 20.2752 9.0624 20.2752 20.2752v410.1632a208.2816 208.2816 0 0 0-81.2544-23.4496V166.5536H217.856v690.7904h209.408c8.704 31.4368 26.2656 59.648 50.688 81.3056H156.7744a20.3264 20.3264 0 0 1-20.2752-20.3264V105.6256c0-11.2128 9.0624-20.2752 20.2752-20.2752h690.7904zM481.8944 451.0208c10.3424 0 18.9952 7.68 20.224 17.92l0.1024 2.4064V512l-0.1024 2.4064a20.3264 20.3264 0 0 1-17.8176 17.7664l-2.4064 0.1536h-121.856l-2.4064-0.1536a20.3264 20.3264 0 0 1-17.8176-17.8176L339.712 512v-40.6528l0.1024-2.3552a20.3264 20.3264 0 0 1 17.8176-17.8176l2.4064-0.1536h121.856z m162.56-162.56c10.3424 0 18.9952 7.68 20.224 17.9712l0.1024 2.4064v40.6016l-0.1024 2.4064a20.3264 20.3264 0 0 1-17.8688 17.7664l-2.3552 0.1536H360.0384l-2.4064-0.1536a20.3264 20.3264 0 0 1-17.8176-17.7664l-0.1024-2.4064v-40.6016l0.1024-2.4064a20.3264 20.3264 0 0 1 17.8176-17.8176l2.4064-0.1024h284.416z\">\u003C/path>\u003Cpath d=\"M527.104 614.144Q463.36 677.888 463.36 768q0 90.112 63.744 153.856Q590.848 985.6 680.96 985.6q90.112 0 153.856-63.744Q898.56 858.112 898.56 768q0-90.112-63.744-153.856Q771.072 550.4 680.96 550.4q-90.112 0-153.856 63.744z m263.2704 44.4416q45.3632 45.312 45.3632 109.4144t-45.3632 109.4144q-45.312 45.3632-109.4144 45.3632t-109.4144-45.3632q-45.3632-45.312-45.3632-109.4144t45.3632-109.4144q45.312-45.3632 109.4144-45.3632t109.4144 45.3632z m-77.9776 29.184v-3.5328l-0.4608-5.7344q-2.6624-16.384-21.6576-16.384H665.6q-16.0256 6.144-16.0768 22.1184v93.0816q0 22.016 22.1184 22.1184h93.1328q22.016-0.0512 22.0672-22.1184v-18.6368q0-22.016-22.1184-22.1184h-52.3264v-48.8448z\">\u003C/path>\u003C/symbol>\u003Csymbol id=\"iconfenpeiwangluo\" viewBox=\"0 0 1100 1024\">\u003Cpath d=\"M201.144558 333.395349v-119.069768q0-3.524465 0.666791-6.953674 0.714419-3.476837 2.048-6.715535 1.333581-3.238698 3.333953-6.191628 1.905116-2.905302 4.381768-5.381953 2.524279-2.524279 5.429581-4.477024 2.905302-1.905116 6.191628-3.286325 3.238698-1.333581 6.667907-2.048Q233.341023 178.604651 236.865488 178.604651h555.627163q3.524465 0 7.001302 0.666791 3.429209 0.714419 6.667907 2.048 3.286326 1.333581 6.191628 3.333953 2.95293 1.905116 5.429582 4.429396 2.476651 2.476651 4.429395 5.381953 1.952744 2.95293 3.333954 6.191628 1.333581 3.238698 2.000372 6.667907 0.666791 3.476837 0.66679 7.001302v119.069768q0 3.524465-0.66679 6.953674-0.666791 3.476837-2.048 6.715535-1.333581 3.238698-3.286326 6.191628-1.952744 2.905302-4.429395 5.381954-2.476651 2.524279-5.429582 4.477023-2.905302 1.905116-6.191628 3.286325-3.238698 1.333581-6.667907 2.048-3.476837 0.666791-7.001302 0.666791H550.4v127.023628h162.220651a35.72093 35.72093 0 0 1 27.052651 12.383256l119.593675 138.930604c1.952744 2.28614 3.619721 4.762791 4.905674 7.429954h47.389768q3.524465 0 7.001302 0.666791 3.429209 0.714419 6.667907 2.048 3.286326 1.333581 6.191628 3.333953 2.905302 1.905116 5.429581 4.429395 2.476651 2.476651 4.429396 5.381954 1.952744 2.95293 3.333953 6.191628 1.333581 3.238698 2.000372 6.667907 0.666791 3.476837 0.666791 7.001302v158.743814q0 3.524465-0.666791 7.001302-0.666791 3.429209-2.048 6.667907-1.333581 3.286326-3.333953 6.191628-1.905116 2.905302-4.381768 5.429582-2.524279 2.476651-5.429581 4.429395-2.905302 1.952744-6.191628 3.333954-3.238698 1.333581-6.667907 2.000372-3.476837 0.666791-7.001302 0.66679H752.818605q-3.524465 0-6.953675-0.66679-3.476837-0.666791-6.715535-2.048-3.238698-1.333581-6.191628-3.333954-2.905302-1.905116-5.381953-4.381767-2.524279-2.524279-4.477023-5.429582-1.905116-2.905302-3.286326-6.191628-1.333581-3.238698-2.048-6.667907-0.666791-3.476837-0.666791-7.001302V690.604651q0-3.524465 0.666791-6.953674 0.714419-3.476837 2.048-6.715535 1.333581-3.238698 3.333954-6.191628 1.905116-2.905302 4.429395-5.381954 2.476651-2.524279 5.381953-4.477023 2.95293-1.905116 6.191628-3.286325 3.238698-1.333581 6.667907-2.048Q749.341767 654.883721 752.818605 654.883721h18.574883l-75.156837-87.301954H550.4V654.883721h43.674791q3.476837 0 6.953674 0.666791 3.429209 0.714419 6.667907 2.048 3.286326 1.333581 6.191628 3.333953 2.95293 1.905116 5.429581 4.429395 2.476651 2.476651 4.429396 5.381954 1.952744 2.95293 3.333953 6.191628 1.333581 3.238698 2.000372 6.667907 0.714419 3.476837 0.714419 7.001302v158.743814q0 3.524465-0.714419 7.001302-0.666791 3.429209-2.048 6.667907-1.333581 3.286326-3.286325 6.191628-1.905116 2.905302-4.429396 5.429582-2.476651 2.476651-5.429581 4.429395-2.905302 1.952744-6.191628 3.333954-3.238698 1.333581-6.667907 2.000372-3.476837 0.666791-6.953674 0.66679H435.283349q-3.524465 0-6.953675-0.66679-3.476837-0.666791-6.667907-2.048-3.286326-1.333581-6.191627-3.333954-2.95293-1.905116-5.429582-4.381767-2.476651-2.524279-4.429395-5.429582-1.952744-2.905302-3.333954-6.191628-1.333581-3.238698-2.000372-6.667907-0.714419-3.476837-0.714418-7.001302V690.604651q0-3.524465 0.714418-6.953674 0.666791-3.476837 2.000372-6.715535 1.381209-3.238698 3.333954-6.191628 1.905116-2.905302 4.429395-5.381954 2.476651-2.524279 5.429582-4.477023 2.905302-1.905116 6.191627-3.286325 3.19107-1.333581 6.667907-2.048 3.429209-0.666791 6.953675-0.666791h43.674791v-87.301954H332.645209L257.821767 654.883721H276.539535q3.524465 0 6.953674 0.666791 3.476837 0.714419 6.715535 2.048 3.238698 1.333581 6.191628 3.333953 2.905302 1.905116 5.381954 4.429395 2.524279 2.476651 4.477023 5.381954 1.905116 2.95293 3.286325 6.191628 1.333581 3.238698 2.048 6.667907 0.666791 3.476837 0.666791 7.001302v158.743814q0 3.524465-0.666791 7.001302-0.714419 3.429209-2.048 6.667907-1.333581 3.286326-3.333953 6.191628-1.905116 2.905302-4.429395 5.429582-2.476651 2.476651-5.381954 4.429395-2.95293 1.952744-6.191628 3.333954-3.238698 1.333581-6.667907 2.000372-3.476837 0.666791-7.001302 0.66679H117.795721q-3.524465 0-7.001302-0.66679-3.429209-0.666791-6.667907-2.048-3.286326-1.333581-6.191628-3.333954-2.905302-1.905116-5.429582-4.381767-2.476651-2.524279-4.429395-5.429582-1.905116-2.905302-3.333954-6.191628-1.285953-3.238698-2.000372-6.667907-0.666791-3.476837-0.66679-7.001302V690.604651q0-3.524465 0.66679-6.953674 0.714419-3.476837 2.048-6.715535 1.333581-3.238698 3.333954-6.191628 1.905116-2.905302 4.381767-5.381954 2.524279-2.524279 5.429582-4.477023 2.905302-1.905116 6.191628-3.286325 3.238698-1.333581 6.667907-2.048 3.476837-0.666791 7.001302-0.666791h47.389767a35.72093 35.72093 0 0 1 4.858047-7.382326l119.069767-138.882976a35.72093 35.72093 0 0 1 27.147907-12.478512H478.95814V369.116279H236.865488q-3.524465 0-7.001302-0.666791-3.429209-0.714419-6.667907-2.048-3.286326-1.333581-6.191628-3.333953-2.905302-1.905116-5.429581-4.429395-2.476651-2.476651-4.429396-5.381954-1.905116-2.95293-3.333953-6.191628-1.285953-3.238698-2.000372-6.667907-0.666791-3.476837-0.666791-7.001302z m71.441861-83.348837v47.627907h484.185302v-47.627907H272.586419z m-119.069768 476.279069v87.301954H240.818605V726.325581H153.516651z m317.487628 0v87.301954h87.349581V726.325581H471.004279z m317.535256 0v87.301954h87.301953V726.325581H788.539535z\" fill=\"#86909C\">\u003C/path>\u003C/symbol>\u003Csymbol id=\"iconMusic\" viewBox=\"0 0 1024 1024\">\u003Cpath d=\"M906.991 150.344l0.009 0.996v529.104c0 88.368-71.632 160-160 160s-160-71.632-160-160c0-88.367 71.632-160 160-160 36.02 0 69.26 11.903 96.002 31.989L843 164.12l-396.575 72.104a10.667 10.667 0 0 0-8.755 10.21l-0.003 0.285-0.001 518.937v0.12c0 87.484-70.208 158.566-157.353 159.98l-2.646 0.02c-88.366 0-160-71.633-160-160 0-88.366 71.634-160 160-160 36.02 0 69.26 11.903 96.001 31.99l-0.001-391.047c0-35.725 25.293-66.389 60.248-73.262l1.062-0.2 409.15-74.392c32.411-5.892 62.27 18.7 62.864 51.478zM277.667 669.778c-53.02 0-96 42.98-96 96s42.98 96 96 96 96-42.98 96-96l-0.001 0.12v-0.243c-0.065-52.434-42.165-95.017-94.412-95.865zM747 584.444c-53.021 0-96 42.979-96 96 0 53.022 42.979 96 96 96s96-42.978 96-96c0-53.021-42.979-96-96-96z\" fill=\"#000000\">\u003C/path>\u003C/symbol>\u003Csymbol id=\"iconClipped\" viewBox=\"0 0 1024 1024\">\u003Cpath d=\"M512 422.4a187.733333 187.733333 0 1 0 0-375.466667 187.733333 187.733333 0 0 0 0 375.466667z m0-298.666667a110.933333 110.933333 0 1 1 0 221.866667 110.933333 110.933333 0 0 1 0-221.866667zM469.333333 571.733333c-96.298667 0-178.346667 30.08-246.016 90.282667C156.928 721.024 123.733333 791.893333 123.733333 874.666667a38.4 38.4 0 0 1-76.8 0c0-105.770667 41.813333-195.754667 125.354667-270.08C254.549333 531.498667 353.578667 494.933333 469.333333 494.933333a38.4 38.4 0 0 1 0 76.8zM789.333333 558.933333a38.4 38.4 0 0 1 27.136 11.264l85.333334 85.333334a38.4 38.4 0 0 1 0 54.272l-213.333334 213.333333a38.4 38.4 0 0 1-27.136 11.264h-85.333333a38.4 38.4 0 0 1-38.4-38.4v-85.333333a38.4 38.4 0 0 1 11.264-27.136l213.333333-213.333334a38.4 38.4 0 0 1 27.136-11.264z m0 92.714667l-174.933333 174.933333v31.018667h31.018667l174.933333-174.933333-31.018667-31.018667z\">\u003C/path>\u003C/symbol>\u003Csymbol id=\"iconrongqi4\" viewBox=\"0 0 1024 1024\">\u003Cpath d=\"M917.3504 768c11.776 0 21.2992 9.5744 21.2992 21.3504v42.6496c0 11.776-9.5232 21.3504-21.2992 21.3504H106.6496a21.3504 21.3504 0 0 1-21.2992-21.3504v-42.6496c0-11.776 9.5232-21.3504 21.2992-21.3504h810.7008zM132.0448 377.6c4.608 0 9.1136 1.28 13.1072 3.6864l181.0944 109.1584a25.3952 25.3952 0 0 1 0 43.4688L145.152 643.072a25.3952 25.3952 0 0 1-38.5024-21.76V402.9952c0-14.0288 11.3664-25.3952 25.3952-25.3952z m785.3056 91.7504c11.776 0 21.2992 9.5232 21.2992 21.2992v42.7008c0 11.776-9.5232 21.2992-21.2992 21.2992H490.6496a21.3504 21.3504 0 0 1-21.2992-21.2992v-42.7008c0-11.776 9.5232-21.2992 21.2992-21.2992h426.7008z m0-298.7008c11.776 0 21.2992 9.5744 21.2992 21.3504v42.6496c0 11.776-9.5232 21.3504-21.2992 21.3504H106.6496a21.3504 21.3504 0 0 1-21.2992-21.3504V192c0-11.776 9.5232-21.3504 21.2992-21.3504h810.7008z\">\u003C/path>\u003C/symbol>\u003Csymbol id=\"icona-2\" viewBox=\"0 0 1024 1024\">\u003Cpath d=\"M864 224a64 64 0 0 0-64 64v448a64 64 0 0 0 128 0V288a64 64 0 0 0-64-64z\">\u003C/path>\u003Cpath d=\"M288 789.12q-1.824 1.056-3.68 1.984-1.92 0.928-3.84 1.728-1.92 0.8-3.904 1.472-1.984 0.672-4 1.216-2.048 0.544-4.096 0.96-2.048 0.416-4.128 0.672-2.08 0.288-4.16 0.416-2.112 0.128-4.192 0.128t-4.16-0.128q-2.112-0.128-4.192-0.416-2.08-0.256-4.16-0.672-2.016-0.416-4.064-0.96-2.016-0.544-4-1.216-1.984-0.672-3.904-1.472-1.92-0.8-3.84-1.728-1.856-0.928-3.68-1.984-1.824-1.024-3.552-2.208-1.76-1.152-3.424-2.432-1.632-1.28-3.2-2.656-1.6-1.376-3.072-2.88-1.504-1.472-2.88-3.04-1.376-1.6-2.656-3.232-1.28-1.664-2.432-3.424-1.152-1.728-2.24-3.52-1.024-1.824-1.92-3.712-0.96-1.888-1.76-3.84-0.8-1.92-1.472-3.904-0.64-1.984-1.216-4-0.544-2.016-0.96-4.096-0.384-2.048-0.64-4.128-0.32-2.08-0.448-4.16T192 733.728V290.272q0-2.112 0.128-4.192 0.16-2.08 0.416-4.16 0.288-2.08 0.672-4.16 0.416-2.048 0.96-4.064t1.216-4q0.672-1.984 1.472-3.936 0.8-1.92 1.728-3.808 0.96-1.888 1.984-3.68 1.056-1.824 2.24-3.552 1.12-1.76 2.4-3.424 1.28-1.664 2.656-3.2 1.376-1.6 2.88-3.072 1.472-1.504 3.04-2.88 1.6-1.376 3.232-2.656 1.664-1.28 3.424-2.432 1.728-1.184 3.552-2.24 1.824-1.024 3.68-1.92 1.92-0.96 3.84-1.76t3.904-1.472q1.984-0.672 4-1.216 2.048-0.544 4.096-0.96 2.048-0.416 4.128-0.672 2.08-0.288 4.16-0.416 2.112-0.128 4.192-0.128t4.16 0.128q2.112 0.128 4.192 0.416 2.08 0.256 4.16 0.672 2.016 0.416 4.064 0.96 2.016 0.544 4 1.216 1.984 0.672 3.904 1.472 1.92 0.8 3.84 1.728 1.856 0.928 3.68 1.984l384 221.696q1.824 1.056 3.552 2.24 1.76 1.12 3.424 2.4 1.632 1.28 3.2 2.656 1.6 1.376 3.072 2.88 1.504 1.472 2.88 3.04 1.376 1.6 2.656 3.232 1.28 1.664 2.432 3.424 1.152 1.728 2.24 3.552 1.024 1.824 1.92 3.68 0.96 1.92 1.76 3.84t1.472 3.904q0.64 1.984 1.216 4 0.544 2.048 0.96 4.096 0.384 2.048 0.64 4.128 0.32 2.08 0.448 4.16 0.128 2.112 0.128 4.192t-0.128 4.16q-0.16 2.112-0.416 4.192-0.288 2.08-0.672 4.16-0.416 2.016-0.96 4.064-0.544 2.016-1.216 4-0.672 1.984-1.472 3.904-0.8 1.92-1.728 3.84-0.96 1.856-1.984 3.68-1.056 1.824-2.24 3.552-1.12 1.76-2.4 3.424-1.28 1.632-2.656 3.2-1.376 1.6-2.88 3.072-1.472 1.504-3.04 2.88-1.6 1.376-3.232 2.656-1.664 1.28-3.424 2.432-1.728 1.152-3.552 2.24L288 789.12z\">\u003C/path>\u003C/symbol>\u003Csymbol id=\"iconrongqi3\" viewBox=\"0 0 1024 1024\">\u003Cpath d=\"M512 68.2496a38.4 38.4 0 0 1 38.4 38.4v362.7008c0 2.816 1.3824 4.2496 4.2496 4.2496h362.6496a38.4 38.4 0 0 1 38.4 38.4c0 122.5216-43.3152 227.1232-129.9456 313.7536-86.6304 86.6816-191.232 129.9968-313.7536 129.9968-122.5728 0-227.1232-43.3152-313.8048-129.9968C111.616 739.1232 68.2496 634.5216 68.2496 512c0-122.5216 43.3152-227.1232 129.9456-313.7536C284.8768 111.616 389.4272 68.2496 512 68.2496z m-38.4 78.592c-84.992 8.0384-158.6688 43.264-221.0816 105.6768-71.68 71.68-107.4688 158.208-107.4688 259.4816 0 101.376 35.84 187.8016 107.52 259.4816 71.5776 71.68 158.1056 107.4688 259.4304 107.4688s187.8016-35.84 259.4304-107.52c62.464-62.4128 97.6896-136.0896 105.728-221.0304h-322.5088c-22.3744 0-41.472-7.8848-57.344-23.7568a78.1312 78.1312 0 0 1-23.7056-57.344V146.8928z\" fill=\"#333333\">\u003C/path>\u003Cpath d=\"M759.3472 43.52c33.2288 0 61.5936 11.776 85.0944 35.2256 23.5008 23.552 35.2256 51.8656 35.2256 85.0944v33.28h20.6848c8.448 0 15.616 2.9696 21.5552 8.96a29.3888 29.3888 0 0 1 8.96 21.5552v179.6096a29.3888 29.3888 0 0 1-8.96 21.5552 29.3888 29.3888 0 0 1-21.5552 8.96h-282.0096a29.3888 29.3888 0 0 1-21.5552-8.96 29.3888 29.3888 0 0 1-8.96-21.5552V227.6352c0-8.3968 2.9696-15.616 8.96-21.5552a29.3888 29.3888 0 0 1 21.5552-8.96h20.6848V163.84c0-33.2288 11.776-61.5936 35.2256-85.0944A115.9168 115.9168 0 0 1 759.3472 43.52z m110.08 215.04h-220.16v117.76h220.16v-117.76z m-110.08-153.6c-16.2304 0-30.1056 5.7344-41.6256 17.2544a56.7296 56.7296 0 0 0-17.2544 41.6256v33.28h117.76V163.84c0-16.2304-5.7344-30.1056-17.2544-41.6256a56.7296 56.7296 0 0 0-41.6256-17.2544z\" fill=\"#333333\">\u003C/path>\u003C/symbol>\u003Csymbol id=\"icona-111\" viewBox=\"0 0 1024 1024\">\u003Cpath d=\"M320 85.333333a21.333333 21.333333 0 0 1 21.333333 21.333334v42.666666h341.333334v-42.666666a21.333333 21.333333 0 0 1 21.333333-21.333334h42.666667a21.333333 21.333333 0 0 1 21.333333 21.333334v42.666666h128a42.666667 42.666667 0 0 1 42.666667 42.666667v725.333333a42.666667 42.666667 0 0 1-42.666667 42.666667H128a42.666667 42.666667 0 0 1-42.666667-42.666667v-725.333333a42.666667 42.666667 0 0 1 42.666667-42.666667h128v-42.666666a21.333333 21.333333 0 0 1 21.333333-21.333334h42.666667zM256 234.666667H170.666667v640h682.666666v-640h-85.333333v42.666666a21.333333 21.333333 0 0 1-21.333333 21.333334h-42.666667a21.333333 21.333333 0 0 1-21.333333-21.333334v-42.666666H341.333333v42.666666a21.333333 21.333333 0 0 1-21.333333 21.333334h-42.666667a21.333333 21.333333 0 0 1-21.333333-21.333334v-42.666666z\">\u003C/path>\u003Cpath d=\"M533.333333 597.333333a21.333333 21.333333 0 0 1 21.333334 21.333334v42.666666a21.333333 21.333333 0 0 1-21.333334 21.333334h-213.333333a21.333333 21.333333 0 0 1-21.333333-21.333334v-42.666666a21.333333 21.333333 0 0 1 21.333333-21.333334h213.333333z m170.666667-170.666666a21.333333 21.333333 0 0 1 21.333333 21.333333v42.666667a21.333333 21.333333 0 0 1-21.333333 21.333333h-384a21.333333 21.333333 0 0 1-21.333333-21.333333v-42.666667a21.333333 21.333333 0 0 1 21.333333-21.333333h384z\">\u003C/path>\u003C/symbol>\u003Csymbol id=\"icongengduo\" viewBox=\"0 0 1024 1024\">\u003Cpath d=\"M174.545455 418.909091a81.454545 81.454545 0 1 1 0 162.909091 81.454545 81.454545 0 0 1 0-162.909091z m349.090909 0a81.454545 81.454545 0 1 1 0 162.909091 81.454545 81.454545 0 0 1 0-162.909091z m349.090909 0a81.454545 81.454545 0 1 1 0 162.909091 81.454545 81.454545 0 0 1 0-162.909091z\" fill=\"#282C33\">\u003C/path>\u003C/symbol>\u003Csymbol id=\"iconrongqi1\" viewBox=\"0 0 1024 1024\">\u003Cpath d=\"M939.968 596.032l-75.968-57.6c0.768-8 1.6-16.832 1.6-26.432 0-9.6-0.832-18.368-1.6-26.368l75.968-57.6a51.84 51.84 0 0 0 12.8-68.032l-84.8-143.232a54.784 54.784 0 0 0-65.6-24l-90.368 35.2a306.816 306.816 0 0 0-47.232-26.368l-13.568-92.032A53.568 53.568 0 0 0 597.568 64H426.368c-27.2 0-49.6 19.2-53.568 44.8l-12.8 92.8a349.44 349.44 0 0 0-47.232 26.432l-90.368-35.2a53.76 53.76 0 0 0-19.2-3.2c-19.2 0-37.632 9.6-46.4 26.368l-85.632 144a52.16 52.16 0 0 0 12.8 68.032l76.032 57.6c-0.832 9.6-1.6 18.368-1.6 26.368s0 16.768 1.6 26.432l-76.032 57.6a51.84 51.84 0 0 0-12.8 67.968l84.8 143.232a54.784 54.784 0 0 0 65.6 24l90.432-35.2c15.168 10.368 31.168 19.2 47.168 26.368l13.632 92.032c3.2 25.6 26.368 45.568 53.568 45.568h171.2c27.2 0 49.6-19.2 53.632-44.8l13.568-92.8c16-7.168 31.232-16 47.232-26.368l90.368 35.2c6.4 2.368 12.8 3.2 19.2 3.2 19.2 0 37.632-9.6 46.4-26.432l85.632-144.768c12.8-23.232 7.168-51.2-13.632-67.2zM704 512c0 105.6-86.4 192-192 192S320 617.6 320 512s86.4-192 192-192 192 86.4 192 192z\">\u003C/path>\u003C/symbol>\u003Csymbol id=\"iconrongqi2\" viewBox=\"0 0 1024 1024\">\u003Cpath d=\"M768 89.6a38.4 38.4 0 0 1 38.4 38.4v302.933333H938.666667a38.4 38.4 0 0 1 38.4 38.4v341.333334a38.4 38.4 0 0 1-38.4 38.4h-90.752l-52.778667 52.736a38.4 38.4 0 0 1-54.272 0L688.085333 849.066667H469.333333a38.4 38.4 0 0 1-38.4-38.4v-132.266667H378.581333l-74.112 74.069333a38.4 38.4 0 0 1-54.272 0L176.085333 678.4H85.333333a38.4 38.4 0 0 1-38.4-38.4V128a38.4 38.4 0 0 1 38.4-38.4z m132.266667 418.133333h-93.866667V640a38.4 38.4 0 0 1-38.4 38.4h-260.266667v93.866667h196.266667a38.4 38.4 0 0 1 27.136 11.264l36.864 36.821333 36.864-36.821333a38.4 38.4 0 0 1 27.136-11.264h68.266667v-264.533334z m-170.666667-341.333333H123.733333v435.2h68.266667a38.4 38.4 0 0 1 27.136 11.264L277.333333 671.018667l58.197334-58.154667A38.4 38.4 0 0 1 362.666667 601.6h366.933333V166.4z\">\u003C/path>\u003Cpath d=\"M405.333333 422.4h21.333334a38.314667 38.314667 0 0 0 37.674666-45.909333A38.314667 38.314667 0 0 0 426.666667 345.6h-21.333334a38.314667 38.314667 0 0 0-37.674666 45.909333 38.314667 38.314667 0 0 0 37.674666 30.890667zM554.666667 422.4h21.333333a38.314667 38.314667 0 0 0 37.674667-45.909333 38.314667 38.314667 0 0 0-37.674667-30.890667H554.666667a38.314667 38.314667 0 0 0-37.674667 45.909333A38.314667 38.314667 0 0 0 554.666667 422.4zM256 422.4h21.333333a38.314667 38.314667 0 0 0 37.674667-45.909333A38.314667 38.314667 0 0 0 277.333333 345.6H256a38.314667 38.314667 0 0 0-37.674667 45.909333A38.314667 38.314667 0 0 0 256 422.4z\">\u003C/path>\u003C/symbol>\u003Csymbol id=\"iconrongqi\" viewBox=\"0 0 1024 1024\">\u003Cpath d=\"M913.066667 896V128q0-33.578667-23.722667-57.301333Q865.578667 46.933333 832 46.933333h-597.333333Q153.6 46.933333 153.6 128v768q0 81.066667 81.066667 81.066667h597.333333q81.066667 0 81.066667-81.066667zM832 123.733333q4.266667 0 4.266667 4.266667v768q0 4.266667-4.266667 4.266667h-597.333333q-4.266667 0-4.266667-4.266667V128q0-4.266667 4.266667-4.266667h597.333333z\">\u003C/path>\u003Cpath d=\"M362.666667 678.4h298.666666q3.797333 0 7.509334-0.725333 3.669333-0.768 7.168-2.218667 3.498667-1.450667 6.656-3.541333 3.157333-2.133333 5.802666-4.778667 2.688-2.645333 4.778667-5.802667 2.133333-3.157333 3.541333-6.656 1.450667-3.498667 2.218667-7.168 0.725333-3.712 0.725333-7.509333t-0.725333-7.509333q-0.768-3.669333-2.218667-7.168-1.450667-3.498667-3.541333-6.656-2.133333-3.157333-4.778667-5.802667-2.645333-2.688-5.802666-4.778667-3.157333-2.133333-6.656-3.541333-3.498667-1.450667-7.168-2.218667-3.712-0.725333-7.509334-0.725333h-298.666666q-3.797333 0-7.509334 0.725333-3.669333 0.768-7.168 2.218667-3.498667 1.450667-6.656 3.541333-3.157333 2.133333-5.802666 4.778667-2.688 2.645333-4.778667 5.802667-2.133333 3.157333-3.541333 6.656-1.450667 3.498667-2.218667 7.168-0.725333 3.712-0.725333 7.509333t0.725333 7.509333q0.768 3.669333 2.218667 7.168 1.450667 3.498667 3.541333 6.656 2.133333 3.157333 4.778667 5.802667 2.645333 2.688 5.802666 4.778667 3.157333 2.133333 6.656 3.541333 3.498667 1.450667 7.168 2.218667 3.712 0.725333 7.509334 0.725333zM362.666667 806.4H512q3.797333 0 7.509333-0.725333 3.669333-0.768 7.168-2.218667 3.498667-1.450667 6.656-3.541333 3.157333-2.133333 5.802667-4.778667 2.688-2.645333 4.778667-5.802667 2.133333-3.157333 3.541333-6.656 1.450667-3.498667 2.218667-7.168 0.725333-3.712 0.725333-7.509333t-0.725333-7.509333q-0.768-3.669333-2.218667-7.168-1.450667-3.498667-3.541333-6.656-2.133333-3.157333-4.778667-5.802667-2.645333-2.688-5.802667-4.778667-3.157333-2.133333-6.656-3.541333-3.498667-1.450667-7.168-2.218667-3.712-0.725333-7.509333-0.725333H362.666667q-3.797333 0-7.509334 0.725333-3.669333 0.768-7.168 2.218667-3.498667 1.450667-6.656 3.541333-3.157333 2.133333-5.802666 4.778667-2.688 2.645333-4.778667 5.802667-2.133333 3.157333-3.541333 6.656-1.450667 3.498667-2.218667 7.168-0.725333 3.712-0.725333 7.509333t0.725333 7.509333q0.768 3.669333 2.218667 7.168 1.450667 3.498667 3.541333 6.656 2.133333 3.157333 4.778667 5.802667 2.645333 2.688 5.802666 4.778667 3.157333 2.133333 6.656 3.541333 3.498667 1.450667 7.168 2.218667 3.712 0.725333 7.509334 0.725333z\">\u003C/path>\u003Cpath d=\"M324.266667 469.333333V256q0-3.797333 0.725333-7.509333 0.768-3.712 2.218667-7.168 1.408-3.498667 3.541333-6.656 2.090667-3.157333 4.778667-5.802667 2.645333-2.688 5.802666-4.778667 3.157333-2.133333 6.656-3.541333 3.456-1.450667 7.168-2.218667 3.712-0.725333 7.509334-0.725333h298.666666q3.797333 0 7.509334 0.725333 3.712 0.768 7.168 2.218667 3.498667 1.408 6.656 3.541333 3.157333 2.090667 5.802666 4.778667 2.688 2.645333 4.778667 5.802667 2.133333 3.157333 3.541333 6.656 1.450667 3.456 2.218667 7.168 0.725333 3.712 0.725333 7.509333v213.333333q0 3.797333-0.725333 7.509334-0.768 3.712-2.218667 7.168-1.408 3.498667-3.541333 6.656-2.090667 3.157333-4.778667 5.802666-2.645333 2.688-5.802666 4.778667-3.157333 2.133333-6.656 3.541333-3.456 1.450667-7.168 2.218667-3.712 0.725333-7.509334 0.725333h-298.666666q-3.797333 0-7.509334-0.725333-3.712-0.768-7.168-2.218667-3.498667-1.408-6.656-3.541333-3.157333-2.090667-5.802666-4.778667-2.688-2.645333-4.778667-5.802666-2.133333-3.157333-3.541333-6.656-1.450667-3.456-2.218667-7.168Q324.266667 473.130667 324.266667 469.333333z m76.8-174.933333v136.533333h221.866666V294.4H401.066667z\">\u003C/path>\u003C/symbol>\u003Csymbol id=\"iconbianzu\" viewBox=\"0 0 1024 1024\">\u003Cpath d=\"M496.213333 42.666667a410.88 410.88 0 0 1 279.04 712.533333l163.328 158.378667a43.349333 43.349333 0 1 1-60.586666 61.994666l-173.141334-167.936a409.002667 409.002667 0 0 1-208.64 56.832A410.88 410.88 0 0 1 85.333333 453.546667 410.88 410.88 0 0 1 496.213333 42.666667z m0 86.613333a324.266667 324.266667 0 1 0 0 648.533333 324.266667 324.266667 0 0 0 0-648.533333z\" fill=\"#000000\">\u003C/path>\u003Cpath d=\"M308.906667 642.304a29.866667 29.866667 0 0 1-32.341334-27.221333l-25.6-297.642667a29.866667 29.866667 0 0 1 43.306667-29.184l154.453333 78.506667V187.733333a29.866667 29.866667 0 0 1 43.946667-26.368l3.541333 2.261334 89.088 65.152a29.866667 29.866667 0 0 1-35.285333 48.213333l-41.514667-30.421333-0.042666 168.832a29.866667 29.866667 0 0 1-39.68 28.245333l-3.754667-1.621333-149.888-76.202667 20.906667 244.181333a29.866667 29.866667 0 0 1-23.168 31.658667l-4.010667 0.64z\" fill=\"#000000\">\u003C/path>\u003C/symbol>\u003Csymbol id=\"iconbutton_Knowledge\" viewBox=\"0 0 1024 1024\">\u003Cpath d=\"M896 85.333333c35.413333 0 64 28.842667 64 64.213334v605.952a64.426667 64.426667 0 0 1-44.928 61.269333l-384.298667 118.101333a64 64 0 0 1-37.589333 0l-384.896-118.272A64.213333 64.213333 0 0 1 64 755.498667V149.546667a64.085333 64.085333 0 0 1 83.029333-61.312L512 200.149333l364.288-111.701333C882.645333 86.4 889.301333 85.333333 896 85.333333zM149.333333 178.176v561.749333l320 98.346667V276.309333l-320-98.133333z m725.333334 0l-320 98.133333v561.92l320-98.261333V178.176z\">\u003C/path>\u003C/symbol>\u003Csymbol id=\"iconnav_Command\" viewBox=\"0 0 1024 1024\">\u003Cpath d=\"M125.184 471.04l-2.901333-1.493333a40.533333 40.533333 0 0 0-31.189334-0.853334 42.154667 42.154667 0 0 0-23.04 21.76c-4.650667 10.026667-5.333333 21.546667-1.92 32.085334a42.666667 42.666667 0 0 0 20.224 24.490666l395.818667 214.613334 3.072 1.536 2.986667 1.194666 2.858666 0.896 2.986667 0.725334 2.304 0.341333 3.925333 0.341333h2.261334l2.645333-0.085333 3.584-0.469333 2.816-0.597334 1.621333-0.426666 3.669334-1.28 2.133333-0.938667a36.992 36.992 0 0 0 2.389333-1.194667l395.818667-214.656a42.666667 42.666667 0 0 0 20.394667-25.301333 44.117333 44.117333 0 0 0-2.944-32.725333 41.984 41.984 0 0 0-24.533334-21.034667 40.576 40.576 0 0 0-31.786666 3.029333l-376.533334 204.245334-376.661333-204.245334z\" fill=\"#1D2129\">\u003C/path>\u003Cpath d=\"M125.184 664.277333l-2.901333-1.450666a40.533333 40.533333 0 0 0-31.189334-0.853334 42.197333 42.197333 0 0 0-23.04 21.76c-4.650667 10.026667-5.333333 21.546667-1.92 32.085334a42.666667 42.666667 0 0 0 20.224 24.490666l396.032 214.741334 2.986667 1.450666a40.362667 40.362667 0 0 0 26.88 2.133334c9.642667 2.56 20.266667 1.578667 29.781333-3.584l396.032-214.741334a42.666667 42.666667 0 0 0 20.096-25.301333c3.242667-10.794667 2.133333-22.528-2.986666-32.512a42.026667 42.026667 0 0 0-24.32-20.992 40.576 40.576 0 0 0-31.573334 2.773333l-387.072 209.834667-386.986666-209.834667zM501.845333 64c6.997333 0 13.824 1.792 19.925334 5.248l405.077333 227.626667a21.162667 21.162667 0 0 1 7.936 7.893333 21.973333 21.973333 0 0 1-7.936 29.824l-405.034667 227.626667a40.704 40.704 0 0 1-39.936 0L76.8 334.592a21.973333 21.973333 0 0 1 0-37.717333l405.034667-227.626667a40.746667 40.746667 0 0 1 19.968-5.248z m0 91.861333L217.386667 315.733333l284.458666 159.872L786.261333 315.733333l-284.458666-159.872z\" fill=\"#1D2129\">\u003C/path>\u003C/symbol>\u003Csymbol id=\"iconRebuild\" viewBox=\"0 0 1024 1024\">\u003Cpath d=\"M802.133333 849.92H218.453333c-50.346667 0-91.306667-40.96-91.306666-91.306667V242.346667c0-50.346667 40.96-91.306667 91.306666-91.306667h173.226667c24.746667 0 46.933333 9.386667 64.853333 26.453333l78.506667 78.506667c5.12 5.12 12.8 8.533333 21.333333 8.533333h247.466667c50.346667 0 91.306667 40.96 91.306667 91.306667v402.773333c0 50.346667-41.813333 91.306667-92.16 91.306667zM218.453333 212.48c-16.213333 0-29.866667 13.653333-29.866666 29.866667v516.266666c0 16.213333 13.653333 29.866667 29.866666 29.866667H802.133333c16.213333 0 29.866667-13.653333 29.866667-29.866667V354.986667c0-16.213333-13.653333-29.866667-29.866667-29.866667H555.52c-24.746667 0-46.933333-9.386667-64.853333-26.453333l-78.506667-77.653334c-5.12-5.12-12.8-8.533333-21.333333-8.533333H217.6z\" fill=\"#333333\">\u003C/path>\u003Cpath d=\"M465.066667 502.613333l-93.013334-57.173333v103.253333l93.013334-46.08z\" fill=\"#333333\">\u003C/path>\u003Cpath d=\"M647.68 512.853333c-12.8-41.813333-43.52-75.093333-84.48-91.306666-61.44-23.893333-133.12-1.706667-169.813333 53.76-4.266667 6.826667-5.12 14.506667-3.413334 21.333333 1.706667 5.12 4.266667 9.386667 8.533334 11.946667 2.56 4.266667 6.826667 6.826667 11.946666 8.533333 8.533333 1.706667 17.066667-1.706667 21.333334-9.386667 22.186667-39.253333 70.826667-56.32 113.493333-40.106666 26.453333 10.24 46.933333 31.573333 54.613333 58.88 3.413333 10.24 12.8 17.92 23.893334 17.92h2.56c7.68 0 13.653333-5.12 17.92-11.093334 4.266667-5.973333 5.12-13.653333 3.413333-21.333333zM556.373333 612.693333l93.013334 58.026667 0.853333-103.253333-93.866667 45.226666z\" fill=\"#333333\">\u003C/path>\u003Cpath d=\"M631.466667 630.613333c-1.706667-5.12-4.266667-9.386667-8.533334-11.946666-2.56-4.266667-6.826667-6.826667-11.946666-8.533334-8.533333-1.706667-17.066667 1.706667-21.333334 9.386667-22.186667 39.253333-70.826667 56.32-113.493333 40.106667-26.453333-10.24-46.933333-31.573333-54.613333-59.733334-4.266667-11.946667-15.36-17.92-26.453334-17.066666-7.68 0-14.506667 5.12-18.773333 11.093333-4.266667 5.973333-5.12 13.653333-2.56 20.48 12.8 41.813333 43.52 75.093333 84.48 91.306667 16.213333 5.973333 33.28 9.386667 50.346667 9.386666 48.64 0 93.013333-23.893333 119.466666-63.146666 4.266667-6.826667 5.12-14.506667 3.413334-21.333334z\" fill=\"#333333\">\u003C/path>\u003C/symbol>\u003Csymbol id=\"iconnav_Dialogue\" viewBox=\"0 0 1024 1024\">\u003Cpath d=\"M512 85.333333c235.648 0 426.666667 191.018667 426.666667 426.666667s-191.018667 426.666667-426.666667 426.666667H128a42.666667 42.666667 0 0 1-42.666667-42.666667v-384C85.333333 276.352 276.352 85.333333 512 85.333333z m0 81.28A345.386667 345.386667 0 0 0 166.613333 512v345.386667H512a345.386667 345.386667 0 1 0 0-690.773334z m14.592 203.178667c9.045333 0 12.373333 0.938667 15.658667 2.688a18.432 18.432 0 0 1 7.68 7.68c1.792 3.328 2.688 6.613333 2.688 15.658667v272.981333c0 9.088-0.896 12.373333-2.688 15.658667a18.474667 18.474667 0 0 1-7.68 7.68c-3.328 1.792-6.613333 2.730667-15.658667 2.730666h-29.184c-9.045333 0-12.373333-0.938667-15.658667-2.730666a18.474667 18.474667 0 0 1-7.68-7.68c-1.792-3.285333-2.688-6.570667-2.688-15.658667V395.818667c0-9.045333 0.896-12.373333 2.688-15.658667a18.432 18.432 0 0 1 7.68-7.68c3.328-1.749333 6.613333-2.688 15.658667-2.688h29.184z m162.56 60.928c9.045333 0 12.288 0.938667 15.616 2.730667a18.432 18.432 0 0 1 7.68 7.68c1.792 3.285333 2.730667 6.570667 2.730667 15.658666v130.773334c0 9.045333-0.938667 12.330667-2.730667 15.616a18.432 18.432 0 0 1-7.68 7.68c-3.328 1.792-6.570667 2.730667-15.658667 2.730666h-29.141333c-9.088 0-12.373333-0.938667-15.658667-2.730666a18.389333 18.389333 0 0 1-7.68-7.68c-1.792-3.285333-2.730667-6.570667-2.730666-15.658667v-130.730667c0-9.088 0.938667-12.373333 2.730666-15.658666a18.432 18.432 0 0 1 7.68-7.68c3.285333-1.792 6.570667-2.730667 15.658667-2.730667h29.141333z m-325.12 0c9.088 0 12.373333 0.938667 15.658667 2.730667a18.432 18.432 0 0 1 7.68 7.68c1.792 3.285333 2.730667 6.570667 2.730666 15.658666v130.773334c0 9.045333-0.938667 12.330667-2.730666 15.616a18.432 18.432 0 0 1-7.68 7.68c-3.285333 1.792-6.570667 2.730667-15.658667 2.730666H334.933333c-9.088 0-12.373333-0.938667-15.658666-2.730666a18.432 18.432 0 0 1-7.68-7.68c-1.792-3.285333-2.730667-6.570667-2.730667-15.658667v-130.730667c0-9.088 0.938667-12.373333 2.730667-15.658666a18.474667 18.474667 0 0 1 7.68-7.68c3.285333-1.792 6.570667-2.730667 15.658666-2.730667h29.141334z\" fill=\"#1D2129\">\u003C/path>\u003C/symbol>\u003Csymbol id=\"iconbutton_set\" viewBox=\"0 0 1024 1024\">\u003Cpath d=\"M647.466667 444.245333c33.749333 0 66.645333-11.008 93.738666-31.36a158.165333 158.165333 0 0 0 56.576-81.578666h112.170667c9.984 0 13.610667-1.066667 17.237333-3.029334a20.394667 20.394667 0 0 0 8.490667-8.533333c1.962667-3.669333 2.986667-7.338667 2.986667-17.408v-32.426667c0-10.112-1.024-13.738667-2.986667-17.408a20.394667 20.394667 0 0 0-8.490667-8.533333c-3.626667-2.005333-7.253333-3.029333-17.237333-3.029333h-112.213333a158.165333 158.165333 0 0 0-56.576-81.621334 155.989333 155.989333 0 0 0-187.392 0 158.208 158.208 0 0 0-56.618667 81.578667H71.381333c-9.984 0-13.610667 1.066667-17.237333 3.072a20.437333 20.437333 0 0 0-8.490667 8.533333c-1.962667 3.669333-2.986667 7.296-2.986666 17.408v32.426667c0 10.069333 1.024 13.696 2.986666 17.365333a20.394667 20.394667 0 0 0 8.490667 8.533334c3.626667 2.005333 7.253333 3.072 17.237333 3.072h425.813334a157.013333 157.013333 0 0 0 150.272 112.938666z m0-90.368a66.730667 66.730667 0 0 1-47.530667-19.84 67.84 67.84 0 0 1-19.669333-47.914666 68.224 68.224 0 0 1 19.669333-47.914667 67.157333 67.157333 0 0 1 47.530667-19.882667c17.834667 0 34.901333 7.168 47.530666 19.882667a68.053333 68.053333 0 0 1 0 95.829333 66.901333 66.901333 0 0 1-47.530666 19.84zM333.866667 896c33.792 0 66.645333-11.008 93.738666-31.36a158.208 158.208 0 0 0 56.576-81.578667h425.770667c9.984 0 13.610667-1.024 17.237333-3.029333a20.437333 20.437333 0 0 0 8.490667-8.533333c1.962667-3.712 2.986667-7.338667 2.986667-17.408v-32.426667c0-10.069333-1.024-13.696-2.986667-17.408a20.394667 20.394667 0 0 0-8.490667-8.533333c-3.626667-1.962667-7.253333-2.986667-17.237333-2.986667l-425.813333-0.042667a158.165333 158.165333 0 0 0-56.576-81.578666 155.989333 155.989333 0 0 0-187.392 0 158.165333 158.165333 0 0 0-56.618667 81.578666H71.381333c-9.984 0-13.610667 1.066667-17.237333 3.029334a20.437333 20.437333 0 0 0-8.490667 8.533333c-1.962667 3.712-2.986667 7.338667-2.986666 17.408v32.426667c0 10.069333 1.024 13.738667 2.986666 17.408a20.394667 20.394667 0 0 0 8.490667 8.533333c3.626667 2.005333 7.253333 2.986667 17.237333 2.986667h112.213334A157.013333 157.013333 0 0 0 333.824 896z m0-90.368c-17.834667 0-34.901333-7.125333-47.530667-19.84a68.053333 68.053333 0 0 1 0-95.829333 66.901333 66.901333 0 0 1 95.061333 0 68.053333 68.053333 0 0 1 0 95.829333 66.901333 66.901333 0 0 1-47.530666 19.84z\" fill=\"#1D2129\">\u003C/path>\u003C/symbol>\u003Csymbol id=\"iconbutton_send\" viewBox=\"0 0 1024 1024\">\u003Cpath d=\"M289.877333 453.717333l181.717334-183.338666v583.168a42.368 42.368 0 0 0 42.538666 42.453333 42.624 42.624 0 0 0 42.538667-42.453333V270.378667l181.717333 183.338666a42.624 42.624 0 0 0 59.989334 0 38.656 38.656 0 0 0 0-56.448l-255.317334-257.194666a45.994667 45.994667 0 0 0-62.122666 0L225.621333 397.226667a38.613333 38.613333 0 0 0 0 56.448 42.581333 42.581333 0 0 0 64.256 0z\" fill=\"#1D2129\">\u003C/path>\u003C/symbol>\u003Csymbol id=\"iconToolbar_Transfer\" viewBox=\"0 0 1024 1024\">\u003Cpath d=\"M676.992 938.538667a22.314667 22.314667 0 0 0 16.085333-6.954667 24.192 24.192 0 0 0 6.656-16.768V391.722667h139.946667a13.226667 13.226667 0 0 0 7.253333-2.133334 14.037333 14.037333 0 0 0 4.992-5.802666 14.762667 14.762667 0 0 0-1.450666-14.933334l-202.410667-270.890666a22.997333 22.997333 0 0 0-6.442667-5.888 21.888 21.888 0 0 0-24.746666-4.864 22.954667 22.954667 0 0 0-10.112 8.746666 24.362667 24.362667 0 0 0-3.754667 13.098667v805.76c0 6.272 2.389333 12.330667 6.656 16.768 4.266667 4.437333 10.069333 6.954667 16.085333 6.954667h51.2z m-265.6-4.266667a24.490667 24.490667 0 0 0 9.557333-19.285333V109.226667a24.192 24.192 0 0 0-6.656-16.768 22.314667 22.314667 0 0 0-16.085333-6.912h-51.2a22.314667 22.314667 0 0 0-16.085333 6.912 24.192 24.192 0 0 0-6.656 16.768v523.093333H184.32a13.226667 13.226667 0 0 0-7.253333 2.133333 14.037333 14.037333 0 0 0-5.034667 5.802667 14.72 14.72 0 0 0 1.493333 14.933333l202.410667 270.848a23.04 23.04 0 0 0 6.442667 5.973334 22.101333 22.101333 0 0 0 29.013333 2.261333z\" fill=\"#1D2129\">\u003C/path>\u003C/symbol>\u003Csymbol id=\"iconLoad_Error\" viewBox=\"0 0 1024 1024\">\u003Cpath d=\"M832 138.120533l-323.1744-0.725333-49.186133 136.772267 9.966933 98.952533-55.611733 57.745067 33.7408-65.809067-38.510934-97.6896L443.460267 136.533333l-248.183467 1.5872C136.610133 138.496 85.077333 184.064 85.333333 242.926933l2.235734 535.2448c0.256 58.88 45.781333 109.294933 104.448 109.294934H832c58.666667 0 106.666667-48.170667 106.666667-107.050667V245.1712c0-58.88-48-107.050667-106.666667-107.050667z m-631.133867 54.459734l171.989334-0.938667-7.8336 87.586133 52.6592 89.002667-39.227734 117.495467 117.504-100.420267 7.765334-114.090667 43.008-79.5648H832c26.666667 0 53.333333 26.752 53.333333 53.521067v479.744l-132.224-169.301333c-16-26.760533-48-26.760533-69.3248-5.3504l-149.333333 149.870933-154.666667-198.0416c-16-21.410133-42.666667-21.410133-64 0L141.482667 716.296533l1.672533-469.162666c0.119467-32.110933 25.710933-54.382933 57.710933-54.5536z\" fill=\"#DADEE4\">\u003C/path>\u003Cpath d=\"M596.932267 349.269333c0 11.050667 2.167467 21.9904 6.365866 32.2048a84.155733 84.155733 0 0 0 18.141867 27.298134 83.6608 83.6608 0 0 0 27.153067 18.235733 83.293867 83.293867 0 0 0 91.195733-18.235733 84.1728 84.1728 0 0 0 18.141867-27.306667 84.548267 84.548267 0 0 0-18.141867-91.690667 83.652267 83.652267 0 0 0-27.144533-18.244266 83.3024 83.3024 0 0 0-91.204267 18.244266 84.155733 84.155733 0 0 0-18.141867 27.298134 84.548267 84.548267 0 0 0-6.365866 32.196266z\" fill=\"#DADEE4\">\u003C/path>\u003C/symbol>\u003Csymbol id=\"iconStop_Sharing\" viewBox=\"0 0 1024 1024\">\u003Cpath d=\"M938.666667 128a42.666667 42.666667 0 0 0-42.666667-42.666667H128a42.666667 42.666667 0 0 0-42.666667 42.666667v768a42.666667 42.666667 0 0 0 42.666667 42.666667h384v-85.333334H170.666667V170.666667h682.666666v341.333333h85.333334V128z m-251.562667 498.816c-5.12-4.864-7.936-6.314667-11.264-7.296a19.328 19.328 0 0 0-11.434667 0c-3.754667 1.152-6.869333 2.901333-13.610666 9.6l-21.674667 21.674667c-6.698667 6.741333-8.448 9.856-9.557333 13.653333a19.328 19.328 0 0 0 0 11.392c1.109333 3.754667 2.816 6.912 9.557333 13.653333l101.376 101.333334-101.333333 101.333333c-6.784 6.698667-8.490667 9.856-9.642667 13.653333a19.328 19.328 0 0 0 0 11.392c1.152 3.754667 2.901333 6.912 9.642667 13.653334l21.632 21.632c6.741333 6.698667 9.856 8.448 13.653333 9.6 3.712 1.152 7.68 1.152 11.392 0 3.754667-1.109333 6.912-2.858667 13.653333-9.6l101.333334-101.333334 101.333333 101.333334c6.698667 6.698667 9.856 8.448 13.653333 9.6 3.712 1.152 7.68 1.152 11.392 0 3.754667-1.109333 6.912-2.858667 13.653334-9.6l21.632-21.674667c6.698667-6.698667 8.448-9.856 9.6-13.653333a19.328 19.328 0 0 0 0-11.349334c-1.109333-3.797333-2.858667-6.954667-9.6-13.653333l-101.333334-101.333333 101.333334-101.333334c6.698667-6.741333 8.448-9.898667 9.6-13.653333a19.328 19.328 0 0 0 0-11.434667c-1.109333-3.754667-2.858667-6.869333-9.6-13.610666l-21.674667-21.674667c-6.698667-6.698667-9.856-8.448-13.653333-9.557333a19.328 19.328 0 0 0-11.349334 0c-3.797333 1.109333-6.954667 2.816-13.653333 9.557333l-101.333333 101.376-103.722667-103.68z\" fill=\"#1D2129\">\u003C/path>\u003C/symbol>\u003Csymbol id=\"icondecrease_borderless\" viewBox=\"0 0 1024 1024\">\u003Cpath d=\"M932.437333 475.562667A21.333333 21.333333 0 0 1 938.666667 490.666667v42.666666a21.333333 21.333333 0 0 1-21.333334 21.333334h-810.666666a21.333333 21.333333 0 0 1-21.333334-21.333334v-42.666666a21.333333 21.333333 0 0 1 21.333334-21.333334h810.666666a21.333333 21.333333 0 0 1 15.104 6.229334z\" fill=\"#1D2129\">\u003C/path>\u003C/symbol>\u003Csymbol id=\"iconadd_borderless\" viewBox=\"0 0 1024 1024\">\u003Cpath d=\"M548.437333 91.562667A21.333333 21.333333 0 0 1 554.666667 106.666667V469.333333h362.666666a21.333333 21.333333 0 0 1 21.333334 21.333334v42.666666a21.333333 21.333333 0 0 1-21.333334 21.333334H554.666667v362.666666a21.333333 21.333333 0 0 1-21.333334 21.333334h-42.666666a21.333333 21.333333 0 0 1-21.333334-21.333334V554.666667H106.666667a21.333333 21.333333 0 0 1-21.333334-21.333334v-42.666666a21.333333 21.333333 0 0 1 21.333334-21.333334H469.333333V106.666667a21.333333 21.333333 0 0 1 21.333334-21.333334h42.666666a21.333333 21.333333 0 0 1 15.104 6.229334z\" fill=\"#1D2129\">\u003C/path>\u003C/symbol>\u003Csymbol id=\"iconfolder_Encrypted\" viewBox=\"0 0 1024 1024\">\u003Cpath d=\"M410.453333 128c10.752 0 21.077333 4.096 28.672 11.349333 7.637333 7.253333 11.946667 17.066667 11.946667 27.349334v48.384h446.976c10.752 0 21.077333 4.096 28.714667 11.349333 7.594667 7.253333 11.904 17.066667 11.904 27.349333V512h-81.28v-74.368H166.613333V814.933333h365.653334v77.397334H125.994667a41.685333 41.685333 0 0 1-28.714667-11.349334 37.845333 37.845333 0 0 1-11.904-27.349333v-686.933333c0-10.282667 4.266667-20.138667 11.946667-27.392A41.685333 41.685333 0 0 1 125.909333 128H410.453333zM166.528 360.192h690.773333V292.48H369.834667v-87.04H166.570667v154.752z\" fill=\"#1D2129\">\u003C/path>\u003Cpath d=\"M768 554.666667c28.8 0 56.448 10.922667 76.8 30.421333 20.352 19.456 31.829333 45.909333 31.829333 73.472h31.018667c8.192 0 16.128 3.114667 21.930667 8.704 5.845333 5.546667 9.088 13.098667 9.088 20.992v178.090667a29.056 29.056 0 0 1-9.088 20.992 31.829333 31.829333 0 0 1-21.930667 8.661333h-279.296a31.829333 31.829333 0 0 1-21.930667-8.661333 29.056 29.056 0 0 1-9.088-20.992V688.213333c0-7.893333 3.285333-15.445333 9.088-20.992a31.829333 31.829333 0 0 1 21.930667-8.704h31.018667c0-27.562667 11.477333-54.016 31.829333-73.472A111.146667 111.146667 0 0 1 768 554.666667z m-108.629333 282.026666h217.258666v-118.784h-217.258666v118.741334zM768 614.016c-25.685333 0-46.506667 19.882667-46.506667 44.501333h93.013334c0-24.618667-20.821333-44.501333-46.506667-44.501333z\" fill=\"#000000\">\u003C/path>\u003C/symbol>\u003Csymbol id=\"iconManual_Installation\" viewBox=\"0 0 1024 1024\">\u003Cpath d=\"M734.848 85.333333c18.389333 0 34.773333 12.458667 40.533333 30.890667L938.666667 490.666667V896a42.666667 42.666667 0 0 1-42.666667 42.666667H128a42.666667 42.666667 0 0 1-42.666667-42.666667v-405.333333l155.776-374.442667c5.802667-18.432 22.101333-30.890667 40.533334-30.890667h453.205333zM170.666667 849.066667h682.666666v-268.8h-170.666666v157.866666a21.333333 21.333333 0 0 1-21.333334 21.333334h-298.666666a21.333333 21.333333 0 0 1-21.333334-21.333334v-157.866666H170.666667v268.8z m0-358.4h256v179.2h170.666666v-179.2h256l-145.792-315.136H315.989333L170.666667 490.666667z m505.770666-128a6.4 6.4 0 0 1 5.546667 3.285333 5.973333 5.973333 0 0 1-0.554667 6.272l-164.394666 94.592a6.314667 6.314667 0 0 1-10.026667 0L342.528 372.266667A5.973333 5.973333 0 0 1 341.333333 369.152a6.101333 6.101333 0 0 1 6.229334-6.485333h328.832z\" fill=\"#1D2129\">\u003C/path>\u003Cpath d=\"M576 384h-128l32-128h64l32 128z\" fill=\"#1D2129\">\u003C/path>\u003C/symbol>\u003Csymbol id=\"iconinput_clear\" viewBox=\"0 0 1024 1024\">\u003Cpath d=\"M512 85.333333c235.648 0 426.666667 191.018667 426.666667 426.666667s-191.018667 426.666667-426.666667 426.666667S85.333333 747.648 85.333333 512 276.352 85.333333 512 85.333333z m120.661333 254.506667a21.333333 21.333333 0 0 0-15.061333 6.229333L512 451.669333 406.4 346.026667a21.333333 21.333333 0 0 0-30.165333 0l-30.165334 30.165333a21.333333 21.333333 0 0 0 0 30.165333L451.669333 512 346.026667 617.6a21.333333 21.333333 0 0 0 0 30.165333l30.165333 30.165334a21.333333 21.333333 0 0 0 30.165333 0L512 572.330667l105.6 105.6a21.333333 21.333333 0 0 0 30.165333 0l30.165334-30.165334a21.333333 21.333333 0 0 0 0-30.165333L572.330667 512l105.6-105.6a21.333333 21.333333 0 0 0 0-30.165333l-30.165334-30.165334a21.333333 21.333333 0 0 0-15.104-6.229333z\" fill=\"#000000\">\u003C/path>\u003C/symbol>\u003Csymbol id=\"iconfile_Recycle\" viewBox=\"0 0 1024 1024\">\u003Cpath d=\"M833.585951 290.441366a34.965854 34.965854 0 0 1 34.578732 38.237658l-0.062439 0.624391-53.610146 504.020292A128.724293 128.724293 0 0 1 688.727415 949.073171h-1.973074l-336.733658-0.811708a128.686829 128.686829 0 0 1-126.888585-113.639024l-0.237269-1.973073-53.972292-503.345951a34.953366 34.953366 0 0 1 33.891902-38.887025h630.759024l0.012488 0.024976zM421.813073 442.155707a34.903415 34.903415 0 0 0-34.716097 34.516293v241.726439a34.716098 34.716098 0 0 0 69.419707-0.249756V476.422244a34.903415 34.903415 0 0 0-34.716098-34.279024v0.012487z m181.110634 0a34.903415 34.903415 0 0 0-34.716097 34.516293v241.726439a34.716098 34.716098 0 0 0 69.419707-0.249756V476.422244a34.903415 34.903415 0 0 0-34.716097-34.279024v0.012487zM914.481951 195.559024a35.10322 35.10322 0 0 1 0.824195 70.193952H109.780293a35.10322 35.10322 0 0 1-0.824195-70.193952H914.481951zM648.504195 74.926829a35.10322 35.10322 0 0 1 0.836683 70.193951H375.458341A35.10322 35.10322 0 0 1 374.634146 74.926829h273.882537z\" fill=\"#86909C\">\u003C/path>\u003C/symbol>\u003Csymbol id=\"iconnetwork_OVS\" viewBox=\"0 0 1024 1024\">\u003Cpath d=\"M183.466667 775.509333a142.293333 142.293333 0 0 1-75.349334-20.992 163.754667 163.754667 0 0 1-55.125333-55.893333 150.186667 150.186667 0 0 1-20.608-77.226667l0.725333-243.413333c0-28.501333 6.869333-54.101333 20.650667-76.842667 13.482667-23.04 31.744-41.386667 54.741333-55.125333a141.610667 141.610667 0 0 1 75.008-21.034667c27.989333 0 53.12 6.912 75.349334 20.650667 22.528 13.738667 40.533333 32.256 54.016 55.466667 13.738667 23.04 20.608 48.64 20.608 76.885333l0.768 243.370667c0 28.032-6.741333 53.632-20.266667 76.885333-13.738667 23.509333-32 42.24-54.741333 56.277333a141.653333 141.653333 0 0 1-75.733334 20.992z m0-92.629333c15.530667 0 29.013333-6.272 40.533333-18.773333 11.52-12.714667 17.237333-26.965333 17.237333-42.752L240.512 378.026667c0-16.981333-5.376-31.36-16.128-43.093334a52.992 52.992 0 0 0-40.874667-17.621333c-15.786667 0-29.269333 5.717333-40.533333 17.237333-11.221333 11.52-16.853333 26.026667-16.853333 43.52v243.370667c0 16.725333 5.632 31.232 16.896 43.477333 11.221333 11.989333 24.746667 18.005333 40.490666 18.005334zM555.904 768h-93.013333c-2.218667 0-3.456-1.28-3.712-3.754667L352.981333 236.629333c-0.469333-2.005333 0.512-2.986667 2.986667-2.986666h87.04c2.005333 0 3.242667 0.981333 3.754667 2.986666l62.976 351.744 61.525333-351.744c0.469333-2.005333 1.706667-2.986667 3.754667-2.986666h85.845333c2.773333 0 3.754667 0.981333 2.986667 2.986666l-104.234667 527.616c-0.256 2.517333-1.493333 3.754667-3.754667 3.754667z m283.52 7.509333a142.293333 142.293333 0 0 1-75.392-20.992 160.554667 160.554667 0 0 1-54.741333-55.893333 152.362667 152.362667 0 0 1-20.266667-77.226667v-35.285333c0-2.730667 1.28-4.096 3.754667-4.096h86.272c2.005333 0 2.986667 1.365333 2.986666 4.096v35.242667c0 16.768 5.632 31.274667 16.896 43.52 11.221333 11.989333 24.746667 18.005333 40.490667 18.005333 16 0 29.610667-6.144 40.874667-18.346667 11.264-12.544 16.853333-26.88 16.853333-43.136 0-18.773333-12.245333-35.157333-36.736-49.152a290.048 290.048 0 0 0-15.786667-8.96 618.069333 618.069333 0 0 0-22.442666-12.8l-25.514667-13.866666c-8.277333-4.736-16.256-9.258667-24.021333-13.482667-27.989333-16.512-48.853333-37.12-62.592-61.866667-13.525333-25.002667-20.266667-53.034667-20.266667-84.053333 0-28.458667 6.997333-54.186667 20.992-77.226667a157.226667 157.226667 0 0 1 54.741333-53.973333 142.250667 142.250667 0 0 1 73.898667-20.266667c27.264 0 52.266667 6.741333 75.008 20.266667 22.741333 13.738667 40.874667 32 54.357333 54.741333 13.738667 22.741333 20.650667 48.213333 20.650667 76.501334v62.976c0 2.005333-1.024 2.986667-2.986667 2.986666h-86.272c-2.005333 0-2.986667-0.981333-2.986666-2.986666l-0.768-62.976c0-18.005333-5.632-32.64-16.896-43.904a54.826667 54.826667 0 0 0-40.106667-16.853334c-15.786667 0-29.269333 5.973333-40.533333 18.005334a60.416 60.416 0 0 0-16.853334 42.752c0 16.725333 3.498667 30.72 10.496 41.984 7.253333 11.264 20.394667 22.016 39.381334 32.256a1883.221333 1883.221333 0 0 1 37.888 20.992c8.96 4.736 17.109333 9.130667 24.362666 13.141333l13.141334 6.741333c25.472 14.250667 45.610667 31.744 60.373333 52.48 14.976 20.778667 22.485333 46.293333 22.485333 76.501334 0 29.269333-6.741333 55.509333-20.266666 78.762666-13.738667 23.253333-32 41.642667-54.741334 55.125334a145.621333 145.621333 0 0 1-75.733333 20.266666z\" fill=\"#1D2129\">\u003C/path>\u003C/symbol>\u003Csymbol id=\"iconupdatable\" viewBox=\"0 0 1024 1024\">\u003Cpath d=\"M85.333333 512a426.666667 426.666667 0 1 0 853.333334 0 426.666667 426.666667 0 0 0-853.333334 0z\" fill=\"#209AFF\">\u003C/path>\u003Cpath d=\"M738.133333 435.2c0 6.058667-0.256 12.16-0.768 18.176a116.352 116.352 0 0 1 40.490667 13.226667 128.554667 128.554667 0 0 1 17.834667 11.861333 119.466667 119.466667 0 0 1 37.248 51.370667 116.138667 116.138667 0 0 1 5.674666 20.608 119.125333 119.125333 0 0 1-27.221333 99.498666 117.376 117.376 0 0 1-33.024 26.624 116.352 116.352 0 0 1-19.498667 8.490667 113.493333 113.493333 0 0 1-20.736 4.906667v1.237333H328.533333a130.645333 130.645333 0 0 1-26.624-2.645333 134.485333 134.485333 0 0 1-49.237333-20.352 143.189333 143.189333 0 0 1-29.696-26.88 131.968 131.968 0 0 1-14.848-22.272A138.922667 138.922667 0 0 1 192 554.666667a133.12 133.12 0 0 1 1.834667-22.442667 154.282667 154.282667 0 0 1 5.546666-21.845333 147.925333 147.925333 0 0 1 9.045334-20.608 143.061333 143.061333 0 0 1 19.541333-27.477334 137.685333 137.685333 0 0 1 35.413333-27.605333 130.133333 130.133333 0 0 1 20.608-9.088c3.541333-1.237333 7.125333-2.304 10.794667-3.242667a230.826667 230.826667 0 0 1 6.357333-41.386666 254.890667 254.890667 0 0 1 6.058667-20.053334 241.493333 241.493333 0 0 1 7.936-19.456 212.053333 212.053333 0 0 1 15.317333-27.434666 194.005333 194.005333 0 0 1 12.245334-17.066667 251.946667 251.946667 0 0 1 13.824-15.744 253.952 253.952 0 0 1 15.274666-14.378667 224.298667 224.298667 0 0 1 92.501334-47.36 273.706667 273.706667 0 0 1 20.608-3.882666A228.352 228.352 0 0 1 516.266667 213.333333a216.533333 216.533333 0 0 1 43.264 4.266667 204.8 204.8 0 0 1 21.162666 5.290667 218.453333 218.453333 0 0 1 49.664 22.016 238.848 238.848 0 0 1 18.090667 12.074666 239.36 239.36 0 0 1 16.810667 13.824 225.365333 225.365333 0 0 1 35.498666 41.088 240.810667 240.810667 0 0 1 16.085334 28.458667 245.418667 245.418667 0 0 1 8.32 20.096 202.154667 202.154667 0 0 1 6.314666 20.864 207.573333 207.573333 0 0 1 5.589334 32.128 250.752 250.752 0 0 1 1.066666 21.76z\" fill=\"#89CAFF\">\u003C/path>\u003Cpath d=\"M483.925333 341.333333a17.066667 17.066667 0 0 0-17.066666 17.066667v136.533333H422.357333a17.066667 17.066667 0 0 0-12.885333 28.245334l95.658667 110.506666a16.810667 16.810667 0 0 0 12.928 5.845334 16.981333 16.981333 0 0 0 12.885333-5.888l95.658667-110.506667a16.725333 16.725333 0 0 0 4.010666-13.568 16.896 16.896 0 0 0-12.117333-13.952 16.810667 16.810667 0 0 0-4.778667-0.682667h-44.458666V358.4a17.066667 17.066667 0 0 0-17.066667-17.066667h-68.266667z\" fill=\"#FFFFFF\">\u003C/path>\u003C/symbol>\u003Csymbol id=\"iconuesr_set_account\" viewBox=\"0 0 1024 1024\">\u003Cpath d=\"M938.666667 864.384v12.373333a19.157333 19.157333 0 0 1-19.370667 19.242667h-39.552a20.096 20.096 0 0 1-19.797333-18.432 103.765333 103.765333 0 0 0-0.426667-3.84c-10.026667-74.026667-66.432-130.730667-127.914667-130.730667H621.653333c-61.909333 0-118.314667 57.472-127.744 132.266667a81.493333 81.493333 0 0 0-0.213333 2.218667 20.181333 20.181333 0 0 1-19.84 18.517333h-39.466667a19.498667 19.498667 0 0 1-13.738666-5.632 19.157333 19.157333 0 0 1-5.674667-13.568v-12.416c0-90.624 63.018667-167.04 145.194667-190.72a161.706667 161.706667 0 0 1-34.346667-177.450667 163.413333 163.413333 0 0 1 60.714667-72.704 165.632 165.632 0 0 1 182.314666 0.213334 163.413333 163.413333 0 0 1 60.586667 72.874666 161.706667 161.706667 0 0 1-34.816 177.365334c81.621333 23.936 144 100.096 144 190.421333zM162.901333 204.885333v576.512h169.685334v76.885334H124.16a38.997333 38.997333 0 0 1-27.434667-11.264 38.272 38.272 0 0 1-11.349333-27.178667V166.442667c0-10.24 4.096-19.968 11.349333-27.178667A38.954667 38.954667 0 0 1 124.16 128h698.197333c10.24 0 20.138667 4.053333 27.434667 11.264 7.253333 7.210667 11.349333 16.981333 11.349333 27.178667v220.8a323.456 323.456 0 0 0-77.568-47.061334V204.885333H162.901333z m77.568 192.170667c0-5.12 2.048-9.984 5.674667-13.610667a19.498667 19.498667 0 0 1 13.738667-5.589333h174.506666a19.456 19.456 0 0 1 19.413334 19.2v38.4c0 5.12-2.005333 10.026667-5.674667 13.653333a19.456 19.456 0 0 1-13.696 5.589334H259.84a19.498667 19.498667 0 0 1-13.738667-5.632 19.114667 19.114667 0 0 1-5.674666-13.568v-38.442667z m0 153.728c0-5.077333 2.048-9.984 5.674667-13.568a19.498667 19.498667 0 0 1 13.738667-5.632h77.568c5.12 0 10.069333 2.005333 13.696 5.632 3.669333 3.584 5.717333 8.490667 5.717333 13.568v38.442667a19.498667 19.498667 0 0 1-19.413333 19.2H259.882667a19.498667 19.498667 0 0 1-13.738667-5.589334 19.157333 19.157333 0 0 1-5.674667-13.610666v-38.4z m437.12-77.568c-23.04 0-45.226667 9.045333-61.525333 25.216a85.76 85.76 0 0 0 0 121.898667 87.381333 87.381333 0 0 0 123.008 0 85.76 85.76 0 0 0 0-121.898667 87.381333 87.381333 0 0 0-61.482667-25.216z\" fill=\"#1D2129\">\u003C/path>\u003C/symbol>\u003Csymbol id=\"iconuesr_set_display\" viewBox=\"0 0 1024 1024\">\u003Cpath d=\"M876.8 834.005333A19.114667 19.114667 0 0 1 896 853.333333v66.005334a19.413333 19.413333 0 0 1-19.2 19.328H147.2a19.114667 19.114667 0 0 1-19.2-19.328V853.333333a19.413333 19.413333 0 0 1 19.2-19.328h729.6z m-415.744-743.253333l294.4 296.661333a36.864 36.864 0 0 1 7.978667 40.192 36.821333 36.821333 0 0 1-7.936 11.946667l-287.701334 289.877333a36.437333 36.437333 0 0 1-51.754666 0l-240.469334-242.261333a36.864 36.864 0 0 1-7.936-40.192 36.864 36.864 0 0 1 7.936-11.946667l261.376-263.381333-28.117333-28.288a18.432 18.432 0 0 1 0-26.069333l26.368-26.581334a18.218667 18.218667 0 0 1 25.856 0z m304.170667 461.653333l51.712 54.485334c28.586667 30.08 28.586667 78.890667 0 109.013333a70.912 70.912 0 0 1-51.712 22.528 70.485333 70.485333 0 0 1-51.754667-22.528 80 80 0 0 1 0-109.013333l51.754667-54.485334z m-276.522667-328.618666l-235.008 236.8 18.389333 18.56 342.186667-1.578667 63.146667-63.616-188.714667-190.165333z\" fill=\"#1D2129\">\u003C/path>\u003C/symbol>\u003Csymbol id=\"iconMount_SMB_not\" viewBox=\"0 0 1024 1024\">\u003Cpath d=\"M42.666667 111.893333a47.829333 47.829333 0 0 1 3.562666-18.346666c1.130667-2.922667 2.624-5.696 4.330667-8.298667 1.685333-2.602667 3.648-4.992 5.802667-7.296a48.448 48.448 0 0 1 15.210666-10.389333A46.890667 46.890667 0 0 1 89.6 64h321.024c9.173333 0 18.133333 2.730667 25.813333 7.893333 7.68 5.141333 13.674667 12.501333 17.28 21.141334l23.082667 54.72H934.4a48.810667 48.810667 0 0 1 17.92 3.626666 48.448 48.448 0 0 1 15.210667 10.389334c2.154667 2.325333 4.138667 4.736 5.824 7.317333 1.792 2.602667 3.2 5.397333 4.309333 8.277333a42.666667 42.666667 0 0 1 2.730667 8.938667c0.554667 3.178667 0.938667 6.250667 0.938666 9.429333V698.666667c0 3.178667-0.384 6.250667-0.938666 9.322666a41.813333 41.813333 0 0 1-2.730667 9.045334 40.661333 40.661333 0 0 1-4.309333 8.256 53.333333 53.333333 0 0 1-5.824 7.317333 48.469333 48.469333 0 0 1-15.210667 10.389333 48.704 48.704 0 0 1-17.92 3.648H89.6a48.853333 48.853333 0 0 1-18.026667-3.648 48.469333 48.469333 0 0 1-15.210666-10.389333 53.333333 53.333333 0 0 1-5.802667-7.317333 45.930667 45.930667 0 0 1-4.330667-8.256A47.829333 47.829333 0 0 1 42.666667 698.666667V111.893333z\" fill=\"#9FA9B4\">\u003C/path>\u003Cpath d=\"M193.216 192h637.482667C859.989333 192 874.666667 208.746667 874.666667 242.432v453.802667C874.666667 729.834667 859.989333 746.666667 830.72 746.666667H193.194667C163.925333 746.666667 149.333333 729.813333 149.333333 696.234667V242.432C149.333333 208.725333 163.925333 192 193.216 192z\" fill=\"#EAEAEA\">\u003C/path>\u003Cpath d=\"M89.6 256h844.8c31.253333 0 46.933333 13.205333 46.933333 39.786667v411.008C981.333333 733.376 965.653333 746.666667 934.4 746.666667H89.6C58.24 746.666667 42.666667 733.376 42.666667 706.773333V295.808C42.666667 269.226667 58.24 256 89.6 256z\" fill=\"#A5B2C4\">\u003C/path>\u003Cpath d=\"M43.178667 877.909333a20.48 20.48 0 0 1 20.778666-20.202666h903.68a20.48 20.48 0 0 1 20.778667 20.202666v47.125334a20.48 20.48 0 0 1-20.778667 20.202666H63.957333a20.48 20.48 0 0 1-20.778666-20.202666v-47.146667z\" fill=\"#86909C\">\u003C/path>\u003Cpath d=\"M470.784 748.309333h90.026667v109.397334h-90.026667v-109.397334z\" fill=\"#86909C\">\u003C/path>\u003Cpath d=\"M167.850667 526.613333l62.869333-3.946666c1.344 10.218667 4.117333 17.984 8.32 23.338666 6.784 8.64 16.512 12.970667 29.141333 12.970667 9.429333 0 16.682667-2.176 21.738667-6.570667 5.141333-4.48 7.722667-9.6 7.722667-15.445333 0-5.546667-2.432-10.496-7.296-14.869333-4.842667-4.373333-16.128-8.533333-33.834667-12.394667-28.970667-6.528-49.621333-15.168-61.973333-25.962667-12.437333-10.794667-18.666667-24.533333-18.666667-41.28 0-10.986667 3.157333-21.333333 9.472-31.061333 6.421333-9.813333 16-17.493333 28.736-23.04 12.842667-5.632 30.378667-8.448 52.650667-8.448 27.306667 0 48.128 5.098667 62.421333 15.296 14.378667 10.112 22.933333 26.24 25.664 48.426667l-62.293333 3.626666c-1.642667-9.6-5.12-16.618667-10.474667-20.992-5.248-4.373333-12.544-6.549333-21.888-6.549333-7.68 0-13.44 1.642667-17.344 4.949333a14.762667 14.762667 0 0 0-5.845333 11.818667c0 3.413333 1.621333 6.464 4.821333 9.173333 3.114667 2.837333 10.496 5.461333 22.165333 7.893334 28.885333 6.208 49.536 12.544 61.973334 18.944 12.544 6.336 21.632 14.208 27.285333 23.637333 5.738667 9.429333 8.597333 19.968 8.597333 31.637333 0 13.717333-3.797333 26.346667-11.370666 37.930667-7.594667 11.562667-18.176 20.352-31.786667 26.389333-13.610667 5.930667-30.784 8.896-51.498667 8.896-36.352 0-61.525333-6.997333-75.52-21.013333-14.016-13.994667-21.930667-31.786667-23.786666-53.354667z m226.624-143.061333h86.912l33.557333 130.069333 33.386667-130.090666h86.613333V597.333333h-53.952v-163.050666L539.136 597.333333h-48.853333l-41.706667-163.050666V597.333333h-54.101333V383.552z m282.922666 0h123.669334c20.608 0 36.416 5.098667 47.402666 15.296 11.072 10.218667 16.618667 22.848 16.618667 37.930667 0 12.629333-3.946667 23.466667-11.818667 32.512-5.248 6.037333-12.928 10.794667-23.04 14.293333 15.36 3.690667 26.645333 10.069333 33.834667 19.114667 7.296 8.938667 10.944 20.202667 10.944 33.813333 0 11.093333-2.581333 21.056-7.744 29.909333a56.917333 56.917333 0 0 1-21.12 20.992c-5.546667 3.2-13.930667 5.546667-25.109333 6.997334-14.869333 1.941333-24.746667 2.922667-29.589334 2.922666h-114.048V383.552z m66.645334 83.84h28.736c10.304 0 17.450667-1.749333 21.44-5.248 4.053333-3.605333 6.122667-8.746667 6.122666-15.445333 0-6.229333-2.048-11.093333-6.144-14.592-3.968-3.498667-10.965333-5.248-20.992-5.248h-29.162666v40.533333z m0 84.010667h33.706666c11.349333 0 19.370667-2.005333 24.042667-5.973334 4.672-4.096 6.997333-9.536 6.997333-16.341333a18.56 18.56 0 0 0-6.997333-15.168c-4.565333-3.882667-12.650667-5.845333-24.213333-5.845333h-33.536v43.306666z\" fill=\"#FFFFFF\">\u003C/path>\u003C/symbol>\u003Csymbol id=\"iconMount_DAV_not\" viewBox=\"0 0 1024 1024\">\u003Cpath d=\"M42.666667 111.893333a47.829333 47.829333 0 0 1 3.562666-18.346666c1.130667-2.922667 2.624-5.696 4.330667-8.298667 1.685333-2.602667 3.648-4.992 5.802667-7.296a48.448 48.448 0 0 1 15.210666-10.389333A46.890667 46.890667 0 0 1 89.6 64h321.024c9.173333 0 18.133333 2.730667 25.813333 7.893333 7.68 5.141333 13.674667 12.501333 17.28 21.141334l23.082667 54.72H934.4a48.810667 48.810667 0 0 1 17.92 3.626666 48.448 48.448 0 0 1 15.210667 10.389334c2.154667 2.325333 4.138667 4.736 5.824 7.317333 1.792 2.602667 3.2 5.397333 4.309333 8.277333a42.666667 42.666667 0 0 1 2.730667 8.938667c0.554667 3.178667 0.938667 6.250667 0.938666 9.429333V698.666667c0 3.178667-0.384 6.250667-0.938666 9.322666a41.813333 41.813333 0 0 1-2.730667 9.045334 40.661333 40.661333 0 0 1-4.309333 8.256 53.333333 53.333333 0 0 1-5.824 7.317333 48.469333 48.469333 0 0 1-15.210667 10.389333 48.704 48.704 0 0 1-17.92 3.648H89.6a48.853333 48.853333 0 0 1-18.026667-3.648 48.469333 48.469333 0 0 1-15.210666-10.389333 53.333333 53.333333 0 0 1-5.802667-7.317333 45.930667 45.930667 0 0 1-4.330667-8.256A47.829333 47.829333 0 0 1 42.666667 698.666667V111.893333z\" fill=\"#9FA9B4\">\u003C/path>\u003Cpath d=\"M193.216 192h637.482667C859.989333 192 874.666667 208.746667 874.666667 242.432v453.802667C874.666667 729.834667 859.989333 746.666667 830.72 746.666667H193.194667C163.925333 746.666667 149.333333 729.813333 149.333333 696.234667V242.432C149.333333 208.725333 163.925333 192 193.216 192z\" fill=\"#EAEAEA\">\u003C/path>\u003Cpath d=\"M89.6 256h844.8c31.253333 0 46.933333 13.205333 46.933333 39.786667v411.008C981.333333 733.376 965.653333 746.666667 934.4 746.666667H89.6C58.24 746.666667 42.666667 733.376 42.666667 706.773333V295.808C42.666667 269.226667 58.24 256 89.6 256z\" fill=\"#A5B2C4\">\u003C/path>\u003Cpath d=\"M43.178667 877.909333a20.48 20.48 0 0 1 20.778666-20.202666h903.68a20.48 20.48 0 0 1 20.778667 20.202666v47.125334a20.48 20.48 0 0 1-20.778667 20.202666H63.957333a20.48 20.48 0 0 1-20.778666-20.202666v-47.146667z\" fill=\"#86909C\">\u003C/path>\u003Cpath d=\"M470.784 748.309333h90.026667v109.397334h-90.026667v-109.397334z\" fill=\"#86909C\">\u003C/path>\u003Cpath d=\"M200.789333 383.552h98.133334c19.370667 0 34.965333 2.624 46.826666 7.872 11.946667 5.248 21.824 12.778667 29.610667 22.613333 7.765333 9.813333 13.418667 21.226667 16.917333 34.261334 3.498667 13.013333 5.248 26.837333 5.248 41.408 0 22.848-2.624 40.597333-7.893333 53.226666a88.021333 88.021333 0 0 1-21.568 31.658667c-9.237333 8.448-19.157333 14.08-29.76 16.917333-14.485333 3.882667-27.605333 5.824-39.36 5.824h-98.133333V383.552z m66.069334 48.405333v116.821334h16.192c13.802667 0 23.616-1.514667 29.44-4.522667 5.845333-3.114667 10.410667-8.469333 13.717333-16.042667 3.306667-7.68 4.949333-20.074667 4.949333-37.184 0-22.656-3.690667-38.186667-11.093333-46.528-7.36-8.362667-19.626667-12.544-36.736-12.544h-16.469333z m284.224 130.090667h-75.242667L465.472 597.333333h-67.52l80.362667-213.781333h72.042666L630.72 597.333333h-69.12l-10.517333-35.285333z m-13.866667-46.229333l-23.616-76.864-23.466667 76.864h47.104z m77.013333-132.266667h69.12l48.128 153.834667 47.402667-153.856h67.072L766.613333 597.333333H695.04l-80.789333-213.781333z\" fill=\"#FFFFFF\">\u003C/path>\u003C/symbol>\u003Csymbol id=\"iconMount_NFS_Online\" viewBox=\"0 0 1024 1024\">\u003Cpath d=\"M42.666667 111.893333a47.829333 47.829333 0 0 1 3.562666-18.346666c1.130667-2.922667 2.624-5.696 4.330667-8.298667 1.685333-2.602667 3.648-4.992 5.802667-7.296a48.448 48.448 0 0 1 15.210666-10.389333A46.890667 46.890667 0 0 1 89.6 64h321.024c9.173333 0 18.133333 2.730667 25.813333 7.893333 7.68 5.141333 13.674667 12.501333 17.28 21.141334l23.082667 54.72H934.4a48.810667 48.810667 0 0 1 17.92 3.626666 48.426667 48.426667 0 0 1 15.210667 10.389334c2.154667 2.325333 4.138667 4.736 5.824 7.317333 1.792 2.602667 3.2 5.397333 4.309333 8.277333a42.666667 42.666667 0 0 1 2.730667 8.938667c0.554667 3.178667 0.938667 6.250667 0.938666 9.429333V698.666667c0 3.178667-0.384 6.250667-0.938666 9.322666a41.813333 41.813333 0 0 1-2.730667 9.045334 40.661333 40.661333 0 0 1-4.309333 8.256 53.333333 53.333333 0 0 1-5.824 7.317333 48.469333 48.469333 0 0 1-15.210667 10.389333 48.704 48.704 0 0 1-17.92 3.648H89.6a48.853333 48.853333 0 0 1-18.026667-3.648 48.469333 48.469333 0 0 1-15.210666-10.389333 53.333333 53.333333 0 0 1-5.802667-7.317333 45.930667 45.930667 0 0 1-4.330667-8.256A47.829333 47.829333 0 0 1 42.666667 698.666667V111.893333z\" fill=\"#FFB02C\">\u003C/path>\u003Cpath d=\"M193.216 192h637.482667C859.989333 192 874.666667 208.746667 874.666667 242.432v453.802667C874.666667 729.834667 859.989333 746.666667 830.72 746.666667H193.194667C163.925333 746.666667 149.333333 729.813333 149.333333 696.234667V242.432C149.333333 208.725333 163.925333 192 193.216 192z\" fill=\"#FFE4BA\">\u003C/path>\u003Cpath d=\"M89.6 256h844.8c31.253333 0 46.933333 13.205333 46.933333 39.786667v411.008C981.333333 733.376 965.653333 746.666667 934.4 746.666667H89.6C58.24 746.666667 42.666667 733.376 42.666667 706.773333V295.808C42.666667 269.226667 58.24 256 89.6 256z\" fill=\"#FFCA28\">\u003C/path>\u003Cpath d=\"M43.178667 877.909333a20.48 20.48 0 0 1 20.778666-20.202666h903.68a20.48 20.48 0 0 1 20.778667 20.202666v47.125334a20.48 20.48 0 0 1-20.778667 20.202666H63.957333a20.48 20.48 0 0 1-20.778666-20.202666v-47.146667z\" fill=\"#86909C\">\u003C/path>\u003Cpath d=\"M470.784 748.309333h90.026667v109.397334h-90.026667v-109.397334z\" fill=\"#86909C\">\u003C/path>\u003Cpath d=\"M202.389333 383.552h61.696l80.490667 118.272v-118.272h62.293333V597.333333h-62.293333L264.533333 479.936V597.333333H202.389333V383.552z m248.661334 0h163.328v45.930667h-96.981334v37.333333h82.837334v43.157333h-82.837334V597.333333h-66.346666V383.552z m187.392 143.061333l62.848-3.946666c1.365333 10.218667 4.138667 17.984 8.32 23.338666 6.805333 8.64 16.512 12.970667 29.162666 12.970667 9.429333 0 16.661333-2.176 21.717334-6.570667 5.162667-4.48 7.744-9.6 7.744-15.445333 0-5.546667-2.432-10.496-7.296-14.869333-4.864-4.373333-16.149333-8.533333-33.834667-12.394667-28.970667-6.528-49.621333-15.168-61.973333-25.962667-12.458667-10.794667-18.666667-24.533333-18.666667-41.28 0-10.986667 3.157333-21.333333 9.472-31.061333 6.4-9.813333 16-17.493333 28.736-23.04 12.821333-5.632 30.378667-8.448 52.650667-8.448 27.306667 0 48.106667 5.098667 62.4 15.296 14.4 10.112 22.954667 26.24 25.664 48.426667l-62.250667 3.626666c-1.664-9.6-5.162667-16.618667-10.517333-20.992-5.248-4.373333-12.544-6.549333-21.866667-6.549333-7.68 0-13.461333 1.642667-17.365333 4.949333a14.762667 14.762667 0 0 0-5.824 11.818667c0 3.413333 1.6 6.464 4.821333 9.173333 3.093333 2.837333 10.496 5.461333 22.165333 7.893334 28.864 6.208 49.536 12.544 61.973334 18.944 12.544 6.336 21.632 14.208 27.264 23.637333 5.76 9.429333 8.618667 19.968 8.618666 31.637333 0 13.717333-3.797333 26.346667-11.392 37.930667-7.573333 11.562667-18.176 20.352-31.786666 26.389333-13.610667 5.930667-30.762667 8.896-51.477334 8.896-36.352 0-61.546667-6.997333-75.541333-21.013333-13.994667-13.994667-21.930667-31.786667-23.765333-53.354667z\" fill=\"#FFFFFF\">\u003C/path>\u003C/symbol>\u003Csymbol id=\"iconMount_DAV_Online\" viewBox=\"0 0 1024 1024\">\u003Cpath d=\"M42.666667 111.893333a47.829333 47.829333 0 0 1 3.562666-18.346666c1.130667-2.922667 2.624-5.696 4.330667-8.298667 1.685333-2.602667 3.648-4.992 5.802667-7.296a48.448 48.448 0 0 1 15.210666-10.389333A46.890667 46.890667 0 0 1 89.6 64h321.024c9.173333 0 18.133333 2.730667 25.813333 7.893333 7.68 5.141333 13.674667 12.501333 17.28 21.141334l23.082667 54.72H934.4a48.810667 48.810667 0 0 1 17.92 3.626666 48.426667 48.426667 0 0 1 15.210667 10.389334c2.154667 2.325333 4.138667 4.736 5.824 7.317333 1.792 2.602667 3.2 5.397333 4.309333 8.277333a42.666667 42.666667 0 0 1 2.730667 8.938667c0.554667 3.178667 0.938667 6.250667 0.938666 9.429333V698.666667c0 3.178667-0.384 6.250667-0.938666 9.322666a41.813333 41.813333 0 0 1-2.730667 9.045334 40.661333 40.661333 0 0 1-4.309333 8.256 53.333333 53.333333 0 0 1-5.824 7.317333 48.469333 48.469333 0 0 1-15.210667 10.389333 48.704 48.704 0 0 1-17.92 3.648H89.6a48.853333 48.853333 0 0 1-18.026667-3.648 48.469333 48.469333 0 0 1-15.210666-10.389333 53.333333 53.333333 0 0 1-5.802667-7.317333 45.930667 45.930667 0 0 1-4.330667-8.256A47.829333 47.829333 0 0 1 42.666667 698.666667V111.893333z\" fill=\"#FFB02C\">\u003C/path>\u003Cpath d=\"M193.216 192h637.482667C859.989333 192 874.666667 208.746667 874.666667 242.432v453.802667C874.666667 729.834667 859.989333 746.666667 830.72 746.666667H193.194667C163.925333 746.666667 149.333333 729.813333 149.333333 696.234667V242.432C149.333333 208.725333 163.925333 192 193.216 192z\" fill=\"#FFE4BA\">\u003C/path>\u003Cpath d=\"M89.6 256h844.8c31.253333 0 46.933333 13.205333 46.933333 39.786667v411.008C981.333333 733.376 965.653333 746.666667 934.4 746.666667H89.6C58.24 746.666667 42.666667 733.376 42.666667 706.773333V295.808C42.666667 269.226667 58.24 256 89.6 256z\" fill=\"#FFCA28\">\u003C/path>\u003Cpath d=\"M43.178667 877.909333a20.48 20.48 0 0 1 20.778666-20.202666h903.68a20.48 20.48 0 0 1 20.778667 20.202666v47.125334a20.48 20.48 0 0 1-20.778667 20.202666H63.957333a20.48 20.48 0 0 1-20.778666-20.202666v-47.146667z\" fill=\"#86909C\">\u003C/path>\u003Cpath d=\"M470.784 748.309333h90.026667v109.397334h-90.026667v-109.397334z\" fill=\"#86909C\">\u003C/path>\u003Cpath d=\"M200.789333 383.552h98.133334c19.370667 0 34.965333 2.624 46.826666 7.872 11.946667 5.248 21.824 12.778667 29.610667 22.613333 7.765333 9.813333 13.418667 21.226667 16.917333 34.261334 3.498667 13.013333 5.248 26.837333 5.248 41.408 0 22.848-2.624 40.597333-7.893333 53.226666a88.021333 88.021333 0 0 1-21.568 31.658667c-9.237333 8.448-19.157333 14.08-29.76 16.917333-14.485333 3.882667-27.605333 5.824-39.36 5.824h-98.133333V383.552z m66.069334 48.405333v116.821334h16.192c13.802667 0 23.616-1.514667 29.44-4.522667 5.845333-3.114667 10.410667-8.469333 13.717333-16.042667 3.306667-7.68 4.949333-20.074667 4.949333-37.184 0-22.656-3.690667-38.186667-11.093333-46.528-7.36-8.362667-19.626667-12.544-36.736-12.544h-16.469333z m284.224 130.090667h-75.242667L465.472 597.333333h-67.52l80.362667-213.781333h72.042666L630.72 597.333333h-69.12l-10.517333-35.285333z m-13.866667-46.229333l-23.616-76.864-23.466667 76.864h47.104z m77.013333-132.266667h69.12l48.128 153.834667 47.402667-153.856h67.072L766.613333 597.333333H695.04l-80.789333-213.781333z\" fill=\"#FFFFFF\">\u003C/path>\u003C/symbol>\u003Csymbol id=\"iconMount_SMB_Online\" viewBox=\"0 0 1024 1024\">\u003Cpath d=\"M42.666667 111.893333a47.829333 47.829333 0 0 1 3.562666-18.346666c1.130667-2.922667 2.624-5.696 4.330667-8.298667 1.685333-2.602667 3.648-4.992 5.802667-7.296a48.448 48.448 0 0 1 15.210666-10.389333A46.890667 46.890667 0 0 1 89.6 64h321.024c9.173333 0 18.133333 2.730667 25.813333 7.893333 7.68 5.141333 13.674667 12.501333 17.28 21.141334l23.082667 54.72H934.4a48.810667 48.810667 0 0 1 17.92 3.626666 48.426667 48.426667 0 0 1 15.210667 10.389334c2.154667 2.325333 4.138667 4.736 5.824 7.317333 1.792 2.602667 3.2 5.397333 4.309333 8.277333a42.666667 42.666667 0 0 1 2.730667 8.938667c0.554667 3.178667 0.938667 6.250667 0.938666 9.429333V698.666667c0 3.178667-0.384 6.250667-0.938666 9.322666a41.813333 41.813333 0 0 1-2.730667 9.045334 40.661333 40.661333 0 0 1-4.309333 8.256 53.333333 53.333333 0 0 1-5.824 7.317333 48.469333 48.469333 0 0 1-15.210667 10.389333 48.704 48.704 0 0 1-17.92 3.648H89.6a48.853333 48.853333 0 0 1-18.026667-3.648 48.469333 48.469333 0 0 1-15.210666-10.389333 53.333333 53.333333 0 0 1-5.802667-7.317333 45.930667 45.930667 0 0 1-4.330667-8.256A47.829333 47.829333 0 0 1 42.666667 698.666667V111.893333z\" fill=\"#FFB02C\">\u003C/path>\u003Cpath d=\"M193.216 192h637.482667C859.989333 192 874.666667 208.746667 874.666667 242.432v453.802667C874.666667 729.834667 859.989333 746.666667 830.72 746.666667H193.194667C163.925333 746.666667 149.333333 729.813333 149.333333 696.234667V242.432C149.333333 208.725333 163.925333 192 193.216 192z\" fill=\"#FFE4BA\">\u003C/path>\u003Cpath d=\"M89.6 256h844.8c31.253333 0 46.933333 13.205333 46.933333 39.786667v411.008C981.333333 733.376 965.653333 746.666667 934.4 746.666667H89.6C58.24 746.666667 42.666667 733.376 42.666667 706.773333V295.808C42.666667 269.226667 58.24 256 89.6 256z\" fill=\"#FFCA28\">\u003C/path>\u003Cpath d=\"M43.178667 877.909333a20.48 20.48 0 0 1 20.778666-20.202666h903.68a20.48 20.48 0 0 1 20.778667 20.202666v47.125334a20.48 20.48 0 0 1-20.778667 20.202666H63.957333a20.48 20.48 0 0 1-20.778666-20.202666v-47.146667z\" fill=\"#86909C\">\u003C/path>\u003Cpath d=\"M470.784 748.309333h90.026667v109.397334h-90.026667v-109.397334z\" fill=\"#86909C\">\u003C/path>\u003Cpath d=\"M167.850667 526.613333l62.869333-3.946666c1.344 10.218667 4.117333 17.984 8.32 23.338666 6.784 8.64 16.512 12.970667 29.141333 12.970667 9.429333 0 16.682667-2.176 21.738667-6.570667 5.141333-4.48 7.722667-9.6 7.722667-15.445333 0-5.546667-2.432-10.496-7.296-14.869333-4.842667-4.373333-16.128-8.533333-33.834667-12.394667-28.970667-6.528-49.621333-15.168-61.973333-25.962667-12.437333-10.794667-18.666667-24.533333-18.666667-41.28 0-10.986667 3.157333-21.333333 9.472-31.061333 6.421333-9.813333 16-17.493333 28.736-23.04 12.842667-5.632 30.378667-8.448 52.650667-8.448 27.306667 0 48.128 5.098667 62.421333 15.296 14.378667 10.112 22.933333 26.24 25.664 48.426667l-62.293333 3.626666c-1.642667-9.6-5.12-16.618667-10.474667-20.992-5.248-4.373333-12.544-6.549333-21.888-6.549333-7.68 0-13.44 1.642667-17.344 4.949333a14.762667 14.762667 0 0 0-5.845333 11.818667c0 3.413333 1.621333 6.464 4.821333 9.173333 3.114667 2.837333 10.496 5.461333 22.165333 7.893334 28.885333 6.208 49.536 12.544 61.973334 18.944 12.544 6.336 21.632 14.208 27.285333 23.637333 5.738667 9.429333 8.597333 19.968 8.597333 31.637333 0 13.717333-3.797333 26.346667-11.370666 37.930667-7.594667 11.562667-18.176 20.352-31.786667 26.389333-13.610667 5.930667-30.784 8.896-51.498667 8.896-36.352 0-61.525333-6.997333-75.52-21.013333-14.016-13.994667-21.930667-31.786667-23.786666-53.354667z m226.624-143.061333h86.912l33.557333 130.069333 33.386667-130.090666h86.613333V597.333333h-53.952v-163.050666L539.136 597.333333h-48.853333l-41.706667-163.050666V597.333333h-54.101333V383.552z m282.922666 0h123.669334c20.608 0 36.416 5.098667 47.402666 15.296 11.072 10.218667 16.618667 22.848 16.618667 37.930667 0 12.629333-3.946667 23.466667-11.818667 32.512-5.248 6.037333-12.928 10.794667-23.04 14.293333 15.36 3.690667 26.645333 10.069333 33.834667 19.114667 7.296 8.938667 10.944 20.202667 10.944 33.813333 0 11.093333-2.581333 21.056-7.744 29.909333a56.917333 56.917333 0 0 1-21.12 20.992c-5.546667 3.2-13.930667 5.546667-25.109333 6.997334-14.869333 1.941333-24.746667 2.922667-29.589334 2.922666h-114.048V383.552z m66.645334 83.84h28.736c10.304 0 17.450667-1.749333 21.44-5.248 4.053333-3.605333 6.122667-8.746667 6.122666-15.445333 0-6.229333-2.048-11.093333-6.144-14.592-3.968-3.498667-10.965333-5.248-20.992-5.248h-29.162666v40.533333z m0 84.010667h33.706666c11.349333 0 19.370667-2.005333 24.042667-5.973334 4.672-4.096 6.997333-9.536 6.997333-16.341333a18.56 18.56 0 0 0-6.997333-15.168c-4.565333-3.882667-12.650667-5.845333-24.213333-5.845333h-33.536v43.306666z\" fill=\"#FFFFFF\">\u003C/path>\u003C/symbol>\u003Csymbol id=\"iconMount_NFS_not\" viewBox=\"0 0 1024 1024\">\u003Cpath d=\"M42.666667 111.893333a47.829333 47.829333 0 0 1 3.562666-18.346666c1.130667-2.922667 2.624-5.696 4.330667-8.298667 1.685333-2.602667 3.648-4.992 5.802667-7.296a48.448 48.448 0 0 1 15.210666-10.389333A46.890667 46.890667 0 0 1 89.6 64h321.024c9.173333 0 18.133333 2.730667 25.813333 7.893333 7.68 5.141333 13.674667 12.501333 17.28 21.141334l23.082667 54.72H934.4a48.810667 48.810667 0 0 1 17.92 3.626666 48.448 48.448 0 0 1 15.210667 10.389334c2.154667 2.325333 4.138667 4.736 5.824 7.317333 1.792 2.602667 3.2 5.397333 4.309333 8.277333a42.666667 42.666667 0 0 1 2.730667 8.938667c0.554667 3.178667 0.938667 6.250667 0.938666 9.429333V698.666667c0 3.178667-0.384 6.250667-0.938666 9.322666a41.813333 41.813333 0 0 1-2.730667 9.045334 40.661333 40.661333 0 0 1-4.309333 8.256 53.333333 53.333333 0 0 1-5.824 7.317333 48.469333 48.469333 0 0 1-15.210667 10.389333 48.704 48.704 0 0 1-17.92 3.648H89.6a48.853333 48.853333 0 0 1-18.026667-3.648 48.469333 48.469333 0 0 1-15.210666-10.389333 53.333333 53.333333 0 0 1-5.802667-7.317333 45.930667 45.930667 0 0 1-4.330667-8.256A47.829333 47.829333 0 0 1 42.666667 698.666667V111.893333z\" fill=\"#9FA9B4\">\u003C/path>\u003Cpath d=\"M193.216 192h637.482667C859.989333 192 874.666667 208.746667 874.666667 242.432v453.802667C874.666667 729.834667 859.989333 746.666667 830.72 746.666667H193.194667C163.925333 746.666667 149.333333 729.813333 149.333333 696.234667V242.432C149.333333 208.725333 163.925333 192 193.216 192z\" fill=\"#EAEAEA\">\u003C/path>\u003Cpath d=\"M89.6 256h844.8c31.253333 0 46.933333 13.205333 46.933333 39.786667v411.008C981.333333 733.376 965.653333 746.666667 934.4 746.666667H89.6C58.24 746.666667 42.666667 733.376 42.666667 706.773333V295.808C42.666667 269.226667 58.24 256 89.6 256z\" fill=\"#A5B2C4\">\u003C/path>\u003Cpath d=\"M43.178667 877.909333a20.48 20.48 0 0 1 20.778666-20.202666h903.68a20.48 20.48 0 0 1 20.778667 20.202666v47.125334a20.48 20.48 0 0 1-20.778667 20.202666H63.957333a20.48 20.48 0 0 1-20.778666-20.202666v-47.146667z\" fill=\"#86909C\">\u003C/path>\u003Cpath d=\"M470.784 748.309333h90.026667v109.397334h-90.026667v-109.397334z\" fill=\"#86909C\">\u003C/path>\u003Cpath d=\"M202.389333 383.552h61.696l80.490667 118.272v-118.272h62.293333V597.333333h-62.293333L264.533333 479.936V597.333333H202.389333V383.552z m248.661334 0h163.328v45.930667h-96.981334v37.333333h82.837334v43.157333h-82.837334V597.333333h-66.346666V383.552z m187.392 143.061333l62.848-3.946666c1.365333 10.218667 4.138667 17.984 8.32 23.338666 6.805333 8.64 16.512 12.970667 29.162666 12.970667 9.429333 0 16.661333-2.176 21.717334-6.570667 5.162667-4.48 7.744-9.6 7.744-15.445333 0-5.546667-2.432-10.496-7.296-14.869333-4.864-4.373333-16.149333-8.533333-33.834667-12.394667-28.970667-6.528-49.621333-15.168-61.973333-25.962667-12.458667-10.794667-18.666667-24.533333-18.666667-41.28 0-10.986667 3.157333-21.333333 9.472-31.061333 6.4-9.813333 16-17.493333 28.736-23.04 12.821333-5.632 30.378667-8.448 52.650667-8.448 27.306667 0 48.106667 5.098667 62.4 15.296 14.4 10.112 22.954667 26.24 25.664 48.426667l-62.250667 3.626666c-1.664-9.6-5.162667-16.618667-10.517333-20.992-5.248-4.373333-12.544-6.549333-21.866667-6.549333-7.68 0-13.461333 1.642667-17.365333 4.949333a14.762667 14.762667 0 0 0-5.824 11.818667c0 3.413333 1.6 6.464 4.821333 9.173333 3.093333 2.837333 10.496 5.461333 22.165333 7.893334 28.864 6.208 49.536 12.544 61.973334 18.944 12.544 6.336 21.632 14.208 27.264 23.637333 5.76 9.429333 8.618667 19.968 8.618666 31.637333 0 13.717333-3.797333 26.346667-11.392 37.930667-7.573333 11.562667-18.176 20.352-31.786666 26.389333-13.610667 5.930667-30.762667 8.896-51.477334 8.896-36.352 0-61.546667-6.997333-75.541333-21.013333-13.994667-13.994667-21.930667-31.786667-23.765333-53.354667z\" fill=\"#FFFFFF\">\u003C/path>\u003C/symbol>\u003Csymbol id=\"iconCloud_Drive_Online\" viewBox=\"0 0 1024 1024\">\u003Cpath d=\"M0 0m170.666667 0l682.666666 0q170.666667 0 170.666667 170.666667l0 682.666666q0 170.666667-170.666667 170.666667l-682.666666 0q-170.666667 0-170.666667-170.666667l0-682.666666q0-170.666667 170.666667-170.666667Z\" fill=\"#EEF6FF\">\u003C/path>\u003Cpath d=\"M858.901333 640.042667H165.354667c-44.949333-1.066667-60.202667 25.898667-80 44.437333l121.088-469.056c1.941333-3.861333 1.941333-7.765333 3.904-11.648l1.92-5.824c9.813333-17.493333 27.349333-29.162667 48.853333-29.162667H761.173333c17.578667 1.962667 35.157333 13.610667 42.965334 29.162667l1.941333 3.861333c1.962667 5.845333 3.904 9.749333 3.904 13.610667l128.96 469.056c-20.842667-18.538667-47.637333-44.458667-80-44.458667zM595.626667 421.909333c0-41.6-37.376-75.306667-83.498667-75.306666s-83.52 33.706667-83.52 75.306666c-42.24 0-76.522667 30.890667-76.522667 69.034667 0 38.122667 34.282667 69.034667 76.522667 69.034667h167.018667c42.282667 0 76.565333-30.912 76.565333-69.034667 0-38.144-34.282667-69.034667-76.565333-69.034667zM165.354667 666.709333h693.546666c39.04 0 81.92 35.690667 79.978667 72.618667 0 38.848-31.232 87.424-70.314667 87.424H155.648C116.565333 826.752 85.333333 776.234667 85.333333 739.328c0-36.928 40.96-72.618667 80.021334-72.618667z m666.88 106.688a26.666667 26.666667 0 1 0 0-53.333333 26.666667 26.666667 0 0 0 0 53.333333z m-106.709334 0a26.666667 26.666667 0 1 0 0-53.333333 26.666667 26.666667 0 0 0 0 53.333333z m-106.688 0a26.666667 26.666667 0 1 0 0-53.290666 26.666667 26.666667 0 0 0 0 53.290666z\" fill=\"#4EA3FF\">\u003C/path>\u003C/symbol>\u003Csymbol id=\"iconCloud_Drive_not\" viewBox=\"0 0 1024 1024\">\u003Cpath d=\"M0 0m170.666667 0l682.666666 0q170.666667 0 170.666667 170.666667l0 682.666666q0 170.666667-170.666667 170.666667l-682.666666 0q-170.666667 0-170.666667-170.666667l0-682.666666q0-170.666667 170.666667-170.666667Z\" fill=\"#F7F8FA\">\u003C/path>\u003Cpath d=\"M858.901333 640.042667H165.354667c-44.949333-1.066667-60.202667 25.898667-80 44.437333l121.088-469.056c1.941333-3.861333 1.941333-7.765333 3.904-11.648l1.92-5.824c9.813333-17.493333 27.349333-29.162667 48.853333-29.162667H761.173333c17.578667 1.962667 35.157333 13.610667 42.965334 29.162667l1.941333 3.861333c1.962667 5.845333 3.904 9.749333 3.904 13.610667l128.96 469.056c-20.842667-18.538667-47.637333-44.458667-80-44.458667zM595.626667 421.909333c0-41.6-37.376-75.306667-83.498667-75.306666s-83.52 33.706667-83.52 75.306666c-42.24 0-76.522667 30.890667-76.522667 69.034667 0 38.122667 34.282667 69.034667 76.522667 69.034667h167.018667c42.282667 0 76.565333-30.912 76.565333-69.034667 0-38.144-34.282667-69.034667-76.565333-69.034667zM165.354667 666.709333h693.546666c39.04 0 81.92 35.690667 79.978667 72.618667 0 38.848-31.232 87.424-70.314667 87.424H155.648C116.565333 826.752 85.333333 776.234667 85.333333 739.328c0-36.928 40.96-72.618667 80.021334-72.618667z m666.88 106.688a26.666667 26.666667 0 1 0 0-53.333333 26.666667 26.666667 0 0 0 0 53.333333z m-106.709334 0a26.666667 26.666667 0 1 0 0-53.333333 26.666667 26.666667 0 0 0 0 53.333333z m-106.688 0a26.666667 26.666667 0 1 0 0-53.290666 26.666667 26.666667 0 0 0 0 53.290666z\" fill=\"#A4ACB6\">\u003C/path>\u003C/symbol>\u003Csymbol id=\"iconfail_Full\" viewBox=\"0 0 1024 1024\">\u003Cpath d=\"M512 0C229.184 0 0 229.184 0 512s229.184 512 512 512 512-229.184 512-512S794.816 0 512 0z m157.994667 618.304l49.728 50.709333c-16.576 17.557333-33.152 35.114667-50.709334 52.672-52.672-52.672-104.341333-105.344-157.013333-157.013333-51.690667 52.650667-103.381333 105.322667-156.032 157.973333-17.557333-17.557333-34.133333-34.133333-50.709333-51.690666l49.728-51.669334c35.114667-36.096 70.208-71.210667 105.322666-107.285333a11996.202667 11996.202667 0 0 1-156.032-158.954667c16.576-16.597333 33.152-32.192 49.728-50.730666L512 460.309333c52.672-52.650667 104.341333-105.322667 157.013333-158.954666 16.576 17.557333 33.152 34.133333 50.709334 49.728-51.690667 54.613333-104.341333 107.285333-156.032 160.917333 35.114667 35.114667 71.189333 70.208 106.304 106.304z\" fill=\"#C53709\">\u003C/path>\u003C/symbol>\u003Csymbol id=\"iconForum\" viewBox=\"0 0 1024 1024\">\u003Cpath d=\"M512 85.333333c235.648 0 426.666667 191.018667 426.666667 426.666667s-191.018667 426.666667-426.666667 426.666667H128a42.666667 42.666667 0 0 1-42.666667-42.666667v-384C85.333333 276.352 276.352 85.333333 512 85.333333z m0 81.28A345.386667 345.386667 0 0 0 166.613333 512v345.386667H512a345.386667 345.386667 0 1 0 0-690.773334z m14.592 203.178667c9.045333 0 12.373333 0.938667 15.658667 2.688a18.432 18.432 0 0 1 7.68 7.68c1.792 3.328 2.688 6.613333 2.688 15.658667v272.981333c0 9.088-0.896 12.373333-2.688 15.658667a18.474667 18.474667 0 0 1-7.68 7.68c-3.328 1.792-6.613333 2.730667-15.658667 2.730666h-29.184c-9.045333 0-12.373333-0.938667-15.658667-2.730666a18.474667 18.474667 0 0 1-7.68-7.68c-1.792-3.285333-2.688-6.570667-2.688-15.658667V395.818667c0-9.045333 0.896-12.373333 2.688-15.658667a18.432 18.432 0 0 1 7.68-7.68c3.328-1.749333 6.613333-2.688 15.658667-2.688h29.184z m162.56 60.928c9.045333 0 12.288 0.938667 15.616 2.730667a18.432 18.432 0 0 1 7.68 7.68c1.792 3.285333 2.730667 6.570667 2.730667 15.658666v130.773334c0 9.045333-0.938667 12.330667-2.730667 15.616a18.432 18.432 0 0 1-7.68 7.68c-3.328 1.792-6.570667 2.730667-15.658667 2.730666h-29.141333c-9.088 0-12.373333-0.938667-15.658667-2.730666a18.389333 18.389333 0 0 1-7.68-7.68c-1.792-3.285333-2.730667-6.570667-2.730666-15.658667v-130.730667c0-9.088 0.938667-12.373333 2.730666-15.658666a18.432 18.432 0 0 1 7.68-7.68c3.285333-1.792 6.570667-2.730667 15.658667-2.730667h29.141333z m-325.12 0c9.088 0 12.373333 0.938667 15.658667 2.730667a18.432 18.432 0 0 1 7.68 7.68c1.792 3.285333 2.730667 6.570667 2.730666 15.658666v130.773334c0 9.045333-0.938667 12.330667-2.730666 15.616a18.432 18.432 0 0 1-7.68 7.68c-3.285333 1.792-6.570667 2.730667-15.658667 2.730666H334.933333c-9.088 0-12.373333-0.938667-15.658666-2.730666a18.432 18.432 0 0 1-7.68-7.68c-1.792-3.285333-2.730667-6.570667-2.730667-15.658667v-130.730667c0-9.088 0.938667-12.373333 2.730667-15.658666a18.474667 18.474667 0 0 1 7.68-7.68c3.285333-1.792 6.570667-2.730667 15.658666-2.730667h29.141334z\" fill=\"#1D2129\">\u003C/path>\u003C/symbol>\u003Csymbol id=\"iconDebug_mode\" viewBox=\"0 0 1024 1024\">\u003Cpath d=\"M704 269.568a185.173333 185.173333 0 0 0-53.418667-130.261333A181.461333 181.461333 0 0 0 521.6 85.333333h-19.2a181.461333 181.461333 0 0 0-128.981333 53.973334A185.173333 185.173333 0 0 0 320 269.568v9.685333h76.8v-9.685333c0-28.288 11.093333-55.424 30.933333-75.434667a105.088 105.088 0 0 1 74.666667-31.232h19.2c27.989333 0 54.869333 11.264 74.666667 31.232 19.797333 20.053333 30.933333 47.146667 30.933333 75.434667v9.685333h76.8v-9.685333z m-486.144 571.733333c7.125333-11.776 17.066667-20.565333 30.378667-26.837333 9.130667-4.309333 18.176-7.253333 32.426666-9.045333l0.170667 0.426666C327.722667 885.333333 413.696 938.666667 512 938.666667c98.986667 0 185.429333-54.016 232.106667-134.485334l-0.725334 1.28c14.208 1.749333 23.253333 4.693333 32.426667 9.002667 13.269333 6.272 23.210667 15.061333 30.293333 26.837333 7.936 13.056 11.690667 25.984 12.757334 58.538667h76.757333c-1.749333-51.2-9.429333-73.088-22.4-95.146667a148.906667 148.906667 0 0 0-64.512-58.666666 166.826667 166.826667 0 0 0-35.84-12.970667l0.256-1.237333c4.992-20.736 7.68-42.368 7.68-64.682667v-58.154667h90.581333c8.533333 0 11.648-0.896 14.805334-2.602666a17.493333 17.493333 0 0 0 7.253333-7.338667c1.706667-3.157333 2.56-6.272 2.56-14.933333v-27.861334c0-8.661333-0.853333-11.776-2.56-14.933333a17.493333 17.493333 0 0 0-7.253333-7.296c-3.157333-1.706667-6.229333-2.645333-14.805334-2.645333H780.8V394.922667c23.765333-1.664 40.234667-6.272 55.168-13.525334 19.114667-9.301333 34.133333-22.954667 44.373333-40.32 9.344-15.914667 14.72-33.749333 15.530667-61.781333h-85.333333c-0.512 13.397333-2.304 19.84-5.461334 25.173333a20.608 20.608 0 0 1-9.344 8.533334c-6.997333 3.413333-15.616 5.077333-36.608 5.077333H264.832c-20.992 0-29.610667-1.706667-36.608-5.12a20.48 20.48 0 0 1-9.386667-8.448c-3.114667-5.376-4.949333-11.818667-5.418666-25.216h-85.333334c0.853333 28.032 6.186667 45.866667 15.530667 61.738667a102.4 102.4 0 0 0 44.373333 40.362666c14.933333 7.253333 31.445333 11.861333 55.168 13.525334v136.448H152.618667c-8.533333 0-11.648 0.896-14.805334 2.602666a17.493333 17.493333 0 0 0-7.253333 7.338667c-1.706667 3.157333-2.56 6.314667-2.56 14.933333v27.861334c0 8.661333 0.853333 11.776 2.56 14.933333a17.493333 17.493333 0 0 0 7.253333 7.338667c3.157333 1.706667 6.229333 2.56 14.805334 2.56H243.2v58.197333c0 22.314667 2.688 43.946667 7.68 64.682667l0.298667 1.237333-0.853334 0.213333-6.528 1.706667c-9.813333 2.858667-19.328 6.528-28.501333 11.093333a148.864 148.864 0 0 0-64.512 58.624c-12.970667 22.058667-20.650667 43.946667-22.4 95.146667h76.8c1.024-32.597333 4.736-45.482667 12.672-58.538667z m35.413333-100.138666l-2.090666-8.106667c0.682667 2.688 1.365333 5.418667 2.133333 8.106667z m490.112 64.256c1.706667-2.986667 3.413333-5.973333 5.034667-8.96l-1.92 3.498666-2.389333 4.266667 0.597333-1.109333-1.28 2.304zM320 395.648h384v271.488c0 93.866667-65.962667 172.117333-153.6 190.08v-364.629333a19.498667 19.498667 0 0 0-5.632-13.696 19.114667 19.114667 0 0 0-13.568-5.674667h-38.4a19.114667 19.114667 0 0 0-13.568 5.674667 19.498667 19.498667 0 0 0-5.632 13.738666v364.586667c-87.637333-18.005333-153.6-96.256-153.6-190.08V395.648z m442.24 370.858667l-0.170667 0.426666 0.341334-0.896-0.170667 0.469334z m-505.770667-14.933334a238.933333 238.933333 0 0 1-0.682666-2.133333l0.682666 2.133333z\" fill=\"#1D2129\">\u003C/path>\u003C/symbol>\u003Csymbol id=\"iconProblem_report\" viewBox=\"0 0 1024 1024\">\u003Cpath d=\"M899.84 128c10.325333 0 20.181333 4.053333 27.477333 11.264 7.253333 7.168 11.349333 16.938667 11.349334 27.136v192a38.186667 38.186667 0 0 1-11.349334 27.136 38.997333 38.997333 0 0 1-27.434666 11.264h-38.826667v460.8a38.229333 38.229333 0 0 1-11.306667 27.136 38.997333 38.997333 0 0 1-27.434666 11.264H201.685333a38.997333 38.997333 0 0 1-27.434666-11.264 38.186667 38.186667 0 0 1-11.349334-27.136V396.8H124.16a38.997333 38.997333 0 0 1-27.434667-11.264A38.186667 38.186667 0 0 1 85.333333 358.4V166.4c0-10.197333 4.096-19.968 11.349334-27.136A38.997333 38.997333 0 0 1 124.16 128h775.765333z m-116.309333 268.8H240.469333v422.4h543.061334V396.8z m-135.765334 76.8c5.12 0 10.069333 2.005333 13.696 5.632a19.114667 19.114667 0 0 1 5.674667 13.568v38.4c0 5.12-2.005333 9.984-5.674667 13.568a19.498667 19.498667 0 0 1-13.696 5.632H376.234667a19.498667 19.498667 0 0 1-13.696-5.632 19.114667 19.114667 0 0 1-5.674667-13.568v-38.4c0-5.12 2.048-9.984 5.674667-13.568a19.498667 19.498667 0 0 1 13.696-5.632h271.530666z m213.333334-268.8H162.901333v115.2h698.197334V204.8z\" fill=\"#1D2129\">\u003C/path>\u003C/symbol>\u003Csymbol id=\"iconHelp_Support\" viewBox=\"0 0 1024 1024\">\u003Cpath d=\"M512 85.333333c235.648 0 426.666667 191.018667 426.666667 426.666667s-191.018667 426.666667-426.666667 426.666667S85.333333 747.648 85.333333 512 276.352 85.333333 512 85.333333z m0 77.568a349.098667 349.098667 0 1 0 0 698.197334 349.098667 349.098667 0 0 0 0-698.197334z m19.370667 504.234667a19.413333 19.413333 0 0 1 19.413333 19.413333V725.333333a19.413333 19.413333 0 0 1-19.413333 19.370667h-38.784a19.370667 19.370667 0 0 1-19.370667-19.370667v-38.826666a19.413333 19.413333 0 0 1 19.413333-19.370667h38.784z m-24.874667-387.84c46.08 0 84.394667 11.136 114.901333 33.450667 30.506667 22.4 45.738667 55.466667 45.738667 99.285333 0 26.88-6.613333 49.493333-19.882667 67.925333-7.765333 11.136-22.613333 25.386667-44.672 42.794667l-21.717333 17.066667c-11.818667 9.301333-19.712 20.181333-23.594667 32.554666-1.024 3.413333-1.962667 9.685333-2.773333 18.901334a19.413333 19.413333 0 0 1-19.285333 17.706666h-43.477334a19.413333 19.413333 0 0 1-19.370666-19.413333v-0.853333l0.085333-0.938667c2.517333-26.965333 5.162667-44.074667 8.021333-51.2 5.333333-13.354667 18.986667-28.714667 41.002667-46.08l22.357333-17.706667c7.338667-5.546667 45.184-32.213333 45.184-55.808s-4.096-32.298667-15.957333-45.226666c-11.818667-12.928-38.528-17.109333-62.592-17.109334-23.68 0-43.904 6.272-53.76 22.186667a112.341333 112.341333 0 0 0-11.050667 23.296c-1.28 3.84-2.176 7.850667-2.816 11.904a19.370667 19.370667 0 0 1-19.114666 16.085333H378.026667a19.370667 19.370667 0 0 1-19.413334-19.370666v-1.066667l0.128-1.109333c0.469333-4.352 0.981333-7.978667 1.536-10.837334 7.552-42.112 26.666667-73.045333 57.429334-92.885333 24.064-15.701333 53.674667-23.594667 88.746666-23.594667z\" fill=\"#1D2129\">\u003C/path>\u003C/symbol>\u003Csymbol id=\"iconReduce_tag\" viewBox=\"0 0 1024 1024\">\u003Cpath d=\"M899.84 85.333333a37.12 37.12 0 0 1 27.477333 12.501334c7.253333 7.978667 11.349333 18.858667 11.349334 30.165333v768c0 11.306667-4.096 22.186667-11.349334 30.165333a37.12 37.12 0 0 1-27.434666 12.501334H124.117333a37.12 37.12 0 0 1-27.434666-12.501334A44.928 44.928 0 0 1 85.333333 896V128c0-11.306667 4.096-22.186667 11.349334-30.165333A37.12 37.12 0 0 1 124.16 85.333333h775.765333z m-38.741333 85.333334H162.901333v682.666666h698.197334V170.666667z\" fill=\"#1D2129\">\u003C/path>\u003Cpath d=\"M719.104 475.562667A21.333333 21.333333 0 0 1 725.333333 490.666667v42.666666a21.333333 21.333333 0 0 1-21.333333 21.333334h-384a21.333333 21.333333 0 0 1-21.333333-21.333334v-42.666666a21.333333 21.333333 0 0 1 21.333333-21.333334h384a21.333333 21.333333 0 0 1 15.104 6.229334z\" fill=\"#1D2129\">\u003C/path>\u003C/symbol>\u003Csymbol id=\"iconnav_remove_folder\" viewBox=\"0 0 1024 1024\">\u003Cpath d=\"M396.672 128c10.325333 0 20.181333 3.925333 27.477333 10.922667a36.608 36.608 0 0 1 11.392 26.410666v46.677334h428.074667c10.325333 0 20.224 3.925333 27.52 10.922666a36.650667 36.650667 0 0 1 11.392 26.410667V576H824.746667V426.666667H163.157333v363.989333h291.84v74.666667H124.245333a39.765333 39.765333 0 0 1-27.477333-10.922667 36.650667 36.650667 0 0 1-11.434667-26.410667V165.333333c0-9.898667 4.138667-19.413333 11.434667-26.453333A39.765333 39.765333 0 0 1 124.245333 128h272.426667zM163.157333 352H824.746667V286.677333H357.76V202.666667h-194.56v149.333333z\" fill=\"#1D2129\">\u003C/path>\u003Cpath d=\"M737.237333 569.301333c73.685333 0 134.4 57.173333 142.549334 130.730667A102.570667 102.570667 0 0 1 938.666667 793.6c0 56.106667-43.861333 101.674667-98.176 102.4h-227.925334c-60.458667 0-109.525333-50.474667-109.525333-112.768 0-58.197333 42.837333-106.112 97.749333-112.170667 18.773333-59.050667 72.789333-101.76 136.448-101.76z m0 72.618667c-30.378667 0-57.557333 20.565333-67.242666 51.157333l-14.293334 44.970667-46.933333 5.205333c-18.261333 1.962667-33.109333 18.901333-33.109333 39.978667 0 22.613333 17.024 40.192 36.949333 40.192h226.944c14.208-0.213333 26.496-13.013333 26.496-29.866667 0-12.373333-6.826667-23.04-16.64-27.562666l-37.205333-17.152-4.565334-40.746667c-4.224-37.930667-34.773333-66.176-70.4-66.176z\" fill=\"#1D2129\">\u003C/path>\u003C/symbol>\u003Csymbol id=\"iconfile_favourite\" viewBox=\"0 0 1024 1024\">\u003Cpath d=\"M704 106.666667c129.621333 0 234.666667 109.568 234.666667 262.912 0 306.773333-320 482.005333-426.666667 547.754666C405.333333 851.626667 85.333333 676.309333 85.333333 369.578667 85.333333 216.234667 192 106.666667 320 106.666667c79.36 0 149.333333 43.818667 192 87.637333C554.666667 150.485333 624.64 106.666667 704 106.666667z m-152.149333 683.776a1141.76 1141.76 0 0 0 103.253333-74.538667C782.293333 612.053333 853.333333 498.56 853.333333 369.578667c0-103.424-65.578667-175.274667-149.333333-175.274667-45.909333 0-95.573333 24.96-131.669333 61.952L512 318.208l-60.330667-61.952C415.573333 219.306667 365.909333 194.304 320 194.304c-82.773333 0-149.333333 72.533333-149.333333 175.274667 0 129.024 71.082667 242.474667 198.186666 346.325333 31.786667 25.984 65.706667 50.218667 103.296 74.496 12.757333 8.277333 25.386667 16.213333 39.850667 25.045333 14.464-8.832 27.093333-16.768 39.850667-25.002666z\" fill=\"#1D2129\">\u003C/path>\u003C/symbol>\u003Csymbol id=\"iconremote_folder\" viewBox=\"0 0 1024 1024\">\u003Cpath d=\"M796.458667 85.333333a20.309333 20.309333 0 0 1 20.309333 20.309334v410.154666a208.298667 208.298667 0 0 0-81.28-23.466666V166.570667H166.613333v690.773333h209.493334A169.045333 169.045333 0 0 0 426.709333 938.666667H105.642667A20.309333 20.309333 0 0 1 85.333333 918.314667V105.642667A20.309333 20.309333 0 0 1 105.642667 85.333333h690.773333z m-83.285334 487.594667c82.474667 0 150.442667 64 159.573334 146.346667A114.816 114.816 0 0 1 938.666667 824.021333c0 62.848-49.066667 113.877333-109.909334 114.688h-255.146666c-67.626667 0-122.581333-56.533333-122.581334-126.293333 0-65.109333 47.914667-118.741333 109.44-125.525333 21.034667-66.133333 81.493333-113.92 152.746667-113.92z m0 81.28c-34.005333 0-64.426667 23.04-75.264 57.258667l-16 50.346666-52.565333 5.802667c-20.394667 2.261333-37.034667 21.205333-37.034667 44.8 0 25.344 19.072 44.970667 41.386667 44.970667h253.994667c15.914667-0.213333 29.696-14.592 29.696-33.408a33.621333 33.621333 0 0 0-18.645334-30.848l-41.642666-19.2-5.12-45.653334c-4.693333-42.410667-38.954667-74.069333-78.805334-74.069333z m-282.453333-203.178667a20.309333 20.309333 0 0 1 20.181333 17.92l0.128 2.389334V512l-0.128 2.389333a20.309333 20.309333 0 0 1-17.792 17.792l-2.389333 0.128H308.821333l-2.389333-0.128a20.309333 20.309333 0 0 1-17.792-17.834666L288.512 512v-40.661333l0.128-2.346667a20.309333 20.309333 0 0 1 17.792-17.792l2.389333-0.170667h121.898667z m162.56-162.56a20.309333 20.309333 0 0 1 20.181333 17.962667l0.128 2.389333v40.618667l-0.128 2.389333a20.309333 20.309333 0 0 1-17.834666 17.792l-2.346667 0.170667H308.821333l-2.389333-0.170667a20.309333 20.309333 0 0 1-17.792-17.792l-0.128-2.389333v-40.618667l0.128-2.389333a20.309333 20.309333 0 0 1 17.792-17.792l2.389333-0.128h284.458667z\" fill=\"#1D2129\">\u003C/path>\u003C/symbol>\u003Csymbol id=\"iconfile_favorites_Remove\" viewBox=\"0 0 1024 1024\">\u003Cpath d=\"M692.608 128C827.904 128 938.581333 252.330667 938.666667 404.266667c0 36.821333-6.698667 73.344-19.84 107.733333h-93.184c18.986667-37.376 27.690667-69.674667 27.690666-107.690667C853.248 297.386667 778.410667 213.333333 692.608 213.333333c-50.688 0-110.72 46.293333-180.181333 138.965334C442.154667 259.669333 381.909333 213.333333 331.776 213.333333 245.248 213.333333 170.666667 296.917333 170.666667 404.266667c0 47.146667 13.397333 85.504 43.093333 135.552 4.224 7.04 7.594667 12.586667 15.701333 25.6 4.992 8.192 10.666667 16.682667 16.981334 25.429333 27.392 38.058667 65.408 79.786667 111.232 123.349333 37.12 35.072 75.733333 68.522667 115.712 100.309334 11.008 8.832 26.026667 20.48 38.4 29.994666l0.213333-0.213333V938.666667h-0.213333a48.853333 48.853333 0 0 1-31.744-11.136c-9.685333-7.808-231.466667-168.192-323.285334-317.397334C125.013333 559.061333 85.333333 495.274667 85.333333 404.266667 85.333333 251.733333 195.882667 128 331.776 128c45.909333 0 85.802667 14.506667 120.405333 40.277333 20.736 16.128 40.704 36.906667 59.946667 62.378667a245.333333 245.333333 0 0 1 59.861333-62.378667A197.845333 197.845333 0 0 1 692.608 128z\" fill=\"#1D2129\">\u003C/path>\u003Cpath d=\"M646.826667 586.453333c-6.741333-6.698667-9.898667-8.448-13.653334-9.6a19.328 19.328 0 0 0-11.392 0c-3.797333 1.152-6.912 2.901333-13.653333 9.642667l-21.674667 21.632c-6.698667 6.741333-8.448 9.856-9.557333 13.653333a19.328 19.328 0 0 0 0 11.392c1.109333 3.797333 2.816 6.912 9.557333 13.653334l101.376 101.333333-101.333333 101.333333c-6.784 6.741333-8.490667 9.856-9.642667 13.653334a19.328 19.328 0 0 0 0 11.392c1.152 3.754667 2.901333 6.912 9.642667 13.653333l21.632 21.632c6.741333 6.741333 9.856 8.490667 13.653333 9.6 3.669333 1.152 7.68 1.152 11.349334 0 3.84-1.109333 6.954667-2.858667 13.653333-9.6l101.376-101.333333 101.333333 101.333333c6.698667 6.741333 9.856 8.490667 13.653334 9.6 3.712 1.152 7.68 1.152 11.392 0 3.754667-1.109333 6.912-2.858667 13.653333-9.6l21.632-21.632c6.698667-6.741333 8.448-9.898667 9.6-13.653333a19.328 19.328 0 0 0 0-11.392c-1.109333-3.797333-2.858667-6.912-9.6-13.653334l-101.333333-101.333333 101.333333-101.333333c6.698667-6.741333 8.448-9.856 9.6-13.653334a19.328 19.328 0 0 0 0-11.392c-1.109333-3.797333-2.858667-6.912-9.6-13.653333l-21.674667-21.674667c-6.698667-6.698667-9.856-8.448-13.653333-9.6a19.328 19.328 0 0 0-11.349333 0c-3.797333 1.152-6.954667 2.901333-13.653334 9.6l-101.333333 101.333334-101.376-101.333334z\" fill=\"#1D2129\">\u003C/path>\u003C/symbol>\u003Csymbol id=\"iconfile_big\" viewBox=\"0 0 1024 1024\">\u003Cpath d=\"M899.84 758.186667a38.485333 38.485333 0 0 0 27.477333-11.562667 39.68 39.68 0 0 0 11.349334-27.861333V167.381333a39.68 39.68 0 0 0-11.349334-27.861333 38.485333 38.485333 0 0 0-27.434666-11.52H124.117333a38.485333 38.485333 0 0 0-27.434666 11.52 39.68 39.68 0 0 0-11.349334 27.861333v551.381334c0 10.453333 4.096 20.48 11.349334 27.861333 7.253333 7.381333 17.152 11.52 27.434666 11.52h775.765334z m-38.741333-78.805334H162.901333V206.762667h698.197334v472.618666zM822.272 896v-78.762667H201.728V896h620.629333z\" fill=\"#1D2129\">\u003C/path>\u003C/symbol>\u003Csymbol id=\"iconfile_small\" viewBox=\"0 0 1024 1024\">\u003Cpath d=\"M256 768a21.333333 21.333333 0 0 1 21.333333 21.333333v85.333334a21.333333 21.333333 0 0 1-21.333333 21.333333H170.666667a21.333333 21.333333 0 0 1-21.333334-21.333333v-85.333334A21.333333 21.333333 0 0 1 170.666667 768h85.333333z m597.333333 0a21.333333 21.333333 0 0 1 21.333334 21.333333v85.333334a21.333333 21.333333 0 0 1-21.333334 21.333333h-85.333333a21.333333 21.333333 0 0 1-21.333333-21.333333v-85.333334a21.333333 21.333333 0 0 1 21.333333-21.333333h85.333333z m-384 0h85.333334a21.333333 21.333333 0 0 1 21.333333 21.333333v85.333334a21.333333 21.333333 0 0 1-21.333333 21.333333h-85.333334a21.333333 21.333333 0 0 1-21.333333-21.333333v-85.333334a21.333333 21.333333 0 0 1 21.333333-21.333333z m-213.333333-320a21.333333 21.333333 0 0 1 21.333333 21.333333v85.333334a21.333333 21.333333 0 0 1-21.333333 21.333333H170.666667a21.333333 21.333333 0 0 1-21.333334-21.333333v-85.333334a21.333333 21.333333 0 0 1 21.333334-21.333333h85.333333z m597.333333 0a21.333333 21.333333 0 0 1 21.333334 21.333333v85.333334a21.333333 21.333333 0 0 1-21.333334 21.333333h-85.333333a21.333333 21.333333 0 0 1-21.333333-21.333333v-85.333334a21.333333 21.333333 0 0 1 21.333333-21.333333h85.333333z m-298.666666 0a21.333333 21.333333 0 0 1 21.333333 21.333333v85.333334a21.333333 21.333333 0 0 1-21.333333 21.333333h-85.333334a21.333333 21.333333 0 0 1-21.333333-21.333333v-85.333334a21.333333 21.333333 0 0 1 21.333333-21.333333h85.333334zM853.333333 128a21.333333 21.333333 0 0 1 21.333334 21.333333v85.333334a21.333333 21.333333 0 0 1-21.333334 21.333333h-85.333333a21.333333 21.333333 0 0 1-21.333333-21.333333v-85.333334A21.333333 21.333333 0 0 1 768 128h85.333333z m-298.666666 0a21.333333 21.333333 0 0 1 21.333333 21.333333v85.333334a21.333333 21.333333 0 0 1-21.333333 21.333333h-85.333334a21.333333 21.333333 0 0 1-21.333333-21.333333v-85.333334A21.333333 21.333333 0 0 1 469.333333 128h85.333334zM256 128a21.333333 21.333333 0 0 1 21.333333 21.333333v85.333334A21.333333 21.333333 0 0 1 256 256H170.666667a21.333333 21.333333 0 0 1-21.333334-21.333333v-85.333334A21.333333 21.333333 0 0 1 170.666667 128h85.333333z\" fill=\"#1D2129\">\u003C/path>\u003C/symbol>\u003Csymbol id=\"iconfile_mid\" viewBox=\"0 0 1024 1024\">\u003Cpath d=\"M853.333333 128a42.666667 42.666667 0 0 1 42.666667 42.666667v682.666666a42.666667 42.666667 0 0 1-42.666667 42.666667H170.666667a42.666667 42.666667 0 0 1-42.666667-42.666667V170.666667a42.666667 42.666667 0 0 1 42.666667-42.666667h682.666666zM204.8 819.2h268.8v-268.8H204.8v268.8z m614.4-268.8h-268.8v268.8h268.8v-268.8z m0-76.8V204.8h-268.8v268.8h268.8z m-345.6-268.8H204.8v268.8h268.8V204.8z\" fill=\"#1D2129\">\u003C/path>\u003C/symbol>\u003Csymbol id=\"iconsmart\" viewBox=\"0 0 1024 1024\">\u003Cpath d=\"M501.333333 106.666667a394.666667 394.666667 0 0 1 307.626667 641.92l123.904 123.946666a21.333333 21.333333 0 0 1 0 30.165334l-30.165333 30.165333a21.333333 21.333333 0 0 1-30.165334 0l-123.946666-123.904A394.666667 394.666667 0 1 1 501.333333 106.666667z m0 85.333333a309.333333 309.333333 0 1 0 0 618.666667 309.333333 309.333333 0 0 0 0-618.666667z m167.082667 136.362667l36.949333 21.333333a21.333333 21.333333 0 0 1 7.808 29.141333l-117.333333 203.221334a21.333333 21.333333 0 0 1-26.88 8.917333l-2.261333-1.152-110.848-64-85.333334 147.84a21.333333 21.333333 0 0 1-29.141333 7.808l-36.949333-21.333333a21.333333 21.333333 0 0 1-7.808-29.141334l117.333333-203.264a21.333333 21.333333 0 0 1 29.141333-7.808l110.848 64 85.333334-147.797333a21.333333 21.333333 0 0 1 29.141333-7.808z\" fill=\"#1D2129\">\u003C/path>\u003C/symbol>\u003Csymbol id=\"iconVoice_Intercom\" viewBox=\"0 0 1024 1024\">\u003Cpath d=\"M185.770667 473.173333a19.157333 19.157333 0 0 1 19.2 18.474667l0.170666 3.413333c11.136 161.194667 144.256 288.426667 306.858667 288.426667 160.810667 0 292.778667-124.458667 306.432-283.093333l0.469333-6.272 0.170667-2.56a19.456 19.456 0 0 1 19.2-18.346667h38.485333c5.12 0 10.026667 2.048 13.610667 5.674667 3.626667 3.626667 5.632 8.533333 5.632 13.738666l-0.042667 1.664c-10.154667 191.530667-158.08 346.154667-345.6 364.885334l0.085334 0.938666v59.178667c0 5.12-2.005333 10.069333-5.632 13.653333a19.157333 19.157333 0 0 1-13.568 5.717334h-38.485334a19.157333 19.157333 0 0 1-19.2-19.370667v-58.197333l0.085334-1.92c-184.789333-18.474667-331.136-168.917333-345.045334-356.608L128 493.525333a19.498667 19.498667 0 0 1 16.042667-20.053333l2.688-0.256h38.997333zM512 85.333333c127.402667 0 230.698667 92.586667 230.698667 206.890667v206.848c0 114.261333-103.253333 206.890667-230.698667 206.890667-127.402667 0-230.698667-92.629333-230.698667-206.933334V292.266667C281.301333 177.92 384.597333 85.333333 512 85.333333z m0 77.568c-84.906667 0-153.813333 59.562667-153.813333 132.992v199.509334c0 73.386667 68.864 132.949333 153.813333 132.949333 84.906667 0 153.813333-59.52 153.813333-132.992V295.936c0-73.429333-68.864-132.992-153.813333-132.992z\" fill=\"#1D2129\">\u003C/path>\u003C/symbol>\u003Csymbol id=\"iconstorage_pool_Manage\" viewBox=\"0 0 1024 1024\">\u003Cpath d=\"M161.152 490.666667c0 54.826667 142.293333 115.797333 322.389333 115.797333h25.130667c7.04 0 12.8 5.76 12.8 12.8v51.626667a12.8 12.8 0 0 1-12.8 12.8h-25.130667c-215.338667 0-393.941333-75.52-398.122666-189.013334L85.333333 490.666667h75.818667zM483.541333 85.333333c219.946667 0 398.250667 95.061333 398.250667 212.352 0 117.248-178.346667 212.266667-398.250667 212.266667S85.333333 414.933333 85.333333 297.685333C85.333333 180.394667 263.594667 85.333333 483.541333 85.333333z m0 77.226667c-183.552 0-322.389333 74.026667-322.389333 135.125333 0 61.098667 138.837333 135.04 322.389333 135.082667 183.552 0 322.346667-73.984 322.389334-135.082667 0-61.098667-138.837333-135.125333-322.389334-135.125333z\" fill=\"#1D2129\">\u003C/path>\u003Cpath d=\"M161.194667 702.976H85.333333l0.085334 4.053333C89.6 820.522667 268.202667 896 483.541333 896h25.173334a12.8 12.8 0 0 0 12.8-12.8v-51.626667a12.8 12.8 0 0 0-12.885334-12.8h-25.088c-180.053333 0-322.346667-61.013333-322.346666-115.797333z\" fill=\"#1D2129\">\u003C/path>\u003Cpath d=\"M768 548.565333c13.482667 0 26.624 1.450667 39.253333 4.224l19.498667 43.050667a23.466667 23.466667 0 0 0 9.984 10.752 25.002667 25.002667 0 0 0 14.72 2.986667l47.914667-5.12c18.005333 18.986667 31.445333 41.557333 39.296 66.090666l-28.757334 38.144a22.613333 22.613333 0 0 0 0 27.178667l28.757334 38.101333a172.416 172.416 0 0 1-39.253334 66.048l-47.957333-5.034666a24.96 24.96 0 0 0-14.72 2.986666 23.552 23.552 0 0 0-9.984 10.752l-19.498667 43.093334a184.448 184.448 0 0 1-78.506666 0l-19.498667-43.093334a23.466667 23.466667 0 0 0-9.984-10.794666 24.96 24.96 0 0 0-14.762667-2.944l-47.872 5.034666A172.416 172.416 0 0 1 597.333333 773.973333l28.757334-38.101333a22.613333 22.613333 0 0 0 0-27.178667L597.333333 670.549333a172.416 172.416 0 0 1 39.253334-66.048l47.957333 5.077334c5.12 0.512 10.24-0.554667 14.72-2.986667a23.594667 23.594667 0 0 0 9.984-10.794667l19.498667-43.008a184.32 184.32 0 0 1 39.253333-4.224z m0 115.797334c-31.402667 0-56.874667 25.941333-56.874667 57.898666 0 32 25.472 57.941333 56.874667 57.941334s56.874667-25.941333 56.874667-57.941334c0-31.957333-25.472-57.898667-56.874667-57.898666z\" fill=\"#1D2129\">\u003C/path>\u003C/symbol>\u003Csymbol id=\"iconStorage_Manage\" viewBox=\"0 0 1024 1024\">\u003Cpath d=\"M85.333333 627.456l0.256-3.669333a37.077333 37.077333 0 0 1 0.341334-1.962667l0.128-0.725333 99.2-507.733334a36.053333 36.053333 0 0 1 9.301333-18.133333 32.085333 32.085333 0 0 1 17.152-9.386667L217.386667 85.333333h590.378666c6.570667 0 13.013333 2.133333 18.474667 6.058667a34.944 34.944 0 0 1 12.074667 16.170667l1.621333 5.845333 98.090667 507.733333c0.426667 2.773333 0.64 4.949333 0.64 7.253334v275.029333c0 9.344-3.456 18.304-9.6 24.917333a31.701333 31.701333 0 0 1-23.210667 10.325334H118.144a31.701333 31.701333 0 0 1-23.210667-10.325334 36.608 36.608 0 0 1-9.6-24.917333v-275.968z m768 0.896L170.666667 623.786667v225.066666h682.666666v-220.501333z m-61.525333 102.826667a31.573333 31.573333 0 0 1 22.186667 9.216 37.162667 37.162667 0 0 1 4.010666 47.402666 32.597333 32.597333 0 0 1-20.266666 13.354667l-5.930667 0.554667h-82.901333a31.573333 31.573333 0 0 1-22.186667-9.216 37.12 37.12 0 0 1-4.010667-47.402667 32.554667 32.554667 0 0 1 20.309334-13.354667l5.888-0.554666h82.944zM768 175.146667H256l-64 359.296h644.693333L768 175.189333z\" fill=\"#1D2129\">\u003C/path>\u003Cpath d=\"M512 234.666667c10.112 0 19.968 1.066667 29.44 3.072l14.592 31.701333a17.578667 17.578667 0 0 0 7.552 7.978667c3.328 1.834667 7.168 2.56 11.008 2.133333l35.968-3.669333c13.482667 13.952 23.552 30.592 29.44 48.64l-21.546667 28.117333a16.426667 16.426667 0 0 0 0 20.053333l21.546667 28.074667a126.634667 126.634667 0 0 1-29.44 48.64l-35.968-3.712a18.944 18.944 0 0 0-11.008 2.218667 17.450667 17.450667 0 0 0-7.509333 7.936l-14.634667 31.701333a140.885333 140.885333 0 0 1-58.88 0l-14.592-31.701333a17.493333 17.493333 0 0 0-7.552-7.978667 18.986667 18.986667 0 0 0-11.050667-2.133333l-35.925333 3.669333A126.634667 126.634667 0 0 1 384 400.768l21.546667-28.117333a16.469333 16.469333 0 0 0 3.413333-9.984 16.554667 16.554667 0 0 0-3.413333-10.026667L384 324.522667c5.888-18.048 15.957333-34.688 29.44-48.64l35.968 3.712c3.84 0.384 7.68-0.341333 11.008-2.176a17.493333 17.493333 0 0 0 7.509333-7.978667l14.634667-31.701333A140.8 140.8 0 0 1 512 234.666667z m0 85.333333a42.666667 42.666667 0 1 0 0 85.333333 42.666667 42.666667 0 0 0 0-85.333333z\" fill=\"#000000\">\u003C/path>\u003C/symbol>\u003Csymbol id=\"iconPin\" viewBox=\"0 0 1024 1024\">\u003Cpath d=\"M564.224 91.818667a21.76 21.76 0 0 1 31.018667 0l336.981333 337.194666c8.576 8.704 8.576 22.528 0 30.976l-30.293333 30.506667a22.186667 22.186667 0 0 1-31.018667 0l-45.909333-45.994667-138.624 138.666667c-4.096 4.138667-5.205333 10.965333-5.205334 16.64l-19.114666 273.066667c0 5.888-2.304 11.52-6.4 15.616l-40.149334 40.106666a21.76 21.76 0 0 1-31.018666 0l-213.546667-213.546666-217.173333 217.301333a22.186667 22.186667 0 0 1-30.976 0l-31.018667-31.232a21.930667 21.930667 0 0 1 0-30.976l217.130667-217.301333-213.888-214.101334a21.845333 21.845333 0 0 1 0-30.976l40.106666-40.106666a22.016 22.016 0 0 1 15.530667-6.485334l273.28-18.773333c5.802667 0 13.226667-0.554667 17.365333-4.693333l138.581334-138.666667-45.952-45.952a21.930667 21.930667 0 0 1 0-30.976l30.293333-30.293333z\" fill=\"#4E5969\">\u003C/path>\u003C/symbol>\u003Csymbol id=\"iconmigration\" viewBox=\"0 0 1024 1024\">\u003Cpath d=\"M128 490.666667v42.666666a21.333333 21.333333 0 0 0 18.858667 21.205334L149.333333 554.666667h470.869334l-128.426667 128.426666a21.333333 21.333333 0 0 0-1.834667 28.16l1.792 2.048 30.165334 30.165334a21.333333 21.333333 0 0 0 28.16 1.792l2.048-1.792 211.2-211.2a21.333333 21.333333 0 0 0 1.749333-28.16l-1.792-2.005334-211.2-211.2a21.333333 21.333333 0 0 0-28.16-1.749333l-1.962667 1.749333-30.208 30.165334a21.333333 21.333333 0 0 0-1.792 28.16l1.792 2.048L609.834667 469.333333H149.333333a21.333333 21.333333 0 0 0-21.205333 18.858667L128 490.666667z\" fill=\"#1D2129\">\u003C/path>\u003Cpath d=\"M725.333333 192a21.333333 21.333333 0 0 0 21.333334 21.333333H810.666667v597.333334h-64a21.333333 21.333333 0 0 0-21.333334 21.333333v42.666667a21.333333 21.333333 0 0 0 21.333334 21.333333H853.333333a42.666667 42.666667 0 0 0 42.666667-42.666667V170.666667a42.666667 42.666667 0 0 0-42.666667-42.666667h-106.666666a21.333333 21.333333 0 0 0-21.333334 21.333333v42.666667z\" fill=\"#1D2129\">\u003C/path>\u003C/symbol>\u003Csymbol id=\"iconFile_Nav_Desktop\" viewBox=\"0 0 1024 1024\">\u003Cpath d=\"M919.296 777.514667a19.626667 19.626667 0 0 1 13.696 5.546666 18.773333 18.773333 0 0 1 5.674667 13.397334v37.930666a18.773333 18.773333 0 0 1-5.674667 13.397334 19.626667 19.626667 0 0 1-13.696 5.546666H104.704a19.626667 19.626667 0 0 1-13.696-5.546666 18.773333 18.773333 0 0 1-5.674667-13.397334v-37.930666a18.773333 18.773333 0 0 1 5.674667-13.44 19.626667 19.626667 0 0 1 13.696-5.546667h814.592zM861.098667 170.666667a39.253333 39.253333 0 0 1 27.392 11.093333c7.253333 7.125333 11.392 16.768 11.392 26.837333v493.013334a37.546667 37.546667 0 0 1-11.392 26.88 39.253333 39.253333 0 0 1-27.392 11.050666H162.901333a39.253333 39.253333 0 0 1-27.392-11.093333 37.546667 37.546667 0 0 1-11.392-26.837333V208.64c0-10.069333 4.096-19.712 11.392-26.794667A39.253333 39.253333 0 0 1 162.901333 170.666667h698.197334zM201.728 663.722667h620.586667V246.485333H201.728v417.237334z\" fill=\"#000000\">\u003C/path>\u003C/symbol>\u003Csymbol id=\"iconFile_Nav_Safe\" viewBox=\"0 0 1024 1024\">\u003Cpath d=\"M862.165333 85.333333c18.688 0 33.834667 13.354667 33.834667 29.866667v692.010667c0 16.512-15.146667 29.866667-33.834667 29.866666H780.8v81.28a20.906667 20.906667 0 0 1-5.632 14.336 18.688 18.688 0 0 1-13.568 5.973334h-38.4a18.688 18.688 0 0 1-13.568-5.973334 20.906667 20.906667 0 0 1-5.632-14.336v-81.28h-384v81.28a20.906667 20.906667 0 0 1-5.632 14.336 18.688 18.688 0 0 1-13.568 5.973334h-38.4a18.688 18.688 0 0 1-13.568-5.973334 20.906667 20.906667 0 0 1-5.632-14.336v-81.28H161.834667c-18.688 0-33.834667-13.354667-33.834667-29.866666V115.2c0-16.469333 15.146667-29.866667 33.834667-29.866667h700.330666zM550.4 166.613333H204.8v589.226667h614.4V166.570667h-268.8z\" fill=\"#000000\">\u003C/path>\u003Cpath d=\"M529.066667 268.202667a21.333333 21.333333 0 0 1 21.333333 21.333333V349.44h17.066667a21.333333 21.333333 0 0 1 21.333333 21.290667v38.613333a21.333333 21.333333 0 0 1-21.333333 21.333333h-17.066667v51.626667c22.954667 14.037333 38.4 40.234667 38.4 70.314667 0 44.885333-34.389333 81.237333-76.8 81.237333s-76.8-36.394667-76.8-81.237333c0-30.08 15.488-56.32 38.4-70.357334V289.536a21.333333 21.333333 0 0 1 21.333333-21.333333h34.133334z\" fill=\"#000000\">\u003C/path>\u003C/symbol>\u003Csymbol id=\"iconFile_Nav_Latest\" viewBox=\"0 0 1024 1024\">\u003Cpath d=\"M512 85.333333c235.648 0 426.666667 191.018667 426.666667 426.666667s-191.018667 426.666667-426.666667 426.666667S85.333333 747.648 85.333333 512 276.352 85.333333 512 85.333333z m0 77.568a349.098667 349.098667 0 1 0 0 698.197334 349.098667 349.098667 0 0 0 0-698.197334z m19.370667 155.178667a19.413333 19.413333 0 0 1 19.413333 19.370667v135.765333h135.765333a19.413333 19.413333 0 0 1 19.370667 19.413333v38.784a19.413333 19.413333 0 0 1-19.370667 19.370667h-193.962666a19.413333 19.413333 0 0 1-19.370667-19.413333V337.493333a19.413333 19.413333 0 0 1 19.413333-19.370666h38.784z\" fill=\"#000000\">\u003C/path>\u003C/symbol>\u003Csymbol id=\"iconList_Preview\" viewBox=\"0 0 1024 1024\">\u003Cpath d=\"M891.264 85.333333C917.461333 85.333333 938.666667 106.581333 938.666667 132.736v758.528A47.402667 47.402667 0 0 1 891.264 938.666667H132.736A47.402667 47.402667 0 0 1 85.333333 891.264V132.736C85.333333 106.538667 106.581333 85.333333 132.736 85.333333h758.528zM576 170.666667H170.666667v682.666666h405.333333V170.666667zM853.333333 170.666667h-192v682.666666H853.333333V170.666667z\" fill=\"#1D2129\">\u003C/path>\u003C/symbol>\u003Csymbol id=\"iconright_settings\" viewBox=\"0 0 1024 1024\">\u003Cpath d=\"M512 85.333333c30.933333 0 61.781333 3.456 91.989333 10.325334l6.741334 1.536a21.333333 21.333333 0 0 1 14.848 12.373333l43.392 100.224a21.333333 21.333333 0 0 0 21.930666 12.714667l106.282667-11.776a21.333333 21.333333 0 0 1 18.176 6.912l4.693333 5.12a428.16 428.16 0 0 1 92.074667 162.218666l2.133333 6.912a21.418667 21.418667 0 0 1-3.114666 18.688l-4.181334 5.845334-59.733333 83.114666a21.333333 21.333333 0 0 0 0 24.917334l63.872 88.96a21.333333 21.333333 0 0 1 3.114667 18.688l-2.133334 6.912a428.16 428.16 0 0 1-92.074666 162.218666l-4.650667 5.12a21.333333 21.333333 0 0 1-18.176 6.912l-106.24-11.776a21.333333 21.333333 0 0 0-22.016 12.714667l-43.349333 100.266667a21.333333 21.333333 0 0 1-14.848 12.330666l-6.741334 1.536a412.842667 412.842667 0 0 1-184.021333 0l-6.741333-1.536a21.333333 21.333333 0 0 1-14.805334-12.373333l-2.858666-6.528-40.533334-93.696a21.333333 21.333333 0 0 0-21.973333-12.714667l-106.24 11.776a21.290667 21.290667 0 0 1-18.218667-6.912l-4.650666-5.12a428.288 428.288 0 0 1-92.074667-162.218666l-2.133333-6.912a21.333333 21.333333 0 0 1 3.072-18.730667l4.224-5.845333 59.733333-83.072a21.333333 21.333333 0 0 0 0-24.917334l-64-88.917333a21.376 21.376 0 0 1-3.072-18.688l2.133333-6.954667A428.202667 428.202667 0 0 1 203.946667 222.805333l4.693333-5.162666a21.333333 21.333333 0 0 1 18.133333-6.912l106.282667 11.776a21.333333 21.333333 0 0 0 21.973333-12.714667l43.392-100.266667a21.333333 21.333333 0 0 1 14.805334-12.330666l6.741333-1.536A412.885333 412.885333 0 0 1 512 85.333333z m0 71.125334a348.586667 348.586667 0 0 0-48.128 3.328 20.608 20.608 0 0 0-15.957333 12.373333l-38.656 89.344a58.026667 58.026667 0 0 1-23.893334 27.008 56.746667 56.746667 0 0 1-34.901333 7.466667L255.658667 285.44a20.650667 20.650667 0 0 0-18.730667 7.808 357.077333 357.077333 0 0 0-48.554667 85.717333 20.650667 20.650667 0 0 0 2.56 19.626667l56.96 79.146667a58.88 58.88 0 0 1 0 68.522666l-56.917333 79.146667a20.650667 20.650667 0 0 0-2.56 19.626667 357.077333 357.077333 0 0 0 48.512 85.717333c4.394667 5.717333 11.52 8.576 18.730667 7.808l94.72-10.496c12.16-1.365333 24.448 1.237333 34.986666 7.424 10.624 6.229333 18.986667 15.701333 23.893334 27.050667l38.656 89.301333a20.608 20.608 0 0 0 15.957333 12.373333 346.026667 346.026667 0 0 0 96.256 0 20.650667 20.650667 0 0 0 15.957333-12.373333l38.613334-89.344a58.026667 58.026667 0 0 1 23.893333-27.008 56.746667 56.746667 0 0 1 34.944-7.424l94.805333 10.496a20.650667 20.650667 0 0 0 18.688-7.808c20.053333-26.154667 36.394667-55.04 48.554667-85.674667a20.608 20.608 0 0 0-2.56-19.626666l-56.917333-79.189334a58.709333 58.709333 0 0 1 0-68.522666l56.874666-79.189334a20.565333 20.565333 0 0 0 2.56-19.626666 356.778667 356.778667 0 0 0-48.512-85.674667 20.650667 20.650667 0 0 0-18.730666-7.808l-94.72 10.538667a56.746667 56.746667 0 0 1-34.986667-7.466667 57.984 57.984 0 0 1-23.893333-27.008l-38.613334-89.344a20.693333 20.693333 0 0 0-15.957333-12.373333A346.282667 346.282667 0 0 0 512 156.458667z m0 177.792c101.632 0 183.893333 79.616 183.893333 177.749333 0 98.133333-82.261333 177.792-183.893333 177.792-101.632 0-183.893333-79.616-183.893333-177.792 0-98.133333 82.261333-177.749333 183.893333-177.749333zM512 405.333333a106.666667 106.666667 0 1 0 0 213.333334 106.666667 106.666667 0 0 0 0-213.333334z\" fill=\"#1D2129\">\u003C/path>\u003C/symbol>\u003Csymbol id=\"iconright_refresh\" viewBox=\"0 0 1024 1024\">\u003Cpath d=\"M667.008 750.933333a255.104 255.104 0 0 1-158.293333 52.650667c-7.466667-0.128-14.762667-0.725333-22.101334-1.28-2.986667-0.384-5.973333-0.896-8.96-1.365333a206.549333 206.549333 0 0 1-17.066666-2.816c-3.413333-0.64-6.912-1.706667-10.24-2.56a229.76 229.76 0 0 1-16.384-4.266667c-2.56-1.066667-4.949333-1.92-7.509334-3.029333a195.456 195.456 0 0 1-18.346666-7.168c-1.365333-0.64-2.688-1.152-4.010667-1.706667a456.448 456.448 0 0 1-20.608-10.837333L382.634667 768a272.384 272.384 0 0 1-61.525334-49.792c-0.298667-0.341333-0.554667-0.725333-0.938666-1.024a237.056 237.056 0 0 1-19.242667-23.594667 305.024 305.024 0 0 1-59.178667-181.717333h71.168L199.125333 327.594667 85.333333 511.872h71.04a403.626667 403.626667 0 0 0 63.018667 217.6c0.426667 0.896 0.768 1.877333 1.28 2.688 4.096 6.4 8.704 12.245333 13.056 18.133333 1.706667 2.133333 3.157333 4.394667 4.906667 6.826667a419.072 419.072 0 0 0 22.4 26.368 357.12 357.12 0 0 0 79.957333 64.810667l2.346667 1.365333c8.448 4.906667 17.066667 9.386667 25.813333 13.525333l6.528 3.114667a540.288 540.288 0 0 0 34.048 13.226667c6.826667 2.090667 13.781333 3.968 20.736 5.674666 4.693333 1.194667 9.130667 2.474667 13.952 3.413334 1.92 0.512 3.754667 1.152 5.674667 1.365333 6.698667 1.28 13.269333 1.962667 19.84 2.816 2.432 0.426667 4.778667 0.896 7.168 1.152 11.861333 1.28 23.68 2.048 35.498666 2.048 72.234667 0 142.762667-23.808 203.264-69.632 19.285333-14.592 24.021333-43.392 10.581334-64.085333-13.610667-21.034667-40.149333-26.069333-59.434667-11.349334z m200.448-239.061333c0-80.512-23.125333-155.306667-62.506667-217.002667-0.64-1.066667-0.981333-2.133333-1.493333-3.072-5.077333-7.594667-10.282667-14.677333-15.658667-21.802666a26.88 26.88 0 0 1-1.792-2.602667 359.296 359.296 0 0 0-132.736-107.648c-1.536-0.64-2.816-1.365333-4.309333-2.005333a407.082667 407.082667 0 0 0-25.173333-9.984c-2.901333-1.024-5.973333-2.218667-9.045334-3.2a335.914667 335.914667 0 0 0-22.272-6.272c-4.224-0.981333-8.448-2.133333-12.629333-3.072-2.048-0.426667-3.925333-1.066667-6.144-1.536-5.632-0.981333-11.136-1.536-16.768-2.261334-3.968-0.426667-7.68-1.109333-11.648-1.578666a340.992 340.992 0 0 0-28.245333-1.578667c-1.706667 0-3.413333-0.256-5.12-0.256l-0.853334 0.128c-72.149333 0.085333-142.634667 23.552-203.008 69.333333-19.285333 14.506667-23.978667 43.264-10.410666 64.213334 13.397333 20.736 40.106667 25.856 59.477333 11.178666a254.293333 254.293333 0 0 1 180.650667-51.2c2.432 0.170667 4.693333 0.554667 7.168 0.938667 6.4 0.853333 12.8 1.749333 19.072 3.2 2.730667 0.512 5.546667 1.28 8.106666 1.962667 6.272 1.536 12.330667 3.072 18.346667 5.034666 2.005333 0.597333 3.84 1.322667 5.632 2.133334 6.954667 2.389333 13.738667 4.949333 20.309333 7.978666 0.725333 0.170667 1.365333 0.768 2.048 1.024a274.133333 274.133333 0 0 1 102.4 83.072 305.28 305.28 0 0 1 61.44 184.874667h-71.253333l113.92 184.32L938.666667 511.914667h-71.253334z\" fill=\"#1D2129\">\u003C/path>\u003C/symbol>\u003Csymbol id=\"iconSystem\" viewBox=\"0 0 1024 1024\">\u003Cpath d=\"M511.701333 85.333333c5.717333 0 11.306667 1.28 16.469334 3.797334l345.898666 167.381333a38.698667 38.698667 0 0 1 15.957334 14.421333c3.882667 6.229333 5.973333 13.482667 5.973333 20.906667V731.733333a39.765333 39.765333 0 0 1-5.930667 20.906667 38.656 38.656 0 0 1-15.957333 14.464l-345.856 167.722667a37.845333 37.845333 0 0 1-33.066667 0L149.888 767.146667a38.656 38.656 0 0 1-15.957333-14.421334 39.808 39.808 0 0 1-5.930667-20.906666V291.84c0-7.424 2.090667-14.677333 5.973333-20.906667a38.656 38.656 0 0 1 15.957334-14.506666l345.301333-167.338667A37.802667 37.802667 0 0 1 511.701333 85.333333zM204.8 706.986667l271.616 131.968-4.992-336.298667-0.725333-0.341333L204.8 366.165333v340.821334z m343.466667-203.306667l4.906666 332.373333L819.2 706.986667v-340.906667l-270.933333 137.557333z m-305.28-205.653333l262.186666 134.272a12.629333 12.629333 0 0 0 11.434667 0l264.277333-134.272-269.141333-130.133334-268.757333 130.133334z\" fill=\"#1D2129\">\u003C/path>\u003C/symbol>\u003Csymbol id=\"iconapp_nav_network\" viewBox=\"0 0 1024 1024\">\u003Cpath d=\"M512 760.832c22.4 0 41.984 13.525333 52.522667 33.706667L512 853.333333l-52.522667-58.794666c5.376-10.24 13.013333-18.773333 22.229334-24.704a55.893333 55.893333 0 0 1 30.293333-9.002667z m0-204.288c72.789333 0 138.069333 35.712 182.698667 92.373333l-57.6 64.426667a165.888 165.888 0 0 0-55.893334-48.725333A147.712 147.712 0 0 0 512 647.338667c-23.893333-0.042667-47.530667 5.845333-69.162667 17.28a165.930667 165.930667 0 0 0-55.978666 48.64L329.301333 648.96a246.784 246.784 0 0 1 82.432-68.266667 221.098667 221.098667 0 0 1 100.266667-24.106666z m0-181.589333c55.893333-0.085333 111.146667 12.8 162.389333 37.845333a408.576 408.576 0 0 1 135.125334 107.52l-57.386667 64.298667a327.68 327.68 0 0 0-108.8-87.893334A294.570667 294.570667 0 0 0 512 465.749333c-95.146667 0-180.736 45.824-240.128 118.869334l-57.386667-64.256a408.618667 408.618667 0 0 1 135.168-107.562667A368.042667 368.042667 0 0 1 512 374.954667zM512 170.666667c167.978667 0 319.488 78.805333 426.666667 205.184l-57.386667 64.213333C788.821333 330.069333 657.578667 261.461333 512 261.461333c-145.578667 0-276.821333 68.650667-369.28 178.602667L85.333333 375.808C192.512 249.514667 344.021333 170.666667 512 170.666667z\" fill=\"#1D2129\">\u003C/path>\u003C/symbol>\u003Csymbol id=\"iconapp_nav_Recording\" viewBox=\"0 0 1024 1024\">\u003Cpath d=\"M122.453333 213.333333h519.424c9.344 0 18.346667 3.541333 25.216 9.941334 6.826667 6.4 11.093333 15.189333 11.776 24.576l0.085334 2.816v522.666666a37.418667 37.418667 0 0 1-34.304 37.248l-2.816 0.085334H122.453333a36.949333 36.949333 0 0 1-25.258666-9.941334 37.418667 37.418667 0 0 1-11.776-24.576L85.333333 773.333333V250.666667c0-9.386667 3.541333-18.474667 9.898667-25.386667a36.992 36.992 0 0 1 24.405333-11.861333L122.453333 213.333333z m482.304 74.666667H159.530667v448h445.226666V288zM938.666667 353.92v316.16c0 29.013333-34.56 46.933333-61.824 32l-142.250667-78.08v-224l142.250667-78.08c27.221333-14.933333 61.824 2.986667 61.824 32z m-74.24 65.962667l-55.637334 22.4v139.434666l55.68 22.4V419.882667zM345.088 362.666667v112H233.728V362.666667h111.317333z\" fill=\"#1D2129\">\u003C/path>\u003C/symbol>\u003Csymbol id=\"iconapp_nav_Productivity\" viewBox=\"0 0 1024 1024\">\u003Cpath d=\"M512 85.333333c235.648 0 426.666667 191.018667 426.666667 426.666667s-191.018667 426.666667-426.666667 426.666667S85.333333 747.648 85.333333 512 276.352 85.333333 512 85.333333z m0 77.568a349.098667 349.098667 0 1 0 0 698.197334 349.098667 349.098667 0 0 0 0-698.197334z m243.413333 200.448a19.413333 19.413333 0 0 1 13.738667 33.109334L678.826667 486.826667a19.2 19.2 0 0 1-2.773334 2.304l-150.826666 150.826666a19.370667 19.370667 0 0 1-25.728 1.536l-1.706667-1.536L415.573333 557.653333l-109.738666 109.653334a19.413333 19.413333 0 0 1-27.392 0l-27.434667-27.392a19.413333 19.413333 0 0 1 0-27.434667l150.826667-150.826667a19.413333 19.413333 0 0 1 27.434666 0l82.304 82.261334 98.474667-98.517334-48.938667-48.938666a19.413333 19.413333 0 0 1-5.546666-11.178667l-0.128-2.56a19.413333 19.413333 0 0 1 19.413333-19.370667h180.608z\" fill=\"#1D2129\">\u003C/path>\u003C/symbol>\u003Csymbol id=\"iconapp_nav_AI\" viewBox=\"0 0 1024 1024\">\u003Cpath d=\"M798.208 192.64C731.648 123.306667 641.877333 85.333333 544.426667 85.333333h-18.346667l-6.656 0.213334c-188.714667 7.04-334.677333 167.637333-333.056 371.285333-1.152 1.152-29.994667 38.912-52.650667 68.608l-25.770666 33.664c-14.933333 19.285333-22.912 36.608-22.613334 52.906667 0.725333 45.994667 29.653333 66.56 87.594667 79.232l21.76 4.522666 7.893333 164.437334 0.213334 4.138666A80.768 80.768 0 0 0 282.752 938.666667c4.522667 0 133.12-16.213333 195.328-27.093334v-86.954666c-42.88 5.973333-137.898667 19.541333-193.152 28.501333l-9.898667-198.826667-0.042666-1.664c-0.128-2.986667-0.426667-5.973333-0.981334-8.96a27.477333 27.477333 0 0 0-4.266666-11.093333c-4.48-6.144-9.941333-10.368-16.981334-10.368a1427.029333 1427.029333 0 0 1-46.933333-7.68l-5.717333-1.024-2.090667-0.512a17.365333 17.365333 0 0 1-11.861333-19.797333 17.194667 17.194667 0 0 1 3.541333-7.552c40.618667-49.92 63.36-77.226667 68.266667-82.176 9.770667-9.642667 12.458667-19.2 12.458666-37.12 0-2.133333-0.085333-3.968-0.384-6.869334a45.781333 45.781333 0 0 1-0.298666-4.053333c-1.322667-77.226667 26.282667-145.493333 76.202666-200.021333a263.168 263.168 0 0 1 194.389334-86.058667h4.053333l6.570667 0.085333c150.058667 3.498667 264.234667 124.074667 266.154666 283.178667l-0.085333 6.186667h84.864v-6.954667c-1.493333-99.328-38.186667-191.658667-103.68-259.2z m56.746667 682.410667l-120.917334-353.792h-72.789333l-120.405333 353.792h69.674666l24.789334-83.882667h124.245333l24.789333 83.882667h70.570667zM938.666667 521.258667v353.792h-62.805334v-353.792H938.666667z m-282.453334 208.128c26.197333-92.928 39.808-141.525333 40.789334-145.706667 0.981333 4.181333 14.848 52.778667 41.642666 145.706667H656.213333z\" fill=\"#1D2129\">\u003C/path>\u003C/symbol>\u003Csymbol id=\"iconapp_nav_Recommend\" viewBox=\"0 0 1024 1024\">\u003Cpath d=\"M565.973333 133.717333l7.424 3.114667c49.365333 21.546667 121.088 64.981333 121.088 134.741333 0 27.648-13.610667 64.341333-40.746666 110.08h153.856c121.173333 0 148.992 96.682667 121.173333 169.130667l-121.173333 288.426667c-10.24 33.493333-44.330667 56.789333-83.242667 56.789333H227.157333V381.610667h83.114667l180.693333-232.405334c11.392-16.426667 42.24-29.013333 75.008-15.488zM166.528 381.696v514.005333H85.333333V381.696h81.194667z m379.178667-175.274667l-193.28 248.618667H308.394667v367.530667h416c2.517333 0 4.48-1.322667 4.949333-2.944l1.024-3.285334 122.026667-290.56c16.085333-42.709333 0.085333-70.741333-44.8-70.741333H517.973333l64.298667-108.16c21.333333-35.968 31.061333-62.165333 31.061333-75.306667 0-21.290667-25.258667-45.397333-67.584-65.152z\" fill=\"#1D2129\">\u003C/path>\u003C/symbol>\u003Csymbol id=\"iconapp_nav_Backup\" viewBox=\"0 0 1024 1024\">\u003Cpath d=\"M473.088 146.090667a20.309333 20.309333 0 0 0-33.621333-13.056L335.530667 223.744l-1.706667 1.664a20.309333 20.309333 0 0 0 1.706667 28.928l103.850666 90.709333 1.877334 1.450667a20.394667 20.394667 0 0 0 31.914666-16.768V277.76h174.506667c117.845333 0 213.333333 95.317333 213.333333 212.906667a212.906667 212.906667 0 0 1-122.752 192.853333l38.912 67.242667A290.304 290.304 0 0 0 938.666667 490.666667c0-160.341333-130.261333-290.346667-290.901334-290.346667H473.173333V148.309333l-0.128-2.218666zM287.786667 296.832L248.874667 229.546667A290.346667 290.346667 0 0 0 85.333333 490.666667c0 160.341333 130.261333 290.346667 290.901334 290.346666h174.549333v52.010667a20.309333 20.309333 0 0 0 33.749333 15.274667l103.893334-90.709334a20.309333 20.309333 0 0 0 0-30.549333L584.533333 636.330667a20.437333 20.437333 0 0 0-33.706666 15.274666v52.010667H376.192c-117.802667 0-213.333333-95.36-213.333333-212.949333a212.906667 212.906667 0 0 1 124.885333-193.834667z\" fill=\"#1D2129\">\u003C/path>\u003C/symbol>\u003Csymbol id=\"iconapp_nav_Security\" viewBox=\"0 0 1024 1024\">\u003Cpath d=\"M533.034667 91.776l20.778666 14.08a36.608 36.608 0 0 1 4.48 3.669333c-1.28-1.237333-1.066667-1.237333-1.024-1.28l-1.28-0.853333 6.314667 4.053333c7.210667 4.437333 15.786667 9.472 25.429333 14.805334 29.952 16.384 61.013333 30.72 93.013334 42.922666 32 12.202667 66.176 20.352 100.138666 25.173334a470.016 470.016 0 0 0 44.373334 4.266666l34.389333 0.512a37.504 37.504 0 0 1 25.642667 10.581334 34.986667 34.986667 0 0 1 10.581333 24.917333v34.218667L896 350.421333v48.64L896 549.333333v14.378667C895.658667 735.018667 668.672 938.666667 511.957333 938.666667 355.2 938.666667 128 734.72 128 563.413333V234.666667a34.986667 34.986667 0 0 1 10.581333-24.96 37.504 37.504 0 0 1 25.642667-10.581334l35.072-0.554666a471.338667 471.338667 0 0 0 43.733333-4.224 468.224 468.224 0 0 0 100.010667-25.173334c32-12.202667 63.146667-26.581333 93.056-43.008a469.333333 469.333333 0 0 0 33.834667-20.181333l20.608-14.08a37.717333 37.717333 0 0 1 42.496-0.128z m289.28 307.285333v-48.64l-0.042667-80.768c-10.24-0.213333-30.208-1.792-52.138667-4.906666a542.634667 542.634667 0 0 1-116.352-29.44c-59.690667-22.698667-121.173333-55.637333-141.909333-70.826667a561.92 561.92 0 0 1-39.338667 23.466667c-32.938667 18.090667-67.157333 33.92-102.4 47.36-37.674667 14.378667-77.184 23.808-116.309333 29.44a502.186667 502.186667 0 0 1-52.181333 4.906666v293.802667c0 130.773333 193.066667 304.085333 310.314666 304.085333 117.333333 0 310.4-173.269333 310.4-304.085333V399.061333z m-129.877334 16.042667a18.346667 18.346667 0 0 1 0 26.325333l-163.669333 158.037334-27.306667 26.325333a19.626667 19.626667 0 0 1-27.264 0l-27.306666-26.325333-81.792-79.018667a18.346667 18.346667 0 0 1 0-26.325333l27.306666-26.368a19.626667 19.626667 0 0 1 27.264 0l68.181334 65.877333 150.016-144.853333a19.626667 19.626667 0 0 1 27.306666 0l27.264 26.325333z\" fill=\"#1D2129\">\u003C/path>\u003C/symbol>\u003Csymbol id=\"iconapp_nav_Development\" viewBox=\"0 0 1024 1024\">\u003Cpath d=\"M899.84 128c10.325333 0 20.181333 4.053333 27.477333 11.264 7.253333 7.168 11.349333 16.938667 11.349334 27.136v691.2a38.186667 38.186667 0 0 1-11.349334 27.136 38.997333 38.997333 0 0 1-27.434666 11.264H124.117333a38.997333 38.997333 0 0 1-27.434666-11.264A38.186667 38.186667 0 0 1 85.333333 857.6V166.4c0-10.197333 4.096-19.968 11.349334-27.136A38.997333 38.997333 0 0 1 124.16 128h775.765333z m-38.741333 76.8H162.901333v614.4h698.197334V204.8z m-336.213334 96.213333l34.432 3.754667a19.498667 19.498667 0 0 1 16.512 13.738667 19.029333 19.029333 0 0 1 0.64 7.466666l-0.085333 0.512-49.834667 360.832a19.157333 19.157333 0 0 1-7.253333 12.544 19.541333 19.541333 0 0 1-14.08 3.925334l-34.432-3.797334a19.541333 19.541333 0 0 1-16.554667-14.08 19.029333 19.029333 0 0 1-0.512-7.594666l49.834667-360.832a19.541333 19.541333 0 0 1 21.333333-16.512zM378.026667 395.989333l24.32 22.357334a19.2 19.2 0 0 1 4.821333 21.077333 19.2 19.2 0 0 1-4.138667 6.4l-66.944 67.754667 66.944 67.712a19.114667 19.114667 0 0 1-0.341333 27.178666l-0.341333 0.341334-24.32 22.357333a19.541333 19.541333 0 0 1-26.965334-0.554667l-103.893333-103.509333a19.114667 19.114667 0 0 1 0-27.093333l103.893333-103.466667a19.498667 19.498667 0 0 1 26.965334-0.554667z m294.997333 0.554667l103.893333 103.466667a19.114667 19.114667 0 0 1 0 27.093333l-103.893333 103.509333a19.498667 19.498667 0 0 1-26.965333 0.554667l-24.32-22.357333a19.2 19.2 0 0 1-0.64-27.52l66.901333-67.712-66.901333-67.754667a19.157333 19.157333 0 0 1 0.64-27.477333l24.32-22.357334a19.498667 19.498667 0 0 1 26.965333 0.554667z\" fill=\"#1D2129\">\u003C/path>\u003C/symbol>\u003Csymbol id=\"iconapp_nav_Drivers\" viewBox=\"0 0 1024 1024\">\u003Cpath d=\"M810.666667 85.333333a128 128 0 0 1 42.666666 248.746667v199.253333h42.666667a42.666667 42.666667 0 0 1 42.666667 42.666667V896a42.666667 42.666667 0 0 1-42.666667 42.666667H128a42.666667 42.666667 0 0 1-42.666667-42.666667v-320a42.666667 42.666667 0 0 1 42.666667-42.666667h42.666667V334.08a128 128 0 1 1 85.333333 0v199.253333h213.333333V334.08a128 128 0 1 1 85.333334 0v199.253333h213.333333V334.08A128 128 0 0 1 810.666667 85.333333zM170.666667 853.333333h682.666666v-234.666666H170.666667V853.333333z m256-85.333333H341.333333v-85.333333h85.333334v85.333333z m320-85.333333a21.333333 21.333333 0 0 1 21.333333 21.333333v42.666667a21.333333 21.333333 0 0 1-21.333333 21.333333h-213.333334a21.333333 21.333333 0 0 1-21.333333-21.333333v-42.666667a21.333333 21.333333 0 0 1 21.333333-21.333333h213.333334zM213.333333 170.666667a42.666667 42.666667 0 1 0 0 85.333333 42.666667 42.666667 0 0 0 0-85.333333z m298.666667 0a42.666667 42.666667 0 1 0 0 85.333333 42.666667 42.666667 0 0 0 0-85.333333z m298.666667 0a42.666667 42.666667 0 1 0 0 85.333333 42.666667 42.666667 0 0 0 0-85.333333z\" fill=\"#1D2129\">\u003C/path>\u003C/symbol>\u003Csymbol id=\"iconapp_nav_Downloads\" viewBox=\"0 0 1024 1024\">\u003Cpath d=\"M281.6 391.168v78.208H204.8v391.082667h614.4V469.333333h-76.8V391.168h115.2c10.197333 0 19.968 4.138667 27.136 11.477333a39.466667 39.466667 0 0 1 11.264 27.648v469.248a39.466667 39.466667 0 0 1-11.264 27.690667 38.058667 38.058667 0 0 1-27.136 11.434667H166.4a38.058667 38.058667 0 0 1-27.136-11.434667 39.466667 39.466667 0 0 1-11.264-27.648v-469.333333c0-10.325333 4.053333-20.266667 11.264-27.605334a38.058667 38.058667 0 0 1 27.136-11.477333h115.2z m403.2 312.874667c5.12 0 9.984 2.048 13.568 5.717333a19.754667 19.754667 0 0 1 5.632 13.824v39.082667a19.754667 19.754667 0 0 1-5.632 13.866666 19.029333 19.029333 0 0 1-13.568 5.717334h-345.6a19.029333 19.029333 0 0 1-13.568-5.717334 19.754667 19.754667 0 0 1-5.632-13.866666v-39.082667c0-5.205333 2.005333-10.154667 5.632-13.824a19.029333 19.029333 0 0 1 13.568-5.717333h345.6z m0-156.458667c5.12 0 9.984 2.090667 13.568 5.76a19.754667 19.754667 0 0 1 5.632 13.824v39.082667a19.754667 19.754667 0 0 1-5.632 13.824 19.029333 19.029333 0 0 1-13.568 5.76h-345.6a19.029333 19.029333 0 0 1-13.568-5.76 19.754667 19.754667 0 0 1-5.632-13.824v-39.082667c0-5.205333 2.005333-10.154667 5.632-13.824a19.029333 19.029333 0 0 1 13.568-5.717333h345.6zM492.970667 85.333333l36.352 0.128c4.693333 0 9.216 1.749333 12.714666 4.906667a19.626667 19.626667 0 0 1 6.314667 12.245333l0.128 2.261334 1.365333 238.933333 81.450667-82.986667a19.029333 19.029333 0 0 1 25.344-1.621333l1.792 1.621333 27.178667 27.648a19.712 19.712 0 0 1 1.578666 25.813334l-1.578666 1.877333-149.333334 152.064a38.058667 38.058667 0 0 1-51.882666 2.304l-2.432-2.304-149.333334-152.064a19.712 19.712 0 0 1-1.621333-25.813333l1.621333-1.877334 27.136-27.648a19.029333 19.029333 0 0 1 25.344-1.621333l1.792 1.621333 88.192 89.856-1.365333-245.674666a20.010667 20.010667 0 0 1 5.589333-13.909334 19.2 19.2 0 0 1 13.653334-5.76z\" fill=\"#1D2129\">\u003C/path>\u003C/symbol>\u003Csymbol id=\"iconapp_nav_installed\" viewBox=\"0 0 1024 1024\">\u003Cpath d=\"M723.242667 123.221333l66.176 111.36 111.36 66.133334a77.525333 77.525333 0 0 1 35.498666 85.76L904.362667 512l31.914666 125.525333a77.482667 77.482667 0 0 1-35.498666 85.76l-111.36 66.133334-66.133334 111.36a77.482667 77.482667 0 0 1-85.76 35.498666L512 904.362667l-125.525333 31.914666a77.482667 77.482667 0 0 1-85.76-35.541333l-66.133334-111.317333-111.36-66.133334a77.525333 77.525333 0 0 1-35.498666-85.76L119.637333 512l-31.914666-125.525333a77.525333 77.525333 0 0 1 35.498666-85.76l111.36-66.133334 66.133334-111.36a77.525333 77.525333 0 0 1 85.76-35.498666L512 119.637333l125.525333-31.914666a77.525333 77.525333 0 0 1 85.76 35.498666z m-66.602667 39.594667l-125.525333 32a77.525333 77.525333 0 0 1-38.229334 0l-125.525333-32-66.133333 111.36c-6.656 11.093333-15.914667 20.394667-27.050667 27.008L162.816 367.36l31.914667 125.525333c3.2 12.544 3.2 25.685333 0 38.229334l-31.914667 125.482666 111.36 66.218667c11.093333 6.613333 20.394667 15.872 27.008 27.008l66.133333 111.36 125.568-31.957333c12.544-3.2 25.642667-3.2 38.186667 0l125.525333 31.957333 66.176-111.36c6.613333-11.093333 15.914667-20.394667 27.008-27.008l111.36-66.176-31.914666-125.525333a77.568 77.568 0 0 1 0-38.229334l31.914666-125.525333-111.36-66.133333a77.44 77.44 0 0 1-27.008-27.050667l-66.133333-111.36z m74.581333 255.573333l-54.784-54.741333-219.221333 219.221333-109.653333-109.653333-54.784 54.826667 164.437333 164.437333 274.005333-274.048z\" fill=\"#1D2129\">\u003C/path>\u003C/symbol>\u003Csymbol id=\"iconapp_nav_Audio\" viewBox=\"0 0 1024 1024\">\u003Cpath d=\"M336.426667 90.794667l153.813333 154.24h38.442667l153.813333-154.24a18.517333 18.517333 0 0 1 24.490667-1.536l1.792 1.536 26.24 26.325333a18.602667 18.602667 0 0 1 1.536 24.533333l-1.578667 1.749334-101.376 101.632h267.946667a37.034667 37.034667 0 0 1 37.034666 34.389333l0.085334 2.816v576.554667a37.248 37.248 0 0 1-34.304 37.12L901.546667 896H122.453333a37.034667 37.034667 0 0 1-37.034666-34.389333L85.333333 858.794667V282.24a37.248 37.248 0 0 1 34.304-37.12l2.816-0.085333h262.826667L283.989333 143.36a18.602667 18.602667 0 0 1 0-26.325333l26.24-26.282667a18.56 18.56 0 0 1 26.24 0z m528.042666 228.650666H159.530667v502.186667h704.938666V319.402667z m-426.666666 116.992c3.413333 0 6.826667 0.938667 9.728 2.730667L634.709333 554.666667a18.602667 18.602667 0 0 1 0 31.701333L447.573333 701.866667a18.517333 18.517333 0 0 1-28.288-15.872v-230.997334a18.602667 18.602667 0 0 1 18.56-18.56z\" fill=\"#1D2129\">\u003C/path>\u003C/symbol>\u003Csymbol id=\"iconapp_nav_Community\" viewBox=\"0 0 1024 1024\">\u003Cpath d=\"M409.856 795.221333c32.213333 14.549333 67.072 22.016 102.314667 21.973334 36.394667 0 71.04-7.808 102.314666-21.930667 13.226667 23.978667 31.274667 44.885333 52.906667 61.397333a324.181333 324.181333 0 0 1-155.221333 39.338667 324.608 324.608 0 0 1-155.221334-39.296c21.632-16.554667 39.68-37.504 52.906667-61.44z m-163.328-253.696l1.792 0.085334 4.693333 0.341333 1.237334 0.085333 5.76 0.597334 0.554666 0.085333c25.173333 3.328 49.194667 12.885333 69.888 27.818667 20.693333 14.933333 37.461333 34.773333 48.810667 57.770666a159.744 159.744 0 0 1-3.370667 147.797334l-0.725333 1.28-1.365333 2.389333-0.469334 0.853333-0.170666 0.256-0.128 0.170667-0.128 0.256-1.024 1.706667c-3.029333 4.821333-6.314667 9.514667-9.813334 13.994666l-1.066666 1.408a143.36 143.36 0 0 1-3.413334 4.096l-0.64 0.725334a155.306667 155.306667 0 0 1-56.448 41.088 153.173333 153.173333 0 0 1-135.253333-7.594667 156.117333 156.117333 0 0 1-51.626667-47.104 159.914667 159.914667 0 0 1-21.845333-135.68 158.293333 158.293333 0 0 1 34.261333-61.44c15.829333-17.536 35.413333-31.232 57.173334-40.021333l1.834666-0.725334-2.645333 1.109334 5.290667-2.133334 1.024-0.341333c3.84-1.408 7.765333-2.602667 11.733333-3.712l0.853333-0.213333c1.792-0.469333 3.626667-0.896 5.461334-1.28l0.597333-0.170667a153.088 153.088 0 0 1 33.109333-3.626667l6.058667 0.128z m542.592 0h0.64l1.92 0.085334c10.581333 0.554667 21.12 2.176 31.36 4.864l0.896 0.256c3.925333 1.066667 7.808 2.304 11.648 3.669333l0.725333 0.256c20.352 7.466667 38.912 19.2 54.528 34.389333 15.573333 15.146667 27.861333 33.493333 36.096 53.76a159.701333 159.701333 0 0 1-3.157333 127.402667 157.44 157.44 0 0 1-38.826667 51.84 154.666667 154.666667 0 0 1-56.149333 31.488 153.045333 153.045333 0 0 1-124.629333-15.232l-1.28-0.768-3.498667-2.261333-0.213333-0.128-1.706667-1.152a149.717333 149.717333 0 0 1-9.728-7.168l-0.981333-0.810667a153.898667 153.898667 0 0 1-9.216-8.149333l-0.64-0.597334a164.48 164.48 0 0 1-8.832-9.216l-0.682667-0.853333a184.021333 184.021333 0 0 1-3.157333-3.669333l-1.024-1.322667a158.208 158.208 0 0 1-10.709334-15.189333l-0.426666-0.597334-0.554667-0.853333a159.402667 159.402667 0 0 1 41.130667-210.133333 154.026667 154.026667 0 0 1 71.125333-28.714667l5.546667-0.64 2.005333-0.128 4.693333-0.341333h0.981334l0.597333-0.085334c2.090667-0.085333 4.138667-0.128 6.229333-0.128l5.290667 0.128zM240.512 620.202667c-20.608 0-40.362667 8.32-54.912 23.04a79.445333 79.445333 0 0 0-22.698667 55.808c0 20.906667 8.149333 40.917333 22.698667 55.68s34.304 23.082667 54.912 23.082666c20.565333 0 40.32-8.277333 54.912-23.04 14.506667-14.805333 22.698667-34.858667 22.698667-55.722666 0-20.906667-8.149333-40.96-22.698667-55.765334a77.141333 77.141333 0 0 0-54.912-23.082666z m543.317333 0c-20.565333 0-40.32 8.32-54.869333 23.04a79.488 79.488 0 0 0 0 111.488c14.506667 14.762667 34.304 23.082667 54.869333 23.082666s40.32-8.32 54.869334-23.04a79.488 79.488 0 0 0 0-111.445333 77.056 77.056 0 0 0-54.869334-23.125333zM187.690667 550.784l-0.725334 0.256 1.024-0.384-0.298666 0.128z m579.456-8.448l-2.901334 0.341333 3.157334-0.426666-0.256 0.085333z m20.266666-0.853333h-0.512l-3.072-0.085334 3.584 0.042667zM318.208 290.176a198.4 198.4 0 0 0 20.992 84.522667 256.426667 256.426667 0 0 0-72.96 128.981333 191.36 191.36 0 0 0-80.128 6.144 335.701333 335.701333 0 0 1 120.96-211.029333l6.229333-4.949334 4.906667-3.669333z m387.968 0a335.616 335.616 0 0 1 130.986667 213.162667l1.024 6.485333c-26.026667-7.68-53.333333-9.813333-80.170667-6.144a256.554667 256.554667 0 0 0-72.917333-129.024 198.4 198.4 0 0 0 21.077333-84.48z m-221.525333-159.744a152.96 152.96 0 0 1 122.965333 30.890667c17.194667 13.653333 31.402667 30.805333 41.642667 50.346666a159.36 159.36 0 0 1 8.533333 128.298667l-2.218667 5.674667-0.085333 0.170666-0.426667 1.066667-1.237333 2.944a156.970667 156.970667 0 0 1-56.234667 67.114667 153.728 153.728 0 0 1-83.029333 26.026666 153.557333 153.557333 0 0 1-83.712-23.338666 156.885333 156.885333 0 0 1-58.325333-65.365334l-2.218667-4.949333-0.512-1.066667-1.621333-4.010666-0.810667-2.005334a158.762667 158.762667 0 0 1-9.642667-41.216l-0.085333-0.981333-0.298667-3.456-0.213333-3.456-0.042667-0.682667a176.213333 176.213333 0 0 1-0.128-7.168l0.085334-6.229333 0.085333-1.877333 0.298667-4.138667 0.128-1.92c0.128-1.706667 0.341333-3.498667 0.554666-5.248l0.128-1.066667a159.146667 159.146667 0 0 1 21.76-61.909333A156.672 156.672 0 0 1 424.661333 155.306667a154.026667 154.026667 0 0 1 59.946667-24.874667z m27.52 76.074667c-20.608 0-40.32 8.277333-54.869334 23.04a79.402667 79.402667 0 0 0 0 111.445333c14.506667 14.762667 34.261333 23.04 54.869334 23.04 20.565333 0 40.32-8.277333 54.869333-23.04a79.402667 79.402667 0 0 0 0-111.402667 77.013333 77.013333 0 0 0-54.869333-23.082666z\" fill=\"#1D2129\">\u003C/path>\u003C/symbol>\u003Csymbol id=\"iconapp_nav_all\" viewBox=\"0 0 1024 1024\">\u003Cpath d=\"M426.666667 554.666667a42.666667 42.666667 0 0 1 42.666666 42.666666v277.333334a42.666667 42.666667 0 0 1-38.314666 42.453333L426.666667 917.333333H149.333333l-4.394666-0.213333a42.666667 42.666667 0 0 1-38.058667-38.101333L106.666667 874.666667V597.333333a42.666667 42.666667 0 0 1 42.666666-42.666666H426.666667z m450.133333-2.133334a40.533333 40.533333 0 0 1 40.533333 40.533334v283.733333a40.533333 40.533333 0 0 1-40.533333 40.533333H593.066667a40.533333 40.533333 0 0 1-40.533334-40.533333V593.066667a40.533333 40.533333 0 0 1 40.533334-40.533334h283.733333zM183.466667 840.533333h209.066666v-209.066666H183.466667v209.066666z m450.133333-4.266666h202.666667v-202.666667h-202.666667v202.666667zM430.933333 106.666667a40.533333 40.533333 0 0 1 40.533334 40.533333v283.733333a40.533333 40.533333 0 0 1-40.533334 40.533334H147.2a40.533333 40.533333 0 0 1-40.533333-40.533334V147.2a40.533333 40.533333 0 0 1 40.533333-40.533333h283.733333z m445.866667 0a40.533333 40.533333 0 0 1 40.533333 40.533333v283.733333a40.533333 40.533333 0 0 1-40.533333 40.533334H593.066667a40.533333 40.533333 0 0 1-40.533334-40.533334V147.2a40.533333 40.533333 0 0 1 40.533334-40.533333h283.733333zM187.733333 390.4h202.666667V187.733333H187.733333v202.666667z m445.866667 0h202.666667V187.733333h-202.666667v202.666667z\" fill=\"#1D2129\">\u003C/path>\u003C/symbol>\u003Csymbol id=\"iconUpward\" viewBox=\"0 0 1024 1024\">\u003Cpath d=\"M917.333333 853.333333a21.333333 21.333333 0 0 1 21.333334 21.333334v42.666666a21.333333 21.333333 0 0 1-21.333334 21.333334h-810.666666a21.333333 21.333333 0 0 1-21.333334-21.333334v-42.666666a21.333333 21.333333 0 0 1 21.333334-21.333334h810.666666zM433.194667 388.053333v359.637334c0 5.376 2.133333 10.538667 5.802666 14.336 3.669333 3.84 8.704 5.973333 13.909334 5.973333h118.186666c5.205333 0 10.24-2.133333 13.909334-5.973333a20.650667 20.650667 0 0 0 5.76-14.336V388.053333h147.712c1.237333 0 2.389333-0.213333 3.584-0.341333l0.554666-0.128a25.088 25.088 0 0 0 3.925334-0.938667 14.549333 14.549333 0 0 0 3.797333-1.408l0.512-0.256 0.810667-0.426666a15.36 15.36 0 0 0 2.005333-0.981334 31.786667 31.786667 0 0 0 13.653333-21.333333 39.68 39.68 0 0 0 0.64-6.229333L768 355.413333a9.216 9.216 0 0 0-0.085333-1.152l-0.085334-0.853333-0.042666-0.426667a34.261333 34.261333 0 0 0-5.76-17.066666l-221.696-230.485334c-5.845333-11.306667-17.365333-21.973333-28.330667-19.797333-10.965333-2.176-22.442667 8.490667-28.330667 19.797333L261.930667 335.914667a34.432 34.432 0 0 0-5.717334 17.066666v0.426667c0 0.298667-0.085333 0.597333-0.128 0.853333A8.746667 8.746667 0 0 0 256 355.413333l0.042667 0.597334 0.042666 0.554666c0.042667 1.621333 0.213333 3.242667 0.426667 4.821334 1.706667 9.514667 6.4 17.450667 13.824 22.186666 0.64 0.426667 1.322667 0.725333 2.005333 1.024l0.853334 0.426667 0.426666 0.213333a30.976 30.976 0 0 0 7.381334 2.346667l0.896 0.128a24.277333 24.277333 0 0 0 3.626666 0.341333h147.669334z\" fill=\"#3491FA\">\u003C/path>\u003C/symbol>\u003Csymbol id=\"icondownward\" viewBox=\"0 0 1024 1024\">\u003Cpath d=\"M917.333333 853.333333a21.333333 21.333333 0 0 1 21.333334 21.333334v42.666666a21.333333 21.333333 0 0 1-21.333334 21.333334h-810.666666a21.333333 21.333333 0 0 1-21.333334-21.333334v-42.666666a21.333333 21.333333 0 0 1 21.333334-21.333334h810.666666zM433.194667 465.28V105.642667c0-5.376 2.133333-10.538667 5.802666-14.378667A19.413333 19.413333 0 0 1 452.906667 85.333333h118.186666c5.205333 0 10.24 2.133333 13.909334 5.973334 3.669333 3.797333 5.76 8.96 5.76 14.336v359.637333h147.712c1.237333 0 2.389333 0.213333 3.584 0.341333l0.554666 0.128a25.344 25.344 0 0 1 3.925334 0.938667c1.322667 0.298667 2.602667 0.768 3.797333 1.408l0.512 0.256 0.810667 0.426667a15.274667 15.274667 0 0 1 2.005333 0.981333 31.786667 31.786667 0 0 1 13.653333 21.333333 39.765333 39.765333 0 0 1 0.64 6.229334l0.042667 0.597333a9.344 9.344 0 0 1-0.085333 1.152l-0.085334 0.853333-0.042666 0.426667a34.304 34.304 0 0 1-5.76 17.066667l-221.696 230.485333c-5.845333 11.306667-17.365333 21.973333-28.330667 19.797333-10.965333 2.176-22.442667-8.490667-28.330667-19.797333l-221.738666-230.485333a34.432 34.432 0 0 1-5.717334-17.066667v-0.426667c0-0.298667-0.085333-0.597333-0.128-0.853333A8.746667 8.746667 0 0 1 256 497.92l0.042667-0.64 0.042666-0.554667a36.266667 36.266667 0 0 1 0.426667-4.864 32.128 32.128 0 0 1 13.824-22.101333c0.64-0.426667 1.322667-0.768 2.005333-1.066667l0.853334-0.426666 0.426666-0.213334a31.232 31.232 0 0 1 7.381334-2.346666l0.896-0.128a24.32 24.32 0 0 1 3.626666-0.341334h147.669334z\" fill=\"#23C343\">\u003C/path>\u003C/symbol>\u003Csymbol id=\"iconStorage_Nav_iSCSI_Target\" viewBox=\"0 0 1024 1024\">\u003Cpath d=\"M298.666667 256m-42.666667 0a42.666667 42.666667 0 1 0 85.333333 0 42.666667 42.666667 0 1 0-85.333333 0Z\" fill=\"#1D2129\">\u003C/path>\u003Cpath d=\"M725.333333 256m-42.666666 0a42.666667 42.666667 0 1 0 85.333333 0 42.666667 42.666667 0 1 0-85.333333 0Z\" fill=\"#1D2129\">\u003C/path>\u003Cpath d=\"M298.666667 768m-42.666667 0a42.666667 42.666667 0 1 0 85.333333 0 42.666667 42.666667 0 1 0-85.333333 0Z\" fill=\"#1D2129\">\u003C/path>\u003Cpath d=\"M725.333333 768m-42.666666 0a42.666667 42.666667 0 1 0 85.333333 0 42.666667 42.666667 0 1 0-85.333333 0Z\" fill=\"#1D2129\">\u003C/path>\u003Cpath d=\"M873.386667 85.333333c6.016 0 11.776 2.261333 16 6.229334 4.224 4.010667 6.613333 9.429333 6.613333 15.104v810.666666c0 5.674667-2.389333 11.093333-6.613333 15.104a23.253333 23.253333 0 0 1-15.957334 6.229334H150.570667a23.253333 23.253333 0 0 1-15.957334-6.229334A20.778667 20.778667 0 0 1 128 917.333333v-810.666666c0-5.674667 2.389333-11.093333 6.613333-15.104A23.253333 23.253333 0 0 1 150.613333 85.333333h722.858667zM213.333333 344.234667v510.421333l597.333334 1.578667V170.666667H212.949333L213.333333 344.234667zM512 277.333333a209.493333 209.493333 0 0 1 143.786667 56.234667A186.709333 186.709333 0 0 1 715.264 469.333333a185.6 185.6 0 0 1-47.189333 122.88l-55.424-74.88c7.893333-14.762667 12.288-31.146667 12.288-48 0-28.288-11.946667-55.424-33.109334-75.434666A116.48 116.48 0 0 0 512 362.666667a116.48 116.48 0 0 0-79.872 31.232A103.765333 103.765333 0 0 0 399.061333 469.333333c0 28.288 11.904 55.424 33.066667 75.434667 17.365333 16.384 39.850667 26.752 63.872 29.994667l60.544 81.834666c-14.506667 3.072-29.44 4.736-44.544 4.736a209.493333 209.493333 0 0 1-143.786667-56.234666A186.752 186.752 0 0 1 308.736 469.333333c0-50.901333 21.418667-99.754667 59.562667-135.765333A209.493333 209.493333 0 0 1 512 277.333333z\" fill=\"#1D2129\">\u003C/path>\u003Cpath d=\"M548.293081 473.420174m26.414676 33.506855l103.281379 131.011806q26.414675 33.506856-7.09218 59.921531l0 0q-33.506856 26.414675-59.921531-7.092181l-103.28138-131.011805q-26.414675-33.506856 7.092181-59.921531l0 0q33.506856-26.414675 59.921531 7.09218Z\" fill=\"#1D2129\">\u003C/path>\u003C/symbol>\u003Csymbol id=\"iconStorage_Nav_hot_spare\" viewBox=\"0 0 1024 1024\">\u003Cpath d=\"M85.333333 621.653333l0.256-3.456a34.261333 34.261333 0 0 1 0.341334-1.877333l0.128-0.682667L185.258667 133.248a33.706667 33.706667 0 0 1 9.301333-17.194667c4.693333-4.650667 10.666667-7.765333 17.152-8.917333l5.674667-0.469333h590.378666c6.570667 0 13.013333 2.005333 18.474667 5.76a33.408 33.408 0 0 1 12.074667 15.36l1.621333 5.546666 98.090667 482.389334a37.973333 37.973333 0 0 1 0.64 6.826666v261.290667a33.834667 33.834667 0 0 1-9.6 23.68 32.469333 32.469333 0 0 1-23.210667 9.813333H118.144a32.469333 32.469333 0 0 1-23.210667-9.813333 33.834667 33.834667 0 0 1-9.6-23.68V621.653333z m768 0.853334L170.666667 618.24V832h682.666666v-209.493333z m-61.525333 97.706666a32.426667 32.426667 0 0 1 22.186667 8.746667 34.005333 34.005333 0 0 1 4.010666 45.056 32.725333 32.725333 0 0 1-20.266666 12.672l-5.930667 0.554667h-82.901333a32.469333 32.469333 0 0 1-22.186667-8.746667 34.005333 34.005333 0 0 1-4.010667-45.056 32.725333 32.725333 0 0 1 20.309334-12.672l5.888-0.554667h82.944zM768 192H256l-64 341.333333h644.693333L768 192z\" fill=\"#1D2129\">\u003C/path>\u003Cpath d=\"M548.565333 252.970667a18.261333 18.261333 0 0 0-18.261333-18.304h-36.608a18.304 18.304 0 0 0-18.261333 18.304v73.130666H402.304A18.304 18.304 0 0 0 384 344.32v36.608a18.304 18.304 0 0 0 18.304 18.261333h73.130667v73.130667a18.304 18.304 0 0 0 18.261333 18.304h36.608a18.304 18.304 0 0 0 18.261333-18.304V399.232h73.130667A18.304 18.304 0 0 0 640 381.013333V344.32a18.304 18.304 0 0 0-18.304-18.261333h-73.130667V252.970667z\" fill=\"#1D2129\">\u003C/path>\u003C/symbol>\u003Csymbol id=\"iconStorage_Nav_disk\" viewBox=\"0 0 1024 1024\">\u003Cpath d=\"M85.333333 621.653333l0.256-3.456a34.261333 34.261333 0 0 1 0.341334-1.877333l0.128-0.682667L185.258667 133.248a33.706667 33.706667 0 0 1 9.301333-17.194667c4.693333-4.650667 10.666667-7.765333 17.152-8.917333l5.674667-0.469333h590.378666c6.570667 0 13.013333 2.005333 18.474667 5.76a33.408 33.408 0 0 1 12.074667 15.36l1.621333 5.546666 98.090667 482.389334a37.973333 37.973333 0 0 1 0.64 6.826666v261.290667a33.834667 33.834667 0 0 1-9.6 23.68 32.469333 32.469333 0 0 1-23.210667 9.813333H118.144a32.469333 32.469333 0 0 1-23.210667-9.813333 33.834667 33.834667 0 0 1-9.6-23.68V621.653333z m768 0.853334L170.666667 618.24V832h682.666666v-209.493333z m-61.525333 97.706666a32.426667 32.426667 0 0 1 22.186667 8.746667 34.005333 34.005333 0 0 1 4.010666 45.056 32.725333 32.725333 0 0 1-20.266666 12.672l-5.930667 0.554667h-82.901333a32.469333 32.469333 0 0 1-22.186667-8.746667 34.005333 34.005333 0 0 1-4.010667-45.056 32.725333 32.725333 0 0 1 20.309334-12.672l5.888-0.554667h82.944zM768 192H256l-64 341.333333h644.693333L768 192z\" fill=\"#1D2129\">\u003C/path>\u003C/symbol>\u003Csymbol id=\"iconStorage_nav_overview\" viewBox=\"0 0 1024 1024\">\u003Cpath d=\"M876.8 106.666667a40.533333 40.533333 0 0 1 40.533333 40.533333v567.466667a40.533333 40.533333 0 0 1-40.533333 40.533333h-324.266667v81.066667h101.333334a20.266667 20.266667 0 0 1 20.266666 20.266666v40.533334a20.266667 20.266667 0 0 1-20.266666 20.266666h-283.733334a20.266667 20.266667 0 0 1-20.266666-20.266666v-40.533334a20.266667 20.266667 0 0 1 20.266666-20.266666h101.333334v-81.066667h-324.266667a40.533333 40.533333 0 0 1-40.533333-40.533333V147.2a40.533333 40.533333 0 0 1 40.533333-40.533333h729.6z m-40.533333 81.066666H187.733333v486.4h648.533334V187.733333z m-114.730667 156.202667l-28.672-28.672a20.266667 20.266667 0 0 0-28.672 0l-103.68 103.68-91.648-92.032-1.92-1.706667a20.224 20.224 0 0 0-26.709333 1.706667l-145.237334 144.768a20.266667 20.266667 0 0 0 0 28.672l28.629334 28.629333a20.266667 20.266667 0 0 0 28.672 0l101.674666-101.674666 92.330667 92.416a20.181333 20.181333 0 0 0 28.672 0l146.56-147.157334a20.266667 20.266667 0 0 0 0-28.586666z\" fill=\"#1D2129\">\u003C/path>\u003C/symbol>\u003Csymbol id=\"iconStorage_Nav_storage\" viewBox=\"0 0 1024 1024\">\u003Cpath d=\"M204.8 347.050667v168.533333c0 39.594667 129.621333 82.688 307.2 82.688 177.578667 0 307.2-43.093333 307.2-82.688v-168.533333c-68.949333 38.4-174.037333 58.282667-307.2 58.282666-133.162667 0-238.293333-19.925333-307.2-58.282666z m0 271.616v146.730666c0 39.594667 129.621333 109.269333 307.2 109.269334 177.578667 0 307.2-63.957333 307.2-103.552v-146.730667C750.250667 662.784 645.162667 682.666667 512 682.666667c-133.162667 0-238.293333-25.6-307.2-64zM896 235.946667v559.317333c0 87.082667-172.757333 164.736-384 164.736-211.285333 0-384-77.653333-384-164.736V236.245333C128 145.066667 277.333333 68.266667 512 68.266667s384 81.066667 384 167.68zM512 320c128 0 298.666667-44.458667 298.666667-84.053333 0-61.269333-170.666667-90.88-298.666667-90.88S213.333333 192 213.333333 234.666667s170.666667 85.333333 298.666667 85.333333z m224 172.672a33.962667 33.962667 0 0 1-22.613333-8.405333 27.264 27.264 0 0 1-9.386667-20.266667c0-7.637333 3.370667-14.933333 9.386667-20.309333a33.962667 33.962667 0 0 1 22.613333-8.405334c8.490667 0 16.64 3.029333 22.613333 8.405334 6.016 5.376 9.386667 12.672 9.386667 20.309333 0 7.594667-3.370667 14.890667-9.386667 20.266667a33.962667 33.962667 0 0 1-22.613333 8.405333z m0 286.848a33.962667 33.962667 0 0 1-22.613333-8.405333 27.264 27.264 0 0 1-9.386667-20.309334c0-7.594667 3.370667-14.890667 9.386667-20.266666a33.962667 33.962667 0 0 1 22.613333-8.405334c8.490667 0 16.64 2.986667 22.613333 8.405334 6.016 5.376 9.386667 12.672 9.386667 20.266666 0 7.637333-3.370667 14.933333-9.386667 20.309334a33.962667 33.962667 0 0 1-22.613333 8.405333z\" fill=\"#1D2129\">\u003C/path>\u003C/symbol>\u003Csymbol id=\"iconStorage_Nav_USB_enabled\" viewBox=\"0 0 1024 1024\">\u003Cpath d=\"M759.168 91.477333C751.829333 87.466667 744.533333 85.333333 724.522667 85.333333H299.477333c-20.053333 0-27.306667 2.133333-34.645333 6.144a41.258667 41.258667 0 0 0-17.066667 17.450667c-3.925333 7.509333-5.973333 14.976-5.973333 35.498667v286.848h-19.669333c-40.149333 0-54.741333 4.266667-69.418667 12.288-14.506667 7.893333-26.368 20.053333-34.048 34.901333-7.808 15.018667-11.989333 29.952-11.989333 71.04v363.093333c0 10.154667 0.256 18.730667 0.768 26.069334l89.301333-0.042667v-415.146667H827.306667V938.666667l89.301333 0.042666a376.746667 376.746667 0 0 0 0.768-26.026666v-363.093334c0-41.130667-4.181333-56.064-12.032-71.082666a82.858667 82.858667 0 0 0-34.048-34.901334c-14.677333-8.021333-29.226667-12.288-69.376-12.288h-19.626667V144.469333c0-20.565333-2.133333-28.032-6.058666-35.541333a41.386667 41.386667 0 0 0-17.024-17.450667zM331.861333 177.578667h360.277334v253.696H331.861333V177.578667z m135.082667 69.205333v92.245333h-90.026667V246.784h90.026667z m180.181333 92.245333V246.784h-90.069333v92.245333h90.026667z\" fill=\"#1D2129\">\u003C/path>\u003C/symbol>\u003Csymbol id=\"iconStorage_Nav_volume\" viewBox=\"0 0 1024 1024\">\u003Cpath d=\"M512 85.333333c235.648 0 426.666667 191.018667 426.666667 426.666667s-191.018667 426.666667-426.666667 426.666667S85.333333 747.648 85.333333 512 276.352 85.333333 512 85.333333zM162.901333 512a349.098667 349.098667 0 0 0 592.554667 250.197333L473.173333 530.346667V165.034667A349.141333 349.141333 0 0 0 162.901333 512z m387.882667-346.965333v328.618666l253.952 208.64a349.141333 349.141333 0 0 0-253.952-537.173333z\" fill=\"#1D2129\">\u003C/path>\u003C/symbol>\u003Csymbol id=\"iconStorage_Nav_SSD_cache\" viewBox=\"0 0 1024 1024\">\u003Cpath d=\"M128 170.666667h768c23.552 0 42.666667 17.962667 42.666667 40.149333V813.226667c0 22.186667-19.114667 40.149333-42.666667 40.149333H128c-23.552 0-42.666667-17.962667-42.666667-40.149333V210.773333C85.333333 188.629333 104.448 170.666667 128 170.666667z m42.666667 85.333333v512h682.112L853.333333 640h85.333334V298.666667h-85.333334l-0.554666-42.666667H170.666667z\" fill=\"#1D2129\">\u003C/path>\u003Cpath d=\"M554.666667 564.565333c0 24.533333-7.893333 42.453333-18.517334 55.168-12.586667 15.104-27.562667 20.266667-45.269333 20.266667-17.749333 0-35.072-7.082667-45.696-20.266667-12.202667-15.104-18.517333-32.554667-18.517333-56.106666h41.386666c0 9.898667 2.346667 17.92 7.04 23.552 3.968 5.205333 10.24 7.552 15.786667 7.552a19.754667 19.754667 0 0 0 16.128-7.04c3.925333-4.266667 5.930667-11.818667 5.930667-19.84a35.669333 35.669333 0 0 0-4.352-18.346667 36.565333 36.565333 0 0 0-16.170667-14.165333l-27.562667-14.634667c-14.165333-7.509333-24.405333-17.408-30.293333-28.757333-4.736-8.96-6.698667-20.266667-6.698667-33.92 0-24.064 7.082667-39.594667 18.090667-53.290667 11.434667-13.653333 27.562667-20.736 44.928-20.736 17.322667 0 33.066667 6.613333 43.690667 18.858667 11.050667 12.714667 17.749333 30.165333 17.749333 55.168h-40.96c0-10.837333-1.962667-17.450667-5.930667-22.613334a19.626667 19.626667 0 0 0-6.613333-5.674666 16.426667 16.426667 0 0 0-7.936-1.877334 19.968 19.968 0 0 0-15.36 7.04 29.013333 29.013333 0 0 0-5.930667 18.858667c0 6.144 0.810667 10.410667 3.157334 14.634667a37.077333 37.077333 0 0 0 15.36 14.122666l27.562666 14.165334c14.165333 7.552 23.637333 15.530667 30.293334 27.306666 5.546667 9.472 8.704 23.594667 8.704 40.576zM597.333333 402.304c0-10.112 6.4-18.304 14.208-18.304h56.917334C723.413333 384 768 441.301333 768 512s-44.586667 128-99.541333 128h-56.917334c-7.850667 0-14.208-8.192-14.208-18.304V402.346667z m42.666667 32.896v153.6h28.458667c39.253333 0 56.874667-26.325333 56.874666-76.8 0-50.517333-17.621333-76.8-56.874666-76.8H640zM384 564.565333c0 24.533333-7.893333 42.453333-18.517333 55.168-12.586667 15.104-27.562667 20.266667-45.269334 20.266667-17.749333 0-35.072-7.082667-45.696-20.266667C262.314667 604.586667 256 587.178667 256 563.626667h41.386667c0 9.898667 2.346667 17.92 7.04 23.552 3.968 5.205333 10.24 7.552 15.786666 7.552a19.754667 19.754667 0 0 0 16.128-7.04c3.925333-4.266667 5.930667-11.818667 5.930667-19.84a35.669333 35.669333 0 0 0-4.352-18.346667 36.565333 36.565333 0 0 0-16.128-14.165333l-27.605333-14.634667c-14.165333-7.509333-24.405333-17.408-30.293334-28.757333-4.736-8.96-6.698667-20.266667-6.698666-33.92 0-24.064 7.082667-39.594667 18.090666-53.290667C286.72 391.082667 302.848 384 320.213333 384c17.322667 0 33.066667 6.613333 43.690667 18.858667 11.050667 12.714667 17.749333 30.165333 17.749333 55.168h-40.96c0-10.837333-2.005333-17.450667-5.930666-22.613334a19.626667 19.626667 0 0 0-6.613334-5.674666 16.469333 16.469333 0 0 0-7.936-1.877334 19.968 19.968 0 0 0-15.36 7.04 29.013333 29.013333 0 0 0-5.930666 18.858667c0 6.144 0.810667 10.410667 3.157333 14.634667a37.12 37.12 0 0 0 15.36 14.122666l27.562667 14.165334c14.165333 7.552 23.637333 15.530667 30.293333 27.306666 5.546667 9.472 8.704 23.594667 8.704 40.576zM853.333333 341.333333h85.333334v85.333334h-85.333334zM853.333333 469.333333h85.333334v128h-85.333334z\" fill=\"#1D2129\">\u003C/path>\u003C/symbol>\u003Csymbol id=\"iconlist_move\" viewBox=\"0 0 1024 1024\">\u003Cpath d=\"M682.666667 746.666667a21.333333 21.333333 0 0 1 21.333333 21.333333v85.333333a21.333333 21.333333 0 0 1-21.333333 21.333334h-85.333334a21.333333 21.333333 0 0 1-21.333333-21.333334v-85.333333a21.333333 21.333333 0 0 1 21.333333-21.333333h85.333334z m-256 0a21.333333 21.333333 0 0 1 21.333333 21.333333v85.333333a21.333333 21.333333 0 0 1-21.333333 21.333334H341.333333a21.333333 21.333333 0 0 1-21.333333-21.333334v-85.333333a21.333333 21.333333 0 0 1 21.333333-21.333333h85.333334z m170.666666-298.666667h85.333334a21.333333 21.333333 0 0 1 21.333333 21.333333v85.333334a21.333333 21.333333 0 0 1-21.333333 21.333333h-85.333334a21.333333 21.333333 0 0 1-21.333333-21.333333v-85.333334a21.333333 21.333333 0 0 1 21.333333-21.333333z m-256 0h85.333334a21.333333 21.333333 0 0 1 21.333333 21.333333v85.333334a21.333333 21.333333 0 0 1-21.333333 21.333333H341.333333a21.333333 21.333333 0 0 1-21.333333-21.333333v-85.333334a21.333333 21.333333 0 0 1 21.333333-21.333333z m341.333334-298.666667a21.333333 21.333333 0 0 1 21.333333 21.333334v85.333333a21.333333 21.333333 0 0 1-21.333333 21.333333h-85.333334a21.333333 21.333333 0 0 1-21.333333-21.333333V170.666667a21.333333 21.333333 0 0 1 21.333333-21.333334h85.333334z m-256 0a21.333333 21.333333 0 0 1 21.333333 21.333334v85.333333a21.333333 21.333333 0 0 1-21.333333 21.333333H341.333333a21.333333 21.333333 0 0 1-21.333333-21.333333V170.666667a21.333333 21.333333 0 0 1 21.333333-21.333334h85.333334z\" fill=\"#1D2129\">\u003C/path>\u003C/symbol>\u003Csymbol id=\"iconcard_more\" viewBox=\"0 0 1024 1024\">\u003Cpath d=\"M768 448h85.333333a21.333333 21.333333 0 0 1 21.333334 21.333333v85.333334a21.333333 21.333333 0 0 1-21.333334 21.333333h-85.333333a21.333333 21.333333 0 0 1-21.333333-21.333333v-85.333334a21.333333 21.333333 0 0 1 21.333333-21.333333z m-512 0a21.333333 21.333333 0 0 1 21.333333 21.333333v85.333334a21.333333 21.333333 0 0 1-21.333333 21.333333H170.666667a21.333333 21.333333 0 0 1-21.333334-21.333333v-85.333334a21.333333 21.333333 0 0 1 21.333334-21.333333h85.333333z m298.666667 0a21.333333 21.333333 0 0 1 21.333333 21.333333v85.333334a21.333333 21.333333 0 0 1-21.333333 21.333333h-85.333334a21.333333 21.333333 0 0 1-21.333333-21.333333v-85.333334a21.333333 21.333333 0 0 1 21.333333-21.333333h85.333334z\" fill=\"#1D2129\">\u003C/path>\u003C/symbol>\u003Csymbol id=\"iconnetwork_device\" viewBox=\"0 0 1024 1024\">\u003Cpath d=\"M681.984 844.416a50.986667 50.986667 0 0 0 15.317333 36.48 52.309333 52.309333 0 0 0 36.992 15.104h130.730667c13.866667 0 27.178667-5.418667 36.992-15.104a51.2 51.2 0 0 0 15.317333-36.48V179.626667a51.2 51.2 0 0 0-15.317333-36.48A52.650667 52.650667 0 0 0 865.024 128H734.293333c-13.866667 0-27.178667 5.418667-36.992 15.104a51.2 51.2 0 0 0-15.317333 36.48V844.373333z m74.794667-61.866667v-56.746666a10.24 10.24 0 0 1 7.125333-9.813334l3.328-0.512h67.712c4.608 0 8.533333 2.986667 9.898667 7.082667l0.554666 3.242667v56.746666c0 4.565333-2.986667 8.405333-7.210666 9.770667l-3.285334 0.512h-67.669333a10.538667 10.538667 0 0 1-7.424-2.986667 10.24 10.24 0 0 1-3.029333-7.338666z m-362.410667 61.866667c0 13.653333 5.504 26.794667 15.317333 36.48 9.813333 9.685333 23.082667 15.104 36.949334 15.104h130.773333c13.866667 0 27.178667-5.418667 36.992-15.104a51.2 51.2 0 0 0 15.274667-36.48V179.626667a51.2 51.2 0 0 0-15.274667-36.48A52.693333 52.693333 0 0 0 577.365333 128h-130.773333c-13.866667 0-27.178667 5.418667-36.949333 15.104a51.2 51.2 0 0 0-15.36 36.48V844.373333z m74.752-61.866667v-56.746666a10.453333 10.453333 0 0 1 7.168-9.813334l3.285333-0.512h67.669334c4.608 0 8.533333 2.986667 9.941333 7.082667l0.554667 3.242667v56.746666c0 4.565333-2.986667 8.405333-7.168 9.770667l-3.328 0.512H479.573333a10.538667 10.538667 0 0 1-7.424-2.986667 10.24 10.24 0 0 1-3.029333-7.338666zM106.666667 844.373333c0 13.653333 5.504 26.794667 15.317333 36.48 9.813333 9.685333 23.082667 15.104 36.949333 15.104h130.773334c13.866667 0 27.178667-5.418667 36.949333-15.104a51.2 51.2 0 0 0 15.36-36.48V179.626667a51.2 51.2 0 0 0-15.36-36.48A52.650667 52.650667 0 0 0 289.749333 128H158.976c-13.866667 0-27.178667 5.418667-36.992 15.104a51.2 51.2 0 0 0-15.317333 36.48V844.373333z m74.752-61.866666v-56.746667a10.24 10.24 0 0 1 7.125333-9.813333l3.328-0.512h67.669333c4.608 0 8.533333 2.986667 9.941334 7.082666l0.512 3.242667v56.746667c0 4.565333-2.986667 8.405333-7.168 9.770666l-3.285334 0.512H191.914667a10.538667 10.538667 0 0 1-7.424-2.986666 10.24 10.24 0 0 1-3.029334-7.338667z\" fill=\"#4E5969\">\u003C/path>\u003C/symbol>\u003Csymbol id=\"iconnetwork_router\" viewBox=\"0 0 1024 1024\">\u003Cpath d=\"M426.666667 385.621333c0 10.88 4.821333 21.333333 13.397333 29.013334 8.533333 7.68 20.181333 12.032 32.298667 12.032 12.117333 0 23.765333-4.309333 32.341333-12.032 8.533333-7.68 13.397333-18.133333 13.397333-29.013334 0-49.877333 44.970667-90.24 100.565334-90.24 55.594667 0 100.565333 40.362667 100.565333 90.24 0 10.88 4.821333 21.333333 13.397333 29.013334 8.576 7.68 20.224 12.032 32.341334 12.032 12.117333 0 23.722667-4.309333 32.298666-12.032 8.576-7.68 13.397333-18.133333 13.397334-29.013334C810.666667 290.474667 724.736 213.333333 618.666667 213.333333S426.666667 290.474667 426.666667 385.621333z\" fill=\"#4E5969\">\u003C/path>\u003Cpath d=\"M341.930667 384c11.434667 0 22.442667-3.754667 30.549333-10.410667a32.725333 32.725333 0 0 0 12.672-25.173333c0-106.069333 104.490667-192 233.514667-192s233.514667 85.930667 233.514666 192c0 9.472 4.565333 18.517333 12.672 25.173333 8.106667 6.656 19.114667 10.410667 30.549334 10.410667 11.52 0 22.485333-3.754667 30.592-10.410667a32.725333 32.725333 0 0 0 12.672-25.173333C938.666667 203.093333 795.477333 85.333333 618.666667 85.333333 441.898667 85.333333 298.666667 203.093333 298.666667 348.458667c0 9.386667 4.565333 18.474667 12.672 25.130666 8.106667 6.656 19.114667 10.410667 30.592 10.410667z\" fill=\"#4E5969\">\u003C/path>\u003Cpath d=\"M867.584 609.322667h-213.333333v-181.973334c0-11.52-4.693333-22.528-13.056-30.634666a45.056 45.056 0 0 0-62.848 0c-8.32 8.106667-13.013333 19.114667-13.013334 30.634666v181.973334H156.458667c-39.296 0-71.125333 31.061333-71.125334 69.333333v190.72C85.333333 907.605333 117.162667 938.666667 156.458667 938.666667h711.082666c39.296 0 71.125333-31.018667 71.125334-69.333334v-190.677333c0-38.272-31.829333-69.333333-71.082667-69.333333zM214.826667 830.293333a53.546667 53.546667 0 0 1-37.376-14.762666 50.986667 50.986667 0 0 1-15.530667-36.309334 49.92 49.92 0 0 1 15.530667-36.309333 52.48 52.48 0 0 1 37.418666-14.762667c13.781333 0.170667 26.965333 5.589333 36.693334 15.146667 9.642667 9.557333 15.104 22.485333 15.104 35.925333 0 13.44-5.461333 26.368-15.146667 35.925334a53.034667 53.034667 0 0 1-36.693333 15.146666z m153.088 0a53.546667 53.546667 0 0 1-37.418667-14.762666 50.986667 50.986667 0 0 1-15.530667-36.309334 49.962667 49.962667 0 0 1 15.530667-36.309333 52.522667 52.522667 0 0 1 37.418667-14.762667c13.781333 0.170667 26.965333 5.589333 36.693333 15.146667 9.642667 9.557333 15.104 22.485333 15.104 35.925333 0 13.44-5.461333 26.325333-15.146667 35.882667a53.034667 53.034667 0 0 1-36.693333 15.189333z\" fill=\"#4E5969\">\u003C/path>\u003C/symbol>\u003Csymbol id=\"iconupdate\" viewBox=\"0 0 1024 1024\">\u003Cpath d=\"M667.008 750.933333a255.104 255.104 0 0 1-158.293333 52.650667c-7.466667-0.128-14.762667-0.725333-22.101334-1.28-2.986667-0.384-5.973333-0.896-8.96-1.365333a206.549333 206.549333 0 0 1-17.066666-2.816c-3.413333-0.64-6.912-1.706667-10.24-2.56a229.76 229.76 0 0 1-16.384-4.266667c-2.56-1.066667-4.949333-1.92-7.509334-3.029333a195.456 195.456 0 0 1-18.346666-7.168c-1.365333-0.64-2.688-1.152-4.010667-1.706667a456.448 456.448 0 0 1-20.608-10.837333L382.634667 768a272.384 272.384 0 0 1-61.525334-49.792c-0.298667-0.341333-0.554667-0.725333-0.938666-1.024a237.056 237.056 0 0 1-19.242667-23.594667 305.024 305.024 0 0 1-59.178667-181.717333h71.168L199.125333 327.594667 85.333333 511.872h71.04a403.626667 403.626667 0 0 0 63.018667 217.6c0.426667 0.896 0.768 1.877333 1.28 2.688 4.096 6.4 8.704 12.245333 13.056 18.133333 1.706667 2.133333 3.157333 4.394667 4.906667 6.826667a419.072 419.072 0 0 0 22.4 26.368 357.12 357.12 0 0 0 79.957333 64.810667l2.346667 1.365333c8.448 4.906667 17.066667 9.386667 25.813333 13.525333l6.528 3.114667a540.288 540.288 0 0 0 34.048 13.226667c6.826667 2.090667 13.781333 3.968 20.736 5.674666 4.693333 1.194667 9.130667 2.474667 13.952 3.413334 1.92 0.512 3.754667 1.152 5.674667 1.365333 6.698667 1.28 13.269333 1.962667 19.84 2.816 2.432 0.426667 4.778667 0.896 7.168 1.152 11.861333 1.28 23.68 2.048 35.498666 2.048 72.234667 0 142.762667-23.808 203.264-69.632 19.285333-14.592 24.021333-43.392 10.581334-64.085333-13.610667-21.034667-40.149333-26.069333-59.434667-11.349334z m200.448-239.061333c0-80.512-23.125333-155.306667-62.506667-217.002667-0.64-1.066667-0.981333-2.133333-1.493333-3.072-5.077333-7.594667-10.282667-14.677333-15.658667-21.802666a26.88 26.88 0 0 1-1.792-2.602667 359.296 359.296 0 0 0-132.736-107.648c-1.536-0.64-2.816-1.365333-4.309333-2.005333a407.082667 407.082667 0 0 0-25.173333-9.984c-2.901333-1.024-5.973333-2.218667-9.045334-3.2a335.914667 335.914667 0 0 0-22.272-6.272c-4.224-0.981333-8.448-2.133333-12.629333-3.072-2.048-0.426667-3.925333-1.066667-6.144-1.536-5.632-0.981333-11.136-1.536-16.768-2.261334-3.968-0.426667-7.68-1.109333-11.648-1.578666a340.992 340.992 0 0 0-28.245333-1.578667c-1.706667 0-3.413333-0.256-5.12-0.256l-0.853334 0.128c-72.149333 0.085333-142.634667 23.552-203.008 69.333333-19.285333 14.506667-23.978667 43.264-10.410666 64.213334 13.397333 20.736 40.106667 25.856 59.477333 11.178666a254.293333 254.293333 0 0 1 180.650667-51.2c2.432 0.170667 4.693333 0.554667 7.168 0.938667 6.4 0.853333 12.8 1.749333 19.072 3.2 2.730667 0.512 5.546667 1.28 8.106666 1.962667 6.272 1.536 12.330667 3.072 18.346667 5.034666 2.005333 0.597333 3.84 1.322667 5.632 2.133334 6.954667 2.389333 13.738667 4.949333 20.309333 7.978666 0.725333 0.170667 1.365333 0.768 2.048 1.024a274.133333 274.133333 0 0 1 102.4 83.072 305.28 305.28 0 0 1 61.44 184.874667h-71.253333l113.92 184.32L938.666667 511.914667h-71.253334z\" fill=\"#1D2129\">\u003C/path>\u003C/symbol>\u003Csymbol id=\"iconDownload_client-01\" viewBox=\"0 0 1024 1024\">\u003Cpath d=\"M772.565333 859.434667a29.013333 29.013333 0 0 1 0 57.898666H251.434667a28.970667 28.970667 0 0 1 0-57.898666h521.130666zM830.464 106.666667c47.957333 0 86.869333 38.912 86.869333 86.869333V714.666667a86.869333 86.869333 0 0 1-86.869333 86.869333H193.536A86.869333 86.869333 0 0 1 106.666667 714.666667V193.536c0-47.957333 38.912-86.869333 86.869333-86.869333h636.928zM505.429333 256a17.194667 17.194667 0 0 0-12.8 5.632 19.2 19.2 0 0 0-5.248 13.525333l1.28 239.232-82.645333-87.466666-1.706667-1.578667a17.365333 17.365333 0 0 0-23.722666 1.578667l-25.472 26.88-1.493334 1.834666a19.84 19.84 0 0 0 1.493334 25.130667l139.946666 148.053333 2.304 2.261334a34.773333 34.773333 0 0 0 24.746667 8.874666c8.96-0.426667 17.493333-4.394667 23.850667-11.093333l139.946666-148.096 1.493334-1.792a19.84 19.84 0 0 0-1.493334-25.173333l-25.472-26.88-1.664-1.578667a17.322667 17.322667 0 0 0-23.722666 1.578667l-76.373334 80.725333-1.28-232.618667-0.085333-2.176a19.413333 19.413333 0 0 0-5.973333-11.946666 17.450667 17.450667 0 0 0-11.818667-4.778667l-34.133333-0.128z\" fill=\"#000000\">\u003C/path>\u003C/symbol>\u003Csymbol id=\"iconTips\" viewBox=\"0 0 1024 1024\">\u003Cpath d=\"M938.666667 512c0-235.648-191.018667-426.666667-426.666667-426.666667S85.333333 276.352 85.333333 512s191.018667 426.666667 426.666667 426.666667 426.666667-191.018667 426.666667-426.666667z m-372.266667-138.666667a23.68 23.68 0 0 1-23.722667 23.68h-61.610666a23.68 23.68 0 0 1-23.722667-23.68V311.68c0-13.056 10.666667-23.68 23.722667-23.68h61.610666c13.098667 0 23.722667 10.624 23.722667 23.68V373.333333z m0 348.117334a23.68 23.68 0 0 1-23.722667 23.722666h-61.610666a23.68 23.68 0 0 1-23.722667-23.722666v-249.344c0-13.098667 10.666667-23.722667 23.722667-23.722667h61.610666c13.098667 0 23.722667 10.624 23.722667 23.722667v249.344z\" fill=\"#000000\">\u003C/path>\u003C/symbol>\u003Csymbol id=\"iconClear-011\" viewBox=\"0 0 1024 1024\">\u003Cpath d=\"M594.773333 85.333333a41.386667 41.386667 0 0 1 41.386667 41.386667V256h246.954667a42.666667 42.666667 0 0 1 42.666666 42.666667v213.333333c0 5.674667-2.176 11.093333-6.058666 15.104a20.394667 20.394667 0 0 1-14.634667 6.229333h-26.965333l59.904 355.328a43.178667 43.178667 0 0 1-9.088 34.816 41.514667 41.514667 0 0 1-31.658667 15.189334H126.72a41.557333 41.557333 0 0 1-31.658667-15.189334 43.178667 43.178667 0 0 1-9.088-34.816L145.877333 533.333333h-26.965333a20.48 20.48 0 0 1-14.677333-6.229333 21.674667 21.674667 0 0 1-6.016-15.104V298.666667a42.666667 42.666667 0 0 1 42.666666-42.666667H387.84V127.573333c0-23.338667 18.858667-42.24 42.154667-42.24h164.693333zM175.914667 853.333333h170.581333v-170.666666c0-5.674667 2.133333-11.093333 6.058667-15.104a20.352 20.352 0 0 1 14.592-6.229334h41.386666c5.504 0 10.752 2.261333 14.634667 6.229334 3.84 4.010667 6.101333 9.429333 6.101333 15.104v170.666666h186.197334v-170.666666c0-5.674667 2.133333-11.093333 6.016-15.104a20.394667 20.394667 0 0 1 14.634666-6.229334h41.386667c5.504 0 10.752 2.261333 14.634667 6.229334 3.84 4.010667 6.058667 9.429333 6.058666 15.104v170.666666h149.888l-54.016-320H229.888L175.914667 853.333333zM469.333333 170.666667v170.666666H170.666667v106.666667h682.666666V341.333333h-298.666666V170.666667h-85.333334z\" fill=\"#1D2129\">\u003C/path>\u003C/symbol>\u003Csymbol id=\"iconbrowse3\" viewBox=\"0 0 1024 1024\">\u003Cpath d=\"M785.493333 85.333333a38.613333 38.613333 0 0 1 38.698667 38.826667v349.013333h-77.397333V162.944H205.397333v698.197333h232.064V938.666667H166.656A38.613333 38.613333 0 0 1 128 899.84V124.16A38.826667 38.826667 0 0 1 166.656 85.333333H785.493333z m-96.682666 484.864a154.368 154.368 0 0 1 132.010666 74.154667 155.477333 155.477333 0 0 1 5.76 151.594667l63.744 63.957333a19.413333 19.413333 0 0 1 0 27.392l-32.810666 32.938667a19.328 19.328 0 0 1-27.306667 0l-61.738667-61.866667a154.410667 154.410667 0 0 1-194.816-29.482667 155.306667 155.306667 0 0 1-36.693333-132.821333 155.392 155.392 0 0 1 83.157333-109.738667 154.410667 154.410667 0 0 1 68.693334-16.128z m0 77.568c-20.48 0-40.192 8.149333-54.698667 22.698667a77.653333 77.653333 0 0 0 54.698667 132.437333c20.48 0 40.192-8.149333 54.698666-22.698666a77.653333 77.653333 0 0 0-54.698666-132.437334z m-193.365334-174.549333a19.328 19.328 0 0 1 19.328 19.413333v38.784a19.413333 19.413333 0 0 1-19.328 19.370667H302.037333a19.328 19.328 0 0 1-19.328-19.413333v-38.784a19.413333 19.413333 0 0 1 19.328-19.370667h193.408z m154.709334-155.136a19.328 19.328 0 0 1 19.328 19.370667v38.826666a19.413333 19.413333 0 0 1-19.328 19.370667H302.037333a19.328 19.328 0 0 1-19.328-19.413333V337.493333a19.413333 19.413333 0 0 1 19.328-19.370666h348.117334z\" fill=\"#1D2129\">\u003C/path>\u003C/symbol>\u003Csymbol id=\"iconicon_wifi_desktop\" viewBox=\"0 0 1024 1024\">\u003Cpath d=\"M517.973333 915.626667c-7.68 0-22.186667-12.8-48.64-36.693334-26.453333-26.453333-36.693333-41.813333-36.693333-48.64 0-11.946667 11.946667-19.626667 33.28-27.306666 22.186667-7.68 39.253333-11.946667 53.76-11.946667 14.506667 0 33.28 4.266667 53.76 11.946667s33.28 18.773333 33.28 27.306666c0 7.68-12.8 22.186667-36.693333 48.64-27.306667 23.893333-44.373333 36.693333-52.053334 36.693334zM653.653333 759.466667c-1.706667 0-7.68-4.266667-19.626666-12.8-12.8-7.68-31.573333-18.773333-53.76-26.453334S535.893333 708.266667 513.706667 708.266667c-22.186667 0-44.373333 4.266667-66.56 12.8-22.186667 7.68-39.253333 18.773333-53.76 26.453333-12.8 7.68-19.626667 12.8-22.186667 12.8-7.68 0-22.186667-12.8-48.64-39.253333s-39.253333-41.813333-39.253333-48.64c0-4.266667 1.706667-7.68 5.12-12.8 27.306667-27.306667 60.586667-48.64 101.546666-63.146667 40.106667-14.506667 80.213333-22.186667 121.173334-22.186667s80.213333 7.68 122.026666 22.186667c40.96 14.506667 73.386667 36.693333 101.546667 63.146667 4.266667 4.266667 5.12 7.68 5.12 12.8 0 7.68-12.8 22.186667-39.253333 48.64-24.746667 23.893333-41.813333 38.4-46.933334 38.4z\" fill=\"#0567FF\">\u003C/path>\u003Cpath d=\"M800.426667 583.68c-4.266667 0-7.68-1.706667-12.8-4.266667-48.64-36.693333-90.453333-63.146667-131.413334-81.066666-40.96-18.773333-87.04-26.453333-138.24-26.453334-29.013333 0-58.88 4.266667-87.893333 11.946667s-55.466667 17.066667-77.653333 27.306667c-22.186667 11.946667-41.813333 22.186667-58.88 33.28-17.066667 11.946667-29.013333 18.773333-40.96 23.893333-9.386667 7.68-14.506667 11.946667-17.066667 11.946667-5.12 0-22.186667-12.8-48.64-39.253334-26.453333-26.453333-39.253333-41.813333-39.253333-48.64 0-4.266667 1.706667-7.68 5.12-11.946666C199.68 436.053333 256 401.066667 320 374.613333c64.853333-26.453333 131.413333-36.693333 197.12-36.693333s133.12 12.8 197.12 36.693333c64.853333 26.453333 119.466667 60.586667 165.546667 107.52 4.266667 4.266667 5.12 7.68 5.12 11.946667 0 7.68-12.8 22.186667-39.253334 48.64-23.04 25.6-38.4 40.96-45.226666 40.96z\" fill=\"#0567FF\">\u003C/path>\u003Cpath d=\"M936.106667 408.746667c-4.266667 0-7.68-1.706667-11.946667-4.266667-63.146667-53.76-127.146667-95.573333-194.56-123.733333S592.213333 238.933333 512 238.933333s-153.6 12.8-217.6 41.813334c-66.56 27.306667-131.413333 68.266667-194.56 123.733333-4.266667 1.706667-7.68 4.266667-11.946667 4.266667-5.12 0-22.186667-12.8-48.64-39.253334C11.946667 343.04 0 327.68 0 320.853333c0-4.266667 1.706667-7.68 5.12-12.8C70.826667 244.053333 148.48 194.56 238.933333 159.573333s179.2-51.2 273.066667-51.2 185.173333 18.773333 273.066667 53.76 165.546667 85.333333 231.253333 149.333334c4.266667 4.266667 5.12 7.68 5.12 12.8 0 7.68-12.8 22.186667-39.253333 48.64-25.6 22.186667-40.96 35.84-46.08 35.84z\" fill=\"#0567FF\">\u003C/path>\u003C/symbol>\u003Csymbol id=\"icona-iconlan_enabled\" viewBox=\"0 0 1024 1024\">\u003Cpath d=\"M129.706667 318.293333s-0.853333-33.28 32.426666-39.253333h141.653334L332.8 183.466667s10.24-19.626667 33.28-19.626667h290.133333s25.6-2.56 36.693334 23.893333l27.306666 91.306667h138.24s30.72-0.853333 34.986667 37.546667v500.053333s1.706667 40.106667-36.693333 43.52H164.693333s-32.426667 0.853333-34.986666-39.253333V318.293333z m0 0\" fill=\"#0567FF\">\u003C/path>\u003Cpath d=\"M772.266667 422.4c10.24 0 17.92 8.533333 17.92 19.626667v310.613333c-0.853333 8.533333-7.68 15.36-17.92 15.36h-34.986667v-76.8h-69.12v76.8H563.2v-76.8h-69.973333v76.8H388.266667v-76.8h-69.973334v76.8h-72.533333c-7.68-0.853333-13.653333-8.533333-13.653333-19.626667V438.613333c0.853333-8.533333 7.68-15.36 17.92-15.36h522.24z m0 0\" fill=\"#FFFFFF\">\u003C/path>\u003C/symbol>\u003Csymbol id=\"iconicon_right_hover\" viewBox=\"0 0 1024 1024\">\u003Cpath d=\"M60.586667 571.733333h658.773333L470.186667 810.666667h175.786666l311.466667-298.666667-311.466667-298.666667H470.186667l249.173333 238.933334H60.586667v119.466666z\" fill=\"#0892F5\">\u003C/path>\u003C/symbol>\u003Csymbol id=\"iconloyout_fix25\" viewBox=\"0 0 1024 1024\">\u003Cpath d=\"M746.666667 131.413333h-469.333334c-80.213333 0-145.92 64.853333-145.92 145.92v88.746667h58.026667l9.386667-88.746667c0-42.666667 34.986667-77.653333 77.653333-77.653333h469.333333c42.666667 0 77.653333 34.986667 77.653334 77.653333v470.186667c0 42.666667-34.986667 77.653333-77.653334 77.653333h-51.2v68.266667h51.2c80.213333 0 145.92-64.853333 145.92-145.92V277.333333c0.853333-80.213333-63.146667-145.92-145.066666-145.92z\" fill=\"#666666\">\u003C/path>\u003Cpath d=\"M277.333333 892.586667h469.333334c80.213333 0 145.92-64.853333 145.92-145.92V658.773333h-58.026667l-9.386667 88.746667c0 42.666667-34.986667 77.653333-77.653333 77.653333h-469.333333c-42.666667 0-77.653333-34.986667-77.653334-77.653333V277.333333c0-42.666667 34.986667-77.653333 77.653334-77.653333h51.2v-68.266667h-51.2c-80.213333 0-145.92 64.853333-145.92 145.92v470.186667c-0.853333 79.36 63.146667 145.066667 145.066666 145.066667z\" fill=\"#666666\">\u003C/path>\u003Cpath d=\"M243.2 269.653333c0-15.36 11.946667-27.306667 27.306667-27.306666h484.693333c15.36 0 27.306667 11.946667 27.306667 27.306666v484.693334c0 15.36-11.946667 27.306667-27.306667 27.306666H269.653333c-15.36 0-27.306667-11.946667-27.306666-27.306666l0.853333-484.693334z\" fill=\"#666666\">\u003C/path>\u003Cpath d=\"M311.466667 619.52v-45.226667c30.72-11.946667 54.613333-26.453333 70.826666-42.666666 17.066667-16.213333 24.746667-32.426667 24.746667-51.2 0-9.386667-2.56-17.92-6.826667-23.893334-4.266667-5.973333-10.24-8.533333-19.626666-8.533333-8.533333 0-15.36 3.413333-19.626667 8.533333-5.12 5.973333-6.826667 13.653333-6.826667 22.186667 0 5.12 0.853333 9.386667 1.706667 14.506667 1.706667 4.266667 3.413333 8.533333 6.826667 14.506666l-38.4 17.066667c-5.12-5.12-9.386667-11.946667-12.8-20.48-3.413333-8.533333-5.12-17.92-5.12-27.306667 0-16.213333 4.266667-29.866667 11.946666-40.106666 7.68-11.093333 18.773333-19.626667 32.426667-24.746667 13.653333-5.973333 29.013333-8.533333 45.226667-8.533333 17.92 0 32.426667 2.56 45.226666 7.68 12.8 5.973333 23.04 13.653333 30.72 23.893333 6.826667 10.24 11.093333 23.04 11.093334 38.4 0 18.773333-6.826667 35.84-19.626667 51.2-13.653333 16.213333-32.426667 29.013333-59.733333 39.253333h84.48l0.853333 54.613334H311.466667v0.853333zM586.24 624.64c-9.386667 0-18.773333-0.853333-28.16-2.56-9.386667-1.706667-18.773333-3.413333-26.453333-6.826667-7.68-2.56-15.36-5.973333-19.626667-9.386666v-45.226667l4.266667-1.706667c6.826667 4.266667 15.36 7.68 24.746666 11.093334 9.386667 3.413333 21.333333 5.12 34.986667 5.12 10.24 0 19.626667-1.706667 27.306667-5.12 6.826667-3.413333 11.093333-9.386667 11.093333-17.92s-4.266667-14.506667-11.093333-17.92c-6.826667-3.413333-17.066667-5.973333-28.16-5.973334-8.533333 0-18.773333 0.853333-28.16 3.413334-9.386667 2.56-17.92 5.973333-27.306667 8.533333l-4.266667-1.706667 9.386667-131.413333h152.746667v54.613333h-110.933334l-2.56 23.04c9.386667-1.706667 19.626667-2.56 29.866667-2.56 29.866667 0 52.053333 6.826667 69.12 18.773334 17.066667 11.946667 25.6 29.866667 25.6 52.053333s-8.533333 40.106667-26.453333 52.906667c-17.066667 11.946667-42.666667 18.773333-75.946667 18.773333z\" fill=\"#FFFFFF\">\u003C/path>\u003C/symbol>\u003Csymbol id=\"iconloyout_fix36\" viewBox=\"0 0 1024 1024\">\u003Cpath d=\"M746.666667 131.413333h-469.333334c-80.213333 0-145.92 64.853333-145.92 145.92v88.746667h58.026667l9.386667-88.746667c0-42.666667 34.986667-77.653333 77.653333-77.653333h469.333333c42.666667 0 77.653333 34.986667 77.653334 77.653333v470.186667c0 42.666667-34.986667 77.653333-77.653334 77.653333h-51.2v68.266667h51.2c80.213333 0 145.92-64.853333 145.92-145.92V277.333333c0.853333-80.213333-63.146667-145.92-145.066666-145.92z\" fill=\"#666666\">\u003C/path>\u003Cpath d=\"M277.333333 892.586667h469.333334c80.213333 0 145.92-64.853333 145.92-145.92V658.773333h-58.026667l-9.386667 88.746667c0 42.666667-34.986667 77.653333-77.653333 77.653333h-469.333333c-42.666667 0-77.653333-34.986667-77.653334-77.653333V277.333333c0-42.666667 34.986667-77.653333 77.653334-77.653333h51.2v-68.266667h-51.2c-80.213333 0-145.92 64.853333-145.92 145.92v470.186667c-0.853333 79.36 63.146667 145.066667 145.066666 145.066667z\" fill=\"#666666\">\u003C/path>\u003Cpath d=\"M244.906667 271.36c0-14.506667 11.946667-26.453333 26.453333-26.453333h481.28c14.506667 0 26.453333 11.946667 26.453333 26.453333v481.28c0 14.506667-11.946667 26.453333-26.453333 26.453333H271.36c-14.506667 0-26.453333-11.946667-26.453333-26.453333V271.36z\" fill=\"#666666\">\u003C/path>\u003Cpath d=\"M388.266667 623.786667c-9.386667 0-17.92-0.853333-28.16-2.56-9.386667-1.706667-17.92-3.413333-26.453334-5.973334-8.533333-2.56-14.506667-5.973333-19.626666-9.386666v-46.933334l4.266666-1.706666c6.826667 5.12 14.506667 9.386667 24.746667 12.8s21.333333 5.12 34.986667 5.12c11.093333 0 18.773333-1.706667 26.453333-5.12 7.68-3.413333 11.093333-9.386667 11.093333-17.066667 0-8.533333-3.413333-14.506667-11.093333-17.066667-7.68-3.413333-15.36-5.12-25.6-5.12-3.413333 0-7.68 0-12.8 0.853334s-9.386667 0.853333-14.506667 2.56l-4.266666-1.706667v-23.893333l59.733333-44.373334H312.32v-53.76h168.106667V452.266667l-56.32 42.666666c19.626667 2.56 36.693333 9.386667 47.786666 18.773334 11.946667 10.24 17.066667 23.893333 17.066667 41.813333 0 21.333333-8.533333 38.4-25.6 51.2-17.066667 11.093333-41.813333 17.066667-75.093333 17.066667zM614.4 623.786667c-21.333333 0-40.106667-4.266667-55.466667-13.653334-15.36-9.386667-27.306667-21.333333-35.84-37.546666-8.533333-16.213333-12.8-35.84-12.8-58.026667 0-23.893333 5.12-44.373333 14.506667-60.586667 10.24-16.213333 23.04-29.013333 39.253333-37.546666 16.213333-8.533333 34.986667-12.8 54.613334-12.8 15.36 0 29.013333 2.56 41.813333 7.68 12.8 5.12 21.333333 11.946667 28.16 20.48 6.826667 9.386667 10.24 19.626667 10.24 33.28v7.68c0 2.56-0.853333 4.266667-0.853333 6.826666l-47.786667-1.706666v-5.973334c0-8.533333-2.56-14.506667-7.68-17.92-5.12-4.266667-11.946667-5.973333-18.773333-5.973333-11.946667 0-21.333333 4.266667-29.866667 13.653333-7.68 9.386667-11.946667 23.04-11.946667 42.666667v5.973333c5.973333-6.826667 13.653333-12.8 22.186667-15.36 9.386667-3.413333 18.773333-5.12 29.013333-5.12 14.506667 0 25.6 2.56 36.693334 8.533334 10.24 5.973333 17.92 13.653333 23.893333 23.04 5.973333 10.24 8.533333 21.333333 8.533333 35.84 0 14.506667-4.266667 26.453333-11.946666 36.693333-7.68 11.093333-17.92 17.92-31.573334 23.893333-11.946667 3.413333-27.306667 5.973333-44.373333 5.973334z m-1.706667-43.52c7.68 0 13.653333-2.56 17.92-7.68 5.12-5.12 7.68-11.946667 7.68-18.773334 0-8.533333-2.56-14.506667-7.68-18.773333-5.12-5.12-11.093333-7.68-17.92-7.68-7.68 0-13.653333 2.56-17.92 7.68-5.12 5.12-7.68 11.093333-7.68 18.773333 0 8.533333 2.56 14.506667 7.68 18.773334 4.266667 5.12 10.24 7.68 17.92 7.68z\" fill=\"#FFFFFF\">\u003C/path>\u003C/symbol>\u003Csymbol id=\"iconloyout_fix13\" viewBox=\"0 0 1024 1024\">\u003Cpath d=\"M746.666667 131.413333h-469.333334c-80.213333 0-145.92 64.853333-145.92 145.92v88.746667h58.026667l9.386667-88.746667c0-42.666667 34.986667-77.653333 77.653333-77.653333h469.333333c42.666667 0 77.653333 34.986667 77.653334 77.653333v470.186667c0 42.666667-34.986667 77.653333-77.653334 77.653333h-51.2v68.266667h51.2c80.213333 0 145.92-64.853333 145.92-145.92V277.333333c0.853333-80.213333-63.146667-145.92-145.066666-145.92z\" fill=\"#666666\">\u003C/path>\u003Cpath d=\"M277.333333 892.586667h469.333334c80.213333 0 145.92-64.853333 145.92-145.92V658.773333h-58.026667l-9.386667 88.746667c0 42.666667-34.986667 77.653333-77.653333 77.653333h-469.333333c-42.666667 0-77.653333-34.986667-77.653334-77.653333V277.333333c0-42.666667 34.986667-77.653333 77.653334-77.653333h51.2v-68.266667h-51.2c-80.213333 0-145.92 64.853333-145.92 145.92v470.186667c-0.853333 79.36 63.146667 145.066667 145.066666 145.066667z\" fill=\"#666666\">\u003C/path>\u003Cpath d=\"M243.2 269.653333c0-14.506667 11.946667-26.453333 26.453333-26.453333h483.84c14.506667 0 26.453333 11.946667 26.453334 26.453333v483.84c0 14.506667-11.946667 26.453333-26.453334 26.453334H269.653333c-14.506667 0-26.453333-11.946667-26.453333-26.453334V269.653333z\" fill=\"#666666\">\u003C/path>\u003Cpath d=\"M339.626667 619.52v-51.2h29.866666V476.16h-33.28v-46.08l108.373334-26.453333v166.4h23.893333v51.2H339.626667v-1.706667zM566.613333 623.786667c-8.533333 0-18.773333-0.853333-28.16-2.56-9.386667-1.706667-18.773333-3.413333-26.453333-6.826667-7.68-2.56-15.36-5.973333-20.48-9.386667v-47.786666l4.266667-1.706667c6.826667 5.12 15.36 8.533333 24.746666 12.8 9.386667 3.413333 22.186667 5.12 35.84 5.12 10.24 0 19.626667-1.706667 26.453334-5.12 7.68-3.413333 11.093333-9.386667 11.093333-17.92 0-7.68-4.266667-14.506667-11.093333-17.92-7.68-3.413333-16.213333-5.12-25.6-5.12-4.266667 0-7.68 0-12.8 0.853333s-9.386667 0.853333-13.653334 2.56l-4.266666-1.706666v-23.893334l59.733333-45.226666H491.52v-53.76h168.96v43.52l-57.173333 42.666666c20.48 2.56 36.693333 8.533333 48.64 19.626667 11.946667 10.24 17.92 23.893333 17.92 40.96 0 22.186667-8.533333 38.4-25.6 52.053333-18.773333 12.8-44.373333 18.773333-77.653334 18.773334z\" fill=\"#FFFFFF\">\u003C/path>\u003C/symbol>\u003Csymbol id=\"iconloyout_fix9\" viewBox=\"0 0 1024 1024\">\u003Cpath d=\"M746.666667 131.413333h-469.333334c-80.213333 0-145.92 64.853333-145.92 145.92v88.746667h58.026667l9.386667-88.746667c0-42.666667 34.986667-77.653333 77.653333-77.653333h469.333333c42.666667 0 77.653333 34.986667 77.653334 77.653333v470.186667c0 42.666667-34.986667 77.653333-77.653334 77.653333h-51.2v68.266667h51.2c80.213333 0 145.92-64.853333 145.92-145.92V277.333333c0.853333-80.213333-63.146667-145.92-145.066666-145.92z\" fill=\"#666666\">\u003C/path>\u003Cpath d=\"M277.333333 892.586667h469.333334c80.213333 0 145.92-64.853333 145.92-145.92V658.773333h-58.026667l-9.386667 88.746667c0 42.666667-34.986667 77.653333-77.653333 77.653333h-469.333333c-42.666667 0-77.653333-34.986667-77.653334-77.653333V277.333333c0-42.666667 34.986667-77.653333 77.653334-77.653333h51.2v-68.266667h-51.2c-80.213333 0-145.92 64.853333-145.92 145.92v470.186667c-0.853333 79.36 63.146667 145.066667 145.066666 145.066667z\" fill=\"#666666\">\u003C/path>\u003Cpath d=\"M269.653333 243.2h322.56c14.506667 0 26.453333 11.946667 26.453334 26.453333v323.413334c0 14.506667-11.946667 26.453333-26.453334 26.453333H269.653333c-14.506667 0-26.453333-11.946667-26.453333-26.453333V270.506667c-0.853333-15.36 11.093333-27.306667 26.453333-27.306667zM700.586667 243.2h53.76c14.506667 0 26.453333 11.946667 26.453333 26.453333v53.76c0 14.506667-11.946667 26.453333-26.453333 26.453334h-53.76c-14.506667 0-26.453333-11.946667-26.453334-26.453334v-53.76c-0.853333-14.506667 11.946667-26.453333 26.453334-26.453333zM700.586667 378.026667h53.76c14.506667 0 26.453333 11.946667 26.453333 26.453333v53.76c0 14.506667-11.946667 26.453333-26.453333 26.453333h-53.76c-14.506667 0-26.453333-11.946667-26.453334-26.453333v-53.76c-0.853333-14.506667 11.946667-26.453333 26.453334-26.453333zM700.586667 512h53.76c14.506667 0 26.453333 11.946667 26.453333 26.453333v53.76c0 14.506667-11.946667 26.453333-26.453333 26.453334h-53.76c-14.506667 0-26.453333-11.946667-26.453334-26.453334v-53.76c-0.853333-13.653333 11.946667-26.453333 26.453334-26.453333zM700.586667 674.133333h53.76c14.506667 0 26.453333 11.946667 26.453333 26.453334v53.76c0 14.506667-11.946667 26.453333-26.453333 26.453333h-53.76c-14.506667 0-26.453333-11.946667-26.453334-26.453333v-53.76c-0.853333-14.506667 11.946667-26.453333 26.453334-26.453334zM538.453333 674.133333h53.76c14.506667 0 26.453333 11.946667 26.453334 26.453334v53.76c0 14.506667-11.946667 26.453333-26.453334 26.453333h-53.76c-14.506667 0-26.453333-11.946667-26.453333-26.453333v-53.76c0-14.506667 11.946667-26.453333 26.453333-26.453334zM404.48 674.133333h53.76c14.506667 0 26.453333 11.946667 26.453333 26.453334v53.76c0 14.506667-11.946667 26.453333-26.453333 26.453333h-53.76c-14.506667 0-26.453333-11.946667-26.453333-26.453333v-53.76c0-14.506667 11.946667-26.453333 26.453333-26.453334zM269.653333 674.133333h53.76c14.506667 0 26.453333 11.946667 26.453334 26.453334v53.76c0 14.506667-11.946667 26.453333-26.453334 26.453333h-53.76c-14.506667 0-26.453333-11.946667-26.453333-26.453333v-53.76c-0.853333-14.506667 11.093333-26.453333 26.453333-26.453334z\" fill=\"#666666\">\u003C/path>\u003C/symbol>\u003Csymbol id=\"iconloyout_fix16\" viewBox=\"0 0 1024 1024\">\u003Cpath d=\"M746.666667 131.413333h-469.333334c-80.213333 0-145.92 64.853333-145.92 145.92v88.746667h58.026667l9.386667-88.746667c0-42.666667 34.986667-77.653333 77.653333-77.653333h469.333333c42.666667 0 77.653333 34.986667 77.653334 77.653333v470.186667c0 42.666667-34.986667 77.653333-77.653334 77.653333h-51.2v68.266667h51.2c80.213333 0 145.92-64.853333 145.92-145.92V277.333333c0.853333-80.213333-63.146667-145.92-145.066666-145.92z\" fill=\"#666666\">\u003C/path>\u003Cpath d=\"M277.333333 892.586667h469.333334c80.213333 0 145.92-64.853333 145.92-145.92V658.773333h-58.026667l-9.386667 88.746667c0 42.666667-34.986667 77.653333-77.653333 77.653333h-469.333333c-42.666667 0-77.653333-34.986667-77.653334-77.653333V277.333333c0-42.666667 34.986667-77.653333 77.653334-77.653333h51.2v-68.266667h-51.2c-80.213333 0-145.92 64.853333-145.92 145.92v470.186667c-0.853333 79.36 63.146667 145.066667 145.066666 145.066667z\" fill=\"#666666\">\u003C/path>\u003Cpath d=\"M244.906667 271.36c0-14.506667 11.946667-26.453333 26.453333-26.453333h482.133333c14.506667 0 26.453333 11.946667 26.453334 26.453333v482.133333c0 14.506667-11.946667 26.453333-26.453334 26.453334H271.36c-14.506667 0-26.453333-11.946667-26.453333-26.453334V271.36z\" fill=\"#666666\">\u003C/path>\u003Cpath d=\"M340.48 618.666667v-50.346667h29.866667V476.16h-33.28v-45.226667l107.52-26.453333v164.693333H469.333333v50.346667l-128.853333-0.853333zM592.213333 622.933333c-21.333333 0-40.96-4.266667-55.466666-13.653333-15.36-9.386667-27.306667-21.333333-35.84-37.546667-8.533333-16.213333-12.8-35.84-12.8-58.026666 0-23.893333 5.12-44.373333 14.506666-60.586667 10.24-16.213333 23.04-29.013333 40.106667-37.546667 16.213333-8.533333 34.986667-12.8 54.613333-12.8 15.36 0 29.013333 2.56 41.813334 7.68 12.8 5.12 21.333333 11.946667 28.16 20.48 6.826667 9.386667 10.24 19.626667 10.24 33.28v7.68c0 2.56-0.853333 4.266667-0.853334 6.826667l-47.786666-0.853333v-5.973334c0-8.533333-2.56-14.506667-7.68-17.92-5.12-4.266667-11.946667-5.973333-18.773334-5.973333-11.946667 0-21.333333 4.266667-29.866666 13.653333-7.68 9.386667-11.946667 23.04-11.946667 41.813334v5.973333c5.973333-6.826667 13.653333-12.8 22.186667-15.36 9.386667-3.413333 18.773333-5.12 29.013333-5.12 13.653333 0 25.6 2.56 36.693333 8.533333 10.24 5.973333 17.92 13.653333 23.893334 23.04 5.973333 10.24 8.533333 21.333333 8.533333 35.84s-4.266667 26.453333-11.946667 36.693334c-7.68 11.093333-17.92 17.92-31.573333 23.893333-12.8 3.413333-28.16 5.973333-45.226667 5.973333z m-2.56-42.666666c7.68 0 13.653333-2.56 17.92-7.68s7.68-11.946667 7.68-18.773334c0-8.533333-2.56-13.653333-7.68-18.773333s-11.093333-7.68-17.92-7.68c-7.68 0-13.653333 2.56-17.92 7.68-5.12 5.12-7.68 11.946667-7.68 18.773333 0 8.533333 2.56 13.653333 7.68 18.773334s10.24 7.68 17.92 7.68z\" fill=\"#FFFFFF\">\u003C/path>\u003C/symbol>\u003Csymbol id=\"iconloyout_fix_9\" viewBox=\"0 0 1024 1024\">\u003Cpath d=\"M745.813333 133.12H279.04c-79.36 0-145.066667 64.853333-145.066667 145.066667v87.893333h58.026667l9.386667-87.893333c0-42.666667 34.986667-77.653333 77.653333-77.653334h465.92c42.666667 0 77.653333 34.986667 77.653333 77.653334v466.773333c0 42.666667-34.986667 77.653333-77.653333 77.653333h-51.2v67.413334h51.2c79.36 0 145.066667-64.853333 145.066667-145.066667V278.186667c0.853333-79.36-63.146667-145.066667-144.213334-145.066667z\" fill=\"#666666\">\u003C/path>\u003Cpath d=\"M278.186667 890.88h465.92c79.36 0 145.066667-64.853333 145.066666-145.066667V657.92h-58.026666l-9.386667 87.893333c0 42.666667-34.986667 77.653333-77.653333 77.653334H278.186667c-42.666667 0-77.653333-34.986667-77.653334-77.653334V278.186667c0-42.666667 34.986667-77.653333 77.653334-77.653334h51.2v-67.413333h-51.2c-79.36 0-145.066667 64.853333-145.066667 145.066667v466.773333c0 80.213333 64 145.92 145.066667 145.92zM640.853333 244.053333h106.666667c14.506667 0 26.453333 11.946667 26.453333 26.453334v106.666666c0 14.506667-11.946667 26.453333-26.453333 26.453334H640.853333c-14.506667 0-26.453333-11.946667-26.453333-26.453334V270.506667c0.853333-14.506667 12.8-26.453333 26.453333-26.453334z\" fill=\"#666666\">\u003C/path>\u003Cpath d=\"M455.68 244.053333h106.666667c14.506667 0 26.453333 11.946667 26.453333 26.453334v106.666666c0 14.506667-11.946667 26.453333-26.453333 26.453334H455.68c-14.506667 0-26.453333-11.946667-26.453333-26.453334V270.506667c0-14.506667 11.946667-26.453333 26.453333-26.453334zM270.506667 244.053333h106.666666c14.506667 0 26.453333 11.946667 26.453334 26.453334v106.666666c0 14.506667-11.946667 26.453333-26.453334 26.453334H270.506667c-14.506667 0-26.453333-11.946667-26.453334-26.453334V270.506667c-0.853333-14.506667 11.093333-26.453333 26.453334-26.453334zM640.853333 430.08h106.666667c14.506667 0 26.453333 11.946667 26.453333 26.453333V563.2c0 14.506667-11.946667 26.453333-26.453333 26.453333H640.853333c-14.506667 0-26.453333-11.946667-26.453333-26.453333V456.533333c0.853333-14.506667 12.8-26.453333 26.453333-26.453333zM455.68 430.08h106.666667c14.506667 0 26.453333 11.946667 26.453333 26.453333V563.2c0 14.506667-11.946667 26.453333-26.453333 26.453333H455.68c-14.506667 0-26.453333-11.946667-26.453333-26.453333V456.533333c0-14.506667 11.946667-26.453333 26.453333-26.453333zM270.506667 430.08h106.666666c14.506667 0 26.453333 11.946667 26.453334 26.453333V563.2c0 14.506667-11.946667 26.453333-26.453334 26.453333H270.506667c-14.506667 0-26.453333-11.946667-26.453334-26.453333V456.533333c-0.853333-14.506667 11.093333-26.453333 26.453334-26.453333zM640.853333 616.106667h106.666667c14.506667 0 26.453333 11.946667 26.453333 26.453333v106.666667c0 14.506667-11.946667 26.453333-26.453333 26.453333H640.853333c-14.506667 0-26.453333-11.946667-26.453333-26.453333V641.706667c0.853333-13.653333 12.8-25.6 26.453333-25.6zM455.68 616.106667h106.666667c14.506667 0 26.453333 11.946667 26.453333 26.453333v106.666667c0 14.506667-11.946667 26.453333-26.453333 26.453333H455.68c-14.506667 0-26.453333-11.946667-26.453333-26.453333V641.706667c0-13.653333 11.946667-25.6 26.453333-25.6zM270.506667 616.106667h106.666666c14.506667 0 26.453333 11.946667 26.453334 26.453333v106.666667c0 14.506667-11.946667 26.453333-26.453334 26.453333H270.506667c-14.506667 0-26.453333-11.946667-26.453334-26.453333V641.706667c-0.853333-13.653333 11.093333-25.6 26.453334-25.6z\" fill=\"#666666\">\u003C/path>\u003C/symbol>\u003Csymbol id=\"iconloyout_fix6\" viewBox=\"0 0 1024 1024\">\u003Cpath d=\"M746.666667 131.413333h-469.333334c-80.213333 0-145.92 64.853333-145.92 145.92v88.746667h58.026667l9.386667-88.746667c0-42.666667 34.986667-77.653333 77.653333-77.653333h469.333333c42.666667 0 77.653333 34.986667 77.653334 77.653333v470.186667c0 42.666667-34.986667 77.653333-77.653334 77.653333h-51.2v68.266667h51.2c80.213333 0 145.92-64.853333 145.92-145.92V277.333333c0.853333-80.213333-63.146667-145.92-145.066666-145.92z\" fill=\"#666666\">\u003C/path>\u003Cpath d=\"M277.333333 892.586667h469.333334c80.213333 0 145.92-64.853333 145.92-145.92V658.773333h-58.026667l-9.386667 88.746667c0 42.666667-34.986667 77.653333-77.653333 77.653333h-469.333333c-42.666667 0-77.653333-34.986667-77.653334-77.653333V277.333333c0-42.666667 34.986667-77.653333 77.653334-77.653333h51.2v-68.266667h-51.2c-80.213333 0-145.92 64.853333-145.92 145.92v470.186667c-0.853333 79.36 63.146667 145.066667 145.066666 145.066667z\" fill=\"#666666\">\u003C/path>\u003Cpath d=\"M270.506667 243.2h107.52c15.36 0 27.306667 11.946667 27.306666 27.306667v187.733333c0 15.36-11.946667 27.306667-27.306666 27.306667H270.506667c-15.36 0-27.306667-11.946667-27.306667-27.306667V269.653333c0.853333-14.506667 12.8-26.453333 27.306667-26.453333zM458.24 243.2h107.52c15.36 0 27.306667 11.946667 27.306667 27.306667v187.733333c0 15.36-11.946667 27.306667-27.306667 27.306667H458.24c-15.36 0-27.306667-11.946667-27.306667-27.306667V269.653333c0.853333-14.506667 12.8-26.453333 27.306667-26.453333zM646.826667 243.2h107.52c15.36 0 27.306667 11.946667 27.306666 27.306667v187.733333c0 15.36-11.946667 27.306667-27.306666 27.306667H646.826667c-15.36 0-27.306667-11.946667-27.306667-27.306667V269.653333c0-14.506667 12.8-26.453333 27.306667-26.453333zM270.506667 538.453333h107.52c15.36 0 27.306667 11.946667 27.306666 27.306667v187.733333c0 15.36-11.946667 27.306667-27.306666 27.306667H270.506667c-15.36 0-27.306667-11.946667-27.306667-27.306667v-187.733333c0.853333-15.36 12.8-27.306667 27.306667-27.306667zM458.24 538.453333h107.52c15.36 0 27.306667 11.946667 27.306667 27.306667v187.733333c0 15.36-11.946667 27.306667-27.306667 27.306667H458.24c-15.36 0-27.306667-11.946667-27.306667-27.306667v-187.733333c0.853333-15.36 12.8-27.306667 27.306667-27.306667zM646.826667 538.453333h107.52c15.36 0 27.306667 11.946667 27.306666 27.306667v187.733333c0 15.36-11.946667 27.306667-27.306666 27.306667H646.826667c-15.36 0-27.306667-11.946667-27.306667-27.306667v-187.733333c0-15.36 12.8-27.306667 27.306667-27.306667z\" fill=\"#666666\">\u003C/path>\u003C/symbol>\u003Csymbol id=\"iconloyout_fix2\" viewBox=\"0 0 1024 1024\">\u003Cpath d=\"M746.666667 131.413333h-469.333334c-80.213333 0-145.92 64.853333-145.92 145.92v88.746667h58.026667l9.386667-88.746667c0-42.666667 34.986667-77.653333 77.653333-77.653333h469.333333c42.666667 0 77.653333 34.986667 77.653334 77.653333v470.186667c0 42.666667-34.986667 77.653333-77.653334 77.653333h-51.2v68.266667h51.2c80.213333 0 145.92-64.853333 145.92-145.92V277.333333c0.853333-80.213333-63.146667-145.92-145.066666-145.92z\" fill=\"#666666\">\u003C/path>\u003Cpath d=\"M277.333333 892.586667h469.333334c80.213333 0 145.92-64.853333 145.92-145.92V658.773333h-58.026667l-9.386667 88.746667c0 42.666667-34.986667 77.653333-77.653333 77.653333h-469.333333c-42.666667 0-77.653333-34.986667-77.653334-77.653333V277.333333c0-42.666667 34.986667-77.653333 77.653334-77.653333h51.2v-68.266667h-51.2c-80.213333 0-145.92 64.853333-145.92 145.92v470.186667c-0.853333 79.36 63.146667 145.066667 145.066666 145.066667z\" fill=\"#666666\">\u003C/path>\u003Cpath d=\"M269.653333 242.346667h484.693334c15.36 0 27.306667 11.946667 27.306666 27.306666v188.586667c0 15.36-11.946667 27.306667-27.306666 27.306667H269.653333c-15.36 0-27.306667-11.946667-27.306666-27.306667V268.8c0.853333-14.506667 12.8-26.453333 27.306666-26.453333zM269.653333 538.453333h484.693334c15.36 0 27.306667 11.946667 27.306666 27.306667v188.586667c0 15.36-11.946667 27.306667-27.306666 27.306666H269.653333c-15.36 0-27.306667-11.946667-27.306666-27.306666V565.76c0.853333-15.36 12.8-27.306667 27.306666-27.306667z\" fill=\"#666666\">\u003C/path>\u003C/symbol>\u003Csymbol id=\"iconloyout_fix4\" viewBox=\"0 0 1024 1024\">\u003Cpath d=\"M746.666667 131.413333h-469.333334c-80.213333 0-145.92 64.853333-145.92 145.92v88.746667h58.026667l9.386667-88.746667c0-42.666667 34.986667-77.653333 77.653333-77.653333h469.333333c42.666667 0 77.653333 34.986667 77.653334 77.653333v470.186667c0 42.666667-34.986667 77.653333-77.653334 77.653333h-51.2v68.266667h51.2c80.213333 0 145.92-64.853333 145.92-145.92V277.333333c0.853333-80.213333-63.146667-145.92-145.066666-145.92z\" fill=\"#666666\">\u003C/path>\u003Cpath d=\"M277.333333 892.586667h469.333334c80.213333 0 145.92-64.853333 145.92-145.92V658.773333h-58.026667l-9.386667 88.746667c0 42.666667-34.986667 77.653333-77.653333 77.653333h-469.333333c-42.666667 0-77.653333-34.986667-77.653334-77.653333V277.333333c0-42.666667 34.986667-77.653333 77.653334-77.653333h51.2v-68.266667h-51.2c-80.213333 0-145.92 64.853333-145.92 145.92v470.186667c-0.853333 79.36 63.146667 145.066667 145.066666 145.066667z\" fill=\"#666666\">\u003C/path>\u003Cpath d=\"M269.653333 242.346667h188.586667c14.506667 0 26.453333 11.946667 26.453333 26.453333v188.586667c0 14.506667-11.946667 26.453333-26.453333 26.453333H269.653333c-14.506667 0-26.453333-11.946667-26.453333-26.453333v-187.733334c-1.706667-14.506667 11.093333-27.306667 26.453333-27.306666zM565.76 242.346667h188.586667c14.506667 0 26.453333 11.946667 26.453333 26.453333v188.586667c0 14.506667-11.946667 26.453333-26.453333 26.453333H565.76c-14.506667 0-26.453333-11.946667-26.453333-26.453333v-187.733334c-0.853333-14.506667 11.093333-27.306667 26.453333-27.306666zM269.653333 539.306667h188.586667c14.506667 0 26.453333 11.946667 26.453333 26.453333v188.586667c0 14.506667-11.946667 26.453333-26.453333 26.453333H269.653333c-14.506667 0-26.453333-11.946667-26.453333-26.453333v-187.733334c-1.706667-15.36 11.093333-27.306667 26.453333-27.306666zM565.76 539.306667h188.586667c14.506667 0 26.453333 11.946667 26.453333 26.453333v188.586667c0 14.506667-11.946667 26.453333-26.453333 26.453333H565.76c-14.506667 0-26.453333-11.946667-26.453333-26.453333v-187.733334c-0.853333-15.36 11.093333-27.306667 26.453333-27.306666z\" fill=\"#666666\">\u003C/path>\u003C/symbol>\u003Csymbol id=\"iconloyout_fix1\" viewBox=\"0 0 1024 1024\">\u003Cpath d=\"M746.666667 131.413333h-469.333334c-80.213333 0-145.92 64.853333-145.92 145.92v88.746667h58.026667l9.386667-88.746667c0-42.666667 34.986667-77.653333 77.653333-77.653333h469.333333c42.666667 0 77.653333 34.986667 77.653334 77.653333v470.186667c0 42.666667-34.986667 77.653333-77.653334 77.653333h-51.2v68.266667h51.2c80.213333 0 145.92-64.853333 145.92-145.92V277.333333c0.853333-80.213333-63.146667-145.92-145.066666-145.92z\" fill=\"#666666\">\u003C/path>\u003Cpath d=\"M277.333333 892.586667h469.333334c80.213333 0 145.92-64.853333 145.92-145.92V658.773333h-58.026667l-9.386667 88.746667c0 42.666667-34.986667 77.653333-77.653333 77.653333h-469.333333c-42.666667 0-77.653333-34.986667-77.653334-77.653333V277.333333c0-42.666667 34.986667-77.653333 77.653334-77.653333h51.2v-68.266667h-51.2c-80.213333 0-145.92 64.853333-145.92 145.92v470.186667c-0.853333 79.36 63.146667 145.066667 145.066666 145.066667z\" fill=\"#666666\">\u003C/path>\u003Cpath d=\"M713.386667 781.653333H310.613333c-37.546667 0-68.266667-30.72-68.266666-68.266666V310.613333c0-37.546667 30.72-68.266667 68.266666-68.266666h402.773334c37.546667 0 68.266667 30.72 68.266666 68.266666v402.773334c0 37.546667-30.72 68.266667-68.266666 68.266666z\" fill=\"#666666\">\u003C/path>\u003C/symbol>\u003Csymbol id=\"iconloyout_customize\" viewBox=\"0 0 1024 1024\">\u003Cpath d=\"M389.973333 893.44h472.746667c7.68 0 16.213333-3.413333 21.333333-8.533333s8.533333-13.653333 8.533334-21.333334V348.16h-503.466667v545.28z m472.746667-762.88H389.973333v156.16h503.466667V161.28c0-7.68-3.413333-16.213333-8.533333-21.333333-5.973333-5.973333-13.653333-9.386667-22.186667-9.386667z m-732.16 30.72v702.293333c0 17.066667 13.653333 30.72 30.72 30.72h168.106667V130.56H161.28c-7.68 0-16.213333 3.413333-21.333333 8.533333-5.973333 5.973333-9.386667 13.653333-9.386667 22.186667z\" fill=\"#666666\">\u003C/path>\u003C/symbol>\u003Csymbol id=\"iconlog_layout_expansion\" viewBox=\"0 0 1024 1024\">\u003Cpath d=\"M302.08 793.6H384v102.4H128V640h102.4v81.92l153.6-153.6 71.68 71.68-153.6 153.6zM716.8 793.6L563.2 640l71.68-71.68L793.6 727.04V640h102.4v256H640V793.6h76.8zM302.08 230.4l153.6 153.6-71.68 71.68-153.6-153.6V384H128V128h256v102.4h-81.92zM716.8 230.4h-76.8V128h256v256H793.6V296.96L634.88 455.68 563.2 384l153.6-153.6z\" fill=\"#444444\">\u003C/path>\u003C/symbol>\u003Csymbol id=\"iconlog_layout_collapse\" viewBox=\"0 0 1024 1024\">\u003Cpath d=\"M273.92 665.6h-81.92V574.293333h244.906667v230.4H341.333333v-76.8l-144.213333 144.213334-67.413333-62.293334L273.92 665.6z m476.16 0l144.213333 144.213333-67.413333 67.413334L682.666667 733.013333v76.8H586.24v-230.4h244.906667v91.306667h-81.92V665.6zM273.92 338.773333L149.333333 214.186667l62.293334-67.413334L341.333333 276.48v-76.8h96.426667v230.4H192V338.773333h81.92z m485.546667 0h72.533333v91.306667H586.24v-230.4H682.666667V281.6l134.826666-134.826667 67.413334 67.413334L759.466667 338.773333z\" fill=\"#444444\">\u003C/path>\u003C/symbol>\u003Csymbol id=\"iconicon_left_default\" viewBox=\"0 0 1024 1024\">\u003Cpath d=\"M959.146667 571.733333h-657.066667l248.32 238.933334H375.466667L64.853333 512 375.466667 214.186667h175.786666L302.08 452.266667h657.066667v119.466666z\" fill=\"#BABABA\">\u003C/path>\u003C/symbol>\u003Csymbol id=\"iconbrowse2\" viewBox=\"0 0 1024 1024\">\u003Cpath d=\"M785.493333 85.333333a38.613333 38.613333 0 0 1 38.698667 38.826667v349.013333h-77.397333V162.944H205.397333v698.197333h232.064V938.666667H166.656A38.613333 38.613333 0 0 1 128 899.84V124.16A38.826667 38.826667 0 0 1 166.656 85.333333H785.493333z m-96.682666 484.864a154.368 154.368 0 0 1 132.010666 74.154667 155.477333 155.477333 0 0 1 5.76 151.594667l63.744 63.957333a19.413333 19.413333 0 0 1 0 27.392l-32.810666 32.938667a19.328 19.328 0 0 1-27.306667 0l-61.738667-61.866667a154.410667 154.410667 0 0 1-194.816-29.482667 155.306667 155.306667 0 0 1-36.693333-132.821333 155.392 155.392 0 0 1 83.157333-109.738667 154.410667 154.410667 0 0 1 68.693334-16.128z m0 77.568c-20.48 0-40.192 8.149333-54.698667 22.698667a77.653333 77.653333 0 0 0 54.698667 132.437333c20.48 0 40.192-8.149333 54.698666-22.698666a77.653333 77.653333 0 0 0-54.698666-132.437334z m-193.365334-174.549333a19.328 19.328 0 0 1 19.328 19.413333v38.784a19.413333 19.413333 0 0 1-19.328 19.370667H302.037333a19.328 19.328 0 0 1-19.328-19.413333v-38.784a19.413333 19.413333 0 0 1 19.328-19.370667h193.408z m154.709334-155.136a19.328 19.328 0 0 1 19.328 19.370667v38.826666a19.413333 19.413333 0 0 1-19.328 19.370667H302.037333a19.328 19.328 0 0 1-19.328-19.413333V337.493333a19.413333 19.413333 0 0 1 19.328-19.370666h348.117334z\" fill=\"#1D2129\">\u003C/path>\u003C/symbol>\u003Csymbol id=\"iconbrowse1\" viewBox=\"0 0 1024 1024\">\u003Cpath d=\"M785.493333 85.333333a38.613333 38.613333 0 0 1 38.698667 38.826667v349.013333h-77.397333V162.944H205.397333v698.197333h232.064V938.666667H166.656A38.613333 38.613333 0 0 1 128 899.84V124.16A38.826667 38.826667 0 0 1 166.656 85.333333H785.493333z m-96.682666 484.864a154.368 154.368 0 0 1 132.010666 74.154667 155.477333 155.477333 0 0 1 5.76 151.594667l63.744 63.957333a19.413333 19.413333 0 0 1 0 27.392l-32.810666 32.938667a19.328 19.328 0 0 1-27.306667 0l-61.738667-61.866667a154.410667 154.410667 0 0 1-194.816-29.482667 155.306667 155.306667 0 0 1-36.693333-132.821333 155.392 155.392 0 0 1 83.157333-109.738667 154.410667 154.410667 0 0 1 68.693334-16.128z m0 77.568c-20.48 0-40.192 8.149333-54.698667 22.698667a77.653333 77.653333 0 0 0 54.698667 132.437333c20.48 0 40.192-8.149333 54.698666-22.698666a77.653333 77.653333 0 0 0-54.698666-132.437334z m-193.365334-174.549333a19.328 19.328 0 0 1 19.328 19.413333v38.784a19.413333 19.413333 0 0 1-19.328 19.370667H302.037333a19.328 19.328 0 0 1-19.328-19.413333v-38.784a19.413333 19.413333 0 0 1 19.328-19.370667h193.408z m154.709334-155.136a19.328 19.328 0 0 1 19.328 19.370667v38.826666a19.413333 19.413333 0 0 1-19.328 19.370667H302.037333a19.328 19.328 0 0 1-19.328-19.413333V337.493333a19.413333 19.413333 0 0 1 19.328-19.370666h348.117334z\" fill=\"#1D2129\">\u003C/path>\u003C/symbol>\u003Csymbol id=\"iconCluster\" viewBox=\"0 0 1024 1024\">\u003Cpath d=\"M554.666667 85.333333a42.666667 42.666667 0 0 1 42.666666 42.666667v298.666667h298.666667a42.666667 42.666667 0 0 1 42.666667 42.666666v426.666667a42.666667 42.666667 0 0 1-42.666667 42.666667H128a42.666667 42.666667 0 0 1-42.666667-42.666667V128a42.666667 42.666667 0 0 1 42.666667-42.666667h426.666667zM170.666667 853.333333h341.333333V170.666667H170.666667v682.666666z m426.666666-341.333333v341.333333h256v-341.333333h-256z m-256 170.666667a64 64 0 1 1 0 127.957333A64 64 0 0 1 341.333333 682.666667z m375.552-579.968a42.666667 42.666667 0 0 1 16.341334 3.968 437.589333 437.589333 0 0 1 193.493333 182.613333 42.666667 42.666667 0 0 1-37.333333 64v-0.426667a42.666667 42.666667 0 0 1-37.333334-21.333333 356.266667 356.266667 0 0 0-155.733333-146.986667A42.752 42.752 0 0 1 676.266667 128a42.709333 42.709333 0 0 1 40.618666-25.301333z\" fill=\"#1D2129\">\u003C/path>\u003C/symbol>\u003Csymbol id=\"iconDatacenter\" viewBox=\"0 0 1024 1024\">\u003Cpath d=\"M682.666667 85.333333a42.666667 42.666667 0 0 1 42.666666 42.666667v298.666667h128a42.666667 42.666667 0 0 1 42.666667 42.666666v384h21.333333a21.333333 21.333333 0 0 1 21.333334 21.333334v42.666666a21.333333 21.333333 0 0 1-21.333334 21.333334h-810.666666a21.333333 21.333333 0 0 1-21.333334-21.333334v-42.666666a21.333333 21.333333 0 0 1 21.333334-21.333334H128V128a42.666667 42.666667 0 0 1 42.666667-42.666667h512z m-42.666667 85.333334H213.333333v682.666666h426.666667V170.666667z m170.666667 341.333333h-85.333334v341.333333h85.333334v-341.333333zM362.666667 512a21.333333 21.333333 0 0 1 21.333333 21.333333v128a21.333333 21.333333 0 0 1-21.333333 21.333334h-42.666667a21.333333 21.333333 0 0 1-21.333333-21.333334v-128a21.333333 21.333333 0 0 1 21.333333-21.333333h42.666667z m170.666666 0a21.333333 21.333333 0 0 1 21.333334 21.333333v128a21.333333 21.333333 0 0 1-21.333334 21.333334h-42.666666a21.333333 21.333333 0 0 1-21.333334-21.333334v-128a21.333333 21.333333 0 0 1 21.333334-21.333333h42.666666z m-170.666666-256a21.333333 21.333333 0 0 1 21.333333 21.333333v128a21.333333 21.333333 0 0 1-21.333333 21.333334h-42.666667a21.333333 21.333333 0 0 1-21.333333-21.333334v-128a21.333333 21.333333 0 0 1 21.333333-21.333333h42.666667z m170.666666 0a21.333333 21.333333 0 0 1 21.333334 21.333333v128a21.333333 21.333333 0 0 1-21.333334 21.333334h-42.666666a21.333333 21.333333 0 0 1-21.333334-21.333334v-128a21.333333 21.333333 0 0 1 21.333334-21.333333h42.666666z\" fill=\"#1D2129\">\u003C/path>\u003C/symbol>\u003Csymbol id=\"iconPhysicalserver\" viewBox=\"0 0 1024 1024\">\u003Cpath d=\"M898.048 128c10.752 0 21.077333 4.138667 28.714667 11.52a38.784 38.784 0 0 1 11.904 27.861333v689.237334c0 10.453333-4.266667 20.48-11.904 27.861333a41.301333 41.301333 0 0 1-28.714667 11.52H125.952a41.301333 41.301333 0 0 1-28.714667-11.52 38.784 38.784 0 0 1-11.904-27.861333V167.381333c0-10.453333 4.266667-20.48 11.904-27.861333A41.301333 41.301333 0 0 1 125.952 128h772.096z m-40.661333 551.381333H166.613333v137.813334h690.773334v-137.813334z m-91.434667 39.381334c5.418667 0 10.581333 2.090667 14.378667 5.76 3.84 3.712 5.973333 8.704 5.973333 13.952v39.381333c0 5.205333-2.133333 10.24-5.973333 13.909333a20.650667 20.650667 0 0 1-14.378667 5.76H725.333333a20.650667 20.650667 0 0 1-14.378666-5.76 19.370667 19.370667 0 0 1-5.973334-13.909333v-39.381333c0-5.248 2.176-10.24 5.973334-13.952a20.650667 20.650667 0 0 1 14.378666-5.76h40.618667z m91.434667-275.669334H166.613333v157.525334h690.773334v-157.525334zM725.333333 482.474667h40.618667c4.992 0 9.813333 1.749333 13.525333 4.949333a19.498667 19.498667 0 0 1 6.656 12.416l0.170667 2.304v39.381333a19.328 19.328 0 0 1-5.12 13.098667 20.522667 20.522667 0 0 1-12.8 6.485333l-2.432 0.128H725.333333a20.693333 20.693333 0 0 1-13.482666-4.992 19.541333 19.541333 0 0 1-6.698667-12.373333l-0.128-2.346667v-39.381333c0-4.821333 1.834667-9.472 5.12-13.056a20.522667 20.522667 0 0 1 12.8-6.485333l2.389333-0.128z m132.053334-275.712H166.613333v157.525333h690.773334V206.762667z m-91.434667 39.381333c4.992 0 9.813333 1.792 13.525333 4.992a19.498667 19.498667 0 0 1 6.656 12.373333l0.170667 2.346667v39.381333a19.370667 19.370667 0 0 1-5.12 13.056 20.522667 20.522667 0 0 1-12.8 6.485334l-2.432 0.128H725.333333a20.693333 20.693333 0 0 1-13.482666-4.949334 19.541333 19.541333 0 0 1-6.698667-12.416l-0.128-2.304V265.813333c0-4.821333 1.834667-9.472 5.12-13.098666a20.522667 20.522667 0 0 1 12.8-6.485334L725.333333 246.186667h40.618667z\" fill=\"#1D2129\">\u003C/path>\u003C/symbol>\u003Csymbol id=\"iconFileserver\" viewBox=\"0 0 1024 1024\">\u003Cpath d=\"M893.482667 85.333333c11.989333 0 23.466667 4.522667 31.914666 12.501334 8.490667 8.021333 13.269333 18.858667 13.269334 30.165333v377.770667h-90.325334V170.666667H260.992v682.666666h135.552v85.333334H215.850667c-11.989333 0-23.466667-4.522667-31.914667-12.501334A41.514667 41.514667 0 0 1 170.666667 896V128c0-11.306667 4.778667-22.186667 13.226666-30.165333A46.506667 46.506667 0 0 1 215.893333 85.333333H893.44z m17.450666 504.234667a19.114667 19.114667 0 0 1 19.2 19.413333v310.272a19.2 19.2 0 0 1-19.2 19.413334h-422.4a19.157333 19.157333 0 0 1-19.2-19.413334v-310.314666c0-5.12 2.005333-10.069333 5.632-13.653334a19.114667 19.114667 0 0 1 13.568-5.717333h422.4z m-364.8 271.530667H853.333333v-193.92h-307.2v193.92z m134.4-58.197334h-76.8V725.333333h76.8v77.568z m134.4 0h-76.8V725.333333h76.8v77.568zM554.666667 426.666667c5.973333 0 11.733333 2.261333 15.957333 6.229333 4.266667 4.010667 6.613333 9.429333 6.613333 15.104v42.666667c0 5.674667-2.389333 11.093333-6.613333 15.104A23.253333 23.253333 0 0 1 554.666667 512H373.973333a23.253333 23.253333 0 0 1-15.957333-6.229333 20.778667 20.778667 0 0 1-6.656-15.104v-42.666667c0-5.674667 2.389333-11.093333 6.656-15.104A23.253333 23.253333 0 0 1 373.973333 426.666667H554.666667z m180.693333-170.666667c5.973333 0 11.733333 2.261333 15.957333 6.229333 4.266667 4.010667 6.656 9.429333 6.656 15.104v42.666667c0 5.674667-2.389333 11.093333-6.656 15.104a23.253333 23.253333 0 0 1-15.957333 6.229333h-361.386667a23.253333 23.253333 0 0 1-15.957333-6.229333 20.736 20.736 0 0 1-6.656-15.104v-42.666667c0-5.674667 2.389333-11.093333 6.656-15.104A23.253333 23.253333 0 0 1 373.973333 256h361.386667z\" fill=\"#1D2129\">\u003C/path>\u003C/symbol>\u003Csymbol id=\"iconPersonalcomputer\" viewBox=\"0 0 1024 1024\">\u003Cpath d=\"M887.722667 605.184v-357.546667c0-46.848-38.058667-84.906667-84.906667-84.906666H221.184c-46.848 0-84.906667 38.058667-84.906667 84.906666v395.349334c0 46.848 38.058667 84.906667 84.906667 84.906666h252.245333v56.064H328.704c-21.333333 0-38.570667 17.322667-38.570667 38.570667 0 21.333333 17.322667 38.570667 38.570667 38.570667h366.506667c21.333333 0 38.570667-17.322667 38.570666-38.570667 0-21.333333-17.322667-38.570667-38.570666-38.570667H550.570667V727.893333h252.245333c46.848 0 84.906667-38.058667 84.906667-84.906666v-62.037334c0-21.333333-17.322667-38.570667-38.570667-38.570666-21.333333 0-38.570667 17.322667-38.570667 38.570666v62.037334c0 4.181333-3.498667 7.68-7.68 7.68H221.184a7.765333 7.765333 0 0 1-7.68-7.68V247.637333c0-4.181333 3.498667-7.68 7.68-7.68h581.632c4.181333 0 7.68 3.498667 7.68 7.68V577.706667m38.656-69.802667\" fill=\"#333333\">\u003C/path>\u003C/symbol>\u003Csymbol id=\"iconVirtualmachines\" viewBox=\"0 0 1024 1024\">\u003Cpath d=\"M356.864 125.952c0-10.752 4.053333-21.077333 11.349333-28.714667A37.930667 37.930667 0 0 1 395.648 85.333333H899.84c10.282667 0 20.138667 4.266667 27.434667 11.904 7.253333 7.637333 11.349333 17.92 11.349333 28.714667v528.256a41.642667 41.642667 0 0 1-11.349333 28.757333 37.930667 37.930667 0 0 1-27.434667 11.904h-232.746667v203.178667a41.642667 41.642667 0 0 1-11.349333 28.714667 37.930667 37.930667 0 0 1-27.434667 11.904H124.16a37.930667 37.930667 0 0 1-27.434667-11.904 41.642667 41.642667 0 0 1-11.349333-28.714667V369.792c0-10.794667 4.096-21.12 11.349333-28.757333a37.930667 37.930667 0 0 1 27.434667-11.904h232.746667V125.952z m504.234667 40.661333h-426.666667v162.56h193.92c10.282667 0 20.181333 4.266667 27.434667 11.861334 7.253333 7.637333 11.349333 17.962667 11.349333 28.757333v162.56h-77.568V410.368h-426.666667v446.976h426.666667v-162.56H395.648a37.930667 37.930667 0 0 1-27.434667-11.861333 41.642667 41.642667 0 0 1-11.349333-28.757334v-162.56h77.568v121.941334h426.666667V166.613333z\" fill=\"#1D2129\">\u003C/path>\u003C/symbol>\u003Csymbol id=\"iconSysteminformation\" viewBox=\"0 0 1024 1024\">\u003Cpath d=\"M834.688 489.301333l91.349333 90.325334a42.453333 42.453333 0 0 1 9.386667 46.378666 42.496 42.496 0 0 1-9.386667 13.824l-289.664 286.378667A43.093333 43.093333 0 0 1 605.866667 938.666667l-91.093334-0.298667c-11.392 0-22.272-4.522667-30.293333-12.458667a42.325333 42.325333 0 0 1-12.629333-29.952l-0.298667-90.069333a42.197333 42.197333 0 0 1 12.629333-30.250667l289.664-286.336a43.306667 43.306667 0 0 1 60.885334 0zM128.384 85.333333h645.973333c11.434667 0 22.4 4.48 30.464 12.458667 8.106667 7.978667 12.629333 18.816 12.629334 30.122667v276.736H731.306667V170.496H171.52v681.216h215.338667v85.162667H128.384c-11.392 0-22.357333-4.48-30.421333-12.458667A42.325333 42.325333 0 0 1 85.333333 894.293333V127.914667c0-11.306667 4.522667-22.144 12.629334-30.122667 8.064-7.978667 19.029333-12.458667 30.421333-12.458667z m675.84 494.293334l-246.528 243.712 0.128 30.037333 30.336 0.085333 246.528-243.754666-30.464-30.08z m-352.853333-47.232c5.717333 0 11.221333 2.261333 15.232 6.229333 4.053333 4.010667 6.314667 9.386667 6.314666 15.061333v42.581334c0 5.632-2.261333 11.093333-6.314666 15.061333a21.674667 21.674667 0 0 1-15.189334 6.229333H279.125333a21.674667 21.674667 0 0 1-15.232-6.229333 21.162667 21.162667 0 0 1-6.314666-15.061333v-42.581334c0-5.632 2.304-11.093333 6.314666-15.061333a21.674667 21.674667 0 0 1 15.232-6.229333h172.288z m172.288-170.325334c5.717333 0 11.178667 2.261333 15.232 6.272 4.053333 3.968 6.314667 9.386667 6.314666 15.018667v42.581333c0 5.674667-2.261333 11.093333-6.314666 15.061334a21.674667 21.674667 0 0 1-15.232 6.229333H279.125333a21.674667 21.674667 0 0 1-15.232-6.229333 21.162667 21.162667 0 0 1-6.314666-15.061334v-42.581333c0-5.632 2.304-11.050667 6.314666-15.018667a21.674667 21.674667 0 0 1 15.232-6.272h344.533334z\" fill=\"#1D2129\">\u003C/path>\u003C/symbol>\u003Csymbol id=\"iconClear\" viewBox=\"0 0 1024 1024\">\u003Cpath d=\"M568.32 255.146667c19.626667 5.12 40.96 8.533333 59.733333 16.213333 14.506667 5.973333 22.186667 3.413333 32.426667-7.68 41.813333-42.666667 84.48-85.333333 127.146667-127.146667 32.426667-31.573333 74.24-34.986667 105.813333-10.24 38.4 29.866667 40.96 81.92 5.12 118.613334-41.813333 42.666667-84.48 85.333333-127.146667 127.146666-11.946667 11.093333-13.653333 19.626667-7.68 35.84 24.746667 59.733333 15.36 116.053333-24.746666 166.4-17.92 23.04-31.573333 23.893333-52.053334 3.413334-77.653333-76.8-154.453333-154.453333-231.253333-232.106667-18.773333-18.773333-17.92-31.573333 1.706667-48.64 29.866667-25.6 70.826667-40.96 110.933333-41.813333z m145.92 283.306666c25.6-40.96 29.013333-86.186667 3.413333-131.413333-10.24-17.92-8.533333-31.573333 6.826667-46.08 46.933333-45.226667 93.013333-92.16 139.093333-138.24 6.826667-6.826667 13.653333-14.506667 16.213334-23.04 5.12-16.213333 0-30.72-14.506667-40.106667-15.36-9.386667-32.426667-6.826667-47.786667 7.68-46.933333 46.08-93.866667 93.013333-139.946666 139.946667-22.186667 22.186667-26.453333 23.04-53.76 8.533333-43.52-23.04-86.186667-19.626667-126.293334 5.973334l216.746667 216.746666z\" fill=\"#333333\">\u003C/path>\u003Cpath d=\"M713.386667 607.573333c-14.506667 0-27.306667-10.24-35.84-18.773333-83.626667-83.626667-158.72-158.72-231.253334-232.106667-7.68-7.68-18.773333-20.48-17.92-35.84 0.853333-15.36 11.093333-26.453333 20.48-34.133333 31.573333-27.306667 74.24-44.373333 119.466667-46.08h2.56l1.706667 0.853333c5.973333 1.706667 11.946667 2.56 17.92 4.266667 14.506667 3.413333 29.866667 6.826667 44.373333 12.8 7.68 3.413333 9.386667 2.56 17.066667-4.266667 39.253333-40.106667 81.066667-81.92 128-127.146666 37.546667-36.693333 87.04-40.96 124.586666-11.093334 21.333333 17.066667 34.133333 40.106667 35.84 65.706667 1.706667 27.306667-8.533333 53.76-29.013333 74.24-39.253333 40.106667-81.066667 81.92-128 127.146667-7.68 6.826667-8.533333 9.386667-4.266667 19.626666 26.453333 63.146667 17.066667 126.293333-27.306666 180.906667-8.533333 10.24-19.626667 22.186667-35.84 23.04-1.706667 0.853333-1.706667 0.853333-2.56 0.853333zM566.613333 269.653333c-36.693333 1.706667-73.386667 16.213333-98.986666 39.253334-9.386667 7.68-10.24 11.946667-10.24 13.653333 0 1.706667 0.853333 5.973333 9.386666 14.506667 72.533333 72.533333 148.48 148.48 231.253334 232.106666 9.386667 9.386667 14.506667 10.24 15.36 10.24 1.706667 0 5.973333-1.706667 14.506666-12.8 37.546667-46.933333 45.226667-98.986667 23.04-151.893333-8.533333-21.333333-5.973333-35.84 10.24-52.053333 46.933333-45.226667 87.893333-87.04 127.146667-127.146667 14.506667-15.36 22.186667-34.133333 20.48-52.053333-0.853333-17.066667-10.24-33.28-24.746667-45.226667-26.453333-20.48-59.733333-17.066667-87.04 9.386667-46.08 45.226667-87.04 86.186667-126.293333 126.293333-11.093333 11.093333-24.746667 20.48-48.64 10.24-11.946667-5.12-25.6-7.68-39.253333-11.093333-5.12-0.853333-11.093333-2.56-16.213334-3.413334zM716.8 561.493333L473.6 318.293333l15.36-9.386666c44.373333-29.013333 93.013333-30.72 140.8-6.826667 6.826667 3.413333 17.066667 8.533333 20.48 8.533333 3.413333-0.853333 11.946667-9.386667 17.066667-13.653333l39.253333-39.253333 100.693333-100.693334c19.626667-19.626667 44.373333-23.04 65.706667-9.386666 19.626667 12.8 27.306667 34.133333 20.48 57.173333-3.413333 11.093333-11.946667 20.48-19.626667 28.16l-4.266666 4.266667C825.173333 280.746667 779.946667 326.826667 733.866667 371.2c-10.24 10.24-11.093333 16.213333-4.266667 29.013333 26.453333 48.64 25.6 98.986667-4.266667 145.92l-8.533333 15.36zM519.68 324.266667l190.293333 190.293333c15.36-33.28 12.8-66.56-5.973333-99.84-13.653333-24.746667-10.24-44.373333 9.386667-64 45.226667-44.373333 91.306667-89.6 134.826666-133.973333l4.266667-4.266667c5.12-5.12 11.093333-11.093333 12.8-17.066667 3.413333-10.24 0.853333-17.92-8.533333-23.893333-11.946667-7.68-22.186667-0.853333-29.866667 5.973333-33.28 33.28-67.413333 66.56-100.693333 100.693334l-39.253334 39.253333c-26.453333 26.453333-37.546667 28.16-70.826666 11.093333-33.28-17.92-64.853333-18.773333-96.426667-4.266666zM320 259.413333c0-27.306667 20.48-48.64 47.786667-48.64 27.306667 0 48.64 22.186667 48.64 48.64 0 25.6-21.333333 47.786667-47.786667 48.64-25.6 0-47.786667-22.186667-48.64-48.64zM785.066667 700.586667c18.773333 0 33.28 15.36 32.426666 34.133333-0.853333 17.92-14.506667 31.573333-32.426666 31.573333-18.773333 0-33.28-14.506667-33.28-33.28-0.853333-17.92 14.506667-33.28 33.28-32.426666zM705.706667 769.706667c37.546667 0.853333 67.413333 32.426667 65.706666 69.973333-1.706667 35.84-29.866667 64-66.56 64-38.4 0-68.266667-29.866667-68.266666-67.413333 0.853333-36.693333 32.426667-67.413333 69.12-66.56z\" fill=\"#333333\">\u003C/path>\u003Cpath d=\"M657.066667 608.426667L419.84 371.2c-12.8-12.8-25.6-12.8-40.106667-4.266667-14.506667 8.533333-29.013333 18.773333-44.373333 23.893334-71.68 23.893333-143.36 46.08-215.04 68.266666-27.306667 8.533333-32.426667 17.92-19.626667 43.52 11.093333 20.48 21.333333 42.666667 34.133334 62.293334 6.826667 11.093333 18.773333 18.773333 29.866666 28.16-11.093333 11.093333-5.973333 24.746667 5.973334 40.106666 14.506667 17.92 29.013333 37.546667 43.52 55.466667 19.626667 25.6 39.253333 51.2 79.36 22.186667-2.56 10.24-2.56 15.36-5.12 20.48-9.386667 20.48-3.413333 35.84 14.506666 48.64 18.773333 13.653333 36.693333 27.306667 52.906667 44.373333 25.6 27.306667 52.053333 36.693333 83.626667 11.946667 1.706667-0.853333 3.413333-0.853333 5.973333-0.853334 0 5.12 0.853333 10.24 0 14.506667-4.266667 21.333333 4.266667 34.133333 23.04 43.52 20.48 11.093333 40.106667 23.893333 60.586667 35.84 25.6 15.36 37.546667 8.533333 42.666666-20.48 4.266667-23.04 9.386667-45.226667 13.653334-67.413333 0 0 4.266667-32.426667 14.506666-62.293334 0-0.853333 0-0.853333 0.853334-1.706666 4.266667-12.8 9.386667-24.746667 16.213333-33.28 14.506667-30.72 29.866667-61.44 45.226667-92.16 6.826667-16.213333 8.533333-29.013333-5.12-43.52z m-123.733334 273.92c-14.506667-8.533333-28.16-15.36-40.106666-23.893334-3.413333-2.56-5.12-9.386667-4.266667-13.653333 0.853333-12.8 4.266667-25.6 3.413333-38.4 0-9.386667-2.56-23.04-8.533333-26.453333-6.826667-4.266667-19.626667-0.853333-29.013333 0.853333-8.533333 2.56-17.92 6.826667-24.746667 12.8-19.626667 14.506667-35.84 11.093333-52.053333-6.826667-11.093333-11.946667-23.893333-22.186667-36.693334-31.573333-11.093333-7.68-11.946667-15.36-7.68-27.306667 5.12-12.8 10.24-26.453333 12.8-40.106666 1.706667-8.533333 0-19.626667-5.12-25.6-4.266667-4.266667-16.213333-5.12-23.893333-2.56-14.506667 3.413333-29.013333 11.093333-43.52 15.36-5.12 1.706667-13.653333 0-17.066667-3.413334-17.066667-18.773333-32.426667-37.546667-48.64-58.026666 13.653333-16.213333 27.306667-30.72 38.4-47.786667 5.12-7.68 7.68-22.186667 4.266667-28.16-4.266667-5.973333-17.92-5.973333-28.16-8.533333-2.56-0.853333-5.12 1.706667-7.68 2.56-46.08 11.946667-46.08 11.946667-66.56-34.133334 35.84-10.24 72.533333-18.773333 107.52-31.573333 43.52-16.213333 86.186667-34.986667 128-53.76 8.533333-3.413333 14.506667-5.973333 23.04 2.56 70.826667 71.68 141.653333 142.506667 212.48 213.333333 1.706667 1.706667 2.56 3.413333 4.266667 5.973334-45.226667 77.653333-74.24 159.573333-90.453334 248.32z\" fill=\"#333333\">\u003C/path>\u003Cpath d=\"M550.4 951.466667c-11.093333 0-21.333333-5.12-29.013333-10.24-6.826667-4.266667-14.506667-8.533333-21.333334-12.8-12.8-8.533333-25.6-16.213333-38.4-23.04-21.333333-11.093333-32.426667-27.306667-31.573333-47.786667-29.013333 12.8-57.173333 5.12-84.48-24.746667-15.36-16.213333-34.133333-29.866667-50.346667-42.666666-20.48-15.36-28.16-33.28-23.893333-54.613334-32.426667 6.826667-53.76-20.48-68.266667-39.253333l-11.946666-15.36c-10.24-13.653333-20.48-27.306667-31.573334-40.106667-16.213333-20.48-17.066667-35.84-13.653333-46.08 0 0-0.853333 0-0.853333-0.853333-7.68-6.826667-16.213333-13.653333-22.186667-23.04-10.24-15.36-17.92-31.573333-26.453333-46.933333-2.56-5.12-5.12-11.093333-8.533334-16.213334-5.973333-11.093333-11.946667-26.453333-5.973333-40.106666s20.48-19.626667 34.133333-23.893334c74.24-22.186667 145.92-45.226667 215.04-68.266666 10.24-3.413333 20.48-9.386667 31.573334-16.213334 3.413333-1.706667 6.826667-4.266667 10.24-5.973333 26.453333-15.36 46.08-5.12 58.026666 6.826667C510.293333 439.466667 588.8 518.826667 668.16 597.333333c22.186667 22.186667 14.506667 45.226667 5.973333 60.586667-15.36 29.866667-29.866667 60.586667-44.373333 90.453333l-2.56 4.266667c-5.12 5.973333-9.386667 16.213333-13.653333 29.013333l-0.853334 1.706667c-8.533333 26.453333-12.8 56.32-13.653333 58.88v0.853333c-5.12 23.04-9.386667 45.226667-13.653333 67.413334-2.56 12.8-7.68 30.72-23.04 37.546666-3.413333 2.56-7.68 3.413333-11.946667 3.413334zM459.093333 818.346667v20.48c0 4.266667 0.853333 8.533333-0.853333 13.653333-2.56 11.946667-0.853333 19.626667 15.36 28.16 13.653333 7.68 27.306667 15.36 40.106667 23.893333 6.826667 4.266667 13.653333 8.533333 21.333333 12.8 11.946667 6.826667 15.36 5.973333 15.36 5.973334s3.413333-2.56 5.973333-17.066667c4.266667-23.04 9.386667-45.226667 13.653334-67.413333 0.853333-5.973333 4.266667-29.013333 11.093333-53.76l-0.853333-1.706667 5.12-11.093333c5.12-14.506667 11.093333-26.453333 17.066666-34.986667 14.506667-29.866667 29.013333-60.586667 44.373334-90.453333 7.68-14.506667 5.973333-20.48-0.853334-27.306667C567.466667 540.16 488.106667 460.8 409.6 381.44c-5.973333-5.973333-11.946667-8.533333-23.04-1.706667-3.413333 1.706667-6.826667 4.266667-9.386667 5.973334-11.946667 6.826667-23.893333 14.506667-37.546666 18.773333-68.266667 23.04-140.8 45.226667-215.04 68.266667-14.506667 4.266667-16.213333 7.68-16.213334 7.68s-0.853333 3.413333 5.12 15.36c2.56 5.12 5.973333 11.093333 8.533334 16.213333 7.68 15.36 15.36 30.72 24.746666 44.373333 3.413333 5.973333 10.24 11.093333 16.213334 16.213334 3.413333 3.413333 7.68 5.973333 11.093333 9.386666l11.093333 10.24-11.093333 10.24c-3.413333 3.413333-0.853333 10.24 6.826667 20.48 11.093333 13.653333 21.333333 27.306667 31.573333 40.96l11.946667 15.36c21.333333 27.306667 31.573333 39.253333 58.88 19.626667l30.72-22.186667-8.533334 37.546667c-0.853333 3.413333-1.706667 6.826667-1.706666 8.533333-0.853333 5.12-1.706667 9.386667-3.413334 13.653334-5.12 11.946667-5.12 20.48 10.24 30.72 17.92 12.8 37.546667 28.16 54.613334 46.08 23.893333 25.6 41.813333 28.16 64.853333 10.24 4.266667-3.413333 9.386667-3.413333 12.8-3.413334h0.853333l15.36-1.706666z m84.48 87.04l-17.92-10.24c-4.266667-2.56-7.68-4.266667-11.946666-6.826667-10.24-5.973333-19.626667-11.093333-29.013334-17.92-9.386667-5.973333-11.093333-19.626667-11.093333-26.453333 0-5.973333 0.853333-11.946667 1.706667-17.066667 0.853333-6.826667 1.706667-13.653333 1.706666-19.626667 0-7.68-1.706667-11.946667-2.56-14.506666-2.56 0-6.826667 0-17.066666 2.56-6.826667 1.706667-13.653333 5.12-20.48 10.24-24.746667 18.773333-48.64 16.213333-70.826667-8.533334-9.386667-11.946667-23.04-21.333333-33.28-29.013333-16.213333-11.093333-20.48-25.6-12.8-44.373333 5.12-11.946667 9.386667-24.746667 11.946667-37.546667 0.853333-5.12 0-10.24-0.853334-11.946667-2.56-0.853333-6.826667-0.853333-10.24 0-6.826667 1.706667-13.653333 4.266667-21.333333 7.68-6.826667 2.56-14.506667 5.973333-22.186667 7.68-9.386667 2.56-23.893333 0-31.573333-7.68-12.8-13.653333-23.893333-28.16-36.693333-42.666666L196.266667 623.786667l-7.68-9.386667 7.68-9.386667c4.266667-5.12 8.533333-9.386667 11.946666-14.506666 9.386667-11.093333 17.92-21.333333 25.6-32.426667 1.706667-3.413333 3.413333-8.533333 3.413334-11.093333-2.56-0.853333-6.826667-0.853333-9.386667-1.706667-1.706667 0-4.266667-0.853333-5.973333-0.853333-1.706667 0.853333-2.56 0.853333-4.266667 1.706666-52.906667 13.653333-59.733333 10.24-83.626667-41.813333l-6.826666-15.36 16.213333-4.266667c11.093333-3.413333 22.186667-5.973333 33.28-9.386666 24.746667-6.826667 49.493333-12.8 73.386667-22.186667 34.986667-12.8 69.12-28.16 102.4-42.666667 8.533333-3.413333 16.213333-6.826667 24.746666-11.093333 7.68-3.413333 23.04-10.24 38.4 5.973333 51.2 52.053333 104.106667 104.106667 154.453334 155.306667l58.026666 58.026667c1.706667 1.706667 3.413333 4.266667 4.266667 5.973333 0.853333 0.853333 0.853333 1.706667 1.706667 2.56l5.12 7.68-4.266667 7.68c-42.666667 75.093333-71.68 154.453333-87.893333 243.2l-3.413334 19.626667zM503.466667 848.213333c5.973333 4.266667 12.8 7.68 19.626666 11.946667 17.066667-81.066667 43.52-154.453333 81.92-223.573333L550.4 580.266667c-50.346667-51.2-103.253333-103.253333-154.453333-155.306667l-1.706667-1.706667c-0.853333 0-2.56 0.853333-5.12 1.706667-8.533333 3.413333-16.213333 6.826667-24.746667 11.093333-34.133333 14.506667-69.12 29.866667-104.96 43.52-24.746667 9.386667-50.346667 16.213333-75.946666 22.186667-5.973333 1.706667-11.093333 3.413333-17.066667 4.266667 4.266667 8.533333 7.68 15.36 10.24 16.213333 3.413333 1.706667 17.066667-1.706667 32.426667-5.973333h0.853333c2.56-0.853333 7.68-3.413333 13.653333-1.706667 2.56 0.853333 5.12 0.853333 7.68 0.853333 10.24 1.706667 23.04 3.413333 29.013334 12.8 8.533333 12.8 2.56 34.133333-4.266667 44.373334-8.533333 12.8-17.92 23.893333-27.306667 34.986666-1.706667 1.706667-2.56 3.413333-4.266666 5.12 1.706667 2.56 3.413333 4.266667 5.12 6.826667 11.946667 14.506667 23.04 28.16 34.986666 40.96 0.853333 0 2.56 0.853333 3.413334 0.853333 5.973333-1.706667 11.946667-4.266667 18.773333-6.826666 7.68-3.413333 16.213333-6.826667 24.746667-8.533334 8.533333-2.56 28.16-3.413333 37.546666 6.826667 8.533333 9.386667 11.093333 25.6 8.533334 37.546667-2.56 15.36-7.68 29.866667-13.653334 43.52-2.56 6.826667-1.706667 6.826667 2.56 10.24 11.946667 8.533333 26.453333 19.626667 39.253334 33.28 13.653333 14.506667 21.333333 12.8 32.426666 4.266666 6.826667-5.12 17.066667-11.946667 29.866667-15.36 13.653333-3.413333 29.013333-6.826667 40.106667 0 9.386667 5.973333 14.506667 18.773333 15.36 38.4 0 8.533333-0.853333 17.066667-1.706667 24.746667-0.853333 5.12-1.706667 10.24-1.706667 14.506667 2.56 1.706667 3.413333 3.413333 3.413334 4.266666z m-28.16-57.173333zM265.386667 661.333333z\" fill=\"#333333\">\u003C/path>\u003C/symbol>\u003Csymbol id=\"iconClear-01\" viewBox=\"0 0 1024 1024\">\u003Cpath d=\"M653.653333 843.093333c-15.36 0-32.426667-3.413333-53.76-11.093333l-2.56-0.853333-474.453333-221.013334c-11.093333-3.413333-38.4-15.36-50.346667-43.52-5.973333-13.653333-10.24-35.84 4.266667-62.293333l1.706667-2.56 1.706666-2.56c2.56-3.413333 17.92-23.04 44.373334-30.72h0.853333c3.413333-0.853333 218.453333-60.586667 314.026667-189.44 17.066667-33.28 61.44-71.68 121.173333-48.64l97.28 36.693333L716.8 176.64c15.36-23.04 64-55.466667 134.826667-11.946667 4.266667 2.56 24.746667 16.213333 30.72 42.666667 2.56 11.946667 3.413333 30.72-10.24 50.346667l-46.933334 71.68 48.64 18.773333c40.96 10.24 76.8 43.52 69.973334 88.746667-0.853333 29.866667-13.653333 221.866667-230.4 383.146666-9.386667 9.386667-28.16 23.04-59.733334 23.04z m-24.746666-81.92c17.066667 5.973333 26.453333 5.973333 29.866666 5.12l0.853334-1.706666 5.12-3.413334c202.24-148.48 201.386667-324.266667 201.386666-325.973333v-5.973333c-2.56-2.56-9.386667-5.12-13.653333-5.973334l-5.12-1.706666L708.266667 367.786667l93.866666-142.506667c-11.946667-5.973333-19.626667-5.973333-23.04-4.266667L687.786667 360.106667l-154.453334-58.88c-4.266667-1.706667-16.213333-5.973333-26.453333 13.653333l-1.706667 3.413333-1.706666 2.56C401.92 460.8 194.56 527.36 152.746667 539.306667l476.16 221.866666zM779.093333 221.866667z\" fill=\"#333333\">\u003C/path>\u003Cpath d=\"M406.766933 396.834133l30.378667-70.545066 442.052267 190.344533-30.378667 70.545067zM307.2 666.453333c-13.653333 0-27.306667-7.68-34.133333-21.333333-9.386667-18.773333-1.706667-41.813333 17.066666-51.2l138.24-69.973333c18.773333-9.386667 41.813333-1.706667 51.2 17.066666 9.386667 18.773333 1.706667 41.813333-17.066666 51.2L324.266667 662.186667c-5.973333 2.56-11.093333 4.266667-17.066667 4.266666zM459.946667 749.226667c-13.653333 0-27.306667-7.68-34.133334-21.333334-9.386667-18.773333-1.706667-41.813333 17.066667-51.2l138.24-69.973333c18.773333-9.386667 41.813333-1.706667 51.2 17.066667 9.386667 18.773333 1.706667 41.813333-17.066667 51.2l-138.24 69.973333c-5.973333 3.413333-11.093333 4.266667-17.066666 4.266667zM776.533333 196.266667l-26.453333 22.186666s-39.253333 53.76-41.813333 57.173334c-2.56 3.413333-22.186667 47.786667-22.186667 47.786666v37.546667l47.786667 18.773333L837.12 221.866667 776.533333 196.266667z\" fill=\"#333333\">\u003C/path>\u003C/symbol>\u003Csymbol id=\"iconfail-02\" viewBox=\"0 0 1024 1024\">\u003Cpath d=\"M516.266667 58.026667C268.8 58.026667 68.266667 258.56 68.266667 506.026667s200.533333 448 448 448S964.266667 753.493333 964.266667 506.026667 763.733333 58.026667 516.266667 58.026667z m138.24 541.013333l43.52 44.373333c-14.506667 15.36-29.013333 30.72-44.373334 46.08-46.08-46.08-91.306667-92.16-137.386666-137.386666-45.226667 46.08-90.453333 92.16-136.533334 138.24-15.36-15.36-29.866667-29.866667-44.373333-45.226667l43.52-45.226667c30.72-31.573333 61.44-62.293333 92.16-93.866666-46.08-46.08-91.306667-92.16-136.533333-139.093334 14.506667-14.506667 29.013333-28.16 43.52-44.373333L516.266667 460.8c46.08-46.08 91.306667-92.16 137.386666-139.093333 14.506667 15.36 29.013333 29.866667 44.373334 43.52-45.226667 47.786667-91.306667 93.866667-136.533334 140.8 30.72 30.72 62.293333 61.44 93.013334 93.013333z\" fill=\"#C53709\">\u003C/path>\u003C/symbol>\u003Csymbol id=\"iconfan_green\" viewBox=\"0 0 1024 1024\">\u003Cpath d=\"M511.146667 956.586667c-244.906667 0-443.733333-198.826667-443.733334-445.44 0-246.613333 198.826667-445.44 443.733334-445.44s443.733333 198.826667 443.733333 445.44c0 246.613333-197.973333 445.44-443.733333 445.44z m0-855.04C345.6 101.546667 197.12 201.386667 133.12 354.133333c-62.293333 151.893333-28.16 328.533333 89.6 446.293334 116.053333 116.053333 292.693333 151.893333 446.293333 88.746666 153.6-64 252.586667-212.48 252.586667-378.026666-1.706667-226.133333-183.466667-409.6-410.453333-409.6z\" fill=\"#23C343\">\u003C/path>\u003Cpath d=\"M585.386667 515.413333c0 38.4-31.573333 68.266667-68.266667 68.266667-36.693333 0-68.266667-31.573333-68.266667-68.266667 0-36.693333 31.573333-68.266667 68.266667-68.266666 38.4-0.853333 69.973333 30.72 68.266667 68.266666z m-67.413334-44.373333c-17.92 0-33.28 11.093333-40.96 26.453333-6.826667 17.066667-3.413333 35.84 8.533334 49.493334 11.946667 11.946667 31.573333 17.066667 49.493333 10.24 17.066667-6.826667 28.16-23.893333 28.16-40.96 0-11.093333-4.266667-23.893333-13.653333-31.573334-8.533333-9.386667-19.626667-13.653333-31.573334-13.653333z\" fill=\"#23C343\">\u003C/path>\u003Cpath d=\"M810.666667 385.706667c-25.6-23.893333-40.96-31.573333-86.186667-46.08-35.84-11.946667-118.613333-13.653333-148.48 39.253333l-31.573333 54.613333c-4.266667 7.68-7.68 17.066667-8.533334 24.746667l50.346667 65.706667c25.6 3.413333 62.293333 4.266667 86.186667 18.773333 29.013333 18.773333 75.946667 68.266667 98.133333 81.92 36.693333 21.333333 73.386667-17.066667 86.186667-40.96 14.506667-27.306667 47.786667-122.026667-46.08-197.973333z\" fill=\"#23C343\">\u003C/path>\u003Cpath d=\"M576 576.853333c-3.413333-7.68-10.24-13.653333-17.066667-18.773333l-7.68 0.853333c8.533333-10.24 14.506667-23.893333 14.506667-39.253333 0-29.866667-21.333333-53.76-47.786667-53.76-17.066667 0-29.866667 8.533333-39.253333 22.186667l7.68-22.186667c-8.533333-23.893333-26.453333-56.32-25.6-83.626667 0.853333-33.28 21.333333-99.84 21.333333-126.293333 0-43.52-51.2-56.32-78.506666-53.76-31.573333 0.853333-128.853333 20.48-146.773334 139.093333-6.826667 33.28-6.826667 51.2 3.413334 97.28 6.826667 36.693333 51.2 111.786667 111.786666 111.786667l56.32-3.413333c8.533333 0 26.453333 0 34.986667-3.413334l10.24-29.866666c0 2.56-0.853333 4.266667-0.853333 6.826666 0 18.773333 8.533333 34.986667 21.333333 44.373334h-13.653333c-17.066667 20.48-39.253333 54.613333-61.44 65.706666-31.573333 17.066667-96.426667 32.426667-119.466667 46.08-36.693333 21.333333-21.333333 71.68-6.826667 94.72 17.066667 25.6 81.92 101.546667 193.706667 58.026667 33.28-11.093333 47.786667-21.333333 82.773333-51.2 28.16-23.893333 64-96.426667 40.106667-147.626667L576 576.853333z m-121.173333-66.56l2.56-7.68 3.413333-23.893333c3.413333 6.826667 5.973333 10.24 5.973333 10.24-1.706667 8.533333-5.12 15.36-11.946666 21.333333z m61.44 62.293334l-10.24 0.853333c0.853333-0.853333 3.413333-0.853333 4.266666-2.56 1.706667 1.706667 4.266667 1.706667 5.973334 1.706667z\" fill=\"#23C343\">\u003C/path>\u003C/symbol>\u003Csymbol id=\"icontemperature_green\" viewBox=\"0 0 1024 1024\">\u003Cpath d=\"M518.506667 64C561.813333 64 597.333333 100.309333 597.333333 144.576v475.648a170.666667 170.666667 0 1 1-170.666666 0V144.576C426.666667 100.309333 462.186667 64 505.493333 64h13.013334z\" fill=\"#C9CDD4\">\u003C/path>\u003Cpath d=\"M512 362.666667a42.666667 42.666667 0 0 1 42.666667 42.666666v288.789334a85.269333 85.269333 0 0 1 17.664 134.208A85.333333 85.333333 0 1 1 469.333333 694.144V405.333333a42.666667 42.666667 0 0 1 42.666667-42.666666z\" fill=\"#23C343\">\u003C/path>\u003C/symbol>\u003Csymbol id=\"iconfan_red\" viewBox=\"0 0 1024 1024\">\u003Cpath d=\"M506.88 965.973333c-249.173333 0-451.413333-202.24-451.413333-452.266666s202.24-452.266667 451.413333-452.266667 451.413333 202.24 451.413333 452.266667-201.386667 452.266667-451.413333 452.266666z m0-868.693333c-168.106667 0-319.146667 101.546667-384 256.853333C58.88 509.44 93.866667 688.64 213.333333 808.106667c118.613333 118.613333 297.813333 154.453333 453.973334 89.6s256.853333-215.893333 256.853333-384c-1.706667-229.546667-186.88-416.426667-417.28-416.426667z\" fill=\"#C53709\">\u003C/path>\u003Cpath d=\"M582.826667 517.973333c0 38.4-31.573333 69.12-69.12 69.12S443.733333 555.52 443.733333 517.973333s31.573333-69.12 69.12-69.12c39.253333-0.853333 70.826667 30.72 69.973334 69.12z m-69.12-45.226666c-17.92 0-34.133333 11.093333-41.813334 27.306666-6.826667 17.066667-3.413333 36.693333 9.386667 50.346667 12.8 12.8 31.573333 17.066667 50.346667 10.24 17.066667-6.826667 28.16-23.893333 28.16-41.813333 0-11.093333-4.266667-23.893333-13.653334-31.573334-8.533333-10.24-20.48-14.506667-32.426666-14.506666z\" fill=\"#C53709\">\u003C/path>\u003Cpath d=\"M811.52 386.56c-26.453333-23.893333-41.813333-31.573333-87.893333-46.933333-36.693333-12.8-120.32-13.653333-151.04 40.106666L541.013333 435.2c-4.266667 7.68-7.68 17.066667-9.386666 24.746667l51.2 67.413333c26.453333 3.413333 64 4.266667 87.893333 19.626667 29.866667 19.626667 77.653333 69.12 99.84 82.773333 37.546667 21.333333 75.093333-17.066667 87.893333-41.813333 14.506667-29.013333 48.64-124.586667-46.933333-201.386667z\" fill=\"#C53709\">\u003C/path>\u003Cpath d=\"M572.586667 580.266667c-3.413333-7.68-10.24-13.653333-17.066667-19.626667l-7.68 0.853333c9.386667-10.24 14.506667-23.893333 14.506667-40.106666 0-30.72-21.333333-54.613333-48.64-54.613334-17.066667 0-30.72 9.386667-40.106667 23.04l7.68-23.04c-9.386667-23.893333-27.306667-57.173333-26.453333-85.333333 0.853333-34.133333 21.333333-101.546667 21.333333-128.853333 0-44.373333-52.053333-57.173333-79.36-54.613334-31.573333 0.853333-130.56 20.48-149.333333 140.8-6.826667 34.133333-6.826667 52.053333 3.413333 98.986667 6.826667 37.546667 52.053333 113.493333 113.493333 113.493333l57.173334-3.413333c9.386667 0 27.306667 0 34.986666-3.413333l10.24-30.72c0 2.56-0.853333 4.266667-0.853333 6.826666 0 19.626667 9.386667 34.986667 21.333333 45.226667h-13.653333c-17.066667 20.48-40.106667 55.466667-62.293333 67.413333-31.573333 17.066667-98.133333 33.28-122.026667 46.933334-37.546667 21.333333-21.333333 72.533333-6.826667 96.426666 17.066667 26.453333 82.773333 103.253333 196.266667 58.88 34.133333-11.093333 48.64-21.333333 84.48-52.053333 28.16-23.893333 64.853333-98.133333 40.96-150.186667L572.586667 580.266667z m-122.88-67.413334l2.56-7.68 3.413333-23.893333c3.413333 6.826667 5.973333 10.24 5.973333 10.24-1.706667 8.533333-5.12 15.36-11.946666 21.333333z m62.293333 63.146667l-10.24 0.853333c0.853333-0.853333 3.413333-0.853333 4.266667-2.56 1.706667 1.706667 4.266667 1.706667 5.973333 1.706667z\" fill=\"#C53709\">\u003C/path>\u003C/symbol>\u003Csymbol id=\"iconpause-01\" viewBox=\"0 0 1024 1024\">\u003Cpath d=\"M513.706667 60.586667C267.093333 60.586667 65.706667 260.266667 65.706667 507.733333S267.093333 955.733333 512.853333 955.733333c246.613333 0 447.146667-200.533333 447.146667-447.146666S759.466667 60.586667 513.706667 60.586667zM480.426667 725.333333h-71.68V290.986667h71.68V725.333333z m137.386666 0H546.133333V290.986667h71.68V725.333333z\" fill=\"#C2C2C2\">\u003C/path>\u003C/symbol>\u003Csymbol id=\"iconPhotos-Expandl\" viewBox=\"0 0 1024 1024\">\u003Cpath d=\"M917.333333 768a21.333333 21.333333 0 0 1 21.333334 21.333333v42.666667a21.333333 21.333333 0 0 1-21.333334 21.333333h-810.666666a21.333333 21.333333 0 0 1-21.333334-21.333333v-42.666667a21.333333 21.333333 0 0 1 21.333334-21.333333h810.666666zM132.053333 377.6c4.608 0 9.130667 1.28 13.098667 3.669333l181.077333 109.184a25.386667 25.386667 0 0 1 0 43.434667l-181.077333 109.184a25.386667 25.386667 0 0 1-38.485333-21.76V402.986667c0-14.037333 11.349333-25.386667 25.386666-25.386667zM917.333333 469.333333a21.333333 21.333333 0 0 1 21.333334 21.333334v42.666666a21.333333 21.333333 0 0 1-21.333334 21.333334h-426.666666a21.333333 21.333333 0 0 1-21.333334-21.333334v-42.666666a21.333333 21.333333 0 0 1 21.333334-21.333334h426.666666z m0-298.666666a21.333333 21.333333 0 0 1 21.333334 21.333333v42.666667a21.333333 21.333333 0 0 1-21.333334 21.333333h-810.666666a21.333333 21.333333 0 0 1-21.333334-21.333333v-42.666667a21.333333 21.333333 0 0 1 21.333334-21.333333h810.666666z\" fill=\"#1D2129\">\u003C/path>\u003C/symbol>\u003Csymbol id=\"iconPhotos-Close\" viewBox=\"0 0 1024 1024\">\u003Cpath d=\"M917.333333 768a21.333333 21.333333 0 0 1 21.333334 21.333333v42.666667a21.333333 21.333333 0 0 1-21.333334 21.333333h-810.666666a21.333333 21.333333 0 0 1-21.333334-21.333333v-42.666667a21.333333 21.333333 0 0 1 21.333334-21.333333h810.666666zM294.613333 374.912a25.386667 25.386667 0 0 1 25.258667 22.784l0.128 2.602667v218.325333a25.386667 25.386667 0 0 1-36.053333 23.04l-2.432-1.28-181.077334-109.184a25.344 25.344 0 0 1-2.304-41.898667l2.304-1.578666 181.077334-109.141334a25.301333 25.301333 0 0 1 13.098666-3.626666zM917.333333 469.333333a21.333333 21.333333 0 0 1 21.333334 21.333334v42.666666a21.333333 21.333333 0 0 1-21.333334 21.333334h-426.666666a21.333333 21.333333 0 0 1-21.333334-21.333334v-42.666666a21.333333 21.333333 0 0 1 21.333334-21.333334h426.666666z m0-298.666666a21.333333 21.333333 0 0 1 21.333334 21.333333v42.666667a21.333333 21.333333 0 0 1-21.333334 21.333333h-810.666666a21.333333 21.333333 0 0 1-21.333334-21.333333v-42.666667a21.333333 21.333333 0 0 1 21.333334-21.333333h810.666666z\" fill=\"#1D2129\">\u003C/path>\u003C/symbol>\u003Csymbol id=\"iconactivated-01\" viewBox=\"0 0 1024 1024\">\u003Cpath d=\"M516.266667 60.586667C268.8 60.586667 68.266667 261.12 68.266667 508.586667s200.533333 448 448 448S964.266667 756.053333 964.266667 508.586667 763.733333 60.586667 516.266667 60.586667z m-33.28 653.653333c-63.146667-44.373333-123.733333-88.746667-187.733334-133.973333 12.8-17.066667 23.893333-34.133333 35.84-51.2 44.373333 32.426667 90.453333 64 134.826667 96.426666C539.306667 517.12 612.693333 409.6 686.08 302.08c17.066667 12.8 34.133333 23.893333 51.2 34.986667-83.626667 127.146667-168.106667 250.88-254.293333 377.173333z\" fill=\"#1EB300\">\u003C/path>\u003C/symbol>\u003Csymbol id=\"iconongoing-01\" viewBox=\"0 0 1024 1024\">\u003Cpath d=\"M517.12 59.733333C269.653333 59.733333 69.12 260.266667 69.12 507.733333S269.653333 955.733333 517.12 955.733333s448-200.533333 448-448S764.586667 59.733333 517.12 59.733333zM318.293333 557.226667c-27.306667 0-49.493333-22.186667-49.493333-49.493334s22.186667-49.493333 49.493333-49.493333 49.493333 22.186667 49.493334 49.493333-22.186667 49.493333-49.493334 49.493334z m198.826667 0c-27.306667 0-49.493333-22.186667-49.493333-49.493334s22.186667-49.493333 49.493333-49.493333 49.493333 22.186667 49.493333 49.493333-22.186667 49.493333-49.493333 49.493334z m198.826667 0c-27.306667 0-49.493333-22.186667-49.493334-49.493334s22.186667-49.493333 49.493334-49.493333 49.493333 22.186667 49.493333 49.493333-22.186667 49.493333-49.493333 49.493334z\" fill=\"#0086E6\">\u003C/path>\u003C/symbol>\u003Csymbol id=\"iconfail-01\" viewBox=\"0 0 1024 1024\">\u003Cpath d=\"M510.293333 61.44c-247.466667 0-448 200.533333-448 448s200.533333 448 448 448 448-200.533333 448-448S757.76 61.44 510.293333 61.44z m14.506667 208.213333c19.626667 6.826667 33.28 27.306667 33.28 45.226667-5.12 77.653333-10.24 148.48-15.36 220.16l-3.413333 49.493333c-0.853333 17.92-13.653333 29.866667-29.866667 29.013334-15.36 0-27.306667-12.8-29.013333-29.013334-5.973333-85.333333-12.8-169.813333-18.773334-256.853333-2.56-40.106667 27.306667-68.266667 63.146667-58.026667z m-14.506667 482.133334c-27.306667 0-49.493333-22.186667-49.493333-49.493334s22.186667-49.493333 49.493333-49.493333 49.493333 22.186667 49.493334 49.493333-22.186667 49.493333-49.493334 49.493334z\" fill=\"#C53709\">\u003C/path>\u003C/symbol>\u003Csymbol id=\"iconNot_Enabled-01\" viewBox=\"0 0 1024 1024\">\u003Cpath d=\"M514.56 59.733333C267.093333 59.733333 66.56 260.266667 66.56 507.733333S267.093333 955.733333 514.56 955.733333s448-200.533333 448-448S762.026667 59.733333 514.56 59.733333zM296.96 546.986667v-76.8l434.346667-0.853334v76.8l-434.346667 0.853334z\" fill=\"#333333\">\u003C/path>\u003C/symbol>\u003Csymbol id=\"iconwarning-01\" viewBox=\"0 0 1024 1024\">\u003Cpath d=\"M511.146667 58.88c-247.466667 0-448 200.533333-448 448s200.533333 448 448 448 448-200.533333 448-448S758.613333 58.88 511.146667 58.88z m-38.4 230.4c0-21.333333 17.066667-38.4 38.4-38.4s38.4 17.066667 38.4 38.4v293.546667c0 21.333333-17.92 38.4-38.4 38.4-21.333333 0-38.4-17.066667-38.4-38.4V289.28z m38.4 472.746667c-27.306667 0-49.493333-22.186667-49.493334-49.493334s22.186667-49.493333 49.493334-49.493333 49.493333 22.186667 49.493333 49.493333-22.186667 49.493333-49.493333 49.493334z\" fill=\"#F8AA01\">\u003C/path>\u003C/symbol>\u003Csymbol id=\"iconcheck_the_details1\" viewBox=\"0 0 1024 1024\">\u003Cpath d=\"M785.493333 85.333333a38.613333 38.613333 0 0 1 38.698667 38.826667v349.013333h-77.397333V162.944H205.397333v698.197333h232.064V938.666667H166.656A38.613333 38.613333 0 0 1 128 899.84V124.16A38.826667 38.826667 0 0 1 166.656 85.333333H785.493333z m-96.682666 484.864a154.368 154.368 0 0 1 132.010666 74.154667 155.477333 155.477333 0 0 1 5.76 151.594667l63.744 63.957333a19.413333 19.413333 0 0 1 0 27.392l-32.810666 32.938667a19.328 19.328 0 0 1-27.306667 0l-61.738667-61.866667a154.410667 154.410667 0 0 1-194.816-29.482667 155.306667 155.306667 0 0 1-36.693333-132.821333 155.392 155.392 0 0 1 83.157333-109.738667 154.410667 154.410667 0 0 1 68.693334-16.128z m0 77.568c-20.48 0-40.192 8.149333-54.698667 22.698667a77.653333 77.653333 0 0 0 54.698667 132.437333c20.48 0 40.192-8.149333 54.698666-22.698666a77.653333 77.653333 0 0 0-54.698666-132.437334z m-193.365334-174.549333a19.328 19.328 0 0 1 19.328 19.413333v38.784a19.413333 19.413333 0 0 1-19.328 19.370667H302.037333a19.328 19.328 0 0 1-19.328-19.413333v-38.784a19.413333 19.413333 0 0 1 19.328-19.370667h193.408z m154.709334-155.136a19.328 19.328 0 0 1 19.328 19.370667v38.826666a19.413333 19.413333 0 0 1-19.328 19.370667H302.037333a19.328 19.328 0 0 1-19.328-19.413333V337.493333a19.413333 19.413333 0 0 1 19.328-19.370666h348.117334z\" fill=\"#1D2129\">\u003C/path>\u003C/symbol>\u003Csymbol id=\"iconresize_corner\" viewBox=\"0 0 1024 1024\">\u003Cpath d=\"M138.24 1006.933333L1006.933333 145.92V37.546667L29.013333 1006.933333zM553.813333 1006.933333L1006.933333 553.813333V445.44L444.586667 1006.933333z\" fill=\"#333333\">\u003C/path>\u003C/symbol>\u003Csymbol id=\"iconmore_help_blue\" viewBox=\"0 0 1024 1024\">\u003Cpath d=\"M512 85.333333c235.648 0 426.666667 191.018667 426.666667 426.666667s-191.018667 426.666667-426.666667 426.666667S85.333333 747.648 85.333333 512 276.352 85.333333 512 85.333333z m0 77.568a349.098667 349.098667 0 1 0 0 698.197334 349.098667 349.098667 0 0 0 0-698.197334z m19.370667 504.234667a19.413333 19.413333 0 0 1 19.413333 19.413333V725.333333a19.413333 19.413333 0 0 1-19.413333 19.370667h-38.784a19.370667 19.370667 0 0 1-19.370667-19.370667v-38.826666a19.413333 19.413333 0 0 1 19.413333-19.370667h38.784z m-24.874667-387.84c46.08 0 84.394667 11.136 114.901333 33.450667 30.506667 22.4 45.738667 55.466667 45.738667 99.285333 0 26.88-6.613333 49.493333-19.882667 67.925333-7.765333 11.136-22.613333 25.386667-44.672 42.794667l-21.717333 17.066667c-11.818667 9.301333-19.712 20.181333-23.594667 32.554666-1.024 3.413333-1.962667 9.685333-2.773333 18.901334a19.413333 19.413333 0 0 1-19.285333 17.706666h-43.477334a19.413333 19.413333 0 0 1-19.370666-19.413333v-0.853333l0.085333-0.938667c2.517333-26.965333 5.162667-44.074667 8.021333-51.2 5.333333-13.354667 18.986667-28.714667 41.002667-46.08l22.357333-17.706667c7.338667-5.546667 45.184-32.213333 45.184-55.808s-4.096-32.298667-15.957333-45.226666c-11.818667-12.928-38.528-17.109333-62.592-17.109334-23.68 0-43.904 6.272-53.76 22.186667a112.341333 112.341333 0 0 0-11.050667 23.296c-1.28 3.84-2.176 7.850667-2.816 11.904a19.370667 19.370667 0 0 1-19.114666 16.085333H378.026667a19.370667 19.370667 0 0 1-19.413334-19.370666v-1.066667l0.128-1.109333c0.469333-4.352 0.981333-7.978667 1.536-10.837334 7.552-42.112 26.666667-73.045333 57.429334-92.885333 24.064-15.701333 53.674667-23.594667 88.746666-23.594667z\" fill=\"#3491FA\">\u003C/path>\u003C/symbol>\u003Csymbol id=\"iconInstruction\" viewBox=\"0 0 1024 1024\">\u003Cpath d=\"M899.84 128c10.325333 0 20.181333 4.053333 27.477333 11.264 7.253333 7.168 11.349333 16.938667 11.349334 27.136v691.2a38.186667 38.186667 0 0 1-11.349334 27.136 38.997333 38.997333 0 0 1-27.434666 11.264H124.117333a38.997333 38.997333 0 0 1-27.434666-11.264A38.186667 38.186667 0 0 1 85.333333 857.6V166.4c0-10.197333 4.096-19.968 11.349334-27.136A38.997333 38.997333 0 0 1 124.16 128h775.765333z m-38.741333 76.8H162.901333v614.4h698.197334V204.8z m-336.213334 96.213333l34.432 3.754667a19.498667 19.498667 0 0 1 16.512 13.738667 19.029333 19.029333 0 0 1 0.64 7.466666l-0.085333 0.512-49.834667 360.832a19.157333 19.157333 0 0 1-7.253333 12.544 19.541333 19.541333 0 0 1-14.08 3.925334l-34.432-3.797334a19.541333 19.541333 0 0 1-16.554667-14.08 19.029333 19.029333 0 0 1-0.512-7.594666l49.834667-360.832a19.541333 19.541333 0 0 1 21.333333-16.512zM378.026667 395.989333l24.32 22.357334a19.2 19.2 0 0 1 4.821333 21.077333 19.2 19.2 0 0 1-4.138667 6.4l-66.944 67.754667 66.944 67.712a19.114667 19.114667 0 0 1-0.341333 27.178666l-0.341333 0.341334-24.32 22.357333a19.541333 19.541333 0 0 1-26.965334-0.554667l-103.893333-103.509333a19.114667 19.114667 0 0 1 0-27.093333l103.893333-103.466667a19.498667 19.498667 0 0 1 26.965334-0.554667z m294.997333 0.554667l103.893333 103.466667a19.114667 19.114667 0 0 1 0 27.093333l-103.893333 103.509333a19.498667 19.498667 0 0 1-26.965333 0.554667l-24.32-22.357333a19.2 19.2 0 0 1-0.64-27.52l66.901333-67.712-66.901333-67.754667a19.157333 19.157333 0 0 1 0.64-27.477333l24.32-22.357334a19.498667 19.498667 0 0 1 26.965333 0.554667z\" fill=\"#1D2129\">\u003C/path>\u003C/symbol>\u003Csymbol id=\"iconCombination_of_characters\" viewBox=\"0 0 1024 1024\">\u003Cpath d=\"M320 277.333333a128.042667 128.042667 0 0 1 256 0 128.042667 128.042667 0 0 1-256 0z m128-213.333333a213.333333 213.333333 0 1 0 0.085333 426.752A213.333333 213.333333 0 0 0 448 64zM176 768c18.986667-73.6 85.76-128 165.333333-128h171.733334a21.333333 21.333333 0 0 0 21.333333-21.333333v-42.666667a21.333333 21.333333 0 0 0-21.333333-21.333333H341.333333a256 256 0 0 0-256 256v85.333333c0 23.552 19.2 42.666667 42.666667 42.666667h385.066667a21.333333 21.333333 0 0 0 21.333333-21.333334v-42.666666a21.333333 21.333333 0 0 0-21.333333-21.333334H170.666667v-42.666666c0-14.762667 1.92-29.013333 5.333333-42.666667zM789.333333 597.333333h-42.666666a21.333333 21.333333 0 0 0-21.333334 21.333334V725.333333h-106.666666a21.333333 21.333333 0 0 0-21.333334 21.333334v42.666666a21.333333 21.333333 0 0 0 21.333334 21.333334H725.333333v106.666666a21.333333 21.333333 0 0 0 21.333334 21.333334h42.666666a21.333333 21.333333 0 0 0 21.333334-21.333334V810.666667h106.666666a21.333333 21.333333 0 0 0 21.333334-21.333334v-42.666666a21.333333 21.333333 0 0 0-21.333334-21.333334H810.666667v-106.666666a21.333333 21.333333 0 0 0-21.333334-21.333334z\" fill=\"#1D2129\">\u003C/path>\u003C/symbol>\u003Csymbol id=\"iconPrevious2\" viewBox=\"0 0 1024 1024\">\u003Cpath d=\"M36.693333 190.293333h153.6v651.946667h-153.6zM517.973333 536.746667l432.64 319.146666c17.066667 12.8 40.96 0 40.96-20.48V197.12c0-21.333333-23.893333-33.28-40.96-20.48L517.973333 495.786667c-14.506667 10.24-14.506667 30.72 0 40.96z\" fill=\"#6B7580\">\u003C/path>\u003Cpath d=\"M572.586667 142.506667L189.44 425.813333V605.866667l383.146667 283.306666c17.066667 12.8 41.813333 0 41.813333-21.333333V163.84c0-21.333333-23.893333-33.28-41.813333-21.333333z\" fill=\"#6B7580\">\u003C/path>\u003C/symbol>\u003Csymbol id=\"iconForward2\" viewBox=\"0 0 1024 1024\">\u003Cpath d=\"M56.32 536.746667l477.013333 352.426666c17.066667 12.8 41.813333 0 41.813334-21.333333V163.84c0-21.333333-23.893333-33.28-41.813334-21.333333L56.32 494.933333c-14.506667 11.093333-14.506667 31.573333 0 41.813334z\" fill=\"#6B7580\">\u003C/path>\u003Cpath d=\"M478.72 536.746667l432.64 319.146666c17.066667 12.8 40.96 0 40.96-20.48V197.12c0-21.333333-23.893333-33.28-40.96-20.48L478.72 495.786667c-14.506667 10.24-14.506667 30.72 0 40.96z\" fill=\"#6B7580\">\u003C/path>\u003C/symbol>\u003Csymbol id=\"iconPause2\" viewBox=\"0 0 1024 1024\">\u003Cpath d=\"M284.16 190.293333h153.6v651.946667h-153.6zM574.293333 190.293333h153.6v651.946667h-153.6z\" fill=\"#6B7580\">\u003C/path>\u003C/symbol>\u003Csymbol id=\"iconNext2\" viewBox=\"0 0 1024 1024\">\u003Cpath d=\"M837.12 190.293333h153.6v651.946667h-153.6z\" fill=\"#6B7580\">\u003C/path>\u003Cpath d=\"M932.693333 536.746667l-477.013333 352.426666c-17.066667 12.8-41.813333 0-41.813333-21.333333V163.84c0-21.333333 23.893333-33.28 41.813333-21.333333L932.693333 494.933333c13.653333 11.093333 13.653333 31.573333 0 41.813334z\" fill=\"#6B7580\">\u003C/path>\u003Cpath d=\"M510.293333 536.746667L77.653333 855.893333c-17.066667 12.8-40.96 0-40.96-20.48V197.12c0-21.333333 23.893333-33.28 40.96-20.48l432.64 319.146667a25.6 25.6 0 0 1 0 40.96z\" fill=\"#6B7580\">\u003C/path>\u003C/symbol>\u003Csymbol id=\"iconReverse2\" viewBox=\"0 0 1024 1024\">\u003Cpath d=\"M966.826667 536.746667l-477.013334 352.426666c-17.066667 12.8-41.813333 0-41.813333-21.333333V163.84c0-21.333333 23.893333-33.28 41.813333-21.333333L966.826667 494.933333c13.653333 11.093333 13.653333 31.573333 0 41.813334z\" fill=\"#6B7580\">\u003C/path>\u003Cpath d=\"M544.426667 536.746667l-432.64 319.146666c-17.066667 12.8-40.96 0-40.96-20.48V197.12c0-21.333333 23.893333-33.28 40.96-20.48l432.64 319.146667a25.6 25.6 0 0 1 0 40.96z\" fill=\"#6B7580\">\u003C/path>\u003C/symbol>\u003Csymbol id=\"iconPlay2\" viewBox=\"0 0 1024 1024\">\u003Cpath d=\"M229.546667 532.48l477.013333 352.426667c17.066667 12.8 41.813333 0 41.813333-21.333334V159.573333c0-21.333333-23.893333-33.28-41.813333-21.333333L229.546667 490.666667c-13.653333 10.24-13.653333 31.573333 0 41.813333z\" fill=\"#6B7580\">\u003C/path>\u003C/symbol>\u003Csymbol id=\"iconicon_wifi4_enabled\" viewBox=\"0 0 1024 1024\">\u003Cpath d=\"M514.497561 510.75122m-485.77561 0a485.77561 485.77561 0 1 0 971.55122 0 485.77561 485.77561 0 1 0-971.55122 0Z\" fill=\"#FFFFFF\">\u003C/path>\u003Cpath d=\"M516.995122 821.697561c-4.995122 0-14.985366-8.741463-32.468293-24.97561-17.482927-17.482927-24.97561-28.721951-24.975609-32.468292 0-7.492683 7.492683-13.736585 22.478048-18.731708 14.985366-4.995122 26.22439-7.492683 36.214634-7.492683s22.478049 2.497561 36.214635 7.492683 22.478049 12.487805 22.478048 18.731708c0 4.995122-8.741463 14.985366-24.975609 32.468292-18.731707 16.234146-29.970732 24.97561-34.965854 24.97561zM608.156098 715.55122c-1.24878 0-4.995122-2.497561-13.736586-8.741464-8.741463-4.995122-21.229268-12.487805-36.214634-17.482927-14.985366-4.995122-29.970732-8.741463-44.956098-8.741463-14.985366 0-29.970732 2.497561-44.956097 8.741463-14.985366 4.995122-26.22439 12.487805-36.214634 17.482927-8.741463 4.995122-13.736585 8.741463-14.985366 8.741464-4.995122 0-14.985366-8.741463-32.468293-26.224391-17.482927-17.482927-26.22439-28.721951-26.22439-32.468292 0-2.497561 1.24878-4.995122 3.746341-8.741464 18.731707-18.731707 41.209756-32.468293 68.682927-42.458536 27.473171-9.990244 54.946341-14.985366 82.419512-14.985366 27.473171 0 53.697561 4.995122 82.419513 14.985366 27.473171 9.990244 49.95122 24.97561 68.682927 42.458536 2.497561 2.497561 3.746341 4.995122 3.746341 8.741464 0 4.995122-8.741463 14.985366-26.22439 32.468292-18.731707 16.234146-29.970732 26.22439-33.717073 26.224391z\" fill=\"#0567FF\">\u003C/path>\u003Cpath d=\"M708.058537 596.917073c-2.497561 0-4.995122-1.24878-8.741464-2.497561-32.468293-24.97561-61.190244-42.458537-88.663414-54.946341-27.473171-12.487805-58.692683-17.482927-93.658537-17.482927-19.980488 0-39.960976 2.497561-59.941463 7.492683-19.980488 4.995122-37.463415 11.239024-52.448781 18.731707s-28.721951 14.985366-39.960976 22.478049-19.980488 12.487805-27.47317 16.234146c-6.243902 4.995122-9.990244 7.492683-11.239025 7.492683-3.746341 0-14.985366-8.741463-32.468292-26.22439-17.482927-17.482927-26.22439-28.721951-26.224391-32.468293 0-2.497561 1.24878-4.995122 3.746342-7.492683 31.219512-31.219512 68.682927-54.946341 112.390244-72.429268 43.707317-17.482927 88.663415-24.97561 133.619512-24.97561s89.912195 8.741463 133.619512 24.97561c43.707317 17.482927 81.170732 41.209756 112.390244 72.429268 2.497561 2.497561 3.746341 4.995122 3.746342 7.492683 0 4.995122-8.741463 14.985366-26.224391 32.468293-17.482927 18.731707-28.721951 28.721951-32.468292 28.721951z\" fill=\"#0567FF\">\u003C/path>\u003Cpath d=\"M799.219512 478.282927c-2.497561 0-4.995122-1.24878-7.492683-2.497561-42.458537-36.214634-86.165854-64.936585-131.121951-83.668293-44.956098-18.731707-93.658537-28.721951-147.356098-28.721951s-103.64878 8.741463-147.356097 28.721951c-44.956098 18.731707-88.663415 46.204878-131.121951 83.668293-2.497561 1.24878-4.995122 2.497561-7.492683 2.497561-3.746341 0-14.985366-8.741463-32.468293-26.22439-18.731707-17.482927-26.22439-28.721951-26.22439-32.468293 0-2.497561 1.24878-4.995122 3.746341-8.741464 42.458537-43.707317 94.907317-77.42439 156.097561-101.151219S449.560976 274.731707 513.24878 274.731707s124.878049 12.487805 184.819513 36.214634c59.941463 23.726829 112.390244 57.443902 156.097561 101.15122 2.497561 2.497561 3.746341 4.995122 3.746341 8.741463 0 4.995122-8.741463 14.985366-26.22439 32.468293-18.731707 16.234146-28.721951 24.97561-32.468293 24.97561z\" fill=\"#0567FF\">\u003C/path>\u003C/symbol>\u003Csymbol id=\"iconicon_wifi0_enabled\" viewBox=\"0 0 1024 1024\">\u003Cpath d=\"M514.497561 510.75122m-485.77561 0a485.77561 485.77561 0 1 0 971.55122 0 485.77561 485.77561 0 1 0-971.55122 0Z\" fill=\"#FFFFFF\">\u003C/path>\u003Cpath d=\"M516.995122 821.697561c-4.995122 0-14.985366-8.741463-32.468293-24.97561-17.482927-17.482927-24.97561-28.721951-24.975609-32.468292 0-7.492683 7.492683-13.736585 22.478048-18.731708 14.985366-4.995122 26.22439-7.492683 36.214634-7.492683s22.478049 2.497561 36.214635 7.492683 22.478049 12.487805 22.478048 18.731708c0 4.995122-8.741463 14.985366-24.975609 32.468292-18.731707 16.234146-29.970732 24.97561-34.965854 24.97561z\" fill=\"#0567FF\">\u003C/path>\u003Cpath d=\"M608.156098 715.55122c-1.24878 0-4.995122-2.497561-13.736586-8.741464-8.741463-4.995122-21.229268-12.487805-36.214634-17.482927-14.985366-4.995122-29.970732-8.741463-44.956098-8.741463-14.985366 0-29.970732 2.497561-44.956097 8.741463-14.985366 4.995122-26.22439 12.487805-36.214634 17.482927-8.741463 4.995122-13.736585 8.741463-14.985366 8.741464-4.995122 0-14.985366-8.741463-32.468293-26.224391-17.482927-17.482927-26.22439-28.721951-26.22439-32.468292 0-2.497561 1.24878-4.995122 3.746341-8.741464 18.731707-18.731707 41.209756-32.468293 68.682927-42.458536 27.473171-9.990244 54.946341-14.985366 82.419512-14.985366 27.473171 0 53.697561 4.995122 82.419513 14.985366 27.473171 9.990244 49.95122 24.97561 68.682927 42.458536 2.497561 2.497561 3.746341 4.995122 3.746341 8.741464 0 4.995122-8.741463 14.985366-26.22439 32.468292-18.731707 16.234146-29.970732 26.22439-33.717073 26.224391z\" fill=\"#CCCCCC\">\u003C/path>\u003Cpath d=\"M708.058537 596.917073c-2.497561 0-4.995122-1.24878-8.741464-2.497561-32.468293-24.97561-61.190244-42.458537-88.663414-54.946341-27.473171-12.487805-58.692683-17.482927-93.658537-17.482927-19.980488 0-39.960976 2.497561-59.941463 7.492683-19.980488 4.995122-37.463415 11.239024-52.448781 18.731707s-28.721951 14.985366-39.960976 22.478049-19.980488 12.487805-27.47317 16.234146c-6.243902 4.995122-9.990244 7.492683-11.239025 7.492683-3.746341 0-14.985366-8.741463-32.468292-26.22439-17.482927-17.482927-26.22439-28.721951-26.224391-32.468293 0-2.497561 1.24878-4.995122 3.746342-7.492683 31.219512-31.219512 68.682927-54.946341 112.390244-72.429268 43.707317-17.482927 88.663415-24.97561 133.619512-24.97561s89.912195 8.741463 133.619512 24.97561c43.707317 17.482927 81.170732 41.209756 112.390244 72.429268 2.497561 2.497561 3.746341 4.995122 3.746342 7.492683 0 4.995122-8.741463 14.985366-26.224391 32.468293-17.482927 18.731707-28.721951 28.721951-32.468292 28.721951z\" fill=\"#CCCCCC\">\u003C/path>\u003Cpath d=\"M799.219512 478.282927c-2.497561 0-4.995122-1.24878-7.492683-2.497561-42.458537-36.214634-86.165854-64.936585-131.121951-83.668293-44.956098-18.731707-93.658537-28.721951-147.356098-28.721951s-103.64878 8.741463-147.356097 28.721951c-44.956098 18.731707-88.663415 46.204878-131.121951 83.668293-2.497561 1.24878-4.995122 2.497561-7.492683 2.497561-3.746341 0-14.985366-8.741463-32.468293-26.22439-18.731707-17.482927-26.22439-28.721951-26.22439-32.468293 0-2.497561 1.24878-4.995122 3.746341-8.741464 42.458537-43.707317 94.907317-77.42439 156.097561-101.151219S449.560976 274.731707 513.24878 274.731707s124.878049 12.487805 184.819513 36.214634c59.941463 23.726829 112.390244 57.443902 156.097561 101.15122 2.497561 2.497561 3.746341 4.995122 3.746341 8.741463 0 4.995122-8.741463 14.985366-26.22439 32.468293-18.731707 16.234146-28.721951 24.97561-32.468293 24.97561z\" fill=\"#CCCCCC\">\u003C/path>\u003C/symbol>\u003Csymbol id=\"iconicon_wifi2_enabled\" viewBox=\"0 0 1024 1024\">\u003Cpath d=\"M514.497561 510.75122m-485.77561 0a485.77561 485.77561 0 1 0 971.55122 0 485.77561 485.77561 0 1 0-971.55122 0Z\" fill=\"#FFFFFF\">\u003C/path>\u003Cpath d=\"M516.995122 821.697561c-4.995122 0-14.985366-8.741463-32.468293-24.97561-17.482927-17.482927-24.97561-28.721951-24.975609-32.468292 0-7.492683 7.492683-13.736585 22.478048-18.731708 14.985366-4.995122 26.22439-7.492683 36.214634-7.492683s22.478049 2.497561 36.214635 7.492683 22.478049 12.487805 22.478048 18.731708c0 4.995122-8.741463 14.985366-24.975609 32.468292-18.731707 16.234146-29.970732 24.97561-34.965854 24.97561zM608.156098 715.55122c-1.24878 0-4.995122-2.497561-13.736586-8.741464-8.741463-4.995122-21.229268-12.487805-36.214634-17.482927-14.985366-4.995122-29.970732-8.741463-44.956098-8.741463-14.985366 0-29.970732 2.497561-44.956097 8.741463-14.985366 4.995122-26.22439 12.487805-36.214634 17.482927-8.741463 4.995122-13.736585 8.741463-14.985366 8.741464-4.995122 0-14.985366-8.741463-32.468293-26.224391-17.482927-17.482927-26.22439-28.721951-26.22439-32.468292 0-2.497561 1.24878-4.995122 3.746341-8.741464 18.731707-18.731707 41.209756-32.468293 68.682927-42.458536 27.473171-9.990244 54.946341-14.985366 82.419512-14.985366 27.473171 0 53.697561 4.995122 82.419513 14.985366 27.473171 9.990244 49.95122 24.97561 68.682927 42.458536 2.497561 2.497561 3.746341 4.995122 3.746341 8.741464 0 4.995122-8.741463 14.985366-26.22439 32.468292-18.731707 16.234146-29.970732 26.22439-33.717073 26.224391z\" fill=\"#0567FF\">\u003C/path>\u003Cpath d=\"M708.058537 596.917073c-2.497561 0-4.995122-1.24878-8.741464-2.497561-32.468293-24.97561-61.190244-42.458537-88.663414-54.946341-27.473171-12.487805-58.692683-17.482927-93.658537-17.482927-19.980488 0-39.960976 2.497561-59.941463 7.492683-19.980488 4.995122-37.463415 11.239024-52.448781 18.731707s-28.721951 14.985366-39.960976 22.478049-19.980488 12.487805-27.47317 16.234146c-6.243902 4.995122-9.990244 7.492683-11.239025 7.492683-3.746341 0-14.985366-8.741463-32.468292-26.22439-17.482927-17.482927-26.22439-28.721951-26.224391-32.468293 0-2.497561 1.24878-4.995122 3.746342-7.492683 31.219512-31.219512 68.682927-54.946341 112.390244-72.429268 43.707317-17.482927 88.663415-24.97561 133.619512-24.97561s89.912195 8.741463 133.619512 24.97561c43.707317 17.482927 81.170732 41.209756 112.390244 72.429268 2.497561 2.497561 3.746341 4.995122 3.746342 7.492683 0 4.995122-8.741463 14.985366-26.224391 32.468293-17.482927 18.731707-28.721951 28.721951-32.468292 28.721951z\" fill=\"#0567FF\">\u003C/path>\u003Cpath d=\"M799.219512 478.282927c-2.497561 0-4.995122-1.24878-7.492683-2.497561-42.458537-36.214634-86.165854-64.936585-131.121951-83.668293-44.956098-18.731707-93.658537-28.721951-147.356098-28.721951s-103.64878 8.741463-147.356097 28.721951c-44.956098 18.731707-88.663415 46.204878-131.121951 83.668293-2.497561 1.24878-4.995122 2.497561-7.492683 2.497561-3.746341 0-14.985366-8.741463-32.468293-26.22439-18.731707-17.482927-26.22439-28.721951-26.22439-32.468293 0-2.497561 1.24878-4.995122 3.746341-8.741464 42.458537-43.707317 94.907317-77.42439 156.097561-101.151219S449.560976 274.731707 513.24878 274.731707s124.878049 12.487805 184.819513 36.214634c59.941463 23.726829 112.390244 57.443902 156.097561 101.15122 2.497561 2.497561 3.746341 4.995122 3.746341 8.741463 0 4.995122-8.741463 14.985366-26.22439 32.468293-18.731707 16.234146-28.721951 24.97561-32.468293 24.97561z\" fill=\"#CCCCCC\">\u003C/path>\u003C/symbol>\u003Csymbol id=\"iconicon_wifi1_enabled\" viewBox=\"0 0 1024 1024\">\u003Cpath d=\"M514.497561 510.75122m-485.77561 0a485.77561 485.77561 0 1 0 971.55122 0 485.77561 485.77561 0 1 0-971.55122 0Z\" fill=\"#FFFFFF\">\u003C/path>\u003Cpath d=\"M516.995122 821.697561c-4.995122 0-14.985366-8.741463-32.468293-24.97561-17.482927-17.482927-24.97561-28.721951-24.975609-32.468292 0-7.492683 7.492683-13.736585 22.478048-18.731708 14.985366-4.995122 26.22439-7.492683 36.214634-7.492683s22.478049 2.497561 36.214635 7.492683 22.478049 12.487805 22.478048 18.731708c0 4.995122-8.741463 14.985366-24.975609 32.468292-18.731707 16.234146-29.970732 24.97561-34.965854 24.97561zM608.156098 715.55122c-1.24878 0-4.995122-2.497561-13.736586-8.741464-8.741463-4.995122-21.229268-12.487805-36.214634-17.482927-14.985366-4.995122-29.970732-8.741463-44.956098-8.741463-14.985366 0-29.970732 2.497561-44.956097 8.741463-14.985366 4.995122-26.22439 12.487805-36.214634 17.482927-8.741463 4.995122-13.736585 8.741463-14.985366 8.741464-4.995122 0-14.985366-8.741463-32.468293-26.224391-17.482927-17.482927-26.22439-28.721951-26.22439-32.468292 0-2.497561 1.24878-4.995122 3.746341-8.741464 18.731707-18.731707 41.209756-32.468293 68.682927-42.458536 27.473171-9.990244 54.946341-14.985366 82.419512-14.985366 27.473171 0 53.697561 4.995122 82.419513 14.985366 27.473171 9.990244 49.95122 24.97561 68.682927 42.458536 2.497561 2.497561 3.746341 4.995122 3.746341 8.741464 0 4.995122-8.741463 14.985366-26.22439 32.468292-18.731707 16.234146-29.970732 26.22439-33.717073 26.224391z\" fill=\"#0567FF\">\u003C/path>\u003Cpath d=\"M708.058537 596.917073c-2.497561 0-4.995122-1.24878-8.741464-2.497561-32.468293-24.97561-61.190244-42.458537-88.663414-54.946341-27.473171-12.487805-58.692683-17.482927-93.658537-17.482927-19.980488 0-39.960976 2.497561-59.941463 7.492683-19.980488 4.995122-37.463415 11.239024-52.448781 18.731707s-28.721951 14.985366-39.960976 22.478049-19.980488 12.487805-27.47317 16.234146c-6.243902 4.995122-9.990244 7.492683-11.239025 7.492683-3.746341 0-14.985366-8.741463-32.468292-26.22439-17.482927-17.482927-26.22439-28.721951-26.224391-32.468293 0-2.497561 1.24878-4.995122 3.746342-7.492683 31.219512-31.219512 68.682927-54.946341 112.390244-72.429268 43.707317-17.482927 88.663415-24.97561 133.619512-24.97561s89.912195 8.741463 133.619512 24.97561c43.707317 17.482927 81.170732 41.209756 112.390244 72.429268 2.497561 2.497561 3.746341 4.995122 3.746342 7.492683 0 4.995122-8.741463 14.985366-26.224391 32.468293-17.482927 18.731707-28.721951 28.721951-32.468292 28.721951z\" fill=\"#CCCCCC\">\u003C/path>\u003Cpath d=\"M799.219512 478.282927c-2.497561 0-4.995122-1.24878-7.492683-2.497561-42.458537-36.214634-86.165854-64.936585-131.121951-83.668293-44.956098-18.731707-93.658537-28.721951-147.356098-28.721951s-103.64878 8.741463-147.356097 28.721951c-44.956098 18.731707-88.663415 46.204878-131.121951 83.668293-2.497561 1.24878-4.995122 2.497561-7.492683 2.497561-3.746341 0-14.985366-8.741463-32.468293-26.22439-18.731707-17.482927-26.22439-28.721951-26.22439-32.468293 0-2.497561 1.24878-4.995122 3.746341-8.741464 42.458537-43.707317 94.907317-77.42439 156.097561-101.151219S449.560976 274.731707 513.24878 274.731707s124.878049 12.487805 184.819513 36.214634c59.941463 23.726829 112.390244 57.443902 156.097561 101.15122 2.497561 2.497561 3.746341 4.995122 3.746341 8.741463 0 4.995122-8.741463 14.985366-26.22439 32.468293-18.731707 16.234146-28.721951 24.97561-32.468293 24.97561z\" fill=\"#CCCCCC\">\u003C/path>\u003C/symbol>\u003Csymbol id=\"iconBig_ico\" viewBox=\"0 0 1024 1024\">\u003Cpath d=\"M861.098667 128H162.901333a32.042667 32.042667 0 0 0-24.661333 12.501333C131.669333 148.48 128 159.36 128 170.666667v682.666666c0 11.306667 3.669333 22.186667 10.24 30.165334a32.042667 32.042667 0 0 0 24.661333 12.501333h698.197334a32.042667 32.042667 0 0 0 24.661333-12.501333c6.570667-7.978667 10.24-18.858667 10.24-30.165334V170.666667c0-11.306667-3.669333-22.186667-10.24-30.165334A32.042667 32.042667 0 0 0 861.098667 128zM197.802667 810.666667V213.333333h628.394666v597.333334H197.802667z\" fill=\"#1D2129\">\u003C/path>\u003C/symbol>\u003Csymbol id=\"iconmore_help-2\" viewBox=\"0 0 1024 1024\">\u003Cpath d=\"M512 85.333333C276.352 85.333333 85.333333 276.352 85.333333 512s191.018667 426.666667 426.666667 426.666667 426.666667-191.018667 426.666667-426.666667S747.733333 85.333333 512 85.333333z m-13.653333 684.544c-27.264 0-49.493333-22.613333-49.493334-50.432a49.92 49.92 0 0 1 49.493334-50.432c27.306667 0 49.493333 22.528 49.493333 50.432 0 27.904-22.186667 50.432-49.493333 50.432z m138.154666-316.757333a137.557333 137.557333 0 0 1-24.405333 33.706667c-9.386667 9.472-26.24 25.386667-50.602667 47.701333a207.829333 207.829333 0 0 0-16.128 16.64 74.069333 74.069333 0 0 0-9.088 13.098667 60.501333 60.501333 0 0 0-4.565333 11.989333c-1.024 4.053333-2.688 10.965333-4.821333 20.906667-3.754667 21.12-15.616 31.658667-35.328 31.658666a35.029333 35.029333 0 0 1-25.941334-10.410666c-7.04-6.912-10.538667-17.152-10.538666-30.890667 0-17.066667 2.56-31.914667 7.722666-44.416 5.205333-12.501333 11.989333-23.466667 20.48-32.981333 8.448-9.386667 19.925333-20.736 34.389334-33.664 12.714667-11.349333 21.802667-19.925333 27.392-25.813334 5.674667-5.802667 10.410667-12.202667 14.250666-19.413333a48.213333 48.213333 0 0 0 5.802667-23.253333c0-16.213333-5.888-29.952-17.664-41.130667-11.776-11.136-27.008-16.853333-45.568-16.853333-21.802667 0-37.802667 5.717333-48.042667 16.938666-10.325333 11.264-19.029333 27.904-26.026666 49.834667-6.741333 23.04-19.541333 34.474667-38.357334 34.474667a37.546667 37.546667 0 0 1-28.074666-11.946667c-7.68-8.106667-11.477333-16.768-11.477334-26.026667 0-19.370667 5.973333-38.869333 18.090667-58.709333 11.946667-19.84 29.653333-36.266667 52.778667-49.28 23.125333-13.013333 50.090667-19.541333 80.981333-19.541333 28.629333 0 54.058667 5.504 75.946667 16.341333 22.016 10.837333 38.954667 25.728 50.944 44.416 11.946667 18.688 17.962667 39.04 17.962666 61.056 0.085333 17.237333-3.2 32.426667-10.112 45.568z\" fill=\"#1D2129\">\u003C/path>\u003C/symbol>\u003Csymbol id=\"iconReboot1\" viewBox=\"0 0 1024 1024\">\u003Cpath d=\"M405.333333 426.666667a21.333333 21.333333 0 0 0 21.333334-21.333334v-42.666666a21.333333 21.333333 0 0 0-21.333334-21.333334H266.88a298.666667 298.666667 0 1 1-41.173333 256H137.514667c38.826667 171.050667 191.744 298.666667 374.485333 298.666667A384 384 0 1 0 213.333333 270.634667V149.333333a21.333333 21.333333 0 0 0-21.333333-21.333333h-42.666667a21.333333 21.333333 0 0 0-21.333333 21.333333V384a42.666667 42.666667 0 0 0 39.466667 42.538667L170.666667 426.666667h234.666666z\" fill=\"#1D2129\">\u003C/path>\u003C/symbol>\u003Csymbol id=\"iconLogout-21\" viewBox=\"0 0 1024 1024\">\u003Cpath d=\"M849.322667 730.282667h-68.352a15.018667 15.018667 0 0 0-11.946667 5.717333 344.96 344.96 0 0 1-118.741333 93.866667 338.048 338.048 0 0 1-146.602667 33.28 336.768 336.768 0 0 1-131.84-26.581334 342.528 342.528 0 0 1-111.701333-76.245333 350.933333 350.933333 0 0 1-73.898667-111.658667A354.048 354.048 0 0 1 159.274667 512a355.882667 355.882667 0 0 1 26.112-134.4A350.08 350.08 0 0 1 260.138667 263.68a343.552 343.552 0 0 1 111.744-76.202667 337.834667 337.834667 0 0 1 131.797333-26.709333 338.090667 338.090667 0 0 1 146.602667 33.28 344.96 344.96 0 0 1 118.741333 93.866667 15.274667 15.274667 0 0 0 11.946667 5.76h68.352a7.893333 7.893333 0 0 0 6.485333-12.202667 421.674667 421.674667 0 0 0-152.021333-144.213333A411.349333 411.349333 0 0 0 502.613333 85.333333a410.069333 410.069333 0 0 0-160.853333 32.981334 417.066667 417.066667 0 0 0-135.936 93.653333c-38.826667 40.106667-69.418667 87.637333-90.112 139.904a433.92 433.92 0 0 0-30.336 164.565333 431.317333 431.317333 0 0 0 124.117333 298.88A413.866667 413.866667 0 0 0 503.68 938.666667a411.52 411.52 0 0 0 200.618667-52.181334 421.76 421.76 0 0 0 151.466666-144.042666 8.106667 8.106667 0 0 0 0.256-7.978667 7.893333 7.893333 0 0 0-6.698666-4.138667v-0.042666z m86.4-224.554667L797.738667 394.666667a7.68 7.68 0 0 0-11.434667 2.005333 8.106667 8.106667 0 0 0-1.194667 4.224v75.434667H480a7.68 7.68 0 0 0-5.504 2.304 8.021333 8.021333 0 0 0-2.261333 5.632v55.552c0 4.309333 3.498667 7.893333 7.765333 7.893333h305.152v75.434667c0 6.656 7.594667 10.410667 12.629333 6.229333l137.984-111.146667a7.936 7.936 0 0 0 2.133334-9.685333 7.978667 7.978667 0 0 0-2.133334-2.773333z\" fill=\"#1D2129\">\u003C/path>\u003C/symbol>\u003Csymbol id=\"iconFeedbackl\" viewBox=\"0 0 1024 1024\">\u003Cpath d=\"M896 85.333333c23.552 0 42.666667 19.498667 42.666667 43.562667V746.24a43.093333 43.093333 0 0 1-42.666667 43.562667h-213.333333l-140.501334 136.106666a41.984 41.984 0 0 1-60.330666 0L341.333333 789.802667H128c-23.594667 0-42.666667-19.498667-42.666667-43.562667V128.896A43.093333 43.093333 0 0 1 128 85.333333h768z m-42.666667 85.333334H170.666667v533.76h206.037333L512 832l135.296-127.573333H853.333333V170.666667z m-277.333333 298.666666a21.333333 21.333333 0 0 1 21.333333 21.333334v42.666666a21.333333 21.333333 0 0 1-21.333333 21.333334h-298.666667a21.333333 21.333333 0 0 1-21.333333-21.333334v-42.666666a21.333333 21.333333 0 0 1 21.333333-21.333334h298.666667z m170.666667-170.666666a21.333333 21.333333 0 0 1 21.333333 21.333333v42.666667a21.333333 21.333333 0 0 1-21.333333 21.333333h-469.333334a21.333333 21.333333 0 0 1-21.333333-21.333333v-42.666667a21.333333 21.333333 0 0 1 21.333333-21.333333h469.333334z\" fill=\"#1D2129\">\u003C/path>\u003C/symbol>\u003Csymbol id=\"iconvirtual_machine\" viewBox=\"0 0 1024 1024\">\u003Cpath d=\"M846.506667 365.226667c-10.24 0.853333-52.906667 1.706667-96.426667 1.706666H121.173333c-43.52 0-86.186667-0.853333-96.426666-1.706666S5.973333 334.506667 5.973333 302.933333c0-30.72 4.266667-58.88 9.386667-61.44 3.413333-0.853333 62.293333-2.56 105.813333-2.56h701.44c2.56 0 12.8 0.853333 23.04 1.706667s18.773333 11.946667 18.773334 21.333333v57.173334c1.706667 22.186667-6.826667 44.373333-17.92 46.08z\" fill=\"#FFE9B4\">\u003C/path>\u003Cpath d=\"M436.906667 401.92H5.12V206.506667c0-20.48 18.773333-36.693333 36.693333-36.693334h295.253334c18.773333 0 30.72 9.386667 35.84 26.453334l64 205.653333z\" fill=\"#FFB02C\">\u003C/path>\u003Cpath d=\"M940.373333 482.986667H685.226667c-43.52 0-79.36 34.986667-79.36 79.36v13.653333c-32.426667 0-59.733333 27.306667-59.733334 60.586667v254.293333c0 33.28 26.453333 60.586667 60.586667 60.586667H861.866667c31.573333 0 58.026667-24.746667 60.586666-56.32h17.066667c43.52 0 79.36-34.986667 79.36-79.36V562.346667c0.853333-43.52-34.986667-79.36-78.506667-79.36z m41.813334 334.506666c0 23.04-18.773333 42.666667-42.666667 42.666667h-17.066667V636.586667c0-33.28-27.306667-60.586667-61.44-60.586667H643.413333v-13.653333c0-23.04 18.773333-42.666667 42.666667-42.666667h254.293333c23.04 0 42.666667 18.773333 42.666667 42.666667-0.853333 0-0.853333 255.146667-0.853333 255.146666z\" fill=\"#0644B2\">\u003C/path>\u003Cpath d=\"M519.68 855.04V626.346667s-9.386667-67.413333 59.733333-73.386667c0 0-11.093333-71.68 62.293334-91.306667 0 0 3.413333-1.706667 12.8-1.706666h212.48V326.826667c0.853333-19.626667-15.36-36.693333-36.693334-36.693334H43.52c-11.946667 0-24.746667 6.826667-31.573333 17.92-4.266667 5.973333-6.826667 12.8-6.826667 20.48V819.2c0 20.48 18.773333 36.693333 36.693333 36.693333h459.093334l-1.706667-1.706666 20.48 0.853333z\" fill=\"#FFCA28\">\u003C/path>\u003C/symbol>\u003Csymbol id=\"iconcamera\" viewBox=\"0 0 1024 1024\">\u003Cpath d=\"M517.973333 913.066667c-228.693333 0-420.693333-178.346667-436.906666-405.333334l-3.413334-41.813333h880.64l-2.56 41.813333C938.666667 735.573333 745.813333 913.066667 517.973333 913.066667zM164.693333 544.426667c32.426667 166.4 180.053333 290.133333 353.28 290.133333s320.853333-123.733333 353.28-290.133333H164.693333z\" fill=\"#333333\">\u003C/path>\u003Cpath d=\"M517.973333 809.813333c-66.56 0-120.32-54.613333-120.32-120.32S452.266667 569.173333 517.973333 569.173333 638.293333 622.933333 638.293333 689.493333s-53.76 120.32-120.32 120.32z m0-171.52c-28.16 0-50.346667 23.04-50.346666 50.346667s23.04 50.346667 50.346666 50.346667 50.346667-23.04 50.346667-50.346667-22.186667-50.346667-50.346667-50.346667zM936.96 544.426667H98.133333c-40.96 0-74.24-33.28-74.24-74.24v-204.8c0-40.96 33.28-74.24 74.24-74.24h837.973334c40.96 0 74.24 33.28 74.24 74.24v204.8c1.706667 40.96-32.426667 74.24-73.386667 74.24zM102.4 465.92h830.293333v-196.266667H102.4v196.266667z\" fill=\"#333333\">\u003C/path>\u003C/symbol>\u003Csymbol id=\"iconShut_down\" viewBox=\"0 0 1024 1024\">\u003Cpath d=\"M682.666667 177.92c150.698667 61.226667 256 201.130667 256 363.861333C938.666667 760.96 747.648 938.666667 512 938.666667S85.333333 760.96 85.333333 541.781333c0-162.773333 105.301333-302.634667 256-363.904v88.832c-102.016 54.912-170.666667 157.525333-170.666666 275.072 0 175.36 152.832 317.525333 341.333333 317.525334 188.544 0 341.333333-142.165333 341.333333-317.525334 0-117.546667-68.650667-220.16-170.666666-275.072V177.92z m-213.333334 363.861333V105.173333a19.2 19.2 0 0 1 6.229334-14.037333A22.186667 22.186667 0 0 1 490.666667 85.333333h42.666666a22.186667 22.186667 0 0 1 15.104 5.802667 19.2 19.2 0 0 1 6.229334 14.08v436.565333a19.2 19.2 0 0 1-6.229334 14.037334 22.186667 22.186667 0 0 1-15.104 5.802666h-42.666666a22.186667 22.186667 0 0 1-15.104-5.802666 19.2 19.2 0 0 1-6.229334-14.08z\" fill=\"#1D2129\">\u003C/path>\u003C/symbol>\u003Csymbol id=\"iconfast_forward\" viewBox=\"0 0 1024 1024\">\u003Cpath d=\"M610.602667 489.088L228.138667 95.146667a32 32 0 0 0-42.453334-3.072l-3.413333 3.072-45.013333 46.378666a32.853333 32.853333 0 0 0 0 45.781334L452.565333 512l-315.264 324.778667a32.853333 32.853333 0 0 0 0 45.781333l45.013334 46.378667a32 32 0 0 0 42.453333 3.072l3.413333-3.072 382.464-394.069334a32.853333 32.853333 0 0 0 0-45.781333z m318.805333 0L546.944 95.146667a32 32 0 0 0-42.496-3.072l-3.413333 3.072-44.970667 46.378666a32.853333 32.853333 0 0 0 0 45.781334L771.285333 512l-315.221333 324.778667a32.853333 32.853333 0 0 0 0 45.781333l45.013333 46.378667a32 32 0 0 0 42.453334 3.072l3.413333-3.072 382.464-394.069334a32.853333 32.853333 0 0 0 0-45.781333z\" fill=\"#1D2129\">\u003C/path>\u003C/symbol>\u003Csymbol id=\"iconrewind\" viewBox=\"0 0 1024 1024\">\u003Cpath d=\"M567.936 882.56a32.853333 32.853333 0 0 0 0-45.781333L252.714667 512l315.221333-324.778667a32.853333 32.853333 0 0 0 0-45.781333l-45.013333-46.378667a32.128 32.128 0 0 0-35.328-7.168 32.128 32.128 0 0 0-10.496 7.168l-382.506667 394.069334a32.853333 32.853333 0 0 0 0 45.781333l382.464 394.026667a32.170667 32.170667 0 0 0 22.912 9.728 31.872 31.872 0 0 0 22.954667-9.728l45.013333-46.378667z m318.805333-45.781333L571.477333 512l315.264-324.778667a32.853333 32.853333 0 0 0 0-45.781333l-45.056-46.378667A32.128 32.128 0 0 0 818.773333 85.333333a31.744 31.744 0 0 0-22.912 9.728l-382.464 394.069334a32.853333 32.853333 0 0 0 0 45.781333l382.464 394.026667a32.170667 32.170667 0 0 0 22.912 9.728 31.872 31.872 0 0 0 22.912-9.728l45.056-46.378667a32.853333 32.853333 0 0 0 0-45.781333z\" fill=\"#1D2129\">\u003C/path>\u003C/symbol>\u003Csymbol id=\"iconmute\" viewBox=\"0 0 1024 1024\">\u003Cpath d=\"M114.909867 110.08l58.3936-49.877333 693.3504 811.639466-58.3936 49.877334zM772.266667 277.333333c0.853333 0.853333 110.08 85.333333 118.613333 214.186667 4.266667 65.706667-17.92 133.12-67.413333 199.68l52.053333 60.586667c68.266667-86.186667 99.84-174.933333 93.013333-264.533334-11.093333-163.84-143.36-266.24-149.333333-270.506666-17.066667-13.653333-40.96-10.24-53.76 6.826666-13.653333 17.066667-10.24 40.96 6.826667 53.76z\" fill=\"#333333\">\u003C/path>\u003Cpath d=\"M738.986667 520.533333c0 18.773333-4.266667 37.546667-12.8 56.32l53.76 63.146667c24.746667-37.546667 36.693333-77.653333 36.693333-119.466667-1.706667-115.2-99.84-196.266667-104.106667-199.68-16.213333-13.653333-40.106667-11.093333-53.76 5.12-13.653333 16.213333-11.093333 40.106667 5.12 53.76 0 0 74.24 62.293333 75.093334 140.8zM447.146667 250.88l85.333333-84.48c0-0.853333 0.853333-1.706667 2.56-0.853333 1.706667 0.853333 1.706667 1.706667 1.706667 2.56v187.733333L612.693333 443.733333V168.106667c0-32.426667-18.773333-61.44-48.64-73.386667-29.866667-12.8-63.146667-5.973333-86.186666 17.066667l-80.213334 80.213333 49.493334 58.88zM536.746667 565.76v295.253333c0 0.853333 0 1.706667-1.706667 2.56-1.706667 0-1.706667 0-2.56-0.853333L332.8 663.04C317.44 648.533333 297.813333 640 276.48 640H120.32c-1.706667 0-2.56-0.853333-2.56-2.56V402.773333c0-1.706667 0.853333-2.56 2.56-2.56v-0.853333h145.066667c21.333333 0 40.96-7.68 56.32-23.04l29.013333-29.013333-50.346667-58.88-33.28 33.28c0 0.853333-0.853333 0.853333-1.706666 0.853333h-145.066667c-43.52 0-79.36 35.84-79.36 79.36v234.666667c0 43.52 35.84 79.36 79.36 79.36h155.306667c0.853333 0 0.853333 0 1.706666 0.853333L477.866667 917.333333c15.36 15.36 35.84 23.04 56.32 23.04 10.24 0 20.48-1.706667 29.866666-5.12 29.013333-11.946667 48.64-40.96 48.64-73.386666V654.506667l-75.946666-88.746667z\" fill=\"#333333\">\u003C/path>\u003C/symbol>\u003Csymbol id=\"icona-manualrecording\" viewBox=\"0 0 1024 1024\">\u003Cpath d=\"M64 170.666667h597.333333a42.666667 42.666667 0 0 1 42.538667 39.466666L704 213.333333v597.333334a42.666667 42.666667 0 0 1-39.466667 42.538666L661.333333 853.333333h-597.333333a42.666667 42.666667 0 0 1-42.581333-39.466666L21.333333 810.666667V213.333333a42.666667 42.666667 0 0 1 39.466667-42.538666L64 170.666667z m554.666667 85.333333h-512v512h512V256z m384 75.349333v361.301334c0 33.152-39.808 53.632-71.082667 36.565333L768 640V384l163.584-89.216c31.274667-17.066667 71.082667 3.413333 71.082667 36.565333z m-85.333334 75.392l-64 25.6v159.36l64 25.6V406.698667zM320 341.333333v128h-128V341.333333h128z\" fill=\"#1D2129\">\u003C/path>\u003C/symbol>\u003Csymbol id=\"icona-fixedaspectratio\" viewBox=\"0 0 1024 1024\">\u003Cpath d=\"M896 128c11.306667 0 22.186667 4.053333 30.165333 11.264A36.565333 36.565333 0 0 1 938.666667 166.4v691.2a36.565333 36.565333 0 0 1-12.501334 27.136A45.184 45.184 0 0 1 896 896H128c-11.306667 0-22.186667-4.053333-30.165333-11.264A36.565333 36.565333 0 0 1 85.333333 857.6V166.4c0-10.197333 4.48-19.968 12.501334-27.136A45.226667 45.226667 0 0 1 128 128h768z m-42.666667 85.333333H170.666667v597.333334h682.666666V213.333333z\" fill=\"#1D2129\">\u003C/path>\u003Cpath d=\"M320.085333 554.666667a21.333333 21.333333 0 0 0 21.333334-21.333334V384h234.794666a21.333333 21.333333 0 0 0 21.333334-21.333333v-42.666667a21.333333 21.333333 0 0 0-21.333334-21.333333H298.666667a42.666667 42.666667 0 0 0-42.666667 42.666666v192a21.333333 21.333333 0 0 0 21.333333 21.333334h42.752zM725.333333 725.333333a42.666667 42.666667 0 0 0 42.666667-42.666666v-192a21.333333 21.333333 0 0 0-21.333333-21.333334h-42.666667a21.333333 21.333333 0 0 0-21.333333 21.333334V640h-234.666667a21.333333 21.333333 0 0 0-21.333333 21.333333v42.666667a21.333333 21.333333 0 0 0 21.333333 21.333333H725.333333z\" fill=\"#1D2129\">\u003C/path>\u003C/symbol>\u003Csymbol id=\"iconcolumn\" viewBox=\"0 0 1024 1024\">\u003Cpath d=\"M891.264 85.333333C917.461333 85.333333 938.666667 106.581333 938.666667 132.736v758.528A47.402667 47.402667 0 0 1 891.264 938.666667H132.736A47.402667 47.402667 0 0 1 85.333333 891.264V132.736C85.333333 106.538667 106.581333 85.333333 132.736 85.333333h758.528zM341.333333 170.666667H170.666667v682.666666h170.666666V170.666667z m512 0h-170.666666v682.666666h-85.333334V170.666667h-170.666666v682.666666h426.666666V170.666667z\" fill=\"#1D2129\">\u003C/path>\u003C/symbol>\u003Csymbol id=\"iconuser_group\" viewBox=\"0 0 1024 1024\">\u003Cpath d=\"M510.75122 515.746341m-497.014635 0a497.014634 497.014634 0 1 0 994.029269 0 497.014634 497.014634 0 1 0-994.029269 0Z\" fill=\"#E9EFF4\">\u003C/path>\u003Cpath d=\"M394.614634 480.780488c12.487805 9.990244 22.478049 18.731707 33.717073 26.22439 26.22439 17.482927 56.195122 24.97561 87.414634 23.726829 39.960976-2.497561 74.926829-16.234146 103.648781-44.956097 3.746341-3.746341 6.243902-4.995122 11.239024-1.248781 41.209756 33.717073 68.682927 76.17561 83.668293 126.12683 7.492683 28.721951 12.487805 57.443902 9.990244 86.165853-2.497561 23.726829-7.492683 47.453659-26.22439 63.687805-9.990244 9.990244-22.478049 16.234146-36.214634 19.980488-21.229268 6.243902-42.458537 8.741463-64.936586 8.741463-52.44878 0-104.897561 0-157.346341-1.24878-28.721951 0-57.443902-3.746341-86.165854-12.487805-32.468293-11.239024-52.44878-33.717073-57.443902-68.682927-3.746341-27.473171-1.24878-53.697561 4.995122-81.170732 7.492683-33.717073 21.229268-64.936585 41.209756-93.658536 13.736585-18.731707 28.721951-34.965854 47.453658-48.702439 2.497561-1.24878 3.746341-1.24878 4.995122-2.497561z\" fill=\"#1788FF\">\u003C/path>\u003Cpath d=\"M510.75122 497.014634c-63.687805 2.497561-122.380488-52.44878-121.131708-122.380488 1.24878-67.434146 56.195122-119.882927 122.380488-119.882926 66.185366 0 121.131707 53.697561 121.131707 122.380487-1.24878 67.434146-58.692683 121.131707-122.380487 119.882927z\" fill=\"#1788FF\">\u003C/path>\u003Cpath d=\"M689.326829 499.512195c17.482927 7.492683 34.965854 12.487805 53.697561 12.487805 32.468293-1.24878 58.692683-12.487805 81.170732-34.965854 3.746341-3.746341 6.243902-3.746341 9.990244-1.24878 31.219512 24.97561 52.44878 57.443902 63.687805 96.156097 4.995122 18.731707 7.492683 38.712195 7.492683 58.692683 0 14.985366-2.497561 31.219512-9.990244 44.956098-8.741463 14.985366-21.229268 22.478049-37.463415 27.473171-19.980488 6.243902-41.209756 6.243902-62.439024 6.243902h-37.463415c-4.995122 0-6.243902-2.497561-6.243902-6.243902 2.497561-26.22439 1.24878-52.44878-4.995122-78.673171-8.741463-44.956098-27.473171-86.165854-56.195122-121.131707 1.24878 0 1.24878-1.24878-1.248781-3.746342zM328.429268 500.760976c-11.239024 17.482927-22.478049 34.965854-32.468292 53.697561-11.239024 19.980488-17.482927 41.209756-22.478049 62.439024-6.243902 24.97561-7.492683 49.95122-7.492683 74.926829 0 4.995122 1.24878 9.990244 1.24878 13.736586 0 3.746341-1.24878 4.995122-3.746341 4.995122-31.219512 0-62.439024 0-92.409756-7.492683-23.726829-4.995122-42.458537-16.234146-51.2-41.209756-4.995122-13.736585-6.243902-27.473171-4.995122-42.458537 1.24878-23.726829 6.243902-46.204878 14.985366-68.682927 12.487805-29.970732 31.219512-56.195122 57.443902-76.17561 3.746341-2.497561 4.995122-1.24878 7.492683 1.248781 24.97561 23.726829 53.697561 36.214634 88.663415 34.965854 16.234146 0 32.468293-3.746341 44.956097-9.990244z\" fill=\"#7A8EA5\">\u003C/path>\u003Cpath d=\"M279.726829 485.77561c-49.95122 1.24878-93.658537-41.209756-93.658536-91.160976-1.24878-53.697561 42.458537-93.658537 91.160975-94.907317 53.697561-1.24878 93.658537 42.458537 94.907317 89.912195 2.497561 54.946341-44.956098 97.404878-92.409756 96.156098zM741.77561 485.77561c-49.95122 1.24878-91.160976-41.209756-93.658537-89.912195-1.24878-53.697561 42.458537-96.156098 92.409756-96.156098 48.702439-1.24878 93.658537 39.960976 93.658537 94.907317 0 49.95122-43.707317 92.409756-92.409756 91.160976z\" fill=\"#7A8EA5\">\u003C/path>\u003C/symbol>\u003Csymbol id=\"icona-user2\" viewBox=\"0 0 1024 1024\">\u003Cpath d=\"M341.333191 383.99984a170.666596 170.666596 0 1 0 341.290525 0A170.666596 170.666596 0 0 0 341.333191 383.99984z\" fill=\"#F5F7FF\">\u003C/path>\u003Cpath d=\"M511.999787 0c282.773216 0 511.999787 229.226571 511.999786 511.999787S794.773002 1023.999573 511.999787 1023.999573 0 794.773002 0 511.999787 229.226571 0 511.999787 0z m0 213.333244a170.666596 170.666596 0 1 0 0 341.333192 170.666596 170.666596 0 0 0 0-341.333192z\" fill=\"#D6DCED\">\u003C/path>\u003Cpath d=\"M511.999787 639.999733c161.1306 0 296.191877 111.637287 332.031861 261.781225A510.079787 510.079787 0 0 1 511.999787 1023.999573a509.951788 509.951788 0 0 1-331.989195-122.218615C215.80791 751.63702 350.89052 639.999733 511.999787 639.999733z\" fill=\"#F5F7FF\">\u003C/path>\u003C/symbol>\u003Csymbol id=\"iconfolder2\" viewBox=\"0 0 1024 1024\">\u003Cpath d=\"M351.010133 0a136.533333 136.533333 0 0 1 84.650667 29.4144L495.633067 76.8H887.466667c75.409067 0 136.533333 61.124267 136.533333 136.533333v605.866667c0 113.109333-91.690667 204.8-204.8 204.8H640c-72.0384 0-135.3728-37.1968-171.886933-93.422933l-8.234667 11.0592A204.8 204.8 0 0 1 295.697067 1024H204.8c-113.109333 0-204.8-91.690667-204.8-204.8V136.533333C0 61.124267 61.124267 0 136.533333 0h214.4768z\" fill=\"#F8AA28\">\u003C/path>\u003Cpath d=\"M102.4 179.2m102.4 0l614.4 0q102.4 0 102.4 102.4l0 170.666667q0 102.4-102.4 102.4l-614.4 0q-102.4 0-102.4-102.4l0-170.666667q0-102.4 102.4-102.4Z\" fill=\"#FFEFD5\">\u003C/path>\u003Cpath d=\"M0 375.466667c0-56.5504 45.8496-102.4 102.4-102.4h819.2c56.5504 0 102.4 45.8496 102.4 102.4v512c0 75.409067-61.124267 136.533333-136.533333 136.533333H136.533333c-75.409067 0-136.533333-61.124267-136.533333-136.533333V375.466667z\" fill=\"#FBC931\">\u003C/path>\u003C/symbol>\u003Csymbol id=\"iconwarning2\" viewBox=\"0 0 1024 1024\">\u003Cpath d=\"M514.56 13.653333c-273.066667 0-494.933333 221.866667-494.933333 494.933334s221.866667 494.933333 494.933333 494.933333c272.213333 0 494.08-221.866667 494.933333-494.933333 0-273.066667-221.866667-494.933333-494.933333-494.933334z\" fill=\"#F8AA01\">\u003C/path>\u003Cpath d=\"M514.56 640c-21.333333 0-38.4-17.066667-38.4-38.4V308.053333c0-21.333333 17.066667-38.4 38.4-38.4s38.4 17.066667 38.4 38.4v293.546667c0 21.333333-17.92 38.4-38.4 38.4z\" fill=\"#FFFFFF\">\u003C/path>\u003Cpath d=\"M514.56 709.12m-38.4 0a38.4 38.4 0 1 0 76.8 0 38.4 38.4 0 1 0-76.8 0Z\" fill=\"#FFFFFF\">\u003C/path>\u003C/symbol>\u003Csymbol id=\"iconrisky\" viewBox=\"0 0 1024 1024\">\u003Cpath d=\"M514.497561 514.497561m-504.507317 0a504.507317 504.507317 0 1 0 1009.014634 0 504.507317 504.507317 0 1 0-1009.014634 0Z\" fill=\"#C53709\">\u003C/path>\u003Cpath d=\"M563.2 314.692683c-4.995122 77.42439-9.990244 147.356098-14.985366 218.536585l-3.746341 48.702439c-1.24878 17.482927-13.736585 29.970732-29.970732 28.721952-14.985366 0-27.473171-12.487805-28.721951-28.721952-6.243902-84.917073-12.487805-168.585366-18.731708-254.751219-2.497561-39.960976 27.473171-67.434146 62.439025-57.443903 19.980488 7.492683 33.717073 27.473171 33.717073 44.956098zM515.746341 661.853659c26.22439 0 46.204878 21.229268 46.204879 46.204878 0 28.721951-21.229268 51.2-48.70244 51.2-26.22439 0-48.702439-22.478049-48.702439-48.702439 0-26.22439 22.478049-48.702439 51.2-48.702439z\" fill=\"#FFFFFF\">\u003C/path>\u003C/symbol>\u003Csymbol id=\"iconnormal\" viewBox=\"0 0 1024 1024\">\u003Cpath d=\"M510.75122 11.239024C232.273171 11.239024 6.243902 237.268293 6.243902 515.746341s226.029268 504.507317 504.507318 504.507318c277.229268 0 503.258537-226.029268 504.507317-504.507318C1014.009756 237.268293 787.980488 11.239024 510.75122 11.239024z\" fill=\"#1EB300\">\u003C/path>\u003Cpath d=\"M477.034146 719.297561c-62.439024-44.956098-123.629268-88.663415-187.317073-133.619512 12.487805-17.482927 23.726829-33.717073 36.214634-51.2 44.956098 32.468293 89.912195 63.687805 134.868293 96.156097 72.429268-107.395122 144.858537-214.790244 218.536585-322.185366 17.482927 12.487805 33.717073 23.726829 51.2 34.965854-83.668293 126.126829-167.336585 249.756098-253.502439 375.882927z\" fill=\"#FFFFFF\">\u003C/path>\u003C/symbol>\u003Csymbol id=\"iconicon_volume\" viewBox=\"0 0 1024 1024\">\u003Cpath d=\"M1010.263415 477.034146C1010.263415 218.536585 799.219512 7.492683 538.22439 7.492683c-63.687805 0-123.629268 12.487805-178.57561 34.965854l178.57561 434.575609h472.039025z\" fill=\"#0567FF\">\u003C/path>\u003Cpath d=\"M323.434146 52.44878c-182.321951 74.926829-312.195122 254.75122-312.195122 464.546342 0 277.229268 224.780488 500.760976 500.760976 500.760976s502.009756-223.531707 502.009756-500.760976H513.24878L323.434146 52.44878z\" fill=\"#B8BEC2\">\u003C/path>\u003C/symbol>\u003Csymbol id=\"iconicon_lan_disabled\" viewBox=\"0 0 1024 1024\">\u003Cpath d=\"M17.92 261.12s-1.28-43.52 42.24-51.2h184.32l38.4-124.16s12.8-25.6 43.52-25.6H704s33.28-3.84 47.36 30.72l35.84 119.04h180.48s39.68-1.28 46.08 48.64v651.52s2.56 52.48-47.36 56.32H64s-42.24 1.28-46.08-51.2V261.12z\" fill=\"#8F99A0\">\u003C/path>\u003Cpath d=\"M855.04 396.8c12.8 0 23.04 11.52 23.04 25.6V826.88c-1.28 11.52-10.24 20.48-23.04 20.48h-46.08v-99.84h-90.88v99.84H582.4v-99.84h-90.88v99.84H354.56v-99.84h-90.88v99.84h-96c-10.24-1.28-17.92-11.52-17.92-25.6V417.28c1.28-11.52 10.24-20.48 23.04-20.48h682.24z\" fill=\"#FFFFFF\">\u003C/path>\u003C/symbol>\u003Csymbol id=\"iconicon_lan_enabled\" viewBox=\"0 0 1024 1024\">\u003Cpath d=\"M15.36 263.68s-1.28-43.52 42.24-51.2h184.32l38.4-124.16s12.8-25.6 43.52-25.6h377.6s33.28-3.84 47.36 30.72l35.84 119.04h180.48s39.68-1.28 46.08 48.64v651.52s2.56 52.48-47.36 56.32H61.44s-42.24 1.28-46.08-51.2V263.68z\" fill=\"#0567FF\">\u003C/path>\u003Cpath d=\"M852.48 399.36c12.8 0 23.04 11.52 23.04 25.6V829.44c-1.28 11.52-10.24 20.48-23.04 20.48H806.4v-99.84h-89.6v99.84H579.84v-99.84h-90.88v99.84H352v-99.84h-90.88v99.84H166.4c-10.24-1.28-17.92-11.52-17.92-25.6V419.84c1.28-11.52 10.24-20.48 23.04-20.48h680.96z\" fill=\"#FFFFFF\">\u003C/path>\u003C/symbol>\u003Csymbol id=\"icontemperature_blue\" viewBox=\"0 0 1024 1024\">\u003Cpath d=\"M518.506667 64C561.813333 64 597.333333 100.309333 597.333333 144.576v475.648a170.666667 170.666667 0 1 1-170.666666 0V144.576C426.666667 100.309333 462.186667 64 505.493333 64h13.013334z\" fill=\"#C9CDD4\">\u003C/path>\u003Cpath d=\"M512 362.666667a42.666667 42.666667 0 0 1 42.666667 42.666666v288.789334a85.269333 85.269333 0 0 1 17.664 134.208A85.333333 85.333333 0 1 1 469.333333 694.144V405.333333a42.666667 42.666667 0 0 1 42.666667-42.666666z\" fill=\"#0992F6\">\u003C/path>\u003C/symbol>\u003Csymbol id=\"icontemperature_red\" viewBox=\"0 0 1024 1024\">\u003Cpath d=\"M518.506667 64C561.813333 64 597.333333 100.309333 597.333333 144.576v475.648a170.666667 170.666667 0 1 1-170.666666 0V144.576C426.666667 100.309333 462.186667 64 505.493333 64h13.013334z\" fill=\"#C9CDD4\">\u003C/path>\u003Cpath d=\"M512 106.666667a42.666667 42.666667 0 0 1 42.666667 42.666666v544.789334a85.269333 85.269333 0 0 1 17.664 134.208A85.333333 85.333333 0 1 1 469.333333 694.144V149.333333a42.666667 42.666667 0 0 1 42.666667-42.666666z\" fill=\"#EA0001\">\u003C/path>\u003C/symbol>\u003Csymbol id=\"icontemperature_yellow\" viewBox=\"0 0 1024 1024\">\u003Cpath d=\"M518.506667 64C561.813333 64 597.333333 100.309333 597.333333 144.576v475.648a170.666667 170.666667 0 1 1-170.666666 0V144.576C426.666667 100.309333 462.186667 64 505.493333 64h13.013334z\" fill=\"#C9CDD4\">\u003C/path>\u003Cpath d=\"M512 234.666667a42.666667 42.666667 0 0 1 42.666667 42.666666v416.789334a85.269333 85.269333 0 0 1 17.664 134.208A85.333333 85.333333 0 1 1 469.333333 694.144V277.333333a42.666667 42.666667 0 0 1 42.666667-42.666666z\" fill=\"#F9A600\">\u003C/path>\u003C/symbol>\u003Csymbol id=\"iconfan_blue\" viewBox=\"0 0 1024 1024\">\u003Cpath d=\"M509.502439 1010.263415c-273.482927 0-495.765854-222.282927-495.765854-497.014635S236.019512 16.234146 509.502439 16.234146s495.765854 222.282927 495.765854 497.014634-221.034146 497.014634-495.765854 497.014635z m0-954.068293C324.682927 56.195122 158.595122 167.336585 87.414634 338.419512 17.482927 508.253659 56.195122 705.560976 187.317073 836.682927c129.873171 129.873171 327.180488 169.834146 498.263415 98.653658 171.082927-71.180488 282.22439-237.268293 282.22439-422.087805-1.24878-252.253659-204.8-457.053659-458.302439-457.053658z\" fill=\"#0992F6\">\u003C/path>\u003Cpath d=\"M593.170732 518.243902c0 42.458537-34.965854 76.17561-76.17561 76.17561s-76.17561-34.965854-76.17561-76.17561 34.965854-76.17561 76.17561-76.175609c42.458537-1.24878 77.42439 33.717073 76.17561 76.175609z m-76.17561-49.951219c-19.980488 0-37.463415 12.487805-46.204878 29.970732-7.492683 18.731707-3.746341 39.960976 9.990244 54.946341 13.736585 13.736585 34.965854 18.731707 54.946341 11.239024 18.731707-7.492683 31.219512-26.22439 31.219512-46.204878 0-12.487805-4.995122-26.22439-14.985365-34.965853-8.741463-9.990244-21.229268-14.985366-34.965854-14.985366z\" fill=\"#0992F6\">\u003C/path>\u003Cpath d=\"M844.17561 373.385366c-28.721951-26.22439-46.204878-34.965854-96.156098-51.2-39.960976-13.736585-132.370732-14.985366-166.087805 43.707317l-34.965853 61.190244c-4.995122 8.741463-8.741463 18.731707-9.990244 27.473171l56.195122 73.678048c28.721951 3.746341 69.931707 4.995122 96.156097 21.229269 32.468293 21.229268 84.917073 76.17561 109.892683 91.160975 41.209756 23.726829 82.419512-18.731707 96.156098-46.204878 16.234146-31.219512 53.697561-136.117073-51.2-221.034146z\" fill=\"#0992F6\">\u003C/path>\u003Cpath d=\"M581.931707 586.926829c-3.746341-8.741463-11.239024-14.985366-18.731707-21.229268l-8.741463 1.24878c9.990244-11.239024 16.234146-26.22439 16.234146-43.707317 0-33.717073-23.726829-59.941463-53.697561-59.941463-18.731707 0-33.717073 9.990244-43.707317 24.97561l8.741463-24.97561c-9.990244-26.22439-29.970732-62.439024-28.721951-93.658537 1.24878-37.463415 23.726829-111.141463 23.726829-141.112195 0-48.702439-57.443902-62.439024-87.414634-59.941463-34.965854 1.24878-143.609756 22.478049-163.590244 154.84878-7.492683 37.463415-7.492683 57.443902 3.746342 108.643903 7.492683 41.209756 57.443902 124.878049 124.878049 124.878049l62.439024-3.746342c9.990244 0 29.970732 0 38.712195-3.746341l11.239024-33.717074c0 2.497561-1.24878 4.995122-1.24878 7.492683 0 21.229268 9.990244 38.712195 23.726829 49.95122H474.536585c-18.731707 22.478049-43.707317 61.190244-68.682926 73.678049-34.965854 18.731707-107.395122 36.214634-133.619513 51.2-41.209756 23.726829-23.726829 79.921951-7.492683 106.146341 18.731707 28.721951 91.160976 113.639024 216.039025 64.936586 37.463415-12.487805 53.697561-23.726829 92.409756-57.443903 31.219512-26.22439 71.180488-107.395122 44.956097-164.839024L581.931707 586.926829z m-134.868292-74.926829l2.497561-8.741463 3.746341-26.224391c3.746341 7.492683 6.243902 11.239024 6.243903 11.239025-1.24878 9.990244-4.995122 17.482927-12.487805 23.726829z m68.682926 69.931707l-11.239024 1.248781c1.24878-1.24878 3.746341-1.24878 4.995122-2.497561 1.24878 1.24878 3.746341 1.24878 6.243902 1.24878z\" fill=\"#0992F6\">\u003C/path>\u003C/symbol>\u003Csymbol id=\"iconfan_yellow\" viewBox=\"0 0 1024 1024\">\u003Cpath d=\"M514.497561 1010.263415c-273.482927 0-495.765854-222.282927-495.765854-497.014635S239.765854 16.234146 514.497561 16.234146s495.765854 222.282927 495.765854 497.014634-221.034146 497.014634-495.765854 497.014635z m0-954.068293c-184.819512 0-350.907317 111.141463-422.087805 282.22439C21.229268 508.253659 59.941463 705.560976 191.063415 836.682927c129.873171 129.873171 327.180488 169.834146 498.263414 98.653658s282.22439-237.268293 282.224391-422.087805c0-252.253659-204.8-457.053659-457.053659-457.053658z\" fill=\"#FFCC01\">\u003C/path>\u003Cpath d=\"M598.165854 518.243902c0 42.458537-34.965854 76.17561-76.17561 76.17561-42.458537 0-76.17561-34.965854-76.17561-76.17561 0-42.458537 34.965854-76.17561 76.17561-76.175609s77.42439 33.717073 76.17561 76.175609z m-76.17561-49.951219c-19.980488 0-37.463415 12.487805-46.204878 29.970732-7.492683 18.731707-3.746341 39.960976 9.990244 54.946341 13.736585 13.736585 34.965854 18.731707 54.946341 11.239024 18.731707-7.492683 31.219512-26.22439 31.219512-46.204878 0-12.487805-4.995122-26.22439-14.985365-34.965853-8.741463-9.990244-22.478049-14.985366-34.965854-14.985366z\" fill=\"#FFCC01\">\u003C/path>\u003Cpath d=\"M847.921951 373.385366c-28.721951-26.22439-46.204878-34.965854-96.156097-51.2-39.960976-13.736585-132.370732-14.985366-166.087805 43.707317l-34.965854 61.190244c-4.995122 8.741463-8.741463 18.731707-9.990244 27.473171l56.195122 73.678048c28.721951 3.746341 69.931707 4.995122 96.156098 21.229269 32.468293 21.229268 84.917073 76.17561 109.892683 91.160975 41.209756 23.726829 82.419512-18.731707 96.156097-46.204878 17.482927-31.219512 54.946341-136.117073-51.2-221.034146z\" fill=\"#FFCC01\">\u003C/path>\u003Cpath d=\"M586.926829 586.926829c-3.746341-8.741463-11.239024-14.985366-18.731707-21.229268l-8.741463 1.24878c9.990244-11.239024 16.234146-26.22439 16.234146-43.707317 0-33.717073-23.726829-59.941463-53.697561-59.941463-18.731707 0-33.717073 9.990244-43.707317 24.97561l8.741463-24.97561c-9.990244-26.22439-29.970732-62.439024-28.721951-93.658537 1.24878-37.463415 23.726829-111.141463 23.726829-141.112195 0-48.702439-57.443902-62.439024-87.414634-59.941463-34.965854 1.24878-143.609756 22.478049-163.590244 154.84878-7.492683 37.463415-7.492683 57.443902 3.746342 108.643903 7.492683 41.209756 57.443902 124.878049 124.878048 124.878049l62.439025-3.746342c9.990244 0 29.970732 0 38.712195-3.746341l11.239024-33.717074c0 2.497561-1.24878 4.995122-1.24878 7.492683 0 21.229268 9.990244 38.712195 23.726829 49.95122l-14.985366 1.24878c-18.731707 22.478049-43.707317 61.190244-68.682927 73.678049-34.965854 18.731707-107.395122 36.214634-133.619512 51.2-41.209756 23.726829-23.726829 79.921951-7.492683 106.146342 18.731707 28.721951 91.160976 113.639024 216.039025 64.936585 37.463415-12.487805 53.697561-23.726829 92.409756-57.443902 31.219512-26.22439 71.180488-107.395122 44.956097-164.839025L586.926829 586.926829z m-134.868292-74.926829l2.497561-8.741463 3.746341-26.224391c3.746341 7.492683 6.243902 11.239024 6.243902 11.239025-1.24878 9.990244-6.243902 17.482927-12.487804 23.726829z m67.434146 69.931707l-11.239024 1.248781c1.24878-1.24878 3.746341-1.24878 4.995121-2.497561 2.497561 1.24878 4.995122 1.24878 6.243903 1.24878z\" fill=\"#FFCC01\">\u003C/path>\u003C/symbol>\u003Csymbol id=\"iconnetwork\" viewBox=\"0 0 1024 1024\">\u003Cpath d=\"M493.268293 714.302439c57.443902 26.22439 112.390244 46.204878 166.087805 59.941463v4.995122c0 12.487805 4.995122 23.726829 12.487804 32.468293-36.214634 63.687805-47.453659 126.126829-27.47317 168.585366-42.458537 12.487805-86.165854 17.482927-132.370732 17.482927-83.668293 0-163.590244-21.229268-232.273171-58.692683-1.24878-61.190244 49.95122-142.360976 136.117073-221.034147 9.990244 6.243902 22.478049 11.239024 34.965854 11.239025 16.234146 1.24878 31.219512-3.746341 42.458537-14.985366z m433.326829 56.195122C869.15122 862.907317 779.239024 936.585366 673.092683 972.8c-17.482927-33.717073-7.492683-88.663415 23.726829-144.858537 3.746341 1.24878 6.243902 1.24878 11.239025 1.248781 22.478049 0 42.458537-16.234146 47.453658-37.463415 64.936585 6.243902 121.131707 0 166.087805-18.731707l4.995122-2.497561zM243.512195 554.458537c42.458537 37.463415 93.658537 74.926829 147.356098 107.395122-1.24878 3.746341-1.24878 6.243902-1.248781 9.990243 0 9.990244 2.497561 19.980488 6.243903 28.721952-84.917073 77.42439-139.863415 158.595122-144.858537 226.029268-14.985366-9.990244-28.721951-18.731707-42.458537-29.970732-36.214634-81.170732-26.22439-206.04878 27.473171-337.170731 2.497561-3.746341 4.995122-4.995122 7.492683-4.995122z m-174.829268-247.258537c14.985366 57.443902 52.44878 119.882927 107.395122 181.073171-3.746341 6.243902-6.243902 14.985366-6.243903 22.478049 0 22.478049 14.985366 39.960976 33.717074 47.453658-42.458537 109.892683-56.195122 214.790244-38.712196 298.458537C77.42439 768 22.478049 645.619512 22.478049 512c0-69.931707 14.985366-136.117073 42.458536-197.307317l3.746342-7.492683z m694.321951 434.57561c74.926829-74.926829 164.839024-109.892683 218.536585-93.658537-6.243902 21.229268-13.736585 42.458537-22.478048 62.439025-36.214634 44.956098-112.390244 61.190244-206.048781 51.2-1.24878-2.497561-1.24878-3.746341-3.746341-6.243903l13.736585-13.736585zM568.195122 611.902439c177.326829-102.4 357.15122-132.370732 432.078049-82.419512-1.24878 31.219512-4.995122 62.439024-12.487805 91.160975-66.185366-19.980488-166.087805 19.980488-247.258537 101.15122-3.746341 3.746341-9.990244 9.990244-13.736585 14.985366-6.243902-2.497561-12.487805-3.746341-19.980488-3.746342-14.985366 0-27.473171 6.243902-36.214634 16.234147-51.2-12.487805-107.395122-31.219512-162.341463-57.443903 2.497561-6.243902 3.746341-12.487805 3.746341-19.980488s-1.24878-14.985366-3.746341-21.229268c19.980488-14.985366 38.712195-27.473171 59.941463-38.712195zM911.609756 229.77561c52.44878 74.926829 84.917073 166.087805 88.663415 264.741463-93.658537-44.956098-272.234146-9.990244-447.063415 91.160976-21.229268 12.487805-42.458537 26.22439-61.190244 38.712195-11.239024-9.990244-24.97561-14.985366-39.960975-14.985366-19.980488 0-37.463415 9.990244-48.702439 23.726829-52.44878-31.219512-98.653659-66.185366-139.863415-101.151219 2.497561-6.243902 3.746341-13.736585 3.746341-19.980488s-1.24878-11.239024-2.497561-16.234146c16.234146-31.219512 34.965854-63.687805 56.195122-96.156098 11.239024-16.234146 22.478049-32.468293 34.965854-47.453658 2.497561 1.24878 6.243902 1.24878 9.990244 1.24878 14.985366 0 27.473171-8.741463 32.468293-19.980488 43.707317 6.243902 89.912195 11.239024 138.614634 11.239025 167.336585-1.24878 313.443902-47.453659 374.634146-114.887805z m-771.746341-34.965854c22.478049 52.44878 93.658537 96.156098 189.814634 121.131707v-1.24878 3.746341c0 3.746341 1.24878 6.243902 2.497561 9.990244l1.24878 3.746342c-12.487805 16.234146-23.726829 32.468293-36.214634 49.951219-19.980488 28.721951-36.214634 58.692683-52.44878 87.414634-7.492683-4.995122-16.234146-7.492683-26.224391-7.492683-7.492683 0-14.985366 1.24878-21.229268 4.995122-63.687805-71.180488-102.4-143.609756-106.146341-202.302439 12.487805-22.478049 28.721951-43.707317 44.956097-63.687804l3.746342-6.243903zM398.360976 299.707317C544.468293 138.614634 720.546341 67.434146 820.44878 134.868293l1.248781-1.248781c26.22439 21.229268 49.95122 44.956098 71.180488 71.180488-49.95122 61.190244-191.063415 107.395122-355.902439 107.395122-49.95122 0-96.156098-3.746341-139.863415-11.239024h2.497561c0 1.24878 0 0-1.24878-1.248781zM512 22.478049c82.419512 0 161.092683 19.980488 229.77561 57.443902-109.892683-4.995122-248.507317 71.180488-364.643903 201.053659-3.746341-1.24878-6.243902-1.24878-11.239024-1.248781-9.990244 0-18.731707 3.746341-26.22439 9.990244-98.653659-26.22439-167.336585-69.931707-177.32683-118.634146C251.004878 79.921951 374.634146 22.478049 512 22.478049z\" fill=\"#1788FF\">\u003C/path>\u003Cpath d=\"M513.24878 11.239024C238.517073 11.239024 16.234146 233.521951 16.234146 508.253659S237.268293 1005.268293 513.24878 1005.268293s497.014634-222.282927 497.014635-497.014634S787.980488 11.239024 513.24878 11.239024z m0 11.239025c267.239024 0 484.526829 217.287805 484.52683 484.526829s-216.039024 487.02439-484.52683 487.02439S28.721951 776.741463 28.721951 508.253659 244.760976 22.478049 513.24878 22.478049z\" fill=\"#007BEA\">\u003C/path>\u003C/symbol>\u003Csymbol id=\"iconarrow_down_blue\" viewBox=\"0 0 1024 1024\">\u003Cpath d=\"M506.026667 768.853333c-11.093333-1.706667-21.333333-6.826667-29.013334-14.506666L58.026667 328.533333c-14.506667-15.36-14.506667-39.253333 0-54.613333 15.36-14.506667 39.253333-14.506667 54.613333 0L512 679.253333l399.36-405.333333c15.36-14.506667 39.253333-14.506667 54.613333 0 14.506667 15.36 14.506667 39.253333 0 54.613333L546.986667 754.346667c-8.533333 8.533333-18.773333 12.8-29.013334 14.506666-5.12 0.853333-9.386667 0.853333-11.946666 0z\" fill=\"#0086E6\">\u003C/path>\u003C/symbol>\u003Csymbol id=\"iconarrow_up_blue\" viewBox=\"0 0 1024 1024\">\u003Cpath d=\"M506.026667 263.68c-11.093333 1.706667-21.333333 6.826667-29.013334 14.506667L58.026667 704c-14.506667 15.36-14.506667 39.253333 0 54.613333 15.36 14.506667 39.253333 14.506667 54.613333 0L512 353.28l399.36 405.333333c15.36 14.506667 39.253333 14.506667 54.613333 0 14.506667-15.36 14.506667-39.253333 0-54.613333L546.986667 278.186667c-8.533333-8.533333-18.773333-12.8-29.013334-14.506667-5.12-0.853333-9.386667-0.853333-11.946666 0z\" fill=\"#0086E6\">\u003C/path>\u003C/symbol>\u003Csymbol id=\"iconBack\" viewBox=\"0 0 1024 1024\">\u003Cpath d=\"M371.626667 512l389.333333 357.973333a21.162667 21.162667 0 0 1 7.04 15.573334c0 5.845333-2.56 11.434667-7.04 15.530666l-33.834667 31.146667a25.045333 25.045333 0 0 1-16.938666 6.442667 25.045333 25.045333 0 0 1-16.938667-6.442667l-423.253333-389.12A42.282667 42.282667 0 0 1 256 512c0-11.690667 5.034667-22.869333 14.037333-31.146667l423.210667-389.077333A25.045333 25.045333 0 0 1 710.186667 85.333333c6.314667 0 12.416 2.304 16.896 6.442667l33.877333 31.146667a21.930667 21.930667 0 0 1 5.205333 7.125333 20.437333 20.437333 0 0 1 0 16.853333 21.930667 21.930667 0 0 1-5.205333 7.125334L371.626667 512z\" fill=\"#1D2129\">\u003C/path>\u003C/symbol>\u003Csymbol id=\"iconNext\" viewBox=\"0 0 1024 1024\">\u003Cpath d=\"M652.373333 512l-389.333333 357.973333a21.162667 21.162667 0 0 0-7.04 15.573334c0 5.845333 2.56 11.434667 7.04 15.530666l33.834667 31.146667a25.045333 25.045333 0 0 0 16.938666 6.442667 25.045333 25.045333 0 0 0 16.938667-6.442667l423.253333-389.12A42.282667 42.282667 0 0 0 768 512a42.282667 42.282667 0 0 0-14.037333-31.146667L330.752 91.818667A25.045333 25.045333 0 0 0 313.813333 85.333333a25.045333 25.045333 0 0 0-16.896 6.442667l-33.877333 31.146667a21.973333 21.973333 0 0 0-5.205333 7.125333 20.48 20.48 0 0 0 5.205333 23.978667L652.373333 512z\" fill=\"#1D2129\">\u003C/path>\u003C/symbol>\u003Csymbol id=\"icona-Deleteall\" viewBox=\"0 0 1024 1024\">\u003Cpath d=\"M511.146667 1009.493333c-273.066667 0-494.933333-221.866667-494.933334-494.933333s221.866667-494.933333 494.933334-494.933333 494.933333 221.866667 494.933333 494.933333c-0.853333 273.066667-222.72 494.933333-494.933333 494.933333z m0-913.066666c-230.4 0-418.133333 187.733333-418.133334 418.133333s187.733333 418.133333 418.133334 418.133333 418.133333-187.733333 418.133333-418.133333-187.733333-418.133333-418.133333-418.133333z\" fill=\"#333333\">\u003C/path>\u003Cpath d=\"M768.853333 402.773333H254.293333c-18.773333 0-34.133333-15.36-34.133333-34.133333s15.36-34.133333 34.133333-34.133333h514.56c18.773333 0 34.133333 15.36 34.133334 34.133333s-15.36 34.133333-34.133334 34.133333zM416.426667 679.253333c-18.773333 0-34.133333-15.36-34.133334-34.133333V532.48c0-18.773333 15.36-34.133333 34.133334-34.133333s34.133333 15.36 34.133333 34.133333v112.64c0 18.773333-14.506667 34.133333-34.133333 34.133333zM511.146667 679.253333c-18.773333 0-34.133333-15.36-34.133334-34.133333V532.48c0-18.773333 15.36-34.133333 34.133334-34.133333s34.133333 15.36 34.133333 34.133333v112.64c0 18.773333-15.36 34.133333-34.133333 34.133333zM605.013333 679.253333c-18.773333 0-34.133333-15.36-34.133333-34.133333V532.48c0-18.773333 15.36-34.133333 34.133333-34.133333s34.133333 15.36 34.133334 34.133333v112.64c0 18.773333-15.36 34.133333-34.133334 34.133333z\" fill=\"#333333\">\u003C/path>\u003Cpath d=\"M654.506667 824.32H367.786667c-48.64 0-87.893333-39.253333-87.893334-87.893333V334.506667H742.4v401.92c0 48.64-39.253333 87.893333-87.893333 87.893333zM349.013333 402.773333v333.653334c0 10.24 8.533333 19.626667 19.626667 19.626666h286.72c10.24 0 19.626667-8.533333 19.626667-19.626666V402.773333H349.013333zM439.466667 333.653333c2.56-36.693333 34.133333-66.56 71.68-66.56s68.266667 29.013333 71.68 66.56h68.266666c-2.56-74.24-64-134.826667-139.946666-134.826666-75.093333 0-136.533333 59.733333-139.946667 134.826666h68.266667z\" fill=\"#333333\">\u003C/path>\u003C/symbol>\u003Csymbol id=\"iconNew_tag1\" viewBox=\"0 0 1024 1024\">\u003Cpath d=\"M899.84 85.333333a37.12 37.12 0 0 1 27.477333 12.501334c7.253333 7.978667 11.349333 18.858667 11.349334 30.165333v768c0 11.306667-4.096 22.186667-11.349334 30.165333a37.12 37.12 0 0 1-27.434666 12.501334H124.117333a37.12 37.12 0 0 1-27.434666-12.501334A44.928 44.928 0 0 1 85.333333 896V128c0-11.306667 4.096-22.186667 11.349334-30.165333A37.12 37.12 0 0 1 124.16 85.333333h775.765333z m-38.741333 85.333334H162.901333v682.666666h698.197334V170.666667z\" fill=\"#1D2129\">\u003C/path>\u003Cpath d=\"M548.437333 304.896A21.333333 21.333333 0 0 1 554.666667 320V469.333333h149.333333a21.333333 21.333333 0 0 1 21.333333 21.333334v42.666666a21.333333 21.333333 0 0 1-21.333333 21.333334H554.666667v149.333333a21.333333 21.333333 0 0 1-21.333334 21.333333h-42.666666a21.333333 21.333333 0 0 1-21.333334-21.333333V554.666667H320a21.333333 21.333333 0 0 1-21.333333-21.333334v-42.666666a21.333333 21.333333 0 0 1 21.333333-21.333334H469.333333V320a21.333333 21.333333 0 0 1 21.333334-21.333333h42.666666a21.333333 21.333333 0 0 1 15.104 6.229333z\" fill=\"#1D2129\">\u003C/path>\u003C/symbol>\u003Csymbol id=\"iconcss\" viewBox=\"0 0 1024 1024\">\u003Cpath d=\"M147.626667 23.893333h512l243.2 246.613334v704.853333c0 15.36-11.946667 27.306667-27.306667 27.306667H147.626667c-15.36 0-27.306667-11.946667-27.306667-27.306667V51.2c0-15.36 12.8-27.306667 27.306667-27.306667z m0 0\" fill=\"#5E6D96\">\u003C/path>\u003Cpath d=\"M659.626667 23.893333v219.306667c0 15.36 11.946667 27.306667 27.306666 27.306667h215.893334L659.626667 23.893333z m0 0\" fill=\"#8695C0\">\u003C/path>\u003Cpath d=\"M252.586667 512v-29.866667l168.96-66.56v33.28l-76.8 27.306667-52.053334 18.773333v1.706667l52.053334 18.773333 76.8 28.16v33.28L252.586667 512zM602.453333 545.28l76.8-28.16 52.053334-18.773333v-1.706667L679.253333 477.866667l-76.8-27.306667v-33.28l168.96 66.56V512l-168.96 65.706667v-32.426667z\" fill=\"#FFFFFF\">\u003C/path>\u003Cpath d=\"M553.813333 359.253333h27.306667L485.546667 583.68h-27.306667l95.573333-224.426667z\" fill=\"#FFFFFF\">\u003C/path>\u003C/symbol>\u003Csymbol id=\"iconexe\" viewBox=\"0 0 1024 1024\">\u003Cpath d=\"M135.68 12.8h522.24L906.24 264.533333v719.36c0 15.36-12.8 28.16-28.16 28.16h-742.4c-15.36 0-28.16-12.8-28.16-28.16V40.106667c0-15.36 12.8-27.306667 28.16-27.306667z m0 0\" fill=\"#5993F7\">\u003C/path>\u003Cpath d=\"M657.92 12.8v223.573333c0 15.36 12.8 28.16 28.16 28.16h221.013333L657.92 12.8z m0 0\" fill=\"#82B0FF\">\u003C/path>\u003Cpath d=\"M677.546667 697.173333h-341.333334c-30.72 0-56.32-24.746667-56.32-56.32v-238.933333c0-30.72 24.746667-56.32 56.32-56.32h342.186667c30.72 0 56.32 24.746667 56.32 56.32v238.933333c-0.853333 30.72-25.6 56.32-57.173333 56.32z m-341.333334-322.56c-15.36 0-27.306667 11.946667-27.306666 27.306667v238.933333c0 15.36 11.946667 27.306667 27.306666 27.306667h342.186667c15.36 0 27.306667-11.946667 27.306667-27.306667v-238.933333c0-15.36-11.946667-27.306667-27.306667-27.306667H336.213333zM421.546667 724.48h170.666666v37.546667h-170.666666z\" fill=\"#FFFFFF\">\u003C/path>\u003Cpath d=\"M517.973333 421.546667h58.88v37.546666h-58.88zM586.24 421.546667h58.88v37.546666h-58.88z\" fill=\"#FFFFFF\">\u003C/path>\u003C/symbol>\u003Csymbol id=\"icondoc\" viewBox=\"0 0 1024 1024\">\u003Cpath d=\"M149.333333 17.92h517.973334L913.066667 267.093333v713.386667c0 15.36-11.946667 27.306667-27.306667 27.306667H149.333333c-15.36 0-27.306667-11.946667-27.306666-27.306667V45.226667c-0.853333-14.506667 11.946667-27.306667 27.306666-27.306667z m0 0\" fill=\"#5993F7\">\u003C/path>\u003Cpath d=\"M666.453333 17.92v221.866667c0 15.36 11.946667 27.306667 27.306667 27.306666H913.066667L666.453333 17.92z m0 0M778.24 658.773333H247.466667c-11.946667 0-21.333333-9.386667-21.333334-21.333333v-1.706667c0-11.946667 9.386667-21.333333 21.333334-21.333333h530.773333c11.946667 0 21.333333 9.386667 21.333333 21.333333v1.706667c0 11.093333-9.386667 21.333333-21.333333 21.333333zM547.84 756.906667H246.613333c-11.093333 0-20.48-9.386667-20.48-20.48v-3.413334c0-11.093333 9.386667-20.48 20.48-20.48h301.226667c11.093333 0 20.48 9.386667 20.48 20.48v3.413334c0 11.093333-9.386667 20.48-20.48 20.48zM448.853333 855.893333H243.2c-9.386667 0-17.066667-7.68-17.066667-17.066666v-10.24c0-9.386667 7.68-17.066667 17.066667-17.066667h205.653333c9.386667 0 17.066667 7.68 17.066667 17.066667v10.24c0 9.386667-7.68 17.066667-17.066667 17.066666z\" fill=\"#82B0FF\">\u003C/path>\u003Cpath d=\"M231.253333 285.866667h40.96l16.213334 98.986666c3.413333 21.333333 5.973333 42.666667 9.386666 64.853334h0.853334c4.266667-21.333333 8.533333-43.52 12.8-64.853334l23.893333-98.986666h34.133333l23.893334 98.986666c4.266667 20.48 8.533333 42.666667 12.8 64.853334h1.706666c3.413333-22.186667 5.973333-43.52 9.386667-64.853334l16.213333-98.986666h38.4l-37.546666 203.093333H384l-23.04-99.84c-3.413333-16.213333-5.973333-31.573333-8.533333-46.933333h-0.853334c-2.56 15.36-5.12 30.72-8.533333 46.933333l-22.186667 99.84h-49.493333l-40.106667-203.093333z\" fill=\"#FFFFFF\">\u003C/path>\u003C/symbol>\u003Csymbol id=\"iconfile\" viewBox=\"0 0 1024 1024\">\u003Cpath d=\"M136.533333 12.8h522.24L907.093333 264.533333v719.36c0 15.36-12.8 28.16-28.16 28.16H136.533333c-15.36 0-28.16-12.8-28.16-28.16V40.106667c0.853333-15.36 12.8-27.306667 28.16-27.306667z m0 0\" fill=\"#94C9FF\">\u003C/path>\u003Cpath d=\"M659.626667 12.8v223.573333c0 15.36 12.8 28.16 28.16 28.16h221.013333L659.626667 12.8z m0 0\" fill=\"#BFDFFF\">\u003C/path>\u003Cpath d=\"M353.28 407.04l296.106667-68.266667c35.84-8.533333 50.346667 26.453333 50.346666 48.64v304.64c0 22.186667-15.36 57.173333-50.346666 48.64l-296.106667-68.266666c-19.626667-4.266667-36.693333-17.92-36.693333-40.106667V447.146667c0-22.186667 17.066667-34.986667 36.693333-40.106667zM375.466667 426.666667c-31.573333 6.826667-31.573333 7.68-31.573334 34.133333v158.72c0 26.453333 9.386667 29.013333 31.573334 34.133333l253.44 58.026667c43.52 11.093333 43.52-2.56 43.52-41.813333V409.6c0-36.693333-2.56-51.2-43.52-41.813333L375.466667 426.666667z\" fill=\"#FFFFFF\">\u003C/path>\u003Cpath d=\"M342.186667 445.44l333.653333 82.773333v29.013334l-333.653333-85.333334z\" fill=\"#FFFFFF\">\u003C/path>\u003Cpath d=\"M549.546667 523.946667l-53.76 157.866666 24.746666 5.973334 55.466667-157.013334z\" fill=\"#FFFFFF\">\u003C/path>\u003C/symbol>\u003Csymbol id=\"iconjpg\" viewBox=\"0 0 1024 1024\">\u003Cpath d=\"M143.36 12.8H665.6L913.92 264.533333v719.36c0 15.36-12.8 28.16-28.16 28.16h-742.4c-15.36 0-28.16-12.8-28.16-28.16V40.106667c0.853333-15.36 12.8-27.306667 28.16-27.306667z m0 0\" fill=\"#73B9FF\">\u003C/path>\u003Cpath d=\"M665.6 12.8v223.573333c0 15.36 12.8 28.16 28.16 28.16h221.013333L665.6 12.8z m0 0\" fill=\"#99CCFF\">\u003C/path>\u003Cpath d=\"M407.893333 374.613333m-61.44 0a61.44 61.44 0 1 0 122.88 0 61.44 61.44 0 1 0-122.88 0Z\" fill=\"#FFFFFF\">\u003C/path>\u003Cpath d=\"M318.293333 659.626667c22.186667-47.786667 58.88-125.44 68.266667-143.36l5.12-7.68c11.093333-11.093333 43.52-37.546667 53.76 19.626666 0.853333 5.973333 0 11.093333-1.706667 16.213334l-15.36 33.28c-8.533333 18.773333 5.973333 40.106667 26.453334 39.253333 9.386667-0.853333 18.773333-6.826667 23.04-15.36l87.893333-176.64c10.24-20.48 40.106667-20.48 49.493333 0.853333L725.333333 659.626667c8.533333 17.92-5.12 39.253333-24.746666 39.253333H343.04c-20.48 0-33.28-20.48-24.746667-39.253333z\" fill=\"#FFFFFF\">\u003C/path>\u003C/symbol>\u003Csymbol id=\"iconmp3\" viewBox=\"0 0 1024 1024\">\u003Cpath d=\"M138.24 12.8h522.24L908.8 264.533333v719.36c0 15.36-12.8 28.16-28.16 28.16h-742.4c-15.36 0-28.16-12.8-28.16-28.16V40.106667c0.853333-15.36 12.8-27.306667 28.16-27.306667z m0 0\" fill=\"#C36DFF\">\u003C/path>\u003Cpath d=\"M660.48 12.8v223.573333c0 15.36 12.8 28.16 28.16 28.16h221.013333L660.48 12.8z m0 0\" fill=\"#D08EFF\">\u003C/path>\u003Cpath d=\"M439.466667 515.413333c-66.56 0-121.173333 54.613333-121.173334 121.173334 0 66.56 54.613333 121.173333 121.173334 121.173333s121.173333-54.613333 121.173333-121.173333c0-67.413333-54.613333-121.173333-121.173333-121.173334z m0 201.386667c-44.373333 0-81.066667-35.84-81.066667-81.066667 0-44.373333 35.84-81.066667 81.066667-81.066666s81.066667 35.84 81.066666 81.066666c-0.853333 45.226667-36.693333 81.066667-81.066666 81.066667zM640.853333 579.413333c-5.973333 0-11.093333-2.56-15.36-6.826666-3.413333-4.266667-5.12-9.386667-5.12-14.506667s2.56-10.24 6.826667-13.653333c31.573333-28.16 42.666667-72.533333 27.306667-111.786667-14.506667-39.253333-52.053333-65.706667-93.866667-65.706667-11.093333 0-20.48-9.386667-20.48-20.48 0-11.093333 9.386667-20.48 20.48-20.48 77.653333 0 141.653333 63.146667 141.653333 141.653334 0 40.96-17.066667 79.36-47.786666 105.813333-4.266667 4.266667-8.533333 5.973333-13.653334 5.973333z\" fill=\"#FFFFFF\">\u003C/path>\u003Cpath d=\"M519.68 326.826667h40.106667v309.76h-40.106667z\" fill=\"#FFFFFF\">\u003C/path>\u003C/symbol>\u003Csymbol id=\"iconpdf\" viewBox=\"0 0 1024 1024\">\u003Cpath d=\"M138.24 11.946667h522.24l249.173333 250.88v720.213333c0 15.36-11.946667 27.306667-27.306666 27.306667H138.24c-15.36 0-27.306667-11.946667-27.306667-27.306667V40.96c0-15.36 11.946667-29.013333 27.306667-29.013333z m0 0\" fill=\"#F16A6A\">\u003C/path>\u003Cpath d=\"M660.48 11.946667v223.573333c0 15.36 11.946667 27.306667 27.306667 27.306667h220.16L660.48 11.946667z m0 0\" fill=\"#FF9B9B\">\u003C/path>\u003Cpath d=\"M907.946667 988.16v-122.88H836.266667c-240.64-221.866667-261.12-399.36-261.12-399.36-3.413333-13.653333-29.013333-49.493333-29.013334-49.493333-29.013333-46.08-52.906667 29.013333-52.906666 29.013333L133.12 1010.346667h80.213333l15.36-22.186667L426.666667 955.733333c199.68-27.306667 377.173333-32.426667 377.173333-32.426666l104.106667 64.853333zM252.586667 955.733333s232.106667-324.266667 262.826666-418.133333c0 0 112.64 245.76 226.986667 334.506667L252.586667 955.733333z\" fill=\"#FFFFFF\">\u003C/path>\u003C/symbol>\u003Csymbol id=\"iconmp4\" viewBox=\"0 0 1024 1024\">\u003Cpath d=\"M140.8 12.8h522.24L911.36 264.533333v719.36c0 15.36-12.8 28.16-28.16 28.16h-742.4c-15.36 0-28.16-12.8-28.16-28.16V40.106667c0-15.36 12.8-27.306667 28.16-27.306667z m0 0\" fill=\"#8465FF\">\u003C/path>\u003Cpath d=\"M663.04 12.8v223.573333c0 15.36 12.8 28.16 28.16 28.16h221.013333L663.04 12.8z m0 0\" fill=\"#A791FF\">\u003C/path>\u003Cpath d=\"M384 512V345.6c0-20.48 25.6-30.72 42.666667-17.92l91.306666 75.093333L630.613333 494.933333c11.093333 9.386667 11.093333 25.6 0 34.986667L518.826667 621.226667 426.666667 696.32c-16.213333 13.653333-42.666667 2.56-42.666667-17.92V512z\" fill=\"#FFFFFF\">\u003C/path>\u003C/symbol>\u003Csymbol id=\"iconphp\" viewBox=\"0 0 1024 1024\">\u003Cpath d=\"M142.506667 12.8h522.24L913.066667 263.68v719.36c0 15.36-12.8 28.16-28.16 28.16h-742.4c-15.36 0-28.16-12.8-28.16-28.16V40.106667c0-15.36 12.8-27.306667 28.16-27.306667z m0 0\" fill=\"#5E6D96\">\u003C/path>\u003Cpath d=\"M664.746667 12.8v223.573333c0 15.36 12.8 28.16 28.16 28.16H913.066667L664.746667 12.8z m0 0\" fill=\"#8695C0\">\u003C/path>\u003Cpath d=\"M271.36 530.773333a242.346667 156.16 0 1 0 484.693333 0 242.346667 156.16 0 1 0-484.693333 0Z\" fill=\"#FFFFFF\">\u003C/path>\u003Cpath d=\"M365.226667 468.48h40.106666c27.306667 0 47.786667 9.386667 47.786667 38.4 0 28.16-21.333333 40.96-47.786667 40.96h-16.213333v43.52h-24.746667V468.48z m39.253333 59.733333c17.066667 0 24.746667-6.826667 24.746667-21.333333s-8.533333-18.773333-25.6-18.773333h-13.653334v40.106666h14.506667zM474.453333 459.093333h23.893334v33.28l-0.853334 17.066667c7.68-6.826667 16.213333-13.653333 29.013334-13.653333 20.48 0 29.013333 13.653333 29.013333 37.546666v58.026667h-24.746667v-54.613333c0-14.506667-4.266667-19.626667-12.8-19.626667-7.68 0-12.8 3.413333-19.626666 10.24v64h-23.893334V459.093333zM581.973333 468.48h40.106667c27.306667 0 47.786667 9.386667 47.786667 38.4 0 28.16-21.333333 40.96-47.786667 40.96H605.866667v43.52h-24.746667V468.48z m39.253334 59.733333c17.066667 0 24.746667-6.826667 24.746666-21.333333s-8.533333-18.773333-25.6-18.773333h-13.653333v40.106666h14.506667z\" fill=\"#5E6D96\">\u003C/path>\u003C/symbol>\u003Csymbol id=\"iconppt\" viewBox=\"0 0 1024 1024\">\u003Cpath d=\"M140.8 12.8h522.24L911.36 264.533333v719.36c0 15.36-12.8 28.16-28.16 28.16h-742.4c-15.36 0-28.16-12.8-28.16-28.16V40.106667c0-15.36 12.8-27.306667 28.16-27.306667z m0 0\" fill=\"#FF9752\">\u003C/path>\u003Cpath d=\"M663.04 12.8v223.573333c0 15.36 12.8 28.16 28.16 28.16h221.013333L663.04 12.8z m0 0\" fill=\"#FFB07B\">\u003C/path>\u003Cpath d=\"M391.68 384.853333h109.226667c74.24 0 130.56 25.6 130.56 104.96 0 75.946667-57.173333 110.08-128.853334 110.08h-44.373333v118.613334h-66.56V384.853333z m106.666667 162.133334c46.08 0 68.266667-19.626667 68.266666-58.026667s-24.746667-52.053333-69.973333-52.053333h-37.546667V546.133333h39.253334z\" fill=\"#FFFEFE\">\u003C/path>\u003C/symbol>\u003Csymbol id=\"iconpsd\" viewBox=\"0 0 1024 1024\">\u003Cpath d=\"M136.533333 12.8h522.24L907.093333 264.533333v719.36c0 15.36-12.8 28.16-28.16 28.16H136.533333c-15.36 0-28.16-12.8-28.16-28.16V40.106667c0-15.36 12.8-27.306667 28.16-27.306667z m0 0\" fill=\"#73B9FF\">\u003C/path>\u003Cpath d=\"M658.773333 12.8v223.573333c0 15.36 12.8 28.16 28.16 28.16h221.013334L658.773333 12.8z m0 0\" fill=\"#99CCFF\">\u003C/path>\u003Cpath d=\"M302.08 385.706667h91.306667c61.44 0 109.226667 21.333333 109.226666 87.04 0 63.146667-47.786667 92.16-107.52 92.16h-37.546666v98.986666h-55.466667V385.706667z m88.746667 135.68c38.4 0 56.32-16.213333 56.32-47.786667 0-32.426667-20.48-43.52-58.88-43.52h-31.573334v91.306667h34.133334zM529.066667 628.053333l31.573333-38.4c19.626667 18.773333 46.08 30.72 70.826667 30.72 29.013333 0 44.373333-12.8 44.373333-31.573333 0-20.48-17.066667-27.306667-41.813333-37.546667L597.333333 535.893333c-28.16-11.946667-56.32-34.133333-56.32-75.093333 0-45.226667 40.106667-80.213333 96.426667-80.213333 32.426667 0 64.853333 12.8 87.04 35.84l-28.16 34.986666c-17.92-14.506667-35.84-23.04-58.88-23.04-24.746667 0-40.106667 11.093333-40.106667 29.013334 0 19.626667 19.626667 27.306667 43.52 36.693333l36.693334 15.36c34.133333 13.653333 56.32 34.986667 56.32 75.093333 0 45.226667-37.546667 84.48-102.4 84.48-37.546667 0-75.093333-14.506667-102.4-40.96z\" fill=\"#FCFDFF\">\u003C/path>\u003C/symbol>\u003Csymbol id=\"iconswf\" viewBox=\"0 0 1024 1024\">\u003Cpath d=\"M140.8 12.8h522.24L911.36 264.533333v719.36c0 15.36-12.8 28.16-28.16 28.16h-742.4c-15.36 0-28.16-12.8-28.16-28.16V40.106667c0-15.36 12.8-27.306667 28.16-27.306667z m0 0\" fill=\"#F16A6A\">\u003C/path>\u003Cpath d=\"M663.04 12.8v223.573333c0 15.36 12.8 28.16 28.16 28.16h221.013333L663.04 12.8z m0 0\" fill=\"#FF9B9B\">\u003C/path>\u003Cpath d=\"M347.306667 726.186667v-70.826667S469.333333 643.413333 493.226667 486.4c0.853333-8.533333 3.413333-16.213333 6.826666-23.893333C515.413333 426.666667 565.76 332.8 678.4 337.066667v86.186666s-93.866667 14.506667-102.4 81.066667h63.146667v79.36H539.306667S503.466667 730.453333 347.306667 726.186667z\" fill=\"#FCFDFF\">\u003C/path>\u003C/symbol>\u003Csymbol id=\"icontxt\" viewBox=\"0 0 1024 1024\">\u003Cpath d=\"M140.8 12.8h522.24L911.36 264.533333v719.36c0 15.36-12.8 28.16-28.16 28.16h-742.4c-15.36 0-28.16-12.8-28.16-28.16V40.106667c0-15.36 12.8-27.306667 28.16-27.306667z m0 0\" fill=\"#5993F7\">\u003C/path>\u003Cpath d=\"M663.04 12.8v223.573333c0 15.36 12.8 28.16 28.16 28.16h221.013333L663.04 12.8z m0 0\" fill=\"#82B0FF\">\u003C/path>\u003Cpath d=\"M456.533333 443.733333H366.933333v-52.906666h242.346667V443.733333H519.68v264.533334h-63.146667V443.733333z\" fill=\"#FCFDFF\">\u003C/path>\u003C/symbol>\u003Csymbol id=\"iconxls\" viewBox=\"0 0 1024 1024\">\u003Cpath d=\"M133.973333 12.8h522.24L904.533333 264.533333v719.36c0 15.36-12.8 28.16-28.16 28.16h-742.4c-15.36 0-28.16-12.8-28.16-28.16V40.106667c0.853333-15.36 12.8-27.306667 28.16-27.306667z m0 0\" fill=\"#6FC470\">\u003C/path>\u003Cpath d=\"M656.213333 12.8v223.573333c0 15.36 12.8 28.16 28.16 28.16h221.013334L656.213333 12.8z m0 0\" fill=\"#85DB86\">\u003C/path>\u003Cpath d=\"M282.453333 349.013333l-47.786666-78.506666h46.08l16.213333 29.013333c4.266667 9.386667 9.386667 18.773333 14.506667 27.306667h0.853333c3.413333-9.386667 8.533333-18.773333 11.946667-27.306667l13.653333-29.013333h44.373333l-47.786666 83.626666 51.2 81.066667h-46.08l-17.92-29.866667c-5.12-9.386667-10.24-19.626667-16.213334-29.013333h-1.706666c-4.266667 9.386667-9.386667 18.773333-13.653334 29.013333L274.773333 435.2H230.4l52.053333-86.186667z\" fill=\"#FCFDFF\">\u003C/path>\u003Cpath d=\"M453.973333 639.146667H251.733333c-12.8 0-23.04-10.24-23.04-23.04 0-12.8 10.24-23.04 23.04-23.04h202.24c12.8 0 23.04 10.24 23.04 23.04 0 12.8-11.093333 23.04-23.04 23.04zM760.32 639.146667H558.08c-12.8 0-23.04-10.24-23.04-23.04 0-12.8 10.24-23.04 23.04-23.04h202.24c12.8 0 23.04 10.24 23.04 23.04-0.853333 12.8-11.093333 23.04-23.04 23.04zM453.973333 729.6H251.733333c-12.8 0-23.04-10.24-23.04-23.04 0-12.8 10.24-23.04 23.04-23.04h202.24c12.8 0 23.04 10.24 23.04 23.04 0 12.8-11.093333 23.04-23.04 23.04zM760.32 729.6H558.08c-12.8 0-23.04-10.24-23.04-23.04 0-12.8 10.24-23.04 23.04-23.04h202.24c12.8 0 23.04 10.24 23.04 23.04-0.853333 12.8-11.093333 23.04-23.04 23.04zM453.973333 820.053333H251.733333c-12.8 0-23.04-10.24-23.04-23.04 0-12.8 10.24-23.04 23.04-23.04h202.24c12.8 0 23.04 10.24 23.04 23.04 0 12.8-11.093333 23.04-23.04 23.04zM760.32 820.053333H558.08c-12.8 0-23.04-10.24-23.04-23.04 0-12.8 10.24-23.04 23.04-23.04h202.24c12.8 0 23.04 10.24 23.04 23.04-0.853333 12.8-11.093333 23.04-23.04 23.04z\" fill=\"#A8DBA9\">\u003C/path>\u003C/symbol>\u003Csymbol id=\"iconinfo_1\" viewBox=\"0 0 1024 1024\">\u003Cpath d=\"M512 85.333333c235.648 0 426.666667 191.018667 426.666667 426.666667s-191.018667 426.666667-426.666667 426.666667S85.333333 747.648 85.333333 512 276.352 85.333333 512 85.333333z m0 77.568a349.098667 349.098667 0 1 0 0 698.197334 349.098667 349.098667 0 0 0 0-698.197334z m19.370667 290.901334a19.413333 19.413333 0 0 1 19.413333 19.413333v174.506667h31.530667a19.370667 19.370667 0 0 1 19.370666 19.413333v41.216a19.413333 19.413333 0 0 1-19.370666 19.413333h-147.882667a19.413333 19.413333 0 0 1-19.413333-19.413333v-41.216a19.370667 19.370667 0 0 1 19.413333-19.370667h38.784v-113.92h-19.413333a19.370667 19.370667 0 0 1-19.370667-19.413333v-41.216a19.370667 19.370667 0 0 1 19.370667-19.413333h77.610666z m0-155.136a19.413333 19.413333 0 0 1 19.413333 19.413333v58.154667a19.413333 19.413333 0 0 1-19.413333 19.413333h-58.154667a19.413333 19.413333 0 0 1-19.413333-19.413333V318.08A19.413333 19.413333 0 0 1 473.216 298.666667h58.197333z\" fill=\"#6B7785\">\u003C/path>\u003C/symbol>\u003Csymbol id=\"iconshortcut\" viewBox=\"0 0 1024 1024\">\u003Cpath d=\"M866.133333 1024h-708.266666C70.826667 1024 0 953.173333 0 866.133333v-708.266666C0 70.826667 70.826667 0 157.866667 0h708.266666C953.173333 0 1024 70.826667 1024 157.866667v708.266666c0 87.04-70.826667 157.866667-157.866667 157.866667z\" fill=\"#F5F5F5\">\u003C/path>\u003Cpath d=\"M290.133333 198.826667h491.52V699.733333c-11.946667-12.8-21.333333-23.893333-31.573333-34.133333-37.546667-37.546667-75.093333-75.093333-111.786667-112.64-5.973333-5.973333-9.386667-8.533333-16.213333-1.706667-47.786667 48.64-98.133333 95.573333-144.213333 146.773334-51.2 57.173333-52.906667 130.56-25.6 189.44 3.413333 7.68 10.24 14.506667 14.506666 22.186666 2.56 4.266667 3.413333 9.386667 5.12 14.506667-5.12 0.853333-10.24 4.266667-15.36 3.413333-40.106667-3.413333-75.946667-17.92-105.813333-44.373333-74.24-65.706667-116.906667-145.92-106.666667-247.466667 5.973333-60.586667 29.013333-113.493333 74.24-157.013333 40.106667-38.4 77.653333-78.506667 116.053334-117.76 7.68-7.68 4.266667-11.093333-1.706667-17.92-46.933333-46.933333-93.866667-93.866667-140.8-141.653333-0.853333 0.853333-0.853333 0-1.706667-2.56z\" fill=\"#7D4DF8\">\u003C/path>\u003C/symbol>\u003Csymbol id=\"iconmore_help\" viewBox=\"0 0 1024 1024\">\u003Cpath d=\"M512 85.333333c235.648 0 426.666667 191.018667 426.666667 426.666667s-191.018667 426.666667-426.666667 426.666667S85.333333 747.648 85.333333 512 276.352 85.333333 512 85.333333z m0 77.568a349.098667 349.098667 0 1 0 0 698.197334 349.098667 349.098667 0 0 0 0-698.197334z m19.370667 504.234667a19.413333 19.413333 0 0 1 19.413333 19.413333V725.333333a19.413333 19.413333 0 0 1-19.413333 19.370667h-38.784a19.370667 19.370667 0 0 1-19.370667-19.370667v-38.826666a19.413333 19.413333 0 0 1 19.413333-19.370667h38.784z m-24.874667-387.84c46.08 0 84.394667 11.136 114.901333 33.450667 30.506667 22.4 45.738667 55.466667 45.738667 99.285333 0 26.88-6.613333 49.493333-19.882667 67.925333-7.765333 11.136-22.613333 25.386667-44.672 42.794667l-21.717333 17.066667c-11.818667 9.301333-19.712 20.181333-23.594667 32.554666-1.024 3.413333-1.962667 9.685333-2.773333 18.901334a19.413333 19.413333 0 0 1-19.285333 17.706666h-43.477334a19.413333 19.413333 0 0 1-19.370666-19.413333v-0.853333l0.085333-0.938667c2.517333-26.965333 5.162667-44.074667 8.021333-51.2 5.333333-13.354667 18.986667-28.714667 41.002667-46.08l22.357333-17.706667c7.338667-5.546667 45.184-32.213333 45.184-55.808s-4.096-32.298667-15.957333-45.226666c-11.818667-12.928-38.528-17.109333-62.592-17.109334-23.68 0-43.904 6.272-53.76 22.186667a112.341333 112.341333 0 0 0-11.050667 23.296c-1.28 3.84-2.176 7.850667-2.816 11.904a19.370667 19.370667 0 0 1-19.114666 16.085333H378.026667a19.370667 19.370667 0 0 1-19.413334-19.370666v-1.066667l0.128-1.109333c0.469333-4.352 0.981333-7.978667 1.536-10.837334 7.552-42.112 26.666667-73.045333 57.429334-92.885333 24.064-15.701333 53.674667-23.594667 88.746666-23.594667z\" fill=\"#6B7785\">\u003C/path>\u003C/symbol>\u003Csymbol id=\"iconsevere\" viewBox=\"0 0 1024 1024\">\u003Cpath d=\"M10.257749 817.493333l478.72-683.52c13.653333-19.626667 36.693333-19.626667 50.346667 0l473.6 683.52c22.186667 32.426667 6.826667 87.04-24.746667 87.04H35.857749c-31.573333 0-47.786667-54.613333-25.6-87.04z\" fill=\"#E64040\">\u003C/path>\u003Cpath d=\"M512.017749 705.706667c-21.333333 0-38.4-17.066667-38.4-38.4V373.76c0-21.333333 17.066667-38.4 38.4-38.4s38.4 17.066667 38.4 38.4v293.546667c0 21.333333-17.92 38.4-38.4 38.4z\" fill=\"#FFFFFF\">\u003C/path>\u003Cpath d=\"M512.017749 774.826667m-38.4 0a38.4 38.4 0 1 0 76.8 0 38.4 38.4 0 1 0-76.8 0Z\" fill=\"#FFFFFF\">\u003C/path>\u003C/symbol>\u003Csymbol id=\"iconsmall_screen\" viewBox=\"0 0 1024 1024\">\u003Cpath d=\"M725.333333 341.333333a42.666667 42.666667 0 0 1-42.666666-42.666666V106.666667a21.333333 21.333333 0 0 1 21.333333-21.333334h42.666667a21.333333 21.333333 0 0 1 21.333333 21.333334V256h149.333333a21.333333 21.333333 0 0 1 21.333334 21.333333v42.666667a21.333333 21.333333 0 0 1-21.333334 21.333333H725.333333zM298.666667 682.666667a42.666667 42.666667 0 0 1 42.666666 42.666666v192a21.333333 21.333333 0 0 1-21.333333 21.333334h-42.666667a21.333333 21.333333 0 0 1-21.333333-21.333334V768H106.666667a21.333333 21.333333 0 0 1-21.333334-21.333333v-42.666667a21.333333 21.333333 0 0 1 21.333334-21.333333H298.666667z m384 42.666666a42.666667 42.666667 0 0 1 42.666666-42.666666h192a21.333333 21.333333 0 0 1 21.333334 21.333333v42.666667a21.333333 21.333333 0 0 1-21.333334 21.333333H768v149.333333a21.333333 21.333333 0 0 1-21.333333 21.333334h-42.666667a21.333333 21.333333 0 0 1-21.333333-21.333334V725.333333zM341.333333 298.666667a42.666667 42.666667 0 0 1-42.666666 42.666666H106.666667a21.333333 21.333333 0 0 1-21.333334-21.333333v-42.666667a21.333333 21.333333 0 0 1 21.333334-21.333333H256V106.666667a21.333333 21.333333 0 0 1 21.333333-21.333334h42.666667a21.333333 21.333333 0 0 1 21.333333 21.333334V298.666667z\" fill=\"#1D2129\">\u003C/path>\u003C/symbol>\u003Csymbol id=\"iconfull_screen\" viewBox=\"0 0 1024 1024\">\u003Cpath d=\"M85.333333 128a42.666667 42.666667 0 0 1 42.666667-42.666667h192a21.333333 21.333333 0 0 1 21.333333 21.333334v42.666666a21.333333 21.333333 0 0 1-21.333333 21.333334H170.666667v149.333333a21.333333 21.333333 0 0 1-21.333334 21.333333h-42.666666a21.333333 21.333333 0 0 1-21.333334-21.333333V128z m853.333334 768a42.666667 42.666667 0 0 1-42.666667 42.666667h-192a21.333333 21.333333 0 0 1-21.333333-21.333334v-42.666666a21.333333 21.333333 0 0 1 21.333333-21.333334H853.333333v-149.333333a21.333333 21.333333 0 0 1 21.333334-21.333333h42.666666a21.333333 21.333333 0 0 1 21.333334 21.333333V896zM128 938.666667a42.666667 42.666667 0 0 1-42.666667-42.666667v-192a21.333333 21.333333 0 0 1 21.333334-21.333333h42.666666a21.333333 21.333333 0 0 1 21.333334 21.333333V853.333333h149.333333a21.333333 21.333333 0 0 1 21.333333 21.333334v42.666666a21.333333 21.333333 0 0 1-21.333333 21.333334H128zM896 85.333333a42.666667 42.666667 0 0 1 42.666667 42.666667v192a21.333333 21.333333 0 0 1-21.333334 21.333333h-42.666666a21.333333 21.333333 0 0 1-21.333334-21.333333V170.666667h-149.333333a21.333333 21.333333 0 0 1-21.333333-21.333334v-42.666666a21.333333 21.333333 0 0 1 21.333333-21.333334H896z\" fill=\"#1D2129\">\u003C/path>\u003C/symbol>\u003Csymbol id=\"iconTransfer_task_bg\" viewBox=\"0 0 1024 1024\">\u003Cpath d=\"M917.333333 832a21.333333 21.333333 0 0 1 21.333334 21.333333v42.666667a21.333333 21.333333 0 0 1-21.333334 21.333333h-810.666666A21.333333 21.333333 0 0 1 85.333333 896v-42.666667a21.333333 21.333333 0 0 1 21.333334-21.333333h810.666666zM896 128a42.666667 42.666667 0 0 1 42.666667 42.666667v512a42.666667 42.666667 0 0 1-42.666667 42.666666H128a42.666667 42.666667 0 0 1-42.666667-42.666666V170.666667a42.666667 42.666667 0 0 1 42.666667-42.666667h768zM170.666667 213.333333v426.666667h682.666666V213.333333H170.666667z\" fill=\"#1D2129\">\u003C/path>\u003Cpath d=\"M602.752 597.333333a10.581333 10.581333 0 0 0 7.168-2.816 9.173333 9.173333 0 0 0 2.986667-6.698666V378.581333h62.72a6.442667 6.442667 0 0 0 3.2-0.853333 5.888 5.888 0 0 0 2.261333-2.304 5.333333 5.333333 0 0 0-0.682667-5.973333L561.109333 261.12a9.941333 9.941333 0 0 0-2.901333-2.346667 10.88 10.88 0 0 0-11.093333-1.962666 10.026667 10.026667 0 0 0-4.48 3.498666 8.96 8.96 0 0 0-1.706667 5.248v322.304c0 2.517333 1.066667 4.906667 2.986667 6.698667a10.581333 10.581333 0 0 0 7.210666 2.773333h51.626667z m-128.042667-1.706666a9.685333 9.685333 0 0 0 3.114667-3.413334 8.917333 8.917333 0 0 0 1.152-4.352V265.6a9.173333 9.173333 0 0 0-2.986667-6.698667 10.581333 10.581333 0 0 0-7.210666-2.773333H420.309333a10.581333 10.581333 0 0 0-7.253333 2.773333 9.173333 9.173333 0 0 0-2.986667 6.698667v209.237333H347.477333a6.442667 6.442667 0 0 0-3.242666 0.853334 5.888 5.888 0 0 0-2.218667 2.304 5.333333 5.333333 0 0 0 0.64 5.973333l116.224 108.373333a9.984 9.984 0 0 0 2.858667 2.346667 10.752 10.752 0 0 0 13.013333 0.896z\" fill=\"#1D2129\">\u003C/path>\u003C/symbol>\u003Csymbol id=\"iconQR_code\" viewBox=\"0 0 1024 1024\">\u003Cpath d=\"M192 490.666667h298.666667v-298.666667h-298.666667v298.666667z m-42.666667-384h384a42.666667 42.666667 0 0 1 42.666667 42.666666v384a42.666667 42.666667 0 0 1-42.666667 42.666667h-384a42.666667 42.666667 0 0 1-42.666666-42.666667v-384a42.666667 42.666667 0 0 1 42.666666-42.666666z m128 170.666666h128v128h-128v-128zM192 725.333333v106.666667H298.666667V725.333333H192z m-42.666667-85.333333H341.333333a42.666667 42.666667 0 0 1 42.666667 42.666667v192a42.666667 42.666667 0 0 1-42.666667 42.666666H149.333333a42.666667 42.666667 0 0 1-42.666666-42.666666V682.666667a42.666667 42.666667 0 0 1 42.666666-42.666667zM725.333333 192V298.666667h106.666667V192H725.333333z m-42.666666-85.333333h192a42.666667 42.666667 0 0 1 42.666666 42.666666V341.333333a42.666667 42.666667 0 0 1-42.666666 42.666667H682.666667a42.666667 42.666667 0 0 1-42.666667-42.666667V149.333333a42.666667 42.666667 0 0 1 42.666667-42.666666zM725.333333 725.333333v106.666667h106.666667V725.333333H725.333333z m-42.666666-85.333333h192a42.666667 42.666667 0 0 1 42.666666 42.666667v192a42.666667 42.666667 0 0 1-42.666666 42.666666H682.666667a42.666667 42.666667 0 0 1-42.666667-42.666666V682.666667a42.666667 42.666667 0 0 1 42.666667-42.666667z m-213.333334 0h85.333334v85.333333h-85.333334v-85.333333z m0 149.333333h85.333334v128h-85.333334v-128z m170.666667-320h85.333333v85.333334h-85.333333v-85.333334z m149.333333 0h128v85.333334h-128v-85.333334z\" fill=\"#1D2129\">\u003C/path>\u003C/symbol>\u003Csymbol id=\"iconLock_Yellow\" viewBox=\"0 0 1024 1024\">\u003Cpath d=\"M746.666667 320a234.666667 234.666667 0 0 0-469.333334 0v85.333333H170.666667a42.666667 42.666667 0 0 0-42.666667 42.666667V896a42.666667 42.666667 0 0 0 42.666667 42.666667h682.666666a42.666667 42.666667 0 0 0 42.666667-42.666667V448a42.666667 42.666667 0 0 0-42.666667-42.666667h-106.666666v-85.333333zM213.333333 853.333333v-362.666666h597.333334V853.333333H213.333333z m320-298.666666a21.333333 21.333333 0 0 1 21.333334 21.333333V768a21.333333 21.333333 0 0 1-21.333334 21.333333h-42.666666a21.333333 21.333333 0 0 1-21.333334-21.333333v-192a21.333333 21.333333 0 0 1 21.333334-21.333333h42.666666z m-170.666666-234.666667a149.333333 149.333333 0 1 1 298.666666 0v85.333333h-298.666666v-85.333333z\" fill=\"#FFA510\">\u003C/path>\u003C/symbol>\u003Csymbol id=\"iconunlock\" viewBox=\"0 0 1024 1024\">\u003Cpath d=\"M512 85.333333a234.666667 234.666667 0 0 1 234.666667 234.666667c0 11.776-19.114667 21.333333-42.666667 21.333333s-42.666667-9.557333-42.666667-21.333333A149.418667 149.418667 0 0 0 512 170.666667a149.418667 149.418667 0 0 0-149.333333 149.333333v85.333333H853.333333a42.666667 42.666667 0 0 1 42.666667 42.666667V896a42.666667 42.666667 0 0 1-42.666667 42.666667H170.666667a42.666667 42.666667 0 0 1-42.666667-42.666667V448a42.666667 42.666667 0 0 1 42.666667-42.666667h106.666666v-85.333333A234.666667 234.666667 0 0 1 512 85.333333zM213.333333 853.333333h597.333334v-362.666666H213.333333V853.333333z m320-298.666666a21.333333 21.333333 0 0 1 21.333334 21.333333V768a21.333333 21.333333 0 0 1-21.333334 21.333333h-42.666666a21.333333 21.333333 0 0 1-21.333334-21.333333v-192a21.333333 21.333333 0 0 1 21.333334-21.333333h42.666666z\" fill=\"#1D2129\">\u003C/path>\u003C/symbol>\u003Csymbol id=\"iconfolder\" viewBox=\"0 0 1024 1024\">\u003Cpath d=\"M351.010133 0a136.533333 136.533333 0 0 1 84.650667 29.4144L495.633067 76.8H887.466667c75.409067 0 136.533333 61.124267 136.533333 136.533333v605.866667c0 113.109333-91.690667 204.8-204.8 204.8H640c-72.0384 0-135.3728-37.1968-171.886933-93.422933l-8.234667 11.0592A204.8 204.8 0 0 1 295.697067 1024H204.8c-113.109333 0-204.8-91.690667-204.8-204.8V136.533333C0 61.124267 61.124267 0 136.533333 0h214.4768z\" fill=\"#F8AA28\">\u003C/path>\u003Cpath d=\"M102.4 179.2m102.4 0l614.4 0q102.4 0 102.4 102.4l0 170.666667q0 102.4-102.4 102.4l-614.4 0q-102.4 0-102.4-102.4l0-170.666667q0-102.4 102.4-102.4Z\" fill=\"#FFEFD5\">\u003C/path>\u003Cpath d=\"M0 375.466667c0-56.5504 45.8496-102.4 102.4-102.4h819.2c56.5504 0 102.4 45.8496 102.4 102.4v512c0 75.409067-61.124267 136.533333-136.533333 136.533333H136.533333c-75.409067 0-136.533333-61.124267-136.533333-136.533333V375.466667z\" fill=\"#FBC931\">\u003C/path>\u003C/symbol>\u003Csymbol id=\"iconzoom_in\" viewBox=\"0 0 1024 1024\">\u003Cpath d=\"M475.648 85.333333a390.272 390.272 0 0 1 390.272 390.314667 388.693333 388.693333 0 0 1-88.106667 246.954667l155.136 155.178666a19.541333 19.541333 0 0 1 0 27.562667l-27.605333 27.605333a19.541333 19.541333 0 0 1-27.562667 0l-155.178666-155.136a388.693333 388.693333 0 0 1-246.954667 88.106667A390.272 390.272 0 0 1 85.333333 475.605333 390.272 390.272 0 0 1 475.648 85.333333z m0 78.08a312.234667 312.234667 0 1 0 0 624.426667 312.234667 312.234667 0 1 0 0-624.469333z m19.498667 156.117334a19.498667 19.498667 0 0 1 19.498666 19.498666v97.578667h97.578667a19.498667 19.498667 0 0 1 19.498667 19.498667v39.04a19.498667 19.498667 0 0 1-19.498667 19.498666h-97.578667v97.578667a19.498667 19.498667 0 0 1-19.498666 19.498667h-39.04a19.498667 19.498667 0 0 1-19.498667-19.498667v-97.578667H338.986667a19.498667 19.498667 0 0 1-19.498667-19.498666v-39.04a19.498667 19.498667 0 0 1 19.498667-19.498667h97.578666V339.029333a19.498667 19.498667 0 0 1 19.498667-19.498666h39.04z\" fill=\"#1D2129\">\u003C/path>\u003C/symbol>\u003Csymbol id=\"iconzoom_out\" viewBox=\"0 0 1024 1024\">\u003Cpath d=\"M475.648 85.333333a390.272 390.272 0 0 1 390.272 390.314667 388.693333 388.693333 0 0 1-88.106667 246.954667l155.136 155.178666a19.541333 19.541333 0 0 1 0 27.562667l-27.605333 27.605333a19.541333 19.541333 0 0 1-27.562667 0l-155.178666-155.136a388.693333 388.693333 0 0 1-246.954667 88.106667A390.272 390.272 0 0 1 85.333333 475.605333 390.272 390.272 0 0 1 475.648 85.333333z m0 78.08a312.234667 312.234667 0 1 0 0 624.426667 312.234667 312.234667 0 1 0 0-624.469333z m136.576 273.194667a19.498667 19.498667 0 0 1 19.498667 19.498667v39.04a19.498667 19.498667 0 0 1-19.498667 19.498666H339.029333a19.498667 19.498667 0 0 1-19.498666-19.498666v-39.04a19.498667 19.498667 0 0 1 19.498666-19.498667h273.194667z\" fill=\"#1D2129\">\u003C/path>\u003C/symbol>\u003Csymbol id=\"iconMy_shares\" viewBox=\"0 0 1024 1024\">\u003Cpath d=\"M124.586667 58.026667h159.573333c12.8 0 24.746667 4.266667 34.986667 12.8l54.613333 46.08c9.386667 8.533333 22.186667 12.8 34.986667 12.8h482.133333c41.813333 0 75.093333 34.133333 75.093333 75.093333v532.48c0 41.813333-34.133333 75.093333-75.093333 75.093333H124.586667c-41.813333 0-75.093333-34.133333-75.093334-75.093333V133.12c-0.853333-41.813333 33.28-75.093333 75.093334-75.093333z\" fill=\"#FFB02C\">\u003C/path>\u003Cpath d=\"M48.64 219.306667h841.386667c41.813333 0 75.093333 34.133333 75.093333 75.093333v547.84c0 13.653333-11.093333 23.893333-23.893333 23.893333H73.386667c-13.653333 0-23.893333-11.093333-23.893334-23.893333v-622.933333h-0.853333z\" fill=\"#FFCA28\">\u003C/path>\u003Cpath d=\"M48.64 219.306667h841.386667c41.813333 0 75.093333 34.133333 75.093333 75.093333v547.84c0 13.653333-11.093333 23.893333-23.893333 23.893333H73.386667c-13.653333 0-23.893333-11.093333-23.893334-23.893333v-622.933333h-0.853333z\" fill=\"#FFCA28\">\u003C/path>\u003Cpath d=\"M48.64 219.306667h841.386667c41.813333 0 75.093333 34.133333 75.093333 75.093333v547.84c0 13.653333-11.093333 23.893333-23.893333 23.893333H73.386667c-13.653333 0-23.893333-11.093333-23.893334-23.893333v-622.933333h-0.853333z\" fill=\"#FFCA28\">\u003C/path>\u003Cpath d=\"M1000.106667 744.96c-16.213333-29.013333-41.813333-18.773333-123.733334 3.413333-36.693333 10.24-69.973333 24.746667-155.306666 46.933334-31.573333 8.533333-64.853333 11.946667-107.52 0-43.52-11.946667-65.706667-20.48-88.746667-29.866667-23.893333-9.386667-57.173333-20.48-75.946667-33.28s-5.12-34.133333 11.093334-32.426667c29.866667 3.413333 66.56 22.186667 99.84 34.133334s58.88 23.04 98.986666 23.04c21.333333 0 39.253333-20.48 43.52-37.546667s-4.266667-40.106667-20.48-51.2c-11.093333-7.68-22.186667-14.506667-34.133333-20.48-33.28-17.92-65.706667-35.84-98.986667-52.906667-58.88-30.72-117.76-59.733333-180.053333-85.333333-62.293333-25.6-117.76-29.013333-175.786667 2.56-37.546667 20.48-75.093333 40.106667-112.64 59.733333-3.413333 1.706667-17.066667 9.386667-31.573333 17.92v285.013334h116.053333c46.933333 0 92.16 5.12 138.24 14.506666 68.266667 13.653333 187.733333 55.466667 289.28 78.506667 45.226667 10.24 103.253333 9.386667 146.773334-6.826667 84.48-32.426667 101.546667-45.226667 168.96-93.866666 69.973333-51.2 108.373333-93.866667 92.16-122.026667z\" fill=\"#0092FF\">\u003C/path>\u003C/symbol>\u003Csymbol id=\"iconarrow\" viewBox=\"0 0 1024 1024\">\u003Cpath d=\"M433.237333 430.72H285.525333c-1.408 0-2.773333-0.256-4.522666-0.469333a29.738667 29.738667 0 0 1-6.4-1.877334l-1.450667-0.725333c-0.938667-0.426667-1.877333-0.853333-2.816-1.408a32.128 32.128 0 0 1-13.781333-22.186667 34.986667 34.986667 0 0 1-0.426667-4.821333c0-0.426667-0.128-0.768-0.128-1.152 0-0.682667 0.128-1.322667 0.170667-2.005333 0.085333-0.725333 0.085333-1.408 0.213333-2.133334a34.389333 34.389333 0 0 1 5.546667-15.36l221.738666-273.152c5.845333-11.306667 17.365333-21.973333 28.330667-19.797333 10.965333-2.176 22.442667 8.490667 28.373333 19.797333l221.696 273.152a34.133333 34.133333 0 0 1 5.546667 15.36c0.128 0.725333 0.128 1.408 0.213333 2.133334 0 0.682667 0.170667 1.28 0.170667 2.005333l-0.085333 1.152a39.893333 39.893333 0 0 1-0.597334 5.674667 31.701333 31.701333 0 0 1-13.653333 21.333333c-0.938667 0.597333-1.877333 0.938667-2.858667 1.408l-1.408 0.725333c-0.938667 0.384-1.877333 0.682667-2.816 0.938667a26.069333 26.069333 0 0 1-3.968 0.938667c-1.365333 0.213333-2.730667 0.469333-4.138666 0.469333h-147.712v487.637333a20.650667 20.650667 0 0 1-5.76 14.336 19.413333 19.413333 0 0 1-13.909334 5.973334h-118.186666a19.413333 19.413333 0 0 1-13.909334-5.973334 20.650667 20.650667 0 0 1-5.76-14.336V430.72z\" fill=\"#1D2129\">\u003C/path>\u003C/symbol>\u003Csymbol id=\"iconarrowup\" viewBox=\"0 0 1024 1024\">\u003Cpath d=\"M512 1015.466667C239.786667 1015.466667 18.773333 794.453333 18.773333 522.24S239.786667 29.013333 512 29.013333s493.226667 221.013333 493.226667 493.226667S784.213333 1015.466667 512 1015.466667z m0-909.653334c-229.546667 0-416.426667 186.88-416.426667 416.426667S282.453333 938.666667 512 938.666667s416.426667-186.88 416.426667-416.426667S741.546667 105.813333 512 105.813333z\" fill=\"#333333\">\u003C/path>\u003Cpath d=\"M514.56 752.64c-21.333333 0-38.4-17.066667-38.4-38.4V378.026667c0-21.333333 17.066667-38.4 38.4-38.4s38.4 17.066667 38.4 38.4v336.213333c0 21.333333-17.066667 38.4-38.4 38.4z\" fill=\"#333333\">\u003C/path>\u003Cpath d=\"M356.693333 527.36c-10.24 0-21.333333-4.266667-28.16-12.8-14.506667-15.36-12.8-40.106667 2.56-54.613333l187.733334-168.96 178.346666 163.84c15.36 14.506667 17.066667 38.4 2.56 54.613333-14.506667 15.36-38.4 17.066667-54.613333 2.56L518.826667 395.093333l-136.533334 122.88c-6.826667 5.973333-16.213333 9.386667-25.6 9.386667z\" fill=\"#333333\">\u003C/path>\u003C/symbol>\u003Csymbol id=\"icontos_task_bg_off1\" viewBox=\"0 0 1024 1024\">\u003Cpath d=\"M692.053333 983.04H167.253333c-64.853333 0-116.906667-52.053333-116.906666-116.906667V341.333333c0-64.853333 52.053333-116.906667 116.906666-116.906666H691.2c64.853333 0 117.76 52.906667 117.76 117.76v523.946666c0 64.853333-52.053333 116.906667-116.906667 116.906667zM167.253333 301.226667c-22.186667 0-40.106667 17.92-40.106666 40.106666v524.8c0 22.186667 17.92 40.106667 40.106666 40.106667h524.8c22.186667 0 40.106667-17.92 40.106667-40.106667V342.186667c0-22.186667-18.773333-40.96-40.96-40.96H167.253333z\" fill=\"#333333\">\u003C/path>\u003Cpath d=\"M505.173333 338.773333h76.8v209.066667h-76.8z\" fill=\"#333333\">\u003C/path>\u003Cpath d=\"M417.28 542.72l126.293333 126.293333 126.293334-126.293333zM274.773333 663.04h76.8v209.066667h-76.8z\" fill=\"#333333\">\u003C/path>\u003Cpath d=\"M186.88 668.16l126.293333-126.293333 126.293334 126.293333zM860.16 47.786667H336.213333c-64.853333 0-116.906667 52.053333-116.906666 116.906666 0 20.48 16.213333 36.693333 36.693333 36.693334h4.266667c20.48 0 36.693333-16.213333 36.693333-36.693334 0-22.186667 17.92-40.106667 40.106667-40.106666h523.946666c23.04 0 40.96 17.92 40.96 40.96v523.946666c0 22.186667-17.92 40.106667-40.106666 40.106667h-3.413334c-21.333333 0-38.4 17.066667-38.4 38.4s17.066667 38.4 38.4 38.4h3.413334c64.853333 0 116.906667-52.053333 116.906666-116.906667V165.546667c-0.853333-64.853333-52.906667-117.76-118.613333-117.76z\" fill=\"#333333\">\u003C/path>\u003C/symbol>\u003Csymbol id=\"icontos_task_bg1\" viewBox=\"0 0 1024 1024\">\u003Cpath d=\"M680.96 979.626667H156.16c-64.853333 0-116.906667-52.053333-116.906667-116.906667V337.92c0-64.853333 52.053333-116.906667 116.906667-116.906667h523.946667c64.853333 0 117.76 52.906667 117.76 117.76v523.946667c0 64.853333-52.053333 116.906667-116.906667 116.906667zM156.16 297.813333c-22.186667 0-40.106667 17.92-40.106667 40.106667v524.8c0 22.186667 17.92 40.106667 40.106667 40.106667h524.8c22.186667 0 40.106667-17.92 40.106667-40.106667V338.773333c0-22.186667-18.773333-40.96-40.96-40.96H156.16z\" fill=\"#333333\">\u003C/path>\u003Cpath d=\"M253.44 335.36h76.8v209.066667h-76.8z\" fill=\"#333333\">\u003C/path>\u003Cpath d=\"M165.546667 539.306667L292.693333 665.6l126.293334-126.293333zM502.613333 659.626667h76.8v209.066666h-76.8z\" fill=\"#333333\">\u003C/path>\u003Cpath d=\"M414.72 664.746667l126.293333-126.293334 126.293334 126.293334zM849.066667 44.373333H325.12c-64.853333 0-116.906667 52.053333-116.906667 116.906667 0 20.48 16.213333 36.693333 36.693334 36.693333h4.266666c20.48 0 36.693333-16.213333 36.693334-36.693333 0-22.186667 17.92-40.106667 40.106666-40.106667h523.946667c23.04 0 40.96 17.92 40.96 40.96v523.946667c0 22.186667-17.92 40.106667-40.106667 40.106667h-3.413333c-21.333333 0-38.4 17.066667-38.4 38.4s17.066667 38.4 38.4 38.4h3.413333c64.853333 0 116.906667-52.053333 116.906667-116.906667V162.133333c-0.853333-64.853333-53.76-117.76-118.613333-117.76z\" fill=\"#333333\">\u003C/path>\u003C/symbol>\u003Csymbol id=\"iconThunmbnail\" viewBox=\"0 0 1024 1024\">\u003Cpath d=\"M372.906667 500.906667H170.666667c-69.12 0-124.586667-55.466667-124.586667-124.586667V187.733333C46.933333 119.466667 103.253333 64 170.666667 64h201.386666c69.12 0 124.586667 55.466667 124.586667 124.586667v189.44c0 67.413333-55.466667 122.88-123.733333 122.88zM170.666667 140.8c-25.6 0-46.933333 21.333333-47.786667 47.786667v187.733333c0 26.453333 21.333333 47.786667 47.786667 47.786667h202.24c25.6 0 46.933333-21.333333 46.933333-46.08V188.586667c0-26.453333-21.333333-47.786667-47.786667-47.786667H170.666667zM853.333333 500.906667H651.093333c-68.266667 0-124.586667-55.466667-124.586666-124.586667V187.733333c0-69.12 55.466667-124.586667 124.586666-124.586666H853.333333c68.266667 0 124.586667 55.466667 124.586667 124.586666v189.44c-0.853333 68.266667-57.173333 123.733333-124.586667 123.733334zM651.093333 139.946667c-26.453333 0-47.786667 21.333333-47.786666 47.786666v188.586667c0 26.453333 21.333333 47.786667 47.786666 47.786667H853.333333c25.6 0 46.933333-21.333333 47.786667-47.786667V187.733333c0-26.453333-21.333333-47.786667-47.786667-47.786666H651.093333zM372.906667 971.946667H170.666667c-69.12 0-124.586667-55.466667-124.586667-124.586667V657.92c0-68.266667 55.466667-124.586667 124.586667-124.586667h201.386666c69.12 0 124.586667 55.466667 124.586667 124.586667v189.44c0 68.266667-55.466667 124.586667-123.733333 124.586667zM170.666667 610.133333c-26.453333 0-47.786667 21.333333-47.786667 47.786667v189.44c0 26.453333 21.333333 47.786667 47.786667 47.786667h202.24c25.6 0 46.933333-22.186667 46.933333-47.786667V657.92c0-26.453333-21.333333-47.786667-47.786667-47.786667H170.666667zM853.333333 971.946667H651.093333c-68.266667 0-124.586667-55.466667-124.586666-124.586667V657.92c0-68.266667 55.466667-124.586667 124.586666-124.586667H853.333333c68.266667 0 124.586667 55.466667 124.586667 124.586667v189.44c-0.853333 69.12-57.173333 124.586667-124.586667 124.586667zM651.093333 610.133333c-26.453333 0-47.786667 21.333333-47.786666 47.786667v189.44c0 26.453333 21.333333 47.786667 47.786666 47.786667H853.333333c25.6 0 46.933333-22.186667 47.786667-48.64V657.92c0-26.453333-21.333333-47.786667-47.786667-47.786667H651.093333z\" fill=\"#333333\">\u003C/path>\u003C/symbol>\u003Csymbol id=\"iconSorting\" viewBox=\"0 0 1024 1024\">\u003Cpath d=\"M707.413333 498.346667l-410.453333-5.12c-19.626667 0-39.253333-11.093333-48.64-29.013334-9.386667-17.92-8.533333-39.253333 1.706667-56.32l200.533333-332.8c10.24-17.066667 28.16-27.306667 47.786667-27.306666s37.546667 10.24 47.786666 26.453333l209.92 338.773333c10.24 17.066667 10.24 39.253333 0 56.32-10.24 18.773333-28.16 29.013333-48.64 29.013334z m-372.053333-81.066667l335.36 4.266667-171.52-277.333334-163.84 273.066667z m-37.546667-0.853333z m183.466667-301.226667zM499.2 987.306667c-0.853333 0-0.853333 0 0 0-19.626667 0-37.546667-10.24-47.786667-26.453334l-200.533333-332.8c-11.093333-17.066667-11.093333-38.4-1.706667-56.32 9.386667-17.92 28.16-29.013333 48.64-29.013333l408.746667-5.973333c20.48 0 38.4 10.24 48.64 28.16 10.24 17.92 10.24 39.253333 0 56.32v1.706666L546.133333 960.853333c-10.24 16.213333-28.16 26.453333-46.933333 26.453334z m-17.92-67.413334zM335.36 618.666667l163.84 272.213333L670.72 614.4l-335.36 4.266667z m-36.693333 0.853333z\" fill=\"#333333\">\u003C/path>\u003C/symbol>\u003Csymbol id=\"iconSearch_settings1\" viewBox=\"0 0 1024 1024\">\u003Cpath d=\"M261.3248 204.8c138.752 0 251.136 105.984 251.136 236.8 0 49.4592-16.0768 95.3856-43.52 133.3248l100.1472 94.464a13.312 13.312 0 0 1 0 19.712l-25.088 23.6544a15.5136 15.5136 0 0 1-20.8384 0l-97.536-92.0064a259.1744 259.1744 0 0 1-164.3008 57.7024C122.6752 678.4 10.24 572.416 10.24 441.6 10.24 310.8352 122.6752 204.8 261.3248 204.8z m0 58.5216c-104.448 0-189.0816 79.7696-189.0816 178.2784 0 98.5088 84.6336 178.3296 189.0816 178.3296s189.0816-79.872 189.0816-178.3296c0-98.5088-84.5824-178.2784-189.0816-178.2784z\" fill=\"#1D2129\">\u003C/path>\u003Cpath d=\"M988.7232 477.696q0.512-0.512 0.9216-1.1264l0.6656-1.28q0.3072-0.6656 0.512-1.3824 0.2048-0.6656 0.3072-1.4336l0.1024-1.4336-0.1024-1.4336q-0.1024-0.768-0.3072-1.4336-0.2048-0.7168-0.512-1.3824l-0.6656-1.28q-0.4096-0.6144-0.9216-1.1776l-1.024-1.024q-0.512-0.512-1.1776-0.8704-0.6144-0.4096-1.28-0.7168l-1.3312-0.512-1.4336-0.3072Q981.76 460.8 980.992 460.8h-221.184q-0.768 0-1.4848 0.1024l-1.4336 0.3072-1.3312 0.512q-0.6656 0.3072-1.28 0.7168-0.6144 0.3584-1.1776 0.8704l-1.024 1.024q-0.512 0.512-0.9216 1.1776l-0.6656 1.28q-0.3072 0.6656-0.512 1.3824-0.2048 0.6656-0.3072 1.4336l-0.1024 1.4336 0.1024 1.4336q0.1024 0.768 0.3072 1.4336 0.2048 0.7168 0.512 1.3824l0.6656 1.28q0.4096 0.6144 0.9216 1.1776l110.592 127.6928q0.7168 0.8704 1.5872 1.536 0.8704 0.6144 1.8944 1.0752 1.024 0.512 2.048 0.7168 1.0752 0.2048 2.2016 0.2048 1.1264 0 2.2016-0.2048 1.024-0.256 2.048-0.7168 1.024-0.4608 1.8944-1.0752 0.8704-0.6656 1.5872-1.536l110.592-127.6928z\" fill=\"#1D2129\">\u003C/path>\u003C/symbol>\u003Csymbol id=\"iconEdit\" viewBox=\"0 0 1024 1024\">\u003Cpath d=\"M175.957333 938.624c-6.314667 0-12.544-1.194667-18.346666-3.498667a48.213333 48.213333 0 0 1-15.573334-9.898666 45.610667 45.610667 0 0 1-10.368-14.805334 43.776 43.776 0 0 1-3.669333-17.493333V130.986667c0-12.117333 5.034667-23.722667 14.08-32.298667 8.96-8.533333 21.162667-13.354667 33.877333-13.354667h488.704c12.757333 0 24.96 4.821333 33.962667 13.397334 9.002667 8.533333 14.08 20.181333 14.08 32.298666 0 12.16-5.077333 23.765333-14.08 32.341334a49.237333 49.237333 0 0 1-33.92 13.397333H223.914667v670.506667h576v-335.232c0-12.117333 5.12-23.765333 14.08-32.341334 9.002667-8.533333 21.205333-13.397333 33.962666-13.397333 12.714667 0 24.917333 4.821333 33.962667 13.397333 8.96 8.576 14.037333 20.181333 14.037333 32.341334v380.970666c0 5.973333-1.28 11.946667-3.669333 17.493334-2.389333 5.546667-5.973333 10.581333-10.410667 14.805333a48.213333 48.213333 0 0 1-15.573333 9.898667 50.090667 50.090667 0 0 1-18.346667 3.456l-672.042666-0.042667z m332.8-364.842667a44.8 44.8 0 0 1-14.250666-32.341333 44.714667 44.714667 0 0 1 13.866666-32.426667l305.621334-293.034666c9.088-8.106667 21.12-12.544 33.536-12.373334 12.458667 0.170667 24.32 4.949333 33.152 13.312 8.832 8.32 13.909333 19.626667 14.165333 31.488 0.256 11.818667-4.352 23.296-12.8 32l-305.450667 292.992c-8.96 8.618667-21.12 13.482667-33.792 13.568a49.450667 49.450667 0 0 1-34.048-13.141333v-0.042667z\" fill=\"#1D2129\">\u003C/path>\u003C/symbol>\u003Csymbol id=\"iconcopy\" viewBox=\"0 0 1024 1024\">\u003Cpath d=\"M657.0496 266.24c11.3152 0 22.1696 4.3008 30.208 11.9808 7.9872 7.68 12.4928 18.1248 12.4928 28.9792v577.9968c0 20.1216-17.8688 36.4032-39.8336 36.4032H142.2336c-22.016 0-39.8336-16.2816-39.8336-36.4032V302.592c0-20.1216 17.8176-36.4032 39.8336-36.4032h514.816zM614.4 348.16H187.7504v491.52H614.4V348.16zM827.7504 102.4c11.264 0 22.1696 4.3008 30.1568 11.9808 7.9872 7.68 12.4928 18.1248 12.4928 28.9792v512a20.0704 20.0704 0 0 1-6.2464 14.4896 21.8112 21.8112 0 0 1-15.104 5.9904h-42.6496a21.76 21.76 0 0 1-15.104-5.9904 20.0704 20.0704 0 0 1-6.2464-14.4896V184.32H379.7504a21.8112 21.8112 0 0 1-15.104-5.9904A20.0704 20.0704 0 0 1 358.4 163.84v-40.96c0-5.4272 2.2528-10.6496 6.2464-14.4896A21.8112 21.8112 0 0 1 379.7504 102.4h448z\" fill=\"#6B7785\">\u003C/path>\u003C/symbol>\u003Csymbol id=\"iconReject\" viewBox=\"0 0 1024 1024\">\u003Cpath d=\"M512 453.717333l276.992-276.992a20.608 20.608 0 0 1 29.141333 0l29.141334 29.141334a20.565333 20.565333 0 0 1 0 29.184l-276.949334 276.992 276.949334 276.906666a20.608 20.608 0 0 1 0 29.184l-29.141334 29.141334a20.608 20.608 0 0 1-29.141333 0L512 570.325333l-276.992 276.949334a20.608 20.608 0 0 1-29.141333 0l-29.184-29.141334a20.608 20.608 0 0 1 0-29.141333L453.674667 512 176.725333 235.093333a20.608 20.608 0 0 1 0-29.184l29.141334-29.141333a20.608 20.608 0 0 1 29.184 0L512 453.674667z\" fill=\"#1D2129\">\u003C/path>\u003C/symbol>\u003Csymbol id=\"iconmistake\" viewBox=\"0 0 1024 1024\">\u003Cpath d=\"M512 446.421333l311.594667-311.594666a23.210667 23.210667 0 0 1 32.810666 0l32.768 32.810666a23.253333 23.253333 0 0 1 0 32.810667L577.621333 512l311.594667 311.552a23.210667 23.210667 0 0 1 0 32.768l-32.810667 32.810667a23.210667 23.210667 0 0 1-32.768 0L512 577.621333 200.405333 889.173333a23.253333 23.253333 0 0 1-32.853333 0l-32.768-32.810666a23.210667 23.210667 0 0 1 0-32.810667L446.378667 512 134.826667 200.448a23.168 23.168 0 0 1 0-32.810667l32.768-32.810666a23.210667 23.210667 0 0 1 32.853333 0L512 446.378667z\" fill=\"#3491FA\">\u003C/path>\u003C/symbol>\u003Csymbol id=\"iconfullscreen\" viewBox=\"0 0 1024 1024\">\u003Cpath d=\"M147.822933 202.9824l54.510934-54.101333 664.200533 669.294933-54.510933 54.101333z\" fill=\"#333333\">\u003C/path>\u003Cpath d=\"M61.44 71.68l23.04 280.746667L342.186667 93.866667zM963.413333 968.533333L682.666667 946.346667l257.706666-258.56zM144.9728 837.742933l669.1584-663.125333 54.058667 54.545067-669.1584 663.125333z\" fill=\"#333333\">\u003C/path>\u003Cpath d=\"M64.853333 965.12l281.6-11.946667-248.32-267.946666zM970.24 71.68L947.2 352.426667 689.493333 94.72z\" fill=\"#333333\">\u003C/path>\u003C/symbol>\u003Csymbol id=\"iconarrow_down1\" viewBox=\"0 0 1024 1024\">\u003Cpath d=\"M40.106667 213.333333l474.453333 471.893334 469.333333-471.893334z\" fill=\"#1EB300\">\u003C/path>\u003C/symbol>\u003Csymbol id=\"iconarrow_up1\" viewBox=\"0 0 1024 1024\">\u003Cpath d=\"M40.106667 685.226667L514.56 213.333333l469.333333 471.893334z\" fill=\"#0086E6\">\u003C/path>\u003C/symbol>\u003Csymbol id=\"iconBackup\" viewBox=\"0 0 1024 1024\">\u003Cpath d=\"M193.834667 272.64c5.802667 0 11.392 2.218667 15.530666 6.101333 4.096 3.925333 6.4 9.216 6.4 14.72v561.92h592.213334c5.845333 0 11.434667 2.218667 15.530666 6.144 4.138667 3.882667 6.442667 9.173333 6.442667 14.72v41.6c0 5.546667-2.304 10.837333-6.4 14.72a22.570667 22.570667 0 0 1-15.530667 6.101334H171.861333c-11.605333 0-22.784-4.394667-31.018666-12.202667a40.576 40.576 0 0 1-12.842667-29.44V293.461333c0-5.546667 2.304-10.794667 6.4-14.72a22.570667 22.570667 0 0 1 15.530667-6.101333h43.904zM714.794667 85.333333c5.845333 0 11.690667 1.109333 17.066666 3.285334 5.461333 2.176 10.368 5.376 14.421334 9.386666l137.344 134.4a40.533333 40.533333 0 0 1 12.373333 29.013334v492.245333c0 5.12-0.981333 10.24-3.029333 14.933333a38.954667 38.954667 0 0 1-8.874667 12.8 41.472 41.472 0 0 1-13.312 8.533334 43.136 43.136 0 0 1-15.786667 3.029333H322.56a43.093333 43.093333 0 0 1-15.744-3.029333 41.429333 41.429333 0 0 1-13.312-8.533334 38.997333 38.997333 0 0 1-8.874667-12.8 37.333333 37.333333 0 0 1-3.029333-14.933333V124.672c0-21.76 18.346667-39.338667 40.96-39.338667h392.234667z m-18.688 83.242667H369.365333v541.141333h438.869334V279.381333l-112.128-110.805333z m-85.333334 333.013333c5.802667 0 11.392 2.176 15.488 6.101334 4.096 3.925333 6.4 9.216 6.4 14.72v41.642666c0 5.504-2.304 10.794667-6.4 14.677334a22.570667 22.570667 0 0 1-15.530666 6.101333H479.146667a22.570667 22.570667 0 0 1-15.530667-6.101333 20.266667 20.266667 0 0 1-6.4-14.72v-41.6c0-5.546667 2.261333-10.794667 6.4-14.72a22.570667 22.570667 0 0 1 15.530667-6.101334h131.626666z m87.722667-166.485333c5.845333 0 11.434667 2.176 15.530667 6.101333 4.096 3.882667 6.4 9.173333 6.4 14.677334v41.642666c0 5.546667-2.304 10.837333-6.4 14.72a22.570667 22.570667 0 0 1-15.530667 6.101334H479.146667a22.570667 22.570667 0 0 1-15.530667-6.101334 20.309333 20.309333 0 0 1-6.4-14.72v-41.642666c0-5.504 2.261333-10.794667 6.4-14.677334a22.570667 22.570667 0 0 1 15.530667-6.101333h219.392z\" fill=\"#1D2129\">\u003C/path>\u003C/symbol>\u003Csymbol id=\"iconbeep\" viewBox=\"0 0 1024 1024\">\u003Cpath d=\"M889.856 752l-83.754667-109.525333v-161.28c0-208.64-115.626667-297.557333-237.354666-314.581334v-19.626666c0-16.384-5.973333-32.042667-16.64-43.605334A54.613333 54.613333 0 0 0 512 85.333333a54.613333 54.613333 0 0 0-40.106667 18.048c-10.666667 11.562667-16.64 27.221333-16.64 43.562667v19.669333c-121.728 17.066667-237.354667 105.898667-237.354666 314.496v161.365334l-83.754667 109.525333a30.805333 30.805333 0 0 0-3.669333 30.592c2.176 4.949333 5.546667 9.130667 9.813333 12.032 4.266667 2.901333 9.216 4.437333 14.250667 4.394667h714.965333a24.874667 24.874667 0 0 0 14.208-4.437334c4.266667-2.901333 7.68-7.082667 9.813333-12.032a30.848 30.848 0 0 0-3.669333-30.549333zM512 938.666667c21.461333 0 42.026667-9.258667 57.173333-25.770667 15.189333-16.469333 23.722667-38.826667 23.722667-62.08h-161.834667c0 23.296 8.533333 45.653333 23.722667 62.08 15.146667 16.512 35.754667 25.770667 57.173333 25.770667z\" fill=\"#1D2129\">\u003C/path>\u003C/symbol>\u003Csymbol id=\"iconbrowse\" viewBox=\"0 0 1024 1024\">\u003Cpath d=\"M878.08 960H145.92c-63.146667 0-114.346667-51.2-114.346667-114.346667V197.973333c0-63.146667 51.2-114.346667 114.346667-114.346666h217.6c30.72 0 58.88 11.946667 81.066667 33.28l98.133333 98.133333c6.826667 6.826667 16.213333 11.093333 26.453333 11.093333H878.933333c63.146667 0 114.346667 51.2 114.346667 114.346667v505.173333c-0.853333 63.146667-52.053333 114.346667-115.2 114.346667zM145.92 160.426667c-20.48 0-37.546667 17.066667-37.546667 37.546666v647.68c0 20.48 17.066667 37.546667 37.546667 37.546667h732.16c20.48 0 37.546667-17.066667 37.546667-37.546667V339.626667c0-20.48-17.066667-37.546667-37.546667-37.546667H569.173333c-30.72 0-58.88-11.946667-81.066666-33.28L389.973333 171.52c-6.826667-6.826667-16.213333-11.093333-26.453333-11.093333H145.92z\" fill=\"#333333\">\u003C/path>\u003Cpath d=\"M465.066667 715.946667C368.64 715.946667 290.133333 637.44 290.133333 541.013333s78.506667-174.933333 174.933334-174.933333S640 445.44 640 541.866667s-78.506667 174.08-174.933333 174.08z m0-272.213334C411.306667 443.733333 366.933333 487.253333 366.933333 541.866667S410.453333 640 465.066667 640 563.2 595.626667 563.2 541.866667 519.68 443.733333 465.066667 443.733333z\" fill=\"#333333\">\u003C/path>\u003Cpath d=\"M708.266667 821.76c-9.386667 0-19.626667-3.413333-26.453334-11.093333L533.333333 666.453333c-15.36-14.506667-15.36-39.253333-0.853333-54.613333 14.506667-15.36 39.253333-15.36 54.613333-0.853333l148.48 144.213333c15.36 14.506667 15.36 39.253333 0.853334 54.613333-7.68 7.68-17.92 11.946667-28.16 11.946667z\" fill=\"#333333\">\u003C/path>\u003C/symbol>\u003Csymbol id=\"iconcancel_all\" viewBox=\"0 0 1024 1024\">\u003Cpath d=\"M48.64 119.466667h914.773333v76.8H48.64zM48.64 351.573333h914.773333v76.8H48.64zM48.64 583.68h482.133333v76.8H48.64zM48.64 815.786667h482.133333v76.8H48.64zM653.653333 892.586667c-9.386667 0-19.626667-3.413333-26.453333-11.093334-15.36-14.506667-15.36-39.253333-0.853333-54.613333l260.266666-269.653333c14.506667-15.36 39.253333-15.36 54.613334-0.853334 15.36 14.506667 15.36 39.253333 0.853333 54.613334l-260.266667 269.653333c-8.533333 7.68-18.773333 11.946667-28.16 11.946667z\" fill=\"#333333\">\u003C/path>\u003Cpath d=\"M913.92 892.586667c-10.24 0-20.48-4.266667-27.306667-11.946667L625.493333 610.986667c-14.506667-15.36-14.506667-39.253333 0.853334-54.613334 15.36-14.506667 39.253333-14.506667 54.613333 0.853334L941.226667 827.733333c14.506667 15.36 14.506667 39.253333-0.853334 54.613334-7.68 6.826667-17.066667 10.24-26.453333 10.24z\" fill=\"#333333\">\u003C/path>\u003C/symbol>\u003Csymbol id=\"iconClose1\" viewBox=\"0 0 1024 1024\">\u003Cpath d=\"M512 938.666667c235.648 0 426.666667-191.018667 426.666667-426.666667S747.648 85.333333 512 85.333333 85.333333 276.352 85.333333 512s191.018667 426.666667 426.666667 426.666667z m0-77.568a349.098667 349.098667 0 1 1 0-698.197334 349.098667 349.098667 0 0 1 0 698.197334z m96-499.925334a19.370667 19.370667 0 0 1 27.434667 0l27.434666 27.392a19.413333 19.413333 0 0 1 0 27.434667L566.869333 512l96 96a19.370667 19.370667 0 0 1 0 27.434667l-27.434666 27.434666a19.370667 19.370667 0 0 1-27.434667 0L512 566.869333l-96 96a19.413333 19.413333 0 0 1-27.434667 0l-27.392-27.434666a19.370667 19.370667 0 0 1 0-27.434667l96-96-96-96a19.413333 19.413333 0 0 1 0-27.434667l27.392-27.392a19.413333 19.413333 0 0 1 27.434667 0l96 96 96-96z\" fill=\"#1D2129\">\u003C/path>\u003C/symbol>\u003Csymbol id=\"iconCloseeyes\" viewBox=\"0 0 1024 1024\">\u003Cpath d=\"M512.597333 627.626667c-28.885333 0-57.088-2.432-84.48-7.125334l-21.888 87.381334a23.381333 23.381333 0 0 1-10.24 14.293333 20.693333 20.693333 0 0 1-16.64 2.346667l-42.368-12.16a21.504 21.504 0 0 1-7.68-4.053334 24.661333 24.661333 0 0 1-7.850666-24.746666l21.418666-85.546667a473.856 473.856 0 0 1-99.968-50.346667L173.226667 622.464a20.693333 20.693333 0 0 1-31.061334 0l-31.061333-33.28a24.405333 24.405333 0 0 1-6.4-16.597333c0-6.229333 2.304-12.202667 6.4-16.64l61.44-65.792a423.125333 423.125333 0 0 1-78.165333-107.605334l-3.114667-6.314666-3.712-8.021334a25.002667 25.002667 0 0 1 4.224-26.794666l6.4-6.826667 3.370667-3.328 15.786666-15.36 6.272-6.314667 4.266667-4.522666a19.626667 19.626667 0 0 1 7.509333-5.12 18.474667 18.474667 0 0 1 17.194667 2.133333c2.56 1.706667 4.693333 4.053333 6.229333 6.826667l1.152 2.304c54.613333 131.285333 185.557333 222.421333 352.682667 222.421333 160.128 0 294.101333-88.704 347.818667-210.432 1.493333-3.285333 3.072-7.253333 4.778666-11.946667a20.053333 20.053333 0 0 1 4.906667-7.424 17.493333 17.493333 0 0 1 23.722667-1.024l1.877333 1.749334 36.565333 39.125333a25.002667 25.002667 0 0 1 4.138667 27.093333l-4.693333 9.813334c-2.176 4.48-4.138667 8.32-5.802667 11.434666a425.728 425.728 0 0 1-79.146667 103.936l56.021334 60.032c4.138667 4.394667 6.4 10.368 6.4 16.597334a24.362667 24.362667 0 0 1-6.4 16.64l-31.018667 33.237333a21.248 21.248 0 0 1-15.530667 6.826667 21.248 21.248 0 0 1-15.530666-6.826667l-65.493334-70.144c-29.397333 18.688-60.501333 34.005333-92.885333 45.738667l21.376 85.546666a25.130667 25.130667 0 0 1-2.176 17.834667 23.125333 23.125333 0 0 1-5.632 6.912 21.504 21.504 0 0 1-7.68 4.053333l-42.410667 12.16a20.693333 20.693333 0 0 1-16.64-2.346666 23.381333 23.381333 0 0 1-10.24-14.293334l-21.845333-87.381333c-27.946667 4.778667-56.192 7.125333-84.48 7.125333z\" fill=\"#1D2129\">\u003C/path>\u003C/symbol>\u003Csymbol id=\"iconCreate\" viewBox=\"0 0 1024 1024\">\u003Cpath d=\"M512 85.333333c235.648 0 426.666667 191.018667 426.666667 426.666667s-191.018667 426.666667-426.666667 426.666667S85.333333 747.648 85.333333 512 276.352 85.333333 512 85.333333z m0 77.568a349.098667 349.098667 0 1 0 0 698.197334 349.098667 349.098667 0 0 0 0-698.197334z m38.826667 174.549334a19.413333 19.413333 0 0 0-19.456-19.370667h-38.784a19.413333 19.413333 0 0 0-19.370667 19.370667v135.765333H337.450667a19.413333 19.413333 0 0 0-19.370667 19.413333v38.784a19.413333 19.413333 0 0 0 19.370667 19.370667h135.765333v135.765333a19.413333 19.413333 0 0 0 19.413333 19.370667h38.784a19.413333 19.413333 0 0 0 19.370667-19.370667v-135.765333h135.765333a19.413333 19.413333 0 0 0 19.370667-19.413333v-38.784a19.413333 19.413333 0 0 0-19.370667-19.370667h-135.765333V337.450667z\" fill=\"#1D2129\">\u003C/path>\u003C/symbol>\u003Csymbol id=\"iconConnect\" viewBox=\"0 0 1024 1024\">\u003Cpath d=\"M394.24 688.768l289.877333-289.877333-59.008-59.008-289.877333 289.877333 59.008 59.008z m87.168-12.416a91.008 91.008 0 0 1-21.205333 95.189333c-56.234667 56.106667-74.453333 84.053333-122.325334 84.053334-47.530667 0-61.141333-22.997333-142.592-104.234667a91.392 91.392 0 0 1 0-129.28c51.072-50.901333 86.186667-102.784 153.856-78.208l61.994667-61.824a175.232 175.232 0 0 0-217.173333 23.893333L136.533333 563.370667a174.378667 174.378667 0 0 0-0.042666 246.741333C212.48 886.016 249.386667 938.666667 337.877333 938.666667c85.504 0 122.538667-49.834667 181.162667-108.373334a174.122667 174.122667 0 0 0 24.448-215.893333l-62.08 61.952z m406.229333-462.378667l-77.653333-77.653333a174.634667 174.634667 0 0 0-246.613333 0L505.941333 193.706667a174.506667 174.506667 0 0 0-23.893333 216.661333l61.866667-61.866667a90.752 90.752 0 0 1 20.778666-96c57.813333-57.856 74.752-84.053333 122.026667-84.053333 47.402667 0 61.013333 23.04 142.208 104.277333a91.477333 91.477333 0 0 1 0 129.194667c-50.773333 50.773333-85.333333 102.058667-152.533333 78.506667L614.4 542.378667c27.733333 17.408 59.818667 26.581333 92.544 26.538666 85.12 0 121.898667-49.493333 180.693333-108.288a174.634667 174.634667 0 0 0 0-246.698666z\" fill=\"#1D2129\">\u003C/path>\u003Cpath d=\"M394.24 688.768l289.877333-289.877333-59.008-59.008-289.877333 289.877333 59.008 59.008z m87.168-12.416a91.008 91.008 0 0 1-21.205333 95.189333c-56.234667 56.106667-74.453333 84.053333-122.325334 84.053334-47.530667 0-61.141333-22.997333-142.592-104.234667a91.392 91.392 0 0 1 0-129.28c51.072-50.901333 86.186667-102.784 153.856-78.208l61.994667-61.824a175.232 175.232 0 0 0-217.173333 23.893333L136.533333 563.370667a174.378667 174.378667 0 0 0-0.042666 246.741333C212.48 886.016 249.386667 938.666667 337.877333 938.666667c85.504 0 122.538667-49.834667 181.162667-108.373334a174.122667 174.122667 0 0 0 24.448-215.893333l-62.08 61.952z m406.229333-462.378667l-77.653333-77.653333a174.634667 174.634667 0 0 0-246.613333 0L505.941333 193.706667a174.506667 174.506667 0 0 0-23.893333 216.661333l61.866667-61.866667a90.752 90.752 0 0 1 20.778666-96c57.813333-57.856 74.752-84.053333 122.026667-84.053333 47.402667 0 61.013333 23.04 142.208 104.277333a91.477333 91.477333 0 0 1 0 129.194667c-50.773333 50.773333-85.333333 102.058667-152.533333 78.506667L614.4 542.378667c27.733333 17.408 59.818667 26.581333 92.544 26.538666 85.12 0 121.898667-49.493333 180.693333-108.288a174.634667 174.634667 0 0 0 0-246.698666z\" fill=\"#1D2129\">\u003C/path>\u003C/symbol>\u003Csymbol id=\"iconcut\" viewBox=\"0 0 1024 1024\">\u003Cpath d=\"M908.416 205.824l-1.749333 2.048-307.2 307.2 307.2 307.157333a21.333333 21.333333 0 0 1 0 30.165334l-30.165334 30.165333a21.333333 21.333333 0 0 1-30.165333 0l-307.2-307.2-110.336 110.378667a170.666667 170.666667 0 1 1-60.373333-60.330667l110.378666-110.378667-108.586666-108.629333a170.666667 170.666667 0 1 1 59.605333-61.013333l109.354667 109.269333 307.157333-307.157333a21.333333 21.333333 0 0 1 28.16-1.749334l2.005333 1.749334 30.165334 30.165333a21.333333 21.333333 0 0 1 1.749333 28.16zM367.061333 772.437333a85.333333 85.333333 0 1 0-170.666666 0 85.333333 85.333333 0 0 0 170.666666 0z m0-512a85.333333 85.333333 0 1 0-170.666666 0 85.333333 85.333333 0 0 0 170.666666 0z\" fill=\"#1D2129\">\u003C/path>\u003C/symbol>\u003Csymbol id=\"iconDelete\" viewBox=\"0 0 1024 1024\">\u003Cpath d=\"M795.733333 341.333333c22.4 0 40.533333 19.114667 40.533334 42.666667 0 1.578667-0.128 3.157333-0.256 4.693333l-38.826667 491.306667c-2.645333 33.152-29.013333 58.666667-60.629333 58.666667H287.445333c-29.610667 0-54.613333-22.4-59.818666-52.522667l-0.810667-6.144-38.826667-491.306667A45.525333 45.525333 0 0 1 187.733333 384c0-23.552 18.133333-42.666667 40.533334-42.666667 21.248 0 38.656 17.237333 40.362666 39.125334L306.090667 853.333333h411.818666l37.461334-472.874666c1.706667-21.888 19.114667-39.125333 40.362666-39.125334z m-364.8 128c22.357333 0 40.533333 19.114667 40.533334 42.666667v213.333333c0 23.552-18.176 42.666667-40.533334 42.666667-22.4 0-40.533333-19.114667-40.533333-42.666667v-213.333333c0-23.552 18.133333-42.666667 40.533333-42.666667z m162.133334 0c22.4 0 40.533333 19.114667 40.533333 42.666667v213.333333c0 23.552-18.133333 42.666667-40.533333 42.666667-22.357333 0-40.533333-19.114667-40.533334-42.666667v-213.333333c0-23.552 18.176-42.666667 40.533334-42.666667z m40.533333-384c22.357333 0 40.533333 19.114667 40.533333 42.666667v85.333333h202.666667c22.357333 0 40.533333 19.114667 40.533333 42.666667s-18.133333 42.666667-40.533333 42.666667H147.2c-22.357333 0-40.533333-19.114667-40.533333-42.666667s18.176-42.666667 40.533333-42.666667H349.866667V128c0-22.101333 15.957333-40.277333 36.394666-42.453333L390.4 85.333333h243.2zM430.933333 213.333333h162.133334V170.666667h-162.133334v42.666666z\" fill=\"#1D2129\">\u003C/path>\u003C/symbol>\u003Csymbol id=\"iconDisable\" viewBox=\"0 0 1024 1024\">\u003Cpath d=\"M512 938.666667C276.992 938.666667 85.333333 747.008 85.333333 512S276.992 85.333333 512 85.333333s426.666667 191.658667 426.666667 426.666667-191.658667 426.666667-426.666667 426.666667z m0-784.896A358.357333 358.357333 0 0 0 153.770667 512 358.357333 358.357333 0 0 0 512 870.229333 358.357333 358.357333 0 0 0 870.229333 512 358.357333 358.357333 0 0 0 512 153.770667z\" fill=\"#1D2129\">\u003C/path>\u003Cpath d=\"M222.848 267.477333L277.333333 213.333333l545.152 543.189334L768 810.666667 222.848 267.477333z\" fill=\"#1D2129\">\u003C/path>\u003C/symbol>\u003Csymbol id=\"iconDisconnect\" viewBox=\"0 0 1024 1024\">\u003Cpath d=\"M394.24 688.768l119.808-119.808-59.008-59.008-119.808 119.808 59.008 59.008z m87.168-12.416a91.008 91.008 0 0 1-21.205333 95.189333c-56.234667 56.106667-74.453333 84.053333-122.325334 84.053334-47.530667 0-61.141333-22.997333-142.592-104.234667a91.392 91.392 0 0 1 0-129.28c51.072-50.901333 86.186667-102.784 153.856-78.208l61.994667-61.824a175.232 175.232 0 0 0-217.173333 23.893333L136.533333 563.370667a174.378667 174.378667 0 0 0-0.042666 246.741333C212.48 886.016 249.386667 938.666667 337.877333 938.666667c85.504 0 122.538667-49.834667 181.162667-108.373334a174.122667 174.122667 0 0 0 24.448-215.893333l-62.08 61.952z m406.229333-462.378667l-77.653333-77.653333a174.634667 174.634667 0 0 0-246.613333 0L505.941333 193.706667a174.506667 174.506667 0 0 0-23.893333 216.661333l61.866667-61.866667a90.752 90.752 0 0 1 20.778666-96c57.813333-57.856 74.752-84.053333 122.026667-84.053333 47.402667 0 61.013333 23.04 142.208 104.277333a91.477333 91.477333 0 0 1 0 129.194667c-50.773333 50.773333-85.333333 102.058667-152.533333 78.506667L614.4 542.378667c27.733333 17.408 59.818667 26.581333 92.544 26.538666 85.12 0 121.898667-49.493333 180.693333-108.288a174.634667 174.634667 0 0 0 0-246.698666z\" fill=\"#1D2129\">\u003C/path>\u003Cpath d=\"M695.765333 387.2L576 507.008 516.992 448l119.765333-119.808 59.008 59.008z\" fill=\"#1D2129\">\u003C/path>\u003C/symbol>\u003Csymbol id=\"iconEject\" viewBox=\"0 0 1024 1024\">\u003Cpath d=\"M512 85.333333c235.648 0 426.666667 191.018667 426.666667 426.666667s-191.018667 426.666667-426.666667 426.666667S85.333333 747.648 85.333333 512 276.352 85.333333 512 85.333333z m0 77.568a349.098667 349.098667 0 1 0 0 698.197334 349.098667 349.098667 0 0 0 0-698.197334z m193.962667 329.728a19.413333 19.413333 0 0 0-19.413334-19.413333H337.450667a19.413333 19.413333 0 0 0-19.370667 19.413333v38.784a19.413333 19.413333 0 0 0 19.370667 19.370667h349.098666a19.413333 19.413333 0 0 0 19.370667-19.413333v-38.784z\" fill=\"#1D2129\">\u003C/path>\u003C/symbol>\u003Csymbol id=\"iconDownload\" viewBox=\"0 0 1024 1024\">\u003Cpath d=\"M192 768a21.333333 21.333333 0 0 1 21.333333 21.333333V853.333333h597.333334v-64a21.333333 21.333333 0 0 1 21.333333-21.333333h42.666667a21.333333 21.333333 0 0 1 21.333333 21.333333V896a42.666667 42.666667 0 0 1-42.666667 42.666667H170.666667a42.666667 42.666667 0 0 1-42.666667-42.666667v-106.666667a21.333333 21.333333 0 0 1 21.333333-21.333333h42.666667z m298.666667-661.333333h42.666666a21.333333 21.333333 0 0 1 21.162667 18.858666L554.666667 128v470.869333l128.426666-128.426666a21.333333 21.333333 0 0 1 28.16-1.834667l2.005334 1.792 30.165333 30.165333a21.333333 21.333333 0 0 1 1.834667 28.16l-1.834667 2.048-211.2 211.2a21.333333 21.333333 0 0 1-28.16 1.749334l-1.962667-1.792-211.2-211.2a21.333333 21.333333 0 0 1-1.749333-28.16l1.749333-1.962667 30.165334-30.208a21.333333 21.333333 0 0 1 28.16-1.792l2.005333 1.792L469.333333 588.501333V128a21.333333 21.333333 0 0 1 18.816-21.205333L490.666667 106.666667z\" fill=\"#1D2129\">\u003C/path>\u003C/symbol>\u003Csymbol id=\"iconEnable\" viewBox=\"0 0 1024 1024\">\u003Cpath d=\"M512 85.333333c235.648 0 426.666667 191.018667 426.666667 426.666667s-191.018667 426.666667-426.666667 426.666667S85.333333 747.648 85.333333 512 276.352 85.333333 512 85.333333z m0 77.568a349.098667 349.098667 0 1 0 0 698.197334 349.098667 349.098667 0 0 0 0-698.197334z m188.16 231.808l27.392 27.477334a19.413333 19.413333 0 0 1 0 27.392l-246.826667 246.869333a19.370667 19.370667 0 0 1-27.434666 0l-141.952-141.994667a19.370667 19.370667 0 0 1 0-27.434666l27.392-27.434667a19.413333 19.413333 0 0 1 27.434666 0l100.821334 100.864 205.738666-205.738667a19.413333 19.413333 0 0 1 27.392 0z\" fill=\"#1D2129\">\u003C/path>\u003C/symbol>\u003Csymbol id=\"iconExport\" viewBox=\"0 0 1024 1024\">\u003Cpath d=\"M349.184 128h86.101333a38.4 38.4 0 1 1 0 76.8h-84.48c-32.853333 0-55.296 0-72.533333 1.493333-16.853333 1.365333-25.429333 3.84-31.402667 6.912a76.885333 76.885333 0 0 0-33.578666 33.578667c-3.029333 5.973333-5.546667 14.549333-6.912 31.445333-1.450667 17.28-1.450667 39.594667-1.450667 72.533334v322.517333c0 32.853333 0 55.296 1.450667 72.533333 1.365333 16.853333 3.84 25.429333 6.912 31.402667 7.381333 14.506667 19.114667 26.24 33.578666 33.578667 5.973333 3.072 14.549333 5.546667 31.445334 6.912 17.28 1.450667 39.594667 1.450667 72.533333 1.450666h322.474667c32.853333 0 55.253333 0 72.533333-1.450666 16.810667-1.365333 25.386667-3.84 31.402667-6.912 14.464-7.338667 26.197333-19.114667 33.578666-33.578667 3.029333-5.973333 5.546667-14.549333 6.912-31.445333 1.450667-17.28 1.450667-39.594667 1.450667-72.533334V588.8a38.4 38.4 0 1 1 76.8 0v86.144c0 30.848 0 56.405333-1.706667 77.184-1.749333 21.589333-5.546667 41.472-15.061333 60.074667a153.856 153.856 0 0 1-67.072 67.072c-18.688 9.514667-38.485333 13.226667-60.074667 15.018666-20.736 1.749333-46.293333 1.749333-77.184 1.749334H349.184c-30.848 0-56.405333 0-77.141333-1.706667-21.589333-1.749333-41.472-5.546667-60.074667-15.061333a153.6 153.6 0 0 1-67.072-67.072c-9.514667-18.688-13.226667-38.485333-15.061333-60.117334a1025.621333 1025.621333 0 0 1-1.706667-77.141333V349.098667c0-30.848 0-56.448 1.706667-77.184 1.706667-21.589333 5.546667-41.429333 15.061333-60.074667 14.72-28.842667 31.146667-49.92 60.032-64.64 18.645333-9.472 45.525333-15.701333 67.114667-17.493333C292.778667 128 318.293333 128 349.184 128z m366.08 11.306667a38.4 38.4 0 0 1 54.272 0l115.2 115.2a38.4 38.4 0 0 1 0 54.229333l-115.2 115.2a38.528 38.528 0 0 1-55.68 1.450667 38.4 38.4 0 0 1 1.450667-55.722667l49.578666-49.621333h-30.122666c-32.853333 0-55.296 0-72.533334 1.408-16.853333 1.408-25.429333 3.84-31.488 6.912a76.8 76.8 0 0 0-33.493333 33.578666c-3.072 5.973333-5.589333 14.592-6.912 31.445334-1.450667 17.28-1.493333 39.68-1.493333 72.533333V512a38.4 38.4 0 1 1-76.8 0v-47.701333c0-30.848 0-56.448 1.706666-77.184 1.749333-21.589333 5.546667-41.472 15.018667-60.074667a153.685333 153.685333 0 0 1 67.157333-67.072c18.645333-9.514667 38.442667-13.226667 60.032-15.061333 20.736-1.706667 46.250667-1.706667 77.184-1.706667h31.744l-49.578666-49.664a38.4 38.4 0 0 1 0-54.229333z\" fill=\"#1D2129\">\u003C/path>\u003C/symbol>\u003Csymbol id=\"iconfavicon_48\" viewBox=\"0 0 1024 1024\">\u003Cpath d=\"M134.826667 188.586667l721.066666-165.546667c87.893333-20.48 122.88 64.853333 122.88 118.613333v741.546667c0 53.76-36.693333 138.24-122.88 118.613333L134.826667 837.12c-47.786667-11.093333-89.6-44.373333-89.6-98.133333v-452.266667c-0.853333-53.76 40.96-87.04 89.6-98.133333z m54.613333 46.933333c-76.8 16.213333-76.8 19.626667-76.8 83.626667v387.413333c0 65.706667 22.186667 71.68 76.8 83.626667l617.813333 141.653333c105.813333 26.453333 105.813333-6.826667 105.813334-101.546667V195.413333c0-90.453333-5.973333-124.586667-105.813334-101.546666L189.44 235.52z\" fill=\"#0086E6\">\u003C/path>\u003Cpath d=\"M107.52 282.453333l811.52 200.533334v72.533333L106.666667 347.306667z\" fill=\"#0086E6\">\u003C/path>\u003Cpath d=\"M613.546667 472.746667l-133.12 385.706666 59.733333 14.506667 136.533333-383.146667z\" fill=\"#0086E6\">\u003C/path>\u003C/symbol>\u003Csymbol id=\"iconencrypt_folder_mounted\" viewBox=\"0 0 1024 1024\">\u003Cpath d=\"M351.010133 0a136.533333 136.533333 0 0 1 84.650667 29.4144L495.633067 76.8H887.466667c75.409067 0 136.533333 61.124267 136.533333 136.533333v605.866667c0 113.109333-91.690667 204.8-204.8 204.8H640c-72.0384 0-135.3728-37.1968-171.886933-93.422933l-8.234667 11.0592A204.8 204.8 0 0 1 295.697067 1024H204.8c-113.109333 0-204.8-91.690667-204.8-204.8V136.533333C0 61.124267 61.124267 0 136.533333 0h214.4768z\" fill=\"#F8AA28\">\u003C/path>\u003Cpath d=\"M102.4 179.2m102.4 0l614.4 0q102.4 0 102.4 102.4l0 170.666667q0 102.4-102.4 102.4l-614.4 0q-102.4 0-102.4-102.4l0-170.666667q0-102.4 102.4-102.4Z\" fill=\"#FFEFD5\">\u003C/path>\u003Cpath d=\"M0 375.466667c0-56.5504 45.8496-102.4 102.4-102.4h819.2c56.5504 0 102.4 45.8496 102.4 102.4v512c0 75.409067-61.124267 136.533333-136.533333 136.533333H136.533333c-75.409067 0-136.533333-61.124267-136.533333-136.533333V375.466667z\" fill=\"#FBC931\">\u003C/path>\u003Cpath d=\"M683.733333 588.8c18.261333 0 33.058133 16.162133 33.066667 34.321067v239.982933A32.938667 32.938667 0 0 1 683.767467 896H340.258133A32.964267 32.964267 0 0 1 307.2 863.104V623.121067C307.2 604.970667 321.9968 588.8 340.258133 588.8h343.4752z m-171.7504 83.2768c-22.698667 0-41.130667 18.363733-41.130666 40.9344 0 15.9488 9.250133 29.559467 22.596266 36.352v52.4032c0 2.338133 1.962667 4.309333 4.3776 4.309333h28.416a4.352 4.352 0 0 0 4.343467-4.309333v-52.411733c13.346133-6.784 22.596267-20.394667 22.562133-36.352 0-22.562133-18.432-40.925867-41.1648-40.925867zM560.059733 409.941333A130.4064 130.4064 0 0 0 512.512 401.066667c-18.500267 0-35.549867 2.952533-51.1488 8.874666-15.5904 5.905067-29.124267 14.037333-40.610133 24.388267a113.604267 113.604267 0 0 0-26.9824 36.215467C387.242667 484.334933 384 499.114667 384 514.8928V588.8h64.768v-60.117333c0-20.693333 5.6576-36.7872 16.964267-48.2816 11.3152-11.502933 26.222933-17.245867 44.7232-17.245867 20.565333 0 36.932267 5.742933 49.092266 17.237333 12.168533 11.502933 18.2528 27.5968 18.2528 48.298667V588.8h61.9264L640 514.8928c0-15.7696-3.601067-30.549333-10.794667-44.347733a123.904 123.904 0 0 0-28.526933-36.215467 135.424 135.424 0 0 0-40.618667-24.3968z\" fill=\"#FFF6E9\">\u003C/path>\u003C/symbol>\u003Csymbol id=\"iconencrypt_folder_unmounted\" viewBox=\"0 0 1024 1024\">\u003Cpath d=\"M351.010133 0a136.533333 136.533333 0 0 1 84.650667 29.4144L495.633067 76.8H887.466667c75.409067 0 136.533333 61.124267 136.533333 136.533333v605.866667c0 113.109333-91.690667 204.8-204.8 204.8H640c-72.0384 0-135.3728-37.1968-171.886933-93.422933l-8.234667 11.0592A204.8 204.8 0 0 1 295.697067 1024H204.8c-113.109333 0-204.8-91.690667-204.8-204.8V136.533333C0 61.124267 61.124267 0 136.533333 0h214.4768z\" fill=\"#F8AA28\">\u003C/path>\u003Cpath d=\"M102.4 179.2m102.4 0l614.4 0q102.4 0 102.4 102.4l0 170.666667q0 102.4-102.4 102.4l-614.4 0q-102.4 0-102.4-102.4l0-170.666667q0-102.4 102.4-102.4Z\" fill=\"#FFEFD5\">\u003C/path>\u003Cpath d=\"M0 375.466667c0-56.5504 45.8496-102.4 102.4-102.4h819.2c56.5504 0 102.4 45.8496 102.4 102.4v512c0 75.409067-61.124267 136.533333-136.533333 136.533333H136.533333c-75.409067 0-136.533333-61.124267-136.533333-136.533333V375.466667z\" fill=\"#FBC931\">\u003C/path>\u003Cpath d=\"M734.933333 588.8c18.261333 0 33.058133 16.162133 33.066667 34.321067v239.9744a32.938667 32.938667 0 0 1-33.032533 32.896H391.458133A32.9728 32.9728 0 0 1 358.4 863.095467V623.112533C358.4 604.970667 373.1968 588.8 391.458133 588.8h343.4752z m-171.7504 83.2768c-22.698667 0-41.130667 18.363733-41.130666 40.9344 0 15.9488 9.250133 29.559467 22.596266 36.352v52.394667c0 2.338133 1.962667 4.317867 4.3776 4.317866h28.416c2.389333 0 4.334933-1.979733 4.343467-4.317866v-52.394667c13.346133-6.792533 22.596267-20.4032 22.562133-36.352 0-22.570667-18.432-40.9344-41.1648-40.9344zM432.068267 409.941333A130.4064 130.4064 0 0 0 384.512 401.066667c-18.500267 0-35.549867 2.952533-51.1488 8.874666-15.5904 5.905067-29.124267 14.037333-40.610133 24.388267a113.6128 113.6128 0 0 0-26.9824 36.215467C259.242667 484.334933 256 499.114667 256 514.8928v37.879467a25.6 25.6 0 0 0 25.6 25.6h13.568a25.6 25.6 0 0 0 25.6-25.6v-24.0896c0-20.693333 5.6576-36.7872 16.964267-48.2816 11.3152-11.502933 26.222933-17.245867 44.7232-17.245867 20.565333 0 36.932267 5.742933 49.092266 17.237333 12.168533 11.502933 18.2528 27.5968 18.2528 48.298667V588.8h61.9264L512 514.8928c0-15.7696-3.601067-30.549333-10.794667-44.347733a123.904 123.904 0 0 0-28.526933-36.215467 135.424 135.424 0 0 0-40.618667-24.3968z\" fill=\"#FFF6E9\">\u003C/path>\u003C/symbol>\u003Csymbol id=\"iconfolder1\" viewBox=\"0 0 1024 1024\">\u003Cpath d=\"M878.933333 969.386667H146.773333c-63.146667 0-114.346667-51.2-114.346666-114.346667V207.36C32.426667 145.066667 83.626667 93.866667 146.773333 93.866667h217.6c30.72 0 58.88 11.946667 81.066667 33.28l98.133333 98.133333c6.826667 6.826667 16.213333 11.093333 26.453334 11.093333H878.933333c63.146667 0 114.346667 51.2 114.346667 114.346667v505.173333c0 62.293333-51.2 113.493333-114.346667 113.493334zM146.773333 170.666667c-20.48 0-37.546667 17.066667-37.546666 37.546666v647.68c0 20.48 17.066667 37.546667 37.546666 37.546667H878.933333c20.48 0 37.546667-17.066667 37.546667-37.546667V349.866667c0-20.48-17.066667-37.546667-37.546667-37.546667H569.173333c-30.72 0-58.88-11.946667-81.066666-33.28L390.826667 180.906667c-6.826667-6.826667-16.213333-10.24-26.453334-10.24H146.773333z\" fill=\"#333333\">\u003C/path>\u003C/symbol>\u003Csymbol id=\"iconfilter\" viewBox=\"0 0 1024 1024\">\u003Cpath d=\"M85.333333 128a42.666667 42.666667 0 0 1 42.666667-42.666667h768a42.666667 42.666667 0 0 1 42.666667 42.666667v177.493333a39.381333 39.381333 0 0 1 0 12.16V320a21.333333 21.333333 0 0 1-8.448 17.024 40.32 40.32 0 0 1-10.88 9.386667L682.666667 487.722667V917.333333a21.333333 21.333333 0 0 1-21.333334 21.333334h-42.666666a21.333333 21.333333 0 0 1-21.333334-21.333334V469.333333c0-4.224 0.597333-8.405333 1.834667-12.416a40.448 40.448 0 0 1 18.517333-24.789333L853.333333 291.456V170.666667H170.666667v122.282666l228.053333 136.32A42.666667 42.666667 0 0 1 426.666667 469.333333v298.666667a21.333333 21.333333 0 0 1-21.333334 21.333333h-42.666666A21.333333 21.333333 0 0 1 341.333333 768v-278.826667L105.045333 347.904a40.277333 40.277333 0 0 1-12.970666-12.373333A21.290667 21.290667 0 0 1 85.333333 320V128z\" fill=\"#1D2129\">\u003C/path>\u003C/symbol>\u003Csymbol id=\"iconFormat\" viewBox=\"0 0 1024 1024\">\u003Cpath d=\"M539.264 106.666667C759.850667 106.666667 938.666667 288.128 938.666667 512s-178.816 405.333333-399.402667 405.333333c-130.688 0-246.656-63.658667-319.573333-162.090666l58.112-44.245334c59.562667 80.512 154.496 132.608 261.461333 132.608 180.48 0 326.784-148.48 326.784-331.605333 0-183.168-146.346667-331.605333-326.826667-331.605333-161.877333 0-296.32 119.466667-322.261333 276.309333h31.786667a18.005333 18.005333 0 0 1 15.701333 9.173333 18.773333 18.773333 0 0 1 0.085333 18.432l-1.28 1.877334-72.618666 98.261333a18.133333 18.133333 0 0 1-13.397334 7.338667 17.834667 17.834667 0 0 1-14.165333-5.546667l-1.493333-1.792-72.618667-98.261333a18.645333 18.645333 0 0 1 3.669333-25.813334 18.048 18.048 0 0 1 8.746667-3.498666l2.133333-0.170667h39.978667C170.069333 259.029333 337.109333 106.666667 539.306667 106.666667z m94.421333 294.826666a50.261333 50.261333 0 0 1 35.882667 15.104 51.626667 51.626667 0 0 1 14.933333 36.437334v154.752c0 13.653333-5.376 26.837333-14.933333 36.522666a50.432 50.432 0 0 1-35.882667 15.061334h-152.576c-13.44 0-26.368-5.418667-35.882666-15.061334a52.053333 52.053333 0 0 1-14.933334-36.522666v-154.752c0-13.653333 5.376-26.794667 14.933334-36.437334 9.514667-9.685333 22.442667-15.146667 35.882666-15.146666h152.576zM490.666667 597.333333h128v-128h-128v128z\" fill=\"#1D2129\">\u003C/path>\u003C/symbol>\u003Csymbol id=\"icona-istory\" viewBox=\"0 0 1024 1024\">\u003Cpath d=\"M539.221333 85.333333C759.808 85.333333 938.666667 266.794667 938.666667 490.666667S759.808 896 539.221333 896c-130.645333 0-246.656-63.658667-319.573333-162.133333l58.154667-44.202667c59.562667 80.512 154.453333 132.650667 261.418666 132.650667 180.48 0 326.826667-148.48 326.826667-331.648 0-183.168-146.346667-331.648-326.826667-331.648-161.92 0-296.362667 119.509333-322.261333 276.352h31.786667a17.92 17.92 0 0 1 15.701333 9.173333 18.602667 18.602667 0 0 1 0.085333 18.389333l-1.28 1.962667-72.618666 98.218667a18.218667 18.218667 0 0 1-13.354667 7.338666 17.92 17.92 0 0 1-14.208-5.546666l-1.493333-1.792-72.618667-98.261334a18.602667 18.602667 0 0 1 3.669333-25.770666 17.962667 17.962667 0 0 1 8.746667-3.541334l2.133333-0.170666h39.978667C170.069333 237.696 337.066667 85.333333 539.221333 85.333333z m18.176 239.530667c4.821333 0 9.386667 1.92 12.8 5.376 3.413333 3.456 5.333333 8.106667 5.333334 13.013333v128.981334h127.146666c4.778667 0 9.386667 1.962667 12.8 5.418666 3.413333 3.413333 5.333333 8.106667 5.333334 13.013334v36.864a18.56 18.56 0 0 1-5.333334 13.013333 18.005333 18.005333 0 0 1-12.8 5.418667h-181.589333a18.005333 18.005333 0 0 1-12.842667-5.418667 18.56 18.56 0 0 1-5.333333-13.013333V343.253333c0-4.864 1.92-9.557333 5.333333-13.013333a18.005333 18.005333 0 0 1 12.8-5.376h36.352z\" fill=\"#1D2129\">\u003C/path>\u003C/symbol>\u003Csymbol id=\"iconHome1\" viewBox=\"0 0 1024 1024\">\u003Cpath d=\"M485.12 94.890667a42.666667 42.666667 0 0 1 53.76 0l341.333333 277.333333A42.666667 42.666667 0 0 1 896 405.333333V896a42.666667 42.666667 0 0 1-42.666667 42.666667H170.666667a42.666667 42.666667 0 0 1-42.666667-42.666667V405.333333a42.666667 42.666667 0 0 1 15.786667-33.109333l341.333333-277.333333zM213.333333 425.642667V853.333333h597.333334V425.642667L512 183.04 213.333333 425.642667z\" fill=\"#1D2129\">\u003C/path>\u003Cpath d=\"M362.666667 640h298.666666v85.333333h-298.666666v-85.333333z\" fill=\"#1D2129\">\u003C/path>\u003C/symbol>\u003Csymbol id=\"iconicon_tips_blue1\" viewBox=\"0 0 1024 1024\">\u003Cpath d=\"M512 85.333333c235.648 0 426.666667 191.018667 426.666667 426.666667s-191.018667 426.666667-426.666667 426.666667S85.333333 747.648 85.333333 512 276.352 85.333333 512 85.333333z m0 77.568a349.098667 349.098667 0 1 0 0 698.197334 349.098667 349.098667 0 0 0 0-698.197334z m19.370667 290.901334a19.413333 19.413333 0 0 1 19.413333 19.413333v174.506667h31.530667a19.370667 19.370667 0 0 1 19.370666 19.413333v41.216a19.413333 19.413333 0 0 1-19.370666 19.413333h-147.882667a19.413333 19.413333 0 0 1-19.413333-19.413333v-41.216a19.370667 19.370667 0 0 1 19.413333-19.370667h38.784v-113.92h-19.413333a19.370667 19.370667 0 0 1-19.370667-19.413333v-41.216a19.370667 19.370667 0 0 1 19.370667-19.413333h77.610666z m0-155.136a19.413333 19.413333 0 0 1 19.413333 19.413333v58.154667a19.413333 19.413333 0 0 1-19.413333 19.413333h-58.154667a19.413333 19.413333 0 0 1-19.413333-19.413333V318.08A19.413333 19.413333 0 0 1 473.216 298.666667h58.197333z\" fill=\"#1D2129\">\u003C/path>\u003C/symbol>\u003Csymbol id=\"iconImport\" viewBox=\"0 0 1024 1024\">\u003Cpath d=\"M349.184 128h86.101333a38.4 38.4 0 1 1 0 76.8h-84.48c-32.853333 0-55.296 0-72.533333 1.493333-16.853333 1.365333-25.429333 3.84-31.402667 6.912a76.885333 76.885333 0 0 0-33.578666 33.578667c-3.029333 5.973333-5.546667 14.549333-6.912 31.445333-1.450667 17.28-1.450667 39.594667-1.450667 72.533334v322.517333c0 32.853333 0 55.296 1.450667 72.533333 1.365333 16.853333 3.84 25.429333 6.912 31.402667 7.381333 14.506667 19.114667 26.24 33.578666 33.578667 5.973333 3.072 14.549333 5.546667 31.445334 6.912 17.28 1.450667 39.594667 1.450667 72.533333 1.450666h322.474667c32.853333 0 55.253333 0 72.533333-1.450666 16.810667-1.365333 25.386667-3.84 31.402667-6.912 14.464-7.338667 26.197333-19.114667 33.578666-33.578667 3.029333-5.973333 5.546667-14.549333 6.912-31.445333 1.450667-17.28 1.450667-39.594667 1.450667-72.533334V588.8a38.4 38.4 0 1 1 76.8 0v86.144c0 30.848 0 56.405333-1.706667 77.184-1.749333 21.589333-5.546667 41.472-15.061333 60.074667a153.856 153.856 0 0 1-67.072 67.072c-18.688 9.514667-38.485333 13.226667-60.074667 15.018666-20.736 1.749333-46.293333 1.749333-77.184 1.749334H349.184c-30.848 0-56.405333 0-77.141333-1.706667-21.589333-1.749333-41.472-5.546667-60.074667-15.061333a153.6 153.6 0 0 1-67.072-67.072c-9.514667-18.688-13.226667-38.485333-15.061333-60.117334a1025.621333 1025.621333 0 0 1-1.706667-77.141333V349.098667c0-30.848 0-56.448 1.706667-77.184 1.706667-21.589333 5.546667-41.429333 15.061333-60.074667 14.72-28.842667 31.146667-49.92 60.032-64.64 18.645333-9.472 45.525333-15.701333 67.114667-17.493333C292.778667 128 318.293333 128 349.184 128z\" fill=\"#1D2129\">\u003C/path>\u003Cpath d=\"M676.010667 557.056a38.4 38.4 0 0 1-54.229334 0l-115.2-115.2a38.4 38.4 0 0 1 0-54.272l115.2-115.2a38.442667 38.442667 0 1 1 54.229334 54.272L626.432 376.32h30.122667c32.853333 0 55.296 0 72.533333-1.450667 16.853333-1.365333 25.429333-3.84 31.488-6.912a76.8 76.8 0 0 0 33.493333-33.578666c3.072-5.973333 5.546667-14.592 6.912-31.445334 1.450667-17.28 1.493333-39.637333 1.493334-72.533333V184.32a38.4 38.4 0 1 1 76.8 0v47.701333c0 30.890667 0 56.448-1.749334 77.184-1.706667 21.589333-5.546667 41.472-14.976 60.074667a153.642667 153.642667 0 0 1-67.157333 67.114667c-18.645333 9.472-38.485333 13.226667-60.074667 15.018666-20.736 1.706667-46.250667 1.706667-77.141333 1.706667h-31.744l49.578667 49.664a38.4 38.4 0 0 1 0 54.272z\" fill=\"#1D2129\">\u003C/path>\u003C/symbol>\u003Csymbol id=\"iconList\" viewBox=\"0 0 1024 1024\">\u003Cpath d=\"M117.333333 149.333333h64a32 32 0 0 1 32 32v64a32 32 0 0 1-32 32h-64A32 32 0 0 1 85.333333 245.333333v-64a32 32 0 0 1 32-32z m803.114667 21.333334H338.218667c-10.069333 0-18.218667 9.557333-18.218667 21.333333v42.666667c0 11.776 8.149333 21.333333 18.176 21.333333h582.272c10.069333 0 18.218667-9.557333 18.218667-21.333333v-42.666667c0-11.776-8.149333-21.333333-18.218667-21.333333z m0 298.666666H338.218667c-10.069333 0-18.218667 9.557333-18.218667 21.333334v42.666666c0 11.776 8.149333 21.333333 18.176 21.333334h582.272c10.069333 0 18.218667-9.557333 18.218667-21.333334v-42.666666c0-11.776-8.149333-21.333333-18.218667-21.333334zM338.218667 768h582.229333c10.069333 0 18.218667 9.557333 18.218667 21.333333v42.666667c0 11.776-8.149333 21.333333-18.218667 21.333333H338.218667c-10.069333 0-18.218667-9.557333-18.218667-21.333333v-42.666667c0-11.776 8.149333-21.333333 18.176-21.333333zM181.333333 448h-64a32 32 0 0 0-32 32v64a32 32 0 0 0 32 32h64a32 32 0 0 0 32-32v-64a32 32 0 0 0-32-32z m0 298.666667h-64a32 32 0 0 0-32 32v64a32 32 0 0 0 32 32h64a32 32 0 0 0 32-32v-64a32 32 0 0 0-32-32z\" fill=\"#1D2129\">\u003C/path>\u003C/symbol>\u003Csymbol id=\"iconKey\" viewBox=\"0 0 1024 1024\">\u003Cpath d=\"M530.218667 90.069333l2.816 1.706667 20.778666 14.08a36.565333 36.565333 0 0 1 4.48 3.626667c-2.005333-1.877333-0.341333-0.853333-1.493333-1.578667l-0.426667-0.298667 1.450667 0.938667 2.133333 1.365333 2.346667 1.493334c7.210667 4.48 15.786667 9.514667 25.429333 14.805333 29.952 16.426667 61.013333 30.805333 93.013334 42.965333a469.333333 469.333333 0 0 0 100.138666 25.173334 470.016 470.016 0 0 0 43.690667 4.224h0.682667l34.389333 0.554666a37.504 37.504 0 0 1 25.6 10.581334 34.944 34.944 0 0 1 10.666667 24.917333v151.722667l0.042666 3.498666v36.010667L896 493.952V563.754667C895.658667 734.976 668.672 938.666667 511.957333 938.666667c-155.136 0-379.221333-199.68-383.872-369.877334L128 563.456V234.666667c0-8.874667 3.413333-17.408 9.6-23.936a37.333333 37.333333 0 0 1 23.808-11.52l2.816-0.128 35.072-0.512a471.338667 471.338667 0 0 0 43.733333-4.224 468.181333 468.181333 0 0 0 100.010667-25.173334c32-12.202667 63.146667-26.581333 93.056-43.008 11.306667-6.144 22.357333-12.714667 33.109333-19.626666l0.768-0.554667 20.565334-14.08a37.674667 37.674667 0 0 1 39.68-1.834667z m-18.346667 74.410667c-6.613333 4.522667-22.314667 14.08-39.338667 23.466667-32.938667 18.090667-67.157333 33.92-102.4 47.36-37.674667 14.378667-77.184 23.808-116.309333 29.44-16.512 2.389333-33.109333 4.010667-49.792 4.864l-2.389333 0.042666v293.802667c0 130.773333 193.066667 304.085333 310.314666 304.085333 115.882667 0 305.834667-169.216 310.314667-299.477333l0.085333-4.608V399.061333l-0.042666-48.64-0.042667-80.768c-10.24-0.213333-30.208-1.792-52.138667-4.906666a542.592 542.592 0 0 1-116.352-29.44c-59.690667-22.741333-121.173333-55.637333-141.909333-70.826667z m1.877333 153.642667c23.04 0 45.098667 8.832 61.397334 24.533333 16.256 15.744 25.386667 37.034667 25.386666 59.306667v55.850666h48.213334c10.24 0 20.053333 3.925333 27.306666 10.922667 7.253333 6.954667 11.306667 16.426667 11.306667 26.325333v167.594667a36.608 36.608 0 0 1-11.306667 26.368 39.253333 39.253333 0 0 1-27.306666 10.88H378.794667a39.253333 39.253333 0 0 1-27.306667-10.88 36.608 36.608 0 0 1-11.264-26.368v-167.594667c0-9.898667 4.053333-19.370667 11.264-26.325333a39.253333 39.253333 0 0 1 27.306667-10.922667h48.213333V401.92c0-21.546667 8.576-42.24 23.978667-57.813333a88.192 88.192 0 0 1 58.709333-25.898667l4.096-0.085333z m96.426667 214.186666h-192.853333v93.098667h192.853333v-93.098667z m-96.426667-158.293333a29.44 29.44 0 0 0-20.48 8.149333 27.434667 27.434667 0 0 0-8.448 19.754667v55.893333h57.856V401.92a27.392 27.392 0 0 0-7.509333-18.773333 29.312 29.312 0 0 0-18.602667-9.002667l-2.816-0.128z\" fill=\"#1D2129\">\u003C/path>\u003C/symbol>\u003Csymbol id=\"iconlog\" viewBox=\"0 0 1024 1024\">\u003Cpath d=\"M648.106667 64a85.333333 85.333333 0 0 1 60.416 25.045333l162.56 162.986667A85.333333 85.333333 0 0 1 896 312.32V917.333333a42.666667 42.666667 0 0 1-42.666667 42.666667H170.666667a42.666667 42.666667 0 0 1-42.666667-42.666667v-810.666666a42.666667 42.666667 0 0 1 42.666667-42.666667h477.44z m-25.386667 85.333333H213.333333v725.333334h597.333334V337.706667a42.666667 42.666667 0 0 0-12.458667-30.122667l-145.28-145.706667a42.666667 42.666667 0 0 0-30.208-12.544zM533.333333 597.333333a21.333333 21.333333 0 0 1 21.333334 21.333334v42.666666a21.333333 21.333333 0 0 1-21.333334 21.333334H341.333333a21.333333 21.333333 0 0 1-21.333333-21.333334v-42.666666A21.333333 21.333333 0 0 1 341.333333 597.333333h192zM682.666667 384a21.333333 21.333333 0 0 1 21.333333 21.333333v42.666667a21.333333 21.333333 0 0 1-21.333333 21.333333H341.333333a21.333333 21.333333 0 0 1-21.333333-21.333333v-42.666667A21.333333 21.333333 0 0 1 341.333333 384h341.333334z\" fill=\"#1D2129\">\u003C/path>\u003C/symbol>\u003Csymbol id=\"iconLock\" viewBox=\"0 0 1024 1024\">\u003Cpath d=\"M746.666667 320a234.666667 234.666667 0 0 0-469.333334 0v85.333333H170.666667a42.666667 42.666667 0 0 0-42.666667 42.666667V896a42.666667 42.666667 0 0 0 42.666667 42.666667h682.666666a42.666667 42.666667 0 0 0 42.666667-42.666667V448a42.666667 42.666667 0 0 0-42.666667-42.666667h-106.666666v-85.333333zM213.333333 853.333333v-362.666666h597.333334V853.333333H213.333333z m320-298.666666a21.333333 21.333333 0 0 1 21.333334 21.333333V768a21.333333 21.333333 0 0 1-21.333334 21.333333h-42.666666a21.333333 21.333333 0 0 1-21.333334-21.333333v-192a21.333333 21.333333 0 0 1 21.333334-21.333333h42.666666z m-170.666666-234.666667a149.333333 149.333333 0 1 1 298.666666 0v85.333333h-298.666666v-85.333333z\" fill=\"#1D2129\">\u003C/path>\u003C/symbol>\u003Csymbol id=\"iconmapDrive\" viewBox=\"0 0 1024 1024\">\u003Cpath d=\"M896 85.333333a42.666667 42.666667 0 0 1 42.666667 42.666667v597.333333a42.666667 42.666667 0 0 1-42.666667 42.666667h-341.333333v85.333333h362.666666a21.333333 21.333333 0 0 1 21.333334 21.333334v42.666666a21.333333 21.333333 0 0 1-21.333334 21.333334h-810.666666a21.333333 21.333333 0 0 1-21.333334-21.333334v-42.666666a21.333333 21.333333 0 0 1 21.333334-21.333334H469.333333v-85.333333H128a42.666667 42.666667 0 0 1-42.666667-42.666667V128a42.666667 42.666667 0 0 1 42.666667-42.666667h768zM170.666667 682.666667h682.666666v-213.333334H170.666667v213.333334z m149.333333-64h-85.333333v-85.333334h85.333333v85.333334z m128 0h-85.333333v-85.333334h85.333333v85.333334z m128 0h-85.333333v-85.333334h85.333333v85.333334zM170.666667 384h682.666666V170.666667H170.666667v213.333333z m149.333333-64h-85.333333v-85.333333h85.333333v85.333333z m128 0h-85.333333v-85.333333h85.333333v85.333333z m128 0h-85.333333v-85.333333h85.333333v85.333333z\" fill=\"#1D2129\">\u003C/path>\u003C/symbol>\u003Csymbol id=\"iconlog_in\" viewBox=\"0 0 1024 1024\">\u003Cpath d=\"M661.333333 85.333333a21.333333 21.333333 0 0 1 21.333334 21.333334v42.666666a21.333333 21.333333 0 0 1-21.333334 21.333334H170.666667v682.666666h490.666666a21.333333 21.333333 0 0 1 21.333334 21.333334v42.666666a21.333333 21.333333 0 0 1-21.333334 21.333334H128a42.666667 42.666667 0 0 1-42.666667-42.666667V128a42.666667 42.666667 0 0 1 42.666667-42.666667h533.333333z m-287.701333 393.301334l165.930667-165.930667a21.333333 21.333333 0 0 1 28.16-1.792l2.005333 1.792 30.165333 30.165333a21.333333 21.333333 0 0 1 1.749334 28.16l-1.749334 2.005334-98.176 98.133333 396.245334-1.706667c11.093333 0 20.053333 8.277333 21.248 18.944l0.128 2.474667-0.128 40.362667a21.333333 21.333333 0 0 1-18.773334 21.12l-2.474666 0.170666-388.394667 1.706667 90.325333 90.325333a21.333333 21.333333 0 0 1 1.749334 28.16l-1.749334 2.005334-30.165333 30.165333a21.333333 21.333333 0 0 1-28.16 1.792l-2.005333-1.792-165.973334-165.930667a42.666667 42.666667 0 0 1-2.474666-57.6l2.517333-2.730666z\" fill=\"#000000\">\u003C/path>\u003C/symbol>\u003Csymbol id=\"iconMaximize\" viewBox=\"0 0 1024 1024\">\u003Cpath d=\"M808.064 278.656v557.653333a38.186667 38.186667 0 0 1-11.477333 27.178667 39.168 39.168 0 0 1-27.52 11.178667H124.288a39.168 39.168 0 0 1-27.52-11.178667 38.186667 38.186667 0 0 1-11.434667-27.136V317.866667c0-10.410667 4.181333-20.352 11.605334-27.733334a39.936 39.936 0 0 1 28.074666-11.477333H808.106667z m-77.952 76.672H163.285333v442.666667h566.826667V355.328zM898.986667 149.333333c10.538667 0 20.608 4.138667 28.032 11.52a38.954667 38.954667 0 0 1 11.648 27.690667v450.858667h-79.36V227.754667H382.976V149.333333H898.986667z\" fill=\"#1D2129\">\u003C/path>\u003C/symbol>\u003Csymbol id=\"iconMinimize\" viewBox=\"0 0 1024 1024\">\u003Cpath d=\"M128 490.666667a21.333333 21.333333 0 0 1 21.333333-21.333334h725.333334a21.333333 21.333333 0 0 1 21.333333 21.333334v42.666666a21.333333 21.333333 0 0 1-21.333333 21.333334h-725.333334a21.333333 21.333333 0 0 1-21.333333-21.333334v-42.666666z\" fill=\"#1D2129\">\u003C/path>\u003C/symbol>\u003Csymbol id=\"iconMore\" viewBox=\"0 0 1024 1024\">\u003Cpath d=\"M512 85.333333c235.648 0 426.666667 191.018667 426.666667 426.666667s-191.018667 426.666667-426.666667 426.666667S85.333333 747.648 85.333333 512 276.352 85.333333 512 85.333333z m0 77.568a349.098667 349.098667 0 1 0 0 698.197334 349.098667 349.098667 0 0 0 0-698.197334z\" fill=\"#1D2129\">\u003C/path>\u003Cpath d=\"M640 512a42.666667 42.666667 0 1 0 85.333333 0 42.666667 42.666667 0 0 0-85.333333 0zM298.666667 512a42.666667 42.666667 0 1 0 85.333333 0 42.666667 42.666667 0 0 0-85.333333 0zM469.333333 512a42.666667 42.666667 0 1 0 85.333334 0 42.666667 42.666667 0 0 0-85.333334 0z\" fill=\"#1D2129\">\u003C/path>\u003C/symbol>\u003Csymbol id=\"iconMount\" viewBox=\"0 0 1024 1024\">\u003Cpath d=\"M896 938.666667a42.666667 42.666667 0 0 0 42.666667-42.666667V298.666667a42.666667 42.666667 0 0 0-42.666667-42.666667h-341.333333V170.666667h362.666666a21.333333 21.333333 0 0 0 21.333334-21.333334v-42.666666a21.333333 21.333333 0 0 0-21.333334-21.333334h-810.666666a21.333333 21.333333 0 0 0-21.333334 21.333334v42.666666a21.333333 21.333333 0 0 0 21.333334 21.333334H469.333333v85.333333H128a42.666667 42.666667 0 0 0-42.666667 42.666667v597.333333a42.666667 42.666667 0 0 0 42.666667 42.666667h768zM170.666667 341.333333h682.666666v213.333334H170.666667V341.333333z m234.666666 64h-128v85.333334h128v-85.333334zM170.666667 640h682.666666v213.333333H170.666667v-213.333333z m234.666666 64h-128v85.333333h128v-85.333333z\" fill=\"#1D2129\">\u003C/path>\u003C/symbol>\u003Csymbol id=\"iconnarrow\" viewBox=\"0 0 1024 1024\">\u003Cpath d=\"M252.586667 27.306667l518.826666 491.52-518.826666 477.866666z\" fill=\"#333333\">\u003C/path>\u003C/symbol>\u003Csymbol id=\"iconmy_favorites\" viewBox=\"0 0 1024 1024\">\u003Cpath d=\"M973.653333 453.12c40.106667-41.813333 15.36-111.786667-41.813333-117.76l-212.48-24.746667c-23.04-2.56-42.666667-16.213333-53.76-36.693333L564.906667 84.48c-27.306667-51.2-101.546667-48.64-125.44 3.413333L350.72 282.453333c-9.386667 20.48-29.013333 35.84-51.2 40.106667L88.746667 358.4c-57.173333 10.24-77.653333 81.066667-34.986667 120.32l157.013333 145.066667c17.066667 15.36 24.746667 38.4 22.186667 61.44l-29.866667 211.626666c-8.533333 57.173333 52.906667 98.986667 103.253334 70.826667l186.026666-104.96c19.626667-11.093333 44.373333-11.946667 64.853334-1.706667l192 93.866667c52.053333 25.6 110.933333-19.626667 98.986666-76.8l-41.813333-209.92c-4.266667-22.186667 2.56-46.08 17.92-62.293333l149.333333-152.746667z\" fill=\"#FFB448\">\u003C/path>\u003C/symbol>\u003Csymbol id=\"iconOFF\" viewBox=\"0 0 1024 1024\">\u003Cpath d=\"M726.186667 802.133333H297.813333C147.626667 802.133333 27.306667 680.96 27.306667 531.626667s121.173333-270.506667 270.506666-270.506667h429.226667c149.333333 0 270.506667 121.173333 270.506667 270.506667-0.853333 149.333333-121.173333 270.506667-271.36 270.506666z\" fill=\"#494949\">\u003C/path>\u003Cpath d=\"M302.933333 531.626667m-251.733333 0a251.733333 251.733333 0 1 0 503.466667 0 251.733333 251.733333 0 1 0-503.466667 0Z\" fill=\"#FFFFFF\">\u003C/path>\u003C/symbol>\u003Csymbol id=\"iconNotifications\" viewBox=\"0 0 1024 1024\">\u003Cpath d=\"M806.698667 85.333333H217.344a129.706667 129.706667 0 0 0-93.312 40.106667A139.52 139.52 0 0 0 85.333333 222.165333v433.024c0 36.266667 13.866667 71.168 38.613334 96.853334 24.746667 25.728 58.325333 40.192 93.354666 40.234666h32.938667v116.352c0 5.546667 1.493333 10.922667 4.266667 15.658667 2.773333 4.693333 6.741333 8.533333 11.52 11.093333a28.288 28.288 0 0 0 30.122666-2.304l189.312-140.8h321.237334a129.834667 129.834667 0 0 0 93.269333-40.149333c24.746667-25.642667 38.656-60.416 38.698667-96.725333V222.165333c0-36.266667-13.952-71.04-38.698667-96.725333A129.792 129.792 0 0 0 806.698667 85.333333zM563.626667 553.685333H350.592a28.458667 28.458667 0 0 1-20.48-8.789333 30.634667 30.634667 0 0 1-8.533333-21.248c0-7.978667 3.072-15.616 8.533333-21.248a28.458667 28.458667 0 0 1 20.48-8.789333h213.034667c7.68 0 15.061333 3.157333 20.48 8.789333a30.634667 30.634667 0 0 1 8.490666 21.248 30.634667 30.634667 0 0 1-8.490666 21.248 28.458667 28.458667 0 0 1-20.48 8.789333z m109.781333-194.858666H350.592a28.458667 28.458667 0 0 1-20.48-8.832 30.634667 30.634667 0 0 1-8.533333-21.248c0-7.978667 3.072-15.616 8.533333-21.248a28.458667 28.458667 0 0 1 20.48-8.789334h322.816c7.68 0 15.061333 3.157333 20.48 8.789334a30.634667 30.634667 0 0 1 8.533333 21.248 30.634667 30.634667 0 0 1-8.533333 21.248 28.458667 28.458667 0 0 1-20.48 8.832z\" fill=\"#1D2129\">\u003C/path>\u003C/symbol>\u003Csymbol id=\"iconON\" viewBox=\"0 0 1024 1024\">\u003Cpath d=\"M297.813333 802.133333h429.226667c149.333333 0 270.506667-121.173333 270.506667-270.506666s-121.173333-270.506667-270.506667-270.506667H297.813333c-149.333333 0-270.506667 121.173333-270.506666 270.506667S147.626667 802.133333 297.813333 802.133333z\" fill=\"#0183E5\">\u003C/path>\u003Cpath d=\"M721.066667 531.626667m-251.733334 0a251.733333 251.733333 0 1 0 503.466667 0 251.733333 251.733333 0 1 0-503.466667 0Z\" fill=\"#FFFFFF\">\u003C/path>\u003C/symbol>\u003Csymbol id=\"iconopen_file\" viewBox=\"0 0 1024 1024\">\u003Cpath d=\"M817.493333 942.08h-1.706666L135.68 930.133333c-29.013333-0.853333-55.466667-14.506667-72.533333-37.546666s-22.186667-52.906667-14.506667-80.213334l98.986667-349.013333c11.093333-40.106667 49.493333-68.266667 90.453333-67.413333l662.186667 12.8c28.16 0.853333 53.76 13.653333 71.68 35.84 17.066667 22.186667 23.04 50.346667 17.066666 77.653333l-81.92 348.16c-9.386667 41.813333-46.933333 71.68-89.6 71.68z m-581.12-469.333333c-6.826667 0-13.653333 4.266667-15.36 11.093333l-98.986666 349.866667c-1.706667 6.826667 0.853333 11.093333 2.56 13.653333 1.706667 2.56 5.973333 5.973333 12.8 5.973333l680.106666 11.946667c7.68 0 13.653333-5.12 15.36-11.946667l81.92-348.16c1.706667-5.973333-0.853333-11.093333-2.56-13.653333-1.706667-2.56-5.973333-5.973333-11.946666-5.973333l-663.893334-12.8c0.853333 0 0 0 0 0z\" fill=\"#333333\">\u003C/path>\u003Cpath d=\"M121.173333 825.173333h-76.8V196.266667c0-53.76 44.373333-98.133333 98.133334-98.133334h204.8c26.453333 0 51.2 10.24 69.12 29.013334l79.36 79.36c4.266667 4.266667 9.386667 5.973333 15.36 5.973333h325.973333c53.76 0 98.133333 44.373333 98.133333 98.133333v114.346667h-76.8V310.613333c0-11.946667-9.386667-21.333333-21.333333-21.333333H511.146667c-26.453333 0-51.2-10.24-69.12-29.013333l-79.36-79.36c-4.266667-4.266667-9.386667-5.973333-15.36-5.973334h-204.8c-11.946667 0-21.333333 9.386667-21.333334 21.333334v628.906666z\" fill=\"#333333\">\u003C/path>\u003C/symbol>\u003Csymbol id=\"iconOpeneyes\" viewBox=\"0 0 1024 1024\">\u003Cpath d=\"M511.36 789.333333c138.154667 0 266.026667-87.893333 384.64-277.888C780.458667 322.090667 652.842667 234.666667 511.36 234.666667 369.92 234.666667 242.730667 322.048 128 511.445333c117.76 190.08 245.248 277.888 383.36 277.888z m-0.085333-640c171.605333 0 319.274667 104.874667 443.050666 314.624l7.552 13.013334 7.978667 14.165333a42.666667 42.666667 0 0 1-0.213333 41.770667l-8.533334 14.762666c-128.341333 218.026667-278.229333 326.997333-449.834666 326.997334-168.234667 0-315.306667-104.789333-441.088-314.453334l-6.101334-10.24a1070.08 1070.08 0 0 1-7.552-13.141333l-2.304-4.053333a42.666667 42.666667 0 0 1-0.213333-41.514667l7.210667-12.970667 3.84-6.741333C188.928 256.725333 337.664 149.333333 511.232 149.333333zM512 341.333333a170.666667 170.666667 0 1 0 0 341.333334 170.666667 170.666667 0 0 0 0-341.333334z m0 85.333334a85.333333 85.333333 0 1 1 0 170.666666 85.333333 85.333333 0 0 1 0-170.666666z\" fill=\"#1D2129\">\u003C/path>\u003C/symbol>\u003Csymbol id=\"iconpage_first\" viewBox=\"0 0 1024 1024\">\u003Cpath d=\"M567.936 882.56a32.853333 32.853333 0 0 0 0-45.781333L252.714667 512l315.221333-324.778667a32.853333 32.853333 0 0 0 0-45.781333l-45.013333-46.378667a32.128 32.128 0 0 0-35.328-7.168 32.128 32.128 0 0 0-10.496 7.168l-382.506667 394.069334a32.853333 32.853333 0 0 0 0 45.781333l382.464 394.026667a32.170667 32.170667 0 0 0 22.912 9.728 31.872 31.872 0 0 0 22.954667-9.728l45.013333-46.378667z m318.805333-45.781333L571.477333 512l315.264-324.778667a32.853333 32.853333 0 0 0 0-45.781333l-45.056-46.378667A32.128 32.128 0 0 0 818.773333 85.333333a31.744 31.744 0 0 0-22.912 9.728l-382.464 394.069334a32.853333 32.853333 0 0 0 0 45.781333l382.464 394.026667a32.170667 32.170667 0 0 0 22.912 9.728 31.872 31.872 0 0 0 22.912-9.728l45.056-46.378667a32.853333 32.853333 0 0 0 0-45.781333z\" fill=\"#1D2129\">\u003C/path>\u003C/symbol>\u003Csymbol id=\"iconpage_last\" viewBox=\"0 0 1024 1024\">\u003Cpath d=\"M552.576 497.024L298.965333 239.445333a21.333333 21.333333 0 0 0-28.16-2.005333l-2.218666 2.005333-29.866667 30.293334a21.333333 21.333333 0 0 0 0 29.952l209.066667 212.309333-209.024 212.309333a21.333333 21.333333 0 0 0 0 29.909334l29.866666 30.336a21.333333 21.333333 0 0 0 28.117334 2.005333l2.261333-2.005333 253.568-257.621334a21.333333 21.333333 0 0 0 0-29.909333z m211.328 0l-253.568-257.578667a21.333333 21.333333 0 0 0-28.16-2.005333l-2.261333 2.005333-29.824 30.293334a21.333333 21.333333 0 0 0 0 29.952L659.114667 512l-209.024 212.309333a21.333333 21.333333 0 0 0 0 29.909334l29.866666 30.336a21.333333 21.333333 0 0 0 28.16 2.005333l2.218667-2.005333 253.610667-257.621334a21.333333 21.333333 0 0 0 0-29.909333z\" fill=\"#1D2129\">\u003C/path>\u003C/symbol>\u003Csymbol id=\"iconpause\" viewBox=\"0 0 1024 1024\">\u003Cpath d=\"M512 85.333333c235.648 0 426.666667 191.018667 426.666667 426.666667s-191.018667 426.666667-426.666667 426.666667S85.333333 747.648 85.333333 512 276.352 85.333333 512 85.333333z m0 77.568a349.098667 349.098667 0 1 0 0 698.197334 349.098667 349.098667 0 0 0 0-698.197334z m-58.197333 155.178667a19.413333 19.413333 0 0 1 19.413333 19.370667v349.098666a19.413333 19.413333 0 0 1-19.413333 19.370667h-38.784a19.370667 19.370667 0 0 1-19.370667-19.370667V337.450667a19.413333 19.413333 0 0 1 19.370667-19.370667h38.826666z m155.178666 0a19.370667 19.370667 0 0 1 19.370667 19.370667v349.098666a19.370667 19.370667 0 0 1-19.370667 19.370667h-38.826666a19.413333 19.413333 0 0 1-19.370667-19.370667V337.450667a19.413333 19.413333 0 0 1 19.413333-19.370667h38.784z\" fill=\"#1D2129\">\u003C/path>\u003C/symbol>\u003Csymbol id=\"iconpreview\" viewBox=\"0 0 1024 1024\">\u003Cpath d=\"M661.333333 85.333333a20.906667 20.906667 0 0 1 8.106667 1.621334l256 108.117333c3.925333 1.621333 7.253333 4.437333 9.6 8.021333a22.272 22.272 0 0 1 3.626667 12.202667v589.312c0 4.309333-1.237333 8.533333-3.541334 12.074667a21.461333 21.461333 0 0 1-9.386666 8.106666l-256 112.128a20.821333 20.821333 0 0 1-20.181334-1.877333 21.76 21.76 0 0 1-9.557333-18.261333V107.221333a22.186667 22.186667 0 0 1 6.229333-15.445333A21.077333 21.077333 0 0 1 661.333333 85.333333z m-298.666666 0c5.205333 0 10.24 1.962667 14.165333 5.546667 3.925333 3.541333 6.4 8.448 6.997333 13.781333l0.170667 2.56v809.557334a22.357333 22.357333 0 0 1-8.533333 17.493333 20.992 20.992 0 0 1-18.858667 3.498667l-2.346667-0.853334-256-112.170666a22.186667 22.186667 0 0 1-12.8-17.493334L85.333333 804.608V215.253333a22.314667 22.314667 0 0 1 10.922667-19.072l2.304-1.152 256-108.074666A20.906667 20.906667 0 0 1 362.666667 85.333333z m170.666666 32.981334c5.674667 0 11.093333 2.304 15.104 6.4a22.186667 22.186667 0 0 1 6.229334 15.488v744.064a22.186667 22.186667 0 0 1-6.229334 15.488 21.077333 21.077333 0 0 1-15.104 6.4h-42.666666a21.077333 21.077333 0 0 1-15.104-6.4 22.186667 22.186667 0 0 1-6.229334-15.488V140.16a22.186667 22.186667 0 0 1 6.229334-15.445333 21.077333 21.077333 0 0 1 15.104-6.4h42.666666zM725.333333 205.226667v612.138666l128-56.106666V259.242667L725.333333 205.226667z m-426.666666 0L170.666667 259.242667v502.016l128 56.064V205.226667z\" fill=\"#1D2129\">\u003C/path>\u003C/symbol>\u003Csymbol id=\"iconPlay\" viewBox=\"0 0 1024 1024\">\u003Cpath d=\"M512 514.56m-463.36 0a463.36 463.36 0 1 0 926.72 0 463.36 463.36 0 1 0-926.72 0Z\" fill=\"#333333\" opacity=\".3\">\u003C/path>\u003Cpath d=\"M512 1002.666667c-268.8 0-488.106667-219.306667-488.106667-488.106667S243.2 26.453333 512 26.453333s488.106667 219.306667 488.106667 488.106667-219.306667 488.106667-488.106667 488.106667zM512 76.8C270.506667 76.8 73.386667 273.066667 73.386667 514.56s197.12 438.613333 438.613333 438.613333 438.613333-197.12 438.613333-438.613333S753.493333 76.8 512 76.8z\" fill=\"#FFFFFF\">\u003C/path>\u003Cpath d=\"M686.08 546.133333L451.413333 714.24c-24.746667 17.92-59.733333 0-59.733333-30.72V346.453333c0-30.72 34.986667-48.64 59.733333-30.72l234.666667 168.106667c20.48 15.36 20.48 46.933333 0 62.293333z\" fill=\"#FFFFFF\">\u003C/path>\u003C/symbol>\u003Csymbol id=\"iconread_all\" viewBox=\"0 0 1024 1024\">\u003Cpath d=\"M896 85.333333c23.552 0 42.666667 19.498667 42.666667 43.562667V746.24a43.093333 43.093333 0 0 1-42.666667 43.562667h-213.333333l-140.501334 136.106666a41.984 41.984 0 0 1-60.330666 0L341.333333 789.802667H128c-23.594667 0-42.666667-19.498667-42.666667-43.562667V128.896A43.093333 43.093333 0 0 1 128 85.333333h768z m-42.666667 85.333334H170.666667v533.76h206.037333L512 832l135.296-127.573333H853.333333V170.666667z\" fill=\"#1D2129\">\u003C/path>\u003Cpath d=\"M719.061333 354.688l-30.165333-28.714667a21.888 21.888 0 0 0-30.165333 0l-168.106667 160.085334L407.893333 407.253333a21.888 21.888 0 0 0-15.061333-5.973333c-5.674667 0-11.093333 2.133333-15.104 5.973333l-30.165333 28.714667a19.84 19.84 0 0 0-6.229334 14.378667c0 5.376 2.261333 10.538667 6.229334 14.336l128 121.898666a21.888 21.888 0 0 0 30.165333 0l213.333333-203.136A19.84 19.84 0 0 0 725.333333 369.066667a19.84 19.84 0 0 0-6.272-14.378667z\" fill=\"#1D2129\">\u003C/path>\u003C/symbol>\u003Csymbol id=\"iconRefresh\" viewBox=\"0 0 1024 1024\">\u003Cpath d=\"M667.008 750.933333a255.104 255.104 0 0 1-158.293333 52.650667c-7.466667-0.128-14.762667-0.725333-22.101334-1.28-2.986667-0.384-5.973333-0.896-8.96-1.365333a206.549333 206.549333 0 0 1-17.066666-2.816c-3.413333-0.64-6.912-1.706667-10.24-2.56a229.76 229.76 0 0 1-16.384-4.266667c-2.56-1.066667-4.949333-1.92-7.509334-3.029333a195.456 195.456 0 0 1-18.346666-7.168c-1.365333-0.64-2.688-1.152-4.010667-1.706667a456.448 456.448 0 0 1-20.608-10.837333L382.634667 768a272.384 272.384 0 0 1-61.525334-49.792c-0.298667-0.341333-0.554667-0.725333-0.938666-1.024a237.056 237.056 0 0 1-19.242667-23.594667 305.024 305.024 0 0 1-59.178667-181.717333h71.168L199.125333 327.594667 85.333333 511.872h71.04a403.626667 403.626667 0 0 0 63.018667 217.6c0.426667 0.896 0.768 1.877333 1.28 2.688 4.096 6.4 8.704 12.245333 13.056 18.133333 1.706667 2.133333 3.157333 4.394667 4.906667 6.826667a419.072 419.072 0 0 0 22.4 26.368 357.12 357.12 0 0 0 79.957333 64.810667l2.346667 1.365333c8.448 4.906667 17.066667 9.386667 25.813333 13.525333l6.528 3.114667a540.288 540.288 0 0 0 34.048 13.226667c6.826667 2.090667 13.781333 3.968 20.736 5.674666 4.693333 1.194667 9.130667 2.474667 13.952 3.413334 1.92 0.512 3.754667 1.152 5.674667 1.365333 6.698667 1.28 13.269333 1.962667 19.84 2.816 2.432 0.426667 4.778667 0.896 7.168 1.152 11.861333 1.28 23.68 2.048 35.498666 2.048 72.234667 0 142.762667-23.808 203.264-69.632 19.285333-14.592 24.021333-43.392 10.581334-64.085333-13.610667-21.034667-40.149333-26.069333-59.434667-11.349334z m200.448-239.061333c0-80.512-23.125333-155.306667-62.506667-217.002667-0.64-1.066667-0.981333-2.133333-1.493333-3.072-5.077333-7.594667-10.282667-14.677333-15.658667-21.802666a26.88 26.88 0 0 1-1.792-2.602667 359.296 359.296 0 0 0-132.736-107.648c-1.536-0.64-2.816-1.365333-4.309333-2.005333a407.082667 407.082667 0 0 0-25.173333-9.984c-2.901333-1.024-5.973333-2.218667-9.045334-3.2a335.914667 335.914667 0 0 0-22.272-6.272c-4.224-0.981333-8.448-2.133333-12.629333-3.072-2.048-0.426667-3.925333-1.066667-6.144-1.536-5.632-0.981333-11.136-1.536-16.768-2.261334-3.968-0.426667-7.68-1.109333-11.648-1.578666a340.992 340.992 0 0 0-28.245333-1.578667c-1.706667 0-3.413333-0.256-5.12-0.256l-0.853334 0.128c-72.149333 0.085333-142.634667 23.552-203.008 69.333333-19.285333 14.506667-23.978667 43.264-10.410666 64.213334 13.397333 20.736 40.106667 25.856 59.477333 11.178666a254.293333 254.293333 0 0 1 180.650667-51.2c2.432 0.170667 4.693333 0.554667 7.168 0.938667 6.4 0.853333 12.8 1.749333 19.072 3.2 2.730667 0.512 5.546667 1.28 8.106666 1.962667 6.272 1.536 12.330667 3.072 18.346667 5.034666 2.005333 0.597333 3.84 1.322667 5.632 2.133334 6.954667 2.389333 13.738667 4.949333 20.309333 7.978666 0.725333 0.170667 1.365333 0.768 2.048 1.024a274.133333 274.133333 0 0 1 102.4 83.072 305.28 305.28 0 0 1 61.44 184.874667h-71.253333l113.92 184.32L938.666667 511.914667h-71.253334z\" fill=\"#1D2129\">\u003C/path>\u003C/symbol>\u003Csymbol id=\"iconresize\" viewBox=\"0 0 1024 1024\">\u003Cpath d=\"M558.08 69.12h76.8v901.973333h-76.8zM423.253333 69.12h76.8v901.973333h-76.8z\" fill=\"#333333\">\u003C/path>\u003C/symbol>\u003Csymbol id=\"iconRestart\" viewBox=\"0 0 1024 1024\">\u003Cpath d=\"M512 93.866667c-9.386667 0-18.773333 0-28.16 0.853333v72.533333c9.386667-0.853333 18.773333-0.853333 28.16-0.853333 214.186667 0 386.56 177.493333 378.026667 393.386667-7.68 196.266667-167.253333 355.84-363.52 363.52-215.893333 8.533333-393.386667-164.693333-393.386667-378.026667 0-69.12 18.773333-134.826667 51.2-190.293333 9.386667-15.36 5.12-35.84-9.386667-46.933334-17.066667-12.8-41.813333-8.533333-52.906666 10.24-46.08 78.506667-69.12 171.52-59.733334 270.506667 20.48 215.893333 196.266667 389.12 413.013334 406.186667 264.533333 20.48 487.253333-189.44 487.253333-449.706667C962.56 296.106667 760.32 93.866667 512 93.866667z\" fill=\"#333333\">\u003C/path>\u003Cpath d=\"M391.68 128.853333L496.64 30.72c5.973333-5.12 15.36-0.853333 15.36 6.826667v196.266666c0 7.68-9.386667 11.946667-15.36 6.826667L391.68 142.506667c-4.266667-4.266667-4.266667-10.24 0-13.653334zM446.293333 367.786667V742.4L674.133333 555.52z\" fill=\"#333333\">\u003C/path>\u003C/symbol>\u003Csymbol id=\"iconRestore\" viewBox=\"0 0 1024 1024\">\u003Cpath d=\"M741.546667 790.186667H44.373333v-76.8H742.4c88.746667 0 160.426667-71.68 160.426667-160.426667S831.146667 392.533333 742.4 392.533333H162.986667v-76.8h578.56c130.56 0 237.226667 106.666667 237.226666 237.226667s-105.813333 237.226667-237.226666 237.226667z\" fill=\"#333333\">\u003C/path>\u003Cpath d=\"M289.28 584.533333L53.76 354.986667l235.52-232.106667 53.76 54.613333-180.053333 177.493334L343.04 529.066667z\" fill=\"#333333\">\u003C/path>\u003C/symbol>\u003Csymbol id=\"iconright\" viewBox=\"0 0 1024 1024\">\u003Cpath d=\"M512 42.666667C252.8 42.666667 42.666667 252.8 42.666667 512s210.133333 469.333333 469.333333 469.333333 469.333333-210.133333 469.333333-469.333333S771.2 42.666667 512 42.666667z m0 85.333333a384 384 0 1 1 0 768 384 384 0 0 1 0-768z m-48.896 198.229333l-30.165333 30.208a21.333333 21.333333 0 0 0 0 30.165334L558.293333 512l-125.44 125.44a21.333333 21.333333 0 0 0 0 30.165333l30.165334 30.165334a21.333333 21.333333 0 0 0 30.165333 0l170.666667-170.666667a21.333333 21.333333 0 0 0 0-30.165333l-170.666667-170.666667a21.333333 21.333333 0 0 0-30.165333 0z\" fill=\"#1D2129\">\u003C/path>\u003C/symbol>\u003Csymbol id=\"iconright1\" viewBox=\"0 0 1024 1024\">\u003Cpath d=\"M983.04 133.973333c-17.066667-12.8-40.96-9.386667-53.76 7.68L444.586667 782.506667 81.92 504.32c-17.066667-12.8-40.96-9.386667-53.76 6.826667-12.8 17.066667-9.386667 40.96 6.826667 53.76l393.386666 302.08c0.853333 0.853333 2.56 1.706667 3.413334 2.56 0.853333 0 0.853333 0.853333 1.706666 0.853333 0.853333 0.853333 2.56 0.853333 3.413334 1.706667 0.853333 0 1.706667 0.853333 1.706666 0.853333 1.706667 0.853333 2.56 0.853333 4.266667 0.853333 0.853333 0 1.706667 0 1.706667 0.853334 1.706667 0 4.266667 0.853333 5.973333 0 2.56 0 5.973333 0 8.533333-0.853334 0.853333 0 1.706667-0.853333 2.56-0.853333 1.706667-0.853333 3.413333-0.853333 5.12-1.706667 0.853333-0.853333 1.706667-0.853333 2.56-1.706666 1.706667-0.853333 3.413333-1.706667 4.266667-2.56l2.56-2.56 3.413333-3.413334L990.72 187.733333c12.8-17.066667 9.386667-40.96-7.68-53.76z\" fill=\"#0086E6\">\u003C/path>\u003C/symbol>\u003Csymbol id=\"iconscreen_custom\" viewBox=\"0 0 1024 1024\">\u003Cpath d=\"M1004.373333 995.84H19.626667V21.333333h985.6v974.506667z m-907.946666-76.8h832V98.133333H96.426667v820.906667z\" fill=\"#333333\">\u003C/path>\u003Cpath d=\"M474.453333 32.426667h76.8v144.213333h-76.8zM34.133333 470.186667h144.213334v76.8H34.133333zM473.6 836.266667h76.8v144.213333h-76.8zM832.853333 470.186667h144.213334v76.8H832.853333zM636.586667 735.573333H365.226667c-52.906667 0-95.573333-42.666667-95.573334-95.573333V366.08c0-52.906667 42.666667-95.573333 95.573334-95.573333H477.866667c21.333333 0 38.4 17.066667 38.4 38.4s-17.066667 38.4-38.4 38.4H365.226667c-10.24 0-18.773333 8.533333-18.773334 18.773333V640c0 10.24 8.533333 18.773333 18.773334 18.773333h271.36c10.24 0 18.773333-8.533333 18.773333-18.773333V520.533333c0-21.333333 17.066667-38.4 38.4-38.4s38.4 17.066667 38.4 38.4v119.466667c0.853333 52.906667-42.666667 95.573333-95.573333 95.573333z\" fill=\"#333333\">\u003C/path>\u003Cpath d=\"M430.08 501.76l234.666667-226.986667 63.146666 73.386667-230.4 226.133333-83.626666 17.92z\" fill=\"#333333\">\u003C/path>\u003C/symbol>\u003Csymbol id=\"iconscreenx4\" viewBox=\"0 0 1024 1024\">\u003Cpath d=\"M973.653333 971.946667H50.346667V49.493333h923.306666v922.453334z m-846.506666-76.8h769.706666V126.293333H127.146667v768.853334z\" fill=\"#333333\">\u003C/path>\u003Cpath d=\"M473.6 50.346667h76.8V947.2h-76.8z\" fill=\"#333333\">\u003C/path>\u003Cpath d=\"M63.146667 460.8h896.853333v76.8H63.146667z\" fill=\"#333333\">\u003C/path>\u003C/symbol>\u003Csymbol id=\"iconscreenx6\" viewBox=\"0 0 1024 1024\">\u003Cpath d=\"M973.653333 973.653333H50.346667V50.346667h923.306666v923.306666z m-846.506666-76.8h769.706666V127.146667H127.146667v769.706666z\" fill=\"#333333\">\u003C/path>\u003Cpath d=\"M614.4 52.053333h76.8v896.853334h-76.8zM332.8 612.693333h76.8v336.213334h-76.8z\" fill=\"#333333\">\u003C/path>\u003Cpath d=\"M614.4 331.093333h345.6v76.8H614.4zM63.146667 610.986667h896.853333v76.8H63.146667z\" fill=\"#333333\">\u003C/path>\u003C/symbol>\u003Csymbol id=\"iconscreenx9\" viewBox=\"0 0 1024 1024\">\u003Cpath d=\"M973.653333 973.653333H50.346667V50.346667h923.306666v923.306666z m-846.506666-76.8h769.706666V127.146667H127.146667v769.706666z\" fill=\"#333333\">\u003C/path>\u003Cpath d=\"M614.4 52.053333h76.8v896.853334h-76.8zM332.8 85.333333h76.8v863.573334h-76.8z\" fill=\"#333333\">\u003C/path>\u003Cpath d=\"M63.146667 331.093333h896.853333v76.8H63.146667zM63.146667 610.986667h896.853333v76.8H63.146667z\" fill=\"#333333\">\u003C/path>\u003C/symbol>\u003Csymbol id=\"iconscreenx10\" viewBox=\"0 0 1024 1024\">\u003Cpath d=\"M973.653333 973.653333H50.346667V50.346667h923.306666v923.306666z m-846.506666-76.8h769.706666V127.146667H127.146667v769.706666z\" fill=\"#333333\">\u003C/path>\u003Cpath d=\"M473.6 71.68h76.8v877.226667h-76.8zM685.226667 520.533333h76.8v428.373334h-76.8zM261.973333 494.933333h76.8v453.973334h-76.8z\" fill=\"#333333\">\u003C/path>\u003Cpath d=\"M63.146667 472.746667h896.853333v76.8H63.146667zM63.146667 685.226667h896.853333v76.8H63.146667z\" fill=\"#333333\">\u003C/path>\u003C/symbol>\u003Csymbol id=\"iconSearch\" viewBox=\"0 0 1024 1024\">\u003Cpath d=\"M465.792 85.333333c210.133333 0 380.501333 176.682667 380.501333 394.666667a403.2 403.2 0 0 1-65.962666 222.165333l151.765333 157.44a23.637333 23.637333 0 0 1 0 32.853334l-37.973333 39.424a21.973333 21.973333 0 0 1-31.616 0l-147.84-153.344a371.114667 371.114667 0 0 1-248.874667 96.128C255.658667 874.666667 85.333333 697.984 85.333333 480S255.658667 85.333333 465.792 85.333333z m0 97.493334c-158.208 0-286.464 133.034667-286.464 297.173333s128.256 297.173333 286.464 297.173333c158.250667 0 286.506667-133.034667 286.506667-297.173333s-128.256-297.173333-286.506667-297.173333z\" fill=\"#1D2129\">\u003C/path>\u003C/symbol>\u003Csymbol id=\"iconscreenx13\" viewBox=\"0 0 1024 1024\">\u003Cpath d=\"M973.653333 973.653333H50.346667V50.346667h923.306666v923.306666z m-846.506666-76.8h769.706666V127.146667H127.146667v769.706666z\" fill=\"#333333\">\u003C/path>\u003Cpath d=\"M473.6 71.68h76.8v237.226667h-76.8zM473.6 736.426667h76.8v237.226666h-76.8zM685.226667 711.68h76.8v237.226667h-76.8z\" fill=\"#333333\">\u003C/path>\u003Cpath d=\"M685.226667 71.68h76.8v664.746667h-76.8zM261.973333 711.68h76.8v237.226667h-76.8z\" fill=\"#333333\">\u003C/path>\u003Cpath d=\"M261.973333 71.68h76.8v651.946667h-76.8zM50.346667 494.933333h76.8v453.973334h-76.8z\" fill=\"#333333\">\u003C/path>\u003Cpath d=\"M63.146667 472.746667h266.24v76.8H63.146667zM693.76 472.746667h266.24v76.8H693.76zM63.146667 685.226667h896.853333v76.8H63.146667zM63.146667 261.12h896.853333v76.8H63.146667z\" fill=\"#333333\">\u003C/path>\u003C/symbol>\u003Csymbol id=\"iconServiceorder\" viewBox=\"0 0 1024 1024\">\u003Cpath d=\"M246.570667 907.776A21.333333 21.333333 0 0 0 256 890.069333V128a21.333333 21.333333 0 0 0-21.333333-21.333333h-42.666667A21.333333 21.333333 0 0 0 170.666667 128v533.333333H67.626667a12.8 12.8 0 0 0-10.410667 20.266667l156.288 217.088a21.333333 21.333333 0 0 0 4.138667 4.266667l0.810666 1.024a21.333333 21.333333 0 0 0 28.117334 3.84zM362.666667 277.333333h554.666666a21.333333 21.333333 0 0 0 21.205334-18.816L938.666667 256V213.333333a21.333333 21.333333 0 0 0-18.858667-21.205333L917.333333 192h-554.666666a21.333333 21.333333 0 0 0-21.205334 18.816L341.333333 213.333333v42.666667a21.333333 21.333333 0 0 0 18.816 21.205333L362.666667 277.333333z m0 277.333334h426.666666a21.333333 21.333333 0 0 0 21.205334-18.816L810.666667 533.333333v-42.666666a21.333333 21.333333 0 0 0-18.858667-21.162667L789.333333 469.333333h-426.666666a21.333333 21.333333 0 0 0-21.205334 18.816L341.333333 490.666667v42.666666a21.333333 21.333333 0 0 0 18.816 21.162667L362.666667 554.666667z m298.666666 277.333333a21.333333 21.333333 0 0 0 21.162667-18.858667L682.666667 810.666667v-42.666667a21.333333 21.333333 0 0 0-18.816-21.205333L661.333333 746.666667h-298.666666a21.333333 21.333333 0 0 0-21.205334 18.858666L341.333333 768v42.666667a21.333333 21.333333 0 0 0 18.816 21.205333l2.517334 0.128h298.666666z\" fill=\"#1D2129\">\u003C/path>\u003C/symbol>\u003Csymbol id=\"iconSettings\" viewBox=\"0 0 1024 1024\">\u003Cpath d=\"M512 85.333333c30.933333 0 61.781333 3.456 91.989333 10.325334l6.741334 1.536a21.333333 21.333333 0 0 1 14.848 12.373333l43.392 100.224a21.333333 21.333333 0 0 0 21.930666 12.714667l106.282667-11.776a21.333333 21.333333 0 0 1 18.176 6.912l4.693333 5.12a428.117333 428.117333 0 0 1 92.074667 162.218666l2.133333 6.912a21.376 21.376 0 0 1-3.114666 18.688l-4.181334 5.845334-59.733333 83.114666a21.376 21.376 0 0 0 0 24.917334l63.872 88.96a21.333333 21.333333 0 0 1 3.114667 18.688l-2.133334 6.912a428.16 428.16 0 0 1-92.074666 162.218666l-4.650667 5.12a21.333333 21.333333 0 0 1-18.176 6.912l-106.24-11.776a21.333333 21.333333 0 0 0-22.016 12.714667l-43.349333 100.266667a21.333333 21.333333 0 0 1-14.848 12.330666l-6.741334 1.536a412.885333 412.885333 0 0 1-184.021333 0l-6.741333-1.536a21.333333 21.333333 0 0 1-14.805334-12.373333l-2.858666-6.528-40.533334-93.696a21.333333 21.333333 0 0 0-21.973333-12.714667l-106.24 11.776a21.333333 21.333333 0 0 1-18.218667-6.912l-4.650666-5.12a428.288 428.288 0 0 1-92.074667-162.218666l-2.133333-6.912a21.376 21.376 0 0 1 3.072-18.730667l4.224-5.845333 59.733333-83.072a21.333333 21.333333 0 0 0 0-24.917334L112.768 410.624a21.376 21.376 0 0 1-3.072-18.688l2.133333-6.954667A428.202667 428.202667 0 0 1 203.946667 222.805333l4.693333-5.162666a21.333333 21.333333 0 0 1 18.133333-6.912l106.282667 11.776a21.333333 21.333333 0 0 0 21.973333-12.714667l43.392-100.266667a21.333333 21.333333 0 0 1 14.805334-12.330666l6.741333-1.536A412.885333 412.885333 0 0 1 512 85.333333z m0 71.125334c-16.128 0-32.213333 1.109333-48.128 3.328a20.608 20.608 0 0 0-15.957333 12.373333l-38.656 89.344a58.026667 58.026667 0 0 1-23.893334 27.008 56.746667 56.746667 0 0 1-34.901333 7.466667L255.658667 285.44a20.650667 20.650667 0 0 0-18.730667 7.808 357.077333 357.077333 0 0 0-48.554667 85.717333 20.650667 20.650667 0 0 0 2.56 19.626667l56.96 79.146667a58.88 58.88 0 0 1 0 68.522666l-56.917333 79.146667a20.650667 20.650667 0 0 0-2.56 19.626667 357.12 357.12 0 0 0 48.512 85.717333c4.394667 5.717333 11.52 8.576 18.730667 7.808l94.72-10.496c12.16-1.365333 24.448 1.237333 34.986666 7.424 10.624 6.229333 18.986667 15.701333 23.893334 27.050667l38.656 89.301333a20.650667 20.650667 0 0 0 15.957333 12.373333 346.026667 346.026667 0 0 0 96.256 0 20.650667 20.650667 0 0 0 15.957333-12.373333l38.613334-89.344a58.026667 58.026667 0 0 1 23.893333-27.008 56.746667 56.746667 0 0 1 34.944-7.424l94.805333 10.496a20.650667 20.650667 0 0 0 18.688-7.808 356.821333 356.821333 0 0 0 48.554667-85.674667 20.608 20.608 0 0 0-2.56-19.626666l-56.917333-79.189334a58.709333 58.709333 0 0 1 0-68.522666l56.874666-79.189334a20.608 20.608 0 0 0 2.56-19.626666 356.821333 356.821333 0 0 0-48.512-85.674667 20.650667 20.650667 0 0 0-18.730666-7.808l-94.72 10.538667a56.789333 56.789333 0 0 1-34.986667-7.466667 57.984 57.984 0 0 1-23.893333-27.008l-38.613334-89.344a20.650667 20.650667 0 0 0-15.957333-12.373333A346.325333 346.325333 0 0 0 512 156.458667z m0 177.792c101.632 0 183.893333 79.616 183.893333 177.749333 0 98.133333-82.261333 177.792-183.893333 177.792-101.632 0-183.893333-79.616-183.893333-177.792 0-98.133333 82.261333-177.749333 183.893333-177.749333zM512 405.333333a106.666667 106.666667 0 1 0 0 213.333334 106.666667 106.666667 0 0 0 0-213.333334z\" fill=\"#1D2129\">\u003C/path>\u003C/symbol>\u003Csymbol id=\"iconshow_all\" viewBox=\"0 0 1024 1024\">\u003Cpath d=\"M907.093333 977.066667H116.906667c-38.4 0-69.973333-31.573333-69.973334-69.973334V116.906667c0-38.4 31.573333-69.973333 69.973334-69.973334h790.186666c38.4 0 69.973333 31.573333 69.973334 69.973334v790.186666c0 38.4-31.573333 69.973333-69.973334 69.973334z m-783.36-76.8h776.533334v-776.533334h-776.533334v776.533334z\" fill=\"#333333\">\u003C/path>\u003Cpath d=\"M409.6 360.96c-10.24 0-20.48-4.266667-27.306667-11.946667-14.506667-15.36-14.506667-39.253333 0.853334-54.613333l91.306666-87.893333c17.066667-16.213333 42.666667-16.213333 59.733334 0l90.453333 87.893333c15.36 14.506667 15.36 39.253333 0.853333 54.613333-14.506667 15.36-39.253333 15.36-54.613333 0.853334L503.466667 285.013333 436.053333 349.866667c-7.68 6.826667-17.066667 11.093333-26.453333 11.093333z m117.76-98.986667zM503.466667 826.026667c-11.093333 0-21.333333-4.266667-29.866667-11.946667L382.293333 726.186667c-15.36-14.506667-15.36-39.253333-0.853333-54.613334 14.506667-15.36 39.253333-15.36 54.613333-0.853333l67.413334 64.853333 66.56-64.853333c15.36-14.506667 39.253333-14.506667 54.613333 0.853333 14.506667 15.36 14.506667 39.253333-0.853333 54.613334L533.333333 813.226667c-8.533333 8.533333-18.773333 12.8-29.866666 12.8zM346.453333 650.24c-10.24 0-20.48-4.266667-27.306666-11.946667L231.253333 546.986667c-16.213333-17.066667-16.213333-42.666667 0-59.733334l87.893334-90.453333c14.506667-15.36 39.253333-15.36 54.613333-0.853333 15.36 14.506667 15.36 39.253333 0.853333 54.613333l-64.853333 66.56 64.853333 67.413333c14.506667 15.36 14.506667 39.253333-0.853333 54.613334-7.68 6.826667-17.066667 11.093333-27.306667 11.093333zM673.28 650.24c-9.386667 0-18.773333-3.413333-26.453333-11.093333-15.36-14.506667-15.36-39.253333-0.853334-54.613334l64.853334-67.413333-64.853334-66.56c-14.506667-15.36-14.506667-39.253333 0.853334-54.613333s39.253333-14.506667 54.613333 0.853333l87.893333 90.453333c16.213333 17.066667 16.213333 42.666667 0 59.733334L700.586667 638.293333c-7.68 7.68-17.92 11.946667-27.306667 11.946667z m59.733333-156.16z\" fill=\"#333333\">\u003C/path>\u003C/symbol>\u003Csymbol id=\"iconShare1\" viewBox=\"0 0 1024 1024\">\u003Cpath d=\"M782.208 677.461333a137.386667 137.386667 0 0 0-84.906667 29.013334l-233.258666-163.114667a169.173333 169.173333 0 0 0 0-62.72l233.258666-163.157333a137.386667 137.386667 0 0 0 84.906667 29.056c35.84 0 70.229333-13.781333 95.573333-38.272A128.554667 128.554667 0 0 0 917.333333 215.893333c0-34.645333-14.293333-67.84-39.637333-92.330666A137.6 137.6 0 0 0 782.165333 85.333333c-20.906667 0-41.557333 4.736-60.288 13.781334-18.773333 9.045333-35.029333 22.186667-47.616 38.357333-12.586667 16.170667-21.12 34.944-24.917333 54.826667-3.84 19.925333-2.773333 40.405333 2.986667 59.861333l-221.482667 155.178667a178.773333 178.773333 0 0 0-63.573333-51.157334 185.173333 185.173333 0 0 0-80.426667-18.346666c-23.68 0-47.104 4.522667-68.949333 13.226666a180.608 180.608 0 0 0-58.453334 37.802667 173.824 173.824 0 0 0-39.082666 56.490667 169.088 169.088 0 0 0 0 133.290666c9.045333 21.162667 22.314667 40.362667 39.04 56.533334 16.725333 16.213333 36.608 29.013333 58.453333 37.76 21.888 8.746667 45.312 13.226667 68.992 13.226666 27.904 0 55.466667-6.272 80.469333-18.346666a178.773333 178.773333 0 0 0 63.530667-51.114667l221.525333 155.093333c-5.76 19.456-6.826667 39.978667-2.986666 59.861334 3.754667 19.925333 12.288 38.698667 24.874666 54.869333 12.586667 16.213333 28.885333 29.312 47.616 38.357333 18.773333 9.045333 39.381333 13.781333 60.330667 13.781334 35.84 0 70.186667-13.781333 95.530667-38.272a128.554667 128.554667 0 0 0 39.594666-92.330667c0-34.645333-14.250667-67.84-39.594666-92.330667a137.557333 137.557333 0 0 0-95.530667-38.272z m0-518.101333c15.530667 0 30.421333 5.973333 41.386667 16.597333 11.008 10.624 17.152 25.002667 17.152 40.021334s-6.186667 29.44-17.152 40.021333a60.288 60.288 0 0 1-82.816 0 55.68 55.68 0 0 1-17.152-40.064c0-15.018667 6.186667-29.44 17.152-40.021333 11.008-10.624 25.898667-16.597333 41.429333-16.554667z m-495.36 448.426667a100.992 100.992 0 0 1-70.058667-28.074667A94.336 94.336 0 0 1 187.733333 512a94.336 94.336 0 0 1 29.056-67.712 100.992 100.992 0 0 1 70.058667-28.074667c26.24 0.042667 51.413333 10.154667 69.973333 28.117334 18.602667 17.92 29.013333 42.24 29.098667 67.669333a94.336 94.336 0 0 1-29.056 67.669333 100.992 100.992 0 0 1-70.016 28.117334z m495.36 256.853333a60.288 60.288 0 0 1-41.386667-16.597333 56.533333 56.533333 0 0 1-12.714666-18.346667 54.997333 54.997333 0 0 1 12.757333-61.738667 60.288 60.288 0 0 1 82.816 0.042667c11.008 10.666667 17.152 25.045333 17.152 40.106667 0 14.976-6.186667 29.397333-17.194667 39.978666a59.648 59.648 0 0 1-41.429333 16.554667z\" fill=\"#1D2129\">\u003C/path>\u003C/symbol>\u003Csymbol id=\"iconsignout\" viewBox=\"0 0 1024 1024\">\u003Cpath d=\"M661.333333 85.333333a21.333333 21.333333 0 0 1 21.333334 21.333334v42.666666a21.333333 21.333333 0 0 1-21.333334 21.333334H170.666667v682.666666h490.666666a21.333333 21.333333 0 0 1 21.333334 21.333334v42.666666a21.333333 21.333333 0 0 1-21.333334 21.333334H128a42.666667 42.666667 0 0 1-42.666667-42.666667V128a42.666667 42.666667 0 0 1 42.666667-42.666667h533.333333z m103.381334 227.370667l165.930666 165.930667a42.666667 42.666667 0 0 1 0 60.330666l-165.930666 165.930667a21.248 21.248 0 0 1-30.165334 0l-30.165333-30.165333a21.333333 21.333333 0 0 1 0-30.165334l90.325333-90.325333-388.394666-1.706667a21.333333 21.333333 0 0 1-21.248-21.248l-0.170667-40.405333a21.333333 21.333333 0 0 1 18.773333-21.290667l2.688-0.170666 396.202667 1.749333-98.176-98.133333a21.333333 21.333333 0 0 1 0-30.165334l30.122667-30.165333a21.333333 21.333333 0 0 1 30.208 0z\" fill=\"#000000\">\u003C/path>\u003C/symbol>\u003Csymbol id=\"iconsnapshot\" viewBox=\"0 0 1024 1024\">\u003Cpath d=\"M339.541333 153.344a40.106667 40.106667 0 0 1 14.250667-18.432A37.674667 37.674667 0 0 1 375.509333 128h271.530667c7.552 0 14.976 2.304 21.333333 6.656a40.064 40.064 0 0 1 14.293334 17.792l23.296 56.405333H896c23.552 0 42.666667 18.090667 42.666667 40.405334v606.293333c0 22.357333-19.114667 40.448-42.666667 40.448H128c-23.552 0-42.666667-18.090667-42.666667-40.405333V249.301333c0-22.357333 19.114667-40.448 42.666667-40.448h190.08l21.461333-55.509333z m521.557334 136.32H162.901333v525.482667h698.197334V289.706667zM512 350.336c107.093333 0 193.962667 90.453333 193.962667 202.069333 0 111.658667-86.826667 202.112-193.962667 202.112-107.093333 0-193.92-90.453333-193.92-202.112 0-111.616 86.826667-202.069333 193.92-202.069333z m0 80.810667c-30.848 0-60.458667 12.8-82.261333 35.541333a123.904 123.904 0 0 0-34.133334 85.76c0 32.128 12.288 62.976 34.133334 85.717333a114.048 114.048 0 0 0 82.261333 35.498667c30.848 0 60.458667-12.757333 82.261333-35.498667a123.904 123.904 0 0 0 34.133334-85.76c0-32.128-12.288-62.976-34.133334-85.76A114.048 114.048 0 0 0 512 431.189333z\" fill=\"#1D2129\">\u003C/path>\u003C/symbol>\u003Csymbol id=\"iconsound_volume\" viewBox=\"0 0 1024 1024\">\u003Cpath d=\"M545.28 937.813333c-20.48 0-40.96-7.68-56.32-23.04L288.426667 715.093333c-0.853333-0.853333-0.853333-0.853333-1.706667-0.853333H131.413333c-43.52 0-79.36-35.84-79.36-79.36V400.213333c0-43.52 35.84-79.36 79.36-79.36h145.066667c0.853333 0 1.706667 0 1.706667-0.853333l210.773333-210.773333c23.04-23.04 56.32-29.866667 86.186667-17.066667 29.866667 11.946667 48.64 40.96 48.64 73.386667v693.76c0 32.426667-19.626667 61.44-48.64 73.386666-9.386667 3.413333-19.626667 5.12-29.866667 5.12zM131.413333 397.653333c-1.706667 0-2.56 0.853333-2.56 2.56v234.666667c0 1.706667 0.853333 2.56 2.56 2.56h156.16c21.333333 0 40.96 8.533333 56.32 23.04l199.68 199.68c0.853333 0.853333 0.853333 0.853333 2.56 0.853333 1.706667-0.853333 1.706667-1.706667 1.706667-2.56V165.546667c0-0.853333 0-1.706667-1.706667-2.56-1.706667-0.853333-2.56 0-2.56 0.853333L332.8 373.76c-15.36 15.36-34.986667 23.04-56.32 23.04h-145.066667zM701.44 715.946667c-11.093333 0-21.333333-4.266667-29.013333-13.653334-13.653333-16.213333-11.946667-40.106667 4.266666-53.76 48.64-41.813333 73.386667-85.333333 73.386667-130.56-0.853333-78.506667-75.093333-140.8-75.093333-140.8-16.213333-13.653333-18.773333-37.546667-5.12-53.76 13.653333-16.213333 37.546667-18.773333 53.76-5.12 4.266667 3.413333 102.4 84.48 103.253333 199.68C827.733333 587.093333 793.6 651.093333 726.186667 708.266667c-7.68 4.266667-16.213333 7.68-24.746667 7.68z\" fill=\"#333333\">\u003C/path>\u003Cpath d=\"M806.4 818.346667c-9.386667 0-19.626667-3.413333-27.306667-11.093334-15.36-15.36-15.36-39.253333 0-54.613333 87.893333-87.893333 128.853333-176.64 122.88-263.68-8.533333-128.853333-117.76-213.333333-118.613333-214.186667-17.066667-12.8-20.48-36.693333-6.826667-53.76 12.8-17.066667 36.693333-20.48 53.76-6.826666 5.973333 4.266667 138.24 106.666667 149.333334 270.506666 7.68 110.08-40.96 218.453333-145.066667 322.56-8.533333 6.826667-18.773333 11.093333-28.16 11.093334z\" fill=\"#333333\">\u003C/path>\u003C/symbol>\u003Csymbol id=\"iconspin_right\" viewBox=\"0 0 1024 1024\">\u003Cpath d=\"M957.44 507.733333l48.64-150.186666c1.706667-5.973333-3.413333-11.093333-9.386667-8.533334l-181.76 64.853334c-5.12 1.706667-5.973333 9.386667-1.706666 12.8l133.973333 84.48c3.413333 2.56 8.533333 0.853333 10.24-3.413334z\" fill=\"#333333\">\u003C/path>\u003Cpath d=\"M494.933333 41.813333c223.573333 0 411.306667 154.453333 463.36 361.813334l-76.8 10.24C834.56 244.053333 679.253333 118.613333 494.933333 118.613333c-221.013333 0-400.213333 180.053333-400.213333 400.213334s179.2 401.066667 400.213333 401.066666c83.626667 0 162.133333-26.453333 226.133334-70.826666 36.693333 11.093333 46.08 38.4 47.786666 59.733333C691.2 964.266667 597.333333 996.693333 494.933333 996.693333c-262.826667 0-477.013333-214.186667-477.013333-477.013333s213.333333-477.866667 477.013333-477.866667z\" fill=\"#333333\">\u003C/path>\u003C/symbol>\u003Csymbol id=\"iconStart\" viewBox=\"0 0 1024 1024\">\u003Cpath d=\"M512 85.333333c235.648 0 426.666667 191.018667 426.666667 426.666667s-191.018667 426.666667-426.666667 426.666667S85.333333 747.648 85.333333 512 276.352 85.333333 512 85.333333z m0 77.568a349.098667 349.098667 0 1 0 0 698.197334 349.098667 349.098667 0 0 0 0-698.197334zM416.213333 285.184l310.272 193.92a38.826667 38.826667 0 0 1 0 65.792l-310.272 193.92a38.826667 38.826667 0 0 1-59.349333-32.853333V318.08a38.826667 38.826667 0 0 1 59.306667-32.896z m18.218667 102.826667v247.978666L632.746667 512l-198.314667-123.946667z\" fill=\"#1D2129\">\u003C/path>\u003C/symbol>\u003Csymbol id=\"iconStop\" viewBox=\"0 0 1024 1024\">\u003Cpath d=\"M512 85.333333c235.648 0 426.666667 191.018667 426.666667 426.666667s-191.018667 426.666667-426.666667 426.666667S85.333333 747.648 85.333333 512 276.352 85.333333 512 85.333333z m0 77.568a349.098667 349.098667 0 1 0 0 698.197334 349.098667 349.098667 0 0 0 0-698.197334z m81.493333 213.333334a54.357333 54.357333 0 0 1 54.272 54.314666v162.901334a54.272 54.272 0 0 1-54.314666 54.314666h-162.901334a54.272 54.272 0 0 1-54.314666-54.314666v-162.901334a54.272 54.272 0 0 1 54.314666-54.314666h162.901334zM448 448v128h128v-128h-128z\" fill=\"#1D2129\">\u003C/path>\u003C/symbol>\u003Csymbol id=\"iconterramaster_logo\" viewBox=\"0 0 1024 1024\">\u003Cpath d=\"M118.613333 413.866667v35.84h-23.04v128.853333H75.946667V449.706667H53.76v-35.84zM193.706667 413.866667v34.986666H153.6v30.72h35.84v34.133334H153.6v30.72h40.96v34.133333h-60.586667V413.866667zM261.12 512c0.853333 0 2.56-0.853333 4.266667-2.56 5.973333-4.266667 12.8-12.8 12.8-36.693333 0-29.013333-0.853333-45.226667-13.653334-53.76-4.266667-2.56-11.946667-4.266667-21.333333-4.266667h-34.133333v164.693333h19.626666v-64h11.946667l13.653333 64h22.186667L261.12 512z m-5.973333-39.253333c0 3.413333-0.853333 6.826667-3.413334 8.533333-2.56 1.706667-5.973333 1.706667-8.533333 1.706667h-14.506667v-34.133334h14.506667c3.413333 0 5.973333 0 8.533333 2.56 2.56 2.56 3.413333 5.973333 3.413334 8.533334 0.853333 4.266667 0.853333 8.533333 0 12.8zM348.16 512c0.853333 0 2.56-0.853333 4.266667-2.56 5.973333-4.266667 12.8-12.8 12.8-36.693333 0-29.013333-0.853333-45.226667-13.653334-53.76-4.266667-2.56-11.946667-4.266667-21.333333-4.266667h-34.133333v164.693333H315.733333v-64h11.946667l13.653333 64h22.186667L348.16 512z m-5.973333-39.253333c0 3.413333-0.853333 6.826667-3.413334 8.533333-2.56 1.706667-5.973333 1.706667-8.533333 1.706667H315.733333v-34.133334h14.506667c3.413333 0 5.973333 0 8.533333 2.56 2.56 2.56 3.413333 5.973333 3.413334 8.533334 0.853333 4.266667 0.853333 8.533333 0 12.8zM950.613333 512c0.853333 0 2.56-0.853333 4.266667-2.56 5.973333-4.266667 12.8-12.8 12.8-36.693333 0-29.013333-0.853333-45.226667-13.653333-53.76-4.266667-2.56-11.946667-4.266667-21.333334-4.266667H896v164.693333h19.626667v-64h14.506666l13.653334 64h22.186666l-15.36-67.413333z m-5.12-39.253333c0 3.413333-0.853333 6.826667-3.413333 8.533333-2.56 1.706667-5.973333 1.706667-8.533333 1.706667h-17.066667v-34.133334h17.066667c3.413333 0 5.973333 0 8.533333 2.56 2.56 2.56 3.413333 5.973333 3.413333 8.533334v12.8zM493.226667 413.866667l19.626666 85.333333 20.48-85.333333h23.893334v164.693333h-20.48V474.453333l-17.066667 87.893334h-12.8l-17.92-87.893334v104.106667h-20.48V413.866667zM622.08 413.866667h-25.6l-29.866667 164.693333h20.48l5.12-29.013333h32.426667l5.12 29.013333h21.333333l-29.013333-164.693333z m-23.893333 103.253333l10.24-58.88 10.24 58.88h-20.48zM430.08 413.866667h-25.6l-29.866667 164.693333h20.48l5.12-29.013333h32.426667l5.12 29.013333h21.333333l-29.013333-164.693333z m-23.893333 103.253333l10.24-58.88 10.24 58.88h-20.48zM691.2 446.293333c-5.12 0-10.24 3.413333-10.24 11.093334 0 27.306667 45.226667 11.946667 45.226667 70.826666 0 33.28-16.213333 50.346667-33.28 50.346667-12.8 0-25.6-10.24-34.986667-26.453333l7.68-33.28c7.68 14.506667 19.626667 24.746667 27.306667 24.746666 5.973333 0 11.946667-4.266667 11.946666-13.653333 0-28.16-45.226667-11.093333-45.226666-69.12 0-30.72 14.506667-50.346667 33.28-50.346667 11.093333 0 22.186667 7.68 29.866666 18.773334l-7.68 34.133333c-6.826667-9.386667-17.066667-17.066667-23.893333-17.066667zM802.986667 413.866667v35.84h-25.6v128.853333h-19.626667V449.706667h-24.746667v-35.84zM880.64 413.866667v34.986666h-42.666667v30.72h38.4v34.133334h-38.4v30.72h43.52v34.133333h-63.146666V413.866667z\" fill=\"#404040\">\u003C/path>\u003Cpath d=\"M511.146667 742.4c-16.213333 0-31.573333-1.706667-47.786667-5.12L57.173333 628.906667c-25.6-5.973333-45.226667-31.573333-45.226666-60.586667V418.133333c0-29.866667 19.626667-55.466667 46.08-60.586666l407.04-105.813334c29.866667-5.973333 60.586667-5.973333 91.306666 0l407.04 104.96c26.453333 5.973333 46.08 30.72 46.08 60.586667v149.333333c0 29.866667-18.773333 54.613333-45.226666 60.586667L558.08 737.28c-15.36 3.413333-31.573333 5.12-46.933333 5.12z m-44.373334-20.48c29.013333 5.973333 58.88 5.973333 87.893334 0l405.333333-108.373333c18.773333-4.266667 32.426667-23.04 32.426667-45.226667V418.133333c0-22.186667-13.653333-40.96-33.28-45.226666L552.96 267.946667c-28.16-5.973333-56.32-5.973333-84.48 0L61.44 373.76c-18.773333 3.413333-33.28 22.186667-33.28 44.373333v149.333334c0 22.186667 13.653333 40.96 32.426667 45.226666l406.186666 109.226667z\" fill=\"#404040\">\u003C/path>\u003C/symbol>\u003Csymbol id=\"icontopbanner_language\" viewBox=\"0 0 1024 1024\">\u003Cpath d=\"M512 675.114667c41.941333 0 82.432 2.133333 120.064 6.4C606.72 809.557333 558.250667 896 512 896c-46.293333 0-94.72-86.357333-120.064-214.528 34.730667-3.541333 71.594667-6.4 109.952-6.4H512z m195.242667 17.706666c60.032 11.306667 110.634667 27.605333 148.266666 45.994667C801.28 811.093333 709.077333 869.802667 618.666667 896c33.28-48.853333 72.661333-121.770667 88.576-203.178667z m-390.485334 0c15.914667 80.682667 41.216 150.101333 73.770667 198.912a428.501333 428.501333 0 0 1-222.037333-152.917333c35.413333-16.981333 81.706667-32.554667 136.704-43.904l11.52-2.133333zM129.450667 305.493333c47.018667 24.746667 107.008 43.904 176.426666 56.618667A1252.266667 1252.266667 0 0 0 298.666667 481.109333v36.096c0.725333 35.413333 2.901333 69.418667 6.528 101.973334-68.693333 12.714667-129.450667 31.829333-176.469334 56.618666a412.458667 412.458667 0 0 1-3.626666-361.088l4.352-9.173333z m765.098666 0A410.88 410.88 0 0 1 938.666667 491.008a410.88 410.88 0 0 1-44.117334 185.514667c-47.018667-24.746667-107.008-43.904-176.469333-56.661334 4.352-41.045333 7.253333-84.224 7.253333-128.853333 0-44.586667-2.133333-87.765333-7.253333-128.853333 65.834667-12.032 123.690667-30.421333 169.984-53.077334l6.485333-3.541333z m-250.922666 67.968c4.309333 36.821333 6.485333 76.458667 6.485333 117.504 0 41.088-2.133333 80.725333-6.485333 117.546667-39.082667-4.266667-79.573333-6.4-121.514667-7.082667h-36.864a974.08 974.08 0 0 0-104.106667 7.082667 1013.76 1013.76 0 0 1-6.528-107.605333v-34.005334a949.333333 949.333333 0 0 1 6.485334-93.44c41.941333 4.266667 86.058667 7.082667 131.626666 7.082667 41.941333 0 83.2-2.133333 122.197334-6.4l8.704-0.682667zM512 85.333333c46.293333 0 94.72 86.357333 120.064 214.528-37.632 4.266667-78.08 7.082667-120.064 7.082667-41.941333 0-82.432-2.816-120.064-7.082667C417.28 171.690667 465.749333 85.333333 512 85.333333z m-120.746667 4.949334C357.973333 139.136 332.629333 207.829333 316.714667 289.28 256.725333 277.930667 206.08 261.632 168.490667 243.2a427.648 427.648 0 0 1 220.586666-152.192l2.133334-0.725333z m241.493334 0A427.52 427.52 0 0 1 855.466667 243.2c-37.546667 18.432-88.917333 34.730667-148.224 46.037333-15.189333-76.458667-38.314667-142.293333-68.693334-190.464l-5.76-8.490666z\" fill=\"#4E5969\">\u003C/path>\u003C/symbol>\u003Csymbol id=\"iconspin_Left\" viewBox=\"0 0 1024 1024\">\u003Cpath d=\"M66.56 507.733333L17.92 357.546667c-1.706667-5.973333 3.413333-11.093333 9.386667-8.533334l181.76 64.853334c5.12 1.706667 5.973333 9.386667 1.706666 12.8L76.8 511.146667c-3.413333 2.56-8.533333 0.853333-10.24-3.413334z\" fill=\"#333333\">\u003C/path>\u003Cpath d=\"M529.066667 41.813333C305.493333 41.813333 117.76 196.266667 65.706667 403.626667l76.8 10.24C189.44 244.053333 344.746667 118.613333 529.066667 118.613333c221.013333 0 400.213333 180.053333 400.213333 400.213334s-179.2 401.066667-400.213333 401.066666c-83.626667 0-162.133333-26.453333-226.133334-70.826666-36.693333 11.093333-46.08 38.4-47.786666 59.733333C332.8 964.266667 426.666667 996.693333 529.066667 996.693333c262.826667 0 477.013333-214.186667 477.013333-477.013333s-213.333333-477.866667-477.013333-477.866667z\" fill=\"#333333\">\u003C/path>\u003C/symbol>\u003Csymbol id=\"icontosboard\" viewBox=\"0 0 1024 1024\">\u003Cpath d=\"M772.565333 859.434667a28.970667 28.970667 0 1 1 0 57.898666H251.434667a28.970667 28.970667 0 1 1 0-57.898666h521.130666zM830.464 106.666667c48 0 86.869333 38.869333 86.869333 86.869333V714.666667a86.869333 86.869333 0 0 1-86.869333 86.869333H193.536A86.869333 86.869333 0 0 1 106.666667 714.666667V193.536C106.666667 145.493333 145.536 106.666667 193.536 106.666667h636.928zM781.226667 378.794667a28.970667 28.970667 0 0 0-39.765334-6.314667l-0.426666 0.298667-135.68 98.688a14.464 14.464 0 0 1-15.786667 0.810666l-0.298667-0.170666-146.346666-90.026667a57.898667 57.898667 0 0 0-65.28 3.157333l-0.597334 0.426667-114.432 89.002667-0.384 0.298666a28.970667 28.970667 0 0 0-4.992 39.978667l0.298667 0.341333 0.298667 0.426667c9.813333 12.117333 27.477333 14.336 39.936 4.949333l0.384-0.298666 106.496-82.816a14.506667 14.506667 0 0 1 16.213333-1.109334l0.298667 0.213334 146.005333 89.856a57.898667 57.898667 0 0 0 63.829333-2.090667l0.597334-0.426667 143.530666-104.362666 0.384-0.298667a28.970667 28.970667 0 0 0 6.272-39.765333l-0.256-0.426667-0.298666-0.341333z\" fill=\"#1D2129\">\u003C/path>\u003C/symbol>\u003Csymbol id=\"iconUnmoun\" viewBox=\"0 0 1024 1024\">\u003Cpath d=\"M512 938.666667v-85.333334H170.666667v-213.333333h341.333333v-85.333333H170.666667V341.333333h682.666666v170.666667h85.333334V298.666667a42.666667 42.666667 0 0 0-42.666667-42.666667h-341.333333V170.666667h362.666666a21.333333 21.333333 0 0 0 21.333334-21.333334v-42.666666a21.333333 21.333333 0 0 0-21.333334-21.333334h-810.666666a21.333333 21.333333 0 0 0-21.333334 21.333334v42.666666a21.333333 21.333333 0 0 0 21.333334 21.333334H469.333333v85.333333H128a42.666667 42.666667 0 0 0-42.666667 42.666667v597.333333a42.666667 42.666667 0 0 0 42.666667 42.666667h384zM405.333333 405.333333h-128v85.333334h128v-85.333334z m0 298.666667h-128v85.333333h128v-85.333333z\" fill=\"#1D2129\">\u003C/path>\u003Cpath d=\"M870.826667 607.786667l-101.333334 101.333333-101.376-101.290667c-6.698667-6.741333-9.813333-8.490667-13.653333-9.6a19.328 19.328 0 0 0-11.349333 0c-3.84 1.109333-6.954667 2.858667-13.653334 9.6l-21.674666 21.632c-6.741333 6.741333-8.448 9.856-9.6 13.653334a19.328 19.328 0 0 0 0 11.392c1.152 3.797333 2.858667 6.912 9.6 13.653333l101.333333 101.333333-101.333333 101.333334c-6.741333 6.741333-8.448 9.856-9.6 13.653333a19.328 19.328 0 0 0 0 11.392c1.152 3.754667 2.858667 6.912 9.6 13.653333l21.674666 21.632c6.698667 6.741333 9.813333 8.490667 13.653334 9.6 3.669333 1.152 7.68 1.152 11.349333 0 3.84-1.109333 6.954667-2.858667 13.653333-9.6l101.333334-101.333333 101.333333 101.333333c6.741333 6.741333 9.898667 8.490667 13.653333 9.6 3.712 1.152 7.68 1.152 11.392 0 3.797333-1.109333 6.912-2.858667 13.653334-9.6l21.674666-21.632c6.698667-6.741333 8.448-9.898667 9.6-13.653333a19.413333 19.413333 0 0 0 0-11.392c-1.152-3.797333-2.901333-6.912-9.6-13.653333l-101.333333-101.333334 101.333333-101.333333c6.698667-6.741333 8.448-9.856 9.6-13.653333a19.413333 19.413333 0 0 0 0-11.392c-1.152-3.797333-2.901333-6.912-9.6-13.653334l-21.674666-21.674666c-6.741333-6.698667-9.856-8.448-13.653334-9.6a19.328 19.328 0 0 0-11.392 0c-3.754667 1.152-6.912 2.901333-13.653333 9.6z\" fill=\"#1D2129\">\u003C/path>\u003C/symbol>\u003Csymbol id=\"iconUpload\" viewBox=\"0 0 1024 1024\">\u003Cpath d=\"M192 768a21.333333 21.333333 0 0 1 21.333333 21.333333V853.333333h597.333334v-64a21.333333 21.333333 0 0 1 21.333333-21.333333h42.666667a21.333333 21.333333 0 0 1 21.333333 21.333333V896a42.666667 42.666667 0 0 1-42.666667 42.666667H170.666667a42.666667 42.666667 0 0 1-42.666667-42.666667v-106.666667a21.333333 21.333333 0 0 1 21.333333-21.333333h42.666667zM490.666667 748.202667h42.666666a21.333333 21.333333 0 0 0 21.162667-18.858667l0.170667-2.474667V256l128.426666 128.426667a21.333333 21.333333 0 0 0 28.16 1.792l2.005334-1.792 30.165333-30.165334a21.333333 21.333333 0 0 0 1.834667-28.16l-1.834667-2.005333-211.2-211.2a21.333333 21.333333 0 0 0-28.16-1.749333l-1.962667 1.792-211.2 211.2a21.333333 21.333333 0 0 0-1.749333 28.16l1.749333 1.962666 30.165334 30.208a21.333333 21.333333 0 0 0 28.16 1.749334l2.005333-1.792L469.333333 266.368v460.501333a21.333333 21.333333 0 0 0 18.816 21.162667l2.517334 0.170667z\" fill=\"#1D2129\">\u003C/path>\u003C/symbol>\u003Csymbol id=\"iconusb_disk\" viewBox=\"0 0 1024 1024\">\u003Cpath d=\"M702.506667 85.333333l-391.338667 2.986667c-36.053333 6.741333-36.053333 31.488-36.053333 31.488l1.493333 183.722667c3.669333 13.525333 21.333333 15.786667 20.608 16.512l431.786667-2.261334c19.157333 0 20.608-15.744 20.608-15.744V115.328C746.666667 90.581333 702.506667 85.333333 702.506667 85.333333zM461.226667 219.562667s0 6.741333-11.776 7.509333H366.336c-1.450667-0.768-9.557333 0.725333-14.72-7.509333l-1.450667-31.488s-1.493333-7.509333 14.72-9.002667h79.445334s14.72-0.768 16.896 10.496v29.994667z m212.608-1.493334s0 6.741333-11.776 7.466667H578.986667c-2.218667-0.725333-11.050667 0-15.445334-7.466667v-31.488s-1.493333-7.509333 14.72-9.002666h79.445334s14.72-0.768 16.896 10.496v29.994666h-0.725334z m199.338666 458.154667V344.021333H150.826667L149.333333 810.666667c0 21.333333 21.333333 45.525333 21.333334 45.525333 69.12 83.2 172.117333 81.706667 172.117333 81.706667L669.44 938.666667c66.944-4.48 100.778667-20.224 100.778667-20.224C861.44 873.386667 874.666667 853.333333 874.666667 810.666667v-133.717334c0-0.725333 0-0.725333-1.493334-0.725333z m-127.232-29.269333l-65.493333 40.533333c-0.725333 0.725333-2.176 0.725333-2.944 1.493333-1.450667 0-2.176-0.768-2.944-0.768-2.176-1.493333-2.944-2.986667-2.944-5.973333v-27.008h-176.554667c6.656 10.496 12.544 23.253333 16.938667 34.474667 9.557333 22.485333 19.882667 45.738667 34.56 45.738666h19.882667v-20.224c0-3.754667 2.944-6.741333 6.613333-6.741333h65.493333c3.669333 0 6.613333 2.986667 6.613334 6.741333v66.730667a6.656 6.656 0 0 1-6.613334 6.741333h-66.218666c-1.493333 0-2.986667-0.725333-4.437334-2.261333-1.450667-1.493333-2.176-2.986667-2.176-4.48v-20.266667h-19.882666c-31.616 0-45.610667-32.981333-58.112-62.208-9.557333-22.528-19.84-45.738667-33.834667-45.738666H378.837333c-5.888 23.210667-26.453333 40.490667-50.773333 40.490666a54.4 54.4 0 0 1-52.906667-54.741333 52.48 52.48 0 0 1 52.181334-53.248c24.32 0 44.885333 17.237333 50.773333 40.490667h21.333333c13.994667 0 24.277333-23.253333 33.834667-45.738667 12.501333-29.269333 27.221333-62.250667 58.112-62.250667h22.101333a40.618667 40.618667 0 0 1 37.504-27.008c21.333333 0.768 38.997333 18.773333 38.997334 40.533334s-16.938667 39.722667-38.997334 40.490666a40.618667 40.618667 0 0 1-37.546666-27.008h-22.058667c-14.72 0-24.277333 23.253333-34.56 45.738667-5.12 11.989333-11.050667 23.978667-16.938667 34.474667h229.546667v-26.965334c0-2.261333 1.450667-4.522667 2.944-5.973333a5.418667 5.418667 0 0 1 6.613333 0l66.176 40.448c2.218667 1.493333 2.986667 2.986667 2.986667 5.973333 0 3.029333 0 6.784-2.218667 7.509334z\" fill=\"#1D2129\">\u003C/path>\u003C/symbol>\u003Csymbol id=\"iconUSB_eject\" viewBox=\"0 0 1024 1024\">\u003Cpath d=\"M512 34.986667L34.986667 631.466667h954.026666L512 34.986667zM34.986667 750.933333v238.933334h954.026666V750.933333H34.986667z\" fill=\"#333333\">\u003C/path>\u003C/symbol>\u003Csymbol id=\"iconuser\" viewBox=\"0 0 1024 1024\">\u003Cpath d=\"M747.52 576.853333c114.346667 0 207.36 93.013333 207.36 207.36v151.893334c0 30.72-24.746667 55.466667-55.466667 55.466666H124.586667c-30.72 0-55.466667-24.746667-55.466667-55.466666V784.213333c0-114.346667 93.013333-207.36 207.36-207.36h471.04zM512 23.04c137.386667 0 249.173333 111.786667 249.173333 249.173333S649.386667 521.386667 512 521.386667 262.826667 409.6 262.826667 272.213333 374.613333 23.04 512 23.04z\" fill=\"#333333\">\u003C/path>\u003C/symbol>\u003Csymbol id=\"iconusergroup\" viewBox=\"0 0 1024 1024\">\u003Cpath d=\"M302.933333 476.16c41.813333 0 80.213333-16.213333 108.373334-43.52-29.866667-29.013333-48.64-69.12-48.64-113.493333s18.773333-85.333333 48.64-113.493334C383.146667 179.2 344.746667 162.133333 302.933333 162.133333c-86.186667 0-157.013333 70.826667-157.013333 157.013334 0 87.04 70.826667 157.013333 157.013333 157.013333zM239.786667 738.133333V641.706667c0-71.68 58.88-130.56 130.56-130.56H154.453333c-71.68 0-130.56 58.88-130.56 130.56v95.573333c0 19.626667 15.36 34.986667 34.986667 34.986667h215.893333c-18.773333 0.853333-34.986667-15.36-34.986666-34.133334z\" fill=\"#333333\">\u003C/path>\u003Cpath d=\"M834.56 548.693333c91.306667 0 164.693333 74.24 164.693333 164.693334v121.173333c0 24.746667-19.626667 44.373333-44.373333 44.373333H338.773333c-24.746667 0-44.373333-19.626667-44.373333-44.373333V714.24c0-91.306667 74.24-164.693333 164.693333-164.693333 0.853333-0.853333 375.466667-0.853333 375.466667-0.853334zM647.68 107.52c109.226667 0 197.973333 88.746667 197.973333 197.973333S756.906667 504.32 647.68 504.32 448.853333 415.573333 448.853333 306.346667 537.6 107.52 647.68 107.52z\" fill=\"#333333\">\u003C/path>\u003C/symbol>\u003Csymbol id=\"iconwarning\" viewBox=\"0 0 1024 1024\">\u003Cpath d=\"M514.56 1006.933333c-273.066667 0-494.933333-221.866667-494.933333-494.933333s221.866667-494.933333 494.933333-494.933333 494.933333 221.866667 494.933333 494.933333c-0.853333 273.066667-222.72 494.933333-494.933333 494.933333z m0-913.066666c-230.4 0-418.133333 187.733333-418.133333 418.133333s187.733333 418.133333 418.133333 418.133333 418.133333-187.733333 418.133333-418.133333-187.733333-418.133333-418.133333-418.133333z\" fill=\"#F8AA01\">\u003C/path>\u003Cpath d=\"M514.56 636.586667c-21.333333 0-38.4-17.066667-38.4-38.4V304.64c0-21.333333 17.066667-38.4 38.4-38.4s38.4 17.066667 38.4 38.4v293.546667c0 21.333333-17.92 38.4-38.4 38.4z\" fill=\"#F8AA01\">\u003C/path>\u003Cpath d=\"M514.56 705.706667m-38.4 0a38.4 38.4 0 1 0 76.8 0 38.4 38.4 0 1 0-76.8 0Z\" fill=\"#F8AA01\">\u003C/path>\u003C/symbol>\u003Csymbol id=\"iconAdvanced\" viewBox=\"0 0 1024 1024\">\u003Cpath d=\"M168.96 571.733333l160.426667-156.16M401.066667 407.04l139.093333 178.346667M590.506667 577.706667l278.186666-218.453334\" fill=\"#FFFFFF\">\u003C/path>\u003Cpath d=\"M368.64 354.986667m-86.186667 0a86.186667 86.186667 0 1 0 172.373334 0 86.186667 86.186667 0 1 0-172.373334 0Z\" fill=\"#333333\">\u003C/path>\u003Cpath d=\"M558.933333 546.133333L443.733333 399.36c-12.8 23.04-35.84 40.106667-63.146666 43.52L494.933333 589.653333c12.8-23.04 36.693333-39.253333 64-43.52z\" fill=\"#333333\">\u003C/path>\u003Cpath d=\"M569.173333 634.026667m-86.186666 0a86.186667 86.186667 0 1 0 172.373333 0 86.186667 86.186667 0 1 0-172.373333 0Z\" fill=\"#333333\">\u003C/path>\u003Cpath d=\"M810.666667 355.84L569.173333 545.28h0.853334c30.72 0 57.173333 16.213333 72.533333 40.106667l221.866667-174.933334c-24.746667-8.533333-45.226667-29.013333-53.76-54.613333z\" fill=\"#333333\">\u003C/path>\u003Cpath d=\"M893.44 327.68m-86.186667 0a86.186667 86.186667 0 1 0 172.373334 0 86.186667 86.186667 0 1 0-172.373334 0Z\" fill=\"#333333\">\u003C/path>\u003Cpath d=\"M203.946667 591.36l152.746666-148.48c-27.306667-4.266667-51.2-21.333333-64-45.226667L149.333333 537.6c25.6 8.533333 45.226667 29.013333 54.613334 53.76z\" fill=\"#333333\">\u003C/path>\u003Cpath d=\"M121.173333 622.08m-86.186666 0a86.186667 86.186667 0 1 0 172.373333 0 86.186667 86.186667 0 1 0-172.373333 0Z\" fill=\"#333333\">\u003C/path>\u003C/symbol>\u003Csymbol id=\"iconAllow\" viewBox=\"0 0 1024 1024\">\u003Cpath d=\"M896.426667 271.146667l-29.44-30.293334a21.333333 21.333333 0 0 0-30.08 0L384.213333 693.333333l-211.2-210.986666a21.333333 21.333333 0 0 0-30.08 0l-30.08 30.08a21.333333 21.333333 0 0 0 0 30.08l226.133334 226.346666 30.293333 30.08a21.333333 21.333333 0 0 0 30.08 0l30.08-30.08 467.626667-467.626666a21.333333 21.333333 0 0 0-0.64-30.08z\" fill=\"#1D2129\">\u003C/path>\u003C/symbol>\u003C/svg>\u003Cnoscript>\u003Cstrong>We're sorry but tos7 doesn't work properly without JavaScript enabled. Please enable it to continue.\u003C/strong>\u003C/noscript>\u003Cdiv id=\"app\">\u003C!---->\u003C!---->\u003Cdiv data-v-5bce1a4c=\"\" class=\"page_main\" style=\"background-image: url(&quot;data:image/jpeg;base64,/9j/4AAQSkZJRgABAQAAAQABAAD/4gHYSUNDX1BST0ZJTEUAAQEAAAHIAAAAAAQwAABtbnRyUkdCIFhZWiAH4AABAAEAAAAAAABhY3NwAAAAAAAAAAAAAAAAAAAAAAAAAAAAAAAAAAAAAQAA9tYAAQAAAADTLQAAAAAAAAAAAAAAAAAAAAAAAAAAAAAAAAAAAAAAAAAAAAAAAAAAAAAAAAAAAAAAAAAAAAlkZXNjAAAA8AAAACRyWFlaAAABFAAAABRnWFlaAAABKAAAABRiWFlaAAABPAAAABR3dHB0AAABUAAAABRyVFJDAAABZAAAAChnVFJDAAABZAAAAChiVFJDAAABZAAAAChjcHJ0AAABjAAAADxtbHVjAAAAAAAAAAEAAAAMZW5VUwAAAAgAAAAcAHMAUgBHAEJYWVogAAAAAAAAb6IAADj1AAADkFhZWiAAAAAAAABimQAAt4UAABjaWFlaIAAAAAAAACSgAAAPhAAAts9YWVogAAAAAAAA9tYAAQAAAADTLXBhcmEAAAAAAAQAAAACZmYAAPKnAAANWQAAE9AAAApbAAAAAAAAAABtbHVjAAAAAAAAAAEAAAAMZW5VUwAAACAAAAAcAEcAbwBvAGcAbABlACAASQBuAGMALgAgADIAMAAxADb/2wBDAAMCAgICAgMCAgIDAwMDBAYEBAQEBAgGBgUGCQgKCgkICQkKDA8MCgsOCwkJDRENDg8QEBEQCgwSExIQEw8QEBD/2wBDAQMDAwQDBAgEBAgQCwkLEBAQEBAQEBAQEBAQEBAQEBAQEBAQEBAQEBAQEBAQEBAQEBAQEBAQEBAQEBAQEBAQEBD/wAARCAhwDwADASIAAhEBAxEB/8QAHQAAAQUBAQEBAAAAAAAAAAAAAwACBAUGAQcICf/EAFsQAAEDAwMCBAQEAwUFBQMAGwEAAgMEBRESITEGQRMiUWEHFDJxQoGRoRUjUggzYrHBFiRDctE0U4KS4RclRFTw8TVjc6ImRYOTsgkYJzZVZHTC0kZWhKPiw//EAB0BAAIDAQEBAQEAAAAAAAAAAAIDAAEEBQYHCAn/xABCEQACAgEEAgEEAQMCBAQEAgsAAQIDEQQSITEFQRMGIjJRFEJhcSMzFVKBkQehsdEWJEPBNDVTYuHwF3KCkiVjsv/aAAwDAQACEQMRAD8A+g+p7KzqCyVVpkxpqIy3dUXwzuz62wutda0iutL/AJaoB9RnB/ZbJYCuDukuv218Y0UN/aGT+gmbnf8APP7L4kff61g2s++MKM8eUgjlTS0HkcbKNIOMKJ4KzhnlHxgtlVa47Z19aGE1tiqGzPI3Phj6iF7TYbrRdQ2eivdvkDoK6BlRHvw1w2/1Wcu1ugudBNRVDA+OZhY5p7ghZD4DXSqs013+GNcSZLPJ41EXH6oHk7D7Y/dE3uKtW6OT2LhJcHuuoTHMYkkkongqMcnivUEb/hV8Z6Lq1rf/AHP1f/ulSOGtqt8OcfzOOF7DJLLKcud+SzvxR6Li696Qqun9bYqh2JaaYjPhSt3aQqj4N9WT9VdHw/xNhjuVrAoK5h5EseQSfvhaK5Z4KnHPRteyqeoXzUk1P1Axoe6mxFLt/wAHv/orzR6FMlp4qqJ1PO3Ux/I9Vqrs2GO2O6LifAP9vD4TNsnVlN8U7PCRa+oGBtVK0eX5sNABx21xr5cpnNZsG4BX6ofEP4e0vxM+HXUXwsuzG+I+LNukduWOOTDMc7bOb5vyX5bXO119hu1XZLnA6GqoZnwTMcMFr2kgj9ivsP0b5NXUfBZ2uv8AH/7D479ZeMdN61EOpd/5J1FJvxyp2ryHZVdM8YGVYwyBwC+hQeVg+e28MDNGS8bKVTyDYLkrNQyAo0TyH4O35qZ2MW/uRcRkEDBUhqhwcKQzhPjLIiSDNTk1qcOUwzM6B3TxwkB3XVCCSSSUIJJJJQglw8LqShDjOUZAAOUdh2BKhM4EknrrVClPINJJJQMSc1NSVEOkKJUt/kuA7qZnOyAWEpFsMkjLaWHRN9lt9T4EsvBC9ZeyG60P8xudQ59F4RUxOgeKmElrhzheqfD2/iuomwyEOIwDk91wtXBxlk+kfTOuhqILTyZBrKYU8xj07AoLmNlhdTvb/Lfs4ZWw6jsztXzUDQ5pGThZiSI4OAlVTTWT0up0qUnFnmnU1mbaq3+QwiB4y1U2B7/qvVLhbYLlTPgnYCCDg43BXmtxoZrdOYpRkZ2PqupXYmjwHlNDLT2fJ/SyKeQiIH4kRaIvBxZj0mnwpGyAcJLhHiYHqjT9izXWq4/xGkdSl/maMjKpLtRvp6nxDw79lW01XNQVRdFwMZ91rwKe8UPiROGvG4PIKfGXBmcNknIzBbkAHbCl2ivktlW2pj3A5HqotZTy0kvhyAj0KGx2RwijPLJOKtjg+gOm75Bd7bHJHgOA3Gcq3J9l4b0d1A6110TS4hud917hBNFV07KiJwLXtBGFqrllnnddS6pcjTukkeUlsTOWxJYKQ5RNiBsrKBqr6htH8WoHQtxqAJblXGn3T2NG2d0MlkZCW1mf6MvDhH/AathZNBs0nh32Wt0kbFYnqC31FBWNvFGMhpy4DnC1FluAuNvjqSRqcN0CfpjLVve5ExPTE9EJY9MSRNPuoBtOJJJKAzEm/hTkxU1ktPPBQ9Y9Of7Q2zwYiBUQnXETx7heFTySFwyeey+lCc8cryL4ndO/KV38Vp4yI5vrwNg5Z5wO147UKH2M80uERieKiIcncKBcYjUOEx3BG3srqVgeMHhV0jDG50TvpJ2WSxYPTUTxJNFbbqn5Gp1uyGk4+y1Uc73gFrsgjIWVq4AXeT0VlYbhg/JzbuaPKkx4fI7UQlYt8S9B2DiV14JGUwcqQCCMhMObKOGQZgchCUuZu52UQ8qmNTGu34XoPw36gkp5vkHvwcZB9VgFLt1W+hrIqljsFjgfyRwljgzaur5YYR9FxVBfjbnus98SrZ4ttZ1Fb4tNZQaTkdwEewXRlwoIqhpydIyrv+VWU8lLO0FkjC0g+6alk8w4fx7U2YXq2eWqsNm+K/S80kV1s7o3yPY7fy8r606H6pt3WHStv6gtbswVcQcW5yWP/Ew/Yr5Q6O12Dqe49DV8QlpKvUYA52kYd9J/Nuf1Wx+AHU46B67uPwzvNQWUd1ldU29zuPFPb03G35InHHIzX0K6tRT+6Kyv/wCV/wDsfTmQjR/UooOSN0VvZNXWDyuc8k1vlCegMOcBEacDhKksBBhyiAjCEu5KAgTIXUIE5RBwoQekkkoQSSSShBJJJKEEkkkoQSSSShBJPbHJE6ORmdSScBhEkQp5KY21+IW/y3HbHZSIqjxGgtcpsrQ4YPBVVNBNTSfywS0nIwmEO3GijulK6kqD/LdyspIK7peYUrg59C84jkHA9itbFMXcjldqmR1VM6lnja+OQYII4+ygUXgqKeqjqYhIxwdlHWdqIKvpmqy3MlA87dyxXdNVRVMQlhcHA+hUDJcTtKHXUDK6PIfonH0vTXdt0aI52UIV1rry2U264t0TtOzjw8eyuBGwcBRLjaWV8Yc06JmbteOQo9DXyRv/AIfXbTt2YTw8fdQharo5XBnuPZdbsVCBmnITKinjqYjHIOURkgA4SM5z9IUIZ2eGSyuGRqp3nALfw/dT6SZksfiRuBB7hWT9EzCyWNrgRggjKz1bS1Nlm+apQX0zj5ox+D3UXBCzc3KaYyRhMgq4qmISxHIPvwjpisIY/q/oMdRPp7jQVxobnRgCCYDI0j8Dh6LPdP8AU7mVL7F1E00dxgOHNP0yH+pvsV6iqDq3o+g6ro2xyv8AAqocmCoa3Loye/7K/kyHGWDDfE34Z2f4iWh0EkbWXGFodSzO3DXj1HvsvnezV916TusvSXVzRHURO0xyh3lPO/2K+j7NfLjZ7k3pbq6MwXN2XQyk+WrZ/W0+pz9P3Vb8UPhhbevLe6opmtgu1O0mnnA7+hSrK42Lk9L4Dz9virkm/sPOKaQMkZMMOA3yO69Hsl7hvNNloxLGAHg/5rwa33W62Cvf0/fonRTwO0+ccj1C3NruElHIyupJcY3djgj0K4HktDGyOGfpT6P+p4Uz+aqWa5LGD0meM6gUxoxsu0NfHX0jKhjQQ9ufsUi3crzllbre1n2Cq2GprVlfTIHUFlpL7ROoK1mqNw3Xyv8AEXpGu6Wu8lOYcUrjmN7eD7L66DsbaQVl+uejKLqy1SQPja2doLmO9/RSuW1nF834n/iNWY/kuj48dwVBqI984Wo6j6eqLLcZaSRhboJ5Co5YtW2NwtsZJnybXaazTzddi5RDpXmE4IVrDMJGdlWSx4GwXaOoLMMcnxkc6E9ssFm8E5I4Ud/BUsgBuDvlAcDuOFJLJonyQ3cpqO9obuO6H4h7hZ3HkUHo5BG8Eq9imE0bQ0jICzb8gggqdbqkxTAOOQqNdNmOGW2CDwhuBwphDdO3CCWDfCVYdKC3LJCIOeFxSXxeyHoKWHgakklgqiDDuMILoc5UjR7JuRnCCayU1khAGGZrw3haG23YSBsEx443VLK0HtkocbzDKJAM47JaLpnKmWUbMODuCEJ0e/ooVDWCdgOSCVPBy3dE1g6cLN8ckWUZwhs2IUmQZJQcHsEJohLBMpJWhzQVo6OQFrQFkWAtcCMj81dW+sA0hx9VDZVbg1ERBaN0sHVlRqWUOwcqZgOCpnRhLJKpJA3Y91LBDgqhsmhwIKmwVIwMrO1ybK55JR8u6a86giAhwQiC1C+TWmKikENUMjZXVwpn1lPmM9srPyZBBB3Whs1W2WIMcfMBhIY6qWHgzYhkgcWPachdkYXDZXt0t8gcahoBb6DkKpkjOQCVQ2SKudrozghNac7qbNGJAcjgKA9piJyNkqxZFr7WWdluEtrq21Ee++4Xqdvr4btTh8bgJMDy55XjjJAQFe2K8uoZWs1EfnysNteTpaS+K4Z6aHyU7w9hII5wVrrDdIql7H7am4BCxlHVwXKnE0LsnG47go1NLPRTCaE4Pf3XLvr5OxVYnyj1mOpD9sIzXZWZ6fuzLhHp1edo3C0Eb8gbLFODRqf3ckgjCFLG1/1NB+4RNWrskskkEkCo6mSJ3y8wG30nGysw7UPrUAw6sE9k2KR7JC05wEmUQ2sos09nCDDIHAIw5QNZFvg4Rg55RYzrwEnnDRtnKEwlhWeccC3mTJJOUlwEEZC6gBOs+oKQCMcqMntJKgMlkKOcpLg4XUqTyIaCpJJICh6SSShAU4JwhxjCO4ZwmhuESRB4GF1JJGQSSSSsgk1yckoQzF0ZU26tZVA/y3nBwp7ntnhbI05BGVY1dNFUwuhlaCHD9FnqKWS31BopwdPLStFch0ZZ7DPG5CgVlLHURFj25yrWqhJAkjGxGVDlDmEbZW+qXIbW5YPB/iH0pNT1b6uJuAc5GFgqLVTVGtwwQV9LdRWeK70kzX4BI22Xz/f7PNbLlJA4fZdnTWJoyWw5ybnofqaQyti8XHC9IiqdZBxlfOVHXTUNQ2WJ5aQV7L0Vfv4pSNjmeDIG7FbH0P081nBs4ptjsil2wOOVCzghSGS5bjHKzyi2zopof+F32TKfkpHuhj6ksdAnEjHKj/iKc0nSN11BMbjIkkklSmWJAqM4AwjpkjNWN0yEsC7I5RR3CN2xA5VJVMIG4Wulpw8YLVnrpTOjkLQNjuulprUjl6qlyi2jBdf9PnqCxSwwhoqYmkwl3r3H7BeD290tDM+OVpL4yWuHGCvp2ZjTsRkFeH/ErpaSw3cXeIf7tWuIdjhrud17Pw2sUJJM+WfVfjuFfWufYShkFVROjH1v4C7SyOoqphIVPaK10TRvwdlcTYmAezBJGV7GT+VcHg4WyrfB6v05dfnaZkb35wMhXpdqjxheVdHXY09SIZHYwcbr1GlmY5gdnIcFy9RU0fR/B65amrGeiwstXHTv+Xl218FaaBgznsFjJ2iNzaho+krU2iuir6V3h8kD8lxNTHk9ppLUoqJNkibFUtniaBnlDulOJ6clvJ91IZuGxuHqlgEOB3AXOZuxlEHp+Vvyjqbh8LiCFajlZ6icae9ujjOGyAghaEcqjZRP7doduwB9U9MacjC6Djss8lgflDkkkkBYFJJJWimI8IBByirhAxlaUxLzkBMMgKPwVKcFFkG+AowRzZiNsIoORlQxsniTthQgRcJGEsjCCSc8qkskHnlcSXDwiBGnhBfwUQ8rh4UDIx2OVDqP+2aPVmpT38lVtwzG+Kb/ABaSfZVHsVYSBwuoRIPC4tCEiTZEkOXO2FZDqBcc/LOx6FGamVLcs4znbCtdi7CrHmgh9mJukSN0k4SaCB4f9KbyfTC0RZgsWSpdL4NTKzHCyvVVFLORUxDOnOQthco2sk8Qd27qir8yN0j0WmuWTj62v5I4Ky05NG3O2FQXeoEdWeNt1o6GMxRmPHqslfKdxmkkPZaVLKOBqk1A09FUsrKFmj0Q7W8x3FzMLL9J3UxVbqOU4a7jdayMNgrmy6djjKqL5AptjbHKLBxLZpCByqXqLMlvkAG+Cr5oa57nE7FVd2hDoZGDhPjLbIHUR3Vtf2PCZWlldOCFEuv/AGU/dWt1jEVxl2xkkfuqq5kGmLR3Xdpe6tM/N/mKnXrrIv8AZFpu32Ut7tLOEKljw0bdkSoIa3CYznJZZVSDM5cO6tKXt+ar4vNPghWlO0gBDDsO3hYJI4SPC7pJ7Lj2nGDstnox+yJI/DtI3yraH/s7cqjpiZKzfcA4V9NiKEu9AlRDZn6z/tTkOSTw2ZxlIkyTl/qm1xDISSUiyWDTUtzRnrpgyuccAlU793EKdXy+I7IKhNGSuVqJb3wdyj7I5C0EZEzX4V0G68b4yodFEANwrFrDkYW3R1uEEItknLJYWuE5yBlaGhhdJK2PHKrrZC1kIIHO60log3E+MBv7rq1txJFeyZdKmGzWt2loBwfzK82nqH1Di9xO5yrzqq7Oq5BCH5aDlZ4bqrZ7gJST4GpJJJAIxOaDlcaCTsEdjeDhWHBew0LdjujRRkHJCUTPZSYowE2sc5ZHsB2GFY09MZQOyHTwAkDGVa0zWwtGQtEI5YF00onf7mmAP4VGbJq7J1RMZHkcAIbfMujVHg4t9m6WAy6SMJhc3B3Qy85TzNJZCHlcSXCQOSqbwUdSyWkEhAqqtlKzU4jJ4Co7le5pwaeI5xyQlSujAbCqU3wWN0vgiaaaA5J5IVQx885DpDkDuh09I4NEkhyTum19a6CnLIBjPKw3WuctzNkINcBKyu8KM08Ry53ooEERb5iN0Okie94nk49+6l5ABWNzyO/E74ukEYUSeYDbCfLM0ZCrJ59biN1kutH1rJ2aYA7bqO0EnK59RUuCI6gcLBJ72Pb2rIWmjPoprG4TYow0Irm+6OETNOeWPDcd0M7JEgIMrxpKZPCIlkZUTD6VAe7DifVPmy52zimEZWecsjoRwNa4nsuxx+ZPZESVMhpjscK4wbJKeOhtPCRgkKwZGcA6UoYgMeVShFkcLQqzLZahgbkc8J3hkkDKII8Hj90XQA0FaIxEfIR/BxvlOc8xDynfsn6tRwFOobWXkVE5/wCUJ2wOv7yNS0NVXta6ow1vor6mpGU0YDcfdNjAbxwF2WYMAVOOTXBbTpPJwoNbcIqdmokamnjK5VXAlhip/rd2RLbYvGk+crCdR4CBy2mmEJXSSiRoqW431/iyNDad3r3Wjttvgt8QjY3fvupMMbYmaI2AD0AR4oyTnskTnk9DpdJt5b5Hx6S3BaiFsfcfukA1g9FbWGxzXScTnLYYzgk7Z+yzTluO1p6JSkopErpqzirk+ZezyMOxW0xthMgghp4mxQsDQOcDkoh2GUKaR7PRaeNENqBhvO6C45PCe9/ouBoG5VHShHByKNhI1DKI5oDduE0Ox2Q6icBuFAbLFFAKl4Ycbbqtkk1PzjhPnmEj9ydlCnlDRj1TIRycnU344CzzhuMdlCb4s0znvOc8ey61rpXgkqZG0AcJ+McHJsuywkAxhSwRjlRyA0YQ5H+hKmzLyJ+Umam42IUaWVrtycAKO2c4Iz2WP6p6vioY3QQuOe5B7rXTTu7OV5DylOjjusf/AEL+89TW+zRNklcHF2Q0A4zj3/NeWV12vXV9zbb6KRzy4nGNke1Wu+9bXR3gxkx7a39omnjb33/Re6dL9F2bo2hdIWF9U7GZPxv9iVuhXGHR8x8v52Vq3WvldR/RnuhvhjbelqX+M38Dx2gPBJ49VrWz3Tq+MQ2UintYJaZXcv8A+U/qp1LYrhf6uOqumYaBg8lKTu4/4lrmU5aRpG33R5PEXaqV83ZL8iss1gpLXSNp2sy4cu9VbRRZ8oCII8gbJzWae6mTDy+xhbp7J8jdWF1z2t2JUeevhicY2YfIPwZ5UyTA8gAE6xgKgu/UhpZBT2dnzVZ20Hyt+5Ux1tuV3nc2sPy1GB9Eez3H7qztlhoLY0iKLLjy48qpSwVGKjyzJUnSFXepRcuqHCUv4p85YPyWqmFHaqQOJDQPU8p92uNNbafxZeeGNHJKyT4rje3GWvOmAfS3KU3kbucuyHc77cr/ADeDapNFM76Xc4/yQ4qGC2QiJn5lWckMVHGBGAMeiiyxax4swJceB6IJz28HovCeFu181NpqH+OyulfU1bDHTkMYfxHuu09tpKZpnczM39aLLURQMOkgHsAgQyVM/wDe/wB3nj1Wadm4+0eH8VHT1pRWEg5qmjLWHJTMyP8AqThG04OOE50scTcvwAO5WeTyevqcYRwgekgoFdc46KLVI/HoM4VZcb98wTS2huuYHAKNbekK+eUVN5k1k7hpPCFFTuj0iI6Suuzv90ixGfxE8q4t3TEcLQ+pxI/lX1Pb4aZoZDE1oHoEcxgtxwib3GaU9zIUMMVM3Dhp9F15nP8Ac8eqkina86nNJwmT1VLSRF0z9PoPVNrg5dC7tXXp47rHgA2nbI7NV5gimqttIAIzhUVw6mp/D0QAlx9FQTV9bK7LTj2WqFG48f5L6z0umyqnlmpr+oGtJEeWgd1QVV6a4ku1nPuoDaeqmOuQnf3RWW10mAd06FW08J5H6t1WqzhgJbg6Y+R8g+5Ud7Hz4a6Rx+5yrqGyRAZMeSptNYGkhxiwAtMVg8xd5K6382ZuO3u2Icp1Pa5ch2sfotLDbKaMYMYyFIFNGN2MGUZjlqM9lCy1ybfzB+imMpDCBqcDsrMUU8pAbFgKbFYaibGrYKtwt3JFGyIk8IzNeNIYThamk6XAIc5oKs4rTBDjETc+4QOwS7jFxUFwnH8un/VWFN0q97Q6qlDSewWvFLpxhoGfRPFHnOOQg3indL0Z2DpuiiALg535qyho4YQGshAA9lLlloqNjn1U4Yew9VXm+wkaaOmkneeA1uymULct/LJ2RgDAGE172MGXOH6qJFT9WXOTw4bbHTsxu6QYUim6Jr55SbpWaW/4DyqcsEykAlu1NHsDk/dRX3Osm2pYyffhaeDpK104AcDJ7lWMVvo4mBjYGYbx5UveD8hg/lL9VOGI8ZUql6TuVQ//AHmTSDzlbgsZGAGgDHoEzxSB9lAPlkvxM1D0RA1wMzgR7FWVN0zaYN9BJ+6sH1IbthAkqGt4KspTlL8gkdFQQ4DIzt7o2qCLYYCrJKvB2QZK8D6ihkskayW7qprc7hRZKxoP3VRNdYm4GVCnu0RAAJJVBqCLmoqWOwVClrmgjKp5a1792lx+yjvFVIfJqP5qBRxEu5LmwDZu6h1F3k4yVANFWvH4gkLFcJuCSoFuHy3LUPOSVDNUxzicKwb0zVYHjgo7OnmRnLwVRecFR8wMYa0klADpnOwInfotKy2U8fLE/wABgGMY/JWV8m0zXylRLjDCEWOxVTyNeAFofk5iCY2J4t9SBxyglLaA7MlRFY4owPFx+SkxUFBF/wALDvVWYoXAfzQUM0zgdgEJOwAAAxGMeiX++Eb/AEp66A52wBKvBYHQSQXcpxdoHCOKGpechqKy1VD8ZGVRT4IPzITC4FXDbEdi6NSmWaFrRr0ghXgHc2ZoRuJwAVJho6h3DditA6moqYAkNd9lHmu1spR/SiSyWotkCO2TuI1DYqQ22QxjP6hV9f1fSwbRO7Kiqusnyn+SSfzRqGAlDJr3GmpR5jpVbU3i305y6oAIWOfX3a6z6PFcGuU2n6XneRJXP8vO6IdCEY8tkqs6z1OMUDXOHAKr3zXq5EuihIB9Sp7aex2x2rAc8e2cora+tuI+Xt9E6Nh/G4YBUDbSK9liZgSXKqbvuQiD5WD+XbWlx7kBWtN02+VwfX1Jwfupr4rZbcBjASO+FAHLPBV0dur60YqiGxd2qc+GltzANQaB2HdQbh1A8AiMaQFnaq9vqXaWu1lQpV5eWXtd1DFTeWN6ztf1FJU+WN+T6LkFrrrhIXOYQPf09lc0XTVNT/zJmNc4+oUG7ow7Muyhu12foaHAd1f2/pumpYmGZoc8cZHCug+np26WgNxtsFGkq3OGGhQF2N8ROjEQGTsEGWqD9oxkhML5Hu8zspri1hGVC0m+Rjvm5jpd5W/dNEFNAQ52Mn1Qp7hg6IDn1UKSd8jv5js+ygaRMqatoGmMlV7nOc7Z5yeBlBr7lR26LXVSaSeB3KoX1N7v+YbPSughPNQ/Y49lBsUvZZXC+UtuiPjyl0/aFpy5yhxQXnqNpNWGUNE7cRgYlP8A0VvbOk6C3MZLLmoqAN5JfMcqz8P+kKBSlFdArZb6a2QinpWaWY9eUct3O6TQ5OLXDsoIlLIzT7pObobrccD1K5PNDSwuqKl2iNvJKyVfcrr1RKbbQ/ybcCWvm75HOFAq4bnl9AL/ANY1NRUts/S8bpqxx0l4+hn3KsOn+mqe0sbVVL3TV7hmSQuyPsFItFgobMw/KsBkcMF+Nyp0krmbN3Kg+bj1FDXty45TcwQccphFXM4dmo7aeBuHP57onLIAxofJ9Dcj1RGU5bu5cdURxDTGgyVT5Bgqm8kJHiMj7oMtY140xk/qorpC4keiY1uM75yqIELtRySuEjCDk+pSyfUqEE76ikDg5XElCBtWBwgulyk6XI3UVz1AorIV0g3UR82xXHSZJwgaiSoM6E55zwhDlGwCOE3w98qg4SxwIcLqWMLhcArGHHvz2QpHjCT5AFEe45UCSHOI3QsFdBOU7bHuoGMSSPKShZ+jqz3XNiN86fmhh2qIf5sLhyHD0WhSIyMEZBX4nP3aUPSN7/jlhpbiTl8jf5uefE/EraRodhY63D/Zbqma0Hy0dyHzFO3s1x5aP3WyBJ7KE/uRnt2XlvX7ajo3qqy/EW3NLWwSto64D6TAf6v3XrD26gqLqjp+DqOw1llmA01TCw5Vp4KfRuaYCaFsn9Qynlq87+CF7qKjpGTp+46jX2CY0Mpdy6Mf3Z/QH9F6CDnKpmKw6kkkoCNc3UQvEbrHL8LvjSLk3+XYuti2OpcB5YqsZw7/AMROF7gsV8W+jm9bdGVdriGa2MePQu7tnbu3CdCW1hPo1g3AK6CQDhYn4T9Zv626QpbhUjTW07flq1hO7ahmz8/stsBvnKdn2ZrF6RneomPt89Nf42f9lcRVuB/4B7474P8AmviD+3b8IjYeqKH4s2eDNB1E3wKt7G+U1bR5Xf8AjjP7L79qYGTwvhlAcyRpa4HuCvOuuOgaT4nfDu+fC6+EGZtL/u8rxxyYZMnjBA9V6LwHkpaPUwlH0ee814+Gt0sq5e//AFPymp5sEDKs6WUkgKru9suPTF/renLvTugr7dO6nqYnfgkaSCFNppDpG3Zfe9DqYaiCnE+A6vSTom4S7LnZ7MkhRJ2GIawE6CQnSi1EeuPT6rYzBJ44H0knH2U/XkDZU0TzG4A7K1p5A4BFGQm1BwcpzPqCa1EaMFaEsmcIOF1cHC6rDEknpKFZEkkkoCMT0k5QFLIzAXRykkOVCIIOEZBHCMoACSRVx/0lQgBJPc0k5ATFBo9cLQTkrqSAEBNCHMLTvlRrNcJ+n7k18jneFqzkH3U93BUCti+YhIx5mbhYtVUpxwbdBrZ6G5WRPoSyV9HebZGW4LZG5afustdba6jrZIyPKTkLI/Cvql8VYbZUv2OAzPsvVrxQCupm1UX1NG+O687tdLwz7ZotRDy+njbHh45MBJE6GXDtgVRdV9Nm5UfzFMB4rPNjHK29dbTLTlzRhzN1WRHUwseNxsQtlV20y67xytrdcujxFw0u0u2I7J61XXXTrqSYXKBo8J5wQBwVj45MHSujVapnzTyWilordj6JK6BhNY7UeFIjAI4W2COY3gjuYM6u6n2e4GjqGtd9LjgqPI1w5HCFp75TMYAm9ywau6UcVXF4mkHIyCFmSzwnujdsRsrex3Fzj8pUOyPw5T71aDK3xoBuN9u6gqKcOWVMJDSD+4Xpfw+6oLj/AAyR5w3gOPb2Xl0b3sOh43CnUNZNRVDZ4SWnO/uEyEsMXqaYaiGJI+iSc+b1XFQdG9RR3mkFPLIDJG3nuFonMI52W2MsnlLqnVNxBgHKKz6Qk0DOU5NQoYnjZMT0ZDk0TJo3RyNDmuGCFmKSSp6bubmTZfRz+VmPw7rVqFdaGOsg8JzdwDgpUo5Gb1jBYxPbIwPaQQ4AjCPq9lnLFXOhd/Dah2XsG32Wh1ZVYEz4CJJiSMoekkkoAJJJJQglBuluhulBNQTtDmSjHG4PqFOXTs1DNZQ2qx1S3I+cLza57PXyW+pGJI+dtvyVNWRB7Qcbgr2n4k9Lsr6d12po8zRt3x3AXkD2ZwXBZJw3M9V4/Uq2OX2Uk8ekgO2wq2pbJSyipjd37dle3CnL/wCawYAVaGtkBY8ZBWOyOHg7dU8o0Npq219K2UcgYcPdTW7EbrF2+rlttbiJ50E4IPC2rMPaHj8Qyqh93Zi1NbhJv0Pe0PbwoMkRackcqe3dMqaf+XnCYZFLkrk7fOU08pypPDHvlcm56GvksOKYv4PB9F6hBU5AOF4JbKt1JVskBwM7r1fp26fNQhj36jjIWqLOD5DTf1oH8SaKc0kHUtvZoqrd9crTvo+yJ1dT13VvStr64sjy+62f+cdGxy3BkH7Od+3utJpbLSyU0jQ5kw0ua4ZBCxvw2q39NdT1nQ1e7FNXZ8Au4Dh9B99iR+aIRRLbFOP5R5/6e0fUXwp65p/iH0TQdQwEeK4eDUNByWytA1f5rZsIzsvlf4X3qf4RfFmToeWcix3/APn0ZcMNjl9P9OfRfUEbjqRp/vs895CiNN2YfjLlf/v/AJLCN22MIw3yoTHbKTG/fhC+TEFSXARhdQECp6jow5UBawFSXAey6oEOSSSUIJJJJQgkkklCCSSSUIJdBwuJKEEkQHAgjlJJQhW1FO+nky3dp4TfFBxtgqymaHYBGR6KsqaZ8b8jgnZGWhlTTQ1kDoJmhzHDBysQ75jo+4mOZrpKKoOGu/oK2zX42Kj3W2093oZaKdgcHjYnsVFyMRFhrYp8GNwIIypsbeHLzumuFZ03czZ7iTpaf5bz6dgt1R1PjxNdkOGNlbWAmizaTghV9xtorY8tdpkZu1/Ba77qVG/I4RW91QJUW67Tsd8jcovDnb5W+sp/qHsrcHPIwod0tEd0hHn8OWPeOQctP39FDtN2kErrZdB4dTHs15+mVvZwPdQhdAnOE8Y2Q89l0E5UIH+yWAeQCPQrgPZdUIZu522ptVS652zVJG8/zKcdvUhTaCthroRLEfZze7T6FW4aHHB7rP3y01tvk/ilnI08ywgbOHr91aeCFmkBk4Ua3XCO4Q+I0aS3ZwPYqYD3R4IVHVHSlu6rtpt9wDm4OuKVmz4n9nArA0NzufS1e3p3q1pa6Q4pKvHlqvfPY8be69ZafUKF1DYbZ1HbH2q6QeJDJ29PdG0GeP8AxP8AhnRdZ0JqqZgiuMIyyRowXexXhlFdrl03cP4Ne4X4Y7S4HbI9QV9HMqLt0bcGWHqSd9Vb5XaaG4kYAPeJ/o4bLPfFn4bRdUUz7tapImVQ5ONiQNsn80i2pTPR+A89d4q1LP2mQst4NK9lZRyB8TwNTRwR6FbmkrYa2Fs8Lsg8juF4XZrlNbJH0pYdUDtErHbb+n7L0Ppi8tDXTQ4fG4DUzOMFea8h42X+5A/Tf0X9WxSjRZLMWblrw0jITsggEIMD4qum+YidkjlvomiUM2dyvP4ecH15WRniUWef/FXoClv1ukuNFTgVcYJIaMal80V9FNSVDoJ4ixzTggjuvtpwDxjY/deK/F34ePlc672+Fur6ntaOUyE8HkfqLwq1MXfX37PAZY9WxUR8bojraN1b1dO6CQtc0jPYqFNFqGO61Rlk+XX0OuW0bR1TnyeHIVNkYCPKcqpMZY4uaMZU+iqPEb4R5aMp+cgxlxhiLMIJAB2GMqwEWoIEsXYhVgNx/RGXGktOpp3TiDnhNHCRY8Argt7bWvfiGQ8d1Y6STsVn6dxilEgV/STRzN1Nd+XolZOro7c/azjmg42QiwYUp8e+xQmxl3dTg6Hxojad8YTsDSi+H/h/dMSXLkF146BFpzwmFpwpWG/0/umFgcDgKOWULlHBDLPdBkZjupL2uaTshPOrbGMIEsinwdo6p0MrQeFoqaZsrMghZfGDlTqGsLSGuJwiwPqs28F4QM7cLgaDyE2F4cBkp790Mo46OhCe5ZE5KGRzHjCTjvhNIygRpi8GjtlYSADhXUTg9nKxlHMYpWtzsVpKKqaABnKs3ae7PBKeXBwIR4JSeSmktkGUDOkpeEzowlgtqeoJIB4U14BaCFS08mCFZ09QNOkpbNtcsg5GkOOyPSzup5mva7bOCF14B3UYtIJ7JMoZNG7a8o1wf8xThwPbdUNfTGMHy7I9mrjG8wSuy0jbKsaymFRA4sxk8FLwa4/fHJltxkIFTEHxnA3VhU0ro9sboTWHIyEt8guP7KbU6M6fRGjmBx2R62kGTJEPuFXiNwPuEqcAFlGs6d6hlt8zQX+Tj7hejUtVBcYBNA7kbj0XicUxZsVrumepRA9sLnaSPU7Fc+6rd0dbS6lJbWei0tRU2+cVMBIwdx6re2O+QXGEAuAeBuFgrZVQ17MuIyRypDfmLZUCeAkNzuAudbWdauzJ6e13siA5VDZL3DcIg0uAeOVdNcsNkDUmmSEzwxnOUmn2XdXsszQzJyKV0bh3VjFUBwA2VaQuQyua/BHCVKORUo5LgOzumuCFA8PGcqS0ZzukzWRUvtGROIOCjIcjAMEJzDsAs74Bf7HLrOVxOaMH7q0UwrV1NanIGhTQ5JJJAAJJJJQg9Nc7T2TkOobrjLPUYVpZZSCRyNkGppyPVPWZoKyst9wNFV/3b/oPYrSt4RtYAbwdSSSVFCSSSUDEqW+0ZewVUTfNGc7K6XHAEbjKcuy08Gfo635iAeo2IXKloOAAgXWnNsq21VM3Ecpw9udlJ2kYCDyMrTCY5P0V8sWdiNl558ROlhUQuroGjI3yAvTZI/bKg1FLHMx0EzA5j8ggrpae3aDKO4+XKuBzHlmNwcK96Svr7dVRtLzjOMKw6+6cfZbrJ5f5bnEt+xWMe50c+phII3XXqnvMe502YPoizXWK5wAtcC4BWgGF4x0Z1LPFK0CTcYyM8hex007K6jZUMIyRvhMlDCOjTepkpNPlIxumMcdOHb4RMjUMrJJYN8J4DNBwkiNHlQiDlLGp5OpJJIBgl0bLiSMhyQDAwFV11IJmkY3KtyMoYaAMkZT6puPIixJrBga5hjmLOMLN9WWiLqCyT0EjRrIzGT2cvTbrZ6euy+IBjuxWSr7dLSuLHDUPVdzRapweTyPmNBK1OMej5qjbLQzyUszcPicWkFXttqWvIjJAwMjdWvxR6dFDUMvtLCAJjpmLR6cf5lZGhqwHDAzhfSdDqoXwTifFPJaWeg1DjL2aNzpIJRNG7Sc8hej9IXh1RCIZZdTgNl5vkSRYznZTen7lLRVbGuccZ9Vqur3o1eK10tNasdHtcf8ANiId6FPs1XNQ1DIozgE7qrtVybV0rZG4zjBU5h8xIG+VwNXThn1TSamM4qUWbeOQOGod+6I04JVdbZw+ma07lWIfgkYXIshyeionvjyVF5pzFIKmIEO7EK4oZhU0scwOSRv90yeBs8LoyM57qFYZHxmajft4bsrOzRH7WXQ2SSSWezk0psSSSSAISSSSgY1cPC6uZCZXkWwJBzlAcNlKOEJ/BTmLZDkG+y43snuCETgqysoLk8JJmcpKFYHrh4SauPGcKExyMPK4dl1JQIDr9Qq+7NLqQ6W5LDqVg7DUGsjbNTviI+tpCYo+xRBgdrjY7OcjKcotqcXUug8xEx/opSYKfYlzGV1JQoYmntlOTTwFaFy6KiXMc7wR9RyFzGEW4xls8dRjy40lMJHICbExzXJBuUeuAuHIWelGoFp7LT1JMkZZjlZisYY6hw4C0weDmamPAqOFr5NHGyqKi2xyy1EUg5GQVcxgxESgcKJVDE5cBynJnJtpU+DzSrppbddmhmWkO2PsvQKR8dXSRTA5dgB33CzPVFDJHUNqyMtdsD6Kw6Yne6N0Tnbcq0cTTV/BbKv9mihJ8bwkO4RZY8Ecp8QxUMKfc3YbkDkJsXymarY5WDw/qil0XE6e7nLO1gIABWr6saW15J/qcszWgkjC9Fp/9pH57+pq1Xr7H/cFCPKMIVUeykxA6RlRarlNayecjIFTN/mB2FbwMxp2VbSMy7JCuacDTwrrWCrZCDRjhBlGAjoExWp9Cl2QKMZq/wAyrW4uLaUj2VZbG6qs7dyrG748AAJK4LbamolJStPiFRL3Ppicz0VhTgavyVBfJjl4wseo6N+nWZJFC5xcdyn0zSXjZDbypVM0ZGy59Sc5cnUfCJ9O3Ddip1OwndRoGehVlSx9yuzplhGScssvqCF0jI42Dd2Fe3B4oLW9seA7SRn3UWxQtDRK4fSNlT9UXTx5xSxuw2Mb/dbJNRQSlhGekcXuc5xyTlBPKKXZzk7oR5WaTyxeW2OJGEItJK6CcogbkcIG8Bo6xuTupUcfBIQY2EHKlRsLgN0xLdgbGWA0TdwAp8EWrGyBTwkkbcq2o6XQAStEIhdhKaABuS1Nq5S0+E0/dGnmETQAFCLi9+o8lbaq2zBqrv6ULfuiAZ7po4TVoXHRzZLIbJXEJcJwETaRQfZu+VCrbhHTNy7n7plfcY6SPW879hnlZiSeavqcyHY8LLdd6Rqrp3LLC1VVPV1PiFxI7eyPTQeFhxGT91yKBsZ8ybU1LWN0jdYpW45Y5Rxwg1XWMhi9SdgAqzU6clx7rj3mZwJCKw4H04SZWbuBqWOx0YDWgZ4Q5psDASe7BwodTNkbLLZZgZCOWMqJzn7qESXEldfIS7dFgaQQSFjsm5vBpSUUKKJziDhWUEeACQuQRDAJGwUoYwMBVGOBdlmeBAYCR4TsjCDI4AEo3wK7ByS4yFEklLtl2V5LtkMgk8Jc5N8DoxGglxKJHEdXGMp8cJdvhS4ocY2UhHJU5pDYacYB0/upsUW42wnww8YClsjwQtkIGOywZHFp4b+6O1oGCnZAGMJmcnCcoGVybCkAgdsJrIpJzhrdu6KyjllIxsCrGNscMYDW8JkYjoQ3AqWgii87mgH0KlGXRhoGUF0hdsBhBfIGcnlH0bYVf8qJMlQA3OwUR3zNYPDhHPJXIqSouE7Q3aAbklX0NPFBgRtxhDOWFwbqNM5PMiHarQylPizYe4q0azJ24XQCVIhjwckLK3k7em00V0PhhyMuCOGtaOQEmYLeMJ1JRvr6ltPH9R/yWeXJ2tNTJtRiTLPZprxUgNGIWHLneq9BpaeGkgbBAwNawY2QLZb47fTNgiaBsM+5U1u2UqUkkev0Wj+GPPZwSY7IFRNkAYRJDpb+SiBxzkhJTyzrQgksnWEuOSER5wutAA2THuDWkpiLnLCBvlABJVXV1TnZa3CJW1HPb3VU+QuyeUSWTl6m4I+XTvnKCXGQ5Qi7zblFbnGy0wjg4uo1GeAsQ0knCO12Ao+rScYSdKSMgJsY5ZhttDPq/ZR56prAA5wGrj7qur68RDyjf0WUu90nqWPgc7bjC3U6bPLPL+S+oIVJ1UfmSeoOrXAmko24JzqeHdlG6T+H166wuDaqujDaFx2c841LT9DfC2e7ysr75CWQMw5sbtw7/mHdez0kNDamlkIDGkABoHotUYKPB8z8n5iU5NJ5k/ZU0FltHSltZBFC0CMYaPU+ytrPZZpahlyuOxG7IC3Znpn39lJorNLW1AuFcAQP7uM9h64VyyDG2MK20eVu1EpvL5OOaCdgF1rPUIvh4TyAMYG6U3gV8mWCDQBwmPacHQMkqQ2CWV4bowPVSW0MbMEFVkFywVAo6mZ42DW+ql01rpoyHOYHO9cKycxrW6So73iNpKmSvkOnTGAedKqrneqWnjIY7MnZvK7XXPQC2B2pztgFXwULC9tTUt1P5J9VM+w85IdPQVVyqP4hcT5PwRngBdrqmFpdS05BxtkJ1yvTXSfI0v1EYLh2Va4RWumNZWPAZy4nlKskeg8P496ixTtX2+l+2J8ZDC+T6QOVnqi7PqaoUlvJcDkGQjytUWoudf1JMW0sz4aHJBHBKsaOjio4vChGw5PclZLJ5PtnifH/AAwUprH9v0DgodDjLNiSQ8kDZHZpbsd/ZDqKswA4cGjvlVZnq7q8Q20O83/Fxs1K5Z6SMlHon112pLfGTO/Dvwt9VVQ2i9dQTCWcCGlduGZ7K9tnSNPE8T1zTUTerzlv6LTxwNjja0NAA9FA/n9FRZ+mrba2fy4Guf8A1EK00o2ny6huFV3PqC12yHVNMHyDmJu7iihBzeEZr9RXRD5LJJInBuRkHIUWrr6Kj/7TMGLJVfVF3u2aenjFLTDgt2cQq/5IufqnqJZj6PcSFqr0r7keM8p9caXS5jp/vf8A5F3cOqnl5ZbyWgfiPdUsoqqt3iTzOcXHPOykR0QOCWgKwiog1o8oH5rfCqMVwfNfIfUOr8k38smk/SKdluJ5YpcFvAIIG6t4qZp2DcKVBRDVxhEljo4rtwVQoXHALVPprcAQcYVrFbXyY8NmVY09gq6ggeHgKspCZ3FF8lGzGApTKaaXDYmrUU/SbAGvkcM+itqW0U1O3YZIUdsfRnneYmCwVcpGQcH2VvS9NRxkGVuCtQIAzhoAXTBrGCOEG8XKxyKeKzUzQAGZwpQoWRtDQ0YCkzT0lFGZqyojhjHJcVTP6uoamo+Ts1FV3CQfijiIj/U4QbmDuZZxQAnYAIVZUW+gYJq2rjhac41HnHohHp3qu7Fr562OhhdzHGBrA+5Cs6HoOxUTxUSw/MT7anzeYlVKWAt0fZnnX6WsAbYrNVV/o9uGx/8AmP8A0RR011jeWB1VWR24OGS2HzEexO2VuQyCmGImAeqb8weAEtTyLc/0Zeh+HFvp3CavrJqqTv4jsj8lexUNBb2BlNTxtxsMNGSjulc87oLg52Mg7K5MFyyF8c47pjhqXHPa0ZJGyhzXWliyC7dTn2DyyYXAd0KWXAzjhVFTe4Pwu3+6guuE8uwOx43UD2+2XclTp54QJa6Bo+tVRFXKQ1oO/upMNjuM27Yyc+qvcihstyizjcoMlYXDYZV3B0pKWtdM9mTyMcKwi6ZoWAF7clD8hDIGaSU4aw/knttlZUD6C0FbintFDTHLIQT7hF8Jg4aB+SCVuCZwYVnTVSTk759lIj6UB3czHutl4bfQJgCjuKUsmXi6bp4x5m/spTLNSwkHQCrrQM4O64YgDnCvOeSbmVjrdSgf3eMJohazZjVbeBE4eZuUtNNFg+HuoTcyo+UqJCMRrgs88hGpwaB6hXInmG1PGMIUgr5Bgs/RQtyyV7bNE3+8kaU5lBbo+QCQpfgSAfzCQPugPNNFnXOB+ShXLASxwMP8pgQJGF3snVN1tlPzOCR2VbL1VbWHAOVAsE51P4mMhcNAzuqOp6teM/LRbeqgSdRXKY7OA+yg2Mcmq+SpWfUBj3QzNbYMODmrIy3Ovk/vJ+VBmrAzLpZdz7olEuNf7NxJfLbEP7wKJJ1RTx/3LlgZ73Tx6g06z7bqKK651X/ZaKZwz/SiwHtx2b6o6wxsHYVNUdWVLnO0yOP5qnisN9q2NeSxmr8J5CtKTot7g11VUNJ7hGoEiorsg1PU1XK7HiOH5qERX1jssZK8n04Wwpum7LRnXU6dXqVyS822kcYaKMSOHADQrSSC3pGapemrlWPHix6GerlbU1htdtOaidoPdT/mL/cwGU7GQMHJaMEqRS9Mtd/NrJS953OSjAlJS5RWPraaJxjtdG2YjguHJT46C83Fo8eTSD+Bp4V62koqJoaWsaANtlGmvUdKcRN29UBIy3vAOn6ZtlIBNVuDnAcO3UiS50VPF4cMY8u2wWeu3UcIaZZH5d/TqWfmv9RXRuit0Bc88j80Iah+zT3C9OfuJNICzlXd5ah5ZROdK7uiUnTdZWhv8XqXRsIzpY5XVLSW60RFlNEMjYHG5KgWYx6M/DaL1cj/ALwBCw+qvKGw2u2sDnFrnjkkZR/nKicYyGj0CZ5icuOVCnLPRJfUxAYgA29Aocz55tjJt6Io0jhM1YBOOFAHz2RnMcSAV1waG77YQqqvhg/vHBv5rNV/VLWymJj9YHYKBxgX89VHH5WHJUGWeWXl23oFTMvE8u8VBM8nvjZFMd6qwBIWU0Z/o+pQ0RikSa24UdDFrqH4PYDkqofcLtdG+FaKMRj/AL6YbqxounKSOUzTF87z/wB4chXUdM2MBrAGj0HZQqUlHooLd0o2JwqrjMKyc7nxTlrfsFdRxiMBrQGgdhwiFhJwN0aGIg77qCpTb7ONDsbroi3zp/dSBEOcLobtwoWR9DRjsodwucNKDDC0yTjhoGyl1bmMA1OVRNV07XEwM847lQtIrX0VXcJHVF3l1Rkf3H4MfZSxURgaKfBx6dlHqZKip2MmG+ydTtZGAA3ZQYuhxFRI7JlcwegT8aANTs+65rCaXZUDCeOBs05Q3TOcMFDPKYoQ6Sc5SyVxJQgkkklCAkklwkYUIOMpIxhC1eyY6QAlDL85CgUY5HvcBtqCivO3PKa8kuzkpricBQZ0cJOeVxJJQoekkmOeAFC0snXuAGyhySEJ8km6jSPz2VD1HInPc7lNSSVh9DUs9kklAxJJJKEP0aSSjIkibI3BB9Cu4wvxOfu1r0Zzre2OrLdHcKUYrLc8TxP9AOys7Vco7pRRVcYGHtBOOx9FOexsjSxwBDhggrIdPyGzX+qsErtMMpMsOfU9lCLpRNWo45UhR1CMwkkknRnxVobm3+XbOoYxR1GOBOPoP55K9eDRwvO+v+nj1D01U0kW1SweLTPHLZW7jC0vQfUMXVXStvuwGKl0QjqG92yN2KhkuWWX6SSSgoYmHzc9kZMO6uLwyHibP/yafGxkAHhWXrdvif4Y60c/+bP7L2VrsduVi/jD0Y/rLoiro6Dy3WkLau3PHInZktA9Ef4WdYN616KoLxJtVtb8vWxnYxzs2e0j7p+7d0A1k2JKoL819BUwXyFpcIv5VW3+qnPP6E5V/lCqYGTxujkaC1wLSPUHsnaex1y3Ga6rfHafCf8A+EG+Df8ACL7QfGGyxD+H3Zopbm9jdm1DW5ZIT31sx/5Cvkq2TF48F5Gpi/XDqbom3/En4c374SdRF2Wwlsb2uw9jHN1U9QDx5XDj91+TXUvTF16I6puHTV2jdHV2yofTTAjHnacEf5br699JeU3RVc3z6PkP1b4nZN3wXHsmxEZBBU+MAgbqjp5Q5zTlXFP9K+jQnuR84tjh5BVDC14x6qTRygENPKbNHrGR2UeHMcwcTwmIQ/uRdjfdEaclAicHAYUhn0haISwjK1geOERMT0RGJJJJQFvAkk5JQpLIkkklAhJJJKEHM+oKQCMcqKnNJ1DcqFNBklxv0hdUFnC0E5IQ0VCUIMSSSUGjyMjCDgIyElSWQStq430cza6jcY3tOfKvcfhp1b/HKAU9W9rngAHK8ckaHjBTenLtU9L3ZkhJMDnZ2PGSuTr9HvSnF9HtPpTz38DUKFz+18Hv9bbvla805Hkm3asjc6R9vrnZaQ1xXoFNVQ9T2KG5UrwJoACcbnhRb1Zm320tfTgCoi3IPf2XD+RxeD7DdplZHKMLU0dNX0roJ2B7HjgryDqix/wa4PbG0iMnyr2SjY8F0Egw5hwQfVQ7901TXqndFKwB+NnLbp9RtZ5XzXh3rKGor7l0eJMI7KVA8NcEO6WyW0V0lLLnyOI3UfXuDldqq3ej5dfROibrsWGi2dG2VoLVGIwcIlHMMaSpE1KHNDm91pTMe7ayvdrY4OYSHDgrS2i5iphEU5Bdws9K3HJQ4JZKeTWw4Rg2fdHBa3e2vp5TUxjLDvsoLZRK0BuzhyFoKSYV9IY3nJI2VBWUctDOXY8hUXYtNrsuumb/ACWe4RzEnRw4Be4W65xV9LHUxEEPaDz7L50Dg4B7Str0J1Y63zfJ1khMbsNBzx7rXXPBzNfpHP8A1IHr6Sawtc0FpyCnLQuThdD05NTkZTEThOLQ7kJpGU7T7oexWXnJUXahDgKunBZKzfIVhbqt00LBLs8DBRyAeRlQfAdFP4jRgeipIJvJcAZHKWn3QIZw/spDTlGCdSSSUBEkkkoQSa1OTWqpdEQORodjK8L656dd09dDEwDwJnOfER+4/LK93We6x6eZfrPJGB/OgzLEf8QCTJHT0epdM0jwORmoYPCpauF0EpwPK7cLRzQPikdFK0tewlrgRjdQaymbLE7y5KyWxy+D1dNyxlGcqGam628jdXHTt1keRRzuyPwk8hV0jPDdocMFRDrgm1xkjG4WVycejTLF0cM9EEeN0njy4yoFnrhW0jHk5eBh33U5+DjdEnuOTOHxywV07PDO3CGplRGCwjuVDxpJaUbQxy3II3utX0fdnQyiJ79wcLKNRYZnwSNljcQWpkXgRbBWR2nutHVl7A7Y53Wa+JVokfSwdRW0aaikIcXN5IC70zeWVVHE4v3xgrUiOOvopKOUBzZGnAKdn2cWS/jTy0VvUFNH8T/hlD1Rbxi62rMupvLZIsa2/nkFe7fBfr6m6/6DoLsJw+siYIKtuMFsjRjP57r5x+Fd0qehevqjpKtm02+5uMcYcNg47Rj8x5T+vstV0ZWN+DvxifZWao7H1S50kYJ2jkDjj9wD+SLpKb69i9XpoWxdUf8A+aP+PaPqVj89kZrvZQI3k4y3lSWPznZMf9jy5LjcfVSFCYQCN0ccICElOQk9Qg8HsiAjCEugqECpLgK6oQckkkgAEkkkoQSSSShBJJJKEEkkkoQegyU/ijTlGXWoyFHUwuikIA29UNkhzhXctO2ZhaG7qiqWy0smh7NvVQMo+uum/wDaG0menDW1dKfEYRsX47ZWN6H6uc53yNXIQ5h04dyF6iyTIx6ryf4tdKVFqkHWtjiLWtcPnGt2Ab/VhGPr+6W1nqEbw4ZHBUlrj3C87+HvWRvFGyOSTUWYGTzhegtnBA2VNYKsjslgksd7KHdrLT3WNuoaJot4nt2IP/RSGu9kZrvZCLKW3V8tO80F4zFODhrjw/7K3B1EgdlHuVshukPhSktcN2PHLT6quttfNQ1H8LuwxLxFNw2RvbPuoQvQeyO0jSNwoycCcqECJwy84JTBwnA4OVCFLeLNNTSfxa1HEjd5YPwSDvt/UjW64wXGESRjQ8bPjOxafTCuDvjPZVldZsz/AD1vcIpRu5vZ6NEJMfdFUKiqvHZ5hokGzoyfMPy9FMByoyEW5UFHdqN9vuFLHUQS/W14zledSUdx6BrRRXF7qmxyeWKqcNomnjxD7b+ZemrtXT09ZTyUlVA2WKUaXNIzlMYcXg8D+J/wthvjXdS9PBrLgBqkDfpnb/1XkNsuFZa6tzXMdHJG7TLG7ZfSdxtl5+H0xrKWmmuFgnfh0EbdUtH/APxN39sLKfEH4a2rrCkh6q6XEfisBcyWNvlnHdpPfGP3Spw3cHqPBecn4+xRl+P/AKGasl91BtRTnGPqZlado/iY+bpXg7bs7grx2huFVaa91PNBNA9pw+ORuM+uFu7LdcvZW0kpBbyAV5byGgjXNuJ+o/pD6pjqIKm5/wCGaWGoLZBHM0tIPfuj11DBc6V1PO0aXAj7IOumvrC+H+VOwZc3+r3C5R1MkLzS1WzhsCVxJR2SPpkZq1Y9Hzz8TPh/U2u5PmZGPCe0lmB2B5XmdTTGLbHHK+zuobJFfaB1K8hpIOkkZC+auuej6yzV0jXwadJOCBs4eoT4HgvP+F+921nnMse24UaIuglDx67q2qaYjzBqrZmdjthPXR4SymUHyixgqI5BgHdFewPCp4nGJ+VbU1TFI0YO6YXGWSLMzSfpQcgHBVlNCHDYKumhdnZJnHPZUo88Dm7Kbb5zFUNHY8qubtsigkbgoGmh9M9jUjUBwkGW7hda3HKhWitic3wZD5vUqz0E7jgpTO7XZGyKlEA5gOdlFLTnhTiBuhPZkHZIkh2OCNjCWdsEJ7mElN0+6oVKGQTowQcqJI0tdkDlTlHlj1DhWZ7K/wBEX6uAmscYnasZScDG7JC6cSADOCiM+7ksKOt3AJCt2vbKwDOFlmExPBVtTVROA5TGTXRdj7WWWjc7p2gpkRB3R8twFezg6EZ5AsJa4O9FbW+qdkA9lWlp+oBOZMWu+lAaKLNrNZBLqaDnOV2YkHICrLdV7AFWrgJGghAdWqzJynnGcFT4pi0ghVBaWPGOCp0Dg5oCA1wswXMEokbgkZXHMUCmkMbgM8qzGmRgwlPg3QluAwnwzqB3G601vlbU0oBcNQWXkaY3bBS7VWvjqQDsEifDNtUsIta6izl2nhUssRYcYWwmjEjMtb2CoLhT4fgN3SzQ45RUac91DfA3xX+isXtO4UfwXAk4SmKcSsqGeGQQ3CbBUOY7ONwps0GRuMqDJCWnhKnFMkU4vKNv07fahjANWeO69Js94pLowQO8sobg57rwSnqZqZ4MbyB3W1sd5LHMqYJfMORlYLqjpabUPqR6XJTVVnqBU0ziWE5IC2FkvcVfEA52Hjsst01fqS8Q/LVTmtdjAJRKuhqbPU/MU+dGc7cLl3QaOvXZk9Aa5PVTZrvBcYG4diQDDgVag5WGyPsepZCJrmgDhcSGyQwzsU7o3YwrGGUOCr9IxnHASppix+HDZJksip8luDnGychRyNe0b7om6zSi2JfB0cogI4yhrmS0jdUuCmiSkmNcnoBY5JJJEAJJJJQgkiMjCSSjIVt1oHVcIdEcSxnU0rtmrJKmF0cpy+PY+qsHDIVRWwGinFdASwZw8Dg/krBZejHqF1Ron+Ixr88jKkqiCSSSQkGJJJIiEO5UjKynMDu/B9Cs9b530lQ63VDy543bn0Wre3Kouobc19Ma2FpE0W4LeSmwkNhLA924yocrS45A3C7QVZnpmueQXDYojmgb4W+uQb5XBjuvOnP45bi6JgM0bdvdeBXClfTzvhkbhzSWkL6kk8x3C8X+KnSzrbVi707f5FQ4h2B9Ll1dLdtmkzLqIZ5R5xTzS0c4lifpIXq/QvVErgyKSTLHbEei8lnYTwpNnvM9uqAQ4gZ9V2pRUlwZaLvjlg+mA9rm6wRgjISEmp4WR6N6h/ilMIZZPMBtkq/bVaKnwecLJZA7MLtyL2POgZTiBhBgeHRhEWR8M1wk2NPK4uNXUI9PKEmnlOSULksiXM4K6kjFSWRjmeUjlU11pI5osEcHZXbiCCMqHK0c47rZp7NrMt9e9YPOOprAy422eglYCXtOn2K+cK+Oex3qW3THSYnkAkbEL62u1C9zjPGMjuF4f8ZOk2yU7bzRxYkiP8zHcL1/hdd8VmP2fNPqzw8bK/kguUZ+3VInZvtgeqM/MT2yN7HKzXT10jIEL3EO91pnPEkJYBuvexkprKPlMLGnwbTpG8mCbEr8xygAD0K9CpnB+HNOQQCvELbVPhkDHHjcL0/pK8GoBbIQQGrBrtPuW5Hv/pzyG7Fc2by1zeG8ZOy0DHa2h47rIRTk405GVpLfVAxNY7svO3w4Po+kt44LAPDTghVtTDJS3FlXCDofs4D0VhycpskfiYz2XOl2dNPOCU1zSAQdl1R4hgYB4R2pEuByOpJJJQY1JJJWGMTclOTE6DTKY3JSSSTBbeAMjMDnlQ5mlgJxlWLvpP2UR7cBVgVYQ2VJc/TspDX6hnCqKqQ0VbH5f5cx0nfgqyYcqwVIKDuifhQE/JUHCPK4eF1cPCtIsE/lCHKK/lBPCNdFPoqqbTDW1VOHZ1P8X9VLdsFEqGeDdWVAGBIzQfuFLkOojGyYZmDPK4kkoUJDPC6eEMk55VoBkeu3hI53UYcKZOMtIUCM4bp9CmIy28HJGgDUeyzl5Zpe2RuxJwtHMMtVTcomywuBbuDkFaYMwamO5YRDDP8Ad2khAqotUeto3bv91KAIpmg9wnRtY+ExnY+qfk57hhGfulCyvt74w3JA1D7rO2R5paswyAjOy2cTv5roXNw5uVnqilMFxdI5o+rUqUsnJvo2270W8b9D2nlFuYLqdrgPVCLPI144PdSpD4lGBj6U1dgWI8b6zZprs4xuVlaj6gcLbdfQ6asODcZ3WJqDnkL0eleakfAvrSv49bKX9xrPo2Ch1H1qezcKBOQaogLTKODx0Ow9OwbEBWcP0hQacDCsGdkUBdjyNl5Cg1ZIaMKfIMqDUnAyfRMysEXYyzgGsIRry469IOyDZh/vJd6p10OqR2PVJk8jMf6vJDzphJGxIO6x9ynfNM5udgd1p6+XwaUlZOU6iXdysOonjg6OlWHkCWHIU6mjIIUWNpLmjGytYWAY2S9PH7smy18EmkiOwyrmgpfFkazGRlV1MzBBwtNYqVxAnLcAHuurWsdGRcstKzw7VayA4CRw2WCqZHSyue85c45K0HUle+aUsBwANgs2dznKOwkvuGEk91xLIzjKSSFEQ3UmNoaA4hR28hS2O1AABWuxqxgcCNsBTaaPABQII9WD6q1o6cnB0rTXAPP7DUcIzkjhT3ubGwBNjjEbc4wo9TJqIAWuuPIi+1QickeXuyeEw7pA7JLdBcHInN2PLOuXFxyaeMoJPBB+3cqJcqyKjh8SRw42HquV1YKeF0v9O+FkZpqu91Je8kQtOMHusF9+OEaKaHN5l0OdLUXWpMj34aOM8AKdFAyIB3BXYIoadgaxvATJ59Q44WN3e2a288R6Oz1OkEDCgPmfK7JXZHGRyfCwA5wkynuCUcBIm7DITzgBdADQo9U8aRuhcsIi+5gqiUDuoD5C7ISqJHF2AmMd5hssVtmXg1RhhZOMZlysYIwMHCHFGDvhTImYwVUV7FTlnhBmDAGycuDZcJGEfRn5kxkjyO6iSTE7FEkHm05Q3MxgkKNZHRWFkYGlx3CLHFvnCJFHx5VJjhJx6+qBQZcrcHIIQMD1UyOnzg4wuxQZw7T+6lsbp7LTXX7MlluWMZEGAbIuQBwu6hxpTTEX4GcLTGOBEpZ7OO1P3aFMpaRrGiWbAPolBiBgBaMo8Uc1QRkZCIuuEpvCHeJGPJEcrrWEncjdG8CGnaHOGEF0sdR5YjxsrR0KqMcexk8wifoAyjUVve94qJs87BGpKRok8SVurHCn4AQ5Z1qNO49jwGAAMAAHYJwBymRsc4g4UuNoGNkuUsHUpqycibuNQwpLcYwhSEADSEg48+iWzfVDaHdJpwBvnhbjpazMpKUVT48yyjOo9lm+mbK+71ocSPCgIc/P+S9IDGMjaxjcBowFkveD2PidFFx+SQE4C6wZTmnU7hMneGjCxTk2eijBIBO/+ZpxkBNDQRkDCa52p2U/UO6KKyU3hCccNJVbUVDnbADnAR6qp1ZjjO3cqmrKjQMYWmMM8nP1N2xEavnMk/hO20/UEEvGknC4+UPcXEcd1HOqpfhuRENj/iK0Qhg89q9YnwE3c7IUkHb7eiCAG7Z2Qair8M6WnYLbVS5nE1GrUFuk8Ex0oOR6e6qK64u1FkJyByUGqr3SDTG4hv43KFmZ8zKengklkfwGjK6FOnhW90jw/mPqGVmdPU/8sj19xcGlp80h2DW8r0PoX4TxU4jvfUg1Vp8zIS3+79zvv9lcdAfDSntr29Q3mMPrHNBYxw2aPt68Le+AT9LU2clDo+eazyLk3CD/AOoCGFkMPhRNAAHZTbZaRK4VVQzg+UKTb6DYTTt8vZqs9LhsBgDgJErTiNvPIMQY3xgDsl4WOApLWOcdgjfLHYkJbkwZvBCZTyyEBrdlJjo2tw5w3UuGJreydJtgJbll4BAta3GAOEGQ4wjF2kFxUCoqO2EaJ2Onl0ADKqKyeonZohGGHl3cqTIXPdkknKC8sgaS6TQjCwQmwGIh0gxjuqK6335mdtttbtZccSPB+lAv/UM9a91DQyAx8OkHJ9lVNqKS2QmZozN+GMHzPUOt4vSPV3qCi2ybI6gsdMHVU4AG/iP+p2Pf81SulreoJ3yVLTDSsw2OPnX6n27Jr6OpuVSyvuT/ACfghxsFLqq2CjiGvAHYZwslx9o8D4aGjgppZn/6HS2Gjj0xtDWtHZVdVfXseG0vmd6IdQbhe3ilt8btz5iPRaqx9KU1tp2SVMbJKg8kjOFnxjk9ZlVpZ7Ke09O3C6VPzd08kBGdHqtZR26mpGiOmhaxo9BhS44ttOOAuTzUdFC6oraqOCNvJecKk3J4ijPfq4VL7h5jGzSQFCut7tFoa75qqwceVuM6vZZ6s6trbjpislMyHOf51R/o39e6qKe007ZBU1jW1FXw6UjGfy3WiqiTeZI8Z5X6zo06+LTLdL9+iZN1Leb03waWnNJT55xpJH3UX+FxMlErj4j+5dupzI3DYDbsEdlOZCAdlvhGMOkfONd5vW6+ebpvH6XRDZC3IAYFKbTMABLAp9Na5JSCwZwraksYH9+mOaRx5WKJRRU+rDWxjf2U2mtE73DUMNK1VBYGPOI4wc91oaPphzSDLjCX8hmsuMbR2KN5DdIJV5RdK+cOexrQtbBaqSHGGAkeykPibjACF2P0KdzZSQWalgAAbkj2UpkTWjAaAFNMY98d8Kvr7tarcXOmrYwW/wDDz/MP2CBtsBtscKcOPC4+PTgnA++yqXXy/XZvh9PWR7I38VFSMY/8PP7LtP0HcrkWy9S3eSZucugjJaz9FXRXD7A1fVlngnFJTP8Anqk5AipjqOfc9kyCm6vvIcHQQ2eB/ByJZh+uQtjQWGzWiPTQUMbCBgu07n7lFO5OQq+QFvBlKD4d2WGX5m5PmuEw7zuy0fktNBT09MwR08bGNbwGjCIMkFCGx+rhWEFc4g/dNdlw9EOWsp6YZmcNlTXDq2hg8sUu6vsmMlyIS47ocppqZu/lWPq+ramU4pX4ygY6hurdLdTmn0VbUuWWkaSsvNHBnS4H7FU1T1NuWNeiUXRN0nLXyyAZ5BytDQ9DUkeH1Lg498BTdBeyujGPr7jVOHgZIKLHYb1WefwSc+q9HprLbqEgxU7SfcKbpbjDWgD2CCVqfRFJIw1B0PO5rXTyMDu4V1TdH0MQBlw8j2V6BhPO6H5MklLJXQ2i30Z1RwAu9SjCP8kZzfdc0+6XuYAIDCaipqrsgxNc3PdFS45VEA+H7oen3UknG+FFqq+kpG5nma380STZDmn3SI9dlT1fV9pp8tbKXHthVU3Wkj8imgyOxeEe1lmsDQ3dztlGqKuig8zpgsNVdRXWodhsmnPYIIbcak/zcnPujQajk2c/VFrphgSb+2FR1vWzy4sgY4jsVUOthe4Gdv2XXUtJCzXNjA7I9pFFs7UdT3WozofjKrJqm9VJy55IRaqvtNIQHSAH7qtm6jL36KSCRw9QNlByil2Sfkp3DXNIXE/sguFLB/fkZUZx6jr96KE475CmUfQd0r8S185AdzlQJKHshT3ahjOGuB/NQprrVTkMoadzlsaP4eUER/3oB4HoStDBZ7fSRNZFTRt07DDd1Cb1Ho80prN1FciNTRE08nJVlB8PtW9wq5jn0ct+Ig0eVuB9kCpqqSHeeZox2yiyA7W+jP03SdqpmCOOma7HcjcqzhtzKZg/ltjb6gKHWdSQMGijopZHerd8IfgXu6RgvlLIzw0HdG3gJ5ZKnuFsojl84cT2AyoTbtc65+m2WweH/wB5MMKXTdO09OA6bDne6lGopqQBr5QwDtlU3wTDZVDpiStcJbtWPIO+hjsBWVJabbQnxI6cE4xlwyq2v6ttdOJAJtRbwszW9Y1U+1M7A+6HPIbr3G+qbpSUjcbD7DCz9x6qhi/u3j9ViKu63CuAbJUED0BQKajqah2RHK/7DKNFqpR/Iu7l1c55wHKnN0udxlEVO05JxndXVF0mXhstSWjO+MZKvKS001JuxgJ+yEJ7IfiZak6WrJ5mzVzxj03WlpLbR2+NraeDBG5KnlvCdpa0ZKgmU5S7AaS/kJjo2kYICNIdGTpOFW1l2t9FG59VUBnoCoVGLl0STHgeUIRftuMLI3D4h0LJjDbBLUSdg1uQqt9T1ffHkkfLxv7A74UNEaZdyeDWV3UdsoA/x6kAt4x3Wbq+rq6vY5tuZ5P6kaj6Lk0NfXvEh5JduramobdbW4axrceygxKMf7lDR2y6XWPxKuQ49MKyo7BaLe/xZAPEI3LhlSZrs4Esp24H2UEySPk1yu3KheU+iY6aPOmFmAPQYXWvIOSP3TKcg7BmSVMjpJSdTm6cqElJJYGNcBjDUZgcQPRHjo+PL+6mRU4bjyqCJSxyRYqcuAyMKQIWNwnTvjgGSdlWVdyjY06TlwUBScnknyOZFy4bqmr7sWuMcHbkqJNWTVBOXEBQyM91B0YhHVE8hJfJnKYccpJZCg5IbkcY4S7FLb1Q3OyoWOJOdiuJiShBJJJKEEkua2+q45wIwCoQISMcoBIyd00u35Qy7blQg8keqE53O6YXbndMcTpO6odGInOOT5kwkYTCTlcyfVWXnAjykklgqFCXDsuockgaPVQiWTr5eyiySHCZLOQcYQHE+qg+MR7nEnlNSSUDEkkkoQaknJKBjUsFPG6kxQjnHKgMpbT7m+HV7bcLYKSSTMsXqVrS0divHbLVydN9RBpBZG84PoV69TzNnibKw5DgCF+KZRwfva6GJZQ/T7rN9aWx3yrb1TDE1CfEdgbuZ3C0yHUQCphdCeHDBQmZvbJMr7bXRXGhhrInAiVgcfY+iM8YGcrKWTxrFe6mx1BIimJmpznbOTkLUh3lLSoG3kG452I4VD0do6a6vrrPq0wXpvz9OzGwlwA9v7Aq+kOntyqW90sj30dzpsiooJhIxw50nGofmoJmkzfHdJNhf41PHNjGsA4TlDLJYYlwnAyurh3UKASHURkcLxy2EfDT4yVFtd/Ls/Wv+9R7YbFXfib+a9mc3fKwXxi6Nf1X0o6ShJbcrRILjROA3Ekfomxlghuc5T+Qsp8NOr4ut+jqG+huidzfDqI87skbgEH81qgeycpY5QuSyilu7pLRV0vVEDc/KDwKtv8AXTnnP/Lt+q+Sv/whvwZa19u+NdhomhtVimu5Z5i4YAiqHeg/B9izfdfZk8MdRE+CVocx7S1wPcFUostB110jf/hV1HqkjFM+GEa8a6V30vH+JgBXf8Tr5ae5Tiee8voo6qiVcumfjtSO8wy7hXlPKC1o2RviZ8Or38Juvrv0RfInCW31DmRSY8s0WTpe09wQqqjkzg54X3jxWrjqqcxPg3ltJLS3uDL+LEjeUCpi8MawO65TyY2yiyDxW7LpnFk8cDqKoJIaRyrQHIyqKA6JBsreFwcAfRFGXIiyBJSXBwurRHoFD05NTlYCEkjJrlCZFq9k5cx7pDhW1go6kkkqIJJLBSUIMRUJFUAHpiemKEGpJJKBgV0DIIXE5qp9BMDhRauMzAAjg5U5Cc1Z7I5Ra7Np8IOv47RL/DLm4ljv5Tsnt2K9yaIKKp1wSCSmmOprgOPZfJVVEYZW1MBLH53IXv3wr61HUNuFquEoc5owwOPmYfv3C8vrqPhln9n2r6L82vI6d6W1/dHr/BI61sUlurv4nRx6oZfO4DtlVrWsqYRLDuQPMO4Xphp4bhQTWurA1YLWk/svOmQm03aSjkaWtJIGVjhY4s9jbR+jFdcdL011onVUcIE7BnUBuV47PTT0cximaQRnsvp6429jB4rR5X9uy8z646QjlY6spItzkuA7FdfS6v0zxX1D9Oq2p3xX3nmMUhaQc8K2pZBMwAlU0sboXujcCCCj0tSYSDjOPddmuWVk+U30uuW1+iwqqP8AE3hQXQlu2Mq7iLamFuOSoM9O+N5aQtKeRCfICjrJaR4LTkei0TmQ3GmBIBJCzbm74JRqCvkpJgQTpPIzspgqcf0DmhNLOYiDpPCfC/wpGuae6vZYae60+WgauxHIKo5aaWmkMcgwR+6ZCQpTT4Z6p0V1ZHPC2jnk8423K3YIPdfPVuqn0VXHM12MHdex9MdRU9zpmQvfiVgxueVrhPJx9fpIw++JpUhyuah2SDt+E/JyQo4XVwcLqFi8CTXgEbhFSULAQtLXY7KXGRgIJAHC604V5KZJSTGuT1YtiSSSUIJJJJQiGuSzvldIyuafdL9DE8cnlfxN6Y+Xm/jVMzyyu/mADuvPHAluy+i7nQwXGlfS1DA5rxgexXhHUFpktF0mpHsIAcS3bskTWTvaHV/JHazIXSlIPjt31HBVe5oeBkcLSVEQeNPqqCaN0T3BwxpOFgtjg79FmVgdba2SglyHHTncey1rZRNGyRjhhwyFiyMhW9kuAjBpZnDAGQSqrlhhX0Z+9F8Sok8ZDy4DYqY0h3dckjGlPaMSeCE1ETCMOITuQqRbLjpy5GkqxG9/kfx7Feq2S4CZjSCMj3Xh4c6M5B37Ld9GX0Pc2J7sOaAD7+6aujma7T7otou/iZYpJ6OPqSiOmaic1xLRuf8A5hC1d2dH8WvhHHcqABt6temaNwO5nYMYx/ibkfki0skdRAYpGh7HjDmkbELIdCXqp+FfxHmsk8p/hV2d5dWwaCdnZ74zj80ff2vo51cvkr4/KHK/v+0e/wDwR+IcnXnR8E1dJ/7xoT8rVxnkPbtk/dekMdsvmYVbvhB8WYLtGCOn+rJAybBw2Co5/Pcg9uF9KRnIzlNi+MPtHB11Eap/JD8Zcr/7r/oyWJDqHbCmRyBwGFXtx3SZKaSrGo5il8o9iiMRcA5GV1cb9IXVRB6SSSAg8HsiAjCEugqECpLgK6oQckkkoQSSSShBJJJIABJJJKEHpJJIyD4+6HW08dTHocAT2Ke0gAgnlMxnO/KgZmphLRzeHI3DQdj6qZG2lr4DBL5mO+oKwq6WKqjLJBueD6KjLai21IHA9exChabi8o8E64sNf8IOpP4pb3yusdTIS2UknR/hI7L1vpHqakvdvimjna8loOxWhvdit3V9lqrPcmF8M7CC0d184V9Nf/gd1T8lcXSvsVRJilqDuPcH0wjZs41K/wD1j6RZJ7cqS057LOdOX2kvVBHUU87ZNbQditBBIANwgMrTTwyQx2/CFcLfTXOn8GbLXN3ZIOWH1CIN+yKw4OVCikoqyopZvkLoMOG0U/DZR2z7q2Dgc47bLtxpIq2D5aRgOeDjj3Cqo5am1VIt1xaGsAxFMeH+xP8AUoQt8hPUdrgTyUUcKEJCeo6KoQg3G2GY/N0Z8OpZ9Lux9im01aZG6JmaJ27Pb7+oVmolZbmVX8xuWyAbOBwUzBBwdkZwl4mSduFDpanGaaoeBMw4we6lKiDjv34Xnt66UuXS9fUdS9D07nQ1BzXWkHyTH+qP+l3JPOV6FkLhLRyVQcZfs8Q6s6S6f+JlHNd+nahsV4pXOY2SUYaS3/hzBeN0dyufSd+ms94pH0k8TtEkTzlfTXWvQk0tU7q7pORkF6j/AL2OTeKtHcSgLCXyydL/ABktUkEsAoupLcNMkR2ngI/DnuP9MLPqdOr44PX/AE153UeJs+xt1p5xnlf4KG23Bs4ZV0b8PG+AeVo6V1L1JSSQP0w1rANTM/vleJ0l3v3w9vrrF1MxxbqxHMRgOA9Pf2Xp0E7KqOG72mfJO7JG7avYrzGr0MqGnI/U3019TU62pbHwy6oK98MhttxGlzdmPPdV3WXStL1DQPZJG3xGtJa4cq4gbTdT0pY4thuMIy9nf7hQqWrqaGf5GuyHNOGuPdYW9p7pqGohtn0z5Z6gsU9qrZKSZu7ScHGMrMVlLjzD1X1N170VTXuKSpEDWyluQWjGSvnm92h1LPLAWEOYSCPsrjPJ4Hz3hpUSc61wZN0erbT+6VM50L+Ed4EZ9cIExBOQE88e4OLLWCQTN37IdRACM4wolLUEOGytGObKzOEXDCWGVL4Sx3C6RjupdVCT2UXJ9EuawFjA6mlDJAStXSzNkhb9ljnA5BCvLTVgNELzx3Waw3aO3ZLBbOAJyE0sHKlBmeAuOZtwlHZ7WSE5o3UZwwVNeCMqM8HBChTiR0pMFucJxBymncKCZRyQalmTsFHY05wThWEjA7kKDM3S7bZQxW17eUPczOCnwSlr8gfuhxPGMLsjds5UEKbTLinqtQA2UyLJwQ5ZyCoLDhyt6SUSNBzwjOhRfu4LUYwmSNGQQEFriBySis8zUBujLBIpptBG4V/Q1PiNA9llgxzXgjhWNvqzDJknYjBQG2mzBfTN21DfCFTVIY7S9FilbIwbcoE8O4IahOjGXssopA4am7qfTTE4bkKjpZS0YIU+JxBDhvlJlHcbarC2fGHtzjKBG50UgA2906lqQ4aSNynyR53ws8lg6VLNBZ7i+QCCU6scItyptTjIBsVQ2ypEM4eVq2PbVMDwOyUzdCWUZapj8N2CEPww4ZwrW7URz4jQqwc4OyRLKDwR5YxjCgVEON8K2lhLsYGVHliyEIGCmIIyCEejrpKaYPjcRvuPVOqKck5AwohBBwQgsjkqMtrPQLVdWzsbLTyFjxyAcEFep9K9VQXSBtvuIa57RpBd3XztQVk9HMJYn/ceq3NqurXtZUwTBsjdyM4WK7TqR0tPqPTPV6qintVcaihJDD5sdlp7Zcm1sAd+MbOHosn0x1BDeacUdY8NlaMBxU10NXa6rxYckfsQuTdS4ywjqVS3Gua/PZOUGhrI6uEPafN3HopjSufbFpmkcubDddSGySCEhqnNcA7j1VpFK17ARhVEkQIOnYp9HViMeG/P3ylNJi5xLYHK6hxvbINTSn5CzyiKHp6YnoUCPTkJPVJ4FtZHJJqSvJMDkk1JTJMDkGppxPEYzjB9UZJEgSrt00lNUOopiQ07sz/krYOB7hVV3gcWtqIx5oznKkUkwlY14OchE1gmCxSXGnIXUoECkkkiCEkQCMFJJWngsx1yjls12yzanqDq9g4qyBGkHPIVndaGG4Uj6eRoyRlru4KzVFM+J7qGZ5L4xtn0WuqfofFpomyRjlUfVVmjvVlnopGBxLSWexV9nAQXOOcgYXQqs2vIE4KXB8tXOhkoKuWjmBDo3EbqqlZpOwXr/wAVOlQXm9U7MOJ/mADleSztBPovRaa35I5ZxtTF1z4LazdQy2/Q3W5uk7OaV7J07dKa700c736Zi0DUDz918+kluO4Wl6S6nntlS2GWU+ESAMnhMnVuQel1eyajM+iYXHSG5ypLXahlZ+0XIVFOx+sPyOfZW0dQHexKwWQcWehouUuSQlkJo3BTsBZzU54EkuNXVA08iTX8JyShGsgCT2QnZOSVIx29UJwGEdcsPIqyOOSJJGDsR91i+q7I2rp6ikfHqbI0424W4e3dVtfFnfRqXY0epdc9xx/I0KytrB8cXK3y9OX+WllBDQ84Ptlaq3S+PGHNO2MrTfGjo4GEXmhGZQ8gsDePTdef9M3EECNztx2X03xGr/lVHwPzegfjNXKpLhvgv5HGJwe0cFajpm5+BOx+ryu7LMvAejUFSaZ4BO2dl1L47o4Rm0uplRNSie52qshq2NdEVoKaUx6QO6856QujdTWl31LexP8AEbx2XndXpz634rXxtqTXZoqd+uMOzlFIJ3CrbZNkGFxw9u5GVaBwLM44XDtrcWerpluimcZypDXZbwovieyKx+c7JEo5Rpg8DzunJA5TVna5HCSSSQhnDwo2cEqSSOFFPKaiDEkkkTQtrIkFyNkILkaFJfsrL5ROq7fII/7xnnafsg2K4CupPN/eReSQdwQrYrF63WLq9wyRTXMYDe3iqxE/slk1+RnCd9SjNcQd98I8budkyBog8xyO1eyYXArh4QyTnlXgLI5MGxyi4CEoDnJW3caPAmA+mYZ+x2/1RcjsU65wumpntaN8bfdRIHuMTCecK08iGGSS5SRFDEw7p+QmHdWgGCc3J5VdORHKQBsrLSq6pbmU78JiM1vYuQoNS0Oa4EchS8hAqGh7cA8py7MNiyV8TRNC0caRhMjYWSuYDwk13hyujx9kiDHIHYymp5RjnEj1UIFUHju3dVlzh1N8THCup2/jG6g1UeuI7K0ZbK95GjIdStbxgKVGAaPcKC1pAwOynQAmjICYnkx2wwedfESFgjjeG49SvNCcuXq3xCpTLanzDkLyRjuV6PQyzWj4N9fV7Nbt/fJJiwqiUuNfj2VpAd1XAA1+63z6R8/S9FhTjYBTWqLGdKkNd7KuhchPdtwoFccQOIUx7tuFBr3AQOypkJdnbLwHH3TKx2qdwKfbMMps4QKp3n4SpdDH+bZU3ypa2MxjCzwbk8qwubnSzcZwoIzqWKxb2daiO2GQ8EWog4VlBEThRKZnBwrSBrQG7LTp6wbJ54JNLESAMLR6hTW3Dj2zsqigjDt8J9zqy1ppyTsujFbVyAngqK2qkmfqdjf0UHWXZCLUPJcNlGEhzuNkqcslpDsvLsnhPHCQA5RWt3CWMjHJ2OIkjZSo4zuAlDGCNlOp4902tZY7aFo6VxALgrmlhDGg4UeliwAp2Wsj5W2uOQJycVlg5pA0YCg51PyU6olJdgIa1xjg5Wqm2GyNPKEeUkMn1TJS2mYeg1M7YWnVjGE98wa0nt3WUu1xNbP8vGSANjgrBqL0o8GqmtykAra2outSYonFsTTufVS4GNhjDGjYBAgY2Fmlrf8A1T3yYGB3XMdjbyzdj+lDnzEA7dlDdMXE5CI9wPPKEPqS5SyHGKQ+NriQcI7OE2AAjhPyAFCp88I48gDJOMKtq6gk4CNV1AGw2VY5xcd1lttxwMrgwhIdvhGhiJO6FEwk5VrSQjAcWpUU5vIc57VgUMRbglv7qSOOE7ww0ABcwPVMlHBlk8nDwo+XZO6kHhRy05JwrQUDm3qnBjnEH0T4YXOPHKnw0+nkJsY5BlakAhgJx5VMhhIwdJUiGEbHG26lMY0NBAToxwY7LdxHZG0DC6d9sIurBIwuEBpBBzhNjwKznsG2I5yi6suDGDJCdG10rmsDe+FZUtvgp3+I8ZRGmih3y46A01Brw+VuPupNRNBQwF2vfsnVddGBoj5Ve2lnrn78Z5VnSjCEJbKuWCbLU18nhgbHY+wVtTUEVIxrGDJ7lHpaOOnja1jMO7lSBET3UOhptE1LfZ2DjjA2ARRGRg4RI4txspD4wGg4VHVjDAKOMAeic9wa3AIKa+oY0aScIDXFzsgbfdJmPg1nCCiRxdgjlSBGXYa0ZLuyHCzXvjhaPpC3R1deJpG5bFhJsntR1dHp3bNI1XTdsFrtsbdP82XzvP8AkFbtOdinFg7bALhwDzwsFs9x7vSVfFDacdiNv5KDM50h2UudwdtnCiuIaM8pC7NwIN0nB7rk/wBGcrkrgSO2EyaQNbjlaK1yZbXwRH+XUfQZVBLUOkeXO9VNu1aWEQRuwXfUQqxjXSvyNmD6nLdVHKPO+S1cIJpM45rpTpzhvf3Rg0NaA0bBODGgbHZQ6mt0ZZGVuq0zmzx+s8jXVmdjO1NToBA5wqtz5ZHed23onTSOecuK5R0NwulVHQW2lknqXbljB9Le7j7BdOqpVLLPnXlvNy1M9ieIjRFLPI2lpIzJUynTGwDkr2nof4dRdNj+I3cNmuGkHIHlYe4H2UroXoSi6UoxVVmia5ytHjSEbN9GjPGMlaFxlrX6WuLWNP6oZ2fo8brda5twq6G4dI7bfJU+mpdGCRuV2mpdBG3Ks2Ra8Yas1k8nJbxywIaQA0BSI4TyQjxU2dyEfQ0YwEh5yU5gY4ANyiOc0YwEnuAGAOUMDYnKsoKSByUGeVrQDyh1E+OVCdM5+xUSIEnqu2FDcC85RHkHcnGFQ3fqKKgHl37fdMDUWybca6Kgj8SVw42WGu19qbjM7Q5wZ235SrrhUXKYyyOyD9LfRQ2UspPnjx6D1UPQeJ8PZrGtyI0bxCCGtJqSRgDho9VIjbDEfHqGh8vdybWVEVM0Nc7DhwwdvzVRPVTTuDYnEb4SrJ7D674bwdekqz+K9k6uusedMQz7Jtt6brr2fmazyxE8Ht9ld2fo1oPzF2JBZuGY3yr4ltO3SBpb6eiyzm5M9CrIRioVESgt8FuiEULMEd/VTtWlw1nGdt1AqrvTwDLDrcewWfq5q65T6qmfMZ/AE6vTys5OB5T6g0vjMq2WZfpFrderWU7HUtop21Mp/wCKRlg+x7rP/LVdXIam51HivP0sGzGeukds/wCinQ0B4aNlLiontwtlVMaz5X5T6h1HkniTaj+skGKANaGtYMDhHjo3Eg4wFawUGceQAKfT28PLQG5TnJHAlakVEFADgAcq4t1myR4rM5V9aunnOIc2Eb+y1Vu6ejiw+VqU5iZXmVobHISBHFgfZaCj6bjiw+UcrSNooYABG3CT2jAGUh25M8rWyJT0FPA3yRjKJwdylU1lJQxmWrl0NH6qlkvNfc/5dltzg08VE4w0KoyFOTZbTTQ07dU8gjHq7YKlrOqqRsppbbA+vl9Ihlv6rsfSMtY8uvdxnnDtyxryG/kr6htlttkYjoqVjMDGoN3P5q5T2lmTNq6ovUmquqzb4HZ8kBw/8yra1dG2agLZXRmonHMs3mcVfPwTkrmpoGc8KlPJYxkbYxhjQ0DsF3xNWxUeprqekOZ3hoPclZu59f2OkJjic6Z/GG91a5J2a0+YFwOfsq+oraemyJnhqwFT13f7l/u1qpmwxk7Ed1Gg6d6tvU2Z5pXh3OTsjwvYWF7NTXdeWeilLI6jVj2VBP1ncbhN4lDTBrScbDlaG2fCiIMa+vlYXHcjGStXbuk7NbA0QUzHOb3IQznFdEbXo8yp7V1JeptRZM3POeFf2r4Z1NQ5slweQPY4XoEcTGfQ0N+wwieb+o/qku2X9It2NdGfo+hbHb3Aui8Udw7dXEcFLTNaynpmMaOMBF1Z5dlcdh26pSlLhspybOD7Ji6dkxDKOAs5HJJq4d1eSHUlws3PsuePGzZ7gPuVCDklTXDrLp62h7aivY57fwsOVnJfiO6ckWy01cmT5SRgFQvDfRutPvwo89TT0wzNJp7rzue8dYXeQsfK2kjd3YMFC/gNbUnNwuMs4PZziQExV5CUf2a+r60slP5RUayf6d1n6zruuklMdDSgt7OeOUGKxQxADDXY9lIbbAcA6dPphM2EK6e+9R140OqBCw86O6D8hNWHNTM+Q+pPKvm0lFTj+cCMKHVXa0UJyZAPzRKCReCE20PaMeE380dlraxuXvYFV1fW27o6KlDvQuVa64dSXF2qGAAHjAKrCD2L2aKae3UQ1SvYcegVVXdX2+NmIdTnDbATaToq9XBvjTzbu5DlorX8M6CECWueJHHkAKZJ9sTFHqK6VzsUkZajUnT99usoMhdvznOAvUqPpqy20h8FIwu9XDKnBjGfRG0fYK28IisweeUPw1e6UOrSCBvkrR0fSNrogCGZx7LRuPlP2VfPXU9IT4rwM+6pPIMpyl2DZR01OC2GMNH2TfD1HynA9lV1/WNBTOdFCwzO4wFRz3rqS6Yht9MaaLnIGD+qsFxbNdMYacap5Az7rP3HrG10xc2mc6eRu2GhQIOnLhWHXdLhO4ckeIVYNj6bskWpwjLu52yVAoxbK0XHqq8xgRwspojyWjchFpulY2yfMXGZzz6HKi3L4g0VJ/LooskcYWYuHWN6uBcPmNAf6dkzGRsa2zevqLLbGhpdGB9gqis66oad5bSMccfksC+aeTHjTFx+6Y7zEYwT6Kx6hg0Vd1fcqmTWyTAPAVJV1VTUOLppnEn1KJSWq4VePCgytBRdEzz6X1r2tB7BVJZLc4w7Mj4ZldpHmJ/NWND01W1RBbH5T7LbUnTFvoDrYxr3H1CsI42xjDQB9ksB3Z6MvQdJQx4dUsy4K6ZQQUzQIYwMKwc3PKjVdVT0u87w0c7lGBunYA0FLQcZWavXxEs1vLmUxdUSDbDVnKnq3rTqUtgtduNPF2kxjKpvA2vTyfLeD0CsqoKKB009RFGB/WcLHXn4n2Kkd4VDP84/OMQngqub8Oauvd811HdZZnOGSwHj81aUNj6asoa6GjZraMBzhkqk8jcVw/uUr+ouuL3mChoHU8buHu7rtN0LV1EYk6jus0z3b6Wu4WlNwA8sEZaO2EF755PNK8ke6IjsfpYB2+z2S1xhkcLQ7+rG5Up1c2LAjaB6bKvlmjaRrfk+26fHFUVGkMjJB3BULcv2OqbhO8aS/Y+6iN1ybai5W9P0+6Yh1RtjsralslPDjAyR7KASsSMzT2upkP0bFWtHYAPNOFfspmtGGtXXMDRlxwFBbnkrobfTw/RGM/ZE+XLiDpSqbhTQD+8yVV1F9fJljHZAUJ9zLGSWngHneBjsoFZdw0aacqqqql1QcucdkAP1bKBKPOQ01dNIcu3UM5cSUQ7oUpB2UGKKQiRg7hBPKWT6pigQUkY5QySuZPqmKBndR9VxJc1t9VCDyRjlBPJSyfUoahB6SZkLhIwoQdq91wuyMZQyd9iml23KoYoZHF2/KE52WkagU0u32TN/6irGKsTnHJwU1JJQIanJImpvqoQFnHZdc9gHH7pkkjeAMKNJJ3ULxkI6XGdkB0hOQmk43O+VxxyFAoxYJxycri6QcpYKgZxJJJQgkkl3GVCHF0NJTo2anYUtrGsAOlQgBkByCRhSA8MGBumvdq8oGMIPmG5VNpAyjuPsLrC0yNia9gw+DBz64Wn6Avor7e2mkfl8YxuVYXq2MmBcWgh+32XndoqJemupDC92IpHbL8WM/fzxOJ7EnN4UemnbUQtlacgjKkhpwEtnPtjteGZjrG2vlgjudMCJqZweCOcBFs9xZcqNk7djgBw9CtA5rXtLXtBBGCCsOyGXpjqN8cjj8nXuJjHZpPZQKHKNNOM4+yivbnLT3U52lw9dlEe30Chb4LKwVZfE6jkPmiOW/wDKrZZu2TtpqwF2+sacrScqGW1fdkSSSSgoYkSBucDA5SSREPGrXK74afFqewyDw7R1PmopWN/uopyfob98kf8A3NevtkyAsV8YejJerekXm37XO2PFXROHIe3/AOYFK+G3VkfWHTFNcXENqmNENUzu2VuzsjtujKZrgcqj6hM1rno+pqIfzaB5bK0cyQuwHNPqrqPumT08U4xIMj0WyifxyyZralPg+ZP7dfwXt3XvRdN8Yen6TXXWmEPqGs3Mtv2OSedUTgTjHpwvz6opwJTCcZav2D6bljtdfUdEV0TJKOcPNGHjIDHcx+hz/ovzP/tV/BWp+C/xLnhoKd7bHdCau1y9vC2zEf8AFGOd19O+k/KyrkqG+PR8t+rfE7o/JWufZhadzhjfcKbA/LcEcqutVRHU0YIBMrTh5U+I+bOOF9UhONkd0T5LdFwltOSM0EOA4Uyjl1EDKZIwPbsOyjU5MM+Xdkcexf5IvB9K4z6hlMjeH4I90YcrRHoS+Ag4SSHCSIBCRchI8LqgEpYEkukYXMFECJJLBSwVCHSAhnlPSUIJJJJQgkkklCCTE9MUIPSSSQBggcJicmqNJlsBURB437IlgvdR01dI7hCSNOxAP7pxGVGlgDjsFh1mmhfDa0b/ABnkbfF6hX1dn1NYL1BfrdBd6YjzbHB7hRutrKKuFt0phpIHmwO68R+FfXU3TV0/htVU4gmdjQ4ZBH/ylfS9DLDVUoLdLmuGfUEELxt8J6ebUkfo3w3kavMaZX19+/8AJ53bJGVVH/D6mQa2/S8/5KDcLe0RkPbqa7ZXXUljNsr/AJqlBbG85I7ApzBFW02JANWPTlDC9+jpanTfLHaeG9adIM8V9VRx6XckDusAGuY4tcMFpwQvo272tjtUbmZ9F5B1h0xPQVD6yGPVE45IHZdzQ6zMdtjPlf1L9OylP5aShoKowuBduAraRjayMPjI3/ZZzUfsrG114gk0SHLTwu3CxNZR821FLq5AVUEkL8OCAXe3C09VSR1cecDcZBVBUUxgeQdgE1PJnrs3cMNarm6lm0u+ly0FdSxVkAlaNyMghZQQ5BPorOx3jQ40dQctOzc9ke/aS2uKzOJHc0tcWkbhXHTl7dbKxrpCdB2z6LtfbBM0zQjflUrtbHFmncJ8ZGOyPyx2M95stzZcqYPa8OwOVaLx3ojqV9uqjBO/MbhgAleuU0jZo2yMOWuAIWmEsnC1FEqJYkSwcp6EzhFTWZGPTk1OURQiMrmn3XUleCmdaiILuQcpzTjkqC2FSXMhdUIOSSSUINTEVNUINcM9+Fkuu+mW3m2vqKeMfMRDIwN3LYphZsd8pEo5HVWSrmpI+Z3t2IJ3Gyq7hT62k439V6X8Tem226ubcqSLTFP9f/N6rBSMzvjdZLK9x6zTaiMopplA9hadJ2IQGu8KQPI4KsbhAQTM0c9lXuBfjZY5LazqRlvjg1Ntqm1kQc1245CmNAcCMrIUVVLRyh7HYHcLU08wkjbK3cOGVpreUZba9vKGTx5OUJknYhS3DIUV0RyTxlGIHOaHcotDWPoKptQw5DeR6hCHdBcC049VQE4Kawz27py6x1lNFPG7yvaD9l3r3pyTqOyiamc1tTRu8WM93Y4C8/6Gv3ykpoJX+U+ZhJ49l67bals8YaTlrhhMR57Ux/iWqSI9jdT/ABo+FNTZ3zZvVEWND3/T4gz4bnemSCPzK9B/s/ddydQ9PydMXd5beunsUlUwn62DZrh68Y/NeKR183wy+I0V4fn+E3VwirAOAM/9ckLW9WaPhP8AES0fFW0s/wDc1xa2nugYfKXO+qT8zl35prWY7/fsK6qFsHQuVJZj/n9H021y7UBszNGN+QfQqvo6+C400NZTPD4pmCRjmnILSMgqbE/2/dGmmeVcXF4YW2173Tvt9R9cYy0nuFcKgucL5acVFOw+PFu3TsT7Kws90iulEyeE5e3ySt7teOQp2UT09R0VRog9JJJAQeD2RARhCXRyoQKkuAjG5SyFCHU5NTlCCSSSUIJJJJQgkkklCHc4XEklCCQ3xRVILJYwQfUIiQGFCFJNSz22bxIC4s7tzn9EDqPp2ydd2Oa0XemZLHK0jcbtPqPQrQktI33UB9IIpzNA7SHblvbKhabi8o+X6iHqf4CdRihrnS1dgqJMU9QQQAPQ+i966a6gob7QxVtHO2QPAOx4V9eLHaOq7ZUWO+UjZqaobhw7gjgg9juvnS6WTq34A34zNEtd0tNIGsqt8RE/gPPChs41K/Ul/wCZ9HwvxyMowOVmOmepqLqG2RXChmbI1wBODwcLQRS6gCRyoZWscMmOHB9EKrpoLlA6CdoI7OIyWn1C6x/su+IWYAChRVRPlpJBSVQOBsyTs9TmOHCNNTxVkPhyDY8eyq2eLQzfL1JOk/Q/sVCFoN0k1pwBlOzlQgYco7dOATjP3UddyUZAVxtUdbiWMiOZvDh3+6hMn05p6gaJW7HPf3Vux2M7KPcbc2taHNIbI3gqdEIut3Odk0k5zlR4ah7XGiqxplZ+/uEbjZWiB2OJGD2WJ+IPQdRdizqTpSdtu6io8viqcYbM3/u5D3b7Lax90QuGMEqmMrtnVLfB8ngN9tFn+LVnqLXdaFlr6htjS2ogcPNA/wDqb/U12OfZeO9P3679AXb5C7xulpo5HRyMPYbbr6m676DN1lj6h6flFFfKQEwVIGTL/wDQpf6mO/bC8n6ksNu+JlFUMNG219U28Fk1K7nX2I4y04O/b3WXVVRthtaPffTH1BLRXKUJYb7RZNMVbBDfrFVAuxqDm8/Yq6iFF1XbRLG9ra+IZkjA3B/1XhnRfUl36BvMtqu20IeGSx5yG+/2XrkjGWuopuqbFUamuPnYB5Hf8w7915LUaWdT5P0/9NfUFXkakk+Q1HcZJXutlxw4jIYe4IXn3xH6HpazNZSxaJfxEDn8l6reLPT9WWpnUNlhAqo9ntB/ux2Hv91Q0M7Lmx9ruDQ2rZ5WtI3cs0eGestcNVH45o+T7xaTFNIGN0uYSHBUUsXYr6A+InQbI5DVQRaHk4IA5Xil5t/gznylpBII905Hzby/i5aW5r0U7WaTkFTaObQcFRSMHCTTgq92DhyjsZav0yt29FCmi8M8I1JN+E90aeIOZkDOUTe4LG5FW5FppzA/WBnCbK0h2E0DCRLGC4NxeTbW+Vs1K2Rp1ahz6IhbnKounq0scaZ7vLyCVocgjISGj0WktVkMeyK9nso0sWBkBWDm+6C9m23Ko0bSuczfcIRGFMeBvsorhvuoKnDHQFzMjGVCnhyrEeiBURk8fqoYrobiqcCxyI2UkbhPmZjtwgNdvjChz5R2nJM5BCnW6tIxEVEcNQQo8xPBKMH5JVNSRqGyA98qVGc42VHQ1AfjUVcxyAtAUOtTfGyKaJGxGU1hc1xOE1rgTsUTAIS2b65FrbK3U/Q8gYVtIGvaMLJCQxHIK0dvqxNCGk7pbOjVPKwxE+C9TaafUMYyo1VH5cgIdFN4b8OVM2Vy2ywXFO8xytOdla6myszsqbVqaHDspVLUkEA8LPZHJ0qrMPBIOY5AB3WlstZ4oEBIzss88CRuQES21ToaoajgBIaOjVZk11dRtcw9/wA1m6mnLH8Y3Wrp9NVBrzyFBr6Bug5bzwfdJlFM3KO5ZKGHB8rgh1EQG4RXxuY7BXGu1eUhBnBWzJXPjDsgjCr6qnxkgK6ngyQ4BRXs5BCAXOOCmGWHBCsLfWGN+obYQainLuAhxsLDnj2SmioScGb+zXkksngk0yNxkL1Xpu/w3qm+WqXDxGjAK+eaCskhkEkbseoW7sV6kpXR1ML8HYkArFqKs8nU0+owevxRPpZw6J+Bn9VeQyB4BB5WdtVzpr1RNkjcBK0Zc3urCjrGwu0yFca+s6cbUy5G6ehxuD2gjuiAZOFhlHAaeRnbCH4eDqwpHhbe6GgIPp6p8bh6eisY52vx7qocwnhFhcWkEnZLayLayXLCCNii5Hqq6GdoxkqQ2UOwkTWBbTDjlEBGEFpyMp2SlC8MKkmJKFD0lzISyFCHUkklCHCA4YcMgqpYH22rMTzmOU5afT2Vuolxp/mKc6R5meZpRttkJjTtuURVlDWGeJoIw5vlKns45UAaydSSSVEGpJJIpdEHEZWe6ioPD0XOnZ54ziTA5atCmyNa8aXbg7FHW8MJMzlJM2piD2+i6+PA4UBxdZrpJTvBMEmXRu9vRWbn6wuhVIaU16t0VypH0coBEgwvnLq6zT2G5S072HRrODjbC+m5GZPC85+JPTn8TpJXBoJZuDhdXS2uEjNqKVZE8LLg9Cc5zOEWqpZqKUxSjjhCc3xGcLvQkrEcSVWxnp3w46vi0i3VUhDhsDleoUtW5zx6L5ht1c+21rahmSAQvcek+pobtSRtlGiQDHPKz305OvodR/Sz0OJ+pmpEVFSXLwZNDnFzSrxuCMg7Hhc+dbTO1GeR6SQSSjSNSSSULOHhCPCKeEJQVYsgHA7qO9gcSCFMcPUIDhnIWmieDLdDcjD9WWf52Gelkjy17Tp9ivmC8Us3S/UckD2lscjzj2K+x66ATAeUHuvBvjZ0kJ6WS608OHwnVsOV63xPkZVSUUfOPrLxH8jTfMlyjN0lQJ4GSDfIRzxnGVmOk7l40IgedxsVqoXNJwe+y+jVWK6tSR8kWVwXFguj45GtLsFh9V7HYK9tbSsfq8wABXg2owTENHC9Q6OuoMEYL87AFYtXVlZPZ/Tev2z2TZ6A17qepbUdnHSVoInB7dY4KzsMjKqEt74Vlapy6MwPPmavOamCPqujvUsIsuDn1XQUiMrjVgkkdWPYaM+qWR6ocfC6OVncVk0IIuHhIEY3KRIwlFgnOOSM7ISI45OQhokQHJ9QTmkaOQmy8hCGQSMoyn0OJOUNPTEYga8Hss11jbDW28z0+1TSjx48c5C054KhVEert7cqGea3RZU9NXdl5tcVSCNYaGv/AOYcq7j7rz6ySnpnqWazny01WS+BvYE8hb2OUjkJkCUWbobWP1eyYDhOTEwbu2sSSSSgaeRkgy0j1BVTTO1R47sJaVcHkKmjaYqqeM8OeXj80Bnn6JI4SPCQ4SPCMACScri6eVxWiMR4VbV/U4qfICcKHVxkxOwd0xGa3siE+iZnKcCCAQmHZOMVhWz/AMqtYTw92EafDWl3old2eWKUDBaQ8oBPiN1FXDPsyyeBxw6IjG5UWVuWkBSGeiG5MEy6ID2Bm2EWlIMJjJXagA/og0R0VAydkVbMdqM91xBqsszQ3JH/AEXiDWFriHDfK9/6thBppgW5Bz/kvBqxmmsmAGwK7+glxg+I/wDiPp9uphb+0KJV0ZzX49lPpyNGfYqup2n51ziurN5SPl8eGy1aitQmorVGKHu/0Krbof5BVkTn9FXXIaoceqXMOJ2iGmk39FX17wPzVjkR0gDNjhUdxeS4NylTltQ6lZkV1SAXEqM0ebZFeSSVyFh1cJC+5nUi+MEynjwBlWMDA8AKHEzbAVnRRkcDK3UrBnmywieyKHDW6cKlrZi6QjOVY1MgDNLdlUzYcT7J03jBSlkjk55Q9IznG6c7Ypw3Shh1oyVKYzOMJkUOcZClRNVpZNlccLISFnsrWlgwAdP7qNSwZIJarSIBmkYWuuOCp2KPQaLDWgacIdVLkYCe97Q3YdlBfJkrbCOEYNRfmODn1Ekpx7JN3TXnCec2T39nScKNUTYHphOmlws/ebsHu+Upnb/icsuqt2xGUVysniIK63Z9Q401O/GOSgU9OGgPdyh09PganDcqU4gNA9FynNy5Z0VHZwhkrw3shmXI3THu8yFI/cYSJNdDVyE57p8bccjKZG0nBUtjAByokVKSQNg90OpcGgDIRnOY0HfsqirqC92AlWz2rAdcW3kZUPLnbFNY0khcHmKl0zMkbLJ+bHSaggtPBnGytIosNGBwo9OzHAUxxAjA9k6C2mK2eWNOPVB8y7k6uUVrcpre7gFvANjSThPig3zjGVKZACM6UWNgadmolAXO3AyKARgbKQyMtIOE9kerlv7qQwMYONwnxjgzzmzkcQAG2Me66myyHIaBhcEbnfmjSyLOF5JwBynxRF5BT2Q7gYU6nhDACQnRhwNpqd0tqH0FM1hL3jGBsm1tWxg0499l2pqPCjOgb4Uemo5ZX+LIcl3HsrOwqtn+jT/1OU0DqoCQjCuaWmETQAEqWmbEzTpU2GAjcjlQ62n0ka+QYjOd0dkYG+FJZEO4SdpYPRKOiuFyB8rRxx7oNRO1zQ0Y2TKioaPK0dlBLnOdnOyvAuVq6Q551PyVMp4wcKJGCeFYQAAD1SZywaNPF5ySaeHA0452XpHT1sitluiGjzvGorIdLW0XG4s1D+XD53e638rmg6QPK0YAXPuty8I9p4nTL/cHl3fKCXbHB3THE55TMn1WOcsnqI47OknPKDI7ZEzhDJDhjPKqL3FzngC4F5yOFW11X4O2QrV+mClJO+gLI19QZ5S4HAPC30155OTr9VGmvkjy6qupcQ4gDl3oFIa5rG6GgBoH6oMZDGklRJ6jBwF16KPZ8z8v5euiMpJ8h6yrLWaWY322Va5xG/Psnl4dy4fmrfpvpit6mrflIAWxtx4k+nLG54/yK6VeK0fM/JeSlqHumQrLY7n1JWtorbBqII1O7NB7le6dKdJW3oam8N4DpHjU+Zw8xP8A09ke0Wi19IW5tJQtbhu5cfqe5HjdV3B3zFU3S130tQWWZ6PLajUb5Y9HSx9zqHSA6YP/AL5WVNA2PDWN4Q4odDWhrcfZXNHQPGl7hjP7LLJswSkl0DgpnEDDSrCKFrGjPKK1scbcad0B78nA7JbyxMpNhdgNkMlNL/VDMrRuUDTKCnYZUaaqDRg4Qqmux5Yyq2WoJd5kWMBkqebWVGM+nfGwQpptIGdsrFX3qp81T/CrO8unGdZP0g/dHFZNFdErPxLXqPqiCmYYo3cbHB3J9Fj2fOXSodLNqa3sD2CnUlgmY4V92ka97jnY7IFVd5WTGG3QiRg2yU3Yez8H9O2amSk0FxT0PmneATwCq2ruksz3eCPIDgkpSwue41Fe8OJGcZ2ARbN0/XdS1IbRwmGlBw9xP1H1S5y2LJ9M0Whr0CTS69kCGnqbrMIqRjppCcHHZbux9J01sp2S1cTJJyPMSMgK0pqOzdJUQ1AeJj6sbuWer73c7q9zacuZATwFjebpYRsv1EVD5bZJVos7peaeJ5jjJe4eizlbc6iqZoJ0j2XHgx5DzqcR67p1BbaqpxM5nhg+q30aeMFukfPPM/WEnJ06JYX7I8cD3EeQlToKDg8K0ht7WtAxnCkxwN2BACdLC6PB6nUz1E3ObyyDBRAYyOFIipwXBrRurKntks/923IK1tm6LBLKmTA74IWeyzBhc8GZt1hqJy3yEfktdbemWxaXyRjhaWO3U8GC1gzj0RdOAkfM28C5yyQYaOGnbpjbhHa3Tydk6SZjPqOEB8ksm0byzPdW22hLfI+pq6anjL5HnI4GNyquSqudcMUNOImn8Ug3CsBQROIlmJkf/iOyMxwGwGAlsoraWwU5/m3Bzp5DzqO36KxLIY2iGFoa0dglK/TjHdAldvl22PVRECPeGbDByhg5O5VPX9RUUQdDA50szdi1qrHHqO6s8Kmh8Jr/AMX4gEbf7CLi5dQ2+iLg+UEt7A8rM3DrSvrf93s9A7fl0g2/JX1B0FHIWT1z9UhHm91pLf05brexvhwNefUhXvjHoJPB5Wzp3qrqGbTVue5v3wAtLZfhRS05E1e5hdj6cZW/bGGfTgfYYRGpbtzwRlXbel7JbgDBRRlw7lqsmRRs2ja1v2CIO6Yo5OSAbHHGFGcSTv2RTnjKY5wIwCgisMo64jBGUA8rrjg8oaYuCHclLV7rhBxwhPkjj/vZNP3VNkCpb4zjhUdd1TQ0pcyAOmdx5VWS13VV0Y5tDTmmi/rf3UyEaae5UVIf96nbH9yqCu+IlkpZDFRxz1cmcARtzuoUPSM9Vpddah8z+SSThW1PabbQACCmjDhtnSMqskM7L1H1vepXMoqCOkjP4pW74UZ/S15uAxe7pK5rt3Na4gLZE9wEKQukIGCMIoxyWZ6Ppa0wsDRStc78TjuSp0NJDDGGsia0DjAU57qeEHxZBkdlXz3BrP7mJzyeNtlZW7J3wsuwG5SdG2MZe4ADnfhQJK27yH+RE2MfZR3WeSd2uurJHB25a04TA0+B9f1BaaIlpqNRHYd1S1XVVynd4drt7yOzy3KvoLLaI36jTNe71durGOKKFobDC1o9gjJnBiX0PV95DWyvEbHb4GxUmi+HtTM8fPPy0d3ElbimgmlwYoyQrJluqi3zNwoE5ZMzRdF2akw1zNR91dspqSBrY4IY26dtgFKNLSsy6qkx7ZUWe42alaXRl0jvQKAuWVgNG134Wpxc9ozKA0fdUdR1NM0EUsen7qomulfWEgzYBPol7cgo1VVd6CmafFmGcKhr+rIo2n5MF7s8KuFsq6p2X5+5UllkghaJJyBjn3VhOJEnv98uLBG1rYw7uwYKZHYq2tAdVyyOb7kqbLfLNaojpcHEchZ+49eVNSDBQgxxjjKZBDI1tmhjttptsfiVDWFw9VX3PrOgtw0UbdRHACxFXcKurcXTTvJP+JQ2xue7790aWR0K17Le7db3i4EiNzYGn+jYlUEslRVnVLM9x75KO+nII23KlUdnqal2NOxRYSH4hHoqHREnZu6LT0VXPIGti5W1tfSgID5I8jvlaGls9DTAOjhGr3GUMpY4QErIx4iYi29H1VWQakBjR6rRUXSNspCHuYHuHqFfNj3OAn4xuRgeqETKyb9kOGnigAETGtA9BhH2DSCf1Krrn1JZrVqFVVgEcD1WUuPxHkMhZabd4/oXHH+iskYSmbl4AcdRws7dutbJa/Ea6p1OZwB3KyM9H1v1IzxKlz4onn6B6K2tXw6pISya5Pa9wA8vooMVcYfkyruHxHvFXH4dkpfDeeHyMz+yr6XpnqbqCY1V6uUumTdzdRAHsFvzQWK2nVT07XP444UOorpdxB5AoMUoL8UVVF0b09afPM0yu/x7qVLdBTtENvpQGjbIAUaaU6tc0h/NR/4jCwFkAL3+gUI3u7DzzXGtwJJdA9Byo9QKKk/m1Dx4jtsZyUSG33+5EaGthiPLs+b8lc0PSNHERLU/zH+pOSqwRyjDszLKqqqnFlupZAfVwwFNpemLpcHD5+tLI+dLdls4LbBA3TDEB+SNHRPJxhWIlc3+JQQdN0NORobq+6nwWxsHma3k5VkWU9P5ppQ0BQ6/qO3U7AIfO4bYxlQicmFZAHAgjGEGSampwfEeAR7qgrup6mduhjGxNPdvKp3zPkzqe479yoNUM9mkreoYafLYnBUdTeqmqJGcDKgOwTknKYH47KDFAO+UuyXbqPqxnAxlIvx2TDI1QLajupx5K7keqHrb6oZdkclQsOXN9QoxJJTSd+VxQgklzISyFCDUlwuAOCVxzgRgFQMYm5KR5TFCBCRjlDPK5q901QZs4ydyVzJTAMJpIcCAVEslxiOJHchMcTwmnY4zyug47InHHIz/AAN/NPHC55VxU3kYdcR6pAgcHKZk+qaSByVE8EHF47IL35CTpAAVFMhyf+qsnZ17nOdym4zzukB7pKDVE5p911NSUIOwFwgYXVw8KFgTylgruMuR2sGACEIBHDSUZkeOQiiNoxgLmrAOGqEOMboTy7I2KBJWQR5EjwMLO3XqeKlk8KJ2fzS5WJDYUym+C9qq+GmaS9wyB6rNXPqWSRphhd+6z9wudTVSlxecHtlRmlx7fukOzPR0KtNFfkfrNOwPGlwyF591tY3F3zkQw6M6gfZejFpKrrrbRW07maRkjC/GkT9wQnhlB0BfhXUgppT549itw0tI5C8ephL0zf8AckRyPwfRepUVQ2eJkzDqa8ZCgOoipvciw0qi6osbrvby2I4miOuM+4V4zONwuubqGMqGWM9vBjumbq6sp/An2mg8kg75G2Vbys1jZZ2/QP6evYu0LS2mnAZK3G2c7rR08sc0TJoiCx7Q5pHoVBnZClaY3cLRW2pFTTNyfMzYqpmhDxsFy2VBpKvQ84a/YqATjuNEkkkhMzEkkkiKOYHJXjXhyfC/4mOO4s3VEvlbw2Ko3yc+69mWS+I/Sf8AtZ09JSxeWqpz49PIOWPG+QmMho2b8bonZYb4W9UOvlm/h1edNztv8irYedQ2J/ZbzwxzhMyBNPoznWXTtZebaKu1+WuoXCWF4OCD7H8l5v8AGPoWyf2l/hHV0dTHJHfqHz0pHlMNeGk/m1439uF7Yw6eV5P1l4nw36od1XRMLbZcWeBXxjbUDxpPZw+vHfD13fF6nEopfknlHF8hpIXx2yR+VwF16ZutRb7pSPgmp3Pp6unO7muBx+xytBEcOyOF9Lf22fgjS1csnxq6S1Pgka3+KNgH96zHlqcfYb/luvlezVwqYTE8+eMYznkdivs3gfIfPWk2fDvqLxv8Sx8F/E4Y3UaoBbJ4jRgFOicPVFmYHx47lepTweR9haKfOAVYtwcEFUMDiyUMPdW8B2GDwjjLIqyOCWOElxpyF1PBHoqEiqChImhvohoyIg3Q30S0N9E5JQFSBYKYpCZjKhFIYkkkoENSTklCAkk9JQgxOG6akqayQYkkkqGjUzGVIQkloEgTtdDKyri2dG4OBXuvwi64+ajZS1D8u0hu5324/wA14pIwOG+6dZrjPY7jFWxZLGnDwPT1XH8po5XV7o+j2v0b59+L1aqtf2S4/wAH2HdrfHc7c4MaCdOoFYU08tHL4b24Le+FZ/DTrKK9UrYXzNkGkEZ5V71PbGRltVC0aTyvG5cXhn6HpaurUjJ1VMythywecbkLH3u1wzRPZJGCDkELeQsDJC1wxkbKFcrYycF7GDV3HqmwscWY9ZoYXR2s+aupLDLa53uDDoe46duAqENc04dsR2XvvUnT7aynLWsGppzuF411BZaq3VTy+PDDwQF6PRa5SxBnx/6n8BKlu2CH2e4Pz8tM/LR9JUuupmTRHTyVnad5Y8OV7R1Yc0NcV34ywsHzedbrlkq3wugcGnuhVFLj+fAfMOQFeVFLHMw7fY+iq3QljtJOMd0SYULM8MtOn7613+6VZ34DipN0tWxqIW5B3OFmKmnfC4VMQ4OSFp+nry24xGkmPmaNsndHGQmyG1/JEpQHwv1syML0XoHqqaR4t9TJkAeXKyNxo/xAD8lWNqZ6CobLC4te07ELRCeGJtUNTHbJH0PHKM8cqQ1wcMrE9F9URXenbT1En85gx91r2OwMLXF5R5y6l1yaJWQnoAJyiDhF0JHpJJKyCTU5NVMA60n1RWoQ7p7ZN8YVogZJcDsrqgIkkklCDV1q4utVS6IiDdbXSXSkfR1cYex4PI4PqF4J1JZZbFdJKCXJx5mnHY8L6JcMhYX4k9NC52z+IwRjx6UkuIG5Z3SJRyjpaLUfHJRZ4pNCJGFpHKqKiIwSadOy0DhvpOxHIUOupvFjwBusFtbbPV1TwijeOMKfaK98Mngvf5HeqhFmk4Oya4EYIOCkRbizVKKsibJo9Ex7AFDtNyZPEIZDiRoxv3Vg7B7rSpccnPlHa8Ec7IUgy1SDymIwSJ4joSHM2I4K9W+H3U7a+EUsrsSxNAdk8+68snGDxlHtNzltFaydhIjOzyPRTKRl1WlhqINSPe+qrJF1PYZqDyiZ7RoeezhwmfDK5UnX/R9x+F3VMmKikj8E6xk+E36XY/wOx+vZP6fvUVXC1hcHO0gk55Wd6ohq+jOrKb4gW5jnNBPzrG/jZsP/AL3A/JPjL0cZQwv464a5i/7o9L/s8dTVtvbcPhX1C8tuHTrxHC1x3dCdx99yePZe4skbzkei+cviTJNTVlj+NnSMWs04iNTod/exO23755b+/svcbLd6fqCwUPUFufqp6prZ24OdiOFaWyTj/wDvg5XkIfLJXr32v0/f/c1DHEAY2Kp6urk6Yu7bzG0CirXNjqwNmxv8oEnsOcn7KbHO2RokYdvRGmbTXOjkoahgdFKC14IyiZzC31Dn1T1j+lq+Sy3CToq7yPEseH250vMtMc4x6uGP3C14AGcH9VSeSDhyngjCjkaTjKJkqgQqS41dUIdyV0E5TV0cqECDhdXAey6oQSSSShBJJJKEHJJqShBJJJKEEuHhdXDwoQYScpp3XTyuKEGtGHZC5XUVJdrdParhTMnpalhZLG4ZDh6FPT843UIng+dOpenLz8BLo6+WJktT0zNJmVoJ104J4B9F6x0r1bb+prXFcrdM2WN4BJaeD7+i1VXHDXxGmqGaozyPVeBdU9D9Q/B67zdV9JMfVdPyPDqqkbnEWecf4fUKG5talfqX/qe6wzh47I+rUsb0d1paerbfHcbbKMOHmjLvMx3oVrI3Z2Khkaw8MktzqGDhOqIIqqLw5R9j3CaxuRyuyA7bqFFeHTUrvAmOQPpcpLXbJ8sbZW6X7+iiNcY3eG/8sqELBrvZPHKjMfnOyM13sj6IHBGEsj1Q8lLJ9VeSA66iZWtyQBIBs/uqmCZ8cppKsaZR9Ljw4K9ao1db46xn9Lx9LvRQgFhGCMpjs5zlRIpJaaQ01XkOGzXdipYOVCCLdWMnjdYbr7ow1rmdU2HFPeaIbObt4zO7HeuVukx4DvdVKOQ67JUy3w7PmXrbpij67oRX0NOKa90jtUsZ28Qt7FUPwq61mtT29NX5jmwSEsIfvoXu3XfRIJdfLThkrR/Oia3PiD2914J8Rem/HH+0VE0x1EZAm0j6vf7rBqtN80dp9R+kfqizSzUlI9WpZ5eir0aiFpkpZSNbM+UhTOuumm1UberOmjr15cQzY4GN/wB1hPhd1nB1ZY/9mL5K11XTg/LE/UfXf22/VbbpC+my1cvSVxeTTSHAL+Gry2o07pntP0z4rycddSrV2VDPC6ptxpptLauH6g4bu/8AVeMdb9Ey080rJYNOXEtcBwvZusLRN0rfzcrcCxkpDsdiPQoF7paTqi1vrKYAPaMPZ3aUo36imvWQ2y7Pkq626ShmLXsx7qAd16n1Z0vIx7/EjyOxwvNKymNNM6M9imHz7yOilpp7ZAIpTHICFbRETMGDlUxOVMtlV4Uga/hEmc9L0Fqqcs8xaojW5OFeTRieIlrcnsqiSN8TsOCXNexm0dE7wHNkxwthQubU07JWnILc/ZY9x2wrnpmv0F1O87E7JLRv0FirniReFmPZCe3blT3R4xgID4s9kpnfxnorZmYyQVDkbgq1ljPooMsZB4QN4FzgRQcpj26hhHxhDduMZUMc4kCoj2yBlQHN0khWzo8gnCg1LMcBGc6+sBGfVMl23S3Dk/GQjMM0Dp6h0cjcjCvqWq8VgA39VnpY+/on0NdLDK1gOx7qBae5VvDNXFJp35ypQeHBVkT9XJypcT8EZQHbqsyshCwnlTaCodTv1E5HoozXNIxjhca45zhAb6rGmauBzauAvyFDfG6J+QFHtdb4WGE7FWM+JmDS1Q6MJbuQtJUsHle4DKsIyAA5vCzbnGOQNKvqCcSxtYOQlTjuN1Nnos6WXX5SiSwvjd4wGR/kobCYZ84+lXEbm1EWrGCs04ZOrRZhclpYbsw4pZfK48E8LQVEIczHqFhmH5eQPYMEHK19sq21dM0uf5uFlmsHUpsKyvod9mqsdGWnB2WsnpvEAeBthUtdQkangcpUlkfNL0VgAcMFAmpsb4RjGWblGAyMKhaWSpkhGDkKBLCCchXk8Wd2hV74zkoAZQIDAYznhWNDcJKd4c3juPVQ54jyAgslMbsEfmhsgpIqEnFnpfTXUklJIyaGTAzu3PC9To6mnu1KKiBw8TGXAL5wo699M8PYcevut50Z1oaKqax0hDTyCubdR+joVXntFqrHg/LTO2/Dnt7K3Dw7fIWViqorhGyvoTlp3OPVW1DXsmdodlr/AEK5Woq28HRrllFtqOMZ2XFwcLqwMacxlcGR2T2fUEUBoGEJAILwRk4UqF5OASguYE1rixwOM/mpKG4DCLNu7chE1eygMqcYBCmAnAIWayv9C2ESSSScMA7kroJympKZIFB23KWR6oeSlk+qgATIT9jzuFHaTqG5RQRjco0RrJWzR/JXBrx/dyH91YMdqHKHWU/zEJb+IbgqLQTPLjDId27KERZpJgOQuq8lYEkkkhLEuHcYXUlaeHkhUX22/P0bmMA8Ru7T6FU9nrDUweDIMSw+Rw+2y1jmg4WUu1FNabh/EKdhdDKfOB2PqtVdmOA0yY9uQq2vomVEEjS3JI49QrRjw9gkbw4ZTHsH6rpU24LayfP3xF6cZGHVNNFpLTkheet32K+jur7C2qilGnZwK+f73b3W6ulgcMDJwvQ6KzesHL1VLjLcisnhIb4gG3qtB0l1HNQyMjDgNJ3yqiF7ZafwSMk91XPe+jqdtsLc47jmu2VVinE+jqKcV9E2pgOS5oP29VLtV4mo5xFO4ujccbnheefDjqlkTo6WpOpjxjc8Lc11IdpY8Fh3BCxW1pHpNLqPljuNkyZsgDmkEeqIs7brkIYgyXJJVxT1OsDA+rhc+cNrOpXPJISSSSxoxdBx2XElBIOQcYQHj0Uo44KA7umw7AayRpW5GVkupbRHWQvjnjD2SgtxzjK2J83lIVfcKPUABuulpbXXLccvX6eFtTUkfHt4t8vR3VM1G5pEMjy6P0xlaalm1tZI05Dhlaf419Imqpv4lTx/zYTnI5wvPOmK/wCYp/Ae7zs2X0jwWtlfHbI+Def8c/H6ppLiXJqS4Sb6cn7q56ZujoagQudgZ2VHTv8ALpI5SjlNNVhwONOCu9dFSi0czSaiWmtU0e92epOhjnHkbq7ik8KdsjDseV5/0rdhMyMF+Q4Ac91t4iQBleY1dLi8M+w+J1kb4RaL+KcEZ23RwQVTUk+cBWEcgIG65NkcHraZ745JSSG1dWeSwbIMJkpZKYkgGCTE9MVMgwjKjyktk1DYHZSEyaFk0ZYR5jwUeRVjG5HqhGbBAwhRSEDw3/Uw6T7ohGVYrI7Iwo5+oohJwd1HdtnZUymzH9fUJ+X/AIrTNxPQjxgRyQOQrnp27x3m1U9cwgmRg1exwpFa3xCNlh+i5KiyX+59P1cv8rBnpW/4c8f5IlwzDl1Wf2Z6Ox2Qdk5R2vCeTq4KcjbPGOApIxyhnlc1e6arKbyOKrpWj57AGPIpx4Krq5xjkilA5dpP2KprIAccLh4XcY2XDwrAAnlDRDyhqEYjwo82CwgjlSDwfshHlGImslSAWjQeQnZwAuVDSJz6LrPpCYngxWrAKtjEtMcDcKshOqnHq04Vy4BwIPHdUbP5c0sJ75eE6MjFauQgdhcO4Q5CWyBuEWMA7Z3RPgBoizA/sosWz9yp049lWvIbO49ipF5ZiteA90hbUUb2uGSQf8l893ZpiulXCRjQ4r6GY7xGFhGcrwnrCmNPe6s6cai5dzQS9HyX/wAR9O5aSN/6ZR0xJpic+qBTN/mlyJR/9nIXKf63fddjOT43twTouEQ7pkaLp90Ypg1GqBk8ZUxR3jLkLKIlQdMOMqhrnan6Rvsru5PEceCeVmZnl0pJWW2WOjdp4+xmN8qTC0NxgboA3UuJiqBqlLAeI7jZW9KGiHV6qBTw6iNuFLkPhxBi21mayeWAq5MZCr3HY7p9VKS5R2OJQWdhwXAw5J4R4AdXC5pGeOVIhbg5xwqRqgssO0YAwOVJp2HOpDibuPLsFYU8YABWitGifCwiTTN4JClAgNyhRt09l17gG7dlurRjtmMmlI2UXOSVySQ6gMZTm7rSjm2ttndWk49UKom0gEBOldpCr6+o8GIyDfuqtujVHLBrr3vBBvVykjhEcRw522VT0kJcfFc3JPcrv8ysqNUpJGcqwcxoAwNguJZbKbbZ1YbaoJRQ0AMYoc1QdWkBHnmGNIChO3JJSZTGRWeWPc7A+65EC9wKHu4hS4IyNJSvyZUnwGijwOE9+AMZSOwGyh1kmAAib2oCMXJg6qU74cFAOScpznFzskokbNWDhZZy3s1LEUNiY4uGQrSkixvhCp4MjcKexoaMAKoxEWTyOY1rRhcdlJ2cjCfG31CelngQ3g5HEdtuVLij4dp/dcij23CltbsmxiJnMaGgDhFZGMasfuuxxg9uEThMTwZpyyNDgMgNXQTjlLGUWKBzzkhM/LgHIxkReQVI0BgC6MR9k6JpLgU6KS7KjGVslGISCLUQcbKS8DSGhca0NbhoTmsdqGyNSyel0umjVHHsHDAJH5cCcce6sYoQ3B04Shi2GGqdDDnAwiOpTQk8oZFGcAAKZDDjGydHTjbZKaVkLDkKn0bIxSWRSubE0kkDAVTU17H5Yw5Ta2vJJaFAYRr1JT7OdqdXz8cA3iPe4EojRtk8prS3G3KLAwl2VTeEXp5bpBqaPUcFSizTgN3J9FyGMBueFPsdDJXXCNjdwDkrLZPB6PSUbpqCNx0pbRbbWJHj+bP5ie+PRWsgzjC5qbGxsYGzQBhLxAW4XMm/ubPf6WmNNajEHIfD90tSaTkpj8H8WEvGTbk5JJq2ATBnBceAnaMd1EuldHQ0zg/6n8J1VTbM+pthVDdJlXfriXvFJE7GkZdg/sqd5wMkpj37ue45JOck8qJU1QccBd3R6VuSPmHnvPbIyaYSoqS0YbjhV75y76hhF8zyQN3HgLZdI9CicMut5aWxN4jI598rqzjGpYR8j1+vd2bJsidG9DVfUTm1soApBu7PdesUjbfZqKO3WqPJbw0KE+ufpba7HS6BGAMt2wPdXlrtbaRoqqvBkI5PZZ5T3HnLb5XdjKa2TTSNra05fyGdgFatGvAbv9kyHxri4w0ROh3L8LSWu2xUceCNTu5KVKRiskhlstOgCebG+4b6KdK5kLQA1cmqm07ckbngKCJnzO1O7lA2LCPe5/HCRyBnCe1mkZIwq6qryCWM44yoVgLNUYOBhQ558DGQo8k+o6nHCh1dTCRpLyCqwMjDcGmqG5zz6qBX3OlpY/FfKARwDtlVdTcpnzGCgifPJwGtClRdOUduiF/69q2aW7xUncemccqzoaTx9utlsqXJTF946wdIKUNioHbGYnd3/L6f6qJPX9M9HxNpom/MVLeWgYOfuVy/daV/UDv4fYaUUdE3iXgvBx2/9e6g0dopqbMukD1JHCmUuz6T4n6Xjp4J3pN/pdgi679QkT1mBE7fw0qk0toeYCHCVvLUaWatr5X26yt11HZ2ePyWstHRll6djbfOoS6V7hsZNwMf/KEE711E9V9tWK+v/wBVL/1KXp/oevvkhrr3H4cJO0Lh2+//AKLR3rqO2dOwG3WulibMBsQ0OwVX3zqqvvb3UlqgkawnGc8+6iR2m32G3GuvTm4Zuc74QRpla8yZi8l5enxVO7UyzP1BcgI4Lld83C61GnVy/TlCNxbLK2hsrg5rQRI/Hft/qkJbx1e8mEmloW+UjnX75/JX1vs9LbIGxsaC4cuxytKjGrpHy7y/n9V5Kb3v7f8Al9EK22DBFVWOy8q3cxobgAYXC/U7QDv6ZVjarBcLlJ4bIzjuUbmvZwJWZK6KMvOGjnYLT2To2qq2iSpaGN53WqtHSNFQsY6oDZHgceivWtaBhuwHGyTZdF8IRKxvgrqGw0FDEI44hkcnClhgjbgDAUjT7oUw2z6LM5bnyJcmwJGDjOUNPIwcFMOQM4yiiixpYO+EIxgHIGF2SQd3AY9SqWv6pt1K4wRSfMTj8EHmKvIJdOcWg7ZUKprqOijMlVO2No3OVTxt6rvzAaKI0ULuTKPN+iubf0TTjTLdZn1LxvgnbKHdFFFVPfn1TsWmCWoJ4c1uxRIemL7dX+LdaowRuH0NO/5rbUtFRUUYipaaONreMNRSM90uVmeizO0XSdroMFsTXO7kjc/mrqOKKJobHG1uPQIzm+6aRjukuUm+QgWkLq6dlxF0QakkkoQaCRwmZK5kIZkjbnLsYR4yQOh4c0ZJygTXBjAWxtLnY7KvdU3OY/yAWj3RkJ807QRrcG/dQ6q80dK3U2XxHdgzcoDbVLNl1TOXauQjwW2lpt2MBPrhTJCt/iN9ukmijgMEf/ePTf8AZuqnObncZZQeQ1yvgNIwOPRD1ZyFCEOmtNupWBkdOzbuRuU+Sqkb/Lh2aP0TpORugF8cf1cooxyQ475qTcPGEMvjZjxZMEJOfNJ/ccIbomAapjuiwQUlS3iLcqLL87UfVM+IdtKbU11JBsHjI7KC6trajy0sbjnvhQskOooWYdNKXY7nugyTUsbtLH5KNT2G5Vbg+olDQfZXVH07Q04D5fOcKLkp8Geb81LgUrc59lKpbLdJ3YqWhrD3K0ElRbaAaYQ0EKvqeo9tLZAjCTyEi6fp48OkkyQpRZaqVvnIOFnam81bzlh2+6rZKypm2fIcIymsmqquoqWnBFIzgYVNVdS1k40xu0hQWUzpRtn7osdAdXGPdQojyVNbU/XIT+aY2me/kYVmaaOFup5AA53UGqvlvpG/ySXvGxAUC2sLDbg7+82Hcoh/g9F5pJQCFnq3qiplboiboH3VLUVEtQSXvOT7okshqHJpK3qyNmY6RhAGwJKzlffrhVDQ+V2kngFQn55JTJXcbIthohEjz6pDlxz9ygNYPsiyB0jgG8qdRWOqq5GsLCGu74Q9DHJRK0MBOAc+ymUVrmqHYY0j8lr7b0UyGTxZXDAHcK5ioaakdmOJpKpywKnb+jL2rpYOkD6kasbjI4Wigoaak+iME+uEaeupqdp8Qhowqas6lo4hiDVI/PAQOTFuTZcg6QSB2UGa5U9MT40rR7ZVP83eLmMRs8JmPVdp+nIy7xKyYuJ3O5RAnazqxrXCOigkkeeA0ZVTVR9YXiTS6o8GN25wcLURUFBSgeBG3UBzhOblu+cIwjMQdCUpImucvjvO+DurSmsVpoHh0FIwu9SpFdcoIT5ncc7qmqb45x005/VQNbkX0lS+Bg8NwY0dgqqrvUO7A7J7qlnrauoPmmx7LlPQVFZM2ONmSeSRsoAFqLgARgZyoU09XLtTNyVo6PpR73B07g5o9leUlmoaUh0cILh3Kgx2bDIUXStxrgH17gInbkK8pOnbdQO1xxNJ43C0QYT5Gt7cBBfBBENc5049VAN85ENkOkYa3A9gieA5mCRjKj1nUVuoGgRnxHDsFm7h1FW1zzmUtaew2ULcXPs1dRcLZQw6pqjzjloVDX9Yue0xUEZYDy491n3z68l5LifU5UVzwM4CgyNeCZLXVFS4maUkntlRXAYPmCC6UtTHPz3UHxihzjzuhklNLgOShqDEkdL3HkoZ2XMhNyFAhxl7YQySVxDMw4woQfqPquZKad1xQgkkJJQh3W71SLidiVxcJGMKEOZKWSmHlJQMSYkhkZ7onHBGOyVxCSQjMHWrmSutXEcSDsj1XHAHumZPqlk+qIsaSc7FcSXC4BANEThBkfqGBsmzT42AQmk+qgSWTrnuBITEiMJKFjkklzV7KBnEkl3Hsqk8ADPpTmwl2yIIgcbIwaGDhArMgylgGyEMAynaNsZQ6icMxq2HdZ66dVwU7i2lJcW7HfuhlYkMhTKfRoZJBFu4jCzl66oipHeFDufusxcL7ca55LpnNaewOFXOa6Q5ec/fdJdnB0adIu5Ey4X6rrXDDiABjnlQRqc7Lv1TzBjkJ+gbJEpNmmMFDhCazOMhGaxuOEmsyOU4sxyVXLLP1pDQExzRyAjph3X47P2cm8mH62sPzMBrYRhzT2TugL2KmE0E5xLF2J32WqqoBIA0jIXn17t1T09exd6QExH62j0UHN5R6g0gjhPO6r7VXx19FHUxnIe0FTwcqGWawyvvNqhu9BLRyAZePKT2KxnS1bLbq6bpytdh0RPg55LV6IsN8QLJIySPqig8s1Ju4DuFA4y5SNI3HcKvr43MJnjHBym2G7RXi3RVkZGXNGseju6sSwPGCMhQNv0TLVW/NwCVxy4bFT1laSd9srvBP0PO32K0zSMcoTLKI5JJJEAJOwE1OUzgtPB5Z1RbZ+iesG9ZUbT8rWnTWMaNvZxXo9trobnQxV9M4OilALSDlNvtngv1rmt04B8RpAJ7FYPom8VXS91k6JurMR5/3NxPO/H+SNP2E8S5PRJTjzeihdQWWi6p6fns83njqW7/AOFwzg//AC+qsNPiNIUMTG31Mfjb08rtLgOxWiqx1TU0Yb69y4PnnpW911outx+FvWFP4tNIXxN8bzNLeHRnI+h2Rtuvjj+0h8EnfB7qwXq1Oc+xXGQmj3yYxzocfXuPsvvj+0j0IRSRfEG0xkPpHsbXBoz4kP4X/wDh3z/zdlgtFi+MXRtZ0n1RCKgGMxuIcATKBtO09n5zv2X0bw/k8OOpj/1PG+Y8XDW1up9nwbR1AmYyVp2cAVPik1YGEbrPoi7/AA16squmbv5mseTBMG4ZJGT5XNPdQ4XjUMBfW9PqIaiCnB8Hw3XaWeltlVNcphaiPSfGaFIo5skNPKbgPbgjlDiBiqPYLQuGYHyi3YchEj+pBieHNyEaP6loi0JfYdn0hEQ2fSERELGJJJIiBkkklAGJJJJQBIYknpKBiSSSUDApJJKEGpJJKEGJJJKEHoZZgZyiLhGUAecEd4wcIMjcjAHKku3xshuGUuSwsMtSLnoDqaawXeKNzzoLiOfVfU3S92p+obQ0yyNeHDG/IXxtMzJyF6R8I/iFNa7ky31smWu4y/GwXk/LeO2/6taPtP0P9Vb6o6DUvn0z2y6W59NN4bm4wctcOCFDeMjPqtfWimvlnbV0ZDnR+Y45Hssw+PYZ5Xn8pH1rbuKSvoGytMkY83ceqwfVXTsNZC7+UC7BXqD2H0VfV2yOfLgBk+y00XOqWTl+R8bHWQ2yR8v3qyT2ycua3y5USlqCw7r2TrbpUSRueyLJ3yMLx6726S3y6iDpyvT6PWqawz4f9ReAnpZucVwWdNUiRuHY3SqaF8o8SPjuqeiqjnCvKSp1NDeF1FJM8NZDa+Cvlicw6XfmqmVtRbpxUU7iBnOy09VSaxqHP3VdNT6gWPbkFO6Krszwy5st2prrB4MwAlxg+6hXSgfBKA7g8H1VEwS22oE0JIGeQtdQV9NeqXwZceIB+eU2LBlFQeUVlsrprXUtngkLCDvuvZenLwLrRMkc4F2N14xcrdLA4kbgce6n9L9TVNoqWtc8+HnBC1Rlgw6rTqyO5HusfdGaqq1XFlwpmTMIOoA7FWTe60ZWDz77wHSXGrqIoSSSShBJJJKFMfnCemJ6gtjkkklCCSPCSShAZ7rhGoafXZPXWnGSqkuC1JxeUeJ/ETpn+D3I1lNHiCc7kD8SyGkH6gvorqSyw361yUD2t1HzNPuvAa+kkttbNRTtLXxPLSD7LLKKZ6Lx+sldDEjP3Kkaz+dG3GTgqvcPXZaGeMSDCpaynLJMALHZHD4O9VPjDAU8pgmbIDwVpKerbNGHM/MLMO8ql26t+Xlw4EtdsUEZemHZVui5GgSPC7lpAc05BXE9GFrDAFuSSQo8wLhgKYQOUCRueyprkOOGuTefDW/sdKKGodiSNvlJPIXrHhQXq2yUFVEHaxvkZ/l/1L5po6ue3VsVXA4h8ZzsefZfQHSt1N3o6SvoDrlDQAM/i7sPsm1tLhnA8hS6pfIh3wyrW26punwrvf8ANpo2v+VDjzE76mjtwtT8Db3L0vfbj8K7hKXwhzprSXbBzCckA8dx+qyPWzHeBbeuLK0traF4II+rwj9TCO+MfuVM66pKl1PbetbV/Jq6J7Kh2nfQ0+U/kNS0d/8A7+jmSat4fUv/APpH0O2VtJMA7Zj/ANlNml+RDaojMR+o+izPS/UND1v0vBdWNDZJmN14d9Eg+ofqtDaqoVMTrfVxgujbg54e31UONZD43tfY3qmyHqG1sfbnmK7Ux+ats7DhzCBnOf6Ttq+wUnpHqNnUtobWSRfL1kDjBW0xOTDM3Zzc/cHsoFHUusNfFbKvPyVUMU0x4Y7O0X552+xVZ1ZDVdL3JvXtoZrpshl7p2f8WE8z/wDMzB/8JIQAqOTe7djlFUKlqaesp46ukmbLBK0OY5pypUZH6o9qwLfDDJIetvqlrb6oWsECJJJKiDweyICMIS6OVCBUlwFdUIJJJJQg5JNSUIJJJJQglw8LqShARBzlcRSByhnlQhxJJJQg1ceyKaJ0E7dTH8grqShE8dHgvXfQ14+ElbL1v8PWO/hjnB1dbm7+Fv8AUP8ADzvheh9Cdc23rG0sr6CQGQACWM8sd6Fbh7GyDDxnOy8M69+HV3+Hdzf118OGvbQPdruNuZuHDuQPTlQ0ZVqw/wAv3+/8ntcUxIG3KkNcHDK8/wDh/wDEO09ZWmKropwZcYfGT5mHuCttDLnCgOGvtl2SzuMKLLE14weVIa/Vsuubq7qCyAxxY7RJt6ZUuN+3CZU0wlZtsQgU73gmGTkcH1ChCUkuZC6oQMOUcYLMZCjruT6oyA6qmjqGFsg+xVaBJTP8Gbdv4XK4QZ4GSsLXj7H0VshEBymYQXSup5fBlGx+kqQBkZU7IMkYHYyvJutejpKKWolbHro6rPA+nK9cxjuolwo4q6kkpJRkPHPoqaGU2zompQZ8WdSW2fpC/wAdfQAsYHhxxwV6pS3qi666abe6H/t7GhlRGdyfQ5/X9VZdcdEGN0lPWQh7HDyvxsvDLN1BX/CvquSlkJfb52iN5AwHszuuLrtH8kt6Ptf0Z9XbcU3S5PpbpatpOt7TJYrlHmupmkh7vqLeMe+P9VjQyp6Rvj2VtM75ZxMb289/9Eorj/C5qbqqyTCpp5fM8N2LSO5/VbXqC20PV9g/jVs8rOQOSDjcFcK2pweD7/oddHUw3QML1j0tDdqH5+1lr2OGrAXhfVHS7iX/AMrRI325Xuliuot7zZrgSA4bE9iqXrHpdxc6riaHMcM5CSxmt0UdZU89nzJJG6KR0bxgtOChEaTqBW26s6fAe6eGLS8ZyB3WMIIODyFFPJ4PU6WelniRe2eo+ajEbhglculM1kYcRg5VNBVSUkgfGcYWohfHcKUPcASRuij9wtNNGdPoSjUEop6qORx8uUq6lMU2kDYe6A0EDOUuccMuueyWT0WnLZ42yNOzhlckixsq/p2t+YphCT5mq2ewuyPRIPUaaW+vJXzRgdlCkZknZWckRzkBRZYcDhANkslXNGBwopGO6s5YyVDfGc8KGO6JGxjb1UaeMdgp+n3QJm+XlFkxXV7kU87NJwAmjlSqhg5x2UU8phzLYbRzmBzCcbhQXDw5QccFTNelCmZq3AVpHPsTyT6CvLgA8hXUEjXAOByscxxiePMRhXlurAQASeFTWDo6HVZ+yZexPycKTpGnICgRuzggqZDIHDCA71ViCQPcyQK+oZ2va0FUMgxggKRQVTo3AFAdCmznBaVtP/M8Ro5QqatmppQ5p45CmRSNqGjI4UOpiLZjIBsfdRm7DhJSRo4ahlTGJCRnCkUtRLG8aeOCCs3b60tkEROyvY5GnBakSijfRbwWzgZxqAUy0VPgSlrnbHsqukqgfIRz2UsNaRnjKx2LJ0qbmjbUczKmEN2J3QaulyMcKqtVxEJaDur4StqG7DdZZJo6tct6Rmq6lER2UMEjkLS1NJnPiR5JGyp6qiewF2nA7BQLGCG5uoEeyhTU+OQp7NtinOi1dlCiklhAIGnn3UWppsDVjH5q5npxjIaoz49Y0nZU+AXHDKfUWnBClUlSaeYSDsnVNIB5mjj3UEv8MkaUmUVIWp7Gep9DdcCgqBTzPJhfgOaTt916u6OOogbcKGQOaRnbsvlmCudC8SM2IXq3w46/IH8Oq5sMdgDV2XL1mnz9yOhptTFy2yZ7HQVjp4QH/U3ZTWvz2VKxwa1tRCfK7HHBVhT1Qk2xuuNZUzqRfompzCcgdkNrhhOScYCDjhMc0OXU47KiAHZbuEakqXucY3njhMOTthDEeDkbFA1kAt2EHgpygU9WAAyTn1U1rw7hJcRbQRJJJZ2gBJJJKiCXclBSRF4JLVErIdD21EYwc4djujsIGcrs2C3HqrAGwvMg9kdQ6V4jcIT3U3AzyoVk4kkkqIJJJJQglEuFK2qp3QOGdQwpWQuHB7o45TLMba55IZpbbPnVG46c84VrjIIyudQ24NDbnStxPFzjuECmnE8TZQc6hv7Fb6mGgNfTtqY/DIznuvFviV0u2N7qnR67j1XuLwDjKzvVdljulC8huXYXT010oSTTKtrVkWj5ahkdG8g9iUy4R+KHTtG/orjqq0vtte8BpDS47eirInZaA4ZBXo6bPkWTzV1bhJxZ2yXGSmnYQ8gsOQveulLxFerUGFw1hv7r58qIflpWzRjDT2W46H6hdQ1UcZf5Hn1QzjuNeh1OzFbPXqVgcfAds5pIU63TSxPEcjs6SQoFQ8NjhroXbPAyQp9SA6niq4hvw4ArFbHg9HTLBeMeHtyERQaF2YmkjdTliksM2xeUNXDwupKggByhqW5rdJ27KKQco0JYwjCFM0OGCjOQpTgZWymW1mWyO4xPU1rbVB8crc7bL5ivtDL0h1U+DTiCZ5LPTBK+vLjS+LJqxkLwr43dImqpDcIIsyQHVkc4XovF6x1WpZwfP/q3xn8mhzS5RR0M4mALVIqWB2H91lOk7o2WJrCTkDSQT3WszrAC+l1T+SCkfHmnnBpuj6x7PI6TGDsvWaKqL6VjiQ4kbrwu3TuoKlhccNft9ivWOnK9s1I3BzsuZ5Clze5HvfpjX4xTNmnpZiJQ091bQyFpAH6qiiJc5pzhWkbg6LTncrzl8MM+k6O7L2lrG4EA5CMHA8EKBE7YDPCPE7HJWGSydiIUHK6gpIBqHpp5XdXsuHdUW3wFTBsnoZOBlGzPJ5ZXVoLJhIwbnldY7U3KLM0SEAhQg4smdCTgt3H2U6IwrvqKaRlLOF1CUR5Yw7ssD19b56Oej6howQ+jlBkx+KPuF6HIcdlVXukirqGWmkaCJAW/qjiI1EftyuxWyviuNJFWwOzHK0OH5qeHeU7LA9AVj7dNVdM1bjrp3ufED3Yt413smJlVz3xTOZOpF/ChpZKYOOO+oqPcWgwOIG7PMPupWtvqo041NIxnZQAFFJqaDjkZRDwolK/VEBj6SQpAdsVAAbu6EeUV3dCPJChTOHkJHhcckHAoxU0V9Y3DtSEz6QpNzH8kkcqE3fA9UbMVnA8jt6qouIMNbG4DZw0lXDlXXICSLIb5m8JjMl5FnwGl43IShd5g4lCa4OiDs8pgeGu3KJIzSnjglSDVvnKqKgFs2MK2bLqjzjsq2rIJzjfKYlhmW3lD6SQDYjleSfEuj8GvdUNGz3OXqjHb7dlhPinBqt4qA3cuP5bLq6CWLEj599dab5/EWf25PL6baD9UqUHWdl2nOIkSkALuML0CWT4Hnglx8hEP08JuMAJZKNSwJY131FMf2TkOY6W5Pol3ESyyku8xc4tzxwqUtyc5yplfL4lQceqiuWGT5OrQsRwdxkgBTIhkYUaM5IU2DYD3TakyWkynboHHK7WOGNl1pw3hRamQ4WrOEZl2Q5Dl5Kauu3KTRkoTRFBYxnClRNyBsgRqZC3jbKuPZqr4Dwx6iFYRtxhAgiJwSpoZ5dhwt1cSWy4wEBBbuVHeTuuuyCQCm6mrXGGEc66wG5uTnC4dkQ4UaV2AUx8Iz/kwdVO1uCSBhZmqrJauUt1ENzwpl0rGVGaeN2fUqDHAY/MRyuPqrvklsNldShHISGPwxqSfUYbxlOLgGkYxsoMr/Nj1KxyeEPrg5Mc+QvO6FIdwAnYwFyCMulwd8pKbbNOFFBoIskEjhTWNAHHC4xgaAAMJSuDB901cIzt7mKaVsYxsqapmMkhOSjVk5zhRQcrPZP0h0I8HGNccFTqZh15IQo2ZPCsqWPGDjslxWSrJYQaJga1PO6c3hP0nYDunKPoySkDbGc7hSoIuDhciiBwS391Ljjx2T4xwKnM61oA4Rg1JoCIjM0pZONTgMpAEo0cZyDhHGG4WzjIC4gkKU1rWDbsuMLQNgusBkcAE3bjgkU2xhjdK8bcKS2DSBsjQwtA+lFx6DhGo5PQaDQ7V8kxkcXqEVjMEYC61pJwFLgpycOwiO5XVyPp4dW2FNZFpA2ShgAbkBMlqo4Mh55Rm1RjXHMgkkzYm5yqO5XDWC0IFfdmOy0POScKtY5z3ckj3KhxdZrnJ7KyQx7pX6nLsrwwDCaXtjbnuo2XSOzuUs5TtwyxpcyEZCs4WBgB9FCpITEwOd9+VK1BwwCkWSyd3RcJSZI8YEaWjtstv0VbDBSOrJWeeTf8AJYu10clZcIYoxnJ3XqUUTaSmZABwAsF0ucI9z4fTb2rmJzsHdyaHHhCkcS5PWOXZ66EkkEB8u/KCXHJyunsMrjnNaC5xAA3R1rLJO1I5NMynhfPIQAwZWPq6yaundNMfKfpHoFJu1zkq5DECWxN4HqqOprRGNOF2NLpt589+qPPRhF0xfR2rqWMHPsFXCUuduUnNNTJnPbgdl6N0r0RFZ4G3y9keK7BhiLd2j1P7LuxiqoJHxfyPkHY8zY3pTpCGhgF6vTsP2MURHA9StfTvq71VCGP+XSDYjGAUqShnvUpfUN/kcNartny9LG2kpYtUjdgB3SbJZ7PNXXOb5ZIpKemtjC5unUdgByVYUdFXXInxTiEHcEYyla7K6ocyqq2kEcNWqp42xswAABskPkwys9DbdSwUkOiNgbp3JTp7hG3aPfCi1NSSDBCcZ59/ZdpqcsOXcpeBDk2NYySql1P/APQKUTT0XmkI2GyZU1MVFFkgewHdUFTWvqZNTifYZR7GwiRV3OplncWnDeMKKXO3cQmgd8bKl6g6lht8Jgh3kPbPKNQGxiTa6vip8B7g3VnBVPbqa8dU1RioGPjiGMySNx/8vCPbuljVg3bq+aSmgH/A5GP8XqoPUvxDq6iN1n6SAo6VuWuqcbyj0A7fqeUEsI9P4b6d1PlJJwWI/ss7p1F030NGaayRNuV6P43N06ccanb459PVYmsqbv1FXNud4k8d7QdLc5DM84/QJUdrkqHFzHgRD8RRpqgQt+VosHG33KTOzafVPHeLr8bTipcr2A8WGkB8R2nGTj3R7da7t1K9z2uMNLnBz+JWdn6S+aeyturQ6Pkxu+k/daKqrWwxG32WnZEWjAeBhjElt2cI22WQrW6viX7GRT2To2E01JETM05exx8+fcY2VE6lunUNe+srZmxRkAMdjbHoApptdPSCWsr6rxnuOrJbjJ/UqnqOoLr1I91s6PbIyI/VXOGGEH0Hfv3T6ascnkfLfUkdGtul5k+3/wCxOuXUFt6cjNrtgfW3KTb5djdL8+/OEO3dLVl6ljvPVMz5HNJMdLjS1meTz3wP0VrZOmLR02PH8004GDLKcvKdUXOeoeYKCPxHZ2APKduUeD5vq9bK+bnY22S5Z2RuxkDPqd0+lgqbhKI4IyR3OOFedO/D+ruLm1t0ZoA4B7L0Ogs1BbYRFSwgHucJU7MHOnbkylg6DgGKusGXnnK2lNS09JCI4Yw3HfHK61pbt6Jzh7pUrNywK3DCNzgpgJHdOJwhDfjfHolqHsEMDgFCDjk5Cqbx1XaLLqbV1LXSt/4ER1S/+XlUTbh1j1OXSWai/hsD+JqwaX49Qz/qqfHZDT3K50drh+YrZdEY5KzdR1fU150dN2uprXZxq2az/wAxB/yUy2fDW2eL851DUSXardyZT/LB9mrYQUFLRRtio4RG0DGBsiU9qIYmk6P6ivLWTdRXFtMw7uhp8gn7laW19K2a0Y+UpI9X9bhlx/Mq4Dcb5yujkpe5y4ICAA2AwkkkluOSDc4SzlJcyoQ6uEgLjnADcoDngZOVCBQ4nskSMcqMZ3j6eEjrdzsoQK4gZOVGdK4ggNTww7E5/VINGOFeMkIjm1UjsAaR6rjqVz8eIQce6mtIOQhYwn18kA+DEAAGYwnJHZcJGERDiZnKTiAd0E47lUlkgUuaO4/VA1ZyEyQ4Gou2VfVXelg/Fk+gKvohOeChSTQQj+a8N9yq91VXVw/3OEtHqU+Lp+pqP/njJqa7sOyhCPU3lrT4VAdbjwOyHFQXm4u0VA8FnOc8q/prdb6MBrYm+Xg43RZa2CJuGP3UIVlL0rRQv8SZz5j6OOwVsHUdGwANYzHoFXTV9S44Y7AVfK2aZx1PJUSCayWlXeYWjEUgCpaq81DyRrBH3XRQlx8xRGWyAYdpyUz8QSvc6Wc5IO6YKQvOeFbinjZtpSLI2DJAAVBJ4IUNF2eP3UhtDTNOTHn80CqulNSDGvJVHXdQyPBbE7ZMwWaaWehpm4IDfzWer+qBE8w0zM+pyqKpq56l2qR5/VRdO5KPaNUCbVXirqT9WkfdV+7jkndPxjuubeqoNRSBnfclcIx3XXhzsaQfZWts6XutxaHuiEbTzlU3gm5IoZTrI07n2Vlb+m6+vLC2IgHnK29u6Qt9E1rpow5zdyrQNYwamgNapvI7DPW7o2mpiHVDdRHsrp0FNRsAYwNACg3HqWmo8tEu7eO+VQ19wu1yGaZ+gP74VNZFuRdVl8pabLdYzjjKoqu+T1eRQRF7h2BTaexx4EldJrceSrKMUUDQKWINcO+FWCuytitNbWgPrpA3/CFMp7ba6A6/DaX+p7o75ZpRgv2UZ01PH/feYjblQsMZWknQwAH0TXyRQtzLJpCgVNwcz+5GAVVVNTJKcyPz7KESzwW1TeKSEHwnF7uyqau51dQA0ykN9lHdGXHy7n2VhRWO4VeMxaM9/REG1tKlxLjpc/JHqpEFrq604giz99lqKHpWip3iaoaZH91cNhhZ/cxaQPRVJ4JKzCwZyh6QjaGyVjw53oOyto6KCkaGxMAU2SeCHHiyAfdUd16pt9G7RFmVw4wgUslJuRbDYHLdICiVV2t9vj1yzgn0WOreqrjVaw1+gO49lSumlkOZZC5EF8TkbCt60Mf/AM72Frhw4rOVV1rKx7n1E73F3O6hOAwAHJjztsUY6Ne0cXknKReShl+Oy4ZQoHtQ4vPKEZT6Lhl7YQScqBpBDL7LhJKbrGCfRAM2dsKFj9XuuEjCHkpZKgZ0k52KZkriYoQKSMcoZ5SyfVCx7qEOJJiSmCByRg7hBPKWT6pimCBCRjlDJKWT6pimAlHIUkY5Qjyln3Qy4DkokhkY/s6mpJiPBB6SSSAIYkkkrICXCQFwuG6E5wwd1QKQ50wGQgOmJymOJzyuKD0siJLjkpJJKBiSSSUIO8P3Q9PuiiPJ5yiiM44ylt5IBY0lwOFJdGC0bfuo76ukpRmplDVnbr1lTxPMdLl7u2EMppBqiVnRo5qqCl/vXgLP3brGlgf4dMS5w7ArK1V2ra5xfNKd+B6KEIfEOcfms7n6NtWkS5kT6+93CvcS+dzWnsCq4NeXZJJKLowQOEQM1AYHCBybNMEq+hgjyF1sQzuieH7JzYSTjG6oY7cDTGXYwP3TfC425VlT2+d4Hk2VpBaY2YdIxMUMiZWYKOnopZT5G4VtTWgNA8YKybBDCAIxj8l3xB3RRh+xbsk+j9PkxPTF+Mz9sA5GZ7ZVdcrdHXwuilaMEFWqY5qhMsynThqLLWvs9Wf5biXRO7Y9Frmk77KqultbVs1t2e3drhyCpNrqpXs+Wqf72Mc+oUAsJ6DVQRzxFkg29UZJQHo8vpDJ0Z1ebVUE/wAMuf8AMiJ2AeTwt/AGv27Kv616Xh6msslNj/eYgX05HZ6pug+pTeaN1DWgsuFEBHUMJ3DhtlQNPLwi9uVH42HM+pp2RrLXSPDqWZ2XM4ypYDDnVuquaB9NUfOQjIB8zRyoSSyjQtTlHpKqKpjD2H7j0UhQzsckkkqayUJYf4idL1FxhF1tZ0VlONTHDnI9FuFx7WvaWuGQVZaM/wBD9SRX6gZ4xDKuFoZOz+l42Kv6iminaY5Ggg/svM7tDP0R1O28safkqxx8QMHB7lemUtVFVU8dTE8Oa9oIIOUyOGwZR4yRKL5asjq+jLxF48EoeHhx+uF2A4f5L5LvFur/AITfEKfp52p9KXl1EePGpycnf3yD3X1jfqOWSBlyovLW0Z1xu9fYrCfHXop3xW+HIvVj8t/tDTPBgZLdOfGhx6YIx+a9B4fVR09uLPxfZwdZT925Hhvxl+Glt+LnRBmtkscd3oz4tFO9v4sEGJ3rqBxhfGXg1NFVS0NdTvgqqZ5jnicN43jt7r7O+FvXLrgDRVT2mRrW+IwnYj1XnX9pv4WNdr+JdhomtIP/AL1axv1R/hqHEfmCcdwvrXg9bHTS+B9S6/sfOvqvwctXW9VSuUuf8Hz/ABnYLsvlaZMZIQYycj0Uk4cAF7Vcnyfbh4HUlQ4YBCtIvX1VNvHJgDZW1M/VG3J3IR1sTYv0TARjlNQATnlGZ9IWgSdSSSREDJJJKAyWRySSSgKQkkklCxqSckoQakkkoQCkkkoGNSSSUIMTnLo5TkMuyAsZTHYLcEJ42TcFW0miEd7c52UXDqd3zce0kf04KnOb6hR3tOCPVZL6vli4j6NTZp5xnW8NH0H8CfiY10MNnuk48x0h7t8ff9V6f1ZZ2UsjK+lZpjkPnaOAfZfGdouVTZ6ttVSvLSCM4Povrj4Tdd2/rqxutlRpdNAwZa45dheE8hoHpbc47P0n9EfUkPO6Xbc/9WKw/wDoQ2sD28dlFfC5pJI2V/eLRLa6gkN/lHgjsoMkTJ4NI2JXP3YPdfB8iKKvt0NbEWOaM45XkfW3TMOZP5PrnZe4mnMWA8fuq29dPU9wgc7QC4j0WvTat1SOB5jw0NTVho+Ra2mkt9WWtyBnuplJWEEEAFeidddGBoeWwYO+CAvJ6hlVaanw5AcZwCV6jR6xWLk+DfUPgJ6WxuK4NZTVQnbpdgZSqaRuMg8qjo67U5rhsr6nqWTNawnchdiElJHhpZgyrmpCctc0EFQqeSe01rJmZLQd/stHNSZGR6KpqqU53AOU4OFm7h9Ghinp7nTiRpDgRuO4VDX0gikJZyCodDXTW6pyMhhO47LUGCnuFOJ4sOJG/smRsKlDb/gJ0d1bUWuZtNUyEwk437L2ClrGVEDJWuBDhkbr58qaaSklLXjbkH1W16G6w8Itpq15IA0blaI2ZOVrtJv/ANSpHrTXeyKDlRaWpinhbJE4EEZUlqamch/3OpJJJpQ9JJJQgkkklAB6cmpygIkkklCCTU5NUIE4wfReffFPpWGvgN8pYdM8ezy0cj3XoR3TXMDm6XYIPqMrPKOTRpr3RLKPmRzCBvyQodTT+IcgbrYdfdNSdPXcBjf92mB8Ij/L91nGt04JblZ3E9Xp71OKaMxKx7JS17cYKE8HIIOMK7rqF0zzKzA9vVVT4nEcYKRKODpQmmsFpZ64n+TKR91cAg7grHxudDIHB2MLR0VXFNEC12ShT9MVZDDyiUeD9kAgEp5GDhJMEojTRAhbP4U9TyWu8ttE8pEdScsOfpesm4ZChOJieSBnKuPeBdtULYOMkfTckL4JpoJYdVLNqGNXfHnaP2/VTumfl6uyfwmdpfJbnPpJST9bNsf/AOIrLfD/AKkHVXTrTK4fMwHw5Dnl7R9X5hWVPUy9OXlldK3FNVARVJHoOP1GR+S3Vrg8hfGdU9klhomfCa6ydG9QT9G3CU/KTSkjO3mPDh9wvb6yJweJ4jgx77c4Xg/xMsTqGopuqba0tdE8NmwN8fhP+a9U+HnVUfUljgmLx4zGBrxnuO6J8dmHVR3Yt9vs1T4qHqW3Opag6mjBGOWOHBCXTF7Jkn6Q6gA/iUDjoe/cVUXeT7dsKJEBaqw1kDCYJBiVo9f6lA+IVlreoLI2usNX8peaFwmt9QOdfZmfQpZmjzJRRHtlW74Y9SRdGVuG9P3Z+bNOc6aWd300jj6O/wCH7ADvt6Uw4Xzbb/itT/F+y1vwy69pHW6/4c1r2jDPFb3xth7Tjj1W1+B3xIuV1dUfDjracu6msYDTK8eatgzhsvv6Ks7X/Y0X6C2MN0l9y7/x+1/9z1/JSBOVxJNeJHOQdpyMlEUdFQNYLHpyanICHQeyICMIS7kqECLqG7tunN25KhBySYkoQekuZCWQoQ6kuZCRIwoQeSMcoB5SJOeVxQgkkklCDUk5JQg1cXUlCHiHxF+GN46Mub/iF8K4HMa467jb2Hyu/wATR27rWfDv4k2frSga+nmxOzyyMcNLg4cjC9DZ3XivxK+Gl16ZuMnxA+HGYps66+hYPLKzuWjsSoa67VOW2x8+n/8AZnsUcmcDlSWu1dl5x8OPiZaes6Jj4z4FSwaJoHu8zXjlegNfnfHKgqcNjw+yQgVEBdiRnIRmu1dl1QWQmvPdFa5cqIgXBwGExm3JUIHSXARjldUIFSTUkRANXSMqGEEb9ioEbpIH+BPnb6SrdBqaZlRGWkYPYqyER51YwVxRYnujkdDKdwdsqTnCnZCtvlogu1I6GVgJAOD6L53+KXw2Zc4X080Aa9gJjeAvpouCoepunae8UzsMGsA9kEoKSNWk1U9JZvifIXwq62rOn55+g+qvJBJMWMe4fQeF630Z1B/st1BJbKwa6KrGktLsBp/qz6f9VhPjH0BWVEX8YtkWm4W5xe+Hu71wfyCifD/rGLqy3Ns9fL4F3onag6TbWMeb7HYLkavTbuEfoP6R+p43VRSkeqfEPp3w5WXOkAw3DgQOQoVrrIrxbDTyEa2DG6tOj7//ABGB/TV7Zqlbnw5H7gjsAVl+oLXU9M3YT07S2CV2+OMrgXQ2Twfa9JqY6itOJm+rumo2NdIItj7LxjqayillM8LCMnzAcfdfTswpbtQaQ4EuH6FeZdS9PBkksU8QLH5wcJWODB5Tx3zxc0eGkZVtYqvwn+A8+U8JXOzPoal7HbAuOn7KEyLRv37FSLwzxMq3F4Le4wkya8ZBGxVSWEE7Yyregq/HYYJsOLRsTyg1NMGjUG7Js1lFqOQ/T1aaWsDHHActod9+xXnTJPDla9u2HAr0W3/71Ssl9QFkaeTu+OtytgxzAVFmYPRWTogOyiSNJ7JbWTqNFZJGPRQ5ogNw391ZTsyRgKPJGcKjPZX7K1wxlRjvkKa5pycBRi0nKmDHbEgTxgjb0Ve5pGcq4e0OyT6KBNEewRnO1FeUQjsnEZGF0jBwmJi7OXZHBGnj3BCLRzOY4BOc3UFGc0xkFNccmbOyWUaahq9TcEhWEMhY4Eb5WXoajQRnur6jqWuAJ9EuUcHZ0d7lgu4j4zdwmuaYn5AQYZwxwAU04qGAAbpLi2dyuW4nWypBGkkZUmpZqGVRwmSmnDjx6K7p5hUszjGVR0arHt2zIbtUEgcBuri11bJ26dQyoc1L4jSfZVkTpaCp8RpyPRKl+h0bHCSNZHOYJ26uMq7jf4oOcBZqGoFZDrGzmjKsrfV4/kyu74BSJwOpRfyXUDjG8HK0VvrM4GVmWtGMgqVQ1Zjfv2WWaOzp7kmjWyv1NaeVDqYhK3SU6mqBKwAndOdGT7LO1hnS4muCjng8KQgDYJzQMYCn1lK6Rh0N37qGGFuARjCoFkeSHJ2CiyUmncK3bGHjhClhzyoTbko5oC4aS3n3VNU07o5CMYC1MtPnct/dV9wpNcJw3dTGDNZW+0ZiTLeEWkrJqOUTwu0lpzzynTQ5GfRR0qytSWDNlxeT3P4bfEJt0ibbK0gkDALjghekt0kh0b/0K+T7VUy0FUyqgc4PYc7HGV7x8Putqe7wCkq5Q2UDAJ/yK5Wo0u3o6+k1js4n2eiwSkgAndTmSDSBj91TRuIcDjb7qdHJkBci2GGdZPJPyDwU5RWO2T3Eu9lnLD4CRaCMITSdQ3KKCAFRCNO1zSHDspFLUl2GpENdsoskU0bg6Lj0QNAFyw6xldGxwq6jqyDofz6Kxa9rhlIlEW0dIykBhcBxthLV7JO0g5JJJQoaCRwlqPdcXWfUFCA5A6OTxwPyUmOTUAfVNlaHMxhMgd4bNJ9VfQOMkgcp4IwoyLkq+wWtw9cPCakpgvAxziDgFIOce6akqyDk7MzWNJGQVl6lgtdydG0ERTduwd7LVnB7qtutBHWQlrm7jdp7grVXZzgYuStcdXCjvaSNJGxSpJS4GGQYfF5T74UmRnlBAW6uY3a+zxz4m9K6zJUxswPq2C8iLPBdpxwvqi925lxoZadzQXFpIXz11VYjbK9zCMEk9l3tFqUvtZyPIaaT++JnZGioiczG4GUO2VDoJQwuwWlHcwxuBAUOYBk+pgx3XV7Rx23XNSPcuiLw26Wz5OZ2XtGBlaWhlOh1M927CvG+iL06jrY8vwHEAheoQ1eisExPlfssltZ6TSX/ACRyaiikIGnsFaR8ZVPSn6XD1VrG/DcYXPtWGdauQVJN1hOSRyeTjvpKA4AZR3fSUF3J+6tCrARG+yFKM4UlmN8oRGStEJ4EtZIE0W2cZWK6rtjK+KaF7M7Fb2duBsFSXajEkJe1vmb+4XR09uDm67TqdbR8hXmjl6U6mkhwRBM8ub6DJWxt9Y2SBsuxyPVWvxh6V+ZpTXwR+ePzAgLA9I3X5iI00hw+PZfQvCa1zhsmz4R57xz0GrkkuGzfCD5qlD2fUDlajou8FkvykpIIGN1krTUOZLjPlOxBVm6KS31rayI7cn7Lv2wVkWjDodTLTWqxHsdJNrY05yQrKOQ6QFmOnbgytpWP1ZOkK+ikBlazGxXk9VVtk4n2Txd8boRsi+yyikcHDJ5U5mwBBVW06d/RTKWXWwErmNcnqIzTJiS4CMLuQkDdyDJIKSLIWRLjtxyunhDJOeVSFIY9u/KiVsRGKpv1NwD7hTUyVoeMEZB7Ii2iBr1YPCeOCosTi2V0Dhgt4+ylDgq1FMmBju6hTg6dxspp5QZmg4GFbQiaysHnfV0clk6hoeqqfyx6flagD+k9/wBlv6Z5kia88kAql6mtbbjap6ZzM5aSPY9lE6Bu0twtLqSpP8+hd4L8nfA4JVpYMlbcJKJpwMJJJJptG5KWM7JiSgJCp8B80fGl5UkHGVA80N3Lfwyt3+6mO3OxUAFr524UeTLZx6OblGAwo9Z5ND/VwaiawDIKXDB3CA0nVhNyR3SVipPAOr80Zz3CrYyWuYD+EYVrJuqh21TIOyNmWa3B378KHVN1t0HvspjSCwfmosozsjMV8eChjkc3XF/Q7AXHk+q5UOEVXpA+t2FyUasj02R4yc+T5JdPIfDDcZQKtgLNxnKdQvAZ4eN0V4wQc+qahU3lFXE/RIWk7+izvxEpxP0+92PpKu3gi5YDtvRRer4RNYpYxuST/kt+k+2aZ5j6gpWo8fbX/Y8JZkNAH5qVSjBQg3DyMd1IgBC9NS93J+arVteCWOF1JJEJAuOnjdQblUkQOGADurEgEgFUN5lDS8Z5We0bTzLBTOcXOJPdCcnjuuDlZG8M6ceEFi7KbTnGD6KJDwFPh4C1Vci5cj5H4bwoM0mrbClykaeVBlO+Uc8gwXIM5duixMJwENvOPRSogAAfRCaowyEjZv8AdWFNHwcKLG05ACsqePDQStNSDa2rIeNoGPVGA8vKZkD7LjiMLoQRlutwDPKYST3XHTYOMIRmyOOU9ywYn97CB3q4Ksudc1h0MyfUhGnnDGlxPZUNRK6aUuyudqtTLGyI2qtqWTgw55djlGfgNCHH2yNymzuAaBlc3OOWbEs8A558eUKL31ZymyEudkHddYMDcpNksj4rajheXEAdlaU9MxjQeXHcqNQUwf8AzXtz6ZVmcMbgbK4gTnnoC5ukb7KDUzbY2RamUAYVY+TU48oZ2ei64+xkji92SuwjJKQaXEABSYINwSFmy5MZKSSJFPFnGyntaANkOCMAA4UgDsnxMs5ZGxg5+ykxtzpJHqmxx4PCkxNI3ITYLBmlLA5jMY2UhrfKkxoI4T08zTnuEnjlNDXHspUUOwJRxjli8nI484yEYhrMED910tawbIcTS925WmMFgHmTHgOkIwOVNggDAD/qlT0+kai1SA07ABTCXLPRaDQJxU5C0dgnBmTyk1pzjKlwU5dgkK1I7lVWMI5TUhdhxVk2JjGD1CUTWMZxjCjV1wjp2a3du2cKG6MY1R3SH1FdFSRkuIzwBlZysr3TPLjv7eiFV1wqpTKAQPRRHya+Mozz3kPIO2e2LBOYC8bZ3UnyxsGcfZNDWxt8STnsFHLzK/ZxUOI7cBDrlcA3urCjg8MgkZKDSRNxkhSpCGD7IJPHA6l7nlkkvYxmNQQo6g6uxCrpakuOASFJto+YmbDj6jhY7ZY5PR6D/UkoHoHQlA6Vz7hIzDR5W5/zWwnl83OeygWimjoaCOBoxhoz90QanPJ3wuXY25ZPqHj6lRSoBvqXdPunsZgJEgd+EtPJ0sjBgclUl/uBZijheASMvI9PRT7nXxUkfiSH7DuSsTW1jnyOlccl5zyulo6HN5PL/UfmIaKl1xf3M7LNoGC7OfVVrm1FbUMpqaPVK/gBcmldI7AOF6p0L0NHao47xc4y6pfu0H8IXodPWqVk+G+W8q5N/Ix3SXRVFZaFtxurWmrIDgPRaGOhqbtO2pqdoGnyMO2wUv5J1XU65nfym7hqmFklS4UdGMZ2Lh+EI7J5PE3Wytk5SY2QzAtoLVCHSnGojhg91orR0+yjxUVQDpXc+y7abfDbohHGCXO3e88kq1fKGAY3WWUsmeTyFaW9hsFHmqnTOMMOwGxd/ohyzSOaWRnGeSpdNCyJg2AJG6EQ+WcoqYB3iPHshXC6QUbvCwHKPc7mIGGngd5jzhUEkr5sl2SQjig1HHJImqH1EzpJJMg8b8J8TMtJI29U6ktwfD8xWfyo2jU5x2wFmq+6VvVFa6y9OvMVBDtJUEbu/NE2h1NUr5bYI7deoJrhUjp/pzM9TMdL3j6Wfc9u6n0tusXRFvNffqw1VwwCx342+oYP0z+Se2q6f6Lom0drY6Srfl31bk998e6yNT/ELrVvr7lKHyy8/Ydkuc8dH0P6f+j7NTH+RqliAO+3iv6przNLIW0oOI2cE/8AzU2OhdEAXM0gDYIzvlrfH4zmAuHCZSUdz6inaRmOInf7LLOw+mU0QohtikoIEKiWtk+So2kNH1uHotPabBT0TRPKwOe7fccKzoLLDaoA0sbqIyTjdMfWCQ6G4ylqLteDka/ytenrf3YgMllMpDAD4Q2P+L7KtvN9tHTtGaurd4f9LBu5+OcD2yP1UK93/wCQmbR0Q+Zq3ZxDFvxjk9uVJ6e6OZFUN6g6sLp6vGWRF/8AcY7g8LbVUoLk+deU+oXqHtg/sZXW/p6+9byGt6gjFHaJhltE3Zz8ciQenG3fdamW5WLp2kEdPFFCxgw1rAAFAuN/qLjN/DenaaSrlk+ks2BK1/SHwgDqmO79RvZU1DN2taPI0+ue5UnYonkb9RKb5ZmbHYr91zV+NCwMoXfjcefsvVumOhrV0/A0up2STf1EZWipKGChYIoI2saOwHKkLNZPcY52NsBoI4bgDsmnHdGcRg7KK44zk4wqWfZQ/SB3TA8d+AqSs6npzIaS1QvuFV/3UPA+7uB+qZB05frvl9/uJpqc/wDwVNsx3/OeT+qW5YIK4dXUNPO+it9PNcqkDZlKNQaf8R/CokNi606ija65VVPZ6OTOY6Xecj0MnK1VstFutjS2io4ovdo3/VTQ0BT5MEKOxdFWGxx6KWlY6Uf/ABDxqmJ/5irtrQNucLoOM9k1reUpyyQbpA3CS65cRIh3PC4kmue1n1HCsg5I7BR3Vbclse5QHmsl7YaoQPJUNZsVHFT4mRHyuCDV/eZ/VPEQHH+ShAZbPnMh2K5oOcqQkoQDgLuAuZCRIwoQ4BldIzyEM8pagB6oo8kFpI3yhPlJ2wuPqmtOl3cKK6sjbs3f80UVjkgfJOUwyNYMucoplqZc+CExtHVy/wB67ZFgg6puVLGcOcdvRRJK2qqiBQUxLf6nhWMNup495Bko+ljANIAHor6IU0dpr6sj5ycsjO5aw4U2nstspjqEWpw7kqRJPtgILiSOVCB/EiiaWxtAA4Ud1Q45CESc8rirJBzpHEFRXAZP3Ug8KO44J+6iIdLW4OyDrHojPOBwoUkwZk4491aTYZJB2IATH1AZueFUVF8EYIa7Cpay61UxwHbFOUckXJoK29U8QOHbgeqoau+yT6mxuyPuoJcXklxyhhmEW3AzZxkbJO+V2Xc/dC0bndPII7pAc7qZKGub7ppA9V1zsnTjdW9n6QvV1/mNjEUP9biizhB7sFE/LjgDdXNq6PulxIkdpihP4nLe2boyy2iMTTf7xUY31bgKzL2RtPlDWjtwlStwDKeeCgtvSNstzQ5zTK8D8e4Vq8RsAaA1gH5KLcr5TUrNYIcR2BWZrbpPXP1F5a09gh5mAsstbl1JSUjjCWlxOwwszU3S43OV0LXGGAHPONkSRjDu7coD5QGaANgpFYDjHHI4UNDGQ6RwJ990b5mOJumPAyq97i5265k+qcRrJLM8hcXF4I9Fz5trO2Co+UsE/SMlU3go7PV1D9mu2UNziTqc7JVnTWqtrHYZDgepV5S9JwNAfWPDz2HCEmV6MiIaichkURdn0VhRdJ1VQ9rqpga33W0gpaWnaI4YWjAwCBug1NZSUUTnVM4YewUKTeSBS2Kgt51CNr3HuQpRAjyeAFnbl15SUship2CVw/FjLVlLl1Vcq57g2ZzGHsDhW1kZtcze1t7ttLGXvmBI7ArN3HrhxY6KhjLR3J7rKNlLj53Ek9kjpAzlUGqx9VdrjUyl8k5weBlRgSSS45K65wcdwmlwwpjA2EEcTclcJGUN/wBJVZNCikGLh3IQvFJOMIZJzyua/ZMKwFyMIZJXMobnAgjO6hAmR6rhIxyo5JJ5XMlQh1xJJ3XExJQgkklw8KBjUkN/1FcUIdakcri4XZGMooywQakmnlJFnJBJJJpIwixuCUcnEk08rivCHRjgRQyTldyEshCW3k6kmZCY94ChQ7ISyFHMmDwuGTIxhL3l4CFwA5QH1HIwmPcSc5KYrLOl7ycpvmRdDfRLQ30ULBroOFxJQIekkkSG7uOB64VN4DEATwntjJ7FRqm6UFDEZJZxkcBZe7dcyPJpqB33KW7Uh0KJWdGtmrKOijMlTMGkcDPKzV06zcGOgoGEA7aj3WUlqKmtfrllc4n1K4InEDdLlLca6tNGP5Baq41lcNNRKSAc7FDABGCPzXGxOJ4ypDYiNyEEotmhRUegAjx2Tmx47cqQGZwAN1Iit9RIR5cA90OwtvBAMWMe6kRQE4AGSraCyZw6YqwgpIIdwwZ+yoVO1R6KWC1zSEEjZW0FsggAcdypmwGwQJ6gN2wqEfK5Me1rWjAACTjgblRTU7HGVFNTKchzsom8F99k2SUZ5CBJUY4CA5zjucqNNXxQHDyP1UdqyMhByP1aSSSX41P2wMSSSUINc3PdQainc14qI8hzfQ8qwTHNzsoC0dp52zxB4O/dFUCIPo5iCCY3nt2U8EEZBULaysC915p8QLVWdNXan64ssIbG1+m6MYPrhz9W3cbr0tMlhiqInQzRtex40ua4ZBCgtZhLJVWm40l2omVtFLrjfwVIlYDgEZWAsfzHw86hPSlSddur5Cba8nGkk/3f5AjC9DcM4ycZ3UHZyiDROdSVZjJOlx2V80YGVVz0+cEc9k611b3aqWZ3mYdlDPOOei2SXGrqgh8D00kFdPC4TjYIZPASkU/VnT8d9tT6QgZG49ViOhb5UWq4SdOXBxxHlkWrtg7L1EnK8++IvTkrYmX+gw2eF4L9I5CKuWXkZ3HBvDu3GR/1WYbWVHR3UUcpINru8hhmzxFK78X54/ZE6O6gjvlrjeXjxY2hrxnuFcXG2013oJbfVMD4phhwPb3+62xZjlXh4fR8lf2gOhXfCX4nN60ssRbY+oH+K0N+lkuB4jM+wBK1XT90gvVA2KbRPTzx4YXDIe3G4I9N+F63crJRfFDom6/CzrF7JLhRx4jqDxpA/lVLfUtDd18pdG1Vx6N6nreh7wDFPQS+DpIxh45/zXvvBa/5Yqqfa9nnNdT8c2vR4x8Xvht/7OOpsUALrRc9U9G8nJYfxRn2GRj7n0WNjfnlfanWvRlk+JnS9T0/ciWGVuqCUcwyj6XD7L4uutquPT19rLFdacw1FFIYyD+IYzn919V8bqHZDZJ8o+L/AFJ4eehtd1a+yXP+BxAeNXdFpZyHNiPCCyQFq60hjwccrrRlhnk5dFvsAMHKUfIQoiXMBUj6dgE9ciGdSSSRlBkkklAJjkkklARJJJKBCSXcFLBUIcTUVNwVCZGLh4XUlCACDlcwUctBOSFzQ30UDBpJ6SEgIbrukDsuJwOVclkgI75GMKM5gP5qbp90J7M43S2WngguYB3/AGWi6E6tq+jb9T3SGV/hscDI1p+oe6pHN90w4AKw63Tw1MdskdrwnmL/AA2qjqdO8Nd/3R9wWe4UnXHTUVxpXNLnjLm5yQVQT0ctFMYpGkY4XhfwV+KUvRd4NJcJXOoZx4ZBOQzPdfUl0oaa6UTauDDtTdbXD0K+e6qmWltdcj9VfT3mqPNaSOoof+V+mYwxNqmFoGCNwgU4cXOik/Dspro5KSXDxx+6bVQiVpng2J5Wb5MM7k0pGc6i6eguEDgWDOF4R1v0YC6RjocHfBwvpRri5ul43CzHVnTEV0pnSRMGsDJC6ek1nxvk8b9QeFhq6ntXZ8eyQ1lmqzDOCWZ2PZXVLXFsjHjgLVdb9JzPD2Nj0yMJwccrzyCSWimNLVAtIOASvWaPWfIuT4D5vwU9LNuKN5S1EVTEHsIPqPRBqadrwqOhqpKeUPjOx5HYrQwzMmaDwuxXNTR5SUNjKWvt2sDScEcKPZ7zLQVHhSOOgHG6v6mEOGcLO3K3PY8zxNyCdwETX6DjJTjtZrKqlir6cPY0EOGQsu7xKGqIBLSCpXTd3ljlFHM/LD9Oeyt7nboa3cN0u9QjTwSS+N4NT0Z1YHNZC5+4w0tJXo8M4cBtsV84xyVNqqhuWlp2PqvWOj+qvmYI4amQE7AHO4+6dCeeGcTX6TH+pUjfjcIyjN4Hunp6eezjD0kkk0MSSSShTHpJJKC2OSSSUIJNTk1Qgk5p/ZNXWqpdEIHUPT9F1Fb30dVG0yYJieRu13svA7tQ1VouM9trYdEkDi0+/uvo7uFjPiF0nFe6SS6QsHzcQ5A3cPdIaOlotYq5KEzxd7cg7Krq4BnOMZVu5pBLXbFpwfuo1RAHj/VIlA9PXZjkoJ4dwAF23yvpps+vKl1EWDxhV8jPRZJrDNcXv4NHFMJWBwRVU26ujbpp5TjPBVq06zsrT/ZntjtYlHljz2UlMk+yZ/crosuiepX9J3gTvB+UqMMqf+TPP7n9V7xcoIrnb3Na4PjkbqYQc88FfNkrQdyvWvhL1Qa2hd07WuzNSNHhOJ+uPOB+mw/MLRRb92Gcryendy+VLk9O6Wrf4vaKjp65sD56eIN83EkQ2H5jP7qq6Uq6noTqR9qmkPgSybe7CUCWSe03SC5Q5Gh2Hgd2nkK96kooOo7MLvbsfOUfnYRyW9wtk456PN4zw+j15z46qlDojlkrQQc9ilQzmNopJ/wnykrC/DnquOstsdFWPxI3y7ncey2kwwRIBkY2KW1xg51kdksHjP8AaD6ArbRVw/Ffo5hhq6CTxa3SO+BplPucEH8ln7pX1XWdlt3xa6IqGRdQ2Mh74c7kN+tg/bS0j6F9GU7qC4Uz2VELamGQFkkT92uaeQV8x9SWur+AnxHDKV0rem7yQGnGs6PUejmO7f8AVZZRa6OxodRK+v4n+cVxn2vaZ9SfDb4hWr4l9LU/UtsAYX/y54tWfClA8zf1WqXyLZup3fA74iRX+PVJ0d1aWmuFPvFTyEgtkYf0O/4SV9dxeDNCKinl1xu+l2MZR1Pemn2jneQ0saJqyr8Jcr/7r/oIcorCMAZUcjBwntJzyntHPJSS4OF1KIOSSSUIJdzhcSUIJJJJQh3JSyVxJQh3JSyVxJQgkkklCCSSSUIJJJJQg1JJJQglxdSUJw+zxn4pfDGrtNVJ1/0C10VXGddRRR7CX1I9Fd/DH4mUnVdE2mqneFWxbOjfs7C9Ojdp3XjPxS+GNwoKt3XXQZdDWMJkraVg2mA3y399lDRGcZLEj16N/tyjg5Xl3wz+J0HVFMyhqwIq2Lyva84OR2XpLJCBuoKnHD4DSN1D7KI9hbuFL1+yG5upQojtkIIBRmPyEKSPcEdkxr8DBUIS8j1Tsj1UQEl2corHDYEo8EDpDdcBGNyuqiEauoWTt1gAPA5CqY6h2owS7OYcD3V8BjuoFwt7JR48TcPbucd0cZYIRC4+q62U4wVHD3NOh43RdkXZaMt1j08+pAuFEwFzQfEaBu4eq+Ufib0XcejLuer+nMsa+R0tTCG7u33X2u7B7rBdb9GtuNNURMjBjqONvpO+yRdUpo7Hh/JvQahSPE+meroupaemvdtqHQ19McVB9+235Fer66brvp4MfoZVgc/4gvl69Wu9/CfqYVby8290h8gbkSAnZpXrnQvVtDM6K6UM2qOTAc3PHsV57XaTHKP0l9IfUkNS1CTwGp/munbi+ir2ODHHTnsPdT7tQw1cJLmhzXDIK0XVNoi6loRcreQZGt8ze6ylpuscoNrqTpliOkErivMHg+qb4zXJ5x1h0tqjc4REkAkEDdeYzwOjc6NwILThfR12oDISC0cceq8h6t6blpZzNGzAyc7cqNZ5PM+V8d/XWYqKR1PMJO3dW8pZU0/l31b5VXPCew3C7aa/w5DA/wC26Yn6Z57a4PDGSRmJ2Butf0jc9cfysjtxwqGtp2OcJGN5G6bap301cxw2Gd0ucUatHP47Uz0Rzc7KJO0DgcqTG8Sty30Q5IiUjB6VfdyV8jBzhRXtDtuFZSRHGMKBM0sOcKsgyjwV07A05AUaSLG6sHtBxlAcz0UMNsSslafRRJWYHCspWgHhRZmggKGC6PBUTtBdsEBzduVYTMwdgoMoPpwii8s5N0eRjOd0OZucEDdIAh3KccFuE9IxuOQbCWnZWdFUkENKq3gxuzjlOZJkbdlHyFXZKt8Gsp5tQa7lWtulzMA7hZW3V2CInK7gkLTloz+aXwjv6PUReHkvamDxI9cWDjdPttTob4ZHCFbKhk2Gl2/oUaroxCROzIzyAcJM0dyucZ8xLRj2yNAAUGupABrxlKkqS0AOCmvf44HZLwPb3FZQV7qSo0yjyEYV60tD2yN3DtwqO4UWGeIwcItnrnk/KzHIx5SUDjkKqc4vk2VBVeI7Q4jhSQ4sdkDCoaSZscgLTwrmOdsreOUiyvB2dPqOEXFuriC1pIV8x7ZGBwWOgf4Tw7fZaS2TNe0ebO2yySidzT3Z4JvOQoU8IB1AKad8LskIewJL4Nqw+StaMfkuuZlHfAWuyBjK6WAKuxsV+yE6LPZQ54Adi3IVu6HAJIUWaLPCgNleTHXGlNPM5uMNduFXOiPI7rY3O3/NU+G41t3BWWe3QXMeMFpwVDl6iGxkeMe/CsrVcam21LainkIIOcZ5VbINDtu66HFw9Eu2tTWBdFjhJNH0f0N1XF1DQhjngzxNGod1ronEHBXy9031FWWOsjnp5iwgjO+xHoV9A9L9TUnUNGx7ZAJgPO1cLV6bZyei0+oVvBqGPyEZrvZV7XGMjIUiOUEfdcqcMG1cktOkztugA6iMI4kGkA9ksh1riThPyA3dBTt+xS2sE6I79UUhmbwFOoqjx2A5GUBrWuBDhlBla6lIkgz7jPKEBl2wADY5yukZVbS1bnkEjf0VizjJKABrBxJJJCyM65cXXLiUCFQnswirjxlqgKGxkb7oyiAFpyjxv7FWmW0ESTEleShJJJIWQaSexTTuE5Narg8MtFHc6M08prGDDTs8pjZQ9o991dVEbZ4nQvGQ8YWdbHJSSuhkydJx+S30z/ZojLK5CTM8uRyvOfiN0sytt5rqduHxHJwvSh5hhVF0gLg6nIyHBdSieHkVZDesHzRPTlpw4bhVFW7RJgheg9b2GS2VzpmsIY84OAsBeYXxME7RsDuvQaazeec1dWxthrbVmGdrmnGD2XrNquoq7SyfV54wAfVeNUM7H6SPRbzpe4RupnUwB1A5+4WmyG6Iei1GOD2Sw1IqaKKbOTjBVy1yw3RlweXSUxOWt8wWzY/Izjlcm+vk9JRLMUyQCco7OFFHKkM4WM1QeRyYTtghPTWqFpZAOcU1GezG+ULV7JsUDKOEDkaHDdRZomuaWkbHZTnjIKgyAgkLXTNwZmtWUYTq2zsq6WaBzMggr5jvFBN0v1K8aS2J78j0X2DeIGuizp3XhPxd6YFZTurYIgHx+bIXo/F6x12JHz76t8b/ACaHNLlFVbasTRtlYdyMrU07xX0IZy8DC8w6TuhLPlpHedmy9BtlW2F0buRndfRabFZBSPkkIvo03R9zdSzmklONJxuvRYpxljxvnfK8nl/kVMddTnyuO+F6DZK9tZSMIduAuRrqeXI999K+Q2v4LGaiOUPG+Mo8T9BACq6d2HDJVg12poC4NsEmfR6rtxZxvLmgpwJyo1I8BgYeykAg8LHOODbF5Cg7cpZHqhZKWT6qYGpZQUkY5Qjylk+qSiRaQxJJI7KyyBcYgzTPGMFp3+ybG/U3OOVJmIlGkjbhVsBdDI+ledm7s/5UZCUmOGQnpqgMugMsYOMBYBrXdL9dNLDppbuCNPbxO69Ecsh8QLW6stnzcAxPR5qI3DkFuCqnnJitW37jUg5JHouqq6cuf8Ts1LVucDI+NuvHrjdWmpNj0OrnuimwaSSSssr7iPDrKeoaPqfo/VHI3KZc49cGrG7DkH0K5GSWgk5yAVAB45QrgNUAwN2nUnDlKpGqleOdijFzZFbnSHH8SchwyeJTRHG7dj+SeDkk+qgtjyMqlqBiqcrpVNfGYnGfHKYxEl6OMJwmPAwns4TXDGMokY7OzO3OPTNqA35UcOyzOcqyu0eS4gcBU9O8+GGnkFPhg5Vz2zZKopP940k9lPc0A8qqhGmu52KspAchGhSeUUk58O5jKBfMy2qcHsCf2Uu6BrJmPDdyNyo07vEpHtx2WzTPEjha2PyV2Vv2meHvaBK8Yx5ijwjAGy5WN0V1Q3GMTORG4wML0um/Hk/MepW22UX6Z1Oamp34Vol0IGS4+rOwWXusolmLWlaKvfopzg4WTkJc9z3ckrn3yNWmjzkZwEJ25RJTxhDjOMErPHs3YwSIBuFObjQFFjGCEUO2IyttYpnJn+blRzg90pjuMFBAJPKsZBDmNLnhWELSMZ7qLBERyFY07c424Vo0wXskU0OojIVkIgGjfCjwNDQBhElJ089ltrSwDbPCHOPoUN7sDcpjTvueyZIfda1wjnWy3DQ/fhDmkDBjIXdYAKra2bsCl3XRgsslccvgFXzuewxt7qLFDndwT2tLnZcE4va0HAXKsnve41RQJ5EQx6qvqZi46co1XPjZRC0uOVmk9xojHA5rTnUe6K1hecAIcQz5VZ0tOI93DOUMY5Lm0kSIGiOIADG3CBUzbI+WtBGrkKprKhpOG5IRPCQmH3MFUSEnlRcHOV0uLnZUiFuwyFls7NS+1DoI84BG5VhHDsDhNgiaADhS2swNgpBGWyZxrSFJjBaRtyuRsxjZSI25OcLRFZMdln6HsYOcIzcDfC40DCfpPZPjEU5ncZT2tIICexhJGylxQYxsmxiIcjkMIOMhGk0tZ9k55EbcD0QGsfI7bZMT2spRcujjS579OM5U2npi0h3quQQhuPKFPij2Gyenwd7xfj9/+pMUbMDhEwE8NAGEmscd8H8kuUsnp69Pjo7FCXuAAyrOKDSBkLtNTeDGHuAJO65V1cUUep5xjhVk0qr4o7gdZMynjLie2wWWudZ80wx4wu3O5STPIDiR9+Aq18vqmHnPJ+QdjaizmstAHKJC0tw942TIoXSu9ANynzSYw1o2GyI4M5jKiR0z9LRgDZGp4Q0Ake6HGwk5wi+LoUExeZEiJwb7KBcLm1zvCj7clNqK9reFn3VLpJDt3KTKWDdVJIumVOrB5ytz0JZ21VWKqUZZHhx+689tbDVTNi917V05RMt1tihDMPcA5xWHUSye1+m9PG6fzPovA46sBTIWjSCeyhwAuI2U1n0hc6bPo1XCC7AeiiVDxE3UXAAI0pw3lZq+3QsIpon4J3Kdp6HbLBl8h5CvQ0uybKy93H5qYudlsbNmg9/dZ2oqHPflp+yPX1TZX6GkkDv7rb/DroSSoqYr5dotETPNCx2xJ7Fel02nVMUmfCfqLzi1VspMs/hx0E2Jrb/1BCDIQDFER39SF6G1rp3kjZrePRPwNgMaRsAEF8s00nyNFjLvrcOy2NpHzy66V0nKTEWz1D/l6KPUeHH0V9bKBlFCGgDUeSm0VCyiiDIgdX4ndyVMbsMErNOWTK+QuQwZTCXyEZTW5JR2gAA5wgFvgfE0NIc5QrndWwt+Xhd5u5QbjcAweDA7J7kKJDbjVfzJ3EOVRWHkpd5BtZUVW8bdWeSp0cNDZ4xW3SYNY3dElmpLVTF7yGtYPzKzr21XU07pqxumkGzIztkeqJtHX0PibvIS/wBNfb+wdyrbj1sHUg8ajtRcdQZJvJ7Zwj1VZBaaf5C2xMbI4duT9yjVNSyjiFLSNa3S3Ax2VFJGWudJI8ueTkuJws1t21H1Pwf0xTpsWWLkhNhe+R1TUkySk5JPASfUtORjKgXC9S+IKGkZrL/qcDwtNYujXBray9RebA0RHcY76h+izfM5HuLf/lYZnw/0Vlq6Yr7o81tQ4/LgjbHHpla15oLLSBseBp5I7oVVeny1Ao7Q8Ol5kl/DH6A/ff8ARQ3xQ0MDqiunc5jN3OcOPyR1V/I8s8X5zz9emShb+XpCkq7hdZHztBFMB9WcKgu14e+oFo6ZiNZcHAh5af7o+mEx91uvVL3WjpmEwwv2dVE7Aezf/VX9PRWToO2mOnBmuMu7jnLpZPT9yuhGEK1wfL/I+Tt1k/veUukDsvTtL0pC+7XmRstW4ay93+imW2xdVdezvexjKK1l2zsYLwr3pf4Z3PqGaPqDrqQFgcDDQN3YG7/V+y9bp6WmpaaOlpoWxxxjDWgJN1vpHHnN4KHpPoizdM0oZDTtfJyXuGd1omS9gMBN4XWs2GDzwsbk5GZvIVIkAE+m6pbx1JRWw+E4uqKj8MMHmcVXtoOpOpg11bJ8hRn/AIbDiVw9HFX0UGuvVlNTvFHQwPr6x+dEVOcgf8x7YUePpq/9QaT1NcPCojv8nTDQT/zv3JWit1loLRGY6GPQHfUe5KnNQufoIhUFqt9pi8G30rIWejRufzUjV7JxJ7piU3kg5JJJWQa/PY4XWrqC6YjhqhB5IHdDdNp7ZQiXOTmszujIBmmqHnETUIQyPwJXZU4NaOExzfdQgLwWsxgfmnDghPXDwoQGeVxdPK4oQcSMcoDtyUi7sSUNzgBnlQh0gobpNPKa+WU7R7IAp6mQ/wA3cKEHGsDSQG5yguNTMQGtwCpLKaNhzp390XIHHZFGWCENlBLJtK3b7pwoKdmPIpjZSNk1z9W2EcZZIDaxjBhrQMLmvI4SXCA0Ek7ImQY8knYoXmLdyh1Fxo4Ml8oVe6/U8rtMLx+qohOfycoRl7YQPGL/ADZO6cX4GcKlJsg4numl7QOR+qCXEbYQ3lkbdUj8ItpCQ6owdgFEqawsweFX1d3p2eRr91R1dyqJMgP2RxjkKKyXNVeBH/xVR1d0lqJHYecFQXOfK7zHP5rgbjunKIbWAznukOpyad+UhslkKFIS4XAdwkTyBz6KfbOkb5eXN8CnLGO4e7YK20uw84RVmVu+4VnaOlb3eC0w0+iN/Ejthhb6xfDy02pjZLg0VU2PMHHLcrTmQMaQwbHlInauog78GbsnQditETZqz/eakc53AKuZXsDdEQDW+2yi3K5UlGzXPJpPYDusjduo6qqb4VvBa0/U490Ed0uxbbZfXK801ITG14ecc5WYrr5U1TXRt8oPfKqpHuO8jjq7oTpzxhFjIQZztTTqdn81GdOQSMJEk91wMwcoo4iQRe9w3KGc91J8MYAOxToaGWoIbE0n8kTCbwQ0SOMybAZPotHbuk5JvPUDYcrQUVmoKEamwNLj67ofkLlLBkLf0zX1gD5QImn1V5TdNUtEdbiJHfbhXctRBAdDyGZ4CyN4+Iljt+W0kvzj+xiPlP5quZFJOZo2MZBnOGgeqo7x1lY6AuDqkZbtxnK88unWl3u0hLJnRRnOwPKppsyEF2590eGNjU1yaq7/ABDrqrNPb2CFn/eAYcfss5VV1fVDVUVL5NXq5Rg3CeSNOkHKg2NYz2SwE08pIxqikLJS1e64SMIJJzyoXgIXc7oZcVzJ9UlCHclcSSUDGJJLjnDHKhBpIAO+6ASeF08rihBiSSShBJJgOU0nKgSWRyS5rC45wIwCoWMSTTyuKEEm5KSGeEUY5GRhnsfkeqahZOvGU/O2E1YiGoex2QmavdDfIN8FBLyDkkoHPBWMErIHJXCRjkKFJUY2CA6pkxhuyDeMJbngHlMdLgcqL/Mcdyd09sfB3UykQTql4PlCXiSP7BdeGjBcgzV1PENzk/dTchkYNh0lVS3yEnS0b/dcjuLpPqOQqD+Nrssdv6guILXFx3JRmluOURTjgSSdgDlcL2sGScBU5IAWCujDRl2w9VCq7vS0w+sE/dZy5dT1UsZipHYyg+RD66ZTZpqu5UtMMmUZWZu/V8j9VNCMgd8qhk/iFSQZM/qnNomEgyDdJlLcbq9PGHMgU89RVbSOLgmR0RznGMqwjpmtwMI/gaiGtG/2QODyO3KHCIcFM4dkYQ777KxprXUOIdpwFYR2mHAdL27KwXdFdlEyl1EFrf0U2C0yzYy0gBXUMVNBkNiGfUroqA3gJhnnc/6SLT2aCPcjcKWxjGjDcDCa+rAyFDlqz+FA2sA5nJcsnvGBnKhzVbGHB5HZQ5qqdxwHbIO7uTlKbQUYBp66VxAi2HqmOkc4bqJLcaKl3mlCpK7qkOJZSMIA7koZTjHs0R005Pg0b5hENTzgDlV9VfaGBhMby947BZia41lTnxJXAHtlRSzO+Vnldno216RJfcW1X1HWS5bFhjVUy1M851SvLvzXMBdS5WZNKphHpH7KpJJL8in6/EkkkoQYknrh4UKbwDmAxhdgOIw30XHAk8ZCTWkEHGFBe9hUlwcLqhRQ9b9KQdW2Z1C93hzRnxaeXGTHIOCqLoHqWW4w1Njvkui7WkthnYRgkY+rH3yt6VgviH05cmS0/WXS4zc7cT48JO9XB3jz+WfdWw84NiHggkHOAq+pY8SfMQnS4ei501e6HqWzw3WgdlszfM3nQ7G4U18Rb+H91RJLKwTLfVGphBP1DYqXgqipZnUM+Q3LHdsq9ZK2RrXAbFQyzjhnEkkkqSyAEBwg1tPHW0zqaUZY/kIx24SB3VRk0w4yyeQua/obqYyM1CkqHaXN7BxOxC9TpKmOeBk0bgWyNDhgqn6z6divdtdoYBKwFwdhZvoG+v1S9P1riJ6bdhd+NvGy1wky5vcX/VFrrGyQdR2CTRdbYTNFGDhs7R9UbvYryf8AtIfD2Hr/AKOofjX0G0mvt0emsaG5PyzQMk98scHDGF7juQM8hZF1UOguoJayqY13Tl/nDK6PhlPUOBAlxwA7Ol3HK6+i1MtPPemcrU6dajhdnzd8Per332gY6VwEzBh33Wa+O/wwd1lZWdTWOEfxi0RaC1o2np+7SO7hjy/crXfHP4XXH4I9ZQ9Y9MQuksF0qDhkRyyB5x/LAHDd9lZ2DqCnulK2vt0x0O75X1zwvkI2xV0TxfkvHrWVOqzo+IqeoLgjh+vsvXfj98LZLTVO656aodVHUvAroIxjwHf1tH9J3/Qrx6Fw1YXt6bVZFSPjnk9Bb4+347F/j/BZ0Uz8lrjnHGVYMIwqmIljmkd1YxYIBJW6vo4syVkJ6ADvynjhOBbwESSSUEuWRySSShaeRLoBykOUTYgbKBiA9UsBdXRwoBN44OaSuFuBwnpYyoKU+QBHolgomAuEDCg1PIFJPI9EsFQMYmu+kpySAm8EQcpYKJgJYChASEpCYhDAvZkcqPpPdTiMoLox2KU45DTwQXN43X0R/Zz+L4ic3oTqisJg0k0kr9y32z6cL59kblqjRyVFHUMqqaR0ckbtTXNO4K4nlvHrVVcctHsvo76pn4DVbbG9jPvm/WWF0vl8urghZWaGagmLHjy/sQovwP8Ai7b/AIi9P/7P3hr/AOPUgBc7tM3H1D044WvulvY8Oikbkj6SvAWwdU3Fn6i0Osq19MbqZJpoy0kLSPFi4PI9EB423UnL6WV0EzcB2wK7JBpAI4KqEnFmq2CaMH1l0tBcIXTwQjxMZIC+e+uOlXPLnMhLJW539V9Z1MQznCw3WfRcNzhfU00QEnJaBz7hdzQ61weGeC+oPAx1MXKKPlGhq5aeT5WryHNOAStHQVhyG5ROr+kJ6GeSRrCCDnhZ2grHNcWuBBbsQvW6PVKaPgnmvEvRzbwbVjxI3JIKbNE07gZyq631YkABPCtWgOaD/qupGW481hw5M5drZJG75qlBBG5AVn0/fWVTRSVpxINgT3U0xh+zhlZ+5Wue21HzkPmjJzt2R4Gb/kWGXt3tzpma2b43Cq6Ksq7RUtlYXDfBB4IVpZLoyuj8F7gSAmXiiGkuaOEaBT28M9Q6S6pirqZkM0uTjAJ7exWtjlz+fdfO1nu09rqAWvOnK9e6W6pir4mRySDVjAOU1M42r0UYt2Q9mw5T0wcBP909PKOUJEJyhp6MGTwJJJJQASSSShBJJJKEEkkkoQSRaMb7hdaupbKSzyeWfEfo8UsgvNqptLHnE7WjYH1AXnsjCRkr6QmhiqInwTsD43ghzT3C8c646Rq7HUuqKdmuhkJLC0bsz2KU1k7mh13VdjMNPTiQHZVE8JackbK/0qJVwhzMAblY7IHoq7Eijc3DgfRW9vrg5wjcMKtfEW87LscxieHhufzSOh80pxNCJPZKVucIFHVNljGOVLTk8oytbWRHN91yjrqm03OlulIcS0sge1HezGN0CRmRsMq09jyU1uWD6Lt10pOpLTDdaYDw5RjGe/cKy6frI7a+Wlmf5Zjhm3fsF4h8LeqnWu5t6fqXEwVoIiy7ZsoOw/PK9jezSQ7G43C6dM98cnktZpp6abi+vRKdCbRem18R0wznS8DYCRendPXiG7UxhP1sG+/IXndNMy50xp6ljS5v7+/3VjZap9tqWOYSNDsOHq1W+jmWw3PJuBI60VBcW5hkOdvwofWPSVo+IXTc9mrnlombrgmbzFL+F4+ymRT01zpwcBwI3BUB1wf07VNErXOtcp/vTuYnen2SWuREG6pqyPaPnbpbxq6lu/wV60Hh1UeoUmvfQ4HzBuf6QMtXqH9mP4i1tLW13wX6zkDbvacmgc/6p4gf7oeunZzf8H2Rf7Q/w9muVFH8RunXuZeLUBM9zG51xt/F+Wf3XkXVFVWdU2m2fFDpyUwdTdOv/wB4DNyQwgbjnbP/AJFlkmpqS/8A3R6KCq19Pxvp+/8All/7M+3vc910crEfCP4jUnxV6Pp+p6d7Y5cmGqh1Z8Odo8zfuTnC25aGjJyPutUZKSyjy9lM6JyrsXKeArSNI3CJkeqiDIPKeHbYJQCyRkeq6ooJznJUkcKEOpJJKEHJJqShBySSShBJJJKEEkkkoQSSSShBJJJKEGpJJKEEkkkoQSSSShR4/wDFr4Z1cFeevOhcxVrTrnpY9vExyVZ/DP4mU3U1M233E+DcIfI9j9jkL0sHC8h+KHwyrqerHXHRIMNXATJVwRt/vT3eP04UNUZKUVFnrUb8lGXmXw1+I0XUNEyCucIq2PyyMdscr0lr9s55UEzi1LAnNygSR9wFITXtyFCiLnfBRANuR+q5NGc5AwhMcc4KZkhMyU5RwcoqprBB6cdkJPVEK2vo3PzNCMObwoLJuxxlaBmMEkcKmuNCWO8eBv3CaQYDnKHM4PidERkO2KTH48hG64/lU+UCeTfFD4d018pJWT07ZYXg7Y3C+YGxXn4TdQmCV7n0VQ7yZ4cAePvuvvOaGOojMUrQWkLw/wCMHw4pq+mMBjHhzaiHBuS0jGCP1WO7T/Ij2P0x5x6K74rHiL9/oL0h1JBPDDU0dSJIJWhx9ACo3XFlML4uobRTAtziUt7++F4l0H1PW9CX5/SV0me6lZLoeDyMHkL6JtNawj5WZwkpp24wdxg9wvO6rSfG+D9T+B8otZpY7uZLszlFUsvNvbUx/wB4wYezuFTXa1RV8RikZv2Uq5RT9IXlwbvT1Dy5npgqymY1+KiNuqOUaxjtnssOMHfw7eD576htj7ZcZYHtIGokLOVUXhSmRu2rde79YdOUt3p3PjiAmAJBxyvFrlRyQySU8oIdGS1AeV8ppZaazL6DUNUKqnDTjU0YKa5jo36gMEbqmpZ5KKp1H6DyFpX6JIWVEYBGN1OznQnhmqsFb49N58ahjZWj2jGpY+xVhiqgzscLZBpeNu6U1k9JobVdDDIczdRACgzsBGVZvblQpoyztykSWDbOPBVyNOeEGQZGCpsrMnhRH7FUYLUiFI053ChStOFZzNGOFEkbk7KGKxJlZI1Qpo9O6tZWdwocsWRhHF4OdfXlFY8chMiznnYI00ZZIQh6gDuU5M5U1hnZG6gCAop8pI5yp2NTVGkYc5CMVLsfBUeE4PA4Wjoq2OaIFp39FlmqXSVBp5A4ceiGUTVpbPjZqYZpIZBIw4Woo6htfSljiCSFlKaRs8eockKTbq51JMNWS3KW0ej0eoUZZfTLySOSncAeCptFIHDSTuns8C40+W4O35hQWNlo6ka8kDj3S8HZUccotJYxIwtKpqpjqR7ZmjcOV5FMJmZ5yo9ZSCVmkjGeChwHjK4G0dbqa122T2V5R1TiAMLKRh1LIC/YNKuqKsa4hIsH02bZcmgbIXYOVZWutEEoB4Ko4JNTQjscQsk45OzprtrybiF/i7o8cpHlwqW1XAGNgcd/pIVsyUZysrXJ3K7NyDuia5ocAgYw7ClMla4aeMpstO7ILQhNUVkjyR+UYUbHYtU7bjCFLEDjCoJrJXzR7beiy96t2hxqGd+QtjJEQMFVlfTCZhjLc591Zi1NeUYXUHHHousZncrlXA6krHxOGBk4T4TqKNI5X4Swxr2HOwWl6P6qqrFWMJkIbkb5/wA1SaA7AAyUOSMxEEjCRdTC2LTNNds4SUos+pbLd6e9UbJ4XAu0guAOcZU+PIPK+fehet6qx1kbXynQ7DSCdiPRe+2yuo7xSNrKR4OoAuaOxXnb9K4cHo9LqI3RzEnxHVyUQ7YwVDBMLso8UoeN9lzJRwzW0HTw4BMyE0E5SwQqa8BzcFIOGOU9pwclWQj4khdqaMYU+mqvEaGk7hCkDXN4UPLon6mpYLWS8BwiAYUCmq2yMAJ3UtjwRkFDhgT4CAYXUkkoAS5keqR4TB9XKhAh3BKZGdR9EUEAY9UF40jUoQMkhxvGkZREAIkkklCCSSSVoiGHcYVZcqUuj8Ro8zDk+4VouOaHDDgCE+MtoaeDNRnBxhDuEHiDxgN1MqqZ0NQ4AeU7j7LgIc3SQttVrGMxPUlmF4t76YgCQeZue5Xh12ts7HT0T4suYS0hfRtfA6OoLsYaeF5t8Qunw17rtTN0gjzY7ldvSajaczVU/LFpHgtMX0Na+mkO2dlrunq35eqac7OWc6kpfAq2TsGNe6kWyqLmtcDu1d2ufyI89TJ02tP0erWa4voLiyRrsMecEZ9V6rSSa42kkbjK8Mo6s1NKyZrvPHjK9W6VuJuFtilc/LgA0rLqa/t3I9Torvke01DOyOOFHjxgBSRjHK5so+zrcISegp6SQXYoJ2yjHhDIOUZAe/ogzNxghHyPRMlbxtlPrnhipx3IrKiESAAjIWE6qtMdTBPBpyN16NIzOMqgvNv8VxcwDzDddTS27ZKRxtfp/lrcD5AuNPL071JJGQWsc44/Vby01rJoWnUOAUb4s9Jl+qvhZhzNyQFiemLhLGxjXvyOOV9C8TrPkrwz4f5jQvQaiUcYTZ69a3CandTyYOseX7qx6ZuT6C4igl4eSBlZi1VmpjHA8b/mryvZrZFcafZ7MEkLp6iv5I4M3j9XLTXKaPToXDZw7qdHKCACVmrFdBW0EcgOTjBVrBLwCvL6ipwk0fYdBq421RsRbw1BacKwjdqYCVTMO3KmU1T5GsI4WGxHaqs3InpLjTkLqUahJJJKDRJqcmqFMZ4fuqu6xOaY6iIZc13m/wCVW6jVMYlBaD9QwjIgLHBzQ4cEZXVDt79BkpH7OjJxv+FSyQQoU3lDJTuMFQ5cuwjuJJ3Q9jsQqM9kc8GN6WlbZeoa7pmXIY/+fSZP4Ty3/JbUuGFj+sKZ1FVUXUVM0+JSSefHJZ3C1ULvEaHZG4ztwjFQeHhHTykNlxPBwfsjGt4B1I1wObjsosXmjj9mBT3tDm49lW0x8j2n8Di1EngF9BAMORB9O6GBg4RW9lYiWWVlMMvnh48J5x+e/wDqnob/ACXGVmMB7dQRFRAjVEuMOuDblSwcINVuzAGU0XLor4tsBdmHlAQgfPgdkSXdoCtvgwXIgVrAWau6zjDpqDHjGorTyM1AgjOyzNYww1zdts5RQfJy74t8hS3TUMcPVWE7gGa8cKAHAua5TZAX0xwtCERKq8Z8NsgG+yjRjMQae4Uy6tzTAY4USJwLRha6JbXk5ephmTR4/eYPCutUMY/muwozNjj0Vr1PHpvVR2BcXKsYMOK9Tp1iGT8yeWr+HW2w/TYVv0hddsEhwupkjmp5Ke7zBsJblZ9wGNlYXmQukLAdiq3GAudcdLTrECPMTkDK5FzkFKQgldi5KGCTNTJ0H0rhJ4SiadPCR53WpfaKw8gJuy7A0lwyEntJIwjwxkAHCjlg0QhklRMAH2UykjwcqJECVPibpARwG9ElvCbJ2XQRhNkI2W2sRfLdEADjhI790/UNOM9lGkdpBKcznNbgdRIIxyqqWQySfZGrZi47dlGY3Uclc7UT3faaK+ArSA0qLO44PsjP27qvqZhkt7hY5y2o0wXsjTPdI9GZjH0/umsaCQfVHiYHuGNkqLyxkpcBaSIOfqLcqcdmpsMYY3cYQ6icAAAJ/SFOW5gKqZ2MeoVbKS45PdSZZsuxhR4uSkTnyNgsI5DCS7hT4IsYwP3Q4mbDZToWDZKJZPHAWJnZSo2A+yG1mANkZjMDKOMUzFOWQkbdwcKQwDCHGMYRWrRGODJJ5Z1GibggHumxsJKsKWDcHSnxWRc5bTtNT9yMYR3ubG0DGfzTnObE3ACi7yOxnCckK5kzrnukIAClRxho4Xaam2yQpEcJJwVHhcnf0Pj5SSch1PHk5wpeA0bBciiDBwjRjU4BR2HrNNplXDCGQhz3DAVpSUuMOwlR0wxnSMKTO4QRF+MYQNm2MVEHK4MG4HHqshcq98kzg45aDspl1uxkaWQyEZ5Kz1RMXe5Rx+5nE8nrcRcYCkkDiT3TYGl7skYUfzOdnfbspZcyOPJWqMTx9luQ7y2JuG44UZgJOSE3UXncozSGgHlWZ22xweGfhUCrqO2yLU1AbwFTV1RqOPVItkh1cG2Koqi44CjsxnOOUA6icqRSwyzzNijbkuO6xTmbqoOUlBeza9C2dtTXNqHtDmNw4heswt3GBss70jaG2+gj1N87wHFaykiJdkjZYbbMn1nwmihpdLGK79kiCINAOEYnAyntbpb9lEqZxg7bBJjHezuTsjRDdIFcbhFSwmSRwGOB6rzuvrHSTvlJ1F5ypXUd6dUVBhYfKz0KsOh+j6nqKr+YqfJTNPDu69HodE6oqyR8a+sPqJ3ydMH9qLLoLoh94qG3O5Q6adhDmsP4l69pjY1sUbQGsGAANghU9PBQUzaanaGMY3G3skJA8YHJ22XQlz0fKdRqJXy3SOuklmkFLSDL3cns0K6ttvioow0DMjvqceSuW6hjpoQ/T53bk91LS22Ymw+AEwannbZcHnP2T3ubE3W84HqhIEaGgZKr6yu8YmCB2PVybLNNWuEFIcB3LvQKZHSQUUQLgCe7iELlgX3wRaK3tB8SQZI9UaaZtOPJjKiz3CTcwtDYzsD6qMXl4Jc4nKFySPWeB+mrdfNTtyogqj/epXSVHnA+keijyyysbpjOkeiPJygVM8FLC6eoOGN5KzXW4WT6/wCN8RRpMV1rn9ESaTwz4khwBuSdll5qyv6lrRQWmAtfJt9WUUm59Z3Jtrs4LYQcvlHAHuvRHxWH4b2jEI13GbjzeeQjsT7Z/dc+y3ez0lsI6FKDSla+kvRCsfTds6LpmXG4zxmp3cJCOMc/6IQF16oy5zHQW9x2YTymW+1V/VM4vXUzj8sNw3j7bKB1N1m2KM2WyxjWAWktP7BatNS5cs+ffUPnoeNcqqGp3e23+IW9dRWjpmj8GnlaC/nHt/8ANVFQ2e99bTNmukop7eCCW5z4ntnbHH7onT3SkMzhduoz4kcfmbHnutHSwXjrS5/wTp06IAAXz48rG+pH5eq6DkocLo+QX3Stm7bXmb9jPm4KKeHpPpKiE9e4hoEQxjPclekdDfC+i6ffHebvL8/eiNT5n+aNn+FnsFedK9C9PdGUkkNupzLUynMtVIcyP9sq9AIGAdgkWXN8IxzluHOwRl2MoJ3OwTZZGxtLnHAUCSvnl1Mt/meNt1lbbAbySqysp6VuqeUNCqDJeb1qgpHeBTHiT8X5KXR2d0swluYMjx+ivYIWRNDWNAHoFaeACstPTVDbWte0eLMfqmk3f+RVvjSMZXHD0SHBQsg08ri6QcrihBJJJICDEkklCDU0taU5JQgPSPRNT0xGQbkpJLh2UIc1eyEZBxhddIG7EIBkHOFCBSdJyd8prnNY04IOUEvJPCQaSQoQaZHZxhdDSd0UNAHCaoQ4GgJ+D6pNSdxlWlkh0oIYe66cyYwEKeoio43STOAx6o8NFpZDNAb35THAM3e7SPdY69/Ey227LaRrZnjbGFg7v1/drkXZlLWngBFCIyFbken3fqq2UGQ2YOI25WVufX75mmGDU1p77Lz11znlz4xJ912B01ZK2np4JJXu4DRlNUP2MlXs5ZpH3102z5SR91aWmbW4aDueCg2D4a36vLZ6wMpouSHHzfot7QdP2exMBLXSuA/Gc4VyUfQp7fRBoqaucAXt2+ymFsUDQZZA1K43ylj8rTj7LK198ZOScknPAKUolF1XXSli2a7JWbuF1mneWMf5QoUtSZnZwUDuU6MSHXOLjlx3SySnLhOFCdDQMJJB+rjfKsrX0zdbmdTIwyM/iKtyQbeOytKsLV03dLtgxRlsZ4cVvbJ0ba7cxsk8XjzY3LzkfotCyOKFuI2NY0f0jASZXY4QMpYM9Y+g7XbmMmqWePOBk69wtO1zYY/DiYGtHZowFCqrxQ0cRfJKCfQLOV/VUtQ0x0QMYPLj3S3KT4bAy5GjrrpS0UZfUSBp7BZa5dVSSgxUWpgPLj3VRPNLI7VNKXk+pUGV+SQApCPJeMBZ6iWZ2uaUvJ9SoxmyNOAEwFxO67laI9DIxWAMxJOUzT7qQ7Hc4XYIpag4jZlWRrBG0FSKainqjiFhcVo6Do6onY2SoIa0+q01La6OhY2OCFuQNzjJKFvACk2ZW3dJyzDXUuDQN1pIKGkpI2tggAI745US8dR2q0Z+aqo2NHOTuVgL38TKupJgs2uJjfpe4KJZCUHI9DrrvQWlniV1SyFn+I4KxF6+KcDdcFlpy5w2Erxt+SwdTV19fK6a4VT53O51HI/RD0gHIACNQGKHIeuvF0vLnOuNU+QE5052H5KI2NgzgBGJbjAUcgAndMjHA1RSEIwOExI87FMUwPisiXcnhDXCRjCEbtR0n1K4SMJhJyuZPqoCdJOeVxJJQgxJJJQgkklxzhjlQg0kAHfdBJJJSPK4oQYkkkoQS4SMLqCAfVQOKyJxOrhcPKWSuK28hDcldx6lL6U1xyFaj+yxpOTuVwkIRJ1YXcn1RNYLyOL/AGQ9Xslq9kIkkYwr3cDU/Q/YD6ghukJaR2TMb/Un+CCCQfzS22w0iO+R2dguEuf2xlOdUUNP5p6mKPHq5Vlf1ZaKVmqKUTOGwDQhcorsONU5dIs205cMoZAj3ccBZOq62rp/LDAyMeoVbPeLjWjElQ4D0BwluxejVDSyf5G3muVvgHnnH5Knq+qGhxbTRkgdys62mqpT3d9yptPaJ3HzgAFU5OXQfxV19j6m+1VRsHYUdvzsrt3nBVpDaooTqDQT7qwhpoowPIM49FMMHfBP7SkhoKh2+FaU9K5mCTwpWn8kx1TDD9RRdAzlvJDAdOMJa9AyXYAVbU3bG0JVbPXTyDDpTg+6p2EVeey6qLzTU4IBy7Gyz9feamqYY2u0gqLJL5tt05tLUSEBrEtybH1QqhzgiBj5ManE/mnRU7WOB/1VpTWOpk8z9grFlnpWtAdue6pLAUrYR6KZkcj2kMbnCNBaqyR2oxaR6q7jihhADYxsnmfA2CMCV27or4bXE0f7w7BUmKGCDdsYPuuuk17EIecd1eBe+T7DmXY8IZmce6E5+OUIyZ2Ayhckimv2GfMQPVRn1Ds4wuh2xc48bqurbtRUrC578kdkmVvoOuuU3wie6Rz+dkFzmt3e7A91ma3qsPGKRv7qlqrjXVwAlldpHYFIladGvRyl+RqqzqO3QSGNkmojhUlw6iraluiEtib6sG5CpvDJIJHCICQcIJTcjdXpYVrI175JN3uJK6z6giBrdGcIR5QPkdFJcIO0ADZdxlMSSihJJJKEP2TSSSX5JP12JJJJQgkkklCCwEsBJJQSJJJJQGUsCSSSUKzk81rv/wAm/VIuMDHQ9P3WQCoDW5ZTVDju72B3/T2XomGSNDg4b8FRrzbaS726a2VsLZYahul7XDIIWN6JulbaKyp6JuzXeLQt10chd/ewf9Wj0UDTNjOzG4HCNa6wl5hkO3bK5I0OUVwETw7Rn81AGXuc8JINNKZYg4ndHwUIlnEkkkC7KHEZ547ry/ruyVVnuQ6gtjdLo/OMDb3C9Saod2oGV9DLA5oJLTjKdAYn6K2xXWK82uGviI87RrGfpd3Ck19JTXGgnt1XE2WGobpe1wyCF51Y66foq/Pt1wB/hdc/Oon6ZOy9LAz9jwtcZpIRbDDyjBxW231Vun+B/XL31NDXx/8AuaaU5eYMf3Zd/wB5GM6fTPuvlSrtvUHwY60k6Nv/AJoXO8SCVo/voj9Lw33wds7L7U6p6di6lt/h+IYayDz0tS3Z8Mo+l4PqF5h8ROi6f40dFS0s9IafrDptwbBIW4EjgCDkf0SZ5/rwvR+C8h/Evy2cjW6f5stcGEglo7rbzFLoqKaZuC124IPZfK/xQ+GkvQF4fW0wH8GrHk0zu8RznQ73wee+F7D0nfqyxyigvTHxhw0vDuY3g4IK2vUFstfUNlqLNc6ZlRTVbcOz2PqPdfZtBrYzgpJnhPO+G/4hp3Ffkuj45jlBwexU+GXUAFI666IunQl6FDWnxKOoyaOYDAeztn3VbRu4yV36rVM+OarSz083XZ2i0jOSjDhAjIBCO3cLbF5RkfAROTU5EJxyJJJdHKhYgO6IOEgO66oE3gScuDsuKCJfcOSSBykoUNSSSUIcwFwgYTklBwIhcRSByhkHKhDiR4SSVMgM8pp4TycLqVJ4YUZZIzmknIC5od6I2AlgeircgskeRu3KjOjHYKaTlDdH7pco5GA7Lebn0ve6W+2ecR1FM7U0kZz7fZfa/QXXNB8SulWXamcPnKfDahmMH7/ZfEcjAQtF8NPiFcPhrf46+Bz5KOVwFRBq8rm+4/NeX8z4hWr5q+/Z9T/8PvrF+LuXj9U/9OXX9mfYF0s7a5mWkNd2VEx8lNIaOsHGzXLV0F2t3U1mg6gs0jZKWowQWnIVfdrYyviy3aVnB9V4trDwz9FRe5ZKappc+YKvnYMbD2VrBKSPlpxiVm2/dDqqTYvj/MJtc9rKnDcsHmPWvRcNyhfUU0Y14OpuOV869V9MT2WrfKyE6Sd9l9jVFG7RrYM45C8/616Lpb1TSSwxDWQcjC9F4/VtM+efUv09Xq4txX3HzHRV7oHDK0dDW+O0b9lTdT9NV1hrXslYdGolrsdkG31hiIPOBuMr1Wm1G5HwHy/j56G51SNe0g7o3hR1EZhkwQRg5UC2VUdZDlh+4UssMfB5XRjNSRw3mHJma6gq7DV/M02oxE52WjtdzprtT6Hka8bhSA5k0fgzsa8HbcLL3G31Niq/naPJhcckDsr/ABY2Mlcv/wBYsbnazE4yRhMtd5ntcwcHHAKsbZc6e7U4a4jXjcFQ7la/DcXtbsmRkIlFS+2R6x0r1jBcaeOGaTLjsCT+y2LCCM5C+brZcqi1VALXHTnhet9JdX09xibBLJg9snumxsRy9Zo9kd9aNwnoEOHtBByjAYWg4zWTqSSShQkkklCxJJJKEEkkkoQSSSShByiXOip7hTOpalgdG8EEEKWuObqGMpTWQ02nlHg3VXS9b09WPbIzVTvJMbxxj0Kz0zQ4ZX0HfrTTXmgkoKlgLZBsf6T6rxLqKwVfT1YaacExk/y39iEqys9Bo9YpRUGuTMVlPvkBQXNzkEYwrqRocMFV1RTEO4/NZZwR2qrN3YKinMEuSdvRXsczZWZaQVnnAgHbGxR7ZViM+DKcZ4KT+Iy2OY5Rd5zumSjUMLrSQN07lQyLjkq54XBwcBjC93+H3VzOrLK0TgsrqVrWVAP4tsax98H7LxWaIFp77I3S3UU3SN9hurIzLEAY54gca4zyP2Wmq7b2K1tEdVS1/V6Po+ke6CUSAbd/daEOie1srMbgbeyzVLPT1dPHXUTi+mn80Lj+JvqrKlmLcDK3we9ZPG2QcOGae0XR1DLs7yOWpkdTXGmMb2tkhkGHMIyF59DLxhaC1XN8DAwjIUlDCMVofpO/zWa7O+Hd/n1wNBfbJnb+NDx4WO3PqvHfiX01/wCyLrY9RW9uvpq9ykSsx5G7+aPHYEHb7Feuda9OSdS2dk1s2uVI4TUbtWMP+/6J1guFp+LnQ1TYLxA9kzR4dUzGmRjwPK8Htjff3Wea/Zs0Vzolul+L4f8A19nhHS3Vx+AXxLivNLmTo2/6GVLQ7ysJ31NHZ7c8f0EL7OjrIq2GKqp5GvilYHse05DmkZBH5FfEld07Da7rW/CPrNzxTyPD7VVPHAydB9hz+pXp/wDZi+KVTa55/g31vUeHVW5rv4PJIcmeMH+5A9dy5ozyFmqbrlt9M6XkdI9TSrlzKK5//WXp/wCV7Po9dB7LiS2ppnmVyGYdxko4IxyoeSnZPqlgkrI9Usj1QMn1KWT6lQhISTQcJyhBJJJKEEkkkoQckkkoQSSSShBJJJKEGpJJKEEkkkoQSSSShDhGUhttldSULTweL/FH4aV1suDuuui9TJWnVVUrBgOH9QWi+GvxFoupKRlHUVLfGAAa49/ZeiZ7HdeL/Ej4fVHT9wd1j0dG5gJ11NMzjPdwCg9NT7PZ2c8p68/+HfX9L1JbYo5qhpm0jvut2JBj7qCZwlGWGOLQQRnsoksWncBShn1XHN1BGQiBxGxCMx+M7Ic8Za3UBnCG15GxHKhA6MOVG5T84V4yQkgjHITTgjGyjZPqn5PqVMEKetp5aWo8Ytyw+iG9zZgC3YK6kjbJs4ZCo6unfRSkEZY45B9EZDkjy3YDlV9xoqa407qerjDmvzg9x9lOLtY3C45hbglU1xgtdnzB8XfhvKY/Da7wp2A/JStbu93ZpKp/hX1vVSx/7PdQSuhqoXBsIeOPUZ9OF9K9YdMx9RWuSmYQyYHXG7HDgvlTr/pK42u6yXCGJ0E0bsuA9fUey5es0+/o+s/Rf1LfXPZOX3LH/U9wq6Ol6jtkltqmgSuaA1x9Rx/msrZKmemqJrLWuOWH+Xq9uyB0N1s6+UlM+FwZOxumXfJJGx2Wh6stTKl7bzR+VzhqJbyHBcC+h1s/RvjdfDWVKyJVXCLwnHLfcLzPrnpltRruVL5TnzNA/desUc0V2ohFPp8Vo0575WdudHJRvdBUR6mO7kbELMbdXRHVV4kfPlTBvnG45T7RcHRTGmecxk7A9lsOtLBHQz/N00eI5D5gOFiayDwXtniGN98JZ4a/Tz083n0aAH5aZsrDgZC29rrBU0jXckDBWDpJxV0o3yQFe9OVpil8B52OynZv8fqNk8M0zzk8IE7ARwpD8dkNwyOEiayz0b+5FdNDsRhV0jMHhW03fyqvlac8JZmshkhSA4wocjSRuOFYPbnsgyMBVGK2BWubg7qJO0AbKxnaMbbbKA6JxPKtGC2GUV1QzPmwoDmuD+VbyxghV00e+QE9dHKuhh8CadlxzQQmAgHCI3hMaMTRCmBY7hPZJgav2RpmBw4UTeM8KA5cS+tVc4DQ5XLGeIARyVkqWfQ4FaWhqRJA1xKA6mkultxI0dguLKV/gz8E4Kv6umbM04GQd2kLEH6g5uy0/TdyMrjQ1RDhjyk8oGng9LotTlbLGOhe+kfpcCW91cNZHURNe122FDq6drJCHcdlyleY8FpJaUto6kWosFd6R3g6mDJUKinexwa4dlo8MlZhwyqaroDFKZGjYpMo5Bw4yyi4oJstGSO6sWnG/KzVDO5jgCr+GYaAkzgb6Lc9lhQVBZNx2Wjo5vEA3CybDpIKtrbWgHS4rLOODs6bUqLUZGlicQeVPbI1zACqumkDmqbC/GnbjPdImsHYrs4OSgtPGy5qDsFTHQtkgGBu5VryaSQRyjngpY3cEkYC3GFBmgJOcfurEEObkcFBewFWgbMNGO6gtokJmazfCz1G7US07YK9FqKMSjDm5C8+uTHWu6uZo8jySE1PBx9XFQ+4kRAtkBI4RaiMSx+UYKJTw+PFrbyiNjLTgjCFkq+6OSqIfE7cLf8Aw665qLZXRUk82YnnBydlkauk1ty0Ko1yUcokjccg+qw30qxYNFF0qJ7on1xT1sNZC2eAhzXb8ouS05H5rxz4Z9f4c2hrZfKcNyV7I14kYHsIw4ZBXB1GmcWehquhbFSTDMfnG+UQ7hRIwQc5JUlh7LnyjgaLLm4RAc7pbH7oW7SgCSD5KY9oIXQ4ELqhYFpMTshWVLJrA34UBzV2CUxOVYQEoplsJTnhFBwoUdQ1wAUprw5JlHIlrA48IZByikYTSBjKWCMBOU5wyxN/EnZ2woQY0kOARxwo7vrCO07K0Q4kkklkEkkkoQ6DhdBymrrVaIAqYxI3JGSFTyB0buNlfFuppHsoNTTZYQG8rTXPbyMi+MFVPG2dhOnLgFnK+jZUNfTVDNTHgjC0uPDO/wCigXCjLx4sa6mnuw0LsifNvxAsL6KaanMe7HFzD7LEUExikAJ55X0f1t0sb1QyOhAEwH6r51udFJb698b2lulxBHoV6PSXpo8zravis3o2HTlUx5fTF27xtut70JdTR3N9tmf5XbjPqvH7RXGCqY/OBkZW3kqzb6mC7xuywlp29O61z+6LQ7R3yjNNM95jlzjupDJC4BU1nuENxt0NbDuyQDH6K1h83mXKshjg9TVPfFMkDdJLGNklkY9D01wGFxJWyAXA54XUQgbphByihnJGsoBKzOMKHURa+QrEjKjztJwOVuqs2syXV5PPur7IypgmifGCJGnC+Y7tSTdNX+aikaRHI8uZ7L7HutIKinO243Xgfxm6T8enFypo8SRebIC9N4rXOuxRPnX1h4r+TpnbFcop+nrgHsaNWVvbdUwVVN8uTg4xgrxvoq4t8U08zvNwM+q9NslRGJdyP1Xv65qxZPksZuJoLTUz2qq8Au/luOR6YW4p3h4DmnIXn9TmUtkb2Gy09juQkp2scdwuRrtPmW5H0D6Y8jmHxWM1MUpwMqVTv8w2VZC/U0HClxyaTnGVxrYYPoOnsLyJwLc5RFX0k2uPJ/TKmscMbLHNYZ04Syjo5T8jSmJmT6oBylgeeUkklCAU07pyajCfRUXDXS1LauNvJDX+7VKa7U3IO3ICLVRtkjMbm51d/RQaZx3pn7Pj4/5eygndgMeU0cp+n3TNPupgp8kC60IuFHLSkZ1tIH3VV0fVyvpJbbUOJmoXmJ5PJ9P2wtC8kYwspPKLN1aycDRBXx+C/wBDIeD/AJK28GdrbJSNUN+F08oTTncHIRBwjXIUpZCA4KrgNM8oA2JL1K1Ab+iBJgSa/wCpuVZY5u4BSKQ22SRMDBW1h0VscmOdkQclNvIxHDIBu2UE/ZEaQRkd0MQDmcLjtxuupJrKfRUt2e7vunkahhJ7SJXA+uUlIvkxXIA/LXluFRXqDEhlHZaCRo7qruUGqBwxkpq7ObdHgqYyRAxysGH/AHLOd1BDP9y3G4U2maX0OAc9k1GJr0Qq8aqY4VVFl8eMq2qB/u7wVU05wMFa6ZYZztVw2jzzq1gN4c4D8KpCzPdaHrT+XdeOW5VE05XqaP8AaR+afqOGzyl0f7nGoNW8Nj3UhV91qAyHS3kpljwjjVpuWChuD9cucqDL9KNUnBGT2Uab6crBZyzrQjhcEfOXI8HKjj6lJp/qHuqhEdEsYANPCFIMFGZ9CEBk4ThihlDA3JGQprGNDRsmMhGc4UhjODjZTOR8YcHYo9+FIIwmxjSOOU8NOfstNUci5xHhx7IbvNtlEz3QyM5C2RWEYLZNPA0OI3zwoVVLthHlkbGFVzSa5Eq630hNccjX+Y7rhGBgJ34UF7hg7rFZ+xyTyBqZNPfhVuXyzZHdGqnlztI7p0MXhxgEbrLJ5ZqgsI7p0YaFMpIgPM4ZUeNpe9ox3Vgwhg4RRXsXNimdpGwxsqyoeXbKVUSDGFXSOOUNk8cBwgcAJJJKLFGdS5GwnGylRRcbJX9wpy2oNDC3SCQpUUeCNtk2KPSAMKWwceX91MMyznkawYwEbsEhyigHCdFciLDsexCkRAEhBaNwAplOw5aFphHJmbxyHgp9WCQpoa2JgwFxkbY2gpkhBGMrTFYESeWNkeZDgI9LTnZzgmU0DickKxbFpaMHCpvB6DxXj9/+pYcjjwMAqRHEOQEmMycKVHFlKlLJ62ipA2RuJ2GQp9LRAEOcPyTqWDBy5qnnEDA/RlQ6EYYRwtZAwAYGyzt6uUjg5jTgDZWFzuGk6eMhY241ZkldkozLrNRHTw3MFUygDIIUFkmo7oc0pe7GU+mg/ESn1o8Hq9XK3MiRGxo8ybK7UQPROkcGgNC5Gw5yVoObnJ1rFyWTwwiSP8IbhVdXVg/dIsmooZXHcxlbVEHbCrJXmQrtTPqcDuhCTPZc+2zJ0KoJId+S1fQVrFdczM8ZEO6ygyXBrdyeAvZuhbOygtcZMY8WXD3H7rLOWT0n0/4/+XqVJrhGppIzlgDSAFewMa2MHChUUQ9P1U13lIz/AJrPKLZ9NUVFYQpp9DTssh1BfRA19PE85PJ7K5vVwFLFIzI2WOt1qq+rrr8vB5YM4c4jn7LteO0kWvkmjxn1X5uOk07ri+wvRHS1T1PcH1EgIpmPHiPPA9F7fQ26jtNKykpWhoaBkjbKj2220VhooqGihDI2DjuT6lH1uqCQ3ttldl/cfn3V6meqm5SDtLpiBjIVhQ0cMThKWZPumUFL4cYDm5Vg1oaAAELMLYdrvQJ2Qhjug1NUykj8R5z6BLYJJknbTxl7jj0QKOOrvE2jH8kd/VMo6We6fz5/JAeB6hXtTcrVZ6NjeDjj1S5SwWk28DHx0lrptZ0sawZc491nzU1V4nfIDoo2nytOxPumvlqb7O6ad5ZTNOWs4z90yRwA8KHLY2nG22Ujfk9l4D6cermp2IbUSB7wyL6W90mEhMDd9uPRdqZoqKE1ExwwclZL7/jXJ9p8V4dVpU0rkVVURUsZlmeGtAzuVloaK99f3N1soB4FLGQHu/8Al+x/RTaK3V/XFwNJC0spYiDJL2Y08ZHfOCtfcbpZ+jbfHZrMC2Vm+ppyc+5XFt1bseP6T01unr8fjT0JSukuX/yg6ivsvw7sz7fa/wCbVy7McRh0pHP2xn91TWfp91ye/qnq8uLSQY4yNmj/AOXCLabbFHLN1L1LUeJjBjjIx64AChXe53C/yBkkmiijPkiAwCut4/TLUYnPr9Hzb6t+oYeLh8FMs2y/J/8At+gXVPVlRfZzbrfqZC04Gn09SodttlutL/matuuR25yuSvjoi0NaM+gC2fRnQVR1FIa+6bU4IxG5vP8A8uF1puNfR8Ruu5zLtkTpfo279fVjHDxKS0tPmlaefy7r262WK1dN0jaK1xBjG7Z7kI9HFR2uhioqKBsTIxjDRjKHPIHeYnYLHOxzeDDOxyYYk/kodRXiIFoHmPuhy1k0rHQ0gy4olJaztJOcvPKDhIEhNgrLjPpkcGxY3z3VrT0MVPpLGgY22UltM1jQANl3T7oGUdxnldSSUIJJOSyFCCwEw8JZCaoQG/6iuJLmQoQKSMHcIB5S1e6YoQKSMcoZ5SyfVDzlQg9MyPVLIQjl2QCVCBchMMuBnChTVjIttfmPbKjxtq6l2HeVh4UISpZi93lC4Ae6LHTRxNzkk47pudsYUINwF0kIZzlcyfVQg90vYBINPdNDTndpTaqvpKOLxamQMaOTlHGDZaTZI0+6HU1EFNE6WeQNDd91h+oPihRUcTorRiWU7ZI4Xmt56tvl2JE9W9rT+FpwmxqaYcYZPSr38ULTb9TKJzpnjbAXmd+6yvd6cRJVPbGTsGnCpsEnONytNYegL9fNL4KfET+HlOwvYxJQZlWvcX5e8k9yVa27p2+3WYNoaMvjP4l6vYvhJZbUWuuLjUT8uyc4WzhhoLfGyOlpWRNaMDS3dDmPplyuUVweaWD4OPe9k3UFb4bMZ8Jg5/PK9EoOn7B0/A0UVDGzAwDjJcuV99pKdpBcCfusxc+oppyGxScH1VmeVkpvlmluPUNPA0NBAJ91jrl1BJNI5zH5JOMKvqJJJnanuJ/NR9IS2FGOBs1TLUEmQqM6MEjB5RyzH4v2Q5iI8ZO3qji0GMERHblNIwMkpj69r3GGAa39sKZbul71d5B4zBHAe5KLcim8ENr9ezPMe2FY0PTt0uOkGAxtd39ls7T0ha7a1pe3xCP81dRCOn3wAAgc/RTlgz9m6Mt1uwS10ruf5m4Wpggjp2AANY3HbsoFVeKaAENxqVLUXepqcgHDUmTbF53GirbrSUrMmQEngBZ+u6hrKhnhRO0A5VbJqJ1POSfVDOB3VQjnll9j5HlwBec/coEkjQOAmyS4OEF33TVEPGBr3lxQjwkmnbsr6LGZG4wmNDnHDfNnjZW9p6dr7oW6WYB5K2tF01b7YxoMbS4clw7q5SwRyx0ZG39JVla1klSwRtPqVq6CyUdAwCGIH1OFCvfXHTdhiLBXCpmG3gxDOPzXnN++JF5uxfDTn5WA8BmxVclxhuPSr31RZrF5ayoIkH/CH1fmF511D8TLjXyOjtjRSxjZpbysXLrleXvcSTzkrvhgb+qOMc9jYQwOmklrJHTVUr5XnnWchD0DgHARBgd0J83YBOURnHoSRIwhkklN1FUWdL3eqbk8Ji6BlGHGJxdBwuLhIwoH0NKC5xyRnZJ5OojKagCEklkJZChAhIwdwgnlLJ9UxQgklzISJGFCHSUIk7pE78pKEGJJJKEEkhtXVAkhJqSG5WGLV7LjjgJiStrBeBeImPl2xhJzC7gE/ZAqKukpGF1RO1mOyqUkgowcnhBBkklJUFd11ZaLLadzqh47BUdd19c6lhjo6eKEH8WMlKd0P2aatJZPk3T3NjbqeQ1o7nZVdd1FZ6CMvmrGOI7MOV55UXC7VjNFRXyvb6asBAjoHPdvk57koHZL+k2rRRS+81lT121//wA7qQvHZ0gVVWdU3yuj8LLKdp7sG5UeC1SgAEYCmwWwtxqKW3Y/Y2NdUOilc2rmP86Rz0Vlue4ghnK0DaBjQCWozYY2Y8gGFNrfZTsUPxKSns8rzsNvsrWntUbAC4AFTshjd0wTjGdkW3gRO2cng5FSsiOGjZSQWYwSFDdUOIxhR3SVZPlYTn3RReCvy7LPAwSHA4UaevazhwCj+BXTbE6B90mWt4OZHB/5qTkUopEea5SvOGSZ9lGkdVTnAiLirqK30rQMs3RWRxxjDWhBkNS2+ihZb7g/cQD9VLjspLB8w4b9h2VqJO3quHdQqVzfRCit9JDg+CHEI8cbI8howulu/Ka4e6JFxzLsKXYH1IbpMoeT6pu/upgtwCEk8lN39U1+wydgos9zo6dp8SUZ+6FzSDhU5cJEskeoTNxuqCs6opIwfCBe7tgqiquqq+QkQ+QfdIndg01aSyzs2FZXwU/964D81R3HqqlhaBSv1P8ATGVk5qmpqHF00rnE+pQgDnKQ7WzbXo4x/It6rqO51bNBc2Nv+AYKrXSvecvcXH3KczSW4xwl4fulORqjXCH4oZp/wgJ7Wsxv/muktCHlvqh3jWmzoa09k5LISyFTZY3BSwUzOUkPyADshLITMBcIwl7yDkkxJWQ/ZhJJJfkw/XY9JJJQgkkklCCSSSUEiRRwhImr2UFSeQaSekoQGRnGeyzPXnSk18pIrraGMju9q1T0k3BDgPpz7rVLrSd1C8sy/SHUkPU9nZWtj8KZhMU8JOTHINnN/Iq2mYMZWT6kppuk7+3q6mjPydW1sNzjY3bI4mHvvuMLWskjljbJG8OY8AtcDkEKFnaKpNPNhw8p2+yustLQQqF7e45U61VfjsMLtnR7fcKAyjklkLiO5o3ON0A8oQR64eF1JERPBkeu+m47xapJImgSR+YbcH1UDoHqWe507rVcZM1dJ5CTy9o4ct3JG2WN0bhkOBBXlfVVvqOl7ozqO1wbxO0yjgFhRJsJ/ej0xqzHVtJcLdJH1N0+3FXTf9piBwKiD8TT6q4s92hu1BDXwbsmYHfbZTs6sHC11y2mO2Ho+a/j70Jb7nHT/ErpgB9NcNJujS/AyRgS4xtg4aT7ArA2S8PBbTVTif6XL6brqCjtF0qenrtTsmsN+EmoOGzJX/U37O/0Xz1190BVfD3qWW3uc2SB2HUs4Oz4gThhH9Tcjf3X0P6Z8zlrTWf9zj6rTZ5RA6t6XtfWNofarnA1zcExv7sd6gr5j6gsF16OvclmuUWdAzHMB5ZW+o9F9Q0NwO0cp27FUnxF6EoeubQIJI2ipgd4kMmN8j3X1DTajHB89+o/BR1cN8F958808peG/mpUTtjsqZ/zVluctoucbo5IXmMk9yO6s43Bx45Xaos3HyTVUT003XZw0S09RycgFFWkxS7Cro5TWpw5UIEHC6uDhdULEkkkoJEkkkoQSSSShBJJJKEEuEDGV1JQcCIXEUgcoZByoQ4ku4KWk+iz2dkGLh4XM539E5C00RN55BEYKYipivIzJHmyMbKDURavwq0e0O5UZ8OeBlBOO4OMtryeh/Ar4uV3w8vLbXXvD7PWuDZYw3aP3x+a+r6iOnuETblbXtdTygOaWnIyV8CSxZ4C93/s/fF5lE+PoXqWqf4cxxRyvOzD6H24XivN+KdTepr69n3v/wAOPrP+Sv8AhmtfK/F/v+x7RXUgqd2t0TN4PqoEM8sb/AqxpkHZaOtpXNIljwRjORwR6qpraJlyZqB0zM3afVeWjPJ9pcP0AMTQdWNiqK6Wx0bjNC3yncgK7oajxmOhlGHx7LsgaRpcMgp9ds4STTM9+kjdHns8c686Hpr/AEb3xwjxADtjuvm25WiusdxkpJ2FmhxAz3C+1bxQeARNGPK7leYfEP4fUfUdI+pp4mtqWjOw5Xp/Ha6yTwz5b9VfTH8mMrYxzJHz/RV0tMQYiB6hamjn+bp2knfusZX0VXZK91FXRuaWkgOPBU+lrXRta+GUgjtlenotbPhHkdHPTzcJrDNRKx0YznZSGGGrgNPMAQR3QqWWOtpmnkkYPsUJ7HwPyDt2K6Ce5HKacSgudDU2Cq+apQTE4527K+tdzp7tT6XkB+MFT4XU9dCaepaCHjG6ytztdXYKs1VNkwk527K8OLHcWr/9YPcaYxSuaR32TLZc5rdOJI3kYO4VpQ1lLd4QJAPEA3Vdcba+neXNHlPBRZ9hQXqR6x0d1rFXsbBM8B3AyVuGT6+y+aaCumoJxLE4tIPZet9IdbRV0TKepkHibAElNhc+jh+Q8f8AF/qV8m+SXGkEA5zldTlJHGHpJJJhBJJINVVR0sfiPUIGSQ4Zo54xJG4EFEUIJJJJQgxJJJQIY9odyqbqLp2k6hpHU07Bqx5HY3B9leJuB/UhkshKc4cw7Pnm7WWrstY+irGYe391U1EQc1e/dW9K0nUNG7LGipYPI/G59ivDbnbqu11j6KsjLHtOAfX7LLZBs9N4/U/PDnhlJNCQScKI6MsOQMK2lYHZ2UGVnO3CxzideM88MnW6tFSzwnbPYN/dTxusuTJSzCaHI9cLRUs7Z4WytP1Df7oE88CboYe5dBH7hVlZE4nIVo76T9lFfHn7q8gwfo3fwY6tkgqm9HV8pdHUuHyjnO+mT+n8x/kvYRIYnBpGDnBz6r5XmaGnhe9fDbrWLrGyikuZ0XaicRL/APRBsGSfrkH8l0NNb1BnE8t497v5FXT7N9Sy5cNSt4ZMN2Kz0ZLXBjz5xyFa00m2Cey3PB5mccmmtdzmgAYXZb2yeFguqaif4a9awdY2thFtukfhV0Y4O4/Tcn9Vp4JACiXWKK82iaz1sbZIJxg6hkj3CzWQz0FVLa2n0yP8Uuh6L4l9MQ1NvEIuVNH83QVePMMAEAH3z+y+d6xtf1EyOtE8lu6s6cc0fRokDmE7ZzvuF6z8Ob1X9B3kfDvqCR743v8A9xnc7yuJ/Cfv3+wQPjN0JPRVJ+InS7fDqYWn56IbmUYHmHvtwsk4ezq6S/8AjS+GUuM/a/8APr/DPZvgh8UKf4qdEw3aRwbc6Nxp7hFn6ZQSdQH9J3x9l6Bkeq+FbF1jP8OOpqb4ldLav4fVOEF0pI9vKcZdjs7/ACevtizXKlvdoo7xQSiSnrYhLE4HILTnB/RXVPnk53k9HHTT31fjJv8A6P8ARYJyDuDuntOQtCZywyKo6erayQeCRwioSJrb6pYIRJJJQgkkklCCSSSUIJJJJQgkkklCCSSSUIJJJJQgkkklCDEkklCHCMoZ37ohcAcEoahcXhnjvW/RFd0zcz1T0u0ta46qiJvDvU4Wu6G65pr9Stgmk0ztGC08grYTwxVEToZmBzHjBBXknV/R1b0zcDfbDkRk6nsaoPct/Z7AyTPblPPCw/RPWtPfGR0dQ4NqAMEE4W3yGg7oxTWAOA7YoMgwRgI7/qKa4AhX2UCY7PPdPPsUJ7cHIXWyDgqkyBEkkkRBzs9ihzRMnYY5BkFEyEiQe6MhnpmvpJ/DwSOxT3PEjRtgqwracS9vzVS7xKSbTI047HsqIdky3Gyw/wASehB1JbzVUDGipjBLm4+sei3Mjg/zfmhmQnYbFBZFSRo02ps0tsbq3ymfF1HHUdHX35ikhcIA3TIwnHmB2H+a9ssd3graKJ+vVHKBv2DsbhF+MPw5lrKWXqO2QtcY2k1LGjGr3x68ryvo28i0VrqOukcIXuGhxOzDvsVxNbps4wfefo/6n/lRWJY/5v7M2tQ19kur9WfBldkegyVa3C1fxWh/knMv1R+6dX00F7t5jY4F5blrs8+ih9KXSaKd1qrHbxnDCeRjsuLZW4PB9w0t6vrwYq6UAqopbbVs0SbtGfVeU3m1SUU0tK8E4JAXv3X1ndHi70zdgQXgdvUrzrqC3su7PHiYGyaRn/ElOOTk+S0++WDzO3VD6SbwnjY7K+il8GdkzTsSCqqvon00pZKzDgm09W5jfDfwOCl7cdnnY2vT24weoUsrKmnjlY7ZzQnSDTtyqHpe4amfLvdyMtWgfg9+Ep9nqtHd80MkOVgcNgocjQArJ7cqHK0/ulmiceCslaA7hRphlqnTNOc4UaRpxwgMViyVz2nVjCjSswOFYuYM7hRp25AICsw2xKuUHOVAqGbZwraZmc4ChTMzsji8nM1EMlQ4EP22RI84GeUSaMDcBBEmHYwmnNshgO4AhQZ2ZKnNOQgyxE4OFBbg2yNFsc54VxbKkg4VSWY7o9NKIyDlX0Prs+M1cEokAyQjeLJDMJ4SQR6KooZwccq0gkaRv3Ubyjr02bkpI3FoqIr3QOimwZg3YpkTHwSso5BhxJw71WZop56Cds8D9OOR6rVGohvVGJWeWaPnHIKU0d6i5T77D6ZaebwpG4HY+qNUU4lY337qLaqs1bxQ1WC9uwcecKdh8TzC4nDT3SGbYvcUMxdTz6dOGjurKiq9RA24T7nRCWnLms833VPTTFsrWH0S2Mi9jNYxwezOQlFVOp36mtz7ZUGkqBjSPdScA7+qzzjlm+qzKyam11wkj82M+iuIZQSDhYihqfAlBJOFqKSfxCCOCs045O7pbvkjgvoptQAOEqulbURhrm5PY+ii0rw4jfCsQ8OaB6JeUjox5Kmmkw90Dzgt4z6KQ4Nd+IJl1oxpFRECHN5wgQya2BwOUvBGEc1Zbq6yfN05qYhhzDlawHKBURB7dJGQVYi6qNsHF9nnfTdb53Uk58w8v5rRT0wbhwCynU9rqOnq/wDibD/Je7bHqtNaLjHdKKOVpGdIyjOdpp4XxvtDCMZDmqsuVFG4GVjcB3I9Ffz0+RkN5VfURO+kpb6NThkzlNNPQVQfE4tIK9w+G3XvzUTLdXz6sYDSeQvG62k1gaRgjhR7dc6i11Qkje4YOCMrn6mnf0M01nxPB9dhwONJBB4RWuG+4XnvQXWcdxoo6aqfiQDDST+y2glLXZHBXDtqcZYwdqqasWUWAdjuunzAKOyQSAIw42WSUDQsnCSwogOQkQCg7sSwiShvG3KTH5HHKb+ahBMmcx4Cs4pQWt3VU5vujQyFpGScJYEo5LgEcjddPCiQzA4UlrwhFtYEknHCaqZEdLeCV1pSB2wmqpdFPoekkklMASSSSogkkklCCXHBpG44XUkxPDyWuCnr6QxkyM7nOFCJJb5hhaCaIPYQRlVM8JieRjlaqrApSyikroA1uQ1eD/FjpGanqZbpSQfy3eY49V9DVEOscZWZ6ls8NyoJKSZuzwQCuzpL8Mw6iiF0XGR8oRTluxGCtvZqpt0tRpZDqLBsst1bZJbHdHwb6S4lqk9J3T5eqETzs4YXfqs3o89Byqt+NntPwwvOqOayVEmZIvNCM/g9F6RE7fC+f7dXyWLqGlubCRGXAOx6Fe60VVHVQsqYjlkjQ4fms98Wen8dqFZBwfaLVo25XcD+oIEchwE7cnlc+ccHVygiS4CMLuQoQSTmjB7pZC4SMIovBAJ5XCAV08prjsU5MBrJHmja5pHKwvWNkZXUc9M6PIe04W6fsVU3Sn8UE4yDsuhpbHXNSOVr9LC6pxkj44rKGXpu+SQEFvhyk/lleh2mqZPAyWM5DwCn/GHpfw5P4pDHjH1YVD0tVsnoGwtOHM2K+keM1fzVJHwLzPj3oNXKtdZyej0c/jQBpH0hTbXWOp6lrMbEqltU7QwNccuIwpz3hhyBut10Pk4F6C+WntU0eh0VQ1wBG4U9kgP5rLWCs8WENcTlaOIHAIP5Lz+prxJo+veN1MbqYyRY08gZgA8qwiIxnUFSBxGPZTaao1ENOxXNsidumeSwIwnII3RdPulmtTZ1cPCbkJZCg3saeUkklAxkjQ4bqsrY3RTsqowTvoePZWEx9EKVmsYxlQzWdjA4Hg8pZA5KhwSecwu5advcKRKMkYTI8g5OSt2ys31RQ/N0Ty1v8yAeM0jnIWlcodRG13I2Ox+yFipIiWStbWW2GZuSS0A59e6ss5Cy/TjpaG41lnqXAapDPCP8BWl2GVaeQUxhJzhDk7HsEQ8oc4zEccoho0cJJ7TmMEeiBnBTMgA7szVRyEfhbkfdDpzqgjfnOpoKkVLDJEW9iN1Atbi+kaSeHOb+jilguWCWzsuHhdzhJ5yjBfRBq24eD6obd24Rq4eVh/xhR2Hff1VwMk1kZK0g7KNVMyxTXobgDym9mOyGTPzMDWPiAwESgP8AuhGU+tZ5ZcDkbKPaTiJzSe6Yjn2LD4G1RHhuYO4VGzLSQPVXNUcSyfZU/Dzn1WqrtHM1S+7JievgBdIj/wDQgVm2rRfEMEXKB/YxALMtGxGV6nS/7SPzh9XQ2eWt/u//ALBHkaTuqW4SiSTws5xyrKY43LsDCoGyF8kkuDpzhHYcKlZeSBXbz4BxhQ5SdOxRqp+qoco1Q/cYWSTwdOKwhseSpdKCH7+ijwAE4Km04GrOFdYyHZLYNk0HCINmprRg8pnZsjHgLCCOUdqEBjCKzhSK5CcsIkMO/wBkU408cILeCUdq3VLjJmm8jQ/2QpXaW4xyjEAclQK2dudI7J85bEYbOWRauQk7FRV17tTiVxYZPMslxjg4TgFQqmQNBJIUmc4CrKl2/JSLnhZHVLIxjjM/ccKdHhw0jZRqWM5yRupsMZB3CRBZ5Dm9qCRRhm4XZvp5RfpbuoM8mUbeEIXLAzuOecoQBLh7JOJLjlEhaSckLLKW5mlPagsMWcKZBHgApkMJy3ZTI4w0D80a7EWzzwPYNIGyKHbcJEYwkz6gnpcGVsKB3RgBhNA7o0YJITIRFSfs6xri4bK0p4mhrXY4QIIm4BIUn6W7dlpisGebyPe/hq5BGXPzhDaDK4Y7Kxp4g1oJG6KUjreL8e9Q/kn0OiiDRuEccJADsjxsIPCQ22evppUeEOgiOd1YUsWXJtNDnsrCCNoOcBUdGqGDrIg0A/uoVfWtYPDYRtyVJqKhrBj2WUude3U4ZPKMbdZCqGZMh3Ou8WQuLzhqztTOXPLhnBTqqufNIWkYAUbQ6R2SjSyeB8jr/nk45yEp8yHJUwHwwEyBjWNGya9pLhjdaF9pxW9wYZcc5yiAho4TIntA3QKqpa0YwpOW1Fxhng5WVAGwxwqSqmJOCUSrqtTtlXTSFxC591uTZVVtOucXHJSGeyHynRgvlbG0ZLuFjnI2VQc5qKNP0TaRcrqHubqbFuV7hbKbwImgNxssp8OunWWu365o8yS4eXHnHot3DGGgZGEuLy+T6r4rRfwdPFNctBoiGtwByo9bXiHnZOqauGjidJK7GOAsfcblLWVBLSS530M9QttGn+WWBPl/Kw8fQ5SeAUprL7dBb6eQ6n5wPVet9P8ATtH01bgY42ulA8xwonRvR1P0/TfN1LRJWSDLnkcewU+qq5a+oFNAcNzjZdytKuKij89eZ8xPyuoc2+F0SGOkr5tEYJ9T6K6oqSKnjDGt45KHbqSKjhDByeSrCIaeRkJzkcCch0QAGAMYRkwoUlXHGS1w39FbeEAEqZ2U7Nbj/wCqDb7dJdZhU1hLIAfK091It9qmqnGsrHHw85az2Ui832hs8LTM0BvDQFnnLACTfRIrrnRWen1vxoGzWjbJ9lnIop7vMa6tJbC07DsEKhoZLzI65XgFsY3jYTwEarrPFIp6XyQt2GO6yWTwe6+m/pu3W2KU1x7Y6prGPApqZumNmxI7pkeTthchix2RZ3thgM2Pp5XOu1Sj7Puvi/B16epVVx5GTvjpozNK4NaBndUsdLcOsK8U0OY6Rn1v/ob647oUjq3qCsFPDlsQ5PYD1WkbI21UTbXQEA4/mSd3Fcay6eol934nsa9LX42vEP8Ada7/AETrld6TpyiZZLJBk4IJDtm/9VR2y1uLnXm8uyc5Yx3f3UimpmiVszxqxyEStkfM7L9mAbN9Aujo9LHUyw+jwH1N5qjwOmm08yff7bIdbVPrZfFqZvCgb/dsHdUlTdj4vhUmA0bAp1bVPuFT8vTjDGbErddA/D0VEoudVCAxuNId3XpnL4q1XHpH5w1/kbdXc7rXlsXQfw8NxmjuV3OGjzBrhsV62yCCjjbFTsa1oHYLjWxU0TIYYw1rRjZDlnji3kdhZJy3nKts3SyOnlI3cVHLamtzHAQ2M8u7p8UMldpdkiPO59VawxRxNDGMAAWeSwxQOjooqdgDRl3cqUW4XGoiHOSDEkklAhJJJgfq2woQ6m5K4d0JQh3W71Tcj1SJHCGT7qEHJuSuJmVCHclcSPCGTvjO6hAxIwd0APyS1MqZ4YGa5pNA9ScKskr5aiVsdvY4n/vPwqELGpq2UzCXnf0UD5itq34pWOY0/idspEFHI5odWOD3+yM3EY2Gw7KEBx0EEJ8aVokkPJRTKHDSAAmmQvOChgY7qEJLXE5JPCGAmulZCCXkD1ysveuvLbbX6Ypdbu2CEyFbkEot9GpdtuRhVFz6ntVr1fMTgaeMd15le/ihWTvkjpZHNysVXXS4XKXXNOSPTC0QoyOhRJ8s9Ev/AMVS9z2WwuAO2Vibj1Nd7oSJal4YewKrGUz36cjOVqLB8P7zd9MsbWthO+tybtjV2MShDsywLnOOCSTytPYegL9fQJomtigIz4hXp1g+HFmtzGSVcLZphycbFa0NDAcJM7U+hE7U+jI9N/Dq0WRjZqiL5io7l+4H5LVRujpmaWNaxv8AhCDVXSngadZxt6qguF9fLG6KlyM90rLkK3ORc1l1pogXGTzfdZy49RSS5ZEchVUomncHSPJ+6E9rG4BKJQwE0MnfNUu1SPzhNczYbLr3AHATJ5207cvOAUeCkOLcd0CWVkIy5wwqyruznSGKm3I9Cpds6Xv16eBKwsY7keyLCDzhEapuLHeWE6jxsp9p6Sv97cHuYG0xHLtsrZ2foWzWiJslW0SuG+PRW8t4ZTN8OlAAG2Ahk8cA7+Sqs/RFss8YlmY10o7+isX1tJTt0RgbdgoNRcZJSSXHJ7ZUAh0xIaFWGU+Sxmu4A8rcfmq6etmn8pcQM9k+O3PkIdIThSmwwxNAwBhB0QrhTl+7s/mnCnawZ/1UuXH4W4AUGaTT7q20ykhr9Lc4wNvVQZHnOyLI5znbrngucRhqHkasIjuDncjCZoPYZJ7ZVrHa5pGhwbsjNdYLcPFuE2Hj8ARxbYO4r7dZq24y+HHEQ0cn2Wmpul7TaojV3KcEDnxDsFmLn8TPk4zBYqRrDxreFi6++XS7SOlrayR5d21bD7BFhhxhk9KvHxJsdm/3e2nxXt4cweX9VgL315eL49zDO9kR7A4ys/KwZC5hoGw3RRjkaqhjsPcXEZJ7nlcwE48ppIxhHtQyMEheXOcj9UwOyMZQzsdyh6scK0iw+T6oB4XXOB4KGSc8phaiI8pAZXAF3W31UGxicTMj1XCQmEnPKhQRN1e64SEMk55ULHLh4TUlAjhJyuZK5kJZChDq4eEwuAOCVxzgRgFTBDjnEHAK4XE7Eph5XFeSCSSSVEGJJJKFtYEkRlLIOcFR6qvoqGLx6ysijZ65QSsURsYym8RRIyByVzTvjKxN1+J9vpXuZbqZ9Tg/Vp2WVuXXPUV0yWytpQfpLBg4SZaiCN9Pj7Z8vg9UrK2ioIDNV1cUI7azjKydx+JtppXFtJSTVZG3l2B/NedOjqKyUy1s8kz3ckk7qfTWuU6RBHsfZKlbOX4s1x0tdX5clhX9ddQXHUKfFJGfp0/Vj3VS51bXPL6mqkeTyS4q7gsE7sOeNu+ytaayUzQNQ3+yqO6X5MaraoLCjgy8Nv1kADJKsoLLOQ06dloGW6mhILWDPupGgovjwKlqmvwKWCx5+uMBTo7ZBEMgDIU5rSE0Ruyj24EyunLsjimbn2SDY2YOoKUYNS58lAeWn9VeAXNkYywDABJK45kr/wC6bupzYI2jAaP0TgwDhTaL3tsr201Q4jxTt6J7rfCAHb5U8AEHIQXN3VbC0R/k2jsiMY1gw0IiaiSSLyD1ey7nK5p90hgd1T2l5Y1NyU7I9UJz2N3cQB90ptINRb6HtITjuoE94t9ID4kwz6Aqsqes6BgLYwXO+6B2xj2FCmyfovNBXXSRxAue/AWMqerKyQ/7uA1p91U1t4uVUNL6hwHscJb1EXwjZXorJdm5qb7bKY4dUAn2VFWdYNaSKWI7dyVkXF7/AKnkrmn3S5WSfTNtWjjH8i2q+qLlUHDX4CrZKmec5meShEYSS3J9GqNUI/ijv2S075zuk1dSZSeRi46HaWgcIWnC7sO6ESc8qnPaQPkJrjkbLmAlgJLmQY4kHlNSSVb2GO1u9VzUT3XEkankgkkkkLsIJJNXMhA3kh1JcyF1EQ/ZpJJJfk8/XA9JJJQgkkklCCSSSUEj0kklAMCSSSUBEutXElCA6inhq4X01RE2SKQaXMcMgj7LF9PySdPXJ3SlxqGineXPt8z3Z1t/7s+jgMfstwqjqWxw3qh1Nb/vlJmalf3a/wBPzULSJBbjlCje6mqPGYPuPVV/TtzkrqLw6twFVB5ZW9xhWMjQ5vqoWXVPM2WMP1DdcDvZVNDOYyIXE7qzbvuhBlEKkkkiAOHcYVVeLVHdaKSmkaCHggg91bLhGVaGI8lsFzn6L6if05cyfkap/wDu0naN3oV6Yx+dwP3WW+IXSst4p/m6IAVEPnafUhC6C6mN2pjQ1XlrKQeHM0nfI2ynReALI5NPc7bS3WmNJVxhzXcHu09iPQrB9UdJjrrpqfpqtcz+MWt2qlkdtrwNn4/xA7/YL0cebZVV+tcjQy9UPlqqbdun8Q9D6hb9PbOmanB4aMNkV7PkCso6211ktFcIDDLTOLJmnljskY/UKyttYKiPRnzMXqPxq6QdeaWTr20UjHSMi/36NgwXs/rP/Lv+q8Qhq3U7mywlfXfBeU/mUJvtdo4mppxPcjP/ABX+G1L1FQS3WhgayvhbnLdvE+/uvCKaoqKGd1BXsLZIzp35C+uqeoZV04eQHAjcLyD4sfDWGq8TqC1eWdu8kYHI9V7LSal+z5v9SeA/kqWorXPs89YdbchGVFQ10tNIaWqy0g43VyyQH812oT3I+VX0OqbgyQ1OHKCTk54RGo8iUGHC6hDlPBGFZY5JJJQSJJJJQgkkklCCSSSUIJJJJQglzAXUlCCLW44XCBhPXNPulSWRwEhcRSAhkHKFogIHCbq9kZCV9kyCQzjByFJQTwp2ERnNPogta6OdtRGMSM+k+ilOaPRBewHO3KTZWpcMfp9RPT2KyD5Tyj6j+CvxXi6qtcllu7gLhSx6i5zseJ7j9F6JWQCJwng4duvhq23e4WC4xXK2zOiljIIIPPsV9efDT4i2vr6yB8DdNTAA2ohJyWH/AKcr555jxs9FY51r7D9TfQX1hR57TLTXvF0V79ltXxta4V0TQHDaQDv7obwXQtqmjYndT6uAx4I3a5QWn5WbTzFJsWngFcRM+hNY4Y0xw1UJY8ZB9VmbrapKR5cwZYeFppG+C7xIxgE7p8kUdTFpeAQQtlF8q3lMzW6aN8dsjwX4jfDSl6oo31NCwNrGDLWAfUV8/wAtPV2uskpKuExyRHSQ7ZfaN2tL6WQyRg6eQR2XlfxN+G9P1NSuuVuibHXRAk6R9a9BotfNPlnx/wCrvpH+TuuqX3r/AMzxCjrZInNdFIW/YrS09W2ujLDgOAyVjJYaqgqX0dTC6OSM4IKn2y4mmnD3cHYr1mlv3LLPh2t0VmnnsmuTQuLoyCMj81YQTQ18BpKoA5GASoQfHUMEjHZBTQDH5mnhdHiSOa4uDKi5WyqsdV8xTkmInOytaarju1GRga2jcKfFVQ1rDSVjRgjAJVFW2+qstV49OSYie3GFSWBqt3cvsj1tG+A5Ix7oVHWz0MwlieQR2yr6J8Nyp8P0kkKmraF1NIWng8FV0NU1JYZ6l0X10aqJlHVyguGwJO/2XoNPOyRmthzlfMQnnpXB8Ty1w3GCvTeh/iAJGx0Vc8axsCTymQnk4et8dtbsrPWNWUlFpqmKojEsTgQVKb5lqjJYOI1jsSHNDHPGY5G5BRdPulp91e5ERntU9lqwwuzDIds8K9bIHDI77oNfRxVkXhSDPofQqlttxfQ1LrdWuJDThjj6KZQeMmjSSwMZyu6fdTcgMA0kklYQwpnmynpYCjWSCBysr1t0jS3+kMsLGtq2DLHhanIQi0IJJNYGV2zqkpRZ84XCiqLdO+lq4yySM4IPdVkhGTtwvcuuOjae/UpqIWhtTGCQQOV4xX22egmdDMNwcLDZDk9VodVHUwyisfpOWkJ1uqTRSGOX+6edj6JzhglBmDZGaRueyz7WdHG6O19GgyDuOExzcjlRLdUmSARu+pmymg5UESjtIcsO+QnWq5V1gucNzoJDHJE7Ox+r2KO5oKjyxA9kUJbWWnuW2XTPpTpTqW3dYWeO8UR0yOJ8druWO/pH+n2Ku4Jztt+q+a+i+ra7o26Nq6Ul1PIWiohztI0f9M7L6Kpa6julKLja5RLG7BGO4xnK6NV2VyeQ8no56e1yX4su6eZx5UyOQkAFU1FUBxGT91cROBamyZyH0Zz4h9LDqW0CeAtbcKMF1PIdifUH9ArD4a9Zt6ntJtNzZmuoPJUtePM7Owd78K2kGcZ4XnvVtluPT17h616daWmLerjZxI0eo790lxyaKXGyPxvv0/7mY+IPSEvw+ulRdIIPH6cuYdHUQBuotcfX/qrz4D/E6D4edSM6Cv1XK+zXKUyW2Zzstgc52Mf8rsDPo77r0Smq7H8QOly5rWzUla0skjeMlhHb9+V88dYdGu6ZqWdM3GV7GVI12er/AO7d2jJ7dt1nshseUdfSOrWQemv79/8AT3/lf+Z92vl1OzjCIx2dl4b8Afi1L1HaZOl+ops3q1u0PDj55Wf95/ixjc+4XtzHDnPKOue5HntTpp6exwkSBunoWcp6angzBV0E5Q0kAJKacjc7rqAOUUDLMKECZC6gsJJ3JRlCCSSSUIJJJJQgkkklCCSSSUIJJJJQgkkklCDFx/0ldXH/AElQgEk5XF0g5yuKEHqJcqOOupXU0g2eMKWmvGQoWpYPGuoum67p2vNfb9TC058vBWy6M61ju0LaOteG1LRjfutJcbfBXwugnYCCNvZeTX20T2S4uno9THMOfuj6GZUj2UOz2TljeiutYLmwUNe4MnAwCTytrqDgQdleQWsAXtGFHwWkKTpQpGZ91GUdByOV1B3DkQEYQkHZKWSkkrIcxlQ6xgezRpCmobmh3KNEM+4SU7y1/wBKRIAyNwp9wozURZZs5u/3VTDIQfDedwr6IOlf4sbocHzL5s+K/Qf+ylfHX0LS2kmJAHIb3x/n+i+ldPuqbqayQ3+zz2qoY17JW4ORuD7JFlamdPxmvt8fcrK3/lemeF9F37wgygrHEFoAY8nn2Vtfad1HcGXKn2DiCcevdYO92m49DX19pq2ZjJHycuN3s7By3lsu0d3t7MEiSIBrweVwtbp8Syj9OfR3n6tVVGClnPRoqGaG70RhqGh7Xtw4exXmHUFtlsdfJSSDLA4lh/wnhbWjqzb6xrsYY/YqR1hY2dQ2d9ZSFonhGfuFy2sHv76/kjvPDuoKCOozKG/UMgrFTxujeWcEL02aIFphlbu3ykehCyd6tjHFzo27hKkeT1ullOTnEiWOuMUjTq+k7r0Gle2eNsgOQRleUgy079XGFt+k7praInu5GFmaNvi9Sof6czQvbjYqJIAdsKfLgN2UJ4yCgksnel0QpWgbEKJIBgjHCnzDPAUKSNxQGacckNzd1HlZlvrhSntwgOYQCojHZDJXTAb7dlBmHorGoaQVCkac4T0uDn2wyV87FDe3Sc4VnK3IUF7d1ZzbY4YJkm+MKScPYDhR9ON0+OXChmaTAVDcYxwgMJ1BTZW5B+yguBHZQVJNdFpQTu2yryleRhZWmnLHrQUU4fGCeQobtJa0sMvYpNQCtLXV/JT+LjLHDDh7LPwzYIVjTy5IGUElk7mls5NFVQkuFfRv98jkK0oK+O5RhkpDZ2d/VVFrqC1giecsccI09HJb5xWQZc3kgJR2Kpcl48BrdLhkKlu1G1hFVCzAJwQOyuKSeOrjEkZz6j0T5IGyDS4bHZJksmvG5FFb6rDsOIVzCQ5uQc5WbuEEluqiCfKSSCB2VxbqgOja5pzkJch1UtvDJ/0qys1wk8XwHnGOFWiTU3hMDzBI2RnIOVnsjuOnprNksnoFK8gAqwimzgLLWm6iWMNLsn/JX0MgwCsk4vPB3q7VMtWuDhggfmqevpXUcnzEAJY76m+inxP2CkiJs7S1w2IQjZS4KmJwe0OB2IyiEZUOogmt1ScZ8Jx47KXG4OAI77qMWpZK2+WeG9UD6KYgZ3DiOCvOLdWT9LXd9DWEuhJwCOML1wDJwqDqvpGnvFKZomATNGdgjMesok4/JBco7TTw1UIlicHNcNiCgVVOHDjCyNirq6yV/wDDawnRnAyt9F4VZGHREe/sqZWnsdsc+zM1VOWu+lVNbQiUF7NiFrqyjBc5unhUtRTOjJwEmUcjLIPHBE6e6gqbRVMjkeQ0HY5Xv/SnVMF3o445JQZGjlfONdQOmJfGcEbq36L6pqbVUCKaXAacZJ4XO1OmT5Ro0WrVL+OZ9OwyFpG6lxyAjkElZnp2/Ut4pWOjdiQNGR/qreObScLj21YZ3oyTWS2BymvGcIMLwWjCkA5WOUcFgidKc05XXjKGHkchBggRrfdJwxvlJzvZca8KECwTua4AhTw7IGCqvGDkKTTy4OClipLJOyU5BBBRByrKHNLicnhOSQ3OIJ3PKWTsPkJIY5TxwlijqSSSAgkkklCCSSXHcKEHNwVArIMnVhSckHdP0CQEFOhLBaKSSM5IIUCppY5Glr288H0V1UMEbyCNlCnjzx3XQps2sE8g+J/Q0NzonyRta2ZoJBA3d/6r5/0y0FX4bwWvidpOfZfZtdQQ1cRhmYCDwfRfNvxY6Vfabs+rhiIjecnAXf0Wo/Zw/I6SSfywB01Uy4W5md3AYyvUvhlffm6I2uofmWD6cnsvD+m67Q75d7tnLbdOXCW13ynlY7DHkBxXSmlOHBWgucMSZ7yHbE4RQcqFTVHiMY7+sZUtjsjhc+cH0z1EJ71kJkpZKbkLqzNYHI7kpZK4koQSHj1REObZuodk2sjAy7jKgyt1DGNlOH0n7KM8Y7LTVPBktWVgwHXtkZd7VVUrWZcWkheAdOD5K8T2+caHA4GfUL6huNOfEJxkFfPnX1mfZOqm1kMeiOZ2rI4XtPDanG1Hyr6x8fvl81a6LulkLKhrfVXbn8EblZuCUShlTGfK4A/mrmkkD2AO9F7GMlJHzpScS8staYKlrDgArd0szXN5B2XmIzDM2Vp4W0slbqpwSfzXK1dK5mj3v03rGo7Js0PJRInOje1w4CBE7LdQ/REd54y0BcOxHvKrf0XEcge3UOCi5yFXUFSHwhhG7diphk17pBuhPcPLznYrmonuhpKjRGeB6SWQkoG7MjDvykUlx24UKlyisrR8tUx1Ib5M6T+aKyTO+NiiVLA9joyM6h+ihUMpdEYXDDonFqJPBnbJj+FGccblElI2wUCQ4IVNNgt4Rmr9FJR3Wiu8WRiURP8AZpWlbJq3HB3UK70rau3yMxu0FwPoR3QrHUuntsUkh8wGk/kqigIvkslxwy0g+i6keEYwZCf5Iz7oTzh4KIdtggqEDNLXgagqW36oairp8Ya2Uub+atn5BByqadzor8C3Zkke49SoLsWSwJwkDlJy4D5ScJiQDYGtI8L3ByojHZwjVGXHCCG6Wk84VxEzCP8ApBQZDtsjkZgce6AOE3pGSfBX1bRpORyFXUvlcQPVWtY1xaQR2VTTjMpHurjLkw2rkDcXFkx9wql5znsrm7twBNhUsg1bjZbKu0cfWLEzHfEJg8Wld30LJggA7rW/ENuHUpPAZusW48br1Gl5qR+d/rVY8tP/AAv/AEI12mLYSAOQq0NAoC5w5Um5zAyiLsVGq3COjDAMK5M4Onj9qKd51aieVGf9SkO4Kjk+ZZLOWdLGQ0GwU+kBCgxHGArWmZgA4TYrCGUxzIL+HBQQcE5RJ/pQjwFImp8cB2orOUHsUeMHUnRQi18Bm7kKSOFGZyAj626VtrM27HYOpfhuM8hU1TIdSn1U3v2VY45Kq2XGDPLmWTi4TgZXU152WRvCCSyRamQ+nZQWkvdv2RqqTLtlyni3zhZ5S3GiKwSIWacDCmMGkA4QYmjbbhSJXNDBpCiaSFz5AzybEA9lALi7OQizv35yo2rJPZJm8cBxjhZFkOOPVTqaIbEDhAjiyQQFPgYWgIIrIFksho2huNkdu4XGNIxsiA47JyhgzSfPJ0jJACI0HKQ5RGNymRWRL5CMaXbKZDEMjITIosAbKUwYGwzha64ZETmO04xgYXS7VgBNklDct7gItIwloee6bNJIfo9NLV2qCJFJB3IUtox3ymwkNAGOUYcrM2e901MaoKCQ+Fpcdwp8TcYOEKnY3bZTYWAhUboQSD05AH0qRrAaRsFFAwolwqvDiL84AUHxls5It3uTY3FrRkY5WGuNyMr3ANO59Ue/Xj5mUxwOOBsSFVRRuO7kxLJ5LzfkPllsrYtLpHascqXC0DBPZKGNunJCdpWiEcHl39x0ngNCI1gLRkpNj23Q5ZMbI20UkNmd4Q2xwqisqnPJaCEesqcAgeip5nl7tz3WO+30aqq2Pe8vO5QlzICaufOzk2JYQ9azoKwOuFb87JHmOM4G3JWaoqOaunbDE3OeV7v0bYRarVGzSA54BP8Aqs07Nz4PWfTXjHfb89q+1F/b6ZsELABwP0UyWdsQ1OwB7poAa0DsFR9QXWBo+XY7Lu5CbTU7Ge61eprog5y9EG/XRlTUfyslrdueVr/h50mzAvldE2RxOI9ZwG4747qi6H6aF3rPm62Nxp4znB21EL0+qmMGWsdgr0emqUII/Pv1X55+Q1DrrfHsFc691TJ8nR55w5wR7bSR0jdT2Bzz3KFbqaKPNTI05JOAp8EL6p4a3YDutJ4ptIn0zBINbxsOFK8rAh4bC1rR2CC+V1RJ4cX2JVuOeWJfIV9QeGhSaCgEhbVVcfmTKSi8J4lqNwNwoV76hZA35aDcu2JBS5zTXDLS3PCJt8v4t8T4KT+YTz5sYWfobc+unFyubiQN2xnjPqi0tEHYqqhuR+EHunPl8Y6W7BY7bVHg+h/Sv0dqPITVtixFhqq4GcinhGiMbbd0qenJ3xwlTUZccnupDy2maA7k+65Wr1WxH3zxXgK9O1XBcHW6It3kAKhrqqoutT8nS5EbThxRbjWGp1U8J3HJUihpG00IaDl7t3FcK66VrPWwohoYYS5C00DKGNscTd+59VLiiyQ4t/NKOEkgkZ5UpkWGjIWnSaed01GJ53y/kFp4StkxhAa3JAAHqszdLx83P/D6MEDcPeO/spV7uxkLqSkfxs5w9Va9EdG1FbL81UMA1bgEdl7CFENLBKPZ+XvqnzkvJ62Um8xT4J/QXQj5nNq6uLEXIB7+5XrsTIqSFtPDGGtAxgKLbqSOgp2wsH0jCdUzAckDHqqlLceNsm5SyEmnZE3UTk9gmUVLPVSiolOGZ9cfkokLH18wxkRsO59fsr6KPQABwFmnLAAZrWtGlrQB6BdXF1Z28kEnJqciIJJNSUCHEjHKEeUsn1QlCCXDwmychNedhgqEESmJJmcKEClDxvjKT9uThZi89aUFJVG126F9zrjxBBwP+d2PLj7qENLLL4eNs5WYq+szPVtt/TVH89WEZ1acxD/xKK3py+dSObJ1LcDFTDdtHTnA99Z/FwMem/qtRQ0lHbqcUtHCyJjdvKME/dQhTU/T9ZVyNruoqjxXO3NOxx0NP2V3EyOPIa0AZTnFriTqQzucKJZLSyOJJOSV3HuotZcqK2xGarmDGDndYPqD4sUsTHR2iHU7ONb02FTkMjW5HoEs1PBtLIGnGVj758S7ZbSWUYbO8bLya/dZXe8EsqJstPZUzJHSHuXfdaa9Ov6hsdPKPLNjeeubtci/w59DXeh7LMyVLpj5nZP3Uqz2C53STw4oHFvcrf8ATnwnJeKiuADT6oswqLclWec09sq613+7xaitdY/hhcbi0PrHGBvOV61aelbJaQDBRsLgOSMq1LGgAMAAHYJUtT/yi53y9GPsfw9slpaC9hqHjGNe4BWsjDYm42XHENHKjyOD/KUqUnb2Zpzcux01dFDnU5VdTW1tT/dRvEXq4YR6mWggy+cYI91RXHqcSsNNRsIA5JVRjhkJE4gPnq5NwqiruVMDiAElqhl9ROcyuJCZI+CMaX4BWiMUMUDlRWTTAAu0hRHzaB9WfzSeJJngQtyD3U2msE8uHPG6LKCawV76mbGY4tRx6plFYrrfHjU/SDtv2WkprMIBiduVPiJpW6YAGj7KYKO2jouzWiNstS5ss3J2Vq6vdGNMADR2IVV/EXZIlcNvdDMs1RtT+Yd0DQMlklVNwqJNnyc+iikyy7Rs1ZUiOijBDqx2CpOmNgDYG490LFkeOg1AOqHD7KQ1sEeBAMlFjpKqbDn/AEHvhNnqqG2gj6pRyAqImxwZI5uqRukKLUTU9NGZGzanDsoFZeaqtaYmAtXKO01VXjLNio2kGDfcp5dm4AT6alnqnDQ0n8leUHTkTQHzDGEK6dSWOyNEUZ8SUbFowiLSyDgsY06qjZV9xvNjs5LWHxZm/hAWVv3W90ub3QwSeBBnYM2JWde+SRxfI8uceSTlWo5HQhns0lz62uFWNEAbA3/BtlZ6pqppnF00jnE+pQN8kkrpcPVMUcDPjESgkbcpxIGd0BzjvvsiwMUUhHlMyUwyYPCGJsnGFAwxIxyhucQuavdDJyjiix5dkbIJ5SyfVMTMYCisnclIDPdcBb3KTnN0ndDLkPCGEoZJzykeUNU3kgTJXExJUQ7kriS4SMKEG5CRIwguJ1HcrmT6lXgg5zjnY7LhcTsShpKZIdyVzJTEuBkqi8MekuB7TnzAY5yoNffrPbMirr4mlvIB3CCU1EONcp8RXJPAJ4GUliKz4o0UbsW6mllG4DuAsxc+ur/cC4NnEDHHhgwUEroro3V+NufMuD1SvudFbofGqqqOIHjUeVlLl8TrVTkspKaSpI22doH6kFeayS1FS8vlke9ztzk5yjU9unmw2OP9kmc5yXBsr0VdX58lzcOv77cWeEwspwefDGCVn5G1FVIZJp3vc7kk5V3S9L1T8OcMD0V7RdO09M0GVoJKWlKfDNTuqoX2JGUprVK8ARBW9H07JJgys/VaumoaWLDo4QCpej0ACnxYZns1k5cIoKbp+njAJHCnR0UUG8bcEqZocU5kXqExQSMc9RKRHDe2E4U3fOFI0N9EiMYAV4A3tkYwluCQiNhBAOUUDK6BhFkIH4bR2SEbQnJKyAkklzKhDq5kJuvOyZqIUIFJGOUIkZ5XRl3GU3wCeThU+iDcgbkrjqqADd66ac5y7KQho2YMmyS58jEm+iLLXsZsyNz/ALKHPWXAD+RTsPu5Wuq3NxwB6pxfaXDHzLR+apzyMUmvRmKmW9TjQ+WFjf8AAd1BmgkeNM878D3WwbTWmUkfNMH3QprJaphtdaYfmgmsjoWqLzJGJnpKMblxefdQJDRtyGRZIWzqemKTfwbnAc+6pazpKt/4U0Th90iayba762ZyV7W8NUSWTxDxwp9ZbKyjeWzRHbuoRaR6pDWDoVyjJcMFqTCcp5aQcYKGrGhNPuugYQ9Xsllp7oMSYSWRy5kISSB8FnS5x2yuJJK85J2JJJJAQakkkgIJJJJU+iCXEihnKBhxjkOSMcoBJylk+qbvk7qN4KHAnKICMIeClkqyH7PpJJL8pH62EnpieoQSSSShBJJJKCRJJJKAyeB6SSSgAkkklCDEs43SSUIZu9UbrbXC/wBI3DXOEdUxo5Z3d91ZQTxVMTZoHh0bxlpHop74mSsMcgy1wwR6hZ2DNhuotdS7NNU5khkAwG5P0lQakvZYuGlweOytKOoD4vUqveQ7I9EKCc09QM8O7K2SSLxq6htyeO66qEMSSakoEKRurAXlvVlHU9H3wdTUIIjccVTQNnA9/wDJeqKBebTT3ijfTTxteHNI3GUUZcl98A7LdqO8UTa2ik1sdwVasOQGkZC8l6UrKrovqSp6drXH5So81MSdg7J2H/y9l6lHOHb45WyLwZ7a89FXUUDLRWZgA+Qq/I6IjLWu77e6+Y/i10NJ0T1OXU7g+13UGalP/dO/FGf1GPzX1tPStuFLJAecZb7HsVkepelIutOn6zpW9taQwkQv0+ZsgHke09l2fGeRloLVYuTnX1qR8jW66fwyoMc2TE/bn6T6rQVEMNXE6KZgII7qjv8AYq+yXGrst3gMVZRPMcjT3HZ354KXT14w80NY4gA4jce3sV9o8fqY3xU4HG1NWODyv4m/DweM+st0RY4ZcQO686t9fLBJ8nWbPYcAlfWNxt1Pcqd0ErQcjY+i8I+Inw8mpZ31dLHh4y7buvR02vGD5X9R+AlOTupRn2yd+cqQ13sqC217m/7vUHzNOnfsrxjcDK2J5Pnk4OEtrCroPZcGy6OU1Cgg4XVwHsuqEEkkkoJEkkkoQSSSShBJJJKEHJJJKEGpJJKEEuEDGV1JAGCIXEYtGCUIg5QOLDApik4KFp91eGQE5mCN+UF8YHflTCMoTm+6VLkIr5Y9XbKtekOqLr0XeIrtap3McCNbfwvHoQoTm5QXs22Kz6nSx1EPjs6Oj4zyeo8VqY6nTPEkz7P6P6rt/WVjgudI9rhJGHPA7HCl1lOA04+4Povkv4a9fVfQN5bI4vltszh48GdvuF9c2u5UV9t0F0oXtkhnGRg7g+hXzTX6Keitdcj9bfSf1LT9S6JWwf3x4a95IEerUY3nIXfNEf8ACUWrpT4mtu32K7EWyxmOTlqyrs9RgY5scrcOaHA+qzV1traOoLo2+R+4HZaRoMDwD9J4KdVQQ1UBhewHPB9FrrtcTLqaI2RxJHz98T/hpT3uJ9ztkIjqmjUQ0fUvA6mKehqH0tVEY5GHBBX23U2sRuLRuF5R8TfhNSXeN91oYNNQASQ0cr0PjvKfG1XYfJfq36QhqYO/Tr7zwu13V1M8MecsPur5r2ysDmOyCsrV0dTbap9JUxFjmHG/dT7ZcnNLYJNgvYV3KSPhuu0M9JPbNFtPG8OBaePdTaOubVRfL1IBxtv3UdxHBUWWJ7XGSJaDmY5CVVJLbZvmKfJhJzj0U8/L3elwMB7R+YKhUdyy75eqGWu23XZYZLfKKmmOYzvgKFtYKyso3wPLJG8cH1UZgfA8SREtc07ELTubT3WnyABIAqOppHwSFkjfzVhwnnhm26M68fSNbBWvJxsfdeq225U9yh8aA/cZ4Xzaf5Z8q1vR/WlVbJWwyu1NGAMnke6OM2jl6/x6n/qVnugIC7q9lTW2+RXGMSR4HqMq3acgFOTycJQ29ifuM+iprza2V8ZewaZWbgjurlCe3HCttoJIpbFdZXZoqh2Xs2BPP2V+x2RnCzd0trhJ85SeSVu5A7qfabl8xCGzOAeNlWf2W0izSSSTChiR4SSREAnVlcIccI+AlgKmuCEV4PdYzrLo6nucL6uliDZQMuaO/ut05g4yo8jMJElkZVbKialBnzTX0bqaV7C0hzSQQq8scTuML2vrfoaG5Rvr7fGGzAZe0fi915DWUktJK6GZha5pxgpDiet0OqjqYZRCZI+B4cz13VzC7WwOyqZ4JO44UmgnLJND3HS7jJ4Kyvs2Tin0WJB7pmEfSMZwhkYVYwZ+ngjvZsRla74Z9fT9LVgoKo5oJHcc6Se/2WXcMhR3RAHbZMhNpi7qo3wcJH1fBNDMG1VOQWSAOBB2KsKWqLiGleCfDX4iz2upisV4lL6WQ6Y5HHdn5+i9vY4EBzeDuFvrsz2eN1ujlpJ49F6wEsJJQpMu2PCbRVTZWiN31D90+ZunYd01tGLGDz5sknwv6gbWU+r+B3Bx8VoG1O/I8xPputb1LYLV1pZnUteW1MEzdUUreWHs5p7IlfQ09wp301XE2SOQYIIWUsN0rukLizpe9SOkoZ3YoKj8LN/pd+oCTNZNyl8n3R/M8j13z4Xdbwmf+XUUGX0844lZ/S4+q+w+hetqPqSxUd2p5ddPUNBeSfNC/wDpcP8AX2Xk/X3RNH1naZqKQAVeM0smN43+uffZeZfCDruo+G3VNX0p1UyU26seaapJ2DXdpM9mO7+mkJONnJtuqXk6d8fziuV+z7cY4PGQ7I9UZqyNovfyMzKOeUSUk+Pkps51f4HH+r09VrRu3OMJsXuPMNcj05B/EnjhEngoIOUQEYQE/JSwR45RmuGNyMoCWSrISEkJJQhISQ9bfVLW31UIESTFzU31UIESTElCCSSSUIJJJJQgklwuAOCVxzgRgFQgnBu+eUE8rp5XFCCSSSUIcIyqq/WKnu9K5jmDxGglpA3yrZJQtPB4hdLZPQ1JkpiY5oXcjYnC3XRfWjbjE233B+moZsCe6n9WdN/PxGso2ATNGXNA+of9V5vNE6KQTU7vDmYcgj1CPob+R7YHZ2wukZWN6I60huP/ALtuh0Vbdg4nActq5+WnZXkBrBFkYhB5zhHcd0CRm4KooIDkcrqE3nGUQcKiHUkklCHHN1d1S3eka0Cqibgj6gFdoE7WybEZHBTEQzsc2pg90N7TyDlPuFNLQTa27xPJI9kzxGyMGBjZFF+gzz/4qdFUXVFleXxaaiMfy5huY/yXjPT13nsdwbS3Bul5aGye59V9N1URONtgvDviZ0gIp319IzU7dxA2Lcf5rJqNL8x7L6Q85LxmpUZPj0WE7RMxsjNw4AtKuLBWt3p5sFrhocCsF0RfH1gNsrJB5R5MncH0Wla51LUDf6Xbry90HCbifqXxHkv52mUjPfETp42i4/xKAj5Wscc4H0Scn9f9CsHWwgtJC98q6OlvtsfRVDWvjnZg57H/AKrw65Uclmu09lrCfEgcQXkYy0fiWZ8IvV0YzJGMuNEWuOlqFY6801ZoJwAVpLjROByGhzeWkcELJ11O+lrBLHwTlKlE4c18Vimj1SORtTTMlYcgjKEWHCpekbxHVRGle7do4K0z2AtwBhJwen098b4JxKuZu6iyNAHCsJW57KLI30QYGSXBWzN3wFGeBhT5G57KFID6KjJav0QZ25OcKFM3I2CsphkKFICjOfcvRXyj0UKVpBwrGVozwosjM9kZzboZIEoxhMbyjTNO2yEeFDBOOGFGC0jKhzMwc42KLGfNuUSoAMB08qIWyGwYdyrShlOA1VTQQFJpZy1+44ULqs2PCNDBKQAcqxppTrCp6N+vBVlE8EBRo7OltzyaGjlyANWDyFpKSZtVSBjjuBhYqmqC0BvcLQ2qoDm6Q7BwkyWDvaazJJBlttQJI3YY47jsr2ORssbZGnkKt0sqYiyQZKjUk09vqBDI7MbjtlKksnTjIs6+jirITHK3J7HuCs5TyS2+qMLnHTnG61oGsAg7cqtutsZUxmRoDZB39UEo4DfHKCwvD2A553CLI3U37KmtFS5rzBIfYZVtr0duVna9GuiTccsLRTupZvEHGy19urfHjDv2WLa7BzjhSqK5S09Q3SfL3SJxOjp9Q4zWT0CnlyWjOytYXAsHA/NZq31AmYHE7lXFPOMALO4najLcSK2jFXEWE4PYqhjfNQTmnq86SfK5aOJ2TjHKDdbYyupzsNQGx7oSumQ48OwQQQfdGAOBvsqihqXU03ydUC1w2a7sVctGByog1YksGR6x6XdcYhXUADZ4jqI9VnunL6+hqTR14c3PlOexXp5GVkerOk21bXV9EzRM3cgd1DDZTKqXy1ItTC2dutu4IyCqquohjOFUdLdUPpp/4VdMtOdLXO7H0WympmzNyMYO4Kg6q2OohldmKqIND8EKmuVvLD8xA3PqAtlX2/BJDeypnR6SWlJnHchVlPOSw6D63mtkzaeeTY+XJPC9wtN1guMLJoXg7bjK+ba+2OjPzdLyN3NC1XQvXb6eVlNUPLcHG65l9HtGzSat1tV2M+gYZ3NLcjlWLD5QSeVnrTdaW6UzXxvGrHrwrGKdxaGOOQOCuXbDk7fotMg90OVmcYQon5IBKknBasu0sjfUuNJaeUnDSSu51ICEgYISbkbhDBwUbYhCQNDPwCf1UoEaQQqs5BypMM3DSeEsCUcE5snsuSb8Hf0TGgHunOGQrAHxPY7IacnujMGMquEj6aYSEeQ7OKsWbtDgfqSwJvA4DC6kklgjEkkkBBJJJKEGysHYJjX4OMI5GVHlaWkyAfkmpcloBWML27Dc7qC4t+l5wVZk+K3hQJWhkulwGD3WiEsBpZIsrAd8LHdc9KxX+3StY1viYOMra1EekgBQ5mbjuulprdrEzjuW1nxzdKCo6fur4JWkaHnBx7rTUNUKmnZM0+YDlbX4x9FPmEl1oYh5RrIxz6heV2C4mB3y8md9sei9Bp7VNYPPThOi7Y+j3/oO+fxG3MglfmWEaHZ5+62DH57Lxroi5GgubHl+GSgAr16ORrm6wch24UuR6LS3JxUWS9R5TkEYOwTgcLBJcm+MshEkkkIQlxwy3BXV1NCl0RmnSSEJw1cbIk+NZcOEM+YZToGZrLK+uiBGcZXl3xQsRrreZ2Ny5mdJ9CvWakYbkjIWT6poXVVtmbCOclei8Zb8aTPL+b0kba5RZ4l05MflDSvOXxOOQr+B5Y4LPx00lvvjgBgS5yPdXrXey+gaafyQUj4trNO9Pa4lnGfFG6vrFWljhAfsszRy6OVZUU/hTNlHY8IbY74uJq8ZqZVWLB6LTP1AAqQxx9FV22p8aJsgVmJAQDpXn7o7ZbT6no7d8FI42TwanI+l2xCtmHIVPM0EZ7qfSVIdEA47jZZJROrVYTUkzlLISpLJpTHAnO5TwRhATtXuqDHpqcmHdQJjJG6htyFWzMFNUiRowyTZ3/MrAsO5JUWrjM0RAG7dwrQtjScppGVyNwcwEJyasYEybfQxzQdjuCqC3j5G6VVv1ENJ8WMffnC0R4Wdv7fkqqkubNv5oikP+EpcnkBMu2HI5yk7BGMrjS0g6eDwgEnPKNLI1D3fUVxJJCGOVReA6nlpq3GR4gid7Z7q3yAq++tMltdp5a4O/dWngAKd+F0Y33QqeRslPG8HZzR/kugEd0beReBlQMYKhiTJxhTKh2wyoIAyUVfHYqYdpywhCaMOT4ucFcdgcJu7PBlsA1LQWKib/LqHjHKv5sSRlg5VAQRX4Ki7Md+Bl1dqpxtjdUrtgd+Fe3RmYNj3VE9mIpO2Fsr9HF1v5GO+IzgIYCDvoGFhC44ac9t1s/iESXUoztoWGkcdwvS6eW2pH54+s/8A83l/hEGVzpqsYGd8KNeZHM0wN/NSIgROSfVQbm/XUD2RzeTg0rlEMjDceyjbk55UyYgNUZgGVmcsM6G7aFgyXN24KvIwBGPsqqjYXPA7K2aPLhHuyjVQuNwI7lEjj74wmAEuUpkflUgMB4wiRSAHjlMIOeE9kZ22WhdmezjkM/shyOOEZvdR6ojYLXB4RislxlESpdnuFFH1J8xyeUMcpM5ZYlcjzsMqFWTYGMKY8hrQSqupmDis1rwjRBEZ2p8gOFYwNDWgkcqLSt8R2cKa4Y04GEulZWWFN/oLGMoUpJBBKLnDVDncOMqrHjoqKcmAnJLgcpkbSXBLOXhSoGZ3IWd/cxklsDU8eQM9lYMYGgFBgjwBlSSMY3Vx7Ms5BAAF1NbxhOAyU0RY/wBD2+bhS6dmDqIQoo9wMKyhjxjZaa1kQ5+h0TcjccIoc1gyd8JZaARjChTy5PhNdufRa0sIVt+SSQ92qWbU0bFWlNHpY0EIFDBs0varIBuAAEic8nsPE6L+PFSE0aQBhGp2F5xwhxwlxGBkqypoNAHl3SlLJ6OuHOR8MelTYo+CQhMG+ERxDG7ojUocA6ueKkiMkjtvRYjqK9+V7WzEegCn9UX2miZoa/JbnvyVhnPlrJi952KtLJwPK+QVS+OthIQ6V4cRyrGOMNAOFykpGhmSOESRwaSAtMI45PG2TcmNcTkANwnMbnO6a1n4k58gAxhHuF/4HSSaAq2qqBpLQQn1VQRkeqqZZTqyd91nts4wOphlnZ3lx55UGQ4OxR5HDG53UKV3bPKwXSN0IfoI49gUm+3KE1pPfK0XSlifd6xg0HGrAKxWSxE6Gi0ktXaq4mx+G3Sj3yC51ONBwQ0hetU8ejA7KBZrTFa6GOmABc0bqxLxG0uOwCqlNvLPqVGmho6I1xAXSrFJBrAWas9rf1BeGt30asuwiXaarr60UzHEhztLQFvulbNDZKVjmR+dwy8n1XodHp8RUj5n9d+eenr/AIdL+59lzR09PbKdsEDAAOUmB9TOZHHY9k0vL3cIkYP0tbuujCB8Uk2+Zdh42yyy+BDwO6vIWClpyTgnugUNPFR0/ivGCRyUB0k9bMI4NmDko87QMskCczytjH4lZ0NPHTu1vaCRxlDo6RtEzxJgHPeO/ZVV3uklSTSUA1Obs7dKsue3bEOumd8lGIW/dQtkcaSkOcbOcD/kqyjohGW1dWzVndrSnspKanHiujGrG+fVKMz10wYwHbYDsAubbZsPrX0h9FO5xuvjwOdUSVTtmloBwAFYUdA/Gt557KRRWz5fBeQXFGqZ46KPJGSeAuRqdY4vKPu+g8dDTRVdawhj5IqKIySbY/dUM9ZPVzF5+k8BEqZJ62TVIcDs1FgpWxkOK487Z3Syzv1xVURtNTAnU5gyrSCnIdkhMp4CSMBWbGNY3J2wtFVW5nP8hq4xh9wLwwxocRjCr7tcRBSFsW735aPb3RLndYYdVN3cNiodpoZblVtDfMBzlep8fpXpY/LLs/P3179UuedLp/8AqE6Z6eNwqo5pYi4ZwARyV7JbbfBbqZkMbA12PMq/p2zR2yBrnRgux5TjhWlTOIhxlOuudj5Pic7HJ8nZ5REOVVRtqbnVFpz4WcfdExNXT6I878q+o6GKljADQXdykylhAj6SkZBG1gYAAFJXGrqQ5ZLHpJJKiDk1JMRkEkkkoECXMj1SJwEJ7sd1CHZSNt0wnPdBkkOr/wBUGqq6aki8eqnZHGOS48qEJZIHPplUt46loLXHqkmZLM7Ph08TsyuH27KBUXW8dQCSl6fjZTU3etqBv9mD0VnbOkrVRSCsmj+Yq8bzSeYooxyQoG03VHVmH3Cb+FUB4ji8tS4e7hwtFYenLRYqVlHQUwa1mwyrJ7Q0aiNh3UV9bAPJE/U/ONkWMEDvww5A5Ud2DtrGfRRZX1LGiesnFPFzk+iyHUfxUstmElLaofm6o7GX8P5K4VOQSi2bSSphpPPVS6IwN3HssB1P8WaGkD6awhlS8beIRsvOL31re724iercyM/hacKljGDsNz+6fCpR5Zorhjllrd+prxey752pIYd9LDhVDpS7Ddx6LWWH4edQ3ste6JtPTvGRK7fI+y9L6f8Ahh0/ag2WriNZOB9T+AfsmucILsOVqr6PJ7J0FfL6Q+GEtYeHEL0zpr4R2+3xtluJ8WU7kE5XoNLBT00Qjp4WRtAwA0YTse6zzvk+E+BFt85+yLSWyioYxHTU8bABjZoUkNI4cuhwPBSKzyk5PLEOTfY3OATqB2QdRdyOUnvbFu5yo7h1LDCSyly8jb81FFsItaioigOZZA37rM3HqZzi6CibiRvDlAnluVzk1zg4PG/ASFLBSgOcNzymtNAtYIRjuFY/VPK459SimOOmZ5seXf7pSVz2+SnySptvsVVWHxqoYzuArXARUmpe86IBz7KXTWWWqIdOzA+y0tNaqWjx5GknnIRJJmRDZM35Rblkr6Wz00DRlu4R8iMEgbBBqa8DZpwobZK2qdpj4VZ9lZJFTVjj091DJrKpwbT7e+FZUlkdKRJUnCuIqOCBoEbQFfyFFHSWUafErBl57qe2mdgMghAA22CsnspWt1THGOFHNTMNqFmrGyqUskBx2/VvUNx7lMqbhaLe0sGqWUfhahz0lwnd4lZVFjDy1pwuQ2ankf8AymHV6ndQhWzXa41/8lmYIRwM7rtNaJ6p2oEuPdaGjsDXYdM3yj2VhPVWu0U+qTSzA4HdC5c8F4yV9B05DE0PlA/RNu18s/T7A1z2l4zluVluofiO6Vpgt5cGDICwdXcJ66UyzvJJ9TlWoOXIUY5NJf8A4g3G5vdBSv8ABh7aBglZiSV8pL5HlxPcnKFgdjhccQe6dGOB8YY7GnOSSVxLITXkaTuiSD6Gl2NkNzychcPKESMYTVDIZ0v9SE1zhg7j9UIvAJAKESSeUzYQO4jfdRzyfulk+qQOEvAxLI4ZGwKakXAppIwijFsNROIb/pK65zc8oJIwj6LHEnK5kpp5XEBBJJJKEBJJFDOQoQkFwwdwo5JyuZPquEgbk4VonZ1JcyByQO6o7p1r09a8tlrBI8ctj3wluaXY2NM5PCRerh2Xndf8VZJmuhs1tLXf97Nx+QWUut5vt4eTW1bi0/8ADacM/RK+Vf0m6rx85/nwep3DrCwWwvjqa5hkZy1m6y1z+KZeHQWmjGD+OTfP2HZYcULti/BKn0tpllLfCiz+STKU5cI1x0dVHL5H1nVHUN0l1VFZ4cZG7Yhp/X1VaGF5wSSPfdaWn6WqZQCfKO+yuaHpelgAL9yeUDhJ9jXqaq+FgxUVDNLgQx/kArOj6ZrJfNLCCttS22lpsmOEZI7owYQdlarwKt1r/pM7RdNwxEGVgGFcQ2+mg+iJufVSgw5RdIwNsYR7THPUyn2RPAGdmgBP8Juc7fopGkeiarxgTvYJrcH6cBEAGEsBdVjE8nMBIgLpQXageSoQ47GduFxJItOOFCCSQ37OyVztkDKgYU7DKH4p9AuOl0g68NGO6q6q7W+l3mrIxjsHIJT2jIVubwiydORtgLjDzlZet61t0DSIAZXeyoqrrSumyIW6B7lKnqILg016KyR6I57GNLnuAAVdV9QWqmPmqBkLzqpvtyq2lklQ4N9ioTnudu5xP3KzvVNP7TZHx0X+RvJeu6KN7mwNdt3PdQ29YXq6TfL2+GLPYkYKxmn3RIp56c6oXlp9QcIJaicvY+OhriejU9j6mr2tdU3eCInlueFNb0GagA1vVIZ7B3/qvNW3i5dquT/zFFbeLgDl1XJ+pU+TPYEtJL+l4PSf/ZvbD9XVMp/+2ro+Gdjzvfs+5kK85F+uIH/aH/qutv8Acc/9of8Aqr+SH6M8tHfL8ZnpQ+Glj730/wD3Qrn/ALN+nxzd5f8AzFeft6huGP8AtL/1T/8AaK4j/wCKf/5lTsj6QP8AB1K/r/8AJG8f8Penh/8AZqUH/mKDL0FaNO1+qMf85WLHUNd3mf8Aqnt6iqhzK/8AVC7F+gFptUn+X/ki/uPQ9uMJH8blP3cSqZ3QtIfpubz+ZUd1/mfzK7ZObfZm/wDEKofCOoj0x3+wMRO1e/75Ka/4fvA/lXGMk/cp46jqWnyS4RB1RP8Ai0kjvgKxn/zRBf8AD26kHwpYn/bKjH4f9Qs/4TD+aux1XN/Vj7J7erZWnPiO/VC0T5dVD0jNydDdTs4og4exUWXpbqOH+8tUoH2W2Z1pVMP965SR15MB58Px67hBsDWs1Uf6UebyWm5w7TUMoPs1RnwVUZ80BA916oz4gQ8S2+neP+QIretun5P+09PUzx3wwZVbGgo6+9/nE8lw4fUMFcXr3+0Pw5qhiq6WmB7mN5bj90CSL4OVf1R3KlJO+kNfhDyOj5D9wZ5QkN+F6s/pD4PVhzT9aVVGf/1ij2H305wmn4SdO1pzZviXYHjkfMF0OfzI3VcjFr4P0zyzGFzYd16i34C9R1oP8Hv/AE7Xenh3SHP/AN8ok/8AZ7+KVORpsD6jPHypbNn7acoJLcOjqa5HnKY5q11x+FfxFtOr5/oy8xBn1F9G4YVDVWi50TNdXQTwtO2XxkINgfzQfTK7T7pafdFELlzw/dU0VuQzAQyDlSMEoeAoFlH7NpJJL8on63EkkkoQSemJ6hBJJJKCRJ6YnqACSSSULEkkkoQSSSSgAlButsjuVMWEDxWjMTvR3ZTlwnG6gZn7XV+NEaeby1EJ0SNPO3dGqGOOC0ZIQL3TGhq23iAbEhswHp6qYx7J42yMOWuGQrDXLD2eu8XVTynzN4yVaA5Cy8pdSVbZ2bDO6v6eqjqYxJGc+o9FQE4BCcpJJKACTk1OVohjevekRe6V08LAZGg4+6g/Dzqea4xy2e4PPzlGSx2o7uwvQcA88Lyrr7pm42O6f7UWEkAnLwz19/ZOU8Eayj1Ollcx499iFy6Ur3aLhTt/mxA8FUXTnUtHfaGOqpXEOHlkYeQ5aGKoJYM7J0LNxitrwzyH499Bu6ms7etbHT666hi/3inaMumj/Efyw1fMlwpv5YuEDvK3BHvlfdVVI62XB5Lc0tR5gMZDcr5m+M3w8Pw+6m+apnMl6evk5ER0/wDZZSBln57afz5Xt/pnzEtNNaeT4OZqatyMR05eTWM+WldlzR5TnfClX63x1tLqcwEs/wAlkbjRVPT1c2pp3nwnuyCOCtjarpT3ak1scNQGHt919d02pUuTgamlZwzwrr3oJ0Ej7rbI9J5e0Dn3WRoLi4tEM+SWnHuvpW+2RtXTOZG0Zwdl4h1f0JI2pdPRjw38kDYErsVT3HzTz3gN1jt06/yQo3BzdQOxTlR2+vmppDQV+WvYcAlXDJQfzWlM8FdTKubiwoPZEBGEJdHKsSFSXBwuqCRJJJKEEnJqcoQbgpyJob6IaheMCSSSUKEkkkoQakkkoQS5gLqSrBeThAQ8FFXMBRomQSETnspRj90AxY3CTsGNZAFmCN0F7PdSzknjhMLcoZchlfIzuBuvSPgv8Vp+jbhFYbrK42uc4c9xz4R+y8/kj25UKWHJ2aubr9DDVw2yPQfTvnNR4HVrU0P/ACvTPuhktPWwR1NLK2WKVupj2nIIUKWBzJNbTgZXgvwJ+LMljni6P6inc6jlOIpXHOhfQ78SbaV891eknpZ7ZH6z+n/Pafz+kWpo4/a9oj5bK3B57pDyt045QpGPgfqaNlIaWTMDmncchI6O41khTUzZQTjCrZYgMtezIPYq9LccqLVQh/0hHGbyY7tOmeM/FL4XUl+p5LlbYRHO3Li0BfOtfQ1doqnQVEZZJGcbjlfcT4dB4XlnxR+F9Pe4JLjbYQ2cAlzWjlei8d5R1NQsPmP1d9HR11bvo/L9fs+ebbc5Z5TFKd8ZGTyrdjs7LOXe2VVmrTDKxzJGlWFuuLZ2+HKcPHf1XtKblYj4DrdJPSWOuaw0TqmlDmmSPkbkBco693/ZqlvlPGe6fE5zXZ1ZCJPTxVEenADhuHDkFPSMJyIOp5fEhdgc4U9klNcGaXtGvhUrKh1LKIKnO/DlLGWkTQnfk4VgP+xEr6GSlkIIy07gqHpI3BwVpo5Iq+ExS41YVZV23wnHAwrQcZxaxIsunuq6i0va2VznN9QvWunOqaK7xiJso1gd14GctJHorK2Xmqth1QOIOQeUxGDVaSNnMD6MByuPGQsV0x11BXws+ZcNZAaRnfK2bJRI0ObuDumZOHbXKqTUkR5YsnZv7rP1tLPQzGohyY3HJA7LUFuVFqItexbkFQWnyR7VcBVx6HHzNCs8hZZ8M9tq/GaCYySdvRXtLVx1EQkY7PrumZCwSUkgc7pIyhJHhJJQgMgoKlEDlDwUvoLsjlmdl59170SypidX0UQ8TcuAC9IQ5Ga9tt/UIZRUkO090tPPdE+XZojE9zHjDmEghRJC4nYYwvW/iP8AD8xar3aovKAXTtA2+4C8pkjHIzysVkMM9dpL46qGUy0t1UZovDkdu0KUW+6zolfFI1zSRhXkFVHNG14O55Sv8jLK2gh4Uc8qUeEHBJQ4wJRHew5DhyF6p8MfiLJFpsF6m1Yw2nefT0JXmLm55TWtwcjkJtdm0TqNPDUQ2yPq+CcHEkTlawTioZl31BeMfDT4htqQ2z3qf/eB5WSuP1jsPuvWqSXScjcLXCeWeO1WllRPDJ74hjICpL7ZqW90xpaxvk339FdtqA5oBCFOwEZAT2k0Z4z2vkzNiutZR1H8BvUgEjP+xzH/AI0fYE/1f5rO/F34cw9U2z+K0ETWXClBO2xkHv7rT323RXGIRyZa5h1RvH1MPYgp/TtyqZddquYDpoW+V/8A3jOP1SJrKcTTVfOqasr4ZTf2f/iPSdTW2b4YdZRl1Wxum3yvfh5xtp3G7xtj819A9MXyv+Yq+nbxg1tvdrbID5Z6c8TD3O2fyXyJ8WOiZemrtD1v05rhDHeLIIsjwpQc+Jkfde5dFdVQ/Ffoq33a3VDYOo7NpBk1aQ2bgNP/ANDezbj/ACQQe3gb5SiqSWrq6ff9me2B4O4GyJqWb6R6qp+qLaayOnfTTQyOgqKd5y6GRvLT688q+LiRwmnCY7Xg8IzXAgbhRfF82nCTQT3VSWSiWkhNc3SN04HO4QkDJJiSsgTJSBOVxJQgTO3KZk5wuJKECg7blLI9ULJSyfVQgVLI9UN3bdJwPqoQJkeq4SMIeT6pZPqoQ6Sc7FLJXElCCSSSUIJJMSUIJJJJQg4rEdZ9Mhzf4lb4cHOJGt4++Ft8hcLWuGlxGDzkKBR7PDHskbIJ4HFk0ZyCNt16J0f1jHcom22ukArG7MB21Kp626XdQa73b4j8tzIBxnvssTK5zvDrqCTw6lnmjeDjBRjXHcsnu4zwRuE2RuQsv0T1hHfIW0NwcI62IYf/AIvda0s7qCWsEJ2prhtsiRv24RS0YOUBw0nYKig2R6piZqz3T1CDUzOU9MO6cQi18DKmAxO78H0WYhlfS1nykm4JIBK1bm+6ob9b/HhMkTMSA5DgrUsEGzR6gduyzPUNi/iFI5rANYJP3Horu2V/zTDBK3TNEMOB7+6NNGCw4RN5GQm4PKPlHqOiqOmb06sjDmRNfnA91vqC4x3q3xV0RGXMGrHcq/686WpauGTXADqz27ryCzXK4dH3sW6rB+WqHYa/tj0P6rk67S7o7kfafoP6pnXNaa98M9VtFf4GaaU4BOx9FVfEbpc9RWr+I0IjbW0mSXY3mZj6T7qTE5kmmVmCHDIwrSlqCBpcMgjuvOThk+8QnHVVZ/Z4jRyCqozBIP5kW2Dz9lQ3ijOrcLafEKwP6ZvJv1MQaCueRoA/u384P7qoljZXRtniAHlBwktHH1NGHgxlFUS2y4xzN8rc4cF6nbqhldSMmYc5AyvNrvRPZJ4wadLjjHorjom8Pp6s0FQ86JBhuexSZJIPQ2/BPa+jYzxAZI22Ve8YBVxM3UPXZV7ojgnCDCPQSjlZK6Rm/CiyMbhWFQ0MbkjdV0nGff1QGK5EOVvooMrdtgrGQdiokowN1Dn3Irpm77DZRZG9yFPmA9FFkb5cgI/RgtRAlZ3wokg32VjI3I4UN7TzhQ59scEctOchO1eUgroPIwhyNJ3ChmlLANwaDsnRbOXS5uCAUJpw5Ehe5F1QuGNyrGN+ypKOTcFW0UrcAIl9x0dLbjgnxTluNlbWyt8OZpJwCqRu+CpMPlx7pU4M7dF2zDN5TyB7Q5pBTqqmNbEGNIa9u7T6qnsle1uY3nsAMrQRHPmGyQd+mSsjkHZqt7ZHUVVs4cZVq9g9FR3GkfK4VEB0vb6Kwt1cZ4xFMf5jdvulvo0xIF1ohBI2sgbjJw8D19UeGUSxtcPzVk9jXtLXjIO2FV+BJRzFp3jediBwsz7HQ+3oOzBOCcJSRloD28+qa9vl1A8IkDg8hjtkMo8D0/ZPsd3fTSiGod9lsaGp8Zgk9V59PTEOBYFb2K9mN3y07vscrPKODoaPUOK2zZ6BSzeylskLgVTUVQCBnhWDJARlIlwdSP3LKId6tnzbBPT4EjN/uottq3ysMMx87Nt1ealTXi2vDvnaIYkG7mjugUshLgnjkIpYHtGwVXbbi2paI5DiQbEFW0eBhEN3LGDB9c9HCob/ABG2s0zM8zmt7qN0f1ZrAtF1cWyNOljndvYr0aWMPGAMrzvrTo6WF/8AF7VGfEB1Oa3uoc26iVE/lpNTU0gk3DdiqO52lzczRN55AUjo3qqK604oK1+meIaRq2P2Kv6imB4aMdwo1lGiL+WKkYFhzlp/dVVytb4ZPnaPynkgLS3i0TUr3VEQ1Rk5wOyg088VQzwngArPZXkCUfZc9A9ay08raeplLS3bde2W64wV0LZoSDnkei+YK+jqbbU/Mwk4zkELe9B9dPgeyCaQ7YBBKwX6XPKOhpNXnFdjPdYpTspzHkgZVTQ1lPXUzKimeHAjcehUuKfhuOFyrasPB1E8rKJT2h35IAGCjNfnshSglwwsko4LE7fBBRonbac8KO05C4HFpCAhNcBjKa0lpyuRvBHKccchCRolwyhzRvupDXAqrBwpEE+fq7JYEo46JdREyaIsI5BUO2VctO826o307scTyFMDgodfSmVviR7ObuMchWKwXAORlccotsrBVwDP1sGHfdSzg7Z4SWgOjjlxOIyuafdLaIcSSSVEEuFoeNLuCupIyEdzjC8sH0jhRawF4yBue6mTxl7cDlBHoRump4Y1ckA5cPN2USZpDlIq3CGTAGAR+rkNwBxkLbVLBezgpb3b4rjRPppsaXDGSvmLrXpybpm+Pc3+5leSxwGy+rpmg7kLzn4n9Ix361vfTxBssZ1ZC6+kt2yOb5DTfNDcnyjyqwXAuaxwd5m4XtXTdca22xnVksGCvnSz1Zpaw0znfTwfVew9A3lrJRTSu8sgwutN71lGTQXOMtrPSIJMHBUprg5Vevw5cOOAeDlTI5GkYysNqwd6E8oIku4z3S0+6VtY7IRDG+VxFUj2WRpQSCfZRYZsHwyN8qdIBjlVcrfCm8bstNbwAyTUDVC/bfCo5MSNfG8bEEK6EoeNhsqarGidy7GjsxI5fkK90Mnj3WFtMdU+eFuHRvJz7ZVfTTOe0Bw3W76vt4dEZ2x85ysFGWxu5xgr3XjL99WD499QaX4rtxYQuLSFOheSAPVV7HgjAUqN/Bwuk+Wedrn8c1JGy6drv+AVpojnIWBsdRoqQtrST5PC42rqxZk+k+H1Xy1YZLkBGMDlKleWPOO6ecackKM4Ycc91zbUz0dc8cl1HLqYu5KiUVQNGk7qY1wcM+qSb657kNTgTlNJwuavZTI7IYFI8IY5T87YUDGHlMcAnnlNcqYDKuJwZUPi43KkLlRGwStkAwV1XFimkInCrbtGaqmMTQMjzDKnytJxhR3NB7qCpL2R7ZVCqo2y8Friwj3CkFuBnOVT0BEVyqaSIkagZQ3sT3Vq0nBBG6tPJIyyNOySR3SOyIaddlBrofGo5GE/UCEUPz2XXYcMZUIyltE75KUMI3iJjx9lOc/cDCgWtroaiqpntxh+sfYqbL9QKuPYpDaw6oMjlQw7IxlTpgNBHZQzjBA7Is7eBMwkZGOUOTgpkbjqIzuiKkY5vkCSd1T1DdNwbsrp3I+6qawYr2fZOXZlt5Q2r8wwfRUU27H+xV7U8qjqRhz247rTV6OVqVl5PPviFJpdT7cDCw0rsjOPVbb4hbui+ywszsABemp/2kfnn6wWfLTyDYACXKmqT4tQ7J4VtK8MgecYJVGTuSeVcng8/THA2d2cbpo5XZeydE06gUprLNeMsm0Y8wdhWe2nCgUwwM4Ux5VpYOlWsVo60ZcFJH0hAj5CmDhNgWyPgFEAyMeiQ5TQ0kFOijNcPPBUGqfnlSnvDAVXVMmXDZNzhHPnLIF5LnZK4kuEgDJSm8Ax7BVLyBt6KsdlztyplS/Ow7BBpoy5+Ss1kjSuES6WMRsHlCOQD3SDWhoHCE77q4LgX2zkz8DIVdJIXHClSP5z6KI05PCXbwPgh8TCSCVYUseMFR6ePVyrKFgwEuKFWyHNGAigZ7poAKIibMkpZCNRIgS7hMYDnhSoY8kZCdCOeRM2SIYxgYUtmGNOyHCzYZTpXtaOFpgsGdrngbUT42CVtp9ZMz25GdlGa2SqeGtGB6q7pqfw42txgAK5Syj0fidDGX+pMKwNa0YCJEC4jK5pJxhSqeE5G2yzttnqq4YD08OMEjdWEYDW8IMLPKCQihpeMhUuzWo4QXfsqLqi9R0EXgCTDnDJx6Kxr7jDboTLKfsF5nfLo66Vjp99I2aCmo5fldbLT17YdsiVcxqZzJzqUq304aQ4hRqeMvcCRwrMaWNHZHGOWeIvucuwrnCNuBsgNyXblDnkOQeUg7HZPykhC55JBk0N45UOap0hcq6kMG3oql88krjl2wSrLF0jRXD9hZp3SE7qNI8DunuIAP2UKQlx5WKyw11xwdlf3yFEkcc5ynuOeUwMdM4NZuSslk8mqEcvCJdsgNTN4IGV7n8OumG0FIyslZk4yMrD9AdMioqopDDkdyR3Xt1LTNpoGU8TcBgxt6rPnez6X9P+KhpqldNfcx32VfeKgx0zgwguPZTppTC3OOFUQ0013rC2P6Qdz6Ldpq90kjX5rWQ0WlndPpIndJ2l8shrKpm5Hl9ltwA1gY3gBVlBD8tE2H+nupzHbL00IqMFFH5h8nr5+R1ctRPtsNGBnhTaWBocJHjAHr3UKM4JUyEyVDmxxg47+yZnBzbGHe+a5S+BFkQt2PbKuKWOlom+YDYfqU2ngjpYhjAwNyqmur21M4p2E/kk3WoKmmV01GPsJdrhPWt8KmdpJOM+ya1kNBA0t80jh5ne6WYqWLVJgnsPVRIYJ6+U4JA/Zcu7VbD699I/ScZ7bbUOa2qrphG3zfYLQUNDHRRhoA1nko9rt0dFBkgFzhuUCvqmNJa0ZXH1Gs38H3bQePjRBQgsIdVVUdNHrLsnsB3Kpi+Wql8SR3PHsnykzu3BP5osMJwMLmWydjO3XQoI5HAAOOVJpaRznZJwiw078jy4VnTUmAHHlFXHngRqZ7I5AR03h4yEC6V0NLTuaXZdzhSrpUCkh1AgHCzMYmr6nSTnWf0XqPHaJQSssR8i+ufqeGg08q4S+8ZTUVVeq4CJv1cn0C9V6Z6cp7VTtfJGC/H559VD6Z6choImzSMGojIC0heGDJXT1F6fCPzbqtZZq5uyb5ZIklEYPChOdPWSiKNmR3PoukS1cgiiHPdXdBQx08QaN3HkrDKWDIcoqKKmib5fN3JUpOLUtPukSnuIdSSSUIJJJJQgkklxxAG6MgLISJAQ3HB5TfEHqoEde/KDJKM4PPp3UWsukFMcOcM+mVWMju17rHRuxDS43d3P2UIEq+oadjzS0QFVUniOM50+zvQoNL0vWXSrZXX6QuczdtM0/wAoD39StBbbBb7W3LGZceXnlErLvBTP8CHzu+6hA0cEFNEIo4mRxt2wBgBQqy6RMeaakPiydgCguNxucgBkEcA+r3VXfupukeiY3zOlbPVceEw5Ofv2TIrc8IJLJPFHV1Zzc6g08QGS1juVmepfiJYOl2iG1MZUT7jJGcFeedT/ABMvPUEro6aY09OeAzYrGyGSV+qR7nOJ5JyStNdOeR0K/bL3qPrm+dQ1TpZaqSON3/DacN/RUDg6UbjcrTWD4eX6+6ZomNigO/iFer9LfDiz2BjZqlgqKgjl+4H2CPfGoOUo19Hk/Tvw06gv7myvpGxU538VzsfsvWunPhr03YmMqHQ/M1QG7pDkA+wWuibHG3RG0NHoBhNwBkrNZfu4Qid2XgG5jQC0AAeyEdijHbKC7AO4SnFyeWU3nkI0YyuCTVthcMrGZ1FQqm5Mj8kW7ioZ23km5xu44Cra69xQv8OJus+xUKepr6w6XP0M9lDl+Vo/M85d7lMjBsMFM65V02tztDD2yhS0lNR/zHAE91GuN8DG/wC7u34ACq6aO93ebwyCG8kk7YT1FIIsZ7u2Py0+59Au0lquN0LppHaWu7EcK2tfTMFK4SyEOJ5GFdsDYxhuwHognLaQr7dZqaii0PjDneqmFzWDA/RcqqgRhVlTWPOzDgpSeWQNWVRjxkhVsk0k+zBlFjoa2reDIfL3V1SWyGmaMNyUxSwQpqOzOqnh8px3/JXtNb4adoDAPujMYG7NHKf4TzjtlBOWVwQYW4XBFLM7S0Y91JZACNbiGj1JVNeeuaS3PNttMTausPDgMtH5oIvL5IWdVDS0cPj3A4YOcqldfxVzintNMdPGrHKBS2W+33RVXupw0nPh52C1FFS260wBscLA5nfG6YlktLJAo7TWzOzcT5CM6Vaj5K3gBxAx6rO3/r6joMiOYOI22XnV76xuFx1COYtDk5Qz2FGOTc9TfESmps0tufqI2cR6rz263+4XN58Sdwae2VTkuccuO/dOHGMo1CK6HxhgSYuk90DITIxQWEgheccoZcfVN1e6ZkeqNRyMCeKfRCdIQMrhkA2TNauMUiDjL2whuJIKRf7IetvqjB7GEnKGnZCamjYrIkkxI8JeEPSO6vdcLsjGUFxOo7lN1e5VZCwPc852KFkpJitIoSSSWCQo2kQeME4ykhtBceVCr71brYHGqq4mlo3GrKCdigFGLm8Lssedu5THBrcZdjKw1x+JTGjNnp9Thka3jb8lj7ner9d3O8Wsc1juQ0pErlLo3U6CdnfB6hdOrbDadcdRVnxWctAWMu3xTknDoLTRBrf+8k31fYdlkY7c9xw7Lyp9J0/UPePJsUpuU+ng1rS1afmRCrb1d7s4irrHuBOdOcAIUNC6Q5OST3K2NL0lw58X3V3S2Cjia06MEKbG+xn8iEFiBhKSx1L3DDNvsrum6YmfjXgD7LWMpYoTgNG3spQGBhXGvBms1M59GeoulqODL5RrPo7srOKkijw2ONrccYCnHgoAd7ItoiU5y7ZwAAYSwEklBfY7AHZcLAU5JQIZgJJ2n3S0+6gOBqanEgckJqhBJIck8MO8sgaPdVdw6ps1Bq1V8Jx2DkpyS7HRqss/FFuULknZYev+JtIRikhkPbV2Ko5+v7zKf5DtA90DvgvZph4+6f5cHqE08cAzI9rQOcnCrKrqiz0oPi10II7al5XU3K7Vji6orJH6u2pRjTOccu3J9d1nlqJf0myvx0V+TN/W/EO2tdinhe/tq2wVSVHxDuznHwI42N7HG6zzKIkcY/NONORgaf3SZW2S9muGjqgGr+oLzWOLpax/m7AqtZNLI/Mry4n1U8Uwx9IS+XwfoH6Jcpy9mmMIQ6RGEQI4RPDUgQkbIgi7pe39luSZDEZ9F3QVM8Jh4HCTWtAIwptKyRMH0S0k9lILBnZLQFeCZI3gTHcMXfAqB+BTQCBgApHV6Eq4xyTJC+Xn/oS8CoH4FN0u/pP6pCIk75V/GgZT2kTwZ/6V0QzDupnyziM5SFM8fjCvbhA/IyF/OHr+q6DNnfP6qb8s4fjC58uf6wl7mRz/ALEfJ7ldyfVGMWE0hoV5LTwDyfVLJ9V3I9UshTJXJzJ9Us4XdbfVLUPVQnJzOEs4XcArmndMzkmByKhBgO2UTSxU2U1kWn3Tw3PdINTw37fqqwvZWWcEeUvDREkW1MFrILSQdtkWKa7RgfK3Cqj9o5i1dLc8HCLGdOFbrj6B/wAFlb+u/idZmj+F9a3uAM4ArpD/AKrRU3x5+MdFEI5eoIa0f/rtDDUZ++tpz+ayBk7eqR8yU6+SlJ56N2748XitAF++G3RFyPdxs8cLnfcx6VEl+I3w2rxi/fAS2bg5NvuM9Nn93LFEEd04OB2KCVORqtaRtIrh/ZpuFMWV3THW1ibncU9dFUs/WQMcUqjoL+zzcGCazfF+utrpPphu1meAP/FG5wWO8IDf1QhAXE5OEPwF/Mz9akkkl+Sz9jCSSSUIJJJJQg9JJJQgkkklBIkkklCD0kkkZBiSSSAESSSShBksTJ43RSNBa8YIKz1uc+hqZbZOfocTGT3b2WkVTfKB8wZV07R4sPm9yomEcq4hLERjJQLTUOpanwZD5X7IlJUCoja88kYPsUKupC4eJH9Td1ZH0aEHK6qyzXF1VGYZT52K0Az3VCmcSSSUIPG6FV0kNdSSUcwGJWkZPZEXScol+imeNhtZ8N+qGNrPNQ1TyGkcbn/RetU07J4WTxODmPaHAjuCqnrbpxvU1odSYGth1t+4WN+H1/q7RcZelLvM5zmjMOvt7ZTYywBL7j1V8UdZTmKQAnG3ss9erDbOs7PXdG3uHWySMtac7h4+h35K9hkIaM/khV0QI+YhbpqI9w4d1v093xzUjn3154PjS8dPVXTdzqegOq6fRV0hLY5fwyt7OaVi6N9Z0teBSVgwH7bHYjsV9dfGT4cj4l9I/P22nH+0FrIMDmjBk/qjPrwMfmvl+op29VU9Rbq2jfS3ahAbIx53yM5/VfVPpzzMbY7Jvk4mr07fJoqeoirIRJG4HZUfUlkiqYHSCPzeypem71NaLn/BbmC152Gew7Lc6muyMAhfRKLl6OBfXy0fPPUfTdNJUuEjSyTgOCzVNJPa6k0NfktJ/lydivferulIa1jqinjw4jOw7rya82bVro6xmCPpdjj3W+MsngfOeDy/krILZA7hPHKqNU1mmFLWuLmH6H42IVpG9pAcDkHcFOR4O+mdMsSQccLq4OF1QUJJJJQSJIcpJDlQgZn0hDRGfSENQtiSSSUKEkkkoQSSSShBJJJKEGpJJKEEuHhdSVNZLAloGwCY4ZCMmEHCzyi10NRFeOyC5gPZSnMyeUPwj6oH/cZGWOSuqacPwCOF7l8EfjDLlnSXVlT9OG00zuC3sPyXjMkJPbKh1EErS2eBxa+M5BHIXO1+ghrYbZcYPX/SX1Vd9N61XR/F8SXrB90zRZGkfqoMbzAXNc3gryv4JfF9l+gZ0v1LVYuUeG08rz/ej0J9v9V61PHrOcL5/qNNPTz2SR+rPEeW0/mNOtTpnmLHPc2Vgc07oA+rS5KFxjeWkd0aZoLvEaOVnOlJqRFqKfuByq5+MkK5bK0nSWqFVUeNUkfc5+yfGWDPOCweUfEn4W0XUFNLW0UIZLjJAHf1C+Zb1Zbl03cHQ1DHAsOxxyF9zNYXcj3WE+Inw4oOpqOWaGENnxnYd12dH5K3TrGcnzr6q+kKfJQd9UfvPmS3XFlS1ocQH4/VWEchIGVW9TdK3Lpaue10bsNd6JW+4sqGYecPHqvb6PUw1NeYs/PvlPDanxs3C1dFtJTR1kfhybHs5Q2STUEngz7sHB9lLifjcJ00bZ2Fjxz3WlHEUk+BBxGJoj7qypqiKqZokA1LOxyTW6bwpcmMnYqwa7iaEqKWSpxzyh9faHazJDgeyrPDewkOaQVpaecTRbnchQ6ulEm4A3TSQljsqoKiameHxOLSDnZei9J9fM1tpaolrgPxHYrzmpjMLtxyhsdg5GxHB9EWQrqa9RDDR9HUtfFVxiSIggozgHjdeOdN9azULWU9S8kNIAdnsvUbbeaa5wNkpzuRuEzs81qNPKiTiyVUxCWMxnuqSSOooJvEizoz5mq+xwUOojDhggH7o0JX9zlLU+MwHOc7qU1wKopKeoppi+Fx08kZU6nqjtr/ADRkLBJNa4EJysglwgYyupKEBkIeN/spBA5Q8FV0QWzhpcMheNfEvoOW2v8A4paoAaU/Uxo3avZWplTTQ1cLoJ2B7HjBBSZw3GvSaqemnuifKT4yMZGMo1NUGJ+B3W26/wCiprLVPmjANPI4ujcO3+ErBzwOBBxhYroHsqboamvdHsvIZhI0EEZRBhU9JUeC5ofkq2D2yNBaUoTZHDE5oHCCckEYR0nMCoBMhkSseHscQRuCvbPhp8SG3RjbXdpQKsfiJx4n+L78rxlzMpga9jhIxxa4bgg4KbCzD5M2q0sNTDDPryOQEZBRxh+y8q+GXxLbeImWO8zZuTfoe448f13/AKvZeojLBk7rZGeUeP1WlnRZtYKqpNTS4eizldTSCQSMyyRpy1wO+VrWSA+VwUC4W5041RNCITCWOCJRzwXihdR3CNr8gse1w5XlNJLd/wCz/wBe/wAToo31Foq3Fjw041Qk5MZ9HjZeia308xI2c08Il3s1u6vtE1urWgax5fLkRP7OaPVJlHPK7N+nu2ZjPmD7Rt7rVCmNF8YuggypoJadj7xSsO0tM38Z9ZWjbOy9JtF5or7bILrb5GyQVLdbCDk49/Qr5W+B/wAQKvoHqZ/w16ulDaWsfilkc3Uxr3bf+V22fTC9S8Sf4MdQNqC+V3RV3qQHtaNrXUOPBG+Iznb7FEv2+jHqtJKue3/+39Nf2/ueyZB4KeookikOqF+ph4PqitdsmYz0cx8cMLkojTkIa4BjuhayQlNXUBj8bYRg4HdUQ6kkkoQSSSShBJJJKEHpJiShB6SYkoQSSSShBJJJKEEkkkoQSanJqhBZKWSkkoQcRqb4ZJx/kvIOuul6rpyr/iMGPkXclg+j7hewZxugVlNTXKlfRVkLZIpAWkOGVBkJYPBWVMrXR19FNomj8zXNONQXrPQ/WkPU9u0uIFXTgCVp2I9/2XmHUnTdf0fcnNnBloJXHwZQNmjOwPuFBfJU0TmXuzSBk8BBw3iQdwfVGNklJZR9APOrHZDe3blUXR3WND1Xbmz0/kniw2eJx8zHLQZyoIawRtJB529EVq5J5eBlMJyVARJLmQNiV1NICeFHkHAIUt4QHEZ2VdPJZir5G+z1wr4x5Cdx7FT4qllTC2WP6XjIVndqFlXCWvYCMELGWqu/h1VJa6rIAcdBPomxaYa5Jl3oG1cHhuG54K8Y+IXSb6yA/LsDZonFzT64XvU8WpmccjlY7qO3sqID5fO12fugurU1g6Oi1k9HarI+jx/o2/vdG611rS2opxg6u49VtaaoI2K826vts9hr3XenzjIDwO4K1Vsu7K2nZIwh3lGT6rz+r0m0/R/0j56OqpipMvrvbqa/W6W21YBhlGHev5Lxk+LZbg+31bdJAwR6e69jpqknAKyvxF6dZcbeLtRxgVVMfMAPrZ3z9lxbIOLPeW1KyO9GJulA6aAvjAc0jKyMjZKackZa5jsgjZbG0V3zVMYX7PYOCq6/W13g+M3BIOQR6eizTi2c6dTTyjT9N3Jtxt7Q5wMjBg774U+WLy8Lzzpq5vt9wa1ziI37Ee69KyyWFsjDkOGUtPk7Gjv+ava3yinqohvkKskbhyvKphzkKpqYiFZd0f0QJG4HKhSsLjwrB0ZOeyhzDGwGVZzro5IEgKjuGymS4Jyo0io5thEeACVDkaADsplR9QUaRuVEY5rJAkBzwmv4R5Gj0QHbqjn3rBG1EOOSnNfnZdniJ3AQY9iQVZlbJsEuCD6q1piXEbqhiJDlaUcm4BKbGWDZp7NrLpoy3co1O/U70wo0XHOURjwxyqf3I7dNmcFpDK6Nwc08LY2urbU0zSTuBgrDxHIzlXFqrDTgtO4KxzWGdvS6lpqJrdJdwghj6ecShvKJb6mKeIOac+o9FJmg1Ny0ZQHbi08YHNnDuFyZviDCjNBY4NKkRk4BISJI0RAsbuY3DC4Y5IX6xwjytBAc0bgpMkbKCxwUfQ0JE4TDdArKVkL/AB4mkalyMmKXT6KfkTRjOAkuOQ1yTun73pxBUuweAcrXUs4e0YIXmtXTvhxIwEb9loOnL1kNp6l++cApFkMHU02p24hYbdrsjIKceEBhAaNwirPtwdB/spq+jFNL85TAgk+YBWdLMJ42vacghEIadjuqqZs1tqBLTtLonnzN9FZZeMIb9WN0+WFr2jAGCokMlPX02pu/fnhTIfPseypBOGUeZdZdNyWSsF9teY8u/mAcFajpq/0t+o2gO0zxgB7Dz91o6yigrYHU9RGHMcMEHdeV3y11/SN0FfQahEXZGOMeisztOHB6FUUrHsLHMGCsTebS6kqHS07SBzhbOw3qk6it3iswJmN/mN7gplbQxzxmOQc9/RLKZiIXx1sRgmAJA7qplppbTViojBLMq4ulsqLbUGWMHGc7d03xYqyHS9uT3S2siWucm4+HvWxp5GxTS5jdgb9l65DLDWRCenf9QzgL5ab49pqRNET4ZOV650D1oyoY2nml22Az2XN1OnbeUdrT6lOKiz06KU50PKkAh4OyiACZglj5KfFJk6Xndcm2vazauQukAk55TXtJ3Sec4IPC7C8O2dyEjAcHhiiJYcEqQw6kCUYwQlESCAlhSx6JMjdsoTZS12MIgfkYQZmHYhCKaLCmlMg3IUjnuqimmw4A5VlGRpByqAlHJAqvEt04q4hhhOH44V3DI2oibK05DhkKJJGyVhje0FrhggqLbpPkZDRPcdGctz2QLkXJF4klyklYFciSSSQljEkklCHCMqNM3D8+qlIM7ScEK08BR7IFdCXQlwG43UNvmiDvVW3bBbsqao00lSW7hknA9CtEJZHJ5QyRmVWXGBr4HNczIcCMeyt0Coha5mk75XRpm0BOG9YPmH4ndPOsN9ZX0zNMEvGBwe4Ujpe6lj45GvwRgr0z4mdPsudpmj8LVIwFzT6FeH2ieShqjTSEgtOF6DTWKyKiedui9Ldu9H0ZQ1YrqGOUOy4NBKnU8ucNKwfQ951s+XkfnbC2Ucmhyuys7VM98Uy6Ycjd2coqgU8mtoU4Yxysrjg2ReThGFw7rrlxKfDGISh18WYiW8qehVEfiNwmx4ZZWU78HBUS4R8zJ3iYqjHjYKRUsBpyMZXRolteTHqVujgzd2pmzUjo3tzkbLya708lLVvAYQM5XtE7BIzQV5n1XTCOqIcNiSvYeJ1CjhHzn6k0O6Dn+ijo5A7YntspsZwcqrpX+HPp7ZKsmP74Xpj5jL7Z4ZZUMphnbJ6LeWuoEkbXrz6mI1g+i1lmqdmtWPVQ3cnsPB6zEtpqWvDhhBnb3TInEjZSCNbeFx7Ynu67NyyAp5XNfgjCtYpMtCp5D4bsKXRz42KzNGyqe3sstPuhpN3GQijkpUlg2J5GpZOMdkklQzI5DciIbkTIwFQwuZjO/KHHJrjBxujvG2PVRYj4ckjcbYwFIin2Occgn2UVxwpP4fyUZwO6sX6Ke5MdTzx3KHZzHAOA7hW7Xa2h/wDUMqLWQiaJ0Z/EMJlrnc+m8J+S+I6D9uytLAEXzyS0kkkQ0YkSSMZSPCGSc8qFy6KefxoL4yTOGSs0EfZWEv1bdlCvGGSU0w5bKAVLJDon7Zzwji/QhvB0nLD9lFb9f5qS36PyUR31n7qMVYxjP794R8gclRmuDZ3A90WUZwoZn0J22Cqq45ZNHMBkZwVYyO0jA3yoFcP5YOfxJmeTLcAqZOCBsVVVjczOKspxqgPsq+q2GfQcrVU8YOXeeZ/EXZ8WVgZ+2FvfiWCHw9lgjvheloeakfnj6v8A/wA3s/6f+hGqZP5DmnlVpGTyplef5hwdscKAAQTur7OBWsIRGSAUSEDUh90WD60LN9XZYwtGkYTpOQmx/wB2E5n1BQ6EesEqHlv5qS3hRYuyks4RoqbwMIwnkAZXe6E47fdPgjHe/tyR6g4Oygy+qlzOHqq6pOSMFXZwjmsadzgJtQcDGUoUGqcPVZpSww4RywLyS4ZR6Zu+cKPHu5T2NDWocZHTlhcCkOMYKE45G5XXcoMpB4RPhAx/YOb0BQ4Y8dk087klSqVhBG26zyluY1yUUHpmkdlMaMYTYmNAGAjHA7Io9GWcss4nDhNRGtOQPVEuxMnwSqVocRtyrOKENA2USjiO2yso8NbxwtUEY5SO7Nb6Kvml8STw2H81InnGQ31Q6Om1zB/Ybppo0tEr5qKRPtcOhgD27qyAOeEynhGxAUvRxhJnn0e60dCqgojoItWNsqdDCNsBAhGloJCnRYbD4mEo6KWECedLgwcuRXSClp8uwUykbrmdUSfRGO/CzHVl98NxgjeRkHACKKB1F8KKnORW9YXvxZjDG7IxjZZqLzOCE+V9TLqec43UylZg6iNk1cHhtZqp3S3SJVPEGt322Se/tlO1ANwBj81Hk9ymb8LBz8OTyOyScpTODWjcIQOwd6KDW1PLSd0qdmB0IirZ9btIOyjwjvhDaS92XHKc52G6R2SJTNMY4OSkAYDlEk/6p0jvMgyk9is0554HxWGOwcEK56Zsk1bM2QN2KqaWMzztix9RXsnQHTbXhrhEDjBKy2PLPUfTfjv5t++S4ia3pKysoaON/h+bStPE0BuXYH3XIImxMDQ0AAcKLX1LYxoHCZCGOT6QvtXBAulX8w8UtLnA2cfVXtooI6Kna2NvmcMuPqVUUVOHVDZS0EFaCLgH1Xe0NC272fHP/EbzkZSWhpf92TGbkHCM0gjZCBAZuU6lY5x2BK6b4PkDaXJKhYZHaG8kq/o6dlOwAD7lR6KjZTsD3AFxTKqrL3mOJ2w5KXZMRtlbJRiOr6102aWmccjlyiNjhoITNOcvPGU5jxEdbuSosMVRdqh2DhjTjPoudqLsRbPp30h9Mz1TVlq4O0sVRc6nDeO57ALW0dLHSRBrWgHG57lMt9vhooA1jd8ZJ9Sh1dcGbALzup1Tmfo/w3iKqKFXFDq65iNvhRjnYkKpcTK7ZxwVxzjK/wC5U6mpCSCcLBKbfLPRQoVawMgpztkKxpaXzAgYRKak48oVjFTbDAAVJ8g28IFHTNaOESUtp2anEAI2jBGBhUXU1a6GIwt5wux43TO6xM8V9UeUXjtM7G8FPX1c1wqi3VloOA0LY9H2CKNhraiL6dm57lUfRtjfWVAnqm+XZy9GwyNgAGAOAvU2y2LCPyZ9Q+Xs8pq5WyeUEY/Ax2CcyKatlEUbds7lDghlrJRHGPz7LRUdHFTtDGbuHJWCyfJ505S0MdKwNA39VLwAAG7YXcDHKZq9kGckHJJJICCSSSUIJJMXHODRkqECIFTKGYyU2WsbG0nGfQKtlfJO7OSjIFnroW7ZVZVVNROMU2SpTYdZwRnKl0tOyGQPICgRCoenWVLmVdeC54V1NPT0NPu4N0jAUWe4PLtEGw9UJ8ETWie4S+U788K8N9FpZBvq7jdGPjpRhh4chTzWLpan+dvVT52buaVkuqfifarG2SjsrnGZuwcF5Beeqbzf5XSV9aXEnPKdVRKX5IOMMm86v+LtRcXy0dp/3amJw1zBglec1dRNVyeNUSueT3ccqbZejr51CWvoYCYzsHei9a6T+EtHbhFU3cNqJAPMxxyE57KukHlQZ5n090PeuodJoYcRn/iO2aPzXqvTXwqstnjbPcYxVVONy45aCtxDBSUEbaejp2RMG2GjCdI4ObskWXy6iVOxsDtDxuulxl3OyG/lcSHNy7Eyk32PyfVLJXFxzgAqXYJ3UPUKJPLjYJPJJ5UeSWOP+8fhNiuAhskjn7HjuoFZLSUEfiOIz91U3nqdkIMEA3PcFZqWauucmQ52D2TYRT7KSyX1V1HHpzCcewKp5Zaq4Sl4y4HgK2tXR1RVNBqXBud/yWuoOnqC3saI4gXepCY5xhwizM2fpSWctqp+3YrWw2+CnaHMaAfRHDGtb5SAB6DCi1dfHEPMcEbIJS3dECOIbk8YVdVXBkR0g7hRam5STHET8hPprTLVASzNKDt5ZCM+WqrH4YNQU2gtMrpPEmGMcZVpR2+Gl3aMn3UoDCpyyQB4WABgA+yIGklPIxu7YBQblfbdbYw6V4c7+n1QkLBkGoZ7KquvVVls/wDKfIZZx+Bqz9XeOoepqgQWqM0lMeXYxlW1q6RoKACquLWz1B5e45UIVof1N1brE2mgpc+UN2JCvbV05bLPGHiJr3jl7gnXO9UdFCS1wBAwAsFfeuat+qnpJMDucolFsJRbN1duqLba48ySAEDYArzjqHr6quDnxUbnRtdsT7LN1lZU1j9U8znH3KjFme61QjgdCAUuc/zPJJPOUPLR3CTnAZGd0En3WpQWBmEug+R6hLPuo+r3XC7blL2F5YRzs7oBJyuF2/K4SMKAndXuEMuJ2JTCd9ikSMI8jRZKYDhcJGU1QtLIkzJSTEzIagdyVxJLIVfIWJBPCc4YGyCVM5DEeU3JXE/jc8BRySD7EuZHqoNffbVbYi+qqACeAFjrp8RCQ6G2wDB5c/uhdmOh9ennZ0b2Wqp4ADLKGj7rPXbrq00OqOnLpnjsF55V3iurn655n79g7YKPFTuneAASTukOeTVDRKvmwv7j1xe66PRE5kDfWMYJVA6aoqpC6Z7pHH+o5VxQdOVc5Di3Y+y0dv6VgpsOnaCShktw1zrp/FGMp7VUzkBsOM+yuqHpWqkcPHaGt9VtIaGkpQNEQz9k9FGtMXZrJdRKWk6bpabkhx+ysIqGnhwWRjKlLrtwo4YM7vnP8gKYiHlDUImJJJJQsR4P2QDyjng/ZAPKhDiSWR6pOwwanbAKm0uyHcFIEDkqDX3y226PVVVbGO7Bx5WWrviZBE8toKMS6eHP4KTK+MezRXp7LfxRt3OA3ccAcqJJeLXT5E1Y1pHK8rufWfUV1LmOmbFGe0YwVVCKonOZZXuJ5yVnnqH6N0fHOPNjPSLn8RLPSFzaZoqHDgYWWr/iHeqzW2nibEHcaRhUsdtY3z4yfdGbShpzpCV81kvZrq09NfK5GTXPqK5N8KoqnNZ6gqEbZOXanSh2fVXbYzpAITTC4clDlvhmlWJcJJECK3R4AeAfsj/JQM4bwpbYT6crroy0ZIVbUBKTmQvl2t2AS8IKUZGAY0oJeAqBWehmgJeCPRd8X2SJJGzUOMhbxaGAchMy3fA4TvlqmQ7MOCiRWyoJGrhVtyFvS7ZGMgB4/dcL8jhWjLK4jdm6J/CImkF4wiUMgfPH9lIJHuOANk/fGcK7bbqcctRBRUjRkt4RfGRXRZQajwG7pD5ntEtAKalGwj4ThGwcKbEU7ig01/8AR+y6GV+fpH6LQ6RjGFzUxTagP5D/AEUQp68jbH6JChux4aFfB4PDUj9iVarTB/kZ7KIWy7n0XRbLwPRX+T6H9Us/f9UTqXsr+Q10UDrVc37Od+i6LJX4/vVemVo5cf1TPHHc/uh+KGeUX/ImkUoslbn+8CILFVEbvarfx2n1CXjt9Sj+GP6K+af7Kr+AVPd7Uv4BUf1tVr817FL5r2Knwx/RXzT/AGVH8Aquzx+iX8BqgPrH6K2+bb6FI1TT2KB0xl0Wrpr2U5slVxkJfwaq9R+iuDK075KXis9SrVSXQf8AImUv8JrPVqRtVaB9TVeeMz1K4ZmepVfEB80yiFDWt2OE75WtGytnytJ2S1D1/ZW6sjFeyo+XrEjT1g7K01N9Ei5o7Kthfyf2Kvw6wfgXNVYOYxj7q0MjeNCaS3KmwnyEEPnP1RlP8STuw/opeQma/wDCpsK3oj63f92f0XQ5xOdJCkgg9kvKpsJvQISPxjGUg+f/ALr90bSPRdyfUqbCpPJ+sSSSS/Hp+zhJJJKEEkkkoQSemJ6hBJJJKEEkkkoQSSSSgkSSSShBJ6YnoZPBBLhAPIXUkKIZ2oZ/Dq9zMYimOpvsVYFhMYdzlSa2jjq4TG8ZP4T3BVfQTF7XU0hw+LYpmUWiCS+3VvjtB0OOStDTVMc8YkjOQf2VXWwCWE4G4Ue1VjqaXwJOHcKCmsmiSXBuMpwGe6hRwcozCNPKjJ+SoQORnB9F538SelHTg9Q2tpZUwebybHZehNdk4XTGyRpje0EOBByiTA6Md0D1PJfba2GrcPmYQA4cErWPGRyvKOp6Gt6Qvv8AE6AljS7zADykL0iy3iG726Gthxh7Rn2K0wkJsrcnlBXufTyNkZ9JPmHqvDv7QHwoqXub8SejqZnzsO1xiYMGRh5k29Mbr3h4ykCRwV1tDq5aS1WROffVu4PhC422n60tTaqICC5U+TgbOBUzpnqF9dG631kJjrKUASNJ+of1Bbz4zfC6f4fXV3VfTrT/AAesnx4TG5NO934f+X09F5ldKI1D6e/2wBlVBkvDDjWO4X2nwvk4auqLR5jV0uFjZrtbZAWuAIPZYXq3pkvc6ojbqa7cEdlo7Rc4rlD40ZIe3Z7Dy0qz8j2FjwCO4K9XXZg4+pr+SG08HuFshnY6irWAg/Q/uCs2GVNnn+TqyTFn+W8+novXusOk3N1VdK3LOS0dlhLhQx3CnNJUt8zeD3C1J5PFeV8Zvi1JdFZHJnHfKO05VQz5m2TfKVeS3hj1YMkz+aYeDuplRLbIkJLgOQuqCxJDlJdAz3UEhWkaRuF3I9QgZKWT6qF5HJJJKFCSSSUIGSSSUDApJJKACSSSUINSSSUIJNIGDsnJKsZLTwR3NyeFzT7KRgJFoKGUUy85ImkeiG5oxkKYY984TPCSHFh8+yuxNBMyop5HRSxO1Me07tK+i/hB8W4OrYGWC9zNiukIDYy7/jD7+q8C8NudwopFTQ1TLjbZXRTRO1NLDjBXK1/j4auGHw/TPd/R31jqPpzUc5dcnyj7Vnpyx2sem6YyUnynZee/CX4rU/WFGy0XiZsVxgAaHO28T/1XoMsLi7LQvA6iiennsn2fqjx/kNP5PTx1OmkpRaHSR5wQFwO1eRw7rsb8Ya4FJ7Q0hwCBGyZFqYvAfpaMjChyAnJVq4CbAI3Ud8BZ2ToyEyjno8/626FoeoqSRwhaJsbHC+bOsuiK7p+qe5kTtAO4A4X2PJGM7BZfqzpGjvlLJmFviEc4XR0nkJaWWYni/qX6ap8pS3FfefJdsuOoCCc7jYEq3Y/vhSOuOhaywVkk8ETgwHJGOFl7ddnsl8GcnHG69po9bHUx3Ls/O3nPA3eLta2mjdFHWR+HI0D0KrSKm3vLMFzBwpzJcYLeCnSETY2W5vHJ51P0wdLXAkFmQe4VrHIJQPVZ2ojlpJg9mSCeFNpao6gMJieULnH9FpUUEU7MnGeyppaGWFx1DbsrmGYubwivp/HbghHgpSa7M5jRyVeWPqKqoHtibOQ0HbdQa62kZc3sFWFjo3Y5RlTqjcuT3Ox9T09fTsbM8CTjPqr1smvsvALZeKqidmOQ49CV6d0z1fDWwshneNeMblGjlanRSX3QRrZ4/LsFBfqjdkD91PbIyZgLXZyFHnizwnLo57TTwztPVnYOKmxyBwyO6o5MxvDgjwVmkgFWW1+i5SQIZdbcgIwOVMgnVwgYyupHhRkBHlJJxweEkLWCAK+3Ul1pH0dZE17HjbI3afULw7rPoyssdZJqaXwPOY3AL3lqhXa20t0pXUtUwOa4YB7g+yTZXuNel1c9NLcj5inppIyHEcd1KoqrOGu7LT9TdOy2uWSll83o/GMrI1FI+E7LBZW4s9VDUQvipJluxwe3UOE5VtJWtjYI5OSp7HiQZCoko4WROamHfbGEZMI08KmsFJkcOmhmbPTvLHsOWuBwQV7r8M/iZHfoGWW7ygXFgDY3H/ij/qvDi0PSjlmpJmVNO9zJYyHNc04IITK7MPBm1elhqI4a5PrcOOdxhHY84XnXw0+JMHUtM213aRsddEAA4nAk/wDVeh7gHbhbIyyeQ1Gnlp5bJLkr7tbW1TDNDhsjdzjuqOmqZaWXIOHNOCFpsnJJVVdrX8w01FONLxuQO6ZKOELi/Rl/iD0hT9VWd1bQERXCnGphBxq9QVo/g18R6Xrfp6p+GvW8Lfn6an+VLqncTwnbDs/ibj778qFQ1To3aXHjZwKxvX/TNXbq1nXnTmYqilOuo8PYk/1H22OfRKlLBsq/1ofBP/8Apf6f/wC09c6D6iuvw1vsXwv6okqKm21L9NgrpBjLe8LufMMt79wvZGSZPHK8Roqrpz4+dBtZK4QVlMzS95/vKecAeZp/LlX/AMJeu6+prKv4c9Wnw79Zz5T2qos48RvrwN/sihJx/Hr0c7U0Tt3Tx96/Jf8A3PVQV3I9UHPbK7k+qbnJzlySAd0UH3UdPyUoMPkeq6gAnPKKCMKEHJJJISDkk1JQg5JJJQgkkklCCSSSUIJJNSUIJJJJQgkkklCCSSSUIJJJJQhBvVmpL9bpbbWMDmSDAJH0n1C8Uudpq+kri+z1rXGnLswzH6XDsMr3lrm7nKqOobHQdR299HWRjVgmN/druxCJSwMjPB4OZrp0vd29R2STAOPGjHD2+4XuHSvV9o6ttorrZNqczAmjI3jd6H9CvJq+hqbNVutVyj9Qxx4eFSMqrn0Rcf8AaCyFxjz/ADoc+V475Csc4qa47Po1w1JpbtyqnpXqm19W2plytsmc41s/oyrg8KjNh9EYk5XV08picUOPBUVweTupSYQB2VMhFe0OGCsV1XaQyU1cbTnkELdHB2woVXTw1MTo5gCD+yPIUXlmTstydW05hkPmaEK40wfyNiVCq4ZLBci5p1QuOcj0V0WMrIAWnIeMgoxzWDzDqqwxXCCogLMggjj9F5XZqyWwXh1tnJMUhwzPYhfQFzojTvc3GR6ryn4j9KOkpf4za4wZ4CXvYNsj2WXUUfIj1v0z5yeg1EYS/H/0LKmq/sp+qOqhdE/B1NIKwvS15dXU7Y5XecDIzytRRT6ZQxxOD3XntZp/0fo7wfk4amvbKXZ5x1Ra6ix3j5unYflyNwBwpYbFcKT6hhzcrc9S2Zl3oXRsA8QA/mvLrbUPtlRLbqokFjyGkrkTj8Z3LYbOStvNrdRuEzO57LQ9G3mWcGiqJQdPGVIq6eKrpvDdjLuCsex01ouQcCQGu/ZIw8mOClVbviz06ZgKqalnfHCnW6uZcaZkrcZxun1VJ5dhuVR2IyVscmfkAzjCrqgZJ+6tqqEh3Cr52AdlDHfErJeeVCcd/wA1ZTNO6gvaSVDlW1kWbfHsozx5TlTJBlR3DkK8GKyOEQ3bhRjypr+CopG6uMcnMtQJwy0/ZQ1NPB+yhnk/dFJYMUx0e2VPoiQcKBH3UmF4a4Il0Mqlhl7TP2wSi4weVBpZAcbqcRkDCno7WnnlEymm4BVjSv8AMOyooCWStKtWHJBWeccnX01nOTVWmpETcAjcrQwziVoCxNtn82gk/daO31enERH5pD4PQaa/PZYz07iQ5jUmuw3GEdjstwEExEO1JE1lnSi8oaHbkEIe7HZCJKzOMdkLVkY9ELGBXMEjA8fVhcpqrQ/TJxnAKe1R6qLDg9g2O6jRaeC4bIx4wQCq6WGSin8VmSwnIwePZOoZPEaC1xyOQpkrC5gHZKlHI6P3xTLyz3ls+kvfvxj0K00cutgGy81ZrgeHxeXH7rV2i7F8QbIc4WaUDo0WywoyZenI3THkSDDhkcLsczZAERoxuAlNYN8WirjE1sny3eJxyPb2VwHue1s0R3xkj1UeYh4ALcJ9O7S4AnY7YQsbnBPinEjfccoF2tdNdqR1LURggg49imeJ4Eo/pcrFo1cKZI45PJJ6S6dF3X5inc7wS78iPQr0C219Le6MVNMRrx52dwVPvFkgulI6OVgJI2Xm0YuXRN1LgXGnc78sJef2JlDBs66iZURuilbnbYrB3CjqLbUOYQQwnLSF6RR1tJeqUVNM4aiMuaq2622KphcyRgPoUajkRJZMVG+OpjMbxum0dRUWWrE0TiGkptTTPpKhzBkYOyKx7KhmiRLsryFXN1s9e6K62jq4mU88udsbnhbs6JGiWMg5XzbaKx1prA8ud4ZPI7L2To/qVtW1sLpg4Ebbrj6rTv0dbT6jKwzXtkPBCePK4EFNc1uz2903xNXZcuUcGzJKBDm7kIeC3BwmgEHklSAAWhZ2hmTgKeQHNwUIgg8LoyDnP5KgpL9HJGaHBzQpEE+ogcYTCNQ+yAD4TtzyhE4bLhoBGchR6mIOeHAb45TYJs4apBIcBkJfQElgLS1RcwMcPM3b7qS1+eyrsGNweztyFMjma9gI/NWBgOkuFwHJSPmGxShY/I9UshCbk58xSZknnhTBMBcj1THIeT6lPJB4V4LS5APw3gKBdqYSweKxvmjOfyU6Q6SmnDwWkbEIq2OXRSwu1Rh2c5XXkAJk4NJUOhP0uyQmtJwSVshLBGU15ohPG8ObkPBC+deubQ+13l1RGzS17sr6emYHDcZC8l+J1jbPFI9kQyMuBXX0VzhNZOdraN8dy7MX0rdjDLG/X6ZXrlHVNqaVkrcHIGd18/0NTJQVAjeDyvWuj7u2aFsTng5G267k45Rk0moxiLNxQz4bocVZNkJwFQxuwchW9HKyRodncchYLUdmt5Jp4CIh9k9/0lZWaEzi45cPK4d0ecEZSV7PBmdK0LrXmVoHZTa6IPic0DkKpopiHGmPOVrpmInHcMnyyUsxssN1dTMd4jy3BByCt7VjQ8bZyqHqWihlpBJp3OQf0Xe8de42pHA8xo1dQ0ePlxjqAe26s4pdTGkDZAudKxsuGDHuuUkgZGIzyO695XPesnw/X1Om9xLGKXTthaC0VhboJws0zBI3VhSS6cHPHuqtWUavGaj47D0W3yCSIPyN1P7FZyy1fljyNu60DnCQBzTsuVdHDPp2invqTYCpB1DCVM7DuUWVuW+qhtJD8HbCwTib08F1TSZGMZypTTqGVVUkmNirJjgfzSZRyaYWDiMrmn3TM44TkDWOx8Zt8DkkkkQ0FOM4UQgBxPqpjxlpUOUHUNlBcxIUgAOyIzdoKZKMlQBEWcaffCrIC6C4kjGiZvHoVcStzhVNZEXPBZsYzkH2RipN5TRYHdcQmO1MDj3T1AlLcJcO66koMRW3WISUxBGSN2j3T6VxkpmuPJAyj1TQWF2OygUcmIyw9iiTwLwSeAR7KJN/qpY3H5KK/wCofdQTZ6I52la70UuTzNyosxxhSsh1Pxu4I4xMkpJEZxyTuodZ/d/+JS9hkKJWf3f5q12Z7iHP/cO+4UKcamBqmz707iobRljj6NytFa4OXf2eZfFBpDoMBeeOOAvR/ikMiF+OAvMZHZGMr0mlea0fn36xrcfLSf7SI1S/XIfYKO5FfuSg6dXsmt4R56PR13ZHg+pBJwiwE6gEEEaq3hk5mzV2M5cPzTESLkFMNyn+ybB2RkKDhGRRWS3yhueSo08mwbhSHYa079lCkPIT4LBz9RLjaAlfkcqBIcnnKk1TvMBnsorAdz6oJmSKHAgA5OFAnkLnjHZS5eOVGawSOWWXaHqOAtHGHO1EZUubDQAOy5HGxkYDdiEPVuUTeEVjLGy9go0mSFIeT6qO4oJy3INJIGxhL8qxpmYAUWGPJGVYxAABLUQLArRgLqYkjEPkLGMlTKSPWQcIMEeSrOkhII2T6objPdJEqmpwGg42+67IQG8p+rSzJPCgzzOLsBOf2mVPka7VJKABsreip9DWkhQ6Cn1kOcFeQsa0AYUPW+K0vxLex0bcYAUyKHIBITIYgSCQpbRgIT0daZxrATgBcrJdfh0ERwXjLsei6ZmRMMjuG7oFFoHjXKc7AHSgGTlhDb5co7RbCwEZ0+vJXl1xrJqh5lkcSXnKtOo72+4Vr4mn+Uw/qVQvk1zYxsApnB5jyGqd0tvpD6ZjjICVaxkBvGFEpYwADhSZHAAYRnCseWPJ5JUKony/QE6oqCyM4KhRnxJGudvndBKQUESnSiOn1HkKpfK6Z+SeUW4VQaPBZuTz7KPTtJOSOUlveaIwwskpseGEqPLKAcYUiXZmMqARlx3S7HgNL9DjumncZXT2yi00JmkEY33WeXQ+MN72o0HRloNZVNm8PUARkfmvoLp+2Q0NM0Rs0lwyVjPh90y2KmikLBthzj6+gXpkEADPpxhKim5ZPsHiNF/B0ka2uWssHUzR00et/PYeqonOfVzHf/0Um7VjJn+FGc6e/uuW+ncBrf3XR01bseDnfUflYeK0rm3yTqSNrGNbjcKyY8HGygty0KRET6LvVr44qKPzRrtRLW6iV8+2ya1+cDKu7bRug0zPGM8AqHa7dkConGB2Cs5H7gN47JkpZRz55zwPqqh2jRHtnlRchu6K7cboOh07wwDYrn33qKPY/TH05f5LURaXAKPXcZjTwNOB9TlqKCghoom4YBt+vuh2q3w0UIwwe+e5Rq6cNGAuHqdS28I/Tvg/AQ0dca0gdZWPjBbG4bhVQe+d+Hd0WUOmdyplJRhpBIXIkz29VEaoqMUMo6LzZc3JKtoKUtIOE+npcYOkKf4YAGG8JMpZClDjIGKMMGMKVoA3zjK5gAbBDfJntwrg3Pgwah7I5OVcvy0Rk9Fj6x092uAjiBIytBdanNKWjlRenac/MeK4YH2XsPFV/HHcz83f+J3mpScqYs19lpG2+jawgayNyFZ08UtbKI427dyo9DRzVDmsYDvyfRaSlp46WMMY3fufVbb5o+DbtyTJNJSR0kYYwb9yjMwByNkJrtiPVcbkd1gk8srIfJTsJierLEkkuZChB5IxyhnlcLsclBccBQgUuaByP1UKoqtR0tH5pznElAdHk5BwoQThr3KQaOMJ4b3TXStaEZDrWBu5IH5rkrgG7uwO6iVVWIj6LIdW9eUFkpneNMGnsM8psKnIZGLk8I0l36httog8aeYavwgdyvH+s/iVWXB76WCqe1nB0lZW6dUXzra6CjsdPNMXbeUZAC23SfwNr5aiOu6ok0t5MLXb/mVoSjVyzQlCtZbMHaaG8dTVboqGCSYu/GN1670f8FRTxsn6imjmLhksAwQt/arHabLE2C3UUcQYMZA3P3KszIQA1Ls1T6iKnanwgVHQUNpjbBRQNY0ADYeikPm2AxygkknJXSMpDm5csz7tzO5zumZ7J6HkIQ0NSSXHODRkqEOncYQHtxyQmzV8MAPiuA/NZK99SmfVTUrcYyCcoox3ELS6dQUtCHhpDyPdYusu1xubiWg47AFSLfZayvHiPBGTwVrbN0rFSubNLz9k3Kj2Qy9o6Wqbg3x52HI7FbK1dM0tMweIwEjgK6DGsGGgAewTZJBEN1Te4g7w4oWhrWhRamqijH8w4UWvubGDEZyVTvqpqk4fwVSh7IS625lxxA5Q2sqKpwzHn80aC3yTOBaMBW9NReEBjGVUpbSAKG1xscJJIxkKyacbBqfFC70Tairo6GPXUvDPuqSyQdg5xhRa650lujL6iYMd2Gd1SXHqSerkFPZcnP8AxMcINP0+6ecVd5ldLId9zsoQ5UX26XkintceIzsXp9H0lSUsjau71Jnl5w45AVyJ6SijDKWJrQBwBhZu9dR0lG5z6ub+Zzp9B2TIwyWlkv5K+hoY9NOwDHYDGFl751nDGHNDy7TwAVj7t1TPXzH5Z7ms/wA1Uai4kuJJKdGpjFDBLuF3q6yQudI7S7tlQNRO55Tzgpr8aTumqGByihuR6hNcRpO4QHE55XMn1TlDKLHkpi5kJmtvqrSwEkOyULWVwDKYqbD2nS4k5JXMlMSUIJNyUkxQvazuo+q4kkoMUcDEklx24xlNCO7HumAH1SxjdxwPdQa69W6gB8athGOPMkylgOEHN4RNwUKaWCnGZpNHuVibp8SXRuLLbC0kbanDIWSr+pLvdHONRUv3PAOAEPymyrRSlzI31266tdu1tjkEjm8fdZK59fXqsZ4cTmQxn+gYJWZEBqXj8RPdXVv6aqqnGoYB9kuTc+DXGiqrllTPU1FW/VNI57j/AFHKl0NlrasgtZpHrha629HU8B8WpZk9gr2KljiaGsY0Y9lEnnkqWohDiBl7X0i8uBqSAB+60VNZbfSEOjhBcO5CmNbhOHKbs4yZLL5y7YxrA3OhuM+iWT6owA0oRByqEuTfZ1NTk1QES4eF1cPChAZ5XF1x3TXOa0ZccBU3gPGTqSjT3GkgGXyjblUdy6zpKVuYHFzh2CTOxRNMKZ2P7UaVzg3dxxhVtZfLZR/31QF5/cerbpVyuc2bS07YVK+pqJ3F0z9SU7f0batHJv7zaXT4g00Ti2hgEh9XBZS49U3y4EtNW5sb+WtUBzQ4jZHipXHBxykylKXZ0I6eulZwQhA9/wBe/wB0RtKBg4wrNlJjHlRPAZHgvaPslPl8jFYlwkV0dMzjTupMdNuNlKdJSRjjSfuhmsY/ywMyQokDKUpM6KfA4wn+Bg9lFM1fIQBHgJ7aOulwXyBoQsHoM58MedbsKO+tpz9KkNtQkAEzySO/qnttdPGQdOVajkjkvRXmqqHnEDMrgjr5dnDZW4ihi2Y0BdErGfU5XgisaKttvqnkZ7o8Vp/7536KS6rGfKEM1eBghUTfNjm26lHfOEdsNGwcAEKAat2cb7rmS/nKkULcifmMZ0kYQzUlu7cbIQilLchdFLUO4ad1bjgjY43CfjOyGat/ccozbdUHsiNtcx5UwUpJEX5gD1SFT7FWLLVEAC4DKKKKEDOkI1HJUrUip8SQ/hKXiSDfSQrMwMGwYkIm5+lDgHeVhlqicfsm66rnwT91bCKMfhTi1voqwTeU5dXdmBLVX/0q1IHqubeqvBas/sis0XA7ZK58tXO3LlZat+EsH1UwGpf2RDipqjOH4wpBihYPo3+6Lg+q4WkjlWU3kjufg4wueJ7IpYcpaCiygQGf8KWf8KJ4Y9EvDHorfJASSI5QqupwdHdLb2hxjkKXtHLglraeHBVplc48lLW7+opTtwNVeSz8Qf1BLxGnbUFWa3f1Fc8Q/wBRQ/MXKrBY+I3+oJeIP6gq7U71XQ455U+YHYWOsf1BL8x+qgh3qV3xPurduC/jJhIxyhkuyd0Hxj7peN6hErclfGGBdnlEyNlGErD2TjM0lXvJsDZwkCcpmoDGTlODhnlWpplyjgKOE9cDm45TchFkE/WNJJJfjo/aAkkklCCSSSUIJPTE9QgkkklCCSSSUIJJJJQgkkklG8CRJJJJT5IPTkJPUIxxGeFS3GndRz/PsB50vA/zV41MljZI0seMh3KvItSwytyJow9pyCMqsrKTXwCDyCOxUqHXSVT6WU7AksPGxUuZjXj6UQS5I9mr5Jmmmndl8ewKuQcrLTl1vrWygYa47q+pqmOpYHxuzn9kRJwJKYnDdNUACh26K04UVGZvjdQprBC6gtMV6oH00jGk4JBxuCvNbVVXDo+9CimeRSyuxh3H5L1xjRhZjrTpeK9UniQsxUReZpCZU+Sv7FzDKyeNssbgWuGRhPXnnRF/q6GvksF0Jzj+WXH07L0MbgEd1sUsGW+HsjXK20N3oZrdcaZk9PO0texwyCF8k/EroCt+F/Uopg4SWaqc40839I/pPvgr7AHKqesekrR1xYKiwXmna+KUZjcRvFJ+F4+y7vhfLPx2oUpfj7OTqtKronw1cqSSy1oudoHlfu9oOzh6K+tl1guUAngPGzmnlpU/qXpW79E3eo6avlPmSDBZJjySsOcOH6cLHTU89iqv4hbsujef5kfsvtvj/IR1sd8Ojzeo03xmumYKmF8T25yF571F07JA50kLcEHPHK3lDXQV9O2pp3Zz9Q/pPolW08VXE5j2jJHK7tdhxtZUrY7WeLXC3Nq4jDUxFp/CccFZt/jW2YU9SCRnyuXqd0thEhgmZjfyuWevFiZUQGGRuSB5XLXF5PH+X8VG2OYozUU2oI7XZVYBNQTmmqWkDPlcpkcg2z3R4PD20uqW0kpw3TW4I5SQ4M0lkSSS6BnuoAdSSSUIGSSSUDEkkkoQSSSWCoQCkjJKFYApJJKAjUk5JQg1JJdaoQRwe6a8bcrqQGUtoYpZAFuCUJ5JBzspWlC8Idgl7EwlYRIqist1VHXUEpjlhOoFpX0n8JvirRdaUjbXcZRFc4wGtaf+IvnNzMptPPU2yriuFvmMM8TtQc3bK4/kPGR1sMPhrpnuPoz6z1H0xqPcq5Plf/dH2hNBxjsmOYSME4Xn3wo+L1F1hALVdy2G4wxk5LtpMf6r0iVuMEBeCtqnRN1zXKP1T43yGn8vp46nTSTi0RcFu+F15EjQMYRDhwG2E3GkgqG9ohyxEbY5QnQ7cKxc0Obwo72EHhWngXKGejIdUdJUd5pnh0TdZHovmr4h/DWssdTJV0kLtGckAL68ezVwqDqPp+kulJIyaEOJB3wtuk1c6JqUTyXnvp2nydTeOT4yobq6ACCqB8pxn0V7DM2Rgew5BWk+IPwrqKLxLlbWFwJyYwNwvOqKvnoZTTztIwcOB7L3Om1sNRBM/On1F9N6jxdrzHg02zsggKFU0ksGZoHEjkjuEWCoEzQ5o2KktORuNl0FLPR5RL9kKluL2OAd2V9S1rZIwRjdUM9AJCXxbH0TaWrfTHw5WkgfsjUsAyiahkbJhvjdV9wtbeYR+adSVYkxp3U5rxIMZxlFkWpSg+DLzQPp3cFPpqqeF4dG8gj0Ku66hEm4aCqWWifE7Onn3TE8DI3Z4Zvel+sfBxFUSOI48x5+y3dPWw1kQfG4fZeCsldG4DHBWmsvVc9vc0Pc7HqCmqz0c3VaHd/qVnqUzAd8KFIHNwccIVqv9Pc2hviN1kKZPGCExSTObtlB/chkNfKxwAOArOnqw/GSN1nKtxicCNkOG7eC8Ak4Vkde7lGza/UMgJx4VXa71TTANcdzxurYHU3UNwVaFSW3sA4blcHCc7lMPARSXSJ2EJGDuELXvnC4MnuhqKBRDv8AaKK80bqeoiGrB0uxuF45fumpaCYxyZIzscL3Jzds5VRd7RBcoTHI0AgHBwkXU56N2k1LpZ883Cj8JwOMBFpKnSA042WwvfT/AIbn09RHjJ8rsLFVVN8rMY/T3XPnW0z0VFyujyW0btYyiPia5uxVVRVuD4Mpx6FWUP3SmOktvKI78wu+kHKTcSNzjClTRNdjZRCx0UhYPoxkKhcZbv8AI2OapoKplXRyGOSM6gQcL6A+G3xNpup6EW6ucGXCJoy0/wDE9Xf5LwN8eW7jZco6iqtdXHW0UhiljOWuBwnV2OLMus0kNVDr7j60D9W+lOIy3lYf4dfESk6ipm0de8R1rBg521e63ZdsduFs+TcjyFlU6Z7JLlGcu9qeHfN0gw5u7mjum0VV8yzRnDm7EK9kI1cLOXegqaSq/idDuD9bPVRrJcZ5MZmu+EPWn+0Fma+a01OY30wJxgnZn2xx+a9U63sdL1nYLf190hUlnUNrYKmgkiP1MGNUDv6sf/KN1nqkUXUVploqmFr2yjDgRktWe6G6iqfhnfj0lfHOltlW4CKZx8o/6HcIVHab5yVuLV/uRWGv2vZ7p8KPiVR9f2IudTGmutBiKup3csfxt7LdMfq7L5365ttx6RvbPi30MY5HYD7jStbkVMP4yf27L2fo7qy3dY2SG92mXxKeXy59HDkfkjjNt4OTqdNF/wCvXxB/+TNQHAjOQu5HqFEBOO6c078qGImLoJyhscNPKeqKCA7crqACc8owIwoQaklkJISBkkklCCSSSUIJJJJQgkkklCCSSSUIJJJJQgkkklCAUkkjwoQbkpi6eUNQhTdW9L03UlEQAG1MYJif6FeTyx1NBUPtl0ixI3y+YbPC91as11l0jT3+lM8IEdZEMxyf6I2Mrbzk8foam79D3YXmwtdJSSO/n0+dh64C9w6Y6noOqrc25W94cw4Dh3a7uCvGBM+KeS21eWVEOzmnbPuFX2u6XL4f3gXS1Eut0pHj044HqQFDVKCmuOz6LXNPuqyy36g6it0VztsofFIN/UH0KsM7FMMbTXZ3I9UwkYTHE5QsP9/1UzkE67uo53RzwgHlGWUvUVrirKbIGHeyzVkq309Q+gmccH6crdTMD8BwyFkOo7TKyoFZSg5YdWyMNSyPutKJoHEDJWPq4WBzoZAC0jcHutjbKwVcOmXBcNiq3qC1MkZ8xA3fPAQyWUaIy2vKPnTqi0VnSN4jqKd2KSckR44B5wr+0XltfCJRjWzGoLWdQWOj6it0ltrWZDjqafQheSUctT07dv4ZW51jyu9HDsVztRp9x9S+kfOShJUTeGj0+krDMME4JWH67sPg4udOzHmy7Cv6asETWvacgjIVhVMhu1vNNI36x+i8/q6MPg+66PVrVUYyef2ypFTTNaXeYDCBdLd83CcAB7TkFClhksV3NPMDp1FoVsZPE4aue0l2Pa3cFD01eDbKk0tSTpJx9lvS5ssYc05BGQsLfba17PmoW6ZBzjurrpC8smpW0lS/zs8oJQDtJY4S+ORLuMJaM4VJUNK2NwpWyREABZispnMy1AaL4Z6KmRoKgyAKylaWnBUGXhUcq9YIrgNwoju6lSKM4chEng5txHl2KiyADf1UqXkKNLwEw5lxHkUWTlSpFGkaSdgrZgtBo7SQUBGVIXB8k6lmIIBV3TedgJKzcb9DgfRX1G8PY3S7tn7KHX0k932kk/y3DAU+mcJI/soMrcNzhct1VpcID3S3yjq1WbGXFPM6GQY7q/oan6TjJws9oI3U6gqdJAPZZpxydnTXfs2FDVasBysCGuYCFnaSXGFdUlSMAY7JUujtU2cD3NxsVHcNDg7CnPLXDIG6juYHjB2SW+TYpZBtcHDHdOa3V5XKPvDPnsEd380BzdlWSbskacuoZBNHwTuOxV1SyMqomytxgjsq1wEkZjlGfRR6OokoKnw9R8Nx4Kj6DhPbwW00eg5wi01Yad2WtyPTKIWiZuc8jIUN8bojuEmSNcJ4Ndba0zRg7ZVs2UNaM75WDoK6WCVpB27rU0ldHO0YckSibqrs9lrsTsMJ3hnGQEKMgbqRDIAcEJE1k3RbZ3S2Vmlw3XKKqfBKaeXf0JRnwuaBKzhCngZOzxYxhw/XKCSyGWgfnsqvqCxU94pHNewE4TrbWGYGKQ+ZqskEkymuDyOmqbh0ncvDfq8AuwD2wvQYKmlulK2eJwJcPNj1XOounqe607iIxrwsFbbnVdPV5pZXO8IOxgpkZYWBL4ZfdQWqMxmXRhw7hZgs07r0iM09zoxIzDw4ZI9FkbzaX00jpI2+Qos55BkkilPn57KdY7u+1VrZNbtGcEZ2VfLlnAQhJnbCTbUpoKu11s+gulb/AB3emDPEDnNGRur5uy+f+mL9VWmsaY5iG59V7fY7sy60jZQRqxvhcTU6ZxZ06b1NcloH47I0MmSBhRcD1RIwByVzJRx2bMkt4GlB4yURrge6TmjshwPi/wBiEm+McpksZJBaF1qKMd0ALWGMZIWOAPdWUTg5gVZIwZBHZFgnPCAXJZLAjKbGSwgALjJNQzjlOe3UEoTgOHEgHKI1QopNIEbuQpDHIiiRkeoXHEaTuEHJ9Usn1S8AYOnlLJXElZYw78pJJK12EyBdabxIxK0eZirYpQQMD7q/e0OGDwVnZozR1jo3HyPOQtNbDHzjOMhZzqi1NrqJ4awF2CtFLl2/socpDtiOFvpt2NMGyvesHzh1BZ3gSNxplgeT9whdI3N9LXNa+Q4ccAZ2W869too641DI/JJnPuF5veKb5CVtTAC1r99u3uvTaeXy17meY1EXRdx6PbqCpdJAC859Fb0M4BxtuvPeir0Lhb2MdJl7Bg78rXxl2BjKTdX7O5p71OCZqYpCWg8hG1bFqgW2QS04ycYUxzs4Kwzjl8G+H3D0kkkK4GAntDmkFZubNLXanN8pPK0+24yqe704MJcG77p8XgBoHUNEjA4ceqgVcLaiB8T8HI29ipNvldNS4d2GEwx4PK6OjuxYjDrK99bR5N1TRmjqCNOM5VDSvJeFtuurfNq8fHlBKwjZPBeA4L6F4+35Ksnw/wCodL8WoyWzTxkqXG7DRj0VaHamNdlTqcnSDnK6DWTi6exwmmai0VJ+XGOQtZbZi+naXDdYG11JhnDTu122Fr7bXjUIiNlzdRXzk+g+H1jnFRkXmM7FQqiMNnJAUtrtQzhCqGB7C5vI5XOmsM9NkbA7S4bqwikJACpIpXat1Z0su2CkDYT5Jw3GPVN3aQUm7YI3TsgjcJczXB8ZHagnoSJqB7oR6eQaFO0YwiocozhQoBH5WBp5XH/SurkvAUF9keblRZWggnG5BClSg8qO5GDhMBAct8Pu1FAwofiGCr1uPkf5SPdTS4YUFjEk08rigzIycgtOPRV0WWyEdsqc76SoTgA8qdi5PCJbD5TuotRyEQHHdCn7IzNa8kWodjBPCkMOqna7sVErwTASOykUDg6naM8IzHJ/cDJOojKh139wfupGcTyKPW/3P5hWuwLOiKTmiOeVDi7gnkYUiM6ov9FEOQ/HutNZz7lk8++KTcUzXAcLyiR3l5XrnxSA+TBXj0pOF6HSf7Z8G+tF/wD5LP8AYG/uuDhInCamSWTyo1u7gpNN/fBR2fUFJh9UcVkbW8SyT9g3bhciOHD802MFyK3Yq0sG5tPomQu8uMIjtxsgMdtwnySaRjCZFAznsWRkjsbZUWU8pSuLnAoEjsjcpsntRzbJb5ZI1SSSB6prcaU9+C5MkOGhZpyyEotckad+Dgd0qVhznCZKS94wFLpo8NSoLMsjG8IfnAwhP4RTyhPIIxndSTywIgnHlR2kl59k+c+hToGHIyEDDbwSIG7DbdSRn8kOIcZRwBhRGebydHunwjJGEFSqdupwKZCORbeCdSxAkbK1gYBghQ6WMgbqaTpYQtlcdqMNrcmDrZNGA1R6aN0kgON0pT4jwArG3whoGRygseToeN0vz2ZwSqSAMaMNx+asYYycbIUMXGArCKPAGyo9xRTs4HMbjCbLIAMIsgDG8qsq5t/KVDU2ooTgaycRZOgbn0VR1XdzTsbbKSQM8vnVrLPHbaGSpfgOIJG/dec3CsdVVL6h7iS4k/kqbwcbyOolBbYkSd4aSc5POfVKjaXOBPdRXudLKAArGlYGt3CB/cedm2+WSIxhcdk5ycJa8HhCq5QyMkcqNmdRyyJW1Ae7w2HPqukNigy8gHCiQND6jLhtnKJcJBkRD7pT7NCjgiP/AJj9WOVLhGGoUTNskIhIAUbwHnPByU9sqJ3JRJ3b7HhDWabyx0F6HFabomyPuNcJ3xkxMOfufRZ2njM87YQN3L3H4e9PNgp4m6dOwJOP1Sp8np/pnxv8vVfK/wAYm46dt7aSjYxrcF2NlOutU+lp/DiIbq5PchSYWNgj4+kbLJ3Otmqap2t+QDgAHYJ1MOT6Tfdthv8A0cgzPO1rQdzuryNrY2huBt7qJbqN8TPFe3dw2Ul4zhdzS1qKyfCPrXyb1t/x+kSGO1bBWtrpjKdZaRjhV1tpZKmTQwccla6kp208TW6RlaZzUT57CqVs9sUEjY4MwE5jRnzbIucD2UaVxJGkLBqNRJRaR6jxP01PWXqOBk0mSIowSTsMK4ttsMMbXSuBceyFaaNriZ5W8bDKtnyNY3C4l17fB+kPpf6ajoaoxSByyiJukKvne6Up88xe7ASgYQQ4jK51luT6LRR8R2npnPI8quaKj04dxslRUpa0FzRvwp8TNJ4WSVhowjrIw0ImBynAAjdNdsECnkRbwgcrxwFEmkAGdl2eUNKhyVAz7ZWzQ1OViPIfUPkoaLTy3PAGocJCQTsFKsemSbSwg7jhZK+3NzZzBA/Tq5K03w+pJ56kVMpOk7DPfC9tRXsrPyL9XeQeu1MpJnqVthEFOD3IUpj9R4QI2kbDgI8Yws97eTxMeIhhwjAAcII4RlnIh6SYkjCEhl7h3XENx2UIOfJqKa77oWrcp4OVCHNPuuEAb5XS72QXS4znsijFyIOLxwVS3S6xUWtz34A4Wb+IHxY6X6IozLcawCbfEY+p2OcevIXjLar4l/G+vdFboHWyzEkOkftrB/QnhaoVY5Zsp0kpffY8RNL118dqSGpNp6caLhONiBtv991X9M/CHqzruqbeetJ300Mv1UxBa7Hod16P8PPgx0/0NSNdJDHVVhOp0rm9/sV6JHhuw7K5WwjwiTvhDinr9ld0v0bYel6RlLa6GKMRjAdp3++VePAA2chtOAutz6pTe/kzN57BkO1Y7IoGQlgJHdJwULIXUP8ANOJBCsE6SMcqOXOyd0nE6sAlcIxyVAghOAT6Krud4hoWFzsE9t1Hu98ETTTwHLj6KkZQz3F2qozjscokiEWtnrLpKJGg47DKtLV0tu2pqnfYYV3bbLDTlpeAQ0fqrV7AcDCuUsLghEgp4afAiYBhSmuwOEKSZkfJVXX3MEaYnfdUk5MhOq7jHEDjGeypqu5zSt0djzuoc9Q+R3mO6JT0ckxBxsU3bjkg1uqQ4GSVZ0FtLMSSDdw2HojUluYwA6VbRwtawOLgB6qSljhEI8FPpBAGEcBseXSHAHqgVt0pKCPUxwc7sMrPyyXe7TB0kmiI9gEmS3ELC5dSRxNdT23+ZMeCqmK2XC5Hxry/DHcNVrR2ynpIwSwF3rhcrrpTUkWoybt7I4ZLDU0VHRRaaeFoAG50quut6o6ON0kk+D6LLXvruQf7vQ4P9RWQrLhV18pkqZNXoPRPhVu5CjHJe3frmeYOjo2lvbUVlZKioqpDLUSue49yU5zVzT7rRCKQ+MBuAOAu5wuJrnAjAKckH0OLtjuglzj3XCd+UxVjJXY4kY5Qjylk+qYmdESydyUwuIXdQHdDVDoxCEjB3CCeUsn1TFQwSSSSgMF7GJiem4PoVeUhuEOS91ErbpR2+MyVUmj0HqsheviVHBGYrdEHE7EuGUMp7ejRCic3hG2lmbFguIA7krNXvri0W9xYyUveP6V5rcOpb3cnEyVjw09gcBVh1SHzHJ9Un5OTbDQRfMzUXT4hXKsa6KDLR6rMPqKmqkL53k6vVTbfap6p48Nh/Raq2dEySgGfbPsqktw1fDQjHQUU9QQ2Fmcq9tnSFfUuxNiNvqV6BbbBQ0DAGU7dY7kKY+IbYaFFHAm3XJ8QKOg6UtlJG1vhhzh3wrNtC1jQGAABSdBTgOUaSRklfKfZHMZ4x+6bhvojmIHfC4oLyA04S0+6IkjINTTpC6e6bk5OAUMpYJjI3V7JYKWQ3c7YUSpuVPAMlwJ+6W5pFqLl0TC4KNNO0buIGFRXTqiGEYjeB+ayF06ufLkNef1SXckaqdJZM2twvtFSjzyb49VmLn1k2TMbX4HY5WPrLhXVT/LuCmx0xk3kbzylTuzwdSvQqKzIm116mqXjw58j7qG4SS775KkU9LSsGfDBK6HFhHhx7rO5NmqvFXCAtoatxBEakR24sGqVw+yJC+5S4DAAEdtsncfEnmO/ZWXKxPsBpoIxguyUhUMBxC0nCnstlGMGRuSFIZFRRDaPjhGIc16eSpBrX40MwPUp7LdUy7yO2PKtXyjYMYMBM8Z/ogK+RvrgiC2U4cDJ5j3RvApogNDQEneM8gRsyuGiqpB9OB91aeCbpe2dD42jAwmOqGNyS5O/h8rTiU8ojLXTEZdkqSaZXyRfsr5rjpOIufugfN1TuCSrxttoWbiHJCK2CnafLCAhL+RfozjYq6U6sO3R2W+qfjVk/daAeGBgAD8k0DKjiT5cFQy01DgEYWotIEitGu0jBKa8HOcoQfkm1hENlthG+EUUkTOGj9EbV7JFx7IlLAvLbBCBjcYHCfp900vIXC4kYV7wsPAXV/iSLtvqyo5JJzlLJ9VN4ttoKZHcZyua8b4ymaCuHS3lwCremH2O8bB4XHT7fShGppgcGUfquGqpsf3wQuXIza2IzEuwRunAl2yAaqmH/FCEbrSRDzPU3EUJPomYKWnPKrXXynzsMrn8cg9P3U3BfDYWmgc90s47Kp/jkB4H7pC9A8S/spuLVVhbZPoln2VN/Gf/AKL+yX8a/wDov7KsoNaabLfT7JafZU38YceJR+iX8VmPBUcsF/xpottAPZLQP6VTG6VBXP4pPjGcKby1VJdlwWYae6pqiCokkJDNk0185OfF/ZMNbOTu/IQSluDjBoXyVR/SP1ThR1GPo/dc+aPOTlc+dqBsH7IcZC2sf8lUf0fuu/w+p9E35yo/7xL5io/7xLGBW26ffOF02+Yeii+LKSSZHb+6XiSf1u/VAhaWWSPkqj2/VL5Gf2/VRS6f+t36pAzD8bv1RtpjNhM+Qm9kP5Wb+kIOuYf8R36rvizj/iFALawH+Sn/AKUvk5huRsg/Mzf1ldFTNnd5UzgiTD+G4bFLS4dk0T5G6c2XfhWp4KfPYRrnkJYf6p4wQu+VPjPIJ+sySSS/IJ+zRJJJKEEkkkoQSSSShB6SSShBJJJKEEkkkoQSSSSgkSSSSAgkkklZB661uo4yuJA4OUAqSwAudu+bhD2bSM3BHKh0sxewB31s8rvuFdNdhUtzo5Y6g19IP/pjPUKm8EjLAy5QMqYQzG4OQq621DqCrEMmdEnl+xVzTuZKwPxkEZVddbY9wNRENweB290SeRvaL1pBGcpyobJXyPJpZz527tPqrtrkwGUcCTo01djUADtc4kDKeQCOUFPBJVp45Kf7MV1r0qJh/EqBvh1Efmy3Y7LvQ/VDrlTmirSPmIfKcnBOFs3xtmYWPGQV5p1j01WWesF8suWSNOp7G8OH/VOhZnsGS38M9GBJGcYRFn+kOp4OoLcxz3BtSzyvYedlf5C0RkpLkw214lgyHxP+H9u6/sTonta260rSaGUjYuP4X+rdhsvlC42ya01s9quDGCaElsjAc49Mr7e0hx37LzP42fCuPqu1m/WaPVdKVpL2E7zt9B6EYXtfpzzc9Hcqpv7GcnV6Tej5MAqbBWfM04L6OQ/zGDstBDPFVwiaF4LHjIx2QnCISOo5WgtxpyqJslV03VeDIC+mlcS1w4GV9p02orvgpxPMayh1vBZ3SgNZAdB87Nx7rLuOXmnqG6XA4BIW1bI2RgkYQQ4AghUF7tb5CaqAZI3LV0os4Gqi1HODL3uwU1ypizQA8btcPVYWSCottQaWqB2OGu9V6RBV5PhTbH3UW8WOC5RkbNf2cnxljs8nr9BDWR+Sjv8ARimS7AnCNqBPIUetoJ6GoME4ILTsexHquxkjA9Fc3no8dbXOmbhNYZIThumA7LqWJkmxySakoAORkFGUCQkkkhyoWdA7p2NsroHddUKbBkei5gomAlgKEyDSRNPuuEY7qEyRkkbBSwVCYApIyShMEdJOSUBGrh4XV1qAMAQMoZAcNwjpuCltZLj9uCHE+otldHcbdO6CZh1AtK+j/hb8WqXqyjjtdzeIq6IafMfqXzvJGHdsoEMtXQVUdXRyuikjOWuBXG8n43+ZD7Vyj3n0f9Z6j6ZvxzKuT5T9f3/6H2jJ9WwwlvwV558L/ijT9V0rLbdZWsucYwXOOPFHt7r0VudS8NdVKibhPtH6l8Z5PT+W08dTppJxayIN0pOY14xwibEIWC0/dKOqkmAki0dlGkibM3S4YVmA1w3GSQgT0xaRpCYngTbXkyN9sDZYnamBzXDfZeCfEb4YOL5Ljb4tLhu4Acr6cnaXDThUl1s0dVTuD2BzT7cLoaXWvTvg815zwdXlKtlh8VQ1NVaaowVQcG5wWu/0V/DOyZgkjOoFeo/Ef4YU91pHPpIRHUx5c1zRjK8Rk+f6aqjRV0btjjcY2XrPH+Rje8T4Pzp9RfS9/i7XOK+z9mmYdtwo9VSidvlOHA5yh0lZHVNbJGQR/kpQdldn/B419la2pnpJAzjdXNFXGQNJ3KizwRStOtozjlVvgzUztUMjseimQHXuNfFKJAGuCZV0bS3LQqKjuk7XBr8fkr6lrRI0a+6KMsiJQcXwU9TRlrstbwomXxnLhwtU6GOQHYHIVbVW/Tu0JrDjZxyRaC6TUUjXsc5hz2K21n6sZWSNindv6rz2phLXDCGyeanI8J+FIzaYu6mNyPYJpBO3YfZUda10ZKpbF1d4IENc1xZxqC1PiU9bCJIwHNcMgjdNTyYJ0SqeMFVBXzU7/KcbrU2jqtrw2nkcPuVlq2lDCSBhV5c6GQOacEJqA+KM1yeuwTxT/Q8OKI5uQRlebWrqWaglBk1Fvstta73T3Fox5XHsSjMtlO18EuUeZNcjSDIBCjvGMJhnOphwRglI8IZJzyqayWnhkG52qC4xeHI0Z7HC8r6j6ejiqZP5ZBBXseoeqqb3ZYLlEXNaBIBz6rLbUdLS6twZ4JW0JicQARjun0FYR/JmO/AJWsvljfC9zXMIwslV0L43khh23WGcGnwdyvUK1cloyTUcLs0WW5xvjZQaCpaCA8nPG6s86hhILlwQYJXuIp5fqHPsjSwB2C3CU0Xm1tG4Shl1eUjhQieRlLWVVqqo6uke5kjDkEFe9/DzrqPqWi+WnIFVC0age49V4NKwOwcJ9ur66z1sddQSmOSM52PI9CnVzaZl1WlhqIPK5PqjVnfGEGdusYxyst0R11SdSUjYpntZVMAD2k8latztuFrjJNHkbap0WYkjMXKgrLY83G2O8ucyx45Hsot5oLb1badLhrcG6muGzo3LUTZJAIVBXUElomNxtzCWPOZYhx9wEQ6Da+5dj/hj1nLSvl6E6pOrw9TKcvOS48YXYair+BnWEV0t0pHSV7qCysZvikm7hvod+e+FUdQWWn6ipWXK3nw6qHzBzdiD6K+6M6upOtbNL0r1M8mRzSydh2Mvo/Pqq65XZpbgpN4+19/+579brlRXWiiuFBUMmgmaHMe05BBUkEcgr5x6A6mrPhZ1Qzoa/T6rDXv/ANzqpH+WLfj9wvoaI7c8IYy3cPs42p0/wS46fRLa8ghSGyDHb9VXiTdGZICjMxKXclMYcjlOVECAnO5TwRhAT1CBcj1SQATnlGBGFCBEkHISQkDJJJKEEkgpKEEkkkoQSSSShBJJJKEEmpyaoQYkkkoQYnM+oH0TUs43ULTwYz4hdCC7g3q2sDKuMZIb+IBeYOLsup6mPDm+V7HBfQYnzsRssJ150X86DdrVGBK0ZkYB9Q9kZoqt5MH0zfarou4+NSuc+3Tn+ZFyG+4HZe2W+40dzo2VtHM17JADzwfRfPj3E6mO7HcLQdF9UusdX8vUuc6lmOMZ+g+v2TArYb+Ue0EjPK4cY2QIpYZ6dk8E2sO3yCu5PqVWMmVrDwzh52TDwnpmQmFAJBuo9S3xIzHpzlS3hR/VGWjBziSz3F5wfDcc49FdRTR1UWpp1NcFJvFtiqskjBws/b530Mr6aUbAkDKg2JU3+2MpJzNG3DXcrzT4idJC+0kdxszmfxCk1EDH1tOMj9gvcayGCqjLHgEELF3W2i2VOss/kv5cOyCcFJHQ0urnp5qyHZ4j01fRVRmik2ljG4PI9QtfR1gi0tf9JOB7FZ74kdIPs9aerLK0NpHgGoYwfT/i/wCqdZL1TXakY1r8P0jnv7rkavTez7b9K/USshHcyf1vYvm6VtxhxqYNyFm7NWNqWGKTZ7Nit5bZRVQPt9SMnTgZ7rz++UMlmuutrS1hd6Lz19Liz6hVqIWRUovssJoQ7y4yCs5V0tTaqv5iEnQ52duy08b2zxNkacgjKFV07K6AwkYO+CkYNce9xdWa6QXaia0O/msbgg91EutKWncbHdZe0V0louAjfkAO0lb5wirIA44IeMg+iWaoWfIsMxVVHg7BV0zMZV9cKYwzPYRt2VLPGQ7KAw6mJXVAxhRnHIU2UHZRy0gIoxyce9EOXnZRZeApUg3Ud4zhGjmXEN/KFIAQpEiiSkjgqzn2oCWjPKJH3Qng5CTSPVD0Ii8MmN2U+3VHgzBpPlOyrWozXEbjsqlHJu08pRllGrIEjBjuFXNkNPV5x9Ck26UyQsa7kjZMrYcO8Ro55VHbjLK3F9A9tRAJB6LsLvBkyeFU2ir8LFO7fKuHMyEtxyjpUT+3Jc0NS14AB3VxDIWEEbrJUc/hyDZaGmnDmjHdZZrDOtprs8Mu4ajUBkooI7FVbH5UqKXYAoDpQtwPnjBGeSh00mkiJ4wpBOobhRauFz264uWpc+x/ZKkjxwos0IkaNt06hqnTAxSfU39wpDmqm2y08DLbXGM/LzOOM4HsrSZglaFSTwZ/mM2I5U22VbpWmGR27eEHY+FgQt8N2yn26sMZ+yjPZq3CjeKY3cJUo7jTXPDNtQ1fijdwU8OwM4zhZC23DSQCcLTUVW2ZoCzOODqU3L2XNJUCWMsPICcGYJ2xlQ4z4ZDgpjJw4DI3SZ5XRvg0ysuNJLTk1NPkjkgchSrVd2VYEUpAeNvupxaHAgjIKzd1oJaGb5ukBwTkgId+eCSNW0aiAqDrDpOC5U5qqaMCdoycDGVMsN6hqmiKZwD+Ar4uDhsiRnksnlXT11qKCp+UleQAcYK18sMFwgJaAcjcKv6y6WE2blbW6Zm+ZzW9/dVnTd4e4CKeQB7DpOf9UeUDjJV3i1S0criRlhOxVO5ukZBXp1XSQXCAgtBJG4WJu1okopHFrToKsU1kphIS4ADBWy6L6rqLbUMhnlPh8DdY/QM5T2vLHBwOCFnuqU0MqscGfR9vuENwhbNC4OBG6mZJXkHQnVslHMKeeU6CQN165FI2aNsrDlrhkLg6ijDOzTZvRIiJzyju4CiRfUFIHZYmsGocRhdBSHCadkqSyEEIyCEFhdE/OEYOBOyUjA4DGyAjJEE22McqU12oZCqg7wyPRTY34AKAU0Hlj3BA3TmHB0k7hdbugyNLZdQ7qAEsbpITHAt5TkIGcD0kxJQrIkkklChKmvUJJE4bsNlcoFXEJIHMO+QmxeBpQwu1s3O+FGnGCusd4cro/RPl3wR3WusMyXWtrFbbnODMubkheRXClbV0kkGnL49179WwMqqd8bhyMLxe70jbVepYj9Dz6L0Ggt+3acTydHc0Znom6OobmaaR2kZxgr2agmbPEDnfC8FvsL7ddW1kI0tLs7L1fo+6iroYna8kAAroXRyjm+P1LT+ORtLfM6Or0avKW91ctdqGVQ5GWytVxSSh8IcfsubOOGempnkljye+U0jTsu/X7YSyHHB2ISJLJrGtJ3yotY0Sx6COVMe4ABR5cO3wiiFNcGfpZDT1b4H7NcdgpEzRqICDdY/Dc2dgwco589O2QjfAWiqe3kyThuRR3+lbVUT2aNRAJXjt0h8GoczGNyN17rURCRuPbC8e6yoH09doeMeY7r2/htT9qiz5b9W6HCdpAidqpAAclGoKt3jeHK7O2Aq+ieNJhJ4Tg8xybheqi8o+aSs2GqpZG+IDlaeikAbrByQsLRTHDXglaq2VOtpzzss99e49V4XWYwbSnnEkDfVEAJjdk9iqWiqnNw08K3ZLrZpAXJurwz3tFvyRyRDhhHupFNJuMKJVZa8HCLDJsMBY5vbwPrkslxFLsNkQ7nKgQy8DClg5GUp8nQraHruojuuZCSAbCWOBLjhkLqR4UGADyuLp5TX/AElQWMdjB+yiHlGeTkjKGjFylgrblEdIewfT5inxymVoxxhSp4xIwtI5BCrqR2lroyPpk0/kr6AcsElJOyACMoR5VhJ5OHg/ZQ3gh2/qpSDINwhFME4kEAFceCW5PYJkhAqDvsiuw6MJsVkzTlgiTtD6Rx7nsh21xMGHdkR24x2QqUgHCsRnLyOkyZXOCjV5HgYz3UyXDSNuVX1YJHKtdgWkSE4djthCkAMuR3TovqP2Qnc/mnROdf2YL4r/APYmn0Xjx4Xr/wAWtrS4+hC8cZwvR6R5qPhX1tHb5H/oNIySlp90mpyJtpnkQKlQ8oLVJh5CfAZ+LJkWBjKfq9FGc44C7u7umD/l2omtI33CZLKcgAKNG4t7koziHc9kcUZ53blg5vuSocpJ2ypbnABQ5iByVLFxgTFZYJuTK0E+qHVOAAGQjacAnPCgzyefCyz4H54HwNLn7qc0YCj0rRjOFJUgsIqTyDPBUZ5IBClHhRXO52RNIFcANy5TYGAAOUaMZcpzG6WjZL7CsnxgIABwkkkrQo7G3zcq0ootwoMERc4EK5pYtIGybXHBltlglMYGszlR6ud2khpx64RnvDGkKBE4yTY9SnN4FU1u6aiTaGF0zQ9w7q5gi06QNsKPRw6GDy4VlTx6nDbhAe20OmjTHESTTN2zhSwRjGFyGMBuccdlGqpwwacKHVX2obW1Bj2aokY1EOdgpOJmIJUO918Vut75TtIdmlU3gz33KEHN+ii6svBmm+Rhd5WDfdZedxGBzlKeoc95keS5zt8lBDy47hLlLJ5fUXO2beQkLMODiN1Pbs0YUaMYwcKcz6AoYpSyDKrayo1O0N3HcqbVTMibku39FXQtBfkoLGFBBomNYwP4KiOJknLjujzPAbpaMfmh08e+4UHpcB426R9kGbcYyjuIaD9lBlcMnzJNjwXFDXuP3TQckhcB1HdSaKkkrahtPH+Luky6NFVUrpKEe2ar4f8AT8lzr2zvjzG1223K+hbRb20lLHGGYJ3+yyPw+6ejt9DC5zOG5K3ocIYHTEbN4S4J55PrniNHHQ6WNS7ayyD1BcBS0piY7EjxpHsqK10T6jzOHB59U2tmkuNf6guwFo7fTNpoWt0jJ5XQoRzvO6qVVeyIYR4iGRuBhAp6WWqnETBydz6Ke9oc0ADnsri3UEVLE06PMdySunGexYPinlqZX3/ashaG3R0kTWRt37n1U76QuMeAM43QpZQ/bhKtsyd3w305JNSmuwjpuwGcotBE6WYZCi08L5ZMN/M+ivaaBsYGBuO65OpvxmJ9r+mfpyFCVskHawQs0tI2USolc7yp00uDgEpjYzJg4XGssZ9JogoLhDYoy9+4VrRU+CDp7IFNARjyq2poCADpWSU8mnDYeFgDQCEdoAGyY3bbC644GUqSz0TrseThRp5ARjbZcnqBwq6ep24TIVOXRyvIaqGlhukxlZPoJwQcBVNTVubE6TH0o9S8vduVn7xWlsogjdwMuXqfG6PG1tH57+uvqSNu6EZFc/xayr1YJL3YC9N6JNQx8dJTszpIJOeFhen7dVXasbT0seTnzO7AL3Dp2w09opGsjaDIQNbu+V27bNqwj4DqbPkZbBvGQiNGAkBhdWGctzMQ9JJcyEsgZI8Jqa/6SjIMfyUIlOJyUlCA9PunNTts7lZbrr4i9O/Dm2SXXqKo8Nv/AAYm7vmP+EJkIbi4pye2PLL643KktlOaisl8Nnqvn7rv4/3O7VbumfhpSmurnkjxyBox2x+6z9bcfiL8f7i507pLT045+ktLMah98jK9n6E+GvTPQ9KyntULy5o/vc+bPrlaklWsmxKrS/7jzL9ev+p570J8AHV80fU/xLraq4179zDIcNH77L3G20VPbqZlLSQtZGwYAAwpEbC4ZwfzRI4yDu390iy3PCMd18rvy/7ehxBOEmtdqzhGa0YXcBIEc4wIcLq5kJZCMYdXDg7ZSJHCZj3UCOY90wkt3J/JLOk7u4UCsuMcWxGeytLJCTPWR07C55CoKy4y1Mp0vIah1L6mrkLmklvorG3WbU0ST7E9sJiwkQh0dvFbKC9mcclaCmt0FOQ5ozhEgpo4RpY1Ge8Rt1HhLk89EO4DRsoVXcYoGkOwSolwuunyxOVNNUPqXeZFGO7shKq7j4hIbwVAw95yByitoZ5XtLRsreltoLWhzQEz8CEKjtglAfMMHsFd0lEIhhqdII4Gtc4Ywok15x5KcAke6pveQm1U0NHGZJDx29VTXC8VFWzwKOMtjThTV1wlL5dm9vZTGU9NRNHikDA9EDzksr6CzulLaiqJOOAVZTOpqZuHPawBUN360o6EllM/WRtsvP7p1JcLjK7VM4NzwCmwg3yWo5Nje+tKalcY6ZxeRtssNcb1X18ji+ZwY7sCopJcS5xyfUpp0n8X7J6rGKOBo9+Usj1XCRhBJOeUa4CjHIQkY5Qzylk+qCjGdCTclcTUaWSJZEmJISJvAaWRyanJqhXQ3JXEjsubnhRvA0Gkl3wk4tb9RAAQuWA0s9CSO25OAqO69Y2e2Fwkl1EdvVYS8fECurpJI6EOii/DlL3mqrSTnyz0G59S2q2BwqJwCOPdYm8/Eeol1R2suYQdnkLFVFTUVMhkqZnPcfUrkUbnnyjKjbZ0IaSFazIkVlzuVxkMtXUySOPq7ZRmQul4BWjtXS9fXNY7wtIO5z2C19r6Tgo2h8haXfZVyX/Jqo4iYKg6ar6pglZESO4IWrtvRUEZbNVhpOOFq4IGQN0MAA9giaCqSMlusnZ10QaehpqYBsMLGgegUsAjG3C6GHKJpGB2RiJScuxNJxuu4ynNXVBLA4C7jCS4eFAhFDPKRO64S3G5wFA1yLI9Vx24Iyo1RW0tMMum4Hqs7ceraaIkRPO3uglNIaqJy6RopXCI6ncKtq77FTNJY8ZCx1z6xdL5YyTn3WfqbrVVWcuwPuk2Wm2nRTfMjWXfrAfQH8+hWTuPUNRM4+G4791CdHJK7URlcZbpZDkHCTKbkdCuiFfojvmqKg6pXk/muMjcThrc4VlHbgCA79VKbFBBp0R7oJLI7hdFZFTVJ2bDj3UuK3VDjmeQBv2Vg2QFuzcYQy4uPKAGU2wbKaihPmdkorZKYY8NiZ4WoglObHx2VpAuX7HESE5iaF0GU/W5Ebwlpz2RdgbsjcOPK54WXZJRMH0KWh39JVZBOhjcYylho30rukD8ab4jBy4D81TaRGmxzZdGzW7IniucM4QfGpxuZQCEN1ZTD/iD9ULmkH8cn6D6yTuiBmRnKhm5UrfxgY90N17oAMGVV8iB+Of6LEjOxeuaB/Uqh17oyciTOPdDN/pSOTt7qfIH8Nn6Lvn8YXQ3HdZ53UNMAcZyFEPUpzs84+yp2F/BZ+jWac8H9lzSP61k39TvDfLkqP8A7SSnOdSBzGx0036NmQB+MIRmaO+fzWMnvkzuJHfqo/8AEap+f5hVfIH/ABJG6+cjAyXDCC660n/eDZYf5urLt5SneM4D7oPkDWk/ZrzeKQfjQnX6mH04z91l2vTQMKnYGtLF/kaN1/IO2MfdMlvkMselsWXnkuCoMlLJ9UG4L+NCPKRJll8R5dnCa07/AFFCSV5ZahFeiS1wI3P7peUqPk+qWT6qZZW1eguB2ASx9kLJ9Usn1U+UskANG+yWx4wo+T6pZPqUMrMkXYbGFzA9AU1yQIzwpGxoNrIg05zhGD8BMy3HG6bnJVue5g7Q2cpJrCnI+ymdyVxJJVgrA9JMSUwTA9JJJWWJPHKYnjlCgAjQMcJYHokD2XURZzAXDjGy6eEEh2VTeCjrjgEhAdORvjCkYPom+E3u390Eo5CTS7I38QiDsEo0dwgdgA7p5pqdw3jCC6207s7EJeGnkpuL6JsVUHNy3cFGZISAccqlNuqGu/lzHT6ZTdNXGdJL9vdVva4KVal0z9hkkkl+TT9hiSSSUIOT0JOUCTyJPSTFCxJ6SYoQekkkoQSSSShBJJJKEEkkkhEiSSSUIJPTE9UUxZTiARg8FNTwcKmsiymLH2+pLHbxSElp9PZTGt8VSqimiqIzG9ufQ+hVXSTPjldTSnBbwT3CHoKMuSquFNJS1JljyCDkEK4ttZ81AC4jW3YolXTNqIycb4WfaZ7bUGSPOnO49kSeRje5GqXWqHR1cdVGHsdnPI9FKDtjsmCnwPyPVdQd85RRuFCg0ZG+6ZVUsVXE6GZoIcMfZDGRyUQyjsFa7KZ5BeaW6fD++fxCMudRTPy7SOxK9Rs9zorxQRV1HOHteNx3aVy8WyC80MlDUsa5jwRuM4Xm1qqK/wCHV7db7kHPtc7tMUg4Zk7ZT4ywLlFSPWQcHIKedxpzsodNOyojbLG7Ux4DmuHBCls5wtldm3lGK6rJ4H8a/hc+3um6xsdKH031VbGjzNJ/F/mvGJYqesidT1LAWuGxI7r7ikjjmjfDNE2SKVpa9jhkOHoV8u/GD4Zv6KuJudC7NqrHFtOwDaE86F9N+k/qLGNPqH/g4es0m/o8khmqLPVfK1Gp1O4+Rx7K0lI0ZHBC5LFFWReDMATjYqtp6mWimFHV50ZxG8/5L6xTYpI8vqtMoPDKe8WmXDp4eQckeqhUtfhvhzZBBwtrU0zXxgH/AOasdc7VLFO6QNwCdsLb9slyeR1tFlFm+oZcbfSXanMchGRu1w5CxtwtNTbX5f5ozw4LTsfNE7G4IUwRRXGB0c7AR32QtbWc7UaWrXQw1if7MIxxxuig5VtdunXUgM0GSz/JUp1MOCCqPI6rSWaWe2QVJNDwU5QwYHJJqShRISHKZH3T1Awg4XUIcogIwoC0dSSSUKEkkkoQ5gJEDC6koXkGR6LmCiYCRAwoXkGkukei5gqFgUkklABqaQMJySANgiN8IL2ghSE0tJSZRa6CjPaQ4Zqy31UdbQzGOWI5aQcL6U+F/wAS4OrrcaOvkDK+laNQJ3cPX/5fVfOLmZ4XKKpr7XXQ3G31ToJoDlpHf2K5PkdFHWQw+z3P0X9Zaj6Z1HOZVyeGv/Y+y2SZeEc6XgYIXm/w0+J1F1dStoa9zYblGMOBP1+4W8MnhleH1FEtPPZPs/VXjPJ6fyenjqdNJSiw5JjIHZEa8PaENr2StBB/JMLHsOWkpTWToZzyMqIQTloUV8ZA4U+GUSbOC7LC2TcbIlwLshvM5W2qKoJIaD7FeX/EP4X22/08j20+Kn8BA7+69lqYjFyOVW1FN4h1Y39VrpuaZxPJeLp19TqujwfEdxtl46OuTqavpnxxatO/Cs6G4wVQ0sdg4zhfS3WHw+tHUtJKyqp2mVw8rvQr5o6v6Iu/RFyc3Q90GrLXBvZes8d5Hd/p2M+BfVH0XPRTd+n/AA/wT8gg52QTG1wO6rLfeGVH8qR2HdirFhOec/mu45LHZ85sj8csEaSItdlmyNRVk0LgJPME/Tk5chzwggABSKwKbUuC9o7iH4BI3VhhlSwbgLGxyPhcCCcK6oLo1haHFMU8iZ0vtEqsto+prVTz0bmO3C1UNTFUsw0ZyotTRNfktTEBGbg+TNuBYN9lY2m/VdF5WOy0HgodXQu/CMKA6F7DwjTDli031Lc6e5U4yG6iP3USqgx22WRgqpoCHRuLT7FX1BeDOAycjPGSjUsmeVOOh0gcCOyl0N1mpMDJOOCDgocjWv3CjStwUxyQmVanwz0Cy9T0s7GwyyYdx5itACHgEHZeOxuexwcx5BC01m6tdRlsVU1zm8ZRqWTJqNJtjugbmVpCjl3IOyJTVsNdEJYjsRwhzsccaNimmFxa7GteTkk4Q3PKF4jWTeDPJpICe4g8cJbWRi4eSvu1riuMLstAkxsfVecXi1y00xinj4OQcbFequ4VTdbfBWxFkjd+x9FntqOjRe4dni1fQTU0peAdJOQQjUNbqxFKd+xWlutBLTzGKWPyjg+qzlxtb4nGeEbHcgLn2VtPg6kLVYuScTlBkj0u8Rn5hRqGt1YhlODwCrIBpCWHyiM15JwQnvjDlySM5yE9rsdlfXRB9DcKuz1TKukkLXtOdjyvbOjeu6W/U0cMzg2paMEE8leHSgHfCJbrjUW6pbU0zi1zDnY8p9Uv2ZtTpoamOH2fTTmCXG2FFdNDFVilmOnVwSFkekevGXcMMrw2QABwPK276SC7U/ldpcN2vHLStKeTzltUqZbZFTVW+S2TGsohrgcf50Q/zCy94sbxXMv9kDoKiE6yxv4gtfBVz08v8PuQxONmv4bKP+qK+gbHKXxHGeW+iIisxwU7H2f4l9NPt1WQKxow7bDo5B6FTfhL8T7rYbgegOu5iKyBp+TqJDnxmDhhd7dlS3O01VnrTe7M0jUR81A04ErO4+65f7NQ9fWGGvpXaK6HLoZGnEjHDGxS8ewlCFsXXZ+Pp/pn0eyq1bAKRFIcheIfCD4qVFXKei+spTFeqfZj3/8AH98r2WOXIGyYjkX6eemltn/0fpotWSZCO1wcqqOUsICmRyAgKCCWkg5yuq8ECruSuJISBATlPBGENLJUIFSTMhcJB7qECZHqlkIQPqUh7lQgXISQxn1T8hQh1JcyEshQg1JNSQkEuHhNSUINPK4kkoQcSMcoTu67k+qYTgajwoQZ/wARFBBbjIwo+cpuT6qFp4MB190SGB96tMWHDeSJo2PqQF500b6XDB7j0X0Q9gkbpduDsQvNOu+hTCHXW0RbDJkYOU2MsG2i2PUiN0f1a+2vZQ1L8wO2BJ4XqEb2SRtkY7LXAEH2XzzDVNB0PBaRsR3BW96M60NOW2uvl1sdtE4ncKwba08yiejEoZJXA7UMg5BQkwyNYCnhBf3TtXsundGUV9U/B3CoLtR4cKgNyfutJUxatwOFW1TA76goOjLHBRU9U5xDSESut8VfAWTY42ylWUJiJngB9S1cgqssw47hQan7MNcqMQCotVdADTT5aNYyF4ZdrZW9BdQEyHXQ1DiYHDgDPB+y+o7tbobpTGB7Rqx5T3BXlfVllFdTVNlr4B40TS6JxG49wk2170dnxPkZaS3go6CvFTHHVQOwS0OBBU/qO1s6gshqYmjxoRkkDkLz2z3Go6buBt1xDhC84Y48Ar0i0V7In+E7Doph67briazR/buR90+nPNQuSrk+zAWSpfE91HMSHNJAyrbBjlDsbFM6vtRtdyFZC3DHnVt6J8UzK2kEjB5gMrhygfQK7Morr/bfFArYRuNzhTulL14sfykp8zdt0almbK0xuHHqs9doH2qqFZS5ac5OO4WWawx0XKEk0bS5UTalpkA3wspUw7Hy8LV2iujuNDHM0g6m7j3UC9ULWDx42bH6gEId0fkXBkJo8E7cKHKPZWVQzc7diq+RpTos5F9WCDIMlR3tU2Xn7qLINkZyrokOThQ5uVNm2JUSTlQ5ty9EaYYIQ4ycoj0E8hUYZPayewjGcoqhRu3G6mN+kIG8cmuiW4tbPMQ4Mcds7K1qcSR6QRys9TSeFIHnj0V7IxzomyN3BQp7uDt6eeY4IocaeZkg7LRUkwqIg71WfnG4U21VOZBCUGMcm2mz7trLJx0OBCtrfVFwAKgSwDGR2TYJvCkGUixc8HUonslk1ML9QypUTsEbKsopBMwHKmsdntwlYOrCzdyib4+BvunRvaDu4HKhg+pXN/6sIHHJqhZxgVax9K/5iLPqplJVipiDxzhCdIJY9DhnbCgNM9JU84b/AJqsItWYZcubq7qE8PgqWyMBxnfCkRTNcMhdmp/EaNPdANjInU9SJMjYoc7AeAoFJIaWpGo+R2ytABMMgoO0aa5Z7IzJXxOGFf2u5Na5rJDjPCoJGFjuEWCYNcMpFsMGyq3az0KmmD2A5B2UqN5Dhssva7iAwNyStFDK2VgdhY58HYqtyizhw5uSRlNnjbIxzHtyFFjlc1wwpjJWuA23CTn2al9xjrlDLaKttRECGk59lrrTdqe4wNkjfvjzN7gpVtFT19O6nmYMEbH0Kwsrq7pi46m58Nx/IhXuyIn9p6U9rXtIIzlef9XdOut0wu1BlgLv5gHB91s7Rc4LlTNljkBONx6KVUU8VVC6CZgcxwwQQhbeRa5MfY7yypaxmRqa3dWFdQsqmEOaMOH6LMX20VHTVe2op3HwJHbe3sr+2XH5ula/IJ7ooybIY262ye3zuDm+QnylVsgJxhejXGjiuEJjlaONvZYi4W2a3ylj2nT2Kc1lYEtEKOokppGvj5XrHw+6skqGtoaibW3G2TuF5M8A4J7KVaLq+gqg5ri3J5WG7TqZrpu+N8n0k1+2cbFEbNk4IWW6U6niuVKyGeQGQDAK0g4K411OyTOtXapolNOUjsgwnfcqQHZWOcTQcBOUZpyMlBxghGj4CWWgczDkHHCJTTnUGkcIhaHtxhRZGGN24QAFvE9rm4yASmuG2VApp98ZU2OQEbqACiJLsZxhSGoT24GtmxH7p8Tg9uQgAHpJJIRQkkklCDVw4IIIyF1JWuGNMze4DSubVR/SXYI9EwESRteDyFbXeAVFI6PGc5Wfo3luad53ZwtdYbC6cE5XmXxHtckcwqWtGOQV6fKMkFUfV1qF0s80bWjxGtLguno5uMkzFra99bPCrvTNraMtI87QpHw8vJpKo0Mz++BlPraR0ezCXBow/wBiOQso2Z1vunzMJxpOSF6SP+ojyG/4LFI+iqdzZIG6eMKXbZyx7oHn3CznS12judsilB3LQrd8nhTRykZGcFZL68dHptJqN6yaVji0AkILnkTA42cjRSB7W4HYIUrdtYGcLFJHXi8oeSXITtgUSMeJEHd0wtODgIIob2Vd1Z4kBAbuFEpHvfTBjz7Kyn0yAgtVXT/y6h8J2adwnx7FTXA4tJBOVgfiRQRmmZVafPk8ey9FOAdOd1TdSW6Kvtc0BZl4aXNPuu74u912I8v53Qx1GnkmeGQyaZASNypNS3U0EbKPOz5eqdEfwlHkeXxZxsAvoOmsViWD4Nrq/ilJfomUFUWtEZG4Wks9QXTDJwFiqWcsn9QdlpbfKWYcN8LXOvKJ47VyhYsG3ilaSC3CtKCqHihrjss1QyF8eondSoqoxPDsZWC/T5Poeh16cMZL+v0tGoFRaOoDn6dkdoFVR5zuRsVSQl8NcGP9eFybqtvB1qtU8o1MQyAcqS1/bChRvBARwRkHOVhawduqe5EnUSnoI2RG8peDSuQiR4XARhIkYVDgbu6AeT91Id3Uc8n7qFA5OyE9FehPGU6JnmMVWfJWPjxs4ah91aOGQQqus/lSxy/48E+yqTyBIkaieSuJZBJIXHHARqPBENQ5+F1zhnlDl3xgoNnIMpJESpy3z+ieCdAGUOpH8o/dPaQWjHomLgzWPIFw5Cj0rtUr2HYhSHEAlQ2Eir2OMlRCSTUHGFDrfpKmz7YJ4UOfsmLlCreitGxx3TMYKeNq32ITJx2CYngw29mB+LWTZ3ntsvHWcfkF7H8Vd+nge5K8cZx+QXd0LzWfDvrn/wDMf+gxqIeENqJnCdLs8aDj+oqUzhBjGE9u2VogSfYXX7Lo5QBISdgjA5GVogTOQo4CbkpJivoA7qPqgTHfAKIOVHdnx3HskzlkOKHvOIXO7qvaS6TKlzHDMZUaEZcsrllhImxABgwnrjdmrqNyyin2cco0gx3T3cIOcuUDjwgtOwE7qbsAAAgwR4buEUYHdUIn93RxEiaSRhDHKl0zc74RQXsCcsIl0kQ2yFYtcGt4UanZp5CLUP0MLk9cGOxtsZPPk6AOVJttMMmaRnfAyoVHC+pnD/wt5yr2JgyANsKHc8Zo8/eyTC3JwArSni0gHG6iUkOcEhWTBpGFD1tUVFZOnyglVFTI6SctBz/opFwuAZ/JiO55KiwswA93JUJOQ9zhCzUfRecX27VFxrHmR+Y2uIa3stP1befkoxTQu8xGSsMQ6U6iEmx/o4OutcpbfQpDnCPE0eUqOAc4UqAHZVFZOXLGCQwABPe8MGSnNzoKh1TxjAKuXBnxyRqhzpZclPY3DclNY0Odk7psz8AAFKk+RsVxwDkcS8bqRGAGhRWHU7dSMgN3KLI3sbO/QM+yr5Hl5Rq2T/h53O6C3ON1ksnljoxQmbnC9C+GvTMlwrPnpmfyWnbI5x2WNslukuldFTxtJBIJ2X0R0VZGW2gjjY3GAAf9fzQKW49Z9M+O+a16ia4XRo6KFkMTWRM0NAxhQ75XOGmjifjbLt1avLKaB07z5WgrLAura0l2SXnKfXE97dP4oORYWahy/wCYe3bgLQxRknjYKNQsADYmN4GFbNhGGtAW+pKKPCeTsnc3F9sPbqUSO8Z7c44Vq/DQAFHjc2GJrWjGyYZwBv3RSngzaHwsd2+yIZ0pYMJkEb5XIIf4kjR6q8o4PDAOncrFqL1Hg+jeE8PXOSm0HpKVsTBlmEd7gG6dt08ENbxjCivy92MrjX3bmfRaaVBLCGlhe5T6SDdp0/uh09O52Nsq1pIA0AkLDKWTbGKHw0wwCG4U5jQ0DCaxoaON13xMLNJ8j4xWB5IHKjzShwxsuVEwHHoq6eoGMI6k5PBxvIa+GlTchVM2+MhV8spylUSEkHdR5ZARsF6Hx+kbeWfGPq36nbraiwFwq2U8etx3PAHKo6O21t5qjHTM1yPOSFaCjqLtVtpYIy5x2+y9V6R6RpLFSNdJE187ty48hehrxRHB+dPM+Seqt7yc6N6TgsdGxojHjOALiecrWNYGDACY1EQ2T3vJwJS3MSSSSQCJNyU5MJGMKEH5HqkcHugEnPKWT6qEH4907IzhClqIaSF1TUv0RM5K+ffiD8arl1VWy9N/DN8jY9xU3Jp4b6R/vnf0TYVSn0Orplb0ar4tfHmz9GtdZOn4zcr2/AZG0Zjj9nrC9NfCq/daXQ9VfFSvNTUY/k0oeSGNPGymfDH4R0VmnFTV0oqK1x1Plk33PsvcbbaDAPOQSedkzivhj7bYU4rq79sr7ZbIKWFlLTNIY3bCu4KLwsFS4Y2R/gb+ieRlC57jF28saxjWtwAnYCWQNkshKwCdXDwmrh4VkEScrmSmEjJTXPAChB0smkgAoUtUI252QnvxklVlTV+I7SwE42UCD1VxOnQ0jdRI4Jqxw0NJHqpdNZn1TBLUeUnhXdPSx00bWMaNhz6q08EK+jtBiAdIMKz8MBuzeER7/CA/zVFd+oWR5p4Tv3KHLZCbV3GKlB1kKhqr3JVHTG7ZQXyz1xwXalIorRKDl+2co0kuWQE5s8zstZnPKsKK3uyC4YKmUtEIgMBFmlZTM1k4PYBWp+iBaeFsDNR2A3QKi608A0RnLlXy3GepHhA7d8d/ZWFBZWuaJKnGTuBhHnPJCK6Wqr3YjGQVOpbR8q0S1BUuX5O1xeISG47LF9S/EWOMupqFxJAxkFXBZeC8GkuN+t9siy+QZHAyvOr/ANbz3Bz2UupjTtn1Weq7lWV8rpKmUuHYeijZC0Qp4yNjE6XOcdROSVxLIXCRhNUUiJHSUMklcLhnlCJyifA6Mf2P1H1XEJcyFROuDqYlkJqhQkxJMULSyNwU3BTycJoOVW8ZyNTcFLGBk7YQq24UtBH4lTIBnhW5YG11Ss6CkY3OwTJqiGEZleGj3WNv3xMtdLE6GhAlk+ywF16ovN3P8ypcxh7NOEDnk21aGdnLPRr51/bKBxZA0zOG2xXn9z60vNwkdondEwngFUbWuc7LyXE9yVMioJpseCwk+gVnTq0lVKzIjl8tS7XO8uJ7uOUWGB0uzAT6LTWboyoq3NbUNDNW+PZbG29PWy2tDY6djnN7kZUQNmojWsQMTZ+jKuubrqWiNvutjbOl7ZQBhMIe5qvGxZADGhoHYBdETgm4Rz7tROb7BMYGOwxoA9BsjBpLeE8NweEQAYVYMr57I3hnOcIgjGOMomjdOAwhD4QHwx6LoGNgjYbjZAc5rclxwFWSJo6kodTeLfSD+dOAs3c+vaaMFtG1xx3VbkNjVOfSNYWhoLnHACgVtzo6cZdMPfded1/WlyqjhjtI77qmqa+tqDl8p390O811aJy5kegV/WlspGEAlzzwAspcOtqqcubTamj3KzxY951O3ThCRg4SbLTdDSVw5DVN4uVZ5ZZzp9iojw6QAEn7qU2Frh9OMe661jG+myS5NmiOIcJEL5XO5RW0ZG+UZ0sbDjK6Kqna3OtLci3JyBNjAONKKzyjACA+40wO3+aEbnTjshcy0pvpE7c9kzG+6rn3vScRMKA+8z+nPoq3h/DP2i8al5Ry4BZqS6VDuCVGlqamQYMhIQOwtaeXs1jqimj+qYIEl2t8fM2VkXyvHJJJQS1x5J/RUrGx0NIpdmwd1BQM/HlR5Oq4W/3Az+ay+Mg5H5pjWb8cpUrJ+hn8OCNBN1XNjMYA9sqM7qiud3VYIfblIw4GVXyyGRqrh6Jj75XSn+9IH3TTcKlzcmQ5+5UMR59/yTi0/wBJVOUpBtVP0EdXVOT/ADD+pQjWVH/eH9V0xH+goRYcoW5lKMEENVO/Z0hI+6Rl2GQh6D6H9F0A+ipbvYS2oIHF3BS839SGNuV3U31Tcsamh+D6paR3SyPUJZCvJeBuAkjYyuINxWRpY09k4DGwSSVZKEnpiehAEkkkoQSSSShB6SSSgGBJJJKAiSSSUIOSSSREEkkkoEPyeEkklCBAeyeCMIaWSjBHJJJKEHpJJKEEkkkoUx6cmpyFi2dB7Ig4QxyiDhWijq5gLqSshzASwF1JQgks4RUlCsgs5XEZJC4plcH61pJJL8jH7FEkkkoQckkkoGJJJJQgkkklCCT0xPUIJJJJQgkkklCCSSSUIJJJJCJEkkklzIPSSSUQI5RK+jFRHrYNMjN2uHKlroODlWAVVFV/MM0uGHN2cPdCuFAXRmQDKLc6QwzfxCm8pJw9oGxUimmbURAnBBUDXJn7dUmjqDC7grQwPEmcKrulvGrxIm7jfZK3VXhnQ7OyMtousb5XRymtOoZXTuiFjn7gEIOo9wixnsd8p0kBa3W0ZUIMa72VffunqTqGhkpaljT5TgkKYyTJ2CM2bTjZXlkSPOOmr1W9H1o6XvRe+FziKWRxzt6ZXokU2vG3Kp+qumKbqSidpaI6uMF0MndrlR9KX6vgqXWO9sLauBunJ4eB+IJsLGhVlakb1pyCot2tlDe7bU2uuYHRVDCw+oTmTBw27rrc+q302NPKMF9J8mfEHoKp6KvElE9hdC4l8Eg4e30+4yFlKihhr4PDeQ1+PK73X2V1d0dbOt7HNZriwZeCYpMbxu9Qvk3qjpW89I3WW0XWEsmj3aQNnt9QvsH0z9QfPUqbXmZwNXo4z5ZlYKqoppf4fctnt2Y/s4dk2404kYSBlWksUFfGIaloLm7AnlQHRyUzvlqgksP0Px+xX0Sm7csPs8rrtI0nKHRmaqlBdkN7YVe8zUzmvbwDg7rT1lNod5mjBGx9VU1NLq2AW6KyeU1NDT3R4YyKobUMLHgOB5CrK+ywVLD4eGO5yAizQvpnBzCR+aO2fLRkbq5QwcO/Fixb2ZCtt1TQvzIwmM7NeOChRvzsd1s3mOQeG9gIO2CMhZ272GWkD6mkGtnOjuFW1nG1NEUswIS6OVFhqCTpIwe4R2v1BVg5eM9BwRhLI9UPJSBOVCshV0HsmN+kJw5QBBBwurgPZdUBY9JJJQoSSSShBiSSShDmAkQMLq4eFC0DPKS6Qc5XFAgKSSSgA1NIGE5JA1kJrIEgZTNIRyMd0zBSpw/RcHgjEVNPOypoKp1PKw6g4DK+gfhx8TI+roRbbrKI7nGA1oP/ABPzXgrm5Q45amjqY6ujmdFLEdTXNO4K5es8dDWRw3ye3+kPq6/6a1C7lVJ8x/8AY+woXFuFKY5j2hr915J8Nvi8zqONlnvz2x3ONuDk4Dh6+69MyQM6l4e+iWmnsn2fqjxfl9P5ehajTSTiybJCIxriCUU+4BCHS17Q4QzfkUeakz/MhPO+Eg68duB8scc0Ra9v2Kq5abDcYUltS+J2iVpx6ogAmGQMJkXhgWVKZSz0/O2Mj1VJeOnaS+Uj6GvYHRuO4WtlpwTx+6iyUeDkD91phc4s5up0ELY7Jo+RviZ8Hbj01VSXKwQPdTNdqLR2BWNtt8BaIKoFsjTpOeV9u1dviqGls0YId2IyvEPid8EBWsluXTkLWPbl/h5wM+y7ej8jJcS5Pjv1X9Bxm3fo1/lHlTJteC0bFEJ8QeizZddbBWGjuVNK3B0+YbfkVZQ3Fsm5GF6GnUqyJ8a1OjnprHXNYZMlYMg4Q9cjPpT2zBwyugApucdCWmlgkUlzqISNxgfktBSXGCeNpLxk7H2Kyj2Y4C7DM+B2ppOfumwtxwzPOvPJspKdjxnA3VZV29rfMEGiu0r8NlcrWJzKloyMp+4Qm4cGedFpdgDGEJ5Me7VpKi3ROblrcFU9VSOjdjGyYHGan2FobnlgjmPCnNmbIMghZ/SWbokNS7Vg5/VRTwR1J9F5se6GcjdR4qluACSpLJW43TIzETg0Trde62geNEjtPoStzaeoqa4tbGSGygcE8rzrAO4TGyywPD4nEO9QcJnyMzT0u49XqoYqmMh4Ad2Poq1tS6KQU9QMOGwPZyp7J1XG+JtPcHEPG2r1Cu5ooLhCHRStPdrgdwUxPJz5wlXPbJBHuJB7YCiPJdnKHSVTxIaSrGJW/S48OCkOwzjuixkKKeOCtrrbFXRlkmx7FYy40MtLIY5GbDj3XoBxg+6rq+iiq4yx7RnsUi2pM003uDweV3SgEDxUQt77gcJ9HVCZmAdxyCry4UpikdC9m4PdZ6uoXQP8aDI1Hgeq59lTT4OxVYprksNI05UfJa4ghco6kyQ+bchGIykBsYDlMAATwMLqaUEoKye3Tiop5NLm7/det9DdeMrAyKWQNkGxBPK8clGcIlHVT0M7Z4Hlrmn9UyM8GbU6aOpjhn1BV0lt6hoTBUNzqGxHIKpae4TWSqba77rcHkiGrAy1w/C1x/q9Vluh+uW1TGQzyYkbjYlekPZb+pqE01UAYyN8fUD6j3WhPJ5q2mdE9skRS1j8hzQszcaOp6frP4pbmn5Z5/nxjge4ClVdTcuiauOjvJNTY5naaevIxJCewkG/657K/bFFVQ/hlhlbzy1wKLDKeUs+jA9YdKx9SUsN4s7/AAbpBiSCRhwXd8ZW5+D/AMXf4r/9afVJ8G8Qfy4y/wAvjY7f83p6qp+RmsdS7SXGke7Le5jPt7Kg616Jdcmtvtmd4Nwhw9r49teP9VMMdGcNRD4LevR9LCUFHhlIIGRuvCvhT8ZG3J0fTXU/8qvZ5Ip3HAlx2Po5e1RPBYCDnbKhx9Rp56eW2XRbMlDu6IX4VbC8tcDkqUx+oKCCVkJZCEHe66CcqZISkkEcLqvBA2SlkriSEgs4SzhJJQg9LJTElCD8lLJSSUIJJMSUIJJJJQgkkklCCQ5IwYzvuiLoOFZCBgg6TyurtbC7JlYPMBsolNP4wIOzm7EFUQmIb9MrDG9oIcMEJ47pgd7KFrg8o6+6JfRyuulriyHbvaFhYpyDkHS5p47gr6NqKaKpidBK0FrhjdePdd9Gvs9Sa+laRG874GyYaqbM8MveiesWTMFsr5T4p2jJOxW5ZJnYhfPsU0kTmzRO0yMOWkc5C9Q6I6zF8j+Uq/JVwNAe0nn3RtZRdlOXlGwRVHyEXkIkjO1gUgDgq2sj0gkBWHc7oFSAQERRTS/SR7KlnYYpCQNicrQ1MQzsOyqaqLUcEKDCPHMSADyoHUFkgvVNg+SePeOQcg+h9kc5jdh22EUSuZhxb5DyVAoNp8Hg/WnTnzGqCohDKmLODxq9wquwV82TQVJIkiHlz3XtfV3TcV/pDNC0CaMEtI5K8Qu9BJBXFzCWTxnDu24S7aVasHrfE+TlppLBsK2kZfrQItvGjGASsXbXuoquSimOMOxgq7sd5eNBe7DgdLlF6zteiVt0pwQ1+5x6rzes0vxy4Pt3gPPw1MVCT5B1lO+lmErCdLtwU+SKG4UxbI0E4TrRWC6ULqSYh0jRlp74UWJ7rfUmKXJBOFxbo4PdVyUkVlvq6ixXLwNTvBeeCtyYo6+ly1ww9uQfRZi924V0HzNNjW3fAXOlr25zfk5tnN8pBKzlVTjGx1yfBGutvlpHlr27evqqedgAW+u9H81Rk4y5u6xNbBoHCcngXqasrKKeYYIUV6my/VhRXph5/Ud4IUuyhzf6qfKM/ookrSdlDk3kSThQ3cqZJwob+VDnWPI6IkEAlWbfpCqW/UCFZQOGkboBulsw8Epuy01sPjUnhuIPosyzlXNmn0zAE7JaO9pJfdydqQIpXR/uh0khgnEgUq8Qls+sDAUDOUMpYNzeyXBqqapNQM45CZOxwOWqrs1W5snhuOQrzUxwOQl9m+qz7UybaKkgiEq6bxn1WXikNPIHBX9DUiaEPQbTp6e70S84SXAPRdzhBg3JjmOI3ylUN8SMkcjcLjU9wyMIQyPT1LmuAOyt6acPAyAVRTtLHZHCl0NQGkNxugxkZVPb2T62j8RviR/cgIluqmgeC/Z3ui09RnkZUaupw3/eIRg98IXHBri0TZmAjKhnLDjKkUdU2qhHrjBQ6iLABwkTjkfGRMoKsscMlau314c0DPZYFkhY/jGFc0Fw8IAuJOFmnA10ahqSTN1E8OaHBHZMQRsqy2VAkhDgc5Vj6HCySi8ncrmidG/IBI5UW62eC7UzopQM4OCnRuxjZS2O4QDJx3I83oqi49L3b5aVxEZPlJ4IXo1tucNfCHscM43CrOo7DDeKVw04laMtI5ysZ0/1G+y15oq7PldoyfZQzNODPTK+201zpX01UwOa4HBI4PqF5pM2u6UuZhl1Gme7yuO4IXpdHWRVMLZoXamuGVA6kskN5pHRvYC4A4+6nRS5IFK9lRC2ZhBD25Ci1tJHVRmKVuQeD6KhslVV2S4Gz17jpP8Ad5PC05IkR5yWYa42uajkI0ktPBCqZYXA/St/XQeK3GOyzddQEHyNQyWQZd5D9H36SgrmxSu2PBJXt1pu8VwpmvjO4ABXzfPqinc3GNPBC3nw+6s+Wl+WrpPKfLn/ACWG+vcsGijUqMtsj2Rp3BDlJa3LRuqunmZK1skb9TTuCDyp0UpwFybamdeMiS1GaorZ842R2yBwKzdMdBr2SGkeq5NH4jDnkoLSdzk7Iscue3CWSaIQc6J+n0U+F5c0FBqIGuOpowUKkmJeYnHjhC1kW+S1jdqBBTGudBLpO4KbER6p5HiHcIMAkkHKSHG/A0O5CJnKoAakkmuGQgbLO5Hqkd0HzZzlGBGFMFtYAPYScHdZe4xfJXLXjyy8LXOGVQ3+idLAXBuXRnIK11MsiCQHJwuYEzHMI5BCBTyNdG1wPIRwNtiujQ9ryKtW9YPGeoaGSjvlZRyt0tqAXRjG2peb3CmfDVPZINwV7l8UqAwspL/FH/Lp8Ry/6FeU9W0mmeO5xN/lzsB/Neh0tuVhnkPJUd4Ln4eXowSfJPftnLV6gWioiy3uMheC9O1pp68Oa7Gkg/de4dNVja2kznOAE2+OVlG3xd+6G1l9YKrxY/l5T549vurOVmRzyqCncaKvEg2a7Yq/8XxRxhc6xYPRVPKAtPhnA49ER+NBOECXyuBT2Pa5iQzZAjSMOThVFUwxztk43V3M4A8cqtujR4OoN3ByijLLKlEA9xNQx/YodQR33CRP+6skxkhOlGuEOG+Fu0trjPJz9XUp1tHjPXtp/h11dUxR6YpTqwB6qnD2vpTj8QW/+JFtnnoWVbOGHBC83pZS3ye6+heI1G+HJ8M+qNF/HtlhYyKPLH4cN1obLUCV8cbjv3WelOJiQrOyPAqgSey9DCW5HhqrfjmbWjmAkEYwBnClTNOdlVxgska/Cs3/AMyAkclSUEz0+k1acUi2tdwZoFO9wB7FBuzSHiojbgjlU8Mxp5W54J/Qq/mDZqbzbkhcnU0ZeT1Ok1m+KWeiVSVJkiYTjOFPhldsFn6GTTII3HZXcLwdhuuTbVg9Xo798Cwb9K6w55QYnN2TmnzBZdqOpCWSRkpAnKaCuoDUPOMKLIjvPohuUBl0Rlw4xulJyFx5yBhGZZPLGF2QQq+uYfD1AZIKnqNVtDoi075CoCUsEaMgtyDlOkGUGlP8kd9yj+IAM6UzAG8r3VZFR4LtsozneXPKgV4xUB7dlJjOYwPurFynkZKdaZA7JO+cFOd9Sj0pLHzNP9ZQgj5xh2xwoLnaKpvuVKqXZf6KJI0eI12VYlvBPqd4C4Kvqt25Vg8g0I9Qq2Y5Zyj6M1kiC4/7y0psnGE1/wD2ln5rku+yYZLJZMN8VT/7jAxkZXjjOPyC9g+KzvDsI75cvHmcD7Bd3Qf7Z8Q+uf8A8xX+DrVx/sujugZwVoayzx6WQ7dmp54TGnIT9TQeU+vhYBnwxNA2RG9kxnZPWlPBTeQg4QzyuZxtlMyPVCCPPBQHEDJ7lPHBUd5JzukWSwh0FkDUSZOB3RKMEnPGEFzQXcqbSR4ZkhZa3mWRk1gNjAAQ5OyI5Dk2wnuOBAKR+RwmU7cv3Se7fCJTs82SEIbeCWNmphJyn9kM8qMDA+MEnZWVEzcEhRKZmXbhWUIDeBwjgjNayW0AN3OFDllfPOIwNinSv0t3KLbqR73iZwwB6pxKKJXSwifRUvgRNaR5juVaU0XmBwgNbkgAKyooNQUPZ6On460iTAwNAIT6iYRtCUgELcqoqagyvOlxKtLJtnLahkrNUpcBzuuVlwjpIRI/snMdjc+iynVF3BIpoCNs5KqfCOfqb4whmRR3etfcLg95OQSgloa3HdDj8pLiNynvBc4JEeXycOV3yPImN8ymwx4wccIEbBsfVTQQxgGEwy2Szwdke1jCDhVkxLpEWrlydu6BGC45SJspIcRhoKizOOfVSpS0DCjN3clTHwOxgjCdK8NaCSiBoDQQFDqTkkZ4U3fbyMinkjOLpZ88nP7IzxjyNGSU2NujLyrCw22W517Y2cA7rJM1aaiWptjVDts3/wALempC5tZM0HI8vsvb6GnEEDW6cLPdG2RlDRQx6BnAytNcZm0sGto4COqOD6zotHDQ0qtFPf64hrKRh3duUS1W9rIxI5uXu/ZQKeN9fXmd+S0HZaugpfINuFuhhIHUyc47USqSmZFGC0blTYGAbkJkbcDGMBGLgW4GxR/Jg5tPjXZPdJCfJq8vAQnkkho4TXHGTlGoI3zSjy5CTddtWT0Gl8duxBIn2qiD3+I5uSN9+yvYw1jRsgUkHgtxhSSQAcri33/I8nutDo46eCSQOV57DZdhjyRkJMOpw2U6CMAgkLDZPPB00sBqWFpG7eFOiaBwgxtI8oCkbMGT3SHIZwllj3nACBK8dimTT4UCapzt2R11ub4OdrtfHTwzkJVTbgZHHqq2WUgrtTISQf8AVAlkAK7eg0WHukfGvqn6oit0IsdI8FpUeCKatnFNAzU93C7HFPdaltHRAlxOCQvTemekoLJDrnDZZn4OojhehrxBH578956zVTcIs50t0jBZ4G1E7Q6d4ySey0TRg/dOauqTnuPITschw4XUklRY5JNXMhQIRQyTwiHhD5OFEskOKvv3UNn6Ytr7reqr5enj5djKpeufiPY+hKTxq8PmndkRwM2c9wxsP+q+eaq5dU/FS7tluBLGPcXRUsTiGMz/AJ8BPrr/AOYfVVu+6XRa9a9d9T/FWaS3QOlt3TrHYa2XZ035Dt/nlbf4ffDMUxYBTinjOCXHcuPqtF0N8MobRprLo5sk+xwG7EjufsvRhGxoDWMDQOMBMnKMFiIyeoytseiJRWimt8YZGA5w5cRypIbhPyEiRhY5ScnyZ3y8gmu3wj5GnlR3/UVzJ9Sl5YAQk5XMlcyEjsiIN8T2TXSDTx+6Y52MqOXg7EoyBTIM7kKJUVkcQ8z8e6jVNY1suiNxdj0R6KyvncKqsccE5DVCEVja25y+HG4iI/iV9QWmCmaGhoc4dypUMccbQ2OMNA9AiZ0glQg5rGgY9FGq62Klb53YKBWXeGlY4uO4/dZyoFVdZdZHlO4CJLJA91vzpm+DTv3PcKFT2+oqHCSXfPqrChsrYHeI9m/urJsQYMNGFbwiESltkUYBA3HspjnsiaC7YBBqahtKzUdyeAq59bNUHBzj2QEJU9w07QO3QKekrbjUYe0gHup9HZBI0SzHBO4GFaVE9LaaUEkAjv6ol+iwdJZ6Wli0ubkjckqovfVVHaQWtkHl43Wc6o+ILvDMFBLvuCQd153U1tRWOL5pHOJ9Sn11hRRc9QdY3C7yvjinLWhZ1udWXHJPdcAAJPqurTGvA1R/QQcJhJXEP6kYyMM9hNXuE179sAoeD6ruSryMUEhOcSTvsmJiSjeSdCTclJMVEO5K4kkoQSSHLUQQbzSBo7rOXfr2yW8lsczpHt4DVBldU7XiKNM46AXO4Cp7p1PabXE51VU6HdhheaXr4l3esc9tJIYmu2WRnq625SF9VO+Rzt9zsgOpV46T5mb+7fFWUh8NtgDhn6nj/JYuvv14ujiauseQewOwTKSzVk7gGxnH2WktfSE7wHSR5/JQ1L4dMjKRUbpnAgbu7q7t/TdVOWjBwfZbmg6OghDXODT7LRUlthpWt8No2UEXeQj1AxFt6HjLg6eMbeoWroOn7fQ4dFA0ux3CtSzgYwn4BAwMIzBZqrJ+wIp4/wAMbV0U7Ac+GFJ8IeqXhD1UFfIwfhe2EvCRAM/i/ZJwAGXP2+yjltIp5I7mYSQay60NKMyzcdlmbp1tShhFM46h6bofmSHRpnPpGrc5rAXOIACra7qC30UZfJJkjsCvO6/qm41mWGRzG+xVQ+pqZx/MlLh6JcrUjZVo5S/JG4uHX1P4Z+WDtR7BZms6tuVSSA8tB91RyVDGjAAQTWsb9RwkytZvhoYR5JdVX1dUf5kpOfdCbFrxndQ5rgB9IUZ1bUvyNW32QOw0w0yXRanwGbAgeu6a6op2bmTJ9FTmWTPmcV0DG+eULnkYq0uywdcKePYDfso0tznP0jAQGMJOAMqVFQv21N/NKcmw3GESMa+qO2MITpKx34tj7qzbQg76B+qI2kA7bKA7kirD5cYcclc+XkJ3HKuRS0/9G6Qia3gDZCTekU4o3kcbpv8AD5juGhXXht9F3W31UaTL+THRSC21HA/yT/4RO4cj9FdFuATlNMhBxj90O3JfzS9FP/A53H6h+ieLFITlzxj7K08X/wCXKZ4nq4/qo44K+Wx8ZIX8EgA87hn7LoslLz/opZlPuueN6FRJRK/1H7BCy0IH92kLVbQeBn7IomHr+64ZG+n7oJNNl5t/Z0W+3AYwF35C3egQDUNBwufMj0Q8F5mSPkbaPwNXRS20f8NqifMt/pK4ZGkYRJpEcpEzwbaP+Cxc8K3f/I8P6KAXtzwl4g9FG0yZmyd4FtP/AAm/okKe2d4Wn8lD8T3K54vuVWETdJk35WzHmmGUP+HWY5HgYUUyE9yu6nf1H9VCmpS5yShaLO//AIYGU3+AW0nykBBYXh2xKK6VwA2JUCW+P9TBO6YgJJjqgAeAVFk6anaf5cjSCp4qn55KO2qdtkKmslq6a9lDPY6yFmsAO+yiyUdRGNT4yB9lqhVkdvyTnVMbwNUbSPsqcMhfyZox2gjlc0+62Hg0Ezhrha0+uFHlsNFI8ujmDM+ynxjY6lP8jL6fdLT7q8qOnKtpPguY5vY5VXJa62AnXHn7KhisjLoCkkfKcHYrmR6qsDVJM6kkkqLEkkkoAJJJJQgkkklCCTk1ORIgkkklZB6SSShB45RBwhjlEHCgI1PTE9QgkkklCD0kklTYpvA5EahogOFcUBkckkkjIJJOSUIJJJJQgkkklCH63JJJL8gn7FEkkkoQckkkoGJJJJQgkkklCCT0xPUIJJJJQgkkklCCSSSUIJJJJCJEkkkgKY9JJJQBCSSSUKkPc0EaXbg8hUk/jWifIGumkdtj8J91eOQ5YY6iMxStBafVQFSw8MjFzZW77gjZU9VTSU0xePod3HZTHNloZPAe7Mbt2OP+SJIwzNB4Rjc5GUNUcCKU/Yq08PYFUzYvDJKsaOoc4CGR24GQiKcXLokM2KO0oSIw5yoLayRayFzB40Lc+oUdkjiRkcK1aQduVWVsNRSyiaEa4s+Zo5woWnglQSBo8wVH1Z0y27xCtoT4dZB5mPbsTjsrETh5GBhSqecAbhTJZmunr78xGKao8tTCNEzDyHDbK0McgdwqHqqyOjlb1DamYmhOZo27eK1Ptl3ZVxtmiOD+Jh7eydXa4sVZWpGljfjGAsx8RuhKXrizuhaGRV8LSaefG4PoVfUson45CmM754XV0msnp5qyHDOZdRyfEl4tM1FXTUNQDDWUryyaPjS4Ej/RRSDpEFbFs/Zr19O/F34SQ9X0hvNoJbdqdpJJ/wCM30Puvm45iDqatbksJY5rhuCOQvs30/8AUFeqris/d+jh6rSRcsxRVXC1SRxZ+uPkEdln6hgb+S3EE0tA7Q4Nlo3HYOGSxQL105HMHV1ET4Z3LW74Xt9NrY7lGTPI+V8Y198DGeGyTyvYOOCquqp5aSTDQXM7Y7K5kjLXFoyMHCG5uoYK6mUzxGrqc+CoYS4ZBAKK2TIw7k8lNqqYwPL250ndRvEJ2xsE1RRw7XsliRFutliqGGalYGSt32H1Kgw5jix7SHDkFbGCZjcNKj3O3wVseQwNkHDgOUMoYMtsK5JygZtrwfQfmnIdRTTUsgbINjwU5hACzuLRzpIKnoKeqBTwEB7J44QxyiAjCAtnU9MT1ARJJJKEEkkkoQYkkkoQ4QOUwg5REsDlQtMFgpI2kY4QTyoWnkCkjJr/AKSoVgCmkDCI5pJyAuaHeiAvsCeUPARk3BQNZBeQJiYXa9Iz64XsPwt+KonbH091FJ/MG0c7ju4+pK8kLThRyzgjbG4K5mt8dHWRxLg9d9K/Vur+mrt8JfZ7X7R9dua14a9rgWkZBHcKZS1UsbdJOoLwH4bfFKezvisN9f4lKfLDITu37le401TDUwtqIJA+NwyCCvD6rR26WW2aP1R4D6h0X1BR8+kln9r2mWzvBq24Gz0FsckGztx2QNe+xwVKbVRvAbKO2MrOkejjLB1zA5NfGMZJR2tY5uWOyPVNewkhWVZiSK+enB4CgzQkcjZXLg3GCECSnD89sLRXY4s599J5V8RfhPZOs4XSPaIqo5LZMZwV8zdT9L3zou4Giu1M5sedLJRsCfQjsvuGelwcgfusz1T0XZOp6YwXSka92CGv7tXZ0mt2vk+dfUv0lRr82wilP/B8c01x3GpwU+Cra/gglX3xA+El66QqJKymjFRQucS18ZzoHusLFOYiNl36NRG1cHw7yXh9R4+113rDX/Y1DcStyOyb4JOSqmmuMjSANh3yrenqoZW51b91oTRxZVtPg4HuiO3dTaO5SQuB1bfdR5WA78qOY3A7BaoyyZ5QUjW0lxiqGgahlEqaZs7dhusrT1D4DlpIVvRXYEhs7uE+MhEq5Q6B1VvfDyNlX6dJIWoDoKuIgHUCFX1FsaWktwEbLhY/ZUNe8FSGVLtshcfTFmctUY6muVZwHxItoKnIwcbooIKqGTHICn004AwValkXJYDk6OArO3XualAY4ktCrS4OXMbZyjUmuRVlas7NfK5twgbPTyDW3zDff7J1DcfGPgVHlkG2/dZKnraimdqikcB6ZU1tZHONYOiRu/PKYrcmaVGOjWyO257KJr1OyVWUF38WTwao6XcA55VjlMTTM047WR7lb4a2EhzQHjcO7rI3Ch8MFkjduFtvEzsRsVDraOGohLHNGTuD3BSLYJmqm1wPNpqSWjeZId2g7j2R4pmyNyOfRXNwt5hGG7+6pHwugdkBYJwaOhCzegiRKaybLcYSDSDlUNOF3sknENIxjdNd5VCg9HVTUc4nhcQ5pzt3XrXR3VUlRTRzCX+Y3Z7M9l481yl2661VqqW1FO4+7exCbCbTMms06vgfT9svFHe4XUVW1rmObpexw5BWSqrfd/htO6al8av6ee4YjLtT6ck9vZUNhvsdxp2VFLNpkH1NBwQV6N0/1HHWwCjri0uAwdXDgttclJHBdLo4fQSjqbffbeyeme2SKRuft7FBp6V9K98JOqL8IPIVFeOj7p05USdQ9Hyksc4me3tHllz/AED8J59VbWHqCj6lpBLB/Lqotpqdx80Z7hXwY5wx90TH9e/DYVzJLzZRonHmkY0fV749Vd/C/wCL81M42Pq+QtdHhjJ3nBHoD/1WuiJbwP1WR6v+HdNf5DcLdM2lrTu4lvkf98cfdCNpuhfH4b/+57lS1EVTE2eB4ex4BBBzkKVG/Twvmfon4mXvoq4f7OX0ObEx2nD+w9vZe/WTqK13ulZU0NU14cNxncFAYNTppUS/t+zQiQZxkIgeMKAJGgjzfujNmbj6v3UMxL1+y6HE9kBrgTsihwPZUQMNwupnKSLJCQkg5CWQqwQMkg5C6rwQKkhJKYIFSQklMECpISSmCCSSXMhWQ6kHEcFcJCGVTZCQ4Nd+IKuq6RzXfM0+zhyPVSW59U92COVRCvgrWyt+nBHIRs+yiVdG6KT5mm5H1N9U6CdsjS5vbkeihCQ6bDsYUaspIrjTupZ2tLH7bjj3Rn47nhDc8uP2UDhLazxnrLpt/T9yc1jSYXnLT2Wen/iFHIy7WhxbPFjODjV7H1XvN2s9Je6R9LWMBDgcOxu0+q8eutnq7BcDQ1TfI4kxv7PCM212p8M33RfV1H1Tb/FjyyogAbPE47tctGZgNsjdeC1ba7p6tPU/T7ix0eDU04O0zB6/uvVeneo6DqKgZcKCQujO2/b2TAL4e0aUSE5TSCTklBjfkI3KMygZWBw9VWVsB0FwCttKBPFrZhQYZisic5vl2JUelndJGYJdyw4IVtWQFh1Y2VJWRPhm8eLb1UIuw7i+leNswHYY5aV538QuknmX+OUELSxwzNp/zXpFLIyrY5pxkbOCBUUTJIpqCbzQztLQD2KM16exwkmfOvguhqNbQQ0+YLYWzwb/AGeptryPFDMtyq3qS0T2m5yUkw/ltOIj20+irqapqLfO2opiWuB9eVj1FCtiz1/jfIy09itg+iha6osF0EMpIw8tPsVpa2mjuVM2rpnAuAy4d1ZdY2qHqSxR3ykaGzw7y6RyFkOmbu6nqPlZzljxgZXmdVpHFZPuXgPM16ypfcWdDUmE6Jd2u2KrbxbZaSc3CjPkcdXl7FWlyp/l3OlYPI7cLsFRHUQmlm21jAK5GGuz1TrU1wTOnroa+m8GZwLgMIN4szXB0kbdiNwFRDx7FXtDs+G47HstrFJHWUgkDgQ4K0HBq2Ox9o8vqYvDkIxwVBk4C1vUNpdGwuDRkHII7hZKTgJiOBr9PKqeQDxlpUWYDClu4Kiy7qziXLJXyjBUR4wVPn5/JQ5BgqHMuwgQ5ClwvxjdQnIsLsYyVBMJ7JZLeE6tlYUMngPDsalVUrwBjOVPh8xzxlJk8He0dmVlmqqYG1dvErfrG/PKzBcQ4scMbrQ22fVAIieFSXaB8E7nEd0t8nWlnZvHUkphmD88rRU0/itDhusjHPtwr201YLBG7kqB0W54ZcyHxG7KbbqstxAR7KBHjOM8ozXeFLkNyAphHTpntlk1Ee3Jyk8ZwoVHUCSMajupu2AUqUcnXhYpIc0jZdegOy1w3RGvGkZKAcpApm698boMDjHIDhS3d1FJwcoCpPBa01RqI22U8tD2FpIIcFQQVGkgEK0hqAWjKrGTRTPdwyHqktlXpd9DjhXTnxVMAcz/AOYo0tPHWMMcg54PcKvpqiSjnMEhOAcbpMo56Nalt7JM0Za7IGF2Kd7CO6PK0EZ9lCJLXcJU4BKW15NJaLtLFO3zbDZwPcLb09S2oaC0jC8qppzqA4Ww6fujWtETjwsc4pHX0eqUpYkawDHByiRS7gEJtO4TNyNwEi0tIOn91lZ2ovKJbTkZWU6x6WjuERrqKINqGDJxtqWpglDxjG6IHjPmbkKgLIbkeedI9SzUlR/D60lmDpw5ejRSiTGCMHuvP+semJoKg3ahGWE6iG8govSnVYePlarOpu254UMrzWX3V/T8Nwo/mo24mj3Dm8rOWO7vc35OudiRh0gnuvQqV0dTES0hzSNwVi+rump4Q+60mPIclreynKLyS3jWOFAqKZvJau2G8QV8TYpDpmaNLgfVWE0J7cIu0ElkxN2tcgc6ojbn1CqIZpaWdr2kjBW8qqfByG7YWZu1uYCZYm4DjggeqCyAqyv2j0/oXqOOqhFG52SG5bkrcMl4JC+cLRdKq01LXseQARjBXtHTHUkN2pmtkkHigfquddVno3aTUPG2RrGSazjhGa87KFE/fYKUx+toOFzbIYZ1Iy9kpsgI4RWkKCXZOEeOUYAKzD08omjB5Cr6yJ0EnjRtyD6KY13snnS4FrhkKA7VnAGkqRK3UDv3U2M5AKoJo57dUGRhzG45VxSTCVgcDs4JeCpLBIfyD6J8TtWxOE3SkwYOScN7lCKDpJoc08FOQEGY3ymNJ4T0Nn1BTBAijVjNcZZjKkh3ZLA3yMo4fayGHw6mq5ICMAnIUqN/AR+oqIxaayId9/ZVkNRkjPK6FUhbWUP6it0V26erqGVgcJIzge/ZeM19A6s6eqKWZv8ANpHHSO+F7gyTYAjIPK836goRaOqSx7f9zuTSN+ASuzpLMvBxddp9yPFIpDT1Ae07g7r1roG6aXMaZPK8AELzPqa2Nt15ngidlhcXN9grroy4ujmEbpMFpXZxmPJ5/S3vT6jZ6PbagaxqbyOFaW6cywjV9Tdiqa01TaymaSfMBgqxoyY5wAcB2xWC+OD2VNu4m1XGw7KLTyO3jJ3CmygEBQJv5U4k7LE+zcmSH5Kg1zdUDh91Oa4OaT7KJO3WNPqqDZWROzTmEhPp/NDpJ3ygg4mdGdscLsD/APeDDjsm0ywzNb+iD1DSR1Nulhe3UCw7LwipaaSvfHghuTse26+hq2LUCCMg7YXh3WdF8tdXytbhuogr2XhtTiSifLvrTS7obyslfqdn1U6hOkghwBVYx+WjI4RoZcbZK9xTLcj4rqHsmb6leJadpzuAp9E8mHQ87g4Co7FN4jPCceQranJhqgzkOWlrB0tJqPtR2qj07KbRVbnQCGQ50jCDVs1DOFFp5PDfuVlur3Hf0mplCSaLR0hjcHNVzRTiSMOJGVRahI0FSaKoLHBudlx9VTxk9n4zWfd9xoI3nOxUuM4H3VfA8PZkKXGTkYK48o47PW1WZWQzXHIGdkUEY5QNQTQTlU0aVLPZIzlNf9JSacjKT/pKoZkhT5yD6IeSUeo3aWgKMNioxFgQ8KO8asgnZHyMKM/kqIS3gg0mGvlYDsDsMp7s8ZQsCOpeRtqCKeUYpvJX1zceYp9IRJGMkLtwZri1t/DyodBJmTw+FeDPJ4ZKl8sulRonATSDO7jlSahuDlVbJCa8jgOZshLJdU3yiQdlDe7LhhSqrJhx3UAAh2CUSWBdnBYxuzSvz+Sq5icEFTGZDMZUZ48xOUSM1hWu/wC1Mz7ok3KDPtXNxx2Rncphimzz/wCLf/zhaP8AEvH2/S37BesfGGTFniaPVeURcN+3+i73j/8AbPiP1tPd5H/odd9J+yijJcpU/wBCixcrTJcnlY9BmnbK7krg4KS0R6JhMO1OJ2+6a1J7c4Tl0LGuJ7FDBOV0jAwkdkt9kHZ8uVFlkyiPlxkY5UNxzuFlvY2CHglzgrOAYaFXQjLgrRg/lpdayS07Lyoz+ESQ4Kjvcn5FYyMG7tlNhGGtUSMZICnNGGgIQbHg6mMJJ4T0amj82cKYBk+CRSRA42U4YiG6BGwNG2yVRIW4B3TYvBmlmTwcy6ecMA+yvoIxFGGYxgKttUGXGdw24GVbsBzlGeg8bp9r3MNFyDhXdJEGQgnk7qrpotb2t9VaVTvl4AfQKHpE1WskK6VsbWGIHJKrYAS3U4cpsp8WUv4yiOeImg9gEe3jJltu5yRLvXsoaKR4d5iMBeeSSvqJ3SE5zwrLqe7srJzBATpadz2VZTMzys85Z4OFq7HZZyGLQG5TYwSUpOyLEAcKkjG3tJETdgu1DsMT2ANbuo07wfKil0IzuZFlySE4cJo3clIQAs8ux8Y5GTO32K5GMJmfPhFA2Qdsa17H5B5OFXucXVRHZHqH6GEjlR2gCLxnDdLmGng5NJjDGt39F6t8OOmhHSMqJo8vlId+SwXRlq/i11D3t1NjX0P0tZ2xwsj0howB9khrcz3P0x41R/8AmbFz6NFbKYU1MHEdth7KvvdUDEIQN3HZW9a9tJAd9mjAVJS0Yra0SzuLj29AFogj2luZE2y0IbE3Ld3brSwQiNoGMfZApKUQgHHGwUzILTsnp4F1UZeWdIaAeMoRPKTjg8oZII3KpvB0a4ekJrHTPDB3WgtlG1jBkbqstdPqm8QjOFpKdoaM4XM1Wpf4I9D4/R4+9hhiNm6Bq1uwnzvzjCfBFk5XLk8HoFwuAtPEXEEhT2ANAAQoY8BSA0AZWZvJYVrw0ZwmTzgjYj9UCeYNGAoTpSdiSmVw3PDOd5HyMNNXww0tRnbZQpXnOVyV+DkqNNUN04OAPUruaTRvs+KfVX1eqoyjFjqmQAZyNgm2yirL7VtpKWPyn6n+ibaLRWdR1vgQtIpx9bjwvVLPZaKzUjaaljG3LjySu5TVtR+ffNed1Gtse1jOn+nKGxRjwYmulI87jvur5r9QyQoh5RmDGU7o8xNufYRdHK4kgACgjCWR6oeSlk+qgYQpoB9U13Y5XDUxMAdI4Nb3KuMchBl5j8TvjJRdFRvobZC2suI/4ecY/NZr4u/HKloC6x9IzCepOWOnB2GfQeyxHwz+Et460qxe7sC2lBLppZMnOew9VpglHlm2miMI/Lf/ANitsPTPUXxFvMlzurXVNVUFpx2jbvgL6O6J+Hdr6SpWyMiDql48ziOPsrnprpy39M0EdHSQjA3JPOVbudqCXdalwhV13ycR4QzABykSMIZJylk+qTnJkzyIk52KWSuJKBocSMcoZ3yuavdDMjR7oCDwe5Ka6o09kF8medsKHU18cecuxjuoQkz1LWDJ2Va+aWteIKUZzs444UWJ9Xd5/Dib5D+L2WpoKGKhhDGNGo8lE3ggC2WSOjjBe0PcdySrPSMAZ4XS4juotTViLDiON1SeSB3vEe5VRcLuJC6npzxyQhOnr7lVZadMeNj6qXS22Cnf4pbqcfXsiIV8FpfUMZJU5HOArCOkELQGjCl4zgBCqZRE3LlCHM7buVdV3IxyaIMOxsVHrK9z3aICfQqXbbOT/vFTuT9LfRTJCJFRVtfJrkBA/wAleUNDT0sTRoBcO5TnTQUbAwkALJdVdawUjDDB5j3IKPG4tLJd3rqmitEbnulA7AbbleXdQdWV13mI8ZwjGcAFVlfcZrjKZZXEjOQCeFGcMfkn11/sbGIMkuOSmJ52TFqSwWhIROUVCTB8EOLgQhHlLJ9UxQIKSMcoZ5SyfVDzlQM6kkuZGnWfp9UAKWTq4TgZwoFwvtstkRfU1AaewWEvfxHfK10NA12kHGo7ZUNENNKfRv6u7UFDE6Wqna3HAzysjeviNRU2W0gLyPRebV90rq+fxKmUu9B6IVNRz1btLGkkqHQr0cEszLO5dXXK6SOEkzmNPABVT4b6h+A4kn81prR0VNVHxJ2kBvYha+2dKW+jIc2BpcRuXDKg521Uf7Z55RdL1dXuIS777LVWvoiCINkqAM44AW0p6BrMYa0Y7AKQKbJG2FDLdrpy4RU0dmpKVuGxZ+6saelxgNaAFJbA1uMhFAawYAUMc7nPsGIWg5x+6foZ7LmlzjtsE9sZG5/zUEjHRcELgiz3UgtwMuCBPXUVIwySyjPohlLBEm+ghZgZIQJqiGnGZn6Qs3euu6alOmAavsVibt1jUVZcXTuwfwtKS7UjXTo52dnoVy6qt9JEfDf4jvQLE3XrWsqCWwhzBnglY+quji7Ic4Z91CdXHBJc79UuVm462m8fCPfZfVV7qqjIlkP6qtkrA0EgKomrSTjUQo5klmOlhOUreboaaMOi0dc3ZORn0UWor5jgZGECOiqpDqB2Kkfw4MAM5yhlPI77V2B+Ze45yujU/fTklSBHQM2ByUYPY3GiLAQOZe5L0QmUtRIR/LOFKits34gjfMVAbiJn/ogiaodkOkx7FA2wHJvhBYqCEf3pGyKYqBvPZRDPGwHxJgPfKizXagi5mBKpzRfxTfKLcTULdgwZS+Yaf7sZWcf1HQtyGnfsojupJQfJt6Ifliux0dJZI1/ikcswk6oa0ZOMLFSX2vfxLhRZbhWTDS+Y49iglcl0GtBPPJuHXKlad5Rt2yo779SM7j9ViNUhOfEd+qYWk8uygV+TQtDF/kbU9QUWO36qM7qKmGSNvzWR0n+pc0H1/ZU9QRaKtGoPUjMkNemG/Snj/NZsMAOUZqW75ehi0lRdG8TH8WPzTP4vN/V+6qU3BU+eXsGVFcOi4/i0vqP1TP4tMRsf3VaOU8AY4U+Z/oiriicK+oJJ8Q/qifPT95j+qrl3J9Sp8zL+OJNNQ8nPiH9V35qT/vD+qg5PqUsn1Kr5SfHEnfNSf94f1S+ak/7w/qoOp3qUtTv6j+qtW5KdUSybVSZ+o/qiCqfjn91XMLvUooJxyUakC60uCcal/Zw/VdFRLncqDqPqU9sulFuQr4kTvmX+qJ80/wDqVdrPqUTxPuryifGWDap/9QRBVuxgkKr8T7p+vBzuVOgJ1ZJ3jn+lFbUEnBAVe2TPZP8AECpWc4A2FmJWkZyP1TPGIKh+InCQFM+RAbGTfFd3Ce2odkBQtYXQ/vhFvK2stBUuwCR+6IJ2/iZkKtbOOEUSg9kOUC4uPRMNutNaCTE2OTHOFBqOl2BpdTyBx9Mp/ieyLDVOjO2f1V4K3zXKKWe0VkLdXhkj0woRBBwRghbFtfkYIJ+658tbql2t8LA487YyqnEOGpkvyMcktBV9Mh5dJSP47KnqKGppiRLGdu+EJqjfGRFSSSQjVyJJJJUQcmpJyLsptISSSSssSSSShAg5R8jRjKjpZPqoQMeVxJJQESSSShB6SSSgA9PHKE5FHKuKFsIOF1cB7LqIockkkoQSSSShBJJJKYIfrckuBwPBXV+QT9iiSSSUIJJJJQg5JJJQMSSSShBJJ6ShBJJJKEEkkkoQSSSShBJJJIRIkkklAJsekkkhbwCJJJJUQScw4cmpKAHKuniq4hHI37HuCqXx30dUaKqBwPok7FXqbV0EVbCWP2d2OOEYZVvOlhd2wvNusOo5625W+4WaJ2uxyudJn8W2Dj2W7nNRQRupa44jBwJFgeoLdLbLl/FaJjp6cnE8TR9TT3Rj60pHpPSfUtL1Ra2VkJDZQMSR9wVdj6XLxKx3mXpqvbcKCUPoKl+cDlmT9J+y9ot1XDcaNlZA4ESAEjPBVC7I4Ydhwd0QhsgwQCEIjJ9FyMlvfKgkqquGSim8wzG47H0R43bAg5U+eNk0Zje3IKpZRLb5fDky5jj5XIJFqWSza8EAOwR7rKXm2vslwfeKOMvpZwBNE38B/qAV+JC8bHGEdjWzxGGdoc1wwQe4VxeOQmiroqxxYyrpn62EZ27hXdLURztD2fmPRZh0bun7u2ma0/w6pGR38MlXEcbrfL47DrhkGfLuPutVVhnsryXTX5GCQF498ZfhEy+xv6j6chbHWsBdPE0bSj1A9V6q2ojnAdE7ZPLtQAK7Gg19mitVtTwznW0Z4PiSkmkcHU82dTDgg/6qZTVclE4jGqI8tK9n+MHwkZV+J1P01Bpqt3VELBgPx+Ie68OFR5RqG/BC+0eG8rX5CtWV9nJ1Olx0Cvtgir4zcrYABjL4x/0WQeNJLXDcHGCtvDPJTuE8Byw/Wz1UK52eluTjVUD2xTYyWu2GV67S6v8A5meF8z4pYdlff6Mg/DvK5mR6FVVZThji6MbFW0rZaeV0FRGWyNOCEGSMPbwuxXYmjwGs0yl9k1yZ8yvjf6KXT1QdjUu1dIM5AUAxuY7IH7pzZwbVKp49FhV0kFdCQ4b42KzlVRSU+cDICvKWqLdijTNhnhI0jJQygmIc4voy7ctzkIyPV0EgOWN2HKijUw6SFmnBxFBl0HsmjddQBBAV1CHKICMKEOpJJKEHpJJKEGJ6YnqEEkkkgAGHhRi12TspK5gKFg8FJG0jHCCeVC08nC0E5ITXNAGQE9JQvABwwcBNwEZJAVkDgIJByjpYb/T+6GUdwJBmi1YW06D+KFX0q+K13LVUUHDAD5ox7eqyr4x6ILofQYP6rLqNHDUQ2zO34bz+r8FqFfpXh+/00fV1qu1Jd6OKtoZmyxSDIIP7KwadQXy/0h1xe+jp/wDdD4tK764HOxn7FfQvS3Vtq6rt8dfb5Rh4w5hd5mO9CvE63xluklxyv2fqb6P+t9F9TUqvKjalynwXrPHadUB8/wDT+FSKO4U9ZmInTI3ZzT6qMHYOQcLk1LTVREmTFN/U3bK5+Guz2sp7SfNTvO7P0QAdJIcN1FpbnNRTfLV5JadmvVmWw1UYdG4b8EKFSxJckJ7Q5Rp6VxALQpUsEsDsv3B4IXWnbCOFuwyXaeM1yU9VQRTRGKoga9pGC0jIXhvxH+BVNWMlufSjWw1Bc57oXnDHH2I4/RfQ89PkccqsmpiDsMLo6fVSj0eX8x4LT6+v47VwfCFXT3C1VL6K4UjqeaNxa+N/IIRaerLCHDYr6366+HXT/WdCaW5Uwjmzlk7GjU37+oXzP198MOpugarFREKqgc4tjqoyS37HZdzT6xT4kfFPOfSF2gnvq+6H/oV9NdMkNldjKtI5YZWgscCsc2ZwwHDcqbTV74DqaMj0yunC72eIu06j0aTR7IWSx2cZUekusEwDXu0P9+FPwHbjdaoWbjE4T6D0lxkgOBt6q2p65tX5XPAKoAwdtlyKZ8D9bTuVoTyJlVu6NDUUoIyByqyamLdyE+C6P2EuSFP8SCpaNDmg+5Rg4lHspTFoI2wiNJapdTRPG4ACiPY5m2FCsh46h3fdHjmzthV7OUdh23ULwS8jGcoeoA8oWr3TiQe6hWEGL84826uLZeNm01Qdxs1xVAD6lMfkb5TITaYudUZG215wQnuwWnLgs1QXkxsEU51EcFWsdYJgNKa5KRllS49HauiZMCVnLlbtGdIWnM2BsOVDq42yDYcpVkE0Npm4mNkiMLwCETU17ccYVjcKLVlzW4wFVEPjdxwVklDDNsZpjvDcuOaHDGUVrw9uMIfhEDJQtBvgAQWuwU/nddADsghDLhFKIpDjPBUUsFFhaLlU2qqbUU8h58zexC9asl0prrSsnpZPMcBze7SvGQQMgHlTrHfqyx1QnhcS3PmbnYhNhbgxanTK1ZR9GWPqjwP90uIJDDgP9R7pnUPSDblI7qDpSqdSXPALRGfLN6hw/RZKy3uhv1K2aF7dZHmbncFaO03ua2P0PBdGO2ePsnKWTh3USrZM6e6tir6v+B3yD5C7Q5EkDj9QH4h91pwzHbCqblY+netYI55W+HOxuIZ4naXxu9yN1RUPUt16ZuLLD1oMMedNJXYw2Ye/oeE3DZkdMZc9NF51T0jbOrKD5WqHhTs3hnaPMw/6hecwydW/Da6COpp5nwRuyyXB8F7fU+i9iiIO43B3Ra6ho7xRuoLhCJIZAQQqCjqZZ2T5iLov4gUHU9OzU6NsxHmZnv7LZMczbDAvnXqD4eXzouT+OdIzz1MDXEyQZ/mMb7HuFqegfi/HWuFvu7wJ2YaC44yfQ+6gF+kjKO+jlHtDXeyJ4mk8Kvoq6GsiEkRBzyFJEjSFeTmf5JokyiB4KgeIc43RWSFxSyErJSyU1rhhdyFRDoJzuUQEYQE/JVrggRLI9UMn0KR34KvJAmR6pZHqh5Pqlk+qmSBEsj1THdt1xwPqpkgQkY5QyTlLJ9VxU3kh3JXEkshUQS7kpiShDrhkKor4HW94q4cmInMrBz91cIc7GvGHDIOxCtLLIV0NVHVRiWF2WlEaqWrpamxVfzNM0vo5D52DfQfVXEMjJo2ysILXDIIRSWCBBwVR9S9O09/oXQSNHjMBMT+7XK87FC07lUnjkOMmmeIyRVNtqpLZcmaZmZBBGzm+vuqmOsrug7qy+WmJ81sldqrqNp7nl7fRew9ZdJwdQ0fixgMq4RmOQcn2K82pXTN1Udwg0ysJaWnumOW46FVqfEuj0iy3u3363x3O2TNlhkGduWn0PorVrwfT9V4ZR3Wp+GN1/iMBe/p2qcBU07d/Df2IH6r2S2VUFxoYrlSTNkp5m6mOac5VibNPs+5dE/I9Vx5Gk5Uck55K5k+qYJbGSta8FpGQVUV1MYjs3U0q6QpohI3STj8lCR7MdU09VR1XztO46PxNU4zsq4dTXYP+RUm4RmlLmyjynj3VSGvpyZIzlhOSPZGMTwUXWlg/i9pkMbR48OZIz74Xl7AHtw8Ye3yuB7Ecr3IuD8O7ei896/sMNumffaWPTE8AytaO/rhU1lHR0eox9jKHp+6stdeynqA51NO4ZbnYFZ3rvpY2aq/jFE/VTTebyjg+vsrgwR1UALe4y0jsVb2SshvFJV9MXCMF2gFuo/V7j3XN1em3Lg9j4HzD8fqE5fi+zH9PXZtzg+TqSHEN8pPcItVRvo35GTHnY+izt3ttd0jeX0UhLQ06o3DjGdgtXQ1TbrbwXYLsbry+p0+18H3LxPl4amK54ZyTwLnSeBUMBI4d3Huq+019Rbqw0MzyWA4GUUiSjlB3wP3Q73CKiFlfTDDo9nAcrC1sZ6Dcsbo9mguFM2rpi3k4yF53ebe6jmP9JK2nT1zdVRfLzOyQPLn0QOobT80x2gbgZCJcga2uGpo3x7MAdwR7KHI0YUyoDoHOjeNwcFQnglGzxt69EGcb7KHK0nsrGZoPKhSgZ2V4ORqERU9pwFwgasYXAcKGSMuSbTSnOFZwSYwVRxuwdhyrOmkGBlLaOppLXnBpLXUFpA9VIvdOZ4fFDeAquhnEZBx7rTRhtXR7jsks9RW1ZXsMU0FrtJG4U+hmLZGkHCBcoPlqgsxjKjFxPBwoZMuqzBs6acSAPBCmhweM4yVmrTXAkQErRQObp0k8qHSqsJVHVaJPDfsDwrxjssxqBWamDoT4mFa22oZOxuH7jYhRrPB1Kbf2TiCd10B3psibYzhcJGOEnZk6CeVkc05ac+ijvG6MGEFNlbgbIcBEYkhwwp1NMSAFD7lJkuDwqJXPay8gnJwhV9MJ/wCczZwG6jwS5xlS2P1DjKE2xnu5B0s7w0RSHPpnkJ9RDw4IFZF/xIyQfZPpqh0sXhyOGWpMo5GKa9nGZYQfRWFHVvgIx2UFzd8+qReWuBAWWccj6ZqDyemdPXumnibGTh523PdX749TQvKrRcBTytztvlei2iudV05DnZ0gYPssM4NM9HpNTGyPAcl1LIHkZb7KYMStD4yCEEs1A6twVHpJXU074pPocdvZJbwb+yxibHIHQTtBa8YIPdeddY9KVFmqv4pa2nQTqc0L0WaNw0ysHHdSHMp7nSupahoOoYVIVbXujweedLdVF4ax78ObsWkrdwSR3KAjyuaRuD3XmfVHTU3TlV49OC1pdkEcFWXTHU7mlrXvw4cj1TFhmVZXDOdTWB1krm3Wjy1gOS0K3tVwguFOHagXY39loddFe6Qxva1wcN89isBX0dX0rcfFja4073fkrGpl/WU4OwH7qlrKU6SMDBWjo5Y7jStqY8YI3GdwotXSZ4AVPlFtKZg6+hELtt/dWPS/UH8Nq2NlOADjOVPuFCHn6QsvXQPppiwN/NZ5rJnk3TNSR9B2mvjr6dsrCN2g8qyEvh4GF5N8P+qBAxlLUvO3lySvT4JhONuDwVzbq8nX096tjkntkDhldaSDyorAQfqR2uG+SsMq8M3RkkTopMDtujk6uCqxrzGR3UmOTUN0vDD5bD1EQnidG7uFXUUstuqTDMCY3bA+inmYeiiXCn+bi0tGHDcIMAl5HIHDIIIKe7cKgstfK1xoak+Zgy3PcK8a/wBkOARmotcjsIxnI3QnN2znhDY85wUBRLPCAeT90YHLUE8n7oAToPZFZwgg4KICCMZRkIV3hbNSOaN1i4X6J3Rn8Jwt1M3BwdwsdfaMUlYZg3yybjC0UzISI3jCz/XlrNfZXVMTczUp1tI9lcUnmaDnIU1scc0T6eQZbI0jddTT2bZpmTUQUoM+eeraVtbb4rpEwa2gCQj91mLXVGlq45QdiRlejXa1igrLl03IzA80kee4XmEjfAnfFjdpXo6rVNHiNXF1X7z3Ppq5gwxOa7IcBlaslwLXt7bryToS4vngMJdvGvVbVUNqqcB272jH3S9RDKPS6DUqcEy7jeJIdTTyFBrYXOZlvITqCQaXRO2IKlOZrGPVcqXZ3IS3IrqOfUwMecObsUZzdXdQHF1NUljh+JTQfEZsd0LGFNVxmKtaezkwu8OsbJ/UpN2jcYg9o3acgqDNmanbM36mEI4vDEzWUWMuHjOOF5p8QbY06qhkQw4HK9Lp8TRgjfIWe6ttoqqKQadwCQu3oL/jkpHnPN6OGq08kzwqJ51Pid9TUWElr8+nZR6nMVa8DbDiE5kzdRX0jRXboKR+bfI1bL5R/Rren6ombGQMLT4xKx45CwtknEc+ScLaQv1tDwcrp53IXpZYlgnTPMsRLOcKsbIQ7YKwpt3YPoodXF4MxIGxS5I7VVjSJdNMcAHdSmOIcCFVwP0424VgyUOAAC5+ojk7uh1jTSZdUVUcAHBVkyXIzjlZykk0vByVd07wQNlw76cdH0Dx+p+WHZNa455RsYAUdnZSCQAFjxhnZhLIkksgJKx+W0DeNjlQXZDirJ+Pw+igVAw3I9ULFTlg4SQCo7xjKK14cOUJ3dEomac88ECqyHhwRdi3GRum1rcxnHOUPOWgA9kS7AFUf3LxnkKlpnmOoacd1bPBIOT2VVVFsB8THc8JkkZ5vks5CHtP2VRNmOrhcB2wVZ0rjNFlVVyeYKpgcNgULWOSs8FjKMgKr8X/AHhwxsrQOD4w4cEKlmdond91UnkXJ5LKMgsUKqPm2KNActacoFX/AHzvsrQmx8FdU/8AaYj6p8m4TKn/ALTEnS/SnxWTDJnm/wAYSDa4wDvleVwg+X7f6L074uuApqZpPJOV5tEAWtx6LuaD/bPh/wBYy3+Sf+AdTs3CjxotUdwEyPgLX2zzkUkESSSTEUFZ3Ti/IxhNj7ru2OUxC5dgnblcP0ldPKTtmoJMiAv7/ZRCRnGVIcRkoQ5ysNs8vBojwgtMDnhWI+hQ6UDI2Uz8KKt4Qqx5Bu5KDnLk9wwcrrW5dlFNNAZwgkbMbkIyTG7cp2n3VJCm8jADlTqceUHCjMYCeFNgGGhPjwBYGacZKBGXz1Hrvhdmdjb1U23QxsjEhbkn1Vp5GaWl2TTJtOxzWtYrCMDSD6oEbRgKTA3xHBgKYerpq29FjbWAykkcKPeqzXIIGHjlSzNHS02pjcEKke4ySOlcclyNRHXTaW07Cz1VL1NdTRxeBG4ZI3VrPUfLxGT0XnfUFxdV1rsnIBKC6ahHBzLrHtwQmOdNIXAcncqawBowOyHRw6Y9ThglHIycLKsvlnMteRNbkqQxmSFxgyjtbtlPSETfoTtm8qvlkJcpNTIAdKiNal2MqMfY5qBUOIwAUZxA2QZN0iUscD4L9jGAl2yOW4YmRjAGQnyPw3CHKGbcvBCny52OwXGN+YlbSs31bJ058KN0mFovh9Y33G4sqnwlzM4GyROWODpaDRT1F0a0eg/DzpU0MEWuIBxC9eoKRtJEM8qp6dtoiY15ZgNGAravmLIjGOXIUn2fWNLp46atQiQrjO6rqRAw5Y0/qVb2yhZCxri3c7kqvtdL4kniubkDur+NgwAOE6MtpojDPZIY0aeNk3b1S2aCCd0LPumSnk01wwJ65DC6R4ASkIxlWNrpw9niFZ9RYoxydHR0fLYkWdBTxxxAhmFNH0oUbg1oGnhP0lxG+FxrbcvJ6qqtVR2oTQ5zx6KyposAHCBTw7tLgrFuljQPRY7J56Ht4EPKMlBnqNgAQuVE4OwGFAfINzlSiudr+052v1q01bbeAs8hcQcoBeQMkoLqg5xjKBPOXYaBv6L0Wg0eOZo+F/WH1jGmLhGR2rqg3uAMZU2w9M1XUOZJQGU3qe6l9PdKOuc7ZrhH/JG5ae69DjpoIABC3Su1GCr6PgHlvM2eRfLAW220lrpWUtLGGho3d3Ks2N8o3UYDHdHj4Iymo4YVJJJQDA9JMSUBCpLje6rL71Db+n7fJcLi/REzlElkiTfROr7lRWuA1NbKGRgZ37r51+K/xvqLm6exWDTFBuDMw7keiyfxN+MV16xuRsVqkd8s5xaxreXewXpHwY+ArLX4XVXVpfJWud4sFLIP7vPd2+/bsnJbeTqVaaOmj813/YpfhL8EK28zx9R9VxOZT69QglGHyt7H2H6r6OoqSnoKVlHTtDImDACe3buk7chItsb4RhuvlfLcx/8AouEjC5nAwULJ1JL5FjjyuLuRp5Q3OGDujBG5C4cHumEnKa52ByoEOJx3UaSXSMpkk4zseFSXC7Bkpha4yO7AK0skJ9XdY6fIdg5HCg0VBV3eQOOprHHfbsnWawVtfUisr26WndoPYLaU0TKYYa0ABXKOCEeht0NBEI4279ypDnNaNROyU0vhgkjYclU1TWT1zhTUeRn6neiXKLITay6QtBbGdTuMBCpqaWqAdU7Z3AUmgtENM7xnt1SHnPqrDQ3OQMKiEaKmbC3DRsUiA0ZJwEfYKmu98p6HUxvncO2d0ZAtfdaaijLy4OOOMqiZLXXt5fvGxNt9tqblUfNVTTh30t9FoxFSUNLpwBp/dUQj2+1xUrhJNpeQNh7qRU1QiaRqAwoFRco4Rl7seiwF+6knqZnwwyHHGQUca3LktLJP6i6tw407X59wsNVSmomdISdyiTZecuOT3QtPutEYbR0Yg0UjK6cDfKEZMgghO6LOJh4SJG6GSc8ohkI5GvOShp2cJh4RjBqak44KGSByVC0s9Bj6IeOyorx1jarW1zdZklb+ALA3zr+7XJ+mHEDP8OxKhqr0srD0O69V2q1BzKiX+Y3lqwV6+I9XUaqe3ucyPOxKyk1RNWP1zSF7j6nKLRWuprJmxwsO/JwodCrTwq5mMqK2rrXF9TM95PqcrlJQ1FS4CJhP5LZ2vok6h8wRjncLV0Fjo6IARQtzjc4UCsuhWsQMVa+ipn6H1WBnfGOy19t6ft9CQ9kLS7HJCthEAQCEbw2gDChz7L5yfYFkTW7BoCI2Jo4C74gHZcDZJNgw7n0UEbmxwAbwuNmB7KRHQSOGqQ6W+5TgaGDbIJ9ULeAZNgXRSyEaAnMhI+op5qmn+4OAoVZdKeljL55gw9lRIxcuid5Y8Z4QKq40dMAROAfdYe99fxwyGGnl1HHPosVcr/W1hJdM4A8YKGdqibKNFOz8kb68fEBkUphaQQO+VhLp1TV1r3B0rtOdsFZ6qqmkkl2ThQXVmFnlejr6fQVw5LWStL8kncqBJKMk5UVs0kjvKE/wny4JBCz2W5ZthBQ4Q185OyG5xPdHFO3BLiAPuhuqLZTDU+Tf7pLtSHKD9HGQtcQXtLlJGsNAigGVXTdQ0MAxC0vPYBQp+p6oD+THgH1QS1EUNjRZLpGhiFYT536R6Lkz6doxUThoWSlv1xmOdeMKA99RUEukkcc+pSnqBq0efyNi+6WSmdkyaio1T1ZRwtzS5cfTCywpjnJOU7wGuxwEuV8n+I3+HCPfJbVHVtVM0MjZo9TlQnXWulJzOd1GdG0fSAE0AjhKds5dsbGquHSHumqHnMjyfzQzqPdFw07JeHnhpVqUmW3FPgGxoCdgeieKepcfLGT+Skx2qslxpYr5YbsjEiPGUm49VZtsVafqbgIrOnnDd7VMAPUQRUpK9bZaccogtlK0ZxwijHJS1MX0Z4Ensn6PZX5oqVowW7BM8K3jkYUlHAHzt+ijDMnGEQQOG+nZW5ZbwCW8oQfHnYDAVqKYfysrhA8/hT/liRnH7qYainAxkIJnBJwArcAZSbAeCfRLwT6Ihlx2S8f/AApeChnh+65p90QHV7YXRgd0STYYHBSwUfATXAYRYIJIbIbmELmMINpWR4lx+FOEuT9PKHp91xuxRNcF9hgARlPwExuwCIl5YBzJHIRENyIjTZBySWQlkI5SwAGXQTnlMDx3KWtvqgA7DDPOV3LvX9kzISyFeSto8TkHhEEvbCBlvquB2OyPAMoJExr87orXgDBKhImSrUmgGskrWiCQEbqGHogenKYnb+iU17s8o7XgYOf3UDU3sU5rt/VRSyC6y2pq10bh6einCajmGJ42kHvhZ8S4x7IgnwMaiqB2tdFlW9O0VW3XT4aT6Kirum6yly5oLh9lYxVsrBhrzgK2pL1G9ojqmhw91CRssqfZg5IZYjh7CExej1FttVzZlmlrj2KoLp03JTgvjjJH2QyjuNEdSnxIzKSleAQcY2XDHjsoMjJT5RGSR9JXMFQPAFJE0+64dlBmRJLun3S0+6hMnEsFdHKeAMKEOpJJKAiT0xPUIOPCcBnuhHhOBwjM8gjCcgdkUcILPqCKCMKADkkklAxJyanKIgkkkk5Ih+sbHOBGVLaARyo8sYGCEopeGlfjs/Y+MkhJcByuqAiSSSUIJOTU5QtCSSSUCEkkkoQekkkoQSSSShBJJJKEEkkkhEiSSSUEzTEkkkgBHpJJKBiSHKSShAgIwuggHKFkpZKMvISqpIKyMxTtDmkELIXC3S2qoLJGB1M4eV2M4C2TXJSxwzMMcrGvaeQ4ZRFRk0eH9YdFV8TTd+mx8zCcumpB3/xD0Vx8Per3UBZFXhwgmAaCfwnsVsLhbJrTM6WmBdTyZy0b6c/6KifaqCZ/h6APEydQHCgxfd2eihwI1Dg8Lmn3WasFdVU8rrTXSFwYMwvcdyPTK0se42UFzWDiHUUrKuMxvG3+SJjC6DhCCngz8bzSTmnmJwD5SVZseCBsiXChZWxFpGHDcEcgqnpap9PL8lU/XwwnuoEnuLeqo4bjTmGYDjZ3oqi3ST0kj7RWjJaCY3k7OaraCQ43G6DX29tbCS3yzNGWOPZGngFxBmCSm/nRnLe4UpkgmYHMP3Ci224icfJVTdE8Y0kH8XuESoY6lf40Iy08hPrlgTZWmSh5tivF/i38HRUmbqXp2LFUcvqYWjyye4HYr2SnnbK3U38x6KSMObghdzxvk7dDarKzBbSmfEMGppyOD2RhjOoDBXtnxb+EbHPm6i6Zp/5r/PNTMGzj3cPReHvkLNsb+i+veH8xX5CtTg/u9o4ur0vtEe62mC5sySGTDh4HP3WSqKWaildFMzDmnnsVtGuJ5Uato4ayIxytyTwfRew0erfUmeI8v4KGpTthxJGGlAkyAOygy0/Oy0tdZjSY0Ny091WzUTgM4XcrtjNcHzjX+PspzGxYKJ8RB1ALsMjjsVLqIMdsKKWEZKeeetq+MKWgtKraii1ZcAprHkEZCKXNcNlJwUjM28lDITE7BHKTXahlWs9FFPuRuFAlpvDJACyypwFGWQa6D2XEhylNYHhBwurgIwlkKEOpJJKEEkkkoQSSSShBJJJKEEeFGLXZOykrmAgBB4KSNpGOEIg5ULTycSSSULApIya/6SoDgCuFoXTykhkskAuYNlLs14uXTtwZc7VLpkbs5vZ7fQhBIymuZkYWa6iFnE1lGvRay7QXK+iTUl0fQHQ/xCoOp6JjHObHWsH82Eu3b/1WzZNntyvkqN09PK2aCV8cjTlr2uwR+a9l6C+KFNXQxWq+yhlW0YbITgSAevuvKeR8S4N2U9fo/RX0Z/4jVeUxpfIfbZ+/TPVP5c7dErA5vugMbU20l9C7VGd/DcePsuRzbDHdFacrhNNcM+tqcbFmDJ1HcYLgzS4AO7tK5LTPidloy1QTTMkOpvkd/U3Yp8N0NHJ4Fwf5DsHIdpbWSTr1DB57oMkAkHopuiCpb4lPI1wPcFAILHFrhhHGW0VZVGa5KuppDnyhVtwoYauI09VAyWJ4w5kjQ5pHuCtIQCDkKJPThx2aFspvwzj6rx8VzFHzh8R/7PLHeNeuinFkh3dRufsf+X/5fReGVdPX2qpdR3KmkhkacEPbgL71kpnNxthZLrL4bdOdaweFdqUNeAcSx4a78z3XWp1jXZ80899FU6lys0/2y/R8btla7gq2orrJE1sb8OA4OVouuvgv1F0UXVtNIK+26iBLG0gs9isOyXTgE/uupRqdx8n1ni9Ro5bL4tGsp6mGYeV43RXtBwSVl45nA5Y7BVnR3N7HBsp29V0oXZ7OZOraWTwW4HKNBMWYI5TY5aapYBHJl/AC66B3GVo3Iw2c8MnsuGQGzuTpDBI3LH5yqpuSdzwjNJGCCryKcMBjH5tkhsmiTthdG6JSyTB3JSyUkkRQ/OFxNSUId043UmnuD4XAdh2UfITSAe6tPALjkvoa9kjRvuUR8vqs6yR8Zy0qbT1moYldwr+RsTKrBYSMa4EkdlU1lHlxIbyrJkrTsDnK65rXZygnhlxk4vkzr43wvA0omz24wrGspmnOlqgRxmInIzlJwad+SO6NzTshyNBGcZVg5rXtJx2UR8Zz6IZRwWpZIheWkDCIcFvK7IwHgIektKEPbkl2i6Vtmq21VHIWuB4J2K9f6b6lo+oaUEOayoaPOz3XizTyPVSbXcKu1VbaukkLXN535CZCbizHqNMrej3ynnqKOQSU0pYQc4B2K1dPdrL1HS/w29U7NxpIlYHsd+q8u6V6pgvsQa94ZO0btJ5WnZkHJA+63VzU0ee1FM6p88Fmymvnw+JZG2W6WEuB8z8zUwP4uDlq2NvrqavpmVVJI2SN4yCCs9aOo5aRrY6rLm8avRHqenmir/jfQ9TTUrnAulo8nwZnHkgbAORmVrKy+zUsOo7jhY/rX4WWbql5rrVi33UbxzRDBcf8WFcWq/Q1Ez6G5N+Ur4TpkgdyHe3srxpI3wfuqYEbZUyzE8c6d686i6Cun8E6yic1mkNFRvokHYg917bZeoKO6UsdVSyh7JACCDlVV7sNs6kt0luu1OJYpBjgZC8mu/S3WvworBdemPGuVkecS05J1Rj1z/6Kn0MVcNZzHiX/AJM+hWS69wjNd7LzXoH4rWLqunZCJmw1bdnQvduPz7r0GOcEbhLfZgsqnVLZNckxs7uEZsmQFB8QE4Tg45VAYwTw4JwfnsoQcdtypLJAR9lCgmcpZyh5CWQqIGyPVLI9ULV7pavdQgVJMyF1QgkkxJQg9NyVxPUIJJJJQgkkklCAJWNkbpcAQdiCs/OypsNT4kYdJQyHdo3MZ/6LSKPIGyDS4Ajgg901kIcdWyojEsLgWu4IRNYwT/qqipp3WSo8eEk0Uh80Y/A49/spjZmytDmHY7hTgslNlydgsp1l0k65wuuVrcI66MZz2ctKO6IJFXQ6qW18ni0fhXKKW3XKmxkGOVjxsT6hVVlvl0+F90EFQZKnp+ofvk5MGfReodW9KMrM3K2sDKhoy5o4csY6Onu0Elur4AdtL2OCucc8rs2RtWNr6PRqWvpLhGypoJ2zwSNDmvadiCpAOV45ZLncfhpXimmc+osFQ4Bg5NOT/ovWaW40twpYquilbJFK3U1zTthSMm+GZrqtnMeUSEwkBInIyhknPKcBgHUxR1MZZI37FZ2op5KWQxuB0E7FaVRqynirIvDeMc4KpPJa/SKIMA3GMH3Ue40ENxpZKOoaHMkaW4PunPEtHP8ALVGQCfK71UnSMBMGwk63lHjFXQTdMXR9nrm+QnVC/tpJ2CZV0zwRW0bzHNHu1wOPyXpXWXTf+0NvHghoq4DqjcR9Q/pXmtFVPcDTzNPkOl7TsdkqUdywdaixTSbC3iipevOnXvmiaLlRNPhvHOe/+S81st2qbXVGGVxBY7S4H2XoU8ktmnZX0WQC7D29iFT/ABF6eFYYuqbPTgtmA+ZDew/q/L/VcjW6PdHcj330t5uOkt+G98PomTRtr6Zs8eDkZ2UWiqmxuNPM3ynYgqj6YvUsEopZZNUbuAey0FdCxx+YjZg98LzVteWfadJrPkgm/ZS1LpLNcg5udBdqH2K1tLUxXGmbI3GdOeVTVFNFc6PS8Ze0YB7qu6cub7fVGhnPBwMrNFuLwdKuxJ7X0N6vszRH85DHgg+bCxzmYB3XsF1o4qykOluQ9uV5ddqB9vqXQu9cj7JyZx/L6ONS+SPsp5R6KFOFYSbqJLtumcM8nbHKK+QYSRJhvso5OFDnyW1j2cqbTuwRuFCAweUaB2CCga4NWmltfJeUj+G55Wus8oLGw5G45WGppcELSWyoIALT2SWem0F2WH6joWPj8Vo3Hos3o7HZbmogbV0/h4zssjXUj4ZdGOEs1aylr/UQKjmME4etLR3AnDiFlHnQVPtta6N2h5yOygim5x7NiXCenyeUygmNPMfdRqGqDhjsi1sQwJGDnlQ6ld+Fk0lNOZWhzRnKlNdntwqOxV8Jb4Ehw7sSrxpztjGFGdam5WQyh+3ZBcwnJTgTlOI8qXg0Mhv5TTthPk5Q3bISuuSRBIWkBWMcuWgYVMyTB4U6CTICAdXPLJ7mh452VbOHwS6mHAzlWDCNJ33IUWZmeQgayPlJ9hIqkPaDtnunk5VectcPLjHupTJmkBLdeQoXPpklr9LgMLYdNXgQytY92Bp0rGatRCl0FWY5hq2WO6s6el1PxyyewwvjnjD4znKDUR48+N1S9O3mJzRDIfbladzWSxhzMLnzjyepqnvipEWgrsf7rUu54KkOJicHMHuoFXTOx4jG7hSqGrjqGNjk2e0YOUlsdnjBMqqKmvdC6mqo2uyNs9ivKL/07WdPVZliDvCzkFerMc+mfnPlJRrpbaS/0JjexpcAopYZnsqz0eb9O9ROa5oL8OHI9Vr6unpL/Qljg0ktXnd+stT0/W9wwnyuVx091A5jmgv37hHkz4a7I8NTVdK3AwVUjvl3uw0njC1gY2qiEjDlrhkH2Xb1Z6W/2/JYCXNyMeqyfTV7nsle+z3KQmIO0sc7lqNPJalh4Lqso9+P3WeuNtY9+S3PstxWQMkxIxuzh+SpK6hc7cAIGslzhvRg2yS26qIaSAHbL1PojqOergbDPICW7NJO+PRefXm3Pc4yMbuNio1iu8torQ55doOxHp7rJZDJKpOo+iGnLd+4XYydX1cLPdP3yOupmNMurIGDlXh83HZYboYZ1arVNEzAdjBynMdpwoscmk4zlSHDWAQcLNhGuMuA7SCR5kcAY5UAHB3KM1+3JSsILGSLcaSRx+ZpyWubvsplpuoqWiCc6ZW7b911VVTE+lqvHjaccoMFGrBB3BCZ4ZAyP0UOgrIqhrXtd9x6KxLg5uMIZRABtk7YRAcoEjCxwJHl7lFaAeEos5JnbC7CTwVzGU5qpkOyN1KovdCKqjdgeZu4VzkKNUR62EfkUVbwymYmhkLHGF3IVixxz7+qgXGndRV2to2cVLgeHgOB5XSplkzy+7gyPxPtBZHTdQ0rB4kRDZSO4Xi/WVIY6hl1iaNMwGoAYGV9LXahjudBLRyDLXtI+xXhl+tpFPW2ydvnpySz7Lv6SfHJ5byml5bRl+lLo+kuDHF2lrtnD1XtFhrxqY4O8rgAV8+0czhOA3Yg4XrvRlxbLCxkj8ubstlq3Iy+J1Di9jPTYMa9YPdTRIQAQOFUUsgcGEFWzHAtBXNsjhnsapZRW3GIl/jY5K5SztLMZ45U+ohEkTmkZ2WfhkdDVeEc8pQ/JPuOHQHbsqaMhsToTycq+eWyN0nsqEYp68h+cE7K08AzWUSrXIWAwuPm9E6405mheCOQcqNSuMd5b/SRwrio0k/Tst2nngwXVqcXFnzh1lSCguE0jRy49vdZ+CpORsvUvihZGtjlrI4diNS8nYNPZfQfE6hWV4/R+ffqzx38TWSeO2XdDVOZu3lbywzmal1PG+y84opNJAPdbbp6q8RvgkYwF6Oto8hXL47EaeMkEH0Xapgli1Y3AQI3YIwjluYypJZOvCW4gN2cMFTITkYyocrfDdpKJDJpIyVmshuOhRY4lpE7BBHZW1FPnAOFSxvGnCl0bsOySuXqav0e18PrIwSTNExwxnKKXbY9FXxyOcAMqUx2y5Fsf0e1qtUlwF1nP2T2uQk8HYpKZpTyOJ9T2UKpzpwFJPKDOzW3CnYuxkJrznGU5Rg4+M5p20o+ctTYxyY5yBTDU3CgtJ1EKwJBJVa84qnNxsUWGLlLCOnhVNzz4RI7Eq1mcBjdV9bpfG5mM5UwxDkGsk+uDONwoXUUYB1hEsLhGDG48nZE6ii8Wke8BVkrcKll1UjNO40hVlS0+KcqVYHeJRNDt8bINyAbLsFCDqRzi3BOcLlQP5pPsmUUmXOB7J9SQXqxE1lFdVYEjHeie45GUOtYQ0PynjdjfcJ8TI+zyb4wzYZTMHqvPaUkjJW1+LlQDWRUm5cNwsPS8EHsu1oVis+F/Vrz5KQqvfT7JjUpjk8pNWuHZ53lIImtI1DdcJATG7uTAmskgcJuSut4XEYKjh5OjlckOy6OUGoeOyVa8IL2AcTqKG3OoLn4k9h82650pch/0k2myACVJk+lCgw1oKdJ9K0ViXywbtiixDYbIOMEqVHwCmskkkPSSXQMnCsUSIe2ymYDW5yo0LdO/onzuw3H5ohFizgDl81Q1rd91fUkekAAcKstMIkPjEbnYK6jbobjG6ZE9B47T7Ybgurw24xkqbbY9vFKgM1TSgY2VmB4MYACcuztQlgVdL5dIKq3ShueEaqn33VXVz6IzKfwom9iyzBqbszaK3qa6tih+XY4B5Cx0bXVM+t24ByfdFvFU+sqXHVnJRqNgZEBj7rFOfyzwc+2YcEacALiScz6grxgxN5YZgJKNI7SwBchYSModU7AwETAissh1Dy54TmfSEM5LkTOGpUuRq4QKQkEAFDjJLt0pOSnsGMrPjLJnkIMYGyEXeJKGN4HKe92nb1TJC2khMr93uzpCXbLabdLU5y3egLmGuqmUdONRc4N/Ne7fD3pr5Omh/k+bAz7LzX4Z9Ny11c2vnj2O7R6br6KsFvbSQNw3ss6lvZ9C8FoFXH5posWRthYGNbgAKuDjX1RY36W7I9zqHDFPE7cjLiFLttFHDGDjLjuSVpS4PUx56JdLRiniAA37o8bcnGV0cLjiAEQ9RE8kd0J7tIyd1wu35Q3kFw3VN4HwfoPTh9RO2MDkrVUlP4bGgMAwFUWOkIJme3bgK71YH2XJ1N+57T0njtPsipMfho9AnU7S9+cKOMvd3VtSQeGwOcN1zJ2Z4Ou3gNG0MaEKeTjBRJ3AYAUKR225V11Ozox6vVR08d0hksxPKiSzOxkDICU8w1YUOaWWeV1DQu1SP7+i9HoNJtjwj4h9a/WMKIuEZDzUnOlrdzwtV070s55bW1ZBed913pfpVsEbKq4DXI3cZG2VsImYPGAOy68IbT83eU8rPyNrskEjaGgNaAAPQKQMYG6EON04AphxvYRFQRwjJjDQkkkkJBx4XMbBOJABd2CzPX3xAsPw8sxu97l3dkQwg4dK4YyB+oUxki+57Y9k3qzrKydF2p92vVQ2OIAloJwXkdh+q+SOsevetfjFfhbLNQzGGZxEUEbs4A7k+6hGs64+PfVb6cSvEAGqKnY0+HE0H0zt/6L6o+GPwnsvw9tzDDHruEu80vILccBNTUDrxhV46tysadnpfoofg18B7J0DCLveWmsvsjQ7W45bB6aT+f+S9afIG4HJK5gAk+qGWnOSVUptnIv1VuolumE1Z3SzlcGySRgA6/PY4Qi0AfUE+SZreN1ELy4qwwpd7oRcdyuE+pQ3OA3KhAmtRaupDBpJxlDq66GmhdNM8NaO5WciNy6rnfT21pFP+KoHGPQFWkQfWXeern+SoGanu21ZWg6e6YFO/52vAfPgFvoFbWTpuitVMxhia+UDdxCttLceQDbbZVKRAI8ozgYCh1tyioojI879hnlVt96iMDhb7e0zVjzgRt9fdOtPTtRIGV96f4k7txGD5Wn7KZIMjhud+f8y7xqemHI41K+paCGjY1kYz6lGiBDdIPlHZGVt5IM8NuOEjpaMl2F2R7I26nnA9VUTVss8roKQEj+v0VEJNbVMGI4DqkI2Cp22ZoqTW1g3PPopXi09uY+apkBeB+apKy+T1jTFESGnuVCFnWXQQeSmI/JRPng/JqZcfdVwBYMk7+5WYvl7E7zS0zvp2c5MhBssJ1N1AZ5XU1GeNifZZkHOSUd+DuTugvcAFpjHA2MRh5TE0yNyhOcMcow0sji84O6Ce6TskkZQlBqgPyVxJce4M+rb7og1F9IZIDsmjSASXBUF/62s1nPhSPc+YbFgXnV/wCvrndHOhp3mCHsGbH9UZpp0s7ZYa4N9fetbPassbI6WZv4GrBXbr+7XN7mt0wsP9Gxwsq6R8r9T3lzncknJUymtVdW4+VhLsqHTroqo7QOed8z/EfIS49yj2+21FxnEcbDjucLVWboiOJzZ7i5shxkNHZaymoKanaGQQMbj0Cgq3UwjxAzNn6Iiif4lY0HHAWopKGClGiGBjWj0AU2KIu5CksjaO3ChjlfKXZGZAfTGUaIAZ/yRQzOw3Umnt0sxBcNihcsCJTyRMZ+ndHgoqubBMRa098I81TZbc13jSB0jMggKnrerqmdpgoiWRjjKHeRJyLZ8NJTDVVEfbKjVPUFNGNFJHuNuFl3zTzv1zzOd65KFU3mhomeZ+SPRTchkKJy6Lqor6mpbl8ha0b4zhV8t4t1JtPU7rI3PquWXLY/KMckrKV3UDMuMkms+mUl3pGyrx85v7kby49cva5zbeC0DbJ7rH3G+vnkL6qpccnOCdlm6i8VE5LadpAAUOKmq6l2qqJwkzv9HVq0Ma1ksq67QOJDGkn1Va+41tQdDOPRF+Wt8QJlkwR7oE16ooWFkUQcRxhZZ3nQrpfpBY6asmy5+APXK7/udP5qh427KnqL3USZ0nSD7qBJM+c5e8kpU7GaYafPDNDUXy10jMwNLnDsFVVHUdZPkRAMCrXMGdhlEhppCAQ3OUhycx0aK48se6trJj5pSFHk1PdqcSSeVOgttTJwzAKk/wAGkGPEPPoqacuwnOqt8FOGNHYJbeivBaaFg1SPwu+HbGds49kPxlfMn+JSNI40J5p5zjw4jkq48e3s4jGfsmfxJrCRHHt9larZPkn6RWst9wfzFsiiy1z/APh/uphujzwSPyTDcp3/AEuOPup8RN9j9YOs6bDmh0j2h3cZRhYqWIgOkB9VGM0zjkPcSfdcAq3/AFA4+6Yqogtz/ZPZbrSwZcckLo/ho2AGyh/LzO5aTn3T2W2VxzwrVeAHNdNk11bSRMw1rePRRhdoG7g4T/4RK/GTt9k9tiDsZiH33RbQJWQ9sjyXsnZsiD/E53g+Y4VtF06zYlgUqOwx5/ugjVZXzUpGbNZOT9RQ/GqSdnuWubYohjMQRRZ4QMCAIviB/l1roxpbXP3BOF1tHWS4DyQtoLWWjDYhj/lTv4c/jQP/ACoZU7hUtavRkG2icjc4Rm2WfGNYWp/h0n9H7Jfw+X0P6K40L+oFa6foywsUurdwKkixR48zR+qvjbZT2P6Jfw2b3RfFFdICWtnIpW2WlzuUZtmpDsrT+HS/0/su/wANm9ELrwD/AC5/srRYKQjZ4z91z/Zhh3A2VmKOccNIRGxVjfsrVaJ/Ln+yil6VmG7JeexCiv6ero98Ahatr5QMFpz3TxNwXDYK/iXpBx1c12YqW2VcY3i4UIxvBwWkY9l6G6WCTyjBzzshi3UMwIfEN+dkLrS9DVq/2efEY2ykBlbmq6Uoahn8rMbvUKun6LqI2FzJB7ZCXKP6Gw1db7ZmBtlEG6sKnp2vgbr0h49goL4pYjh7C0jsQlOPI53wn0wSS7j0KWChfA07rd6pa3eq5pXdPuoVkJkpZKSSgI/JSyVxJQgTJSHKGkmgBwRhODgEHJSyfVQEkgnO5RAdtyo6fkqC8JhCSMbojXISeDhWmWF1e6WSgtznkoo4TMoVgK1xBzlGY7uoqfkqwJRyTGVLm43I+xV1QX4Mb4U+JWY4d2WbGyKzYjZQVZWn2aKe32m5xn5Zwied8HsVQ19hqqXLjHlvZw4RI3HnJCtae7TRM8OYCVno5QGMpQ6Mn4WMgjdAdg5BGFtJqC13NuY8QyntwqCttFVRyFs0RaBwccqYHwv/AGUvhnO4XDGfRTzC0DcIOgoJJvoerQGClgouj2XMBRPIxSyMAOU8cJYC7lQMSYknqEGJJJKEHrun3QUUcoxTWAq6D2TWfSE4coQAg4XVwHsuoiCSSSURBJyanJiIfrOT2JygDIOVwE55Ri0EL8en7LxtHMk2wUYHKhnLSjxkbqk8lBkkklYoSSSShBySSSgYkkklCD0kklCCSSSUIJJJJQgkkklAZdCSSSUEsSSSSEAekkkhayQSSSSogkkkkZAq7kriSIAc5ocC1wBB7FZa+WKaAmsoQS3lzB2+y1S6McEZChaeDDUVbHVDwZyPEZwe4WnslaZAaadwJaPKT3Cqr90sHvNztIEczd3sHDwqq23XxX+DNmKVpxvscqBPk37ox2KFK3GO6j26tM0Yildl4Gx9VMeNs+iEEbG4DnuoN1tUVbHrYMPG4I5BUokkogaCBvuVCJ4KGhrJIZPlKwYe3YOPBVyA0gbjIQqyghqQXOZv6qupqiamlNJVZ0/gerbwFL7glzoXPe2tpsCWPcj+oItFWMqmaX4DhsQVKGHAEHIVTW00tJMaiHOknJAUjYAyRUxupH+NCMtP1NUqCdkzNbfzHomUsraqHD8E4USobLQSeJHuw8haI27RFkMstRg9l458Wfg9DV+L1D03F/Od5poWtyXu7uXrdPUMnj1sPPI9FJzqBA2XV0Hk7dFarK3wY7qN3B8SyweDsefuh87r334s/CiGpEvUFggwXeaeNoySe5XhTotBx/qvsfhvNV6+pSi+faOLqtH7RBqYhKzS5VFTbTKDowCtA9mRyoz4x/SvU6bVPtHmNf42vUrbNGNrrfLEcubt9lTzt0nheh1FNHUM8N4znv6LOXexyxs8WJocBzgLvabVp8SPm/mvp2ymLlWZgtz2TCXNUl8ZbnykYQSNR4XRUlJZR4m2l1cMdE72QqiEPXdQaQE8yAjJQPoUirmgc08IJBbyFbua1/ZRJoO7W4SJQyHGWSJkroJyk5pHZcGc7hL6HZTCDhdXARhLIQFnUkklCCSSSUIJJcyF1QgkkklRBLhAxldSQggyFxEIHKGeVAhJJJKEApIyShWBiaWpySBrIILA9F3GPM3Zw4PouJJMq88Bxck+Gbror4oVdmmhoL2/xaV3lM2caD22XtFBcqevgZU0r2vjkAIIK+WpBnC0PS/XN16bkjgEhkpcnUwnj7Lz/kPFbs21H2D6N/8AEO3Szho9e24+n/7n0pHJkA4TpGRTNLJmNcD2Kz3TXUlFe6Rk0MrSXAZ3V1I/cDJC8zZBw7P0LpNZTrYKymSaGxsltgM1EC9gO7CeysqWupblEHAhrjsQeQVCY7sTlRqmmY5wfHmN/wDU3ZKayaXJMt5ad8R9R6oIeDyFGo72+mAp61pJGwf6hWnykFWPGpZWlx3Lcqk3EvBEfA2QbeigzUqsZGSU5w9pCG4By013NGDU6SFnOOSnqbZDUQmKVmx9Oy8j65+A1ou4fV2YeBPucZwF7e6MkIPgDO7eFur1M4vKPO6/wdGrrdV0U0z4Xv3St76VqDT3amLCDjI3CrI58nGF9zXzpSy9Q07oLnTa2uHLcArwLr3+z5U0T3V/TDw5u7jHjchdrS6xS4mfIPN/Rd+lm56V7onkUFY6E6mjBIwrWjvzYgG1O4Cqq22VttkLKyLRtsexUQSZOMcLqwnu5R4PUaV1Tddqw0bbVRVkfiQHcjcDsguiLRwSPus3BXTU5HhnCuaS9MkAbUgfqnqfHJisokuiVq3IwiNeEo3084zCmS00g3Gf1TU89GfZ+woIPBC6og1RndHZJqGccoypRwdSTs5SyFATmSlkriShB6SYkoASo6h0ZAUyKcEBVmcbpCY/ooA45LZ2l45UOeEcgbrkNSXEByNqDlCdEMtLTg90yWIFoOFNlhDsHHCC5pbgAIGshRlyQS3BwUKWMYGFOlizuG4/NR3DYgpSjgfuILhpKKwgjCbI3OUBri0quiYyTaWqqKCoZU0sha5p9eV6r0h1nTXiNtLO9rKsDDWk/UvJIyHjddY6emmZPTvLHsOQ4HdaKrNrM2p00dTHEj6QhaHtw5uCPdTaSsnoHh9NI5nqGnGV510V15FcYWUNxeG1TRgOJwHL0Cnc2UBwO2FrjNM8zfp56eW2RrKWusvUUQpq5raesYP5Up5z7FSxFeLYGtrQKuHhskfOPdY7wDsWjB7FX9m6mnpIhS1wMjBtq9vQozFOO7o0kUjXjLd0XUdtzge6iMjidG2roH6mO3c3OcI7X+oUEbWnlGD64+Ddj6lnddrM7+EXP6vGgGkPPbUBysta/id1d8PbnD0/8Sbc6OH+7hq9RDXY9duV7a0+yDdLPbL9bpbXdaVtRBMMOY4nH6JRtr1W6Khesr/zHWe/W69Ukdbbahs0b25y08K0bJqGcLwW9/CXrT4fSSXz4bXmSWlYdRtzic/+EZ3Wm6G+N9hvzI7XfWyWu7DDTFOMBx+/b7IUS7Rbo/JQ8r/zPWA8dk/WeyhB+wJBCIJMgBG44Oc444Jer3T9bvVRWkkg5KLqAG5VNAhdbvVLW71QvqXCMI9hAwJyiA7blCSyVCBUkLISUIFSTMhLIUIPSTMhLIUIPSTMhLIUIFJGOUA8pZPqkoQbIxkjS17Q4EYIIWfnhntEvit1SUj3b9zHn/RaJDkiZIwxvaHNcMEHuqYSeCFC4PbqaQQQCCF2QbgqC+Oa0zYBLqZ52/we32U9jw/jvwqDQiDjlZHqfpkTk3K3DROzdzR+JbBAe0dioEmeYmKC6Ur6StYHAgte0jhUFurrl8Na8RzufP09K7c8mnJPP2XoPUvTLpc3S2+WpbvIwcPH29VQMlbV03hTsDhjS5rh+xUQ+E8LD6NpRV1NX0zKuklbLFIA5rmnIIRTwvMqSoreh6r5mnL5rPI4maM7mnz3H+Hn7L0ShuFLc6SOso5WyRSDIcDlG+i51pcroKeU1yRdvwuK0hSREutB85D5Ma2bj3VJDK8v8J4LXM2IK1Co7pRlk7aqEfUcOCcWpYGDY5Xn/wAR+mnseOo7PBh5P+8sbsNPd2PVb6HzjOMIroIqiCSmmYHMlaWkfdUx1VjhJfo8Va6O4URaCCS3KHaqia3TfI1RD6abylrtxupvU9jf0pd3vjcW0srssPI3/CVGqImV1OCBvjII5/JIsju4O1XY8po8/wCsLDL0xdg6KQPpZSTBIO57NPurix3H56m8GZ4JxsStGYI+qLI/pe5SCOqgIfE49/ReaxuqrXVPpZCWSQvLXA+oXnNZpNr3I+tfSvm43QULH9y4ZrMS0U2T9BP7Kpv9O6KaO4wbdzhWtLVxXOi8ufEYMOBP7qM8eJA+mlGewXFshsZ9JjdGcfs7L3pm8RXOk+XccPYOCVA6ysgq6b5qIYdHvss1Rz1FhuDZtzHnBx3C9DhqIbnSBzcFsjMpafo10/8AzVLqt7R4zM4sOkqJOzO4Wq6xsgopfmYI8NJw4BZZzy4cJno8brtNLTzcWiE8KNJyFLlB9FFkBynQ57ONbH9HANwis2AQxyiDhRpYKi8MkwSFpC0FpqiXYOOyzbdlYW2q8N+6yTWGdjQ3OE1k9ApHamkZzsq270AdG6UN3Cda60uxtyrWoiFRFhu2UB6xpX14MC9pzvsuMeY3gjdWNzpxHOWtbgBVjx2IUOFanCe0vLXX/SCRlaKN4lYASFgaerNPIH9gtXbqwTsD88qGvT25W1kuT/c5WysG2VqaGqbPTtkG5xus2+MTRkcpWqukpKjwi7y5xgqzr6ayNfDNenHhBhc17dbTsQjHhUdL8kmiNOPRRnDAU5wyVGmZpwlNZCksoi/8RTYHAFpyFDcnRHjJQAwntZcRyZATn/bKiwbAbqVkaRlUboS3LBEnbtkBR9bmlTngHOygyDshxgrolUtTnZylYGAW91TNcY3ZU6GqBABSbIbh9Nm1misle+KZrHu44K9FsFy8f+U53bZeSRynIcznkLUWG8Ohc0l+HLn3VnodFrH+Mj0p7c8BVc8T4ZPFYMb9lNtVygrY/MQHYRqinD8ABc+cXk7sZblkVvqWVbDFI4ahspEfjUkuWnb/ADWfnbNb5/FhBxnJCvaGvir4Q1xGobJTGLDH3e0UXUFE6OSMF2PzB9V5JeLPV9PV3hvBDCfI5exU+qCX2PZDvdlouoKJ1NUxtDsHQ/G4KqM9rM9kM9Hn3T/UsrA2F7+OxUnqix097phXULQ2pYMnHdZu72Wu6frDFK06Wnyu9Vb2K+8RyO3757rTCaaMuNrD9KdRPcP4PdiQ9nlY53I9itHV07XN2Gx7rG9R2t7Jf4rQ7g7kDkFW/SvVUVfG2hrHaZG7An/JE2g42JPazlfRYJdpWMvFA6GQyNbs44+y9QrKVrgcALMXS2eJlugEFInEuccxwiu6K6hFC8U9Q7bOB7L2C3V8NdTtdG8E49V891kMlFVOLcjByF6J0J1I2VjIXOGobYysVte4Ki1x4Z6W0nO5UmOTbCrxLqwQEaKcZAcFilDB163lZZIlzqGEWFxIBym5a4ZKYDg5S8D8liwggDIQ6iIPi0DG6BHLjCJnPdLCwQKNz6Ct0v2a/ZaaCbOBjZUVVTioj0kbjhdtNbKHfKzuyW8E84QzQEo5NIQHDB7qPqdHIW9l2N+MFOkw8Z07pOARBwK6gZIKeHcoCx2SuEkjCad1xRdlMoOoaCRwE/LR2VZQyZIb6LXVMTZoXRPGzgsUQ6hri3fQSQt1LxyZ7E10WzSc5JXm3xCtJpbs25saPBqWhj/uvQTJqIwqnqm3NuVnmiIy5g1N+662mucTnaqr5Y4Pm7qCi/hV5kZH/dv87fzWm6QuBbM3z4BwEHq6hM9C2YNBlgGHH2CoLHWOp5m5OAV2K570eTg3pdUfQlrncYA4791fwO1MaQeVhOi7s2phEEjsnGFs6N+lzoj33Cz3I9rprFOKkTtlQ3mEwTsmYMZOcq7AKhXendPTeUZx2WNmqRFgqDI0EqBeW6Qypa05ad8JUkpib4Z5ClTBtRA5pHIwoik8lbUSEGGtj74OQtAzM0bHHkjKzzIzU0MlOzZ8OSriwzunocSbuZstOnlzyItXspuqbXHXUM0DmZGkkL51ukAo6ySFo2DiF9R18YceNu68F+JljdQ3M1cMemKQ6tuxXqfE6l1zSPmn1v4756Pmx0ZWmORnOFqemq1rZg1+zsaVkIpQMYVva5iyVr2ux6r29M9yPh8niWT0yFodv7IkL/5rWY2UC1T/ADNOHZ3bsrBrdJ1FaTo0WDa+nO8reAoTCWuG+FbyjxIS3GVTzjS/SOyB8o6EJ4J8UmRjKlwTFh1YVTTyYOD/AJqwZIMNIGyw3wydrQajEkjQUz2vaHB3KnRN2G6oaKo04GFcQSawMlca6vB9E8fqo2QJTuAutPqUMFJyxTjg7EZ5QRNecNJxlcXHHAQFTeSpqB4c5fwCnsfqaPdK5NJjJHYoFO8OG+y0QMVktrC+bJz3UOoGhwcpu3qodaRJEcchMwJlLJGmccA5UJ+STqUo4A3KjS4zt6q9pnnPJCopS2vdC3YZyArm44fTYcM7bql0hlex7RjbdXc2J4AG9wps9lQkUVjm8OrlgJwzVgBSbnEQ8kj7Kvps0lzeyUfU7IVvcBmPPOQgG7irpH+Yo9RnYqFSSYmDMcqdI3LceiADLZAuAJgOEh/dN/5V2oGqF4TNQ0NGeyfAwze08Q+KMni3lpPYYWRYcZwtR8T8m8ZB4cspq8uMLuaN5rPhX1PmXkZMbKckIjfpCjuOSixrTHs4cksI5ISBsnQbpkgyi0wIcEzJTeA6SIC3RhBzglGUnk4eFFlO+6lcAkqJLueVlukElkCeQiMHmQs5RWnz4WNrcw5dE6LJHKdJ2TYtmkpOWqEcGd9nWc4AUtow0KPENgpR+kBGVY36Gp0Y82cJqJG7GNlYuXRKiOoJk7suDQNzthLUW7plK109UMoiqY75pF7b6cRRNaB2U1+GjGEOBoa1v2RQNcoweE6Mcnq6EqoKIajj1HURjCkzuDY9yuxNDIzsq+41Qip3d8rTGKXLDsltjki1Mut+AeFmepayVkfhseAMdlaTVIihdK8nZYquq5Kqqe8u8oOAs2snthhHKslv5BQs1OGRyrONoDMKLTNBAOOFKaQAsVafZkslkSNAzLsoTdyplOz2T+zO5bQzWhrP1UCqdkkZU2bYbeirJOVVnBdbycjAzuuVDgcYK7kDZR3E5IylSlgYxZJ5T01OxulN4ChBzeEFZHrITaaknvdybR07SRkNG2cI5AigLjnOOy33ww6T8SP+I1DXh73ZAHostj3cHrfG6HdONMV32b7oXpgUFJEwsbqYBkhbxjWQRgZwAolppPlaXOOVy4TudEYwcJUFhn0aulU1qC9DYAK2udJp8rT+pV3E3QNOFW26IMgbgbncq1Y7IBwtUZYH1oedhlRJZiRjCPNKAA3HKiHbfCM1LCXIg88o9ugNZPucBhyVCe/UQAtLZaIQ0wLh5n7pF9m2O016Ol2WJss4IxG3AGAAna9S5r0jCfTxmQ/muDdPHZ6qpKCwSqGkc5wkfs3t7qykcI27Y3Q4xiMY7BR6ifGFmgnZLCFajUxpjuYpZSTzwoNRUZwNsIdXWY444VOZ57lVfKULskck8e69J4/QywpSPjn1n9ZQ0kJQUiU6d9XVfLUjdfq70Wy6Z6ZioGNqZ2apXbknlc6d6dioY2SzRAvIWlhGMDGy9BCPxrB+X/K+Vu8nc7LGTI8adhgIzQEGPON0ZqI5YRPwExPRgiSSSyFAgq4TsunZUHWnWdl6EsNR1Be5tEEDSWtB80jv6R7lCWk5vbHtkf4i/EOx/Dnp2S7Xp/15EMQdh0rh2H6hfKVst3Wn9o3q0XeuEjbYHljWgbQj+lu/791Mtdm6n/tI9XM6g6gnkp7RFIRFFpOkMzw3f919X9KdI2zpi2RUNHTMYI2gbBV0db/T8VWkkna+3+gPQXQVj6HtENut9MPEaCZJDu5zjjO/pstSeENox3T3OGFMuZx7bHZLdLsaScriR5XDsoUPTJXhoTJagR7EKI6UvKsgR7y4ph2SztlcLwFYQ17/ANlWXe90lqh8Wq3aewIz+6jdTdS0nT9KZqhuqR2RFFnBefT9wgdLdC1t4qW9R9YQkSZ1U1G76Ym+pHqqIQ7R07dOvZjUXEyQWR+R4ZJa6T7+gXp9HbKK2QtpqGFscbRjYYyit7pldXUdto311ZVRwxx93HCCTwQ7I8N2z7ZHZZGW+1vUFZLbOmMPZATHUVYd/LYRzg93IMdXdfiDVvbTPko+mdRwQNE1b/iP9I59eStda7VR2ijZRUMeiNiAhDs/TVLa4/FDjLVvHnnfu4q5LcgApNXHPaOThGQbp90OpnbBGTq83YKLUVbzL4VMSTnGyI+np6OP5mulLjyS45A/JTGSEVzausd/O8sONx6qsuN8o7ViGmIc49mqFeuppquUUdnH8s5Dn5VTDRSg65SCUSjkg8y1lxmdLMAG52Tw+Gn2kdpITn1MVPE5zjxwFna+tdO4udlMjHPYcY5Fd7xJLI6OJ23dUTwM5790eolBdwoM79PflPjHAzYJ7vdRpnZ7pPfnglR5HEYRhRjk455BTC4lcJyu6T6YUHxiESBBGc7KsunUlotAIrKgBw/CvN+qfiZVVjzDayYYeMtGCVDVVp52SSSN7eesLZZ9QkkDnDjdeadQ/EOvvDnsppHMZx+Sy09XNVPL5pXOLv6jlPt9BPWTtjjiJaTucIjqx0tdPMyMZtTsO3JVhbrVPcH6Y27fZam2dCweM2SqZnHGVrKS2U1EwMgiY0DuAjAu1MIcQMtZejIQ8y1beOAtVSUUNK3RDC1rRtsFYU9I95A07Hup0VIGYON1DDZqG+yvjpHHHlwDypjKaOMDDcFSmNYDggI8VFJOAY+PVDKWDJOeSE2MDGkKVBbpZ8FrcgolXX2aw03jVtQyWYf8NhyVjL98QK2veYrePlYfRgwSl7w41yn0bGurbHYWkVEzJph+CM53WUu/W1dWlzKWNkLHbeUY2WY8SaoeZppHOJ5JKj1tzorfCZDMHOGdlUppcs106T5i3FU6Tzzc43yolVfKShGdQcR2zhYqt641BzWHAKzFbdqyqfnXsd+UmV6R0afHNcyNvdusBJIS2TAxwCsxW9RS1GWsLicqshDpAXO3RmiNgy8fss8r8nRq00KukNc6vqyA55a37opoI2gPnOUKWviaNMZ3VbVVdRKceLgFJlYaY1uXXBZ1Ffb6UAMG7VWVN7knBbGdggfLPkOXb5UhluGzi3b0SZTch8FCC+8rp6iSYjWeExlLPLs2PlW+igi/vNiEF1ypY9owgaY2Mv8AlRGhtE7zmQhoUr+G0cQHindRprpMSNByFFkrHvHmJJPurxkLbOXbLVottMdcbA536octxhDsshIPsqxolkJ0NJypMFoutSRopXYO+VIxaKexfmw5uc4GBjCE6vm48T91Y0vSF3mwXR6QeVZ03QcmQZR90WxsRK6qv2ZQzveclxJPuuh0jjgcrfU/RVDH5nsyQpjOnbZFjEAyE2NOeREtdXHo88ioquXcRbeuFJistXIcBpA+y9GgtlGwYEQT3QRsAEcYH2CL4xMvIP8ApMFD0vNIQ6RpP5Kyi6VwzeNavwyOwC6GHsMo405FS11kjNx9ONYc+ECpbLDAACQ3KucH0Tmtd/Sf0THUkhL1Nj9lWyyQD8LdlIbZ4MfS39FOEfcZ/ROLM9krbyKdsn2QzaYR+Fqe2haMNDWfopRbp9/zXQATjUExQBc2yO2hH+D9E/5QAb6f0UhrB/8AKU/QcYV7ELeSE6BjfwhN8NvoFMMOTnSueF7IsFckfQ3+gJaB/SFIwfRdAOeCpgvcRPCzw1LwT/SpwaMZwlpHor2lqeCD4RHLUvDH9H7qfoA7LmkeirBHJshiD1Z+6Xy/sp2gJaAo4pg7iF8qfQLopcnBAU3wx6J3hN/p/dUolOzBBNuY8ZchG2QkcfsrMRk8D90vBPOn91WEH8rKg2iLkBCfb5WbRjGO/Kv2xjBBC6xmOQhcclfLMzJp6+N3Oyc2SpBAkBK0fg6huOU00EL9iwIfjJ8hStkaQA4BcdR0NSR40DD+StZLRSu3a3BUKa01LTmDOyr4wo3OPRTVHR1vmkMkbtGrsqau6NqopD4Dg5p4K1zKW4R58RpIRPHkiAbIzKXKpM0w1lkfZ5lVWytpHESwuwO4GyjafdesD5SqYY542nPtwoVR0jba2MthaGnnIQOrBsr16/qPNklp7j0NX0up0XnaOMLP1NBVUpImic33ISnFo1w1EJrKYLISTACTzlPVrI/sSSSShMj10cri6OVAQw4T8j1TB9KZvnKMAOuEkcJDhccqfRAiI1DRGpafIphgcrq41dTUQaOVJbjCiojCdfKJiJkrPon5KE3hETICwoeRuNip8VxeWCOpb4w4w5VyIBhXgW030FqbTT1OZaOQAncsdtj7KpqaN9KcSREe+FZtedQwSPzUoTMlYI6rDme4yhLTcezMGAHcAY+6b4GPRX1TaCQZqVviR8j1VWWaXEYxjshwaIXIhujIHCDoOVZSMGAFHfFtnCA0fKiMknFhHZNxhVkJSTEmJ6YrDyJdHK4ujlGWEHC6uDhdUEjwUQEYUVGBVdAtYCrmR6rmdkIE6uUaRaQdJcB7LqMo/V1kgJx/qpDXZ7KrZJuFOhkBYCvx41k/Z8o4JOAQUPJa7CI13smPblLxgWySwjGcpyhscW9ypDJAeyZnIqXYRJJJQoSSSShBySSSgYkkklCD0kklCCSSSUIJJJJQgkkklBLEkkkhFy7HpJJKFCSSSUIJJJJQg5JJJEQelnCSSgARpVB1L04yraa6haGTtGSBtqV+DhPOD3ULMNaLs9rhS1TtMrFraWu8VgBAJVL1H042fNfQjRM3cgd1W2q7Std8vOS2Rm26gXZsc53wutz6qPSVUdRGCD5hyFIaUILWAjdJGColRReOBsjncjBRCWloB2KprJRVsqDR4gqAQc7O7FSwWyM7EFdqYGTgNewEFVxdNQyCPcxngpbWGWcmjfQz+JDnQdyFNjkirIsEAnG64C2dm4yHKM+nkpv50RJHcJsWTG4AWyUM5LAdJO4U+nqo5dgcHuFFMrKlue45yhNcI3DA4WmuWBVkOC8iAfnBG/ZeL/Fj4TM1y9QdPU+nV5p4G8Z7kBet0052JU5r2vGHDIK7XjtfLRWqyJz7K1Lg+KZIdKjyNwOF7l8WvhWInP6jsEGmPd0sbeGj2C8WlZjbSvrHifMR1cco5Oo0afRXFrtXCc1oIwW7FGc0Z4Q16mnVp8s41+lUuGUF4sjahrjTs0534WTrLbNSZbI0/ovS8KFXUMNS3EjQV2dPrscM8b5n6Wp1cXOHDPMXsOckpkpPb9FrLr09v4lO3GyzlVCYnaXA7LpwvhNZTPmfkPC6rx3NkeCOyTJwRwieV3KHj90wP07kpmGzk9jZYWjcBR3swM4UzXnso8o3BCVKOey02iMQ8HDeFxriTglHIACAW7ndLwxv+QoO3K6o7XEkBHBGEGBh1MTshNUIcBOUYEY5QEslQgXI9UkAE55RgRhC1ko6kmJKiYHEjHKGeUsn1SwVC1wJJJLBUIJJLBSUIJJJLBUIN0+64WY7p+ClgoCsAHDBTHNBGcKRgpuB6IGk1hlRntC2W+V/TlQam3yYLuQT5SPsvb+kviDb+p6dr3yCOqdgGInfPdeDyRA4wMpkUs9M8S08ro3t3BaeCuZrfG1amGOj3X0t9c6vwE1U/ur/AE/R9VRynG4Tnz6iBheQ9BfFkyOjtXUhLXt8rZhwR2JXqzXtlBI7LyV+inp5bWfpDw31DpfN0LUaWWf2v0w+hrsZwfuiU4npT4tPIQe4yoZlLCMI8NS1425WaVTPQQuTXJcwXaOcCKtiAPGcIslt1DxKWVr286c7hUxOrsnwTzQvDopXNPsUtLaO/IllpaS1zcEJj2jGcqUyvhnAZVxjJ/E0brk9D4bfFgkEjD6chNhco9me2hzRCI/RCLdiBtlHMgA3CZp9Fohd+jm3aXHow/Vvww6d6rY75mEMmf8A8TGd/wBV4F1/8Gb90u99ZTxtqKQHHiRjj7jsvrF7Q7G6BJCyVhZIwPaRggjIK6On1s6+2eS8v9K6Lyf3OKjL9nwg9jo3FjmlpHIK49pLgey+qetfgr031MHVFHC2jqTk6mDAJXgfVnw66j6Tk01tIHsBwXszgLr062Fi5fJ8l8x9L63xXLjuj+0ZmCqngALH4wrSkvDnEMmO5VUBjY7H0TQ7zYIWuNzXKZ5GynczR+IyYBwO6e1hHvlUUdS9gGCrCkuY2E5WuF6xyZZ0yXROLiwbjKQecrnzFPPgNdlOMAAyiViYnawgO25SyPVMw4LgJymJ5KwOSThwuosgDEkklCBGnByEZj8AEkKKnasd1AMZJgmB22T/ACndQQ/B5Ke2bHdQpxwHfGAFEnj2yApDZAUpG6ggCTwVbmnJbhAfDnjZWckGd9KiPjPohGqSIwJYdgpcRZI0ZxlRnNx2SiJBQp4LZILNGSPRbzoz4lSU0sVsvA8vDKgu/Y/9VhcEjBQTGOSM98J1cmZ7aoXRcZo+n6GrhrIWzQPD2OGxByjloK8C6O+IFf0vV/7xrmonYEjS7On7L3S03ehvdDFX0EzXxytyMHj2WmuxPg8zq9HPTy64LCkraqidqglIHdvYrTUFygrYwdQbJw5p9VltJRqd+k/6rS0mjnGzY/OdlJieQRhZ6juelojnBPYEKzjrBsRuFnawwC2E+kYwsl1r8Kumevog+pi+TrmZ8OrhGl4PbJHPC0Uc4cFKilaBuFC4znVJTg8M8MbWfEn4KSimvVJPfOm2O8lY1xc6Id9Q/wDX1XqnS3W3T/V1OKqyVolGMlpGHD7haMhsoMcjQ9jhhzXDII9wV5Z1T8FI4Kxt9+H9wdaa5pLjCCfCkPuBx6bIZScTXK+GrjtmlGX79f8AU9TY8DlPfJuMFeS2X4sV1mq4unviRa3WqsPlbUluIZMbZyvS6aqp6hgmp52ytcMgtO2Cigt3LMdlE6l93/f0TmS74wjhwI5CiCUgJZPqU8UuSZqb6hLI9QouT6roJyl4IGa4k4JRQRjlRwRjcrgO+5V4ISMlLJTGvGNyu62+qHkg7JSyVxJQh3JSyVxJQgkkklCCSSSUICqKdtSwseAQRgqljfJb5/lqjJicfI89vZaAd1FrKWOojLJBzwfRWiAvEyCh78nuo7XvheKebYgeU9nBSgcjhB2EMxlZjqTpp4/96WxuHDeSMcH3C1S7Ic7quEFGWWebwTCVpic0ah9TXdlURCu6JqzXUD3TWyZ386lA2h/xMHYey1/UFikdKbhQMDZB9TQPrCqYZ46mM087RuNLmnsmmiLzw+jS0FdS3Okjr6KUSQSDZw7H0PopGQeCsFA6s6QqjVUWqa3zO/mwc6PcBa+jrqa4U7amlkD2PGedx7FFgprBOyPVCmiErdBPKY8kEHKI0bYymCclRM35eYsAxhPa72UqrphMw4GDzlVrJC3LHDcFQhH6gslJf6B9HVRBwIOk9wfULxRhrLNcXWmtcNbPKdtvyXvLX4WR6+6VprxQOr4ItFZCMh7eTjsUGDoaW7bLazziujdTTRXKHZ8bvMR3Cquu7OL/AEv+09ta0SwN/wB5a0buHb8xgqyt1b4jDSVf1NJaco9M0W+rdTvaX0lW0seP6fdY9VUpxwej0GvnoblbE84s9wfT1DHE+Vw0u32WlnaCRI3ghZvqazy9OXUxAH5WdxMBA2HtlTrTcmyQCKR2SBjleX1OnaZ9p8R5GGohGyPTFc4jM0M9lM6PvBpnut87slpwM+iHUj17KlqA5tQJ4SWvb6LmSjsZ6dWyqmpo9Bvdvjr6R7dIOtuy8krqJ1FUPgkHmYSF6n07cW3Ciax7svAwfuqPqzp4yl1XG0ZxumRkV5PT/wAyr5qzzyRowo0gAUqRpDtOOMqLIMLRFnjLYtcATykQewXCCHImkOGFGZF2JqkU0pjkGAouMEbog2Wa1G6p4wzW2erG3BWqpXCWIbrzu11XhuDcrZ2WtBaNR9Uk9f4+7fDAr5Qa4DKwbsOfuFlpIgO2Mr0SohbNTHABysldKIROLmDAKgOs0ufvRnpYj6KxtNe6IthPdAkjBHG6iNPhSA4yocmEnXLJu6WpGMYBXKiLziVgwqO21/Gok4V9DI2ojAHKh1arPkWS0sty83y0nONt1fNfnssWNUEzZWbYK0NFcBNGM9lDp6S/+ibLNAqgOyI2QEZKY/du6prg35RDPKY04cER3KGlsB8Mm0ry4jJwppdqaPZVcbtJCnwHUN1RorsE7g/ZRSDuph7oBaN8BAaPREkBXIXkO2KLIFEDDk9kDWRaltZcUkzSMHCnRyuGHMOMeiz8MpjcrGmqxjBWe2vJv097Rvum74wOaHHDm7ELf01RHWRB7Dk914fBPJFIJY3YIW66V6lAcI5HbnYgrnW1HpdFq2o4kbKpgL8AtyquES22qJIJjJzstBC5szQ/bhRauAOOkt2XOnHDOrGW4mU1XFUsDmHfCmRDJKytM+a3VJzksK0tFMyoYHsORhAW1kDfLFT3qjdFLGC/HlPdeQ3S21fTtf8AL1LSCHbHthe5M2VT1J05SdQUbopWATNHkfjdXGWDPZD2jz223Wnr4jRTbOcNs8ZWeudJUWGvFWxuYyc5CLcKGs6cuAgqWFuD5XY5Cvv5F8oQJGggtwfZaIyMks7i3sF5gvFGNLvOwYcFImoxMeF5zHJXdM3LXGXCLOx7EL0e31kdwpI6ljhlwyQrk9w+Esr7jJX+yP1ukazP5LIwzVllqvEje4N1Z2XrdTBq8rgCFhupLDKxzpGDLCcgpU4FTi4/cj0DpDqQ3KkjjmeHOxsVqQC3BIXz7ZL1VWKraC8hmeF7L071JBd6VrS8a8bLHOHs06bUyl+RpGTEY7owk1b4UBu523yjxu2Cx2RwdSM88klri07Ikcx7hR2SeyfnBylYGOWSYDlRK6me53jwbObvsjMeOEUHUEHYfYS2XITxhh+tuzsq2jw4ZBWTqWSUUzamHI33HYrQUNU2WJsrTkOGUrGRckSJMeibnCed0OTkJTjkFPI9JMBXUPRY48FZe/Unh/z2s2JWoUOvpW1NM+PG5GydVPDwBPky1M7XgE7qS5gLS12CDyFXs1UtUGyZAB0lWQfnsunRLkRbFJZPJOtLSKepqQ2PDJmnC8rbiGpADfpdhfRHV1sbVQtmEYOk4P5rwm+0bKe5ysYMDVkLt6afo8r5LTbX8qNp0Zcgyoia0gF2F6rTSCUNkadwvBrHVOp5GNB0vjIdleyWGpFVQiQO1HG4ymXLJt8XqcwwzVMIc3UO649ocMeqBbptcGHchGdkLBYjvQluRm6+L5aqJA29UWmnbjBwQVIvVOH05eBuN1S08xYQTuigX0SXRup67LNmyNR7G90dRLAPpydlyRviBkjdxjlR2PfTV7ZG8O5TY8MVZyXNdE97SGbOxsvM/inaZqy0NqYQP5Rw8L1aUtkAPsspeqVlXS1EEgy1wcCF1dFdstTOB5vSR1WknW/aPmUvdC8sd22Kn0dSRjZCvVI+kuUsLyDpcdwgQvDdsr6Lop/JDJ+Z9bV/HvlX+meodNTudG0Dvsf0WklaCBp7LAdL15ZoY53cBboElufVdAPTWB6V+rMbjv2VfXRGOUkhGjkcyUOUiviE0PisG+FDoplOJDnZWNLIHRhpI27qozhxOEelqPNghJtjlGvT2uuWS7p36HjdXlI/LB5sLMxknByragqNw1cjU1Z6PceG1a6ZdtOUQcKPG4ac5RRzyuVZFpnsYWZDnhCJGeUg4ac5QS85S0hrfAytjDoHeqpmybkDsruZ2BgjlZ5+RWln9Rwm1oyWk3W4jlBkJ0lGbhoIByhOaXZ+6djBmnLaQJHanYHZBKdcHeD5jwgNe1wyCjbwZbJ5By/3zX4VlTZLAqyoOBrHYqbSyjQPYKn0VCWOypurXU9wZKRsSreoxJT6hvlv+igX2FzmNmHDSpFJM2akBbuC0BJZoU8FQ3yTB3opxkD2DI5UGtIimGylgjwwB6KiOWEAl4d6YUIuKnTH+U/1UDsii8GG3s8T+IuDd3Z7OWSctZ8Rdrs7/mWTc4bLu6Oa+I+HfUCX82f+QD+QjR7hBf8AUEePcbJqeWcKxDTyFIixhRzyFJj3CZETPI/JSSTX/SU1lLsHIcDlRD5ifZFmO4wUFqyWPLNNfIwcosAOQcIbPqClQAHBIQxWQbCVGMNSHKcOE0coxQaIbAoiHF9IRExAHRwUSJu+ShjlSGENByMI0xdgp36QP+qmWWDxHCUt5VfIPEcA05JWitsHg0oBbgq0smvRU7pKQcnwwTz6IlE3URKeUCQ6nBSoW6GjC01rHJ3t2SaXZHos7dajxHmDPCuKmXRE6QnhZGeqMtQ+QZxlHnJk1moVcMMj3yrbFT+FnzELMRtycqZc6h9RUOGdspkEW3CxXP5JswxnuimSqaMNYCeV3Sl/SBthGb9IVRj6Ylv2MY0kgqwa0saD6oEDQ45UmQhrNKL8RDeWRqyY40hQ3YI5RKl3mUOQHbdInLI6HCOl2/OyanYCG1J3ZLSydKl0cIlc4kfTugRReI4D1Vq2FkcQY3bb9UmyzB1tBRue5D7Ha5bxdY6bBLGuyQPRfQfS9njoKOKJrMADdYT4a9NeFE2vnj88hzn0C9bpIRHEBjCQ2mfSfDaZ11/LNcsM94jjxpxgcKrDnyz9zk9ke5VGPIDuQlaYnavGPA2UiuTszn92EWdNF4bQ0qTqDRnKGXBo+6BK45ABynobGSQ6Ql5ySo1ROGDGOAiPl0NJwoMDXVNRgknJRN45GRl8klFF1YKJtU/x5m7DgdsrUgNjZhoAwq6gp/lIGtwM47I5m1bei5eqvyz0uir+OPPYbOp+FaUrBG0ENx/qodBThxMrxsOFOc8NGAFyLJOyWDfO1RQV0uluMZVZcKjRvsiVNZHTRGSQ5zwPVZSsrp6+pFJTyZkldp24aF3PG+Pla1NHzL6z+q6vHUyjnokS1U11qPkqIEkHDnDst10v0xBbIWTzMBkO+TygdJ9MR2ql1SMBlkwTnn/5d1qYYnbZ4C9PCG3g/KPmvM2+Wt+SwkMAOBjYKRG0bHCHG0jspMQxhMPP59hGjAwiJJyiWQxJHZJcLg3lEQ7rzsmg45KG52eFCuFzpqCndUVDsMbyhyGk28IdfOpbb01bZrtdpmw00A1Pe44AC+Ym03Vn9o7qp1zq5H03TFHIBGw7NI34Hrtz7q1utX1D8e+phbopJKbpi1v3I2E2T+/C9/6V6doOnLWy2W6kZBA05DAP8/Uqdm6Mo6OOVzN/+X/7QnSXTFs6Zt0NFR0rI2xN0jAWjByo7RgYRmuBzuo0c+UnJ5kPSyVzICWoYyFRQicIElYyL6hv23TKifSM42UBrXzyF7yrwQeXSyymQuy09kYDASDA1o9kN0vYDKjIEkkDdtt1m+o+qYbVooaSCSruE7wyOBhxn1OcHH6IN76hmdXR2CyUzqu7VG0cIPGe59AtV0b0HR2ESVt0m+eutQA6WcDygf0N3+nfhU2EV3SHQojnb1H1GTU3V4BaHnLYh2AC3ZGrlO0jOdsrPda9aW7om2srKyKSpqJ3+HTUkX95O7uG/bI/VVGWeCEnqDqK0dL2+S6XmrZDCwHS3l0juzQO6x9HYr/11XNvnWVL/D7fC8PpLSW+Z3o6bj28uPXdc6V6Uvd4uX+2XxCmfNc3uPg0B/u6NnbQe7sH6sfkvQWHOfXuUJATG6TzwpDe6GWhoyTsEF9cxu0fmKsgeapjg8rju7hBjZUVTyHx6W+vquwUL3uNZVnc7tB4AVTfOqPlm/K2p2qY7ZVpZITrpc7bYjlztT+3usdcrnWX6fVK8shP4GlCdTVFTJ8zWSF7zuQTlFEbYwMABOjEh2GnjgbhjQEGqqdDSMBOnqABhVVXUAhRRCisga2oL3Ak8KoqqjtgItZVebHsqqolzvynRjgYKWQk5UadziAAkZN8YTXvBG+QB3wjDwC3JXHMzu7IHrhQ7jebXa4jLU1IB7ALzzqT4tAMMFtLsAkEnuobqNNK3o390vVttcQklqRq7Bef9TfFFug09E85HovOrl1LW3ObXJM7HoSokdPU1ZzFEXE98KHTq0cafumSq6+VV0fmokc7JJ3K7QUVTXyiKGMkdzjhaSw9AVUmmrrAAOwW3t9qorfEIqeFrCfqKKMcjZ6mupYgZC0dDuMolriDjgLY09ugpQ1kUDG49AFPjopS4Fo2Ks4aKNoBeMkIznW6mUu2QIqKWTGgKdBQGHDpdypQxCMManM1SHSwbqm8GSU8s5HHG0bNxhEawvIawZJ4ASIgo4zVXKojggby5xWTvvxJjYXUnTcAPIdO9u/5JUpZDjXKZra2os9npjUXSoDXDcxn6vzCxd6+JMlZG+hs0Igh41AYJWQram6XiU1NZIZHnkkqvmr7ZbIS6eqY+X/u49ylztwbadJu9FoJ6id5kme6Qu5JKU9RQ0UJmqagMxwPVY65dXVPhGKiYYweSVlaq7yzOJqp3OJ7ErNK5nU0+gb7NhduvoRGYLcHj1J7rI1dxqq6QyVExcDwM8KK53igFrdj3XWxNB1ErPK2UuzrVaWFMcIcwE4yjtOnchAdMxoww5KA+aR31HZLc2N2bieawxeWMhBmq5H8uyoYcTyVwv075S5TbLjAMS7VqGycySBm8pyVDfWTM8jTnKayhrq1w8OEk+ynLGNRj2S5bkGf3GAFDluc8uxeMeitrZ0fcqt/89oiZ3JWloeibXSYdM3xXIlDIqeopq75MCPGqCGAFx9t1Po+mbvWEFlMQD3XpNPa7fSbU9HE0+undTGDTw3HsE5U7zJLyGOIIwtD0BVTEfOPMYHOCrWn6ItUW0mt+PdalxGPM7A+6Eaqjh5mBP3TFWomaepus6IVPaKGnYI46WMBvq0ZUptO0YDWgD2Cjz3620ziHyD9VAqusbfEzMTHPd2AKtShHsUoaizsvGROYNiiEE9ysfN1xIAPChdn3UKo6susoGkgAqvmqXQa01ku0b5pHqEGaRkZ+oe687d1DdH7+OR9lCmq7hM7U2aQk84dhT5Vjgb/AA2vyPSXXSii+uYfqos/UlqjxmfK8+dS1jmeI5xJPbKTaGoJ3Yd/dD8gyOlqX5M27+rbW3OHKI/rSlBPgbrMttsxG8aQs8x4bjKCVlj6YxafTr2XzutucEKO7reqOQyUfoqoWiXP0D9UQWeTH0ge6HdZ+w1VpkSndXXM5IeEI9WXQ5Hifuh/wiTszH5pn8Hl9EEvkfsYoacIeprtz4yH/tRdQf75MNmlx9OUE2abJ8pCS5Wr2Xt05MHVl1A2lOVwdYXxp/7Tson8En7OCTrPUAZyFN9n7Io6Zli3ra9N5kBR4viBdMgSiPHqGqj/AIZUcEj9E2SgqGNzjKnyWfsJ6eifRpW/EKoH1MBx7KTH8QwSA+MgeuyxXy0g5amGJzTgj9kz5rV7Aei0/wCj0qDrm1yAeJqB7qdH1VYpMYq8ErylpB7Iw2zpwD9kcdXZ0Jn4+qXR67Bc7fVHEFU0n0OylxtD+CD+a8XFZVxuw2Qj7FTqe+3SAgsqnjH+Ip0dTnhiZeP4wj10xkLmgf1fsvNIur7rGMGZx/NWtN8QJA0NqKbJH4h3RLUR9mWegsj0bgDflPAOVmqTrW2y48Rr2n8lcU/UdmnADaprT/iKbGyMujNPTWx7RYhgwu4/w/umR1dJKAWTtdn0KkNY127T9kaaYmacOwOnHZIMOcAKSA3gBdwOVYGQYiHou+GPRPJwuavZRJkBCM5wQjtaANtksj0XdXsrcWyDnNaQdgoT6CB4OtinrgGO6DCI5uKKiSxxSg+EdBUH+HXOlkIjJIG+QtU0D0Tmtz34U+LJFc1wzLm5TwkR1ETh742SkbbrnH4VRDG8H23WkfSU8+00YKra3pekmbqpXmGQb5CRKvAcL8PKMxWdBW6pBfQPMbjuATssxdOkbhbyS6Mub/UBsvQJrVeqODVHK2XSeyUN3fA0R10PiMI31DhDsya6tdOHbPJXQlhw4b+iHp916tW2Lp6+tLoWtglP5LLXjoS40GqSnHiM9R6JUqfZ0a9bCXDMmujlHnp5oHFksbmkdiEMAHhBhmqFin0PHC7gcpJIhmR6SWClgqmwZSwORGoaI1LQuQdJJJNKEnjlMTxyjETDjhdHK4OF0coxYZn0hOHKaz6QnDlEQIOF3bOcLg4XVBb5DxTSRD+W7GO3qnuio7gMSxCOQ8OaMZQWrrRgHCrAtyeSuqaKopJNMrcN7FCcwHCvoqnLBDUsEjPcZwoVwtph/nU51xu3x3CW45Hxmn2VL6ZruFGkgLd8KwG3K4WjB7qpRwMjZgqiCM5HCEH5JGOFZSU4dnAwoT6ZzHE6c5Q4Y+NmeyOkkkjHZCpJJKAD0kklCD8nhcSXCcdkKb9A5wOB7Ig4QxyngjCYWz9SI5i5TaefGluVWs3IIR2kjfK/IUo4P2i0Xsbw5vITsj1UCjlDwADxypZHG6zyQEo4OyNxjBXI3nghO7JPYA4YCGMmKDtORldQ2OwE/V7JyYtrB1PTE9WUJJJJQg5JJJQMSemJ6hBJJJKEEkkkoQSSSSgkSSSSgIk9MT0IAkkklCCSSSUIOSSSREEkkkoQfnC7kriSgA4jKzt+sLZgaylGmRu5A7rRZC47cbHB+yhaeDKWeukhwJvqxg+q0UVUHjAwfsqi72UjNbRHErd3N7OCjW64YAOOOR6KB/kaVrsnKIDwFCp5/EG6lDdCA+CQcOG5QJ6dkzCx++f2Tge+UTIQFGff49tnA3dG71KsmSCVoc07FGqKeOeMxyDIP7Kjk+Ys8++p8TuxKMJL2TqmiMf8+H82qA5zozkjOVcwTx1UQfG7IcP0UapoQ4ADAymqWCnzwRKerAPYKxhqg44yFR1NFPTO1fUw9x/qnUtYwOw4kkcp0LMMRbVu6NREWzDDsEHkdivEfiz8JjTyy9RWCENg3dLE3ho9AF69SVJJGAphPjNwSuz43yM9Hapx6OfOtrg+LHx47IDm7L2X4qfCt1JLLfrDBhjvNNC0bA93NHZeNluN19U8Z5SGtjuRztRps8oC5u53SMRS1YdwjgjHC9DVe0c2dDIkkAIxp2PIVRcLDS1OzRpJ7rQloKjzQ6xsuhp9U4M5Ov0C1MNk45R57d7HU295IZqYPQLPyuJOCNP3XrEsYbtKwOB7HdUN16WhrCZqYNa70wu7ptapcTZ818n9KfE3LS/9jBl+g5xlcM4O52Uy52uqoH/zYyGcZwq57VuU4WLMTx12ms00ttscMKXMf9JQymA6eE/IdhA1yAuehmDyh6neqkYHohkYSmiuzoJynfhTEhygwWdIOVzBTxjG6Rx2VEGJZKR5SUIJJLBSwVCCHKLhulCwV0ZzugKFjfKeAMJD1XVCmzhAQzyinhDwc5ULQgO6eAMJAd11QjZzASwF1JQo4QMIZCKuEDGUARGAwcFDcM7KUQhZ7YVSWRafJDkjycgb+q1/R3xDr+m9FPWNMtCwYdg7s9wsw5mUzQSs9umhdBxkjs+K85q/DW/LpZYfv9M+j7ZeqO80TK6hkbJFI3IIOUR0z4iHNJC+fen7/c+mKz5q2ylodu9mdie32Xsdg61tXUUbQ0tjqMedjncn7LzOp8dOn+5+gPpf670vmIRqtey39P2amnuIdhsimePqAIGQVSOazOQMIkFRLH+LUPQrkyq5wfRKNZ6kXInIwCpUNU9h1McQfuqhs7ZQNyCjtkxjG6U6jpQ1Cmi9M9LWgNlYI3+oGxQJqWSnGpp1MUGKXv3UyGve3yzDUw7YQZ2FWQUxmWu5GCmaQe6nPpYKhmunlAdjOkqBLGYjh3ZNjPJjnpW2DczB5Qqi30VfC6mrqeOZjxgh4ypGMbhMf5sY/ROhY63lGO7S5WGeS9Zf2fbbdhJV9OAQ1DskszgErwjqborqPpaodDcbdIGtONYBIK+02E4IGf1Ua42u2XmndS3OkjnjcMeZu66dGtkniR8/819GaXW/dWtsv2j4aByMkYwnHB7r6K6s/s7UVZ4lX01UtieckUz2+X/PdeI9RdDdR9L1BhudC5rAcB4HlK6kNRCxcM+XeT+mdd49tuLcf2UTJ3s+k4wp0F0kjwHjUAq+VpjwCF0HK2wPM2V4eGaCnr6apGNWl3o5G5zpIOPRZocqTHXSxFpY45CfCzgQ6n2i+/JdUWlu9POAyYaXeqmaWubqjcCPurVjESUo9oEkkQQDlCOco1PIGQ5IxyhklJDA9d0TswGkEyUslCIwkDhUpZI0SI5jjhGZJq5CgtODkozXDHKIAmDSe4QJYsDOE1hI7o7JABghQp5RWzRkHZqCwljiSFbvjaeGqHU0ruwwlyWOS1LPZKonUszQH8+/YokttJJc1zdPZUZ1RO2yM+6trdcwcQTux2BVRlngGSkuiPNRlnlLchTbBfbl0zVfM2+QgPwHxk+Uj7eqmOjZODpAOOVCmoj2T4ZjyUnv4muD3PpHrq2dSwth8RsdQGgOaTjdaxsWk5Xy3E6opJBNTSPieDkOa7BC9Y6G+KcRiZbuo2Pa9gDWVDTnV9x+m61Rszwzha7x3LnV0epR7OyrGGQgAKsp6iCphbPBIHB3opUThjHojX9jiyg2W0VQNsqbDUsOADlUrX47okb8HIPKgJoGVHG+UdsurGThUTJywjO6lsqozjDkvGQAl96fsfU1ufbb5QQ1cLxsJGg4+y82m6C606BkfN0Bd/n7cTq/hNXLg4H9Djn/ACXpolzjdFbNjGyiGRunDjtfp9GO6Y+JFtu8xtNzgltd1hIbLSVI0uz20/1LZCTPZVN/6XsPVMIgvFugmA4eW4kaf8LhuFl5LF8RelRr6crG323sOfl6sZmYPQPOx/NFKTXQXxxmvs4PQS/HZdMwA4WR6f8AiHa73KbdVQy224RjL6arGh3/AIfVaRr9W/qqzkVscXySPGPokJd+ENIco8gNZJAcSuhxCECMLuQFZQcTEDGF0TE9lGyF1TBCYHAjOQu5HqFF1e66CcqsECJLgIxyuqyBUkHISyFWCDgSOFw7rmQlkKyEWspRUx47jcH0QIptGIpdnjb7qxOD3UGrp9f8xnI/dRrJaeR4IcmkZ7oUUmRg7EdkZIawwhgaDlZa/wDTzmSGuoRg8vaO61iW2DkZRIuM2meeai5uh4B23BVWx1V05Viuog51HI4+PF/RnuAtbfLUynf81A3Z5w4BU0kbXAxyDU07Oae4Texud3DL+kqaeupmVVNIHskGQQpLRnusVBNL05WCVkhNtk2LOfCWuhqWTMbJG4FrxqB9QjAnBrokPwWnfsqSuhkhf8xCCfUK3ZknOTskYWEEOAcD6hECuypbMydjXx7eoXfKdnN1NPI9QgV0LrbWtc0YpZRuf6XIgkBGobjsVSWBsOHweYfEbpL+F1Dr9bR/IlOXMHLCqakljr6MB3OP0XsNwghuFJJRVEYcyQYOQvHrrbKiwXeanz5Acs25aglFSOnTe5RUZeiHerV/GbJJbZmg1NLmanefUcLyuJ9RRVTop2lkkexC9lP81rKhhxjn3HosT170+5zXXykjHlH8zHouTrtKnHKPcfTPl3RP4Jvj1/YBBOKmmbIDuW7qDVR8nCrLRcZI5Awnyu7FXT/5m4H5ry99TyfYdLqVbWlnJHoK2otlS2aJ+BnDh2IW8iljulG1+QS5u6wFS3S0jHKt+l7uaaT5SY+UjYk8LPXnPJ09Jdsl8cumUnVdpFJKZY49gd8LJyDLsgYXsl5trK2B2Gg6mry+8WyWimc1zMNzstUZYOf5bxyj99a4KaQAYwnNxjGVxwOeExuQUfZ5ayGx5OuGk7DlOGXNyRhdyHDcJzAB2QSQ2pjqeQxyArVWarzpGQsm8bgqxttT4ZAys0oo6ui1MoWJI9Jt8viNy5wIcP0UO7Uetri1uQeFXW2sIaME5WlY1k8ALm5JCA9Rn5o4PPpo3Ruc0jBUGVmDnC1l6twDy9redwVnp4CG4IUOLqaPjlhEWmqjFIM7LUWyugc0DxNysfPCQchHt1Z4UgYQoJpu+OaT6N35ZGgtOQi00xpySByq6gqmOYNJz65U1rtQyp2dWuxN5NDQTNqY9TXZxyPRSy3AO/KzVNVSU0rXRnHr7q+pKoVLNQCs6lVm9YBSjBQtTfVSKj/RQyCPX9UsZJ7R5dhw3U+nkyAAquQgkYKlUsojIBOVAoWYZZcocn0p7Dlq4gN8JZRDcN+ELAUtwBB23UYjBQC7H+hun3SjkdGRjddXTFrGCltZWA65OPKJ1NVNeQ15AJ4VpA6SneJYyQRusrMyencJBu1XdsuLKlgje7fgFZbqjo6TV7ZYkendM9TmWMQuk83cFa+NwnaM8juvFYnT0UoniJBG+3ot/wBMdTipY2GV+HDbdci6t5PU6XUJrEjRVVPq2I90CColt8wc3OgncKe5zZ2hzTnKizQteMELK1g6C5L2lqo6iMSRnOeR6KUDlZKGpntkgdyxx3WjpKuKqiEkZznkeiomCJ1F07RdQULqaojAkAyx4G4P3XlD6W4dL3M0VTnwyfKTwQvbAcqp6h6co+oKUwzNDZAPI/G4KOMsCbaVJZXZ5/W0UFzpt2g6hsfRUtjuNTZriaGR58InADuyntguPTVe6guGoxA+V54IRbra4bjF48GBIBkEd01PIhxaNXFieMPG4xkKHcKVtTEYXjnuqLpu/SUcpoLgT/SHHstXIxrhlu+d1GMX3LB5t1J0zNE0zxgOA9FH6Y6hltVS2KV5AzjfsvQKyKOeIwuGzlgOpOnpYnmeBuC3fbukyjkVh1vKPZrLdoq6lbI1wc7G6tY5A4Z9V4t0Z1Y6B/gSktLMAher2+viq4WzQuyCNx6LJbX+jpafURnFYLdvdO152UeOXOx5RhuCskomyMgjHb5yiiUt7ZyooyDnKIHBLwMbySgG1EZa8bEd1BoqiW2VvgyAmKT6d9gVMa4BBq4PmIw0DJ7JeSjQMcHMDgcgrrhkKgs1we1xo5yctzjJV7G7PKB8rAAMktOMIowRnK5K3AzjhR2S4OClYISUxODgQmndSPZDJ36BzJxOG7A7p0D2vjDmnYhXF1oxPTOwN8LNUEmnVAdnMPC30yyIsWR92b/ILnDLe68Z+IVmNLVMr4mDw3HJx7r2yrj8SndHjOd1guraFtZbZISzUWAkFdnTz2nK11Py1M8nimPzbZGbZ2XqHQd1y75d8mx2wvLHO8KdrSOHYWu6Vro4qtrHnHC6Ulvjk4OhsdVuGeywkR4DeCpwxI0Kro3eLTMcDlWEHlH3WG2OD1lUsrg7LCyRpY4AgrGVRbT1TmAeXJAW2HKz3UtAP+0xt53S8MZMDRTZj0HcHhEqow0tk0Zxvyqy3T6gM/hOFdPHi0+gN3wjQOck6klM0QcSMqqu0QbKXAYaeVKtTsNEZTr9Sl9ETGPM3JWumW3kzamCnW0eA/E60R0lzdPHHpEgyMLBRPLX/Yr2v4i0kE9njnljzI0YyvFS0CoeAML6F4e/fVg/O/1noP4etckuy6stW9lSMbAj/Vep2uYz0THOcC7ABXj0MvhkYGD6r0rpOtbNSiIu3xkLuJ5PK6eeJJF89oByNsqXTHxIHMceyhvGeEWil5iJ3xsjOpGSZU1cRikc0jhR4ZdDwcKyukbhJrxsQqhp/mEoGsjs4LmCbLeFOoZSycZVRBJsBhToJBkFY7Ibzt+M1mySizSxTZwARupLH+yqKOQPxucq0Y/I4XJurxLCPo+l1EZ1phC4+qQwO6YRtym5Cyyiom35Mj5hq3VFdgI543M2OVdv3CpLvHqb4mOCiSF2vEch2uOxzsnuwBlR4jmnYc7oiY0Y5S3rBUdQHFPraOFX0kpmhD/VWnULNVskxyqCyS5psHtsi2nOts22bSe4EwvyfRGpJCRhDeMNKHTv0yYVNZGxlklXIl9K7HKh2KqBp3QOHmY7dTnkSM0kdlSW6T5etmgkGC47LPNYHpki8sAcCO5yiRkmJvsEW4xNfTZIyQdiolK8mPQdyFAmKQkhwwoedJIKmvOxyFBmAJBTIrJkt4PFPiVtdjj+pY5xO262XxMBF1yf6ljHDbC6+njtrR8S+ol/89JnJHYIRY3ZbwozmlxzlGhOpufRaoYOEzmrzKU36Qof4lNAOkbIo9igqA7hHQH8JrYKWSNIfMgoz9zj1QVkm8s1QQ5n1BTIxpaFDjB1BWLfoCusVYJdZ9QXF1n1BOYDJI4XVwcLqAS3gJENwUWTIaANsrkP+S5ORsmrgU/uC2+F89U3HA5Wk4bjtjAVRZIXajL2VnO7T+ibE72ir21oTMvkAA5U0eUfZR6NuW+KRunSVIY3JGyM2N7Vllff63RAIo3eZxxssxVSmKmeQRnCmXCq8aoeSdhwqOvlL2Fg7oLJ5ORbP5pvJHaNZBO6kwt0gIUDcYB7KWG4aCkLsXlLg4isbkoSkxDdNFN4JMTQ0DATKpwxyERrcNJUGqkzgJdjAXYB7sk5KCSM8pOPO6HjIWWUsDF0OTmNycJYwj0kZfKMBKlPA+ml2yUUS7bSBznPePp4V7ZbN/FLnFDoyGlRoqYRsw0dl6N0B0+xnh1k2Q4nO3p6LFZZlnufF6HY1FI2tjtjaenhpY24IAyFevk8Boaf80KiDYdRA3PdRrhPmUNCpNs9n/sw2kUufU1Jbjcuwr6nYIIwz05Vdb4mtmL3DfGynyPAGy0QFqzK3Me+YgABMa7O7kHPcoE9QA0sB5WqMS/nwPq5y8BkZ55wrmxUDGASyM57lUdBA+epb3A5Wra9kMTWtGzRhZtTLa9p1dDHe1YSZJg0YATKYuml0Y2PdQnTl7wOVdW2D+X4jm4I2XD1Mss9JG2EYZkWdO0Qx6CUGeUMG5CbJISNtsLNX6/RUsTo9XmPoU7x3j56q3jo8h9U/UdHiqHKUuTnUV01OFNAcyHb9eFpOiemGUEfztbHqnkwRnfCz3SHTVRXVTbnWZLGu1Yd+I9l6lSU/htBIXu4aeFEFCJ+TvqLz8/MaiU5EuJmQDhS424IIHqhRjAGykxAaQgxyeTm8hGNGOERqY1ParBDp43TEppo6eMySu049VaDHTERDLtlCfOX7AKMaiauqPOcRY290ZwDG4zsFSeSCfLgeuV4T1xf7t8Uuo/9hekWv+QiOKyqDsNI/wCmx+6n/EfrS7dS3NvQPRhJqpC4Vc7D5QzbYHt3W9+G/QlF0bbGU9Gzzvw6eQjeV3r+5VmuDVMNzXL6LfpDpG3dL2imtVDA1rYG7nH1HuStK1oaMAITRj2RWqJmdtvlnV3JXElQA9ziRjKDNPHBGXyu47eq5V1TKSPxJOO3uVWwGS5PbUS+SIHIYefzVEHROqK6Z0j/ACwZ2aeVNADRskGhvHA7Ib354VESyPe/VsFkrvfq6uuh6a6UHj3HbxnkZZTtOfM79Ch3O83fqW5u6V6OiDp2jTV3DmOjz7/1heidHdH2vpS3GktrXapTrnkkOZJH+rv1QuWA+iL0D0RQdIUDi/FVcakk1VU85fJ6DP6/dacNO+kE432RNGkbLB/EP4jt6bMXT1hgkruo7kCylpYt9PvIP6dxlCUSevfiJRdI0UVLRwitvNW7TTUTRmR59vb1PZU3Q/Qdwdc5Os+t6x1bfqoAadOYKRm/ki325/ZF6E+HsllMnUnVdY+7dSV4BlrXu1NYz/u4/wDDxhbYOGkjKhYQtaNic/crmtn9SC447oQa55xlWUdnlfOfBhO3c+qLT08FAPmKseUcJrTFSRGWQjbj1KpK6vlqJPqOn7q0skH3rqCprGfKUjiyPOM98Kq8IAAloz6o8oaQDjCizSgjATYJEOO0tGdQUSecDbAXKiYg4BVfUzBo9Uwg6pqFT1tUdOCF2tr2MYXZOewVLPPJMcOdymQQ1RbFU1Rc7YBRvEcTktKh3K62+0R/MXGfw2c5XmXVXxgjc98Vnc8t3GTjdMNlGksvklBHpN1vFFaYPFqZQNWdO/K836j+LLGMdT0biT7LzS49R3C7SuMk7wH9sqrbC6SQg7uPZQ7tXjoV8zLa6dTXO6vcZqhwae2VWtiknIwHErSWHoW43ItM8GkH/JeiWnpO12hjQyJr3ju4d1Btl9VCxWYXp74fVlyYJatwiZzuvQbdYrbaoRFHAC4bFysY4jjEQ2HYBWcFrYIxJPy7fGVDnX6uU+CshppJXBsTfL6KzpbdHCA+RmCfdSWNZFhscYARPBfO4NAOccKt/oxTnkY3SNmt2CI0OcQ0NySitipqOJ09fUxwsb/Udys7devIKfXBY6Rxd/3srds+yqU8ARhOx8GimZT0sRqLlUR08bf6zz9lmbt15HTNfT9N0viyf968bfksJfOoRK/5nqO7uLxuIgdlkLr8Q3BjqexUbgeBKXYH6Y/1SJ2nU03j5WejX3a51lW4y9SXsBjsktLsAfYLN1fV9vp2htsjdJjI1EYBWNqbjHKTUXWsdNK7fSTnCrZLpUVDvCoIC1o7lIldk7dHjYL8jR3DqOuqnONRWviYd9MZ05+6qKi6MfgQ+Zw7nuojKCtnw+p2HccIwFvpWjScuSpTyb4UV18RBg3CpOQcNRHU9O3DpneYKNNcZ84jOGpkbZJjl26VKWRyikSXTRt2a1DLnuz6J7afJDncBSGmKMARO1EIMMqc4xXBHjgcTgtITnwBuN1LZHWy4bHjH2U2ltDj5qgZyiSyKd0V2UfgyvOI2ZypNNYquoIDhgH2Wlp6GljH0borK2lgcQ548vZRxQp3z/pIFv6Tp2N1VLclX0FHBTMDYY2tA22CrZuo6aHZvmIVfJ1HUTnTTg/oqUlFiWrrezVMdgbdkKa5U9NvM4D81kZKy9zbtkwCor6erkOaqTV+ar5V6Lhps9mqq+rrfC3MeXu9AVWz9YvczEDDlVUVHQMOZnYS8W2U51NIJ91Stn1kdHSQXofL1Ddah2lshGeyivfdJfqJId7oputCDs0IbuoI2khsR27q5W4WGNVDjzGJwUda/Bewn7okduqHfhA90A9ROOQGlCN9qR9I/dLdqYTjd6RYstjs7typDbbkDLf3VH/tBcCCAR+iEbxcSd5B+iH5F+iKi2fbNILfAOWjCI2Cibw4ZWWN0uB5mGPshmtqicmRT5CnpZLtmuHyzTlrmj807XAR9bQsh83Vf1rhqqk7F+ynyf2Kelya7XT/APfj9UzXTH/jhZPxXnklFDznk/qp8n9iv4hp/wCR/wDJIQ/BDtmT5/NZxtSScbojZ3kZDiFfyFrT7TQfIzO3E/7obrbX4yH/ALqlbWVTeJnD80Vl0qx/xCfzRZUiOprosXUF3B2l2TDS3UZw/f7oUV8qWjd5OEZl9kJ8wJUxBeyts16AGmvuTg7IZZeRyCriG/MaAJAji80z+w/RW1H0wHKS/pM6990ZywlDNXXD64iFqm1tM/hoP5J+IZBvCwj7IduXwXG1rtGONa8nzt4RW3FgGDCDj2Wklt1I858BufsgyWeleNowP/CqlGa9lq6t9ozwq6UPLzDglFDqOUag/TnsrOTp0OOWMaFDmsZa7T4Z2S1lehqtg/ZHdHTn6XZQtIB2Uh1skj2GU35WYbhufzV7mvQW9DBskiCKUbOZhLSUSWXkvIhnslg8jZPawLuAmp4AbyFp66rpzmOZwx7lW9N1XdYQB4xOPdUYbn2SeDtur+SWeGKlpa59m4ouvS0NZVxYxy4K9o+sLTVvbF4mhx7uOy8sAx3yngYORsnQvlH8jNZoK30ezw1lJOdMUzSfTKKfsvG6W41dJKJIJ3tI91fUPWdwhlDp3a2+nKbHUxz9xiu0UofieipLO0nWlBK8RzNLM/i7K9grKeoaHxTMcDxunfNB9GGVNkXyiQMnsiNBzwuAEkbbIgCmDLOTY9i6d0m8pHZMFzH7YxwkMkriSjWQNzDaQRgbZ5QZ6CmqWFk0LHA+yO1dS2kErJIzlX0sWkyUEpDvQoLZbvbT4dVCZYht6rVAd0TDXNOWg/cZQqCkNjqJezIVNBYL8wtfE2KU87d1krz0FV0pMtGA9novRa7p2kqnmSH+RJ6sVUT1FY5P94jFbTdtIyQPslTqwbatXJdHlE9LUUryyojLCPUIY523Xr8sfTXUbPDmiZDMeQ4YKzV6+HFXSNdPbiJY9yB3SnV7OlVrU+JcMxIaOE8Rj0RTTyMOHjBQ0vabFJSWRun3XQMLuCkpgPcgqSS5g5z2VAvg6njldaMDBThyifAibyEHCemDhPVxlkAMkOUkhymkCDhEQxwiKFN4Qk8cpieB3UFNLI8AYT9R4O49E0cLqgoVXbIq1viUpDX/ANKppYJoHaZWkYV5E5zTlpwVImpoLlAWPw2Ubg+qgantMyuPhZIMFHrKCakk0PB9iosbzqwQgwjRGWeURaiiazeNpUQAgkEK8yxzcEKNNRNdu0ITRGbKpJHlpnRk4CCQRyoMUkxySSShY48Jqem6fdQprIRdyVxJEWfp3Q18dVAx0e+2CprH6sbLz/pi9OglNLO7ykeXJW1in1Y2X5FkuOT9sW17eizjkfG8OYVaQTeK0ZwFRMkHdTKWp8wGEhoRJZLYcp+xbjKDG4OaMLoJzyl49iWh2S0hHa7yhDGCE0HSVMgSimGSSByMpIxXQZJJJEQScmpyhaEkkkoEPSSSUIJJJJQgkkklBIkkklCMSSSSEXLsekkkoUOTU5NUIOSTUkRBJJJKEHJJqShBZKWSkkoQWM7LP3u0S05/iNAN+ZIx391oFyQZHGVCGftNy8WPHcbEHkK7hqNQG3KoLvQmimbXUYLdbsPaOFMoKrxWNwcnGfsoElkuQfRPLiFHY4EIqEroeH57JlTDFURmORoOe/oujuuAHlQmcFE81FnnzguicVdQVENXE2SNwI9PRPfDHM0tewOB23CopaettFX4tO0vp3HzD0RAt5LmSPUMO3ys/cbZPRvNVT+dmfM0dld09VFVRCWJwIP7I+2DkZCJPJWTMUNzLpGt1kH0K0FPVF2FVXHp9kkrqmid4cvI9AVV0t0qqWf5Ws8r2nGeAU6Fm0VOtSNuxjahumRocD2K8T+K/wAHzAJeounYyWkl09O1vH+IL1aluLwA4OVnDcGPGl+Dn1Xd8Zr56We6JjtqPid7CHFrhghNL/DwPVfRHxV+D1PeWT9Q9Mx6aw5fLTtG0h7kei+d6+kmppn09QwxyMOlzXDBBC+n+N8tDVxWOzmXVYeUObIHDIRG49FWGV8LgA7YqVFUMIHmye670JvGTPhdMlyU8M0To3s54Poqt8M1K/wngub+Eq0Y8Y45XXNbI3DgCPdba7cdmS/RVz5KeejbURltTTtcw+oysvcukKafVJRHQ7nT2W6bP8m4RTNL6d539Qn1NsgMPj0YBbzyt9GrlW+Dga/w1GojicEzxautlXROcJoHADuAqzxy13HC9mqKWnnYY6iFrh6ELMXfoWOpBlt0fmO+F1IayL/I+e+S+lp1tz0y/wAmIjm1DBaunHIK7W2qvt0jmTQvZp23Cise/OCVoi1JZR5O7SzpntmmmGSTA8HunK8CbKpV9o7kpZK5kJZygFj0k1IcoSBMBLATtQwmHlQh3AS2C6eEPfKhAiS4OEshACdSwOUklChJLmQuqEEkkkoQSSSShDhA5Q8FFXMBQtMGW55CFpGON1JICHgqmsl9gS0eicySalmbUU0nhyN4cFzOeySRZDLDqusomrK3ho9B6V+IR3gve2MZn1/r5cfbuvRWv9l89tbgbLSdM9c1dif4VafFpOA0baPfK4uu8ZnNlZ9c+kPr3EVpPJy59S/9z2VrtJ5wpUMoJAyFQ0F1prtSsq6KQPjeM7HhTI6jw3Acrz862z7VovI12RU4vhl0HnAAPCdHK9w8xyoMVUCMFSGPG5wsk62ju1XRmsxZMZLJG7Ux5BU9kkFWzDiGycHKqmvA5CKRgZAQr7Wad+VhkuSnfGN9weCo+COV2KukZhj92+6PqimaXwgau4TPkETipEfWD2TQ8k7hdJwcEJurHZHGeTLOlSJMUuwzslWUlBcoDS3CkjqIncteMqM9+rBHZcZUEjBGU+u1wfBhv0cbFiSyed9W/AKw30SVFkcKSZ2+hw8n69l4Z1X8K+qulJnironvhB2ewZBHsV9bioc7IOU50oljdDLEx0b9nBwyCulRrbIPlnh/L/Rmh133pbZftHw0Yy0eqEGuzjlfVvVPwW6S6g8SptsItlW/fMf92T/y9l431f8ABrqfpt75jBHPSs+qWE6h98fqurTq659s+Z+R+kdbocuH3I85apVLVzwnyPOPQpT0MtO/RIPzQgC1aYyUuUeUu004PFiLaKv1EeKQMqQHRv8AM0hUWvIxjhSYah7MYJTeUZJ0x/pLLfK47hAZVjOJXIoniIy12UWUIw4gyDnK4jloO+N0Eg5OyIhxOa455TUkZRKBGE7V7qNk+pXQTndxUL4ZNinZnDzhSDFHONiN1XjBGcosNToKnYpr9Aa6gki/mYBb7dlWnLXA+i1NJNHNmOTHHBVfcLK7Lpab6TvhC1jkKE10yPSXR0EgJO3cK9a+Crja+NwGeyyGCDgnhHgqJqeVskbsAcj1U+T0y5V7ujRTUeMHSgeEWcDv6o1BeYqw+HKcHHdSZYQDtjB4T4yM84uPEui96Y6/udhmZHUAz0vGgHce4XsNj6lt97ibLSuIBH0u5BXz05gHAUm3XW4WuUS0dS9mOwOyfCzBz9To4zWYo+mA85G6Ox3C816V+JtLXsjo7pEYpQA3xM+Vy38NQHbYTMr0cHUaeVT5LEHKfG4tdgKMyQH80Qvx2V5yI/yTmVDm4KO2pJ5Vc2XPZF1KiiyZL6EIzJj6KrZJjuVIZU9iEBQ279PWS/w+Hc6JjyfpePK5p9QVnf4B1h0zkdOXD+KUjd20VXJ5mjvpctWJQ7ByiskCsvLZmrZ1xQ1EvyN2jdbK/j5eo2JPt6haBlQH+mD3QbvZ7VfKf5a6Ucc7fwkjzN+x5VFH011FYQZenKoXCBuc0VR9bfTw3n89iUZDTNkPJ7JGcnssnb+tqaeqNuukb7dXg4NPVDR+juD+RWhZPnsFACUJTnhF1qEH57J4dnsrwQliQ5Tw/bhQmuweEZrsjhV0Qkh2/KIDtyomseqfq91eQA2SlkoeQlkKECZKWSmJKEO6j6pZK4koQDPEA/WzY90xjznBUl+lw5UWVuDkJQYbGRylj3QGS9iEdrtStEBSxteNLmgg9isld7XLRSmQDVE45B9PZbMjKjzwRzxmKVoc1yrOGWng8/lp4alnhzs1N7hBtlVPYqswVD3SUcpxEf8Au/b7K9udqfRSFzRmN3BVZUUcdVEYpRkHg+ianyPT3Lk0MUgcAW7h24RlkLZdX2msNor3lzXn+RIePsStSyXuRymroVKLGXCnZV07qd/DhsfQrNROqaGcW6pPk/A48Fax3mGFX19DHWxGN+zuWP7tPqrCjLHBDDeDjdZ/q/pw3ujD6cNFTDu3/EPRWFFPPSTOt9xJ8XOWP/C8dsKwyByqZqqeGeNUGoscw8ZR5YWOjMUjA5kgw5pGQQr3qux/wuuNdTgCnqXE4H4Xeipwzxhss10dx0a54+5dnjnUlpfYbnJThpMTnF0Z/wAJ43UqyVvjN8GVwLgMtPst31V08LxQljABNGdTCe/svKY5H0tQBndjsHH3XmtZp2pZR9b+mPI/yKY5fKNPURNcNhnb1VY9zoXZGx7Kxo5WVcZex3bcKNU05zloXGmtrPd1z+RKUTa2C4NuFA1pcC9g0uVL1VaxJG6RrVTWy4zW6pbJE8gZ8w7ELdkQXGlbLgObI1SE9zOvGz+TV8Z4zWQOpn6Hj81G0rX9VWloDzE3dhysg44G6fk8drtHOiWGJqM3sojfqUiM4OVfZgqlteB8wJ82EylnLHozsPZlQnAtflKtialNwkpI1VsrSWjcLa0NWHQx4IOy81ttQGt3ytdbqsCNm+dkjDPS6HWKUUmXldH48YGFmLnS+H2/daeCZszcEKFc6EyDICo2W1K5ZRi548bEKG1hY/WAr2vozGc4VVKzBxhQ4V0Nk8Fjaq0tkDXFaKmnbIABhYuHLHBw2Vzb6wtIyouRtN+HyaUtJ4Uqhr5IMRAZyoNJU+I0AhFliJAIHKKSxydSubWJIvY5fGZqQZmgNyolHWiJjYnD81NlIc0O9UKNytVsU0RATnGUWneQ4DIQXbZQmuIeoiK3azQQyZaAngZ7qBRzbAFTgcjIQHSqnujkeRkEKJLHndSg4E4TZW5CAZnJExg7lGjwDso8gIOV2mqADghADu2snOibLGWuCp5YZLdKJWOOlxx9lcsfsDhDrGMnh0FqCUcrkOS3LK7LCzXFtczwJCCRwp7Kl9rqsx5x7LHMM1DKJInYI/dam23GmukIjmx4gGPdYL6MrKOtodW21CT5PQenuomzNa1z9ytPEfGXkVFWOttQWuGQD+y3tjvrZmMPiZB43/Zcuyp9nptJqVJ7Js0EsLZG6XDYqLTyz22fIJLD2U1srZGhwPKFPGJBjlZsHQyn0XVNVRVEYkjIOeR6KUDlY8y1FslE0WXRnlqv7bc4q2MFp5VF5wcvlhpb5TGGZoDx9L+4WBmtddYqp9JUEuYPpOOQvUAcqDdKKnuUeiWPLwMB3cI1LAMobujy6tomSyiSMAOcMK/tddJBHHTVo7YDvVFudikjhLoM6oz6J9CynutCYpcCpj8u+yIUo4DVMDSRJHwRlVtXSsqIzFI3OeD6KXR1Wpz6KTHiQ7b9wnTRjg8q8ZLnDKPL77Yam2VXztHkEHJA4IWq6L6r14jfJgt2c0qxrqVlRqZIMgjC8/vVuq+n6z56kBxnJxwQhdeTLudE1LHB73SVcc8bZIzkKbG/Izjlee9EdUR3Cmj48zRtnutzFLnGyyW04fB1KblMmpocQfVNZK07Jz8EZ9FgsTRtUkFEpIUiJ+cEhV0cn8wMI2UlsuHZSsMZlNDK+Mxytq4hgg74Vxb6oTsGSMhQdcVUwxA74UOOWW31bWvB0u2VdlKJqtWW4KhvjOrKfDJkBEe0EZCDCYIxpdjdccm7Nf7IrXAgYKApjC0EFp4KyN4p3UNeJmN8rzvhbI8FUl9pRLATp3HBWjTvAqSyQYnNkZuQchZW6wGOV7JG5BJGfUK9pCSA3OFCvcBkgD+SN8rq0szXV5WDxbqmyvoq974mHQ46hjgKLbajRv3G263HU9MZ4RIG+y8+aPAnfG7nOV2q55gkeS1NTptyj2foqufNQNjmfk9t1qmu8wXlvRl1DXMYHc4/VenOOoNd7JViyej0Vu6tZJoGQDlAroGzUz2OGdtl2JxADcfuivAeMEbLPg3YyefsZJTVr4eBqytFTzamacDhV/UVL8pOJ2jG/wCyfa6pryNRUJnBYwuMMwc0YCsnAVFM/I7FQnjLQWjlTKKQaPBPI/dMr5eBE4bkYC/0LKuhqaaePOkHAXgN3iFJXPj0kYJG6+m71BG2rcA3Y8hfP/xItU1uvkk7mYjl3bjhey8Hfte1nx3690Up1K5emZ1smRnC1/SVa/WxuoDCxcLg72V5Y6ltNVjU7AK9dB5PkcJbWerNeXtyBnbshQyOjlyRggrtpqY5KUEDJXapo8XxAMAp50qZZWWTK1rJafX7LOytLJCQFoHOD6MYPZVFXHqcdlTNDngBBNhwbhWMbiGB2eFTNdok+ysYZxpCROG4bVbtkpFtb6k/MAE4AWgjkDsYPKyMUpDw4bYV7R1OpoBKxW1cZPd+I16ccNltkYymEnKGCSM5TsjOFzpxbPT1Xbh5OQq66gfLu9cqeOVWXbLo5Mb8IVFjLZfbgFQu1QDdGcoNsd/J57qbnICMw7muCPdIvFongrH2F/8APkpnfhctrWDVTPaOSsJSStpr3K1+2o7JhzdZNwal+zRS5YCMchRYzolDhhSpN485zsq4Z8R2SgcXgbGZZtcCMgqmqR8vchM/6XbKziJA3KrruPolxs0pEobjTGXst5QJYQR6KoppNNRjG26sLfUGeIOLst0jCiSxhlYdIwDugccDnLKHT4yMBQKjLXNOFKmlIkGRsg1IbgEFHEz2Hi/xOANyDh3KxDlufik7w68d8rCB2occLsV/7aR8U+pH/wDPyiNRIPoQ0WH6EcX6OAxv4wp+BpGyg4JeCpxI0gJ1YoagzHGwKI7uo0nKK3oKPYJ/bJXWYxyhS5yAFxuVkeW+RuOCTE0ZBwpg+kKJF2UtPguBc+xiIz6guIw5RsX0EHC6OVwcJ8Y3ypHsU1kKPpJ9EMapXABPccNyn2z+bUAY4WhIuiL3rBf0EIhhaMY23Cc4mSXA7bJrRpGM8ItOzOXYVnpK4qEcIkRNDY8qsvFUI6VwBGe6myShmAsze5yZnRZ2KuTwZ9ZPbDCKp0rnZcTyoMpOsqQ/bbKGzd2cLPN5OVF+2Ohacb7KUBtj0QmgAbBHUUccgt8jW7lSY243wo7PqCmNdhv0o28IXYKd5a0tBxlVk5yeVKqpc7BQSO+VmslkkItgScro5KQGCQue6yzY+CCgZOFdW62ujaJH7OduB6Ktt0LpqpuO3K1UURcMLNbZ6PSeJ0il/qSJFots1dO1jBtncr2WyUTaOkiZjGAFkeiLG9rGzyDylbxoAwBwFnzk9/oNN8cdzJZf4bdyqtrzPVebgFSJpdg0IVNFpfrPdaK1kbqLMcFjEAxox6J2rPJAQHEbYKZI8YAytcazDLVQgsMdNOI2k5HCrxM6V+ccFAq6w+N4XZSaJhJ1YTs7Fkqm9aiWIl/QRNp4mu1ec7n2Ut1SXAAqrgkOkDfZSIWmR+nK5eqll5PUaOarjhlvbYTJK2V2CArzxxEzIHCqaZ4gga3G4Qa6v8One7dY6NNLVWJR6E+Y8zp9BpXba8Dr1fhSQHDgC7gqk6etlT1BXOq5WFzA7AyoAbU3yuDYhiNuwB/zXqXTFoZRQM8NuCW+Y+697RpoaStRij8sfVX1Jf5XUSblmPouLJQR0jBE1uA0BXkOzgSEGCLZuG8KaxuMbcKTllniJSyEYMb4RRwuNGye04OVSFsIwEfmiN7rjXZbnhRrlcYLZCZpDufpYD5nO9kPZYerraehj8WofpHb3Poql4rLs8Vc7vDgd9LPxH7oNLT1t1mFfdnANaPJBjYDsf8AmVocNHlGwVpE7GNAY3DQNuF5f8TviJNEWdJ9OSOddqomMiMZxn0KuPid19T9J0UcEBMlwqRiGIb5HGSFB+FHw4qLYJupeppPHu1cA7D9/CByg4RphGNUflky3+G/w6pulqHxKoeJcZ/NUyu3cT6A+i9Bij0tAIAA4CdGMAahk9ynqsmadkrJbmMxhJJJDYWPzhAq6yKji8aV2G8ZXK2oipYTPO8NY0dzz7Klp45rvMKyqBZSg4iid/mVE8kJEQmuc7aiqB0M3jjPH3Ks9A7AD7BJsQYMhJ7g06eThQi5eEdOCMBYGW53P4hXeTpTo6UNo48suVyH/AP9Mf8Ai53UdlbevivdpOnOjJJqaywBxuN0ezZw40R78c916/Y+m7P0jbo7XZqcQ07ANLR2/wDlyoNxs/yA6Z6Yt/S1sitdsg8OBnGd3n3ce5V8xwxsN0EO1Lzn4k/FGazzM6R6SjbV324fymBo1CEH8TvZATsk/E/4lvsckXSPS1J/EOpq/aKJr/JTt7uk29+E74e/Dl/TLJ7zeqw196uZ8Sqq3jJJ9GnsPZR/hj8Pj0zDNdrxOau8XAiSpnfue/lHoN16C52G4JUKyhhJ04J4CjFxCK9wyTlRyeSoCOzqKa+oigGTufRBfUBmRhQKh2rzOOVCHKyokmecv8vYKLI8MAPK5M8O3zjCgTz6fUookDzVI9lXyzlyBVVeHYVdJWyZIjOEaygkiTVVQj5xn0VRWVhkGlMqp2QRGpqXkAfU5eT9Z/HGz2sOpbGPmqgcPAy39U+KNen0l2ol/po3t2udHbo/ma+fw4x3XlvVfxopaUyUtip9cg2Er/8AovKr/wBa9R9S1D5q+vlLXH6A7YKqijLh5jue5TD0Wm8Wqv8Ad7J946pvt9lL6+tkk1HOnVsPyUWOlMgGRn81Mtlmmr5xHC388L0Xpz4bNBbPd3NERH0kcojRK+rTLCRhbN01WXKUR0kBG+55Xo1n6AoraG1VwY2SXAOy0tNDQUAFPb6ZjcbAgDdSRRVNRg1cumLuMKHN1Gtdn4kWJ/mEcLBjGNlMp7fw+oZnPujsipYyGUzdTgpcVPI/DpmlrVDBKTfIOKCFoAZHwUdsb3jT6c+yTqmipRkHJVNdOo2xRvNNKGZ2ISpWJFRg7HhFrJPT0vmneG491SXPrN9JgWuNhcOXvGf0WCv3XlppdYq65zpAN2g5XnF5+IdbMww0L9Efb1SnadbSeKlbzJHpd66nY0vq7rWOc47huvb8gsNefiC+dhgtzHMHGolYeWqrq15kqJnvzvu4lGjpiW5dkJU7Nx26fG10cirK2pqpNdRI6Un1KCRWkAU7cfkiOkhiOXncdkjcpHeWAABZ5SydCtKPCEy3U7G+JXS5kduU/wDiEdONNIGjHfCjOZUVL9ZyUdtK1oBePyQNsJ49sDNU1dWQHznHoEyOlc45cdyprWUrMcApxglOPDjJBQSeAXNIZDSRfjaFIbABsxqLFTDAdMMHlEkqKemZrByQqTFyk5cI5FRyu/Dt3UmOjp4RrcAD3VZLeSW/Xpwq6a6l+WmU/qidm0FaeUuWaQ3Gkpdhuo8l+e8aKdhWcM8mC5oymCprXnBwwfZL+TIxaWHbLqS41hzrfpB91HfUscB482w7KvAqH/XISuGjeRqJP6oHNsJVRT4LE19EweUbhBffCz/szQMd1FbTkH6UQUxH4QqbbGpQ6Y518r3eUnYoZqq14yZeUUQAcMCIIQBgDCCSaLe2PSIZfUnmUpvhk8lTfA9kvl/dDyVuRE8E+i74J9FM+WJG6XyivDYXyEMQb/SiBhA4UsU/qniJo7KRiT5GV3hO/pS8M/0qzEbAMaUtDfRF8ZW8rdD/AES0O/pKs/BA/AuiNn9H7qbAXZgrfCPou+EfRWYjaBjQEtDQchgU+Mr5n+it8Fy74LlaCJoGMBIRtHAU2FfOVghcPwp3huH4VZaG+iRY09lNuCndnsrTESueC5WXhN9EvCZ6IXlAO0rvCf6rojeFYeA30SEIB4RfkT5CHhx5SGoHKnNgaB9Kd4A/pUUWXkh+PMMaTjCOyvqW/i/dPEGeWBIUmNyicWLltDNu1Q3Hf81IbeiMCVqifLn0TfBHorTwBKMH6LVlygk5cQUdkscwy1w39VSiI9khqB5O3uiTwKnD/lLd9O93AyFHkpXN5CZHcp42aTkgeqkxXGnkA8VpB7oc5ZHvj2Qnw52IUZ8OOGq+DqWZuYmob6Vo7BMSLVz9lCYn9guaXgK4NKOzQgup/YKSi5dBq5Mqi4g/SnB2TjCmvpgOwQvAKRyg/lQLOobJeGfRPMBHLUtBHZWpsvd7OLn08J6Si75AUuRuc8FTKK6VdI4aJXEDgEqKlkJ8ZOPQN0YzxlGqoetLjEAySXLfffC1Vu6toaprWTeR5G5zsvLG59UVkskZyxxC0V3yXZht0kJrhHtcNRFO0OjeHZ9CiryKi6guFE4FkpIHbK19m65hmwyrGl3qVojfns51uinHo2ZaSuM+oIVJcqOsYDHK3J91KAxvnKPemc+ytwfJ0cLo5ThskrF4HAd11JIcoiYEAiADGMDHukB3XVGslqTXRVXDpu1Vx1mHwpez49iqprepenXl0b/n6T+k7uAWr0O9Em90Dih0NRJflyZKoh6Z6laRPAKSqPJxpOVkb30Hc7aXVFMBPDyC3nC9Lr+n6Cvy/wAMRSf1sGDlVgPUVheQ8CtpT2xkgfZIcOTVVqZQ/F8Hkhj/AAuGCOyGGZ7r1S6WCydVR66FzaOuGXEacavbCwt56cudkl01kJ0k4DgNiglXg6VOqysS7KUAg7hEa3G5G6dpPIanpT4NfyCSSSUKbyPTxymYKI0bhRECM4Tk1nCcmIAenpierFzHjlEA7oYHdEHChR1IcpySgkKOF1JJQjWQo8KpYYKrcH6XHkFUdxtj6WUkDLfUcK4AOUZoEjdLgoSE5RZlHHBxnB9E9rxjBU+62UtzU02fdqpcvd5SNwgNkJqS4JLoWSDjKhTUvh5IUuOTSBnunuaJB91SWA1PDKgAjORwlqHqp01IOwUJ1O5p4zlUNVmRiSWMJKB7kJJJJQs+8w3w3B7Tgg5C1/Tl1+ZZ8vI7zMG26y7gm000tLO2aJxaWn15C/JMpbj9xWR3I9Mjk2AyCpMT8EEKltldHWwiVjuBuFZseNkrBinBpltSVZOxAU5smocKjjl8Nw2VpSztk8qXgU4knJXRkkJg5RQRygwJfQQcLq4PZOAz3RCZdhEkkkRQ9JJJQg5JJJQMSSSShB6SYkoQekkkoQSSSSgkekmJKAD0kkkIIkkklCCSSSREEkkkoQSSSShBJJJKEEkkkoQBURCRukjIOyoqqlmt8/jwg6SckDutGRlR5oRJsRlQJSwRqOrZOxr2n7hT2uWefFPQVBezdjjn7K1pamOZoc0/cKFvknjlFwHN3UdEHKgMlkRZIw5a4ALjsTM0uI32IRQWubumGJo3Y391Bb4KKopZ7TUGopgTC76mcgfZT6StiqmB8Z2P7KWXg5a5v5FVFXRPopTWUY/luOXsChC1VfcbLTXLd40vxgOA3R6SrZUMBB3UlWnhgyeDESvu1irPlq/z02dpQNsdld0tYX6XtIc07ghW1ZTwVcJpqmMOa8Y3HCyN2sd4sDTW2Quq4s+em1ZcR/hWqq1iJLca6krC0g7Hsd1iviT8KbZ1jDJc7c5lLXAZLi3PiH/EVZWC+Ut1iHhv0TNyJIXfUw9wQtDHPpYASuro9fPTzU4vkyXVbj4xvlkuFiuEluucDo5YyRuNiPUKtyY92n7L7B62+Hlj6+tppK6IR1UYLqecDdrv+i+X+tehb90NcX0N2pXCHURFPjyvHZfSPGeehfBRk+Tn3VOPRSQXHSQJTsp8NQJBthUcje6dBWPjOAV6qE8rJnby8M0Q8ORha9oIKBHHVULy6E+JEeWHlR6esB2cVOjmBGQOU+M8B/CprK7OSijuH0nwpByHbbqFJSVNK7LSceykVdGZyJIzoeON+Uw3CWna2KrjO2weOCtELucejLdolavuXP8AYizUdHc2GKuhaT/Vp3WNvnw2qTqntDfFbzgHGPyXoIbTVQ1MIB9kOQz0hy0kj1C306mUOjg67wGn1MHG2J4ZWUFdbJDHVwuYR6hAiqCTgAL2yuobbd4zHW07C4/i07rDXz4cT0+qptbg9h30rqV6mMliR88130xqdOnKr7ofr2ZIPBHb9VzxfUINVTVlDKWVUL2Ec5CRmYWjOQmJqXKPK26VR+1cS/TCJIXiM9V0SMPf9lDE6pR/INrKK2XsoxeAhCY5QgJMsQQe67gcqGycbZKO2cEBQmQp4QRq1IocClgKEfAhwundJJAUM39U9JI7qEzkWQkmYPqnqEawJJJJQoemJ6YoQS4QMZXUlCwZC4iEDlMIOUARxCc0O2O6KmKNZWGU/wCxOsnUNxsEhNJKTCTkxk7fkvUbB1JR3unZLC8B+MOYTuCvHyB+SLTVM9HIJaWV8bgeWnC5es0UZLMUey+nfrHVeIaqublD/wBD3lkzm4x2U+nrIj5XnBXmtg+INPIxlLdWlkg28QcH7rYicScDIXn79JKL5R978T56nV1K7TyTRoxJrw9m4UllQCBkLP0tdJTnGSWnsVZskbM0OY4fZc6ypxPY6XVxvhlE4FrzxhIZactOD7KKx+OTwjsft6rOayQKhv8AxQCfXC6WwytyxwGUAtDlGqGPYQY8gj0Ktfopkt0EgJJGyC5paNghRV8sflqM4Ulk0UrcscHZTYZ9ipJMiukczgLsc73HDsI0kYO4CjyR8BoT4TMdtSfQfxP8QT4p8HGkH7qAdTFwVGMgtT4T5yc6zTp+im6o+GXSvVIdI6lbSVD+ZImjc+pC8f6u+BnUVm11NqjFfT8jw/rx/wAq99ZUY3JKLHcXt8pAcPQ8LdXq5QZ5zyH01otfndFJnxnVW+opJnQVUT4nt2Ic3BCAMsPK+vL90n0v1QxzLjQMZK4bStADgvJuqfgTXUxdUdNVjqxoyfDkK6lOpjNfcfNfK/Reo0vND3L+3Z4+DnkhP16d2uVjcbJWWyZ1NdbfLDIzYkjb8lTzwygkwjI+60qe7lHi9RoLNPPbNEllbMTjOyksqQ8AEbqm8V0bsObuiifODumZTfBjlRLOGi1y08OC5keqgNqCTxlHZLlMyC4NEhJNbI0jld1BMFYHZKcwnKZnKSrItkuKU+uPzVlTV7Q0Mn37ZVIcggo0b1YEo4J1fZ4qlxnpnBriMkdiqGSN8bixwII5V9BVBgDUaeljq4tmtDvXG6CSCjJxMwNQdnOMK4oL3pjENSeOCodVQzUxy4ZHqorW4OeUPyY4GPbYuTXwhs7Q5pGMZXDFp5CztJc5acgDdvor2kuMFU3bloyQmxsyZpww+Dry+MjHPIWv6W+IVbaJGMrdU0P0kA8BZaaMHBxlC0+61KRitpjasM+h7J1VZrzGx1LVND+7HHBCvQ/I4XzJQXCqttS2opZC0t5HqvTel/ihrDae69ttSPKONqtFJcxR6m13siGUjgKtorhDWxNmgcHNcMjBUxr8jOEeV7Oc4NcMO15JGSjNPuoiIwnIGVbQPZMDj6ogceMqK13GSiBwxypkhKa886k8TnjChh5Cfr2wpwyZH3K22u/QCmu1LHUs7B4zhZaq6M6nsAa7o+u/iNI0ZFDWSAPb7NkxnH3K0oJBzqUuCqdGQ7KhEZK1dZ0VTN/DLjDNQXFuxp6hukn3B7haEVOPRSrrZem+qIRT3ygZMRnS/GHMPqCslW9FdW9OZqOmakXegaP+zTH+ZGP8JUIahsgcAUXxB6fusrYurqW5TOt09NLR1sYw+GYYd+Xqr9j84I/zU/yFJYJYJBzqRg7AxqCgCfJwieKp2KJer3C6CcqO05PKMz6Qo0QMOEkzISyFMkHpJmQlkKZIdyVwgHlLISJB7qiEaRoadk+GXOxXHMwUFzTyrayiE9rgQkcHuokcpPlwntcRvkpLWCHZ4GTRmOQAghZiuoJKWQtcNuQfVazUolfAKiMR535BTYSwGngw9yt0dwgMbhiQbsd3a7sn2G7yNxZ7mdNXCNvR7fUKyqaZ8Emhzceh9VUXi1GsArKV2isiH8t49R2TexqaksM0wOr2SLQ78lTdPXY3GkEdS4Nq4jpkZ3yO6uTyjFSW1lbdLXFcYw1x0ubu1w5BVEytnpJRQ1ww4bMeeHBa15yMEqpu9rjroC1zd27tcOQVBkJ54Ku60kd1oX0jwMkZYfRy86jY6mqX0s3lewkbrc0tbLSy/JV/lI2Y88H81U9aWsSQMulMwCSI+ctHI9Ut8m2meGkzOzsOdl5J1tYX2erNbGzMU7t8cAr1yORs8QeO4/dV97s0d7t0lHKBg7jbfK5uro3rg9L4XXPR6hc8M8ct1bPTyNcw7HkdloBK2dgJx6rN1EUlBVyUM7CyaBxa5vp6KxoqvBbnheZ1NOJYPsvjdbxh+w9VDg6gMZV/0pdcA0Mx3GwyVCDY6qDTp37H0VVqlpJy9hLXNOQsL+xnfU5VSUo9GyvNubNmVrQQRuF5r1FbTTP8aNulpO4916jaq+O6UDXHGoNwfus51HbNbZGaMgjITN3AzX6f+TXuR5w33Rm7Js0DoJXRuB2K72KOMzx0ouubQdjs7JlVGWt8Ro+6CyU6wFMOHR4JzkInyFCzcQoKt0Rx+i1VBWZij3HCyksGlwcBsFNt9WWOAcThJaSNmmvVctrPQLZVl2MkBXTg2pYPVZC31JDQVordWjADkqSyep018duJEK6W/Y4GVl6yB0b8EbhegzxtlbqxlZm9205MrW/khZn12mb++Bmk+Od0PCbI0sO45XcYAKtPDOJulCRo7fXNMbCTnbBV1HUNewbgrFUk5Y7SAr2hq+AeE/OUbqb30y0qMtYXsHCLR1pEQimcT6Iepro91FdseEqb2myNzg8xLQztdwUg4ZyCqttT5sZR46jIBQjVbuZaQSlh2VnTvEjcE4VHFKDj1KlR1BbjSrN9N+C5BB/FlEKgQzagFKZKO6Wbq7lIFIwEbBQtLw/YqzcMhRJYx6IUHJZeSRBOCxrCRsiaRjnOVVlxjcDlT4KgOaNlU1wFGfoHURBwJwoUM0lJN4sbsFpVq8NcDvnZVdVEWAyAfkkThngJzcHmJsKKaK7U7ZhgO07jPdSbRcH2+t+XlBDX8fdYu23GehmbLGdu7exC2kT6S+UglhIbI0cdwVitqOxo9S5/5PQLXctceC4EK4Y4PA35XmtjuzqSb5OtcWu4a7sVtaOrJwCeAuTbDDPUaS7dEuHMBHAKrZmVNtlNTRnyE5cxToZQ8blPkAI9VnawbU8k203qC4RgEhrxyCrFwBxlYqqpZaWT5ujJaRu5oVlab8J3CnqnaXdifVUGngu6uIEawPuqmqtTZT8xSYjmbvsPq+6uHPD2kFRJHugdrHqjJj2Zq505nj+bjYY6qnPmxtqCkU+LnQipj2nZ/eMOxwrerpmVLDPABqIw4Kif4tqq2Sub5HnBx6IxclkjSgHnbCqrjRR1TSyVoLSMbrVXC3RVsIraA/8AM0dlQVMZwWkYIRC7K8o8+Iq+l7q2SBxbBI7jOy9c6bvrbhSM8VwLiOQsHdqJlZAYX7HlrvRVXTt2rOnLj8tVOJhJGCeMJclwIjY6We3snLSMYKkxzawB6qloqhlTFHPG7LXtBG/qp0cxYRtlYra/0dKq3csktzDkOAwnxP1AApsMwlGCN0nxmM5Hf3WNxNSlkMGlpD2bEb5CmztZXUreA9vdQYXtxgp0MroJCM5aTwhwHklWmtc6Q00pw5mcZVyyQOGMrMVTJNZq4G7jcgFWdBVOqIhIdj3GUGGWWExPITY38ZK6DlufRRwcHlK2tkJ+R2UWoa2VhY4ZTmS5HCR3RwWGAY+vbJQVJwMAldqY/nKUhh+oZCur3RCppHFo87Nws9bqjWHwO2LV0KXhibllYMldKZzopISPM0kLzW+Ur6apEzRjfBXsV6pPDnMoHlfz91g+praHNeQ3YjK7GnnwcHXUZjuKmzVJp5GODsZK9esVZ83Qs1P1OYMFeGxvfFTmTUf5ZwvSOi7tiOImTIIAKfNcAaO/GInoUWQ7PZS9OyBEWOaHs7jKLr04HKys7sHlFL1PSGopA5rclu6zdDK5hwdiFuakCRp2ztwsHVtdT1zmkYBKoqXZq6Zwlp2HKNHlj2lp3yoNqf8A7vucqYOc8ok8PJclmJF6gptYE8Y3byvJfiva31NvNaGag1oI9ivYqpplhdHySsd1JahcbVVUJbh+kkfkux43Uuu1HkfqHQR1WlnB+0fNVPMdQBGFYMl8MNI3VbUQTUVVJBPGWPa9wIUqPdo3X0jTyU4KR+abofDZKt9p4PVelqky0YHphXtTgs/ZYLoy4SRvbE92QRjC3jQJm4ytJr09mYIZRSF5FM84Q6xoaMoJcYavPZqNO7xmbKGhzWCmqTpkAARKeU7AodY3zlBglDXAIGArsPBcxuA31BWtvqBq0k4wFQRu1AHUQpsEojIPKVZDKwdvx+rVUksmrilDmgZCI3PqqqkmJAVixwxucrn2VYPf6XVKUUwz+OVBrsOgfnndSpHAqBWZLMBZ1HBvdu9EC3EtjI9Cp7H5CgUbx52kYwUWN51hv+qvaxO7kmvw4YPC8+vMbae/hwPlkIIW81lrCSN1iurIWtLKlo0kP5QpmHX8wTXpl20h1M059VCkwH5HKdQvL6RmTnZAqThwRtZQquzKTJkb8jCBcGa4COUqV2dvRGnj1sx6pElh4N1c8oBaJQI/DGzm7I9UwCVrwO25VdSuLJ/Lt5irabDoskbpUluGqWSurDgNeBkd0GocfAyj1WTEB7qPI7VCRjjZStYYiyeGjx/4qM3bU45OF54yTbccr0v4qMzTNH+L/VeaMLQBkYwuvV0fHPqZZ10pCzl2Uan+lAHKPT/SmL80eeYYAas43RsnSEIcog+kJsBZ1yjyIr1GkOBhVaXEY/c7hc7YXHfUiR9kntjSRC3fdSRwo7DgcIzfMm44EzWRo5R4+Ag4wQjR8BGwPQZnZGYABlBZ2RQMjnCKCyKbwcmdnACsbNC0RmTG5KqzkuAAzlX9BGI6cN4PKYbdHFbtzCSPLXADupkBIiGyiOZrcPZSiRHBkDcIzrReOyDcp3RjU0cDZZaokc97nPdnfup92rJHuI1cnB+yqZXcYQTlhHOvt3zaAyc4T4m4AQ3jJAClRAENCzp5eTJPPocwYTkk1yb0ToNFjIyMoskg0YwhQDuSmVMm4wgnLIn8gUrtRJUY8oxIxygnlZLJ+jRDo4ljJCSJSxeLUMWW2e2OWaqqpTmoxLuyU2mPVo8zj3Wus1q+aqWtOdLME47+yrrXRN8JhA3XoPSdq8KLxnN3zklYnZuPoPidE44SNNbaVlLSxxsbpwOFJf8ASU1gJ2Slfp2xyigss9a4KmCBnLnj2RnEMAAQ2ODfMUj5yt9UMHmdfq054iG8TIySoFbWBvlByn1UjYmZLvyVLLUCR3cLoRiksnFuvcmS4AaqoBI45V9BEGBVdriaxoeW7kq1c8NaFmunng7fjo7IJsLrDdgrG3sLj4uNlTw5ll8P1Vw1/wAvFpxlc+dfyPB3JauEI8kuerbCMFyoausmqZCwHDScABcrq4yENaVoOlOnpKyUTzR7dvZep8bo4aWvK9nwb63+qf8AiNv8al/ZHj/sW/R/T0UUHilm+xJPOVu6On8PADcAKFb6VsBETW4AVvTswclb5yyfLbpbnlEqJo2GFKAGEBjXAjIUgcJPszj10AngJYPYKovfULLaG0FIfFuEx0siByG+7kIOCXdLzDaIWu8Px6iU4hp2nzSkc49hkZPuoNvt9RUz/wASvD9VS7fwvwRf8o7BMs9m+Vd/EK1rJLhI3zPx9Kt2h2dR5VFoKGfnlUXWfVlu6OsstzrnjVgtiZnGt3orSuudLaaSSurpmxQRNLnOccfkF5PZKGu+L3UZ6jrmaOnqRxfQwSD+/d/V7jA/yUbSNNEM/dLokfDbpG49SXb/ANpHWdPGKubzUlNjyRR/hwP1XsUceMHHKUMEbGBjGBoaMAY4RC1Lms9CbJb5ZHjhJNSQbWCOQKytgoYTUVDw1g7p9RUQUkL6mqfpij3cVQUMUvUdbJcKmJzKBpxBC7YnB+oomQPBTz397a2sJZStOYouC4jhx9lbtYGAAADHYIjYRG0NaMAbAIVTURUcRnndiNvJVMnfCH1E8NPC6SV+nHAXnbnX/wCMdzfZOmw6j6bjLYrhcdWfG58rODjY5PdCgN6+Nd4ks1mdJTdK0r/97rOX1Df6WcZ4Pfde20tJYeiLDHQ0UTKaCBoayJjcDPt6IZSwNSVa/uR7RZLN0jZ4bVbKdkEFO3S1rRjP/qiRuqKt7ppTpa76RjgKJRCorqj+I1JIi/Aw9/dZDrfrS6zXNnRvQsjX3OQF1TVg5jomerv8Xt2Qk75G/EP4gz0NU7o7otvz3UkuA5rOKZh5cT/opHw/+HNu6Pp5aqrk/iF1q8PmrJB59+yl9FfDy19IU75WvNVc6lxfV1km7pXHutVhoGc4KhTaOR5HfhdqHlgUerrmUzDq+o7Ad8qNE6eoGqQ88DKglsP4hcdk150j7rmzeVFrKloGMcKwgdTIAc5CgzTEj1Qqus39NlT1Fe9x0sOyKMchE2qrtJKqp6vXshSSukPmdufdU97vdv6fpTW3GdgjHocrRGOBkIObwi0leZcHIWF6v+KPTfSfiRVeuWoZxE04z+a8z6/+O1ZcpZbb04BBBuDK0Yd+S8gqKuprZXT1U75ZHHJc85JVHd0fit2J29Gm6s+JPUHV8p+aqHQwDiGN/kWScwvOCOUQNA7q4sfTdzvkhitsOt7efzTDtxlVo44isIqIqff6crcdKfDquvJirKgBlOeQ4crbdPdA2yw0jKq8mN9QMEtbyFo2iruErYqGER05G2ByiMOq1+7iBCorLY7A35ejhZNU48u2VMbQXOsx82GxMPb0UuKKltjtb4/Eqjtj0TXTV9af538uP7ozj22u15Y2KOhoyYaaISS45KK1s0pxUOAaeWpzGQwH+U3LvXCDPVaPNM78uEuVm0Sm30GkEFMQYW4I33KhVt5Jj0TyhgHP2WS6s+J9n6e/k+E+onGxja7Tj88FeNdQ/EjqC9ksMohYT/wxgpLuOvofF26rDawen9TfE+1WeV0EMhleB23XlnUXxJvF6kLKYtgYc50bErNEmoeXzSOcXcklEYbbS7jzuWeyzcz0un8ZVpf7s42K4VztUoJHqVIZS08ADpgMqPLcpfpp/KFEL5pTmeQkHlJdpu2L0WEtfSRf3Tcu9AhGpq6vYgtHbZBa6ihAeG6nojn1b8CnZyqcmW9qEY9JBmPPqiCeijADAcp8VuLhrqZs5/ZF8a10A3cHFBKWAXj+nkEHVTtqZmAfZSW0cgaHVMoIO+PRRHX4nUylhxlRHPuNQdTiWgoclKDfMi3Mltpzl3mdzyo03UMUQLacYP3UD5KR7h4rwB3KOykoohkEF33VvkNVwGyXatnOQNP5oJZVynU/v7qTpZnDGbD3RQUGAntXSIRp3v8Ar5+6I2lwchHHKIAMIewXLPQJsLQE7SE7A9UsD1UIzoYF3ASyFzWFfADy2LSM5T9ITDLjsmGXPZTKJhhsNXfJ6fuo5dnulq91T5JtYfDV0EBAMgHcpeKPUpeC8B/EHou+IPRAyEshWUGSTMhc1BQgTV7rodvygavddyVCEoZxuu4UYTZ2yu+IVPkAJGE/A9VE8Qp3iFT5CYJCSGJfUJeKPRRci8BFw8hM8X/D+67rd/R+6tcE6Dt4XELxSiCXfhC3kqUcjgDlEAOFwOGOE/UPRHDHsr2dBwnkAbgbpvin0RGyZPCZlFN8CDW9guNaUZpyASiN0qxe/AHwR6Log9lJDWroIPAQYBlPJH+X2+lAFOQeFZNDfRO0NI2aqA+Qrflx/Smmn322VkYQm/Lkbq9rCdmSu01EeDEMAKQ2slbgSnhSTBngYTHUmQjAyh8dTTybF+CntgbMPIoJpy0+VqLDJUwOHlwEWSMO+3SjgDCjuptGzmqfBXtwBKUYSU0gzz+SBQUiOe0p3wHbyob4P/lwruSnaRs3ZRX0x7NCr4v0WrCpdEW9kwghWRi9QhGnHohcGMVqK8tPGE0tcOynGPB+n903R7KYwFlETJB4Tw/HZP0BM0eyZgLA4HK6PZINISRJ4JhPsnUV2uFE4GKYkDsStfZuuT5Y6o+xysG0kZXSMo42OIm7T12Rxg9tt92pK9uYpBn0yp2CV4fS3KuonNdDUOAb7rY2H4gvi0xXButvGrutML89nCu0cofiehJKNb7rQXWPXSyjVjOMqY1mHYTlNMx2RdfaOtCcz6giAEN4XNXsi5YrA/YgbJafddSQlDCMppHbKKlglQtNrop6uzU87vGiHhSjcOZscqOZHOZ8pfKY1EfAkAyQr/w0pImvboc0EcYUaTGQtnF5yecX/oXEjquyzNmicNWn0WNlhlgkdFKwtc04IIXtQtJo3OkoJCATkxk7KmvnTdHecuEfy9SeSR5SVnsr/R0tPrMcSPK8YSHKsLraam0zmCpjLSDjPY+6hDHdL2s6ddisWUdaAeUQcppGO6WckIGuQ8hWcJy40YC6mIEenjlMTwO6gAQDuurg4XVCm8IcjIKMoLfYl0A5SA7p+xA2UId2wNl1q4nx91BXYduMYI2VHd7QW5qaZmR+IBXTXIjSOCoTc63lGFL8HgjCeyUjGyu73ZMtNVSjjdzQqLGkbndQ21yVkU0SfK8IUlO124QmPdGcEZClRyNO2UAXRAlpyzgKOriSNrhkNVfJTkk4HCgSk2R0l0tIOMLigw+/ZIte47KM9pbnIVrUUclK8sk/IqPLGHDGF+RT91hLDcDTVPhvOGu2W0gkBAwcheePiLTlowfXK1nTVeKiARSHzx7KC5wUjQAnGSj0dS5kmShg5HCE4Y4QNGOUEuy/bUah9PKI1xVRQVZJ8J54GxKso5GkIMGeccE2OY+iKDkZUUFGilDcAqGeSyHSXA4HgpE47KABEkklCCSSSUIOSSSUDEkkkoQSSSShB6SSSgkSSSSgMlkekmJKAD0kklCCSSSUIJJJJQgkkklCCSSSUIJJJJQgxLGUklCEaphEnlIyCqbW+hqC0bNzkLQuaHcqHWUTKhhwPMoGEpaoTMGN1KB1BZyKSaimDHZxx91bw1WoA9ioQmsJzypDcY3UVr/ZELsqCmsjpIfE3GyADglrgPQgqQHgbcpssLZgHZwfUKFFXVUZikNVSZB7t9Qj0dW2YAHYjkIrtUR0ncKLJTkv8WnOD6KwCfIwPA2UZzn07g5zdTfb0XaWqDh4cmxG2/ZSHMa8YyCjAM/fuj6K5Sm52yR1HW6QWzxDv2DgCMhZ2j6nr7LVx23q2P5dzhhtSdonH3J4K3rqSoi/mU8n/hPCjVFHZupKaW03emjke4bxvG2EyuzYyms9ipqlwcMDKdeLHaOqrXLZr1AJIJhsHDIDuxWIq7D1V8N3/MWDx7rZ3H+bROx4kI9Y8DzfbZajpnqqzdT0vzFrqxI5v95Gdns+4XX0mp2tNGS6nJ83fFb4PXnoGU19vdLcrM9x/wB5ccvh9A71/wBF5e0nPPC+/n09JW0ktDXU7J6edpbIxwyCF88/Fb+zu+hjn6j6Ag8QE65rcxuB7lnp/wAuPzXvvE+dx/p2nOtpxyeGxzOaQQeFZ0ddkgErPmUvcNv0RYpXN3XsYXKxZQlScDYx1LXtHG6c9jJW4e0Oz2IWbpLicgEnCuqetZI0J6bQyNil2cFK2FxdCSM9uyKybPklA+5RsGTfHCFJTeNgA4PqmxuaJOvPY2Sjjf54zgpNDmeVzcj3Q3CopnAOOW9ijMm1gHAKdXc1+TMFtCfEUQLt0/ar3FongYH+uFg758OKuHVJbY/Eb6L01zGO3aMJNdKz3C31ayUejz+u8Dp9TDFsFn9rs+eaimlpZXQzRlj2nBBHCaxoPGF7zcun7JemObW0jRIfxtGHfqsHfvhjcKcuntA8dnOAdwtkNZGb5PFeR+m7Ko5isowT3EbJp3CkVtBV0cphrIHxPbyHDCjadjjfK1qSmuDyt3jpQ524E1+DnI2TxO7P2UZ8UgOS3CYM4OytowS08odljHWHg4UmOZrhyqVpOcosc5/RUZ7K2XQcCuqthrM4BUxk7SMlVkDoeknZC6rIJJMSQFYHpZC4SOEwDHdQpIIkuZCWQoQ6kkkoUJcIGMrq4eFC0DPKS6Qc5XFAgQ2SPtwuJw3CGSByDkGrC0HT3W9fZniGrj+YpcYDQcOb7hUKY5me6xXaeNi5R0PHeV1firfl0s2n/wCTPa7Zerfd6RtXbpxLG8duQfQqwpamWnk1sOR3HsvB6OsrbdOKiiqHxPHdp5XpPS/W9FdSKK5EU1SANJ5bIf8ARcXU6F54R9t+m/ryrXNVXYhP/wBT0OGuhm/Fpd6FSRKWjGMrOl2QHN47Ed1Op68saI5skDgri3UqLwj6lovKKx7ZsuY5icZCeJBIeOFCjnjeAWuzlSWEN3KRtaOrCxT6CSQtfgkZUZ1FNT+akcMD8JPKk+IAdKcJdxtyqXBco7iBFc3Nd4dUwtIU4lr2hzSCE6WipKxpMzN/ZVslLW23Jhf4sedh3COLyImmHlxnGOFFkaTxsiQXCOof4T2hkmNxnlGdDpGcbJyZmeGQTracZwm+K4qUWA5BCB4XfCZGQiUUNM7hsVKiq9GARj3ChP1cEJheT2T1bgx2VKXolXSzWS/QGG4UkUufxYGoLy3qn4KR+ersUu3OjK9La52MZKPHUyRnc5C0w1MvRxtf4fS6yOLII+W730lcbdI6Ouo3N07ag1UE1CW58MjI9SvsCutlqusZiraRji7k43WB6k+Clsrmuns0hhmO+knYrZVq89niPI/RmPv0z/7nziKgxv0ysIUllQzT9S1nVPw86g6fJ+ftr3R9pGjOVjZ6MREgFzfY9ltr1KPDazw12nlixEltQDw5PbUk4VW6mkJzE8g/dCbLV07g2QE+4WjemjlT0Uk8Ivo6jWcYUhsodzhUkVewgHO6kMrgcFp4VZyzLPTyRakYSzhQ21bzgO3CO14IymJ/sU4P2HbI5pBzwp1NWvDh6HkKuXQSEQqcMovHPiqY9LgCCqyqt7G+ZmUoJzGQCcqxjlbK0DAQpZFJNFA+FzTgjCJTvdC4ObyrSeka85aFAlhdGdghf2vKDTUuyfS3J4eGz7tO2fRWTWmZuqEh49uyz2fVGp6yakeHwvLT7FNjY2BOuPcS1ILSQeQnRyebhNjr6OvIL/5Mx2P9JK7JTSN8ww4eoTlMROO7ho1HT/WVyskg8Ooc6Mn6S7IXrfTfW1qv7BFDKG1DW5c0nGfsvnjUc47qXQV01FM2aF+khPi8nPv0UbPxPqBr9Qyig5Xj3SvxKqaWYQ3V+uJwwD6L022X623NgfT1DST2ymqX7OJbp51zw0WwcRsCnNe4nCHnYH1SzlFgz8EgEEZyE/I9VDBOeUZpOkboWsFBs+6fqx3ULU71KJ4g9VeMEwStR9VIprjU0rgY3nb3UHJ9U4DAxnKrILROu9q6e6opw650bBOPpmj8sjT9xusvNZ7/ANLuM8Urrlbhzk/zIx/qrqR5bjAUilu+jEc7duM8/qrSyEU1rvFNdG66Z+oYzjv9lOE2+McJtx6boa6obcbPM6lrtyCHYid92gfuokU7y91PVRmKqadJadg8+o9lRCxiqM4yFMimbjGVUEOGCcjsntmex2+6vBeC41H1SyVAjqQQjh4IUwVgkZKWSgpKYLwGyUslcSVAiXHjbK6koWDPKa3Z2ERcPCAFrI8O9wkd1E31ZyUcPbjlXgoiV9L8xD5fqbuFSugcx2HHGOVo8gqFW0Ze7xIwmDM7Xkyd4t0tOf4tbgRK3nH4/urK13dlwpQ8DEjdnt9CpvhkAtcAR6KhuNDNQT/xCgB05zLEPxBEG/uRf6soZ3QLfcIrhFrjGMcj0UhMEtOLK262+GugMEsTXB3B7hUTIZ6Em214MsLhpY/GfL7rWSAbKLUwskbpexrs+oyqY6FrTPI7lSPslzkpXeaKRxMZ7YPCLHJvnC1fVvT5rqEOpwPEiOpp/wBFiIHvjHhy/UkTSZ06bN7MZ8TunAWt6mox9JDahoH4e7lgoKg4GF7y4RTxPhnia+N4LXMcMhwXjHUPT0/Tdx8J51U0xc6B/qM/SfcZC4Ot0zeZI+i/TfmN2NNZ36JVuuTIIwybfPdT7jRipibUQgbjP3Czkcgc3AGcK5s9e9rxTSuyw8Z7Lh218ZPpui1SkvisO2a4ut1TpeToJ49FrqmKOspxI0ZyA4LLXSgaB8xEPvhTelro4vdQTvyCPJk8eyRn0dmmyNc/jm+GZ7qqxmNxqY9hzwssDyF61eaFs8LmFucjC8yulufQ1Lo8bEqQfJyPLaLY91aIIaAchSY3kAAoGCOU4O0laFyeeX2MJO3vyorS5rttt1NB1Dj1USYaXDZDOIyXPJe2m4PePBkPHBWgoa0h4G2yw9PKY3AhXtDVh+ADukNejraLUtYjI3lJVCVoyQuVtI2obozjPdUdDVkYGSMK9gqBI0BL2noK7N62mPvFA6nlw1uR6qr1ey3lyo21MRYGjJ7rF3GilpJCx7cY7+qvBy9VpvjbkiOJNBBHZT6OsOpVQGTyjtd4WHYymLgwqzBrKOp8VoyUWUAt5yqChrS04yrmmmEoz6qfnybK7N3YB5LHcZR45sAAhEmgDiCG/mo74yO37qsYNKeCdDMSQpjZeDt+qp43EEf9VLa8kIDTCwtqerIwNvsrCGYPxvys8xxzspkFTpIyobKrtvZoozluc5Qp484IQKSqBCmCQSD0QHQrsU0Vk8RyDjhdieWYbhS5ox6cqGYy05VN+ipcdExkpeNyuVEIc3HZRWvDSMlTWTgjGEElwXuyVs0PhkY2U20XF9HK1zH433GU2ri1jDfTKrCHQu3WeUcjarJUzUonoEnhXanEsRAlYM7cq66UvEjyaOqfl7NhnnC86tV5lpSDnOFomkVeK2ik0uO5aDggrBdRufB6LSazdicGeqxTOGPdTIpA8AZWS6bvrq+L5So/vohjPqFoWO0FpwubbVKEsNHpNPqI2xyic+MEKsuFC15bJGNDxuCFYxyamgrr4w8jIys5rTyCtN5cWCmq3edp05KtpGiaPbf0VDcbeZW+LCNL274HdEtV1ewinqjg8AlUEpYLGKR0L9Odj2QLjSishMeQHcgqVMGu8zQoz3atuEYSaKu1109rqDFMDoOxzwp91tUNbEayjxvuQOyHVUwf5gMlOtNeInPpZePdGXOCaMdcKd0Eml4I9Fnb3bnVcOuIgPZx7r1u7WWmuNOQGgP5BA7rz27UNRQSmORh2/dW3u4OdqINrCBdDdXSt02ipb/MZsC47EL0ZlRqA2XjN0pTGW19JlkrDnyrcdGdRPuNKGVDwZYxj3KXOvciqb9qUWbmmnLMKxL454gQd+4VLFUZ2IUmGXusM68M6VdmUTMujPsiNk174QfED/uuRv8ADPGcpLiaFLJOY/IA4yo/jPoKsaPoedx2SY4O3BRHsjqGFj279igcQy7Y7U0H1GUyUaRnlVVorZNb6Kdxyz6SfRW5Iwl7QwccpzghSQQ4fdQnOwSnxT74IQpMAK9uRg7grFXWJ9rufiAeR5ytm9wdjBwqm/28VtC7SPOzzAp1U8MBrJU10TKujLmjluVh7xCHxSBw4atlaajUw08nLexVN1FRhkvisbhjuV19PYYNTXvrZ5PJA4RyU2MF5KtOjK1za1tE5+N8fZdrYGx3AuPHoqWB0tou/iF2MvyCuglvR57mqxM97oaiRrGsJzgKx1lzRkcrOWKtFXSQ1DXZJABWgjlBAwEiccM9DprPkjlBFlOpqR0T/GYzPda0HKq7zEaimIa36dylj28FTZ6troGgHcq3jfkLJ2+XwKgx/h1bLTQTl2AQoRSySycqmuoEc2oN+obq4BB7qFcIBNHpHJWvTz2STOdrq99bPmn4nW59Ff8AxnANZPlzcBZ6jkxsQvUfi3ZW1Fs8Ys/nQv2I5C8ippnx4ZJuQvoviNR81WD82fVuheh8hJpflyauw1boq5mCAML0+hl8ZgIPZeNUVSWua4D816j09UmWkBO+AF2zz1FmHtLGujLS547YTadzZYQXHBRpSJI3MI5VXC8wymJ5xvhQ1Tk0Kuj3OB2VWHGNwKu6pnlGVS1bC12rCgndzknU0peBk4UuN5BG4VNQVWpm6miYtI7oDXVfg0NBUbtBVvG/LRuslSVRD2q/pJdQG/IWa2OT2viNY5RwyyBJzkoUgBGCusOUOUZGMrO4I9NC3grafLZn7bak4vxWjA8q42TNSYsY7rk4xIXeqpxWA088k0yBzDhZfrCPVb9Ybu14Kvo5OMquv8YmoHx4yeUjbyI1PMGQLFUNqKPLewTqxvmUHpeZgjfCdiSQFZ1rcY3RrCMVL+xEenk0SDJ2OynghyrWuy4eymM+jlIshl7jXXPHBDmAiqHaeAcq0a4S0wIPuqqsJc7IG6PQTamGMn3SHwaap/dtOyN8pBUN3Dh3U0uOsghRC3+dIrh2DdJI8t+KIzTt+68p7heufFGM/Lj7/wCq8oLM43XSreEfI/qmG3Wf5RxucZKPB9CCDk7osH0I4SzNZPNYyGj5Uhyjx8o7+FogLGSkeqhy8osjiCgyDCp4awNhga1Fh5KE1Fh5KUkWS2cLq43hdTEKksnRypLeFHxghSGfSETWRMnjgJjKf2KUeMjIXJAD7JyeAPYWkj1zjbIV63ytAGwVZaw3Ogt4VlwQrOlRHCDRjg4Q7hUeHEQMDPujxAAbqlvNSHnTnYHhW3g1XSUIFNWOL5C48FRScjdHmOST7KK7lZ5vJy+3k4xuXDA23UsN8oCHE3uQiE5UislHE4NOQuDlGjZncjhG+gZPCO/S3ZRJjlSZcYKhOOSs1ktoERhccnJQsZCeN+VxY5y3DkOxnZX3TtCJJi+SPI2wqSBnizNj9V6BZKDw6VoLRq23WTUz/pPVeE0iskrJF1Zbcamojjazb2XpFPTspadsQaNhkqk6Yt7IGiV7RkNV8XapBpWHfzg+keO06jDIWnGwlI/JDkwT+aJIQ1gA22QOcjK26eLlLIXlb40U89nH743XNQa0lN08nKj102huPVdiEMHhp2Z5IVzqydIAzyo9vjE02XjIBQZ3eLIABklXdupGRMGBudyislhF6aqNtickTImhgACI7U7bK7jAARIGl0jQBsVjk8s7yW1YRJoGNjOtzc5/ZButx1EQxHYclPrKmKhhyRu7YDuo1qpDX1BMg3PAXU0GmjP/AFJng/rD6iWhqelqeJtE2wWWputSxxYSwEduV6rbKBlvp2wjGrvhV3TdsFtpmuewayNvZX0RL98LtN/o+F3Xux5fYekaDKMq5hiAwccquo4iHhxCsowcDdJsb9GWUiQG7DsnJre6p7pdJppP4ZbCPFdu+T+gIABt4v8ANHN8havNUO2LsbM912zWGGiL6ypHjVUx1vlfu7KdbrdDSHW8eJKd3PPJKtW5PZQpDgMlOe8NaDhOaNONuV5v1j1BX9VXc9AdKPzI8EVtQPpjbtsD+qnSCik+yDdTXfFnqcdP2+Z0HT1veW1szXZFQ7+jbtxtlerW600dopY6GhhbHTwjEbGjAaFB6b6ct3StpgtFtjDWQ8nGC4+p91cDA2ykSk5MZdNywo9Dwcd0sj1Q8n1SGSeVeWKCrhcG7kp4ZgZ9Vj66on6zujrPbfLZ6V+mtqe1R6xs/Tc+/wCp4CSHMlm61rgYQ6Oz08gJcT/2hw9PVq2EYYwANb5RwEGlpoaOBlNTsDI4wGtAT3O0hD0XjdwOknA2xheaEXr4w3xthtL30/TschbW1A2EwH4W+3OT3UisrLj8S72zpTpxzobdG4ivrWnZw28jfbn7r2Kx2a0dG2VlDQQiCkgHHfKrstPZyuxluprR0TYo6CnjbFDTt0taBguKq6eCqv1WLlcQ7wgf5EHr7ldcypvtX87VD/d2H+Wwnb7lUl6vtde609LdLymLw8sr6tvFMdvKPcYKWX3yB6q6pudxqX9JdFhr6sN01dSPopB3H3Vv0b0bbelKIw0cR1ynVJI85e93qSj2Lp+3WKjZR0kZ0tOp2Ty88lWoOBuoUwpw0EqtrK0wscIhrlzgNz3Tbvdm0rWwxtL55NmMHdMoaEtxUVQ1Skfoq6EtsHT0sr3tlrxqlA49FOAZE3t+qc7B3zuodTKGQul7NVfkUNq5cbg7AKgrbnyMAodxvOuMxwO+rlUclQ5zsb5KaoZGxWSZNWmXsoROSSTkeyrr11FbOnqJ1dcpQyNvqvAOvfjVcOoY5bdYdVHTEnLm8uT4145Nun0U9RJKJ6X1z8aLF00x9HbGtrqvuAfpXzr1T1lf+qqgz3OpyOzRtgKse8uxnkJhbq5R9cHqdNoqaK+V937Awx5GUeKHW7GcevsrSwdM3C/1IpqCMuLSNRxsAV7P0z0PZumKP5utZFJVY3yM4UwDdq4VRwuzE9I/CyprHMrLwBHTO30uGCQvR4IbXYQKKzsaGt747ok1XPcsUtGCxg5ONgEemt9PQnxGjW734yrOLbqZ2dg4KGOon+cuUukYyAU+aoqJWupaIiKHs7Tv+SJK1tRIHzDJHA7BdxpGGjhE3gz7svAOKHT/AHjtR7kncokjgMHOAqu83yhtMYlrJNI7DPK8i61+L3izPpbVI8MGwwUt3ejXp9FbqZpQR6T1D19ZLICx9WBK0btwvG+qvijd7rM9lFK6KPcavVYytudTcpDNUTOeTvucqG6fRwMrJbflnqdJ4iuiW58hDLNOf5rwfyTHODffPugOn1eyZknkpDtydiKS4QYy7kjZMy3OcBD3J5TgzKBybCksCLtsAJzYppjjOyc2PSMlJ0oPlAwhBCRxwQ4dLgldfXaW4h2Q2wmTd3CJikgPmByEZTSfLAOdX1DstccJwo4ycz7n7ogrW8U+wTRqkdk/mgRcZNcRH+FBCP5bcEIYnlk2cdkXwwRg8fdPAgjILW7qFyk/YNrJMY33905sB5T/AB2f0pjpAQRhTkWEAY0YyP1XS5vqP1UUjvlN1D+pVwQll6aagn8KBraAd1w1OMnAUfAUlgP4zs/TslqJHOFGE5P4Ug9542QbiyUNR7/sljI+pRtcx/4myWhx5KtvBWCUXNxygl7c8ofhEgnUmeFvguQN4LxgNr/xBLUP6gh+CRyUvA91ReR2s+qWs+qXg+pS8H3V8FbR2r3S1e654Z7J4jIOUDeAAmo+qbqk9F1oxgIgAwqIN8ydgpwAynjThQCUsAS0kpwGBhEwU8R5UBApI/g5/F+yQgJ7/soUDAycBdaMHJUnwCeyKIW84RgOxIjhpxwnYCOI8bYTWsfndQH5GMwUsFSQwY4XRH3woR2ZI+Cn4KPoHon6B6KwckYA5RmnAT/D9GpwZjspkCU8HV0E5XMFLBRAhQ4kBFZJo2xlBaCiYKgElkK091IYxuO2fuoieyU6kQD4Jen2S0ey4yThHaQMFMi00LcwPheiRhJGMqcIm44XfBB/D+6vAG5laabJzpTHUrsHJAVr4Df6P3XPAHooV8xSOpnA4yEhFIzcOCuPAB/CFw07TwAFMYL+Ur4a2WPyyDW33UlkkUu4PKbJSB+4ACCInxEFqJPBaaZLdSNeMhRpqIt7J8VY5hAlOfRTGVMbgMhFhSI3gpZoXsP0IOnkEYWjfTMkHACg1Fvxu0YS51/oNWFMY8nhc8Meimuh58n7oBjOUO0creCNgJhBypWgofhFQLKAYKcieGfRNa054ULOAEdl1pKNpBaMt4903w/dRMmCVQ3KroX+JTTOaR6HC3HT3X2S2G6DOMAOHK8+a3T3XTtv6JsLHFma3SxsXR79S1lJXQtlpZBIDvsU/C8ZsfUlxtj/AOTK4t9CV6PaOsrfcmsY9wZJgBwz3WxXcHH1GksqeUjQ/kkuBwOCO/C63lF2Y8M6B3TwBhIDuuq0ijhATCDlETiBhXggDJQSATkjKlEeiZgpfQXZWXG20lxi8KrgZI0juOF5n1H0zUWeoc+NpfTuOWu9PYr1x7NSC+jiqWFk0bXsPIcMqnFD6tROp8HiIOeN0tBWr6o6Plt73V1A0vgJy5gG7f8A0WbLQ4AYSZQz0dem9WwyhjBjKfgroGO6fgeiHGBm/nA0co4HdAHKOOFCZ4yE2xgJAZSAynKCpSyMRhygow5UIggHddXBwuqFMekkkijHIMpbRA4RA4gnZcyPRPJyi2ASe4RJcNJKortaTDmppmau7mjlXwGO6I0BwId35UawXXOVcsxMOdL25bz6IHiSRuyRt6K5vVplt8jqmJuuF5J2H0qAWMqWDw8IMHQjJNJsbHVkjCIA2UZ2BUCQOgkw5uFIil0hpBzn3VBNY5XRyan3yGqOYyDjCsw9sjdwo0rASoRPJ+g7JXVOaerAyR5T3BUSamfG/wANw+xV9drRqBfDs9u6gU0zJQaWrGHjYOX5DawfuyMtxUy02wJHKk2dwpqrcfUMD7o9TTGJ2kjIPBQoR4ZDtO6pLJcujWUlSJXCB2BL6KVIwtGCN1VNjlfTCrib/NbtlSaSvFSBG938wbae6AyyjlnXvMbwQFa0NTrIa47lV74y7tugsMkMzXDgKAzjuNQzcbkJ5yMKtp6wPxjZT2uDhnKAxzg0SWPOkA7ooOVGBwnskGcFQU1kkpLjXagkTjsoLOp6YnqEEnJqcoWhJJJKBCSSSUAlLaJPTE9QASSSShGJJJJQWx6SSShQkkklCCSSSUIJJJJQgkkklCCSSSUIJJJJQgxJJJQhW3GjdJl8Y3ChUlQ6J3gzbemVoWgHJIzhUt1oXPb4zOQc7KFp5J0UhGApLXghU9FXMcGxS+V7dt+6sXPDgCP0UCJCOw429FEY/fGFIZJkcKCmsjpIRK3HdVz3SUkuiQHHYq0aQuSRMlbpe0EfZQArZWte0TR7Ec4RoZT5SUN8clM4tc3MXqlHI0nI4VkLGN5LRnuo9dRR1JBwGPHD27OH5pRPxjZSQQ4ZCtPHJCBDWzwP+VrXFzRs15/1WZ6k+G1JX1Rv3TVY60XXGRUwDZ5HHiNBGsfntkrYSQse3DwHD3CA1z6J+tri6M8s5P5LRXa0LayYWwfEWqoq8dO/ECn/AIZcgSyOfmnqCOXNdtjOR+69GhdsO+VU37p/p3rG3PoLrTCoiePpIC8+/wDrx+EjGkCo6i6aa8NkDW/71Rx+uoDzN3/+YuhptVJP7jNbSnyhfF34EWnrRjrzYi23XZudb258Oo9PE5Of8W6+Vr1Zrx01cZbVeaJ1NUROLXNd3x3HsvuiwdV2HqilFZYLpHVwDGtuf5kZPZw7Km+Ifw96d+INq/h14psPbkxTsA1Rn1C9n4vzk6Wozf2nKvjteD4jEpG7VJp7k+PAI9Vb9f8Awx6q+G9ZivpzU2p7i2OuaCAD2Dh/6rLGQMBJXv8ATauGogpwfBkbcXlGwtl9ge0Rz5yO6uA5rgHMIcDvsV55DWRxPD5NmDkrQ265OBBjIc0bEH0T3yOq1CfEjROaHNIIzn1UCWmLDriJBHbKOyuieMtT9erGN0UZuLGNKXKI8cupuTz6IkdUxuzxhKen8U6ozpcP3QGHB0vGHBOVjkRwXsm+HFN52PAz7oT5aildnBLfUIY242Roah7dnDITIz28mW7SQu4INwtdlv0Xh11LGXEY1adwsVevhS4NdPZaxr3f908Y/Qr0Z1PT1HmA0O9QEJ0NRT5IGtvqFtq1clwjia/wVV0MTieCXKz3G2udFW0skZb3I2P5qocQHYxwvoepbRXFpgrqZkjTyHN3WVvnwztFaHSWzVA87gE7LoVaqP8AUeL130tPGKH/ANGeQHYZQ/FzsQtNeeiLzaS4uhMjB+IDOyy8jXxvMcjC0jsVp+SM+jyGs8XdpZYtQ5spa7IUtlVgDj9VWk90zxcbboZLBy5UZ4L2KvzgE5ypbKgPxjusy2pLd99lPpa+J2ATuoZ5UtF4DlI8KHFVx7BSWzBwBHdU3gW4tCJOVxOXcFXkgzJXQTlcXQDlQg8cLq4OF1QESSS4eFChHCGeV05XFAxJJJKEB5zyFzHoipYKpxTKwDbGPVDfHvspCa5uruh2L2Xlp5RddPdZ11nf4VW59TTYxhxyW/ZelWy8W68QMnoalr9QzpzuPYrxYtJRrfcKu1ziejeWkHgHC5Gt8fGct0D3v059bXeNap1X3Q/8z3aN7mZLThSoK6U+WQ5C87s/XlPUSNgr36Zu+CtVT1zZRlhBzxuuFfpJQfKPuPiPqGnW1q3TvKNNHL4g1ZyjtOPyWaZWyMdkHCsKa5ZAbK5Y3Tjk9TRroTXJexy4xuE8yZ5VdDOHgEEognxvklDt9Gz7Z8j6u30lV5nR6X/1t2KrZKiotr9NQ4vhH4sZwFZtqAeUnmN7fO0Ee6tcGe6uKXBGinhqRrp5GvB7Dn9F0s7FVNzt1TSl1XbHljhuWt2yoVN1Ru2mujPCm4zxlMizm22Kt4ZfvibjjP5qK+HTuESOojeMscSCnh4cCMIwFNT5REc9zTgtSLw7GkqUGNJ45XJIAW5ACPIuSXYCN784BUuKaUHzOBHooLo52HMbV3x5I/qbkpkJ44B2JrBbNnJ3Izj1WS6j+FfSHUxfLLbxS1L/APixDAJ9wr6nrYZNs6T6FTY377J3zOHRjv8AH06mO21ZR8+dU/ATqe3F81gbHXRjcNL9Bx+hXmd0oLrZpjBcrc+Mt2ORn/5q+2GSahwoV3tFuvEbaa50cVRCM+V7c8+h7J9Wrl/UeP8AIfSFVkt9Dwz4m8OmqN2HQ8phglZsN/zX0d1X/Z76duYfWWOV9A87kAah/ovJ+ovg71z02w1EFP8APwA7Oj2OPtut9eqjLs8br/pvVafL2tpGJirJYnaX5I91LZWascBRpnOp3mC7UslNIDjzNwV3wI3ND4pGub2OU+NyfR5i7R7Cygry04fuFNbPHK3ZwWdeKin33x6okVW7I9UzejBZpsGha4nfVnC7FVSNdsdlUx15YMEE+qnRVcL2gh2D6FWpmWVTXBdQVWRh4BXXwtk3BAVa2YAZaeAj01wGcOzsiXIlwaOz07mfSP3Uf7hWw0zN4HChz0biC5hAx2ROP6Ipc8kZpxuN8KfS3WSNgjezUB6lQAHN+oJokAyqUmFKCki9ZJTVLC6HyyAeZp7phD49yFUtmLXbZCnwXIgBkw1t9+ydG7Alw2kuOfJ0lW1tvtdbpGvpqhwx2yqcGlkw5r8ZRHUgmb/KmOR2T42ZMl+nVvZ7D0v8TIZw2nuuoYwA5b+ir6WujElNO2QH0K+W2T1dGfOCQ39Vp+nPiBUW+UNErm78ZTzkX+PzzA+hkQfSVlLD1vb7vGyMuDZcbknYrR+LqGRx6hHuRzbanU8MKeUg4g5Q8hJTIkkCfA+ldE+fwoKR2V4RCQXB4BwhtIOcJrZcduVwPz2VxeCDw4tGGuOCh3EC5QCOYkSR7xSD6mu7fdOyEshEWVdDeZ6SQW69tDHnaKbHkePv2crh7ANv9VFrKKmuFO6mqma2O7enuPQrOvN26Td4mmevtud258SeMevu0KB8SWPZqAS05zwjRVJ4IUCiuVFeKZlVb5g9jm5x3HsUUjHdLYt8PDLOOoB5wiGTAyqnWYyMKSyo2GVCZZN1+y7rygtkBCcDnsryTIblFUfITshRrJfZ1JcyF1QsYR3QsuRchcOOyjRTGAnKKTlvKEeVzJ9VWcAMDPADlwaoUkYwQRsVbjGMEKLPEMbNR9lwkZaoop7dOayizpO74xwrCmrGVEQkj78j0KnuYA4ghVlTQy08xqaIbHdzOxRhykpEoHKEcO2IXIJmTNy078EdwURUkU2A0jfO+dlgOr7BLSTmvpow6N27gOy38pIxhRquCOqiMUrQWkYVdmiizZLJ5NHLsB3Vd1J09S9R240suBKw64nnsfT81e9Q2t1oq9TW/wAuQ+U9lBimDgsttKsWDrUXzrmrKnho8SayajqJKadpD4nFrgfVSI5XE6m7Ebrddc9NGvY25W+JvzMYPiNG3iD/AKrBQu/Cdl5/V6X43hH1jwPkf51ClJ/euzSWi6RTN+WqsbjG6rbnSVNmqhUREmMnU1wURvkIeFoaGeO60hoaoB2B5T3C4lsHGWUe1ok9bD4ov70uC3s1yp75SANIErWgOaTvn1VL1FY3yh2G+b7cqqttXL0/efDfnSXaT7hbaZ7K6IVUBDm43HdDXI6GmueqqdFv+5HhnkVVE+lk8ORuChZ9lqOpLX4r3PYMY8wKzT4nRjdqemeX1Wndc2FgcBsU6ohDmaxvhRgSSpUL9TNJRGdT9MgElpUukqXQyB/IUesjcx4djbCYw4CXKOexkLPjluNjRT+IwSBw3V7b6nJAOFhrbXlmIXcLR0dU1p9UMo4O9otWreUatumRnIVTfKJlRDgjBadijUtVkAKYA2fGUJ1LEroYMBU0rqZ+Duh52Wkvtrd53Rt2Wa0luxVM4l1PxSCxOLCCFa2+twcFUw7okUpDs4VrgXXPazYU8gqGjjKUkP8Ah/dVdsrNGNRV5HJHK0bcd1beTo1zUyEY9G4CTZcbYUqWIf04/NRHMc050/uoaUsB2v8AZFjkIIUQPIOCERj8FVgtWclvTTkYKsoajICo4JwcDClxTcFLN9NpauOrGEGU42Shl2wU2V2EBpcsgXsIORuuxT4OCFxrgc7qM7lR8i3ZtZbQyNeMEhR66lGnWCosMzmHCmRztmaGk4S5xwaK7N3DKtxfG7HCtbRdJ6Vwwc4/dCqbdr3A/dQsSQnGFnlDcPjKVEt0ejfR1gDI7hRPw8fVg4/IraWDqCK5wiORwErRuPVeMW66y08gIdlh2LSr+hvYilbPTO0nPAWK+hyO3otfGGJpnszZdOBhS4ZWntlZqxXmK5UzcvHitG4VrFLocMrlzqcWetp1EZxUostDgjAVZcqAlniMG4325CmxvDgN+UVzSVnawaM5XBW265ucBTVJ8w4JU5/YjdV9fQE5mhGHDfAQ7VdRr+WqtnDZrirTCj/cs2u1nB2VdU07opdfZ24IVg9ul3iNOQfRE0xVEJikAz2KYOyhttuLhiGdwPYFPvFnp7pTnYasbFUrxLST6JAcZ8pVxQVwe0Rvd9ioZ7Yp9Hml4tk9umMMzfLnbblZttTU2et8SB5Dc6hj0Xst8tUFyidloJwvNbvZ5KOZ0VRHlv4XY2IRHMtqafBt+n7z/EKJkxILgN8K9hnDgOF5BZLpUWevEbXnwicaSV6VbbhFUxiaN2dtxnhKlWmaKLuNrL4TloBO49UZrw8Z2Ve2USx4GyLA/QRk7LM6zpQn+yayXDtJIUyKTODhVcrHF4lZuPRSqaXIAwkSWB6eQ1Y0t/3qMeZvorKjrfGjBcd1D+tmn1USMvpKnLyS08YSnEM0B3BHsgBhB5T45Q7BA5XTwgwQYHnI34RG4LcHBCiknKdrx3KGK5KfRl7zSuttx8ZgxG852TbnE2so9bRnbK0F7oxWUZAHnYMhZ63yZa6mk7bLo0SaESWeDze+02JPEYMEcqnq4GVlOH4/mMGMrZ9XWx0L3PY3yuysTE50L3MJ77+4XVqllYPMayG2bNl0Hd9cXycrsluy9EgeDGCF4hZKx1ruwfnDJCvYLVVtnhaQdnBFJZNfj78LYXDOEOXGdxkJ7DgJknKzs66eUYy+U38PqzK0eV5BHturigk8VgO2cArt/o/m6cnHbA9iqaw1j2ONPK7zM8pVAP7WaMPcDjK5KSQCUNpyUZ+HMABTIg2JSWDFdd2uOuo3RkEZGSV84XKEUtzmpwclhIX1deaB1bSuDAC4D9V85deWc0V0dUtjwHEhwHrlew8DqcPaz47/AOInj5SqjdH0ympDhozyt30ZcMnwXv42IXnsD8EBXfT1Y+nrmOBw08r2tdmT44pbZHrIIJVfcmiN7Jw3I7qQJcta5p5C5PGKiBzCN8ZCdJfo253LIxx8UB4IILdsKtr4sjA2yn22pLXvpZdtPCNWM1tyBnKWLfRQRSCGbw3bbq2DstBwqe5RGOQP/dWEE4nga5vBCvBUZYZJZNh4V/bqguDeFlJzpcMHdXlpnA8PKz2LJ6XxWr2ywaWOQ4GyITlQ2vCKDrPPBWZxwezrv3IhOAFwTavOdlyXavH2T5xkA4ygfRrhasA4nnACHcvPC8nvsuxPa7IGyVYMw4B7pTQFstyMnZH+DXyw4+lxwFf1jsx59FnoAYb8442cVoKp2qP80EG8mSPBCiIe0OOAVLZgjAOwVbu06QVOozkIrF9uBtcuQVQ3CbQyZlIx2R6tuw3UAHw3jBKxSi2aFPa0y1wM57qC4+c/dHY8luSeVHn2OoFSLw8l2S3GB+KMI+UDsbLxhx3XuXxIhMtkklA3zheHOYQSF0aZZPmH1dHGqjL9oc5GpvpQkWn2ajXDyeWzgIOUcfQUAco//DWmMsoEju7oJbvyju7oJ5SW30RA2o8XJQGqQzlWl+wkSmjI5XF1vASPKa1gB9HTyFIZ9IUc8hSGfSFZlsCtT9OtwAO6YO6LRR66gd06JdazLBaUkbGMAa3B7lS2Ny7lC06cY7KRTtz3RHVgtvQUkMbuVl7pIHSHHqtFWva1vKytWQZXZd3VPoTqrG+CLL3QGHzFPfykzlZZdmVSwGwABhJFHCWAmp4LbyNHKMDhu+yYAc5XZCC0Y7KpPgVLsDIfqyohO+6M8nJ3Ud3Kx2yyHFcHI+6Ttz9l0jC7EwyHS3krHOWEadPW7Z7UXXTdvNTUCdzfKDsvT7DbvExI4YYwg/dZPpu2FscUbWnJwvTrbTCkpQ3T7lczUT9n0jw+j+KEUToAIW4ZsFY00X8sSkblVtOfHnbHjCtXP8NoZhJqg7GexqagsgqgkEAFCBBC686slBLtOTld7TV7Y8nlvMaj5ZMfLIGDKz9fWGZ5aHZAPKsK2qaAQs5EXSyFoB5K2KWEecivkeC1tkD5Z9ThkBaWJmhgUG1UhjhaXDdWJ25SpSTZ1tNV8UeR+M7KXTMZHEC7GRndRByoN0rHtaKeGTSSMlNoo+WRk8x5WPjtM5t8iklfdbj4bG5Yw6QF6L0rYoomCeSPjufVZrouyucBPIzJfvleoW+mbBAGBowF2ktiwuj89+V19nkLnba8scBnthWNDGS4EhRo4cu23VpTR+G0bJhx5NokMjDWgjZSIoyQchNhjzvhVV/v8dEz+GUhLqyUeXTvp+6jWRb5HXS6yeJ/D6HzSu2c4fhCLbqRlK3Dd5HfU88lQ7XQ/LR+JN56mQZkf6lXMELmjLmqECtjGBkfmjNAG/omKBf75S2S1yVU7vN+EA4JS0DgpOvOpJqIQWO0P1XKqBcxo5DQcE/urToXpGj6XtTAyMmsqAH1Ez93ucfdQOi+nKg56jvzWvuFTgtbjaJvoMrXuGMoZywEFJBBGUIvdnlN3BO6R3QwWeyPkeTlFiiJPGShQML3A8qo6lvcxc3pywkPuM5AkkB8tOw93f8ARST28IhHvdxqL9U/7LWaUscd66oZuII+4B/r/wAlfWy3U9rpWUlLGGRtHbv7lNsdjpbRS+BANT3HVLKfqkceSSp5AQplpZG+3def9S3y4dX3RnQfS5cPFJFwqWnaJo7A++/6LvWXVtfX17OkOjmmW5S7SztOWwN75Xo/w/6Fo+h7QyliLZalw1TzPGXOd33UCf2k3o/pO09C2GGhgaxpjbmWTG7nKJX3V9zqiCCaaI4awHGSO5SvNykrKgxasRMOMBUkklRcJf4db/5cI2nnA4HdrfdTckLbyErrncr082CwYhgPlq6sDIjb6N91eWi1Udmom0FEzEbBj7o1ut9LbqZtLSR6WAZJP1OPqVIILRnKXKWCxDGNuyqrrdW0g8KIapXjyt9UW6XAUsJORnHGd1AtNve6f+KVvmf+BruypPHJAlotkjHm4V511Em4z+AegVq4gBJ8wG+OVBqqtsXdLlJvoAJUVbKdhfIdlkrvfJKkmGElrO+O65eLrLO8xA6R7Klkl0DOAnVrkOMcjm7n/RYzrP4lWPpimc75nNW3OmP1/NZ74lfF+m6fDrZajqrCCC9pzp9l873G5113rZK2vnMjnnIyeFpSaR2vH+MdrU7lwXHVfWV36urjVXCYmIHDWjYYVE0AcJcDPACmW211l1mFPRR6pHcJh6LZXpl9qwiIGknDdz6LedJfDStuYjrq9wjhO5YW8/mtL0r0FQ2GNlXeGxvqcAjvhap01ZM0QUZDIuPKOyA5ur125bKzsElrsNMLdaqdocBjUAhspq2qIfVybHhTKK2shcZ58OcBsD6+qlOY6XcDCJvBxpTcuZAojTwf7vTtzp5Pqiubkbpj5IKcapRpwsb1h8ULJYojBDMX1PbR2+6CViiOrpsuliKNXV1NPQxGSd+nHAXmvWXxet1AH0lsy+Vu2RuvL+rPiNeOoHGF858Hu091jpanPIWey49FofCc/JaXd96ru18qXTVVU8h3AzsAqWUtdvkZ9UEPJymtz6pDuyj0VVMKeIhDMWghDLi7OUgCSiNh3zjCRJtsa2kC0nnKfoPqiiL2RxBsOysm5AY4sjOMrpHmHspAaxjfMgSVUYP8vkd1Mg72x/h4bl+3quF9JF5mjU5AM8s3kB2T46WR++MAKEzkTp5H7M8oSbC5/wBe6IWNi2cN10StDcAKEOCCKMbDH5pEMDdiP1QnPJKbu7lTBAmojgrhk91wNHBXRDD3YSfuoTsYZfdd8RxCfpp/+7P6puBnYKskG4J4ThSzHfbB90TSAcjZdyf6kt8kwDFMceZwXRFTN+rlc1O9SuYCLBDpDM+UbJAtH4U7w/ddDMHOVOCDA0ncBd0O9EXAXcBTJQHdcwUcRnvn9E4R5QZBc8AMFP0eyMIc9kQRHPCoveyN4LydgniB5UwRNA3anmP0H7q0sifkInyxO+P3SNK47cKb4QK74QHZTYC7MEIURzx+6IKMgKa1oCK0DZVgr5Sv+Vf2CQpajkNVmGNTsBDJZAdpWiCYcs/dPDXDkKx8Mn8P7rvyo9AolgnykBhHdEZjKlGgaTnj7JfIBu4cUxL9gTsygYawDITwwA5wniIjbT+67pKsXnI3wwu+F6JwJzwnsOcHCgLmMEQ7Nwn+GEZrWu7rjYy44BUwBvAaAnBvspHgFOdENuyhHYADAloClCPA2C74Z9FOAXJsjeF/h/dLwv8AD+6l6PZIMz2V5K3kXwkTwh6qS2E84RBDtvspkveQ/DcmtjIOSpfhp3hD0RKLYt2AM42RGyEHOETwcb4TxEmqHsg+KcjAIUxhDlDbGRwEWPW05UFN4Joi2yRskIEyGZ+QHHZTGhpbuqzgTJtkYwtQjTHnCnGI6s4XfD9kz8gN+CuMJ7hC+WH9KtvBHohmIeigStKl9G0/hAQn0b4G64t/VXBhxwEwMJ7cK0hqsz2VcNS9rw2XOD6qadD25BSnpWztLcYPIPooLqesongh5c32VtE3IfNTAnytUSWm2zhWbKmKRvuV3wAdyFTWQ1NlIYBnHohGEDv+yuZqTuGgKHLTFvb90lwHRnkrSzBxhc0+yllhBxp/dNyPRVhjcgNIxsEMg5UpBwFXRMjUiM7JJKsMPJ1myLTzy00olidg5QwMLqJTaI8Ps3Vg678JjaatBwNtS3dJWxVcLZonBzXDOQvC291eWPqurtZbC5znRgrXVb/zM5es0fc60extd7JyqbTfKO5xtMMgyQMjPdWwOVoUkzkOLXY9JJJECcwEi0FdSUIDMeUvDRElMIiYB8bXtLXtBadiDvlYXqXox0T5Lhb2/wAo7vjA4Pt7L0AjKaABsdweyXtDrslXJOJ4gQQSCMYOEtJ9F6B1X0dHMH3G2Nax2Muj7Z9QsS+PQAHN3Gx+6TKOTr1XRujuiRgDlPHCJhreAm6vZDgN2eh4GF1JJUQelgroHdPA7qBnAO6IOEsBEIwoA2LbCXIGEhjO64mfiLlLIZJcByuqxY0nPZczhPSVhhIpI3tdBUtDmP237LL3a1Os9YJY8mCU7egK0oYe4RKiGOup/lagZb69weyrAatccIycsEFZAWOAOeCFR6ZLbUmGVp8M7NPorOtZUWWtMMmXR52ONsI8kdPc6fGxONj6Jclk3R646IjH5blpyFzWc7hRGia3zeDKCWZwCrHwBIAWkbqg3g/R3p+/UHVNCPBcGVjPrY47u+yiXW1F2ZI2lsjeQvIbReqy1VjK2kkLXgjI9V7XYr5S9UW3x2YFRGB4je/3X5Jsj+j9zpOJnYKoud8tVNORsCVMjp8PbgLt1t8kUhla3I+yZSVXhlsM5zngpSeEMTyXlE4MjDeyrb1RSwuNzoTiRu+Ap0X05adlI2IIPBVMXJ4AWO9U9ziDZMNnaMOHupk8Yb7rL3e2TW+f+J27IOcvaFeWO7RXeDQ4gStGCClgEiOZ0bxsrWlqi8AZyq6SnIOQEqR5idgjhQVbHJftflOBwcqJFKDjdSGuBCAySjgkMn1DBCM05UI7EFHiqMbEKC5RbJSS4CCuqANYHpJJKFDkk1JQvI5JJJQWNHKIOE1JQg9JJJQgkkklARJJJKAD0kklCCSSSUIJJJJQgkkklCCSSSUIJJJJQgxJJJQglwtaRgjIK6koQobhQSQS+MwamZyPZSKWpErRk7jYhWxAcMOGQVSVVFPS1HiRbxuOfsoWnknsOFIjdtjCrYKnXthSmPz25UCJ7HFEIyogkwiibPZQVKOSS5jXjS7BBCrZqN9OC+Fv8scqXqc8g8YRgQ5ukjburAwVsM4cBvwpccv55USrt3mNRASD/wB3+FDgnGdLgWuHIUIWqZqGc4/ZAEw4wpDXhwG/KtPBMEKWmkbL49I7S7uw8FSYKylrIjT1TWNkILXxu4I9PdEIxwgT0MFU06wQ8bh45BT4zAlHJg+qfhhWUVe/qr4e3IWu6ggvpw3+RVt/okA5CXSfxZpKy4DpPrWAWS/fS2Gobphn94353HHIHK2cNwqqFzobt/MgaRifGXD7+qresehem/iFQmG4+G/UP5czB/MjPq09u36LVTqZVyEz00Z9k27WC33akfR1seqOTkL5c+LP9n6p6afNe+jqeaakyXSUodqLR/8AQx+uy9XpL9158I5H0PWTJ7/04MCGtiOqeA/4geQfv2K9Joa+w9XWdldaqxlXTzAjIb9J9CvS+M8s6pbos5mo0covKXB+fzJ4dJbK4An2XYa6WjlEsZy3gg8EL6W+LHwCtd9Et06eb8pdQXSTNxmOceo40lfMlzt11slY+23aldBLGSMOX0fQeSq1MMt8nLsqaeUae33RlUwPj59Fc01YABr2yvNmzS07hJC8tPsVobXf46pjYpTpkG255XWUlJcBU6lReJG2ZURSAaDkp0tO2ob6OHBVLSTlrgcYVpFcGgAK0sG2FsLEBeJIX6JGnbuiMexwwCpeqGobh4BUOagkjy+F2Qi3r2McX2ugrSWnIKkw1GcAhVzJyzDJf1R2uDxlpymRf6D2qXZLlo6SqBJAY49wor6CeEExSteB+FFjc4fkieI5uABlW7ZRYi3RQs6K35nJ0zxke5Cpbr0b0zfNRmpmxyu/HGMLXDwZWkSRtOfUKJNb43H+SMLTTqtq5ZxdX4iL/KKkjx2+/Ca60uua0kVEQ4GdwsLXWyut8ro6unfG5vORhfSM0VzpBl0biw92nKrqltrukZpLvDG+M8B7eD/otdWtbf3HjvI/SmmunvrTg/8AyPnPsQCgEua7LTgr2i+/CS11rDNY5/Dc7cNJ2Xnl7+H9+sjnGWB0jRvkA8LWr4z6PHa36e1WlzLG6P7RRxV8seM74VjT3Zu2HHPoqOYuhOl7cHjdALwCjkty4ODPT84Zs4K578O2IKnNeJGDbGVhIa+ohPleSB2JVvQ376Q92Puhy4meenlHo0Qbg5RNuyhQ10MzQWu3KOHZHKYpZM8otdhsj1SyEMfdJv3V5RWAiWQuZB2TAMd1Mg5Q84Q8FdBOU4Y7qwuhmClgonlXDjsoTIwcp+2PdNI9FzJULEedkkklCDE0syipIMFYIwHm1Abq8snUtTbXNbK9zmjuqrT7pFvulWUwtWJI6ni/LanxNvyUP/oej2/qSGtIPiA57cEK7gqvExgZC8loql1JJrBWgob5k+JHM5rhyCVyNT45LmB9f8D9b1amKjc/uPR2VUrC3Q7AUyG4sAAlOCsfRX/OG1A/NXMNTBPgseCuPZpZwfKPouk8vGz8ZGjZVQvwQ9EEhByqIF7caHAYR2V0keBJk9tkjb+zqQ1bn+Rc+NrA2VfcrHRXNuJomh3ZwG6fHVscMhGjqQ7spjAcvjtX3IwNSeoemq1zGOfPAN2g7jCt7b1fSVYEc38uQchy1TvCkHnY123cZWavfRlBcszUoEE3OW7Aokss5j01lLzW8otILnTyvDRI0qc1+RnC8zlgvtkk0zRulibw4blX1p6hke1oMmR3B5CcoZRcbdvE+zYxkDfCbNAx2+FUMu+s91Y09c2RoJOVWMGiElLoDPbxKNTPK5CZNWURw8F7QrNssbjsAn4yPpB/JC2HhEalu8UjhG7yn3Vk14kAKgS2umqHatAafZQ5KGvpT/Jnc+PsM5wiTZTryjQ6fLjshOpYnA+IM+2VXRuq2Aa58+yO2vdgAglEpMzTo3cMqrz0R09fHONwt8cmoY2AXmHUv9my21Lpa3p2pFLJyGOfgFe2w1UL9nbH3RdLXDLCMJ0dQ0cbVeC0mo5nE+Pr78KOuenGukbSS10bT5gzz4H+iyBM8W8kWnK+7vli8fSD9ws3f/hp0l1Fl9xtbHSHl2AtEdY/aPJ676Irte6mWP8AJ8bMqtRxgI0b8HI7r2bqr+zcxplqum6tsGPMI3u2/JeX3z4edYdODXPbp5QPxMb5ceuVohq4t8nh/IfTmt0TbcMpERlZJEQM7FGiqQTljslU4qJowPmI9HqifMQgDS7lbIXKXR5+emlDtGipLhM1w82QrWGshqPIHYd7rIRyyM+l2ykR1jmuBLi0+oWlT/Zlso5NLLSk5IwoEsLmHBXKS8YwyY629iFYh9LVR5YQc/qjWGKw48FYiB5GyO6mAzhR3ROaqFt57JEUgGPVSGVs7CDE7SqwPOeEZkm3CtNroGUUzQQXqlkaI7hGGjjUAn1FpgqWiegmY7uMFUWgP5T4ZqijOumeW47Z2TlZJ9iZQa/EtKauutplDg6Ruk8jK33S3xPqoi2Gtk1tG3mO6xND1PSTDwLnTAdtWEepstLcG+Pa6huecApymYLtLv8AyR9B2e+0N3jDqaYF2M6SVa5HqvmOhu9+6emyHyAN7gr1LpT4rW6sbFSXXVHLs3xOxT0snJ1GglH7oco9J1D1C54x/pUaOrimIfA/XGeCpQAIymKBz5RcHhnUkkkPQB3JSyVzIzjukoQfnCWSDn/NMSV5LTw8lHdOjYamrddrJXSWq4vwXvi/upccB7O/3VZQdZVdsqHWzrqAW2Vp0x1XMEp9dW2PZbEyae3KBW0lHcqKSiraeOaKUYLXtBGEA5Tg+JofE7xTnHCNpwFgH9L9RdIyCXpB7quhAOq3yTAOb7sc47/b/qr7p3rezX2NsLZ/BrGeWaml8sjH9xjv91OER0yf3Q6NEypDDh55UiOZrhlqgyYdg/uha5GY0nIVCnFrstxJ2CcHEqshqztq5UuOfIGRhXyVhkrWU4nPZA8TfhPEgIyomVk7kpZKbkLqogkkklRBZwkWh2xTFzxGhGkysHJIcbjugggE6hwpZIIwo00ZduAnFlfVW0SPM1OdDz6KKyeSN/hTjBHdWgcWHccplVSx1UfGHdioQguAcmvjzjKQjmpzolGR2KK5zCAAFBnRT3qzU92pHQSxg7HB7gryeqp57XXSUjwfI44z3C9tc33Wa6q6Xgu9O6aFgbO0ZBHdAbqLkuGedsLZuSF531R03Pbax9ZTt1U8jifL+ElboNmpZnwSghzCWkFKpbHV0r6aVoLXjG/ZYNTSrFg9B47XT0Vqsj0eVsdqGyNBLJTyCSN2kg5Um7WmSy1ZB/upDseyhuAfggrzepo2ywfWPGa2OqrV1b+4v6inpOo6PYBlSwbHvlROl7vJR1TrfV98t3UO3Vj6OfxG9tsK0vlBBWUzbrReWZu7i3lc5xdbwuj0lkparbqqX/qriX+CZeaMFri0ZDgSFhrnSPp+RsDytp0/cjcaY01UQXsGM91CvVtZJmPjPBV4yBdQ7459mG0j1RGOxv6J1fSTUspY5vHGO4QGuRrs4tsPjltDVA8WMtwoAOl2jCnA5BGECohxh7Wo5GezKR2LLCHBW9vrnZ0lUUc3YhS4JdDgcJTC010q55RtKKs2BVtTVBOMYWNoqwtwFf0FXsM+iCSwer02pjYlgupCJA7y7uGFl71bmxHx4m4zyFpYHCRp+yDWUgqIXMwqNN1KtjhGKb3XQMI1ZSyUcpY8bHhBUbycSyt1y2kiGodE5uFe2+sLsNJWdUqiqPCfvup0MotcJZNc0626icoT4vZR6WsDmhpU9gDhsj4Z1oSU0QZW6MEBC8Qnsp88YIyB2Va4FjiMd0D4BnwyRBIQQFYQyk4/dVLH4dwp1LKG4JCWNrmWbZnMxgIpJlaN0BvmC74hb2URpVjR15LDymlwKbI7UAUEv8NwJUK+Td2SCNk0Tvh3buuskDxgJCLA37pbHxn7RLorl4kghqDjPCNPTRzAlp/NVmgNOQE+O4GBwDn4CFwNMLP+cUtI+MkgLtJM6HYjCmxVUFSMN3JQpqT+nbKTKOeB8JJPKL6xXySlla5smCF6dZbrFdIQQ4B45C8KaZaaTU0/cLS2DqOWjnbl+n0PqufdT+ju6DyMapKEj2eGUseGu4Vk14c0bfnlZW0XiG5RAh41433VtFUSREAO29CubZVg9bXfHjBYuaqi52wSZqIBh43ICt4pGytyDuUnN91nawasqS4KO23TUflao6XDYE91aeN4e+nKrLxaTKPmaYYe3cgIdsumr/dqo4eNgT3Vp5AUmmXFVC2upW8NdnIKqoZH08uh4IwcK0Y7AAHH3Qq2kZUxHs7kEIguw8VRrAGRuo95s0N0pCxzRqA2I5VXS1klNN8tV5GD5XHhXNLWxPcGF4/VEJtjk8qvNnnoaoxyt0kbh3YqZ0xe3UtSYKgkNO33XoF7s9Nd4C1zQH9ivN7zYqq2ynLTkcEK2mZNrg8o9DpazJ2PKsY5dTQccrzqx354xS1L928O7rbW+p8VmknJ7JLRsqsz2XlNJqaWlObJ4EmJPpdwVA8d0Dg5qmPDKmLbG4z9lnnDPRthPBZRnAyUyYiZhbjcbhQLfVvc51LKTlv05PIU8crO1gauQluqHjMTznTwrIvD2khUswdBI2VmdyrCkqA9oJSnHIY9wOeFzV7o5YCNlCeHNduoo4IS2EHLTuDssvcohR15czYZ3V+2Uxkd1F6gohUUzKqIcDfC1VvAqSwzKdUUz6ilE0e7cLze4QFjvEaOOV6tGPmqV1M/cgYC8+vtEaWokjc3bchdOmRxtdRmLkZ6UF7GyM+phyF6N0bdxVUjGF3mYvOJJPBfocNnK56YrTR14BfpY45C0y6ORpZuuZ7IJcsa5vcIjHahwq23TiohyHZAU4DCytcnpa571k5PCJGGM76tlhq6J9sufi4w0nBW+LhjB2ysx1NR6mGUNzshLmsEmlmEkbXjcEZUppJBVBYqp5i0O4Gyu2SgjPqmLgCTysHZnae33Xi3xdtEjB83DH5SdRXtUo1DdZLrW1fP2qbEWvDD911vGal12o8v9UeP/nePnWlzg+bGgjCsqJ2hzHA4IUOqwypdE0AaSisOG5Gy+h0Xbkj8yXVuubj+j1Wz1BqaRpdyAFYRnVlZfpGpmfC1rjkYwtK1+n2XSjyi4XYjyU1WPla3XpwHKex/ixjfhDvNKJovEaNxuo9qk10xZ3bsrivZfyZIt3p9cRLeQoVmlIc6JzhgdvdXM0XisLfVZ2nPy9c5rticjCk1+id8lrVH+cSOFOtk+HNb6KBIP5IlwuUM/wDMAI9VnksnT0E9kzZQzEtBJUmOTOFU0spLBzspccmOVmkuT3WluzBDK0/zyQd0Zx8SBueSOVFnBe8vR6eT+Xhx4UlHJujPKK+OcirMR2U2oHAyqucaK4Ozspsj9TUiUSpWGfqm+Fd2vxs44yrh41N5VVeG4khkxvrG6tWOBjDh6JOMMUirc7RKRjuVNpneUkKBO3ExKk08nlDcK2SM2mSZTqbkqrl2dlWTzlqrZwc5wkyjk0RllEqnk1Qt33TancBApH7lqNJ98pSjhl/JngzfWkXj2J8eOXf6LwyeMNe5uOHFfQN9jFRbpWEcbrwS5Dwa2aIDhx/zWyk8H9W1tyhYv8ENEjQ+USNMPFh2dk9CHK67gLRW8AMZLwhORZDsgvOMILH+glycZ2RWHDkJnZFYNwUJZIHC6uDhdTc5FsIeQpUX0hRTyFKi+kIzPaFAypltYTMXegURo3A9VaUsYjaNkZo00MyySAfN91IacNCEOU6bOkYRHTSS7ItynIAwfVZqpyZSriulGS0nJVRIQ5x2VyeDnWy3TZHlBOESEEcrpAPKfjCSAPSPCS4T2VMGXQZuOVHlO2lEHBUaY5zhDa8AJDXEb7qK76inOJ5yUxYpvIwKrOx0L6uo1NGzVWchbjoq0zvjLw0bhc/Uz2nf8Bpv5F+f0bXpq16dMrmcDZaSolELAxvJ2QaOJtNTtYBggJkZMsxc7LsbLmTnvZ9PoqVWMFtao26TK76lImky/CHCwRwhowDzslnXyOFu0Vf3Gm+7ZWxznDGcqvrKjDTgI0zw3uqWvqABjfdduKweJ1du6TI1dWPc7AHspNnt0jnid42JyBhQBE6ofgDP5rXW6ncyKMc6e6qbwhemrzJSZNjaGtAxhdfjsnvwG59lHB9UmOXI6Nk0ojppBFE6QnGAo3T9Ay7XLE2ohpyfdBr6nx3CmhySTjZb3ovpw09O2ocAHk5OQu9pqvjipHxb6t85LWXOqt/bHg1NntcNJA3Q0Y9FaxjUcZXYY2tiDMcI8EWXBa855PAt/sk0kX4iFYRM3GOyjwjAwAn1ldFboPFkO+MgKCwd7vcFmp8Y1zyDDGDnPqqO0UEhmN0r8GZ+7R6BBoon3asdca3L3A+XPAWhgjLnDbAHCGUsEJFJG2RwOlWWgYwgUzBG3OMFFkfpCrsU3ueAdVUQ0sLpJXYwFlrfA/qq9OrpmubR0RxGP6n+qk3Wd93n/hlEScH+bJ2A7j7rQ2+kZQ0kdNG0NDB2HKgX4oljAaBlO1hByfVLJ9UDWSBCMrmn3Saod4vFJZaQ1NScvd5Yoc+Z7/RTogrteHWzw6SliM9dUjEMQ7Z/EfYLnTnTsVlpzJM7xq6fzVEzty5yB0paqoO/2iu79dxqBs3lsLOzQtEQSckoEiCD9IO/ZYLrXrSphqIunem2/M3epdpijaeD6n7IvXvWwsvhWe1U76y6V2Y4IY3b59T6AZWg+Fnw0Z0zTOvHUDjUX6sIfUyE50Y4a37ZKphJ4J3w2+HNJ0fRfN1gE9zqQH1E7uXOV3fb6yMGmp3/APM4f5JnUPUDKRhp4HanHYnKy1LS1N2qAwE6Du9QpvIaN893nNJS5awH+ZJ7ey1NJRRUkLYYWgNb7cn1PulRUEFBA2GCIDHJ7k+6lbAblKsf6Kyc1KLcq9lLDk8ngLlVVRwt1E/b3KqmRyVUoqahpx+EFUlkgKmoZq6YVlYTj8LfRXGQxoxuEMeTAQJn4w3JVSIOqKjPoFmr3d2wAuaNWPdC6l6hhoI9IdnY8HlYC4Xsva+qqZNELed02upsOMd3RbV10dkzkAZ4XinxL+MUzWvsdmmzsWyyA5B9h+6pPiR8U6i4STWSySlsedL3g9u4yvMxCZDvytddWD0Gg8ZsxbYO1uqiZpXFz3EkklObFk77J0VPjDR+263fSvQUs4bXXJg8B34XbFFhI69mojUsFH070lU3mdrZIz4BPmOF6pZ7Na7AAaWlaZAMaipNOyOCIU1vgYGMGPKN1e0NmAjbLVjJO+n0CttI4uq1jk8FdFQVNx/n1bPI48eytoW0tO35SlGt4491MjifM/wo24jbwE26Vlo6dpjW10ojaOT3SpT2nPjJ2SxFcjY6Jw89THgeuVm+q+vOn+loSZ5tUrc+TOF5l8Q/jo98stB05M58R2Ds8Lxe4Xeuuc7qmtmMj38lZbLTuaPwc71uv4RvesPjDc7tO9ttnfGw7A+y8+mrJqgfznAqJ3JSkBOMLPK19HrtJpKdNDbFDi85TV0AlOZG4lL5n2aZOMUc8PKeIyUZkWQDhG8EY4QzTQqcv0gMcPfCMyI+i6JImA63Yxuoc1xwdMP6quwMSn0TiIowNZxhR566NoxG8g/ZRNU87hq3T/CDNyN0YxQx2NM8rycnIRIqaMjVMuNc1oxpCRk1bYQylgJ4T4JGqlhHkO6E6uc7y7Y+yjYJOcrqBSyXs4yFc9zuSna3eqDpKeGknCaQcXg9kvE7YXNHsu6fZU2QWSnJJ2QlbyuBmn3S0+6drC4ZQEtybIJJN1pa/ZVvJyLBXfMlrb6Ja2+iYpovJ3J9FzJ9F3U30S1N9Fe5EyLxD/SkJXDcDCd5UvKplEyhfNTjYFIVdQPxJulvqnCMHuqyhcorscK+cd07+JTjgoGn3S0FXgLYkiY24uJHiNyEdlwpiACMFVOn3S0+6jT7EyhB+i9ZXU+26MySOTGl4WdAI4K6HPach5CpyFSqyaYRp7WkYWdZV1TCD4pOFLjusuweScKdipUy9F41jiBhPa0hVtNeqbOH5BKsIq6kcA4PCnQqyuaDtaMcIw9hsmsLX/SR+qMwAhHGKYl5RzA9FzQEQMOUVrcY2R7cdAuWCL4X+H90hAD2wp4aMbhLS30U2sr5CD8qfRM+XKshDnfT+6IIW44wi+MW7Coe18eMjlJkoGxCtzTtx9IP5IRos8MAV7C/kI7HhwBwnhoJB9ET5R4G2E0RzNOXxkD1Cra8gy55OhgwiaAiRxlwGyKIfUI1AXvwRvDS8NTBF7Loi9lewrJF8E+iJ4KliEYT/A9lNhfBB8FE8JSjEOzf3T/Bae2EeEBvwQfCHouiIA5wppp88bJGAjurJ8hFDMdl3T7KR4Q9EvCHogF7wIAHCMyRzTsUtHsn6PZQtzTWA8MzpXhj0fwwfp3UMAg5BR4Kh8ZxnZQQ4hiwjlNEWpS4vAqG5duU4QegwFAM4IBiQzF7KxdT7nLc++UMQjPCMYrMFe6Ij8KG6MOGHcFWb4WkcIMlNgggKFqzDKSqo2g6oRhKmkfGAyTfHCtvBB5ao81HHIAC39ETiNViBENkAGECemGM+qYWz0b9D2l7BwR6KZEWzsBaf/RVgJTaefRTz02OyjOix7K9npMDKgSwBL2jPlZWFhHKZp91NdF7IRiKHA5TyRNPulp90bw3LhGO6gWQeMJLp2XFBy6GpJySojjngsLRe6i1yh7SSAV6pYOoaW607T4jQ/HGV42pVBcZ7dOJYicdxnlNhPBgu0inyj3Zru+E9Z7pnqWmvFKxjZR4vGk85WhbvsRghbYvKOLODjJoSSSSsWxJJ6SgvdgYknpKFbzjADnIWR6u6UjqGuuFvj0uG72Dj7hbAHKbIM43S3yOpudb4PFjCWktxgjkFN0+633VHSjZ2vuFuj/m/jaO6xTo3NOlwwRsfug2nTqtViAafddDd+UXT7pAY7oDQIDunDldGy6oMbwPB8uEgMriSgmUshMdkjylkritvIAVJJJWUPSSSUIOwF0bHKSSPBCPcrdT3OndDO0Zx5XdwVhtNVYK10EwPhk7HsQvQ1U3q2Q10RL274QSXOTRTdte19FLUU0Fyp9ceCSP0VLHLUW2fwJwSzOxUlr6myva/wDvIHHH2VhPBTXWmEkZBJGRjkFA3k2N7eV0fTJz2OFcdOX+ts1ayanmLcHzDs4ehVNq9k9rsb+i/J7jk/d35HvFru9F1DRa4y0S48zPdQKuiEZ37bLyiydS1Vlq2zxPcWgjIzyF7Fabvbep7eJ4HNEob5m53BWacGmA8xG0cx0iN3KsHAuaC0cqAYPCPHClU0+PKQlNAvkM9ge0tcMgrLXCCrsFcLlQtJiP94wenqtZkHgINRDHLGY5RkO24VFIkWm6Ul3pWzwPGSPM3uCiTQmN2cggrDzxVXTFybU0rj4MrvM3stnbblDdYA6N41dwgFzD007muDXcKyieHNHmVbLTubghdppnNdpcdkAl8lwHZXC4ggoUZy3KMBkZyoKwHimIwDwpIw7fPKgosUuDg8KCpRyS0k0PaRnK6TjsoKawESSSUIJOTU5QtCSSSUFiT0xPUIJJJJQjEkkkoLY9JJJQoSSSShBJJJKEEkkkoQSSSShBJiemKEEkkkoQSSSShBJr2hzS1wyE5JQhUVNK+B3iwg6eSE+KXVjIwrCRgcMKvnpXMIIH7qFp5D6s7go0RwcKvim4aVJbICoEWDJB6ImrbOFCyRwU9sz9g88eigGCYolbRNqACzDHjgozJ4zwUUHuoCUIq/kn+DWHSc4BI2KsoajUBjcKRV0sFXH4c8TXD3Co5WVFkcNWZ6d5w0jlv3ULbyXrZNQ4TgMAlQKWrjqWCSIgg+nZTGSZ7K08AnQ1koLJGhzTyDuCq6S2VFNIai3Shn/0L8P5KyYRjjhLWDwE1T9AFcaqOsiNPXxN8wLXNeNivOrp8Nbr0tVP6j+Gs7KKdvmfS7iKT/mbwfRepvgimBD2A5743UV4uVE7XG4TRf09wnU3Ot8C5x3rDMX0v8Rbf1K3+DX2i/hV8jBJhdsJPdu6qviT8LbD19bPla+nbFUMyYauMYfGfY+nstH1h0BYes6c1MbGwVmPLIBux3qshbuo+peia42nqtslbRvwyKqc7OPucLt6LyEqpppnPs0u4+W+uegeoegbm+gvNO10OcQ1MZyyQdj7LKywOdh8ZLT2PC+8rlaemet7W+GYMq6eVu7Njg+4XzH8T/gle+i3y3HpyGe62lxLvBP99Tj/AF/9F9B8V5uNuK5s42q0Uo8xPOLT1HVW6ZsFcXOjOwJ7LX0lziqQHwPDvXdeetqKauHhg74zvyE1k1bbZA6nlJHplesjPK4Oerp0vB6tFXObjOyn09dG/wAr3YysDa+rqGrDaepeY5hzq2BWlhkDmhzTqB7o+zoUa1tdmhdRw1Uelu3fI7KslinpJS052/dcp7hNFszZWlNV0lc3RUANcNsnhX+J0I3QkuyNDWsdhr9ipTMPGxQay1Fo8SDzA8EKLG+eE+YkY7FCpDVYWBY5pyB+6c1rgN1GiuDQdMoU0SwyNBZt+atvA2MkzrXdnbj0Uett1BWt88LWuPdoRnjOMJgY7Y5Vxm10SyqFsdskUs9grYB4lvqckfgcVEfcqilcI7zb5A0bagMrVseWdkpBSVTDHVNaQexGU+F8o9nKu8LW1/pP/o+jCXboro7qdjpcaah45yBuvN+ofgxdKYyS2yTxYxuANyva6jpKKRzpbZP4budJ4Kpqn+M2iXErHuHG24K2V6xt8M8nr/D1S+zUU/8AVHzVcrTdbLN4N0oZoMnDXPbgOUEylh27919Oy1FlugEVyoo35GHNcNishefhJ05dHyTWp5gkduIyfL+S2Qu3HkNZ9NtNvTST/seO0twmgILX7ehKu6G+BwDZDjCJffhh1NaHOdDB8xE3u0b4WWmFRSP8KpgfG9vIcMJjksHmdT4yyl4si0b2nrIJQMO3KkB5wdl57T3GVj9UTyD7FXNJ1DIAGytyB3Q7+Tk3aWX9KNY057rqqaO/Ukp0OOknuVZsla/6SD9ke5mJ02RfJ1LJTd05EpZB2sWSugnK4kmZGBtsIJ5SyfVJWUlgSSSShYkkklCCQgcIqCoUwuW+oS16Dqad0DJ9Usn1KFxTJGTg90eGWFNeZ4HaXEub7q+t99GQWSFp9MrI5KsbfNTwuzURlwz27LHqNOrOz1/hfqbUUWKF0+P2bulvlRqyd/YlXtNXQ1LA4kZPZYaNznt1wYc0jIIKNTyVMZ2cdlzLtFH0j6lovqZ8Zlk3ZqRHxwiwVrXEBZOlvTm4ZMQR7qw+bZMBJC78lglp3Fnq9N5aq+O6MjVRSl/BwjNcMEF4KyUFznjdpzsPdWsFzikwCcFK2HUhq4zRaOYyQYeAfuFQ3HpOnmeZ6BxgkO+x2VxHUahkHOUZr9844RFShCzlmQkZc7Q0mrgMrR+JoUqlujJSDGd+4ytM6Vsg0uYCPdVtb0/Q1TvFhzBJ6s2B/JCpZKdcodD4at7hnCn01WXbOIKpBR3Smd4Z0yNHBzyiQyOzgkgjkFC0h1Un7NGyZuMghObLnncKqje4DOoo8dQRsQoaFPJKkbnGAhgaDnTlPa/PIRPKW8bqmW4KQxsccmA4bpzoJwA6J+kj3XPDJcCOyMH7AY4VJC3WmOiq6mIATMyPUI0dxhe7EjC33TQQBgjZNfAxw2ACKM88AypTJxFPIzYtIKh11joq+IsfC0hw3BGxUYw1DHZhbn80aOa4s+sAge6jE2adNYZhuovhH09ctRdbY9R9GryvqL4AVNO+WotUjjGN/CPb7L6TFZGf+0O0lddJSTjS1wcDymRtnD8WcTX+C0utWLII+L7j0V1HYQ6SakkfEPUZIVJ8w1xLHtLCOQV9u1XT1BK/W6MHUPRZDqP4OdO3inkDKdrXuyQcd1rr1kl+R4/X/RFUnml8/o+VYnFu7XAj2UiOslgcNLivUb7/AGerhSwuqrLV6nNOfCcO33WBvHRPUljy+toXlg21NGVvr1kX0eM8j9MavSPGx/8AQdTXdjgGz4zxsp5NNM0GOQZKyhp6iM7wu/RHgnkhI0uLXBaY3xZ5u7xttb+5NF+6mDtxshuYWHHqoEF2qoz/ADMPb6KdHWU9SNnaT6Ep2+JinXKHDQZhKfsRyh5B4OUzB/qKPchcY5C/LtlOCiQw19D/ADbbVuY8bkZ2KYx2khSWOJajU8dAyS6ZPpOqxIBTXqlAI28QDYqY+3UNa3xrfM3J3wCqJ7Y5Wlr2g7d1EiZV0Uni0UzmnOdOdlprsa/Jmedaf4mwtXVPU/SsgDSX07T9Azj9F6v0p8UbJfGMp6p5pp9hh52yvFKXq2N7RT3Km9i7Clmht9d/Pt84Y/nAOCtPyRxwzDfo/kWZLk+mgdQyAVw8LwjpvrW99MObBJLJJANtLzkY9l6rYesLZfGNFPLplxlzHn/JXg5N2klWXp2dhFZ9IQR9XGEZuwUZgaBpJLhOxVkOl2eSkHY4KGScrmSoQknB7hUHU3SFt6iDJXufTVke0dVB5ZG/mOVcOJyPZdBwMJcot9BRsnD8WYyHqXqHpF7aPrGmFRRMAaLlCf0L2Y2/Va+lrKS5U0dXRyiWGQZa8HYossUM7DHMxr2u2IIzlYyu6RuXT1SLj0RUx07CS6WgkB8KT7c6TzwFSHZjZzPh/wDka54c0gtP5rjLhJDII6gZadgeyzXT3XdBcqp1sutM+23Fgy6CU8+4PcLTuhZMPM1pYR332RCnBx7J8cwcMjBz3T2uyqF8FZbA6opXeNTj/hk7/krCjr46pgc3Y9weVMitjLIOOckowIxyFDB7pzSdQ3KrBMEhJMBGNylkKijqC86dzwi5C47B7poY1lSxx0j91JDQQDlQ5Y9wWhOilwAD2Ri2snZoM7tUfJad1Pa9pGMIE0AdxsoURZx4g3CieG5jgVMcCx5aRsE1wD27BQIj6dQCEQWcI7gW9kBx1HfbCphKTRj+sulxWNdX0jAJgMuDRyvNpJJYJDFKwhwO693kbq5GViOs+kW1DHVlHFh+5cAOUicdx0tJq8f6dh5pcqOG6UzoZgDsceoKwM0T6OodTTZGkkAnut3K59O9zHggjYgqovlrZdKcjGJG7tcOcrl6rTbnk9b4jyE9FemujNujIAcO6sLPXvhf4LyC07EHuFV2+q8KR1FW/U06Q4qVNAY3eJH99lxNRRsZ9V0Gqzi2tllVQC3VXzNL5WS7kKzm8Oqha57Ny0bhVEFUaikMMu5HB9FKttUI/wDdpyc/hd2WXCO9C6DW5eyhvlI50hGOG8rNuaWkgjC9CulG52ZGtBaRhY640UkUpaW87goTma2nneiFH9SfIA5uBgfuuBmCmtaScZRnLsjlEOWMxPII2PBT4nkEbKW+NsjMO7qASY3YxndVjJmS2MsqeYtIVzQV24Bws3FLsFMpZdBSpRydLS6jY8m5oKoPaBkKyY7UNgsjbq3BAzwtFBUNc0e6Do9Rpb1asjbpQRVUTssyQMj1WRfG6N5YQdity52scLP3W3Py6eNu3cD/ADVPAnV0KX3opE+Mua7OE0fVgKQGgtxhRI5WcMm0dWWkDZXlHV5GDhZHUYn7FWlDWkEEq08Gyi7HDNNkSjCi1FLgZA5Sp6oPaNt1KDvF24Vt5N2NyyU+ksdg9lJgfghFqaMkamjCrw9zXgEYVdAtuBfQyZHCI47ZUKjlBAyprXbZVYbHwllDHuJQJtyCiOdqzsgZIJyFFEvsfFK5hwQp7cSDAKrX74xspFJM1rsPKHHI2meJYZKMLj2QJKUkZIVhHpfgjdGEWpuwCp9G+Nan0Z57ammdmE6QpEF5dGQyqB+6sJKYZ3blRZaEOGdIH5JLRfxzXTCmop6hupjkJr9LhgqKaSZp/ljb2TmmRpw5vCTOOS1KSNh0/ezSyMa12k+udj7L0ChvnjsbrcCvGqefABC1lnvcZjaxzsOGyw20fo9J4rXttRmz1WhrwSAH5z2KtGyagDjlYOhuQw1wdlai3XFkzQ1x37LBbTg9XXqIS6LjTq7qku1m+Yd49KQyQb49VcMfj3XZBqwVlawO7M7bLs7xPkq0aJG7AnurxsvfTlVN7s4qmfMU/llZvt3USzXsud8jXeWRuwJ7qBbscF3crdFcINTcB7ePXKpIJ30c3y9S0g8A+q0EcwJAQq61w3GI8B/Yo08EzkdSzOmbj/JRrpRw1cJimZnPB7hUsc1bZavTPqLAcb8FaKKeCug8RmDkcInJNYFTjk81vNmmt0xkjB05yCFYdP39zHNgnfgjYFa2qoIaxhglGx7nssRdrBVW+oLo2nA3BHdKwKxt6PQYpxNE12QcqXTT+AN+AsR03e/KKapeecA+i1Yl1NA9EuSNNVjJ1Wx+ptbAONzg8qxpaptTC2RvcbqspagNHhP4PCjiWS2Tam7xPOfskShno2QmX0p1jThKikMADHJsbxIwSN3BGU2YhzdTW7tOcJUo4DcsFzDIMcZTKhoPAUekna+NuN8/spEhD2ocMIjHfZGpJB4UkEg1AoGjzYyuB5p5A4/S7Yooppk7KOtgNBWk8Mcc/ks/1dQNliFTGwE91tb/AEZqqIuY3D275WfnhbPRvY8cMK20zwY9TBThtPJLrTu0am8tQ6Scuja7u3lXNdTYL2Fu26z0LgwOBHdb08rg83dX8bPX+kbjDLRAh3IHJWnaRjIPK8l6PuLYKlsUrsDORuvUoJWyNDmOyPugaTOzo7k4pEonxODwFEroG1MD2FuSBsjNfhddjOClmyTUkYNsj6GtdGDpBdkLR0z9QBzlVfVNvMbxUxjGDlFs9W2djW6uW5CJdic7WXAOWlQa2PXGY8cqS3OeVHqTqOkFaqntaYi+KnHB83dcWoWnqWojZEGxyHU3CqIycEAcL074vWuEMirdGJCdOQvNYmaW5IXvvFX/ACV5PzR9V6D+D5KyCWE2X/S9ZLFLoDsAHhbhs2vAwvNLZUinm1re2+YVEAl9V6Gt7keWTwWLsyMLfZUNJK+huD6eU4DiQr2B7c6cY9Fn78ww1EdU3s7BTEmi3LBc7E7BUN5p9NR40bcY3JV1TuMkLXE8gKFdotdOcclVLLDjMjwOMlNgnKHTktmBCjWqZ2oxO9EWchkjgG8pLRq0trU8mooJg4A+qnOl4wqK1TkwA47q3a4EA5SZrB7LRX7oII85AKUW/kzhDY7zhp7pbeO/HCXjJ14WcEO4EsqGn90dry6MHHKDdGHwQ4cp9M8Op2DuFnmsDMkK7NL4xgbg5UylJdStJQ6oBzdwu0zx4AHcICEWsHm4Sp3AHkJ9T5uyixt0uVMrdhli4gs29CoMzdzlSoz5RlR6oeXA9Utj/k4IbHeHMHAo5dkAqDJlkgz3UyJwLQUtARlzyArmaqKRudyvA+o4nQ3iojx+Ir6AqGiTbnK8U64pRBe5jjklOp4PMfVEN1Cl+mZoLrOy4/1XU0+fPsI1PcmNT3IwJRyCxvnKFJyEZBk5Cjf7Cj0Pi7Iw5QovpCKOVCpSyw44SSHCSaR9DjyFIb5WoA+oIzXcHHCalkzWPDJVEPEmAcNhurQKvoMNmzjsrEEHhWb9MuMh27HKe7GnBTGoNc/SzCIfZ+OSmrnu8Zw7KA47nKmVDtTiVXynzBDOWDmqTbyOZ9QUkcKNGDkFSRwgCzkaOURu4QxynfgQsXI4SBndRXHOd055OTugZOTukzlkNJYE/lDHdPO+FwNJGFknwslrl4LGy291fXRxAeUHJXrlgt4p9424GMFYvou1PLWzEbu2BXpMTBSwtYBvhcbV3ZeEfRvA+PVFKsa7CVNVpGgc4U2z05I8aQbDf7qqpw6qqg0gkZ3+y0UQbG0MY3ACwqW49dUuOQjnYdgDZOlaGsCTY9skqPUyYIBK7mkjiOTn6+77WiDXzlucdgs3UyPklcSc78KyudRqecHGAq+nHiyhp77rqReOWeUcXbPBbWelc4NyMlx5K1UbBGwMHZQLVTtjjBI3AwFYHhLnLcdDZ8cUhSYxyFXVdSG+XuiVlQIhnOcqvoKeor65pbu0Hdb9Dp05b5HkfqnzS0OmddT+5mh6RtIr6xs725aN8L1ejgbTQNjaMdyqjpy1w0sDHMYAcbq9XUxjhHxG7UOzlh4iS7CsoYxjjdQqWIlwJVowBredgjMcmLxRA0vOMAZ3WVmnqr5XYId4bTj8ka93U1s4t1ETpzh7h39lYW2ibTQhjRhx5UIiXSUzWNbFG0AAK0iiDAMBDoqffURk+imFuBsUtvBUngcwYBVPe65zG+DE4ajypdwrvlqdzgQDjCq7HRvuFUaubdrDye5Q7/2Uv2WNhtfydOJpBmSU6yVcgjCQAHlHCRGELn6Ak8g09MXXPa1pc44AGT9kRY2srqS2Ub66tlLI2d/VUlittZ1FWC/XyLSyNoFJAd9LN8Od6u90rfDL1bXfM1Y/91Ux/kxkY8V3qQtlGWN2IQSntYQwR6AAG4Hssz1x1rRdJW8ZHjV1SfDpoA7Be774OOyf1d1rRdL0rqmZ+ADj7qk+HXRdwvld/t51b56qTPy1O9uWxNPcb8qs5CSLT4WfD2sp9XWPVT/mLxXeZrXjPgN9B6c/stpf71HaYCxrgXvGES53aGzUZe4hu2GgLER/P9Q1xkcSGk7ewVFvgNQ0tZd6rUckvOfsFtqC3w26Fscbcu/EfUrlst8FvgEUbRrx5ipJPqglLBTCHSBkqJUVAxsE2sqfNpZuohJceSh7EtieDO7cbIoAaBsk0ADZdJA5KtLISWROIx6LHdXdVUtsjdCyUeKfTt7IPWfXNNa2Gjpn6p3A4wV5Lc7uWxzXa8TFrOwPKfXVl5Y+Fbm0kWNyvBlMlfcJsRD32AXiHxF+JNTdJZLPaXeHTt2MrXfV7Kv69+IdVfpja7WXw07DhzgcagsnBTvkI2WuMUkej0XjlTiywZEHOOSNz39Va0NtqK6RsUEZ32z6KTZLFUXSoEMDOD5nY2C9Rtdtt/T1OJZ42veBsPUomatVqdiwit6b6Pt1qjEt3jDpcArU09PV3EGGkGiA/i9k+22Kvvbm1c/khJzg+notfTUMVNGIomjS0dlnlPDODqdRKT5INtssFE1ukB2Bz6n1Vo2PIy7YDv6IdbcKK0UslXXSBjIxk52XgXxI+PT3Sy27puZ2hpwSEq2WA9Pob9dJKtcHpXXvxY6d6Qp3U8EplqwNgzt9181dZfEm/wDVVQTPVv8ABJOBnGyzlbdKy6VT6ytkL3yEk5KjljT2WaVx7TQ+Ip0i3SWZHN+TyV3OVxdAJWec9zOmM5OycGEnB2RhGe4RWMY3coQjkcQIyQixsAzhDdMxvlxhClq8jTG7buj5I05kl0zI/THdR6m4hwDITj1UZxc7lyZGwAl2FWCKGArnPkIyuiIDB2SDxjTpTdwVYeUlhBQ7SPKMIZlc47pwYSutjOVRXLBhruQE5rTwRhGDQBwu4CB/3KGCAkZwuiIg5T/EwMY2THTAAhB0E3geGtwunCjGXc8rhkJQu0FckgvaOChmYeiBqLih59HFKdjGbM8knxfZIzE9lGz7JYz7Id+SYJBcfVCc855XN+5TC0lUWFEpPZLxD6IWj3XNOELyVgP4q74h9P3UbQ71XNDvVTktxwSfF+36rokz7qNpK7oPp+6tTaI1gm+OfVLxz6qLgLuFfyAknxnJ3iAqNgJmHNOcq1YwZLJOaQTyigAgbjKgNmOMInj4TVaVklFre3+aEW7ofjD1/dP8QJisQGBySSSqU0yD0l3Suhue6rIWQWB6JzXuYQWncJ4hyu+CPRRtMB4fY+O4VUbw4SHb3VpTdRyRYEkWrHuqXwz6J2HcAKt20S6oy4NjSXuhqw1odof3DlZQubLw4fqsAzy7gbo0dxqoj/LlcMe6dXYvZlt0v6N9oSaw5VBbeqTgRVbcgbZWjoKulqvMyVp9RndaIyhLoxTonFhBHnGQjCBx7IrYxkHGyKGY7JhmlLaRxT5GcLvy6lafZLR7KC/kwRhBjskYTjcKX4aXhqsE+VkIQlp44T3MAAwpPhey74aspyyRiz/D+662M5yAjhm42Rg0Y4UB3sAIjzhP0eyMGZ7J4g9lCfKyN4Z9E/wz6KR4ITvDaoL3kXwz6JeGfRS/C9l3w1AfkInhD0S8Ieil+ETwl4J9f2ULIfhe37peF/h/dSvBS8FQvJF8P3S8P3Uvwj6rnh+6hMgIXPjOWqzpKrWQyU49CogjaOya4E8KAt5LV8YPA/dB8IDsmU1S7SGv3wpmGuaCDyoCQzEPVcMQPf8AZSvCPYLmkj8P7q8FZRAfDx5c/mgOhO2GfurSSNvYKO+L2TYrJcZ4K+aMEYAyFWz0ssBMsGQM5ICvXxF2MBCG2fIFTSQyNnoqYKoyDDwCU6SKOQEhuCu1lGWONRTgju5oTaeUH79wgwMTIctKQeFGkhx2V06IPHCizU59EGBsZlSWBDLFMczBxhCLUI6M8kN0eOE3T7qU5vumlme6g1SyR9PukR7o5j90ExkKBZBkYOEkXCa5CngY3wSLZXVFtqG1FO8tOc7L1jpnqemvVO1r3hs4G4zyvIAecJ9HV1VvqW1FNIWlp3GeVoqtaObdp1Po97SWe6S6ljvdN4cjgJoxuO60RaQtKkmcWyLrlhjkkklYsSSckoANSTklAxuRjGFkeq+mWSA3Cgjw7mRg4PutgkdOCHDY7KnFMZXY4Pg8edEW7FuCmgY7rW9S2JtPitpxmNxwcBZl0eEiccHTqvUlwDGySekhGSm2JJJdaoUcDDlPDduU7AzlPR7SCSSSUIPSSSREEkkkoQcuPY2Rul42K6kqwWuHkzdyh8CV1LVQf7pIcRvxwVSOiqbLUam5dA7jHGFuq+iZcKV1O84zu0+hVBBiQvsd1aBJ/wAIkc+6Uaabc/a1wfSDoSOWpobp/NW0tNkfQocsOg8L8sYR++SC9nfKn9PX6t6frW1EDzoJ8zc8oDm+6juYB3S5QTJjJ7vZLvRdR0YqIJGiUN8zc91J8IsK8Ms19rbBXR1VLKQ3ID252IXstg6jouoqZr4nATY3bnlZbKymsFmw8hOlGwIXGjSSEQ7rM+GJ9kGtp4qqIxTMz6FZ6nfV9N14eCTC8/ktU5qhVdLDUwuhlAIIxxwgJ2XtHWw3KASx+iZLGW7gLJWqunsdR8nMT4efK48Eei2dJURVLBIw5z+yoCUMA6KscwiCoOM8FWjH87ZVbVU45aAEqKd8WIp3Z9ChksmeUS3SzjdNa4Y3ThugXAljmTEbKQDkZUN7cYKfTzlv1bIhUlknpJocCMnZdJx2UAOp6YnqEHJqScoAJJJI7qEH5HqlkIYye64zJ78KFMKklkJKAMSSSShQkkklCD0kklCCSSSUIJJJJQgkkklCDEkklCCSSSUIJcPC6koQZvld0NcNwnY3ykd1CFbWUmD4sP5tQYZDs3CsSw6gOyjVduyfFgJa474UCHMdtwnqHFOR/Lm2cPXupTXeyhfY8Nc36Tujsnl2D48e6G3kFSMtc3DgoAFZMHYG2V2VgeMEAg+oyo01K1w1QOc1w9CmitfFiOeM5HdQAq6m2VVtmNZbAZGOOXxenuFIprpHKdGMPH1BWjZQ9upvBGMhU9ztbpGipocRzx+m2oehULLSGo19lJ0gDPqs3bLs+HEVfHolJLccZ+yv2Py3VvgIVIJxF4jWuAdsjAsLRgjdBcA7dMa7Q7zE4TFPIoZPQkvM1OdDjyOxVfX2elvUD6K6UzXAjynHdXkcsUuGtO67LT8OxynRscOgXFHid36ZvnQlaa+xyOdT5yWnJGFc2frO1dQBtNWU5p6sgAhx8jj916eYI5GmOeNr2kYIcMhee9U/C0VE0lwsUoaSdXgnbB9iulptbh4bMdtW/g8s+KX9mm1dSsmvfScht9x3cY+InH2I47r5fvtu6o6NrRauq7W6ncTgPznOP6XcL7UtHVlw6dndQ3rxHxNOjS/lpVvfelehfijaZKC600c7ZG8HGy9z4r6gsqS+V5icfVePUuYnwO9sNTu6PBHDhs781MoLzdLS4eFOZIx+Fx4XpPxP/s59T9DU8106dc642cEu1NaRK37g7rx8OfHs5xdle70utp1kN1TPO2KzTTaaPR7Z1PSXBoYHhkgG4dsrZk5cOc49F5Ix5GXNGCr6y9TVMUjKbxtBPd24WrBoo1qXEz1G33mpozhxL2eh3Vr41vubctIjk/RYaj6ge0j5yJr2H8TVc09VTS4mpZmg9wThDtydWnVwfTLCooqiA6pYTo7ObuhNka7ywzeb0JwpdPXPk/lTkjHGeFypoIpiHxgMeO47ok8HSjLKyDjqalo05zhSoa5udMoIKr3R1dI/LxrZ6hEZPSz+XIDu4OyrgbGRah0bwCxwOUwxalBNPpwYZXNP32SE9XTed2Hgc4Kscpk3MsRBY4jHujx1plw2aJjiO5CgRXSCc6XZY70Kkxxh4Ogg/Yq1wTYp9kS49N2y45kZEIZDyWcLO1vTN0oyXwSa2N4I5WsJqI8+C8A+hXRcS3yVERB7kcFMV84vg5er8LpbsSSxL9owgra6lPh1kbns48wVfdLL0z1A10dZQtje4fWGjK9Nkp7dcIjHJExwPtuqOr6KjkkLqWcMB7FaYapf1M4Gs8Deo7klKJ4rfPg1TljprBXjxM58N237rCXfo7qixZkraJ7ohy5m+Puvo2rs1fbHEvjLmDhzd1CdPOXYm3HbKfG6MumeS1vgapxwouLPmyNzgd3HKsKW4VNOQ+KZ4I917HeOgemb658r6QU9Q/fxItsn3Cwl++F95tOZqB3zUPIA5wtKlxyeW1f0/dVHcvuRU0/UVUyTM3mb6K5p71SzgYcA49iVjpIZ6Z5ZPE5jgcHIT2uB3B/RM/wefu0ai8YwbtszHN1Ap7TnssVDXVMbdIldge6s4OopWRhsjdRCLLRjnpJdo0a4q6C9Ur2anEg98qW2qhe0OY7IKvdkzumUeGHSXM74yuok8kfAkkkkzJAKSSSgAkkklCDzukMjvskkgISaernp3Dw3kD0V3Q39r5GRVQAzsCs6nhzQc+iTZVuOlofJajRTynlfo3hpLdWR5L259jhRZqSttx10zzIz0J4Wbprg6LbJV3SXp7GDMmth7HchYbKOeT2/jvqHT34T+1k6nuzZf5czdD1KZUvYc6s+iri6lqfO3DHlO14GMrNZpkuj3Gj82ksOWS4julSMDxFOp7rO0+d+xWZL3Y2dhPgqpmnzHICzuhnao81F+zZxXaAgAu3KksqSSC0bLGxVRBG26mQXKoiIycj0WeVTfR1KvJwl+TNWJ+NspERPOoxtye6pKe7s1YmBwe6sW1MLwC2Qb+6U68HRq1VUvZKwBwutOHAoYO2RwueLvghC04muLT5RNZKMBFEoxyFBD+6KJSg3jESxKM8hEEgwoIcMjBRGSDHJU/uiyaHe67k+pUXJ9Sute5pzlXkhLDyDsiicu8uFFE/qE4SgqcMmMkh0EUwy8ZQDA2A5iGMpzJMd+EYnOCqfBW1MjsqKuM5aA4e5R21zSAJGYK4Q3bypPa0jAGEUZZYuVKbyh4ka703UWa20dSD48DXeuye0YJKMwjfCfF4Rlt027sxN6+GHT121AU7Ii45Ba0A5XnvUfwOfDI+W2yZcPwuHK91cBkYdunc7lOje4nG1fgtPqo4mj5HuvQ19t0jmuonkN9is9NS1EDi2SJzXN5yF9nVVvoqv+/p2Ox6tCyV4+GdluD5JG0jGl3oE+GpPI636Oql/tny2yoqYnZaXfmpkN1BOJoyPcL1i+fBeQTOFI/S07jbZYO8dDXK1uc18JeG92hbKtRH2eM8j9M6jTy2wiV/iNlbqikBRo5pWtxMBj1Cp5aSenc4aXNxyOEOOrmjcdLzt2JWqFu7o8pqNJZTLbNNGiinY4jDsopAc0YGFTU9fA5wE8Z3/AKeysYpKd+QyrI7gOWmM8mSUMcoIadsvIBQ9Nfbz8zRPIA5apLI5TuwavtuusnqI8/MNwAmRbT4FyX7J1J1PFgR3SPSCMagFawSZLaq0Vuk8t0u4WeDaSrBjLGuz2IQRRVdE/wAW3TOb/hytMJy9mW2iNi4PV+nPiTXW97ae+sfKOPEG+3uvTrZeqS5wNno5A4OHGdwvmmk6iccU9xhweNWFe2261lrlbVWq4va0nJbq2/RMTycy7QZ6R9E68t3GEJYTpv4l0tYBSXV2iQbaxwVtoaiOoY2WFwexwyCDlMOPdVKqWJIekkkoKEkkuHhQh3UfVOQfxJ44UImVXUnTVn6ipDTXClbnlszRiSM+rXdllmVnV3Qkhlry++Wg7NljGmZg75b3/VegHB7poBHBVPgbDUuP2tZRDsvUtn6ghElrqfEAG4Ixj2R5qKOKR09OND3cH0WTvXw9dLIbj0jVm03Dl3heWGUjgOaPz391CoPiBcbNUCz9dwNpZ2bCpB/lOHGc/dVGSfYx1Ka3VvP9vZvKSvfr8CrGlw2DuxViHB24IVTBV0NwhbNTvbKxwBDhvt2IKmRuLcYOQiwjK8p8kzJSyULWPb9Ug8HhQmQuSlkrg3SO6hYbZDez0TW5OfMU380YA5spYQDupQcCM5UIjKc2Qs91CB5Yg7cDdRdEkR8zVLjeHp0rA4DuoQryA7OyjSxknICnyQkHyjZCLMchQhD0kBNcGuG7cg8hHIHohEYQBYPPesuiGTsfXW9nnBy5oXmlQ2SlkMUrSHNK+iHsa8EEcjCwPWfQwnjdXUTMu5c1oSrIbkdXQ67b9kzw7qC0fMPdW07cHuB/moNtqnSE0lRyOMrYVVLLA90UrcFu2CsvdrRpe6opwQ7nY43XMv08bY7We58R5eWnkoyfAmh0EhGNkUP1NzjJHBUKjrhUROo6rDKho79wpcHkGCuBbROqW1n0fSayF8E4FzRVTayEwu2c0b+6pLzRPw44yGlGDzDKJoTgjn3VhM5lZCJWgbjcJJ05WK2vazDTDw3cIZdlpVndaR8Jy5u3qFVkggqHFuWx4OZKjzM9kb8W6edJG43RKOTLPkgtaWnJ7KQxxGFyRuk7Bcb3QteiVycWWNJUOjcN+Vo6CtLsAkLIxvwdirSjqQwhJksnW02plB5Rt6WQPA4KdNECNhkYVRbqwAAFWwka9u5SpRyehhYrIpszFyomxTF8YwOSFFaMNwtNVQMmBDmg5Wfqqc07iBuPVVhmHU0qL3RIR5RWSlhylpJOUnHBROODFlotaGsOQ1xwtBSyteBjCxzHFrgQVc2+uDQNRVm/Tan+iRpfDa5vGVT3CldEBK0bE4VjTVBcBkKQ9jZ26RtlTazdJKSyUFNO4ODSMBXETstByqyrpzSTeVuAjU9QMAIo8Ax+0m4QJQAQjtcCECfcgKxyaODhdZgOzhCHKIOEvJOixpJ9DhvsfVXEJY9o2CzQJBBzwrOhrACA7shwbdLqVF7ZFoadvYZQ3UoOAApUT2vHKLgYOyWddJPkrRSaQcBRZaNuc8K5dGckKNLESdkGAJ1ZKeSm0guaMKPFVSQPznBCtZIsg7Z2VZU05BzhDKKYqLlU8o23TtzbVRNGd8DZaOnrn0sgcM4PbK8poa2ehma+I49R2K2tsvDK2MNkcN/2WG6k9H4zWwceez0i3XIzNDhICB2yrdkmoA+q8yir57fM17Dlh537LZ2i7w1kbTrBOPVc+2rHJ6Ki/cXhGVQ33p4VrTV0nkmZvt3V0yQHHujM34WVrBp7MbZb9LFMKC4eWRhwHHutZFLkBzTkEdiqXqLp5tY01dK3RM3fbuqezdRS0cwoLgCHA4BKorODX1VLBc4DBUjyng9wVm3fOdOVeh+XwuPld2wtBHK2RgfE/IO+xR5IqesgdTVbA4O2DscI4xyXlMiRzRVsQqaZwJxkhdmggr4DC/GcfoqplLP01Wkv1SUsncdgrOWEAC40DssIy4dsKmAzCXW11NpqnOwdBOQQrmwX8PDaeofkjYFaGrpILnSESMB1N29l59c7ZV2aqMjNRjyktAp7Weil4djAwjPAqISx2M42WZsN5E8LY535PYrRwuxgjfKpo1VzyTLTWCEGjqDg8NceFNeS05xnKqKmIysDo9nsOR7qbR1nzMfhybPZylSiaSXBUeGcAKyikEjMhUjwWH7qXRTtDfCe7GeClBE6Rwadt8pjyJoyMbgZC5jOTlMbJhwOOEUVkhyhqjUMdDIM4yPyVTUwfLVDmuHld2UySX5CubKB/Lm2IRK+MVUZLW7t7p0eBcujzzqm3fLz+PG3+W49lhLnAaecvZs15yvXLnSCspHRuGSBsvOLzSFjHRvbu07LZXLjBw9fS8bkV9tmGRk4IXrXTNwjnpGMB3I7leMwPMMgK3XSde5jywO8uzgmSWORGjnteWekA6cLkpLnahsgwvEjA8HIKOATwq7O5B7kQbtTCqo3NLckNWNtkz6SqMbtml2wW+c3WNKxV9oH0VSZON8qmBbHBeRy6jxynubqOcqstVX81ED3GxVqd0yIl8mO+Itnfc7FIIgNTMkHG4XhHYjK+na+nFTTmNwyHAghfNlzpH090qopPqDj+meV63wWp7rZ8h/8SPHbpw1UFz0yLESx2xW56fqfEhbESNwsG4aJBlaGxVJjnZg7Fe407R8auXxywbQfy5A4EYChXqLxqRzmtyQCeVIeS5uxTy1rqfwnDcd0/CYp2ZKuwVpqKTQ8+aPZTJsSjSeyz9uc6lu8sTDhhJOFotY5KWFXYUQj+WuBb+EhGq/JGZSMgLt4ZoPzDRgrod49A1unc7pUo5NlbxyHs8xyWagQdwr+N50gLI26XRPjjGy1EbwcZ7pE0em0F22PIeRxaQQutdnfO6FM7jC405YHDbKUdyq4dWO1R6COe6j0j9tBKLUN1N/JQ6ZwZMc8rPPk0xtJNQcocBxt2T5s6C/HCE0+drccpeBrnk7OOEBu7gUeU7Ywog2O5S5lZJg4Qqg4anAjCFP5gAhGp8EGq+kv9EopiQAUps6HsIQIJNB4UAk8MlgkndeS/EiHw7oZcbHO69ZDsjK80+J8D/CZLjvhGuDk+dr+XRS/sedP3IK6PpC6B5PsExvKNHzVElqIhtRE1AA3IUhwiuQpeyCRB0XdFHKFF3RRyiQtBBwujlcHC6OUxFsPH2RWDhCYCMZCKOForFtcpkyl2OVPp8uduVW07gHBWdMiNlDWCWGjHKg3Fxw7fgYUsHGMuVfcXgah6om8DrpYrKqQ+pUN31KRLnOMoOckJE3k50UFaABsiJg4T1C28HWocn0lFb3QZSMYUksLgWnkC7ug9z912QnPKa1ZZDWd7hSqCn+ZnEeOVFG5Wr6QtkNRIJH5zlYdRdGuDydTxWkeouSwbzpa2NpqZshbgAYCtKybQQ0DPqjQsZBA1jdg1qgMldPWhjm8leelJy5PqNFeyCgWVrppGHxnDGeFeUzS52QFAjyxoZhWsLPDiBxudypWb4vZHA+QhrDsqitl05OQp08uARwqasm3O/K9BpfwOF5GeclNVyF0hGeeVZWSgLsTObyVVaHTSuwO61tnhfFTN1DndarJ4Ry9PU9ymyzhjDGDAQppgByEWR+hmAOAqOvrDkszgqtPB2zwXr9TDS1O2foZX1Ylk0M3x391uOibJoi+Ylack6icfssx0vY33Sp8YxFzQcBewWyjZR0rImtAwAvQ1pVRSR8E8/5H+bqXJPgk08YibgDA9FKYMuQWDJwp9LDuHEI088nmp5yTKWMNAJChX+6iigMTHYc4KbPUMpYDJj6VmGMlvlcZ3jTE07A90zoFLJKstDreKqRuXuG5WopacggkY2UaipxGwAtAxwArNhw0bJEp56I+A0TdDcJs8wibkrofsTjGFmL1dnTyGmgk3zgkKADHPmvNyFOSfDad8LYUdNHTwhkTA1rRjbuq/p+1RU0Ae5vneMknkq2AA4S7MkGnlcXTsuK4x9giPBVPKZb1XMoKeUtpmO/nubySPw/ZFulTUSytt1Fs6QZkePwtVra7fFbqcRxt3O7j3J91cnjghOhpoKOFsEDWsYwYAAwqvqHqCjsFtkuVY8Njj5Rbzdaa00rqqslbHEwEkk4yvK7Ra7p8XuphXVjSzp+gedEb2keMT/pgFLbyNjHPL6LDoTpu5/EbqA9b9RwOitUJBoad/wCP/ER+QXsdZW0lopAcNa1ow1o2C6DRWqhEbGNgghbhrRsAAsbNU1XVNy8OnjIo48gknn3RgOW54XQJ0lw6ouBe7PgZwB2x7LY222xUUIjY0Z7lNtlsioYmxQtGcblWIAA4S5gybZ1oIGSc4QZ6jfSMLs87IIi5x3OwHqq4OfK/UTyhCRIOH7nddTRkADG64SDkdx2VpZKSyF1NG5IwNyvOeuviPT0bpLTaMzVDdnFp/ZVfXPxKM0p6f6YJlmdlsszXbN9gvNbjVU3TtI+5XKoJeTl7ie6fCGOWaqKnJ4S5DXC4/JxzXq8z+cguAcePYLxjrTr64dTv+VhkMVOwkADuo/WPXFx6rqTCyR7KZh8oG2QqKKHAAI3WhcdHp9FoY0RVli5GQU5JGeStLYbDPXODWNIBOCcI/T/TDp3NqqjAb2B9Ft6OkdK9tBaY8u4ccbEowtVqcLCD0NNT2WkbQUDGuqHgZPclamw9H1NS6Oturg5v1eHnbKsOnukobWG1FcBJOdznfC0O7D4hOmIfUfRKsnhHEvvdjwPjgjhjEbGgRt4AGyy3WXxE6d6PoZHmqDKjGQQc4WU+Knxvt3S0H8Ns1Rrq3ZBc13B2Xyxfepbx1FVmsuFQXvPdYpWcnS8b4K3WP5rliC/8zW9e/FO89Y1csctQWxcANOMhYlg79+5QmM7nk90Zo5S7J7j21NNelgoVrgb9WwTy0nsutY48qQAABtus/LYcpDGRlyNHEGeY4XHyMiwgSVLH7NOVWAVFsM+RrRjA/VR5pzjGEB0he7nCcRlQao45GOlc48rgB55ThuithLsYTCbkuBoJ4wnBh9UZtOe4wjNiACgMpYI4hdxhEEOdzsjEtA2Qy8IcoFPJ0RsHb910lqjumxtum+IPVA7MEDF/YBD1eyZ4gPCYX9kqU9wSWQhI9VHcSNsruolccqYW39jvpTSMoiETlKxknQ5D0opGFxQsYnfSnE5Scrgi+zoGEvKkeEsKN4KOABdxhcOB2SyPRTJBaR6LhaB2Xcj0SyPRTJDoOV1N1eyWr2QYIOSSSVEHJBoKbg+iaTvuFC2/2FEeV00+2crgOF1spG+lWnkFMYYXldAeN9OfzRfH2xpC4HNJRFbUIPIHCcKglIacYS8NucqNNcgjw/PZPa4eqCYyRsmhkkZy4fuopsF4wTmrqjRyEbEcorZdWMhHkQ2ExlcwE4OBCciSyECztjC63CIkjwUwbh3R2VU8BHhPI/NN0lcwVMuHQqSTfJo7V1fJFphuDXPaNg4dlr6G5UdwYHU8oJ9M7ry4A53UqmqZqdwkhkcxw7tKbXbJvEjHfo42vMT1TT3wugDKzdj60jGILoARwHAbrX0z6aqjE9Oc6lq3Ra4OTdTOqW1oE2IkA4XfBPopojH2XNAVmSU9pD8E+iXgn0U8Qg8Bd8H2V7WV8pX/AC5/p/ddELgc4U/5c/0/ul8ueNP7q3HBPkyRWgcYTw3ZH+XdnOnb7p4jI20/uqwTJH8E+iXhuUnR/h/dd0f4f3UwTKI3hn0RAwA5wpGgeiboPopgrKQwRN9EvCb/APKEXQUtBUwXlAPDal4bUTQ70S0O9FMEygRjbgoJjI30/upeh3om4CmCZREMZBwUvDypvhrmgKibkRWtPCPTyOaAHbhIMA4RNIxhQmMkljmuaOEx7M7oMR82fRTGPa5oGOE6PPAqSaImDnhNeM4Up0YO4CGRp5KtRwym0RxGCN0F8QHZTNB5TXN90WQ8ldJEMbBV1RREkvi8pPZXT2e+VHdGBw390Mo5GRkVFPIdeh53CNJE2RvKU1L/ADTIzvumtc5uAShccDUyFPCWO4Ud7O2VbPaHAjGSVCkiIPCXgdCeSA6LuhmMjsppaeCEIx+qocRy1w2ITNPspbgPRBLRnhQKMsdkV0eOCm6fdSXN91zSgHKQADCYRlGOyYp0UFoq+rtlUyqpJCxzTk4Ozh6Fev8ATHVFLfqUAkNqGjztK8bU22XWa01TammcQWnJ9wmwngxanTKayj3NJV9hu8d7oG1sWMHAIB74VgtUXk4tkHXLDEkkkrAEknpKEGJJJKEBzU0VTCYZG5B49lgr7ZDbqnYeR+SPRegqJcaGOth8N7d8bFBKO4bTPZLJ5kYyCmqfcKR9FOY5G9zgqIRnulSjg6SluWQacBhPSUSDyJJPSTMEEkkkiIOSSSUIJJJdwVCHF3BSAOUTYgbKmR9CYSM4VR1HaPn4zXxktnj3y1XLk0jKS1kGNkq5bkfRzom43Cr6qm9BsreaJziCAgGMdwvyuf0FKGeIs2woZjJV9U04O4b2VZJCWnGFT6IQXx5GOVJtd4r7JUtqqCbQ4HODwuOYUF8ZON0mSyR8ntfTHVFH1FSte1zWzgAPb6n1CvNXsvn223KstFUyso5S17e3Yhex9K9WUvUFK0OcGVLRh7D3Pqs1lWBc44L94y0/ZQyDkgqdglBdHg7LO+BaZU3Cjjq49Dx9j3Ci2S61Fvn+WnJ0h2kE9wrl8JONsqsuNL4jMAAOPdLaci2smuZK2YN483ouz0wIGnZZGzXiajlFNVE7bDPBC18E7J2B8ZyD+yjEyjjoZBVy07vBmaSM7FWMZa4Ahw3UR0QeMFuUyNkkJwWkD0SpJozyjktCA4coMrdHmbsmRTEj1RtbZPLnCgB2nqXucWSHHopjVXSxkEOAwe26JSVYefBlOHDYFELayWKSS4TjsoLCJJJKEEkkkoAcPCQ4XU0jChUlkeCcp44Q27ogIwoLOpJJKEEkkkoQSSSShB6SSShBJJJKEEkkkoQSSSShBJJJKEGJZHqkeEPfKhAiYnDcJqhAbPqCMMYQdDvRd1FQtrIyrpYpgC5oB9QobTLEfDkBIHDvZWSY6JjhhwyFZaeCPG8Hcbo4JcAAoslHJAdNIc9w1FpJ25xJ5XDYg7YKoslRkg79lIPgTN0OAdn1CHhpGEMjByCoKayMdRzU+X0smc7ljvpTqapY86HeWXjSdt1Iil04BGUpoKeoGXMAd/UOVGslEK4WuGvbh/leOCOQoLH3G0hsE5EsGfrG5P3VgY6ym3DvFYP1XX6aqPG2/YpaQxMUFZDUN1RPB9vRG2cVRz0Etul+aoQRv52diPZSaC7wVTzG4Fjx+FyICSyWZixhzfKfUFSoqkaQyQ5KjA5CexodkJgBLbpdu1NPlOc8oGJGEFjsD0ThNkbjhRPnJWCr6h6RtPUkXh1tOwO4D2tw79V5ZeOkepeippKmAmSiY4aZWE5bngO9F7U2Uk4LcIzXB+5W2jWyreGJsqUjyux9cfNQiGvDZARpcCN/z9VkviJ/Z76O+IrXVtjc621xBc6WJwDZCeNQAXpPUXwhtV3Pzdlc+jrNyTq/lvP+JqwcVf1D0TVfL3mOejIPlJGWO+xXovH+UVclOLwzm6jSQs4kj5H69+FnWnw8qPDutpmmpiSGVTGHQ7HusY000x0zMIPodsL9F6S92fq6kNFdKennY9uHa2gh33yvEfih/ZJtFzIuvw9rRbpwHONHJvA7jGMbt7+q9/476hhbiF3H9zz2u8bsw6z5ahut2s7xIKj5ilJwQdy0LS2vqa3V4DYqrRJ3BOFRdQdOdV9B176HqixVFOc4OtmWOHs7gqD8pR3FpqbUfBnj3Lccr09dsLea3lHLTnppHp9FfKmnAD3eKztnf91oLd1LSVAEch0ntkrxKg6ivFmmLLlC6eA7eXkLU0F6pK9glidoJ7cEIlhm6jydkXyexxvjmYHNIc0qPV22mlbs3ST3C87pr9X0DmuimLm+mVqLX1jT1IbHVgNd7pck0zt6fyELFyS3Q19Ecsd40Y/UKRT3aEkNkbv3yp0M1LUt1RSAg9srj7TQygnQY3n8Q4VJ5OjXNS5QKSmoqwamENce4TBQVNP54JySO2VGqbbWUx1xO1NHcJ8NwqYABOwkeqPchyn6JIubmEMqoiD/AFBSopKaoALSCfQqIK2kqjolj/MpSUMT2h1O/QRwQUuUsl5zyyW6lGdUJ0n2XWz1EflcMkd1AFVXUZ0Ss1t7EqQy6U8jR4jXNd3BCg2NkUsEwVEUjdMzB9jwoFRarZVP1iIN9cBGa+ObJZumyF0ePT7IoycXlGe6qF6xKKZSV3TTmZkpXZHoqmSGtpjpe1xA9ls2zHGcLrnMJ8zWH8srRXqpx7OLq/B03rNf2s87utqtN/YY7nRxl5GNYbg/qsTe/hVC1pls8pHcNJXtNwstFUHU1nhuPdqrH9O1kbiI5A5vYro06uMvyPJ+R+mnJZsSf+D5zudgudocW1NO/A742VcN87YwvoustYwYbhSNlZ/iblZS8fDa2XIOltrhBIfwnhaflU+jx+u+mLaov4Hn+zPJ4zgqdBO5jRpOMqxu/RV5tDiJIDIwfiaMqle4xAAtR4yeVt0d1S/1otMnxXOaN31furCG5B4HivH6rObl3KKCcBWjDKmMuDUtq4n/AEOynmX0CzEVQ5owMqXDVuzuThRSaM8tO0+C+a8O74TlWRV0WwLt1KZUs7d1fyCZVtBkkMSN7J2rKNNMm1jkkklZTWBLuSuJKFD9+xRI6h8LvL3Q1wjIwglHPIfK5RZ01y0keKNvZW8FZDMPK8b9lk2c5zwixSOiOoOWecVJ4OhpvKajT4w+DXOlA4wuslAO4VDBcXtwHnIUkV7XgbpUqcHoNL9SNPku2HxP7s742XPmKiJwEzduyqxUyxkOjdhSWXBkgDal2Qs8qD0Wj+o4T43FpBV0zxh0uHKQ2Q4y15wVSPZRSgOj59ikw3CndmJpcwcAlZ56c9JpfOxfbNTSXCphABcXN9Cp0V0a52JG4HsspBfYhhk8ZYe5Knw18E2NLx+qyzqzwj0Ol82p8KRqWzxvALX8ojXZGFnWSubgtecKbBWvOxcUp0ezu0a+Mu2W7SfVEYT6qviroTgF26lR1LTx3SXFo6UL4z6JYIKMCCcZChZ90UD1Q5yHuRKA2ym5cDygCQ8ZP6orX5PCmBgcPIRmzkYGFHDxhLA9VAorJNEjfUfqlhv9QUPB9V0SEHO5/NRPAzaiSGY7rpz6qOJ3A7tTxVjG4V7mU4Jjzq5ISEuBjCQlDhkBMdjJGVakxU6UODsnZFaThRs4OxRGiUtz4mfbCZGwzy0yHSNBbvuq+a20dQczU7HfdoU4OcOUsj0TVLJit0isfKMR1B8NLFdmvkggbDI7fIGN15rffgrXx+eglbI458uMEf8AVe/EDGEN1N4mCE6F8odHG8h9P6XVx22RPka69M3ezTOjrKV4DeThQGkY0uOCF9bXCy0lY4fMU0btuSN1guovg5Z7o589LH4Mh/o23W+nXR6keA8l9Byjmell/wBGeGUtXXwHNNPp9juCramv0UmIrlBpPBcBsVY9QfDHqWxvc+khNRGPTnCyznPikMFdA+FzTg6m8Low1FcumeA13iNVpJYtreP2ao0lqrWeLb5SJB3aUERVtIdTtTh7rPsiIIfb6vTIN8ZxlWtP1PVUgEV3pDp414WmN205DrlngkyNp6oESNAJ74UZsFZQv1005LfTOVaQvtF1bqoapgkIzpJwhT0FVEcaThNjYmA1jhnYLkH48dml39TVqbF1ldbS9vgVRkj/AKXOysWBg7/onMqSw4xwnZRmtphb+SPoDp/rmguzGx1LhFL77AlaVsweAW7g8FfNFPc5ach7HEY754Ww6Y+JUkEzaaasLmjbS/smp5OTqPHY5ge1g5XVS2jqKiugDWSt1EZVyDkKHLsqlU8Makml+OyWvKgsfkri5qBXVCCyfVRq+zWq805prrRR1MZz5XjOPcKSnNdhVhFxbi8x7PL7n0R1T0nOa7omrkqKQkukoC8//Uj7Ky6d+KVJVzttV4pZLfXtGPDm2JK9AHlOVQ9UdH2XqrJuNMzXjDZA3D2n1ylyTi+DXDUQsWL1/wBS4hqfHYJGP1NPupETyTwvIqm1dfdBS+NbKx10tw3ET/qa1aPpn4l2u9uFHO401WNnMk8u/srhLdwLs08vyg00ehxvyERVlPUF+HcgqY2YgDblMMz+14YRJIbpIwRJEZSSUIcY8sOc7KU2oY8AN5UZNbtuOyhCcMO5CBNGCMprKk8OCK2RrlCEGRhymvZ6qwfE12NkB0J7KEIWn3QXb5BG3opjmEBRSME7YVPotGF6y6Gir2PrqBga4buaB3Xkt0t8tLIYJ2FpBxuMZX0k7dZXqzoqlvjHSU7WxTYzxtlZZwydfRa/4/tmfNt5ofBLaqNoyDgnuh0tWJx4bhhwA/NazqKx1Fuklo6uIgjI42PushPTCNw8MYK52o0zsPZeJ8rKuW6BMBOc8qXSziJ2l30kYVVT1Gf5ch37FHe4Pxg4XCtonXPDR9H0WujqI5RMulKJoHADO2QVj6iIxcraQTeLEI34y0fqqW+25ugyxtwDvsk4Zo1Fe6O4zurzIzTgcj9VEIcCTjj3SZLvhFhnI3ckt4B5CCQis8zfsk5gwSqHIE0nVuVKhm9womnBOE1oIP1FKlHI6qTizSUFWQRuFoKSp8RoWKo5Swgq/oqwYCDo7Gl1OGoyNBnUNlX11OHsI07nupFNUgjBCk+Ug5blC3k6ko/JHBl3sLDpcMEIbxnCsbhTmN/iDgnChPGQq6ObbXseAI5R4pnREOaVEeC12U4P9SomZlPDNRbK8ys53HPqranmJxlYqmnkp5BJG7GOR6rQ0lcHhpPomxknwdajUZWGW1XTiqjPqqctdBOYiPpVzS1LTjIUa4UrnE1MTc+oUwjS/u6BwyFwAwiubnlRYJdDsFqnB7XtBwrJlkfBSwUYtBOSFzQEqUchDWokchjOQmLoOEGGWi5oK9riGOOCPXurthBY0jjCxrZdGNlfW66NcxrH79lMM62k1ePsmXBY3BUZzPUI7HtcBpdnKfpA4CU1g6yakiukhyNh+6g1EGrfGFcPjGfugy02RkIJC51ZM/NT6TnCVHWyUkoLScZVlPTHB2/dVcsLo3cJcoqSEx30yUom1tNfHcIvBeQdtvUKVR1VTaKoHJLCVhqOrmo5WyROwR29Vs6G401zpsSEagN8rFbUd7S6t3xz7PRrXdoK6NrmOGccZV1A/HbK8ipaypslYx7HuMbjg5Oy9DtF7gq4Wu1ZJWCyrB39NqotYn2XjgDwsz1J01HXRuqqVumVozt3WhZM13CIcO7rO4s1yxNZR5vYeoai21XyFfkAHAJW5hqI5YhJG4EOVF1Z01HWMNZSMxMNyB3VN07e30cpoa4kEHDSSp0K3ODN0SZY/CmaHs9DugUzjRk0sh1U7ztjsPRFoqiCpZpDsEdzwVyrppIyD9QPBCgcZZGB3yk7oCPKd2/ZPlp6esjLZomvB9Qm6P4hROaw4liGR6kKJTVMrP5Ug8zVWC2jKXS3y2WvL4A7wXHOPRaW0XA1ULdXYKxMdPWxmOoia4HbcLI19LV2GrMkZJp3Hb2Q4RIycWbeM5blAe51PUNqG7AnBQLZcW1dOwhuDjdTpWNkj08pUo5NcLE0T9UdXDrjIz/khtJieAd8qFbZzDKYXH2U6oGeyVhjc5LGGUObzunEd1V0lQQ7TjhWMcgkG+yHoYR7jTmoow9vLePXKHaagTM8OT6mjSVLzp2O49FSPebddGtH0TFNRT6D1tP4E7h+F24WP6st8WDLp2cM7LfXAMlpg88hZ660ba6icwjdoyForntMOorVkdp4/UR+H2VpYa8wTt83Gx+yDeaN8Ejhp2aVAhlMTw8Hhas70cCyT09mMHtFjrGzwhurkZCuWkYwSvP+lLnqaxpd6LbeIWlrucjKX1wdyieYJh5HaDn1VX1DR/OUusDzNCs3O8RvohyNEjcA8qDZy3Iw1rndS1Xhu2DjghahpyMrKXGCSkrXhwwQ7IKv7fUOlpmOcN8AJiWTK++CY4N21EDC8E+JtJ8h1P48ZBZVDIA24Xu8uXYK80+K9ohkoo7gGeeJ/lI7eq6/jJuq1M8p9XaSWq0MnH+nk8mqzpl2HIVjaZSRGdWCHBQKoeQPxlOpn6AF9C01uWkfnPyNLT3noUcmoDG+ykRu52VLbKvxIG5VuxwIDvVdNs4m/cZm7RS0dwFQNsuz+Su2S62A+oBUHqOmkmp/EZ2TbLU+PSta52XM2Kj6G1ywyZWxGeBzByBlBtWZabQR9OymHc4Ki0J8Gvlhb9J3x7pMzoVTIDQaarc15xh2fyWjo5xJGPULPXppZU5HdWFolc5jQXdkmSydnSXei7JyBkprXbYyhPOeChsd78rO+zu025RM2Vfkiu52UoE4IUSQaJQ7KX2boW4LGXBGOyAANQPou5LowcoLe6U0aYzyFlILd8KGDhxRM+6C8jIS2hgcFwHK4STylGSQuHZKayHGWSNUcuUFp/mhvGe6nTDVsq6Z2mTjjuqBmTtgDusR8SINdq1gZw5awPLhuVSda03zFme0DJbujMutj8mnnH+x42OAmRd0QjBI9EOLujPljWG0OHKOOEAco44Tok9iPB+yEPrRTwfshD60ufZJBBwnDlcHC6OUSFPsIOEVvKEOEQbj1TYopskNwRwnIbUTOFpikgGPpXHUFaU2wCqqX6la024CM0afLJEp4wVWVxyXZPcKc4k8lVlcfOd+6pmi/wDArpTlyGw5KJIRt6obOVnm+THnHRJZ2RG7hCjOUVow0KCZnHnCiy5xupkhAGPZQHHJQzngGCBu5KGRhEBymA5Wax5NKjkNFHrIC9T6NtkTaZk2OOV59YKH52tZG7OMhew22lZRUbIWDGBkrzuuszPae9+nNI66vlkHqpBEzHqi2qlBBqHsGTsMqvJlqakM5ycYWjpYfCjawDcDdYHLB7SmvdyGihy4bKc4FrQ1CpwNs7Ik7gG4TKx1kOCFWPxvkKhr354Ks693O/ZUcmXv9d139O8QPNa6LlPaSLTSumnDiNlrYGBkY22Gyr7TSCOJnl3IVo8hjQ3smSe58CorZFJkKvqhEFRMZNc60sibkHn2T7vUunqdDHHy7bLY9CdPswJqlvmc7IK7Wj0+2KkfLfrLzOc0Vmq6Ts7bdQREs85GStK122MIUEbYmhjRsBhGYN1tbyfKpz38hIASRkKwb/KaCRyorAAM4Ua8XE01LgO0lyMB8kW63F9bO2jgJwDvjury2ULKeFoa3fuqjpy3lznVkzSS45GQtRCzQAGhWA5YJEUfG3Clhoa0DOEGN2BwgXCvipoy9x3A2CWC1uIV+uBpo/Aif5yN1F6ctYmca+pYSAfLnuVX09PU3WrcDk5O5K3lJTMp6VkTQBoAB9yhlLBJLARnlbgDHsunJ7pZySkh7KEodyq/loCGH+admhSZpmQRukcdmDKg0FNJXy/PVI8pPkz6KZxyQkWehEDPGmGZZNySpVfWw0UJkkdg9sIsssUEZkeQ1o5K8m6rvFy66vT+kumnfyWDTV1H4WN77qk8hxWQVa28fFfqRtqo5S2zUZxUPaTh7ucZXttotFvsFvjoqGFsUUTcbDGcKt6S6et/TFsjt9DAGAAaj3cfUlROqb6JWutNvkzO4b4KIOx7uF0Qrvc6i/XRtroXF0QPnLdlpbTbI7bA2JjAPVV/TNlNtpm+IA6d41PeeVocD1VZQnGB7Ttwk6VoaXHgLg7j1VRW1crqv5CF3P1Y7IAR0j31lRqBw1vG6kRgN5GUFkYjZpB/NEL9HbKJLIaWSTsNl5D1v1rX9R1NT050q/FM3y1tTq2xwGt/QqT1n1tL1DLJ0107nwfpqaxrtgO7QsV1l1hY/hn08WEs8eVpMcYdpDpMck777p8IY5NFVM7HitZZW3mvtHQtulkqZQJGg6ifrcfTK8C6q60u3V1a7xJS2lafIwcY91CvnUlx6wuMlfXvcWO2wTyg0NDLLOyGmjySmHqdJpIaaO6fMx9PCcY0kYWu6e6XdIRWVmGsG4DlZ9PdLNp2sra9ofI4bNwtzZum57m5oni0xE5LfZWI1Gsa4INnsU9xlbBSM/k/142wvQbRYqOzQaYWN1u+o4RoI6a1Uwp6eMBo2AHKhXu/0HT1skul0m0Rt/dDOW1HKstna+C1M8MML56iTRFH9RxnC+ePi58e45nSWPpJ+tjAWvna7Y59v1WN+KPxnvXVj5LVbZ309taS0szkPHfPC8vbqCw2XZ4PWeI8F8f+tqe/0FqqqorpjUVMrpHu3JcUmDGCQmhpzwpDG5A8vCzSk8npXL41tijoPoESFhcclEjY0YLhsk6WJowzdDkTlyYYMY0ZKjzVAB0gZwhS1DtWE1jtQVDNvsT5nS7eibG0c54TtBOwKcyFxOCPzU7LbUVwMEeeCitj1corYQ3BIRxDxjZQW7MkfwCMbKQxukAEcJ7mgcobpW4xhG3grOQmpvqmSSDgboPiILnDB82UuU/RMBi/vlCc4nbITM5JwUwZHcpLk2ElkeTnlNyVxPUDG5K4n4KWCoQYkiaSneHxsoUMSRRDkZSbCcoQMgsFLBUjwR6Loh9ApgmSOIyO6WgqX4QG2UvCHqpjBPkIek+i5o3Oyl6W+i4Y/RDgLciMnInh+yf4avBW4Bo9ktHsi6Cu+GVME3ANPulp90bQUtBUwVuAeH7rrWYPKNoKWgoS/kRwAaUwtz2RcFLT7KAzYFrSDkhEDQW4wu4C6qUckXXIIw5OUvCPqjpIcEBaSEvFcNsIq5pHojLGtkdnhEEvchcwPRNQqW0CSyGw1+2y74ON0AOLSO6NHOdgWo1LIsQMjDwjMfkZxyute0jGOV3T6JmSDkRgy5AEbin8IwZckwMaRnKGYhk7obJSDhGa8EbKAAw0A5SJynuXQMI4R9kGlme6srVf6+0SAwzOLM7tJ2wq9dwU1cdCrKlZ2erWjqGiuzB4bw1+MkEq2a0k7BeM0tTLRyiWF2Mdl6L0v1lTV+miq/JLjDXE/UtNVkc8nD1ehlH7ompDcjcLujfOEQaXDIwc+iWAtSSfKOY/7jdPslo9kXATg0c4QtIW54BeEO4S8Jv9P7qSGegS0eyrCK+VgPCd/T+6XhO/p/dH0eyWj2QYRfysDpHokGDkBFawnsnaXeiJRQMpuQHR7JaCeyM5nsuaPZVhEU2gGgJaAjaCloKrCC+Vkfw00MIUssGEMx7q8InygdIAQTEcnZS9HskGgqRhkKNmSEWkHBCQaScKTgJYCL4xm5ATHsCB+67G4txsjJjo84OUOME4aDNdq5C5JEdnBMaNPZHaRjBTBL4AacbJhiBOcKU+LuAgkYUJGWQDmeyBJHtwppGUNzCq6G5SK50II3ChTwFpyArh0RO6jyQnHCmExsZlW0EDSRsmSRAjZS5IdO4UfJzwl4Q1MhPi3+lBdHpGdP7qdKMEeVCczI4QjlIgknOCE0jKkOj32H7phYcKB9EZzfdMc3I5RfCdnhLw3IA1lEQswT2XCMd0ctyuaCoHgjFpCZh3JUrR7Juj2UDyi26S6gqrJXsYJD8vIcPYTsPdewUlTBUwNngeHNd6dl4OG47rX9EdVNts4oK57vBk2a4nZpTq7McHN1umUvviempLuMjICWMJ+cnIawOSSSUIJJJJQglwgY3C6koQzvUVmNZE6WEDU3cLHOgew4c3C9Rkj1DHqsTfqJ0E5kDfK4peMmyq3C2sokk57SDlNxhUaU8iSTklAxJJJK1LIQkl3BSAOURBAd08AYXQO66hbCSOYC6kkqLEnJo3TlDLY8dH0fbblBcoAWnDgNwUWenOcgLPVdJU2yq+Yp2lmOR2IV9a7nDXxAE4eNiCvyep5P6FAjCeCFEqaQNGpoVzLFvjCjys1dkeUQzksOk4QHRq6qKbO7W9lXSRaTugIQTFjGESjram21LKqllLHtOdu6e9o5KC9uRyqayRnrPR3XdJeHCgrh4VSBsSdnLXPaCvnOKaWlmbPA4se05BBXqvRXXMV1ibQXB4ZUN8rXE/Us9lYmdf6Ng9gwoUrQ7kKwDs5zsgyRA8BZmscANFJW0bX7jZ3IPojWe7yUrxDM7bON1Lmi1DYKrqaQu24PIIS2nkJo3FNURzsD4zkH9kWTzNCxNrvM1BIIpuM437hbCmqo6qJskbsj/JKaFWV/oG6SaF2GHZSaeZ2xdyneG09soL4zHu0fuoZ8E8PDwotXTOI8WHYjsO6bDUHbIUlkoI4VJAtYG266CUfLznDhsCVZg5VLX0Of8AeINnjcgJ9surZT8vUeV42yVYlxbLpJcJA5KQIPCgDWAiSSSgsSb+JOSUI1kSQJyAm54SZ9QUFpBxwkuDhdUCEkkkoQSSSSgA9JMSUIPSSSUIJJJJQgkkxJQgkkklCCXCAupKEBEyN+ghdDjkbJ7hlDPm7cKECjTpQDyfulk+pXFAxLuCuNIynqAt4He6DUUzJ/qyD6hGSUKIjZpqJuZyHRDh3cfdTI5GSsEjHAg9wmuaHjS4AjuCgmCSEl9KMD+jOxUISwMnCK1paAoFNWsc4MlHhyf0HlTw4YCgOArDhR5qMOcZIXaSe3ZGb3SGecqFZIgEg8krQotXaKafD2jQ/wDqbsVYSNMh4TACztlQMqWy3C1vBmBnp+7hyFaUlfS1gzBKCfTO4RBodlpaMHtyq2rsxZI2qtzhDUep2YfuoAXIOUgMd1Tw3mWneILvEIX8CQfS5WsczZGh7CHNPBHChB7m4wR2TWTuacaUUHKYGtwcjIVp4BDNqDpye/oh3ClpLvRyUNxpo6iKUYc2QZQNMoOIxlg4HoiRyEDdqbXY08oXOtSPLuo/hFdbaH3PoepLWxeY0jz5T9lSWf4jy2yUW7qqkfbJm7ETHIP/AKL3EVeg4IUC+9I9LdX0phvdtinBGziBqauzpNc4vEjHZVgw11tXTnWdu+UvNvp66kmbux4BDh7FfNfxK/siVNNJJefh7WNkxl3y8wOsfY59F7nevhd170PK+t6RuTrtbCdT6OQkP/8Al5QunPidbLnKbbcg6grWbCnqXaHL0uh8vKiW6uRz9RoYXL7j4UuU146cqXWnrO0SUk7DpLJG5cPddZQU87PmrPWDJGdOcL756r6G6P6/oTSdQWqnqQ4Ya8tGofZy+b+v/wCyff7E6W5/DqrfMzdxhe7zjHv37r2mi85TbLbPg4N/jp1PMXk8bpb5U0b/AArjC/DTjUOyv6Sspq1oMEjSecZWdnrLlaal9q6ss8kb2eV+qPS/7p7KGgf/AL1Z7no7+G47hd6M1PoQouvs2cNbXQMAZO8D0ytFa+tJ4NMNa3xIxtnuF5vTXmvoz4ddEXs/qCt6e4UtS0OZKB7EqNG6rVSh0ev267UNwbmGob/yuKNNQRyDIAGe44K8ljqKiDeCTH2V/aOtK6ixFUkyMG3m3QuLOvptZGXEjUVNrc0ktGPsgeHVwDyuO3GCpdv6ltlxAHiBjj2cVYSU8Ezct0uB/NC8o6MHCz8WVcd1qoxprKdssX23CktltFYwNc4RkoU1BNGS6M5b6chRXRNdlkkYH5IRm3BYG0DAfQVmXjt6qK+e80ztFXRNe0d+FHa240v8yimBA/CVOg6paGiG507tXrjlXKWCLbjkGy4R6tMsRj+6kF1O9oMJ377ozP4JXsMheBnsTghMk6cjdh9FUujHbuFE17FybX4g3vIIykZwAAeO6jOoLxTSkaRK3GxG4KEa1wd4dREYyOdkakvRna3dolSOpZW6ZHA+xChyWamc4yRuAB9EXwxKNUZBzwozae5MccHLfRPjZNdMy2aOufojVdrjOGk6vusvd+haW5SPeYYw5/4mjB/NbF0rh5ZmOBC4HBOhfZH2czV+IoujtnFNHjV5+GVfSF8lMC5o32CydVbK2heWzwOaB3wvpF7A8YIyq+ssdrq4jFUUzHB3qOFqr1LX5Hitd9GUWy3UcHzsO6IzK9bufwvoqrVNQvw4fgKyty+Gt7pIzPC0StH4QN1tjfB9nlNb9La3S5ajuS/RkB5d8IzKxzcDsEaqtVxoSRU0sjceyg+JzkJqSl0ect0ttf8AuRaLCOuLtypUdSD3CpGSBuN0Vso3ypsZllDBeCoBxxuiNkyOFTNlcNwUSKumzpJ2VNtCp15LZJQ2VW3m7o7ahpxnurFyhgloROVwyNOwK40AjKuUsAtM6u5wuJIewQwLh3TmyvYcg8IOQeUvKr2orBNjuEmcO3UhtQH4Jwqto2O6fHJ4eN8qfEi1KcfxZaMndCct5Uhl0qIhlzshVjJgcbqRnI4QS06kbaPI6il9k4X62hwjrGfV3wpccNBVtDrdWtD+cByz8zGPOHNH6IIpQHB1LM6J47hInpIrlHVo+o7qJJs2LH3KnjwXB+PRSqW7D6KhpB9VjIq/qChf4xm+YZ3a7fZTGdUUbyG3OkfCDsHAZGVmnQew8d9WRljMja09ZBO7Sx26s6acgjusRDU0E7BLQ1IJO4IcpdPU1kLw8TH8ysdmm/R7nQ/UEJRzk3IqTgZCkRz7dt1lYL08ACVmcendWdNdWSNb5SAsktNJcs9Lo/K1XPDZch+6O2QkAAKtZO0lSWSDAKS4uJ2q7lLolhxxsU4OJUZsuOyOyXAGyBjk8BtZb2Tmuz2QvHa7AIRAQeFQXyMLobp4/dB8N3bdI+J+F+F0E84yoFvbOHx4zxjKRkd+JF8UYwRldAil204KoPvkDqcd8rvjSsGWFPLAOE0gjhQUxhryxw8b9UWOugk2BwUNzWvG7QmOooCD5T+RRwkxbiSXvDwC07JviSMOGHAUL5epbn5eb3wUL+JVMDgyajkk/wATRlM3CbYZLMOBwXBEHgvbhqiwXSje1oxh3cHYhSmzNkAc1owfRWZZ1kaelhnaWPYCD6rJXz4eW+8lwqKeJwdw7GCFtjv3S8P3TqrZVvg52o0Vep4sXB8/9RfCE0j3vtT3tc3cBYqto7haX+Bd6F00Y2zjOF9WzRNeNJA39lVXXpa03OMsqaSMlw3OkLdVqpf1M8f5L6M0moy6VtZ8uMtNNUOM9oqjDJ/QTg59FMjvvUNoAiuVK50XGvTlep9QfBRtSX1Nmn8FzdwB3WDulm606cc6C5UAr6VvJLckBdOrVVv2fPvJfS2r0eZTjmP7QOku1hu4DGTeBMf6xpBUyqstRFHrfBqZ2cN1ljT9LXmQiKtbQ1Q/4crtO/sjx1HVvTIBBdU0Q4BOtuPb0W2Filyjy1mlcev/ADLJ9OYzjJx6FCdTxuOrQ3PrhHoeqrFdcRVv+6THbfjKn1VlnbF81RvbPFySw8J8LTPKMo8NEe3X252mRrqed5aDkAu4XpvS/wAUaOoaylr3OifsCXnb9V5QHDOHN3G26b4Il/u3aT6pu9GK3TV2rk+mYq2KfeI5R2nIXznZus+qel5gWzOqqUfgJzpHt6L1bpL4mWjqAimqH+BUkbNdtkoso5F+hsre5co2ocQniTthA8TfYbLusYyQpkwThgPkHuu5wozSc/UUdpyFYvawiSZkJKAN+mP/ACWb6g6DsV/JmfD8tU8ieEaXZ9Vo8hLIQYChZOv8WeayQdbdEvBildc6EcZ3cAtLY+vbbcNMM7/An4LJNlpueVSXXoux3g+JLTiGU7+LF5XA/dH0apXwsX+osM0MFXFM0OY7IPupIcCsMyh6j6Zd/u0prqUcNP1gLQ2y909WNMzXwSDlr1alkzzhHOUXKSY14O4IIT0QtrAkkklChjhjhJkrmHbdPQ3t25UITIp2uAzyiaQVVjUDgFSoZn7B7sqECSRgjjKhyQkdlYgAjlDfGCc4yoQppGuYfpSaRtkKwmpw8bDsoc0Dm8BLwEuHkz/UvSVD1BC4Pa1kuPK/C8H6v6PrrLVyNfA4Bp5A2I9QvpHxdGxCiXK0W69QmKtj1NxjjdDKCkb9Lr56aSaPkeohIOQMLsU7s4cF6R138NqiyVUlVSsc+ldu0gZA+686np/AJ9Fy9Rp97Pc6DyvVlbJMU+HA54U3VFPFoc0HKoS90Z5Kk09XjGSubZpdnR7nR+Xhckp+ynu9D8vUuAGxOQqsDzEei2lbTRVtPqxl2OVkp4jTzOaW43WSUdrwxuohHduicY44wQjA5QXjyB7U2OQu2IQYaFxlgPgeqG7I908NPJTwwcnfCDDHpjWOIxturGjqS0/+qrc9sIkLtLgUmUcjYW7ZZNVRVOrGSFcRyB7RhZKhqMEBX9FO3AQHotNqFKCRLmiZI0seMhyop4XQyOYRsCtCwiQFV9wgc7huSoFfDcsoopm77BBGSQCpr277hRZBjGAqaycia2SCsZ3yp1JUOY4NVax+BjCMD5gVSWOTRVZyaqjqcgHIVg2XUwb8rL0lSWABXFNVagBj9006lVmVyOqWeGNbRnCfTyF2AThPJa8EYUcNw5Qc17JXcIruBgKPGRjlHjIxhQI4WkoSladsgIZaR2QBOOBhGBnKdTT6HjypgeT2THRk4wphFJPJpLfX+JpDnBXbHte0YKwtLI6J43K0VDXBzQ1x4SZRydjSar+mTLZ7c43TXtz3TGnXvnKMlNHUIkkQIxhQKqiHKuDHq/JCI1chA4gyjkzk0JicMNUiiq/liHFp235U2qpweGqve3w3HS1KccgQzCXBqoquGvpwXYJPb0Ui1XV9qqhG8kxuOyzFHUOjGAMK4jlgqowXY1AYKx21ZOtp7+cs9Rt1zjqcGM9laxyZA3BXllnu01BUNie46c4B9lvqSs8TDgc53WOdeDuafVRlwWsoDh+SxvU3TwkzW0bP5o3cB3WtjmBGDyUGob3Ays84tmqbzyYqw3ySCQU9ScOacbreUtSyug2OR3CwvUNmAeayiYQ/lzQl091FJTSNildgjYgoM/sGM8GqkbUWyp8Zn0E5/L0SrNMwFZT9/qHop4fDc6bLCMkfoqsNfTS/Lz58Nx3RdjnLI6Gr2Gnk8j0UqeCG5QeBK0EEKqqoZKKQPb5o3cH2UmnrCMEbbKi28lPH83Y7gaeXIjJ8ufRayCUTRh44IBUa5UlPdKdheMP04yOcqptNbNSVLqGd2zTgZQMqE2i+maNnjZw7qTR1JqG6H/U1RZDqGR2QYJnQyB7QlOJqhP8AZLnLqacObw5T4pTgDsVFlDKunL2HcbodHK8ERvOfRUkOzkuR5gDlV18pDPSiRn1xHIKlRSggBFcWvGDwrDZEtdS2uowx2C4DBHuo0kZje5rhsVFpy613V0TjiOU5CsasF41hFF5YqXZguoqGN08mmPf0WHuEHgSYG2or1m/UYmjErW+YDf3C88vlCCHENxjcLSuDiaynneLp6sfTvbl22V6nbqkVlG12fM0LxW1SyNk5+y9P6YuIfG1hd7ImvYWlt6iaiJ+Y8HkJm+cpNOl4PYp7N84VM6TKDqak1xNqWN3bsVXWOt1E07jxwtTVwNqIHxHkjZYRjZKGvMbsgteR+SZHszWrDRrfqBCzPXFtfcbHMxg8zPP+i0UUodGHd8KLVls8ZjcNnAgrfRZ8ckzHrofLp5w/awfOE7P5T2clpwo7CWgeyvr/AEsNHfKunjHkJJA9FSZBJAGML2/jrHJKR+cvOaB0qUf0zQ2ic+A3dXsMpIaVkrTPhwiWlp3ADC9NF5imfP5P45YYS6vzRHb1Wf6brGCqlpnc52WjkDZY3RuGxCyUJbR3xrWjZxwrCjZybAu0yn3CAGFlzZJ2kCKXB+Ht4KFW48JkrT5o3BJlHJ0KZgr7CMl2O2yhWKqw8xvPfZXFdF4tOHEZyMrLxSCmrcNOBqSpLg6ens2yRsTJsSQgxyeZcbKDGCN8gIBGXArJYsM9DRZlZLJrgW7FRKk4dkJ0R2G6ZL2QYNsJ5J8Dg6nbvumOwAQo9E84wSivBIKWba7MA3nzFR3kg5TyfNuU2QgAFA+jTlBoHghdIPqo8Tsn0RH5OClPgOEsDJOFWVXlaZMZVlIRg49FXVv/AGc/dAFPkaw5GVEvcXi22duM+Q/5ItPJgDK7WHxKV7APqGFa7M1zzW4/s8NlGmZ7fRxQou/3Uu5xeDcZ4scPP+aiR8u+6Yj5hdHZZKP6Z0co44QByjjhPiK9g3Li65NBBzvwgn2UGHC6OVwcLo5RS6BCDhPiPqmDhPiCZHILC4wQiP2AQzyESTgJ8WC+gtPsQrSEeQKogd5xtwreJ48MfZNRp0/9x3qqm4HLnfdWbu6qK4gvd91T6DveI5IUjsuXWcITslwUiIZasz7M+MhWA5RyMNCYwDZPlIDcK+xEiPO7G2VDJyUWpd5sg8IA2Cz2MJI6mRN8wGUx05HZS7TF48jXkclYrrXGOTfpofJNRNr0HZ5Z6j5ktw1p7+y9BqZPDaQOeAqrpGikpKAOkAAcMqxqCHvIC87qJ/JNyPqeh08atNGuJLs9Juah43PCu4RlwGFBooXMgY0jndWcDMb4WVvk7lUNsUgzWacY2QKx4A54Uk7NP2VTcZtIx6rTWFa8RyQK6pJJaByFFo4DLIDjkpkhLn59Vc2igkwJXgDvhdup/YjzWp5syXVPHoYNuyhXyokgpcxOAJ2KsMgMOeAsjdqmaurvloHHQ06ThdLRVO2R5vznkv4Oncl2S+mKGS5XAPePI07kjkr2e10UVNC1rWAHCyfSFkZBFCSzJADifVbZuAMAL0UYqKwfBPI6yerudkvYZgAONQOVJY3hRIo3EglTIjp5Q+zmj5ZBDC6U48qordHV3u5GV+TEx2AOyV5rXXCZtsoMucTh7hwFpLLbfkaVsO2rAJKmSpdE2nj04YABhT4gM7oLGAHdFP0qZRnfYSSVsQySMLM11d89WtiY0gZwMo91r2y6qeM5PdSLFaC53zVQ3J7BA2F6LmzWltFE1zgC47kq2DsZKCx2wAGyKDhALlLI3V7LpGybq3Oyg3OscwClhOXvHCtvBCNJI+6V4oIR/JjOZH9j7LQiIMYI2ABrdgFDtVvZRQjDfO7cnvlZL4k9dx2GidaaJ+q4zkBjWnOEt5kNjHJW9f8AVlXV1Lejencvrao4fI3dsY7k+nK1nQHRND0rbwzSH1cwDqiX+t/r+5VN8NeiG2Wi/it1HiXOq88xfuW57ArdVVwprfSPqJdgwE/ooRvALqC+09po3tB1TFpDWhVXTFoe9n8Xr2AzTnU1p/CFBtdOep6911maTTRuwwH8RW1iiDWBoAaANgOyJ9At8BY24HKe5Dah1MwZGXnsgScmAwN2rX0tOBER4kh0hQqKDwGa35Mr93OJ3UYCW4VfzD8iNmzQVPJwjawTAdj8Z2Xm/XvV1Xda1vSfTT8vJc2snafpH9LT+qldadWVMsjemenX6q+pbl5H4GH/ACXnXW3V9m+E9la58zZbtK7zgnfUed9/VHX3ybNNRO+fxwXILrfruy/CjpttJDIHV5Hka0+bV6n1K+YLndrz1pcHXS9TukOdtXp2CbdLtdetbvJeLxM6SRxyc8ewCmwwvZoghi1uk2a0c5WhLJ7DS6WGhhj+v2xtNSudIyCFmSdgB2XpXTnS8VtjZUTNBncMjbJCf0l0jDbYWVlbE19S4Zx6L0exWTIFZVM2P0tKtrBztdrfu2wIln6efUvbVVIw1vAK1YkEDdEekZGMjsmamx+VvHH2XmnxK+LVs6RbJRUMgmrmctxkNKRZbsObXXbrZ7Ydmi6w66sXR1JJVXSo87OIs7uPoF8t9efEW9dfXI19Y90MPDYWOOgfkqXqPqW7dT3CS43GcufJ2B2AVa1pxgdlisv3cHtvHeIr0KUrFmY4QjGT+iQYOwT2tcSB2UgRhozhZXJt5O1KfAKOAEjb80fDWAJjp2sGAFG8VzjgqnLAtfc+QssxaQAELVq3SOXIkUO++yHsNJIboJ2TmwuPZHEQznCIGY7JiBlNg2R4AyEUMA4XE4uCsDOTg2RDK0NxgfqgmQ4OyASQc5O6pvBQaao7AIJecrrnA8H9kNrudkuU9xaXIXO3O6jEnKLvkDK4WOJ4QBSWDmCnJwaM7hEaAANlaWSSlgDoJThFuCjlgI44SxjumbAc5GtYMJwYAnj0CWQr+NFrnoa5gXNPunGaIclNNVTAZ1j9UH2luDaHsOMrrWngKKbjTg4z+6ZJdYWgadz90O6MeyKmb5LLwtuE0tJ9f0VU68S/hGyCbvORjCB3Q9Bfx7GXWkeq6GY7qhN0qPX91wXSoBz/AKqnZkn8Wz9o0GkpaCqP+MT/ANI/VdF6nBzp/dVuRT01i9l3p+/6JAAnGVUNvs/BYMJ7b32MZJ9UW6H7AdNhb+GPRLSFWNvkewlBClNu1I7G5GVN0P2U6rF6DeE30/ddEYHZNbV0zhtKMlJtQx5w0qsoBwmEEQAxhMMbe4/dPBBRFYLeCN4fsl4Y9FIwEsBQpzIml3omqYYgeyEYj3aoWpZAJIngPXDE4IB+UMSSXdJPZQmUcSRklCZA4BST0lAMDGvc08ozKtwIA2QsFcV5BaJ8c8DgMv3PsiuY1wyzhVffKlQzSRfSePVNhMBxCGMtOSEWMnGCeEeN8FSzVsHdwfVIwPacadkQt8ARyityBwhcFIOIOcpjbXRWQoYnhgA3XA/snAZOVW4jeDgB5C60HtsfVdSVqTXKEuWeDZdK9YyUuihuL9TDsHnsV6HTPjqoxJG8Fp7rw0d1oOnOsqqzvZFUF0kQOOd8LVVfjiTOTrfHbv8AUrPWDGR2wnBuClbq6kulHHVUsgc1wyfUH0RdIbjC1KSkso4UoNcHABhdAGU8bJKCzoAwuafZPRA0A5AVsgIR53ASMeNyFIwEsBTJCKWYOCEtPspWAlgKiAPDPp+6RYQM4R8BcLQRjCvJCKWrmgIronZS8NyohH8P3Q9PupWn3TdPur6Gf4Imn3S0+6P4ful4furyTkj4K5jKlGMYOyjkHKhecHAPRPZsQnYwkd1TYtvI9jg8YPKa+HA1AIbMhwPopmQ5uCr6DIRaQm6fZSHRkknCYRhQmWRy0eiEYx6KU8AHZCwFWMhRkQZoRj6VBkg074VxJGCOM7KJLD6t/dDJGiM8lW+PsQhSMBVhK0eiiPCFRyPhLJDc3CEW98KU5uUJzMDKsbkjaR6JhAwjnlDPCAY+ABAyuYCIeUlQzAHAQsD0UhNwVZNzIyZxuAMj1R9DvRMLSVWCS5XJ6l0N1M240Qp62bM7TjJPK1LgBwvC7XcJ7VXR1cTiA0+YeoXtNsr47jRRVMZBD2g88J8JHG1FDi9yDp6YnphkEkkkoQKkkuavZCUJ4y0/ZVVyoW1FM8AeZWyG9nA5VoOLwzzieAxvLHDBBwopbhaS+WyVkrpQMgnIIVBIwtyDthLN1csrBHSXSDlLBUNBxdHKWCkAcqgh4Awu4CQ4XUTCQkkklRG8CSSSUI1lCHKcmjZOUMs0z6krbc2ZxLmgh3qsjVUFbaqt0kTSW5yCPRejFkNR/cu1bKrrqTVsQPzX5Kawf0KTyVFuuUddGATh7diFJkjJHKobhQT22q+bpgQOSB3V1arlFc4stw17fqCNNljXwEg5aqyrpjnIbstI+Eac4USWmGMYREyZOojc08dlGLTvstBV0WTswcKrnpnM7KEK8tQ2kt42IUlzOdkIjBQMmMnpHRPXDKstt10k0SAeWVx2d7LciXUMgZC+fQ9wOWkgjcEeq33R3XZh8O1XY5admSk7590qysCcD0J4Duyh1MQ2KnQllQwSRPDmkZBHCZNDq5CztYARQ1UOSDhFtF5loZhHITozjdTJ6fO+FV1NMc7NWaa/RTWTe01ZDURCRjxv29FIDmvCwNuu01vfokBLVsbdXQVTGSxOyD2zwhFTq/RIkjIOQExk5DtOFM0hwAQZ6Ug62DnlQS1+wsdRqA4UO5UPjDxqcaZG77d01rnwuAcFNZOHtbg4KgvAC33Z3kpax2mQfrhWrXfmqWvoBWx62HTUN3DvX2QrRejTyfJXAEP4DioLccmmY/OdkRAje0t1NOQUYHKgprA9NSTlBY1IcpJKECAjC7keqFkpZPqoQKkmg4TlCCSSSUBEkkkoAJJJJQgkkklCCSyEkPB9VCBMhJDGSeeE2asp6c4lfjYn9FA4xyGSXGua8ZaQR6ruVC9rEuEDC6koVgC5pycDZNO6OQOUItdk7KEAOJb9kQTMds05Ponta12dQygVFLvqp2nWO6hRJDs8jC7kDkqubUuheG1hLG/1dlIEgkAc05ae6hYVn1BSCAWjB3UUcJ+sqAtZOTUkdR9bRn+rv+qBFNVUfklBkjBwHDc/mprUgPXdQpvjASKpimaDG7UT2RmqqfSvY8y0j9Dzvjsjx3GSItjrY8OPDmjYqAOJPxhcc0ELrXNe3Uwgg9wllQgAxlpy1c8Rw2IUjAS0t9FCkyPJRwVbcTsBA7HdVjqKstz3SW6XMY/4DjnP2V41uNkxzBnPdQsraG+Qyu8CrBgnHLXbK0a8KFW2umuA/nNAeOHAb/qqwuvVjJMv++Uw2DuXNChZohynOaHj0UC33OjuLNVNKCcbt7hTgRuMq+in0AmppsZhc3Poe6j6pgcHUx4/RWDTvnKTnB+xbwjjNxEuPIGnuc0R0zDI7lUvVPw76A+IEWm6UMRqR9MrAGSNP3V0adsn2CjyUY1amHQ8cOan1amUHkXOvd0eOXPoL4sfC+L/AOtOT/aaysyflZnYqY2j33z3XOmPi/03ep/4TeHOsl3b5XUVY7Q/PtkL2dtyrqXSaiN1QG/iYcux9lSdTdGfDv4mUrqW+W2B0xHJxHO09jnldfTa7/nZksqxwYjrD4b9K9a0j6e+WxlRrG7jjV+R5Xzf8QP7J1bbBLX9A1p05LjTyjfHple71Xwe+LPw4Dpfhp1W+92yI5jtF1PlLfRsmeee7dz37Atnxwtgq22P4j9N1/StxzoJq2fyCfaT8wvR6Ly86OYSMN2ljYuT4srh1L01Obd1XaZGeH5fELNiuxC3VY8WlmAz+HOF973zoLpPrSgL3U9DXxzN8ry0Paf05Xzz8Rf7LE9JLJX9PFzByIhnR+XovW6DzsZvZfwcq3SSi/sPGYKqso9g8yR+h7KyguME+GvOl3uqu52Dqfped1NcaSQxtOPMCf3QPmGOw57CCew2Xo4Wws/BmGUraXzwaYFw8zHH8lbWvqi420hplMkY/C48LHU9Y6HDmTvI/pecgKwirmyNBLdyiwmaKdZOElJM9OtfWNBW4ZKfDf7q5e2kqma2Fpz3C8fB4c3Y9iFZ0N9r6QtAmLmjsSlSjk7NHks8WHovybgSI38bgFRJ6dkuWTw/nhV1r6ugnAZUeV3qr6KohqWaonB2UJ0o2wuWYlK61taT4cpH5pgut6t5LPFL4hwRuQrp0TSeMIU1LG7kbqNZI00NourWP0sqQA7uVcfM2S7RhjjGZCM+iy9TZ4pMuYAxx9FANPVUbstztwQq2v0RSb/I2T+nIX5dRSljucZyCobqWvp3mOaLXjuO6oqS819NJrZO/I5BKvYOrGuYDPGHOHopulB8hKVTGMdS1LjE92l42IcMKPVWuQDVEchXkFTZroA5zY2yY3zsmTWyeI+JSS62/wBOcpnypdgzrjPozjqepjbkjP2QHlztnLQFzwdE0f5YQn0kMh1NAz6IlbnozT0kZLgzstRLANTTwo5v2CI54jj1V5UW1r8loH2VfLbWk4dCE75Wzn6jQ3LmBC8azVz9FRAw57kBV9T0R0vXO1Nja12+QBypdVZ9y+MaT7KA+nqYzjzfqn16iafDOHq9FOxbLq01/goq/wCEtO+R0lJW4ackNxwsxWfDfqSja+WODx4wfwcr0SOsrKR+sOePXJyFOg6le8aHENx27LXDU2P2eZ1n09ob5ZScWeIVlFcbc7FZSyR45JahMlwMkL30yW25YklpYtXBdgKpuPRHS1wjIjp9Mh3OjYLTG/8AZw9V9Jy708kzxoVGp2AQVJbK5wABWyuHwn1OzaavDjvpeVTV/Qd/t0Piui8QDnTyj+XPB5/WeC1mmf3Rz/gqxM9p3RG1Tm40qE+OuhfpliIA5yE3xskDH5IliRyLdPOt4ksFrFU5O+N0Xxx7KnbKThE1lE4CdhZhwPcJZHqFA8c+iQqDnhUsgfGWWseuUzxHE59FF+Y042T/AB2n8KYRQJInc30RmV8gwC7ZVhnHp+6Xjj/5SoXsL2GppJRpkO/3RTFT4AheP1VB4gbhFZVFpBUAdaLov0Y8xP5pr9MuA5gP5ZUCOvaSNRUv5mB7AGndDsTAScOgQtUDJPGp5HQSejTsfyUuK8Xe3u/3praiEcYG+EINc/gqRE5waGvGUiem3Pg6mh8jqNNLMWS6Tqy2TkNlf4RO2Hdld01Y2QB8Ewc13oVlKq10Fa0kxhj/AFAwoIorpb/PRVReB+AlJs03B7Px/wBSNSSsXR6XBXyx4BcVZU9xP43bFeUUfWc1LIIq6FzSPXhae1dU0VYA0Sfllc+zS5fB7fx/1NRa1tmegQ19MeX7qWydhbsRuslFUNdu3fKmw1jhjOVjsoZ7TR+TjZHLeTRBxzkOUhkmwyQqKK4hpwQSpcVcx+MghKdbidaq+FnOS2DhnKfqaRvj9VAbUxEd0mztJxuktYNCkn0TQN0sOacgoEcw90dsrSqLyOMrhgEZTmvDgMphwe6a8O/Cd1RMhSB6pafdAAkz5n5C6JXZxpRxjnkvAUbLoeRthDbJvwjDSWq5JopxTI1RR08+5YGu9RyobqOup/PTT6sfhd3VnpS0+6gqVSZAbdKuAA1lN5fVgU2G5UlUBokDT6EpPjDhg7hRJLZA85A0/ZFuwZJ0v0WJAIzq2S0h5AyqKSS4UT9MeqRg7EotPf4mP01sbowe43wmpsTKtxLtsJaM/wCqE+mhkOZGNcfcJ8NZTzMD4pmOB4wUYb74Vp4M9lSksHn/AFb8Ielupw+UUTKapfv40Q0uz65Xll7+F/xA6T1Ps+u70I+mNw3I7+q+j5CWnHOUKRpdg4WqvVzh0eb8h9L6HXZc44b/AEfINW22VUroL1QutdW04IHm3/ZSKCe/2I+NYLu+aHnQx2HEe7V9JdR9D9O9SQuZcrdG57h/eNADgvKb78DKugkdP03WEEnLGE/6rq0ayM19x878p9F36R//AC73RM7RdVWu4u8PqS2GlmO3ixDDT7kdlLqLA5zPmrRVsqIjuA124WavVBeLTJ8pfra8aTp8QN5/NR6C51NueJLbWObg7sLv9FvrvU+jxGr0ktPLZKLT/uX7pJ4DoqoXNPfIQ3wUr8va0ZPpsjUvV8dYBBeqVju2oDBUw26lqm+PbagEHfTncJytzwYdklxJEmw9b9QdOvbEyrdU0zeIZTnSPYr0qxfEa03kMinf8vMdiHbDK8emppYiWzQkY7gIIjIOWuATNzM12nrt6SR9KxSNkaJGODmncEI7X5bpK8FsnWl+s5DG1DZoRwxxJwvSLB8QLbcWtjqXGGTuCcBM7ORqNJOrOEbYEpwfnsoUFXHKMxHUDwUbxiOyI5rQfJXQTlCByMrqhW0ODtyuoAJzyigjCsjiPIyRug1NDTVDcvjAd6jYp5mwQMcookz2UKyQo4JqT+4lcQOA4qXDXE+WZhB9U8sBQ/lw/koySlkmtla7ghPUERyxHyjV+aLHM7hwUADJJZ2ykoQWAlxwkkoQ6yd4cMFSY5w/AOMlRNPumjW05aVCFkWgjhRp4gRnCUNW4AB+6OHMeFCFXLSsdklvHuoZa6M8K8fCCNmqJLTkfhVPotdldLFFURmKoia9h5a4Agryzrj4SNrHyV1hcwa8uMDhjB9j/ovWZoXNI2Qi3GM9lmlHI+nVzpmpRPkC7W6qt1S6lq4nRyRkggjChZLCCvqHq/4eWjqhrpnRNjqMY1Acr576u6SunTE/g1sRwXENeBgOA7hZrKsHtfGeVquSTeGV1HWFpIdjBGEK5UkVTEZGjDh6KICW7o0dT2cuXfp+cnstFrlP7JlINTHFh7dk3XocMDlWNbRHeaLcdwq57A7bKxuvB0lLPRKhkDhxuneJ7Kvhm8GcB3GcKw1B24CXtHRs/Y3A7JicmZwkzjkPPOQ8E5Y4BX9vq9QAOFmhsplFVaDuk4ZtovcGbGmn4BKO5rZm4JVFR1RJAVrDPkDKh2q7lYisroSJDhuyguYMbrQ1TGvYRp3PdUksPhuIChj1MMckUsIRoTg4XXAYOB2QGEhwVdGSE9rJ7SQ4EFT6WoIx3VfE4OanNcY3Kzo1W4L+KfUBuik5VRTVG4VpA5uAecqG+u3ePbqGMqRD9X2QnYxsV2ndh+5UG7sMntGoJSsAGyJBghOcwluMKGqK3IryzL8AYRhDgfThN4qWbbZVm+MYzhQiryVZjLeBwnwVroHbjZSHwn+lQqiI5BAS3zwynHHKNLbq1krA4OyT2Vm3DgDnlYmhqjTSg745Wmo69k+kZ7JMonW0moco7WWLXA8j90nRtKYWf4l0OIzndDtZuUkCdGD2yq+poX7vZgj0VmZNRxjhMm2wEvaX2UrMtIBGFLgeRjGxXKmndjWxvHIQI3lpGQlzgFGexlw2XxA3IGccq/sN0nppGRyS6gdt1lIpuOVNp6ohwyNlhtrN+nu2y3HqEFc1+wIUkTB4wsfZ7kWtDX5PotBBVAgHsss44PQQshOKkgtVGDuG59Vi71aJYpHVlKScOyWjlbcyNkbgqsroxjZuc8rJOPPBU3jlEHprqQjTBM7DhtutfXRtrKUTx41N32Xl9wpH0VR8xESA52duy1XTPUzX5pahp4A3UX2kha32XDdFTT+FKM4VVFK6nkMZyQCcequ6qlAPjQ8OGRjhVtVD4zMtA1t7+qo0J5JVNUF2BjZDu9u+ZjE8AxMzcEHlV9LV6JPClON8Aq6p6hpwCFCIh2a4STA01R/eRjvyrEtwFR3iCSkqfm6fIJ82ytLdWCsp2yEjVjdBgZCeSfQzhkmhx2KkzMA/mM7HKry3S4EFToJmPZgnfjdAaoyH0tRmUMJwphLuxVRJqiqfEA2VhBUiVupQbkj3qLXC2Vo87N8p1LUfMUoPfYFSKgtcMEZCq6OUU8klM7YZLm/ZWiSaZIqWB7DkdsLFX6kAY4tbkEkLbuweTyqK7U7HCUY8p3TVwjn6qO6OEeZDFJMct4O601grzDM06vK5UV8g8CYHTjKVrqi13h6vp3CcstnLhP4pqJ7BSzienBG6NG7AOd8rPdO3ASxiNzuRhXTHGOXBPlKKS44OxCeUH1b4wsp1NSmnnbVsbsditUSOVVX+nM1Fgb4Ki7Jak+iLbphPTtc08DddqGkAYVVY6kwymJx8pOFdzNDwnxlgyyjlYPHviRamUtxhrY8NM2QffHKxE+GEkbZXrPxDt7qyjc8RZ8NuppHYrySdrnDGOF6zxep+1Hxv6o8fKu6SfsJQyOjmD1p6OcyAH1WQhk0PGQtFaqgOAZjdey0898EfGPI6d1WF41x7rJ9RQSU9U2dn9WQVpo5i44IVP1SzMbTjsn9GBPHJb2uq8ejDjuQAnucZY3R+pyqjpucmARf1BWwIYTlR8o36aW5ZLKPEtC3XgkDCx97aIatugYyVqqJ2acAjuVS9S0rGtbIBgk7FZpHTrz2T6CR0lM3PIGE8nBx7qD07UukAZIc42U6pYWvICy2rLO5prPswyRTPHchcn4UWFx9d0V5BCSdGE8DqYkHCsGgFo+yq6V2Zgw91ZtGBj0QG6qZBqGlsm57psoJaN0aow5uTuQoz8acZQyWTSrGJh0u5wpDt2hQM+cb4U4eZmyRZn0NhIHvk5KgV4GhwCnOZk8qFWNyCEPQ9vjJXxHDhupBIc0hx2UQbORWvA7q0ZpvLPJ+qKU014mB31OLgfZVDW6e60/Xkei5tPqFmRsmI+deRr+PUS/uMR2nOUBFbwU1SwYv7nJigtO6fJsVyPugcssmQgOQCSijlBRhyjbyiPoIOEVvlKEOEU8hPgJfY8cJT8hIHsuz9k0odB9QVlA44x6KuhADhsp0SIdVMlvGWcqjq3anP3Vpqw05KpZyS9+/dXJ8DLnwAYPMpkP4fzUNn1BS4OyQkZpvCJI4Qqh2G7FEyA3dRJXgnlSx4FRy2BfvlB7n7ox4QTtk+6xzeRrBlmcbrY9M2uKaeKIM55KytC0Tzta4eUHdel9G0bC/xWtyRlcrXWbIHqPB6NTsVkjYta2mpmxM2wAlRQmecOI2aclNlJcAptvia2LX3K4Vk8I+iaeO5p/otYwPRS2HDQSolMCSFLd5QMLOnlnYilgTpRpOfRUFfOJZjg7DZWddIYotY9FQOJc4uzzut9HJl1L+3aEbEXuAAytTRRlkLcjsFRWyAyVH05AWhOGtxhdamLaweZ1lqqfJGutUylonvJ3I2ULo+1PmkdcJWai52GghQrm512uUNsgJOCC/B/ZejWWgjo4oKYRjOF6nQ0/HWmfFvrHy0rbfiiy9tcDYYANODhWEfKBDhjNIHCkR8ronzycnIkRkNGdKiXm5xW6lOp2HyAhqlvlbFAZDgaVmI45OqL8fJmkphgntkIWFjJddI2t3/AGyVuXynVn2WzDByBgqPR08VNExkTAABspSQ2Km8iVfd6/wG+Ax+HOG+PRSqmpjpYjLIeOB6rMPqHXCsJP4jsqyATLbQy11Q1rG5H1OcVtaaHwo2tIAwOyh2ShbTQDUBkqyVTBk8CXVxJXGOQAdRUR08RkeeFFtFJJUTuuNUMA/Q0+iDh93uHyoJEMW7/dTbvdKCx299TUyaI4goy1kidYdX0PSlC6ec6pXgiNgO+rtssT0L0nU3a5t646jZ4lTIS6CN+4ZnvhQrLbaj4h9S/wAYuZc6305/kMPDvf3Xq8cMcQbHG0BjRgAbYCrA5vaseyTGGtbsMLIXyunvVzZYqL6A4GZ2fw91ZX68Npac01M7VUy+RjRyCeCp3S9kjttIJnxaqiXeSR31E9/yUbwA3ksrdb4bbRR0kIB0jchTmHKYDjhPBxlUpZEtseCN8rO3O4Pq5vlaffB3x2Uq93H5Wn8jtL3bNKr6CNsEPiPGZpBlxVrgIsKfEcbWfqs/1b1Oy2UroKTDqmYFkO/4lJvV3bbaF0pcB6LyDqTq6ns4qr9dZW68H5dr92sHrhWuezRp6Z3TUYI71N1hQ/Diyy364SiW8z8sJy8g+h7Af6r5dvN2vPX97kul1ndK9xyTnYD2RepOor18Q74+onme6PJwCdgEUGCijZSUjMyjb/mKZFc8Hs9HpI6Rbn+QzEdO0U8LAZOA31XqnQnRv8NiF1u0bXVEgBjY4fSFzoToE2yJt9vLM1TwDG3GC0e/7L0CioWT1DZJwcMOyajDrtb8jdcGOtdnbI4VVS3DG7tae6uJK2CJuJCGNA2+yr7reKO3B7nyARxDLiTheB/Ev4xVNY6azWSQsiP1uD849O33S7rVFYMOn0NutniC/wAmi+KvxtitfiWfp0O8fdr5ydm9jgeq8Ara6puFQ+qq5TJJISSSeSVHmeZTqcN0oxgLm3WtvLPcaLQVaOKjBcjCzjZHZCMcJNA2JC66TbACySnlnSfPLHMa0ZKa+bUMYQxIfT90gMos7isYGuaXHJd+y6GYTxESfpx+aK2MDARbMi5S29A2R6hujsYiMjGF3TpTNmCt7OAY7p7gMYQ9fOyY+Qu2Gyp8FCd3Qg92rCJ2QDyfuoQk7Yyo7vqKQLicAldw70QSWSA/MiNac8YyngDPCIG7cIFDJeAej2RWsCTnMYPOUGSup4x9Wc+6HMY9sPY2PLPRIkDcnCr5rlviFQ5qyd+2vZSV8I9Bxqcuy7NTTjmTdAlr4AfqVJrdq1EpxIOAQky1DfQx0JFlJc+0RUeSun+kuzlQwMJ5ye6F2Tl2w4wUeiQ6olcNzyo5cSTkpuT6pKKT9jNiQs7JJJKm8hJHQMruAuNTkt9kY7ASwEJJGTaJJJJEULOF3JSxwuIAhE55SyeUklCYHtec7Z/VSPHmaAWvxhRF3J9SryB8aJzLjUAgEqQ28SNAEh/dVYb6Lr24IKJSyKlVCXouo7xE4bglSY7lBIcb5Wfa4YPsENszsnGyLeJlpovo1zJ2uwRuCigtODhZOOqnjAIecKZHeJgcPGw90SlkVLTSX4mjaI8EIckQ/VQIbpDpGonKmxVTZRlgCvIp1TXY35fYn0Q9HspCeWAKxakyLjC4iuaOy5pUL3gUk/BXFCxYCanJqgWTgGF1PwUsFQDecBIOQFLpK8wHTNl7D+oUTD0sPRrgksS7LlkMFWDJDKATyCo8kb4XFjxghRYnlhyDhWtHcaWsYIa1uC0YDsI9+eBE1jog4zwiNU2qtvht8ancHsPp2UYROZyh25AU8nDunphJHIRByrAOgYTSwBFBHCRGUS/YWf2XXSvVFTYakNc8ugcfM0r1q1XKlu8DZ6d4wRkjK8KLdlbdO9U1diqQW6nRZ3bla6rccHK1ujVj31o9rLceyQZk4yg2a5Ut6omVdNIHZA1DuCpmMLWmpI4dtTreGLwx6JwGO66kOVBI4bLo3XRwuqEFo9lzT7oiShAen3XNPuipKEA6fZMwPRSMBDIOeFCANBTNPupKa5vuiTLTyRdPulp90bT7rhGO6mA8gyBhCMYzwjlpC5p9lMEyR/D90vD90fQVzT7quScEfQR2RGZAAKdgLjhuMKZLxgKGggqNM054R2cbpzmj0VlELGExzduVJdGO2yFKw7Y3UyTGCMQcpkrMtOQj4C44DCmA0VcrDlQ5WY5VtLEDkgdlXyxn0VM0QlgguGChSDbYKS9pB4Qn8Kh8WRSMIZ4Uh/KEgGIAWnPCZgqVgJmAhksjcYAYK5gKQQMIJByoMBYCWAupKAAHxjt3Ws+H98dSVpt1TKfBmHkyfpcsyRlNiJjdqYcOG4PurTwxd0VKLPdXR8Ebrvh+6quk7w272iJ7nZliaGP9yO6uTwtC6OHOLg8MAkuv+orisEKeE1OPCaqQEhJH6SkkrIngh1sLZYHtcOAsXcaZ0Uh2wt5IwEYPCzd8pA3JDc57qGqq3BmCAd0tDfRdLXA7LjgRjKF8G+M8jdPsu6fZLJSSdxY5JcByuqBjUkkkZJRyJJJOUFuWBq6DjsuFJQrs+lrVdprc4awXN4/JayKWkucAlY1u/OFkamhcAcBR7bdai0zkDLmZwWr8kqeT+hUomiudtGC1zctPBWSq6KotVT81S5bg+Zo4IW/paumudMJIyCHDcdwodxtLHxHAyP3CJgZKm23WKuhAyA8bEKU5meFma+3z0Mpkhc5u+dlb2W7x1TRBUkCQbZPdWRrJJlpw4bhVVXRAnOMZWjkhbjYKHUQA/hRJAmQqqbw84aoDgc8YWpq6PV+HsqepoXMGQ1WGVBGDgruzuU+SJwchkEcqmskNZ0f11UWQikr3mSlzpaTy1et01TS3CljqqaUPY8ZyDwvnaTDtlfdKdaV3Tkoifqmps7sJ3A9lnsgU1g9nlh/w/uoFRT57KXZ7zQX6jZVUEgcHDduclp9CjyQatsYOVllH9imjN1dMf6cYTKKuqaCTVFIW77jOyuqmkGOFU1FG7IwAlE/sbK2XiCqiYXPGrG6tBJqbgcLzJjp6dwfG4sI9CtdYL6ypa2CoOJBsMnlQXZDPJdzU/ibgKP5ozurBha5qBLDq4QtZM+MPAON+SBxlNrbdT1TA6RoDyPqHKa5pY4YRmy7DKoFogWu5S22pNDXkljto39lp45GuGphBBVDW0UVbEWlu/Y+hUSir6qzzClqyXRk4a4+igmUcmtTkGGRsjA9p2cMhGzlQXjHY1JJJQUJJJJQgs4Tk1OUIPSSSUIJJJJQESSSShBJJJKAtZEkkkoFGOTmn3Wf6is9Zc4iKWobG7tlaFMc1QZGSiYWhul66fIpbg10rGn6wDjC1FtvtFcv7l+PupFdRw1URjlaD6FZqr6dmpnmaheWHnyqDouMuzYawnLIW6/z0jvBu7XgcNeAtFT10NQAYXage6gLgvRNXCBjKQORkrqgoGWnPC5k+qOQMIBG6vGChskbJWlkjA4HsQqmehrqFxltx8SPkwk5P5BXC6ADnKohW0V5pag+C4mOUcxv2cPyU8HVyMKLcLLQ1w1PjLZe0jdnD81UkXuxnMsnzlMOD/wAQD/VQvs0rSE5VlBdaSujD6aUOP4mnkH3CnidpGcKCmshEySISDcZAT8hdG+VCiGBU02RTnLOdPdSKasbJ5Hgtd7ojGg5UaanEnb81Cf2LFrg5dyFUtqpqUefzN4CmQVAfjfYqFNYJaS4NwkeFATq4dxg7hM/EngjGFCFTcbCyY+Nb5PlZx+JmwP3Q4LlXURbBdoHAN2MzBkFXY5T3simjMcsYc08ghQhFhrIZxqhfqae6kNORlU89nkpZDNbHlrRv4JPlKdSXljXiCvYYHH6dXdQEt04tBCaCCMjdOyrINa0NOe4Uee30VWHeNSsLnbagACpIOTuE9pYQABgo1PIqeGUjrZfqMarNdnSBvEFSctI9AeyqL7dLLW0ppfiR0G6WBvlMvgioh/UAH9lsXNTfG0nzDZaar5VPgXsg+JI8Zp/gt0tNUNvXwe6+qLBM7LzDrE1Ofux3mBI75SrutviP0HI2l+KPRYuFtb9d1s0fitDO73R/UPtjsV6HcegulrpUGst7prTXnf5ijf4biffbCgfM/EjpQGGuoI+p7YNi9nlnA/5cEO7910qPISf5CbNNGX4cGYFq+E3xWoDNa62krRIPpBDZGexadx9l4t8Rv7LdZSF9f0rKHN3d4ZHP/Re0XLoD4TfEKsN26frJOl+oGHOaUfLzNd/jjzvwP3QP4x8U/h3qg6upv9obIMAXGmGHxD1eO/f9F6bReWlCWaJdemznanSxePkXH7PiG92O8dOTupbvbZYS041EbH81DhkB+l+M+q+85qP4dfFigeyOKnqZNPnbpDXj7rw/4hf2XKqm11nSNU5zBkilm3H5Fev0XnqrJbLlhnG1Hjpr7qujwenrZITpe7U337KY2shlADH7nsoN6sd/6XqzSX+2S0hyQ0v3a77HChRPgqz/ALvUhkg98YXehbCz8WYnKVTxNF+2d7DlwI91aW+/1dE4Fsp0+hKyQuFzonYqYxPEO4G6lU1fS3DIil8Nw5a7srXJqq1c6+Ynp1t6rpqkBlRhp9QrqOaKduqJ4cD6Lxt7KqLdriW9iCrG29TV1vcA6RzmjsVbR1dP5NPiZ6o5vuhOjDhh24VFa+sKWrDWTOAPur6KqpZwDHK059DlUdKvUVy6ZDqLeyTdjQCqya31UWcNytMxjT5gP3RWxgDcIMGh1RlyY3RVsOzSCPfCm0l+uFE4OEpOBjBKvJ7bDNvjSfUKqnsU+s6CMeoROKYpxlH8WWlJ1dQ1DmsrYWxvPJxsrBxttaM0VSzWd8ZWFqKOeF+JIjgd8LkfjU7g+J7mH2QpKIHyS/qNu+jqGjUMP+yjyRtds9uD9lS0nUtxpAAXh4Hqreh6qtVa4RzNayXvkIvk/QyF0J8NgJaUHOACoj6BpcctWjMFLUjVTyNyewKGbaechEpBzpU0Zma2RPYQWBU1ZYQCXRDB9luX0rcY0qHLSasjSrVkvRgu8ZVb+SMJLQVlMMNJIHogiatpyHgOP5rdOosNOpgKqamjByCzb7LTC9+zm2+IUf8AbKWHqPw8CaI6grOG7UlWwAP3PLSVFqbJFM3LW4PKqZbPUMcWtcQFohqo/wBRy79DdDtZNBLa7JWMPj0zST6BUdy+HtjrIyKdroHk5Dm7qE990pBo1uLRx3Uun6iq4WhrwSQtEdTF9GCfjtPd/vVL/sZuv+G1fRxGWmk8THYqhrun7rQxiWWmcR7BeqQ9WwNDWVWMO7EKwhutjuA+XkYzB9cJv8k4Wq+ktJdJyre08HkkdGQHRkE+oXDNjG3K91qOm+m7gAwwRbcYABWbufwlp5ZTLRVOlp4BRx1KZwdV9HaiDzTJM8wMmcdl0zeUNWwrvhTfm7UpY8c91l63pW/0GfFoXktODsmfLE4eo8BrdO/uhn/BG1E76kvEd3Ci6atu5iIxyuCqcNnkbJqkpdHOnpbK+JIneKUvEKiNlyeUVrwUQiUdocTOCNHVujGGqKCD3XdXsjj/AHBcUWEdxniO7shTYLrG8gSOVL4jXHB2T2wuP92BlXgKtbTUR1EbxlrgcoocD2wspi4QkFu4U6O8yRYNZG7fYuCXOKZrqlgtqmlgm8z4WOI9QqaospY4y0UpieewOytoq+lmaHMlbv7roIOCP1WadaNlcv1wU9BeupLTJpIMrR6laq2deU1RpiqQYZeDq4VeWteNJaoc9lpagHbS71WaVCZ6HQeVv0mFGTaPQqG5R1OktkDs+hVvDMQF49GLvZ36qaYyRjtlXlv63qG6Yq2F7W/1DdY7dOe48f8AVMXiuTwemw1WXY2/VS46gDnCyFsv1HUgOEwz66leRVEcgBDljsoaPX6bysZ/1F4yVoGQQnsmI2VZG/hSGSjG6zyjjo69erU0WInTxIDtkKBk+qcHb8oeRyuTJ+Qe6WGqKHHHJTmP33KmRimmSV0EpokAG6XihWGOEvbCfqGM5CHym6T6FDwU2g3iAnGF3IUbOnuneK0bOOETQCayGLAQQRnKjSWqml3LUZsrTx3RDII+e6Z0DKCkUFTaaimk8SjeW49OESK93WgcGVcfis9grjIchzxteNwP0VmedOejtNd6KuxpkDH/ANLjhTPIRsQfzWeqLFTVT/FbmN47tOFHkqb/AGcZYyGpgb2wS/CtGedcoPk0r4xt3QzG0jcKFb+oqSsAjm/lS92u239FYggpiZlsq3eimvHT1uuceieEOJ2yV5z1D8FKCq1VVtd4c2+ADhevPaCgOjzgA4To3Tg+Dl63wul1scWwTPmK+dB9RWZ5Bo3TNby4bKjpa6ppH5jkcxzTgt9F9ZSUo2OAsh1D8M7LeI3GKmbG7tgbhdGjWY/I8L5X6F3LdpZf9H/7njtv6tjJ8K4wamn8Y3IVoaS3XFnjUUzcntldv3wlvlvL5KGM1DBvtsVjZobraZ9L2SQPYe+QujHVwkj57r/BarQt74Nf39f9zST2+opydTDj1UcPlYeSEC3dZVbC2K4sbMzjjdaMMtV6iDqKdscvOlxwtcLEcadco8TH2TrW7WlwaZ3Sxj8LznC9FsXxAoLgGsqHBj/deS1Vqq6UnVGS31G4KDBM+ndkZGO4T00zBboqrOj6NpqyGpbqhcHA+ikNdq7Lw+zdX11C9oEziPuvRLN1jT1jWtlcA490WDmW6SVUsYNaut9ygsqI5ACx2cpx39lRkks8DxzklFacDlRsb5yiZKroQ45JWpvqE/PoVDB35RA7bBKYD0StYGwS0lwy3YqMDg55UgPBAChQ3M7Tt5giNkOwI5XQcIU7M7hQhJbgj6gu4HqoUcpadLtkVkoPB4UIHSxlN1+yWv2UIccCOERkzmEd03UukZUIS45Q8DOAuva142UE5aRhGimLQBjKhDksIxkNVfLF5jthWpk1Y2QnwtO+lLwgis06eVAu9jtt7pzTXGESMI3GBuraopnAZAUYuMZ3aqcUy03F5R88/EL4QXazyurrMzx6V5LmtA3aPReY+ZpGV9qPMVREYJmBzHdivJPiR8Ioq8vu1iZh5y6WIN/cLNZSmeq8d5twxXYeGMkJbgnP5qsqqZ8Ty5oy12/2VnW0FVbKp9NVRuY5p7jGVHe4P2O2Fz7dP+j2Gk1k4tTT4KmVhePp3ClU0upmD9Q2Ke4Nb+HKil3guLmjYnhYLKsHaq1UJk5De07YRKaRr4wScEp80ZIBWWXHBsjPJGTmPLDkIRyH4TgRhJcQ1bgtKGrOcFXdNVZwDhZRkhYdgrWin4ygOpptTxg0bZARvuotXC1x1NGMpkM2ABupIaJm4yobZSVkcMq34AP2UN7t8jsp9ZCRIQFD0+6hhsTQ+CoOdJ/VSyNQBB5VW/LXDCmU1RtpIUGVWYeGSYnFjskqzgqM4VW7J8wRIKgtOCNgob4WbeC+ZJqGeU9mdQwoVLUcNIU3UMDHdLN0Hu5LGkdkDJUzSCqukdvjKtG+Zox3Vm2tkXQPmW/dWLm+6r9P+8N+6sCMY3UNURgZ6qPPDqGwU1MezPdQGUU+CmmhLXAgYUiiqnQShxcMBHmgBGwVdLC5pzjdAKcpVPMTV09xhmA0Hn1UnxA9qx1JWeA4DgK+pa6OVo0HJ77peEb6NVCcctk87b5SD8njhDJLwCF0dwl4Ncbgh0uGNlAqoPDcHNCkODs5BTiNTcFLlHI1yyiHE8tOnCmRvGQQRuo74RvgYQ486gMrPKG4ZVbtZoKCcjBDsY91f2+vII8R2VkKafRjKt6KqHplY7Yfo7Gl1Ho18dTrAIKUj/EZuFVUtSThWUcwLQccrHOKR1lPcuSsuNGZQWtbnKzQdNRVBLctLHLcSBrmu2zhZ+60QnGGjDgc59Qk4yLk8dGm6ZvBrYBTzPDttvZTKqAxSZGwJXnVvrp7bNkEjS5ehUNY250IkJBfgKxkLfRUV1P4U4lG4d+xUyiqnagCE+VodG6N43GygjVG/VjhQdkvKqJtVSkY3AyFRUUr7XXCN/0S7fmre21XiMAd3US9UZc0uYN2+YJYxSWS4id4gJwuxkxvyqSzXCR38p7txsrnxAd0A+M8kqRwljdgbptBOWu8F2x7JkFQAdJGQmVGIZBUjOPZQepcFo86sqqrgWHxNOSCp9PUeKzgYIQquHU3YKFy5QFspe0ZO6j1kRkYWjckJRHw36UV2HDJTBEuTD9Q28TQuIbhzFkaWR7Kgb43Xp92pQ4F2nZw3Xmd5pn0dcXNGGk5CbF4OJrIup/IjZdO1LzKAHcLaTSHQx4O+BuvMbFXlkjJA7GdivQbfUCpg0k5IGycnk1aS52Ryy7a8TwNeMZAwUCdgliMZGcoFPN4YMZ9VIEjSOVTNz+4x72CjuJa4YaTkK616o9Q9FB6joyCKiPsU+gkc+lbq3RoU1jkgX6mdV0E0UeznNK8QrKZ9NUSwSjDmOIXvdcMZXj/AFfTGC4vlx9ZK7GgscZYPC/VWl3wVpkpQA/0VpY5CZw3Kq6ofzN9kWgnNPO12diV7vQXZSifBvqDT7HuRsGkDZRrxGyWieXDOkbJwJIByiOaJY3RvGQQuueQ+RGf6ZqmxVLonnk7LTTg52WPoYxTXcsHGrZbGT6QfUIX0b9LNdE2iGacAHOEG8UzZ6R2obgbItpOqJw5wVIqY9bdPOQQsszt08oyFgmdHO6Fw3aVoqoADJGVkad8sV7fBjSdX7LWlxdEwnc8JElk30SwRozh+CUVzs91G/47wERuTndZmdGFi6HwHFQN1aa9SpslsrXKxa7Lc+qhvpnl4OSnMblEZISccqS92tpbhQoyGvLHbHdLZpcsDJD5xvjJU6J3kG/Krpzh4wEanmAGMpT5YyqzEsEokZ5UapxpBT5TwWoMm7VnseDW5ZRWzjS7ZNLiBynVP1KIcuJ34UXZnk8MzXXcELqds5aNY7hYULf9WRGagJ9FgicJ6PFebjjUAk9MT0ZyBJpIJ5XTwfsgDOpCngpEjb1TmcpjeE9nKNsmCSzsincBCZ2RjwFogJfY1qeRlNRBgd09LJR2D6grCLgqBCMOCmNI0qxsMI493kLfVVEu0jh7qxnOCcFV0h85+6CwkpZFEPMFJjG2fVBjA/RSIwNH3SxM3g5K7A5UEucSd0ed2TjKjpVnAUUuxIZ8wRE2JpfKGDusdk8LI6uLskorstbVRtMbSxvmJXrHTVFFTW8P04cV57YKbVURxkDYhepwxCGnDW7DHH5Lh623d9p9E8RpVXUpCa3xJQ0DYlW8EekBuMYVdRRnUJMc7K4hbpAIC41sj2GkpxDIeHDNyEdzkKNwHbdCrphFFryqq+5mpvaslTcah75SzXsOyiM2O6bLl8hfknKfTxh8ojzyuzpa8nJ1NucyL+0QFjDKRjOwyi3KpFNTulyNge6OwCKFrAMYbgBZu6zfxCtjtYcdJd5seq7+hpzI8L9QeRjp6pTZa9DWp00r7lO0lz3Eg+gXptBBk+M4bjZv2VJYreyho4oWtwcDK0dO3Q3jb0Xoox2RwfAddqJamxzn2Hj7qXCwkZxlRYgSUS4XBttoXSZG44RyeDEU/UtxMrmW2md/NkONjxlabpWym10bYzgZOonuSst0ha5blcn3WpBLdRLcr0RgAGANglzljgGc8EkYIGBhIuDdycJrTgZJVXd7k2nbqaNXblB2K7K69XIzz+BHwDgBW/TlojDPmpW5IO2VR2qkfX1okIJBOVvKWJtPEyJoxgKiB2DS3SOEYjPdcjII4TlbAFkDkqsu1a8EUdO7+Y/05wpFwqo6WPxJD9h6qLY6Px5JLpVN8pJDSfwhQtLJMpYo7NQmSZw1uBc9x7LzG8VtX1/fG2mma9tthd53Z/vCP9FY/EDquevrGdJWPLquoyHPactDD3Wk6Y6eg6etsdK3DpsZkf6lUE/sLK12yltNJHSUkYY2MAbBSKutjo4HyzuGkAnc8ruoNBJVC0SdTXqMRnFupcl7uz3Dt/ko+CbtxJ6UtE1dWvvtxiGgk+CHemdltjpcMhuAhwRsZG1rGhrGjDQOAEVLk2xbEgVjxHA6Q8N3KI6RoaSTsszf6+V9Qy20r86t5t/w+iOEW+SsZAmX+I1ZqpRmJgwwds+q5VVvgjGNkGpq4qWMMaMBowAF5z8ROvm2Skkp45Aap48oB49k5QH0VOyWCN8QevqCOR0TqjEce2Ady4L5m616nuvV93dSiV3gNOC1p2wrHq27V4a+vrpCXynyMB7qjs8L6aJ1Sdpp84zyMq5x6wer8dpY6ZfL7CRtjttM2kpI8SP2JA8xXp3w6+HkdHGOo+oWtLxh0Ubx9PundC9BxgMv18ja4hupjXDY+638FO68yjxMx0MZwBxrwjX2idb5Dc3XAVLDLdpC1g0UTNg31+yF1H1FRdPUjpHPGpM6m6utfS1tf52tDRhrQcFx9F8x9b/EK59TzyQuqHCPPDT2S7bNovQePnrZZ6Xtlp8RPiVX36sfSUFQ9kAODg8rz5x5cd3Hk+qXAz3SHqufba2e00+nhpobYAyCTkjZEbgb55SG+Sh7gndY5zbNMV7HpiSeBkoUshjWxk90WNmE9jERrccFaIx/YDnk61gxuF3T6JEgcrqYC+TmMd0gMLqShWBJnh+6euEgcqFjNPumafdEQ5pWxNyUuTS7Ik5dHdKc4NAydgq+W4aMiIqDJWzygtc7ZJnclwh0KW+y0lroY9s5KiSXOY7NOAq8gk5JXclZJ3SfQ5UqPLDvrZXfUc5UfJJJK6klNt9hpJHWgei5krrUh2RR4GCzwUjwEu+EnIJPnBQ8OBXcj1QMn1KWT6lEpED5HqlkeqBk+pSyfUq9xB+n3XQMLqSvJMiSSTXKiCwVxdyUnK08lpnF0cri6fRXKROh+pMO/C6AOycRhKU+SjiS4DldRkGLrVxJEEFAwkh6vZcVJYKwd1O9UmfUFxJEWEHCKGt5AUccp4IxuUYIfccJzKieF2tkhGE1JTIMoqS5LGmvvDZ2fmFaU9ZBMMteN/dZcsAOU9pLO/CkbMPBlnQn+JqzkjONksZVHSXuSLDJRrZ7q5pa6kmwWuA9iUxNMx2UygP8HIzhC0lTwGkHvlAMAO4CNxE7+cEZcAx3RzGQm6fdCHuG4CWAupKEOYCWAupIiCS4SwUsFQHGeGWFBdHU7fDkJLTsp4gbONcZBB3VApFJVzUzg6N59wjF2VrHBYSU0kfIQ9OFb088VfBg4DsYUaehlj3AyPUKGfLi+SCAeEYcLpZjsuKF5yNQ9I9FI0+6Zp901PDyE3lYLbprqes6eqQ+Il8RPmZnbC9mtN3o7xRMraR+rUPM3u0+i8DIV90l1PUdP1rTrJhecOb2wtVVpzdZo3bHfD0e2YPouJUNdSXOkZV0rw5rgCf8JRdK0J5POtYeBq6AcroGO6fgYAwiwUIcJJJIiCSRkkOSAVwgYR0lMkIpHouYKLgJYCmCEbQ70TMFTMBDLQRhXnAzGQGAlgIhhycppiwpkmAWAuYKcdk8xgqyiOuYBRjDlLwfdTBAKekuN2KhDjmHlAecg5HCmY1DhAkBYdhyqZa/REITEcgcoeCrLAPYCoU8WATp/dWZGVGmGncNyqYcZclNM0B2MKO9Sqxp8QuxyogQ9GuHQJDcjnlMUHJ5BLmn3RcY3TAcdkqSaCAoZAxlGTcFQJS3ACFxEITCDlQcNPCE5pz90bBS0+yhT45Lroq+OtV1bFI7+VP5CM9162DkAjuvBnAtcHNOHDhevdI3UXOzw635liAjf6nHdNrxLs5esr/rRbJJEYSTjmCSSSVEEkkkoQbNgYJKq7jH8xAcYJapN5m8CjMpOOyhU8gnp8g8hUNj+zLPjw8sI3CA4YOMKwq2GKq16dsqNVMx5mjZSXRug8ohJJEYOEklrkaOSSSVBjUkkkYbkkJOPC4B3XVDNKXI1OHCWAuavZQJvJ9ZS0Yl/Dws1c6F7JXODO/K2j2jHCr6qEOaRgZK/IyR/Q4y1uuVTaptTclvdq29vuFPcYBJE4Ekbt9Fka636NxuodDXT2ypEsLts+ZvYhEnyKshjo2F0tbZGFwZkH9lirnbp6OXxYcjSc7L0S219PdYMtwHAbhRK61Nk1eQEehRtAxljsz9ivjapgpqp2HjYEq7fTNcNsfdY67Wp9JM6aEFoz27K3sF+EobR1j8Pbs1x7qZLcck2ppN/pCq6ykbpxjC1E0LXNBwDtyq6ppwQPKjbB6MbV0Wl2zVWyRnccLX1dHq4aOFSVlE4bhoVhlJo3I4Q+O6lyRFrlHmbwUBCfYr9cunasVdumx/Uw/S4fZey9M9V2/qakbLE4R1AGJIyd8+oXhAGESguNbaqxlZRSljmHJGdnD0KXOCYEo5PomVgO2OQoctMAM4Wf6P6/or9poazEFSBsXHAf8Ab3WvfCMZWSdbQDRQVNLjdo7KtLJInhzSWnPYrTVEAPDVV1NLk7DCSWnngt7FfTtT1J37HK1ED2yt2xsvM3B0LtQ2wrWz3ySOYGSbAHqoKshnlGzmhGeFHeCBsE+jr4a4Ex8jndGdEXcFAZ3lEaOYg6X7ehTqmmirIjHIN+x7grj4u+nhcildwQoARKavrbS/5eYGSIHY+gWnhlbNG2VpBDgCFUOZDUNLXsB9FDimqrROB5nwOP3woLmtxp0kOnqYqiISRHIP7IygnA1JJJQWOSSSUIJJJJQg9JJJQgkkklCCSSSUIJJJJQgkxPTFCDU148pTklCFdWUMNU0xyxNcPcKk/hNfa3ma3TOLDvozwtS+LVhCJdHyMqD1IqqHqSNhENxDo3cZ7K+jka8amkEHjdU9bbqWqHniGfUBVjv4vaJDLDKJYB+DuoRI2IOUxzcbqmoOoqefDJxoefXZXDZg7cDlXnIOOeBhBSHKIQOUwfUqF9DwMhLS08hIcLqhRTXTpynqz49E75Wcb6ozpBPvhUzb9c7LL4F/oj4PDamIZZ+ZWyQZmFzQBwFZZHo6+mrImy0s7ZW98HhTmOyM4WUuPTMhk+cslSaKdu5YCfDefcJUfU9Vbnil6jh8DGwnH92fzVCzYA5XHMDlCorjTVsYkpZBIw8OByFJMmOytA7Rj4RIBkZxuoM1HMzMkEmgjtnYqza7I4T3NaeBhXJYIVlDe8O8CuidGRsHY2KtGzh27cEHgoE9HDUt0SMB91VfK11tkL4XGWH+nOUJC75SDXd1AobrBUv0HLHjlrlaA7cKFNjU/JTE9WCJR6mhpqtpbPEHZ79wjagSnK5RwQo30l1tB1UExqIe7HnLlY0d2pp8Mk1RS92v2U1roxjW7Ci1tsp60Z0gO7OCEhMBaRt2TWnG2eFStFztkhc9pnjG2RzhSqO5Q1T9LXFru7TyFYucclhkJ5Y3GQgA78orSMblGkAofsC+MNdlowmtqqyJ2WDWApLm6u6Ho2xlNUsIFpeysunT/TvUh1V9J8vVjiePyPaexyFXOt3WXTg00c7OoKHGND/LMG+mdw5Xz25K41rxu12CmwscHlEaT7PNbz0T0t1BUG72h9w6Zv0bsyVELfDyf8UfDv1239VTyda9XdHzGg67sklbQDAjudK3c+7mdv1Xrkzat2MMp5h/9FOMfZClFsqozSXKiNM5wOWS4c137YXQo8jKLxYsoVbTGWHDhnnb4ehfiFR6vlKK5Rlvma9gcQPYn/ovG+v/AOyLR1niXHoO5SU7m5d8lUeZmfZe7Xj4KWnxXXbpCpfa613mLoXYY4+4VA68de9GzCDqei+ep27Coibgkeq72h8lOEt1E8JemIu0lWohtsWT4p6j6Q+Ifw6qn03U1llMAOBKGkwfk/sqCOtsV0fmeB1NL2c08H7r9E6e/dNdV0bqWobA8SjD45WjP5gry3rf+yn8OOqHTVtlkls1W/zAQnLHH3C9Zo/qSG7bqI8v2jh3+I2c1NnySG9QW9viWqYVcPcE74Uii6io6h/hXCmNPMNjkbFa3rD+zb8VPh/quNuiZdaZvMtI45x7t391gn3xxk+Q6otAcI9tLmaXMPqD3XpKNVTqY7q5JnMlTZU/vReujpal2aGsb4g306kennvNueJ4ahxI5AOVQG2WSuPzVnuT6aYjZurf7FFbUdTWtwYQyduNnDuE9DK9Q63weg2nr0sIirYyD3PZauh6mtVcAIahocezjheP098pag+HVweBNwdTcAqXHPBI7TDM0H2KLbk6FPkpw7PaWSskGWuBCevJ6a6XmmYGRVjtA4BOVfW/rieli03CPUG/iHdVsOjDydc1iRuHRseMOaD9wos9sp5W6XRtGe4Ch03VNpqYWytm055B7K2ZNFOxro5GuDhkYKVYm+hyuqn0yjqOnXAkxSDCq57TUxSbQAn1AWy8M/qh+DJ+JuB23QpuPY3+LCzrgxYnrqSQOilexw91MpuprhBJqmfrHcLQzUMEhy6FpJVVWWEOBdCPyV/IU9PZVzCROpuprfMzVJlru4U+GeknaHxzNIcsfNZKmJuprc+yY2Ksj8o1AfdWmvRcbLI/mbnwWOAOkEFDlozMMMY39FkIr7XwN8JshIHqVa0vVYYweMw6h6HCZnBatrk8MnG0jUTpG6BNZoicloBKn099oJYw8u3POVJ1wVLA6J7f1S9+WM21vpmbqOnmSYLGg/kodR0ycbRD9Fr/AJZ/IcFw0snOU2MscoXZpoSWGjAVHTDiQfBB/wDCq+osxi2EJYRwWhekuaWnzgYTT8mfqLfzaE35mc+3xddvXB5eIaqF2oOfsptLfKyI6XPwB7rfugt7xpMUeD/hQXdPWmUZETBq9lPnZkfhLO65GXh6oc3AdOM/ZXkddb7gxrpmROdj0XKvoy31Df5RDHdiAoP+yEsYwxziES1EmJn47VVcSjuRMrLDaLhAGzUcTh2OlZ2v+F3TtTJ4rIGsyMEYVqaC80g8KOZ5aDtlEiudxg/lywOJHcDlPWomumYrPGU38W1L/sYC4/ByQPc+grCQdw0jhZ6t+G/UNDv4fiMyfpGSvb6W8gECeJwB74Ur52jqSGl+Amx1lkfZyb/pPQ6n+nB821NjvNLkmhlIH+EqA59RES2aAsPuvqF1vtc4LS1rs87Ksquhena4ky0kZz/hWiGukn95xdX9DR708v8AufOAlfkHspAqnsAxsvZLr8HqKTLaGYMa7cbZx+SyNw+EN9p5CKZwkatUNXXP2ed1f0nrtK8pZ/wZCK5zs7agpDLnTyHRUx5B2zhKu6Zv9BMYn02Mfuq2SmnhOJ2Fp90z5YvpnIt0Go0z++DLljLQ938vUzPoUZraiAa6aUSs7NJ3Cz7ZMuxwpsT5G6cTFoPuqT3CoLnD4LaO5v1YqIC0eoCnQVNNMP5UzST2VIXygeZ+fumuiEhDmnQ71bshf9zZW3E0L2OcMKLLTOb9TAQq1tfX04wXagOCVPp78xzQ2anORzg8oJQTN1Vyg+RngBjst1M9gcK3t3UVbQ4Y5/iMHZyhMr6Cp8hYWE8Erngxu3Y8YKzTpUjrafXzrkpRZtbX1XTVWGudod6Eq/p6xziMgEH915W2nOctOCO4KsaS6XSjcGCTxGDgErLbpVj7T1/j/ONv7z09tRgcDdEbMcA4WOoeo2EBs+QVewXKGVodG7IWGenlF8np6PJ12rsuG1A4wiNkB7j9VVtqmHg7ojJM8f5pUljs6NerUuiz8btkJeKVWtlIKMKgdwqwa435RYRznOCjFtQ8AxYd7KubMD2RBVSQ4LHH9VeCfLkM6eSF2KiDHuW5TmSwSHySNJ9FxlzJGJsH7oclJbqoeLgxv7OYcKYL3ImeGSPKVGdLPE7D2ukHsOFXmnvVLLqgqI5YjuA4nI9k5nUDoHiCvoKmJx28QR5YfzCIL5Uuy0ZVU5IafIT/AFIzo38twQVAZJbq8DL2PB9HbhPdRTwgOoal+B+FxyoB8q9Eknwj5mro8GTYYP3Ub5yrhH+904e09wF1slHO7Y6T6FQj57B1lipqsF7cNfzkbH9VDjfe7RlsEbamIc+Ju7H3VwGuj3GS1J0uMY3ypkW4pkeiv1vrXeC5xhnHLHjH6KaRndQai3UVWCZIQ154e0YIUOGnvdA5zo5hVQDhp5CKMssH4sFy5odyuhjVAprrCZPArGmnmP4XDb/zcfurBha4amuDge4OU2LFyryRp4i47KhvHSdlvEbm1lEzU78QG6072h2MqO+PcHCZGbh0YtTpIX4jYso8f6g+DMEjXy2pxY4bgeq87ufTfUvTUxfPSSsY07PZnC+pXNGkNxjKhz28SO1OAK10aycOJHi/JfRWh1OZQ+1s+dbP1nJD/Ir2eIzjfstDFT2e+MMlLK2N57LbX/4W2S8PLoR8kT/3Ixv7rzm9fDzqfpuYy0BdVQt3EsecY+/ddfT62L/I+ZeU+ktXoW3Wty/scrbFWURLmDU31CFR3GooZPxD2Xbf1bVQAQ3Boe3g+qt9NovDNUL2seV0q7I2dHk7ISi/9VF1YOspW4aZ9h2JW7tXUNPWgNc4ArxOstFbQO8WAlzfUFSLV1NU0LwycuCYYL9JGb3VnvzZA7cBEBysBYurPGa0eOHexK19Dc4arAyAT7oDl21Ot4Jyfq9Chl2xCCSc8oxOGTNQPcJ4cPUKBk+qI0nUNyoD2T2ykcJ+sOG4UJsreyKJAFCYJJijc3BGfdRiHRnOMhED/VOLmPHmaoTIo5W4znlGUSSDSS6FpKUNY0v8KTyntlQtEvOE8bJieN1BQ/b0XdPuuAZ7rur2UIdBwcp7JskDSmLgGFCEnS143CjS26OcYJwil+k4wnskBUIUc1LLBK5pGw7pA8jOCVdlrHkagCq+qtL8mSncDnctVYLT5PP+uPhva+paR8nhATjJa5gxh3qvnjqTpW4dOVkkFTG4tB2djkL68jcWOLJAQeDlUvUPR9tvrHeNTxu1DByEmypSO5oPLW0NRlzE+P5AHemfuoMjcZOF6H138Oqrp2vmkpQ6SnyTsPpWGljxsVzb6D2+j1MLFvgyLBKY3BpGysmytkaBsqyWI52CJBNoIBXMtpwd3T6lPiRJnh7tCjbg4Vk0BzMlQpoSTsO6xyjjs3d8oF4vsptJUEOVediQntODlIaH1XbGaSmqc44VhBNsBkLN00+nGc5VjFPnCo6tV26JZztD/NyVWTAtdwprH5GChTR5GwUGtKRAeMpschhdqAyiFhBO2ENxwRsoJa2PJawu1wh5G/oh7h3CBSTgeXCkP3AICg6NjkS6aUgjKtYXBzdzlZ+OTdWFJU4PmKhuqux2XVM7S8DOyuYCDGNws9G7J5VtSPGG5Kh06bMhWgmoafdTlGYBnJG6kDhQ3Rlg6kkkgCGublRamAPbwpia5uoKCpLcigqYnRu2Gy5TVclO8PZtjt6qzqYAT9KqqmEtOwwgMs4yh+Jf0N7heQJPKe/orZlRTyAOB59FgDIWH1UqmuMsZH8wgDtlTZwP0+t2LbM3Aax3/wA1Me4MVFRX2LZsjyVbwVUVQ0FjkmUcHUq1MLEEPBUYtIJ2Upc0gdkhoeppsECSRjsplFV6Hhjxj0KjBoadynEDGyz2Qya6rXXJM09JPxj0VnFM4gLHW6ukifpe7YcZWpp5mOiDhwVz7YYZ3dPerY5RP8cgcZUWqjDxlPBynuGe6TKODU+TOXGlw8u0qV03e/kJhBMfIdlNqYGv3Iys7WU7oZzpG2cj2QMS/skmejOMc4E0RBDx6qvljw4tKrenr1HLEKSV2HjjKt61mWCVo45VGiNm4DBK6nlG+Gnb7K+ZoqqY8E4VAC2eHyjzAKbaKoxv8OQ+xyhGxbZWzxut9U6XHlyrmmmM7RvyMod3pWzMLm77KjttZPS1Py735AO2fRLDjPDNMC5pyN0aT+dTHPdBjcHNzhFjd24V5NUZ5OWupLJPl3Df1Vs4B22VRVQ+WkbUxjG+HYVtDKJY2vacgjKoYpZK6qaYZycbIjXB7Q4Itxj1REjlQqOcNZ4buQrCYqxpkj0YWF6nog+Nzmx7t3XoEgB3VFdqMSxvIbk4IRmDWVb62edW2cxS+G4916B09X5DWl24XndzYaCq4wCchaGwV+HMcHehWis5WmtcHsZ6KR/MLxsCianADdBjf41PqxyE9jw+MOVWL9HZqluFVR/MQuY8ZyFS24ua58WdgVea87YVPVxfKVniM+iTdXHsu1ZQSoZrGF5p1rRapS4Dgr03xPEGMLFdWU3mkyF0dPPaee8zp/mo2nk9yjLZ9hthRWv8J4OnUrW9ReGWkjcnCqXYcF7Hxdu5rJ8K+pNHtTiaqjlMsDXk5OFMgk82COdlRWWr1xiNXMcmk5wvUp5Pl0lteDO3MOp7kS1uC12crVRy64WOxy0Kj6gYDioDdzyp1pmfJRM1nJG2VGaNLP7tpaWaVzK2SIfSRlWuzi4EKhopQyvzjkK+Z/V2Ky29notPLMDC3xjaG9iSIYc5wWigfrp2nPCputqd0VVFV8NJUyyVHzEBHcAJRtofOGHJ0VJdynk6d/VCmdpmPuV1/A3Wa6OOTdGTQ5ztwcKbA4vaN1Wv2ICmUTwMApfZrpsxNJkgjGxKrZMioJzwrCqdmY44VVUOLZSccoDouQ+YgjJTKd2H41DZMJywn0CjwOxIclAyo2YmmXIcCASQo7u64x22NS64gBInHJ0I2KSINcABn2UAEb7hT7kP5JIVO12DyqijPbLBEvERnpHsAzgLzh2WSPaRwSvTqjzMc3nIXm1yZorJRjGCnRPKeYhvkpkWTkJw4XJRuMLo4RqWThYGprRunJo5VFhBwns5TBwns5UIw8aOe35oEaOe35rTWJl2OH0oZJyiD6UM8p4IWM4I24Uljy5qiA4RMjSVC84OzOBOcqDNnWMc7oz3b8oJ5S7GQewZUh390AhxAHAT58Y2PCEW45IkpySmjkrrtyuJNvQyKwJSaKP+aJSOFGwTsFcW+mLomMxlxXPulhYOv4unfduNj0ZbWzzmpe0aWgErcb8duyremqJlHb2N04c4Bx/RWw0ufpb2XmtVJubZ9M0VOK0iRRxDHGwVkxowFEpo8NCl8Bc5vcehq+2OB5wAqu61H8rSDup0soAydgFn6qbxZ3OGcZ4WvTQ5yBqLEo4EOMk9lZWSmEzxM4bNVTzgZWqtsLILeJWjjlej0VWUeT8nq1RDGRl0rW0cTpHHZrSgdDWx1bUuudRGdIcXDPqqm9VL66pjoYhl0rw1oH35Xo9lt4t1vipmNwQ0avuvSaOnHJ8Q+qPKSuk6YstaRhfIA0bf5K3Y0fSCo1HEyOLUB5ijQZd+S3s8FLMnhkpuIxqIWYr5p77dG2+DIiacOIU3qC7Chg8IPw5wU3oezaYHV9SDrlOsfZQJ4hHJqrVQxW+jjp42AFowSFMZymskGB5V17g0bpEmZZ/cNq5/CafTCx89RNWVLjny5wArDqC5HxBSROwcZeR/ki9O24VI+YmbsCSPdEmsBLhGh6etzaanbK5uHEK4TIWtZE1rRgYT1T/sInL9BGohOBk8IY7quu9a9wbb4P7yY4+w9Va6LI7pHXq6CFo/lRnBPbHcpvXXU9P07aH0sLmNmkaWwszj7uKly1FJ05ZXyOLQY2lznu77ZKwdlt9f1Zdz1LegWU7HD5aBw5b6n07IRqiWfRHTjqaJt6ubGOr6hu7sfSFtG5xugQtBxpAAHYJV1wioIdb/AKjs0Z5KhU1kg3atmqZRZ7eNU8/kc4H6Ae60Votcdpoo6OIDSznbk9yoXTVoNGx1dWBrquo8znDsPQK8RJA9BWHAScQULJSe4sifJ/SMpWCES8VooqcuJ3PCyMtY2kifWznMkpJGfRdud2fV1LnSnytJACzF6uTZXazLpjYNOForSHVw3Ar71PT2ylkuNfLpDQdLc7krwi8XibqK4zXepyyljdkaj+isuvOo3X+t+Rp3Ygp8Bw9TndeddR3h1WRYrP5nOHmOeSnHe0GkTabRXSVMnU13ZK9hZAwYjBOdvVes9GdDClEV6vUWoHeGIjHHc/sg/D/ocW2jjnrmguADgCP816BFSzXKdjGNcKZp/mPHf/0VNpdjtdrc5qq4SO0cL7vJoDTHSxHttqUXrTrG29N0Qa9waACGgbA45/zCZ1n1ja+jbWdwAAQ1rTguI7BfLnWHWNf1LcHzSTO0ZIDQdseiTZal0K8X4uevmrLF9gbrXrSq6lrpNUh0NJ0gHYBZgDA4TMD6kQ8LDZZlnuaKa6IbK1wcJB2CTkjtwlp91lnLcGlk4uHddSAyUAxvBwDCMyPJ5SY0lHaGtHKdGAGWxBgH3XDKAOOExxOSBnH3XAN85TCYOve554xhOj7p2lvouqFZEkm6sIc03ht3GcoXJLstRbHyEDG6jSVLWcqPLWjGOFAlqC5ZbdSo8IfGrPZNqbgeIjj1UN08kn1vUY5JyV1w91ile5Pk0xpUVlBUkFJVuLEkkkqIJJJJQgkkklCCSSSQkEkkkiIJJJJQgkkklCCSSSUIJJJJQgUDHddQUkW4gZJMSQkCpJJIyCSSSUIJJJJQg1JOSUICT2atvRJrCCiAeqLJbY0e6Sdp90tPujyUESTEkIBzG+cp7JHRnLU1JTLKcVLhlnQ32SB+JgXN+/Cv6OugqWaonZWM7qTBVS0xzGcI4XPP3GW/Sp8xNe9gdwOfRCMZCq7de8yCKp78HKuqeZkg8oWhOM1wYZVzh2A8I+q54fupjoQe2UF0RCNQyLUsgNBS0+6OBlIsz3VdBqWQOn2XMBFwEwg5UCBroODkJ+CuKECUtRLTyeJG7jkeq0lJXRVcQOoB3cLM6CiwzPp5A9h4UM10M9F9UU+nzYGD6KGWkE+ysaKrjq48EjPcFNnpfDORgg8YVpZMuXHggaT6LikOZjsgaXZ4RBqWTh3TTnKLjCSuMtpeTS9GdYz2GrbBUuLqSQgPaey9mjMc8bJYSCx4DmkHkHhfOZ5XoPw56xdTVDbJcqjMLx/JLuQfRbKrcnJ1+k3f6laPTC0eq7o/xJPZl2w2Sb5Vra4ycTrseuZCemoUslN4HJLgOV1UCJJJccoQbkISNkprUXQSeQaSJp90tPupkPIM8KO4POR2UnBXNHspjIRHwW9k0nKkkDB2QC12TsnRiUc1eyWr2TtLvRcVYReDmn3Q/D91IXNPugyUNYh1DBjOEYDCbITjYKeyEAgg8JpAwpEjcEnCiu7qwwZ5Q5QMIhBzlMk4ULXZVVkQccAdlRvqWwzmJ4WlmiyRss1fqMxu8VowEqw01vLwGDw7cJKvoKkvb4TjnHCsEJpBLoOOy4kqCGLhAwurrVCASN8IeApGAh4KgSluB4CWAupIRwN7M91qPh3cmUtxfRzuIMo8u/dZtOoZX0tzp6hjsFjgUaeDNqY7obT2pw3yuIcT/Fp45v6hldTl0cGS2vA9JMSVlD0kklCMpOspjDZQW8mUBV1gqTPSuaT9IypPXvlsrATj+aFn+lqp3j+GD5cYIUN0YZoyi1ucQwXYUIM+Yojp3cFbXeB3haxxglZ+y1jY6t0Mp8r9t/VU+i6s7ckdzOM7Lnh+6nV1OYJ3ADyuOQox4SWOhLKAJLr/AKiuKgzur2XDukkoTI5JJJGAPQkVMwFAk8H2ERlBkjzjuuUVbFWx+JEf3RyMr8lYwf0OyirqqVsoxhZ642x0Zc6Nu43x6ha6VmcbZUKopvEGeEALZlKOuq7dO2eFxGPqae4W9tV3prtAHBwEmNxlZO4W8YJDcFVlPWVNpqRPCcYO4zyExMpxzybq6Wxk7XEMGe49VhLvaZqWQzQZBb6LeW27QXimbIx4EgHmblNqaCOfIc0ZKjjnoFy28GX6d6kLsUVc7zDYOK0zomyNy05B3ysferE6CR08LT67dkbp/qd0bhQVx9muPf2VpgP7ujQy0o3y1VFbQEjOlaSIMqW62kOGM7JS07CMaUZDAVtAW58vZU8kRa8gjC31db9eSGjZZqvtjg4lrP3UIUMse3CjkdlPnp3A4LeFG0lpwUcY5IAD3wuD4nFrhuHA4IXpnRPxKjcyK1X15Dx5WznjHuV5rI3hR5QRgjsl2VJkayfTD2h/G4Uepo9gcfuvJeifiTU2ueK23d2ukIDWu/oXstPVUlxpWVFJI17HAHIOVinQ0xaRQ1NJv9Kr5aZtOdTW5WmqYATkNVfVUm2yRKDLI1suk1FMHs47jK2tuuMVXEHsIz3CwEsRjcBj81Ipayajka+I/cIHHAM4Jo9Ac0P4CC+n0jPqq223llSA1zsHuCrjxBI0EIDHJYZEy5hGykska5oDmg/dMezPbKHksKhQSBj6OcyQOwx3LDwrSGqbIOMH3VfG8OG4RWODTnCgmUdxZB2V1Q4qjgEKU1+oZwoB12JOTU5QpCSSSUFiSSSUIPSTElCD0kklCCSSSUIMSSSUIJJJJQg18gZyEMPgn8oeAfdG0tcCHDKjzW+N/mjJa77qF/JyMmpZY9wNQ9lGfHqwDspQmqoPLKNbR3RQYKyPyYDlYxMoau3McMhgJByEymrK6leBJktCuJqaRn1Djuor4mvGHDIVFqWCXS3WCRul58yltkDtxuqKWjaw6ohgpQ1tTSSDxPOzg+yhaRoQcrgfnsotPX08w8rsE9ipDccg5UKfYRIjKSSgkaGhRaqipquMxVMLJGHkPbkKYuEZUIZWbpaegkNTYax8Jzkwud5PyHZGpeo5YXimusLmPBxrx5StJp90CpoKWsjMVTCx7T6hQs5T1bJhmNwcD3CmMlzyOVlp+nKugJns9ZIDz4b3bfku0vUb6ZwguzHQuG2rGxRgGqJOE1RIbjFOB4MgfnuN1Lb5mh3qrTBkskCvtFPW4d/dvHDm7FQXS3ez/X/vMA79wFejfhIj1CvAKeCBb71R1+0UgD+7SdwrLxC4YIVTW2GjqiZYW/Lzdnx7b+6hNrbxZiG3CI1MPHiR7nHuFTLNCCT3RFXUV3pK4B1NIHZGSO4+6mmQFu6vIEk30F0Nd3C4S9hAadkAvLTsU4Sl22OFMlYJDX5GHDKjVVqpqkl7W+FJ/U3ZFY8FGb5lQLzkpSy528+b+dGOCOUaG5iQ4LsH0OxVoS07E5/JQ6mzQ1A1swx/qNlCPkPBUxvGCcFSAQdwVQvgrqJ2HNL2j05R4Lm5uGn9CpnBe0tDjbdd0t9VHZWMkARmyteh3g4OtaEGqoaevYY6ppePvujtOcpyNMoz8dmvtneZLLcXVEA3+WqDnH2KnxdTwFho+pLY6j1+Ulw1xn88Kzacfkgzxw1WBPGHAdjwnQtcOULa/Zm7t8M+l+oT87Y65tLK/fxINxn7ZWPren/iD0pK50sAu1C3iSMeYD3C9BqOloRKKq0XCot0vJERzGf/AApzLx1Ja3aLzRPuMQ28alZqeR7tXQq1tkRaRg7b1VR1Z8GYGKTh0cgx/mqnrT4VfD34hU7/AOM2WJ07xtUxANmafUO/Tt2Xo9dZehutG652mCo/+hO0Sg+7eSsvW/Dzq6wF03T9V/FIBjTFnTIB7hbqNe49PAqymu3iaPl/rL+xreKF38S+H18NazdxpqgefA7ZH59l5HeLN150NUuouq+nqmlDDpJcC5v5HGD+RX3PSdWNbMaS603yFQ3ZzZvLkq7LaG5U0lDdKGCqp5fqZMzUF6nSfVF1cVGS3HO1HiKbOYcH57Nr7XXx/wA4R/mMEJSWunkYH0Uxa4cEFfYfVP8AZb+E/WEUklngNgr3bh9F5Y3H3YvFuqP7I3xT6Wc6o6fqIr5TjLmtga4S6fUtK9RpfqDTXwTfDORqdBbVwkeRtqrxTfyiS4Dg+qlR3actDJ4Acd024vudiqXW/qG0VVJMwlpE7PD3/NCp6qjqnFrHAfnldajVV6hZgzD8codk+nu8IdiSJzB6q6pbvNFpfTVRx2GpZmSknd5oWB7T6FMhndTktdG4HuE/GR1V0quj0Ki6urInZlkDx78rRQdWUksY8TUHdwvJoLlC/bOk+5VjT1j24AcHD7oJRRtr8lZE9Zp66kq2B8crd+xKkNAXl8Vxma3yuc37FWcPVFdBG1msuA4yUDqz0dGnycZcSN5pByMcoRtzZhggfdUds6rgnaGVHld3yreC8UUrtIlaPzQupxfBthqarPZHmsET5C7wQfcd1V1vT72EuiB+2FrWyNeMs3H3SaM52yraaNLhXZyYSS21cLdWk4XPmq+nZpaXY+63b4mOwC0YKBLZqaRoOkZKWm2C6FH8TIRdS3KFgaRqx3KtaHrOMRhtTEQR6KTV2GItIEf5hVU3T5blgjIx3CYC4Wr8XkvabqqyzeWVrsn1UxlTaarBYG7+6xcnT8zDkHn2UaS1V0DdcchJHYEqsoisuj+UTezU1NKB4W3uEP8Ah7uzi381hmTXqHBjmeAPUlSGdSXunADyXem6PJI3xz9yaNa6GeF2QSU/5t0eGyMIyqCDraRjQKmk3HcKXH11bNhPTlnuQFMpDndBloayMHJb+y6JaaXljc/ZQh1Z01VM0vqIx/mpkclqmjD4KiJwcNvMFfyi3tn2cMFHICxzGfkFHks1O4eU4Uk0cUm7H++xQHtqIyGMe4+mVcZ+wHpqpLojC0yxv1QzFp+6druUbiBl32xupTRW6fpBTRW6SQ+E5CLe32I/hVy9jGXd8RDaqnc3G2QjtvdEdnFcFVDIcPj/ADIQ5KeknaW6GA/bCJWciLNE30Snto66PSGxODhuCAqi4dFWSuic2Wjhye4aEU2zBBp53MI75ThDcqY+IyYSexWmF7Rht0GXiUEzJXL4TWqpiMcJbE8bhzQs3VfB65M/7NK149yV6s26RuGJoS145wFIjqqZ7Q4SkE9sp0dVKL4OBrfp3TXS3Shj/B4DX9FX21MLpYXuY0ntwPuqvw3NbnSdtsr6QlbDUbHDseu6r6vpyhqjrmhYc+rAtUdS2uTg6j6Zgn/oHz86TJwV1vhnOMfqvWq/4a2+ondJHGGh3psspcvhpcKV8ktOXPYNwBymfNk5d3g9TTzjJkdAPCa6OTORI4E+hVpP0/caRmuSnkA92qE9pb33HZXuRglTbS8Si0S6esqI42tLGOI2yQpDa3u4YVUJps41bJ/ikN4zlB+Q6q+UXwW7K2mf9T8FTqa4SwYdFNt7FZtjw527QpLJCBtslSrz2dOjXzrNrSX7WA2TAPqp8F1aX+WReftmfG7IcVIjuE0bg4Oys708X2d/SeX29s9FZWl34wVJbNqAIXn1NfJWSAklo7q3p747Z3iA+yTPT46O7p/Kxlw2a5k+43RvG1Y4Wbhuwe0OICkNrtgSf3SvhZ1atbCXOS8E47gLokHYqqFYCNineK71QurBqjqIz6LyGrc3A1AgdiimsY7yTNBz2IVE2oIPP7ozKt7gNeD6KnFoep5JFXZLdORNTa6eXnVG7AP3CBC/qS2y6fFiq4fw5OCiR1e4ydk81WDyd0OAW/0SIOqKM4ir2Op38ecbE/dTRJR1sYMT2ObjYtKqpoKesZonga9p9Qq42uWjeDQ1JiaOGqFuU0aZlNPGf5VS9w9H7ojxOwAyR7eoWbbf6ylxHVs2H42qfBeDMNTJQ72yoFC2Ptlt4mTnBCcHnbCrRcQ4YkG6eJy/eJ+lD0NVkX0TKmOGZnhzxB4PqojbfUUx1WucNH9Er9kRrnn63A4TxNjkKZBzF9g4r46N/g19K6Nw5djylWDZYJ2h0MgcPZQnGJ5Ae0O+6C63sYCaOR8D3d2nb9Fe4FxTLTSlpyquOtuVIdFXB4zP62dvupdPcqKpOmOpjL+7dW4Rp45ESqX6DmBpB2UZ1M4gtPGeFPSDQTgLTC3aYb9NXOOMGI6h+H1gvIdJUQObM7fW0rzm9fDXqCzPdUWYmoiG+AdwF7zPTB2MDlB+V07DuuhVqZR6PH+V+nNJq+ZQWf7Hz1QXurgm+SucLo3jbEgU2pt1DdAfCw17d8DuvXb10pZbywiqpGa3D62jBC88uvw1u1rc6ptVQ6WNu4aNnBdSjVqfEj5p5T6Tv0r+TT/cY+SC42V4kje/RnutTZOsX6GCZ2498FVj7i/ehvNK5hG2rTuh1dlp5ImyUcgOeCCtlbU+UeM1FDrk4Wwaf9z1iz9S0taxsbHYd7lXbZQ/GMfkvBaOvuNok314HfO63HT3WLajTHqOoc5KbjBzL9LKMd8Eei5C4eFX0FzhrPKDhw7E8qwO4Oyhh2sbqOcIzXbcqOeUsn1UBJweOchdDzlQg85R2ytwoBnJL8ZwaFHlpmVAySWvPcJwcCnNIUJggMqqm3S/7xl0I21HsrWCtinaHRHUCgvbHI0te0OB5BCqaukqqHNRbSdI3MXOR6hQtLg07JMjOERZ2136Kta1h8kg2LTzlXLJ8gau6hUofokpDBOCcJniLjjnBUFErAI5QtDvRCDyPVEEuNlCHdbvVF1HGMrgORlCUIOlgimHnYM+o5VdKySndoI1DsVaKPUtEg9VC08FBd7RTXWndDJDFkgjLm5yvCPiF8MJqIOr6OBo3OdA2K+iJIcZIGygV1HDVROgqGBzXbYISbK9xu0WunpJ7kfFlTTSQvMUzC0jbBUSRjvwhfQHxB+GcNRG+Sjg0vyXNc0LxO5Wirt07qeojIc0445XNvoz0e90Ouhq4bo9kOiqzjwpTxsCpR0uaRkKvDA05CLDMc4I4XKtqwej0uq42TOTxb4CEBp75Ux+HjPdRnRkHOVjlDB0EOjkcCFa002zcqmDxqxhSoJsEApZoqtceC+jkGEcEEYVZDNjAUpkoIzlUdGu7K5FO1rTqwob3azxwpz/ADN2Ve/LXHblQqx5ORvdEdt1Phn1tAIVfnUMgIsEuHbjCEKMscE1+cgjZHgkLXA5QsggFNacHlQ0wmX1LLrbzuFa0kuHAZCztFJ7q1ppQHNwVDo0W4L9py0EozSotO4OZjKPnOCCodauW5B0lwcLqrI8ckeEkjurIBkAyq+rpg7HZWYZ3QpGg7YQCbEpGaqoCw8KIQeMrQ1NNrzhvZVFVSuadgjMFkMcgGvLRt2UmkuVRA7JkwAq97znGFwvCCUcmR3Si+Ga239QRuwyV4cT7q8jmErA4cFebZ7tO6trXfJYsU8r9uxJ5Wd1nY0fkMJRma+QHlKOUk6SFDoq+OqHh6jrHr3UoeUHus04NHbhdGf4hiPxN2KsrTcyw+BP+RyqtkoJxhOJAcNuVkthno203OLTRtKZ/iAEHIUrGNsqitVxBDIT3Vw5xKxTiegrsjZFNMTmqmuMJcdSulDracvHHPdKfBJrKM6yV9DOJWjhbahrm3CgDgQDpzysjW0hO4CdZLmaOf5d58udt+FBcbHF4ZpaaXwpsO4O26nPa1jhIwZBGeVWVWSwSs/5sqTbqoVEfhu+pqA1wmW9NMZ4sSEb7KmvNE6mlbUMHdTg4xDAHClVUTa2iIIyQEsZn2QrXXGWPS5wOFbxkEBwKxcE0lvrPBfnBOFpKeoJaMbhGlkZXNssZ2tfE4HfZAtdU+J3gk5A7eyfG/W3fuoEz3Us7ThDjBqTwX8rmyD7KqewwzOeOCp8LxKxrmnZwyh3ClzTuI5KWM3YGRya2Z9VDqo85B3BTqGb+WGFFmYHjOMpgE/vWDzjq22EantH05IVVZakx6QXLc3ylbJC/U3sd15yWuo6mRreNW3stNZ5vUp0Xbl0eu2er8WiaC7UQMKbE4gELH9K3MOa1jnZBGFrmuw0lEzsaaxThuQUv0DONlEuLXSsa9o+lHfJqa5mEwY0Fp3zhB0x05buCJSyFuxGSFQ9VQ64zKByriR/hVDxjY4UW/RiageMb4Wus5mrjvraPKL/AE7DRlxHmB2KyRyAt1XRtkgkjkGRusRU4jkc0DbK9T4y3DR8f+pdJnMgtpqDDMI1o45vblZGKcQztc71wtFBK1zWkHIIXsq5ZR8T8hX8VvAa6N8amO24TOn3vMD43fhKOB4kekjkFRbTKae5uhx5XDcJr6M+nntlktWZZUB/cLRtIdTRuH5rMVflqCOFoaU5oB34wstvZ6bSz3RwUfWkBmtzHgfQVV9J1Os4PphaW9U7qy2vjYPM0avusZ0vI6Cslp3jDmOSjoR4kmaaraWTEkbIRcXAbbKRcjpiB7lR2uGkAjhIsTZvjLgcThGp36SPdRs5XYjh25SsD6+HksH5d5vVQ6toByFLBywKLUbwvHfsqN25tEI/SVEaS2QjHdSY8HlR3kCd6ABz5JsDy4DJwjP++FW+OWuGApzagOaEmaNtFvHIyrAdC4KglJBx7q9kGRuVR1DiyTGPxJcCXSBZySD3WCv0Xh3GRnAyt0Jhq+nusb1QP/eRdjkZRpnD8lDdXkqE524TU48IjzoA8preU48po5REDDhPZymDhPZyrSyLZIi3Uh3AUeHkKQfKAtMeEJl2NTEXAQk1PJR3OE4k4TEQjbYqN4IAeTlcauv5SZykyluZZIaEKU5AGUduA3dQ5DvkFEyIaeUM8J6YSAs9zGdkiCPW8LUWCkdUVUTGDODus5RtOc4W/wCiqB3iOqewAXF1lmFk9b4XTfdE3VPEIYWs4OEanZl3lQnAnT9uFLpG6QMrzuon7PoumrXBKYMNwirg4Q38YWWKyzoLCQG4S6YzuOFnw4l5OFY3SUiB2OVWwbxh7huV19HXlo5Wru2tpk+20xq6lrMbA5K0FylFJQ+GwhoA/VQenaeTW6oI8vCjdWVvnhpIt3yP0gfdeu0Onwss+aef8jFtpeg3R9sdcLl/EpoyRGSG54XptK3GHEeyz/TNGygoIo/Dw4gElaKNgIGCu7THYj4rr9R897kTWZLQ0I4cymYXv2wMlcpmYaHOCpeo7ifGNNA7BcMFMMEY5IENPL1HfmswTAx+Xe+Oy9PpKdlLTshjbpDRhZ/o2zCjpG1ErPO8asrTFItYq1+jrdsqFc611NFrapUkoiaXEbLJ3SvlqKhzdflBxgJaWRcVk5TQSXCty7fUcu+y39oo209O0acAbBUPTNrIa2Z7cl2+fZa1oAGAqnwVNj/skkkqEnZJRE0uIVTTNBmkuM++5AJ4AUqvla8eCw791j+sLzO91P0vanEVFQBqIP0j1PojDguQN2nqeur5FaKYhtspTqqHg/U8EEBbSCijpoY6aEAMjAaFB6asFP09a4qGFo1AAvI7lXB9VQcnxwdbohZqds0cqvoKJt+uja+dpFJSO8jT/wAR3/RMrzUXKris1KDh5Dpi08NWrpKSGipY6WJoDYxgK0hTYXA/CMD0SSSRFiWX6rv3ywFBC4guGX4P7K5vdyZa6GSocRnBDd+68xqamWpldUzPLnO3JPZWkHCO5jqqsLWE7cE7leY9YdTSVLDS0T/DAzqdyCVYdVdSurJHW23SFrWZEsgP7BeQ9ZdSMINpt79U34iD3R9HY0GmlZPCRCuF4ngjdS0zdVVVHPqQFrPhr8P207f4ncow6d2D5tzuoXQPQs1RK243JuqR2/m7L1dxhoYGxRs3OwDeT7o28HQ1OpVK+Kpj4qSSapFFC3yNxqIKZ1b1bbujLSXybdg0HGrHO/5qTebzauibRJW1848YtOBndx9l8pde9ZVvWNydNNK4QsJDGg4GFmtnkHQaCeunn+j2wHWfWNw6quUlRNMfDBOhoOwCzYZ7rrG6duURjCd8LJOeT2VVUNPBV19IGYyV0DCLgeiacDus0mx2BiGTlETWtOQhGR4XJxrXahsjNG4XQBhdVpATf6HDACaM59lwcp4AI4TYrJQ7TkeYbpy4ThNe8BXknY1NLmjuECara3ZQZarOwKRO+MeB0a3LsmVFa1uQ08KukrXyEh3CFI8vP1FM0+6w22ym+DRCG066RzjlJJMSW37GLkSSSSoISSSSmCxJJ2h3olod6K8MrI1JdDSThP8ADOAcKsFg0k8RO9E/wVCAUkcR+oXfDHooQjpI3h+66ISdwUzBACSkeCfRN8I+qmCsgUkTSVxTBYxJEwSuYwpggxJPSUwQSSeBld0+6srINJE0+6Wn3UJkGkkkoWPSSSUIJJJJQgk5nKanM5VS6IEAGF1IHsupWXkASSSSbueMkGJJJK1LJBJJJIyD0xJPVMh1u2SpVFcpaecPzsdiPUKK1cLQDlVHdF5QuyCmuTZ2+50tZ5Q7S70KlyMGM4WFje+IhzHEEdwtHbb7HLEIao4eNs+q2Qs4wzlX6eUVuiWJ5wkn51bjdLGEZkWc8jEzT3wnjlEAGFAt4LSMYAQ8FSMH0QhH6hQnyDcBIjPddwRykoTOQkb3RO1RuLSPRaGnmbU07Xg743+6zo2UqjqHwSgtO3cHgok8Ge2P6LWWH+lv7oJhA7Ke0tkbqA5UeVhPCsz5cXgiuYBwE3T7qRoK54R9Ve1jMkfBS0kHUAM9sopZjkLmAmKW15L9YPWvh91ab5ALbWv/AN7iH1E7P2WvIwSD2Xz/AGyvntVfFXU7y18bs7Hle6WW6wXu3R3CEjD8Bwzw7G63V257OBrtMq5b4EzsUksYSTzmt5HJJJKFiSSSUIJc0+66koQakkkoTJzAXCBhOSULTyCPK5gJ6SMPIMgIRa7J2RksBUWNQUZD0O9FEWhqWMpLoGThWWDnjDRseyry3c7q1mYXDIGdlAMW+7f3VFEYgcoJBypjuD9lHIGVYxckeTjjKqrzB49McDJ3Kt5hxtlR5Yy8AFuUpmiqWDARPdTVXmKvYXB7A4HlU95ibBWPDdtyj2mqIi0E5KUzX+Syi0SSByMpKgASSSSgYxcIGF1JQgI8pJySg0EhTOLMPHIUhCmGcBTGWC0ep9H1vztkic8+djQD7q4DvZYroGqyySmBOwGy2YGE+PRwb1ixnUk0cogIxhWKOrrPqC4kBk4UIzLfEyXw7LFjvKsj0pV/77gnHZaT4qDFmpwDuZQVh+mpS2tb+QQuW1nUojnTs9UuEXiUu3dv+i84r3yUFYGnYl+y9MzrhYD/AEj/ACXm/V8XhVGot77H0RSYvSfc9jNHUMkqbbBV4ycAOwq08Kb0lO+4Wh9K93mA8ufZV9QCH6eMFJlLIxfbNx/Qx31FcSSQjBJJJKEEkkkjIJJJJQh9L1dLdOkaps2hz6Rx0g+y0lvuFPcIGzQvByNxnhZTpXreG5QmzX4iTxARFK/j7JVtPWdLVJraQmSlcclo3AyvyhOB/QbJtCMoMjBhRrZeqS5sa6F4yRnGe6nn7pLCKqrpg78Kpay3BzCCzc8FaeZvG2VFqYWvGA1QMx0ctdaJxNT5IG5C21jv1LeIR5g2QDBCpqujJ/CMKhME9qrvmaZxbk5cM7FEpYAlHceiVVCJBnAKxt+6VMj3VFFhrzuW+/srywdVU9ycKOpHhygbEnZyvJadsuDpwoL5izzizdTVVnl+Vrg4hpwc+i3VNW09bA2ogeHNdvzwqW/9NQVJdL4WH43wsnR1tz6Zq3Nw6SDu32UDTyekPga8HZVdfbGvaTx7qTZb/Q3mna6B2mQDzRnkKydEC3OOVaeQTz+vtZjJAblUNVTuYSML0mvtxlacMysxcLTM3UdO2U4hkZcjbThAc3flXVRQuYTlvCrpYXNOAFZCA6ME5K0nSXW1w6XqBgumpyfNGTnb2VE5hQ3ZbwMoJRyQ+iOn+qrP1RFmil0zAZdE7kKwnpc8bYXzjarxW2WtZW0UhY9p332I9F7R0Z8Rbf1MG0NUPl6wNH1EaXn291lnX7QKW3ktqiibIwtLRnsVWywvifpcOP3WlkjGeEKWmjlGHAZ9cLLOPoHfngz7HOYQWuII7haG1X0Na2OoO42z6qoqaWSGQjT5eQQgs3Oyzyj+ibYyXJu4aiCobmN4XXxdwslRXCSlIzuAr+ku0c2G6hn0KoROrHRLGyIHYTQcjKaoIwSASDkKVDOeMKI1FiOHZ9FBUo5Jw3XUxjhjGU9QS+OxJyanKACTUk5QgkkklCCSSSUIJPTE9QgxJJJQhwA5TwRhLAQyTlQg5PTE7IUBOkA7EZUCW2YcZaOR0b+cZ2U9IbKBdFe2srKc6K2nJb/UN0UMpKsZheA70U1wDhh24UGe1M3ko5DDJzkcFWT5PQKSmfGfM3I9UB8DScI3z9bRkMr6fVGNjI0IwFLVt100zT7ZUGKWSrlpi0gs2K5DcKmlflw8Rvop0sR4Ld/uoxha7IxhURlhTXKmnGA7S7uHKWDncLOT0mCC1DjutXQu0uy9nueFCoxwzUJKvo7zS1QALtLu4Kntc1wy0ghQrax+R6pZHqh5Pqlk+qvIIUNB57KLX2iiuLNFREw/cKQDhOO/BTCGVq+nrjbCZbRLpbzpBKbTdS1MBEFyhLHDbVjYrWnBHKhV1roq1mmeFpz3wqaL/wAnKC70s4GHgn2Kn6gdxwsdV9Kz0bjPbJ3tI3xnZCp+objQv8GujcA3bPZRCpLJtlwsB2O6qqG+0tU0fzAD91ase17Q5pyCoUVNf09BUZlonfKz86o9gT7qt+fu9lIZdoHTxjYSRDt6latn1BGDWvG7Qfuoyk8FLRXOjuDdVPMCe7e4UwDlQ6/pilncaiiJpZ+dUZwCfdVjajqG1PLa6MVMLeHMG+FRMmgY4gojagnYhVVHe6KqOkP0uP4Typ7XauAoTBKGSRg5R2EgY9FW/wC8Z/klFjmqWnEwVlKJYHSfqwfuodVQU8vmDdLj3aixu8Tk4RAzPdUL5TKeSkqaY5b5m+y7DVSx7OaroNGMFRqi307zkDBQhbgMNZFJsTg+hUtsjX8EKtlt78ZiGcKI59XA7ckYRshoAQOU10ev6XgEd1UQXGTYPKnQ1kBH94h34Fyjk6Yq6OTUwtc0e6JFcN9ErHMP7J7agHdu4KeCx/LR+idGYLWOyNPZ7PcHeM+ERzdpYTpcP0TIor1bfLFP85AOGH68fdSfk2h3iRPLD6DhPj+epnkgeIPUI9xRAr6PpzqeJ1JerZDI4jDmTx7/AK91iLj8IKq1uNT0ddJImN3FJO8vi/L0C9Fkloa46KqHRIPxYwf1QpKWupsPpKjxWDgE7p8NROvopHj9RXX/AKbk0dU9PVlPDnHzcDTJC78+yubF1Dba93iWW9Me8ds4P2wvRv4nTOYae5RDS/yua9uWn7hZy9/CvobqVolioGUkvOumOjJ91sp1ss/cypLPDItxhs3UdC639SdO0Fwixj+bCCfY5XlXU/8AZA+GnVRMvSlyqLPK458Nga9rT38rtlt5fh58Q+mZCyxX43Knb/dxVW7semrsqt/WnUNlnMXUPT89PLGfO9px+Y23XZ03lp0f7T7Mlulrs/JHzr1P/ZK+L3S8j5bK+O+U7NwaYHUR7t7Ly28UXUlgq30nU1ilpnxnDgYy0g/mvvWz/FSy1T3NqpJQBt5ytPKzpTqqh8CeKironjLon4eM+pXf0n1DfH8+TmX+MiuYH5uMfZp2jMgY88ak19unaNVvrmvPOglfcPU39l34Y9UudJTWltrlfkuko24JP+i8i6p/sXdWWkvqulrrFUw5zG2QFriPQkLvUedpu4nwzmW6S2t9Hz7BV3qhAdVMEjO4HZTIb8yQgTwuYPXC0HUHQPxA6RJjvvTlQGgkCTSdLscnPcLNS6ZsNdEG45C69Wsrs5i0xKrmu0WcN0o5X4bIAfcqXHUuO7XEemCs6bdTykYyCR2XPlq+naRTVD3AHgrYrEyNuBtYL/cqVgjZM4gcZKuaLrcMjDamPURzg4XmUddcId5dRCKy6xPwHZB91ckmhsdZbA9mpeprZUxtcJdLjyD2U5lZrOIpQR914pFX8FriPzVhT3y4wbRzuH5pWxG6jyjX5nsQmLQNQynNlYcDSF5zQdcTxtbFVO47q8p+tLXMBqeQe+6vYdKryMLDV+EyQbhuEGSgpnggsUOnvFHPG18c4391MiqQ4ahgg90mUGjZXqVZ0AdY6U9lHm6ej2xDlWrJ8kZCKZsAbIGpI1dmcl6eZj+4USTpiOQEOpxj7LYB+d8J4c3GMKstBRqhJfcjCO6LpDnEABPsgf7EvZnwah8f2JC9BAaSmPgB4OMqsgS0lcjz49MXumOqnu832LiU5sXVVKMfMeKB6reinaMbBLwgeGj9Fe5lfwl6Zgf4p1FSPDpacvb3ART1MSB49FLG4ckt2W2NM0jLo2n8lDqaKGQ4MTd/ZErQZaaUeIsyrepoxsWs39t0WO8Ucu7wc+xVxJ0/bZd3wNz7BRn9J25x8usfmj3C3TcuyP8AxmkA88jmorLrGNL45muB91CqOlJw8tilBZ2yosvS9bEM078E/dFvEuFi7Rfx1tPMf5kX54TJYaSZ2WPwfRZh9u6mpziF4I98obLjeqc+FWW52ofiaOUatwLsUGsWI1HgzNwYp8Y47rkdXd4XkPayZnYLPRdRmJ2Z45Gn7KZT9T0sjt3ub+SbC6S7MkqKm8J4LiG+Rl2KmlkixsdtlZQ1lurG6WStyfXZUrLxb5cfzWuPG4CI7wJ2+VjQOxbsn/yBFukT6LWW20c2zhGfYgLNXn4bW65uL4WeA8/iY3b9FYimcPpfJnt5iu+Pe6fHhynT7o43tnL1PjPl/KPB5xX/AA0vVI+R0LWSsZwQeVnKm1VdM8xT0kjHN2ORsveIrmSwCoogXYwSO/uhyQ2K4O8Oopw0/wCIJkb8HG1H07XZzDhngRiLNiN10DHde13PoTp24wlkAbHJ2cFnK/4TVsjGi1va9++d0atXs4+o8Fq6XmCyjzk57J7cjlX9b0XfrY13zFBI5zewacKskoZ4N5Yy0n1CNyj6Zj/jX1P74tAAO6K0kcLmkDjlF24yp2Pr3RF4smc6z+RwpNPcHRYLi4/cqMkwZOMqbTXXqbYvhl1FeojjU7BUhlylJDmzBzfTKzphGxGE5pez6DgoJRTOlR5KyHbNZDcHHGr81LjroMAB+6xTZ7kM6ACFLiu4DcTQuDxz7pMqsnSp8w0+WbBk4duwohlfznGFk473lwa12j78KfBeHO8r52gfdK+M6cPKQmuy9ZXTREAuyPRSW1sUoAJwVUMqWPAOoEojQlyrZqjqZP2WTxFK0ggOB9VVzUZp3mSme5p9AdlIjcexTnSaz5m8KlEv5N3ZCbXVNO8GeTb3VjDconNBD9z6KNJFBJ9TP1KgyUrozmInBOyJwz0V8rj7NDFXsz5nn9VOgq6eYAF2SsYKqVjgHEkKXDXx4AMmCh2DIayOeTWuIO8ZwD3TRUzN/EFTQV7ywCOUlSmXENA1tyUG00R1MJdMs23OKMaal2jPfshSWa23A+O0hj+z4jg/mhsmpKlml7Wn2co8lGIzmCV7AeACrcWwvlyTB/GbVy75qAcf1AKXSXyknIa/MbuMO2VZFcbrAdD9E0QHDuUm3ezVeIbjSmM77gbhWuBdk4fs0rZGuaO4HC69gfyqKFstB/PoKoVdM7/hud5mqzpbjR1bAYZRk8tJwQU+FjRkshGYV9PGN2hAdG5pO2xUgjB5ykQCPstMLcnO1GkjNcGdvXTVpurCKmlaHn8TRgrFXToest+qW2ya2c6CvUJIQTlQ5GFxwOy30auUHwea8j9P6XWxxYuTx7w2yF0FVHpe3YghV89KaSQyQBzTyC07r1e7WOgrmlz4GiTH1NGCs66zNp8ieMFvqurDVxmuT5p5T6at0WVTloztr6hqoHASvJA7jlbaz9UeMAySQOH7rIXPpmVjzPRnLTvgKtp/m6SXz6mlqfDE+jxeo0sovE1hnscdQJOEUHK88tXUMzSGSykH1WsoL3DM1rJDv6hGlg5s6mi2HKKHkNzndRg5pGoOGPVPz7qxGGH8ffGEYPyM5UJdEpChRN1FFbJp7KCJxwQjhwIyoUyBcLFHPKauieYJ+QRxlRrdfZ6ap+Quo0yA4DjsCr1pCg3O2Utwb/NYNWNnY3Chec8FpDVF+3KlNfq7LFU1wrLLL8vWNdJE0+WQb+X3Wooq2GqjbLC8Oa4eqEXKP6LLGQm4IPCY2VpwEUPyoAIHHZLA9Ui3Y7oXmzwoUHTc5TQ4cZRM5UIBezZQpIjk7cqyIygSANxsqZaKipptWxaCPdea9ffD6muUclXSwhrzuQBwvV52gtJA4VPIQ5xY9uQdt0icNxu0t06ZqUXg+TL905U2qZ4MZ25GFRkaQd19RdX9CUt8hc+ANbJg4yF4H1j0RdLDKZXQnRkjZc6+jL4PaeO8pG7EJvkzEcxDlIl0uaCMKDvnOMYRWzEYGOVzLasHpqNS48Poa9hBT2uOyfkEZKHjDsrFOs6ldsZ8omwzEAKbHLsNwVUh2FIimGQlm2u3HBcwv1DfuhVMQA1AINPNjCkF4kaqNGckQDkLo8rgQlICDumg4yoWTI5CWjPdOcS0gqNHJ5sY5R3nWAeMKDa5YJdNLoIGVbUT9W5KzbJPOB2CuKKTAB9lDoUWezTUspwAVPjk2GQqOjlBcOf1VvE8aeMqHYos3ExhBxhPUeInuioNpsTHpJJKxgkxPTFAGNLGkHKr6una4KxPBUZ8ec74UM84p9lBVUJyTp/dVdRE6J3qtTNEHDGFVVdIXZwMKHO1FK7RUiQ75CXiguzjhPkpyzJxsgDV6KpLBj+5FlR3GSB7XtPHutRb7o2pa3Uc5/ULC79jjCl26vkheOMd1ntjk6Oi1sqniTPQWOaRkFFI1d+FR0NxEwGFZRVAOyyTgej0+rjNcFjDO6E5/daW01xqI/De4EtGx9lk2vDgj224mjqQ55Ok7FYrK8nb0uoS4NsOV2ZgkaOyFSSx1LPFjcCCpIOntlYpROzB5iU1bBp/D+6ztbCY3mQbHstlWQ+INgqG5UYfCcDcb5QCrVh5RYWG4Nr6PwX/AFxjBT3F9HUAjIGcrKWu4OtNd4js6HHDgtrVCOtpW1EIG4DgR6KBU2ZeC2ie2eJsjTsQj08xh25B7LO2yvdA7wXnbKvA5ruHKKOezWQr5b/nB8xTgB7d/uo9hri+N8MzvNGcK3JHBWVuIktNxNQxpMUn1D0Uxgtz2M2MM7TjBGE6thbUQFzcam7qtoZop4WzQyZBG6sISHjGUA6Nm5ZO2eqA/lPO4VrLh7Q3IIWZex9NVGRpwM5wriCqEgAQYGxnuK+Rxp6slv05xhTGv1BcuFOHxa2jzNOfug00uWYPI2KiGPoiXSIPgOOV5zfaT5eV8gb3yvUp2iTGQsV1PQt/mELRCWDmeQozDKKTp6uME7QXbZC9OgqWSRjTvkBeQxgwPDm7EL0PpmvbV0rWOd52jCYY/H6jH+ky9L+5SY/J3Ued5a/RjhJsoB3CW1k67nngHXROLPFZ9QO6aNNVSlruQMFTJMOhdkdioFMQGnB4K0V8Ge2KksHn91p2xVcsYGGk8LCdQUYgqdhgO3XpHU9MYa0OI2eSQsX1LA1zNRHbYrv6C1QaZ82+oNNuhOK9GOnOCAr+3zZhYAOyzczj4xYR9Ks7ZVaY2hw4XuNJZvjk+Ceaoank1NOctOVAla6C5RyM2JcM/ZTadw0j3QqwBrhPpBx6razz1csPJNupxioHoru11GqlY0AZO6z9Yddua/J39VY2KY+Ax2OOyRbA9J463c9pdPwWkHbbhebVLpaHqghhw153/VehucTusX1dHHT1sNUxnBGSkPg7rWxbjQ1THTULHjfHKr45TjSQptHL4tv+7cqvY7zhnqlsfVLcshTkHKdCfNshOGDjC4CMpTSNUZYZaRuyzdR5D5SE+nOWcph+r80pm2LyiCfK8j0USQ4ndg8qRVgiZ2OFFkIzklLFzfI4ODeUaCfJDeyjTDhBa/w3ZS5LgZXZhls92GZVLXDLgR3Knsn1N37qFXM8oPqkp4ZqnLckyC9waRvys31YxuqGUDBxuryY+YEnhUvVI8Wja9v4ThMRy9e80tGcBzuE48JjSMAeyeeFZ5ojHlIcpHlIcoiBhwnM+oJo4TmfUFaAJcO2EYDCBDwFITs8GezgceEA8n7o54P2QDyU2MsIE4nk4HCYnO4RPkIFIRq5TofqQJM6kSMZ2CX/AHC/sSZDhvKhHd+6LMScY/zQRucoZNYKOrmMuC6iQt1OCx2ywsmuiO6aRY26Evw0Nycr1vp63soqGNundwDifUrznpumEtW1pHBC9YiYGxtaBjYLz+ttzwfQfC6fat4RuXyAAKdE0t5UWkYNepTlw7pbmewpjiORw4Q586dk5BqCA3KursZN5Ketl8afw2/S3ZOjpz5WNbz7oFL/ADKxzyPLkq6t8PjVDXafKCvT+Moytx5jy2qVVcpMttUdttpeRgNZkrPdPUT73fTcZvNDEMszxlWXVVZJDRtp4iP5wIKt+k7YyC2R6BhzgCey9Zp68I+Fed8lKcmos0tJE3SHYw1qs6GMzSDbbPKhsADGxt+yv6WCOmpw/TvjK2fieInPnLA3Spjo6ckEZA2WbsFFLfb3478+HA4OcfX2/wAky/3CSuqhRwk6nO0jHqVuelLJ/CaNgO7z5nnHJVPoGc8Iu2Na1oDW4Hou5Hqke6jSSiMFzilJNszylvZEvNwihjMTTl59FTWu3mtqgXZLW+Y+65cHCapcWjO60vTtD4MQlcNzur6Lbwi8oKZsEDQG42UkprZBzjlPLtshLlHImTyPTJH6Rgd0x0+NsKJW1kdJTvqHnOngKsNESyU/V1+/g9L/ALu1rqqUaY298nvhR+i+mzSskvlx/mV9Zhz3P3LR6eyprHTVnVd9lu1X/wBmpn6I8j0XozAGjSOAiG52nA1Arqr5ePTHvK7Zo9PdHlk8OJ0g3wo9oozWTurqjfScN9FCi0sduFFAahxzNNu9x5+32U/xM7Jj34AAXI43FWASGps8rYIXSuI29VwDSMrFdX9QOnd/C6d2JMdj7q2y0slP1Bdaq8V7gXnwoyQ1oOywHVnUErybNaXOdNxK5vb2Vl1VenWikFHSvBrqjhp5AWGu9zh6Qtk10r5A+rnBdgncZRLg30UubwuzPdcX6n6YtrqanPjVE22AcH33/NVPw06Kku2L3cmjDyHMLt8qF0Z03ceurn/G72x7aRrgcHv6DHovaqKCChhEUbcY5KYdu696Ov4Y/l7YWOngt9MGwgaWj05KLTVNHaKCa/3eQNDfoLhs0eqZR0fztQLnWuEVFS55/EfQevC8B+NHxRqOqKk2W1T4tsbsFoGzscJN08GTQ6KettUfRRfEz4h1/WNzf/OcIGEhrQdsLFN2TdLjuiMBysVkmz32lojpavjj0dA9UVuMei4MYGya/wC+EhvAzs6SADuo8rxnYhcmfgbFRW6i7lC+Q0sklhLiD6I7QEOIYbujtURU8+jiSckmRWRI1EcuF4xkKJNXxx7HcqpzjBcjVHdwSJZQ0Z2VdPW7Yyo9TWOefKdiokhLsZKw3ajd+JohXgJLUOkOQuDH9WUJJjSTglY5Scux6WBJeIfROwEhpCLBZzB9EsFPEgAxpS8Qf0qcEGhuThE0jA7oer2TNZUzgMOG44OUsHIKDr9l3XlM3ooPhoGMD9V0Bnt+qYGSEZThHITypvQO1s7kei7q9l3wDjOEvBUIdyPRLOey74JS8EqEOavZLV7J3yx/q/ZIUzj+P9lC9rYMO34RARjhP+Xd6J/yzvZGTa2ByPRLI9Ef5V/sl8q/sMoclfHPtggG9xsn+HRHgkOS+UqOdKQgmB3jRFqMvaEYG/hGyY6mGM5Uhsb9PCIGEFDKWBijkrTTuBxhcMLmjOnKsg7G2nK6HtzuMIVyGq1Loqix45aU1XIbTO2z+SXyVO4fTypkn8aT6KlJWclsaf7kcqPJap3DIxspkp6eaIRGEkY0c0ZIc08ZUcO34UyivjkhySXPCWCrAEkkBld0+6vBDi61DSQvogVhPCKCMILU4cpMuwAqS4CuoiCSSSRxj7IMSSSTCD0kklZBJJJKFMaO6dnG4TWpyNNroWy8tN98HEVSCW+oWiYWStEkbgWkZBCwB9cq6sl6dRnwpyXRn9kyuxvs5+p039UDR6fdOwU5pjnYJ4DlpGU7AxwnHLbbGYCWAupKF5AuaOy5p90YjK4W7cq8BgVwZByCnEHK5gqii1tNY/Pgyuz6K0e1rgMbrNRPdE4OHZXtuqRURbncJ0VkzWw5H6QeyHoCklpyh4wnJJCkyOW4XNPupBGUtPuhyHkiub7rUdBdRPs9zbTTSZp5jgtcdh7rPvZnG6E5pByDuO6ODwxd1Sti0z6JIDhkJun3WR+G/UTLjbzapnETUwyM9x7LZFu3K3QeUeZtrdcmgKS6eVxECPSSSUIJJJJQgxJJJQg1JJJQgxJPSUJkYkkkjCGLhAwupKBgXNOTgbJM+oIxA5Qg06s42VF5CYy3dQ5m4zspo4QKloIGArKK93KCjvBygKB5wBkGUzARHpigUZZ6Mj1dQlmKiNm3dUNtlLZ2g8La9SU5moiR2WDa/wAJwI5CzWHUo5jhmmjeOyKoNvk1xB+cqchBksMEkkkoWMSSSUIMSSSUII8IZaSeERPa0eitdkRf9CyeHXyNxy1egA5XnfSTcXAgHsvQGkeqdHo5GqX+owqTWn1XWpE5RpZMwRI7jCSTvpP2VkMN8WJg2joofXdYGzTCGsje7u7C2PxaeDUUDAeI25HvusRS4ErD6OWefZ2aI/6GD2enOqCI+rQsR13TeUlowcrZ0DwaOA/4B/ks91lTiSmMh7qJ5Rkql8dxQdB1ssNW+BzwWkArQX2kbBVeLH9EvmCxfTchhug54/1Xod6pXVFFFVRnLWAAqLk03x2y3IzCSR5SQEQklzISyFCzqS5kLqtPJBJJJIiHpzmOY4jGME4I7brZdJ9XMMf8FvmJI3DSx7vT0KzDy1/4cKNJH3aN1+VpSyf0FN1cLdP09K6525xfSuOrA3wtFZ71BdqZsjJBqxuO6xXS/VPg4tl3IfTPGnW7fH3U2uoZ7BMbrayZKR51AN3GCszjktywbk79k12Bg4VNaL7HcKYShwJA3HorZs2QDjlXsCGSQtlBGFTV9Dvl35LQNcMFCqGRTMLHMwexVBmIrKKSB4qqXIc05wFe9OdYvdKKO45AOzXH1XamiLRsO3qqCsocOLmjdULayenubFVRhzSHA8EKouNip52ESRA+4CyNk6mqrJVNiqHukgfsQTnH2Xo9Bc7ddqfNNIHYGSCdwpkDmJ5dc7NXWGoFwtriA0+YDuFd2HreOZwguALDxutbcLZHURuaGAjusXeOjmTZfB5HjjGyhfZugIZIw9pyHDIKrLlTB7TwFi7T1Vcun3fw65tc9jDhrjzhbq23agu0eYnNc7GSDyp8hSRka+3AkloVFV0BaeF6XXW+M5c1o3CzVzt7Rk4xuop5LMRNS6fw/uoU0enkLSVdFhxwFUVVOc4xhOTygmsFQQWuyBsE35iZh/lHSpb4djlqiujweFbWexclk9T6G+Ksb2Q2jqNrgR5W1XbHbV/1XpwLHsbLE9skbxlr2nIIXy3g42Ww6N+JFw6df8vcC6ppOA3O7B7LNZVnoXho9zc1r9nDKq622uiJqKfdvLm+imWq6W6/UcdfbKhssbhk4O7T6FTW+QjIyFlnUVvM21x3GN1LhkLHB2FOrra2od4tLhjvQqqeKmmkDKppDTsDjZZXAn5GioriZGBjzuOMqeyTXj3WXilLSHNKsKa4FhAfkhVhguvJomNGM55TwB6quirWuAAJUpkmRlUZ5xwySyZzSpUUgcANlABz2RGPLSoZpLJYJyjRzAD7o7XhygprA5JJJQoSSSShBqSSShBySSShBJJJKEEkkkoQeeEzfPsnrmAoQ6PdJJJQgl0E5XElAA3le3DgCPdVlTZonuM1I4wSerTsfyU5226TZMbYV9BdFK6esoHaKyn8RvZ7QjsnpasZhe0O7g7K2IDxggH7qtqbLTTO8SImF/q3uqL+TkDJF2cFHlpYnjBHKK5ldR+Wob40fZzeVxlTTTnEUoyOx5UIpYKya3OZl0JwfZMgr6+hd5iXNCuCM7IZomyA6sHKg1T9BaS9wTgNkw0qyBDhlpyCsxWWx8J1xDn0UenuFdQO+pxaOxUL4Ni5d1Y2VJRdR09QQyYaHK2ZNHMA6NwP2RgNBwM7rqEDg8rok7YVpg4HkZUOttlJVtxLE0k98KWHArvPdTshkK/piogJmoJCMb4BUehul2t0nhzEnHYrbPZjG6h1VupqpuJIxk9wFQBFo+paefSyUaXnlXMNUJPpw77LLVHTcgcXQPGO2VFjdcrbNqBkGNsjcFQpRybtrg5NIDuQD91m6PqiAENrXYPq1XtNW01QwPhmD8+h3VoXJNEO4dPW2ry4xeFIf+JHs4KsFJebLl8TzWU/YfjAWkMuTxwiDB7KiYM/TdSUGWtqHOgedsP23VxHI2o3BCi3Oy265s8Orp2uB4IGCPzWaf05een3eNYqszRDcRSknA9AoGlk2RcYyADyuictA2ys9b+rIZS2lulNJSTjbLh5CfYq+jLZQDG4OB7jdEA0SBN7J+oHuEDQmgHKUDgkswO/KdLTQzD+Y3OECPIxlHEgCYDtZCntMTsmLylVk1FUwHVpyFo8hNcGu2KDBZmmXF0DsSO0KwprlHLgMOSptTbaKpZpfGN++FUSdPSxSF1LOWhGDlSLcTkjhGimcNjuAsu6S50MuZGuc0dxup1Neo3+V+zvuryRou/EhecvjH3wugQuOIped8Z4UWGZkzcjByniJudWFasF4Yd1NBLnxGB59UE0JjOad3hp5FT/AMEjb1SbUVI2nbjHojU0VkGKisp5P57fEZ6hHcKC4DTUwRytxghw3H5pa2yDGcH0KjyUziQW4RxscHlAzWTNXv4TdLXpp+WjNI5xJJjA3P7Lz68fCC72WT5i03CV0kZ8rhkbL2fw6qHzteUVte4D+bCHH7LXVr7IMW8ngsHV3xA6ZeIJWmQMOCXjstRZ/ji1zWU9xp5Y5O+BsF6bVW7p66tIrKNmt3JwsX1F8ILPcHuko5hDncEDOP0XTq18ZfmKkoy7Rd0fWXRvUsTYpRC+V4/FjP55VR1F8CfhP1s0urLMyOaTdzon6cn12XnN4+F/UtpjfKxnjQ74dHucKpt3UHU/TcgiiqJdEZxofnZdCrX7Oa5CZ6eM/wAUd6m/sPUUc8s/SPUYiDvMyOcce2c7heQdSf2dvjB01I9k1mFXG0+V9P5g4evC+kbN8ZbnExsNXNg+q3dm+KVBXMYyocwOP4s5C61PmNTB95MFmicfR+ddztl3tMzqa822alew4draVXltvk8zXt1H2X6b13+wvU9II7pQ01WHHLiWg5Xm/U/9lz4O9WvM8FPNbnO3zTuwfz9V2tN9QRjxeY7dFJ9I+EfAc4Exux6IQFzgOchzF9RXz+w7XxF8/SHVjDEd42VIzt6ZyF5f1F/Zl+MvTbDK+0Mr2tO5pJmvA/ddejzGmu6lgy/xLE+jy+SvkjwJG7/ZFguVPjPB9D2U+52LqeyHw7107PAW8uezZVH+5zPIdH4bu+Vvhq67PweSnTJF1T3Q6AIagjPAyrGm6iuULBG2pcQON8rKfJwfhlx9iusjkjOYJySOxKZvz6JG+yD4Z6NSda1LYmslGSO6tqbrWEhonicfdeUx3KshOCAfyUuO/PyBPEceoQtpnSo8hbDtnsFP1VbZWHD9LvR2ynwXCCpAdHKDntleNxXqlkOPMp8F4ZCA6Kd4/NBJZOjV5ST/ACPYmSatxunDUeQvLKfqeuj2ZUP9t1c0vXFxjDWTsa9o743QNm2Hka32bkucPfKfG7bJCzNP11QyYEsJB+6taXqO1TjPjhuVDXDWVSXZaMLXHBGyc6CAjOjlBinp5Gh8c7C08bopOeEOMDlNSBmlh5DVxtGDwOFITo+6voIjCjI4H7rj6OQjygFT8BLgbKtzJgpX0dRk+RAkopTkui/UK/EnmxhEDgRwom0A4JmSfa4HkiSmZx3aFX1fTVBNxTM98DC3JiYTnSP0QX0MDnasYRqwTLSwksNHnruj7fIfLqjd6gnZR39I11OdVHdZvYFxXpP8Pg9B+ibJbW8xtAIV/KZ56KB5syj6uon5gmbO0ctdvlE/jnU9Of8AebKZGj+hehiilDSNDd0P+GyOJLhsUSuwJloPakzDx9VSHartFTF6nAUuHqaxPaI5Q4H3buFrTaKd31xh2echCk6XsdQ3+ZQxk/YIo38iJ6OxcRKOlulmqXaKeoDXf4nYUttPU5zFVyNb2LXIkvQ1le7LINH2QT0fVUw0W28VLG9myO1Y+yP5zLLSXQfRYNqaxseidzJQBjL274Ud9PbKvAqbRTP9y1Rounup4JNZrWTM/pcFJZFe6U/z7YZG+se6OFvORNlKf+5WyLU9H9MV7BqomUrhnDos/wCqop/hPbZCTS3gRn0eFqnVUwA1Wmt2/wDoaeyaKTDtLmnuHNIITf5Ml0ZZ6CixfdA8/rPhRdIf+y18Ew9eFT1fw/6npRn5MSN9WL2Bk8AGBIAjR1LgcB/Pur/k2e2YL/C0z5jlHgdXZLvb266yikY310qIQ5gyWEfdfRZdHKCHsac7HZQp+nbBWb1FBCSeSWjdMVz9nPn4aceIS/7ngLZy3YhNL9e+ley13wxs1Tn5fyatxk7BUVf8IK6NpkpqqCRv9OrdNjfW+zLPxWpr5xn/AAeafy++EeFtDJzPh44V9W9D3Ogc4VNslw38TRkFUs9Hbm+WaCZh4zg4RqUJdMRttrf3JoIBPj+VOQ3spVNdK6n8r2CQDvlQW22TH+73Fug8BztwgupbnE85aXjsQdijdUZDYa22L7NNS3oSbSRaPuVOZXU7hkOWQppCAfmHGPGx9cqSz5iR2qnlxjuTyg/jwOjT5O3pmqZU0j9nkkpzWtl2Zus5HW1UJ8OWnBPqFZU1ZQyxgl0kD++yCUEuDVDWufZLmtvBON1CltM2s6MEeyneDLMAW1Ac08bojaaqI8PWcdjlVsyW70yma+ppXkYdsjRXV2cSAkqxNpmzqIleD+aT7K2ZhaWNBHqN1PhTZfzSj0MhrRKAWqXDXzkBurI91TTWOqjJdC97S3uFELrpSS7sc9XKnCNEda4dmsbVvI3IC49zZN3aT+SzMd2eTiQlp7hWMFaJQN90CpwMWujLssjBn+7mdH/ynCFJT1WRofgjh7dihmUgBdZXPZgEZHoi+MP+VFdkukv11osNrIvHY3bLPqx9loKC9Wyv8sFSBJ3Y/YhZ2Oogn58rvfZNfbIag6mHQ8fjZs79VajgTLUv+l8GxeDhBETXZ1DI9Fl6WW80D9AqXTsbwJDlWNP1HS6hHVh0TvtsjTwZ7LE/yLGeCPHkbhQ6iha5mXMDh3BCnslhqWh8MrXj2K45mRynQkZbaa7otMzbqFlPMJWZ0/0nhV9daaGtyTGI3nuFq5IWHILBhVlRRYJcwbLfVfKLPIeU+nKrYuSRhq3p6ppSXw+Zo4wokNXVUj8O1DC3D2OaCCNvdVNba4Js+XBPcLoQvyuT53rvBzpltSG2+/zta0+JlvoVoqW6iZoJHPbKw09rrKMl8Pnb6BdprnNTuDX5BHOU5PJ5vUaKVUsSPRmVAeBtjKLnIKytBeHFoIfkemVdU1wjmwCcFGYJ1OJM14PKOyo4bsooc08FOAPqg3CXwTg/I5SzlQvELSOUVs2cDChAksEczCyRocCO4WclFV03UOmYXPp3Ozt2WkEgKUjIpWlkjQ5p5BGVYSZ22XmOuDHR7Z5VwyXOAVgrhRVVnm+Yoy4wF2dI/D/6K4tN7bUaTI/257qA2V5NY14IXXsY8Y7KDHVxlo3P/VSI5g4KCXFo4WCI+QcrrJSdiMIwAPKBJH6KAhsg91xwyEABwKICMcqEBSxE8BVVRTGKTzD7K9GO6DUxRysIcPsfRC0MhLBTsjzg4zhVV/6bob3AYqmJmcHBIWiZT6DjGV10GOBys847h8LHDlHy/wBffCuusRkuNCwyQkk6Gt3aPX7Lzggg4OxC+3K23wVkJhmZnK8e+IHwVbV66+ylschy4tPBWKzT55PUeM83Ff6V7PBXbADK59lIvFpuNnqTT11O+MsOMkbFQ2OyD7rm307T1+nvW1Tg8ofsPROa/J5CAXZSBI3ySsLqOpTqovssoZtIGVMiqSSAQqeOQAAZR4ajDuOEB0a7sltIA8AhR3NXYZwQB6o8jCWjAVGjPsACMo4IxyopyHYT2k4UCUg7Rg5yp1JUdlXtOxCdTS+FJnsVDRVY4vBpqGYlwz3V/TyDA4P5rI0c51NCvqaTIaQUB2tJZwXsbwRsiKFC7YFSmH1UOpGQZJcG66oHkSSSShYw8KM9p3UlNcBhQXP9kMt3QXRNIUt7MHYIOlQRJZ4KmqpWu3A7KslptI3C0ckYO+MqDNTjP0oJrJlnQpdGfmYYz9OyGCWnPCt6imBGzQq2enORpH7pcomKcHWyRR3GaNwAOy0lDcWyhoackDdY8DRueyPS1zoJQ5hwR+hSZwNmk1LrfJv4aguABCI46sEFU1vuAnjDm8jn2VhHOCN1klE9PptQ2sl/Yrw6imEU7iY3bfYrXsmZJu0grzVxWn6fu8MrRTveWuGwysN1eOj0Oj1n9EzUgg9lW19JIQ58Y2zkhWTNhulK0FuOFmOjJbkef3ukc06wzAKvOlLuJKX5KU5czYZ9FIvVvbNTnS3cbrHwTSUFa14JaAdwqMrTqluNvUwmOXxGjbkKyoKtsrQAdwMEKDBMyuomyNOThRKed1DVgOGz9lDdCzJpnF2OVEq6WOujdFKOQcH0T4589uV15O2AoMn9yM909Wvoq+W3T7YJAWqhlIKyd+p3QTx3OAYLThyu7TXNrqcTN5A3QrsCFjitrLKpy9pI55XaGYtcGO7bLjZA4EY7IBd4TtfZVJGqEi8PnZznKq2vLJvDxs4ndSaOqGnGFypi04la3OShwx65EqO9UZlDnluQ7b7K3ZMDtyhVkYlj0Y75RoG9bo4PLrlA6mnLOBnZWfTFxdTVLW6sAnGEbqGhOXODeOCqClldFM05wQUxHmMOjUHrcjQ8NkxyNyo7/KQRuhWiuFZa2tJ1PAwSiFpwhO9CW+OSU0h0RIOchVrSYptJ+lyk0kp1OYdxjKHVhpOR6psXhlTyZ7q6AOjbI7twfdY65UzaqkcNPmaMrfX6OOe3HWMkDlYrHlI+4XSok+MHkPMUZnLPtHmdxh8OckNwcEFBpalzTjHdW93h/mvOnYZVCz6iR2K9142WakfBfqbRumbibWklyxoznIR6tv8AuriBlVdtkLg0H0H+SuXMzSuyOV2I9HgJp1ywMDjNaGu9NkfpyoOHsIyAdlGto/lTQO3YNx7KNZ5HQ3J0bXeUnhVbydbx12LOTZl4LDssr1fTvmovFYMmM5/JaWLdpyq29wGSke0d1mZ6784YK7pSofVUmmRw+nGCiTtMM5aRwVT9M1LopJaYghzCQfdXVWC4g43Sn0FRlLazjnBzcoQJ1crkZyOVxxAO6zSyzWngsaJ4IAPO6dLjxDgYCh08miQOypUjg/B4ygNVMskKuG+VWOcdQ3VrWYIPsFSyHDjk90E+GMaDvOw3UadxaQQiINQ0uaMIW8oQ20wtNUFwwUWqIfCdtxwqxsnhOUwSeIwDPKU0Pjbujgqapxa7ZVV4HiW6QHkHKt6sZcSq2ZofFIxwyC07IjNqfui0Y9pOQM7I/wCFBDSH8bZRvwqHnGBPKQ5SPKcG78oiBGfSE9v1BMZ9ITmkBwyrRT6JLOE8cJjeE4HCallGWwcmJ6YmlM4AcpxPlXcDshuyMoywTsZRo0E8oreEtlnTjG6juO5CdITnlMWeTyyMWM7KVRR78ZUVucgKyt0RkkEbRyVi1M9scHS8dW7LVg33RNrjeBUOGdJycrbqssFGyit0bA3DnAElWO5kGlea1Mt0sn1DxlXxwSJ9NGGMB7o2QgQ5LMZXW533XNayzuR4WAxUCvk0ROaTvupkv3VNWzg1LYmnOeVs01e94E6ifxxycomAQBx+rJWitbWNpRI7n1VPT05OGgbKwrasUdAWNbg42XuPF6bbXk+YfVPkJRplGPsr9M936oZG4fyacBzh7L0OiY2IAMHlWU6PtbooH104JkndqyfTsFrqXJOlrSc+i66i0uD4nr7XKZb2ymNRMHOb5GblSL9cm0cBjZjU4YA9FLo4fkaIyPwTjPKx9dPLeruKSEZJyAmHNXK3MtOjbM+vuIuM41MYSQTxlek4AbgcBVFmoG22gigaMOwC77qza5FlC5S3CPKqLtUlv8pqs6iUQxl6oZs1UpcOSgFDrLQvrKlrnt8gOStixjY2hjAAAoVoo20tM04w5wypyVNkCDlFYdtygrhOBjKiWQAkrwOeFi+oKqW8XCO00jnNaHZke07keisuork6Bny8D8yOG2PUqR0pYm0tOK2qaXSynJ1cp3CQSeCztdGygpI6aJjWNYOAOT6lSnv0DjKc+Rrdgo2S48JeOSM7HG+tmbFkhucnCumtZTRiNjQAPRCo2QwQ6gPNjcpNldNKcqAhWOMjgcbKWAGtCBHgbqPc7hFR0b5XnGBnlTJaWSt6sv38Mp/Age3xXjjPZea1VyFBT1F7q3ZleSIwVJqrhJeLhLcJcthhB3cdiAsdPVVHVF3OpzWUNG7UezTjgf5I4rPJrqr9kNrYmCp6t6il33cxrncemPQLyx8tf8UOpmuw/wDhdKSPTJ9T7bK/+KN7quorlF0bZhmPZs2j3K03S3TtL03bIrfTMAcANbu7imY9Ha06jpa2/wCt9FrbLfS2qmZR0sYbEwAYAxn7qyho3XBwxlsLD5neqZR0UlTKI2jb8R9FifjH8S4ekrebFaKj/fXg7s4GP/moJvCMtNU9db8a7M78b/iaGU46LsE2iNoIqXsdufb2XhAl1uwRwuSVU1TKZ5i5z5CSSTklcYfMNlz7Jts95odHDRVKCXPskta0gbJ3lByAmt+kJzsNGSUJoec4RwnAyoc83YBEmlHCiDJckyngZGI4l0h3CkQwgeYjdKGIEbhF+lCuS28HQAOF1JcztkJiSXIOMhRt3Qpp2sG5CDNWtaC1Vk8zpCcOSrL1FfaNrqzyw1XXnOInKA+Rzzk8ru3qmh5yVz7rnLs0Rgl0cJyuJJZwkB/iO8R3ouBxHDVzUP6Ui4eihDmsruD6rga53DUXwJT9LUzDZAadod6IzKOTILsAIuhrMbcJirI+CKIneie2DJ34+6kbeiZpKr+xW8e2np8ZLN11opGndmCmYcuad9wrJkNrYPpbsl4g7DCaGpafdUTc10d8R3fhJdwUhHg/SmKBSlkWCiNaQckJ0be5CKGjG4UGxQzORxhOjHc9k7khEDMYOFQ7CRzT7LrW78IgHqlgKm8hJLscGNwEtITgcbAJZHoh2jE8HDwh4OURPLQOAo0T8gYjBGSEvCb6YR2sBThCpwhirXZFNIHf/NXBRnPH7qboKWgqnyNVZEFP7BIxOG+lShEQUTbH0ocDFVkhZcNsJ+Hf0/upPgj0Cd4YVYYxVkV8YeMOZkIbrdSvzlgyfZT/AAhjZqYIiXcboWnEF0xZVTWPG8Jyoc1BURN3bkLTtiwPRNAH4hlEptCbNHCRjXMdGSCD+acDla2egpahmh8IVTU2B4BdTSZ/wuTFYjJZo7I8xXBTEYXeEWSmnhcWyROGPUJg5RYTM8oSh+RzSR2yuavZGGCBsuEY7oXXzyKGNyNs7Ig4QgfNhFHCqUcEGpJJIiCSSSVyWSD0kklRBJJJIyDEkkkQAVJJJWCXFkur6WTwpXZjPqtUx7JI9THZB4Xn7Sr2xXgQSCnqHHS7Zp9EyqzLwczUUdzgjREHPC4pIDS3IwR6oRGCtJzk30wKSJp90tPuiyHkFgJEAdk/QUtBVcEyAzzsplsndFMBnYqNp905oxwUxdgyjuRp8tlGpoQ3Mxug2mqBYInjJKsJYhyAmrk588wlghaT6JYKPgJEDHChcZ5IpBwhOBB4Ust34TNHsrGMNYbnLZ7vBWscQ0ODX+7V7rTVMdbSsqoXBzZWhwwV4A6I4Xo/wxv/AI0clmqXfzIxqjJPIT67McHN1enUluRuDynLpGENaE8nHHpJJKEEkkkoQSSSShBiSSShBqSSShQxJJJGTeJJJJQMYlgcpJKBiTZRlqcuOBLSAoQrpgAdlCPKnTgg7qCeVBoxMT0xQtcEK5s10cjcZ2XmdSSJ3xEY0lepTjLSPULzK7M0XSdp23Wazg6Ollngt7U7NOBlWQ4VFapC3SM7Dsrlpzv6oE8jLVhjkkklYAxJJJQgkxPTFCD11q4nM5VoiLzpIH+IH7LctJWK6SA+fJ/wrZDkpy6OXqOZslsdnOURRWqQ1MMElzwOXDwuppeGjV/TuVBi7PLfiZOZr7HCeIollY3aSD6HKsOq6wVl/qpjknWQN+yrGuyDss8+z0mnrSqSPXrHP8xbYH5/AMhEu9JHVUEjXjJG4VP0TWMqLcGA7x4aVoJQHDB4KiWUce1bLjyoQGluoMRwA8L0pzg626Ozmj/JZS+WZ8deZYm7OOVr6Fp+WjY7kMH+SiX7GWWbsGSlgMT9DjuhuZgcqbdW+FVu2UR5AbugGx5RHJOUslI8rigR0E5RARhCXclQg5PTE7IVt4Iez1lqqKOQseNQAyHDuFAc0k6V6XV2rxmYLAstd7DLEwyxx/svykrM9n9B9uTMSwZG3dXvT/U1RRMNtrsSU7tgHb4CqXRkHBCFIzbI5TAJReTQXSmntErbraHa6d3mfGDwrrp/qymuMbY3kNcdhk8H0WXst5dSu+Vq/PA7bfsjXawTxO/itjGqP6nsb2VSRcT0WObON+UUnK8/sfWI0NgrSWvacZWupLnDUNBa8OBQSWBqZYvjY4Ycq2tt7SNUbVOL9QyF0nt6pbLMvcLXG+IxPbuNwe4UCiqq6zTa6aVwHcE8rXVNMJcEBVNbbDyG8ocFNZNRYOr6GvhYKhwZKPKfurx9NBVDOkDPcLx2SmNPKXRuLSd8D1WksfW1Rb3tirWmSPjI7Il+gJRwaK9dK09bG4SQtfscHG6wpoLv09V+NTBz4mu4HOF6zQ3Clr4RJDIDqHHdNq7VTVjCHxgH1AVNYKjIy1q6pprizwapxjkAxh2ylyRxPBBaHNPqqK+dLz0tQ6WFpAG4IXLfepaYNiny4N2Koj5Fc7QS8vhG3os/WW5zORghbuGrgrY8ROGcbgqurrW94L2gHurU/QRgp6XTy1Vc0eMghbGst5H4RwqOsoSDsAE5SyU1gz72kFCVlPT45aoU0JaeEQOC16Z6muPTFV81QSHDtnxn6XN+3qvaOl/iBaOpqaNjXiCqx5o5Djf2XgGkt5ToppYJBLBK6N7TkOacEJc61IXOH6PqRj3A5ITpmQ1sZgmaBng+68o6N+Kzg2O2dQgbDSyfVz7H3XqdFNBWxNmp5A9jxkFu6xzpaYCi0VdTb6igOuMl7FyGYPwc7+iuXZYdJ3+6h1VBBUjXH/Lf6jbKzuOGTfyKGqLSM7K1pqzIA2KzRE9M8RT5x2cpdPU6CMnZBgqaUkaRk4HAG6lAhwyHBUUNU14GCVOhn1Y3QGWVeCeCR3R4ZicBQ2SjujAqhEoZZZMcCOQnKvimLTupTJmqAShgIkuAg8LqgsckkkoQSSSShB6YknqEGJJ6ShBJJJKEEkkkoQSSSShBJJ6SvBGJJJJULZ0AHIIUKrs9JVHW1vhSf1M2U1qe1QrODPyUtfRfUPFj7EcpkVfGTgnSfQrStA32UKss9BV7yRaXerdlA4z9FcamMjBwQmPbR1LSxzG7oM9mraFxfC7xov6e4XIpKcbA+DIOz9lAlJor63p97cyU7s/ZQIqq5W131OLRyFpRUVERy4B7PZNf8lWeWRga4oxu4r6LquMuDahuCr2nrKapaHRSg57LO13TrXZfCB9wqh8FxoH5jc7A7KESyegl55Gy7HKSdJCyNv6pkYRFVtO3qranv9HUO0atP3UJhl8Hg910jKrY6yFx/vQprKppaMEYKvIDQXSCMIL4Wv2IA+4yjtfkZwuEZUwV0Udf0tFODPTgMf3HYqsdRXK2ASxZGP6Stm3uhuia/Idgg+oVAdmcoOqCHCKsZgjvhaCluFLO0OjlBz7qFXdOUdT5gNDj3AVHUWG40eoxPLmDcaSoVhM2bXat8Lp37rE0fUVfb3iKpBewevIV/SX+hrgA2URu7hxUC2NEutoKSsjMU0bHOPfHCp5bPd7SDJaKkvYNyx5yVeRlv1ZBzwUcOAGM8KA7WZiDq0wuEF2gdA/jVg4K0FLOyQBzHB4cMgg5Qqyjoa+MxVkAe37BVpsL6TMlrqXxuH4SThQE0IIxjhMOrUN+VRNvlTRuENwgc0/94PpVrS3Glq2gxytJ+6heCYCccruSm6hxldUAawEyVwuIK4HAnAK6oLfI/S131NB+4UOosdFUv8QMEbjzpCmg4TgdiVYttxKGqttwojrpzrZ/h5QYbxUU7gKylma3+ot2Wlc7VthDdG1+zgHfcZVMpT/ZBorxRVR0wTgu7tzgqc46gCQq+r6at1U7xWtdBKfxRbKJ/C7xQt1UtaakD8Ep7IMvJMxfRc6G+iC5k4OqJ+D6EqB/E6+k0muoHhh/E3fCmw3KkmaHNlG/bKPcyg8dTUMAE0YcO6Iypp3nGgZ90OORkrA9hyCk6FjuWq9zBwEkgp5fMzYpjqSUDMLyCOxPKA+F+Q6KQtI4XRUVtMMvLZR6cJinnsHag2JmMxKwEHnG4QKi322tiMNXQxuB4y0bKSy408gy4Oae4IRWuppBhsjcn1KdCxx6YGcGEvPwf6YujnSUjX00ju7Nx+iytx+CF7oh4tkukbz/AEPOk4/1XtDaYg7bBcfG5o3C0w1lsPZfZ841NL8SOlJi02WaogZ9JbkA/nuptr+ME1tH/vajmpiw4ka/8K+gY2FoyQq+usNgu503Kx0s53DtTB5vzWmPkJP8xbhF9nnVv+MHTldE2RlzEY/pecLY0F9t1wgZJT1DH6xnkYKo7z8Eegbrq8K3PpNXPhvWQqf7PVwonB/SvWUtva45BducemMrRXq65e8AumvH6PT6iK3Vmn5qip59GceJGHYz6LDdR/A74XdTxObVdK0kEhORLTAxOz928rLydKfH/p3Hy1XS3URf4tf+gwkPi51z065sHV3w+uJe0YdJCNvvjC31a+dfMJszvSxM7f8A+x50fVMP8HvldQvJyHOIkAHpjb/NedXv+yZ1zbdRstdSXED6cP0E/fJXvds/tAdFVc3gXSOrtzuMzMyAfTK29q6v6Wvbgy1XqmneRnSCAcLpU+b1NPUs/wCRE9HU/R8IXb4V/EqxuxXdLT6Qca2EOH54WXqIKqmldBWUr45GHBBav0sJgcd3MP6KlvXRvS97Djc7LS1If9WuMFdCv6psh/vL/sA9FX6PznA3O2E6PId9S+3b1/Z5+Gd3BAsopSeDCdJ/NYS7/wBkS1StItN+bSOLshzxq29MZC6VH1LpruGsC3pf0fNUVQ9oByEZlzqBgHhewXX+yd1vSBxttypawD6Sct1f5rIXP4GfEi16s2J82nnQVuh5TS2cqaAemknwZVlcNtWykw3Fn4Cotb071BQA/N2eqjLTpcCw7FRo4JYt5GYz2WuGrqn1JDYRlE01JddsNne321K0p+qLlTtDWT6mjjJ3WHOedR++V2KWoxpEuFo+SLNMbrf2em0XXFUDioY2RvorSn63t0jg17Cz815NHVTxu+vhHjujm41RhxHfhA2h9Wrti+z2mn6is1QM/Nhv3VhHUUUzQ6GqY4HggrxGK9Q6RqaQVOpb2yPGidzPz2VZNUdbJ8SR7MynEgywg/ZJ0L28sP6LzGk6lrWY8G6tb7Fyt4er743H+8Nlb74VKRojq4rs2mld8NyzEPXNRFgVFI12edDVYQ9dW1wAno5mjvsryNWqql7LYN35RRpIHCr4ep+n6kgNmMRP9eymCotNQAaeqY7/AMSrcg3OE+gw08Ahd0hd8BmMxuyugFu2CopBKKYPwm8pogOdtlI1+ycN1eUEq8ABTj0wiCnAOQi5Pongg91N2Bm0Z4Z7bIga7PKIGtRGho3Awr3gSgpDWsyOU11NCfqiac8+UKQC31TtAV7wVp4PloiCy22b66dpPsECTpi1yZGmVuf6SrVqeAcq1NroqWjql6KB3SNCf7qepYcdyor+k6gZMFaXezyteNxulpHoEatn+xM/EaefoxDun79TH+VplaO2VDnN9pcma2SgeoOy9D+yYWOPf91HbgzWeCg/wkzzp14nYNNRTP8AcOH/AFUepqrRcAGXG3RzsHAIGR+a9Ifb6OYET0zHA87BVtX0fZqrJDHxE/0Ko6jBit8NOPSTPNZ+juirg/UYTTZ9HYVVVfDgRB0tkvbKgZ8sErOP/Fn/AEXpFb8OmSML6GseHDhrzsVU1PSHUdDH41PCybHIikyR90yOslEwW+C3fnXj/B5dcLBc6KTRcrD4uNi6nbnHuo38Fs0uA6skhcfwvJBC9Ta+80LM3S1ymI/iAyQgy0vSNb/Pr4I2E93NwtUNdt7MFng0vweP8nnLemast/3K9U8rRwHHJC6/pm/RAOeInDsQvRJeibBXM8WgeQ08eE/Cht6HvdLNmhvA8IDaOqJITFra7GZp+IvhzHn/AAeeGOvpnGKSCQEckDZSoLlI1obLVMjx/WVsTb+qo3OZXWymmh3wY2Yz+aBVRWt5ay5dPSwjjWyPv906N0WJejvj2mirpq9zmhsVWyQns05R33EwgGWFzvdoTJelbDWyE0VZLSSt4LJCP1ygCxdR2yQNobnR1bPWZ++E3ItV2x7J8N5o5XeG9r4ie724BUlsdFKf76Mk/ZUU9ddaN2m+2KRlOTgTNbqafcYRIpun65wZT1RjkHBJ0qfJ+y0tvaJVz6YgqB4jGBpO4c0bKkrum7lT4dTBxI79itJFFeqUkxytqYm/h5OEQdQvjOiuopMdwG8KOeBU4uXRghV3GklIna4EcghFZeS44IC3D/4LXsJexp1djyFVV3Q1FVNdJb5fCfzjOxRRlkTKNsWU8dax7NRlAz2Toqyohd4kcpH5qPV9GXajjMjHeIe4bnKrWzV1C7RPG8AdnBHtTK+d19mkZfywhtSzP+IKxiq6OrAdlhPusq2tppm+YbogdCW6oz+hRSpj2iLVbniRqhDpOuCRzB6NdsUdl1raXDZIHVDPVo3Cy1LcamndgSFzRwHFWsV8jLRqaQ7vgocND4214+00tNcqSr21hju7XDBR5KdpbnsVR+FS1LRM17S5w5CfEK+m80cxewcNdujjJgtyl/cPPSDOWt591CqaCQbtbspDLzEx+mraW5244U/MMsYkp5WvB7A7rVXa0zmarR1X5ysGd8HRs5uFCrbbSVO5YA49wtFLSskDjI3dVM1M5hJG4yt9d2ezxflvDxlHEUZmWkqaKU+EXED8xhTaGum1APAyFZZb+ID9FHqKGOU64SGP/YrZF5R4PWeNspzktKSvJDQTz3VpHKHtGSsdmppXYdkAforKkurdIBByOfdCcWdeDR4GMg5SEvqFCp6wvGCiGUO9lYlxwTWS88D80XxFBac90QPwc5JUBJTgHjBAIWfulslpJfnKIHTnLmBXzXJ44OQoEmUVtvTwdL3Yx2K1FJWMma0g59VmLpZQ+R09IdLjuW8bqFR3eWmf4M+ppacZUKlFM9FjlyEQnKz1Dc3kN1OyDwreOfUAcZyoZpRaJelvZC0FND8FOEnbCgJ3OEs5S5SUKB5Hdv7pacpafdIHPZLwM/yc8L/D+6Xhe3KkacjYrugn8X7JYvcYHrD4aWXqSBxMQbMQTqPBXzp1f8Mbz01NJI2Iy0+Tp07kBfY4ib+IZUC62O33OMsqYGnPcBIuojYuTs+N8xbo3tfMT4TcwsJDmkEeqQIXv/X3wImlkmuNjcwh+SYsd/ZeGXax3axzujrqORgaSM4XKu0rj0e60nkqdXHNb5/RCBIPOco7DsD6KMPPv6LpJbj3XPlVk7dGplBJSLCGo3GcYCs452uaAVntRBB9FLpanQcOJKTsaZ1KtTF8FhOMHI4TWHsnNe2ZqA4GN3sqNKnjklDdJpLSE2JwyCU+TGBhQarCxo5hqHutFQO2BJWQpn6XgkrRW6cZACh1NLqMcGjhOw3UlhG26ronZbsSpUR3G6h2a57kTmnIyupsZy1OO6hpUsDshdQxn1RFBoxcduF1JQVYBc05JxsmN7qQQOUIsOdgoJIzxgKHJudwrB49FFezfYIMZAfBCkjBHChT0/cBWrmdj3QJI1HERbDcihqKdw3a3GygvDmELRSQjBw3sqqppjnIalyjwYmnHodbq6WnkGDt3HqtNS1pkA25WMOoFWVtuLo3Nildt2KxWROhoNd8b2WGvExcOy7HUvppGysOCDlQ6eRrwDlHIB4Kx2QyeohZlJnoFkvfzoaC/JxuFdF5k7cLyugrZqCXxIj9wt/Y73BcIWtc4B+MLFZHB39Lq98dsywlZrGCsV1FbzBMXtb5XbgrbS+g7qrudI2shMRG/YpWB92JR4KXpK5mOQ0srs9t1ortSB0YljHG+VgJRLb60OGRodgr0G1VbLhb25ILgMFTBVVnO1grZXHIglO/YlXbGh7CTssjXtfR1Ac0HAOVobbXiqpmvG5AwVRqU8dimEcpdBKwEHbBCprc91lu5pyT4E+wB4BV5Utz/MbyFV3Kn+cjErNpI9x+SskuOUXzZcHGOV2cZj0g7lVlprhV0wDvrYMO/JToz4gI9FckNhMLTzluBjhWTZGyxgA5HcKmJ0OUylm07EIcI1QsOEmCcsdw7cLtR/Mb6J1cwOY2UfV6pkUgezc7jZBLsv5MlBf6YmHIHKw88Zjkwe5XplwgE0ZZjlYK7UxheXY2BTY9HF19WHvRddJ3PQ/wHu2Oy1r5GuYV5XbK11JXAk4GV6TTVDJ6dkzDkOAKsPSX5jtCU5xK/f8ACuTE6CT6rjP74b9l2oIDR91a7Ne/JHnYJad7HDI0lYWZhjkc3B2JAC3YIcw43BWNuDQLjgDA3XQolg4flYZW8x16oAYpZRz91jaiPw3EgL0CsAc+alI+yxNwi8N+42GV6/xOoz9h8a+rdOtvzEq01fDXO9lqaSUPi0O32wVh6Y77Hdam0TOeGjO4G69IuEfJNUsfeTaYaJZWkY2UCLNLcw942cVYOIbUNe3bVsVDrmfzmvAzuo+QNLY4WI1cJ2DmnIKFXt1UrwuW54fSsOclGkAIwUiSwe4rnuimYSg1U11lY8AaitNVNBjBwsvdiaS9OeeHHA9lp6SUzUzHE5OMJLNFTwyFFKASMcHCZPu7YoLiWzuA9U+V+ktGEqSNSeQ0LznhSpHlzRsocbxnYKSH5jyBlJfDHVvAOQlzTlVM7cvJz3KtdW/HKqrh5HuLRgFL7NA1rs7hdqCNI2QYn4YG4RHHIUFTlgr585CLFMQ3CZP3Pso8UwDgCgwJVm0kVHGVVSYOoZ5VnK4OZjPKpJSWzOaexVi77eDO1H8uZzNPBPddByiVwHzLt8ITcDg5QtYOLLGeBg5TCd8p4OCmIZlBAcrrfqC41OaPMD6K0U+iXFwE8nCZFwE9y119Cpo64YCGPqRX8IJ5RCWHjxggoMmMLreEx/Kp8FDPxJ34UNpyeET8KCUsBg38po5XX/UV0cJDZTOtGStD0xQS1NawNHcKigaXOAAySvSOibeIB4rm5cW7Ll62xKJ6jwGncpps2EIMcLIsbtUunbnchB0gYxlSohgBebulk+laaGGmgwGEhucpOXCQ3nslVxyzocJDKqQsbsOBlUsTTPXB/oVNvFQ5sbWtONXKHaICSZjxnAXb8fpnKWTzXlNf8S2p4LakiGclV9fLJVXCOlaMt4wPurJrw0fqhdNURrbo+sc0ljXYBK91pKlVWkfD/qXyUrrmos11LG2CCOMADS0bK96fpnvl8bHl43VIInTVQhj5OAFrmtFtoWgDBA3T8I8Pc9zK7qe7GkpjTM2c/wAoTOhrU6SV90lj2+hpPqqB3j369tiblzNeP3XqdDRxUNLFTRtxobuo1kzzeyG0mjhNdsk12y5qDdyeFSjhmUiXOc+AQBugWiille2QjATZ3GomIaDhX1FAIYmjupPohOAwAPRJIcJLNLsg9RLjWxUcWt7h7BFqpxTwmQ9lkXSVd3rTg5bnA9k2BCVZaCW83R1VLnwmOzkjbZbBzQxukHYcBOttDHQ0McLWgOxqcUCok8R+lh47q29wLWRhLnPwpkMPG3KDBFuCQphIaxCUMleYniJvBRoPLj3UYeeYOPZTGlrRlQgSSbw2kkLznq+/SXCr/hFMSCR5iPTur/qu9CniNPC/zhvAPJKwNfXR2i3yXKo3qXjA9d1MYHVRyyh6uuklPFF07RPOuXBl084VF1LW/wCzNi+VocGqnZlrc9+x/VWtloZ9c3Udzj1SSnYO40eiyNVJ/tDe6iue0mmpn+HA30cEw6dMcLL6O9FWB1sjkuVwxJXVWHFzty1bSmgc4gluSeAg2q3vIEkvpnfsrm4XK32K1S3Wr0tEIGHYVuSiS6zdPKKbrfrK29AWE1NTtUStc2NvfVjn7DK+Rr5eKy/XWa6V0zpJZnZJceFcdf8AWdZ1nepK2eVxjDjoZnygeyy4DiVkut9HtvFaBaGndJfewoaDjZFjjz2Sjj4yETgLP2dKU2zrfKCVGnm7YRJJtIIHdQ3SanHZDLlFwWRr3OeUWNh1Alq5EwkjIUvSNtkja2xjlgTdhslkeqdkBu6jvkDe6ttRKSyPc4NGSeFAqazOWxuSnqs7KCfMSeFmtv8ASHVV7RzpXPO5QycrpOVxYnJt5NKikN1HGMrmR6pxjdjYcpCmcDl52KEoZ9XHZcDXuOAFI8KJpGnZP1NYNmo4xyQCylmdvgAI8UDGjz7n7pNcXcbfmmhjzyeUahgCTCZhacHZd8XA8rdkMQHOSEcRgDCY4kBeM7VjByn6SRkhODRnhEAGFX+CnMDgpYKJgJYCoobgJJ6ShTfAl0DukOU8AYVpFbmjoZgDZLAXQSujY5TQ65oeGgHIC7gnBwmg6sdkYABUOyNA7BEA7rg5RAO6g+Mjo4STshdUD3IYknroOEIaQNFAwuhpCeGYwcKDIxycYDyijhIBdSho7ATsBNRA0ncBWho3ASwE7SR2SAOVY6BzT7LuCitaCMkLuhvoqzgaDXMBHwUgDlDJ7iAvCd/T+662Ig7t/dSA3bhLR7IcYIB0A4ACQhJPP7KUI8425T2RAgjCJRyGl6REfTse3D2A59lVV1hgnjzBhjxvxsVeFhXNBVcoGzTQsXJhp6SqpHls0Rx/UOEMOBW8lgjmYWSRhwPqqOu6Xa4GWjfh3Ok8JkZZORqdDKK3QM9p905dlp6ilf4c8Rb2z2XETWTnyg4diTEk9Uo4BGJJ6SsgkkklSjggkkkkRByaknIiAl0HC4koAFXQTkbriStcPIBq+nruHD5epeONjlXjmZ3HC86jkdE4OB4W+s1wFwow3UMx4Wmueezj6yj4vvCkkchc1eyM6EZ4XBFg5AWjgxpggzO4b+6RZjct/dGwEsBQjkRsFMUktB3whAHdRvBankPQz+DM09srSiRs7A5m4WSz6bLQ2WcSRiM8p1bz2I1EcLcSCzBTXN91LkhLd9P7oRbtyjMieSMW+oSwEQg5TTwoWrMgnsGE621U9trY6uB+lzHAnfkeichyMOAQrjwXZFWRwe40NdFX0sdVT7xvaCCpCw3w3uxljfa55Pp3YCt2WgZweFqj0cC+GybQJPTTsnIhQkVCRVTICSSSVkGJJJKEGpJJKEEkkkjEjEkklBwxJJJQISe3GN0JOYcd1WQyLVtAJIVYeVb1g8upVLvqKsgJyG9EchvUGsCQvNuqWmK6vw3GV6S76SsB100C6x4GMxhZ7uI5OjoeZ4IdqJ5ytDGMNA9lnbURgfktG04aD6hIhyatQsPA5JMSTDOJJJJQgkkklCDERqGiNVoiNL0g0Ged2NwNitbHnIysx0Y0Dx3kZB2WnDvZNXRy7/zYccIur2UYcog4TTM1yGUC6VHytvqZf/obgpmsNBKzfWFf4FknztqyAqbwNpW6aR5RUyOnqpJ3cuJP7po3XA4Hf1XVmk8s78E4xSNf0JWCGSSA/i3W61ahheWdPVLaa4N1HAfsvUYXB8YI7gI48nJ1cGrMjJaZlRs9oIHqiQt04A2wnN2XTyjawZslLf6YFnjMbvndUD8nHZa65xOmpXBnI3WWe0jIPIQM1VWcYIqSc8YKaqHDUkklCDl3JXEkBD7DLGDgZUaenilHnblTiPVCc33X5LTwf0JTyY+89KeNmWjI1HfBWSq6Gamc5kjcOad162xgJyeyq7lYqa4EvLAHnumQtwymsnlL4wSOyurFfJaCQQzO1RO2IKddrDUUc7gGnSPZVD2lu3dO3KRT6L+89NU1cf4hbHBrnjJaD3VNbr1W2qs+WridAOPsjWu8y0UoikcXRntlXFxtNJe4RNE9rZMZDkWMgZ5L21XqnrmhgkGexVuHg87LyhjLj09VBzwfDzjIOy1tl6ohqiIZX7njJQSjgZCf7NYz3OcJTQslGHBRopg7b1Ulr9Q3QhkCptsDmEhu+FnK+2TRgvaMgHhbMtDuUCemg2Bjz+aDaQyFtutwt8gME7gB+EnZb6y9cRShsdaMO43WXrbDqeZqUgHu0qrDXROLHghzTghXgqUD2aGpttyi05Ycjgqhv3R8NQ3xaLSx/wBtisha77LTAMc8nHBW6s3U1JVsEdQ4AjvyqFNuDMOY6u01GmQFpYd/dXFPcmVEYEhG/dbGstdBcoiXMY8EbHusdXdOVFukdLC/XFn6e4QlfJkjVdEyTdpBBVJXWwAZwtE3doB7KPUwBwwrgxmTFVdvOdm8dlV1FG4fhW2qqQH8AVVPRHfyhPyQyctPo204/NRTG4cq/rKPJyG4VdJTOby1WU4kArRdM9e3rp2QMbK6SHP0k7gKmdH2QHMLd1TSkVKOD6H6Y62tXVUYjicI6prcuYTz9lfeEWHcfcL5goa+eimEtPI6N7TkOacFerdIfFCINZTXkuc44b4hP+ayW08iXE9GnjjnjMUjB91Wy0c0HmjdraOynRVdPXN8SklbI0jPlOU0sduM43WZxwAntIVPUva7duPurOlrBkbgqFJT6zqGyjubJDuMn2ykSWSniZpoZhIBhwUpkmkjG6zFFXuaQHFXMFUyUDSUPQuUMFq1wcAcgFObKQQ1QmyYxun+JqAB2VCZQLSN3iDJcEbIPBVWyR7D5TgFSoptX1KGecGS0lzK6oLawOSSSUKEnpieoQSSSShBJJJKEEkkkoQekkkjIJJJJUyMSSSSEWxySSShQl3BSHKdv6qAt4Oubq7qFW2mirGFs0Qye42U9JQH5DLy9LXKnYX2i4sGP+HM7Y+wVZNVXGjPh3SzzBzeZIm5B91uXMBOUQHIw4B333UDhdJPkwlHf6eSXwWvcPZyuhAyVoe6MHIVp/C7a7LxRReJ3dpCYKd7DlkeyMd8u4ztf09T1AJYwRuPos5V2e4UDi5gLwPReiv8MAeINKGIIpTwN1Ao2pPk8+or2YXeHVMdgd/RXUNcypGqCYOJ7Bytrh01RVIc7wQ0u7tCzlf0nPTHxaOR7HDfI4KgbnGXRd09zrKUAysc6P15VjBeqeUDOxWIivVytZEVdCZGDk4yFbUt2tFywQWxP9CcBQvGejXxVEUozG8ORgcrLhk8BEkLzjsWlS471JFpbO381eQJRwaDGSF0NDeTyoFNc45QNwcqWZmOAIKj5FtMj1Vqo6g6n07C498Kjr+lYtRlpvvgHC0oOFw5KmAsyXRiWXC62Z2k63xj8L1b0HVtHUYZMCx/cFX76WCZmiWJrwfUKjrulaSUufTDQ4qEUo+yzZVQTgPjla780QSN041ArGVVjvNucZaJ7yW787KysNzrakaKyExvbschUW1HGYsv3U0dU0xysDmuHBGVUu6Uipnmot08kb850h236K7ZxznuikbYV4EOxp8FXDcqiFwirYnAj8QGxU9lZE8DS4HK5JAJhgjKivtmPNC4tcqfBPyLJkgd3RQcqidNVQHQ5pPupVLcg5wZIcIU8lNYLV2cjBXdRbsd8qP8w3O2Ci+IHDOUQtxyPByMrqCug4OVBTwSMlc1750rgk7YSwDvhAKaSfATVqGHDPsVEmsluncXvg0l3OkkKSDhE1Ad0a4CTwVDrDNDL4lHXPYP6X7hB8W+UcmiWnZO3sWnCvtfumPIPdWpItt+ynZf6QDFTHJE8bEFqmQ1dJUsEkU7HA++6kGngef5kbHfdoKiTdOWyR3iwB8DjnOg4H6KSWQc7uA/hxuGdAwfZAfRNzqiyHfdB/gdfTP8SjuRd/hlOQk+W+0P82ajjqY+/hHcIllCnEksdcKYaw7W30Kf/FnRn+dD5VFb1PSN8tTBNEe4cxTGV9prPJHLGcjg4BCaQJHcaeQcgZ9SpbdEjQ5hBHsoYt9HMPIR+SGbRPHvSVMgHoShaBcWTSwgc8pNbtjKrz/Fqd2+mUY4KcLk5hxUU74z32S8tMBlgG47/suGNjvqY0/cZQW3CgcAfmQD6FHa5j26mPa4H0KbG6S4RCiu/RfS9+1C5WKjk1/ViIDKwl0/s0fDyvf41E2st0mrUDTS6QD9l6wAT2RFphqLY85APEJPgF1VavJ0l8Ta+HP0Q1XnYP15Qjb/AO0X0y8ONNaL5DGNLfD0tf8AfGy9zxvlO2O2VoWusiuSHhc3xS6mtbxF1V8OrrDIB55YWAsJ9lYWn4t9F3JrZDVy0me9RHoH2ByvZ4wBuQD9wqu59K9M3kuNysdLPqILtcYOUcdapdoBoy1Bf7JcX+FQ3SnnfjOlrxlWkZx2yoVZ8G/h/WEGG0uoiM7079GPttsoX/sjvNvB/wBnes6pjCf7qpy9uPtlGtTX+yPhF4+lpZj/ADqaJ/8AzNBVJd/h50beMmssVM7Vx5Bt+yK2yfEm1hjGCguTQNycsP8Aqoj+q77RzeFful6umjacGSNupoP6DZPhrZw/BiZLkyty/s0/DC7B/wD7ulp9Xdj+FmKv+xxYJsSWi9vjxsHy7/tlevU/WlheMPndE7trGAVf0lbSVkYdS1LH7ZwHLRDy2qg+Jso+TLx/ZJ66pnSGhq6GpDf6HnKx10/s/fFC1Fxn6ele1vdm+Qvu4yShuCCQF2Os0DzsyPQhbavqLU1rD5LPzjufR98tJcK23Ssa3YnT3Vc+hfjLgW/sv0xdFZK7Hz8EZPo5gKqrh8NfhzedRqrLSvLuP5Y2/ZbavqWfcwz83vljkYdg+qNE+uj2ZUk+y+77v/Zs+HNx1fL0LKfV/Q1Yu4/2O7JUNcKG+ujeTkEw6sD0+oLfR9R1S/3GW5R/qZ8jtud3pz/fY/NWEHVEjWhtRTh5HcHle9XP+x91PT6fl6uCfb8IIWMvX9nfr2yl3i9OSyAcFq2w89ppvGSnKH9LPPf9pLa9w+YpnN9wp1Pd7O8AwVjo3ehdhCunw26loJi2a2Stb7jhUVTYHUriJmaXd/Zba9fTZymPhPb0a+K61wINBdpfzfkKzpeqOpqduzo5R/iHK8zNK6F2WVMo/wDEpEVbeYcGnqnkDsSnLVQf4sN6ieeD1Km66uMLv/eFuD2//Q2qwh+IFqeQJqeaMn1C8mZ1NeafDZml477qdB1bROYRWUT99zlqJajIa1ViPW6fq2yz/TM5ufVWEFwoarHg1TSecE4XjcV7stS4RsBiJH4tlMgqadnlgrSB2Bfwmq1PoYtdP2exsk/xA/ZEa4leTQ3K5x4MNe/H/NlWND1Nd6aTUZfFHoUeTRDVxf5HpbXlHY4b4KwEfW1SXgTRAN9QrKn62t+wmDmn1V7mzbDU1S9myBLTwniTP4eFRU3U1vnYC2dmPcqVDd6aV2mOdv5lVKWBqtg/xLQVDAcP2TxNCR9W6hxzxu+ogkruQd8gKvkGxWSYHA904DJHuouHYGHJ8ZqGkES/so7MhbCZggbpdiUEVD9g85TxUsd9KDIaWBDbIA5XNJ/p/dP8QHBY8bpwAKmWMUc9kZ0bZBpkAcDyCFCrenLLWRGOpoIng8+UBWukHuu6fdTLKno6bO0Ymq+HNlc5slDPV0kjeHRSY/X1UR3S3VtDLrtl9iqs8tqvJgf82+Vu3R7junNg0jfurjLaZLPFUy/Hg89F16joJTFebMfCG3iwnU0/l/qlH1NY5pBG+bQTx4jcArfyR6hhwyPfdQa+x2y56WV1PTyMbnAcMH8k1aiS6Mc/EyjzF5/yZZtk6buLvmPAjJO2qMgD9kGq6OpSzNE8tdyAVc1fw36fnLZKOSallYMB8bz/ANVBk6N6loNH8M6hbUt/A2oZgn88o46yce2ZbdBJflD/ALFTJYbhEwNe4Pa3cAnYKjuHSduq5TNV0jA52clm2VsZK3rS3RgXHpyKtYdsU5w4e/uk3q2zAtjuFpqKKQ7Fs9Powfv3T4a2Tf3GK3x1dvG3B5rJ0lLQeaxXKpgwdoy/b7KLJP1rQPd8zbaathbydH8z9V67FSdOXN3jQV1I0nkeJjf7LlR0dKTqgn1Mdx3H5J61i9nPu8Jn8DxuTqO0x/zb1aamicOXRjUB/kp9FWdO18bZ7T1KwPHLXhzf816FWdJ1EDS8xRvzz5d1lrp8P+n6iJzqm1GJz8lzo8gZ9dk2GpTZgt8VfX+KyRWNrcaoq+Gdvq05QaqjZVMLa2mZK085Crf9jYrXIHWi+1MIHDHOJb9t0NsvVlBUEymOrh7e4W6NqfJyb9NKt/fFgKzpKkOZKCUxu/peqia1XCiJ/k628khal3UlOMMuFte39R/kVYUk9qrWB0L279iU9WGKdNb/AA4ZgBUEOw7n0R2zxubh5wStlV9M22scXGNoce42Kpa7omthDpKV/isG4B5V/JH2Ilp7YcvkqopnMPlkdj2Kt6PqCpiaGSN8QDjJ3VJJTVNK7RNE9pHsutmaNsj9ULa9CndODwa+nuFurQPEY0P7hwT221weZaGcsdyWg5CyscufMApkN1lpnNLXubjuCmR3J5RcrlJYky5fU19O4ioZrb7BRTXtJOWKTT9QxSta2cNye6PJTUFc3WwtY49wtdViX5GWdSsf2PJUvdT1A2IY5QnCeBx7t9Qp9bZp492bjsQqxxqqU4e0ub+6313RfR5vyGj+STjNBjWRkBsrQcrjYIH+aM4z2yok8jKhuQzS7uooNTTnUxxIWqKTPC+Q8ZsbcC3jfPA7yuJHoVYQVLsAkKmguLXYbKMHupbZYnt1seMeiNxwecnFxLiOrJ2RmT5IVUx+MBEa9zcHJwlgOBeRyBwyEQy6eBnKpGVUrcY2AUxlQSBndQBplhqD8HCg3Ozw17dbCI5PX1RWTtOxPKMXB45VZBTaM0KurszxFWNJZnDXBXlsvMkjgwO25wV2poY62F0Uzc5Gx91SVFDV2stmZl7QcbeismNxtIawvOCQpQkDt1krfe6aQhryWu91ew1XGRsoKsrLTxR6JeKPRR2yggFd1A7KCtrDio9QERrw44UJ0Z2K417mHjKgZYB+k7DOUZjgQMhVsdYBgOClMla8DsgAaySdKYG47pviDjH7oheByhayVygMrMjHqsh1d8OLH1RSOjmiEUxBw8DbK2p0numOb5SlTqUxlN1lElOp4Z8fdefCe9dHPfVub41G52z2jj7rA+JucL7wrrbR3GJ1LX07ZYnAgtK8S+IfwGp5YZbh0toiLMu8Ajn81jv0cfR7HxX1B8uKtT3+z5/PCEZHMII3UytoKu3VD6WthdHLE4tcCMYKiStDguVdRjhHrKr8rMSZSVpxg4+ymiVsgyqFpcx2QptPUlp8yxyqaOjRrM/bMsYy5rgFIa7I3UWORrsY5RS4EZCBpo6ULN3Qdv1A5VnbqpzJRuOOFTtk7YRqWTTICqNlVux5NtSTCQA5VjE7BCzttqAWgE8q6gO2cqHfovUo5LJjiQEcHKhROwQFLaBjOVDfGWRZ9U9JCBwoMUshUkklAZjE4gYyupihQ1wG4QHMBJRihkHKgJGc0DhAlbtyphGUJ7chQW1kgvYMkKBVRbZCtJmHOVFmYCEDMs1kpJocfh/dRgDG8HCt5ogNsKBUR77JNtZks4ZZW64HZriMq+jdqaDnlYZkjop2PBOBytPQXOKQDBwsUoZO147XqX+nJloThSbVdzbqjxMEtPKiOc14BCYRgLPOvJ365yhJSTPUqSuZW07Jm7hwBRJWjYrAdO32SgnEMrz4Lux7LdxTMmjEkbgWnfZZHDB6Gi75o5M11NbgW/NMHOxUTpK7OgqTTSOwM4wVqKuNlRC6F42csDdqOa1VfiRkjB5S9oFicLNx6PX0zKqAuA5GVR26qmt9UYXOw0u2B7qZYLuy4W9oJ8wbg/dMudG2WPUG4LeCOxVJGlWZ5Lxk+sbgYKA//d5g/HlO+FU2ave7/d5nZczYH1V1M3xYcgbhVgbu3IrY3ChrxNGf5M549D6K61acSxnY7lUT2ZL4SOfM37qyt83zFOYHO87NiqChLBYvDJGeIw9spkMmOBhQ6GdxmkpZThwzhSHZYcEKGqEyyDvFiAO6gMe6GZ0Ugxngo9LOM6Ch1uM+KBlKlHcNCvAcAsj1DR4YSB3JWoidrZnKr7vS+LBgNGd0cFtM2qhvg0eayZbLkchbfpW4ian+Xc7cbjKyFVTPZK7ZTrLUmknZg8Hf7JucnFps+KfJvySJWldqSXM/JDZJ4mg45GUWQBzcZwj25OrCW5ZRGppf5Q1DclUV8p2irDmtwraCUNndHjgqJfGf7wCP6U+t4Zk1kVOtowVf/JuzQ7Gl5wVm+qaPwHuc0bP3C1HVcDQIqoAgtd2VPfojWW1tawggN3C9D4uxxsyz5l5/S/NTZXjpGTpMk7rQ2afD9J4ws1EcFW9ulEUofn2Xs4T3dHw7VQynE0smXPDwhVf90X44RYniSMFNnGW7oznJbWWdmlDqYNLhn0ViM4WctDi2rDckD0WiJzkApVh7HRXbq0zHdV07WSmU8k5BU6yVBdSgHfbCN1VTRyUGst8zTnKp+m5nnMZdkLOzTGzFmP2TKlphqw93BOU6QhxDuwSu31A44Q3t1QafVLbN0WkEY8Obgd+6PE8GIMI4UKndoYGEZwpEDtEgclmiMss5JJocQQolwGqLIG6kVRzM4hRpniUFp2wljc8EBpx+SO057KO92l5GO6KyTUM45QCpyyBqQefZVhyHK4lALTn0KqaoYOygix4HCQuGCq+oH84n1Uhjt+UCpIyFH0InPcZ+6n/eDhR4ycBS7mP55Kis4S2c39/5FMSAMIKNPwEFKn2QI1EYMn7IbUSPlXFlPomN4TzvwmN4XVshLCFsekuA5XUwScPCEeEd/wBJUMh+ds/qlWPBaO48+U+TgJg5TnnICHOSegSQ5SXQMJecESy8FjZYRNVgHher9PQCKNhA7LA9J0Ub3Ne5uS52Mr0+gijihG2OwXndfNysaPong9N8VKsZKa7U4bcKc36GqJA0HcqXHtlcK15lhHsqPxydO/CHMQ0ayUTY/koVxnLYDgLRRW5SSCvt2xbKmoklq6oRg5ycAei0EEIgibEOw3VPZIg6Z0z98DZXL36SGgcr2fjtPhpHyz6i8pGpvcBr3OEBY12C84WntdK23WxrseYgH7qgpaM3C5xRH+7iOt3utPKfGq4qGL6TsSvQpNLB8e1t/wAs3Ivel6Iyk1sw+2UTqe5hkZpo37uGNlaMbHbrZoBALW5KxsQmvt6DGbhpwSjOW+ZKRqOhLJ4Ufz8zSSfpytpjIQKCmbSUkcDRjS0Ao+r2VCbWnLJxDm3bjKIozzql8MZ9VYo7RQgzayMhXTeAolNCI2DygKYBnO6VZz0AFYMDCcSACT2XGqnv9xEDRTMfhxGThBFZIV94uslXIYInEMBwcd1d9OWjwWNnlHO+/wDkqWwW75ucSyNyAdls34gaAPTsrb2kOVcxB8Jh3PKFBEQQSNkKLVLUlx4wrAAADA4VAt4ONaAOEGqlJcIWuxnlHcdIJ9FXQuM9SXdm8qFE6naWtGUK410dDAZZHdjhHcQzfssH1ld5Kmr+Up5MCMYcEUew4rJClnkrq11e8EMBOM91k6oTdUX/AEx5+Sojhx7FyvL7UyRWtlJASH1ADQAqqsqY+j+nw3I8WVup4zjKe4ZRpqSfC7KXrrqHwCzp2h2ke0MBaeM9/wDNA6fs/wAtFG148rN3f4nKn6ao57rcZLxW5cXOJZnsFu6aIeI2EDZ2UEmomuU9kFENTxat5MtpxvIQvnn42fEn+P3R9ls07mUEBLSWnAet18bviNF07a3dJ2yXVWTEmSWN30t9PzXzS3VqySd1kus9HofCeO3taq5ceg7RxtsiMbjGy4weUFEWTmXLPV2PPI4uAAwEOR+yUj9lEkkyiRUYZOvkJKQaShtBLgpsbAANlY1radhbgDIRSQAm5DGqLUVXYJE57AUshJ59PCrZ6glKWcuIG6ARncjP5rFbY3wPhEa95fympEYOCu6HeiyNtjByQODlINceAnCFx5VqLC3Ib4vo1ccXvwAFJZAOcIjGAdkxQ5A3kVtLUE6sbI7ac99ipIdhuAUI8puzgB2ZEIBjO36rmkBdyfVJU0DltiSXMhLIRho6kuZCWQqbSLOpJmv2XDKc8IZTx0QIkh5CRIPdLcsECZHqntI9VGc8tXNRyqVmCmskzI9UtvVQhP65XfmPYoldgFRJvitzwiiXAwBlV3jfdP8AHA2KJWfsZHK7LAStJxlEDwRlV3jb4yUQTgjv+qJOL9h/Iyd4icHDKheK1EEwHv8Amr3IJWlg3BaNwkRhQ2TjI3KO2duBkKx0LM8EhoGcoh5CjeOPRP8AmASNlGaoWJEkcJLjXAhdSH2OTyEaMnBRgBhAa4Ao44RDG8nHAJNAzldck3PYKvRpgNa0g5IRRwlgJ6oYLAXWt3zhIDuiMAJCKKIIM2zhd0+yK1oIyQu6G+ikmiHByngDA2SHKIOEI+AHQFwsARvCPql4R9VeR2SOWY7LjmkhSvDHouFg7KZBwuiqqqGOqYYpWZzwe4WfuHT1VSjxIf5jfbkLZsiGd2rvh7eqoxXaGFy2nm5YW7HZc0+61F56dE7zPR4a47lvYrMvikhe6OVpa4bEFMOFqKZ6aW1jEk5JQzDUk5JTJTeBqSSSsmRJyHq9kRETIkkklAcCSSSUBYlZWm4PoahukkNJAKrU8DO2cI4PDAsrjZFxkenMxIxrh3AKRGO6pulbmaiMUU5zJG3Y55C0JYd/dboPKOBdD4pOJEIwcLh4RnnB2Tc5V4EbyOQcrmjvhFwEsBFJYLTxyAI7KXaJ/BqGtcdjsELT7rjRg5RLgux7o4NmdMjMj/NQ3NwSV2hl8SlafRGeNTdk1HNxteGQyBlNR3NOeEPBUDBkZ7pmndHwU3BULDWOufa7vTVYdhmoNd9l7Q15e0P/AKhleHPblvO4XqfRV2dc7IwzHMsH8tx9QO60VSz2c7WV5+8vEl08ri0HMHpJJKFiSSSUIMSSSUINSSSUIJMT0xQgkkklCDFx/wBJXVx/0lQIE/6ikxxyBlJ/1FJn1BV6G+jtYP5BxyqcgjlXUuDGQquoADtlYJFchvRHIbyoNYw8H7Lz/r7/AOekf/0tq9APB+y87+ITgLrDv/wwkXvFbOloP9wg2s7LRAeUH1Cz1p+lX7e32WeBsuX3ZCpLg4XUwyvhiSSSUKEmJ6YoQS6uLpIAGVa7JnBsekozHQukxy5aBnKqrDEGWqPb6jlWTTunJZRy7nmTZLHCed0FuwTycJyRn9g5pCw/dYjr64sbRfJ48z3crYVMwDgF5j1zVa7i2PH0tKVOW3g26KvdamZsFzcAorTkKMTvlPa7Czs77iTqaTwp2SehXqtqqBLRxu2J0heRsdhel9Lyl9A0nfAH+SkOzm6ytY3GhG/5Jw3Q2PznZEGy0HJGzN8pGORhY6viLJ37YC2bztjCzF4aPFJAUG1Pkp38oaLJyhJRqQkkklCxJJJKEPrqGvLzonOl45CmtcHDIK5PQQOGprN1WRurKWpc1/mYvyOf0H6LPT7pafdBjrI5caTuUcOyMlQsi1VHT1LcSsG/dZm6dLwPc4xs0n1C2BGUzw2uBDtwrTIeSV1rfTyOa5hBCZbK6ooJfK4lndpXpFxsUdTlwaDlZG89PSU4MkbSPyT4zwASXCjvNJpcGnUOO4KzdVZ56CbXTE7cLjH1VFJqaXN9cd1cQVUdZGHBw1HkH1RqWSCs/Uz4mNgqidTdsrVUNybVNHhvBCxdZahITJGNJP6JtFW1lrlGppLe/urGp4PSGHLc55T3N1Kitd7pqgNaZME8jPC0NOdg7GQeCqLI7oXKurrbDP5nDDztkLRNDSOFGngacYGFTSIYqst9RRnWDqbnYhNp6+WBwIcQR6LT1FKXcNGPRUlZZy4ukgIBP4Uh9lNZL+z9Xvi0skft+y11PX0ddHlrwS7kFeLyNqqWTJaRhWVsvtVTvDRKRj1KgEqsm/uVs8MunpxlvJaOyqzucHbCsLX1HT1UDGzEB/BUmqooKpupgDD2IR7QXmJRPpmvH2VfU0jXbcKxkkmoZ/Bqmktdw7spDoIZ4w+HGe6pMiZlKq25z5VUVNvezlq201I5gIczZVdRSlw4ymKWQsmLqKQsP0qG+IZwRwtRW2+XORHthVE9C9vbCMvspZISCC0LjZCSA7t7qe+A75bnZQpad2QWhU1kpo1PTnWtfZJGtY4mPbYFetWDq22X+MNZII5w0FzScZ+y+fotTcAjhWFDcJqKVs0Eha5voUidWRexM+jNPugvgDwQBuvPOmviQBinu7Dv/wAbV+2F6BRVsFfCJad+vPosc6muhM4OL4I0tPJCc6cBDZWvid5TgBWulrwQ4ZUWpthkBNOzfkpOC089kmiu0T8MecFXEcrJWgsOVhS50cxbpIc0qyt94cwhr3YwqwyOCZrtRG3KI2UgcKuoLlBMMF2SpokGPZAZ5xwyVT1mPLI/n1U5jmkZDuVTEZ3RYpzERqccKhM68oucg8JKLDUseNjlSGvBUF7WuBySSWQoUJJJJQg9JJJQg9JJJGJEkkkoQSSSSpkY5JJJCLYl3BSHKcoA3gSSSShXY9JJJQESSSShBDlFGA3ZCSyfVQmTjmMJOWg5QTRQuOSXt/5ThHSHKhMkcw1EA8jvEb6HlBbPvpnp3Bp9QrIEYSeGnn/JWFGW0pp7ZbawOD2gZ9Qs9WfD6GaUyU7g1p3BatrJEz+gfohhkrN4zn2JUGxvlHo8zfTdW9PSuEbhVQDhrvRGouqqSof4NwYYJOC17cb+xXort/8AtFOMHbOMqquXStkugd4lMwOd3ARDVdnsqaZsU4EtFUtcOwDsqbDWSU/lnBwO4VHU/Dm4UQNRYbm5kgOfDcTgoBu99s38rqC2mRjeXxb7eqhe5Gyp7jBJgRztdnsSpXjgchZC3XPpe7YdT1Zgl7NLgHD7hWTnXWkAe1zKuDtjnCsrBoGTt/VFB1ArMx32m1iOoLoJPR3Csoa6RzdUcgkb7KAtFi5uc5Oyb8pSn/hgE+6A25RtOJQd+6MJIngOjkzlQB/acbTyxO8sjXN9CdwiiRjPqO5TXAnjKa6Mu7KxZIY4O4RAAMg7e6gNdJEQWlHNWMAOG6BrJQSSNr9iOdlDmtMThqYd1LbO1xAHdGByhI20UrqW4U7h4QyB6p4udXAMVFIXY7sCuSB6obow7YjKgO5MgUt+t05DfF0PP4XbKfDLHMNTHAj7qHV2ihqG4dC0H1A3QY7GwHLKqVv2KhJRS6LfQTwnNVNI3qClwykkZI0cF3KGzqSrp/LcrVM0j6nxtyFBbjgvXZyMFJ2dt1WQ9SWmU48fQT2dspsdbBM0OieHA8FGAFyUslIAngLmRnGVCwi6HuHdNSV7ORe1hPFyckLrZiNgEEHPZP0o8pAYCllPMP5kMZz/AFAIE1ht8u4jiaTzoT3NSa4x8BH/AIAy0Qf9nnxPBpbhNGB2ymvp+paSXMNS2VnurQVDhuQnCrwMYU5B3yfDK9ldd4gBV0Pi+8ad/FYCQZ6WVuPUKybOxwznHsmkxO7B35JZRF/9zzgSFrGk89kD+FBxLqWrww741cKYbRSVDy4s0k+ib/BBAddPVPjPsVCEUuu1GNAj8Vo790orwGnTVQPjPc4UjwLhTkuZUGX/AAuTXzTN3q7c5/8AygFXlkDRV9FMPLUN3R2Oa/6XAj2VU+G0VB1vidG7uMYwuttjy4SUddowNt87fZTLKyXIyAThN1Z2wqZsnUFLMdTWTs7e6f8Axx7BieglY4cjCm5lSjktASDkFPzx7KBDerdK3Lpiw9w4KWyop3gPZMwg8eZUAShI4DbKWvG5aCuCRvou5H9BWiM2gCBcLJY7pn5qz0xJOc6BlVE/w8sL8OpZ6qkeODFJgfotKuhvfKZ8hDFv6Q6poHuFo6hdURjdsdQ8kIYuPVVCPDulhfO7+qEbH3W5AxwU0yygY1n80fzFPgw7OqrfktraGrp3jkOjVhDc7XUNbJS3Fm/bOCFfS0VFVO1VFLG4nYnSq+o6UsE+7acAnnAwq+TJBsFXKwh8c+QfflTG19VnLiqr/ZCOHJpq+dvcAu4+yG61X6nP8us8Qdg4qfIAaBl0qB5SCVIbcYsASgLLg32DHiQBw74Kc65SRtBnp3KfKA1no0+bRVf9ppY5fu0FUN6+Gvw3vpL6zpqk8Q8uawDKDBe6cEamlqmw3ekkGA/c+6bHVWQ/FlOvPbMPeP7MnwovQPg0MtISPwPysHev7FsE2qXprq8NH/c1EIH6EFe+09ZG5xa137qQZSCDzlNr8lqK3mMiKM4v7WfH1+/se/E6gcZLfLQVsY7+LoP7rA3/AOBfxVsRDqno2pmjBwXwfzAPuAv0DbUFuNlJZVANGQt9PntTDhvIzdPH3H5g3Gx3G3PLK+2yw6Dg6maSCojYhy1zgR3yv1Eq46CtiNPX0FPVRu7SsDsfbKx90+C3wovmp9f0RbvEf/xIm+G4fmFvp+oZp/cUptn52vkroseFVOb7ZT4rtdYN/mQ72K+1b5/ZE+Fdzy63S3S1yHvFUl7R/wCErAXj+w9eGB0vTXXFPVtJ8rKmENdj7tO/6Lq0+fhL85Fbj5xZ1RdI8B8URx6BSB1cxgBqqdzweQ1vC9Kvn9kz4xWcl9PaqO4xjg09UNR/8LsFYW8fDX4gdP5F36JukGn6j4Djj9l0q/MVWfjIZCzBHpusLbkgMlZ7EK0peqKU7iuIH2WPkjpSAZcN29EM0tLLjwnrbDXws9muF0o9M9JpOqIMgfxJ32yVbQdRl4wytLvzXkjaDAwHO/VCNPdKeTNPUvA7HJTf5MX0aI6uxdM90i6irNDWhwIHcqezqKsAH0leDQ3fqGkxioc4ehJU+Hru+U7R4zGAeqn8hPo11a6S/M9xp+pGucBO0+6sYr/bnbPeWfdeI0/xOiYGirpt+7mrRWnr6wV50SEggdwp8yOhVq4TPV4bhbpD5K2L7ZUyMslblkgI9l5rBdLDVv0R1TWO7bqxhqHMP+6VhJA28xVxsXs1xui+jebjcu2TydsrF091vMf0uZIP8SsabqWZmG1tOWj+pu+6bvizQnkv3SHOC1d8Qf8AylVkV5op3aBLg++yL8wwvwHIk8hRwyZqBOMLohjfu9uUJriMHCcKgjbSoMwghpmD6HOb9ih4qQcCTYcIgqMn6U8OaRnCVKW0ppMjGSuacCPxGpktVHEMVNC87ctaCpzHAbBKQAkFUrWhEqFIzc9s6DrmmKoip4JHbkF3h5KY3oWKEiazXispgd2llQXMI9MHOQrmtsdpuDNNVQQvd2cW7hVbekIaLM9or6unlznHiZYfbCJXtiJaSC7GOsHVFJl0N0gqh/TJyoj6m802WXKxNlYdswvD8++BwpjpurKAHyRVbG92buH3CC7q9scebjbpqd42LnMwCnwvMluiUuuCvkksdWzz2+SFw2cHxYwo5tVteA6IRuaeAOVf0nUFjuOBHLEXHs7CJPYrFUjxY4pIpT3Y7AP5LZDVSic67x8m+GmYis6HoqqTxHAewWdq+hKmmnJo2SNYfVuy9NmsdVHgRVh09g4ZQCLrTExOja9o785T69fzyzl6rwldjy44/wAHlD7fdaSQxua849CUSl6graN3hyRasbYcF6ROMuzNbQSe6pa/p+mrA5xpw0+w3T3qVM5dvhHDmtso4+obZV/ybrao3Mf+NjcOCj1PSvSl4efkZ3QSHgOOAptZZJYGta2j1NHtuq1v8CEnh13jUpBw5zjsFojesHOs8Y4cWIqrh0D1DQF0lCWVkQ3xG7UQFRVtNeLe0SV9tmjYds6SvU6KmdBF4ljvrJWEZa0uzkeilg3zQRX0UNXE4fS4ArRDUuP5GK3xkZ/gjxltSyYAscGn0UmGsqGDQJDj7r0ms6e6NvMuLjZ5KCcfU9jjGD/5dv2VJL8JZaqR7+nb6yZm+hkrTt7ZGVpqvhLs5l/jraeUinpeoKqBobK3xG+hVvBcLFc2hlQ8QSHs4LNXPprrGwZNytMhjBx4jRqjP2d3VeyqoZDoqpHQS9w4J6uivxZyrFODxOH/AHNZX9MSBxmpnBzMZBHBCopoHMJY9uCNin09yvlsxJb6wTQjfQ46grSk6u6euAFPeqYUk521gbErVVqnB/ccjWaCNudvszske/G6bFK6A5A/daSt6bdKz5u1zx1ETtwGndUFTSyQu0yxlp9wuhDUxs6PG6/w2yW1INTXTcCU8q2gqqeYDS8ArNOYPRPp5jCdk/bxk8/qdFOo1Qa07tKLw0qlpboI8CU5BVjHXRPHlPKBo58o7ew/iOadjwitrCBuEEH07ruM+yDaJwsk+CqjOATglOkcyQbEFQNQbklNbUaTjCspr9EW42wsJqaUe5aP9Ea3XeRgbBUBxI4UuGuiBw/ugTUkNQCQdJzkEKFNF1T1okA0kHKmxz5O+FRUNLLE8Fx2Vm1rhuoLlFIsPF7ELrmNc3chQfFI7IjarB3CgvDHGJzXZA/dIVL27aUdkrHDhd8FhGcBQEdDVk4BUkTB5AzhQHwkYwMLoc9mM7qEyWIkOPqSyPVQm1WeQjCQEZygKCpgb6bZXE/I9UMo7iGL6/8AhjZut6Lw3MZTVTd2zNZufY+oXzJ1x8Pbz0VVmKshLoCSGSt3af8AovtDWFCudrtt3p3UlwhEkbxhzSNiFkt0+7o63jvL3aF7XzH9Hwkxo5wuSeXhe3/Ez4F1FA6W59NMaYANXhY2XiVVDNBKYqiNzHsJa5p2wVzbdNKL6Pe6LX1a2O+t/wDT2KGpkYRg4CsIqjxAMkZKrMYGcJ0EhDsLBZWdmq9w76LcEEgg8osD8OByoULwe6Iw7hJlBs6ldinHMWaCiqyzG+y01HNqY1w3BCwtPPpxnK0tnqyQGZzhLOvotRj7WaWJx2IKmMdtyoEZbjY8ozDg8qHoITTRNyPUJ6itztlGb9IUHCAx3XUklCZH5HqlkeqDkg7uKQdk4yoC5YHrhAwupHhQoEeUJ/CMeUF/ChGRZ2jlRJQcKdIDlRntUM9kclfI0gqFMwuCtJmgDOOFDmaM7IGsmG2OeCqmiI3wu0VV4EgzsFKljDhwoE8encDhInAzbpVPKNTQVzahuxyVOzlYu21skE+ppxjlaSGuEgCyyhk9J4/Xq2GJMluG4wcLR9NXiaGUUkz8sPGVlg4EkkohnLCHMJBWWdeDt6fVyraaZ6j4mvsqi+0Aq6N2Bl7fMFA6e6gbUMbS1L/ONmu9VeuIfss0opHf+WOogpRMd07cX2yt+Xkzocf0W8OmeLI3DhkLC3yi+UqnTNGGv3B9FoOmLoK6l8BzvPGMIMFRbi+SPUNlo60SgEDO601HWMkiaSQcjdV9ZA15wRnIUO2TOjqTRvPclu/ZVg0RkW1XEQ4SMCh09S+kuImcMMlIafurFjsjBHsq26wuEYlaNgd0Iaf6La7jw/CroO3OPRFiqDPE15OcqLaKtlzt7qZ+72DCjUEjqWofSSHg4H2UH1st4XeblSpHNfAWHBzwq5rxnIUmJxIBQGmM8I5TuMJ8N3KPOxskYCjVGRM2YDYIscokAIHKhM7uzE3qk8GocQNt1TRyeHLkHgrZ3uk8WSRoG6wtZG6nnIJxvhFF4ODqYuu031kuHzFKwHdzfKSraVzmw6xysN05XmOQRk7O2P3W0EviU4BPGyd2aqbHKJXhxFcCeCu3Yh2JecDCbVHw3hwCbI/xadwI3T6uGSbynEynVMQltpdjdpys/bZmSW91JI3IIII9Fta2mjqIHQvGQQvPqWVkF0noycf0/kuzo5qDTPEeZh8c3JdMztbTupauSIjAByPsuwSOByCp/U1NIJmTj6SMKrjbgZXrdJZugmfCvNaaVGqnF/5NdQVAdA3jKPKdTcqntkuIGnPCuWSaomvAz7Lcnk89NYB0r/CqQ8rRMcXNDieVmJCS8vG2eFoabL6WNzjvhBYeh8ZPdDAC/N10JaBk5WLtcr6a4FjTsTwt5VRB7dBGQVgq+MwXIhp0lrs/us50ZPbJSNJXOD4dRbuocLy+ENcpUcrail1EcBRINOcHYApE3g1wnnkbC/FQYiMDHKODpKiTOEdST6o5dgN91RtrCzHUATzhQ3O05KO85aobtyfuq7G9kWd+H8cldY/PblDqiPXlNjfgjPZBgCTwHk+k/Yqrqd1ZuI0H7FVlSFPRnt5RFbIWnKFM7WUnHSUIkOeXeqjwYZT2sr7oMBp9VCZwp1z80bfYqCw4CVMzgpeyGizDGEJIwWo5CNR4+UBqPHyrQMiY3hdXG8Lq0wFsc1dXGrqahIx5whnCUudsIWopFnJZx2M7cLuHO3SZ9QRcDGcICARyjQRmWQNxkA7oYfk8Kys8XiVQPokaiW2GTToqndqIwRuLBbtHghjMYAJWyiOAGgYws/YuWn0C0IBBBwvNauzLyfVtDWoQUV6JLDjCO3BHKjMOwCdkrmxW6R2ILEcEokaSMhUFxqhNJ4MZ2B/VWVTUMhjLnHjgeqpIWiataRwTldrQU7p5OD5rW/BVJJl5b6dtNTNBxqd5iVIc7XyOEE4ZgDKLTt8WUR+q9tpqtskz4R5nXS1Fz3FtaWmGJ9UdtWw+y0/S1EKqqFXM3v5fRZ14DoBTs9AFvbNSi12djiPMG5XQeEeWsfLX7IHWFzNLF8rE7L5NgAp3QloEUAq5med2+Ss3QxzdSX8yOaTGx2PbZel0kEdNG2KIYACsyz+3gnnhNXWfSEtPulrgzzWWNccAplKwyT6jsAuSAucAFLpotAyRuUM3gEltbhdCYN07UByUrdkA5UTCmiMmVli99wuJc4nDjz7I96rpamoFLE44HOFbWW1MZD4j25efVFFELOz0bKdmtrcA7BHnmzKYvRGOmKHHAA/dRIxrlEpGwQkJELCw6iMFSQcpgx6Ic1S2BpJPZQAiXSqIe2njdjO7iFIoImxxeJpwFV0kMlXVmR/05yp9dWNgpsN2AULIV/vIo4XMY7fGVj6anEjpLjVnOSSAVKnlkutWXg4a3nKDX4bEKSN3mccYHZNgNi8FdG5tTWSXCfAgpgQ0HjI7rzXqC5y9Y9Sto4Q40tOcO0nYlX3xEvwtdvZZaI5qJhpw075KjdL2WOzWpjpG/wC8TfzJCfdPbWDdT/px345Za01NBb2MhiYNhgdlG6z6ypehunJ6mWNrq+oIjha44w7B2CsPFo7dbpeobz/Lo4MYdnnOf/T9V8rfEXryv646imrKnV8nG5zYIidmt9v0Cx3ywzp+L8fLXWqUvxi+TPXC4117rZK6vndLLI4uLnFC8MAjdcbsNm7I8bc7lYJzbZ7dJRW2PQmRnGU44aDvlJztLcKI6Q5OCVM/oYstnJ5MuwAhN8ycRnlHjj422RDW1FChg4JG6lO0gDB4TQWtYQosk490uc1Er8jlTMQdIHZQJHEhGklzthA7FY7Z7hsY4BHJK7pJ7p2k54RGtORss/YzKQNsJznCK2MDfCIG98LuCooZ5Acxmhq7gLqSNQSBbyJJcyEiRhF0Elk7q90sj1QnZJIBwuZI7kqN4D2BlwkY5CC5xdsNkJ+oY8xS/kJsDl3oUtXug7+pSJx6/qg3/wBgtgbV7pas90DPt+6WsqpNvooNkeoTX4I5GULJ9Usn1U7IdLjuAkCcri6Bnuo3ggTILdzuhHlJJQgkhykkoQKCNGMpgJ3CakqayQ5rciaj/wDKULT7p+n3U2fog/5l39KQqTncJmlL6VbTXKJgO2sPopEdU5wCgkZTi0nuhVsl2Xhlm2fUM5CMx57hU4Lhw5djqpwd35To25DjY4mgZUEc9kdsod+aooqwj6ipMVW0nGVeUaI6lLst2uzjdGae2VXxSBwyCVKY7BBKrKRpruXZMyERn2QGuGMrrJCDjHKmDXCxMkLoHdMbuUcacbq0x6eRALq7p913QVA8j4+6emR75RRHgg4UCSyDDSeyOwHK6GjZG0t9FFyaYLCOBgxuN13Q30XUlYZzQ30TAw53RQO6eAMKEB+G30TPDzyUfRnddEQI2CoJRyQzGM5KrrrZKe4xHADJRuHAf5q6dEc7DKa6IkbKCr6I2RcZI80rKKooZnQzsILTzjYoGML0WstsVbGWSjBxsVi7taZ7a/cam55UPOanRTqjuiitSSSVYOQ5NiSSSVBJtoSSSSheRJJJKEyJJJJNIPSCSSGUtrK6J1trXUVXHOD9J39wvSIZY6qmZPGfK9oK8sGy23Rlf49O+ie4lzN2/ZbKLDleQqz96LhwweVxGezB2CYtaeTjgUk9JWGCSG6ckd1EMaLmzzHw/DVmT2IVDZHkVgZ2ctE8aTsOU6Mco5l2d5GIHohlu/CkkYQ8BECgWj2TNHspGAmYCKMcjcAdOVqeg7h8pWSUZfhk42Hus54ZCkW97qavgqAcBrxlFHhidRFShhHrTe66mQvEkTJRw9oKetCOK1h4EkkkrKEkkkoQSSSShBqSSShBJJLh4UINSTTyuKEEhIhcAcEoWQoEKRDad0pNkxnKmMDAr3EtOSq+f6lPk+j8lXy/UVCEd/CA87o7zlR38qBsTvpP2XmvXT/Gu8e4y2ML0iWTw2l2OAvKL7UfN3qeQE4GwWPUPK2nU8eszySLQCG7rQs4/IKktjQGhXbvpb9kEDVZLLwdSSSTDNLsSSSShQkkklCCRIYH1ErGMGTn1TBsrCwUwqrtExxIaMuRRWQZvEWzawtZHTxMiGzWgH74RWHJwk4NGw7JLTBcHKk8vJLiOQClNuMAoUZOQlOdkx8IBESpcQNRdwvJ+p6tlXdZHR8M8q9Mu04pqV8530jheQVcgmqpZRw5xKz29nV0EcPcMT0xPSGdfsMw5yt50PNI6mkY45xwsGwYytd0JJL8y9gd5TyFIdmHWrFZvWHLURIAAYCYRlaDhegpCz17j5eVfkgNOSqi4eFPTva05LfRUg6s5Mw7cZQ0R53OyGl9m6KbGJJJKBOOBJJJKAn1TZesKapiayodj0OVevjiqmBwIc0jIIXjcDywhzStVZuq5KbRFNq0DbIK/JLjg/oO1k1lRTOpzqgZn81ymr36/Dn27AqTT11NWMHhPacjKjVVBI7LmY37IS1wWLXDGR3T1Qw1s1I7w5QcBWtLWRVAwHbqEJZGVEqqWOoYWPaDlS0i3PKMhjLv01rYXQgFZCejq6CUnS5uDyF62WAgg91U3Oxw1cDtDfNyopEMTQ3QSnwpwM+6lzUsVUwhhGVXXG1T0kztLSNO6h09znpJcuLk0gWekq7e/wARrjjPIV/YurHxHwaskt4wT/ko1PXU9yZ4Ugbkj9VDr7G4gvgOMbhQh6LS3GGoYJGkYd+yl4Dxsdl5Pab9WWqoLJC6RmcFpK9DsnUVJXRtLvLtweVCFo+myOMqHPRem2VbjRK3VG4OCjzjSRkIQjNVlLhxZLGCPVUFZbHxPMkG7eVvJII5G6XNBVNX217CXRg+v3VBKWTLQ1tRSu3JGFp7H1SWu0VDy5n3VLVU8cvle3BVVUUtRSkPgcXD25VlSjk9VEtvusBZqB1D8wqKrtlztBM1M/xoufLyAsna+op6N4EhcN+VubVfYq2MNMrTkYKoVtwMt94oa+MMdI0PGzmu9UWotzZPNBjfdR6/punmD6uh8j+SG8ZVVRXyqtlR8tV5xwC5WL5yTaugkjb5ws/XW3l2D91u4Z6euh1Na05HCg1NtYAcAAeqIZGWFyeeVNC5pPlVfNDoP0rc19saMkN7KjqLW4n6cYR5wEZp8WOyBpe0q5qqLR27eqrnxEHBCmUQGJCMA7q+sXWd1shDad+qMfhyqJzCh6SO6FxTKaTPeemetbRf49LpmwVAAzG5wytM2RzDqb/81fMAmmp3eJTyGOTs4chbjpb4o3O0hlPcwaqnG2onLx+ay2VL0InH9HssjbZUksrGCNx4c0bqkuPT9ZSSF9OzxYj5g4cYUmz3yy9VQa6GZurGcH6sqyE9bb/IMvjH4SchI2YAUnEy8FZNA8AO0kHcLQ0F6wB47tsJ1TR2u7j6BBN6jZUVZZrnbSXs/nRjjG6RKOSmt5s6e5RTtBiRZCZMEbLDWy7uilGHaSNi0rU0l5ilLQ4Df0VOOCpQwTvEljILDhTaStBcGSHHuoOtjxkcLjmB4znhAIlDcaFjg5uRvlcbn1VFFW1NKcA6h6FWlNWsqGB2QCeygh1EtJcByuqC2muxyemJ6gQkkklCD0kkkYkSSSSpkYkkkkIthUkklBYkkklCD0kklCCSSSUIJJJJQgkkklCCyUslJJQg5LACSShBHcYK4GNHAXUlCxNbjhNc1jzlzGkjjIyiNS0+6hNxnLv0J09eZHS1dHoe7cuiOgk+qoD0n1d009z+nL8+qg/DTVXm29Mr0NNczV3Rk+Rnmz+qamFxi606WkpWfT8wwZaT+mysrf8AwC7sElivzoT2bryFsXRgndoP3VLceh+mbm4zVFrijmJyZYhod+yvAUZ57IE1P1PRZLYo6yEfiaN/zQ47u+IhtTTyQO4KK7prqi0R6+n+oH1EbOKarGQB7OTZb3PTNDOp+nZGsOxqKceIzPv6KBNxYSPqAMIInyFYU/UlM4AOjJ98qFFR9J3dgNBVNbIeGA7j/wAJ3UaXpqujd/KLXs7EKgTRMrKSZocx437KRHCx4zkELDv+do36JWvbjupVNd6qnIcx5/VQhr3wAD+WMFAPz0Z3aS1VEHUcwdiRwCtaa9xyAaiCrRTiEFSWgeMCCUaKqhJwHcpMraSU4IG6J8nRTjLos59CoLEXh42x+q7H3QjaGNOYaiRo7DKE6luEZIY5r2+5wrKyTsgfiQXHXnUMgqLqrWH+ZT/nlE+abHgSsOSq4I2jklstsu8lI0n7BQpenKXVmlqaiAchodsFYMrIHnGrCK1wdwqAKL5HqC3vMlDXiRo/DKcgp4v94iyy4WcuePxQDYq+Y0HOQmvYTjkqEK2HqegczMwdE7u1wwQrCK40czA9lQw590J9BS1LSyop2PDu5G/6qvl6eoMYYHNPqCoVtRdtla/dpB+xT3PHqs1LZK6mIlt1e/UPwvOxXPE6kgxlsDx7o2s8l/GmaTxt8YT2z4x5Vm29RyxgMq6GQOHdo2KkxdRUEo5LD/iUFypyXr5GYGAusDX7at1Ww1sEwyyVpz7oviObu1wTQfiLAwZO3Cb4LwMgqF83UDhxT21lQOTlQnxEnTUg7SJ4nqGD+cBj7oQq8fUERtfT5GVXfQDhjoI2si1YdlpR46uBwLfE5QBPRSAAtGU0w0rz5QRlToVKDZIEVK/JIac57Lot0Hb9lGNO4Dyv4Q9NcDsf3VNpC3Bkh8E8e8by4ei5rkO0kId+SG2tqIxokYchdNxDT/MjOD3U3IsT6Shl/vKEE+obhRpbNRyD+Ux0asGVFO8ZDgnB8bhspkop/wCEXFmPlrjsN/OU4HqGAjD45mjkK2EQdwuiN3YFWA+Csbcrgw/z6F+PUBHbeYWnErXMI7cqeAe6C6GB+0kIIVlI5HdaSbZr0cSNeMgghRZLZbnjLWEfZRzaBxDVysHYE5UbeCpLJaYYeAmeCAdsFVot9xhdqhq9YHIcuma7xnPhtePZBvwUWXhEb4TSDgqCy51LCBPSyD7BShXxcOBB+yNS3IsRcQeMpj4IJSTJCCT6opqKcYOVz5indw/CFt5KIT7XROOfCaPyUWTp+nc8uZJpz2Vq8xO4kA/NItbjyP8AzRKWUQopbPVAaInnA3BB5Uf5e+Ux/E4f8y0Wit/4Tsj7JNqKuM4maMfZTdhkKAVlyi/vo3DHupEN+0ACVjiR2VqamB394P2XDBbpjw0fkr+QmMkaO+U0jQ4uwe4JUqK500gDWyDP3UeTp6ikJeyQDPbCiSdNF28Mm6v5CtqLoTh+7SCD7pzZuMNCzctqusB/k1Bx90OKovlJIQ+Bz8I4zyCasVHbCI17HnLmtP3GVkz1M2HAqWPjPBBarCC/W+ZjS+pawn1KbG6UPxYMo56D3jpLo6/6m3fpe11QePNrhCwl2/syfBO7Fx/2SbSF3/yJO+LH2wVvG3KmONMwcfZHjm1DJOxT4a22HTDinE8AuP8AYr6RdMZbL1jd6Ts1kmmVo+42ysheP7G/WdEHyWXqu2V2D5Wz5hcfy3wvrAuPIPCa2bO2Frr8vqYPsL5JR6Z8M3n+z38X7Nq1dJ/O6e9HO2XP2A3/AGWQrukuobTK6G+dL3OlAHmMlG/b9l+i5eBuey783tpwV0KvN3L8h0NTJfkfmsaK0SHT5c+hahDpimleZKeokhJ3Gg4X6G3zoHorqXJvvS1rrdXLpKcF36rFXn+zN8Jrpkx2iooSePlKhzMfbOVth5qLf3MdHVxj2fFkdiulN/NpK10jx2cptPd+q7fglwfj2X0rcf7IkLpPE6b66qqZnaOqjD2j9CFlK/8As1/FO2F5oai23UD6SyQREj3ytlXl4z9m2nWwfTPII+tuoYf7+AnHpsr20/Ey3nTDdD4LuPPt+6tb30Z8Qumm/wDvr4f1r2DP8yKETN/Vv/osRcKS03JxFwt0lO/hzZI9Jafsta8jD0zXHWy/Z61ZLnZbzoLHxkHggq8NFE1obGS33yvnE9Mtpnl1nufgjOW6SQQVeW2/9f2Rvhsu/wA1GdtMuTsta1cu0zZVq/TR7jBHXwuJE4kZ/Q4cfmumrqIzmop8N9Wrzah+L13pGBt3srXsaN5INj+i0du+LHSdcGtqJJYC7Y62cJq1Un2a4aqD7ZqRc6Ru8jnAFSop4pWB0czCD77quguNgupDKOqhna4ZGCMqe2229rMshI27FEtRGT5Hqal0SIiS4YOcorpXt/BlRImSUz/5byW9g7spTKjV9bMo3bHHAw42oBPmGE4zDI8N4907TRTAZaQ70ThRU43GUKmgVhHWO2zsPsh1FFS1jdNRC149xlG+VA2b/mnOoqkNwDj3BU+Vrov7f0UFd0ZY6loxSmF3Z0flIVRJ0RWROcaS+1AZ2EjicLUS0FyY7XBXH/keMhC13enOZKXx/QR8oo6mxdiZ6eub6wZhw6yoNLDHHVNbs1x5wiRdRP0GO5Wyqp5W7Ehmx+y0D79TxBor6Sqp8bHMZOEX5uy1hBbVslP/AMvqmLUfsS9I4/iyiNZbKlgdHWEnu1+xC4yGNrg5jmuB4IKtajp20VbzL4Ayf6ds/ooI6WodWPnKmMHgB3C116iEvZms0016Bv0NwDGD+Sra/py0XJp8eijBfydKuHdO1ZAbT3NpA4L2qA+29UU85bKaWoiHGg7laFel0zNZp+MThky9R8NaMSeLa7hLRn0Hmb+mVAbaOvLI53yU5rI2cB51Bw+x4W3lqamiP+9W+oDT+JjchOiucLm5DiAex2RrVP2c27xtM+V9rMRB17WUcvy3UnS0obw9wh/6q6tVd8P77g0VwNvqO3iO8M/bHH+SvKiG2XOLw6gRvB9SFm6/4X2eqc6ajDopDuCCmx1MZfk8HOs8ddD/AG8SRojTdT26JzKRkNxoXD6cA5H37qoudl6O6la6HqSzGjndxJu0NPuQR7KiPTvW/STCKCrkFOOG41x4/wCXsrSj63aGtp+oLeHtIwZGnf8ATCbDV7OmYbND8ixdHDKKv+CcsWqp6R6ha5h3bDVSZ2WRudjv9E0t6wselxOPmIXeI0+/C9tpILNXxiew13hPO/hl2RlELbwyEx1tJFXQnZzSOFsr10k/uOXqPp+q7GxYPn6moqmmeJ+n7trxv4Tv8lZnqVrg2m6ktBjdx4o3/wBF6dcujeh7tM+dgNBXv31xN8Mgj1Hf9VSV/wAPKwU2IquCtB58c6Tj/m3z+i6NOvgvZ57X/T1tP+2s4MVPZKStZ49qqWPB30k7qmqaOopHaZoy33V3c+kbxaZfEp6aphcN8MGWH7YQW3KZjfAusAdjkkbrpU6/PZ4/X+FcnunDBS5BIUqCcsALcZ+6kT0VLVDXRyBpP4SVXyU9RSuOtpx6roRv3HktX4TEm0iziucocGnj1VpT1VPM0efBWXbUYOHuRWTGMgtKZuR5/VeOlU/tRpnjP0nIQZGuaM4VbDdaiPTn6e6s6W40k7Q12Afuryc91Tg/uRCkmLX5wiRV+k4ceFNqbYKgB1MOVS1dLPRvIlYcDgqm8AqKkaWgucDgA47q1hmjlA0HK8/gqS1w0jhX1vuxBaXHI42QgyqwagQhzSR2UV8UgOpozunxVYd/6IzZByFYhrAFk0jCA5uFMiquNWEGRgPZBkgJGWuwVAGsloJGyAHCe6FrgFSH52n8wOW+ykU9zLiGyA5UF7CaYsHhM1PaeOPdEFU1/HdP8jhsMKETwNEpPIRA7PdDMffCZhyhMZD6vdcBOUEZyn5GMZUJgJIdYAzwvN+v/gvaOsY31luYKe47uJHDz9l6EAR3Tw4A8lKsrVnZo0+os0099fZ8U9U9H3npKukobpTvYWOwCRsQqMMPbdfcHUHTdi6no/krtRRytAIDnjJH5r5u+JHwdu/Skj7jQMFTb3uJDoznwx7rDfo4ro9x43zsLkqr3iZ5rE8tIyVIjl1bEKK9hzjuOyc3LeRlcu2jHB6Oq918oniQ42VvbKzQGkn2Kz0cu+kqbTSuaRgrn2VNHY02q4yeg0VV4kTQTuFYMI+oHlZW01YdHhx3C0MDg5jXA8pZ6rSX/JFFnCUTP7KPEQNiUZvqCjjFezpKawFznYJmn3XcYTVfRTeQTyQuRyEnGEpCmMkGrjhT2WWDDloKY/6SmseMAJqmAsjTyuJJKywMgBQXI70ByEz2EeVgxlV0jcEnKspBkKJMw8AIBFqIEgUKYasqylaTuRyoUjTk7clA1kw3Fa9zoXAtCsKGuLiGnGyjTRhw4URuYnZx+6XOBnrslTNSia2GcOaDqCe6THKz1FXkHS4q0jqQ5o2WadZ6XTaxWxyiZBPJDKJY3YIW6s18iroWRuOJWjBB7rAMeCDspdJXPpJRLEdwsllaO5odZ8Uuzd3ambWUjm4GoDIWXsla+2XARuzku0uC0NDcXVVOx7gMkbqj6hojFMKuIYB32WZxwdid2Y70bfxvEaDj3VVXQFrxURkhwPITbBXtrqJoLgXsGkqZJGHjBGUrBqqnGcFJEu2VhqoMvx4jNnKSSJGljhkHZZ6hldQV5Y44Y/ZaJhGc9kJohLcU1DK+03YsccMedvsrC9QlkjK6Lg8oV6gD4Wzsb5o98+ynU8sVztzQ0csx+agxPDOU83jUzZBw9WER8ocDnCoLVMWeJQv2LCSPsrelmHhGF3JKEdCeSVI4Pjc3G+EKllx/LPZIO04CBl0U3jEbKDU8DrhG4S+J2cFieo6JzJDM0bFbyZ7Z6dzi3jhUFyp21UD2Fu+FF2YdbXvi5IytnmMcvOMLd26bx4Oc4XnYJp53MxjBWp6ZrX6tL3ZGMJq6MOls52Mubg3+TqHKjtfqpi7CnVjdcWlVjSWgs7BNXZotWGCduvN+qKd1Fd/mmM0b5K9GklDXcLF9fUkz4vHYMgjK36aTTyzyvnobtO5x7RUXYGttzZoiDjchZ5pGnlXVirI6ilMDh+HBCop2iOokY07Ales0Nn2JHx36h0/yyWofbXJb255EAOcq6oZtdOGnGyz1slx/JKtbe/Mvh55XXg8nh7Y4kT5GdwrG0ve6Etc7Ok7KvkOlxbhFt1R4c2k7NdsjlFs3eNu2zwXZCw/U0ZgqHzD1W28UOWc6opRLE6QN5SJLB3LXug8Eez1Lail0g7kZXTqZIW98qr6alMTnxOO3ZXNTpBa5ZrU2O0s90FkiVgIPjjsnxzl4aMLtVh9O71UamOoBpO4QdnRgTHEaT9lDO+UZxIyMoJ5UQwh1YO26E1SKsjCiNk3whBmwzSfXhCqGjw8+6O1owcKPMPIceqrJmnPKwU1Q4h33ygNkJOMeqPUbHfsomrBUxk51ssM5XgeCPuqkHDla1Z1xBVXDkufYClkfKcgICNJwEFKnhJDYj1Jp+VGUiDlCgJEocLq4OF1aYCJdhGrhOUlxHKWEAMPCAWEkqQmkDCCSyXgEz6gjAjCC5pycDZJpPqlFf2C6d8rR9N0jHR+KRk53ys5Fl0zYgPqW2t0Qp4I4w3fbKwa2zEDv+Ho/1VYbCyU7BGHBuDwrhzRgEHhQrdH4dO3t3Ux2eMrzF0tzwfSdGvs5OAnVjOyIThqEzlOc/SxBXHnBsnPYskKvkDjg/kn2uCONhlcMvPr2UOYl84JOd1Pp26WDthet8Xp8JM+bfVXklGDSJLzqcFMoxpkEh7KDHyVNiOBgHdeprjg+O6qfyS3Gl6ZpRcLkHvZlsW5Wl6puYpaT5GB2HyDAA5wg9L0QoLeJXMHiSeYkqJSab/1NrDNbKfyagNs8opnJnP7/APBoujrO2ho2zSN/mPGSStM0HIUSGMswPTsprTnGyieTLZLdLIQcBI7pDhdVixMYXPA53U0AAABChb+IhFSJPBWR6iXCrjpYi97gNtvdSidlmK+Z1dWljDlrDpVJZLDWmkdV1RqHNzqOfyWxpoA1gaBjAVbZ6NsMLTjdWkjxEwDG/dM6AAVchMjYWbk8qREwMaBp3UahiJkdO/ck7eynkDGAUsg3IAJJVRcKlsjvAYck+il19UynhfvuqqhhLz8xJnJOQrAJ9M8QwgadJ7lZ3qC4STTfLwu2A3wrW6VjKemeB9R2CoKeF5HiybudvvyoMhj2PgYKWlLnfURkrPdQ3qGw0EtylOZNwwOPdaKqeyKFz3nDGjJJ7BeP3aum6/6g+QpwW26id/NLh5X45P2Ro10VbnmXQ3pq3VF2qJeqbwwvkmefBa45AHqFqaWGW41LYQ3FONpHD19EBkckszKKB+dbsZBzt6rO/GTrSn6K6dbZbe8NrKsA7HcDjUfXO/6KpywjcqpXzjXDlt4/6Hn3x6+JEVwuP+x9kkHyNG0Nn0nZ8m+V49GC/twk5ut2o8lGYABgDCwWTcme802lho6VXD/qJrAOyecAJzBnAKHIUvoalkY9xOVFLck5d+yKZM5GEms8wICBy2miKwsjWtOobKWNIbymhoA4QHd1JTwC/uHSP2OHBQnk6iE4k55K4s85bh8Y4BYK6Ac8Imn2S0+yS4ZYT6Gho9EQABdIwnhzR3RKsW28jdI9EsNTiMAqOSc8q2sFLkISMcoZ5SyfVDLXHshGRiIOJSOTsSnpKDkhq4eE/IXCRhDLksCeVxPJGVzIQEGafdLT7p+QlkKsEGafdN0FPXTpKmCHElzSuqyCPCQ3SXNPuhlHJDiS7od6JaHeiohxJNwVxQg9JJJQh0A5TwRhLy9kMk5RkC5CSGCcow4UIBAcOyWr2RTpwgnkpWEyCJykkugZ7ouEQ6HkIoeQgIqjbIGjrZc+U4wrCluB2EjsqpXGgt5OVTkwlJo1EFWx+DkbqwGkAZOCseypfFjBKn0d2IOJc4VqWTRXqMdmlBTweAq6nropsBrs5U2OTODjlMeGboahExp23KJgKOOEVqs0KbYQbIkedshDHKM05bwozTAIOEkklZqHroBykAcogA22UCEG98LoByngDC7pB7KshJZOAdyN05JLBQlnCAeUi0J67gq0XgjaR2G6i1VLHUN0yxhwPqrHThCMefdXkCcFKLiee3yxyUEhlhaTEd8eip16jU0jJ4zHI0OBWGvto/h1QSwHQ4qYPMeQ0Cp/1F0U6SI9unG3K4q2s5WU+hiSSSm1liSSSVEEkkkmkEkkklECNVx05XmjusWHYDzgqnHdOhdpeHehTqpbWJvgpwaPXXRNc3WNwd0FzcLlonjq7PBLE7OloDvVFfwulFNxyeanHa8Ec7Li67OTsuZPojwQEku6Hei4oiEm1jTWsctKfOMkLMUrtEjXD1WqjaPCafbK0wMuoWOQOCmKQdkwtJ7KzOnkEuafdF0O9EtDvRQIFgJzcDC5jCc0Z2VoqS3rDPSrBXx1dthczctGkqyzkLM9ISMFG+IHcHJWkaVpXRx7VibRw8pJJKxY5JNSUIOSPCakoQaeVxJJQgkkklCDFw8LpI4QCSSd9lCCJOdiuNJTU3T7q0EPATBynZTWfUEWMhjn/QPsVAn4/NT5MBgHsVAn4/NQhEcclCaiOIB3Qm7lUGRrpL4NHLLnhp/yXkwe6erlmP4iVuuvK98FAaeJxa5xxt6LC0LSXA4XPtlmeDtaODUNxoLbGQwZCsuwHooNJ5YRspbXeyKPQ2XYVJNSVihJLmQlkKEOpLmQlkKEyEAycLS9IUzNM1YR5mnQPb3WZjzK8RtG5W9tdG2ioY4gMEjU73KbDkx3zUVtJWTqRhwgDlSWcLRFHOxgcO6DPLkhG1BoJKhPOuUlSefRCk6uqfBtb2g7kYXlzhk59Vs+uq53jila44zkhZBqz2M7mlhtrTBpJJJTNgRq1/Qf/bH/AGWQatf0H/2x/wBlIdmXV/7bPQ0klzIWg4Yph5TvthYfp+8OrZKynld5vEcWraVzxHSyvPZjj+y8UsN4dTdTSRF+GSzHHtul2SxwbNJQ7cv9G3rW6ZCGgBRVNrC18zi3hQjygX7HQQkkLPql+SrcWFSQyupkAT6YvfRGxmtJaAP+G5ZB3i0kroZ2FrgcEHZexbeiqb505br1D/OZ4czd2yNG+ff1X5LZ/QLcYe23uekILDkDgZW2svUlLcgInu0SAfiPKwl2sFfaH/zY3GLPleBsVHpakxnU07jfZBKOA08nqtTQxVTd2j2KpZ6aaiflhcAFW2frGeEtgrRqZxla6OejuMOuItfnkeirASeCBQXQucIqh32KuWvDhtuqGstrWkyQ5BHZAirp6N4w53vlEWaJc8MhAprjFOASQHfplTwWuAwEABW1dupqtumWJpz3xusXfOmWwOL2MOOxC9DLACCEpIY5GFj42uHoUakQ8WdFLRS6mZGCrKkvJOmOQ49Vr7x0uXgyNiBz2wsZdLDJEcsaQR2RqWSE6a30lwZraAHf1N2KqZG1lqnzG9wAO2+yDQ3CpoJtDnHGcYKvqetprgzw5mNJx+qIhZdP9aFhEdUeO62lHcKO5N8jmk4XlVyszdJmpSQW7kBds/U09pe1kuctKhD1qSBoHlCjPj7EKstHV9HXNa10gyexWhbHBUs1ROac+6hCirLLBUAua0Nf7LM1tDNTvdFI0jHfGy3slO9nH7qLUwNlaWvjaQfUKF5R53LRtfy0HP7IEElXbZ3eGXNA432K09yskkTvEp8Obzj0VTJCHbPG4ULL+x9VxOY0TOw7ggnlXVbRWu9w5dG0OIODjdefvt5Hngbjuplv6guFtk0ynxGcYPZRguHsmPpLvZnkNc4xg5aR6K3tl6E4DJ9OeN1No62lu1KNwQ4cdwqO6WKaKUyU5IHIIS28A4waYRxysOGN49FS1lrYdWNlXUV2r6CQRzklvAytDSXCmrgGu06vVU5ZKMjX21rDjlU1VbQzzAL0aqt8EgOW/nhUlXao4zkDOUeWEmYOenMZxpUZ8Zxha6rt0RONA/VU1bbZYBrABae4RFlC+NwO4wnNAUp0YJ2CE6MgcK0kymgtBcqy2TCahqnxPBz5HYyvTul/i017WUN6j348Q8fmV5KWEHlEJGkgnlVKtPoW4H0xCKO4wNqqOQEOGoFpylFUVELvCf5m++6+erD1Ze+mpvEt9W8MJ3jc7LT+S9Y6T+Jtq6gc2hubW01URs4jDHH7rLbQwMGguFmo67+Y1vhSf1M2VLLBd7U7VJE6SEcObuVqXwPOHQnI7HOycycAeDMzI4IcNkiVbRTRWWi+xyERyvP2J3Wgp6kuxtkdlRXDp6jrB4tKfBk522CqmVd5ssmmYOkiHflKccApZ7NyXB/ZJzHNw5hx9iqa1X6kuP8ALjf/ADANweVbteTsTlVhgSgvROp7oYgI6hpP+IKdHURzDVG7KphgjBGUo5ZITlhwqM0q8miBynqoguXAl57KwiqBINkAtxwHSXAfZdUBEkkkoJHpJJImRiTk1OQi2JJJJQoekkkoAPSSSUIJJJJQgkkklCCSSSUIOSSSUIJJJJQgkkklCCSSSUIJJJJQmB+MpYwkkjIJcI2AzsF1JQnRTVvR1iuLnSS0hhe/cvgOh2fuops/U1ma7+E3Q10Q+mKq3ePbK0bDnKL7qwHbhmQ/2nDGuZ1JZZYdOz3tjyB75UlrOnrrAPkZoyXcAO8w+4Wlcxj/AK2Nd9xlUdd0ZZ6yQzwNfRzH8cJ07+uFC4zyVlR0ydOqI6iOyrn0ldRHIa4tHZS6u09Z2Ql9vuMdygb+GXZ+FGHWMQc2G9WyqopOHOdHlmfupgapo4y5SQODpmOwf2VpBe3uA0VAx6ei4x9ruEQEFRTzFwzpDhlBms8LwNAMZ9lCngtqW5yvcMzA5VkysyAeVjzbKunHiQT5cOy6ypulM7Vgn2yoTabNlZnloSJikwC0LJM6hw4Coc5h9MKyhvVDIABMcqdinAuXUVJKPpA+xQRZo85iqpm/+JAgrmPOWO4UxlVgZIUK2sBJbqyNuYqlzyOxKR/iUUQJg1gKUKwdwjCticNOTuqAllFZ87Kz+9gcF0XCEnDmub+SsiYpPQ/cIUlHGeWj9FAVnsitq4Dw/dEa9rwcHP5pxt0B7fsmG1s/DK5v2Uf6DU8djSxjxhzQQo81qoZPqp2b+ykSW6qDcwS8evdRpIro04/0RoPOSG7p6Fry6CV7M9tRSFqrWY0Vx24ySpbfnGH+cM4CGaxx20nZWWQz/G6Z5YHFw9UZl2uEQHi0/HdG+fJxnsiNr294w78kfYSSYBvUMbTioYQVLirqOdoe2Vo9fZMeLXP55IGhx52QxSWzPlbj7KkgXWmWUMtO/wD4rQjatYxHID9iqc0G/wDIqdI9/wDJC8K7U78RODh2IVSjkB1ov2OnYchxP5opqagc4VAy4XSmIdUwameykMvjC4CSNzQe+EElkW6y8bUhw87R904ugk8rg059lWR3Klf/AMVoKf48UrvK8YHogaaEOvJYCkpyMtC46KX8KiCd2wilOQiNrJwPNuiyyfGwhbVsOoyBPbW1LdnsGEMVg7p/zVO7k/sq3iZQyHFawbSbFFbPSyEYkwoJNK8bnKb4dL2yjTbK2Fpogfg5B9MFcFMTnDlBEWkHS8pjpq9hHhPdsmZA2MsXUz8fVhCPiMONO3qgxVtfGcysDh6FEF1A5hwgBlB+h4J7t5TfCYNi0LrLlA/YtA+4RGmmkbqLgfsd1MlYY1tPTuH0BMNHAfwo/htGCx2Qn6PdWXghmhjzkApCleDlrsKVken7ruP8JUKwQx85EcDBC66R+AZWKaWhu5OE12jnlQmCHmkd5ZG8ey4aWikHkcf1Uosa4Y0hC+QgzkuLVCsEb5GQbRTnCaXXGndho1t9lLMJ4il0/uhkVkbt9L2qESBm6SRkCakk9zhO/idC4eaQtPuEUTO4fFkd8pj46CoZofE0H2CMmcC8C31LcviikB4OAVCqOnbRUNIMLW57tCMKCFnmp5HMI9Dymviq+WOLvbIQ7mRc9FRP0VSvOqmuFREfRryoj7J1fRxFtFcoJ9P0tmHIV86smpcGogeR6gLrL1QPIbrId6EIozbCakuzMfxPru3fza2xsq2caac+ZNZ8Q207iLv01dKP1cWagFsWV0UpDWvByCeU57GPb52Bw9wmOWAmk+0Zmm+IvSVb/wDZVlPjb+f5cn0VvSXm017/AA6K4wSvxnS12+EOt6dsteSamgie7GMlozhUFV8O+mZ3Eupns3/AcI/kIo5Nk0jjOSETBIXnz+gjDgWvqG5Uun6NMxwEyWz/ABDpMfL9RmqHbxWgK1LJPjR6ABjfOUxzyTjCxEdz+I9C4Ontltq2AYIY/Q4/mVz/AG4vsD//AHj0fVhnd0L2vATYzcS9mDckAjBKh1tqtdwiNPX2ykqY3ctliDlnWdeUTsfMWu4Qf88SmRdZWN7ceM4E9iDlOjqJQ6DTkuimvPwP+GF7DvmOl6en1d6XMWP0WVr/AOzD0W4NFnuNbQaeNTvEH5g4XpDOqbPkZncFNhvtqqB/KqWkn1KYtfcvY2N9kPZ883r+zB1Cwv8A4NfqWsA4EkJiz+5WGvfwD69oCWVNgbUDP1wecfrhfYzamF/0Pbv7pBhIzjOVpq8rbF8h/wAyafKyfAVd0zXWSR1NNFW0MzTy5paMotNf+qbWNNNeHvB7SnUvvKqt1HcITBW0rJozy1zQVkL18FfhtetTqrpuGOR/MkB8N36hb6vMzX5GmHkGveD5etnxUv1GwMq6WnqdsOzsVf0Pxc6elJFXFLA8bOaRnC3t+/so2yoMk1g6hkhycsgmG49tWd/0Xm3Un9nH4gWjLoKRldjhsf1YXSo8pXPtm2ryL/eTZ0XVfTFa1skVwj83YnBV1BV0dQ0GKoBGMhfOtw6c6m6dJbcbbNBpO+3CHT9RXa2nVBUTRE98nBXQhqa5riRtr1qfZ9MNjc7GOO2U9mWDcleEWj4rdQ0bmiWdkoH9QWst3xigdIBXU7iDzoCY7UzXDUwfs9ML2uPCRJByDhZq3fELpm4lrRVeE939ey0VNW0NW0Gmqo3k9g5FGWRjti+g7qeOoBbKxrgf6hlQJum7TKSHUrcnu3y/5KzaMDOV04PdH8izgco5KF/RlO3zUFzq4PQa9Q/fKjVljv8ATRiSCdlWRy3g4Wmbn1RDIWcI42Y7BcDDfxK5UgHzdqqGM/q05GUqbqe0v2fN4bhtghbZ0viDS4B333VZW9NWO5M/3m3Q6/6mtxlM+Qm1oroLhS1jR4LxI0/mifKU0o89LGc+rAq6s+HELneJbL1V0T+djqb9sZCp/wCDfEezML6UsuMLc4y76h/oUaufQqcVLtGrbZLXLvJRRb92jCjv6bb4n+7VpY3s1xzhZdnXtTbz4V4tVRTTj6m8j7hXlu6ws9zaPlq5niHljjghMUt3IuNMf6VglTUFyogBO4VMQ/oOT+ih11n6duw0VVudFI7hxGnKvKesDgD69x3Uh8lNM3w5oWuHuOExWSiBZpYWfkjzyp+H7qdxmsVW+Jw3DS7ZNgr+qenneHcGOqIhycZ2XoDqeFuDT5Y73OxTS0u/vI8ke2U2Gqa/JmG3x9b5ijLUl2sN0cDLDEybuHgA5RJbG5z/ABKSr0tPYnIU64dJWi5OMoiMM39Ue26qKiy9SWjDqKT5qAdidwFohqovowW+O3cSQGop7lSO81E6oZ6xtzsqatt3TN3JZcKLwZjyQMEH3C1FPfJoC1tUxzNQByEeoobTemedjBIfxNGCuhRr2uDja3w0LV0eV3X4aibVNYa1smNwzO6yVZQ3u0OMV1oH+GDjVjK9qq+lK6gHjWqqId6g8qBV1EgZ8tfreHjgyaeV1aPJY7Z5LyH0vG38Vg8Vc2jmccNLCUM0kzXao3NI7L1K4dBWi7NdNa5RG8/gKxd06Wu1pe4SROcwdwNsLrU6+FnbPC+R+nZUN5izPltQCBLwnMe2N2S7SUXBLiHfmuBtO84+orYrzzep8NGyO1InUN1qIcYky0K1bcKS4xeFUkF2CAfRZ90QA8uwQtbGbPdpKcrUeT1XiZ052+i0qrIGjXTHUPsgQxPpnDWMfdPo7zNCwRF+oKzc2luUWjbUe/ujUk+jkSjZHiY6hrDsAQcK2gqNeOFl6ilq7dMMZLR+6l0N7p3vDXAtPuVeTPOBpw/UFwkg5yosMxcBtspIkBVi8Dy8j3XPDhedRaA5dBaeUtIUKEW6eEZsxbgYyhZC44gjlQDCJrJWnuE9ukqrJc12xRmVRAAKmBeCdpb2KZjCE2XVuEQSDhQtHNJ9FwklP1g7YSLRjKJxJnAIknkpuiF20rCfscJxGCuIHDci8tPK7PHPiJ8FKWvMt46ab4cuS6SLHIXhddbqm3VUlJWROjkY4gghfa2wzg7rJdZ/D2y9XUjxPCI6oDMcgHDlku0u5cHofHecnS1Xfyv2fJgwPxBFjeWq86v6DvPSVc6Kup3+DqIZLjZyzzcAnBz7Lk2aZ5Pc6XVxsip1vKL23VWkDBBJWvoqoGOMbLzqnqTG8LRWy4EhuSVhlTg9P4zyEN+GbWN+rgqQDtuVUUVZkDO5Vg2QEZzhKcWj1MJ5SkSfFPokXkjGEIO34R8jR9P7oMMcnkA45TScEFPeN0KThQpy2hops7FHb5hlVsTyHgFWUbgWBTJam32JJd0+6Wn3RZGZBSjhRn8KbIAQozx6IQGiMeVHeAQpZBygyAkKCZLJXzNAPChPAVlK0lQJBhAY7UQZR6KFMzPCspQCTlQ3tJQNZMFhBbKYXZCsaWt14Bxsq+obncBR4pjE/BCVKGQadV/HfZqop9Q5G6K155VHR1mVZRThwWOyDR6XS6pSipF5bbrNQzAl5cw8tytdHLT3Glxs5rhx6Lz5j/blXNjuron+E52AN/us8oHe0urz9k2TbRPJZ7u6lkPkecD/AEWv8fIzp2Kyd5i8drKyEYczckd1Psle6pi8GV2XN4KQ4nXpmo8FhcG+NHrZs6M5VpaqsVFO3J8zRgqqedPPdct1R8rWiPhj0vDN8JpGle0SsLHDOQqu3VDrbWupXnyvOW5Vh4rWnGVWX2E6I6uIbtO6g2TDXVpo6qOtiHldz9lMjly6OZu7T/qhMDbjaxndwb+hUO3yukp5KWQYLTgKnHHRcJF4XB2CEyofriLQMKPSTaGCI8hSNQOCUJpUmx9NL4lKYzyq57C17mOHsjxS+DWFjvoeMfmnXFmD4jecKAze9YZhr9TGmrAWjAecotiq/BqWtJxnZW17o21tD4jQC+PcLK0tQI5wXggtKdGOTh2N035R6e7zR59QqyUBpcM90a1VwqKRuTkjb8lHrNp3Y7o4x/ZtsfyQyiFM/Q7hVF/hfW297GYy0Z/JWcjsnKiyu1xvjxyMLZU9rOLravmg4M8yszhSVklNKMOyQnXilEcvjtGzufunXCP5O8Pe8bF2FLneyppHFw4Gy7/j7G5I+U+Wp3QnX+ipo5NFQPdW7HmGZj2qgJ0ODh2VxDIHRskG+y9LVJHza+GHkunTawH6UmPAdqIQqciakPqk45Ax2T28iqZ/HZkvKeTUwOBzkKNeIjNSuATLZU+QtI3Rqh22nnKyzR3q7fkjkwtLO6muHhYwtFNqeAs5dQIbiJAMYK0FM8yQMc7nCU1k06WeJ7RacjBOQocLw2ZzcYG6sCdsqskaQ8nHJWfODq9B3vyc7boT3jumB+DhMmcTggKZJvOTHLSfZQAcOUx30n7KvmOk5U7Acsktsxa0DCY85Bygwya/KeU6YkYUAUtxXV4wSAq4clWNUQ7Krn/UhRytTncOlb5Duqp486snnLfyKr5Bv+aC5YKgL8OSeyjnkqQTkHZRzysk3gelgI1SIeQo7VIZ2wriLk8EscLqEOUQcLQnwIsZ1JJJGAJJJJU3gacIHKF3P3RTwhHukyeEUlksbPEyWtbrbnG629riZJVRtcNs5wszYKdjRrcPMSttZIGO/mEZOVydbPMD2nhKftRpIQGtAAwOye5NBGnGey6xecz9x7albEdCj1ROnSCpDsAFQah2TgFatPDdNCtXeoVtg4Y9cupx2G6mtUalaQ4/ZTImc5C914+nbWpHxL6q1jtu2xYRhxuVb9P0bq+5RRFhdG3zOVFI5wOAt/0LQyQQfOSN24BPquqv2eH1UtlZe3md1HQOigwx72lrfZWfSVoZbbeyV4zNMNRd91SUkb7zeHNmGWxHYdltWgMDWN2DRgJc54OS3nkksAznCMAMDShM7Ig4QqWBLDLrRkpoOUSM8HCLJXZIj+nC67bdNBTZniOMvPZADtyyBfbj8rSkN+uTyhRbDQPz4rs5fuq4yPvF03/uYTj7lbG2UoawHTgDYfZWFKOCbAzSBwEKaUunLBuB3RZJAwaR3QIGa3F5HKYCS4meUHCc54HJXB5WkdwoFXOWMLh2SiEC4PNTVCNu+CjOlbTxhuAAAhQANLpnjzHhRa2fxMxg4VkI1TIayoyB5R6p+jYLkbQ1uAFXdR3qGxWuStnl8Ng5KNcBwi5PCMX8UOpJ45Yel7VIRV1bDqLeWgnH/VVlFborBbYLRR48d7QZD+Jzu+/oq7pSlnq31XX/AFBN5p2k08bvwN7LSdPUzauV3UNYD4MeSB/oEE57TqbNkVGP/wC7GXC42zoexz325yjxI2jYnfJzgYXyf1P1Dcup7tLdLpUumlkcSCeAPQLY/Gj4hv6tv7qOgn1W6mf/ACwBgOXnIyXZys1ljfR67w2ielgr5/m//II1FaPRMYMBGBAG/dJz7OzOe8br0Z25UeWTH5osgAyogyXKlLIVZwgkjAUiMYGCuMYAMkbpSY04CXYNHEjHKjvOxXXE77ppSJPAC4BO3ckAcpw5R9LdGcboBqfAED1XcBdPK4dlCzuChaneqIZRxpQjJtwpKW0g9zhghBJG6a6Q7oJm3OyW7A9mQ5l9lwyejUDUuZPqg+QtLAbxfZIy7cIGEsBA7Bg8vceFwl3BK6uOQKTbIcDyUslNanYKaiCyUslJIcqEFgroJyigDShYOcqEHjhdXBwuqEEknpKEOYCWAupKEB4CajJihBiSSWVCDclJJJQghyn/AIUxLJUIdJOeVxJIcqEHHhMG6KOEzT7oZRyQ4kkkqIdZ9QRgRhASyfUqmiB8j1CWW+oQMn1SyfVTABPgqXRDA7K+t90hnAjd5XAd+6yzCBnKOyYxO1N5Uy0OrscWbdrtvVGa72WatF51PEVQ7HoVooXteNXZGdXT256JQOUSMYJQm49cozOUZvhIMOE9MHCeojUnlBcBPTF0nKsckFSwUhyjDThD2EkDT9PsugIjWghXgJLIIcohAIzhd8P3T1YxQyAI1cBMLfZSfo4bymaM74VYLcOCK5gVVe7c2to3DIDm7glXbm+6C5o2yVaeDDqdPG+GyXR5bLCQdLgRp23TDGQM5Wg6pohQ1fjsb/Ll3HsfRUBlH9KZFpnjNVV/GtcEBOyS6eVxTAhcjEk9JCGMST0lCCSSSUIJJJJQCT9HofQVVDPQy0ucPbvj1V7M3zY9Fieg6jw7k6H+pq3M2xK62nlvrR5vVr47miMWg8hc0N9E48pJmBClkDgJqkIKEMczn81q4N4Wf8oWWAOVqKf+4jz/AEhaKzNqBy5gImCuJxlGYCWAupKiDC3C5p90RJTBC/6PkIlmZ7Ba1hwsV0u/w7iQfxNW1ByjRzr197OpJJIxAkkklARJJJKEGJJJKEEuHhdJHCCScncqEE5xyQDshpyaoQ61L6kmrgOEyIQwpRfUuEjhKMgHdWGOqSQR9lXzEZ5Uuc5/RV0hOeUJBkrTtjdNwGjJdwi4zsqbqKtFBbZJc4cQQEqyW1D6ofJNRMF1ZcH19zcxr8sYdICj22MahhQHF0shkJy5xyry20umLfk7rC+ZZPQuPxVqKLCFoawAIrUIDCI0hNRnbyOSyPVcJGEMn3UIPyUslMSUIPyUslMSaC5xAVlSe1ZLTp+jfVXJhGNLNyt9qGANQVBYqOOhoxI8fzZBqJ9ArBkxccjj7p8FhHK1C3SyTRyjtcAFGYctTgTlOMo+V2nb1UUnDS8lKeXL9PooV3rPlLdNJqAOMDKGXQ2qve8HnvU1W6ousmr8Oyqj9JSlkdLI6R7i4uJOSkfpKzS7O9XHbBIEeU5NPKchl0NCDYErZfD9hfO6UjGVjmcrfdDQGOmc7GMqodmTWy21m1JGDuFGDiCuEn1SWg4a7IfUFT8tY6uYndrCvAaWoP8AF2vP4pCc/mvZ/iFUmn6aqAPxjC8QpT/v9OcckLPZ2d3xkc1yketh5cxpccnSEE8pkZPhs37D/JORLoVKChLCGg4SJymJISgqSEkj6KwfZuR6hLPuoAqDnhGZMDjdfkw/oBglvip6hhiqohLGRwVj770KI2yV1keD3MLjg/ktayQIjXDKhSWDyD/eIiWVERjeNi07EKytd2rKB2qGVwHplb+8dP229waZWCOYHyyNGD+awl36Wulmfq0+NAP+JHuMKYJk1dr6mpq0COraGP41Dup80EEwJ0gg915nDUE8dlf2nqd1KRFUgubxkKxpfSwPp3aonOx6eilW+6yRSeFP9J23K7S1tPWsDmEbjjKFU0D8a2AY9EBDQU8rJzsQUXTg8rIx1tRSyAayMK8o7tHUNa2SXdUDJZLXwfEABP6qpuvT4qMvaBlW8TgRqa7ZHG/CsXymeV3npxshczT4bxwcLMVVFXWt2XA6RwQvcqu101c3ErAD6gLLXTp10bnRmLWz3GRhGnkLJgbZfQ+QQVLtjwVZVFuo61hIa3J7hRLz0sIcz07S08kDsqSO6Vttk0OJIHqmRSZYd0dbZao4BLAcg+y13TvXDIS2Ocn9VR0t1pLozw59IOMbqHX2QxZnpDnvsUYEpYPY6G+U9bG1xAIKmyUzJBlgyCvD7T1fV2uXwpw8NB78L0bp3rSmqCPEcdxwoCm3yaCalLcghVdbZ6eYE6Ax3qFo454KyMHAwhzUWQdByPRVgJTwzCS0UtM4teAR2IUV9LHJkFgOVs6igIJJYD+Sqamg8NxlYzHqEMuhymmZgRV9A7xKWQgA5wtNaOoqeshbDV4bINjlRnxA48qgVVnL3Gandpee3Czy5LaTL+426lrI8x4Gd8hZ6WCpoZNILhp4KLbrhX0DzHOC5nuMq/jdS3GLJa0kjhUngFrBWW6+S6xDUbj1KvWPY9oe0NcD7KlrrCfrp3YI3CjQV1TTjwZGnLTwSjbyRxyi5q7fSz76Q13qFWVdtja0txkH1VhSVTZmBwdk9x6KU6ETgDhWAlhmHrrMT/dRhv2VLU258fLcL0aoogM6QqestzXA5ABV5DzkwklM5p+kqNJERw391rp7Vzhnb1VVUW1zT9OPzTYywXhYKQj1S0+inPpHAHb91DMDmnjKOUVIBpGl6c+It96ac2IzvqacbCOQ50j2XrvTHxA6e6rjELyKeox9D9jlfPU0RcQQhiSeB2qJ2D6pUqdyEyjk+qX0bmjxIJNTTxuhuY2UeHPGCPcLxbpX4wXWzujpr1iqpG7AY8zR916/ZOpLH1RTeNa6lr3ABzoyfM1ZZ0NATT9ESv6WEg+Ytkoik5y3ZQor7eLO8QXOndIwbawN1pDFLE7MZIPOCu+MyQaKmEE8ZIWdwwVn9jbXeqK5jEMgD+7TyrJZS4dLsLzVWuV0UnI0uwg0/UV1sZEV9pnyQ8CRoyfzSnBsF18ZNgRlGjqZYsaDwq233akuLBJTytIdwM7j7qahccCXHJYwXPO0ynsqY5PodlZ8DJRGPlhwWOwhEzrNADldVTT3EjaYqfHUxPHlcqESg2SkkzOUleRbWB6SS6BnuqFM6kmpKECpJJKAD0kklCCSSSUIJJJJQgkkksFQghyiDhMAOU8cKEGpJJKEEkkkoQSSSShB6SSShBJJJKEEkkkoDKW0ekkkjFN5EkkkhayRM4RnuhTUNLV4bVwMlZ3DhlGXWqi9zMxX/D+xVUhmphLRvccl0Dsf+irJOnOr7Vl1urm1sDOGzHzYW7XclTeRXHnzOoKykd4V6tU1M4bagMtP5qwor1Z6vZtQ0k7YJWvqIY5frY12QRuMqjuXRlirm/8AZfAeeTFtkqDlYn2QpKSindraxrs90KW20xGGxhvuAoU3RNwomltDdJnDkBxOyG5vVFBGPEpxM1u2poyUwiaJMltrAQ6mmxgcJB99phq0+MB2CDH1AY9Laulkid3ODhTYr9b3s2qMZ9VA1gFH1BOTpqoXQnP9KnQXVuw8UEfZdD6acavI8H7FNdS0bv8AhAKiShknR3OMtwHI8Nac/wB9n2VMaJ7DmCbAPYpgFVG7D2ah7KAuCNPFUtcOc5Rw5p7hUVFOHAZfjHIJ4VpC7I2OfzVsTKGSd4jD9LgSmky9sOQAMcLoJzyq3+ijrw7GJGbILore7yvbhSw7bducrmiF4w6NGuSZK59soH7xO0lBNoe/JjcMfqrY0MP4QQUN1HUAfyX4+6PKIp4Kp1qnQJKKcHGCMd1bmOuidlxDh6Lhnn/FBwr3INTyVPgVWnAfwutkrYiDp1D7q0ZUEnD4C0AZzhOxCfOMKtyL3orRVSH62J3iUUuzxkn2U0siPLRj7oZo6Vw3j3KohG+SopN2gAfdMNsYGgRVDxjjBUs2tvMZI9kH5SdpyyXThC8AtIAKa5U5/lSkj3C781cYwPFGoBS9VZEAS8OThUnGXwb+3dQHaiILi/Pnbj1Uhl2g0gFuFx0lO76mAH0ISEVO8bNZv7IBcopDmV8T3YY8AlE+aPaQKMLVT69bX4z2C6bX/TNhMAcSUKyYcShE/iEgH1k/ZVht9c0kNeCOxTWwV0btwCPumFfHktxdH98rrKuNzvMOfVVmJu4SIlG+VC3WXXjUxGNI3TMxtP8ALcAqYzSDsn/MvPf9lWBbrLfxn6siX90QVMoH94VUCd/9ZRBU52KgHxosfHeTnMmV0T1R+moI/JQW1Adtkp2o+qsnxkgVN1jkzrbKz0Kd/Fq9hzJQ5H+FBZLKBjJwE9taRkHOVQLgkGHUQbgS0cjfyRP9oLe8APkLM+qivn1ctTfBo5P72ID8lMlbMk9t1oHHy1UefTKMKhsgy1wI9iqd1stb+GY9wm/welx/KqJ2/ZyDIOwu9j3Q/BzuBj3wqY22pYcwV8gI41FNLupIhiOenkA9OVCbC6MZaccLhimaAWTafyVGLpfqU6quiEzfRi6er4o9p7XWM9fJkKE2FwXVX0ua2VvoQo81PHNs+jb+gVe3reyAgSPkhz2kbhSoeqLDUf3dxj/VTJYGps8UwzCZIX86mlRW2u90wHy1wdJj8MgytBHLFKwSRSNc08EFPbvuN0bZFIzYf1TTPL30bJ2ejTumf7RSRHFXZq2PHJ0ZC1RzxkhBLC76nZ+6mQk/7FBF1Bbn4L3Pg9pRhTI7pQVWGw1kbiPRynz26hq4zFU0sb2n1aFWv6Ssz/7qF0B9Y3EFMXBYdwyQRv8AZdI7Z4VdP0k+EeJb7vWRydtb9QQI7f1fASRUUk/u/IJ+6tTJlei1fDHJ9bGu+7coLrZT/VHQwk+ugKL81fqTBr7a2QdjAc/qpDOoYI24lppmfkjyU3gJEyCnOJ7RTOb/APSwUYRWCoOmW2Qs/wCVuEJl1opwHCdgz2ccFSoxFJgtLMe2CpkqSyNfYLHPh0Rki/5HJzemw0D5S7Tj/mdlFFO0bjO/oU6Nj2nLXkFTeAwbrVeYmYZUwSgcdihZuMIHj0Ls+reCp7amqjPlax33CM24PIAfkK/lYpzwVjZyR54XsI51BE107h9e6sTU00uNY39cJporbP8AW5uT67KvlZFc10VFZZ7ZeIvCraaOYdiWg4WMv3wC6EvwPi0ToC45OjYZ9cL0c2unjP8AKqHs/wCUpvy1UNhUuIHcpkNXOH4sJ6mz0z5u6j/smRGaSSw3DOd2lxwfthebX74AfEqxOPgWh9S0b6mbbfdfbDzcoyBHEHY5cEVs404nifnuCNlrr8rdDsfXrZr8j85q2DqKyTujuVkqIRGdJLm90Wh6tfHhra58B9C4r9CK62WS6MMNbbaeVjudUYyVg+pv7Ovwk6pjzWWJlNKTnxaX+W78/VbqvOWL8joV+VUOz5nsfxHu1HoE1T48fucrV2z4nQz1Gioj0tPcK9vn9ixrC+p6K62lpt8tpqunMmB/4SvOr/8A2dPjn0o11VSxU94iB2FI0l+B/hK6tPlK7FyzdR5dSeGz1Ci6ttFZL4TZg0n1KtWV0Ex0wvDivmll66isDhH1J09crfKDpJlpnxjP5gK+tHXLhI2aGv052wXYK6NeohZ+LOrVrap+z30OBTmkeq86tfXmoMbVEOB/EDytNRdU2+oeIy4t9yVtUuDZG6E/xNCmuHCFFVQSDLJGuz6FGa4O3Cp2NB4TI9RR0tWwxVdNHMw9ntzv6rMXL4a9P3NrnQxGkmOTqh8uStguAYVq6XoGUDzB3RnXnT7DPY7z85pziGc5DR7KND17fLLKI+rbDNAzgzsBLSft2XrcYO5BQ6mliqYjFO3Wx3ITvmfsW0ZC09X2O+NBoK1jnEcE7q58Y9hnKz18+FHTd1c+anY+jneciSLbB9SO6zr+mfiN0tltDcBcKaLeME+cj0xujVmQXHk9DDweye1xxjJXnVF8TTSSNpepLfLSS8F2nGfutbbeorXc42yUlVG8O9HBNTwDKO7snzW+kqGOjlha4OJPHBVNL0tPCTLbqsg86HFXwlyMgLrnYwQeUyNu0TLSxl2ZmKuvFvkEdRTue0Hc8hWkN2tdwi8Gsp2OJ5a4K0c5p2c0HPqFW1dkoZ3+J4YaTzhaatQkZbtFlcIgVPS9LUEz2uR0JO4GdlUy0NdTF0VypxNH/UBlXRpbjbiXUspkj/pO+F1tyEw8KoZpd3yFuq1ri+zjarxlc+0YG99DUFzYZ7cGwy84xgH7rB3SwVNC/wAOspjGeGyNGxXubw1pJa0EfZR56Ckr2GGqgZI13ZwzhdTT+Sl7PJa36fosnugsHgPyszNgdTR3yhviim8r2bher3b4cRy65ba/T30Hj8liLr01W0D3NqKdzcfiAXVq8hGZ4byn01bDdiOTNS0kzN4W7ei5DWVFM/Sw6XDlTX6ods8IMngzjzxgH1GxXQhqTwOv8G0uiwpbp8w0Nqn5yu1FkhrHOqaSTQ7nCpjGWHy5OFMorg+ne1wcfQg8FaY2ZR5XV+LtpW4NFc662SCGpBLOxPCvqKu+YaHscHA+ihSGnr4gXBrg7sRwq2qpZ7d/NpHvA7tzsmqSZxJLHZsGSEj7oocN+FkqC/PyBMdwr2mr4KkDS/f3TAZRwT8lLJTBwlkcKAYCbEYKGYy7hdeCeDhJqNSAGEysOWnA+6eKwNIbInEg9kMxg9lb4ITI5muGUQPOFXYLeDhdbUzs5IwjUgJLJN8Xf6dlwuBagib1G5XcouMZKydLznYrmMj3XEkpoieCFc7Nbr7Svo7lTiWNwwMjcH1XgHxE+ENZ07PJX2aF01GcuIG+kL6NyD+L9kOpjjnb4cjQ9h5aeCsltCmuDraHyFujlmL4Pil58J+CN+4VlbavQRnsva/iN8G6e5+JdbA3RKMufHjkeq8MrLdWWqrfSVcTmOjONxyuZbpmj22g8lVqFug+TXW2sD8ZIV7TSeIBusJbalzMNBWjt9djklYLaXE9943ycbobZPo0bBp75RmuAUKGpD2cIzHHKz7cdnfrsysoOQo7+Cj52UaTJHCWg3LILOHbKZFLqACr3HBT4pcYyrA34ZbtfqTlDilBACOZT6Kh6k2EPCA4ZJ+6IDkZSf8ASVQwjkDCiuG5Clu7qK7kq0KsQCWMeig1UQG4Cs5ScYA5UN7DhAZro5KqTIBB9FDfuOFZTxZOQFEkiIyQEBhtgQJIwQRhV80eNwFazN3UV8WrKp9GCyGHkhU87mOwQralqNWkKpniDTkDCJTz6SAeyzThuNek1TqeJGkhflqkxE6stOCqqmm4z3VhGRgHPKzSj+z0FGoViyjUW+vHgtilwdsFchcaCvBB8j/MPsVRx1JZhXNO9tVC3I37JMoYPQabVuUUn6NKHtkbkOG4UWU6Hh2M6eFDppy0iLfH3UyoaTAXDlIcUdeu1yimXlHU/MwiQ4+wUtzG1FM6J2+yz1inc0/Lu7q/jkEbw49ko2wluRBstSaeqkopcgZwF2cG3XPxcfy5dj+aHc4jSXJlZGAGSgKTeI/mKRsgGXAZypgpTcQsrzFI17N2uU3OWtIO2MqpoZhWUOhxy+MYU2hqPHhMbvqZsfsgNELB1WAWNeB5geUVsrKylwcamhDIyHxnckZChtlNNJg7Z7q8BSkCLjE90Mgy12QsfdKQwVjwBgHcLbV8QkY2do37lZy/wGSFlQzfScORnO1cE1uLTpmqjki8IOw7A/ZWle3Q4uOwwsX05UPbcA1pwCtzXBr4ySM+UJi7Jp5fJVhlHMc8d1H42UiU4c3dAlxsRwtNayzNbFJ4PPusKZ8FaHHh7tQUeik8SlkaewWj6xpmS05eRu0ZB9Fk7a57JcfhI3C62inssR838vp9l0/0wcsRYSSEWjeS0xevCPVx53aFDid4Mod6L1Ncz5Xq6fjm0XluqNvAKkB2M5VVSS4qAfVWzCDutaeTlWLEshaCbTU6DsCrGbLcE8FURcY60PB2CvJZRNTFwHblKm8cHV0ln24ZleqqItaKiMJ9lqDNShrnZLNlZXRjKihLHDJAWcs73RVbos+U7EJLNdM0rVg0TNxgndQ6kYUiJ2ahrT3TKhuGF2OCkTjg7yeSuLgHYJARJMFoIUOfPjn0RAcx4zwgwCdxjUB6KFV7DIClN8ziAgVjTpwPRF0KsntRBjqSyYHGwUx8glaDhVEnklzypTZx4YGFMMyq3kHMeSoMvI+6lTzjgBRZN8KIz2vc8nHfSVXVH1fmrF30lV1R9X5pV/oqsZnYoAPmIRXj3QgN+VgsNAVhyMqQNsKOwYGFJHZNrFsMiNQ0QHCeZre+By6SMLiZk+qJvAB08pyYnpUxjOJ1IXOqGtDc5TScKbY4TJV+IW7BJtlti2aNIt1iReW6ARODAtrZIi1mSMLKUTMzjA2JW4oogyFowuDqrdywe/8AFUfHhkh5IIwjxfSFH/Ei5GnBK5kaz0eUdkcNJJIGyryS6T80aodtgHso9MCXkrqaCndM4HltWqa5N+idCwAZA+6M86NwuRAafsmSuAAIXutPH469p8J8hdLVaqU30Foqd9wrIaSIZdI4D7L0qtc+22yOkpsA4DSRyT6rLdCW8yySXKRmzfKw/wCq00TX3a9MY1+Iabdx7Epj4Rw9RJzbiaTpm2Pt1GHSgF8g1Z7/AJq6YPMmsb5BgbAYR4hjGQkvLZglhcBmjDQnppIIGEThGlkSx4b2zyjxsAHCCzLijMHZSRAizvU9yfEWUcDvO4ZOFeVdVFRwOmlOMDKyFu13avdXPaTGXENJURUeHkubFbtEbBp8z93FayICOMMAUC3wtiGdOPRTCdlCSlkFLJqkDQjxnwxnCjRR6pSSNhupOoAKAjs7HJVXUPc+Yg8BSp6hrGkE7qvJzk+qhDk8mmPI7dlEEZc7URuUWXd2Oy6NhwmwSIB04Gy8n6xqqrrTq6HpmmJNvoXj5/B99xn7BbP4i9THpmwvqYBqqqgGKnaOTIdht3WFsVEOk+mH1Fc8uuVc8zOd3weMq5YR09NWtu5dvomV8YulzoelKEaYI8B+n0HKy/x462h6XtDOjLc9ol0DWQ7BAOd/2K0vzkXQfSVT1feN6usaWxhxyePT0zj9F8q9T9QVXUt4mulU4kyvJAJzgeiyWSyzs+H0P8i/5J/iv/Ur9nHPOd0Vg3BQWdtkZoOyS0exa/QRuAE2U4wAVyQ7DBQ0DWeC4xyccT3KTANWe6E7JICOwYCVjAUnjgeMBqCTuugnB3QTyfulSlktcnF0b/kuLo2/NAwjiWv2Ti4BAdMCCEIyPQXI9R+qGSMchBL8nOUwk45S941QyFLm5+ofqhk7IBBzyU/JO+VUpYD2Cd3KQ4SXNPulSW4sGknpKiCSSXWqyC0+6Wn3TDk74S0k9ke0vA4couG6UEHK7k+qooR5XQDlcHKMNOFCHRwm4HKdkJqhByWR6pHhCwdShB6S4OF1Qg9JMSUIJLDv6f3SH1BHAGFTeAlHIAhD0qSW4Qy3blWCwKSR5SUIJJJJQgl0A5SAOU4kYUIdHCR4Qs+ZSBwiawQCQcriOQMIJByhIdSSSUIJJJcJx2UIczhLJKSSAAJnO45V7ZL1gimqHD0ByqAOGCMoeh2rZRLk0VWyhyj0tjwQDqz6bqSzlYizX10EgpKonIOM5WzglDmtxvsmLo6+ls+SOWSRwis5Qhwis5Vo6lQVn0hEHIQ2fSERWaEFHCc3PZDHKOB3QoJDgO6eBhNT0QyA48JmDlETtPsoNBhvlAIS0t9E7GElBj6BvZ3yo0rCcFTUJ0ee6hmnHJn+obeKy3PbjLmDU1ecOLg4tIwRsvX54Q9ukjIcMLy2+0ppLrLC12WA7BEeZ8zpsNWohpJDZJGefEkkkoGJJJJQgkkklCCSSwV3BQyfoDGS66UqPl7uw/1DC9HkOXZxyvLbK7TdKZ2dvEC9We0k7BdDRv7cHB8rHFiaAafdIMz3RkjwtpzU+SOm4KeeU7T7IBmRrAMrT0wxDH/yhZuMEkNWnpgRDHn+kJ8DLfIMGjTjCAWOzwpA4SwEzJn3gMYSRS3C5p91CAE5o3wUQMx3SIOeVfZcpYJVqcYrhG4DnYrdNGB+SwVCSyrjOO63bH5aNuwVmG/l5EkuBwJwCuozOPSTFzU31UIdSXNbfVLW31UIdXH/AElDSUINJOcLiSc1QgzT7ri7n2XDyiawQchvxjlJzgMjO6CSc8qyHSVzOEkkQYOU7blRHco8/ZRXIQorI7IG5OF531zdHVNX8nFJ/Lj2PuVtrzWR0VvllecbHC8kqaw1dU6R3DifdYr5ekdTRVPduY2jj8SUMWkh/lsAwqq3waZBIQrjTsEqPJ0L5bhqdrd6pqSYJHa3eqakkoQMkgpKECqdaaYT1G/YgqENyB6lXs0lHbaHwmjMxAO3ZFFZFWvjBPnrgwCMHjZWlCT8u0kbrN2aB1Y7xpQS0HbK07AGjA4CcjnX8PBJa8NG6HPUiNh9UJx4wVW1VUJ6sRNJwjFxjngntl8Q6vVZnriudHCylacajv7rSQMEbdyvOuqKuWpusjXu8rNgENjNekr3WFQkkks67OtJYGpyanKpvBYZgOV6Z0hEI7a2TG7ivOKaMyzCMd16jZad1NQRsd3GVIM52unxtLJJMSyBynOWDkpZMD8Wat/ydPTxyYaXnWB322XmVEwuuFOAPxBan4kVsk17NOHYZGzIHus3ZB4l3pgRw8LNKW5nqNLSqtNk9HbsAMdk5cP1LqaujBJ5eRJIKSLAIkkshc1AK28EPrkEZRGykEKMDj1RGydsL8myhg/fisyTI5yMDGylNccDdV7XjlHbN2IQhpJk3V2ynEBzdDgHNPIPCjtdlEBGOVRGjOXvoulqCZ7Y4QSnlp+grGVdFXWyXRVwFvv2P5r1k4PdAqrdR3GIxVcYe1WU5YPNKK7y0xAYdu5ytVbepo6jEc7xgDuqq/dEz0bnVFua58I3I5ws0HugOlwII5B2VtYCPT3MpqpmWlpz3Vdl1M8gM3B5Wat3UD4mtjlJwO60FPcKaqaPOA4+qrAZa0F3e0hkj8ZWhpK2GRo82SVi5YH/AN5Hgj2T6W6yQO0vdjCgtrJvo5gSOMKQCxw8zWn7rL2+6h7R4rtldU1VrAI3BVAOLIV06eime6WAhody0jbKyF56Ohm1aoAD/U0L0UPDxhcdA13puqUmisnz3dbJLbZnGMOGD2TaG91MBEcp1D3Xt126ZoK5p1wtBPoF571N0GKRpngblp/pToTzwyZKSppaC8Q+RzWS85VQBcbNIA8nw87OB2QJYqy3THBcMHurSlv8NQ3wK2Nrhx5hlMa/RDR9PdczxERyy5A9St/aup6SrADngErxa4WTxWfM2hxJG5YCg23qGvtUuioDxg91MEPo5rIqhmphDlGmoGknLVgumviJD5WPkx7FegWy90d0YNDmlxGeVTXBMsq6u1tILmNH6KskpHt2cAPsthNA12SBsoE1Mx+Q9o/RIcQ4zMrUUZc3I3UJj5qGUPYD7haqa3AZczcKM+kYG40hAMzkjUV0jqfI/Y+hRqigpqobtGfUcqPLRRv4ZpPqNkOAVtG/Z3iM9+VQwi1NvqaJ2uBxI9k2mrKlr9Rcdu2VeNmZNHnPOxCiVVBqy6MNH2RKWQBR1sUg/mnSiaKWoA0HKz1yq321up1NJIf8IzhMo76ZiPAp52/dqIhe1FtjcMjvuqestjft+6nU1wlfgyZx7qWTHUNxwVCGRqbUGlVdRbCzgfmt1NQMduBwoFTb87BoCJWPohhZ6UtOC1Qpocfh/dbGqterzBqp6m3lp4wmKxMAoDGN9l2jrKy11DaugqJIJWHIcx2Cp0tIW7lqivgI/CmOKkgXFHpHS/xtkh0UfUsYe0bCUDzfmvUrRerL1DCJrdWxyZGdOrcL5bkpdfI4Uq0XW52KYTW+qkiIOcB2yzzpTFSgfUz6eWE5ZnCbIYahhiqomvadiHDK8q6X+NcjdFLfYsjjxAvULdd7NfIWy0NXG4uGcZ3Wade0rDKet6VLXGpstS6nk50A+UplN1BdrW/5e7UznNG2sDlaN0MsRy05HsmuNPO0xVcLXNOxyFncci9uRUF6oa8AwzNz6ZViHeXduyy9Z0hTk/M2id0Eh3wDsVCZeeo7PIIrlAZ4m7agMlJlEpwT7NpgE5RWSvh3CpLd1Fbq7GmYMf3a48K6bIHNDhx6oMMRKGCVBciDiZWEdbFIBpVS3T/SAuiMj6TgFUZ5wyXgOrdPByFTR1c0GATqb6E8KbDXwSbE4KmTPOtkpJca4OGQV1QWOSSXQM91CDk9MT1ABJJJKEElgpDlEJGFCAxyiADCZ+JPBGFCHcBI7pZCShAeldT0lCDEkklCCSSSUIPSTElCD0kklCCT0xPUEWLIxJJJQFrA9JJJQDcxJJJKDBySakhIOSxlJJEQWEvZJJXkvICakppRh8EbgfVoUOTp+0Sg66OP8m4VmkqLUmjOT9IUhdmlqJoz6atkJvTd1pnZiq9Y7B2VpwMd0YHPPZQJXTRipor7A8tdQufjuwJsdXUFo+apJos7ZLVuRugujY/ZzQfuESeS/lcjFyOydTNkwVlzhP8AJnbj3Wqms9FI4v8AD0k+nCjyWGlBwATlGTKKyn6jqGs0VEQLh3HdT6a/UrxlwIPomy9M00mXMe5p7bqFP0pWHemqvywlkyXzLrRyAAE7qQ2drsEHlZH+FXymwPCa/HGDymsutypnGOqoZiRt5UbAkkzate1+4IKdnHdY9vUzY8a45ovu1SKbquiccGdxPuMKbmC4ms0575SwPUKkg6hhlHlkGCpTK+F2CJMk+6mWC0yxcxjhgtCCaKA/h/ZNFXCR9S6KmI8E/oplgfdkYaCIHOVz5N34HYKktlDuAnYaqyU5TXsgmnrM4BGE3w6jGDDn81YGT/5crvij0RSi2EpyKrw3f0Hb1SLc7YVsQx25AKGSw48g/RCRPJUmFjhhwBTflY+wVq6CInOgLngxjcBQLOStNO8cJmipGwkVo5jQSAE0wg9kwtlX/voO+4TxM/8AE3dT/DHH7Jpp242bujyTciH4g5LVwzsA4wjmkl/7vI+6EaM53g/dTIux/oD4lMTzj2XCGO2GFIFHGR/d4QjSgbDKmUCM8P0cP1XfAeU75WTkFc8GpbxLn2VkOimk7HBTmwVw3E0WPum/76O2QnNmePqbuoQK1taBguafsnNjlByWj9UyKuDdiQEZlU1uCOShyAObHJkDQitY/GdASZVvI8rgR9k4VHq0KZRDojJ5GEQQg8bJglGfpRhuiIN+Xb/8pSFOBu3n7p2cd0sn1SgDhiqMHDNvXKEYQfqaCih5CfqHooQrprTQVIxUUsbh/wAoVbUdE9N1GSaWSInvE7StCuafdQhjaj4d24HxLbd7nSyeonyD+Sit6T65oZNds6xEzeBHURAAfotzp91xzfdNKTwY583xPt+MU1FVt7kSBv8AmjDry8Uob/FeiLpGMYMsBbK0n8sLVEZ7pmn3VYL3IpKX4i9OynRMaimkHLJmaXD8ld097tlWR8tXQuDhkZeMoc9DTVDdM8Ecg9HMBUB/S9lkOZKJoJ/p2RSlgmMmha8SDU0gj1G644A4ysz/ALOSwH/cb3XRM7NLg4fumvZ1VRyaGTw1MfZzhv8Amh7A2bTTuGe6GYYSfNGw/cBUjOoa+lwK60zuaOXxjIUmHqm1yuAcHR//AExqtNlNMkz2W2TuL30rMnuBhRX9PwM/7PVPi+71NhvFtqTpgq4y70zhHc5jsEEFTLKbaKr5K8U7dFNWQyj/AB7pjbleKaQsrLcXAfijHKug3HAT3ehKpstPJUx3umLgyeKanPYvbspcVxop3aI52E/dGfEx/wBbWu+4yoklmt8rN4dDvVhwowGsk9pb2ASLQqn+ETseHUVbI1o/DIdQTx/GYHaJGMmaOCO6p9E+PPss2ucNgUQST7Fr/wAlUfxYxeWoppGO7jClx3GlkYHCQAnsUKk0U4E9lfURfUzIXP4swOzJTuGPUKPDUxyOOlwOEUgOGCMhFkBoMKm3zjUWAOP5JfLU7jqidg+yjGKmecBgB+6aaNww+GZzCON1PkYCRINJVtyYqjPs4oeqpadMzcoeblGRpeET5ufAE8fCNSbCxgj19ttl0h8C52+nqI/SRgK8x6w/s1fCXqkOl/gb7XUPOoz254iOf+XGn9AF6zG+lmHnByh+G0k4O3ZOhqLan9jDhdOv8WfLl1/sh3qgd810T1uJXO+imrYgzP6FYO6dJfF/ot5F76Iq5o2OwJaR4lDvcBq+3jFvsEMxE7EArp6fzN9fEuTbV5C2D7Ph21dfwxVAZUVEtPKDh0MmWuB+y3dr62Y5rXCYSA++6+iepeguiur43N6k6YoKyUj++fGPEz6l3J/MrzS5f2ZumzkdLXyrtLidTYtDZWfvjAXVp80p8WHRp8vOH5MpKPqy2zBoml8Mn1VxFUU87Q+GdjwfQrCXb4R/FPpyQk26G9U44dSHMmPXThZ0Xv8Ah05pbg2qoZmnSY52FhB9F06tbVNZydSjysLfyZ7G3ddXn1B1dVxQgMqBK3sSclaGj6voZgxk/wDLediSdlsVyfR0IamufTL0twcpxawjDzgIcFfbak6Kesje701KQY3dgmqxoZuXoqrj09aLrH4VVTRzMOSQ9gOD6rD3X4QwMe+r6ar5aSYbhhdhq9NAeTsxcw5uzgm/MVlHi7ZfiH0xj+IU4rYGclmSQFeWj4i2mqIhrHOp5eHMkGMFemGNjtnAH7hZi+/D/p6+apDSsgmd/wARgwmK0mUPpa+lrmB9NK14PocoxHqVh6noDqKxudLYbi5zWb6T3CBB1lebdIKa9W9wc3YvAOCj3ZI+T0FnugVVDTzeYsAd6hVVr6ptlwAa2YNd3BKt21cMu0bgU2Nu0ROlS7IYogNi3Ye6bNb45G4Z5XeoU/bP3SWiGpcejDboYS9FCY62heXOaZGeyFK623NpiqYQCdtwtCWAqFWWunqNxHpd6t2W6rVtdHK1OhXpHn/UPw/pZQZaJoy7sFgbn0xV0TnZjcML259LV0hyD4jPRRKmmoq5pjnjaHH1C62m10m/uPH+S+nq9RnasHgUsEkZLXNQg3B5Xql76CDg6Wkwc74CwlfZaiikcJYC3HcLtV62MlwfO/J/TdlUXGayQIKh0WzVNirHzNLJmhzSNvZQnxOaeE+PIcNluq1H7PB6/wAB8nSwOqKSF2XMGD7KI2aWmd9ZACsQQRumz0zXgacBb1dFo8lqNHZp5bZodTX920bpePVXNJc4ZwGl26ylTQEEFowoj3VdG8GMn8ijMsq0eiteHDI4Xden81jrd1JIwhkufstDBXtnPlIKszussMg913I9VGa4kZTgTlHkAOuBg4GyYDtuuot3ohyUPA8vKZFJUNP80ZHZELs4ynENkGM8IkAhwlBHZdyPVRzGeVwZzjKshIyVwk4XARjcrqDAYxzy7jZZjq/oKy9V0egMbDUHfUBjJWoLdiozwWOGBlKnWpB1XT08t9bwz5j6q6KunSlaY5Y3GHPleNwVEoaxzMHGV9PXK1W+80zqW407ZGkbEjcFeGdbfD+t6drH1dG1z6VxyMb4XPv02ej2XifNOSStfJHt1bE9rcu52+xVtHI08brGUs+g+h7hX9DWZAyuPdU4s+n+N8jG6Kiy4Eh4TiQRwo7Js42RRIMLPhncyAlHmzhAcSCMKVJvjCA5ueypi5sJDIWkZCsGyBzQcKpD9J4ypkM3G2Alja7CfnKSY1ycDlQ1qSYI8IB5Uw8H7KKd8qiS6AytBwo0jBhSizPdDlbtjKt8ozTWSunAyoMrQQrKYZP6qC9KaMdq9FbUM3GCgObtyp07M754UJwxkqjDdEhzsIzsoOXRvzhWTvQhRZog4bBA0ZrEFpKw5AJVxBUlwGQFmY/5b9XorWlqQQ0FZ5xOlo9TtWC/ikzjcK4ts5DhxhZyCXjCsaab3WeSPQ6XUYeTSB4D2yN4CtGyNmjxqGCs/DUh0BiPPqp1uqCG6Cdws1iPQ6fUphPmHU1VhhLdJHdamKUyQMlyMuCyNcwulE3YlX1oqfGjZDnJSEscnTptLSrh+et7o/xs3CDaqg1VI6llP8yMaSjwP0P0ng7FVwY6iu2phw2TOyI0S5WQVC91FWOhkP4sH7KwfJ8pVCRv0yKBfAQ5lWxuOzvdHfI6SijfgFwGUskXgsHPydWVFrfLEZSM6U+mcJYGvC7M3xojH6ouxzeRU7/mKH6t/RVcrS5r4JBs4EbotFK6OoMHYJXBjtXijjurawZZr5ODJxmSgrS3OC137Le0U5qKRhcQSWrD3eJzKjxTw4bLQ9OVodCIy72RLsx02OFvxj60+Hlw/DlCedVL4nflSbuwNzgbFQYnZZpAyFqqK1TxMq71Caq2Oe7nGFiIx4UoGN16BU4fC+IDYrz65RaKp4W2ueDx/mqft3k5wEkWr2VVKdE2QrChlD4TEQcj91ErITqO3K9Vp5ZrTPknlavjsyOhmIIeBwrunIdEHZ5WehwI2jPCtqGbIAyt1cso8/Yg0xy7VwrWkn10RbtuqmVuRkKRQTah8vkopLkbTZsD6Q8OYeFlATS3Q+hdhad0mip8L91R3+D5edtSxuQdj90ia/Rqqt+9NljE4eK14IwjVJy0e6raJ2uJkhPKtGYe0d0qSyei09nyLJS1YDXZwhNdlvspdyhADsD3Cr6V2WCN23ulYwHOWEGhfiYZ7grlU0Hb1Qnksn27J0p8TdWuzLOTZRTnMp9AlqIGFypBbK73KaHak3HBjlLDwd1FxJK5keoTcgA5QcnUlMtPI88KHUchTPwqHN9QSLiR4ZGk2CE3Od1In5H2QcbhYrOzQgsalRfSFFjUqL6Qjr6F2BE4AhcHKMAMLSlkz4z2NHukSMJHhRy85UbwW3gf/wARFGwQWfUEUHAS2UNO+yv7JFphDtO5VExpkeGhaegHhwsYG8BZL5fbg6njK82ZZd2eFj6pocNgtezDRgDYKhsEDMeIW7q8zgFedueZtH0Lx6xDIQd1x7hjGQmBw7FR3nJ5Uqhlmmy/bwKZ5J5RaNoJUQnzAEqwo2kAOwvQeM0+6W4+f/Vuu+KlrPLJL26Bn2URzjK8M7uOEedxGAp/TFu/iF1iOjUGFerSwfKpyxFyZtrfC2zdP5aMO0jA7kkLRdG27NG2slZgvOoqnuUDrhWQWiE7Zbqx2W7oqeOkpo6aIYEbQMJVvBx7rOchwBnhFaBj0Q28hPBACXF4Mcm2dTmnBTXnKdHkEHCNMoPFsPp/dSIzjshRkEDAwuVlTHQUzqqThu+FCFB1lcD/AC7XTnM0hGQPQqfYqB1NTMEgHrwqGwxy3q7TX6QeTUWtBW1pWZ3IUBbwSoRhqUjsEAd0tmg7ocRdI/jZQoNHwm5OUTZuyBUkaQFCEKoJMzkN6I76soahAbm6u6bM8RxGTnT2RjwvP/i/1LJbbPHYLW7VcLofBa30aef9ExDaqZXS2oyzaqTrzrJ15ccWqxODKfPD3b5/yCtJTH1FfYmmPNJRu11BH9Odgo8dIzpnp2C00uDUSgE45c93dZ74g9VQ/DrpCSkjm/8Aed1Gohv1A+v27fqgueDq11TusjXWuOjzb44/EF3Ut6bZ7fIWUFuZ4IY12Q5/cryoj0CI8ukeXveSXHJJ7rmn3WCyfJ9B0mljpaVXFCjB2yFIw0Mz3TIwEzcnZTI7gR5TE5NAJVlnWN3GQi7Bq4wAA7IJJBwEucsCzp5Q9XsuEg8ndDJGCAUhselkICAeQhkjCGSc8oZcQlSlkJRyFc477qPISnavZNPCAYlgZqOvGU9uwTNJ15wn42wlSjkawaS5g6uE7G2FAziSaQcpAHKhDmCu6HeiI0eqdgKAt4B4KQ5RtIxwhD6lCh4AwlhqQO2EMatWeyMg5JOHC6gIMXclcSUIdyUhyuLoIyoQIOEsBcBGF3IUINSSSUIJJJJQg9OTU5UxjHocuzccp+QkRlCFGOSE5pzwmqYWj0UdwwcIkyTjtBroBykOUXyaPdWAPAGEI54Kew74XJQdtIUBSbOJ+QmJrdQcMk/qjKJCaQMLoPZdUIRnNdqOyapRAwox5P3UCTEOVw7JJwOUMlkpjUl0jC4gKO5KTJJIpWyxuxp3XElRC4/hbb9TmptLcVMY/mRd3H1CPY73NSzfJ1gc1zTpLXchU9vrqm2VTKullLHsOdu49Forxaxe6UdTWnzP/wCPGOc9yiH13SrfBrIZBIwPadiMqTFyVkelLuZXminfvjy57FbBjNJHujPQaK+N0eA44Thymg9k4cqzohGdkUcITeyJkaVSCQ5Echx/UiM3wVY+AQcowAwhAd0YcKDmNLcJpGO6KkoTJHIKSIQhkYKgpgiwHkrCdd0DIpY6tjMF/lOFu3DKo+qqUT2iR34mbg+iM5nk6vlol/Y81SS+6SI8QJJJJQMSSSShBLo5XF0cqEHgDCcA09k0HsunhQAkWzPz9Pp58Vv+a9dwMDPOAvJ+nmeJdqZuM/zBsvVnAh/st2i5i5HB8pL7khJiKOE1bTlgWtIO4RQPVLAT1COTwcpos1DQN1pGgNa2McgYVRbYS+pBIzhWobrrcZ2CZAzTlkKNkkjykmChJJJKEGJ6SeoQfSszVRkDutmzj8lk6Fuaphx3Ws7D7K2ZLhgJyjMIwBlAXclMM5JJGOQoxJylk+q4oQ7kruD6pNXCcokskHJLgOUshWQakklkKEGLjyNJGUi5uDugknPKhDpK4kuZChB5IxyhE8lLJ9UJ5AG6IYlkFLJwhFMkOo4BwoV4rxb6B8uvGdkmyWEaKq9zwuzI9dXsyvNDC/yt2PuVkaOKR8o0Djkp9bPJW1rpDvqdsrChhERcD6LFL7mdyuCqgkS4GhgGFJBGOUBdyfVMjHAqbywqSHkJEjCog/I9V1AydXKLtp53UyQ6nNQvxJ44U7JjITxC0ggbosDaisnxgnPKE1upwCv7HQv1ePsB6FFFMVbHEeC5ooG01MyMDBxupY3yhDA/ECnGRrO4/VORz5RlN5G1Exiic/0VZb8uLqqQcnbK5WVZknbE8+Tvgrs9dTxRiLUADvseEYyNbSJtfO6G1S1WNsFeYyyOlkdI8klxySVturbhG20Q0NNLkygOOFh9JGxCVZybdLDatxxJJJIbwbBqeNlxFLRhD2VlItenqN9XcGNa3uDlemsIa0MA4GFkujre6GmNVIN3DDVqWbjcooHG1k91hIUS5VApaZ0+QA0FSQdjss31lcI6SxT6zgu2COUsIzUwc5qJ5Jd6ySvuM9TI4kuecZ7BTukKeJ1e6ZzNRa3LfZUj3bFx5O61nRlI+KjdPI3BdsPss67PV2vZp9hpQRuEI8lIZPdMWmHRyEmwxIwdwgnfKWfdDPupuSJhjtWxOeFHfOQeQk9+nuSochc8pUpZCjHJ9SWLrCnrnNZM8NLuMnbK0zZQ8AjGCvDWeIzBaSD/AJLS2TrOqonNjrAZIxtkFfmGyo/eUJZPUGPJUmI5VLa7tRXSMPppgXYyWk7hWQfpPKyyr9D0+CybgcFLWWkBRYJtWxUnIccZS5R2h5CtceUQOwOVHT8lCCG8XV5cbKqvfTFrvMeXxNikA+tgwVYA4XQQO6vJDy259P3GzvIljL4RnEg9Oyh01dJGQ5knlXrkscUzDHMwPadiCMrK33omCrBktYbC7nR2KtvPAZXUF6e0DL8+xVn4tJXNAcA12OVjJ46u1SmnqWEOacbhTqO4AtHmRdETL1s1TRPwxxLPQ7hW9u6hc12C8g9wTsqCC6tYA2Rutq5UQYHzFO7LTvgdlMMm7J6PRXmmnABdpPurRr9QBByF5JTXeaneGvJAWns/UjzgGTb0KDaRxRudnZyFGmpYZW+duUClucdS0aBkqYHFw4Qt7QHwZG+9HUl0a4iJjXfbC82v3Q1db3F8LHOaN17t4If5scKJU0kM7XMljBB23CZG5lJnztFV19ukxlzS3kZVo+qtd7aGztEM2MZPBK33UPw8grA6WlAB9l57delLhbXn+W7APotMJKSLIVXaKugPi0ri5vOxU2w9a11skGqRwwcHfhR6S5VdA4xztLmd2uCdW2amuQNXb3hpcMloPBU4IesdN/ESnrg2OpkGfXuttDJSV0QfA9rs+hXylI652ebV5xjuFr+lfiVX0MjWSuc5oIzkoJQz0Q93ki0k6Qoc8WPw4/NV9j63s13DWmTwpSN2uO2VfSRhzQ5oyD3ys8olplQ6MtOdK4YQ/GytDACP7v8AdC+VI9kBamV3ygDtQAC7gtJBCmmFw/D+6G6P+pQshvgjf9cbTn2USagZpJiaxn2CtzB/hQnRnsFRDOy08jDktTDM+IcZV/LS+Jk4VbVULh9ICJSyGR4axzvqRmFku2wUGSF8Z8owmxzlhw5WQmzUjCNu6qau2AkuA5Voypa4DJTyGuCKKwQytTas8DKqZ7fp5GFvX0LXj6R+qrKizGTJY1GpkMS+hIzt+6hyUxHIWtqrNOw7NVXV0hYQHAApnaKwUDoCM5apNrvV1sswmoaqSPBzp1bKTJSkb6f3QJIBt5Uucck+LJ6T0x8a/DLKW/wtDRsHsG69Ntt9sl9hbNQ1cb9QzgHcL5idC0ctH6KRRXS4WeYTW+pfEfQHb9EhwFus+oNLonZbkJ75g4fzGtd9xleK9PfGO50rmw3qNs0XGoDdemWfq2y3yNrqSrYHu/A47rPOrIp1MPW9N22sf40bTTy86o9lEZD1BZ3Zjm+ZgbwOSrouJPKcHHGNRSNnIpxZFoOrodmXKJ8HbOFoKespalrX087JGnfyu3VHUUlNUxlk0LXA+oVc60eB57fO+CQdwdigcWhDjg2rmhwQxC47tO6y1JfbnRPEVfEZG8a2hXNJ1DQzNBEgB7gnCDYwXWmW0c1ZC4bZarGCtjkAa44KqI69kg8p1D2UhjqWUefn2QttGeyr9Fy0BzdTXZC7p91UxSSwvJjlOn0PCsIaxrxh2AVRnlBhtXsn5HqghwPC6C7CMBxaDJIer2S1eyoHARLPZcyF1QoSWSkkoQ6Ccp44QxyiAjChDqSSShBiSSShBJJJKEEkkkoQSemJ6hBJJJKCZj0xJPUA7EkkkoWJJJJQg5JJJQgkkklCCSSSUIJJJJQg9JJJQgkkklCCSxvlJJQm5DiG4+n90PB7I2n3XNAVk3DDvyU0sjf2B+4Ri3O2UwRkHOFCbgD6OmeMPgY4e7QgP6etc25poxn2U7Q70TiwkjdQm4zlR0TQNeXQ1EsYd2DjgKOej6lm9NcpPbcq/qaqqgm8MUj3sPDm/wCqlwOL25IIJ7FUDul+zJtsPUNM/XDV+IB2eU4s6mhOHRB2P6RlawtJOQ4rrQ7jVwjBctpmG3S6wtDZqCQY7hEF9B2cyRp75C0LmazknP3TPlYHHzRsP/hUJuRStvUfOsj7hTYrtTvjHn++4UqS1UMg3gaPsFDf07QOOWtLfsoTcg7bnBn68ojbjETgNO6r5enmHHhOd/5kz+C1zBhk+w4zuoWWoqQ7GE4zDYbbqnbQXJh3kBSa2ra7D85HqoWXIGrfK74eTpyqkSVLTgPRmurxxurQubx0WIgJ3TvBwOVBZU1g+sI7ap/cK9zF5DNjdnlPMKYyshb9Sea2nOMPCm5gylgaaYDfCD4OCpgkDhkcJulpKrcwfkACm2+lD+U9lYADGFzR7IybyAad3ogmkzy1WegJmACqJvK00EJ305KAaIgnw24yrrQ3+kJaG+iuSyWnkovlK5rtbCQfT1QXNusTjJ8vIVoXDSQUVmQME5VLgMxs3UjqU4qIpGn7Jo65tgw2SdzD7ha+elp5tpIWO+7QoMvTVlqM+NQRH7NCLKIVFP1jZn/VcYR7E7qwi6jtT/7urjdn3QajoHpifc0LWn/Dsq2f4bWJ+fBmqYj/AIXqLghoWXaieBidp+yOK2mIzrKxr/hs+PJor7VsPYF5KjO6L6yhP+79RMwOPEJREN2KylzjxMIompnAYl3K88/gXxEp9xW0NSB2B3XW1fXVJ/fWdrsd291CHoeQfpOQkvO39Z9QUGBU9N1z/eIZwmD4s09K7TW224wnvqi4UwTbk9H45TPD91h4Piz07Jj5qoMOePF8uVbUvX/TFWB4N2psnt4iopwlHs0YZvuV1zBgYKqoeorZU/3NbE/7FSmVcL92vzlWVhh0juMJgkB3CWv2VlHMEjBOR6KLLR08gw+Fh/8ACFNBymnGeeFROyoksNG/zMiDTj8Oyh/wySB2W1NSwD/GStLgbABcMeeVAOuzPF9xjOmK5OGn+sqXTXG8gEunppCPfJViaend5ZIwQfZCfabfKP5YMbvVhwoRSRxl0uJx49HqHqwI7LpGd5YZIx3LgoL7XcmEGiuAAH4ZTyhmbqWncRJSUtSz/C4A/uVCYL2GuoX8Tb+hR/EY4DDhj7rJN6lo6f8A+e9oqqfHJEOoftlWdLe+nqn/ALPWhh9H5arBlHBcmOKQ5c1rvuMoc1moKnzviwfbZBimp5D/ALvUtefQOypTJH4wXcKuOyiHLYYjhsE8kePQoHyF8pHaIpmTR9tXKucvwCMbrpe4bYyrBM5NX3GndpqbeNuXMBR6a+w7NlcWZ7OCuy4O+pufuhSUVHUY8WnYR/yhUo5KbSIsN1pZXYZOM+5UozxuA437hRpem7dUDZhjPq0qE+wXCkdmkq9TBwHnKgKwWgYM5HBRHMa0DQMKoJvVIwOlZqH+EJwvTmDE1O/PrhQhaB2nndLAJ4Uanr6aoALZAD6FSI5Gv3ac4RgidSxuG4Ud0DwcsbsprV0DA55V5BlMiCN34x9woNxsFjvMXgXO1wVTP6Jm6m/orhjWnOQhuaOyKMpReUyRuaeUeSdQ/wBnHo+6TurLLU1Flmccn5fdn/lJ4/Ned9QfBf4h2GMy2yOmvUbDsGSeG/H6FfT+M7LjWkbro0+Rtqecm+nyFlfR8YG6VNmn+UvdHUW2oacFkoI39j3V9butpXsEFNcg4jgOOV9P3rp+z9QRmG8W6GoYQQdTRn9V5b1H/Zv6Yrony9MyPttTkubvlpP+i61Hmd3Fh06vKyfEmZai60dFGBVU+sju08rQ27qSzXWMN1iJ+Nw/bdeeXv4U/FPpFhndTsutKzvDzhZxl8kgk8G4UctLKNnNcMEFdSGvhJfazo1a+EvZ7oaRsnmika4HggoMtPIwEOG3qvLLf1ZV02llFcPp/C92QVrbT8R4XaYbpBodwXDgrWrmzX/Ii/ZoGjGQQo1bYrVcWOZVUzCXd8bqdR3qxXdoFPUMDj2JCkut4fgsOR6gpsdRnsYrsnmt2+E0cpdUWWodBINwAeVmqik6w6dk0VNO+aNn42g8L2ow1FOctJICc18cxxLG0n3Cb84XyHkVt60p3uEMsmmTgtfstBBcnTYOBg8LQ3v4ZdN34OnEZiqHb627b+qwV46A606ZcZbY91bTDcNyScJ0bl7L+RM1EU2rAON1Ka1pHK85p+rnUrxTXRslNK04IeCFqrZfqOqY0tnByOQRhPjbgROtSLoxt9FDq7VT1W+NDvUBGZWQyHAcjgg7hPhqJRfBkt0ykZ2ot1ZS/S4vZ2wqivttLcG6KmFod64wtu8Z7qHUW6CcbgAn0C6VOtcDlanxldscM8lu/RRaHSUuHDnCx9VQVVG8sliIA7r3aqsj4maoX6j6LPXWxU9c0sngDXjvhdXT+Qbf3Hj/ACv0nG2DlSjyNzjkYRo35xnsrm9dJVtA50lMBJHucDkLOPzCcO57gruafURkvtZ8y8p9OWV/ZOJMka17VCqIM7AYBRY5CSM/5o5LHjjhdCrUepM8L5D6etqe6tFNJRlhBA3Q/Gq6R4dE5wx6FW0sY22QDGCMYwtsZKSyjzFlEqpbZoNQ3+QYFQd/VXlLcoagDDgT7FZSWlA+kKPmpo3a2POPUK9/OBEqYvo3vi5wQERrx6hY+n6hlAa15z+auae6RStbzujyJlW0W+fddyVEjkD8OBz+aktOQjyBtY5cPC4RhcRlHMnUjtI0jcKMu5KhCVkeqHJGHb8oerON0eM7DKCSyQiSNezYDsgSw01whfRV0QdG8YGQrRzGkHIUSSMNOQ1JlHIUJ7ejxTr/AOG1XZZ3XG3gvp86sNCx9FVFhwQvpedsVVC6nqYg+NwwQd14z8SugJrNVOvdnjL6CTd0beYz7rnX6fd0eu8J5uVMlGbKemqvEwCQpriC0HOcrKUNwaAMknsQrmnq9WBnb1XKtr2M+paHyEdRHLZasmJ2IylI3IzjGUGMgYOUfxtQxhZ08nS3ZWSI7ZyfHNoIxhcnZtkKC4lruUJXy7C9gnDwBspLTlUNHV+YAq5iqQ9gChspvU1wGKC/gruSuHhVkd8oM8oLh5SjHlCcMNKIjaZDl5UGRTpeVCeDlKwZLVkhztONhthQHA+itpQNJz6Kve0eiAxWkYgbqK8ZBUxwIyojticoDHZ2Qp2nIIT6ebSRlOl3OMKK9jmuylTjkXXb8ZfU1TnGcKyp5s4WZpZtJAyrWGbABCzzhk7uk1G6PJo6abON1M8Z8T2vYfyyqKkqfM3ZW4kD2BZZxPR6W/CL55NRSteBgndPslUWVLY87A4UG1VXiZpn9hkLtSx1DVNqGO8jzuPRIlHJ3abftTNpkZJyg3RhmibKz64t8j0UehqfmIWuzk4wd1Ke3Aw4ZBQNHSrluQNzBcqBwP1NaoNqlc5ppHnIGQEehkNHWmJ5yyThRanFFc3PZs0nKGKwVOWC2oNmmE7FEz4chGNlFbIGVLZAdnqbPhxDmhEFGzKKira6nqRMNgSphLZYSeQRlArm+NGQBu1DoJ9TDE5242Vi9+15Kq8wtdBnG43Ch2SqdTzNBOAThXFfDq1Nws8/NNLxwcqLsxT4t3o29XF49Lq05dpVHTSZJb6HCt7ZUCqpgdWQWKnLDBUvifyHZ/Jaayah71uGSOxVeBp5CyPUtM2GoMgbjUtTV/yq9r8bEKl6mp3zRido2BWiGTgeUh8lWDL0NV4dRp7HZS6zG2yq4/5U/m7HKuJi2SNr2nkZXqNFPdUj5N5yjDyVpBB2Uy3vIPKC9oBOybTvLJRtst8ZYPKPDRcyEFnKHTOMc4cEt3xFgQmENcMrQnkz5wydUuOTUgbqvux+YpQD2KnyuHhgYUCZutpYThAx1U+SFRTujjEZHCuKec6d25VAyQxVDmEfZW1DMHgAjdKPQ6K3KH1p1nSR2VE1+iq8Id1oKlozws1Vgsrg7GyVJZNNz6JUv1A908cJjzkhPachUnhi2U1a3+aTjuVHaR6qZXAazsq8E5O6J9GOzsUmdsIY5Ry3IJ9EAOyUDJHoIOFCn/D+am5ChT/h/NIu9Fx7BHcfZCJGeUR30n7KPg6tysVnZqiuAzOVJh4CixqVDwEdfQqwkDlGBGOUBOAdlaUxEpbR54QvX7omdkE8n7oZ8gt5EnA7YTUhyhInhky3ReJUt9lpaUeGeFR2MA1OCFpIANWcLmaqeHg9N4ujKyaiyt0xD3Csn5zscZUS3MaacbYUl4wDvyuFas2ZPa6aKjXgYXnHKC48rrjucFMecNWimG7gwau5xY1gLqljR7q4hxFGGkKposvqQwhW0wDGhud17Dx9OyvJ8i+pdU79VtznAGaXthb/AKGtxt9C6slZ5njWT7LB0FFLX1rII+/f0XqoHytnZTHlwDT/AJLpo8jqrPt2ImdJ0xq6qe5yDJc4hh9Ate0kk5VZY6JtFQxsDcZAJVm3ugsORY+gi67K4qq/XcW+kc7ODwqUQEslyCSQScorSCBtwqiwzTVNE2WfvuFbR+UogkSmbFZvrOv1thssD/5tQRnHYLRzVEVNTunldjSM/dY+xQOu13qL3UAuDSWRg8YVCzR2W3R0FDFTRtxpb5j6n1VvFsMY4QYW6WDZFa4NBUAHTyEEAd0+ABsY23UbzSSZ53U0DDRuoQa9xAyoM8znEDClTSADHsoI3cVCHeQguBypGOyYQ3uoWv7gqiohpYXVFQ/TG3krxCxSv636qq+taxpbSwv8OkY7dukcOC0vxnv1ZLDR9E2aVza67uAIH/dnG+e26ix08NmtdNZKOPDGRtjH3HJRt4Opp18EN/t/+hyWeF9VUXyukDaa3xYy7jLQTlfMnxC6qn6u6mqrlM4lmshgzsB2Xo/xs6w+SoW9HUDx/NbqqSDv9ivEnfSVkvswep8F4744/Pb36GnfJXWA8pg2ejgbArJJZeT0reOzrfKPVdG43Sxn2Sf5cYV9CH/YE/6sBFiaDjITNOTuFIjGAjjLIXQPsozvpKknhRnNO4wk2rJaeCOScpmSjuYQUPSfRIkmaYsGkkkgDBLuCiJKi28AcBdx2RUlCxmAljsupIQzmAlgLqShDi6kkoQYmIyHkKEBtDgcHhEGEsBCIfk4z+qhfYZJMSQFD0klzIUIdQwCiLh4UIcyU0E5SIOUnKEHg5GV1CyPRdahTyQIkkkrbwQekm62+q7qB7qxo4E5TxwhjlGj5CF9jK1yIsdjhAkZgZCm7EDZBkY0DYq+i7IZK8g5SBJ7o0jMElRh9SmRBIY3PdEHm2wgsAxu79kaOQKpBROSMIwh/kpmzhjCjSR6TsOUSlkKUMdDQeyIOEMcog4RiBHhRy12TspKaQMKEIyS6/6iuKBD0kkkAIxJJJAQSvOlLubZXiKQkwTeVzSdvdUaexwaAeCFaWSF31DRSWi6mppiWxyHxGEcYO62tnuTLjbopgcuwA77qgt72dUWh1qOltXE3yOcefZROkq99FVyW6oJHmLSD2IRyWDbobvhsNywu29EVqDHyEZqI9RCaksoInDVlNHKMAMIUhiHM7I7N8IA5RmfSFY1BhhOHKCOUVnZWNQUcJJDhJQIahyDjCMmSD2UI+iG9pPCg3aHxqCWPPLSrM5OcjCivj1DB4KbExalZraPIJWlkr2EYw4hNUq+M8G61EYGAHFRAcq2eEugoTaOpJLuCqBOJJJKEEkkugHKhBDP5J4wRjOEhjHuhklRgIv+jIBJe4ieGnK9NeQTwsP8P6dnjS1Dm5do8vtutuulpFis835KebtoksFdAOUTTkDZaTGD0+6fjG6Wn3TwwnhHGOQZvgsrZCGjxj6I0ILpjKOE3HgUbXIlE0+AHHkojFJ4CHcpJ+CkjwL3jEk/BSwVCCT8FIBEAx23RJYI3gl2tmagHC0ROOyo7Y3BEuMK3ByMolHJmnLJIyPULjiNJ3CjZPqlk+qmMCx55SSTgMI0iCAwkkkjIJD1u9U3ITVCByRg7hRyTlN1e64SMKEHavdcyPVDJOUsn1UIOTclNMoHKE6ceihaTYUuaO6izTdkyao2BAVbV1RAyd0DkaK68ktz2cl4wsH1leHVExo4X+VuxAV3cbo6Kndg79lisSVFS+aTcuKTYsnR01e2W5jKODDg8hWDQG8JrI2sbu3H5pwc090EazdKW4IkmEEjZLTPqAiGQrw3whSi30PyUifUruiRozIMJA0wGqU8KOmUugvjnjIgc8BODifL2THVlIwYYMYUc18hPbCuOmk+ytrJuluN8LuuOPkqAalz++E3xATkuJTFRgNQyWTZwNwjtu1S0afE0t+6qDI0DGrhc8dp5JGEaqwU68lz/GpQd6k5TZr3VvbpDv3VR83StO79x7JrrnTDGCrUMAqhLpE03KqL9eo/qkayRxy4OJO6rxdYAMBu67/F5hu1o9leClU/0T5ZJpcYjJx6oLopnb+Cc/dQ/wCN1vqPbZL+N3Ds9v6KnXkKNUl0g5gqx/8ADlObFUceEobrzcDt4o39kM3CsdzKN/ZIdGRihJ98FvDQSzENxp9yVd0HTcDwDJWwk+md1izWVg38coJmqSSfFfk/4kP8cGVLmez0T4aeFkMbmYaMbFSmyNPBH6rxJtbXt+mqlH/jKKy63Rm4rpf/ADlRadiJ6He8nuDCXA4GfsvMvilXzN8CkwWt1EuGMZ9P9VQjqvqKnI8C4PGPUqzoviR1PTNdFPUCaJ3LSOUMqWgqNEqZ7jEuJeWgD2Xo1mj8C3xRkgktB2UR/W9qq3AXKywZPdsYypUN66UqMBvzVMT6cKlS+zbdF2rCJ245Ca8bbofh0s4LrdciR6SHdDdFWsbl/wDMb7InBoyy00484HED1CBK7I5wmOlAOZNTfumveJPpKXKLyJlDb2Mk1OdgJ7YPXuusiyRlv7qRgNAAVbCuD0zSPRMLWlGTcFfm2cNx+54zwdoLnWWqYTUkpGeRnYhb6x9c0VxxDWZhlGBvwV5/oDgQVFLCDkDfss9lIatZ7lT1AduzcFWUM+rDSvGbL1pcrS9rZneLGdnD2XpNl6hoLuwOppDnG4dzlZp0tDVPPZpdQI5C6DkZUQZBBBKMCMZys04MZgNnCRJIxlN1JavZAMyIE854XRJk4wkkBhQMBXWuhuMZjq6dr8/ixuPzWHvnRtTbyai2PL286c7heg5CWQjU8FJHkcFbI3yy7OHIKnw1zhgxyY9jwtpeOl7ZdWlwibFN2ewYJPusHd7NdLHIDPCXROOGvZuPzTlJNEbwWxqKWsbomaI3evZQTLX2uc8yR9iPRVsVaZAPNnCnU9wLRoeSW+hQuH6JuLy29SPjcCJSxw98LaWzq6KZrWVGPuvN3QUdY3ynQ/1TGur6B31F7BwlyhgvGT2ynq4J2h0Twc+6eRkrzKzdW+GQx+oELbWy/QVIaC8HPO6XhlbcdFo9uPzVRdbJDcYyBgOKu9QeA5vCboCKM3ErB5TfOmqigJM9GJ4Dy8DzhZuazMB8azyua/ktLsfqF7rJBHK0se0OaeQRlZS9dDU9WXVFATDLz5dgUyNmSjy2SZxzT3Sk3G2rSqOusL2E1FucJGnJ0Z3C3dfS3O1O8O720zQ8eI0ZIUCa0CpcauxVYDzuYinqSIYWjvdbbpQ1xe3Se+xC9C6W+KlbRlkc83ix7Za85wqiosNFdH+HXxmmqeDtsXLK3Ow3SxzFwhc+MHYj0U2qXZD6asvV1jv0QFNUNbOBkxk4/RWeNQ2Gy+UqC+zQytdFM6KRvvggr0fpb4s11Bpgun8+IdzuQEudWeiHsUjBtlMEIKrbN1p05f2AUtWxspH0OON1bDIB0nI7JDg0TIPw0IsYEcyeyHrxwgJvAlmM7bKM5jX8hTcZBQCCw8KBlbUUAeNgqOrpJoZSCFrCzO6iVFKJTk4RZwGZkeIzkIkdZpIDzhWFVR7Ya1UtZR1LXZDDhEpZIW8NQyT6TlSBhwxhZmOaaEgZIU+G54w0yZ9leSFpJEHgjA3VTV2dkhzjdWVPWNkHAOVJaGv/AAonLBE8GMrLNKCSGqqlosZB2IXoNTTh34RghVlVa4ju1uCrUtw5SWMGIdROH4cKLNTnuFrpraCfK3hQZ7cXcNV4JtTMyKUnnZNLJIwQ1zgDzg4V06gIJ2wos1GWEEhC4plOvKL/AKe+J1+swbDVP+biHLpvM/Hplei2P4k2C7Mb4s3y8h5Y8jK8XNO1+ABwmNpscHS71S3UhEq0z6Yp6iGrYJKaRsjTvlpynY3xlfO1rv8A1BZZWvornM1jfwF2QVubP8ZwxzKfqC3Na3GPHh2P5hZ505M9lJ6aY9YwRkFAktcEhL2xhrz6KNZerun7y0Poa6N+ofSXAEfkrpuHZcBgJPxinWylEVxpJQ6B7gB7qQ3qCtpnB1VBlnqOysHjKjvia8Yc0EH1S5wFuP7JdH1JSTYzJjPIVzDXwyAOa8ElY91op3uLm5bn0Qm0dypZM08+pg4BKDZgW4Jm/jq8YOxHqpbKyN2AQvPoeoKqnPh1Ebhj9FZ0t+inIxJg+hKDAEqdxtBIDwE850lZ+muXHnVlFcw/DH8eyhnnS10S9RBTtXsgtka/dpRFQhwx2GSTdXslq9lCsDl0HsmavZLV7KEwGB23K7keqFkpZPqoLCpLjV1QgkkklCDEkklCCSSSUIPSSSUAEkkkoCJPTE9QgkkklCCTk1ORIgkkkkIAkkklCCSSSUIJJJJQg9JJJQqXQVJJJQRLOeR6SSSgORidgJqeoTJzAXcZSSUJkbkriSShMiSSSRht5EkkkoUdXEklCHclLJXElCCXHMa45I4XVxyhbkzjY4RyzK6NIGBsFxJQW7MjDGHcpeE1PSREGeG3GMITqKF24yD7FSEkIJE+TwctnlHtq2XDBV4yyXPsVJSUBIoNe3bOU8VVe0fTnHuiknuUPV7q8B7BNu7mtxJCcjnZIXWI/gcENzmk7tyhhrQc4H6KibCwFwpdILn4ynispHfTMFWlsZGdCEIoznchVv5JtZciWnPEqcJGHhwVMIzkAZ+6IGvP4ii4CwWutn9QTlV63Dhy4184P97+ymSYLXcpYPooAmmxvKneLL3kUyTDJqSitkPdGbLnsjwTARLJ9U3WF3ICsGTcRFrTy0H7hDfSU0g0yQMcPQtRUlYPyNFZUdL9PVBzPZ6WQnkujBVVU/DXomuyJrBTA+rAW/5FapcwPVTJHY2YKp+CPQs5DmU9XB7Q1Lm/55VZJ8FqSnP/ALp6qvNLj6c1Bdheo5CY6MdirTLVkl7PKh8NevaPa3fE+rbH2ZNAXt/PCTrL8dqHD6HqKz17DwZYHMXqjW6e6coV8mDyd10+P1AMTdNWi5A/9zMGEf8AmQW/Ej4k25w/jXwlujw36jRuEn6eq9fahzN47qZD+TK6PKY/jxa6cA3ro/qa3f1eLb3HH6KdSfH/AOFdXII/9qIYCe1Sx0Th+RC9B0A7FRaux2S5RGG5WijqmeksQcrB+19lVQfEDoe7aW0fVtpe93DfmW5VzHUUsv8A2epjlz3YcrMXD4KfCm5anVPQtr1v5cyLR/8AekKnP9n7oKEZtct0th/D8tcZWaftyqAyvR6M3zDhdI3GV5o74T9W0H/zh+L1/gHZtTioaPy2SZYvjraQXU/V1juccfBno3xvP3wCrJk9McGuaQ8A59VXz2a3VAPiUsYPq1oCxTupPi1b4Y21nQdDXHBz/D6wkn30vHf2Kaz4uVVCMX/4f9Q0OPqLafxQPvhQhpZ+labOukramnkHBa/ZdgoOoKEkNvHzId+GRgAH6KgpPjX0FUuDJLhNTk9pqd7P8wr+k676NrmB9Nf6V3/M7SqISoq/qKnkxLSxSgf0lWVN1Aw4FTSyREbHI7ocVxo5D/JlzlG1NfuWA/dWAS4bpRyu8NsgB9ypGtj8FjwVTvoaeRxeI8euEWOijDRolIc3jS5QBwLhg53TyM98KrifUMGnxOOFJjqKlv1sBH3VYA2MmEAjB3CDJTU8p3jGU1tY0bSDH2RWTwvwA/cqgWnEgvsVM9xe06c+iBLa54/5lPMWuHbPKuRI091zLf6lAfkZQ67rDu5oKTbw4DRNC4OHKvAGu91ySiilHmY0/krbI7G/RAirKZ7QfFAJ7FGbI1+dJBwmVFkpX76cH2Uc2eta4GGctxwpvKSyTdu6dhvoq0SXeldokhZK0d8J8NzBdpngkj9yNkUZ5JjHJMcwJnh6uE9s8Lm6g8EH3TwMe6IvewJZtgBZ6/dEdNdRxBl2tUUjt/O0AH7rTuAKE5qdVdKp8BRulHo8J6j/ALO1HG6Sr6ele3JyGZ3CwN46C6s6ebrq6J0sI7tGSF9Z6fdCqKOnq4zFUxNkaezhlb6/I2QfJ0NPrZReJHxsTU0+zonw5/JXdr67v1rDY2VPjRN/C/dfQN7+GdjvAc0wxxg8YYvNupvg5NQudNRxHHZ0e+fuF1KPJwmuWdWrXQl7B2f4l2euDYbkDTynknhaaKW31UYmp543sdwQV5Nceh7lTReIY9RHbG6qY5uo7M3NPJK1mfpOSAuhXq4T9m+F6me5GB4OWOwPun+PVxNDdYcPdeXWv4pTQOZFc4iDwXdlvLR1XabwGfKzBx7j0WuN2eh+4JeOnbP1LE6O7W6J7nD6g0A/dee3v4LT0rTVdK3N7JAciCTg/mvVmFvLRsURaFqGgsnz++v6l6VlEHUVqma0HAkaMgq9tXV1BWgaJwCfwk7r1yvpYayE09RDHLG/ZzXtyFhL98JLNXF1TbC6lm5AYcDK0w1GSPDOR1scjQ4HnupEZDxq7LCV1j646Tlz4ZraVv6gKbaus6d501LHMI2c3uCtcLkxcopmreMlBkpoX5LmjP2TIaxs2HNwWn0UhrtQWyN2DPOsoa6zQSEkDGe3ZZDqDoWnrGl7ImsfjZzQvSJoi4ZxlQ5oPZaqNZOp8HK1vjatVHbYjwO4WK4Wx7hJEXMHcKCx+DudwvdblYqevj0viaCR+qwN86Akjc6WmaQf8K72l8hGf58HgvK/TEoffTyYwnKYW7cp9ZRVdFJonYQAeUJjvRdurVp/gz57rvBQ3P5Ig3MOeMJhYDs7BUtjQ7kcpr4Mb+q3V6iMvyPG676clB76SslomOOqPYoBFVASMux6ZVo9pZ+FDeRKNJGy0KUZfizzd2ktplixEelu88Lv705HIJWiobxHMweIRlZee3GQ/wAgb91AkNXQvGoOIHoiy4mR0pnpkc8coy1wXScBYGj6i8LSQ52e4ytJbr/R1YAMhY7vlHGwTKlotiDlcT9bHAFjs5SPmCNSyK6GZKI2UjAA4QXbEofiYPCMosmPz25Sc3UosUwwAjCoace6WwNoxzA3cBRKyGKqgfTVDGujeCHNcMgqwcQ7ZR5GADnlKlHKCjJxeUfP3XfRrum6sT0kR+XlcSO4CpKKpc0gEcL6Evtkp73SGjqWgt5HqCvCOobLJZbjLThrtLXHC5uo07fR7Dw3l57lCTxglQVeoAEhTGSZGccrMQVTg4Y7K4pa6JwDXnBXLsp2H0TR+ThbiuTLCSXUMYVfMzJPupetrhkEYUabcJLTOlZLjghmR8LwQVZUdxZs153VVUKI6QxHUDwgbaEQ1EqpZibSGoEgyAjagshR3WaNwaXbK/pq2KWNrte/cZQ4OrTqoWxySzIBshvOQcJamkas5QzINxhWO+UC8b4UWQDHClOOVHkCiAbyQpgXEY2UaVuwU6RoxlQpG8gIPZmtIsgAUORuN8bKbLyguaEKiY5x3EItxyFGnbkAhTZQNsBR3Z4IS5Rz0ZpLkhtcY3BWdJNrDSdlXTs3yAlTVBYcY2SGsGjTahVvDNHBLpIwQrilm8RoBIWZp6jOArakm0ncFZ5xz0ej0mpyi5Y90bg9jsEcFXL3fP0QcTkgYPsVnhLrA2xhWNvqXRO8POx5WVo7+mv3PD6LyxVToHiKU7YWjlIkhMjN9KyURBdtsVpbPM2aAxE7pUo5O7VZgFVN1MErfqZumXACutzauJmHjn8lKcwCfwXN2OybA0RSS0UmzX5LfZKaHbiHHKTBE8ndqtaWUTwBxIyqN7TEJPRmwRrdUlsgYTsURUZ47J1Qd9ICqYZDT1TmuH1FXFR2OFTTDM4k9CoSx+ydL/MwSs1cYiKpwAwtEx+rcBVdzi/m+Jp5VozW/cif07VxiHwe/CV0ic2pEvY8Klt9SYKrY4GVo69rpYGvHbcp0JYE7sx2sprgdhMeQod0aZbbrG5KnVrDJAdO+yiNb41EYwtlZz9VDdHBgatmicKfHIHRMG2wQLrTviqCHDglMgfhgyeF3NDLbHB8y8zRndkK5BJ0ODscKQzkqNOCSMBdeJ8/ksZRb0R8SLIdnIQ5MtfnCDaZSH6CdiFIqW6TstMejM0Ha/VGHZzsosu59ESnf+HKbM3bIQMuHBT1X8qr18gqXbqj+cAcDKFVxhw43G+VEppfDqWgjYFKxydnQ2fdtNNJiRZ65s0SF+NwVctmDh91WXRhOw9UEzrTWSM15cAixuPcKPER5RhSmkYyAlMW0VlX9blAPKsKr+8KgEHJ2TDDP8sDTwgd0c8IB5QBofkqNP2UhAnGcJNpa7AOOASgggu2RHjKHp91is7NMZYQVnCkRcqJHyFOiA0j3V0irAjeyNhulBXQTqG61ZwZkJ2rfC4NkTG2Uw8pUm2RnEkl0bkD1U6LissvrHDG2B0uPMTyr+3MJlGkZVZQxNZSs0jGwJV5Y2Ze5x9Fx9U8yZ7Lxq2RijR0o0MwE6V+2AU2MgNwgyO25XKae49NKWyODjiM8ocztIyFwnfCG8hzwwHddPQVOczz/ldUqaXNlvaI2mN0xbuR3TqqU54z+Sk0kfg0oDhvjKiOaZ3loG69np4KEFE+M6m6VtsrJe2azoOhE0j6k9h+i3MdEa24U8IGWRfzHD1Vb0lbmUVsYNAD3gOJWksVO1tbU1rtxp0AJp5/VTcpZLtoBAA2AXSMLjTgcLur2S3yYHlhmnCxPUdQ263aG1xE7ODn4WruNTHR0clVI7GgbD1WS6SpDW3Ce6TZzK46M9giURyWItmztkJpaVkQGMDhWEWWknCjx42HYKWXsZHreQA0Z3USwK3so+sKqR0MVrgBElTjceh5VnZKBtBRRwBuCB5vcqmtcUl1u0txnaS2MlkYPAC04AAwFZXYdmMJkzsYCQIAO6Yx5Ls4RMpLBIpW53cEeQjGE2IAMCFI7JwClFApySdkOMeqed+U7yhQg1QrtXUtroJrhVSaY4GFxU8kDleO/GjqGe41dF8P7UdU1dIfnADxF6f59+3uoaNPT80sFJ0Y2TqS713X1aHNZKCyijcc+Ez2/T91M6l6gp+n7TV3qZ48RjdMLD6nO/6q4ZRRWa2U9ppgGsjYAQF8+fFzqtl6uzbXCQaejODg8u7/AOiCVvo72j08tfqVFdf/AGMHernUXi5zXCqldLJK7Jc45UVccwajjYLqyXc4PdV1fElFehBu/KKOAhfZEagRU3+h5wAhk5KbKc4wUojndRlqKwEwF1OSVkUcDVzSE9JBjJHwRpGA7gIL8Y4Ut/GVElGMoJRwMi8sjnlcXTyuLPJ5HLkSSakhLHJJJKBDUkklAxJJJKEEkkkoQCmb59lIQsBQgh7pYCSR4UIJMaDqCR+tdS28F9BBwmZOcJoJ9V0cqigg4XVwcJHhQgjjukSMJhJyuZPqoQ4W78rqSShBx4SHCS5p90Mlkh1xK7qz3XEsBSMsBj2Y33UlrW4+pQXb8FPbM5uByraCjLaWA7pgac5Kjx1J7jGUdsoI3UHKSkNni8uBvkKtLS0nKuHYdsVAngOo4G+VGip15AZKcxx1BNIwutUzkSnteSVG/YJ0jcjKj6xGQcKazTJG12N8KYHVy+TKZCe1wIwE9nZEkaB2Q28phml2PXDwupKFEZzXajsmqUQMKMeT91AkziSSShY9JJJAABXQSOFxJBnBCys1xdbbjFUNcQ3IDh7K1v1N/D7tBVQO2q8TB33WcacHKu56l9fa4S4hzqU5HrpTo/cE5bHlG8t8hlpo3u5wMqe1ZrpGrfU0bg/Pl4Wkbsp0eq0M99KYUco4IwojPqCOwnbdD0blwHRkAHsjA53CjDOojOUNEZyrYZIZ9IXVxn0hdVhsYmIg5QzwouSSlg4Q3BUUc49U9xJdjKY7fZPisIRLlHlvU8Wm9VG3LiVUgYV71hFovT87ZaCqTT7qmeC1H+7JP9iHKecaeEzT7pw4KoQMPKS6QcpYKhBDlPwCOENEG+VCDQMd0jwfsuaUWnZ48zYR3VpZ4Kb2rJ6L0LSNbaBMAMuWi0YKBZqJlHboIY24GgEqZpxg5XUp4gkeS1U3bc5HABhE047LoG32ROTutUF+xUp4A6fdSKWM6wcZXWR6jsFKpY/Cd4hCZ/gROz0jlfJpaKcKbAwMp2DHZQKeN1bXmQ7xx5z/ANFa6R24RIy2PA0gJmDnKIuYCsSID1SwF1JHtGcjsBEadO6YRhPAycBTAUuizt7MsD8YAViwgDBIUGkGIG9sFH9N0UVgyy7CpLgIwkSMKAnchLI9UMk5XMn1UIFXDwmrhIwiIIk5TTumu5KY6RoHKhBx+6aXnhBdMMlCdU5ztwrCjHd0SS8BMM23ChTVDs7BRJaioOPMcItprr0dtvSJs9QGnkKHU3KKNvnKjTzEfU5VlVUUjN5Js+yHB0avE2vlhau95yICc+gVZJU1kx1ayAfZcluNAz6Bx3VfV392NMRBU2N9I3R8bGtfcw9Z48+c/TjhVwhEbscEqLPX1UrtQOPZANRK/d7sq1V7YxUwhwWjjCANTwEI1FJHu0En2KrnPcRhzilr2zhEq0g1iPSLA3CPG0ZCE+5TAaQcD7KEH6jhGbBK8DAVqEfRJNvobJW1LnA68rjpHuPnO/3R22+V4DiMBEFLABl7sFNjHCA3cckRodhd0nO5UsMZ2GyWhn9KEU1yBBOEi0lPS1+yErI3DvVNcwkYRElRZHMIPZc8MeikaR6JeCVTWS00iKA3+kJbcYUnw0vDV4KyRMHsMJEEjClZjGy4XR4VlrJF8J2eE4AgYynuewO3CYZoP6jlC1gLBwNTwweiYajPAQzOcfShwWkE0D1S0jgFRzM7P0pGZ/YK8B4Yd0GrdNMQQDNVdnbLmanO7sqbSYDGFvsm+F2TNbh9X+acXHGcZVJeikzrDUMOYZS0hTKa+XenI8SXIHuobXH0S857KnDISt/ZoIOrGn+VcKZskZ9uFNZJZqpgfR1RhceGuOyxzzq7cJok7DYhLlUM+ya5RtQydnDWvHqDyniU/ibhZGlu1bTOGmclg7E5VtT9R63YqIgWn0QqszW6aMnxwe0h2/CLlunj91GBHYpNmJOn0X5k67P2fGYVyEXHJ8qOxocMhN0eyW+RsZEV7ByiUtXVUMglpJnRuB7HZPcMY3Qy0FVOGRqkkeh9PfEOmlbHSXZrmSDDfEHBW0jrIpw0wv1gjkLwfGNjurSx9S3OzzAsmMkPdjzkfl6LLOnIasPbmS6gMlGAz3WQs/WdouIaGVAa89nHG60sMwcdGFmdQ6LbJJ4SG6TTq7Lmn3SZRGJ/sdkpZKSSrAwWSmvhgqB4dTGJIzy0pyStPBTWTIX/AKCEpfUWKRsJ3Phu4KxDpamildTV0To5GHByF7U1V91sNruzC2tpWPceDjBTlPIO08xgrWuaNLhg8FT4K8sHnGpvoSnXboq62hzpbfoqKUEnw/xNCq4KyGV5ha7Dxy08o1FMKMsGgp5LTUjABhlPfOxUqk+Yhd/Ln2CzrqfxMEZB9UWnrqulfpcS5o4yhlBDUzf27qaspSGTHW33K09FfKOsaPNpcexXlcd6a5oLoyrWjulPIAGv0O91nlDJTimeoAgjIOQuaCeCsXRXyspSCJNbPTOVpLf1BS1AAk8p7oUsAOvklVVHBUxmOohbI0jcELF3f4fwOLqmxzOpZucZ8pW/BilGqJ4cD6ILom5+n90UZ4BweP15npXiC+W57Ht2E7Blp/NPaYZWYcGyMI+69TrbdSV0RhqotbCONljLl0BJHqnslUWu3PhPOxTY25KPP7x0VQV2qakxHId9ljK633Wzvw+Jz4x3C9Nmdc7bIY7pQSQ4ONYHlK6W0NxbpeGPBTVNdF4yeZ0F5dDIHxSOhkHcHBXoHT/xXuNs0Q17vHi4yTuod26EpKthlpAGPWNuXT12t7yNDnNb2wr2qXZFE+j7D1lYuoIx4NQ2OU/gccbq6AHLTkH0XyTFXVNO7RqfG4HjO2Vtenvire7XIwVcxnjaMEHfZBKnPRWD6CI9UBzBysvYfih05d2MbNP8vK4cOOy1MNXDVsElNI2Rp7tOUr4mRsGQMFRHg7/dWGM8BCcxpyMBDtZW/nBVyNOeEORgcMOGVYSQjOwQn0+RsELTDyVE9DTv3LBkquntuDqiGFoXwu4wgSUpAQZeQ8lB/Op9gF2G5VEZw87BWklGTny5yoslrjcDnZOi89lokU1xppwNcgBUt0LJmhzTt6rN1tsljYZIckN5UWG+V1uIAzI3+lx4V4GNGmfQg5Bbyoclvbgolu6moK0BkgDJOCD6qxY2OU5bj8ioTLM5Na8E4bsPdQ3UQacuaPzWskgb/R+6AaWJ+dTAoEpGPntscmXMGh3soElDNGcEDHqttU2yKVv8vyuUGS0zM31NITCjKugxs5pCGKNkjdLmAg9ytQ6ijA0SRjdRn26LP8vZK77JKCZl3W6alJfRTSRO7FjsYV7ZviT1f09oill+dibtifzbe3oiy0JHAQHUEch/mMQuKBdSZvrH8b+mq93y93DqCcYB1HLSVvLfcbVd4mzW24U9SHDP8t4K+eKvpqiqQS5gz2ONwqttou1imbW2Wsmp5mnZzHYz91nlHIiVOT6ldEG4wkGZ7r59tPxo64sdQ2K80rLnANtIGhwHrnfK9CsXx16JuThBXTSW2c9qkaWe3m4Q/G8cCnW0buophLjLQcKvms7H7xOMbvUK4o6uir4GVNFVQVEbxkOifqGPuieEDuAs7hgVtZl5m3aiGkOc9g4IKmUnUtRTaW1LSR2JV06IAaQFDlt1PUBzZYmuB5yEvArBPpuoYXgSRzfllW8F9icwF2DlYmfp0REut8zmO9CdlFEt+tz8Pi8Zg/pCHYwHXGXZ6dBXQzN1McPzUlrw7uP1XmdN1Ax5DXOdG/uDthX1FfIyBl+fzV8iZ6fHRr9Q9U4HCpae8QyaRvurKKYOAI4KmMiJVNEkHK6mA9wu6kL4M8ohEklzV7KZBCJLmQlkKFHUkklCDEkklCCT0xPUI1kSSSSgtLAkkklCh6SSShBJJJKEHJJJIyCSSSUIJJJJAAPSSSUIJJJdZ9QUI+BBp5ATwDlPAGEsBQzyaZ0cJJJKAiSSSUIJJJJQgkjskkoQEXEH6VzxR6IxYMIJjGTsrIPBykkGkLpBHZUQ4km6j/SkHE/hUIE0+6Wn3S1eyWr2UILT7pafddSUICSSSRgCSSSRhiXDsupKEGF5HZc8Q+ifgJYCAABK/AzjhVst5oYjiSRzfu1XIiyOMgprqaI/VAw/doVsIopeoLXGMmtjx6aXZ/yUKTrOyxHeo49itMbfRu2dSQn/AMAT2WW1Dc0EGf8AkCoJT5MoeuLIAf5h/QqJJ17ZmgkCd2PRi2/8GtA2/h1P/wDcwuiz2rkW+D/yBAU7EjA/+0e1sJAoKw+4jQZ/izaqfY2ysP8A4cL0cWm1YP8AuEH/AJAk21W5uQKKID00hGT5zy//ANstqzgWqr/8qJ/7W6EjJs9Xj1wvT/4bb/8A5Dj/APKEQUdMQG+GMDgBXgr5zywfF61g+e21Y/8ACiD4xWDG9HWZ/wCReo/J0oGPDQnUFK7OYshUX855o34ydNNP82CrZ/4MqVH8Y+kC0AyzDPOWrf8A8MoRxSxHPqwJgs9t/FQQH/7WFeCfMYmP4v8ARryB848E+ylj4p9FvwP4tG3/AJjjC1D+nrLNtJbKc55BjGChO6P6aeB4tkonD08EBXlgStyUcfxO6Mdt/HKbJ9XqXD190lMQG32j3/8Aoilu6F6Nk+rpui/+5hA/9nPQZ56Wot/8A/6IsFN5JUPVXTk+zL1R7/8A0Zv/AFUmOvpJyBTVUUud8NdlVn/s16C//pei3/8AoYVlQ9P2qyxiK10FPTs9I2BqPAuTwSA53dc8cj8KfjbCWkeimUA5A/mmj6wQnfNw/wBR/RE0N9AuaB6D9FMFt5E2RjhkOC6S0/iCb8uzOdKRpITyD+RUwTJzA9UtPunG3Qf95KP/ABIfyQ/DUSj81ZMj9JXCwclN+Rqwcx1Ocf1lc8OvZsfCf9lCOR3TjhLQVz/eRu6Ibei6ypafKYntI9VXsH2cII7JpeTsYwfuieNEPqOMpoLHbgjf3VluWCDV2+grsfNW6mkxxmMFZ64/Dboe5F3jdO0jS7uwFpH6ELZMYDsRlOfRU7mg6ME91A4yweZy/CCzU2kWe73GhaPwsmJCYeiusbb5rR1i6QcFtU0uGP1XpDqMeqG2Ajt+aoLPJ58H/Eq3OIc6nq2OG4ZnZEh61vNF5bl0/VN07F8bVvDE4cbJhhDzpeAfuMqEckzHw/EilEgzT1Iz/W3hXNN1rRVABGsZ7FTqrp+gqm+eliz/AMoVZL0VTfVC98Z/wlWDwWkXVNqxmZz2/cKwpbxa5AJBURkO43Cx0vSlRGcQyOkx/VugPtFXTgOmpvL/APQxgqi3FM9DbVQy7wSBwT9Tuey86Z8xD/cz1DPzR4bncoTn5yR33KsX8Z6IwkHJThU+oWJj6grAMGTJHurGm6maGATMyQoB8aNOJteNkTxOFTw3mjkYHh+M8gqTHVQvGRI0591WCfGTtiEIwMcckDnKY2YOOAUQElVjAtwa5I0luhcS9g0eoCB4FRHljZzgcZVkXae3KG5gcrQWEiGyeVnllZn3CI2Zj+yfpHB3SMTXDAwPyVyltAwNyDwV1Ckp5wf5RTGumH1s3QqwPCDafdMLMgg9/ZObM14HqnEgd0xSx0MfHRSV/TlsrYtMsQa8/iAWPvHwxBD5acNe077D/RekuaktENTZAZTqrIPs+db58PWBz2vpME+jVi7j0XW0Gp1FLI3fI0HGF9bTUdJMS6SBjjju1ZW8dD0Ndqkp2iKR3YcFbqPIzi/uOlT5DH5nzrQdW9Y9OlsU7zUQs/qBJwtr0/8AFOyXDTDc5PlZeMkbZWmu3QE7I3NdTatPcDOVhrt0HaZi7x4Sx5HLRhdavyEZI3Q18JdHo8VTTVUbZqSdksbtwWnKIOV4i6ydUdKv+Y6auTwwHOgnIIV7ZvixX0kjaXqigeTwZI24/ZdOm/JthZvPVHxxzxlkrA5p5BWSvPw46eusjpDAYHu5dFsVZ2LrHp6/eWhrmiTH93IQHforst1DI3A7rZC5h5PFbr0N1X0291RaKp1bSg5EZJLgFHourJWkU1dG+CQHB1DAyvbtAPKq7x0jZL6w/NQHxHcvxkha4aj9gykmYqiuInjB2dtyFIawSnjCh3T4bX6zOfUdP3DxYxv4bsql/wBpqy2SimvNFJC8bF4BAWyGog/Yp9Gjmgx9IUV8WQcj9kWluNPXMD6epY4ntlH0SO/CFrjcjNOtPgy926WoLk1xdA1rz3HdefX/AKFqqJxlo2lw5x2Xsj4SBkgIBp2ybHZdDT610s5Gv8Pp9XHa0fPD2yQPdHLGWuacEEYwuCbJAwvZr50HbLo10jRomPfsV5xeejLjbJHHwi5g4c3dd2jXV2L7mfPfJ/T1ul/21lFK0Mk+pKSijc3MQGShujMZyU6OVzSAQupXqZR5ieL1njK7c5WCLJDLB9Q2QXBkw0PaHA+qu4/lpm6Z0Oe0tcCaULbVqt/E2eK13g51zcoGVqrCCDJTSYdzhU8tRVUEmJonADuFtJKKeE/zG4QKilhmaYqhjXA9iFqTzyjzt9U6ZbJIr7N1NM0geNqA7ErWUV7gnaA4gFef1/TlTTudPQP1N509woNNeqqik0VLHNxtlV8jTxgzyo38o9cEmsHA2KE9uFk7N1Y0YaZA4HsTwtdT1dJWMDmPGr0To2/szTrlB8gtTmFPEhd+SK5jSCNI/VRTlhJ0/umZAxgmMnaAA92CnyBrgCCCq8vzthEEpGFMEwSWgAHPZZXq/pmkudK+dsQ8YDkDlaQvLguSgEDPCTbHKGUWSpmpI+brpaqi11JbIw6MnBwgxu3Xs/VvScNwhfJFGNRG4C8euNDPa6l1PO3vsfULlX1Z6Pa+L8hXOSk2GhqXtwAcKUJNQ3VRHOCcYUyKbYbrBKOD19OplLphaiPVwFXSRHO4ViycOG4Q3BsvAwktGjduK1w07kpMrpYnDS4/qjVEJPGyhPge3fGUBcZyg/tL2huoIAlcrJs4e0HbdYzxHB2W7YUhlxnjwA4kD3S95pq1mOJGqJxuShOl1AjGFT012BwJcqa2dswyzsrTybI6lT6DOIIKhP3ypBPIyhdyrXJbsyQ38oDxlSnoLhlV0Km8ER49UCUYbsFNk2UZxHdLayhE2QZWkZyomS1/HKnz4xsoM+BvhInHJisfOSXSzkEZV1Sz6tOwWbp6gNdwramlGAQs81wdnQahKODSU0gIypbXEEObyFS00+kjJVtTya2jZZZQPS6S/JeUkwkjB7q3oKgxEFhwRv8AksrSVGmdsZzytDSP0u9dkh8HodPduRopnF+ioYeQCCg3HzRx1LORygQVJ8Lwz+SkBwkiMThkOQHQUskNw8aB+ManDKh0kvhvHGRtypVGTDO+nec5+nKq5mupql7H8hxKgEnteTRNm8Zg2VfVsIdqwu0E5AwQjVGJGZCg3O9Eanmw7TjlDrmhzM6UNzhFOHZUiVwmgPl+yglozriWykjkFayke6a2gvcM6cLKzMLZDnucq2sdQ4xmF7+TsjRnzgdIdPlKgUR0ySsB2yrKsjLJz2CpjqhqTvsTlaYPBmuRQdSR6JnZ7lU8MuSAtV1JTskg16d8crG/3bxldjTWbTwXmqMTf9yzYMjOU2Vnl9UOF4LRgoxOpuF26pbkfMtTD47mhtC7TUKznIe0FU5d4UgKtYneJC12ey2w5RktSQyMkO5T5PpQnHDwSiE5ahkCiHUDIVW8mObOO6t5RkhVle3E2RwlM26aeyaZa05OgZKFXsDmAn1Q6KXXCATkotYNUYA9UiXJ3t26KZUx4Dxv6qXGcgHKgSZbMWYxhSacg7ZQi5S2kerBEmT6qJIBgYU6vADc45VaMkHJ4TDJZzLI14wSAgEHKKeU3AQBLoaeD9kF/BUh30n7KI9pxwk3FoY4AEgIeR6rru6ET7rDassegjOVNi+gKEzlTovpH2R0rCF2ehy6OVxJaRMpbQg4Qi7c7JHbYFcQYA7OtRKduupYOwQhyp9rj8SpHslW8RyadOszSNNG3EYwMDCvrHH/ACtWN1TNILQMcDC0NojEdOCRyuLbLKyz2Gjr+9JE0nCBKeMFElPdRnHss0I5kde6XGB+dIz6IdFE+orw4cDldlfob+Sm9Pxh4kn9dl3/ABlP3ZPCfU+r+KjbnstZXlrQ32UiyUD62vY1g4IKizjUVrOgbe6WsMhHZemguD5lqZbYbjasiNNTCMYDtOFa2uF0VONfLtyokrBJK2Fo3yMq1iGAGkYwMIJy2s4krN7JA4TgMpHgJBwaC4nGEIMVlmX62uWRDZ4cmSYgux2CurFQNoqOMaMEALL20PvnU1RXvZqhgPhtJ7kclbloDWgNGAEwKfCwGZyq3qSsMdK23xn+ZUnTkcgKybhpy7gcqloWC9dQzVrwfBpz4cfocKGfBeWe3i30UcecuwMk8qemhvZdJwqLFK4jAHdPgGTkhAbqklA53U5rQ0Yxwr7BbwP3DeeAoxOSpBdsQSo55VooceEMk5RDwhOOASVGWiFe7rTWS2z3Ssfphpo3SO39BwvDegYJOoL1ceuLk0+LVPIh1fhZ2wr7419QG8Vtu+HtuLjLWvD6ktPDMjA/zUmGmhtFpjpadgDYG427lKslg6tVcq68LuX/AKGW+J3V/wDs9ZamoDgJ5QY4d+D6r5lmqJKqd88jsuedRPrlbD4o9TSX69PgbLqip/Lsdi4clYtrdKxTnk9t4nSrT0ptfcMLsohQkYDKj57Ow1kc1qc84HCTQACScJjnZ2UAQM5c77I8WyYwZ3IRnNABIUJY36GLqHvn2TxwglLALHojUFOQ9klyjr2YGcqDO3JBwrH6gRhRKlukKprhF18EEjBwUxFeN84QlkmsmuIkkkkIQJFSQlCD0kklAxJJJKEEkkkoQSCkia2+qhAa4BhdBGUt/VDJ4IMAwnpqcgIJJJJQgkkklCDUk5JQg1JOSUINSSSUIJJMSUDFnKWSkkoQ7qIOQURr3DbGUJPUInjlEpk/AJ49USYtcwOyFXvJBCOyTAwqazwGrX0wEwIdwk1PmIOMJkaqKwBJ5HKXSk6cHsoZUumIHJRYyFTLbMfM3BG6HgeqPMzbcchRtJHdMaKu4mdSZ2SSZ2VCzh4UY8n7qSVHLXZOyhaGpJJKBCSSSUIdHK4dl3Q70TsO/p/dC1kFnAdPupFPIG+R+wKBgp45UTwUzRdIVEsVc+LV5HDhblju4GfzXnvTkmLgPcLet24KvJ6Dxdma8EsHKK1R2o8fKjOwGGfyRB7prSMImQrDEzlGZ2QWfUEZnZUNiyUz6QuprOE5WH2cPCEeEU8IWcK12LmAIOonGyXcIhwhk+bK0LopHm3XgAvf3YqHI0q769z/ABsY/oVACccoGeC1ixqJr+538SIOEMcp+dsKjMdwFwgYTPxJ4IwoQZjdPBGEiQmEnKhAisemaJ9Xd4QPpackqtb3K23QNul/m17hhp8rdtyU2mLlLBl1lvx1M3DGhjQwcAYRCmBpxwiBuDuF1oxxweVlP2PAwiDdca06RsiNGThPSEyY6OM6gQi1LiyIhvJGF2JoG57LjGuqarGPIzZFgS5Em3QeBTgHl25UpdawABo4CWn3RxiIm8g0k9JWLEkkkjHBUSH6ghokXIVEn0WUWzAAnZKGz6Qu5wjMr7DZKWSh6guF7ccqFYH6glqCjmXfAXDIQOP3ULSyS9YIO4QvEwMlRvEkOw5KTI6hx/mHbso3g3UeN1Go/CIV0/IAUdznHKP8u4bkJjy2NuTshcsHe030xZKO61gBqPJQyMZJUatvFLSgjUCceqzFw6gkmcWxybKLk6FXiKNLLLWTSVNbTwD+Y4fqqSv6kihBbFhUFVWzSbyOJyqyariGdR3BTI5HNVw/FFtVXypncS04H3VbNPJOcyPyoTqwcNCB8y4p8Y4WRU7PRNJHqo+rDiQo5nJ5ykJCTgBTfgzNuTJBn3HlSMpxnC5BE6Y4AVhT2uWQguGAo5ItRkyvd53NwpcFDLJgBmQVbw22jhAdL9Sc6UxjTFgNCnawGoe2RYrbBGA6TkeqK51Mz6Tv9k2SRzzuVwMz2yVSTyXJJLhA5Z3nbOyjcu3KmGE5Ae3ZOEMAH0bppnlHPJGbG7Cb4ZKlnA2DUI63bNZsq6FtMEQByVHke1nfKkSwSO4Ci/w2pkPKW20SNTZzxh6JhqgOyL/CpxjUdkUWyLAyMFA4th7MEM1T/RDNVUcA/sp5ocbaePdPFIBvgBFsFvgrfFqjvqXC2qIwXE/krPwWdmfukGNHZTYBvKww1X9P7rngVR2LQrUHAwF0OGcKbMFxtwVXydSeQE0UE4/CFciNxGdK5oKtxJK3JVCjm9B+qd8nN6KzEbicBdLHDkqthXyFZ/D5j2XRQTA50q1DXHsuGN4OMIlHBPlZWigkH4F35GT+hWXhH1C4Y8cuCLCL+VkAUT/6R+id8qRywD8lMLQO6WB6qtqK+QhfKDPCeKRgGCFKwMFMwPVDgpSyC+Sp8HLQokttiJ8oAKnvBPBwkqccjFOUeimloZ4zlo2QjrZsQrvTnbCjyUzXHOlKcAvlk+z2tjs7ZRNHl2GfzUJj8d+FIjqDjBX5inE/ZOUEbJPE7J2CkCYOABG6ja9ST2u2czZKwxm5Eo7jKGTq7cIAqXswH7hGieyUeU5V4C3CzjsmFuQd0XT7pafdV8aaGpkUt0Oy06fstPYviDcrcWxVw+YiH4vx/qs85mSN0IxOOxKRKrIxSa6PabJ1VbrwwGlq2tf3Y84KvGEkAnuvntrp6OQS08rmPG+WnC1vT/xJrLa4RXRjp4eNQO4WaVTQ6Fmez1wHK6qe0dUWe8Rh9JVN1O/ATuFbg5GVndbQ5STBJzPqC4RhcShocEYXcj1QMn1KWT6lQgV4zjPHceqzXUnQtvu5dU0LRR1POqPbJ91o9bfVEyEyM2uAWsnkkwu/T87KS+05Ech0xTDgn0KmRSQz+Zj2u7bFemzQQVcLqapbrjfs4LF3b4atptVR01MYgN/AJ2RrkvopnUwb5mcHfCGGuB5IQTXVlrk+VvNK6OQd+ysYZ6SrYPCc0qmv0HuQ+mraqDGJSWjsVdUd/hGGyNwVTCmeXeUZaimlj2/l7oGsBJmyorwzZ8NRpd9+VfQ306MTRhx9R3XlgBbsHkfmrKgu1XT4aX62js5LlHCKxlnpsNXT1IGh4B9CnuDRuSsZR3qCXHm8N/urqmuDpGgOeHAcbpTyibMon1VNS1sZiqoGSMPZwysjdvhxSOLp7NUOp5edOrylaxj9Q+6RJzkORRk0A4s8vlhvlnk8KtpnuaOHNGQUaCtoq0ebQXe69MLGSDD2B33GVmLt0Pb6kmW3NFM/nybAlOjMtMxF26Otl0BeyJsUh7t4KyFy6CuVDqfD/MYNxheiVVuvVmdpliMzB3AXIrtC7DJRg92u2TY2t9FPk8efBVUMmHgxuHthXtj646hs7mmlriWt/C45C9DrrNZ7zHpkhY1574WWuvwwnaHSWlxzzjKPdkXtyaqx/G8PYI7xRNBGxdE1b+zdU9O9QxtNDXRmRw+knBXzNcbPeLS8tqaeQFvcAqHDeHwH6/COd8ZGVWxMGWUfXklveW62YcDvsowhIJDhjC8F6Z+LPUNokaJKo1cAwNDzkgey9Is/xp6buf8ALukRpH8ZzndDKvjgrca404O6A+Eg5xnCn0z7fdKdtTbK2OVrhkaXLghxseQs8oYGbirMAGQQo8sPsreSIemVHMQB4wqw0RT5KgwO0nLdlXzW2CY+aMA/Zad0LMHb8lDlpt8huFbkN3ZMZXdOEOMtMSD6tUIuvFqkEkcshP32W2khIGzVDqIC7bAVB5RVUnW0flirosO4JCvaO426uGaSqY5x3IzuqCqslLOS4whpPcKqmsT6R2uglfE/kFpVyeCzdmFzeUOSPjusLTdTX6zPDK5zqqLjzb7K9t/Xlkq5fBnd4Lz2dxlEiZLcwwu2ezVlAkoIzvGMKdBXUNb5YJYj/wAuxK7LCSQACoTcU8tvkHbI9lFfRe2FfmB4GccobontPmjwhcclp5ZQGlePwfuhmndwWq/8NpBAZyh/LgctQyi0WZ2S1wyO1PiAJVRcujqWuJOgNPqAtwaduD5Ao0lPjgKk8C5YZ5xHaOq+mp31PT96q6R2eY3ktP5dlqrN8eOsunWsh6it8dxYzYytGl5Hv2/Uq0dF2IUaa10szsvhbk87JUlkB1pm7sHx06G6haGSVn8PqMbx1Z0Nz/z/AE/ut3BVU1RGJKaUSA77FfNF3+H1BWZlhGH84VZT23rPpJxqOmb7WUjwdm6i5n20pfxpiJ1n1YDnbCeO+V88Wb499V2dvy3VdkZVlgw6eF3hucPXJBA/NeidO/HDoC+N0SXT+HzbAR1g8ME+mr6f3QyrwK2s29XaaGpB1xBrj+JuyqKjp6WEeJQ1Lg4diVfUVXTV0LZ6aohmY8Za6N4cCPYjlG078JO0FrHZm21t0oY2ioiOB+Ju6mUXVXhnE05b+auSxpGHNB+4UOfp+3Vb/EdC1pPOAqwC4JljRdR+JgiUOae+VdUt0p6gAasErAVHTNXA4y0E5AHZAbW3S2ODZ43ux3AS2siJUbj1VkwOEXY75Xm9B1W7xA7x9J4IcVqqDqKCcNbI4AnuCq2mazTtdF7qz3XQTlRm1kLuH5Tg/O4PKszyg0Sgdtyu5Hqg6sd10E6sKgMMKkuDhdUKGJJJKEHpJJKEYkkklBbEnpieoUJJJJQg5JJJGQS6BlcXQcdkLFWHEkklQAkkklBo9dZ9QXElCpdBxwupiShmY9JJJQgkkklCCSSSUIJJJJQgkkklCDsBLAXUlCA8BLAXUlCCST0lCDEk9cyFCAk9JMUIJJJJQg9MST1AW8AhuieGRg4TUZGUN0N9EsMXTwuqAyltG4b25TsHGEhyjADCtLItzz0Ba0g5RABhdwElaRYk7ATU9UymJJJJUCJcwF1JQhzGUsYXUlCCSSSUIJJJJQgkxPTE0I5p90tPuupIwRJJ661QpMWhvoupJKFiXCcrp4TVAZPA7bsF3A7LicBhQBZZ1Ac1ruQjoShaG+HGdiwFcNDAeAQfYp6ITgZUIyI+gDNxUSb+64G1EflBD2+/KlmXPZdcoXlogF9QD/c7fdcMjWD+aC0lTlzTGc5AUBU2yC2anJA1EfkiiJrtwVIdRU53LAED+GxP+mZ7cf0lVyFuOeE48DhLwpGjzN2Sdbqof3FXx/UUJzbtTjUHtkHcKFpjyD6cLmqPiQAfdDNVMN5aGQf8oXfmKWT+8YR7HYhWGmd8Gmd/woz/AOEKLNY6CZ2vRpzyBwp7PkXjLG/unCLXwcD7qF5RTu6aoyf5ZLSo8vTb2n+XOPzWg8Jw7FIjG6omUZOS2V8LyxrCR6juufLXJn/DefzWu1kDAaE3TzkKETMrHcqulePra4cg5U2HqOo7lXBpopNnMac+yjTWmkfxG0fkrKbHRX+N7BrIz91OgudPKNnblU8ljgP07FAFmqG5LXn2UKNKalpGW4OU0HKzhprnGcMy4I0NXXQnD4yce+FXYCRoCc7ZXCA7lU8V6y3zwuUiO6wPxvg+hQ5I1+ia+JvLRg+yAXPHcp0dUyTAHdFIa4ZAU/wVkAJJOJE7Uxw2cn+GPRM8DG/CLBYgSe6aW4XTHKN2NymB83eJRNop4OuZqBHKp66x22eLRLSRue4klzh6q48Vn4stPphCl8N/4sfktFdrXQcZuHRhLj8PaOo1eDOY9XYcBYy7/D2cP0eR4adiW5Xs8sDh6EdioM1I2QYeAQtlOssg+zVXrbInzld+hPl5zKIHxSA5a+I439UO3dRdbdL5LJxWQx7NZKTuPQr36rsNNKSQ0E+hCoLp0nS1DHMfTN/RdGryc12dGnXuXEzJWj4r9P13h093YbfVu2Id9BPsVr6WrpqqMS0s7JWO3Ba7Kxd1+HjHuc+GPYD6SFlZLV1F07P41rqZGhpz4ZJI/RdejXQsXLNsboz6Z7MARuRhV1zsVqusTo66ijfnvpGVhLT8Va2le2nvtJqA2LgFt7T1VYL40fJ1rA8/gccFb67EuUO7MPefhX4Oqq6brXwSDcRud5Ss5He+ounJfA6htcnhA48VoyF7Y9hxkb+4VdWW+nrWGGrgZKx2xDhlb67wGYWhvNoujA6CoZqP4ScFSXUvdvHYhMvnwktlQTV2SaSknG4DXYblZKabrfpGYsuMBrKVvBAycLbXbl8ims9mpfG5uxCBPSwVLDHNGHA7bhQ7V1rZ7riOR3gy92v2IKuTFHM3VE4EHuFtjLjgRdUpdowF/wCgYagma2tY3GTowvP7jZam3zFlTGWemQvdZIJY3ZG4UKut1DcWGOsp2Oz3IXU02ulBKLPM+Q8DTqPwWDwt0R28v7rvjzQkaXbLc33oGqhc+e3ObJHzp7hYyppXxPMMzSxwOMHYrt6fURs6PAeR8NfppYkuB8dVTvx8y3J7KNUUUUrjKOOya6nLSHY5TjPJCBg7BdSu+Uejw/kfDRmnJIjSUrmHZpwFU3fp6C4gua0Nfj9Voo6uGXbGSnima/da4WKXZ427x9tHo8muFkudmk8WHU5vOyn2fqeeHBfKc9xncL0eejilYY5Y2uaexGVjr30TBJqmov5cm522Ry46MmE+LEXtr6rinaGyOB9+60DZI6hgfGQQd8rxPNxstRpqAWtzgOWksvVczcaZRzxnZWrmjPbpXL7oHoUsfcBCEhB3CHRXSKuY3cNcRnnlPlYtCsyjK63F4Y9tUB6Ihm1jICrJnFjk+Gokadio2mA44JjpNeW4WP6x6OiuMD54GAuIzgdlrI36vMeV0uDm4PHos10UwqrZUyUos+cq2iqbVUmnqGkYOxxymioLQBheu9adJ010p3TQRASbnbsvIa+jqLbMaedp2OASubbVk9n4zysp1rAeKY8onigKAycYGQn+Lp91hnBpnrdPfGcUyWTq5KRjY4YIygtdnBRQRjcpbNeVIBNRjSXRN47KG6F7BlzVcNla0gYyuTaZgNklpZBdWShdqzxjCc2oqI3BzHkH7qykoAfNp/dRJqJ7fpCgLjOv8R8d2kaNMgBKmsrIZWA691RS07w7jC45zogMAok8FR1U63iZelwO+UBz/ZVkNweCA84ClNqmPGWuyrHfyo2HXv8AQIDyT3RnEFBez2VNElPcgBGo5yodWwgKeGY7qNO4OPCTIzSb9lW4vikCtqOo2GVWVbcEbcLtJUlrhkLNOP6D017hNI0sE5yPRXdBVDAGyzMEmWBWNHIWuwXLLZD2ep0eo2vJfB+ioEoOQr6gqxJvkLNRnUPf7qXb6nw3CJx7rLOJ6TS6nLX6NlC7YKZE/ICraaZsjAB6KVBIGE57oDuQmPqnBlTG/TzyVEvTMMZVMbnGx+ymVLRNHkfU3cIE3+9W8sYMuj+pUHLlYI1JMNDHNPKsANcYGcKipXljXMztnb2VnR1HiDQTnHCgNU+drI1Y0tkwduykU8gMIb6LlziMkXiDlqi0r8EDPKhUpfdgi3BgbISB2Q7XO9lVjtyplwaA/ONiFVB5jka5uxBRRWRE3iWDS1pE3nA7KlnGH6j2Vsx/i04J5IVPcHFsZ25KbHgTqOI7gNxjNVSua3kBYWsY6ObSdiFvicwkeyxN7iLak57ldCpvg8n5urdFTQyAk4ycqcwbA5VVSyngnhWMT9hlej0zzBHyryUdt2RlS3zl+MBTqB2acAqNVDVBsN1yjl0kMW2MsHPnmRKqCQ8YCdHISNwmzYwCQmMkxsByrbFrgfL2wMqsuAwA4DO6tHHPZQqpusbhA1lDK5ZZEtkp8bQeMKymO2/ZUrXmGoa4HurbxMDPKyyWOjuUTzFJlZVtxMThOgcccrlc4anSBMhcNsqkSxhKwZaFW5w133VpM3U1Vb/xfdWLfBHPK4unlcULEhPA0lGwUJ/0lJtIuyFPsThAA3CPUclAWKfZqiuA8XKlxcFQo/qVjCRgJkBNvY/BXEXYgbLhA9VowZ8AUsFdxh2F3uUpvAIlaWFodUHKq1obFAxkHiafMTys+oltrZv0cW7UW43wtPQDFGxZ2jY2SeNjuCVpwGRxBo2A7LjWPCwew0fD3A3ndCB2JTZM6xuujAbucKVLI6+eOSLVy5On1WltMTYqFmkYyMlZmlikrbk1sYy1pwfRa/AjaGacAL1mgr21pnyfz+p+fUtZzgWNs5XpPQNuMVP80W47LzyCEyPa0DJXr1piNtsbA7AcWg/supnajyGtt+3Yg1ITNVyPA2Y4hWTdlDtsYZT6sbuOSfVTGgpLWWckODjsqTrG5ut9oc2I/wA2fMbfbPdXTRsSeFhbrLP1D1lFQxuzS292qYDgEDKi4G1vY9xoukLZ8jaohIB4hGpx9SVoW7FR4IQANOzeyktbuOyYBbPMsojXurNPQ6Yx55ToHspNkoBRUTWjhx1fmq5kbrpefD5gpv0JWk0gANbsAMAKhRxvdMmdjCIBhMaDJJsMqFhaNmX5xyp7gAFFiIY04Cc6Yu2wrwANdscZXElwkHuiIdG5xlU/Vd7penLHVXWrPkhbnHqfRWmrR5tXC8M+NnUtRf73TdEW2fPMtWAcjO3/AKocmjT0fPLBUdCsmvF3rus7hGXTVL3eGSfpz6KP8YOsRaLMKCjnDaioHnaDg6T6HstVSRUtgsw14ZFTx6nn7BfNvxD6ld1H1DJLnLIiWt32Gf8A5izWnp/G6V67U7sfav8A90Ztx1OLiOVxIbpLOuD2UYqK4EiRAEjKCOVJhBDd1Cxs22AEFpyU+cgu2XGg5UIHjAxnCaiM+kIahTOY3ymp6GeFnsRR0EZRmHAUU55RQRhXCWCSe0lMx3CFUx57JzOcI7wMA4z+aKXRcYlNI3Q7CARlTKuMiUuxjKi4KTJD1wDSSdhvKSQxqEkkkqINSSSUDEkkkoQSSSa/6SoQHkJuSmknKcoQbrd6pA47LiSALAVJJJCCJJJcJx2UIdSSSUINSSSUIJJJJQgkkklCDEkklAxJJJKEEkkkoQSSSShBZykkkoQ6DhSaZ2H/AHUVGieGHJUIuy0nH8rWBv6KGfXCmDzQB2NiFHez0TFHPYVy3PcASSPKSIUOQnNbpOyKmOGRgKiEY8ri6QcpDlQg5JOHCShBYCWAkkoQcQEItIJOEZcwEJCVa5XsrIyx2DqXpELtTWnPYLzWikEVTG93AK9DojqjYfUKjseLnxtJ8akjhR2jDgpDdwozvRQUE5RAThCHKIOFEMCtRmcqPkI8bgTyoNi8BhwjII4RlYztDEyUbZT0KVw2wrXYAIuOohM/ECu5y7KaeQtHoDODznrof++v/As8tD1yc3rP+ALPIGeD1j3Xzf8AcSWeySSozCSyUl0cqEF5ilgp4Awu6QoRjoGF7w31IC9gs1HFSW6njY3bQD+a8/6MtQuNz1yDMcPnd/0XpkbQCAOOwW/TR5ycDyWo52ILoCK1oDshcZ9IRF0kjhSY7YgbIjIznJTW7FHjy7YbIypSwdDMNIapNPCI2Akb8pjWDG4R2o4oz2P9DklzIXUwSJJJJQgkkklBw5SadpHKjt+oKTG4Y2CgL/RLc8DAJCE+bA2wgSvyQAnxwl3flE3gdptDdqp4rjk6J3k4wutD3dlLgotWHEKVFShv4RsluzB7LRfRs7cO32QG0r3coraQ44Vk2JoOwRWsbhV8qPW6L6P02me6ayVTaMgjAH6orojHgnhGr6yChi1PwSeAsJfOtqiYupKXAA2cUqU8s6N+l0+nh0aC6X+jomva06i33WOuvUdTMcAYB7ZVJV1s5yXSElVVTWvDcOOUccvs8/qbkkT6quMjtTnZKrai4Fm7Tuob6t7iVGc4k8psTh33OT4Dy188hxqwEF8xyM7rjWk5TfBOfumxM7k/Y/xsjjlJpJRYKN0rgANzwrWlscryC7YI3LAOJS4SKkNLiABuVZUFpneQ5zfKrumtlLABqaCVI8RsQAaEO8dXS1zIj09uhiaNgCjkhoQ558kEDCF4hfsFbWQ2lEI6UbgnKAXb8LvgvJyiiDblWCAwU8AjhPDN+E7A0o8gATkrjc+qcQAeVzLR3TRbwhb+i4G44K6XNAzhBNRg/SqEvGeA2ATuitewDcqJ45IzhDy8nGVTwy8pInGSDG8pQjUQDh2UEU7nb4ThSZG6iBbb6Q11S0nZq4XeLjBwpEVNA3++K7I6hjb5dyoLksgREDjblOFO38QQ3VTWnyoMtY9+zuFYkl+DA3cY/VLVRg4A3UASvceU4Z9FZCdrYeOEhp9VEDnYwl4crvp4VAtZJOuIfW/CXj0o5OcKP4TvxBc8DB3KmSg7qmPiMZQzVTAc/suCMBE8FvqqIA+Ymcd01z5Xc5UpsTR2yu6G+ismSKC/ullylaGf0paG+imCZIvmXNLvRS9DP6UjEMbBVkrciJgpYKKW5OwXNHsryHkahKT4fthM8EeiXjAZ6gCcojCANkJMaT3K/MTSP2OmTPFLSO6kR1HAIVeH4Iz2Ty8Y2PCW0hqbJr2NkwWhNMckW7HaUCOoewjBUjxdYGUGBnXImTyE4ecqQyTWNgo2kHJaU0PfGctKhaswTSMpOaFHjqT+II7ZmuVYyhsZ5GkA8oToRzhSE3RnslyhljkyPE6oopRNSSOicO7ThbLp/wCJdZby2G7Rumj41DkLKbM+obJo8B30u3SZVJ9Bxm0e42jqG13uMPoahrjjdmdwrEnHIXz9C6roH/NW+ofE8c6HYWrs3xNuFDoiu8Xix8axz+ayzo2mmFp6uuOVVZOpLPfWZt1U1z8ZcwncK2GQd1ncGNyhul2M52XWvcTgp4cD2S07ZwlpYLOtcdlKY4AcqEThPyUSlgFrIrjabddojDW0rJAe5G4/NYy5/Diqt7nVVlqC5p30E7hbmN2CpDZCQpKeCsM8nZWV9vf4VfTuYRtkjYq1p545MFwyCt3W2m2XSLwa+HW322wsnc+gLhT6p7BWa4xv4Mh3U3DU8A3Q0UrRoHm+6GbfOzLg3ylU0lTcLXIWXOilgcDjVjyn81LpOoHOxpkD2+gKhZLLHxEFzTsplNUudjwJsEdsocNbTVIw4gH3TjSMb5oSAfVScMhFnT3OsgwJMkeqt6S8U04DXu0P9HLJGSrjOHbhTIHUswAmcWOScIvJs2uBGRuCngE8LLwVlxojqilE8P8ASeQryhu9PMAHgscex2V54AJj2AjD2gj33VRcOkbXdCXCMQyH8TBhXQe2Tdqe3PqhUmiHntd0jfbY4vpW+PEONJ3VWy8VFFJ4VY58BHZ+V64HHBwoFdarVdmGO42yCbPctGQmwsKZhW1lHcovDniilDhzgFZ+9fD2y3QGSEeC492t7rY13wxpoi6exXKSlfnIif5mn29lnamn6usUumqo/moh+KMJiuRTimed3P4bXi3MdNQTNlx+AZWXqGXSgkxX0kjAO5avb6PqShqz4c7TDINiH7I9VZrVdIyJI45A/wCycrExEoHj1q6uudsw+3XGWMt4AecD8lv+n/j7cqV7KW90kdVGdvJsfvlQr38IKOoDqi0SmGTnGdisLdOjOpbQ9w+XLwzk42IUxuAeYn0VaPif0heGkCr8CQ8skOCCtLGGTsEsL2uY4ag4HYgr43MlRDnxmGNw5Kv7F8ROpbEwMt90kc4H6XnU0fklzrIpL+o+qXRkDJGyCY24XkfTf9oIhrafqKhyBsXRt2+69MsfX/R1/wANo7nEHEZ0OOCPZA4ZGqa9El9MHE4UWSj9dleOpGyDxaZ7XtPoUF0WNi3dBtZakUEtJjfQoclMDz2K0To2uyCEGWhp3fh590GA4yyZapt8E4IewKkrel6GfUfC0k+gW5ltzP8AhqFUUE44j29VMBZPPX2W7Wr+ZbqmTy8AlGg666mtZa24Unixt2OG+Y/ZbF9C9zcluAFX1Ntgn2kYD+SNFqQrZ8SrDWxA1PiUzhsRIMbrS0dyornEJKSUPHfHZYC59IU1S0uja3V9lQ1HTlxtz2VdHNJHKzYFjv2UCyj2MUzSM6diuPpARjjPcLyej636ttRaJR47e4etFQfF21FzYLvRS00h/o84/wBFTBcsGufbZW+eGck/0v4QJKWpjbqewEeyVu6v6cubwykucb9XA3ac+4KuyxrsY78e6Aoo2RCXLS1uU3+FTYyBkdlcSW4TOBZHkn02QTT3CmdiPOPRwyh2h5RVfIzt20bBAngyRqCuhdZKchlZRuLfWJuSnivsdVs8OYf8YwpgB4MrV2ikqtzAzP2Wfr+hKKaN3gtDXE5wNgvTRa6eZhfTSxkffdRpun6jGdQ/RU1km3B5NDZupOnZDLZbtV05bxpctFZvjd17Zp2w3uFlzjGxIYGPI9yBuVrJbPOPqIKq6jp2GocXfLN1d9kvaRwi+zU2b48dJ3HS26QzWt5wCZt25+63lsv9lu0TZLfcoZi8ZAa8bheBXToVksZfHGAfQBUM/R9xt7RUW97oZRwWJc68iZVpvg+r2yHBGEwQsl2c0H7r5ktfXvxO6fma2KsNVGwYLahmvI9jlbO0/wBoWaB7Yuo+ntAA80tM7G/2I/1QShjoXKvHR63UdNW6qkMhiDD307KoqOm7pRPMlBUF7Bw0lVlo+N3Ql0IBuPyxdtpnGk/otpQ3m13KIS0Vwgma7jw5A4/sg2sTKuS7Rn4Ltebc4CqhfhvtlXlD1lDIQ1+G9sZU4wsl5AI9xlQ5unbdUPMhhaxx50hBhiJV5NBR3alqx/LlaT6ZUzxmuOyxj+nzB/NoKl8cg90CKsvtFMdZdJjseCglyJdKfR6AyUHdE1LK0XVELsMqmOjcOVb0t1oqjHhVLSfTOFMZ6M86XEtMj1SyPVBDs75XQ7flUJ2scku6l3V7KFYOpJJKACSSSUAHpJiShB6SSShByaknKANZEkkkoQSSSShBLo5XElCNZDtIIXUBpwUYEYUESjg6klkJZCgAkkklCD0kklCCSSSUIJJJJQgkkklCCST0lCDEk9JQg3BTMlG8qGoQYknpKEEknpKAt4GJJJKFD0kkkZBo5Tk0cpygiYhyiAjCGlkqLgBcBUshMLtPblMBJV5Ghsj1SQASSjAjCtMgRJDyEshVgHBIJGDuEA8pavdMU6LHpLmQlkKyzqS5kJEjCmSHUkP8SeCMKZIdSXMhLIRkOp4OExPwUWQcHdPuupHV/SR+SbkqZRNo5JOyfRLf0UyiYZ1cIz3SyRyFzWFMoXsZ0DC6m6wlqypkraxySbrCRIPJAUbSJtZ3ISyFwb8JYKW7MAnF0DJwkkBnug+Qg/w9soQY/VtsitXcDOUaYDeCPKKxrcx6Hf8AMEI1FW3+8pwR/hGFYAY2CaGnnKtywXnCIXzgZjxGEZRYquD+oZKlujY7loP5IUlupZR5mYPqFWclOY0VDeW4IKaY4pRvG39Ex9nhJJE0g/NAFvrI/wC6qQQP6uUzouEgnyVOdywtPtsuG2RbGKomb/4lwOucO3hsePtlL5yWP+9pJR9hspkZuOCkroz/ACasEejyuO/iMe/gsk9V3+IsBGphGUYV0DwMOx+asm4ifNyB2JaR7T7DZGbV07jpewj1ypLJWvyBuuup4JBhzAqL3MEG08gHgu3XTS47pptsLzkPe3/lK58rLFjw6k/Z5UILwtJ3bhEDHY4QxJXMP0McO5IRRUtbjxW4z6KFN4OaHeiG6lbIRqARRU0x/HuUi9p4KsjBGjjAGY2/oo77RTvcXta1pKsiCcYC5kqkDvwVgtUrT5JwPyUeSC6xu0scCBwVd5K54blZfylHHdqiHyTU7iR7KZHd6R7Q4u0nuCrD5aJ/943Kiy2eje4uLMZVZLVmQ0NRBKzyPG/unsaCcqrksWkk087mj0yow/jFI/wx52jgqy3FPlF3LTxv5bglRJaRuOFGZeHtbioifqbzspsNdS1DBpeGn0JUAf28ER1LLjyP/IqPLSVIGSdQ9lcNi1Z0jKE6B8eS4EAooz29gqeChkD2YywoWph5x+au3AavMwZx3Uaot9NOcluD7JqsHK4qXtgfthn6Krq7DSSPMjoWHPOyuKq0Oi3piSVDaytjdplBWivUbehsLpQ6Zjbx8P6Kva91OxjHnfdvK8+vXQlwt0plpmvhe3cPj4P6L3MPbvnb80Extk5AI9xldCnyE4G2vWzXZ4TQdZ9R2R4ppakTMZt5xuQtrZevbXcw2OrHgS9/RaO8dEdP3bUZ6QRyH8UYwsFf/hZcKDVUWuQzs5DfxLtabyMZcSZ0KtVGX5G/gnpKoA0lUyTO+NSU1NT1DDFVQNkadiCMrxaG63rpyYNqaaqp9J+pwOFuOn/iLBWgQ13hbDZzeV2KNVGf4sclGzmJE6o+FNouxdU23/dZ+QW7ZKw8rOr+h5S2eJ9VTjbPOy9up6+nrIxJTvDgew7IdTTU9WwxVMbJGnYhzcrfHUY7KfWDy60dd2m6YiqP5MvBDtt1eOhhqG+JC5rge4KZ1H8KbZcNVRbT4E3O2yxFTB1Z0dNpkZJNC3vzstdepj6EOBsXwvhODuCqe9dL228sPiwsZJ2e0YOUrV1pbrkBDV/ypeN1dsLJWh8Tw9p9CttOqnW/tM2o08NRDZNcHkl86QudsOpsYmjHBaN1nn0viYBOD3XutRCHjS4exysld+i6OpLpqT+VIcnld3S+SysWHivJ/TiabqPMH0xgOWhdjqnZDSOFdXC1VVA8sqoTp4DsbKqmpSSXNAI9l2qdVGX4s+b+R8POt7ZokRASjPquvp2ZBLN1A1TxHLHYwiMryMCZwJWuNx5PXeKxzEiXmxUNxYWzQt+4C89vnQ9XbXGptz3ObzgHhep+I2Xjj1QqinDm7HCcnvOBZXOl4R5DauoK2kf4T5cOacEFb6zdR/NNa2ZzXfdRL/0XSXEGQRCKTs+MYP5rBzxXXp+qMTi8sadj7JrbiZ/gV3vk9jBp525BBPZBMYb22WJ6c6pjlkETn6XjsTythFXQzNyDgn1RKeTDKmcZOMkP8UxnGEVsmobFRHv1uOEmyFpCt8iWsEuRocFjusOkae508k8EYEjQScLWtnBG648ahseUmytSHae+WnluifOdVTTUc7oZBjScLjHAncr0/rbo+Ooa6to4hr5c0Lyyqp5aaQxyggtXOtpeT2njvIqxLBMa9uB5kXVtsVUiVwdjKkNnBaNyslleD0derjMl+KdSMJMjdQjIe6QlI4WdrBrjPJYtmBO+E/EbhwFXNlye6eJhjlUPysBpaRkv0qBVW+Vo2AIU1svrlE8XWMEYUBcYz7M7LTSDgITHPgyXNJC0M9OHYIxuFAkoy4HIUMtlLXMSALiGndjv1UllZBK3Z2CeyjVFGW5wFBDHQuyBugcmJ32QeGXBcHDIOyjO/q91GZWDZsjlIZKxwGCqxkjmprgh1TMvyBthRIjperKUDTlVsg0uSZICT2PJbUsxAAVnA/BBCztNPhwBVxA/LQcrJN5O9otSrIrHZfU1QdgSN1MDi1+sd1SU0uHNCuInBzAVlnE9HpbvtNHaK90hERHZXAcchY6jrH0soe38wtZTTipiDx3ST0el1G6OGTI3nAXaSQR1L2EeV+yjsOCjDGxwhbwb4y3oq54XU9dJGNmOy4LlNN4UwcTsdlJuHmna72wq2o2IIPCoXnay8m88JA3yFWxExPwexUykk10zdR7KJVs0vBG26sk5buQ1SRLBqI3BVNNH5wM8K2jkBjLSFW1ez+EQux55LSgmzEGn0UW57RZ09/VCt82JmtJUy4sD4CQO6YhNv3QZWU7i/AIWb6kia0vdoOQchaKMhrx91XX6n1skcBnK3VnD8hX8lDiY6nfhw35KtYXcYOVSjLX891Z0jwCN+y9BpJbo4PlHlKWnuJ7vMzGFHhOicFSmnI4UB5Lalx7LejjR5Ldzg5uQorfqRIDqjxlR5CRIW+iJrIprkmAjHKBKBldbnSPMU2XdDLouOYvJTT5FV7KwaR4Q3HChVwIc0j8ynQy+UDKzt8nUpn9qYyqzwhwEh3KfOc7ocJw7JVDW95Nd/dn7Kpn+s/dWriDGceiqqj6yqZUlkC5JqTlxhzlV6B9hMBQ5ttQU0cqFUj+a70S7RsOyJMgDko8oQByVis7NcAzPqUynJ22UOP6lYQBoATICLew4+lMJPCJ2QzytDM7GDlOHJTRynJEwTrQSQAtXb4vDpG47rN0Tdc7W4WniyxgbjhZdS8x2nX0EcS3FpbInSVLdP4d1fynDR7KpsrHB/iEbOCn1coBDQuRYsywep06205Y12CRuEGpl8MZG6aSSc5UavfiMMzz3WrS1tySZi12oVNLky26ThL5JqjsHFaLPiPy3ZQbHTsp7S1zG4LxuVPpI8k5/Vew08FCCifH9VdKy+U37LnpykM9zh2yAQSvTrnlsMcAG7wMBYzoWiMte6XTswZW1qC2e5QNbv4WM/daLP0cDVvNhMpY/CgYwjBA3UhgxuQm/iRWY5wlMyL9kW7XCG22ueplONI29ys90Fb3tgqLnUA+LWyeI4nvzj/NN65qfnpqXp6Ekvme2RwH9OVpaGlbR0sdOwYDGgKDM5r/yT+RtshVcjoaWSRp82MD7ogBUR7hWXGKlB/lxnLvcohLlkn2GjNNSeJJ/eS+YlWa4GhoDWjYbBLIUKGlEpm4JJCY0ZKlRgAcKAt4GJiemKRlkoSaTkYyuuOAVE1OB1A7+qkpYLXZWdWdQU3TdkqbpVuBZC0nGcEkdl4R0HQzXW41fVFwBdPVvJ1HsD6K4+Od/feL7R9D2mZxc5wkqtJyCT/8AMKuLZR0tmtTBNiOOJo1uS3LB16YuirPuX/oYr4ydTMs9ndbaeYa6huducL5zJLnFzjkuOSfdav4i9RSdQdQzSiQmGIljRnZZQ7FZpyye68RpVpNOotfc+WFZ3TsgclNj7pPaXOGEB0x8TclGmIYA0BKEaGlx7IMr9ZyqbFSlgbkucpELcDJCFG0kgYUrGluMKwQThg4C4k4gu2SUCEuJ6R4QYLwBI7pgJDuUVwJyhHYpQLJUTtwpgbqYq2M4KsaSQYGUUpYH1kapgzvp/dV8jA1aKWFj24A5VHWQkSEDhBKWRjWCul3Oy41EcPUrmn3WaxZLGpJJKghqSSSgYkkklCCTX/SU5Nf9JUIBPKSR5SUIJJJJQg5JJJCQGOU47JyHq9kLWS+xySSSooSSSShBJIKSrJBJJJISD0kkkYYxPSTFXRB6SSSsgl3T7pNTlaRBiS65cVEEnAkN2TV0/Qrj2QuYfNQ5zwhuILcZXaL/ALGQfRB7crRHouUuEMPK4unlcVC2xJHhJJQrIBzRqOyYpCCgLEkkkoQSSSShBJJJKECsODn3Xolpfrp4Sf6QvO2cr0CxkGmZj+kIDpeLf+oWuckKRjICjDlSRwrPSoIOUcEY5QEgd9yhTwEmGyUWBx1DdAHCLGQNyrGE4EYSyPVC1e67k+qiYYQoBJJ3RCQox5P3Tooghyunc/ZcHKcDh2U19C7ODzXrM5u5z/SqFXPWMoffpgOGjCpktngtRn5ZZ/YkkklQgSSSShAjU8BxIY0ZJ4TWbZWm6OsklfWCqfGDGw4yUyuG5ib7o0wcpGx6TsjbVamOeMyz+dx9jwFctbk8o2gNAY3YNGAk0ehXVoqweSut+WbkPiHlRWj1SjbnARo4yTwtaWDLN4E2MvOw5UiOPTuUSJrWj7Lhy4jG2FYhvJxrcHKJjbCQCejAbGAk90RN0+6cjCEuZC7jYoWoN3JUIESyFHfKcgAKVSUNVK4ZbhSXBt02hu1cttSHNLpDhrcqbS0U8hy6PYqXQWmUYLmE4V1DAYgAUp2HuPF/R7lieoWStjtkQwXM3UyOkhA2YAj+FuEVrRjhBKw+haHw9GljiMEiOIA0jDcJ/ghuEUt90GeQM5IH5pUp5OmqoVLJyRoa3JIWevHUEdCCWPzjjHdReoOoCR8tTZ1dyCsyaepqT4k5dv6lBkxanWOScKyLdbvXXSTxC8sGeMqpkGnJPPf3VxM2OBpGkcKirpAcgJkezzuuvjVDdPsr6yqOSAqySQuOcKZNE57/AFXI6EnnZaorg8hfbO2TbIQaSiMpzJjAVpDbmu3LVYQ0kUQBa0I0Z/ilJ5ZTQWxzjgsO/urKmsgBBLPzU5pazGIwitc54G2AmIKNaXY2GipqdvmaER1REG6YxnCC4knJJXQAFBsV6GPlc47JmHE4OykRtHdELATsExQC2ewDYS8bhPEEcWC0IrGEbIvhnAOOVOgXj2R3MAwAFxrHDvsilzW8lAkqXNwGtRKKYMnFIf4bR9RwUCV4bjByhSzvdug4e84JUM0pro6+ffAQXOkPZFZTHk7o7IdI+nhMFuDZFGt22EZkB59UXVC0ebZCdVPBxGMKuEA4qHLCeAAPMMAppNLCdRkBPoFGeayYbHIKH8tMMlzf3RRSYLm16JTq6IZDEB9dO/IBwgaQOdl0DvlEBKUvYnT1DuXJnmJ9SjANGxT9cQxpjG3uqygXyB8GWT6Antp8nDtkX/eSB4LMApjaSrkP8wgIQZLA/wAGEDykBISMaBgApwpMY1u/dd02+LGp/wB1TaQOAfi77MCcJnj8Gyeaq1NGC85Cjm5Urfpzge6X8hMMMXF5GxTix2BgKH/GYW5ETSDhMF0qDwOfdB8i9lYfonCCc/h2RBETtkKqN1qcYCH83Unl539lPkJhl34Od9v1SEPuFSCeoP8AxV0zVA/4qF24BVRdeD7hLSP/AJSqXx6j/vSufN1A/Gq+YnxF7pb/AFJaM8HKoW1tRn+8KOysqMA6/wBlfyE2MszGCclLQAoArJsbvH6Jwqps7u/ZMVqJsZJOQeFwNx3TfmRjcJeO1E5prgPDPTFx/wBJQIq6OU4dJlSSBgFfmQ/YqkC82r2RAThcyOUgSeAgGnQcHIR9RQE8uBGEAbaJDX5RC4AZUNhOc5OyLk+qprJM4ESewXWSvYR/mu5aukNI9FQ3OCQyqZsHnBUqJzXDU05VPK0jgZTY6mdrvKeFMZD+Qunxg8BCNIc5aN1HpbgCAJipsdWxwB7FU1gOMskV4qIjnBAXQ8PGJWgj3Cnv0yAAjdQ5aRwILe6CdakOiwUDZKSX5igqH08g7sdhbGyfEy40OiC7M+YjG2sfUse4GMjbKTy14BxhZp0YHRsz2e42bqW0XpgdTVLQ8/gccFXIBAzg49V85tNRDIJaWZ8Tm92nC2Fi+Jt7tbm092aKqAbB2N1lnRgNWHren3SDc91VWPqi03+PVRTAPAy5juQrbON8LP8AGxm4JowMrgl3xhcEnbCRaCgcSb+cEgeYDB3Kc18sP94CGqI0ubw4o0VdJGfO0PHoVW0tPISqit1yjMNVFHM08h4WQu3w4oJdU9llfTSncNLvKVsGCinOoAMceRwnmnkj3jdqb6FVuxyGeN19o6lsry2tpfEYPxw+b812i6inhwySQnTyHL2Pw2Sf3kYOOzgqS8dD9P3lrnPpxTzH8TBhGrN3BblgydH1LSyaWyt5VoxtHVjXBI3J7ZVDdPhreLcw1FtqG1DOze+FnRU3a1y6KiOWJzTg6gQokmTdg9EZT1EezJtvupUE72kNkjBI7rG0XWLo2ATs1q/t9+oK8ACTDu7SpKOCOW400F0kbjBwrOmrYpdg4Z7rMxSwuIERye+6kMceRsltBGrjfqOzc/mjANcMY4WdorpNT+Vx1tPr2VzS3GCcYJ0u7gqmC1kKWEe+UtIds8Aj33RRPEO+UtUbyAEtvkoorv0ZYLwCamjEb3cuj8pWXrvhlcaRni2G7OfpO0Mw7ffO69KMeBnCa5hRRslHoGSyeRS1nV1odputoL6dmxkjaUYX+1Vsempw3Oxa8bhessa7vvkd1R3Lo2w3VjhUUDWSnPnjGMrVC9Y5FmCq+mLDfKMRCKGRp4wBssPdfg3MyZzrXLsdwO4XqL/hvU0UhfZ7i9g7NcdlSVT+qrJUk1FM+aMfibwiVqbFyW5niV76SvNnkc2emeWt7gKkFQY3aHhzCO6+k6e8Wi7sNPdKVurvqbuo1w+H/RN8gMZpGsLtw5uAVakkC4M8h6b+I3UljIjprm8xN4YXHZeodP8Ax+piG01+twLiNpWP3P3GFnLv8B3/AF2C4ZcckRvGMfY91gL70R1ZYJXNrbVNpZ+MbhVwyKTj2fUVp616QvzWOo66MSP/AAOIByrp1IHbx5IIyF8WRV9RB/LeXRkbEcLX2P4m9WWVrY7deZgxvEbzlqtxRfytH03LSyR5Lm4CBq9l5f0//aDkLWw9R2t0unZ0kIyPvhb60/EvoO/NDIrpDBI7hknlclYQfylg2lZKTkKLU2qI7xndXkVK2aPxqWVk0RGQWHKD8s5ysv5TMTWqZn0hV89LIwfzG7LbOhewEvbsocsUM2z2hTJatyYaa3U0x/mQj9FS3DpSlleZoomk+mF6S+20z99ACr6mz8mE7+imA9x5PXdITxjxackH0BUWml6ksj3uoqyWM7ZwTlenT26oDtJYdu6r57e0OJkhBP2S8EU0zNW74rdSWx4FdTtqg3jctI/RaOg+O9tcR/ErXVNxzoAdhV81mgkeXiNm/YhVVT0pTySFwjxn04UwHuPUrf8AFDoSvDXC4tj1c+MzSWnHGFc07Ojb24SU9wpJnvGdMTwV4LV9IMazXHGCQqs2GqZnQ1zT7OUwgcv0fSruh4dLpqCplBO4GvhBZYOsqUjwJo54fR43/VfPdJ1F11Ysfw291sYhHlHjHCu6L43/ABLoyDVVlPP/APTodX+qAGVjXZ7l8ncoW6rhQ6RwXMGR+af8lGW/SAT7LySm/tHdUxN0XCy26rYezWuYf8yrSk/tF2Rx/wDeXTdVTyjktc2QH9cf6ocE+XJvn0DX5GkEIZtDD/R+YWfofjv0BXPEVTLWUpP9dMCD/wCVaW29efD656W0vUVES7nXJp/zVOOAPlIsnT9PJs6OP/yqBVdCWyqGJKaP76Vu4G22oP8Aus8ExxnDJA7ZJ9CSfLgBVtyT5Tyqv+FFvmOYIWb9wFUyfCqtoSZLdcJaeQ92jP8Amvam0Tm8Fq58oe+D+SFxKdiPG4H/ABfsBDbb1G+VjOGSjW0/qrqg+LXxUtbm/wAZ6dp6+MfU6MlufyAXoU1BCXEuZg+yivt0A2xn8kpxQD2y7Kmj/tBWMyCK9Wattvq58YLR+eQtTafih0Dem5p+oaMP9JHBqoqiz0k7dLoWHPYtVHW9B2CscTPb25PJaMIHCL6KdcfR64IrfcYBJH4Usb92vZg/uhtstKz6A4fZeJu+GcVOc2a9XGgI3aYpSMKfH/7VLM/xqHqv+JOxjw6qEAAe2Co6lgTOv9HtFPS17R4cVc7T2Dt8KVHWV8B8KeIPxw4Lx+h+KnxItTW/xro5lXH3lpZNP/VaCi+P3TIkbDerXcaB/cvg1D9khw5Mc6ZrnB6THdBnE8LmD17KRHWU8rtLZBlZ6zfEDovqPENBeqN7yM+E94a/9Cr75SlmaDGAM8Oaq2szyi4+iU17X50kHCcopt5YA6GZ4cPflNMVcD/eD9UPQsmJKLmrYBrZqHqu/MgY1txlQm1ElJRhVw55KM2UOGRwVAWsD0lzIXcqZFj0kxJTJB6S5kLqgOBySakoUOSTUlCN4HJwcQMIaSgoNkpAnK4koAFB23KWR6oWSlk+qhAqehJ2QoQekmZCWQoQekmZCShB6SSSgIkkklCCSSSUIdyUzBTxynDThQgxMRchNUKyJJJJQESSSShB6SSSMgxd1ey4koAPSTdXslq9lAcDklwHPZdUIJLJSSUILJSyUklCCyUkklCCyUslJJQgslLJSSUIJLJXMhdUILJSyUkkXZWUgg7qqv1Zf6eIOsVujq5O7XSaf9VaA4XRgd1UuCzDOvnxO3LelohgceMT/qg/7S/FEbDpGmP/ANsOf816FkJpbxuhWWFuR51J1V8VWbjobX/yTtUd3XHxOid/P6Alx7VDf9F6c1LT7opJom9Hmn/tC66a3zfDquJHcVA//hXW/E/qpkYMnw2up9SHZ/yavSdLTzj9Fzw4zyB+iDLL3I84/wDave2n+Z8Ob2PXDc/6Io+MIaMVHQ/UUZ7n5YED916H4LP6R+i6GgbBTLBk0zAM+M1jb/2uyXqD/mo3H/JSI/jX0U4/zHVkJ/8AotDIP3wtvp911rATh2CPcK8tgNL2ZGL4u9Bzb/xuOP8A+mMc3/RTqf4j9DVGNHU9Dk9vE3WiNLSyNOqlhP3YCoM3T9kqP7+zW+TP9dOCi2cA/wCn+gVP1T05V5+WvNM/7PU6O5W6QhorIiTuAHDKrJeh+kXkOl6btjj/APswCLF0f0tC3ENmhh74iy0IAZRT5RZtqIX/AEytOeMHKfkHuoUNnt1Of5DJG+2oqQxukgAnARC3/cPnO2F0bJN4XVBMm2OT0JORkHpYCYkiDHpHcYKSShMgTBGc+Ub+yA62QSHI2U1JDKW0mWQJLbnHhTFmn90E0tezeOXWrVJo9Cg3BFSJLnEcOi2+6J87pA8VmFZOaO4QjDG7lgRplbyMyugdtnH3Tz4b98ZBTX2+B/bH2QTZ3MGqCrlafQlHlEfIf5anfxFgrvy5ZgA4UPw7nTHy5eEmXKpYcVFLNj107Kw0iZrqY+PMO6eycYxJsVHZc4T+Eg+6K6eN4B2H2VFYyEaRqyDspAAwo4j2SIkbu12AFYGA6YhCV3cZRBMCOFWCjq45gc3HC6kqC3MiuomvOotChVNoaXF7WAfZW645odseFeS1LHZRtlqqI41ucz0O+FKguWtw8Qbe6nmlpzyOVGloGjeIYKvJG1IlA0s7NJa3dBloYwPIVDMdZTkOAy0dlIhrmkta7IPuoimsAXUxadgo00DZRpkbhXQMZHHKZ8pE/wCobq9zImzOTWiCVpcMg9lUVFFW07iWAaVtJKQMOGjlRX07sljmpyswPhLBjvEDP7zykJzZdQwBkLQ1Ftp5xpMYz9lXyWKSIF9O/Vj8JToXMbGzcZ28WO13WMx1lNG4HkkLzu/fCKFuqosMzoJDuBnZetmCPVpqYHbeiFJRNIIp5cj+ly26fWTrf2sfG+cemfPT5Ouui59VfTPkgb+JgWq6f+JlouOiGsf4E3B1HG69MmpZNR8SMn77rH9RfDTp2+F8xoY45ng6i0Y1H1OF2tP5P1YbK9Ul2W8FXDUM8SCRr2n0OUGphpq6Mw1NOyRp23C8yn6T636LmMtgqJaqlaf7l7s6R6BW9l+JlFI8UfUML6GoGxLm4BK7FWuh/SzQr4yA9RfC+jqS+qth8KTnA2WPZJ1F0tO5lRFI+JpxnnZe2008dVG2aFwdG8Za4HIIQK600VwjMdRA12e+F0a9U1+ReUzz61dR0V4b4ZLWTY44ypjot8gKH1F8N3QvNXanljxuNJwqGj6iuFukNFc2EuYcHUF0a9VDsz2Vb0X1XR01TGY54WvaRwRlYu79HsBdLbnFrudJOy3UNTDVxNmicCHD9EN8TRuWrqUaxwfBxdb4urULE1yePz001PIWVUOgjue6iy08R3AAK9Wulno69uJYW59QFhbz0rVUjjJSEvbzpXe02uhLtngfJfT065OUEZ/eLAaPyS8V/Dgm+M6F/h1MRYW7bormxzt/lObuuvTdnlHgvI+KSm8IHI7U0jKp663QVkb45owdXB9FaPiliPmBwgubqW6E1M8rrfH2UvdE86vHR0lK/wCYoSQeRpKFauoqylk+Wq3Z07eblehTRZ91m7v0xBXOM0QDX/oo445Ryt0nxMt6G4RVMbXBwJKl6g4ZCwEYuPT84dLqdCTg5WjoL7BUAaZR9iUSb9iZ1e4l1rIKKJtgNlDE+eyc1xIyiEyg12S5AydhY5uxXnnXPRzpWGuomDU3LnADkLetkA90pRHMwxvGWuGCEqyG4ZRdLTz3RPnOVpYSC3cdkxkhad9/zXo3WvRRjY6tt0Qw3LnNHJXnJiIcQ5pBXPtqzwew0OtV0d0ex7KrfBCM2UOx7qGYyDglMGR32WKyv9HWr1bi/uLPxGngpvijsVBEjuOU0SlKwzWtfBlkJcIjZ9PGFXNm7bp/zA91MDo6uL6LFtRvuMogcxw7D81WCducbovzA23KoYtTFhJ4Q7gdlWVFIQM4VmJht5cpSuZIBtjCrCLsasRnJ6dzTxwmR1D2nBGyuKmBruG9lWT0xbwEJilDY+AjZQ4chRahgdx/mmA6dspD1ylSawLlLIwZa8OBVtSTeIAO4VU92Eehl8KQFxyFllHJq0d3xTwX8LyC1W0EpAG6pYZQ/cBTqeXgFZbI/o9Zpp4LQPJIIWls1XqgxnhZmD6RndTLfVGnn3PlJwsx29Lc4yNYZdI1BSIn62Bw5UGKQPZ5dwUSCQtkDTwUqSyehrswFrG5j1Y3BVXWbNBVvM7VG5uFU1DcAgngqiXPjKH22pOHROP2U2ojEsZ9RuFSxO8GYP7BWzXa4sg5yEyCF1z3R2goHfzAw8EKNXN9PVFccScrtSA5gxucIinL7drINM4xzNd6K2lJmhwRyqSR+hx2V1SSNlpm/ZWuxa54KVznRzFhXK9vi0zsjchPrcMqXFdDmyMx7LdSc3UfdmB5/VgxyYxjdHoXkkFEvsHgz7DklQ6d+lwGV2dHJxZ8y8xVsbRexvGntuo1S3fOcZ7p1NktByu1rP5BK6ucnlFwSKGQGMtJCbL9YOFGonYO5UqcbDCMprk52C4N9sprO/2TAcEZKWyKOSPcI8wlw5CgUsurAOytKwaqdwVPC3Q4k7YSZ8Pk1VvEcEuckgdzhAj+oo53buoryA7dRrA7cTNRLCCVAnOSpTD5Ruo048uUL6BU2yKSDsF1o3C6ecpuoHulOTb4HRjkkgjSd1CqByUbJ9UGo4VWdBwIkgyD9lFH1D7lSn8H7KKPqH3Kxz7NcQ7OVOpzwoLOVMh4CZARZ2TgfLyo7juuknHKSdKRmbycAwupJZxultlE+zx6qoZC0ukDfCo7JES8S4wArtkmt4aByVzb5bpHf0McVpmhtgDKcEDslOcyEkolOPCpG5HbdRnu1nKyRWZ5PQz+yuKR1QiXVVxijDHOYXgHAUl0gYPuj9MME9we8t+knC6mihunweW+odVCuhwfs1kwbT08UUTQBjhSIIiyIYG7lHdmV7WNGd9ldU9OHOhpSPN3XpKuGfMLJ7eTb9B2+WnoZKuU4aQru3sDqmSQjY7gpUsbKKzNYwYHhj9UW3t/kB2NymT9HFulunkmafdODmtBLjgDlNaq7qOubQWaomBDZNOGknhLF/4KWxx/xzqqou+fEipQYWHHYLbDlUfSNrFstMbSzD5Rrcfcq7VBrg7LIGMyMBdtVII2mdzfM85H2UOcOrK2GjjPlaQ9/wD0V8GtaA1owAMIxLH9kMk5ROyY0EOJQp5KDRNB5T9WdkIHISO/BR5AHndcSXHcJZBsmMcqg6nvMFntU9bPUNiZE0ucXHsFbTyEEALw/wCO/VEjooOm6FwMtYQ5zfVueEE5bTRpafntUDPdBwTdSX2u6wr4yZKqUlhcc4b2RPjN1i2xWV9upng1Ew3AdjAPB/YrUdPW5lisbGMbjDQSvnX4idRP6i6innc/Uxji1v8A8v5JEp5PTaHTPWatSa+yPr/HSMuDr853J3XUkkB7F5XJ0d06LLzwmtRoo9Lcu2yoXJtD5nAR6B3UddkJJ5SaMlQENEzcHGyLNgMXYm4bugyuycZVdE9gsnUjtI0jcKMugnKnROwqKN0EcIp7KxiHCMFpOeyjujwVLjZgcp7o25BSmxnx5K52Wb42KlUUuTkJ80DXxFoGCosQ8J2CgL2uDLqN+puFX10OcuwpVJMMYKLNEHt557qM0KG9GZqIyHZAQFZVkWmQtIUBwIyEuSAktrwCTk08pyWWJJJJQMakkkgIJBRkFQg1JJJQgkkklCCSTElCCSSSUIJJJJCGPSQUkvIAZJBSUyQSSSSEg9MT0xEwx6SSSsgkkklCCXdXsuJKEEkkkoQS72XF0cFWuyFrSnNF+SADlHpf+xfkgNBWqDyLsfR1JLGElBUhiSSSplp5GpJJJbGISCjIKosSSSShAySSShBLd9Okmlbn0Cwi3XTn/ZmfYIDo+L/3S5HKMz6QgAjKOz6QrPSo6ug4OVxJQaSGuTxyhtREKCDtcdI3TicoGQigJiQYTJ7lcPCWQmuc0hGC3gEeV1pw4H03Sd9RTHkBjs+iMx6qz7DyzqKQy3yqcf6lBUi5kyV88v8AU8qOoeP1ElKbwJJJJAZRJJJYzt6q4rcydckmlgfVTsp4hqc9wGy9d6etotlujhAw4jJ+6oOhenIaamFwqI8yP3BPYLZNGdhsF09PRt5POeS1kbX8cfQQAHhEEeeyTY+MBSoITscLowjhHFcsCggOxI2UhjABxunNZpGAuPa48HCMRKW4W/ZPjHqlGPVPxhXGOQRLqS4SByiLOruAOSuBw3Q365dgMKBwg5vCE+TTsN8prKeWY4aDupdLa5J3AkcrQUVoDAPKN0uc9p67w/0zbqZqV3RU2yxTveZHtzgbLQUVtkhwH7KdT0ukDsj6SEqVrZ9M0PhKNLHEIg2Q+GPukW5TnOJ24SSXM7ddGwHhpXCRjkbLriAN1Fe8b5KXKWTYlhHKqtjixrOFk7nU1U9Q9vinT7K2rpmTPLW742yfVV5a0kk4yoZ7471gqjRAnLx78oNfMyni83fYAI1wuUFM0uHbYD1WWr6587y5zicp0YbjhazUV6aLUAdwrnEnAVS9znnJUh/nOSuFoI2CfGODyOqnK97pAGw5OSEeOEDgJMadQ2UyODIzhORgdOWBa3tjCOGYAPqiCnzjAwithOeE2MS9r6AhhLtwitZgDZGbEOMIog4OEZNmSEYifdPFNnk4Up74IPrwO6gVNzgj2Ycn7qC5bYdh/l9P5pxMUYy937qtfW1Mv0cdlxkdZM4eJwjF/KpPCJr6qJudwPRRzVTu2zsjRUrAMyDJSdGxo2aFb6Bkt3JGL5DyU7SHbFIhvomh7RsqEzQ50I2OExz4IR5zhR5amQO0xnb1QGxzTSEvPuVYptrokGrOcQHKYHVUpw/YI0NN6AIwAjILgjJtyC8AvG4XJGNp8FxSmrjqMcPbuo/h1NQ7LjyoBLK6OvrdA0xd1G8SqqDgEkKbDRxn+8HClNbCGgYDcegUAVcn+RWClqXEeVSGURx5keaoZCNjn0UKevnfgNwFTD2Qj+RK+UiAzJ291xzqCHBG5+6ryayfg5CLFbp3nzNOEttlSw/xQc3VjMtp28qOa6pm+k4Cmx2qFrdUgx+SfroqfGkjIVOSissVsZWSMr5RgEnKaLVVO3cM57KbPeaGAENI/VVlV1Mxrf5JP25SJ3xXZcamya2xAt1FwB77ojLLE3+8kbhZ6TqKqkO235qLNd6t3/EKRK9FrTzfo1vyNri5eCUJwt7DtIsi641LuZSUP5yQnJQ/yEMVBsg+hI7YXQ+2k7OGfsse2qlOwJH5o0c87zgOOUSvTJ8C9mtD6AAeYH8kRsNvk4lAP2WZijq3AnIxjuVKiZVMbrMsWMca91TuSJ8JeC0Usp8tQASmTdN7Airi391B+VubW6mN1f8AKUB9ympzpqoZG47uCH5AHXOPSJ7+nZ2AvjmZIR2BQxaK3/u+FHp77BI/T4xb75VtBUue3/d61uR6u5RKyLF7Je0VMkFRC/D2O29k3xdO2FfG4PhGKilDz/VjlAMtpqXkmAtceccI089FbcFT4pcNkjK8KwfZ6eXLqar0u7Ncok9tuNPlz49TP6m7o1NorB6hVWjh1MMEKPE+siOmZpwFeuy0pk8TJ2AOaF+cpR2n7BlH9FbHUsI257o0M2o4wg1FrcCXQHlQnNrIHAPOQqawU20XIIcMhCBdqxhQ6O5wF4je7c91P8Rp4bse6UWp5HjhJLlJQadyUg4hcXRygCCZB2ITTGMZwnDhdHKEaQ5YSHZxsnMnkixjspj2tcBsgPp9QyAoGSaa4cCR3Ks4pmTgbBZt8MkRyW7LkVylidpDsYUDUsGlkpgRkBQn0pbkoEF2LgAZ+eymxVUTwNQyqDU8kNzzG7Dk81EUjQGlT5KSCUZ0bqvntssZ1QjSlyrUhqfIyJ9TTSielnfE9u4c04IWwsfxTuVu0QXWM1EQ21geZYouqI/745ATXVNPNswjKU9OOUuD3yy9W2K/Rh1FWMEhGTG86Xj8leN4yvmlsOl7Zo3OY9py1zTgg/ktXYviT1FZnNirXfO0o2w7d4CzT0/tFntiaW/4sLN2X4gWG8saGyuglPLZRpWhEjZmB8Txg8Hsss6mgxzoi5cjmraN2Q4vYE5viY3OV1sms44WdwYZIZdY5Mam4PoVIa5rwHt7qufTseM6cE90JvzFK7LZDj0JyFRZbEHbBxjsgVVpt1yhMdfSslcfxYQork0kNkGCVMika8bFXnBTMTePhnFLqltj9P8AgKyNd0zdLU86o3tI7gL2psoaRhP8CmqxidgP3U+TkreeFU9wr6OTWJnA9wSr+j6tcWBtQ057kLc3joK31oc6GPST6BZi5/D6Wni1U+XOHYq28jCTS36knADXHV6FWMNaMZbuvP5rdXULyDHIwjuMobLvXUMgeJXH1BKrsM9aorzCwBs7Scq4ppaWRoNNIATvuV5DB1jvmoYMK7ob7TytEtPV6PYlC1gh6SJKhpGWax7InzMIxqBafQhZGg6jqIy0Pfrb2IV3DcxOf5jWke6DABbfM05AAPKe3w8ZBCgipoNg4Bp7I38sgGKTUCqFhwGjYOAXJqGGoZolY17T6oRBJHKPE46cHsrTwTgz9z6BtdYHPiHhvPGAs1WdC3GhYZKSVzgOwJXpXiaTjHKc1wkGCNkxWtFSeDymCpu1vd4UzXO0jvz+qnRXx78NqmccOIzhegS2a3VDi+aEOOPRUFz6JY/VJQS4J/C5F8uRe9GOuXR/RXU2DXUcLnnclnlLj6rFXv4DU5kdL09XeG5+4Ej/AE7Y7r0SqsNZROLZIHAj0GyHBWVVMdBy9o/C7smb8rkvCmeF3b4e9VWQOfVUbZWM5dFufuQqQ62eWRhBGxyML6hgu8GkFzMn0KjVtg6Vv5c+voYzK7bVgKZRco7T54tXUfU9lk8SyXSrh9AyUgBbW0fHvrC2OZFe4RVU42Odz9/ZX92+CtK6R01gvTmvOSIZhlv2BWOu3w96wtrCaixOnZnGthyMevCtNFKLPT7P8cOk7qzTWtfRux/xOMrYUF4sV9jbJba+kqRjP8ojIXy5JZoBIWT64JB+B4xv7Jwt9XQnxaSdzXctc0omsFM+qxTa86QcKK6nAOV4RZ/iD1xaSwC4mojaMaZtzj0ytjbvjWctjv8AZABjeancc/mChKzlYPQaiIY2bsq6SgaXl4aDnsVFtPxD6PvrhFTXJkMh3DKghjj+S0TWRvaHsLXNPDmnIKhbbiUD7LC92otaCfRQ5bE8OJZwtcIGnhoTJYBjAACmSvlaMVNaZGtOWZVZJa2F5zHv9l6GaTuByo5ooterwmgn2UyUrMnn8tnjeMGPH5KFN0tHL2A/8K9KltcUzcOa0fZRpLI1rcsw4+iXlBdnlNT0m4SYEIOOCFX1PTx1FroOO+F68aBoODCdkCe2wuA1RY+4QkPG5em2/wDc/soEvS4Dstbg/Ze0T2SndwG/oq+Xpok5bEP0UX9yYPHnUN8pHllHWTRD/A8hWlB8QvipYMMpOqKwxDhj3ly3dR0u7xNmKFU9MOwMxA/kj4wTDI9r/tGfEqgLW3GOjro27lsse/6rTW/+1NC7U+99EloHM1JUAEfcOWOqelXPyTG0bdwqiq6ROR5W/oltIGUG+j3G2/2i/hrcGNZUNrabV/XDq/yWooviN8OrjEH0fU1v1n/hzTCN37r5Yn6VcP8Ahj8gqup6dfEchn6IdqK2s+2Y3WqvHh01VDI7HDHgkLptbAM5C+IoIblQEvo6qogkG4dHKWq4ofid8TLNKDT9X1ojbwx5D8fqhlVu6L5R9gOoY2+6D8qCcasL5ttn9pX4g0Gn+ItobgB9XiQBpP6LU2z+1bAwuku3Ro3xmSCcbfk5BKiaFObPaHUb2jIGQVAqbXTVG1TTtcPcLJW7+0t8NLhp+dfWURfxqg1D9itZbPiR8M72Q2j6qoXPdw2R4Yf3KXKplqeeyqruiunKveWgjyB2Crm9Gz2/JsN7r6A5yNMhOP3XolPDabhn5KrhmLRkhjs4TzZs/SQ1D8bK2xfZkrfffiVZABH1ALgANhUx8/oran+KvVlFIHXjp6Odp5fE8Z/QKdLa5g4tDBj1CBNbZg3GkbqsR9oqVdUv6Swo/jd07LK2C42+vonns+PIV/SfELoivfogv1M1/pLlh/LKwclskLsOYCPsotT05STjzUzR7gYVShF/ihEtHXLo9ep6+2V+fkqiGbSMnQQcBFMTHbtJHsF4l/szDG7XBU1MThwWSYUiJ3VFGM0F/q8jhsjyQluv0Kek/TPZ/AI3yT7LoZgbnC8lp+qOvKHGauGYf4xlWdP8SeoIsCqtsch7lgQOGBL0lnpHpeFwjIwsJT/FHzAVttkaD6BWkXxIsL8CTxYyfUIdouWnsj6NO057oioIOtOnajGivaD6Eqwivdrmx4Vwpzn1eossTslnDRMSTG1FK4eWrhP2cnBzT9LgfsrwytrOpJJb+imAJRbHpJmD6JKhexhcj1SyPVC1e6Wof1fuoTYx6SYkoTYwq7kpi5keqhNjCZKWSh+IBymfMx+qmSbGSATlSARjlQPmYxyU4VMHeRTJagyWko3zsHd6XztP/X+6hPjJmR6pZHqoHz0H9aXz0H9asnxExJRvn4P+8C4bhABnxAqB+ElpZKgm6QD8QXP4tT/1BQF1E8uITdXsof8AFqf1S/i1D/3igp1y9FgkoP8AGKPs9I3el9VAvikuyZgpYKgm90g23S/jdH7qF/EywSUD+O0nql/HaT1/dQp0yfRPSVb/ABykS/jlL2KhPgs/Ra4KWD6KnN7GdnjC4b3kf3gUK+Cf6LfT7rufUKjN3yf75L+Lf/RkZToZeEZXNPuqT+LHtMhuvEvGpQnxMv8AA/qCW39QWe/iEx3Ei6a+YbmVQnxM0GB/UEtPus5/FXA7zJ/8bAGHSDHuoU62i8yPVLI9VStvVOTucn7o7LtTnbJ/VXgrZgs0lDbcadwzqXfnYTt4rP1UwTYShz9QRWsyMkKB4md2nPuCniacbCRUA0TdBTtJUIOqTv4g/RE1z95FeMC/jZI3CWShgH8RyupcnkvAQE5TwdtyhpI4ywQLkeqWR6qLqd6paneqL5CsEjJXQTlDSHKrJYccLqGCMJZCmAcBEkklEDJZQQDC6h5B5SyBwjwIw8nV3PZMSQhjkkkkJDoOF3V7JqSgnAXIT1HRGq08kCJJJJhBJJJZCrKII8JJHhJKmQekkkqUgxJJJIgBJJJK8kEuOAcMOGQupIgmBfQUz9zHuoc1H4R/lMyDzurTITHNyNimFxntKoOlhGDM4DsCpENTK4YOCPVGfAHknCQja08cKdlzmvRwb74XV0gDhcViwqSSSAgkkklCA9bvVJq4kjIIt2O/7qKYxqJUsxlM0YPKrKCSGMLh+SOx+c7LmARsxOVNoJjiQeU10bX/AFBDa455KK1wIx3UxgF8Eeekj2DBgqHNFK0ZxqAVu7B2JQwwBNJvcWUb2M1YmGD9soMlup3HU0AE+i0L6eN+G4CiT29oOYjuijPAcbGykdapXHYAhQZ7UA8l0WD7BaGSKth43CF89A0+HVAsPqRsmxu55Gb2ZSehjY45bkHsVmb90DYb8xwqaOMSH8YaAV6hLQ0dY3VHpyRnIVZNYpNR0ceq2U6p1vKGQucWeDV/QnVnSUhqena58tODnwXEkfopVn+IMMLxR9S00lJKDjWW+VexVNE+AaXjII7jIWcunSVpvmqOtpYiXbZ0DP3XUo8lLqRqjq37IkTaW5QNqLdVxTscMjScqivvS1Hc2OZNTMZJ/Xpwf1UO5fD3qbpeR1b0pcHlnPhEkj9EO2/EiWKX5Dqq2vglbsZQ3Yrq0a+PaZqr1EJcSMfc+nbt08TJG9zqfO2nsmUF5FQWxTO3G25XrcJtN6hzRVEUzHj6cg/ssn1H8OIH6qigHgynfy7BdnSeQzPbMZKCs5RSOayQDCiVNGNOQqydl4sE+isBMecBxCsqG6Q1flOnP7LvU6iGcxZkvo3GavXT1DWg+JGGu9QFh7l0/X2t5lpnF7M9l7NNRwTDYDJVLcrMSCWNzsuzpfIY4bPI+T8FXdFySPLY7vHtFVRYPG6LNSskZ41Pg+wVxdun4Hlx8LDh6BZ6alrra7VTkub/AEldqnVb+Uz55r/FOEWpIE9h4cCFEmaGkbKyhr6erbpmaGv4PbdCrKPLPFhcHBdWi5Ptnidb4r7XKBRV1JFWRGKVoIPf0WWuNimoczUpJHsto9vr2UbZ/lcNlrwpLg81NWUS2yM/a78NLYKvOobZWhY8Fu3fdUlzsMcpdLT4Dj24UCjudVRvFJVE4acAnlUA3GaNWXuByn+IfRRYZxLGHAgowOVBMlgLM1ssbmSN1AjBXnHVnSOkmrpD6kgBej62nIyo0sbZBpIzlIsr3Idp75aealE8EnjMTi3SQeCg6cL0DrDpaRpNZSxAhuS4AchYeWDAzjlc+dLbPVUaiN8MxZE0+6GjPhxkgIJjI7JMoKI9YHEj1QS4p/huTfB/wpW0bCe04HHPKK2Q7HKCQ4dkwaigwNVss5RObV4+oJ/zMZAAk3Vc8Z2BwuDZwwoPjqp9FrrEg2KizRBzd0xs2nARfGaQSQqcR/zKa+4q56dzHZQA7sVaTaX5GFWyQnOwSLIN8iW1ngYTlOY4tdkJuMJDZZ2vQaeHktaOoOMEK0p5sEHCz9JL4cgzwdlcQYIyDws1qPQaLUNx5L+lkEjccI+ghwwVV0kpaRyrVsgcwFYJrB6XT25gmX9oq9Y8JxGVPc8tcHAcLM26p8GXWVpWyMnhDgNygO9pbk44JkL/ABW4KgXCPEu3CJE/wzhcqjqHlG6htlPdHBUy8+isLbPqb4bjuFX1HmdkbLlJUeHKCDj1UMlctkuSzr2+FiVg+6aXB0QIPIUlwbPD65CiNGPJxhGx8/2itrQWu4U62VJMIB5CjV7PxeqFbZg2fBOyiM+/bZgNdWOHn9VGpnlwG/CnXXBhBCrI3aVtolkxal7bGil6kjzJqA2GVQQvIeNuFrrtGJI+MlY0u0ykY/FhdfTywz595+vEmy+ozkb7KRUAPh04UCjdkjCntOQuvF5R4qfDIkOY36e6mudrZuOFWl+iv3GysGvBCIGQxmzt1x3IXXcjCa7gKEGy+ZmD3VRL5Ziwdlc8BU1YCKhzuyVb+zRAOCCw79lDkJ1o7DkDB5QZOQhctyGKOAsJzjKbMMwOPdcj4CJPuMIWRFcCTueUxpOUVw32QRykKWDTDoODkZQqjhFHCFOCRgKpy3BR7IruSoKnO5KgrLZ2a6yRFyFOplBi5CnUyZAz2dh0kkkximJdxlcRqbHit2SLJZLitzwXFr8lPjCt7bH4lU0eiraUHQABhXVohPzAOFz7OeWeh0cGnGKL2UBtM5o7YwoLjgAqVM4YLcqBM7G4SILMjqXzw9v6AVM5zgDlarpiibT0Jlewa5d8rIPDpqhkTR9S31vhdBRxsdyGhd/QV7fuPmf1NqnOfxlhbYtU7nFucDZXtngdLc43AZ0jdVlrjaIy8jc5Wq6OpxNM6pLfp2Xaj0ePusTga6Yk0zYOA5oCmUwayEMxlQ3gSztaBs3lSm5HZWceT3PJKd2WY6k/943igtcX8yNjvFmAPIC0YeGgucNhuVm+lYTc7rcL4QQwymKMH+gen3KpywOivtya1ga1jQwYAGwSkkbEwvecABIuDeyhVb/HkZA0fWVTWAIyySrLTyyTvrHDDTwDyVdIdPEIYWsA4CIrBEnYHKAioCSjkemZyuBwPBREYo61MnkDW/dPHBVfVzBrg3KAhHrq+GkidNKcAL5ooJf9s/iHJcZSZIYsFvoDtwvTfjR1RJa7IaGDZ9UHR47kbZx/8vdY34bWdlutTquSPS+Y6hnkArNa88Hc0Feyp2rt8Bfit1N/s5YJKaB+mWceFHg7j1K+bS4vJe45J3K2fxQ6kkvt/layYup4DoYO2RyVjEpHr/EaWOnqz7lyweRnhdG6YnA9lZ2XHgMzlHkPkaAUOJuxJXHnCgvO4aRk5yjwNAcCUANJKmxMIYDjlElkknt4R2QBrRpPYqE4OPJ2UiY+YAFMI8uyVY8AkXSfRPZ9QTXkhxT84IJQKWSgo4Tm8po4Tm8pw2PZKjyWoqbD9ICIwZwEqw21xY3BIUOeEgg4VnG0YKa+IFpwgClXv6K+neWPAJwrWN2pjSCquogc14cBgBTKKYABrlZdTcZ7RtdRiTU/GCqGRmCR6Fa5zWvAyMrP3GldTzuc0eV26i+4u+vnKKohDLd1J0E74Qy0jsgsr/QhMGkljCSVgYJJMXNW+FRAxIxygHlLJ9VxQgkkklCCSSSUICSSSQEEkkkoQSSSSjLR1qGiNQ0mRGGSSSVlAUZBRlSIBSSSQhj0kkkZBJJJKEEkkkoQSSSShBLv4Vxd/Crj2QtaVp+Tx6hcYzSd0enA+Wb9lzGCVrj0KktxGmAGMISLPyEJEAJJ6ST0qZASSSSWEPQcj1SPCGOVAwiSQ4SUIGSSSUIJbnp7/sjfsFhgCTgLc2eJ0NNGHdwEB0fF8WZLYE5yFIHCFGARnuiDlWekCLo5TGkBoynAg8KBhW7BPQs7p6ko4C6HgnO5RQQQMkZUdPBRdBhtbvVcJJ5XBwnYGMowZPBxRbjJ4dJK/PDD/kj687Ksv03g2yYk8g/5IzHqZKNUm/0ecynW97ndyUA8opOclD0knYIU8nit+55OJJJZVA8exLT9H2BtfMK2qZmJjsNB4JVRZrRPd6oQxDDW7uPoF6taqBlBSx0sbQAwYPuVs01bbyc3yGr+GG2HssIY4442siaA0DAAR4otRXI4HYyAp9JTlp1ELrVxweWsluZ2ngOckKZG0Dsut0gAAYXchaEZmxYC4cJagUEk55UyUF1gcBLX7IBeByuaxhQmCTqGN0J0hecBObTVFQ5oiYd1eWzpuoc5skrcgjgqN4O94v6e1fk2pQi1H9lPTUlRORoaXeqvrdZHndwwfVXtFaY6cDDRlWLYmRtGGYQSntPpfiPpHT6H7p8y/bKuktMcON+OymshazhH0aScBcSZz3HrqtHCvoYABwkuprjgIDUopdDXNHOUMv5SL8E5UOoqBjGEBZ2olDeHBVVRVkcJtXWBo3JVHW3FhOA9U44F2Xxh2TZKluTwqC5X6JjjTxn81BuN0eXFsTzgbZVLO1zzqPJTIQcjzut8q3mEA1wrPGORwq55Lxgp5Y8lEbTOOCtMYYPPW3Sn+QAMJOUZkeTupMVLsMhSoqbuGpu3JibyyKyl42UxkOw2UhkAA+lELA0Zwj2E4SI/gn0TvCXX1DYxu3AVbV3NxOmAEn2RqImTS6LCaeGAZkfhVs94Mh005x7rrKWSrx8wCc7j2UxlvpKfDgzJVipbpdMqzT1dcQXOyD7I7LVDGQT9SsBpbsxukJrhkKA/Ev6gLKWNnACfgNbgJhdpOcpjpwBjCMBpR6Hudg7lRpqlkY3OUKeZxIwFHcx0xGVYuWRPqt9u6b53DOOUWKkYSC/lS2wtAwOyoTKO4hR055cN0fS1gGTjCe7SO6jTTDhQmMD3ztZtGclB/nzHBA0pBpJ45UqNha0FpwUYOMg46JrN8YPuiBwjBaAnYe84Ltlx4x3UbIo4BFx5yo09S4HDVKLdaG5tLEC54wUHyYLkskTw5Jjv37p4p9GCRlAqrzT0wIhkCparqCWbLY35SZ6hRBcMmiNVT0n1kIE/UsULcRPAwsnPVTVBzLIgNeCcELJLU/ouNXsua3qWrqv5YeQ31BVY+unlGDK7H3Qsb5XDk9lknfJvkZGpDXPc4klxOVwEgriWoDdKlLdyxka0ggfnchdODyUPxQDgNXCSdwNvuqU/ReA2E8ED/wCao4Y475JT2xgHJdsryBjITxgBgNSFVO0eR2PROaYMb4cVHklA4CPICjySHVdX+KYfZB8eTWX6jnPYoPiuceEkO8YlgktudwpzmCtmb/4jhXtJ15VNYIrjb6araBglzdyss8Z7pJTtknwEbtsXQnUTNUUj7bVu/A53kz7Knu/TV3tI8eJ3jwHcPicTss83GckcK6tfU1ytuI/EM0PBjfuMJkJ5BnFSFb+p6un/AJNT/OYNsO3IVtDVUlYNVPIGvO+M4KI+j6c6jg10mLfWHcg4GSs9W2m62iTM0JcztJH3T4Wyi+BM6M8mi8OrB2aRng5UiCuuNINLgZG/0u3Wcpb3IW+HPI4jsc7hTI+oq+gaIZo21EB3D8eb9U13xaMrpknye30dbBWNDshpPYlTDEAM8grPtjppP+znDgM4yjQ1tVQO1VGXxnbHovz9KJ+to3ZLYsOCoc8DZtnhSKa4U1W3+XIMnseUR0OTkJbbQ1NSKCtshfh1PsVFifX0L/DlOpvbK0xZp2ygvpoZd5GakDywdvtFfT3GJ+Gvy0qc17XjLTlVlTa3NcTA73wUCOeopXYcHABRLJaky7AwkodPWQykAuwT6qbpyA4HlC44GRkmOT0xOyEJo3I6kNkxJQLIV+HgB3ZBno6cgEN3Tndt04cYJULID6fQ7yt2TmVckZGBwpmkHOyjS02vOkYUIngk09xnJHmBCtIaxr2+fKy8kVXTuBYNkWGvmBAfjZWg1YzSGnin7gqvqbM5rtTItz3CZTXPBGdyrKK5MkADgiwsDVPJTGKuhOOyJGXuGHDB7q4cIpPoGD6KO+kHD2Y90uUEMU+CIC4HLTg+xV7Zuub/AGN4D5fmacfgcckD2VM6nkDv5YB9sp0kcjRiRmn3WayhMOMsnq9l+JltuLWtLxBKeQ/YZWop7lSVbAcgE8OaV87TUziQ5u2e4Uqg6j6jsjh8tVGSMfhdusktPkblH0N4cpOY5QW9t00meM+duR7heY2H4pxuLYq4GKTgnst5b+qqauY1xkjlYR2KzToaDyWgfG8YwB9013isw9hIx2BTg2Cpbrgdg+iZ/Nj2IyEmVbZYWO7Na4NmYWn17KxgrI3tBZIAVS6Q48LmkDjI+xS5RwAaRtXM3h+QjiojlAbLssxDcJocAnU33U2G6QynGMFTIZay2+2VG7mtP3CoLt8PbXcS6SNoY4/0/wDRW0NVG8jHdS45TgAcKk8k3SXR5VdvhneKUvdRt8Zg7LI1ttutrcW1VNNEM84K+iBM5o3yc+6BWUVBcYTFWUkcrT6hETez58iv9yowGxzuc0bgE8K9tnxEniDRVtIDdvKt5dvhrY7iCKdnyzjw5qwfUHwrvVtzJRg1UfIPKpJMreaq09f22sc2OYubnucLUU9yjmaH0lSw7dnL59kp6+2ymOeGSJzTuHAgKXRX+vo36op3D81agXk+gf4tVQAF7SQpNJeaafyvOh3fK8rsfxKqGBsNzDZo8Y8w3C1FF1P03cj5ajwXO4D1TiQ3bKiGQ4Y8O/NHY7I4WPFNBM0SUtW453Gh2E6CfqCmky2YPj7B4Qi2bEyOb3yk2c5wWrPw3/w2n5yItcOSOCrCmu1HVtBY8A+5Q4FvBaamSjL2td9woU9gt1YS7whG93dqI13of3Rmyb5HZTLIuHwZq5dHSwEywtbI0+ipai2yQ/3kL2L0UTnABymTQUlS3TOAVfyscn7Z5y1kkbtUchDh7qfDd60MET3ZHvutTP0xQVbSKcmN+NiFnq7pW+UDPHAbPH2DeVas9lucccEKroun7y0R3i1wSn+tzf8A5cLF9T/COxXCJ46arZaKV2+gSZaVrS4My2ojdH66hhcjgopjmkqg2X01co/mK76PN6f4K9dU1EallXTVbWnHhjOs/b1WauVsvVoldDdLJVwaTgudH5V73R1F4pX6WEkN59MK1F3ExAr6cFp24yi3cFcnyzU1dEMBx0n7bp1uulZb5/mLVdamKTsQ87L6SuPQHQV+Y6SqsUMkj/qc06d/tjlZG6f2eumahubLcKi3SZyHEeIB7YyNlasz2AjG2f4s9W23DKyaG4xjkTxjUf8AxBaa3/HS0ySNiu9hqqY/idA4TBv5YGFQ1/wL68pQ826Slr42cODiw/mMFYq5WXqGxuxfLHW0r84OuLy/k7gosoCUkfQds696Luoaylv9M2R3Ec58J36FXYZDMNcDw9h4cO6+U21UTfqy0nsVNt9zuNDJ8zb7nJSuHdshaqa3dBxjuXB9Qtp88JjoXAbtOCvD7b8W+t6DSye4xV8beRPHkn/xNIK1Vv8AjpQyPa2+2mSn9XwyF7c/8p4/UodpNiR6CY8HJC66nhmGXsBVVZ/iD0TfSIKa907JHcMmyw/utARTux4Dw4H0S28FSbRXfwynJ22TH2xuMBu3rlWZpyfN/qmiORg8429VSZE9pTOtWo50IRtAIxoV2RvuOU7DfQKbi9/9jNS9PNlBBaP0USTptjBkhp/JbDS07YCC6mychVkvf/YxNR0607eE39FW1HS1M7+8jac+y9GNGCMOaMIZtUDs5YFeSvkR5jL0XRScMaPyVNW9CRlxAhaR64XsZssOdmhRJbGdZ0jZWngjmmjxSr6Ga3inbx6Klq+kCw4FOMfZfQEllLceQH8lEqbG15AMDf8Ayo/kYnCZ88S9JOz/AHTW4UObpyWPGNsL6Hd05b5AdULQf+UKuq+j7e84DBv/AIVTknyDsPCaakutBKJqOvqIXt7xu0/5LRWr4k/FCyENoerK1sbeGvf4g/V2SvQ5uhYQctiG/sq+p6BcRmOJrvyVJx/RNo21/wBpP4l29oFxZb7j6+JThv8AkVpaH+1nOP8A55dARPceX004af8A6oLFT9CVTDtTtKrqvo+qp2a3UhIz2Ctxrl6KcJPo9vtv9p34b1zw252y5UL8DX/LbIAfyctTQfFj4R3gN0dSU0Wr/wCSNUWPuvlc9OHvAfzagT9P4AxFhV8MSmmj7Opavo65g/wq/Wyf0xVt3/dTh05HI3+UA79wvhltmLHZ0Z+6nW66dSWmfxLTdqykI+kQTuZp+yqWmyLzNdM+0n9MyA/Qo8lhqG/Q3H5L5Wo/ix8VracxdW3CTPaaUSD/AOqBV1S/2i/ipTYE1ypX47vpgSf0CS9NJ9F75+z6KNgqTy0H7tUR1nOstkpmO99K8dpf7UXVTdq+xWyqBxqwHMz/AJq8g/tTQ4HzXRukY38OpB/zaqejs/RW9s9Ib0/TYyaRoP2wnfwOMfSzT9isBT/2nukpD/vnTVwYf8L2uH7Kyg/tI/DiTHjUFzh+8QP+qU9NYvQP+TWi0Ts3jne0/wDMURkN7g/uq9//AJis9B/aB+FUwGausYT2MP8A6qdB8bvhZNuy/eF/zwuQ/DZ+hU4p8F5FVdQxEEVbnfclHN76iiAI0O/Iqpi+Lfw2n/u+p6b8xhSB8S/h4/jqu359C5T4mZ5QwWbOpeoW48SmJB/pblSI+o7ocZpmnPsqhvxG6G/D1LQEf8//AKIo+InQ4H/5wUv5INkibEXTL7WOHmom5/NOF2qzxSgfqqMfErob/wDTtL+q6Pid0MP/ALN0v6/+imyRPib/ABRefxKvO4jIXW3C4E40lUY+KnQ/DbxTE+gd/wCiafir0iBllWx/2V7GT4Z/o0wq7gRwf0TdVwJxrP6LKyfFvpmP6fEf/wAqF/7X7AfpgmP7Jbg2RUz/AEa8Mrz/AMQ4+yeWVJHmaf0WLd8Y7TghlJJnt5gob/jEzfRRv9suCH42T4Z/o35dKDuT+ic1mdiV5wfjDIScUjB92hCd8X59/wDd4/8AyqbGEqJ/o9PEII5H6rvgD1Xlp+LVRyIWZ/5UCT4q3B4w2nxjvlTDJ8WD1rwAN8paBwRkLxt3xOvBdhrcBNPxGvbuBz7JipmyfGezeHTH6o8n7rvh0o3MRA+68VPXvUbz5Wnfuuf7W9Rv38acZ9HKfFJdlfGke2Yt3BYUwxWzGcleLHqLqJ2/zE36rovfURP/AGqb9VNgLqTPZCaAHY/uuGShA2IK8hZdOoHbmqfv6orZ744eardg88qbClQj1T5qga7cjCf8/aQ3eUZXljW3UjLqh36lEbFcTsZnfqVNhcqD0l1wtednhNdXW0twXYXn7Ka4H/jFSWW+4u5mJ9lHHAHwo2Dqm0Ek/MfkhfN27PllCzQstedyPzyitsdSTh0iHISikaH56j/78JGuo8f34VKzpyQ4JLv3UuLpgvx5j+6rIeEiX89SZ/vQui4UvAkBXI+mAMaiCFKj6YpMbghWA3ghG6Rg+VhI9V1twYfpicVbx2mla0MMIwFJbRwMaAIm7eyvAuTRRid54ppHA+i6TUy4ayllH3WgbCG8MA+ycGEKC8/pFEKGuf5tBGfdObZ68kfzSPur7SUQNz3VASkmU8diqNvEqAFMb09C4DxJQVOAbndFHHKgL5IA6doWkck991IZaqNuMsJ/NS2pagi6FtbgQoaEDHhO/Vd+Toh/win62+qXiN9VOC8HcQhulseMJYbyAlqCWoKCto8DC6h+KF3xAVOCbQmn3XWjB5S5SSgNoUcLqYkoDgekkkoBgSSHq9ktXsjJgJkroJyuJKECA7crqACc8ow4RJlZR1JJJWVwJJJJQroekkkoKSyOSTUkLRbWByc1NSVAhDvwlwF3ASwAr38YF4HYyclLH+H911c+pCsso4ug47LiSsgVJMSyEAY9JD1t9V1GQekmJKEHpJJK08kG5KWcriSZkgkkklMgCSSSVZIJJcG/K7geiHeQWQlkJbBcJCHcQ6kuNXURDqg1tS+nyWxl4Hopo34XCwd1clkPOCqivtE5oM7pYnDYjCkwXW3Tu8OKpbq9HHBR301K7eSBjj9goE3TVrqHmbwdEp/E04QN4DzGSw3gsv8AXhMLnMxkbKoks96oW+JbbkJC3hk5zgeyfFcblA0G50efVzAii8gOMfTLQyFwTm4IIyFEgraWoGWOG/ZHALfM1OBC+fPdOJ0jJ3QRLODjUMfZFbICPNyqINc/UeOECejp6kaZYwc98I+B6pafdGEQ/wCDxxjVBIWO52UZ0VwpJDqIlae6uUNx1chSM2hjKsvjePDqqdpafbhRamy0VV5oZdGf1CujGz+kbqJLbmSnUCWfZPhcRMz1RbLhQ7geLF2xvss5dbDYL2x8VwomMedi7TuFvZaesp2kMcXtHAVVVQR1O0lHpf8A1NGE+vVOt5QUZYZ45dPhZcrbI6r6NvLonjcRncOUGDr7qPp17aHrKyvaxu3jNGppHqvY/lKdwxDKWvH9Wyg3G009bCaa5UjJozt5hldSjyL/AKjTHUSj0zCsrOkusqfTS1UDnEbsdhY6+/D2utcpq7VktznT2WvvXwcsk0hrrBJJQ1IOoBrsDKrxT/Ezp6INqIm3KlZthzcnH3Xc0nkIrqRpWpzwzExXOppX+DXROY4bbhXMFRFLGDs4OCsblWWG6sEV1pDQ1JzkPbgZVNJQug81HUMlYeNJXf0nkIvtgtKaI9yskFa0mICNx/QrDXu1VFC/VLHhpPPZegRVEzHhtQDpO2cd0aaKCpiMc0LJGHbDhld/Ta/DWTia7xdWoT/ueLVtqpqzzDEb/wCpvKp2/wAStEpL2meH23OF6hfOkYmB1Rb9QPJYCsnV00lP5Z4SM+y9DptdCR8/8n4iNScWimZNbrg3ykMf3B2Kh11AYm6gMg9wiV9j8V5no5NLudPCiRV1bROEFa3Uwf1DK68dRx9rPD6zxMbMxaIb3lvO6gXG3RVzSRhj/VaBwoa3+7wxxVZWQywO0kfY9itddu5cnjrtFPTz2lFTPuFpfolaZY88gq8pqgVDcjuodS8Pj0uHKhx1MtKfLuPunCJQLwuITPFLTxlCpp2VMQc12/dEk2IGMqS6FNM68tlaWvYCCMYKw3VHSTQx1Rb2YwS4tHf7LZvOSPZMlbrAHP3WZxyNqslVJSizxiWAs5H3Ud0Zbw391u+pOmGh76ykaQTu5g4WNfHhxaRgjkLPZXk9JReropoi+G3sueGD3Ri3ndM0OBzhZHHBoznsCYgcnSoz4RgnT+6nB5AxhMJaRjSg2hqWCtDSCRhcG3KmPiDjkNQnRnHCHA6E0gGSMey6JDjCa5hyuafdUMyh2s9zlccAdiujldAzuUEy92CFM30CjqbKM7lRXNOVkksMdGWQsZ0uyrejnyANiqRymUc/hkNJzhZZrKN+mt2TwzQRSZ3AVjFM7SFTU0gcFPikBAGFjsjyeo09rSwWcMugjAWit1QHta0u2xkLKMdjGVbW2pDcsf23CSdnS24lyaA+oKefM3BQonhzAQc7LrZAdlDswnxyQaqPDlB5cRnCt6tmWlwCppgWvUEW/a8ourdU5/ln0Tn5EhVVQTETNPG6tpiHYc0cqdmiqzfBEavGYCQFV0ri2QK2nALcFUkg0vIRRjkz6h7JJl1KRLTOLhnHCphJhxbhWsLw+ka323VNVgR1IaNgVqq4M2sxJ7gk4ErfyWJrIjHUuB/rW2adlk70NE+sN2BOV0qJcnj/ADtO+reGosHO6sIhtsVTUMmSBnfkK2p37AYXYrllHz+aIlWwtqNeOVJp3EjJQ636mlNgmGkDCeC45RLk4CHKcDKfn1Q3/SVBb7G+LnbCh17AIted0YHzAYXK+PNPgBJs5WBq7K+N5ACfI3LcoEYwQFKDg5qQaAUX1gI830IH4kR28YymNEwRXgbqGPqU2TbP2UHOCkTjg0VhBwungrg4ThwUDDREl21Y9FCd/qVPlI832UQnBWezs0Q6HxDcKdTKDHyFOpkVTyIs7DpJJJrFMSPQg/MNwgKVbm6qgbLNZLAymO6xF/C1rcAK9tLR4odjbHKzrNQzlaa2BvygcRusFkuMHptJhWJhZ3HJUKQ47qRKcnlQpnAA7oqYbngmsuUZORNs1M6qrW6R9PdbmNmpwaeAs30hAGweMRu4LXULNb8+i9JpI4jtPlXmb1qLm4lgxnh0oc1oHZbvpqmjp7c1zWYcRk/dY1kTp5YKVjPNrBP2W+p2CGmbHjGBhdJw4PN2yeMBqTJmkJU7GFDo+XFTCNQLc4zslmLGSr6qrn0dmkELgJpyIo9+5U3pqg/h9riixgloLvd3crPXMfxvqmitLWkx0eJXnOxPZbXAZhjRsEI38YqIKd2Bn05TLMx8sr6l7e+lufRBuj3siDIned5xhWtFCIIY2YwcbozO3gmJJDhJUUJccurjlTGIa0knGVIBGEIjKQz6oE2gA2QAclZ+sqmtke95Aazk5VncKgU0OslefdZXr5C01EurBdlDOWEOpp+aWDyjrq6P6p6tMTZSaeF3hMHoc7n/AOX0Unq++s6a6e+XgeNegcHBVNZ6eSas+ccM7l5JWc+Ks7pGxtOd8Dlc6y9bsHr9L4+y3Y4/7cTzupqHVErpXcuJKAnlnqVwswOUSkj00Ek+Bjk6IHVwmk7/AGUilw7OUzIxywguzWDsUEnJXZiM+U7Lg3Vi2Pi5GymyENjAHdAp4skEhKrf4bgxHnCIDcSXJ5xpUYHLslFaSRsVnbyy0McN9kPgo5CC8YQtYKYaPflODUOM7gKU2LIDh3VxlngfCPISDO2VLaCBwgRDGApeAAMIuzoVoQydwETB9F3SD2Ti0HbCWPVbI08QIyB2UNoMbtgrIxj0UeSAuPlChXxYeR8UrjgHunVkDZItxn3QYhpeD6KeHAtGRwrC2buGZeogEMmn0TBC2THZWl2oi/MzRjCq2yGEjIU7MdkVCWBstA5u7R+6jSRPj5arylc2VoDmolTbDMzyYB90vg0LTbq98DMkdkDTvhTKmnlgkLJGkYQTwltZM+GCSXTyuKihJJJKEEkkkoQEkkkgIJJJJQgkkklCCSSSQhiSSSUIJJJdAz3VFA0kkkosSSSShB6SSSMgkkklCCSSSUIJOY3U4NzjKajUzC+QYCuP5JAt4LWJ38lrfRcdsE+MaYwEB42Jyt0YgSlgBMclNXZeVxU+GAJKRPQZOQkyWSDVw8LuMAJIQgZBzlMHKOdBz6oWD2VBjhwjIKMoQSSSShAkLdTgAM7rd24EQsJ/pCxNuANUwELeUwAhbgdlDq+PXslNOOyehtRMhQ7cJ4HE4TozkphI2TouSrQ1PIccLq4CNguprWUE3gek3lJJAEpZDjhPyPVAyRwUsn1KguUsjyMd1n+rJy23uaDuRhXrzjG6xnV1S98rYQcAnJCPPBy/JX7KWv2ZnsPsugDuuJJeWmeSOaMg7psFNPUztghZklF0k+Vo3Oy3XSXTHgRiqqtpnYc0DsPdaKavlYvU6iOnjmRadKdP/wAIogJAHTSeZxHb2WopaZxIOOyVLTFpBdg4Vg0BrRsuzp6FGKPIajUStk5MdFC0DdqPgAbJg2afsgmZwOCFrUcGRvIck5XCSe6YDqGVwkcEhQg8PxyU0zgeib8vUTuDYWFyu7f0hU1ul0jTv2QuSR1vH+F1fkZ4qjx+yjDJqkjwY9WPRaOz9LzTRtmnafstdbelqSjhb/LaNt9u6sRogGhjRgbYS3bh4PpHifomimKnqHul/wCRTUVlpaZpHh7/AOSsWwaMADARRlzgdGEUNJ7Kps91p9HCiChWsAAwnlODNsYRxEPqwmJTm/Zq24QIhvYJh3Ts4THcISugbxvlBnfpxjddlkAKg1NVH+N2FYuVqiuRVFSG7ZCqK+viibiR2FCul9gjkdE1244WZrbnJVEh3H3USOVqtao8RZPul5gBw12crPz1XinYYBSxrJJTPDLhseUcYZOHqNXOx9kdwy7ncrvhA91JFM44OEWKlIIynwhg59jyRBTN40ZRmU+/04Vgyn2B0/uiNiDfwJ0YmZ9ESKlGOEVkGjuCpHlA2GMKLVVJjGAE5REywmPe9kQy4hV1bcWDDIjugTzVEzsMBIR6e3AESzYJ7BGkJk8kQQ1tS7zjYqbT0EdPh2ACiyzmLDQmAzTY1u2VYAS55HueY/LGMA8pnmduUQhrBkhBmnaRjGFAmlgdqABKA6fIIwEGSdu4BUN0x3G6gmbJTpMn6ggnlBBc48cp4Y7nKjBUHIc/DjwnMY3khJrcDdNe/bAU/sSUdoVpa3uEGWYMGxyo75iDsmsa+UjOyglpMT6lznYTmQveQTthGjpGtw5zM/mpbYmtA8qptIpVZARwDbLf3UgMGMJEA5GeEBzhvup8hXx4HvIj4QnSeIdxgcJkk0cX94/GVSXa+Mja6CF2/coLLYwXJRY19xp6MljXazjkLO3C8TTNLAcAn88Ktkr5ZPrcSo+sk5JXPu1XP2gtZE85cuDbhLGUsFZZWuXYag+xaneqWCugJaXOOAEmVmAkm+ENym+K7P0qU2kyAZGp4gaOAlSsyNjROREALs7YSjic7nhTXQAH6VwR44GELtbHQ037I3gHuEh5c5HClaCueGDshU2hj02eiMZdtmoJkcdlP+T1b6f3S+Rz+H90XysS9JN8kDURvhc1AlT/AJEdx+64aCIDON1PlYv+NNEdjA4ZTCDwESSKdpHhDZOa0t+tu6YpZDVT6A6T6Lmk+intaAPpTHtDvw8INyKlTghpDlGe0sO4Tcn0R5Eyg0+TplLfMM6vVaG2dVExtpbxH40QGkOHIHus6Rlda33Vxm0yui/unTjZT87bHh8Ug1AA8Kmiqp6J5jlaSM4IcEa319TQuDopHFufpJ2P5K6mjt19jL2N0Tgbt4z9k7h9CpvB66+ggqJDNRTCN430nuo3z7YX/L1wDTx5hsVJkgEz/FpJxqGDjOETRHXj5e4wNyOHEb/qvillWD9H1arPbIr6GNw8alfoJ3GDsiQ3GspCGVA1NHdBkoZ7Q4y073SwHYtJzhdZVw1J0nLf+ZJlUzpVXL2y7hniqGBzSN050Xdqo3QysOqB+CPQ7KRT3OaLyTt2HdIcDVGaJ74R3H/VR5aNsoI0g5/UKXFUwTgEOGSuuj7tStu0ZwyhqLLJHmSnec+iDFWVlG7RKCWjsVojlux3QpqWCobh7Rkq/wDJNr9AIKmOdmtjgc8j0RW5PdV1RaZYTrp3lpHcJkdbU050VLMgdwhIpS9lqkgw1UUw8rh9kUEFQam2dSzhJJQMekmJKDMj3gHlCko4HDIbgoqcoXjJBdTSs+hu33XBPJHgEZwrE4cOMKM6FruR+auSyEkx8NwkBGcAhTWXIbCYFzfRVT4CD5RhNaS3cnjsqJlmg0UtS0PpphHKOC4ob6mopSBXwaohzI3cKpjm/JTqe4SMbokOtn9Lt0DjkbGWCbEy3XHBo6tmf6SU6Wgmg2cz81FFBbJyZqBwpajnPDSVYU9TWwxhte3X/jbuCEPxodGxsrJrVDUZyNDvUBQwL7Z5A+kqXFjeACSFpTHDUDXFs72QHNcwljx+oSrKshZaC2T4m3a3Pay4ecBek9PdfWm9Nax8zWPO2HHfK8lqbbBOCdIyqme2T02XQucB7FZ56dMKM5ez6XLWO3bj8kIsyM5XhFj64vlmczVUvkY0Yw452Xo1h+JtnuIbHcHeBIe/ZYrKA8+zWOjBOAOU3wNG+ydDWU1ZGJaWVkrDwWuRxnnQsrqYzKIz5ZWjGoorLjVRNDdRI90R8bHY2Q30ucae6pwaITaa+DZswVpFX0z2giQb9srNvpH4yGqO5kzNiC1BgtRTNnG9kg1MdlOeTgNDuFiGXGvpyPAm2HYqypupXxlrauPP+JqLJbjgtLhY7TdmOZX0UTy4fUGgFYu8/B+jqQ6azzGOTkMd3Wxpr7Q1DtOvSfUqyjkY45jka77FXloCUWzwm69C9QWZpfPSF8beSwZwqYfyiBwV9KnztJcMn3Cztz6SsNzPiVVCwS5JL4xjJ9SrUgcYPIqC/XOkaGxVL9I4GVqLR8RZI9MNeNQ4yUW6fDCYOfNa6gaOcO5CyNy6XvdrcXT0he0d2DJRJbuSHp1L1XZLm8RPOknuVZCkpJhrp5Bv/SV4e2pdA4buY4euysKTqKvpsGKqkH2eUMopAHssIrqc+SoJaPwuOVMbeZoxiSBz/wDlXl1s+IVXHKBWDU3jI5WmoeubNUOayZ5iLuCe6DayI3FJd6ecAE6D3yp7WibdhDs+hWTZU0VQwSw1ETge4cpET3D6HkfYoMBmk01UGHaHADuFIZXFwDJCqCG919MA0nWwdnbqygvlvnaDLCWP744QuLYmSz0TJIbfWtMVVSMkafVoVLcvh503cCZIn1NG7k+C/CuW1lE4BzBnPuitmp3bFwZn1cgeYgKco9GPd0X1Ja2fNW26RV0LT9Mmz8eh9Uemne0ll1tM0DTtrOHDP5ErUgRagGy/V6FHdRhzRqcSD6q/kZbtk/yMr4VMXZo5ix3OCMBHikkGGvIK0bLXCd3tz+QRP4XBtqhAH2CF3YFO4oWHJypLcOaNUYd91NnsZwX0rt/6SgPpa6mZqqKV2j1bui+YVKzd0Ulz6H6Kv+Rdul6GQv5exvhyH/xBYa6/2culKsn+E19TQscc6HjxAPbsvUYKmke8MEgBHY7FTxH5QQ3YqfPJdFq2a6PnO5/2eOrqAyOstcyugb6gMI/UrIXDoLrS1B76mzT4YedJwffK+vo/LtzhOw0/U0FF8/pjPnaeGfFL6eoY0Cppzgeg3CkUV5vNml8a03KppccaXL65uXRHSt71PrrQx8juX8LK3T4J9KVpd4HiQ6u5OcK1YNhqK32zxu1/Gfq2iLWXB1PcIm/983z/APm/9Fq7R8cqCd7hdrVLBGMAOi/mc+vGFYXH+z1UsjdLQ1Ec7BweP9Vi7x8H+pLcwvjoH5HYAlXlMOVlcsbWeqUHX/Q90b/JvMbH43jkGnHsr+FtDWQslgkY8EZ8pyML5kqOkr5R+aSilaR/gKixTdQ2uT5ikrKiCRvcav8ARVtyEoqXR9T/ACjRkNHC42nJOy+d7f8AFbr62NDZbiZgO0wLgtZav7RFdBEGXWzxzFoxmEaT987qnHBbrPXXU4GPIU1kOnchYqg+O/R9cWfNwVdM539TAVrLd1n0Xei2Kj6hpfFIyI3nS77cqN4Eyi0SPDbwuiJv9KlujgP90c5SNMQNWDj1QbyuiL4AI4Q30jSN8Ka6JzRkjCYASdlXyF8orDboQf7v90I26E8MAPqrcsHJCZpb6BT5UUyjloHk+QjAQDQyj8IWiEMbuQkaSIj6f3RqSYWUZaSieDggfohPoidixpC00tCwnZo/VCkoG4zpCm8NPHRmH2imdgGmb+gUSo6btb25dTgZWqfQHnTj80L5Bx3wi3sF4Zi5OkLY4n+T+yju6GthzhuPyW5NGP6AhGkHOkJvyMW0kYKfoCnfvDgqtqOgcZ0xtP5r0x0OGkBuFHFI9xJxhRW4K2o8uf0JUgktpGn81Gk6KreTDherGFwK4WHbZM+aS6K+NHkp6PrB9UTf0TT0pUgZMbf0XrPhNPLG/oueBGf+E39EPzSfZPjPIx03MHYLGozOnZMbtYvTJLZRl5cYOUF1ronDHg4U+QGVWTzn+AStOAG4R4bDBjzDdbaWzwDeMEeyDFbow7BYBvyhyv0LdODJf7Px58j8Io6bJA0zcr0iDoOpqYhPHV0j2u4w/cI0XQVWDvVw/qgyiKtHmX+y1QSND9SeOnauDBdhes0vREjCBJXQD81bwdI2VjQ2uroDn3QykolqGDxaKjERDHkb+qs6ahjOCC0L1yPoDpOoOprmSn/CUeL4fdPMILYEvKLfR5THQgkYUiO3F22nP5r12DomyxgYgCMzpazRnam3Q7kLbweTssjjg+CT+aNHYXHA+XK9bZYre3AEAwpUFrpITrZTtz7oZPJPlweTs6bkcN6dyMzpd7iAKc5XrraeHP8Acs/QIop4sf3TP0CBIp2nkzekKggf7rsjxdIvJ3iIXqrYGZ/u2/oixwMx/dNP5IcYFO3k8vZ0aefD/ZTI+jgAPIP0Xo/y7O0LV1tOzO8TQryyvlMDH0njA8NSmdKDbyBbsU8YG8bf0XRBHn+7CvLFztMSzpUbeRSGdKt2OgLZiCPH0BNETAfoCmWgPlZlm9LtGP5QUhvTLBg+GP2Wn0NAHlCWB6BK+VonysooOno+HRtA9VIFgpwc6R+itslLJU+VlO1srW2ambj+WEVtrpm4PhBTwx2fRdDB3Qym5AOTZEFFTgY8ILopIAciL91L0N9EtDfRBllbiOImjYNC6I88DCkeG1IRgHIVptE3AtBxxsnGIHujFgQizc7ot5MjfCb/APKE4MGP/ROxnsl3x6K3LILlgZgJxAHZLUE07blCXgYXAdk11QfRcM8I5chOq6cDn9kYtrLH+O4bYS+YfnbI/JRHXCAHCb/EydmuH6K8BbeMFh40/wDWlrceVW/PzHcOGPsufPT/ANQ/RUBGPJbB78dkvEd/8pVQauc/8T9kE1c5OC/ZQP48l9449R+qXjj1H6qkE7zuXFLxnHklQD4y8E4PcfqnNnh5NTF9sqgMrjySuA78KynWkaRtVTY/vP0XfmqbtIs6Dtyu6vdTLB+M0nztKP8AiJfO039az+spFxPcqgHWjR/O0v8AWkKymJ+tZ7UU4ElQp1YNGKilPEq6yRpyQQQs3kjcFO8WUfTI4fmoC6smlyllZs1NW07TFGbXVQ/4p2UFvT5L/B9ERqz7bnUgY1lEF7k06XRn7gqA/wAafovUlUQ3wZ0vjOPXKOLzTHsUWQJU2RLBJRBc6ZwyCUZlTA8AtkG6mSnCS7JCSH48f9QXfFZ6oZSwVhj0kkkBNuRyc1cwewK7p9QmsUk2+AiYdiuknOFxCUdJyuJYSUIJJFSUByI7jCCQccoy4TjsoTOAHm1I7PpCWhvouqEbEkkkoUJJJJQgkkkleSCSSSUyQSSEkqyXgKeEwbpqJp91AZREAF3GEzAXCMKKQIRIDVsFzOQU9uBsrcsEGOa9hyDhdXTg75TA/JO3Cvskzun3T2puQugg53Qgjc5/JcdKwjTIDul4ZznC60eqKLSCAPtlLM3yeQnuNlDNBX0bwYah0rSfxHKs3AkbHCEW1A+k5/NMTIRGVrtXh1ERYR3xspDXA7hwKT21BHmjDvuooidC/XCC08OaeCryHFZJPjYOCjtn2+lQRUwA/wA0IokicBodlQko4Jer2SDAOO6EGZGcpeKPT91WC8HSw42OULVKwgkah+iL4nshlpfjCJZJ/ke2ojDdLxglDfHBKMOII+y45mQdkDS/tlTc0ydDJrPSTNwGgH1CgVNjqI4yYJRJj8LlbNlc1oDuyQrYCcaiD9kyNuC02ZV9FICfGp3BQJ471TAm2zCTHEcm4W8McVSMHB7qNNaIG7t7rRC7BfytHnEl5tlYDQ9T2aOJ7tpHTxeU/YrPXb4Q2yva64dHXD5WR3mEYdqY729l6pcbLSVjDDWU7JWn+oZKzk3RtwtjjVdP1j2HnwXO8p+y30a6VLyi1fLPB4hdqbqvpSYw9S2R0sB2E0Yzt6rlJVUNeA+hqAHH/huO4XuIvj5Iv4f1ba5GxHyucBlpWR6q+B9h6gjdc+ibi2grRuMcZ9CF6TQeZ9WD1dFr7jCtwzImi/NUl3sMFyjc3ABO4PoUW6jq3oeYUfV1tc+IHDamNuQ/3UqiuduujBJRztJPbO4XqdHro2cxZl1NNWojiSPNLv03cLY4vDC9nq1UdQyKZhZURAn3C9pqo2FuiaMOaecjKxd+6LbWOdPb5Bk5Og7L1Oj8hn82eQ8j4NZ319HldXazCTPRvII3wCohqXyDw5zuNloLlRXC2SkVEDgB3wqmrbBVMGGhj/UBd+jUqf4nzvy3iW7MRXJWVFM541sIIHZV8rc7EcKXUOmpH4IOPUd1Fle1+CDj8l0oWJ9njtVpJ0SxJAYZn0kwcw4B5B4KtG1bZ2jZVNRGXDI7IMNVLBKNPHcJjeDDOKZdk5SL/UoDK5sgB9V0PDhkHlFhNCtuBszg84xlZW/dOQzl9VTNLXHctH+a1hZ6nKBIzOwWeSyNrtlU+DyiWGSCUxyDBCR0uaBha/qCwCQOnhZvyQFknwGLnss9kDuae5WxTTAGMHsmeHvlEPKcs2w1ZyBMfoEx0eRvspOAhuYCEqUC4zIEsQb+HdRwc52U+RhPblR3RejeUvDNMZEXGCE1Ec12c4TdJA3S5jcjCMoL2Y4CkYG+/CY/BGxWeUcoYiI4b4XYnFpSeDnITeHLLOOBqbXJc0M+QATurSmcSQVnqKTw5RurunlyAfVInE9BoNQ5R+4tGnOMFTKaTDwcKsilAxlSoX7A4WOxY6PQaa32aeiqCWjKlNcBvlU1ulwAD3VjnOEJ3KZ70mSpfM0qoqhg5wrSNzS0glQatueFA7VlEKKQtOyuqZ4lpwHHdUowCptPJsAiTApnt4JkhLcA91T1rNM5x3VrnKg3BgIzjJRRRL3uWQ1DIPDDDzhV11YRMHjsi0L9M4B4TrwzIyFogsGTUy+SlNEKObIHG6qb5FGW+Jp+pTYt3Yyo92YXU/2yt1B57yP+ppmigos6hvwf2V3BIBg4VDTu0PGPUq6gILeV2aJcYPnd6wx9UCcH2USDIdgqdKAWfkVXh2JHLQ3gCKzwTmvJSf8ASU2PsnohU1gBw5PqcPixlCk5C47JZjKXLoOLwysf5H7I7PO3HCHUuDX5KUZB5OFmzlj85Q5OPCanHhNLQOTk/ZV8hw4Kwk5KrpgQUq0fWPHCR+kprOyTwSNkljQDyd91GmJGMKQ9R5+As1o6I+I7j3VjTqth5arKnRQF29jhyiIY5REyYoSnWjeo/JQeFY2dp8Uu7LJaO0izMuadokmY0jYndaQtEdO1se2yobeAagEjgq7c7bCxz7O/R+O4G45ad+ygS6nu0jlSXvwCOyFQNE1c1pG2Vs0le+ZyvLahV0tv2bLp+kfBSxtd3GVqLe0MbnG+clVlDGGwt0jgBXMLBFCG9yMkr0lVeD5jZJTZb2WJ9TchK36WbrXPe7IaFnumIC1hk7Y3WgDhqG2Vqwcu15bRMpQWjcco1TP4FM+f+gEpkQAbkchU3VNbIaNlBCcPqJAzlLMyjlj+h6Qyvq7zUMPi1DzpJPDey1qhWqlZRUUNONi1oz98I88oa0tG+QowLewFNGa24l7x5IuPRXDuVDtMLooC543eeVOUyLayPTk1OVFDUkklCxA4SJykmSSiJpccYwgLj2U/U9c2MMpmHLjufZePfEu4vmkhomnDT5jgreXa5PfJPWPbnSTjPovJaycXK6TVsgLi5xAydgPYLBq7vijk7vi9NK+xRiglDAIYWsAxkbrD/FSEtjhcBsV6HTsLm5I+yqOrLOLrapGaNT2+YLys9c1fk+76Lwal4t1qPOMnhaR4RKmF9LO+CQYc0kIL3ADldyq35I5PGzrdf2sYSCThFj2HKit5UhOU2hT/ALnH5J3RYAdkMcqTA3OCQn1PcVLGCSzyNUSod4hypU+GQl3cBV+ov34RWS44F4OcHZGgPqgrreeUlPARM0jHKC9uyc3GOU/T7o39yL6IoBacqZRT+K7wzjhAe3YoUOqCUSDOAlPgdCe0ug3BJRo9tlGpJ452amnJPZSw3BzlXlHRonuSYVqI0YAJCYwHOVIYBhXg3wimAO/IXAwFGc0dk3T7qhnxkdzADsF2OTScYRnNQS0NUA2hZYW1EeCOQszcIPBlLcbBamFuRj2KgXCjZJC4ObvyCPVWZtRTuWUUlHUljgCtBSyiZoGQsvpMLtwrC31mCAUuZNJqNmISLqrt0NXEWOaNR4cFkrhbZrdLol3B4K2lJMC0EjKNU0MNfE6OUDJ4PogydG/TRs5ijzrThcIx3VrdbLVWw63gOiPDm/6qoe/Ks49lcqpYkjhXEkkAkakkm6vZQgNJPSQEEkkkoQSSSShBJJJKEEkkkoQScN01dAyhkiwaSSSV0EPSSSREEkkkoQSSSShBJJJKEHHhTbVH4k52UNWdoYYwZnN2J2TaVmYBMkAGQFEn4/NS5SP1UOflb8ciZvBHPK4unc7LoBylgyllBGjKBLzspH4SobzhyTYy08jEkkkoYcBOURrQRkhDAOUVn0hQMGkkkoQMuHhdSUIWnT0TJKvzjOMLatAA0gYAWd6cp2Qw+M5mXErQRv1Y25UO5oo7awy7krg3SUOipYOgnKKzhCHKI04CuK5LUshgcEDOyIOFGJyntdg87JiHNEpJNBGE5WUJcJwMpqG5wxlQGTwKoqAxuc7eq8/u9VJPXyE7huw3WrvFS2KmducnhY6R2slx55yiPN+Xvi8QiCDg7kLuPQLpAz9W60nS/TdRXPFVPHiEdnd0yurfLBwLroUR3MkdK9MOlkbWVTATyxp4HuV6PSUjIWtOBkBRqelipo2siGABj7qbETsAF16qIVdHmNVqpamW5kgNDeAjII4RSRwtRzrPSYUd0F0YJyCjNDnghgyTsMK5tXRNzrwHzYiY7ff0VuSR09D4fWeRnt0sc/8AoUTQX7MGr7LRWfo2suLWzOjOPTC21o6RttvjaGxMe8ckjK0MMLYWjQ0AD02S5WH03w/0HVR/qa97n+jP2bo2GhYTOwEu9lcyQUlE3yNa3Cj3e+toAWNkGvHHqqF1PdbtOXSSGNh35SlmR7mnSU6eKqpikv7FhLdGzyGKjBONiU6GnnJD5O6l0VtjhY1rWjYc+pUp7NuFXRvro28kRsTQMYTtLR2T9OCmHhVN/obhIaeFHO2UZ3dRnEDKUImCkk1H0TJJAxu2DlCmmaO/Czt16gYxxihfxsTlGlky32wqjmTJtxucdOC5/wCQ9Ssddr4Xucxhy4987BCuVfJVOGp+cbgqtkaDvlMVeTganWOz8AT3OkeXvdklNcCeEcRlEZTkHICbGH7OXZPf2Q2wudyjR0wGCppgGAA3H5pzIS0/dNUDNJMjsp842RI4BkEDCleGMDZMeWsACbGIiw4Y2hvHHugmVu4JC5NVsjaSTk+iri+SoOzTgojPKaXAOtuBDiyE57fmgwQVU/mnIAUxtJCw6i0al0l3AamCprPJxogh24K4Xl+zeD3TxCx5BeN114ZGNhsoKGNiY46njOF172s2DUKWfAwNvdU9TcdBfibOlUDKeCzqanAyAqqWrLyW57qM6oqKjB14CdDC4nJ5VZAk3LgcXyOKQjJIOPzUlsQAzhEbHjGGqNpEVb9g4odskIuljRldDwBgNQJjngqnyMUdonvGNsDb1UbJcXBEETnlSaejLSCQqBlDJDZSl7twp0VIG42wpQhaABpXHaWDAQt4F7BvhNGDj90yR+G7BMkmIOwQJakNbqI4QTlgro6ZAM5VdW3KKl+shQ7pfoIBhnmcewKydTWTVcrpJHfYeizT1MYgSeOCyrb4ahzhGck7Z9FVlxc4ucckoQxnbunrn23ysYtjUgSOCkutYXHHCS3wX3wh2pIEk4yjMp84LhspcdPCzBLN0uU2h8Kpz7RGZEXDjZHZFpOdP7o7QwZw3ZdYM/klyk5GiNKiNO4wuEZ7ooGF07KNYHxh7BiPfcLohbzj907V6NXDlCPUBOhadgFxtJMPNgYRByih+yhaSQHw8bFd0BP1eyWT6KFMbpHom6PZFTstG6hWCP8ALhx4Tm00QHmAJRHyADAaowlLnEK8sDalydkib+Efug+GMhSGRl3O+UdlPCN9O6mRdiIrKdjm+ZuUJ9AXnLcYVk3wGYDtgniOF2PBOSmLLETUF2VJonDG3PunMt8jhhrTlXkFtnk3LMBTIqER/hCdGDZx9XqYxltgUVJZ5C/MjdvdThZm/VC9zHjuCrRsLmj2RWs9Amrg5z1E89mkprkGkHJGw3CtGV5ma3U4OxwslA/AAKsaaoDRj1XiNR42uXSPb+M+rb4tQveTTNqhI3ScJlRDFMMFoH2VVFUFpGFNhrATuFxdVolXwfR/HebjbHMmMbJPSO8KQFzex9lIjngmHmAyiOcyVoGEF9GHeaPyu9ly50HpdPrflX9g4bo3YSMe6JFcXxnRINgq8VFVSvAmw5n2UlstPO3bYrLOlp9HShqIy6LaOoimA3G66WfkqYAxuyxxCnwV4DQ2X7ZSJwx0bIW4JG/fdBngikHmYFJY+N+7SCk4YGc8JeMDE0ymltxadUJIKH83PTECVpI9VdPGcDShPijkbpewEe4UGPhEWGtilGWqS12oZUOW1BrtUOrHp6KIZaqnOh4dpzgZVpEi8MuMhJRKepbK0ZO/cKU1wcgY3I4cp4IxyhpuT6qi0w+R6pZHqgZPqlkpmBpIawO5QpKYu7YC6yQN3RPHa4YLVRCG6EjgJrC9pOVNGkndMfDjhqrCIAbOTyN1Kgq6iJ2WSu+xOQo5hPbZPDSM7Kw08FpBcy1we8Bp742V1T1NtuLRre0Se55WPL87Jwdj6XEfZAGpZNdPa8eaF2Qq+ekmPkc3hVNNeq+jcAJS9o7OK0VD1PQ1IaydoY/vqSpRyEp4Zn6y3yglwbt7KGIiw4Iwt7Gy2VpzBIwuPIyos9ghe8kMx+SVKrI12ZM3a7/d7RIH0dY8NH4SdlubL8XaiEBt2ohKwbamLI1nTNVG5zot2+ippqWppH6ZmOAPfCyunAW499t3VdivMbH01whie7/hyOwfyVqGVJw+Aah9181BwHDh+RWisHxA6isuhkNYZoWbCKU6m4SnSFk92E/hf9rZoJ4XHmnqseHICsPavixaqmMC9Uxa/glvC1VuutgvTA6zV8Wt2+hx3HskTpxwHnBKkoIzuGblQp6CRnI2U10VzpvM2PxG+yaLnGcR1ELo3DbJSHS/RfyYZVup3t4agiaupJBJBK8EH+rZX+mGVuW4OUJ1CHbjAQ7WGpJkWl6quVNJqqoy5h9FdU3UtrqsB0wjcezlVS0UbR/MAcq2WzwPeXNJb9lWGRxN21zHM1NeC1w2IUeSIOzlo/MZWFlN4tgHgTyPjG4bqzhTLd1xU0+f4hTZjbtkcq1JgbNpY3Po+03Jz3zUjA5w+pgwslcfhg1ri631To3HcNct5Q9V9P3OQRxzGN5H49gVZOZTSjDQ137otwt5R4dX9I9RW5niS0Jkbn6mbqpDpIn6ZGuY8dnBfQpoGyADJx6FVFb0vY62UyVNDG547gYU3IDB43BcKiLZkz2j2cVfWzq68Uga1tRrYONXKvrn8NaaaUm3VJjLtwx3Czlf0V1DbCXMg8Vrf6TuqUU+Q8o0tB8QnB4ZcIQWnlwCu6brOzSnfj7LysuliOiqhcwjY6m4UmCaJpBBCJ1FtZPa6K5WqoYJoatrT6ZVjFUwT4DXB68ThqHlo8ORwB9CrOjvt3oQ0wVOoDs5A6kwXWj14Oij4ikdnnSp9NdfBAHiam/0v5C8po+vLnTzA1cILD/TytJRdfWOqLW1BMRd3c3/AKJUofoROGT0GG70z3gEafzVhHLDKAGyNKxFPX2itP8AutdkqUYqgAGBziPukTqb6M8q2zbxRAbgIohPJ3CxcF9uVJhnighvIerag6xpZcR1ADHd99kKjgzShPuJa1Nkt1S7W+mYHHktGFWTdKVTCZLfcZtt/DectVxSXSgrCBDUNJPYlWTCMbD9FW0FO2L5MFLJ1DQP01dpMkbeXxA5XG3+hc4NnLqZ3GJhp3XoMnHmPPqq6qs9tuDTHW0MMrD2cwFLl3giv/ZQU9fTTgeDK1/2OVIByg1Pw/sWddI6qpZD+OCUtd+qrn9J9TU2Y7f1K2aE/gq4xq/8wxlEmOjZXL2XLHEDAdt6ZRSWuHmOfus1LcOrrWRDXWITgHANKNbiPXCEzri0FxirBPTSMOHNkidkH7YVbmy0sv7DQy0FBNtNQU8o/wATAqiv+H3Rt0a4z2xsbj/3Ywp9JdqCreGU1UyQOGRh2/6KblHGxoa5WLo82u3wL6bqQ40E5Zq58Q5WYr/7PdQ1maGqiqHd2huk4/Ve3uG+Dt+SQB7FErQlfNds+Zrt8EOoqXJFADj0WUrfh71BQyFjqB364X2LJlwyXE/dQpKWknyKilY/7gInYg43Z7PkBg6ysZIpaqui9NMhIC0Fs+LfXtrbpkqXVGBg+MMr6OqelrBVnMtvjyP8IWcrPhTYal5dEzQT2IGEG9SGb4s84oP7QtRTNEd26cMoA38N+Pz4WotXxx6LuYHitmpHH+vBRLj8F4SNVO6J4xuNll7j8HWwuy6KTb+lqvASnE9NtvVvS93w2lu0DiRkt1bhWTX0cx0xyscecArwmp+Gog2YJMD2QWWHqS2PD6C6TwhvDWvKXtZUo56PfflTnLWnC4YHgdx+a8Yp+peu6EBjq8y44JVjT/EvqulwKumimH23U2srZ+z06SKY/SRkdkMCrj3fTkrF0fxdaTi4Wt7f+UYVzT/Ffp6UBssUrPYhEmw9vBbuniOzmOaRyCEhLBxg7oNL1v0vWYIma3P9asoq/p65ARxVMWeeQEzc/wBE2EJzIHHIeFxtKx2dLhsrY2iz1A0xyeb/AJkKTpuMD+TUln5pfyCpRKmSiHOEFtGB+Eq2dYq9m0VVt7hANrvTNwWn8lasyyipqKI5GGlCNKcZ04VtJR3hu74AR6hC/mM2lhI+wTt3AZVOock7ce6EaXHLVavMec4K5mP2Q7iclUaXP4UP5I9irnRF6D9Uz5dh4P7q9yIU5oiRjICGLXg5Dwrr5V2c4yE0wO7NV7kTsrIzV0u0JwB6cI7L5dotuw9lL+Wfn6UnUUjwMMCDfzgAPS9UQhobVUw1cEhWMd06dq8eNCc/ks/JQvDiDHnPoFxtmeRnIGVTW4j6NnR1HTsY1U7iw+5VlHcqF2AKgYXmstumAzHIf1XPlLpFgwzHP3KHKFSPWIamjeNpwpERhe7LXryaN/UcZGHAgfdSo7n1THjzjZBkRKLZ6rpjGDkBOAaQMELyv/a7qSlODGHkerMro+I3UMOM2/OP/oSgHxs9XbGCchFYzG+F5VH8WrrDgT214+0akxfGJzP76kkH2arLdbaPUo2AfhKJgLzGP40U2cGkn/8AJspcPxno3Yzb3j38NTImVU30ei6fZINwc4WEb8Y7Q8gOgcP/AAow+LNj2yx4H2QcAOuRuw32wujZYlvxY6bIyZJP0XR8V+mif72T/wAqnYt1WP0bZNcscPil00R/fSf+Vd/9qXTfaWQ/kqaK+Gz9Gz1LuQsW34n2A50tld+SGfilbBuyjlcewwluBPhs/RuMhIHPCwh+KzXDDLRLj10cqOfibc37UtkkP3apsyX8Fn6PRkuOV5o/rvq2c4p7OGZ7uYhv6j+IUzctZTR+mBupsGLS2M9P37tIXMryZ1x66nkHzd1ELO+gpssFzkP+89Tzj10uwj2B/wAN+2etSVVNDvNM1o9yo8l7s8e7rjAPbWvKW0kT3FtTdqybH9T9ijC1W7SCynmkJ7jKmwn8Y9JPVNjBx/EYSfZy4eprVjLJw77Lz+jszXS5hoHtPrLwrWGz1pA8sY/JTYD8RpndTUpOGNePfC6L3SO7lU8dhmwC6YD2RobFCDmXf81XRUq4rksTd4OQT+SRuZmGGtkOP8KDFbaeE6mMyfdSo26eMD7KC+EDxLINRjx90RrHHPkARcA8hdVgkYwNJ2ACXy4O236KTgpKEI4ohjlL5IeqlJKEIvyee4XPkf8AEP0UtJQhF+R/xD9Evkf8Q/RTV0Nz3UfBCD8kf6gl8kf6grHwjjOE3GNlTFWFf8m/+oJfKP7uCn6G+i74Y7BUA1ggeA70S8B3opxiB7JeEPRQvDZC8J39P7pCI53CneGPT91zS30UJtZGEXqEvC/w/uj+Vcy1QvDA+F/h/dd8M+n7ompiQli7kIZLJTXA0RlcMWEQTUw5kSNRSjfxFQO2WQYgPou/Ln0CcK2mbtrXPnqZv/EUGODkL5c+qXgvHDkKW8UUf/EUZ/U1vA+tXhi/gsfotGGRvlEiIHSnh6oT1Lb848Qp46kt5H96r2sr+NP9F4HVfIqfyS+cq27GYKh/2lo+GTlc/wBoISfX81FFk/jz/RoW3WpjOdWU8XufO5z7ZWdF8h9B+fCI29QnbNKPz3U2st6Zv0aOO9jh0JP2KKOoKMfU1zVnmXGF2CKimHtlTGVUTx/fQk+wR7WKlpYrtF0y82923iOH3CLHX0cpw2oYfzVEGxykAaD9k8W/b+4/PKBvAiWnWeDRipgPErSiam/1D9VmRA5uzXOBHAymmC6NwYXvwPdVhinpf7mpTRkdlmPmr1AQDFMcfonC9XgbOo/zIR4ZHppPo0yWR6hZ6O93TgwR/ZGbd60j/srCpgpUzRd5HqElUNulX+KlGPYJ4vGkZkpJB74VYKdcy0SVX/H6QHDo5AfsntvlC7u4fkrwBia9FikobbvQO28XdGZWUz8YlG6oLDDJJjZ4nHDXBPyPUKEwxJJZB4KShQkkks5UIJJJJQUCTwSmLrVGSccjtXuuZCWMJE4U3A4yDyUslPxn2S0+6mCYY3xD6LvieowueVLyqFBRLFwX7ruR2KY5rTwmvGoYBRkC5yuOY131DKDolactkxhc8Wfu3UAoWPNPTv5iCBLRBm8OxRRO4ctRBKDypgmSvcK6NwA3CIJWbeM05U/IQnwMeBsFC28gWStzt3RS/T2zlBdS4P8ALGPzTXMqWY1N1BWCSg4OHplNbG0nIUcvxjXkJzZwz3yoQdJD6DKjyU+sbNAIUwVELxjJBXCABkKLsJJ5KuSOri/u+Eo7jURYEgyB7qx2OyjS0jH8jATkRvI1lxo34EjMn3RhHFKA5hChyWuI7gboPyVdCdUTz7ItzBJtXQU9Wwx1MDZGn+oZVFJ0rJRPdUWeodG876CdlYOrrhRkGoh1s9gj094o6jbVod3DinQtcXkhSVdVTVcBt/WFpY+F406nRhwIXm3VP9nYSsfePh5XMgDvMKcHIz/ovbpY4aqPRPG2Vh7OGVWm0VNDIaizVT4u5iLvL+i6Wk8jZQ/tLTwfKNZW3zpWpNt6toHQSNOnVpyD75UyNkVTEKmlky1w1DB2X03cqGwdVwOtXWNthJcMNe5mc/mvIOsf7OtfYdd2+HFwaA7LzTO8+r2aP1XqvHea+SW2wGb3cHmN1t9NcIH0tdTDcbPwvMeqOkpLaDUUuXxn0PC9XbfZKeodaOrLaaKtjOHgtx+ak1vT1PcacmleyVjh9K9ppfNRpakmcjWeKjqYNJHz06NxYBUQkt4yQqqstzmOL4d2cr0zqXpyW0zkSwlsbydIIWRrrSSC6F+PZev0fkIaiKkj555Hw0oqUZLJlXOwMOAyobmNfwQptfBNHnxGacKrMnhHfuuxXYpI8Dq9I9PLbgM174ypsNQHAAqvEgeuCV0ThjfKblHPnWXQOoJmlRoKoOGCFIa8PCEThjZSANwCstfbCJw6emGHDchahzfdR3xn7oJR3B1Tdc00zzGop5aZwbI3GU0HK3V3tVPWxFrmAO7ELEVlLNRSmORu3YpEoY6O3XfGxDEkIvI/D+64Zcfh/dZ5LA+KTHOYHcpnhDH2RNS6kOI1NohSwgO2CizNLRwrN7Ae6jSxegS5RGwnkrCCE0Z9VLkhI7bqL3wkSWDRFjCBuhO7ox4QXb5wsti54HI5C4tkCvKOcEAZCoQN8qZSVGl2CszWTfpLvjmky/a45CmwkYzlVsDw5ilwvAO5We2B6Sm3HRb0kxY4Aq7idrjBWajPore31QIEJ3KRhna0t+eGWDHkHCZUty3lNMgDkRwyzlQ6TnuRVy5adjhSKeQggKPWNLX5HAXIncKCd21ltG/LeECqZq3SgeMfdOkb3z6piXIU5bobSsppv5p2xgqXcXh1KDzuq8HRI7PZxUw/zIMNOdsrREyRe6Dgyo8Tw5gey5XDVAds5QqjMcoaR3RnP1RkgditdPBwL/vi4GZe3w5dI9VZ0byQN1ArRioKkUjwMfmunSzweqhtm4lkTsVAd/eEqW135qNNhsrsD3WxmaKzwHid5RsiHhRmO4CkRu52U9AuIGYE8Jo2ajSAKNnnJQSljspLkg1XK5ESiVQJdsgQ+U7pEpYZojHKJKemDhOdwjCfAKY7jBUSpaM5AR5DvhMmGRhBYHGWCNECjuAIQYxvsjnhIyPIcg5+yiv5UuXv9lEkSbR0Qsf1NVhBwq+HkKxi3CKvrIq06/um4zunOOCmK5LIljpOyubSB4ee6p39vzVzZ94lnuNGkeJ4Lq3N/m5yrSSQ+ig21uJMlHkfvwsrO4pKMNoyc4GPUKd0vA2SscXtzgbKsqJM7eq1PStIPCLiNyOV1tDXhqX7PJef1Edvxo19K0NYNI4U876R6qLStAYB7KfRx+NVxMxt3XdXB4S3KNhaYmR0EZa3BduVOh+rJ3QYWtjhawDGAiweXnumM59jyTGPIH2VLSxMu3Urng5jpGglvbV6qwq6r5WnfNjgLvSdCIaKSukb/Nqnl7j7Z2UErhNsus47pmtxnYwDOpcmOTsi0bMSte4cKsi28osmN0tDV1LUCujlWDDsKxEcuMxjJTHn0KUQS5kJHhNQt4IPVN1RX/J0HhtxrmBaPZXRAHPCwHUVa65XF2g/y4PKPRC+Q4xz0ZXqasmpbKWRk6nbErHUMRDQ4jlWXU1yNZWfKxn+VEcH3KDRMAAOMDsvOeY1GyDR9R+i/FTnOM5IlwRYZghOMbeDx6KRHH5cAIMrSH4xv914Seqecn33S0OMNqPHvib0tLb6kXWAZhlcQcDgleeOkJOF9N3izQ320T0EjQXObluexXzn1BZaux3aegqoiwsccZ7r0XifISv/ANOXo8D9S+FlpbPngvtfZFaWgcruoeqBkroJyu+p5eDxzRKG/G6nU4ACgwHIGe6mDZi21LgRPvB2qOW6QVDIOUd25QyFU+ylygaSR5SQEHhxyApOPICoR5ClNOWgeiZDojG4OpdLQWooaD2TcFRpMuPeAdPJ8tLrA27hXdNMydoew7d/Yqlc33R7fU/LyaSCWuSZJo36a3Y8Mv2N2yiIbS3SMHOUZudQyijLB14S3I5gruh3ojt04GF3AUNaWSMY3Hso8kZyCrJrAgyxBw2ChJQwRYzpxunysD2gYyhSxnII7J0b8DBCguUcrBnrpQSwymVoyw+ihMn8Eg4WqqYvFaWY+rZZWupXwTua78JQM5t1br+6Je2yujeG5djO35q/hlG2BlYSln8NwyFpbbcWuaAUhs6Gj1W5JSL6WlgroDDMwFrliL/0tPbCamDzwk747LbU8oIB9VLMMdQwxytBa7Ygojo3UQ1UNrPINKRGO61/UnSEsDX1tCNUY3cwDcLIuyMgtII9VDzl+nnp5bZIE7ZCRXHB4QkLWRKEkkkqKEkkkoQSSSShBJJ6ShBiSSShBLucbLg3SO5S5ssYnpiehQQkkklZBJJJKEEmJ6YqZB6SSSsh0Ak4AyVf0cTo6drXDfCp6KLXUN2ytCSNOwxgBPpjhgyWSPNx+Srp3E7YU6dw9cbKE4hx+y1PszWAosk5d3UgAYQw30CezsqIOd9JUGT6ipM7tJwVHLgQUibDgh2R6hLI9QgknKQJyljQwaAcgLqY1wxud13W31UIDSSSUIGToWeJI1gOMlMPCnWeES1rds4x+SsOrLmkjTW5pZA1mnGFaRfSFHgABwd8KQ3jCo7tC2rAUEYXcj1QslLJ9VZpUshCcIrUBvmR2psYhHV1vK4kiLUwwJwnJhGU8DCgeRNGM5UaZx3GUWQ8YKh1mS3AVpZMupu+ODlgpL7P4rxC050jJVKYyDjCup4i9xIGdlb2Xp/isqmjf6WrTGnceG1eti5ORB6b6TdWyNqa2MiIbgL0SGCGnjZDDGGtYMDCi0nkAAbgBTG6nbBp2W2ijHJ5vW6iV0sthEaE6TuEW3W6ouM4pqdhMhGQMLb2f4ZV0r4561zWMA4K05SOh4vwGu8s06IPH7ZjGRVEpAhhLiVqLX0Lcq5jXzkQtPORleh23py221gDKVpcO5Cn6QNhsFTszwfSPF/+HenpxbrHul+vRQ2zpW221jQ2Fr3jkkK8axrWhoaAB6BP0+64QAC4nAHJQSbPe6bQU6GChTFJf2EMNB9lTXW+OaDSUnmlcNsFMr7q6tqG221tdI550vkH0t/NTrTYIqEa3kST75cdwPspkd8W/sr7ZYXOc2tuPnkdvgq8bAG4OBjspL2YAGE0geqr5MDVp4xWUMAAGAmZHqnu2BUQuIJ1FA7MhYxwPe4DcEKLJLnsnynChSz6W505V5yJmGfIGgqqrKyGFpErw3Ki199hptQduR791jLndpK2VznZIzsp2crV6yFTwuSZe+oS9xp6c+xOVnZZHSAA7onhl7s+qPHSnI2ToxPP33SullsheE4njb0RmwEb4wrBtO0Y8oRfBaBnATcMyYRXinAH0pwjGRgKWWgZ24QQ05ymKIi3AhFtsE5rcduPdE1gN3USSYDP/VGZ5zSCSyNY3sqyonc84wnyyFx5KZgDcozHbPPAB0LpSCTwniMRt2T9fYNSERO+VDNLkFu4ouGNaCcE+mU5wZG33wojn6t/RG3hFN4HvnawKur67wxnOD2UevucbQ7S7cbD3KqHvq6o7kkIVPIpy9D6mvqpXaWnYoMELnuy47qRBT4PnajOiaMADCFzB25eRNhbgbfupDWhmDhMEZGCQjfSACgzlhrgcM7AhP1Nxwha/QJvibnZSTDbOvdkkeiHpc524T2sc5wyP3U2OnBAIGFabC25AxQYwSFLjAGMhcc1jMZ7Jks+QAAoTCQR7w0YUSYk7pPdncnCr6y5RwMLieOEMpbRbeA80wb9WBhZS9X0yB1NTnAH1OUG632WqqHMY84HoVUudqOc4KxX3rGEIm8ic4k8lNO6SS583ufItrPDOAk90Ub5Ca2NziNlNhpG5DnDdAFXVJ9Ao4C7fHKkRQAEbKQyINb5QutAylpbuzdVQl+XYmxgAENz+ado9kRpyE5U+DRtx0BLCU5ox3RElRMAycdktXsiYK7pKsao5BsaB7p2lODSUVsBO52VDVHAHBwhaXZ42UwR4O42TgG42aFaK2biO0HungDCJpH9P7pmMKsBbBIRBDT5k9xI4CY1jiULWQJRwNLSSutpjnPqjti1HhS2wN0jZEo/sRLgBFCGgZG6TosDnCkacHhPMJeNgiUcsRbbGqOZFf4Hiu3VxQ2wRhssg37BGobXpxPKOfpb6KxbGWrTCB5XXa52ycawYa7GAu+GSckI2kLuj2TksHOdj9kfw2ngJNj9lIwVzQVQOWRGk5UmN+O6iLuTnOVw7K0Oy85LWGbON1LjmPIVIyqII5U2Gp2BWC/Sxm8s7mg8zbQ1FsuYqpw2wpkVYCBwqRlS3ghGbICM5XKu0MfSPf8AjPqKSik2XWuOQYcAQo0lI0eeIkH0BUSOpcwqXDWDO+y5d+lkuGj23j/K1XYwwIdURnL2nA9UZkgkHIUgvhlGM5KizUJbh0OTnkLnWaZf0neq1EnyuUTYZSwANdjHup0NSXgAkErPCrdA4MlY4e5UunqNWFjsoaZ0qdTCfTLwFrxgLmn3UGGd7XagdvRSG1IJwUicfSOhGSwSNPuumGJ394wOXBgjIKcG7cpbWA0k2Qau0MkJfTuMbudlX+DW08m+o4Wia3UmviyMKg9hUxzPOz24RQ4HujTUmN2hRDTSg5apnBTbiSUw8IYe5ow5qf4wzjCvISeRpLspAuCdsUiBhTAeTrZiMDCO2cYGyiEHOyQDsqipSwTg9p20hPLGubsQFCaSMHKIJSMeyhFLI51MDkoBhcO6kiYY4XPKoNAHPBCaW7cqW6IIJhO5Q4yQBFNU00gkgkc0j0Kv6DrOop9MdbHraPxDlUpGn8OUg0HspsbLyeg0F/tVwYA2QNcezipr6CCsYTLCyVh9BuvL8ac6Tj7KfbOo7vbXhsdSSwdnHKVKGAlY2aC5dFUchL6LMbv6Tws7X9O3OiJ0w62jkhaWj6xhnkDakFueTlXLKmCsaHRStcPQFA6hsZZPKnyOjOJm4+6lU1e6Ej5WUjPYFb649PW2tyZoBv6DhZWu6HqKdzprfJqaPwlIlVlhKTLm0fE3qW2N8IzsqothonGoYW2tvxXsVeyOK920UZdtrj3b/wCi8YlgrKR5bUU7xj2XBVMccenbKW6eC3LJ9I0dTZrpGH2q6RO1DIGrhPbHdqd/mayWLseF88Q1MjWDw3Ob32OFo7X8R+q7aGQisFREzYRzDUMeiS6MBxl+z2d1dE0Ymjc13BGNkRscM2HRkHO+yw1u+KdqrWMivFtkgkdsTH5mf+i0tHc7HWtbJZ7i1rzvpL8fkkyqG5yi2+WDBgtByoVVaaSY58EanegRW1dVG8GUah9tipbayknYBgtclSqa6A34Zl63pZxGunbpPbCgMZ1DZZhNHJOMf4i4ELdsxpBbuCiOpw7lodn1CS62VvT9GUoviBX00oFdDrjPOBwtLRdcdN10jWSv8Fzu7xsotR0zQ1xJbGI3nuBsVn7n0FUsJdTgOzwQqwycdHoobR1TWyU8sbgeCCgzUMxO5yPULy35PqywYmp3S6W7ADJA/JTrZ8SbxSEQ3BrXtbyXDDkaAlDBtKuy2+sjdBW0cbwfVu4/NZqv+GVtneXUMkkRPA5AV1bviD0/WlrakiFzu5xgrQQVVBXRh1NNG9rtwWkIyYZ4/cuiOpbO9z6dhqIhv5eyoxW11JKRPG9hb9QIIXvroJgeQQfVQq60UFfF4FbRskb6Fo2VjDxpnUMJIZO3Y+inxVtBUhpMzGZ4WruXwusFXG75TxYJTuCTkLF3j4c362lxp2GeIcFqppMrGS3hZVMxJS1OAeCCptL1Hf7Y53+9SSNPZ5yFhWz3e2ZgkfNGW7aXZU6HrCenaGSwCUjuqcUwXFez0ql+JsHh6LvQM221MGD+ato+pOlrgWtjqoaYuGdRfg5+3deax9R2CshDqiExvP1bI7aDp64N109wpST+DxMH9Ev4UKlGK4SPT4opiRLbq5sgG7Sw8hGi6m6ttc+uISVDB9bdOcLy2ltFzoZWyWq8yRBpyGskyD91Pb1d8Q6J7mOlbWwjGz+32VOkV8SfZ6xB8TpGn/f6CRvrthXdH8Qemalv/b2ROHLZTpOV41F8TC4FvUXTj2s2BmY3v9kaPqf4e3QOk+aMHoZBpwUidG4XKir2j3ynq6WuibLTzse13Bacgpz4iPqaf0Xi1LQsDW19iu3AyHQTZ291a03UfWlC4ubcoptQwBNx+SW6GkJejT/BnqUjO5GSVBq6GjqxippIZfd7MrJ0fxAu0BY27WlsjDzLC/P/ANThW8fXXT0jtMzpovcsJCUq2mVHT2w5B1vR1irm4fS+D/8ASToVS/oS5QHFt6sroIxww+bH7rVC6W6X+ZT1LHsIB2Iz+YRYqiKYFzHDAOOULi0E52xMRIPiHaZG5jpK+PgEjzEf9V1/Wd3pA3+LdOzxjG5jbwt2/Jxg8Jpa131AO+4QbmErFL8kY2n+IFlnA8Rk8YPdw2VhB1BZagjwq1uT27q3qrPbazJno4nE99AVTP0RY5eKcsz/AEbIlJewl8XvglR1FPMMwSh4Pon/AJKjn6CMZ1Wu51cRH0+fZdisXV1Nv8/DLjgHKmY+i3tf4svWg+i5oBOXAO+4VN4/U1IAayg1NzuWBFivLgcS0kjc98Ik0RcEyW22+c630zA48kDCgz9LW6pz/La38lK/idO8A6iD6Irahrvp3/NMbxyMc5R6M/V9C0jh/Lc0bf0qoqfh49+7NP6LdNnzgYRBNnG3KDeV8svZ5TWfDus1eWFpGFWVPw+rY9zTN++F7O9wyN+E7SCO36K4zSGRvweDSdG1UTtosfkVEfba+meWx+IwjuCV9AupoH7PiYc/4Qo77LbJPqpWEn2R70wnqE0eENqr5SkGOslB/wCcqRD1h1JRODvGc/2c7K9kn6VskxwaRo+wVbUfDuyT7jWCVSSBU0zzyH4pX6I/zG7BWtP8ZXaGtqKXLhyQruq+FlHI7EOC3sVWVHwjyf5WghUlhhZRMovi5aZB/vOpo+yuYOu+latoPzMe/PCw1T8Hq8OJjlZvwCqup+EvUEW8Rb+WUWMrAMpYPV4b30nVbumj34xhGx068eWRuCvE5Ph91jTnykkD0cVx1v8AiPQ4bE2UNHBIyi+PIPyHtzrNQT4fC5paeMFNNgZ2wSvGIb38SraPMJCBzmIY/VSmfEbrmnwJ6J0w9mKOqT6L+Q9Yd07Uk5jeAFx3TtYBnLV5vSfFXqCN2am0VTcf0sVpH8YqoNAktlZt/hQOua7K3mvNjrQeAUZlpqABliyEfxlibjXbaw//AGtSI/jPbds2+s/+5ocNdlmmbaappx4YP5J4s8/PhhZofGi252t9Yf8A7Wnt+M1GRta6r/yo3yWaT+Ezf9039F3+Dzf90P0WcHxfpDxbqj/ypf8AtaaRtaqv8moNos04tM2caB+iP/B5i3+7A/JZD/2relrq8/8AIuf+1O4O2bbKsDtlqrYyYNYbNPnOhqRssrvqYw/ksj/7S652/wAhOP8AwpH4jXRw8ltnP3aiASSNX/s2JuY4h+QUeTpCKV2HxRAd8NCzjfiBdnne3PH2bhP/ANurqR5aGXPuFQxJF6eh7UBvz9kh0RbSDsP0VB/tn1C87UTAPdm6c3qnqGQ7UoJPoFCksF3/ALDWwnJx+i5/sFancvb+iqW33qM7imH6JwvPUj/KaSL/AMqgLjnksv8AYC0ndulIdA20bnSoIruoXnLmtH5FPMt8fgGQj7FQrKRYf7EWlrd28eyCOk7Q0/Qo5pb28b1Mv2ylFZ7pMcSzvP5lATJPislhpv71g2HqjBnSsA+nUUCHpiWUYme8/wDiKnwdIUseHEnPfJVPkpySOMu1kjaI44W4b7IbupYWuLKah+x0qxhsdJER5AfuFZQUVLFgsgYCPZCkB8hm3Xa8z/3NKxgPHlXW0t/qvrAAWs8NgGAxo/JJoxwiyR2Gfi6ZqnAPmqQSeQpLOmKFmDJlx+6vEi0lMwC7G+ytjtFDAQ5kIJ91IjgYxxc1gGfZSNPuuhh5UwLcmxADCcOV3GF0NJ4CsgQcLn4k7GEhylLgVJZCM+kLq40bbLuCOQoKcGPSGy4XAckITqmMfiA+5RA7WSA8EDZLI9VG+ZgO5qIhj/EhPuNG3/4lhx7qshKDZPxlLBVaL1Stzh2r7ITr+w7Ckkcpkv4Z/otsj1H6pZHqP1VMb1O4+S3E+hwm/wARurj5KADPHlUbwRVS9l8N+E/JB4VCyW/SfTCG5XXUPUMv1Tlg9gkSnknx/wB0aAOA5SLmY3cAs+2x3x31Vrhld/2deADVXOXfnzqybYv2XT6imZ9UwQH3OhZzPlQm2CjjGZK9x9dTk0xdKQbT3aLI5zO1TDJ8cX0n/wBiWb3bwceKkb3QgZ8RVk1w6Cpzh90p8n0lyUv9r/h/TtDDUscG8eTKNJsGVcl+MWWAv1E46Wkn7BDN3ic4gRvx64UB3xG6CpzmJzAR3ZFk/wCSFJ8Wujmf3THvPtGAr2spU3T/ABgy4FU54y2J2/CY91U8YbCSqQ/Fzphx8lFPn7AZ/QpknxltETdMdlqXfoFNrC/iaj/kLprK5x3hIXfla1w3Ys2740UQ+iwT/wD3Qf8ARRZPjLN/wbQxn/P/AOim2XpDIaPUv+k1JoqnO7P3S/h9Wdgzn3WMf8ZLoT/LtFIfctKC74u3/tb6IZ/wKtln6Ceh1P8Aym7/AINVnc5XDZas/msH/wC1q/n/AOCov/uaX/tYv3/yDRf/AHMqvjsb6ItFql2bd1gqTnzD9FHd0rUu4kaPyWN/9rF+/wDkGi/+5lcPxYvw3+Rov/uZ/wCqLbfHoZ/C1P7Nc/pGrO/iN/RRZukLjjML2krOx/F67tP821Ubx7ah/qpjPjA4geLacf8AI7lVjUFLTaiPYafpvqOM/wAprXBVlVa+o6Ylz6SX9FbQfF605/3qhqo/cAFWdN8U+kqnAlmqGZ/qYiSuXaIo2x5ccmJdUXWF2JYpGfcFObeqqLBcwEj1C9Fp+q+h68H/AHqIEf8AeABSv4b03cGh9MKWoad/5ZBIUTlnlFfLKP5QZ5vF1VUx4Hy8O3chTYOvPA/vIISPstnL0lZZwdFIwdtgqmr+GtBO0iPUDnbZEpx6kXCdMvyRCg+I9HjT5Yj7I03XFPUgCG8GA/dV9T8LHlmI5Gt91S1nwvr2nIqQceyLbS+mOitNI08HUVY8/wArqpxzw3Q3/PClsv15gw4XUyA+mN151U9AXeHeOo0kDtlV1R051VEP5dweMcYLkfwwf4suzTUS5ieuM61uUP8Afw1cwHdjcqVT9c0E3lqYJ4x3MkTv+i8Jkp+t4DpF4qMegeUw1HVMB1SXCb83FEqE+xX8SHpH0My5WG5/3dcWOH+NzcIotUkrS6gvDyeQNa+do77emEeJWSbeitaLrO8UjgWVsgPrqRrSOX4oW9H7R7gbf1PB5qauc8+jiusqeu4/qo4JWj1G5XldH8Tb1E4B1S532cr+i+KtwAHi6zj1KVPS2Q9C56Wa6SZtje+o4B/O6fMmOdDUL/a18f8A2zpG4Mx3EYIKpqf4pTSY1sA91bUvxCo58CV2PXYJLqsXcRD0s3+UUPHXfTsbg2rslwhJ9YcqZD1n0fMcOmfGR2cxwI/ZEj6ltFUz+7DsjG4CTH9P1g0zUcZH/KFT3L0KdMYv7ov/AKEkdUdKzjS27safckKRT19pqtob1TkHj+Yqmbp7peo3bRNbn/CFCk6I6bk3DJWH/A/Sos+wXTU/2v8AJrovDB101xZIe+HZRRJUOz/N2HssUOiaGH/slfWR/eUrv+zd3gINJ1NUMPYGQlBkTLSwlxFm4HzP+I/kieK9o8zSfyWENu6yh2i6gLh7nKeP9u6TzRVsE/8AzBXkH+D73I3HzDu7V0VB7hYX+Pdb05/3i2xyj1YEaLraqjwLlbJ2/wDI1QW9JNdPJuGytI3wPzTtTfULI03X9nPllY6Mn/vAp1N1Jaq12mKqaDzuVAHprI+jQgg8JZA5KrYq6MnEczT+aOag7FCngU6WvRJ7Z7JpKY2sgxgndNMjTvlFvX6FuIQs9CFwtIGchN1e6cNXoVMFHST3C535XdYxjCFvnOUWCsBxwlwEPUu6vZTBMHSQTjCboPZd1eyWr2V8guLYgHA51fsijbKGutk9lRWB2oZ4TtQPcJqF4RznKhQ98bHc43UaWk7xHco7mnbBK63b3ULKuWO4w7twQozrhLE7FQ7SFoDuMKJNRU8zHNkjaQfUZUDU0QmXGB7dpdyjwSvyHvfqafZQKvp0aNVNJpcOFTCrvdqlxPGZYx6BMDiovo2HjwEAat1xrgc4cD+ao6O90dYMOw1/cFTopmZy1wKMGSwTy0O5UOa0UVQ7xCxrXeoR2Sg7Jb8goyimNPebdI58Mnjwjhp3IU23X+lkcIKseDMOWuU3Kj1NDb6tp1sBcfxYwR+aPJCbLSUdwZuxrx64yoXg1lqJdSvMsZ5Y45AVY+lu9rcZLfUGSMblp5U2j6hpZCIqxroJT2fymwscHlASjkruqOj+kviHbnUd/oNMjhgSs8r2n78rwvqX4SdZfDud1b0w+W8W85/kgZe0BfSUkTJG648DO4cEB1RXU/lqWNmi9MLs6XydlXD5TBcWuj5fpL1Yurab5O4shjqRlskEo3B/NYXrL4Q1lFC+4dODxgMnw9WB/qvqDrj4MdKddVAuUTW0FeRllVAzD2n33Gey8futH178M6j5bqWhbdbW8+G2ppQdLD/iPuva+N8xKC30Sx/ZmDVaerVR23Q/6o+aax7Y3PpblTtErdiP/XusxcrS2XVJTuDRyAV9S9T/AA+6R+INo/iNiEbaxo1te3Yn/C71XgfVnR976OrXUtxhOgHDZQMA/wDRfQ/F+Wq1nD+2X6Z4Hy/hp0xeVuh6a7/6nnmt8JLTyOQnfMB2AcK0raaKrBDQGyDuBys/LDJBIWSAghegVjS5PAavx06syivtLGKo8MjcKfFOSB7qhLnbEZ290amuGlwbK7ARqeTkutM0DZA5J2+2VEhljmAMb8ozXaduUaw3wZ3Xhg5ow4cKmuVtjqmGN7dzwVfEagos0QcEM48Dq5bHwefVtBJSSGORu3Y+qhA5JGOFu7hb46qEskZ9j3Cx9bROppMZSLIYOnRen2Qt+xT1wHKas7jk2rkdkeoXCGu7hByfVLJ9SlOOS12cljACr548HOFZOZjbPKDJGMbBKsrx0PjLBVkkHcJp4RqiLzbBDLVgs4NEeQDvKdl1jy06gF1w2IQmg5KQ1xkdFtcl9Qv1tDweynMcQdyqe1ytAMZ7DKsjuRukTjk7+kv3RLSF+QFMoZHNlDgVUQSEAEqex4IGFnlHJ29NYXpOpoe0o8Mhc3B7KDRzYjDTvyjxzYOMYS0sM69dhysaDqx6KFEfVT5iHN/JVm4kQsu1+0WNO7PdSVXRyA4weFMLtbBjZOiioTyVdUMPJHqi0c2Ro9k24YEfG5KDRuHiEZ7J64McbNtjX7IlxGJ/zXKc5Y5pRru0OjDm7OBUSlk4BWqrg5dyxNorLnGBOh0+Q4KZeWDyvA3VfC7BGey6VLR4rXxxcyzYchRqn+9KkROBblR6jeUla5PJzV2PZypLOFFYcFSmHZWiWnJOFEk+pS5OFEk+tSWCoLI2UAtyVCJxIMKdJ9CgSDLlkn6NMCU0+Ubrp4QmHgZRRwrj0W3jsDIPMmP+lFeDjOFFkPPuqk8dlRlngGz60/smN+pPkBLcBKzkanyAd9J+yhS/ZTDyo0wAwQEqccj4vgfTY1fkrCm3BVfS/UrCl7/ZMrxKCAsHP5SAwk45OFwHHZDJYEsc/kK6tH9wAqSTsryzN2YTxykWGjSLMy+pSWtz3RX8coDHAArkkuoeiVXDe8HUvnthkZnXOyPGcrfdPweFC3A5WEtsRnrW+y9NtdOGU7B3wu5pa9qR898rdKU3kt6bdmVaWKIyVrTjOFWRtwzfZXvSzQH6iM7ZXR9HnrXwaR+2AFIh+kKOMlyODsNkxmCfLK29SeO6O3j/AIrgMeq1FPAKaljgaMBjQMfksxQU5uF7ZIW5bTkklauqdhupo2U6AnwgX1P9VOjAa0YUGmBc0PcFYt+kIRQRpKNHyENuM7o7OFaBOuOwwhPzwV1zgCMoTjuMIZy2kCkg8JyYOE9LIV/UFx+Qt7y04fL5Grzi7V/yVBLIT/MfkA+57rQ9R17q6tc1jv5UPlx7+q8/6xrmENoWu82NRwk3S2rJ0NHS77FFGbJMkpc52S45JVvTNdlgDfZVFtiM0wzuG7/daSmY0Pzj2XgPN6pttH6C+ktG40xZKjbhoGFEnB8Z2BsrHTtnCiVAGrOF4+dh9ToqwhkTi0jCxfxU6Jk6gp23a3sHjxty4d3LaAYUiJwcwwvblp2OUzT6uensUola3RQ1tLqs6Z8kvfpcG4Sa7V2XoPxY6RNnupuNPDiGbkgd15+G44X0HR6yGogpRPiXk/HT0V7pl/0JlIe6lyHyjCrYZtBClslD9guvXbxg41lTiEXDwu+6Sd2UCITEcgcoeChawC0MxhHhPAJQnjC6DgqJ4ITARhIgDshtJ2RBwmFAycprmEDOUX6eBnKQOs44RKOQlJx6D2+vMREMx8pPlPor5kmQMDlZp8BAyApluuTmOEM524DkmUMHU0moxJRmy9iLiR6KQOEOLcAqQwZOAVR24NPoYmuGQpBaCBtyuNYeyho2cEGWIHdRnM9FZvhPI3UWWP1UFSh+iKqy8UomxKG+YbK30+6ZLCHsIQyWRNsN8cYMbJE5j8Ywp1vqTG8Z5RLlQkP1N7Krdlp08YSmsHLi5ad5NtbqvxWgEg/ZXcMuQFgrbcDTaQSdlrKKtbIwOzyhTyd/SamMlku2uDgWkbHkLN9QdG/Pgz0L2MkBzpI2KvIpM4wpUb9uOVZtsqhqY4kjxirpJ6Kd9PUMLXsOCCEB0bsL1+59OUF5BfKwNlxgOAXnl3stVaqh0E8eAPpeBsQocLUeOnT9z/H9meLCDg7Lqk1EBIBA/dRy1w5CA5ko7egaSSSgA9JJJQgkkklCCXRyuJDZU+i0MSSSWWWWyh6SYkiyGPSTEkeSD0xPTFGQSSSSEgkk9OY0vkbGBlHFclZwWFqhc6TxSMNCtnkYO6j0cRjga0jCdUv2GFrjHCFynwRqh2TgFRmjzJ0hLjymppmm8sIACOE5jfZcYCUR4DYwSqbwGQqvOvIUck8ZR5XZOVHPKzy5lkdASSSSEaLJSyUklAByMgoyhBLTdP0IhhNRI3zP4VJa6Q1lU1mPKN3fZbGJrWNbG0YDRhEng2aWvL3MeM5yEZMbgb43TmqzqpYOrrTgruAkzlQNSyFHCIhg9k9WnkYPSSSTCBNXsuOORwku50b8o4xyXkbvnJUaoOBujzTEDytUGKGquE/hM3CfCtHG8pe4R2R7OUlOaifDG7A5J9Fp6KItYByANlf9H/DW83ZrWwQiNrgMyPHlH3P6r1vp74U2KztElc91XOfqJOwPstEZbTjaL6V8h5SW5x2x/bPJ7J0rd7wW/J0/ff2Xpdh+FLIdNVd6nVJjdse36rfNp4KeJkFPExjGDDQ0YRmEAYJymqyT6PoHifoPRaJKWoW9/wByBS2mgt8bYqanY0Dvjc+6kufpAA3R3AHbKHKwHHdC5M95Rpq9ND461hAQcnOEgMJ7gByVEr7hS26mdVVMgDG85V5JLA6pnZCwvcRgcnKzktbWdRSfKWvy0ecSz559go7G3Xq6fxBF8tbGO3xsZB6LZUVDTUFPHS0kTY42jGAFG8ipLcRbVaae1w+FC3Pq48qcG4z7p8gGNgmOxjlESMcDCgucd99l1+Q7GUInCILI10pGwCjy45BCI52c52wqq4VzKaIvL9+26mwTZYodhp6kRDcbLLX7qBjcwQnc+iiXXqKSaMshcc8ZWecZJXFziSSqZxNbrd32Vjqqd9RgP7DCAyHfICkNgc8jblTqekDBkj90cI5Zx3yQo6X1apLIQ0DAUssaBjCEeU+KMtqwwZYAEJxKK9wwo75G85T0jLZYooW2MZwhPe1m+x/NDmmPYKI+XVs7ZMxg591oWWp5ACiyuccJOOo5T9PuiSyZZzygW4TdLndsI7It9xsuyysjAAblWJba5BtjAGTt+abJMIxjATJJc8DGFDqZchA5YKb4yPmqedwqC5XfGYITueSFFu15AJp4Cc8EoFDRvJE0wySMgHsglLJmnP0gtNAHgPmbv2Cmsa1gw0LmnHdPbtuoKY0ZJxhGY0cpBzQDsh6sgqDk8BXubgAIeslMaCXbohwAoWOXWtLtgmjU7OBwrCmpi1uXgb8KDoxyCjixjbhSfEEbMeiHJIITgBRnVBlOwUCfA6WdznYA4Q8h27yAujynL1U3W801OHYOS1BOagLnKKi3I7d7rHTsIDthz7rG3K6zVpdgloKFXV81VIXOJwe3oFEzkFYLrXLhGN2bugenfJO67kpHkrrWFxwscgUcAJUiCmcS1xRYKcEaiFIaGtAAQM206fOJzOsp2gA6d1KY0AYxwgZHZOEpJ+lUkblGK/FBtI9E1IHIT1RYl0DJAXF0NJ+yhaCCJp/+aiaAEwM9yieGfdUEsHNh2/dO29Fzwsp/hHGVEFlDdvRd1eyboOcLojcFZY7G+V0DJwlpLdiljuoFnARrG43Q3sb+EhMLj2XGhx2VFOeDpYDyn+G0d04QlwyAitp2cvG4Vi3PgExhyCEdoIGCnBsTSAThSIqR1Q7yDYcoowbObq9ZChbmR2jU4DlXVHQAMD3ckbD0RKK3RRDVo8x5yprYwMjGEyEcM8rq/IT1TeAWgAAei65gRNPulp91pSRgWUCDU8MHouhvsjBuArAk9oDSPRLAT0kIJT5B4KStpunZof7tpUKW31UW7mLzUdXRd+Mjt6rxWs0bfywf/QjjZGZIAA1AIIJaRgprQQ7JKLh9HPXD5J7ZHHcKRFM4YGFDgfwCOVJbg8JM60zp6a6UOia2oHYcojZvtuq4A5zlEEh4OVitpUuzvaPyVtT4ZaRz6SCMKdHVAgDIVCJiN0RtSeCsN+iUvxPX+P8AqaUGk2aJrYKphbI1pHuFAntsjTqpZCMfhKjQ1hA2cVLhuDsjxDt6rmW6SUfyR7jR+W0urw84YCnrpY3+FNsRscqfHOdnNCfmirG6JNOr17qFNbqulJkppDI3nSTwsFulXpHep1ThynlFtBVl2GqXHLngcrMxXHDtErHMcFOjqXnBDshYZ6eSfJ1adVGa4L9jx9kYAFU0NYG4EjvyUuOqaSN8BJccGyN2eyY5oKAYhgjhGa8OGcruAlWJhrlkCSlJydPb1UQ08g7K70BCMLTw1LC2ZRUODmHBCcJc8hTZKPX24UaSjcRgbYUJsyKPSTgnlH8D+kblRBE9m/6LrJp2EBz9vsjK2sOaebkNGPumeG4bkIjK6I4DnbogLX7hQrojDVlPBI5RdI5wmKBjtSWr2XNvVdIxyUUXgg3AKcINQzlcSyfUo28+gs5Bup8dv3TCDvspAd7J2qLuAEO3PZZFa3T2wnsqqmmeJIJnMPsURzW/hOyYWE8JbWC4ywXlF1jURMDKmESY7q+oL9b65oMcvhP7tcVgyMclM1HfG3uEtxD3npL4aWpbpe1r88KmufRVurAX0gMEp7jgrNUV4rqZzQJS5o7Eq/oerm6hHVRYH9QQbSbjP1fTN5tjnOOZGDgt3UF08tP5poXAeuF6NBfbdVkw+KMHs7hcqrXR1cZDoI3MPGAh2BZMFHWxOaDr/dSYql7cGN7gPY4U6v6QaxzpKbJH9PdUU9urKVx+st9PRLdSYam0bC29a9QULgWVXisaMBsm+AtNbviXTStDKujLHjnQNl5VHVSxjDXI8daRuRuhdKL+Q9xt/VdJPpkpalpB/A48K/pOoY5nhkkWx4Ld186NuRbu1zmn2Kt7X1ldbfhjZvFYOz91nlpsk3I+joXx7HIwfdTmNDmg4Xjtp+LdG1raS4Uha4dzut5Z+qbTdY2uortGXHfwhJl7fySZUYKc9popIg7ZzAfuq+t6Ts1wjxNQxtf3IHKlQ1uQC4hzfUcqwjnhkYDjCzOtokptmBrvhNbahxdSVQhzwHFZ+q+HnVtlGq2XGV2DlvhyHZevk07iP5m47YR2HbGB+ZVNtBRm12eLs6z696ekDLtRtmY3y65Iz+5V5bPjFZ58x3ahlpXt2JadTc/fsvTjTRPBL/BOe2As9cPh90jdQ8y2xjJHclmwz64QfJ6C+QDb+runbmGmmroyX8DVurZsjHjZuQsFXfASiqBm3XV0I5w//wCaqeToT4qdO7WacVVNFs0CbDj9g4q+yZTPTK2xWq6MENdQRytAOHacP/VZC6fDCwys0Ub5IH5+r6v2Wc/2/wCu+n5BD1D06NA2c8F0Tj9/w/urKi+MvTcrjFcs0Uvo54cP1R5yEUFx+HN8ppS2lhbUR8gsPmP2Czs1onpJnRT000D2nB1xlq9st3UlousbZbbcKefUM4jkyVOlFPWwmnqIo5WHlrxlGCzwQC4sOKW5yRO5w15VnB1N1rQtzLVwVTTgAyUwzj7helXP4fdJXIEutny0rty+ndpyfdZ6s+F92gaX2LqcBo4gqog4H7O7fohUl7KyZ93xCuY0tq7CJBjDtOQD+uVOp+tekKgA3XpioYTyRGCmT9K9e2uMy1VjZWx9/AdkY9QcKnqaq1OdovFtqqI5xiePAyq4Jhro1zKr4XVhZJT3iGhf2zK6JzT9iFeW2zNrnBtg67MgAy6PxWzNx7jK8yks9hucOmjmidqG2DlQpukpaaMuoyMjsFTimEq0z3WG3dW0zvO+lrI8fgY2MroZc2bS2mcAdwAQvEaPqL4h9PQiK336tjj/AO6Mo8P/AMpKuqD40fEC3vJuM8dU0jAD2AY+2kIHRKX4oF1s9YhlfA/UGmNw7HYqZHWz51CVwIGNisHZfjxZayoZD1DZG0xIx8wzTIM+4LchbSi6x6FvQbHTXiljJ3Jld4TR+aVLTyXaEzqwywiutwaRid2PclW0PUFU2MBzWuI7qNHbKGpaPkKwSBwywNd4gPuHNCf/AAKraN/8lnlQ1zgVsx0S29RT5GqHI9lJj6lojjxYZGe5Cp322safp2HOE75N8YaJGE59ElxgBJRfaL+LqO0nA8bSfdS47pb5cBtTH+RWPlpqckZix7pfI08o28qFwSF7Iro3MUsdQMB7XD7rjqSB+zoWEfZYV9NNB/cVT2k99RSjkvkfmjuDjj3KpIva+kzaS2WhfgmnaPs1Rn2GmcP5etn2KzIvnUkGMP8AEA90eLrW7MGJqQBw58vKibyC4W9pl7/AZGf3b9v8Tkz+FVzQR4YI9iq//b5jQBNb3Z/qDv8ARHi67tpx4scjUckmil8q7DigmBHjRpwgc3gYTR1nZnged2/qE8dR2WR2deMoMMmJ+0c8Fy54LzthSf4pZpWZFXGCfddbPb3jyVUZ/NXjBe6X6Ipp3nlqd4D/AEUryHcPBCWB6o84CUpL0Rfl3+n7ofy8v9Jx91L3B9U/gfSoHvZB8J4Pm5+6WkqUX8+RNV8gfIRfCB5aFw0sBG7VLw7+n91zHqiy0WrOSAaGmPEYQDaoDsWZCstJBxhdDhjBYpuf7ClMqHWK2EeekZk+wUd3TNpdxTMH/hV4R6BNyPVU5P2XnjJRnpC0nmmj/wDKuf7HWn8NLHn/AJVoMj1CWR6hUVvM5/sXQciiix66QnDo+196aMH7LS6s7DP6pFo7tKjJvM4OkLSN/lo//Ku/7MW0bfKt29lfgbgEKQ2BhaDgKs4L3szP+zNuB/ugPyRBYqEDAibt7LReB/gCd4Df6GolLJSlkzf8Eoe1Oz/yrn8JiH0xNH5LS+E3+lv6JeG3+lv6ISjM/wAHi9Gf+VdFniz+D/yrS+GP6R+i74X+EKZK3GdFmBHLP/Kk2zuact0D8lofBafwhOELBg6QryTeUAtsnHl/RFbaXbHLVfCNgH0hd0N/pChW8p2Wt3B0o7LVEDksarABufpCfhun6QoBKREbQ07RsxOFM1vAARyDnYJ4G4PCBvAHyNkcR6eAn4HopAbtuhuO+OEKeQHJgtPuugYTi5o5cB9ymSVVFEMyVkQ9tSvA2MHMKATwkQRyobr9aoTh1SD9lGf1PQZ/kh7vfCvGA1TN+i4AOeETAIGyzzupp84ggBHbUguu16n/ALqA/kptYxaaXt4NLj3ThJDE0vfI0fcrMNZ1BPguBaE9vTl3nd4j53Z91NrBlXGHcjQOr6Bm76yJvtqUea+2+maXtkEp9GbqE3pDUwOqahp9crrbR0vQEfM3eCJw51ztH+qaoP0Lexf3OHq2mBAbQz57ZGycb/WzDLKRmO2yra3q74e2YuMl7gkLeNDtapqj4xdGQ+anZUSH/BGpsZaqlP8AGJqzXXiUARxiMeoC44X2QDNQMe4WGqfjra2YbSUFSf8AmbhUlX8cbxM4tpbXFG3s5xyT+WFagwlprP0esijrHtHjVBPsNkV9EJgBMScLxCf4sdYVJ/3fwGDvsquo6r6yqsk3eYh34WnACL48jI6SS/I9+fTW+BpdK4AdyTso0t16bg/vq2hjx6uwV8/ul6iq366i4VDiBzrKAbZWOJLiXEnJJPJVqndwNWjPep+tei6L6q+B+P6N1Bk+LXREH0l7yPRq8YZZn4y97PcEIrbJA4guY3I9Ff8AHwMjoorts9Uq/jd09Fj5W21En5YVdJ8fC0/7v0+72Jc5YRtrpWjGlP8A4fTH8GVPgi+wv4df6Ne/479TTf3Vvpoh2zuVFl+LnWdTsKqKMH+lvCoGU0bRpEY29k75Vp2bGM/ZV8EP0HHTVx/pRYy9cdX1Z1SXuZo9GnCiy3q91P8AfXerfn1lJC5Da6iT6W7KXBZJy7DmKfDFdIYqoR6jgrzJLLvPO5x9S5OYMu5VsOnid/D/AHUqCxyDDTGGgdyFFUglFIphGC3BGUhSAnjlaFtm0kZc39FJFsbjhv6K1Wl0XgzcdE4Y8wCOLcTg62/or7+FvHDGpfw6QbkNCLaXhlJ/DXAfU39Ev4c7+pqvDRgcgJppHDchuFW0rkpxb5M7uCOKBxwSWlTzGxpwSAUtA7O/ZRQa6LK024Hfyrv8P927KwXMj1V7WQgtoTn8KL8rtu1u3spSbqnJ+ppHZE4ywBlpkT5Q92t/RI0no1v6KVmU/iYlqk/rYl7ZZIuSF8ln/htSNEB+Bqma3ceJF+q6Hb/zKinH/jwmKMimsEE0XqxqDJbg0ZDW/ZWhmp8ahXUeBz/NTf4jao2/zq6lz7TtKYmwMIp3W0uxiMD8l1tJVxDMUr2Y4wSrP+O9PxnD7rTD/wAYQx1N0sw/zbzTgexyqfPovC9gIrv1JRHMN1qcehecKwpfiL1TSEB07ZAOzgo46t6IPF0if64K6OrOhnEA3CAH/EqUIvtC5U1T9F3D8ZbvT4bVW6GXPpsp8Xxpt5A+es74x6ghZJ1z6BqpNb7hFv6HZFDfh3UYDr1TZ9C/CD4YP0Iekq/Rs6f4u9DzkCqMrD7tCms62+HlYBousbSfUcLCDpzoysGKa+Ue/ZtU0H9MoMvw5opm6qC5wkHuC1ytUwj/AGEz0tfayemRy9F1m0F4oHkjjWCU89N2KpwWxRyA8EN2Xkj/AIZ153pq2Nx7HOFCl6B64pHF1LU7DjS8gqnWn+MgYVyj+LPYZeh7HLgimjwf8IUOb4cWGQ+SFjT9l5YKX4l2kE/O3DHfw5ycpRdY9eUJxNNdDj/vDlMVU31NFvf7Z6XJ8MrYfpJb/wAowosnw2jjH8qpOe2ViYPij1PDtN4hP+NTIvi7fmY8SOnP3aqnTqF7LxL9l/L8Pq9py2oGEI9FXJmMSg491Bh+MFyyBPTUuPsrGD4txOwKimpxn0SpV6iJPuHNsN5pR/Lk/cp8UfUEByyRw/NHi+J9jfgyjGfRTIuv+l58f72Gn3ASnGx9xAc/7ESK+Xyny1/ikjnZTo+t6qNgbUUpyNtXqplN1BYKrzR11P8AYkBSvHs0wGk0k2exwVNj/QluMvyRHpPiHQNwypy31yQrml6w6dqcYq2MJ/qVVJbbJU5LrZTn3AUd3TfT04w6Hwj/AIEvbFfmLdFb9YNZFc7XPgwVjHfZ3CmgOc0Ojy4H3WBPRVrLs0lfUsJ7B6OyzdRURHyt7l8PsHOQtw/pFSoivxNuJJoTmQaR7pklVTbCpY3B9Qs9BcOpaYgTwwVTe5Ocqxpb1SVD9Fwo5IP8RG2VFz0KlU4rgkuoen6sZlhiz/yqHP0pZJ9oZPDPPk2KsGR2iqOiGRmfcrv8KaN4pg0+xyoIk5R9lR/shpcDTXapZ/4ihvt9/o3aG1UkjRwdXKu30tfC3VFMHY7LjJrgMB7dvul5Azu/IgwXK7wNDJ6Qvx+IDdS4r7ggSQPb+SK6ZwA1NQiIJvqgVgShGROgu0Ev4sKUy4BwwJfywqc0lG0g6SxFZFT42n/LCgqVJaipad8gromDjgYVXqGdLXZ/NJzKxo1MAR8i/iRch+RnCXieyp4qqvjdh0eQFJFyDQPEbupkr40T9aQfnsoTa2CXGHYyjtc1w2KmQZQSJOseyWoKPg5yutc7OMFQVsJGr2XUMOGF3OVMFODHeL7Lqb4YC7nGyrK9FOODqS4DnsnYKgLR3SuGKB/95GHJySLcRcdFNculqKqJlph4Mnq3ZUU9Fdbc7TIC9g4IW31A90x7Wkdj9wr384GMylHdHjDXjcKyiri4cZyn11gpqwl8ZMD/AFaqOqoLtaXB2kzRjgt5R5QUY5NE2Zr8AnGVwxEEOaFnaa7RyO0mbDxy12yt6W4SjA5CJtluP6Jkj3MGCFXVVHTVYIlja4nv3H5qxNTDIAJNkF1M0+eEfuqU+QCkxdLOddLMZoh+BxyrO0dX2m5ONLUnwJRsQ7hEdGeHNVRcOnKGs/mY8KTs5gwVphZwV2av+H07wZYHZB7sKr61s9O10dfSfOUbxh4DNRaPcLLQXO/dMScuqaf75IC1No6loL00sheWTAZdG4//AC5WmrUODTiW48HnF6+EnS14rBfOjLgLbVMy6QRnSCewLfyWL6n6WuApJLX1z062rpH+VtQxusY9SF7zc+nKavPztLO6huIziqjG5PuO6oKi73K0n5LqmkdJTv2FRCMscPVw7Lu6XzF6f3MyumGMJHwn8RPg9W9N+NX9MD5qjc7Zm+uLPZ3t7ryqQtq2up6pmiVhwdQwQfdfpddPh3051DE6stM8YLt9Df7sf+Hsvmf4tf2Yo6qR1wtUPylU0udrwSyT744X0jxX1bXJKvUv/DPIeT+m/kzZpu/16PlWoZJTP0O39Cok3OQP3V51N091B0rUCiv9C6MElscvLXfmqLV5l7OrWRuW6vlHzXyHjHTa044YSlrZaWVrm7Dvur6mrIqkAsO/os4QJNgMFMZNNSPy1xaPst1d2Th3aWSfRsM7JrxkZVNb7q2RwjkkyVa+K3TklalLJgti4PAN4BOFVV9ujnbnG6tiNyo7zr/JKcHIOuxxZibnQOp35I2VcDkkei3VXRxVLSHNyVnrlZHxsMsUfHZKlA6lOpXspiMoSKQWnDkM8rPJYNaeeUcSd9KYkly6GZAVDAeAojhjKnkZChygkbDusdkMja7CORvhDwOUQ8phCxWRxwakPil8N7SFcQSBwB5VAwebKsqGXhvqluLfBu0trhJIto9sBToHcDKr4+ApML9OM7rNOOD0dFqyXEEhaAPVSWv3VbHIMBSWSJf9mdiqfssC7U3c9ioEww5SY3tICDU47IDTKW5YBRlwcN1YM+jlVoIBUqKTICYZ84G14zCcKDSOIl57KymGRgqpYNFW/PGE+AmzjDD1vmYe6rGHS/ZWku8ZCqnYDyPdPTwzFqY4lk5cP5kOoqpiHm54Kt6hoMBwN1UM2eV0Kss8Z5SP+qT4ScDddk9UyA7J71oy2clLABxwVLhJ0hRHchSoSNITQbAp4P2UI8qaeD9lCd3UJXwcKhzj09VJPKDMAW7rPaPGsduMlSYzjCgjkqTGdkJLMhXgYUF43Ux6jOGRwpNFQ7Iw5RT9KF+JGf8ASEnBoXZGdyo0owQpTuVGmG4QSNMDtPyFYU/BKr6fkKxp/pKKriIuwWMErndOPKaNyEbYgdNy1aG0geCD7BZ6YZLVorUMU+/oFmt4Nej/ADLDJTJDjukSM8oUu+MFXpV9wevu2xcC76agMtUTjI2XpFKNDQAOFiOj4QHNJHK3lO0b5XcrWEfPfITcpMl8tHZaywwMjpRIG+Y7LIxu1zNiA5W4tkfh0rG4wtByLGydGMYJC7USiJhJ9CnMxpyAq65yufpa3bdH2zMy06ZgxHJUPbgyklWc7y9+gH7ptDC2nombY2SYNbiUbEzlklQhrR9vVSWqHxjdSIPpGVGAH31DBUlxDWjdBjaXPwuTvwAFEAclfnJHYLlOS9geVHldgc8o9N5acZSJ9kD5CgX+v+Qtz3tPnf5W/wDVTGnzDJWTvVS+63g0Ub/5FLu8+pCiDginq546OglmncC4jVyvMLnVGqqZJnOzqz+i2PXFbHC1lFC8EnzOx6dliHs8VwaOSuf5G5V1s9n9OaCV1sZpFnYIMwOeRutBSRAYJG6h0VMKemYwDfGSrKmjcTnC+X+S1DssZ+kPCaH4KIrAcgaTsq6b61ZOGGEeyrcan4PcrgzmmeurqaHtGQABhEa3Sc8LrGcbJSNOypDXB4K7qexQ9RWiS3ytBJ3acd18y3q1zWi4z2+dpa6J5AyO2V9VeJ4ZC81+MXSbLjSN6hooQ2WE6Zg1v1N7Fei8PrY6eShL2eL+pfEQ1FPywX3o8OJIKk0b991GdzxhJri05Xt4W4WT5PdDnD7Lhrg5ox2XVHonjHKkPGcLo1vdFMwSWHgauEDGV1JEUCLTnhNaDlScBMI9FWCsDoyFIZgNO6hNBBOOEVpPqU6KyUFcQ4pN+oLic0Z7JiRE8BmDUMFMfTZ3bjP3XWgDhEhcOXIJxH1T3PBNtNxJHgVDt2nCvGOyMjdZaWF397Fs4fury0XCOVgjl8rwO6Tjaz0GmtWEmWTdWd+EcAYTGlrhkJw5VnUi1g6WAjhRJY/yVgMH7ockBOMBC1km3JVSAs4CaRqGFMmhz24UcxkdlQp1sraqmbIDtlZuvpjFIQBsO62ErBjcqpraQP3A39UqTwZNRp1JcGbEr2uHl4Vzars9srIiRhQKqnLDsMIETix+r0QGChvTT5PRqSdsgABCnMOFkLRcC0hr3FaanmD2tx3UPT6S35YZLOJ+4GEqy2Ud2iEFZFrYf1QI3bjZTIXbA4UNsEpfbLlHnXUXRVdbJnPpmman+prhuQPQrM1FMA30K91DmyN0PALTyCMrJdSdB+O51ZanNDnZJiO2/socbW+LnHNlKzH9ezyeZhjd9PKYr6ot5ie6CpgLZG5GCMKtmo5InZIwCocOencVn/y9kNPSTEBnw12JPSTFCh6SSSjLQxJJJIklkoSSSSoMSSSShBJJJKEEkkujZQgsH0VhbaclwlIUSJokcBjur2mgEbAMJ9MVuyBLPoLq8vHZQ6iXVsRwpj/KDlVs8m/C2gz4BO3KeAcpoBJypUTMhUIQSGNpGSo9Y4DYHKkSeRhI7KqlkMjznsqm9qDisjS8uJXEkkgPoSSSSgY1MT03BKAg9qNnt3Qmt53VhaqM1tRuzIYomXGO54LuxUwp6bxXN8798+yt2oEbdDRGBxsjtRT6Ovp69sMBElzISyFZrCtXVxq6oQ6CiA+6jog5UCJSSGMkJZ3x3RjMMkNGcpxOeFedP9C9QdQFppaYtif/AMQ/SF7H0b8FrDZTHV3V5rpwMlp3Z/6p9Zu03jb9TLEUeQdOfD3qPqeZopKdkcJ3M73eVv3XtfSvwisNjYJ64iuqcDd4y0c8LdNjbFE2CNjGRs2a1rcAJOdpwMZWk9DpPp+iie+f3P8AuDEUMW0bMHufVc1HhLd3KWn3RHbhVt9HCc8ruSnJI8mgRceV0uDeTumu4yqG+39tOz5SiHiV7/7trd8fdQptLsl3u809rgM1QQAAcN7kqktdpr+opm3e6Asp8/yqc8OHqVOs/Scskou19c+SueA7GrLWewC1AYQAEYjG58AGUsEDAyFmlo/CNgnOAYMopICBM4u4VMNLAwy42wmBxOU13JTHSYBGFI9i30OJA7hRppMcYQ5aloyc8e6zF4vxeTBT9uTlPismO69U9k+73uGljO/ttySsXWV09W8ve8gHgAp8s7pSTIS4n1QRGHODQcZTEcTUaiVkskQwl5xpUmChOfMMKwp6LbUQpJia0YDce6FRyYXzyyubStZg4T9O2FIlLW8KHNUhg8w5TYQE2TUFyck9QeyiS1AAxshzVRJxE9RZAXbk7nunwgcrUamPoe+pO4yFH8RztymlpzklInCYuDm2WuTHO35Kiuy/gYRyHyeye2LTuQibyLlyRmRl3ZHZB+Iohaxu/GFErqwxgRR8u2KvoU3js7UVMUYwHbqE6VzznGybHl51HhKR7WBU+gGKWQMafssteb4XuNHSHMh2yO6b1BfvEeaGgfmTgkFRbfb/AA2iSfzSO3JPZJfLMNt26W2D6C2+gDAJqgNdK7n2Vp4Y05wgNZjdGzgYJRbSQeezgGDlcc7smPfg7Bca09zlTH7CHaiuDlJIbKyBQQBwusY6QgBcbE5+MKxpKfQA5wQjoRFTU2MOcMYTqmsZHhjRnC5V1IhGkDsqsB9Q4kkqDHLCwiQ+oM7sAcokUYa3JCZDD4e7gqu+3yOiidFG7fugnPYTKjFykxt8vMdMx0MLtxyViqqqfUv1OJx6J9VUvqXlznbHdRTpxysNtu7g5s5ysllsYfdMJA7rru6FvqxnlYpt5JFCa8lwGFNgYNiUBjRsSjtkbsOEPZqqjGLy0SA4NwAkC47IL2EkYKlwRZAyglHJuUt3BxjHHchFaw+ikMgbzhFboYOFMDox/ZHDT6I2hoAJx+qUkzG8NUWWYnsphklNR7DAhpzkfqumZoHYn7qCZSSugEolHPYl2cEg1Rz5Vw1c+Ma0NtO8kIraV2N1fRScmMbU1PPiI8dRVf8AecJMp9vpRmRYI2UHRizjKio4JGFMikJxlqYyJuMonhjT5RkpY9PHZIayJ4GsBcMAOcbIBjqA4FrTj7qbA1zuQoWyN8p3x+662nx+HKshE0N4QDgdsfmmRhuMttqj2R9BCdIAwZRzE47hqm0ltDcSS7k7gJqrwcLVeXjDNcSJT2x1SGPIx91c0tO2njDA3b/NFia1jNLW4CeBlMUTzWovldLdJiBxwE7OU0jC4rawZFLDHpJJwGEaWQhqS6RhcVkGJ6SeqIaswgjhRZKKKUFsjcqeuYC+KwvnW8xZ+k7NLC1YmjP1fTkUpLom5OFTVVhqYzkDYey3IGECWMP5GV1dL5W2DxJ5PMeQ+ltLflxWDB/KTQnEjcYRY84x6LWzUNPKN4wq2ptHJp2Lt0+UrsWGeT1P0zfpsuDzgqEkaSgniJ1t4QtPutW+Fn4nKjVZW/uTQ5JJJA45HxbTOscWnlHEjiAUDQ7GcIjRsQs9lafZ0tPqrKHmDJMc2g9lOguMke2dQ9MqoGc8lOa8sON1kt0qkuD1XjfqKyqSjMvHfI14/mNDH+qgyxTUT/IS5vbKAyfBGylsrQQA4ZXNv0uD2+j8rXqEvjlhnY6qOUDfBHYqXFO5vbIVfWUUNXh7CY3Du3ZRDLcLa4ax4sfqOcLm2UL+k7MNbOnm1ZRqoqx+Bq7qZFUB2xWapL3S1AA0uA91YNmJblucH3WOenkvR29NqYWxUol81wcMhOaMnBVDBWzRO2cSPQqxgrS/Bdv9ljcOTZG0svBaW8ZQXU4J4SjnyNuEdsrXchC00OjNEV9EHY2UeegwNtlak6iNk8hjgARhUPwmZqShcN9OMITm1EeDG7YLUOo2O4ATJLUCMmJQW68sz0VVK4hsgGyN4sLtte6nVNr058NirpqGVm+kEIyOtoc5pO7DlDxUcyDZCEk0ZwDghGjrsECoaji0Z5RONlwcEYRA4HunGSjkxhn7prrf4g1U7laZWGh3KaWHlBfDXQb51AJprWtAD2ODu+yMnytvGCUB6J2rSAC1BirYSAQ78kbU2QAjhTZlckjPJ1sbHg5CE6MNJwjM7j1TAwndLcUMUgIaRsAucIuAkWsI3aqda/RWW2NyOxUyC618LAxlQ7A4yVXPY7PlH7rgdKzAdGlbRsZGlpupnsYG1MWvHccqU28Wqobre0AnkELKNlJ5CcHAKKOQ8ou660W2pxLTSBpdv5VU1NjqmDMY1BPimLPpcQpDLhPGBvlXsIyinjqqd3njP3TBVPaNx+RWiZctR/nQRuA9kKcWiodrfBoJ5xwglAXLKKL5kyEEnJT/AJupiI8KVzPsVLlsMMuZaCrGezSVCntF1jbqZH4mOQ0pTqyB8hpLT8ReqrS9jo7m+VrBgNmw/A9Nwtravj3UwgC6WvVG0eZ0R7+vsvGw6dmWyxvaR6hcDznk/qly0ykT5D6dsnxd6Wuro2NkdE5//ebfutdR9SWqrf4UVQwnHGV8bv1kAtJH2Um3Xq52txfQ1kkbjjh2xSJaPgNTPsxlXbnkB87D/wCIBS42QSAGmqo8/wCF2V8n234r3akcBWsjd7jK09r+MkRwTM6M/wCE4WV6N+g0z6LNLdWHXH4UjB6nBQzXXGmdqqbdNo7uYMgLyez/ABcLnhjLlr1ctkcCFrqD4tU+sCrblhH4N0l6afsvLfRrXdQ24jEkbiP8bFV13R3QnUbXSVVlojLJy9rdJ/YhKk646OujxFVNjiLhsZW4CtG2qx3Ngkt1VETyDTyZI/JBscHyErV1JNHnV1/s99NVM4qLZdaqhfnOcB4/ff8AdVVV8H/irZR4nSnVUddE448F5LBz9yvWZunLrTN8aiuL5HD8EpyFFLuraLEzqdtRG3lreQik30gsxl+LPJD1B8VenGOi6h6HmqWw7GSEac++WhydRfGW0F/g3a3z0L+MSnIz98L15nVEDHMFXQ1VPK5wGl7cb+yLW0vRnVcP/vm10FaXDB+YDQ/90pxfsjlKL5MFRfEXpmpaGQXWPHOHZAH6hWouVoukTTK1k0LhxsQVHun9nz4bXHVJSUEtE9/DoJzpb+SzFZ/Z3vlvEjemuqIyzYsbPI6Mu9sgolHI1Wccosrl8P8Aou5h2in+W1HJEI05Koz8JXx+Sx9SSsH4Y5Sf2OVDqOkfjb07IHtpHVQj+n5bROXD/P8AZVv/ALTetLXVFl5o3B7RxPHpI+ya4uPOchblgm1/RnXtvxFLSU9wjbs7wxlypZzcKNxbcem6qEM2cTHnC01N8bqMMDayhkLgN3MOc/kri3fFbpm5ljDUGF7+A/Az7I18kecBdHmE38AqJdTGeG5wyQ4aQgOp7c8/y8bejl7BU2/oHqN58Sko3zv5dGW/6FVNR8MumJyW2+WeBw7tdsjVmfyBlJSPPKOStts7am2VMsDx+JritZbfib11RZ035784yJ3NPHpq4/JPqvhTc2ea3XYho7SO5VZP0H1VT7vp21IHdm6XOMJdg7Y+zb2/45X6F7RXUdNO0DBDX4J9+CtHbvjhZ3h38Qs0zM4xocH+vsMLxiWwXajcBVW6pjP/ANKJ/wAkx0L2Ea43DHqCEp0VPtFSprl6Poqh+J/QNw0eK59MX8eLF/0yrZl76MqziK7U4/NfM8T9IGUeOYsds/H5pE9JF/iLeli/xPpmOCzV/loa6GV43w1y62zOadpG5C+b2XKoiAxO8f8AiVrRdX3ijAbDXTNA9JClPRuID0uD3g26pa4t8IkeqFJRvbjxIv2XklF8Sr7TYxdHv9nnKuKf4qXaQDxJYTj/AApUtJYukSOnkvxN5Jb4n/XADj2UR9qoyf7oBZyL4oyjAlbFn7KZF8SoX4bLTU2/fTuhentXoL+PZ+ia+wQai5jsegwoU9rrYH4jc0t7FSo+trVJu+MEn+kozepLZN2IBQxjOL5QSpkuytFJV484Bx6JvnZxIWn1Vw29Ww7BoJQzUU0xJbTgj3HKNxbJ8ZXNrKkHyVzvtlHbcq9o8tW4Y90fVTcCgjJ+yDJT+JxQZB7AKlFspUpjmXu4R+YVBcB35QpesK2Nu1RqP2UK6UFy+Wc2gpJWt7hgKz0dlvTPN8pVZ9wUarB+FGrb19WtAY+m1u9Q1c/29rAcmBn2WXFDe2AgwSAe4QjTVbfrZg91arwMWmg/Rrf/AGh1QBHyrUM/EWrztSNwsrpx9RAKjySxxjdw/Mq3DJUqK0bj/wBo2WgOo9J7nI3Xf/aBH/8AIzl59LVR5+pu3umCupzsH7/ZDsK+Gv8AR6IPiAzP/ZypTOuw8AeBGM/4F5qJSRljSfsFxrqyUhrIp/yYpsK+Kt9Hp46uL92sgH3anjqeV2w+U3/Veaso7s8ZbBU78eQo8dpv8vFHU/8AlV7EKcUj0cX+d4yPD/JOF7rXf8Rq8/isPVT/AKKSp/QqRH031k44FDUY9d0E4fomxG7F2qTvraufxioH4gshH0r1keaOf91Lj6R60fzQTAe5b/1S9rBkox7NbH1A9rQ12n9UX/aGPvIFk29H9YnAML249gf80VvRXVpwHNIz6q8C8xXs1MV+gf8AU7P2UgXmmJ7rJjojqpoBFRGz80aPpe/wuHi3SEfbOVMFZTNULpT87pxu1PgeUrON6fuQH8y8tb9k/wDhBbgS35p/PCpA4yaD+KUw5yl/G6DOC8qgda6KMZlvOR7OUaojsDQNVylJHoUyMGwlXk1X8YoMZ8UoZvtAOZNlkSbKD5KyZ3/iRG/LSACCJzvQuROAaq9mnd1Ja2/8Uk+iA7q6iGdMErsKkbb65+7Kam0+p5RRaKsgF/gx/wDiwiVTYXxxXZPPWLQcRUkg9ygSdXVQGfAIzxuoj6Cggw+5XGOGPu4PwoNX1J0HbMmS7ePo9HqKhsKMI/osXdR3iodiBiH4l9neXumdk/dZyT4y9EUDf9zp6mVw7BmVVVf9oRoaWW6wtLuxnZgYRLSTfSGqEl+MUbwUF2qfLNVOA+5Uqn6dmfgVDsj1K8jqPjl1dUOBpqWhph/hhyq+q+JPX1y1eJfnxB3aJmj9fVWtJZnom2z9YPd4+n6GLeeoiY3vqSlqui7YNVVdqVpHIDt/0XzdJcLnUyulrrxUvJ9ZeEJ1Vb4BmW4Q57kuyU3+FN8kenb5csH0JV/Er4b2sDNUZj/gZlU8nx8swBbabDVyRg4DyAM/lheFS32yR7mcTOHZmUFnVDDtT26peBx5dkS0uCvghH8m2ey1vxz6kk2oLXS04PHiHWf0wMLP3H4nfES5MLTcRA3t4DNB/XKwLL7e59qOyuyeDI1E8PrypwI6VkQPphUqGi1GuP4xRfPunV9R/fXmpOf8ZUU2mSZxlq5y97tyXE5UOKydQh2Lhdi0kbhvZSWdL+LvNdKx/r59karSGKaXo6LdSxOy6UY9C5Fb/CGbOdk98FEg6Sp2ESNkml9nuJU2LpWE7mlz93KKtBq3JDM9lYMuz+WUVl0twGllJI7H/wBDV7T9OQta1pjjAHbSrBlmo49OYx+iv4kFuRlorg1+0NDj/nYpMTKx7tTKfTn0C1EcFtgbmRrQB3TajqPpy2RF9RcKeLGwBcMlX8IMrEiphoq+UDUz9lMjsdW/cjGfZQ5/iz0RQt1Pucbj/gOVS1n9onpOmJFNrnI7Fir4mB8prWdNzP8Ar3UuLpZrWgmQfYrzCt/tLQYxRWXX75x/oqOp/tDdQ1oIorcyLf8AErVQXyxXZ7izptufPIMd9lIFntcI85HvkL5uq/jL13U4MLo2A/0gqsl+IPXtds+5zDPor+Mv5Iv8T6kEVjgOXPZsg1F86TpNp5o2keq+VpLp1nWby3WrIPo8obLL1BWDM1wq3Z3wXEhT40WpNn07P110TSnU25UwI/xBVtV8XeiaUb1sbiPQhfPMXRtxld55XH77qW3oKU41AbqfGTLfSPZ6j479IQk+G7UR6FVNX/aHs/FPFLsfTOV5tF8P2MwTE381Kp+hKLUPEgaMd8qfGglGztI11R/aHGMU9CXe5aquX+0BeJSfDt5Hp5SobejLazAEIUqHpS1RjeHKnxpE+O2XsC7439VzHLYImjsN8oE3xf6xeP7oDPplWjOnLUzcUwyl/B6UO/uW4+ynxBRrsXso3fFPrOT6vEH2THfETrCTltV+WVpW2qkwB4Df0UkUUTWgCFuPsrVeA9kn+TMe7rrq52N6vP5p7er+qyATU1//AJlqhQw5/um/oni2xbYjG6JQSJ8Zkj1d1Xv/ALxcP/Mhf7X9WZP8+4f+ZbX+Hwf90EVtvgz/AHYU2JE+MxA6s6tI/wC0XD9Sujqfq3k1Vw/Vb0UNNpz4TUvlKcH+6b+iBYL+PJhB1N1cdhLXEn7rv8W61k5fXEH3K3zY2NGGsA/JdVZS9FfGef8AzXV7yC59cD9yiuPVLm+eapI9HEreAZRBDwcBRY/RPjPPDQdRTuBIJPq4nKKLF1C/6njH3K9DEYx9A/RdMQGCW8qdeifGYBvTd4O737n3KM3pW6HGZRv6rchgyPKikAgadlM49EdZhB0jcSM6wu/7I14315W80+6Wn3U3f2AcF6MJ/s5cG7B37rgsd3H4yt54a4W7KZS9E2swotd4h8wcSUVtT1DT4I8f/mAWxLPNn/RE+X1DKOO19oXKEn0Zyg616rtxJir7g31AcVdUXxn6qpCGyVdU9o7SRD/NSBQR6tRjGTzso8thopnEyxZB7K3XW/Qt18F7b/jwHODbmC7J9AMLS0nxc6FqWt+eLsnnYLzOXpC0SHPgEFCf0HbKhmGkxu7EJb0tcuuBLr5PcI67oK9RNlpjA8OG2MIo6KslcNUVOwA8eVfP5+Gp1h8NQwkeoKJJ0Z1RRDVb7mz7CQof4j9T/wC4O1nuFX8NqJ27IG4x6Ksf8OIQdo8LyyG8/Ga1l3y13qZA7BJefF49NXH5K5pfjH8UrY6MV9rp6xjRhwfA4F35jKp6e9dSTBaeDWTfDOUvPh1DQD2I4UV3wuuY3hnY5Nov7Sdtbll16R8OcfX4J/zyFrLT8cvh9cAzxqo0ReNhJGP+qXKGoh2IaZiqj4cdSx/3J49HEKHJ0t1vR7sfIQOwcV7PRdbdGXGLxaW/UTh3BfjCt4qi3ynbST9kOJdtCZZizwJtR8Q6AYb8xgepOCiw9b9aUpDZYm5HdwX0EIaSQDNPG4e7QmTWOx1IxUWmmPvoCDco9ony49HhsHxO6kgcPGhjcPblWcPxbc4AVcUrcfbC9Rn6H6XnO9siGfRqran4UdL1IyynEZ9gpuqfaKVsF2ZKl+KdvlIBfKPzVvB15aakAF7887rtT8E7Y/ejmLVVVHwZr4cupqzVj1KqSqf4l76pezTU3UlDJ543AfmrWl6nA4qAvOP/AGedU0b/AOUTIBv5clFNB1LQDElNJkf4SlOODPKMJM9bpuoojG0vw4+oKsIrrRysDtePZeMNud3iwH0rxp/JWVF1FI7EbnOa4dikziDPT1vo9YjqKd58mDlGbJGAPK0Z74XmsHUrozjxM/mrSm6ja5od4p/MpYmema6Nk4RP43yhSUUTyNBGSqWkv0L3Br3HB7qey50riPOVeGJ+GUSWyjPLXbjtlO8OqaMPaSAhR1sXLX5R210p21bIwPjZwlw5am6M9kXxQ4bgLmWZ3CsFxaBGnA32CY6SoGPDdwpoigI+nf7oRjxwqwL2sAKqpby7hEbcnghshwk6L1CH4WOynRJQROinY8Ah6N4rRgZBVVocODhJ0krSMHP3QtgbC5MhcPROaqmKtcPrOQpTK2MjbdJzyVKOCWNk/wAQeijtnDk8PBTVyhEq8htXsuE5TElOwNmB+ojukXE7EpiSvBBye5o77oSdkIkyJ4Ky6dNW65ecRiGT+pmxVDPa71ZzqYTUQjjucLaBwCWsHYhHkdkxlNfIZHeHUAxuGxyranq2HBY4OGOxUi6dPW+5DJjEb/6mbFZWss16sb/EpnGeL23IUyiGrE8Upwdik+leW6mODvYLO0F7ZMA2YgP7tOxCuqeqYWgwPcD6ZVxm0VjkDOzOWSR5HcEZVJWdPsLzU0D3RSjcFhxutUJYp/LK0A+qFLR/iiOU6uwYuUZqj6pvtmcIrvSOlgG3iDc4Wyo7lZOoaINY+Kdj2+aN2D+yqJ4Q9pjnjDgexCztZYH0cvzdondBJnOGHAP3C1Qtx0Zpwy+Cwrej7rZqr+IdIuaI9zJSOcdDvsECivlNd5X2670Xy1SBgxyjGfsjWnraS3n5e/seANhI0f5q8uNmsfU8TawafEc3LZozv7bhbK9S1xIXtZ5R8QvgtYeqKV7TRQSB4OWuYCDlfH/xN/s1dRdJzOrbHG6emyS9rs6m/wDX/wBF9+RMuPTk3hV73VFG/wArXncs+5Xa6gtF+hI0xSNI9Mr0/ivO36DiHK/Ri1vjtPr4bb45f79n5Ny0s0MroJWmORhw4EcFRzPIyXwak7HYOwvu34r/ANmCz39hq7VTH5k5OvVj7cBfIfXXw06h6Kn8K70jhCXFrJcH919N8V9QafXLb1L9Hzfyv0vqNNzB7o/v2ZGaLw3am42HIRaO5mJ2md3GyERp8hO+OEGaCSLDns2PBXpq9TH2zxms8bKuO/HCNFBXRzDLDlGaQVl4ap1O8PYeOQraC5RTYA57rXGyMkcSdfPBNfwosmW5BGxUou1AHCFIwS7cKnyUuCjuFpjqsuiw1yz80T6eQxytwR+62MsLoznkH9lGqKKGsbplYD790qyBup1Di8PoyWncbppbjurKvtUlLlzQXM/yVdIM4WaUGzpQsU1lAj3UZ7Oc91JOyadOFnlHIxYK+RhB4QnjAU2UDPCiPBzwslleTRCWAI5KPSu0yA54QCMrrMgrPtRphPDyXcU2eBypLHnIVXRTAnS479lZB3cBZ5rJ2tJbuWSdDJjupcchJzhVccnCnRSDSFkmuTuUWZRPY7fAKdP9IOcqNC7BGSpGcsyqa4OgpZRGecOR4HZPKj1H1BchJyiB9lkTkDdVtQNNQ5w7qWwk53USsGXfdMQu/iORZLmH7KsnJbJvturOIANwe6q6/Gc47rRDnswat4imPzqZglU7hh7gTwVYxPOkZUOoAEzi0bFdKh7UeS8it0shacnOEZyBA4AozncLR2cdrDAo8TjhARYnABWwSQeFFm7/AHUokKNLx+avOAUAHJQ6k8J7knjKVJpjl0RQ453CLEuOaOyczlCMaC8hCPB+6KPpQX8FSaygVwyNMRqGEQfQgTfWn/gCQngagEvOFHqeyNJ9SjVPISpyNEOh1P8AUFaU/BVXT/UFaU/BTYAW9hH91wcLp5TSMIpLIhj3N1YWhoG6aZvuqADJCvqUgUzcpE454Neke15D6vdI5dsgMJLsZKkQDUQ0d1r00FF5Odrr98zb9IQuc0Oxs1bFmQFQdMQGGJpIwC1aIlrQPZdSPR43VvfNh7bH4tY0n2W8gbpa0DssZYWGSrGy2xOGgJhybpc7SQHNAOSFAo2Nrbq1jz5WHOAuVdT4EL5fQI3S1IWQyVcgJdIcg+yYJb4NDOQ1ojaduwXWN0s91Ejc6afODgbKYSAMZRmZ9nYsulDSpeA0Y9ECnA1ZRHO1TBjeyohMp949Z5QJpMOwN0RpDIsk4wFFJ1HPqiAGyuBeACpLyWwZbyoMBMtafQKUSXzeHwAkSWSAq+tbS0ck520NP5n0Wbt8Pg2+SukJ1TuLzlS+opPm5YrTETlzg5+D2Vf1PXstlmcwENDW4A9+ELexZNFcN8lFHm3U9ZHVXKR8ZyG+VVdqYaisaCNmlDlJe5z3uyXElT7FTPMrqgjyjZeX83qcQZ9g+kNE4SgjRsY3YAKdTtA5UKn3O6nNGAPdfN9XLOWfe/HVYXI2szHCS07lVwJU2tcThme6CAABhcqT5O5GPofAM74TpcAJ8DRv9k2Ub4RJ4eQ3XwRXO824TaqGCogNNUs1xyDDgjmLILscd1Emk3GyfXJ5yjm6yCUGmfOvxB6bk6evs8TGHwJHGSM420ngLLah6r6I6+6Zb1LanRQtaKpgyxx7+y+cpIpqWofTTNLXxuLXA7br3PjNa7a1GZ8e+oNA9Nf8iWIslU9QWPx2VtFMHsBAyqNrgWnA4UyhqdA0O7Fej012FtZ5W+vjKLLS70TUZg1NBwuOaQVvksGBPPDBJLuldAwiSGtgkUjK6hs+oI+idhRyitaMbhCj5CMCMIwW8HUgcHKSWMqmHFtPKJMLw4YI3T/C05IGDyo8Z0lTBhzBk47pE1k62nnuii3t9UZYg0jcKwDcgYWchdJBIHMOB3Hqr+mnY9rSDnUMoDt02ZikGB7KRgFo3Qg1x7J4yCjRsgMkiyOFEnh76f3Vls4YwhyQe3KqURsq0+iinicNwFDewPGCr2WnB3wqarhMUhxsMpTRncSrrKPUDgdlRzRmKTBGFrBg8jOFUXOic5xmYzOOQl4OXqaG5ZRCpqp0bm4WntNzDg1jiFkiS0kEcKXQzmCUPyceiovT3Sre09ChkDsHupsLtgs/bawTNDwVdxTjABCh6HTW7lyToyVNiOcE7qvjOVKhOMKHUgyPe+l6HqGn0O0w1A3ZKGjOff1C8wvvS12ss746ylc+IH+8bwvXw7bAKkGOnq6YU1VEJG8HUMqGPVeMq1L3riR89VdA10fiU7cEcj1VcYy0DIwvW+pPhzURl9ZZntkY7JMR2I+y84rbZN4r4ZWeG9pwQexCh5jVePsok1Nf9SryEkpqaandiQbdiuA5QHLshseDqSYkoLHpJJIQxiSSSSQSSSShBJJJKEEl3wkrC2Ugkd4z25AOAoo7pJEXJKttA1uJnjfsCrPAjA8qTGt0+UYTnDOMrdGO0LG1ZZFq5AxueCq07nKNVy+JKccDZBG6ekZ5vc8jmDJG2VNZHhgymU0Y+ohFmmYxuwVN4WQSDXTHPhNdj1UFzfdFlOp5cd8lMIykyluGQGpJJICxJJJKEBjlFaNt0Jn1BF7DdKm8EHDc4HfZa61UTKSkYCPO/wA7lWdP21kmayZmWtOGA+q0CFN9nQ09K7aHNGETbCGu5KNv9m+CWMCJOdikHHUN1wnCbgpg1IkjhE54QAd8ZRGNke5rGMLsqBxjKbxBcj04A5wOSt10x8HuquoWsqZo/wCH07+HzN83/l2/zXrvTPwh6WsGmeop/nKkD65NwPsEcYNnW0XhdRqpYl9qPFOmvhv1V1G4PhoDBTkAmaQ4H5L1zpH4OWCzuZVXeH5+Uch52z7L0RseHegRS0OA7I8YPWaLw1GmWH9z/uCpaSlpG+HSQNiYAAAApLeE0DCc1GuzpxpUPxQ3OUiAeVxq6nIPager2XefZNXWo2DgWn3TXy6OwTKmoZTxl8hDW9yVm6ipufUs7rdaInw0hOJqpw7d2hXFgylgJcr/AFlbWMtVjjL3P8r5uWM+5VnYOl6a1v8AmqsipqzkmQ7gH2U2z2CktFK2np/M78Tzy5WhjDQOyaDjPIidQ33TXYwulwQCfdGVxFHHHfATHkaeUi4Y3Kiufud1Bcmkss4XAE7KuuNdFAzz8+mU+43CGjj8SR2/YZ5WKuFe+tmL3O8o4CKMcmLU6rZ0Hu92lqB4ULtI7kKpycZPKdjfco0NO55Hp6rRGODg2TlOblIjxwOldxhWFPQMjw8N3UmGka1uogbJ4IGcN490Yh9A/Da0ABCqAGtznOEWWoDOcDCzN1vZlJpqbbHJRRhkw36mNayw9wuLIAXO7cKnFRPUSOkk4PAQWtke7VKS7vuUduAnKODz92ostlnJ3ATnEYzlDe/A23QtTndk2Mcmdt+zrzk7JBhJBTmMJ3wiAAIsFCa0AcJEgDKROAVQ3K65Jpqc5erKJNwurGPEUe5zglRY2OMmtziR2yh0VA5zPHnbl5RppWU7QD3S5fsROaOve2IE7LH9QdR+O40FA7U/OCR39k2/dQyV0ptdtJznEjx/kmUFtjoYwSxpkI+o74S5SyY7bt3EWEtlpgo2mokGqZ4ySeymkZXG5xuUncYUisiV9vLHagDyEx83AAyhnJOyJFEQckIug4tsTQ4kOIRxjHK5hrRhBbqL0IwJpyUVkZLgMrsMZdhToYg0g6VGxsYZHU1MMAkYXaqpbCA1oylU1jKeLy8nYAHdVbXSVL9R7qBtpcI44yTyEuOcqZBDoGSN0oomsGSN1Cut0Fvi8TVj2QTnsWQW8LcAvl6ioonMjdvxlYasqpKiTxJHZz2RKyukrZS+TjJwoT27crDbbv4Mk5SseZHS7I5QC53GUiTqO64sjfItRwJJJJCFHsKwZynxRPe7CdTwPeRjgq3paMRAHG5VmuqEpAKelzuQpJjDcY7I+lrAo09bFGME7qGpP4+wuogbjhQ5qo8bID6qaZwax2x2RYbbUSkOeC3KpRyLnZOb/wBPob4z5N8J4jfJw1ToLcW4yFMhpWMHGUTgHXTKf5sp2W6dxzj9lNjoXxtBep+nHBT8HG5Q9GuOnj+yC2DHZFbCMbqR4W+dP7peEfRWGq8ARG0dkvCxwpDYSSpLKbyg4Cg1RSIAiPouhjgdxhThCNWMI8cFOMGUfol8hYTIcRJOMKQ+SKnZlx3Taqpp4vLHFnCriZJpC955TYQbOXrdfDT/AIssqar8YloH291Mjo5dQc5uAVUROdCQ5oyVd0VxD2hsxA+6111ZPH6zVW3S3ZDsp2tABCOBhdaGuGppyE8N9lc4KJy5ZbyxDZOzjZcG6R5QAWP9BVwjPddSUFjkkklAhqSKkoMwCXdPuuhpHZItceyOMclGx1FIklLSR2XF8GUsn6n2DUzGUVNRKbRnnWDIHohFvO2ykpmn2Tq7cGSynPBDfE1xy4ccKLU2yCfLmgNee4Vm5gzlc0+66On1s6+jl6rxsLo4kjNT0E8BOW5HqEEM3AzuFp9APJUWpt8EoJDdJ9QuvR5BP8zyut8FOD31clOGtIXNHoFKdb5G7t4HbKGIJGuAI4Wr542fic1aS2r80RSwnsuhpcVKa0YwAu+GPRTIxQSAiHK6YZQMsRSHD8K61xB4/dKlFS7N2ntnS8xYBk08Tv5hyFPhqqWpaGGTBPIQTE2QDI5QnUTGHMOzkizT1zWUj02i+otTQtln3INU2OKVuqlfocN9tgVDbNcra7TIC5g9UR89yoSHlmtvopdPdKSsHhzjDu4cFgu076SPV6bymnthvpliQ6mulNUYDzocpzHuA1RuyPUKqq7LHN/MpXgH2KiMmuFudpdktHqsF2kS6R3KfIfGv9Tk1DK57BuVPp66J+A44PusvFeIJAPEbhylR1AeA5vBWCzSs6lWurmsxNXHUtecNIJRvFJI2WWimka7MbyCPdWVPdXNwJht6hY5UtHSruUlyXsUm2/b3UiGoJ2wqllVHI3Ux4+yM2Qg5aSh2s1Rkn0WhZFJyEOa3U0wwG7lRIqh/wCIkqQ2TShDyQanp1zjmLG6rKuxV0W4iyPVaiOoOcYRnSmbyyHIUyC6oyME6mngd52YXGVk0WzSt0+ipJQdUY3VdU9MUswOH4P2VqXIudTj0Z1tfnkgqXFLR1H1NaHe4Rajo6pDs0pzlVc9pvVE5wlo3lre7d01PkRtfUkTJbXTPJexuCfQqKbROCTHM4A7gKCbpNAdDy4Y7FSabqBgAa/cd03PGQf9Fia+40x01FPkDggpwuUPDgWkcgqdHdqaUAlw/NSBSW+p/maWZPOEvc88EVUpfgQI54pAC1437ImxTn2OnLtUcjgPQJjbVWwnyTbdtQRp/sYozS5Q1zO6aBkYJ4SLK+N+l8QeB6JeI3HmY5p7ghDJLspZGiMDjuumB7hkLviN7FGa8OOEOMdF5IwFREc+Gceq78w4jDhhSy9vqmmGN2dlQRF+ZiBAL910OafREdRU798HKjyU0zf7ndTIMlkkREszpPIwlHNNE7VHK4H7qA5tyYc8hOE72/WN0GEDtZZiqdICyaNj2nnLd0x9LbZ26TGY3eoUJtYO6eKljxlXtKyOfatQ/kSB2OAe6jOt9ZG3MkADR3aFKErmcFFFVNgDxNlGslZKl9A1/wBcex/ZRpLOwt1Rcq9LznJAJ+yG/Q8khuk+yrYi28meMdVSu1RFzXD1JUqHqa90pGl0px7kKzLGnkA/cJnhMPp+iGUFIpOa6Y+k+IVdBKBWRlzffdXlD8RYJ5fD8Z8J7HUVm3W6nlJcWjf2UGSywOeXN8qS9NCXaI7pxfPJ7FZvjD1FbHN+Uv5LWcBwyQPTK2Fu/tHdRMkDq6hpbiDsc+Q/qMr5nlo6qm/uHHH3To7jdqUgMJ/VC9JD0C7YyfKPryk/tBdOVz/lrhYaine9uHiKXXsfXIWlp+sPhLd6TTUOhaXcOq6bg+7mhfEjep69v1gkq0ournjGqVzT3GUiekXoLNL6k0z7SprJ0RWHxLX1ZBTPbjHylzLf0Y7/AKq6/wBmbvTwufbb/DUjGQ+qDjqH/MOF8X0nVpDR/PP6q5t3XFTRyeNDWy+4a8hIemZSjP8Apl/3Pqw0nV1IQ6SlpKxruRT1HH5O/wBECqrBGA3qDp+ZtOdiaiBj48/+FeGUPxz6yhb4kHU0ztXLKj+YP0Ku6T+0b1XE4NmfRSD18LH7AhL/AIkk8oa46hd4NrcOj/g5fdZqLZbYJXnzPhY6F4P3Cydx/s99C3Hy2DquppJHHILiJRj7bKy//GC6cusbo+pOkvFj4dLHJG7H5PaAnu+IPwTuDdNRb6imbzuwN/Tw9WfyRqmz2y1ZKH5p/wDqee9R/wBnvrOxwmos1WLuxu/8l+hw/wDCT/ksW6m+IFgmME8F1pXM/CQ4YX0ZbH/Dm4Q6+lfinXwu/wDkP51hxnjySY/ZSZunuqZGA0/XUtQz+p9tZIf/ADMcU+vdHtJhx1CfHOf8HzbH8QutLO7+ZUTb9qhp3/VWFL8c+oYcCooaabHfGCvWeoOnOvX0h11Vqqj/APRY3NI+wfj9lgLnZLtRyYvHw8t9W7vI2ixn9MonGFj5jgapS7bI8Hx5pjtcrLgH/u5B/lhTYfjL0NUj/ebbKwn+uIH/AKKiqY+mGeWu+HUFO4948sVa+19DykmS111PntG7ICW9LXP0HGdkfZ6JF1b8LbmQBd6JpPrG5n+YVpRUHQdwI+V6gosnsHN/1XkZ6U6AqASLpV0p/wDopwmH4Y0VSTJZeqWzM9c5/wBUv+Io/iT5X+j3OPoWzVgzR3CGUe2P9F1/wrcW5jcw5Xgzvh11VTY/h97iH/NKRlWEMnxjtB1w9S1RA/pqs5/VV/Fm+mX8rfo9cm+F1ez6Y2lRz8Obyzf5Zo/NedU3xP8AjRast/ickw7+Mxr1Mi/tC/FCkeGzUlFIRzmnwSkyovXTRPla9Gym6HvkeAKYHCjydM3yMHVQyfmFV0f9p3qmMYuPTVFN7tJaQrSm/tO28kfxLpCZvqY5tX7EJcqr0XG8jPsd6jORTvCb/D+oG/ieFf039o7oSoH+82erhI/wBynQ/Hj4VTj+eZ4vZ9KUl1WrtBK0xorbvSyaZTLj1Csae6XFwBZNV49itxR/Ev4N15YXXekBf6xnb9leQdWfCojMF7t3/lP/AEVfE/0U7lH0eZ/xava0uNRVjAymM6mvQIbBX1I/NeusuvQkkbJqe9WwNd9JwFKZW9Lkam3i0H0ywf8AVRUtC5apR/pZ5DHd+sak4ppq1w76RspjYOvpwP59Y0H1Xqr75bGnLb3byBwC4YH/AEQpupqCMDF2tp/+2gf/ALynxMH+S3ykeZjpnq+p/v7jVNz2LsLsPw6ukz/97utQAd8+IvQX9Y26I5NxtRx6vVfXfEyx0+0lTanY5/mD/op8TB/kWPhIz1P8NKXP8+5VD/s8qbF0FaId5IXzY/rciP8Ai70q0EONMT3MJCjSfGfpBn93DNIfRpRfDlF7rZeiyi6TsbMD+Dxux653UuLp62jHg9Pw/fCwtd8eooZCKLpad7Rw8zkZ/LCgz/Hvq6UA0PTtIwdsuyR+yH+O2Ftsa6PVorFSxAaLRG3/AMIUuntkTXgtpI4/fSvBqj4t/FSrlLhMIg7YBjMY/dCf1r8UqoAyXa44PodlHphU6Ln0z6NZbonY1DT/AMoCmQUkEeMufgfZfMLr/wDEuY+a+V7f/EhTVnxBeB/9cVxyf/o3/ootO2AtLY/yZ9XMhoACTUP+2ye2a2RbSVOB7lfJDj147+96jrD96n/0UaSk6tk3kvk7j7yEo/4jYMtDv/qZ9gGtsucuujPyedk0XWwNzq6hhAHYyL4zlsF6lJMtWHF3JJJJQP8AZeu5MjSp/EyA/HL/AJ2faYvvS7c6upKbPvImnqfpVg83UdtwPWpbn/NfFv8As1W/1NSHTtY05L2qfwyv+Gr/AJmfZrusOjc4PUtsz6GpZ/1Tf9qekXf/AGZtrvcTsK+N3Wt8LQHOBJQn0FS3hucqv4eS/wDhsP8AmZ9l/wC0vRztjdLf/wDdWf8AVQql/QVbIXvu9Ewnfyyt/wCq+P8A5Kq/oXDR1I3LMKLRF/8ADkupM+tJrf8AD9+XHqSBuP8A6MFW1dx+GtpYZJOo6OTHAI1f6r5bMTwQ3ScqTT0NSTnQjjpcBR0aj/Uz3yt+Kvw6t7GmmhZVnJG0WMLO3P45OIDbTZKVsefLqaM4XlptFScZblPZY6vAG+E6Omj7HquP6NXcPi31NVkeD4NOPRgwqWq636hqsma5S/YOQY+m5pAPEaVJh6Re530FMVCzwHs9opJbhJPIZamoe5x3JJyozquIvwY3OH2Wzp+j3AY0g/dS4Ok2RuzIxoHu1GqUiLCMMx1OAAyglcfsiNZXS4bDbXtA4yF6HHZ7ZHgTgbeyI8WekxoA/NEoJdFuTgefxWa81AwIC0H0UpnRF9qcA1M7QfQrXyX600jC8ysYB3zsFUVnxEtEOQ65wAD/ABKYK+Zeyui+GE8mHVlZOc/48KfB8NLNAAZqh5Pu4lVNZ8V7DGcCvdIT2Zuqqr+L9vYMQU1RKfZuVe0Cd8Osm1g6SsFL5WQtd+Q3VhHSxQsDKSjjAG30rymb4sXCo8tBbC13rI3Cgz9ddY1JwyV0IP8AQFWwre5Hsb4qgHOkMHpjCZI+kibmruBhxzqcvFqm4daXVohmuE3h9wSQgDpi5znVLPklV8aJlnskvUPR9LvVXuFxA9ckqFN8TOj6TaGR82nbyN5XmEHRj5Hj5h5x65U+LpJkRGHA4Q/GWotmtq/jLa4nA0Nlq5SP8OAoM3xrvsw00Nnjj95mKvi6dEbRjf8ANGFiZjBaf1QqGBqg2Qav4p9fVRIjFNEP8EeFVy9R/EG4k6rrOAezDhamnscbTksKkfwtjP7tufZEki1W2YCqoeqq1wdU3OqcRt9aA3pCtlOp5dk8nUclemx2nWB/I/dEFpOcmP8AdTCC+BS/I81Z0KHY1sd/5kdnQbG4On7br0tlqZpBwAU8WxoOdkG5FrTQMBD0NSYBc459FYwdG0bSDnj3WzbRMA3aF0Ucf9Krchior/Rl4ulaKPcd/dS22Kib/wAIfqtAKBmM4S+RYoGqkuimFvga0NEDMBEFMGjDWAK4FMGjGgLvy4/oCgca0UwgIOzURsLjgY/dW/y4/oaiNpd/oaFAlBeinMLjg/6rnyrvb9VfGkGBhrV35Ueg/RQb0UYp3+mUVtKTsWq6EDc/QEQQtA4H6KpLIBSNojj/ANU8W8q48Ie36J4iGeB+ioopxbzj6f3ThQSbaWhXYAG2hpTiA0ZaAD9lCYKT+FTf0hd/hs3oFba5eARj7Jb4yWAq8Mj4Kr+HTDuF0UmDhxB/NWRATXQtGS7A+6ii2BvIopocfT+654cI/CjOfFHu94A9SdlGdc7RGMy3akYP/prT/qrVTFSujEeI4ScaU/5aL+lVk/VnStN/eXylH/iyoUvxG6Pj2bdhIR/TG7/or+BlK+HtmjDI2/haEtLPQLKO+KPR7N5HzyY/pYgu+MfSDRiG21kuPTSh+CXtFS1VUfZsw0E4wpEYZj6QV55J8a7EwkR2GqP/ADPA/wBFEPx1hBIh6bjP3ncijpZy6Qn+fUeo+HGfwN/RLw2f0D9F5FP8ebkT/u/TlGzHcyOJUGb479VO2gttDGf+TKL+FZ+gZeQrR7ZoZ/SEtDf6QvCJPjd1zJ+ChYP/AKTlBf8AGHrc8VcDc+kLT/motFY/QqXlK0e+6W/0hc0MPLR+i+fX/F7rwA+Hd9H2iZ/0UV3xc+IZz/8AXBOP/Cz/AKJi8fYA/K1Y6PowRxk40t/RE8BoGdIGV8zS/FX4hvIx1HP+ibJ8UfiJt/8AXLP+iJePsEvy1eej6dELTtpCKKRhHZfLA+J/xE5/2kn/AERP/av8Q8Af7RT7ewP+YRLx1rA/4vUu0z6j+Tj9Autoxw3GV8vR/F74hxHUOoZj92N/6KdB8fPiZSYH8WimH+OBv/RF/wANtRP+MU+0z6XZQVGC7GwS8INO43XzrB/aR+IERy9lvk/5qdTov7UPWTP7yyWuTHfS4Jb8fYV/xjTH0G2VzAAM/qmOqG4Otmoei8G//Gq6s0//AJt2z7+ZQI/7SnU81Z4lxs9smpz9UQje3P5lRaC1dFPy2ml7PfpH2dzTHNb4znnYKunsPSlXnxLe1ue7QF5pSf2i+m5h/v3SzYcf93KT/mFb0Hxz+HVwmENQ2qo88Es1A/uFf8G3tkj5DTS9mmm6C6aeQ+luNTT+oa7AQT031HQOP+z3UUjWjdp8Zwx+gK7S9W9CXebwaHq2ka7GdMp0H8t1aGjDmh9HUtnYd2uY7YhC9I16C+emXKY6l6x+L/TkAcKoVzBsdRLx+mxVxR/2g75S6W3qwRsfjzBnlz77hUrqi9wNGCWsbtvuoc13u7MiVsbmn/DykPSwfZLIxPQ6H+0f0rjFyo6mB440YePz4wtdbPjD0HcQzwr1Gwv7P2wvm640rLgXuEFNBkfhbpJWWq7NXRHLQSB3b3S56CuXQidUZ/ifdVtv1kucOu33SCX1w7hWDITIPKc5X58Onu1tmbLDUTQlvvjKv7R8aOvrI5opr3NhvI1HcJMtDJfiZ5aZrk+6XUVW3djMj7oE1PUAfzaUOHuvlaz/ANrDqu36BcaSKo08E/8AzF6XY/7WHSFZC0XhohlI8wztlJnpLI+hcqrV1hnqMsFpf/2mg3HPlUCWw9NVb9TWeG72bgplm+KXRnUTWOorjROEg2HiguH5YV46nt9WwSjw3xu3BalPSyZSlZH8jOu6Ls8n90/f7qDL0TWRSO8B+Y+2Vp32m3zHTT1Ekbh/S7CjzWe8sGm33Vzj2bMchI+DAS1LXszhsV2pSMYcAmn5+mOqaJ2B6K1lb15RDxGUdLWesbX6XH88FDb1W+Af+/rDV0w4OGB4H57IdmBnyKRBZdnREa9QHqVPp74HENLnfqpEN06UvR+WikY1xGQHDSnO6aoZ2FtLMA9vo5XtZSUAkd2acfzHfqp0dzYQ3lUn+zFY3/jIXgXOjeWaC4DhVjALrT6NbFc49IyCjx1rHnyhYgXeWnkAqWOA4VpBdoHsDmyjP33UAlQkapskcmwOD7rpia/hUVPXOcA4OyD3UptdKMboJtpCpUP0WJhaBwg+GHOw4bJjK5p/vDkojJWnfsk7mBskuGc+ThxkAgoXyxbnSpOr9ki7HZU3kH48kRz6uA+Vm33UinqydpBgpzpNWRhA8IOVFfCTm1LT9O6M2TUM4VS+CpBBicNuyeyepZhsoTBM6y1yPVdUGKo1EAkqWx2RlTLFuthyRg7hRiTlOz7pZwoL2tHclLJXFzIRZIEzlc55TUlMl8lXcum6C4Zc1ggk58SMYcqCpoL1YpfHA+ZhHdnOPcLbLhGeUWC08GUoL9TVjQfpPBaTuD9lZNrSzBjdqBTbt0rQ3D+bABTz/wBbPLk+6zpffOnpSLjTOkpRzOwamgJqlgNGtZU09QA2QAOKbLRtxrb5h7Knp62juTGvpZmkkdipcVVU0xAJLmok3kHGQNbbaapBZPA1w+yqW2252aTx7PVPa3vETlv6LUMqaWpAEgDHJstG4DVGdQPonb8FbUyHQ9XU1Sz5O9UYY7gkt8pTKixQhwuFhlZh27mA+UpVEFG05qo2j1yF1lBXwgVNhnaG/wDcu3jP5LTXfJPsXKvByGZlTGYZhpeNnNPIKynWHw5tPU9M+GuooZ2uBB1MBz91q/4pQ1Lvl7pTmkqR+MDDSfYpzXlmwlDm9iV1NPq51fdB4YrYnxJcHwt8YP7MVZ081106bDpGFxLow0kgf9F891NPNRzSUNfG5paS0tdyD6hfq7cbfT1rCyaJrmkYIIzleCfFv+zdZerHyVtupdNU4E6843/IL3viPqfGK9SeX8n9N1WSd2m4b9ej4NqKJ8LfEY/XH6+n3TaeQs3C13VnR3UXQt3ltN5t0gpw8tye47KgqLdTvaZqIuOOWHkL6LpNXG6CnB8HzPynhpUyb24a9f8AsFpLmNIjl3xwVPbI0jOeVReDA9uWyBjx2KdBVPik8Kc7cArqUy3HmLqdj6wXDjkHJyFCc4sOMI7JQdid12ZrXtyAj7E4wRZI2zDDttlTXG1gDVD+eyt5QWHZMcQ4FucJc4YGV2Sg+DJTwOhcQ7ZABPcrUVluimBJG+Nlnq2ikgd5xgdljsjydOq3cuSK/hRZWgb4R3ggg+ibIMt2WacMI2J4IZAyljCcQcpqw2LDHxeR9OcPBCto3AjBKpmcqbTvO2SkPk3aa5weCxjcSQVOjccDdV0ZyAFKacLHad+i4sY3bjCkNkyN1XwuIICkDfHZKjnJ1YWcBKjcbeiDBs45RHHy/ko0Z8x37pgW7BYMwe6ZVNDos43HC4zGOV2XBamxRJy3IjxvOAMKBcWk4IHdTDhrsKPWjU3jKfHgw6j7oNEGM4GPugznfKcPqQ6j6VvqeUeT1n4ZORkqQcndRIvrKmg+UYWuMsI5U0DXGuIITjjO3CYOUQskBzsYyhv+nKeOE1/0K5dAojO+sJ34U131hO/Csr4YxAH8pzPqC6/lCVjH0SgRjlAn4C4HnKTjs37qn0Lj2RJPqwifgQpc+MfRF/AEo0IjSDzKNUbkD2UmT6lHn+ofZIlwOiOp/qCtKfZp91V0/IVrB9ATq+VkGwceUh9QSPKQ+oJjE+wrBlzR7q4Y7EbQCFTs+pqsGk6G5QY5G1z2kpnKnW8Zq2DtlVseTsr/AKcpWzVbdQ7j/NbqI+zh62xttno9pYGUjMDBUuVxwACgU4DGBo2ACfnJ5WxHnJy3PLNR0nCHEuczJxsVpzv3VT0zCI6dhI5CtJTl2xTF0cq7mxlZ1BMWQxUzN3zyBoC0ceLfa2gN3DQMLK0hbcupQJRltPs0dvXK1Fyd4mim/E52MeiaKnEn0A/3UTOG7t05zyHAeqdtHG2Jo2Y0BDjfrkAxwiFE6E4YTnCVMS6p1FCJwAOEemAzlQWGq5MR4AUJ82GElPqJPEkwD5WqDXPw0R/1KslEq2HW51QRupBmawukdt7psLW09K1jfqI3VfdpS2ldFH9buFf+SyFSOFVXT1unbJY3KxvxJuLXxMocHU47Y+62zGtoqLXxpG68iv1wkuV7nlcctiOGrHq57K2zreI07v1KKiQlpbGeVp6GJrKWMNGMjKzTInVlzaIx5RsVqoyI2hobs0cL555rVNvafoj6T8aq4fJJE6kaSVOGMA4UWiIMYfhSXHAzyvG6iXo+o6SvESBVanVAHpwnsbpA3Q3ZdJq7lGhByM7rFKWDpwXIeAY/RNIycI0QGk7JjRvn0QKWTTtyhsxjhpXl+xdwqaR4G+FOvcvhiNoPdVesSNxldPTw+1M4PkJr5No52HdxsvHPip0aad5vdNHjU/8Am6Rsc9168Guzyo92oIrpQS0MzA5sowPZdPS3umSPNeR0kdZS62j5ba7PZHjJzt2U7qexTWG7TUkjSG6jp27Ksa7BJwvaaK5WRUz5VqdO6JuufaL6gq9emN4H3UuaPIBG4VBFMY3DCvKOsbM0Q43C7NVmezi3VOMsoGWEJ2MgKQ9gycDlBIwU9yFpjEkkkYQ9cydgupDlMTwVgLHwd0VrfUIUKmRtBHCsfUsguDnCI15GMLvhEbhIMLeSkWHQq+0lQgPxlTqNzonjA2HZV0XkAAUuF4DwcJJ09PLJo6aRso4wnvaAchV9HPjAVgMOAIKYuzq19Dm7Lpbq2TU4HKj/AGa08g5YByAq2soxIfp5Vw7dCMWQdksqVaZk3xPieWuGwK49ocOFcV1Hqy5reyqNGl5BPCBoyWVpdlDXUhjlcWt8qjRnv6LS1NIJo9IbuQs9LSyUkpY8fY+qXg51lO2WUTKOvmikaGnZauguHitaCd8LExbOVvQ1nhObq4QSlg16e5wRt6eXIByN1MjcMBUFvr45QGg7q2ikOBnhUju0XJpMsmuzuCpETsEbqDGeFJacIzowkmWtPLnlVt86Us9/YfmKdrJMf3jBhyPC8tIUhs5GNlA9kJ8TWUeR9QdBXS06iYDPCNw4D8Kx1RbG6iY/KfRfSzJhIBndZy+fDuw3lrpaaEUlS7/iM2BPuFDjavwcbm5wPnt8UjCQ5pGEw7crddS/D/qCyuc+ppfEhGwmjBcw/mshU0UjCdTdOPVAeS1Ohs083GSIiS4WkHC4hMco4HJJJIJRyW0JJJJAUJJJPiZ4kgj9VaW4g+lppKqURxj7n0WjgiETGsaMBoTKC3iki3ILn7n2UsNA2WmEMBxjk4BjZRK6oLQY2HBxujzyeE0/ZVMz/EdkFPSAtlhYQIjfCPBFkglDYC5wAU+GEho2RvgRFZHtaGsOThVdXOSSM57KbVyaWkDbI9VTkFzyc5SrJrbgI4TnlJJJIKHJZC5nOy6PRW5YDGpYKbpTS8BLc0iBSQ0IlJBLX1TKeMHLjzhRS50zgxm5Ow3WtsdqNCxs0jv5ztyMcBBnczRRXueS1gpm00DIG8NGETT7ogdr3SVnVrikhiSmUNsuFzmFPb6SSeQ9mhbyw/A7q25ua65iO2xOGcv8zv8Ay7f5p0Y5Ojp/HX6l/wCmjzfurS1dLdQXybw7TbH1OeNK986e+CPSFnLZ66D+IVDRs6YeT/yrfUsMVLGIoImRxtGA1gwAjSO9pvpmc1m+WP8AB4r01/Z9r6hsdT1HcBTNcMmGIZeP/Fnb9F6xY+hununmNbbKGNhaN3FuXH3JKvWuAOMJ2oFE1tPSaXxmn0sMRjl/tiGWjGV0glLOO6XPKapY6RvjAJtnKWR6oW/qk1xLgoNjEKkkOElAugSSSSaAPUSvr4LfEaiqcGxt5JKbdrpS2imdVVTw1rRsM7k+gVTb7RcepKg3K/xeDSjaKjdsT6OcPVNSyJm/RDEdx6zmJY4wWsHykn6/0WyoqSCggZSUzA2Ngxgd/dGZCGYOE/T6K8CsMcG7cpHAB3XSQAVFLtzuiG8IT3HPKC9zT+MJSO2UR7sHKYlkRZYoLLHzyOaVVVt1ipY3Oc4E9gnXO5RUcfiSEbDYeqxNfdPnZS5oIH3Towyc3VaqLjtiduFbNVSmR7yQeBlQwHu3wQjQwPldwrWC2AtBLU5QOZKTfZGo6HW0OlbudwpzKVseDhSBGBj2XXEDIJ4RpGab2gXNDcAKsuN2pqDVh2ohRr3e2U4MULwXdyCs64y1cnivO3ZNVeTla3VKHEDlVX1tfOZBIWNPZOhpfxuOSeUVsTQzZoCYXjGlaIQwcO+bt5Y2bSzDQEJ5z7J7hk8rmn3RmRgwC47ojWhuDhdwG9kicjKhQ9z2gDDUMy7bjH3TJZvDGcD81nrheJa5xpYZNOnkhD0DKWAt3uzpHfJ0bsnhzgmUFAIx40wy49123W+NmJZDknco1fVw0UJkkIxjYKm8C5TUVljqirjpWanfosD1B1LUXOpNttp34kkB49gg3a+113lNFQEgvdhzvRqnW61wUMQaGh0nLnHklJlLczDdbnhCtdsjo4w5wzIdyTzlWBGVxvddPCJQzyKjE6AANyo73Z/Ncke4nAzulEwk5Kvokk88B4Gc5CNgNGyY1uy6fKh/IfBfsY8OPCLBDqICcxhkOMKZDCBjA/NQbGORU8OnchFqJmsZgJ7sRsJCgazM8nsELWRrSSBSap35xwpMEIYMpzWADhCqqqKkhMkjsY4CrImT2rLGXCuioojJK4DA2HqsDdrnJXzHzHRnZEvN3lr53ZedAOAqp7tPByseosz9qM9lm7hDc4XDwurh4WFtoQDPK4unlcQyWQxIsUDpTj1ToKZ0rh6equqOjEbWktHCtLI+qG85Q0wbEA4YIU12kNGk5wmyaY2HG2Aq58tQ92IzyrNO74+EFrKss2buSokNFVVkmp8WGlWFFbJZpBJMNhvurqNrIx227YV4LX+o8lZSWyGlIe5uT6FWIO3CZKNZGNkgQOUyMR8YqPCEXjPC4ujdIMA3UZohyuRyeuDHCIkTTfQ5SwcAA7J7CAeF06WjLnYCEaqmHMo/VC8InzQRJAbtgYRGquku1BD/AHkyjtvoqnllK06R3KOFe8VZrKoLOS4OBvqGyjVMrzs04CEyV7xqJO6eRlbKtN7Zwdf5eUv9OngEWl31BIMxuAjeGfRLwz6LUqEjgzm59g8BdTkkezAl8kulur4GiOUamjv3V/TvjnjEkbwQQsjKeNkSnrJ6d2qKQj2zslTg2KnTk1xZnuk1vuodDdIaqManBr+4UwODkpxZksg0N0+6e5M1eycgSwKHJ6YnoghJJJKEHYCWAupIyGw0eyYpCHkHlfn5WJn6uwDTEfT7phGEWULlHKBrhG2U7BSwUwW45YIj0XMFFwFwgYRKwBw4AJEAp55SO6fG39meVCa5BFjTnCD8ox5455R9KQGO611aqUejBdo4WcNcEGagwP5LcoJilZ9bOFbtTXMaR5hldGvWPqRzbvEVvmBTOw44IxhJjGjfKtJKWB/4MIfyfoVpjqIzObLQSrfBXOGMYXMOGD6qcaYnO3CY6It/CmKa9C3XKHDBtyW4cotVQwS76dLj3Gyl5A5KRGVOGMqk4PKKlouNAQ6N5kYpjLtDM0R1MOCechSwAOVHmpWzcAA+qROnedfT+UuqfL4HmloqpnkDc+3Khz0VZTEvgeXNG+CmyUlRAfEp3EEds8osN4fEQyqiP6LJbpH6PQaXzNbWJPDB014fG7RURubjurWKrinaNMgyfdKJ1quDMOa3Ufso03Txc/VBNhp9CufPScnoKdbYuYSUkWMD3McHNP2U+nub2HRLjHqswRc7adLwZYx+aIy8wTEMf5HdwVknpXjg6tHlI9T4Zs4a+nkG78KW2TVhw47LIRPDgCx+cehU2muNTBsCXt9CsdlDh2dKnWRmaiOYkYwiseQeVRU97ic4NmjLfdWbZo5cFkgx90rH7N0LVLosmvJGQUQas7qCx0jSC12FLjqJHAahnCWPUiQ0u53/AFRBL/UzV90ESjjSigsIB4UywnFT7I89qs1Y7xJ6Rgf3wFRXH4d0FY4y0s0jM8BpwtKGZ7ogJHBI/NA7ZLoB6et+jzur6Av9M/RSPErOQTsVSyx320VGiSGVrh+hXsTamVmGuGoe54TpDBKNMsbSDzkZRRvmuxFmkz+LweQx9R10Th4wwffZT6bqqKXDZTkj3W/r+len7k0eLTtyONIwQs7cPhdRSRarbM5kmcjKbGyL/Ji/juh+LyQIr7SOwM8qW19JVDOA7IVNWfDq/UjtMQM22Tp7KtNDe6FmJY5W6TxgonKL6YDtnD/ciaaShp3EFrcfmm/w1pb5H4WYiu9XH9Ujhj3UpvUMzcB+T+avjtFfPCXrBbPo6ljuMj1ymOM7BpdHsmQX+N8Y1HdSo66ne3VqG6nIacZdMBrkH1NKXzAYBnZS9UD8HI3XTSUrgMD90DWQ+iIKiF2xduuCmhm+rupn8Op8EgbhANJNkmJUHtWCLJaonbsySoclvq486Tn7q3bHVsPnIx6IpkdtlqJSwA6oyM6WVsJ852T46tw5/RX4ljyPEjH3wgVFvoZyX6NJP9OypSyA6X6K5lYB9WERtTAfx7pSWLW7+RJj/mKr5rdWU7sOjJA7hEKlXJdlj4rD32TvDjdu0gKodJNFjW0jOeyK2qcADnBUST7Bc0uJFj8vO7aI7IZiqIt3RZQGXKaLHmUll2JwC9FJYB3Rl0MOoDdmPumksdsWhSBVRSHzDbunujoZcaRkocMrggClpD9TAgSWekkcXB2CfRWr6SldgNBB+6YKB/8Aw3KsZLxF9oqv4I78E7gEJ9quNORLSVRc4fhzyrd9NcWfSQR7oLjXxnLmZVbUXiP6K3xOoIMF0WpvfBTv45Ux7TU8zT64Vn8xUAbhM+b1HD4w78kUa4sijJv7WRqbqNrn6HSPZ/zbKc27NfuyYH80F8NvmH8ymbn7IBtNtccklv8Ayuwp8KQe62C4eS0bVTSDIcT6JMvN5oHh1JXTRH2cQqY2ypG1PdJWNH0gphk6ipn6WltQBwXKlVFAO+xfkbGk+JvX9tYW0XUFYwO5xIRlXFF/aH+JVBMJqispasek1Iw4/ZecMu17iOZ7QHgf0KUzqaldtW2qRhHOAoqolfO5dnrI/tO1lVht96Ks1SO+mJzM/plJ/wAb/h5XjTX/AAujaD3glx/oCvKo750/LxGxn/0wJrv4FK/VHUtBPYHZXKiL6LjY17PVo+uvgXcs/P8ASN0oPQxySO/ycnPf/Z6q/NSdS3i3OPZxlwP0aV5cKGjIyyTIPumPtkEvDsYQfxwvna6Z6tFSfCY72/4nzsI7Taz/AJ4UynobRJtafiZa5ndmTtb/ANSvGX2gNxpBPuuC24GM4VPT5GK+z0e4MsfUz8CO42Gt9NEwaT/9SiSdPdWho8Tpymlb2MUocP8A71eDmlqoXfy5HN9C12FKpq6+0e9NeLhH/wAlQQl/xBkNVZHtJnsM9grc4q+nCCOdMWf8kF1ltwGJ7Y1n/PHheYxdbdaUhAh6kug//uDhTm/Ff4hwNAHUNQ8ekp1IZaXAz+bF/lE3EvTnTkvMVMCfQKI7oewPP8t7t/8AuzhZiH4u9aE/z5aSfPeSDKlRfFi+H+/tdpk//tsf6pUqJr8S1rqf0XD/AIf2gHUyWbPuVz/YaIH+XVvaOyrx8W61oGenbbn1YHN/1T2fFcuIM9gh+7ZnJfw3IatVS0WJ6HqdOYblL9tRQh0jeWH/ALW8/wDiQG/FOAcUD2H0Dsro+K0AJJpJRj0wVSpa7J8lcvZLHS93OP8AepP/ADIjOmq5m5wT6lRG/FigdzTTA9yWp/8A7UaJ27Kdx+4Q/C/SBzU32SzZaxuASMfdIWUba4R+qjH4kRu4pIx92rh+ITX4Hh0h9jsqVE/0HCdUPZYx2xjcZpwceqN8qxo3o4wB7KrHWksm8VNQH/7d/wCq5/tPc5P7uhpP/Of+qn8dr0E74emWu48ugDHbC7oqgR4cYH5Kq/jV6d/8NTj7HK6b1fvwxQs+2ES0zKeoRbOjvBwYmcJv/wBcQ2MuFWNunUBBAkx9iEL5jqGY/wDai3PfIV/xmD/IRdZvxBzL+6GG3sk/zSfzVQaa/O3NyH2MgTTQXo4Ml1Y1p7mQKv42CnqEW74b08AunjafdyBJBeCdqiE/aRQ3WyVwAk6ghB95V2OyxHHjdSQAH/6IEXwgfOkSBHeBzKz760vl7qf/AIqH7eIufwu0wgGfqeH3/mhEjh6QiP8AM6oiPqQ5T4gPlQI090b9VQwj2dlcEVVw6Zx98qc2s6Cp8GXqTWR2D0j1b0BS/wB1VzS49sqvjC+aK7IopHkglzsn81MioZXgANduo8nxQ6Poj/u9BVTO9RHkKJJ8bIIz/uVnPtrjCv40T56/2XsVhrJd2tP6KdB0rcJtpKcnCw1T8b+onbUtvpo/Tybqsqvi98RaoYhnaxvbDOFPjQMtRBdHqreiqhpBfCxnuVMHTFPC0Onqqdg+68Ires/iPcSBJcpmj/CMKvlpOqa4657nV5O58ynxg/K30fQz4em6IZqbxSNwMnLlDn6w+HluGZeoKYkdgV4PH0XVyYlfOC925LuUeLoCIuzO4Y9lWwF2W/0I9dr/AIw/DygjJhqHTkf0N2VFU/HuwMGKKiqXHsNKx9P0Fb4xkfvlWFN0jQQbtaEcY4LhHUSJ9T8c7pN5bdasZ/rbhVFX8Vuta7aKjY0H0CtoenqVvkMbcKZHbKQbeGNlWEPVE/6mY2Tqfr6v+hxbn0QH0/W1dtU3CTB7F2y3zKWniOWxgFPLY/QIC/43PLPP2dIXipeJKmt1kd9ZypkfQbDj5rSfzW0DYxuGhMLweBwpkOOmgu0Zqn6FtsO/hNKnU/S9tiIzAP1VwC47BpRWUtTLxHgHuoMWlr7wV8dotkXEAKN8pSjAbAw442Cnstcuf5nf9lLitcTBkHKFywWqUuir8NgADWhqM2me87DdWrKSFhyGDKeImjgIG8BKpFb8jM4fTgJ0dFh24wVaaSBhN0j0SnPAcakiMykaBwnCkGdtlLSHKreEoJAG0jQF1tKGnIUxn0hJyikEoAhC4bAful4bvT91IaMrunHZEMVZH0eyJpH9P7ojY9+MorWjHCAjhgieGutZpOcKR4Q9EgxjTknChW1AhGR2XRGc8YR/EpmtyZWjHqVHdcaBn11Uf5OUJ0FEQ9F0RjOQoTuoLTF9VbF9tSjv6ts0X/HDlCFuIwNgn6R6rOzddWiPYO1H2UGT4gUTfopZnehxsoWpYNjkDuF0b8LBSfECtkOILazHYnlR5OseopP7umbH6YChW9no2D6FcO3K8xm6h6tmH966MH+kKGanqiod57hNv7qE3s9WkqIIW65ZWtb6k7IUl96fgGai7QM/8WV5NJYLxUPMxc97zy4k5Uap6fudO3xJYnOH6qxUptdHqNV1v0zT/TXeJ/yhVdR8UbTC3VBRTTZOBggf5rzLww3YgA/ZMczAwE2NbfJjt1Vi6PQX/FuTGKWxjPrJIMD34/ZVVV8UuoJ8+HDTxemGrIiXHZDMzT+FPVOUZLNXZ+y+q+u+qqni4iIejIm5/XCrH33qCYky3qqf7F+ygPqA3shukxymRpMr1Nj7YWR75nl8she525LjklBfGRuX5z6lcD8blMe4HumqoCV8vY8EdimHOEMOy7AOU8jI5RqtIXZY5A3DfZCRXYzuUNxa3sj2ZB+QZpPouFme2F3xWg7BLxB/SmQryJmDMeeyboA3wi+LnbC5sUz4igBjPdc8P2KlBjj9LST2XRFXn/hHH2RqrIvCIL4i0bIPy8oOfD2VsbfVnB8BxP2Tv4dcSNqOX9Eai0XgqfBPdqc+HjCtW2i4H/4KX/ypGw3NxH+6uARYK2plP8v7JCmB20/sr1vTdyJB8B36KTH0zcdv5JB91MMp1bjN/wALkdjQMrhsdSRnSFr4+nLkAABGPuVIb07cgRiaJo+6mGV/HT/IwZsNUDx+y46x1LRkj9l6G2wS6QXVUOfuunp95GDVQ/8AmU2sF6Wt9nmhoSx2CMFcdRL0l3SUZyTLD+qCekIiSBLD/wCZXhiJ6NN/YeeMpc9gk2ne38K3knR7WHIfGcqtn6eq4nFrYgQOCEW7+wqWisjyjM4e05byp1uu17tswnornJE8cFpOylS2WdmdcZG2VHFIQd9lSrjN8oBRtqNpY/i/1ranNdLcnVgbtpn8w/L0W9s3x+s9U0w9V2EMbx40DtTs/wDLj/VeHeEWnB2yk+MnBSrdDXPnoZDX21d8n1Rb7v8ADzqeCM2m80zZ3jaKc+G4e33T6zpmelBcYWzQu3Gnf9F8qDW0jBP5FbLpz4rdddOSh1De5TE3YRSHUAFhs0Ml+J0NN5OMn9/B7BWdP2isDWSQFrhzkrN3L4XSyB1RQS5HYY3U2zfHKy9QRiHq6zBkuPPUwO0u45Wlo5IqyAV3SF8bWw41fLTP87PzSfgsi+UbnqK5rKaPIq/pO7UEpZLTkj10qqfA+ldpe05HOy9nk6lkhf4PUNnc2POC4s7/AHQJT0FfJHQNkZC93Gto3SsN9lxVcv6sHksdfUQY8CZzB6tOFrbF8U+s7M1jKK9VHht4a+TVj7K6qvhhY6oukobg0DkNDsg/bfZZmt+Gd9pKh3yUoezkZJS40xn2DOtv8eT1Oy/2mL/DCyO72tlW5owXtk0OP7FegWT+0H0rXeGKueopCePFjJz+mV8tTWjqO2tLqm1SYGxcBkKF/GYonBlQXQu9CMJVmji/xMlkUmsn3haet7Feg0Wy9wzSEZ8PVg4/NXIuHiECVjX/AH3yvgSnuMmRLSVrmu7OY7cLSWz4o9cWPQ2jvtRIxvEcxEjf0IWSWhl/SVGv9H2hW2SwXiEsrrRTHnzBgBCqf9jaele02G7VNJp4aHZH6L57s/8AafvlC5n+0FpZVMGxkhOgj8sFb6xf2lOi7hhtTP8AIvPIqm4b+TkmWlsj2g1HaeiyTdcW0+GKaK4sHBZs4j3/APmLsXVUb3CnuluqaScbOywln/m7rlj65tl4Y2e3XGlqGPGR4MmVeNnhq8Odok9nAFZZ14eGU7MMgRSWy6gtZLFJ7E7hMl6fhzpbHgeyLV9PWqqfrZGaV/JfCdKCaS9W9ui3XSKsjb+GZ/n/AFSnWyK+BEns9ypf5tJUFwG+hyY26XOEBs9LsO4Ks2Xeqp9MV1t0sJP/ABA0lh+xU+GajqmjQ9jie22UuUXgL5E+iopr1SSECaTQ/wBFbU9aHgFmC08FRaqxUkrzKIG5POFWSWWqicRT1L2s/pJOyS44ZG0zUioOASMozJw4DhY0XC6UZ8KdrnNHBG6n017hewAlwd3VYyLnDPRpMhOYcZVPT17pN9WVOjqmYGs4yqwL2YJ2SmubqGCmxyNeMt3CcXY7KANfsBLE9v0lMbUVMRxyFJdIHbFvC6+NjxgtVi9uRkde0bSHco4qA87YUSSkbywboOmWI7t27KgHWi3a5pbsU3JzgKBFUkDdGZVjYKxLqw8kpdGyC17TwU9UEohQ/snjB4Ki5HohtdIXbSYARKWQHHJNyPVInI0k5A3wgtdtuUtY9UzcgdrM5dOjfMaqwTiln5LNWGn7BV1NeqqllFBfovAmGwfjyu/Nbc4J54UettlBdIvBrohI0+2/6q/k5wGuCiAbK0SQyNc08EFFirqilG5Lmjsqyv6Su1pc6exVRmpxv8u/kfb1UW29QwSyfLXAuppRtpkGCmJ57IaCK/dO17hRVFZFHUuB/lv2z9ioktDeLVIaq1ztmpeTFncDvhV946Ws9+YPmIWA4OmWMYe37H9FAoIOt+mqhrIaiO9WkHzsmaTUNHtv5kxSI0a+OS09RUwYHMMg+qOTZzSqiqtl0sLzLSQ/NU5PmY/JLfspbBa69onijfS1B3Ixoc0+isI6yoYBFVP1sGzX/wDVaYXOIiSSKmkuFLXkxtaYphzG7b9EaWn2IIIUm4dP0Nx/3iCXwaobtkacbqmFyrLVKaLqGJzS3ZsrR5XDsV0aL12xeF7Mx138L+neuaB1FeqIOO5ZKwDU0/6hfEnxb+BPU3w4uD6ylgfU2yRxMczW4Glfos3RNEJYXCSNwyHDcKjv3Tdvu1LJSXKkZNBICHNI9e69J4vzl+iajF/b+jm+Q0ENbHD4a6Z+V1VQsq/PGdEg5b7qA4uafBqGkObw7C+n/jZ/ZyqbJLU9QdFQmopw4ulpg3ztB7/blfOcwZUM0viBPuNwvqHjfNR1WNjyfNPMeD22Zl3+/TIcVTowAVKbUEgZVVUwTUmTgkYyFGp697nYlcvTV3xl0zxWs0sqJ7WjQuDZW7Yz91DmgkaS4hKOXDQUdsvijBC0cTMRE8Q5AdshVVLFUNw5FqYiHZaNkyJxBwUicMDozcOijr7VJG3xohqA5A/zVUSSSCOFuWaSMEDdU12s7SDU0w+4WW2vPRtpuz+TMw9oHZAeN1MkGNiFGeFz7YM31zTBDlSY3YxgqMugnPKySXBqTwXFO8PbjIUoEBVFNLhwHqrGIgtG6x2Lk6+ktyuSbGd1KjdkcKAxzW5KOyQNSZI69VpLJ25UcfWnBx9crqhp3ZCxOJAyU85Iwo8JxsSig5GUxBy6I9Q7DwPVNlj1s39E6oGRqT48GMEei0VrkyWSyUj3aZCMd8JtQMgEei7VjFSRwuP+kLfXwjy+sXDiCbypTSdIUUcqS36QtKORKOTiSSSJywL6CsPIXJeAux91yXgKEI7+VzsV1/K4OCs7DGHlNHKceU0coho4N8vKY7uiD6UJ/BVS6IlgBNjUCnMPlCY/lPgI4SkhrRHfgOwo9RwFJm5yOyjVHASprA2PQ6m5KtKb6Cqum5KtKb6Sm1fggLB55XWHJXH90m7ORN4M7DH8KmjOkKFgnThT4zjCJCJScCTCdIzhavo6EzTayO4Ky0WCBst/0fS6GeJpGAMrbSsI5WuliDZqS0MGxH6pkAL5ms91x+T3Uuzw+JWs74WldnmbG9uTe2yF1PSxtPOF2reYqeSb+kEozCNDQPQKp6oqHx2407DjxvKmIwt5mSehKeOVstc/zPkcTk9grhjvH6i34ZwELpykZb+nI3sHmA3K70xpqHVNW8ZeHluU0VY3KWS9nIydwhUjf5mvGQEGR2XHdSqAgU+SM7ogAkjtT2tCkDyRD3UKLz1gOdlKqTpwAoLAPdvwoJeJ69rXcN7I0ko32QLThzpJ3DJDsbqiYwWT36cKrlLqmvOr6Y+FKqKgHIHcINNHsZCcajglVJZJ0UvWdfNQ2mTwSAS07rymEl0Ukjt3u3JWs+I12c6sbQRy+Tg/ksjO7wYA1vdcbyd+IOKPe/S/jnNfMwlmBFZnvytLG3U4AjKp7HC0t8QjzHur+Bmkhy+ZeUtc5n6M8DpZVaeOSbEAGBoGyU4cyInO5To3bYwhVsnlA4XnLpbmez08MRI2rzKXEBsobPqCmRjICUzZGHJJZvnZcDMEHPCfFwB6rgbgn3VDEZ7qOoIlAA2BVXTVJc7B7Kb1B/fO+6o4yWuyu1p4f6SPIeRuxqGjQANe0EJwDc5J4UKhq2E+G84zwSpDhuCDsmqJk3powXxY6UbdKD+KUrP58exaByF4cBjynGV9XupmVMZhlAcHDG4Xzn8Q+nH9PX17WRlsD/o9AvQeM1m1/GzxX1HoMv8AlRX+Sh9x2Uy3zujlDlWtfgY5UiN+kjZepqsPEWQU0aaGVs7c4CZKNJ2CraOqIOCrQDxIw5pXQq+/g5047GR9Pulp904g54SWjaRSyJJLBSwVMBZHRkB26sYCHAeyq8EkKZSy6CAQiHVWbZJFk1gIIKa6LuAnQODsbqayLV2SpRydaEVjgq3gs2LefdHieQQcKRNRk4wEERFu2MJbRpq+wmU8uNIV1TSbDfKzsRw4K1o5wMAozpVWZRZkYRUEO1jKMOVDfW8j8FcLfZGa0EZIXdDfRLNBAkhHcbKmulscCZ4W/cLSOjyhyxZ205BQYAsr3GShwMajuo13t5qY/Gjxlu6s7ha54pXPjblp3AHZRmSaRokBB75QNGK2rjBmBFoO+EaM6ceyl3O3PZmeE5byQOyrGS42wkyjkwOE65YaLq2VpjlaTstRR1TZwDkLCxvLDqCubZcSwhrnFB0b9Pc4ySZt6eUDClsfkcKkpanLWnHKsIpQQESlk71c9pZMdvwjNOQoUUgKkRuyERthLJKhcQcZUyKQ7KC0DucKQw4P2UNNc8FlHLsMkbcZKzt9+HPSd/1SfKfJVB/HF9BPu3srbWTjco8TscqAW1Qu4nFNHifUvwfv1vc6W3xiphHdu+ywlZbK23zGKrh0nsvrKGfy4B/JR62y2K8sEV1t8UvPm0gHPqgOHqfp6i6TlB4PkzSONSWkf1L3bqH4G2asL6m01j4nk7RlmR+uV5/fvhB1fa3B8FGamAfjYCP2QHnNV4XU0N4i2kYnT7rmB6o09FW0kroKimexzdjkIcFPNPM2FjSc8+yDbk5c6ZQ4aE2MvOGeY+wWhttnZStE82HPIyB6KRRW6Kii0xty/wDqIUkZ7lNrhtKUcdjcYK5KeN0iQFFqHDGMp5JcIDWztkHhtO4UENPdOmGX7I1LCXEHCZGaRlk9zwdpYSTkhS5ZGxMAyP1S8sbT7KqrqrOBlBY/0HhoHVVBlkOCUEEYIymNOokpgYfVZZt5KY527iQuYKHyUjsl/I/0XkOMZ5TXOA3JTYhPK7RDEXZVnRdKXq4SBkUB9yqcnI0Vaadv4psqJKgNyPVcZBNOfJGXD2XpfT3wO6nvJY5tokdG7h8nlb+q9Ssv9mytMDP4nWw0m3EQ1kfuESg2dbS/T+r1L+2OP8ng1hsDGEVU7NzwD3Wwt1gu11lFPQ0MkzzxpC+iLH8Iej7MQ2SlfVhv/fu1H9VsYKWhooW09DSMgjbw1oTMYPTaP6TcObpf9jwHp74LdUXIj53TRRn8Txq/bK9FsXwQ6at2l90mlr5BzkBgz+S3/jaNhuiCQOGeFR6PTeF02n9Zf9zlBRUdrpm0lBTxwxsGBpGCj8qO12TyjNIToywdWqmNXEVg4npiejHJZYs4XclcSRjNnsJqcO6QcSdykN+VxNhhlJY6DBwI3IXcj1CBkroJyrwXgOuZHqE3UA3c74UcuA3cdlMAt4JA5UKvusNG8wxEyS9mD6iolfc3y/7jadUlU4/UPpZ9yp1nskVGRWVMxnrHDzuduB9kcVkS5kWisFRWzxXa9nW5u8MPZvoSPVaFgGE8jPdcaB6piBfJ1cPCRcAhSP1BPSIdc7Gd1FLiSV0kk8pj3NAQiJ2JHZBtkEKmuV0gpWF7jxsE+8XWKggLpJA3I2GdysJU1NVdqgvdkQ5wAe6ZCGWc3WahY2oZcLhNXTHznQTsEait73EEjClW21MLy/09Ve0tE2PA0jAWyCwjlkOitYa0d1YCFrRspAY1g2wFFra6KjiMkh44Ri7LFDsDPpiOTgBY+93t00r4aXIHBOV273aavnOh5DB6HlQGRBh1EblHBHH1Wt3ZhAjRU4kOqZpJR9LYxgBElkbGMBqCcu3wtKSwcixjSTnlNJ7LrshMRJGWUsnRuk/y4XEMv9QiEjyo082gYzgpVNUIhqdsFmqmsqa+r0Qk6QcEpWfQqUsD625z10jqSB5BHJ9ApFtoG0o4BJ3JPJXaOkLH5c33KJX3CChi8STAx2yqbwLlNRWTtwrIbdAZpCABwPVedXe9Vt5qzS0ziWE7kHhEvF5rL7VOhhJMOcf/ADFOtVrhoYh5QXnckpMpbmYbbd3COW22xUEQAALyPMVMci6fdIjHdFFCfeWASTy09gk1pByQiIm/YNrMuGQpLYgBsFxoAA2RDKNOnCFvA6HJwDCc1ms4zhMAyfupsNOcAnlUaIwydgg0NyVKaAwebsmtGjflRqyqa4eCznuVBv4jamodO7wojt3KTGBgwAm07C3JxyjHblU3gF/3GSSCMZKxPUN1lqZDFHJ5Qd1YdR9QN3pKR/Gz3D/JZWRznZJKx3WekZL7FL7IgM+iWcpHlJY5ScnkyCTE9MS5RyMQkanhc94wmxxFxCu7fRYALm4wrSyNhDcdoKFrQCW8KVM9kQAHZOeRGNLAhtpXyvDiSAmKts2fbGCjFEWoM9U5sbPKBuSplNbwzDjypUdM1jd2jKIGkK3HAK55OsGBgHhMfk90/OAUASEk7K9uRq+0f3yShu++E972saXOOwVdX3WCnZqadx6FTKXYxWxj+RPbtuUKaugaDqkAws9LeKiUbHAKgzSyTOy552Wey2PoXZqkvxL+qvjIsiN+6rnX+uJOl4x23VfpyBk5wuFm/KyzvkujNLUzZNmulbONL5SB7FRjLJnPiO/VNR6Wkkq5NEY/NKrlO2aSEW3trkdTQz1sgiblxPOey1VttsVDAGAebuUrZbYqGIYaNZG5U4DK9Dp9Ns7ORqLs8HAANgknaHeiQaQdwtsYpGFvkdp90tPunZyAknqsIbp91xwwE9JT4yEd7Cc5CC5p3wpmR6LhDf6QlurIZCDpY3amuwfZXFtvEjXiKodlp2z6KuewHhRywtSJ14FTrUjb5DgCCDnhOIwsvbbtLBiGV2pnYlaOCdkrA5u+VmnDBjspceg6SWoZxlJLFD09DyE9WiHUkkkRDapJ6S/O0W8n61aGJgOU9Dam5yKkkjmkDtlcIGNgnOXE1coU0sgiPRLBRMBcIGFZTWQKSeQuHhXGQGECSXSDlLBTlPHIt15BpLuClgp6vxwC6UzuQmeLk4wuHVhMJd6J0LsGazTRl2Ew3lNcxh5GUwH0z+qWSVrr1OTJZoIsa6KD/uz98oRh7jhFI75z+SYXY7LVC/kzW6GKXAB7COAkGkImvJ44TTI122MYWuNmTnWU7QexQnNpz/etBPZEc5o4Qy5uTlEIa2sgS0OlxkpZCxyfFX3GhwXnWPZTNsYCFM0EcpM6oz7HU6uyiSlBkyHqClkYPGbh3cELs1Da7o3xIi1kh7hUskAz5WgJjRLTuD45C0+xSXpYpfad6j6inn/WSaLZ9kqqdofS1BLmjGMqMKyupn4nY4junU14qIRiTzYU9l2opmh0rAHd8hZJ6V55R39J5Wm1JqWAEVyhLcuJz3UmO46gAxx24wcLpt9DUfzY9I1DOxUGaklhcdI1N9lkt01a7R2qdfJL7WX8HUNUxgZqDgOMq3pOp6QRjxWEOHO6wzJHRncFIVB7LFPSRf4nQp8o88s9QpbhSVLAYpWj2JUppI43XlUdfPHgMcR+asIOq7jBGIxISB6rNbpbIo6Nfkq5dnpTHc7IrTkrH0HX1H4bRUwPDxscHYq6oerLHWPEZqvCcR+PhYpUyRthq6p+y6wHBLTnASZJFKA6OZjgeCHBFMLhgYO6U012MTT6BtjwcghEEkzMGNLwXDcjH5pwdgKg0mEbWzf8U5TTJb5f7+MOz6hINBOEjD5c6QFaeAX/AHAz9LdMXOLHysbHuHIACqJvhTZ5j/LqXf8Amyrnw8HYYXY/EYchx/VT5JZymDKqEu0Yeu+E12gnd8jUNdGd2kqlq+juqqHZ1veRnlvBXrja6ra0MbIcdlLjvD4mhk0If+aYrp+2LlpoPo8Knor1R71NLMwf8qZ89NGBqe4H3K95Nbbqjy1VI0tPOWgqNUdOdF3JuZqeAZ9g0q/l/Yn4GuYs8VgvEzHag/PtlTYb87UBI3AXpVT8MelZ3/7q50ZI4B2Kp6r4NVTyX0dxDWnhro8/vlWrY+wvjtXZmG3WndjO5RWyU8mHB437KXX/AAp6kpG64Y2zDuGggqlm6V6ipP72imb+RV74emEo2L0WjWwuGnLSm/LMactOcqk+UulMf5sUjceqeyqqYz9Z27Eqty9F5f6LkwzZzFjHdIBw5B2Vay51DeSpLbxkBrnfsj3It5l6Duhglz4kIJKiS2Wmm7FufRSoq+mO5dklFE8ZOR3U3NdinCH9SKWXpZxJdT1O/o4qDLZ7lT/UzWB6LYROaiAtO2USuBlpIS64MI51VDtJER+SdHVEZC3XykUg8zGn7hR5LJQycxN/RX83At6SS4Rkm1zwRvlSGV8xGzlcydKULn6mOc3PZQpOlqpr3COXLe2VcLV7Alp5x9AW3GXfLwfzThWNOMoUnT9wj2GEB1srmfU1W5xFuM16JwnpjjXhE8S3kbsG/uqo09SNnRnZdMUoGwwVN6LUnnGCyMNC7g79kz5WI7NcPuqozzg4Dtk9tVKDyVeUVva9FoKcM3CaYxjjCh/Nz4BD+Em10uwJCjQTnH2StD+NZTHU4dgloOPZD+cf6hdFY/O+FezIO+v0J1FRyDElNGf/AAhRJbLQ5yIw37BWDJ2uC6S1xB5wrwylGMuip/gcbjllRM3/AMZS/hFdH/cXB4x6kq50sGMcruM91CfFFPKKP5a/M4q3OH3XfFvTPwuJHq1Xqc0/sp0FtyUPz12G0lOwgf4U03ScHzxAeuAtE0Du0LjooncxN/RURVsz4urMeddFdTvI2KuvkaN5y+nZ+QTja6I8QtCn+S/jKcTU+PqSDoM5EhVmbRSE/Ql/A6P+qT9VWET4ytL4v6gllhGNQ/VWJsVGTs+T9Uv4JENg5VKWCfGVRP8AiXMe6tv4RH2K4LUf+8S0030XsK7TnskNbTluysv4S7/vAl/Cjnd4wi4j0Xhlfrm48QYXQN8kKz/hUeOd1wWvBzrGFN5UoNkFo0/QACnB91H0OOPurJtviA2bk/cpot9Vnyt27boW8kUWiAZruf8AjP8A/MV10t2J/wC0Px/zFWPyVSOWfuuGinIxpH6qm8hckNtRdds1D8/8xRRNdXDBq9v+co/8OqNWcon8Nn9AhCI2q5firCf/ABFdAqRkmY5PJ1FSf4fUDhc+RqByVAZJsi+JU53lSL6gj+9/ZS/lSOSF0UpyqwRJvgg6KgneX9lz5bbJO6shTjHCcKXflDgL4mypNI55xp/dEZZwf+HlW7KVuMgIzICfZCEqipgsfHkH6qVHao2fWzCtYKU85x+akMiGTkcKhkKovtFXHaqfuwKbDbaccBS44W/0ojYh2CW7McGhUpAW0gA4CI2EtxhSAM7BEEYPsrfKDjUBELDuWogjAxkcIrYiTwjindgYCRl5Gwrx0BZGMcLoGOG/upLaWc7eHypDbZMQMjAVuTQ+MSv2CarcWyM4Mm2EVtFAzGG8KLkJwKYQyu2DCni31Tzs1XLI2MwGsRjlrcaVeCvjKiO0yPH81qPDZ4GEahn2Uwk/ZJqCT2hKKQhTwtbgNbt7Jgbg7bI5c3sucb5QpjlFDNJPKfoGMpauwamHKj5KcUuRy63crmk+hS2H1HCXgVhILoBCHp90vmadm7pQFEnv9rikLBPqIQtYITtPuuhgz9SpZuqKWNpMTNZVdL1dXS5EUMTAPZRRyQ14Ztymucxu7ngLEPvdzmz/ADy3/l2UST+IznL6iXf/ABItheDfm626HaWoGfYqPN1Daoz/AHyxMNvqXnBBJ9SVOjslTKAMY/JXtYT47LSXraCN7mxQuwOD6qLN1xIR/Kidn3XafpGaVw17/krWl6EJwdt/ZRxwSbyZ5/VV0lOWu0hR5LzdphhtRhbiPoQAAnSp0HRdvjw58Y1eytQbFqR5iTeqkFrpnaT6FNjslfUHB1HPuvXWdP2iLYwDZGFvtkYHy8QyEWwpvk8qh6OrHjU6nJz3UuDouqcd6dek6GDZoGAkW7KfGUYBvQhODLANvZT4ujqWIAaRstYQc8H9V10ZaASOVPjGLgy7elqZvDGp4sUDeYWn81ocO40rhae7VWwrekUgtNOBjwP3T22yBu4hGVbGWmYP50jWfcqHPd7XGTqrYRj/ABKbCvkRGdSAfQzACa6CDGl0WQfUrk3UFtZlrZvEJ7M3UGW+aj/Lo3/cpkaWypTiVF36IpqzVLRERyc4WCuNLNbJXU9VGWuacb916ZJdbo/Bp442/cKvrqCS8OJuMMTtudO61Qr2nO1CTPMxLq2A5UeRzgdgTlejf7KW2PGIgUZlioYcaIR+i1wqyc6xJHmLmzOIxG7P2RG0NfJjRRzH30r07+E0Yx/Kb+iIKeNoDWxAAJ0aUIaR5pHYrpMAWU7h9wjs6TvEuN4hn/EvRRAztGP1XPAYDnQESpyxMzBt6Hux3c+L8ijs6MrPxTM/JbhrAOyOxjQMYH6Ilp0wFLBgx0Yc+YOJ9gjR9DwE/wAyKV/3W2bnPKK3ONspq06RbZjmdDUWP+zHP3Roei7bG4Olg2+61ZPumlzDyQUSrwBuKEdI2NrcmjyR7rren7Ww+W3xbeyvQB6JA7fQr+MmSpFkoQMCihH5JwtEDTkQtCs9PsuHAGcK1AmSu/h9OOIWDCaaNwOABjspbqgg4wuGqOPoa77hVsBlNRInyb+QB+qE6llHAH6qWax2doY/0QjUVB/4NPj7o1V/YD5UiGYajO0jQieBUkY8doTpamZgz4EW/puo5qbhnLYYsfZWqsA/yYHXUMziSZhugT26oxgzjBT5Z6/bMYH2QJJKx4+kj8lfx/or+TAhyWkl28nPO6BJZiBkTfupkgrD6/ogvhrfU/oiUMFfNkhut9QNhMmspZGHzyj9VLMdV3cEJ8Lz2Ofuo4iZXtA3F7eJHfqgvq6huNMn6o4pajnT+6a+g1f3gwq+NBx1E17A/MSykCQtIHsiCKkcPNE3PsE5tCG7BNdSPbgA7KKCKlqJY5AzUVJJwxoP2VfUWdzhqhc3bt6q2+Vfp2O/3TPl6lpz+iZsM0ts+0Z19tljxqYm6Bj0WldBO762tKjz2+GbJ0hrvUKfGZ5145RRMbjhT7dX1tvnZUUlRJG9hyNLsIc1DPAc6dQ9QuNeMBukghC6FPsVGbreUeg2j4o1uBTX2FtZARg+INWPdWzrd0/fm/M2iqbDMd9BOMFeWhwzuplJXS07w+CV0bh3BSJ6JLmKNletj1Ysmor6W/Wtx0zStaOC1xwUz/bvqahZpbUE4xjVuu0nVhqIxS3MeI07Bw5Cj1jaeeQimB0+uOUtafPE4l/Pt/25vH6LCD4x1UGmK9W0yM/E+MA/stLQXX4adXvDZoYYpXAZ8YCPdeZ1lFTkFssYws/VWtjC7wXOAPYFR6GMvxL/AOIuriayey1/wetlRUmWxV8kORkb6gPy9Fj7/wDD7riygvpJhUhu5w3Bx9ljLf1L1d020C1V0jI2/hOSCtbQfHiqiYBfaBjngYJi8mf81nn4+yPQyPktPY+cxZUC6XO2sb/F7VLE07eIWbZXXX621AMcsbR+W621H8Uejr9G14rI4D38YAAe2VDu/R3TF+zPSOgaXjOuCTAP5IFo5PiaGz1KSzGaaMrRs+UmFXbKyaJ2Mh0Mmn/JbywfHz4p9HkPNb/GaNmwpq93iDH/ADcrza49H3K1Pc+01jntbvpzkYVSy632gd4ldTl0fB2ylvxqt6RmetgvyTPrPo/+2B0dc3Cm6uoqmzTAYe7PiRg+3BxxxlezWHqnpvqanZW2C801bFIMgxuGfzHZfnWbl0/eh4Tixkp9dsFPprd1BYalt26SvM1HUxbh8D8OPsslvicesFrV1y6P0r+YlDNBflvodwgSQ0Mrg7T4UhP1xnBXxH0r/a2+InSU8VN1xQC6Uv0vld/eEeodjAPPK916H/tPfCrreWOilvkdluDxltNXuDAR/wDTPo/dcvUeNnDpDlqa/wBnuMX8RhA+XxVsbyCfOB/qpMdzo5cRzRmmfwRO3SCfYqhpK5+hlRR1IcwjLHxvy1w9iOUeWsdVDTWMZM09njK5dmma7Guz9F94EMjdQaxw9RghVtbYKafMkLfCefTgqEzxoCH22fw9O/hPJLSp8N8cSG1Ue2OR2KQ6Hjgv5v2Vr7PXUo8SGXUR2BTRcaiM6Jojkcq/hq6apdpa/BH9S7LQRu8zo2uz3wkTi4vkYrUysgvIAGh2kjsp9PdPGwHnKgz2KOVxfE4sJ9lENtuFO8ho1AcEIAuDTxvbJwQjZCyEdwnp3jxNTVbUd5jeA17s+u6jAlHb0Xen3QfDDsglJlVE9uWuBz7puR6qC2sgpI8cIOl7TlTCMpOaNOMKskcdwBtQ4bYUhtRkDjKjPjJOQhAOBzlXkmxFgACMgpuSgtl7YRfF1fmohbgh/iu9E7zEgEoJGe6Wr2V9luCJQdt9YTg485yoQO/KM14AUS5FOJNDyfq3Vbd+nbZeGltRTMHo9ow8H1yN1Ma4HOCniUDkJieCjCVtn6j6bdronmvpBvpJ/mgf6qTaepaC4xtdFUND+C3OCD6LaOdnhUN26btt2e6aeEMnPEsXldn39USfJB0bWyHVhrid8kJ5227eiz8kV/sWkSj5ynacB0Y84HuFZUN3pql2Gv3I4J3B9Cm7hUo5J4nFO4bYUstoa6HwqmNkzXDBDhlRgIZ2btyUOMeC4lgz7LRCxxEyi2VFytFysJNZ08109Oc66Tk+2lHtF7t18pmkSNjmP/CccOCu6WrxsdsqrvvSdLeB81RvFJWj6Z4xh3545W6nU4fItwfRFulhiq2bsGQOQvlv45/2Y477JNfekgynuLcufE7icen3H+q+l6HqOpoZ22XqendTVAy3xxvE8DuD+atqmjinjLJY2vadskZ3XofH+RtoluqZh1GnjdFwmuD8mqynrrXcH2TqKifRVkLi18b9yCPyVNdrZEzVU079J/pwv0R+N/8AZy6b+KFqle1gobwzzRVgbkH0DgF8J9Y/D7qv4d3N1j6rp/DczeKZwxHM31a78S+meK85VqcZ4Z4jynhJxhysp+zF0dxdCBFUEkA4B9FdNEhYJIJBgjP3VVVMpbhmOnIEzfTbKhxzV9slDJS4A9jwvXQ1CPnuq0OzLrXRpQ8Obh4GcIDoyCgxytkayQO2IUkyg7Obv91p3bkc5QkuxgdpRCdXBB/NClHGExmRyhayWCrbVS1LCTEGuxy3ZZOrpnQSuYQRg7Lc7EeyBU0NNVNxLE0n1ws1lKkjRTc4vDMIW4TSMd1aXK1yUUhIGWHgqvPC5ltO06tdqmuATSWuGCrKGQEAZVW7IOUaBxBGTssVtfs2VWutlw2QnlwRmEg8qvjfkDdTY3AgbrM0dymzKTJbTkIiixuBA3Rgdks3wtwOaSDkIudhqO6jJ+r3RxeOxnyD5hhiBDJnbHdSHtyFFAAkICcjPPsr7k0io1DuhNeXN3Uq6eWHOMlQWSeUYC2VPg85r1tsa/Yj9YKlR/SFHk7IrSB3WlHKnHI9J65kJSDUMK28ixzSE88KO0nOUZp2wmJ5CBycH7ITPqCLJuD9kAJQI6XshZCIeUOQ4KGUsDAiCeF0jCaBgqnyRcAZmnPCbE4nIUiYDAx2Cj5wEvGDRF5GvGX7lAqBjByuvJLuVx4yBkoJRyGKHkBWtHwVVxfUrSj4P2Rw4FWejrvqP3To+U131H7p0fKIUSoxnGVLj5CiRchS2EJi7M1qyTYI9eANzkL07puIR0fGMgLzq0M11LQRkbL1C2xhlEMDGWrbU8o4XkLP6CRKcAH0Vz0zT+JMJfVULiTyVrekoMR+Iey0xWTh3LFbNKwEbZ4VLeS2vutLbo8lzSHOx9+FcjA82dsqnsgbWdQVNURgt8g9sckIznQ5WTQXiY0FjMMRxjy+6kdOxMgtIMY3eMknklU/VTi5tLSgn+ZKFpY42U9KyBuwDQmJ5AslhgTn15U2MeFTHV6KIw6pmgjIypdTvHpHsiAznkVGHB3in8kSqdkAErrNLYw0HgKPUO3G6sWuyDcZHRwkg7nZSqNrY6NhDd3bkqsvMhzFEB9ZVg8hlIxmN2tyrY2SxjAOZ+XjBBSq6ptNRPPsgUhMrPEPuqvqitbSW+Rxd2OyFtIOEN8lE81u9UbpfMl2QCR9kCvYWtaFGtzjJXuf6klSatxdPgnYLyXk7/yPtP0zolCEIlvZmlsTThXsLDhV9ujAgYCMK0jOBwvm+unumz7l4+G2uKCMGFDq3F04GdgFNP0lygOcHTuIOdlxpcs7sOEFj5U2EcZUCEYdyrRgAaMKSWDVWFjA8UZ4wVwclcaCeOUPO5GEKCnLaZq+HMxwqUsHGVb3PzVTxlUVRKYZtGNl6HTLNSPAeTs26mTHuDgMg8d1a0NUKiIA4DmjBVbGfGaT3QYqh1HUh3YnBVuBkrtyaVh3xnCyXxR6Wbf7JrhiBqIcvDgN8LVU746lrZIzsOVLc2OaIwyNBBGN02mfxTUiX0x1MHCfTR8hYwS3O/8AmjDfhbD4o9KPsV5fVxs/lTO39ASsWASF7HS6pTgmfMdZpZaW51Mlxy6CMd1c2+rDmiI43WdZnVzwplPOWEb4911qLsM5V9e5GhkYPRATqSbxYw15yfVFfDpGR3XRUtyMOXBgsBcI9k5JEngmRYyk04cEktOo4yrDjLnJOp59OMlW9LUB+BtwqAMOxClUkjozg7oTrae79mjEbHNzz+ajTQtG+F2ik8VvKkPZjG6A6cJJ8lW9paUamnIeBhHng9uyiBpY47KjVB4L6jk1t3Iypg5VFQ1BBAdtlXkDw9oIUOlRPPBIHC6uDhdVo2BCAeU0gHgJzk1LQxLIF0Ift2VDcbe+CUv05aTstNoPZMdDqaQ7v7IMZFWVbjHPiwNLm7HsqGvoxTTa2t2ct3W27MZe1nHoqSppo52GJ7fz9EucDn6ipx7M3G3VthODnRny7FElhMDyzGQE0jKzWJmPO18F1abv9MFQ7H9JWjp52uHlIKwbH6HAgZV/aa7hpPZCmdTS6qS+yRqY5CVOhfloCqIJcgZ7qfHI3ABRnbqtRYsdxupLHDsVXsdngo7XDbdGa42InNcPUI4I0jdV7CdQ3UhhOAhlLA+uRLY5wdypUch22UBh7KXHwCqHrBLbIRgBFbIXH39VFDsIgf2woTsLNQ22rDXVdrpJnjbVJGCVSVvw66Qq5DNHbn073bnwpMNz9sK9jfkcIwOVEjO9NVLiUUzCVXwgtNQQae5Twj0I1f6hVVV8FqpoxQXeN5PaUEf6r1JqK0ZcFeDPZ4bR3/lDH+DxGt+DvV9PvAymqG/4JP8A0VBW/DbriAnNjlcB3aV9J+LoAGOUVtRg8IjDZ9LaSzptHyu/oXqxpw+wVm3OI/8A1RIuk+oWDSLHWkjt4X/qvq2Kr042UmOvAHH7KpSaM/8A8IaZv7ZNHyU7orrKo/uOnK0j/wCln/RAPwr68qjn+A1Df/DlfYLawE7p/jsHDcIZTcuxsfpCiK5mz5Fp/gn17MQG2iUZ/qbhXNF/Zz69q8eJDFG33K+ovHb3GUvmB2CBmqr6S0X9eWfPNu/suXSU5uNzp48dmuwT+61lt/sx2WnaPm68SHvh69cbVO9SnfME9lWEdKj6e0FHUM/5MlZ/g10TadA+V8XSNyRstjb7T0zZY2mgt0QlAxkNSEuRucJnl51fsrwjp16LTU/hBImmqBORDGwewS+aOCAOVEyUsn1RmmMVHhEkyOJzlP1DsowKeCMcqDEkFJynZwmJ2QoEdHKKCcIQ5RARhGEOHKK0jSNwoyJt/UpjJAiSZkJZCakN7DJJiRIHKNcdASe0MuEhNB5HdU9Z1BTwyGlo3fM1PAYzcD7p2GLdsV2WtRWQU41VDwxnJJVaTWXtzoKceBQDmQ7Od9kyhsNZWTitvj9QO7YB9I+4WhgjbC0MY0NaOGjgJigJlPPQyhoaWgiDKePBP1OPJUxhA7Jq6DhM2Ah0IuJ2JXCQELJJ2KJII7IXbbrjOTkp54UOrqaejjM9VMI428koxdliguQ8rtO3OVn731Fb7XqjdIJJT9EQ+p32H5qnu/WlTV1HyPT0BlaQQahx8oVDJi3SC43KXx6vseQD7I4R3HJ1WpUuEMnNVdK5tVcQ4NBJbHngK2pqfxsNY3S0bbKNR0lTXyBziRq8xPoFoKalZTgNaBwtEIbTk2T3MJS04Y1rWMxjlTAA0JjHADhRLjcIqWLU/wDIeqalkCctvY+uroqSIySEDHA9VjrrXT1z8ufhp4A7J9dUTVkviPdlvZueFGZEc5KYonN1d+Y7UAZT4wSOfdKciBmrIz6KTKWRN1OOMKte51TMXNyG+iOMTjTeBgc6V2pw57ImkNHC6GNYPsmGTY7JhmlLI1zgM7KOSSScIrn4PCGXs5Lf3Vozs7qUGtqhC3OQESrqvCWZq6p9eXMicTvj7IJPHAtvBIq691UPCY7PZTLfQNgiAaMk/UUCzULYyXyjJ7eysLjXQW+m1OIbsgzgTKSjyR7hW09spzPO8d8D1K82udzrL/WmCB5EQOHEf5It6u9Z1BWmCB5EYOCewClW+hipIwyNv3PqhlJyMN9u7g7S0DaNgazcnkqdG9xAGFzTqG+2EWMBo33VxiZf8nUkiugHKaE5HcAlODB6JDhNdJp7IRkcYO6fdCcS52AOE8Satsco9JACS8hAMjnIeipMDxZcewUrw87ByHqJwxox2T8iAebcndQ2xXA2b+Uwkc+iBFCC7WRuU/S6WXV2PZSMBjcY3CpvBXTBMa1uSeFmOpeoWMa6io378OcP8kbqDqGOFjqeB2XDY4PJWLke6Rxe45J3Wa230jLqNRn7IMETk5zlcXTuuLHJ5ZhGpJJDdCWJEjic4/TlEipnOLTjlWlHTiPA0jKtLJohHcct9uc1zXuAPseytnwsji8vITGnQAAOUVoOBnhFGBrSjEA2CUuBkbsVMZG1oGyQxjddMoAxpTksdl5R3hM1D0THTY5CEXdy7H3QzwLdiQSZ2BtuoNRXsgGTyoldcnMcWQuzjuqioqJZSTI7KRZZt6BlaS6y6yS5DHYCqS4vJLt02TJPK4w42wsUrHLsVJ7h/wDquYwu79guZPokgNpD0sgclInClW23uuD8aSADjIQKErpbIrkGc1BZZyiopa2Tw4x9zham22yKijHlGruVIo6CGjhbHG0Ajk45UjT7r0Wg8bGmKnPs5mov38IYAc5IRAlgdgiNXU2pcGKTbfJzDf6f3XMDsEUDC6rUQQSSckmBjUk5JQg1JJJQgxzUJzMYOeVITSMIJw3EIhbnup1FWSQkNL9kDw9uVHI0uBOyyzryVNKSNVT1jJgMOyVOBBGQVlKSoMRyrunqtQG6yzhgx2V4ZOBOrGchEHCDGQSDlGBACSKYRJcyF1GUbjBSRvKQgnlfniMT9ZbxiSSSbtZMjElzJPCXmV7WKycSSx6pYHqmYJk4QOUM8ohLccoZ5UwBk5gJYCSSJRZMjMBLAXVzIVqLKckkMwFwtHKdnfCScsi2m2CITXbDdGOCo7jumwbK2DCCTnCRaTyn4CR4T42OIudSkALPZBMTlKcMHC4QFohqJpmC/SQkQXRv7hB8yssNPZCMbDwFsr1K9nKt0b/pIWt3qh5KlmIZ2QjFsVpjZGXRinROAAjKYY0Qs34TdJRZEuOOwRYhyx8EBSMYXHAHlTskW49MjRvqYnAxSuafupsd1na0B4DiFGLfV37LujHdBKmMvyRuq1l9XUixgutM92meHTnuFIkpaWca4JGgn0KotXIQwXj6XkfYrLbpUvxR1tH5iyqWZ8l2+3TMbqaQ77KHJBK3Ic0hNprvV07dGvUBxlT29SU+B8xSjPchZJ6exej0un8zp7+HwyqczSck4TNZZu3GQr3NnrQJWuDS7shTWdhGqmIwVilppZ5R0oWwnzCRXwXe4wkaKmQAcAOKvbf8Rr/SSDxHtmA2GrkKqdZqpudlFkt1THyxZpaaD7NkL76/xkb6k+KbM/77ROcD/Rgq/pOt+nqwB3zYh9Q/kFeNyQvi2dkZ91wAA6uSk2aSv0a6vKXJ4me80t3tNadFLXwvd6asKdGWuzhwP2OV8+NrHw4Mbi09iDhTKPqS80sokirpQB21FZbNJL+k3Q8nCXZ7wYjnOD+i65jcDsvI6b4i32HBkn1gdirmj+KkmAKyljOOSBusj01ieWaoa2uS7PQ2MB57LkkY22WRp/iVZ5NnwzNJ9tlaUvXPT9Tsakx/8wUdckMV1c/ZcOaBjfK45rNhshQXuxVQHh17DntlTGR0coDmOBz3DkDjLIWV6ONZKWBrXkD2T2yXWEg01bLn3dsnfw+Q7xVUjfz2Q3QXCLZszZR7IHFvsaiVFe79Af55jnZjjO6X+0xYcVdodIP8Jz/moBmqoz56ZzvXSuNrmA4kgmaf+VCNXRZ/xrpmqGKy1Obn+qMJgtXQNy5bTxE+nlKiNrKKUYeB/wCIJrqS2EF/hR/lhFuZWxEiT4edFVe8FZgn+mfH7Y3UGf4Q2twzTXANzxl2VIba4Hbsy3/lXG26Vjsw1tQCO2solY0RVopqr4Q1bDmjuFOfuoMvwx6mhB8N9LL7B61zH3Wm+ireQP6jnKPBeru06XiMe+FfyyfYToi+zzyforrGkdk0QeP8BygPt1+pd57RUbd9K9R/jtbkZeN04XWocQXAOV/KD8aXCPLRVTQECspJYQe7monz9KDh0mPuF6j86XjBY1gPOAFFlobLUDE9FTP9cxN/6KvkJsPO2VtE7iobn0Utrw9mG4IC2EnTXSk+77cxp9WbKLN0V068fyH1kB7Fk2P8yp8mSnXJ9GZLD6ZQ5IGn6mAq9k6I0HNHfagD0kax3+ijTdJX1m8F4p5PZ7dP+QVuxoT8bKV9rgcP7nBUF9njJ2Oc9vRaL+BdU0+f5dLOBzol3/8AqiotQy8M2ns85x3YGO/+9RfIynVu7KQ2gAf3W3qo5tMOfoV8KqAEsnhqYnDkPgcMfsutloHY/wB5jBPYndH8pfwQ/RQOs0P9KDJY4CM5x+S02iA/TIw59HJvyTHjLfdH8oM9NB+jJuscQOzimvsz3jYE4Wr/AIeP6c/mkKHHAx+aKOocehf8SD9GRFBVsOAxM+WrG7mP91sf4e87gj7JhoXEY0gK/wCS32B/ES6MiG1OcGI7e6KwnGCOFpjay7cED8k3+Eu9G/og+Zk/jMz+oehTmk+ivDaJP+7b+iI20P7xN/RT5mT+M0Z/WO6eHwkf3m6vf4SwjemCH/A485+XCnzML+PPBTtI3wQUTxA3YY3Vr/BdsCH90z/Z+TO1KcH/ABKfMwPis/RAa/UM7JaxxkKzHT8uP7gj803/AGdnU+UnxWfor/N6JmXKyFgkH45PtqRRYZf6MqvlJ8Vn6KfV7omT6qxFhlP4NvVF/gQPLlPlIqrP0VWpvoP1Tdft+6t/4E3+tE/gUZ/EP0U+UP8AjTKTWfT913LudKu/4HH6pCxRjcyyfqp8pf8AFmUWty74j/6j+qvP4PD/AN24/cJwsbOzQPyU+Un8eRSieYtxyutLu4/dXAssmTpxhN/g84O2lT5SfxplUc9ynZPqrF1kqycMaCnf7PVxHAQyvaJ/GmVmfdLc7ZVh/s5X5A2/Mo46VuxGf5OP+ZLd7kT+NMqQzO+36p4aB6fqrL/ZW4g4dLF/5k8dJ1+MmeL8iorMlrTTKrLfZPwDxhXEXSMryPEqGk+ynR9ExuAM1Q4f8pKGVjiPWnngzjHb7kfqjgsPBH6rRxdG0LPrke7HupcPTNshwfD1/wDMg+UtaafsygeBxupEEcsgyyNx+y2EdotsYwKRmfsiNhp2DDIGjTxgYU+UctP+zKspatxwylkOe+FKhtFa/d7NIK0Xihh0tbgLj5zgEbFC5bmMVeCqitBGNY4Uj+GwNwcI76mY/i2+ya6TTzujQUYo4KanaMaE4Rxt3AC5uSlqjAy+TCEaorHIQS48oCWSd8qMamnafrP6JNq3csbn7hQEluySniPbPCiCqrHNwIogPXG6b/Ped5QPYBQsmEtj4wUz5rsAELTtl5QnVlvphl8uCqISRIXcNwnbkHZVVR1Fb4vLGdR9lDk6lqjtBCAP8YSm8FmhDHOKfpZG3MjgB91lJLleKlulr2xD/AMFMbHV1ADJp3uA91STYWUad9ztsH11AVbUdUUMbyIWvd7+qhMsks2CWE+nKm0/Slc7BDMD7KYZeCJP1TVuGmBuke6gS3K5VvkdM7fsNlrKfouofgSMBH2VnTdGU7ceJ+eyv42xZ554FfLgF7iPdyOyy1LsHAyvTIel7ZERqZkqwhtFqjwfA3Vqp+wZSweWwdOVcpDdPPsrODoircQfl+V6RHTUMJ2hCc+qpmYAdx2TFVgH5DEQdBygAyRgKzpeiYCR40ey0wrAcEbhBnuEjQBGicMgSnL+kgwdLW+Ag/Lh2FMFsoYWjRC1hCim5VRJ82FCnqw06p5y3PdWoAubf5MtddLEN9IH2Xf4nSs2aQT+ixtx656Ytur5q5scRwGnOVQzfFmwN/7LTzTO/wCTdX8eQJXQjxk9OdXBwJaP2UZ1XUE/VsV5VVfFK7VHltFrcPeVuAoM3VXXVa0FktLFntxhF8QPy56PXpJy0AvOyjvuVFCDmdpwMndeTh/UVYB83e35xuGEgJv8KbJj5qeSc8+Z2d1Wwr5WemTdVWSDzSXGDHs5QZ/iHYYwRCZZnDswLER2agwNUKkRUtHT6cta0HYE4VYLVj9MvZviK2V2KS11Y9y1Rn9a36Qf7vQk+msKH8xRxAAzNGE0Xa2x4/3kk+mFeGT5JPtkl196wnbqzDED2A3CWu9zgOqbnJk8gdlFf1BRt2BLk11+a9pNNA55H5JiryC7ILtkz+GyTHVU1tQ8jtqSbbKYOHlOfUqF/E7nJjRDhJrrtIf5smkH0TI0CnevXJcMoY2DysAT2ho21DIVWKaZwzLVTZ9A5dLWAfzXbDuStNemb6M9mrjD82WbpoY8ZeN11socMg7LO116tFvway4ws9Bq3Kqar4n9N0jdLHzTY28oW6rx9svRy9T5vSVfnI2r9JIJISc1pxhea1fxdpQP/d1A+WT0e1V8nxL6xrTiitcEYPq3P+i3V+KtZxNT9TaKH9R6uW8brmn3Xj0/VPxPqyBDLDAD/QxRHRfEmrOai+ua086XZWurxFrZy7frDRx/FNnthAAySAPdRZrlbKf+/uNOzHq7heNHprqCoGusv87iPWTZRx0tbGjXXV7HHJDiTvnK2R8HY3ycy/63ohzFHrlT1h03SnzXmmJHI1KDL8TOkYAc1sj/AP6WzUvMv4F0Y0fza5hI/wDohTPC6KpvLHNJIfRmStUPAt+jkaj/AMRIw4ikehv+L3S+cQw18p9oMf6qLUfGWjb5aWx17wfVuP8ARYmK5dMQkeHQVrz6hiL/ABakBBprdVge7E+PgX+jlXf+JM/6Wkah3xZqZRmDp6paf8Tx/wBFHHxLvDnHTY3M/NUzbxUFv8uhm/8AFG3/AKLjrjeZCPCoox7luE1eA/sc+3/xEtb/ADLo/EHqdxyy1PASHXnWJG1EQPsFSfM9UH6RTAendNMvU7gchn5BHH6f3ehMv/EO7H5l1/tx1aRvGB+SC7q/qk7F7R/4VUiLqJ7hrLR9gnCjveMueE2P09t9GWX/AIh3v+ssW9SdTSHL6ho/Jc/2jvXDqk/ooHyV3HLgnC23N3JCP/gC/Rnn/wCIGq/pkTD1Bd8f9qKGb/eM/wDaSgNtFyJ+oIos9xx9QV/8A/sKf/iDq/bHf7Q3bvOf1Tv9o7r2qHZ+6H/BqzvhIWaqzg4Cn/AF/wApX/8AEDU+go6mvOd6kkDsUUdWXRg3kzhBFiqCM6ghustVjsp/8Px9RKf/AIh6qPth3da3Nuw3TP8Abu4nd0ef0UOWyVOeyELHVY4H6Kf8A/sRf+I+uT4ky3Z8Qm40zUGT3IK6zruhJyaR4/MKid09VPKYenKsDOf2QS+nt3ofH/xL1sfywzTDre2cSRvblHb1XZn/APFf+ixzrFVYIwP0QjY6vPH7JE/p7HGDVX/4n3f1wN7HfrTKPLVNb/zHCK2426c4ZVMJ9ivPv4RVNByM7IH8NrQcDI/NZZ/T8o9I21f+JUJv744PTWyxPHkkaR912YagMLzJ0d0hI0TP/J5RY7hfmgATvwP8RSZeFtj0dGr/AMQ9LPvJ6EGuHcpjyY98LCx326wnD3vOFJb1TWAYc1xwlvxNxsh9baS3jcazxsHBb+oUeeCmnJJaGu9QqCLqXWAXnHqCpAv1AcfzTlCvHzh+Rpj9S6WzqZMloJMZjcDj1PKikTRHDmlTIa+KVgdG4OB908SscMnCGWla5wHHy9NnUiJ8wSME4KPS3K405AjI0+h3XXfLyAN0g/kmmMRbsQPTNmmHk4rqRaNuLKhobVwaM/iCjVVLHnXHI1zTwoXzb+H8BM+fhyAJCD9kK0bXQ1+Vrl+TFVRluNuFVVVHTVIPiQjKtjO2UAeIHBCkgZjIKH4nF8ip66qfszVVbY2bRN4UN4uNNvTzFn2K1D4Ac5bnKgy0rs7NRfApivnWcwZT0/VHUFE8D5mXA9XEgq0p/iBUH+XcqKKeP0xpP6oRpgceQfmMpj7fBO3S+MD3ARLTVrpElr7Y9MdUVvTF2k/lxGklO4cNguR01VTuElrupMjfw69iq2p6fyNUDwSOxQo7fcYCJI3OafuhlpIT7RF5OS/M0EnVDWtFLfqAOadi/TkFQKjpjpa9DxLFWNpqgnIY52Bn2UB9RXN/7ZEJWHkEZQnPpj9FOI/sEqWijjhBPykZ9s0Fl60+LnwzmMtk6lq442naMOMsTh6Bn+uV7T0T/bjrKYQ0fX/TbZMAiSpoxod99B5/UL57juNdC8PbMZG/0uOf80R76Ou/7XTtDnbktGCFztR4mq3844G1+UlD8Z5P0H6F+OXww+IdPHN011VT+LIM/LVQMEzT6Fru63q/K2usMb/PSSA57E4XoPRf9ob4w/D6Bltor3/Frcz6qK5YqWZ/wkjLVxtT4PH+0bqvNV9WH6I50jPCcy81ULdAcSBxlfOXQn9sfoa+QR0/WtHUdOVWzXPP8ynz/wA2xaOPVe4Wu92i+0cdysV1pLjRyjMc9NKHscPuuLqPFTqf+ojqUa+q78JGto71FMA2byu9VYsljkGWPB/NYx26a2qnidqikc0hcu/SRXETdDVpdmympKedpZJE06t+FWz9PxuH8iQxn1VfR9RSRkNqBkeoVzTXemqAMPA/NYJ6ayPo1K+Fi4KsU94oJdMY8RvY5U+lvGT4dTE6Nw5yFZBzHDOQQk4U7zgBrj7hJaa7GppDoqiJ4y14OfdSNWrsq99LCHZbluewK7GZ4T5X6me/ZDJZLfJO0AoXhj0SbKzbUcZRQ5p7qYYtxYHShklqlBme6E6IuxtlQr/Jxj8jOOUQ7oIYW57pzJMnGMKi30LBG6GJHZ3ClaAWoLmY4Cv/AAKaCMmOBkouvJ2UMkk4RY3HByo3wBKOSSJ+yfkFRhKAcYTtQLcqlPnAOAxaDsVVXHpyjqz4sLRDLzqbtk+6tWkYzldyE2MymjKyC5214bOS5nAcEanusWrTLvnuOy0UrGyMLXtBGO4VLcLMx7DJStDZAc+mU6E8gEjGQHxEEHcFSKerLCGyNKoIaust5EVRE4Nz9WMt/VWbJoatgLHgO+6epElFMmXW00V/onUlW3Ux2+Vhalt6+H4Bcx1faD5MasOh9DxwtnDPNSO8xLmHsrJvy1XFuGua4bgrVTqZVvszyhnhmeoK+3XmkFVbqhszHDJHcexWU+JPwm6U+JnTlTY77RNlDml0LxgOjfjYgqT1F0nX9Hzuv3Rxe6B7iZ6ADOc/0/8AzFM6b6pt3UdJ4lHMBVN3lpifOwevuu/pdanynyZrtMpR2vo/NL41fADqz4KXUVzqeeqtUriIp8dgvPnzwX2lDoXASAcHnK/Xa/WS0dU2qe0XijbUU9Q3Q9jxkaTzt6r4J/tBf2R+oehqmp6q+Huu5W3xNclHGwtfCD6nfLfyX0Hw/nn+GpfP7PG+V8Fj79Mvt9r/AO6Pm2OqnoneE9py0q6ZUsqWipi4Iw5vdpVNWPbXHUGhjwP1QKOrmpH5H5jsV7qi9WLg+d67RfFPajTRVDX7ZBxynPIBBCqHGVgFXCfI8ZIHZSqapEjA4bkcjK1KxM5Eq/aJYkPBCe1yj+IJCBjCIDpwm9i2sdnZ4Y6hhjeAQf2WYuVskpZC5oy075WpDsjKa7w5W6JGAg7bhJtqU44GV3Sq6MK5vuufTvlWdztstHK54GYnHII7KteM4XKvqaOzXONkE0wlPLk7nGFYRSbBVDQQdipdPJjAK59sP0dTTX4WGWrHnbdHaVCiIPJUlhyFmUcHXrmmg5IxymZOVzJ9UIjvlEPyTGOznKAdpCfdNbJ7JsryCMBGiwVyGqBVbPpareoGqmdkbqlAwcLXUee8osSDg5XclNanLXGWDj5HNcSQM5RRwgs+oIoIwrF+jiemLpIwmII6UA8n7rrydRGU3OEsEeeEAkZ5RnfSfsomTqSZ9jYxyGauEYSZx90nHCtEfBw7g/ZRTypR4P2KiO7pdjHVgJeQmvzgYT3/AFFNPCEYOp/qCtabhVUGzgrSmIwmQF2egq7HyFxdj5CaKl0SGcI7C7nCDDyFLiaHYyrSyzPY8Gl6TgZNVDWM7hejgCOANYMDCxHRVG4yGTGwW4efLhbqlhHl9dPNgAcheg2anZHb2aG4yMkrB0sRmnZGO5XoVKfBp44McBbqzlXPcsBKg+HSTOzvpTekqTwqZ1RKzEjyXZUe8yaaFzBy/YKwoGvpLWHuO4bn9lO0Y+lggSSSV3U0bXO8kG4b2ytTUOIA3xnZZXpdnjVMtdJkvMhG/otLVuyGkbKJCbeJYC027xnfClTFzpA1vdRqEYKMCck5TELyFedLcNKhyPOob91IJPJUJ7sSGQjZTBceWVM8rqm9iIu8kQGysri8uDYWEef/ACVPa2ma6VNSfpLuVZ5NRWa+Wt2CsbL0SYQ2KJrcYwO6wPxBugbCYAd3nAW5qpWtwc7Lx7q+ujrbu9sTjpZ5eVk1b2Q3G/xtHz6iMRljjYIJJsZd6rtMzxqtuvfzZKM1vytEGMGCQCUyzu8Su0FvvleE8ve1Bn6B+ndFt2mqha1rQGjClx8hRoxgAFSWdl4a+e5cn1jTQwkPkOIJD6KqYSckqbWSaIXe6gxDI5XPxlnRzgmQDBU+Np08KBTjcBWjANI2QTwPgEpgHTgHuEFwALxn1Uqk/vwfZRpC3XJ9yii8EtMhcHH5p6p6t2XF+N1b3EE1MmPdVEgySF6DS/7SPnPl2/nkgMNS5jxpCsqmjZPHloGSAdlWFg/CpVpq3NkNNM7I7ZTZrKMFFqT2yH22tdQTmKbOh22fRaKOTUA9hyOQVRV1EHZe0KXZa5gZ8vMd+As7fJ0VPHRX/EPptnUNje9jMyxt9N8r5slZJT1ElNIzDo3Fp/JfXrCHDBGR3Xz38XOmv4FfXV0EQEFSdQxwMrueO1OMQZ5b6h0Xyf8AzEFz7MKDuCjMdjBCCxwduiZ0tyvTVzweKaz2WNHWOa4cK9ge2aPndZOOQ6hhW1DVFuM5XR092XhmK2rLyiylaWnYcpiMD4rckJh2OF0P7mfGOBJDlJIcqETwSGDIUhoDRsFHjIIwpTOVZsolkfBVSwvGk4CuqWo8do9e6pTFrbkBOpq00MwLwSx2xHogOpTY0y+cwO2O6iT02kZCm07mVDA+NwIKdLGCNwlYOjCSkipGqJ+QOFbW+rDmD1HOVEmpu4ahMc6A7cqdGuie2WTSMk1AYCeolDO18TSd9sKaDkZVo6kLEx6ehtRByrNBzASwEVn0hdS8kBsjAVXcbMJyZaYhrj+E91c4KWChfJcoRn+R5xc6GWN7tTMEfuq/GBuvTqmhpqtpbLGCfXG6x136dnp5XOhaXN52CTOGTkarSyj98TPEYOE1skzJGPY/Gnt6p7wQ4gjCGWkrLODjyZYtpmltN2bI4Nkdzt9ir5lRkjcFedQvlp5RIw/+q0luurZdPiHAO32VJtnV02paWGa6KbVjJCktlOASqimmBAwf3U6OXYZTMnTqvyWUcgH5o7HjKrA/HB591Ijl3+yhthYWkb89lJjkOMYVdFJ9PO+VJjfkDblQ1RmT2u9kUHKhsfjsjteOVDQnglNR27AqI13sjCQD2RxwGkSGv3wieIFHa4EHfCTQQec5RYGRjkljDgN0Q78KKx42GUVpG26EYqyQMjgojHHbdCGMYKIzAUckxigSBI4d0RrjnlRkQcpUntfA3YTA7blLV7hABOkbpAkd1XZcYkkE55RGnjJUdPyVMDdhKa4gbFd1n+pRtXukHY7qyiWu6vZAEucDCeJfZEElkeDg5Cc1ztQ3TNTexTgR6qBJZJIO25XdXug59Cug77lTDD2h8+ifkoDSMcp+oJiTZWAv0ruS7uhDB78JwcCcApqjgg8ZHddyUxDkkYxpkke1rRyXHZGlkFyUeWSw/Dcnj1UStuNNSR+LUTCMdu5KqJ+phNO6hs9O6ec/jLMxNRaHppksrK+6zGpqRvpyfDb9mp0azNO2MuEChnvN+eYog6lphzIdnuH+FXlnsVttjD4cJdI7dz3HJJUmNuNOloaBxhTWxjAwnqKQpxcuRxGFxJcJwiCHrucKO6cNOMJrpwRkgIwm1HskSHOMEFClqaamGqolawepOyzdy6yoqKT5ejArKk7CKN3+uFVGxX/qqcf7RStiohu2niGD+Z78KCp3LqJZ3jryKKpbQ2OjmuE52IjADP8AzH/oq2Dpe+Xc/OdSXFw1btpozhg+4Wuttjt1phbFRUzGBoxqxufzRayVkNO6Z52bklWlkxXOXbZRTw0Voo3uZDHGyNvYcrNUduluVT89WHyk5jjPb3VhUyyXeq8R7j4DD5WcZ9yptPEBgNGMLXCODmXyyHpadsLSRjdEOyQ2GFFqagQ88JiWTNKW0dVVsUDHOc4bLN1lRJVSa3nbsE6tmM8pIzgIQGeU2MTnam7IMj9kN7wMHjCPJ9KrZ3awWjZMSyzl2zb7AVMr55NPZOy2NuAEgxNlGcJkVwYpPLGOeTlBPdEOwQiQdsoBTHOIAO44UConETS4nYJ9TL4QL85AWfrK2atm8KmyGn6lG8GWctpGqaqqr6hzQ8hvCsaa0tjjaGEDbJ91yCmaGNa1uMcqe+oZDES/bAAQiJSysgamrpbZTeLIQNI29yvOLzeK3qCtdS0ryIwcOcO3spXU9/nvVcLfbc6WbOd2CdQ0EVBCI2jLju53qUMlkw6i79DqGhgoowxrQXDkqZpHOMIbchGUUTA5uQkkl0NJKIJPI9o3T8jGccJpcGAErnYq3yNS9idMBthCk8zgB3XHEFxwixR8ZCoYvuYSCHU4ZCsGMAaGMGPVR4m44CnxsDGanjlAaq4YGta2HzO3KE8md+cbFceTI/ClRRtDQ4jChoSGRRhg1O+6oOor9HAHshdjIwjdRX+OkjdDE/B7lYaepfUyGSR2c8LNbZ6Ml965hBgJpnyPMj99RyuB2puV1xBwuZwCscpZMOGCPK4unlcQEYkWOFzzjH/olFGXEbcq1pbdIcHhHGGQ4wlJ8HKKnLnsbj6eVZiBoGRsnNYynjDQ1c8XP4U6McD0/j7FsOURso2ACCN0UMDfMUeEW7B4Oy4SAMoc08cQ85xhVFTcNRLYif1SpyURcrfRNq6yONpw7fgYVLVVc78DWcexTZXOe7W47rgAdgErNOeRLsbBeZ253SdSzTf3bMqdDTuHn0ZwniaWM4iw38ktx3dguzJWMtdW47swiiy1J7hThU1JP95z7IjKetcdWXEn0VOmP6Bc2+iFHY6j2Qqm2iljLppA30HqrOYzUzdU0hGRtkqHT0M10mdJMT4YPBUVG57a1yRWpLkh26imuE4iiacd3HjC2lJQw0UTY4wMgYJQ6SkipYmshZjHJ9VKaCNiuxovHOnFk+zDffv4R1JFSXWwZW8jV0A5TwMLuD6IXlAylgcOF1JJGUnkSSSSJLJBJJJIvjIMST0lXxkB6vZMcjoQOOyqUcBg9OO/KBLEXkFoUzOdkN0eUmcCEdvlOcqfSTluMYUKRpJBSjlMeFlnWVKKZoqeo1AKSH68BUdNUceysYpg4BYpxwzLOBYNcSMkp6jtwQBlFShDWDft1/0n9E4tcOQV5yzq/qMHerafyRx1le8eeRrvuF8ll9NauHTR9zh9f+Nl+Skv+hvCAByhl5I2CxI6yuh+psf5BPb1jXtIxG0lV/8AD+qj6Gf/AB54t8Zf/Y2JLs8FMc4YIWVHWddjeJh9gm/7Zzd6CQ/kp/wLVfoOP1p4uf8AX/5GoLjnYLmp3osx/tlJybfJ+iX+2sXejl/8qn/AtV+gv/jDxf8A+k/8n/7Gn1O9FzJ9Fmf9tYv/AJDl/wDKketYj/8ACS/+VT/geq/Rf/xh4z/9J/6/+xo9XskXY7LNnrCPn5aX/wAqX+10feml/wDKi/4NqV3EOP1Z46f42I0LpsbYXNRwVQN6spT9ULwiN6qtx2w8fdDLxV0e0W/qfQS6mi4MmHYwueOcY0qo/wBpbcd9Tkhf7aTjxCh/4bb7QxfUWl/pmi2MxacEJrpOMBV/8at7xkSYTv4tRPO0mEL0U4jF53Tv2ThJjtyk6UY4UU3CkeNpWphqqfG0gKv+NNF/8XpfRKJyc5C4SD3UQ1URP1Fc+ai/qKONLXDKl5OqRJLe+Uw54/1QvmI/6ktQ7O/daI04Ey1kGPLUItx3XfE9x+qH4je/+aaoYMs9TF9nQzJ5yu+CAAgmqiaQA7Kd85CRjVumcinZU+zvgA8FBnhIHCd45bu1PZVDP845Rxk4gqNMuiA5kmfpQ9fsrTxaU7ldPyBG+yJXekX8K9MqfEBzsnAZ7qVMygO7Tuob3MGQ3hFjcD+B049Vzy98IZeAeVwuz3QSi2WrsBR5d2lFguFVCdpMj0UMOHqk9w5SpVKXY2GrnW/tZdw32RuPFGrHupzLvRzAeL5P3WTMgdsDwkJXEgEcJM9HCXR3tH5y+rGWbEx0VSzHkc13HquOs1OW5YBlZiCodEQ5pIOCpdPfKmGTzOOAsVmja6R3qPNQsf3ljN08JjnGnHZRp+n6qFhdG4P9keLqXDvM3IKn098pJzpdlufVZHpps6MdbRauGZqWhr2Y/wB3chObNEQZIyMLasqqSV2lkjCfdPdBA8eaJpB9kidLgaq5xn0zEx1LgMEI0dYB2GVqZbRQyf8Aw7R+Siy9MW+Zh2LSOC1IdSY9ZXRUR1/dr9P2OFJhv1wpyPBrJW4/xlcm6YbG3MMpcR2JUY2OsA8pz7JDoWeBkL7P2XdL1x1BTkaK97h6F2VeUfxPu8LQJGRv/JYGS03KM/3WR7FCa6phcWyRPJHIwlvSjo6qyPs9Yg+KtJsKyhc09y0q1pviJ03UAeLK6PP9S8RfcIwBqYcrsdxgJAASXpmOWvsR71H1D0vXDDa+n+xOCjRx2idwNNKHE/0SLwWOZjsOaAM+ilMqqmP+7qJG/ZxQ/APh5J/1nu4tzHbw1dS3P9L0RkdyiADKhpx3eNyvEqbqXqGlGmnvFQxp5GvlWNP8QepqQgitEv8AzjKB0sevJ1vjB69ruuMOMDgPfddjmn/HTPd/yDK8vh+LF/YMS08Dvs0K0p/jDTtaBVWZ4cBu5k2AfywluuUezRDXUy7ZvjVsBAkp5mn/ABwf9An6sjPhg/clqx1N8XunJvLUCeM/qrCn+JvSEp8t0ax3+NpGP2QbGPjdVLqRog94B3iH3cU1s8ZfpaQSFXQdY9OVZAbeaNw9CcH/ACU9slqrWB9K4SA92nYqbGW7a10yXG5rxgAbJzm59vyUYUkWDpe9uPQpeBJjapf6b7qtjGxkpLgkYxsAlod6KKG3IbRVUZ/52b/sFz5i4wf3sDJP+V2ELWAtvvBLx2PdOAOOFC/idSw5dbZ9v6Qx2UVl+t0jNUsc9MRsfGZp3VYyC4pchjHGT/Mja4e4ygy2iyVmBJQU5PswBJl1tc+BDcac57a1N8BrwHAjHqiWUC8Mr39J9Pyt3pA0+rThRHdEWrVmGpqY/QNkV62Jx7pFrmkYOCO6ptovajPO6Qq2A+BXggca27qOem707PlpXDty0lakurG48M6gntqKr8cQKvfIHYjHOsd4gPnpWOH+FyF8nVtPnoZW474W4+Ymx5o12OqhecTQuH5g/wCSH5WX8ZiREGjDoH5/5UtLG76R+i3P/uw/VTPP5Lj4rMBvbpCT7t/6qfKytiRh9cYOC1uPsiNnpjnLmj7hbEw2XO1vkH5MP+aXg2Ugg0En/ljU+Vk2Ix+ulIz40P2XNcXYNP5LXGishOfkX/8AljSNDZSMGjk/SNT5WU1gyIfH2a39EnYOPMAtZ/CrM45bSyD/AOX2Xf4RaT/8O9T5WCZQOA7j9U44I7fmtObVawdqV5/NP/hVs/8AkR36qfKyGTdJp28KPf2XMZIOwx6LWfw23A4EH7pwtlCDvAp8rIZTGBxlBw3P91J+i2gt1AP+AE/5Kg48EK/mZDFhgxnQfzCWgf0fstw2kpQA1rI8dshO/h9Kdz8uFXyMMwwjJ2DSnilqDu2LK23g2+AgudTn7JOrLLEPO6P8gr3sLKMT8jcXOGmnBRmWy5Y3pFqzfbFTnLZAT7Bck6ytELfJT1Eh/wALMqb2AZllluUh8tKVIh6YuhwTT7q2d1zT5/kWWud6Hw9k3/be6yjTT2KQehc3CFzyHkht6XuWwc1jP+YqQzpetA3kZumvv/VtUfJRQsHbIGQhj/bSq/8Aj6aAe3Kjky1NIknpSbbx5AP1Th0vTRjLquQfmoYtHUcufm+qQ0f0tdsmnplz96vqoO9hIqL3ZJjrTaYP76qzj1KE99hp/pqQT91GPS9iyPmrxVS4/peSn/wPo+EeYVUp9ySrTaLyhj7vZWbCpjH6IBv1tPFU38lLFs6WBzFbHP8AdwKeKW0s/urVAzHfGVG89kyV38doz9LifsFFn6iEbtLaOZ4/whXfiUkefCihj/5GbpgqaZhJ0NJ+yoKXJSO6jqXjTFZ6pxP+FNZV3x+SLVOAfVXbri0ZxG3bjAAQjeX8dlAcoro23eUjXTPZ91INtriAZJi0eyU16dxlRJbpq5lcB91BmUSBR6T5qqQn77IunDcaj+u6rv4jDjebJ+6G+6ZBMQJI90zbkHJOfAXH+9lGPQpCNrNsH7lVTrhcnnETMBIUl4rfKZNI5VqLBlLJal1O0Zle0IEt3tcGS6Y59gozOmLhUYDnPePbKsqbo2Rwb42gY7HlTaVkq5OoY86qeF7x+ijPvNzm8sVP4YWwpOkaZhHitYQPRWcdgt0YAEIOEewvKPOflL3XkATyMB/pVhTdHXGQZlD5M/1FehR00MLQ2ONoA9kZp0+6vYTKMRQ9CTOf/NY1o9SreHoqKMgyPaWj0Woa7bdOyDwVXxpkyUlP0zbWjBjzhT2Wm3RNDW0rNvZTAMJEdjsrUEibgTY6dgDRC0AceUJ7wANsDCjy1FNCMzStaDwSVBquo7JTDMtxhGOwcq2BOSRbCdw2XA477rJ1XxD6fgcGMkkmzzoGVR13xeaxzm2yyyyEcGQYBR7Bblg9KbqJznKfhzec/ovGqn4oda1Lh8pR0tMz7bqhr7/13difGv8AJA3sIjp/VFGtsRZZg96qLhS0/wD2mpjiHq44WaufxM6MtLiHXamqCOfD3IXiknTk9Y0Or6yZ8h3LgTv90+DpWhibifwgB3dyU9UvBmlqZLhHoF1+PFmjkMVooZ6k48pxpB/Yqgn+L/V1ycY6GxtiH9T3Yx+26qALPRgMLmEtGwa3Kcbs0HFLQyEjgkYTIafcJd837FV3f4g36Pwaitmp43E5bC7Gfuo9L0ncHnNxr6ksxkl0pUpr75UHYiBp4THW2vkdmsuTiz0LiAj/AIhHekuR8Nl6doXmWWrZI7/6NIXfsi/xDp+ldmF8Jd/gao/8NsEWHVlZE8+mpB+f6ZgmxSwOkLdtWjZXHSiHqIosTf6RgxBTSvzxhmyX8auD9obTgepagMvETv8As9vmd7hiOypus5Aji8If4wnLSf2AeuS4TOOrb1IfLTRxg+gTHMvjsYm0fkpUcN/l/HTD7jdH/g14kxrq2Y9ijjoYy7Qmerl6IbLdc58eJc3t9d0eOyQNAdUXcvBHD37KYzpppx8xXyau414RJqPpyjZpqamJxHPn3z7p0fHx/Rkn5FVfnLBFNNaowMz6/cFJkloicHCMu9gnu6h6Oow2KUeIBwGDKhS/EWz0jz/DrBISPple0f5LXX4hz6Rhv+o9LQvumXDJ6d4Aisk7sf4URzpwWmCyzsI4yMLLn4kdSTkmjbT049fCyVBqL31NcSHVV3lc49xsPyC31+ClL0cHVfWumj+HJr6i61VKMyWyT8sKpq+rbqARR2Zzsf1DKz5Zcz55LtM71DnJpmfHjVentJ7B2F0qPp5P8kef1n13OL+x4LOpvHVFZBp8aKj1ciNu/wCZVFWWq5VRb/EL3I0MzjD9OM//ADE+praUYNTemH0/m7qudUdIADXMHEf0jK7Gm8HXV6weT1v1hZPuxv8A6khtp6bp/wD54V8LjyDrOT9z3SNd0hSYbCyWocc4ELC//LhQTc+ng7FJTPlx/TH/AOqPDdSD/udgqHE98Y/0W+PjK4nm9V9XWy4jz/1CDqClgcDbulJpSfxSDQB+oKX8d6gecxWmki9NTsf5FOM99qSDDZZ2+zhsUaG09WTka6CBrTx6rTDx1ZwdT9R32dNL/qV9TP1XUnX8zDET2Y3YKM23dRTu/wB6vc8YP/duwtMzpXqCobplfHGO+DhFb0TUNIM12d7+bOFphoq4LhHJu8xfN82P/oZgWAE5q7xWzE/1zED9k51hsbSHTTB+wBHiE8LUf7LWlg/3m9Ru9g9dZaemKc5fVMfj/Gnx00H6MVmtsnzukzNC3dLNGPCZn13RIaex07tdPTtLvTStKD0rFgaad2O/JRf4p0vAQ6FkeR6MV/x1H8RP8pvtNmc+Z0nFPbCR66AutkuLyBDbT+YWlbf7aN47e+THoxcHUjCdMdmqyP8A6WmKANk5v0UTKS+S4HyrG5UltkvLhh3gjPoVbC81EuPCstX/AOVFbVXNwy21Sgn1RqADsZTDpu6Hdz2jKMzpu443mCts35+C2jA9iU5h6l4FLErVQv5peirb03V5/mPB/NFHTM7scHH+JWopuppMDwYRn2ThbOohufD39lahgnyyRW/7OSnGR+pRW9Ov32P6qeLZfncuCK20X0/i/dGA7JP2Vf8AApW7/wCqcLIcby4KsTZ7u/Ac8/qiCw3MD6leBcpzXTKh1jceJv1Tf4HIP+KP1V1/A7sO37rv8Fujd8qYK+af7KYWSbs9EFnq8btB/NW4td6A+3shmhvbfqZ+6mAo3SxyVhs055aE5tnmb+AH8lYeFd24HgkpabuN/lyVMEd7IQtbwP7sfom/w2Qj+7b+isBWStGmWBwcOchdNfE3+8aR+SGUMkjYVbrQ458g/RB/hDgT5R+ivI6yCR2GkD7oolYTjW1D8QTtaM4bMTyxv6JrrGCP7ofotSNJx9O6eYthwp8QLtn6MU6wgk5iH6IX+zw5EY/8q3BpwR9AQ/lSTgMCH4k+0RaixezDS9Pj/umn8lHf01qGBG3f2XoBonejf0XPks76WIZaeD6Qa1di9nm0nSpBzpYc+yiydHlzi5pA9sL1EWxuS7S3dDNsjB/D+iVLQ1S7Q6PkLo9M8jk6fuNO8sjLtPsUOSiu9JiVj37dsr182yHkhp/JRZ7bTux/Lb+iTPxdUjZT53VUvs8pZcLjAQ6eIlvspH8bPdrgvQqmy00jNPgs3/whVdV0nSzM0loH2CzT8PD0djT/AFRdHiTMkLrG/ZzU0yxyDsFe1HRLGRl0TtRVVU9M3CnZ4jMu/wAPdZLPDzXKOpT9Txf5MDA/RuHZRG1rgcEbKK6kroG63wvA+yhvmlbnOfzCzS8VJcSWTp1fUMe4vJdisiO0hxlO0RScHHus+ao/iRRXubuHJMvFP0jbH6hLl1G3GQEN1Hp4GFCZeZmYaXZCmQ3emcBrO6zvx9kPRoh52Eu5C+TPOEhCW8tRG10TziN4H3R4ZonjDgotDL2hz8rCS/IitgheNEjGkH2XXWWje3Oho/JWkdJTPGoNOUeK2Sv/ALrfHZEtCzPZ5OEVlMysnTlPrc4OI27KK+zPGzO3dbV9pqsbR5QjaZx/wgnQ8Yp/kcnV+flQt0WYp1sq27NaMKLKx8DtL4iD9lu5LXVg7RoL7NI85fG0/cK5eGi+kYa/q9t/fyYGaihqz/NCPabl1b0fUCt6UvtVQvadTRHI4Nz64ytoenIJj/OiaPdVlZ03cqZznwaZ4hwzG6x3+Ek1lxydKr6opfMZOLPTujP7ZXVNoFNQfEO1MuEA8pq6c6Zu2Tpxj9ML6G6L+M/w568pon2DqalNRKNqaZ+iTPcYK+GamONsZivdqqaeM8HwdY/9FWjp6kEwren7nmUeZuh2lzfyXk/IfTcHLck0z13j/qyajiTUv+p+l490s6Rqbt9l8H9J/wBon4sdAOjpb1i6W6LYR1LS/b9iPyK+hvh7/ap+HXWYjpK6d1orH7eHO8Ojz6a9gvL67w99Cyo5R7bx3ndNqkluSZ7jBequmIGdTR2JVtT3+lkYDKC13ssvT1dLWwtqaOeOaJ4y17HagR7FGbpAyTj3Xn79NB9rB6Ku9++TaRVsVS0FkgPt3RwcDOSFi4HuadVPKdQ7BSoOoLnRkfNR+IwdwFinptvRthen2al0mTxwnNqNPbKraO90Fc3yvDXnsTgqRjPflZ3XgPcmWEVUM4JG6PHUMP1bFUwJByCiCd2weVnawTZnotSGu4Q9GOAo0MzTgteT7KT4hZjLSVQLTQaPghJ4yM+ibHPHJsDg+ie/jCgPoAWgJHhdIyUsYRAgiTlEaTqG6am4KUBglgnkO5SJx3UbX21fulk+qJMFxyTA4FMMjjtpQQ4g5T/FH9KYsrkHA2RjJGlj2tcPQhVUtpmik8a3j3LCdvyVy3Ds7J0QxwVI2NlFJFUOl/lv2cNi08gp5kqKI62OOk77KdVW6Cqd4oJZJ6juq9wqqZ4ZKA+PfB5WiM8lSii1pLgyobpk0nPIKyHVvw7kuNT/ABnpypjoLi0hxlazBeB+F2OQriSLU3x6U4cOWjup1BcpCBHUtDD2OVqqvdTyhco54MHZes9Fa6wdSwfIXGH+X5j5ZCO4+60cvhVMMkMgGl+2cKX1X0RY+sKVzK2BjZy3S2cDcfmsM24XvoWYWrqINqqFpwytAJyf8XuuzpfIY/NmedPtHhv9ob+yRSdW0s/Unw8iprddmapZaYZEFTtucZ8pC+FL7Z7v03eKqzXq3yU1RSvLHNk2JI529F+wjKynqadlRTSNkhlGxByPsvLvjN/Z66T+M9vLaykbFXtGWVLBuD7juvaeI85PSySn0ec8n4GrXJtcTPzIpK98bthlpGC08EKQ6GSlIq6V2qN31N9Fc/FH4VdX/B+9/wAI6noh4UgzDVx5Mcjex9v1WfoK8NGh27HbL6PpNZHVR3w6PlOv0FujtdVqw0WFNXQynnB9CprZA5Z+doil8WLgnj0U2mro3Ya7Y+/ddSu39nKsr/RcB2QUzSRuhxy8Hse6ktLXjHBWhcmZxwCdpkBY9oIPIIWZuVukpJC4DMbjkH09lp3nTwhyMjnYYntyDss9tO8dVY6+jGaR6rsWzuVOudpko3GRh1Rk8jsoDVx7YbZYOzproyipJk6N5GFLhkyBlVcc2CMqUyULHbHHR2NPenwWTSMcpj+UKNxxzlEecYScHRU8odkeq5sUHJ9SutJJ5KNBKQWYAxkdsKmcMPd91cSEaPyKp3Ea3euVrpOT5WOcND2pySS0o4D7HJFxHBSSRltZOavZdDieSuafddUBjHAk144Tk14zhQM476Sop5Ul30lRx9STPtBQHMSefRPb9KCfqURH2Eb3+yjyI7OD9kCRBZ2hkOAJ5XF08riWMORjBHsrCmJ9VAZyp1MnwFWEpOauYKcwYKYJnLHAaPkKXFvhRouym027mhNrWWZrWekdHU5jow7GM8rQPOMKt6di8O3s2xkBWEzgMLbDo8pfmdjJdnYZa9jQ1bthyQPyWR6cjBnDyNytfAAXjK11nOtf3YIVePHuENG0ZMbg8+il36rdBRiBpDfE8qBTtMl5dKRtjChdSSyTXinpdZDTgbIpSwIwW/TUIhgA9ckq3Mmt4GOFXWpoa57Rw0YUppGsj0VLnkz2puWS0plxp1TGNciOIyfZDgOS5/O6MWSHHIKqLtUtpqKZ+RnsrTXkEY5WP6lqnF7KZpI1uwrGVrLwT7CC6jMxG7zurJmGjjlRrdGaWijjIGSMqQXt0kFQuzgrrzV+DTuf2AK8efqrLm98Y2dJn91veuLnJDQyMiOCTglYuxNa9jpSPMDhYddJfEz1P01pfkvUifcZdMbGDY4wpXTlJ9VU9vOwVbVuc6cgnYBaSywFtC0+q+a+Xt3ZR+ifp/T7VEnjhSItxjOEDHZHjyBwvI3Swj3tEcEWvB8HGeVFjBDd1OqB4jgCghgbjHZZXLJt25JFG3LsEcKyHCg0rfPwpw4SZPJorDQnByAq9xOt4z3KnwnG2FBk2kf9ymwFagy1dIDUyByqahu5wpt68lWTnAUB0oIwF6PTrFSPm/lZf/MyIp3eQThDk1RP8dh+k+qfKw51AbLjSCNBKbLo5S4eS/tdXFcIdBI1tG4JQZ6OSmqNTRsdwqZrpaCp8WF2NPPutVHIKqmjmBDiQsslteToUz3Lkm0r9ULC5wzhZv4k9Ns6j6ZqYWMDp4m62HvsrynOCANsKVgOYWu3Dhgp1FrjNSD1NXzVuB8fs8rsH8OyO12Oy03xM6aHTfUkojZop6omWMdh6gLLg5wvZaW754qR8w1NfxWSj/cK3ZSYZC3YFRWp7u263wbXRkayXtvrckRvwfQqc5oxqHdZuF5BGCQrykqg+NrO+F1absrDMdlbTyEOyS67lcWhCQkZO26msILRuoCkRnGMnlMccodRLayfGMrpgZO0sI/NDjOFKh4CWdetZRFp6mot0waSdH+a0dLVR1UYc0g+yqJqZkzNLh9j6KLTyz2+fGSWoDXW3A08sTcBV9RTu4A5VjSSNqow8EHZEngDgMNQTWTTGfJXUE/gu8N+wzhXUUwe1rQqaaDBy1qLQ1Ra7D+yo6FN2C6Z9QRxwo0Tw7BzgqQ05Cs6dc9yCJ6YnjlCMCaG+ibhv9P7oh4C4iGxjuB6fdMLA4YdghSsO/p/dM8NyXtyH8f7M3dOlYanVJBpDjvjCxlbQTUcphlYRp7+q9Y8I+qj1Nppa9pZURNJ/qxulygmYtRo4Se5I8jLPROY4xHbutde+jpqcmaiAe3nCyk8Lo3GORpa4HBBCROvac6cJVMtrbdnNxFI7HoVf0tYX4GrKwgOgqbSV88JGHkj3WZtjaNS0+TfxSZA7qVFJkrMUV0c5rSXK1pq3Uck5RHWq1GS9icNjkKVHKNhsqmKp4ACkw1AyCjOjXamWoeitkIUBs44wjCQbIkjTCeSxjfkZxyi6t+cKDHKABsjGQHgocM0Jk5kmAiavQZ/NQ2vRBJhGh0ZYJLZDkDCM152UQS7g4RWy7bqD08kxrzjlGDvQqC12/KK123KANPkmBxGO6IH47KGJhwU/wARpCDsNSyTNfsn68qJ4nsiavZQNP8AZLDge6fkeqhh2/KI1+MbqxqJOSugnKEJfZLxQoWSAUTPoorHjI32Rg4EZyiIEyV1rjnlDSGymOQlLBKDtQ4XdWnsowfjsuh+TwmpJE+QlFxCdqPdADs8ldySMjhNhHJMr2SQ/wBSF1p1fSQVQ3PqS220ubUSkyM/4bd3E+wVYx3U/ULtdK3+H0j+NQw4p8YtmezUJcRZoK7qKiopvlmn5mf/ALqE6nKtjorz1IQ+8u+UgH/wsXf7u/8ARTbJ0vS2smo3lqZN3Su3P5K+iZgjUMp0an2Z98pdsHQWykoohDSRaWgd+VPDAAhMySMDhH/JNSwLXDHxgZCe+UxkDCiOl0EYS1kudJLJzx7IhuSc2YEJkkhOwCq667UdBEZaiYMaO+VkKzqi6XqU0lqheIxkF57qCXdteF2aO79U2q2uMUshMw/AN1n9PVfWBc14bR25xwANi4KxsPRNKHitrQ6ed258Q5C2sFOIGNa1oAHYbBQkfksf3dFNYulbbbGh7adjpAPqIyVc+GG8Y/RSGgDgJrgByVaWWHOKgssESACTwAsZdbjJcqw01MHCCF2HPzjWf+im9QXuSoebdQOIZnTLIP8AIKJR0rIYGxDfT39VohE5+pszHCGxQCMDAwFKY3SMLhZggAJSPw3GE5HKnLHZ2adkLC5x+wWfrqx0ryxrtu6PW1JmJjjdxyVXFmEyBhusz0c1Fx3anlwAyU0aW7lRqmXPCacy2TY2rqTp0j9lCBJJJT3ZdyVzGxOeEyCRjseQa4SAunbKESc8os4M7OSPz7KHNIYmasZRqh/YKrrPEmb4bHlvurQmUskSvnqK17aeHys5e72TIo44SGxt37lSGAQxlje/JQ4oHDMjuM7IGsmeUdxIiAa0uPZZHqi9TVpFst7tBdkPeOcKVfr6/Jt1vcS87OcOyq6WibCNcnmkO5KFo5mp1MV/pwB221toYdOkF7vqceSpLm4wjMOcrpGVFEwTn+xjRhdSSUFj07ACauu2CIYhS743TDsExziXI8cRIU7GIHGxz3cKSxhxgBCOtpxH35VjSUr42B8h3duAhZoqQWmgDR4sgHGwSkeXu0g7LkpJGlpwE+CHG7ktmuB2Cnz5nKtv91FBAWRvAcefsi3O6x0cTmsfh+FgLncp6qUue8kFKnJJYAvv2JwgwNzrn102p5yBworXHGEiMnK59Kwzlk5fsW7uSlp90gcLowTuUnDbDYmhHpoHTOwO3dPgpnSEADb1VpC2OBmA0J8IZLWO2coqCKM63j7AqXJPFC3AdgnjCjSVBPlaBnsuQxSvdqlbhNjDAas9RY7xJHuzkkI7WHSEVkTQNm4Sc8Rty5pAR5wW032ca3uVGqKwR7AhArLmxoLI91VPndI4kk7lLnNJAykPrK2WoyM4yd/sooGn3ynkjlMY/PZY7JMBcnSQdglktBx2XDtwuHZZJTyydllQ3JjWeFUDOO6M+qoZCC0Yx7qi1ZyMLgyO6uN2OxZp457a2MOdGS4b7YQn30A6YIyAOxVHDHJLnSScK6tlneMVE+5O7WnstdMHe+EDOcYLkTKWS4P8WrHO7R6BWdPTthAaBsEZkYZuQEQNI/JdfTaWMMMxWWbuhNAxujAYTWjy8ov5rpJPozOfJzV7JfUiJI1ApvAwchF2IGyanK3FCXPDEkkkhLTyJJJJQsakkkiCEkkkjBk8CSSSQFRlkS5jK6kgayNYF8QUSRpLhtwrA77KPJGHDOEqUclKXIyFxaRuFY002cbhVjWEFSIXhhGSsN1WS5Ryi7ilyMKVG7I4VXA87D1U+JwwBhZJLYY7VhkTwsd0vD9/2RklyWsdkyC8MLnh+6MkqSwQHp90sH+ooiSEaD83qf1XNJ9ETASwFCAdH/y4S0+hRNHsuhu/CFrJT4BeG71TXR5HP7KVoGE3T7odgMXlkIxHfI2XJYRt5RlS9O+U1zM43S51hrjkg+Bvs1IxEchTPBXPCHqlyqUlgZG5rohBrgeE8ZwpZjZjhDMZzwlfxIPsatXYvYLW/ON/1RGzOG4J/Vd8MDfKbp90E9JD9GqryNkfYb5yXsl85IeR+6F4Z/p/dLQf6Ur+JBdI21+VkvZJ+em57rvzdRjAf+6j6f8A5cJxDTsSkvTZ6N1flnLthPmqj/vP3TTPUHl+QmNgy7Y/uitpXj8STKlR9G2HkXL2LxH+u5TdU/PiD9ETwnFcMTuxwh+Nfo2Q1W/sF8zUtd9YTvnagDzOGE/5R5OdQ3XfkS4ZLshTYjTG1/0gDdHAY8QAoYrZyfqyFKFsgO7iCURtvpx2U+OPpBqdjfLIoqSRu1MNQ4jGFZCnpG7FuETwLaBnVj8lFHCwaVlrllSHuLhkowcS3GVYaLeO64RQDcFC0C3grcSncApObJjcHCmmWkBwHBcM9MPpIKpRYSkvbIOmQnLgUZrSBwnmZgP0pGduOEXx5GRvxwhuSOE4/ZDdNg8Ifj/4ULpTH16hrkkbDGyWrHfKB4pz9OUtbx2QvS5NUNe4dsk+K5pGCR+alxXqvhYGNlcQOMquL8jzBdEmTws89DF9nRq8rOPUi+i6pma0Nkh1Y91Pg6noXs1PDmu7ghZYJ2n0Czy8fWdKjzdke2bSOvpJmh7J27+6O2NkgBDxg+hWKYxx2AIx6KTDLPDu2V7ce6yWePX9J0a/PZ4kjX+EQOEB8DSfPECPcKkhu1bH/wAYke6kDqCoxh7M4WZ6Cfo2w8zRLsnSW6ik+umZ+ijfwO1En/dQuQ3xsjsTMIB7hHFxpj+JJlorF6NdfktPLjJXzdM0TnF0U0jB2GeFEf01MN6e4N+xcVoBPC5uoPBB90wtZIfLhZ/4k/ZojfVLpmaktN9gP8swzN/dCdHdWY8SgfkenC17YJCMxjIRdJH1bIJabb2Hug/Zi/nWNGJopGuHILSuMq4JfKHb+4WxfT0sww5jTn2UV1lt7jtCN/ZInTuY6DXozWiPf6cH7Lhg1DBaMfZaJ3TVNOMxeXCjHpPJ8lwlHtlD/GDTy8FH8oc5aWhJ1PUZ1Coew+oJBV6Ombg0YjmbJjuRugS2S8D/AIbXgehQujA6MJorY6u+Ue9Heapmd8CU4U2m6069t5Bhu0kg/wDoh1/5pwtlxj3kpOO+UJ9PIDhzHAoPhRb+RvKk0W1P8X+uqRpbOKaYehjx/kptN8dL1GR8507C73Y5xP6LLvhbjzN/ZB0Y24S/hg/yDVuph1JnoFN8f6Ju1bYqtv8AyDAVtS/G7omtAZXw1EGf+9hLh+wXk4h184TJKdhGksb+ip0xX4lrXaqPHZ7VD1v8M7kPLW29p48zXRn/ACR42dE1ALrNdooqg8eBVD98uXgf8MY0aRg+6H/Bmk6vEwf8kPxD4a6/ucf+x9CNo75Teej6ulB5xIxrgiC6ddQAYrLVVNH9TXhx/wDKvAqaK/UGf4beZ6YOxnQ4jPpn9VLg6w+ItC8siv1Q9rf63FwP7oXUM/4i13BnuUfWPU9M/wD3vp9lQB/8jyFv/wB8UYfEjR/2zpW6R+7Gtk/yK8Wg+KHXkJxUeBOO+qPdT4vi/XM0/PWDURyYxhLdZa8lH2mj1z/2odPtIFRR3KEns+n/APVPb8T+iXEZuL2E/wBVO4Ly+P412oN0VdmrAD6NGEdnxd6RqD/Nt9UPXMIQfGFHyUJdSwens+JHRTuLxjP/ANAf/wBEX/b/AKLcM/x+In08N3/ReYj4ldDyYLqaUZ9YkRvX3QbuxBP/ANDVfGNhq4S7kj0w9cdKYyLm13oQ07/sgv666bG4q9vXSV583rboJ3mwwZ7mMI4606KGDHUw/wD3MKfGH/KqX9RuT1108BkVBPsGlCPxBsA/DPj18MrIt626Ob/xIP8AyBPb170g3iSEf+BT4yfyqv2asfEC1OOKf5jPp4L/APou/wC30HaCqP8A9rKyrfiN0o0YZNG37NS/9o3TQ8wnb+oVfGT+TV+zVf7felFVEe0ZXP8A2gngWyuJ94tlmP8A2m9Nt2DwnD4n9P8A/eKfGV/Jq/Zpx15Vndlnk+5i3Qz1nd3na3OaP+XCzMnxOsoH8p5/RC/9qNs7NP7KfGX/ACav2a4dVXojy0jc9sob+peqJBtSU+P+VZM/FK2tI/lk/kFyT4p28tGiJ2VPjJ/Ir/Zqv4z1O47wxjPtsuPreo5ANboB9ljz8TwT5Y3Y+yBJ8R3SbspJ3fZitQJ/Ir/ZtYzdpT/PkYfsiinnI+nP5rAv6/mOA2hqc+wTH9a3WQfyaOcD3R7UX/Ir/Z6HDDJHu6NqMyo8POAAV5g7qu+yHApp8/dD/jnUTzjwJf1U2oD54vo9UFwnGwlwERt3e3ioXlLa/qSTiGbdHY3qqUZayWPPdA6yfNk9KkuT2nV47zlMN2eB/fO/VeeMt3U8pGurnb7ZR/8AZ2+Sga66f/zKtoSsbNq67wZ/myu/VM/jFvHMrR9ysnD0lcHuxNWzAHvqUpnRjSR4s8j/ALvVbWhkZNmhZ1HaIvqro/sChz9YWpgy2cbe6rYuiqTAzGD7kqTF0bTN/wCGAi2sPIj1rA44ikDkOTrCoeA2OEj3U6n6RpwfoZ+isqfpO2twZNRKuMM9kyZc9R3R27GYz7IZu11ld3z9luoOnrVGM+FlHjo7VC4OjgGR6jKLYFkxEJvUw2Dt+NkeC036Z3macFbloj/BGNvZF1ggDSBj2U2E3YMpB0xdpWgOaFKb0bUnBqCD7LRCVwGkE4+6Xiyf1n9USqZMlVD0lRMAL8ZUuPp2hiOQxpU2LU7fc/mjkY+p4H3RxhgpzwRI7TRs4hbsiiCNn0saMeyHVXO20YzPcacexeqqfrjpun2kukH5ORbSt8PbL1jQ36dvsnjc5G6wlX8XLDCSKWCaYbgEDYqpqPi5dZ8i2WprfQvCigV80P2erNJxwdkpJY4f712leMz9a9e3J4bA9tIB+JmxUbweqq84rr1OWn0cmqvILtweyz3i2U4zLWRMA/qcqup676aptv4gyQjszdeZs6c8Q5qrjUy/d6kMstrh5YD7kq/iZfym3l+J9pAIpqeaQ9vKq+T4l3R+RR2nY8EtVGHW+mYGt0Nx7BCNzo4t/FV/C2V86L1/WPVM7dbTDDngAbhV0txv1SdVRdZmuP8AQ5VcnU1sjBzLwqqp6xt+4Y1zzngFV8Mn0VLUwXsvHxuLi6SeRznfU7Wcu+6YKSF4GthcspL1ZUynFJQzO25woor+p65+iPVC3nLgmLTtCLNWv6Vk2MsFLENmtYO+VBqLtaaQee4QfbVws+6x3CrINdcpS3vhxT2dPdNUZDqqpMjjzqdlNjQZ56qcuuCXUdX2qN2mF/jPPZu6FHfb1WPxRWduOxwuNr7Bb3E2+0iZ42z4WcrpvN8rTppKQUTT30gbJ0aBE75+2Gioup6qQuqCYIyMkuOAAhTUVBEc194DiO3iZ/ZcFJXzENuF5qSz+lruUaG0WyEAtpg8/wBTjklaI0CndlEf5u2sIbTDxHDu1qM253PytpKBgb/U9SdFO0aY4mNA9AmvlbEPMcD3K1VaXPQiepjDmTAumvlYPCnkZCz1Zykyztl2qayolHoX7KPU3620f9/Uhp9CVBk64s7CQJNX2K0R0Up/ijmajzOlq/KZdixWoDJY4n1LlNgoaSNmhkDMDjZef13xG8xbRUoONg5ypanrS+VBxHP4YPYLRDxVjOJqfqrSw4hyewmppaNmZXtjaPyUKXqy0RHHzAJ+68kkq71X4E1RNIPTVsnxWuufucjPqV0afDSxyjg6n6vknitHolX8Q4IXmOCJ2Bw7IVa7r26VBIikDR2WZjtUEbQa6o35AyjB9lpBguLh7LfV4iEX9yOBrPqnU2f14/wWdRfqyqJFZXPId2yo/jiTZkhd+ahm92WE6oKWaR3/ACqPL1I55/3azy7f4cLo1eLqjzg4Gp8/ZLmc2/8AqWzSM8bqXFNUtADaV59CeFnWXq8zv0MtscQP4njCKZOoZfK2tZEP8GVshoor8UcLVedcn2alrLrKA6OKNn5YRHUVU9o+bughz/ScYWPFrvU5zPfakD0a9SIOnDIf94udXN7OkK1w0yj6OVZ5fPs0ptdhcM1nVOMcjxUGT/2fQDFTdzIfYudn9FUt6ctgHnYXfc5Uynsdoibo+TaQE6NLXZzL/IfJ2yQ27/D+ma4QUb6h5GzjCXY/Vcg6ssEZ/wB26cln9P8AcmD/AER42W2mYGCGNgHGwRRX0bT9bQmfGc6drm8jG9XPk2ouiS09iY2Nz/kjRdS9Yu/7L07BCDwX42SffbbAB4kgH5qPUdaUkYHgynZX8YKUn+Eckz574h1Zy1tBEPdEbSdYVW1ZemQN9YW5Kpj12zcZKjVHWchH8lz9+yOC2sB03N52ovj01cZnZqupa3H+B6I3o+zSEfNXi4Sn0dKss/qyreNi/wDVCF7rZtw935lHu/sDLT2v8uDa/wCzPS0GDLLM/wB3PJUhlD0tABpp2n/mJKwZuNfJjzuH5osVRWu5lP6q1L+wP8b9yNwJunoj/Loabb1anNulka7LaKDI9GhYJxnLg7U7JPqjtNTgfytvXKIio/ub1vUNtYAI6WLb0aE9nVsLdmwxj/whYRnzBI8Nu6OIa5w+gbq1JIt0L0zbjq2Ls1g/JI9WsO2GfosS2irSdwMfZHbRHHnYPfdX8iBdGTYs6tj9kVnVsZONljW08Q2e8D7lEMNtjAJq2Z74cp8iK+CK9GyHUcLjqL3b+6f/ALS0ORmof+qxYms7B5qw7dsoBuFiafPWEfmplC5Ut9HocfUtBj++d+qPF1FQv/4xXnDbtYwPLO4/mmi92sfS9ymUgfgZ6g2+0nLZB+qe28tk2DgfzXmAv1EOJHJzepNOzJWkD+oI1NE/jtnqAufGDn80UXJx4zn7Lyt3U9Sd462Bv3K7/tNW7E3OMf8AISr3oF6VyPVW3Cp9Mj7InzTyQS0rylvVFbwK9x/8SlR9SXMYcKp5H/Moppi3ppLpHqLaknbwz+iIKkEZ0fsvMG9WXNm3jPOP8SM3rK6Aj+Xj/mCJNMX/ABbX6PSA+nl+qFhz6gLoprdIcTUrCPUNCwVP1pUuI8eJh/5dirGHq+Pnwn/qi4Kentj6NY61Wc/RC0fkgP6et8uzCB+SqIurKd43iOfuFNg6npRhxjO/uEHAPxz9BT0lCd46jShf7IzNyWV7yewyraG+298YcCRnkeiM260GcmQjPspwV/qIzjrBeoDmJ/iAe6b8ve4tjRF/2Wyiq6ctDmyAtPupIqISAQAc+yEX8phNVdGMTW+UfknMniyC4Fp7ghbp4glxqaP0UeSgt0uzoW++yhPkyZWM07xs8ZTm0cMn1FaT+B2x2/gY+yjPsNOHEwyPa09juoDvKR9siP0nCA+3Fh+jPur02qqieQAHN5yuvppWADSiSTD3oy8lC8beGUA0pj3cz9VrGgEkOYnmkpJBu0BW4om8xToxuAz9lGNMHE+ULdus9I7OAor+n4iSWDUo0WrMGJkt0cuzomY+yiTdL26b+8gZ+i20vTkpcSzZQpbVUsOgxE47hCoZ7HV6iUfxZ5tcugIHyl8D9LTwFR1PQtZFkwSNP3BXrpgdG/S9u4SfSxSN0vaMH9kqdEX0bIa+yPs8Qqem7tT8ta4D7qE6nngcBKzGF7yLJTStIOD9wq2t6Kop2lzImk+4WeWlNEfJ/wDOeNsccZxx7o0c8jX6mSFb25dCNdESyDSf8KzVT0hW0wzHqz7hInRg20+Qi/xYKmuc7cHTnCvrbdDqa5r8EcgrLPtt2gdgYI9MJNqZIToliex4G5PCGNKXobPVWSXDPUrdcDMRriBCuae3QVxGiItdhec9OdVsoJY2VrfEhzvp5XtHTtbYrpEJrXPE4YyWh24To1JI5OtuunHaVbejp5m6msDh9kCTpBzOYTt7L0mipyA06CAVZNpYZmhssY/RMjBI4f8AItTweMzdL4IzCf0UZ/T2gZMeAvbJen6WUZAAP2VZWdKkDLGfmAqfI1amWOTyGexwyMMU0Ie13IIBWWuHwws08hqKJ9RQTE5EkDtJBXttV0vKHbNCr5un3Q+Z4We7TV3L7kaKdfOp5i2j5/u3TXWFrDopqaO9UzeNLdMuPdZKW1dH3GcxTSVlmuI/BUDyE+mV9Sm0uLcacBUt26Nst2YIbnRRzsGcBw3B9Qey42q8Su4He0n1Ldp/y5PFeleoPiv8N5m1HS3UUj6WE5aIJTLTuB9G8dj2K9s6Q/tnW6SSnoOvrHJSOfkOraYjw9sb+Fz37Fec3H4MstVQ+v6SulbbKnlskb87ehCyV6k6vtkcsHWfTLblT7AT0jQxzud3DHPHYLyHkvpxTlvnE+h+J+tcRWLP8Js+8elOt+lusWio6Rv1NX5ALQxw1fYt5C1EF1a1xFTG0t747L807LTW4VjLn0Z1JVWq5tdlsfzBhkzyRrxkf+buvZekf7T3xQ6OjFH8QLM2/wBuZgSyjyTkn8Rfjc8nzFeS8h9OzS3U+j6F476wosltu/6H2ZLaaC7gPtlYI5hvjhR/4lfLA7w62N0sQ/FzsvNegvjT8M/iGxh6Y6nNDcn/AE0dX/KdnuGnh+Nv1C9So79VUzRBeKds8X9YGcheT1GklRLbKLR7PTa6GohugWNp6mtF28jKgMlHLXbHKtiw4z2Wen6f6av7fGs1WynqjvgHTgqrnuHWPSEgbdaY1lFnAkAyMexWGyjPJ0a7/wBmwLzDuBypMFyZgR1DdvVUlo6ktl/jJp3aXY+g/UT7BSJOdgR7LJOpxNKxYuC+NMyZviUp8/OxQH1c9PhkzD9yFWQ1EsBAa8gBWMFxjnxHMWuB5yk4KdeCbTzRyAHIRCBjIUCSia/+ZRy6T/TnZNbVT07hHUsdj1CoVjBOKbpadiFxkscgHhuynIuwAb4mjzM2f6rje2SiN7rj4mkbjKov+xzI9QujZR8Fr8nIb3KMHNwDnYoheAolx2XfFz2Q0kOQQurPdccGuGDgoeSlkpm4gB9DJFIZqZ4IPLCk4xzN0SwkAfUOMqW14wmSRh3myiUslYIDTPRvxDM4x/0uOVKnpbfeqN1NcaaOaN4wWkIckWThDbDMwa4n4P3T4zceRbWTDXPpi49I1TqyxzfMULgS6je4gt92nsp9h6io69gENQ1k42fA84cP+q2MUrJwYauNp7cLN9R9EU1U5ldaHMpqpp1Ne0YB9iuvpNeocTAnXnoz3xK+HPTnxN6dmst/tkFQCCWOczzMd/U09ivze+Ov9nzqX4I3szNlkrrJU+eKoO4jBP0yf0H23X6WWnqSpgqDa+qG/Kzs8rXkZBPrlTOquk7T1hZKqzXOniqaarZhzXAOY8b4z+pXrfFec/hy3Vvg4XlfFV6+v47Efj74+rDSE5oH4V7R/aN/sv3z4UXGW/dM0ctR0897nE489Pn8Lm74799l4nTyBo3C+peP8lV5CpWVs+R+T8Vb4y347P8Av6LGkrjHhkmT6FW0E+sD0WeIBORspdLViNuiQ59F2a7GuziWVKSL1zQ5u2CgbgkFMpKtrs5GUdzQW5A5WhtTRmcWmAe0SBzH4IOxCzVyon0Mh2yxxyCOy0h2OCo9VCypjMbxkFc7UUbuUa9PPZwZbJG6NC855XKiGWKRzHxlob39UJpwVy7a3F8nTptakmWsMpwAQpAkz2VdA/YZU5jxgYWfCOzVfuQ9cTQ4BOByo+DVnKyccTjdVTs/MPCtXEAblVT/APtD06uZg8g8wQUEbLi6zcbpOWndk4R0HK6mtTkaIMSSSRhCSSSUINHBTE8cFDzhJmXAKSMHcIB5SyfVJUEdah1A9E7uEnjLQhZaIZ5SHKT/AKkkDGpcD2Ebb+qn03ZVjCdQ3VhTfhTIywLsXJYRAHGUsYSi2wuo1yZm17CM5VhbIzJUtaBnCr2blXfTsY/iDMjIWmrsx6riDZ6lao/Dt0W2PKnv3zujNwImgAAadgPsgadyt0Fg8tKe5tmo6XjHg+I4dtv1WgJwwkdlU2WExUMfYqxdIRTvB5K2R6ObNfc2EoyCXT4AIWftdT/Eb5UTTDJhdpbvsFbTzto7e6UbeUqj6RhJpa24Pbu+Q4/RDPspL7HI2do3Ezv8ZRoDmqeM7DCDZvNQuk9UWhw6qJ5VRM05YLGSQx0ziRuuUhzROceSodznI8OPBALsKZINEMcTdmkZKaAInTTvl9AsBUVUlZfRE4bDf91reoat9utMsrTuQsTYH/MXAVDxlznZyoOhHjJum7xRjPDQECreY25zwnB+xOOFXXqrDaV3bYoZdA7cswfWlaamUMa7bVuAoVojEMDiM7nuode59ZctB3BKuAGQwCINwQMLjeTt2VtH0f6T0rnJSXohO1Ol9SStlRxmGkjjPOMlZGjYZKxo5Wybs1rfQAL5n5Oxuxn37wVW2vLHs3dhSo2g74QI+VLi4XnL2evpXBDd/wBsIPGE3HmSeP8AeHlOAGFibNLJFJjURhSVGpSNZUlUaYBYv75ueFCn/vSPcqY1Q5/70j3T4Mz3mM6oY5riQqGOZxx9lq+o4C8SYb29VjonYcWkbhei001KtI+b+brcdQ2T/qZwo4aWuzjgolPK3GCiOjaQSnnFUsCewTROHdHtVe6jPy8py3KjxNLXZKbVU78+Owbdx6e6CcdxrptwaqJ7XAOYcg8KSx+x2VJZasSRCNx3CuWu9kiKwbd+Uef/ABqsAunTf8Rgh1VFES8Ec47heCxE7bbFfWlwo4q+jlpZWBzZGkYK+Xr3bHWS61Fuki0iN5Lft2XovEaj/wCmzx3ndFGEvnj7IY9wnpievSnmAjTjupdFM5kgOR9lBcnNJbvnKZVPaxVkd3BpYJWyg4IRNPuqaiqi0gFXbHiSMEd11KZbzDatksA0WF2lwQzynxuxjK0FRnh5LCLzBSI/K7PqocL9OFNbIHt4QnWonwsh2nITJYBINzwnNd7IjUB0IvcgdPUS0j26Thv3V/S1UdUwBrt+6o3QeINuU2lNTQzh7eP80Mo5DztNA+FpDsjsq98RjfqAUylqfmG5xjKUsIePLypswaIWDKarOoMdgFW8OSAc8rNzwyB4czbCmW65Pa4MmOcJeDq6a5dSNCOERuxQIZBLGHjujIorJ0E88oKCNICc1BGVIZwiNMOzuAn4CanodqGg9DfRdAxsE/BSwUGQYxycIB7ZVVden7bcWnxadrXn8TRgq2TS3PJSpRyLnVGziR5pduja+jLpaciWIb7chUb2eE7SRg9wvZWsPGOVXXTpS2XMFzoWxSH8TBhJnWZbNAl90DzGKqdGW6RsrijuYGkEgol26KuFCS+nHjR9scrPyRVFM/TKCxw7FKw0IxOntG0p64kNOcqfBWA6RssFBXzMIAfx2VrBdiNOpxGO6p8GirUfs20dSXY2R21GyysF1O2ZVZU9e12M7ozoVamL7Zfx1JCkMnJ2wqeOrYeVJjqmAolydGu3JcMnzyjxyhyqWzgjnhHjmAIycqksDozTLMPGUVkmBsq8TZI3RWzjG5RGqM0iwZIQQBj9UVsu3IVc2cZ9EUTbclAFGzJME26NHLxwq9s2CitmBwptG5RZCQEb4/VP1hV7Zxjconjj+ooQ1JIm+IneKPUfqoPiH3TxNv3VpZC+UneL7LolOdgoniNPK6SG75RbA1LJMEh5RBIeFDbLnYBEa/vpUwwlNE5s5GNuURr9QzhVUlxp4NpXAfmqqp69stPIYo5S8+oRqDYqeprh2zWEgckJklVTwYM0oaPdef8A+2t+u1Uae02xz2jbUW6lYW/oHqO/yeNdqqWFrjnAeQMfZNhU2xD1u7iCbLS59dWakJipHPqZG7aWhQAesuqGlsQbRUzuzecfdbO0/D61W0D+Ux7u7i3JP6rSR0UdMwNiY0D2GFphWkCq7LuZtox9g6GoLY1k8zDPUY3dL5gPtlaeOLADQ0AD0VhG1uMaRsmmHzDC0QgkNjTGPQBsDcbNyu+EBwFI0loG6dp901YaI+ERmNAK6QMIpiI7LP8AUXU9tsrS2Z5e7GzQeUtmeU0ifUv8LzEgD3WMvvW0YJo7cPElPvss1db9dL48tfO9kDj5WNKuunOlZKnQ6SPc76j2UE/JK2W2LIdDa7nd6zxK2Zzw7B0ZOAvRrJ09Bb4WhrBnGc4U62WiCjja0MaXAbn1VmxmMYChpqoecs5TQtbyEbATmgAbLihr2JDSMDOVnr9ew1rqGjIdO5pzv9I9U+/3/wAIG32866l3p2Co6SlLfO86pHbveecp1aMGqu/oOUlC4NGo5ydTj6lT2MDQABhEibpG4ScAc74WtJHLm8jSxoG5CqblUB7jDA7YfUfX2Uyd7nOIbnZQXU5JyBj3VxWTBem+iCGfqmOYVPMGkg4VdX1HhERsxnGSm7Tl3y2dkWoOO6iuIPKI5xeckoWABujaOfOzIzGAUIt5Poi69SFO7cYTILBnkwZ7qOd8o5OAo73BqgiTwR5MqBM7Tnbup7zlQ3NOsH3ViGR2AucCRsoF+uRhi+VpH+Y7E+ykXevZSxiOH63BZ5viSOMkoySg7OXq9RjMIMiU9IYcvd5nu3JKO7PcKTpyB5UwtwqOVgamJ6YrYuxN9DE+PfCXfACJG31CpBRi2db7pP34ScPRJvuoFjAwMzuuul2DWjPbZRauqJzDC7fuVY2egk0+NP34BVjq4uT4DUdM5wD5B7gKbJOdOkD2TnARtwO+yAB5s5VNpG+MFE61pcclMrq35aAuHZOmqoKaB0khxj91iL3epKt7oo5MBZ5TwBZYlwRrpcn1MjvMSM/qqlziTk90WRwwCd8Ibt1z7LNxib3PI36lxIRnPKNDCXnAHKWotspDGxudxuptNR5IMjeVIgonMaC5gRi0jGEyMcBquXbOsa2JpIHZNja+c6WhHZTOlxnup0VPFDGGtbv6p8MDFXuI1Nb3MOt4zngZ4R/D39FIZG4jGDhCqaqloma5n4PYeqKU1Ajgo+jkn8oZ2B+6o7hc5ZAYWu27kKLXXSpqJdYdpB7KNkncnJSJzyuBUpZOH1XCcpOSDmjukSl+wRhc47ZXRwuAZTkiTyEMSTVw8JTKHYHqu00TqiQMDcjuu0tNLVSiOME+q1Vvt0VJG1ukau5T9LpLNSsvgzW2qKBUFtiijaGtwRurQNAGPRJjQBsMJ2kjsvR6ehVQ2pHPsnvZzGE8tA7brv1IgaVqjAXkbuDwiDjdLAzlPTlFIW3gSSSSsXKTfQkkklBQkkkkAQkkklBwkkklAhJJJIwBqSSSLonQkkkkokZZEuHhdSS2g28AHMxkgJrQ7Xt2UggHlNDN84Wa4ilkPD2VhHwFAi7KfHwFz7XliLeWdSSSXKsX6AHpJJIAhJJJKEEkkkoQSSYkqyFgekmJKZAyJLZcJHCCSc8pQbJJazGxCAeUsn1SQYBSYlzAXUkSjkM4eCgHGSiOTULiVkcB6Fcwey7p90tPuq+MEHsul5AS0+64RhC6kHvYvGIO3ZPFVMBjUP0QtPulpQKmL7Gx1FkfYT52b1SFbMDnIQMFLBU/j1v0NjrLYdNkxlecbpPuBdthQkkp6aA+PlNRHpkv50k/ThOFQHDlQkMahndU9NFdD4eWvfbLLx/8QQtYPLlF1O9UzWfVD/GRqp8vJdkzxB/8pS1jthQ9Z/8AlKWs/wDylKlSbq/LJ9kzWO4TNQ+6jayeEzUfU/qkuvDNkfJwl2TdQB5H6pamu7hRCcckrmc8FXs4wOj5CBLLmj8QQzNjsgeb+pdyfQfmq2ezTDyEEF+aDjuE8Tg74QRkf8OP74Tw4BXhDlrqn+TCGVzuAntPOWkIJmxjDQufNTdngD7KnFMYtXU+mTWuI7LoqphtqCg/MS4+vn2TNWfxIPjQa1ij0y0bVTD/AIgwisqnEDU7KqBJjul4p9UEqEwv+IuPReNq2t5CcKuMchUXiu9T+q74r/6j+qr+ONj5Rrsvm1sQOdJRxUQubs4LM+M4dyl478YD3D80uenGLy+DURzsa/yvUgyOLQWVQCxviyA6vFcl83INtbv1WeWj3Givz0oGvFxqac7Thw+6dHf5HHEuw9VkBWyj8bk5lZK78STPx8fZ0afqOxezbRXuixkybqR802YB0M7cH3WHEjschObNIOXlZ7fHpfidTT/UqT/1Gbpj3vIOon7Iv+9nBhOFjYrvXwMAjqNh6qSOpK9mMvDvyWKfj5ro7FP1HpJrDZsIZLkwZGk4XW112OwoYXj7kFZiLrKoiwJWsx7KZH17RtxrgO3OCs8tFZ+joVeW0kurGX4rK7cPt4GfQrnzcp+uzSu9wwHKqGdd2okeV6nRdbWnDcveAs70ti9HRq1kJcxsRKE1K/8AvbFUEeoiC4W2d2zrXK37xjZM/wBubUcCOocCfVFb1ZRPOWzjf/Cky079xNcdSpdTRw2+znf5XT/4EF1pspOC2QE+ymt6ipDuHt/8qIOpKA+V7Ine7mApU6lHpBq15y2mVbunbefNC47+pCaemRjLWj2Vub7Qu3aYB/8Aa2/9EWG5W+beSopj7ZSHWxi1CRnj01LnDT/qnf7M1I/D/wDUrTCvtrTmOeEEdwUX+LQDY1kePyVfGxkdSkZP/Z2bvG3/AMq6enAfqgB/Ja3+I0R5qI/1Tm1duf8AVI0/Yqvhk+kG7a3zIxp6bjP/AAG/ouN6WYc/yG/otw19rO7XD9U9vyLydLghlXKPaKT076Rgz0lETvTM3/wrv+xdNgE08Z/8IXoDY6QDBIP5rhgou/8AmluGQnGmPUTz/wD2NoO9Ew/kujo63g5+SavQvl6P0/8AqkhTUZOP9VXxspOpf0mCHSNvAx8i1L/ZG3//ACAxegC30RH1j9Un0NBG3W5+33U+Mma/SPP/APZG3/8AyCz9EQdI27/5Bat8KC2jZ8wan/w+1966AA+rkWwJbWYAdKW8DagYuf7MU44o4/0XoYtdpP8A9kYP/Ou/wu1N3/ilF9jO3/qpsLxH0jz1vS8BO1Gz9EVvS0W2KJmfst6LfSE4guVEcf8A0dv/AFT/AOGtZ/8AZKB32lY5TYHBwXaMIzo4uwW0jcfZSYejdxmkb+i2LqPGP97z/wAhCcyGUDAnxjglTYFKUX0jKDoxwH/ZG/ojN6MZpBOhp9MLTGOr7VTcfZN8Oq7zNKmwtTivRn4+lRGc+Qj7KU2wQAYIH6K3EFU7iQJzaSp/qCmwvfH9FWyyQbbNR22enacjSp/ylQDu9v6LjqeXIzj9VThgi2sjspGxjAAPuiMppxvgYPbKO2B2PM5o/PhdMTGfVVwgH1cr+NtBcIG2OYOwYx+qksYMbndNa+3MGZrnTfbxEGW8dN0v13OAn/C7KD4/7BqyEe2SWxahvuiiJrTnSqh3WvStM7Lrkwgeii1XxR6MhxivDiOwTI6dsGWqpj3JGniLBhujCMIw/BAwsBU/GzpSmwIYZJT28uVV1f8AaAgaAKO2A+mWpi00/SES8npYdyPV2QluN0V0J2wcZXh1V8d+pJSflKKnhb2IG6pa/wCLHW9dt/EhEP8AA3/1RLSWP0In5rTR/HLPo7w8DcgD1UaastVCNdRc6Znrly+Yajqbqe5OBq7zUu+zsKAYZZXl8khc48udkko1pJL8jO/OJ/jE+m6jr3om3jFR1BS6vRrsqhrfjT0VSE+BUSVBH9DV4PHRuOHEqdBT69iNhyr/AI6Qp+U1E39qPVZ/j7bWnTbrNNJ/ikH+mN1V1Hxs6oqzijtVJG3sSzdY+mpqeMAuhyp8TmNwGRtH5IvgQUddfL8mW8nxF68uHE0UX/KzCiTXTq2u/wC03eYNPIa5Njd304wjCoETQSdlPhGrUy/rYFttuFScy1csp/xOyjxdPxMIdM3coMt8ig2ZIGnvuok3U2sf34291aoyF/JhJ8s0ENtt0IbrA29lMjntcAyGjIWM/jc0+WxvyV2Nl5nOY2ZCL+Ogv5Ef6TYSXykh2H+ajVHVLA3+S059Mqhis16qSA+JWEHSVykGZGFo7pkaGg43WM6/qapfnylQ5LrUyElspVqzpOnpvNWVZj9nOXfD6aot3VjHkcgHKJVMkrZy7ZSSVdwl/uw9/wBgjQWq71QBdJpB7YyQrf8AjFsY0m30rpHj1GAo77zeHOzDTsi9wEcasgSvhHtgm9LyHeqcB9wuw2uz05/n1MTCP6sJpbd6wk1FQ7S7ndObZqQHxKjzHkkpiofoD+REa6vtVO8sp4JJNPdo2KGbpcJjppqR0XoXqTPUWyhaPO3y7nbhUdb1/wBO0pLX1JOPROhp3+jNdr6of1pFqKC91bcS1sYZ6NO6dHYaRpDpxrd3ysbW/FuzQZbSeI4/4Qs/X/FOtnOmJ2AeMrRXpJN8o5d/ntNT28nrf+5UbQ3LGYUSpvltphmSoC8WresL1WbtnwCque5XWsbomqnY9lphpTmXfU1b4qR7NV9cWSJ398Dj3VHcPirQwnRSRudjuV5lT07if5jyc+pUkU0EbgWAZ+61w0kP6jkar6g1NvEXg01w+J95n2o2RAd8t3VLV9S3+5sMdRVu084acILWMc0AMG3opUVDOSPCj39VshpoRXBxb9RqNQ8zm/8AuTLZZmVFM2orqgtc7cNypJtdLEfKduECK33Z2MPwPTCnwWS4zj+c/I+2E+mlJ8HPthN/3BNprWAA6TdEjmooX/y4NWNsqxg6apmAPnkHuFOZT2mhALHMyNt10qqjl6hbItlTHWTDy0lOd/UI7ae+1XEWgFTzdqGHaONpI4whSXuve0thiA9N10K4YPM6vUtEVvTNynkzUTaQfVSm9NQw4MjwfsoslV1DM7OMA+6Xy14kGJpiGnndaIVp9nC1GrsfslChtkX1vAwnB1sbsHce6jNtgkwJnHI9+VIbZ6bAytMIRicyds7HyxxqaIjGvI+64KyjHBTxbaUDBauihoxvoTUoxM+1yA/xNjSQGEhMddphvFGVLEdAzZzQCEvmqFgwGtx9go5r0C62/RXOu9duBA5AfXXWTguVma+iH4Gphu9M3YRjZBKRarlH+krNF2l5a7fvuuiy3Fw1PdK7PqVP/jrGnEbcJp6jqR9EUn/lU3oZGqcv6SI2yV22QT90VnT9Y8jy4/JE/wBpKsgkwuGP8K5/tLcP+GSPyU3xDVNy/FBR0zV4+kfojRdPVLDnQD+SiNvl/k2a/GeNlwVfUsn/AMQN/ZWr4R4Ya0erkXTLC4MBe9jfuEv4OIiXulYB7KkdT9SVDS2Sfyn0dhNFpuzv72cjHGXEov5NYX/DdVPsu/laWMf3zP1TS6jj+udo/NU/8FrXuwZv3TndP1DmgvqQB+qn8msteH1D7LI3GihdkOa9cffaNuPKD7Aqt/gBaN6tp9Vz/Z+McyD8lf8AKgaavBXyJz+p6dn0xn8kA9X8huoKP/BYBs6U++F1tit7XAiSXPfJQy1EJezXH6btfLBy9V1r3EajpQD1A92dRdn7qybZ7eBgZP3ThabSDu05S3qIr2OX08/bwU7r293d+/ugm5H1ctGLfYwNxkpop7ID/dof5UR8Pp2Me2Zl1e5x31JvzZPEZcfRasNsg28ILmbO0giEfoq/lQ/Yz/gFf7MsKyo4FHLj7Lpqqs/Qx7PyWr+btLRjwWprq61M8wgH5K/5UP2T/gFZmGPuTuDJ/wCVGZFeXca/0WiZdqIHApX/AH0IzblS4JAx+Sr+VD9k/wCBVwM0KG8Hu4Z9lJba7uQD4h39Qro1TJD5MpuuQfTI4fYolrIIv/g1ZVCz3l2CJce+Cni09SNA8Oqz91YaKp5z85KPbK6I6sbfNP8AzKr+Ys8Mi8JW/RAbbep85+YH6ozabqwgA1AP5qYG1g/+JP6lOaytxn5hx9slMWugiS8DD0iNFB1Qw5OD/wCNv/VFL+omYEjdQ9Ajt+cBzrcjtnq8YIJV/wA+Bnn4FSIJrbpHu6Cb33T4r5Owjxfm249Apvjz/iaT+SWtzuY/1CKOtgzHP6dT5iwtL1KI2bVlbGSe6s6Pqis1YiuTnH/GqZzQf+E0/kgvoonkuDC0n0Rfy4HPt+m7PRtqbrm7Q6QwRSDG/urKH4mVsYAloMAdwvN/lZG+Zj35+5Tx/FGjO5HbJRR1FcjBb9PSh/Ser0XxVociOqY5medloqLrXpiqAcbkxjj2JXg4qJx/e0jSQOfVJlwbnDqLSB6I/lr/AGYrfDWLqLPo+jvNnrXeHR3GKR/pqCmtkYXYa4H8180svFPARoEkZxvgq1t/WbIy0Nu00eNsHUf8lN8TFPxlsfTPoqIBwxpzlONDFkOcMZ7LxGj+IVREW+FfB/43Ef5rR2/4m1IaPFrKWfHuiU0+jJPRXR9HphttI8AeGPyQJbLT4GgbrM0vxGhljDpGsB/w4C0Nv6ntVaxpNQGOPYq9zEOqyH5I4LJMSdLtlHlt9XESPDJx3C0VNVUswzBO1/2KlN0n0VOzDF72uDGuZKw/zGFq6Q08gLXz0kEzdMsTSD7KMbJSv+luEcbs8FK3BlDbaSYlzo2gkeiivslM7OlvHstVNYntdmEkj0UOW21UO5ar3oap5M2bI8O/ltwEz+GTMPGVoCHg4LcELhiZLgOCttMvJRmjdpw6Mb+yjy2OnqG4ljb+i0EtM9uNDNQQTEW7kYSmkyKe3ox9w6Dt1W3DXviJ7sWQvPw3raLMsLnVLBuO5XroaM7pwj1DAVbUaYauce2fN9wsFXTOL30kkQPfGyjwSXa1StqKCRrZGnIJyvo2ptNJVNLKinY9juQQsvdfhtb6x5dSy+Bq/wAOQPyQ9G2GqrmsTKLpX443O2llLf4PGj2Bd6fYr2Xpjrfp3qWJpoqxrZCN2OO4Xgd2+H1ytznl9OJ4uxaMqjFuq6KYS0U76WaPhzTj9lYm2uq1ZgfYTYiCDjYo7g2QBrhwvn3pP41dSWNzKbqUmvg48YbnC9o6e626Y6nha623SPxnDeN+xH7oDFdpp1l0bbTTgFzQCoVTYIZWnwwM9sq0YSBx/wCqOxzW7kcqGPLzwYis6cn1uw0Y+yo6yw1EbtRGPyXqj4myYIwok1qhqR/M2SsBKbR5RJbjggtzhVdTbKWRjmSxNe08tI2Xqtf0s2R38kj04WXu1hmpZNLYz98ILK1PsZCeHk8W6q+D3Td9jlfDT/LVDtw+MY3XnFx6R656QaWW9xulMzbwahxdhvoOMflhfSlRRlpwW7qvqbcyQFsjQQecrDd42q3pHZ0fmr9HLKef8nyyK3pa7VX/ALxp5rFcGHOeWF3sdl6l0X8dvix8M2Q01LWf7T2VuzYKoePGG/4ZM6j35KvOrvhnZr1G7xaJhe7h7RgryW69BdYdJSPqOm657ohzC8ZBC85rvp+Nsdtiye38X9VTjNSjY45PsP4c/wBpX4WfEB0dFcalvS982109VLgF3+GT6T22yvb6S71NEPl7hC6vpXAYc1gcdJ7g8L8rJLtRV0nyvUtrdRVTdvHYMDPrtv8AoF6X0F8dvip8KImCzXJt66aztRVJMoaO4Yc+QDPGF4fyv0g4ffpX/wBH/wC59N8Z9cQg9msX/wDUuj79rei7B1ETXWidtHWjdz4hodn/ABNVZJc+pelpA3qS3CspQcGupxh7R2y3v+q87+GH9pj4cfEyeGiZWP6fvD9hTVzgwOP+B42cOF7XFdKhkYjr4m1MDhgPGHBw+/deG1egtolsui0z6HpPKQ1EVOmSa/sCoLjbrrT/ADFvqmzNIyQD5m/cJ7m4OeFXVvR9qqXm5dJ1j7VcTuAHbE/4men5qEL9crTIKXq2nkjcThtYwZif7k9v0XJt00l0dinVRf5Gopq19M4Fpz678q0irqWsbokaM+hCzkcjZGCWN4exw1BzTkEeqLFUAOB05WZwa7HvE+i/FHH9ULi085BQ3VctO/TUN8g5cFEguD2YAOx5U1tTFK0AOBJ5yMoAJQwSI5Ypmh0UjXg+hRSMqtktpaTNTOMT+cDgp0Vxc0+FVROaeNQ4KoW0TnRNIII2UYRuY7Y+XsEYPDt2uyCnFoPITM56AxgEyYbNI3RQcqPNTtdh0XleOD6IUVTIxxiqGnI7+qgJLSTQ9rhkFdzlCyHMlO1e6Ym5PqlqWGQKGg8obh4LsAgx+hSLtKTS1/O4T4zIognshkOYjg9xlPL3CMMIzhNmptg+HZw7eqbHUhuGTNLSjyC44K+52u1Xhzae5xN1PBa2TG4/NZcyXvoqd0MmK20tJIkG7om+63E9NFUsw0jPII5BVVNXVNLKKW4Rtezs7GxC2UauVL4Fzq3AbvZLD1rY5YHGmr6eePTIwYd5T6r8/f7Sf9lK59DVk/U3RVJJNbHOL5ImjJiz2+y+6P4JV2uvN26dqmnUS6SnccNd649Fcl9u6mpNMzWNkwWSQyDv3G69f4vyc6JRuqf+UcjyHjIaqr4r19r9+0z8bYpnNcYZxoe04IdsQfRGOk9wvqz+09/ZQqKJ83VPQ9C4Rxl0k0DB9JPce23C+Sf51LUOpqpjo5Y3aXMdsQV9V8V5mrXxzno+ReW8DqPGSeeY/ssqaocwgAK1p6rWACVSMfkAKTA/Sc53XpK7OMo87ZXu6LWZoLdTVGa/Bwd0SGYZAceU+qgikPi0/PdqZN55EJuLwQbnTfNQ+TAcFndBBweVqGAkYKr7jb9WZoW4P4h6rn6irOZGqq3BWROw5TI5SWgFV/0P3HCPE9paAuZKGTrUXL2TMlOQQcp+QEp8HRjZwKUnAAVe/IqHqwyCq+fHzDimVYzyI1jzWHZ9IScuR/SuuWpHGYmpya1OTEQYmJ6YjCEnHhNTjwoQ6eFGccFSTwoz+UqRUTqSSSnaGoYnO4TU87oU88BshSNOeFzIBOUWbAI2QZGknIS5lo6eQp9PwFA4IU+n2Ayri8AWdE6PgJw5TIjsAnjkJ8XkxSfIaJaPpdpdcGEDPCzkXIWt6MYH1wOPRPq7MmsltrZ6KchoHsnN3e0D1XJNgnW8F1a0c7j/ADXQieUn9qNtSARUsYA5CdOdgB3TW7FrR2HC6/LpNPotSeEYpvJA6lqPBs7gCMkEBO6ejFPYSAP7wZKp+rKgvMNC3OS/daKjjENpZGBwEtPIbW2rH7L61Dw7OXEJ1nGuTWQusAjs7QPROsxzASBghEc2xegdQfmLlHG4eVh4Vk/LpA0HjbCg20iWrnmeN+ymRZ+Y1dkbKaMp8Q6/5e2upwRkqr6RpwIxI8ZJbsonxHrvmLmykbtuMjKtunmBlOzbGw/yQxlk6O3bSv7l454aCPVZXqmrxG6MnbCvqmUMWG6krC+cNyibwSmttopqMeJWtcVaVIOCfQKJbIcy+KdgBwpda4Y2Xl/MW8NH1/6O0qVe79jrFH4k4kcOStKwnUcqksTNEYkI4Kuo3Bztu5XzbXW5sZ9t8bVsgkSYdlN4i/JQ4gf1UzSfCP2XD1Ess9DSiG4fzMp34U131p34VlH4wdpSfEIUscqJB/e/kpbzsChk8IfEKwqLWFvigAc8o7DuAg1WPEGyKEuRNryV9wohMN+4Xm1zZJRV0kbm8EheqHDwMrAdYUUkVd45Hlcuzob8SUTx3ndLmDtKeGd2oAhWLMuaCq2PAxhWEMzS0AhdnJ4bewo3OVJiAeNJGyj43z6qRD5fMqbyOrmRAX0VWCCQ0nIWnpphLE143yFnq+PxGBwG4RrZXOjxBI7HoUmUc8o6Ncso0jHDIzwvGPjj0++lrob7BHiKYaXkdj2XsUOrALjuqP4kWQ37pWeCJmXwjxAPUBadJb8VqM/ktN/IoaR81NORlEQ9OnLfTZPHC9tVP5IKR85nFweGPXRuuJIo9igrHeGQQrqgrWOAieQD2KoAMd0aB2HDJWymxwYi6G9GoaNQyOExrcOQqKra6IMPKOW9weV0YzTRi2uISLkeym07zkbcqA3uSVMgeAUeGzXTbyok9rtuEVqAxwI4RmO34VHWrsDtJHIwk6PxG4JXWPBGOMIjVDRnciPG6aB2WuwFZU9RqADtyob2A7prC5juFA4/ayzcxsgPHCrKinqGu1RNUuGfYEhSBO0jZqVKORyk+0Ctd+hZijqxolHutNC0PGQeRlYO9Wh9UXVdMcSMHA7o/SXWD/FFquRLJmbDUd8IJPadDS67ZLZM3JaB2RGpNOQDnORlOaiXJ362uxycmgE8J+MK5RGt5O4CWAuro5UwUuRugpafdHGkgbLmnT3QuOAkC0eyJjP4f3XS0BE0N9EtxHpAAzKi1nT9puJElTSMLgOQArDw3J2k/wBP7pcq89ElXGSxJGAu/wAN36nT2uX3DCsxXWG+20ls1C8tby4br2hrccLj4GyDTINQ9ClOrLMlmghJ5R4fDUPiI1t0keoVpTXLOGDBK9MuHTVqr4/CmpGDvlrQCs9WfDKieTJRzSxvPG+ypwaFPR2Q5iUkNe924KnxXF7SolT0D1FTtPgStkA3woJtXVdKC2W3SEDuAhwy4yvhwzTx3QHBcAFLiucDiAHb+ixHz1bSODa2jmaPXSk3qKMP8mW/kphjq9W63956DHVl2COFJbMcBYGHqaPAzNjCmRdTxf8AyR+6mDdHXwfZthKeURtQRthY9vU0WP8AtH7hOPU0Lf8A4jP5hTA1ays2TJiTucIwn2G4WJb1NCDnxT+qR6tgGMyHH3U5D/n1o3QnwQjfMfZefnrKl2aHvJ9lwdTT1R0UlPNI70YCSptYX/EIPo9CFT7BcfXRQgGQ8rDQS9YVhxTWiqAPdzcKxpej+u7gQZGNhB/qcjimiLWSb+2LNJ/GqRpyZOFFqurrXA3BkyR2yh0Pwfu1VJm6XQwtPJjdkrQUXwd6cpiDPLPPjnW9NjDI1TvkuODF1fxAp2g/KhzncABKGTry+t1WyCRkZH1Ecey9ftHSFgtbQyktkUeO4AyVdiKOJoETQ0DbZGqhkdJO385M8Ttvwt6nuzvDv1YGxO3cCSc/llba0fCOwUQYZnOmLe5/+atyWahghFjaQRkJqhgdDQVw5y2RKOzUNtibFSU0bGtGBgbqYwFuAigg8DCcxhecBMjE2QrUOhNG2wRNJcnRsz+SLE0b7ZR9DcAPA913wR/T+6K9jy4aQpkELQ1rnkDPcnYIwJJRILKcu8uEO4VFDaoDVV9QIo2jJJVZ1N17ZbA91LSD5+rb/wAOF2G/+bB/yXmFwvF96gm+ZvM4Le0Lfp/NGYLp54Ra9T/EeouDHUPTsL4WnIFU93lP5Y2WQbBUTuElTUyTy/ic45/RWtFbZaqVsEceGd9tltLJ0nT0sgnmwTzjChmUXPsqeluj3SPbVVbABy1pC9AoqOKmxpYAPT0XYImswAMAKQ0Y2ChsopjWlgKG54HCedsJMcG4yo9XcaWjhc+pkDPuVDXxBZZMacZPosz1B1N4ZNBQ4dM7bOeFSXjrKprnils2RGTh83+gTrfbCz+dUHxJX7lx3RwhuMN+qi+Ij6WlLPO465n7vef8gpscenAAR4abvjGyM2IN2xwtEIbTnTnveWAAAHCC7fZTHHAKiuOEwU+gPhhxBwuGFoGR2XXO/ZVl2uraeMxROy89vVHFZMOonGCywF0r44sxQnLuCVRuc57i525K6+R8hL3903GE2Kyee1FkrpZYkF3CMgkjGEZisQFxw7IQ85RH/UUI8JqFWP8AQOY8YKiS52wjnc5KYQ0kAqGeUwCgXSobTQE4DieBlS66riow7Wc44Hqs1PPNUyufI7IPA9EDOdq9VshiBGeXzv1Sbkp7YgANl1rW5GyJgaVWTjuXsHgIE5Bxgokx2OFHIJKiQDlg4kkkN0RExAZKM0ZHGF2OLONkZsenBIVZGwSANYRuVArKsAmGE79ypVfXCJhhjI1HlMtttL3ePMPsFC9sZySQ61WsvcJ52/YH/Mq8cRC0AAcJoAaMjZMkdqPphBKW06NNWyOGcMmopk0jWNwSEiWtG5VBfbo2BpMZJxtkLPKZV1ihEjdQXdjgaeI5djG3AWVeQXbfmfVEmmMpL+C7lD0+6yXT9GBzcuWNOcbnKcOyQajsgc7BA5WfbllLnhCggMp4VhTU7YwPLuE+mpxHGBjcqTFC7PCdFJIfCsaGk7YR46bhxCPHE0YGFJZERghqMfGv9gYYcbBqlCLTg9kRuljdwAs9duoMaqamGexOULltLlONaJNxvLaV3hwebHOPVZesq5qyYySuJ9B6JanOyXElcLM91nnNyMs7HJjA0gYwu4K4u6fdKdmBYNNyUTAQ0uUshdhUklzV7IcAiJwnQ0c9ZKGRD7lEpKWWslEcY+59AtPR00dLEGMbv3Pqtml0/wAr5M912zhArfb46KIAAazyVNbynYJ4C6Acru00qtYRz7LHMM0ANHuu4DkgMhOWpRwKGgHKMAMJuAuohdgkkkkzJeOORySSSoBpCSXcHlcUBEkkkoQSSSSgYkkklC28CSSSUBEkkkoWJJJJBKWCCSSSSZzUS28CSwEshNMjQcLHbZkENG7thSYpB3wPzUESt4XfFWK0FxbLNJJJcuUsChJJJJZB6SYkryMwPSSSVgjEkkkAYlw8Lq5kKEGHK4iHCGeVCCSSSQkEmJ6YoUxieknqFJZGJJ6SheBiS5q9l1UCMSSSQkGYC4QMJyShYIj0SwUTAXCBhQtJg0l08ripvIwahuRkNyFkzkaDlIenKII3enK5HTOcd1nsko9jqozf4objKSlRU3GQpIpKfuxZJTSZ2KfHX2JPorNBdhObFtuFZGngZxGgui0/S1Uppm1ePsguWRMFLBRzGc8JpZtwjSTK/izyRiD3KZ4zgdwjlp7IZj9lWQ/48md15HCFnfIRSz2Q9OEUUHGEodnQ89ylrKWd8JZCJRTHRlkb4p9F0S+q4W7crmj1KqUUglLATxh6LhmB7IOQugtPdDgvLkPyU7UTsmobpmNHKUxvQ85JySn591DdWBpTDXREY1HKHAxPJNc4AjcLrHtAzqxhVbqpxPl2TTVv9cfkrccj4pl2KyJvL/2THXKD1VDLVT6TpdnPsq90le4ngZ90myKHxj+zUvu0QcDr49VGmvtO0bS7qgbHKf755wfQorIKHHmccpDhk0wWCw/jzCceJkJC7U531HKhmG3sPOUN8cTsGHb8lXxZNcJuPRZuuIO8R++U112dkASb+irhT1WPqACJHBTjeoOClvTmurUzXsnC6zctI/VGZ1FXRnII291Xh1ANtv1RPEoW7g7pToi+GjX/ADLF1ItmdVV7RgcosfWd1iIGWvHo6Nv/AEVE6opRu07BcZcaXPcYSZaWC5wbKdfbHubNVH1zWgZkoYXfkjxfEJjcCSyA/wDhWRdc6UYwChvu1OcbZ+6TLSVv0aY+UnH+o3I+Idu/HaJB/wAicOtunJz56Orb64P/AKrCNvMDdvCjP3aui5UZzmmj/RD/AA4Dv+M2+mb7/ajpiXHmrmH3OyIOoLGceFc6lv3JKwAqqOZwAAYulsBHleP1Qy0UH0MXm7j0Vl+tBGf9oyz2ex//AERWX+1E4/2oi/8ALJ/0Xl7mszsT+qQA41FB/Bgxlfmrmz1ht5tjhqHVsYP/ACSf9Ev4zQEefq+Nw9BFIvKxCSM7rnhgdyglooRNC83eeqf7RW1v/wDMz/8A7i9Ob1VahnV1C8j/AJT/AJLywNH9RTg1o32/RB/Eh+if8cuPVB1fYm//AGYqSf8AlKcOtrDGRm5VL/8AwleXtA32wnNeGHGnKGWigxi8zcz0qXrSxuIca2r/AHT29bWBv/EqJD6OBXmwe1w4Ts43Q/w4DI+ZvXB6IeurVq2ZIR9inN+IVuZgMp3k9gWledh540p2fZC9JBDv+MXnoo+IsZ3FI3H/ACpzfiTGwf8AYwvOPGI42XTVNb6KLSQZT8zcj0gfFh0W0dOB+SM34q1rx/KgDiV5fJKBghq4Kw4wAi/hwJ/xm49PPxQuZz/Iagn4n3Qk4gA915sKmQuzkp4qX4U/hwL/AOMXHoZ+Jd4OcSaQU3/b67uzm4TDPusEJZHA4B+6YHVDdg/ZT+HAp+XvZuZevLs07XGb/wAyE/ru7OH/AM8ph/4linid5BLuOyeIZTgEqLR1rkW/KXv2aaTra7uBBuk//mVe7qi4OJJr6jfnzKsbTOz/AOqIIhgDSmfx616Fy1183+TDydR3Fxx8zMfu5BddbhMcGoduuBjAc4H6I0bWDsNvZC9PBei/5Fs/ykwYNW/6pc59khR6tyBn1U5jo8aQAnaG8lK+JJ8BqTfbIDaXBGAispO+FJ107Ru/GE0VtK3cvP6JmzBTxkb8qRjZHipRt7of8WpgCI43PPYAIkVXcHjFPSA+7gptwNjn0iRHRAAHGFIZSAHIQ46XqKYAxthbnthSY+nL9NgzVbWjvpQP9MOO70hojgb/AHkgb90UVVBBjE7SpEPRchcDVzl49yp8PSVtiIL4NX5lBKJojC1/iUct7po9oYpJT/hCYy63GbBpqCVp9SFr4LDboseHCG/dH8KKDAawfoijHPQ6NNn9TwYwN6mqyA1mgH1UyHpm/wBR5airDWHfhad08MRGpwB9EN16ijGHTtjHqVTplL8UN21xX3sqYekC04q5w4fmp8HTlipyHzNyR7qNWdU2iA5qK/J9Aq93XfTbDiRs0o9xjKKGksfoU9Tp6fZpomWCBo+XovFcPRGZWVAANHbcY4aRysLP8SHveY7NaooY28ahkn3UKbq/q6szqmbC3tpw1Njo7E+RU/KUw5gz035q7Op81MtNSN9Rsf1VZXXWlLfDquoyQO0D915pUVsEUplu95i8V27gZMlU9R130xSSmOOGSfTsXDYErTHS8cmOz6ghXxKR6bPU9PSNw35qseOBKcAZ53UiCtoo4w1tDA1gHLxnC8TrfixdtYjtNLDDE3gObnKz9b1L1DdpC6rukjtfI7BF/DX7OZqPqaMOK+T6Aq+prHQuBqa+JmPwt7LN3D4w2ekkMdPTSSgbaicftheMRxyB2t8pcTySU9zRsU2vSI59v1JqbPwSPQ6/41XioDoaCjjjZ/U7clUFf151Vcw6N9xMTHchmyoYYicAR7lS4rbWPPliOCnx08YHOt8pq7u5DH1l0qWBlRXSyM50lxwiAEtw4kn33U6Lp6rcMnbKsabpxrSPmjkI41KL4ESnO3mTM62FrnZAH5KQyIjGlmStZBY7ZFuWEn7qU2K10vmjiDnD1C0QrUilU5GXpqGpkwPlzj7KeywVLyPKW59lfNuMI+mLH5JwuUh4P7JnxYGRpx2V9N0o5xBmlGO6s4enrdGMuYHkeqTa2UjnATXSuePNIiS9BOqJKFHbWDDKdjcdwFyP5SH6H/koRkPBecLjailJwZcH7J6iKeEWPzzWjy/kmfxOrORHuhMNC7BkeTj0RPHpAAIW4WiqOGZrZYQLFwneSQ4590UULWgOqXfknCqmaMxbJB8jvNK45K6EDl6iHycMKyOhbgNZkj1RInsYdmYxwoh8Jp1Pfpx+6ZJXU4GkOyQtMJ4OPdoq5PlFmKk98YXTVwgfWSfRUjquTOY3YBXDUznYvGPsmK3Bkn4qmXLRbOrwO4QXXSY7NVd5nbkosMZB32TPlYj/AIXp1/SHdVTSA5cf1QTLI/8AE7H3RtCUdNI84YFPlZP+GVr8YgCZHYaSf1S8M/iOFLdAI8eLgZ904fw9m80v5BB8oa8fB+iI2I9uSnNpZ9sRgqU6vtUewy73Ud17w7EEZx2JQSuyHHx9a7QdlC8j+ZHhGbRjucAKvfdaqTG+EMz1M40ulOEp3sfHRVx6RceHSNwXSNyO2E01NFFv5Se2yphG8nk/qixDcKO9s0w0sEWn8Upxs1gSNywMtaPzUMAY4C6CAg+QcqIIPLdK1xAihjIQvErXnW6YgnsDwnNxjZcMjByVPkLVMEIOrDxNn809sNRnUZf3Tfmooh5jwgG4xb6ST+anyDVVH9E7TLyXZKaXP4LlAdV1Dz/JBXMV0uA5B8hWyS6RNdJk5LkySeMDzSqOKaqd9RH6ogo2NIM+PyVqwN1TfY188khHhS5wkZpCME8qQBRMwA4DCcKmib+Hf1VykmB8BAMb3ebfdc8B+N259lYCrpfwt3XRUtbu1gygbwMhp1+yt+VlP/w7vunCiqTzE7CshcJRhoaMJ4r5fUfoouQv40PZXC3PI3pz+qK23OB/uSFO+dmHDgi/OTkfUP0Qt4CVFcSGyhmxjGPuUZluPJkA9k8zSnJLuE1tRKTguUTyU4Vr0FFEwAfznJ8dK0HPifqUwPkPdOGvu4hEWo1r0S2wwNH95ukGM7BRMN5L5P1XRJCBgyOULexdImBsY9F1oYDyAoPjwnh5XQ/ffhUV9pZtMJxmTHthGaxpHlwVWNmiA3ecp3zByPCk4QOeCYgWHhpeFlQhWTDlyLHWkbk4Km9hJV+0SzBgA6Tv7rnhYP0/uhC5AbGT9kZtXCQN8n3Cm9hbKBoa3OOE4xFw27ogqc7COPB74SbI3vsnRntAnTRIjmlcfQfmuGhJH99H+qmtezYZ3T8N9Aj+Viv4NEu0Vv8ADWjIzG5CdbqQjBgbv7K30j0C5pb2ATI6hoy2+K09noonWeke76BummwxkfyawQH74V74TTtpCRt8EozK0J0dY8mG3wFU19qM/wDwa7g/7rd9Xp50dkXXFMP5Vbkf8ytTaYm7xZafzUSSjvcMn+71Xl7bkpq1b9HOs+mqpflEdSdddX2pvgOilDm8lucFaW0fHm/W6RvzlFqAGDrCzPzF/p8H+TIO+tuU03B8w019pjePVjE1anjk5Gr+l6/6Y4PWLV/aKtM8mm5UzWMPuBhbyxfEvo+9SCOmubA5w2aTuvmSSn6WqHD5uglYfZmFGdYLE8u/h9xfHncRvOP0RxvUuGcLU/Stkv8AbR9mxT0Uv0T88bcpssTX4BGQvki3XfqXptobabqSxv4C/IW1sPx46qtYay70sdZCNtBdp/fBWjh/izz+q8RqdLLbJHvzrdSvGSwKHUWmAj+WCD6rEWb489K12ltcx9K88tyDj81vbZf7HeYmTWu4RThwzgO3CvLiYLK7K/yRBNtniGQ3V+SiupM5bLHsVqTI1owW7HlAfFSSkFrc59UKlkRnkyFTbHEExFRjHU0gDnR6x7LYT2tp80Lt/QqK+mc3ySR7j2Rp5Dy8GZbVQS7OBYfdEELXDLSCrWptUVQ3S+No9wMFVL7FXQSZp58tHGSiLUsjXRdi0H25VRdulrLdAfmKQRyH8TNlafOz0j/DrKV3praNkSOroq5/htOHD1UGQm4PKPN7n8OHxBz7fKXN7Bxys7NZ75YphOIZYi05D48r2uooncR5/VV8tNUtPmhDh7oB38lz4kZ7pP4y3S2FlJd8zxN2y7kL2Dp/rOw9SxtNLWNjkx9DyvILr0lbLmHPEAp5vVowCVlKuxX+wzCahkfhpyCwlQjrhNcI+rmsLQPQ909rd8ZXzx018abzYyylvTDLGNiX8hevdOfETp/qGNhp6lrJHDdrjjdLaM1lEoM1IhIGUKSigqQRMwH8kRk+QMbj1RWu1dlYrODP3DpOmm3haBt6LJXLpiohc7EeMcYC9RUaWBso0uaPuo3gpWcnjlTasDOOFUV9l8eMhjGAnnPdeyXDpymqBlpDTj0WbuPSs1PE6TLJBnhu5CRKO4fC3HR8/wDVHw5tl2je2roWtfj6g1eQ3j4f9Q9NTPns073w9485GPcL67qrZGQWvZke44Wcu3TVO+MubGD6jCyW6ONiOxpvLW0/bJ5R8i1FRRVIdS3VjbbUE7SYIaT6j0Xrnw2/tCfFz4SMjpX1h6i6e/8AkOtf4ulo/wC7fy0c7f5q16s+HFtuMbtdI0k98bryqt6Zv/SckhpJH1FGc6oJBk49iuFr/D16iOy5ZR6/xvnpUrfp5bX+v2fdHws/tMfC74n6aGnucllve3/u+uww5/wSZw8cL190rqqH5esayeMgjDxlflSH2S+ZjqIRTTjbDwvTvh9/aN+M3wkjgt1U8dXWGPZsVY4ulib/AIH/AFD9V4Dyv0lt+/St4/R9P8J9dQn/AKetjtl+/R94R2Wps8zqmw1Gljsl9JISYj7gdiptNc6avZ54/AnBw5p239l5/wDCX4/fDf4txeB05eDBcW41W6tb4dWCc8Dh/H4cr0Ost0NdGWu8ruzhsV4TVeOnGThNNNH03ReUqugp1STX9jpllhIdjIKm0dW4bt5VTG+ooA2mrsSR/SyUenoUQ/yyJYXEj2K4tmnlGbTR2K7oWxyaSG4PJAkIwphlpp2aTh2fVZaKuxgHlToKzG7DgrO4sNw9k808sDi6mkcB/S7hHirTnRMwtP7KNBWOc4B52UuV1PPFpLsn19EGWmBtwwzZA8ZHCa6NrtyAVXn5ihfqaTIz0UunrIajZpw7uCr7K24RwwztOI3DT2BT2PyNJ+v0RSQOShYGc43UBxgfv3STEkBBzhkKOXvjOQcBSCQ0ZKA9wfsdkZEv0EjqWHy53TpWsnbhwChubg5C62cjDfRMLcfYEyTUEmD5mnuppFLXw6ZGMeCOCM4TmmOdhEjQfYquqKV9N/OpS4b7gFMzjkFrPRWXC21Nkk+cpC6WInzN5wELRRXYfN0TjFPjzBpwcq5gugePDqWZB2OQq692BwjNfZZPDlG7ms7/AJLRRqJVv7RU45QnRxXKldb7lG1z9Jb5hs4L5B/tNf2TzXQ1HWfQVAPnBmSrgbxIe7x/iO+6+sKO7xVbWw1p8Grj2JO2VYyMZUR6JWhwIwQeCF6Tx/lJUSTizlazRx1Mdliyj8cI6erpi6CthdFNGSx7HDBBHqpLDjnsvtn+0n/ZWZfYqnrXouIC6DL56djdpx6+xXxQ+B8FVNQ1DXRz07tMjHjBaV9e8L5mGpgoyZ8r8z4Cenk5wXAYSluApcbwGnB5VdgtOCixPIO69UpZR4y2pwntZJd5ikSG7Bc1B4QidPJVWLKARVXOidG/xm/SfRQYstd9loZgyaMxu7qkqIDC844XMurxLKN1E0lgIxxIwURxJ4OFGa/1CK1+MjCxWLPR1aJ7uAjnHHKhyfXlTDwocn1BVELUNOOB7eF1cZ9K6tUejk4xwPSTF0cpgIc8IJc3PKL+A/ZRMnUrbwW+Q6SazhOVlDEGXsjIMvZCxsOhqSSSgZx3ZOHBTXJ7UBAEoy7CjyDdS38jKjyYzsl2BoWMkKXT7gKIOVMpxwEUSrFlEyE5UjsECLZHPAToGGxYYVnK2nQcWurccZWLj+pb34fNxK5xHIWirs5/kZbaGbOX6sA8KZ080y3MnGzQMKuk/Fv6q46VaNfikchdGJ5iz8Mmox/veO3/AKJ7fqymwb1DSuTHQx8h7LTnCMOMmQuR+a6mjj2IacrZF/huijaMN0hYe2f73f31BOQCtnKA+tpYyMhxAP6paeRlvSRfuf8A+7ACNkenjEdsc6M6Tp5UW5/yoWsaPKdgESpldDaMg7kY/ZEjDN4YrUzERm1c91MjlDA52OFEtbcWyJ3c5XKuYU9BPKew2RvlA438HlPUc/zfVOgbjUf81sbRllKNlgra83C+TTkZxK7/ADXodC0Mpw3G4S4HRs/CK/QO6ymOLWsBdZzNUn2C0t6q5nTFhfgDsFkZXOdK4k5OVV0tqyatFX801D9lrb24pQ7CbM/U5HpyxlDqO2AobWue/PqV4zzFmYtn3r6e0iqqhBekXtvYGU4AHKn0+S8HPBUaFobC0NGNlNp2gMBxuV891by2fUdJDakTYW7hTXACmee6jUzdhkeqkVIIpnLj2cs7dCK4d0526a1Ec3hKGSQJjtMoyFPaSWglV7x5gVMif5AEElkqMshB/eNTawHOcJjSPEbujV2DFkcqs4BfKIzR69+FS9VW4VtAXgbsGVoGNyBj0TKin8WJ0Z31Aha9JZtnk5XkKP5FTrPIGnSSHHjZS6eQtIxug3qhlt1e+nkGACSD6ptJIOF6eEt8cny/U1fDY4lzGdYGQigYUWJ2nGynRuHlPCIBdnXx6xghQXDwJiCzON8K0GCBso1dFqPihqW1xg2VTwW1qn1w6ickqyy2Zpje3IcMEeyzFpq9FQInHyuGFpmt0EOQJ7ZZRtX3xwz5t+IvT56f6pqaaKPTBKfFjxxg9lnMYXsvxssUssdPe4mAtj8sh9uy8bL/APCvY+N1Hy14Pn/ldP8ABe0dSSSXROWJdBwcriScngBrJPpKl7DvwrykkbPGHahlZpjsfkp9BUiOcanEBbaLecMy21Z5Reyg7YT4HEFNa5sjcjcJoznldFMzQeyeSzZINOwR2uVbFIBjKlRSDuqOrXapckxpOUfGAFHZ2Ulp2CLGeToQkEXMBIbZThyg2jhYI4RGuOMei5scDC6psYwLGcFVd86dguRFTTvFPUs3Dxtv7qzBH2To5QzIPdLlDITxKOCD051NV2+dtqvZ34jm7O9luYXsmaHxuBB7hYyut9PcYfDlGCN2uA3aVX0F3uXTFS1tU909I86c5zhBjBu0uvenjtt6PTAA0A4XfyUOguUFfStqKeUPYRnY8KWDlFnJ3q7o3QUoMIkkkoaoDl0HC4nNGSoMishE5IcJ6DCGxRzAXQ0FPSHKrahqSwIRjnCJ4WBuF1oyOUVVhkxgj6RnGEVrQBsEgw53GyM0eqFpExngFgjgH9U4t1cjKOGjHCeWt7DCm1BupS7IYt1HUbT08Lv+doQZOl7HUbOtdL/9zCsmNA20hSI4yT6KOKJHTQfaKE9EdOv+q004z3DEF/w06UkzmhAz6BaoR42witizgpfx5Gfw6v0Y3/2U9Kudq8GUZ9HIg+E/SmN4pv1WzbH7ogi2U+JEWjqXox8Xwr6TjcHeBK77uVjB8O+k4sEW1rseq0LIvNwpLWcDhWqw46WvPCKWDo7p2HHhWim29YwSraGzUEIb4NNG3Tx5dgpIYQPuiMz68I1FI1QpjBZSRyKFrNgwBSI2AfhSjZqKkBoGMdkWxIbGIItPonjIKJgeiJob6IuEPS4EwZGdOPzRAMkbpMx6J45VoOMR2BgbJ4DR2XQdgi6C7CbFplgtXsnxnPA4RRGDjI2Kf4lLEASdJ7ogxRs1HGeUUhkGDK4NB2yVAlu8YPh08TXe7lDmlqak/wA2Xyf0hWE3ktKi+U1FIYaaJtQ8ckjy/qsh1BWdS3WV0DXiOHs2PbZWzIg04I27J4afVQRbyjFxdKVDiHTRjJ7qwpuk2587QPdadjNRRC3GN8IzI4c5K6ltNLTRtaIxqHdTWMDeAn6fdPjGCMjKhW3ASFurYoj3+FyOVRXbqe22fLZpf5jfwrBXfra732oMNte5jOC5RLJctTGs3t66xoLZmHPiTD8LTwsTLXXPqGr0zkmLfy+ifaemJap0dbWPLpD9RPdbOitdJTgFkeDhFKODNbdK54fRV2fp9lNGwOaMDcD3V82lEeDyiBgbwn5GMZTYvAhwXYzSGjAQ5OydIhPIG2U0VJ4FK0nGFFlGBnlGlkDRnIxjlZa938E/J0Z1PPcFNSyZb9TGiOWHul4ZCDFF5ncbKmLJHO8aQ5Lv2T4aTh8p1PO7in1OA0AJsYnntRqZah8keQAYwhnhddyhS74T/wAEY7Hga47nBQHE4IRsbFDxnuhbyY5yyBIOcrh2RSAgEHPCYJnYl2R3nU8FRrhNFTwF5fgnjCJW1UcEeSck7ABUdVUOl+rf0UObfqItYRFlmkndqkdkdkDSPREJGUxXg5Ntg1McRg7hInIQCTnlCkZnLPAnHJTSBjK6krBcsAjyiRRaiBwuAZOFMghJHCgVcXKR2KPSNwh1lQ2njznG2ydU1EdJGXyHfsPVU7fHrZdTtwf2S5/2NOFnA6ipDVzePK3YHIHqr5gDGdtuFHgYGRhoaBhPyeA/9kDeOTVVVGPKHPnycDskSdJwEwgDuq+5XMUzCQ7B9Emcsjpz2cg7rc4oIXMc7fusbXV0tS/Jzp7BEr6ySplLnHYnhRCGu2KzTlngxXWb3kCHFxRQE0ROPZWFPROkALtsrPJZ5F7c8IixROkeABvlW0FPoIRaajZG0DSM+qmxUrtsDZEuh9NUk+QUUPA04UqOHAzjhFihA5ClxRtGNkw3RhjkixQkHccIlVURUsBkc7BA2HqotyvFLSO0MGogdlla6tqKqQuc84PbKTZZgXZOMViJKuF/qaxnhRjQB3BVXgnd3PdIHK6kuTZhm9zycwFwnK6eE3U1BJ4BGjlI8ridq9kqSyQ6kkuAazhRLJG8HCco9NSSVJwzYeqJFb5ZSC0YC0VvpW00TWNaB6+pW/TaZzeTLbft4OW+jjp4Q1jMHkk91NaAMHHCcwDGQnjhd2qmMFwjDZZk4GhEDQEgMIi0RjgUcXUkkZBJJJKADkkklCpiXRyuLo5UKH4GMphByiDhIgYyoQEkunlcUIJdwUhyieXA2UIDwVxE8qYPqUILBXEXbHCC6UAFU5JEOpIDpwDwmmcgbbFJlckElkOueL6BRDPNnAcuanepWed+SEnxfsl4o9lGyfUpZPqVmna5ExkMZjjZCMxTU1IcmWgnjOXPGPqhnhRiTnlZ5yyGopmvwfRJSn9G9YNHmqIT7BA/2Z6vgdl1MyVv3Xk15zRS/rO1Z9H+Wr/+nkYkiG0dSN5tn6FMNtvzNzaZv0TI+W0kupmZ/S/lo/8A0WcSXRR3Yf3ltmb9wmmC4Aeajk/8qP8A4lpX/WhUvp3yke6Zf9h+R6pKM9tWCNVNIPyXBLJjBjd+iavIaZ/1oD/gfkl3SyRkeqYga5M50OTxI/H92f0VfzaPUgP+Ca//APRP/sGJGEzzdkMSO/pP6Imo/wBJU/m0/sp+H1y/+k/+xzJSS3zwlj2Qy11K9hx8Hr59VsSWCkAeQD+iK1urAEbx9wh/4hT+x6+nPIP+gEuZHqpQpnu/AcH1T220uP8Acu/JDLyVMRkfpjyEv6CFkeqWR6qxbZyR/dOXf4Mf+7d+qH/ilJoj9IeQl6K3I9Usj1Csv4Mf+7d+qRsp/wC6KGXlKkH/APB2v/sVOpdyPVWX8GP/AHZS/hGnfRhCvK1ZL/8AhDWftFZhLB9Fai3AD6EvkQPw/ui/4nUT/wCEdUu2ipLXEbBcLXY4KtDShu2hcNOB+HCF+SrfRa+k9Qv6kVpa4/hK54bjsQrMQN/pC74DRwEX/EF6DX0vcu5Iq/lnnfCXyr/srMta3YtCQDTy3GUmfkMdDYfS8m/uef8ABWfJlObRkHJVoKXJBDdvujClBHAWezyE/TOnT9LLHMSsbS4G7U4QgDZqsDA1pzhcAYNsLNLWSm+Tt6bwFdUcJIheEfT910RuHZTdDf6QuFrQM6Qq/k5N8fGVx4ZGEO2+y54AIUgkjsmudjfGUSub6Kl46leiKYG7lAcwbjCkySE5wFAd8ySfPt6LZXZwc6/SKLxFDXMbnlMwBy5d8KoO/hnCYYnn/wCamb0c90T9I46WEA+fdBdIDnCeafJzgLgj0nKiswxL0k2CAO+AcLjY35zhSHPY0ABqA+oP4dinb8hR0mOx2ggcFDdgZQ3TzE/Vsh5PcoXINaSD7Oue0HzOQ3mb/hnCdsU/AG+ErfgctJH0Ria47Y2K4YJSPNJueVK19g1MJ9kMpZGR0kV2RzATuSmFjWjLWbopeMrjtOCoDKuMOgBf2DUImV/94AB2T3OOeEFzZZT5RgBMJlQHOw33Qsl24RfAcU8Q6PwlKcchbsgDG45A5KZHRvJ822VJL3R8HA7oQqYt8uOVNhauUex4pwzBJBSbGBwMlMM+sgAJeK7HlG6tRwNWogEPiDGsYH3XHOpnDExQS2qeQCNvunmjYcGT/NA0OhbnoY/5M58JpcfRBLZJCAGEBWMMDGNwGZARywHhoCVt54GxZUtpZM+ZqlMpwAPKApeiMDL5Y9u2Ux9RFjDWud9kMq0zXGxLsYIWY+kJeHTDmEJhc92S0H80wNnccSgYWdxC+eL6CaaIfUwD9EMspu0QXDTF25z+qd8t7qtoat/QMsgG4j3QSDnZTfCPcruhg3wq+JsJWEYl/okDIOCpGG8YXdLfRV8ZbtkumA8ao/qyneM4cjKd5RyuZb6qfC2VHVTXGR3iu7hOEvsuBrU3wyh+FD46lvsK2oI7YTjV7cIIZkpxhJGEMqMhvUy9D21pCM24RAZAJPoojYNDtxypTaaHGTHlK+IZHUWP2EbXNIwGpwqdWwCGabvGxNwBsR+6r4sjY3SfbD688clM8GpJz29iuNAHHb3TjUN04ZklV8Y53J+znh4+p7ifQlPjfEzGpwUSWSU8NygmKrfxER7q9hP5D/RbCSDGxyuCeIHLXYKrG0tce+EYWyscN35B9lXxk/kMmCvAGkSjH2SNZFjOoKM20T53IypMdjmOMSx/qqlHA2Nk5dIZ863OAUZlTIBgHZTKXp6Z2HHSQrSnsLCQHRjKDo0RhY+0ULZJXOGHH9VMDagtB8POfdXwsdMzGpu6kxUNHGAHnCCXY9Vv2ZrwKhx+jCPDRVMgxp3WlEVvZvqBx7JzK+3wDB04VPLQ2CivyZQMs9e/8OAe6lR9MVUgBe6Q/ZytZL9RNP8ALjaUJ/VIaMNjAQbW+kPTpQyHotrgHSSuJ9CVYUvStNDjWAfyVXJ1TUcs5+yC/qW5yDeQYVOub9BO6qPRraay2+Jv91H+gUqKKghADnQMxwHYXn0l+uDz/fkKHJWzzOLpJXk/dXGiUgHrIx6R6dJX22EeeohA9lFl6htUQz8xGfzXmslS/GCXH7lQJ6ncZwPzTFpWLn5WUeEemT9bW+I4AzjuCq+q+IUQwIwT7bLzqaugjbmSUN/NV0t6tsRzJUBMjpof1IyWeanH3g9Fn6/qDtHG72OVXVPWl5l+mTAWCqerqCGP+VmR3sq6brOVw/ksOfTZNWnjHpGK7zMn3I38vUN5mcHGqx+Sg1FbNM7VVVbt+TlefT9S3yoOISAD7KNNPe6kZml57I41JdGG3y07PxZvp7paoRqkrQ53od1Xz9aW2nb/ACY/GcOBhZBtvmkIdJIM91IZbTjAw4+wTI1tsyy11suy6l6+uWwo6WGPHGWqpqL71HXyudPWPaHdgcBFgstXI4BsR342VpF0tcnAOLQEx1NiJ32T9melhmlJM0peTuSSuRxebC2dL0m3SDVyD7BWEdjtVPgthy4d8q/iZllCUnlmIitk0wzFEd/ZT4Omri7BLAB7rXsihi2jaAPsn+N4atVlxjgz8fSzg1rqmYD2CmU1joYSC461OkqSSVFkmdnZqP48DUsEltLRMGGxDZODw36cDHCi+Ie4/ddwTvlRJoNdksTvP1HP2ThUEdlD1gEZKK1wGExRQ+OCSKp52IGFwP7lu6EHhd8fI0gBF/gbGW0PqbndLxQBsELS4/mjNiGxKYlknyHRNJ+LBTiyZ+NOAF0BrV3UPXCNRBnNJDmsJ2cQitgpsZ0gO9VFMuFzxTlaIxyZJWJEsNY09sLrZ6ZvO5HoopLjtkpuW5x3T0sGO6zJLdWlrh4eyb475N3FRyQDgpzZGdytEOjPL+4Vzi7lMLc9lwysHJQjWwDPm4TehM4ph9KQLhuQojq8FuY91HNVVzHSzYDuq3iZYRbmVjfqICRrKdo+sKrEVQd5H5z2R2UUAw7Jyr+UVKK7RMNzDtom59Ew1ldjAcGAoQaxuAAnqlMoQlqST4kmrKWk90gfZPzkcKNhYRzS30CQa0HICRaCeF1rADnCW5BqKHYG2yc0rvbcYwhvqIgMZ39ELlgtRJMfdOJwMqvNW4EhjsIbnTuJzKluWAtpZGpYO6C6uiGd91DEcrju790dlOeDhUrBsY57HOrXk+U4C42R8m2UZtKzYvGfsn6ImAaGpgzYDEZfgu3UhlNFEMhv54XGg4OEMySk7v2ChIpD9bI9mdk/5vbGChO0ganEbIZrKWHzPk++6gLnCHbDvkd3zv7puXHyl2yhT323MIHijZRKjqa3NAGtQCWqqj2y5w0YJIKfluQAQsyeqqFh5J/NCf1bCDhkDsdjlFhiX5ChezXgtHYLur2WJPVrs7Mfhc/2sl/A1+Vai2Jl5WiPs2+v/AUzxHf0n9Fix1TcyfK12EVvU929HD8kSWBb8tS+EbIF59U4PkA7rKR9RXQDJcBnspI6mrMDU0FC1yGvIVyNGJJD3TwXtw5ZYdUT/wDdp46nd3aUTjgF+Rr/AGav5hwAyE4VLXbE4WUHUwOzgUeO+QH1/MocFLyNf7NOJ4SD5/2TRPCD9Q/RULLzT908Xen7DlTDGfza/wBl740PqP0T/Gh/qVELtAd8IrbvT53KmCnrYemXIkiJxn9kUeHjYhVDbxQY3eMorLpRu4kQuGS1rIfss8s/r/ZdDmd3KE2WB4DmyNIPunCSPs8fqiURqvTJQ8Mn6gfyUgFuBpxlQ45W54yixuJOxVqAUpqSJokwNinZJ21KKN+Cutc5pzgqpwLjPLJjWPduCisZUYw2ZQ46jGxCPHUNIBwr2j/kwH8G4HdmHD7rrW1o+qlefyXGTEEEPP6qZHWO2ySVWGT5ckYVAGz2ua4cghdbOSdpvyU8VUJ/vo2k+uEj8jUDQ5jRnjZU3gbG3BEFQSADIEdkmQn/AMIt0mNyPzTTZqhn/ZKokdg7sr3tDvkz6FueQf0XMAfhH6IRob7CcZa4eyEKuthfiogdt7IlNsFqE/yRJMLHfVEHD7IM9HbW4MtO1h9cIsd4oWt/nZaR2UltVbKlmsuaR7HdX8so9EWjomuytZQ2158j8JsvT1PUDLZng9sFXTrZSSeZgA9EKa2VjW6qWQZHY9wrWrnHtme7w9dya2Jmfm6Wq42l8RDscA8qNHP1DanZijmY1p5adlfP/jEQ3wfsmRX0Qu8Kvp3ffC1VeQl/k4Gt+k9PbHao4LKzfGfqe1uaZpzM1owWSc/qvRrB8d7Tc2NFzi0ScHHIXlrH9NXCf/eKYAnvwgVfRFBUyeNRV7Y2Hsd8LXXq4z4lweQ8h9E/FHdVLJ9JW/q2zXbDaSsYSRxq3Vpq1b/uvkd9v6s6cqfmbdJI9rfxMceForH8ZeprY4NuIfPp2cx+y1KdfaZ5HU+E1Gnlho+k5Y2EZUZ8MpP8tgP5rzvp/wCM1gurY45nGGZ31Nc7hbqivlDWMbJTTtdqGcZTTlTpnW8SQR8L8fzYG/mMqlrbDSzvMkYMEh3y1aU1DHN4z90MwNmGnGM7qC+jHmG92/OHCaJv5lPgvETz4dVEYzxkjYrSTUdUzPhR62+yrp4KaoaYammHvluFCEKWmiqQH072k+mVBlpaiHeeAhvqN0WSzvpn+Jbp3N9i5HZcamnxFWwl47+hUCU2jNXDpOx3hpMjf5h9eFkq/o69dPzGqtE7ywHIAPC9X+QtFwZqpXmmm552JVZVfO246aiDxI/6huEA6Fm78jOdMfF+92WRtJdw97G7efdew9M/ECy9QRtDJ2skP4SV5ZXWWzXpu7GskPss9V9I3myP+atdQ/A3GCVCWQjP8UfTzZRgHseCn51YXz1098Xb9YZWU3UED6iEHGSNwvYem+tLD1JCHUNX58ZMZO4QyWTNKiUDR6ARlAdE1wwWjCeH6hkcFd1D0SW2gSrrrHS1IJa0NP2Wbr+lpoo3PAa9voRhbknKZI0PGDwpkvdg8juHTkUzThmHehCxt96N8Vrg2Fm/q3lfQNZaqOdml0Yz64WWuXTNTES9gErD6cqSiprDHQvlDo+UerPhZT1Wt7IPAmGcPYMLCH/aTpfNJXU5q6RpwDjJAX2Jcumo52kSQgH0IWGv/QMFQ1wMAOR6LFdpYtZijt6bzE4xULFlHzwem6C9sjutmrXUdfGdTSwmN7T7OC9n+Gf9rjr3oCWl6f8Ai1RO6htDDpbcWj/eom+/eT1/r/VYm/fDKqt8zqq2l0Twc+VVfzMUjPkLzBl4GkvLMtd9wV57yHiIauO26PP7PWeK+oL/ABtnyaeeY/o/QvpXrfpPr60svPSl3pbpQSY/mROzgnsR2KsJaYRZfBnH4m/9F+cVqs/WHw8vn+13wuv09LWHeWKLJEre7X76Xj9wvpf4P/2w+mOsZqfp34jiPpnqKQCIF21LUv8AZxx4Rz2d6r5v5b6Wu0+XXzH9n2LwP1ppdW8WvEv0e+ecHOBt2RoKzThsm3ou+GDuW7+yBURtxsF4K/SSpk1JH0vSauOohuiWkNXqAweVOhqM4OOVmGTywnAOQptPcm7anYWKyr2bOJGkD9Q3KHJGw+YbO9QVCgrQ4Y1co0c24O5SsMrBLjqnuaGv5G2UdkgP5qBrB4GMIrZtGAd0OBbiTkkFkwITzKFQs7URuljLGnBIxlUhq623ymK4QuLB9L2jIIV+053XZYY52lkrA9voVC08FbDUxVDNcTg4JyBU2iSheZ7dgs7w53P2QYK5k7vDLXRvHLXbFGw8omiYxnHqjNmD8ZwobXatvROaC3f/AFTM4IlkVTRZd4kLeeQhR1L4HaXBzCNvupjJ2sA1khKWKGqbwD7qwWkVF3t1NdIdUTGR1Dd2vaMZ+6g0lbLG5tJWxmORowHdnK4lpX0/mGS3/JQ7hRMr4P8AGOD3TqrnBi5Vpj3lkjSx+CCMbr5f/tK/2YqPqyml6r6RpfAu8IMlRGwYFSB6e/K+gaavmgl+TrCWuafK891fRPhrofAm05xgEr0PjvJy08lJM52s0MLo7Jrg/IiqttZb6qa3XKF0U0Di0hwwQR2UZ4cw7Bfdn9pD+zQOqoZuo+laIC9sBe9jRhtQP+q+Ia+hkoKua31cb46incWSMe3BafsvrvhvPQ1MVGbPl/mfp/ZJ2RX+CGyXffsnvw9oKBIws3AOESOTg9gvXqyElwzwltEqZOM1yDyWu0koNVAJG5CNVRZzIOyFDORsQkWQUga3hlXIwxv0kYRWtB7o1ZCXkytH5KI3bk8Lm2R2ywdKi3aySWDB8yjTAAjdG1chRpSdQOUl/wBx9s90cBWdt0QclCjOMIgcO5T4vhIxnE5qakmoUx+47IA+pHJOEAfUrbyXkMz6QuprCMAd05EUzo4KjVHIUjIwVHqOQgkNBDlEHCGOUQcKIMTl0EYKa/hMaTnlAQbOcOBCjuOSjzAkjCAeUuYaCD6gpUHZQxyFIp+ArSyVPosGcKS5RmcKS5aK/Zju9D2r0noFgbb5H6fN6rzZnK9N6IAFBstNEcs5fkuasF9KdnE+hV90zH/uQeBv6qgqB5SM9lpunY9FrYPddCKyeYve2GC6p36TnGUK9zNhtVQ/G+k4/RKnOg5zlVXWNZ8tbCzONeQnSWI5McPzSKPpTVJJ47hu4rbN3r6X2I/zWT6WYBFFtjbK1lKNdfBjfBH+aXD9jbe8l5cf5mlgHfKJdgGWtoO2RhAmcXV7QTsDwn3+VwhgiYcF0gH5JyjkxtZJVDHotsTc7jdVHVVR8pZJ5M8jCuWNEULGjjCxPxLuYis8kA5KnXZdEN9iSMb0e0PndMRkvlcf3XoDHhrcdsLHdFQxCmEhZg4WmqJmsHKE6Fsf9TBm71Un5hwGO6qIGeJUtOdi4ZR7lKXVL/dNtkf80OKzaqe2pnc8Bpfm1UUvRZVYApy1vY7LlDGMgkJVG+B2Kl0TAADheB8rfmDP0D4fS4wybEMABWMGwaoDBwrGAEaTheE1NvJ77Tw4ROgA8uykVoApjhCgBwE+tGKYrmTluZ0oLCKyHkI7xtlAh5CM8gN3UfYcuiNL9QRYiNt0GfchKM4Csz7sMkawx4JKPKS4NPYqnrZjG4bq3gkD6ZhICCcfZHJMLG3AARMN7BMj4CJgqVtoXJJvkwnxEtRdEyviZ5m8/ZYallcJG6XckBez3eiZX0MsD25y04XidVC+33KWlkGMOOP1XpNBfvjtZ4Lz2hVd3yQ9mnYA4AjB+ykRHcKDbXh0O5yVLZyukefJrNsb5XZWeKzSDhMjIc3Hoix4HKAbB4KaV5pp9hgtK2FpqxVUzH53AwVm7rTAjxGhSOmaktlMD3bHhKlHJsrkW3VNojvtgqreWguew6c+q+W6qH5WpfABnQcZX1tkZAzyvnv4r2KOzdSySQxBkNUPEbjjPcLseIucLNrOB57Sbo/MjEpJJL1p40SSSShB6c0nVympDZEnhlMvrdXNdiKU4J4KtSzAzhZJspbgK8t9cXMa2R2cLo0X5xFnOug1LJPGoI8LsOG6aMFpIQozpcM8LcXTfteGW0btlIjfg8KDBINOFLjOTwodeqwmDcJx3QmPBG/KLnKiNsJnGozGh3dDxnZIAt/NGksDAr2kIUpLSO4RckjJCa9mpA0MOxvdgZTKiniqojDMwOafVIDC6H57IJQUi010yngfcem6sT0JdJCfqicdiFs7B1VQ3n+RkxTtG7H7foqVwa4YOD+Soq6zVMNSK+2TaJGnVgd0pwcWaNLqZaeeU+D1dp9k9YPp3rtzv91uoIcw6T6hbSkr6SuZrppmvHcZ3Cp8HoaddXb/AGJjkmHBSykACRhQ3wmu0FbwnDlMacNCeOVDRGSYccJLgIwuqDFIenpiepgIIGgHICI3lMTxylBhBwiIY4RhwjDQmtAOwR2jAQQDnhGGwQt4HxSQREag6j6IrHb8K8hhYs5GUVNYAG7IreyhY9n2RwMITBnKMrHxjwOT0xEbsVAwjHFu6MH57IbTkcIkYyVQ2MQjPqCMOEyMbBEDgNlYZ1qK1pJwh62N3c7Caato4PChCdHGGjU4gJ76qnYzY5KrnTvfyU1vOcogm8kiSuc7Zgwgkvl3cU3T7pZ0oyxaGjsERMByMp6MrIkklwkDlQW2h7SnEge5QXyCNpJxsFkeoevqG1+SB/iTb407hGzNddCmLkzUXC70dthMlVJo9F55fPibJLJJSWppdjbxPT7BZCvut76lqnNdO7S48DgBajpro5sTGTSxg+ue6hyZauVv4lfQWytvUnjV0j5JHb774C29j6chgYxxiGkck91a260R07A8sDQeAArCOEjYDACgUE5PLGx08cbQ1jQAPREAwnBq7p90eGx/R1MLuxISPCC5xydym7MirGEkfoHHKg1MoZzwu1VfHDGXO7fusnX3ea4SeBSahknUfRMjE5uo1EYrA663507zb6HIyf27qPR0kdO7xNGXkbk7p0FEynGs+aQ8uRHS42DeFqhwcPU3Ox8sdLsNlEkJKOTq3Qnt2KZ2ZG8EY90Fx8yO4jJQDvqRPkz2TGEY7ph5XSMoSJxwYbJcBdgqy413y/8AKYdzuUq25MblsZ82OVRSuklcXPOSe+VZzNRqV0jlXKZXayfZRXkYT3k53KjzHjdTJyrJ5Yxx32KYeUgSe6W2FcpGSdhw8IR5KaSc8pyoS7MCTDunaguNGogb7+ihFPe8D6WEyE7ZU7DYIXvOPL7qTT0opoxqDeMrM3y4umqHU0MmnPKj4NUXtRGqJ5KucuccjOGhW1BT+FEBjzHclQKCic1/iP7DhXEQAbgBKbS7NlUG3lhOBjKAS4d05zvdAkcMEBInLJr6RyaqEY5AwshdrgKuc6Bs3IU69XOIsMDDk+yz7SSSDuUmTwZLrecDX+fhKGFznAFGbG5xAAVhS0ZwHEAIBEIStlhAYKPIBIVnBTAAZHZOjgxgYCmxw4AOEs6dVCQOKnA7KXHGGjGOF2OMjAAUgmKFgMp07ZKhrjWl2A2bzsqi5dQRwh0EO7uMqHeeoRM59NRDyN2LwefZUxOdzylOfow6jU4zXAUkj5ZNb3EkpicfX0XCM90maMWc9nFzU31XHkAboJ3yMoG8F4yOyPVNyU0QOc4HB/VSRTuDc4VdhqH7BLo5Swd9uE4Mcr2uXRHJRE0ZJwp1FRlxDiMJ9Jbnuw5wH6q3hpvDABC3aXRyxukYr7vRykgDGjAwprWkEJU8J22UoMAAC69dGxHPnPPLGDcDdEckdkRa4RESeRJJJIiCSSSUIJJJJQg5dwUhyi5YQMjCgmcsgsFIcp/lTDyoTOQgIwkSMIeSlk+qgwR5XEklCCXXZ9VzO2UKSqa3bGVTe3siWQ3HKaZGt7qK+oL+FHdI5/dJnckM2EyWr7NUaSY4+6Fv3OU4/dZp3NlqODoeeV0ZPdNAwmSTti5Kzzs9sKMXJ4QZI7DKrai8U0Y+rce6rZepBgtbIs1morXsfHTTn0jQmXHZc8YeyyEl+nJJa5RTfKsk7/usk9dXH2N/gWG18cdh+6b447gLE/xyr/qP6povtWDnP7pD19TL/gWG48fbcJjXtOcFZFt/qdg4bfdS4r/AB5iSe+6X/MqfstaGxH10IWt4ITjDrCzLutK0H+dY5v8AwNRI+tWDHi2upZ+S+HbD9Ou6L7L0wDONIXH07MfSFUDra2HZ8M7D7tRmdW2mQYMuMq1uh0RTiyU6la4/3YTDQRHmBv6ITeorOTkVIGUcXy0PAxXwj80XySL+1gnWumPNMz9AmOtFFj/ssf8A5Qj/AMXtTiMVsZ+xRRX23Yiraq+aa6ZW2HtFY6zUedqOP/yhDNlpf/kSMf8AhCuRW23j5lqeKql0+WSP/wAyOOotj7BdNMv6SgNipP8A5Ej/AECX8BpP/kWMfkFdmSnJz4jP1XPEp/8AvWfqmLV2/sn8Sh+ijPT1KeIox+SaenqYcsZ+i0GqAjZ7UFxZnZwTlq7P2B/Bp/RSix0gOfCZ+iJ/CqUbCJmfsrUtYRjKE6AY2er/AJdntlPRVLpFabZDyI4xj2QjTQxbtjaPsp5gc7OCf1Qfk3ceZNjqUvykKloZS/FEB5aBgMChujJOQFcut7n8ZCDJangbOBT4aqP7Mk/H2x9FVpHqloKly0NTHwwFAMVZ/wDI4/VOV6fUjLPSWR7iwBb7oboiDnKlilrD/wDDnCKLfUuAywhF8v8AzSQj+HbY+IFeYgUIw7q3FrqDvhFZa3DaRuPdX/JhAavFWz7RQmEDkIfypcdsBaVtFRMz4zmj2KFKbTCfM8ZPoFP5if4or/g+OZvBRi2vcM+IP0SFtkP4wrV9zawmOCj1N7OKivNyqeI2Rj2CZHUzlxkU9DTX/S5EcUMUWPGIK5K+gibtglONqrHOzJITnlcFjYDmTKNWtPmWSfA//pwwQZaynDsMBQ31ErhiMYVwy10wH0hFZRQDhgR/K2GtJdLtlC1la47tyEVtNP8AjBH5K8MTWjYDCGXMzu1ArcEWkjH8isFG4jdL5Q+qsC9gH0hR5H7YwijPc8k+Kqv0RTB64z90J0HKOXEnZDOT2T08CbFB9IiugHohGJrclSSzclDMOc+6aptcHOthl/aiMXY7IRA/pUo05O4XflvyWmLcjNKuT7WCukZtxhQ5Gv3VyYW75IA+6jvNE0AukGE6M3+jPKqM+3gqfNuCf2QjE/nScK0fV2iMHLwSoct1oACY8uI7BMzN+jPJaer8pEYxP4xuueBUHiNPdXiX+7jx3CGKyvk2bDhWnL2hTuoX4nXUr2AFxG/b0TSY2Dzu0pj4K+c5LtKEKKQPxUzAgIoxyKlqVHoc6sgacB2ShOqNYIDVIENAwbnJQ3Ppnf3LRsi+Mxz1zbI5bLIfKE7BGMomoD2Q3SsHDtSm1i5aqL/JjNOey62ObtHsmmfHCa6qlxgv2R7Mi/5UAuwGXEApjqjy6fF/LCA5+eSd0wMDvwq/jBlrPUBzpA4kdkER5yiAb4yithc7Aa3lVLEQ4SstxwAjgcSPRSm02wOMJ0VJVjBaMAqR4bgP5rw5KnPCN9NOOZIBgNxuiZhaM6S8ohjgHLTlP8oGzQlp5NcFhEUyyAkMAamkTu5kGD7I2QTkNXHH/ChCTeSMYcnLgCiNaG8bLjpWN52Q3VcAH1qPkPfH+pkloZyTuFxzwdy3hV0txiH0u/dRJK+oecN2CH40D80Y9F0ahrBwMBCNxgyQSf1VH4lS/d0icwY55VqGBT1Ul0WclyjJ2YcBCNwDsYYVFDSUQRYxkYRbEXHUzZIFSXcBc8SfGdeyUUfAxypUNFISC1p9UPxoZ803wyM6R+cOG6aA8nDdyrWKii28UBFDKVn92wEq3BIJTbK6GGpI+jKmR0xaMyY+wRwSDsOU4OzzshdaNELGB8Nh8rWYITxHKMeQY+6JriafMNz6JjnvlGKamlz6oHWjRGTY9sMenLwNu5QHSQAnE8X2y9JtDcZ34k/ls91Jp7fRM/7TNGMEg6nLPOG0dCTXZCfLO4hsAyONk9lDVSYJad1YTVltpWhkOmUjYBoQRWV020FJI3PfCW0jTDYxgo5ogDICQuOdBFgyPDVJZRXSq8k8pYw8hSo+nbft4zpJPXUUpo0RjKX4op/nKUkCLzO7YUmNl3mP8mLLVf09Db6NoEVMzb2CO6tawYaz9AqNUKbH+RT0VouVQ7+eGxgd1ZMsMY/7RUEAf0lI10rj/KjcShmS4O/A4Dspg0RhGJNENBGNBi1Ad/VIS26mOrw8FV5iqJB/NeQmfK052nqNggaL+Tb+JZuvlNGfJgbIDuo8eWPZQ9Nni/42o/dBludsiGGBhwgcclrUP2ycbrVyfQeUIy3J5yXbFQP41SH6GZ+yC+8uAJa38iqUcFPUx9ssnSVR3dP9wuHLhuVRT9UGHaURAKtquuIIWnw3anegCJxQiesqjy2bJo32SfpBy84Xm1T1zdJsiHDAq6S/3qoyTVyn2BUjAzWeRq6ienT3Kip86pm5HuoM/VNqYD/N/cLzIfP1Dy6RzsHuXFE+UdnBKbsMU/JS9G1rOtrfCcMOT23VVU9bvLcxNPtus98sDy0FP+X1EADCYq2ZLNZbPpk5/V91k+gkBQ6i8XOrbpfM4A+iLFQgjBYpbLTKXDRHnKJQyZ3bZLuRTuZVSj+ZK8j/AJimijLuXH891p6ex1DsDwxhToen4wcyMwijU2R5fZk4aEDGRsp1PbogcsiyfccrVx2elZjyhTIaSmi3bGAfsnqlPkrJloLNVSH+XCApsHTs5I8Zq0rWgcDA9gieLABvJ+yNUx9k49FRT9OU+AXEfoplPaaGneHMiaXeqM6ugZkasqI64NyfDOSjcFEZlMtNLGNzpaPyUc1WCQCq99xkIOs7KM6sjcSRJlL4AlPHRbuqyeMKNNVkbEKrkrXcROJQGySvOHvQ7sgxlksjWOPol8xIfqcCoTSSMkpweTwrUcDcol+ISckhd8RuON1FBz3RRETur6GpZCmYdgl4hx9KTIs4PAR2xwAD+ZuoFsIp1k5R42Pdsdgi6oY9iQufMj/gu/ZRBpqK5DMhORr2Rw2nhGrSMqEalzvqOcJjp9XO6ZGGSvlRPMzTw1I1DSMYVcat7Nm8LniF+5JCfCGRUr1EsDUZPITBMeM8qEMu75wiAnPKeq32Z7NRkk6spaiOEwNJC450LP712AmKLM0r/wBj/mZeNYwkZiMDYqLPW25jcszI/wBAgCSpq3iOKmAbjOfZOSM8r03wT31DQOQhiriO2vdDbaKjU100waFKip7dBjWQ5wRrgBzbGAyS7t4SbQ1BIOkY91J+Zp2/3QTTVSSfUNlTlkvs7HQ+Hgyub+RR/wDcYwAD5lEPiSEBgyiMpQcF4VlbAjnMP0DZcDnbroDWNIJ2CE6qgZnLsKsgySR0k6gcqQx+W8KumuUMZw3cqMbpM87EAIN4pMuyWN3cQEx1TTsH1qpbJNLjU4lFbCXEZVfJ6GRhuJjqxpP8s5XPHncfqOPblDZCeQ1SGxbcKZbG/GNBB3JqM/snluoDAz90VkRwN/3T2+Gz63YQOQagRhSTPIw3AClR0xIwdl19fTQj6+PdQ5r/AE8Yy0b/AHU49hNwj2WLKcMweU4s91lazqt7XaY9ttlWydTXN5JEmAqMtuqhV1ybmaojhGp7gB91BqOoLfTf3kn6FYoVlVUvL5JnE/dL5R8w3J+6ZgyWeQl1E0lZ1hSxsJpsuJ7BVU3VFTJ9DXAlQo7aQc6QpMNGG/hAwrUcmGzU2z9gZrhdq0aRK/HscIBgr34a+R5HuVatp8AYAH5LpiJGMpijgzyU5ctsq22+pdjJz+aO22POHSR5UsxO1ZBwfunhtQRp8f8ALCLAtpkX+H0u2pob+aK2C3sH1DZddTOOT4m6CaN2frCYsCtk/wBBtVvG2kJa6D+kIPybv6wl8m7+sK+AJKUfQf5qji3awH8kQ3SADIjBKiCEM5wVwaT+BqDbkW7Jx6WAjrizO0eR+iabg07eGU3LP6R+iWWf0hX8bB+aeMCM5O4bhL5iQ/UE/wAp7LmG+ymAMtjfHJ/Cn6n90gGg8J2R2KrAMpuJwSyAcbpCepB2clgeqWB6qYA+RjxWStH8yTCE6reX/wB45J4B5P7IJa3Gx/NTCDjNskCYkZMp/VF8dwG0zv1UAsTizIxlTAz5J/smNr5hs2dw/wDEuC6V43bVOH5qCYi05/1XA1wV4LVtn7LSO/XZh2q3I0fVF3af+0k/dUzh7ro2yoEtRYvZoo+tbqwjWWkD2U2L4gyHDZN/XhY/UfRBdGe2yFvAxau5dM9Ch63hcN24ypcPVkL8aTufdeZtJ9E5r3twWkg/dVvY+Ottf5M9dpL+Zdy0Y9cqfH1DAwYLCvGYbjWwnyzuA+6lx9RXKMYMuVFLPYyOvnE9hj6gpJeWkKdBXUbw3+aBleOQ9W1DAAYhnufVWdP1nA1rfHBb7hH9r6NEfJtdnrTZYCMsnByjQTOafJIT+a8ypes7e8aG1b2n0VxRdSxOcNNVsf8AEqcUbavKx/Z6AyqlwMud+qKytbn+aM49VkYbwHYAqSpzK2R4BbKT91WxGyGu39M0Xg2+ofqfQwuJ5y1R5el7Y+TxYC6LPIDsBVkNXUcBS21dSCCckIZVzXTNtWopf5CHTd0i8tLd2ObnLQ924TW1PVlA4xVNB48Q/wCJHvsp8NeBjV/kp8d2g06NZ+2Utwl7NsLa5fi8FGzqJse1dSSx/llSo6q0XCPTHJFLq/CdiFPfHSVhxLEHA+yjz9M22ZmadphfzqYqSwaY2TXeJIjSWShnZiNmgjfLVFltL6cHRNIce5CdJYrrRDxbZcnF/dsh2IQW3DqSiOauiFS09mt4TM/sXdGqz8oY/wABY57zEzQwlzG8ZKRr6KY5rrWA8bOdp5Sp+pbfM4R1BdTP7teCMKxZBRXJv8iojeR7pldzr6OZqPGae7pFHLZ+mauQvpKh1HMdxnhAbF1DZqj5my3Fz3D8TX7EfZXVR06Mgt0jKD/DPkm5H+a3U6yWfuPIeQ+lFOW6uJZdOfGS+W2ZtNf4C8A4LgCvTLJ8U7Fc5Gxue6Fx4LtgvF56aGoOJm891F/hRbk0FeS/+l52/JdKFsbOGzxGv+n5VywkfUVFeaeqAdFM1zTwWnKmgU0/mdGwk98L5Wt/V/UfTMozJIWD3yF6B098Z4naG3ORoz6DBWjZlZR5zUaC2l9Hrs1ngc8uYQ0HtlVtVapnOwwBwHqh2frG2XRjXw1DXB3o7dXbHslGtjw4HulSyjE049mRq6Z0L8+G6N3qOE6Gulx4c7RI333WqligmaWysa8H1CqamxQyEmF+n2KEkZFTVWOkrm+LRS+FJzjhVkk96tZMdXH48A9s4CtJqe5W9+p8Lizs5u6LS3inkHhVUYc3g5UGRbRQP/gt6iMTo4ZAeRjcKiqelK22S/OWKqkjIOQ3VjC2dZ0faLgDUWmU0tQd8tOM/cKiqaTq+wv/AJ9MK2Bv4mDfCgzvsndN/Fu6WGQUXUlLJNF9PiA4Lff3Xq9g6qs3UkIfa6tsrsZc3PH/AFXiYuVlvIMFZAIpeC14wQVDdYa60zCv6frXROB1AMdgKmkwJ1xa4Po/B7jC4dwvI+nfi/cbaWUfVlI7QPKJQ3lenW2+2m9U7am2VbJmuGcA7hKlHPRllFolnlBRtQ790wnUMKkTDINXQ09QCHMAJ7hUdf09kExgOHotI5qY5vurIpNHmt06ZikBDosfkvPupvhzDVscYoWNce+lfQNVb4aoYeMH1VJX9PvbktaHtPCTZVvNNeqnD8T5YfZ770vN4RY58JOWhR7709031rShlZRNpK1oOmUtGsH3X0bdemaG4RGCsgIA9AvPOofhtXUbzV2ZgqW8mM/3n5LJPTJLB1qfI4+6Lal+zCdCfGb4rf2fZjZ7o6TqnpQjBbJJiWnHbwn48nfMf08L66+G/wAWOh/izaP4p0hd2zyRtDqijlGipp88eIzsfzK+YIZYntdBURbk6XxyDfPoQVmbj8O622XOPqb4f3Z1musBLw+IYDj2+3f9V4rzP0nVqYOVXDPpP07/AOId2iaq1PMT7ufHq7ZKjyxHnGF80/Df+17NaK2Lpv422o2yr2Yy7U8epjuxMjRjJzjzNGP0X0xQ11uvNLHX22sjqqeVgc2WM5a7O+x7r5T5Pwd+iliaPvPhvqPSeTgpUvsJBVSR4a7f3VpTVrSBuqp8eDwhEvaMNJH5rgzocXg9LGe40jZi4jZEDs43VFS3UMaI5gSeMhWLJxsRv9ikbA2i1im043R45NTvqCqhIXBFZIWndLwDsyXEUgCkMeCB/wBVVRVAOATv91JjlBQYYp1snuAJBHIVbX2amrH+NkxyH8TVNjftgomQFXAvDXBnJoK23uAkPiR9nDsnw1bXcEFX0jQ4YIBVVVWoOzPSgMeNy0cORjVLAgGy4wAnOa5g1MCiRTlh8OdvhvHYqXHKDsdwryiwkUwf5ZP3CBVUfhkzQnLeSEZzGkZGyGJHcHhEQraq2U1xZolY0O7HG6oSZ7RUfK1eS0nEci1zo2HcDSfZRa2hhuEBp6gZ/pdjcFOrucWBOG9YB0NbDVRtp6oNd2a4r51/tL/2YaXrCGbqvpCNzLxG3U6LtUD/AEP+a9nLanp6pENTl8RPleOy0tFcYKqFviaXNI55Xd8d5GenmpROZqtJGyOyS4PyIrKOttldNbbnSvhlhcWSxvGCCFBfE6El+MsO4Pb7L78/tRf2YW9bwzdbdFUbTfGtL5YY9jUgegHJ5Xwk+Kpoaqa23KkfE+J5ZLC8Yc1w2X1jwnmo6iOZM+Z+d8NGMnhcMgOcHtAyMKJOPDYXAcKXWUctDLpIOg7tJ9ELU1wwRlevqthdHMWeDt00tNLZIitm1AA/iUWpj8N+BwpFTF4btTAdPOEMPZUxlgwHcbpNsMsODwCY/PJBXHt3QtD43aSDsnF+OyySi+jRnIslPBOUPITwRlHWCFHCSQ4STQBJh3T01QgmZ9dgiHhNBzuE48IyAgTkoNT2RhyUKfkIGQaiNQ0RqFSyGdPCGPqRDwhj6lRR1wBAJUSTlS3fSozxkpcwk8jHKTTfUEBSKcgOCuMsFvosY1K/A1RYjlSvwtT4Mx2jsZI+69N6PGKAfmvOImjIzuvS+lABQDC2aY5XkX9haVZIGAtdZsNtLDjcFZCq3e1vqtdQgtomDgLpVnl7nxgtIRln3WT6/qSWx0w7lbGjA0ZxwsB1dVw1l8ipmbhmzvurnLEGhVEN08lz0/H4dPB7tWmtI1VrXO/CqC2saxrGtGAAAAr+04FST6KRXHBVqwWbpAa4Ab7p11/mVlNB6OBQqJoNe8uGccJ9a7VeYHJpjfZZYwcEryv4n1rmzspQNiefzXp1VUBgLsYxleKdXVb7hfxHIctB4/NKsZt0Ec2Nv0jRdOgQ29paiXOpOghNoyyCkjawYGlQbjUZGEI98zcisqX6psnlTrewAAgKre7VKCFdULcNBIXP8nZsrwe5+kNL8l28c8ky+bsrKmboaCoMbfEqRkbBWkYweML5n5TUPLR968VRiKDxDONlZ0zODhQoGbcKypwA0LyV8t0uD11EeES4gNkrgAKbb3ToxxhcuP8A2X9Vj9m30U9NwiSkjC5BwuT8qATltQNx9Umob00Ow0uJ2TorLMrsxyUnUNS+KVrg/GNsBX9lldJSNLnZ2BWBvte41j2yHZqvujLw2eMRa9WNuU+dL2bjn1aqM7nBm2Zyjtw4DZR2qRE7Sdwsa6Oi1kUjPfleT/EW0fKVgrmM2cd8L15w2ysr1zbG1trcdGS0E5XQ0V3x2I4nmNL81Lfs82tNU44a4gZV6w5aCsnbnFtQIvTIWmpagDDfQL0y5PnzW14ZOiyBgqQBuEKNHOBpwoEgdXGZIsDfZVMcjqGobIBtndX2Q4cKsrqUueHjglAaa5YNQyYVEMc0Z2cAfssP8XrALv0464RR5novMCOcd1qLTVA07YMbgYUqppWV1DUUMoy2dhaQe6bRb8U1JAa2H8irYfKTQQN+V1TrzbKm0XOot9SP5kLyCRwfcKCvbUWK2CkfO9RU6bHBiSSSTsCh6SSSiIPCkU9Q6FwP7ZUdccckJ1ctryKsrUkaigqvmIg5SZIyMPas1Q1UkEjXNd9wtBT1bZmg8ZXRqs3owW0uL4JME7WkayrGOZrgMd1UuaG+bujU8++MbBPUhtOpcVtZbBxwpERzjJUKJwcAVIBB3zwiOpTfkmZC636ggs7IrOyZnJvVvAZmAEpBkLg4XVMF7sgCDlcUtzG4zhRnA4KrGSbsDclLJTXAgriW1kr5CBcLLBWP8aM+HL6jbKg0Ut36fqxUQPc4DZzSSQ4K+1t9UKcB+3KVKORita6NJZeuLdX6YKnMEvBDuFpmPa9oe05aeD2XlMtsiqPO0aHdiFJsfU95sNYaavbJU0uwA7j3CHB19J5TalCw9SAynKrs3UFsvLNVHMNWN2H6grRWlk72n1cLV9o/JTxymJ6s2RlkIOERRxyiDhQepfsKz6gjN2QmjB5RARhAGmg7Zu2EQSjAOFGHKKCMAEqDE/2GDgCNkZrtXZRhJjsiNfnbCW4ZHRbwSBhEBwcqO05RBwiwGSWOxnZFDtJxhRgcIgcAoGiW14wi+IPT91X+IfT90UOKJLI1LKJoOUZQo3HA2RScqxpK1490RkmRnHKi7tHKM0oWshRkSBUPGzdk7LjgEoGQng90W0buRJxkbpoBBTGydsImrI4UwTchw2G6WR6hCc49kt+5VpA7+cBk5B+lEVl54HJpmwcYTgR6quuF3t1CCJ6gDHHujFWWqHZYiUEZxn7KpuvUdvt8ZfNNhze2Vlrt1pI+N0dtDo3caysbVOlqZHT1Mz3uJydR2VpNnO1Gra4RcX3resuDnx0b3Rsdtk91naWjqK6fQ0FxPLipENulqHfyWbey33TvT8EEbJHx7gZOe6PBzZync/uAdNdMR08bZJIxj7blbKmp2gNDWgAei5FC1oDWtwApTXNYMYwijHPY+mrCChuBjKQcG9v3TNedlzBxlE+DUoqI9MTXTBvIQnVIDSdKKMc8gzlt7DF7W8kKsr69kTTqOAOVFuV2jgjLtW52A7kqgdPPWu1OdpC0Rhk4ur10YvbFna2srLsfDpwGRZ3fnf7IkNPHTxhjG79z6olPGIm8JF+rbCaqziX3Ox5YNDJGeOEUnuhZABxvhMjBmac8ieQBkqLLJq7LskudlHkd6J0YCpzOEklCJTydkJz4425ed1MfszWXKKFnAVXcbgGgwwuBPcpXGueW6IjgHlU8gOMo8M5Gq1aktsBjickkoRO2/KTtnFCOT3QtNnInIbKRnIKjP3IRHnPdAPGVHwZZybG8BDc4kblPJymjuijHPZllJsCeVzXtjC6X47JpI9UbWAE9xzLiVe2m2GMCpqW/8oPb3VdZ6E1VW3LfKzzH3Vn1Bdm0EJia8BxCVkfTHHLKzqO9eDH8vSnDicZVLQURc4Tz+Zx337oETJKyq1vcXb5V5FF4bBthIlPJrhHdPIRjGtA3T8jnKCXAHbZNdIB5dXKVNnThwh8smdgs5eLw1odTU8nm7kIl1uwaHU9O/wAx2Lgs8Y3SO3O57pLlgXbY3mCOAFx9SjwQOJBI2UilotRBI/dWMVMBjypcpoTVp5TeZEWnpRt5cKwihxgAYRGQHbAUyClzwAl/IdanSqPQKOD1b+6lw0xJB4BUmKmAwSOEG5XKmtVP40uNX4W+qGU8D2o1Lk7O+Chi8SZ4bjfGVib11JUXGV8EJ0x5wSO49EG43Sous3ivyAM4GVGig0nUQEGd3BzNRfJvEQTWuHZHAOEcNYG7jlDdgBDjBjkvbI6bnSOF1xa13KGG69glylgtLIxzi44CPTU7pSNtkSmt0shzjZXFJQ+FjLQgNVdZDioMAZGF2eANbjCtXRBrdhwoMx1ENARxg5EtcYRK0QEuwG8qdR0ZDtRGCpNLSatyAp8cLWYw1dLTab2zi3X+jlNAGjGFJ0AYwuNaG7BE+pdSuG3gyyk3yxzQGhPJymuXVpSESlkMkkkmAiSSSQBCSSSUIOSSSUAchLuSuLo5UBYvMUsFPGMbpYGM4UByDSXdXOyDJVNbtjKpvA1LIVDlmZGNyoslTIdm7KKZnO3KzTv29DNhJkrSTpjdyopkcTuU3G+c7p434WeVkpdjFHA9p/ZJR5KqOnH8wqtrr/HGMRO3Wey+MOZMfGmUvxLlzg0EuOAFDqLtTR7iTcLNVN5qJjjXsoEkx+o75XOv16j+Bqr0Tl+ZoqvqB7/LE8KonuVVKd5NvTKrH1BB2CQdnlcy7WzmbKtLCPQaeqc4jugCXUOE0jPddAwsll2eGPhBQ6G6ikkuE4Wac8Dhml3omYIPCOS3BwmsY6R2lu5PolqbYUYuT2o4XHBGMobcknAJ/JXlt6crK9ww0gd9ltLV0OyJo8ZrdxyQnQg2dTTeIu1Ed66PoI04PK4aNjtnNCmaW+iWhvovlieej7Jgr5bfR7AwMOfZRH2mjO/gMH5BXD2cboYi1YwFC20Uxs9KDnwWfouGzUpGGwsz9leCDbhdFP7KbQk2Zw2NmctgaFz+Czeg/RaURYGMYXfBOMpbSRIyyZn+EVHoE/8AhNQOTgLRGA9gnGnJVYQzJnvkpBsXE/ml8pIe5H5q/wDkNW+Al/D8b4CvgJZZQtpKg8SkZ9yiCjqxv4/7q6bR4/AFwUhzsMYV5DwyqFNVjiX90QQ1QGPG/dWXgYHH7ppid6Iy+yv01AOdf7p4FSOXqUYyOy6YzjjCnATntRF8WcbFwS8YjfSEQwZOyaYvZRMr5ATpS4bt4QfnAD/2aT9FJLGg5yuvaNgCjzkKVkl0A+bJGRGR7YQzVyfhj3UktB7JmhvOlHEzytkiK6evP0twELVcH5D5Bj7Kbq2whgA8FP3JC90pdkR1OJcePuQnChpRuGDKK4And4Q9BccK00Kkpelkbojbs0ABOy0fiCQpidyUjQ043dn9VorlHrIt/IulgE9+e/HumGTI4zhF8GnbnzY/NBc+kjOfGC0RWejNOU3+UkhoOOAgmVwOA1GfW21o3qQocl2tzM/zgVogpy6iZrba4/lal/1D7keijOjcclCff7e3I8TP5qK7qOhGQNynLS3T6RzbvK6GqW2VqJT2PJ/9E0RkbEqum6ka3aFo3UGa+1EnBwnQ0F8n0YL/AKh8bTHdvyXr4mNGSQPzQHSRNG7gqE3Wd2dTygurXnYuWyPjbfZyLfq3S/8A0y8fU0rf+JhRHXWIOIDCQO6qnVABye6H8yPRaIePkvyRzrvqhWfg0iwnucuf5LeVCmqrpLwzAKE6ukj+gBBfX1ROfEWyOjcVwjn2+dlP8pDzBdH7ufpHdcNJ4n94/J77rnzsrx/MOVHdMXZySE2NDhw0Z35aEuwvyNAN5HYS02sDGB+ijOJd9Rym6R6K3XkW/Jp9JBzU0zPKxmw7rjrg4fQP2Ufb+r9kiWgbHKD417Ey1030EdWVJBy7CCZHOGC5IyAbYQTKTnDeUXxpCXq5P8mOIHqmagDthMLyeyF4ZedjypKOAf5O7oMZhgjIQDJvwutpnudspDaR+MAYS3hdhqFmofBEDnngLpbM8jDdirCG2SHzHGFLZTxRY1JcrlHo30+OnLllTHTPfgY3UmOgx9Q/dWDzG0YYwfdC1ufsUmd79HV0/j4Vvc+xrKaljwXtRH1EAGmKPTjuhukAOOUzLB5kDscuzcoxh0Ee+ok2YRhMex43PdR5K1rDhh3UeSsq5Nm8KFfITnHByShyVcEQyX5KrnuqDzIo5BzkndWlkXK7BMmuPm/ld1Hlr5iBkhDdho+yi+JlxGUWGId0n7DOqnSDcoYOcrh37ZRYonvJDG5KtRyC5t9kZzQV1jfbOFPitVdU4McOR7qfF021gbJWVfh5G7Woi97KMDJwFKgoJJ92xkkK5ENqoMOjxK77Iv8AEGDHgQhpVdkzkgQWWrdgmMNCmxUVNCB4zhkJSVM8zRl5A9kMMe47uKKS2jYp+iUJKSP+6hY7HqFw1LsENAAPoENsMuRobqRxTOABlbpBQ5RrqhOXoCXajyEmQkb45UiT5GEZdyozq9hIbDyhbRohU8hwzbdLTEPrGfzUcTVrxhrdinNoauQ5lOxSpzNMa5PpHZHwtx4bR+qb8/URnEDsFS47XSAgzzEeqnM/gdFh4eC73QOw1104/IqHG71wDHag32Umn6anqHNMoJIGN1Pf1LQU20b2/ooFT1pA3JjeSfZZ5y3MeoUp/cy1h6fhpmguYAVIEYi/whZOXrOV+41H0wVEn6pq5BpEjigGq+iC+03DqqmYMOk3UY1tM0/3uVhjdKyc5DzkrmbnNydvultZLhrMfibR91pWjImG3uoEnUdMwnh2PdZ1lvqpXZly0eqL/DaZo8zckIdvJU9bZ6Lb/ayKPIh2P3QP9qrhMS2I7BVo/h0BOtnCG66UUBHgR7osC3q3LiTLN10vkxznGUIwVrz4k1QcnkZVdNfarGI27EbKvlrrnK7UJCh2gfy4Q95L8OhiB+Ymx+aj1NztMDcsLpHegWfLZpnfzHk553Tm0hJ27otgmzVzfRZTdRYbilg0n3VVVXa8VPlY7APspkNCNi5SI4Q0gMaMqKszu2Uu5FEKK5VLszuKLFaYi4Ol7chaKOjqJhgR4CIyyP8A+Kef2RKpsVKcI98lH8jSMAHh5T2wB+BFDjStFDZ6aI5I1KV8tTgAMjAwnQ05nlfh8GYbbqqbGmLZHjsUuBqOAtC1rRsD+ydsBjKfHTr2T5slNDZIAfNjP2UxlopQc7beylgYJI7rhLncAhM+JFfKwbaOlZuGjIRoxFEMNATdLvUputoO71Pi/sU78EkTAdl0yZ7KMZWDuguqOfKFWxAvUxXZKMw9Ew1bhwAoZqPZD1/dXtJ/LgTDWznIBwo73TE7zDdDLw3gc+yDM8nglTaC9XH0SNTQNTnKO6sibkNdugEvPJTfB3zhTJFdKx8DzUyPPOQVwDO+eV1sR22RmxdjsgbNUISmgbG98ZRAQNgpEVOOSFKbTwjcMSW8joad+yK2MuRo6UvGcDCkeGxuNIwlpPZyvDZqhSvYo6WEYLhuPdOIaOBjCa5wPDkJ0x4DUYzhBtk3y+oQS9x5TcI3EVOwJLKOMBDLnN+k4TgwlItx3RxrbMd9yj2M1PPKWXIjWjKK1rcfStUazHPVwiCawuOO6MIwzckDK4HRxg63YUeevgaRl3CfGGDLbro+iW18LRu/j2QH1gORCMkKM64Q4Aa0kprZa5+PApj907ajM9TOXQfVdpjiF4YPsjw9Pukd41bcNWeQoZhvbsfyy0fdPNvujyPFn0N9yqcUhTsbf3FmyhtFLjDgXDujfMUMYxHKBvnZULqaLP8ANq3Ljv4exuxe8/dTGA4Ta6LeS4QuJa1xx6oPjUJOZXklVzKmlA0iI/qm/MtyRpwEO/nA9S4LcVNA36WpproB9Iz+aqwC7cDCL4efZTKHQngnfxMNGWtzhQ5bxUPJa1h291zwinQwt1bjGe6W7MBNuYH5mve7VwF0xzTkajnHKtGR0oaNZ/RPb8uBmKLKpTJ8OeyFHQuIGofujw0MIOSMFSCJQNo/zTS/G7n4KFyGLTxOsga3huFIZCMfTz7qG6pe0Y5QH1dQ7YOwg+QYobS4aGNGSQAEOStpohnVn81TOdPKPNKceiGNuSo7MkLKW7nJEI7KFLXVEoOThcIHOOE3b0wgyyn0Qqn52Y+V6EKSYY8RWekdktI7pqbMttbmQBRAkagEcW+DSMhHLcJ4aB3TEZHVjsFHQU/IaAiNhY3jZI78JzUe4B6bd0IRM7JaWt3C4uHhE5pALSTHa2g/SuF7T+FCPK4WkhD8qRa0zj2OkcG8JrXJukk59U5rCq+ZFfxG+hayuavZO8F/YFMMM5H0beqP5YsJaWeOEcyOMpHB9EhA93ATvlJTsAf1UVy6J/Ck/QI7890EkjPlUw0dTjZqb8jXO2GP0TI3RXLEWeOtn0ivLnZ4S1O9FP8A4RXHfwR+qX8Hrv8AuR+qP56/2Zf+EXvqLIGp3v8Aqlrf7/qrD+EVg5iCY23VAP8Ad/uq+ev9in4fVZ/BkPz/ANS5/M/qVkKCXT/dBBdRz7nwlfzQ/YEvE6pf0MhZf/X+y7l/9f7KR8pU/wDdLnylT/3anzQ/YiWg1EO4ME1ztxqTcn1RjTzNGXMwgiQcOyPyVKSYv4Jw/JCyUslcyDwUi9rd8j9UfALWOwms44XNQ9Ezxd8aU3RnfOMqiBicri43uu5CmQBYCWAm4KWCq4IcwEsBPSU4Lywen3S0+6IUMNV7SZGafdIszyf2T9Pulp90OCuxojAOQMIolkYMtcQfuubeqGZQDjCmSyXBdbpE8eHWOA+5V1RdY3elxqlDx/iWcHdIv1Ej0Vbmg4Wzh+LN9RfEaRjm/MQl3/ItFb/iBbZyA974yezl5Cx2nddMvfHCYrOOTTXrrIHu1P1Db6sfyphn7hT4J2PILCCD6LwKnuVRTkeE8j81b0PVlxoniSOodnuC5TcmbavLbeLEe6Crexu3dOZdaqN2nIcPReU274i1TZv96GWFX9L17a55hG8FmeCTso4pnV0/la308HoUV0jOPGGklS46ujkaA6XlY+mu1FVtaY5mfqpkby3zMdlC68nUp1qn08l9UWqy1Z1ytBd9lU1PSsocZbTVmJ43DcrkVdOw4LhpCmxXaIYAcdQ90DhtNSvqs4Zn3P6wtNQZHNNVGOWndTaTq+CYiK40T4HHY5GyvYrgZvrw4e6T6SgqXa30jCfXCJPBUoPuDIbKyz1v8pk0er74Q5bQ4uDoZAPQ+qj1nR1HUSGWnmdC7/CqmtpOq7S3TTyGoiB2I3KarpR6MN+njdHEkW1RBI0GOrgEjPXGVXS2WjrCTB/LJ7FEpOtKcNZTXWlfHKBguLdirWGpsl2GaKpY2Q+hWunVz6Z53V+BpmuEULIb9Y5BLRVL8N4AOy0/T/xhvNpkZDdWGVg2OBuAoT6C4Rkta4Pb2VfMync4srabSe7gF0YWqfZ43yHglW+IntFh+K/TV5kbD4/gvI3DyOVsqepp6lgkgma9p4IOV8ry2alqnF9uqhHIN/Qqzt18626cax1HX+NGz8DieE7avR5rU+OVb4R9OFoPlO/sq2usNFWZc1nhPP4mbLzXpn4208uikvkLoZRsSRgL0a09VWS8sBoq+Nzj+HUEto5s6Zw7RTVFqutqeZYXmRg4LeUei6pY3+RcstHG4Wkkw7jhVdwstDWjD4Whx7gKgFLJDrelLD1GzxafQyQ7h8exWauXSPVFkOuizVQt7Z3wrSosd5tDvHtEjpG8lurGFOt3WbgflbvHJE8bEkYUCTyYoXAzH5O70PhP4xKNkamFVa5fmrJWSU550h3lW/rLdZ75DqdHHID+Jo3CzF06Jkp2+Jaql2R+B5UKaTLmwfFKRjm0XUFO9p4E7fpH3XoVFcaOvhE9HO2Vp7tOV8/V7amnPg3Clc0jbJGyPZr9cbLKJbbVvaP+7LvL+iWD8aZ9BuJPIwmkZWNsHxKtVwayluX+6VeN9R8jvsVsYntmjEsRDmu3BHCETKDQ17TyEEvJOD2UsYIwRwo7mYPCjAIlZQRVTMYDXdiqiotj4ctfHkeoWgeS0ZAyo8jjL5SMJWCozZ571N0Ha783xXwNiqmDyTsbhw++ORssDcLReOlpA24sbLSuOlszR3917vNSbghuECemilidFLHnVwfRU4odXftfJ8/Xaw2LqalMdZTiQ4Olwx5crO9Nz/FH4LXI3DoS6fxCzOOqez1GTC8D2zscE8YXtV6+FjfGfXdIhsBcS59I44jP/L6LFsqJqa4NtVxpX01Xg6o38fcHusOs8fTrIbLVlHoPGedv8dYrNPLC/R6x8K/7QXRHxJY22T1Is3UDMCS3VOweT3ifnDgvTHsyBvsvj7qPoK13r/eI2imqm+ZsjBpOexOOcLTdDfHjrL4eyQ2X4hUT75Z27CuDtVTEPc8v+3/VfLvP/RlkXv0q4/R9t+k//EiF8VRrXiR9JyREbgITKualfz5fTKB011T091naY7z05cIqumf3YfpPoR2U2ppmkj3XzjVaGenm4TPsmh8hDVwUoE+lucMjQHuwfVWDZQ8AjgrLGNzN2jBR6a5VEIax+49Vz3Vg60ZZRp2yluFKp6jGBkKkguELmDW45R21LQQRwUlxwRmjiqAW4OEdsuv2VJTTF4yCpQmLSNkmUci3Etcj1CbgBpw4FRWT7AFEa5DgDaxslPFOS57d8cqM6B8Z8jMhTEi0OG6v/JeCMx+AWuxk+65pHYpTQNB1NJyhxlwIBCMPaPI09kMnO6NkOao+CD90eAWR66mp7hC6nqGZBGx7hZQtrOnaoRPBko3HDSN9JWxxhClpoaqJ1POwOa4Y3CdXY4sCUVJALbd45cU858p+l3ovnz+1H/ZhpuumT9c9D07Ir9py6mjbgVhHb/m/zXr9Qyp6eqtEoL6d58j/AOn2V5bL8wgAPDmO2IO4Xd8fr5aealE5Gt0MdRHZNcH5NTZpKie1XJv86FxjljdnXE4ex4VRV0r6R+fqjd9Lgv0B/tO/2WqD4h003XvQdOyDqhjdc8LBhta0b7j+pfB87amlqp7PdqV9LUwOMcsUg8zHDlfUvD+YhJKaZ878v4TOVPv0ylfIJBpI2CgTMdBKXtHlO6sayB9JJpc3LTuHdiFFdpmc2Mj6hyvXO6F8VKJ4edE6J7J9oCXtmGsHKEXB2fZCeH0tQWEnGcHKJq1ZSWixpJyngnKYeU4coFNJghxwuoY4SPCcmmAFaR6pjkwE55T38KysjoT6lEJGFGaSDsn5PqUZZ0clBqfw/mitQqn8P5oCHE5NTkAYk0cpyaOVCmPP0qJJypbvpUSQnKGTwSKOfkjwnzBBRYvqQBssYDnBU5vAUCD8P3VhGQW7J8FlGK0Kw+YBel9MN0W5rscrzOM5dwvTunWk2pg91voWDk+R4gT5n/7zCPUrbUoAo48LDEaqqMZ3yttGdFJEO+F0azzOqjtx/cuKchsWSdl5fdHCTq1xHAdx+a9FfMW0D3cLzalxU9STSc4P+qqXZejXMs/o29DjxWtHZXNrOZp/ZU1qZmsb6BWdmf8AzaontIQnxwkZrXlF/b2gzkn0UaZ3iXkDsxGoH5lJxwFEgfru0hxwibwZY8Nhr3U+DSOdxsV4vM81vUQk5A/6r1DrOuENH6bFeVWXM10fIRnIWeUuTqaJbYuZsSdLcB3AVTXyE53Ut7sg4cq6pGTuhlPA2mtylgBB5pm/daGJumMD2VFRNJq2DC0I2C8/5e7KaPq/0jo/jhu/YWjjBlBVlGzzYyo1DG3Rr75U9kWCCvmfk5tyZ9s8ZRtgpEqCMEcZ/NT4YtlGgjOnHCmxDAC81ZPLPQ1wwSIY+5CDdQRCpcYPKj3jHgDCBD3HBTs4TJE9nCY9Qz29AyM434US6TfK0Ekmd1MVF1NOflnQD1wtdPZz9RPZW2ed3WqfNO86s5zup3SF1FDVCEnBccqLW0urJwq1oNO7I5C6exSr2nlVbOq9Wo99o5PFga/OchTIzg5WO6EvQrqMU0kmXNG2StjGcHK49tezg9hTZ8sFNEppy3OFCro2zwPjewHIOymxu1DGFyWAEZxyqqn8bywL4qyO08I6goXWm8vLW6WPdqap1BN4jgeMq0+I9ukD/F08cH0WWttVrhGfqbsV6rS2/LWpHzbyFH8e+UDYU+SwHlHG4wodtqQ+AAt3wpjD29VoMqHxuLTumVLctx2S3bJjGwUhzNbGuAygY1dEKhe6Cqa08FaIublru3KzlUPDIeBhXMBMtE2TO7UqeY8j449nkHxg6ffSXUXWNuYpxnK840+699+JNtluvTfjRMBNOdTvtheBaTk7bZwvW+H1HyV4Z4rzdOy7evZxJPSXb3I4O8Yu4KQ5RgBhQsDgriMWtwdkLSSdgjCYQkgg+in0VY6JwBKr3JzvKQQijOUXwInHdwammnE7RuEQkx9uVSW24MhLWyK9EjJ4w5oGF1NPL5Ec6yDrkPjqJGHIOArGCobK0Ozv3VQRj2XYZDE7nYp+cGii/Z2aGN+oZR2O34VVS10IADnZKnR1DXcd1f8Ag6VeqjJYJw45TUJpyeUVuMBXk2RngJkEJuAlnK6oOctwKVu2wUVwIO4U4gHlMkj4wFZRD8/ouE57qQW+yjPYTlA4i3PAWF7XHdSCWlpaWggjG4VWXuieCrCllEuMchJaKjLLK11rrrbWi5WabSc5dGTsVqun+tzPMKG5RGKU7DVsCfZQw0kYDUCqoIJxmSMEjgjYhUlg6Okvnp5b4npIOQD6p6xvTnUsrGC217tWg4jeTvp91qo6kO7cqj1el1sLobkGHKI3shBwyiseBhQ2q0KOAnBxGwK41zSAEiQFB8bM9hUQHshakQEZ5Cg6M17Ct7IreOUNg3GyK0DChojNIc0jKKOEIAZRWdlWBnyD84RQ4numDhHHKEtMQByjsG4K4AMJw5UDjLIRo22RMFMAcGjAKLg+ihe8az6gjN2CGAcgog4UGKSwOBJPKION0IEZ5XRNEWZ8Ro+5VoPcw+Qitd7KC6rpY/7yqjH5oDr9RMyGEyH/AApyQDmW4IHcLuR6rOTdRztP+7ULz7vao0txvVQ3OuOL0ACpIpzwaeaqggGZXhv5qsruqKGnZ/K/mO9As8+kqpXF9TKZCfdcFC3u390zZ7Fy1DwFrepLhXNEdPiAerRuVRT000xMlW5zsnucq9bFHGw+UYAVPc7vBjwadnjTE7NBVYOddqHJ4ZXVgZE3bk8BMpbTU1YD5T4bDy091bWu2GST5i4NDicENB4WhgigOklo9gnRghMcyZ2zWqCma1uBgAK/iYxo2xvuq+GMjDWjAUyJhbjJUwkOhEkoo22BTWDDUxXjPBoWIchh6p5fp4GUB0gjB4391U113c1xjh/VNUM8ma/VQrjnJYVVXFEC6R2nZUFwuvikshdsOVHnfNUnVI7KDFFoO4TlWcPVeQlbHEWce3x3B8zdRCM2MN4CeNOPpXS7DcYToxwcdt+xDYIZIxymul34QXS7FMSFzlkc9+FHkkyMLj3k5QS45TYx9iJSwcL8koOSOSinjKhVVYyMbhFHCMt18UEnqBA3U78lT1VW6U/fsh1M75nk6kFzgBklHt9nH1OpcuEclcSNR3UOSXHZGklwcBR5SC3ZFtSRzXL2wRAOSCgOI33RHd1HJOeUtpC5yyNdkpv5IpxyUM8qJZM8ng4BjugvIGwOUp38AIIcO5V9Gaw6/B34TaajnqpxHEDjO59F1w1kBu5Oy0dBC2y0D6moxqcNX/oglIlUd0h9RU0dit5AAEhGB6krDST1FzrC+cnz5xnspdyrZbhUOe92QOAmU0Oh2SEqbNcFl8Emkp4qcYa3J9VLd9GEJuANymzVMcbceqyyeDfXFJDZHYycqluFxcA5rHeyVyuGTphf2VUBLI/JKTKTY5zeNqB6A52fVS4KYlzTjCJBTZAOlT4YcafKls0aehyeWKnpcAbcKUyEBEhiwFJigJPos8nydKukHBBqOAFOhg8LzEZT4YWxjcbqBeLuy3N2cM44QjpJVxywlyvEFsh1vAc7sMrA1twqrjUumnd5T9LewCVXV1FdUGWV2QeB6LkbeNuFH0cu212CjhOQcIoAb2Rm6Q3ccIM0wxgBCnkySSXLBTvI3CjSTEggp75AcoQY6d+lgVTFPM3wD8z3qxoaIkhxRaG16sOlariCnbFgAJeGaK6wcFMYGgAKQ3ARSG6eMYUGon3AamVwcmFbONUW5Daupacsa722QqeFxcHH/NdhpfEeCeFYMYA0ANxhdPT6f2cS/VOYoGBrQMIyTG47IoGF0q4beEYJT3DQC0p4dtwkQNkUDGwWhIgxJJJWAJJJJQgZJJJQgkkklCDkkl3BUAeDi7jK5nC46drBuglNRCSyPcSOEF9S1gOSo81Zk4iKhGZzyR6JM7kug1DJKlrCSRE5AL3HkoRA3TzkDOMrNO2UhkYpdj03SBkhClqRGCSAAFSV1420wO3WS2+NSzIfCmUui4lnEQJONlT1V52LYXfdU9VcaqQ/WcKIZDkuLsk8rlX+RzxA31aZdyRNmuFS8nL859SoT5NRJO6GXHKWn3XOnqJyf3GuFSXCFqPZcJJ5SwUsFJlLKNUYDEksYSSJPHJNuBJYKYMg+qOAMJU7MhRjuBrgYXnDeSihu/qtH0/0lV3GRsvhZb6EJfM+jbptDbqpYrRR0Fmra6YRtaQD3wt9070CyFsc0xGRuchaqxdKRW9rDKwEjsFu7H0nLcnAfR3+y001POWew8f9PqElLH3GVoOno3+WkhBkGMDHK2li+HlfVsa+rDY2kd1tbL0dT0YY+QAub7LTxQDAaBgBboxSR7PR+JUY/ejwn/2o4+rpyoA9p2FEZ8VbRxPbqyI+4CypiaNw1DMeey4k/pnRy6TR8Mh9f+XjzKSf/Q20XxN6bkwJPmWen8sf9VJi6/6ZO7qp7Af6mrz8wNPLB+ia6miI3jb+izv6T03qTNNP/iR5GPEoxf8A0PTo+tulXYzc2D7qU3q3pV4w28wgn1K8iNDATvE39Fz+FULtzTjKXL6Spl1Nm6H/AIl6tfnWn/1PYW3/AKfc7U290YHvIiNvdgOD/HKLP/0xeM/wag/7gIZstBk/yAlv6RrS4maIf+J9kfyoX/f/APYe4C7WAjy3uiP/ANtXW3K1k5bdKIj2kyvDv4DQf9yFz+A2/wD7kLM/pKzPEh8P/FJN/wCwe7i5Wz/5OhP2cu/xK2f/ACbD/wCZeEfwGg/7kLn8BoD/AMLH2KH/AOE7f+Yev/FNL/6H/wC//Y91/iVs/wDk2L/zJfxK2f8AybF/5l4Oen6A95h9npf7P0H9U/8A51P/AITt/wCYL/8Aiov/ANB/+/8A2Pdf4nbD/wDGxf8AmXP4lbP/AJNi/wDMvCP9n6D+qb/zrn8AoAc6pvzcp/8ACNv/ADor/wDip/8A6D3SW7WuMYFXCc+6iG+2ncm4U7cc5fheLfwakbsGE/cqRHbKcDBDsemU6r6Ssfcv/Ip/+Ki//Qf+Z6y7qWxNODd6P/7r/wCiG7qiwNGTdqUfd+F5QbbSZ3YT+aH/AA2k2/ln9U7/AOEYv85YEz/8U5Sf20L/AL//ALD1GfrDp6M4Fzidj+koEnXfTMeM12fsF5r8hS/92u/JU/PhhHH6Rpj3Nmaf/ifqpfjSv+//AOw9Dk+InTLMASTOz6MUSX4j2Rv0RTu/8KxQghAwI2/ol4MX/dt/RPh9K6aPbZks/wDEnyMvwhFGsf8AEagwdFHMT9lG/wDaGMHRbZT91nhBEPwhPdG3GGjCbH6c0sf2zJZ/4heXn+LS/wChc/8AtCqnZDLaB6ZYgt62u0pPkhZ6YaqfQd900REZ2T4eD0sfRjs+uPM2f/Ux/hItH9XXnjxW49hjCjS9QXWYb1GMqG6J2yaIyThPj4nSR6iYJ/VHl7PzuYR1zuz3b1Z391wz1jh55yc87lObAMZwloI20/unx0dUPxijDb5fXXP77X/3BF0h3LiT9006u/8AmjeGfRLwz6JypgukZZ6q+z85t/8AUjjV3H7p7cY7LpHdDJOVfxx9C3ZJ9s7kJaiQd11cPCpRwFveMA3OIOxXA4nkpOGXFIDCLIOTji7OSV1c1eyWr2VZGI5hCRAcoavOS8jELzAnblG0lcLd91UnjsZwCTS08KUKdzhkBd+VedsYSHajRXCcl9qIYLz3THNc7k7FTxQvO+EWO1y7OcMhC7ox5Nleh1FvSKoROzuuiLVwrf5KEfU3dIwRg5Y3CXLUL0b6/DSlzYVsVJnctH2yjMo4huG88qXoaAcBD0uzlZp3yZ09P4umrtDDFEMBrAMLrY2+ieWE7gJrg5w2CXKbkjp1aeFf4oZqI7rhcDvyumN+cuGyaWxt+kYS5RyO2JDHOOS0DdDMcw76QinPYILhU9njCtLIMm0I5H1O/JCc/Iw4ZC65rh9R3QnO7K8ejPNs44Qbnw9/ugmYDIa3YJOje45AKcKR4A8RpwfZW1gU5MjPqDnGEAukfw0qyFNSD/mKOy3yctjAHqiAw5FEKWrkOTwVIgs73uBlIwd1etghjGJXNJ9GlClkiZsxuPzRqYLrS5YGG20kWC8A49VIfLQxBvhDDggOLpN12OnLnYOyvKQ2MHLpBP4jUAFsZABTHGaTzSP1ZUhtK0chF8JoGCNvuqc0h0NNJ9kARZJGE9lK474wEWSWngduN/uhOuDuIWY/1QO1I0V6XL5DNp2tGXHAHquSVFPDw8OPoojn1FRjxtmegXWQQsOdCVK7Jsr02H9qDGvqf/hWZ9yh5uVTtUTaR7J+trBpaMYQ3VWAh+U1KvjDHNoomOBmldJ9ypIfb4QCx2Cq18rpAR6qN4Dnu3KCVjC2qP4lxPeqaNulhGeygPu9Y/OjjtuhMoo3eZ4yQi+EwdsJMptkTn+wL6m5yfZC8Od+8smVOJ0BBEjAdyoHLOCKaZzzuNvuiCg3BjYB6lSGzwN3Llw3HAxCFBG+MexjKFrfrAGeVIbTUMTRrIUQ1Uku7igulc7YnKor5Yv8SxZJbojluMoT7xEwlscI+6rywlN0oQXZL0SZLtVPdiN+kfZRiZ5SXPmdk+66GorWhTGQXOT7ZHdA5/1OJThSDOcKSQAmCU5OkZIRxg2RygvzGmlAxlq6KePOCcBPDquQ4OzUWGmDj/N3RKoF3RX4oaxlGwDbUU8QMkO0Zb+SlMp6aMA6EQujA2PCZGnIieoS4YBlBgZPCkQU8MRyGAn3TTUgZQvmXH6cpsaMciJ6mMfZOJ0+gXDL/iUDxZSfO7K46Q43cmKnkyy1cX0TjUNBTDODthQCXZOCU7UmxrwZ5ajJLMxzyEjMfUKHpPdxXfzTvjAepl6JPzRG6785NjAd+yBkeqYTgE44U+NAPVTCuqpjnz8phlf3TNRPZdHCCUUilfJ9jw9575XUMSaBjTldbOTwN0otyb7Hnblcdwhuke/lIjcZKpvA2FTn0cIcSRhJsRJ37og0jC66QNGQEqVqN1Oky/vGOg7pMiHqnEk4RmMxuVmladWrRpdDGwAb4ynNjIPCkBoxuueTsEO9s3QpjBdiA0jGEXI9QhZAByhF25wVe3IWUg+T35SzjdRzLjskJSd9K0RQuVgXU71TcZTV3SUUYmWy7B0AduUvDxvlLQRuVzUO5T1HJz7tTL0OEmkfTwuCXPZDkIxkqM6UN4T4V4OVfqmvyZKfORnAUV09SSQHJrqlnB2QJqqYY0nb7J0Vjs51t25hvCq5dnyAN+6cKWmH985RDUzOG7yPsk1znHDnZR8C0nMnB9HDvG3UU03eWPaJmPdRw0JxazbBUdiQzbP0x8l3ur9mOyEwz3KZumWQ4KeCwAABE1Ab5ylueRsK5S7ZHMMjt3nf7ojadx/D+akjA7Iglbj6Qhdhuqq/ZHbSd3I7YGDkcLvi+yWT6JTsNcaooexsTTh23onhjTgArgH+H904BT5TRCr9D/DaR/6roa1pyB+6FpPYpaSO5S5WZGxqyF8YDbSE3x3g5ZsU0jC5kIPkSGqGOh/jzO+ty455JzkJgY49k4QSen7qpWZDVf6H6uxCFlv9P7oogJ7J/gOP/wA1VkH4ZS9Ectdg7IA1ZVgIHD6wkIGjcNUzgr4H7IoBxwuYwpugY2Cj7k4R70F/HB5JSA3wpDYHOxhn7oraV55GFSsSItK30RQzPG6RjI5arBtIT6Iwo243Ulfgi0M5dIqiHDldb33Vp8mzO4T20NO0e/2Ud+Og4+Ns9oqHU7iScJhgf/Srn5eNp4TxCzGzQq/kZGLx0vbKMUsmc6cIwo9t1a+A3kNC6IgDnCF3ZGx8bD2ysFvPof1RI7dKBnGystOB9KaM75Q/LkOOggvRCFEGnfkJ4phndS9Pslo9lFbgfHRQjykRzSxADDcJCGNu4HCleGV0ROKv5Wy1pZPpEUYZ5cJayN9Kl/L7Zwl4OOyNyz2X/FmiN4zxwwrnjv8A6CpPgtA+n91wxsA+lBkp1YBbuHCYWOH4T+iJ4rYzsAifNS6cAtx9laYEo4IpiI5/yTgG9sIh8WQEnHsginndnLcBGpEcZNYSE57OCAh5b/SEb5Gd30tKd/Dqj0UcsCnROXohSxxyYy0YQZaOjk5jAKuBa3FuXPA9QuG2UvB3To3RXsRLRSl3BMoDbKQ7Yxn3QjYqQ7+J+60JtlJjkhD/AIXT58rse6N6j3FmOzxSn+VaM2bIQfJOMe6a+1zxt1NIf9lpxasuwJgGrrrO7hszTn2RLV/tmKzwlUv6cGRNLUf92UMU04dkxla02GqO4cwj7oTrDWAHdv6o46mD9mWfg8fijPCBwHmaM/ddEHq0fqrp1iqA7fC5/A6golan0Ifhpr+kqPAz6Lho88YVv/AKkHIK4bNV4xhEreRFni5xX4FO+jLtxIBjsheC7OAMq7NirDwUw9P3DGdIx2TlavZz7fH2p8QZT/Kzc6NvummJzeQrd1muQ5Yhm2VTeWqfLEzT0l8P6GVBD+FwscOysv4bUD/h5SNPO3Yw491FJMFae1rLRW+f+j90sn0U8wgDdijljc8hRxMzk08YApZHqjmLZRjCc8qsETO59E3xXcal3w3D3/NN8J2eCpgdFndbyfqO6eyaRhBDycLgYRzuu4wrwy5Ilw3OrjcCyd7cehwru29Z3iheHioMjeNLnZCzOcJAnkFTlFKyyr8W0ej0HxKe2T/foAWnjHZX9B1rZa6QRiXwnH+rheNaj6rrXuacglXnJpq8jdX28nvwq3SNDqSqj9t1LguNwhIL2hwHZeCU14r6cARVMg/8RWioPiLfKWERSvEwHBI3UOlT5mS4keztv8Tf7+Fzfsp0NdTVbQY5hv2JXltD8R7fUeHHVwFsjtnEBXtLdrPcX6IKrwn9gTjKOMdxvr8zDts2c1uoagZnp43/AHaFma7pBniOqLVK6nl5wDgIkVfWwt8NlQXNHGd1PhvxjYBUQB5HccqSjtHfzabf7FLFcepLM7w6qnNQxvceim0vVNuuJ8KvpTA7jf1VvFcqCubpcQ0nkOUKs6aoq0l8Za0+rUcLnFipxqt6HyWyjqW+JRytB7FpwVBeLlQEiUGVg791CqbHdLa/xKSWQY4IJIKfD1PPT4gudOSBtqwt1eqfs8/5HwcL3ugGbVWiqd/vTWxv9wuwQVlLMKm015jHI0u2/RPjdZrnvGWtc77Jstmq6QeLRyam+gWuN8ZHk9d4Wyv+5rLJ8Vb5ZHMgvDDUQjbWN9l6bYeubFfmMMFS1kjh9DjheBvqJo2htbS5aedkyOGmk89NKWE76cp2Ezz2o0El6PqFkuQAColwtVDcG6Z4Wkn8QG68VsHxA6gsxZDUsNTA3YEHcD0XpNl+IFku4a1sximPLHnG6GUcHPennW+Rslnvdhm+ZtM4li/FG7uFYUHVVLK4QXGEwSjY6hgZVoKnxACACD6KLVW2114/3qE6uzm7EIBfPTJ1Vbrdc4MTRMka4bHCxt86AeA6a2SY76SrM0V8sR12+o+bpRvocfOArG39T0FW4QSv8KYfUx40qFOWw8tkhraSXwK+HGk7E/6Fajpzre7WSQMErp6YjBjcc4+y2FzslvvEWJImEnh2Fibz0fWW4mSly+P+knhAGmp9nrXT3VVsv8eKaTTMBl0buVcObsN184x1FVTSh0UjopWH1IIK3nSnxIqqYikvjjJHsGyHkfcqCrav0enPYDsUF8BaMs5KbTXGkuETZqOYSAjfBUgFB2JcWiC7x2nEjchDfHrVnhrwQVBnhljHiR7gchQojAug2A5UK8dOWfqmnFPdKWJxH0vxiRh/wu7KxJDmjVygubnhUHF7ejybqTojqTpKcvo3S3i3NGSQ3NQwfb8SoRNQ3WnDpImyRPHcfsfde9xyvc3wpcSNPZyyfVPw1t18JrrbI2irxnErWbOP+ID6uO6XOO4012J9s8bgpr30RcmXzoCvFHMDl1Of7t/3HB7r2j4dfHm0dYeHZOpoG2a+NaT4bv7qb1w7PI9MLy+vobzYaxtv6gpBTudnExB8GTH9LvX9OypbxbKS4s8zQ3BOHgbgjuCvKeZ+m9N5JblFRl+z3v099Z6vweFndD+59bEZ5XHxNwvmzoP4vdVdDyxWm/tN3tA+h3M0Y79919C9N9TWPq62NulguMVTH+NjT52fcL4/5X6c1XjebVx+z9CfTf1povMVpQlz+iSGuY8OClx1Ti0NPZDczO6EQRgg5Xlrav0e7jZuLKC4yUbjOTmMfUryjrYatgfE4EOCyjHa2kHhDbNNSvDoXFpHoVl2bWOWGbkvcMIsU5I4VLbLzFUxtZM4NkGxVo1459UHRPjJYkGUTILcqCHe6e2bO26GS3AuOAzjk7phbtsN13O2UshQsjO8WI5e3DDyU9haccIpGxBOcoHhlpyB+6LJFHI9zR2UeTLMbIwlH0Ebrrog8JhJRwQaylhroHU07AWuGPssXLT1XTsphdG58Octd7LcyRlp2GyBU00VXA6CZoLXeo4T6rXBiJw3FZY+oIZ8ROd/1C8N/tRf2XKL4h2ufrv4f0EcfUtOzXUQxHHz8fJGMf3m2/5L0e6W+fp+t8Quc2B5/lvHB9loOn+qfBmbBU48F3BB7+q7uh8hKiSlE5Ou0P8AIjjB+VLHN8aW1V8RjqaYmOWORuHNI5BBVLcaCS3h9Q0F0YO2O2V+gn9qz+y3B1xTv+I3w9oSbzAzxqmkY7ArhjOpu395zt+L2wviF7BG99JUNBdjD2EcZX07xnmI2QTijwfkvDu9OuS5XTMcTFXQajgPA2PqoLSWu0E9/VW17tjrPVianz4MhzjHCrquIOY2ojGM84XqVLfWpHg9RppaWzZPsXLUxuxx6prHAEZKKCDwkc54FD0kshJNUngAeuHhdXDwmN4IcHKcmjlOVqWQW8DRylJwEhylJwERIxyhicmpygQk1OTM4QEHng/ZQy05KlIZA5wktZLTwCAwixndCL89k+MgHdHGJbLCnO4U+HcBV9O4ZG6nw8BORmtJEX1D7her9OAfwpn3/wBF5RF9Q+4Xq/Tf/wA6mff/AEW+hHD8o/sQRn/z2ib2ytwPoaPZYdhBvEX3W3P92PsF0ajz2s7j/gJXS+FbnuPovObG5zrzNKfxHb9Vu+oZvCs8mOS0/wCSxfTOh0rpSzcjYoJ9ovTrFTmjcWZwE7nEcBTbI/UavbGZCQodvDRSOkA33yVLsY/lvce+SmJ8GGbyaKha1keoc4UGkkHzU7gN+MqTFLiPTjsVX0bvDEr88uKN9CIrLM115VuFO5gH0hYvpqEue6pPACset62aSpdCXeUnf9VX2MFlMcdys/s7tMNmnLvVkHf1UKfujNzvugzDbZKtmdDQaVyW6R21gGsGeyv38jCobV/2wK/5cF5Ty13Z9k+mtLsqiWdFGPAzjO6sIGEEZQaKMiAbb5U+GMA7t/dfN/I3fcz61oobYpB42cbKTGAMFDY0HCkxenouBZLLO1CGQ8TcjOFDugd4PHZWMQwNwot1aPBwAhjLIco4RQ9kM8oxHlJQTynxWTDbLJwnA5WRvZfNUuYX7Bamqf4cRf6LLSfzamR5C30R9nI1cljaUNXSnuN1SVtI4H0WyqaTW7VjlVVXSZ20jdbXLBxbaNyK7pi7SWa4x6jhjjj7L3C2zsrKdk7DkOAK8HrKQg6gMYXonw46j8Zv8MqHYkjG2e4WTUQzHcjZoLnT/pPo9EjGNk9+wSYiOC5x2088mJ64tpqaRzyzOoHHsvHYC+33F0Mgw1xx+a+geoKR9Rb3tjG43XhPUFJLS3IukbtqXoPF2bq8M8X57Tf6jtRf2+bSNtwd1cwy6g3ZZa01W4BO3+i00Xlb67LrHm0SXgAZxvhHpXB0OCdwUCMiSLPcpUpMc+CdkBoXR2tp3SQPa1n78J9hl8eJ9M93mbthSwAXhh4cqiHVRXt0cZwDuQlPDDzjotXxR1tHVW97Rl7CMFfO/UVq/hNznpSzSA84X0XFiOr1P4kBwvJvi/ZJKOtbcomZjk5IXV8XqPht2nG8xp1ZS5rtHmyS7g+i4vZrk8KNTkk1QaOXdAXWrhOUSWSDklwHK6rINLTnIVzba/ZsDv1VQntdpOc4T6bZQfAm2pWLBp3YcA5pyE1zc5GVEt9VlgjdyrCRmQHDuuinuRztux4IxcWODgMqwo63JAPZQ9AwhtBYSW7JqlgKEnF8GkhqQ4bo8dRkYxys7T3Asw2UqypqkSYwjSXs21aqUey4jdk5JRshQYX5xupbSMI0m+Do137wmoJ+A7so4JyisOQi2ezQpewb2N7IYh1HKkEYXG+VU0TCZXVUAbwMKI6OWJwcx5afYq4mjBwcZUWSn1bAYSJwz0U1jkdQXAaxHUkb8OVi5gkGO3qqGalI7rtH1G2gkFNXRuLezwlNYG13KP5GioLbGZxPI3dvZaaGVwA8qqrPPT1bQ+Mgg+iuWgNI24UO5oZJr7RwmeeyIyct5jkP2C6zAxtwjZKh2ISyNFUeBDJ+iK2abb/dpMeuEmk55RWudt5j+qhsrkObM/GdO/uiCqqc4AiHuQuNAIyeUUAZUNCONkqT/wAaMfmnAVB/436BOAb6D9EUlvZQZCT9g9NR/wB9+y60VGf7/wDZGSUNCkvY4NqMf3yK1tRn++/ZNTxyEAxSyh4FRj++/ZdAqP8AvyPsE8cLo5UGLgZ4c/8A8lyj810Rzn/4uX/zIw4XVAgIpZyM/Oy/qnCkn71s36qSkoXkEKQ481TKf/EnGkgedTw4n7lGSUL3cAfkqT/uv9Vz5Vg+loH2COkdk1LJUpAS3HsuBpKU1Q1mxBJPCrqh9znjLaSMsz3cjjHIDn+ie4Du5VdZe7ZSSGP5gSEdsKvFg6gqnH525eG3/wChu3Umm6LtTTrlfLJIeSXbFMRlk5SfRmr11JX1zsQvbTwk7Nbs780y2mVmqSCnkle7iQDK3DelrUAP93afc7lWFPaoaYBkMbQB6DCqMTP8DlJtlBarRdqkiaoldGw9vVaWG3tgILTn80ZkekYyisd5uE3A6FezsLGzSBkIyaHNDdR2woNVeKeIENOSjjHJVuohV2WgcGtJcdlCqrtDE3THu5UlRcp6nIDyG+xUcZOSe6ZGrLOdqfI7o7YE6erqak5EhaFFIOckpzXAdkk+MNpxbJyf5MQGEsBdSRoyykcQnS9sIjnDB3UOWZjCp/gU7Uh25OSo0jwO6ZLVl50xnhCcCdySnRiInZnoc5/qmB43JKZLVQRt3coMtUyQHQSmGG/UYQWevJcWx8cKtneZTkp0hLHeqFI8AJigcq61zfIJxDe6A85Yuy4JO/CjOOO6sxTn+xrud0J7jjBXXHfI7oShnlLJx2xKHkeq6SMFRi8hxQMBzwwsgJxhAdJschFLgGnKgTyaTgKlwZ7Z/oe5+SUB5IGcpGXR25VtabZ8yTWVbS2niGo5/EfZDMU5bmSbTQx0sJuNxAGBljT/AJqnvd7muExYwkRDgI19vDq6TwICWxM2CqmRFxBwss3yMrWeh8EROHOCkhuFyMBoxlcmmYxuRv7JE7To0wwjs0nhDBI4VNXV2s6Qu1VS57+ScqKYi4hxWeVmTSoNgWs8Z2pS4YAwgkJ0EPGGqwggyRkJXyejdRp3PkZBBsPKrCGnBx5cIsFNnHlU6KlIAICrKOrTp9pEjptJHl/dSmUxY0PwjGNrSMqtvV5jo6d0UbxqxulSltHyapWQd4u8VvgLiRqOwGViaieeunM0ryc8D0XaqaaqlMkr8g8eyG1uElyyc2+ydryxBjQMAIrWjPCXJwExxwiRgk8D55NAx7KukkLyd0Weoa7IH2Q6ankmdkA4KsQ05sUMDpXjbIKu6O3xxgFoXaG3lgBIBVpFDjYDhUaaqnHljKeHA4RC3Az6Igw0EYAx7qrrqxzyaeB+PUoow3FW2qhCqq3WTHFx3Pqm08TnOy5MpoCcEjspzGacYGy6FFGOTh6rUysllj4YQ0Db90UAZSjHARRETuAulGKijBJ5OsAwnE4XGpOToAHEVBThKT2TAziSSShDrPqCMOEJrSDkhFHChDqSSStLILeBJJyRQt4KOjlEOkNy4YUOSsZHkHlRZKmWbbVgJM7Ui1HcSp6po2Zuob5XSbFMxhDMu3CzTuyMUTuACSmloAyXBD8QA5dwoVZcIYBkSZP3WS21RfJohXuJuvB37Ktr71od4cGNuSqitvUsh0xv2VY6d79ieVy9T5DGYVmynTLtk6uulRIdpNj6FQjITlxPKESSlkrkztnP8jZGCisITpCScphc5PG6IIspTWTRCLfQJFawn805tO4kbKS2HSMY+6FvA+FEmRvDHdIMClmLAygFxyQEt2GyvTtkcs9FzQVILQVyZwa3hZ5SyaIaaPsi6Md0algnq5hFTs16u4VrYOl7r1FI1tJTksefqXuHRXwqprLSNe+nZJUO8x1DOFUa3Nnb8f4Oepak1iJhOkPhdWT6au5ta0PwWNPZetWXpRtFGyJlM0ADc45Wmt/TgiLXyOBIGzQNgtNRWzytLgtlVOzlnudB4aFMdsUUdq6Tp3NEkjG59wtdRW2GnDfBYBgYRWRRxMA0YXTK0DDQnqSXR6KjSxpjhIPraxpGBuPVRjNKT5DpTSS85KRc1nKrea9mEfOugnsueFnkIqS6mD8UbmwOgNGEzQ30RyzPdC0+6WkgGwegZzp/dO8P2RGgJ2AiUUTcwGknsuaWqUWjGMKPjc5UxyHu/Y3A9F3SOy6Q7nHC4eVbWAlNo5o9ksBdAyln0VpZCVrYPASwETUkTlXsDU9wMgeiHgqRjOyHgIXBILORmkJEYC6kraaJkG5pzwm6QeyOdOEE8oXyVhDPD90vD909LBVYJgCkjYKSmCmsEfBXQ3fdPwF0MzuAhJv5wN8M+i5gIwDu654Y9FWSYz0B0grmj2TyMHBTy1o7KN4IlkFp90tA5XTsml23Ctc9Eawdw1MIbhNdnKGDvjKpvBaWRHlNwUURgovyxPZZ5TUTTCmVnREwfRItKl/LH0XDSyH6WZS3ch/8G71HJCJwuZ/+XKnNoJHO82AO6MKKAjdqU7kujVR4bVXLOMFVjO2QneG88Nz+atPkoBwxdbA0cNQfyDpV/Tl7/NlQIKnO0W3qitonHGrYlWgjLeF1zBshepl6OjV9PVw/N5KwUPsiNo4x9Q4UvSPRMyR+H90mVs5ds6FXitPV1HIIU7OAF3Qxu+E7STwEvBcfwpTkzbXpoV/jBAwQ36W79iuF8/8AXsjBhcc4XRF6hC7MmmFEn6wRSHd1wxk9lM8OMbaUjoxsEG8Y6Yx/Ig+AdWcLojA7I5Lew/dMOPVUpZFyjBfiC0j0TS0FEOyYjBI0oe7ZrsIfgtH1KWWe6A8asZ2wpguTwhpa2Mcfuoz3yE4jZlSXyUzcaySUIytO8LcFRGdzywWh/wDxG4BXMUUXMoc70RhS1tTu7YBHpbPEXCQwh0ndzuFbWAGslY8PkOIIjj1C7FRn66mqmJPDQVeClp4gTLUhv+FjlDlraOF2mJpJ9SFbeClVkFG0NGKelH/NIOEx4G3zFUAP6WHhKWqrH+WP6TyhNpycOdyUG9BLTyfR3TG3/s7S/wByuCnklwXxYwjMaGbjbCZJVxgYc7GELtRor0+fyHtha0Dbj3XXPp2D+8x7KulrHSkindvhBipaqZ383hKleaK9Jnom1Fe1p0x7qNmuqNj5W/qpEdFFH5sZKPGMDA7JcrGzbXpcfkRG0byQX8j3RRE1gycZT5JQNu6jPcXHCHczSqYQ6CGQBCNQOFw08riC0Z/NPbTOBGRhVKeClXLqILW552GyaIXO3OymFjI2jKC+oibszdSMskVbXLBeEB3XdLG8uATHvkecNOlL5eWQjGfuo5E+OT6QQysA8pygS1Dj9I3R46NwySispD/SFSmmE9NNlfqmecOOVzwnnn/NWXgY7LhiHoEWRctJntlf4R7gFc8L/DhTTGPRcLWt3IwrFvTxRDELgcYSMJHZS5NAGT2UWWrp/p1bjtlRciZOFXY3w/ZMcMcrjn1Dv7huQdk5lHUOx4x5TFXkzTvjLoFrzkJpFQ44ZGSrKCihj3cMlGcWQDZoTY1CJ2pFZDTTA5kBwfVS2RxxgEN39V11Qwn7IEtU/YMOExQRms1Sj0SS4AeiZ4o4UXVK85e5EbGRgp0KsmWesk+g5fK76W5B91zRJ68podpGAF3JWiNSRjlqJy7HnSB5xq/NNLmngfulodyR+6a6RsexKPakLc2+xvmLsBpRBA8DLts+6D82SdMWMruuV/1uyphEy36D642fUcIZqRnYbJphLhnfP3XRATjbCFlqMn6F42dtKGdROUfwSN8JwDR7qt/oZswD8ycw5dhNMrRtpTA5zydLcnlC54KjXkk6W7cfquYHqhx088nbACKYhGPOkytS7NNWlnPobo900DTyUn1ELPxZKiyTuccNCRPUpdHRp8e3zIlFzRyQhunb+HdCYx7/AFUmKkBwTsVmle2dGrRbX9o1uuQ8fujsp3fiOERkHh42/dSQABgBLcmzoQpjBcgBDjt+6INLBtuukEpgiJOxVxjkNYXo4XJms8I5YGjdB1Mzu7CaoYBm8+xpc4nJXNJPJXfEgB+rf0XfFGNmpsI5MVl8IdsQj7kJ4Y0en6oJmHYITpu+E9QyYLtdFdEvLQOQmmoYzfZQTMdxuuOz68pkaznW6ucuiU6sh41boDp3YOkoOgZyu5AC0RijFOdkn2cMspJBOUjHId3d03Uu6ydt/wBVPkURUqnPsaWeoXDxwnBrj2ThA/P0q/kyXHStgATk7Lv5qW2jc4fThGjtxcQCEuV2DXToZvogZJ21Lpa4q2ZbISPdSWW0AAgYCS7jbX4ybKVkErhnCJHESr1ltH9I/VHbboOCxB8uDbX4xrtFHHGXbAZRRRTc6QArtlDFF5msBXTEfTCF2o1w8fH9FOKV+dwjtpsDOAFYGAf0Lop8/h/dLdqNK0EUVzovRLwyFZfKAkHH7p7aNo7KvlQa0RViN2eET5Zx3LVZClaD2RRGxu5xsgcw46RIqo6JzvwovyJaM+CB7qwL2NGGDJ+yXg1cvbIQqznkd/D4+1clYadrTjGE7wmjgKzNsqTgkfsnttE2QX8fZXO1LoqOhtfSKfSPRIA8NGVfMt9MB5+3KI2nt4I0MOUtXYGrQTX5Ge8GocdoyUaO31L8eTGVoW02of7vEutpZh/fb/si+cOOgUiiZbXsH8zG6K22sBBbFq/NW8gpIR/M5+6hyV0DNmbqSu4Gfxq6+wIo2DBMegD3TZI4GAEPOR2wnyPml+hpOQgilq3nzNCD5AXFPiERpkaNmjIQjOCNgFMZbJfxjlPFqgackKnZkuNFv6K3xiTsijWdiFZNoIQPoKI2jGdmKfLkZHTSf5FY2F5OcIradx3Vi2lJGzQiim0ndV8g6Oji+yu+VPoP1XRTEHOFaCFoH0/uu+C0/gU+QdHSQiVraccYRBTNIzpappgHYJGNwOP9FPkBlRFPgh/LD+kJfLgb4ClhvPGUNzQ3+8mCtTyUqYoiGFo7YTNLWnPKlF1H+OTKGaihbx2R/ISUUuAbtYxojz+aY6Oc4/lD9Un18Wf5e+EKS5kjZF8wlqP9TCCknIyW4XPlM/W7HqobrnOSQ1yH49S/fOxVfKmKkqn6yTxTULd3Sbrjn0EQ2KriHvOXE5XDTSP+gKfKgXlfhEmitpQ4kBcNxiA8vKist9Rn6FJjtkhaC4gfkiVuAZK19LAM3Kf8ITPn6rnOylNthG5GfzTxQjjYK/lyK+C+b5ZB+bqjsXFcHzTjs/IVh8k0dh+qcKQDjZT5EF/Gs9siAS4yQkGk891OFO3unCkh507q1YGtM5eyFplxnIwuanDup/gN/pGEjRQHlinyIB6OUnwQDM7u4/queKfVWH8Og/pS/h0H9IU+QNePn+yE2R/Zx/Vd8R/9RVg2mYMNDGonyjSPwj8lfytgy0E0VwlIOPVFBGNQfpUj5EF2+APVOFvb/WEcb2gHoZsi+IM7Tj7YXQTznKl/IMz9Q/RL5ED8aP8AksTPx80AEv8AUuGSn7vjUj5Bp5eufw6P1H6KfyWIfjpsB41KdiWfokI6CX+88M/kpAt7Dw1v6Jfwlp3yP0TIap+zNPxU5cuJH/hlqk7R/ou/7NWV4yGMyfZFdaAcYkx9k02qXHlnI/NOescTLZ4qXXxoA7o2gnP8lrQok3w7lc4uhmbv2KtW0VfG3EdTxxlKM9QRHabbtumx1ta7MN3h44+6v/sZ6boC6xbiMOChy9I3KLZ1Llbll8vsDAyVjX474UmPqhzADXUefyTo6yuRzbPCUv1JHl0trkhcWyUzwR6hQ5KctONOF7JHfunqnatogAefKE99N0HXt0tYI3nuBhNhdGXRis8Ns/Gf/c8TczHsuBhPC9il+H9grRqpauE+22VTVPwrqmPc+llY4dgSm7q5ezHZoLo/jyeb6CuEY7rUVvRN5p3EGmdt6A7qpls9fAcPicPXZT7XwY502QeJRwVOSDwiBxHZSjSaTpcN0M04Hp+qnx46Ep57Gh+N8bp7Z5GkFriD903wz6ful4Z/pRYaJl54Lq29SXejkErK4uHdsjshaGi+IcolxXwMdHj8HZYbw/f9k1mx+ypjI3WR9nrdu6nslwIzUtp3HjxDjKvYJ5YtMtJUk53a5rsgrw3VxtwjU11uFvlE1FVPhd3c07quTVVrpQ7PemX2tbhtQG/fClh1lusemqgYx5H1AbFeO0fxBurGhlwgZUY2yPKStPbOtbNPCHyyvid3a7sVecG6HkoTeGaC6dGSNPj2qfHfDSoTLrerGRHWROeweoVjQXeOUCWirA4EcB2dvsrFlxjnzHWwsmY7sQNkUbGmaFOq5crJAo+orVc8Ry6Y3HkO4UmexRSjxqOUAncYKr67pqy1z3SU2qF/IwcKofT9R2F+unmdPCNw0nOy2Q1bXDOfqvHVWrhF7MytoDiVhcPX1RKd9DUYLHOp5x+LON1AtnxApXOFNdaYtJ2OoLQimst4j8WhmY17t8ZWqOpjNHl9d4eUX9iLC2da33p8tbM51TT+5zstxZev7JeWtBqPlZnbCOT6s/ZeWOprvQOPiAVEA/CRnZFiitFef5khpZu2RjdGpp9Hn7/F2L0e5h9WBqZiRv6KNOyz3A+DXQeDM3/ihuBn2cF5rbLx1X07pNLMa+lH4S7OAtda+ubBd2CmuuaSbuHtwMozk2aadb5LRgv1reHW+obXwD8BOXAK5t/UFvuY+WrIzBK3ZzJBhVsducW/MWWuczO4OctKjTVZY7wrzQ59ZYhgn80AONpKv3RMVfmqoi3JGdliK2kloZDBUREYOPMFvKK5Rtbi23IyMH/De7Dgpk38Ou8JpbhTtcSMHW3/ACKgO7LMFZr5X2qQSUVS4N/p1bL0vp7ru33TFLWEU9Rj8R8rj7Lz29dD1ttc6oscviw8+C47j7FUNPXuE/y9bEaeVv8AUMfogKlFS6PoVshcdTdx2KIJAQBheUWbrC7WcAvc+ppf8RyQFvbRf6C+QtmopwTjJZncH7JeREoNFpUUrZW5jIaVWATwSaZW7dirTxCwbhN8krfM0H7hTJT4IrGxyYwQCVxznxnSQmVNLLA/xYDkHfTlcilZL5X5a4eqsmUdq7fb7vRy0NypI54pRgtkAIXk/VXwpudmZJW9OyfM0jRtSOOCz/lP27L15oI7rsm+MoXBMZG2Uej5kBZM0iRu7SQ5rhu09wVGpqy99K1gu/TFU+nkJB1tzgkf1Ac917x1b8PLJ1VK64Pb8rc/w1cQwfz9V4t1R031J0fMyK+U7vl5yRDUsGI3kc49CsOq0kNRD47FlHa0OsnTLfRNxmj2XoD47WnqIfwvqaSK21zMBj+IZc+np/6r09rfEC+JKpjJcEtGM8jsV6D8PPjTfOkHQWm9VL7haCcOEzsyRD1a7svmPnfomKg7dE8Y9f8A7T7b9Lf+JMotafyX/wDcv/ufTejTnbhCf5zuMYULpfqay9XW8XCy18NRFjcNdlzfurMxgHAC+VarST089k1ho+36HX1autWVSUl/YiHMeC07q4t19cGthlGcbAqufFnGRlBLCwgt2WGcDpRlk18NT4mODlTGYdhwP5LH0tbLCQC7ZX1NXMe1uHb4S2muyy3yAOUzJygNeXdyig53CFosJknunnSWg+iHkHuhmQsPqqSIcnhOTM36hwnQyk7OG6fHMH+UhMkYNi1ETGR7dLuUCaEkl0YH2KTXEYBUgN8o3TCpRwVNXS0lyp30FbECHAgZ7H2Xm92t9b0vWeDK10lK4/y5PQei9Wq6IVDRpIa5vBVfPS01yp32y5xAkjDXELRXY4sUUfSPWRoGGCrzPTuxwdwvHP7VP9lOk6wt03xQ+E1KW3bS6e4UVPHq+cPJexu380/utjfLXX9G3Z0Lg6Shef5c2MB3t7LY9HdbutrmRvd4lNLs5pOwXc0OvlRLMTk6/Q/L/qVn5bup47pSm31MrPHDQc+hWNkD6aR9HK3BBIwV+hn9rr+yzQ36Cq+NHwliaZ2t+YvFDTtwXnl0zWDlx/F67L4Vv9tNwppKoMEdZS/WzGC8f9RhfUfD+TjOCjJ5yfO/NeM/lxc1+Rj5mmJ2x2TmSk4GF0uMzNTm7jt6KO3LXY9F6LKXK6PDSj6ZNyfVOUfJAG6JkIoyyLwGTjwhpyZkDAhyU9MyE9QoYkeEkjwoQYzlPTGcp6hYkGTkIyDKM4UyQew5CY9JnKc/6VCEZOjOCuHlIcqBE2Bx8pyrWD6QqWI4IVxR5wMok8Mz3IlwDMjfuF6t06P/AHWzf0/yXlUW0g+4Xq3TpBtbMe3+S6GneTheV/BCpiTd2kngrds+hv2CwlPIBc2/dbphzEw+y6FfB57Wf0/4K7q2TRaXNzy0rK9MjS0e4Kv+t36LaB6tVF039DPsgk8sbTHGmZuYCI7Y491Ks4xDgeirp3eDbR75VlaD/IB/wpno5c8lrIXMpHOzg4wq58wjgHbY5Uyd+aQt9FS3WXwqRXZLBdMVKWDzfqesbU3FwYfpKlW1vh0w991TV0jZ6972jAL8fur+ENjia1vYbrPk9DVDfFQDtOSmS4xuU/gKLOcEYWO6zDPT6LT5SiSrW3/exhX8Ok1EYduMqps7WmN0hHmHdWlAddQ3P9S8f5W3OT614Oj44QiamnhwAA3bClsjIIwFymjBwPZS2RHPC+ceRnmTPp+krwkdhiPOFJijPOEooxwjsYMLjynk6sFg6wENwB+6BXtLqcnCnNYG9kCuYDTPwrhLJdyeDMO2BCiHlSHclCPdbq+Ucu17WQbq/RB91RNxq1dyrW8ygsDMKmZIGuA5XXoqxBHA1d2bcEks1gDCiVNASMhWUUesA42Uw07XMxpVWvBFDcjG1ltDTnTwq+CSW0XCC4QkgNdh4HotfV0WT9PZU9bbdsac57ZWaUsrAM6/j+5HqdhusV1oY52EZLRndW3YLyzoW5SWyr+Rmkyx58uey9SidvkLJOOGb6LPkhljZmA8jIXj/wATrU6nl+ajZ5M5K9mlaC3YLEde2c11ve/TnAK26Cz45pHP8tR8lLPIbbMS4DVjHC2lC90lM0uO/CwEeuGoDQcYOFs7FM6WIsJ4C9IeBxhl1RnMgYeCnzDwqg44QmeRzT6otQQQH90uwZEkh5cGuBGQq29AMfHWMGHjY+6nU4zFrT66lFVRHI3HCS4vs0RjuQSGVtbRMmj+oAFZ74h22S6dPF8bQXQ7u+ysOm5HZkpy7YdlbSwMmifBIAWvBaQrptdVikI1Gn+WtwPl9xw7QW7gnZNVr1NaJ7Te6mkqBuHkggYyMqsc3AzlfQNLcrq1I+b31/HY4Akl07Li0lD09D1eyIiIJJJJWQYuE4RElF2R8hqed0ZaQr+mqY6mEFh3GxHosyMNznupNLVPhlDmnHqPVbKrWuGY7qucl+WnK5p912CVszc4wiEY7roRe5ZMjlh4ZHkjB4SZNUwH6cIpcc8J5ALcHsiTwB8jzglUlyLcCYq3gq45QAx2VlpYDkEDhHpaqWI4A2CdF4NML3F8Gqa4ORmHGVRU9x4DtyrOGoY9oPqjyjoV6lSJucrhGVxp/JO/JXjJrUgSa5oIREkGBu5ESSM+mVAqLbFUsc14wT3Vu5gKCY87BLnXu6Kws89Gcorrd+mKksYS+IHfO+QvQ7H1ZbL00RQSYqGty5jv9FmZqVkzS2RgIPqFSVPTTo3GooJjHIDkYOEhQaY6q+Wnf2vg9fY/O+FIa7OV5Jbut75ZHNp7nE6eIbB2N1uLN1jaLs1oZOGvPLXHcK+js6XykHxI1AOUePY7qDDNHIMseCD6HKmRAH81DtU6uM+iQ3hdOc5C43YLqo3wuXsfkogJyhp45VjlNElnCcOUNrgAnB2/CocpBWfSEUcoQlwOEXX6oRyCDhdXBuF1QapBmpyaCF3IUDHro2XElAx4fjsuOmjaPOcJmn3XAzHdElkFoY+qaDiNjnk+gTWmsncOGj3UgAN4HK6MtOx5RlA/BP4xunB5+nCODqH3XWsbnhTogwN1DcJzYADlPaNuEUgDkp2Bb6GBgCeAG8nlClqYIG6pJA1VVVfoHHRT5JHJRRjkyz1MK+y6LmgZJwFCqrpTwNw12XFU0lZUVOxeQPQIJYQRndOjEwajX7uIEye41FRtrIb90HZ43K6GbDbhdTIxwc+dkrOZCaMFHHCGOUZpBGyYuDJOaiNdnIwU5qZNMyIannAVfUXyliYRGS53smf5Ms7Uuy1QKmqipx5jk/dUX8aqpCdIwFBqrgyP+ZUzYz2yiS3GayxYL19x1Eho2UaSUu3ccBZSv6uoaTysm3KzdZ1rV1xdT0OQ7O3uiSyc+3Vwi8I9CqrrR0gGZAq6bqeOd3h0oP3WQo7HeroRLVyGMHc5K09HaKahaNABONymxWDHPVTk+AollmIfI7ITwcDZLA3whl3OCiETscux75ARv2UN73OBwnukyDnso2o5OQjMNkxPcckZ2QHnYlFPCBI4bhQySnnoEeUMkY5T3kbqKScqGedgnE5OTsgktA+oLrnAg4PZRDk53VN4Ftth5Zuwwokh35S333VpZ7QZ3fN1jSKdp3z3SpSBfIrTaPmnCqqhphZvv3Svd58YfJUWGQs2OO6fd7sJM0VEdMbdiR3VMGZOSkzmXFbmDaBwEdmMbBN0ehQ55xEMLLOeDoafT45CzVDIWEk5PYBVE1a+Q+YcrtROZDjhBawkrDOe46ldWeBAlzs8qUxmQNk6CDUBlqnU1KQ4EhJcjbTpm3lgqenyRlqtKWmAIJGE+GmGB5VNgg34UOtRRsHQxAAeXhScDCe1mG8KuutyioIi5+D7KnLBpe2tZYG7XKCiiMsjt8YA7lYSrq5KuYyP4J2CPVVs9bO6aZ2QfpHoFG0A7jZKk8nK1V26XA0AYSAw3ZcALjgJ7vKN+ykVkwyfA0YA1E7KJUTsIw0gldq6hzm6GnHqlQUvjS+Zv5ozK+WDho31Dxzg91oqWlaxjQ1mMfulSUjG4GnYfurEMbpAAUH1wGRMa0cJ75WRNLnHATtmDJKqqyrE7yyM8bEpsa9xd98aIZY2vrTMPCp3YPcoUcY2zsfVdjpznVhSGxEYOn91vpoxyect1MrZNsdHHgjbAUlo4OExvZGbggbLdCG0y2PJ0DAwjAYQ2ohOE2KyKGpyWcJhIHKPKIdTF0jCcjDGgHKM0YGCkGgHICeoQWAupJKEEuE4GUiQOUCoqPCacFU5bQUskjXjnZQpq0vcWR8BRZaieY6dW3snRx6Rvys9lmQ1E67Ljlx3XNWBwk4hoJJUV0owSAsk5e2MjBvokeK31CiVVUyJupwwoNRc42ZBO/3VJV18kxwXEj7rnanWwqWUa6tM5fkiyuF3j0Fkbt+NlRTyl25zumOy45JSIyuJbrJ3PLOjXRGCBk5OVxPXRysr5eR8YjMFPDSURrMjYZRdGPwqh8KXICIicbcqTFCQRsiMgLiDhSdLQPpGyHcb6NPjsCImgDASOB+ScZN+EHJSJzZ0I0prgT352Q9PuiYONgrK0dP3C8TR08MR1ycD2Qcs1afTO2W1IqNJcMtOVv8Ao/4UXS+COouUXhQkglp5PsvSvh98FYqYwXC5QhobuGEZyfVetU9pp6NgjhhYGjjATK4ZeT13i/p9J/JqF/gyfTfR1DZ6eOnpKKOMMH1Bq1VHQgEeTlWMNOMAaRgI8ehnbhaYxUT2FWkhFJRWEdpaKGMag0Z75TzIGfQACmuc4jS3YLjYCeTymm6utRXA0vke7nZODHDGyIIfDxqSfIAMacoJSwG3gY+SOMYccKFK98p2Cc5j5ZNTjlSmRgbaUDZUpZPn1JJJdy1fo/Ewk3T7pySSQYkkkiIJMc1PSUIDICYQcoiWAoQHgppGUUgIZ5VkEuE4XUkQYlw910nAyVDnqMnAGygcU0EJGeQmZHqo+Hu33T9D/VQND8lLBXQDlPDduEpyx0EMAOU8AYS2CWoKk8kEQEM8pySCU9pe1vpDGtIOSEUAYSwEjwk/NH2Mho77X9sWIgIRaSSQE/B1JwCB6mCN9XhNVP0CDSOyRa48DJUjSPRIAA5wkz1SfRsr+n7/AOpkXwakcRgonyzgB4mMlTWl2MZSc3VykS1kl+Juq+nf+dkQUrfxDbunfKW4ckl32RNPukGDKTLUWS9nRp8FRX+SG+DTg4azK5pHZqkBgxlc1NG2EPyyfZ0qvHaerpANI9F0DHCLq9ktSrezXGmuPSBJgbk4R9PuueH7qZGqK9AwzvhLYBP0O9E3wzlQds4yMLsfhSOXjOEYMZjC5lreypvBEl7ABpGRhOEI7jn3T3SN/pTHT7YCB5kR2V1nfCal5ByUIyoIcTwVW1tC3qk/xJJlpxnzboDpgQcDZMLQVzA9UOwW9RNjXOflNL3HujFrd1He7RklWq2xbta5kJc8yZ8xG3cnCYawYxhHGiTFS1lUe2EyB3THzxR/U5BJdI4BucosNolnIMu33R7Ix/Jg/wAp2cwQCSsa4Yi3KGyKsqvLjAVsy2UdMQZJoh7ZQ6ivpoSGU7SSNsjhA5x6Qa+Sf5EaK1vbh0m/sjfL0kOCX6SFHkr6mTbXsfZAllLgNRygchsaye6ugiaQxxcVDmuFQ8EA4CjYOc4XHODRl2yGU8DlVkQc6R2XD909jGt/CFFlro2HDN0J9dM7Hh7JUrcjoUYJzpGxDJUWSvi/C7BCBiqn3O6fFSEEEjCzuw1QpfoYampkOGk4SFNLI4GUbKY2JrO2crr8MAyq+VmmqiPsbFRxMaMNAPKe4ho9MIUsxGMIWuWXZxQbzRsilwEdO3hx37ILnyuOI+E4Q5IJRsNY0EhU5YLa55Ashmd9YRmxCMjP5IUlwhiGkHdQZq+SXh2PRXktNei2dLDC3zHCgT10hOIjjKCyGsmI/FlWNJbD9Uzd0MrEg1VOf4FePnHnfzZUqKhdtkY91Zx0ZbgNaAFKZTYxkIXYaa9J/wA5WR25pALhuEZtKQMBuArNsLcfSumNobsEr5mao6eMOUV4pO5G6d8uBwMe6K+RgJ3QpKqJrSXHCZGTYqySiDMTQd8Ib2Abhqi1FcC7EecoA+el9gfzWiPJhssj0uw1RPFGd1CkqHPIDGcqYKR5+sglFZSxDdwT4x3HNucvfBX+FM/Ae3Yp8dsp2YeRuprnMZsBkKPNOewxhOUDn3L9jmRxxjbAwhyzt9tvdRJa0R/3sgH2VbUXRmT4WT7psYYOdZqK6y3lqSOAoU1aCMSS59lVyVtXMcA4BTPDkcfPvlOUUYLtapcRJ4qyTsRgp7JvNkqJDTOJGf8ANWMVOWgFEoozOUrOgsXnxtwjaUNrQ0YynPkwNt8pkZJEjFvsQaGjJOEySqhbs12CmubK47AnKfHRtJ1PG4R/Kgtjb4QLx53nDT5V3wXyDDiprYWMwA3hcdJGw4IQysz0MVWAcVK1jcEfmjeC04wE0Sh4OgEkLgFTIdOnSPXCBzwOhX+kdcWs2zwhuqwP7p26M23yvOTnB5UmO3QN3fgJUrkh8NNOZWmomkGnP6BGipJ5gC0ZU97rfTjfBIUaovMYbppmAY9EmWqxwbavHN/kObbABqnHCc6Wip24aBkKqkrq6pPlOAgmJ7iHSOJKzz1LaN1WghEnS12Noxsoj5JpPqOco0dO7AyP3UlkIGPKFldkpdmyGmiV8cDnHOFLipsEEhSBE0cNwiNZ2GyBc8j41YBtha0YCKGHCJoABJ3QzVRs+s4RDsRgjqcZG+oUKouEOQAd1EdUOftlNjHJjt1MYdFo+oj7uCjyVjwP5ZwoI1O3KM2MkA4TYxwYbdXOX4s66oqHkefC7mR2ziuDwmHD34SdURHaPfC0wiYrLc/kx2nBG6eAO7gFHLyf/mrga93ZPUUYLZ+kHc4Y5CEeU0NJ9UVsJeMhFnAprIzOV3VgcJ3hlI0zn47K5TwXGmUukBLym5d6KWyhccKZFbjtsB7oflNMNFOfoqWRvcfp5UmKkecZGArqG2jA8imxW47ANwhduTpafxb7kikZbyRu1So7dvnBCvY7Zlv0j9VKjtpH4UHyYOjX45f8pRR20AcI8VuaCMhXjaPSNmLoiDTwkWWm2Gi2eiuFshxnByntpNJ2bsrDS3sm4zthB8rZpjSokQU7QE3wcHhTPAJOcJ7abJ2G6GVmDQqE+iGIPZdFKAcqcKZ/oiiin7DlJc2xq0uekV3gADGBx6ITYRlW7Le8uAfgBSW09JFgyNAKp24Hx0iXaKRtIX/S3KO23TnhvKt8U5wIW8J/iS48rAglaH/Fg+0VQs8jvrajRWinjGqUgeynAVkh+oNA9Vz5LW7Mr9X2Kv5hsdLF/iuSKY7fDsGgk+y5GdOfDjx6KxZQU4GSz800iKPGAMfdLldyEtI4+iD/AL0848Pbsu/Kzvx4x2KmOkyP5e/5IMkdZL9ALUDuQf8AHS7QI0EP1PyMBAdJRwDyAEhS22qd5zPUSY9AUQW+miwWMOfUqfMvQP8AFk+SqdWVbDpposgppguVYPO8sCuRCGDyMAXSHNVfKEtGn2ylZZGnead7z6FFZbKZhyG7hWnh52yh6D6qK1vsZHS1ojNpWsGGNACdoHopjYXHfCQp3ZyMK3ZgP4EvRC8MnIXPlpBu7bKsBDpRHRF+Bwp8jKdS/RWCAf04RBEOdKsBTDu4A+6ZNJDTbvkYfsUPypFOuJCbFjbCeIC7AwfuhzXWBu0bNR9AVEkude4YY3SOxwp8yFtRXGCc6Es+rZDM9NEMulGyrnvrpd5Jue2EL5Zrt5iT+av5MgNP0TZrxQM2DzlQ33t7xiIZA7lAkFBF9WMqO+shA/lx6vsp8gqVbfbCSVFwnP8ALQyyrB/3g5yhNluUmflaGbHrhTG2i7VEYdPK1mr8JO4RfKKlCXpEJxHOpNbM07K4i6eYQPHm1HvgKTFZ6CH6WKfKgP49k+yhjje8nS3J+ydHb6iU+ZuxWi0UrG6WNbsk6bSMtaEXyB/xkvyKeOxPdgubj3UhlsjafN27ZUo1s24ygmoceQic8BfHCPSHiipQNwMrogp28NA+xQfEJ3Tc5G5KpzwBhLkk5YNgAhF4zwhZPcpameqL5WU3kNrb6BMLgUMuA21ILiN87/mp8jAbSDl/uFzWP6goZdvyuZ90UZti3YTfEH9YTg9p7qDk+qZqPqmbkDvf6LPWznUF35mAfi3VdrJ7pDZVlFKbRYfNNynCrgPfdQN/dO2224V5DjY2WAqMnYbIzX7bKs8XAwNimB85OBJt6KZQeWWnjj1S8f0KgiOcjJwfzTtJ47/dTKJkmfMD1SE4JxkKF4c39I/VLwp/6f3V5RRYeID+IJzXZOxVcBODuwY+6KM43RbkTJYtLNjlFbodhuQCqsOf2JTtT+MlTcGnjsuGU0b8EOA/NFFtdIB4ZH3VN472cPKIy5VUZy15VuX7C3Vr8kW4s1Sfp3/JEdaq9rQTCcBV8V/rowPPlTYOraqM5lYHj0KrKJ/oT7OOpKhpw6FcFJC4/wC8QqfF1dRS/wB9SgYUuHqGxzHDowD3yEUZpBPTaef4tf8AUpn2m3yjZrR/4UE9LUhOWTNGfZaJrrDVSHRUBhPYnZHFppeYKtpynxvkuEZb/FU3cNJmTlsFXTN10U41DtkpQu6jiAzI4gcbrVSW6dpHht1rjoqyEDNLkeqfDUNdnKu+nKpcr7f8FL/tLNGwRVlCXPGxOnlDZdrLUHNTaST9hurtrqJxxVwDP/KoptFjqpCS4jPbPC0x1WDk6j6am/wln/JWVPTnSd1Y6Zg8Nz+2MFpVNV/DehnjxQ1rGu9XHC08nR73O10le8MPGDuq+ay3+llLQXStHHutNerz7wcLWeAvhw4Z/wAGNrvh5cqTeN0c4POg5KpKqwXKn3fRyAf8pXpwq6ygx85STNb/AF42CcbnT1IDZZWAf4k9ajPZw9R4ydfG1o8gkpp4TiWMtQxDqOcr12S222v/AL2nhc31aN1WV3Rdvmi/3fyP5BTdykc2eltj6PNnMI7JrmkY2W0l6Fq2j+UWuP3VLVdO3CGUxuhO3fCZtyIdVntFMSPT909uApMlC+MkTxkY9kEsDdhwhlDHQtraGpK6sopBJS1D43D0Oy1FB1vWQMb83EJcckHBWRDd0VvBCpJjI6icOmeoWzq2z3ANbHUhk3dkm36FXLJxKMtJIPovEwNJyNirK29T3u1OHgVJdGPwvOVT4NleukuJnplystBWtPiwNa/+oDBVIbNd7a/xrdVOLG8DKZafiHRVpbDcY/Ak41ditPBV09S3VTzNkB/pKYuOh61MJogW/rWtgIp7nGfLsSQrxtTbbpH4sABd7chVVTa4KnU7SA4+yo32y4W6QzUcj2YPAOybC1pibao28m6obhV22Tyvc+Luxx7Ky+Ys93GJWCKTvnYhYqg6rG0F0h0kbawFdwvoqseJTStdnsDutULs9nC1fi42PdFGpttTdLIdVprZHsH4C7UFpLX18yQiC+UBjzsXNGQvOmzVtMQ+kqCwj13BVky8u0D5mFjndyBymppnn9T4yyLzg9LipbJcD8xb5WAu4DTgo8dNV0xLRO71y4ZIXm1JX2yZ/krpqWXtodp3WopL11XaoWufHHc6Mb62HVNj/wC9ciaOXbp3X2auK4zwOaKlo8Pgv7IF56bs/UsAd5Wyt3ZKzkH3XbN1b03ex8v4zYqjh8UrdJB+xU+a0hp8aglLDzhp2P5KjLyjzytsvUvTkjjI356j/wAPICHbrox0vi26pME7N3NY7BH3C9Ihq2vaaeqADxsQ4bFZ6+dAUNxPz9ucaWqYch0ZwHezksvdnstrD8QCHNor45rcjDZD3/NbSKYOaJYnBzHDII4wvBJ31dBO+09RUwBccMlx5D9irCg6s6h6TczR/vlqbxg5cweihUqdyyj27xwSBt+q5LTNlGw0n1Cztj6ltfUFKyst9W1xcN2k7tPorymrtJDZnAqGacXFjf8AeKd4E2HRngjkfdEcRIBpcFIEkUoxjITJKZmMx7KZKBMGCiVFLSXCnNPW0rJozyHDKH5GHEhI/JEY8b4GQqnFSRcZOLyjxrrr4ISQ+Nd+lZxpyXfJY/ZoXkMkb43up6qMxysOlzSMEFfZcb89lkuvPhlYet6cOlYylr4946ljBn7O4yFjnSmdHTa/ZxNnzf09frv0ncW3WyVJhmac5aSMr6O+G3xssnVkjbZeGfw6vDBlznAslP8Ah439l86dVdIX3pKpdDdIvCjBIjlcSY5B6td3CpI6gsIcSQ4bhwP+RXk/O+B0/kYtSSUn7SPpH019Xazw090Hur/ufeb4gCNsoLox6L57+GXx3rLY+O0dWTCoo2gMjmziRg+x+r9Qvoajrrfc6WKuttW2ogkaHMe3ggr4t5bwOp8ZbstXH79M/SPg/qXRea06tofP6/RHkicBkBOo610LtOnOFMkjGACMqLJAcamt5XBnDHZ6OM0y4o7kJMAkK0jla9uc8rGNkfA8YzhW1HcsgBxS2sBGhBz3ScMhQ4KoPAUpsgKhY1rnRuBAR2SB3PKa0BwOQgkEHOP3QdkJEsZIy3lBjmcw6ZXZ9EWGUEaSF2SIS/TgH1QkHNmDuAmVNK2cZGzxwVGjlkgm8GcYHYjhTWyhwym5BlHgraikg6gpH2m7RNeMEMdjcH1C8mv9srui7q6kma59M7dj/Ze0zQh7ctGHjcEbbqDX0ND1HRvtV2iaZAN9tz6EFaK7XBin9pmOhOtv4e8RyPElNMNL2O3BHcEL50/thf2WhZ3yfFn4Y0QmtFSC+40cLfNTO/rAH4dzleodSWK7dD3Y0tQxxpHOzDLnIPsfRbz4edfQxxus15DKiiqW+G9sm7S07br0XjNfKiW5HH8h49WL5YLn2fktdLfFHK6WNuhzvrbxuqSWIxOBA/dfZ/8Aa9/sqTdHyP8AiL8O6N03Tk5dJVU8YyaQn8TQP+F/kvjqpZgnUNxyvqvjtbHUUJo+W+Y8a6ZuaWERWjISa85TDjOAn5K6cZ4R5hoOOEjwhjlPzthFGfPIvA0OOpHH0qP+P7qQD5VpTyLYw8pPSPKT1CDWoiG1EUII8IRGSinhBfwQhlHJBMOcLr0NmziEZwy1UW1gipDZdPK4jLDxnSre3nLMnsFUNVvb/wC7/JWhNnWSaw+bI9l6l0y7Nsbn0H+S8tZyvTumzm2swt+mOB5T8EEhJFzZ/wAy3sO8TB7BYLGLmzH9S29MR4bd+y6dR57WLO3/AAUnXj8ULG+oVX039LPsFP67kApWe6g9NAlrPyQPmTRorX/yxrbgf90ZHngq2tRxA0ewVDcMmNrPfKu7aM07PsExdYObOOCfVACnO6zfUMwjoxvyCFoawf7sTnhY3qufFEBnsf8AJDb0TTwbtRgWnXVnb8a0LA4ELPUb9Uzds5K0wGwIWSbwes0NCssWfQQfSoc/1BTOBhRZtnhczUWHttFplvRbWkYpnZU+0kGqZg53US3tAt0hxgovT5JuDAeMrxnlLOz6h4qpRUEehUwyQD6KdG3P5qLSgl2R2U5jSBwvnusnmTPommjwgsTPZGY0jslG3GwCM1mrG2Fy92WdKMTnbGMIMkeY3McMggqWY8YOEpIxpx7JkXyFOCksGIkGl7x6FRZX6WEkbBSqx2ioeOfMVRdT1go7RLLnC6mkh8klE85rrI1KTl6IdzmbM3UzBDRyqYyuBzjKkU1Q2ooGuBzkZyozwN/ZekjVtjtPJvVK6W9F/b5NdOwkK0pm625VBa5h4AbjhXtumA5XL1TaltOvpZb4pg6qlBOzeyq6ulLhsNlqHxCRoOnsVEkojxjlYnPk2OncsGKq45KJ7JogdTXZyvS+lLsy5UMZc7+Y1uDvysvX2rWPoG/uoXT1ZLabkYJCQzUhlLcBCDr4PVD5goNypRPSvhc3IcCp9JPHNE2RhDg5uV2aMO7KVWfG8laiHy17T5sutBNQ3WogmZh0byfuFNsFY4VWguw3GCrv4i2yelvT55B5JRsVkaGQwVJa4bjj3XqaJ761I8FqtP8AHY0egHJiyOcbIkAMsB1bkKJbX64fDcckjIypNIdMpidyrk8GZLA+hmy90JP2CsoiHAxn6XBVj2+BWAgY1KfFJpe0EbFApZNVfRnHPfar0xx2ie7BH3WtbvuBtyqPqCi8dmtgw5u+VPsVZ41E0SbvjGkpM+xuDzX4w2J7aiG8xMGlw0P/ANF5ngr6H67tBvNgmiY3L4vOB9l8/StaCWjsSF6/w+ozXtZ4Pz+mVNvyRXDIZBHK61Pcx2r2QyCOV3u0cCMsjE5qWn3XUSQW5D0kkkRYkkklCAsp0btJBTF0bI+gGsl1bqsjDXK3Dst1LLxSGM5BV1QVrpWhj+F0dNdlbWc+6tqWUS84PCe1dDQRkDlcAwtqRmY4tBTTGMcIidgKwd+1kRzpIzsMqXSXGSPGQuaAeVGmh1DbZWngOFuHwX1NdWOx4jwCp8VS14y0g59FicVETgWAkKfS3N8OBISjVq9nQq1TXEjWZB7pKqpbrTygAv3VlA9kuSCEWU+jbG6MvZ1cxlFAIJBS1eymMmmOe0CbGD+SY9gwpGr2TXeZVtI+eytqaKKo/vGAqnqum3McZ6CYxSc7HC0rmAEFOfGNP2S5U7gOujN27qi/2OQR1YfIwbZ5WqsvxIpZpvCqg6PHc8KG6kD86mBVdZ05S1J1sHhP9WpcqWjRTqran2eqUF/pKtrSyVrgeC0q1bMHYIwc+i8HMV7s8gdBK50Y4LSr22db3Cl8NtSSfug2s7Gm8p/zs9hDgU9YC3dcsllw7jHYrT03UVDOwOL8E9lWTtU6+t+y6bn1Rm5GVXxXCCQZadipIkD9wodGvWRl0TNQ7rrSM7FRw/A3KQe0nYqGuF2SeCMcruQooJxyU9p35UHxnuJeD2KTXHPKYx4wnOICjWB0ZZJDSNI3CdkeoUfKdg+qg0Mkh4HqugYUwyN4DJIBqY2AkkDCh1N9pYhiNpkPoEe1iJXxj2XGfRMfI1gLnu0hZqe+3GaPRSQmPVzlR5KWtqxqra6U6uzHYRxiZrNdFcI0FX1DbKRu0pe88BoVTP1Hc6k4pKbEZ4c9vKjw0kEIAYwH3O5KkncAdgmwRz7dVOfsj5rJiH1RyT2BR2U/fACe1pcRsSEYuEbd0SM857uwXhuaBhEjj34XPmoW7POEB9xLSRFTyP8AcBMRlnhE8M2QyWN+p4ChE1k+75XRA8NBVZc+obFZcx3O4xiUcNDtymGW/VRqX3F1LVxNHkdkqJPXTtGW5YB3wsJWfFOGQS01otj5iOHkZBVPLfOqLxGZJ6z5WN3IHZHCOTlXeRh6N3XXunjz41Y07YO6o6zqe3RM1QOL3ewWFqflqd+qprvmXO7Ndlco6HqC6VAhoqAwQfgdLtlN2mC3XuXSLur60q2u/kuawe5VHPeLrdqr5ejc+WVx2Gdlqbb8Oovru8wl1csbnZaijstutkbYqWHyt4BTFFsxyU7397aMJRdB3CtLZLtMYyd8MctZbunLdaw3woGFw5JG6uk14Dts8JsY4IoRgM2DccY90JzjgnlddyRlBcTumAWSS6BySEE90FzzlPLtZwUEtLVDLZZlDST24TeN0Q6AOcoDnAbqGOTyDkk7YUd59E+SYcYQHHKhknMa55UWV4JwiSygDHsoEkh9MqGeTyEc/Tz3UZ7sZ04JPZdc8v2A+yuLPYCB87ciImjdoPdKnIB2RXYyzWgvd83cv5MLfM0H8SJdrz8yDT0nkiG23dcvV1NY/wACF2I2bbcKqAxn3S2w4feNDDyTuu6fdOQpJhH2yslszpUUpCmnZTs1PP2VXNOZHZHHZEnL5ZNTjn0HohCJ2cZWCduTr0U5GtaTwpNPBkg4ToaYnBwp9NDg8JEnuZ1KaMHIafGNv3VlDTYAJC5DT4xlqsoYsNadP7pZ0aasAooCMZb+6lsYGjGEmsDeFypqI6WIyPOMDj1R9GrbgFcbhBbqczTO+w7krAXG4T3Od0j3ENzsPREu1zqLpVOLnHQDgDthRQ0MGwSpSyc3U3OWYoHjCaG5Ce5pcQMJxwwZ05VJHNnlrINrQwElQ6qfy6WgJ9VUHcNCix080zsAc90xLJksm28HaaB9VNsNhuVfUNCIsHHCbb6Hw2taxmMDJJ7q1DA0AYwU1VjKq88sUUII2XXvbF3G646bQNuQqipqjO8taTgJiryXdZGmOWduFxdUP+Xps4H1OTaSF3Lh+6bDDpdktByp0QAxtha6q+Tg6jUSs7HBjQMYRMBIcJ63xikjA2MRWroaV0DKbtKHtXcj1TXEYQiTnlVnAAR5J2ahEEIjRsMhEawDOypZbIDb32RRylpwugY7pgY8cLq4NkiQOUTeCHUtvVCmlEY37qqqK+UvLYBn3SLL1HgJRb6JdfXxwu8Njsn2UKN08+HSHY8LtPTNf/NlAc/uUfU2MZws0rZSZaW05oGx4KTpA0HG6j1VW2MEu2AVJXXYO8sTv3We7VRpjmRpqolZ0WdVcYYQdbhwqKtuvinRC7ZQqqofKcu3KjjuuJqfIOyOIs6Fen2cs7LK6V2pxQsnhP8AyTFyXl9mqCEkkuhpJwq4GpMTUWOIk7hKOMjchSmNACpvBppqb5Y1ke24Ri0NwVxPHKW554OlVVgfGdsY2TiBslgADHddbETykuRshWkDDSdgEmQOftj/ANVPoqCeonbFCzUTsfZev/D74N1tXJHcbs1ggODocOR91FHLOxoPG26yW2CMH0X8OLt1FPG6GElrj3GwHqvonpH4a2jp2nbPIxslXt5gPp9lo7Va6GxUbaK3w6Iwc/spgdlpOFohXjs97oPEVaXGVkEBpIbnb0RG42JTMFzkVkZxhOUVFHZjWO1NxiPclIQy8uGAUengxklqNkO2xwhTwxyWAUMQPO+F3RpBx2RWjAxlDLcclEECkcXn0wmFurZP1YJGOF1zg0bnhBKO4XOSXI0Qkb4z9lUdSdX2npqmbLI7XUH6WtPCperPiDDb2GhtDy+rd5Q4fS37ledywGsnNbcHGeofu5xdkfkiVeThazye2e2srkkkl2z8iiSSSVYIJMT0xUQSSSShBiSSShBIYce4RCcKNJMGggDKgcY5C4Hqo09WyHbO6BI+V58pwkyBp3kGT91MhqIN9RVTOGgYaiMjOxPKI3DeG4TXPDchQIfpaB2XNY9FFc/JzlLxFT5CQfxR2auePMRjIwoxkyeF0SDO42SJPAxQyHLid+U8Ek4yhNOUQfVhY7bJf0nX02kqktz7HhnsuhmDwutcMLqwzsnJ8s7dNVUUlgcOMJJZC6ltt9nSq2xXBzASXUlWDaprA7WUg/HZLQVzQVWM8ET5HiTfhLxD/SuAAHOMImpgbnKXKLQ3dtOYKbk+i46oiBwQu/MwAfUiUGylOMeWwre+yWPdRzXxZwChy1ZcBp2/JE62iv5FaJBBH4v2Tcj+pQjNUH8aXiOxvuq+MGWqiuiZkDuP1XdYG+Rt7qJk85P6pvie6bClyAetUSWZ9uEwzZ/Co+r3QzPj8KY6G+jNb5SMeGyUZCd8IZlJOFGNQcHYIRnJ/CqWnmzn3eahD2SzJ6kfquGQex/NQTJvvlcMvof3ROhr0ZV5pSZOD2k4ThlQDKTxshmrqGbAhFHT7hn/ABmMFyWRPdCkqI49y4KuM9TLsJP2T4LfWT/UMg+6N0Vw/MFeYnfxWuQstwY4YiOSoplnrHafRW9PaKGnbrqpB9k6a42ulH+6w6nN2ylWTrisQHR+azm6eEVsVpq5naiMfdTBQUVK0fMy5eOWgKHUX2pkOlrdIKgPfJKdbySfussrJv2bao1L8eS8NwtsGfCheTjkhQJ7pPMSAcN7KC4H+pJp2Jwl5z2bK1npBXOLzlxyUxNM2M+XhD+YwdxgJM5KLN9VbZJQJJWs5cgz1pxiI7qORI/nZJlbk3QqfokSVxbtEVFfPNNsd1IjpC4A+qkRUzWEbZKVKz0zTXp5eyAyje92SOVMio2x4JUpxZGBhgQpZm4ycjCW5M0xo28jmRtYMNCY5zGjt+qjPqzu2N6il7sklxSm2HF7eEiZJUnsgGV7zknhDa7PKUjg1uSiDClw7kJGVjCO6r3zEFNYyepdhjSfyVFN+l2S6ivDB5SFDdVVdSdDXbfZWNL0/LPh8w2Ct4KGmowC1jSeN0Mp7TRHTSl+SKGms1VO7W/hWcFrp6cDIy5WelzsaG4ypEFuIw+UJUrc8G2jRxXorYafQQGMwCp7aTy5P+altp2t2DdkXSB2QOTfZshSorgiNiDSDj8k8gHAA4TpJ4YgdR7Kvnr8bQlXGW4qSwTHuZH9bsKFVV0TWYa/lQqipkeRrOcpkdJJI4aQmxhkzzs9HH1Mj3eVvKb4E0pBkGFYMoQwA6RldcBGMublPjAx2/cRoqKLGp4Ce0NYNsJslRoBCgzV8cQPiFaYQycy+2FXZLkkDTsFFnqQG+bACqqi8lxIgVXK+qqD5pTj0WqMTi6nXxjPCLaqukMeQHZPsqmorquo2Y7A7JNp3dx+6kNphjOkJpybr7bZZyVvgVUjgZnZCMykOAccKcIhnBH7orYQPw/umGV1OfZBEbWbFvKK1nHl4UvwAeRwnt8KL6sInLIK0zzlg4ocYwN0ZznAAOaBj3THSyE6YQMIsdIZceICSfdDuwPhp5PiIIPBOFIEJ2JRm27bU2L9SutjlB0yYx2whdjRohorPaGtZpCbl5OzFKbCTvhOMbWDLgEDuxya69BJ9kQsqHEY8oRYqF0hBcMkd0R1bRwDD35KiyXoDIpwkvUo1w0MY9lhHRsYBqwNK7JV0FO0F84yOyopq6rn/FpB91GLHuJc4ZJ33S5ag0x0sP0W9TfmR+WkGR3JUGW4VVVs4kD2UZtPupUEXDWtWeV+TVXpYtfagbmOd9RJ+5RIoFNit1RNg6MBSW0kcO734PolSm2aYaVrsrmUzyQGDZTYqVg3e3dGBaNmhOfgDcqZyO+FLgHojHATxE0cNQ3EZTXTgDCgMoKI/S0fjCHJLHHy4KJUVrGAnf2Va+aSY6co4xyZ527Oiyqrh2iOVCfOZMF6bFQVDyHAZCmNpWQNDpwnRjjsz2XOXZEjaX/hUqOmYAHOQ5a2ng8sIwf1UWSaqnI0nYp0I5MF0k+uyXNNBF3wVGfWyOOGDZdbTOkILzkqZDbZJMCNoTlDkyyU58RRAkLpCNXKkQ02rHZXlB05I5wfJHkK9hscLQ0CLP5LRFJdkhobbX9xlILZNNgxhWVPYpjpL27fZaeOiZC0NbGAnBpZg4/JSU0lg6Ffj4V/kipZZadrQXtGfsolbQwx4bEAFczz6vK1u+FDNFV1Ds+HgJe4f/CjL8YlDJBoIyEamg1HYbrQ0ljJOZ2/srWGy07ACGgEeyCU8D6fGzXSMzBbnncswFYQWvceXC0DbewYaADhHbb9ONLQgdh0q/HuP5IpY7bpxtlTI6AMAIb+6sPlS0jZSPDbGzLhgJU7MGuGnjX2VzKYNGMIuhrBuOEyruVPCPJu72UJle+odpdwh3Nh/auIkiR7W7AIJbr3GwKkxUTpMOPf3UttAANwlyngYqJT5aK1lOTgo0dLnbCsBTRsGw3XCP8AAl/KPr0y9kQUeBvx6I3yzGgaWIjm5c0on1AYGT90E7GOjp4p8EcRNCTcgZ/ZS201Q7cR7I8NBjeTGfbss8r8GuvTT9dFe5r3kBrU5tFLIRqw0eqtm08bfwBLSBtlLd+TQtKn+RXikDBjGU8U5z5W5U4xEkHlOEDiMAJUrshx0sUQ/BxgEJhGgfy2b/dWHyzn42RGUjicYwhd2A46R9xKhtPV1DsatDUZtrizqeST33Vu2m2zsEx7AxB8zHw0y7l2QRSwx40M3XTHv6eiOd+AhvZK/wArI8qOzcX8ajxEFIAcHKjyAEA91NZQVDjlw2Tm0MIPByo57Rc6JS5K0scfpalHS1Uh82MK3bTsaMhoSDQNgi+VgfAl2VnyZ/F/mitpI2jLm5wpbm+6Y5zW8uRKeQvjS6RF8MAkaUg0YJ9E6WpjJ0sH3UOeZ7sBpwFN+ewJQ/QSWWGL63Ywoc1xyNNPuV10UcuPFdkoThTQcc/dT5Bbo3ESapr5DsCAheBI4gzd/dSp3vONLfZBFHVzfUCQhlZkD+O/0Ce2jg8zwM/dDkuMBAbDklWEdgc86nsz+SnMs9JEAC0E/ZVvB/jTf9jMv/iU+8MWye2yVcwBnqC3PZpwtSyFkYw1oH5LkkbecI424LWkzxIzzemqM4MrpHk+rlY09tpadgDIm4HfG6nBjRlAcQARlX8gEtPGHQ3WGAhjQ0eyEZMkpPlGcIRdlT5QFBR6Hlx9UJz8tKa4nBQCTnkpikLlBoT5MO2S16humvz2Ca5jncbJqkhM4tsTnDc5Cj+MAeE7wXE+uU35U85TMiNrOmcY+lB+YfnhE8I+q54KmRUojPEPomlz8H0RC1gzt+6GS0AqwJJIZrfnGVwlxGF3U3PskaunaMY3Vp4FNexml2cpwYTzsgvqm4OkdlFdXzkkcKKYqU1Esgxo3dwuPfRsGz/uqt1RUO5kQCHE5TMgO39Fo+tpWnylAku0LR5QSVXEEcphbggq8syzum+iabzPwG4H3S/iNQ4ZB5UQgHC7kqZEudiechjWVOfrS+cqP6ygEpofnsplhq6wm/PVH/e/uufOz/8AeKFrK4XEqZL+awn/AMRqP+8/dPFwnP8Axf3VVkk8p4BPdE8or55/ssxc587vH6ozbrMAPMP1VPg+qW4HKvLJ8817Ltt5mGM4/VGZeX7asLOmQjuVzxX+p/VTLC/mSRq2XikGBI/BKltr7c/GJ1itYPKZ4imWHHW47PQY5aOX6akHPZSBTsduHA/mvOBUSN3bI4Ee6dFdK6IktqHbe6mWPWvrX5I9GbS6uGJk1P6NCw9P1ZdKfH84uA7EqUzr+uLgJIY9u4CikwlrdLPs1Qgc48kEIzZKumIMM7m4/wARVFF1/b3AePSYd3IUtnWdimHDmn7Jis9DlqdN/RLBewX+7QEZnJx7qyg6zrIgPHi8QD1Wajutsla2QVcYDuMndSG1NDKAGTt39CmKQyNzl+MkzXQdYWqVgNTCyN/cFqkRVFgr5MxSta8jJGcBYl9E2TBAH3Q30bozhriD7IlML5NvfJ6Gy3Z/uK4tbyN014vcDtIMcrR9LvVYiCsvEDAyGoc5o4BOVKp+qrvSvb8xGXs423T4ywKcovtYNgbi0ARXK3ksdtkDUPzUWak6WrniOWAs/LSquPrGnnZmQ4zsQQpVPdLbXfy3Oi/PAwmq5oTOuiz8kmMquiY5H+JZa8sAGdLnKBPYuoqJhL4PmN8Dw+VfMp6Z2BDUkY3wHI+LhH54ajXj8LiVpjqGcjU+E0t73LgxjKyNj/CqjJBIOWvBBR8ySgOhayYexBIWndJQVMg/jFtDhxraN1BqOn7W+Qy2Oskppc5DXOwCtUNThHC1n08o/wC2ZurihDNFwtw0O76eFVVVmsVUzRG10Z9VsZqHqGli8SsiirIiN2gZIHqq2U2auaIamIUrh/hIKfHUKT5PNarwVueDIT9JMdHmhqWuf/S5VtT07dqSPxZacub/AIN1uJuk6vR41rqPEwM5a7KrJJ7tQfya2N4A2yQcJ2+Ho4Go0d2lbdkXgw0sbm/U0j7hMDwdsLayVNDPGY5qZj8+gCgz2a0zM/lSeG4qpR3LgyOa9GYLGnYhSKWurbdIJqSplid/zbH8lY1HS9xjYZaQiZo7hU0wr6V5ZUwEgdiFNrGKeFlGxtvxDdGWx3ODI/7xn+q0sF/t1wja6GoZv2JXk3iQPGTt7FdYHM3hkIHsUQ2F017PWpqOlq2+dg37hV5tdTQP8Wgnew/fZY62dU3G3kRyP8WMdnnhaig6xoqhwjmGgn14RwmaI3KSwy5oupJoiIblEQRtrar+lrqaoGuKRrs+6zxbR10eWuacoLaCop5NVNKWf5J8bPQmypW9Gte6KQYLRt7BSbdeLraJBJS1DnM7xuORj7LL012qYD4dXHkf1BWkFbDMMxyAexT1LcjlanxqkbMT9P8AVD9b2/w+5baZGeRxPs//AEIVzRdR3/pOQNvYfX0h2FQw6iB/iXnYcxxB+lw4IV7aOpqihHgV7TVUx2LXbkBMODrPHTqjugj1ylq7T1FStrbfO2TUM7HcJpkntjwX5fGdj7LzaCKFtSLz0dViml5dG76HH0LVr+nOvaC5Zt/UPh0ta06XNIw1x9RnsocmVbRoqmhtt4pi2aGOVjhu0jKydd0qKB73UspdA76oXnI/Ja6a2vjcZKEuHqOyayYSkwVUY1DbcKCt7i+TyG40V36Xrf8AaDpkluMfMUwG0jB6D1W06O+Klo6lc2iq2GirAAPDlO5Kva+zU0uXMbjKwXVfw1pLq0VtFI+krYCXRyxeUk+/qoHF1z4meuRV5Z7hW1LUsnYHtdn19l889MfEW+dL1YsvW0J8Np0RVh2a8dvzXrtrvNBdIWy2+ra8OGcByWZ7anWzXuY1wyWhRzEW5Pb0HJQbfcBIPBmOHDYFWLC1pBIVIT2Q4pQTxhSNeoBMnp2B/jR4GrlvcILZNJ0uBQdgA71ZbX1BQvt12o4qmF4ILZGBw/Qr50+JHwbuHRkTrr09G+utpeS6IZ8WAdtvxDnfbC+lQ4FOD2gbpF1EbVya9Nq56eWV0fELZw7crb/Dr4q3n4eXDx4Kl0tHJgTUryTG8euOxXo3xO+BdJfNd56NZDR1+5dTE6Y5vQD0P5L55rG11ouUtovFG6nnhcWPZINw4dl53yXjYXR2XRTTPofgfLWVzV2lntkvX7PvDojrbp/4hWn+JWOc+IwkS07xh7Mf5q+DRjdfBdi6nunTVwiulmqTDPGdnNdgr6p+Ffxvs3XMLLZcw2ivQbgQh38qcjkR8YPGGr5B536bt00/kpWYH6F+nvq+jyCVOo+2f/qegz04J2ao7GuYRjsrYsbg7cqM+DUSQMLx0q3nB7uM0OpKsjYnCtIKrIHBVE+MsOQESmrdLsO7JUo4Gp5NIyQOGfVEVbBUEgEg4U6OQEZ9UJY4gjcFOZIeFwkJnKhAz2CXGcbKO2V0cmh7fzRdWnAXXBkow4KEJMLg5gI3QKmgNTh8b9Ejd2uHKixySUs/lcS07EFWEdQHdlF2BJZKuvo6XqCjksl9haZMEMkcP0OV4r1FYrt0Lc8Tse6iLvLL2A7L3ysp46poP0yN+lw7Kur30dRTvtHVEbfAlbpbUOb5W/crdRf8bFyWVgy3RfWlFX0LrFfGsqqCpZoLXjUMHuf8Pr6L4r/tcf2U6n4cVj+uuhYZqnpipcXyxg6vkB2Ge0e5X031X0hdfhncvHpC6eyyO1Rlgz4Oe+e4W16X6ror7aZLFeHRVFDVRlj2SN1Agheo8X5CVct0Tz/kfHw1EcNcM/IDB74RGgr6g/tW/wBkyb4cyVHX3w/pHSdLvdqkgjGo0ef/APnzv+y+WI5s8D3X0rSa+GqhmJ8e8l463x1uywkJZOMJoIdwuHZbovk5wQHG/opDMkbqO1GaVsjLAuUcnTykmOPsmk5RgYH6vZEQE8HHZQJrA5cduF1JQEjYOpF/ClgJHhQIGeUkjykoQ61W1ux4f5KnbwT6Kzt5OnGeytAWfjgtWr0vpKTXbBkei8waSOy9H6MeDQBvfC36Y4XkV9iTJtTtUtcDgg7fqtlREuhYSfwhY2vZpqWH1K1lDLqpo9vwrowWeDzl6yUfXjiYIxq3KXTONLPyQOuXbwb7FP6az5Bn0UxiTRoiv/lzQ3B27RjdX1uOKdn2/wBFnKvJrWBx2wtBSYMLADjZGjm2J8Eytk/3YrCdYSltJj7ra1/lp+V591nUjwQ3HCG4bo1m1GYtXmmafdanIA3xwszZ95G/daFrt9iVgv6Pb+Kq3WZDg41KI7zO44KkuIDf1UYeZ3HdcTVSwe30NeLEaEFsVBpa3YsyUPpp2bgM7Ikw00LNvwoVgbpr2Ed8LyfknmLPoGi+22CPUaIAMBwp0YyBthQqEHw291Y0++Nl891UszZ9H00ftQZjONkdjMAHG6cxoDeETT7Lntm3samu7ouClpKuDwy2YW8xMir5AzYHfC8/+I1zFPavAB3eV6P1HAW1xf2wvE/ijVvfVQxN4zuF6Xw9XyzyeI+qLP4+lm/2Tuma0TULIy7PlU6UaCQVjuk60sm8IvwNsLZTHWAQN16a2vYzxHj9R8lKQ+31QbMIeAVp6LLHANIWKDzHUNk9Fq7ZU6o2zcri62vnceo8fdxtNLCC5rT91I+XDsEjHuhW57ZIg5T9OAFwrng9HUtyIFRRADhZ65W7DjPp4WydEX/hz+ar7lQl8OA3dJVmA51Z5Q7pmvxCynd3AWocwEeqwtvBppmvzgLZ0E4mZnKPclyJVeeDDfFS1eLbYbg3bwXEPHcg8FeQVzdDWTRjdp3PsvpO+WyO6W2elezVrYcBeA11uEkVTTM/CSGn2C9F46/5K9p47ytDrsyW3T05kiaXOB2VtnwpRNjIysr05VNYPBcSC3yla57Q6jaAMkrfN4OC4vJ2v2MU7d2u7qUzeON43KAdMtFoI4Gy7Sv/AJQjceOEpvazRVwGqmGWBxaM7KutOuGt8POGvG4VpEB4RYdyVT1T3U58dow6J2T9kPZo7NY2AOGhzchwxhfOfW1nbZ+o6qnjbojMhLR6L6Pp521NBDUx7kgZIXlfxussb4IrlBF/MAAcR3XU8Zqfis2s8957SfyNPldo8sbEHsyN1HmiI7YUqjdiMMIRJafIyAvc1/fHJ86c9stpUytPouavZSaiF22yilpbyEYammFSSSUCyJJJJQsCkkkiCHbg7FTqOcsIChJzeQ4JtU9rF2Q3I01JVa27o4B32VJQVWggEcq6jnbKwYC6ddm859kMMKiavZARQMLUo57EDtPuuFgKROV0NJTdmSsiMQAKjOpxgnbdSdPuulxIxj90EqdxFPBWSQ1LCTBsAu0VyraSUOe44HZWAb7IUlIyTloVfDL0x0LthZ0vUUUxAlcMlWcVdDN/dEH81knW+NpzHyhE3CjcDENvVGt0PyNcNc17Ny15cM4XdSylL1DVwtAqXcq1o73SVIAc/SfcpkZxl0bq9RGS+4tCD3S8Ny4yZjsOa8HPujastzwr7CVkX0CGy6WsxhJwwdkiCpjITltBviDgVDdb4ZCTIwElT13SMZQSrTAdpRz2Q5DqScxEdwk0XSkGTOZB7K6DCdguiEk4Qy06fQcdTKHRWU3VFxpS2MibA3OeFeQfECONoE0uD/zKO6la4eZjSCgvsdBK0h8Ld+fKg/jP0aa/J2Q9mqt/WdHLG1/jtfntqVtTdTUchHO/uvNX9MUYdmJ0kZ/wHCY6zXOM4oqyQ47Ocly09kfR1NP5mUfyZ6/FfKN7dnElSG3EScDZeLMb1XRSCRp1gepUqn6l6oppdc9PqaOyiqaOnV5lP+o9njrDyi/NasbBeTU/xCnp5M1FPI1WFP8AEO3ynzvePyVNGyHlk/6j0v51vc/qnm4U5GNW/osFB1vZXjD6h7c+qls6rshIIrYzn3VxQ2PlXnhmxFaDuDhR5qyd+wft6LPjqe1OA01AP5pzOoLef+KmqKGPyEp+y4e9suPGy7HumFkAILGYwq8XSlcMiRd/iNP2eUWxFPVxf5MsxMG8ALpmzsQqs3GI7tcufxWlH1ygfmrjFCZX1/stQ4FcEuBwqGq6pslC3VUXCNvoNSoLh8VbHSMLqcunI/pGUW0y3a2mC5ZuXVM7dodl1jap/mqj5SvIq/4tdSVYMNrs8UDD/wAR7s5/LCzVwud9vGX3zqKdod+CPYfZUc63y9ceI8ntN36w6Lsuv5u5MdNHuY4zqd+iytV8b2PbjpiyT1Q41ObjH7LzSKCw0x8RsZnlHfBJJV3BU9Uyx6bfYnGLHlc5oTVBs5l/krbvxLC533rzqWMmtrIKSJ25Y12k49yqj+H2Om/mXKuY+Qdgc5Kuoehr9dI2z3CtMJfuY2OxgK8tvw4slERNOwzSY31nUMp8KmzBOc7H9zMhTV9fJHosdqkeTsCGjdXFJ0f1Jc42uudWIY3buiYd/wA1uqOjgo8RwRNYG/0jCnsOx2TvhwRV5MzaOiLJayHinMrx3lOpaFsDI2gMYABwB2RHDfKcCB3TIxwNj9qGpYykuEjCYooGU8CJGOUDfhdPJ3XFYmUsjAMILuEY7IJIxhQz2PJHP1obzgFFI82UJxGD7qGax8EWSQtKHLu3YhFlAGTnhVs0wChzrbMcCkdvyECSUEbIUkxJQnkqGZyydkeSgh3iHSGk/ZGhhkqX+DGwuedgAFsbN03T2ukFXW6TIRk57pc5pGey6EI5ZU2ewthaLhXgBo3a0qPfbu6sk8GE4jZttwi3y9GdxggdhjdtlQ+IHbLPKXINcHY8jOQupZCY5wAJ5Kzzswjs6XTsdLJoCrppHPdnV3TqickoLGucTlYrrMnYooCNBJ5yjxRZISp4HHgKwpafBGyyN5OvRTgVPTEgeX91PpKQ6s4RYYABs1To4Q0AhqtSwdSqnAxlO0YOFIDQAupOkyN8KzVCGBkkgjGSsZfru+slMMT8BuxwpnUV7aT8rSvJI2cRws2PU90MmYtZqP6K2cDSutByn6R6LhLW8pZy5yx2ce0MA2VdU1RLtLDsESvrA4+DCeOSo1NA6Z23HqjjFs59tu7iLCQUz6qTGcY5JVxSUQi3ATaKl8MZI/dWLAG4wE6McFRXthKdnhDjZKeVsfpumT1TIIw489gqiSeSoeXZIymqOSW6qFS4OVtc+of4EAIA+pyVPEWAEjdPZEBvpRGjBC11V5ONqdQ7JZY8NBAwEdowMYTGtJAyNkdvbZaYwwZHLIsFPHK7sQNk5qYgBwIwDhMLgUnYHdCJOeU1PgpLA/JSA7pAd0QD1UKHNxjjGF1cAwuqEC5HqEsj1CD+fC452kauyFySIHOwyoVZWNiGCcFR6m4OB0w8jdBgp3znx6nk8DPZIsvT4QSRzxp6h+SdlIip2saHHldwyJpIaoFZdWQtIJ3+6yWWR7kx9cXPhEyWdsA3wAqqtvMDRpa7JVVWXOScludiqt41HVnlc2/yGyW2s3U6ZZzIm1tylldzkFQtZJ1eq4d13nYrk3znc90mbIxUehOHqlqXeVwYJwCsjTQ0cdhlAByeEbW31TdGk5yrCj2dazKIxgCTRgYyitZ3wozXXDJxoGAcIiQ2RAC4pTe46NVbGIrWE8jlO8PHIxlEaG8cBLfB0KqzscerBwrmxWCsvtYyioWnxHcK36N6CufUNbFoAFM4ZJxlfRXSHRFF0xRCCONrnE6iTzlRLJ6XxPhbL7FOxfaZ7oL4VUdjENXco2SVDNz33XpbGhowNgOy4AE4b5WiuGOT6BptNXp47YIa8B3fhda0rrKdzjjnKkRwlpGdk6SWODUojYabONlJZAGDhPawADC6eEE8+hsEcw1oOMZwh4wSkfKUMklDGLZG8HZM7dlx+SMApGYY4VdcbpT26nfUVLsMCZgz22xj+RJmnhgGZX6f9VgOqutxWsdb7PIA0gh8oOc+wVN1D1NXXuV0cDnR0mSMH8SpY4gzYAAJkK3I8r5Dy27NdY8QZIe/BJ5PqjBmBwusBxhGEDyM7BaY17TjfMZ5JJJdGMT82iSSSRygiCSSSSGsEGJLhIHKTvpKhAaYdk4t3KD4sIB1vwoHGOTs0jicAIOgjc7JklwEZ/k7qHJWzSnc4VMcok15iZy7CC+pP0sCjnU4Audlcznsh2l8hTLMR/ebeiEXO7lcz2ykgnLaRHclcTM4XNXsk5cg8jlwnTumEgcpZGcEqmmxgeOU5wjeNjgBQ2ZaCSuNk3SJ17uEbqLnHhk9shG/ZEEigNlcSBoR8TEeVm6S9Ozq1a2uK+5krxE7xWhQcVjjgx5CI2mqj+FLeml6RoXlKIdyRLFWxmzk11WMZ5QfkpzuWhOFKRsf80X8SXtB/wDGtPjhiNYQfKE011RwCAE80pJzgLnypG4GFf8AEl6QifnK4vg4J5zu45XTK8jCf4RSbFuq/iS/Rns89H1kAS9x/wCido24ypIjGEzR7I1pnDszS83J9APy/ZdRMHOEi0lMVUfYiXlrZdPAMy52whk77hGMe+SE4Rtxwr+KBnl5G+X9QPfHGEMtPKOSAgvqGgEYUjCKEy1Vs+5DCSEMlcfMN1EMp33KJRj6K3zn2yUZRvso5mGSMIRc475K4jwTAbJSyVzJ7JzInFwJSXJIITWnOBvlSYKEHBmwAV1jGgDK5M/UMAkJFl7XCNlNG7Epr/oHe62UbdhqeoU93mG1O3YqPK3Lsn9VxzRttwkOSl+R1Ka75vbBbUDlqK+oOZG5H3Q2tIOTsVMYDgjKG5gHBSJyj6OvR45S5m8sDt6LoIHZP0+65j3WWdqOxptFjpHCMpjyG+6dqzkYQnsJG5SZXYOtTogb5C08ZQyDIcBuFMZQvkOdO33UyGjDMEgLPO1yOlXoZekVbLc95HZTPkPCwRurEMa0cDZRpq2Bg37JLkaI6dQ7A+GAOEOWVkYySgVVxAy2Aqukmkl5z+qkuSpPBLnuGk4iOVCfPJKfOUwD3ThjCgDY3JacHunteMElcLS/GAnx0dTOcBpHuhbwFCMpvhAXyOOcbEJjGVU52BcPsruisJJDp+yuIbdFTNHhMCW7cGyvSSl+RRUNjErPEqDpJ3wrOlo4abaNo2U50DiRgIsNHuC8beiVK7J0qdHGHKIugu2CLFQtkOuQ7hWBihiZkNAUd1SxmdIylSnuNcKYr8jrKVjMbcJ2sNB1HYKNJWEfSokk8zvq3QJtjdsYdE6WsgaCA7dV8tdMdg7YrkcLp3I8dASQTt7p0YORnnIiOfJPguC42jc85xhWraNsYBLfyXfKwfRkp0KsGOyWCBHbWbGXkIhjbCPLhFllDRk7AKnrrvBFs12XLZXAwajVQqjmROlqdLTgKpq7njOqQZVfUXGoqXYDtIUJ4L93la41Y5ODq/JZjiAWouFQ52GP2UBzpZHF0jic+6kObwnaRttwnwrOFbfKf5AGw7jZGbEB2RBp4ATge2E5RS7McpZGCIDsnCM+iM2AnBwiiIHkbqZQyqqc+iO2Anf0Tmsc7ysG4UpsXqNiitijABa3CFywdCvQyfZBEFU7luyPDbi7eZoUxhGVyeRrWgvfhC5JI2Q0kV2KGjp2cMT2wtactUV9xp4RgHJUGa6Sbhhxn2Wed8V2aYaaHpFw7S3dz9lGmraSLGnnvuqd81TMQTLgJnhuduSkO9vocqixmu7icQtxhQZamqnzreQPunMhx2T2xAYOEmVjfbHQpIfhvccnJR46YDByBn3VhFRSuwGR5yp1LYpJcGRqD5F7NVeklNlM2EkgNbupMVuqHkDw8ZV9HQUVMMSchcfWsjGiDBAQSsyaoaOEfyZDp7G0DM7gFIEVHSY0EOP2TZamY/iCC075cUrLbD2wh0GdVv8Api2CG4F+7jlNLwzZCdJgcJsE2LsYTDQPqCFNOewUaeqDOVX1Fw1+WI59RlPUTJK+K4Js9aG8FQJat8vlaM5Xaehq652dBwrels0NJh87R+ZRKOTLbY59PBUQ0lVUkOLNvVT2UVLA0PnfpI7LtbfIaUmCkYNhuqWarmrHnWVeDHZbjotKm5iEaKY5Vc+erndg+YFKnpyTlw2VnSUM020LMp0Y5ZmW+54K9kJy0vZuVZ0VsmqR/KacH2WptfRsksTJpgMHkYWgpbRDRACMDP2WhfYb6fHSs5kZa1dKyvOqYceyvqezU9M0eUZCu2M0twBhMcz2V/Kb69DGvorvD0/SMBFaQ0HAUg0+ojyp7KTfzKfLk116ST6IOXSnDW5ISZSvk2kZgK3jo4mDyswUVsW2PT2QubZuq0Me5FUy1wfURupEdMW/S0bKeIvZHZTkHgKtxrjpoQ/Er2wnIy1GbFsANlOZCARloSmfHE0EhqtvBJRS7I8dMTujSeHE0Fyqq2/R0/kjduqeputVUg4OyTKWRU7oQ9l5UXOli8pduq6e6TVQMMR2J5UahtNXWjxnt/JaOjstNTtaZQCfslOeAlVO/wDwUFJaaiqk1SHSB3Ku4LTSxAHup8jaWnaA06VHdqm2HCU7PQ+vRwh6GkMh2ZvhcMkjzhhwEVtK7knlFipSSAG7rPZeo9m2vTSn+KACJ2ASOV0xZ2aMq6o7LPKQS3y99lbR2umgAJb5hysdmrS/E3U+Nm+ZGXp7TUTkEtw1WEdpggAJB1K88N5GiKPIQjRzNdlzcZWaWsmzfDx8YrorfCDRpa3ZCNNIfparhtMHcNyntoJM5LNikz1DGx0rXBTMpi47j8kZtAefA/NW/wAnGwZDcELhGDhA9RkfDSR9lWKAEbtwnspRnGMKfp90zA9UPzsatNCHJF+WDOQmODIxnlTzG54wFxtvYRqeSMI3a2A6/UUV2ZHbMZym/JyuP80YCtRC2MYaEwhzlaluAdK9kA0cbMYak1ojGwUt0eRkhMLASi3OIt1xXREJcTxwmeESMEqW7QzsgSSsbvnCnyZBlFDBTd3IEpgiG3KZVXDHlEqgzTnkHJ9VbmlyZ3DkPJUdsKJM/V3TfGnk8rTt9k+K2VNTy04Vq4qVUn0iJ4jcncfqhF5ftjhXcfTmPPIMDupUcNopWgyOyfRX8rKjS32ZyKknnOGNOFNhsLtnOjwfVWElxpQdNJHj1KBJWVM4068BV8mQXDazkNtpIt5XjZPdJRxjEXIQPBe46nO/VMe+Jg8xwg3MYkkh8lQ/OGbBBfqduShPq4gMNJJQS+qkIDMEFGrMrkBrJJ1taCSUCWshzgHdc+WncPP3912OgcSqdqQG0CahxBACC4vdnblWTaIDGWojaMAbNV/KhcoplQYn84TPByrjREBgjZDMtC3lu4U+UW6kyt8B2MgZXBR57KdNW0wb/JiOfVQXV0wJ043TlPJntil0d+TA3cUwtgbkOeAgyVM7/wASjOa49yUxSZjkw73U0ecPz+SjPrIBs07pj2Ej1QTEc50pymZ5zl6Hmp2JAUc1VQ7IOyOIsj0XHxegRZYhqT7AFzzygkuOVM8HPDf3SMBPDP3RxnkCUHPgh+Y8oD2DnIVj8lN2b+658mGf3oTcoH4X2V/hnGwQHRY3x+6sZGtZ9PHogkeJy1WLlVkhacFdwPRSDARvhN0b7DP5ojPKGOCM5oHCY9mcbqSWHZPFM56LIp0yb4RALCBlC839KtRbJzw3ZP8A4ZMOQApkj0snyVOh3ouaS3lWxtkjRk4Q/lcu0loKsF0tFdod6LhBHKs/kDsGtyufwuo2PA+yYoAfBP8ARW+E70SLXAZwrVtFhp1YyosjI2nDuFeAJ1NdkAnHZLPfClOfQgb4BUd0tPk4erMs1gHv6IeTjOn9090w3wEEzjJ8qoS36EZCOy54p9F0ZeM6VxzHHhqsFt9iL++d0x02xGEPcldERO+FOwZOX6GmQ54QzqKOItR+lG+Qc4KNNAODfJCz7Lodg8KQbe87gIYt07TnsoDtf6E2QjHKOysqI8GKZzcehQvlpAMFv7pngS+imWMhKcPxZZwX25MLf99l29XbK0Z1fcYQMuDvfusvod+iI1ziAMK1JjI6q2Ps29H1q3A8dgJ7gbK0p+rLa8fzQQD+a81Jyc8I7Zw0DumKz0a69fYuz00Xex1TNLsAfbCOygtE7A+CUtJ7hy8yjq3AeVxUiC4zsP8AeOA9imKXs0LWQn+R6O+03CIh9FXHTyMvKUdw6rtLhNrEzBtjlY6n6ruFPGI/EcQOMlX9t60jkj01LMkcpisQ5X1eng0sfXMT4mi4WyXWdiWNVjS3/pqvGgvdE8cB/lWdpr5a6l2gxtb7lFqLLbK7+Y0YJ4LSm/Ky5zU+nk2DZIgPGoqoku3+rIUeanpK5xjuNNGS7YPa3CxwtNxtoD7dWuOPwOOxT23e/wBE4S1cAkj9BvhOqtETphZ+SNMzp11KTJaa57CN9BdsVx4qgxzLnRsnjOxAGSFVUfVkDyHOcYz3B2Kvob9TzRhxcx3vsnK1mG7QQmuEU8ti6XrotDHfKS+vG6o67o25UodLTgVEXILd8hbZ1JYbjh9TiN54LU7+G3ahYZLVVtmh7Ndumx1M4s85rvAV2/04/wAHl80dzoMtlZLGz7lNNZTys8Osp2yA/iA3XpTnxzjTfbZljti5g4VZWdDW6qBqLTUtw78B5H5LXHUJrk89qPpmyPNL/wC5hpbFaa6L/d8NcePVUVb03cqRxdSxmVo7ZWyuPS1xtryQxwI7hRYa2oheI6hh+6NWJnClprqPtti0zCPe9h8Oogcxw5BCcwNd7L0KWnttewiqp2nV+IDcKiuHSFO4F9HWgO5DHbJqWRexsqaa511AWuhncWjsTstNbetGO0x1TcH1WTfb7jTPMckWpo/RdZG1pORgouUDvnDpnpcNdSVzQYpWk+hKK1mOD+i82hqZYHh0Mrmn2KvLf1RU04DZ2eKP0KbGzHY2Ooc+Jm1grZ4Tgv1N91ZQV0cnfB9Cs7QXm21jBqqBG8/hdsp423G4O4Pqm/IXKFdkcF3FXPpHh9PIWP8A8J2Kvaavtl7IjrIhHVacCQHGfzWLa9wxnsiR1DvTB9U6Ezk6vxUZ8xPUbL1TeelHhr4zXUQAGkO/mNHrk7H7L0G2Xaz9X0Iq7ZJpkbuWkYc0+4Xhlr6kMcbYKvLgNg7vj3VtSvLZRWWisdBMNw6N2N/dMyeW1WjnVJ5XB7FNHPSNb8yzLDsXeijVVOxzdTB5T3Wf6e+Iz5HRWvqWENl+ky4zG/0OfVax1KxrTUUj8teM4By0j2QmGVb7RlL707b71SPo62mY9kgxktBwvKay29X/AAluIrOnvEuVpJxJBk6ox699l7m5zXk6mjJ9lCqKcS4J4yoaaLtixNZRTdE/Eyy9X0rJaKdomI3YT5h74W5p72achs2pwPvwvCuuPhRmoPU3RksltucGXhsJwHfbHdV/S3xprrfVGw9fU3y1ZGQBUZ2kz67bdlQc9DG7/VofH69n1HT1EVTGJI3ZBC5JGDuOVhrL1I1jY6umlEkMoBIB2IWxoLrS3Bv8p2HDlpSzl2Q2PANhnhm0THLTw/v+aOXk8ORi1rhg7qLJC9rtUbT+qsBrAc7jBIWO+Inwn6d+IdsFPVQimrISfBq2NHiMP+rStU2UjZw5RTIHYIJG2Ei6lXLDG03WUTU63hnxB1h0t1V8OLlJbL5RCWJrtMNUx/klHY8bKJS3VuoPpZCHDfY43X2p1N05aOrbRNZL5TCelmG44cD2IK+Ufip8F798PKp1wsIlq7PnZp3dCPf0XF1mg2/gj3XifOxn9tzxL9ntXwi/tJMdHB098QKhoLAI4rm93mcewk//AIsr6HhmiqImTwSNkjkaHNc05BB7hfmpBcJCNL2gkBexfBz+0Deug5xaLq59TYn7mMHzwHuWZ2P2/dfMPqD6Yc5fLplz+j7b9MfWvxf/AC+ufHp/pH2RJFnlqiPpnE7bYXemeprJ1ja23exVTKimecNc12f19FPfHjgYXzbUUTqm67Fho+sabVwvgrK3lESlq3wO8KYE44KtYKrUBghV00BPbjhCa+SBzWzMIa7grNKODYpZL9sod+IJw5VTDUFu5OR6qwgm1gBAGSgdtyuZKGHZ4KcccKZIce0O3PKUb3AgYyB3TXAg5yugghTJEskyGXJGe6NV01Pcqc0lVEHxP2Ixuq0SFh2GVNim1D3RRYE45M5/EH9ISnpzqhrZrDVYZHVSjXoJ+mN7u3f1XmXWnQ9f8N65t7sMs1Z03UnUYwdToM9wfRe41tBSXi3VFsr4myQVLcPa4Z/P7rHwTu6Smd031RIamwVeY6KoeNQaDxC/09/yXV0l+x4Mko44fRV9K9TW29UDaC6eHV0k8Zjb4gDhpdsWkFfFP9rT+yfP8P56n4h9BUr5OmHu1zU0Q1Ghzvgf/QufsvpzrTomu+Flx/2h6eY6WwTuL6hjD5YW9i0fr37LddKdTWnqi0mgrxFWW2tj0ecAte0jcEL1Hj/IShLMWcTyPjatdU6rF/h+0fkE2TOxwCOyNq1L6L/tWf2Waz4Z3OXrPoulfL0rO4l8bPN8i7nwx/gHZfN7cDbPC+gaDVx1UN0T5D5Hx1vjrfjsCowOFGyEaPuunCRzmgqSGduF1PjLIA0corRkcpmQkmkHpJJKADE48LqYoQaeUxPwUxQtdjmb5VlbTh7h7KtYcZUylfpcCpFclWrKL1gBblbroh/8prCVhYf7seq1/RsgbNpJW/TvBw/IRzHg0dy/7SxaO2vD6eP2Czdy/wC0MV7ZTmJuewXTqPO2rEclN10cvgA7I3TRADD9kDrUgyR+xAXbCR/L3S22psYv/wAOXddNiqjICv7fMXQx/ZZqvfioZhX9tIMLB6YRx5ZhsXBOr3E0+F5v1o86nNz9l6JcCBAM+q806wOasDO2FLOkN0CzaQLIMklXkRJdv2KpbNsT+iuYuT91hvWUe78QspsM8+XCHHu4BPehw/8AaGhcLVPMMntPHrM0aGp/7Cz/AJVCoHObVRFhwdQUy4HFFGR/Sq+iG7JTtgheU1q3RbPc6Z7bIyPXbVvTgnfYK2gb2AVNZHB9viPchXtKBsfZfO9W9s2fSNJLdBMksBypMbQQchDYBsisGThYlzyblwc8MBJ8Q08owZ+aRhONgiSyGluMl1LBnzAbr5966YJ7s+M4xGF9IX+HUG4bnYr5z6kz/G6px/7wr1fgH92D5/8AW6cdNtXtmSpZXUNW1wOAMBeg0VS2rpWvG5xusFcYS2XxgNjstD0jcAc00h54XqtRDd0fN9Bf8U9jLepa4OV7aKkGlAbyOVWzxNceMhCppn0ryWu2zwuTqat8cHr9Lb8ckz0iyPdLEGj1V81gysd0zVvfMNLvKRnC2EJJ4C8pqouE2j2WkmrIqRJbGCOEOem8RunGMqRDuEUt9lhydHbmJkaiB0cxZjdpV1Y6nUPl3HBAyEK60ul/jBux2KDbZWx1LXO7o4SyZ5V4NZCzIwRyvFet7SLN1JPE1uhk/m09mkr2iF2cOb91gfi9bQ6OnvIGMDw5CBkn0K63j7vjng4XltJ8le48kp4nUVxcx3d2c+oW0p5vEpmjKy1zheBBVYyG4DsK7tM5dCM9l35feeMshslgs4d3+GdgQmMcW1Hh429U/wBHBMeNw4DdLfAKeSeNuCotfTiSJ5A3LUWmPiN5OQnSHU0tQylhGiPRM6PnfLQyQv3EZ29lC68tZunTVXG1gc+MFw98JvTVW2ku8lM52GSduy0lTTePFPSuAJeD+iuqx1zUjNqafkjtZ8oRHw5SD+E4U9rw9o2Ujre1/wAGv89L4enzF2fUKtpX6wAOy+h+Nv8AnpTPmXmdKqL3tJToWvB2VdVUuncDZWbTj8l3wmvGCNl0TkKeChOQcYXNXsrStt+GGWIZxyFWlhKodGxyEkljCSg8YkkkoEJJJJWQkxOLSMdlbUVTsG7KkL9JxjlHpZhG4ErTTY4szXQT6NJG4P3UhrdPdVtNVRuADSp8ZBGQV1oWqSOdZW0xw5RhgjhC0+6dqDeO60qSQEjoGE/A9FwOBSAPICITzk6GD0SMe3onB5/pRQ5pAHCZBZC3YIRaWnhPLC7Y/upfhtO+Ewwu/C3ZG61Ivd+iDLQh2SGg5UV1tePM1pyPRXIBGxblEYzxDjGEuVK9DI2STKDwq5pwJHtH3KlwXq4UoDJQZGt9VbGi18FM/hoOxCFwlHo1xta5OQ9UUzmjxWuDu4VjTXCmqmgxyjJ7FVkljhkGdIyorbDVAnQ/T6dkUd0e0GtRN9mlaQfpcD9l1uCdis/DbrrTP1Rzn8yp1HV1ok8OeBxPqOE1R3Fq6RbgZ3KcMcYXI3lzRluE8YPdMUUgvlbOhuUVrcdlwNRcYx2wrUf0ErMnPCYey6xgHCcHgDA3TmvyeFeBm72xFpK54YP1NCOAMLrdOVSpT7C+bHRGdb6V488DTnnIQjYra7/4doJ9lZaQQNsJafdX/GgUtZOJUS9NUL/paB+Sj/7KUW5JIPqNlom7nBRcAgYGFX8aAyGssZlHdMRtP8uSqP8AynYLg6cqG7x11QPueFrAdIwBhdHOccq/48DR/Ps9MybrJcmbR3Cc/nwhmzX7G11mH5rZCMDgJwbvwp/GgT+dbLtmHNk6gds26z7+6iv6S6ll/vblO4f8y9G04AyF1T+NAF3Tl3JnmZ6CuEpzPI+Q/wCI5U2n+Hda5oDXQRj32W/Ayn4A5V/xoMXtT7eTGxfDaN7R41zfkchuwU+h6DstO4eMwzkceIcrTtOPyXMgcI4aaKGKMYkCPp+0wAGO20wP/IFMij0ANYA1o7AbI6cxoB3R/GosOKQwDH3XU9JHFqPoZhAw1FDMLiejS3Lgt9DE3JTkxALbEUw6sp64QMZViZsGuE7LpwE3Gd8qhU5A3HlAJ90STO2FHmdpGQrMk7MdilkAChSzNG2QlVVekEHZUlRVOLiASqMd93GCRVV5cSxnbuobnvfyuRtLnZPdSWNH0gbhDKW05llmWRXAt3dspVvtlbcphHSxE45Poruw9G1d8cXTM8OBvJPdehUtvtnTtAAGNy0ckblIdnoyW6iL+2JQWywUVjpW1VU0F+O/JKzXUd+dVPdDC7DR+gRuqOppKuV0UcmANhjgBY+pqTnbcFIcmy6apWyGyO3yDlDBIzk4SjOTldfhrRhItng9Do9HhZZ1xAChyynhPmm9kFuSVmc8nZpo2gg1znaiplPDuDhPjgGN2qbTU5JG2AkTeDpUUsUEGwAb+6saamIdkJ9NRnSDhWEEIaMYwlpZOtVRhA2QhuNlJa0BoXfDwc4SG2yvo1xjtFwMnhZ/qS7Npo/lI5dL3DJx6Kfdri2khkZ6LB1U8lRMZHuyTv8AYIW8GbU6hwjtiMOXnJCcB6JNHZPeWsbnCrs4r75EXNa0lx4VTVVpBLQi1dRnLWnGVCZTvkfnKOMNxztTqN3+nAUTHzv0huPUq+oaMQtBwm0lNExrC1nHr6qyYdAGRlMUdomEcLLONaG9sIVRUCEdkp59P0hVx8SSTU5ydGOQLb1FYOPMk8ut5z6eykxQAAErjWDHGMIzRzunxjg5ls9zFpGMBwSazJymNaScZUpjAAFqrWDNI41oA4RE7T7rucJpQkzXnZJ8mkZ5QdZc7jGFRAupzjgd0QHvhNaNhkIzW43TUslZGgJ6WwTPEa3jdRvAITXp7AIZm2xhBllyQgyzbDZLlZgtLIZ0ujfIUZ8s85A1YCRaXkElFYGsGTthZpS3BpYAtgwQXYRZp2wMy7Cj1tzp6aIuDw53AAWZr7vNVHRqIA9Cufdqo1y2x5NVNW7ssLreyGGKDYnvlZ988spPivyER0jXclDw0cH9lyLrpWyy2dGFUYLhDM++UjuuluO64RhZhqwujic1NThtyo+CM47/ADQiDjlGcmpTXIwF5tSO1pwBhcaGgqQNGBkj9VB9ceRBuRyn6fdIAHgonhlLfR06YITGayjxNwckIUbSSAOVa26y3C5SeDTxEuKUos62noc3iKIunUcAZx2C9C6A+GU19mjqri0shJ1NBHZajoL4XR0zYrhcWAvG+43J9l7JbLV4FOBoawHgAbpkKsntPE+DksWXIi9O2K32SmZT0kDRpGNWFeNIxl2wUOeaGhYXyPAd2CjSxXeqifKxo8PbTtzlM+PB7KutQW2JYTVMTcMhPiPP4Qp0MB8NshG590Oz2iOjhbJMNUrh5nKwDNttgrwPjHANrA0cJ7QARhOSUHQSOjhMPKSGThTGSSltHoby0N1OdsnkgEtPYbrF9Xdc0VlikpqV5kq/whpzhMgjBqtZDTx3SLK/dR0FopnzzSjLRgNHJK8ruvUFyv0xdO9zabPlYNshQqmpuV3l+ZrpA57t1IpaR22RsnQryeN13kZ6nO1jWMLRgDA9FJjiLnAkIzYWtA8qKxo1DC1QgonL/wAnGQtA2ClBoAxhNadI5XfHarLUsmPSSXMgclbco/Op1JIb8Ics0UQy+VrfuVTmWlnoeSB3CaJM8DKr57tQxA4Jkd6AqvfeJ37QDSPQoW8hKEpdF3LKOTsAoklwij+k7qoknqZMapP0TQMDc5QjlDBNnuEztm8KM4vecuK63HcbBPbLTN3Mm47KZDSz0MDMDPqlp90yWuhGzXa/smsqZ5jpjopj/wCFLllkbS7JDe6TiAEorRdax+GMdA31ep8HS9UD/vNU17fQBTDJ8kPbKd8wY7AwUhU74xlaWLpuibu9mSpcVnoI9xFghC4bhUr4royopqicBzIyjw2m4OOBCN/dalkEEZOmMNwuhgxyoq8CXqjO/wAArHAFxDUaLpwbGWb9Ar4jblC157K9ov8AkTkVzbDRgYc95/NdbZ6JhyGk491YEjhD0qtsfRe6T/qZG+SpW7CNdFLG3hHTVW1Ez/cGGNbtpCW3sunhBLjk7q0kiYQ88IGluTsjnhBLXZOysNcCAb2XNAXElAlZgdpb6JYCau5woWrMjFw7p6WcIMBrlDPDHouANGyTngDlRn1LQO6p4RaWQ7g0cOCFLI1g2IJUOWr7+ihvqXSbZIS5NMuNWeSXNVAHYhQ5agv2AQy1ziM53904ta3CVgfFJDC9x7p4GFwOwcJmCg4Q2Mf0EJB7pBpJ2S8FzyDhSAwMA23S52KKNdGjsvlhIYxnBUgFoHCamrHO7J2qPDNd9jy4oL3EgjKKeEI91mldg6tPiWmngCQ4lOGE/DeUzKVPUYOxp/GyF+yW/YpcnA5TvCc4bd1ks1OTt6fQKPY04x9SEG5OMqVDRSSvAOw7qcyiihOoMBKzTsbOnVo8dIrI6GaQjSMKbDQCPBlAR31DIBnAHqoVZdYWDDXb/dLczVGuuv8AIm+BExp27KDV18VOcd1VVFynly0OOCoTtbz5iT90G8t2x6RNq7pK/Zh2UKR75jlxS8EuHKe1oHKp8rgzTlkFjG+E7ARDGXYICLBTZweFI5AhBzZG8Mp8UBkdjj3V3R2syAEtwFaxWqlYASwEqOSRrq0MrHkoKK1a3g859eyuoaEMaMABTvlWtwGMAA9EUxNY0EjCRZblHVo0e3oixxaeQitg1DOFyWpp4xs/zKDLXVLjhrsAcLM7Ms2xrhBfcTSGQ/UMIEtbGwYi3Kh+LO8gyHK62Ik7DlV2TKXQjWyud7FDJleRgcqVDRaiCR+6lxUYbg6UcYti5lcymmd9TeVIjtkrgC4ZCsREAPslrlds04WiFYicyNHSxRDAbuk92PpGD6ohGD5jhV9yulNRh2l+ot9FphXgy26iFcW5MM5zwC6R2wVdXXiniBDTk/dVVZd6mvjDB5GnnHcKucQ3c9lpqqbPP63yncKw1bdKmpdpYcNUIMI3duSjOc12xGMIT3N23IC2QrOBZqZT4kM2bthcwP6guuezGGuzlR/DL3YDs5WhJJGKyW/hBnAeqGHaiQpFPb5n4c4nHup8cNNE3zN3UjJIGGnnY+SBFSSzEY2BUyKmZFu4ZP3T8jPlbgLji1gy92B+qGdiN1OjiuzuAeGpY9kGa4QU428zj2UGS41MpODgJLviuzoVUxj6LTU2MZcQFFmucMZ0hrnH2VcX1D3Zc4n809kTtikSvbfBo2foO+4Sybxgtz2KAHzybvflEEYxx+67px2SpWSl2HCPIGRmfdNAA74UxlNNNjw2ZUuC0FxDpxhJks8muFMp9Iro48kADJUqOhlkxhqtobfTRN4yihzItmt2Q7sGiOl2v7iBBapdshWEFDTxbuG6a+rwMjlRjVyyHHKp8mmPx19LJZNfT0wPmCjVFxkPlj4UfQ+bBKKyNkeMnKXhsr5P+UG98suA8LoiA5xuuS1RDtEPA5KC5znDJBTFXkCbb7DPeG8EFBdIX9sIbpYo2kyyYwqqsvLGksgdujUDLbfGv8i3klhY0mSUNVdVXOL6YXgkKupqa43aQ+Ulo5K0Fv6dt1E7x7g/Psn11nMt1Flr+3op44a25OwAS07HZW9D03HSYnqRpbySUau6moqBnh0EIBGwwAszWXytriRJI4NzxlHjAmVjjz7NBVX2ioBpo9v9Vn6641ldKXGVwa7sCowiL3AlWdFbJqjT4LMn7Iox3CVZO54IMFM5zgXknPKtaO1Pmx8tESVrLH0FWVDWvqWNY077rdW6w0Ntja2KFuw3OO6PG1nU0viLNRHc+DE2XoSrmY19SAwH1C2FLYaO3sY2KJuW87clXIA7dkOTOwwiX9jvUeNq08cJckTSQ3ACFjfJG4UwRF545ThRY3wP1UlPA7+O5fiiGItQXfBx7KSWtaNkwNMhAAwhUt3AcKUuwDmBidEyd5ALdlOipWHDntyQpLY2tGGjCtIbGva+CIyncAC5FbGBnZSA0YJPZRZauKE+cj9VY2WIrk54Y7FMlrIIDiR2M+6pbp1E2N5ihO/sVR1FbNVHMhKjeDLPVKPES/r+pYonmKI/mqSqutTUE+c4KHFbpqpwLBytDaOlHuIfMcj7JU7AYQs1LKCnoqiteNAyfdaC09MzNeH1BGkbgYWlpbVS0QBawagEpZy0kBqzSt/Rvo0CfMgAjipRiNoCjy1Bk2A2UgNdUEBoO6nW6y1BeXGPO22Vks1Kj2dKnRN8QKqGF87/ADD9VZ01nkkIMYWipbLDEA6YNOewCnNiZCA2NgH5Ln3axp/adTT+OXcijprFpx44VgyhpoQNMWSFO0l+2EVtNqwSsc75T7OjVp4V/iiEGTN2hGGnlOFLqA8QbqdHGc4YMIwonbF42KR8nodsK5kGnAaEY0bpQCQCFN0U8I5wVCqapoOBwgc/2EoJDPAih4xkIL5xwAnO1zbjK5HSSZ845UywtqYCQucfRMELzw0qw+UGAdPCcREwbjdTJMIgClk/ENvuiMpIBuRv91KJ1DACEaV+cvOFMkePYF0bWbhqE7U8YAwFKcGtIB/zQ3VNPGOd0aeRUkiMYy0+YYymuLWBDqLjTk7Ht6qDNWashNEzkSZahjcgYUKSqA2GEB7pZT5MpMt9TI4AjZFuM0230cmqye2FDMr5cgBWrbUxuk1DlIH8NpQNIy5C5YA2tlA21VU7gQxT4bE2MB1U8Y+ykz3J7dqcYChvqKib+8eUO/JFElabXRDgOKjuumdqbYD2QCwZyVzy42AU3YC5XRyaeqqMNdKQPQFD+Xx5jvlJ8jmDyhR/FqZTp17fZR2FbWw2YIvqwEKStj4iblyLHbqibBdx9lKjtbIyDoBJ9VammC6slO+SulI0twEVlFUygEgZV58sBgFgCMyl0jsELtSK+MpY7c5v1tBRG0WDsMK1fLTxbPIGFBqbjERphG47qO1FOGORpoxjzdkMuggHmI291Gkmq5T/AC+EEwSP+rJS3bgW454Cz18DdowSQoz6+aRunGAjfLH+kJhpdJzpRq4S4NkRzpHncoBZ6qw8LPZD8IBOVqAlW8EAxlBdFuclWZi2Od0AxHJ2TY2Z7M0qskAxHuhuiON1YeGmeGnp5EOn2VxhOeFzwfZWPg5/D+6QgAP0olIQ6t3RA+W/w/uuinxwMfmrMUpxnGEvAA+ogI/kBVCZXikIHAH5rjoA3c4U6V8bBhu6gTSF/sjjMCVSQKR+geqhyOfJtjAUsRuecAEkokdtl1AkbfZP38CpUyfRW+C4nJTm0z+zCruOgjaBrG6dphj2LQFPkQS0r/qKZlsmfjPdPFtgbu4EnvurVw1bBAmik2LhhH8hJaeKI4giaMaW7eyRZCwEhrfyCJ4RdjPCe6CJoGNz91fyi1T+iGZHcNYmCmqJju0gKcIxnLWJOFW4ARsx7oozyU6F3IifI6RqkOPzQXmjjBAfghTnQT/8ZwOR2KjG2B58sOrKYpfoz3VP+hECWvgZtFvhRJbnVP8AK38ldiyM+owpCloKf6sAj2TFMyS098vyeEZ50VyquSQEw2uqIw87K+nq6eMaIvMccAKHLIXDjlXkzy00f6nkrDaYRu9wyAuCkpxtoUp0UzjkAn81wwvI4ViZUx/pRG+Wp/6P3TDT0rRksUp1FM4+UFdFonIBP6KAOmT/AKSA6Sm2aBjCY3wzy3IVu2ywtwZD+ikw0Nshbqe05+6MW6JR7KWKGF3/AAcqSyCAHeD91OlkoWHyYGFFkuFM0eVufzTIC2oR7HCCmxtGAUExRjgD9UB9fuQ1qEalxPCa45M8rILoMWNB+nhDDhnShmo7EIRqGlVsFO1EnREeT+6Y5kB+goJdnumF2BkIXAH5UwjqeNvcFB8BvGPzXDIXHHoiNd7ItqA+RATTnOQhmJw/JSjK1D1lVsQakgOp7TwntqSPwp+kHbCZ4B5KpwZUp4HtqS7AIwnieM7CQqMGY9k3QVSyilNssYapzSCJT+quaO/XGFoYyd2B6lZTztGxXG1dVG7IfsnIYrpQ6PS6PquXQG1Iacd1dUXUVHM0NcQQexXksN58PHzByrGmv1KPb806MsGmGql7Z6lJTWytjxpj3/p2IUP+Buidqo6lzAOxOQshR3WF3mZPyONSsGX2rhaGiYlvY53To2JDfnTXJeN/jNJNnAkaOMcFW9D1oKLAqWSRY2I7Kho+pWENZUAfdWJqrNVNDjMwk/1DKPenjAqU89M01D1bb7i8wzOaWn+oKx/hdK8mWmfpa8fhOywc1ngqQH072s9HMOCiUn+0tqkDYajx4xwCeU2L4M80bbx7nRZjq2NrqbjS4btUSssVhvDC8t+Ukd2IzuoNv66NO4Q3i3uiB2Lwcj/JaKCWx3pmu31sbpHDOk7I1JmayqFn22JNGGufRlxt+ZaOQTxcgA52VCzT4xjrYXNI244XqTmVtCcTU72s4y3cFCqun7Xeo8uYxshH1NGCtldu3s4mp8FGfNGDzyotDJoTJTPDx3A3KoKuzMGfIQfstvcekLvaJDNRvdJGN9kCOsppP5dfTtyeXAbrT8sWefv8TZGW1rk87qrdURu1MGW+ndAbI5pLXNIIXolRYQ95np8GIjIKpK+yU7yQ4BrvUK2cq7SzpfKMuKgAg4VxbOo6yiLW+KZIx+F26rqyx1dMS+LL2+yrnvlhfh4IKtvBnTceUen0HUFvr2hgd4T+4dwrBrNe44XldNUkgOY/BCvbd1JV0pDZHlzR6lNhYM+aUuGbcl0eyl2+5T0z9UZI/NU9BeKS5twxwEgG4J5U1uGjBWhT4M99ENQsTRr6e6013i+WqMMcODnG/qFoOnuo7r01LplLqyiOzoy7do9QvLiHt8wJHuCrq3dVmmY2mrmEgbB45x7o8o4Ws8aoLNXSPcKa52y+MFRbKqMnHmjJ8wPuFwSODtEjS33wvMrdWtgmZcbLNqdy5reHD0K3Nj6lprwz5er0MqG/Uw7FWcOUGmWwpxKMtI/VZDrn4bWbqu2vir6TUezmbOB9crUPlnopMgF7D6KRFWRVDf5Zz6hBKWCq7Z0zU4cM+WhXdb/CC4GjEstVaGHIcQSQCvZOjvidbryyKptl0YyUAamnhx/0WpvPTVuuwcKiJuHjBBbkfovn7rn4S9R9DXGS+9CtldA12t0MZPlz6eyo6SdPkGo2pRn6fp/5PrSx9U010ia12GTjYgnkq7a/OxHK+TehPii25QRwVUvy1fGcOa52CccFe1dL/EuJ74qO9ytaHDS2X1PbKnZydVpJ0T2yPQJYy45CGdQ2wnQVcFS3XC8OaeCEQgK3EyOLQAF2c5ynyNjqojDUDUx3IK64aeyHnByhaT7Jl9o8F+K39nuMPm6g6F2e8l8lBp5PfSf9F4AWz0sz6epicySNxa9rhgtI7L79a7AXnHxN+Dli63iddKKFtJdm7uqO0p/xj/Vc3VaSM+Yo72g8zOvFd7yv2fPnw9+JfUXw8uguNkrJGBxHiRF2WSY9W9+T+q+0/ht8Ven/AIkUDZaImmuETR8zSybEH1b6tPYr4Y6m6UvfSFwdbr1R+E4HDXg5a77FCsnUV56crorjaa18MkRyBnYjuCF86854KrVSe+OJ+mfZfpj6tt0cYxzurP0iMecIVTEXNxp1ey8a+D39oS19URQ2nqaYQVgaAJXHDX4/zK9zfGxzQRj7hfJ9f467Rz22I+46DytOvqVtT4KVraiF+nSPD7NPZGhncHeU/llTHxDGHd1Glo2sBdF+YXNlHadmE4tckuGUPG7gjPIxkHZVLNTCMuIClxz4A3QDYxT6JbZM9l12/BQWvGCPVOwf6lTQxcBm4xgrmZIHh43HCHJkEEFOjm1eUjhWA1uLGnma5uWptfarfeKY0lwh1sJyPZQIi6KXWw4B5CsYKjXxsQmwswZ51Z6Mfb6l/TM46H6waK21Vvkoa6Xfw2j/AIb/AF5XlXW/Tl7+D19N3t7H1PTdW8uLWnIpx2wvfrxbKO9Ub6Guj1Mdwe7T6hUFCwR56K6rAq6KpHh0lTI3UdHaOQ9wulpNW4yyzNOozVDWWfrjp19JWRw19BUx6JY3jIc1w4Puvz2/tMf2eLh8JLvJfenaWSfpusefBxxSntET2G+w9ivsS80N6/s+dRaZTLU9H10n8stBPhb7/luFvr9Zunevel3xSRQXK2XCI5YcHUwjY+xXsPGeQVMt1bOD5XxdWvqdcvy9H5Fxyl2AVIa7PZemfHv4LXH4P9QOaNdRZauUMoqnGXNzxE89nD/VeWxzgnBX0LR6iOohuiz5Dr9BboLXVauSSunfhNBB7rq3xlgw9BATlPHCEDlOBOUZAy6mNcAMErutvqjAHJJJKEGlrcHZRjypTjgFRTyoQ61SIjg5UdqPHyrQMujQwS+Ru3ZaPpSoLavGcbD/ADWXpsOaMcYCurHIKerafXH+a10vDORrFmLRvrk7ErD6hXFoc4NaAeQqOqeJIRIRwBgqws0zy0b8YXUg+DzNy+0hdYPPiNPumdPyF2nfgp/VOHPb91GsfLSD3UeM5HJf6Bd1r8zsJWitL/5QyspWyH5howtHaJMxjHsiXZgujhFpdTiAb915p1Sc1OSey9FvDh4DSvNuqj/Pbg87IbHwHoP90FZ9iriE7n7qktZLYiQrajOXHPZYL5cHuvEfi/8AJJl4CHTf9panycIdM4fMN3XE1jxBntfGy+80Fe7FGwEfhVfTO2GNsKdXb0rfsoEIyMrymolug0e5q5wz1Ppacz0MYHYBaymbhYv4fv8AEpCHfhAW3Y0jGRwvn/kI4mz6B4yz5KYklnZFa12obIcX1BSwBhc7pHUOjhOIGOFzBT8FX7GIpbxB4n4exXzR1aDF1BWRaeHlfU9VEHDcZ2XzH1/GIupqvy485XpPp+f+u4nhfratzoT/ALmWni8aItx9lFtFQ6hrAScYKtGtyCMchVFZEWu1jZe327kfJJN1zUkehRSiogbIw5yMqDUNcwnAUfpO4snhNPKfMBgK5qIO+nlYNRBxPW6Kz56lMm9PVMsckeH4wvSrZUMqImuB3wvJKacwnA2W96ZuIkawaudj915XX0Nvcj2HjNRmKizZwEDClmMFowocIwM+qlxknYrgz4Z6asi1lMJoXDGVn44XxT4c3GCtgYssOR2VNXUh1eI1oG+VcLEXOtMn2mZsjfCcdxwo/Wdqirunqhkm2husd+Fyzj+fstIKZtWwxPYHNcMEFaqrvjeTBqqd8dp813ciKjDQ3thdtFRmIDAWh65sJtVwqKYs/lvJfH7ArK0f8l4HAXp9Jb8sNzPBazTuNjNNC7IyiloeMqNAD4YR48njdOksnPcWjsB8N+e3dSpmBhDsjBGVE1b4wpJ/nUwzy3hZ5odAr3xiC8QVQHlOCtuJGyOZOOHt2WKqCTo9QRgrSWeqknjfDKMOjxt6KgrEeXfHGxMjkjvDY8axpyB6Lya3TAv0OO5GQvpr4gWk3jpaqja0OexpLfuvlnW6mlBA+kr2vgdR9qrZ4Tz+my3M0ce5RuMHCBTEPiZJ/UEYcL1MUjwklh8hXNDxpPCh1NsAbqiU0bIrTjsqBjZKHRm5aZ8TtJZ+6Fp91pZqSGceZu6qKu3zQOIDSQFDVXqU+JFekunlcUNSafQJJJJQsekkkp0U1kk09Q6IjKu6KsDsDIys6iRzuiIxv+a0VXOL5EWVbjWMma4bYXASSclUlNcsYac7q0hmEgyO66Vd6kjFOpoM17mkd1LjlBA2UZvrjhOBz2wtULEZ8eyV5SFzSQg5LTnOURsudsJ8Z5KxkKHngoweMBRwM910NyeU2DBJMYaTuEdlO0jIPKh6Zv8AhH7ojDUMxpcmlpEltPPnLDsigkbFvC5T1haP5jdvUI7pYThzSDlAjTWzjAMfSnjGQScLoLCcJwYCqfI5BA6HG7xn0S8vbCb4bTyEi0EYzhNgibkOwPb9V0M35H6rraYu3BSEMmfLyiInkK0OA9cLjnuO3omCKtHBCc2GrG5GyYkkVzkeMk4JUhuMDBQAHAebld0u5yoooP5GS291xoIO5TGagAusdIT5sHCNRSJvYcbhd0nsmMeQfpRRIMcKwoxydIyitTQcpzVaDUcHPE9kQYzwh+H7p+B6qgwmQkSEwBy6A7KhAmo+icuMaccJ4jcVA4ttnNXsup4iI7cp4iIOVaeBiQ3JPCIntj24RWxE47JkXtQxJgsFPARhCCM6f3XGxkcBC2mMSYDBSwUcR+gXMBAMSygeCiNTtIxwuAHJRhMEmIqafRAJseBiG4ZGERMUMkp5AOGSQukho3KReG52USpqByBlQzXXKPY+aYdxwqm6VzomeXCZXXIgYYMnCqiypnJdODpP7KHOv1K6QF9fNUP08hFipjINR2R4aIkgQQ6yVrrD8OrjcJWTV2YYRuWg4ylysUTk362MVyZWjtNXXTCCgi1vPbK3nTfw8dERUXZzCTghg7FbO22K12hgFNTMa4D6iNyjPqWR5cdkic93Ry7NXKziIAxUtupgxgDGNC846y6rjmldTUzvKBhG6z6wdIX0lM/ABIOO686qah73FzyXFyWP0WnlZPcxtVUOc7J7qOTkrpy45IXMHgLPOaier0uj2tSZ0HGSmyP1jHCa/PqmBpkPoss5NneppXoYWFxCkQUxcQeE6KB2RsrCngOx4SXLB0tPQzkNOXYGlWlHREYdhGo6PYeX91ZMhAAGOEMlk61FG3kBDEGjGEbRhOYAO2UVwGBvjCE2qKQAjHdRK6rjpoHSvOCOAi1tVHSsMkhxhYa93uSqkdFG/A/yQuWBOpuhTDkDX3KerdJqds87eyixx5AJCUbC4DuSjxs8MbqLk4d9jnyDMekblVtwq2uPhRnYcn1RrhXt3hhd9yqsMLnZymKGTkanU5zCsdGx8rxlWdNTAYKHR0xIzp3VgyJ0ZBx+60Qjgx195Hxt0hoxsiPlAbgAIZlAGMIYducpkYZKttwsI45xcVwANOcbp+cLmcLRGGDn22OTO6vZdLXHskwHIPZHAGE2MMiRgByitGcBcwE/YJkeAWEaO6DI/fACT5DwuMZq5Rt5KOEkp7W4IOEmtJI22RMA87K0ih7MY4xhdL2juhGQMyor5i44AzlSU9pWxkmWYDIaQVFMjxzwuBhJ1H/NdmA04CRKbkHjAnPz6IRGe6fHGXHdMqZRAMkfklzltGRhkIDgEnCqbrdw1vhRZ9CQh19wlePCiGM8lVkkJeck8d1zNTqJPMImmqnHIB0hld7fdNMRO2MI4DIsbbrrn7bbFctR55NajjojmBwOcYSMJOxKc6SXONWyWr1VuK9ob2NFOO5/dd+XHqP1XMn1XcORpxXopJnPl99sfqkKfUcagF3zep/VCMcg37fdVsjLtBBhRsP405tA1xwHhRwJM/UU/EpbjUSq+OH6HQlhkhtuY78Q390/+BuG4BKjxNq9Qw0/qp0Da/YHceizWxS6OhplGcsNDI7bUath3VjBaJZSA/AHuj0lNVSkAtWmsnT1fXStijG3crL7wem0Wki5KOCDY+kzW1Ajgblx74yAvY+jei4bXEdbGPlOMuI4UvpzpSG3xxxQsBkwC9+OF6FbaEUsIBYMn23Tdh7/AMZ4WMErJdkS02oxua6TDh2HYKyrar5eQwRs1yH6R6osr5WN0wYGfZOpaF2fHlwXkd+Qp0eoqpfRDoLH40nzd0GqXs3sFeRsa1ulo2HZMawjuSiNVZHKrAm9gn7Y90NLJVEwI87JiemFWlkpvBz3KZJMI8EjIHK5NJ4Y3HK8q64+IL55H2awTHW3IkkB2cfb90+uGTl6/wAhDSRyy3636/8Al5X2+0t1TPy0kH6V5tDT1M87qmqkMkkhySd8J9uonjVI/wCoNACtoow3GwWiNWOTxOs1s9ZPdIHFTAAZCls0sAGEmgAbBL6inRjgxLA7lOXARhMJGEQYRz9tlGklIThqzhJsPJ9VC+jMvqKSH++rIG/+JVlV1FTRP0U8Qlx3cNlnT5ud0tJHYrWq8HwOOniuy1nv9XMMRtbEP8KhOfLMcyPJz6lBDgN8ogEkwAp43Px6IXFF7YQOeGc8IgaIgHORILPd6yQMbC6Fvdz9laU/RztWqqrJHD2coDKyuC7KV1ZTjYOJPoFwSVk3/ZKCd/odK19L09bKfBMWsjuVZsjgiaGxMDQEElkS9TH+kxVPYL/VAGUNia7tncKyp+h6TTqqqiZx7gOwtM0jfddLgFW1ipamUuuCrprJa6RgZHSN27nkqWxrIsBjAAi5yeFwjKJJIU5SfbO5zuh7FETMYRYWBTbZzBPK6NuFxy5koVhEFkrmD6pLmr2Vgxjnk4uEDBIXUj9JQYDigRJyuLp5XEIzA1JJJQgLJTM5Tk1QglzAXUlAxiS6QByVzU3GQqygtrYxLUG9wo8tW0ZHdQpKp3qglNIOMGWElS1vOFHkr4TsDuFXmcvTMD0SXZyOUCRLXOJwO6jyzOI+6bo9/wBl0DHdJlPI1RSBEPeV0NwM4RAA3tlN8zvLjCGVmBijKX4oG49gE1xccDCkR0znb42KlR0pG+AlTvOvpfC6jUfksEBsDzg6SpDKbgkKaGRtx5cLjnMA2WOepSPSaTwUKliSyCETWhDLRlJ8wBIQnSggrLbqNx2aPGxj1EJrA2/1TNWeQo+t2cj/ADRG540rLO86lOha9BchLI9VxsRI2XRA4nus1lzZ0a9NtXCOrgiLjjOEeOmJIOOUcRMjaC/b3SJ2tmiunBFFOSRtnKlMpw0AkIUtxpacHzAkKpqb9LLkRHhJcm2NjOFfZdvqKekb53YVXX3nIxTuH6qlmnqag+c8prKc53OEWf2E731EkPr6iU5cc5CieG+R2TkZUsQDGe66Bp/DwqyJlPPLBMjDRuMJx0O+jdGMLpMEDAR6ejc4gtaCVT/ZIRlN8IisjceykQ0geRk4VnS2uaTGY9u6tIbZBGAdO/dRtI3VaRz7KmmtDpCNIyO6uqW108TQS3zfZSooRGMNGPsiu0RNBdsClSuR0KtJGsC2CMO2GEQxiMBx2CjTXGFgIYSXKunqqqU414BWec3I21wVa4LGor4YRhoy5Vs9XPMcZwCuNge8hzu6MIGtG4SnmQblkjsgL/Me6cYw3GUcYG2oFFhp5ZnARtyrVbYuc0uyL4QaQCOVNgo9eDpx7qxprRluZhhS4aRrNsDZaq6sgOaaKyOjLCNsqQIeApuiOP68AD1Kqbl1Pa6PIa/WW+nqtEacGPUamFUcyZJdDjlVlbc6S3l2HB5b7rP3Hqarqn6o3aAfRUssz5CXSSFxPqtUKcnBv8q1LECxrbzUVshdksHoCoT3h25dn7qL4g3CE5x7u/JaY04ODfq5WyzIO6RzciNwGyjue7uUwynOEtLiM4T1BIxTm5dHXSZ9kMeJMdLRlS4qRrwHSNUuJkEQHkwmbkhSi7GQae2uccuYp0VJDAMhoynSVEAAGvCjTVrHbNBOEuViNVenySHPDTygSVEbBlx3UKSeRx37JjyXcpLtN1dGCQ6ve3IjGxUYumcSXvznsu6An6fdKk3I0KvAB0eo5wnthxjblGDGjd3ZNdIzOI9ykuORkUkOjjYD5tgnfyztGdRXYqSefBLCArGmoooQHFm6pcD66ZT7IEVHUSuHkwPVWcFDFEAZAC5J9VG3ZowFHluDf+GTkKpLJqhGqrvsneSI7DAKa6oawZyD+arhVSyOAcnBsjuSQhSDVqX4kiStPACa2R8uwG67FAw7vblPeGRgeEzBVYLc5PsQp35BkwAnu+UiaNDslDcZ3Dz7BRjPSUx1VL91ai30JlaocskGWoBxTsyDyVx2tozIeeVV1fUkUbdFIfzVTJW3e4Hw2SOIPAGyNVP2Y7PJVweIcsvprlRUg1PlBd2GVVVF+qqx2imZkDvlNg6ammw+rfpHO6smCx2hgAaHuH+abGBlnqbbeW8IgUdpvN4nDTE7SOSr+Dp6x22MOuc7Nfceiqajq6sGY6B3hN9R3VNUVlRVPMlRM55O+5RRrMf8mK/F5NRVdTUlG10Nqg0hu2rHKzdbdq6veRJK7BPGUNoODsnQxB2wGSmqOOAHdKfDAiFx3O+fdSqW3zTn+S3JKv7L0dcbqWlkZAPOy9R6c+H1DbWsfPG0uG+B6qNJHT0Xjb9VJNrhmH6b+Hlwrw0zw6Qd916LaOl7ZaWBscDXOHchaDwwwAR+UDbZCLSOVXR6/TeKq08Me/2D0NA0gAAdgm6fdHERKM2lyAcqnnB0I1SSwiI2CR/0jZd+UMeCR+6nhojHoodbWxxt33PYeqHL6I4pLkE/w4tzhRJK2OTyx9uUGWaSYnIO6PSULmDW/G++3ZWk+2J/shjY5JTnHKlspwwDI3UiNjW/h4TZ5WwjLkcUsAP7eRuhMkqIYf7x4Cq7h1A2mwIdyeyzdVU1NZIXulIB7BRywBK3PRb3PqZrHOhp2knGMgqglqa6rOZiWt9MpzYgXAAbqfSWuprJWs0YB9UDkooTstt4RVeE55AAJJV5aenKmqcHuGG/ZaezdKMiePFjzjckq+c2no2hsMYCTK46Gm8apc2FTbrFTUkZ1gajuNlKfiEYaNvZPfMZThoRqO11VWfNGcLDdqlDs7FWjUeK0QDK9/lAR6O01NS4FzNloqCwxxYdMwAq2jhjjAbDGuZdrXn7DfRocPMynt9kiiaDLHgqcIiwhrGfkFO8J7N5G4z7rmloxpaCVgt1MpfkdKumMOIoimOR27m6UgI8AOdgqcyllneAWlrVNjtcIALmjKRK7KHxhgq6en1/S3PopkdG5u8owEeWWkox5sDZQprkZjop90v5XLgtJIkTPpIW7EAhQJ7gHeWI7LooaipOpzcKRHboohqxug3vJaRBeHTc8pwoo9nPblSZXww7Hb0TGSVEnljaNJ7ok9xbwgWmFhAa3ThPDwQCwak80YyHyjJT9DGDyhGkA5YI5iqHDygNH3XG0xBy5wyF2on0D2VbU3eHgnCbgDciwfojb5eyr57gyPIcRyq6oupk2hcob2zS4OTui2oVKeSZVXeJx0g7qE+pll77FOioATqmZlShFEwDQ3GFBM5Z4IAp3SHJ5R47c3YzFEkkY3YBCfMX87Isi8Z7DaKWEZ7pj6lzhpjOkIBJPJQ8+iqU8F4HudK4nW/KAWb8JxIHZCOo7Y5Q/JkHDHOc3ByBsgGT0YiGBxOCeUZlEDvuq3INQbIeHHgIjKSR+DjlWcNseSCG7KfHQBoB07j3QO5BfGUkdqlfgnj7KbHbIWaTjf7KycGRDzHZQ5rjTxbMdqclTt/RarwO+W8MDI2THPp4t3uAUOesqZiA04ahmJ7hl3JS/n4wW4hJrqyPyQU7Xe5ChyVdTON3BoPZF8DBG2c+yJHSDIchdgmUMkExPeNwSm/LH+j9lbtpRjYBI049Ah+XLwD8ZWNptH4P3SMIG5CsfCaNtKY6MeiJTLVZXmHGxTHQ7eisPCJTDD+SL5GKlWkVjofRmfzQXR47furN8W+7c/mgOhzjy/umxsaB+Ig+GT2QzT9y1WQonOOdOPzTmUGvYZC0K0VLT/oqfA3xpSbTh34VfRWknckIzYmRDdjRj2WiNzFfxn7KGOg1b4Ce6mbCPNghWVVO3OGM47qtlbVz+Ud06NmRUqlHpEaWSNuzdyoUji4+itIrUTvOCjfIQM4TcoROiT5KB1JNOR4YypNPZjjM4VsQ2HAa0fomSuLhjCZkV8RD+Vo4BxumPkABAbsiSANIJQ2Nc/ZmyvLLjBLojuducjCDgZycKwFtqJyC44H2T222nhwXkq1LBbqnPkrmscfpGU8UVQ7ct2U58lBCQGuGUJ9dLI7RT5A9cIvkA+OK/IB8npHn2whkUMYzq3RvAraggSPw0p7bXAzBfue6nyL2VKnP4kAyAnFNGXFdbR19QQZPK09lagwQNAAA/JAlqZSMR7I1Zkp0xjzIj/JRQDVJu77qM+sjiy2J2D9lILaiR38zvwmClYNy3JWiuWDJZF9RRAnkq5j5HbFANI4gGcZx7q1EQb9IwgyRnI2/dPUsGadTl2VT6OPhrE35EnGBurZ0bAOEGZ7G8BWpGSdMPZBZQygE4AC4KdrXajhGdVAZA9FCnqDkYCMzyVdfQdr2xAhoCA+twC0HhDdI4g7KK7UXH/qjM9k5f0j5a2bP1bIEkrpOV1zMoErvDHGU2KT7MNkpS7OFgJIQnQHc4CaZX/hCCZKjGNey0RiYrZP2PIAOFwkYUdznE7krmSeSjMcpYHnOdnJhaR+L9kgMfiT8D1RJZEttgS4g4SOofi/ZPDBnnKXgbZyrcCsjCcompv8AUP1TPD5GMJnhEHO6XtC5Cas8rg0hcAA/EnNYXbNU2l5aOiTAx/ouuSIcN0tIHZCWpZGpYC5gei7p9lBu/HoaWeiA+PKNP8xjEIUbwbgNwA4KCpTyDfA5xyhGN3ojn5xvMWPVc1uHLUYPytAsyt4kcPzUpl1r42BgmJDeMoIIIyAuOOFfJUrpYLKLqaaNobJHkhSG9Uaxu0jHoqB0fcJoGnOUcZNCXqZx9m1ousRExodUuaB2yrql64YQAKkn815ecDcp4fgYBT4ywXHWST5PcIL3RV8DWz6JAR3XCyFmJKKQwPHBacLxyG5VUTdDKhwA91dW7rGqg0x1B1tHfujhbyO/kRl2ezWrre5ULRT3ICoh4yRk4Wgo62z3T+Za68RzHlhON149Q9Y26YBs0obq7FXMEtNNioo6gMdyHMdhaFPKDVqPWI62uofLcaMuiOwe0ZCiXLpyyX9niUxZFKR+Hb9Vk7f1jdKICCteJ4W7ebfZXlHc7RXnxKGtEE3JaTgIlLAM4RseZFVNabr0zJq3lpAcaHDLR7lMkhtF9j/3eVkNQOWnYZWvZXTxt8OvhEkR2zjIKr7n0n05d8TxvkpJeQ6I6QD6p0b8GO7Q1X/kuDCVNBUW6TTUs8h2DuQVV11roKwHMYBPcBbsm52jFNd6WK6UQ2ErG5OO35qNUdP0F4b4/Ts7Wy8uhkOCFpVqZ5vXeEnBbqFwvR5Lc+m66hd49ITIzsBnZQI6+SI+HUsII5yF6NWR3a0TeDXQ6N8DLdlV3G0W28M/mRNjlP4m7ZKNSPOSjOr7bItMzUVwMRbJTykH2K0tn6udlsNZqf2BHKyN06fvNn/m+AZYM7Obvso9NUtlYHNOSNiO4TFYyYfZ7HT1lPWN/lHP55TJ4wdl5rQXetoXNdFM7HplbG2dV09ZojmaY5QNyeCmxsyKlDdwy2pKyttsmulmcwc4zstVb7vBeIhKJPAq4xg6HYc77eqzBLZGjYfcIIa+NwfES1zeCDghaFNI5uo0UZrMUex9O9aMhjbb720kjyiT1Hv7rSyUcbA2sthw4jVjOzwV4rbb/FVaaS4BrJSMNkzs77+62Vl6kr7S1tPI7xoM5bvkgegVtZPP6jTyrfKNrT3FkjjHVuEUo/DhSp4YqiEh41NcO/dV8b6O/UzZYHM8XGQRyPYrkNwntswpLgz+T2k9FZim5IwPXXwUtPULPm7HI2217cnxGDBee2SPRec2q/Xnpe4/7MdY0ropmEsiqHbNlA4K+lg0Obra7LTwQqTqrpOzdV291tu9MJGPBAONwouHk6Om1u6Hx3rMf37M70v8Qq+yPZ4zTU0hAADXYI/6r2Gz3+gvcfi0UzXtLQ7Gdx918p3npXqT4Y1TcOkuFle7Trccvi+/stN0v1oaSWK5WWpMjPxsB59QQrbyKv0i/KLTX9v/ALn0uRlCe07YWd6S67t3UjRAcw1LRvG84JWneMhLxk5k4bXgDnCZqPCeQmJQC4KDrHo209aWp1uuTADg+FKBkxn1C+Z/iD8M7z0TUF0pbUUbnYZOwcexHZfWpAA32USrpqWshdBVwsljcMFr25BH2WbU6SGqjtZ1PH+Vt8fPMOn2j4cY+ell8SGR0bgdiCvpr4Jf2jZaU0/TvVkofSYEcdQ53mi9AfX7rBfE74OSWWF926fBkpQ4ufEG7xj/AKf5Ly2je6jna8HAJwvB+W8NDHx3LP6Z9f8Ap76j2z+bTvrtH6Y0dTRXOmbW22pbUU0jQ5kjeHApsgJ2/dfIfwc+Od16JqY7XXzOntkxAkjJ4HYj919YWS/WnqW3R3Oz1TZ4JGg44c3PZw7FfJ/LeGt0bzHlH3Dwvn6fK/b1L9DpYtW7QozXOYd1YvADjkZQJ6cOAwvOyjg9ZXLbwcin4BIUlkgIyqeV7opNJ5Umnn1NGBwlSeDQpKSLVrsjKiSiWOTxmDYcj2SiqNwCOVKAaRlCCsp4ORSsmbqYf/RDMs0MrXNdgenqor4pKSUzwEkE+ZqnMMFZFluP9QU0LCJkNUXtBxymXC30l1pnUtXHqY5VxM1K/YktU6Cra9iuFmBFleeiqNrtnUNml6B65gbUskiEUFTINnjfG/YrwyhHUPwJ6tf0p1LJLVdP3F/iUMm5+XGdiT3G/mb9t19DVlNFWReHINxu1w5B9lSX3p63fEGwy9O9RRtdUQamwvAwWHsWldHSav4p7jBbS28xMN8S/h7YPiR0tU2i8MFXQ1sethYcFm3klC/Mf4s/DK9fCXrKp6cu0LnU+ddJUjeOaMk4IPdfpJ0JfLh0Tc39CdUSAQU+llLKGbYJO+c7tOFC+PPwUt3xa6WqKCbw462L+bQVgbkxSb7g/wBLtv0XuvGeQlQ1bH8Wea814h+Rqy196Tx/c/MCOQkAI7TlSuqOl7x0Vf6npy/Urqeso3FsjHDG/r9lXxvB2X0DT6mF8FOLPkmo01lE3Ca5QdJcDgV1bU8mYNkroJymro5CMgccJJDhJEAMlaTjCCR7qSdwR7KMW4yoQYNipDCNI3UY7JzCc7FXnBDQW45gBJ3CtLc7TUtJPCpbYe2VawkAjBxutFcsHJ1UMyaPQmu8W37c4U+zbNH3VVaJPEt/hZ3AVnagGnSfVdKueUeau9xI/UWXHdR7CdwPdSb63OrdRbE4a+UUhiWaSzrRmZiv7Ecs5WfrXDxm79lcdPyhoI5ymRMtv4FtdifBbuvOuqP78fkvRLqQYW4XnfVH99+ilhWj4sQO1afAcSQrOj3Liqa3nEJVzayDHzv/AOq5+ojk9n4t4TSDTEb7qNTOPzTd0Sod/PIyo9McVLSey4WuX2HsvGyfyI1VZvSMx6KDTcKc7ekGfRQadeWujiOT39D4N38N6kirlpSdjuAvTg0A5Xj/AELUimvseeHNXsTTk5Xh/LxxLKPb+FlmrA9jTsApLOyawDTwiMByuF2d9BGt74RA0aQuxjbK65Eu8D0iNUwl2AF86/GCkFN1E1wZjW3Jx3K+j5XYxsvDvjvQBtRS1wby0g/su34W749Uv7nlfqvT/PpJY9cnlURBIdjhRbhTHwC4BFifuNlKnaHwFgGcr6NB+z4lqEU1oq3UNYyTVscAr0lnh1lMyVh2cMry+SB0biFuOka/XAIHuyRssupWeTq+I1Sr/wBKRJni8B+QrrpurMcwBdgKBdKZzfO0bcqPb6gwzNOVw9XSprB7DSW/FNSR7Vbp21UDJGcY3Vi3GBgLHdLXMHEbnbOC2MRHK8nq4bJ7T3GmmrIKRIj3ag1dO2WMtHJRo/pRBHkbrnyzFmxLJEtVsLpfKcY3JWmo6cR4e5uw2+6qqD+VUDbYq9blwyOFfzAzp3IwnxP6birLeK2NoLtWAe4HovDa+impJC1zfpOc+oX1NdKJlxoJqSRudbTj2K8G6jsz6eslgkZuwkbr0fj9VitRZ5PyOh5ckVdHKyWna9u+W/oUankw4jHKrraySCaSA/SDsphzHJqauyrE0eXtqWQ8rOCBsj0RDmugJ3I2XfDD6cTEJkB0SB3OUM3yJjHayJWRvDXNH1A5VpBV/J19vq9X8uqIgmKi1rdLnOx2TauM1nTr/D2lp5PFae+xVQXOS58I1dbTtBkp3gGKQEexB4Xyv8R7WbJ1NUQNI8KVxezAwBuvqS2VTblZIKku1yMaGPPuF458denIp6WG5QsxI1+A4Lt+IvdN2DzvltP8te5HmNkqtbTA52S3cZPZXB3wsja5vBqg4/ZauN4ewFvC97VLcfNNXXsswGHKKOUIcorRkpzMNnAePgI+A4YOCo7PpCWS05ySqAbaeUV10sYeTPSkAnct7KjMbmuLXbEdsLbRbYDhlBuNpprgzLQ2OQcOA5+6nZop1GOJGP0+64Rjup1XaqujdiRmpvZw4UI8IDpQtjZ0CLcd01PcDnK4R7I3BljV0HHZcXdPugIFy4EEHhSYK6Vhbh2Aoqa8ZIOU2uexgTqUjR0lyZJ/ePGQrBkjSMgLIRuLDkHdTaO6Ssdh52W+rUL2Y7NO3+JpsFyW7DwodLdYXANdz91PDg4AhbYWp8oyOuUO0Oa7ARMoOkOI3T2tLVojIANHKR9lJjnp+7t/sosbmcOOFJZG1wBAG/snouLwHJhdgNdkJzaaIeZp3Puo/hnOyKA5mDumReBySfoOGkJ4OOTsgiV2PpXWzNOxOCVYZJ+Yj4Lzn7JRjU7Y8qMHNPBC7q22KsmSxYx5xolAPojNircbOH6Kq+ZeNgnC4VDeHIg96RZiOsZ9Q1J+a70/ZV4udRwSii71DANs/mo5ZDjhknwqhztT2lE88eCYyfyQIb3JnzRqyhvUOkFzRnvkKlYHsRFEru8R/ROjkxjyqc250kmxa0fkiNFA/wDmAN390amWq0Qi9oxgJ0ZyQpzW0Z/CEUQUh+kJm5BKOCIHDC7gZBypvykHokKeIHIaEWURLBHDThIRuBypgjjxgBdELc5wqyElkCyLONkRkOCCWogAHZPDwOymQnE42FoGE5sQ5ylq9k7xPZTIyMUhwiaE8RNzt/km6z/T+6d4nsryH0PbG0bgfuuuaPb9ULB9U5rHHbJCJhKQ/hLxR6Lgwed10FrTknCS2MU0O1f4UxOMseMN3Q9zurJKaQ/UPVcIB7fumE47ppc71KMVK9IJjAKASMndOKjvcWAlXj9mS7URXYUnCjTVAjG4UaoukURLCcOHumUtBdrsBNEwNgPD3HAVvCOXqPIQqWUCqK7U7Q3Gr0UGWhr6l2twMcfqRytLS9PMicPlKb56sH1GMZYFqKDoaquDGSX2p+Xad/BiPCU7cHC1Pk5WdnmkdnbMdFPEZZidgO61No+GlXWaRcpvCjIyWMK9Jt/TtmtjWiipGDT+IjJKnPY0jCTba30cqzWy9FDbOkbHZmN8Cla94HLhlWgbgEcBEc3fcqPVTtp2+cj9VnnJsySnK+XJHrHhu4IGy876r6tiY40lM85GQ4g913rLrF3noaGU54e8H9gvM66vdO8lxJPfKpnW0Wkzycrq9007nkZzlRS7VklCJLySERpwlTnjg9V4/RYakE0j0XMD1ScRgoTWOcc9islkmz0EKl0jjm5OyLFD6bLsVO4kd1Z0lI7IJCo6enoGUlEX8tVpT0WCNsKTRUmB9IVlT0wbjyhLOxRRt5A01MGgeXH5oxapPhhoGENw91WUblHAHT7oFbOKeEy5GyJUVUVPGXyOAAWB6jvz6x/hQOIA90ub/QnUamOnjmXYO+3ySqkMUb++PYKlZGQ7UdyeV2KMuOp+5Uloazc74VRjk8xO+V090h0TsNw7ZQ7jX4Hgwn7lcqq1rDt2VSSZpC4bDKNL0ZNVqtq2QExpJ9cqbRwnIJH5ocEJcRsrelja0Alq0wjg5i57HU7AzGRhOmlBwwYSlmDRpa1AjBcclOjHJJz2oecnBKLoLuy6GEkbcIpAa1PhDBknLIDjO6Y3JcCAuvaS7ZEA04C0RiZ5SwPA7pwGUmgnfCccAb8q0sC3LB1oA5KHJJjsmOeXOAbn9U9jdslQoY0kndSWjI+yEAQd0YO0hMiWOaRsSEOeZsTfVBmqQztuoLpnzPOSUMpYQcVjkO6pdI7A+yJHHtqKHDFuCQpQbnAcNkn8uyNgwc5AC6G75ceER8lPC3JGCoFRVtlGmI4QyltKjyw01VFGP5ZBKoqiokfK58smx7eiJVyiP7qqqKjUSAufqL4pG+qtskySw4JL9yoj5nPyCcgcIQBOSnsByuVZa5v7TVGO0Y5zy7CKOE8NAG43XQcbAIEn2QFp90tPuiJI8EyN0ey5gJ6Wn2RKGSDNPsu6PZFw3+n90nBred0aiol5ACL0CkRRgO44QzLI12GBSqaCWRwOnnuk2SUTXpoOyWEEjiOwa3Kt7fROdu5pRbfQaWgubkjstLZ7RLWSiOJuPVYZz3cHsPGeNX5S9h7DY5ayVsccYz69h7leq2Dp6noomhrAXgbnG5KF05Y4aKnbojGrAyfUrcWq2GPFQ9u3YFLUcPJ9B8X42p7XgNarYIWB72j13/zVhLh50t7LskznYaAAnxR5IymJnsaqvjhtFFAT9QUxrd02PAGcIiGbHwQQMZp5QDylk+qSoLCEkmLmoKCZYigij1lbT0ULpZ3gAb4Qq26wUELp6hwa1vqV471p1hUXqskgoZnNjGxwUyEMnF8hr4aaD55HdadcVd6q32211D2QNJa4g8+qp6C3eAQ9zg4nk43TKC3RwYcRqJGST3PqrOPGnYYW6qGD5/qdRZqJuU2OZG1g2HPKeuZC6tcYrAliSSXQ0lCXEbrK6GnO5T2xk9kcNaBjSFBoENHouo2CuOcG8qEPHGUNzlOIqU591Z0vSdwqQ19XP4QPZq2mhvYAfkkcDutUk0fnuerk/wASipelqGE5lJl+6s4KCjpQPAhDcI52SSjPK2Uuxx4whknKIeEI8qFCXclcSUAO5KWSuJKEHpJJKBiQ8BETEYGBJiemICCXNXsk5cUCSyJcJGEiRwmAH1ULOHlcSSQBjUklwkDlQg1MT0B8jQMkqm8ESbH6h2KbJJoHHKhT1TI/xKvqaqebYOwEqVq6HwhnsnzV8bCSVXT3F0p0xcIJifK4FxyjCmDQDgJLk2aMKIMvkdyuomkAYwmhpJQNt9l4zwhmn3S0+6MIHHgIjaN70mVkY9m6jQajUSxCJFDCeF0QucVPioiN3IzYmNPGMLO9RA9Dpfpu1v8A1SAyicR/6orKUg5wprtDADhAkqYwMBuVlu1UD02j8FXTzg6ImMHIC46SONuBgqHJV5PJUR07pNskLFPVxZ3KdCorCRLmqRnbCiS1LneXCHpc4orYvULJZe5G+vSQXLAedxRGxucpLYgANkRrG9gkObfZqVMF0AEO+ot3+6IIcfh/dFGlu5GwTTW0zBg7kKs5I1GPY+NmMZHKdqjj8z9gq+e4nin/AHUV81RNs95VOOQJ3wr6J9TeI4PLG/BVRVXSpk/FsfdPFukncHDspDbfEABKAShUGIlfKXvgqw2ed2oNz67qSyjwATgFTtIiAaxgH2C46mnkxoYiVQv5oJ5bIb2Mi2xnKaCH7BuFawWguw6Y7lTo7bBGNm7qnHaNhP5eiibSTP3aNipMNE7IJGFbtpgCTowEZkDdvKhbwbKdPu5ZBgt7MAlToaSKIgsbghGijLiGtburKjt0znan4aOxKzzsOvp9L7RGhY4DGnGUfQGAOOwT6iop6UFrcl3oquoramfy5wPZZJ3N8G+NXxkuorIIoi5rsu4A91WGpmmOl52Kf4XiEEruhrcHGEvLkFwDZTZwSiGNjcEALrnADHC5HG550jcpig2SUlE6HNGAiNp31BAY3IUyjssk5a97MhX9HbqamAIblwWiuoRKeUUlLYS4hz4lbso2QNAa1oUuR7WjA2AWeu/U9BbSSZQ4jjBWqFOejFqNRCqOZsunNDB5nYA9VQ3TqaitmsNIkLfQrE3rrKtucpDJXiPtg4VMJnyYLnE5zyVrr0x5rWeae7ZWXt36nra4kMOgO9CqZz9e7v3TXSD9FGkl1nbstEaEjjX6qyzmTDvl22QPFzzumOLnrscBc7zcH3WiNSRglqHnCFqLjsneBK/gbI7YI2gEDfvunCoZGDvgq21EuDlMbDSNP943dFAjjOcgYUSWqmd9LtkMOf8AicUmdq9Guuhv8ia6rj4ZyEB80j8gnZBDSN09Z5XNmyGnjHobgpYKKWgdlzAVZch0YKIzATU8tbyhulABUHKSR0kDumumI4CjyP1HbKQODlTBN6DMNRMfKMhTKaiZAfElcCfRRYZpW/QMIwZO85JO/O6phx/ZNfXwwjDXEk+ijPraqc6W8dk+KnyBloypUVO0HOAPVBjI5OcumQxHUu3kHKM2kGxU0hoZuOFHkqoYh/MdhGosN8fkIRCPGUTLQPpxhVtRfKaM6Qcn7quqLnVTeWM4yq+MzXayEHtj2XzqqGIEyPx+ag1N+p4vKzc/dU/yVwqzqdkhTKaztYNVUFWzngzT1F81xwgNReKypIbC8tB7ITLbXVTtUkhwe5ViZLbR/SASq+rvTn5bAC0LRXVk5+ovphHN08v9EqK2UdPh1U8DT+6K+82yjb/ujf5g2BCzs1RNKSZHk5QGx55CeqTkWeVwsUpIsqq/VtUcSSHHsVGMhk3dkqPo90eGPXnZX8aM/wDKtvf3sc0c4RG7Ee6fBA6R4DBueFtemfh/XXSRskseAhwo9HU0Olu1MsVozdvttRcJGxwRl2Tg+y9M6V+GUkbhU10TQ04IyttYuirbYYW64GF5Gfz9VbPqG50tGwQSake78Z4GKxZqPyA0NBS2+IRRQtBHcBPd3JK74o3KC7VUHDQkzyj1MKFBYj0J0zj5WjJKfTU1VM7MmAEekoSw+JKM59eyPK8MAA4QDYrAhAI2+bH6oElQ2IbYPtlBqazRtk5VTUTukOxKtICdiSwSqy4OcNDFBZE6V25/Up1NA+d2w45JVpFSNhAcR29U+MUjHOe4jQUWMOHZStDWNyTgBEkkZEMYA/NZ653wAOpqc87E5UFKWCxr7tS0MfiB2s+mVla+8VNY8vJ0tPbKC7JyXOyhshmmOIoyUtvgW27HiIN5Lzlx3Umjt81WdLGZCv7P0hPVsbPK0j2IW1t1gpaGMFzASB2WSy/Yx9Whst7MhZuk3uIfJH+y1dLaaeia3yAnCsJaimpG6SA3ZQNVTcHkU7P5fr6rHdq4xX3Hd02k+OOEh8tV4bdEZG6DT0VRXzaWDbvkK3tfTrnSiWZv6rQQUTYto2BuPQLk6jXNv7GdenS5WZIo6Lp6NhzK05CtYaZkTdMceMKxZTZ3wuSPjpxkY1emVhlqJz/I211Rh0gDKRrm65xgc8pGamjaBGAT6IscVZWtDdIa3ufZSI7bFC4P05I7JMrcDlHJBipqmpfqcDj0U6Chp4t3k6lKfKIQNhhVVZci4uiphqcP3SpTcg1DBNnqYaZpBOPRVtRXz1Xkgkz+S7T0lTUNEtUeeynxUsFOPK0ZQ5L4KplvlnfqqzlTI6WlpsY8p+yPLUQxnEjw37qsqayarm8GiZqGcElQAlzVbIm4jIUMur6p2GcFSobQ4kSVLwXegU1kbY24aMYTFDPItzK9luOz6kZKNHG2IYZwu1FfDED4j/3VFX3UPy2B233V4AbLOor4Y2kOI291S1d3Bz4T98qDLNJNnVk7eqBHTOcfTKangCUh0tdVTHGrAQjC+YgkY9SprKZrBkhPBY0YwjbyDtbIcdDHy/AIRmxsj3ATZZmg4CA+XI2JUywZRwHfUNAI2UR8xdkEJulziniBw3wqA2sCS4nK5ghSdLccJaRzgKOWBihkAQhhhKnR03ibDlSYLRJkF/CXKxInx5KpsJkPlblHp7bM52Q3GVfw26OPA0DIUgx08Lcubv8AdLlekT48FVTWgEfzhlTWUlNT4IZjHcodTc4YRpjBcfRVs9XW1ZAYMBJlfwGopFjLW0sJxqH5Kuqq+WY6aYEJjaSR+7xupLKTRjyrPK/D5LwivDax399uCntpCdyMK0FOT+FEbSd+EEryYRVihH9OPzRRRgYwOFZilGPpT/ls/h/dJd3omEVjaZreGj810QAfhCsvlP8AAP1S+UP9AV/Lkp15IIhAGdIQzGO7ArE0/sEP5b7K1ZgnxFf4Q/oCDJGAPoH6qzNMfZDdSuxsAmqxoVtKvQEN0Y5Vn8o5xHlRYbY9x4TIzyT4slKKcux5U+O2eIdhhaKntrXFvl27qebfDC0EDb1T4vIOxLszMVqIIy0o8sFPA0E4aVIr7tFSSGOmIcfZU7xVV0pkm2aeydEktq6FUVsTR4dONb+wUB3zVQ7+c3Sp8dJHCctG57ogaNgey0wlgTKO4rhRZxqKTY2xZ2ClyOa0YHdRJRjfKemInAHI4OO6iye26O6KSTYNSZbZ3ZLuPsmqYmcJPhIgPl8wAC46ComwGDGfZW0VthYdThuuvMETcF2MK/lFfA+5FZDbHkh0wBG665tLT84bhGmfPKcQN2TY7Y+Qh0+cqfKi/ha6REmrCTpgchNo6uc5l4Ku4aCniGdAJRNmDYKfKg46aT/Lopf4PAMF4yUcUcUbQGgDClu8xwBugvic8I4zyM+GteiPIQ0aWgKK5srj5jsp7qYgg4/dOMIIA0oxM6l6Kt9M5xy4rnh6O3KsXQ44CDoHJamR74Mk60uyCWajuFwxAtGThGmLG7EqHNPFwHEla4dGOxKPQ4xtGds491Dme0EDZOfLUE4iGQUJ9MXbzBPSMlryCnf/AE7qBJ4sm2lWggjbwEMwtcNhhMSMk4ZKk09Qdy3ZCMB5PZWj4DnlDEBCYjJOuPsrjF7IToRucfmrTwR3GUF8YGfKmKOWZbEiv+XL9gmih0jMuPZSHStYcIL5y8EALRCD7OddOMSNLBG3OQAoMrWgnDgp00b3HzZGQg/JwjBLy8+i0xjg59s93CK88pAA88KyEMA28P8AdNdHCfpjRbWZGyKwUDR/Nfg+6KJLYNy8JSUcD9y3hNNHTY+nn3V7SlKSf2hRV2YbF+6Xi2vs4KM62UueEvkKUnABRl/JL2iT8zbO2P1TPnbaN/DafySgtNI5wDnEAq4pum7E7HiTy+41JcnguEJ2P7GkUZuluzgU8f6IMtzik8sNLj7DlegUfT1gdG1jaNr8d8bqdDarTTY8K3tz9kDmalorcfdJHlRfVuOW0bj+qZiuxvbp8f8AKvYBHbmgYt7Rj2RRNT42o24+yVvGLQr+pnjYZVHmkkH3aUiyYcwvH3avZddJt/ubM/8AImE0X4qGM/8AgCm9hw8apcxkeO/zG8tcPuuh5G2r917F/DrJWDEtHED3GkBQKrorpyqJxH4Z9Wqb2SXiJtZjJHlge93Az+a5gAklnPqvQ5/htb3/APZayRn3VVXfDW7Qt10lTDUDktad8I1PkyWeP1EP6cmNfAHbhuCgyUshGwV7U9M3umGXUUhA9AoJgqICWzRFhGxBTk0ZJaexPEotFU6KrB8rAhfzW/3jMe6uNWeyG+MO5CiwZ5UFY4QH6icpjou4cFPfTNeCQOEFtO/1wmtIzzrsj6IuXDZO8RyKac+iZ4JzjP7K9qFvcuzrHNHICnU9wq4WhsVQ9o7AFVzmuynt1MHqieUSFko9GxoOsXkMirYy4gY1g9loKS5UNWAaWraH+hOCF5kJTkbI8TyN2kj7FX8jRpjqH7PZrb1bfLWQ2o/3um/pcMkD2WttXV/T90Gl83ysp/C7jK8JoOq7pQtbHrEsY7P3K0NN1LYbkGtqgKWc98Y3TVI0V3rJ7e2ASMzDIx7HDYtOxVPW9Pt8T5imLqebkOjOFi7Verra8SUVZ8zAeBqzstnb+sqWqa2OqjLHnnIwE9SHOSl0Rp7jVQs+UvdG2shO2sjdU1f0ZR1rTU2Gs0v58F2y2+mhr2fy3MdnsVUV/Tz2O8WjeYnDcb7JsLMGPV6SrVQ22I87FXW26V9JXRkhp0uY8bKvunRVFcg642GXwnu3dFnh3fZb+pnnwYL9QMqYgMB4b5mj7qlqLVCHfM2SqLSd/DJwQtcZKSPJarxEtP8Ai2zyetiutmmLKuF47Z7FSqa4RzNAD8O/Reg1cNJc4XUV9o3A9pGjcLH3z4eVtAPm7PUCpi5DQfMAr3bGc11tcE+zdS1Fvdpnc6aI9ickfZbChvFFXsDoH792nkLxyG5vpnmGsJY5pwQRwrihub2kSUcrQfunRtT6YmVMj1J8DJdy0H/RSbffJ6B/ylfl1NJs17fqZ+ax9o6qcNLK1p9MjhaIltQ3UACHfmnKwy26aNkWmjdW25VNrljq7TP5D9QJyHD3Xodp6jtfUDflaljBLgBzXdyvB6W41lqeXQnVEfrjO+3qForddKSvAqKGoIlbgkNOHAq8o89qvGTh0etPpK23SF9uk1QE5MLzkD7ZUqnrIqhwjDgH+ndYywdcmD/db05zoxs1w5C181HS3CJtXRyBr3DVHLGf8005Dg4cE2elimjMdRE17HDBa4ZyF5B1p8Jqiy1EnUHw/Iha5xdNbSctd/8AS/32XpDLtV27+XfGhrScRyt3B+/oriFwmY2SMgtcMgjhQuq2dP49f+R899OdXzzTscHOpqyndgtJwWu7jC916H+J0Vxay33uZragjS12PqWT+Ivwtpb/AAm89PtFJdYAXNfz4h7545wvJaS7VtBcZLNe6d1JW050kk4DiO4UNsqq9VDdV2fYpLXYLe4yhPOleQdDfEyaF8dvu02sbNZITvj0K9aiqYayFs8Lw5rhnZAcq2qVUsSOyHIzwobnuJU130lQ3sdqOygvA3AflrgCDyCvKfiV8EaW6PkvnS0fy9Q7Mk8OMsPqR6fZeq507rhncRg8JGo00NRHbJD9PqrtLPfS8M+ONNZbqt9FVwujlhdgg8hekfDj4p3vo65xVNDPhhw2aMnIlbng+43/AFXpfxB+HFr6wozKYhHWRAujkbtuvnq8WO8dK17qS507oyw4Duzl4fyvhEk9qyj619M/VEbZJzltsR999G9Y2jre0x3C3TsFQGgzU+d2FXun3/ZfB/Q3XN76ZrmXG11GJGHI8xGF9dfDj4o2zrukZTytNLcmsy6NxGmT3afX2XyjzHgJ0/6kD7x4T6hqvgo2vk1s9NFJ9Q3KpKl89skBcC5mcD7LQEAuOFHqaaKojMUrQ5p9l4+dbiz2dVn6IkU5cGuwPVWEU+WgFZeolqLHOGTgvpnHZ/8AT7K3gnjmY2WJ4c0jIISzQsSRalwcMbKOYpaN/wAxBktz5mobZHEjKnRytLQ13dMJyjuplZDlhGcfoorC+nf4bhuCpRha3+ZT7O9PVdcyOob5gA5UC2mjsNRqG6e9pD2VEONbDn7j0UBgMUmk52UqKbYBHGWGC4ezP/ETo5nVtodXW1gZcaYF0ZO2/oVm+kupTJTGy3WJ8c9L/KfrGDge3ovTYXBnsDysd1t0n4s0d+tUeiqjGXBvDwurotY638cumZrIe12eC/2r/wCz1S/E7pl/WXSjMdQ2yINaS7zVULR9AGPrbvp9dRX51zNqaOofS1EJY+I6SD6r9ebNeWPa6GZvlPlliPY+oXyv/bV/sy+D43xf6GpWSRFrpbzBAzsMEzNxzjfV+S974TyPwP45vj0eD+p/CfyV/Jr/ACS6/Z8ZxSk4Uhrs9lXxPAcApUbwQvdwuTSaPl04NPBKantyHDZAG6JqWuExWMEhpGkbhOUUE55R2uAGCUwAKeFFPKlHhRiDlQgNObyE1dacHKprJM4Ra2l58YAjGyt4yc5zwqKgeGzNPCuojg+qdW8GG5Zlk2XT9UDH4ZPIWgpn+G8OzysVYajRUaS7AK1zeA7OMLpUvKPM6qvbNodeTqa5w4IVfYXHXz3U6vBNNnkqvsxDZAD6p0iQx8bRbV5PitOVa2B3l5VZccOaSO2FMsDsDTk5RxZju/A0VaSYt1591X/ftXoFZ/dYXn/Vm0wKuzoHR/7iIdv/ALg/ZWlqeQ3SCqahmHgOGPZWFolxK4FYL+j1fj57ZtEqYnxnbpRbPBzvkJs7wJne6Y7fgrg6/wDA9r4+z7zXMHiUYx3aq6E6agxKyoBrtrSecKrcdFcD2XlbnmDPoGmlugi6sdSaS9UzycDOCV7pBl8bHjgtBXz7rwQ8HBHdfQHT8oq7PTTHktH+S8r5irMFI9d4W1qWwmsOcKTCOChDlSIuF5ZdnrFwGaABgLq41dVMcnwMlbqXmfxptbKnpkzkeeJxII7BenkZWU+I9EKrpesYRnETitmhs+PUQl/c5nlafn004/2PlNvIKnQ4ewAkcKC7yOLDy3ZGp3DVjUvrFK3JNH5+1axJoBcIgCS0dkTpq4fJ14a47FSaiDxG/kqAOdFUagcEOQ3JbcCtPZ8c1JnsbWR1tHlu5LchZwtMFQWvGNJVl0pO+aiw92cNCfeKBxd8xGPcrhXpo93pZ/LBSRY2CvMUjWl3B2Xp1qqRVQtdnfC8XopiG8bheg9J3Zrmsjc8enK895HTZ+9Hr/GarMVBm6Y3blFaUKENc0EHYooGF525YPRQfIaPZ2odlf0DmzQgHkKgj5wrS1yeFMMnYrLzk0YWCwlYWkDC85+Idmb43zcTMHGXL1CaIOAcAqTqG2tuFvkwzztBP3C6GkucJo5mrpU4M8EloNM/iBuMhDlgyc6f3WmqaHDiA0YBIVVUUz4yQW8L0leoyeR1mix98EQaSQmN9Oeeye1ukqMwlk+Qe6mPZnBC2KeTiSrYGuJe3PsplgZT1dPNQSjzOBwokzSBjGU+z1DKO4tdIPK44+yOLFTXA7oCqEVXc7DU7GKdzowT9QQut7Sy52aspZIw5zQSzPYoXUIf011/Q19P5aWtaMH1PfK0dzayXW0t2kyf1WzT2fHNSRy9ZHMdjPjqohnobhLSysw6N5Cv7ZVa4hGeQp3xPtE1qvz53sGiQncBZy31Wlw919A0Wo+SCkfNvJadqxmoYc7qQzG2RlQaNwlYCFMaF0U88nBujh4Dog5Q09QUGZjHCM1R2orVaTA4CFjXjS8Aj3VLcumy9zp6JzRq3LD/AKK80+6I0e6LAUbnW+Dz+alnhfplic0j2Q9PuvQnUkE396wO/JVld0xTzAvpyGvPbsicvRsr1i/qMhp900s75VpUWW4QF38kuDeSAoTo3DILd1Sjkf8AyIT6IpbjumqUWAn0XPCxvhRxaGxnkFgpAEFP0j0SwEvlDeEdY4g5B3Cm090ni8rnZaoSSbG2cX9oqyCmjR0d4gfjW7BVsyeGYDwzlYVuxyDurKirquPHlc5o9At1Goln7jFOlI18TGk5OEbXowAFQ0l5ZIdOrzKzgqxLwOF1ITUlwZJQlBk9sgcRspcbWOxuMqvbMDgYRQ7UMgrQssOFv7LBsMZHOU7+H+Jjw2KG2VzMYUiK4zxHY7IzVGcGF/g7iAdG/wB1w2mo4BGEVt2IwZlIbd4NstKg+EaX2RP4TULhtU4GdlYi6U5G+BldbWwE5DlA3Ct9Iqv4fUA/SniimGMtxjurhtTG/wDJE1sIGDj8lC1CC6RTtonDfR+6I2kdp4wrPyc6QujT/SoU/wCxWikdn0UuOld5dz+qlCNh7IoaOVWReWmDDHMG6KJXMwMZTtk/yo8sNTzwcbUvOMhSA7IzhA0j0T85U+RhPAYPOU/UQMkfuo6fkqfIUEEhP4U8EZQmZOUoyc5J4UVmRgcSeyID3UdsozjCKN0zcGP8Qei74vshro5VpgSntHeK7OwTw6YjeTb7JrQBg4RRIwfhTED8g3S/uP3S0O9EXV7JZP8ASUOGR3Y7BgegXQfQJ7iADqUSSZrThnmPYZV4x2Z7tZCK5ZIA3Qp3DnIRKK3X28y/L2yjke/jyjOFfUHw1hpZRU9UXoBpGfAp8ud+fohdkYdnI1Xl4Q4Rkpa0sBDG5PCnUnSPVF2YKiSM0dMRkSSjAI9lvGRU1qDGdHWCMPHFZVN1Efl/6oUvTFZe5Pmeo7nNUk7mEHEY/JBK7PRwtR5Sdv8AgyVvsPT9JUj5CCW6VhH1vbmH75WrpemKq4v8S6VRjY4D+TFs0K9obfRULGw0lOyNreA0YU0hpHCXK1s5dupnLoj0VrorZEGUcYaT9R7lOnGSPVOcTqO5TTvygy2Z5WSfY1vdMOwyUQuaBknZQLncaemiD3OzztlBOWAYpzeGMr62KmjMkjgAPfleZ9W9Wvme+KKU5Poo/V3Vz5nvhil34GDwvNbncHzSYDy71OUOcna0Wiy8sNcLm6Rzmtdkk7lQNZkOSg7uOSERoI5S5zSPTaPRbmkg2NAGRyuHnfZI7c7pzQH4JWWcz0tFCgtqONDnFSIo+E6OAuxsrGmpfpw1LOpRpmxtLS5Iy1XNFSgEHTjZPo6TYHQrenpgAMtUO1ptNjkDFBpGzUXTpGFJ8LA4Qy053QyeEdGMElgR3GFDqp4adp8V2EasrIqOEyyuxjgeq87v9+lqpXRRP2PdJbMuq1UdNHLA3+/vqpXRRP2BI2KowSXZPJXNBO57pwacqjy19srp75MKAAMqPV1ALNIKdPUCNmAFVuL5H84RpZ4MV1qisDJQ97991JpockZCUcWe2fzVhSxDI8qdGODD28sUFOG42RpXaAGtRHBrG4CGyJ0rlqjHIuyeBoa55BKlRwgY2RoaXABcEOomDSGxnjutEYpGac2PIDGqO5xf9k3XI/6iigaeyPsRKWBYxyE5o1FIAkp+QwZwmYAHgBjd1FlkL3aQNk90urYArkTd8kKAiiZwXd0dvlTXMJII7J+oNG6hB7gAM+ihVVUBsFyprWgED7BVx1zOzlSUv0MhH2wrpHSuR6eAly5BTuxkqRqEPAz7IVzyXOXpBmxhoHZcmkGA1qjvqC4jsoVVXeCMg5IQWcErg5MNO8O8ziAqWqrSHFkLgAO6DV3SWQ4JwAoLiXHnC4+r1n9EDdRVFcsK+WZ5Je/KGOUsFPHKwN78ZNfEegjWNxnC6WgcBJnC65RcFo6uHhNSTEKOEHKQByn4CRAwrLOjGMEhdyB3QTzyu4ciU8FpZEXYSAc84AwiRU5cd1YQU7W42S5yyaadO7ZJAqOhMpDnDhXVvp2tOkDCFTNEYwGZzstNY7GJ8S1G2eB3WO55PTeO8Y1LhDrRa5a6XRGMY5K9L6dstPRwNIZvjc9yVW2C1QwvIijwTsV6Z090+XBk8zMNbwClQie/8V46TSJVktLQ1ssrPKN8K9IyAAMAcLpHhgNA2T4mE8hVM9xTp40xSigUUWTuFL0DAA2wk1gaMBOQmkSSSWcKtyYzIkzxD6LhcByhiQOJGlWVOzaG1Ag52UKtrYKGB007wAO3qnVE4HA3xwvJOq+p5rrUOpqeQ+A0kEg7H7Jlccs43kvJR0kcsF1j1bU3ipfSUshEbTgkKhpaIHd+xRY42cuaF2WqYwANC2Qjjo+farUSvnvkya0NY0D0CeCNxlVzKgu4R4mySH0WqEcmVNslajn1RGku7LkUJOMhGiiwc44T4xyMwxNZ3IRmsGEgA3f0Sc8EHCk44IkIkN25XAS7cDhM0ue4YR8iJoJHCAcoZOtGkYxlVtdViOTSCFOkdUP8sLcbKO21RvOurbqce4Kg1VsrTwo+XA8KQuYC1NZPzQDwUkby4QTyltYIJJJJUGMSSSUIJJJJQgkkklCCSTElCCSSSUIJcLhjlcLgRhDAPqglLBDhJyuJJJMpZIJNTiQEN72sGXFQZhjkOQj1Qn1sTAdSgT1omOI8oZSyXGOSW+qiiB1Hsq6prRLtGuFr5TnCLHRY3clWT45NNdbfSITg6R2XbpwiOOP3VkKEkZwiR0BfwscrcPk6Gm8bqNVLbXErWRjchqe6N5xkYVvFbgPwqSLc1oDtOEqepUej0FH0vbN4sKRlG9w3aRlFit2HA4Vx4UUY3GMKLNW0kGRqyVjs1U2+z03j/pamnDksgRRBnbKc2JrBnSo813A/uD+qgzV1VMcB2Fku1Oez1NPjoQ6WCxmkYwYHZV89UQfKmBlS/eQkgp4pDyXLK736NcNJGBHNTMdjumlsjhupgp2A8Bdf4bBu3P5pMpOXY1VKJWmB+SkKYg5KlOkY08IDq2HdozlL25K4idbENtuEtTR6ZCjyVMmf5bdih+HPNu0Ivhm/QqV8YkmSsjZsSgOrHu+ggJ8VBk5nAKOyjgZw1Mjp/wDmM1mql/SQy6rdw7IK6KVx3ccFTmta3Zowu4HomLTSf4mO3WbfzZEbSDCc2FrTwpKc2InlOhorDl3eXqr6YAMOAAMfmnMp3PcO2VIbBpIyP3UlgawDATloZds51nm1N4gAZQA4JH7qTHThg8uE4TD+ldDs8FItqVUTboLLNZLGDoY0JacJyWCeAubOeT3Wm0ihFJDDg7YUqlo3zHduxShp2NAfKNylLcDEdEGwHdY7rccHY0+n2YlIsWRUdANUmMlQay6GY6IchoUJ8kkh1OcTn3TRsszk2bFLH4jna5Han7ld0ADhIvAHCYXuOwGVSi2W5fsQOCdk06nuDQN1Ip6KqncMRkAq5o7aKZuudgyU6uvkTOz9FfQWp85zKzAVvS0FPSnLWgn1RDK2MaQAB7qnunUdDb251l8mM6WrXCoyX6mFa3TeEaRpaxp4AVNX9UW226/EmDi3j3WIvHWtdVReDTAxDfJWcke6bd7iT7nK116ds83rfPRWYUcmgvnW1XcJHsonuYx2xJ7rNFz3ZL3lxPqU0NDdspj5dHAytldG08rqNbbdLdYx5Y3OeEx7gwbbofimU4HZEZFn6u60xijFPVxXQMSukOAEWKklk3HCNE2mjbl2AU2SuaPLDv6qpYQMZW3SwhzYWsPnIymumDNgFHfI95ySutweSlTtwdSnSpfkPM7jsm4J3XF0Dus8puRtrpjF8HcBdxhPH0hNLggwalFHcD0SJwuOqRuFHdMDtlDkvKQUvA7hDNR2wo7sk5ymjUTwqB384DmYlBMjvRFZSudggKXFRnbYBGMhByIDY3u4ClR0z9naVPZSN28oUtkDGAa27KdmmNHtlfT0wdtjJCmx04I3GF2WroaZp0/UqyW8SvJbC/OPZC1uLlOur2WrRDDvK8NwolTdaeAERnUVVOlnqz53ZThRySkAMyExRxyZp3zfEDs13qZgWswMhQmwXCpeTICc8K0jpKWMBzxuFyS400I0sdujWfRjtksbrZEeGzA4dUjAHspZFspMEOGe+VXVN4mcNLXbFVU7nuOSTk7p0KHP8jm3+Up07xUsv9l7Pe2xjTTkKoqrnVzkgv2KiOBPCanRojHo4t3k9RdxJnHF7zlxP6rmnHZEwEsBMdajwY3Jy5Y1dantGoqRDCw+ZzVa6Dqqc3n0DhhMjsYVtbbLNWysp4Bqe/gK46X6Mul+mjFFT+Rx+ojbC9w6S6BtvTsAlmbHNUO3LiPpSLJYPY+I8BLU4lJfb+zK9HfCzwXxVVyhAawZ3HK9DAt1sYI4mMYG7bBNr7qY3GCnOw2JVU4ve/U85ys8pZPpGi0NGkhtrRKkrJZpHSOPkPBUczt/DvnlNe0uZgdlJoLXPOPEd5Akb2mdJROU0UlTKGgbDkq0bRQ07QQd/fuuvfBSwhkfI29yVElqZJPrdsqb3BvhBpagFxDOAoFRU52Q5al2otjO3qgwU01ZKGAHCOMcmeywbI4zHAIKNSWuTUHzDYq0pbMyBwllb9KdcLpR0UJkdIHOGwaOSVbeDLOeewUkENLD4gbgtVLcL5A1mlh3+6rbj1DU1cj42NLQfdVjg6TAxv7o8oDDlwg1TX1FSceIQ32KiRwOmcADz3U+js1bWyBkUZI7n0WvtHS8cTWOeweXkkJM7YwWWFXpZzfJnLZ01NUEGRpwD32Wrs3S8dO8SSMAA9VeQ0MMAbpb9IXamvipxpc4NIWG7V54idXTaLY8tBNDYGHYNAChG4M1FsZ1IdPDdrvNpa0Mpxw4nlaa29PUtOA6QBx77LjX67azsU0vpFPR9PyVp+YrnHS/cNx2WgobbBTMDYY2tA9Ap3hDAaBsOEQQOaASFxr9RK2WWb6accggwBEaxgBLjjHdBnmZC36gXdh3RKWkqqlgfUO0xn8Pqs/yo1YI0k08jtFGM42JR6a1YxNUEPkKtIoIqVnkYAFBqrnHEdLBk9lTlksksa2FmxwAq2uuUfERyR6JZrq8eH9EZ5PqpFNQQUx1BoLjyULYcW0QYKWtuDWvqHaY/wClT4bdBT4LQMjupJc1gAA2Vdcro2lk8L8XbCtPJeSQ/SzdzgAqye7CSQwUkDpnj+ndOp6G63PDqkCKI8gnkKzo7XS0JzEwA+uEwXKWSuprJU1eJq8hudw3OcKwbRMpWhsbR+Q5UqaobAMuO6z11vrmOIj3xycq0AWNRUiBpJ4WfuN9/BEPvuq6ruVVUO2ecFQ/Cc8guKfGPAASoq5Kl+p4TGAv2IwpEVNtktSkaGnACIgNkWOQikNjAO32QzIwDJPCjTVbeGHOFBbx7JE1QANsKHLUnBGEJ0jnnBRI6ZzsOzyjyECMj3u4RmU7uSjxU4Z2RQzsglNRKUcgWxtbwETQDgKQykkeRpGxUyKjY3BcNwlSvSL+Mrm0j38NUumtWreUDf8AZT4mRtBwBsgVFxhacF2ANkiy7JNoeChp4xswErk0sNM3LnYVXPdp5Dop2HHqhinqajDpng57eiRK3ISeA1ReSHYpxkquL7nXVB8Q4aeFcU1mb9RDVNZREEYAASZ24DUclHFQvOzxn3U6mogzYK0bRtH4d/uiilDTnCXK3KI44K75M84/dPFIQcq0FNtxn3TxTeyzysyWoFWKbAxpThAfRWgpwPwrogH9KHcWq8ld4A7t/ddEIBzp/dWYpsfg/dI04/oVbiOtorxT4/D+64Yf8KnfLHsNkvBI4Z+6JMHaV5hHqh+A31/ZWRh32KYID3P7JqbZMFaacdgnMo8nhWbKMHkqdT0LcZwE1Jsm1FLFbm5GQFYRW2Jo1FowOVJq56O3Ra53tB7D1WYr7/U3F4pbc10bPxvPotEIsGWIk643e127DW+d/o1Z6qrrhdHO0OdHCeyfHamsk8V7tZPqpbGtY0MwBhaYIzSW4qYrYyM6tOXepKM2PSNwprg0HZRJJQMgBOS4B+PAB+BvhRJJBjACmiN0mRjYpMtjS7OEzKyDtbKmTVK7AR46HXh0myt20MEQDtIyEOR8DRudOPQI/laL+L2Qm0scZyQmy1LWDZPeZql38lmWdnI0NrGzpTur+Uv42uCqeamZ2mJuycy2vJDpufsrxlG2NvlACYQDyi+RgLT5eWVrKER8ABdkaA0eylytJA0oIhc44cFPkZezb0ROTgBMfAX7cKybSMaMtblO8DJBwmJ5BZV/J9yuCADluMK0kia0b8BVlTX0tPkSH7D1WiCbM85KAJ8KDUPZHjUQo1TdJn/9niJBUXw6mcapTse2VoUPZjstUugk1fTs8o3OFCfUTSf3bNlKbQwDcjJCa5jWbDATYmKeZdkN0Uj93nBQ/AA2wp+gngJvh45WqtGSxMgiLTlrQmuidjcfup/hj0TC3C1JGaXBB8NBI3Iwp7mtbnVsFBqa6hpW6u/plOhHJivtUewZjIKFMxsTNTnDCiVN51ginGn1VW+onlcTJImwrbOZdq4LpkypuMEZLWnJwq2etmmOM4BTTjOSutiDsY/VaoVYOXfqJS4TBnXkEnOU4A44R/BbjcJxfFEPNytEYYMM555ZFcXH6gh6d0aWpYD5WhRJZ9saU2McmZ2YCkt33CCZsbYQDO4lNzlpKbtSQiUsh3zgDhAM540hDcTq5XRwlNAOZ35hy4Zj6Jp4Qi3fhRcFb8hvnH9sp7a6oxsVEGy74rf6UMobhMrHF8FzSdS19IRocSB6lXtH19C0D5ul3HcFYrxW+i4XAnOlB8QyvWWVPKZ65b+qbJWRtzLHG49nBXlK6llAkYYi0jY7LwxpA9lYUl8uVK0Miq5A1vA1FL+M6+n80oL/AFEe4QxU2caYv2RHUtI7bw4j+QXmFr670uDLi0kcZb2WvtvUVqr2tNNVtzjhxwVXxnb03kdNdHKL4Wqkk38JufZcFkjHDAM8IEc9Qd45AW9lIbW1GMFyW44OjCVcuUgbrLJnIwR6YSFt0b+Fg+oKkR1kxOC5SRUAjzHChojjHCK40TDsWk/dR6ix26sAZVUkcjRnAI4V0ySkOxl3PbC6+nafp790XJbrhZxJZMZcOgLFWQ+HFEYj2cFnq/4XaGgUdTk+pC9UFICM/wCqC+AtKpNmO3xtFvccf4PCbp0VfLUXOqKRzox+JoyFSmlfE4h40r6RdC5w339MquqOnLNWHXW2+Nz98kDGUXzYOfd9P55rZ89lke/mCD4QXsV3+EtnrnOmtznwSHcNzssjcPhX1JRhzqYMmDeBlRXnG1Xhb6nlxyYZ8QJ2CcWYUust9ztUhjudvkiI2zjZRRNG84bt909XI5V2m+PhrA3QBxsu8IwaCAQOfdcMbsbA/oic0zK62uhuQuFoPPZMeHMIT2yb5worMC/uROob1cbW4GCYlo/CTstRZ+vKeZ4Zco9Hq4DhYzWH7acLggAPHKarhkbJpntluu1LPpmtlcHDGRh2/wCi0lPfJsNZVNB9188U7quje2emnfG5vGl3+i1ll67qYS1l4BmA21jlOhblmqFyawz2kmkrWb6SPQqrqumIpsy0rtDuRjuqe0dVW2ua0QTDftncK8jr6qIh9PI10X9Dtj+RWqNnAaipGXuVurKZ3+8McQDsfVRGzui+g/cL0ZtXRVcXg1QaxxHD28/mqm79G008QntxEbyM4P0lOjPPZyNf4hzi51I8/vHTFi6jhwImU1T3kDcZP3Xn136VvfTEvjRxGeAnBc3cL1Genmo5XQVEZY5hxgjlNbVh7TDM0PYdi124wjzjlHmZVWVcTR5ZR3mOU+G86HcEOV/brrX0eH09QXs/occhWl9+Hdru7fmbLK2jqgclrh5H+3ssTNDfOm6gx3Kjf4YONY3afsUyFvImVWeUeoWu/Uty/lPHhTAbh2wP2Vg2JkL/ABYS6KTkOYcFeZ2+5UtaMxPDXffdaSi6jmo2NhrWmRo2Eg9PdaIvcJlGM/tkj0GiusdWBDUtAmA57OV3aepbtZ5QIZS+HP8AduPA9lhaaqiqY2zQvDsjY5VhS3CUODKp4cDs1w/1WiMsI4us8WpPdWe1WnqK29QRGHA8XGXRSgEH7Jz6a62gmotL3SgnenJy0D2XlNPO6Nwlglc0j8TTgraWLrcxNbT1jnHG2opkVk4N2isrfRubXfqatjAkIhmGzoycEH7Kq666BtnXVAKeoxDUR+aKoY3zNPv7eydPSUV5hbUwkMmAy2Vmx/PHK5R3+qs0zaW7OBids2X/AKo3HBjrnOiWY8M8DqWXrou7ix32CQlh8k44c3sV6X0P8RprXKA+Yz0zsBzNXHuFvb/03ZusLY6mrI2yRvGWuaR/mvBL10tePhxX/wC94qaCUkMlYc6R2ylYZ0IyhrV96+5H1Pab3RXinFRSvOhw4PIUh7W8hfPXRPXj7ZKHwz+LCT5mZ7L22zdQUl3pWVEMgIcOM8KGC2jYywlB7KNu0+6lnBGUCVueB3UMrWBpGFS9T9K2fqekdT3GnBkI8sgG7VdvcGjdB8TVthJsqU1hh12Op7o9/s+Zur+ibz0LcXU1QXPh1eWZrcNPspnT/UVfb3skjncwgjBBIIK+g7paaC80xpLhAJGEHHqD6grwvrDoev6VrXTQRuloHnOsDOj0Xk/LeH+xyr9n0j6Y+qZRnGnVPn9n0h8OPjFRX6CKjvlQ1tYQGiQnGv7+69R16xkdl8KWm6SU+l0Z3G7T3Xunw6+LFTSQx017frhIDWuzwvkfmfAY/wBSs/QfhfqSueKrGe31dJDVwugnYHNcMbhZOR1V0xVCN+qSkefKf6VpqC70typm1VLI17HDOx4Tq2kp6+B1PURhzXD9F4W6Dg+T3tM1PlA6SqgqoWVEDg5pHqpYcRj2WK/33pOt0nMlA87d9C1VJVw1UIngcHNcM7FKxg0NZLKKbSd8KQ0tfuMKrBJ/JSIZtOEfYDgFqGAnUOSECN5a9STI14wdlGkiPICsvJLa8PbsRnCLDKJIxDUDW0KujeWHCkxuxv6q4troXOKaMR1PYHWW4G6xOzTSnJ0jj7qb05drdVH+C3uFs1DVtLS14y0Aha2eKnq6d1NUxh8bxggrz69Wd1rq3RRZMXMee3suxodW01CxmOypSPhL+2F/ZkqPg51V/tH0xC6Xpe7DxInNbkUz/wDuyffO32K+dYXnYFfsN8lYPip0bWfDPrpgljqo8Fzz9Q349Hj8P3K/Mb+0B8CL98DOtpbPXAvt1SXSUFRyJYs7Z9wvovhPK/I/jsZ8x+pvCxpk76VhezzwHbcp6jtcMjdEacjnK9nCWTwUo5JOpEB7KMiA4WiMsi+iQ1wxuRlccG4JGMoW6WT6poAjzskkkoUyVC7Q4EK9j3jz7BZ5pxur2CRskGR3ATF2ZL/RYUz3RPEgK3FFIZaJpdu4gLBQgnknZbOzzsmpGsadxsVuplhHE10OWy0qC19Gd+Bgqnt7tNRpzhWXDHsPdUsbtFwI7J7kYYReDRz+Zoz6KRZHYqC3IAUZx8v5Ltqdpq9yjizPZ00a+Uamj0wsB1Y3+byt82XLRt2WG6syZDt3TJvKF6VYtRnqRxax33VhQT6JT6qsp385HdHidmsBzgFYLnuPR6SWyWS2mlDpNQXWvyPVR5nYI2XWyADdcTXx+zg9j4y7dYkbiynxaEDCh10Ph1WyL0zN4lIcdgn3SIZ8QjjheTt/5T6RpPwRFmLhTuwd17V8NbkKzp+Ma9To8NI9F4iH6mluOy9M+D1axzJ7a0fzM6vyXB8pDdQ3+j0fi7fj1Ec+z1KPcqUzhRmAg78qVFwV4rOEe5T5yOAwupw35XRs4YS9/I5dDdJ9FBu8LZ6GWJ7Q5rmEEHurTAI4QJY9eG4zlOqnsmpA2wVkHH9nxhf6V1Deqqn/AKHkfuosUha4FbD4pWo0PV1aPB0Bzy777rGatyMcL654q5X6dSPz15yh6bW2Q/uWkc/iMAIyqSvp3RzEluxOcqfSSBrgCEe4QiaAADdbLoZRyIPcF6TvFRS1IhdL5OwJXpkgZVUYkYPqGV4tSyupqlrgcYK9a6XuLayibGTvjZcbV1JcnsPDajdHYyrMfguIxyVa2OrEVSNRxnhcvlD4QFRG3buFVxTEHZcbU1qcdp6vTWfFLKParJXiopm75I2KumtyAfVeadJXctLGvd/hIXplLplia9hyCF5LWUuMmet0t8bopoJG3vlSqeTwyHac491HZs4D1RxHqXOaxydBdGipZjPAHnvsnCNpyCNjsR6qHapNQEGFNkboI3xhSE+Rc45PNOpLKKKvka0YY8lzVm6ui1bH0XqPVlvNVCKgN+nZYSamyRsu1ptRjlnG1NHPB5/UUr4ajBHBUhoJwVcXehw4nSN+FVMaWdvZdqqxTjk8tqtNKqbbRyWMFowFVPfokyOQdlfNZ6jKqbjT+DKXAeV26dGRzra8In9WUjb10nDcWeaotx1AjkcItiqheenYaovzKwaH452T+mZmVVPU2mcgsnYW4KzfSUslku9X0/Vu0tDzgHhPrfJzdXFSe5GZ+LdgFwtbqgRZfGCc/ZeEsldAcHkbFfU/UdGyshmp3jIcC3C+Yb1bp7Xc6ihqB54nnO3IzsV7bxFyde1nhPK1Ys3F3Za5rmiNxGXK7bvwsHSVLoJA4E4BWvt1wiqIxp5K9FVI8rq6tv3FinjlDByMog5Wk576JI4RByhjhEHKYksGdsMHbcJ+r2QhwjsBzsrUEyjur2Tmk5wujhdV7EDJ4HgB7cEbKPJa6N5yYxv7KU1p3OEXRuBwqSxwUrNvRn5+lKWd+pjtOeygVXRtwjcflsSNW1jjaOQjsOB7JmzIS1tkDzCpsNypBqlp349cKIaSoHMTv0XrmgvPmaHffdHjpKaRo1U8f/lCF07go+TkvyR462iqXHAhcT9lNpem7pV7NpXEfZesNoKeM5bTRtPs0KVFC1mNLAM+iZHT45Kn5SWODC2n4esjxPXObqIzpHZamjsNupmCMUrT65HKty0ZGG7ohj2wBhNrqSOddrrbfZRXHo+x3AEw0rad54dHsVRVnw+uVOwS2upMjx2JxkLdMYWlS4iQAAFpgtvQFersr7eTyaQXq3v019sm0t21BpR4rnTubu7B9CvWHNbI0h7A4ehGVVVXRXT1yaRU0YjceTHtumwunH2PXkIL80YaOobJjTg59FIY7O+FbVfwrlY/VaboW+jZHfsqmo6R60tzg11vfMDnBZwQtC1C6kaoaiqa+2RIika7YtCK8tdjBCon1lZQv03CgniGcai3upcVfTuaHCQJ0ba37C329xeSybFGfqb+aJHSjlp/LKhMrIzkhw/JHZWxE414R/awlqLY9k1kVQPpbkfdFDagDGn90KnqmEgB+VJMoODn91bjgZHXTQzRUe/6ojXVAGC0p7HjjIP5o8ZHdAxv8yXsEJJwc4Kc2efu0p4cD/8ANRQ1vY/upgn8xoa2Z55CKCTukGsHYIhliYPPgKYYz+WkuRNPqnNdEf8Aib+mFHfX0jP+IP1QZL3bW8ygforwyfzosstjwiEjkKnbf6AZ/mfui/7QW/8A7w/qphgf8QgmWgBzzlE0A9sqpHUVADnUf1RB1HQ8av3USYqfkix0+/7IjVV/7RUXum/7T2/+mQpiiwX5CTXBbkgcnCXPCopOq6fIbDRvkJ4yEelqbzcpRFb7XOXHsAiyo9mafkZR5ZdNxvnCbJUQxfW8D7Kwofh71dXxiSr00kffWVfW/wCF9npXNmu93fKRvojOcoZWwj7EWeZ2dGN/idM46Y5AXdgFJoYeo7iXC30L5g3nQM4zxn9F6RS2Dpegl8Wks7ZHY2c9WrqyuMYijaIY+wb6Kv5Cxwc2/wAxZZwjDUHw2u1a0S3S6wUWoZwfMftgFX9t6W6Ztbm6qR1wnbt4khw38grhrHyY1nP3TmxNHbCTK2Uuzn2ay2ztnGwCQaAfBp+0UQ0hO+TpQdQj39SigADAXULeRDbfZwNa0aWjAXHNGOE5cPCoXuYPGNkLJxjsinlByrQIk158uy6SADkqhvF/jtrC4uH2KqUsDa63J8Eq5XeC3xGScj0A7leUdX9Yhwkjinx64/yVd1X1rLVSvYyQkn0OwWDqJpqiUySPyD2QT5OxotFiW+aDV1c+d5w8nPJUTGcZ7LgO+wTxylSkkeh0+m3vg6GgBPA9Em8booB4WayR6bSadJLAxrCVKgpi4jGy7TQ6zwrWjo3ahsg3Hb0+mcmNpaJzsDSrmit+ADjhHoKFoaCWjZWcEIaRhuFDuabS7QVNShmNlLa0N4RmxDSPKuhvuo3g6EK1FAlEraqCihMsrsY/dGuNdT26AyzvAGNh6ry7qPqOa4TPiilIH34Wec8mXVamGljlneoeqJa2d8ULtgSNjwqEOycncpgG+e6expyqPH3Xy1E3KQRga4b7JlRI2McJ0jxEMZVdUzmQ7BHGOezJbbhYGzzlzsDdKJgcQmNYXcqdSwEeYhPjHBgsm5MfBDqIyFNIaxgAbwmxhsY3T2tMpG2E6Ecip2A2skmk0gbDlWMEIbuW7hMZ4cLA0N/NBlrHuJbGFpisIQ7cjqqsa0eFEFFY0ychFip3OJkl3J7Jzi1g2Cb2Z5y3DANBCM3zKPoc92eMKQDpbhRAj/KxqCCXlcc7UQScJ4b2CZ2UItGxRGM/JdbEecJssjWjdQEedMTckjhV1TVjjITKmrcTpB/JRfCdM4HOEucvQ1QxyLU6R/GVOpoBsSFympRgZajOIDdI2wqX7Cb9IJhrW4BUWR+M5KTn4ydRwFVV9wjxpY7KC7URqLhW5MNV3CKIYyFSz1T5jjshVM5ldlwQ2nSSuNq9XOxbYs211qKOucScrrWkFcacnKOAMDZYYrI5cDQPVdSSTCN5HJJJKyhJJLukjsjSyXg4kuritrBP8CRGAauEPO+EVrS44CEOEsB4yMbBT6VjpDs0k+yDS0LpdxstNa7WIw2QjYevdKk8cHqPGaKVmJIl2KyOOJ52jf6Qey21otTTjgYxgKHbKMvLGhvK9R6T6XIaKqoiGnsCN0ixZPoXivHL8YErpvpqNrWSysGAByOVrvLE0RsaAEJoaxrWRs0hoxgJ4ztlLPZ6aiNEdsR2MnJCMwYamsA2T0B0opNCSTVxxwEDBDEgID5c7BNfJq2HZAe8k8JSWS5S2oO8YwQUCaRsQ3cN/dcdOI2nftyV511r1ZHVarXQyZ0/3jwdvsnwjuOTr9fHSxzId1l1aKoPtlGTpJw97TyPRYwFrcdknPGBqO6iVEr37MatlcMHg9XqZ6iW6QSoqxnQzso8bJZpMA4HdPpaGonk3bpB3yr+itgY0ZaFpgjCouRDo6FxwXBWTIAzGykshawYAwnaQAPKtEOBsYYGNY3SMLugJy6xj37AI1INQyNwDtlC0kHdTIKF5Ic87KZ8tTRgZG6tsZGr2QYIuBhH+VbjL0UiNn0hAlmbj+Y/AS3/AGHRidwxoIaAgFwzyEx9RHuWvyFHNTBneTdUNSRVLh4TUlrPy7kY5ztR3TUklCxJJJKBiSSSUIJJJJKIMSSOybkqm8EHJZCaXJpIwhcsEO5HqkcHugOODklMMzQM5S95eA+/quqI+vjizlRZLhJJtG/ZD8mR0KJ2fii0JAGSUCWqawbYKrC+ofy/b2TmtecElC5pG3T+NtseGGlqn8Duocgq3n6sgqa2HUBlu6O2MDYJM71E61PgLpPLKwU8kmC8ZKkMosYOMKwjiGR5VJZG1ozpH6rLPUNv7Tr6f6dj/UiuhotR+lTGUGRsEQ1dPTnD8fqo098hjGI34/dZLdTJdnoNH4SFb4iTo6FgwXFPeaOnbvhpWaqL1UVDiI3kBRXNr6nYPLgVjt1WfR6PTeLjH0X1XdqSnPlOfdVc1/kmOmJ6FDa6nHnbkd8qVDa6cYcW4cFis1DkdevSVw9ESSevnwWu2SZRSyfUNyrJjY6fYbBNkq4I27jdLc2x+EiLHbWjeYgI7YaRgyG7j3UOavy7DeCo753uHJU2uQMrYx7J0ssY22Ud9U0DbCiP8Rx+opvgudjKGNEpPgRLVQj7DOq3bgKMZZiTr3HspDaf/wCXKIImtG7U9aZ+zJbrW/xIWHu5TxSg7nCkaWDdM147JtWmcnwcvUeQ2fk8DRTNbjIRQxrBtjdc0l2E/wAInHb810K9HZM4es89RQsuQPcpYKLoPouYC2V+PiuZHnNV9U3TjingEujdEx7rmn3WmOmhDlHBs8nqbpZnNnWs74RG+XjdDJDeUJ1QB2VTnCtclVW3Xy2rkk+N2IS8QEchQfmMnYcpzQ93fC5up1Mcfaeu8X4ac5KUyZ42dgEWEEndBghJIJCmYa0cLham9yeD6X4zxvwxUsBWBu2Vx8kceDnBUdznZGAuNjdIQXBc2csnpaoYCOnkd3yFxkRJzhEbGGjcJPla0bNWeUXI0J4XIi1uN9kNzg3g5XCXO7KbS2svaHyHB7BEqWwXakRGwTVBAiblWtFaXRHxZ/yCmQRMgj0saBgcqPU14i2qJceifXSKtuS7JrZBCMtA/wCir7ne20kRkmmbkcDKzN46yZGH01O0k+uVkpq6pq5TJNISHcD0WqvTZZ5/V+chTLbU8s0l16xmqYjHDsD3ys5LVvneZH7ucSTugF7W90KScRjLSM+631aXB5HVeTnbJu2XBJcO+VDnrBGMDBUd89bOcRbhKOkkBD5H5PotkaWuTgX+RgpNQYhPPI4CPYFSIaeR2DKNj7rjNEWMN3CdJVZAACKTUTJCeo1D/sHIpYW74BQXTg7NxhR3S6+eyZxnfKQ5+jpafS85kFc/UeVzCGGuRhws9kzvafTqJzBXWhx2T8BNJalZNuzCCCMHzZH6p2pre2SPdA1LhfsUsJPAV1QdxgIDpDgobnnVhdEDjwrwTc5dDDK9xyF0an7AqTBR6sEj91NbQxtA0gZUG10TmyDHA534eVJho+5UyOJjMeXhcfVU8Q53UNSphXzMUVMz04T808QzJIBhQpbi76YFHc58py4qFOyMfwJ01yp4xiPLioNRcqqYaW5DVxtIHb4witjaxo2yrw2KslOXvgixxPlOXN3KmQUbDgkDHok2VjAcNCiT15aCGnHsmRrbMdl9dfMmWDzRRDchpChTXJjBpp3DHdVVRWOcd98KHJM52wGMrVXRk5Oq8socVllNci/LcjcKHKdRz6qOI3v3KKxnvwtEdPjk89qNVO2WZMbl2MLqMWNAOyEQcp0YKKwZU88iIGOEzBRF3QFWMhpZAp7YyRkp2nui0sMtbM2GGMuPoEE5KPY6qqV0tsPYyNm/GT6L0boL4ZV9/fFV1uIac7+butL8OfhPDGI7zfIhr2dFH6e5Xqc01FbaU+G1sQbwB3WeyeD6P4H6Z/01Zqlx+hlJbKKzU4p6KMMaAQPYKrr7qXkwQbdi4KPPX1dZgasNz2KdBSnIcQsllm499XXj7Y9A44nOw53b3RiwABSBBt5Qp0NNFTQmoqsAgFwb3Wdt5HwikBt9BqHjT7NHAUiuuLWtNNSYDMYyok9xM0fhRNLGnn1UCaTQNnYVDnJRQV8hO73KLLUmZ5hizgcuTI46ireQHHA5Wgt1pZHCHTRg53x3RqIl2EChtksoD8ZHoruKKKnGzQ0jlNq7rQ2uDVKWs22A5KxV36mlr3PZAXBp2ymMzzkmXF+6riponQxEE8crGTS1dbN4s5LQeAnMo9RE0xLjyAVJp6aWsk8GNmc7FKcvYlx3Mjww5Or6ifRaSzWDLWzVA3duG+ysbN05DRxN1Na5x33V/FTiPThoWa+9xN2m07k8sbb7bFTt/lDGrlWHghgG6C+eOmiLnHT7ZVc2avvEwjom6oh9TjsAuVqtWzr1UJLkLWXNzHGOlOp2cAAZyVNtHTD6v/fbq4ue85wFY2np6npZBUSt1uxwfVXsYIIGNlxr9XLpHQqobAw0sUEbY42ANG2ykaM4DU8jhddNFBjvIfpb6rBO1y5ZurqURzWtiGqQ6QPVBkmnqmFtCMsJxqRoLbV3ImarGIz+FXEUMNPEGMYGNaMcLPOWeg1Eg0dqpowJ5Yw+XG5K7W11NTRnxHNaWfhCrLlfg2QxW8l7+PYlApLPV1sgrLmSD2aloPoU1dV3Vwht0fkPLipdLbWMlEs/mLdsf6qwihjgbpiaGj2CFUTRwM1yOTSh7yBsBsodZVQQgGR+Aq2rvj5nGG3RPmfx5eFLtlinmPzF3w7O7WZ4URHLBHfNW3H+VSROYw/8R+ynUdipqd4nkLpZe5echWbY42N0MAa1vAUeeq8MbbI4sW2wzn+G0kjZVtVd6WE/UAfcqmuvVJbqp4zqPssxUSVdwl8R3CclkBvBZ3W+zVdQ5sMhw1VbWzTPy5xJKLT0bwfM3lWVPRkAHSAmxiUQY6ZwILmqSKcNwQFM0RxjJxsq6tuVPGzDNyExECPe2IZKrqutjdszdQqismqHYyQPRNiie84/dQg5075Mj1TqelJOTspVNbySCQrCOlwANP5oW0inHJCjpIxu5qPHCBuG7BTWUT3bgKVBRub9bEmdmC4xK1lLI5wAGymx07IwC5m6O5rIhkgNH3UaouMEbfLJl3YDdZp3buBqWA+GsGT5Qo01xpYgWl+UFkdyrHYI0t9lYU1ghZiRx832WeVhCndVVlY4/LRkMPB9VIisskpD6jclX8Nv0DQxoA9gpTKTSQSEErgdpTQWmOLGqNTY6KEcMIPqrJtMT+FG+SzuNlnlbkJIrmUgA8ox+aOylBGNOMKdHTDH0ovgZ4CXKzcEkVooyTjH7ojaQjfKniDUcaf3RBCO+xSnP9hqGSAKcen5J/gAD6cqcKdPEGOyrd/cvYV3guH4P3SERz9GPzVoKcAbtyl4A/o/dXlhYRWiHH4f3S8LG+n91ZeA3+j90vlwdg3CmWXgrTGP6UzwR/T+6tTSN5wm/LAnAbhMSJKKRWtpQ78OEeOhP9LR91YRUwBALQo11vVutAxM8ax+ELTWhEsIGabwwXPaMc5wqS8dS08EZpqEeJP6NVbVXi8Xpzgx5hpyTgD0XILdBTnxAA5x5JWuERcm2QDR1tzkNRXy4B4YDwpkdOyBmlrAPspWoDOyBLPpGMLSlgB8gnkYI42USTb/AOaiuLpXYaF2G31EzskYCIFRfRD0SScNyiQW1xOZB+auKe3iNuS3ce6fI0MaNsq3LAewr2UbIx9P7oUhZA0ucDhGqatsbfLu47ADlMgpK2sdmY4j5x6qKzJfxldJUPqCWUsetw7IsFoe8h9S3f0V9DQxQkGOMNI7ojmho4ySqlLBarKqOhgiZgR4TXxYOwU+RoOcDsorYnknIwrUshOCjyQ5WnAwh+HIeGqyFGx+7xldEQZ9Iwm9i5YKv5Y/iG5Tm0YxnCsXRDZQbhdKGhBa5+SOwPK0Qhkz2Pb2N8JrGlxGAO6rq2vpaWMvbJqI7BRay41lawMZIY4uzQoUdIQ7JOfutMazHOwZU11dVH+X5QVENLrdrn3crRsYaMAYQ3x5GAFohH9GWz7iE2FrchrVwsPYbqVoIOAOU/wMkHGFpjHJmkkiAInk+ZuxThSw86TlWHhjG6GYP0WiFfsy2vCILomg+UITojt5SpVVJFTsLpXaNKztw6tigaWwTancAALXCGDn26iEItyLCZ7YW6nnAHKqarqChgGWEveOwVDV3SqrTl0jgD2yoegk5ynxgzjX67cv9MmXC91FaXaSWA8KESXYz2Tgwk7blHit9RIRqbgLXVX7OVZbOx8kUADjCe2FztsKyFviYNTm7+iY9rQMNbhPUUjI1zyQhRDYzDYIhFFA3YElFf3QtPsmp4M80AlkyfK1RJ8uGSFOfG09kF8eVog00InHcsFa4OzuEINd6KzMDezUEwtH4QrXBmnXtK90R7LimOhwR5f3XPAO23KMW4sglvG6RBxwpvywdgkj9V0mGMZe4BLaES4K1wdnGlcIceGqVNV0TPqduPQKFJdIQcRsVqDFStjHs6IJ+fD2S0nuo81xqHDEY2+6hOnr358vKvDMll6fRaaR6fuuFoPp+qpz/EScpBtxPqpgV87fouBlvZd1O9Cqnw7jjbKWm7dpf2S9uQ/ma7Rbbv23UmESxjMbnNz6Kha+6xHOz0ZlyuQ2dHjCmwbXq1A1tB1Xf7YWtiqPEjH4X7lae3/E+DUIbnROjGP71pyM/bsvM473GWDxmEO7qQyuo5mg+I3fsUDq3dHTp8vKHs9pt/VtirI9Yqy32KvI5Y5Iw9jw5jhkEFeARv28jsD2Kt6a9XaliEcVdIGdhq4S/jZ3tH53dHFh7SGAPypkT8tAwvLbT8RKim0w3BviN41d1p7d1xaK2QROcWZ7koXE7mn8nRZymbFsrfUfqu4BORuqanuluqH6KeoaHfflWDTJt4Uw/LdL2s6Vd9dnMSYGNxjCcKeN+A4KOyaQ4Dzn8lIY9p74SpRyaYPPQvlseyaaZwG/+alNdqOEVoAHCXKLRoWH2VMluhm2li5Wcvvwu6ZukRc6l8GUnOuPbJ+y3TmA4wF1sfsl72Ju0Om1C+6CZ4fePg1UU7TNbLkSB+F7OPzysZculOq7YXh1MZGs3y0chfUjadrgcNHuhTWyKUeaFv6BOja12cjU/TOnt5r+1nySTNzURaCOU0SQnaOTJ9F9P3PoeyXKPw56OPPrpCwd8+CdteXy0LXxu5Gk7I1dk89qvpm+nmt5PH2Z9EQO0jOFqrl8LuqbewyUg8Vg9RuspV09db5zBXQGN3Y+qfGf7OHd4/UVPEosIyoJOMLry52CozJ4CD590ZrtQy3haIS4MUouD5RLp55YHh8MhY4dwVr7F17V0b2MuTBPENvcLEh2k49U8vJ3Rq1xYyFkl0fQNmvVhv0IENQwPP4XndWnhV1E7XDJ4kZ30ncfkvnSjrauikEtK8NeO69F6Z+K88LWUd7j1AbeIBkH7rVXeaY2NrDPSZm2m7x+DXUzWvxjURuPsVjr70ZWUeqot8jZ4tzpH1ALW0dZar5CJqKZr3EZwDujuppoQHMc7bsVphPcZ9VpoaiG1o8oZM+J2l4II5CPPPRV8Py1wjZJGRghzcraXezUVyZiSFtPP2ka3Y/dY259PXG3kvdGJY+zmbpsZJHltT4+yl4XJi7t0BLTyG4dOTNLBuYSVTtvtTSS/LXWkMZbsdQ2K3VPXvpJeCBwQU66WWz9VUxilYGTj6HjYgp8ZOPKOY4J/kjOU0tYWtqbTISMZLc7LU2q+0VxhDKh3hSt8rmO23WOksfU3Sbi6D+fTj03OEehrqa6R+I0hkmd8/UCnwnl8i5La+D0Gnq5aR/kGqE/h7q3payKpGpmcjkHkLAUV6q7fIyK5ESUx2Ew5b91r6GSCopmVdFO1wJ5ac/qtMXgy20/KsGus3U1XbJAA9xZ3GdluqO8Wu8wCIsY52N2Pwf0XkkdU0nTKQD6qyoKkwPEkT3AjuCmxnns83rdBNNuK6PT4YprLL8zRl7qd31xEkgfZW4faeo6OWhnijd4owWyNB/ULH2Xq10jBBc26m4wHt/1WgZRxTFtXa6hpeN8D/VW0cZNwfHZ5j1h8MK3pOqkunT8T30Zdl8fPh/+ig9OdUyUUjKgOe3JGdLtvzC9sobyXv8AlK7GeDqCxXWnwrZXSTXrp12ioedb4c4a4+3/AEQpDI3fJxNmz6d63oLvFHGARIAA452Kvy8P3xsvnC23GttVQ6KZz4JYnYe3ggheqdKdcxVwbSTnDwNi48q2sC7aU/xNzO0kZHoowzvsiw1kcoGCN+ye9ocMho/JLMrTQNrvZR66jgr4TTVLA+N3IKPqIOCF1DJJrDIpNPKPFOtuiqnp2qdcLa1zqN51Fo30f+iqrZdXMA82Wd2nsveKukp62B1PUMD2PGCCF4/1p0VU2GSS5ULHOp850gcLx/l/DK2LlWfRfpb6qjTJUap/4f8A7m96N63rLPJFIyQvjOz2diF7b091Vbb9HpgkxKBktdyvkKw3wANDnZb6d2r0TpzqKegnjngmLXA5BB5Xyvy/hoyi5RR+hfAebzFRcs5PouspYayF0E7A5rhjdZqGKs6crCNTn0bz/wCVP6S60pL+BSzkR1DW7ZOz1oaikZUMMT2gg7LwOpplTPbJH0SmzegtJLHVRiSNwIIzyiE6N1nY46q0VGWOJgJ49FewVEdQwPYc5/ZIHElkjuEdrmvGCQPfKjNcANgmseWuV5Kkshpo8OBAXY/vwkx4ck6TSRsoRIJqOFHr6WK5UroJGgOPDvRFEmocLrTjsjXIqcDzmso56Cq2cY5GHLHjlW/xB6A6a/tK/Dao6Xv8UUF3hjcaOqLcyQTEf3mffA1H2CuuoLSLjBrhwJW7j3WSoqyusF1iuFMXRyQO8wG2Qu7odQ9uP0c/WaKGog4yR+WPxC6A6k+GHVtd0l1PRPp6mildH5hjWB3/AMlRRuJGML9UP7UXwBtX9pPoD/anpijY3qu3NLoS1v1sA/uHeufw+m6/LW62qvsdwltlyppIJ4XujeyRukghfUvDeTWogq2+T4753w89BPfWvs/+5wHKeo7SSfZFacjK9GmeZ6JGpPUdEBTYy3CxyYnpiaU1kMO6tqA/7uB3VSx2/CsKN+MBMRlvjxkt4iWkD1Wj6ZqWNlMLjudwsux+SNlbWadkNYwv77LVUcrUx3xNpJgyuA4AVFISy47K31at8qmuJ8Or1+i0y9HNhH+lmkacx59ly3k/NjHcqPb6gTU+CckBDMhiqG4PdMRmnDLwbiMjSN+yynVUepxOFo6d2qFpzjyhU/UbWmnDuef8kcuhNC23IwzXYdtsi6i2djuVGdtJj3KNLjSMFZLf7Hdg9rLKY8OyOEzVnYHlCDw6kAHPqhseG8nhcrVxzA9B4y/EzYdKVT/F8EEYAwQry7N/kg47rJdK1OisOeNluK6EVELQ37rx2qjizB9V8bZvqUjNwyaXbha74ZXcUHVcbCdIlaQse7AeQdsHCmWiqZQ3WlrH/TFKCfsuRq63bBxO5ppuNkWvTPp0nVv6o0XJUSgl+apIpsfU0HGVMjGCvCXw+ObifQabFYk0EZwijlCZn05RgDlY32bEPHCG/kIrfpQpASNkUZcEmjwH49UOm/QVIb9cZ3Xjb2Fj3NcF9J/HS2sqLFDWBoDo3YcRyfRfOlcwsIfpxkbr6b9OX7qFBnxf6z0fxaxzXtZI7ZTG4EK3jDaiFvuOFSAZOcqxoJMkMJwAvTzjk8HCe1lRWwOpZ3MfznP3Ws6MvOl7YycYwqy90fjQiVo8zRv7qotFW6jrGnOBkFczUw3RwdjRaiVU1g90qIo62j1NGdTVkJoTBMYztgrSWK4wV1IxsR3a0EqB1BQ+bxmDAK4l0GuD3Wnv3JMFb6t9Npcw4IOV610ld21dKxusZwMrxajlJd4bzkjharpq6uoa9mXYY/yn75XF1mn3RbPQeN1Ea54fs9iB3yEVpx2UOjnFRAyRpzkbqY1pXmLYuLwesTysh4ZXxvD2HBBV/nxoBKNys63urq3TD5bS5ZyiQWtlppIpBkOb+688vFAaSsdGRhpOQvRGjJ9Fn+rLa6WMTgcDYrVRZtlgy3V5MHdaEzUpcB5m7grKujLX7jBC39PiVpifyBhZ272xzKhzmNGDuF2qbtvBxNdpvlgVEIGQNKh3mkdo1gbEbK0iiLXYI3UuqoDU0eAN8LfG32cW3RuVb2mEp62S31UU7dtLhlO69pXNrKPqmi2bI1okx6rtypHMe5hbgj/NTLaxl7s09ondlzQSzPYrZVZ9yZwb6WotMUr211uhr4sOy3D8eq8P+LtodDcGXiKPyyNDXleq2eukoIai0VIOqN5aCe2FTdeWmO5dPTeTU6MFzV6Px2ocJrHR5DyOn3Rf7PAWnJGys7ZWGleHDgqvOmMlncbJx34OF7CueDyV1KsjtN5STNqIRI0jdSRysnYrqKeTwJjlrhjPoVrWnVghbq57uDgait1PDJEfAREMcIjOy0weTEwsfdSGfZR4wf1R2pgLeAydH9SY3dSI2YwUYmUgjGDG4TgAOAlg9gugHIJUjHIltsTdRIwNlKY3ygoTR6oo4CbGBaDNY30UiEYdt2UdhzlGaiXYiSyTGtBAyusGSAUxh4R2dkxdCZscGnPCM1oK4AMJ4HdHGIrsdHEDvhFY0N4SjBxwisZ7IsNlN45EG+gRA0g8LobtwiBhBzp/dHt4EzluONySCeQpjfpCCGE9sYUlo8oQOJOhvgU02Wz00cgcMHU3soVV0T0xWNJkoRETyYxhWIODsEeNx9P3UwD804/i8GPrfhXZ5vNbq6eIjsXbFVU3wtu0W1NVwSnfDSTlemMOOyJGMb4ToykhsNddHt5PHJelOp6Tyvtrz7s3VZMZKZ5hq/FheOWuBXvEgcceYlJ0FPK3RPCx7e4ICJX2RY+HkZf1I8DFS5pwyrLf+ZSWTV7t2TtcPUL2ap6P6ZrgPGtkYPq1oChO+GXTTx/K+YiP+F+EbvyOfkq5cYZ5PruZ4ef0RGC6uPle7916c74U2w5MNzq2f+JBd8KpWn/d79O377o/nK/nV/swDaS8PGPEcM+id/s5cZhmSsnOffZb1nwru2Rp6lx7eFn/AFRf/ZZeMDPUxx7Q4/1VfOinrl/zHnX+ytbnJmJHuk7pyKPBndj7L0dvwurifPfpj64KmR/Ca2uANTcat57jUr+cD/iC/Z5YKG2MGkyZKeKKidw0L1+l+F3TsRBcJX/chWtP0R0/TY00Ebsd3NU+cXLyFaPE2UbiA2ClD/yRobJc6jaK2k9s4XvNNYbRAPJQxD3DVObTRNwAzIaMDPYKfPjkzz8gn0eEUnQN+qyP9zLQfUK/pPhFVFofPNE3PIK9dawN4aMImkEfSglqJvoRLX2/0sx9j6Fs1tDPHo4p3NHLm5wVphG+OJsEQbGxv0ta3GFMYxo/CEnRjIOEDnKXYmWolP8AIjinfIP5kryPTUVwUMLHBwzlSx5QBhL6kSFtpoCyFg4Ccd9ikugZUFJNsWkDukRjuu4Houamqwvj/uOXMhLI9UMbd0RQ5LI9VwkAbqNk5VpZISXYwQT2UbHOdk5zttzwsj1d1lSWmmc0PyRkbHkqm9oyqudskool9S9RU9viIEgwOcHn2Xi3VfV8lxmfFHIdttjsqzqHq2pukz2slIB9+As66TJyTklBk9JpNF8XM0GJz59eTyha98IWs5witbnBwgnJJHcp0zs4QRjNkRrMrjG7cozI+wWOyeTvaTSqKSwJrc7BSKeAuIGMIlPSl5Gyu6C2kaSW4QyO9pNKBt9vJGcK8pLeAQdOMI9DRAD6QrWCkIxsElJtnoNPplDkjQUhbgAKdHTYAOP3RGRAEDTj81IDQOEZ0YwUVkjluPZV92ukFrg8WUgnGQMod5vtNbWSOmI8vAzuSvKL/wBSVN3qi4vcGAkAZ2S5Tx0Y9VrIaeD/AGO6h6kqrtI/S4tbk434CpW+p5Xc6uAnNacoc5PHai6eom5THAZ5CI94jbgBcJaxue6hVE+oYCOKyYbJ7TlVU42aFGiy5265gudhSqeFwcDhOUWjDbY2w0FOCRspsbQxqGxoY0bcosbNxqH2T4wyKlNYO+E55CNtGO2V3WGNwBuglrpD6BaIxxyZpyE+R0jgAisjDfMQlHEG+Yhde/PAxhH2Idno6X9kwsJOSknpmARNa0BDce2U5x22KBHkuA+6jKHFpLgQplNCTgkbLtNSOkIJGAN0asl+Xh1NxsjDUcnJ5I4Y9+fRUFXXan6QDhEqat87cA88qMKfWQSgk/RcVhjBqkeCQrKCBukEocNOG41NR/obshX7LnLjCHOcIgMBR5Zw4EbJlTUN9cKjrbhkljCQO5QXXRpjukFVW5PIWuuQdqhidt3IVS8knZN1anEhEXntRqHdLJvrrUUMSSXQDlLH8IQHdEHCQHdPRRWQJSwJJJdweUWAMnF3ST2TmtdqGyNpBARqJeUD5XdATgMJjgU5RRMnNPukRthInK6z6lezKLBtiJcNlaUlJqLdse6FDT6nA4V7R04bg4HCzWPadTQaX+RLGCVbKAMwSN1orZRSyvDYwSQVX2yD5iVsTRher9D9Nh+mQ0+W5xkpPZ9D8ToJTxXAsujOlsBlVVxbDdoK9GiDI4wyNoAGyjU8DIoxGxoAAwjgD7JTawfRNLp40QUYjtIzyiADbbhMJXSdsJO43xWAiaTnhDJJcng4aEMpYHIcBjlCJGV3JIO/CCc7jKU8yISMj1CjT4YMng91zJALs4wMrz/rXrdscT6ChnL37hxb2RqOTDrdTDTw3MB1v1oXOdabTLl/EsoOw9gsM12Dqdue/ugh+TqIJc45JPJKI6Nz8YWipHgdXqZ6qe6Q6SRzyAFMoqF0jmucMI9ttEjtMsjRvuAeyu4KZsRGGj7rXCJmVeQNNQ6Gjb91KbHpGMo7RsNsJBme6fFDI1YA6fdPDSeEZkWocIzIdBzhHlDFXkjx0xJy4bKWGQRNG2CnYA7LkjwBnGVGw4wSBukwmPnbjOxUeqqdO2MKsnqpCMNJQNsvGCdPVBirZ6suPYoBbVTO5yPupENueTlxVlLngiySVEnlhjyDyj0ttqJv7waArimpGsY0AAKUGDbthQZGsxKS7p90sD1Wzcj8uA13BXQMd13uUMp46IJJDByu5CAMSSSa84GVCDshLIUN1VG04JQ3V7Ds0IHPAcYORO29QkXd1WSVpG4ygT1U0oALyB7JblkfHTWS9FjNUhpG4QZKzAGCMqty87aiuhjzjJQORto8ZOyWGSH1crjg7hDJe888rrGbbozGcEt4SpWYPSaXwMP6kBMJduUmwYO2ApWFwnKQ7cHZ0/hoQ9DWwgAbfunCMNOdP7pfdI8YwkzvOtp/G156Hh4G2N0jVRR4DyglrvVc+Unmxhix235OxToI4CS3A/8ABQJKqaQaS/8ARS4bRKcasYUxltgjwS3JWOeoaOhVosdIofBfMdySfdGhs0zsFw2V480NM3ztGVBlvdNGDpKRO52GqKrq7GxWaBhBe3dSXCjpgOGqmqb5JI7ELtlDdVTTf3jicoFFy7D/AJVS4ReS3KlZ+PKrprzDu1mcqIynlkOWtyCpLKI4BLQCiVLZnnq8fiB+ZnldkkkJj4ny7uPHupojYzAwukADhOhpmzNZqZvlsgCF3onth3GUd2nOUJ0rR2WmGkZgu1sFxJhBAzGSP3QyGN7g490zxnOyAOUMRvcVrp0jXZ5/Wee02nzlj3yjIwhmVzsDCKynJ3JRI4QMZC0x0SfZ5zU/U8pxxQBEbnDK62Ig8KTpHGEtHstMNNCHR53Ua/U6iWZMa2MAbp2F0A+iWkrTGODM25dnMD0TU/GEI5BzjKpsB4OHYZKHLM1jeQVHq61jBzvxsquaofKRg5WS/URqjmRt0egt1ksQROlrN8NQTK55QoYXvI2JVjBQHLSVxL9UrOz6H4bwEYJZQyCBzyHYVpT0owM7bJ0NM2No2UhjCRt2XMtuT6Pe6Lx0KVkFpEewCW7sIpjzvhOEYG45CwWTbZ26oKKwDEYPPfujANYMjsmmTkYQtLn7eqWotj9yijk02OAlCx0jk9lDLKQd1YRxMgj8zQMJsaciJ347BQUoBDiNwpz5mwDzYwFUVt8pKGNz86nDgZWQu/UFZcS4NcYwfRaK9OczV+Tr08d3ZpLt1bTxEspXFxbsT2ysbWXaurHudNM4gngHsokrgBnO/dAMxJwzYrdTpMs8drPMyulmTwFeQfM45QXVUbAQ48oZbUyHY6h7dlIp6OJmHTHf1W6GkSPMajyyhPEQDTPUbxN2PdPZRgO1VSkSzwxNLYiPyUCWqytSrUDk26iy+Wck0y0UIxG7fCgvqwTtwoz5T2HKYI3OISrZpLAVFE7HlIleOXJNySSUxsJABIRo2jO/Kw2WI9TpNJKUcSOaSThEbH3wn+UBDMucjCyTnno7dOnhXHGB+GjuEzxgNsIbmueQnCA8pDbNKil0P1eyZuiCMojYNRwUQahkjjJOAM5RI4Hv2xypkdJG0ZARRpHDVC1XhkSO36nAyDjupbKdjB7rkk2jbCBNUho3PPuoM+yBIwxh5AAQ5K2NgxGclRC+aR2GMyD3T4qEcvUSyWrZdROOqZpdg7ZcZTySHIClNhgbgMG665wjGwRKLYqUvcmCFJgZdgEJaQ0cZwhTXGFo87sYVbVXvJ006bGlsy3a2miOW+S2dPo5Gyi1Vypmt+vJ9FSz3Gpk/HgFRnuc4gkrTGjHLONqPMNxxEnVFykc7EfCiyTyyc7Jjd8AhSoabJBIWiFJwdRq5WPMgGl7tyitgOQSFJEbGtxpTM42wtCrwZd+RojACEGuz7Iy5gJmCm8jR7rmAupISh6aSQM4Sycq76e6UuvUUzWUsfkP4kidiidHRaS3W2KqlZbIFotVdfKk01DCXluNR7NB/wDmL3Ton4Z0XTzfmK2DxJX4cAduO5V30j0ZQdP0sTjAHSNGd+SfUq3uVxFNFrMeoj8OcZWSyzcfWPA+Aq0MFO5ZmOmrIqOJ0j3YAGA1UBlqLnUGR2QzsPRMY6pudQS76fTsFdU9MyABrWjbusttm7g9elhYQOlogwDUB+qkiEbAbIhALRp2TZKuGljMkvbgeqztjYpI66WKjZ4svbhVVTVT1khe8kM7LkkslbKJJPo/CEGqqg1ppqc4PcjdUQUlUyPAYdRUqltz6oeJNnPIC7arK+Z4kl+/2WgBp6UBshDcfurTwLlycoqOCkZnQCGjP3UC8dQQ0EZfG4EnIxlVt66njYDTwA+5B5WTEk1VM6aV2QeB6JmeDNOz0drq2puM5mlyR2C6yIRDU4YRWgAtjjaC8nA+6uLb0/LXR+LXZa3sgnPAMYtsiUForbmGujAZF2cVsLXZWUMYEbA9xG7lLoKERRNjYxoa0YACnBzYtuFgv1KidHT6XdyDjhxuW7qPVXGGkYXOO4PAQK+6OL/CpMuPGR3KsLR0+XFlXX+eTkNPH3XI1Gs/Z16NJtRDoLbV3WY1VTtE7YNcOy1dvt0VIwMiY1o9hyjwU2kAaQPspsVOAMnYLjajUufR0qaNvI1jMAAopLQM4Q5ZmN/lwnW89lLore6XTLV/QfwrDOxmmMEuiK2OoncBDsO5VrRW1sbhNM3WWj0Uh0lPBiOGMNaNtgo1ZeXQB1NRjVI/hKlJsPAetuMFGwl+Af6VnZ/4xd5iIpPCpjuDlT47U+eYVVfKHuxnCmhjWN0sGAOwVZIuCHRWynpI2jS1zh3UqSQsHr7ZUO5XCKjj1PcATwMqgNRdr04w0rCIz+P0VojeCxuXU9JRO8EAvl40hRILddrw8S1I8KF3LSeyt7b0zQUoa+piEsw/E7dW7iGABo27BGnwAnkhW+zUVtaPAj83qpU8oibl3Hqo1bXNhZqdseyy126pdIDTUrtb0SXJRcXS+U1HGTrBPplY24364V2Y6UljTyUEQVFVK6SrHPAzwptFRZOGgBMSwC3kroqSV5a54ySrSmoJNg1vKsGUDQNZbjG6bV3Kho4QNbjL/S1Oi8CxNo2wgOf/AJqDX3empnGGM6j6qvqLtU1LjpdpCrZI3udvuSmLkFvA6tuM8xw1xDfYoMTDIcE8qRFbamcjSzZXlusRYAZRupKxIop4La5++klWVNaSMOwr2noGNGNIwpsVE0Y8qU7cB4yUsNtI2DVNit4bh2MKz8KOMFzmhoCh1NxhazEA1u9kmV42KQ3wGRAknAHdRKi5xN8sLfEfngFNbTXK4v0vBij9SeVcUNno6NgIga5/cndZ7bslpZ6My23XK51RNQPDhI3CuqHp2gpn+JHGHO/xbq4ZDuRpwEZtORwOVklbyHsIcdKI9mtCK2mAwcKY2mJ3wispj3GEmduSlHJEFIAMhqIKbSeMKe2mJG7f3RW05B4SpWZC+Mr/AJc7eRGbAMDAU7wm4AwniEdm/ukyswEoYIIpwOy6IB/T+6sBAMfT+6Qhwchv7oflYe1EHwPZdEGMHCniHA2XREULlkjIYhwNwl4Sn+APRLwQOyPc8EIfhN/p/ddEI/p/dSvCb/T+6QjA7Ik2yZRGEBx9P7peCf6f3Uzwx6LpY1g1EbfdOSbKbwRWU5IIwotTLSUMZkqZdJHA9VHu/U9LSRmnpDrmdwAsrUOr7jIJquQY7N9FqrhkVZZknV/U8ssggtsJ82RrPZVgtxkk+YrJC97vU5UiKBsWHd12R2RhaYxURb5AuayEaWAY9AgvlPGEQAuT46N8xxjC0ILGURi5xGzcpkdvnqHANYcK7pLVndwz6KdFTCIYDcKb8AqJTwWbw2hzm7qW+ARNA2UyV2gZ5VTXVrg3DDuFN41QOTSiNpJxwqt/zFZMIosYPJVjQUU9dmSsH8rs08lWkdDTwkFkfCjsyW4IqKazQtdrk3cp/htaABthSzG0cbYQXAeqDIUYAHMb9kCQDTypErS4jbCayE8lGpbimkkRDCT+H9135fG+n91N0NG2EN2GDUQnQWRMmvZHbAAo1Y6npojLM8N0+vdRrhfWxSeDRkSSY7HZUzqasrZDJcJdbXcMHZaq622Z7JpfixVl6qKlv+4M8h21FVzaNr/5lR5pO5VsyAQDDWjB7JrIQXccLfXHBjk5SfJXilzsG4A90wxFu2FaOiY3bOMcqBOJJZPDgdhvckLVsyInhEd7o2bOduhaXynDHaQpnyLc5kGSE4xNAAG2E6EDHbMiNp8Y1IpiAHonykRDLth7rN3rqylpmGCmcXOzvhbaqsnOu1MK45ky5mkbDu44HusteOsIIXmOjy8t2JHGVm7je7hXyEvqHBh4A2UB8ZOA7utcKTj3612cQC3K63K5PJlqSGn8IUDwzkZO/qrGK3VExBjZkFWlJYuDO3CfGrDObapW9lFDTSvHkblWVNaJThziPsr+Chp4G4DMrsrQ3GkLTGCM3xFV/D4GgZZuEnNDRpUx49VGlWiEEhc4pEYtPcoT2YGc8o0pJI7LhGW4ChjtWCE5hBOBsuFuoYxhHcBkoL8gEg4R9mWb2gHMO6YQAhzVTYt5ZAAoFTeaRgw12opiTfKMk9RGPZP1c7IbtABLiACqSe9lxPgZCrZqipqPqlOPRN2sxW6mL6L+puFJCf7wEhV9ReNX9wVV6I3f3gz9yuxxOcSI25RqOTJZqZf0hpLhUPOzsKO+WSQ5e8n81Jht1XNu2Pb1RxbNBHjygfZGoCHKcvyIAwTvhEDPLkNViIbdGMvOSEJ1wos6I4iMItoicop5kyEWkEDQuOeWjOFKNQx24Zygkl5+lL2lKcH0BMzh+HCEKuYHYqWGM7n9k4RU2PoU2gSmpEYVs39Sd45xkhGMFN/RumaYxwqcCbkMbUOaSQEQVurHiMBA9ExzAdwEB7SdsodoEml6JT5rdKNMrG5+yC2gtr8lr8ZUR0Wo5TcOZsFS4FStySTRVLDilqyW9gSutqrrRHXMwuZxkHKjsmcD9R/VGFaCAHEonBBrVOHsMy9tlcBNGWE8HspkFWQ4GN2D7FVj3Uz24wHZQ5ImtwYZHMI90LrQ2GvnF9mnpr3XUsgljmcT91f2z4iV9vnD5i5zT7rzVtRWQO1Z1BFF1kYR4keQlOlM7Gk83OnqR73b/iXaKmBsk2Gv4ODhaa3362V8YkgqW79sr5ojr6SRuWuwT2yp9Nd6uNumGpeB90p0Hf031Zt4mfT8Lw9uph1D1RvE8PAdx6rwKz/Ea924sY6oLgBg6twVuLV8WKSoY0VsRJ4djGEiVbPV6PzOm1UM7kj0plRE84DsqTsQNlnLdf7Bc4xLT1oaTy0nBCtoHvH91LrZ+qxyreTs03RlyuSc0FpRNiBso/zDB/ebIrJGuO3dTrs2VzjLo7pzyF0sy3GEYMBGdKRj9Aq4LcVLogPpg/ykbHsqq49LWuvhMNRSteD6gHC0IidlE8NpGC1FuYqemrs/NHkt7+CNnrIXG3AwS8gjgrze9/DLqixyPMdO6eJvdu+y+oPDHAQn03qA7KKNso9HG1v03pdSm1wz48kFRTyGKoidG8chwwixPBG2+V9PXjoKwXjVJUW+ESO5cG8+68z6k+CdawvlsGZHHdsedk5XPpnktZ9LarTx3VPceZiRo7j9UUOaU26dPXizzOgr6SWF7OQ5pA/VQwXDk7haoT3Lg4EqrKeJxaZf2u93G0yiWhq3sI7B2y9Q6Z+KFNXNZS3rMUgAHiDgrxZsxbgEFHbMCnRucSlPJ9OsFPVxNezTJG8ZDgoV06efV05ZTzFvfC8PsPWl7sL2inqnSRD/AIbzkL2Hpnr2232NkYe1k2MOaTvla67c9i5w3Lkyd96enhB8aHQ4fi7FZz5eWI5ieQ4dsr3GqpYa6PRPE1wx3CyF96PhlBloXBj+cEbFb4yOFq9DH+kxtJeC1jqa4xmSNwxnuFW3foamq2Cs6fJY93mOHYBKnVVJJBI6CojLXDY5Qaaorrc7VTvJZnOnKdFnJso2mdprhXW+f+H3mn0tJwC8ZBVnB83aphW2SoZpd/eQu+hw9h2Kva+ht3U1INZbHPjk9isnX2q79NyB5eZICcZ5CdCzJlccG1tV6o7tEH6mwz8GNxwVaMnkgIPb3Xn8D6W4HxIH+FMB22OVe23qGWLFJeS0NGzZvT7p6aEuO7s21FXgP1skz6tK01pv1Vb3ielf5fxMKwbG6GiSN4cxwyHNOxCsKK6upsawXY9O4TcnnfI+Oak5RR7FRVduv8Qm1CKXGCPdTIZ620OxI4yUzti4buaPZedW6vbNG2allLXegO4WptXVD4B4Fxj8SJ22RyFZ56dTiTeoujbH1RTmogjayp05D27av/VeXV9ru3S9Z4dVG6MsPleOCF7GKOmqWNqrLWgEjUBnb7Lk8FHe4TR3anYZWDBLxyjIpNcMyPTHWratjKedwbKNgSeVtaK6iTDdXK8s6m6IufT1W6st7HSU+dQI5ai9O9WGGYU9c4kHy5P4T7oC5V7llHsIw9ocNspr9tlVWy7h0TRkPYeCrRsglbqwhxgyyi0wYB1ZJTpooamPwpo2vadiCMgrp3yExoI7pU4prkD+55F130HNY6l97tEZ+TJ1TNH/AA//AEVPY7/oeI5D5TxuvdyAQQRkHYgrybrzoB1rnferLCTTuOqSFv4D3I9l5TzPiY2xcoI+k/Sn1XPSyVF7/wAMv7RdpKaWOro5iHNIOxXtfR3XFLd6dlNVvDagDGSeV8r2i7uhc2WKTcbPaVurTc/GDZqWYscN9jggr5P5rxPf2n6F8B51WxScuz6UniEzckDGFU6JrfKZ4SXMJ8zVQdEdbMr4W226Shs7RhrydnLZTRDGcbFeDv086JbZI+hVWRsX2vI+nqop4w9jue3ojAhwVFVPnt7hNT/Q4+YKxpKyOojD2H7hIwPaJrHYO5UiTD2A/wCqhas7hHikLcKAiD8O0lHa/UCFHmaCdQGFyKXSdwoQN5hkrNdR2xz81UDMn8TVqQQ4YwoVbE5zMtG3BWmuyUHwLx+zL9GdVu6auhdI1z6OYGOeHOxB9l4b/bj/ALL1J1DbT8afhxF48bmOmuEMY88hOP5+Bx7/AGC9outrY2oMkTdOvke/qrnoLqaKkjn6VvhDqGrf4Z1cBpyMfuV6Xx+vlXLfDs4XldDXdB8cNYPx4ILSWkHI2OURvJX1T/bO/syP+HN8d1p0pS+JYq14yYxnws77r5Ra8BfVfG62OuqVkf8A92fFvLePn4+3Y+U+n+w6chJ66UXycp/aSOThJciRBvlaU+BeRNI9VMpfq5UDRjfKlQPDXAlHGWWItWUXEXbdTYDpka/PCrojsFNYct2WqDObZDdwbOlkc+njc474UC6/3hKdZJzJTaHO3ASuQOjOMklaG8HMx97RKtFRgNx+al1xDJmuA53VNa5g12khW1X/ADGeJxpCOMssz3x2yaNfRyl1K045aP8AJVl8BkpDtwU/p+Z81CQ450jCbcj/ALo/b3TXyjFH7bTBTjTJx3K6XamH7LtWMSn7po3BwscnydqLyshqd5NOATuExrjnlNj2yPZMBwTlZNTDdDg6Oiu2TLqy1HgVgweV6bSOEtG0k9l5HTShjwc75Xp9km8WjZvjDQvG66OLT6z4TUb6EimuEZhqSO2Uxrsgeyl31uH5HqoLCNGM9lyrksHpapY5Pof4c3Ftw6YpyH6nR+UnOTha2P6l5J8F7owU1RbQDqaQT+//AF/Zessc0keq8R5GGy1nufFXK2hMlhowEXAwNkBjtuEYHPbhcew651q5gFFTHbhSHAxLgxfxWtsld0dVGIajD5v2K+aLjQmopXujGCzlfXF8pH1trqKWPcvYQP0XzE2ED5uLYF0rx9l7X6f1LjhHzz6r0X8izd/bBgRkZB5CLSVhik16Rsi1lHJSVMkMg3BKgzMwR2Xv4z3I+NalOizb+jUxFtXSZwDlZa40zqWoOBgZyFd2WrA/3dx7JXujEkfiNHus9qyzdp3uimW/RN50OYxzvZehVUTKymONw4ZC8Rs1W6jqxvgZXsPT1e2rpWtJyQFx9RX92T2fi7/khhmaqw6jqN243wVa08wIZMw+hUrqa3CWHx4278rP2mp0vdTSHvtlcy+GY5O3TPbZhnsnRl5bPG2NzuQBue62rXNI2C8V6cuLqGqaNXle7C9XtFa58GZDkjheU1lD3ZR7LRalyioyLdTaKUsIb2UGM+JwEUDS4HK5LWDpL9l+1wc0Fu+UyrhbVUzonN3xsg0EgcNJU0bbKReHkua3o83rInU1a5uMbqPc4BLHkjGQtN1RbtLxURt2Jyq404mDRp7LfTec+6nKwYnwdFQNvyVpG0taBp2XblQfJVbJtPlccHCnSsa1rXNG2P1XSr1CfZz5U7ODC9TW4w1AlDfI9ZOlrXWe+aTsx2M/Yr1e728V9r1ho1DOF5ffaMsIn0Zczyn3XRos3HntfpNqc0N6zovk6mG80ozBUAZcOMqAZo622ObKAQWlpHqrukcL10tLb6gfzoZMsb7YWLjqXU0r6STykZ2PsvS6CaWDw3kqXncumeN9XWl1rvMsbRhkhLmKrZnGCtp8RX09RNCdH8xpyD7LGk6eV6/TNyhlniL0ozaR1hLTsVpbFe//AIapP2KzIIyjMdp3XQqlgwX1RsWGj0eBwlGRuEZoweVjLZfJ6RohlJcD3Wrp5BLE2QHIcMroVs4N2mnTLDLCLGkIqiQkghSmnITcmZ8BW7KQzs1RwcI7SDwmCmiVEQQCUVsYJ2H7qIcjglFhlyQCnQeRXBLEXlyuHlPY4OGCneEDvhH0LdhxnKkM5UcDCkM5V+xc1uDs4UiLkqOzhHi5KMzTWGS2dkaMDIKCzsjMOME+6NABmAIzOyEw5RW9k9IVYGa0EZIRQBlDZ9IRRyrFBGNGERqYzhPaptTeCBA0ZR2gAbIbcuOfRHHCtQ9i28Dm7EJ44XByiDhDjAOeMjs57IjcZ2TUVWkmA5DhwiDlMTwDnKAU5NhQc4yiobdgPdFaMlHsyVNj2k8ooc4DlNAGE9A4kT4HM+pGGDg44QEZqJRyRBAANgnYCanq1HDFj11n1BcSUCwGGF3I9UDJ9Sutcc7k4UKwHSXARjcpZChQ1JLLf6v2Sy3+r9kZbjkSSZkLhIwqCCkjB3CjknKRO/KbkI1wW3kdkrmo+q4SByh53RN4JgO85xgoZAaNTnYHqhz1LKeMve7GOF5j1/8AEqno4Tb6OoL3uyCW+qFS9B06ed8tsUWvXXxEt1oiFPTy63HIc5v+S8OvN+rLvUSSSSnQ4+VueAoVbXVNfKZKqbUckgeijZGOc5QN4PV6XQR00cIWe4O66C4jjKGBl3KkMGRlJlM6temlMayP9lIa1JjM7KVFCXHASJTyd7RaVpYBxtycFWdJRasEp1BbfEfqeOOAtDRWnGDxslOSPQaTQuUlgi0Vty5pLf3WipaENDSBjCNRW4NaMNVjDSkEABLc88HoadLGv8SPFTaCPKpzGANCK2EAbhIkAfbOUCZshFRQPSBydgs91H1bS2pj42EOcRjOVD6t6wgoI3wwOy4ZBIPK8srrlPcZTNK4kHgZQOzPBy/JeQ+L/TqH3S8VVyqXyvldpJ2GVAaCTjCaIy4qTHGGgFw2US9nlp2zs/JjoowcErrtLQm5wos8pAwiMtssCqKjHlGFEILjknlIgudklSYYhgHGFohHBzpzc3gHFEQ4EjhTxhoaA1JkQAzpTXyBpwVrjFGebwGB4JT/ABdQHlwhNY54BAUlsYABwmxjgy2TE0EnzIzABx2QxvjA4ThsN0YpzHJJLh4VACyPVccRhAcTqO5XM+pTMkHanEk4yp1vt7pMySYbtkAolst2r+dKPcBGr66OmjcGkDtt3VDVDjcNrKuKjjAbjA7+pVBV1ktW7LjgeiU8xnOd/VDbGcqOfovKSOMicSCeFLjjAwcfulHH3wnTOxgYVZQuTbHPLQAQQFDqalrGncIdTVeG1UlXXOkJGTulX6iNEdzH1VOTywlfXueS1qriXPJJSJ1OyU8AYXEttldLdI6FdSiNSXcFcSB2UkdaMlE9Nk1hAxlEyAEQmcmzicuNY6U+UKQykczBeeUyMMipSwMMZkwQEZsQaON0TAYOEk6MAHPcC2HZcyfRPII7J2AnfGEmxmr2XMj0RUlPjLyBxlFhiLnABdAycKdR0pcQ4hBYnFD9NTLUWKC6DU1OMAlqt6aPWQxo9gokTA3y43K3nSPS8tTIyWWIYOCAVhsy2e88XocyVNaL/orpAyBsr4wc4OSF63bKKKjgayNobt2UC1W+K3U7Y4274GVZxOOwJSbJYR9P8boo6aOESQSE/JQxunrO5HajHA9Oz2KbqA4K5kJMpDjo2TvG2xhCL8dklM5CHA5SJDRknA9ShukDGl2fzXnPXXXjYGOt9vndI/hxZ2TPxMuq1UdLDLC9eddiAOtNpky85EkjTx7LzbW+dxe7JJ3JTYmPqMHCtqO3udpGMe6bCGTxOr1M9VPdIj09G6RwOlXtDaA8AuGFJobcGYOgbe6tWMawYAWqMNpkVfsFHGA0DHAwnNaE9daM5ThqijmewC7DGdQ2T4o84JCkAAIglWJseBwkcNXdeBwoFdWsgZrc7BHAUcsBqOOyRLKACfRVNXcTwH4QpauepboHlB9E2Okc4glVvIRpH1k7gWHI7qVT0riQHDBU6lpgzsEUtaMKxYGOkazBCOI2jsm5CRxwoTAQYHcBc142QC4Z+pc8ZqhN2DKpmsphrKYDPij9VFfdIGjylP5PzE6miZuRwuHZVEl3dxGchAfW1D85dsfdHhjVpbZdIvH1Ubc5IUM3SEEjuFVume7OXcpmW91fRphoZvsny3k7iJqivr5pRguQdPoV0RuJ3UckjdT47+w8yyk+Z2Ug/GwanthceyI2kccLPKaZ2dN41yxhDASeAnBhKMKfG5/zRmxEb4wkylg7NHiG+0RhESfpRmwbZLVIDQBs1dx7LPKw61PjVDHBG0AbZS0k8FHMfsnNiLzws8p5OnDSgAM7BEEWcDCkMo3PUqO36MOmcA1InPBtq00faK9tM4/SOfdHit0rzlqmzPt9K0HxBke6rKnqaCAaYjj7FZ5ts2wrphyyfHQQsGZt8J756Cmb5HDKytX1NPOS2MH7qGHV9WctecHslODkW7oR/A0tTf6aLIac4VRVdQSTgiN2yFDZauUh0g+6soLPTxgBzRlUqE/yQqeoslwikE9xqXnSSQVJitdS/d7cAq+bDBA3DGgfkhPqWt4GU2OlT6ETsb5kQY7VGwAubupLKSnYNmjIXJarI2ChyVZBxjunw0WejJZq4V9ks+HHnSQEB1Q07YChuqnHIHdDMVTIQGNyCtFeheeTh6v6j0+nTWSS6dueQh/MatsLsVumJBkzgqa2hY0DS3B7rXXo1H2eX1n1XZYsQ4K93zDz5GZyuNpJzu9uMqxEYb9IwiBzWDURlO+CMDzd3k9VqJZnIgspg36gnObGzHCdNO3cAYUMOMj8Eq0hLk5cyJB27LmpObGTjb90ZseANk5IUmkMDTnhPDRjhPDQE7IxwrKc2ugbWBIaRvsu+IOFVV90igcY2uyfulTtjHsbFb+ibLK1h9vuqOvugkeYoTsNifVRqmtqao4DiGoFNRzyyhrRjuSeAuVqNfte2B6XxPgLdTJSsXBw+NK/J3yp1NQu2LtlMprbgjbOFZx0wbw1cm7UO38j6b43wkNOkoxAUVC0AEhWAgazcDddjja0cYRmu2XPtnk9NRp41rCB6MbcJzNLRnGSE4uABycoLHHOyz8yNaaQXxAdkMvcPddaXZw0co0dLLKQXtGlSNeSStwAZl/0jhSYKbHmKK9tLSN850rOXfqVjGup6fORtkFPhSY7tbGuLci8nuEFE05cB+ay936kklDmROyMqhqblUVOz3nH3UV8wAwtlVGTzGv84nBqPAaesdIXF2+QoTp3HbSntY95GByjiiaG63DZb6tN7PGavys08ReSIGySkaRkd1Jjo4426iMJfM00Qww4Khz1krzgP2W6FcYLg4Vl1t0syJL54ochjs+qiuqtYKiuc4nJKarl1wSMeTr5sOIA5QNRccZROSutYAQSs9k8GyjTO1pIQjO2QpAAwAAma2twOMJjp8jAC519rZ6jTaaNCwh7psY7rkczuMILWPe7jlT6alwQ7usMrG2dSmDfQ1ut3ZObGc7hSg1jW4wFzWwfh3Vd8m5JRXIxsO2cJ+kDbCHqycAJ7RqODsoXv5HMYO/ZE2Awlpa1uo7BRZa6Jvlad1eCTvjWuSc3yglRZK2OLI4JUR76mfZh8v3Raek0OEk/mPYdkTizO75SfB3NRO7IGQjRwO1AuC783TQg5cBhV9Tfo25bEd0Uam+wbNZTXDdJlv5YWAHhRprpSxbF4JWdnulTK768BRJHl+5K016fJzLfMrH+mXtRfYmHELsZ9lXT3OonGC7YqveRkHlPYtEdPtOXd5C23tjpJXynLzlM2S/JODdSdGtIxTuy+R2MokUReeEWCDO7gpbI2sHCco4Mltv6BRU0YGXDcIjiAMAJr3b7IYce4TYxSEpuQ8knum6fddSVhgkkl3BVBjk3cnAGSeyJHE6YlrD5j+y9E6R+H7YY4a+6gPeeBjGVlut2rB0vF+Ku8nbsr6KzpHoCruz4qiqxEx/Ac3O36r27p6x0FjpGRxxNBaNz6p1otMVJC06ANthjgI1wrGwN8oyW9vVYJz3H2TxPiKvGVbK+/wB+wlyubYI/5T9zsAFTt+ZrSTITgldhpZ66oBPHOewCvKelZE0AAbLLOR36632cpqSKCFrGNA23PcogjHc7Lj8kbbAKLU1r4W6WYKztvI7GAtZU01PFlpOs7AdyVXEPlaJKge4CExsjtVVVbn8I9EJ0tRVPEbHEBWC5YFPM7RohGM7ZVnZLM53+81LRv9LTyiWq1iN/jVLdWOAVOrbtT22EvcBtwMqE49kp8kFDDk4GP3WHvnUxme6GH6htnPCiXi+z3XLIZC3JUGGm4c7lC3gzWy3PEGDZFJM7W9x37qfFBK9rW00OrtsjUVulrHiKJh35ONltbLYhbWtcAHOA390udqiMq07k8srbV0xDSsFVUDM7xnHotHRU0j4w6UBjD+HHKlNoyWtnqBpB3AQrhcI4I9TcABc7Uaz1FnX0+iilljpJ6ekHnONtgqeqlmu0ggpAQM4cUqahr7vO6V2BF2cT2Wrt9uipIQyJgz3OFyNRq16OnVpkuiHa7JFRRNDmBzvUrRUtMdiR2RKaiEQEsoB749EX5mEDEIL3DgBca++UuzdGtRO6I4xhxwmMZV1x8KkZhh/EpFDa6irf49Zsw8tVjVVlBZoQ5+ljezRySsjsbYzHpA6a1U9IfFcNTu5KiVFfJK4xUkes5wAO6AJbpf59NPmGnJ9eytYaent7fBbhz8blTcmEk0RWRVDSPHwc9lKbFE3zBgB9V1zhk6j+Sh1teynjJc7SeynYRIlqNPsPVUVdeyZTBSed/Yeqbqr7w4xQksjP4lc2qx0tvw4tEjwOSFYMngqKLpma4SCtu7zg8R+i0dLT09FD4UTA0BElnBxgKtr6+OCIyPkDSFAJLJOkmaznGCqG83+KkDhG/VhUl06hnrCYaYnQOHKuZDK465nZJ9UaWQTtZcK25PDnPLW/0gp0FEcgsZkqdSW18pGlgAVsKWGjYHad1ojEpywVtNQPfgytwEaaalowC3YhDrLqBlkJxsqaeoe85cOUWUiiVX3eSQ6Yn7KokJkcXOO5RSNRyB+isqC1CZofOMZ4CjeACnhpJpnYjblXFDZtgahn7K4prXFDgsCm+FsBjhU7URRyQqahip92BSxg4BC6WY3I2USouFLBy/J9EuUy8E+OA7OxgHuo9Zc6aj/lsJdJ6BVk1XdbhiKkdoh5zwp1BZdAElQ7W/HJWadgWMkV/wDELq3w/wC6aeSO6nW6zx0LACA4+pVlTQNYMBuylmIHTpCROzIaiyLHCeMKRHBnfGFIjg9lIjgzvjCzzswOjEisphzpRY6fzcKW2n2OW7/dFjpsHcLPO0MjR0w28qOym74UplPnHl/dHZT+oSpTbFkTwf8AD+6QhH9P7qwEOPw/uuiL2Qb+RhC+XOQNP7p4gPopZYNlzSfRXnJRG8E+iQh33Urw0vDUIBELcbldELQpGgpaCoQCG42C45vujaVwZJ4UXZCPp090tIOC44HqpDg1oy4gD7rM3nqcRZp7Y/Mv9S0xiW2W1ZcKCgj1zT7/ANKx1xvNXcJ3thldFT9lFeyapl8epkc9x3OTsiAtjAwBstVdeRMpNgmU4aQ4gE+qdI9rBtgpslQcBoCGyNzj5jjK0xWAcHDI558oRGROfthSae3kkEjlWdPRFuNsIpSSDUCrhoHOOSMKxpqNrMbduVPbA1oHlC4cMHCpWeiKAwQNjGyj1lQ2FvCFW1xiwGjcquAq6yUNzgck+ivOeRqhjsBUz1U0mImkjuplJbY2gSyN8x3UqnodG+PzypWkNACNvAxL9A2sa1oaBgBcfpx2Ti4YO6C2Nznb8KoyyQE5/mIAyhaXA5KsG0zCzIG6Y6Jo5aFaKZELARuEms0go8ga1uo8KhuV9cWupra0SSHk54WiqDkZpyx2Ta6tgoo/EkcNu2Vl665VlxLg0mCA9xzhGjpZJGiSvfrlO5bny/miSRgDAAx7LfTTjlmS2eOCDBQxU+C3cnupDQO6JoOBhMlkhgY50zsEdvVbIVmZySEYwRnso0k0UOzCXn0CRlnnIEQ0xcjKJHSxjzNGH+q1QrM9lmSKIpZ/5sg0tPZdY1uThqlubgbqNUzU1JEZJSGMHJK0xqbMF9+1cjHNB5PCpbzf6S1Zw4Pc0bb43VLf+r8l0Vsdsdg/1WQn+Zqn+JPI55PqVsqqOJq9bziBPunUtyuz3F0jmN7AFVJjL+QpdNSODgCzOVa0dnfI7MjMBbq68HKnKV3ZRR0PiHBVvQWmM4c4bhXkNopmNBLM+ylsgijbpawBalFIGNWCuioxCAGtTzGANzwpbw0d1DmfvgBNjHILwgMijyEjsivyTlMkGWpqrZktn6I0nCjuGchSnN3ySolTI2NuokJm1ox2WKPLBFgHflAmc1gy44Cg198p4fLnLsbLP1V3qKrLQ7SE1VNnL1OtrhHOS6q7nS02cPBJCpa2/SSsdHE/YqvdqeSXHJQjHpO4To0tnDs8lOQOWSpmwHzEoIbp5U2np3ynSxpJU+ms5+qdu3ZMVeDLZc7eykBLtmt3RqahqZ+WaAe5V94Nuox52hRaq8xNbin29gi2CVOMe2DhsjG+eeVhxvgJzpKKnwIcAhVs9xqnEb4BQmsfMc5KtQFWXZ4gWE90fjTE4EKGJpXkj13RoKT+oIr6ZrRwAjjHBlnZa3yR9GRlMIYzfZckmZG7TnZRpZ4x9L8lTGRcrEvyDPmaDjCG6do7KO6obtsmuqoNsuKnx5A+X9B/mPQJpqHEfT+6A6eM/S7KGZvZX8Yt3Sb4Jfjkn/1XdTvVQPGdnAC740/aTH5KOsYrXjkmOklzkEgfZc8XbcKHrnz9ey6JXeiCUcAu9+iT40fDiQuPa1w5QPEH9ISyfVCqwPkk+xFm+yGWnCInHhSVTZW5MjBxa7ZEFQ7OTumu5KZrOfpStjLy0SfmMjzDZL+S/wDFlRTjukD6KLKK+TkMIYm7sGPzTXPnGND8ALmrB5T/ABB6KYyWmNFVVg4MikxXKZgA7+xUZwB42QMEbZwr+OLNENROv8WaOh6pnpRoMxb+a2PT/wAU7jQOa1tXkD+rcFeUGM5yiMdjsky0sTsaP6k1mlaxLo+lbT8VrXXiNlY1sch5cDstrbr5a69jRSVzNXoSvj2GulhdqjcWkforW2dWXekqRIKsgDsslmjyeq0X1rultu4Prts9cx+Wva5vZSW3OlaA2qJid6ngr5/sHxkrqBjWVIFQ1vYu3x91vrP8VumLuGx148Av7uwQsk9O4nr9H53T6iOVNJ/o9NidFIMxva4eoOU8sA3BVHbXW6ujE1puDCeRodypxq62nIbNBrH9bUmUXHs7FerUuOyXp910jKFDWQTbF2l3odijY9DlCao2xkLw24wmGMjjZGZ9QRNAc0bYQTeBuEypuVjtd4gdBcqOOYEclu4/NeW9T/BWCYyVFnfp7hi9kDM7BcbAXcBXG6cXwc/V+N0+qjia5Pku89IXqzSOZU0z9Le4CpSJIz5mnC+wq+x2+4ROiq6Vjg4ckDK836m+DtK9j5bW0EHLgw8hbK789njtf9NTqzZRyeGRzB3JRmVE9PI2ammdE8bhzThWl66PuNrmcHwPbj2VPNT1lI0PfGS1a4XZ6PN2aadfE1g9E6U+K1Zby2C+66iPGPEB3C9UobrbbzSsq6GZs0cgzkdl8zxVMMvlPkd6FWNrvFyskwqLZMGO7g8FaadRLOGYbKlI95udkoq9pEkYye+NwsBfLRVWeYskZqYd2vHBCvekviVar6RRV5+Vqo2+YuPlf9lq5YqatYYpomSMcNtQzsulVbk5Gp0yTPImvyCWnH2KnxXSnqaf5G5R64yMB2MlaK+dBS4NVZAC45JYTssJUCRsj4J4zG9hLXNOxBWmE8nJt020fduk3wxfP2V5laNzpO7VWU9xma75W4Rj087VcWm9T2l2n64OHN9lb1tssnU9KJaGdkc2Mjtg+hWhSMUq+Sotl1q7bISx5npXjBi1fT7j0Wmpq+lq49cDjnu1w3Cxj6OttMvgVsfkOzZBuCpVNVPgkEsL9/vynKXAiyvd2belrZqR+uF5afZaqz9SU1RiKsbpPGcLz+hucVX5CNL8cHupzHjVseEZxdb4+Mvvgj1eimqqR3jUMuWHzAA7FayhutsvkHy9W9sFYBggnBXjVq6grqTAD9TR2JWvoqqlu8bZ4naJ275Bwco8o81bRKPLR6BNFJTxCkubWyU7vKJfb0K8/wCsPh62AuudlHl+otG+QtdZuqw9os97a0ucNMUruB91ZGmkoG6tQmpZNiBuB/6K08GffOs8js3U9XbcUtSD5DweV6LYr5FVRtPiDDx68FV/V/R8NxpRX2mNglZ5iAPqHosFHWXGyy+G5j2EHcHZHjcU8TPbGvBGR3T1hOmurhM8RTOznbBWyhqRIduDuglHAqdbiS04jbATQcjKekyipdgJtPKPIfiD8Oam1yv6lsDSadpLqmFo2aPUD9VnbRd3QvbPTvP+Jq+gtJxleQde9Ay2iqffrBERC86poG8A9yF5PzXiYWxcoI+mfSn1PKmSpvkX1ou0dTEJozhw5wdwvU+jeuvEiittzcHEbMkPJHoV86Wy6u8tRSkhzPrZ399lubHeIblH/Ldoe3t3BXyjzPiG28RP0L4P6g3qPJ9Iup4aiESMw5rgqWopprbN48GdBO7VlujuspqN7KK4SamEYDivQnmOqhEsJDmu3Xgr6J6ee2R9B09qthuIdJVNqmam9uR6Ke0qiqopKGT5mlacH6mKZQXOKq8h8r/QpLHNFsDlDI0nICa2VpJCcXahhVgrskU8uryo4xgtIyFWOc+mla8AlrtirCN4xuVaeOQJRyU18oBpE8LTjOCAsfcoPJ40Wz43ashelOYHAg4OfVZLqG0OtsoqohmKU+YY2C26bUbJoz2171hhra62/Ffouu6A6lx4zIPKXDOsYIyPscL8zv7QPwSv3wp6uqaKajIp3f3JaCWubk9/ZfoFVips1RF1FaXObJSnVhhwVO+L/Q1k+P8A8OXVdPHCbvE5uPLhzHY9V6/xWulp7lOJ5TzHiar6vis69f2Z+TTM435RMjsVfdbdI13SV4noKwN+sgaeFmwCN87L6dpr43wU4vs+R+R0ktFb8M+yQyTfGOUdrid8KG3ZHjOOy2xnjg5koh12N2lw9kmnLUNv1lNTFyjlYLunILRupkTzxhVdGcDnKnRu34WiLMNq2mgslQfELSdsKyrXB7cYWdtkxjnbtytE4tc3OeyepZWDk2w2zyV9PII5titG0iam8p5Cx4eWVB+61dpk8aMRgdlpgxN8G1uLTpuR7JnxB2W+isblEXxSNZ2GVn7c6SnumluwJ4WkqnHVjHITnyjnz+2zKPPK4ESkH1QY3AcnlS7u3TM8Y5cVWwkg8rJKPJ1KuYJklgzM3sEyc4P5p47FDlGcJUo8DqW4S3BIpS3BXpHStYJaPUzfAAK8yaRutp0fWN0CNp74cF5PylXLwfSPp7V4ijQ3holjc9zd1Rxu2A9FpaiNrxgjIWYLdFU9gJwCcZXnrOD3dVmTZfDC6/IdTMiMgaJm4yV9BQvJcD6r5WttU2gulPVPB0tdgkL6ctFaK6hgrGtAZKwOG68r5anMtyPW+DvynWXcJyFKj+lQYiAcKXC7SvN2rDPVrgNgpp5KK3BHC5p83KGPYbWSO9vbK+YepKb5Dra40UW0b8SBuPpPfC+pXM3zlfP/AMW7e2j63p66LAMzAXYGxyu/4i7ZZg839QUZpVn9zzjquhLWMqmt3Aw5ZGcHYheo3ulZLQvLm9l5rUx+G8j0K+haHUOa2yPjn1PoY0WKyPsBT1Pgv1aeFqafRX0w04OpuVlAzfOVa2Wt+XqhGT5HbYW6x5Rw9LY09rKm6RuoanOMbrddF3tszWN1bgfsqfqG1iqiM0Y3AyqLpuvfb64ROOBqXP1EMnpfH3Omf9j3V7W1dKWc6hsvP7nTy2+v1DIGd1sbDXtqIG4dnbIUfqS3NlY6ZreRlci2Po9fGScPlRCoajxYmvacHn816V0fdvmabwZHjW0YOTyvG7XVvjmdATgtOwPotfZbi6gropg46DgOXH1Wnz0dnxuqy9zPaaKYggOCtGMa8B2eVQUVVHVwRzw8OAPKtqaUggHsvMamvZLCPWVz3LJYUj3RSjPCtmO1jIVQ0Z0kbKfSS4GCsbeB8ejtxpRU0zoyMnGQs1TRYe6J2xbstfu8Kir7eaet8VrsB4yjhIXZDLwUd5tpq6YhoAczcKqhhc+kY3uNlshTCQDKpJLe6jq3xv8A7uQ5HsfRbq7OTJbTlFLh1PIGuA0nYg8LLdV2dul7mNGCSdh2K3l6t5jp2ytGw5VJLTCupCTgnghdOi/BydTQrI7Tye1TGhq3wu5zuPULMdX0MrHC4R8eIc4W06mtUtrvcdd/wnnS7AVJ1IwVFA4MH4sr0vjtTiayeJ8tomouK9HhnUta6qr8PbgMGFRTAYBC0/WdtNPKKpjNjysuHktyQvfaWxSqR8o1dMq7XuAgnKkMcNkBwI4SG+CStanyZGic1ytbdeZ6MCMkuYOxVNGNgitW2uzgTbBWRwz0G310NZG2RjhnuMqyjdtjC84oa+ajkDo3nHcLW2m+U9aBE86HgdzytSlns4mq0sq1mKL8k52RGHCjteD+aK13sm5OZ7JIfnsixcqKTlFiJBAT4PBWGT43H1UyPfuq+MhSopAAMpuTPNZJehINIXGPAOCjamuAACIA41Gj+pCRGAnOEYiwmxcIiDGiDlGgCTGcqQHY4UZnZHYdgSmoRNZDx8hSWcqEzlSI/pR9CyUOERRxyiDhW0QlR4yMhHURpUhj852RABkRqEDlEaQgACoqDkIoIPCgGAg5RmkEcIKeDhQEOjM+yCisOCjQDDJLgIwuogR8ZGQjNIUVqIw4xkqsFpkpPQchPUTyRrA9JcyF1WUJJJJQg/JSyUxJQg/JTclcTMqECZKZkriYTsVTeC0sj8+6bkoW+vkp+QG7nCpstI68j1CiXG5UlsgMtTNoPI2VJfurLdZw8vl1Fo23XifVfxBuV2qJI46jybgAHYBFlGvTaSeoltRqevfil81G6gtrnNwSC8ckLyepq5al5klcXO9SUOSpc53mGSUwODhwkyng9VptIqYqMVydMpOy63U7YrjIC52VMjhwB5UqdmTsUaacu+gTISSHKZHHk4yuxwn047KbDSPecjAyszmdrS6TL4GQ0xdwOVaUNE7UDhHt1sccEszn3WlobaG4OjGPdR8nodLotvJFt1tyDlmNlfU9DgNPsj0NGGk+TGytI4GjHlSpJo7dFWxYRGpacAYIUoRD0wntYGjIGyiXK7UNth8SafB9FTew1OUa1ulwPqqmKmYfEdjbuvPerOvY6fVRUO5Ozngqm6u69nrpnU9JJ5QMbLF+Z5y4k53ykuw4PkPKx/2qWEqauorZ3zTvzngeia1dERHZcxp5QNnAcs8scCByEnybZA4TXO1JpdgcK08i5SSOvmABHsouNfmI2C6Q6V2cKSyDAG260QjlmS2W4CyDUBspLYi1oOMrrgI8ZTXVEjhpZwFrSME5KI2Sd7CGtxunQwvkcHnsiU1KHjXMN+ykkMiA0haIpmKy3LHMYGNAS5S5TvpTjLKWTn0pZ1JPOVwcKAnUsFc/EjNaHIQ8AdOTyptHbzMQ7T+aLS0PiHUW8eqLUVsdHGQxwBATHwHCGeZdCrK2Kkh8KM4wMHfkrO1MslTJrcduw9EppJJ3Fz3ZycpgByqUshWTzwhzWeyOxjdIQm7Lpn0txhADtywxe1o3IVbXV7WHAGcINbXtYCQTlUs1Q+Z+ouKx3anZ0PrpzywlTWOme45JQCMpqeuVbOU5ZkzVCKiMXRylgpYPoq7G9IJsQNlwjHddjaXZDRlSIaSVxy5uyKNcpdAOfJEa0veMDdWFNRbAzDlHiipox5xuFySXVs0bdlohWl+QErN3B3w4o/oaB9kwlz+y4A4lGawjcBOjBCnLAPBK6n6QO2U3BTYxwUNwEzBzlSNDvRM0eyMI4OEk8Mz2TmM83CpvBFzwdgiL3jZXNPGGMGyjUrGsA2VnR001XKIomZzysN08nrPEaL44pLtlx0tYnXOoEpjJaHYC9u6YsLKNgdKPpGyzfRNhFHTRF7MYGo/dbqAkH0CxzeEfVfD+P+CtSkuSbpB4Oy6HsYfO7C4zjdJ7GStLH91isnyenrjtjklwSMmH8t2UZUGqotNQHsJc0/phXMFXFUxiSM88j0KXwxldinw+wmSlkriSE0Yz0JKV4Y3JIx6pkkgY3O2PVecdeddeCDbrYS542e5p7qCtTqY6eOWF6665bAyS2W+TMh21N7Fed0sM1TKZZXZcd3H3SpqWavldNNkuO5JWjtlpMbWuc0DPCfCG48hqdRO+TlJkegteohxatBR0DWYO3CNBStaweUABFAaM4WuEdpkUUPbC1gwEMuA7JxcScIrIinBRhkZFl5xhHbGF0ARjhN1tGSSoM2DgMLks8UIzI7ChVVw8Mlsbtwq189RUHSQpKWCEusurnO005wq8eLK8ukJKPFDg6nNRwxo4CDO4BxyDhiDRuFLjDQhjA4XN+yhTD+PowAEN7i7krjnBoJJ2Cr6u5xR8Hce6MXKaROaXck8Jk0+BjCo57vMdmnA+6hyVdQ5270WRTswXc1xaw4cf0UcXB25B5VS6cYBccofz0ZwOFUpYFymZXxH+pXNR9FK+XPonNp91vbSPikPGb/RHiaecI4ACkMp8Yw1FbSOPKW7Ujq6fxU2sYIRY4kDC62B7iNlYso8YJCMyBoAy0bJUr8nSp8Jn8iCyjdgHGEVtPjGQpfhdsJ4hHOFnnc2dbT+JhAA2EAYRPDGMIojIRm07nY2/NIcm+zpV6SMelgjtj7AJ4iHPCktgdkEongxcyDhBKeDXGjCIYj1cbrohJOFJlqqGBn1AEKpqL/FGS2EjKrOSt0IfkWbKXUAXD7rsslJTAOJDT91m5+oK1/lidpBUX/fa075eky5Irl/QaCfqCkg2aOO+VUVnUk1SwxQ534TI7JVSnLxgd9lZ0djpmEFzd++yTJZYanbPsoGtuFbjUFJhsNS8hz+PstPHS0tOMtaMgJpqmxjYZU+OUukSX7ZX0ljhjwXNBP2VjHS01NuxgyEE17WnfuolRW529fdNhp2zPLVVw9lhJVNbxjZRZKxvbCrJa0nuor6pzthutVelyc/V+UrqjlzSLOWv7asKBNW+6YymrZztEcHup0FjLyDUjHstK0qR5HWfVKhLEOStfVzvdiM8+yNDR1UuNcZwVoKW108A1NaD9wpegNGwCbGpRPLazzupvbwyljs8IAc4HKkspREPKFNLRwuODQPdPUV7OYrZ2czZGLRxhcIGE6RwBUSeraG4IQyaiRLIp5A04GCoM1TnyhBmqJZHYYcZShpnEhziktuQ6P2nDrkPCPBAQQSEeKmwAS1GbGAAeEUYlTlg4yIbZCINlwu9kN8wbu7YK8illsI4j1Uaoq2Rs8xACh113gjbpad8bKhmqaqokOMlpKy3XxiuTdpNBbq5bYIn3K6jSY6d255VM6KWpkD3EnPdS2UT5cFzeVaUVDpwSB91xdTq3LhH0fw30mq4qdqINLbztqB/VWtHSaONhzypTKRowQ3hSxC0AdlyZ2ZZ7/R6CNMcRQOGJrQNlI0MahkYBTZCBtlJcmdOMdqCSb8IBk07YTHztjbku37e65FDNUyAHjkqks9gSt9IJ4heeUeGjkl3GwUqnoIo263hQLl1HQ23yk7jjdMhVkRZqYVrNjwTfAERGsjblVVz6shpJDDC4HHfKyl26sqq6Y+BK5jTyAqaSQzODnO3WiFDZ57Wec2y21lzX32rrpDqldpztgqCXYBJO6jsYDhF8IPIzwt9Gn/Z5XW+Usm9+RmdZw1uUWGm21yDcpa6enBzsVGqLp4gLWuz9lujVGPR523VWXP7nwSZHRQM1d+wCgy3CeVpYdgUNz3vHJTAMJu1IQkCJyclcwfVOIA7piBprotI4uHhcfvuCgOlOQMIZPgdGIYcldeduUxh23TXk+q511nJ3tHWlHItTycKTBASQ4lBiAzkqU17QAAVhm9zO7VGPsOxjG4RPFw3GFFD+4PHuuiYnygJahk1qyMV9oYzEuxhJpLu6F31YQ31bY2nfBHdGqsgS1KX5E0YjGpw2UapukEA0sdlxVdUXB9RmNjtu+EyGnjJDnjJTY0sx3eQS/Fkv5irqyAwksPujx0wjw6Q/dA+Zjp4vLsewUSorqiUY17eiY9O2YrfJKPfLLSWspaVuGyZcq+W6VEuWhw0qC4l5y45K61Mq03JzrvJWWcLodJNJKcvdug4HoiYKGtCoSMUr5WPLEknpJirSIhhGUgMJ4GTgIkUReUSrI3gEGknAClxUoGHHlHgpWjsnkYGE1RM07MjGtDRgLpO2E0kE4SRxQL57BkEldxhOwE1WV0NTkkw+ypvAxvA9GpKGruEogo49byjWu2VF1qW0tO0lzjuccL1jpzpihsVOBhss7tySNwst1yhweh8P4a3yD3S4gQukOjYrRHFWVcTHzn1Gd16Tbra3y1E7QMfQ1K0WsRsFXVtG4yxn+qk11SIItY98Bc623J9e8b42rQUqFaO19bHTR4b9R2AHdVUBmrp/P8AmmU9NU3GoySRk5z2AV9FRw0kbQBv3WVzz0dqusVNTtphhpynl2BjK4SAFDqKlrMhIk89GjG0dUVLm5DCoJmYMySnJB2CU0pzk75TaenfNIGt3z+ypIAZIZqtzWNGGlX1qtcUJEkmHEDb2912joI6U6nlrttvRV3UHUkNFEYYTv3IVi28Eq/X2ktoIY4PI7BYKsrqi5TGSQnHYZTHyz18zpZXZ1cD0U2jpAActVdCpSc+ERqamORkbq+tVkluEgjj8oHJwrKw9OSVDmPki2O+/C2NHb4aUARt0++FkuuVaNOm0zk8kOitUVDG2OJm45OOVN/u8YxlMqbkIpDBRO1v7IOTENT/ADSO3cVx9Rrc8HZo0mBtbXSMbh7s54CHTWx1xAkqciMHOOMqVRWt8rvm61xwd2t9laU9LLVS+HEP5Z21LlW6nJ0oU7RtLCWtbBTxDSNshXUFMKeFvi7HuSnxU0FshwDuNz6lPp7dVXF5mrRohP0t7lc+23JojHANgq7h/JpYz4Z2Ls9lb0FrgpYw0NBI5JR2tpLfSbHww391mK29XC+VptVgZlrR/MlJ8oCyt5DwT7p1Myme+goMSSu22KFbumq24N/iF9kDdOC1h4wrGxdNW2xxfOVpFRUu4zzqU98s1UQJXfy/6UttFrd6F4kQiEFFEI8DGoDsgu0x+d5zg7ldnmiphvjceqqZ6ie5O+Vozpz9bjwAh5yE1hcj6+5M8XTT+Z52DfVNorBU1MorLi7SD9LVY2600lE0PeBLIPxEKVUVDQB6BMQLbkOEUFOzETA3bsorptOSRsVGr7gyljLnu3HAzuVmLhe6irZ4bcsCYTGC0uPULIHmOI5I9FnKmomqpHPlfkHt6IYic4jO5Ks6G1yPcDINj2RRjnsjZXU1OXOy1nHor6it4bG18zdzwFJjoYYGhzWjZV9wu3gkxwHOOSnpYFTJs00NDCTnfsPdZ+tus8zi1rtlFqq6epOHOQY2Fyty9CsjiXPOc7lEhgdK4AjZSaake8jIVtS0LY8OLUEm1yGRqK2RY1FgyFaQwMYRhqdG1jBgBLUAcoZSbQSiHLWtAxuiBuRlDhaZIw5PeSBgDKzuT9hbSuuzax2mKkeACPMoFJYXPnE9TJqI7eitpI5XPzg+nKkUIaZBE76iqbeCOIoaMMHlACmRQk42UmKkJxspccIGMtWSyzaNjEixU3spTKc5yQpEdPxlv7qVHTYI2ws7uGbUQ2U230/llHjpt+FMZTjH0/upDIN84Sp2OReUiE2Ag7t2+6MyEbFTBDgcJzYUmUiN4Asi3Awith2R2R7BE0DSqyKcyJ4Q9V3wUfQc50/uiNYMKZRWSL8uVz5fG6l7eiW3opksjeGPT90vDHojEA9ksBWUA8M+ibgKXpGOFGPdx2HqjSyMQ3GN1BuFxgoI/EfjPplQbvf4WNNPSP1OPJCzk0sk5zK4n7rTXU+wZPArjdKuvLix5Yx3ByobY2tIcQCUVxa0KPrc4loHK11wBXI58gAwGqPlzzwpMdM92/OVY0dsccFwCeopcEwisho3PIyMZVpTWwNwX/rhWUFBHGNwCVIhi2VOW3omCNDRNa3jZGMLWlSA0AbbIU7wBsP3Q72xiAvOn3VZWVwzoYPzTay4ZJiiz6EoFPSvldqd90UVktLJFZSz1E2oknO+/GFZ09O2EYwpEEAiH04RDho5TMDlDI3DWjPooszidm7o4zO/S1uw5R4qWNo2G/qoRtRIUNLqAfL+QR/BYBspDm6UIyAZzgY9VaWQXLAPTjOFX19xhpWa3kEj8OeUGvuxc8xUuSRtkdyoTaYOe2erGt491qpqcmZ5WLor5Za+7uL3F0MBPlbndc+WipR/LaM9ypr5Wsy1o2UR8mrtwunTQkZLGCOXuydihyu8NuTwm1E7WDY79hlRo21lS7Dxpb7rVCDRjtlk6+uIOmDd/ok6kfJI2eqIJ7AdlJipWRYOBq9UXGd1shHJknJkcRBowNguhuN+3qnyu8MZJGPdYvqLrLS91HQEkt2c4cFbK6zFqNQqottllfepaW26g3zuHG6wV0vFdeXnx5XBh4AKjl9RXTulmdqJ7HspApHDTpat1dJ57UaydxCjoNWNlOpbZLK4BrFZ0Nrmc0O0jAVxTwiJoaGgLSq1EyKOeyuoLM1gBmbxwrIRNa3AHCMxurOU15aAcJkUscDYwUQL9LQocr2HZpzhFndvhQ35cdm90+MciJ2KPA18pdlDLdQweyLggZPCj1FdT0+NTx+a1QgYb7owjmTGOb3UWqqoKcDxXgKlvnVcbGOgpeeMhZOpu1XVDTK84+60RqycHU+Xqh+PJorr1PA1zmUri4jbKzVddKqq21nBQXEHsuiIuI/6J8dP7PP6jyMrZZyRTrccuOSugEcqyjofFxhqnQWhgAdUAYTY14OfO3eUsMD5ThrSrOms7cA1GwKmVNVRUcPlwXDgAbqjqbtUTjTkgegKbGOBKmWNRLbqF/hscCR3VZXXx8o0xOyAgCjmqnAkEgqXHaadgGpmT3UcAZOT6KoOq6p3dyLFaqhzgXt0hWhfTUjRqc1mO6hV/UtNHFpZKXn0AwhSQG+MfzYeG3wsH87DsLs9Xa6NupgBKzUt/qJiWt2B91FL5JvOQTkqZwBZqUvwLurvlPv4TN/ZVk1wqZPxYBUMtxuU5VkySvlPsM6aR/1FByknq+xMm0+QZLjymlpPZE8q7gJgSQIMwcgJ4bjsnEgIfiMG2UqViQtIJhqWQBsgeK31KXjN9Ur5kHtbD6t+FzZC8do2wuGRp2yorM9k2tB8j1SUcSb5yl4uo8I8k2hk9RvH9k8zA9lWUisMeuYCYXt9UtQPdV2Fgfp91wtz3TktQBUwimhnhnkBNLSj6h6LnlUlDJRHbqzuU4bJ+Bnld0nGUO1kwM8RuMaUzTg7Y/VdMZCb4bvVQZlDXNLT6pbjg8IqSrbkBCZOYXA/qrCmusAI07FVzmEhB8MDJSnUm8munVzqfBtLP1Vdbc9z7fWPic7G7XEcL0bpz423Ci8OC+QeNHwZGnf9F4SyWdnmjkxpUulutRnEpBA7FZ7dPHB6LQfUGo08k1I+r7F1/wBFdROaHVfgyO4Djpd+i1jqO4UwD6I/MQuGpu/ZfG9LdoPFaY5dDvUHC3fTXxH6j6akbPQVvix/93L5h/mufZpmnwew0n1RGfM1z/Y+joq1rjonY6J/+IYUuKTVu0Zz6LA9P/G/py+iOk6lgZSzO2LsbE+xW8hoqSqphV9OXAyB4yADqCy2VtHsNH5GN8U8h84OCE9pHogA1lO1v8RhbHnbVxlSAA4ZByCl7DqQmprKGkdwEgPZEAwkhy0XhPgo7507bLvHoqaZuSPqA3XmXU3wpqIQ+e0F043Jjcc5+wXs8jQ7lDY0NKdXe49nP1fjaNTDDjyfJV16efTzOjqKV9PI04IIwqp9NVUxx9TAvrW+9LWe/RFlbRsLz+MAB36ryXqT4UXW1PkqbcW1dPuQwDzNC1wt3HjNd9PWUx3VLJ5NG8A6mt0u9RsVt+l/iPU26JlDdQ6SNmzZR9QHuqCttbGucDGY5Gkhw4wVAfCGgeXccrZXqJRfB5e3SJ/msH0Da7wytp2VNNKJGOGRgqDfekLb1DmpiAiqnDGW7ZPuvGbNf7rYKls1FOfCP95E47O/9V6z0l1ra+oYGxR1LKetaP5kD9n+2g9/2XSr1PHJzNTov0ecXiz3Kx1T6S405YAfK/GxCqPmqi3yeNA5ze4LeF9A1UNtvEQprnTNkBGkOIyV5n1p8Orv04Za+2xtq7YPOW48zB6LbCzJwb9JLtES332ivNO1kob4mMOY7fdQKqy1FO901G7WzOdB5Czb46erHj2yVzZW7lrdnBT7T1lPSOFHemnLdhIByFohZnhmJxxwy1oXl51ZLXsO44IWgpapsjRk7jlQZKWlqo/n7dI2QPGX6V2CJzCCR2WhSFOtT4ZdxzPBDozwrSkrXsIlp5Sxw5wcKhppdA826M+Rww6MkH2KvcZNT46FkMJHoltvMF1YKStAjmaPK/OMn/qtVYupprU4Wy5jxKR/la48tXjdFdXFwZUyAEcEbLUUl0mlhYyR7pG48pd2TEzyOs0EqHyexOJpwJ6QiankGcA8Ki6h6Xpr5TOqKcAPAyRjcFUXT3VM1rHgz5mgP4e4+y0kFyjlm/iNql1tP97CecfZNi8HM2uDyjyeqpK6x1pDg4aStf0t1frkbS1L8O2AJ7+y019tFBfKQzwRjxHDcdwV5ZdrTUWydxDXDB2xthMf3jFixYZ7hTz6gByCpwaBg+q8r6L6316bbcpAHDZkhPPsV6RQ1jThkjtQP0nKROOBFtTjLCLLSCMcKNPBHPGYpWhzXDBBCktdqXSM434WOS9MFNrldnivXPQ9x6ZnHUdhaZqPUXVlOxu5/wAY/fZVVBVOnpo77aHnB3fGDuPVe9TQRzMMUrQ5rxggheM9XdJ1fQldN1FZ4i62ykGqiHDfcBeY8n4tTi5Vrs+kfTP1TKuUaL3ho1vTl+p71Tgx+WWMeZp5yvQ+lusHUL20VY/XGdgSeF4NBMGiLqPp+UmCTBe0fuMLZ2i8U10hE0T8OH1NPLSvlfmfEZz9p+hfAedVkFFyPf8AxIqmNs0RDmuHIVZV0Rjf8zTggg5ICyPSnVUlG4UdW/VGdgSt8x8c8YkjeC1w2IXgNRRLTy2yPoFFsbYJp5AUNxbM4ROBa8evdWTXqiq6N0Uhng8r+QeykW24tnPhud/Nb9TT39wlZHp4Ln6uybFKYn+G4+Un9Exr9s45XJmCQYUfQRZRvzhPqqaOvo5KZ4BJb5T7qvo3uxoceOFPYSPyQxlteRMo5MNUUTqKSSkq2eSXLQTwqW03Cu+G17NwYx81uqhpnY08NzyF6Rd7ZHcoCC0eI0be6yclG27UdRZa+MCRjTpB5C7Gh1TjLLEW1Qtg4yR45/au+BdN1RZX9XdMUkUpewucIhjLvX2Pqvz2u9trLNVvoq2JzXtJG4xwv1c6JusVprZfh31awyUVVhlNJIMt3zt7dl8uf2qv7Pr7XXVF0oaQOBBfBOzh3r+fC9/4Pyvxy2T69HgPqLw68hU3/wDVh1/dHx4HhHjdg8IDo3xPdDKCHMOlwPqERvde7jYprKPlM4OHZJY7bhObygBw3RmkFaYvIh8k2lk0bKeyQH81VMcA4KdAMgHV+S0RfBjtWSyp5dDmkLQQSGSFrs8hZmIcbq2oqgNiDD2ToPk51seQc+WTE+6ubHWETty7AIwqirw45T6SYw6cHBBT65CJw3Rwaqoc6KqbONt8rUO0y07J2HLXNCysmKihZMDkgK+tE/iW3T/SFpUuOTk3JJmSvjcVDjj8RVSDjOyvr+zyvON8lZ8HCVYdDTPdAKTnsmuGQu+4KXYpTeEaMegLnYJ3Wh6TqtM43G7lmpsjceil2WpMUzSSRg5XB8hVuTken8HqlXPaz11jiRqKpbtTGGcTsGxU22VZnpWOducDKV0jdLBkD6TuvJ3wPp+ms3RUimkcCM+m4Xv3wzuv8Q6ep4/Ez4TQF4AGjBGV6B8ILxPS3SS36i6J2+PRcDyNe+ts9D4m747f8nvUJI2UyHlV0T26uVMhIwF461cnvYy3IntOy6hMOe6ICAEoeOyMYPC8h+OVscKaiucDMeDJgEdwexXrqx3xUt5uHSVU1rdRjaXDbcFbtDb8dqZz/JVfNQ4njhiFVQN1tBcWrz3qugbSzMexunUSCt5YpXyUTWyHJAAKreq7c2opX+QFw8zSvdaHU4mj5z5vRfyNLJ4zg80z2ATGSuheHg8I8sbo3kYQJsYC9LFKSyfK5N1Swja2mojrqMMeQSW4WQv1C+315kaMAnOVJsdwdBOIi7Azsry/0TLhReOwZcBykXQO/pbPkgsdkvoe9HyxPfkjbdeiva2rptPORsvC7HWvoK0AnGDuF7B03dGVsAaXAHHquTqIbeT1njtR81W1mYvlA+21gnYMAlWdsrRVwtI+pqvOorOKyjMjRuAsPQ1brfV+DJxnC500pnUqm6XwexdDX4Ry/J1DstePLk8FegtmEeHAZXh9tqdGHsPODlem2K7OrKdsMpGQ3IXnNfpcPcj1vjtU3DEjbU0zJo8sPHI9FNheMgrO0Mxp378OVvHIHEEnC4lkGuzuVyTReQEPbyMplZBHNFhwyRwfRBpXbBwKljzBZ1LHAyUSnEWl2nPCFW0jpWa2jOnfCsJowyU7bHcJrm69s4ToWNCJRyilfTunpzTyN2IxkrGzwTWmvMUoxHJsD2z6r0iWnI3GFnOqbX83ReLGzzxHOy2038mK2r2YfqCysvNHK1oAc0ZG3deZCBwfNQ1Ddxloz2IXrdDKY6pkMm7ZPKc9ist1xYjbq8V0TPI874Hdd7RajDPPeQ0fyZkeK9VWb5mjmp3M/mRkkLyCaF9PM+F4wWnC+jOsKEmF1wib5XMDSB6rxbrG0ugkbWxs8r9nY7Fe98XrN8VBny76i8U4f6la6My4NOT3QG51bJ7iM8pq9BF/o8RhkiN5wM91Ia72UVhznKK0haYWYFSWQzSQeUWNxBBBwVGyOxT8rXCxsTg1to6h+mnqfsDlaWKoil/u3asry9j3MOQrm03+WkAjly5vqtEJ5OZqdFnNlZ6Ax2VKDWkZyFS2+60lUwBsoD/cqzjeRvyFoTOS4Sh+SwSmkggZUlhOyhCTg4R2TZwMJ8WxMopk1sjtipMchIAyq9sgP5osTsHcpq/YicSxBypMHOMcqtEzmtGBukysqo3jWMBMM7jkvBHtnhEHKgU1yikAa7YqfEWyjIRlYDMI0gImfRRgCDgorTluSmRlgVLokNR4+6itRQcJhnfZLaitIUdrgc7p5O/KsolDlHjIwBlRG8cog5RssmDhOyVGY7BAJRmuGOVQmSyHDnOIGVIaMjlRQcHKMyQYwoL67DojSQdkDITshXnJZNBGOU4HCigkHlSGuGOVTWBTWAweQnA57IAkycYT9YV5/YOP0HyF3Pug6vddB33KsoM1xzypIII5UQcLuT6qmWngkgnPKIDtuVFRclTovsKkmZCWQq3FYHpJmRnGQmySMjaS5wH5q8kwSNj3QsYVXUXumpjhzsk8YSgqa+4kGnizGe5VSkl2TosH1DQdOyTA53bnhRagUFoY2uvdQI2N7BebdWfGShglkhsrniPgZwl/IaKdLbe8QR6JdLvR2gO+blDXNGcZXlvVPxUaHSR0kxydtivOb31pdr1K8y1T9LvdZ8uc9xcXEk+qCViid7SeMcebCxvHUtyukrjNUO0k8ZVVGSN0/QSiRwuceEDuOzp9I0/sQzQXY2UiKE845R4IMkZGVLZSk4w3CRK3LO1p9I0+QMUPGGqYyD0CPT0TjjbZWlLbnEg4x7pcp7ju6fRSlwQqW3l/4Vd0Fr3B0kKXQW04+kBaCgtxGNkB39JoYR7IlDawzHlVzS0ekgqVT0gYBsFJih48qM6caFFcA4oWx9kUENBJOAO6FV1EdLGXveAewyvPOrevzBTyUlNJ5++kpcrFEG3UQ08MyNJ1F1lS2uCVjHjVxzyvIb91PX3mQgzODeyq6y41lxm8Wpk1eg9EyKJ7jnCROeTzWq8hbqFsT+0ayMkg4ySpTIsYJanwRgDJHCbPUMxpAxhAc7alydfIIxjYqO5xkOcYTd5Hd0YMEYBPJUFZwDPlCHoLz6I4aXnYIga1nIytFcBc54QJkYGDhKR3hjYokszYwNvyUTLqh+2wHJWuEDm33nMyzOwTspMMON12KEBEG23qtFcDnWW7uBzZCMABEa0nBcOFxrODj80UHHZaoxETlg6BhNT03BRgDQDnJTxwlgLo3VEOBmVMpqck68LlLTuleABgDkqRV1ENPDoGAR+6g6MG+fR2arjpICSRvwAVRVMzpZC89906oqDOc42QyMqmSbzwNwCnYC6hPe0DB2S28LLBUXLoc+TwxsqivrsgsGEy4XIOcYos+hKqwXHklc7U6vHETZTVLtnZpHSOySmAJLoBK50puXLNkYqJxPGy7o9kSGIvcAP1UUWwdyQ0NBCPDSuefoyCpMdLGAC5uTyiOkbG0BjU+MMci5zzwhjaeKADAwU18pGwamyOdIeDv7pzGbAYRx3dIDI3LnnJCKxu/CfEzB3GUYMDsYbjCbGLzyLbRxrBgFdw0ooaQlgp6QMp4A6R/V+y4GNBzlSNPuljHdECrMjNIxhMMQzs390QuDeUJ87RsqbS5GJNrgdjT2x+adTsJOR3UUyiQ4zhTqZzRGG4WK7UJcI7HjNDK2e6ZLiGcNxuvU+hunmiJtQYgRkHLljukrKa6YTSREgnDche2WK3CnpGxNaAGjf7rBO3cz6p4LxMXNWWLon0kIjADRyrKJuAMBBggI5GymkCJo8uchZ7LT3VVeBDyhJpOchDOXO4UhoDWg4WafLNS4R18QmbpcNim09MynJ0I7XeyR3Q5KWE8hGkJssjY25fx3UWScQsLi7hYDrPrOVwNuoZdTuHEFGlkq/Vw00MsZ1l10TrtVocQASC4HhY6hoZ6lxnmd5nb790+npJKgeI4AEnfPK0tDbS3c44WiunceUv1Er5uUgdNaWsYwNI9VcMhDQ3bfCdHG1jRnGwSDvZaYQURBzgbJmHE4RERrQ1wLgjIJkDjgkI5kbG3cA/mhmpjYMFVlXco4suyXEHhGTOCwkqAMhVs9c5zixvrvhVxraiomJa7AUmCJzgCUG5luWOhFpc8vPdPa3A2RBFjA/dO0tbypnJXYwnKI7BGCcIc07Yhk4UGoucbgQ3kKidE58zISS9yg1N3YBpidgqumkqJznXgeiGIz3AVOW0VJuQaasqJhgyED2UZzScknKOyFz9gEVtDIfrGyLIv43JlbI/V7YQXSEjAard1uh/pJ/NOZb2DBa0K8l/A8FG6Ook2a3CH8nOPrC0D6URjYYwoNXIyIanfkglPAD02Ss+Xb6JzadoKkYylgrVKbaPLQ0kF0jjKcAbNTgwBPDCUVsR7hJlI1wpX6BBm+AnCNyMIz3RmtY3c4CS55NCrUeyN4Wfw5RGQEEFNqbhRwj6wSOypqzqhjPLCMFC3+yfLCBoHQtYA4jAQZrlQ0w80gOPdZWa7XOuAY2Qlp9NlxlpqKlwMxcM98lLlyT5JT/BFvVdTUxJbTO3VXUXStqMhmd/dTKbpyNuHasqwitNPEMuAOPcoN2QZV2v8ngzJpblVnzvICm0linJHiPBGPRaEmmhGCAPuEN1UG7xgD7BXslLpAv4o8zeQMNkpYmh0ilRMoqb6SG4UKWslccE5UWSVzzk9kSoln7gXqKYfiW76uPGIyCob62XPIwobp9IGyFJUZ35/NaI6VGe3XpdsnGudpxtn0UWSpdkkqKBUTHETCVIZaq2fHi/T9lohp9vR5/WfUNFOU55BPq9R2IQ3sqp8NjjJBVtBYoGYe4Zd7qxihbCMNbsmqtL0eR1n1NOX4Gfgs1VMQX+UFWcFmp6fDz9X2Vk0nnGMJxGUxRSPNX6+zUyzKQNkbWN0tGy7jK6kiM2W+RiSS45waMlUHyzgIwd1Hnka0crks+hpwqiprdRxlLc8DoxbCz1e/IUF73SkhdijfO/IBUyKj04OEtvcNztI8dMXEEhTYIWtxkIzImho8q6QGjhRPALk5dDhGABjsmkYGcoNRXNgBc7hU1ZeXP2gdjCk7FEbTRO54iifXV7adpcfy91nqq51FUdI8oXXmpqjh7sqVR23S4Pduf8lz9Rq4w6PZeJ+mJXyUrUQmU0kjgXtyT6qfTUBbp2wrOGja1oOgfqpDI9IGGhcXUanez6Z4zwFGlWXEhspB3apbKUAZGykBrRwF04xhYpybR6CMEuAIaGp6YW+pUeeck6QEna2xrSgHklbGOcqJ4jqjPhjIHJT46SoqBk7BToooaWIANAxyUcazPZNvldAKeibKczNyRuAiVNdS2+nc97wzTws9fOtaK3FzKN5fKNgR2XnlyvFwuz3fMTODCdgDha69PuPN6/z9Gj+2v7pGrv/wAQ5ZM0tukyB9RWSkudRWyl07ifzUFsRzsMZR2Q4wVsr0+Dxes8vfqJbpMnQvLlJYC7AyosLPD3IRfmNA8o3WuFSRyrNVOb4J7XCJuXIMlYCMDhQnTyykNJwESJhIBKdGG0XKcprke97pzlw4QwwN7cIwLWoMsu2AEb4EnfFaNsJhmBGMIf1HJQ0veQ6XElNO66uHdDJ8BRjkaTyUEuBO/ZJ8gYfVRpZjnYLPZyjZSsEkTLok3CiBzsojXYG4WV17+TpU6hQWCY14xsl4hxhRQ4gp4lwNmoPhNf81dIktee6I2aFn1uUA1GMjGEBz3SHfsijRkCzXOH4k2e5HdsIwobZJ5SQ85CcyEkjZHETcAYToaf9mC7WWWcNg44wzcjdFLgNhuu6UF5LD90+NaiZXOTOPcXnftwhJ6a3Yo3BF9i0k9k6M4KfkEDZN0+6tRwQLgaVGPKe54xsUE7qBJZH5CSG3JPKmQU7n78K0sgzltGQQl5GynxQiPGQnRQCMbjCc9wI0gcJsY4M7s3dDxpa0gEKM7uul2/KSsgHzakT8K7gJHhVjBWAZ5XF13K5jfKFvBTESrCyWSsvlWKelGG/if2CbarTNdZvBiGAOTherdOWWGghZb7bBsfqceSfusd92OEek8J4SzyNinYvsO2C001kpTT03mc7Gt5GMkLc2WxNAbXVzcu9MbKV030pBAxtRUgGUDLj2J/9Ee/3yC2wGCEj0OAuVfe5M+w6LxtWngljhdHK650lM0RjBONgFT08dZXVZPLHfsg26mnudR4zxsN8ngBaOCJsYw0AFKcso6sY56BU9K2mBaD+a7I8uTpXDGT2UCpqOzQgi+TVHCQ+epLQQMKE7XM5d0ukcFMpqXjI3VYKb3AmUhkwSPyVpR08dO3UWjPO5XaeFsfmeBx+izvUXUMe9JSk7ZBIOymBUrNpJv/AFGxjTS0hy7guBWTxLWyZeTv3TqeJ9QcnfJ3VvSW8N05buo3gBJzZGpbaA3OFrunOlHVOKic6WN4BHKldP8ATT3FtRUgaTuG+gWmqqultFNkYGBsB3WDUajHBsp03OQ2mjt1CQcM0/uqCorbhepnUNvAc1v1u9FFijuvVlUImO0044cDhaLTS2GI2q3Na+oxlzuSSuHrNWdnS6XBEbBBaIGQBmupdsW4yco0FHpInqm5edzhSKGifCHVdadU8nGeylU9NNX1AiYwhuckri2XuTOnXWoHaWGStla2NvkHJ7AK6jomQtDYhg+qlQU0VPG2GJgGOfcqVHEGYJHPdZLLMjcAqakjP8yZoc/1KbcrnS2uHxKiTTn6QoN66korWC0nLhwPVUFDb7n1RP8AN3BhZTu+kHsFncmyJ4D6bx1XVCGCXRTjcvHGFp7XbaOyRmOmYNTvqdjclSKaGC20jaOkiDRjBPcpjTg6nHlBOWByW4c8Plk1v39PZR57lDSjSSC4dlFuFyLXeDS5cTtkeqLRWjJbVVbtUndAssk1hESnp6u4zeNVNxGfwlW8UEVO3TEwDHoivcG4a1uyh1NQ2AZecD3RxeAO2SJZ9PZUdyvccLtIGSPdRLlfC55ig3xsTlU8hdK7JOco85GqKOVdXLVT+I52R2CJTUE1QR4Y5Vla7EalwdIPc+wWnpLVS0wGBx3TRc8eiittjELxNUDURwOynTy0tM0BwDSu3m+UlAC1pDtPusRcLxU1sur6R6JiFFjdr94pNPTjGOTlVAkcRg7oQdq8x5RYo3SHDRlMQAgCTgKyobe8uDnNwVKtFme8iaUDcZA9FdOhigYBpAwhcsAkKCiZG0Z7IjiAMBMlqMO0gJrMloOP3VZGKA4vIQtZ9UnADuhgFzsZ7oE0MXBZ0FTGf5L9s8H3VlHSA+bPKrKKmOoHHCuInODWjCz2SDjhgnUrBtpyqlkng3qNuwB2wrmpcdsDddtXTviTfP1m7ictB7BIlYkU1ktY6f1b+6kR0+dwFIjgH0gZ91Ijg74wsNtmWEljgjxQEH6f3UmOLvpx+aNHD/h/dSI4gBu3dIlLJJT2gGQc5b+6M2LT2RxHjsnmM+irIlzbAhm3C7p9kYMz2TgwA5wlSk2HnK5BCMjgLikgDSgFrsnZA8kQ3G+UkbBSU5JkCkkkrXJbeDmn3S0+6cq65XeC3AiYZPYeq0Vwcig9ZUxUkRklcA3Cx916iqa3XTUrtMA/H7IFzuVTc3eZ5ZHnOkHlV0j2xNwFtrpLlLAxmGnOc+5SklDQGhRpZ8njC6wF+Od1rjHaCOdqedlJpaNxcCRjKl0drlc5pcB6q5hoGxgYARZwWlkr4KDADsb/AHVlFAGtAxwjsiaMeVSmRtAG2FSm2E4kVkWdsJ4YMIpaGg77BQauqAGAopbgthypkbHkhwVJW1sha6NjgMncolZO57tiUGkpHTZke3ue6KCRFFsBT0plcCW/urWGmEYGyfDCIxsxFd5gABjCY5bRsY4GP8gwN8oLYnS87Ka2Evxq3RvAY0Dyqs8ByljgjMjYGhrW4wnbMG5CdK9sIye6qqiua4lsfmRqOTLKWex9XXxxnGdwFSzGrrZSXOLWf5o7aVz5DLPlxPHsn1U0VNFl23oPVa668i7J54Ihp4aYAjGVGqJi8aQmVFU6U7KG6oDTh3bddKivBlcmxz38uc7hQ5ah0n8unGpxXCyWtnyG4h/zUyOmZCRobghb64meywixWzS4SVLS5/3UxjWtbpA4RidXPZDd5cZ7rRGGTLY/YxzQO6h3Cvp7fD4kzh9vVRb3f6S2hx1ai0cepWAulzrL1Lre8sb2aDthbKasvJyNXrPj6CX7qWruU7oqWV8dODgAHlVUVKHAOeM53RoKMZGcKypqHWBkYC3wqPPTc7p5kyHDQ6iPCZ91a01CxuHPbupNLC2NugNClMhDdyFpWIoKNeOwDIi04aP3RtLWtBJ/JOL2xjGMqO97nnKNNsjikJ8mnYKNI93c5RScocukDLnYCbGDkLslxkE52rsgOlgh/vX4Ue53mhoI9UkoJ7Ad1g771RLXB0cOpm+M5W6nTuXZwvI+Tp0sct8mgvfV1PRxvigIJ9crF3K8VVweXueWg9gVWue5317ojQSNgulXpsHiNX5ezUyyMy5zv9U9sPtz3RoYCTnSp0FLw7C1Rp2nKldl8kFlIdiQp0NI1uHE4RjEGYOMKHWXSGncY4yXu9kxQwLlNEp81NTN2cchVVXc6iof4cbshEbDW17WySYY0nhTPlKWkjDyBnuq27SRmvZWx0FTUOEjxt7qbHR0tMA57d/UqNW3eCnBw7BWcrb9PVNMUL/0KCTQfywiaie5UNM0hjxlZ6v6klc7TE8EKBFT1tUQBCceqnwdPAYdVHGUPAt2uXRVT1FXWnu7K7FZaqQ5cNlbyVtutrjHBEHuaFW1t/qqyMwtYyJvqzYkJcp7RU3X/U+RzqOgpAGzkF/4h6IE9YMaKZoaBtlQtWd3OJ+646UMWeUsmeTTfB0ySF2Xu/ZP8SHH1n9FH8YngJgl3+kKKbKRJM4zsMrhn2+lDaxxGQu+G70U3Mm0bJUvzsEI1NRwHIhjcd8JpjcdtPCBub9kTSB+JPnJk/ZN8Rx5KIueG/0S2pPstPA3W9LU9FELj+FLwXf0oNkmEpoZqPqlqKWh3ol4bvRFtkkTchCUhOEuOyZpKbpKrNn7CWAusLviH1QtJS0qsz9k2oL47l0VBBzhR8H0SRKUol7ETRU7Ywu+IfUBQ13J9UcbsdgyrTJ2pv8AUP1TskjdQtThuCVwVsoOCdkbsyCo+iXqdnBCMH7fSojKyI7PdujCdhRqYEo4DYHouFgISD2nunItyEvOQXy+DlIAt7I2oZwuhod3wpwX2ByHbFq74MZHk2/NOdAH7jZNbG5v/wA1XgiygcjNJ2CE1uM4KlZB+pqa6Jr/AO7GCglBMNSwRHN3yNlIp7jV0xAbKXNHYpOppGnzt27IZaM7lJlUjRXqZw6ZeUl8pJAGVbgwn1C13TfWHUVjmjmsVzmdGCD4bJtsfZeZSR7hEpqmqpHa6eZzCPQrLPSqT4OtpvM6jTyTTPq7pX+0FA+QWzq6342AMuMn8/Veo0Jsl7hbV9P3anl176GSamfkV8QUXV3iAQXSESM/r7haeyX6+WKobcOjrw5sg8ww7b7YWa3S4PceL+q2/ssPreWGop3aKiItPqOCmgg8EFeS9If2moH6bR8QbU6GQ4b81HwT6kL2G3MtXUFKy49N1LJ6d2/iMdqaVgnS88HtdH5bT6iOVLkAuafdFqaaemdpkiIz+L8ITQz0/ZL2tHVjdGayhhAI3QyCc7IqWAmReC3zwZnqDoixX9jnT0rI5sf3jBg+2V5L1T8Nbhay+Wmj8aIb5A3AXvxbsd0EU4fkOAwmwsaOZq/E6fVwxJc/s+T5qDQdON/RRH0oY9srMse05DmnBC+jup/hpa75E6Slc2mqidWvTkOPoV5N1L0NdbG8mrgIZwJWjLD757LZXceH8h4azTt8ZQ7p34mVFE+Og6jjD6TYfMxtHixf6uXq9tuIkhZLQ1raylkaHMdyHNK8CmoQwBwwcbZClWa/Xjpaq8e2uDonf3sDj5X/AG9D7rbTqZReGzzd+jj0kegdZ/CVl5fN1D0lMKSud5nx/hLu5AXlNUxzp32jqyibSVkRLCdOC4+q9w6V64ob8wGln8GpaPPCH+cH0A7qd1X0tY+urcKK8waZAcxVDB52n39fsuhVdu6OBrdIo9I+d6epvvSlTop5PmKJ2+nnU37rZWi/W68s007jHM0ZdG/Y/l6qg6l6X6l+HM7IrvSyXK1nIiqmNPHoR7ZHdVrYKGvZ87ZKpwmb5iGHBH2WuNuTjThKp8o9DILDjg+iLFVtadEg3Ky9l6qkc6O33toaQNIqDyfutU6kZPGJKd7Ht5BBzlM3BRtT7E6nEo1N4RaC5VNtn0TOLoztg749wo8b5qc6Ht2UvRFOzs7PqmqwlulhqI4kjSUt0bNG0sdnKvbVXvicHwuII5AOF55B8xRPzGdTCfp7j7K5o612oPikdkctzgpsbUzyOv8ADyqk5Q6PULZeSJQHbZ5zwVNu1ppbtAZmMaXY3Cw9tusVViN/kkHr3Wgt12noZMuJdH3BWiMjz1kHBmJvthmt8zpYg4DORjsVe9HdduaW2u5u3+ljyVsK6hpLzS+PAGuJG7V5nf7CYZjJCwsIOxHYopPcWsT7ParVd2F4hnONX0uyrwHVwvC+nerahkQoq4Fxi2Du+F6l0z1FDVRNhmkDsjyuz+xWeyrPQm2pxlwaIjPKbPDHMzw5GBzSMEHgooOUlklH0zMm4vJ4N1Z0hX/Da6yXuyROnstUc1EGMlp7uPv7qJT13yro7zZ3+JDJu9oP6gr3ytoaevppKWqjEkTwQ5pC8O6o6KrugKh92tYNVa53EzQgbxe/23XlfK+J+WLlWfTvpX6pmpKm94x0zbWS9Ut2p2Swvw4DzNPIK3vTHUslG9tJVO1Rk4aSV4JbKl8ETL7aJNUT93xjsvRen75TXymD4jplYNx3BXy/zPg++D9EfT3nVcoxzye1CpbK3doIKraqlIeKmny17TnbuqHp6/Pa0UtU/ODhrj2WnZIHYONivC36Z0y2s95C3eEobmZiGyEBw2IOys46howDhUtXR62iogwHgZTaGua92h5Ic3Yg+qzuOENLyeJ5aJIiR32UuiqDNHh58zdio9NURyNEZ9P1THtkppPEZ9JSimsouWHG6qL9bBIz5+lboqIt8t/EPQqdTzsmaHNP3UrPIwnVWODM8+DEdQ2in6wsr5YC2G40gy3tlwQKRlF8WejJ+lrzFi822PX5xhzcDGvHcH0V3cadtluDK2Fn8mc6JB2CzfVlHVWC60vW9gc1r4jmbDchw9CO45Xf0GqjKW2Twc3VaeVmHX+SPz8/tB/B64dGXie6U9A5rnzPM7eA0Dn7rxgbghfrN8WOiLN8WekpupLTFE+VrCKpmnDgcen6r8zPij8OqzoPqGWEUzmU0wD2nsCSdvZfRvD+Qx/p2P8AwfN/qnwu+P8AxHTxwv6l+mYwF3OUdjzgBR9YA25RGu9l66qSl0eAaJbXEvGNlY0zsYyRuqljt+FMhl4WhPBltjkuGEbbqZTOIwchVUT84GVNhdwNSdF4MFsck6Y+I1DjlI4SDw5vKG0BjspsZ+xWzPBr7XMJqHwwdz2V3YpmsD6Nxw7GQsfYqkxzhpOxWkic2GvZP2cMLVGaZxtRX9zRy+058N5I2O6yL9nDB5OFurvh8JOMrGVUbRMQOxypYN0z2x2ghwiH6EzhOSmso2AJAEynd4b9Q7I8nqoh55XP1Ve+ODXpLXVapI9G6crhJSgDdaHHiRuwRuOFgumq8McIOMcj1W7pHAN37rx+sr2T2n1nxmp31Jszz2lj3NJwATyp/TN1ktF7pqhr9LS4Bxz2QbvGGVBc0YBVdK4Ag4zhcPUV704Ho9NbslGSPquhqnyMa8jkBWsE52WG6BvJuVjgmc/WdIz+i2cLgQHLxOppcJuLPoejvV1akWsUhIGUbOQFFif5Rtyjtd7LG1g6CeQ7FAvNM6stlRTNxl7HAKaHjdDIDts8o657JZF2w3xwfO9NTNoa2roeHskOV24UomgIIyQrzq+3i2dUSO0YE2XfqoMrW4xjler0VjcFI8rqqk91Z5H1BbzTVLnAYaf2Wflac8L0Xqqgxq8mzslYGqiLHEL2uju+StM+Reb0H8e+UkiF4nhEEc+q2djrG1tGInnJxhYh433Kten6/wCWqAxzvKStd0crJztHeq57ZDL7Sut1brDdicrQ9O3aVjGOjkwW7o/UdBHcbd48Qy5ozlZO01jqSfwneuFzb4blg72nv+C1YfB7/aqyO529pyDqbg/dYbq+zuoan5hjdicqR0RePBn+Xkf5X8LYXy3x3CicNOTjYriTr2PB6yuz56+OzEdP3YSMETj5gvRrJVF4hdG/BBHC8ikgls9wLTkNJyFt+m703LWH7jdY9XTuhk6eg1U638cj2CnuMUzYy7ZzThwyrkTOLGvAGPVYOmm1hssZztlbK010FdR/LtOmQdie681fSes0upyi/oKkOYGHlWMZ1HHCzEUjqeYF+Rp2IV/DIHtDxwRlcyyvazqwlvRLqWaos9wog5U6NwezdRH+V+yAvaPc0OaMqO6ma7ILQQeQVKjOQAu+F3wmVz2sVZDKPKuqrXNQ1MzYQQc+Iwjt3T/Bi6k6fdrH82NmHfcLVdVWmeR4qmt1NaMELD0VbLYru2IjEE7s78b9l0qLm3wc26ldGNrLXHJTSUTxqLwWhuPTuvIOoLN/2m2ys8wzpJX011B0+xtU6ogbmKb+a0jlv2Xj3xH6fkobgK5jCY6mP6scOwvXeL12ySTPIeY8e5VSlFHzXWUMlJUPp5B5mEhRi3jdbfqu1B5+bazcDDseqx3BI9F73S3K2O4+M+S0k9Nc8r7QSdqJ4KautW1HNfQUEkojT3QxyngjC0xlgW0shA7jZOztlDGycH47LRCwBp4DwVMsUgdG8tPstXaepJQ5sNS4YOwJWPjxndSNeQMHhPjcZbqY3R2s9NgrYZgMOG/upbXZ3C80pLrV0hGl5c0ditFbep43aWSu0n0JWuM00ce7RSj0bAPJ/JFZIQQFWUtfT1ABa8AlTmEuIPZOUkc6dbi8MsGPzglSAA8YJUFnbdHjJx9k3KQlxJUdKOW4z90cPqoCBnSOyiCUtwpIl1tGpGhLJkVaQR4xU2GQOAGQqxgBOSpEeNt0xCZRyWYcD3C6D6KHG7flSARjlNQqUcEgE55TweFHyPVPDgO6MDBOa7ZGY/GdlDa5Ga5MTLTJLSQeUZr9hkhRA4cogcPVTAvslNkycYTw48qM14BBRBM0dlSYpxySxKe6IHnKiiQFEEoxwoU44JQeiayoYkx2ThMBypkHBNEx4witfkbFVwqYAd3rpr6doyXlRlKOS01e6dqAPIVM690TOZDshu6moQC5jHSFv+FU3gjqb6NA2XCd4o9FlndWNIIjoZfbZQH9SX95/wB0oQB6yBA7Afgkjdh+RnCbJcIIf757W/crDum6kqWB0lW2LVy1m2FyO1XCYjxqp8p75PKpSyWq/wBmum6itsWQapjj6NKhTdVw4xSwOlceNtlVwdP6SHOh1K1gt1PTgYjDT77IpNFtL+kiOvN9rXAQU8cTftujQ2eurT4tbWPBd6cKvu/W3TfTocyprGyTN28OPc/mvPuovjjXyMMNkayna04DtOSlyng0UaK+98Lg9hmksPT1GJbq8Bm/mIysF1J8dqOhjdSdM0wOMjxHgb+mB2Xh936gul8ndPX1ckrnHPmdsPsoTMgBLlPJ29L4iuPNvZfX3rG+X2UyV9ZI8uJONWw+yosucTlxTw0ynACkMpHHBPdKlaonf0+iUVipAI2OyUeOmc4ZUqOmAH08qUyn3AIwglZuOlToHJ/ciFHTZxspUNMNhxlTqehDi0EZz7q3p7QcNIg/NJdno7em8V/Yq6Sgydmqxgt+CCQraltjmNBIH2CsKegyQHMGFWWdmnx0YlRTUbQQMZV5RUGCDp7KxprVHlpbDkq2paFrcHGPZEuTq0aVQ6IVHbRgZareCjZGBgJzI2sxpGE6WaOBuXSBv3RuKXZqUVHseIdI4VNdr/BbmOcJMafflZrqn4hwUf8AIp6gkZIcQvKL51DWXeV4jqHtaT6pNk8cHN1Xlq6ZbY8mn6q63mrpXRQOO/J1LHapJ3F8jy4nuVyCB79nbk91Np6XScuWaUm2edvvlqJ7mwUVLqI2UxscUTcuwEJ8zIRgKJLV+JsCoJclELVVYjOmF2VEYXyndcERkdlTIogwA44RxjkTKWRRx6dyMLjsudgJ0r+wbhMjGkgnfKdGvIic8B2YYASEyonEbCR2XHzhhACjGJ0suonAK111s5+ovAtbNVSZcef0ViyBsbQ1v6+q7BEGN2GEZaoxwcy23LB5xwlod6LrWu1DZHAGFphAQ3gYAcog4SwF1MFSeRyWAku4yoQQ3RoqcyEdkoINZy7gKbNNS00YLdz6BBKeOh8Ibu3wKWWOkh0twDj81R1MjpTgnvlHmqHSyFzj+SERlApZGzntWER9PuiMZqTzhu7io1TXwU8ZcHaj6KpS29i4x3M7USNhGSRv2VFX3EOJawbDYn1Qa64Sz5wTuoYz3XK1Oscs11m6mrbyMAOr1RGg44XQzcHCI1g2zsscYuRo3YBgEoscRf8ASMlSIaTOMjlTIqeGIAjujjXyKnPPCIcFE8nLxspBZTwDblNlqyH6Ijt3QzmTco8YFNscZ8nDRlda0u53SjjJwpMcJBToRzyRvHYFsJJ+n91IbB7KQyIbbI4jbgLRGtCpTz0RmxBvZFEeOyfp90/T7o9gtzwC0j0SwEQnKa9zWjlU+C+ZDCAOSgveD34Q6mdrO6qaqv7bpVlsYdjK4bidU1TQNiFXy1TnkgKDLVPkdynNz3C4uq8glLajvaXxrsSbJkMrg7POVoenqc3CqbCQdI3JA/ZZ2kgdUP0tG69p+HnTEfgxyCmJLsElZY3fJyew8R42V9ihH0bTo2wxwUjHmLBAGNltqen8MDyfuhWuhFPA1unGFY7EAYUnPafVdJpvhionGYaOOFxz9ZG3CcThNYclLU93J0YxwFa0ac4XcZ3XQMbBMcW+qqSLDaw0pskrQ3OR+qA44BJPbO6xPU/V0cOaOlyZNxseUHIjUaiOnjljetusGQA2+gfmT6XOCyNttMlS4zzSnU7ffcrlFa6iqqTUVPmc7ffstTRUrYWgBoC1VR5PL3Wz1E90mMobaxmHOaDp491YRtDc4TmljcAJ2oLdCOELxgZqK6mE6yBhO8WOIZkdhHkpvBwZ5xsEOsroomgPwPzVdXXzRrgg/MqjnqpJzuS4+5QZyLyWVZdXOyI9+ygwiepf5ycJ1FRyvdl7dvdW0EDYcHT+6tAv7hsFHoDSW4UtoDRgdl0PyAMKM+UMz3RYReGw5e0DchQKyrd9MYyV10j5DjhNZSueQSg4GbZS6IOuqe4+LwU9tO93DFaNocgZH7orKTSRsFTaGKl+ytbQSkZDDhEbRhpzjCtmxYbjCGWY7oNyGx02CA2nDN9tkiQBujVDgOCquoqDnACjkipVJEnWwuxt+qM0taAcZVXqdu5DkrpsaNeELmkR1km4VTYW4xnKqRFPcp2xRt4JyVLpbfV3KcRMJcT3xwvR+m/h9Mxscs7WNHJJ5KzW3rOB+m0FmqliK4PM2xEkagiMgGeE2WqpWNLtY2VbPfmAlsXI91vk2zxCshEuWxsYMnbCBNcKSEfXnCz012qJjhp2KCykqZnZIxlVlE+b9FtPfgCW07e3qq6oq6+r2aTgo8VscAC7spsNM2nA22Q7c8i3Ny/JlKyhne4Ofnf3U+ns0BIdMAVOd4Y30obqj8IHCqVbkDGyuD7DwUdHBuxrchPlkjYRuAFDfK4bglDdITjJKkdO32VPUOP4kw1e2InIHzEhJDngqMXgZ3QjPg4/1T1p1HkzW6uX9TJrnlxy5DMnhj1wo4lLjgAko1PbqqcnV5B6lNjV+jiarzum0+VKWWDfLknshBzn7M5Kto7GwkGV+fsrCmoKWIbM3Ceq0+zzGq+rJyzCqP8A3M7Hbayd3nPl+ysqewU7QC85KtywN2bsEgMI9qR5rVeW1WobUpNEeOnjhAaxo274Rk4jK5p91Zhy32NwEsBESUKwDICYQcoiacKEwhiCjH2QxwqyWkdJAGSoNXWxMHmPCkVJOnAVPLRS1Em+SEEpYNEEkDqq01BDIj90xlE+Qhxzv7qbBbI4sHG6msia0YwlSWRu7HBGhp2MYBoAwj6GjGNsJOeBx2UCtuccIxndC3gpRc3wTZHCMZJ2VXX3iBjdLDkqvqbhUVIMbXYB791EjpHyOGePVZ7L1A7mg8HqNVjKOTVVRVPO5IIxhOo7e76i07+qn09EIxu0Kyiia1o8uFy9Tq88I+l+J+mq6IqWCBT0bRjy4U+CmAA2TxHg50ojQMYXIsslLtnttPoo1rOMHQ0AYS2BXTwgamjJyszbk+TakohycKPJLlDnqBxHuUOJk8hzJx7I1ETZNf0hdTn7BOipmh4keM44CKxrI26n4wO5WW6h62pKXXS28mV42JHqmwplJ8HM1fkIaOO66XBpbhd6O2Q+NVyhgA7nn2XnN/6zrq6Z8VC90UB4z3VHW1dfdJfmK6TU49kLwyMLfTpvbPA+V+oLdW9tMmoHPM7zP3J7roZgg44TwBhdDfQLbGrHR575HJ5ZzRxspEbA0ak1rRjPohkknCcqxUnkK+bhoamgOO5XWR8Eogc1oON8KZwCmdBA7JOlyMYQfFw7AC4N1N/ISQ4vcTlczlcSRIoSSS454agbwRLJ3YDlAmnwMYCZNUHOAFHLS8rPOTkPjHA1xc5y6I+5T/Dwd0QeUeqqMN3YyMsDQ1oHC4CAMAJ+r2THInDBHJnEwZHdPXcEpbhyRSaBafdEbGARvhEEZzxlEazHKZGCQuduehNbhqR3T/KAglucjPKMFNyOk490Fx1b8YXXEtOecobfMccKDEPLzxhcazfJCI2MAA90i8N2KhM/o6PK3dAml7JSTeiATlGOSEST3XW75XAMnCnUlKSQSMKJZKnNQQOnp3PIJGArWKJrWjthdjha0A4XS7O2OE6MUZpT3HJBjgoUn0pxPclBlIJGCj6BQE6teyMOFwAYTkpy2kEkkutaXIXJJZCWZPbHsaGE8KXQWqprphGwEA8n0RqWiOWufgk8Bb3pjp+pqSGxtDScErHddjg9R4nwjusj8q7C9PWJrGsoqKHzfjdhet9O9MRW2Fk9Q1ri4d0XpfpuC107ZpoWkkdxufdB6k6oij/3KkO42JHC5112WfWNDoq9JDZAb1H1BDRRGmpXYxyR/ks5baGpu07qqqd5Bgtaf806goJbjVulnJcBuB2V+Gw0kYjjaBjkrM+TrVRyOYxtOwMa0DbGyWsgZTWkyZJUWomOMNGUtvBpa2oVTUkHS3CjRsfK7J7o0dPI92qQbfdSWNa0ABqoU5MbFTtGPLupzI4qeJ0sztJbwPVdbDDBB49TgdwMrK3rqGSqkdBBxjCjeCpTxwh/UPUJ8P5SjOC44JB7KigpnVDhqaQe5TqWAzEOIzvjK1Fqs5c0OcQ30VRlklcHY+SLQ2xjWAaMFa+w9NuJbUTtGCfKCi2qzxRvD5cHAU+53eOgpzDC7BA7LBqtV3CDOlTpsch7hcILV/Ie3MgH0jsqWhtV16jrXveMQ/hPbC7Z7PW3ur8acuLXHJJ7rUVNY22tbaLQ0F5GHvHquPfqM8HSpq54Bzy09mgjtVqja+ocMOcBwhw09FaCZptUlU/d2d11gpLTFx4lW7dzic4JUi02ma4zGoqXb8jK4mpu3HTpioo7bqarutSXkYZzv2C09Hbo4BhgGQpNJSw00DYomBuOT3KINthuVz5S3Dc5AmPSfRZ/qPqentX+6wu1yOHZc6r6qjtcZo6YeJVOGC1v4Sqvpnpeerc25Xtxc/Vq0O/+XhKksBpisHT1Te6k3e8EluctYe62sbHRtEMTWtY3sAiRtZEwMY0Na0bAIVTUMpovF1D1SnPkOMchHAY3PHqqioqJa2b5SmYccOcutNZdJzI1+mId/VWcFMIfTOMZVPnkYsQOUdvp6VgaGguHJKO/DRknZNc4DfOMKlu180A0tL5nn3VqWCPnsmV1yp6SPUXZPos1WVM9wl1yOwzu1ObDJOQ6ckuPZT6W0TTOG2gDur7F4wVUNpkmflo2791e0NhhY1rnA5VvR0jYWBjGDb90eWop6KIyzYGP3RrsKUsAxFHBEGtaGgDcrM3/AKrhiaaei/mO3DiCqnqXqyornyUlE4xx5xnvhUEQ1bkpq6EN5HyyyznXKTk+pQ9PupDY8n1UmmtstVK1kYO/JTMlAKOjfVSaWg4HK09ssLGMDnODT2yrChtUVFE0lo2GfuVysuMUIxHhxVuWCD5Xw0MOARtx7qqkrZZzh3CjzzyVEmXOJXWREEZ7oW8opJhms1bn9UTgJM2ACLHBJPu0bDlKbGIjmOWU4Y1TKGiJcC4cg89lNo7eWgam/up8cDIsHZLlZjgOMcgIaYRAEbok0zYcMa3U88D1XJ6kAlsYyQp9mtDi75yryXE5APZZbLcF9HLdbZJHCpqG7dgVcRwnYYwEdsRJClNhwB5f3WOy1sWBjgIO7f3UyOH/AA/unxxNA4R2sCzym5F4BNjAGMJzW78oun3S0+6AW7DrQ3TwkQD2STmqN4QLlkbo9l3T7IqSX8gaeRi5gJA5XUQRwgJhByiLmApggBcJwMohADSSeyy95vjfNTU7jngkFPhW5MtskXq+CkkEMRySNyFlaqeWqlMkr8+nsuPdq3c4n7qJPUaQQAulRTjkh2aYRjAA4UCSV8pxwk97pnZ4UuioZJngtAWvCii9oGKke/zYOFfWiy6cTzY/wtKmW60SNbqc0bKzEWgb8hA5+g1D2Djp2xjSO/dOa0O2Gyfo1HhGEeBxylN5KyCERA45TH4bjzI0rxGFT1VYHHSzKJLIcU2SKurIGG4VRJK5+S7hF1OcclDjiNTOYwf5bRl/3RxjgNA4qd0zgXBWlPThjQCOF1kbYsaW7YRuQiRUXgG5mNsZylDE4nhGjjLjwpI0RtxgbBQLfngiloaN9sKPUVscTSNW6FX3BuTHEDtsSq3zyO1OOU6MMipsU9TLO45OyGIgzDscopYA3OMKvudzio4w94yTwFsqqbM0p5DVdbHTR6n424Hqs/VVMlVJrefsPRcMk1W8zSHY8D0CFIceVm7zwPVdKigROZ10ug6e5XaeldNIZJWkDsiwUg1Nmmblw5U3YjjhbYV4Et5AsjaxukBdw1deQM5UUyAZcT+pWuEMmWbQWSTw+Vmuoup4KOMxQ4dNjYAqH1H1Y1pNLSNJcNi4FZVtJPNIampeXvfuM9gttVGTh63WZlsgCq5am4zGaY59B6ItLSk7acFSoqfGBpUyKJrO2Fvrr2nKtza+QEVHG3BcM+imQw9gMJ8cD5XjGwG5UkBsTM84WpYRUa8dgomBm5CbJJnYBOc2WUjS3Yrvg6W+blTZuYM3tAnJ3JQg8ZwAjOZjPdQa240lAzXJ5T23WmFLZivvjXHdIJNMIdzgfdY7qXrOGAimiZnfBIPKouqOspqqd0NM844JB4WPdNLK/XJIXE+q6Gm03J4fy31Ko/6dLLS5XOe4SF7nEA/sojMnZDZlwUqmp3vO+3uutXp9p467Vzvk5TY1sIcR5f3U6GiDQCiwUZ28u6nMgdFh8mAwd8rVGrAjewFPSAnYIkskNC3L34Kh1d1kLXwW2PVKDgOzwmU9sd/2m51Bkcd9PoiaSJnIJ1bW3Cbw4mjwj+JEbb4KV+tzQS7kldrLpRUMBMTA3HACzNZd6q4HFOC4fdA8LsnPot66+0tM90DXbgYCz1ZdayqkLIZCRlSKW0yVr9VVGRjfJVnFT2+37vDc+6TKaQarlLllLS22vqyHTk6T6qxitNtoMPncM+iVXen4LKZmkeqpZ5ZqlxdPIQFntkT/AG2WlRe4KTMdHFj3JVRUXGsqs6pCB6KNLJRRjU95e4cAKI+vc86YW6R3ys7m10LlLPQR5cH6nHJKbrLkiC8anndITRxHJduo57hLXJzwpn/SCR9k75UOGXnBCXz030txhMDpZPrchyUE8OPONsfdFb8u3cMGfuo7Y98kp4aAqTwVkNlg4alqb/SmZHqu5HcotyI3wPw30SAjB8zdk3xoePE3XPFaq3pAchg6jA3Zum+T8I2Qtl3IVqaLH6GJaGJuT6pZPqrckijgiblPMDMZ0pBwCe14QtpkakA8Fo2wmmkaT6KScDulkeqjhkrLIwpfdNNNjupSZq9lXxhqTIjocdsoBiO+yn6RnOEtI9ELqyM+RkAMcF3BUxsbfRMdECdlWwnyEVMUsxYTPC9ApsLUskfA9E4OITyxw7JaSh5RbwxGd7OCiNqpjsXbIJakBhTLBaiyU2oJ3JRm1AOMcquw5dBcEW9lfGkWrZMorXNcMbKpbUOGAjtqjjhGrQdjJ/hBwyMD80IMkactGcITakAjCO2drsZCPcmBtY7xsDTI3ZNfDS1A0xv0uKK2OKUAOG5Qn0b27xtyFbBzgizUs0XPmb2IQAcKc2smpz4b25b3DhlEEVFcNopGxy/oFShwHGWSuG4OVIpqyponiSmmfGR/ScJtTRT0p/mNy3s4cJmr2SpRyPhY4PKNJT9R09dGKe7U7XZ21gbq0sl6vvSNU25dJ3eVjc5MbZMYHf7LDc9lIpa2emOY5CB6JEtMpHQ03k7aJKSZ9TdEf2nrfcQ219f0Laad2G/ORM0wH7+i9bhhtV4p219jurXMcMh8fmA/dfB7bjR1IDastid6gbH7rR9J9ddV9D1Iqem7kY4TgmKNxMbvu39f1WKzSbOUe58R9WrPx6h8fs+v6hlVQvAqqeR0Z/GwZCcJ4HnET9R9O6wXQn9oCzdRNbQdQ5pK52AC7eOQn/LsvRqm1UNXEKiJzoag8vacA+myxyqkj32i19WqjvqkmgA34SAwodTPdrMdd0t7paUf/EUzcgfdSaKspa9okppQ9rhkEHkJeDqRmmPUappoKmJ0VTG2Rjti1wyCp7mFpwRgoRbtyrUmip1xsWGeZdRfC6nqHPnsULYicnwifL+S8wuNpmo6h9NVRGOSM4IIX0wG6Ttsqy9dP2m9QmOupWudjaQDDh+afG1rs85r/BQnLfSsM+Zn0Rp6j5ilkfBNyHsOCCvQOlPid4kkNr6jy2ceUVGMMcOxPoU/qb4d3O2udNbwKuA7/wD0Qff1WDrqMntjPC1V3yi+GeH1/irKJYsie9SSW25U3h1cEdTBIMEOAc0j7HYrxrrz4SVVkd/HehZpHNJJko8as+mn90TpbrWv6fxS3EvqaHg5dvH7tXp9svNDdIWz0c7ZGO30k7j7hdKu9vs8xq/H7u0fNsd8p66PwK+IRVDSWvGMEOHqrqy3urs0muN5np3DeMn/ACXqHXXwo6f60jfU0oZQXIjy1DGebPvjkfdeD19H1P0ZXG19Q0rmFrsNfjLHj1a7utsLc9nBt0cq3mJ7Narnbr3TB8UjWSHmN+xCfNE+jcHhpLV5bQXI4bPTylructOFvbB1hSVQZQ3R7WPxhr3cO/8AVaE8krmocTLqN7ZWhwPKdiem/nRf+ILs1tlj/n0bw5jtwEoJ9f8ALk2cNt0Sm0OcIXLLJ1NUtlaHsdh333CvKG7zOLYpTqA9VmBA5j/FiOPUIzKl+cOAWiu7PDPO+R8LG5NwN3SXKopnCSCQj2zsriRlJfabWwNbOB5m+qw1uuYeBDMcZ+lysIqqSF/iQyuaR3BWmMkeS1GlnpZ7WiJc7a62VJk0YB2KNbLxPQvbUQ7gctzytB41HeqYQ1RDJsY1Y5WYqaKW01LoJx5HHLX9k5YksMS2n2ew9LdWU15pmRukAeNt+QfQrTGPAGy+fqS4VNoqG1dKTjOSAeV6x0l1jTXqnbHLIBIBjc/ss9lKw2ZLav0apjdt+6DPRU9ZA+mqIg9kgIIIRGPxnZEIA7LntZ4YqE3W8o8D606FuXQNxfdrO109rmJM0IGQ33Cr7fdjRSR3e0PJY7d8YP6hfRkrIZoyyVjXscMEOGQQvDetegpukah1zs8DnW6Ql0zBxH7gei835jxe+DlX7Po/019UyqsjVc8NdM2llvdLeqZtTSvw/wDGzu0ra2G/Hy0tW/cbNcV8/Wi8yWioZXULiY37uA4wvT7ReKa607aqleA8DzNzuCvknlvDzjNo/SH0/wCfjqK0rHl/s9fhma9g0/5qHXUWt3zFP5Xjcgd1Q2G9hwFNUP34BWmpqho2IyvJW0uuW1nuYWRnFSTI9HcSzDZNnBaGCZlVDscnCzVdSGOTx492u3+yfRXCSlcDvj0WOUMht4L5niU0oI4PIVtDKJsDIBUBssVXTtkDRuM7JsDzBICTsEvmLES+4tpaaKphfBM0Oa4Y3HHus/DTsoKh1lurNVNUghkh3Cv4akP7YXLjRQXKm8KQbjdpHIPsnVzywemefWyef4XdS/ztbrLcDiRrdwMfiH6rA/2k/gbbeqLG66UsEckFXiaN7BkZHp6cr2SekF4oZLDcnCOVuDTzOG3fY/dVvTNe6zynorqaEPt0pLI3OGdA7L1PjdbKeK32c3U6bYpWRWU/yX7X/wCw/IvqPpu4dLXaa0XFhbJGe491XM2zlfc39rL+z3hk93tNMWlhJ1NbxnJH+RXw5JFJBK+GZpa9ji1wPYhfUvF6+F9W32uz4/8AUHh/4F/yQ/258p//AGCs7KREd8+ihs+pSYT6rs1zbZ5ecU+i0hccc5UuN5wFVxSDYKZE8HT+a1KZitrwWEb3cJzjjdAjOSnuJwN1aeTNjBOoasxyB2OFroptcDJyMkLCRu04OVqbFWtmh8CR2+MLVXLDOdq6uNyNJUky0Ot3fdZCtY4VBI2Wpp5DJTPpyclvH2WfrmgTnZaJ9GOkiDhccnJJJtAvBDTlRHbHKnyAEbKJI30Cz2rLDjJki11Dm1LHNON16ba5jNTNOoE8LyiN5icCOVvulqvxIRG925GQvL+Ro5cj330/rpTgq2XV2p9dOXgbqhew8O+y1H96wsIzlUNfHonLcYXm7I5Z7qmzCNx8I75PT1b7U9xdG7duTwvcKZ2O+V8vdP3CW3XaCaF+Dq3+y+irDXmogifIQdbR3XlvI6dqbkj2/hNS507f0aiGQ7DCmMAIzlVsUrdtwpjHNO4euHbHDPS1yyHyUslcH3SSsMaebfFKiLHR155BAaQse0uexpPoCvVeuqJlbZJIycEAkHC8soYnGENcc6dl6DQ2bq8M4GrqxZkqr9AyWkJLdwvNL1Qljy7ThetVkGrkbeiw/UNu0PeNGe4XqPG6vb9jPBfUWglanNHnNQCMhCieWnOd1Y3CnLS7bhVUvkIGV6aLU0fMNUnTZwbvpqvFXSmmmdkgaTlUF/t76GuMjG7E5UWy3J1HKHjcdwthcoIrnb2zxgEluUm6nJ2NFf8ANXn2Vtnr3ljZGPIexesdH3Y3SmNPO8F7Rt7rxGgkdR1RidwStl0/eH26sjeHHSTuuNq6Wmes8XrMNRkazrGxmVjqiNmHM3WXsdc6OXw3HDmnuvUx4NyoRM0AiRgyvLOp7dJarj48TSGF2dlzZrKwdyzMLPkj0ei9M3giTwXvy13qtxTTG31MdQz6H4yvF7LcTLAHsGHAbr1bpi6Q3SjFJUkMkaAASeSuRq9P9uUd7x+p3x3G8lnjuNI2ohI1M5+ysLTM4wgE5xwsvb3S0M3gykGN4xkcFWFHVugqPKTpJwQuDdDPJ6bT2muZIcbd1yVhyCEGlmadxg/ZSiNbNlhawdBYwDZgYUpqg4LXlqmRnZUKmhk0DZWGJ41BwwvN+qrC4vfSvbhzcujeOxXp2CeFTX+1OrYvFYB4jR+q0U2bHyZLq9xgKSonuNjLQ4fNUOWuz3AXL30zSdV9LyR0rQZCCdJGXA+yiRzOsd9DpGnwag+HIO2VeMeemL4yocfEoavBZ6DPZdnT6jHKOVqKN62nyff7XJQ101vq4chpIyeD7rzfqG2NoajVEzDX7r60+P8A0PDH4fUNphDYalgf5BtnlfNt7oH1lO5rQNbB35Xv/E66M4rDPmPn/DycZwa/wYFwOSV1rT6Iro5IpnRSx6dPf1S0j0Xqq5qayj5hKLhJxfoaug9lxJaELCAjG5Xcj1CFkpYRqeCsBmnBRQds5UdPBwjVvIDiSPFOOEvE9kLV6pavZaoW8C9pPhutXSkaHkgdiVobZ1mWaWTZ9DlZIuyuJ8bX2Is01dq6PWaC/UtWBokGT2yreKojfx3XikNVPTv1wyuaR6FXFv6ruNO4FztY7glaa711I5uo8bnmB64Hatx2RozjZYu1dcUEmltU8xu9CtHR3q3VjiyCoaSBncrTG5ejj3aW2t9FyxxxsVJY4+qgxnONJypTQR6piaMjTXZIEpyjNedlDa/zYAUhj9uE3OFkVwShLsiteSVD1eyI1+OyJTQtpY4LBjhjlFDh2KrxIQiCQ5RqYtxJus/1Iur3UESHCL4v3UcsE5JYkIRBKQMKGJMnGETWFHIWTPGPoiCQ5UIyA9k/W31V5AJwkGF3V7qHv/UV0SHO6mUTBILR3wloaeQCEIvJxhPjeDsSP1U3g9D/AJem58MEpgp2agQ0DHsitaSMjJA5Kc0MJHmA/wBEEp5LWX0JlPqBw0LsdO7JJ4UOv6q6dswc2puUORwGnJWMu/xkgpy+Cz0YeDzI/v8AZBuQ6rS6jUcRiz0YU+Rk7Y7lQ63qPp6zwaqm704kbnLQ5eH3r4l9S3HLHVjomO7M2WXlq56pxfPI55PJJS3bhnRq8TJPNrPZ7t8cKKlLo7NT+ORtqdsD9l59fPiF1Jfi5lRWvZET9LThZbOOBhOZ90ErWzpUaGmnqIZ7nPJL3Ek9yUBzRnkBSoqaec4jYSrGnsHiYdUghVO2K7Z2NNobLv8AbXBTRRGQgN3U6K1zuwXN2VxFbqalwAzJUkxl+GsBSnYn0drS+I5zYioZQMiAw3dSI6YOIAKuqWy1ExBLdirikscNPh0zEpybO1T4/C+1YMzDa5ZseE0q3orKG4NQ39lfshgh8sbAEZlI+Qgce6vJ1adDGPLRXw26nbjTHuFPgp3ZAxgBTaa38HH7qwZSMZgYUNtdCj0V8VEXYyOVY09vDdLsKVDS8eXhT4oAwBztgFDTCsBTU+BoAUpsOjcqHX3m22uIyzSgYB2yvMupvisGvljo5HZO2ytzSF6jVVaSGZm/u3VFstOvxpQS3j3XlXV/xJmr5XQW55A3DjlYq63q6XecySVB0ngFBgonvOTyeUmy7PB57U+TndHbHgY6apqn/wA1xdndS6SjJcCQpVNQhuMhSnubTt+kFIcnI5Si1yxrIo4Rkn80Oeria3TGclQqi4h5IBULW57s8ZRxhnsB2Lok1FU55wO6FDG97slPjgLiCQpscAAG2E5Vi3LJyOMNA2RXPDcAbrriGDA7oJOk5ynRrETuSHlurchDlcBgJeMd2tGSuRQSOdl4IytVcMnPv1QwRukIUxkIABSawRgDGcp4Bzla4QwjmzucmcAOoEhEHCQGE9HjAtsWAupJJomUsiTk1ORC2JSKVms5TIKeSpkEbB9z6KbVGnoYWsAy7/Mpc5Y4NMIZ5FJJFSRajuTsAFUyy+K7K5PVCY78dkwEHhZ28hvk47ORgpwOASVwkDkqmuV3O8EB45KCy1V8lwrc2S624RRZafRZ+omfPIXOO3ZNfI+Q5e4lNWC6+Vns3V0beQeM8lEaPQJzY3u4CmU9GTpL289spUYZ7GOSj0Cig8QgBm6nxUTGAOc3hFYaaBnGCotTWySAsBwPVHlRE5c3wFdJGzZoCiS1LjthDbqJ+rKe2Mu5Ci5JjA0Eu4HKkxxE42XYaYkg4U5lOMDbhPhX+yp2JdAoacA5IUpseDnCc1mkDCKWEgDTx7rRCGDNOzKGgNA4TtXslt6JafdM2i1LJxdG3Oy5kDcnhRamqDBnHCGTwEothpZQBnZVdXX6c4IPsgVl1Ay0KkmrHOcdyubq9bXTnk6Gm01lsksEysuTj5Ruq5075DkhcOXHJCPFEHb6V5m7XWXSzk9HpPGRrlmSOQxk7kKXoGE1rQ0YAUyhoZa6YRRjvuVmy5PJ3KNM84gjR9GWB1wq2hvfGV9I9IWZlBRR+UB2N1gPhr0uKZrA+PzbEu9vRev00QhjawDGFrqltR9G8L43+PXua7JTGBrRsmkgDGVyR+w3USR+eCUU5bj0cVgM5+TgLp2AKZC3LQ53dEc7jZTOBjeBCTse6FLKGb5GEyaaKLd78LGdUdURxf7rSkuO4JB7ozJqNTGmOWP6q6ucI/kqI6XE4cQd1kqOndPL40wL5HHk9kyjp5Z5jNKdTycnPZaGjpdABc0D80+qvcect1UtRLdIPQRhrdxyph2GxCE0BowNki7HdaYpRE78PA/Uc8p4e0N8x2UR9QGAkjYKmuN3z5ID9019AOe0up7rTU2xcCVnq28fNOJY45B2UGSodMcuTIYS52w/RLeWxTk5dD2vmmfucq0tluL3GWTsNgi0NsLA0vAJO/2Vs2BsTRgIopjYwYyNgx9kTIHcIbniPIG+VGc9z87KSlgZGps7LUODi2M7dyhta+QjJRoaZziNTVNio8AHAQ/KaKtPnsBDSasHCkspsYICkRRAY7Lpb2ylytwb6tMl0gOkBEw30XeE7IIIys8r2zXDTRfY3IwQolQVJLTvugvBk2Q/KH/Fi+yuqC53dQTAXOydlbvgMo23XKS01NTN4Xh7FLlqNpS8epdFNI0t8rW5J4V7090HXXb+bUARN5ytp090RSRD5mtj1E8AhbWmpIqaJsUUYDQs9upbNml8XzmZQ2fpS2WiMCOFrn43JHdXTRoAA2HonySww7SOwgtc6pcXMbhn4T6rLK9yfJ6DT6RVrED5IbFWTEB7Tjvup8NqYACRv3yrQfLRDIAbsgSVjRtCvVrMukfnltReWxrLdTx4c5qOG08A1NAz6KK6d8n1FMcNWN+FSreSpXLH2kiWqLTlmEI1Ej/qOUxxa3lyEZgOAmqGDPK9+w7pSRygFxzuhyzOJAa3KLBR1dXuItI90aikcjV+X02nzvfQnS4xkpmt02zW5PsrOGxagHTPzjsFY0tBT02C2ME+pTIwPN6r6tlJbaV/3KGO3Vk2MNwrKn6fa0B08gOeyttONwMYTxsMJjgjzeo8rqtVLM5EWloKWA+WMEn1CKYweNkcDHfKRGUyMMGKUt3ZHxhdRGrqghiSSSUIMSSSUINSSSUIMPCESeEQkcIZ5VMJAicnJXEk7T7oW0iDZGg4JSaxjRsQk8F2NlFqZmwtGo8rLNja22GwPXhQ6qsZG0jIJVfVXMvJZC4j1VfIZXkEuJQSntWTuaLxVupaD1Vzm1Yj4IUKTXUEFylxUjpCNQUuCj0EHCwX6vB7bxn00lNORDpKEuxqap0dM1h+lS2QtaBgIulu23C5d+p3n0HQeOq06TwAbDxkIoAHZEwMIbjjJXPsm5Hail6HaQuEY7pnjtzgqNNVue4tj4GyUotvkOViiuQss+kEY7KCXSTu0tdpARY4nTOy4qW2niYBgY906NbZjsscuU+CJHAW87kodddKO1xGWrkx6N9VT9R9Y0dvMlHQOL5hsHjgFYKetr62Qy1tQ6Uk7AnhaqdNJvk8v5X6hq0sHXS8zLi/9WVV1eW0j3xU+SAM4JVE2PB1HcnkpxAwANsLq6FdO0+f6nW3ayW61nQBjcbpYC6nNWjZgzNYWBhi9k52GY7pzjkIekuOcpyiF0dz6J2Am4xsnoiIcSQENziRuioKS47ihmd8J4b7J3h43Ts7YQyjtDG6fdcx7rnGShySgj7KOaQS56HyODBzlQnzFxIxwnvcShNZk8pEm2y4rAg0uO6IBgYKc1oATgMbBWoh4yJNTkPV7K8EYhyu85Q8FOBOeFbWSNCA337ojcAZC4wDAPdOVqKI45HEgY2XJHjTpTXu4QXuI91OhW3LHOkOT6rpGAd0IHGVxzi844UHqKwLTqcR6J5j0YKQbpGccomxAVJYI3gZwECQ9gUSU54QCfVEFGORu6Q3TkehpJZZRgbKJZLb2o5S07nyAFuArmKJsQCayFsTRtghdc7Vt6J0YmSct7CEjHKjHlLJ9SmuOAj6AwNJQXnJXXk5IS0u7BBKWA3yEanJrUaNhzlA5YGV1yskoxQ1rHE4wrGlphHh2EGJrW48vC2vRfR9bfJ2vdATDnGD391iuuPU+J8Tmz7vyOdI9MT3Soa9seoasDI2HuvdLD05S2qmYNDS7AJcQi2Hpejs9KxrI2gtaol96iZTtNHTnzHYkLBZbuPp/j9BHTQxJcjOpupG08RoaN+X8OcP8llbfRT19Trd5jnJz2RKejnrqg4y4uO5WgEFPbaXSBhzRl3qSslksnXhA4Ay3R4B1E7LsUXifzZxueB6J9PT/NPbI8cDIygXS4siIhjBPYkKjZCOEDrKpkY8OM87bJUcEkh1uHKbQUL6mTxHjYb7q3EIYBhoCWFjIARYGAn4go4jU1JGQPKEqiaOmjMkjtgsfd7tLXTHS4ho25VSeBMnwdvnUE1a90EBIaNtlX0kPiHzZyuwQGR4a1uST2C2NpscTIAZowCdwO6RKZKqnYwFotDWhsjoxxsP9VqLdbgBqcAMDIBXaWmawBoaMBFrK1sLQxh3IwViuu4xFnVp0+3DOXC6R0kRjYAXu22Uagtjq0GWpfud8FcorW+ol+ZqTkndrT2WgigZEwNYMY/dci63B0q6glO51FTtgpnadsEqOyVtIHvaAZXZ8x7J1TP4QwBuUO3UFRc6kMjB053PouZfca4QUVkLaLdLd5mzvGX58zjwtzTU0dLG1jGjIHPqu0dDT0NOyGFgbgbnHJXXuz3wuZZZuY9BQ8YwAst1T1XFbGGhpHa6uQENA3wl1T1THa4TTUrtVQ/YAKr6S6anqaj+N3d2p7zlurslPgJHemOlpJZxdrtmSZ/mAccrata1jcAcLgY1p0gjHbCZVVMVLEZJD9gglPdwPjH9nKmrjgYXSHGP3UGCnqK2UzSAeEexTqalluEvzFRkRj6W+qt2tDQGtGAEG0Z0DjYGDS0YAXZpWRN1PcAD3KFW1kNFF4kp2WbmrKu6Tuc3LabcBp5KFywTvlh7jdX10ppaE+QfVL2QY6NjSPDbqKLSUWwjgj8vdXtDbo4QDjJPKtLJTZCoLUQRNLz2b6K8gg0Yz3T44m7bAY91SdS9W0FkjLD5342AKNPAtvcTLzdqSyRukmI2GwzuSvOLrfrheqpztTo4uwyoNdcq271DqqpcdLvob6BMZlqZGOQXI66PfnJRIonk7BEihMh4yr232pwAc8AEjYeiYCRaC2TzTNbo25JPYLU0tJFStGgDI7rlLC2Bn04wq26XjGqmgP8AzFGUSLleGsb4UZzjYkHlUvnmOooLGue4FxypcYDeyGUsBRQowAckKRqBGAE1kWsjAV7arQSwST7E7gY7JUpYGRwQ6O2TztD3ENCuoKRsbQ0AbKTHFHCAMbBDnqYA3ynhZ5zyWNfoibnsoMle2UmOnJdJ2AQpKie5y/JUbSST5j2P5rT2fp+C3ND9IMjhuSM4WaUys4I1osHFXWbuO+n1WgihyQ0DAT2wOGMjOfdTYafYHhZ7LMi3MCynDQDhGY3J44RjHjGycIxgbrNKeOwN43w8AbJwaQnhhC7gpUp46CRxJPSQgDEk9JQgxJJJCNHpiemJpDhOEOWQMHZKeYQty7A+6yN56gFQ51LSkgN+p2eVqqqciBL71CZC6jonEHh7x/ks68jknf3TnOby47qsq6sPfojGcLoV1JED1FTpOG4Uc65hkNTWMdIQSCc9lorZZ3YDn4yVpyqy12QrZZ9bQ+dnO+PRaakoI4gMRtAA9EelpmRhoLBkI8jmsaAAlynk0JLAx3kwAm4Lt1whz3AqREzTyEIQGNmjchKedkLckhKomZTt1HvwFTVVW6dxDSceyFSyUona2uFR/Li/NCgpi46nclHpqBxw9+N/2UmRjIGj2TIvBMYIM0TWvMaJTxNjGlgx6n1TDqfIXFSqeMjchMRY4Q5GeE5rNRBxjCJkZxhDmnbTtye6mSHXvbDgEgEqnuNc+pk+Xpzho+p3r7JtVO+aTYkBJkIIGBymQjlis4I7YyfdFDAzzHui6RGMlZ283sOJpKV3n337LpUUbhE55WAt5uzYmmCnJLjyVRxtfK7VM/P3KaA8+aQ5Kc1kkmzW7LpVadLkzSYV0zcCOJuw2JRYafHn4d2PouQQMijDdGD3R2j0W2ENpnsmLT7pwOASuEgKHW1sUEZfKcD7p0IZZndiG1tW2IbkDZYq/wDURncaOkJ2+twQOo+oZKyY0lA4+jnDsFEpKEsw5zge+V0KavZxdZrN+a62R4adznBzhkjJVgyLAAA4RWU2QMNx+alRRDZuNwt9cUjmbWyM2EAgYUqGmY7BcE8QjY8YXHzObiOMeY9k6TwhmzHLHHEYwBymiN8jhq3Z3HqiNjJGp5XHTBo0wv45Ugm2LsmkPe5sTSGjKiGUk5IwlLUBhIJGcd1i+res4KBhhgOT3wVvpq3M5Gu11WmjvteEWl+6jgtkb3CUYxjOeSvKeoOpqy7VB0yubENgAeVDul5muU/iyOODwM8KCSCPRdajTZPmfm/Py1G6Fb4E9+eeV2FmojbKdFBrcARyrejtuMGKP7krpVUKB4+Vm95A01M5xB0q3pqXSAdOUSnpmxjztAxyoVTdJTIaegZqeNlrUUh8cvol1dXT0UY8V+mTgNCrnxXS5P0k6IRwc8qRT2wOe2prpQ88lvoVGvF+hoRpgePLtgFVKWwNJ+yW5tJa6cOJAe3v6rO3DqSWolMMAzhRM3C9TkscdHJ34CtqCw08ID5ufskSsGwg5FTHSV1e4OlGWq0hoYaEAhoBIU6Z1LTs00/IVRPUySOPiSDAWeyzI+MUglTc3Nd4dO3YbEqpkL3Sl8smcqLW36GmJbA7UVQzVNfXTF7XYB7ZSG3kqUsFxVXikif4TDqIVXPW1VVJ5W4aUxlFJHh85T3VFPE3S12Sk2L3J4ENtijpQTqkdj1T5XUzGjwfqHJUOWsJ+k7IDZcb45WeV0V0Wo5JUlU/IHKUb8uBLVEM+DjCLFJnchJVuWRwJjdIAwF3xRjGlAEgwu4HqnK1YENYYfxR6fuuiXJwVG0n1SDHHuq3lYJGfdInIxlBDThcw5TJWB5YCugH1Q8OXQDlKlPkmA4J9UslDHG66iUmyYDCU+iRkyMf6IWn3S0+6PLZYUkncrheQlgpFpKJAiDynaymNXUxEHCf2XfH/wAKCujdQIKJ/ZdDgRnICEIjjK5gqFh8j1C4dJ5I/VCAcdwm591CYHpexC7p91xQnQtvRLA9EklMEyCc0dtk3T7oxGUtPupgmQGj2S0+yPgJFoKraiEVMLnBTDFk5QzDgJbiGngGx5H5IrKk7ZCFpd6Jr43Hg4QptMvCaLCCsOcFS46rOFRNec+iIJ5AQGlNjb+xNlXsvHPhl8sjR91GmoAPPC7B9kCCoyAHFS4524CfGaaE7XHoZDW1EB8Gpw9n+IJ7qJs+ZKZ4wd9JR9Ec4w4AqO6nmgdrgzt6FSUUWp/siBwjm8OZpbj1UpjKWXAZyimrhmHhVsDTjbUOQgzW90Z8SmeSzkKJpBZWexz6EPwQ3OEMOmpCPDeW6U+CtlhcGzDhWMUlFXM0va0ED9UMq0xsXjpkQVjpQ1xA1DuF6F8P/jN1H0nIylqHmst+cGnJ4HssXLZmaMwnBVbI2WB+JGkDjIWW3TJ9HW0Gv1GklmuT/wCh9q9FfE/p/qeIfw+vEUhHnpZsBw/JXVf09R1rvnLRMLdW8iWMZa4+4XxDQ3Cso3tnpahzXMOQWuII+y9l6F/tBz0U0Vv6qZ4zXbfMtGJR9z+Jc23TOJ9O8P8AVlF/+lqftl+/R7S273O0u+W6jpAW8Nqom5Yfc+itIZ6Wrj8WmnY9vq05CVsvlq6hoGT088dXSyt3djIz3GFXVPTUtJUfP9OVTYn766eTPhSf9Csbi0e2rs/qXRYFmE17R3Kr6W+j5j5G7UzqSpP0g/Q//lKtcAjIOxQTz6HuSkuCE6MdgFlupvh5br1G+akIp6p+S4keVzv9FsHR+6Wn3VwscWY9XpIauG2SPnHqDpG5WNzoqmPVp5IGxHqqa0XOusNZ81SPJb+KMk4IX0zdLJQ3eExVceoY7cryvqn4Yvoy6ppWksPGnc/mt9d543yf0/ZCGalwTunurKO907XMzHUAeaNx/wAlZ3i1Wjqq3utV4gD43jGHAFeOyw1lrqDpc+N7DkFuy3vTHWcFzhZR1pEdS0YDicasLoVW5PCanRSzwjyrrz4ZdQ9AymsoP99tb3bPaPNFngO9vdUNvuMdS0B+x4OeQV9RwVr3t8CfEsb9i14yCF5V8RfglE90t/6KcY3El7qHTnJ/wn/TC6FduOzz2s0Lzkq+metKy2FlFVvbJS5wC7ctW1cKS6NFXbpAQe4XhUVdPGTRVTXRzRnS5pG4IWk6c6krrS7xKaclp5aTsnZTRlqm6/tZ6hFI9h0PHmGxRtGsAt2+6hWm9WzqKAS08gbUAeePgg+ynBr4HAOzhVGTRri1JCik0SBsgwRx7q2iqnbAhV5hZO3B2PYrkUj4neDMOOD6p1d5i1Hjq788dl5FMdi04Ks5J2V9KKaqYHYHld3CzjKkNxhToazblba7keI1vibdPJyXJ1rHUchgqBmN30OPZPp5qi0VQrKNx05yQCpAdHVxOikAzjZV7Z2QE01U/TuQMrSpp9nKWJcM9e6T6sp7vTtilkAlAxutSHZB2XgFNLVWWobV0zyWHB2PIXq/SnVlPdoGwyyASgY3KRbVH0jJdTzwacuJXJGRTxOgqGa43chcyPVdWKcH7M2XF5PJesegH2KolulqaXUEpy+MDPhnv9gqKx3g9P1wkcC6CXAcM/T7r3rAcNJAIPIPBXnPWvw8ERkuVqaXQPOXxBv0n1HsvKeY8XG2LlBH1D6R+qpVzVN7xjpl1bK+GqbHV0zw5rt1srfctQGSOF4HYr1V9PVghmcTA4437L1S3XATxxzRHLXN1DBXyPynjJVWNs/SPgfLrVQUcm/hqmyN5BB5yoz4suIbwSqqgrcgAk7q1BBYDlecup2M9ZG3cSaGsmt0mCS6I8j0V6ZWVDGyxnIIWXZM3V4ch2KmwyT0eCx2WeixShkYaCKd0ZA5VlDUkgZwqWCpjnY17Dn1HopMchDc4490KWGRom1tFHVN1sGHjcH3VHcY6W6Q/KXJpjnj2ZMBv7K3hrMkNO65XW6O5RZGGvH0nC0U2uE1NC3FlVRx09xpB0R1XGyTW1zYKhw2c3/VfBH9rL+zxX/D+8m/W+kLqeqcfOwYae4/+X2X3fZqj+MOPSPUDvCq27UzjuN/fb2Ui9dP2r4hWSr6K6tpGCpEQiaX7+LGAd2j1HPPdex8dr5QkpxZ5nyOijZCWnn+LX/Z/tH41tlDvRSWSDkL0n+0J8Gbl8Juq5LfNHmldnwZGjyvb2/P1XlbJAMBfS9FrI3wUo9nxvX6GehtdUiyjkJIU6F5ICqIpDkKxhlBAXVhPJzLYFnC/hSGuGFAhfkjZSNyBg4Ttxz7Ihyd8gqwtE/hVG/BCrGnA3KNTz6JA7COuXOTPOr5Fhm6oJ9U4II91GvMbGyEtGMqFaawZBcVZVmKin1Y37FbV96OY4/FLBRHlOJwuk90LOr8kDxjk0Q+5ZHtOrOUGRoRY+6Y9KmglwyHKNJ42K0fS9Y4uEZfgtIws+/fkcI1tqzT1TXcAbFcjX1boPB1/F6p6e5PJ63Sv21FVt4p3HFQBgE4KVqqvHiD9WQQFOrMTU3hheQuhjg+r6S3fBSMyZHQvDwdwdl7P8Ob+KugihdJlzAG/mvG6iLQ4jHC0XQd0dQ3JsLpNLHkLi66nfBv2eh0GqlTNYPoyCTUGvBzlWEMhOlZy0V3jfynEcZHurmKUagvKWww+T3lVvCZbsO3KId1DilyACpIeCCsq4Nae5EW407KilkZIM+VePyMZSXSophkMc46R6FeyyN1Dn8l5X1bQvo714jgAJNxgLoaSzb9pz9bH7dxXzxtJG2Vl75RF2oln7rUg5UC40zZmfTnI3Xa0trhNM8/rdPG2t5PI71ROY5x0YWTr4i3JHqvUOoLXhmsM5OOVgbnAGzvgIwQMr2ugvVqUWfKPNePUMtoo4qgxHGRutj07d3SRNpJMYHBz+yxNVE6OUAqdbat0ByxxBHddaVe5HltLqp6a1I0l8ozDMJ427E5RbfWMmYI3HDgrCmfHdLYNgXBuD91nSx1FV6SCADsuNrKWz2VFjjPej1f4f394qHWurky148mTwVouqrA2rpnvAGcLyWjqpIyypheWvaQQR6r2Xp68wdQ2xjch0jIwH5Pf1XEtrcWev0OojfDazyiOWey1ZiOQA7v6LeWS6eFNDVMf5Hgd+CqjriykEzxs3ac7Kk6cuwgHyk7jzgH0KxW171hDtLqP4lzrfTPoa3VrLlRNe3GtgzypjHEb53C8/6avboGtbr4PqvQKXTVxCRp+oZK4Gp0zzhHr9Jqk8M0NiqPGj0eivaOTXKIysNQ1T6Gvbv5DsVqHvl8lXTnIG7gO6419W071Nu9YLSspSyTWBsmRkgYG6lU9RFcqQmM5PBHcFRo3CJ5jkGDnCz4wOJLHD0XdGe3K4zlFLmlowOELs5FtZPPOt+nHkPqYGAtfvt+EqlsE77vQydM139/CDJA5x3wOwXq08LKmN0MrAWuGF5T1RaKiy3P5inc5j2O1Me3Zb9Pd+zHbHnJdWA01+tNZ0PfZN8EQB3O3Df818o9e9K1/SnUVVbquAxhr3aPcZX05JVRV8EXUtHJ/vdKR42jY4HLlF+LfS0fxS6Qh6htjIv4lQR4lGMOkaBt916XxWtjRZiXs8z5jST1C3RPh3qSgMM/jtb5XcqjyPVei3ag8Rk1LLGQ8Z2PZeb1UD6WofE/PlJX0XRardFI+Nef8d8Nny1rj2PyPVMIymEkjOU8HK7FcuDy51JJJMIPTXJy5jKvOCD0kkk2LAxkekmJJ8bEiSjgIMZ5RGnHdCXW5zhFKxMEMfNvhPjqaincHwTFpHdCacBOwRwmwsa4BcVLhl3b+sb3SnHzRcO+VoqD4lSABtS0uxzvhYNrQmgNBJ9VohZOJks0FNnaPXrd1/aKk6ZXGM+/CvqXqK0T4DaxuT6FeDMwD6I3jStAMcjmH2KctRL2c+7w9cumfQcVwopB5Jgc+6OZhtjBBXz9TXm5Qkaap4/8RU1vVd6ixmsefu5EtQ12Y5+Fln7We8tkyMjCeZgDwvC4+uL7H9NS/wDMqQz4iX5vJb+SNayHTEy8Ncumj3EPyM4T9XsvEh8Sr4B9LU8/Eu+9g0FMWqgwP+Daj+x7g1/fCIXZ7rwn/wBpPUm+JWj8kw/EfqZ23jt39lP5MGB/wPUftHvWvtlPMgYMuOAvn9/xA6nk3+aDfsgSdWdRVG0txlI9A5T+SReFt9yR9DNuNGAdUw25UWbqiwU2RNXtaRsQvnmW53Gdw8SslP3ekZJXganOP3Kr+SNXhkuJM92qviL05TZPzYeAqOt+MlGGE263skwcAkYyvJhvnO67HAT2wEuV8n0aYeHoisy5N9XfFrqCridHSMjpg7nTuszX9UX24M8CqrnlhOcA4VY1uk8p3KpWN9ja9JTU+EPaC5u5ynAnGAiU8bn+XTk4UyntFXIc6Nj3U+RLs6FdEpcQiVUjSeeUWngfJsGndaCm6dGQ6c/krSnt1JDgeGM+qF2J9GynxFtrzJYM1T2SplI2wCrqm6cigAfLyrURhuzE9kMjz/Mbt90Dlk7ml8PCrlrJCEcNMQ2JgUhsD5wNLeVNbS0o8zmbhHbNG3aBuSEL5OzVp4x4SAUtj1kGfYfZWkVDQUmDyUGI3Gc4Aw1WMNv1gGXcqG+vTr0NbLgYib+idHT1MrgZzt6KYyiEeMNUuOIkDKhsrpyBht0IAJG6lR07GbAI0TAdgpcVMMA9/ujNHxpIiwRbjy7Kayn4PH5plRUUdvhM1XPHCwf1nCxHUHxettBG+C0tMkwONRGR+SFySEXXV0R3SN3VVlDbIDLWS6MDYeqwXU3xat9PE6ntrnOfwcLzK99X3i+vJq6qQgnYasAKhEL3uz3PdLlYee1PlpWf7XRdXjqq53iQmSdzWHtlU/gOleD+6kQUbnEZHKs4aNsWkpbk2cyc53PM2RKS36sFwVpHAyIBNL2xsGANlWVl42LWjgqkmxM5qvsmVdbFTt2/L3VPWXOaZugnY84USaaWofqJKTIiCDjlOjWYrdTl4ixzA9x3Cm08eMHC5DBxkKfFGMA4T4VgfIlzk7HGMb9k578jGEmuDcgjCa8t5ytKqM9up9I4STueyjSzbhoT5pDjDV2mpcOD3jJ9Mp8KzHbczsETickKcNgB6JNY0NGBhO0+6fGDRhnY5MYAe6eB3SwF1OSFjl1JJM2kHJJJKACRqeAzHAXIYXyyNa1ucnCk1csdDGGjGvuEqcscDIQ3d9BpaiC2wBse7jz6lUtRO+pcXvP29kyWodOcuHCRbgZJWeUs9j288R6AlridkKaoEDcOOCUyquLISfDOcbfdU1RUvqnFzkmyzC4GQqz2GrLhK86Q4hvsVXk5OSukdyV0sx3WGyUpPk0xiodDQMnCkRUskhBaNkentsrmCV+wUw1EULNDGglAkXKzPAKGmZEMvISnnYAGtwhSTeIcg4UUhzj3/VW3jgFd8j3yl5zyub44XQw5Ckxwk42RRg5FykooDGwuO4U+GnxvhOhpwADpUmNuOy0wrM055GMiDcYb+6kNGw34SDDjONk5rAVpUUkZ5TyPDQE8gAZwlkAblDJDOVTlgX2xB+ScBI4A3IQXStaDthV1bXhjSBulytSNFdbfRIqatsIO44VHcLhqaWggqLWXBznbE7hVxkfM7JK4+s8ioZUX0dTR6Cd0sD5J3SOO/K62MnfC4GozTjGy8pdfK+blJnsNPpI0xUYiYzjyqWxoAGEJrQSDjdGHCVk2xrZ3lehdBdOmYtqJGHAOonHPoFQdIWD+K1jZJmExg7L37pHp+OKICOFoY3G2B7LVUeo8N41zfyWGj6ZtjaOka4tw5wyrsnAymRhkTNIGAEOapawYHdalwe8qjtiMmnIwCuR+Y7qK5zppMkbKWwANBJ4VjW8Eg7ADOEOSURjOx/NDllz3xjdZHqLqNjM0sDiSMgkHujSyZrr41xcmwfVHVDG64oD5vp2WSpaeWqe6eZ2S45AKdDSvrKh0kzicbhXdHQ6cEDGy1V17meb1F8r5ZY6iowxoAaFZNaGjC5GzS3AbhNlkDB2/Vaox29GboeXAAknhV1bcomN0tO6g3K6kZiiz7lVYL5Tqd3/ZVv5AlPAasrp5zp8Q6fZQmtOcEo4YTwjQUMkuDjZEL5mMpaN878N47q/t9uiY4SOaDpGAP9UWktzImNDR23U1kYaMYRJ4NFVT9jRG1nAwhVEmwATp3gkBMZC5xVOSwbYU5ABr5DwpcFKTg4Umlpdt24U4QBmCAs07MGunTpEWKlDcEhFDWhuEaQBg4woMlRg4A2Sd5rjUohSADkFLU0bZUaSoc7GyaA92MJU7MGiESZtg4OUMl2dilDE44z2U2Clc4gBqVKaia4VZIgjeeGqRBQl2NTeeysqag8XZrd/uru22jBDpW4/JKduDRXp9zKm32EPc0mD81qbZYqaBzZS3cdlOoqZsYAAGFLIaxmvIaBySdlnstOjTp1E4YwMY4UOqusFLIY2fzHegQZK+atd4FviL8nHidvyU2ktkMDhMWh0pHmJCzytN1dGQFLRTVRFTV5AJzj29FZtjYGhoAAHZO8UYxjhBlnAwkykbqqdq5Pk8vLgdSH5WnO2VFNXq2ARIaG5VTiYYPIeHEr6TClRPyDq/Maaj85L/AKDnzNA23Ud1Y52GsblWkPTL3EOqpsY7NKtYLTRRafDi3Hc7qSjGPZ5vWfVNaWylGaiir5txAQD3VlTdOiTElTM4E8BpWgZG2NukNGFwtJQKOejzuo8xqdR/U8EKmtlJCMBhcfUqaI2geXYLujT7p+CmbUcyyyVvMmDOD2TsBODSdwERD0CNLW4OyEeUc8H7IBByjRTOJJ6SsmfQxJJJQoSSSShBqSSShBi4eEshIkYULSGEnOEHlFdygOka3k4S5T2hY5wPxjfKHLM2IZdjdAnrPDBwqqWommcdbtllstOho/H26ueIonVNy/DA7BVNNLNKSHyZyjtY4n7oraUnBwsdt57bxv02ozTkskKOmOQ7G6lQ0pBBwpUVNjAx+6kxwBoG3C5+o1UvR9B0HhoUYm0RooQ3AwjsaAMhPw0bLi5tl7m+T0NdUIfih2AAhnlEJGEB8gbnukNtmjKQQHnJUaWbbA3TZJe2EBu5O6kYOQuVqGyPe9wA7qXBTZAKHHEAQ5w2VZfOraS1AR0xMso2LW9k6NEn0jDq9ZVpo77nhFpW11Ha4zNVSCNgGclef33revuE7oKF0kFN6Zzn81VXOvrLpUuqah3mcOBxhR2MI5HC6Gn0+3lnz3yf1Fbql8dLxAZu86ncnkp4DQ33TsDsEMA5XQjXg848t5Yi05SDXZ4RmMxgkImkac4V5wA3gE0YAz2TkjykqLApIml3ouJoWBJJiShMiT0xPUIhx4THHAXS8YUWebIwEm18BHXTDJCAS4pBric4z+aO0ABZ3lsKLwDwfRcLXHspGkei4QMJsY+yKYNJdIwuHcKwhqWCnCLJzhFDO+FNpAWn2S0+yJ5UjpwrwTINMOy6eUJA3gsefMhvI7/5rpdjclBwZMIHLBaH6i84HdEDcALjGgb4RGu1fkqLk9vQ1DldjGO6eXNwVFe/CMKJ0vOd01x1YKGTk4Ro4jIQAOThWueENeEjtPE+aTQwK/poBTwhpO/dDo6SOCJuG+bklHcQBumxRitnzhA5dty5R3O9EqhxLguNaO5TOhKE0gA5KFPNgjCU7txpKa2M5yR+6TOeeB1aHMaSc4RdAXGABGiYXFRvHYaTfEexjY3agpjYg3AxunRxgNGQtF0l0xP1DXsYyEuY04JWS+70el8b4+aa9zYfojo+a/VYf4ZMYdjGO6+henenqWw0TImMaHAbkdkPpjpqj6eoWRxRND8DJUPqfqSOAfKUziXHkhcy2w+o+M8dDTVKUvzF1N1G2MGion5dw5wWWggkqJPEkOpx9VyOKSaTxJdy7fOVfWi3OcRKWgNHr3SHLJ24R5JlDSw0FIZsebTz7oVPTurZ/EeMhu5zxlSagGpmbSxnYbJtzqae204giOZCMEhJNUYJIi3OvZGDT0xx2cQotutprHl8jsBu4yuW+hlr5httySVqI6eOCNscbQMDc+qoMZFBHFGI2tAwNz6qHcKmKhi8SQ/kpNdWQ0EJmmd9h6rCXW6zV85cXEN7BRvAucsDbndpa1xa0lrVCghdKcNGU6CIzStja3Oo7rXWqwxsbqOBg9+6TOeA4Q3sZY7O2FollYN991pII/MDhDjj0ANzwnSTBrQ1vdc7U3pI6Ono2vJ2qqTD/Ljd23T6O2ySuE9Q73Awi0ttGptVU753a0qzjZnjgLkWag6cKzkMIaN12WYMG2FyebwxjG6j09PNXTiOMHc7n0WG27JpUcBKOgnulRpa7bO5W6tlFT22ARRMGe57lBtltht8DWRtGojc9ypEjsEYXOtsyNQWWXBGyouob7DboHNYdUpaQGjlSbxdY7VTGplAIHAzuSspardV3+4uu9S3TFnDWu9FinLI5JDum+nJ7jUfxe75cCctaVtWtaGhjGhrQMADsgscyGNkLBgNGFySpawaSBkjOFQUY5Y+apZTsL3u+w7lQ6enlr5fmqoERg+RiLQUMtRIausHl/AxWbg0DjGEDWORwmBrWhrQAB2UOvukNEwl+C7s1NuFxio4i8nLzs1o5JWe3qqj5qqOvHAJ4QuXoKMcikfPcp/EnkxHnOMqfT0ssr2Qwx4aRz6Idvo5aqQ4bpg757rTUlOGcNwrUWy30MpaNtM0RtG3c+qmNjaxuSQAFyYiJus4AG+SVgeq+tXea2W45JyHuBRpGdv0WHVXWdJRt+Von+JKcjLexXn7nVNdP8xWSGQ5yAeAm01LLI7XKM533VgyBuA0bYTYxRQ2NmoDyqTBRukOQCpFJRucR5dlc0lI2EAlqPorGRlutrWYke0cbBWWpsQGnGUN03hjGOFBqqgnLVAmsHbjdJMGFj9zzhVcbC45d3T3DU7UV1zScBuQpkE60aeFPt1HJVzBjW7dyj2qzvqHtdKzA5OewWop6KGnYBEMe+EDntLAUVnp4Dr+pwHBUt0jBk7Jsk7YWnfsqirrichrsFInPJETaqs8POcAKFTUtbeZTFSs0xHl5Uy0WKsusgNWCITvuMLa09BTUTAynYGjHosllqLcsEC02aG1whjWBx5J7qzYzBBxujsZ7IjGYPCySsyhcpYGBm3CK0OBwE/TkDDcfmn4CU2LyJozhPTgMbBdwUizks5gJYCS6OUI3oWCuIw06UI8o2gDianJqogkxPTFCD0OWURN1fnlNqqqGjhMszsALDXW91tyncyle9kAJwMrTVU28l4yOvF6rK+d8VOf5W4cfX7KncWxtJwAUZzmUzCZX6SRwqmasZM4tjcfuurRXgM7UVT3Za0coVLTuc/cH7qRTUbpHjG5WltFr0YfLHwnSe0KMckay2pusyPZwNgeFoqenbEDsiU8McYwyMD1RMhmyVKe4JJjSAAd0A5c4BOkJecBHhgIAeQEvLGpYR2GLSA4jhBq6psQGGj7I9TVRU0Rc8b42CzslRJUPOe5RhxicqZZp3nzZyiUdI4OBIwjUdEXODnKweIqdg23VFt44AvxEzcY/NV08xmdhEragvcGt77JtNAQcnunRWQZcBIYBsSFJaA0YCQAA0oL5REcHdGUOnlZTs1vKpZamaqmL8+VOq3zVc+knyj9kRsTWNDQEcI5KYLQXEbboxAhA1YH3KTnth3djbuVlL5fJaqV0MMmAPRdPT6dt5MdlkY8Njr7fjM80NAdxs96psYIJ5ShGnncnlHZHqXXpp2mVz3DGCSaRrGt+5Uhh8IYATQQwjSMZRqeM/UQtUYipSwPbk8jCfkMGU4tACrbjXR0keuQ/llaIV5MN923k7X3COkYZJHBo9+6wN4vsl3qvlo3ERcE52KFerrLdpjC3VpzjY/sn0FuEEYLhlx9uFurpxycfUat2LbBnaWjZE7ZgOdlZQ0m2oDCNT0WBrfjft6KQcRgaRv2WmMcGNQ9kQQkHSG4IRBG2NuqT6u5UzwWsa1z8F7huVAmf48nhRZwOSmpZHJKPI18gdtFuQix0wgaZZHBzzv9vZGihjpoxkDOMhR5nOetEINibbV0Mkn1O0gcqNPK2njdM4gY9Uyrq4qKF00rwMDZeU9YdfEGRjHnfYAFb6NO2eZ8v5qrx0G59ln1n1zHEZIaV2OxOV5nW109fMZpnEg8BRpauorpjLLuHcD0R2QO22XY0+kxhnyHy31Bbr84Yo2ufypVPA9x2aiU1KXYOFdW+iHlJH5rrVUqPJwo2uYCjtsjyARp75Vk6eC3xEveA5u+FGudzp6Fpji8zxsAOSVy12WouDmV1ycIw7doPojykaqKpWvgjNFfep3yMkMcI4Kl4orZDlzhr7uPJR7lcaK3O+WgII48ows+aaouU3iEktUckjpRocTldc31EnhUbjvymUViM7vFq8777q6orPDAzU5oyNz7J1ZVxM8sLskeyy2TyNVDXYOnpIKNmIhhArKoRsyRsoVddvl43OmfjbIWMunU09UHQQuOM42WK27Dwi2lBYL259Q0tK0uBDj6ArL1FdXXCbW06Wu7ZQWUzXND5zk8ohqI4m4a1IlZnlipTY5lNHpLpiC4Ickwi2ZgYQJalzieyAHlxyVns1UVxEF8hn10jstduEE7nK5qPGElhstlY+SYHAJLqSEsCiALiYoEGie7bdSGOzjBUFSInhp3RwbYE4YJYIxwn5HohByIDnsnoyyR1OwEhumHhMwTI7DUsNQiHZXMn1QYKwH2xgIYG+UzxCneIPRQmGEHHKcCBug5KWT6qm2uiYJIc3/5Sk5ze2P1QMH1SwfVXGX7JgLqH2XUxdyQmKa9lBUkPV7JB2DwjyiLhhdXsuDBJ2SBwMJawjyM3JhY4wdiOU80kJbnG6YHYT3SbKw3KMVyCfBgkYQzER2/dFLwDlPEzRgloA9VRScJ+yL4TvRNIwcFTzJCR5QMoBYDwoR4RGSRvCHol4O2cKFAUl0tIOEsFQAcl+SSShBYaeQloYeEl1qppEba5AOjwdghuYVMIyuSMGAEvHILsz2QgXN7oral7CM7rpjydgmuiOM4V8oNYkToK0nGdip0dQHAYws+A5p5RoZ5GkYcjVr9gTq/RcSUsc/nadJP7oWiqo3ZYdTfRNgqthknKl+I145ToLdyJaaZHfPBK3+bFpco7onN88Mm3YZ3R5Ywfw/ugOgfEctKMuMyTS3arpcCUF7ON1eU9daLm0R1MYDiMLPQ1D2ZE0Ye07YRGUXju10VRG13Ol7sIWkx0bJRfBZVtgq6I/NUIMkTvw5Vd83C93g1UWh3BDhwpcF9utvIhrmP0t78j8lcn/ZrqSEMqQKep7St7/dInWpGmM89nenOqeqOk5m1fT9fKWZGqPX5cfZfQXw/+Pli6hAoeoY/4XVNwNWMxOz/AJL5pqunb1ZyZaKQ1EHbQc7KFDdonPMU7HRPHOod1kt0meUel8T9Ta3xf2xe6P6Z94zx0VzgDZ4Y54XjLXcgjsQVTutN0s/ms05mpRv8rJvp+xXzd0H8WOpuj2Mo/mDdKAkYp3Pwcf4Sc6V9B9HfE7prq6Lw6WpfBUsGX08ww5v2Pdc6dEoPDR9S8V9RaTyS252y/TLigu9HWu8GQGCp48J4wVP0Act4Q6u2W+5t1vY0u5EjNnD8xuoQZdLSNmmuoRySf5gH3SFBZPQ78FkGN9EOaNhAJaCPQplNXUdWwSUryfVp5CO5pVv7Sm0+zB9WfD6luxkqKFrYpHb6e2fZeR37pivss5kmgdHg7ObsP1X0k5qr7pZ6K5xeFVU7HtPq1Pr1Di+Tz3kPCVahNx4Z4X091XNTyspLjK5zXbMeTwfdejUFy1MadiMcjgrK9Z/DWWgZJXUJ8SnJyWgeaP8A9FlrddbtYpsSl80HdpJyPsuhXfuPnuv8RZRLFq4Nt1t8K7N1zCK22E0lw0nL2HDS73C8AudqvfSl0fbL1SOgljJbk/S8eo+6+i7Bf/FjZVUkmoO+puVaXzp6w9eWp9uvFOHE7sfw6M+oXQrtwec1Xj1/Qj5lpa6enlbNTSOjeDnLXYK9L6Z64pbs1luujRDMG48UnZ5/6rCdffDi/wDQNaX0mqrtzj/LmDsgD0PoqCiuHj4GrS8c+oK0RkpI48lbTLno+hWt8MgAgtIyCOCFKEbJ49JaHFeZdL9bSUsTKO6B0kY2Eg3IC9FpJWPibPDIHxvGWkHlBKLT4NdUtxx9PLA7cZHqiQyEEDlSYpIpPLMUKropGYdTcFMrsbDnUprlEmCpLHAqTPTwXCHRIADyHDkKmZK5hAcdwptNWlpytkLzy2v+n65/6lX5ChlkpCaCtOWn6HlEoqurstWJonnTnsdiFMmp6e8waPpkYNsqsY6SJxoa4cbNcVshNTXJ5XU6Gyh7Zo9f6V6rhucLYZpB4nYlahj8/mvAaaqqbLO2WJ5Lc5BBXqXTPVcVyp2MlI1jYnKllSfRybaGujYAjPKKHZbg4I9FFa7g9iiNORysNlWOGITcHlGG636IjmD7hbotju+Mdj6hZ/pq91Ftm+RrHOMWcDPLSvWnt1YCxPWfSGxuFujy87uaAvGea8NG6DlFH1z6K+sHSo0amWMdMv6KuyRjdX1PVFzQOV5NZL/PARR1Tj5TgE8j2W0oLjK4NLX5C+SeS8fOiWJI/R3i/Jx1cFKJqZDqALThSaG4D/s9QfYEqqpKt0mGvxhdq4na9bOD6LgzpcXyeghdk0J8WB2uFxx7K1oq1k7NLj5gs3Zrqz/stUQQdmkqdLC+lf8ANU7w5uckBZbIDt2S7e50WZD2U6jrGnS1zsehVRR3anq49L24dx+acf5L9UecHtlBDKZHysneqrC6siN3oiW1VOMtLTh2R7plsrpeqKA1U7vBu1ABqLNnD0P7K6parVEAXArOXqnqen7jF1DbWHwmnNSwfib9u/ddHSalwkjHdUrOfZQ/GP4YWf47dCzWmupoor1FG7wZcb6scgr8rut+jrt0R1HVWG70r4ZIHFoJGzj3x9tv1X7AOkicIOorM/WwbvYOy8K/tWfAGi+LXTsnWHS1LE28UrdTogMGZgGzfZw3375Xt/F+TUbFzg8f57w/8mrPtH5txuGRjCmwTHYKumhmoqmSlna5skTixwOxBUiF+CF9Ao1CnhnyTV0uqbgy4hk4ypcbgQAqyKQHHqpcD+Mrox6OZKBNacjPqnNODlRwcp7dk1PAiS9FzQVJaAMrSU1S2WIMdv6rGU79LgVd0VUWAeyfCz0czU1c5C1mIZS0N2PCi6sq2ukDX07KiNuTtndVI2G6uWeyqeYhl1wyENOJGFQwA5owdlH2BJCknk/ZRiBklZboblgbCWx5Nz0zVskpmtYcEBaOOQuaMheedN1ToqkR6tj2W/geHDHqvJ6ynE2fSvDav5qU8kG4wBjy4cO3UOjldS1LJmnGHBW9whLmascKne3Bwdlxb4Lo9Tp7G+T2rpK7uliieZc5AW+p5s4eN8rwnom7mNwpnv3bwvXrZXiWnbvnC8nrqds+D2vjtU5wSkainmwBuFM1kgEHlUlLNq9VZxOyOVy5xwzv1SyTFievaDxWeOeW7tI7LaMGMqn6mon1ducGAEt3RUPbLJWoirI4PNISXMBPOFyZgc3GV2EOhldA4btJBUh7BpC7Fczj2QzwzM3ykZ8s7IyvMuoqAxvE4bu3Y+69kq6cPwC3IWE6jtul0jCzOc4+y9J47U4konifqDQuxZR5fcaYSxF7R5huqiCVwOFoasmGV0T28HCz9wpzBUFzR5X+YL2VU8o+Ra2vZbwarpi7mKTwnkaSFddQUQljbVQt7Z2XntFUOYcNcQfVb/pm5sr4HW+fGoM2J7pWor3dHY8Vq3P/AErGQbfWaQI3d1ruj+ojY68PlJMT9nBZG42+agnL8eQnIIUmCYOYCeVwtVQeu0N7qZ7nXxUl5oPHpyHtkbleT3m2yWuvdgHSXbLYdB9QxyxG2yncDbJU7qywNqIXTNAzjK5Eo7eGd/aro70UfSt48QiF7vM0Y55Xq1hvQip2se7I4Xz+x89BUksJa5hXoHSvUHzjBG54Dm/UCsGpp3dHS0Or2PZI9fe9lQwSxnJO4KurFdW4+SqSA/GNysdaa5rogxzueDlWbpCJI6qLZ7CA73C89qqOT1umv2yNfb6l9lumiTeKY4/P1WhuTGTRNq4NwPqWXpaqnvFK1pOJmNxzup1huUjZXUVQcgbYPcLl2wa4OopKXJaU8rXs2O45yjMznlR6mA08viwjyndEjla9uR+YWVx5yEScA4OFV9TWRl3oyGNHisG3urJrvZGzqGOEyubTEzhuPFKN/wDs9dnPkiL6Z4MU8X7ErRUWOm6+CsgOu3V27Wk5aPVpVl190vE6n/ilNHh4OJAOD7rOWO6xinks1x3il/unP/4buxHounRPPJjsrxweQfHn4ctsVw/2hstORQVTNYa3fSvnDqakY+XxoxuBkr73rqWGst83Tl8YJqaVpEch30+hBXyf8Vvh3UdK18hDM0surwnDghe58H5DMlGx9Hz36m8U51SVS7PGMFdGxTnNIcceqaBlw35X0GuyM4JxPjN1E6JNSDDhdXAey6nCRiemJ6qba6IIchFbvshJZKFWlokiPVjA/dd8E42CBHM+P6SpEVW3OJEz5TRUoSeJC+Xcey6aZykte14y0ZXeN8K/mZs/jVyXBG8Ig/SnBpAwCpAOfwp7WjI2TI3sn8OBFETuzV3wJedAwp7WtxkNCaXFM/lSiwX4+MiGGOb+FdLD3CneGP6V3wWnYtTI6xf1C5+NXpldgLuBkBT/AAIjv4X7rhp4iP7n902OqrkZ5eNnjgiBoK6GAI76J/MTE35Oo/oTFfW+jHPRWRfQzS1E0x+q4KGoPbH5oooZfzQ/PED+JZ+mDDGjvlPDWcJ/yVS3bw859Cix2yodjtlMVsfZFo7W+Isi4YiM0j0/VT22ic8hTIrLgZMYyi+aP7C/4ZfP0U4BLgpDRkDZXkNlaTvHwpsdvpgMGMKfNH9jq/D2v8ngzsML5XYawlT4bbUuwBHhXbIIm4AYNvZSBjAwMK/mNtfhof1spYrFO8/zHBoVhT2SlicC7c91OaSnaj6qOzJrr8Zp4ehQ0dJE3+6BKIxozsdkmZ7IscbnHytyUDk2ba9PCHEEdDTgLuB6qRDQ1Mo2YpVPYwTqmfk+iJTwbIUyl0QWPAxhuUZkNTPgRAgFXNNb4YcaWg/dTBCyP6WAZ9FFLJqr037KmntEj8GY5VpTW6nhAw3dSmxkjhPjj3RZNddMYejsUYbwNkdkOfZEjixz3R2MbyTsOT6IsjlBR5BMj33HCkMhYMB4/dQ669We0Q+NV10bCeA44ysHf/jBE1rqey0gLwceK/cfkEErFERZqq6uz0eprbdbIHVNW/wmN5JKwXU3xepLdE6KxtE8xOA4jOF5leL9dL3L41bVSPPIGdh9gqwQEndA7cnL1XkvkjtrLO79U32/PL6+tkdqOdOcAfkqoMkc7O5PupUNK7Y6dlOgpG7ZAygcmzhWSnPiTyQ6emncR/L2VjBRg4yN1IaAxoACG+obGMnCIU8QXI9sLYht2QZ61jfLsVCq7oSC2F33VRJPJKTlxRRjkzz1UY8RJlfcZXHEZHod1BL3uOpxzlNaC477ozIz25T4wOdbbKUm2OjaTjKkwQl5SghOAS3KnRMEY4WuuoxzuUR0MIa3fZPDhuMJO342QHuPotMK8CZXt8ILM4AZBUcSPedIb+acAZCFKgg04JCcoC3ZgHFTOID3YUqNmMIgAAGBjC6mqOBU57kOHC6kkm4EMSSSSgQkkVJGQS7E0yOGkZykyMykADk4Uud9Ja6UHOZuyXOeEFGOR81RHbYgYiPFc3fPZZ6aeSaQvkfkkrktVJUPL3kklSIaeKBgrKrYD6W9yVklL9jIr0gUTDnLtvuoF0u4ANNT8/iKjXS8TVEzg3LW8Y4VadyT6rLbbHpGquseHvfyc4S2aMkpheGHGOUemoZq94awEA8lIbcmObUAHmlI0jP2VjSUMcAE9UcZ+lqkRMpKCEt0Bx4USqqdfbZDLAvc5Pgky1bOIzlVzpC5xPC43Lu6eBkoEtwaWOWcAOeURsBzqxynsgLiDhS2QYxsnRr9sXOQOKEY3UqOMDjZdZGUdjHAggLTCszWWM4xgOyM1mCDhcaATjhFy0crQo4QlzO4AHCETgnZFcQBuUB50590EpFJbmOcMYw5Bnl0+m6FJU6M59FW1lcCNlituwPrqywlXW6MgEbqirq0v8uU2urSTsVXgl7skrha3yCjLbFnc0ei+TseS57slPY3G+FxoGyMG4AOF56+6U5tvk9Vp6Y1QxEQaccIgaG7roaMYRACeEj5DZCOTisbRb5rhUtjizgEZKh09PJUTsgYMueQF690N0pEGsIgzj6jjkptUdzOv47RS1lmEXvRHSwa+MNZp4/yXrFFRMpYst29FX2W2w0cQLWaSf8AorSSQYAHZdCuOD6Jp6IVQUUuhssmnuN1F1ue72TJn63AAp8TcDJ7pno1dIIz1xuiuOBjOAExZ7qTqGKkjMMTzq7keqiE3WxjFtkfqbqLQ00lI7BOznLJgSyyanZJPdOAlqnmV+5duragpA3Bc0bLXUuTh3XfKxUND5dRGFZR4hACYXsgYSBsFU1t1/DEcrTu2LgyuKJlXdmwZ0Hj91RTVdTVS6y/SD2THiSeQvkOR6JwjaOynyZETWThYCN+6a1hPlajthc44CnUdvMhBe3Ge6oqurd2RaKgmkfhwwOcq8o6FrCDjCkUdCAAOFPbC2MAhE3g21aX2BEIY0eXhBkkDtgj1MowGgKLHEXvBKU7fRsr0+DjYnSOzjKmQQhm5CLTwhjckIukDfKV8mTVGlITA1nA4SfUFg22IVVc7uKVpEbs52H3WekvdU52rUUqUmW5wjxk1bqmWUlp3yoxaSdyo9uuDaqIEjzAYKs6eB0rgQOUt2YNNUPk6BMgLj9OVPpqQ7eXHupVJRDLchXcNu2bgY90mU8nSq0zZUQ0A2AG6tqK1u28RuxVnSW2IjU9vCnMhAwAM4SLLToVabaRaa1xswWjGFYiMnAATHTwUkLpZ3aQ1Vf8Vrrs4U9ogfHGfrkeMDCzzt/RohTgsKu5R28uDm6iOADuVHgp7ldHiesPg0pOpsOfNn39lIorFTU8gnke6aTuZDkforQlpGSs8ptmyqs7SwQU8TWQtDMZ4XJ5cYAam7g4zwloLuQkymbIx2jcuO4TmwlwGVKhpScEgKS2BrQNggc8jj5egs1vp3644G59wpga1jcNaAPQLqS+qLJ/NudjmCDBnOEQAYXcb5SQy45I/wBixhc0N9F1JXFhnNI9Eg0A5ARElUm2Q5gJqemKMsS5pb6Lq4/6SiKBpJp5XEQIk1OTVCCSSSUIMXDwkSAhF3KpvBaWRxJzsVzV7oLpwNgoz5gchInMdTVO6WIEieoAGBjhV087jsAuuLi7OSmhuSFktuwex8Z9NStxO0E4OfuRn81zwe5Ck+GF0RbrFbefQfHeJrrjhoAyHONsKU2MaRsuiMc4T9gOVgttcz02m0kKcJHGsA9knu2wEx79wEmtKxTbbOiooaS7lInCIdICiyOx3QJZCfB2SXT3UZ8meEOd7nEBoXYqeUeZ42RxryZ52fofg8pj3wU48SqlEcY3Lig3W601qpzLK4Fw+loO5KwF2v1ZeXFtS7+W78IK10Ucnn/Jeaq0q2x5kWt/6vkkDqe15aNwZD3+yzwe6TzPOXHkobmZwB2Tg0DkLfGrasnz7Xa6/Wy3WP8A6eh+gJBrQu9kPdx9kyMDmJPoROVzARW5xvyupmcBHA1o4C6kkoQYu4KQ5RDp0qFt4BkNAPr90E8lOcd9jsmAYRFpZGpJJKFj1xzgG4yE3UMFR8nJ3S5ywGlnse55yQEPS7Vkp4ZgghPHphKw5dljQ1dEXsnhnfC6NkcYYK4GAYSJTiRgoLCXE7I+imxPkwcAJRx4IJCeyIc4XSTwAqCUsjgE08JZQy4YQzltCEScrjicJp5XNSTvLOHlDeQGnPdddloyeyE3VK70VSZZzdzlIaAxoSYwAZI3SQovvgScSMcobnDcZ3QiTk7qy4rLE4nJQTyiE4CGeVaeRiwhDc4VvbaZ0f8AMcBuNgVHttGJCZnt2GwBVvgNbgJta/Yi6znCOZ90Gd2OCnEnKBI4OPK0tJGdc8i+vtwhyP2KfrDWnKjOyTsUqbxwGl7Osy5wycqSAAAUKJo77lGCV+PIceXg61uXAeqnQQaMEhMpafH82QfYK3s9oqrzVNpqVu3d3os91uD0nivGucszXL6JHTfTlV1FXtpaZh0gjWcbAL6H6S6Soum6FjGRN1kbuQfh30RFYbc10sbfEIDiSN/uSidWdTxUo+UpnEu3yQubbZk+l+J8XDRxVk195zqTqSOkjdTU0mXnYkf5LHxNknm8eoJcXbgHsokHi11S6aU6sHPOyu6Oimq5WxxD/mPosVk2z0MIZJdrohUyYLchvKvpSI2imhIbtyF2np4bfABgav8AMoTXiMmrm2aOM90GTVGDQpHst1K6QY8Q9zyqGBlTcqo6jq1cn0XaysnuNSGjOnOGtWktlsZRwAPAMh3J9FBw6kpI6SIRx7ep9USWeKEZkeAnSvDASVi77eBUPdDG4jG2xUbwBOe0i3y6TVtQ8GTLQSAB2CqGlziAGndca4l24JJWx6dsfhtbWVcQ827WlInMCtOyXA7p+xiFgmnbu7fcLRtaAAANgk30AwBwnAHO2x7LDqb0kdfTUcZY0j8I5PZSaO36CKipGccNPqplLbY4WfOVbhkD9UzxX10pc1x8PjGFxNRqMnTpqQRpdUP0t+kfsiSytp2gNaCnPMdJD7+nqVBjbLVS4zyVz52ZNkIqI6OOe4TiOIE55PotlaLRFQRBxaC8jlMtFphoYWuLQXEZyrF0mkHAyslluAm8nZJAwKDU18dNG6STtx7rlTPg5wVm6qeS4Vnga/Lxssc5ZDjEjR/MdR3MyVBJpo3Ya0cLTaoqONtPBGM42aECOGC10uI2DIH6lDhfhpmmzqO5z2QDVHJJfViOMySnGO3uu26jqK+X5up2YDloKBT0U10qW4I+XYck+q0zdFOwMY3YKglwMA0jCgXKvZTREZ/mHgLtzukVDHrk3cdmtHJKz8xml11c7sk8DOwHolybYY6d/jYkfu88lSrZbJKxoleSyPP6rtotr6yQVErSIG+v4itPAxrcNaMNHACFLktywcpqVjWNY1oDRxhEnfT0EJnmcAB6lOmnho4jLI4NAXmfV/VUl0e+kpSfAGxcO60RQqU8C6r6yqK+WWgt8pbAdie/5KgoaEPeZJB5mjunW+h0gSyt54BVhGxrdm7JsYLAtSyc042AR6Ole5+dKdDTOcQSNlcUsLGYBABV428hqWDlNTCJoyN1JztjGEXwdIBwgSuDdglzlktg5nYxuq+V2+++VKm82N/3XIrfLK4ae6rJZGZE5/AV7abGdp6jGT9LSFJttrZEQ+ZoOOArUuaFTn6KGsg8LBAAyuTTeEOMps1S31VR4tVcKk09GS5x/RIlMgWtrHPxHHu93ACuun+lTI0V1yB8xyxnorSw9JwUULZqoCSd2+42HstCIi3AAwsV1vpASlgFHCGgBoAA22RmMOeERrBtlv7orYwQCG4/NZJTyBuycYxpaugBuwCMG7bBLBSnJ5FSeRoa0cBOwV0A5TwPVD2DkYAcp2NsruAuq8BAiPRLBRMBIgYVYJuB5K4unlcVBDUkklAxINXVRUcJllcBj1SqaqGlidNK8AAZWBud4quoq11LSHFKNi8nn7LTVU28kO3S81F/qXQQOLaZhw4/1fZNPy9FTnJAwNvdFMVNaqbBwAB+ZKz1bWSVMmojy9guhVVgbDAGrqXVMuouJ9ESmoy9wcBhDjhL3NOOfRbCy2d8UbZZgAXbgei05UUECtNlly2c7D0K0jIgAOMhKOnMbQA3b7on0glJsnktIHhrPyQZCZHlw2XXOMjtuyKyLPJSXnIxLHLG08Oo5I2CLPKIG8BO1MpmFx9Fn6qrfUvJcTyiXIyK3Aa6qkqJSNRwiUNK5zgS1cp4A9wBH5q5hgELAS3KagpPPA1rWU8WXDB7e6qq2rJdhu4Uq5VRLQ0bDuq+CF9RJkHHuij2ByOiidKdbgpjY8DGERsTWNGG4Q3kYJynJ46BeZDZX+GMghQZnOlfkJ8pMrvsuOGnYJkI7inLAEMA47rkjxGMk8boj5WsaXOcBhZO93sVDzS0zvp+ohdDTUSsklFGe26NXZHvl7lqpXRQyYA22VQxpOSQn6Cd87okYDDkrvU6dQOZZapyyPiYXdkQu04AGUPxSSGxHHqpdPDjDnBatmBTsR2GmBbrlbueEZpDRs3ZcLs+Rp45KiXC5QUEB8UgOI2TIVuTEW37eWduVygoYHTSuGw2HqvOrtcqm7SHQ9zQTsMpXa6VNznOHHRnYeyPbbc7Z0pGXcey6FNSORqrZWNqLwKhoWNaDgF2NyrmCl04JGCi0tGyEB5GcfsiSOzhoatPETLXV+xrmlrdLRlMbE6HMszPtlFAwNR2wor6qSud8uPo4yolkbL7TuqWul8ONvl7nhdEMVNsxu6WRTghv6pjhr8xPK1115M1tvpHJNTiNlBu1zp7bT+LNgkg4BKi3rqOKzwGRzxjBAHqV4v1X1lVXaqfHHK7G/B2C6el0zk8nkvN/UFHjYPPMv0Sureupq50kEDi3cgYPZYYtlqZA6Qlx9SjCJ7yCRkqXDCG42Xb0+mwz4x5Pyduvtdlj4B01KG4yFY01OHEbfmiU8AOMhWFPC1hHC6MIKKOOlulgVPSacbJlfcDSgU1MA6Zw2aEq24sicaSj88pGymWi1RULDdboQZ3DLQd8fZXOW1cHV0uhnc0kCs3TxJFzu53G/hnsi3O7OmcYKUDR9LSOAiVlfLcm+DASxnf1I9F2itj4CHPxvxnsszmeho08aI7YlZTWeWoeDNHn3Kt2wU1C0Y8p9EWe4xUzvDhAdgblZ663Roa6aeTGOAlzuXsOUUuSxuFYXR+HEdI/EQsddupKWgDmgh7hkcqivXV89UXUtBKRj6is82GSR/jTkkn1PK51+q+7bARZPHCJc9wrbtKTJKQOeeAiQNhpxqc0EjhR45GN8ox+QXH5ePqwssrmuTM3u7DS1G+GgKM5xPdMwfVdSpWSn2C0Ox67pAYGF1JZiDsBNTk1QgFJJJQg9JJJQMYuhxC4kouCmSY5ScZCkg5GVXA4OVLilBABT65iJRyTG+VOznshsfkYwiNWxYwANc0AcIRGN8I7k3AQNFN4AN3OCu6fddczPCTRgpeATmgpaCigDC6WgItmUVkHgpDlPICCeUiS2vKL7DAjHIXVGBOeUZpHdFGW54Jg7gpYKIMfmuloCMrODmr2TQXZ3XRkEIrQ3GAiU2yjgdjuu6/dcbucAJZCLcyPnsRGTkpIeR6JZA7Kt4OAucJZOULI9EsgDj91amXlhxLjsn6xjGFEMh/pTxNk4wiU8hf5CkA9lzATNbfVLW31RN5AY4w77LhhwMp+QkdleRgHSWnhdEpAxhP8UZxpSDWkZwoQ4upJIRRxcLc905JUH0R3RBc8IgZ9VIIykBhU45DU/2R/EdGchS6erJwMhR5I+O6Boc0kolKUOgWlIuRKJO4SIz3VXBO5rt8qYydvBK0Rsz2KlDaHdG08bIQbjcFHa4HuukYTSk8BKe4SRt8OZrZmej+yf8AJUVaf9znMFQeAdmE/dRtPumuGACDwg2hqxl1R3W/2E+HKC+Mc5GWkKyYeleqmlk2imqsbuA0glUFH1DXUg8F4bPEeWyb7KziprJe/wDsEzKecf8ADPlyfYoXyaI2cEG4dMXvp5/j0bvmoDuC052T7V1C7xmOke+nqYT5Xent7q3obr1T0lM2SWF01MOxOchWD7Z0V1nH/ujGWyrA+jGMn7/+izWVqXDHV2Ti8weDe9DfGq62l4puoA+vptgJQf5jfXPdy9wsPVdl6hgE9orWSuxl0R2H2c1fFtws1+6WcDK4zQg9jqAH3VjYetqihmZPS1b4ZGnZzXYWK3TqPMD2/h/rK3Rv4tXlxZ9lT2+hqZPEYx1FUHfVGcNJQTW1tA9kF0gDWSbRyh2QT77LzHoT41Q12mm6kLnBmNM4xgc/UvX6Wot91p/EoqqGoikG7dtx9lgnXPPKPpWj8rp/IVK2h5/aAhwmaHxkEeoKWnfBQJLbUQSa7RLsMl0Dz5T9k6luEcrjBO0wVA/A/YH7KnE2q3I2aIPGMZBWN6l+HVLc43SUBbFLzg8FbpzMpaCihNwZn1Onr1Mds1k+bqqlu3TVdJD54nRu3b2K1vTXVUde1scjtEzNiNWMr1O8WG2XiExV9Mx+xw7G4/NeM9UfD282SrNfaWufGCXN0+meFthqcdniPKeClp/9Svr9HocclLcITT1MTZGuGC17QQQvDviP8E661Pm6j6Ra6eHVqlpWt3YPUH0Wu6Z6xfJL8pXExyMOnfYgr0m3XGOeMO1g4HbuttWoyeSv0UbuJdnyHbLq9pAecArX9OdZzWapyMvhf9bC7Y+49CvRfid8EKbqIOvXSw8C5bnwcZ8f0avn6Rt1tVVJRXSmdBNC4tex+xaQtqsUlyeZ1FF2lswfS1qraS90rKuheHBwyW53B9FaRS4b4cgwW7br5+6Z6rrrNPHNTTO0tIJaDyvYbF1db+o2ARHwqlrcuYTjV9lFwaq71jEuy4q7e2c+JC4Nd6dioDS+J2hw3HKso5ScBwI+6JNTxSt1uaM+qOM8M1fFu5IlNVmPdWb2091pwx5AkA8ru6p5IXRv2GyNTSFg4wtULjBq/Gw1MHFjHxVFukMNTl8Z9eyn0NTNTStqKSXYbkA8j0U6kMFwjMFSGkgYBPdUFRQXCxVbnxNdJAd8dsLdVdu4Z871/jZ6aTjI9b6e6wimgZDVO8w23O61MNWHgHkFeK2q509U1r4zpPp3BW7sd6LYmxzZd25R2QUkefupceTcskDt0XIc0AgFVFJWNkI0nKsmbtB9Vz7qfWDMpSj+LwYrrPpQZNytsWHcvaP9FSWW8VFODHIMlmxBXqbsbZWG6o6YFI51yoItTXbysA49wvF+Z8JG+LnFH136J+tLqpx0d8v8MurVdYqhjXNkB/zCvYp9bACcry6lmmgiFVRgnT9Tc8rSWHqSOoeIZMskHZ3dfLfKeLnVJuKP0Z4vykNRBKTNTUQEnxItiN8Kwtd2y35eodgjglQoakbZA3QqyHWfHg8rhvhebsqZ34WFzOXx4raE5Ld3sHp6q1t90grIhn6uCCsxbbrok8OpGO2/dSKuKaGU3G3yYH4mjuszjgb8hrYphG7U123cZVk5kddSPp5QHNkaQQsrSVzauESRnc8hWlqurWyeDKfsVFlMje4rLNWusF4dYKrajnJMfbGVctLLbVzUc4zTzfpg8FD6ns8NzovHY3E0fmY4cg9lHsVVFfrW6nqB/vVO3Q7J3yO66entaaZl1Fe6J8gf2zv7OTv5vxK6NtzXAtMlZFF5cAcvwBzv+a+MKckEAnJX7LYpLla57Dc4WSMlBjcHjII/+Ur87/7VX9niq+F3UM3UdlgLrDUk4DG5ELuzcehyf0XvvC+Ucv8ATsPmf1P4PLepq79nhUR754UyJ2MBVkMpIAIUuJ+MHC95RLdHJ83tjjgsGOyEUHKixuwpbJG6cLSzDJckiNwyp0E+AFUtJBByThS4JdBAUhLDEXQyaymm8SlDHOzsq+eLDjj1QqOrIAA4UuYh8ReBuFujyjFjZwQl3J4ymH3XEEp44IuQjjkIJ5RCQhnlZ7FuQaWRRSvp5mSsOMHdeh2aubVQRyZyQMFedkZWh6UrMSmBz+NlxNbp8pyPS+C1MqrFBG4m87MeypKsFryWq8GC0fZQLjTZaJGN74K8vqK8n0bT27WDsNaKeuDztwvYenrqHsYwEebC8JEpjeCOxXo/SdzbhmXHgLia7TboNnp/H6nbJHsFG/JwFaU0mCB6rKWqvL8N15I49wtBA8OAdlebtr9Hr6Lsl2x4LU2oGqncPVApzxupIw4YO4SI/a8mt/esHld6iZDdnBgwHZymsdloV71rbPBkFVEz3ys5Tu1Lo0yzFM510cSwPljBHGVk71D4sr2kZwti5uxCprtStdFqDfNq/VdTTWOuW442v0ythyeN9T24wymVrFm3sFVA6IjzNGQvS+oaJlRE9rW7gLzqpaaaXBbgtO/2XvdBf8tWWfHPqDQrT2uSM+0ugmLSN2lWtDXy000c0Ty0g+qi3KANeJ2DyuCBG/BAyug4bkeXjbPTzU4dnqjZIb3QtLHAyaQT91TtgkgkMLhghVvTV8FJM2KY4HAK1FzgbKG1MY8rwOFy9VQ0e48frY3wUl37I9HUzUU7KiCQtc052K9hs92g6gtjWjBe2MavuvFACDnUtP0Ten224tZK/Ecm25XE1NOOUeq0Oqy1Fll1b0++B5qox5SewWZtd0fb61soyBw4eoXsNZDTXSkLAAQ8c+i8r6isc9BUuOjyk5aRwVzZLPDOnZU6n8qPT+m79BXQxujkGdsjK29BUNlGD3C+f+lr6LdOI5SQMr1mzXlk7GuEgOeCuTrKHjKO743VRshlM3FJUG3Vccrc6HndaappjMwV9IRnSHbFYynnFXAY8gkDLVaWS7Opn/J1b3aSfKSdvsuHfTxk9DTdk19puzauHwKgjUNvzUrwgx+W8LOzxigrBWU+8MmC4DsVoWSCaJkzDs4ZXPlHBvi8h2HvypTSHjZQ4iMYyitJbuCk55CkuA0zY6iJ8MrA5jhggrynqbp+e01jnAZhedUbh/kvVWPxnZQbxbI7rQPpjgP5YT2K0V2ODMtkdx59b6+C6QNoaoaZ2DDSe6zHV1ho7vFLY7xCHNLT4byNwfYq0raWqtVaWSRlkkRyD6hWz4abqy1O8JgFwphnnGsey7el1Djyjn3UqfZ8LfELouv6Qu76erixHKS6Nw4IWTLNsZX2H8QOkoOsbTJa62nDamEENcR5gQvky92ersNwltVewtmh522I9V9I8P5J2QUJdnxr6m8FOmbsrX2srhnjKIgkOa8gbp7TjOy9PCzceAlXKDwx6SYkmYyAPSXCcJA5U2Ih1cXUlCBWTSR40uUqGu1EeKcKEkd0I2u6cHnJcwOhlHldlF0BUMc0kRyx2FOpbkRgTHCXLKOjXq4y7LEjPdOHKZHVwSD60UebjhXls31yjPoIAMJ+kBN0eyIIzscKdjlFZF4bfREZG3PC61jjthFa3BUXA9R4ONiaPp2/JF0A7f6J7GZCM2HOM/qnRyV8f9iP4II+kIjaVmcgKY2mBGeEUUridke5oL4s9IisiDW4DURrCDuNlMbQTuGwCJ/D6j+kI/kb7LWnmyKB2Rmh++M/qpX8PkGMkbqRFb3EDLgFe4v+NMgYcnx77K0Za3YBL2kI0dtgzktCNBLSSkVQjJwANypEdFUOP0K3joqdmCGDIUtjWtGANgmptIJaGL/JlPFbqg9uVJis+rBmP6KxGQeUUDAwrUsjoaSESNFa6ePndSY4I2YDWgY9kRIcohyqj6QRoAA7BPac7JN4XeNymZRaiokhjN0doBxsowfpHmwPuVEr+p7Ba4tVVc4RJ3aHZwq3LJTuhUvuLlobgb4Kc3MZyV5vcfjJb4HOZa6T5jGwc7YH9lj7r111JeHOAqnRMdyG7KpWNdGazyNcfxPYrp150/Z9TKip/ms5asB1B8X6yvkfHaofBYdtQGMrBCCpqX+JO4vJ7kqVDQBu+AFTsb4Obfrp29Pg5UVtdc5HS1cz5HOOTqdlchgyeFLZS7jDQFIihwRthDtb5MM7JWP7iKyDgYOykx0wyCApQja0fShSTRwYDncq0InNQ7OshaMbJSPZCPMdlArbvHCMRvwVVPr5Zz5zkJkY5MV2qjH8S1q7o2MEMfuqmWsnmdnXshPy85KQ27psYGCzUOXYRpJ5PC60eifDA53ZSoKXBBO5WmulyMsrkgEMJGMt/dTYafSBhv7ojI2jBDdkcaQOFtrpwZrLW+ENY1o4HCJkAIerORhNLSTytCgZt27s6X+i41r5CNRThAXEFSo4wMeVMUc9kzhHI4Q1uSFJwNtuEhxwknxjgTJ5Y5dTElCx6SSSgIkk5dxhQhxdAJOAFzIRIMNf4hOA0ZQyltCSJuuG2UxmmAMjh5W+nuqMvluFV599XARHPmuNQXvPkH6AI0s1JQRGRoBdwB3JSLJZGJeh1RDQW2LXOAZP6VmLlcn1j8AkBp2AOwT6qqlqpTJK478KC8hh1Y5WScsmmusY4EkEuXAzV9JyUaKkmrJWxxsJHdXVHbqK0MdV1Tg534WDklZJrkcnt4RDtthklkE9Y0MjaM5PopFbWQ02qmoAGsKi113nqZDglrDwFADiSXE7lBKRT5Hulc85c7dN5zuu/Zda05BwrUWyNqKwdbGTwEeKI5zhOjZkZKkxtAK0QhgCczsceMbKQwDZNa3vhGZgYJWmMDPOY5kfchHa0Y4XG6QF3ITYvaZpNyG5CYSey7qCG9waN98oXYSMcj3uA31DZRKipACbUT4VTV1IA3JWG+5I1007mPq6wAHjj1VLVVury5CHXVZc7AKgAOLgSSvO67Wc7YM7mj0afLDFznuynBpxwkxuUQNGOFwbZ73lnf09KrXAhypA8wQQMoqXjJ0YI7p91JiyHAYJJ7BBaDnK2nRnS0lzrIppm6W9ge6qMcs6Ok00r5qMUWfQfSdRWStqJ4ANXG24C93sllgt1O1rGAY9lE6dskFtp2fyQCAr5rgNsLbVHB9E8fpIaWG1LkKDgKPLOTsuSzgeX1QGuwcrTE6cUFY0ucMqUACBuozHAbYTZ52QRmR78YTGBZLauQV4ucVup3FzhqcDhYGad9wqjJ+HtlHvFwlu1YS3UI27AHupFDQBmHFoCOETj6m5yltDUNIA0EtCPO6OBm+AnlzYY8NCpq2rMpLWuWpLCMTGVtzc92iE8qHGxxcHEc5SazLgfXupDCB24RqQhvLE1vsixROedhldZG55wArehoS1up2MlRySGwrcmBpbc4kFwx3VvDTtYBldiYGjA7IrWElLlakbqdOuzrRjjfC5UTaAByiEhjclQ5C6U+iVK7PRuhThDHOdK4ZClQxhoDsbpUsIG7mp9RI2MAAcpLk2F+AZpDQSSNlT3W9NgBiiGrOxIKiXa7Hemp3kn8RyqJ+t5xqKnIm62S/E7K+SeVz3uJzx7JRxEuwP/mo0ERdy3K0Vj6bke9tVOzy52B5Qzs2iqKJ6meEAsltlIAI0533Wxt1u0EZBGytKKyQs0OZG0bDlXkNG2EA6W8eiyztPUaXR/BFRZXUVqiOC4cbqzbSsjAwEUMDeG4Vfc+obdaj4cry6bswJUptnRgoQXJMBZGDlwAaMlVlX1HFFJ8vQtfLMOQ0ZAUJrr11FJr8MUlPyRjBKvbdaaKgAMMI14wXFZ5SZoUVPoraG119dVirusmuPkQ9vzWkip4YRiGMM9gmxYaScKQ05CRKzBpqqBn7pvmJxlF8LfOFIZCAAcJTswaoVgo6ckqVFCG4JC6GhgACeS1m7jgFIsmP2hAMDA7J6EKiPGG7lJrp+fpS3YQ+bEkxJfXT+auR6SSShYxPXMhNVdDhJJLmpvqqIdSQkleCCSSSTABiSSWQoQauZHqk5zQNjyhF2/KX8nOC8D1wkY5CYXAKK6VreCqc0gsB5HkHIOyjS1A04Q5ajsVDke4nYpE7sHY0HiL9Y00uAzpslDBcXcrgDjtyitjPcLHZefQvHfT0dNjC5EACMomB6LoaQMEJywW3M9np9H8aWBnCdsm5Cbk+qyTscjp1wUfQ9NBJ7ricd0iUjUkjujj3TcY7pZxuTwoVTXsYSM4wgjFthzsjCOWGqJjH+aguqDIdLRwmtNRWzafwjkqS9lJQwmaY6WN5KdCvJzr9W0tz4Q2GIkh724Cp+oeqYbdC+nppA6Q8BVF76wqJmmmoHaYhkAlZnUXnU7zH1K11Us8d5Pz6lmqh/5CT1M9XK6epkLnO5yghmOCi53wurVCG08hba28vk4G4GF3GE9JPyKcmxi5pGc43TsFLBVAnV1JJQgxJPXDwoQah6neqTiCSULIKJIh1NwU5sbjvhSAxujhWXJ44I6Y7hE2DkMnV3QTljgifOQRBzynBq7p3RBHtzhCl7Yxy/Q3ASwEkkQPY9NfwulwTM61AgR1F3GyK1obykQGkJHzAEKEOrhxykXDhAcM5GeUMpbS0simlxsAhZLu645ueTlcdvss0pZGndWclDc8k7bLgB9U5uRvhCGko8sawSSHDjsjtYIx6rjQCAAMJpznlE1gF8jjumvI0kZXTwfsgknPKsiQiTuAVxJcJB7oW/Q2A1+/CkUNN4soznAPKFT08k8oYwfcq8gp44I9LRv3KdXDPIq2WB4a1uzcAD0Xcj1QSSTjcJj3YzunuODO1ns7LMGbAZQWtLt0w5c5E4arbIljkDJqBwEowcAYXfxIzWjHCTuCGt3UykiDn5cONwhQU8ksga0fcq3pqXWQ0N3WW23B2fHaJzasmh9FRTV0zYIW5ztle+/DPoGC1Ujayphb4jgCM8/dVfwz+HzImMuNfANQAc1rhx7lehX++0nT1CMDcjAwVz7rWfUfG+OUYK6ffohdXdSttFOKKnIa5zcuIO+PReZfNPutY4nIHumXCvqr1WucXudqd3PAU+2Wx8j2w07N8+Zyxznlnoqotsn0VBrc2ngZ9ytXbqNlBBpDRqPJ9Vy2W+CnjDQMuHJKlSODcYCS2b644BSu8V+p48reypLtVzVEngQ8DsOAp1wrhE0wxHLztn0T7PaXvPzEw990tyyzUsYCWWztpmipqAHSEZAPZW54JXNIbtlUfUF+ZRQuijdueSrzwU3grupb8wZpaZ5JGQSFkm5JPcn912SR0ry9xyXHK0HTXT5rZRPUDS0bgFU54Fpb2SumOmS8tuFezy8sYf81rHNGPQBEGmFoYBsBgBCEmXHblYbrUdPT0RSG6t+Mq3oKFkMfzlXgAbtaUrXai4ipnYNI3AKBX1E1wqfk6Z+GjY47Liaq/MsHSqrwKWpluk3hsy2Jpxt3U807KKn1MwSAnU9PDb4MuxsOVDmnfO85dpaeAuVbPczZCOAGt9VJl3fYBaOx2oU+JqhmTyAR3QbBaWvd81MzbPlBWkLQRj0We18DDoeCCOFDqqoU7SSQU6okETC4nZUdwrW1A8KI7g7rI232FFZG11fNMDHFtnkhHttJFTxfMSN1PO/wBkGGIYBI4C7IXOwwnydwhGJD5JXTSapMaRwAdgnwQPuM7YI8tjafM4d0COMyPbEwbuOFp6GjZRQgEeY7lUFJ4JFPDFTRCKJoaGj9VDut0io2Zfu4fhXblcGUsWtx37LMOdNW1QqJnZUZIrPI7+bVzGurXbcsb2aFYW62y3CQSSNLYGHYHuu0tv8eVpk2Y3fHqr+GPSABsPZKaDY+OFrGiOMANbsAF2pniooPFlkDceqVTVQ0MXiykAemV5t1N1NLd5zBTuIhbkE9irUci5SwP6r6qqLrIaKklLYWnDnA/V7Kjp6bODjASgp9xkKc1mkYAWiCwJ/Icd2gAYwEajgcTrf+QTGNypkewARt4GxjgkQsAIGOFbUlLjE8rPsE6124taJ6hux3aE+sqQD4bOAkTnnoMZVzho0sCrnOO7j90WR/5rsY3yhKOQUzZmiR447Kzp2BuABwgMaGtwG4XfmACAFcngtliJvDbjIP5qNUVpaDkbKJUVJA8nJ4VjYOmq68zCe4OdDA3gZxqSLJ7VyU3gjUtJcL5OKelaWxOPmkxwFvLJ05SWaBjIw18vLnkd1MoqCGhiEUEbWtG2QNypLWkbrDbZkTKQ8AgbhOwPRdGcDIRNB9MLHOWexcp5E0dgiAd1xu53RQBhJeci94gPVLAXUkeCx2keiSSShQkkklAxq4eF1cPCjKbyDPK4unlczhAWJDmkbGwucQG9z2Ce4jByey8/6l6hlutcLHapD4YyJZAeT7JtccsMjdQ3eo6hrv4fb3ObTxnEjx+L2ClQw0tqpNyAW8Ad06hoae3QYbjIHmcqu4VTquQ9mt2AXSrhgNLJDrq2WtmLnO8vYKPFE6Q4I5TnMw/7rVdP2EuAqahgA7ArRnCGtY6HdP2IRxNnqmgnlowtGGNaRgYwu6A3YcBdSpSygkhwAxwok82s6GHYd12qqTnw4+/JTYo9g4j80tvLGJY7HQx43IRc4bkBNaR9gq68V5ij8GJ27uUyMf2EsyYK5XIO/kROyRyolNE6U8cqNDG6STA3zyr630wY0EtCNLIxvahUlK2I63tBITLjcGwgRx7qTPKxgwBjZUEglqpj91ZaWRB0tZLgf/MVrBTthYPLulTUkdOwYG+Nyu1LwAAFCA5nb8hRHPJ2XXv1HlMWiuOexfCEAhzPDRk4x909xABycbLHdRX5pcaeneTyCQuhpaHZJGW+2Ncct8jeob42cuo6Y8bOcD+yoYwd0xmZD7nlSo2hgyQvSUaaNK4OJbbK6W5nWkDlca4SbAJjnCRwaFNpqaOI5A3WtRyLb4OU9Lg6i3ClE7AALuoNGwUavrYaKLxJPfATIQ3PBnss2jayuhoIXSyv37DuSsFc7nNdJ3APOkFNut2qLjO5rXHBOPsErfSaSMt3K21VKJhuvdjwh1DQ6z5gr+ko2sAc4ccBcoqUNAOkKZKAMNCfjApLPYwn8ICXhgAErgAYNRVdV1TqiT5WnOfUqJuRTewdWVPiHwITtnDj6p0YZGwNa3zHkrghEAHl8yeIiQHH6jyVqqrcmZLL88HHtz5is11F1XS2eJzdQdjOd8JdVdVU1qpnxslGoAg4P7Lw/qC9y3p7tTnYzkbrs6XS5PE/UX1HXoa3XW/vCdS9V1l8mdpcWNJIG+wHsqiCEggkLkdOTjbj3VhBEONK7mn020+Na/X3aqfyXPLORQA8tU2GkGcgJ9LSlxGysqalAwXtyFvUFBZOXulY8JAIKMbHCFXTDV8pbWh83BOUavr425o6IZednEJ1BQto486Q+ok33S52ekei8d49tbphbVaoLNGa64FskrtwOTn0TyK251JdLGGRj6QfRS4LXJNpkqXcbgc4UmSanijwXAELPO09DTSq1hAm0lPSgPBGyhVt1aWFkI3GxKbV1wdkA7AbrDdQ9XUsINPSOLn75IWW6+MIuTCsjtjktrpfaK1QulqZBk5wAdyV59d7xV3dxxJoa781CrZqi4S+LM/I7A9lyLDW4IXInq3YYLLGzjI/BwSAT6pPye6e5ue64OClKW4zOeeAWo+qdnKa76injlXnJBmCE5EkaABgIbUCBGjlEHCakOVa4IPTEdn0hDUIMTEZc0FTGSAxyjM+kII5RmfSEPoM54fuuFmBnKNo9k0jHdTJbWCOdl1pOQF07Lh4RLjoXjJMppNOMqUHalUxPOrCnQyAjdaap5FWRJI5RBwhjlPAyE3GRMo5GFuUxGz7Jh5Qyjgro4kknNQx5IzhGEIg8qRnOyEQCOFJRIngAug4SPK4kpY6GKXoK1/bKOx+RhQQ4g4RQ8YRxZJRzyiU4tx5e6Y3J2JXIychEkbsmJIW00diAHJTlHZkOG6OCCOUSwRMWB6ocrDsRunYPquvAOMnCigmRAgzHdcRgzHdIxnnKkoYKbwR8j0XdPunEOBxhLwj6qsEFpICZk+qJp907wgRypgg3xCueMf6V3wTnK54eFMkEJST9KeHN9Ui0BuAEMxkbqN4IF1N9Usj1UfDgU5ry3gZQ7y8BElwOBCcBkZBUyUEJGEPBXA45TwW43R5J2JDe0coiSjJ0RS0g7DCQe8bdlIyPRM0tIIwrWVygsZ7HxVJaQHYVhHMHgbKlewghGhqXRkH07JkLpJ4YLhktiELHIyhxVbXbeqeM8laoyU0L2sYRpI2yuaWHLgA13qFIjbqO7cpSQ8OiYfdDJEUmidbOqq+hxDcdVZTnZzXnOB7K5bbbPfx8zYqn5efkxvdpIPssuG4A1s3Q2MqIZvGoi5rs52OEjGXg0Qnjg2kF3vNlPyd8pTVU3B1jVt7FBuXS1ovTPnOn5BFnfwjtugUXWcdZTi39RQl2BpbK0cfdT2ULMfM2erDm84af8wo6+Mjk0zJR1FfaJ3Uk7nNIOPN2XoPRvxLvFge11PVv05GWF2yrS+nubflLtTsc7gOIwf1WduNrqbNUeXL4HHLH+iy21b+DoaPU26Oe+qWGfWXRXxPtvUminLmw1gGdzs72W0nhobngzs0TAfWP+q+ILddauilbPTzPY4HIcDgr2HoT43T0umjv+ueEABr8+ZvvnusU6NvR9F8V9URvxXqcZ/Z700zUOmKpIew7NeP9UQODzkKLZ75RXmjjqKaRk0EzctPI+33RpKJzHeJTyHHOnOyzyjjs9pXZ8i3R6CSNOPVRJotTdJbkKWyQgYcN1zIdkaeVW0a47liR5p1b8NKa5udV2fTT1A8xP8AUfdYKg6kuPSde63XmGQuYS0/b1C+gpYhnYLP9S9JW7qWn+Xro8DGzmjf9U2u1xZ5ryngIz/1dPxIrLJfqa50sb45g9rhs4HcexVR8QPht0715RMbLE2mrYh/Kna3k+/qshWWi89A17mUzJJaTORknBH/AFWv6U6xpbsTAXaXgbsf/ouhTfuPF6nS781XRxL+580dT9MX/ou4mjukTWszhksbiWu+/oiWi9z00sdRBKWSRnIIOF9SdR9O2vqa3yW65wB8cn4gNwfVfOPWXw5u/RlfIGRunoicxygcD0K6EbE0eS1/jrNPL5II9G6U66p7k1sFynayQ7Nd6n3W1il8QADg8FfMkFVLE7LHFrgexXpXSfxFMdPHR3Il2nYP74VvnorR6/c1XYeqPgBGohAEOjjuuW+4xVkLZY3h7HjIIU1mknhCpNM7ca1LoijWwghxBCsaWv8AEcKerLXNcMDIUOeMEhD0+60QuZz9d4yGqhhka82GooHOuVrlOgnLmt7K46V6kimLYKp2mQYG6ZQ1xpnFsg8SN2xB9FDvvTjWt/idsJ0u8xDTu0roVX7uGfNPJeInp24y6/Z6ZDVnSJIpCPsVobbdPHj0OILmrx/pTq06m0FwOHN2a491vQ7DPnKE5afqbndaJwUjyllUoycWbMT6+E4tbIwse0OBGCCqOz3GKZgDnnPGD2Ku2v8AZZbaPQhTdT3R7Mle+npbc91wt3mjJ/mRY4Cpn0zqtvj0LMSs3IBxheiTNLsLP3GwSU8huFucRjd8YGx914rzHh9ybrPsv0d9X2KUdPqHhkSwdRn/ALFW5ErdgStRBU+MME4ysfJQRXEGogHh1DeQO5R7ReZKSX5OtyH8BxXy/wAn43bJuB9/8b5aNkUm8mkrqd0oyARjghFtF4dE/wCTq/sCeCEqWr+YOiQjOMhDuFubK3OdJHBHYrzFtSR6ONmVwWxnNrnFfTkGAj+YwK3fGyrpW3a2+ZrvqaCsPTXZ9G9tBcQSCcNeeCFPtt5d03X6ZJNduqXZx2wUlQGQa6N/ZLl8w3wJDnHYqj6lo6jp+5R3+2OLGSOAlaOD9wiVGIZm1dGSGPAewg7EFXtPNDdaExVEbZGuGHAp0colkeAIfDdKGO5U4AeQC7T6qBfbBZ+t7FP0/wBQUkdRFMwx+cZVfDLN01ePk9ZNJMdg7gZV68eFMJGHyu3C3abVTpmpIwX0KXJ+Y3x/+Bl4+DfV07DG6Wz1Ti6ln7NPOn9P8l5lG8ggYwv1q+IPQHTvxU6XqulOo4y+OoYfCeDgxu7HK/Mz4qfCfqP4X9T1FmvMZexhzFO1uGSMJOHBfSPC+WjbiEmfLPqPwNkLHbUjKROJAUlhJPKhRZG3KkxnuV7NdHgbK8dkoHLclFYSHKMOEX6TnlUZ5xyWNPOQRlW0EniR4yqCJ2MKyo6jTgFaK5ZWDBdW/QeZuk4CEjy4e4u04yop5VzTyBBD8lJJJA+g0cTqGsfRVbJM+UnBTTuMIBZvgrHfBTi4mii2VU1OL6PVLbWtqaRjwc7KU8B+xWP6Rue3ysjvYLXg6jwvJ6qvZLafSfHayOoqViKOtpjBM7A2O4Vr01Xujl8MuxjZMuMHix6wMkKrpZzSzeJ6LkaiOY7T0+j1Gzk9msdfmRpLuwWzoKzLQM52XlXT1xD2xvyd2hbSgrwcZd2Xm9TRjg9dotVuimzc01UNtwpzJMgLMUdUDgElXlLJkBcycdrO7XPcgXUVI2rt726cloJC82gBbIW+5C9XcBIwtcMgrzi+0Rt9zfhuGPOQm02AXR5yDcw7YUOraPDyRkBTIiD3QqqLVjHddCuw590NywYu80OiQlrctcMj7LzTqKixM57WYXsV0gOppLdsYwvP+oqFrzIGs+nfC9d4zVbYqJ8++oPHRtTbPPhocwwyjI7Kqq4XU8mwy08FW9bCYpiMY/NAn0TUwiI8w7r1dElI+VaqrZJxIUMpwD6cL0Hpa/U1dSi21TsSAYBJ5XnOkxnSdsKZb6t1HUNnYeDlTU1744QXjtZ/EuW5/aegVdFJSSbjyZ2K5G7G7diFY000V6tTcEanN591Ww4hkMMm2Dj8153UVuLwz6Dpbo5Uk+Geh9BX01Bdb6yTLgPISrnqGyC4MdGMNPIcV5nTzy2+rirIyRpO+F6lYLxFeaXS4gyNC490MPg9RpdR86+KbPKbtbKm21L2SsILTsfVX3RXUUrZX0suTpAI3Wh6rsRr4y6IDxGD9QvM5o6u1Vnixktc07rJOKtW1lJz0VinHo+hLPeG+Q+oWg8SGsjL2fUBleNdJ9URVkYhlk0v+/BXpVmujMtB5xhw9fdcfVaRxe1HqdFr4XRTibS21hnoTTuOdPGSrq0XJsY+UnOAdmuKx8dR8tK2pj3hds/B4VrK7/d/mI9wBkYXGtowd6m7fwbAyGJ4zuDwVIZLrAKp7Ddae7U4p5XBsjRjdTWSPoZvAqM6XHyu7LDKGDXnJYtd7IgODnCCxwIyE8Pz2S+UC1kz/V/T5usPzVMB4se5HqF51BLU2isEsLixzXev7Fez4B3PAWG626Wc3NztrNTM6nsHIWqq2S4ZnnDCM91HbmV8MfUVq/mNmbqljA3ae68W+L3w0Z1hZX3a0tbHcaYZGBgytPLc/kvZLVc32yoGkAsk8sjTwQo92o/4NXu0jVSTedruwaeB/wDL6L03jtdKlpr0cLyGijqanTLpnwW1mHlj2lrgSCDyD6Jsv8vsvdfjv8KBBOetelqUfLSguqomfg/xY75z+y8TZGyobsQHN5B5C+jeP18dRFNHxjyvh5U3Op9+v7kUHPbC6nPjfG4tI4TcEcrv15ksnkbIOqTjLsacnslgoiSYJ3DUk/BSwUorKOJImClgqBA0sD0RMFLBQyjkmRjCWHIO6lRXOpiwA7OEDBXNJQ7Bsb7IPKZcQXPVjx8KxiuFMWjf91mRxgpaizGN1HW/Rvp8g4/ma2Krp38ORmuaSC1ZJlXNF9CkRXaeN2rB/VUoPJ0IeTrZrGHKlRnIG3CycXUMjDksJUmPqcj/AIRTMPBoj5Cl8Nmrj4ClsHdZKLqlu2WHClx9XUwwdTsqYZphrKV7NUNWRyjRZPOVlG9aUuMb5RR1rS85KYa1ran7Na1mRujMbjG+Fj29cUg2yUVvXVIBq3P5o92PRf8ALr/Zs28bLu/osb/7QaUD6SV3/wBoVKBnw3fqiUy/5tKXLNq0HdFaCc4BWDPxFZ/wYnKO74h1ecQRnJ90amB/xCj9npOl3oiccrzE9d3dwOlmM+6h1HU/UVQ7AqMA+hKveLl5KqP48nrZLeScBRZrxaqX/tNdGwjsSvKjcbzKMur5s+zyohgqJXa5ZHPJ7uOUSkZ5eVk+Ixwen1XXlho9mTOlP+AZVDX/ABTqnNdHQUQI7OespFTjGC0Z9URlE0HICvc3wzNPV22+8D67qnqm7amPnLGO7MOFAba31HnqpC4n1OVaxwZ2CM+IYGyrDbM890vyeSrjtVPHjDQpTKRgA0tAwj6D7/ontIZu44TlHIiUlHsAKZrMDSiiLbYYQp66kjAGvBUGovkYOmJ26pJCLL64ey10tj3IQZblTQjzEKinulRLw/lQnSPlOXOKZkxWauX9JeVN+j04i5KrH1s02dTtioun3TmgkFEk8mK66cu2Okw/BPZca09k+OBzzuFNp6TB1FaYV5MkpeyOyBzzsM5UynoCDqkAz6qRHE1o2Cf9K011YYiU2+BrIms4CeCG4Tc5RA0laYxwLlli1eyQ1OIxwuhicBhaIx/YLeFyIMRWR4XWM1bBOAwmYwJb5EABwjjlC0O9EUA5RpAhBwurg4XU0gkkxJQg9JJcc4NGXHAQA4yEaMd0OWZv0hRZ6o50xvTYGue7JKGUsDYIO2RznIzh40Xh8BcjiwOE2aeKKMlx3CVKWCnHISSeCjpsAAHgAckqhqqkudrdv+adV1niHONlXvf4iy2WJmmuGBslRqdsFIo6GaskGkaW93FMp6cOIL+B3UioryxroKd2lv7pEuFljuiRJcaSgYIaN2pw2c7HJVZUVslS4lxJ+5Qy0nBzufZNIz3WWUsjEsLLOZJ7J7GFPjbpO+6LgEDAwrjFyAc8cDQxPY0ZAXWsJ2CK2PcHGFojFIVKQRjRgAKQ1nBQ2sOOEdkZOE+Mc8iZSyxwAAXdPsntjJHCdhNEykcDiNkiXHbK5nfKdhDJ4JnAM55yo08pA3/zRppNlTV9XpB2zn3WK69IfTU59CqqzAOSFRV9YXZa0grlVX6jgKtLy9xyVw9brU1tidjSabkc6QyOyUZoJAOEJoyeFJaBpC4Fk8nodPTtHM+yOBhBapAGVnZ0YROAEnARo4jnOOUo2bgkKytdDJX1TIomq0s8G6ij5HtXZL6esFVc62INhJjDtz6r37prpunt0DB4TS8AHOOFV9C9Ifw6mZLUtaZCAQP6Qt7GxrWgBoGFpqrxye+8T49aWClLsJDszB7Jkk54ATZX+GDjbZRI5TMTjstGMHcwkGc5z3BHb5WhAYNPIRM6sI0ww+zQTlZm+3Qyn5WB+OclWV5rPlKU6T5n7BZaFr5pS8nJ7lGYNVZxhBqGkGrW8b9lZnTHFgDhCjYI2cYKiXCs/lGNuxK0ReDnTklyRbpWvc0xRSAZ5wq6MufzuUzDnO05JU2npjsSmbzNLMuhrWkqTDTuceOUVlKHHjGFa0dO1uMt4QuxIZXRKXQKiozrbqbsFaaBGMBvKblrMANRcl+DhLlbk6VOm28sbGCSDhGAw0nCdHCANwmzOzhoCzym2boVJIDI4vOAiQ05yHELkMJJ1EbI80zKdm/5BUW2l0clcyCPJKzV0vQ3hiPm4z6LtzukkrnRRP3PJ9FVxUjpHAq3LaZbZgWtc859eSptNAXuGBlTKG1PnxoYXDvgLadO9INL21MjAPYhLnZtGU6SWoZX9O9KanCpqBloGQ3C3tttDYmiWQN48rfRSYKVkLQxrQA3hHdKIxlxwEmUnI9DpqIaeGEN8JrTkNwh1twprdAZp5gzSM7lUN861o6NxpqJxmmOwYO6ztNbrtfagvu7sQncMys9j6G/JGX2x7LGt6tuN9PytkaSzOC//VWFo6Vpo5G1lxmfUz8kOOwKk26201vYI6aFrBjGQFbQZ28qFM1Qoy8yDRgAAN4CkN0jdxwhMCfGxzj6JMp4N9dWOgjHNd5WnJKktbjdDZGG9kb7DKyylk1RrH4HoiNxuScKHPWtpxgtJk/pCUENbWNEk2I4zw0/Ulzz6GrgI+uZrMUI1P7I8VJLLg1Dtj6HhFpqOGA6w3LvVSctCRPIQxsDGABreE5LITXVEMYzLI1g9ScISHzMkkkvsR/NISSakoNG63eqTPqC4uZCgZIHCjEnKdk8ZSUIMSSSUIJI7JZwuEjChBpOOyYXnC454GUF07cbIXJE7OySEFCll+36oUswJUWWRJkzVp9LZqJbYIO+oPA4UaSQnYFcGSN0mRHOT2Wey3HB7bxH0zukpXHAHE5x+6e2PgYRmxH0RGs0n6c4WSdp7/R+LhRHakMbF30/ujtY0AJbNHHCa54x7rNOZ26qYwXB0luMadvugufnK4+UboBcSSA391ns5NEVgeSeyWMrrIy7sitiwM44SR0VhZGtblMfKGcplRUshaTnfgD1KriaitODuFca2+Rc7tvQ6uuOr+VD9iQmUdvdKBJNkHkBSYKGGn/myDcb79lRdQ9ZMo4zDbPNLxqHZOjUcjW+QhVHdYy2ud1pLFSOkmI3BDWg7krAXi+1t4OmSQshHDGlVz6urrpDNWSukJOfMeE9rMHlaKqscng/I+at1L2R/EE1rsgFGa3A4RAzbOEQAAHAWuMDhgkkjzskm7EQSSSSsgTQ30XMMSJz2XFAXLAkklzIUKOIcpwEnSY2UV8hedkpBjic7J0MTwdXZdhizgkbBH1Na37K2yHQGgcIT3jBG36rr5ACchRw52TgZ/NRBRjk495J2CaGnuURkedyn6SCMBB0ToZod6Ii6NxuF08Ks5LI6ROER7w045QsOe7OEWSDfMSEQDQAMLoAAXcZUCGHfdccRhIkboJzk7oZS2hJZGveQUzIdyUicoLncgFJlLCHRiPLhgoIeScYXNy5GjZjfTn80p/cV0Jre6IGgDBXQ4AYAQycqEbcgiauFwBwShoyYyEJGDuEA8pZPqmIW8FpCXBqds3lOAJ4U2jo92yOCOEcvIU5bES6Gl8KEE/U7dSQME7rrSNO2yE5w0la0kkY5S3Mc8ho5UJ7tRwHBcqJXasDumxsdscfuhYXQWHkLs2cjC4NksZVt4QWAQGCFLpoy44TIofEKs6WnAGABnCxXW4OlpNEptTkFo4wzIxztheo/Dboc19UK2rjBaCC1rh2VN0B0bNd61skkOoNwd+B7r3iGkounbc1oa1paN8dyufZZln07w3jMVKyxEmtraCwUG5a0MGMd3H0Xj/Ut7kvNc+TW4MycNzspnVl/qbnVmLxctzsB2CidP2R9yqQ98ZLWn0WC23Lwj1NNbfC6C2a0y1QjZTsILt3OPYLeW23xU0Qijbv3d6o1DSQUkQjhjDdsEqUA2JuSOfdKydKqrAwt8IY7lV9dW/LsJ7lGqasNJ7Y5UKgo5bvXeI5uYoylSlk0Rikglnt3zkhqZgdIPBWhJaxgZH9ITXFkYEELcHGNlHrqyK30w8Q5cM/qgKkyPdbjDb4fFlcONgvO7pXvuFQXgYZnICl3W6SVc7i45aM4yo1uoJLnP4UYxvuUTB5m8IPYLRLdqsMYPIwguK9EipoLfE2NgGQOU222+ls1G2CBgDseZ3clDmeZpNuyyXWqPBvo077CPeZHABTrXQfMTDVs1u590Kgo/F3wryZ8dFRjwmaS0c+pXK1Oo4wdGqvaRb1XPiay30hw9+xxyAi0NHHRQA4zI7dxPKDbaMHNbPl0jzkE9lKqXYIC4tk22b644I9a8yYYOMqRarf4tSzxAQBvsUKlo31c4A4G5K00NOyLGloBws83gdJY6DtjDG6WNw1NdKGNx6J2sAYwqm5VmC6AbFZ23ItIZc7hGWGFh1OPoq+lgJ87guRQ+I/JGVLw1jcAIAxr3aMAIT35w3HKc45z9lPslB4pdUyZwDge6FstPBY2e2CnZ8xOAZHDYegUi41cVHD4kh7bD1SqKqKihMkrsAcD1WaqKua41BlkJ08NHolSlktcgHzVNfOZZOD9I9ArKho3AgluNtkSjt5bguAz2VtBTgY24Qt4CXA6ipwwZ0otXVQ0MLpJXY0jIB2ymVdbT2ymdPO8ANGQPVeadQdR1N6qHeHK5rOAijDcVOSQXqTqOousng0zz4eSHEcY9Aq6mgJGSFyCAEAlTomtaANKdGGBDeTkUekYT2+bbCIMHYDCmUtGT5sZRtqKDgsgoaVzxkDdXtlszyRVVDPLy1pStlD478NAAbySp1XUmnxHG7I7pMm58IaKuqw0GNh9tlUyyZOTvldqaoHcjJUF0+rIwqVftlEkuz3Uin+oFRIGl3mJXKuuEOaeF2c8lXjBZJqrgWP8OA59SmQzPl8rG6pOzR3QbRQ1N0nbBTxlxdtn0XpXT/SNNamNnnDJKj1HZZ7bVHhFSeCp6c6TLmNuF4ack5bF3Wwgpw0AN2A4CLoJ3T2RkEey51trl2JlPI5jQ3G6MyM51LrYyBuUdjA0BZJyYlzGho224T8AhFLGkbbLnh+6zOTYLyDAOUQcJYCKBjYI+iAkkkkwgkkklCCSSSUDGrmR6pEjhDJOeVTZB5GO6E7LjtsnOBPdZHrLq4WqH+G252utncGgN/DlSK3MJLJC606okMwsNhcX1LziWRp2YPRAtVqgtkGp5DpSMvefXuudP2IW6J1ZVkSVk/mkefVcudUx+YIX7jkhb6a+chJZIldcXTkxR7MG2fVQjsnFoVhZLY64VIc6MuiacH3K242o0QiSLDZjO9tVVR+UbtaVsIw1jQxrcAIUULIWhjRgN4RWpcpZYw6o1RO0HAKdWVcdLHqfvngKDSh9QTM7jtlCGkkHjjDiCW8oruy6NsBBnna1uXcBRcsjy2DrKqOli8R7vsPVZwvkq5y8nZxyn3CqfVznGzBsApVrpNQ1ub+ZTUHF4JNvow1wkcFZmQRgYCYyIRtAAwoNwq/CeY8KyNZB1dcHv0N+yfRU4EniOCi0VK58he5uQD3VnhrG44UCHTuDG7dgq6aYvdhPqZy4ljDt3KBhMhHLKbwhac745XSANy4Lp2as11DfGUcToWygOIycFdHTaf5ZbUZbLY1puRE6n6jyTQUD9xs94/yCypGo7ndLWZHF53LjlEjb+Ir0ek0nwrD7OBqL3dLIWJmBuMfmk9xmf4TOO5XHvJcIwNyplHS485C6KgI384HUtLHH5y3c+qkluAuOHYbINTVR0sZe/8AREotlSfGRVNbFSxOllOAP3WHvN3muczmNeWsHZGu13mrJHMY7DVDhgLnAgLVVWc6+bbwMpqPLg4hX9vpWhgk0+wQqOlGNwrNrQ1ukDC0C4xGgBmzd8pzmHGopMbk7lBrKnQQ1o3Uxkao4I1XVZzCzBcUOCFlGzIALzuSU+ljZGH1Eg1EnygpM1TPzn/0Wqirnk599m54Q5jXSO1PWZ606wprLSOjicC/g4KL1h1TTWCkcxkg8RwwADvleDdQ3qe81hnmeTjbY7Lt6TSZ5PCfUf1DDxsHXB/ext+v1VeKlx8Q6M+qhU8LnEZ2XIYMkHCsYohkDgrv6fT7D4vq9bPU2fJY8tiipctzj91NpabzcKRRUTpsEN2HKsRFDC0aW743W9JRMcm7AMTBCRkKPXVkjwaeiALhs53oh1Fd484o6fk8u9FbWqyuijyXAE85G5Sb57lhHa8V4/c99hFs9nwPEfgvO5JV7BRinIldpccc+iKHU9NHh2AR+6qbld/GYYqd2PUrDOzHZ6ymnag1fdtLXUtMfMeSqasqooYXS1MmkjjKh3G501shNRUPbt77krzm/dR1t5q3Fsrmw9mhczUapQXY7GCx6k6wfWF9vtgIYNnSg/V7BZyKMndw39UWGLbcAo5ZgYDVyJ6iVr5AcXJEV7QBsFG7qVPwVFPJRxjk5OoWJiST1w8JplGpzdkM8riLIRLBGMFAe0h2w5XQSXDfCKW6hsrA/EFnITAN8pcHCcAMIOyzo90ZR09RrJAq4QMLq4RlHBZRAbmkprdnBGIHKC76iqkiBgcjldQWE5AyjtIxylvgMC9pOMBNxsc9lMEYxuEGSMZ4UyQjEYKNG5wPlTNDvRMwUcXtfBTWS0p5Gu2yP1ReCB6qtgOnfKmxyNc0YWmE8ozziSAcpEZQQ7BG+ykNOQmdiMbWC0+6Wn3TnLivaRD007kj1XGnJRRwhayTBEc3uhk9sKXI3AG/qo3c7YS0gk8AeDxslktx6J6WcKh6llBGOxjKkNe1xxkBQnD3XY3FpySpCQucckwxjGxQmvLc7IscgcMJOZ3Ccl7FPg6HZXZPVDa7BxjlEDg7O6tMpMZHJh2McqSCHBRcb5XWPLDjGVG8FyWQ5jHomlnsnMkzhPAz2RrDAcsEZ8WOAutLgdypAae4TTGOwQ4KUt3BzYjhMdGO2yIGkJ7FWCpcEbQRzsml2O3KmeGHZ0hA8B3ohccFxlnsEGtKYRlPMbgCnZ33Q4yMA6XBc174Uvwm44Ud1O4E7IJ5ReDnK7kpoBBTs7YVKTIIcorSNI3CAedk46m+v6olIiDrmn3Qmy47IgOsEYV7yDHMBO+6DLDpAxwUbTpK6TlFnJMkVrnsIOVMgrCXBsn6oXg5QyzCm6UeicMuopGEYRW/dUsFSWOw7hT4K2MkY/NNU2+yl2TXQh42G6F4E8G7vpUqIeIGuUxunZrmg/cIjRGpT6K4UsFS3Dm4d6rlJV1lkqS6PLo+7TwQrB9Axw1wP0n0SMOpobIAT6q5PAxVNckiC9UFy2LjFL/i5BU4vc6Mw1LRNC7bI3ws9UWZknniOl/tsh0FzqbdP4FYS6M7bpb5I5uPBPr7e6mIlh80TuPZRoJ3A4IVt8xBUxEwvyD2VRURGJxOMKnDIt2yi8xZqulOt7101UtkoK6RjSd2F2Wn8l9EdC/FWy9URspKiVtPV4ALS76ney+S8k43Uyjr5aJ7ZaeRzHjcOacHKy30e0ep8P8AUt+ie2csx/TPuMRBw1NII5QdLgSNK8P+G3xqqGObRdQSh7TgNevdqGttt4pWVNuq2SBwzzwsE04s+s+N8lT5GpWVsA4ZQ5GjClvh4zshuiwRsltZR2HHgqa+1U9wjdFVQtkYRghwyvL+pegqmySm62MlrGHJY3t/6L2UsBwMIMtK0tLXAEO5COubgc3W+Mq1sfvXJ5J051bK6T5S5ZB437FaOvgpbnT6CRIDwfRd6m+HsNaPm7STHUty4js5Y6gulfZK40dxY5uk4IcP3W6rUbjwes8Zbo5YtX2/swXXnwxqKOomuVnaA0+Z0Xb8l52xzmkDOHey+qXup6+Frxpe0heYde/DWOR0t3s7AyT6i0cZ9VvhYeL8j4nbm2ozPSXWdZa3NpZZf5ZOxK9ds92p7nA18bxqPIXzq9stPIYZ4yyRhwQQrqy9RXG0vDoah2PQnZMyn0c7Q66VD+Ow+gyckeyb4ZWf6V6spL5TMD5GtnaMOBK1DcEDZC24M9RUoXRUosj6CpdFWvpfI8a4zy0pFoLdggeCckhNr1LizNrPHVauG2xAr5YYp2C5Ww4/EQOQVYdH9V+BJ/D7k4jPlyVFp6qWifqaNTXbOaeCEO42Bl0jNxtr9L2blo5BXX09/wAp8v8AN/TVtEnOpZRvXa6Z4qYHZY7fbhX1qvHzcYY7lq8t6V6tkgk/g942I8rS7ute+N0RFTSPOk7+UrXOG5HhL6p1ScZo3jHamgpx4VDY722pYKedwD27AlXhcHN3WC2r0Si+ensU4lVXWkmQ1lHhrhu5o7qorqKOvYSBomYtRqfG/U3f1HqgVFDHM7x6fAJ5b7rw/mfDRsztR9l+lvq6cVGFjyZ6011QyQU1STriOxPcLWUNYyqHhvxqA/VUNbQCdupnkmZweMqPb66RzzDL/LlZ74yvm/kvF/E8YPuHi/NV6lLay/utqiqonNIz6EchZRtTLRPdbLiM07siJ530Fa6gubJ/5E/leNsngqF1BY466AuY0HZednTteD09Vwukur4qWb/Zq7uzEf7iYnOCeN/Ra6nr5rVVacksJ/IheIVjJqGT5arB8pzHJ3H5re9C9bU12i/gd7eGSNGIZjz9iUtxwa4z3d9HpV4tkN6oxMzBdpy0jlZ+z36Smn/hN02AOI5CiUl2qLHVimqgX07zsc5GEfqvpltyibcrU38PiADfKtJoGSzF46LxgDBrj+sbtd2WF+Mvwp6f+MvSFTb66GOG6U7CaSfG7JMbH7eytekb/JNqttxy2SMhoLuVf19HNA/5iA5A7eoXQ0GqlTPMTmamiF8XCZ+UfWPSF16Lv9RYLzTPhqqd2HscMFp9FTjy78r9C/7RvwTpPir0/Nf7M3Re6RhOnvIBwB9t/uvz8ulDU2evmt1bE6OaB2l4cMYX07xXk43xUZM+S/UPhJ6Se+C+0GyTJxhGDsjOFEY4co7TjsvQRf6PGTSfRIik34U6kkw4BVzDjKkMOCnReDLZHJeMcHR87qLK3JTaZ5OAXKRMOCAtEXkyNbWBJx2SByh7d0tQHfKp9BqGUHJGOULufumHODuU4jJzlZrY54IkSrdUupKpkgON916TbqptRTtlG+QMry5pyCtd0pcgR8u93suLr9LujuR6PwmtjTP4ZezWOAI34PZUNxp3QTHH0k5Cv2+bgKLXUwliAdyN8ry18c8H0DSXYJPTV2aC2E/U1bygriSADnC8hpJnUlW1/GDuvQbPXCVjJGnIIyuPqasnpdHqHg9At9wc7BJC0tvrMhucLA0VRpwVpKC4NGkkri6ir9HpdJqM9mvilBH3We6woPGpRURs8zd9lZUtWHNCNUNZVQOhePqGFkhwzpv7ked0rzkbqU8Zbuo8sJorjJTPGBklvvupPK6NLxyY7IbnhFTcIsgjCx99pA2PUW77re1MOsbDss3eqEuhcMeq7Ol1Px4OH5LRqyB49e6UOe5zW8bqhw5pwVvr1bj4BIb5m8/ZYqrgIdjHC9noNRvSyfJfqDxzg8wRXVlOceM1RGucBhWobkEHdVtXE+J+dO3K7qSaPF7Gnhmg6Wvs9DUiB8mY3epW6rqeOqpxVRgasZJHdeQtJHBII7rb9GdQyyH+HVcgIAw0nuFydfo5TW+B6DxHkPimqbHx6L2lkMrHQSHJA2V70teH2uuY1x2JwVSVlOaKpErPoduEZ7xK1lREMEYOy85bV6Z7zS3OElI9gZJBXxeNC4HUOMrH9UdMibVNEzDt/wA0PpW7yhwaZNvQraAx10JBaM4XOlDZI9HCa1FWGeKRie0VetuW4K9H6cvplijc9+/qqXqazhsr8xn74VBb6iqtkxaCSwb4KTbBWoHTt6SWT3213GKrhERdv6ZV/Za2OCd1trHeUjDHnjC8i6bvhl0mOTcdluoK1tdAD/xI9wRyuFqdPKEsNHqtNq4yxJGprYKiz1DaulzpO+3BC1VovVLeqQRTEeK0c98rOWKvbc6T5Ksw4geU91ClbLaazxYHFoyuRdXg60bc9HoUEgZ5SRhHL8Y25VFbbpT3GBj2TNEmMHturZs2WgOHmGx91iksM0RluRKa/PZdc1r2ljwC1wwQUEyaey6J8q+nkpxyed9ZdOC2TfO07SIpDuBwCq+3zR3Gndba0h4wdBPIXqNXTQXCnfTVMYcx4xuOPdeXX6y1XT9WcDYnMMo4HsVv0+o2PBkupyVNTb302u110bZYXggAjIc09l8ufFX4aVHR1+nr7fGXW2pdqjcPwc+U/bPPdfXPiMv9IB9FfAPMCfrHqFmL7YaPqW3VFmuULfOC3zNXpfG+QlTLKPNeY8VHX1bOpLo+LqjAI1coGlaHrzpC4dH3mShrCXNJ8jhwR2Wda4b7r6xoL4X0pxPhXl9JZpdS42dnEQcoaIz6gti5OMwjWghItASA2C6DhXsFcnMN/p/dLDf6f3RQcrqmwNdAcN/p/dLDf6f3TtXslq9lNhY3Df6f3Sw3+n907V7JavZTYQQOVwgH6l3V7JY9CiUQZPA3S1dDAeCn5K7g+qmxC/kGiIY4ThEAc4wurmAp8aQcZuPI9rBkcIjY2kcBByfVPBIV/GaI6qUfQQUzc7tACKKGnxu390ES44CIJyEXxo0LyCXEoj/koP8Au/3RPkoP6ChCox2ThVS8a9kPxjo+Qh+graGB3YIraWNuwY3b2UcVWSMhOFZj1U+Mn8+BJEEYH0N/REbSt7Rge+FFbXaRktOUjcnjYFTYT+dD9ExtOAcYwjsia0bBVP8AEpPUrn8Ul/qKJRwWtfBei60BPEYHZUP8Um/qKGbrMfLkokT/AIhB+jRgMG5IC6JqZoJMu/oss+sqH7h5CjOmlccucf1UFWa/H4GtNzo4iQ6Qfko8nUMAJaxh9is1uTuU/U0bZUyZnrZstKi+VLz/ACvKFEkr6yTZ0uQo+R6roaTumJNmeV8pds457zu45KbkZycFEMTj2XY6CTVl42PuiUWzPKTyMaDwN09sbzw3Kmw0cbRkNwVIbE1u+FohVKXYErcEBlHUP/CpkFC6PBcRn/JS2AYwBjCcBhaY0i5WbgMcTQQB2UhjQ0bJgcAuLRGCiJcmwy5k+i7gnddAOeE+MMim8CAOUUAYSAGE7BToxwU2ID0TmtyiRsGMkJ7WhvCJC3MZjOA1FA7pDlPAGFoSTKb9iDRjhd2CR4QyjawCnkJkeqagtJ1Dcoo3CFvAWDuQko+to3c7hR6utbpOOyTOwOMMk6WojjYXagT2CgOqnzbEqIHyTkZJU2mp3EjIxlUpZGKCQyOnc54KtYKTSAVyKnDADhFmmbHFpCtvaDwgc8jImkAhU9VPqO+Dv6olVNrJ3OFVVEhLy0du6yWzGQQ2plJwAmwN0+YpNjBJLt0nvzgAYwsU58jgpqgwFoCj6iXF3qlp9khqyNkDm5LAa45HYJwcImCkAMImApGGSSlkYB6IgaXcJNGThGaxxIOE+MdoqUto5jAUaNpyuRsKksZgA4ToxyZ5zExgOAjNbjhIMJOMYRWtzyE9JJCHMC1ERBF7J/hoXwA3kjg9sJriA3BIH5p88giHHZUdyuGjy+vus91saY5kOqrdssIbc7hG3LWuwBz7rLVte6Uu35TbjXGR+zickqCH5JJGV5fXa3fJxgd/Tab41gdrc92SnM790mhEbtlcWyTZ2KKkmPaEVoXGhEYFlcsnWrhwOjaSpTGDYkbpjGAjJClU9M+qkEMQy49kRvoqbYShopq+dsMDck8n0XsvQXRApI2VM8Tex3G6gdAdBiNrKmoi9Hb/AOq9VgijijEbAAAOyfVHB7XxXifi/wBWwkQhkcYYxuAAuz1Yh22JPZRKisZTNy7cngKqdUS1L8uyAT2Wjo9FFc8FgamWtlMcecZy4qxp6fQwZGEOhpWQxDyj1J9VIdKG7NCM0JcC04TJ5m08TpSRskZ8jhZ29XITk00LjtyVWcCbntiQqyrnuNQXPdtnYdgFLpYREwHSFGoYGtOp2/8Aop0krY2ghuSExNZOXOblywNXUCKMnGBhUcs7pScqRWyyzyb/AE+iaymDxgbJymkhDi5MbS0xeRlv5qzjhbGAu00bY4g3SpENMZTvsEuVo6ujk7TQOmd5eG7lTmt0DCfGxkMYDBwkxjpHDZLc8nRqpwOawuIKn09PkA4wnU9GSAcKU5oiYBhTJrVRGm/lN0gcqNG0vdwpLwZX7BNk007QSFRBkskdPGXu7cBZuvuctTqa04zt+SkXCtfUSFkbjgbKNFSF+Dvv6K1IVt3dEOKAvd5h9yre12iSqk8NjTjucK6tXThna1r2DJ34W4tdhgpacAtAcO4CXKWTRRpot5kVdm6fFvjifpG/ZaSGMMbuMBRaqsp7e3MsgAHAysjfuvCYjT0YMjuNjjCRbI6MNlKwaq53+3WsO8WUOLRwDysBdOqrnfpjDbcxQHIGVCprfXXipbVVbyGnfGeFrrfaYIQAI2jHoEn5OcBJSvf2lbZemGQSRzS/zZvqc93A+y18MGQNgMD0Q6ekxjSOFPihI5Cjeezfp9Io8ijgG2W/upccbcb9ko49s44Ro27bBZpywdOun2zkcWUdrWtH2TRsCTsFAq7o97/lbY1ssx5JGQ1JlLJpjFImzVcVPvKdLe5Udnz1yeYaZ3y8XJleMHHsn0ljLpBUXGTxXEeZmfKVeEtYNgMeiU7CnL0RKOz01K/x3PfLIRu55ypj2jlCfM3O22PyXPmWNGXHA9Ut2E/uEbKCcY5TJqmKEapZA0e6guuFTOf/AHXA2Vw/4jvpCJD0/wCM8VtykMsp4ZnyD8kuTwGpZG/xOoqctt0TXE/S548qY2yyTv8AGuMvivP1MGdCuYo2xANaxoaOzRgKQ0NP4QhyEfLCSSS+xn80msCSTElBoQkYO4Uck5Tsn1XFFwGJJJJQgklwuAQnyAqZwTA5xwgyzkD1TZJwAfZQJKjUlzmkHGDk8IO+qJzworpycghCLiTnK4s8pnpfG+Bt1OHNDnOc7uuAZXQ1x7KRHFjBws07j33i/p+FDwkMjjJ7I8cJ5T2RjGQu68ZGFmstyesp0cYHfK3G26Z4gGwCGXnJQycpEp5NcY7Q7pAFFmkLeE4AknflPZASQcIAyLqkefpUmOHLRlHETWj6UOapZEP6SgcdwTe3ljmBseS7bCg1lZrzFEOOfdMlqJJiQHbeybDC1jvEkGcI66l2zPZqsrEQIinmdmVuPzRZ6ymtdMXvcG6Rt6lAu18obbTmSR4c4cNHOV57dL5V3ebVMcMGQ0egWhVpHnvIeaq0yaXMy2v3V0l0j+Wo3lg/E7glZtoJOSclcYw8gBGZGSd1ohV7PCanW3amW6ZxrByO6KG90QR8AjCI1gPZMjBGJtvsYMAcIZ5P3RDwhnlG1gsYknLpOVUlkM6SMJq7grigqUsiSSXMg7ZVEO7eqGXBoyTsmSSCMgE8qFJM+WURxglpOCUE5DVHIWWqY8hkW7z2RYabGHOO/dFho44vMOUTGAUKTXJGNDQ0YHZRi5wJ3RnPbkjKBjBKJBRRxzy52kbJ7GloB0/uk1hJyj6dkcY5ClLaNwB2TtDfROTDurcMC5SyINa3OCgSu1cdk97y3b1QQHA5QYwwkhmHF26OxrdIHdcLQANk0AjlUFgc5NkIIGClI4Y5UZ7hncoZy2hpZHudzuo7jyuF+e6GXDuUpv2NjE6ZuRhBBJKWMlHbGW4OOUl/cHkUce2SiE4ACROBjCa1pyd1BY9cPC6mucMcqyEck5XF08rioIYkknNjc5UlllN4DUkTpX4A2HJVxDEGt0jhNpKdjI2hreQpOA1uFsrgsCLLc8AZCQFEe4nZHlcOFEI8wPoin+gUt3JzSXEFwRgBhdaG4AwuOcCqa2h4GpzWlxQgCXYCmUrM8rPbYa9Ppp3SWB9OzTuQtZ0f0/Neaxo8NxZn0VXZLS+510dO1hOpwGy+iei+lKexUkbnwjUcE5C5t03k9/4Lxf8AImm19iLax2e39J2wZa1pwMnuSsZ1t1aSHhs23AAVh1/1RHTv8GOQeVuAAe689tNHWdRXZpecxN85zwPT/wCX2WK2R7lNKSqXbJnT1qqrvP4rgQ0HLnH0Xp1BSMpYgxjQ0ewUW20MFvgbHDGABz7lT/FGOOFjf7Z16Kfjjhhw9rRqJUSorAPTCFW1OmMtGxKrYhNXTCGMbdyglLJqjwGiinu1YRE0iDhxPdaWARUkApaVgaANyO6iUcbKCn8NmC491NgblmtwwqSyNSyDfIynhfM8/SNRJXn9/v0lTIcOy3OAMqx6rvUjpHUsUmI2847rDv8AGr6lkETvM4/kFZlsn922JLp4J6+qZBE4kyOxsvTrJZILVTjyDxMbkqL0x01BaadtRM0OncM5PZWFTWBx0jskW3fGbNNTt+59namcvOlpTqWnL8E9/dBghdM/091e0dMGsGABsuLqLcyydemKRLp4I4IwG4G2UNjJK6cud/dMOMeq7jJ0hS4g2nhDWj3K5t1mTXGP6OSObC3sAOAorWuqpcDOEyUy1UoaCcA7lXVsotDA4gZKxzngfFpEugo2QRNwwep91M4TYxpGECurY6OIveRk8BZZy3MPsFcK9kI0MOXKlc18z9TjklM1yVcpeAfU5UprQ0IQooa1mgZ9E17ydk98gamxMkmlbGxucnc+iqUsDFENR0klXKGNHlG7j6BX5fFRwgYDWtHZcggjpYQyMY23Pqqm5Vom1QQuyW8kLNKQPTIVdVTV1QdR8oOw7YVjbLcNpJG4PICHarXI8iWVv1bgFX+hoAAaBgYQBPkY2EMA2wu1FTFRwmaY4Y3kpz3tijdI84a0EkrzrqXqOa51Bhp3lkDNgB3RxjkCbwA6i6gnu1S5jHkRA4AVVFDp3SDd8hSaaHxMgHjutMYqKE5cmPp43udsNhypgbjAOykQRMZGAG4wFYW6gbO0yPbtlU7MDYwyBoaASN8SRuPRW1LROe5scY2PPspDafLQ1rONkZ74qGEE51H/ADSnLcaIRwEmdFQQiCLAJG/qVSV9QWjLzueyVXWiIOnmfvyMrNVdzkqZS/UcdgmRgBKeGTpawudgYT4Gufv2VVTyOmmEXOVbmUUkYYRujKyFq6kUsIjafM4LvT9irL3VaIhkH6j6INqt016uHy4y5x/PAXslhsFLZaJkFPGOMknklY77/iQLltOWGwUdjpGxsYC/knG+VZDun6ds5T2REnB7LkXWuTyJlLJxjckZGUeOPSc4SZGBwFIY0ZAIWSU2wDmkYG2F1OSVgCSRkkvJAKMkkqbyQCkkkmkEkkkoQauHhdXCRhRhgyTnC4unlVHUnUVJ03bzXVI152jZqxrd6ZVRjuIA6s6np7BREj+ZUSeSONvOTwfssrYbBIJRd7uRNWyeYk8NXLJZ5+oa0dVX6MhxJ+XgJzob2yr65VAo4fEA+y101DF2Qb1XGICnhPncN8dgqOU6dzyU50xe90sji5zt8lDZHJXTtggblx7LdBKI5IPbaGa41AijHkH1H2W3oqaGjgEMLNIHPug2m2xUFMImN85GXHupobhVKTfQ46hTTeEON06STQNhlQXPdM/UUqUsFpEd8ElXU+JM/LRwOwU1rGsaGtGAE0N09kQnuh7JzkTuMKjvFY5pFNG7Gd3Ef5Kbc651PCdGznbBZ0uMj9TySXFPihqDU0TpScDK0dJB4UTVGt1H4MIL2jJ3U8YaD6BGEMrZPBh8Q4yAqKndNVVOQM77ko1fVPrJRDvjOAAp9LSx00Qaxu+Mn7qyBGMEUekdlCqJyXYDVIqZtOGqEdyijHLIM759UicBPUOtq44IjI84xnHutddeeEJlP2RL7dxQU/lIDnLzurnNVUOlLjv6qZdbjJXTOBeS3OwVe2M5XpfH6X40pM89rdRGc8RCxxZwfVElcWYDeV3WIm+uUSji+Y/nOGf9F2Ixwc/eS6OlbpE0zcvcN1PYAOEGMaWgeiU0zY2HJCYlngvsbV1EVLGZHu+w9VirxeH1T3RteVNvl5ZJmCI5cNlRx0rnu1nunRjjky32SctsRU0Bc4bK3paXgkIVLTgaRhXVPTAAZC0ReBUYuXYyniDRsMI4GE7QG8Iep39KLsao4GyP09lXynxp9WfKzZGrpiXCJhwTyht0xt0gYWmmvLM91uItIaXZ8pbsFS9RdRwWKhfI52XngKReL7TWaA1NQBpwSBqwSV8+9S9T1d/uctSXubE44a3PZdrSaXdyeB+pPqOrxVO2LzYznUl/rr7VOnmedycDPAVXTxEu3Cc1rnYyFMiiAwdOF39NRtPh+s112un8lzyx8NN5Rhqt6C3ggPlaN+E220b53DAwBuSrWQNhZgDhdFJRRhWZyE3wqdulgA/NVdZVy1M3ydHuXfU70TKySpqpG01Lkl5wXDsFprJ09FQhskwD38n7pE5ej0PjvFuzFkiJZenhB/MkILzuSVeSvip2NDsDZMraiKiic87E8Ad1laq6T1b8EnCx3WYPUV0wrXCJN0r/AJmUsiOGjYlZ673mltMIfq1uPbhRuouoI7bCYad+qpeNsfh+6xM01VVuMtTIXk77rh6rW7eDQuBXO4T3KUySuOOwUKONodlH04XGjDguNdc7Xllok00Yc3YJz4w0cJ9GAWp07PRFWMcMRyVswIB27KK8jPKm1OdBBG6rDkd1srZw9VF7shUk1qez6gnGRcjMFcUkNGnGFHIIO6pPIUlgcisQQc9kVhwVYo5LHkg4XGMwOMI+Q5uyA8mN2FMEOELg5RMZGcIZBBUIEHC6hDlEHChB54QSDlHTSBhQhGTmuIcCuHlcG6gZMY7UBvhdkGwGMqO1xaPujscDyULCisg9PsmaAN8KUQMIRAygJJYI+C1GpXnuVwj1QvpdtsrjNiWslg5xdghEYc7KLDIBjKlRnJC11PIhrkODkZSTWkAAZT8ZWhNAZApI2MLjSM/ZRxwVk7pJQpIcDUApIxgbLjhkKnXxkDfl4K8jBwhyA7YUuVgBzhRnOyCs04YY5PKBrhOCCF08rh4QJMMKyQgqZG4Pbg4/VVYc7PGEeJ5zlNhPHDAnAlyRgAad0JmQRlHhLcYO6e+MYyAm/wBxEeGNacjJQ3DUAnaR6ImMqSeRnYAPLXcbKVTygYUd7MoR1NOWkhUm4sHGS3axrxkBB0EFR6epkacOOQpYnY877I1JMFrAnNB7YTAMKUW7ZQgC7kYwm7U0Buz2cjxwQnaGkHdO8PA22ynNbjvyhxkGUkiI+Ib4HZRDG5p1BXPhtI45Q3U4IOGoZV5LVpAjkwcEJ+A/hNmpZQcsbkJgc9hALUlxGb0zrohyBuo7g/cY2U5rw5mCUJ0AIOyBxz0X0RWY2yiyY07JssJ5aEJrznBHCmAzuk6uEVh2wnNAxwuYLhsi28EEThcO4ymEEcriHlMrAXOVwjPZdwFwjCNSIBfGRwNk1rXtzp5UpmDyE18YKj/sRyxwSaC5SQs0v8yvqWaKqjEjHD3HosmQW9kSOWQcOI+xRRngdCew14cWJxeHYy1UtDem6WxVQO22pXkTY6lgdG4EeyNSybIWp9i3KHPSRVDcSxA+/dHEZDscIuWjCN8GhVQsXKKGShqKOQvpXuA5wrCkrYqtvg1TGh3qQrRrGkFulDNBTEk+GMlLc8A2aDCzAqKyjdTu1MOYzwfRRckHdXr4HR5bu+M9j2VVW0TmESR7t/yRP7zHOidXLQ2KRzXAsJBHoV6F0D8Tbp0rWNfI509McB0ert7e6808Qx423UqGc4CzXUpmvx3lrtFLdWz7U6T6ysvWVC2stc/nxlzHDBV29o9V8VWHqO5dP10dwtk/hyMOV9H/AA++LVo6oiZQ10zYK5oAwTs8rnTqcWfWvBfVdOuUabeJnoR5wuEZSAz9K7jCW1g9pFpgtHm1Aqsv3SlFfacslhi1kbO0+b9VcDZEHGFFJx5FaiiGohssWUeIXK2XjpKsdC8udBq8ru2FZxVUVbC3U4bjcdivUa2gpa6MxVcLJWHkOGV531B0XVWucz2kOfT51aDuR7LTVqmnhnjvI+DlVmdKyv0efdYdE0Nc91TFDhxGct9V5Vc7XVWqoMcjTpB2K99ZOc6Ht37j0Wf6k6VgusL5YmAOO+MLpQs4yeA8l4NWpyisM8ltl2ntswmhJz33XrXSHXENXCIq+fJOA1eWXSyzW6ZzCwgA91Gp6ieAjwn6UbeTjaeVuill9H0lDUiQjHB4UprAQvI+kuu5opmU1wflhGA70Xp9BcIq2Nr4HAtI9Ut8HpKL4Xx3INNECOECJ9RSvD4XuYc9ipxLXDZD+WD9zspDUThLMRt2mhdXsaBXSzw9Q0/zVJiKriGSBtk+oRuj+rJaGb+DXrIcPKHO7psRlpJRLEcEJ1ytNJfmCeF7YKpvf3Xa0nkPkxXYfM/P/S7bcqomqqIH07xW0b8sO+yv7F1BHWtFPOdLxsCe6876b6iqLfObNeQRp2DjwQtDU0roiK2idlp38q6E4r0fNdRpZ6aeyaN+TlClD2HxI+3IVBY794oEFQ7Dhtk91omua5oc05WS2hTD0mqlpZ7okZ7vGxLG3fHHqVFrrOLlF4tO/RVwjLmDnCmTwOYTLFse4CB4z3yNqaY6Joxg/wCL7rxPlPFK3dk+tfTn1FtxyVdLVOL/AJaqBZMzbPGVfWy4CKQRVhL43bAnsoddRQ3eL5iACOpZ9QG2SoVHK8uNNUjS9u2/dfOtf4/4ZYwfavE+Zjqq1lln1L01BXwGaFoc0jII7Lyy7UdZZ6gSM1BzDkEbL123XF1O75Wq3jPGeyidS9MwV8DpYmhwIzt2XCu07iz1Gn1G4ifD/rmj6gphZrzIGygaY3uO+Vv7bdKywTilnd4tK5wxncY9l88XW0VdpqBUUhcySI522yvRugPiCzqCnbZro0eOwaQ5xwVkawbWsr+xv+r+lmvpz1V044ujB1Oa3kHuCpfR3VUF3pxR1paJWeUh3KVmuc9hlMEx8aim8r2HcAFU/U/TzrLWM6n6faZaWTzSRt5CGuThLImUY2L45I090oTQSioh+h/I7FfL39qj+z7TdY0c3XXStG1t1iBfVQs2+YA/15X1N01fKLqm26WjL2NGpp5ChXO1uppdOfKdwu7oNa6p7onJ1tENVU6LVy+z8iZGT007oZWYx39URrzjhfU39qP4Dto5JetukraGt0l9bG3lzv6h78r5YAyCF9L8Z5COqioxPkXmPBvQScl7JDXBHif7KC0nOSjxu3XaR5ecSzglLSCrBsjZGjOMqnid5RspULyHDzYwnRlgxzjhhphgjTwhtJzhSHaS3PdRjyj7QKYcHbcpZHqEDJ9Slk+pSpIskNGMj1R7bWPoqpso3GRkKK052wu8j7rLfXvjgOEpQmpr0erW2sFRAJMdlJlAcM4ysd0fdSW/LSuyW7LX6gcjGF5DW6d1zaPo3jdUr6VJFFcaMwSGVm7XH9FcdMXAsd4LnfZMqIw/YjIVRTymlrDgkDK5F9XB6nR34WD1GlqiCAMK3o6xwcCshaasTxNcXbgYV3TyBu/+q4uopPR6TUNcm4t1w1AA4V5DKC1u6wltrMOAK0tJUhwAzlcqyva+D0Wnt3x5IvVdv1BtdEN284VXSnxmah+a1cjW1UDoX76gsf5rdWup3jyk4RVzCtWHkkPjBHCrK6jEmdtlduILc8jCiSxCYaeFuqsxyZLavkR5peaF7Kl2G+X1Xnt6pTHUOIZgHde3Xq2sdA8tYNX3Xml7t7Tr8m/K9Z4vV5weG83oNyeEYQsIdn0QqtgmhLSFPqYHRHJCh40nJ9V7Cm7dHJ8i1ullTY8lRIx0J0kbrscjmOD2OLXDgg7qbW0+t+towCFW6SDg9k5vKOflwlmPaPT+mL7R3qhbbqp2KhgwC47lTKdpglfSvOACcZXmVsuEluq2VMW5aeF6NS3KnvEIqIxh4A1YPdef1mmak5I934byL1EFCf5FpTSy0MwkaNvRbywXqKoY1zTuORlef08niAwykEgeU91NtdZJQ1PlcQM7riXVnsNHqHFqLPTZ6akuUWiTB9F591DZZqKdx0eQklrvb0Wxt9SHxtkYchwyp09NT3GA087RuNvZc+XDO3Kv5EeWW+uloZQ5jsYO69E6b6gjlLXF252IWKv9klt87iGYbnIPqq61XKWnqBpdpwUm+r5Vkqq16aeD3WmrpIJWyxOIwc7LXMqKa60wdsSRv6heWWG8CohY2Z+c8Fau13YW6o84yx4wQuLqdLjo7+l1e7st8T2uo8SPOjO47LXWi8RVcYaSNSoXiO4U4dEQ4OGyqhUz2qfIBxlca2rDO1VZjk9MacjnK6dlS2a8w1sTQXgO+6uWu1dlnawaoyTQ4S4PHKjXW3U91pXU1TGHNI29QUYjCK0tccZQqTiwZLJ5VcLZVdOXNjzktz5XerU+6xw1cDblSgBzf7wD/NegdQ2Rl3oHRtAErd2krzMtrLJWOgqGnTnDmnghdLT6jDwY514Mf8Qeg6brmzPjDWNqWNJa7TuV8i3myXHp65zW64QGMxnyk8OHqvu+ohZG/wASHPhyDUPZeY/F34XU3WdsdVW+NkdfDl7Tj6x3H34XtvDeYlp5KDfB4P6m+nK9bU7ofmj5TG/CeOUqymqrPWSW+4Uz4pIjpII4Qxg+ZrgQV9D096sipfs+KaulUzdbXKJTOMJYwhAorHDG5W+EjBgKgruAfZERp5KcsDUl0jC4rKyJJOx7pqtrBSYl0HHZcSQlj00/ZOSRRlgE5+S6kkrbIJJJJQg5JD0+66BhFlA4CZKWSuLuCh3EwheIUhISVxJTJYXOyGScpLimSYEm5KScoVwhJaCugd0QYwNkyMMkbB6cdlwQj+n91Iw0dktY/o/dN2C/kwB+XI7JwpcHzFH8TPZdDMHOVPjj7Bctw1lJDyQco7adoOQAuNdtjC6Hk9k5QXojTHCNreAi4yhF59E7xHeidGKXIDyPRNKDgogYc7rTHkWwur2XNZ/p/ddDCcFEa1vOEyMclAPMiMByntAzgBGDe+E1QFylgTRsMomAugHCctEYpIW2NHKMACAcYQ0ZExMpZEOUQcJgBynjhRAnU9MT0zOAhiR3THSsZnUeEB9wgaD5hkKpSSXJcY56Duwx2onCi1FdG1mDv+ahz3AyEhrshRwHPdk7pE7svCHxglywklY9zsNGxTCHuxtyjxQgYOlTIIAMeUIOXyRvb0CpKf1araGnw0EN/dcggwAAFPDA1n2TvxQcFkjOaWtJ9FV1dTq2HAUitrw8mKPYDYn1VRPK0DGc5Wa27BTg2wVRMdWyjFpccnumyeZ2Q5cJwAAsVlmR0Y4Q5xI42TCCTgLqe0dikv7gmjmkHsn4C6nJsYgNnADlPHCc2PO4RGswcYTFH9At4ORxkHhSYosbpRxqbFFwU6MciJyBsj9sI8bSANkQNAHC7gLTCOOTPKWTgaMcLq6khsf6AHJzvpJyNkxzgGk+gVBeLuYYHASaSf3WW66Ncd0hkKp2SUUjt3vEMIJG+NgPUrG3C4Szkku+o9jwhVdZLM8vc4nKjEk8leS1uulfZhM9Hp9NCtJITiXfUuJJzWnI2XOnLHLOlXAIDvsjtBQmAhu6kxjJCyyluOpRWcYDlS4ozjcJsTAVOigc/Aa0nPolJZOnVX6GUtLJUSiKJpc5y9Z6B6Ba1ra6taNXIyEPoPoXDWVlXFyNQyF6fHHDTRCKNoAAxstEIc5Z7LxXjNq+W1EimihpYRHGA0NHZBqK7wxhoB9lHkqXZw1NiilmlGB75K1JKKPUKWeEhkcc1XMS4/r2VpRUgjOcdk6GnbG3GM4Ro8DvwhcssdBYJDQGtxnhBcXE7pb+qG92GklRywHnPQOrn8GEvaRwsw46pS7uTlSrtcXOkMEZwAosBy7hDvyYbpZe0mxHSAAMLkwL24ynwwOeOFMjpdhkI93BnVOXkpXQkO3CJFHg7hWNTAGDGBlCp4S93orU8h/xx9OwuI2U2JgYNgmxQhg3GPzTnncAIJM0117QjAXOwrKjhAcCQolNHnBIVkxoAACtNmutE2IMjb2KA/z7ArjiWjY8oYfp3O6I0tLB12iJutxwAqa517ql7mZ7ItzrHSANi7bfmh2+1zVLwO7t/siyI25ZDt9vknlDdBx3K2Vq6aZqbMWDHuFY2qxx0gaZGggDOPUqznrYqdhzhpHGSpkfGqKXA+Gnp6KHUAMgblU196wgttK9sThqdzus11P1mWn5aBxJ9iszHTVNxJqKzPm+lueB7pFk8LAWcPCCVl8uF7mIaSwffOArG1WF8jhK8ZH+an2SyMa1rnMAb6Y3JWwobVgDyBo9FklJtmynTux5ZCobVpDQGYAV1TUAZjOylRUzGMDWsGykQU7nFVuSOxRpYwWUCjpRthvClCJg7IojDRtshSTMgaXPIwlzmbI1qI5rcEbbKPWXSmonYAMjuzB9ShyV9XXyeBboHjOxld9I/NWVv6dp4nfMVBMsx5LjkZWeUssYuCBHS3a8DxpHilpzxHnzFX9vttFQsHgxDXjBd3Kk6GjsBhdLSW7d0qTWCNiy0bjG6BLJ5S5xDWjknhRKqtEbjFEPFkGwDdxlMhtVZUtDrnUnB3MMZ8v5pG7DKwckrg86KOEzv/qx5B+akUtukMwqa15JPEbT5QpsdPFBGIoWBrR6J45VylkJI7GxkfljYGN9AMKU0jG5QBwnDlA2iwu2+OSlnGyXA2XEqUshnyqNk4bpiS+0H82pRTHpLgOV1QAYkkmueAFAxLhcB3CC+YDOyiuqAM53VNpFqLbwSZJsFQ5aokYCHJU52UZ7iSk2SOtofFX6uWIoK6oJ5CETkkroYT+aI2HuVlnYe98V9NQqSlNZYJjSSBhGjhJIKkRwAYJH7ojdLQNlmst9Ht9NoYQXCBtgGMkYTy5sXA/dcdNscBRsue7JWWdh0oV7Axm32bsuY2ykI+6cGHKTJuQ7gGWkJBpKktY0tyQu6G+iooCyEnB2RvLGBgZXH4BG+FAq6sud4cRzjkpiWRdt0aVlhaqrDTsoDg+d5e8pMDpHZcclKeohpm4kONk1RwcfU+Qys54OxhrMk4291QXzqmGl/wB3pyMk41KuvXVJfrpaTbs5wKzMo1kOO5TYJHlvIeabzXR/1CVMslTK6eR5eX9ygxxkOGyNG3gY2RSwDGybBcnmLbHN5kNDG4RBEM4BT2MKKBhaYrgzym2DxnfC4XbYRC8BpGOyAW78qijjnZ7LiSSsMSSSQ3VBCz7JaQnEADKCXHcKAiedPvlBfLoGdilI/G+dkCKKWeQNaDj1S7AooYWz1czY427dz6KVHTNhOe6PHAIhtsmP5VRjl8jGwmcIL3N0ncJzjgFRSC5xGUcl+ihjnEu5RGQnOohdZA7IcVKazYbKootvAxrcBEPCSajKzkGfrTTwkuYJ7K5LJDgG+6eQOyThgJjeUBMuTHkYQJcAYCM9zcYyocjvdKzhZGRWRsjvdRnuzy4J0jgTgFR3k55WebyaIxwd1H1TRkrqJFGTv6Kg28DoYxscIkkmAAAkmgHlCLzuYk9JDf8ASVCCJ2O+6ES4nKW+fZPwNGe6gXQJJI8pAZOELWSHI2lzw0K1o6YDDi3dRqOmIeHkZVs1oA2GE+EBFszuzQAAhTPw3HqiveAFEe/B9U9cdC4rIFznF2V0BLHdGAAGArG9HHcFRiTnlSCcgoA2ckWySGVV73gNTs1HdW9rts1dOIoAedyq+3wSVUzIIWkueQNuy9x+H3RDqbw6uSBoaOdQ3JXPut9HsPBeNlq5bEW3QPRUNvhhrnRtMncubwtR1Rfo7XRuAma15bsCeysKiamt1NrdhgA2HqvIupru+710rQctDsN39CsN8+D6TCEdFUqqyrnNRerkSwF5edyTsAvROnrPHaoGu0ta9w3VN0vYTTAVM45Ofv7LUSPGxzssMpNm7Q6eSXyT7ZNa9mnt+qjTVPhg8KNJVBgwoElUKmXwGkjHJSpSydVBJny1M2lmXFxwFeW+jFDDl+HSO59lFoKUQSNkeMnGytGML9yqSGQDQQH+8l+4yqXqPqWOjY6jpn+cjchTLzcvk6JxacOIwF5pcK19XUuPJJ7Im9pn1GoUPtQOqqp62fwoyXPceVuekOk2ULG19dGHSuGWg9vdC6M6WbE0XCuiBcd2tP8AmVr55hA3YJU57Rui07k/ktQCtqCweG04yN1EhjdI/K47VJKTnKn0sYaQcbrl6q7J26qsdEqgpgACWqwc4R4j2ymRMEbM9huiU8YneKotJaeFybp7jdXAJCzJyV2aQkaGnCbM7Ts3hS7dTMlb4rlgnM1RiFt1Cctc5o9d1choaAAAo8DAzGOydNUMpxlx5WaTyC1kfVVMdLEZJD9gsvV1b6ypAduDwu3OvlqJjqO3YLlHEzImeMuCSMRMgayJgaAAmPcG5wc5TJZsnYIecgqwwgy949Sry20PgtEkgBJ/ZV1ppA8molzgHyhTq2tfDGDHttwlWBgrvdcZpaZ252cVHtlBJOdzvyT6KPQ0ktfU5aO+XFa6jo46aIMZ+Z9UkiORt0NDfQAJx2aXHYDko+kDdYzrHqXw8263y5J/vHDt7KksguWCB1T1O+re630Ly2Jpw9w/EswBnYLm53PJ5RYgQc4ytMVhCZS3Do48425VvRUemPUQEqCh0/zZBueB6K0gpi57YombHko5y2hxiwdFROqJMcNbyr5sTYmta1uAAlT08dO0Na3hSHAEbpDeWN6QxrmtGojYKmr6/WXTuAEUe2SUO8XeNpMEbiGj6nDv7LJXq7GtBpGZZEOADufcpkINi52+hXG6yXCYtYcMHCBE1xwxu5UVuI8D1VxbqctImlbt2CfjaL3NsnU1PFQw+NLjURlDHzdzq2xQjW+T6WhdrZvFb4IG5Oy33QHRr4g261w0ynBYPQFKssjXFtsZuyX/AEj07BZaVriwGpcAZCRv9lqQXeiG1mHZKkswcHG64F1nyNsCUhuDnblEa0jbCI1oxwn4Cwzk28CxADCMBjYJAY2CelkGJJJJoAkk9JQgkxPTFCCTE9MUIJNTk1QgkMfdPKA5wZ35UUdwYO4XGitdLJV10wjijY57ifQDJXmVujrOuLo2+3Fzm2yN2qjgdtt/UQjXC4/+0W+spqQvFkpHZ8TOBUuz6eg/dapsUNPG2CFjWMYMNAGAAtNVZa5COkbCzDcBrRsFkbjcZa2dwLvI04AVhfblHo+ViJydiQf2VG3AHK2wW0fFcDZC7Ia0ZJ4Wx6espoacVM8f82QZyewVZ05ZnTVBr6huWxnDWnjK1yCUwznCWR6rhIUd5JyMoHYPUcjamUyHw4+ByUoo2hozhJgGrK43PqhTbYTeAnh+6j1U7aduXboz5NI9Vm7xWiZxhbIc98J0VkNYZHrKiSomLnuyO2OFYWWgbJmqmbkA4aD/AJqDbqT5idoeCWt3K0rNDGhjGYaOyYuCxyr7nVviiDGbajgqXPO2GNzzwAqyCCStlM0zgB+FpRkD0FOGt8eQZe7jPZTJJRG3jK40COMAngKHUy+IcBRLJAE8pe4nKTUtPuuEhoWmEfZTOSyCMZPCxHUd7+YkMFOfK3YlWvVF3ELPl4n4cB5sFYoyEZLt8ru6DSSf3yOJ5DV/H/pwBDJOeVIGGszjhDjxnJTpSZGeDGNyvQ1wwsI8/l5yObE+skDWjDRuSrqCFsTA0AABBt9MYIRrwSRlS9gnIbGOTkjgwZA7LNXq6xOa6mYfN3IUm/XV8bDBA7BOxKzbIXyuJcck7ptaBseFgE6PUR3U2KINAACTYNGNQU2liMrgcbBNM2xyeSRQ0WB4kg3PA9FNADQnMYGR44QcEuRjowSHZJPHCHPM2EZOEfZjc4VNV1JqJ9DeAnwjuYq6yMI8nQDK8yE8qBd7nDbITLKeM4R6ushoad00pxpBXinXfXE12qX0dNMfDbsdJXb0Wmb5PE/UvnIeN0znnl9L9lb1n1fV36sfEyUiJpI2O32CzUUeeyc1moj91NZTbDbleg0uncT4Fr9ddrrXbdy2DjYMcK7t1uOnxZRzwEy02wyHxnjYcZV0HM+lo42XSisI5+cvA6LRTxhjGAevuqm5VUtTO2hpmkk/UQj1tY4u+WpRqldtkdloOmenRTs+cqm5e7fJ5Klk9p1fHaGWpn/Yb09YIqCASyNBeRndWU9bBSjEu2yLXVMNBE58jhvwM8rA3W6urZnOLiADznYLDbYksnt4wjRBQj6H3K7mtmcBJsCR+Syd96jipw6lpXtdJjBOMgKJ1BfWt1UlE7Lzs5w7LOxwOcQ8nc98rg67WxXCJGWQup8zvEeS5x7kqQGYaNkOOLGFJ04bwuNO12PLNCi2QZ2hpACY0EOCLUDzBcwA1Ka5B6Yel+lSJRso1MA0qZNu0YTYND09ywVtUANh6Kse054VrMCSVBqGcYC1we05mthhZQJJcyR7rqYcgM1DlZtsF2LsjyNaWAYVt4HJFe5pBOy7nCLo3OQhEY5UXIixY4JEb9xldqG6jqAQg3BBzwpDXDSAeyegQbe2UngchMmB1AhEjIc1VjJAKeOV1wOeEPGEJA4IxyuoAJzyjDhQg1zfdc0+6IuHhQgIprC4OXMHUntAIUDzgkxnI5SPKBG7wypA8wCH+wSlv49g5WcYUbT7qaYyo8jVaiVJYQJkxBwrCB2tuPVV3hlu+VIgdpxuihLbwzNOOSduDyjRuG3uo7ACPuuhxidvvlaoCZxySyARshtB1eicx+QnachPf3ISm0zoIwuoBDmu5RQRhXGXopjXsyMKM6nIyc8qamuGQhnDIcZFc6PSVzT7o87CTkBDAx3WZrA9ME+IdhhDa/GxCmuYCMYUWaEjcBAMTTCRylpG6mxyB4G4yqppdkbY/NHhk0kK4yfQqyC7ROLdwcpzT7LkbxI1JzS3fHKYkLT/AGdIyhub7pwkycEJzwQBsixlAgsY3CYJXtdscYTiTjhDILTwqxjkiwydT1LyQHuypoa0gEFUwGDkKRHVSQkDVkJkbOeQJwz0WiSDHWRvAGd0drw4ZWiO2SM0kxAHKeG52TtAT9PupsIC8IZ45USqoHSeZuFZafdckGd8oJVLBN+1lG6KSEgEJ8eHDc4VnLTtlH0qulgfC/YZ/NI2YGqakNfEDw391FfCWnYKU2oa4BrhuiMaDvpS3Bvoc5NFdqczYtwixYwN1ImpdW4aogY+J2cKvuXZNyaCOj9E3R7ojZGuAyF3GobI+GE3gjFmO674fujFnqFzR7IJLBaeTmn3S1eyWr2S0+6hQi0YQi3c4CMuaW+itsJoApdJXVNK7VFIQB2J2QfD90wE+iieC90kbG33Smq4xrcGyYwcqa+im0eIzcLDteQdjgq7tHU1dRODKhwli9HdkUZHRp1WIqM2XdPVeEdEzTspow5oc3cIkQtt5g8WleC8jJA5Cr5obnannwWGWPuPZFwzcrpVNSfMf7EqRmnGSmGmZICcD391Ko5qSvYCSQ7gg8gpVVNU0RLo/M329EfRpnCF1fyReUZ+vtDt3xEDG+CqtzyxwGFsoJIapmDpJ7hVl4seGmpgHuQqa3cHF1Ohx/qVFPFPsN1Mgq3wPEsLi143DmnBCrHxluMbYTopgDhwWedSYim2Vb/ufQXww+N8cbYrL1Qx5AAa2qb5jj3b/wCq9yikhqYmVFPK2SKUamPachwXw1DK0jAC9G6C+Ll76R8CkrHmqt0ZOtrjuAeP0WO2nHR9K+nPq+UMabWcr1L/ANz6fedJHdJrshVnT/Utm6rt0dzs1WyaN7Q4gHdvsVZdisrWD6jVbC6Csg8piJyU7Y+hUfJ187IjfpCVNuL4D2p8GY6h6Ipbm91ZRP8AAqHbkDZpKw0gqaCodR1kZa5pxkjlewquvPT9uvlOYquLDuWvaPMCtNV0o/kzheT8HC9fJV+R4vfunqa5QuljYNRC8vvHT9TRTOxGQ0HuF7lc7PcOn5MVTC6lycSAZwO2VX1lDQ3SDzRxysPB7hdGu3cj59r/ABKf+nYsM8FbJJBJ5jjHK1nTfVlXQBrXSuLWn17IvU3RU9PM+SmYSzkHCx8bpKeYteS3SSCmbkefhCejnta4PoCx9Q0l1ha+OUA4wQTuCrxjuF4HZ7w+keJaZ5PqF6h071dBXhjZngZ23PCBo62n1EZr7jWObkIA1RP1tJBUjU0DPY8JpAOMFVGex5RrnUprLDVdNT3ylDXYjqox5X9yl0/1BU2OZtrvDC6F50teTtlAALTkHBR5ooLlTmGoaNYGxXV02ufUjxfnfpqrVQcork0lXRsLRXUDwWO38vZTrL1D8tIIazO+wJWJt1TdenpjguqKYjDmOPAWrppaC9wAgNa48DghdWL3o+Q63xd2hsxYuDdxSwzxh7CCCq6roZICaiHduckDkKgoLrVWWT5eqa58QPld7LX0tVFWU4lgeC1w7LDqdMp9gaPUy0090WVTJSCJoziQdvVKoZHdIfwxVUe+2x/9UevpXRNEjW4GcHCiRh0Z1jn1XlPJ+NhOPR9V8D5tpLkFSzPe40tX5alvBPDgrmiuL6XEFSNUZ2yeyrquKKvYJI/JKz9cpUU3jg01VtI3bJ7r5z5DQuuTbPtXhfJLUVrLDdQ9PQV8BqKdoIIzt2Xlt0tNZaK352iLo5WHJxtlew0Mr6fMZdrYdsFV1/sMFwhM0DRkjO3ZcC6lo9XVZngB0J19DeYG265PDaho0+buvT7LXxsYbZVtDoZMjccBfNtbaau2VnzVMTHJGc7d16Z0V13FcoWUNc7TUsGAT3WKUTRKrcso0ldQXLoa9m7W/LqOZ2SG/SttBXUfVNuFRRkCUDUWjsVBoqunulA+03DS9kow1x7FUNPT3HoK6eIwudSvIwewCZTN1vL6MV8VLr8w12tENwhkpKuBsjJAWPa4ZBC+CP7RHwVqehOo5bpa4C631bsN0jZuNwMduSv0jrqKKvpWVlFjDxrGO+eywfW3R1D1lZJ7TXwsexzTy3JB9QvR+O8hLSy3R6PP67Sw11Trs4Z+Vhf5i3b9UVjs52W8+MXwtu/w/wCpamnnpyIictLRtjK8/avpOh1sdVBSifIfJ+Nt0V7hNf4/wS2OxjZSo3eygNKkRnOdl0ovJxbIYLJkhLd0w8lCjeO5RM5TkIccCT0JOUKCDlLGCuLucpclkjJVurXUNS2YHYcr0G2XL5mBr9jsvNO+Fpel7jo/kPd9srja/SqacjseG1cqLVXJ8M2weH8hQrnQtLBPGMO74R4iDuEc4e3S7heVurfR9G0t2AVjrXMc1jncHBC2cD9hkrzqVr6Kqy0kNzkLXWuqdVRtdqyMBcm+vDPR6K/c9ppaechzSCtHbKw4AWQhfpxurGjrXRvBBxhcq6vceh012xm5gqdWOyr79bvHjFXGMFq5TTNe1pY76hnZWg0yQ6H7hwwsahhnW3fIsmfopfEi0OPmbsUTSQC1R543UNYRjDXFSyQ5ux5TVLDFyRX1kHixnbIHI9VhOpLSQwzRtOHE7ei9DeBuqa5UglyMbei6Wk1U6prByPIaVWQZ4jdaAsySzGFRSsLXZAyvSepLY1viaWY5WCrKbSMAL3nj9UrK0j5Z53xrTK92HMIIVVVQkE+XAVk8mN+CE2SNsrctHK7db3o+f6it1WPJTYc05PZW1iu7rbUg6jpccHdQqiIMOA3CiaSNspV9SnFph6XUy09inE9a8USxR1kByCAeVYNc2ZrZW8kbrA9K9QCJooap3GwJ4IWvpqoxP1M3Ye2V53U6VxPoXjNetTHKfJqLNeJKJ4ildlhON+y3FJM3VHKDljl5nG9s42HCv+n7y+nf8nVvyz8JPZcW+pro9hodVxssNlerTDcqYkNB2Xll4tslvqtWjSAefUL1akq9GMnLHcFRL/YKa507pI2AkjOAs2OcM6FtW/lGAs15fSAZccZ3C9BtN4jrYWhz8nsV5bX0c9sqHROaQ3OxU+y3h9JIPMdOdwl2UqQqnUOiaiz3Lp/qBlK8U0pBa7grSVtPS10Ye0jzDYryWhuMdRG2eJ+fUdwtn09eTO35WR2SBlu64Op0bUso9NpNXlbJsl/73aqjUwktB7dwtvYLyy4weG53nYFl5sS8hQGvq7bUNmgcQAcjHp6LkW1NPB04TafB6gHjjPKRkLNxuqa1XWO5QNIcPFaPM31VpG4AbrPswOUskhk5J0uGFV9R9OwXamMrGgTNGQR3U5w1kadkSKfSAHDhVFuEk0RrJ5g0GCb5WoBDM6HD0Q6qlMLy36mO3BHotz1R0+LjF85QxtEzN3NH4v8A1WUcBM0RO8kjPKWu9V16LnJ5Md1WTxP4wfCOl6spH3C1whlyYCWtaMeIvmOop6mhqpKKrp3QyxHS5rhjBX33V0j2uGQB6FeNfF/4PRX6B97s8LWV7AS4NH94P+q9v4XzHwyULeT5t9VfS61UXqNMvu9r9nzQD3CcCcpr2TQTOp6hmiRnISX0OFqmsnxy7TzoeJBxwnjfKCOUZn0hPRkawdSSSTAhJJJIwQqEkiqF9gkkklChJw4TV0DJwhayQHuDwiNkIGMInhAjOEMxnPCoJPIQHIykhJK8kJGR6rpDSo2H+qfkq1L+wA8t9lzR7Ja0tfsrLHafdN0FODsdk/UMcKFAl0cpyWCrj2JlLLHAd11JJaorCL7EnYHKanIgTgByitJAxhcLQOAigY2RxjkhzBPsugFpSacuCJpaQNk5RwU5jcDA9UYNGdkwNI7IgaSmwjkCTCCMIgYAcofKK1u/KcomebO6QCAOy6AcjbZPbwiADKfFYKc8jWtzjJRWtxgpBuy6BjujESluHhoC6kNkkQwS6Dg5XF0NJ3ARN4EhGyA7YRQRhRCQOU19SyMeZ37q3NR7LSb6Jhe1vLgolRXMYCBgqsq7lglrXFQTJNUH6jhZ7L93EB8KWuZE2ouL3HDRnKiCNznZIO6PT0xOC4Z+5UsQtH4UEHZLmQyThDpEWOmwM4wpkUQbjb912NvoEaKEkrRGC7AlLPQmR7gAKxp4AMHTgJkMQ22VhFHpAdjCjaiRLPIo2NYBnbCrrlcdWaendsPqcP8AJDul1D801McafqcqSWYMGOcpN1uBqXpB55QwbHchV8khdyUyeYvKaN8rnWWuTHRid37nK6B3SaMlO47Iey+jucBPH2SwnpsYipSwJPa0532TmNJ7I4YDjIwnxjkBvB2NoIzhFjjAPH7pzI9uEVrCDwnRgInYdhYPT91KjaMDZMa0DcBFZ2RGeUsjsbYQ9KIkrk8ADVw8IhxhZy8XptKHGN/G33WezURr5kNqqnOaSQ+9XiOnjc1r8AbH3PosTXV01VKXyE4PA9FytuE1U7MhyM5ChkknJXldb5CWok4xZ6KjTKpDycriSc0HK5T47NkINsYAcqUxuw9UmsGNxuigdkmyWTo0VNcnPDBAACkwREn0SiZkjKnRxbABuT7LMuztU0vCaFDS5IIHJXpvQvQ8srPnazS0HBa0jdROh+ipZnx19wi8vLGHt7leqxshpYmxxtAAHZaa445PXeK8XjFliDxFtJTshaB5QgSzSSO0tbym5MrhupdNTHILgnZ/R62MVjg5S0b34fJwrBkLWN22ykyMMaBhdJGFHLI6MEjrn4/NdjDiUEE6keN2OyAZgIWgA5cqu617IYdGRk5/JTayojhj8V7sALJVErq6pc9hIYDkk8KpSwLm+MDMOkcXnJ1HlWtHQv2c7bPHsn0FAdIe5o3GQreGnbGBlVkSq97yAhpsY24UoNEbQcZTjgDYJj3bYV5Gxgo8kOcGSb2PZHgpQ0A4wnMgLnZIXZZGtaGjsjSySQ2TSMAFDZkuTCSTsjwtOQcI9paeSbTeQDZSvEHp+6hRu42RjkkdlQ+AYP1IEzz9I7pz36Gp1LTukLT6qDlzwNhoTMQ7Tvlay10ENLG17owXAKPQW5rAMt2+6bcrzS2xpGrWW9sqZLliCyyxuN2iooC+UgDsM7rzXqDqmquEroad5DW7HBUW+3+qu0hZG4taTgb9kK324aBkZz39ShlJgxk5PArZbHVDhPOMkcArY2mymXzyOx7YXbJZjLjyacDbK2dBbvlIxsN/bdZbHlnS0+lcnlka22uGA6tOccBW0ULewwnRwejcIrAGHcJcmdujTqCOww5OcI7WhoPdR6iqjpWFxIz91UyT3K7SCnp2+HE7cyHsEhybNaSiTKy8U8LNDDrnJwGD1TGW2qry0XDDYzvpBU6gstNSzCd7fEfjAJ9fVWZGXbDJKCb/AESSyDpqaKGJsULA1jRjZHAwMN3PZMlnhgGJHafZU8tVcLhqhoWuhjPMrhg/kkTe0hZVd1ho4yZRmQcsChRQXK5/7w+d0FO7iIHDvzUqkt0cDAJB4jhy52+VPaQ3ss7k2XGICnpYadjQxnmHLu5UhJJCEPXRyuJKmWlkK0gBO1eyCOU/IDUDZYTI9Usj1QCTnlcycZyqIfLiSSROF9qP5uDiRjlDJwcphlwgunGCo3gELJNgYwo0k2BuUGWpycBR3Fx7pUrMG/SaC3VTxBBX1GcgFRnOc4nHBSAcTueUdsQwDhZ7LvR7rxX0x/XZyRwwkgkIrIxkZCIGDOyK1gCyzuye30nioU84ONiGNl0ANOe4XTIAMBBdIcHGf1WWdueDr1VRjwgpqO2lCdKX4HCGNTjwitYUpts0xjg5jO+U9rACnhm+AiiMY4yhCGta3SNk4NAOQF1ccCoQRIwmPcI8ZTZaiOFhcXb9gq2apfPs48JkIORk1GqhSsyYSvrNZ8GE7DkqPEMYzumsAByVWXO9xUYd4b92/uVpjVhZZ5rW+Ti/vkyfV18NBGZJCPYZ7rD3u/T3AOawlhJIz7eijXG6z1kplkccHgeird3OJzyhaweV1fkbNQ2lxEaxjtXqVKjYdlyKMbe/dSo4xgbJkINnJlPA0Rgb4xhEDMu5RBG4p4b7J8Y4FSk2cAGEMkhEJGEJ3KaUo5GveTsNlx24SITQcqDNiRzB157Ig4XBuc4T8bYUKazwNTXuAGUx78cd0I5zlQJIdJIXcBCe4gYaMkrs0zGMyeew9UqSlfJmSQ4zwChayW3gEIJZnDxNmdx6qWxrYxsugadgUx7y4qbcdlKWTjnHJ3TSQE4kYQsEnAVYxwMGvcXHAXY2EnhFbASM42RGRd+MKkim8HGtAARXNABKQ22wmHZG1gpSyNPKYnJqEISbpHZNDXA5wkTgZVylggiEF0oAOAkZORhBOOcpUpYDjHInSHhRp37YHdKaQA4CjalmlPcPjHAi4lcSTmg5QDujgBypTQAwJMY3GcJoGfyUA/IbjfKfhunPddJZue6EScqEEedlxJJQgsb5S2IIyEicBAycqMgTv90aGMlwKFGC5wCsqODTjUEVcMsXOW1B6eINYDhSHYASaAAMBBmcAFo/Ayt7mBnkwdiuNdq7IZOSU6PurNEFgakkkhl0WPSbDrIDeT+6XJWw6C6YN1uLKiRrtDTgbLBfLJ2vFaOWqtVUVyzUfDDo4yPZXSQ5xjJcF7ZFEymiayNoa1o7KBZrXDQ07IYowA0DV7lQutL7/DYfl4CNRbl2CuZOXOWfXfH6aHjqlBLkzXWvUE0kjqeOXfjAKpenbaKqX5uoGRnYlVxEtdVAOJe+V3K2tHQtpKdkYHAWayW42KDts3lh4gY0YwMdigT1mkdv1QZnhgOSVXy1BcdIHOyzTlg6kGyTJVPncA0YyrWgomDTgZedyUK228wQtknaC47jPZXVBTujcJns2PAKWaoLgNDTHSMhPqquK3wmSQduMoxeG7gLFdS3aSWodBE/ygYRFW3RpjllTf75PXzuY1/lzjbspvSnTktTKK6fAazdrXDP5qFarQ65VbMDZhBd7r0qjpWUsLY2MAACXOW0TpaVqJ/LMPCfl4Aw4JAUCqmMrw0cBHqpseUBR2DfJCxX2po79UAlNEcjLc5V9RUehoke3c8D0US2Uj3ESOGAPVSqyqMbgxhztuuXbPea4rYOLvHqW024YT5sd/ZWehsTQ1oAA4A7KNaoA5nzbxyEd+p52BXKssbk0Phwhjaf5mcNzgK5ggaxgY1oACbRUjYWanbucjueIxhZZTyPTyDc/wAIZ2Weu1yzJpblyfd7o4EwtOMKkj8Wpm1Z/XsllkyHMztZCljDW4QYQ2NuwTXv7lUEGJ5JKk0EfzMpaW5A5UKNrpjgArQ0cMdJACGjJ3JS7H+hyW4LLNFRwZdgADYBVUBqLjUFgb5T+yHUSzV1UIxnc4AWqtdrhpoWgM83JJSnyFjAWioYqKEMY0ZxuVKJx2S2Gx2VLf8AqKC2QOiEmJXjYJclnopvBD6o6obQMdSUjtU7mkf8vuvPXvfI8ySO1OduSUeed1VK6WQkuccklC0+6bCODNZPdwNaCSMBWVDSPkLfLjuSUCipnzSgNHHJK0EUHhtAAx7preCQg28j44ywBoGVc0dMIGa3Y1OQLdTNcDUSNzjZuVO2CROW41pcCJwqy/XL5WmPn0aufcKVXTinhMvovObxd6i4VTi5x0g4AB2WiqvPIi+WB1Vc/mHERjA91Akdl2cblDLtPZTKOne45IWlRUTL+TC2+gMpE02zRuB6q2c/U3AGAEOCN+A0BaHpnp991qml7Mwg4Oe6XZZGuO6Q6KwTeielhcqgXGqi1xsdhgPGfVeswxMhjDIwAAFFt9FBQwMghia1rRgAKewEnYLz2q1HySyEPDcbojQc8JzGcEhFaBhc+UxcngQ4T0k/sFQDlgSSSShQ9JJJQgkkklCBCRg7hAPKWT6pii4IJJJJQg1JJczhQsRXnPxFvdVW3CLoywP1TVA/3uUf8JvduVpOteox07bg+JmurqAY6ZhP1SHYfpkFZnpKzPttKam4HxayoOuSR+7ifcrRVDIRbWW009ht0VBC0EsG7h3K7cqxlNFqcRuDhEnk1Ak7Y3WSulwNVVEA+RnlAWqEeRkINgXymWRz375UyzUU1VWNcM+G05cQo1JTSVkwijHPJW4t1FFRwNijYBgbnuSmTxgaSqaNkTAyNuGjhGdwEmAAbJj+VlbGx5ZzJQtPuujkrpOVEsjnLajgGE1xyE8lRKupEcesdkyMclNlde7g6FvgRO87hv8AZUlPC6Z+c7nuu1c7p53PO+TsrS2UfhNBeAS7da4rBFLJOoImQxtDWbnkqa4NDckj9UFrWsZn0UGtqyY/BjyXu4Cg07O51dKIIvoacud2+ynNYxo8rcYACj0kPgQAEeZ27kZ8gaCoTAKeQjYFQSS479iizu1HYoQ2RwhllN4HqBd65lBT+I52DjYeqlTTiIZ24yvOr9daitq3gyHS0kADhdnRaR2ySZh1eo+KOSLWVL6qZ0jnE5JO6ju3IOUzPOSmZxk5yvXVaeMIqMTy1lsrp7pBXyeG3bZS7bAX4lcNlAijdV1IiAOARlaSCAQsDQ0DCa4qJcY55HNdzsoVyrHQQksxlS53thidI87AZWWqauSomc4nLeygzoBO99VKXuHPZPiiEYzhEYxoGSN00v1HAGyfDgRNZHaNWwVtRxtgYNMY3G+VGooHSO4VnI1oiyBxsilLAdcMkeVxf5WjCc1oABOy6xgO5UKvqmty1vZXD7pJFXPZDIG41weTBA7jkqA3DcuOAU10uXE+qxnXfVYtMHy8J/mEHYFdvSaRzkjynlfK1aSp229Iovib1lKyX+D0D8OLfOQey8xALyT3PJRJ5Zqyd9RM9znvOoknJRoKcuI2XqdNp1FJH57815e3yeod1n/RekjkEXmGQrmkoXzgFoGEO320zycbD9Ar4sihY2CBvG33K6ddaijz1lrfBwlrI208W2NiVBuMxpGiGFwM8o2Hopdwlp7TTOlmkzUHZseO6J03ZpK3TdK0Zc85Grt7BVOW3g16DRz1c8ImdL2ABvztZH5ucHur6vukNFTl7wABsAlVVcdHTE40sYMled3vqB1wqXsZJljOwOAFkvsWMs97VXDT1qMVyK8XiW4yvDZSGt752AWGvXUBm1UNH9A2e/8AqPsgdQdRCdxt9vOGtOJJB39gqumi8uSF53yGrz9lbLc3N4ONaS7OFNiaB2Q42gHhGZyuI032aqYh42AhPlaA3ZOiB08IhGVMYNyh9pVzAZwhtRKjPju9EPOCl+sGaawwkR3HupZOWDKiD6gpsGSAFcHyOqWeCHKzzZIUWpaNjhWE4AIUaYAgFbqn7MeqTacStLd901HcN9gmPafRPbysHClHDwNZypDTqGFHapUDdRVBVvMsDTGMcKNLEc5AU8xkd0GaPIGFf+BllWSKMdk5pOU0swcpJif6MsljgOWhzcoLCWP0FOY4t2O67I0F3iaeUSAwELQ5uQo5GDjGESJxbsd0pmF3AUSJ12R2fUFJBGOVG0O9E4B4OefzVhskJJjXY2T1CjmAhkHKOmYCpkAtUiI4wAEzHuuatB9UnDyRcckwEOaQAgOjOeEamc12xRZKcOG3dGnwOS3LkhFrcILTg5Uh8J3KjujcDsgTwJnBok09SSQCFLlbloLVVNJ1A+inwTgjB7LVCe4TNYCMkGQ3hTG4DQQcqA9p7IsEucMPKfCX7Eyj+g8pDjsmR5zyn4yuacIwQw4SIymNIBxlFHCaLXBHfGCc4UaQFh4Vg5vuo8jMjOMpNlYcZEVqc8NI2TJGlp24SYdkge3gE+MDcBDHlPKlO8wUZ0Ryga4LUskinqMHBAwpwc2Ro4VSRjCPBUluARsrhPkGyGeiXNHpwQOEmyh+BhPY9rhgjKBLC9j9bCcHdOxxkS1wGfGMbIIOOQjRvy0Bw5TiwKJgPMeSO1M06vKThSCD2GUzDu4QSTCjIawFmHAKVBWgEB36IKQjaRwopSiy5VqRbU8rZgSFLG/Cz7HywuBYcAe6saO5iRzWOOfVaY3ccmWytx6J+CE5OBa/gcJaHN4CankRnPA0DOU2WkbK3Dht3RmbnKLpGMKsZAU2nwZ6vtr43B0A43Q6Wq0ENndx+S0rWtzuFArrPBUPMsQ0n0QSrxyh8L9yxIjNdHMPLuEGemDu3KGHPoZND4yWhWMLmVDAWpTipBqW3lFNNTPiOQF2E42cFbSRNIIwoFTRSDzRjIS5xlDlDFYp9jMA8FcLMjGUFkj4HYeFLbK1ypS3dhKWOiKYgd8IJ2KmkbfdMMR5wi6KyCTA1wOcZRCMLuAhayNTOZ2xhNdECPKN0/T7pB2/CoYwGmWN2SzZFa/UNhhG2c3BCGYN8+qgCYahqqihkEtNM5jvY4W3s/VdDWMFPcR4T8Y19isHjCcQTwVabXRr0+plp5blz/b0en3Dphsw8Wlf4co38u2VAorw+3vNDdYydO2SOQqXp3rWvtDI6apPjws5zyR2GfZb59NZeqaJk8RjOsfmCic5f1HYo2WP5tHJQs/5fTKmo6cjrmfOWU4Lty0O7qHBcGQuNFcjokB0+bunyMuvS9R4XiOMOctd7K2ko7R1VTeI9rW1QGzgcZK0JbefRcbFqc1pbbV2n7/wU1ZYqWpaXxgAkbELLXG3yUU2lzCPTK0xnutglNLcqV7omnDXjc4Vu6noL3RYOk6hlru4KlkP0YnTHUfZ+M16Z55DOWuweysmTB7BgAgo936alogXaSW9nNWf1VNLIRrO37rNOJkj8lDxNG46V63vvR1zbcrTPhx2fGfpeF9KdDfEyyddU4dTNdT1bWjxYZNjq74C+SaeUTRh/wCqnUNbVW6rjraSd8UkW7XMdpIKw2V55R7bwH1PbopKFvMP/Q+03MwkvKfhz8bKW/MitfUsrYKpo0iYnZ/pn3Xq3O44WOVeWfWtDr6fIVK2l8CSSSQtG/KkCmpoaiMxTxtkYdi1wyFkLz0SdTqizuZGOTCdh+S2hICiySF54xhEpyg+Gc/V+Pq1UXuXJ5TNHpc6nrItL27EELHdQ9DUtxc+pow2N7uR2XvNfaqG4sLaqBpd2eBhw/NYm+9M3C2jxqeP5mlJ84b9QC11254Z4/yXhXGt8ZPnKrp66xVLqeZhbg4BxsVY2u7DbGWvb3zyvSrtabbd4nMfCH6eWvHmavML/wBP1ViqHPja51O45afRaFJM8TZpbKXwj0fpvrgOxTV79tg05W5p6yKox4TtWV860twjJaHOIcO63nTHWjKJzY6kFzSNOcq8o16bUN4hYestAcOQk5pGHBV1vuMNXE2WJ2c74yrNkgfjZRScejpRiphoagSjwZ+eAUwMqaCpbUUziWg509ik6IPbkDC5HNIw6Scgditmm1llUstnnPL+Bq1cW8Gmt17p7w35OrbokxsT6qwop6qw1GC4vgd29ljHeFJhwGl3qFe22/tkibb7gNR4Y8rsV3xuXJ8h8v8AT1mkm5QPQ6C4Ul0iIixkDcFQ62AwOwW7HghZyGWS2TtqKV5GeR2K2Frraa8wZIaXgeZpWTV0J9GfxuqnTNRRSEYOW7ZC48a8ODg2RvB9VZV1uNNKQB5XcKslhc0ryHk9DXNZSPrn0/5xwwskumrWuwybZ42yp0czSMAjBVCMA41blSoKpsLgJCvBa/QSrbbPs3jdZ/ISYrzZ462MyMaA/HbusNU0U9sqjNDlj2nOQvSoqlr2juq672mKujc9jQHLgW0PB6Guz0O6X65jMUcVY7EjTjK9XtlfQ9SUPyFwDSC3DHk8L5ymon0c7g4YwtZ0z1JVse2nEpa5oyDnlYpRcHyLv0/yLdHho9VpZ67pCtNFW6pKF7vK476VZ1lIx4FdRkPhk327KLaLrR9RW8W+4lplAwHFNop6npmrdR1QMlHIcAncBPpudff4nBtju4/qPN/jJ8LaH4iWGSIQs+aia7Q7G5X569f9D3Toy7S0lXSuYA4gbcr9Wq+hDP8AfaMh8L9yAvFPjp8FLZ8RLM6qpKZgrIT4mAN3EdvuvX+P1stJjHRyfJePhr6XW/y9H50sfkcI7XeyndSdN13TF2ntNxjLZYydiMbKqc8sIwM5X0DR6iOohuifJvIaCejnsn2iaJNxujMfkKvD9WCpML+Mrcnk41kMEtJNDhhdyEwThj08HCEnKNZKCg5/JPpp3007JWnGDuhLpHO6z2171gtPa8no1qrW1NMx4IJxurKOQY+6wXTdwdBMKeR3ld7rZRTHYFeT8hR8Uz3nhtb89SZIqImTMLHj7FR7XWzUdSGhx0E4wVJa4HcqNVQ6neJG3GTlcW6pTR6rS6lxkmbaCQlod6jKmQvw4HCynT90e7/dZn5x9JK0cbwCNlxrq8SwerptjZFOLNLbKssGnIWjpZy8DcLD0lQGkEFaC3VzXAAlc+2vB2tNdxhlncqP5pmtg8w/dVbCW+R2xHYq8ppxjcZVbcYNDvmGDZx39kqOc8mubWMkSVxGMKNOARkjKPr1nGEJzS3bHK119ma37+zJX21GfUG7Fy84vlv8IlwYW4OCMd17LV0+s50rDdTWw6nnRnUV6LxutVUlGR5HzPjndHdE8vrKYndo7eqhwu0MDHdloaylMTtL2/ZUVVTaJC5vBK9no9XXOW3J8k8z46yEtyBzQNlGRsqyaExuKsopCdiE2eAPwQunKKfR5lNp4ZXRHQ4EcrW9PXZ8+aWZ2XMGW78rKyt0cBNp55qeUTRPLXArnanT71wdLQ62WknmJ6tbK6NswilOM8K6qYnA+PFnA32Xn1uvTKqFrnbPGxWxst3EkQjncCOF5/U6WUOWfR/G+ShfFRb5NhYL42Vgpah2CNmkrSQ1UkR8rtvuvPJoXROFRAffZaCyXoTtFPO/DhsCVxranzJHrNLq8S+GffouL/YKe60xniYNZGSAvMqylmt9SYntIAOAvW6WpIaGE7Kn6o6bhusBnp2gStGSB3Sk/wBj9TS2tyMfZ7tNTytAf5e4ytvbrtq01FO7BHbK83dFLQ1HhyNLS3ZXdFWmIB7ScHfY4SrKlIDS6t1v72e02e6irgaZXDWOVa64agGF/pyvJrXd3agYpXMkHvsVvbZeYauBr9w8bPB9VxNVpGnlHptHrY2rlls11Rapm1FO4lud8Fa23XmOugbIweYbOCykNS2QAO3+6JDrpZjJTSFgdvgHuuTZU0zqQsRu6ao8Q4I39EeRmwcAstR3SVzR4mAR3HKuaa4Odhkh27ZWWUcD08ltTSaSNwSFn+prKDObtQwgbZmYBye7lbAnOpjiCisnP0yDI9UVdjg+wZLKMXppa+DQx2Tj8wVU1FKYHFjxt2z3WlvtsjttR/E6RhbC4/zmjge4TGQwVkYdgOY8ZafZdOm9PlMy2U5PnP4yfBSHqCOTqLp2LTcW+aaMDeo+5/8Al5XzVUUlRQzyUtTE6OSM6XNcMEFfoRcLc+meRjLDwfReO/Fz4PUfVtNLeLLCI7kwatIGTL9z/wCi9r4LzXxP4rD5p9WfSsdXF30L7/7I+WEVhAzkrtzt9xs1Y+hudK6CaNxaWu9kAu1EY2X0aqzeuD43fp7NPP47E0wyegjhPWuMciR6SYkp0CPSSSUIJFQkVQtCXRyuJKFhhjCEeUsn1XFbZSWBJLnij0S8UeiovItDfROG64ujlTBBwb7JafZdBGF3IV4QvIPG+EsFOHKM0MxupgqMsgADlGa0Hlc8qf8ASmRiBwDSTk7S70T4xyX2NXWjJxnCKGkJYI5TYxbKzgd4eRlNa0gojY3HBxt908Mx2TlD9C3MY0OONkZm2F0MPYLoBymxgBuHgDA2RC0DskDgDZFGyalgXOYNsZyjNbsNsJA7fSuhxJxhOWDNKTY8NRQzBzlCDcovhn1/ZMLY8HHZLV7JEYHKadP4nqm8FJNjsFIDJwgSVsMexfkqFU3bIxCVTtiuwlCUi1JEY1HZCkuFOwEA5P3VI6pq5js7lBFLUvdlzcJMr9/EA40qL5LCouRJ/ltUNxq6knDchSaeiO2sFS2weFs0IYxss/IY3GP4or47c55BqG4IUmOBjeylrgYStMKdvIuVkmMa0NGAnYOUZlOXFSGRMY3zMBKZn9CW3kFFTkjUdkaKIZxnCNDCZH4A8o3KNNPQ0LdeoF3ZBKW0ZFZE2JlPC6aV+kjj3VVXXh80ZiikUa43aerOguwwcAKsmma0ANAJws1l8V2PjANNO2FhzuSoTpnPOo8LrsvOSd03w/dYp3bhqjg6fuuJYKI1pBAS0shuSQ5owOEUDskGAAJwatEYiZSyd8PjZGbFpOUomFFa3cdk6KyA5YOhgwitbgp7YyQMb5RGMyU6KEymPibgIzQMJNAA2XU2LwZpSyOxhdSSVtgDk179AzhcfIGjlZu79QiEup/F57rPddCmOZGiiiVr4JN5v0cMb4434A2JHf2Cw9ZVyVchc/6ewXayrdUyEuO2dggEryWt1ktRJqLPQabT/EuQZ3SSTmjJXLbwb4R3PCOxtLjnCM1oG5CexoaBsnDdJlM306dvlnOEaCEvKUcLnnYKwpacsxkLO5bng61GlcuENhi04HdbrpHpaaqkZPNGN8YBUTpjpl9dOyWRm2dsr1u322ChgaxrBqARwr9nrvE+N4UrF0SKKIUlOIdtguOldK7SNkyR5JwFIoIS8k6U49VBY4QelidsS3CsYxoA2TY2tY0Zbwul5GAAjNUVwFTdzsuA5CdkIc5GjmxgdkpCGNxkYXS/SqW5V/iONPA7/mKqUsdEbwiPdKoV0ogjcQG7Eo1BRsiLdTcgcD3St9uDnmSQbhXkbAxoGgbKLkTjcxsceBnGEVOwAm5woGN37lJuM8pjngbLkYcSpkJ9BXENaoMz3HtlS5hsN1H0+6dEVJZBwBxdk91YMa0NUeNoBGyICc8o5SwFGOWSI9sp5lzsGprGOcMeqsKK2uc4H1QdmqESNT081RK1rWLQUlAyFgyMlqfSUrKY68AZHqqHqbqmKhjMUO57kFXJYLnZ8fJY3jqCG207mtcNXGxWAqq6e5VBe7IaeEE1E9wkMkhyDuArKgoyckM4VClKd7wDoLUHuDy0lbSy9PNw2aQDAHlaQu2WyOaxrngb749lrqKgMbQ53fj2WeyeODraPSSzmRylpGsA8gbj0Vi1o29k1kQAwClLK2FuXnbusspZO3VVsQdunG2FWVt1iZJ4EA1zD8KA6snrJhHSAljuXKyobXBSzGdzQ6R3c9kqVmOzUuCBR2uorpRU12dB4bnhX1PTtp4wxgAGUUYcM42CBXXGmt8JnmlDWjvlJlPITZMw1rd9lV1t1cw6KEa5+2OFCZU3DqAFkREVFwZOHu/5VZ0lvhomBrDqPqeUpzI+SNFQVUpEtwkDnu3wOytIoRG0Dsu6RkH0TxskzluDSHADCGAdRPYlcaTqG5RQBhAGdHukklyCRvhQg9JBkq4If76QMHqSor7sZDpoKOWpJ4cweT9UMnghYYOM4QJq6mhOmadkZ5w44QI7beq9wdU1/wArGfwRjLv17KXT9OWuJ4me01ErTnVUfzN/zQEIpugkyyhp5KiQejfKfzR46K+1zA2oZFS5/p3cB7/hV3FGyMeRjW/8owiNJHJKhD5BfNnGyFJMMdlHfUNxsoz5SSvs7mkfzhqqlc9sCQ6Y5OFFc9xzslr9khk9lmttPVeM+nZWf6lqBEOJySjNYMDZd0d8Lug+n7rLK79n0Txnh4URUsDdDQnAZXEjwUic20d6FKr6HGQc4/dDMhxp7Jmkk8ojYieyQ2aEsnGkn809keNyERkZAzp/dEY0tzkIJRyNUcAgxoRg0DgLqeqCGJx2SQnTAN4RRjkGUlHsc6UDKjVNU3TgINTVKC6UuJJT4UuTOR5Dy0NNFqLOzzOkd9k0YGSTgIUs3h/5rN33qNgDqSnccjZxHqtUalWsnidZ5h2Zw+WTLvf4Icwxu+5BWSqKp0uxORnZAMvinJ3+6a1pJ9kM36OJdbK17pM6DlPY3JT2RZBRood8kK4wz2JlLByOEjfHKkxjBT2sAAwu6fdOjHBnlJseA3ShOI33SJ7ZQCTnlGRLkTnEJi65cUHx4Qk4DCfjCR2UBnMHp91xzsDhdJx2SIx3ULAhpJyUOpcGtwMJ75cZDQnU1MJAJH53V4yE3gDTUZkLZ528cBTn4YNgneVgAHCE857Khb+8EScpp4XSMLh3VyWQgHmc4gFHiixg4XWRYIcRsijAGMKlEtvA5rMdsLrgAM4XdXsuOORwrwLk2wThg4CGiP8AqKGqLQk1OTVTeBiFkeiA5+QUUu24UWR2cjHdZ5vc8DEsg3HdAmd5eU5zhnOVGmPG6TOZojHANxJO64NksFdAOUAwcBlPwGpDyhNG/wCSogRJIbJKEG5K4kkoQSSSTvK37qN4INeM8IYbk4ylk5KkQREnJCFJzZTeA1HBl4yNgrNrQDsgwRaRwj4xvlaYLaZpvcP/AAqHOTnGUeZwAwCoZ5Ka5ZBhH2JJJcO6pjuhZC7jKGAc8qbRwOnlEYbknhZLrcI36PTK6WSZYLRLebjFSRtJ1OGfsvo/o7peltlGzRAA4Ab4WN+GfRDqNra2oj/mu3z6D2/deuU8Ap4g0DjkrnW2ZPqv0/4mOlrV0l9xFulbDaaB80jdx7rx+73Se6VkkgzpJ7nstF111DJV1poad+I4xh2DyVQWmkE0gBbnUVhskduTcrdpb2G1xxMbUyNzI4bZ7K5mmDG7nK5ExsUQaBjAwq6unIeGNPus+TfCO1HKmpL8taVPsNt8fXWzsy1hw0H1UO22ua41LY4gQ3l7uwWze2Knp2UcbAHYAwOyRM30wzHIOCJ1TIA1uA3k9lZybNGfwp8ETKWnADcbb+pKrrpcY6amfrOCc4Qjm9hVdSXn5WM08DwJHDfHZY2MOqagNeSS47lOqqiSpmdI9xJJ7q+6dtOrFQ9md+SrlLBkad08l9ZbZFRwNexu+N1aPm8MfSFyJrWRnAwAFEnl35WS+R1NNSorAnOdI/UTlS6OmNS4NaOOSgUzPEI99lp6KjipoWgNGojJK5d88nWqh+wUsgpaYtGxAxlRLXTPr6rBBc0blDnMtZVeCCTk6QAtTb6CG3UrY2Nw8jLj7rnWzHpYYjE2NojY0BoGAAn0sPm1Y4S3dMGAbFWEMYYAcLnzeRyWRNLWsw4gLPXu8sizBC7LuCVKvNzip2nDt+BjuVjZpzNKXZJz6pPORnCQ90ksj8uy4/dToWeGwDudyo1K0OaDhStmhW3kiQQux3Q2F0sgaBsuta6fBarChpcyNaGjJylSe1DoxyTLbbyWa3kD0CVxqnNxTxu3POFIqp20FLsNzndCsdB85I+tnBIztlZ28hlnY7W2NjZ5G5e7ueyvwGsbhoCjsI0kAYTKmqjooXTzuwxvJVSZb45I14uTLZSuqH4JA2GV5dX3CW41LqidxcXE49h6KZ1Bfai71LmteRC0nAVUG4GwTK455ZmsnngI1SqamMxHKBExznYAV7bqZ0bQ57Rk9k3oqEcvJJpKZkbGhrAMfurGnpmyvAdwN0GNuSGgYyremgbEwHG5SZSya4pRR0AABrRgDgIU8mgZUl52KxfV/UDaXFHE7L3DJwUVccsk7I1xbZWdUX+eeX5KCTGedJ7KiawYGShRed5lfnPupVJSy18ojiH3K2L7UctTlZJyY6hpHVMwaG5x39FpIKJrGNY1vA5CPbbUKWMN0jflXlrtL6uYMY3bO5SLtQodGquGSLaLLLXziGKPA5c48AL0+z2iC207WMY0EBBt1pjo4gyJoyeSriCM4GVxdVfK6XI3GA8YGRkbKVC0DshxNwPdGZkHhc2yfOAG8BQBgbLo5XWnI4XVSM83kcOF1JJQEekkkoEMSSSUIJJJJQgkkklCDEkklCCUS6VsNupHVs7gI2cklSyQOSvMeuLzJfLmOnrdMfCaP5pB/EmVRcpYGwWSttfzXVl6d1LcCfAjP+7xvG4HZa1jyVHoKRlvooqZjRlrRlcrqyOkp3SvcAQNl0owS4HfH7K7qO5uhaKSB+HOGXEenos7AwyOGNyVx80lbO5+5yc7rUdOWRxAqJohjsCia2oKLUSzsFoFDAJJgDI/f7K4H1Bc+kAAJNOXBZ5SyGHb9KA7lOecDlDAJylMOK45HrjV1NAyCmQKl2ckeGj1WRvNxm8wBwM4wCrK83N1PqiacH1VDBG6rmL5fMBwCnxiMJ1sp2vAqJW5/pHuruAHOVFo4PKMjAHAU7aNuR6JhEhtZMyCEl7senuotAwTO+Ye3jhQ3iW41WS7yRnjsraNoaMAYVjUghIwotS7GN0UnA5UGY6ttRVoN8DC8k4xlJxABJOFxgIOSOVCvFwipYS0nJwtunodssIRZYoLJQ9UXnYQU79xsTlZBzi5xcTklFraw1NQ9x4ygEjC9jo9Kqoo8lq9XKybTBzv04wUNjnOJxyhzEuPKsLRQSzSh+MDldL8UZK3llrZKMQw+K9vmcrGV7Yxk4ATQA0Y4VZd6tpAga7DsZKD8jUuEQrpWyVExia7EY9O6iNhAAJT2R6jlJ4DW4TFHHALe4DJtsEekhLnZIQGsJeMK3oafABI3UlLaUotsLC0Rt2TwdWxScMn7JsrvDbnCizYxnEUDqpWwx5LueAqCsqdT8NUq51JfpHoqOsqYqeN0szuF2vH6NWy+4835jyEa1hMj369QWahNZMNXZrAcFx9F4Zc7pU3aqdU1Dy7J2yVa9b9Uuv1cGUpc2nhy0b/AFe6oKeFzzuvV6XSKHB8C+qfPT19vw1/hF/9zsUWTjBVpQ0uv8PC7SUWsDbCuWMZDG0NYNh2XXrrweIttyxROZTRBjGYON/dTI5Ka2UxutzAaG7xtPJT6KmjDXVtY3TFC0u39lStbN1leT4rnCghHlaBgEBObwN0mmnq57YhrPa5+o7g+8XBpbBnLGnuOy2RMdNGI4mgMA2ATWNipaT5WBga3AAwsp1b1I23xfLMeQ8jfCx3TT4Pe6TTQ0sMRK/q+/zVNSLdSPx2dg8Lzzqm9sjb/DLdJxtNKO/sFI6gvbLZTGNs2ayq3Odzg/5LKMhkkd4rjzvuuDrdS3mCDstbY6nhIbqcNzupse2AmMADQ3HCI05K4jjnkut5CHlSYeQhNHCkREDBHO6VN7Tp0kyNowNkncLsfAXdJIS2+ToJcFZWjcnCi7jfHKsa6PMRPdQWnbGMYV9mW3sQ5VhS4LcEqvHKlUpwRkoI9l1hZ48nKgTjCttOpuCoFVFjstUANVUnHJXubwcrkzQWomcHC47jZaDg2QILhhyl0r9BCC7lIc84RZMkZbJbixcQQMIWMjGEoTsN0TlRvBvz8kU0Q5o8DIUVzDk7q1MQIOWqLNEeWhCpYYm6nCyRQMOCkDBGMoGnB5Tm88p8HhGGSyOc3BRRhwxhNwHN5TWnS7fsmRkLbGyM0kYamOwRwpTsOAOOEBxxthWWnkDggqUzBaBlMLW4OyEMg5UGkwMB4SdHgJkT89lIjPGAoWkRHMLUPRnzKdPHkbBAZzuqaJhg4nujcB2U+OpD2gKFO0fh2TKd2l25S2sMbGW0sHx+IchBkhwMgKTEdTQU5zCQhfIxrfyVhZulHlhUiSLfYKO5hBVp7GZrIZJQk1AZCaSWSNcOEKKTB4Uo4kblaoy3cmWSwSqeQSDJCI9gA2KgMf4Tvupkbw5ucp0JZ4AksDMuD8dkVvCZMzgBKPIHmTuhAdMe3PdOyF1RrJaeCHLEOzc/mozmlhxhWTmZCjyw57JNlf6GRlkjg5XHNBCbpIKeOEgNcMivBYeENrjklTnta9pOOyilgafpQD1JMNTVDi4NI4VkcPYFUM8pyFKhqsYDk2Fi6YmyPPAZ7XNOQNk9kwI0nCdqa9uMKO5jmu1Bv7o29vQt4fZLbgprmBMglB2IwpAAOMd0XEkA0R9BTWgg4ypOgIbmZBGEE62uURy2nMAjdDa10Z1tGFzS4HlFa5pwHBLTZHLBLoLnolEUx57q7DmyAYHKzL6aN2HRjBUm33CSnkEFQTgbArRCTXDM9tak90S7eCzBATopA44Oy7FM14B0ghMlptTtUYwtK/aMUouPZI0ehyuaR6oEdQYxolHtlS4dMgy0g5RpqQDbREqqOKoHmaMnuqOalnoJdUbnBv6haoRA8oEtL4jSHNS51foZXa1w+iriqY5wMnBRdBIxlBq7a6IGSHPuFykqtxFL9Q4KTjHDGqSf4g6u3MkGpw3VY9stO/Dm7dlpfK8Ywgz0DZh5sb+yXOteg42tPDKeOUvwMI5ZkKNVQVFJKRpw3sRxhEpaprzofs5DgbnPKGvhOdm/uguBaQFZAMJ+yBPFkZAVtDITwRdOyWn3SLHNO6chww8jdwnMk3wQnDSTumyxcaQoA3ydLA8bEfqmYKb5mYKd4g9EOQk8jlIorrX2uYT0Muh3vwUAHKTm6laW4mXHk9e6Z6ysXVEf8MuhbFUhuwe0EPHsm3jpKotbv4tY5dTGnL2N3yF48WAcL0bo74mOt0TbXfGh1IBpbKXbt9j6q1KUeEd/T6zT+Qj8Wr+2S/GS4/7l3b7na+p2G13in8OoAxG9x5Poq2tslw6Ul+Yjk8ejc7sN2/da+v6bs/U1KbhZ6keM5ups8e3ieip6Srr7Gxtm6jjM1JJlrJSOPunRnxyabob8Q1D+5dWL/wBGRqG5UlwYWuc0+oduFUXfpLxS6eiLXNO+j/ore8dOspdNys+8D9wR9LkO23YF4inGAqcclTanL4dSufT/AGjz6WGqoJizBGk7j0UqnrGTDw3DDl6FcrLbbtGZoC10gGXADBWBudjqKKd2hpwDkHCzyjkxS01lL+3mPoewaTsvUvhz8aazp5zLZ1Q+WpoDhrZxuYjnvk8LySCd2rw5hh3r6qRqyNis8qf0dTxfldR421Tqf/Q+16C42660kdbbKttRDK0Oa9vGCjnhfJnQfxKvfQs4ZBI6ooifNTuPlX010j1lYus7Yy42aqa8EeePPmYfQrHODifXvD/UOn8p9q4l+i1OfyQVKI9kF4WWUss9H3wAeNwnRyQyZjyHDuE17S3kIEkRB8WLZw7BOTaM84r2VHUXRdFc2Ca0RNp6tuXHGwePReY3yyVVKXU9zo8N3HmbkFe101Vl+mQaXdilc7PR3mDwK5mWfumRsaPOeS8PDUSzA+UL/wBHwxh1TQtLTzgcLNQTT0s3hSZ29V9BdV9C1VmDp4f59I44GAS5n3Xlt/6UFS50kADXcrSp5R4rWeOeknjATp3quWg0F8mQP3XqNm6gpa6ESA4OOF88yfNW6Z0UmRpOCCtR0z1K+me1j35Yex7K1PdwLqu2cM96jqg8ZAGCulvfgFZTp/qOnqgIXSD23WrhnbM0aPzRpY6NkLFI4A4H7p2MEOO5HCKQ0AbZQiQ3stdGocTHrPGUaxPci8tt0Dm/K1ZyOGuPZWMF0daJ2zskI3/VZZjsnhWtDWQTsNJWYIcMNcey3K9WLDPmXmPpadE3Zp1yj1W23Gg6ioAA5viY/MFU9zpn0T9Erdux9Vhoa+t6cq2SxOLoic7ei9Ft96oOoqBjXlviY2OdwVg1Wn3Iw+NnOmf+osNGXrhrYZqUapI/2TLdXNrhpfhsrNiD3Vhc6CW3TeLGMg8+hCpa+ic8ivoDpkbu5oXndfpI2Qw0fZvp7yexLkvoZjDj3UtkwcAdslZ+guLatgY/yys5Hqp0c5BC8TqdI4SwfTtJdG6O5B62309XkuYNR7rNVdK6hm8SElpaVqGTeqHcbcyujBYQHYXF1Gl/RuWGsEOx9T1EEzHOlwW+69hsF+oeoKIUdaWl5GGuK+fLhR1FJMRggsP6q36e6knppGDxSHM91z3BwfIq/SK6L28SPcfFqLBP8vO0yUkh29k+qpGOZ81SkPieNx6KJ0x1LQ9QUYoa5zC8jDXH1UueGp6fm0kGWlefyC2U3NddHnLa5Uy2z/I+d/7RfwEt/XVtfebPStjuUTXOy0YLl8J3m0V9luEttuVO6GaF2CCOV+u0lPBUR+LCA6OQbj0Xy9/aS/s90vUVK++2OlaysYC46RjUvWeJ8i6ZqMpHC8x4uOug5Rj9x8PI0bsHPoh1lLW2ytkoK6B0UsZLSHD0SY/Izjle8o1UbOj5Zr9HPSz2yRLa4nuiNJPdRmcojVtTyctxwyTkeqWQh5KQzkbowGg66uDhdygfKFx4fIRjnMIe04IWysde6WnAmeC4bBYzB47KfbKowzDznSVzNZpo2weUdPx2r/jWpZ7PQGOyNiAjxhr9n43VbRzCRgdnlSml2Rgryd1TjJxPe6bUZ5Ix8ShrC9h2Bz+S29tqW1VOyVh3IGVlJohUx/4gOUrLcpaCXwJHbB2MFcrU0Z5PS6HWRg1F+zdNeWAHup9BWuY8dlUhwkDTkDKI12BsVypww8M9RVbt5NvQ1peAD3U57WzROa78QWPtlxfC9sUjsgHAK0tPViQALLZHazo127lyV0kZgkLSNkg4OGFLuMfiR4AwVVh5adJ7IqpZQT5XISWIEKnulubNTvGnzcq7a7UMIMrMjjK1wswzLdXvjtPKL1a2jP8ALO6yFwoS1h1DC9evVs1B0gaN8rD3S2E8MAXo/GavE1GZ4by/ioSTZ55OHQSAYT2SeIAM4VheKAs84bsAqBspjfjndezp1CkfINfop6e15Jk9OHAFQpIzGeOVPglEjd+UOph1NyGrTKO9cGBPa8AqOpMDsDutHb7kNIOrBAWR3D/spkNS6MNwSCFzdVRvR0NJrJ6ae+J69Y7xDWQNhe4agMKTVMfTPE8Hrvhed2m6gBrmP0vbyt/bLnHV048VzScYOVwNTpfiifSfGeTh5CCWcTRprDfWVLBFK7DuAf8ARaGGpc46TwvOfDkt8/zEOdLjkrUWq6R1bAC7DguPZVhZR6zSa1Tapt/Ik9R9ORXKB1TA0CUDJx3WCa6elm8J4PlOCCvUqOqGMHf7qm6g6egrWOmp2aX87LNGeXhmjWaVS++CM5TVmjBYd/utVZOoIocGXnjZYB4moZTFM05ad1ZUcwOHsOfzVW0qaMWl1Eqmex225x1LA+N4IPuriGoDwAV5PYrq6nnAD9IPIXoFBWsqYw5jvuPRcfVaPHR6vRauNkco01LM3VjUFawTPa3DtwOCsrFIWEOBV3brk2VgimcARwVxrqnE69VqkaCmuAADXFThUsc0OaQfzVGHZyccIlPUaTp9FkccM0/3LCpnE7fDeAW4wQe6yNdNW9OVoqHAvoJD24jHoFpXPBAIKY/5WujdSVbAWOGNwnUvaKn9y4BwzUF5pddJMJgRk45Crqq2NhOWjA4yqW8Wi7dFVZvNhc59E45li50jutJYr/aeqKUTUkjfFA/mRnkH7Lo1W7GjJOMbeH+R478YPg5QdcUTq2ijZT3KMEslxtn3XyTerNcunbk+1XSmdDPGAXBw9fT1C/RipoXsJLBkf5Lzf4nfCW29eWh7JGtjrYgXQzNbu13+o9l7LwnnJaWarm/sPCfU/wBLQ8kvloSUz4mY7I4RQc+ysequkrv0fdZLbdYHN0uwyXThr/cKt0BoyThfS9NqoXw3QZ8V1Oiu0k3XdFpnByiDhDHKIOFpbyZTqKhIw5VC0LBXETLcJEY7q8A7wKcu4KcqJkYkkkoXuQkk9JWlkrfzgYujdOSG6PZwVk5pOEvMnBq7gKYAbwNSLiE9JM2Eyges59kZs+R9KFp3zhdAOVReAurPZFDhnOEIO24TdXsnRlgElawNgF0DJBAUYOOeSn6nkcJyl+hbJoLccrrSwnlQf5i7iUd02FjRTiizADgu6AqwS1WNnJwkrDwU1W4F7Sxx7ompoOS4bKpLq88YTfCrnbF3Knyv0ifHn2XBqKYcyDKYblTAZz+6qPkKh25KeLbKdncKvltT+1FfFBdsnuvNOM/9UB9+PDd0orTFjzDdGjtsMbtTWj9ETldLsvFaI38UnkHcFD11knJICtRSRnhgGEZsAIwGjZHGE5fkwXOK6RUeBI/6gco0VC4HJCsflmg50hFDGgYwi+HPYDuS4IkNGBj1R9OMIrQQcDuu+GT7JsIRh0hbtyDAASxlODMHhGbFgAkJ+SN/sCGkojWAdt1IZGN8NyjQ08h3c3ARdi3MjsjdwApMcGnBmOjPtlNlqqelafEIB7bqiuF4fNlrJMjPqk23Rr7DhBy5LGtujKVxip3ah3VLPVmZ2Tg/moM0znOyuNb3JXOu1OeEa4QaOumJJCYSSST3TvD90tH+JZG93I5JIScMg8JNGUVoG2yuMckk8ITWbcImn2TmgbIzQGgHC0wrEN5BhjieEZjNO5T244LUVkZ2wtKgLlPaMa09hsjtZ3IT2xZ3wjhrQMFMUBEp56GMAOMhFj4CHp90UDujSwLydAOU8cJwAwm5wrBOoU8zYWa3bhclnaxpOVlb31I0aqaDJI5IKy6jUxpjuY2mmV0tqJF5v7WNPhvwccBY2aofUSOe87krk9S+d2SUNq8rq9XLUyyz0en08aI4RzJTsj1TUmNcSubOSiasZ6OhpKlQx4wSN0+GDyglucIuMbLLOeWdTS6Vr7pHCcdk+KMl2yUcTpHAYVpSUhbg4/NL7OxTS5M5SU3GRhaXp6xGvqR/LLg1Ds1q+fmETIid9z2C9VsVohtsDWMYA4jcq4Qyeh8doW5JhbVaYKKBjWsGrG5U8yFmAN09zxE0ADlCja55z2Tj1dXHAaGHxnAHuriGONkYAAGFDp2BmCQpOCQBnChthEe52+AntbtlMY1Pc7GFcmaFHJzV2wugHuutb3IUWvrmxMMMZyTzhJyWBr67Xmnp3b/iKFSURc4OcN0Sho3DEsjRk77q1hiYxo2VxfIMlk5BCIm7I4cB2Q3YHdCdIMEK3PHRRIkcOzgMKM+TXshlxcVyMHKEg4ai4ZUuNowhtZtwnHyj7pqQTeENmI9VFLdzunzuy7YrgGThGKk+R7RlS4YiSNkOmjy7hXdHTAgHTgo+x0XgbRURkwS1XTI4KVgdI4NPuooqKeib/MI9VkuoOpH1MjoIDxkE5VtYJZeoE3qjqlrc0dE454c4LKRF9S7Mji4n1QMPmfqduT3VjR07m4OFJLJnU5Tl2Go6IZGds+i2tosWImudhuN8YQOnbA57m1E7Ac7tB7e62sFOGBo0gY9Emc8HotFo8RU2No6QRNDnAewU1q6GNY3JUWerjb/LgJdIeAsk5ZO1XFJYJNTVxU0Ze5wJHAz3VfSQVtzk8eow2M8tPcKTBQOc4S1LAXqe0aBsEhjsNhaelhpxiNoGPZF0gd1CluENMD4rse6qX19xvcvytudohP1TYxj7JFgZOuvUEcDflqH+bM440hMpLTLPUNrri4lxAxED5B+Sl22w0tA8zv8A5sp/EVYuYMgoAxrGMjYGxsawDgNGAFwatSeNkTQ30S3wEdHCemccp7iGDLiAPdAWc0+67nnGNlWyXlj/AOXb4jVSf4N2j80yO33WudruM3gNP4IjjI9ygCJc90oqZnmlEsv9EXmKC2W63JmmkjjpIj+KQYcfyVhSWyjpMGmha0nlxGSfzUkNHcBQhDpenqIuE1a59VKOC8+U/wDh4VnHEyFuiFrY2jbS0YCTDjtwnZCAhzJXQTlNSUIHBGE4OxwUHV7pavdQh8Xhzyd08A4SDN+EVrMAHC+rys3I/GfjfCQhDKiDDTnhGawYzhdwANgu49d1lnNnsKNHGuKwMOOAk44GEjtwlg8rPKRthH0CO52S0k9k/QchHDG44Q7h8YANGDuMo4xgHCRAHIyuKDYxCgAbBIADhdSUCykJcJAGSuFwaos9SPRHGORF2ojTHMgj5gAc4UCpq+wwg1NZ+SgunJJctNVWezxnmPqGEY7ayQ+o1HLsKHPcY4R5ggVVWGDJ2wFmLxefHYYIDj1Ke/8AS6PFS1tuq7YW+9Rh2umpnEk/U7/RUGvXuTv6pjmF+55RI2EFJlOVgPXY9rCitjI3T2RZ5CkNiwAMK4rnIuU8g2NIw3CktZgcJNZjsiADC0RQqct3A0A5XT9K6cBDc7nBRApDHHdNXTyuKBp4GJwGF1PULUmhiSWMLmVCm8nCMd0F8hOwCeRJMQGDj3Rm0hbglHGOQ3JIjxU5ccuGykP0xt0gLrnCIYA5QHOdqRtYLb3HHOc52UQfRuEmtBGSE5B2WBIyV1kee6eRhda0pmzjJTeBBrRwF1JJDjBMpnCMrhbtynJKYJgA4EE7IamOA0n7KGSM8oCxuCuHZEOlAckWSwGlkbI7G2FCleiyyjdQpJOwWecsLBphE4525OULcnJXMku5RA3bhIw2OOADHCfgLqYrIJJJJQgkkklCCSSTvpUbwRvBwDG5Q8j1SPdMG7uUtvcyuwkbNTlZUsRGDhR6aHgkKyiaGjZPhHAq2WBzWho2C5UfSEUnCjTuBA3T0I7AOe4ncpqR5SVh5wJdf5iACuLsbS4gJVliijRXW7pbYnWxbjK3/wAO+l3V9V89IzyRnAyOSspbrdNWzMgp2anu4C+guj7KyipaanZGQWgFxA74XIvt3vCPov054iMpqyS4RpbLSmCmY0jBCret+oHW6idRUcmJ3NydPIBVtcq+Kz0bqh4Bxw3O5K8suFdU3OukqtJdrOd+w9FksnhHvLJ/0ohUlNPWy65QS5xyd9ytZb7fHSxhzgC4j9FW2yFzcPcMFW5qQxoB9Fkm22FXXzuYKtrBGNLTuoFNDJV1GkbkpkznSykjutP0zZCG/NzN5O2dkrLN1cNzLS0W4W2l0OwZH7uKtLbS6nSV04BAOGg/5rjotb2tA27/AGXKydzGimhfjbJVG5R2RwjlZWxta+Q7NYCV57ernLWzlvieUHYeyt+qLmIovlI3b4y5ZSBjpiCe5UETlueEWNnt5qalokZloW5poWRsEcbQ0DZVVlo/DiY9zBkjlXZcIhjG5Wa6xLs0aen2dkf4bcDuFCjjM0hCU8+pw5VvZrTK9wqHEBvoVz77cnVqrwT7VbBC0SzMGcbBK41uomngdjsSplwqBT05wfMRgKroITWz4kyfXdc+yXOTdCJZdP24mQ1koyOBn1VzUTGMgDulrjpYA3AaGjAAQKWKWuqeC4f5LmXSzLJoUcE6ji8T+aW4xwu3KtjpYHFxwcbI8r20rNIAGAsTdbjLWVDv5nlHAWaTyF0Qa6pkqpiXvPt7BBii8Q/6rjvMco0R8POpR8EJjAyNga1oGE1zi/ytCjSVO+AFb2u3ljBU1I2O7QUDYyPY6lp3U1NqkwXFXNGyOKESnYnfJUSkg+Zl1OB8Np2CNcJMaaaL6j2Cz2GmHQOOGS8XAMfnwmHstWyKOJjYomhrWjAwoVotwoYQ5xBe7khTycJQXXItmgknZefdX36aqqjRRS6YmbEDurjq/qN1EwUFK7Ekgy4g8BYQeJI/W85c7ko4QyZrbBzGcbI0ceTnCcI/KFJo4hI7daElFCkshrfROe8P7D1VzGzTjZMgYBGMbKdSRa3B2OEqcsmiEcBaOEBwe5mfRTxxwlBCCA0DhBvNdFa6M1D+WjYeqBLI2UtvJUdVdQMs9N4TT/NkBwO68zfPNWzmomJOTtvwpF2r6i7Vjqid5dknHsEKNgADWjcrXUlFZZzrpfJIfHE6R7YmDJccLa2SztpYxhvmxugdO9PjaebBeRkZ7LaUltfI0CJg29Eu+1RWBldXsj0Npmq3hjW4Hcra2u1wUkTGsYNWNzhDtFvdTwBrgNTt1bwxlpxhcbUahy4HrgfFFx5cY91MhjAGVyOMEbozGYzuufZZkqTwdHKO0DCCAcow4WRvLE2P9D0kkkwWPSSSRkHpJJKEElgpDlOQSltBbwJCRUJVEFDEkkkwYJJJArJ46eEzSHAaMq0slpZM9111H/A7ZMIv76QeHH9ysf0la34fc6oF005LiT/kh3Gpm6x6hBaT8rTuwR2JHK1UUTIWCOMANbsFvohjk1QjjkcdhlY6/wBydVzup2bNZsr6+3RtBSlrd5JAQMdvdZa3076uowRkuO62JD0TbBbHzSsBZtnLit/BE2GEMaMYCgW2gFHAGAebklT2+UYzlJtkAhAEuyitGBhLAzlPPCySYUXyAcCcAHZOjbgbhOxklOIwqSGPoadhlQLnWOgpy6MDPCmyyNijdI44DRkrFXW5vrJiGOIY3bZPh2CQ5pZaqcvkdklWNugDcnHZQoGGQg8hW8EfhDfutDWOQidB/LbglRq2d7yII3YJ5wlLKWN/dct0QmcZ5G5wdkQyAekgEMQaDknclSRvld0gcbLhOgE8qDQFQ8MYSDuoQcXO3RKjVJISDshuIaCE6pC5zwKadkLcuIHuvPuo7u+pqHwxHYbErQdTXKOmi8EO87h2KwUtQHE7br0/jNIn97OFr9ZjMECGoHfddc/SMnfKc3fcoL8lwwvSxjtPOzk85CU1PLVyiKNu61NNTikhEY3PdRLLb30zDNKAHPGw9Aps8g4CCw1014jlgKmqMbSQqZsfzEplkzknlSqp2t+kfmhub4YAxyFSY2SyNfG2MYaopJLsI8vlJBKZSs1O+6bFfsANTU+pzcjOFatAiYNuUOCARtG25T5MndRxyy00hY7qquteAPCiPGxKNcKt0MJDDjKzs9V4jj3XR0emc5I5Hk9d/Hi4oDNKSSMkAb8rzr4gdRyOay20kpa05MjgdyOwWm6r6hjs9E522uVpDd915BNUS1kzppnklx7r1+i0ir5R8U+q/qGSTog+X2RRFlwwM5VrQ0TtQOnGy7Q0BmOst2CvqeBkLANPAXbqp9nyqywZHA2FgAYBtupdtpWzzh020Q5d6JQwmpdoaMNbyT2VfdLnLUyCw2HeU/W/sPdaJYghMIO2eAl0rZOqrmOmbO8mnBHiPAwPuVrKKigs1vjooWjyjzH1KjWK10XTNCKeBgdO8ZmlJyXFNrKnx5PKScLDO/DPdeL0Maa8xGXO4x0NNJVy4wwbD1K8kvNzlrp5ri7SGt3aHHgLQ9b3oyyC3QP8rfqweSvPL9VCKn8HVku5C4es1f3OCO1OrbW5MpZnOuVz+ZmOrO26tHtA3AVXR4yD3VmRlgIXMk3J5ZzlPLBOGDgKRC07FB0nVlTado0jZJka6Fulg6BgFKDUHbp7gABgcpR4BWWxZZ06+CYzspAA0qOzspTfpCE3QWUQqpuW4wq1wxqH2VzM3LTt2VRM06lSYq6PsGeUeB2lwIQk5hwUC7Ew7LSM5HCiVbcjKkU78gbJ08eWrTCWB847oYKVzck4C44Zbj0R5W+fJCCdinxZxNRXjghztOUFpLXKdIwYzhRXN5Cajl2xwyVSPBOnvhS8EBVNO4tkBzwrhjg9ocByhkjVpZbltB4KZJGCN9lKwEtIOyDo1ygpLBUSsLHbBMVpNTjBOlV0sbmOO3KOLyc++r4+TjOdynuaHDIUd+cjBRmHbC1R4MMlkew42K5IzHCbpOc5RQcjCNSyUiO074xynhg57pTMA3CZG/seyoYmFAwpVOAc5Kig53CPG7TuoWnySXsB5UaSnI3apAOUmqGhLKITozg5UNzXAndW7o24ONtlDcwDKCTBlHHQSjqvKGOCssB7A4bKhJwdtsKyttWZMQSOyQMhBwg6pZe0M+HbGn91Emi0/hVq/GPpQJIwVB06d3RU7g8I0buAE6opzyBhRBmJ3G33TKpYOfbW8k141DYpUszm/wAsprJtTQCE6UbhwC0RliWTI01wWDMPATXtwdlFpZ9TtB2OPVTQM/ktakprKEtYBsJyjngIJBBCNERgqkUL6U1zQQSnE5XEzblF9ESWIZ2CBICzGysJGbZUSRuocLLZXyOTwCac5THQh49F0NLXbcIoIHKQ0UnggyNMZxhcDyDkKW6LxBkb4UcscDjCU/tY9NSC01SXOAKnkBzQc8qqYMHPopVPUZwDwnQnnhgzr/QVzC3GlHimdgArowQhhpDsp6WOjNKOSU3cLjm7YTGuA2XdWU14wUhjo+ThB3BUvGyE6HOdlnnD9EaOMftunmLxMEfqgaS057IjJOxQKRW0JTVk9DP5iSz07LTQTxVUQkhOQefZZshsoIc0INPWT2mYOBJjcdwnV2NCLKt/XZqnQsfnP+Si6JaR4ljOW9wjUtXFWQiWJwOe3oUduDsQtEWmY5pxeGOpqyGc6M4d6KQWZyqyooHMeamlOHDlvqpVuuDJh4M3llb2KYmLkuOAjodRxpyFCr7S17PGhaA8eiu2hpzshOZhXKCYCnKD4M7HK6NwZK1wI9VNEjXgbBTaijjmYctGexVc2mmhfgtOOyVKLHxsUux74myN0vYCD6qnrrSYh49PnbkK8aQdsIwjGMkc8pWxDY2OL7MrDUPJAcN1MLA7GUe62nBNRTDB7hVkNQ6M+HLnZVtNKkpLgkTQjGQ391Cexzd9KtWYeAcbLktOwN4CFLJFPaU/nBRhJnYhGkpyM+XsoxacocBOW4K5rXDI/TKjujc08IrHFpCO1zHjBCGUdxZEa4j6gih7T3C5LFxgKOI3NPol4cQyQlt3Ge6aDgbldVx+4jL7prre8dLVwkhldJRPPniO+n3C9ms94sHXlrcyMh0hGSx31N9wvnsjKlW+51tlrIrhbp/Cmi4PYj0TVFo6ek8jPTx+KaUo/o9r/hM/SsrXhvzFASRJH6A91X3axwyZuds80Lxkgblqk9F/Ea3dTn+G1WIa1reHEaZft/0WhNB4G9NH5D9QPBCYp54O5DZdFSrfHowdLNLSyiSJxBHPurVslDc2mOrja1x74Ui62Y5fV0bP5Z7Kgmhe7YAg90Eooji48Fd1F0pLRtNXTOEkROfLyFQMzwTuFtqK7Op2mlrWa4ztk75CHcLDb6+M1Fv2djJA7IJQ9GOcIrmKMerCw9RXnpa4MudlqzDM0+5a77juotXDLRyeHKwj3QT5gs06d4yi6dU1OttNH1T8OvivYuuIBSTTMprqxoDqbOXSnuWj9P1W3LPRfDrRJG9ssT3Me0gtc04LT7Fe/wDwz+Oja8ssvW1S1tThrIKx3Mp9Hn143WCynY+D6Z9P/VHzy+HVLD/Z7A6MEFRjGRnbCn6c74TXRAtxhIcsHtZWKXKKuWFxOpmNQXaate1/hVR0u9MqU+HDsgbFAqKJlVCY3Dd3fuFSbFMlOY2Rha9jXtPYjIK88606DBa+5WtpySS+MDj7LWQV89vd8rWtLmt2a/1CtY5Y5Wh7CHNKbGbRh1enr1MdskfL9/6aDnOdNCQ/G+24WCq6aooZ3ANIbnYhfXXUXRdHeHPqIomskI7bZXifVPRstJVyMdAWjftsnKR4rX+JnTlwRgrP1LUUEzXOcSF6v011rR1zGsdPpeOcrxy4UHytS5oBA/yQqeqnopGyQvLT7FH8zyciubg8M+maatEzBhwcPZTWvD+F5J0n142d0VHUtLX8Fx4K9GpazWAQ7IPBBToWJm2FsZIuA0AcjdcDC7v+ajR1GcKVFI13PdaIWbWHOmN0cSJbazx4Pkqv6h9DihRXKssM7JY8ujJ3AKY6PJBRGPboMVQ3Wx37J7t3rDPL+R8DF5sqR6Hab7T36jY4PaXgbgndQKylkopHPbvG4527eyw1Mai01YmpJz4Z3AW1tt8p6+ANnIDyMEFYNTWpIy+Nd2lmolVW02JBW0R0uHIyrGiqxUwiQ41DYp9TQiNxfGQWO3VHO6a1VIlZnQ8+Ydl5zXaL2j6d4vyM44yaWF5k47KTFOR5SFTsqHgx1EL8NIzj1VlC4PAcN8rzeo0rXaPaaez5I7hXKgbWM8Rg82FkLhRTUz/EjBBbvhbuKTw8AjKZcrbBcKczQgasZx7riajSbujaujG2Pqmqt9WzL3MwfVe9dFdd27qCAWm5uHiFuGvcvn+52hk7QxkjY6luTpO2UCw9Q1NtrGwTuMUsbvKeMrBsdTwY9Rpo6iPPZ9O1tmrraTLb3iWF2+nPCivZTXandDPGA7BDmkcKu6E6/julOyjq5GmVoxl3daO6Wvz/AD1CMEjLgO61UtvBwbFKmTjJHx//AGm/7ObbjHVdX9O0wbOwansY36uV8YljonujeC1zTgg9iv17lMdU3wqiPB4IcNivj/8AtQ/2aZRLP1n0nT7Oy+ogjbtn+oBev8X5L45KNh5vzHiK9XW5wX3HyQxzc7EKQ1VbS+GQxyZBaSCD6qVFNsML3mntV0NyPlGqpdc3H9ElGHKjAg4wU9aTL2ShwuoQ5RBwoZ5rHQ9Oa9wOQd01I7pdsU+ClnJorBdyx3y87s54OVrYZtQDcLzGF7o5A9p3C3FquUdRAzfL27Fec12j2/ej1niNdu/05mhieNiQoV2gwRURDBB3wiwvBH2UjZwII2XnbI5eD1+nt4wSbBehIBTVDyHdiVp2t2wSF5tNqoazLR5SchbS03NtRSx6nZcBgrm3afnKPS+O1m7/AE7GXTDpOSry2V+SGOIWb8XVjCkwTeG4En91zraj0FNyXBsnOEseQQchVdREWvyAnW2uyRG48qZUQtk4WbGw3xlvWUQ4D7ojwCN1EBMdR4Z4Uku14RxkB+XBX19O2QEAbY9VkrvQMwQB3W6kiz+HP5qpuVA2Q62jfuujprtkkzma7TKyGTyu82rMLsAuK8+rqcwVBGMAnIXt1xtoJwWDC856ksj45Hv0ZackH0XrNBrk5YkfMvqLxUrYfJH0ZJkpjcMKdG5szN8AqslaYyMo1LN4Z3Oy9PTasHzacHF4CT02k6gFGJOeFbRaalpwNwFDqafweRhMnDeskO0c/hvBK1dnufh4GVijkEEFWFBXFp8y5up03yLBv0WpnprN8Geq2i5trWmCcjYbEqVploJhLETp52WHtlxxjcg7rX2+5mWERzYdjuV5/UaXbwfS/G+Qhroxbf3L2a2gurJYxI0/ceiuqKtin8ucHHBWJh/luJj2BVtSVbo3NeBuB+q5F1UY9HrNLqsvZYw/UXTzZw6ogb5uVjmtmo5iwg87gr02lqWVkehwwQN1T3jpplbqlpyGv9D3WZSw+R2r0inmyozUVRqwW7ZWmsF/lpnsjlftwCe/sVk3wS0kxp5mFrm/ujxyHAQWVqxHPovnVNNHstLVioja9pBDhnZSRMWjLR+i806d6iloZGwVDyYzsCey3MFUZWCWCQFpGVytTpD1Om1imk0zUWy76sQT/kVatkD+FjYZi0guG6taS6eG5uokjuuRbRzwdeq/cuTTMLiN0N7dKHT1TJWAsIIKfIdZACzYaNK5JFPVysIjc4PYdsO3CzN96Rntta7qTpiYRzHzyw5w157/AGV5xuiR1JyA8EgFMhNx7E3Uqzlkbp3qalv0PgzN8GsZ5ZInbHUOVNq6CUglmFTdQdPR3BrrjZyaavYMjScZK7011c6QNtfUDPlq2Py5dxJjutsLtyM2yS/JclD158PbT1xapLXdqcNJ3ZKG+Zp+6+QPiJ8Lr/0BVkVLHzULnHwZw3ALV9+1lNrZ4sYGCFl+oenrZ1LbZrRd6Zs9NMMOY4ZGex/Jek8X5uehwm+EeX879NaXzEPv4n6Z+e7XIoeF6j8WfgZdei6mS4WWIVNsLs+V2XxA8Bw7d15McnGF9Q0Pk6ddDdWfD/JeH1Hi7XVcv8P9kjI9Qng4OQVFaTnlFaThdFM5E44JOsp+r2UcSdsJ4kz2Vi2g+R6JavZC8UeiXij0UyB8bCJJiShNrYTT7pafdN1eyQdjsjjJIOMMC0FO0+674u2zUzxHE/Sn9gSQ/B9UgMd10PyM4XQ7HZRJFCGR2Xd/RdD2jsuiRo7I1go5oC6I907W3HK61+DwrUUVJ4EKbIz/AKrvy2P/AJqOH7cLokwc4RqKFOQNlOc4wiim4OEm1LB22TxWQ9jumJJA5ZzwMbYT2QM9F35ln4Qmiff6QmxaRWWPFM3nCIIWBcbMHdkQHbKJSX6KyMDcDCXlRMFdDSSmpICU8DNJKc1h9EdsI5IRAxuMYRCpzyBDBhdDBlP0+66G78oilNCDU4NARB9P3TQzJxhFkW5DkMMceyOGd07UAMaUeSsgw3PKIGDCQbuihoA82yNJdspvBHMW4wEURkDOOUyWspIBl0oJx6qprL8BlsHqlW311+x0a5z6LkVENNvK4A9lXXK+lw0Ux/dUc1bLUEmR5+yih5OxXPu1ueIGmFCXMiTJPNM8ulfq/NMBHqP1QtzuFzJ9Vmdkp8yY1JJ8DwMpLiSXjIx4SDJAZK4MngIkbcYyE2McAOQgMEIzWHAK61hJypDIvfC1QgLlLANrSPzRoIjkHGyKxjcJ40tOy1QiIlNsIyGPAJHCeAwcYCEJdsYTRknKYkIbyGT26nEHGya1hICO0NZjARgnWtPcJ4wltjKGXEE7ZwoRxciRkKFWVQYMbJlZXMpmEuP5eqxtzvrpXHDXA9t1m1Gphp45Zr0+m+Rkm+dQA5p4XHPBIKzb5fEOSEiDK8n133TQ3cheR1GpnqJ5Z3aKI1rg4uEjCfpz3Raehke4Z4WGx4NsKZWSxEDFGXu4yprKcM0khSm0kcTAdO/dDlkDsNaNgsc5tnWp0vx/n2dDgwYx+6fFF4jvRcpaWSok0gYxySrujtpO+MYSzq0UZItLQnbZXdutxnlbDpO6lW2yz1EzY42fc+gXoNh6dZA1kj4gceqOMcnodD4/dyPsNjht0LT4Y1kK/bgMwBhFZHG0aWsAATXAt8o7pmMHotPplSsIF5nuxjlT6WmDWDPKDFFjzFu6lR5BAUfBtqjyGa0ADC6lnbK6Bk4QqWTbGKQ9mTnZGDc7oYc1m5QZagyeRmw9UMpZYZ2qqtIMUW57lCpqYAiaVuT2BXYocnU4KSX7YwgTwQfqHom+JgKMZDlN1E7ImwZPAeSoPAC4Mu57obGEnOP3UhrcIQGzrWeqLEwasrjG5zuisZzuiIEaBpBxwolQ/IwjvkETSVXSudI/bZNBmxOLnPCkxRE9kKni3GQrGJrQNgjEuaiFooQCCVYuq4aZmZHYwFVy1cdIwvd+QWWud5nrdTWktySPyRFS1CSJl46gfUFzYCS5xIJzwFVQMMhJdymU8erluVPgi8wDW7lRvJn3Ob/Y+lpDtstt0308GYqqoav6WkbIXTnTuS2qqm7AZa1bOlhIwA0ADgBLnPHB6Xxvj9uLLB9JD4eCGAKYMDGdkmaY250grmg1DtOnA7rJOe49FGHpApp3SnwITn+ohHpLcyAeI46nu3yeyfBFDCctZkrs9xghGJHAJDZpjHgLJK2MZJVdV3hjRiA6jxgbqNI6queWwAtiO2r1VlbrRBRRjU0Ocd8kJcpbQ4kOjtctfIKiuBLD+HKvoYaenYGU8TY2jsNl0DAwE4sc4ghZ5zyGkdc4uxgYSwfRGa1rG5chy1lPCzGS6T+kBA5ljg054TZqylpv7+XT+6iGW5TnctgYf/Omw26la/xZA6WT1echA3uKE+51dU50FupWhp/4k2zU+GxySOE9yrppnH/hteQwfYKcwNaNIaMeiKTlWQbFBT05ApohGPbZSQdhkoQXRnKrIYVcXAV1CQMlkpJICCSTdXslq9lMlpZHZKWv3TSc9kuUEp7QlH9nx+Gb7j90QhunPdc8vZM37L6fln5ojQoficPOyfg9guNB1BPBGOEuZojHjAxrSDkhFAGEsBdSgl2NwD2SPoutXVbjkYh6SS4cFXGOS5SwdTZDhq4XtaNzgKvra9o8o3TYwMGs19Ojrc5sJPVBueOFVVFeckcoU9UXk4yochPqn11HzLzH1FZqJONXQ+Sd0p9EGethpQTK7Gd0Koqo6WMySH7D1WTuNykrZC52fYdgilPZ0efhGVzyzt0vE1VUO0POjOPuoWS45IwUIgl2pSY8OAwOEpzlN8m2MfjRxrPVSI4gDlKJilRMPKZFAyYxrSCAApLQNI2SaweiQBBToxFSlk7gJEgJw+lBJOeUYIyaUjYBDY8lEe0OxlN0+6gQ5JDJwlhztwExQyQIkuEgcpHdRrBAbnZ2ASbG7unxsOckcqQSzA2VpZJOWAcbNODwiySN0AIL3A534QWuJOSVOgY5bE/JdkruMHICIGjG43TSCTsqzkJy2nd/RIDC6koogqz+wk7ASQ3JgLeTucrqa1OUCTYkkkCeYRsLhuUEpbRiQ2onAGlpUYB3JP5LrQ57tbynPIAACzzmMSyNc7HdRpHjGM5XZXjB3I2VdLJ2ykWSNVcMnal5JwFHIz3Ti/KfFHnBwkS5HrEQbWkHhSAGtZnGcp2hoGMIbvLsVaWCMYeVxdO64gLHpJJKEEkkkoQaOU1x2TiMDlCKXNldjNW5UiBhLgcIccRedlY0zAzGoI6o5YM5YCxM0gZG6kM7LgA2OF1bUlgRP7jr3AN5ChOcSSMos5O25XEKDhEEnnlMTiVUnhEZ0DPdS6WnI82nJQYYjIQ7lafpayS3W6Q04/u/xhczVW+j1HgvHfLNWWezW/DbppxlFynZsR5Rjhex0cDKWmDneXO5Psqi126CigZBAwBrAAo3VnUDaKkNAHkSSNztzhc5yy8n1nS0R0enUImf6wvzrnWCCmeRDHlv3Kh2ukeQC/bPCiUVK7PjT7l24BWioYQG6w0bJM5pjoRy8sLHAII9TlXVlQSdLcYU+4TYh8MDCq6OmlrJhGwZ9SkPo1KO7hFj09b31lSJJG/y2nP6LdRODAA0YChWyiZS0rI2tw7G6n+EWDUQls6FcdscHZqlsMZcThx2AVNXV4oqZ8xI8R3055Up8gneXfgYCshfrh8zOY28M2Cou6eyJWVLpaqYySvLi455V1Y7c14+YkZlrdh7lVlvopqqUNaNu59Fs6Gl+WhZGG7AJc57ULpi28smMY2NoDRjZMqZNIwN8rskmhuUOKCWunbHGNs7lc2+zJ1qIYJlmoW1dQZJmEtaNh2WmD20sflGwUeipm0kQaG74Ue4VrXgwM5HJC59thvriAmkqK+qDW+bJ29AForfQw0UQLgC4jclV9opRDGJ3jJdwpdXV6RsP0WKyZojEDWSyVFQyFhy4nAAWgpIBb4A07vdu4qn6dpDLK+ulGQ3OE+/3kRNMDXYcQeFhseRyWSv6hv3iudTQSH0c4f5KgBJJJQn51Ek5J3RBullj4xqcNlypkETtAGcJOeyJmsnGEO300tyrRgks/ErksIpssbHRCrkNTM3LGcehKu6iYSj5Zv1HA27BMmLKKFtNTgNOMKbZ6BsrTUzNyAdvdZ5SGwJMbWU1OAcZAQrfTGqq21TgctdsiVZDx4LR9XCtKClbBC31wlSeB5MyAOyq75d2WyjfMcasbBHqqjwRq5wMrzi+XKe61j/ABZD4bTpaAVUI5JZNJEOqqprjVuqpvxcD0RI49ODhKCEDfCOWjYDZaYx28mOTyzoG+FaUVNpYPKB3UeipwXeI4ZxwrGEZdpG2UMpZH1xyGijLnBg3yrulpmsaABj/VRbfSESanDgK2a3TvhI7Hg5iKandMRswZXl3VF/qLrVFglIhaSMDutB151C5pZaqSTScapSD+gWFALimQhlmW6zHCHMaPRajpvp3xnCrqmgY3Y0/wCar7BaH3CrZkHQ05PvhelW6hDWhjW4ACl09iwKgsvJygoQHMiYzc7LW0FGyJrWsbjHPuVFttA1h1Fgz3V3T0xBBIXK1F7ZsikkEhi4OFLijA7JRxjGEdjcLmzs5AnLDHNbgYCIB3SaOyIAMLPKWQc+xBoxwupJIUZ5PLHJJJJhB6SSSMgkkklCBUkkkoUCTE9MRBiSTVw7owh+Wjk4WA+JPUToxFZaGQiWbdxB/D6Fa27XGG10cldUOAjYD33yvMrRG/qG9SXqYHwy7ytd6LRTHLH1xyW3T1uFut7CR/Mf5irjsSeF1zQMAfZVHUVx/h1GXB2C/ZdGEeMGgy17r3Vtyc4O8jDoaPstD0nbXyvNQ4YaDss1a6KS4VrG6SQ45K9Qt8DKSmZA1mCBujm9qDJAYBjHZcLM909JYrJewBJJx4Qjys/5EHrryQ0nGVxUvUF7bRQmFrsOcE2CyMIHUt10uFHDJjbLiD+yzgychDleZ3asn7qTRx6ytcYpFdFlbYS2EF435U8PGAMJkQEcYHoECSYk6WjdMDDtHzUwiH0jkhWjGNjaGMGAFFtNLoiMrx5n+qnFqHvoYNUWomzgYRpnhg5UFzi5xJTIR3MtvB0dyd9lArqnwITJjjKmue1jS5x2WF6svvhaohKBzsCuno9N80sIxam+NUd0iivVxdU1UkjnZBJACrYWOe7JCC2odUyjbOVYBghbxkr2em0/xxUTyl1vyz3A5D4YGApdnovnaoF2zY/MfdRNBqJGgAjOy19JSwUNKNDBnG59StcltJVXu5OTOZC3c+wCgPcXEuXJ5XTSZzwkxpzwkfkbYrasA46fJMrxsMlQ3SCR5PYHAU2vnEUPgsPmcq/T4TADydyrwDkFK4zTeQYCsKGmAIcRk/5KLTQufIHadirqJghjALdzymgnCRG0Ad1ErahrRthGmdlpcNsBUVdUlxwtNMHKRi1GpjXFtgrpV6mYGDus9X1kNDRy1c5zp3DfVT6h5ecHheZfELqBz5xbKaTDGjzkHkr1Pj9Lhbj5Z9TecdMZPPJmeoLtLea99RI9xbkhrc7Aeyj0NOJpAMIUUDpMDC0dsoRDDnSASMr0+lr2nw3WauWpsdk+WyXSQRxwtDWgYG6eyKWombDC3I7n0XW8loam1de+0UZdFvNLtzwCuglsRzs72AvNyfBps1oGuaTZ7h2VjYLRBZoNRYHVMm73nc5VdYLXJBI641e8su4HoFevlbG0vfsFk1NnB1/G6ZzsOVtYIhl+5dsAs1fr7/C6J2hw8WQHSO4Clz1sc0r7jUnw4KfIaD+I+ywF7uZula6YDDBs0ey4Or1HxLJ9E0VDjDBAkmfM90sryXOOSSVlLvI6Wqc0uC0lQABnPZZGqeJKp7gds4Xn5WuybkXrpfHXtQWkGkjCt2/3YKqKc4cCrcAvjaQESeTjaf7mMIBOcKVTdkJrQN+6LEozqURw8hpW7DCFESHhHeMhAZs9Jng6CjyT2fSFIjUaL6ApcI9Ehrk6FMeDkjdlU1QAkwPurpzdjuqytjAOcYKXLhlXwzHJBeMJkf1J7+UxnKowLssaQ8ZKlyDLVXQnDhurGPzNG6dGWDXBqRW1cWDlqh68E7K5qYtYyAqedpjfpI5WiueTn6urH3DSARgqNPH3AUpvn4CZMzIAJTTkX15jlFc1xaSMK3onh0AyVWuiAdtsj00nhOAJ2TGZtPNxmWeCUsFEiwWAp+AlnZUW+UM0BwIKg1VLn8Ks8H0Sexrm4wrXYuyqNsdrM8+EtPC40YOcqwqYN9WFAkac/ZOi8HGuh8ctoQ4xsmDPdJnOCU9wwE6LyZ2IjKA5mOApC44ZVWZ9EGRn1RWHzDCCdiiwnDgSgQUeGSm7hdXWEOGydgphrh0DPBUZwO6m6T6JpY30CDsJ8ldJGeOEAGSN4e3YhWUjG7bfugTRAjYIJIWuOUWNJVCeMEuGUct1DPYKhgkdBJkcFXtNO1zR9lMmyqeVhg5I89sqDUQY309/VXDo9W+FFmhOPpULsqTRVsd4btwpDXNc0AlMnp3E5A4QWO0HG6ZVP0cu2lw7CPBYPEbsQeQp1HVGQAOxkKOMPYQe6AC+KQOYcLTXLazLKvJcmMOGQhaiwrkU+sDKfIA7f0WrOeUIaw8MdnUMhJBw4HlHPARReSCG+3qgSMARl0nKko5IQXN3IIQZGOzkBTZYsb4Udzc7FZbIDAbH+qfLE1zchCcwjcFPZJpG/ZJx+wk8EWRhYdhylE/Sc4zhSnxteMqPIwsPCrrodGe5YZKhqtwHYUoaXtyMfqqkc7FTaeUDAJT4T9MVNchXBwKfGd+U8tDhtuglpY7OOUzGHwIz+yWzzBdLTwgxybcIweDzsj4kimCkjwMjuojctJOFZgAgghR5ID2akTrz0Du5AxTZOCFK8krSHMBChyRkbjZPgn0nSQqQTXsWqot0niQOd4ZOcA8LS0FdDWRBzD5uCDyCqUPEg3AI9EGWCWl/n0zjjkgdkxTcDPZBW99mwY4nYIFVa46j+aw6JPUHCr7TfoZmCOoOHjbPqrppAwc7LTCe/oxyhKt5ZEprg+AinrGnU04DvUK1aA4agcg8KJVQRVMehzd+zu4UFk1VaJQ6XMlOdic50p6QppTXHZeMjxyEOaASDBRaephqYxJCQWkZBynkZVuCYrLj2VctGWbtGyHE87D0VwI2u+oZUWqoN9ULfulWVh/IyMQHDhQa6zQVg1Boa/1CsWxOZs7ZFDA5oS9jZcbJQeUY7FRQSGGdpIB2KkxzCUjAWlloIKtpZKwfdZauoKm11BBBdHnY+yWoYZrhb8nYZzWvGwUSSmwc4UmlmilPP5KS+EOAwq2jm9pSvYRsGpm4wrZ8H+BRJYcfhS5RaHRmmAaRjzD91x8bcZyuuYeyTH4OCgn93DDbAFrgTuuNJyAQppaw7oMlMeQEKjt6K3HAQVxwyELDgd0UEYwryFgA4OY8PjJa4bgjYgr1Pov4pySsjtfU8oy0YFWTgY/xD/XK8yc1NwBzg/cKx9GonRJOJ9MN0Oa2Rha+J41Nc3cEFVd3scVSTPTOYw9wV5R0l8Qq/p95hrNVTRu/4efoH+FevWy6W+8UrKu3VQljeO3LT6H3RnpK9ZXdBN9mPr7eWtAc3cKva+soJRJBJpHcHuvQ6y3xVDC5zRnGyzNdaXseQWDCgVkMrKIbay23hny9dSsbKRzjGVmrtZprZKXMaXwndpHb7q1qKB0Tsj7j2XYLhPGDDOBLH6PGUDXBmawZkPB7Jkg22OFo7haKaqiFVbwGvO7mDhUUkL4jolaWH3We2rcNrtcXwei/DT41XDpNjbb1Drq6AABoZ9TPcZX0fabtQXughudsqGz08zQ5rmn9vuviYMA3Wu6A6/u/QFV/7veZaJ5/m0rz5HLn2V7We38J9Qur/T1L4/Z9ZuYDjKH4fuqfpTrG1dX0QrLZIDho1sJ8zHdwVeO3Cz4wfQqLIaiv5K3lECspY6mMskH2PoqlorrO/LR40J5AV69nm9EOSHUMKZxyBZHPR2lq4quMSROG/IzuFFu1kobvEY6mnYTj6sbqDJTTW2Y1VLlzD9bP9VY0NyjrMgbOHIPKOM8mSUM9niXW/wANJ6aolmp6Yvj5BAXlF2tnyUhY9hHbBX2dNDFMwtmjDm+hC8z67+FdNeWyVFtLGSHJ0kY/RGec8p4bK+Wo+bWiWF4dE4gjcbrW9OdfV9FKynrHtMPAO+yq7509X2OcwVcRABwHY2KpZonHBCtS2nkm3TLo+hbXdqeup21FPIHAjffhWcNXwRgr5/6b6ouFlqNJlLonYBaT2Xqtm6ot1wY0Nl0u7hx2WiFv7N1Gqj1I3lNWROw17hk+6k4jeNiMFZmGoacOa7I+6s6WtaCCSStCl+jcmmidJC9o9Wnj2TIJpKaQSMP3Cn08sT4wRv6oM1GJHF8O2d8Jj5MV+ig38kTRWy9sliayTBHG6lyRw1AIMYc09iMrEB8kD/KS3HZSI+oK2AtY1w098rHfTvG6ayVReMiko53RNOqI7tB7KdFUOg9weypYrzFU4I545VjDJ4jclcLW6Rz6PeeL1cbK8IuYakPjycbqVTVPgnnk7qjjeY3AAnCsIXagCvO6jRyid6Fia5CXqyw3GL5qlAbKBnZYS92l1W0gt8Opi78ZXotJPoOMbEbhVd8tD5c1tKMkfU0ei5N2lzyMfRg+l+q6u01raepe6ORhwCTyvoroH4jUVXEykuMwDn7AnuvmrqSxST5raX627lo5Cb0p1dLTTtoqxxY5pw1xWT4nWzDqtNHUR2s+yLta2SD5imGzhqGO6qAynqoX2+4Rh8cg0+YZWY+HPxOhqxHZ7rKHA7RyOP7LeXS2tefGgHIyMd1speTzttc6ZOMj4b/tT/2YH2n5nrfouk/3UeeWmjb9JPJC+St4iBlfsK9lPXU0ltuULZYpGljmvGQQviD+1F/Zgm6dfVdbdHUpfREl81OwZ0k8kei9F47yc9M1XNnkPOeFWrh8lX5f+p8wRuzjdSWHUOVBiOj7BSYyCBuvbafURsgpI+Z2Uzqm4SXRLT0Ak7boo5WlSyZ2gqS4D2XVYvODrDg5Vjarg2nqQXDZ2yrmkDOSntOh2eVntqViwzRXZKqalE9BoqxsuDkKyjfkZWGtly0OALitPSVzZWheR1en+ObPfeN1MdTWpJk6sgbUMwR5hwVDtVe631JZKTpJ9eFNZIXdlBuNM7UJY288rn2QysM7NcpRkpRfRuKaqZURh8ZBBUkS4wfRYKx3mWnnEDnZafVa6OfxRlc62lo9RpdUro5Rd0tcY3B2RkLR0dYKmMOJ3WJY7B2PCtrdWaCNzsubdX+js6a/C2svKyLS/wAdvB2QY5jnGOFIilbUR6TyoT8xSFpHBWVcdmx/snR7jdAqIw9uAE6F2poRZADgFMhNpi5RUzO11EC47dll7rbRKXxvjyCt5VQ6hnHZZ6vpS8nbuuxpbn6Z5/X6TdmJ4l1HZ301RI1kZxnUPsqB2W4wV7F1BahURAFgPK8nvFC+kq3x42ySF7HQa1SSiz5J57xMtLPfFHKSqkgkDmnb0Vu5kNXT5IyT+yzrXFpAwp1FWS00gc05Hou/VbuXJ5ba+jlTEYXaSMeyDG4tdlXtTRCsh+ZazJA4VG+Pw3HA2V2RUg9jguS2t9a5haDstXarlnTuDysA2QsweMK1t10MJbqycLnX6dSOj43WvSzUcnqVHcA5ozhW1HKJnNDeSsTbK+KaJpY/JPvwrqlrnw4cCQvNa3RTWZRPpXj/ACsJJb2a+CaakmDnA6RscK+pqyCrH8s4cN8LN0NbBcIBuNYABHujtdJTvD2EjHouJdXtWWesqt3x3Lpk692SO4RmSNoEreD6rGzxyUkvhSsIIXoFHWMqWYOzxyFGudopq1pe6MasJKk0yWaeMluiYuN+cLQ2K9VEBEBk8o4yVR1lDLQTFjgSzOxTGOONirsirEBTJ0Tyeq0VW2rj1NO45VjC4jA9F53Yr1LTua2R+42+4W0t9yhqyGh2l3ouTfRhnf0+rjLo0NJVvhwGuwCVc0tWHgaiMrMgEYKOyofgAEhcyyvB1qrzVB2oeiE8Y4Cg0VxHhhk7txwVPZKHYPYpDWDTlTOxzlhyQo12tNJfIxgCOqbuyUDfKkSxCUDRsVFcailkDnN8p2UhLBUocEag6iuFhrBaOogHwkaY5xxn3WmEdDXxiWnex2rgtPKp3GhuUZhqWNkB2IeMqnIvXSNbHNRRmqtpd9PLo8rRCzkzzrw8vovrhbInDwalgex224zhfPnxa/s3srn1F/6Fgc1+dUlEBkNb/hPovpi13i1dQ04fTyMc4jJbjcfkm1tEaQa425B5C7Oi8pbo5ZrZyPI+N03kKnVeso/NyustVQVUlJVMdFLG4tcxzcEFR3wOh3cQV9xfEX4M9L/ECH5uN76G68mob/xD/jHf/RfKfWXw7vfRVwFv6jonMcRqa8DyuB4IK+ieM85DUfmz5D5v6W/iT+Stfb+zB6xxsjNdpzlW5tFI8DS3B7KLPZqho8g27L0MNVXL2eT1HjLao7oLP+CJgHulj3XX0FXCclhKY+KYHduE1WJ9HO+CftDvFPol4p9ELPbCWoJmcigiMNlGTwMjIRg9BRKPTKXiD+lDwUsFXvIF1hLWEPCRaew/dWpNsEPk+qWSham+q6mqf7KDZKeOUFOyEStAJQJS1Y5UbxD7peKfdGrQMIOAT3ThG3GchAEmeyJqTFZnoXhBY2kbZR2Nz3QI45CcMGpHZHM3dzP3TYywU0SAwDBCIwbhMZkDBTmuDSclMTEzeCSAMLuAmh+OyXiYTk0zPJtskbJ6jNJzuThED245RkwFSTfEZjUXbBCNZTAbyboZTjHsnxuXRI0+6WgqHJdqePgg/moU/UHlwxyCWojH2SNFjL4HGUB9VFEMyHCzMl4qXk4dhRpauplGHyJM/IRj0Ojo5vs0k96powdJycKpqb3US5b+H7qqLS7krqx262yzhGuvSwissK+V8h1OJTclLBXcFIbcuWNjFR6FkpyQZlEbGCMkK0iA08NJ4C6GkndFaAUxZA6G+66xpTxFkgozYxgHC0VxyLdgMMyitj3ynBo4T9IWmMMdipSyOZGMb4/VGaWjjH6qPk5wihpA9UxIjf7CB3YFdGo8prYnFwOFLEQDR6rRCLYlySARxHO6kxxA42XAwgkYyiMY4bpywgHhoKGAcJoYcg54Tw0p+gIHYkFVTKfQJ+w5woFdcoqSEvkx9vVcu1yhpmFznbD91jayvkrJi9ziR2HosWq19dUcnS02glKaTH3G7S1jjpJAz+yrXDVyUUt32G66Q4cDJXlNRqZ6iW5ncjo408IAG4BA7obI3SO0t3Kn09BPM4eTynlWbKGnoQHloJPKy2TUUb6NDOfLXBX0tu1DXK3jhSHuip2ENdgrlTXHOiAqOyCWZ4DmkgrJK3J1KtNs/BHDUPlfpJyCplJQuOHkc7qdQWZmA7wxn7q/orU1zmhoSTqafR739xWUFDpw0t23WktdmldINLCB+qsrXYWggys/Za+2WrwQMNAAV4Z3tL4+OE2RLFZTTsJ9Tk5C0zIwxjW+i5G1sTQNK6Z2jtlFnHR2aqVVwhDuF1rBnKA2Qvlc4DlSIwcg8KOznBurjkMzS3YNRGNHI2Sa3Yb8IgOOymcj4Rxyd0+64XY7Jur2S0+6mP2PE55ccBda0NGcJBobymPfqRBDvFxthDM4O2OUJEIyMKs5KTyO5KLHGdjhMii3yApjWgAKmwRgaAn4C6jDdRLJYyMHcpzpPCG4Ti5sY1EKFU1TJW6Ixv65U/sBN4OTT+I/DRsuNZjchMj3I2wVJwA0bphknMazZOkq2wDcgqLW1sdJCXPPmOzR3Kzs9wmlOXO2Kangy2WEm4XGaqkc3OBnso8bCSmRMc85O+VPhhOQAN1ecClFzY6miOdIG62nTnTu7amqb7tGELpzp07VNSzOd2tW1o6Uj0wk2Twem8d4zbiywkUkDQ0DGwUxjQPpGfZBA0tDWjGU9jSzclZZSyemrjjoJ4T3Ea9m+ie5wiHsUCeuZBHl/PYd1X66yvf4TMtYd84WeUsGuKWB1ZcnmUspznG2R6o1LZ5aseJXEjO7QrGitUEXm0AuwpzYyOAl/JgaNgp2U8bY2NAAGNkXSXkADGEmnC6XhgyEiUtwUeAgjDRqOwSMzfwHJQtb3fU7KSAYhOlked3JrWjOSN05LIHJQkESTuV1qaXtBxkBN8fT/djWf8KhCaEnzRRnD3fkFFaaqbByWD3CPHTtadUnmf6qiDxU6ziKNx9yMIodI4DWU0ADgJJck0QICitI0jcKMiDlUQOuOSb9IScoyDvpS+pc1Apa/QrO85GLCFlJM8TfGEtZ/pRNNlnyCNWUUAYXcBO0+6+on5tFgLqSSAISSfgpIcEAruCk1Jz2t+pHGDZJz2BDjuUOWYMbkbqNWVYj2VTVVcrj5XHBToVnmvLfUVGli4Qf3EqsryCWgqqlmdKTn1TySTl25TRGB3T1DB8y1vlNTrrHKb4AEk8oFdVxUkXiSH7BOr6yGghMszvsO5KxVxuM1bMXF50ngIZySQmqpz7HXO4yVchAccKKzOokpgaSeFJY3UBthZ3mTNsY/GIM1EeXdGjZhdYxEa0kpkIFTnkexunGBypETdhkJRNG2oZRQAOFojEVKWRDZdfhoyuIUsueAjKGOmIOMJmc7pHnOEt/srwGkjmr2SOT2Tg0hdAORsjUSnJLoYAcp4xjdEw0N4QQ0k4RYIdcwuIwnNjxunsbgbpPeBsFHxyyHQAAgknhIklJUnuKf9xuSV2MH0Tox6ovl7K0i+gaWAunlcVYwRrIkkkkyIoaknJIiDUk5DlkDQglLaOSzwNmmDRgd1GaDId0nHW7hdJ0gLPOWR8YjXjGAhyOw0klJ82nJIUKefbus9jGQjlg6qU5wP8ANQX59USWTJyQhsaSVmlJyNkYqKHRxklSGnSEmNawcLgdudlaBY1ztRXEklCCSSSUIJJJJAEJd/CuLjnADCqXRTOSDVuELT7patyjxN8w25QRg5spvCH04JO4U1nZMiiAbxhFa0laIx2mecshoxtklckkaBjI/VcGzM5xsobidWBvgppIrIbG/KS436QkTgZRBCPC4I/HeI2u8xTDISMYU6ip208Wt+S9/mOe3ssups2x4Oh47SPVWYXokUNK+Qx00bS57naRj1K9r6L6djtVBG+SMGZ4yXEbhZD4edMOqJRdqkYjb9LSNyvVoWeE3W4AAbriW2OTyfWfDaCFaUn6CVtdHa7e+oOA8Dygnk+q88nnnuVW6eZxe5xySeyn9R3l1zqfChyIo9vuVEpNJ0xtABPKQ+jvylueCbQ0zp5AOzVcktpowMbpUtOyCFoa3BxyVDuE5a/AJKQ28j4xwiHWSvll0askrTWC0GmjEkgy47lVFlt3zdR40gyAdittTQEEDsqk8GvTVZe9hIvJgkZQrnVOETGM21bFSntDW6j2GVQzVL5RJUE5Y36Sltm3gj3u4OoqUQxEN1jJPdZSCM1M2lx3K5c66etqiXuOAcAZWgstsYwMmMeT7oJSSM0c3Sa/RY2S2iniDtO5VwQ1jMkLtPAQ0eXAUO4VII8Fjt+6yXTwdGmpIHNIZpgxnfYALS2m3Cji1yY1u3VZY7Q9721Uww0b791c1tQIxpC5d1m7g6VMUjlXVBg0g7lBt9Mx7/HkZkZ290GKJ1ZKC53lbufdWbdLQGtGAOAsU5YNkFxwSnThrcNaAFXundWVTaaJudRwnVk3hwkDk7BWfTlDBS07rpWDzfgBHZZ7GGSqqrp7LQCDI143x6rE1dW+pndKSd1LvVzNfUuLfpzsqwbrNKIYuSnyO8JuT3XHaGbuOFFllM7hHHk9gqSBbwP0zXCVsEY77n0WroYYbbAI4mb/AIj6lQLPbvlYvGkGXu3U9zvFOAPZBZwHDkk0NM65VenPfLvsr+rIpYRHGAGjbZK10cVDTNDB5nDLieVX3Od9RVsgid7FZH9w+MSTbqbx3mqm8wB8vorTOGnbhDhiEMLWDhoVL1PeWW+HwQ/DnDdDgN8IrOrr0/WKClfuRl7mnt6LNRREYc4JazO/Udyd8o7TkYxjC0VxwZZzbYmjbZSYYXSPGAmRNOfpyrSmg8NvmAyVcpYJGOQtPCGM4xspdupw+Vxc36eEqendM/Qwbdz6K8paRjAGtaNhv7pDeTTBYCUkOO3ZUvV1/ZaKV0MMgE72+X1Hurq4VcNro31cxGlo4zuV5DeblJeLhJUuyGnZoPYKQjkXbZt4IUkstTI6aV5c95yXHlT7Va5rhOI4xxyVHp4NRxheh9JWN9PA2flzvMcps5KpGZZkyxstlZSRsijYAceZ2Fp6OlA04aBjlMpaZxOQ0K5o6XSAS0BcrUajI+EcDqaDTgAKyiYMBMjhAHCkRsLTnOy5VtuWFKTXB1oOQcbIo4SAT0nOQG8iRWISNH3QByERhJdcuIkJaCp6YuuQEFgpYK6ThIHKv5ADqSSSogxJJJGCMSSSUIJccCWkgLuoKm6mvP8ACrVLVl2GsBz7p0I5GwjlmL+Il2/iFXT9P0jyXZD5ceh7Kxs9rZbqKNgG+Bss70nb5LnUS9QVZJMzyWg9h2C2D5CzgZW2qGDRt2gpnd+MDKwt+rn1tX4TnamsPC1N8uQpqJ5bs9w0tWLpI3Vta3k+p91tSwsk7NT0fQktNS9mOzVsG8f6qHbaVtLSxxtGNlMaNyPRZ7Z4GdBU5NTljk8kQ1MT0J5AaSThRLJZyqqoqWIySO+wXn1zrHV1bJId2g4Ct+pbl4xFPA/YZ1HKzoLv6U+KwEPii1kADOVdUdI2BjXuYONgodspH6vFcPKrR5w1aCzk82kaQEqCBz5g/kdgoxzPJpbyruig8KNoPOOUT5CJbBpGPRckcANyujZRawkYwUtvA1LIKd5JTEkpCBjK00xbfAuySRW36tZRULpHuA2JXj1fVSV9a+TJc0nAWp69v5nqDQRP8g2OFmrZRSTSifhrfXuvY+J0Mq18kjzmv1Km9iJdJRtp2BxaMkJSyFpUuoe0DACi08XzNQI/Ur0fEeTk7N3RcdP29rwa2ZuQNmg/5qZcKl390x2Pt6KSdFJSNibtpaqxxdJIXHclZ7JbmbKo4jg7TRnTk+qkhoY3W7ZcibsFHvE74qYaDjPKWlhjZLCK6SZtRVOOoOwUpyC5ozso9MRkvO2QpEUZkeBn9UyKyIbeSxoYQMOIwAEeWTz+wT2gRQgDY4QJ3aRnHCeoFSltId0qnMjDAdOefVZupqMHYZR66sllkc57u+PyVPX10dJE6aR2cZK7fj9M5NM8h5nyEYJ4ZTdYXyS3W8+A4NkfkA915MHy1lSZZnlz3HJJVn1LfJLnVyO1HSTsPRRbRQTTSCbhrfXuvZafTKpYR+e/qLyX83USa6TLG328EAvbgq0P8sALg/lDhMyXuC6MI4PJylvYdrmRROneRhoyodtpXXWpdW1GSyM4YDwSmyl1XKygiydThqPbC0TKZlJE2KNgAaMK5zwsGjT1t8nI4i5wPGNlBukxfOy3x/U/bI7BT5JmQRPlecBoys1VVrKSlqbrNIdbsiMejVx9ZqVFZPa+H0XG4oOtbmfGFkpneWIAvIPdZkNIAGEaLxK2eWsmJc6RxOT6IkzAMNa3leY1NsrJNs9xp6PjjgqLlK2GFz3cAfqsnjJ1Z5Wk6hIZTYx3WbBykQOB5OeZ7Q0e3CvKbBp2n2VGzgq3oDmnbvlNOfpeJhyE5nZdOClGcOCpnXrWAwBCWgAg55RQC4bBDkaSWkLPab4EqL6dypVLjcH1VfHtjdT6THityeyT7N9TwHeCBj1VVWsOMq6Iyd+ygXCHMeoBLyFdHMCmA5QTkHKNvq3XHjYYChycHYnEEKzopCWhVLOVNoXlsnthWngdRLEsFk4Bwz6KnudP/wARoyrruFFqoPEGlaosbqa90eCkgeWjBanTNyAQE12YpSwtxg4UkgOYCOU04coZTiVz2kHhAcHNOQVPkwCRhRZG9wEZi+PaWlBMHwNG2VLVFQTmKUEnb0V+x2pod6qHR09m+OGLAXcZ2SSUH9AZoARnHKrZ6cDJVxIMtPsoTcPeQ7bC01LdwcXyS2tSRTvaY3DblFaMjlS6+jawCUN2P7KG30TVHBy/k3HUsFdHKNp/l7K2WRUk5w3TcpakGmSKeQNPm7qfgEAhVGDkYKsKOpaGiJ5391eUzRXZgkOYEPT7o+QeFzT7q2smmMcoiub7oDzqyCFLkBHG6DoOSQlOOC5QZCkh7gI1DW+FKI5Bj0Rg0d98KHU02p5c0DdV0D1JM0LZGuAICZI0HCq7ZVuINPK7OnjKtGjWduFDo1NW9Ed8QLSq2eAtcSr0x5GCFFqabIyAEMeAbtOrCpY85wVJcxrgMYygTxFjj2wmskOfstELM9nEvr2SwSI3mNwHqpsTg4Z1BVziXj8l2mlMbsOWuE8GOcclo77JofnslE8PGEyRuON1pi88oVjHYYDOw3yuIcUmNiEbOpM4aKG4ycKPJHjgI2lO3S5w3FkJ7d8EfZAkYc5AU6SLPA490BzCdlksrGAGSFOkAfuuPZgZCGx5Y7OFnkgl/YZ4Rac42XWOORhHOlzfdBMZHZXHgvOSfTTjGDj9UV4Dt+FVxSFjsqxhqGvwCU+FmeGLnEWC12MIrHZCdpDuyDgtKYm4gMkx7E5RiA4bHCiNfjsnRk554TE1JCpc8ilhGNhkKLIws3Df3Vq1oI3QnRNwdkqcS42emQqapLHYcMKxje17c5G6ramnLTlmwXKadzSGO7Ic57GPEuUGqaNuvXFlpPYKZbb6+kxS1zXOAOzvZdiLHjflDqaJkjcO/I+iOKdck4gTUZx2yRqYJ2TMbJG7U1wyCpWGPZ4b2Ag8grE2+41Nql8KVpfHn9lq6G4UtawGGTzAZLTyFuhYpdmCdGzoD8vU2uYzUg1wO3LPT1wrSlqY6locw7nkdwmuCE+BoOpmWO5y3ZORjmtzLEM2TuxQ6WfxAIpDh4G6lhgxnCjxIVKW0hSU+ok44QRGWv3VqYgRsFHczUdm8IZRSBVmQDWbcJSU8c0ZZKwHPCK0EEbI7QCOEDryMjNx5RjLn07UUspqaAgtO5Yg0VW138qXyuGxB7FbnQBk4VDdunBUyGroiI5OSOxS5Q2s1w1O7ibK90OeOFElp+4C5T1ckMxpqsFrgcbqf4IkGR98odqY/ftKZ8GDnT+6jSQkYw3H5q5mpt8gKHLB/hSbKv0Ohb+yAx7mHDhwpLXh7d9k10O/Cbu05/ZKawMzuOSU4O7QortcZ3aprJwdiE6SESAEDCFQyXGbXBCbIHAbLpYXbhOkgcw8YTWP0nBCrGA8oaWqxsN+runK1tbQu34cw/S4KIRluQEEvycY4UDjY4PKPb+kuubf1ITTvHgVLRkscdnfZaCqpxMNPHuvnOOWWF4khkcx7dw5pwQV6V0h8TIxFHb7+x2puGtqGnOR7j/VGmjs6XX78V2GnuNp2Ja1Zmst8kJOoYHZegiSKoaHMw5pALT6hQbhbmTNyRumtLBunFS6MJFI+nJ5wUaVlvuTAyoBbIOHKfX2mSNxIbsAqsNcxxxyEqSyAoODyVlxtk9Bh2z4zw5vb7qG06lp6ata7NPWNDo3bfZRrlZQ1vzFvaHtH1AFZLatw6M8kOx3659PXCO42ycxyx7ggnK+kfh78UbZ1hEKOdzYa+NoD2k/UfZfMZj0kAnBSp3zU8zZYJXxyMOQ5pII/NYp0uPR6XxXmrdG1HuP6PtTGdvRcLNsHuvJvhz8Yoq6SO2dTzNim0hrahx2k9j7r1svDwcAhZJRaPo2k1tWsgpVsAWDckKpq7UfEM9G8sdzgHG6uNO53XC3PfhClt6NTgmVttugld8tUjRK3bfupr2gqPcKGOcBw8sg3DwMFQ6atqIJvlqwE42BwjjLLAlD0UvV3QVD1JC/S1rJXDuNsrwDq7ouv6eqpI5IXaWnnHZfVQeDwq2+9P22/QiC4Rah6gbojha7w9OqTceGfHb4cYw1TLdWz0Mwkjccdxlegdd/DaosNVJUU8ZfSu3a4Dhefyw+D9kaeDxN+is0s8SPQum+soZi2mndpd/iK2dPXxSgOY/n0XhLJTG4Edu61dg6rfC5sEpGOASVohbjslWpcHiR7Hb6/QNJIOVd0lTkAkDdefW+5sqmDRLur+hub2ARSnccFaIyydKq5TRqZKeKqb2a71VPV0z4X6Hjjg+ql0dWXAOG6mtkgqW6JQPzCth7Y+igAc3dmR9lc2m5lpFPUH2a7/QqLc6Cqo2mam8zOcY7Ktp6tr5NEmzj2WaypSNWnvlp5ZgbiOQPOxCsYHBoAyN1jqaslhxh2wV3SXGOQN33XI1Wl3dHr9JrozjmRel5YzUFLgq2EAA5yN8qsp6hrxpIyCj6e7QuJZpVng6kbcrKIF3tscJ+agb5XnDgOy8+6o6aBea6gYWuHmcB6r1Js2Rpe3IPqqeppWsqHROA0P3asV2iz0W7P7HnFg6llieKSocWSMOAScZX0T8LfitHXxR2K+SjWMNhlcdz6AleCdZ9GPANztoIc3zOaFS2a/vlIppiY5o9ucErn/BKp8Ga6qOojtkj7hqKGF8hkHcdlHqaOmqaaSmqoGyskGMOGRheQ/C74yQwiHpvqioAiwGU87uR7Fe0ERzMbLC9r2PALXA7EI8bjgz086ZuLR8Ff2pP7Lk9gq5+uuiKYi3uJfPAwZEQ9AP1XyyyUsOkj7r9lKu30tdTPpaqJsjHjBDhkEfZfEn9p3+ylUWyep6z6FojJSPJfU00Y/uz6j2XoPG+R/j/AOnYeI874OWql89P5ez5Qil1DjlSWu1DKroy+NxjeDkHBz2UqJ5xxyvaaeyNsFKLPnOopnTNwmiSCiAjCAnjlaDK1kdnCcd0gRjcpqXOO5EQWCVzHgg8LS2i4YIa4hZZpwpFJU+BKH5JA7LmanTxsi00dHx+rlprFjo9IpZg4DI5Uota8bjKz1uqtcbJCdirynkDmg6l5y+n43g+h6a+N0FJFXdKIQOFTT5GTuB2VrYb4HAU1U7zcAldnZ4mNshZ+ogkp6k6CQM5CyTqUkbK7p0zUoHobZc4KkU1Q5juFlrRd3SQBkzsluwKuoKlrt8crl3UYZ6jS6uM4qSNXb69wb9QVjWNbKxr286RlZKmqnAg8K9t9aHnRIdiO/Zc6yv9HYpu+R4ZLp5jG4B3KsG4e0OB5VTPGdQLVJoqktADlnaNOdrDyx6hgqorafB2CvjgjYqFVQB4wAtNFu0z6ipTRk66ja/YtwAvOuqbAXyPf4ex4IXq1dDo5Cp6uhjqoXRvYCCu5o9U4STPK+T8dHUwcJdngdXBJRy+HI3fsU2N2QDhbrqrp1sQdqZkblrgsS6n8I6SV6/T6tTij5F5Hx89HNplna7m+nf4Upyx3qplxtTZgaqmAwRkgKgAWgsleC35ed2AG7FdGN2ezJDE4/FayhlbpOF2JxYdt1eX+yuYPmKdvO7gFQt8pyrbMttUqnyXdouAp3iN7tOrg+611vrTMQx7s4Gy84JyAMq3t10nhAje7OOD3WO+neuDr+N8j8X+nYejQzSxO1xvLSO4K09qukdbGIpsCQDH3WDt9yZNC3xHAuVrTzOa4SROwV57V6KNiwz6H47yMq4pKWYm3Dn08mthIwriirGVLBvhw5CyttvUM7fCq/KRtq9VZsDoyJqd4cORgrz91Uq5YZ6qi+NqzDos7jboqyIgtGVlq+1S0Y8RoJZ/ktbR1rKluCQHjkLtXAyojLcDP2SU3Ee4bzCRzuYQMYWjs94EcjA84PCr6+2CnJDd++VAi1RSZc3IQW1qxBQk6ZHqNvurXuEUp+xVu17SMggrzO3XF7XjLj5ec9wtXQ3dj2gH/Nc23TnX0+pyuTQl+eOymUl1fHiJ4LgNgVURVGRko7XA7+qwW1YOnXPKyainrC4ZBBRnaalulxGPust85LTloadu6sKO7wEYLjnus2x5NEbU+GT56Dwv5tOfMOR6rsF08SPwJzgcEFEiqvFGQuTU8E25jAPqFa4G7VJFVW2GSmkF36ck8Kpi3LM7OHcK0sXXUUzxb73pgqRsQ8YB/NQ3yVNBIHeYRjlybU0Nrv8AGG1DIy/tI3Z36o42+jNZDabOpt8MjfFhbjIzss91D05aOp7dJab7Qw1DHNwDI3JCzlL1J1T0O4UdcZrpb2ned4zknn7LeWq6WPqqiFVQVkYcRkjgg+i2UamdP4MyzirPtkuD5L+KX9ny9dGNfeOky+7W1zj5dX8yIdg7nA5XlLKojAIX6Evpp6LyzRZZ2cAvJviX/Z36d64ZPe+mC223s5dgN/kzvPJcBxwvV+N89J4hf1+zxPlvp3ObNL3+v/Y+VmkTYOAgzUMTsK7v/Sd86PrjbL7SuhnaTjI2d7hQWxmQ4HK9ppNbXbHKZ4bU6OT+22OGVptNMRuEJ1pgwdLTlXPysjd3DZMLdOxaunDUwfRy7fFRfoz81onLst4QTRTR51jK0pYShupg/GoZT1bE51viX/SZoxgcjCXh4Wjfb4SPoGVDktwB2ajjOMuGzn3ePtq9FNoeeyXhu9FYupS0fSmYYDggJ0UmYpqcOJIhtjcniEu7IvlT9TfVN2YF7wXgE/h/dd8J/opBLe4XPJzwi2omGwPhO/p/ddETs8YRvHgG2rdN+YYDkN/dFiK7AwdbCOcIgiwhfONHbCYazG4P7JnyVxBcWyYzLUQOII3O3uqqS4zN8oQ3Vk55dlDLURXRFU5F58y0bHCaKpuVSGqeeShmaQ9yhWqL/j5NI2up8HL0Ga6wN4P7qhDic5KR3UeqfopaaPsuDfAMjUgvvZcCA5VZYnBgHp+iW9TYw1RWvRMfcqh7i7WcFAMzn5JzumBjs8YT2x4O4Q/LN8NhfHGJw6zuSuaXeqMGjHC7gIXFsHKXQDzNXGgk7qRgJYCKKSL3f3GhvskG78KQBjYJItqLyNDBjcLoaAcgLqWCiKEu6vZdwXbp4GESWSm8DQ3fOE4fUFwnCTPqCNIVKWQw4T0wcJ6dB7QDuSn5c7bKRBO+EURk7ZWmMdwJ1jO+UVjDlEjp3HfClxUZTo4QMq5S/EFFECOEZrHHbGykMgIG42R42ZGnSilaoIdXobLOyKIhzhPDAFJ8IYzhCJA7jZInqkuzo0+Lz2M4VTeLzHRtDGnOdiQuXi/Q0kTmt3PG3dZGWSeukL3EnPA9Fydbrn1A6NOihAFX1s1dMSSdOdghsi0gZCn0lmq5SD4f6q4p7I2NuatuFxLNRl8nTo0UpfgZ6KlfKcNaVaU1pDQHTj9VPnlt1vi1RkFw4VJNdp6t5jjJwVhtua/E6kNPXTjfyyXUVVNRtIiGSNh7qtkq5aw4c7bspEVqqqp4dIdgtDa+mKfSHP2Pv3SnJz7N1enst4iuDP01tEjgSr2jtLRsDyFpqDp2nJADBt7LQUnTtMMAsCVhnT0vj7I9met1ha9rW6dhvstJbLFCxoc5uD22VrBb2xs0sDQB7KyZEIWhzsHZGuDt6bTRh2iNRW8NeDpyB68K0a6OEDDQcKM6qjjacD7KM2V8jsZO6PejaopdEqaqzs0ILdchwispy7BIUunpgOWhQ0QjkFBCGbuG6mBo5AXBHghGGCBslmuEODjV3ISQw0g7lEMCLuCkNl3WCBsoGceMoRGBklG15OMLnhF5CMIAC4nGlHjhJwUZlOGgOITi7GAG8IcgnGtDMbI7eNghCMuwcIglIAGlREHZA5XC4N5OEyV4cAc4woM9RrOlnCvILeB1XVOf/KY7buUOCP1C5HFk6j3RhhgUSMtth3AG5KFXV0VHFqe4Z7BRrhcIqSPxHnjjflZqqqZqyUyvecHgIzDZZ6D1tbJVzF5OfT2Sp4XSHdNpItbtxlW1PAGEEjCakLhGU3wKmo3EZDTlazp2wP8ALV1EQxy0HlNsNjlme2cgNaCNitvBTeG1uwxjYDslzs2npPF+P/8AqWIfRU3hsBeBvwB2Vg1oAwFGaCNiuyTNjwDssllm49LGGOiQ1w3LuyjVNzja/wAKFut3ohmomn/lwtw134lLo6COE+KWDUfVZ3I1QWAdJbHzSirrOPwt9FcQwsjA0tA7pgOe3CKx3IxwkSnk0Rg2w7diEQvAGdv1UfUPVcGfVJcsDtg7XvgBOzncpBgO+E7Zo3KrJDqWR6oElXCzbOT6BR/98m+loY09/wAQQby28E10sbDh7wEF1QZHBsTAR3LlyKkjGPEBcfUlSPDYzAa0AKEyD8EPHnCPA1rCMALu2NgnR91ZYZJMXHODeVCBsj1SyPVRvFPqVwyE7boCEkuA7hLxfZRCSTzxymVFTTUkXjVVQyKNvLnOwhayLnbGvssGz57JGp/D6rE3P4qdG2l5Y+6x1GO0B1HP2Wdrfjk7IfYrBk5OmWqJH5gBUZp6yqv2etMeXY908mKNuZZQ37r59r/iv13cTJi5tpg//umY/wBd1nKquulefErbtWTPJy4ulJBP2UwZZ+ViuII+ja/rTpC1Mc6vv9Kx7fwNeHk/oVn6741dHQBgpBWVRdnOiEtDfuSvC9I5O5PcolFQVlfMKehpZJ5D2YMosIRLyN0+iIAn4K6B6pwx3X0nGT4n+IxIcp+n3TM57K8MFySCbEcIetMfKI+VDqKxmMFHGrcY9Tr6tJHdN8EqWQMbtgqqqa12SG4OCo9VVSuPkfgFR2EnOTlPjVt5PnvmPqqVjdenl2dlqHyPJcUi3PKbo904kAZKJLB4my2d0983ljS0AHdQ6y4R0UJe/nsuXG4xUkfiSHGOBnlY243SavnJLiGDgIZzWMGnT1OTyPu1dNWPy52xOwVYOUbXrABC61hyszbkdKMdnQmszjbhHjaMAYSiiJ3KMyMgbdkcYMqc8I7G3PCkxQhMjjwpccewWiMcGaUs9CbFsCAkdgupr58jGEYHYx3dRyTlEcd01WkM3YEku4KQBymx5B3M7gJ5AHZcBGEg0lEQbuTjCfoAGU/S0DKGcnsoQWdsYQiCUUjAzlBL+ypjROdpGAFxrS4hy61hcQT+iOcNAw1FGIEpYGNGBhcyVzxDnGlPa3g4VAjcFcR9IxwgkHKtoM4ku4KWCoQ4uhpKQ5RDgN4RdLIIKXDG5PooTnl5GEapJkHhjuhMh0jdZ5vLNEDibNjAT3nSFAqZtseqVLo0JZGVU4Gwxwq18xccJ0z9ROCgsaSVlnLPA+McLIQNzvlPDdtgutjzwMJ5Axyoo45LlL0hodldXAMEhdQPsIYkkkqIJJJJQgVJJcf9JUCESMHcKISclPJOeUwDJwltZIdY0lwVhTxZwcIEEQyCWqezS0BMriLsHgAAYTxgAnC40LshwEZmI88pHlAQWDJyQuuf5sYTgmYD6HppIPC67goTRuBlBZPYg4x3PAaGF73jA2G5JV5YrbLd6+KmY06A4aj7Kucz5WEbeaTC9V+H/T/8OoW1ko/mS+bcdly9Tbu4Pf8AgtB8TUYrlrk11lt7KCkhpYm4DQMoPVF2+TjbSQuGtw826sZZWUlM6okdjS0u5WGqHS19W6pkds45Az2XOlLB72uv4Y7UNZxqI+paDp61Ag1s7cjOGA/5qBara+4VIA2ijxqP+i1NQWU0YhiAwBhLlLHRpri3yMqJGsAbgBUzWOqpyME5ONt0+ple+TYnAVnYKZ2o1BG2dikyluN9S3dl5aqVkTGxtYBhXLWhowFEpmiMl+nlHmnbE0ucNggfRtWIxwV98rhDEKaM+eXY4PAWbu1c6lpGU0YGHDCJUzunqZKiXYAnG/AVLqkuN0BjJMcflGElsXucngkWS2tqqkyzNyG7rcW+kBHlYNLeAq2gojE/AZguG6v42tgh32wMlIufRroq+OIGunFNTkj6jsFW2yhdW1Je/OkHJ259kyZ1TX1YYATvgDsAtFBTso6dsbR5hyQsVsuDoVxZMbLHBEI2gANGMKqfUPqKkMPc4+yZPVOcdLVPt1KIGGWVoc92+/Zc2cucm2pc4JMcccLAxo/9V1xLMH1T2s31vH2UOpqQ86WjjZZbJGxcBbdTyXSuEe5a12/sFP6qujIIm2ymwNLcHCk0zW2KzOqMtFROMjbcBZGV0k8pmlcS5xySVnctzKlLABjScZTxHjc7JzAAc44QKqcDYBFIpDZ5W5DQMqXZ7a6eXxnENaPVRLfTGeQySA6QVdMcGgADGEqTwElknSytaNDT7KzsVvla8VMrQc7tae3uqmgopqyoDGDIG5JWxhi+XiDCcuAwSs9jyHGIGuqxSRguOS7YAd1FtdMZZTUvGcnKj1kj6ys0s3AOloV5BG2mpw0jgbrK5YNMVhZBV9dFRUznycnhed3WqkuFWZ5OOAPRWXUd1dV1DoWHyt22VTFGcjKZWsirJ5ORxacZCK3AT9OykUlN48mkjICe8RQnGWSLfTHImc3bsrNjNRDWpCPQ0N9FLoaZzneI4bdlnk8s0RiSrbSuY4uI5Vu1rY2ajsECBjWDhUHXPUENst7qZsgE0jSQ3PIUSyFKSjHJmOueohcK35CjmPhQjDsHkrN08Zdk4yo9PqlcXkbuOT7q7tlJ4srYgOU6K2mFzc5ZLXpSyurZDO5mwOAvUbZQilibGWjGFW9OWZtHE3DOVqYox2aFy9XqG5tIZBDqWBoxsrKIAYwhwRaQNkdrSFybbcsaGY0EZKNgJjPpCIs7eWTsckkujlUQQHdEHCQHddRJEZ1yIhuREsWxLpOU08J+PQoZPBRwnKaBhJqIqSyAJJJJEQCkkkjINXDjjKR4QyTnlRsh3B9V5d1dcKnqS/xWOif/ALtTOBqCPY7rZdadQCw2aSWPeeYGOId9RWQ6Qt0sNLLWz58eqdreT3K1URyaIJl/SUkNHAIIBhoTpHBw3GwTmjHfKo+oa90DPCid5j9W/C6VccD3gzvUNyM1S5jT5G+UAeqsOkLaZ/8AeZGkZOQss58lbViNmSS7C9P6YonwULBIN0637INCy3aNIAARI2kE5CdpGxRMD0XLlL9jMiHCRxxlOOwQC7flAWjuFXXWsZBTuDjjIKsjwVX1lFHUjDxsrXZGYRzzNISB3UqnodZGRgK7msTQ8OhbsjxUHhgZaNlqhLgIjRwlsYGMYUSukdGwNbtnlWzgGDcKjqZfHmIB2GyaWSLRTSTSmT8LVoGDAwg2+lENO1gG5GSjnDQTwpJ4DSyNe/QoMxc95LinzyanbHhNyBylxTk+Rj4Qw7Kk6muraC3vfqDXOBAV1NKGA5xwvJeuL+641j6KBwDGDT+eV3fGaKd1iaOPr71GJn5HzV9aXFxc6R2FpIYhBTtj2BA3VZZqMN/3iRu4GynTzg87L31NXxrB5p2ObywdXJl2M+yubLSRxxeO5mXnuVSUtOayrY0bgblanSIYmsA7K7XhGnTwzyBrZMgNCBEMDOE6XLnZwnMaTsBwsbZoxgJwM+izlzqpZagse7IHAVvdJ5Iaf+WcE8rMl7nSFzjkoksi7Z4JsQONlc26maG+K4ZPZVtujEjwHjYK6jw0bcLRGPORKY8jJySqe81hb/u8TsHHmU+uqo6Zmtzseg9VmqiYzSl5O5K6FNTmc3yOsdMXGJEnB8xO5Xm/X3UJjeLbTv3AzIQf2Wt6qvbbXSygOw9zS1m/deKVlXNPO+SV+p7zkkr13jtLiKZ8V+sPNOqL09T+59joI3VNQ1gydR5Wwo4BFEGhoGNtlX2a3xwwtl05e7kq2BGMAYC9FXDB8kvsbWGMlYCRhCeNAx6oz2kblDgikqaoaW5HotKxFZM1acngnWm3mN/zUjcZHlCtHgHGUg0wsa0+ij1s/gxeIuZqrMZZ3tDQ5NRKi/VPiyR0UR3OC7Hp6LI9ZVIY2G3McSQMvx/kr0u8eslq2/S1Y26TPq62Sd5zl2y83rdRuWD6R4zR7YJjqSDRCMDkIcow4DT39VaU9PmnDyNsKBLHl+Vyuz0e1RRk+pyMFue/Czcavepj/P2Kz7c6yojxPknm5slHgYVvazmDSTuqhvAVpaCPG052xwmoxUT22E7BB3KfF9S5INR27JR8qmdqvlk2MAhNenxfSmyDCyzllnQgJv1hSodpWFRO4+6kRu0uylyNlbwWgZtnPKBVx6o/spbG+QboLmpHJrlHfHBm6hojk0gLj2gtGQj18emQk8ILeMKzk2RSk0DYMHCk05w8HCB+JEZ2Ri4fa8lxA7xGrlRGHNwUOikGwUxw1DCYpYOlGKnHkztfTkP1Fv7psZAABKs6+EOBPoqoDQ7crTF5OJfT8c2cmjJwQgOjDmYypjzlo2zlRS4tJ2TTFdHBCeDG4EK7t0/jwAE+ZuxVZJHnflPo5TTzg58p2KgqmfxyL3RsDjlN0+6kMcHMDm7jCFq9lDo44yc52VZO4wVDiG5B91aqFVw6nA43WmrhnM19bnVx6JEMTKmENxkEKnq6UwSkNGysqKUwO/wlS6qibVMMjWjJGcrS1lHm9zhLDM3wiNdgYTpY9DnNIwWoGo5QmhPdHI97M7hALSDvspYIe3ccIbm9wkWL9BReQKfFnWBlNIwkDgpcG/Y6L2vJaxPy3KKq+jqfOGFWIBPC0HQompIdpDuQo8kbQMgKQw5ylIMtQNZNTjlFeRgrjmjG4RntIPCFjCqSyIlEiOh8ObxGjvlWdFVh0gicPzUV4yEJjjC7UBlLk8F0zlXPMTRNbn6TlNkYCPVR6Cra9oPJ7j0U0u1AbITpwnvWSoq6PVqIHPG6rTE5pII4WlmYCMYVZU02dw1FGWGY79IptyIUR3wRylNFjDm8LnhlrvspEeC3da67NyOPfTsYKnqXRuDSFYag8A5Cr54PMHNGE+GfQQ09lpqsUeGY5QbJbmcEJzDjK6xwkbshkFpGVsX7QnAYnCWC7sk3DsHKccadgmYyUDcMKO5uM4ClHc4ATHDy4ASbK8lkJwBy1B0d+FLc05OyCW5B2WK2toYRwSDhF2I5QnAg7pNJykBYydLO6ayR0bxhGyHD3QHMyeFaeOSLngs6epDwBtujviBaCN8qmje6Igq1pKuJ0Ydn7j0TY2buGKtTSyMc0sPCJE8Z3RZIw/do4UYtLDwmJtcCc5JzHZCeobJQBxypEcoJV5AcRPiBByMqBNDo3a1WuA7CHLCHAbbqpRLjPBAiqXRuAcrCCVsrc6goE9M7ILRwmRSOgdghHF4GyxJFhUQ6hsM7KG11XSSCelBy3nHcKXT1If5XDOQjmA4BaOUzP6E5w+SfZ7+ysxHMdLuN/VX/AIeMHnKw89E1zvFi8j/buraz9SPhcyguTDngP9k2uz/nMt9OczrRqom43I3KlxHcKLEWvAcw5B7hSouQVoTz0cy3+4fAIUcs3OymDjCWlvoiwxXRF8FLw/dSNAQDEcndTDDyOXAwDcBOAOU8D1VbMl8roorx0/Bch4sREco7+qzrJKm3ymkqmHLTjdb/AE+6gXOzUt0YGztO3dvKF1Y5HV3bVibM6wtlbqA2PdR5qfPbCbU0dd0/UfzGvfTO2DjvhTKeeCsbqiOSOd0qfPBp3Ncx5RVyQY4Z+6izRnHC0EtK2QYA4VfNRvbkAZSZwyaIW47KbSWnZGhnIwMcI0sGDxhR3xn0Sdm00KakHdG2YAhQ6iAtIIThJJCQAdipLHtlAyN0LWAnx0QI5ZYZA4cDkeqlSwR1MPjUwGR9Te6dNBqHlZuosfzFJJraOe3YpfZM5GHIOHAg+6aeNirMGnrI8kAE8qBUUr6Z+N9PYqmnkKufPJoemOvbjYJhHUNNRS8FgOCPcL1q29QW68sZJRztc17cjfcH0IXz+FYWu7Vtpk8aik0P/ZNTeDp06yUHye9TUsdS0tOMKlrbD4mfAbv3VX0n17T3V7aSsAgqA3ku8r/t6FbJjmPbuPKVR1a7Y2rOTzupp5qeYxyMwBwV2GZzCNLz+RW3uVqirI9DYhk91krrYqq1nxYml7e4AVNZHEert0FwaJYXCKYcHtlVJa+kkMFYzD29wOfdXdHPHJGNOx7hHmgp6tnh1MYcRsHdwlTryMhPaULQ04dG5el9B/Fe4WDRRXSM1NEAGgNOHN9wvOZqOSim04LoyfK5OZIBjdY7NPnk7XjfIW6We6tn1vbrnQ3aBtXQTtlheAQ4f5H0UwHK+Xumeq7p03U+NQylzXbOYScEf9V7l0l8QLd1BGynd/Jqg3djzglYp1tcH0HQ+Vq1CW54ZrXtDuUF9NE/dzQfyRg8nkYTwCeEtrjJ1+GVD2S0cmNzGT+iK2VruCFPdHqGHcFQJ6RkZ1RhUp5eCpR4I9bTQVTPCqImyMdsWuGQvI+uPhQ988tZZmDw3+bw/Q+y9dc7BAcmOw7Hf2Rp5Obq9HDVR2yPka4UFRbqh1NUxljmEjcKPG4ggr6Q6w+Hdp6la+dsYinxnUBtleF9TdHXbpmYmphLoHOw17RkfmmI8NrPE3aebaX2g7Xfqu3Py17nN9CeFuLV1YydrRMF5hFLvxyrCmrHwEFu4HITozwc5XSr6PZ6C9A4fBPkf0krS0tY2ojD2nfuPReO2e8DDXNfse3otZaup2xSAAH3901TT7NtWpb7PTqSvcGCOQB7fdV91sFLcXGron+BUAZHbdRaC7Q1LgwnScbbq0bUCPBxn80b6NsLEzOU90fTzfI3CPw5mnGTsHe4VzSVGnDmo9fQUF6iEVVE3UOHEYI/NUEra6wSeBUNdNCD5Hj+n3Wacc9nTo1Di0bKhuTdhJsVeUtSJAAe6w1HWRVEYmheD+fCuqGuk2DzkBYLtPF/ieh0euTWJmlfHqALUCeIPbh/5H0TaSta5uCjuLZG7bFYJ0nXhYpogOOG+DKA4EY3WC6y6I05ulnGZfq0N7r0CaLfYKC+WakeBIzVF+J3osdukUiZSPLbVdTL/u9SCyePYg7HK9c+G/xjq7FVRWm9PMtI/DI3uP0DsFkeq+i4bnGbvZ8MmA1EN/EsKKieKU0de3RIMgagufZpnHozXR+Xs+7aC40lzpY6yikbJHIMggrlRSxVkZilbnPHsvlL4c/FW6dDVTKZz/Ft0pAnhBxkeo+2Svp3p3qWz9S0Mdws9WyaOUZwDu32ISHFpnKtp29Hyv8A2m/7J7K51V1t0HDon+uWjjbs4b5x6L4vqKapoKmSirYXRTROLXNcMEEL9kCWlhD2gj0K+a/7Q/8AZa6d+IMEnUHT8YpLxEHO2bnxWjseMrveP11lKUWzxvm/BVaqDnVHEz4GY70GUYHKNfbDe+irtNYuo6B9NUwuLS13p9+6C0h41N3C9TRq42RPmOo089PN1zXKO5K4kN+F3GFrTyjI00LJHCWT6rgOUkM4ZDTxyi4s90MDhBM44J8p9FsKCqZIAGvHHqvOfEDfdaKx3WF5aM6SOxK4Gu02fuR6jw3kMP45m4icCNyN1Gq6ZswwW5TaecOaCDsVIc4SDGfzXDnBx4Z7KMk1kooHTUk7mYyMlaOgrdYa0ngKuqqQHzDlRIZnU8ulyy2170aKb3SzaU8owHAgqypZ8OBOP1WYt9WHgAn1VvE8DDgVzraD0mm1CaTNbT1TZWDVjK6HmN+oDYqkoqsjAJVr47ZGBc+yvazrVXbuy1gqS5uDunPAcFURTvik1A7d1aQyiRuoBKb28mpNS4IddSCaMhow4bhUmnS4tcNwtQ7nlV9fQNlzLEMO747rXRdh4MGq07f3RM1c7bBXwujkYCCNvZeT9T9PT0UzpImeQende0ujLQAQqa/2VtfTkxAahk49V3dJrHXJZPKeZ8UtZVwvuR4aGlSYmmMhzTupt6s9Rbah5cw6CTj2UKM9l6anVb+T5nrPHuqWya5NRZa4XGB1FVYL2jLT3IVHfbY2mkMkbdIPI902F0sEjZYXFrhvstJE6C70g8XSJMYP3XRrtTXJjlRKcNkkYYZPdGY/w3ZHfsrG8Wk0Z1NYQqdyLtHOtplW8MvKC4GN7c8Ba22XSOUNa1y89hJaBurO3XJkDgH9+yx36bedPxvk5aeSjNnozJGuGWuV1abq6AiGV2WnYFYe3XLxgNJVzDUh2FwtVpVPMWj3+g8ltSlBm6afMJoXc+hVpR1pcNDgdXv3WKoLy+DEbzlq0UU4cxsgPIzsVwrtO4Hr9Lq1fHMWXEtPDUNIc1UVfa/COpo2VlT1ZJAKlSiOeMAtAWPlG3EZ9mUDnQPHlwrOirXDAGM4T6y35JLW8BVul1K8ZH7pUo7g9zr6NlabtnEM5xng+6vYpDt6FYClqg4AY4V3b7o+B4ZI8ujO2/ZYrtPk36bU4WJM1JcJBjH7oL4nwjxot8chBgqopcOY/KlseCMcrFKpwOhCxS6O0t5fA4NLiPvwryjuUkha7IcCs5VU0cvIwfUIVNVVFHII3AuaOCkyhk1K1o3sc8U7NEjQQfVV9x6fL8TW+QxP5wDgFVlJeI3gHJBV5Q3JjwGzvwOyUk8hznvRXQVkrXCivMAczgahkFVFd0o2Gb+J9NVDaadvmxnb7LYVdJTXGAta4OI3BHIVM+mq7ZIHEl7DttymJ4E7f0Lp/wCKkcBNo6yhfEG+UTBuR91sDRfNQNrLHP4lO8ZDO6xtTbLTfISyphYHYPmA3CzlO/rXoWd1RZKySWmccmNxJyP8k6E+MCZ1m9v1m6Y6ytr7D1VbImzEYzIAXs/5X/8AovnX4ifAG8dIxvvHTTH3C3A/zAD5oR2/LlfQtn+JvS/VjW0PVsT7dUt2D2jGT9/0WkbR1tvDpKGV9TSnYahvhb9Hr7dFLdBnJ13i6tbHbZ/3PghpLhhy5JG36sZX1t138EekPiE01NFMbNdWkkyAeSU+jgP81869bfDLq/oCdrbxRCSjJIZWRHMbvYFe28f5iu2OZcM8dr/EWaWeEsx/aMeQPTGO6WgeuFJa2CTnC5JTBw8uwXfr1MbFk4s9K+49EUtaUJzADuEZ48I4xn2QyC/stCtUjNLTt9kaWFpwo8lDC4eh9VY+GXBMczstMb3E59/jq7O0UklDgnSeFGdFICQWq9dFk8cphp2Ebs/dNjqm39xzL/DJ/giiOod0LxXHbZX7rfCQSW/uo5tsIzgJ61CZzbPEXQ5Kch3KRcQ3GVPdRY4CCaN2Tsqla5GOzSWVvlEPxXZ3K54pUn5R/YJfJyHkBRcifjku0wC5nPsjmkcO2UzwHZ+nCsNVPAFOwEYRdsIoiJ/CUaTKcZdJEUDJwE4MJODsjeGfROLR6IsEUGN8MHld0LmfdLV7qspANZHYaEtvVDyfVLJ9VeQJJsckmLoBypkDYwqcmDhExjdMSbJsEBnuuJ43OF0sPICJrBBAd08AbFdwElGRjsBdSSxlMFPLYkk9sZcjR02rfOEecFquUugOEeOF7uylQUbDu5uVOZTtZghqJWJGmvRznyQ4qF7/AKe3upMVGW4JUtkZaBjYIgYOcpqvWMGuvx+e0MiiDRsFJja0Y2TWNDeQiNOM52Qy1SiuTpUeO/sOa3fZdc0RjJHKa4yNwWHCGBLUeVxysl2uTXB16PHpLrka+bGQBlVldLNKwxwnGecK8gsdTN5iDp77KSLdQ0YzO8NPuuVqNU7OMnXq8TJw3SWDFQ2CWqcDLCXK3p+nIKcB00RYAErn1da6BxZTkyub2as7V369XyQiPXpPABxsuZZc0+CQp0tPD5l+jQ11ws9pi1eK3bsDysnceo57m98dNqDXbAkKwpOjqmsc11U7nffK1Vo6GbGA7wM49kiU3M0V6e254UcIwNBY62sIJBwOcrVWzo8gNJhyd+y31D0xBTNDtDQfTCtoKOCANyxp/JVJYOjV4yCe6XZjaHpl8JyIAc+qvqGyQRAOkYM+yt5JY2ABrAEA1IxjCLGDp06dVLCOigpmAaABjsujQwZDeEF05zymGTIyphGpcEgVIGRsuGqkfsd1FDHSO2Uunpy3BcoPr5HtgfKQSMqbT0wjwSESmY2McI2WncBQ0KJ1jQMDCKPpAQxyiDhRGmEUkPAwnoZe31TXT9gEI0Lgeq4ZABnY/mgeI535pCNx3x+6hA4flEaChRRb8KYwNY0EhWwwcceTghG8jB2PtlDfLggNCTYy8jdT/IY/zSEBowiRxaRk8p8TGtamPwByp0QRc0YDR+6FJI0c4CZLKIyoj3ul5OEG/ILeB00xlPhxHbufVNZFjd3K7C1rQNk+aaOFuXFMSMdtiFxndVV1uzI2mJh39QgV911EsgdsqnJecuOVMmG21NYQMyy1MpMji4dlIgpy8gcI1FRiQ5A2CuKG2h+Njt6IxMIucsEe3W98jw1oxnutdaLCGStkqRkdgQpFqtMdO1kskYyB5R/qr2CFxcFU57ejv6HQ/dlkmjhbGA1jcAdlaQNAGfRRoWCNnmGE18s+SIXYWaU93Z6mmvag9XUsjZ78ABNpqGaoAfPwd8J9Db9xPUDU877q0BDMEBZ5M0xiMpqWKAfRuEcnPZc1Z7cJnieyS22aoxSQ/OEQOxsN8oLQXuCkRR4ASZ8DYvAtLiQcIgI05PHqhvnazbGVCkfUTu8MDw4/ulh5JslbFGMM8zj2Ci+JV1TsOAawevdEgo44/MRkqUoDvAMpGjB5PdSmNwuNT2oBc2dSSJAS5GyMJNjshd1lvA5Q2gk8qBduorLZTpuFwia4ctaclQtzhH8mWzXh3t+aHNk8Lzq8fFuDz09ltT5XZ2mn8rf07rIXbqrqW8k+Pc3U7DzHTjQ0qGaesjnET2C5dSWCzxF1zuccEn9LvRYm4/Ge0tldHZqeSqLTgOzpB9+CvPRA5xLpHue47lzjuSpVDbKuumEFHRvnkxsGtyoZp3WT/EsLl8ROs7sSYKhtADvqjG+FnqsVtymNRcrjUVTzz4jyRlbe1/DPqWvLRVU4pI3cuetRbvglahkXG61MzXcsj8g/zKiMkqrre2eLst1PC/WyLfk7KworLermHi22qomx9PlwCvoa1fD/AKUs8YFHameI3h7zq/zWhghbC0MY0ADgBVJYItFns8GsvwX6yuEIqKyOkomuGQ2ScOcfbAWtt/wHtoYP4reJn5A1RwN0D9cnP6L1EMceAiMjcXEEEfkgyPjo4GSofhh0PbmNaLHHORjLpTqJ+5IWhjpaKnAZR0kcEbQA1rQNlNkY1o3KCS31UyNjpoxPkXZDJI4XM9spE4GV9PhHPZ8DlMIDjKE6VoB4z90GWrY1VdVWNkyyM59U5V4OD5PztOii/wBkqpqxw0g7KtfIZHElMDnuOSSV1NUUj5j5DzGo1+dz4G6SeQlpx2RMBI4Cs4u3kETgZUC43GOki1v59Molyr4qOPW87jgLGVlfLWSF7+OwykzmkbqKNz5OV9bLWPLnv2PAVe5pBC7I4udpATmMdqWSUss6dcFWh8TTx6qRHGB5iEooeMhSYgSfsm1okrMHWR47IrY8HhFZHgbogjxw391pjEROeRrYwAnafdOLm4IygOI3Tdoke5wIO4UYk7rpzlcwVajks4ugHKQByibEDZMjANIQHqlgLuMJzGlxVFNjPDJOQi6Q0cIoaGBA1Z/JQFPI173ZAwn4AbldIaNyFHmmBGAqbwGlk5LJggAJrWZOUxmXOyVIaMBTmTD4Q5rQBwmukzthFbu37ofh75wmRiBjIPTl2cIg4T2tbjGE1F0WhLmAupKFnMBLAXUlCDdPuhzvwMBPkkDNvVRiXSH0QTlgOKyDIJdlOeQRjUE7DWtP2UOV+O6zt4HRQqiVrGFxOfQKnqJ3OOMco9bP2BUR243WWyw1QjgCSXFHiaOSENrdxsjsADdlnTyx2BJZKSS0FDEkkkBAqSSSEIS7gpAd084LeELWQZSwCHdcfwuk4ygSk9iULKzxkY5u/KJEzcZCY1mTypcDCMEhDHskpbQsbTgDCKwOJx6J0bRhEYAADhaIYM85ZHjDGqLNKXbYRJpg3YBRc6jlRywSMciGScp4IwljZDJx3QOW0LH7CnhSbdA0A1Mo2B8ueFDDHSPbG3klWhORHRRt3cMbBZNRbmODveJ0qnJWtFv0daX329tmkbrhiwWg8cr2+jjjiGkMAbGMADhZzoWxR2m0xvdGPFlGc+gV3X1go6SQgbuXLtb4PqfjNI6qt0+2VHUt1NTK23wnbI1Y7qLBSmQsgaPM4bn0UemY6WV9VJu5x2WitFE6P/epm4HbKSdZRJtFTxWmi0OILzufcqO9735c/umVVYamYFrSGt2CHNI5zQ0eXPJ9UmUsGiuJxsXiuwAtbaqVsUDA0YAH6qqslA2TEz2bDYZWlY1rWgNbgBLNtcccj2gMbk9ln+oruGFtDE4gndxH+SuLjUspqNz3HGN1hvH+cqX1EnGdkEngOb4OV07mUwjZy/Yeqs+nbZohD3My525JVdTU7q+uGATHGtvQUQhjaA3skzngdp688kikp/DbqcNyot1rHAilifguGXY9FMqaqKjh1yH7D1VPb6aeurTUO+nOd1ksnuN+3pItbLROYHVUgxnYAo1bVav5UbvuUeolENPpbzjAVSA6d4YOSsVhsr4JVup/HqQTu1u5WgazJBHZQ6CBlPE0MG7uSeSprj4bQcLm2s1wjjkBXvc2Pw2nHqidO201lT8xKP5URyfQn0UN7ZKibwxlznkNaPuryumFjszKJjtErjh/qsk2zTEqOpK/5mqMEZ8kewAVOG7J0smXFwJdnckpvitwSdsIY5E2SyDnmZTRkuOSeB6qDC11VNh2SCUypmNTNsMAbAK3o6VtPH2LjuSrlLBSeSRExsTAxoAAS1lxwFxw91cdO2s1BNTIwFgOBlZ7JJdjoovbFRCkoxK4ed+67dKtzMU8bsEjLvsplRK2CHPAaMAKniY6sqjqO7is0nlmiBKtFKXPM72+UbDKi9VXcUzPkopS17hk49FbV9ZFbLeX4HlbgfdefVVW+tldLLu524+yCMRk5egLfMcu3JRowAQhsacDbCKwHZMjwzO+wrGFxAxnKuaWmZBG3A3I3Ki2qm1nxXjO+GhWr2tyGq7J5GRj7HU8Tpn4AyByreBhADcIVvhDI+Oe6nMiDd8JMpYGdIi3SuitdE+rl3AGze5K8fu9zmvFeamX6dwwHsFpuu766prfkYJP5cQw7HcrJxRFzsgJtaMd023hEmip9Q2bwvQOkrNG1oqZI+cLO9N2aapma7Hl916la6JsLWsDcNHYINRZtQCRZUkWwAGwCsqaLfJCFTw7A4U+GLHZcO6zezRAIxo2R2NGAcJrPqCMOFgm+Q0dTk1OVAiTgDlcHKJsQNlZBDhdSSREZ1yIhuREoWxiKMjshjlFQASltGLhGV1JTopPIxJJJNINXMj1SJHCGSc8qmyBUKVzWDLjtyU7IAOVlOvb3/CrFJ4Tj49SfDZvxnujhHcMgssydyqZ+rOsA1pJoaA6fYuHK1TI2RjQxuAOFR9JW00FvbJKP5s3mcT3yrqWTw+3K31Qwa4xGVVQ2liMhIWA6juRLngO8zslaG+Vx3hJx3WDqXGqrdJPJXRojnGSTlguOlKGSpmimDdycn7L1Wii8GENLcLK9I0MXhN0twWjlbADzADgJesnmWELbyGG6S4D2XVzJvIYjwVGycoxI4QzyoEOHCWAUklaIwLwNkJzQOEWTkIchDWlxOMBPrLRR3ur8LEEbsHG6g2mldUziRwy1pz91Hq5H1FWW7nU79lprZTNp6cDTgp64CJbQGMx7KJUP2xlSJnho29FXyPLzyrxkdHgaTuSmOfqIGE9AqJhBEZM8DKZVDMlFC7bMLJnOub4LfQOpo34le3fHOF5XQNkqakk7kndx3Vp1TdZLlcpfPlodhdtdIyODxSPMSve+K0cqK8v2eQ12pdljSLBkYpoy0EKvq5XZICk1DyAo9M1s9Q2NzNQPO67Wdq5MMczltRedO0jmQePKOeCrKV4JOEm4jibGMAAY2CEB7rLbLLOzTHbBI4MOcPKiO0QtyQnRx+qg3mfw4MDZKSyBZJRRRXWvfJIQX7ZxsolP/MeMKNPIZZC47q3tdGdpJBj0C0RjgxOe5lnbafQA7GMKVNI2Juds+i5GBFHnHZV1bOd2grXXHcy7JbYuRGuk3zOloP0lU9bMKWEynZTn5JLiV5r191LLAfl4XZ2IIB4XoPG0/dyeB+pPLLTUytZmOsL2+urZcSZYzyge/qqC10bqyqBccBh1H3UWSaSaQucfqK11moGwUrcjzO8xXr9LUorCPzz5LXS1dztn2yfTsa1gAaR7FFA3z6Lv0j3XYwXRBxG5XSjHCOPKe5g5+AAFY2ilMcZmIALjhRIoHzTBoGw3JVtGA1gb6LPqLdiNWlocnuG1RHchZnqK4kNEEZVxdKmOCEvc45OwHusZcagySsJ3yVwtZf9jPaeI0W6akSS50NnfLHs5wxlZh0XfGcrRXVz2sip2eVmgEj3VQ6Jeauscz6Hp6PjjwWLGBltaSN1US4xu391fyM021gz2VDV4jjJJ2G6CJrujthkwfULs1BVKG75VpfHGSoJA2VbjBCv2eB12XYw7fo/JSbbKWTgeqjM3bj2RaRwjlDspiMUHiRoDuMpjfqXWO1sDh3XGjzKpPB2qHwibTnyp0rcgYTaY7DKO8ZHCyzWTpQlkjjlEHCZ+JPbsly4NUXh5LejeXwN1HfhEkblvKiUT8AD0U5Lwb63uiUt2gxFqYN1VxEgYK0dXDraRjOyoHDS9w91Zivr+7Iw7lOXcFMUM23aTKVxZI052VvFiQA7bqhjdhwPorWjdnYnCJrLNlUsLA+rg1jCz9TGWTEcY7rUujLm7BU1wpiDkNWitrArVU7obiFEA4YPKBKzfICI0EOCfM3YYC0HGuhuRFznkKNMCDspLhg4Q5cHsoYJxa6LW01fiU+k7luym4J4Cz9vndBNn8J5C0cUjZWAgdk2CyaqLZNbZDQMnAQalnlGylR8BOIbnBCfHsKyO9NFOA7WGgbq1oXlrPDfuFAfGYqouIwPupsbg0ZG+Vqgso8ZrYzrtaZGuNvbh07FRuZg8LWNkBGHNyFWXO3BrvHgbsdyAl2Iuu7CwynTyMrjgW7OCcBk4SMDoy9gHtHI2QdO6nSR+XYKFIDGeOUtxHRnkTCWODmncK0oKoyv8N5GcbKqBynQSOik8QHhEjTVY63k0BZnuuaPdNp6hlQzU079wjYKI69c98cgJYh2Ciyt0nYcqw0n0QpYdXZUi7I/ognHdMMDXdkWWPJCawYJ34SpMVFYGslNK4aRsVb0lSJmgZGVVPj19sp1GXQzBx4HbKFcmiqbiy7c3KC+IOBHCKyVsgyE8s25UwbMb0VFRTBhyAog1NdgBXUkYcOOVAmg0HOFcJuJg1Gn3IGAHt3UeeMtOWou+ccIvhh7duVpjNSOTZRtQKlnLdnBSCQ8DbChSxEHU3ZOpasAiOXbHBWzT6jH2TOfZBokFxjl0KQDqAIQ5I9Xm7prH76fRbVIUSsBMLcpNyRkohBI2RdlEZzBgn2UYtOcdlMceUDRk8IJw3FkWWHbICjEYVkW+qjzQgbhv7rHZVjobGWCMCc4TxjG6YRhcyVmksBYHOYE2GQwPyeCnrkgDm7IE2nwWn6fRa0lXHI0AHJR5YRIBhZ0GWF2phwO6tbbcoZXiNzt8d1pqtjLiQuyvjch00T4yMBOjfuAVPkibKzYKvnppIzrG4HICdKHtdGdNSWCew+XIKdq1bEKDBUNGA7IKmNe14UixUojjE0tyVAqqf02yp+CDuU1zQ5XLkkZtFbG98Lxlv7q1pK2J4DXnBUSWAE7N/dRgySJwIVcph/kXkkQdhzRkJktDFVR6JGgOPBQbZcHF3hSjZW0lOQQWjP5pq+4RLMW0V1svNVY6ltJW5dTnYH0W4oZ6arYJaaUPHt2WPqYYquIxSsB9D6Ktpqmv6eqxLC97os+ZudiE2M3W+ehU6FeuPyPUo4y7ZEMf5KpsfUVHdWhjH6X4yWlXbTkrYmn0ca5ShJxksDNBH5oZjwpoA0oRY3fZF0BGeCHpxwE5SfAB30/um+B7KZC+QjgHKeAnacdk4Y4CsFvPLI9TBHUxmOaNr2ns4ZCyF06dntUn8QteS3PnYOMfZbjRnumujzsRkJU6U+R9V8qv8GFornHUu8ORvhyeh7qc6NrhhSrz0yyqkNTRERSc47ZWfbV11qqBFcGENOwceFnknHs3wmrVwSaq3t5aMqqqYPCOC3BWmEkNVG2SIgg8qPVUUcrd25KBxyhkbHF4Zlnxg9sobHuidjGVZ1VHJC7duygSRg7LPKv0alamGjnacZ5TpoPFbsM5UJ7C0ggqRFPgDIS0uQnzyDFNLAc4U+nqIZ2+BUNB7AlLWJW4IUeSlkDg9gyPRXjAClgVba2hpkpznHIVfpxsrilnLfK5KqpIqhuqNoa8eg5VJhwsaf3MpWvfG4Oa4hw4I7LZ9M/EOrtzWU90BmiG2ochZOWnkidiRqFp91DXXe4PMT6Atd3prnTsqKOQPY4Z2OSFInxKPM3PsV4RaLzcbNKJaGpez1bnyn8l6r011tbrxTsbUzNgqAMOaTyVE8M6+n1kWsTB3TphxkdVW52gncs7Z9lVMqXRnwakaJGnBz3W+IDyAOVW3WxU1zZiRjQ8cOAwUbxg3KWeUZw6ZW74IVfWW8Rkzwt2PITpXXGz1Jpq2EyRD6Xj0VrHIyRgIbkFJnHJprtwUMUuHDVsVZU9Y+NzZopXMeNw9pwU6qoYZQSG4J9FVup5oJPI449ysdtR0qNU4cnsXR/xWnj001+c+ZuwEvJ/NesWm7W26xCWhqWyAjOAdx+S+U6Cq0OGsBa+y3mvtcgnoah8ZO+A44WWdGT2Xi/NRlFRmfRbmAcIEkOvCyvSvxFt11Y2mupNNO0AayfK5bVjQckDICyOvaz1ddtd0U4Mrpbcxw83KrZ4XwSFrxt2K0UjBnjCjy0rKhpY8fYpe7a+QpQRQHcFVNztFFdInQV0LZIyDyM4K0FVb5afzDzN9lAe0nunJ5MV1CsW2XR4d1v8Kai2slulolbJDku8LG7V568PixqG6+sTG07uwfyWB61+G9LfBJU0GmKc5cAe5RZPKeV8JH/AHKDxKnnexwcwlv2Kv6S4k4IIyqq5WWts0xp62MteD6KLG9zTnJ2TYSPKYsrf3I39svtTGQ7XnHutpaOpmTMYZXZ9RlePUlxMflO6uKa5OYQ6J5B52WqMk1g106nb2e6U9RHNE2SIggqV40E0fg1bGvbxuMrzKx9TzM0gyjHcErY0N1hrB5Th43IJ5+yKUEdSjVRmNutiqbY75+yNL4ScvjzwpNnvMFa0NHkk4LTyCp1PVEDSf0VddunY61zq+2vMFU0ZGnglZZx/R1KbeeTR01S5isYasOwNivPrfe7hb520d9jLGnYTds+61lPLHIwSQSte092nKxWUtej0Gj1KmsJl8wNlGdv1Uaph1jQ5oIPYoVJUkdlNdKyVoGMELLKB0VPJQTGqs5NTDmSEnzR84ygXey2PrG3h0bGxVPLHM2eD6K+lh1NLXNyCNws9W26eikdWW3+97MxskT06kW1k81udtufTtWaa5xOEROGSEc/mtD0b8QLz0fWNq7VU6o+XRl2xWoZdaa+QPtF9pWB7xj+YOfssX1D0LW2Vhq7UHTU2cnHLR/0WKelw8iLaz6t6I+JVm60tkdRHM2Gq0gSRE76u60kmJMFfClov9xsdcytpJ5IpYzw04K+kfhr8ZLdfqWGiuczY6sDTufr/wDVLUXE5dtfOTvxq+AvS/xWoXCeFlNXY8tQxuHA9t18C/ET4b9X/B/qF9uvdJJ8sHkQVOnDZB2+y/UoSR1EYkieHAjOyzHWvRdn62s01kvlKJqeYEYIzhbtHd8T5PN+W8NVrlu6l+z8xKQUdwY40vlkbuWn/RCkhdG7S4EL0742f2er38Ma2W72OKaW0N0iKVuzmDfGodgvMqe8CsZ4NwZv2kaN8+69JpdVGzo+X6/xtuintsX/AFBkY7pmrOQpstEHM8SCQPbjOyhEYJB5C6CkpIwKOOwe+ckp1NL8vJrB++F0jIwhBuCT6LNfUmiV2SrluRtLLdnui8MnUBwfRaKnm8QDK8xoq2Wkma6M49R6raWm6iZpHOMLz2r03OUe48T5GNsVGTNG4Bzck5VXWU/8wyNGylQ1eoYwnOw/8lyJRaZ6Hhog0tc6B4B7LQUNw8UAErN19G7+/gG45CVFcWwuDZAQR6rPbXuRr0uqdclFm5gqNOCCCrajrdRAyFlaGpbKwOY7I+6sqep0EHdc2+nk9FTqF6NHJJqALVJoK5rB4b+VU0tUHt0kKQDpcCsNkMnRpuy8l+x4e0Fp2Tn+pUCiqdOG4yppJkwQlr7GbcqSKqvpHAmWIZA3IUKKQOIbhaHww4YIzlUddRS0cxkaMsJ7LVC1s5WpqlF7kih6k6ahuNO6WJgLsbjC8mu1pmtk7ssOkFe9UMscxLCcH3Wb6r6VZUtfLHHuRuB3912dDr3U1XYea8t4iGqg51r7jyCCfV5cbKXT1EtFIJWbg8g90K4W2a11RbIw6c7FEY6OZgC9NXeeAv084y2TWGjTAU92owHtB1NyD3CyF2tMtFIXAZaVcW6qfSO8Inyk5HsrmaGC4QFrsHIW2Fv7MGp0zsWGeea9O2OV1r9w7CsLvaJaOQua0lqrk9PPBw7qtktpa0NylhIDTgFae3XEyAb5wFh9wQQeFMoa+aGQOY7jkHgrPfp1LlHQ0Gvlp5KMmeiQVBeACFd2q4yRt8F7iR29lg6C85cMjntlX8NW1wDgcrianRNrDPd+P8im1ODN7SVPiAEEFWcNRxuFg6O5SxOwCd+VorfWmYA5XAv0rg8HsdD5Cu94fBow5kgAcBuo1RbY3s1ack8Iccodg5OR2UuGoBaMrnNYeDtKdcuJFHLTzUkn07I9FVid5iIwQM/dW89OKgcAqmrbbJA75inzkHcBKazwwJLa8xLyhqDC/UDgFXUFW1+NwsRS3QtIjnBHuFb0taXYcNx2WeyrcaaNSlwapsocMjCbJEyUYdwqmnr8fUVYwVMUoAzglZZV46OhG9ME6N8DtVO3nndSqKtnB853CRiOkkcKM6Twjgj9Ut1j1YaOhvUlO8Occt9lpKe52+4NG7Wu9HcLzyGcEahlHhqXhwAylzgPjho2lfZ5Dipt8Q1DcgcEKGyYSg0tXEWOA3Dv9FFtnUtVS4a5xe0evZXZrLZd2AShrX+vBQpFYyZa79EUl0aXRNaHdtt1U0d6656AkEdHUCSnHNO7ONPtlbp9BV0vnp5PEZ233Qnvpqxpgr4A7/mG4TFLHIudOeQvT3xK6N6o00tfm2XEfUTs0n7rV1FI2rpHQTxQV1JKME4Dsj/JeVXv4f0NaDPRYa/kEbOCq6Dqrq7oqUROdJPTN20PyQAtdVv6Ms6s8YJvWv8AZw6TvxkrulZDaat25iA/lE/8vb8l4H1V8P8ArLoiZzL1aJPABw2oi88bvscL606a+I/TXUuIZaltNVDkOGnJWpkoqatgdDURQ1UEg3DgCHD3Xb0nl50La+Tka7wtOpe+tbX/AGPz8bUQSHBaAfXCYGAu2X1j1p/Zn6S6k8Sr6cP8IrXb6GjMLj9uy8E6y+DfX/Qj3vudrE1Gz/4indrGPXGF6HS+Whb2eY1XirtPLMo5RihFjtnKE9hO2EXx424D3YRGmN4BY8HK7Nep3rKObOiDILoj2aU0xPAyQrHDWbAcroaxw+lMV+WKemyVhaRywproyRwQrPw29lwRNH4U+FgmWlbKcxDJBCB4QydleGmiO5Z+6XysXZgT1cZJ6OL7KP5XO/hrny4G+n91eGnaBs0FANOBy3lOjY/Zms0Cf4lSacenCF4Qzwrk0oP4RgoRpW+gRxsyYbfGtPJVhjWfgH6LhlAGNA/RWTqePfjHookkcIGByj+RezLLSSr4IuGuzkAIMuGtyTynVDyDhoxhQ3mZ587kSlk5moWHhHC7ckFDJcd00ZzgorWgjJCN8mB9iSSSRADxyiDGBshIgOEyC5BY5OTMhPyE9JIrsKDlcODtqC4QMcoO+VWUDhskLuChta7Hqi+E55G+FMhxrlLpBE+MgkcJ8VGTz/mp8NviwDpwlO1ZNdWhnY+SPDEcg4U2GncUaOkDceUYClxxgAbKStTOpR41R5YKKINA2UjQdtuEaGB0mwapcdvmJGQAEr5kuzq16CX9KIAaG8hGihc45IVpFb2af5jdwjQ0rQfK0D80MtRFezoUeLsf5Fe2jcRwixUTc+ZqsC1se2nld2ecgYWO+9y6OtToIQ7IjaBjyM7BTmRUdM0OfgHCcKeR2NA/dd+QhlH88ZI91klM3xp24cUZ289U1zA+ktFLI7+pzBlZmKw9X9QPBrC+FjuS842Xp1LRU8Lv5UYGfZWTIcAZGyU+QZ6KWplm5vH6R53bPhlHG7/fC1+e61Vu6Po6VrWiOPA9G7rRCONgyWjCbJWQsbh2BjhJ49mmrQU1POCKy10UAHkBIRxUQwAAEDHGFFkqtZ24QHHVugwl0a0kuia+sLvcKM+pc7IQdfYBMwSVMlhHTuccFcGU0Bd1EdkQYiDkIrIjt7pRML3AYU9kbGgKhq5BxQDbZTGRNbjbddja0DbsmPeG8vwoPi0g445SBOeVG+bgGxk3RGzMecMOVY5Mkg90/wAXbGEFu6IxhJGBlD0OrbbFqcTwniNx3wnMYOUVowNgqHroY2LglGZGNsJZHoug57KFjwA3GAnblcbuiNAwoGlkbHHqO6IG49kmjAJ9EwyjCvP7HLCHmQjlyjyz6u4KHPIRsFFyfUoZPHAqbHSvc9wyU+PcccIOVCqrs2B2hh3UXHJjutcCfU1kVNGXPP5KiuFykqhojJAPJUaaSSokMj35HYJgI4xwm54Obba5A2txnfOUamgmqZhFEzIPJ9E+KnfL9IWmtVtbBC1rR5nDJKJBUUObBUlubG0MaPYn1K1VooPlYgSwAu343TrVQRtd4kjQT2VoxvmznCqck1g9BotFGD3SHwxl5AAAA5VhE0MwRsQmU9OXAADCnQU5ZhxCyTkd/T6dR5QOOOeVwB4U+CkYwAhmCnQtDAdsJxlDeN0ls6UYYCjDRgBN15QfGTWuJKFvBEiSJc9l0Hugg910Sg+XCU1yOXRJdOIx6oD55ZNmnAXQ0uPqitjaO6TOORgNge45dupOjygZxhJrGjhODUPxlbvQmu9kbBTWR4O3dEfLHGBrIB91JRwU5xj2canAgAkbrMXv4idNWQObLVeNMDjw49yvPbz8XrzWvdDZKMU0Z/E9m/5FCZbdZXWewVNdR0p11tVHTxjlzysVe/ivZ7e9zLfrrNJwDGM5XlVZJeb7/NuNTJMXb4c7hSrb09M5gZTxB7zw0DlQwy1c7HiBdXP4g9UX9r4vF+UpXbtZHs7HuVTRUr5Xa53udk5y45yVubH8K79XNbLUtjpo3Dh27h+S9Asnwys1uY11Q0zvH9e4ChcYWz5mzxmhsdzucwp7bRyTyf0tHC3Fn+EVzqIGyXKWOAu5aPM5v+S9Xgo4aZjYoY2ta3YYGFJja4DKpvBohpzG2n4YdL0MYFVRGqk/EZXZH5BaqnoKKihZDR00cLGjADW4UnRvkhKSWCIZlkDf3QuaQ+NOGNLRwQk2LHDUN12oohhsZlPrhR/4rUyOzF5Ah+RDFWWTIWgZecBIyU0W/iZ9lU+JM92p8hJPuuEE8lVKeSbE+y0+dhGzBuo01wqT5WPAH2UZoTtOQN0qVm0NQS6O+NM7d78pa3HuuluBnC5pP9JQO7AWD5K3G5IUaqqmlmkEKPPWahgHlQ3FziTkr7NCHJ+O/M/UcKU66HyOklc5x35QsD0TsFcTXFej59fqJ6iW+x5ZzAXUlwnCDIpHScKtud0jootbtyeAldLpFRR6nHJPAysjU1MtTKZJHZB4Hos9lnpGmmjPI2sqJqqUySOODwFCe4MGD3R3yhoIAUMuc922yxyluN9cNg6Nmo5xsVKij4KbBEfVS4oycYGEVcG+S5zwdijKkRRgHdOZGMZRmMxsO61wgIlPA5owFx249F0nIUaWbJAwnxiKb3HXE7oW+U8bpYCYQWPVLAXUlWSHMBdBwcouFwAuOAEzORjlg4TrwAEVoaxoeRv911rQ1uohBc4yHAUFt7h75C86WjhMOB3RGNDW5IwotXMwbN7IZS2hwjuFLMMbYUQOc8gpEOkcpUMWQPLulp7mMbUENjaR2UhrcgFJrW+ietEYpITKWRiSSSIoSanJqg4SSSShBJO8o3SHKDWzt0+E0790EpYKAyya3jBXW/SmsYTgkLkrw0fdZrGHFegc7i3OCqurqN9I3UiqqBwqqR2o5WWyw3V1jZHFxyV2NCwchGjHAIWb8uzQ1ge1oAG26YioSotj0kkkZQ5JJJQJvAl0A5SHKJsQNlAZS2iASJGOUjwhOJ33VSltAGPOFHYC52USXlca0FyVncE/2FijycqZGwAcoULM8o5HoUaWAJSyPHKcXNDeVwHDVHncM4BVylgTjczkztZ5TWMyh6cknlFG3KFSyG1hDth3QnEuOAuPBJG6kUEXiTg9ghsksYNOmqd01DBIpITA3xpOSMNHda/oGwvuVzFxnjJhgyMkcn0Wego5rjWw0NOw6pDuewHqvbbBaIrNbYqNgGQAXEdyufe8M9/4Px0rLVx9kSxjIjjDWtADRjCzdwqpayoLHO/ltOMBW10rRBCWM3e/I27KpooC52p3Kw2vJ7hPHCJtqpY3yB0jfK3cBTa6uD/92gOAOcITXNijAaECmjzUGQ8ZQ5HQ5JEUeluXjBIXaRrZZw1w2yuz5ePL9lb2q3taGylmfcrPYb6o5LejjbFC0NGMKQZAweZMbgDYYwoV3qjFTEjbCE1Se1FF1Nc3VEvykTtuNlVv/lsbBH9TkgXSTOqJNznZWdloRUTmolbnGdKRYBGDsZbWS2/LQjXu52CVo4yI2DUfZRKSENxkbDcoVbUhxLIySAstrydWmCjFIj1spq6rS0eUeUBW9HTtpqcDhx3UC20ZL/mJht2Cm1FQ1pwFllLJpggFZUh50NOUW00z5ptfAaoBjc9+GgnJWrttI6mpgHgE87LHqJpcGyqGQkNPpO4Q6mXzOYBs1HfNp2AUYRGaYRj8S505ezRjBY9O0DXyvuMuNEX059fVU3UdydWVzjnU1u35rQ3WpjtNqFHEQHubusTK4ySZ5SYvLJOW1A3HKr62d+fBY7GecI1bVeCNDT5iotuimqajxAMgcn1TOEhG/LJ1ppM5qJm8HDQVZucG4ATGNDG6RsAk1jnHIPdZrJZZprWSXSQ/NSiMd1t6CnZSUrIQMaRuquxW6KCJtQ9mSeMqfcqn5aLWslj3cGhQINbVOmlLNXlG2FYWqlEUJmePM7j2CqLbSuuFV6NByVK6junyMIpoCNWNxlKcsDF0UfUd2dV1DqeN2GMOMepVRFHk5K4Q6aQvdy4qU2Ixs3G6OM8ASyMwG4GEenh1nhCB1HGFcW+kdpDnNwrkwYPLJdLGIoQQMYCkU0Rml1EeUblN0HAbvhWlNCGRt2ASpPLNUUsBmANAAGMKr6nvjbNbnacGabLGD/VWryI2l7tgF5b1Re3Xm4mRmRDENDB/qpEXbYl9pUSeJLKZJCXOcSSSVZ2ygNRIIw3soUMRefpzjdbbpayTt/3qVoAPAKY7MIyKOWaDp22imgYS3zFa23xEAOI+ygUFLw0N2CvaaPSAcbDYLlau5sZGJJgaANgpkbdtggRgjspkf0rlym+xiEnpJJRQ5JJJQh0cog4QwO6IOFaIdSSSRAyeBJJJKADkkkkAAl3BSHK7jJ5Qylgh1BPCN+aCeEBTBknOFxdPK5lGENncWj2PK8ruFTL1V1Y+Ak/K25wBb2c4Lb9a3f8AhtklfGdMsh0NP3WU6MoJIqc1s+8ko8x9StlMMj4I0Xla0YGkDsq+sqg0ZOApkzvflZm+VYDHRtO4XRrhgeyivVc+Rkzw7fhV1jpfmp/EcC4jlRblO+R/gBx5yfdarpGgA8PLdyQStb/04Ni/yZurJQto6Jg04c8airAcLjNmhoHATm7YXMunueQmsI6M/kn5GlIDbKHlZwxpJzhOTcFOUIJJJJWiMa8ZGfRZ3qa4yU0LIY9hIcE98LQTP0DfhYK71TrldDpOY4jgDsn1otEmyRmeq1OGdO+61ZwGADYKBaKFtPTtJaNTvMSpVS4YAT1wg49gKiU5wEBoI3K64ZOSV0vaG4CKK5GuW1HNW+McrIdcXd1BRup43Ykl8rT6eq1MtR4eXEbBeOdZ3h1xuryDlkeWgdl6Hw+iVtinL0cjyOshVW0yqponVVTlxzvlxV3HiNulvAUK0U2iAyO5d29lLleGDAC9zCOw8i5b3kbUzb4wrWwUQ0Oq5Gg5OGZVG1pqJ2sxyVs4Y2wQMiAwGgBLvs42o2aSvMtwKcnUAOF2PI3KT9zsixNA5Cx5Om5behOmbCwkgDZY+7V0tTMW6/KCr6/VTIofD1YdhZTOrzeqbWsmHUTzwNZFqwtRRQ6WNyOyrrZQtcRK/fHAV0zDVpSyZ1xyxk7y1u3oqh7i5xJKl19UHu8OM8bEqvnk8GF0v9K6eiq3yOZ5LWOuDS9FF1ReW22jeBIGkNyd14ZdrlJca2Woe7LeAtH8QupHV1U+iifwfNgrHRxGaVkI2zsvXaHS7eT4D9V+bnrLXXB/Yv8A1Lfp+3MqZPmJWZDT5QeMrXRxBrcAAKHa6RtNTsaBwFNmkAaANl3qY7UfOr7My4AnU+YMaMjuVKcBGwNA2XKaIBusjnhGhjM0wHKfJ4WRdcXZJJEqkhHh+JsM8ptS7SwlFI0NwOyrLpU/y/D4JXI1l2D0+h0kpYiimvdZnuCB7qgto+duJ8TcR4IHqm364tiywE5CL0pGZpjKR9QXnNXqMrae88Lpfu2/ol14Mk5B/CMAKAY/5gaOcqzqW5nd91Xxj/fy3OwxhcuUsdnsoQ28E6taW0rWD0WfvDdFMQ7bZaWsc0lrPQbrLdTyhsEmPRRSwiap7amYO4kZ9d1XFoU2tB3z65UVrdSpWcnhdVXueRNzuAuAujI2RmNw3dNcxpIyE9dHJnHa8ov6JwNOwkjhPafNwoNBLhgjU0gjlRrJ1dJLdAlR5BAUs7sChwKdBuEmawdapZIj2nVwnDbJRJWaTxlMzhZZrLNsVgNST6ZtPbhXA33Co4vK/Ur2D6B9lRoreeBj2ahuqGohMUzmn1ytH+Sp7tTvdIXgbFTou+H28EF4DmnCiYwSpMP16D3XHxEHZQ52G+xrDgqfRvLXgBV4GFJjODwoOqeGX8eHMB5UStgDmHZEt8ocNJUmWLIxhEpNG/arYbTK1Mfhv+nCaAHhWVygHIaqpp0OwVpqnns4l9PxvAGZhBwhub2KmyNBA2QDynZOfZWiKG4yQrm0VIli8M/U1VxjJC7ROdBPracY590yMsCVFwkmaEA8omcNymRSNkAIG6IN0+PIz5PZHlhbIcubuPdCjHYHZTywFp25UUxlhOy21nn/AClW77xR+UqQGiRmM4yhNBKLH5DyinHccCTx0UlwoXxSkFm3Oe2FD0aSCtZURCph8PG6zVdTmllMWEiUMGmqzIPbGMqNPGBuijbklJ7dQ5S9mUa4vBALSDwmO4ypT2EZ2QCDlJb2M1RkmiRb6nwqjBOAdlomhj2BwOxWTAx3Vvaq1+rwJDkdiopKRu09yX2MtNHsuOjy3GEYtCWkcIsHTjyV8sW+QFHLVZSMB7KG+EtPCXjJJ1pAmgd02RuBkBEAwujBQ44JFYHUlS6Nuhys45tbRgBUzm43Cl0U4GxVp44Y+qzLwTi0lR6mMEZwpjC17eOE18YPuhZpnBSRTPiLTwlESNirGaEEYwoJhLXFVGe1nPt0+TkkQcM4/dV9RTv+tg47KzxhMdGQdwtUZblk5V+leeCNb6wyfyZHbjjKkyxgHW04+yg1VIQ4zQDfuApVHVsqIwx2zwMELbRe87JnLsraZMgIkjz3RB/SdlFjL4ZNt2+inECoYA0YPZb8ARinwBdB3DUNsO+4wpEEuHeHKNwcBFkj1btCpjFAhOgAGQo0jdWx7KfuTjCZJACOEqSyG4NFTJFp3AUeQFWUsJyocrNPZZrYfoHDALoOSkR6JYKz7eSh+lrmnKhvjfGfEjGDnspLk7bSR3Spw/QUXjgnWq6iQCGY4cNt1bDDwRgLJOjIJLRj3VpbLofLTVJ9g5aqL8R2zYq2mPMokupgJOtrUyKocwhrmq0DBI3cbEKFU0JOS0Y/NPkkllGXrhhY52vAGRunFh5Crg10ThsptPUgYDhwpH7uypLA/wC4TJIWuCklglblowhBsjDh7ETjkD5MMhFjonZaNJVxarm06aapePYqBIxruUB9K1u8YwfurT2sJpTWDT1FMG/zYhkHfAUYGGdvhvYD6gqPZ7sQ0U1ScgbAq1mga4eJG0euR3TYyU1hGWzdXLgz00NRaKkVVK4hmc7dlrunuqPmSI6lwydlVyxBzSx7cgqoqaGe3v8AmKckt7gdkcZuDKnCGphiXZ61E5rm5acgpwGO6wfTXVr24p5wXY2C3NJUxVLGyxOBB/ZaYWRn0cm3TTqltYYM9ktGeykMaMbjldDWnsnqOTI5YIj4NuFFMJBVo9ueULwwpgnyEVu3ISLQUSWEkYAUcxzRnynZDgtSyJ0YHChV1spq+MxTxNdt3CntOdid0UxnGQEuUFMbCyUPxPPam01/Ts3ixEzUznYwNy37o1JcoKs6WHS70K2s9D47HNcMtIxhZG99My0pNbQHzNOXNAS3VsN0b42fl2PfTtnA1AY5VTcrSGHVA37olJc5WvEVQNB9SreKVsrQTvnukuCNEZ7GY2WEsdocNwgEYIK19daYqxuYsNcO/wD1WcqqSeldiVm3qOFlnW88Guu6M0CZIWYBClxva8YcoJISbL5sY4Q/j2NlH2ibJEweeNNime12MJRvyMHuieG0jKguT2kjRFUM8wBPZVlTRSxOzo27KSJHREYUqKpZIBrCjRcZ4KXTvgpheYCHRuLT2IPCtqm3hzjJT4AdyFUSxuicWvGCkyTQ6NqbyjcdMfEaajDKG6jXHs0Sj6s/delUlbTV9O2ellD2kb+oXz61uRuP1VhZ+orrZZg6lqX+GT5oy7Yq1LPZ1Kda1xI9tqqaGqaWTRtc0+oWbrrJV213zVuY6WLPnjznA9lJ6b6vob40QOPhVDRu122fstDnkZ+6PGejoQ1MZcox8NVHUtGnY8Fp5BSnpWyN9MKwuvTQqZXVlvk8GfnH4SVVw101O801ygMUrTg+h9wqlVuN9N8emRJad8Ltmo1DcJ6R2HEvZ6Eqe9rJm5AB2VdUU5a4bLPKs3QscOYmnpJ2VcYfE/nf3C2/S3xFvNgYykqtNVSN20EbtHsvIIaiancHROLSPQq/ob7BNiOoyx3GexWK2rk7vj/Ky08stn0xabtRXukjrKGQOa4btzu0+hU0wEDK+frXdLha3ipttW6M84a7Y/kvVOlPiNQ3fRQXIfLVeMNLneWQ+3usdlL9HuNN5KFrUZcM1fhhzS1w2VTcbdjzQs+6vWESAlvCC8fhSeYnTlFS5RlXxOZs4YUWRmMgHlamahjmBJG5VPUUEsbvpwiUjJZXkx/UfS9BfqR8FTA0OO7ZGgagfuvFuoui7jY6mRgjL4uWuA7L6Kkj2OyrLhaoLhTugqYwQeD3CbGWDia/xNWpTxwfMxc6N4GN1NpatzTvutv1n8PZbew11viD2fiDRvhefFj4pNL2kfdPjI8PqtJZpJ7ZF/R1uDu7BWhtN8lpTkzYHbfhYaKVzdwSp9PVg4DlqTbRVNjiewWXqKOqxFJIMkbFX1PcnQyA9u68gt1wdHpLDgha+1X3xC2Gd2knhxPKWdSnVNdnoNRR0N5pXRSMaS4bH0Kzwpbj0rJmmYZ4Cd253wn0tbJGQ5jiB7FXsFTDWRZy0k7FrkDi5HYo1CfK7GWi/wBFcToY4xyjlj9irmOdzHAHcLJXPplkzvmKRxhkG4LThDt/UNbbZm0V5a50J2ZKex+6x21cnoKNQuNzN/A5tQ08EoT4GnII5VZS1cUzRJSVGfs5W0E4qBh3lkHI9UmUcdnShYpdFFe+nYLhDrZlsjN2kcqot/UVXaXOtl9Z4lOfIx5H+a2c3kx7qoutrprlH4dRGD6HuCkTrRJLKKHqDoagv0Dau0PjikcMgjg+xXnFdTXvpO45np5GiIgiVnBW5bWXfpOpMRcZKNx9M4CuTJaOqKF0LnNmjeMuA+ppWd0psxWQTeF2WPwv+NDzLFS3KcOyA3c8r3u1Xy2XuPVSyDWBktJXxl1D0BcLJKLj0/Lra3LtGd1pvh98ZDbHx090EtPPGdJLtgcIJV46MFjj1Lg+ob/0/R3ekfTVMeuN3LV8R/Hv+zLcum5p+qOkaV8tJM4vfTsH92e5Hsvsnpvriku0LXPlYcjkHKvbhb6G7UjoZo2Pilbg5GcoqJSpllM5PkPHVa6p1z/7+0fkpDV1NJKYnao3tOlzXbEH3VkyWmq2DxGhrj+IbL6p+P8A/ZjlrX1PUXSVP/MHnMLW88r5KqaSotlVJRV0LoZYnFrmuGMFdzT6uLWD5j5Twuo0D3NZj+w0sT4icjI5z2UbxM7YUqCqdH5XjXGeWlFqaKF8fzFKctO5HcLd8imjiKvPRXkDnuFOtlZNFM1zH4HcKAY8HBOE5p0Ozn8ljtrjND6LZUTUom6oLh4uDtureN4c0HI3WCt1eWOaCT3Wnt9dr07rh6nT4Z7nx+r+eOS40kqsuNG6J+trdjuraN7XNC69jJBhwBC5zhyddPdyirtddJTyhhdsTggrT01QHkHKyFfRy00vis3ZnIU6gu8WoNfkHjfus9te436PUOtbZs2dLVFpAGFaRS+I0ZIWZp6gZG+Va0tUNsrmXV4O7RqPZdQzmNwV1S1AewAkLNRyhym01WWELHKGDp1X7i+0Ab5QqqJtRC5hxwhsqDKwJzXmN2+4KGDcWNtW+PBmKkz26fDgeeexVzb54blDoe4A4/RSKumgroTG9nPBxuFmA6e11hDSQGnB9wtEZ7uTlyfwyy+iL1d0iyoY9zY9+dh+68orrfUWqoLXNOnK+iqeWC5Uwa5wLsfmFjOrekmVDHuZGM+y62j1ri8WM4vlfFR1C+Wn8jyyKVszBg+YKVRV0lPIGud98qJXW+ptdQQWkAH0XBJ4jQSMFegp1UZr7TxF2knGTjJco1M9JDcKbs7IWMu1pkopSQ3yeqvbZcZKZwZI7LTsrytoIa+mL2gOBGT7LbDUY7OZqfHxvWH+Z5vkHldYMKfdLVLRSkgEtKr2uDeVvhYpnmr6JUT2zXJJiqnwvaRutHbbrkNDiDlZUjVwV1szoSBrICq2r5Bml1c9NPcmekU9UXgObv7qypa+WF4Dd/bKwlovuQKfxQT7rSU9RqaHO7riajRtTw0e60HklbHdFm4t9zdKzLuVb0tQJMbhefQVksbgGuwFoLdc9m6jvgrg6zQ4++CPaaDycbcQmbKGojbgPPKktEThkEb+qz8NY2QAgHUPVTaetLCMrlWUtdndjanwxtws2tzpYABnke6p3VFVQSeZrsDstbDO2Zp9cKFWUDalu43SGscMaoLuJBo7vDKAHEtd7q2hrgwBzXbrNVtrqIP5jGZHbCbSXVrR4U4II2+yW6nLoartnZuKW9x50TAlvqFNfFS1kRAcHA7gg7hY+CoifuxwP5qZDXuhcDG4jHukW147NNdrkiwqWVdG7WHZYO4RKS7U8pDM+bvuiU90paoaX+Vx5B4UWsskE+ZYRodzlqzuGTRC2SfBatmkwHRs1j7o8VSQcZwfustR3qotkny1axxDTgO9lewTUVxAfBIA49kt188GqN8WjR0HUFVSYa5xez0JyriG72m4DFSRE/1WGd8xSvxIC5nIIUuKqhlADSAR6oZQY3flG1dSSxt8WllErORgqHI+iqgYLhSg55dpVJBdqu3uBieS30zsrmmvdqr26a4iF/8AVhSKcQcJszt4+HlFVE1dpl8KTkFhwVFtvVfWfRTxBMHVVFH/AMN/IHqCtr8o+MePRTtkYdxg5Uepkgmb4VdTg+5CYptFuP6LHpn4udI9QOFNNWmhquCyX1+62gMg5OoA7Lxa9dAWa7jxqRrYpTwW7HP5KBSVPXnQz82+s8eBvLAS7I+yfHUbehUq3I2nXHwP6B62L5p7U2grX8z04AyfUt4K8J6u/s29X9LmSrsg/ilENwI/7wD/AJV7r018Zunro4UV9d8lVDYnTgEr0Gkq6eqjbNQzeLG/dpPBW/T+UuqeM8HK1XjKdQuYpP8Asfn9U0lVSTOp6yCSGVhw5j24ITRtlfc/VPQHSPWcTmdQWiN8jhgTMADgfv3XivVH9mKtp3S1XSV1ZVNb5vlXtw8D2OV6HSeXqkv9R8nn9R4a6HMFlHgWSOWpvij2V7ful7907O6C8WmaAtOCS04VQI6Jw8zCD3XZo1ldqzF5OVbpLKniaIxla3kjZM+dgHLuFMdb6WUEsKiSUDIjho57rbC9ezHZROPKGPuEHABQ3VQ5CT6Q44CjPgcCtCtTMdkLV2h81ZICAwYyob55n4y7ZSTFkbjhMEQB43ToSwYLcsG4vIG6jSRuPJxlS3g8aUGSJx4WhWJ8GGyvd2Q3wg5cd1FkDQCNtlNfBK7ZvdAdQSHgJiaOZqdK3+KK14BK45x9FPNtn3dthcdROA43TNxzpaG79EIHAOU4uGMrs1LUAgiPZCYyfOHRFHuRmlpbV6O+Ic8bIgk2XBGeSN0Zjd9lHakHDSWy9A26yfX8kVodhHjjA3IRmhgHZT5x60Ev6gDInnbHKlQ0uSD37p8bN8AKZDTTOH0KO/Bto8bHIEUoOMd1JjoRkEf5qXBbZ3Y2Cs6azVDiDxn2S3qMnVo8d6SKxlIRjy/up8FI4hoA3VrTWaRpy4jHupbYKeHGkDbukyvOtT4zKy0VcFtlcRlm33VjT2yLYuYAe6lMqYGNIzuhOqSfoIASpXs316Kuvsf4MTMANDcI3iBgAACjaJHkHco0dO84JQSuNkK4/wBKHl4P4V0NHHCK2A4AIR2U/B4SXajVGpsAIA/BIRGRNGzWY91MjptskJzRGzsku0dGlLkHDTuOMDCPFQgnM2wQ31ToziPAUaSrqCQNWQgc9wyMcFnijg4OShS1ox5Bj0VeHufudynEayBwgdmVgvaG+Yke7Jchy+YglPbHj81wjKFZkEkAwfRLBRg1p7LhaB2RhYGYC5gI2PdIcKs4LlHALQeURgA3XNTeyFJUYacgIm8g5RLY9rdhsuyVLIW6pHKlfctyGqK51bVOw1+yEKTa4Ra1N+ZGdMbuyrJ7hW1JzHnHsnxWeV/mkblWFPRBgDGNAUChGcuwVBS1T9Mk7sl3ZaKmZpYMhMp6QANOOykOeyMADZFFZNlaa7DMZq2CMNMWCVDFS4bRHdNjfK9+XnKklg1QeETxN3wiCUE4wozeE9AuRxKByuobUQ7KiD08OA7oPiDhAfMQVAyU6bAO3ZRfmDnGF3JIQDyVUokbaQcnVjIQpToG52QqutZRsLnnfsO6ztdfJqtzqaE4A5KoxX6hRJVbdNUphpzkDYlRfK7zzDUSgU0eganDJTnv3wrxk5s7ZTfIRzw3IaOU6mpnSu9iu08DpiNuVoLbazgZb+aMdp6fkYW1WweGHFoC0NHSAEFNo6UsYGhuw2VxTUrnY0jCps7+k0e3k7Tw4DQG7fdWVPSnIJTqej2acfurCKIAABqROZ3tPRtQqeFrQBjClADGQMKO57W7ApklQXDhIlLJvjHaiQZAO4QXTZ2IQQSXZyURo4VDFLI4F2corNsAhca0YB7ogGNgkyk5dBDmfSF1JdwVYeR7U9x9CmNOMk429VU3brGx2nUyergdMz/hsO5S3NC7NRCH5F4zLhzlDr7rbbTD8zca2OCP1ceV5Ve/i7fqs/KWOgbSMbkeI5vZYesjrbpVOq6+rkmkdudRJCB2+jDbr0uInqd7+M9LTiSmsVH4zs4Ez+PyC88u/VXUvULnNqK6Uwk50B2w9lFgt4c3AGSPRb3p/wCGF+ucTT8u6iZjcysw79FW7JinK7UPHo8/hoHSEGTZ3utNZOir1eQ19FT6oz+Ir16w/C+wWhrZq6L5uoHd+4/Ra5jIIWNjghaxrdgGjCpySNFGgUuZnnNj+D8TGMfearbksYcLcW3p6z25jYqaijaGbA6QSfzVkA5+wRo4GtGpxwlu1I6ENNCH4oUYLRgA7e6KDlAnraWDYvyfZVtRdpJTiAFo9UuV2Ohvx5LaSaGP+8eAoM99jjOmnzkKqd4shy9xOfdOZTnY4SZW7hsY4JEt1ralulz8D0GyG0veQHEnHqniHBAwpIhAAwEiVjDwgTYsYIRAAEbwSRwl4TlfylbkhoBPCWkqRHAdst/dGjpwCDhVK5i3akRmxEowiPopbYgNtKK2MDfCB2ZEu9EAUxPIIS+TkP0vlP2KtAxoGMBdAA4CBybET1DXR8G+YndOHCfgJq+6H4EznkdgJqSE5wAV9FdhMgclVd3usNIw5PtyuXO5x0DNT9yeBlY6qqJ6uczSHIPA9Fnsng1U0uTyx1TUTVchlkcSDwPRDkxpxlJ0gY3GFGLy8rHJ7jbFbDhy53KJHFgg6f3SijII2/dToYsY8v7q64ZY2UsIUMeMDCksZgYwlG0AYwjxsxtjla4QMs5ZOAFvvlFJDRnlI4aFHJ5GU+MQP8nZpskABRwCTlPIyclOLQmFdHRwkkkqIJJJOajjHJB4cDlOiaCSSmNbpOcrrjsAixgGUsnZXHOkd02NgAyV1jM7uTZpmtGwQyltRcVljJ5sZ27Ku1GV/wBiU+WV0riMJ0bANiOEn8jR+KHwtGBspI22QYxhGT4RxyKlLIkkTT7pNTcAi0+64u53XSM91bWCAkkkkI4SR3SyAuSEMblU3goFMfDYXd1EGXu1Aco0h8Ulq61ojHCTOQa5FkBpVdVT7YR6qYZwFUVU+rYLHbM01wBVM5J23UYZJyVwnJynsxtkZWOeWzbHg6B6owGNgkhKi+hJJJKFBUkkkYTeBJp5Tl0A5UXAEo5EB3RBwkB3TjwrSBwMchyOb6hdlPuob8lyVY8l4JGx4KTWZcN0yNu3KlQt3yVKydBYxho2T2nBXCMYC47gJwscXbKHK49j3RpnD1QGgl5KROWSYQWMeqUm2MJwIDUI8oM4LXY9rdRwrSmhZGxugYPcqFTMyckK96dt0tyucVO3dmfNskWWHqPF6LlJ9vo13w8sL3yuuc8eGDZuRyvQpZvBbqxlCo6WGip2QRN0tY0D81DutWwjwGHJHOFhsnvPpui060lKrXZDqn+LOXZyCpUDNDc43USnYSQSOFLkdoaBhIccmr0dc8khqJE7wxnHKDCCTqOyksYXu0hJsz6NFEeMsm2uFtRUfzG5AWmawMaGtGAoFrpWQwtLW7ncqzGCOOEnOTpVxa5OFwa0ucdgsfeK+WpnMevytPAV9erjDTQOZq83ssmX6su/NBKWA5c4Q+GMuOlgJytfa6VsUTNsbKkslKH4mc3IWojGhg2xss9rNNMcBZ5mwx5424VdTa5pQGNzufyTaiSSV5B7cKfQUwjhBP1O3WOTOhWiU1pZGW6uyrp5sO05Ux8vg7c7KuhYaqrI38xSJz2LI5LJcWagmnmE5GGt337rRyuEbNPZCpIBT07WcHG6DUzNlk0RnjuuZfPdLJuoWDpfqJOFaWiEMJq5G5A2GVVxwOJG3KmXevdRW9rIsAY3WKbz0NbS5Ka/V7qmqfg5GcBUlXUNpacyEAk8Bcnr2ueXuVHPPLVzEuOG8AI6632ZLrM8Di+Wol8TffstFQ0zYadvZxGSqq2wA7kK7OGta3vhDbxwXTHLOPyXaQrS0UPzEmkjYKvpIfFlDcrZWuhbT04Lh53b/ksc5YRuisE5rRHG1g2DQs7cK2Son0k5GcNCm3ivMDfAY/BIy7Cj9O251xqX1s8ZMMAODnl/ZZm+Rpc29jLTbjUSjDnAvJ9vRYyvqnV1W+Yk4J2Vz1Ld/HAooThoxnCoo4i4geqkY55GZJFvoxK8kj6eEq1w16GnfuraoZHaqJr2jLnt7+qo95XFx5KNIF/cFoaWSeQNaNuSVpYY9DQCOAo9tpRDCDjcqyiYSUmcs9FxSGww5cHYVhFkYBGMLsUYa0bINdWR2+ndVP8Apahi8sc5YKPra7tpqQW2B5E0o1Eg8BeeMZkhvGFMuVdJcq+WrJOHnbKDFG55w3OfZNjwY5rfLJbWG3Oq6trWjgr0q30ojY1mnZo3VL0zbBT00fl87tycbrXUtPnDWjG26y3WYXAcYk6gp/pAHKuGsAwB2USkj0N2G6nxDA33XJus5IOAwjJJ6wzluLEnJqcoEJOAOVwcomxA2RgCAXUkkRBJJJKCJiSSSUKHJJqShBydq9k1JA1kh0nKGSAkeEwgquiHNWcjCH33KegVcgihdNn6AUdayxkFk886yqJLreoLS15d4b9TscYV/TwtpqdkLGgBo4VFZKcVd0q7nKS5znnBPor+aTQOMrdWsGqMVgh1c2jG4CxF7qnSVDmErQ32qbFC7U46iD+iwlbUF7iS4knddOlMkmiOxnj1zMnvhepdKUEbIBL6LAdP0cU0rZJASdS9XttPHDRRhgxndVqrPt2gQ7JvsioTeUVcqbYxnX8ILc5ynuSaEJZ3AXUklCCQ3HC6uvLQ3LjgI4rJRnuqbo6ipBo+p+wAWf6bpfmpjI8ZwdTsoXUdxdcLiWNd/Li8oHutN0/QijoWuLfNJ5iVrgsIMshhkecYAHChSyl/2RqmfSC0KITkIhsDhPuhaiTyk4lCc9rG6nHAC00VubwBdNRWTPdYXZ1BTuY1+Nl5M6R9RVaxlxc7/NaPrm7uqq58LZMsacKotcGhpncNzsF73xOj+OKZ4fyep+a3gnw/ymBpOEOV2DzlKU6zkIcTTLM2LH1Lsye1ZMlMt7wXnTtD4jzVyN8jeFdzEO8oK5TxNpKRsQGMN3QNZB37rnWS3SydumO2CQ+IHJcd06onEMev0T4wMZVPeKosa6MFVGOS5vCKW71Zqak4dnCFRRFzx3QC1znlx3JKtLbD4ZDi1aoxSMUnllnSRmKMbYT6qRrGbuxnhPa7DeMKsqJXyzHO4B2T4RyzLZbtGuaXHV6rH9edSR2ijdGJPPpyRnla2rqRTU7pSPpGV8/9b3mS9XiVrXkxsJHPJXovGaZt7j5z9Z+Z/h6eUI/lLhGeke+WR00jy5zzkuPKvunKAFprJY9W+GD/AFVPT075pWQNG7iAt3SUXy8LI2t2aML1+mr2nwDVXNJxfZIjYWxlxA4UVpdUSaAO/ZOq5HMYGMONXKn2qjEcXjSDJK6UY4Rzm8nQwhmkjG2FJpYvCj1kblLR4kgAG3dEmeGNDcLNqLVGO07fjNIpvdIFPUhgOw4WXuVXjXJJIMDPfhWtZUDVleadY33wZzTxSHLs5C81rbz2GlqVbKq63X5uqcYxhoJC2fRp8udPZebQHxPMvTek2aqF2BvgFcK6e9nrvCRzNkuQap5M7YyqyNhNfn1IVlM3DnEFR6KLXU5075WSb5R6dR5CXEYn8qyPVTv5LxlbScAzyZHAWG6nOZNP3TI9GTXyxWZCuGcdsgKOBoa3A5UqsblzQOyE5oc0Aqo9njrllHI2mTbCZLERg44UykiLgXkYwuVLctwBuFpj0c2yvhyB29x+YDSeyvMbDCz9OdFQ1y0MLg9gIVjNFPCwKLYjKnU5GnlQjs5HpzjCXYdumX7JMwB3UN5LTwp7/oUSQYKx2G2LGtV3SyNfGC09lSt2U2gkxJpzsgH1ywWrkCsjEkSk+H+ScxgPvhWbNu+Jl3tDJDtjC69ocFJulJ4VSS36XbhAhbtwoc2cOWiK5paUWI4C7OzjZDafNhTsBfbyWFDNplB7K8w17MhZyM4IKu6OcFgBUNtE8vBHrabV2/dZ+qpzHJwthNDraSB2VHcKUjJAR1PAGsozHKKlm7cEcoL/ACv4yik4fjGE98YeAVqyzhTiBGHN4QgNLtXojhqaRjujTwZ5L0T7dOHkMc7srZrcYKzkMuhwOOFpKNpmiDvZbKWpCZPAQDIxjCjysw4bcqWW4wmzNyRhq3QWFk5nkHurwR2gALqeuhpO4CM8o/7jozv9kOut8VdCdgHjg905qM0FB2SFjizGTxOjeWO2LThcj2zlaS8W1k0RqGR+dvOO6zgy3OQl4OhTP5BzmBw+yiyRY30/upsL2u2KUkQfwkWV5Nsc4Ks7HBGF1ri0hzTghFqITnIGPzUfcZBCytODGKRo7XWePHpe4agpzuFk6SodTVDX58p5Wsp5mzxteOCExcnb0lm+Jwsz3QZogRkKZp9017NicopI3PlFU9haSCggYVjPCcZwoXhkE52SehTQ0+YJjCY3ZARPpXCA72V4Cj3ksaKfUMuU8N1jIKoog6N2dR+yt6WeN8Y82COQhyjVCz0zssQ4I/dQamA4yArYx6gMHKE6LIIIQjZQUuSmwQ4AhPLQ4DsjTU5YeOUM7c7I67NplsoTAOYSPXKr6mikgf8AMQc9wFdhgI4QHsyTtsVrjNPk5Gr0mPuiiJTVgqGjI8w5VpQuaeVQVEEtLMZY92ndTaCua52ADkLfTf8AbtmzkKO2ecFxVQF/82MbjsmUtQyUeE8aXDbdHppxK0ZXayjbIzxYtnjfZaE0+g1+xny4achufzTZI/LgrtDVeI3RNyNgVIfDq4/VWMTyVrogc7cqvqqfG+FdPhOdhlBfDnthBOOUScMmfczQdwuOaMZVjVUZOSAq92WHSeyyShgzTjtYEtIOMLikbYxhAI3SXEo6QN0DSc5ARsFNwEmUecoJSwS7bcpaaQMkcXMO2CeFfxSsn2acrK6cd0SkrZKaUOaduCPULRXbJcMTbXueUaKopQd8dlCIdE4ZCmUtdDWtw04cBuCuyQB42G60r7llGR/a8MbT1PGQFKfplaN8ZVa6OSJwBGAnxVLm4BRRnjsm3JIfCWkLmAeQjRyNeAHblKSBzhqYNkbWQE9pXyxPDjLGra0XcDEE5291Dz4bg14SnpA8eJFs8b7d0K3R6JJKxYNQ+Fk0euMD8kJ0bcaHt291R226z0UwbPksPOVq2/L1sAkhxunp57MjUqpYRna+0wgGenBY/wBW7I9p6inogIZnuBbtn1VhJEWHS4be6h1Nvgn/AA4PqEUeOUDOasWJG7s93hroW+calagZXktLUVttl8NshDQcg5W2sfVPjBsVSR6brVC3jk52o0rS3QNMYiQCAmFhHKkMka8AtGcrujPCbnJz+SN4J9EhTt7hSvDwu+EPVTGSJtFXUUDyS+EgexUQTVcD9MjchX3hITqMSZBaCPdCotMJTIcErZRgt5Tn0zCCCMgodRbZY/NA4j2yhxVM8LgycbD17onHJbfspbv0xHVg+G0AnghZR0dws1Q6FwcWjs7jC9SYY5m5bjJUG52lldEWGNmfUjdZ7K2zXTqcfbIyFHcKeYDUdLu6lTU1NVMw9jTn2VbdOnaugd4kLSR7JtDc3scIqjLcbbhZ8GpSz90Cvu/T76dpnpRlv4gFSBujY9l6MwtlYDkH/VVVx6fpawFzGiKT1HBQThk2U6ra8TMnFLkqWyQOGVGqaOehmdFKwgjv6ocb8YBO6VjBryrOUTSMpgzHuE2KcOwjE5wQoU1+x0VW7Ia4co01PHVNBIBKhc47JzKh7CAHYCW1kBccoFUUb4XbN2UNwGRuryN8cwAJ1Huo9Tb4XuMoGCUpwYyNvOGVJfJG5r4pHNc3cFpxgrd9M/EYwsioryxxLcNEzd8/cLFSxeG7SNj6Ib2twNR2VxltNtU/0e8UtxpqgB0Lg4HcJlxtVJdW/wA5gDsfV3XkFl6orrPI1pJkhG2nO4XpfTnVtuvTREx+mQD6XHBTYzUuzXHUtFPLFXWOd0M7HSQj6Xj0RWzwVrcxPGRuR3C1sscMzTHMwPb3BCzF06UfDL85Z36cblhPPsrnXno30a2S7IslPpGrCj55GOE2K6ljjDWM0PbkEOUpwjlGWs/MLPOhyOnVqI2dPkl2y+voyIpgXMHHqFpoqiCtaH08rS7HB5CxD4i3dGpqmSmdrjeWn2WWdJ3tJ5D41tsZ690p19cbBKILlmalGGta36mj816zbrnQXiAT0M7ZDjJAK+ZqK8irIjnIDhwStDZ77cLLMJqGpewDfSHbFYbqD1/jvLKUdrZ7+95jIBbygSsZMPMFU9L9aWnqajZDK9sVdjGg/iI7hXcsfhjZZHW0zv1Wwu6KetoBzExVj6cszqGFpHOyMYUKqo9W7dkSWB8qoyXBQS08cjDHIwFp2IO68560+H8E8Tp6CLS/6hgL1WWkc3sor4exbkJ0ZYOXrfHw1EdskfMlZa6u2v0VMZaOM4Udji12QvdOqOiYro18kDQC7cjHdeT3vpmrtDyXxHQDytUbFg8PrfGWaSe1coiUtUWYV7R1ocRk5WZaCN8YUunndG71CJSyY4px7N9bb9JTjTKdbD69loIalzw2oppMZ32K82pazUACVfUFxnpmgMfkc4KtpGqu+UOj0e2310jhBVgA8AnurWopKSrh0zwNkY4bZC8+pbjHWDS5wjeO59Vd2691ttqBBXvMtO7YH+n3WeyOTsabWf8AOHFqq7PUGot0hdGeYnHb8lZ2/qanleI5muglHqpcU9LWR6oZGuyO3KrLnaY3+bww4ngjlIccdne0uqUujVxVMdQAHAbjYrkjB65WNoayutb/ADF00X9J5H2WkobvTVceoOwfTKTKGTox1EZHaikhmYY542vaRw4ZWHuNgudgrDcrLOBCcufEf9F6CTqGRwUCSAOGlwyDylOBLq9y3R7M5YupaS8s8N4Ecw2cx3cqj6z+GcF5f/ELIwU1Xu54cfJJ+nCsr30Y5sor7JKIahp1YOwd7J1i6ymhlFt6jb4ErfKHHYEoZV8ZZjsjCcdti5/Zhem+vepehrx/Dbm4hkZDTnfZfS3QXxTtV9pIzFVNydi0nuvN+o+lLZ1VSaZ2NOG5ZIwbnPuvKai09UfD+uFXQzSeCx2Rp7j1S1XkzTq2JP0fcsNRTVkYLHtdnsvEPjf/AGaLF1/Rz3CyQCluGNeWjbVvnb3Vd8L/AI4QVIbT3h7Q52Gh2cb+697tt1p6+nZUUszXNeM7HhBh1vgx36evUQ2WLKZ+WnWHQ3UPw+uj7deadwa04DuQoNLOAA5hX6Y/EP4RdL/EW1vhr6FvjAEhzeSV8L/Fv4AdU/C+vkqW0zqm2PeQ2VgOI/Y+3ut2n1KfEzxHlPp1VPfplx+jziembVvMgeBKeAO6rZgY3aXDcHcKxglDSM8qVUUkNYwZaGuxyFs3pnnJ6F4zFcopYZS05zhaC1V+ktBIWbnhdE/Q7YgkKRTyvi0uAJA91k1MFJB6O6emllHoVFXeIG5IVpH5hkb5WQtVUDEHE7rR0NWC0LkW1tHrtPqVOKZMkjZI0scMgqhrqM0coka3LCchaBsoTJomTRmOQZBWNo3xkpckO21zy0Aq8pqt22yxtXDJQy/y3uaM7bq4tlcZYsnBLeVktr3dG2i/a8SZsqOp8QDJCsIpcb8/msvS1ekg8K5gqWlrdysM6zt6e/KyX9JXNYQH91YEidnl2ys212fZW9FWNc1sUhwQMArNOv8AR0VblcjvmZqeXSPXG67cKGG4Ram4EmOR3XaqISNL27kKNFUSMODthDF7Rc1GcXGSKenqKq0Vel+cArVQTU10pwcjP+SqrjQCvjEkbgHYVVSVdRa6nQ/IAO47J2N5m/A51X0lFWxPfHGNQHZeVVltmt1Q6KVpwDtle/Q1ENdDrac5G49Fluq+lIa+N0sUYDuduy6Wl1HwLazjeR8crV8tZ5O12eytrVdH0zxFIcsO26jV9tntkxjlYT74QYxrGwXZr1CkjzVmnk+fZqq6309xpsaRkjIKwF3tMlDUFrm4B4WrtN3fC8U858nY+itLja6e7U5GATjId6LdTqdnZytb43+RW21yeXjLSQU9zdY9FYXexz26Q5aTj25VcPLycLr12wnBNM8XfRPTy2yQo26CSDury03cwARTv1eipScAn2QA853UtgpkovnRLdFnolLcIp2gxnJUsVbxgAnHsVg7ddJKV7QScA/stLTXSKpP8sEFc67Tbej1mi8p8kU92Ga23XqVrmxyOyO2StBBXvdjhYGKYkgjsragumjAmdwuDfo+co9d4/zOMQmbekr3tOMjBVxT1QlDTgZwsZSV7JQCw5VlBXPYRgrj3adxfJ6ijWOT+15RppMS4O2FAuFip6mMvEYa/wBWptJcQ3AduSrD5psrdu6yyg4nQUlauTFzU1bbpjoL8Dg+yn0VxMrQJC3K0D42vzkA/cKmuVkZIDNTNMcg38pxlDiM1yE4Th+Ifx9OC0q1oL2GtEcp/NY9s9bRnTM0uaPZTIayGcYDtLj2KRKpPoKFsovk2cjaW4NzhhOO4VFW265W2Qz26TYnOlRIK+ooX62Elp91oKK5w10fhvIyQkyq2mqNyfsjWvqyQn5a6R6C3bJGytXQwVTfGo5hnnYqsuFrp6jZzfz7qqdFcbS/XTSF7B2yl7DRCyS7Zp4a6eB/hVAy31KnNfDMMtwCVnbf1BBV/wAmuYGuHcqzbGCA+lmDge2UmyDHRtjItoK2uonZgmcAO2dlZwdQRSgR1sQyfxYWbZWSs8r2Zwjskp6j2d6FBtbNUZccmmjDT/NpZwfbKL8y8DEkIJ9ccrNQa4idD3AexVlT3KRnlkGsD15VOLCTXQO69K2G8tLpKZsM5/GwaTlU0FJ1x0hIZrJdpn0zdzEHZDh7hapk9LWMDQ7Q70cuOmnptmeZv6qy1WmdsPxmgc9tF1NRupZePEbs39Oy3lHeLVdIxLbK6KfVvgHdeZ11pt95afm4IwSOQ3BVDJYrzYpTP01czt/w3FHnBUoYPa6+iorpTPorhSRTRP5bI3P6Ly3q3+zv0deS+ptMk1tqDuGsOW5T7P8AE652tzabqi2yNHHit4+631r6is96jbLQ1sbyfw53C1UaqdDzFmS7SU6lYsjk+YuqPgv1h0rqkhpRcKZu/iRbHH23WCkYQ4te0tc04cDyCvueZuRvwFluouieleocurrJTCX/AL1jcOBXa0nm8f7pyb/AwfNJ8dOixyEyalBAIHZe4dU/AaRniVVirARz4crl5pdej+obCC64W6RjQeQDpP2K9JpfJU2xymcDV+NupliUeDLfJHsChGjI3OVba2jlmE1rg7hq6UNSn0cSelrkynNOG8t/dMNPkfThXhhix52DKF4TCdtgnxvRnnoItcFJ8s5ufIueA0H6VeilYdy1GZR05OHNwPVPV6M38H9Gd8P2/ZcEbWHVp59lr4bbQADBH5hHdYaGpZgPDfcBG9Qo9lrxs5dNGMD4cYkgDvyXC2iP/wAKP1W2HStEBvL+y6embUBuCSqWrg+MlPxk0/RhDTULuYOfZD/grJjqgIHoMLdusNujILY0ZtspIiCyJufcKpXZ6KXjZezCR9NVBAzI391Mj6aGxcB+S2Xy8faNqeadpGAwZVK1jI+Nh7MzBZKeEDUzJVjT26lP4FYGgOcuaAE9tFjbOEbuWDRXoYx6BMpqWIbRglddPpGGgN/JFNK5uP8AqkaYbbpTsNVen2LCIj5pCcOflCk1O5PKtI6Om/EDlSmQUbRu3hB8g+Onb7KaCmc8505U6C3AkaIySphlo4tmt3Q5K1zABGAAUEp5GrTxXY9tvkAzpGB7p4iY0bkAhRvmqlwzr5Tdb+S5U3wNUFHomeLFHnUVw1Rx5VFJ189k9Kk3kYohPmZ9xq2TfFeRgpufZPDAVSCSwd3duSutYCclNa1PYAOSoMjHJ3SPRdXSMListjycpIeoBc1hUQIm+IEOSoDdvVBeJnY8NqJIvBJdIMHKjPqo2DcglJlJUPP8zIBR22qHYnJKVOWS1Hcisnq5XHERx6ILKeuqBhztvYrQMoKRmNQ/ZGL6OlbmPBdhQnwlRS2VpIfIN1ZNoqaBg0jJTXVc0rsNAATgWtaHSP3Rhxjg60nONOyPmCIA6cFRDO7OItvdJkUj/M+TKmRseCaamQgCPYIrI3PA1FR49LcAhHM4GMBWOiGAbGBwuMeC7YIeTIBjuiCPBzhTI6PRJZwiIDOEUOLTs3OUCaHRjlBy/ScY5XXSkgYbygmQEZcQ0D1UeeuBOmA5xyrLfBO+kancJhfG7Gl2VADK2c+Z2AjsxA0NdyeUMpYJuJBw0ZccKHWXGKjiL3n7AKFcrs0SGOE5I5Ko5JJqh2ZDkeirsx33y6Q6rrJ66YSOyB2CdTUzQdR5T42MDRsuOJOwVrkwTzJ5YVzg0aWjP5rkVO97vpKLR0r5HAkZWjoLW1wbloVqW1DqNN8nYC1Wd4DXv+4C1FDQgBrWt3wn0lFnSC0K8o6IMLTjdB8nJ6LR6SMUkgNJby3Bc381bU1K2PBTw1oaBxhOD2gZyglPB26KFEKCGAbJSzANwo0tQSRhqTXlxwQkSlk3RjtHF73OyRsnD3SAHOEQDOwQBN/sGxpyDhSGnI4TWYHITstHfhGBOagPRe+FV11+tNui8SpqQD2A3WTu/wAUWMY5lmpg9/Gt4WaVsY9ip6mMez0N0sEO88mjvusteviXY7ZllO01L27aQcfuvMLnfr1eyXVtbI4HfSDsq1lO4uJ7rNLUJ8GK3V2S4gX99+IfUd81QMqflacnZkYwf1WdbBI94llc5xP4nHOVorP0Hf7yWupqTETuHL1Hp/4MUdPFG67zeKMZMZ3SnZkTCNtr+88itVrrbpMKWijMkh4GV6DYvgzdrgGyXCY0rDuXf+i9cttmttnhEFDSxxsaNsN3KkOqSBjOyVK3Bup0ifMimtXRnS9gDfCoNcjeJHNDnfqrn5l4GmPZvbKZrL9yUCSpbHyFPnOhVQodEhznP3J3SDgMlxwq6e5Y2iUSWoqJeXnHslz1GR6gkXUlzgp27HUfZV9TdZ6jyh2keiiMBdsVLio3uIJ2ys8r2w0kgTGuecu3JUiKA5G2FLhodvpUqKkxjsqdrfYEpqJDbTA4w390VtKfTCmiBo/CiCFoOcKt4PykFtMTvhHbGduwUoRDnCI1no3Krc2L+TPCI4hGOEhGAdlNawlv0JCinPLCArwxTsIzWDKKxo23R20zu43RBSPAw9gwfU4USb6EWXRS5I2cp+CeVSXjrv4e9PZN46wtFJp3P+8h5/ZYu5/2nfg7a9fhXaquRZ3pYNj9tRGU345MwWa6iv8AKSPVEl83Xj+2ra6eTT010VNKQdpa2XQMewaCsVef7Y3xQubnR2lltt0Zz5WU5fn7l/8AooqJy6RzrPN6ODw5GXTU5MLgF9vPxLFYETgFVdwuMNLE57nDI7I9ZXxQNLnnGFk7hUCqmLxnT2BSrZ4NNNeXki1VVLWymWU+XsENxDWYwnOAYFGlkydIWST3HQhFYwgUriTgJ8DDndJkJecqZDDjGyGMXnIbeB8MWMKXHFsNk2KMnCmRR6QFqhAz2WYGRxY5CMQAE/ZoQJpcjAWmMRKeRjyckIBO6ed1xEENTkklChJJJK9rIGXQO64OU/G2URDoxhCLSSSB3Xd9eMnCf5Ryo3tKSyDaQAd1Anl1u0NPHddrqrW7wojsOSgwsOcu3ykyzJjoxwEazKOxi5Gz1UljMblNhHCyF2BDcHhGZwm4CMBjYJy7BYxJcclq9k3bkEYTlIHHZcSUwFgekdk48IeMkoQQRznbsmzkPGAUSQCJmT6KHlxdkrPY/wBDEsnWt31Eps0gDF2R+G8KuqqnjAWayeOxsI5YOomOTt2VXI8uJ91IlmJdwgPOTlZJveb61wMantBPCTUVg2ykdB4BpLrhg4C4oQKkkkoEJNPKckjXAEo5OjlEGMDZDwU9qtAjl1/CamSSatuMIZy2lgpTgoLQiSdlxgOEnssewHsFMjbhoQYWb7hGPZaIL2Lsz6DObq7oc7sADCcwgZyo08mpST2gApXEuCfG0FqDH5nDKkHgJL5GLkY7PYp8LNbsJAZUmCI5yQkzltR0tDpFZLfLoLHHpaABglesfD6wsobd8/PGDLMctJ7BYnpOyi61zWluQ0j7L16OBsFM2BgAEbdP6LFZPcfRPC6RQ/1Zrn0crallOzUTk9gqESGWQuI3JRa6pFRJoY4kN2ylSxYIOFmZ6XO4kwAMaDhOjcZ5tKHM/Q0ADlPiYIIwSCS7f7IG8BR7JDg2MgNVhaqcyyeKRsD+qrY2PmcA3fJwtPboRBE1oaP/AFSpywdGiGeiyp4w1ow3ZdmkELSTwiRnDPpVN1LXGCmGnYlJl0bZfZDLM7dKl1XWOAOWNP6rtHTeM/BBx7KLATJl57laCzUerE2NlmmwaE5stbfSCONoLA3HYKVWPbE0DGPZdY3AGBhQZXySzEvOeyyWyOnGGEHgiMhDi3OVaMGiMBRKZmA3KJWTNZH9lkcss1QWCNXT6TgYKt+mbdnNXK3bsqi20brpVtZ2By77LXuDKOn0RYaG7DAWW+z+k11RyNrqgNHhxu3I3wotJG/WJCMNCjtLpZc+pVpAwhgyNhwudN8GpLHRIja0DUdllep7iaio8CN/lYMHdXlzro6OmcHnBdwsBJUmWV73bkuKquOWJvsS4OTyvB0+qbAw6uN0xztTwCrG2w6pA/GwT5NQRmh98izttO2KDU8DJ35RtWtzgOc+qDJLpw0KRZ6fx6sZ7LBdPJ0aK8ou7Fby54le33WlkeyCPLjpAHdQ6CHwpCBwQoXU1whp4hC53mIzhYZ8mhrBW1RkuFcIoiXF7sDC0tTMywWdlFG0eI9vm+57lQOlaNtNC+71TfKAdOpV12rnVlU+XlpOGpZZAly9+skEk5JV7YaKNkL6+paNDPpz3KqbZRurqxkLR5c5d9lcdTVgoqdtHTuAbsCAjZcpYKi6VstfUkv2a04a3sFItFCJpsyD6dwq6jYZZC52Sfdaq10r4G+M9o83AUlLaXFZJLYdHlaNlKiYAAUmN1ncKQ1gIwEicw0sCGwKxXWl3BDbdG/zfU/B7LTXy5stNC+dxGoghv3Xl0s8lbUSVMpy6RxOfZVB8gXS9IGCAAFpOkbYZ5HVkjcsacNB7lUdLS+PMIxndenWG2tpKRkOgZAH6pls1FYEw5Zb0lO2JjfKM4/RXFFENiAo1FAXjftwrmmiDGjAXLvtyPXQeFgAAwpLPqCGxuOykLnzlkAcOF1JJIDHJJJKEOjlEBGEJdRrgAJkeq6gAnPKMOFaZUujqSSSszy7EkkkoWJJJJQgkkklCCXCBzhNSQ5IN1chQbix0tLJC04LwcKXIM8FDezON1cXhjoLky1stUlvY5r++6VY/A+yu6sANI9lnLiHMikI7DK6WneTXHhGV6nnOMY/D/qscdUr9t8q36grJXPDZH5y1Qun4BVV7YjwV04NQWWJl2bHpC0h7GF0eO63ga1jQxowBsqu0UbaRjWNGcDlWzATvwsGonukHHhBGdk48JDhNefQrBMtDc5fzsiDhCYDkHsijhUUzqSSSMISqb9XfLW+R422wrUjOywfWlwc+rZQwPy1vP3ToopFfYKF1xuALxljDrd7rcvc2OMMaAABgBVPTdE2ioPEe3+ZINWfZS5342zytMVwGMqHlxzlDzhNJyVyXO2EcI5fITltHkgDJKouo7kKKhc/YbHlWdRLp2zwvNviJdZTKymacADbC7/idG7bEcryWq+OpmNrqh9fWlwzlzjhXMGqCFjCN8KttUIfMZXDOn/NWUzx6L3tdSrWDw87nN5Y8yAj0Vr03RCeZ1VIwaGHbPcqjjZJUTNhjyXPOFtKanbR0jKduxA3+6VfPC2m/RUuUtw+ok1O0t4Q2xl+4KHnLjlSo24asJ2ugcsgghc8nhZStnfLIXOOQVeXmobHCY87lZvGpw3TYoRYwlPFqdnCuaWNoAx6KBSx8bKxa3THgrRFGSctqHVEjWNwCAceqgMAyXuOyVSS5+zjj7qLc66KgoXzyH6Bx6ro6XTu2SRydZfGqDnIxfxK6lEND8nSyFurIc4HdeQQRmUl7jknfJVx1Jd5L5cXGPIiaTjKj0tIX4Yxq9t4/T/HHDPzX9T+Zn5DWylnMU+Cd07b2ul+YLeAtOXBjONkygo2QUrGAYOASuTOPDV3KoYPG3WfLLJ2hpfmqvVNktG49FcS6WDw24A4wEG3QeFTanN8x3RGtL3bJ0p7A6KXbPCCxNZHEXuGNlXVb9WSp0zsNDfZUl8uUNBQyTy9t1xtdY28nt/G6VQisma6xvsdpopHB48RzcAZ7ryCaplq5nTyuLnO3ySpfVN+kvtc7QSIWHbPdQadmlg1d15nVWbng7MEkywt++y9W6Tj00Ds92/6LyygblwaDuvV+mWH5D/wrmzPV+BjmWWJ5yHbeq5bgPH47pO7p1vBE2Tws7zuPUYR2YYmkC8/6jyanGeMr0KdpEkjvuvOuoATVn805Pg5fkeIGdqQNQQUep+oILQSdkSeWeSuWY4J1KP5IUeoBBKmUwxCB7KPVN5wOVoXRiujirBAeN9ld26TxKfDiAQqYkasKZQTeHM0E7Ioxyc7S2bJ8lm4HWNkan7J7mgjICDGCHHPqk2Ho6Z55RZMOWFRXg54RYDkcosjARws0uTpV/ciEiUsphlD+UM4BK47fBBSmNisM1MQD2DfOQuxt05US3T642kb7YU12QAccqHQh9yIF3ia+HUB5gdlSscdshaKpZ4jDtnbhUU0Xhv47qYM18EuRko1AHHKjtBCk41DhCwMqYZkaydHKn0Mvn0lQACUeElrxsoOq+1mhifqYAd1DroA9p2/NOopdQxypU0WtgGFaeHk2uPyIyFdTGKTIGAhgEtwSrm40xGTpVG8+HJuM5WmLycHWU/HMY4FvZLPsiEh4G3Cbp90050lhkd7ire0Vs39w535qsc33RKaTwZGvB4TqZ7WZrFk1Ya48nJTy3I3CZQSNnia7nAUktwF1K3uOXrfwZELQ13CfoGMohbl32T9O2U+UTyc5YeCMGEOUmMDATdHsiRnBCHDBO+GADkZWZ6gtrYcVMTcNJwQtZs4AYwo1XStmjMb2ghw7qnHA6m2Vc8owYLmbqTC7PlKLcqCWkkLS3bsRwQorSRyOElrJ1q7k1kNPT6hkBVs9MQcgK6he17A0jthAqqYkamhZ7ILs2RgpLKZTFqtrZWujb4R4VdUROBBKYx5Zsk9DYWSqeEa6CUPZqG+UZVFsrGmMRu9VasdrGQETZ2qJucUxrgJAdlDmhLXccqcGlv5rksQcAlzizS45Kt0R2TNwcYzlTJWaCNlHe0O5QsU4uJzGQlHI6ndqaM55XGnO+OF0tD8ZCTnkODwy7oahk0eRz3HojvZnfHCo6Oc0kocBlp2IWjhMVVEHxnI/wAkaOhU9yK+aHUOFXVUJaRgYV9LAM8KJUwhzcAfmoHOCaKqJ5BwUV0YeMgLksTmHIbsnxP9dsIq7cMyWU54ZHkgD2lrm7FUFRT1FvqdbT5Cdj2wtUY9W6jVFK2eMxSNBBC1xmpcnH1Wj/5SNb68uxgYVxFOXt3HKxsjKm01HmJMZOx9lf2+uEjA5pzjla6rccM5cofG+SXV0r2tdUU7TkbkDhTKKds8DXdxsU6nf4rMY/8AVVtbHLbahtTDkMcfM3sVshMmPt3Fo+MHcBAfCMfTj81LpJoayISR74G4zwuyRAHhM4YaZWS04II0qprKBw8wacBaN0Y9EyWnZLE5hHOyVKvcDOOTIYDSRqBTXNVhcbYaZgkj3BOCq/ZZ3WZnFoRAxwhHlFPCEeVnsrAQk3wyeyQBHZP8QDlqV0MFHM+nkD4zgq8t9w+YyyUgOAyCqJ3mXYXuidqadwm12ygxNlUZ9mnkaJBkDKhzRFvmAwmUFwGQJ3ZViNFU0aBha4tWdGWX+myDHM5jgDspsFVt91FqqCUnXGNghgujwH7Jy+0B4kWojinbu3JQsTQu3b5UKmqREQSpwljqm+hHOVG8gY2sBJCyobg+V3qm0VfVUMnhh5ABT5oXQ4cw7HZMdHHUMOdneqi4BnhmoimiroGubu/G/wB0wwyR7uasvDLWUTtUb3YHutLRXCCsha7XpPBB5BTovJlsrx0KanilGHNCrJKWemlzE4gcgq8lhdH5tOx7qNKwOA7Ims9CVPnDJ9j6hmgkZHUP2HBJ5W1t9xpqvZp3XmEtK5u7Ue23eqt0wJc5zR2ymxlgzXaVWS3QPWAz0SLD32VTY+pKSvaIi7z47q7Hm4C0waZzbM1y2sZ4bUvDaipI8C20iM9pI5UWSBkgIe0Ee6sXRnZD8I5yrccE3lOKOSmcXwvP2ynwVbZXeHKA1ytHQggYCh1NuiqOfK4dwluPAW8ZLSsmaQ5gcFmLv0kybMtPs72WjaKm3vDZD4kZ4PopPjQTt1NGD7JDryPrulF8HmLZKu3ymF+SGnBBVvR1MdS3dwz6FaK52Gmr9Ti3S4jlZC5WOutb/FjLi3OxblK+No1fIrOyfVW6GqYWyxNeCsxeOmzGDLSnHfCu7ZeXhwiqCCDsFdujhqBksAJHZJlXuZrrtlX0eWsLoyWuO47KTTTFx0kBa+59O0dQSdAY/wDqaMFZOutlRRSuYWkgcEJcq3E3Q1MbEG8LWNkB0Wn8P7pQ1jmN0uGcKa5jamEOjIyN0OA5PBBaC3OCjwVrW4bM3I9UMtLTpcMZXBEHDOcJU/tKkkyf4VHVRhpAz6qtrLRPFl8TtTQiBzoHBzf0UuKta8aXOxlKayXCcodFC+JzPqGCmw1E1PIJIJHRuHDmnBV5PRsnaR5Rng+iqamilpTlzctPcKnmLyOhY32bfpz4ixtijpLwx2powJm75+63dHWxVkbZad4ex4yCDleCkK1s3UFxs7w6lqHae7Cdk2F3PI7fNdHrt46co71TkOjayXkPAwcrG1NFeOnJQKv+ZAdhI3t91e2DrOkuEDDLII5OHAnG608ZpbjF4crWSNcOCMha0lJFx1Lg8+zCQ1sdSzYb9118RAB7KzvPR0sLjVW1+M76WnYfkqKKrqIpfl6iM6mnBBCRKnJ3dH5D5OJh2vMZ3KtrZdJo/K862+hPCq2ujmGQ3lDfHNA3xIiftlYraT0Gm16r/Fm1oK5kjg+GQxyN/Igr1HpP4jNxDa78x2fpbUtOdv8AEP8AVfPlNfIo3htU8xns4LQ09ymcB5g8DhYbKPZ6XQeV2y3RZ9POIJJaNvshCWMnEjtJXjHSfxGrbG/waqQOpDsWD8P2yvV6C5W6+UrKu21LZQ4aiM7hZXXhntdJr4XxTRNngZIAWbqumpsdsKwimEezgnFsU48jt0KWDc8SKbwS3Pl/dU126fpblGRJEzO/I5WpmpwOB+6gOYdRACLODPqNPC38keL9SdD1NNI6aCAuaezRwsZLTvgeY5GkEL6VqomSDSQCDsdliuougKSsikmpRpJ3O3dFCzk8zrfC5zZUeQQSujIPKtqSvyQCh3Gx1dvlMRbkN7lVoeWPx6cjK0JqR5qdNlT+9GngqQcEEK/tt3bJimrMOadmk9liaepLMA8Kzp6kZBxlX2FCbRuaOukoJMwu1Mz9OVpKC8U9wGjOmQDg915zT172YPIO2Cpgqy5wexxaR3Bwlyhk2Va2VXR6KWMIPlG/sq6a3gO8WncYn/4eFW2zqhga2CuadtvEH+q0MTmTtD43BzTuCEqUMHodLqI2RUosHQ3uenkbS3NoIdsyQeqvmFsrQRwqKooo54yyQZzwfRRI3XK2uzDIZYx+EnOyzyidOu6Xs0krBkbZVNd+nKC7NJnjbrxgOxurClr4quISM54IPIKkB+eyCcHIdiM+WYuKtvnRv8qXNXSE7YGXNC01PPauo6JszWslbIPMx2Dj1CPUwNkHmaHDHcLJVnTlwt9Q+usNV4eo63QE+XPfCDawIR+PMX+Jnur/AIXy01Q649NSOjBOoxA8FTuhPjDdemJhb72ZT4TgwnJBAH+a09l6tpa1gpbg3walvleHeqB1d0LQdS0vlDYZQMtkA3PsfZL25Ms6Y/8A0z3LpXry33yjhqqOtjkDxnAO60VbSWvqegkt9yiY+ORpa4OGeV8S0lf1b8LrhG573PpNflLScfmve/hx8YaPqqJkckrYp2jcZ5SbKn6Mko7eJHlXx1/sny0RqepOgKdwha7W6lA1Yzzj2/6r5rkgqrdUOoLhTyQTM2w8Yyv1Bob4JdLJHBwOx+y84+LX9nLpn4j05rrRA2iubvMJ8bO9iAqhbOvhvJxtX4qqyW+tYZ8By0kNRkyN39VDfQiM5atv158N+q/hxdHW3qS3SQtJxHNjyPWaaARuFpV27s81qPHxrliSIkEr6chqvLdW5IBKqJIweydTPMb90qxqRKoOp8Gxp5tbRvlTAzLc55VBb6k7D0VxFUHHCw2Q54OtTPKOzU8coLZGgg+oVFNBU2qp8SIkxk8ey0LX57Js1I2doB4KyyiaWtwChrhOwPac45HorqjrHAhYqSOqs1UScmJx29MK6p69ksQex3PPssttWejpabUbVg2UU5IBxjKmRSEkbLLUNdpeI5HnB4V9DUtLRgLBODTOtVfuRf0lQC3S4g5TpoG6cgg5VPFIWkEFWMVS1wAJSZLBoUshIZHR5YTsgV9uFY0ysG4G+EeRmcOShlcw7FUpYI4xaxJFLSVdRbKjQ/OnK1FPUQVsQc0g5HCrrjb46uPxGAaiFSxz1Vvk0gkAFGpZEOLgsLomdQdOQVkbz4YyRz6LzK6Wuotc5BadOV7Lb6+G4Q4cRrA3HqoV5sdNWRkPhadvRbqNQ4vDOZqtNv5R42BrOrSrmyXfwHiCoOWHYE9ly7WaS1VLssPhOOx9FANOT52HHddOF6lyji2aaW81VytsFzg4BJGxXnt/6fqLfIXtaS3vstdZru+ncKepOW9itDWUNLd6TSQDtsfRbadX8Zz9f4qGuhtgvuPGGe5TdGd8rTdQ9PuoiXMjIIPYcrNEHdhGCF39PdC+GUfPNXpJ6ObrmuTpI5BGU+KrmjcHMcWkeij4PqnNTJJTMybjyjVWy9RSsayZ2Hcbq4jlDwCNwVgA4tOobEKzoby+F4Ekuyw26fJ2tN5TGITNzT10lM4aTsrqjuzZAGg7rHUdyjqWDQcqfFN4RBYd1zNRpVLs9fofJuqCw8m3grXEg8K4pa7IGcHZYSiuL8hryrinri0AuOy4+o0qiew0PkoWRTya+Ot37I/iCQAcLOU1cNgSrGKpyAQuXOvB269SrFwSpqSKQYc0EFVNZaPCzLArVlRnYozZGbEpDW3kb9szOxVTo/5coyByCjtIkw6nk0O+6tKy10tZuRod/U0KnkoquheTp8SPsRuVTW8XKMostKC8zscIaohw4yVbtkgqW+UjdZHW2X6Tg+6k01dPRu3yQEmdeOjVTa+pllX2QS5fH5T6hVjam7WZ+cuewK6oLxDVO8NxDXYU2WGGduHsBylyjg1fa+YEO39UUtWBHUjS73Vs0xSjXDICs3W2CGUl0J0OVYJrvZpNtT2eyX8aHRtnH8jdMfVM/uskd8qRHWBmBNsfssvbur4HlrZxpd3WgjuFFUxhwcMH80Mo4HK6L9lkythkwGndS4JnkjzHdUYhjdh0MgGfdOIuEBBiHiAehSto+M2jUMOpvm3/ACQZPKQTsPVUUN9kiIZIC1w/qVhDfoZdIlbn3U2sY5phqiKlqmeHO1soPIcMqnl6TEUvzFhrJKSUbhod5StDE6jqQDsfsmyUs0Z8SB+pvbB3CopYZFoeteorA5tNe6V1RGNvEaM5C1ds6ust7YBDKI5Dy0nBBWd+acRomZnHqMqvqrRaq1/i0cnytR/UzyglVnAxL9G/lbqwW7j2UGtoKWtgdBVwMlY4YLXDIWNbV9YWXSISKuEd+ThWtv67t0umC6sdSzcEuGBlHGcoPMSOP/Mihv8A8JLBcoXfJRinlO+3GV5ne/hR1BaJHvpqczxt/pC+iIpqeqaJKWeORp38rspxYTs9hI9F0dP5W6nhPg5mp8VprnuUcHyZJSCneYa6mkY5uxBGE+GloJDhuy+pK7pvp68xeBcKCN432IAx9isPevgVbpYnPsVQIHZyA9y7mn82msTRwtV4SSea+UePxWimfu1+Puii3Qt2A/NaG7fDvquwyO1Uz5WM/E0bEKlDJOHOwe66lfka5rKZlXj9vE4ghRNGC1oT/Aew+Vu6NpqGbxD9U6Kaoc7TLHjHdM/nNiv4MJdIBorQDpAwh6KgbyhWDauE7akXyy9h90yOsS7Aeg/RUO17+ThCdOQcY3Vy6nj50coEtvgI2GCtC1sGsC5aGaK4SgjPCXjDsn1NDID/AChso5p5/wATSPzRx1MX0KWmlF8oeZznlcFS4fhCCY3N5JTdQHKOVjZSgkSDUk42TXTE/mhpxGUHyMOMMjxK/wBU/wAVxGChImArVn7D+NnCNW+OE3XnbHCImeH7qnMnxhA4nskQT2SaD6ruPXdX8gahgenoA+yfrb6oG9w1RSDbJEgIPiDOMlLWPVR8dg4Hl7yRpOETfbdBEjRyUx1dAMguUckXgk6/ZcL89lCfXZP8opNq3Dctyq+QhKc9/ZuUmtediUyOqHBajGZpAw1TcgoxyPbFG7DpP80Zr6dg2fj2womSlrHom7sBMluqmcM3Q3VVUdm8IAfg5wiNlDRjSl5wUjgfM4+dyK2BpGp5/dC8Qei74xxjCmUMDB7WnAakYmuIc9wwo3i+y6Hl+CEblgvBLxA3aMAlISnGNKjtcAco4lGMY/dDuSGRaYRrynsBJ3Sijc8jZTRC2EBxGyuU8dDowbOQt2GVIcOMKLLcKSIbuxhVdZfC4aKYZQNhxlGL5Lp87IhlxGFFnuzQNMDvMoVBbLtcCJJ8MafUq+ounqakcJHOD3AdwhzyG5uXESrjir61w8Vp8PuFZ0lrijAd5sj3Vq0x07MBox6qhuHUUVNIYogD75RrkvKjzIm1NbBQt0vH2VBX3b5kOZAcZ2JUGoq5KuUyyPLs8b8JoIA4V9GO21yf2sYGnvz6p4IA4QxICcBSI4y4hQTzLsaA47AKZTUrnOBxhEgpTthm6uqGhdlp042RJ4HVUObOWy35wdBGFp7bRZIyOEGgpAzGWjJV7SQNZgjugkzs6bSqIWmpWsA8qnRjSBgZQ24aMBcL5Ds3ZKbO1p6lFB3zb7IZLuy6ynkdglSG0zfxBJlLcbYyUQDPMeMqQyPbhOMUUA1bD7lVtd1LbreP5kwz6JMrYx7LdqiWJdEz+9fpQnXSjgPmkCxlx638SUilhDxxl3CoKqtqax2uSV2/bOwSJ6uK6ETvTX2m6r+ubXQuLADI4cALIXTri6VbntpmNga7uByqmWFzyMNyTsFOtPSV2vExjpYS4N+rY7LNLV54yYp2Sl2Uk1TU1ZAnkLvuUSltFdV4+Vh1Z7L13pz4LyaxNc3NG3HK9BtXR1hsjWmKnYXjuRlZp2qQUK3N8ninT/wku900vq3OgaRnK9N6f+FVntOiSaATOx5jJuCtnJU01O3EeMjgAKHPdJqgaNwEl3JGivT8hWw0NuYIoo2RBowA0YXHVeeOCqueshiOqeYD7lQZb5TkaaYh59wqd/Btqr5L8zawTkcKFLWRRZL3b+ipjXXCp8hDYm/4RglFjpaiTSSSfcpEr8mlJQJElydIcQ5CHpnl3eeVLp7c4AagAVYwUIGCAq+QJ2qJUw0D3HOnn3U2G1yHGRsrSKlYBs1HAx3wq3tgO5shxWyEDcb/AGUhlK1uMBGY05wBkqXBSTTcR4RR5AldhckRkbWjHC7p9CrWGzOeQZRsszfPij8JOkozLeOsqBunlsT/ABHfkG5KdGpy6Md2uqr7ZZCNx4GcKQym1gHOMrxbqH+2T8O7e4t6e6cudzLTgGRzKdrh675P7Ly7qH+2N8RrkdNkobfZ49/7lpc8j01E7fknx0rOXqfP6WjuWT7BbRAjc/nlUd0636C6b1fx3rG1UZZy2Wo8w/JpXwR1P8TviB1g3w7/ANV3KqZnIjfP/L/8oOP2WWc6WV2qR5JToaXJw9R9U5f+jE+3r9/ao+Fdndots1Zdnk//AA8ehgH/ADvICwd8/tvV4DqTp3oqkjDfplq5XvOP/CQvmIRYASdGTp9AtEdGv0crUfUOqu46PWb1/aj+MF41Cn6g/h0bs4ZSRtZp+zsav3Xn9465616jcf451Rc6wOOS2SocQfyJVSGAY2xhEwCBgYTlporowT11935zf/cEGnG+T7roB9EXASwExaeKM8puS5Ywx5+oJeGMYwnruMpka1HoQ8ZN69+lRKicR4y4DKUtQ1g5ys9X1xmkIbnY+q+mSng/OEI5YO41XzM5IzgKA8BoyiOdncqLPONgs85bjbXHAGabB0gITGE7ldc0vdnCkwx7DbGEKWTTnahRRluymxR4AJTYolOijDQnQhkz2WCji04yjYDQkAAhTu22WiEcciH93I2WTOwQkzfOSU9EEJJJJQgl1q4utVogvqS0+6TURrfZaElggxrXahsijhPDQE0kDlA2WNIx3UOsqwwY9dkeplbG3U44HKrRmWQyEbHjKRJ5DgsHWt1HOOUVjE+OPgAIzGbcI4QyHOa9DWx7eiI3AzunAaQm4K0xiKlIenJJqgIkkkkQYFFJwMrqEqbwX2OBxnZdAaPO47BMaM5BKHUSks0N2ykznhEwRaqczTYZkAbJwaAMkpscXdwx+aZNJtss02MSyBqZNPtsqiol1OACPX1AIMYOSq3cnJKyWS3cG6mv2w+2EItK6CdjjZPa0EZISFldj+hJJJKFiSSSUIOSSSUCbwJdAOUgO6ecaeFAJTx0IAJyHg5RhwrQEXkYeFGed8KTIQQovr90ix5CRxxyASjRMAOwQo+6lxNwckKRWWW+B7GgBEamrh4T30KaycldgYBUN5yUWY77FCYCXBJk9zwUo4Otai5HqubY9E+ngMhJHZSX2ofTVK2W2I+IEHOMqdSxeK4MA3dthMjjDBjC1PRFjfXVja18WWRuwMrHZPJ6zQaWVk40xNz0bY22egY5zAJHNUy810scIij21kgnvhTJ5mU8GfpDWrOPnlq59bjkZ2HoFisf6PoMKo6eChEdSsPJCsI3Bg4QomADYYXXOz5QlDo8BomGeTJHlG6NJ53YH5BOpGCKmJfsSFymHj1A2VN4NNcc/wCSytdOWxtLhvytJSMLY26gq+3RMLtJbsFbEho2CzWSydfTR2rkdLM2OPUcDAPKwVxrp7hXESOJZkgDOwC0l+uLYYAw51O2ACzMUeDrcNykSlkK6WXtRJpKcPlZCwcla6khEUYAaBjbZU1ipC5xnc3Y7BXz3iJo2yslkjXp61GORlVNoxEw4JT6OlOPFkG/ZRoWGpqMngHJ+ytWkfSPyWWcsm6KycaA0HAVZNO6pkLWDIbt+al3CpEMDgD5nbBKw26SR4kftk5JKyWy2ofFNtJF9YaAUVEZntxJIM/YeiVZVF7jGPzR6upFPFpbzwAoVOC92pwyeSsEp7nlm+EdoakjJfnHsrF7hE0bKPHiMZ04VV1FcxT0u0gYTlJxvfBdktkdxRdUXj5ioMLD5WbKia44ye6A6Z0sjnvOcnKJrDgE+EMHIst3yyHa4lwa0bnZaCljFNTgEDU7cqrtNL4kvjOHlb3VtK4ZABS7+ejZpYf1MWTIcBarp63CKISOG7t1QWilNXUhh+lu5W6o4Qxoa0YwuZdLB16sLkMB4EJlI+lZOGml6ivROT4bXaVddSXD5em+Uid/Mk2AHui2SiZY7X8zM4CaTzDUFjc+S5vIupKxlPDDaaYgCNoDsd1m3kudpbvhGqXvmldK55JcSSSi2uhkqapoYMhvKiZC9sdKy2W59dMBreMhZO4V77jcMNOxK0nUlzbTUpo43AANxhZq2Uge4VMgOx2wjKTyW9vovOxjRuTuVpoQc49FBtdI9gD3N5G3sFashDgEq1jVx0PZGA0Jzn6BkhODMbBZ/rW6C2WpzWPxPKdLQk8yZJy2LJkusb2blcvlYn/yYPLsdiVTxx4GwUQOL3anck5KtaCAyyNjAO5T4rYssyubk8mh6PtInqBUPGWtGSvRqSnDcaRwqqxW5lJSxs0eZw1ErR0sZaRtyseos3PI2AekjII2VtAMYyo0DAOylxAADC51jGrkO1oHATxyuYwu4Kyt5YAQcJqScqKEkkkoQSSSShDo5RgRjlAXQTlWngCYVJcBGNylkIsijqS5kLqhBieuZCad1XRB2R6pEjCGMnuk3PqqyQR5XDwkkqCSBuJJ3KY84aiHhAPJ+6KPY6HZEqRkE+gWV6kqDHSua06Sc7rV1mAw/Zed9a17Ix4THbg5OF0tKh7fBg7pNJLUYc7gYWy+HluidHJWyNy5jsbrCvL5qjGCS5wAXs3T9tFutlPE2MNLmhzj3JK32z21C13yW0DNxgcqaAAOEOnYABsjnhcmyTYw4cAEKLhxdhHPK7gJZWRAd11JJUQSSS4ThMTwE+RlTJ4MD5v6RleY0wlvHUTnPGYg7UCPvwth1jdfk7VI1r9Jf5cqk6WoPCpPmXjD5OPYLRBlGhwGjTwBthRJySeUeVwAxlQnOBPK0qOQwn0jKaX6sjHC7nugueCNJWiupsVb0QLvVNpIDM9wwF4zea+W5XCaVziWh2Ghbz4g3cU1J8uCdTzgLzikaZ5Wsxse6934TS7I72eP8rq97+NFvQM8Cmy4bkbLrpM5JCUjw3DAcADCboMjg1vK9C+Fk4tcfklgt+l4WyVBqHtzhu33V/UTnVjCHa6VlJSMy3D3DK6/zP2XLte6WT1GjqUIYYowS4bKY5wjYCeMIbGBrc4UW6VJjgOEsbZLaihuVS6eodvsCosYy5J2XEuJ5Uiliyd0yBjn93JMpWZAJCJVvDIyQUmDSAAOFEqHnIC2Ux3Mx3cIH4ms5I5XnvxK6l8OF1vgkAc4acd/craXSsNJQyzMxlrCV4Xea6S5XGWeR2dyF6bxmn+5SZ8v+vPNQ02k/jQf3SINO0uOVoLHSOkl8Qt8re6rKKlLzsN1srXTCmpWjTuV6+mOD8/amfoLK/QMAdkOlYZpwMd0qqQOIwFOt0YEIk07la1wZY8skFugBoHZJowMnunA6nLjxnjss19uEem8ZpFxNkeeTTnjcLxv4ndUPnnbb6WXTGBh4Hc+i3PxB6op7DRiNkn+8vaS0DleC1NVNWVL6id5c5xJOV53XannB6WMlBLAxgOQccqS0nCYwAjJCI3Yrizlu5NEZPJZWfJq2tI2Xr1oj0WjLdiRheUWPS6qbsvW7X/851nme68FD/T3EQDHKkUTcO1AIQGVYUTBjICT0z0kY7mCqo8Rvlx2XmV7OqqeccEr1K4jw6WQd9JK8ruut7pHA75OUMm3wcnyvEdpRVX1DCbSgEpTDBGU6jBySmwPI2InRDDcYUWtADfVT2M0t5UKseSOFpRk1X2wZVEEPKNDs8Edk1xyeEgMJylxg4G7a8o0VukMkLtRzjhOdscYwoVpnOdJPbCsXtGMgpM1k9Bo7d8OTtK7fcqa5oc3lQIvqU2D6Qs9kTt6ef24INS0tILUxue4U2pj4OFEGR2WZ8Ggm2uo8KTQ4+UrR4a9rXDghZHWWEEDdaS01Qmia0ncKI00Sy8Mk+GS1wIVJXQYJdj91pC0FuFWVcGo7BMgN1MftwUUY8xYeU2VhjOccojWEVuTwnVJDsYCtrg5yWGDjxncZyu4whNd7Iv5JeMBxJNFUGGcajkHZaABskYIPZZcDJwr221ILAz0VPg20SzwwdbAHDjlZe5QOhlwG7eq2szA78PZU1yoxJG4ad06MsGfX0/JHgzsDhjCYTpP3XXQugdpJXXDJTkeenDHA2Qlwygx6s7lSCBjCFjBKYhM4FzZax0bvCPHutE3BGQcrFQS+G8OB4WqtdXFLGPPvhdPSW5aicvWQ3Q4JWndE8M+icG78ozACAMLprB4zUrbMD4Ixwh+GR2U3w89vzTPAQpIzuzAGI4JRXND254TNBRIzjsoynN9lTeKCSpg8g+nf7rLzQmI6SMFehCHXyMLL3e1ubOS0YBSJV5Nunv9MoWyFhGApokbKAECSDHAQY3FrsJNsODs6e/GB9ZStLctCpnRkOI9Fo4x4rVCr7aSDNE3B7gLDNYOjKG9b0VsNS6BwI3WntVSJ4gdsrKPic0kEI1BXTU0wLTgdwgU8M0aa7a0mbJ4xjASdvyEGirG1IwRuFK0pje5cHag8rJEmi1DOMqC+LG5CuQ1pBz6KLNTasloS5RDccorQ3GcobQQ4Z91JkYWnhCI9EnAtrBxSqCtkpJBg+U8hRSQOUlQcJuLNgxonjErOCMqPLFk7jhVNpur6Z4ikcSw7fZXxDXgOHB3CM6FUlMqqmmB/CoL2GJ+wV3PGQQcZyoNRBq7IQp1ZARPDsDCc+AEAgIRY6JwIG3opLZg9oTa5GadXBXVlFHURmORmx49lm8zWuqLN9IPfghbR8XfCgXC2x1kBY9gDh9JHOVqjLHJytXoYzg8gaCtMzdbJMfmrNkrahng1ABB7rIN8a2z+HJkDPKvqSuicxrid1srt9M4eNsdrCFlRZ6jxI3F0R7dsK9pJWVjA+M88j0Vc9zayEs742UOiqJqKcNxgenstkZA4cWaGSDAzhRSMZBU2GRk8escYQ3sDd2hPxlBp5K+aJr2lrhsRhUF1t4hZ40bds7rTPOdsYUaWJj2ljm5B7JM4A2JejIk5TdPurG7W5sDRNADgnBCrsYyCs0oZMrR044Ka5mF0NyV05aMeiRZWEAI0lOG66WknYJuktPCS1groKwgHdTqS4PjeADgfdVpOpLf1RQscHwBKuM+zXU1ZFO0BpyTyuT0UMwG43WahqnwEaXYHdXNFc4ZyIy/cDuVurtjLiRjsrlB/aR5HPgkLHN4KkRTHLcKfNSx1Uelwwex7hVcsE9E8F27OxTWscoTnPDLWGXW0NfwlNQud/NgeARvhRo5I5GBzD+Skw1GcBU3krGOQHmewtP1BKne6F+W8qW9jZBloAd6oJiySMYIRJ4F5z2aG13uKeL5WuHGzXd1KmpQ05YdjusnHkkDOD2OVd2y7yUrRFVN8RvGe4TYTMtlUk8omGIO8ruVFnoQPMFevpYqmAVFMQcjOyh6cnS4YITlHIlSa7KmOaWilbJDlrh7rXdO9XukeKepdv7qgq6MadWnCqSx9NJra7golLYwJ1QtXPZ7TDLHUMD4yN+yfg+i806d6snoalsdS4mN23K9LoK6nuEIngIxjJ3To2Z7ObqNLOLH+GfRcMeOyOGYPCWkHstCOe8p4ZFMY9Ezw/RTNG2MoWgKSQSaIzoRIMOGQq+e2uY/xaQ6TnJaTsVchpAI9UwMSnDIxTwUzZsEMnYWO9eyOaZsrRnSQfXdTZKdsow9gIUV1FNAdUDyR/SULr4HRuZnLv0hT1BdNDGIpOcs4/RUDqi42ciGrhc+MbB7eQvQW1Bb5JW4/wAkGtpKSqYQ+Jpz3ws7rw+DTXqHnEjL09bTVbQWSNcfQ8pVdvhqm/SAT6plf0m+F5qLe8tPOAUCkujoHfL3M6C3bJCXKO54NKtjHmDM9dOl6iJ7pacDB5CpYpp6KfzA7bOaV6gGxTMDonte0qnvHTlPcI8taI5Bw7CRZDHRoq1bbxIoG/LVsXiMxn091Dmpyx2Fysttws7wZAdGdnN4U6krIaxgZK1pP7pUlng1qzjgrHszjdRnsJOyuquh0DxIdx6KA6EuwgcWg4WfsHT1ZYNEu47FTodFQMDDgexVbIzjKbFNJA7LOEnHpjGm+iTWWdr/ADQ4Y707FUzqaogeWysx7+q0MFYxzA4nc8gos8DagAloU2hQslF/cZwOe0+Ulp9QcLVWLrqW3sZTVocQ3YPHOPdUlXa5YyXxAY5wqyYODsPGCEUbJ1vgKShauT3K1dS0tdG0sna7PbKPcLVQ3aI6GMY8/ixuvEbdcKu3vD4JXN9s7LfWLrmOYMgqYyx42LidlrqsjZxJgudlDzHoLV9P3G2SmRgL2d8bobZM/dbKmr4aqIDW1+RwVBrenqeqzJANDj/SjnQsZR0dD5SDe2XZlKqggqh5mNB9cKIZq63OacFzBt5T2VpV0VVQSFkgO3dDbI2QaHtG/qFitoO/p9V9ylWwlFeqWqw17tD+4K03T/U9x6fm8e3SjBO4JyFhqq0NJMkBwedkKGurqB2mXLmhYbdNg7+k81OpPnDPpzpj4g2zqNjYTpiqg3D2E8nuQtIyUsdqacEL5aoq8nTUUs5ZINwWnBBXp/SfxSjZFFQX+NxLcNFQ05z9x/qsM62j2Xi/qKu1Ku18/s9e8WKYYJ0uPrwolRAW+49lEjrIakNkppBJG5uoOHdTIqjIwUprB6iGohZyQpBpPGCmFuRyp8tP4o1NGfsoL2SMO7MIMPORqaa4Kq62G33BpZNA3UR9QGCvOeqPh/LSMdV0h1NBycDfHuvWHuDsZCDIW40uaHA8ghHGbRh1Wgr1UdrPnzwHRuAJ3HKkxTGNwHK9S6i6JoLuwyUbWU1RzkDAP3Xm9ztFXaqh1PVRlrmHGcbEeoT4zyeO1fjrNNPallEimqSQCQp8U2cbj9VRwuIAKmQ1BBGyZlGHDXDLlsu2SrC23yrt7v5TyWHlpOyomSl+AdlJaBgFRrI6m2VTzFnodBfKWsDNTgwu91YEZ37LzBkrmkFpIP3WgtfVlTTBsVXiSMbJMqs8nZ0mv+7bYaSSkka/xqd5jd6A7FT6GuEg8OXyyDYg91Gp7hR3CMSUrwQfVNqKQTHUHYcOCNkpxweghbD0y6A1KPLDgbDH5qtpq2ajeIqpznN4Dj2V5G+OoiDmOB9UlxHRlGfBlrzYoa45DRFJyJGjBB91XUXUl36emFvvbPFgjOBNj8PZbeShDxqwoVbaYK2MxVETXtIxuOEvANlWOV2Bnp7J1VQ4donicPbIXmHUfQNz6bqRdemJ3MAdlzWnsPZag266dJ1Rq6F/i0zznwhucLQ2rqG3XtphLQybG7HbIGsmZwU+0UXw8+PDqWaK0dUNLZWnR4hONuy+g7F1Y2rhbPRVQkjdvp1Zwvnrqj4b2e+NMscTYpxkh7Rg5WJt/VHW/wAKKsvqp/FthcGtIyQ37rPOG4y3VuDWVwfZfUdjsvWtnfbL7Qx1UErcFrs8fkvj34uf2arx0aJLz0o+S427cmnA/mxY9877f5L3X4e/GWxdUQsbDWtZNpGWk8nuvUKStpLhHplDHNdse4P3SmnHoxX6SN6yfmW5mwyMobYyXADZfbvxY/s0dL9cyPu9ocLfdCCWyMaPDcfcBfJXWHQnUvw/uptnUlukhBJEc2PI/wCxVKeezh6jx863wihZI+nw5quqCsjqWABw1DlU7gHcjZMbE6lcJqY4cORnYhUzHDMHg1ROjdEbIdlT268x1R8CYGOQevdWYaXYWecc9Gyu3PY6phjqozHKNQPf0VG6Ca2ylukujO+Qr4eUblClijmZoeMgpDjk0xljki0lY1+CDlaGirHYGVkainlt0okhBMP+RVpQVviR5BysVtWejdRqMdmvgqw/G4UyGoIIOyy9LWnOCVa09UHYWGyHo6lVxooqrUADuUUbZVPDUYICsoqjU0bJDi0zYpJktkvbCBWUMdUCR5XJwOMpzZAdkUXjkJpOODPvlqLVODgjB7LS2+609bC0ucNXBBUero4quIskHPB9FnGulttSW76QU3cmZJ1OPBqbrZKS6QGNzWgng4XmtzsNXaKpzHNPhg7HGy9Dtl3iqR4TnYONso9bb4LjC6KYAg5wccJ9Vrr4MNtClyjyaopTp8SMcb4Ck2S/Op5RTznbOASrq7WKW3yODWuLf2VBW2Z0mZoDpfzhbYXbjmX021f6tXaNbJT0lxiy5rXAj7rD9T9IywNNVE1pHq1uEez3uot9RomcSwHBB7Ldwy0l1pdtLmuHHotun1MqJpxE36fT+YpxZ/uHhT2PieWvGCFwbZXpXUnRTZ2F9M1odyCAsFU2+agmdBURkObtwvQafWRsWUfO/JeFt0M8WcIri0jsg+YvyVPLW4OOFH8MnstDsUjjfBJPJJo66WmxodgLRUF3ilw2RwBWQeDsl5j+IoJ1KZpp1Mqej0iCbU3VG5SqeulYf5jsgLCW2+y0obHI4lo7rR0l0palvleAT6lY79Kn6PRaDyeMTTNZTXVrtOHbhXdHcmu+ohYaOTQQWu/RWMFfpwCVyb9FF+j1mk8w12zdw1kZxh26MKggjG6ydJcBt5lawVwfjO65d2jwen0uvhbHOS+bVu74T2yh+xI3VUypyAEVkud1hlS4nThcpoJVWlspMtO4AnsoL454DplYSArKOqLcAlPMjJRh7QQlNNDI4KjDHeZjtLh6bKTTXKtpHAPdrYizUEb/ADRnBUYwTMOk7hLktzGqWx8F/T3KmnYNwHFKQB/ICzwGDqacFWVLWEsDJTx3S3HHQ5WZBV1opZzqawMce7dlAEdxtztULzIz0V+10Uw8js4TXQtcNLglNZC57RBouqWscGTNLCr+juoqcPiqAPbKz9XaqaXcNwT3VeKKoopNcbnOb2weELgh8LZL8jemogqPJVRD/mAQ6qz1GjxLdUtcP6SsvSXyWPyTNJb6nlWtNcjs+nqMe2dkOwerk+gsNxr7fJpqGOYR37K7t/UR21PH5FQWXCCrb4VbED7oMtngkzJSyZB/DnhLayOjLJqYbzR1DtLw0E90aSnilGqLQc+iwj6WppnF0bng/dFgvlZRuAcTt6JTgxsbor8jZCWspnEgkt/pO4Q5mUNxBbW0sbi7uG7hVVF1dQyYZWHQTsrhrqOrYJaeZhB9CheUMc4z/Er32F1K0yWuvljcdx5zj9FLg6g6jtUTRUQsqmgbkDzKQKWTs7lNPiQnBBKiJKOeg1L17ZZsMrWup5OCCFoKa4U1XGJKSqjladxh26xlZbrXXAiana15/EBgqlqOn62gBktVXK3uAHFMjLItto9cjeJWeHPGHtI4cMhVF76G6TvsWmptvhyf94zY59V57Tdb9aWRn+/UYqII9iQN8LQWv4uWGqe2CrD4ZPxZHBTVZODzFme2Cs7Kq7/Bqspw+ayV7amMbiNzcO/zWFuNjvdje5t5s80UYONQGV9D2u+2KvY2SkucbtQ4zgqxNNHNE6F0bJY5BuHNzlbKvIWQ7M0tND0fLrae2SjUO/uuOtmd4JyGHjde+XP4YdLXKMkUTKaQn64RpGfssbdfhFfKLVNaiKqEcDut1floPhip6TB5ZNT1tOdwXN9RuheLKD5wVtK6wXy1ktrrXLGAdy5uygSU8b9nsa3HOy0x18ZiHpmzPMkzzsieExwGcBWstnbJ5o2ZJ9FHdZahpyCcemE+Oqa6B/iv2isdRxO3LMoMtuhAyBhWclJVxHYYwgPeRs6M/onLWvIuWijL0VL6ZzThrSUMsc3kK1fNTbakNj6V2xG60R1qS5FS0WPxK4tcNyneb+lWXysUnm0lIW+WX+7jP6J0dbB9gPSy9FZkjslq9lLqbfVwM1CEkewVW6rcSWBhznjCbHUKXQmdTh2gwdgjZPL8DjlQXOq3bsZgIRhrHnGvPqE3Jnk2iwM4J7LjpzhRWwyDd/P3RRGQFe9+ikt3Rx1S8Hhd8Zx7J3gH0T/AcDwglLIarbB6nH803wv8IUoQDkhODA3hVll/ERBF6NRGwnP0qW1jQeEQNGOFWSfER2Q7bhGEe2Cn4CIB6K1JoOMNoLw/ZLw0bI9V3I9UfyMLaB8E+iXgn0UnDPb9V0RE/S0oZWBKpsieAf6f3S047qyhttTN9MYwpcVjeXfzWgBV8y9jFRKRRaUSKmllzobkLRttdLCMuxt6pj6m305HnDSPRErl6CVS9lXDaahxBecBTW2+CFuXYGO6jVPUQbltPGfuVUVFdW1bsb4+6pzyFiuHRb1FfSUg8rsn2VZNfJq0mKA902jtdVWyhhacHnK0du6bp6R4lkAcfTCtSyFhy4XBn6ax3K4ODnHLTyVpKDp2CliALQ5w52V1DGyNumNoaB6LjyWclFkNUY5YKKNkY4AA4CDV18VO3U54aQq+69QU0EjoWOy4DkLM1FfLVPJeSR23UFTls4RZXe+STt8KGTbuVTEFzgXclNLT3CdglMRnlKVnYQYAHZNe0vGxT3RucQQFJp6R5xkIuhcanJkaGmfqzjJVrR0jiW7KXSW8HHlVxTUGgNdp491WUa69O2Bo6EAAuburqjpmjHlUaN0MeA84U6GoaSNGD6IZS2nU02nwTWRBrQBspkTn5Aa3KZS26sqQ13hkAq7pra6mwZiB7krLPUQXbOpXDBGgpaqbB0YCsYqEgB2FErOo7TbgY/FL3DsFmLj1zWSNdDRgsZ2yslmsj/Saoy2mvqamkoW6pngYVDXdaW+Fp8EF7htgLFVlbV1btc8z3E+pTKO211wnENHAZD+LA3Cxz1svQFtjJdy6iudyeS+dzGngNKq36nH+Y8uPutzavhL1FcQyVxZAHb6XnzBbW1/Cmy29zJ7hmeb8QJyFz7dZnsQ5OXZ4rRWuruEwpqSnklkPZoW0tPwivVyLTWl1Mw7knZe0wUtDQwMho6RkbG7ABqMHO2yDj7rK9U/RNrMdY/hdZbS0GcGoeB+PcBa+kpoKWNrIoWNDRgADC5PXU1MB408TO/mdhZ24/EWz0Rcyka6pkbwGnAz90qeoChDJqHVUrMiPbbfZVNwu0EXlnma37lYmp6s6kvTzoEdJG7+jk/moraSWWTXVzPkdzkk7ofnkzXXDbyX9d1PSwSGKnilnf/UweX9VD/ilyq2nSRCDwDuUOnodWBGMK1pbRPs4gAYV72x6kkVTaKepeDUSa/1VnSWlrcENAVlDbg0AEBTqeDRjZTLZatIkFtcMZIwp8VJoHACkQs1cDdS4aQtzJPMyJg7uKKCcmLs1EY/kyLHDjtlSIYHHPlIWav3xa+FvSuBdOsaR79/5dM0zO29gvMuof7Y9ip43N6Q6ZqKw5w2Wrk8JpHrpAP8AmtX8eyX4o59/l9PR+TPe4aGaXGgZCNUusVnhFRfrvR0EZ4fUyaGn13/RfFnU39qH4v8AUMfgQXxlrgO/h0LPDI/8Wc/qV5dcbjd71UvqrvdKqsledTnTyFxJ/NaatBZJ8nH1H1LX1Ufa3Uv9qD4SdLSPgoJai7VDNv5DcRk/8x3H6Lynqf8AtndYXISU/SdiobTET5Z3gzS47c7fsvngQ6RsMIgZjsuhVoYx/M4Wp83qLuE8Gi6l+JnXnV+v+P8AVFfUtcc6DKQz/wAqymZHSZeST6lSNPuuxxEnhalp4R6OXZfZZzKTYxw2CjPaBhTnhoGFDed9k2NaRhtlyd0t9AuYaOAnJFpKNQS6AjPKO6vZOaQe3Cbp905gxlFtLyOwEkklNpe4SZk+idqA7poOVMAfJyFa3UnsamsRxHtypgNPJNrq9wkMbNwO6rXPA3IXWZOS852QZpBjAXv5Sx2fnuEMDJ5sbBQy4yORdRcTgLsceDjH5oX9xq4ijrYsgeXP5qXFFjG2PzXWQHA8qlxRYx5f3ToRyLssORw47KS3YYXQwYyhvkxthaIxWOTM5OTOk+6jPcSd+y69xJ5TUbeRi6Eu6fdJqROVcY5IOSSGTvhdAOVfRDmCkibEDZINUI3gZHGeSEYDCc0D0XU0Df6GHZRaip0NzgI9RJpGfQKoc+SeXDdgO/ok2c8DqxO8WeUufuPRSIo9wAF2JgbyMorWc4UjWw28oc1gxhE0gdk0NIG266tEYpC5Swca0g5IRQBylgLqMESYnpgIPHZQg1JOSUDGrnG67g9gmv8AJG6QjcJcpbVkrIOaVsDNbuew9VAhkfNLgjb1SkdJUP1E8/sjtjZHFszfklZbJNjI8DZ3iMYCrqqUNZv3RZ5NTshVtZLnYLPZPJsphkhzO1PPumDlJxyTlOaDn2WOfeDZxFYCAA4KGiM+kIatFD0kklRY5JJJQIS6GnVlIDuibEDZFGORdggEsj1SPCYM5R9FZH43ynu7roBDN0J/CCctqBGOOc7oJBJ2C64nXjKIxueyzJbmGciacgYUsgBowmRsGE/OHBaYRwgJcjzwhSP0jHqjFw05KgVL9T8A8IbCJ4OOJc5GY3G5CFEckAo5wGpQUpZQN2XEAbKypYBFHuRk7qHSweJNqI2buVPOM+yzX24eDv8Ai9LtXzS6fQelpJKqojpoRl0jg0L2Gy22O126GmGGvxl33WU6F6bLHtutSQcjyNI3HutfcpjBD4g+yxznk9/4fRqmHzTXLIF4uDXuFLEc7+YoFLARiQhRYWCaYPeM5OVaN4wBwkS+460uWOBABTKUGacZHlBTZnY2HfZTKOE08Q1YLjuhGQjkJUHDCxWdtpWhgwPMe5VbFEaqpBx5StDQQAFukbDZKsZvoqbaZY08bImDSN+6fPKGN83CR2aqu+V4hpyAcFZ5s6L+yG4prjUOrK0uz5GbBcp4jNK2Md1Da/VuNiVfdP0heTUPb5QcBIm9oFLc5l7RQNp4GtAxgJlRJqIaOUVzgxjiSgUrC+bxXbgLHZLcdaMcLBNpIhDDqP1O3KKwkDUTgBCA3xnZNr5o4KY6zueFnayaEtqyRJXmurgxrfKCtXSRNpKdoDd8ZKoOnqQvkNU9uW52yrysmxhoXP1MucG7Sx43MZUOM0v2UqlYG4USnbqOSpZd4YHdYHlvBsHV07KeAyEhebXq4uuFU5+TjPHYLR9UXRzIjGDhYsOzvhOqhg5Gv1H/ANODFrLOByj0cT6iUNGfdRS/JxjhX1ophBC6WQeZ/HsE6bUVgx6fNjLOEMpoRG3GcJoJedjklRy/XJgZVjbaXXUsysF88cHd08MI01ht/gxNcW+d+59gtGCKeDXjhRLcwDluNIUe/wBdLBTCOLmQ6VzLZ5NuMIhUVNJer+Xv3ihOSe2ym9S3FtROKSHAZEMbIlPG3p2xNfIc1FQC733WeEpedTtydyVnwUPAJGwWms0LaOiMknlc4aiVRUEQmnDCMhWN/rfk6IQN5I3RklLaZy6TvuNxLGuyNSurZBh8cTRgD0VPaYNZM7xuVr7TTaI/Fc3d2w9gibwRclkxoa0NGyNnCG0Z2CedlnlLJphEc+QRtJPovJ+rbw+6XR2T5YvKB22W26yvH8OtjxGcSzDQ32915fHqe7zHJO5PumVRyzHbPMtoenjLnZwt10TajI410keQDpYCP3WXtdFJUyCJjc55XrNjom0VHHGBjDQpqLFFbSRiWlLABjU0bq1p49OCVCpmEEHCtIm4AOMLjzk2Ni9oaMAYwpDAdI2QmdlJaAAFmm8sP0cYDkHsjgDCbgLqUAOSSSVEEkkkoQSSSShBJJJKAHclLJXElARwJynfhQ13JVkESc7FcSSVEEkkkoQakkkoQGeD9kB2xKOXAg7oDnDJKZAfBEC61HhR615N1hXwzVD9K9M6kn8OmA+68Wv03i1j8HY9/wA119LD7cjLOCd0PbZrrfIvLmGA+I/I5wvZmtOQBsBwFjPhha/Btr6zkzOGnbfC3ekYGyDUz4wLSCRjAXXJNGAk5YGM59nEkklRBJJJKEEhyHAzlEUGvm8Cnc77lMj2EzFdXVIud0htUQ1AOBf6K/poG09OyJo+kALN2JouV3qrjoIY12lp+y1MuzMLXBFEWd5HdRslOqHZfsUxaoxDDNd5XAqJVO8GJ0vojvHG6zvWN2bQ2x7GvwXBdTQVO6xRMWstVNbmzzTrG6Pr7q468xxktA90C2RER+M5vfZVzy+sqtt9RV6A2GJrOMDC+i6Wj4YKJ88tv+exyZHlkc6YgBW1mpDLO0ubsFVMbrl2G5WutUHhUzS5u5ATNRPatpt0FDlLcTnktGAdhsuRtJIOEMOLpGs7FS2MwBsuZJ5eT0qxGPB0d1n7xWa5DG07DZXNbMIY9eVk6mQyzZHcqRWTJdL0cYS5wGOVYwRZAONlGp2A4yFPjGOG8e6fFY4MzeBv0tJyq2qmGcKfVytY3JKz9zrIqaF00jsYBXS0Wnds8HK8hrI0VucujE/EfqCVoit1HMWtdkyEckeiwEbCTqIUy81r7lc5JicjUQ37LtPTmRwa0ble50Wn+GKR+YfqXysvI62d7eVnCLSw0fivDiFpJHCJgaBsBhCtlIynp2O04cQCmVbjrwF1oRwjx9s98jkbBNIAeFctAija0ADbsoVrp9jO9ud8NyppBJySisltRo0lTssRxvdRrncIbbRvq5nNDGDJycBSsbEZ3K8c+KvVsstSbDRSNMYGZe+65Wq1G1ZPa6Wr4oIxfVF/l6mu8tYS4R7hjT2CpnQaMFOYwgg447I2D6LzF03ZNyNqa7GN8o3XQQTynnhAB0uyPVJYUbOS/sG9U38l6/b4yy04PdeUWGECSFwG5duvXoQBamY/pSJn0XwK/wBFkONnsrCgYA0DHdQ44zoLs7Kwt7P5GT+qT7yekhEiXzIjmxxp5/JeX1/1y/mvUr7gW2YnnHK8sreZEL+7g43lu2UFVsQFIt0QLMoFVvj7qxoogIm4HKbUsHlZRzNhwzDVWVrdj91cGLDM4VXXj+U9a8ZMWuWIFWeU7GExPTEeakGppvCeMd1eRyeJECPRZ1XdrkDoNLuUEouR0NDftltCx7O3U+Ajy/moEo3GFIpnEEZKzzR6jTTxLBMlaHtGyguaAcYViDqbhRZ4CSCAs01g6WE+iMW5U22SmKcb7HZRdPukJDE4EJYUXtlk2kQEjQ4b7KNVxZadkyz1gljA1ZyMKyfCHcDlMT/Rta+WGTK1EIbKSG7qG52xyFcVUWirJI2xhVldF4LfEwmo59kNrIgPm4UljtTeFHDgd8IzH5zsqkkhUOwikUMhZKDqUcjIwhxvMbt90qUcmqrh5NRCGzNyCECemB2wgWyrxhp7qxmiMjAQpHs2OKsWDFXemMU+QNiq9rvZam60fiRkgb4WYkY6N2khaU+DzurocJjsFDdsEQOJCGd0UZZMMlwDa46gFbW6Q07tYOMhVWMHKPTVB1YwtWnlslkxXV74tG1pp2TRNcHDJUyMEnKzFBVFpG53WmoZQ8DI7LtVzUuTxXlKfikSg3ZP8MJwZkZH6IgjIT0snEbIj4wOyZG053CmujI903w98huEewnIwNwOFErbe6pZhg3I5U8DHdEa0EaRshlFMZXa4PJ59cKOWjlMcrduxVdIzHmAXoN6tQq6YuDMlqxFRSyRjD24wstyOpp7vk4AQT6HAYVhs9ocByqc5jeDjhT6aoDmgFYbYHpNFcmtkivuFGG5kaM/mql3kcHAZWsmgD2Yc3IPuqWtt7WnUwcrFJYZotpcfvrO2uvMUjdR2WogkbMzUCFh/DfGTnbCvbPd4ARA92/qUcZpGvRanP8Ap2F9oIPskcEYwiMc1zMtGQUwtRnbUcEOppvxNCheGQcEK98IEHO6gVNOdWWtSmkBZX+irladsbrjW6e6NNGTjbKZpwgFYONG5V3Zq94d8vK7IA2JVKBhEBIOQcFC3gbTJxkma+WNpaCNxhRJIh/T+6FZbg6dny8xDi3gn0VlLDqGWBV2dOM1Pop54B6KG3VE8bZVrNEQeOVGmp84wFM7QZQyKMtkb2BTXxYP0oALongY5U6MtkaE1TbM8689lHeLWauHVHgPbv8AdUVNK6nk8KYYLdt1uHxgdtln79aRM0zwNw9u5wtlT5OLr9Bu/wBSsdQ1jQ4HP3VlLTx1cXl55B9CslTyyRYDnbhX1quJacPGQVuhI4Kl6ZIo6mWjm8GdzgCdiTsrhkmsD3VdXU4qW6oxhw3CDQV7oX+DPsRsMrXCeCfjyW74cDUAobxg4IViHh7Rso81OXbgLQ4qSLbyitqYjI3RjOVQV1FJTy6XDY8Fad7D37KNUQMqWFkjfse4SJ14ETjnoy+jC7pypNXSSQPII27FRz2WaSAb28A8DuFxzRjICdpJ7Luh3os8q8gkZwLTsF1p1IxZ675CF4bgScJEoNDDrmHGyawEHbb3TmvxsQnbHBCpN9oD/Jd2m6bNgqXb8Ncf9VeGKCqhMbgCCsQ8Kztt4lpSGTZeB39ltp1HOyZkvo/+pWiTUUVRRSEx5LeydT1WT4cnlP8AmryEQXGHLXAgj9FS3C1yxyHGxG4PqtMo/ozKalxLglRvew6uymROY/BKqaatAAin2cNsqYHkYcx3KpMkoP0SaigyTNTkA+hQGPke7w3ncKZSVA+mV+xRaujilHj0bsuG5b7JmMGeTb4O2y6VNrk3BkiPIytXTRUt1jFTSyDJG7e4WIa8k6H7FGgmrLa8VFJK4E74BTVIy2V55Rr3Q6D4Ujc42wVHqrPDLGXxkNPoVYW26UfUNIASI6powQdjlF8KopD/ADGEtTorcZ1Lbw+zGVlF4LiCMEe6nWLqGts9S1we4xj6mk8haGaipK5m0Y1Y5AWar7bNSyFj49hweyNra8oY5RsWGesWa+0d6p2yQuaHY3bndWWgrw6mqa23SCanlfG5u+WleodJdZU18gZTVTmx1LBg5P1J0bfTOZq9JKK3Q5NBp90NTXRFoBIQtO4WlJNHNWQZjyEHwcE4U5sYI5TCz0VNIJsjGJpSEIajaDqRNA0odqLyVlRQskJIAGVXyQSwHD2am+o3V++P0QTTtcMFuxQOGQ1PBR4a7g/kVEr7XR10fh1EDHg8HG4V7UUTGEOiGCVEkiOfMMIJVIbXbhmKlstztOX0rvHhzkAfUAjU1wbINMv1dweVqmhQa+z0VV5vCDHn8TRgrNKrk0xt3FLVQQVMelzGvaex3WXufTE9O/5m1j3Lc7LVzWyspPNGfEZ+6EycZw4FpSpVGuvUOLMdTV+/y9ThknBaUV9M1wJDeeFf3Wy0lzZkMYyT+sDBWbqKeuskgFQDJAdg7nCXKBthbGzp8kaoo3x7uGxUJ8buMLQtMNXCNJDgf2USehaMaQEmVOeujRG1rhlK9r2cd1Lo6/S0RTHJHBTp6Rzdy3ZQ5YHDt+aRKLQzKmuC6bIycZacqNUWuN7eMn7KsiqJYHAsdsPdXdNWQ1EIdrAcBuDygbyFhwKGejfAT5cBR2y9twtRNC14w4Z91VV1s0+eFnKNRceUMV0ZLEiVZeoq+3nDJi5n9LivQ7H1TBVMYXubqPvwV5E4Pifpc3BCkx1DmAFryMehT672uJGS3TRl91fDPc3fJV8YbLG12r1Co7r03HGDNSuwD2Kxtm6yqaPTFUOc5o2yTlb603ulr2DTM37FadsLFlMKnV36Z4lyZowyxHDgfzXH08czSJGjdbWe3Q1ozgA42OFR1tongJOBozsQs9tOej0Gm10Jx3SZj6i1ywkzUkzhp3ICfT3KeEBtQM+6upKaRpzp2Ud8NKWlk4DR9lgsoOpRrccwZoOmviBcrRK0RzeLBwY3HcD2XrvTvWVrvrAyneWTYy5j+fyXzvLbHN/m0r9Q9inUl0raCQOD3Nc07EHBWC2jb0ev8f52dMdk+UfVbX1DQHwvG/ZOdKyoAjmzG/1PBXi/SnxUrqYshr5fFjG2TyvWrT1PZr3A0NkYHEcFZth7nR+Rq1EFKDDVFuqgNcIDwN9iogZr2cNxyrXwqmn/AJtLMXs50k5Ud4p612tp8KXhze2UB042buSEW754USvtlDcYzFWU7JARjJG4/NWUkMkZw9uR6hCcMDIUyVZWrOzy+/8AQlZQOdUW5wmhOTo/E0LNs1NdhzSCOQvbJQXkAt2WevvRlHcmmWiAgl534KOM8HA1/i85srPPonnZToZC7CHX2avtEmmrhIbnAeBsUOFwdsOyepZOFKidTy0T8gjlLQUNkZO/+qktBbhEg4oUVTU0Lg+nkc0j0K0Ns6uJ0xVrf/EFQuaHDhBNMJCMHCCUVI1VXTqfB6VHLS1sWYnseCOCq9pqrVP48LiY8+ZmVkIJLpQYko3F4B3bnhaO3dUUNe0U9V5JfpcD6pEonT0+rU3h8M1VuvVPXYZrw/8ApKnOblY+pogf51I8skG7HAo9p6mmilFHc/qGwcdlnlDJ04X5aU2aJ8LCcloO3dZO79K+JO+ttjzDIdy0HG/stg2RkzA9jgQfRCewZyUH9jQ6k1mJh7d1HX0M/wAjcjqDTjLhur97bXeYDHKyORrxgggFcu1ko68l748PI5CzzaK59Oz+NADURH8I5ASmhLrzwzJdS/CastM7rr0fWviI83g6sD8lougP7QlxslaLX1tBUamkN8Zxz/8ANWkoOoqKsAY8+G/gtcq/qnom09UQbxRNlxs8N3P5hKccmayiS/2z3/prqy0dSUjaq0V8dQC3UWjlv5KTf+nLF1XQut98o2TwPBBY5oI/dfGLqLrD4YVQrrXXVDYA78LjgL2T4df2lLXcyyg6qhNNLkNEzDlhP2Sp1+0ZIyjP7bOGY/4n/wBlG7WyOa8fD97aumZ5jQE4eP8Al5z3XgFVDU2+pfQXGndT1EZw5jhwV+k1sulHdKaOqoaiOaJ+4cx2VlPiN8G+i/iLTg3m3iKraDoq4GhsjSfU9+Bygwzn36GGMwPz/fBHJ5sYPZw5Raa6VFukEdQS+I7AnsvSPiT/AGfevPh691xpoxdbTufEjGZGAerV5tFUU1SzRIwehDhwlNYXJzHROD6LyOqjqWCSJwIPokXluO6z3ydRSuM1BMcf052U2jvDHkRVhDHjbcJMkSMm+C2BEjdxkehVZU076SbxIMhjt8Z4VgzSW6mHLTxunODXtIc0FKlHI6EsEekrHbZKt6OuyQM8LP1VE6M+LAT5eyVHWuYQDue6yzo3G6nUqL+42sNWCBnCn09buBnKylLWOcAc5yrOCcjBwsdlWODpV6lGqZN4jctPCTZSw5VLSXAtIaXYyrNsoe0O9VknDDNcbdxOjqdWAcBKtoYKyLQ8AHs4chQsgEHKkxVJdgO4VxTQ3iawzP1FNPQylpJGOHBXVrvrCwRVX1DbV6qRU0sdTHoePsVnquhmpZMFpIHBTUjNZDY8o2ThRXGAxSAEOGx7hZK6WKejmcWNyw7ghEoblLEQzUduy0lHWw1kQjlwdu6dGTiIxk8yr7JHUuMsfleeVEt10q7JUGKUOLQdwt9erI6B5qKcZY7cgdlnbjZWVrMjDXhaoW/s5uo0n3fJSuS7oLjBXwtkY5p1DhVl96Yp7kwvaA12NnYWXgqK2yVfhu1aAdwt5a71SV1O0uIyR+a012yi8xYixx1kHVbH/J5HeLFPbpHEedgPYcKpa0AH1C9yutopK+EgMbk8EBef9Q9ISUrTPAzcc44K7Gm1ifEmeX8h4J0x3V9fow87SDsMKMrWame0HxGYUIwHGQurCxNHkNTpnXLKQDJRYquSFwcx+nC4YsdkJzdsJuTM1Kvk0Nt6gZqEcri7P7K/hq9eC05yvPGjB1A7hT6G5VMTsOflqTbSpm6nyM4rEj0OCuc0jcK2pLn+ErC0V4gkAD37/dW9PV6sHsVz7tHk9JofKyUVhm2p7gX7gKxhquCQFiILjIw4Y7cKypbrj+/eubfo0lwj0em8y4rlmyiqIHjDyMp2octOQs7T3GJ2MPzlWFNVEnU3cLk26WUWek0uvhbHOSzbOc4xwjtLHDzjZQY6uIHD9ipLJ2HAB5WPYdKFyYSSmhcMxu3xwohhczjdWDWADOEN0WrgZSmjTF55RFikfGRoOAp8NU1wAed1DkY4cBc37hKccDI247LFxa/ByNkzR2z+yhtlLCAjsnaBnHKpwb6HK1MbUUcbxkNx9lEFLo3aSPzVm2Rp5CG6Np4OEO1F5REZLLEQMu/VS4q+dhDmSEEe6F4WcnCGYiSl4QyNkl0XUN71YbO0ffCmMNDUnUQ3J9FnBE4DjC6A8cOI/NVKrcPVn7LupsVPUHUwhufZRpLPcKaM/KVbiP6QSEClulTT4BdraOxVhFeongF+3qCkyhgZGyL6BQXnqG2MaJMysHqMlXVH1nRSxhtVE5rxyMJkckUwDmEOHdcfbaGc63U7NXfAS9rGfI49FxDU2uujEjKhoBHc7hPfQz7GJ4czkLKzdNuc4mlqHtHomMqOqaDMEcxkY36d1W0JWGimL25jniJHfZUFd07aLgXObE2KQ/ibscqVRdbGFwp7pSaXcay1WkNd0xdH4mlEMjuC3YJhJNTMLN0z1Dbsuttf5QctOSi03xD63sMoZUzSaWbZOSCPut1NZLhTOPyZ8ePGoDOct9lVTTUoBhvlskhYe749v1VPADqbWUS7L8eYWYjvVvDYwMa2Hk+pC3Vp+KXTNZH4sNWNJ7F3C8ol6K6duuXQSNLH7gNdwqet+HV1oJSbRWERnfCGUN3Qpxug+Vk+lqe92OvibL40bg4d8FQ6z4e9KXSMyCliaX7lzNsr5tA60sDNbpJJY+/hk5VlQfFq80EQhqDUtx6uTIN19Fxsjn7lg9XunwTicTJablLGOQzkKgn+F3UtCT4Ub6nH9O6L098cmPjijnqW8b6uVqqP4q0NZMIm1bRnvlEtXZF9jFKEvxZ53VdNV0LSyutdVG8c4iKjNsNO/wArmBv/ADNXsw6pttxZ4U4a7OxPJKDJT2CqAaIoyT6gJsdbJh/FHs8dk6PpJPN4tN+i5F0hRsdvJBj7L1CtsdqwTDTsd6gFUtZabcwHxLdKG+rDq/yTVqpMnwIy9P05bIyCZYDjkY4U5rOnaUhj6im1egUa7WXpWvb8rO2eJztx4jXNH7rMV/w16XmH+6VlVE/1E5KJaiUuxcqnD8Vk2uiwyDZkZB/whV9R0d0zcTllOGSbnU0YysOfhjd4v5lh6qnif2Ejj/1TnWP4rWkiSOpZVD118/smPU2emJaiv9yBoqn4W22cjTVvZj+lUtd8MrnTSkUsrJI/wnuVFb1f8QrRI03Pp6apj4Jibx+atKb4s0sIDbha6qH/AJjlOr190PYt0aa31gzVb0Tf6Yg/JGQDnRuqqW31FK7E9PJGRyHDC9Npvih01UkNfO6LsfEOFbw9T9NVrQ1tyo3g9i8LXDy9sewP+G0z/CWDxlrWtIDm4Ke4MOCCF7K+19J3QZEFK8+sYGyhz/DfpyrP8vMZPGXYWiPmIf1IW/FNfjJM8mAHYpmPdenzfByklwaermZ6ebZQJ/g3e4d4rhA4fh1cp0fJVyEy8dZEwAYUdsJONuVrJfhZ1RDkukhcANsZVfP0V1VDjELZADjDeyZHXVP2L/hWJ9FSylzycI4o43jS5yl/7M9TMb57a/8AIIRsvUbTg2yT9Ci/m1fsNafHaZ2K0xO3DwM+6PHZYScukGEJlpvjPronhE/h13A/uXtVfyYz4iy/gS6iyUy10EbcvwfzRRV22laG+XbjZVUtqvMw0hxI+6B/s7czuR+pQuXvJPjmukWk9/oojiMb9lAquoKmX+7wAgSdO12R5AU9lhrwM/Ly/k1NhKH9TBcLnwV9RW1kzv5kzsfdNawvG5Vk6yV5P/Ypdv8ACjRWSvJ2pZB+Sar6l7J8E32VcVE6V2A32V5bbCGYdP8A5K3tVjfCBLNG3OPKPT7q0+Sf/ThF89f7LjpmV8FJDTjDGgIhaBwclSnUrmYyFV3KesgdopYyXAc+inz1+mOVLXR2suEFDG50z9OB6rHXLqWqrAYqV5a08n2RKm2VVTIX10z3EnOOyE2hbF5WxnA74RK1MXbCzqJW6Xu8zwSfVEjBzsMqzbSjuzARm0jSR4TBtyo7UhT005dlfHC6TA0o0dJk8q2pqIAguZ+StYaKAtBZCXH2CJamEe2HDSMoqe2klp0/uremtzGNDsYKn09puVS7RQ2yaR448uy0FD0D1JU+araymYBnVIcJV3kKYdsfDRy9GYa1lOdORlSo3TVDQ2CDX9lt4ukOmrbpqLpVtqZeMRZKP/FIqUiHpnp57Xt/4j4x+qwWeYqjxE1V6Rr8jPWvom8VgE1cxlLHjJLvRXsUPTFgYA+ITyM7oE9p63vjiZnSgOP050gJ1P8ADS9SEOrZ42tPPm3WG3yu/wBm2qtRINy6ykkkc2iiETfbCoqi63CsyHVD3ezSvRKD4aWiIg1b5JHemdle03SnTtC0OhtrC4dysF3kFLodho8Xgsd6u0wZS0Mp/qc4LTWn4RXetcx9c807Dycr06KaiogRFCyP7BAqeozHtJUhjQsktZP+knRVW34WWC1uEk73VDgP+IcgLRww2ega1lNA3Lewas3VdV0ETsvrC4nkKpn6/wDDcW0dG2QerxykvU2y9lYyegurZHDVFsPXCjPuVJAdVZWxR+pc5eYVvV19rcxxziCN2+mMYVbiqq3/AM6Z7ieSSSg+dvsJQ9no9x+JFjoCWwsmqXNOPK3ZZy5fEDqC4uIoYo6eI/T5clUtPaXOIJH7q3pLTpAzsrc9waiipkgrrm8yXKrkkJ3xqOP0VnRW2NgGIwNucK0gtjQAcYUtlOyLBARJNlLCZGpqM8acD2VjTW+A7yb+y417GDOnZQq7qKz2iPx7hXMhZ6uK0QqcukFO1VrMmXYjp48BjQMe6ksGoYLtI9SV471D/aM6UsrnR2yjkuUrTjBOgfcHB/yXl3UX9oXr29NdT22s/hUJP/APnHtq2WuvSWzfRy9T5jT0rGcs+rLhebFZYhUXS90lOwd3vwvPL/8A2mOhLIZIrXT1l1mjOMRsMbT76nDj8l8oVtbcLnO+quNXLUSyHLnyOJLihCHGCVthoP2cHVfUdi4qR7Vf/wC1Z19XOI6doqG0M30v0eNLj3Lv9F5hfuvus+pnPN9v9XVh51Fj5Do/RVGM4ynOYNhwVuo0NcX0cO/yN+qf3yI7WEkEtRWRnbZFbEMjbKKIm4+n91uhQo9Gae6ay2R9DSNwu6QjFp7rhGE/ZgW/7g8BLARQcrmpQvILSnEBoTy7bhR5pA5uFBdk8IDNNp4UYZe5dcC9+Mo0cPBIUSyZHLJ1rNgSE7ATg08J4j74TVEMZgriPgAIJ5RYI5YOJqdnfCapgX8mXgHv6p7Rg8rqI0HKDBa5HMBwpDQ4bYXIo/ZSGNAHCLaOiiC9waDuOFDfl5xnCc/LyN0nNJxsvcNZZ8FSUVyJkYP/AFUmCPS/ITIoyp0MenlNjDIucwsTG4T2hc7BckcMLTGOFkRJuTHvfpCil+/Cfr3x6rgAHHdWFGIJJd0+67oKvAQ9NHKWCnIiDgBhLAXUhuoQ6BlFZHtkpMYOSEVX0KlLIPT7pkh0hEcNIzlU1xrtzBE7fuQrnLAVUcyBVtW6pl8CA+UfU71T4o9GMd12kow1oc4DPKkFnbGMIYrPI9tJHGdkdoACGGkEYCf2GU9LIt2egmAupJIyD0xPTFCCQQw90ZcPChAI5SxnddP1pM3I9kuxtdEHs8oGpQK2p8QmKInA5IUqplayMZ5PAUAM1O1ELLOwdBfsJTxjYIVyqPC0wMO55RTKIWknhVUjnTymQ8ZSrJ4QyMOUzszgyMuJGVTyOLicnKlVk2CGA5BCgrLKWToQjhJnMb5R2AYB7pmN8pIA3yJJJJQsKkkmoUsklLaOXRyuNBO66Aco1HIHoIB3XVwcJHhEltJ2KY7jBT4W9yEHBLlKYMNCoHJxwAGyiybjCPIR6qLIUiwJLKGD6ypMQ2GUFm54UmPAAUrQTXGApAGwTBynHdcefKtD4FSTQ2d+AMEcKHgk7p0rjq2KewbAhIlLcyLkTQW5XdZccYwn5AbwnUUXjzg42aUm17UaKKXfNQRYwRtijAAxkZJVl09azc7myIgmNh1OwOfZQJh5g1nPGF6f0VYXWqifJUAePOATtu0f9Vz5vLPdeL0ktRbCtr7Il5RwMpKZsTQAGhUlzqJpqgxl2WjgDhWtzqRBGWsd5sYCpo2OkfqO57rNaz2cpcYj0HghaxoPJUkHAJTIxthcq3+HTkjkoSxRN+ZqWtaMhm5VnIdI0gcjZBstN4VM6Z4yX7hTIWiSoYccIJy2mqmO5h7fAYogXjzFX1DG1sQPc7qvjZqkawN2VuwNYzZJbydamO0c9wa0knAWNvlZ8xVCKN2QNytDd6xsNI7JwcbLHA5cXnclJmy7p5/00S6KndUTsgaM6juttFE2CJsTGgYGMBVPT1vEcfzcg8zht7K5dws1rwsmrS145AVLzoLB3RqQYhB7qM45kClMI0Y4yFik8nQisskDPIVZczLUV0dOwagAAAOysTK2Clc4j6AoPTsMlTUS1kgO5OM+iRY8Iclu+001LE2mp2RNwNI/dAc58khLiizSY0geibGBnhc657mdCCcVgkQswModxq20cGsuCIHhrHEjZY/qK5SP8SPVnHASoRyS26NMN0imudfLV1Li92QScKHO8Qt3G5XYjqJkc3jhQnPdUz7774AytkIbVk8zZZvsf9ywtMZrKjBHlYclaN7gxoaOECip4aSlHhN5GSe5KYCZ5A1uQs1s8PcdXRVYWCbSN1vz6LUWSjw5sj288KooaZmhoA+62NppwIw8swAMBcnUW7md6qO2OCxgYGRE8bKot8L7vexO8E0tL9WeHEdlIvtW+ko9MQw5408pznx2Hp6GMH+fWHOO/wB1hsY+KyVvUdwNdcDHGcRxeUAKCG4AQBqc8lw3J5yp9JTmWVrCMg+6OAJZ2aNjIzPjLs4VFe6t9ZWGNpyAcFXt1qGW2gLWEBxGkALO22Lx3GeTkHP3Vimslzb6baOFjdzjK1EbMNbGPwjCq7LTkB1Q4bcBXcIxjbKVZ+hsYD2AMbv3TJCIwXO49V2Y5xhZ7rS7/wAMtTsHSZDjlKjHLClP41kxHV96fcbq5rXZhi8jR2yO6rKR3maSFGYDO/Wd8nKurXRtmnjYWbZWmK2rJkxunuNd0Ta3TPNRI3DM7ZXoVPGHOAGwCprNStijYyNmnYDZaGCPwwNsZXP1Um3kek0S4GjbbCsGgABRKdpGDhTm/SFzZ5ZcnkcOVJZ9IUYcqSz6Qszyy0dT0k5QoSSSShBJJJKEEkkkoQSSSShBJJJKAiSTUlChySSShSWBqSSSgQxcPC6mlwOwKtFx7AOJzjKHI4hPduUKZwa0uzwnVrdwaI4wYnruukiBjD8bYaF5hJmsro6Vo1vkcG7dyThavq25yS1sxc7YeVoUPoC0G49TxSub5IMvJxxsutW9kMAS7PVrHb2Wm0U1IGAOawE/fCtI260GQ5fpH5IsZLVjslljIpYOvGE1OeQU1JDEkkkoQSSSShDh4KzHWNXJDa3tjOkyeTOVpi5uknOywHU8slzvdPb4nh0TCHOHumQKJvTdG2jt7GBuC4ZJ9VYVbsMDcp0bWxRBg2wFDqZMnC2VogEnLspztkxpyUR5AAW2pZZTeEMM/qMLyr4iXdtTWijjefJ9S9Iu03ylFJVDfQOPVeH3ipdWV0krnZLnE/uvUeE03+rvweY89q9lWxew9npzl1Q4bcBSaqbTKGD0TqdhpqDWeVBDjJJrznJXuIYSyeHhN5wXNsgEtQwHfda0x6W8qm6epW6fFcOFfg5GQuTqrMzPYaCrZWmwMLMyZxwpmBjHGEJjAAhVcwijyDusxvlLaVt2q8hzAduAqYjJB7o9XJreSTzuhtGXgLRAxze6WSTAzGFLcQGccIdOwgArtY8iA45WmuOWY75bY5K6vmDiACF571/fG00baCN3817STvwFrq6p8KF0zj9AzjK8Yv1e+53WWocSfMQPYL1HitLxvZ8k+uvqB6ej+PU+Zcf9AFLGXP1Eb+qv7LSGSoaXDyjuqikhJaMclbK00nhUrXOb5iM5Xq6Iez4PqbfRNOGN0jGygP8A502kBS59tieybQw6pBtytnEUZYR3vBYwAMhaA3AAwudyfVEOB5QMAKLca6G3Uj6yf+7ZysWosWDu+OpxJIz3XfVVP0zazIH5qnf3TB/mvn4vlq5XVEz3PkeSS5xyStD1jeZupbs+r1OEDfLG0nt6qlZGGjYYXndVfvltR61R2oEGgJEDC6RhLK5uCsgyEPhwRyByh9/zQPoOC5RrOmmB8kAPqF6xJgUoY0YAaF5V01/fwD0IXrL4SYGtHdgWaZ9O8FDNJHawCi1d1YUTAKZqiCMiiweQVYULHFrIscjlIfB6KtFL1O4xW94x9WV5jWf3jh6r0rrOoZBTeC7knZedTsJfqwrhg4Hlu2Z2ty1wGO6tqZv8lm2NlWVjQ+pcPQq50mKjGR2C0RWDzcFmcmOIJB2VTXD+W/7q90gsG3ZUlxGI3/daocmLyMc15KddwUhyjgNDM4TIpM8pJAwCeymUMzo5msxsUGBoeTkJ+nwnBwGSi2fbgGux1zTLx8YIyE2J+HjZDpZ2yx4Dt+CCnnykLJZE9Vprm0pllAcgFKobluwTKI5wprm5ZkhZJxyehp+9JlQ9hB32XHt3ClTw+YYTRGCNxlIYzGGGtcz4Zhg7EYWwpZRIwEnOVjIvK4EdlfWqtALWFSPLNVE8cMfeKItBna1VDqcVFIXu2/0K1lTG2qp9GOVn2MNLUugePKdk8DU1f1GeMZYS07YTmqfdqMNd4kbceqronYduOVRha2MltGQmP8pzhGjwQmvHohfI6LygtLIY3A+i0NJJ40WPZZhju6tbTWlkvhvdtxugjE1VWc7WSqymDvw7LL3ehEZMrQtpK3xG7DsqWvojKC07JsGJ1dO+JkQfVddsi1sBjmLQMAIDe6OLS5PPWVut4Y0jKG3MTsgco3O6YRkrRGfJlaJlLOfTC0tqrtmNJGcbrJxZDgFaUzg3G5XS092Ozja/Rxui8m9o3NljyN1Lc1pAAWdsdxDj4BK0Me+2V1q5KSPn2ojKibjJC0BcdGCMZUkDbjK6WZ7J4lWFcYiHZA2T2qQ6L2QywoJLIxcixnY8FUfUFgE0JqKYbjchXoBHZPwSMYSbK8lxvlVJSR5TVweHnUMEKNBO6N42W36nsLPANXCO+4WHfHg/SsdsGel0WqU47olxTytmZg4Q6mnDu2yhUkhjcBlXTAyRocFgtryer0dkdRXhFDUUfcN7KvMZicMNx9lqZoA4Y0jhVVVSHkBZJJpjXQk8osLRdPExA4bq6a0O3AWG8SWllD4zhaq1XBtRC3W4asI65Z7NdNssqMiURg4Q3AEI553TE46DWSBNTjOQFFkixtjCuTGCDndQ5YCDskSWehc4FWWELo3yFLkhGM4UXwi0pb4AUWmMZPLSzCWN24/dbO11sddTteCM4BWNczOM7qTRVklDK2SN2AOQqyaKbNsjV1UAzkBV7mkEghW1PIyshbIMHUEKqpNsgbq8ZOlFb1lFPLTatx2Qo3OYdKsHDB0kKHUU55aFa7FzrJDB4jdSjzRngjhCglljeBq29Cp5DXgH1T4T2meUfTMtdrUQTUU7Mf1NCgQTOi+62EsBOBjIWYrqF8NS4Nb5SchbK7TzWv0Man8kSxttzbKBDK7ccEo9dRiobrj2eN9u6z8eWcdlf2+tZPGI3HD2jG/daoWfs5di4wOtlwcxwpqo7jZpKu9TXjAIVDV0T3PE8Y43wpVBXNkdpccEbEH1W2u30I5jLBLmhxuAo5YB2VlgEboMkId9IwtTxJDNu4pq+mE0BwMlu4VA4FpIPIWvkiI20qmutA0AzRjB7rNZX+jNbAp9IPZcLARgbJ+l3cLizOIpsAQWHjlOABGCilodsmlrmYOEqyBaeSM+MgjC41HIB2KHp2JyszgEdyEPBzsu4IPsnAAhD0G+uQ9FcJaN4ex7vtlbG319Nc4Rq068bg8rDlmO6fBVSwPDonFpHoVqptaeJMyXUqbzE1Nxs+HF7W7cjCq4JpIpNGcjjBV/ar5T3GnbBOQJQMZO2UKvsxe8ywAAkZI7FbftksxMnyOD228AIZBJwpdLO6mk1YyCMEKnzUUbsObjH7qdTVTJhp3Dvfuhc8di7IZ5XRbzU8NXEJYiA/2URkjoz4Uw9t06KcREY47qS/5arjLQ7zDfPcI0xD7IuiaGTxqR5Y7kEHC1Vk6uhq2i3X14bJjS1+MZWVDpIHeHJuPVFdTRVcezWk+43TITcQJVRn2b6ot9VSAVFA5skJGRjuns+WuMOh7AJBsWkbrJWfqm62B7Kapc2WjzjDhnStlHHRX5ja+xztbOBktzwVphNS7MFtU4S4XBnLtYqiN2Y3NLPfkKi8GWklDopCx7TnU04IK3cVdiQ0tzhDXjbXjYodxsNJUMMkbBnnIVuLTyiV3buGSekPiE+YMtfUDgC0aWzn9lvWxa9+y8PrbW+F5ZpJ9Fd9JdZV3TxFHWx+LSDYBnLftlPrtfTM2o0ilmys9W0EcjCRbnYolvqKW6UrKukna9jxkYO49ii+Ec4wmp7jkPMXhkbwR6LugqT4WOQueGPRWWRfB91zwh2P7KX4Y9E0xn0V4YWUQJIw48IEtHG9uCFYPYcgkLjmA4wFGmWngop6F7CSxuQoTwQS1w3B4WoMY7NUartTKlmpgax47+qBwyHGxmfa3Krqu1QySmQDTq5AV1NRT0rsSN27FLw2loOAcpLgaoWezJ1FHUUpJaNTfRR8w1I8KdgOeQ4ZWskgY7ylg/zVdVWeKbJYMFLlXk0RvUDIV/S8jf94tGWu5Lc4Cq2TZd4VQNErDhwO262ggqqF+cFzfRRbjYqK7j5iPEcxHI23SJ1tI01ahy7MvJTNe0HCrqijxwNlYyGsttSaS4ghucMfjYhEDGnnG/BWWUM9m2E2uUZmopnsOdKj5c3ByRgrTyUrHg+VVFXQSNJcxqzyg08o0xuT4Z2ku+kCOpycbagrhro5Yg6NwIKzIiJJa7nuuxVVZbz5DrYqjJ+wpV7ui5qaCKUHLRnGyqJqOaMnLdlZ0l4p6kBsnld7qU4CUYPCjW4ibjwZ8tc3lSaO4VVE8Pgmc3HbKl1NvDwCAoFRRSNIATISdb4JLFnZvbB1244irDjHdbOlr6S6RaWPa7IXhcbzFsFb2nqKqt0gdHI4DPYrVXfF8SFqtx6PVa20ta0vY3ZU8tuimyHAD8kWy9eUtW1sVYBk7ErSGht9xj8WllbqO+xTHTGxZRsovnX2Yee2VFMS6Akj0CrXvBcWzswfUBbyWgnpXYezU31Cqqy0U1Tkhoa4+ix3aQ6um8i4v7jKOp2g6mH3wCrizdR11pkGiV5APBKi11kqoSXROOBwq0SuYSyZu49lzLdO48HotD5XHEXg916O+JsVT/ACKxxOAt7T1lquzA+GRoefTYr5VgnfG8SU8xafY4K11g6vuNEWCWYkDg91jlQ/R7nxXm84hYe/y01RE0587Rx6qF4nm+nus/0/8AEeGoY2KqcCODlauKe2XRgfE9rXHuCl7Gesr1Vdn4sjOia4ZAQ3R4GOFKko54N2+ZvshF2NntwUqSNTW9EGpo4aphiqImvaezhlY+79G+A81FsAIO5YSt25md8JgaEKs2mK/RRuXJ5Zpkgd4VRE6Nw5zwVJjYJAMLdXKyUdyZh8bQ71wsnU2Ost8pdEHOj9OU6u04t2gnW+ERhCccJnhvByGZ/NGExOxACK1gcMgZTspmf4mngjxVc0Ozoth78o8tLRV7BJpDXn8TdnApSRgDduUOMgHDcDKBjY8BIKq62s+WT5iH+knJCuoaihukIdI1uo89iCqgOyN0wwhzg+J5jcO7UqUMj6rHnE3wXzZrjaXB1LK6SP8Aoccq+t95hrYhqwH8Ed1jKe+Txu+WuIJI2DwNiFYimjq2iWnl0nGdTe6U4YN0dRs/B8GqkDXkad0OSnDWgkAqipbpV26URVg8SM7B3otBHPFURh8bgQfRJcTZCzeuTM3Xpps0jqikOh530+6i0F6mt7/la5pBacZWsc0dlCr7TS3BmmZgz/UBul45DlFrk6RS3GnxJGyWN43a4ZGFgOp/hfQzF1TY2thecnwgcDPstA6K4WNwbq8SnJw0jt91Mp7m2TGog57qSh+jPZXGz8kebdPdbdb/AA1rQyGpmaGnJhe46cey+ivh3/aS6T6qay3XuI2+t2ADjlrz9/07Lzm6UdsvEHy9fHrYe3ofVecdR/Detoiazp2q1DkNJw4JMq8GO2iUOYo+6fBpq6n1x6JoZRnB8zSF418UP7MnR3W+bha4xabkCXeJEMMk9nAf59l4V0B8feuvhvVC33QTzUeQHwyEkEey+pOhvi70t8R6cCzzaK4Ny6leRr/RZ517jO4KfEkfF/Wnwn63+H0xZcre+opcnRUwguY4fdY17aao8k0el/uMEL9JKuOlqonQ1cDZGO+oeq8P+I39mHpXqeSa69OD+G1z9/5ewd9//mJO1ma7SRxmJ8m07qmgfmNxliP4SePsrOnuFPNsDpd3aeVYda/DfrL4fVGi6UZlpi7S2YDYrPRRw1jdQw13cjkFBtMTokmXGA5Q623YBnh/MBQ3zVducC4+JGds+itqOsjqIwQ4HKVgHa/ZWU9VLGch/wCqtKW4PdgE/uo1XbmPfrj8ueR2VaJZaaQskB2/dZ7Kt46Fvxmrhq9WHZGVZ0dfhwa92ce6xtPcNJG/Ks4KwbHCxWU4OhRqUzZsn8QAt3Ro5Sxw2Wdobi5hDdXKtmVLXjPKRtwdCF+S6hqg7GSEaaOKpi8N4HsfRUbHlh+pTqar3GVT4H5UysrqCSmfqAOOxQqWpfDMCX4WkeYqqIxvZnPdU9dZyTmMhWpZEzrT6L2lu9JUxiGYjcYJKFWWiGQF8GDlZQGemkxv5Srq2Xt5xE48dijy0Ka29lXcrS2VxEkY1DuQqOahrKGTxITsP6V6O+GnrWawBnCprhasg4GAPRNhc+jJbQpS3oq7J1E4vFPVADtur97aKrjOdO/6LKTW7wZNYHupFJWGAgEZC0xs9gpY4ZDv3SNPJqfDFgnJy3hYG5WmpoXnxGeXsQOF7PS1UczcO7qNX9PUlwjJ0N1H25W7T6ydbxI4ut8LDUPdA8OdF6DlRpIi3cD91t790nUU073wM8vphZmekMf1DddvT62Nh43XeL2NwkioIOTthN1aSABlTJWD0UYxEdlvhbF9nEu0k6llHWPOdQ2U2nuU8ZAdJ5VB47rjgT3TIwUzOpyj0zVUd8iwA52/3VvDWCUAjGCvPgS05B3UynulTCRh+R6Jc9MmbdP5Cdbwz0CCoMbsg4+5VrTXR7ABnYe6wNDfRkNqCfurqkusU3lj7e651+j3cHoND5dRklk2sN0gl2c/dT4awkAsKxcNQNnKxpLlIwjB2XIv0C/pPV6PyrX5GsguUwdgu2VhBWMkAHdZWOvZJhT4apoA7LmT0riz0Gn8kn2zQtMb/wD5qG9gI2KroqwNIOVLhrIT/eOwsllW06Neprs9nHxEEFIPKkGSGRvlOUPwsnYJDW01xftDmvKIx+Dyo7mHlMDznvt7oGg/kfsnkghJrByAoTag5+lHEgwlODfQ1Tx2S8NxnZCc1p2TMj+pNaSCh6GKWTpi5KC5pG5UoNBGdX7JFoPZAEngHT19RTO8rzj3KnUt/JkA8TPqCoBhDxwo/gFp2AVbUGpvs10F3Y4DO+VLbWNIzjKxHizwbtJIUuG9BoGpxyOxKrYhiuNfooKoAzRsJHqFAqumKSZ3i0svhZ3USiulPLjL8H3Kt4pg5o90LTDjYmVxtV7t0bpLbcTrJyQHc/kpUXVFe2L5W92l1ZgYJDMg/qpgcRk5TGyZ5290EoNjdzQFlB09ez4tDXttsw/4RfowfsmPtHW9sc6e3zNrYwMjPmDguTUFvlk1hrdZ74wV2J18teJrXc5g0cMLsgIUgla2Qp+s7zQ6De+mJI2cF7Isj9Ez/aD4bXSTxK2le17hgkMx+y0FP1d1A1pbXUsNS0j6Xs4RJZ+gLxTf+++mH01QdnFjiRn12wqnFsPKfZm5OiOi7qD/AAq4Mj1eZmX7/oozvhVe4AJLPcmzEbhudx+fdXTuiPhlc2+HTXieheN8ybg+3KCPhz1rRt09I9Z/M0rQHN0lw0gk4G2fQoNrBca36wZ6a3fEmyue59PNKGb+XP7p0HxEvdCWtuFNKztytM5/xktjBHNb6e4Fg2eG7491Xv8AiLcYyG9U9D1GBtJowf8ARHBteiKEVzuHUnxaomgNqDIw+5VxSfEi1VAGK9gz21LOy9WfCi562VFlkpX8EOaPL+ahPtvwwrQDTXeOnJ9XaSExcltuP9SZ6DB1HaK/zPkjl9M4Ka+lsdU8vLCwn+k7LAxdHdOTHNu6uaD2AqCP2Uk9G3mIA0XVgI7A5d++UwFXLJrprNTPdmnqpWH0BKiS2i+w+amrHOH+JURg67oR/LqaepwOcHJTP9rOs6HDa20PcB3YCpk0Rvjj7i9+d6ioNpoI5R323KizX0u2q7C4juSwEFQGfEGoBArrPVD308KdF1xYajAml8A+j9lNwMpVzZHdV9JSnFw6eiZn/wChALsVn+FNTvJE2ncf6fIrBldYrp5aeppnnHBwmSdPWqfcwRb77YU+QpVxfRG/2U+HEpBpLs5h9PGUmPoixvA/h/UNSB7THCg1PSNq5bDpPq1Qx0xDGT4NZVM+zyiQEobekaZnS9waQKXqirx7yEhSm2DqaIBzOoRIRxknKyH8Ir2b097q2Ef4yuCHrKAZo78HY4EhRlJNejZfK9YRbGuY8D1T2/7T/i+X29liP4v8R6Z2DVU8o+yKeq/iHGAZLfTStHo3dTJHP+zNt4vUOPOISPZD8e6n64WfkFkWdedZRf33TwcByQwI8fxJuGQJ+m6oeuGBXlkUv7GmJqXfXA39AmO8M7SU4J7jSqZnxIpnY8WyVzT38imxfEGwz4zR1TT31Rqb5LphJ5J0dNRPxmlaD9kUW2idj+SEKHqqxytDxDMAR/QpUN8tE30+IM+rUDvtXsLCBGx0bhlrBn7JzLKR9DQpQuNvO7JcfcJ4rGOaCx2odsFV89v7Jgh/wmccYx9kv4VUDjT+in+JVHiHI+674tYNxDv/AMyr+RZ+wfiX6Ks2Socc6T+SX8Fqm7hmSO2FbeNch+FuEvmLj/w8ZRR1Ni9kVaXSKoW6uaNJowR9l0Wiol+qhZ+bcq0+Yu/cgD7IjJrljJna0n2RPV2L2XsSKg9N1Dv/ALGU5/8Atab/ALKSnmzx/srkTVgP8yvkH2KXjY5r5j/4kP8APtC+NIpv9kxkZtTPtgKQzpKnI2s0DT7ABWDqjj/fHn/xLjahgO8/6uQS11svZaoRGg6RhBBFsi/PCtILLNSEfLWygB9xuhfxCnjxmui/8667qO2xtDfm2O/8SW9Xa/ZaoSLBlFdZmBhfSUw9YgAVJj6fhlH+/wB3Dh6alnZeq7ex+84P/iQZeubVE3eRoP3SndZLthRqx0amntnT1BKTHA6Yju8ZCmitttP5oqVjT6gALzmp68pj/duyO3CgSdaTSj+WCD90uUmw9mT1F95pfthV1X1JTRD6sfmvMn9Q3ad38s7ILjXVLtchcc7ndUl+y1FI3lT1nTMdhs5VTWdZ1Dh/IkKzwoXOA1jdHZbycZ2RYZfCJEvUF0qAf5uMqFLLV1OTK9x/NTYqAZzhTI6VjQNt0eAJPJSMo3vcMt5UtlqkdjQ3f0VsyBg20gI8RxtjCvBSK6KzEN8zgM/sp1NbYYznOSFLa0Hf/NV1z6x6bsAd/FLnTRaRvg7pkanLpEsuhV+TLaGljjA8pR8RxjV2C8jv39ofpyja5topJqx4OMatAPvnBXnV7+O/Vl1c5tIxlJGeGtOcfngLZVobZ+jm3+a0lH5SPpWs6gt1uhdPV1UcUbeXPdhYDqL4+9H2zMVB4lwmB+mM6Wf+bf8AyXzjXXi53eV09fVSSuccnLtkBq6VHi/dh5/UfU8m/wDQjx/c9G6h+OfWV5c+K2iO3wu4I8x/0WDq7ldbi8vuVxlqHuJJLjt+mUBwJAA7JAHK6dekhV+Jwr/IajUSzKTFoBG4yutYAeE8N25TgzPdaoxS4Mim28s4GjuE44IxhIjC4ijX7D7EugZOEsFFihcSCU+MVEnfQ9sY5wiY2wjNjw3JCYiCf9wTm+65p90UkeqBIdewOEYLwhrvKfVDyQd907Sc8oUhDNuUAiUh0sga3A3yq57y4kosshccJsYJKsVKW4TIt991KY3ZcjYMIrWpsYgHMBI7JLhIxymdBN4GPf7IbjnsuvdkobnH0QipSy8HAclP/ChhriQcIzGkYCstQ9jGtdqOymRR7AkJrGtxuFKYBtshSY2AmN4yEZrdtghjlFbsOEyKyMyiiDSThSIYhgZXGsJOyl07Oy9wq8s+ASmchixypWkAYC6I8AHC6QAMkp8Y4ENuTwcJwCor3ElPmlxjCa12rsiYUYnR7lDaiJjOVEMZ1oJIPZEAGEgO66tCSwUcwF1JJAUJEjZuCQuMZkjIRmt0jYq0gZPAQcJEgJKLUS+BGZCcgKN4WSktzA19Z8uzUBv6KrpacvlNRI3GrcBNlfUVs+pwwz09lOiZkc4wlL7mOcfjQ9owAAntBGNtkg0gjA2RAE9LCFSnuEGgDGF1OXVYAkkkkYYkkklCDEjskkhlLaED1ey6/wAkbnnsnBozyo9bM0t8Jp37pNk1gKK5IkrnSP1POc8JwAxhDA3TnvEbC4jKxyY7GeCHWT5cYARlRJMQ05BO6ThrqxKOFErJ9chYOAkSlng2Vx4RFkdrJckmnjCchNcVhCSSSULCpJJKEEujlLBSAOVAB4Awu4CQ4XVCmJu3Puhk+YD1T3kdkyPJOcKplPoKwcZT3/SE5o8uEOU90L6ASAuJzyhp7jgprRkpHLY0ewZ3Rm/h/NcjGCnn6h+a0RWEQeOEGoO2xR3EBqhyu9CqnLAsG76kccBR2jPdHBGnISGQ5IM43VjQ04ihDnbOduoEMZqJ2twcDcq3EXiuETBzssts8vB6HxGlf+412XnSVsbcq/zs1BpG69Ty2nYGgcDCpOkrRHbrfG7R5i3lT7nVtgjJG5WSXR9D8fT/ABav7sq62czTu3yAcJU+W8hRosyO1+pU1jNhgLPLs2/4Ch2RlRmaq6ujpQDpG5KdO8tGysbJR+FE6qePPJx7BUPhHJYSaYYhE3bbCJQxkZkI52CAGmaXG5CsIwPEjhaNilWcnR08SxoItR8Qjbspr8Y3OE2JgjjAA7KDc6kxRGQHCU0blLYjPX+uNTVeCx3kj2x6lQqaF8srI2gkuICa5rpJS87lxJWk6bofK6pcweg2/dZpioRc7cl7BGIoWRgYwBlKZ4ZEXd/RPI0tP2UN7i48rLZLJ1q/t4HRM1uBUmQbtY1coYvEkDjwN09xAkmlG4bsFlZoh0V13qXNYIGndxAP2WgtVI2lo2gDBIBWct8L7jdhrbqjjOs+617sBmwwOwWW000d5ZGqHnUBhSadmcZURztUoaByrCJmlqxzWXg3N4QC5TtpaV7nHnuvOrjVOqKlwYcglaPq24vYPCJw3CydC0ySuncMtbwm01bTia6+Nj+NHa2WOnh0tODjC509Q/PVfiOPli8x91XXCR1TOWg9+Fs7ZSR2y2xxhoD3tyU2+SrhgyaSCtsU5ejtTIGAsaeUaz0jp5TJjytVY/L5Mk5yVrrdTNpKIFwxqGSuPfbhYPR6WrL3Eilp9cjIY27k4WuhjEEQB7DdVHT1GXudVubtw1T7tWR0tK8POCeFzpP9nTINJqv3UcMZH+7UzvP6HHKhdS3H5q7ytjwYoP5cYHACtYjFZOmHVB/7XW5awdxnussNT3Bx+rus7+9lyltJEIz5iFdWhgwJ3Dgqrp2Fxw0bq/n8Oit3IDsZWmEcICT4M71NWiesEMZzjlS6Gn0xsjbjJxlVFNC6ruDpJNw06lqLRCJKoDAwEE5bUDXyy+poxHCwNGABwpQHht1Ec9l0tBwfRNfIG7crJJ5ZtglgHJISdhwF5X1zd3XS6fLh38uHY47kLd9W3gWa0vqWnEh2avJo3vq53Tv3c86inQRz9Tbl7ESKZmjchbjpG1aQK2YAtP0t7rK0FKaiVsYHJC9PslGGNjhxtgAYR2y2rBdWcGltlNpDTpwSFbNaM7FApmNhh1O2wEG1XCG4vmEZ3ieW8rlX/caIyLeIAAbKUOFHYwtwMKQOFjYU8D0RuxQ09KeBYccJ6jtDgd+EUcJZB6SSSogkkklCCSTUlCDkkklCDUkklCCSTRyiDhQgkkklCDUxPTFCAk3JTk1qMs4qq/VjaC2yzu7D9Va5WJ+IVx0UzaQcly1UrkZFNHnN4q/mJXygbuJK9A+GVqlpLXLcKhv82oOWn/CvNKl+uT0XuVkon26009NLu5rBnC13ScYgkxg7FGPCZHnuF1YW8h5BvJJwmpJKxoZJJJQglwjIwhJYzsoQjXOoNNSSSZzsT+iw/TcTqyrqLnK05e8huewVl1xdJGUfyEOfEncGjHp3T7FTCjoWRhuDgZWiuOSidI/Swgnsqx7suO6k1b9yMqvOcnzFboxJkO1OeM4wlCB3OEsYyttENzF2z2oxHxJvElHRMoozh0pI+682oYXVFQC7fSclWvWl1ddLzI8Sao4iWMHb7qLZoyMyOGx4X0LxOlVdeWfNvM6t33bfSJlznZHTeENieyhW+J8mDjOTgLt1mbJKGN54Vn07T+MASPpIXXufx1s52jg7r0jS0ELqaFrTzyp0Ttzsh4xt6IsLMjK4Vjzyz3tcMRSCOfhqqLjPlunI/VTqt+kY9lRVchJUj2LulghyuLncqTSR7h3sopBLwFZUceMHHZaoLgxSZKY0NbwoNwly3TjlWJcGs4WbulWYmvmJzpyuloqPkmjieS1sdPVJy9GF+I18bSQC307yJpRjbsCsBSRk+Z3PqpXUFe+63eWdzs+YgewT6SMN0he50NKhXg/M31J5P/iGqdq6LGy0LqipYzT5WnJWwqAyGMRtG4CD0pbnNjdVubgcDK7VuJldqPBXWrjg8ddPcyHI4yHA2wrKijAiDiN1AgiMsoaOM7lW7WhowBsqs6NOmh92RZA5IC8z+J/U50/wWkfyPOQth1Zem2e3mRgLpZAWsaPX1XjNWKmqmfUVLi57yTv2XE11+E4o9x4fRRlF2SKbTpG/KA7AJUmqbpcANkCMg891wZN5yzpXRS4QInOQdkDSpE0e+yFj3VMz7GcTInAzsa4bZRNPuhgD5rI4KTJD649L+5rel/NXsaOzgvYnAaGN9GheP9JNJuLMeoXsBzpaT/SFnl2fTfBLFLAub/Kc0eoVlQNxocdzhQizbcKxpWEBv5rNYz0VZiuuj4jhnsVi6nGMBbXrIZkwOcrGVUZIwVcezzPlE22Z/wAIPuA1DbKvK9obGxjRgYCrXMxWR45yre4jyx+4C1wOFCO2DZxoOgbdlQ3YYjd91ogBoG3ZUF3b5HYHcrTWuTD5Lij/AKFKOE9cC5gp7jg8ZLL7JFPsU+oGwICDEDqypLgS0bbpsVxgXPsfbpQJXAjGytC3LQR3VC1xbJ5dsK0opy7ySP7HCx2x5wdjQavb9kywpZPCI3Cuo2CaMFp5GVnpWFp2Kt7PU6miNxWScT1+iu5SH1dPpwQO3qoRGTj0V/NTCVnuqSaLS8geqySWGdSyGegYGESjqXxTB2OEPOF2PyuyqKre1m0oJ2zxAk7+ir7vSGnnE+MtcotmqyyZrXHZaCsY2spnNxvjIRmuT+Wsz1XCJ6QuaMnGVmy3SSPTZaalk8zqd44VLdKQ01QSBhrtwjZgtjxkZTEkIjhtuEOl7Ka1g0jIQzfolb3RyQNJ1EHuiwyGEh5Gcdl2ZmSCAmsOo7hLzgkW4yyai11MVVDsd8YIPZcrIh2GFUW+p+UmDvwnYhXpLKhgex2cpiZri1YuTKXOhBcZA3lUL4yxztsBbeuozuC3ZZutpHBxIbwjOTrNN/UirAylp3+669ul2EgSjUscHIawx4aMemUeKR2QCg54aiFnBC1VTwxNlSmizoKk00olytraa2Kti8Rh3HIXndPONQY44+6uqCskoJWvjOATuF2NNbjs8p5jxkbYuUUb8Au3XQDwUK31kVVCJWHJI3ClhuTsurFqSPDtbHhjNAIQDFvyp2jA3KaYxjhF0RT9EMMAXNCOWHK5gpeC8gXxtewskaHNPIKxfVXTjYf98pW+QncAcFbkhMlp/GGk7jCVZXuH0XyoluieN7seO2FZUdUdgcKf1VZXUUpmZHpaSQcBUFOS1+5K59tZ67xuszJOD7NAHB7eOVGqacOHCJSyDSAfRTPDa5uy51teD2Ff3rJmauj32HZBp3y0suthwO4V9U02s5DRwq2akLdtIWZ/axvx7Wmi/pJxUU7ZAeQEVZ+grH0x8InABWhpsTx6gU2MzTCeVyDXHx+XcI5hAzsuJjY9RyV8sZDlHkjACtHxtKivjOcYSJLJHBIrzHvgocrTsQeFMljxgtQjF6lJmnngCSwTrJd/BcKaY4HYlarwxURgtOc915/JH3aN/Vafpm9sGKSpOHAYBPBRQlg36WzH2slVdIWkkD91DLcgtIWjqYWv3Dc5CqKmlOdhymSw+jdKG5FVPTlpBaEoZ3Bwa4KW5uDocN1Eq4DGBIBsTuqbwZLKvaJWWyN2Crq6iM+Bp35UikmwNLu6k4a9vC0VySMVtUbIuMkYueN0UrmObjBwmNc5jg5pII9FpbhQMqIyCzBHBHKzboyx5jdsQcFaYT5PK6rTSplhmitlxiqmCKXGsDCBV0slJP8AMsHkdzhVEeuJwkYcEFaSirIa+Hw3fWBggrZGeOTDKPIekq21EQ0nzNHClNcMYKpxG6jqCWHDeVZRnxWB7TnK212kUQkjGu7ZUWajE7HM04ypTSQcEJ5ALeFpxuWQHHcY6uo3Uj9Dht2Ki491rqyhjq2Fj9j2KzE9M6mm0O/JZpQyZbK/0BDE+SNukEbp4AIxhcDSDgnGUqUMARlggyMIOw2XCcYVg+NhGwUSSE5zhZZwD7BY3yuavZc4XEpRGCTUVMUAONldEQW8+y1nTvUkc2mjrSAQMNef8lkyA44ymhruWnCJXSr6E30QvjiR6HcLcyZhcxoOdwR3VBPSS0rg8AkArlg6pfRMFNXtMsfAd3AWlqIKetgFTTEPjeM7dltqcboqSZzZRnTLZLoooKrxNnDDlKhm0HIG6j1VCYTqYCPsgxykbIm9vBTSfJdRubOCHYTBFLTu1xuyPQKJHLjupUdQT5XcIhTRIEkdSwxTNAJC5TPuNol+YtdS6M5zgHYpj4js5qcJWNGl7sFHCTT4Bkk1hm2tPVNp6hxSXaD5Oqazd5I0yH1HofZTn09bbGh8RFXTO3aWncD3Xm8oDiHMOT2PotHYOsqm3sFLc2meHgOHIWpW8GC3TbP9tcGikpaeuZ4keDqH0nkKluFicclg0lXMkVLXRGvsdWPEHmLM7t+4TY7lKzENzp8H+sDYok93RmcpxeGZ213689NVBNJJjB3Y7dp/Jeu9LdVUHUdM2RjgyoaP5kZ9fb2WErLZTVTciMOBGQQqGShq7dUfMUM0kT2HIc043TIz2sXdTHUJNrk91MWD3H3TXMKw/SPxEfUSstvUOGv4bUE4B9ivQWQh58oT1JdnMuhKntEXBHsueEp3gdsLhhGOE+LTM+/9lf4Q7BD8PfKnmMoJi3yFMDN3GQHgjGQhGM5zlTnRghBMYypjJN5FfA2QEPaHZ9VV1NmewmSBxHt2V7oC7oCGUEw43tGR76XjDhtgrugZ+laGstUFW3OAx4/ENiqSeiq6B2mYeJGTgPA3/NKlDA1XZIstPFJsWjdQprPgeJTuw70Vq1oeuubslSgpDY2tGXqoIKhhp7nSB7Ttkt/1WUuVjntRM1NKKinJJDfxNC9KmgZICHsBz6quqLWx4PhgYPYjISpURkbK9Y4nn0BZMCWncjceiHJDjfGyvLz00WRuqKZpje3fy91TwVLQfCqBpeNiVktqS4OjVapxUkVFVbSXl8TcZ5UJ7GtOiXutY+kL26mEEY7KrqraHklzcH1WaVX6NVd79lDPQN0eLTnDhvj1RaO6mPEUzSSNkeSN9O/S5uw9E2Wnp6obgByU4tGpNSRNZUtlbqByF0x09TkB2/oqUMqLZJrDi+I8hWVLNS1YyMB36KKf9gJJp5icnto5jCgugdEcHsrFzp6V+MlzQuGsoqjySgB/rwiSzyXGTXZXiV0JBYcK+svVNfQyNAnIb7nZVj6Bjt2PBB4yo8lLLCeNk+E5R6DbyetWrreCqaIq3AztlWhp6arHjUkrd99ivEo6+amIwSQOyv7R1ZPTFuJCMdiVpUlJfcUp7GejTU725bIzZVFfaKOpHmjAJ7gKRbOrqaraGVBGfdWjm0lS0SQkHPokTqU+jZTfjmLMBV2Gto3mancZGj05Qm1z24iqAWOHqvQDTRn8GFX1tgt1aD48G/YjZZJ6ZLo7Gm11lT5ZSW25ywHVG/I+611l6ykgcGvkcPzWHrOn62gcZKJ7nxjfTndRIbxHE/wq8OhI74WR6c9NoPOOP5M+ibD1nLUR+VzZg3kZ3Wmhu9sr2hkjfCkPOpfN1DWVUBbVW6tJ7+R62dm6/wA6YLtEMjbWFkt0/tHsdD51TWGz2V9ueG+JC4Pb7KI6A4xhU1rvcwibLS1HixEZwTlWtPdaapIDv5bvfhYJ1s9PptdVcux3hlmcjKiVEPjDTjCsjokALTwhlg7oVx0bE1JcGWuPTzJMOiZv7BUssNVQymNwwOy3z2jYhV9bQxVAy9gKKNmDn6jRJy3RMkxwfgPHKbLRtjGqM4J3U+ts0rHkwOOOVXh9RTnTUcDjZNTTObOiUJbWgJbUNJGNQQxUOYcOCneNFIBoO55QZKFkzc5wUSa6M0sxfA1k8LtpACD6o0euE+JRTkf4c7KvlpKmI7NyEoqh8Lgc4xyFJpdhKzGM8F3FehJiKtj0kd+ykxulaRLRT49gdj+SqGVFPVAB4AJUiGldGQYKjGfUpDRsrnN8xNLSXlrsRVbDG/jV2KswWOGQ8brJyGcNGtuojggKVR3hjXBkocDxuluCNtV7j+ZeyxMe0te0OaexWcrrRPTvdUUMZc0HJZxhX8VTE4Ze7nhEcWuaC3gpb+1mnCnyjMUdZS1DjA+Rscw5aVJlhewZG49QuXXp9lU7x6V3hyg5BVdS3Oa1y/LXgFrHbMk7ZVyimgJccEe6WCyXphiulCHZGA8Ddef3f4f3vpaZt16br5WNadUYY86mY9Mbheuvip61muCRpyNiCoVTSTtGl2XNHHos8oroyWVqXKIHw8/tN3zp5kdl+IFI2qposNbUsZiUD39V9DdPdX9P9W0Pz3Tl0jq4XDOeHNJ/qHZfMd86Ut13jImp2tf/AFALEtoOsOhq/wDiHSlVNG5pzhkhA/RJlDBllFrg+2K+3UVwh+Wr4RKw8grxL4h/2bbDd/EuPTTxR1hy7SBpB/P/ANFD6C/tPRzPFs+IlI2lqAQ35yFux/5xt7cL2ygvlqvlKyutFdDVQuGQ+N2f19EqUOANsWfDnUHTXUnR9WaC/W5xhedLJuxKpPlpY3GShefUsX3peunrP1BTPpbpQxTMeMHU0FfP/W/9mq4UDprl0PId8uMQ4+2FmdTfKMltGejw+G8uB8GrYW9sqRNDHUx5BBB3Dh2T7lbauieKW9UbGS8a2jGSq7EtGdcD3af6Tug2syyqa7B1EFTSEHTqHqFIo7jGSGO8rvQqRHX09S0RzMDD78IVRbIpBqiIz90qcE+xW6UH9pZw1LxgtOyuKKscQAcbrENnq6N2l2S0eqtqO4Ne0En8ljtp/Rqp1TXZtGShzQQ4IkVUWHCz9JXN2BcT+asGS68HlY51tHUpv3GipKzbfCmNlbLtys3FNgAZKnQVekjKXho1xmmSbjQa/wCZE3tuqSSN8D88Ee60UdSC3B7qPUUcc4zjdNiyrIKa4K6mu80DwHkgD3V3S3OGsZocWhyz1ZQSxO2bsFGhqHRO8vKLCM34vk0dVQslJc0dlR1NG9jtmqfQ3ZoAbO7IKlvfTVIDmEFFGTQMoqRSw1D4HAK6oLhHIA17sFQai3t1F7O44UAk08m+6fGzIG1o000EFS3D2tcD6rNXnpNs+qRsTHtP9IwVOp7njS05Vi2pD2gE8rRXbOD+1me/T13xxJHkl46dfSEkQuA7bLPS02k7jH3XuVZQQVO8jQVmLt0aycOkg059CMLp6fXNP7zzmu8Kmm6zyuWM5wAhFpC0l26eqqNx/lnA5yFSSxaBjG/ddnT62M/xPHazxjrbeCCW4XQSNsJz2nPCaW47LoK3K5OLKmS7CZyjR1s1K4GNyBkE4yuuLdslXtjIBbk+C+t9/e3+/wD81fUt6pZQ3DwCexKwL9O2SnBzmnIJ/VIs0sJo6en8lbUsSPUYK2MYcDyrCGvBAw7K80or/U0wDXnxG+hV9SdSUUrRkua48grnXaGLZ3tH5hPtm4juW4yePRSorjG8jSc+yydPWiUAtOx91MiqQ0DI4WKzQxfo9DpvLLPZrqasG2CFZQVPqFi46x7cYOCpMVyqAd3ZHouffoF6O/pfLr9mv1seOUxzQeCqalubXY8R+CVOZWsPJ2XJt0s4vo7VHkK7EF0aTwngu4yl4sLhu9dDWyDylZpV4NkLYy6Hh/fK6JO2EPQfT90iw4SZwzgYrcEgOBH1AJ2R6hQjqHdODvVA4jXZglal3XvnT+6j60tfshwGrMEh2gjGNvugupYDk6RlM1lLWVMFqWQUkDhkx7Y90yO6XKmGgTP0j3UxhAG6aY2k5IH6KtoSbXRMouqJg0R1DuO6uKTqC31DvC8QBw5WUlpIjuBg+yjPpalu9O7GFexMnyyj2ei4ppgHAtPpgpksc7t4pdOOy88jrbtSu2lIxurSj6vmja2KqGcdwh+LHIUL4p/cak1Fyh/4bJAPUbppubdxV0pj9S7hQIOp7eWB00paT7qyZWUFYxrxMxzTxndBsNMboy6YAPtE7sMkjLu4ypDYwY2tp5C3TkjST3/+YnC122o3MLM+rNlHk6eLXaqWuniGcgZyh2Bt+yZBW3qnGKe4ytHcairJvVN8EYZK2nk0jAcWb/ms54N7pX6WFsrRwRyUMXeaB2iso5IznBPIVbUXGf7RfTXK21+P4r0/S1GxyTv+mVDdZvh5WZ+ZsTY8/wBDcY/RVb75ScOyAUWGqgkAcyRu/uolgtyg/QSb4e/DOuP8ltTAT2bK8f5qI74R0Dd7J1jV0uPoHiF2P3U9mDwcp/guAyARlEVtrl6KeT4c/EKnGqh6/NTjtKCP9SoU1t+MNCdB+QrGjYE6QT/ktMJKxpzFM9v5lFbV3cDd5P5qC5adTf2yaPP5+peubfI+K8dF1UxbyYY9sf6qvm69sb2GG7dL1tOe5fGBgr1uK51QYBJAHEd0yonoakaa+gMn/gBUyWtJal9sv+55LSdW9FPcGx+LTn1d5cK2ivlgcAaTqJ7T6GfK2FX0z0ndDpltMDSe7owFUVfwj6JqskxaCT2cBhTMV+TAlXra/wAcMrI+pNBHy16EgHOX5UlvVLzjMrXH1yo1V8ELE85oblUwn0Ehwqyb4N3OA/7repvbLiiW2X4sX8uuh3E0rOqyAMRfdFh6oDjhwH7LHSfCvquH6Ls9w9NZUc/DzrOLf5nVj/GUXD4L/l6ldwZ6FH1LTj6mZ+xRP9pqbswn8154Oi+tGbOyfTzLh6S62b/wiR/zKnHHJf8ALt9wZ6L/ALVUvdhH5pHqu2d85/Jedf7Idbf9yf1SHR3WhO8J/VEWtRZL+hnon+01r/pH7JHqGzuOXRtPuWhYIdE9YkZERP5orOierjzE79VBkbLF/Sbn/aCyZ1B2D6YT/wDaq0M4eFimdBdWOGfDP6pN+HXVJfkxuQuORkZ2P+k2Z6xtI4cmjrq2xg6HFZhnw16mdjVEUdvwu6hOC1hahcMhbrl0i+PxDgBw2VwH3TP/AGkQ7+d5x7quh+E96f8A3wapDfhLUg7zM/RLdYUZXsk/+0yDBw6T9UI/Et2+iR+UWD4Rtdg1NUG49DhTovhfb4RvcoPzcpt2jIxufZUf+0u4E4GohCl+IF1fuxxH5rRx9CWmI+asidj0UhvS3TMX1yEEdwFWUGuOzInrO/T8Sn9F03/qOXHmIC2Mdq6ZiIDZDt7BS447BFu0ByVwUYRty6llIxKQfsjth6sqcAyED7LcNnsbD5YRsu/xinB0wQAY7lQvcjHR2XqWQDU4nPsjRdJ3p5Gondal98qXbBjB9hhCdcqk7h6vDI5JFPH0ZVnHjvP/AJipEfR9LER48m/3U11wqXf8V36oXjyuPmkccoowbJ8oh07aovqAeiC32+Ijw4gmeICNzjCYaiHu/f7q/jI7v0Sm08DMaGgIrI2s3A5UETOfuCUTFXJhoJx7hDs5B+b9kl7I+dtuUg+I7MOcKsr71aLPk3G6QsaO+rcrMXb4s9P0TXfw9r6mQcAbAp8dNOXSE262imOZM3zU98sTf72TQvEbl8ZeoKlhjt8ENMD3I1n/AEWMunUV9vEjpLjcpJi45xnAH5LVX4+yXZyrvOVQX2cn0DefiH0lYtTau6NdK3lkYzj7rDXb4+lsLh0/bdJJwJZX5/QYXkjid8uKjPkDcgb5XS0/jY5+44ur87dLiHBpr18Tusr0HRz3QxRv3LY24z+ay09RPUkvmnc9x5JOUwy57IQyO66teiqgujhanX33flLI3Tl3AwiNaB2SG5yBuitCfGtR6Me7f2cDBjYLoByngDC7gJ2z2N9CA23RdDfRDRDvhDj0ELV7JavZEEf7rpjx2TNiL4OJLgOU9jHOKgaWR8MIceFLZGG791yCMsbkoyIao4QOU4GAoxPJT5TjAygoksiZyGuceEwNPdFDR3QpJGtB2RbBbaQNxDRkkKJPKXHCU0uTgITQXOVGecjrASeFIYzbhKOMY4RWco4rIIg0hdG2U/U3A2QpJdIIATOim8Cc7GVGMhOV10hJKGCc8KgJzHbk5Ke0cZSDe+E9vKoGPZ1rR6IojSYdgMI2nIBKbGGRqyCAwpDU1sQPKfsEajgPJ0cousADZRvECa6ox2RYSL3HI6f1UuKLGAAuiMjgJ2cAle4gj8+OWRxbjuo0snYLssx4AQMOJOU3pFwESSclJLBSwVQwSWCkOUYAYUIDT0k9M7LbEutaecJAd0RrQRuFYveOaMDC6hg5yuPOFHwTsMTtn0Wfr6t1RVina7yjkKRdbiYmGCE4e5R7fQaMTy5Ljvukybk8eh8YqK3MksiLRgD7ojA7UjYHolgI4rAE5bhAd09JPTgBJqScoQanJJqIgkkklCDEk9cPCXLoNcgZZRGCqx0mt5zySi107STE05J/ZAae3osVkh0Y4WR6jVlSGxFuN3KS44B+ypJpi55c45wVnmxtUd0sjjL4UGrHmCgOdqOojcoj5fEIGFxIks9HQhHCGYwupJIQhiSSSaEFXRyuLo5UZB4Awu4CQ4XVBbEuHhdTH78KERzJLkeJvGQhRt3GQpLdIHOFALM+jrsDCizfSjO+kqNKcBKsJGOQZBB2RKcEu3CY0ZKkxgDsqgg3wOeAGgLsfAQnHD9PojbeHumt4F7+QUjiAo7SS45RJTlwCTVnlLLING5wnZ0YymjI912P+dI2NDN8Dqa/kko+ywt8ZDDNjGrYZWs6PsrrjVid4/lRHJ9z6LPRQlwbEwdsL1bpK1toLdHkYLm5P3WCfLPoHhdM1hP0W5MdPB6Bo2CzVbUuqJzv5R/mrS8VmlpiaVSMyXZPKz2s9VJr0S6Zg0jDcYUzIa3hApxpaDhdqpNEZKSF/cGP94qWxY5Wlc1sMTWAcDACrOn6QvLquRo08BWEzxPO2Nv4d1TNlCyssJCCzLj33VrbI8gzPYD2GVTsa50rYgM5OFpIWiKNrdO2EhvJ0qlgkB4IOdlkL5VSyVHhl/lB4C0lfWRU0JlkONth6rF1c3jTmXs5C+UFYw9DE6eRsTRkuOFu6CmEFO2PAGkLOdK0DnOdVPbtw1avZrceyyWm/S1rG5kGrqcHQz80Ng1R+IUJ/wDMkJx3KKG5b4Y2ysM3ya0skym8kDpDtkEBQayctidExwBcMuKmVQMVJHtyVVVIMj2Rjd8rwAky6Hx4LPpmB8TZKpwyH+UK5nk8mcbIdPE2ngZC0YDGgfmh1suI9AHKyWM1VxxyOpf5kweRnCny1McMLpHnAAJUa007nRmRw2zgKB1PUeBEYgOEtLLJdf8AFBtmLvdxdcqx5GdOcAINRKykoxGw+Zw/+UoEJD6hxI2a4lRLhKaifQ3tsFqgsLJ5Wdsm3Nk7p63GtrWzSDMcZ1E9itLcJQ5xiY7G36IFnp22+2hxHmcMpriXuLjuSVg1dmZZO5oKMQX9yfYLabhWtafpYQStTXBraiKmaMtzuAm9O0IoKISub/MkGrPoFItEH8Uvet2dAOB+S418nKR6OiGyODT0ULaanYwNwMKhrJTcL4y37aO60F1qGU0R07BgwsxanNigqrxI7+YXkRuPphIlLA98DepLgKiu+VjOGUzRHp7ahyVXQA5Gyj6nySOlecue4uJU+n2A8qCKyL/IsrbB5xIW7eij3+uMjzC04aFa07WU1I6V+22crM1shnnOnckpoMv0SbZEQ0yY+rb7rXWekEEQme3zO3VBbqV5EUAOSSAtawBrQwDGAEqwdVD2SC7Yn2UcSAnzEAZ5TpXA8FVN8uEdttk9Q8+ZuwGUmPY22ahHJgPiBeX3G5iihfmCHYgdyqiih8OPjBKCNVXVPqH76nEqzp4vElbEO+y0JYRyYt2T3Gg6WoHySmbSCCcDK9PstFgiZzdhws509b2QRRAtxkBbGRzaGl1AcDKz2vPBvrjhFN1bdpIWCippMOd9ZHO/ZWfR1B8jQte9vnl8xJ5WKfLNdbsImDLpJN/1/wCi9MpIvCbHE38IAWO9qKaCLFmC0HCcuMGGgJ7PqC5Us9DEPA07ogdtwkRwVxC2CFwF1JJWQckkkoQSSSShBqSSSAASSSShBJJJKEEnJJqhBJJJKEGISKgnhEiDUw7Lp5TFMbngs5JLgE/07ryPq65/N3CaVzstBIxnbZei9VXH+G2eWVrsPf5G/mvGbhVmSbLjkZ3910tNX7JKWCz6FoZLp1RTSgeSmPiOP27L2t3OchedfCW2uFLW3KVo0vkxGf8AP/RegaT6qaiX3bQ4fd2HAwmpJizDRiSSSgQZBRkFQglySQMb7Y5ThwVS9R1/yNA+USaSR+qOCyyjH1tQbl1F/My6ON2lvplalgDYwAMDCzPT8TJ5vmHjLnHK0r5Az81srWCyvrZcPDQhsZlwPGUx+ZJ8u4yjtG+y3QQOcLI540gYVP1TdTabRLVxyaJG/SVcktI3OF5x8VLuHGKzUzxlw1ud6b8YXZ8bp/ltRzPJ6j4qGzzt5dLLkHOoq+hj+TpWueRx6qkt8Dn13hjcRgEq4uTwyEA9yvolFfxpJHy/UXOctzKuV3iSl+63HTtPGyla4N3IysjbadtVWRsf9OoZW/iayJgjjYAG7JWrtw9p2vCafL+VkkDDgjAgM4wgRgl2cJ8xzH6LlWcnqd2ERK6TnccKiqnZKsKyQ6vyVS9+pyOCMNtuWEh+tuyt4GHSNuVAoIQX6nDP37K20hrFrhHJlslhZI1TIIxpz2XmfxFvQoaQ0UMn86bPB4B7rfXiXw4jMPwDK8C6ouj7pdpZi7UGkgfZek8Vp3ncz5P9d+X/AI9DpT5kV9LE5xyTkk8rQ22ifPMyNo3JAVTRRZaMclb/AKOtkMmmZ+ctdn9F6+ivHR8F1Vrxgvi1tDbxC06XBv7rOzOc5x7lXV7qcu0NPKqY2nnG61qW1HPh9zySKKPSzXjc7Is0gjbk8eqJThpiG2N1nOtLy6jpfk4D55Bk77gLHqr/AI4bjueO0075qMUZDqe6Pul0eQf5cP8ALaFnqyJmnJClayfM/k75QKo4K8zdb8snI+nUaeFFSijM140vIUHOFZ3IfzsgbKqkOMLKzm38WNDzuCg6d0Rrl0DIIUwLQM8FNgbmYHHddLeV2lBEwSpD4L74pfs1/R4H8RZn1C9hIAa3/lC8f6P3uLPuF7CeG/YLJM+meEjtqY0jCsado0N27KB2Cs6f6G/ZZJZbPQwML1W0Gs09sFZatpwBxytX1P563AVBWwkNDiEaycDXV73JmepKZslYNQ4ypVwGzMIlDEfm+PVEr4S4NI7LXWcOyv8A0mDZ9P5KjuoBa7PqryMdvyVHdti9uOCtdfZyPJRxRn+xSk4P2Sa0cpBd0+61qJ4mTyEj3wpB+lR4uykH6U6tIBkSUYfsiRPwckZwmyg6wUmbArDOG6TD3Y5RdwyieMFxySj0zzBM13bO6pqWbw5mlxOlXDSHjLTkLNZHB6fxWrlNLd6NVTETMDxwQoFdSAPLxwd02y1el3guOx7q4npRM0BvdZLI/o9nTONscoy8rCDwmt2Km1sBikIwoWgpAE1hkykk8ORp9Fp6Cp8TAJHCx8bsOCubdU6cHfgqDqp4WAlyiEVdrYMd0K5RNrKYuA8zBn8ld1dPFW0rZgPMGqqps6jG/t6oyrIZ5M3Dlp/ZT2v1NGGpt3pTTT+IweQnOESk0uZkeiszVrbJoTmBwOVEc0sPCnvZuMIFRHsCAltYGSjgE12eyt7PUgnwXH7KlBI7I8M/gvDtOVEFCWDUVNOHjYchUVbQjfZXtul+cp9RO45QK2DHDc/mmoOcPlR59UQOjccjuhs+yv7lQZy4DHdUbotBIxwmI4Gq07rmOzjsig5aNkAnKPG7fKYngQoprAF7CJA7HCnRzmVgb3AQ3xeIzI7BR4C6GYOwcfdb9PbtZi1Wm+3JpLJeZaGVsb3EDjfgreW+tiqoxJHv7LzJzJKka4WcK66YvT6Wq+Un3Dhjldqm7PZ4Dy3js/6tR6EGDAwUvDz3TaSRk7NbHZ9R6I2n3W1LJ5nrsB4I9UPQFMLcdkPTud1bWCZwQy3CWPdSHMCZp90OMhRllldX0UNdC6GdgcHDb2XmN6tb7XWuaGu0Z2yvWnNyqm8WyGvgLJGDI4KzX1YOho9T/Hlk81pas5AOFbQVOtoGyp7hQyW+pLHbDJwi2+YyODRnZcu6o+geM8hGcUpMucCTso09PnkKRE4HbhHMTXjZc+UD0ijlZM7U0pa4uA/dHtldNFJ4bvp9yrCppQeGjhVj4DG7ICU04k2uLyjQslDwDtuuqroqog4crNrg4A55TYyyaap7kNQnNBBGFITDwpJZGYIjoe+FHkZ7KdpOrHqmTQ7AtCS0U4lY9mQhRl0LxI04I3BUx7cHjZBewYG/KVJNFrjo2tluDbjSNz9bBg7qVUUw2cAsLbquegqBNA7GOR2IW/oqiO40rZWEZxuEcLM9nV08/kjtKOspC0+I0bBDa1srdDwMYV9UUmWHy8qnkhdC/OExr9DbKyplgfSycZb2KPBJt6qcQypjLJG/mq6SGSllxy08FVGTRz7YY6DlrTyFT3i0ukHjwtGocj1VtG/ODjlSCGyNAwtEJezDdQro4kYTdpw7YjlEiqJIHh8fIU+92qWKU1MQyw7nCrYnBuMrXGZ5fUaeVUsM09NLHXQNc/BdjdcBko5PWMqjpKiWnk1s47j1V/DURVUO/PcLZVbgTsbRMZonaHx8ALrAc4woTHSUcnOWlWcb452B7P0XRrt3C3DaDdEQNxyq+ut0VREWFuCTkH0KttIxhCewHsjayZ5xMS5roZXRPG7ThPeA9uy0NwtkE7XSluHY5CzkrHU7tLgd0mSMs4DRlpyVyVrXNwNl0nKYBvyktIp8EWSPfhBd5T6qxfDgZUaaEnfTnCTZWSMsgQcpO3C4CWnBCckFgslrgUTI06sfukQCCgkEJbWQsDvE3VrYupZ7XJ4cgL4XctJVQ1cLcb5QxlKt/aBZCFkcSPT4pKK5UzamEgteN/b2VVcLcc64WrK2q71FtlBDi6InzNW0oLlT1zBJE4YPbuFurnvXJzbKXDopwXR+U8hSIn4wcKdWWxkzjJEdLu47FVul8Lyx4wQtAnvssYanIw5PcwS4xhV+o9k+KeRh2dsiTwDOJLP8rG2cp4DZMHC417ZQASkGlmMI8gkigrqu2VLaimfp7ObnZwWuorzR3php5wI5cd+PyWMadXbCPG3BBacH1TITx2ZraVI1+irtjtcLzJGe2cqRFXW24fynuEcvcHZUtFeCxjYqnJA/EFMfBRVjdcZAd2c3YhPUovoxzht4HXLp90rdcJGRuNuUSxdYXzpaoZT1RzS5xjfA/wCii091udskLKxpqqc7DH1NVwz+G3eL+W5jifwP5TN21CJ1xlxJZR6fY79bb9TNqKCoa92PMzO4KsywnleFClu/TtR8zapXhmc6QcEL07pHr+3XzTQXE/K1rGjAdxIfb3TIzycu/SyXMTSmEeiEaY84/dWADfTb1ThEHD0TzHLMeGVToyNiMILovRW0tJuMDKjPpXDgIyKeWQPD90vD91IdGQmlpCgYFc0B3lcAR7hEIwuJeMhptdFHcOnnucaihkwefDPCqNbmOMUw0vacYK2yjVdupK1hbPECezgNwo4jIWN8MyTm57oegKwrbHVULvEpyZY/TuFBY8uOlwwUDWUaIsYYWOPmaCqS/wDSVNcYvFpg2GbkEDYrS+EcZwuOjKVKqMuxtdrg+DySpp7nZZtFSwhucB3YqRFUw1DRrwCvSa20QXCPw6iJpGO4WIvPSFTaXOqYcyU+c7Ddv3WadG3o6VWpi+JFVUW+OdpIaDn0VJV2eWJxfGcK/hlMflR2ASjzAbrK4bjUrnHpmRDdY8OXBB2Ki1dtdB/OpyQeditFX2cl5fBtnsq0MqKd2idhc0JLr29GmFzfTAUdzaWCGrGSNslHmt9LVDXGRn1HKZNRQznWG4z7KE/5q3vDgC5h9CgxJ9mhcrLCmGspCdJLmjsususedMrMZ5UqOpZVMEjHDJ2I7hCqKSGYeZgB9QrTcXwRPLwdEVLUDLcZPZAdRugdk7tQXUtRTHXC4kDhPiuckeGVYDmj23RxsxwypRfonUkmjYK7t14raTGiQlo7Eqopamkk0mPSc/spwiwMgbFaK2pClJ1s2Vt6oppwI6lul3qrhj4KluYJWu+x3Xm5jOdiiwVNXRyCSCd7T9+UyVeTVTrHHiR6F8uRvpG6hV3T1BXsd49KzJ7gBVdD1e5uI66MHtqC0VFcKOtbqimb+ZWSdaTOpp9RXZJLODDXDpmvtD/Htczi0/gzt+ijsu7y4Q3CExOG2ojGV6TLThw8zQQfzVZcbJRV8fhTQMPvjdZ7KsnartlWvsZVWnqC42stloqtzo+7C7IwvQbF1vbLniOdwhlGAcnuvKa/pWtosuoppDGPw5UOKolgdpqGFjxtqwudfp89Hb0Pm7tM0nyj6Niqpg4SRzZ27HIIVrT1cU7RqcGv7heE2Dru420hs8njR8ZG+F6LZur7Ndg3xTpefQ4XPnS0z3fj/JwsjujLn9M25wdwd0B7QRzlQTLNE0OieXxjsd0eKsjkwCSCexSXBnfhq4yj9ywNlj4AGQVDq7XTSMy6PJKtcNIzyuOaCOFMtEshG1GMrrS6BxdTR5UBtW+A6KhmgjZbmSlDgcAKiudlNUdowSmJnNu0ri8wRXRTNqB6hcmtcEv0jDlAq6Kut82iMeVKG8eG4MqT+6NSyY7Go8SG1FFU07ssZkITZ6tpwJBt7K4jniq2jQ/KHUUMeA5gwqwLU5R/Fj7ffnweSpj1N/VXQdabkzLHtY89lmPALTgNykKEOIk1uY4ehQNZH1aiWfuL8srKJ2WOMkfod1Y09U7SHNOQeyzsFxrqPySnxY+3co7a+JjvEgfgncsJwgcDdG9ro0TKguOCOUp6WmrYzFUwMkaf6hlQKKvgqWAtcA7uCd1Pa4gHZDOLZoVm5GWq7PdbI8y22TxoMkhmfMB6ItB1TS1BFPWROhl4IdxlaF8pfyFW3Ky0Fe0+JCGvP4mjBSdryC4vs7JFBOMtbz6KtrbV4g23UZkN7sQwHfMwDgjdwHupdLfaSr8jiY39w5V8eQNqk+TI3voqir2uMlMGv7PaMFZ21VvW3w9rHVXTVzmZHnLo8ktP3C9fZG2XdpBCh1tipaxrgY2td6gIJV46BnRHH2lh0R/aKtdxcyh6ppPkKr6TKz+6cft2XrlHd6Oup21VLPHJG8ZBa7K+Wb90Bq1SRsH3aN1R227da9C1Alt1bKYGn+6eSWkfZKdRlnGUX9yPqTqvoTpXrSF0VyoYvGcMeK1oDv17rwLrb+zr1H0/rrem3G50+STFn+YB6Ad1tekP7Qdnrgyi6np2UM3GtjcDK9Ts98orpCJ7bXR1MDuAHZP5hIcORM64WLhnw1V009LO6mrqOWmmYcOa9pBBXI5ZocFrtTecL7S6t+HvR3WUDm3i0xulI8szfK4HtvheB9d/2fuobJrrunJHXKhbuA4Ylb/1SLKX6MVunkvxPMhUQTt0ytGVDki8JxdEThdnpquimdT1lM+GRpwWvGCFxkhzg7/dZ5VsyODj2Hpq2Rjhnsrujr3PALX5HoqEhrgRpx9kNjpInZY8hInUmNqulX0biCp1AKZFMSRgLI2+7BhAnctDTXCmkaAH9lknTg6NWqUkW8dU4YU2OrGwBVK1wIyCcJwmPAStrNit/ZeP8OobhxBVRcKFkfmjHK7HVlpaATgqX8wyRoDgq5RG1MoJHOheA5ql01YIyCVPmo4JwQRueFTSUc8EzmFuw4KNNPsHmJeR18UzQ0EZPKbPSRStzyVSRyeGdjwpjK/gIlFgOY2enliOQNkqWukjcBI/ZTmztkA1jKhVVGx7tcW2eQmxlgGSyW0NZHMBpOSpLQ1/ossyaWkf5eO6s6W6xkDfP5pnYmUckmutkFQfOwHIWYuvQtNVNL6Uhr/tha9swlaDhI7p1d06n9rM89LXb+SPHbr0jc6BxJiLwPQLPTRFhLHDSRzle/PjD/qAP3CoL50labiNRgEUh/GwYXV0/kZL8zzWv+n4TluqPGsEOXX8DK1t06FraUufB/MZyMcrO1Vvq6bIkgd+i6levhI89qfC21f0kDW4J5djfhMcTqIA3QnPIOCF0Y2po4llHxvDRI1n+pdEhByDuouT6ruSgc0/QjO18FtTXargIAeSPTKurf1JhwE/+ayQkLNvVIHUQUuSi+jTTrLKnwemU19pZWg6h+qs4K6nlOGvySvJo6qWLHhPwp9Nf6qBwcf81nlp1I6+n8vKC+49UZJvnnCkxV8jAMdl55RdRGUZM5afQq6pb49wDXYcPULHdpM8YO9pvLZju3Gyguzy7EhGArKG80wABcsTFc4XO0udgo/zsGRhy50/Hxn2js6fzLj7NxFc6aRwaHD9VOEkT2ggrCRTggEKwpLjUQ7a8t9Cuff4/D+07FHmYv8AI07mDOWlLRnlVEN5JeBINlOZXRSNBDxv2WCzTOPZ1avJVW9MkeGPVMDO+UhKD9OD+aIHZWeVaRsjfF9M7jbCHg5yjZGN03AS5RSNcJqSENkk1cyEPAzKHnhAJdq3OEfIXPKqks9EGOaHtw4ZQH0MDs+XBKlpKsEcUysltw7bD7qHLDcaQERyuLOxaVfHc4ykB67q1wUljoqaTqa70TQwvc4D1Vxb+vapkgFWzUzgphiiPMbT+Siy2ykkcXeHgn0QSxIpStjymaan62oZ5PDd5M8EqfFeLfVP0CRjj7rz19ibqLo5iPZAdQXGnlzC92RwQeVShkP+TYvzR6XNDbKlhjfFGfsAFE/glE7AZlv2KwcVzvdvk8WVr3N9t1MpeuJo5h48bg37KbBsdVXLtGqfY6oDENzkYBwFHNN1DS/9mrWy/wDOq9vXtvc4AylWdF1Laqo6WVLQSO5QtNDFbTPp4Bi59T0+PFpRKP8AAE49VV0W1RZ6oY7gKy+dik/u5QfsU8O1e6F5Q2MW1mDIMHV9Kdp6WeM+7VMi6ltkv/HDfuUyWnik2fE059QgOsdA4ajC3f0CmMjE7Osk8Xe1S4HzTN/dGY+3yEFsw/Iqjf07QOOWMLT7Jn8E0bMEmPZypwCU5LtGpikiaPJICjCsyMCYLIC3TM3Ek4+7yu+BNGdpX/qVSWOg/kZrPmXHmUY+yXixn8SyuawD++d+qQfXg5ZVEKZK+Q1OsO4JXXajjDsLMCquQGDUZRG3K5tAY3SSO6vLJ8howKjtNgemF3VU/wDen9FQ/wASuw50YXReK9p+pn6KyfJkvgav8Mhz9lwPuw+mX9lUC+1wGDoP5Lv8cqe7GlXJ4L7LoSXfH98uh1271Mo/MKk/j9T2Y39Uh1BXZxhmEtzwHkvddxxvXS/qEMy3HH/zwmVWL3UFuS1mUM3qoz/ds/VTcTJaeJc3bfxCbB90vBqiMuq5v1VX/G6jP0MH5pfxetd9Tm+yDLJuwWojqxzVSH7lN8JxOS5VZu1WdtTUz+IVB+qQfkrSb7LcmXLI8c4XXtac8Kk+eqMbyKO+qqBzLnKpwcipWJF24xAknSMeyH8zTD8QBHsqY1Mh5JQSSTnKtUNoCVqRefNUv9QTDcKdvDlSl7Bs5+6Y2UOdpARRpwKdrLh91hHqufxWI9yq75d7hnAH32XJKm10UeqquMLHDkZytENO/SFzvS7ZZi6MccAn9EdsskzQWjIKxtX8QumqIEQOfUFu2zcAqir/AIsXSdpht1JBBH2yMlNjo7JPhGSzyVdfbPUmxfiqZfDb6qnu/WXSNoBDqz5h4OA2I5JXjtxvVxur3SV1W+QntnYfYKs0+YuPK0Q8fL+o59/l/wD9Gen3P4wsEToLLa3N9XzAbrH3PrfqW8BzJ7lNG08tjdgKlYRgtym+UA4K3VaCuPODBZ5Kyw46SV+fFk1Z9U3DfZDccHlMfKGjcrVVQodGC29y5kGdgA+YKHLOGZGxQ5qrB0tzuokxcSCCtMaTBbqV1ELLVuJwAhOeXfUuNYNspxGMALRGrbyZJTlN8nR90/GE3B9E8co+iLL7EAisaMZSYBgHunIWECT0k5MCGjlFaDsmgHOUYFgAyhDHjhdJwMpmV2Nhe7KIYlk4yNxcNuFYQU4ABI3XYIQBkjdG59sKzRGODmkAcoTn5B24RJAcbKO7LjvsmKGS5y2gJnajtsmIkvlUWeYYx3VmS2Q+R2BsQq2acu2amVdU4eRvflBhDnHUeEZlnYPaHOdkqRGOCuRtAA2RWhALbyPaupMGcpOw1pyeVaeA8jC4+qY4pPOShu5CNRbFSlkSc0DKTckZRAMnCKMM9lJHQAQNkRkerkJNbuCjABqPbhkbwcYzJ4RtOAhlwaMuOyjTVhJLI+AmcYI7EiS+YN4I2UaSrJ2wganu5KcyMF26qKJ8rOl7icoscbn9sp2iNoBOPfdQKu/01GSKdxdIO4QuSiW7ors05a3uFHmwMbo73tDTv2UF7snle8XB8FjHIsZXMBdSRBHMBIgYXUkUY5DI+k6sYRxwlgJ2CmqOeyN4OIgHdcARABhWLcxALp3SSUKB6VGq6psDC52x7I8kojGSMqsInrKjcDT2HolWcjYr2+gdJSOkkNZUj6jloKsQDkbLoYRgE8bBEwCArjHBUp5WEdHC6uLqYUOSSSUIJJJJQgkkkkRBqSSSCZQlHrJmQxEuP2UhUtxqhK8tzs3YLPdNRiNqi3Ijuf4jy7jKNGo7d+FIaC38lib3cmp88EWvqDGPCY7BI3VS/J7o9TIXyOJPdRw72WebH1x2nEkkkMOzUJCRUJNDEkkkoQKujlcSUYEp7Qo4XUIZRycRqFdjEwDdc1blGjYSQccqEfCHNZgZxuF3f1Rg1rWYUd3dVkVnIpCMcqJLzyivdk8oT9yMJEp84HQ4CQtB7IxwAmQD1Tnq0/YE36ONBLsokzvKMFdjbsThBkJzyrk8cCxmcvG6eCAMoKcMgYyl55yNisiLxuFLt1Nv4zh22UNzC4ggK8p49EDGY3/6pdr4wdnxunUrFJl103a5LhVamg6WkDhep4bTQMj2bpbuqHo63NpKFsrmYcRlT7vU6W+FnzO3WGT5yfRNHSqK0/bKermM1Q7fIyi08OSCQosTXPkAxvnlWUbdIws03k1xywgAaFBk8SpqfCHHspNQ4tG3oiWmnDz47hwUBpj2XlMwUlK2NoHCHEPDzK7cuJI+ybO8gAJQgnS3BPblLsbRupXpFpaomvPjuHHCti7ZAgjbHE1rGgbDhcq5xBEXpPZ0IcIq77UsfinyMjdUkVO6Z4YBkkrtRI98zpHHJcf2Vj05Tieua8jZiGb4JD75pGvttK2lpY42txhoylV1AY3cbnhSQQG4wq+pcHS49FhukdiuGFgGxpcc45R6WNrpm6zsCmxYxsE7xGsaXu2wsTYxir6gVFRoYfJHsECkgdUXOLQNojqcf9E2kgkk8WY8Ak49lZWSF+mWdw2e7b7IX0Nh2WUpHPChPBleGjckqRVuAbjPIQ7a3MuvGcLHYss2x6LdhbTQNAG2N1geqLo6eeRjXcZAW0ulT4VC9zRjYry6ondPW4zsSd1dUXk5PkrsLYhjcQQGR31EZJUS2RPra5ukbZT7rMGtEDSM91bdI0To4Za6RuzvK1Osltg0ciqErr4wXRdVeGhsQ2AACkWKg+drWhw8kfmPv7KK9rp5CVrenaAUdGJHjzyHUT7Lh6ibXB6zS1tzX6J1xeKen8OPILxpA7gK36WtopKX5mQed4w3291m53S3K6xU0JOS8fkFuSRTRNjxs0YWCyWDsReSg6gqnuf8rE4ZeN+6p7475alo7VG/zg+LJj09FYVU0clzdISD4Y1KgqZnVNVJUScuJA9gkvkk5eh9O3W8ADhW1HTOe8NaP/RQaFhDPELduyu6JhjZ42OQVEAl7I94rNEfgNIAA3VTQQumn8Vw8o3+6VZM6ed2+2VZUUDWRtaNiUbYUFllzbIA3TMFbtOQMqDRRlsbWkcKa7Zo9lmnLJqSSRyQknJK85+IV1E9Qy2wvO3meAtxdrjHbqOWrl2bEwu55Xj/AMy+61Ete/OZXEj2CbVDPJh1VmPsRKpoQIwGjstP0tbxJP8AMFurT2Ko6CLxXthA55XpFjtzaeCNoaAcZJR2NJYApj7NDZqMFwle3Zqh9W3YRRGlieNRGMZVxSjwaQvJ4yV57dal1ZWyPJzvgLHKXOTWui+6Eo2z1D6tzclgwD7r0Kn2cCRlUPS1vbb7bG0sw+QaiVoqZhA1EfZYNXLLyCSQcjKL3QkQcrnOWRjCDhJIcJISgySSSMg5JJJQgkkklCCSSSQADUkklCCSSSUIJJJJQg4kY5Qjylk+qErSyQSYnoZIxhEQ7kYO6F33Oy6eVBulYygt01TJw0I61ljI9GB+Il3M1X8rDLmOPbHv6rzupc6V+huSSMYVxe6t9XM+cn6iSFDsFMLjfKKjcDiWUNOPRdSv7I5FSeWeydH2/wDhXTFFSkASPb4jgO2VdM43TWxhgaxvDRpCc3ZY7XmeRi+0KmJJxIxhKcsDRZCWR6oWTk7ruT6qgsnEkkshGWOd9Jx6Lz/rm4CWqitzMnSNT8f5LezyiJpJIGxK8vc+a79QSztblgk0hPgCjQ2GkbFSg6MFwCPcCI4tWVLgY2GMNxg91UXCp1z6B9LdlurRYGLLvMTuSpQ8oQY2YII7Iz/MAtVeclPoHNL4MLpcZ074XhN7uLrncay7OflpcRGD6Beo/EO7OtlgkbDJplnPhtxzv6LxyeIx08FDqzJJgkeg917Pwmm5U2eN8/rFCGxFvYKYtgdUSDzynVn2QrlUGWTQ07DsrPSKWh0MwHBgCpADJLvuSV7BfasniYL5pqJo+mqMDFQ9n2WqY3BBVZaqYQQsBbsB+pVq12ey4+plunk9p42tV14JLGgNKi1E2fsj6hoJPoqurmDThIjHJ0LpYiV9dOA1xyq+DW94Ge67O5736RncqTQxkSYA4TEsdHNlyyypGhg1acIss22lJoDQduFBq6jQSFsog5PCMWst+OpmL+JHUL6C3Op4naZJSWN9l5AzU9+TuTyrzre9Put/njDyYqc6GjPdVFKBnOM4XufHU7ILJ+a/qvyP87XSWfx4Lez0xmkEYGV6ja6VlutzfL5iFjukra2WQSY9O621e8R0rsbYGF3a1hHgdRZulgoqxxknLiQQfRdjZnACGjwg7ZVzlhFUj5XCmgdLwG7ry++17q6vklc7IBIWu60u7qKjdAx2HO2BXnDZSTqJyuF5G/K2n0D6co2t2P2hzxnjZBqG64yD24UgbIU41NXBWWewUSgr25GpU0jdyM8K+uPdUb/rKhydXHEwTBgo2nCawgHCK/GBhQzxWQJ4P2TaMfzR+aceD9k2j3mH5pcjTVjfH/Jsejh/7wZ7levkbNbngLyPo8YuMZP9Q/zXr4Gd/YLLM+meG/2jjeysofoB9lCY3ON1ZxsHy533wkYPQRXBgL40vuJVbcYgKYbdldXCMPuTtW6g3Fn8nACLByb4ZUihoYR4+S3t6ptSMndToItOduyi1Y32WiBxra8QZFaz34VLf2BvmA3IyVesGCq69xNdEdQ4C1VdnA8is0NGTZvldck3krrgVvjyjwL7H04yFIQqTgqRgkIoMTNkaZnBHKGIyN8o8rDqCRYNKTOOXwWmRu5B2VrbqrGmF36qrkG6UdUY36g3j3WWyOTdp75UyTialkvhPDgMrV0EvjU7STusNRVHjMaSd1o7NW+FUBjvpcMfmss4nvfHamvKeeybcaUPOcYIVLPFpzthaush8T+Y3BaQqeppcDgLNKB2LIqSyijGWu4Uummc3GEyWHQcpReVwJ7JL4ExzFmstEniRFjnDGOFFu1JJRTtnbs1xwVDoal0TtidwtNPE260DWYAk08+qtSyakt8cGbroW1lJqbgkBUtE98LzGeMq3gkdSzOppgeS3dQLjT+BMXgeV24RxXJlsWzkk4Ejc9kyWMOHKbQzNki0Z3aiEYRTWMYDi98UyFKzQRgJh2UiTzEZb+6b4eO6SDJYDW6umgmaGHA9FpMtniDu5WTj8rwVfWusGnS4q49ja5egVfRZBGOyy1yozE4kN5K9BlpvGZrDeyz91t5dnyhNXInV0b4ZMaGlpwU9j8LtaxzJizGMIcYIIzymI4MoODwTIzny+qFMwtIICLFuEVwDm7p8JYJKO5YBU1dNCcNUogCZlRC4DPmHsVBMek7DZFY5wxgbD3XRovxwcbWeP8AkT2ezW2LqCWklDJH5afflbimnirI2yROGCvJGP8AEA2wRwr6x9RS294jlJLc4/Jdmm4+e+S8fKuTaR6Ro2ymFqdQTw1sIkjfnPb0Rnx4wtSkpHBknF4ZCdGTjdN0Ed1L0BDc1XgIhObjCjyxg8jKsHRk4yo74+xSZrIcZZMl1LYo66nL2x+YDO3K88eJ7fUbE4B3XslUwAElYbqqytMXzVOzfO4AWC6vJ2vH62VWISZXUdW2dge0/cKfDKXYblZujmNONDhg5VzBMCAVzLINM+keM1ytiotlk+IOb6/mq+opuNlPhdnAPdSJoA9o0tWVo7u1SXBm3tdC4EDGFNpKokhpRqmkychoUQMMR4S08EjDY8lxHh7c7Ljm4UOmqAMAqeMObnKauRvYAAZKT26hunuB1ZT4w0geqANRyV0sOD9P7oD4yRwrWSIOHCiyQ4H0/ugJKOCvcwjtsptlvUttqAC4+GTuChPbnsok0ZJy3lJl/YkJyrkpI9OD46iBszMEPbnlVtXTA5wqTpu/ln+6VJ22DTlawRCVocP1TYz4O3XJaiK/ZnXxPhdkNXHRtnaWvCuKqlBH07qrdE5j+MKxFtP7KrQYZHMI4UmCTA37qRUUrZmam7OH7qEA5jtLhghHCWDHOrBJkYyZhY9oIKyd2tzqWcviadPOFqo3g7HZKso4548FvKfGZzdTpY29mKjmzjIVpRy4wA1RrnbjROErTlrjj7LlDMMtHrlaa7MHAtq+OWDQR6ahml4CE10tDLydJTIHloDuymvY2rp9LD5h+y31XYEzrySWvbI0Padikq6nnfROEM7djsCrIHIyAt9dm7hmV1ZGuiDmkE8qqr7SySIgN9891cJpaDtlSSyInV+zDyQyU0hjkH5+qS0tytjKmMuYN1mZYZaaUxyA+x9UprBlnBxHcLhja7ZPb5gEXSRj3QtZFlXU0xzloUYEgkEK8MQcDtyoMtEWnUBys9leOgsZIa4WghPLCDglcZ9QSGikAc1zDwmqaWt0HbsojmlpSWghqlUNwmoJRJEfu3sQo4OUiMpkJOIMoKXZuLPf6a4fyjlsgHB7qfVwRzswRg9iF53C98MgkjcQ4bghaO19QSuc2GpcDnYFa6789nPu00lzEmvifE4scOOCmqbI5swHCiPic1xIHKejOpPOGdbK5ucHCNTVes6ZHKG8E8HCaGY7q8lShkumFrhqachHgOs4JwqNlTJE4YO3dWDKyEgEv37olLPYmUWy3YzuFJpXvhflp+49VEts7Jn+FnPor+CxyVABiOM7+qfWYrcR7AmaN487sKGXOhk1xEg85BwpdVbqmnJbKwkeoCivGDjCdnIiLRe2jqMPcKWva1zCMBzgplXYqWsBnpXAO5y07hY14zhTrZe622nyPL2+hRrgCyvJv+nOvaqyuitF7aXQt8jJNO4HuvTqGogrYW1FPI18bxlpBXj9uuVm6kZ8tWs8KTHOw/dTbfJeekK/5iidJUUJ+thORj1Hunwnjs5Wo06k8R7PW3MzhLw24wq+wdT2zqGBslJIA/G7CdwfRW+n3TlhnNdc4fkiDJRA47qHNRSRb4yPZXWn3THtyiCzxkzz4y077Jun3V3JRxvBy3BUOSkcD9KmSfJyQNPulp91IfGW8ppbjkqdjFNAsDvuq25WWKsGuHTFJ6gYyrjw/dLw/dBkYrMGOfFUW9wiq2bHYP7LuA4ghaqSnjnbolY14PYhV1R0+GZlpH4P9BOyocrMlSyHHuiCFpGkjIPKkNhlYAJI8FEFOcA8KnFMJyMZfuiYqhpmoHBkvOD3WMqaOutryyqp3MA/FjYr2YU4djthBrLPT10fhVEbXtPqOEidKxmJqp1bhHbLk8b8YSbpT0sVXGWOGD2Wrv3QNRSOM9s8w50rMBkkMhjmYWOacEO2WOVck+UdKm6M47olS+11EH4chRpoY5WGORv5+i0msEAFQ57fHO4vYdLu/olTrwaq7pLsylRaqiH+ZREuPcZwmU9cSfDnwHDY59VoKiknpTk/T2IVfVW6lq3+I5mlx5x3SHBmqFu7gF5XjylQqugfIC4YXR8xbZCx7HPj7OHopkdXBUDkApckOUvZSsZU0zyWtU2lv1TE4Nk+kbKXPEHDYA7KumpRnYIW5xeYluMbPyRpaWtpapoHiAP9ypgYMZwsK5z4XtLc5+6taDqGWBwbMCWn81phqE1iQi2hx5iX74T2GVxvis+lzh9ii09VS1gBilbqPYnCkikc1oIAKdGCn0ZfklWyVbOprlQYjleZox2dytNSdQ2+tABIY88g7LFvpy0/T+6G5ukZBwqdeTo6fyc6uz0bRFM3LSHAqBVWmlkdl8Lcn2WQpLxX0DxolLm+jitBSdVU1SGsqBpf7rPOk7On8pCfZDqunWiUmnJZnf2UM09dQSam5Ho5q1jZYphmN4ORnlDlia8Yc3IKxWaXJ3NNr16Y2xdeXW3FrJ3GWMch263lr6qtV2aB4gikPOV5xNa4icsABKjxfMUVRqZsWn9Vhu0rTPU6T6gnCKhN5R7LHLURYkifrZ6A5U2C4Mk8sg0lec2jrB8WlkpI+/C1NLeKKtZ9Ya4+iyuqR6rReQhKO6mfH6ZpWuDgcDOe6E5gwdwFUNq6qA6oJA5p/NSYLpG7y1Hkd6jukyWTsValTWJIdVUEdY0xybHse4WXu/S03mexocD3C2DZmvyG74GeVwS520qsuLF2013HmBhr7a/ylwA7KwpL9nEdQN+62FztlLWDS6MNJHIWOuvTM9KTJTjWD6cpqsOXfppQ/FFiySCUB7HAj2Kc9hwMArK+JUQHS/U3CnUvUEgAilcdtslMSTRl3Sj2XLiRjbK5phkAD49/UIcFfBOAXOAKkBsLxnn0QOOQ1e49kWS27+NTzPa8bjDkejvV0tu1aDUxe31BckNQw/yBkehQjVQs8tS0g98jlDKODRDVN/2L+hvtvr8eFMGuPLXHBCsPq3AWP/hlrq8SwudFLyHNOEWC6XSzHTM01EHY8kBJcTXDUP8Aq6NPIMqsrrJR1gLtAZJ/U0YKPRXygr2jRKGP/pdsVMIOM42PdXg1xshP8WZEG82ObVHEamHuM7gK1t3UtvrHCOTMMndr9iCrN0bXZB49FUXGyUVV5tGh5/E3Ype0trHJcuayRucBzSoFfZaKvi8KSBmPsqBovlkfqhlNRCOATk4VnSdVUs2I6hhjk752QOOeAZpT7Mpe/hpHMHvpR7gLMQnrfoepE9FJOyNh2AJIXs7KynlYHNkGD7pk9PSVjTHK1rgezkmVeHwIlRH+koelv7RFdCY6fqqg1tA0+ICvVenfiL0tf42vpLgyMvH0OI/QheRXL4e2qrc5zWaNX6BZGv6Gu1hmNVb5DIxpyPCduPyUlUmLdThyfQ/VPw26U6zp3Ono4fEeNpogMrwfrD+zz1HaXST9Ph1YwbtYOcLth+KvVPT0gifO4sZsWyZXq3Tfxvsl2gDLnG2KUbEg7FA6MmeVddnB8rVlHc7TUOpLrQy08rDgh7SELUHr7MuVl6K68oi2qgp6hsg82CA79V5B1b/ZubCZKrpOsETfqEUz8AfmstmlMl+llHmKPD9xuOyfS3GemlzK7Uw7fZWd76T6l6endDcrVKzT/wAQbsPuD3VM5gx5iBnlZLNOzFtlUzVW/qCB7QyQ7dj6K1bMHgEcHusAI9I1sOPspNFe6yidp1lzR2JyskqDVXqMfkzcteRv6IjKpwO4VJQ36lqgGuOlysmnxAHBZ5VNG2N0X0WMdae6NqbNjVjKrG+U5T/miMbcJOxj3PjkbXWxwaZ6c5HJaq7xXQOzIMK3bW7EFDkhgqRgs/JMTwLeHyAp7jG4BrXBS2zax91W1tqkgZ40AxjsFDp62emkHjElhH6I44aygXL0W80bTxuoUscrDqiCLFXQyP0h3KM8ANyEcX6AfIGlvM1NiOcHHqryluUdSwaDk91nJtH0vjGCorddK/XTyuGfQo12LUmng27ZNXZNmYHc8rO0fUEkZDKluR/UFbsrYqpgdC7PqMpq6C7OSxdlEloYZd3xMP3aFPJym4x3RRk49CrK1PsyV16Lt1YHPjiEUju7dgs1X9ATsjBp5NRzvleoSNYRwo0kY7DutNestr9nLu8Vprs74ni9b07daJxHyzngdwFCfTVUQzLA5o+y9wdTteCHsBHuFAqbRQzAh1Mz9At1Xk/Uzian6bqk81vB40TlOO4XpVV0baZzkRFh9iqer6ABJNPVkA8AhbIa6qRx9R9PamtbocmMB9SkT6FXlX0TdYjqgcJAFWT2a6UrSZqZxbnloynQ1VT9nMn4/U1fnAjPLjgh36FEpLhU0UniRSv/AFQSx4JyD+YTfZO3RlygVGdfrBoqTqwbMqqdvu/GT+auqS+W2qaBFVtY88ArBpjQ4OzGcFLkkzVVqbInpbamtDv5EgeB2ypLbxWxEeOwgD3Xm0dVdaRwqIZnjHvnKlxdVXGF+ahviNPIKTKmL7R0atdKP5M9Jg6igOGvG/3VhHc45APDed/dea0/UdHO7S9piPYnhH+auUp1UUrZGjjBWKzTVv0dHT+Qf9LPUKetfyHn9VOhu1QBpG+F5TDWdURn+7JA9Cp0PUV5piPmGELFbo6/0dWnyk4/kepxXJ/MikR3Smdtq39F5lS9cx4xOHOP3V1T9Q2ydgkEoBPIKyz0NbOpT5j+5um1cbtwQiCRjxs4BY6G7xSuLYpQdKsIq52kEOz9lls0SX4nTo8vH+pmgxnfVskQR+LCpWXKcEeZSGXNhwJH5Kyz0s49I6tXkq5otW9108KHDWwPOA7GUZ8rHcH90j4ZrtGmOprl0x2rzY7J4Iwo2fdE+xx+aXskh8bFLoInIGsA4Ty/CBRkhiYRPwPRA8Ydgn+L6NVbWH8iXY4sBGDuhvpKd4w6Fh/8IT/E9l0PHdRJ+gJSjIgT2a3uOTTs/RAPTdvf9Icz/lKt+e6QGFW2T7BddcvRUHpx8e9Pcqhp93lIW/qCmINNdXOHuSrrIT4xkocf2GKlLptFSys6sp8aXMmxzlSHdUdRU7R4lqLsckNVq1mBkd/dNLXn+oK+f0XGqUXlSZAb14WACostU13ctbsjs+IVqcQ2WmqIz7tRjFnluf8Awrgt9JJtLTsP/hCra2NzZH2Hh6ysM4GqqEfs/ZHdfen5XAsuUZOPVVUths8p3pWZ9wFHk6Us0g/uMZ/p2U2r2Fvu9GgbV26YDwaqN3/iTonRnGkg+4KzP+xtOwkxGoaPZ5XG9KVDT/KudVHj0kKrYVvtXLiaoxDkA/oh6SOxWcHTVzBwy+Vee2ZEUdN9TNGpt7H5v3V7Ale0ui/w/wBHITmY3VILR1U04/i0Z+5XTZ+qMAm6RfqrVeQf5WPRc7/0Jb/0ql/hfU42NxiS/h/UA+q6Rj8lfwN+yv5ePRdaPZELQ0btKz/yd5Bw68M908UNw5ddsj3OVf8AEb9l/wA1/wDKy414PCeJG8YCpPlDjz3OXPsmiigJ81fMfzV/x0T+b/Yuy+MDJcAAmiqp+0gVWygogcmomcR6uKeY6CEanvGP8SKOl3AS1mSx+bpzxIE0VkZOACfsFXvvlhoxiWelzj7lQZuu7BS5LHh/sAp/Dm+gHroL8pGhFQHfTDJ+YXS18mDjH3WMrfiZSluKODJHCpaj4g3ifeEiMdtk+vQWCLfK1R65PTmxaTh5A/NRqu52Wi2rK0NPcYXkNVfLrXF3zVZI8O5GrZRS5xGC4kfdaY6Fr8jHZ5mPpHqVb1v07RM8SmDqiT0wqas+JsjmD5CijjkHDi0ZWESwOVqhpa4+jFZ5O238eC8rurL5XEvkrHjV2B2VPLPPM4ullc4n1KQOEvyWj4IJfaZZ32T7ZzSB2SAASSRxrwJcv2dyeMri5qC4940o1U2BKSQtXuuGQY5USSYZOCgGoccjdMjDBnsu29B56nfyjOFDmqXuGE4EkklMc33TlWuzFPUyk8MAXPcclGZ9ISDGjsnAZV4wBnPJxEG6QjyiCPBzhEEkxNiyuhmDnKJrDW4whOcTkIdrDXQUYHddUYEl2clHDtuFW1lnE5rCDkhNJA5XfFDhj/RNSyEGJGPf7oHiuzxsuEOO6NG0OdgBVgalkcyJ8pAAVlTU2kAkdkSkphHGC5oypjQ0cDCPZxkfGOOSMG4GwSRXADKjk8qhspbRPcAN1FklAG2P1XZpQAR7KtmqAAcf5ozJZaFnqBySFV1NVklo7rlTUOLsBCjjdq1OChiss3HfCdIQ52EZrQ0YCe0DHHCcOUQlyw8nQDlPHCcNIbuhOcAoWnwGYQAcoMkgd3ATHzZ2CE1pyCc/qmwhnkvPofvnfuiiMuXAwkDIRmp6iiYGsaO6cBjuukgJj5mtGOUPRTkkFyG8kIFRWaT5EKSQuQQxxdklDJ7uBM55Hmpmldudk6Nu66xjWgk9kOWtggbnxBlVF4QiU8Pkk4axuXcKLUXKCMYa/wAyq6u8vflsbgQqp85lO/dC7E+BcrsE6vulQ92GS+UqFkO8zjuUIklcyUpybESucj0qd57HKDvndIEk7lFGnC+idnyEaOF1JJEQSSS60HKNLITeBydgJAHCemipSycwF1JJQAYuE4GURR6kgggFQMFMfE8oKUcQZuO6UTDnJRtPugDOJ6bp905Hgg5JJJQgkkklMEEkkkoQSSSSIgk1OQ3vawanHZLk8LLLisvBEuVUYISGuA9VnwXPdlxUm41QqJi1hOkFCaPQLm2vfLJtrht5Dwgjcp9VMIoCQME7BcjyOyh3GY+JoxsAlSe1Bx/LBXPLi7c8pieTk5TErOTVjA5JJJCECRUJFTRokkklCnyJdAOUgO6JgYGypoS45EAkeF1cPCgQzGXKVEMAIUTfNkjhSWjAG2FAXwNeSOO6DKRjlGk+lQ5CfVBKW1Eisg3cldj5yUMnJRot0tLIzoM0gA4CYHZck5+kHZcj2P3RMAO1+GkY7IGckp7/ALoWr2VMg5JJdAyUpvBo08d08BIANbchaiwUIrK6FkgJaCCQqO3UzXSBzhk9gt/0paphN84GjS043WacsnsPF6TM0zXsayjpg1oAwFnblVOfPqznP7K3u1RoiDQceqzwJmm1Z2CS+j1/6iiTSA5yRurNuNIPqolPHsNkWV/n0Dss1mB0ftQ2fL5A0b9lbQMbFBG1rcbbqso4i+Yyu+lW2MsyOAlmqqORP82Cp9sg8STPZqrG5c4ALSW+mEFO3+p25KVY0bqoYeSS0dlTXqt0HwAcq3ke2GN0jjsBlZGsn8ed0gzg8JbNMntAySYIGnOVtOnLcKWlbM9vnf5lkLdTyV1xhjjbwd16NHGIo2sHYYWe58GjSQzLcMmeWEDjKhlpJ1Hui1ZPiAZ4XGvyBssE5ZfJ1ujjOUGskwzwx3RnFrc5KjRxmorGgOOGDJ/6JQDfJN0iC3gsHmfsraijENHHHpAOMqtqSXyxU7W75yQrWocI6UYHZKlLBppXOSsqJnF5JOd1ZWyNogzjkqqaRLUNae53V7pZHGA0YGEjtmttJZM/1lc/lqXwGOwXbLCxABvjvO/b7K06vuTKiqFOzJIKpZZ8QeFjCdGJ5fWXfLYyK2KWurmwt3dI7H5LdtYykpWUzMAMaB+fqs10vSNkrHyEZdG3ZaSTU6TCRfLEtpq0VbS3e2SrXSyVErI2jJe7H5La1jPlKXy4GG4VZ0zQta7xngeVuy51PWS6hBGeRhcHVS3WcHq9LDbBNlh0ZbzWVslylZ/LjyAfUrRXGdjA45wMFA6To5aCyxsm+p/n/VV3U9UY4i0fiKxzWTbHgz81RgzSMODKdLfXHqo8TS84yu/3vnHAH6KRSR53AVqPsTN5LGkjMuiJg9lPu07KSDwIz5y3CVqjayMy48wBwqu61JqaonbDRhU+CEamYHzt1b75V9Rw+JKDjyt3VVbockyuG3ZaG2xEt18BDKWA12WUQDRkBNMxB0kIow1qhVtTFBC+aR2nQMj3SUtzG/JsjkxPxLvTXeDZIHed/nkwe3os3RwCNjYwMYChVNVJdb3U1UuXYecHPZW9ujL5Gj14W3btikc5P5ZuTNB03bGySCV7STlei26n06dsALP9N2t0MQc5uQ45HstbC0RtH6rHdLk2Vx2lf1VcTSW4QxHS6U4HZZ7pigNwusbZBlkfnd7oXUlwdcLnoa7yReUBaToa1yxtfXv2ZwB6lZrPtQ01ukh7Q0bBWsQxG0eyhQRl5DiFOb9IXKvn6ADAYXRykkOUgMIOF1cHC6oQekkkoQSSSShBJJJKEEkkkoQSYknoABiSSShBJJJKEHEjHKAeSlk+pTM5RJYIIoRJ4RCQhnlR8liWH+Il30sZa4X4cfO/Hotu46Wl3oMrx7qe4m43ieYbsafDH5FbdPHLLbwZ+teA3TlXvwvp2zdTNkIBMcZLcjg+qzVYHF2Vv/hHSxh1ZVuYC8ta1p9MZz/mFvtSjUwISyz0rSOwTPxJ44TPxLlyeUaJLCHnhCeTwikhBfylrss6ujlcSREHgjRjKAScpy7sW7nCYlkMper66Kiss0pOJOGrIdJ0z3SGo7EZKsfiFVxnwLdGdT5DkIlgpXU8ALhjbC01rDKLGd5jaTlUjyXznG+6s7nOPDIHKhU8Y1BxHZb4IgVoIGCiJwbsg1lRHR0z53nZq36av5JYEamXxw3HlnxMrmXLqWnt8D8Q0wbJpz335WRt7DV9Rz1Egy2DkZ2+yJHWy1punUUoy+XJjyeAOE7p2IwUZllbmSd2tx9V9F8XRsqTPmXl9Q7ZuJYXOchmG4GoodigbLWa3DOjcAoFxlGQzvyrjp2Bgh8THmJ5XTvlsg0YvG0udqkaSnwBgdlKagQDupbTgEriz5Z7emCihksuGnsqK5TEcKzrJMAhUVW/U/BRwKvniOAMf8yQDCtLdEA92VDpICXj3VtHDoAxt6o49mBvCCPaGtIBwsf1pdIbVa5Zyf5mCGnK1VQ7Tydl4v8AFu+tkrKeyUr8uflxcDt67/lldjxtLnYjyH1X5H+BoZzT9YMMXOlkfM85dK4uJ+6tLZRulOwVbFGdTWkgnjZa/pugPjgubsMZ3XvNPTtWD8yaq7PJs+mqAUtG17mYcRldu9SXvEDHbN591axRsgpNR2DW5Wce4ySOdyXHK2OOEcly3SORt8ykB7WNydsIcJx2UHqGq+Utz3juCEq6W0fpo7ngwPVtyNbcJMSamMy0KggyTkpwlMoe4jOXk/umRuOrGF5TWWOVjR9Q8NWq6UiU7YLkm4XCcgFOe30XPTwz0USiuIyCqKTklaG4xuw72VBIDkjvlGjka2OJ5A5IcpAOQo34lIZ9IUMMDh4Q6UiKo0u7lFAycIOkipH5IJGmDxJM2vTG1xgx/UF6+OG/ZeP9MkC4QZ/qC9gHDfsskz6Z4R5pDQqfGfIR7KBApzPp/JIbwekr5RkK1ubk/wC5UKvYQ1WFWD/E3/coNwizBnCtSyc2a+1lNHGCTjjCg1jQJMeitoI/KSR2VdWM/ncd05HK1MfsILGedzvVVl8diJwA7K7YwCZ49Aqq+w5idkdltpPN66GaJGObynuATG8/mU9/C6Eej52+GEo+QpZA2KhU2z8qxjGWBWkZp+iPM3GNsoZUuQDZC0Eqn0RMhyN25wgPZk8qbIwjZR3tJWaaGxb7DUE5ikGTsr6CfOmRqy7GkHlXFBONIicVmlHJ3PG6vbLZM39oqfmaYtcc4Cc+l8TbhUtjrBBLoJwOCtMA0gFvBWeyJ9E0tsbq1gzVbAI5CMdlB8JwOcLU1dJHPGQRvyD6FUc1Lp2xusU1gZOsHA8sc3fK01nuPnDCQAB3WUIMT2nH5ZVlS1IbjAwR3S+gqXh4Za9VW7dtfA3AO6ppmirpM8uatpD4d3tggcRqxt91j6iJ1rqzBIPKSQtNZV1XbKeBzqeo82wOxVsYsDOVGutMMCaMc75CLQVHjQtDj5mbFXKOTPD7XtOGPHIUeWPjAVhLHgcZUcxnulSbiNlHHRDDC05RIahzCMDhPc1MDdOyBAJ4NVbK6KoptIHmbsU6ppGz/hVFbKk01Rq5DhghaeKWOojGNk0enuWGYG8WwsmcWtKpHgxvxhekXK2iXPlG6wt2pDDORjG+yNcHM1ml2regEZ2RgMkFRWbHCkxcN/NNRz4LgT2A7lcjO+MI2MpjGEEhPjJxKsh+hxaW4ICex5k9iEhjTjC5pLHAgbLfp9S00mcTyXjFqY74rk0nT9+loZWRyyHT6r0akroa2FssRB23HovGtWQFoOnuoJqCVsUr8s43XZhZk+a+Q8fKmT3LlHpGMJhGMbptJVRVsTZI3cqV4YA2C1p5RxpS2kZ7BhQpo9XbCtCwHlRZI/QK3HJIzyU88ZwfsquaIO2c3UO4V/PDjP2VXUR4PCzXVpmqqWTzvqOxzUUxqoG6onEkY7eyh0NSCR+hC3lfC2phdA9uzhz6LAV9DJbqtzeBn05XNuqweo8Xr3Q0XtNK04GRv7q2hwW51ZWapJNg7KvLbO17vDJxtkLm2Rw+D6VoNZDUJYCTwh+4blVtTBgZ0rQiIEcZUaqpMjAACzNHWlBYyjN5cx2ym01UThrl2pptByG4UTGkhUpYZnw4suW6ZG5xlDxpOEOjmGMFSizO+FaeR0Xk6NxkhBczI4RXDGAnaQeBhRlqOStmg5wFCfER2Vy+IuGQFDmhHphLksgSiVrG6HEg4Ws6bvUjx8tORhuwKzE0JJwFyGd9M7LTgpT+1mjT2uqR6VIwPGexUCqpmkbD80GxXY1dOGTOGWjZWb49YBCYnk6W9WlJKx0ZxjlRqmAPbq4cFcTU+dy1RXwngNRIG2nKKdodGd1KZLqw0pVNOcggdlGGqN2CEyLObbXgfXUENVD4T27Hg+6x1fQyUkjhEXADstuyQEAFR7hbYqpuQMOPdOUsHL1OkUluRlrVVzGTwpHZGO6vIHOY/LXLOV1FPb5iNwM7EKyttYaiLDz5m7H3Wqu3HByJV44ZdysZUw6XgE9sdkClqXwP+XqCcA4a4pU8xZt6I1RBHWR4Iw4cFb6rsCJU55Jnh4GQM5QwxzTghRKC4Pif8pUHOk4BPKvHRRuYNhuMrdG3IiVeSuczLSqyuoWVEZa5gHofRXj49OdlFfHvjT+6trcInTu4RiXNfTTeFKMeh9VYRtErRsrO52ttRGXtG6pIJJKOXw5skcZSmjBbTKuWGSHRnIBGF2Wn1MGG7qU1rJWBzd9spEE7Y4VbckjEoKyge0504CgvbpJJWpnp/FB23VPV26cEkM5KTZWC47SubL2xyutjDwfdN8MtJBT43Y7cLLKIOSPNEY3HA2XB5wFNLRIMYUWWEx8d0HRSlngbp90mOcxwcDwkCF3I9Vak48oYy4tt004bK7ftlXsc7JmZG+Vis4cHZ4VnSXF8RDc7Baa7fUmc+/T5lugi5nGHbBMBwnQVDKpvOSE2UY43wnZT6EbWlyOAB5TdOg6lxkzBs44yiBwcdkaYDiHpLhLTSagOFtLP1C18LDrJH33CwxDSMFOhllhdrheQtFc9pivo3o9dhniq4g/IdnkFQq6ztmGunIYfTsVlLP1QaZzWVAI7E9lt7dW01ewOilaT6ZTnNM5rqnU+TF1Zkp5jHKwjGyY2UOGRutvcLdBOwtnga7I5wsNeLZNZ3/MU2ZInfU30UcsdDISUnhhqepLX7DBWosHV9Rbj4VaHzwHbBOS37LCQ10VTkxOLXt5aVNp7iI8Coft2CuFuRk9NFrOD1WhitlymNfYrgaWpf5jGHYBP2W8s18qSyOlujGiQDT4jeHFeB0tS6PFTQymOXlrmnhaq0fEaqt+mK8wCVnHiN5/NaI2vo5Wq0k5v7Ue4xObJw4InhH7LOdM9QW690zZqGoDiRlzM7haeN2sAaeFpUso404ThJxkgBjA7pphaVM0ey4W+yvIpldLQR9woE9M5rshuyu3Bzti1J0DXHcKFplDpKWn3VzPQMc3LG4KrnUkzH4LVBql+yH4R9U7Q52xCPscIrY2jlWXvIMlHG4anNycKFJRu5aMBXTmoQZhQtTKYwuZsUtBVs+ma/twhSU2fpGFWBnyFaYgdj3VRd+k7XdG5kYWyH8YAytC6Ej8K4YidsoJQ3Fx1EoP7TyS9dEXW3EyQgTwjgtG+PdZ+PLXaHDBHZe9mm8pBGxWdvfQlsujXSxxthmP4mDH6+qRKk6NOu9TZ5eBHI3S5oI91X1drb9cDcA8hXt66QvdncXNY6WIfibyAoEEpDQHndZZVYOjC9S5gzPz07ozpe39VU1VsacywjS/nZbp9JDVM3G6p660z0zTIGlzc9gs1lRuqvx2zKRzz07gybcepUlr4ZR2yplTSsnYWkYcqySlnpiXNJOEiUHE0ws39D5qJrxlrQq+Wkkj/AA5U+C4tBEcg++VKHhTNy0g59UDimOUpLsoY5J6d+qN5afZXtt6pqIiI6jzDhR6igackDCrpaYNJ2V/JOvop1wtXJ6DSV1JWtDo5G5PZHqKVpaMtAyvNoa2po3ZjeRjtlaS0dXgYjq8kf5LRVqFLiRlu0soLdEt5aRw205UcxEHccK2pqyirWAwyNORxndcqKBz8ubjC0cS5iZd7iRaWsnp8BkhwN91c0t0kcB4p2VG6hlj3BB/NMjrXQksezJCVKK6NVWssp5ybGCoinbkOCUjWOHIWfpLhCRq1Fp4wrCOcyY3yCkToUjs6XycnHMmSDE1p8o5RqWpnp3AxykIDZNt11so1bhZp6ZLg7Gl8w65JpmloOpJYy1s4yOMrRRV1LUsBa9pJXnhcCMZwnU1ZU0zsxyED0ysdmij6PX6T6qe1Qnyj0cSGIaonlpG/KPFdGbCYAH1CxlF1O4ER1LDp9QraKqgnAfHK12exKzT0uD0um8vVdHMGamOogmGQ4Lr4WyDSeCs/HI9u7CRhSKW4TRu/mHU30SJ0NHSr10ZLEglwsFJO3du57rMVXTRE7oxhg7OWybXwyYEhweye9lLUAeI3IQcxKlGu3mLPN6u1V9IDgF7BwWqNHdq2ABjy9oHGQvQKy0VTAZKKQEd2uCpqljJB8vcqFhb38uP3VmW7TtfiVVL1E4MAkw4j0KtYa+huDNMgbnHBG6pK7p+gyX22Z0bvRx2VdNQXSgAlYRJ/yndWkIk5x/I0kttewl9DU4I30kobLtX0n8uvgEkY24VJD1HNG0MlDg4c55VnBc2VAGpzZB3aVbhkpWNrEWSHiguB8Skk8CX0zjdGpr/fbS4Mq2iqgH5kBRpIKOYamAxu9WoLhURN0ioLh7qvjG1Wzg/tNlbrzQ3ZuIHaJAN2O5RKiN7PMRsFh2tOfEb/AC5B+NhwVZ0fVdXR4ZVNE8beSeQEqUcHSq1bfEy5kdqOk7YUSts9LUty5ga4/iAU2K5Wm8Rh1OdH35yk+mqIN43629krBrhZGwzc1qutA0SUNSZMfgccJU/UE0REd0hfTkd8ZCvn1MkeDIxMe2jrRl7WavdA0mE1/wArOQXSKdrQ2qDmnjBU4EFu2MHv6rPVHS0T366aoMOeQ0nChma9Wg6ZMzQjg87K8ANzX5F7X2i3XGLwKqmjezfHl4WTuPw0i801nqHxP5AJVzD1DDpBe7B9DsrWluUFQ0OY8ZPuoJ2xs7PPIqrrHpR5j8SbSD9TckLb9NfGWYCOlvODjbJVnMGTga2sd9xlZ+7dFWW56pPBMUp7x7bpbW4CdM481vJ6QL1ZuoqQRAU88cg3Y8ArG9TfBXpa+NdPQ0raGd248IYZn7LESdJdR2T/AHm03SZwaciMHG337qxtXxT6gsj2099pzNENiS3cIJ1ISoRfFqMZ1J8H+rrBI+akiNZC3szdxHsO6xkjXQSGGrp3RSNOHNc3BH3X07a/iB01fgzwrkxkp/4chwQUa/dHdO9SQn5+hjMhH960AO/VYp6dSFWaSuXNXJ8taG51RuwfYqfR3qsoyA9xc33Xpd++Bj3vc6yVjGAbgSO5Xn906M6ksYca2ic5rSfMBkEfdZrtL+jM6rKn0WFL1JSzYZJ5XHlT2zMkbqY8OB9Fg36dWHsdG73R4quqiaA2U6fusf8AFknyiv5ElxI2rtQ8wdj8l1lSYyDhUFH1E9hEdSzU31VlHdKOd2lrtJ9+EDoGx1KZatqnPbhx5QKimhnYWEAEnII7FR/Ea/6SuiR4IwCUvZgZ8iZBloaildqA1D1CJBXSA6ZTsp7ZyB525XXw0VW3GA1x57KbSpZ7TAGSGoxpdv6IEkGlupAnoZ6dxkiJI9QUxlzkZgTtI9CjwL3JfkELSCQQk2pkpiHRuIPsjfMQTNBB39lHlgcRqbgj2RF70W9Ffw7DJ/1VkKqKoxocsW9rs4byE+KtqYTku2CgLn6NeS/Oc5TlnKe/bhr3K0iuUD24Lhv7qbwdyfROL28HCEWNOwcAgCUOPlKIQQM5RrkptMGYmnt+6E9h5xx7opO+MoTgcHIKagOgRJBXNDHbPjDgeyc4HKblXlroppPsFJbLbMDqoo//AChV1X01Zpz5aYRuGd2q4acZTXDON0yN1kfZnlpap/lFGVd0Vbjn+bJugHoKAn+TKTn1OFrdPuu6cbZTVq7F7MtnjNM/6TFu6Ir4D/KrYiz+knKFL0XXSf8AFiH2C27gD3TS3blG9bYzM/E6Z+jAP6Fqz/xWfopNH0lcqM6qeo0HPqtjpIJTHOc7OARj3RLUyn+QpeMphzBGZkd1NRPMbMv9+yC+pu53rKUPH2C1D3l/KFhXKxSKek/uUAmpsAVFE1h52CQFvk2blpV4Yo3AgsG/soz7ZSv5jwqyiv47XRWva+MN8OpOBnG+Eo7rc4D/ACqokD1yVLks1PIdiRhCkszBjTM4fZDtiHBTiGh6ou7ANT2H8lZQdajwwKin845I7qgfb5WbRkv+6Z8hUAZLQhdSY6N9sejW0/WVHkaw9n2VjB1RQzYxUFufVeeupXgjLN05kT+yTPTJmqrX2x7PUKa9UZw7+Ix/bUpjLvD2qA77OXkXmG+ESGocDvI4fms/8RejdX5W1HrzbrA/ADs/mpLajWAR3XkcVyEW4qn5/wCYqRHfK7I8OseQPdL/AIiNUPMSXZ6sJsnOEQTHHC8uZfriMH5l36o7ep7gzfxnbe6T/D/Roj5dPtnpgfn8K74rt/LhecR9YXBuAXOP5qRF1tUs+prj+ar+Jxk2Q8pCR6AKo9wu/Ng7YWGi65w7+bCSEZnWdDJthwz7qlpWx8PI1/s2hqiBsh/O1DckPCyP+09O45Bd/wCZFbfonkFrzn0yotG/ZcvIp/1Gn/ilW131ZRxe6hozjOFlm3Zx3bg/mu/xp4GDHt65VrRouPkGupGpHUcjdpAAEh1JQt/vHYWTN3jP15TXXGhI3Zv6qLRhf8Qn+zZM6htEmz3lHZcrbIAG1en88Lz+SopXnLXY/JCfUxHh5Qy0SJLydkT0kVFHti4k/wDjRWkSD+VUA5/xLyx8pd9Mjh+aCaqqZ9NRJj0DihWjIvLWez1nwKgnU2Qf+dIxVWNjn/xLyf8Ai1a04FXNkf4ymm+XXGBWS/8AmKv+E2X/AMWh7R6qWVQ3z/8AVJmp/BlP6ryg3+6Z/wC3S/8AmKH/ABm5O5q5D/4irWjZT8tWvR62ZTg/z/1coslVHGf5tZCP/trf+q8qfdKxx3qpc/8AMVFmqXOOXuc7PrunLR8CJ+ZivxPWJb1bYhmSvjz7HKgTdWWmPI+aYV5j459/1Tcg7lFHSrozWeZnLo9BqutaCFuuIeK7sAq2X4g1jvLDSRN9DpyVkElojoq+zNPyNszQz9WXaoz/ADdGf6dlAnulwqAWy1Ty30yojV1M/iwXQt6i2XbHOOR5jk+6DjfOE7kjdPa0YUjWolKTl2IMaBjAXGhwO/CenYCKS2lpZEBhdSSR4yTgSSfrC4XAodv9iZwNTiccJh4QyTnlNUPZW5hTJnsmukGMIbpANkAzDBR7UhdloV0pycKO+dzhjCYZXHIwmK8GaVzfBxziTlcTc54CciUWxc58CSTWtIKKwHbITVEWop8jMFFY3G6dgEDbCWcK3EZFBOBgDCQcO5CWoEEeyBgkql2HnASXBxgoYJJxhOawjBT9AR7eCHY4gQCV1wDRykCGhR5ZdWyW0kym8Cmm32C7A/fdRyMncqdbqKSqkAZwOVAoZkyTBD4uny7Kyp6OGIiTTv6I9PSNgZjSEXThQ2wikjoGBhPO65p90OaUNGOUZYOQhvdQ5ZNA5BylUTt3yeAquqq2kEDdQz3WpI7V1enIBCq5JnPyFyV7pH7HZKNhGHKHOnc28HI2F7suUoMAAA7JjQBsAiIoxyBnPIk4kJqY5+nkq8EYR0mx3UR8rjt2K7IS5wwiRxjIJCZCDYOUdgjJOXBSAwAg+i6xoA9F0hoGdX7J34huWDuAk5wDTuEJzsbZQzk91HLAG5HXzkEgBCOtx3OycG78J4AAyFWULcsDGswMkbrhka0YABx7oVVVxxtIfseyoau5PLtLOCUmUsGedyRb1tyEMeAefRUU1QZXZPdMMj5N3nK4kTmzLbZnoZ3ykkkhi2+xcXnsSSSShZ6Ku5KckvpcY5Pk4kjuku4KNR/ZQ1rd0eNh22SjjzvhGaxoGCjUtoMpZG6WjhdSSRADEhunprjgKFjZnNjZkn9FGGXnUU6cF5XW7DCnYR0ABdSSRxQYkkQDCWn3THEg1JO0+6Wn3U2EGpJ6aRhRxJ/k4kkkltYIJJJJUQSrbzUtZF4TT5iplRIGAb9lmKmY1E73k99lkvs42mmiPsHGDlTYm8HCjRAHGynRAaRsscY57NE57UckIibkDfCpZXl8jnOOclT7nPg+Ew423VWH5JGOEm184GVR3LIxJJJANHJJJIQxJJJJo1iXRylgpAHKpmd5bCAd0YDGwQRwjK0EwSS5kJzPqChYWNoByAjnAamRjYHC5KMhU+Rb5BzEeoUObgp0pOrlCJzhZ7BkVwDaHF+eylx/SgtA2RgRgqt+0JjHokaHg6kbYNUi+QHLByY4PKYOFx253TWq1LJWW+giJECSABlDxhTrbBrd4hGwOEqZ2vH0b8fsu7NQkvjywnJyV6Va6Y0lK3Ue2cLO9N20PeyQt8jBlaKtmMMLnA4AWd8HvNHQqa8lTdq0VExZHxwh0MJc8D91DOZZRpG5OVcUEBLdRCzzlk6NSzLLJYa1jc4AUVjfFmc7sUSrfoZsnW2AkFx/CC5ZmbFzJJEloaxjWNbpx+6nNj00uHc8qCzM0rWtHJU6Z+BoHZC+jZVE7QU7pqhoHA5Wmb6KpssBax05H1bBWcj/AA4nSeiyzeWbKotLJUdQ1Lg1tMw/Ud/sqCYgENUmsqTUVD5icgbBQdPzEsbM/W8N/VRvgtre9prOjaBwa+ve0Yd5WLUOcAColvpm0lJHC0YDWgFOrJtEWpu5WS2WDr6ev44YYCTMkhJSA0jVyE3nSM+Y8j0RJtLIiT2WRrcx85YRFnlI2Ck2mEsPjubycqDHmaoa31Vz5YItIHAQyjgqv7uQtNiWtc4t4GyJc5i0iPtjOErZHqzORjKiV5dJO4k53Waw2VdHKKJ0lSCN8HOVaXGpZTUr5HuADWH/ACUe1RlrDMW/VsFUdZVxhpnQDB1jSB/mUMYtgau7462YaV5qKmSpec6icfZDe0veNJySkNhglSrRSGorGkNyB7o3wjzcIu2aX7NNaaSO224Oe3+ZL5iVMo4XVL843J2Q5w6SWOEDygDYK4tlM0VEcI775XO1VnGT1NGnxtS9F9QD5SiJdtkKupWOul8ijc3UGuDtlYVUrIo3FxAaxqP0LReNNUXWQeRp0t9T9lxZS3PLO3Xwaypb8vBhuBpbsvPOo6mWorREXYaAtnf6zw6dzg/B4AWA81XWumLshmcoIrIc3hD4/wCVSub3UqgY50Q2zkqFNKDsOFe2OlEjBq2xhGLSyT3yR0VCXkbafXus5E41DySNid1O6iqzrFNG4aRyPdDoIA2MFw53SpywHGOSypo2hrW4wPRX1IwCJpaFV2yFr5f5gzjhXflYwNAws9nIzG3kaTnYLEfEa8uorf8AJRHEs50tPoO5Wylk8IF547leN9TXN17v7/N/LiJY30HunUxyZtXbthtXsFbacwwgyeZ7t3H1WtsFEHzxPkbsTt9lnoI3PLY2DfYL0Hpm3ObT+JKOMJtktqwJ0+UsGsoog1jGRjbbZE6hqv4dbHyNd53gtbv+6NQgBokLOOFl+sq6WavZTE4jYzOB3Kwt5Z0I9FPQQOrK2Njnbvdz9165Q0rKOjjpmAYY0A+59VhuibS6oqDXSsHhs2H3XoUfIwseps52osmUjG+CM8oqHGMNwiLlzeXyEgy6Acrg5RNiBshBOjhJJJQg9JJJQgkkklCCSSSUIJJMSUIJJJJQgkNn1BcRNbfVV0AOHCCeSlk8ZTDupjBBPfpQwcrpGe6QGFTeSDclJJcJzsOUUVkbAqOq7gaCy1D2SaHvaWg+i8fkcXN1OO53W3+I9c8Sw2wEgga3+/ssJOcEABdPSxwDPCI0wDuV6t8M6BtP094wGTLITleWBushufq2XuHTlI6hstPSloAawbD17puqliG0XVHLJ6EiucAdyhLmdGhD8lcTUkJYxJJJEGPXcDG/C4o9yldT0E0reWtP+SZHspnn14kir+qCWjLIjoB7ZytFGPDbsFm7A1tTVvnkGXayVpZBhhW6C4IV9U50km52KJANIGyA/wA0qlM2aFsgslhDsMrFfFG+OtvTErGO0uncI8jkAnG36raEgDdeSfFaqZc7/bLPHJiJo1y++OP8iu34yndM5PltQqqGjG3Boo7HSW9jtpHNL8c4zwrmANip2BowA0Krr43T3ttMQDFA0HCsZ5wxoAG3ZfR9CttSPlmtucrWRCDNU+bcErZWeBkcLNIwAsvb4vGlBAzutpRxeHC1uN8Jeqll4O54en7NzJrQNiiyEEJkXBQ6l5DQsG3ng9DnaiuuFQGh5z7BUwLpH6ieVKuDiX87IMAy4bKGS6zJOpGEEEqxAwMKJTN0gHClHzZCbX2ZZ2bFkh3iphpKKSpmfgMafz2XzRcqx116hrbg86m6y2P2C9e+L99Nu6fkpYn4lndob/qvF7fC5kILt3O3JK9b4fTZkps+Kf8AiJ5TfOOlg+uWWtspjU1TW4yG7r0Sy0QaxjGt/mOOfsFk+nKaPAfjLieVvLWBHGZCMnGF66EcHxjV2c4LKsk8Oj8PYkcqkjYXHB2yps85lidlAhbkDARt4RkhHLOmPSN1598RbtM3RRtOA4LfVbzGzUAcALxPqi5OuV1llLstYS1u65uqnlYR19FTypEammx5MKQ3GrjCqYZyydrjxwrPUHtDx3XndUsyyfQvE2b4bSQ0jZFABac9lGbkd1Jb9B+yxez0VZV3Lh32Wck5P3WjuIJDseizsrSHH7ozma3KmAwNeAijhC/4iKOFb4Oenhj29kHA+ZRxygP2qAUqw0weTW9PbXCn3/EF7DHl0bD7BeNWT/t9Pv3C9opMOp2Z7NCyyTPongJZhtJEGM7qwiH8vJ4VbpIJVuxv+5DHKS+z1kVxgx1aMXN3uSh1oJpipFwaRcCcdyhTjVDoxyqOfZ20VcTdiq+rZmY7d1cMYACFX1UJMxIHdPgznaiOY4RXBv8APfuq2/MzE7f8Kti3E791W3+M+E7B/CttXZwNdDFEjCN+ooko2b9kN+zvzRH/AEBdGHR8ysjtY2n2ePuraMZaPsqin/vVbQbtaij2YrBz2rjYxjhFLchOjiJ7InFCPlwQpYe2lQpmaT9P7q2ezOxUSeMEbDdIsgPhZnsrcAOGFJglMRDx2Q3gg8JoOO6z7cGuMv6i/t9a2TS5uxB3ytnabgyUNhldjPBXmtNMYXg8LW2WvYXNBG4Cz3Q9o9l4XyPSya57BwNwqy40waBKwfdWNJP4jQDyiSxAt0uGQVgsie1ilYsmTmjB4CHESwnJVlcKcQS4aPKVXSsxuEn+wmS2M0nT1foeI3OwCpnU9pFVD85FyOcBZSmqPDcPuvQrc5ldQeG7fLUfQz/cjtMHCfHgdC8ZcxQKdzqOrLTsCcYV5dqF9sri7HlcVXVlMCfHY3PflGjLKOJ4ZO1axs1AlbpOMcotE4PjBG+36IksWcHCk1lDu0V7mob24CkSRkHGENzCkCWgAeWuBCvbTWkENceFSFuOSixuI2zhQuEtrNg4MnaHLK3+2sJe4t2PB9Cru21IkiDDyEWogEzCMJiDtj80Np5jLC+CTD27990+J+QB/qra+W6SAyue3GeFSRgjG6dE4c65VyaaLKLzAHCdp9kGmcMgZU0AObgBaE8opckcd05wBXJARunMIyrjLawX+geD6J4BBzhHawEfTlcEe+CMLo6bWfdhnD8r4yOoW5Lk0HTfUbqeRtPM7bsV6LBK2aJsjTkOAIXjL2Ojw5vIWt6T6nkjHytS/LRxld2u1M+Z+W8bKqblFG9Q3R57okD2TsD2HIKcWrUmsHCzgg1NNtnHZVE8WMjC0skYcN1XVNN6AJdkcjqrcGXq4MnYYWfvVqNbTEMwJGnI91r6uE5xhUlU1wcsN1Z0qbsGDpTLTTOpZ9iOMq0hlLHB+OPdN6itzn4r4di0+YBBopBUQgjkbFcy2s934TWYwjU22pZUNxqyccKY+PxAsrQ1ZoqgPP0nYrW0L46mPWw5CwWLB9D0t0dRXwV1ZR5BON1SVNI5jtlsJoA4bDsqqroyewWSaY6dWejPxPdE4bK5ppRI0BQJ6VwcDhcgnMTtLtsKKWDPhwZauZwQuZxthKCRrmhE0FGuRsY7gYAPIUaoi7gcqZp90tI7qBOvBUuiG+QoM8OdsK7qKbbICgSxE4yEqS9gOOOgdDWPo5Gu9Ft7ZcIKyFpY4asbhYGWM8qZaaw0swfkgdwgUvQ2u1wN/JCHDIA3UOanxvhHttfDVxBzSCe4ypckIcMtTjp1yVkMlDPBntwq6qg08DBWjmp8cN/dQKimz2VrIi6pN8FFqcxwGMKbE9rwAUOppTnICjtcWnfsmJ/swzrxwEuVqiq4DgA/6LGSw1FpqsPB052Pqt9TyDOlx2Iwol2tMdVEfL/6J0ZHK1GlzLKKWlqmTMD2EKfBKcALOPiqLVUFrs6CVbUtQ2Rocw59QtVduDBOvbwyfUUkVQPELcO4yF2guE1JIKWqJc0fS8+i5FLnDV2ppXPALQCt9VyRlsr/AEXLXwzjLSEySmA8wCooKiWhmDgSWnkFaWkqoaqMOYQfUei3V2ZRjlHBAkixthU10tLZ2OkY3BC1M1MHDLcBQ5Gb404RNLIm6vcjEUsstJN4Lz+qtowOSj3e0NnaZom4cN9lV01Q6J/gVBwRsCpBHOl/pvDJunbIGya5uppb6o4+nKYQQTsqshkm7Jn7lbCwF8LeN1VgYz7rYkA7EZVNc7XpJngbseQFjsqfoWVLHbojmNe0bqM5pbunRvOwWdxx2Axk8B5aNlH1HO4VllrhjCBNTHYgIJR/RalkG05GSmB5Bz6JOYWp4IPHZL6L6JNFcnwSg8Dv7q4iq4pxkOWbc3HdPgqZIHauQnwtxwKsrUujSOi1bggoEj5oCNIyEymrWPaDnlGkeHjyrRGW4zODQ+CobLs92l3vwjgysOWgH/VV0kR22RaarlpyGu849CUyM/2IsgWkMkZALiAe4KvrVVSwYfDMR7ZVC00dczAcGP8AQ7LjRWULtUbyWj32T1LKMt9e5cnqNs6iEwEVW0emVYTUlDXRksLTkcLz20X2F7gyoBafVaumly0Pppd/YrRDD7OZZVKEsxM31L0lJAfnLezQ9pzgd1nG1skR8KthIPfIXqL6mSRobM0ZHfHKprnZrVdwWeVkvqBhU445Q6rUvqZl6Gt+Xd4kD9TDy0lXlHcqOvDoXM0uA3a5Z649P3Oyu1sjMsWcjHoosNVBI7zao3jkcIflwzQ4qayjXxuuFmlFZaaqSIg5w1xwvVehfi9DU+Db7/5ZfpLxsPuvEaO61dP5S7xY/Q8hWoFFXN1MIjkx9lqquyYNVpY2xxJH1fTz0tXE2ajnbKx2+WlP0ZXzl0n1xfuj5GxF7qml4LSey9x6R65s3VDRHTv0VIbl0btj+S0qSwecv0ltLyllMuvCXNACnmIYyWqOW4OExYZkw12R0pImSjDgjmIjfCHo9leCZK2ptgeCYCGu91VvZWU8mioaS08EDZaYMITZo2yDDmhw9FCZM+2YH0Kfq9lJq7LkmSjdoPJaeFUyVE9I7RUREDPPZQYkmTMLmkEJsFXDIBh25TwN1YWARjGUzwmqXoOM4Q9KrBMkcx5GEtBR9AS0BVgvJGMTXcgH8ll718P7Xc3F8AZSn1Y3v6rYaCloKXKrcMhdKt8Hil06VvdhkJfTmeDs+Pc49woDJmSeQ8jkFe6zQtkGktBHuFmb18PLRcw6WlYaWoO+tmwJ90iVJ0atanxI8lrrPBVDVEGxv9QNiqKqttTTkiWLLfUbhby7dLdRWIl1TSGaAcPj32VfFLBIfDlA32IKQ6c9nUp1axwefVFugmzpABUB9LU0rssJIHC9Grekaerb4tu8kh352KzldbKy3vMdZCQOM42Wayh+jdXqlLopaarL/wCXNt90aSmhmbkALtRSRHdux9lHBlhdjKRKD9mtS9kee3jfDcqDLRPaTpBV0JNY3CHIzIwkuGOQ1MrKauq6J+WucMe61Vr6wZIGxVf23WcnhyPp4UKanfkYCONk63wC6YWdnqAfFOwSxOBa7fIQpqSKYeZoz6heeUd0uNAR4U5LB+FxyFqLT1fTvxHWN0n17LRG6MliRkt00k8xJstA+I6o98cJkdZV0zvN5m+ndXMU1HWM1wSNOe2UCelY4HLcFMx7Qrc4cMVHd4HAB+oFWDZBJhzMEKgno2tOWHBQGS1FNJkOdt78qrI5Y6F+3o1PijGNQSbMCceqpYrpG8DWHBylRVAlxpygdSaH162cWWfiAEd1JhqjHgtOFVePjGQuibI5KzzoydOny7hxk1NDe3tw2SXA+6uaa4U0gBEgyVgY3ZIzupcM5jIOFls02T1Og+pdqW7k37JmybtIICksqXx40nhYulvJp8AuICtqe9U8mATufdYZ0Hs9F5miyO5Pk00V0nYf5gDmohloLiNErBk+oVRFM2RuRjdEYB32WeVUvR1q9V8v9yTVdJU8rddDLh3plU1XZ6+jJEkZOO+FdRSzQkOikcD91LN0c9oZM0Z9Uv7vZoars46MBV0FLVZE0Phu/qxhV01kAbmjqMPHuvSp4KOrjLZYY3A+gwQqms6ZhMeaN2lw9d8ooyj/AFCpaTP4Hn7qq5UnkmBIH4gptN1FENLKiMgYxqV7JYLgNvDjlz2VJcLO1jy18Do39xjZMco+mZpUW1smQ3egqHaA8A+6leFSvAc3b9wsrJRRxg4d2QmS1bAWsqXBo4GUiWGB88lxI1MlE3WJKaYwPH9PBU6jvlxoCGVQ8SP+obrHwXCshfqMpd7FWkN/pMBtU7Rn1GyWPq1Movg3FPdLfXtwXNa48goc1sxl8Lsg+iywZT1IEtPKN/6SpNPcrjREAPL2Ds45QpHRr1Lf5Fr/AL1TO7uaOx5CO2qglbpmaPsUCPqChfH/AL0Cw90YNo6lokgeHh3p2VG6NkZoBUWi1VxOqPS71aqyXp6voy6SimL2DgZ3Vs6DwzlhIK6K2SAgPBI9QqYyVUJLhFAbpW0hEc7XDHdTKPqOCZwhL/N7q1e6jqQHSRtLu+yrazp6hnzJAAx57t2SXLDEuE1+JZfNlwG+coNTR0Vwi8KspY5Gn1G4/NZ51tvVM4xxzlzexynQXuWm/k1jHc4z6K+wJJy/JAbh8PqWV5ntM/hSA5Dc4/dQBP1p0uXNBlfEPwnzDC1NPXRTAOilBB7Z3UoSh483m9iUsyuldxeGVlr+McDIxDeaBrC3YlgwVp6bqXpbqKnbmoiIeN2PwSszc+n7LcmnxaZkcjvxNAGVmqno+ro3OmtspGOzUsXL5YcNZN9cvhv0neYDimaC7cPjxsVgbz8F7lTve+1ytkiHAd2USHqHqmzgwOfOxufqc04K0lu+KFc2nbFUxa3t7juqnBSFba7OJrB5ldekb5Zi51TSFzG8lgzhVDZd9xjC+hKLqyz3UMMgjZIRuHBR7h0l0veCJZ6Nms8uiwM/dZ3RkTLSPus8ObXTswWSKXFdakYD3jC218+FFNGHT2mqc3PDXbrH3HpPqK1El9E6Vv8AUxInptvQuddtfaCx3WAjS53mRIpmyeYOCoTzonhfG8c5GE4PAGBK5Z5aaSB+aUezReOQcYzlMMUU4LZGNIPqqaKtnA06yQPXlSWXGNoHiFL+JoYrovsJPZZWZlo6nB/pJQBPX0rR8xCS31aco/z7JceG47Jza2MDD+6vayOUX+IBtZTPGSQD6FNc+Bw+vlPmho5nawwD1xsoc1E/mnf/AOElWoZEzlMKY2E5BC64OBBaeFAkfXQ+V8B27pn8Tx9cZVbEL+RR7LcV9RCANWUWO8y5w/hU8dyhkOk+X3RfmoD+MfqrccFfMvRoornHpBcd08XLH4gR6LOCrj/C790RtQcbcK8Mr5UaA18bhjTumCQEZG6pmzHPKlsqCMA/qiCU0yd42Tt2TTUjghBZPAOX4TtdLJy7JUGbkE1g7pawh+XPlOy6WlQCSyOLvdcMvbCaYzzumnZQW8oed1zAQi8j8KaZiPwowGkP0bkg4yh6fddEwdtjlMcCM7q1JlbUc2CRxjZMJOVzJ9UTm0KcdrEedlwgHlLISyEakw3FMamage6dkJjkaeTPKCXQIsY47tTTCzsnZC5qKjBcQHhN4xskaaAjBZuiLhIxhDjJeGRzR05OQzC4KYNPl2RTyuItqKw/Y3DguaX/AIeU9JVtXYSA4rPyXQXfi5XfEHqueI1VsSHKWDhc89lwahwMJ3jM9EvGZ6K1BLoLcN11HZ2EvGqW/wDE4S8VnokHg52RTgsEVjYT56sbtrOfuni7XAcSnCAXnGzUMuqBw8folxrWRkbJ+mTheK0bOcSixXiXUBLwfsqwNmPLgU9sEhx5gjdaQSus7yWhubCfO9dN4iPdVzLe92DIQnCjjadxhLdaZctRZ+ywN1YRjJ/VN+ezxqOfdQs0rOCP1SfUxsAEY3VfHguN837JprHHcAobqiU/VJgKH4kzz5XABdbHKd3vyjUEgHbPJI+aZnBecrhlkI8p2TGs3GQEQN24UUI5Cbchpc88nK5lx5RNA4XMBTYgkhwG2/KQOSnEriWkGkEZ9ITkFOanLoYgicm4KeOVY2PPAsFOG6dsQNlwuAQ7VILocGZ7JJnib8JNGpC4ZZG2gpcCmF5O2EmxklP04GcI4wx2T/IMtPK5hKSoa3Iwob6gkkY2UwKsmlwSTIBzj9UA1BP4QgF5JykBvnKYLdjaOySudwFxjSU/A7rhIwrwxLlkRAQ3d108pAZKNRAbx0CPKeAcowptslPDABwmqJMZBNYMIgj7hLOOQnlwxwjSDUBqZJnbCcQSeE+NvmGQoEkCAcTwnsA57qSGt08IOk5OyWFjB3QMIZ2RSRv7IDiMJmST4GPfnbhRxjguCbUSEHA7qbabW+peJpBsN8FLFJOyWB9utzqxw8n5n0WjhjipIhFDGBjk+q7DSsiA8MaUdjBsTuoba4KCBMceSOURzvZceQzshGXbGFBz4COc0NO44VdV1AaOQm1VcyPIyqKrr2yuIY4ndQzXXKKH1tY7OG4UEukeckp+nW7JGU9sYxwoc6y1yYNrOCd0QAYXcBdUEjRyn5AblB1IbpCByU6MtqCckEdMGnGB+qGHmVwbwgkOkcNlIbCQARyjitwtzyPDAOUQEJun3XTunxjgXubYTXgcpjpcbFCAJOclE0Z7KBN5RwlzkhsTlLVo7ZUOqr2wjfYpbaQuU8EqWVsQyVVVd0duIio1VcXynBOyj5Bz2ykynkRZbk5LUySu/mKOBk8oxbnuueH7oDLKTbOAYahnlEJCGeUsESSSSFIgkkkkf4lt4PSEkl0cr6b0fKRye3AcCAlpOkbImMd0SWQZPAhwm5wnkYTFYA9MST1ChIE0mHaQiPfgbKPpJdqKgyI7nldThwkmxiEDAOUQcJYCKBhFFEEBhdSSRkEkkkoQSSSa5Qgzb1XEkkmTyQauEjHK6o1bIIojJnhJss+NZLjHc8FfeK6MMMTTklUsYcTgp08jppy4+qLEBnGOFzZy3yydCuGyIenjORspJeGNShADeFFq5vbCp8IpfcyuqyXSOOck8qMpLhqLnFA8Pc9lnk+TTFYQ1JJJUWOSSSQhiXRyuLoHdNY0eAMLuAkOF1QUwoGNguP+krqY5zdJ3UCAknOEeFrsjAQPxKyga0RBxG6oROWBAADhRqg7KU8gAqvmdk8pcpbQYtsA76iUwcghPlwSmxg7ZWectw5SwggBxwm5Pqi7aUBmS8lVjJUXlkiMBKQ4xhdZ9JQ37kd+U38UQZ+aewEdk1n1BFONPCEZSnKeEJ5zgNHK09kodfhjHlG59ys5QMMtW0AcL0SyUQLGADGMFJmes8RTve40lrphS0gAGMjKgXerMkvgsd5Wjf3KsayoFNTEA74wFnyTI8kncnlJb4PYPhJIPQR5cXkeyuoWhsQwMKtoYnHfCnSPLGgBZ32aa+iNVu1yeG05VpA0U0HmO7hhVlIwSVbde4zlXcrGSkQjnlImjVUtzOUEPlfOR2wF3Blkw3cnhSJj4UGhoxtwh2thmqQAOEqUsHRqTykXtDEYaZrCclRr1VGCm8NpwXqyGI277ALKXqrNTVENPlZsAks2SkoxwQDwd1Z9LW8VdwM0gy2HzY91UPkLNsZyt10vRR09tEjR55DlxSbeAaE52plu4gA9lBmeXEDO2VIqT5c5UNp82Vjt5O236CgYGpAqpjjThSHPDW4wojm+K7SBlJSxyJsbxhEyz02oOne3Y7BSqhpcNAPKPCxsUDWM4AQRl8rW45SpPJorjsgiXA/5ejJA3aFWyO1uc4nlTqxzYqYsG5KhNjBDeyU1kepYRbUBAo2knA3Xn/W1eyouDKaJ2Sz6lt6mrbBQOAGnAXlVbVisuc07B5dWEyCRzPIXfZg7ISAA0LTdOUJp4RUyjOrhZuIePM2PC3MbQGQQM8vlGyTfPbHAjx9O6SkSKWMGQzP7cLQWiMlrpdIGdge6oxGTpp2jzSOAWqp4hTwNYBwFw9RZlYPX6WPsqr7MC0QDkkZ/NbewULbZZYwRuQHkfdYWCF916hipR9GQ523ovQ7nIKana0bNaOFz2svBt6Mh1ZcpG5Y3vsFTUzPApcfik3KHdKp1fcS0btacYRHnYD0GExcAOWeAWklwA3OVr7XGIKXUdshZe3R+LVtaeFpriRT0Ja3bZQpIoKh3zdxLBuMq5gpjGGtxwqW0RGWsyd+60rWnbbhZ7BtawTLdBhxcOMKcDlCpWBkWw3Kd9A1E7BLHcLsz/Xd1Fsskr2yaXHbHdeVWmFz9VVJuXnIytD8Sbsy53WG1UzjrjcHP32woEEQa1sQ8q01o5N7+S7+yLSzU73yCUNJwdl6fZ6N0VPGx5B77LH9J0ZqKhrWNAEWHO916DRRObIMBI1MsS2mulB6iZlFSPmk2bG0n7rAO8S6V7nvJzIdvYLZdUVEcNE+nP1SYAVR0rbo57gHyDaNuQsU3g1YNnZLe2hoIqdgxhoJ+6uaNueQosRz5WjAU+mZoAOFzrp5ZCSBgYSSSWBvkMMiNQ08d0wAdkJJmD6p6hBJJJKEEkkkoQSSS5kKEOpJiWQoQScSMJhIQXOIJ3PKrJB55SyVwb8JKwB6GeF1MVMg08pJJISCQs4OS7Abuiquu0/yltqagnGI3J8Flhnl3VVwNffqiQO1MadA/JUk7gcBGmeZZHyOOS4k5+6ivdj3XVoWBdhIs1G+vulNSRHDnyDfHA9V7zpbHGGDYNGAvJfh3S+NfRPt/KYT916tI7U3OMLPrJ5nhB0rAN7iHbFMXXDBxnK4sZpQkkklCCSSSUIEas51vWSU9qxG7HiO0laMZOQFhOvqpzqmmtpyNB8V/pj0Wivvkr2BsUTIoY3gbu591ZVM22MKPRsaKdhbsMJtTKC4AdlviiCj3cpQ4UaI8e6JnC0V8MFrgVXL4Tc5AXg9wr3XjrKsry7+VR5jOfUL17rG4xW+zTTyOOWtOwPOy8StLHRWmprpf7yqOXE8k5XrfDUZe48h9QalxarRJt5dUVFTWE+V7zjPoiVT9bg3hNoB4VINuSU1vmmy4k7r3lMNkT59ZL5LeC76eg1HOO4Wvj8uMhUlhpmRnzNwOVegDsVy9TPM2e28fBQpQUO9lEr3YbupI7qrrXukJyc4OEiHJsufBUV0up4GOVIoGFw14+ygTu1VOM8K4oW6YmbJslgwzZLiADdgntIa0k8BczgBV3UVwbbbNPUl2C0bLRpYOyaic3yGpVFEpv0jw34v3Y3PqqOjiP8qJudOe+VT0sOoBoHsq81Ml1vNXWz5cS8kHPbsFf2GIS1eCMhe/8dT8cUj8x+f1stZqp2S9s1FloBHEwacbLQOmFNRvxzwodHG0ANaONkqrLqyGlJ8pOSuyuFk8nbLdIlAk08eeXcqRTjABIQ5m6JPCaNmqVC0NaEi2ZdWUZ7q65MoLdKS/SNJ/VeIPkEkjn5+okr0H4qXWOFjqXkuOy8xgy7clcjUzPRaKH2biQ5uN8qyo36oBnlV2ny7nsnUFQWT6XHyu2XJuW49F429U2pMtBypLSNI3UVEHKwtYfJ7CDWMg61uWnbss5VNDXEe608u4GVm67acq0Y9ZH7ckCRu+yKxJ2MpzfpVnKS9iQ5G6nNwnf8ROOAQSOEscuy4tc7vHh07EObuvcrUS6kif6sC8CopdNREAPxD/ADXv3T2JLPTnuGgJM0e9+m7HP7SYWj0VnAM07R7KDp91YU4PgjHoszR7aBlbqA2sJAUR+7BkKbd2H5sk+pUbSHM2QnPs/NkIc4wokgHiHKnsA+YaO2FFc0umIHqmx7MN0c8FTNHipcoN7j1QO2z5Vc1MWKguUK6x6oHbfhW6g4msjurlA8xOzyPdEkOGhDqvLWPadsEp2oFuy6dfKwfK7+JuI2Iebcq3gaRG1UmrzYAxgrQ04Ba0+yJLBgueEPa0nfCNEzI3SDduFIp498cJkY7jBOeWQpovbsoMseyu6in4ICr54SBwhlEZVZkqJWDOVFxpfzyrCaI5yoT2EHhZLFg6NcsodyQVa2qocyVpHZVI2R4iQQPVZ2smvSXvTz3I9DtlbrwQdlfnEkbSNtl57Z7oGFsRytzQVjXsA7LLZA+oeM1q1FSwCuFCZ4sNxqG4Wfmic0mN4wQtk9mWaxwqm90IMQqYxuOVisjjk6Nsd0cmZkzGQWrX9L3TGiJ7huOFlHODjghHo5jTytfk4BGyXufQuuWGbXqKibW0xka3zNHZZCnfrDqd4wW7LaUNYyphBznIws7fbcKSoFTC3AJ3R59l3V5XyIgUf+7TmNw8r+PurN8bXNBVY8+K3U0bt3yrGjeZovcbJgEGyNJEM8fugPhyPpx+asnw5GwUVzd+EvIyUCtniI3AQWOOeFZyw5GcZUOSAjhqBrgQ4NEijle1w0yY9le00wfpyR6rLxZY8Eq1o6gbEqRfI2t4JV1t4qmOkLQ5p2I7/dYO40fyk5AGGleixy6hjlVV8tUdTC57Y8O9k9MRq6vli2jEwvLDyrKkmydPqqiWN8UpjccaThSaSTS4d06JxFmLwy1nh1t1NChsDmvwdsKwppA9oBHCZV0mA6UBMaGpChwQnObuMBRackO3Uxg2RxeHktxTQtLX7FQ3TPoavUwbKa9pODlNmp46hha4b9iurpdR+zynmPGOcXKBsOkuo/EDY5Jfbf8AyK2sb2yN1tOy8Np5qi21AcCQAV6N0t1NDUNbDO/nYHK7FdqaPmXkdG6pNwRrkGaPU1Eje1+44TtOe60fkceEmmUdfSZyQOFn62m524WzqYQ5p27KhrqMgnASbYG+m0yc0TXSCF7Rpfkb8LMVdM+y3DAB8GY4HoCtpdKMvjIYNJws7cmOrKQUsjdUjD5HDlc62vKO7otXKt5RDJa/thWVjuhoJtMpJjft9lS0glnie0YM1Ps9qMSZMAbFcu6t5PpHidc7EtrPQA+OZgkY7IIyo08OvhVVhuzNIpJzgjgkrQth8UZHdYZ8Hs9PL+RHJRVVAPqAVRUUzmO1Y491sJKc4OWqqrKLVwOUprJJ0ZKilnIeGu2Vu3S5oOVUzUr2ODwOE+krWmQQvOPQq4zxwxShtZZ6fdCmbgZ5RgEx2+yMc0DBDvKdkCopCW62DjsjOjcXAhSWN1gNOyGSyL2ZKCWH/D+6jFhZnAV/VUYG4VXLGM8JEo/oTOtnbZcZqOXWw7dxlbu03CC4RB7HDONx6FecvYWqdZLu6gqQX50HYoq5tPk0UXKEVGR6E+NpGwyoc8IcOMKTRTx1kXjQv1AhPlj9lqg1I3KSnHJRVVLnt2VTUUxafRaeaEH8P7qvqKXjIVyRnsqz0Uw1McNt1LpqkPxFL9gU2Wn/AMOEFpLeQgi2jHbX7CXSzw1tORgahwe4WPfT1NtqdBB05/IhbaKoJOD3Qbnaoq+AkAascrRGWOTl30b5ZRR00wdpIVpTztmcI3DHus0BU2uoME4JbnYq1pqwB4IAP5rVXbgwyhjgm1NE17SMYzwVXRVVTaKjuWk/kVcRTtmABSlp2St0yMDgfULfVcY7KvaLCgrWVsQkYQfUIk1MMZ4WWMtRY6kSR5dC47haiguEFdCHNcCCP0WyM8mOxNAHwgfhVBerJ8x/Mp8B43wthJSEtLm4IUF0e+cIzLbSprkxVFVvif8ALVWQ5uwJVrs4bBFvdmbUNM8I0yDfbuqe33Etl+Vqhpc3YEo3yYJRdZZ+CDwEM05PbZS2jZcwFbgmXt3GcullaM1EA53LRwqN0WlxGMFbx7NWx3yqW62oOHjQN45Cx205AcNpnA7SRvypAeJAARhcMJJO3CHgtPCyyrdYtvgc+nDgS0fkoZhlDiHN27KYyU8EJS4eEtRyCp4IqaQHbZwiOhOSRso+ktO6XLgYsPkMx5YcgqxpKzIw7Cq05riBspCySZJwTL4FrxnCYW4UKnqnNaGSHOOCprZBIMha1NNdmSUGmNBLTqB3CnUNyxllU/LO4UF24KEBl2SjjOSYDrjNYZohBBP/ADKSXPfSTuFY269VducGyaiO+VkmVD4SHRkg+yuKW9RTNEdUwHtkhaq7E+2Y7dK3+J6La73R3JojOGv91Lnt8UvmaNLhw4crzyNgBE1FOWnkAFaqzdTsMbaevJa9u2r1WjOTlX6acHmKDT11dRPMNbGJ4cd252VTPZLHe3ONHO2KbktO262RgjroswsZKCNxlZ6ustNI8viDoJB3bsQUMogVSafLMrV2a62l5JYZYx3G+yfS3GM4ZICx3fKuhLd7b5KlnzMI74yUx7LJeARoEEv6bqQW1mqUlLgfDM57AC7UO26kMuFTQSNnpmgPach2dwqiW2XK2nxKdxljHoc7KTT3KkqP5NQ0xP7hyb8zFOtNYZ610Z8aKyLRR3c+KwYGXbn9V65aL9bL7AJaCZrnYyW53XyobVxPRvGrnnYqVaOsrp07UBzHyxEHkOOE+F5ydX4/Mt1Z9XlpJwdimaCvMukPjHT14ZDc3NJG2scr0u3XWgusYkop2vyM4B3T093Rx7aJ1P7kGMQIQjEcqaWHH0oXh7nypnKEJ5ImgJk1LDUMLJo2uB9QpmlcLM91MhZwZS4dJu3lt0+l3Ok8KpFXdLa7w7hAXNbtqAXoDmnHKh1FJFOwsmjD2n1VhRtw+TN090pZW5jeCT29EVsoeMjgoVx6QaA6a0zGCTnBOxVE+5XK0yCK5UrgBtrbwVBqcZLg0ySrqK8UlU0aZW5+6sGuB3achTOSOLR3R7LmAjJKsgJ5I+AUh5TkJ4GV3T7q3gmRkjQ/DTuPRZvqD4cWO9MMtNEKSpP449tR91p9DvRFaEqUE+jRC6cOjxO5dK9S9NyE6HTwt4czfZRW3GlrW/L3GBpxsdQ3Xu5a0jBAP3Wbv/w+6f6hzJLE+nm58SE439SO6TKGDbTrkuzxmv6Spahpmt0gGfwlZe42Oqp3ESxluO+Nl6tceiepunSX08X8QpW8Pj2eB7tVO2vttwJpqhobINi14wQUmVO7o6lOtf8AUzy51OWdwfzQyeQQvRrj0VS1bTJb2lrz+hWTuNiqLfllRA5pB5xykz0skdCrUwl7KFwBQ3RNOchTDFjhDI0HBWaylo0q3BWy02OGqLJEQeNh7q7e1rhjAKjyUjTlZ5U5GwtTIdJda23uBjkJHoStRa+r4pw2OqGD6lZiajOfp/dAEBaeN/VHGc4dFyphZ2emQT0lUNUT2u9srslLCTqLV5xT1VVSv8SCdzSPdaO3dWuwI61v/iWiNqa+4yWaaS/Et6iiYDlmxQg17HAtzt6FSae50dUMse3f3RQxpyQOeCi3IzNOPDBtq8YbId0dsoPDuUEwDc6ULD2/SFBeWmWLZi3CIypOQMKs8SYbSDZFEwI3CGUMjq75QLds7SN8J7KjS4Fp3VUJ/uE4SnlZp0I6+k8o65JZNFT3SpYBiTb7q3o77ggTn91joqstGCjR1gyMhZ56XB6/R+clXwmeg095ppRjVup0T2zDIXnkVdp3B4VjTXypiGA791ks0zS4R6DR+d+SWJs2xBbjScLoqHxjc5CoKbqVvhjxmEnurWluVHVAFjwD/SSsrplF8o9LT5CMuEywFTERlwASfFTTeZzWO+4TGiJ4wdimPgc36CceyTKuRvjfv/LkgVfT1sneZHQAE842VNU9IQOkJhlxnsQtNv8A1FMc3OMlJeUH8dU+0Ymo6SuEbyIdLm+qpauhqIHGOppjjjJbkL1DG2Agvhjef5jGn7jKHDBloov8DyyOSajfqp5XM/wk7Kzpb1IwgTjI9QtZVdPWqokMrqcAnnTsqSu6Sxl9FL/4XKdGaemurfAaKehrGYOnJ9UWCkmgk8SjqC0emchUUlludG3xAwn7JQXOtpjpexzvZC2kPhY6/wAjWsr6mMgTFsg9Cj/NUsrcnLT3BWepbpBUbOJa70cpzZGkZBG/upk116mXpll4MT/Mw5+xTXNlZ9B/JQmSPjOWOIwiNumR54849CgkscmiF6a5JbanPlmauSx0E7CyWBrgfUIYqKaZu5wfQ8pzYmvOWPGCgyhilGRU1vTrv762zlpH4SVFxfre0PdAZm98chaDw5mHyrrZntOH+b2VgyhH0VVLfaWf+XUgxScEPGFNaTjxIZAWn0KdV0VurHB9RStLvUBVwss8Muugri1nOh++EvojzHpEub+dgSMa7HqAVU1vT1BUZkjZ4Mh7s4/RSvnaiB3h1sBx2e3cFP8A4hTngn81BbhG3iaMxV9M1cP8ylqcvb24UZlV1FZnioY+R3qM5WyDo5W6g380OSBj9nNBHoVMGeejT5g8FJRdeVTZB80A4Hlrgr2DqeguDR5mDPLScKvrLLb6lmDEAfUDBVZN0xG1uqnedQ90GMsS4W1rlZNDPS2ms3+ThcfXSFmrr0Xb6lzpafMDiew2UdsF7tspkLZAwehyjs6hrIHZnYXNPqMK9iYhyr/riyhrOjqunYTBKJCO3Cpai13OB5bLTFb4dTU5zmHC7JU0NU0SB+CexSp0JCZQrn+B543XAfM3BSfLq3JC21TbqGpYWmIH3VTV9PUMg0gOBHcIFQhcqZr8ShbUngEJ4kcDkOzlSanps+HmmlIcOygSWe5RDOvKXLT56Ey3x7QczOI3BKjvjgeD4jM5Ud0dzYSC3YeyGZpGuIe0jHKV/HYDlH+o7LTx5JjbhQ3REZO/6qX8zBjzOP6JjqiAjEZBRqkzydb6ZE1PDsFxH5o3jzBgGs4Huu+HHJuW/unNpDvuqdeSsHGVcrT9bv1Uxt0lAAByobqR226b4TmjdV8RSbJ4uMrjyAisq5c51ghVOh4KeJHDtlT4mM3svGXFzRxkpwuko4cVSNqiNi0p/wA4w7aSp8TL+f8AZeC8v4OURlxhyCVnvHXRMT+MqfGyfMjSippn48+F3DDuHhZsF44eUjJIB9ZKnxsnzGgw3+oJbf1BZw1E39R/Vc+Zl/qP6ofjAd5ocD+oJEDH1BZ35uT+o/ql81J/Uf1U+MCVuS9Lt9iuOfgcqj8aT+o/quGZ+PqP6o4xwD8hcmVMLgVTeNJ/Uf1S8aT+o/qiwR2ZLf8ANIuHqFUmZ+PqP6oWqXP1H9VMFbi1MzOMhMM7O7tlX6n4Tf5hOAESiy939iyNVANtW6F8yezQQobYZj5gxFDCAMqbWyP7ug3zXfH7IZqXEYwmiFx4aniA54RbCsDPHeTwlqe4blSWwtG+ldDWhRrAW1gAx53K4Y3AKRt6LoAPZUGotdkUMfqxj90Vpw0BPOD2XQ0N3VhxiMEed08RtG+N13Vjshkk53UG4wFaIwOQkZWjjH6oXguO4XW0jjuSoV93oT6qbhuyF4lTN5MqXHRjGSMp/wAvgghuFQOyT7IApJC4FyO2m4JKmtgJG4S8PSeFA4VsjsjDdgEZjcJ4wNgEiVBihgW3ACWSnk5XFMDFFDScriSShQkkl0AngIMJFpMQGTgIwHdINOeE8BWNjHIgPVdT9J9F0A5UNChwc0lDDCSpHl0gnbCA+qp2ba1WRMpRXbCCLOE0uaw7qLJcMHEQOFGkqHPxlQCWoXosjVxhpyceihyVsjsgEYUc5PJTGhwIyU3DEyslIKZHP5XA4k4Tg3Zd8Mt3IUwJcn7EGd8Lo2SSdLnYhGohDShnVlFwTuntjJPCaolOO4G2MuRWR6cEozIRgdinvaCMcIuEMUQfHdcOOUwk5SyfVEVg5n2XRykAXHAUiKLbJCrOBgwMAG4RAAOF07JiotrAlwsBTAMpwiLtlOisZAOOlBcHHg/sp8dvlkcCNwrektrIdLnMGVAlW5lVQWhsrA+oGM8BX9PBDDG1sbMaf3TixgxjZceQ7GCrHQp2vITWBsAmZTDsMoDpwcgjhWMyl2OnkDeSq2vrPDZpxyo9xugDi2MEkd/RVD6qSXJkOQOyEy33x6Q+qqXzOx2OyjBmDnCMwk7FqeGeyhjsblyMA8uCiJITsEYyolkQ+B+pvqhOlznZDc7B5TC/KvGBbmPMmE1rS4rjWknJCMAGBFGLYpybHtia3fuutfgY9EwOcRs391wNIOVohwWFT0IHHZPcUzJDp2C54gIQairjhaSVTVNf4pLY3JM7McATviuGS664OjdojPZVT5ZZnEyOTslxLnHJXCMd1ncmzJOzc+AQGO6dnCR2XEIsSSSShAep3quJJKEEkkkhIJMT84TFBMpbT05dYDqC6GOzwntYcZwvpp8rbwdAGE5cXUYPYkkksZUxksS47hdQpHbgBQg1xyV3ASG6emKJBiSekjDEug4XElZB6SSSIgk5NTjwoQahuTjyk5RkBpJJJDIxLPXyuc0/LjvlXFwnfDTOdGQCsbJK+aYvkcSSVz9VZxtRq09WXuHs1O37qZTtOpAhbjkKdStwM4WWH9zVY9pILhGzHqqmrk1yEDgKfVv0jA9FVPOpxKk2SBxMTshNSmaRiSSSsASSS6OVTeA5SwIDuiAd0gO66rLbCgY2CSSa8gN3ULBkoZJykeUgqbwBKW0PTR63AEZU14LGgAfkuW+EBvikdkSQgkqCHLcyNOSBnPZQHk4JU2pILCzO5UF+zcJVnofUkDJJk3RGs2BAQy06s42R9tKQRsG/sMrtO084QZD5xhS4G7DI7JkFktrCyPOA0oLQdye6K8rhAARPkgMg9k5daMpkmc5CVM00L7slpYacS1RzvhemWOFoaNuwWL6YogyNjnt8zznK9EoadtPANt0pnvPE6bZSpP2RLvKzdmd1WUkZkkGdgEe5StkqMNP3R7fCQQ7Ss05ZO1FZeCfBGGgHCFWP0YaBypLXBreMYVVI6SWYucc4OySa4LBYWlofI6QN3A2yrOk1SV4B7eiBbKYQ0+fxO3VtTxtpKcyYGt/cpUpYNtUfZEuMmmbT2Vl0/S6WPqXDY7NVBM4z1WjUTkrX00TaeCOJuw0hIs5N9CzLLAXWoENKSO6x735cXE7lXV+q9WaYZWdnOAAPTCSHZPDJtoo33C4xxY1MB1O+wXo0bWRsEcbQ1rRgALKdGUUsYNU8eXC1AOQSs8zfpa0luYGqfiMnOSgxbNDuUypJc8MBT9Pg025yQsk1k2N4WRTSavQYCZb2OmqduBuVGdMfq9Vc2iJrITJjcndVNYjkXW980TJHBjNIQqEeJUBxGy5VyDsM7IlGDHTh5G4WWUsG4HcX6pDGOAmU+xDe65L55S8906nw2Yynj0QAyltIHVNZHTW5wJwXAtAyvN48BpOMnlabrW5RzPFK3OrOeeAsyyMnHumLg4GqsdtmDS9K0LJpvHkA0sGTlaWj/wB6rn1Ib/Kj2AUO0U7ae0texuHP/dW0DG01OyMDd4yVy9XbmeD0PjqNsUTbTT/MVPjubs3hW1xkEVOXE4XLdTtggbt5iMqv6iqcBtKw+Zw3XKs+470IqCwW/Q1Caq4PuLTmNo0klXfVVfDFG9oPAPdE6TpnW+yxte3GoZ+6yPWNex0j42HjYpKiMlNIpaAmV0tTpw0uIBRaiXQ3A3JT6On8C3tgcPM4alHmwaiOI75O6PAtywaCxUYiY2pkbkncJvUNY9z2wN2BHCsYg1lOzAwA0FZmWd9VWuc7ducBRlrk0HT1KwU7pSPMVb0w/mYAUW2M8KjGRgFT6ZpDi88LLaaYLBMZs3GOFXXq6R2+hkqJCGtYCd1Pa7IK89+Jt1fDRMt0JBfM7Tz7qQWWK1MtscmPpQ6uuFVd5Ml0zzpz2CvKCEf3725xwFXU0Pg07IsYw0Z+6v7bTl/hU55ctOVGOTFCLk8s3fSVA2noBUlmHznJ+y1dJFpGshVNrpXUtJFA52SAMlXE0gpKQyYGoDYf6rm2y3TydCuGEZDqGSaouZjc7ZuwC1PT9EKSja7SNTtye5WVpIZbjcQSMl7/ANAt7APDa1mNmjCyaifA0lwA7bKyYMNAUOADIU0cLmWPJQ9JJJIDDLo5XEhyjACjhJcB7LqhBJJLmQoQ6kmJKECkjHKCScrmT6pKEEh63eqIgqmWh2p3qhvOE5Ncd8KkWwtPnfKeeU1gw3ZDV5KxkSSWQkhCGpidkJmr2TUsgBFlfiLXtpLEIwTqnlDBg9lqXZwcei84+JlaBUwW87lrBIRnglOojlkMYSNPPKjk4OfRLJ9V1rS4ho7nC6kftQp/cek/DGjay2T1jmDU+QgEhbR/0qq6apPk7LTR6Q3ygkD1VoSHZ3XP1HMsj4RxyDf9RXF1/wBRXEgchJJJKEGJJJKEbwFYcZK8zvEsty6nm8TdsJA++F6PUTNpqZ87uGDJXmlvd85cqqtA8j5Djfnda6Y5KLxkobGGhuMBRC4vkRpj23CFAzLhst8FghLZ9K494YMrrPpCBM4B3PdbKobiN4ML8V7iyC06Xb+M7wwB6lYGUeDbYKL8ZaM4V38Qq6O59QQUjMuipMvkGdi7sPyVO8iQg4xjhe68Np9sUz5p5/VKy6X9jokayINIwQMIluZ4lU3UM7hQaqXS4NCuenaKWolEoacZC9XZLZUzzegi7tSkjXU0bYwNIxspsOc7oLW6cDClRgALiSlueT3NC2rCHPOGnfsqCreWB2e5KuKiQD9Fnb3UhsJa3YnKkVku+W2OSPTQGoq9f4ecq8jYG422HCrbOzVTNcRurfbAOEeNzMEpcZEG7rzD419RPobF8hCcSTv0j7d16c54YMk49184/FK8G7dXuoi8lkJyu34rT77MnhfrLyK0mhlDPMijtNO6GlBccuk3JW36co444xKRlzt8rN2ymNVO2IDZuM4W5oYG08QaBggL3mnr2n501t2+WS2pmhsYxyVHpNdbdS9o2hO5+y6yXS3HopXTDQGVc7uHEhaJPHBz1mTD5EtS442RJ5mxRhzjgAJQx6SXDdVXVFZ4FrkOdJwd/wAlivntWTRRDfLB4r19cxcr9KWP1MY7ThU8eNIwFHuEhqK+STOQXFHhI0gDsuHZJym2eoqrVdSQTPlwmh2l2rC6PpTHDIws8llDa3teS5pzria7PKMqmjqTH/LeTjKs43AtyFhuR7PRalaipNBSMrPXBh8YlXxkBBVVXjUMgJa7H3ffBlM/ZyI36VyUYK4zsmHH/sNd/eIjs6m4QXI0eHsDils0VvDJFOcVERPZw/zXv/SDtdohwc+UL58GQBjnUP8ANe99AO12dmTnyhJkev8Apqz/AFsF9LkOAAyrChcPC3CiyMBwcZRqQ4foxsUmR9BjLBQXsBs7nAcFQoRqYVY30eeRVkBw1KxyYLY4mwOjE2cIUTQ6R4PYqRIDrXI4/wCZsN3JsXyZZxyyur49LgcclQa9g+VcT6K4uEQ0ZcN+FAlY2SFzTvgLdS+TkamGZNHkF2yy5yALrR5eVJ6ghay5yFoxvuojBgYyunUfJNXFwvkv7sRGCr6iOYm/YKgV/QEFjceg/wAk/GTBqY/bknMb3wpMAAdgIcX2UmJpE7CeE2MTkTYWWE6dwq2aLkLRVEP8vOnZVssON9P7qpxwVC3DM/U0wByGqtmbuQBwtHUQbY0qoqIME+VYr4ZOhVbkrNJ1cIwHk5XTF5uEQNOBlIUG+zUp8CppTGcg/ZbWy1v+7AuIysQWOBDuVZ2+vdE0NyQlW1no/C+SdMtsmep0ssc9BoHKZJC2SMwvGxGFT2O6DQxrjnUFfgZwQufZXln0rTS+eGf2Yu5UDqSoMZ7nIUSRhYNtlsrxSNrKXW1g8Rgz91l3xF7cEcJEoYKtr2Swi16euQj0CXjKv7pSNqqYgDORkLDROfTyAtO3ottb64SQs1caRlLUssOuW+vYzKQtMc7oZNiMhSoCaeX/AAuR79RGKoFRCNnbqHE7xGYcdwm4Exj8c8Fs1oc0qO+EA7M/dPpZwQI5NnD90Zzc8qsYNK+9EJzAdgFHmiwOFYFvCbKxrm4Qyjkp1ZKWSLSdk6B5BwpM8JHZRASx24S2hEouLLaklwMFTQ5rxggYVPBJkjthTqaXThEsoLCawZnqaxSxSOq4W5Y7JIHZZynmLX4I3C9TqWMrKV0RbuQvM+oLfJa6s+U6XOTISOPrdPs++JYUc+wIwrUH5iLTxkLM0MwOkhyv6SdukN591qjMywfGCLMzwJNAGQiwSAH7o9RBr82N1CaC13oiGLgn7OGwTBlpweV2B/BIT5Wa5NYGxTa7NrBtqVkcEO4wudD4gGw2KrKWunoZxIx5wDuFf48ul4yDss7daZ0MhIG3ZdSnUfs8R5Xxe2TltPSelusYatvgS51DuStpTyiUAjuvnanq5aSQSRSuafUHC3PTnXOkNinlcwt7uK6tOoj/AFHhdb41w++CPVHtyMKBU0oe0kjAT7ddqauha4SN1EeqmLTxNcHI5rfJl62h827NljrnSupK4SaToJzj0Xp9XA1zdmhZa827XHp0jc+qy21G3TXPdhnnNc82q6srmjMM3kk9890VxbBI2qYNcL98jsplxoPmqSS1zAMl3dG88FVFjrWBkvT9ccSA+Qkc/muTqI4PZ+M1Tqa2k+rZ5W1dIcjk47LV9MXxtbGaaY/zGjbKytMXRa6OY4adsnshaai3VIlhcWuac5HcLl3JZPomg1bSU4M9KkaHdlCnhDhkDCj2O+RXOERyHEzdiPVWjoy7BST0tcvljuKSajAOcKprqJsL/GjZkE4K1skDXjjgKBPSgjS5gIKU17BlVllTQzgtDc5I5BU7whyByqmqoaikkc+IEszkYU+gqTNHpedwrTyA0H8JNa1zTwpGAUwtBGEREjmjWME5USptviEvjwD6KS0mM+oRhplb6KmibNxl6iB7XYLeFDe3A9Fqauh1hzgFRT0+hxBSmuTHdS0yT09fJ7bUBj5D4Z2IK9BpKuGtiD2kHK8qkjI3A/NXXTPUJoZxTVbsMds12eEyiaUtshmnvcMQZv3wtIJwoE9P/hVrDiZgewggjIKaYhxhbXydSUVJGdqKb/Cqyop8cLVVNMCPK1VFRSOQSjgzW1lLksO6mw1PAdjCBUU5DhtsggObshXBhtrCXW1RVsRcGjVjIKzBimopTDI3jj3Wup6kjEcm49UG52qKuhLmjzDj1TYyOVfRJ9FPR1TsgYVxFI2VgO2yzbhNRTeHJkY4KsaWvjGxz+q2QngxyrfTJ88Uc7DFI0EFUxbV2epD4SXR54V0xwdhwOxTpYmzMDSAtkJmK6onWq7RVkQGoZ45Uyam7jusTU09Vap/mqbJjJy5oWqsV8gromxvcC7gZO/2WuqeezFKOB0tOQMFuFQXmxsq4jJEwNlbuHDuthNCHcNUCppSQQBhaDHbVlYRiKS5yUx+Vrmu1NOAcK2aQ4Ag7FOulqbUxnLcOG4I5BVRQ1c1DL8pWbtH0uTDIk4MuTHjsgvjyOMqW3ROwFhXPBPdDJLHIzG9FBX25heXRx4JVFPA5jiHNIwVtZowCBjlV1Zb45BrLQCkTrUkJlVgyToyMEdl1ucYJyrOsovDJ0NwFXOhcwnZZJ1uPRnawzpaCgSxd8IrHkHcIuWndZpR3lp4K8scOQkBypssIcNgokkBaThKde0NS3HHOIILSpNNXNZs8KIRjlc4OUKnhkcU0XDKgPAIHKcQMZVbDMWHBGymMqG43WqM9whraOIKFwpOxGUMrRz6K3Z7C01fUUpBa8kDsr2kudPWk48kgG4KzZA9EIFzHZBI+xRRscexThuPR7Nfqu0zCRrnPj7tJWzoam1dTP8A5M/y1TjcHuvF6K/zwYjm/mM9+Qryiu0L3NlppjHINxg4IWiF2ezkarQtS3x4Z6JWQVtpqXU9dCJIjw4t2I9cqqrbVba1xfB/JlPBCLZPiHJG0Ud7gbVU/GXjJA+61FV05brrBHW9N1Ake8avCB3T1yYk7K3yYAPvtkeTK0VVP7bkBPebRem4IEM3odlc1RrLdIYK6le3Gx1NUJ9ot9y/mQuEMh7jZW1gJXRfZAjiudocTFIZofQnKtI7la7qzwKyERyYxuFAfFdrWdMg8aL9dlz/AHGu5b4cn6Khiaa4FU9PVNK41NqqCRzgFWFi+Il5sMzWSSva5pwdyFGpZ662nLHGWP0VjKbNe4/Dq4GxyEfVjBRKc4vhipxrlxJHsHSXxipK+NkNdK0njPdeiUN5t1xja+nqGHV2zuvkCq6Zulream11DpIxuADkhWvTnxJuNnnbFcRLhu3PC1Q1KXEjm6rx0ZrNR9akZ3TXNyOV5h0t8VKOuY0fMteCPpcdwt3b+pLfXAaJA0nsSnKSnyjk2UTqe2SJzmknIC4WHGSEbykZzsUgAdwi3GbDIjoyFHqKOnq4zFURMkaezhlWEjBtlC0+6jaYabi+DC3foA5NTZqkxSDfQTgLO/xu9WGXwbnSyaGnGvGy9dMe3Kh1FBS1cboqqmZK13ZwypFexytz+Rj7b1NQVzQPFAd6Eq5jkZKNTCCPZUt4+G8FQ509nnNPJyG52Wckb1j0s8tla6SNu5dpyMImgoxjZ+LPQElkbT15Q1bhBWHwpRsSdlqKaspqkB8MzHA+hyqwBOqcCRgLqcOElMCwS7q9kRJBtLzka4ZIB7qpvPRfTnUDHOr7eBMeJozpcFcIjVe39FqTjyjyu5/DrqKzOdL0/VS17fwwyO3ws6btiR1B1NaTSSN2Pij/AFwveWnHdQrtZ7ReoDBc6CKoBGMkDI/NC1k2U6yX9R4PW9EW66tNTapmkncBpyspcOmKqgcWVdM5zR+JoXtFy+E89KXVfSF1kppeRBJu1359lnJ6+72ouo+sbA5rRsZ426mu90iVW46tetx92c/29nlD7a0j/dm/llQnUs0ZxI1etz9EWK+U4uFhrRGXjOx2+yyN66YutqcRUU5lYPxtCTPTfo6VWshIx7o2u5CC+jaRnhW74GSHDW4PoUN1DJ9UY/JZZ1bTZG/JQzUZB2CAYXA8K9khmbs6IfdRpIAOW7pMoYHxu/ZXtLmDYkfYqyoL9V0mGPeZGehKiPiaMgBRvDcDg/5quUFKEJrlG1o73SVQALg13upbXtJy3f7LBNLmkEEhTaevnhIc2VwPuUyMzJKjng2LhloUdwIKqae+FpAmG57hWUFbBMAWvGfco1JMzzplFhtTmYJTxL7Ln1jhD0+ygvBKEg5yM/dP14/GP1UHB9UtZ/8AlKjSY+M5Q5TLKOocDypIq8ABUrZy0hPE5I54SpQTN+m8lbS+S9irHHADsqWKp7MPY8tPsVnY5Dg4dunMrJm7PcSAkTpTO9o/PxcsSeDVw9Q10bdGvIHfKtabqxwiDZM6gsNHXMGA88qUyrY8fdZZ6f8AR6XSeexJbZHpMF5opow58gBKl5Y9oexwLTuF5Y+VzeHO/IosN5uUDQxlU/SOBlY7NJ+j0NHnU/zR6UWy7mI49vVC1SN3lZgeqxFP1hcqfAc/UPdW9L1xSvw2qG/rlZ5aeUTrUeXqn1LBoQ9j9gd/dMMbScAqHTXyz1ztPiBp9zhSXNbn/dJMJMqmzdXq1P2EdEA3zAcKI63Uk+5iAPqpTJamEfzmRvB7lIVUX4m6c+iU6mzRGVb/ACKuWxUjjkMAI9lXz2meHLqaU7fhcVo9bXZI4KUkbXEFrUtwaD2xfRlRPWQgCalcQO4Tm1cT8DJB9CtDNAHtwACq6azxv3fHhR8gSWGRGys5BG/ui+I5rTgnH3THWYtBMLtJxyo7ae5RuwXxvb6ZS3EOM2ia25zRjQfNj1RG3ZuPPBkqsE7t9cLhp5SFRDIMMJz7qYHwtT6LptXRyN1F5bnkJCOGQZgqGu9sqi2JxlNxK0gxSlhHdBsbDduC7fESMOblRamkilbpcwfcDCp5pr2H/wAuoaW/ddF/qoGiOqpiXDkjup0C7IP8iQ63Tx5EczsHflA/94UztRJcPdPj6kpnjzscD9keO7UdQ7SJNJ91C98H0wRrHDBdGV1txpQQHv0lEc6ld+Np/NAkpaeQ5MQQdlSbXKeSUKyleN5c57FBlipKtpZJCxzT7KJLSsaR4bcZSdDUNAMbtgjUWxVi3fkhlRYaGWPTG3SfVVdT0zKP7qqACtTUSs2JOUN9RMDypjPZknpq5/2M+633mmcYmuLmjg5TfnaqP+XPCdTe+FoBVPPJTJWQykOfGCVMYFfxtvUijFcPxMKRmjkGdYz6KwltkDySARlQprI0nMRJUwJlC2D/AGB0sdxhCkghDdJY3HqQnvt1TFgsyCPdNdDWDluVW0VLcu4kR9topODFv2ygGw0HOnf2KlaJBuYwu5k7MP6qbUJkot4cSBLY6YjETiw+oQ/4K4cVBKniXPZCkMvEblXxoH4oP0V76CaNxG7vdBNPJ/Rwpr4K6TfVhBFNXDk/uqcEKlDHRDMTx+BMLH8mMqW6lredSEaauHqqcEIlPHDRGMRJA0ppiI7IzoqzOC1NLZm/W1DsQltyfCG+A5LwXeoROOVzVkEYV/GUsiGQkSQM4XPCenujfjOEG0jmwRcM/Sm6/wDCkZBndqd4jf6ApsKGcpmCjDBPCK1gwDpwr2FpZI2T6JZPopOgf0BdEf8AgAU2DNhF0+yWhTBGMcLojHopsK2kMQOznCeIT6KXhoXM+ymwOMUBEAB3RGwtxsE4Z5wmkzfgICLCRNgTRhM8OIHJdgrhjneMGRPZROdu6TKt4QcYv0hF0LB5nLgcHbtGyK2mpxjU1P1U0Q2bv90IaqcewWmR+zGZXPAezBeOUQ1WgHw28oWuaR3nJVN5CjHA7A9VzJ9E4M7rugIQ9m4CUMudlTPAd6IjaXJ4woEq2QRG70RRTuOFPbSjnSitiHGMKDFVL2Q46fA3bj80RsQJRnaWJviMb9ByVAlDAhBjfCcI2jfCb47jzum5OVAlFIJkcYTNXskBnumafdQvCHJJJKAiSXdJXAN8KF7WcIzsEvD2zp/dHEYdyMrun2QyWQ9n7I3hH1RYmLr3sj+pBkuEEAOk5P3QMpuEOyTox2S1Bu57KofdqlxIbgBRzU1chwZNioD/ACIrou5bhTR4BO/3UOourOInYKr/AJd827iitpA05KJRyJsvnPo6ayqefr2KZoc46jvlEEQHZOAOQSEWBXMuzgZgYwu6T6I7YzjhODCDnT+6NRK6AhpKfoxjIRmgDlqRCdsSQZxo25S1j0RA0jsu6fZKaSZCOQfRJsWXKUIwOy6I+6MJLIPwWgDZGa0Lun3XQMKDFHAwnHCY4lPchyODRuiCGE4XGkuOMJBjpCNlKiiDQCQiySMcjWR5xkIpaNIwV15aOG4/NADychCE1gR5S0n0RYoS4jZTYqfgloVlxg2QWQvcRlp3VhDRAAOx+6PHAwb4Rg4YxhXgZGGATIgwYCJk8LmoE7FJWGkl0cGT3TScbkpzeCfRVtwuUcWWjYqmSdih2SKiuigafEOFRVd2bMCyIkA8oVRVSVJIcctURrMEqjBda58JjzuMIIadWMI4BynhoxwoZJZzyMaBhEPCRICC94A91ajkGUtp1zgM7hAc/PdCcSTyubp0YiJWZ6E5xzgJNac5KcGjuUj7BDtByEa7T2T2sweU0MyM5XQ/JxhWkDKWAgY3HK6cHshAHlMdMGtweyYC2kSCWjlwUCrrmt8o3QKmu7A4VZNKZDn3QTswhM7fRIqqh86hAYRMldckqW5mWTyxqSSSYXkakkkgJkYknpZb/V+yhYxJJcJCgEp4Opi4ZcdkJ0+30qRhkU7UuWGecd0wkDk4UV0xz3TZZicYCYqzLZqYdHsoYAc4T26cdv1XSBgn2QSTlfRlHJ82HJJJwGEaRBoGU78k0jC45+lFnBDkkg7BBbknJSdJuNkWNoIVpZIcHCdgpDlFw3TjujIBSXTyk1QMWn3S0+6ROVxM+Mg9JcByuquiCSSSVEEhuREInKpkOJHjdJQ7hVmKncQN1lts+NZDjHfLCKW+XCR7xTt2A5IVbEwl2ShvkdLIXvJJJUiN2G5wuPZLfPJ1a47IYDMbpVhG1rYmnGCo9FGJnkuGwR6uXDMNbwijyhMpZZXVD3yE5dndRS3blF0k5Q3nGwS5jIrgCScri6QTuEsFUNOJJLo5VlCwVxF2IGyQGO6oLAgMLqKAAMAJKw8CQ5N8YOU5zgARnfCjh25UJnJ3T7p8TNbtKapdBAZH6x+FCuRNjSRMjIip2x4wo8h2IR5/McDsok+3dWLisgp3EnnKiT9sI54Q/wASXYjRWca3vhMORndScNDVFncAeUuS2hcSE3BcFMjGGqHGDkKUT5EdZBj8kjCUhw0JNGSnPO4RC3LA1u3IT42GaVkbRkkgJj8Fu22ysOn6UzPMp57eyzzOtoqXOUV+zfdO20OMZc3ysAWir5hBB5e4wPZQrHC6KmBPcLl1qNtOMY3SJy2n0aitV1KCKxgL5gXHOSrqjAHZQKKDUdeNyreJgjaCUh9GqmHsDVSAAtCj0LA6QE9yUKre41BA4UyhY7xmNA5SZGmDzJIuYIzpG2wUiqedDcO2wiuY2no3bbnCgTT5iJPos0jpVxwNs8DZK4Oe3Izlaad/hj2CgWSm8Km8V7Bl24Kfc6j+ScfqlZyaIL7clBcpfEqn57KrbqmqRA0Z3AGEarkBkJLt1M6XpfHuBeeW+qVPglf32YNvb6dtLSRRNGMNGfuiyuDGlxOE9gwA0En7qNXSsY0Ncd1lnydeC2rAOGMSzavzQbnOyGEsJ3Kl0LSG+JjbCqq6YT1Wlo+nZKUQdRPbDA+nidKYYG7udhad8bYYGxDGWjdZ62DTWRu9Fc+P42T2yUFv6GaXkE4F0vqApuWtpXDGCgQM1OJ5wuzuP0gLFM2t4WSNISNwkZRFG6Q/hCZrL5S3GzVBvlSYLfJj8Sox6iWImKvtSKi5uLQCMcp9upXTzxxY5KhNBnkL3bnutL0tC2St3bnTurnxHJz9Ot9uTUPa1nhUsQADGjP3U6ljElTHr3aN1Admatc5g2HlV3b4cjXjjgriah5ket0lWFwWbTgbDYLOtinuV58JvIfknsAFdV8xgo3vGxAQeiaZtXcXTu9jlZDoNNm6rJ4rbZsyuGWxheUVUpr7g0Ekt15OO63XWtfBBRGnc7zEceywtowJJJMZ2yEAqxss6h4D9hs1oCDaIGVdz1P3A3CZUyFsBf8AidsrPp2k8GnM8jfPIds+igOSbd6n5WmLWHd/lHsFRUbC6RoAy7KlXqV76vQTs0bBHtVNpLZNOS4j8t1UuhsezSQNxSNjDdypLdmgIcbQMDc/dHHCxz7NcTkkojaXHj1XkXUUzbv1MXh5LYTpDew916dfKn5O3SzEbNacryqhaZqmeuAAYSSMo6+smTVrc1FE+JodUiLGQFrelqaOa4tMjc6dwsxaotT3VBBIztlb/o+ic5j6x8YAJw1VbZtrZdSNVRR+JO3I2G+EbqB4jpQG+iNa4j4mtzdjsFVdQSyS1bYgfKBwue2bcpId0pROAfVuH1HDVqGMAcq+zxtjpmNY3AwFaNjxgrLbLdwCSIhgN/NSRyo8fDfzUgcrFMjCDhJIcJJTCQZJJJECdB7J44Q0slQgckY5QSTlcyfVJQgkkklCAUkkkAYkk1JXgi5HZDdz2QYZPEkfIRtnATKx+GtaDgu2Sp2aWj2/dHGOURrBJTV0EYXFaWAWNyV08JZCarKOEnKakuO3UIEDmtBJPAyvGuqa0XS+1VUCcF+B7AAD/RepXip+TtVVWD6mRnBz7Lxpzy9xkPLyStWnh7ID0+6sem6H56/UcDnYZr1O25xuq9bT4d0GZ5q2WLbGmM/5la7HtjkqPZ6CBpAY0eUcLpye64ONl1Ym93LNMehiSYkgDEkkkoUJJJJWkJlLcVvVFT8tZKh+cEtIH6LD2GINp2kDbk/daL4hVYitLKcZzK/CprW3TRtDR2C10ohIneSd0embiMOI5UN/mlaMqyaBHCCdsLdGIYuQR7KuuUwpojMcYCsXnAAPdZHre4GltU2DwulpanKaiZ9VbGmtykeWXCY1N+rJwPK52ycdkGmaXuMhG7jklGmGhuSV9G8ZVthE+R+Wty5T/bINQ7XNpC23S8boom6hjO6w9I5k1cBnPZejW6LwIY9uy36ueI7S/A17rPlZZNeTIG6eUcNwMIMOHbopePDc8/hXJPXw7I9SSBnKyNyldNVmMbjOy0txqNFM4hZWnLqm58bAg/umJ4M98i/oozBTsYRvhT2jO57oGN/sjY1ZCfUtxz7bMIqeq7rDarTNUyHOGk4BxnZfM8cklyuEtyqDqkdsXeq9Y+Nt7dR2gUMTj4k50sHr6ry2gh0wRMAwXAZXsPEafEVM+GfXfkvn1OzPETR9NUsplM+MNWtaCB64UK00raenja1uCRurCcBjAML1MP2fKbpOU2MdI4skkx2wrq0xtgtHitG7s59yqU4FGMDdz8K+gZooIIc7at0EugIvAaLAaARyF598T7w2nthpc4dISAQV6FMQ1ocTgBeH/E24NqLl8v3B/Zc/Uv7Gjo6GG61GEGcnKNTuzyUxwAGyZE7BwuGm0+T0zXCLADIzlcXWfSF0clXJYQOQbjoORurGkk8SEOzv6KA8N07p1FNoOOyyTjk6nj9Q4S2oso3EkhR61o0o7SDv6oVSM4WaUWmemX3RKWoadWAE0cKRUAauFHVpnIsWJsEnwk4x2CYnREDGTyhYUXiaDL3P4ayl9qAI4aF4Zxuva/hbMJLfoA3wks9X9OT2an/JtSDkI9O051BNcBkI9OASAkyWT6NBZKy+QscNWncjdZ6DZ2n0JWougBYc+iy4w2pLWjbKWngRfHEsj5Gt1rrAPGjPYlNmBJOERoxFF6hybAyArrGNAwOVSxnMcmR+Jaevia6mJO+Fm2sJldoGy2VnK1MfubPMeqowy5OdjGVVNWh63a1tcCBhZ5q6NB8n8tD4tVKP9xHsrq17sxnjCpsEK5tJAB39FqRxtTLMcF5Tx5xspzIgHsOM4QaRmoAqcG4Lc7J6OJJ8cksN8SHSQoUtP6hWlOwmMJktPngK8CN2GUdRTeU7KnrafSdgtTNDsRp/dVFbATw3CTbE11WmZljAfwusZkjZSp4P5m7f3XRHgDyfus239G9T4I7ohpzhAZkOLQVO07EKLIzfOEmaG1WuMlIurPWuBEZd9O4XoFoqmVNOASNQC8rpHuZM0tK1ljuLoahrXOwCsFsMM+meA8luhFtmzLPDO4yCs3dKM09S5zW+R+4/NatjW1EIkiOdtwolXRtmYWPbzwsslwexlD5OTG1EXl1MG3dWtlqs/wAlx3AyEKSARSvhf7gZVdl9LUB4JGk/ssz+xmdx+Pk1FVEaiPTjOdlnHudS1Bje3g4WooJWVMLX87bqov1Fpd4zAri/ZVkdy3IYMYjkaeSFYCQPVLR1GWCJx3B2VhA4jGUxvIFVjJErNhgIbQScFSowHDB/JBmiwRgKlyaV93IKan1sy0ZwqmqhLTkN+6uozgY5yg1MGRkNGSqksFWQyVMJLHDKlxzFpBG6BLCQRjZdYC3ndAxCWC1p5s4KjdR2Nl2oz4ekSAbJkMuggFWEMwIAzsVa7LuqVsHFnlJhnttSaapYW4OM9ldW+oyRuP1Vv1lY/Ej+eibxysjTTmLYLRE87bW6JYZsIsSswR22UOopiHZCfQVIkia7O/BUqdgc0EJwcXuRCjGD9lOjIc0bKEW4dlSqV2g7qDsDnREcKuu1OH0xdjJCuzh4wGqPLCDzwn12OLEarSxvhtZ588Oa4hwwVzURvnhXF0tjm1D3taNKp3tLCcrb8rlyeC1Glenm4yXBorN1lNQubFIXNA21Ar0mxdWx1bG5ma4fdeHF3sj0lyqaN4dBI5pz2K01aqyBwNX4uF3MUfRzKmKqaDG7KhVtO2TkLy6x9fTwFrKlx27re2vquguDQ172kn3W2Oo+RcnGs0FtD6KPqG2OhPjNGcHIK876jbJTVUV0gaGg7Px6r3CpgpK2EtBDmuH6LzPqmzOpfFp5m5jkyWELLqoboPBs0Gr2WYmVzK9lbSxVTAMloDvurFmirpgTucLH2usFBM+hqCdBdgH0Wjo6oQP8Mnyu4K4sq2z6T4e9bMB4DNbZxPG7GDut1abpFdIA+PkDdY92mVpBGxQ6SpqbPVCaAnwyd29kk9fptRJcI9B0qPLFnsm265QXCESRuGcbhSnNylSWTrQe5Fa+HsW5Cz9RFLRVTjGCWk5C1j4x6KvqKfxWmM455QPgCyv9EGkqm1OW7hw5CllmBnCppGzW+p8zCRznsQrSCqimaHNdnPZRSAh3ydc0HldaTGRtsnrjx4jNPqjDxgJtK3GFBrLcHxkgZU2HyDfujEa9glvoGdamY+opnscWvaoM0JB2b+619xoTINWOFQ1FOWndvCW+HlHO1FXxy4LPpHq6SmeKCueSzOlrj29l6LGBMwOBBDhnK8SqaZ8TjLGOD2Wy6L6se0ihrpdhs1xWmi/Mtsx+lvwts2beaDPAVfLRh2eyuCWStDmkEEZBCC+MHg4ytbWTotKSMzWUGDnSq6Sm0ncLYS0Yc0kgKpqaM5+n80EoCLaVIoHMLeRhPp6vD9L/AKeFJqaY8YwoEkbmbIMtMw21OPQe4W2CvhOANWMghZWopZqSQseCMLSUtS+F2HHLUesoae4x7EB2NinRm+znW1bikoapxa1jvsrMZ0g5VFVUs9DKWnUMKbQ14kaIpDuOFsrs9M51lJOfEJcDIVJNSz2qqNVTHSc59ldMdvscohayVul7A4e62VzwZJ0RmmmTrJf4K6NjJiA87Ej1VtPTAjbG68/r6CegkNTRkhmckDstH05f4qmMU9Q/DuNzwVrhdns5dv8ApvaybLSDcFmQqG72Vs8bnsbuN/dbDDSDsodRAHcbH1TkzNKCkYGCSrtUo8Ql0fG60EU8NTGJIiCD+yJcrW2rj0ceiy8b6yxVpjkyWE/kQmiGnW/7GikhG2yjTRZbghT6WaCugEkBB2334XJYC08IlHJTxIoamlBz5eyqKql07gbLVPp9WduAq6ppNtgAlWVKQmVWOTKyxaTwgsc4FXlVQnOQwDZVktK5nZYbKdvIprHZyMh2y6+nGM4591FcXxuB7KdDOHtAIWaSb4ZWcECeA8YQC3G2Vcvia5p8qrp6Z2eEqVO7kr5AA8uSBhOY9wI/yQ9Lm7FdIzwh5rG8PksIZwRjkovdVMchjeCSrKKqjc0AHhaa7dywxVleOjpYUzHClYBCYW78Ju0BPHZF0+6ax74namOIPspWn3QXsxjdTDXKJhS7LKkvpbhlSzI9QtLZOpKu3StqbVXOje3gB236LB6vZOikkicHRvLT7I4XSXYi7QxsXB9A2r4lWa7xNoerqOMOOwma3n7lTq/oOGqg/iPTtU2WN41ANdkheCU16c3DKhocPXC1/TnWF16fe2e11zgw7+GXZb+i0K3d2cW/x06nuijRz/OQSOp6xrg5hwdQUWW309Sc4DH+oW3tvXnSXV8TKW+UzaSr06S8/Q4+oPIQLx0LJoNVaKls0R3GHZT089GbLr4msGIdBXUZ2/mx/qm+Pq2fDj8sKXVtu1rfpkiOB6jZEpa22V48Os/kSeuNirJlPk5SXSej4Jc30cpUkdkvLS2ogbHI78QACm03Srqw6qeRsjOdTTlPn+H9yd54JBt2VQFytgveDMVnR91tT/nLNVFzeQGlWVk+IFwssjYeoYZWMGwe0K3FF1DZWA1EZliG2OcJkzbVdWeFVRNa47EPCdia5iwZThasWco3/TXXM1wjbJbK5lTGOWOduFs6TrKnjLWXWJ9M38Uzh/KH5r5yrOi6+2yiu6erXwvByA1xAVxaPiT1DZXNo+raFlbTjA8Rn1NHrumK1x4mY7NDCSzS/wD3PpSmuFNVtbLTTxyxuGWuY7IIRsA75Xkdl6n6eumKrpu7NhqXbujB0b+hadv0WppOsbrCRHdLeZox/wAWmZx90zejnW6Zw7NkueGAFXW3qGz3MYpqturuDtv6fdWQdkcI8macGuQOADsk5rXjD2hw9108ricLTxyjM3r4f2K66nMhEDjvqaMHKxtX0J1LYWCqtNS+WMHZuonZesJ7N26ew7KjRHUTXD5PJqLrW521whvdBKwDYu0nC1Fq6ms92A+Vq2Fx/CTutJWWi33KMx1lMx7O40hZG5/C+2EOlssr6SbJIIOyGUsDYyhZ/Y0DTq3Az9klhHjr7pt/hspzWQt5cBnZWNr68ts7vl7tqo5xsQ8YyVSeSp1tfjyavGURhQqWppKqNslNKJAfRGwRyE5RyhWx+xmcLpJPK4khxgEc0plRT01XGYaynZOx3LXjIT2DOU7T7pbWGRNp5Rj7l8LLLUTOrbDU1FpqTvphf/KJ92qhrbZ1PZCY71QC4QY/v42/h9SF6k0Y7pzJwRhwBHuq25Hx1DX5M8RrOl+muomCWhkbDK7chowQfssleOirvaSXxsMsQ3Dm7lfQF56RsN4eZnUfy9Qf+PAdL1na/o7qqiZi2TQXGJv0xyHS8hKnWpdG2nXbfxZ4FIzcsqIy0j1GCguoGuOW6ce69ZuNntFa4014o30FWOdTMA/YrOXLoySnBlpHNnj5Gk52Wd0HXp16l2YKWztlGWkZ9lDntMkPLcrXOtMzSdHlcFH0Ttk8OSMEhJenZrWrl+zFS0r2k4bj2QXBzTuFuZKSkmGJYw1x7gKvm6dD35YW/dA6maYapLszIzjdda97foeQrCstFTSuJ0ZaPRQzGW8jCTKLTHKcJkunutVCAwuLm+6sobrC8DUd1Q6R6pgc7OQNwqbaKlVCXSNUyoDwMDlEyDystDWVDRjXsFPpLrkgSnCsTKlrouHNQjkDCZHXQv2Dt0cnKuXIrrhgzJKwgsKMKxrPrG5Qy4N5GUORofgcKikH+ZbIRwjCR2nyuUBtOScg7pw+ch+luQqcUzTTe65ZRL+bmidqBJ+6cLs0H+aMKKyre4gStGyKZLZKAJToKW6kzrVeSsXskfxGmlwA/BSE0TnZDgVBmpKV+9M7OUB1urOxOO26TLT5Onp/KvOJF0X6gCx+PsVPpb9dKRojZUEgcat1lI4LjA/UwnP3XJK+6xnGgJEqMcI7en8tlJZweg0nWtwidiqijkZ6YwVPi64t8n1wFpXl38WuDT/NYMIgvJGNcGc77LPOjB1tP5ra8OR7BDerdUsbIydrc9lMiraWUYjqGOPoV4qOoGN4jePsVIg6pjhO5fj/AJlknp2zs6fzcXxJnspqoycHwxj0TnSxvx5gvLaLrqiZhrnv9dyrWHrOglIAmIJ9wl/xmdGHlany2b1rGEHCAYhk+X9lm6fqAzbxTgj7qfFeagYIIP5oHpX6NlfkKZFo+lY/Aczj2Uc2qkOcs5Q23mpx9GR7JC9xN/vaeYfYJL00o9mn+TVLpgZbEwnMEpYQostsr4m5hDJMcgq6ZXUsjdYkA9jsU5tVTTENZI3KBwkg4yhLlMzrmVMQ1VFM5o9RuEx0bJR9IOfVaaTQBvgqOKSmlzqib+SCVcmM4MxLbmOORTjHsVGltEBH04K1U1vjbvHkeyiPou6Fxa7CcIS7M0+2Oj80cjs9suK42G7M+ipa4emVoZKdrRhzRgoZpo2jIA/RVjAKpT6M+6S7RkawCfunC51IbofE/I5IVw+lD+Ah/LFv/wAxRcgupxKs14d9TX59wu/OMdsWn9FYOgaPqa39EKWnhc3S5rfyUK2Mha2vIwcJ7iRw4Jr7cxxw2QhcdZG4z81MP/EqFfFZno6185H1DHphMNQRsQu/w6dow2sOAoUkdyieWgNePUqZBk3H8kSHVJzuAmmXVtpG6Brrz9VLGffCWqoG7qfb2KgDl/YeaeN2+EI00eTkbLpqCAQ6CTPsFHdVg5zTyj3woK46wGNHTYOW/ugOo4mnyJhrYs7uI+6585D/AFlQTZ8fo5JCO2yAWY9lIFVTux51wPhf+IEKGZ4I2fdIhvBAKk5oRsSM/dIut52yjUcgOKIhEGN4gT91HLICf7oKfm3Hv+64Tbh3/dA4MGSTWCD8vTEf3YXPkoRuGYUrxaBp2P7p/wA1RgYDgoLUIR7ZANE0cBNNG0jBClPqoi7ZpICH8x6NKWA/jXXJH/hkBPC6bdAB9KkGR5GwTNc/cjHZWWlF+gBpIW/8MphpxnylGlFQ7AYM5TBSVJ3JwCoE63/Shgiib9bsH0TPL2CkClJxq5XflSFCfDKXoiaTnYJaCdsKa2IN7J5aMcKA/DjsgCBxKKKXbKIXRtcumWHs/f0UHRhBDBCPTC54TQdlx8+NgNlwVBKGSyTCXQ4tAHC54h9EXS4jIG6Qp3cuA3VDFHPQF4LiMDldZA127xuFIEOPNhIRZ2BUL+Ngfl242wueFjspTacn1RCxjGguQBxqXshNgc87hFZCQdhhEdPDEDk8KJLcT/wAoX9lfsmiMY4XDJDF9bseyrjUVsp+kgJwjfsXqFKe5/aiW6twMQlANTO44J2TmxDCQ0nhuEKlkN5l2zoD3DzHKcGN9Auamt9k3U47hu33REHp2w3CC0Pzvn9UVrSVCDNfm04TwCey6IzzhPDcdlCA8FdY3URsuukZH9XohPuEEXDt1Ct8Y9ktrQBjHCGXNzvthVlRd3u2iKgmtqJDgu2UAepj/SXsldBEPqyVCkusjgWxOCgN1OByMp0cR1bjlXjImVs5dD/mJ3OJc7IKZ4TjuRypEcQOPL+6kgANxpVKOSPL5ZEipvUIoiA42Rw3HAXQ0k4R7GilyMjaByF3HZFDPZPZCTyNk1QwitqZH8P1T2QgEORxEBvhMc7AQygkxm06GgDBb+67hv8AT+6aNhldOfRN2i3wLGE4NJ3AXWjDgiADCpvAaWRuAup6SWElk5gLqckeFA1Eahk4XXd0PBO2VCxF4CYGOlI7JwgOc9lIDWsbxujCjHJ2KAMbnCa+X0CY6WTVpZwi08TpiCoEovoFqdIdm4CPDSF5B4ypsFFgAkBS4og3sNlByg+wNPRANydkQtDRsiS+UAN2QXOGCMqwniCG68E4GE3UmudgrhkAVAZCA+pRNbfXZQZamNgy52FV1dyke0xxuIB7qLgVO5QROrrwyPMUe574VHNK+aTxHklcx3PK6oYbbXM4OF1JIbKhTkOwEicBN8YDy90B0mdt0cY57AlJRHySZ2CjuJ9V0k8kphfkcJ0DNbZkbnfKXiD0Q3/UkJgTwiE5yEBzhPA09kweXCf9SgWQgOUicJusAEqNPVAbYVN4FyngPLUtYMZCr6mpLh2QqicuOUJhJ3JQSlhCZ2ZBSPe85TUUgcoZ5SW8ik8nE9MT1RGcJwhp5cD3TFYtsSSYkqKcsCTclcTUTjkreEJGOUMkpZPqh6h6ooxEzsyOLgQcFR5SB3TtQ9UCU8YKfGJnssysHFzGV1JPSOe1ye0Lun3SauE5X0BI8SFSXAcpfiVvgg0jQN9lGkfqOyNVvxgeyiRAl2SlxeSBGtJOSisGMpNbsnp8Vgg5dz2XEkRBqSSSgYxJFPCam5BbwMT0kxQoekkmuSgxpIwmpJJUpZII8LMX24BmYWHur+ul8CEyeixNYXTTGRxyCVzdXZxtNmlr53M4x5ccY4UuMlwDWjdRom74PdWlvhBlBI2KwRi2bLZk2mjEFOM/UdyolTJqfgHYKZVuDGHB9lXEknJR9GddgiRg79lEeclGn2Gyj4OcpM5ZNUBwAwkQF0fSmEFQM4edkgO6Q5TwBhMCOjhGQkVQrOORLj/pK5krkh8qgKlu4Bk74yhrjs52TsFQJLkdyrmlhbBS5P1HdVlNA6eVrG9z+itJ3AEMHYYVJGa2XOABOTlRKjlSXHDT9lEGHZzuoi6wcmce6ZECOQiJ2AEDWRgN5wOVBcSX8qXUuAGx7KHGCXBJkssdFY5JUIyASEWQ7BciGBuFxx8ydBbVyDuywtOBgk+iGeURuzEM8qrHhFRhve04ASCFqelqMlmdPZZtjQTj3XoXSlMGxgloxpWOUj1XiKfksj/Y1dLC2Clax2xxlU9XKZpjvsNgraaQMhJOwAVRFH40+SduVmnLLPaR7wTqGI4Duyk1JwzlKnwG5Awo9VN5tGEMng1QWCOW635I3CvbRRay2ckBrf3VIzJOMblamnYaOh1HBOOyU2aqkuyLca0PlEUZJa0/uuyxlwjjaMueQoVMW1Fd5hsHZV5TQ+JWDSPLH5kmb2m+h7o5LVrRHC1mMYbjCo7zUtbH4ecuKuJ5N/RZC8VAlqXAHYbJTHTW1FfM5zn+XclbrpK1tpaL5mRvmk835LGWulfWV7I2jO+69Lp4/BgbCBgNGFlsfPA7R1/duHDaTWB5QqyVjqitLXHyt3U+eXw4XD1UShiLmGU7lzuVmsz6Or2Tp5WU9E9wwCBhqzTZNJLzu4kklW18k8Gk8Jp8zt/dUwYHFrNWDjlFEw6if3bUT2ziCglqiPMW4HspFvuXi07QeXcqqvs4prfHTgYc84wEzp7XPLkcMCz3LJVVko3KETcU3htaDsFFqpB4jvRMa9308IEzjkx5ySsU0ddsLCzOXkcrJ9Y1kjXinBw0jhaZ0/hMyRsAsBdah9xuEjictaSAEUUc7Vy2xBUkbtGrHPC3HTdG2it7qiRvnk3BWXt9O6ZzImtySQ0LbaNEEVMTgtaMpOps2x2haCnc8h6CInMhbs4rQUjB4bdIVZRR+Ru2BwrykjxEDhcS17pZPV6ZbYYZUdSTGOndTjYu4Wj6Jo4aW1/MNH8xw5KyFzl/iV4hpXEg6gdu4yt4xrLZbQGjAY390ge5ZMj1xV+NV+DjzYwq23xtbTZGxdyVEu1XJV1r53HOXHCn0QLaTUQrawJYOQ+LM2BgJ3WnhApaRplIGluSVmrY3x60nHCvLzUCGj045GFRUeykkLqmZzzvqJK1FnpyI2l2OAs5Rs1Y2ytZbGkwDbsEm1mmtE4clEKG1E7hZHyzTEyPxFrXstkdDC/eZ+4HosuyDwKSNjRgYGVa9TzNuN98FmSymGHHtlRHR+LMyEHDRynwWI4Mtkd1hOomNbHHG0fVgL1S00jYKOKIDA0j/Jef2ChiqLpBE8ZYxwOPVepRQtGGhuwWS+XobGOCZC1sMGt2wA2WdqW/M3MbZCvquYR0rmu7jAVXbovEqA4jKx2S2oaXlJCI4wAMYCljlMDcDACIAcrFJ5ZaDx8hHHCDGDkIw4SJFD0kkkkMMkkkjAEkkkoQSSSShAKSSSAMSanJqJAsSWM7JIc0wgbrIyBuoxkOiHVPL6pjBuGuyVPGO3CrKZpc58p3L3agPRvqpw+6YWEyVxJJQobkriSShGsjjjB3QTyV3B/qKGNyASpFAJYM717UCO0il1EGV2dvQLzMxkADGy1/V1aa2qrJGvzHTk0zR/jHKy7AHYHsuhQsIEHFAZXBoGcr1HpqjbRW2Jhbhzxq/JYey2uWrrY2N7n9l6TC0RgMH4QAiullYLXZJbuk4jSdwuN+k/ZAJOeVlNGcIM0+YFcXGHKR4V5KUsiyEshDJOUsn1UyRSyHyPVIgnYIAJzyjt7I4YBwmYH4hVLqi40drjbl4IcfQKVRwCKENxjAVTd5v4j1c8Qj/s+z/urpxOwxjC11LDLIMX8yvLRwNlaSHJACrrWwvnmnI/GcKZkmo9mrfWiPhD3bDJPC8t+JNdJ4sVIHYa8lzvfC9Jr6kQtDjx3Xi3UlW+53aWYuJYxxYwegC7ni6d9h57zuoxTsI1FFhmpwx6IF3PhweU87KxjGmFox2VHdZzKXQD8K+i+PhjCPlnkrMpxD9KQMnuTfEbqxuvRhhgGBsFjehqZofJO9uTjZbIkEDCRrZZswjveDr2UJkqDJjDiOV15JjLB+JPGBAwD3ygncgLBHs9GksFVe5BDS4cedgqqx05kndMdgP3UzqiUBjYhyErMNFIMjlO25MNzy8FhwTvlKaRkMLpHkYHZM7qq6nqzR250uThbtJTvng4Hk9ZHT0yb9HiPxHvAvnU7YIyXRwZHOw33UWihDqyFjBs0gKA2VtfdKuua3yuedP6rS9MQtfWFz25xwvf8Aj61VUj82+d1ctTbOcjVRMLWN23ATK2URRalLeQMDCr6yRjp2xH0yug3lYPMvkksYXU8Qx3ytEBppId+/+ipIW4fHERlX5b/LDfRJsZUFyV12qCykeRtgcr576jqn1d2mkldkteQPsvbeta4UtomxtqB3XgM4e+Z0rjnUSVztQ8cHf8ZXzuBycILNnkosnCCO65FjWTu9lhAQ8copGO6h05PqphOkZ9VHyLYGUk7cJrXaHDG6K4ZBKjOakzQVMtkslnTzF+EWR2tu4VZST4fod+SsWPBGw5Wdx5PV6S+NkP7lfVghw+yhuVlVAYzjsq1/KWhF8cSbBHhOj2eBlNPC6w4kyUuwCPZJkadGV658I6jMAYeMLyeXAZx2XonwkqSDoxv/AOqDGT0Hgp7dSj1+TlEpP74Z4XC044RKTGrOOMpU/tPqMJYIN1Gcge6yj36KgnHdbWsgD35IWQuMbYawYGAXJQF/WQgGp4bjkLuNDC4Nzp4CdGWmdrR2CcRyE2LMb5QdzfFoS4DJIWfLAwkYwVo4MGnDe2CqG4s/3g4C1VnN1cdq3GG68pYDEJg3f1Cw7BvyvROsoDJbw4DOCV5w0YK6FMsM+XfUdezV5/YdwACmWtxwd1DHClUJwMH1W9HmLI7uDaW0aoBkKc+MgtPsotmaHU4yM7KynjHhA43TorJwr3iTiS6JhdHnCLLHhEtIaaX1R3xk8BN2rBjcmnyVckORjCqK+DDfpWikhzuq+th243S7K8j67OTIVUIDwMYCE5nlVrXwYOoNUMx7LLOCR0I2ZRDZHyMqPJGf3U8Mwd0CWMLLND4SIYeYjqG6uKGUSxteDhyqpGgjJGUa0yEVIaTss868o9B4jWSpkoyZvemry6F/y1Q/Y7BxWnqGAAOHdeexEtIIHHC2VkubKymMco1OZgDdYrK8H1LxWt3rZYyNcKIPJma3jkKjq6UyMJaNwtfUMGDtsqqso485YN1knH9nZtrUo8FPZriaZwifuCcK/q42VdMcDkLL3CmdTvMjdg4/oVd2Ou+YpgyQ5dGNJSeuDHFbftZQSRmmqNJ4yrKF3lDinX2iwfGYFBgl1RDPLdimCN2yRbwz7gEYUwxiRoKpIpi0gEcK3pJ/KARyobKpJjTEWO2C66MPGAMYUnRr3wmHydlDQ4ZRVVNOWOyWqGBzsripiLhsMqD4YBILeCgwZrK8EUgghSqeXGAhyRgcIIJjOVFwwX0WsoZWU76eQAhzcLzm92ma01RJHkeSWlbplUW424XLvaxfLXpbgSs8zSmxeTm62j5INow9srzG0g8ZWjieyeNrg8YIysZNDPRVLoZmFrmk5BVzaq3QWguOAm5OTU3W8Mt6iPDguR+UghS3t8WIOAUTSWuOUw2xaayT4PME98QPZRqabBAIU4eYDCtPA2Mc8sq6+kZLERjcrJV9AYidI7reyw5GCM7KnrqHxMkDG6bG3BzPI6CN0W0jDTQOafpxn3QdOOdsq/rqLSchoVZLSlx9FoVnB5G/QSg8RIzMb7o8FXPSu8SCZzD7FCfCQQcH9V1jHA7p0LcGOWkm+GjR2zrevpCG1DyWjuCrqfqSgvtGKeocGv5a/wBFhxGXbhqJHAWb8Jj1PpmaXhoWfclhgL3SmGfxWbjgkKZbKozQAOd5mbLrvPE5ko1DG2eyhxNETthhZbJLHB2NJGWmwjUW+q1jw3uGRwVZaGzNA24wszRTkOC0lskDsZO6xS7PW6O5SSY6hnntdSGjIbq7ei21LVR1LQ5nGFmxEyYaXMBRaCV1qqMuLjC/YjPCo71NjNG9u3Kivi32GFKZIyaMPjcC0jYoTm7pUo5NixJFbXUYqItHpuFn4mzUFWWybDsT3Wvc33VTdaFtRAQ6PLuxCVJMTKOOhRy626scorQqKiqpKSUUdW7/AJStDgaQVFLIKeXyMLSeEWnlP0Oxsmgn05QpmO+uPYjt6oh7iTtDZARjCqblbQIzK0bqwopRMNLjghGqIvEGMoUsgzrjZFqSMXLBjbSqmogmgf40BILTnYraVltBGWN7KgqKYscWuaFbhno5F9LrfBpei+qxM0UVbJjGwJW52cA5pyDwfVeFSia3yiogzsc7L0To3qplbGKWpkwRtv2KfVdJJRkadNquoTZsNJKiTUrXgqYHB3CRGRhanLKOnhMoauiAPHZVFTS+y10tO2QE47KsqKI9glGe2nJmJIC040/umRyyU7g5vHcK4qKPPDQq6amIzsoYp04COjpq+LL2gnH5hUNfapKR/jR7sz27KzjL4JNY2HdT2y09ZGWaQcptc8GC3T7uDPU1QSQHY3ViwZblCuNnABkgyCN8BRKWtdGPBnBy3YFba7P2czUV/G8FmQCMEZCp6y0vbKaijcWnnA9VaMna9ocOCiNIPdalNHOvpjNYaO2DqAyYoq46ZG7Bx7rQOAcMgrIXW0ukb81THTK3fZFsPUb2PbR1uQ8bAlaa7Tl2V/EzQSwHO7P3VfX2yGticyRgyRsfRXPitlDRgb902SH0HK1btyAlFTWDzpnzvTtd3MRO/oQtXTVFPcqcTQuG/I9CpNdboauIxysG/BWTkdWdM1oc0F0LjuOyfBmOadTT9F8+AtcQRyo81LwQFa0tTSXalE9MRqxu30KD5dXhPGnHBVhKSkuCkmpmnOWbqnq6TfYYWqrKV8ZyRkeqqp4A7tulzgpC7IZMrU0hachv7qL5oiDhaKppf8Kqamn7ALBbTjoztY7GQ1GcAhFcxsrcjZQXNdGQUaOpIIBCz5ceMCZLIOel08BQjG8FXY0yjhRZqbbYIZwUllBQs2dlY9uQkxxYch26NJCQeEMx+pWdpxfBo3KaJUFSdQEjshTg5ruCqfPYBHpqgh3m4T67f+Zi5QLHT7ob25GMo0L45hhpyU98DW7sbv8AdaE0+haiyCITjOnP5oRadwQrFrA46cYXZKUEAjCHA1Rk+ipIcCjw1L4Ts4/qiTQaD5m/uhiMnuqTaJOD9k+nukjSDqOR7rYdN/EevtQ+WnlkdC7A+rIH5Lz0jS4YPCPHVDABCfDUbezFdpI29nuEXUUdzpnTiNlYzG8bQMhUlS6yVRJbqp5O7HjBC83ortVW+US0sj2+oBwtLR9R266hrLm0x1OcCfGG/Zyd8ymcu3RSg/tRpKa5XmwuE1sqdcZ3wHZC3fTXxJo64tgusfgTDALsYBXlrpK2gc2QSsmgfs1zDkLklxgkIJj0u7kJsJpGG/SqXa5Po2NlLXQA6WyxvGQeVW1/SFnrGES04BJ2LdiF5H071pc7K8fL1Tnxf9245A/Jeo9OfEOzXUNir5BTy+vYrSpJnLuptqeUuCpqej7xQa3Wyfx2D6Y5CqV8kDXuob7bzE453fHho/8AEvZRR925USutlLVwuhq4mvzxqbnCP493YmOqdb54PE63oKhlPzthqXU03LXMdsf0XKDrjrjomZsV6gNwpR+NuzgFu6r4dxse6osFaaGbOfCxmJ3/AIeypK1l4tw8DqWzltPwZ2jW322QOlLmJrhqoWcWLci7stR0j8QGfxOgmjt9wGMiAeHPn23w7hXcHUvU3SMmrqEC528bGqgbplYP8TDz+q8sk6Xoq8C6dO3U0Va7zeJG7yv9OOFdWb4o3uxu+R67phLH9PzY31D3GEULEvyF2aZf/SeY/p9ntFl6ssXUcIms1eyowMubw5v3HZWjZPZeUVPRXTnUWi99OXP5apeNbJqGbTk+4CJD1Z8Q+jniPqKk/i1vbsJYxmYD1x3TVb6Rz3pYt4jLn9M9WwVxZ/p3rvpjqVg/h9xaJvxU8nlkB9MLQA6j6IsmdwlCTjNCzhcwE7BSIwoLGOGeSqa7dHWC8scay3xF7vxhu6uxsnt8wIKJMJSlH8Tzip6AutoBn6bukm24hkcSPyQIOrb/AGJ/g9S2x5j48Roxj3XpwZjJDd/uhuo4pxmZmrsmp8ZHK1v8jMW3qaw3YBtJXs8Q/hccfkrMggZPCq7p8N7FXZfTMdRT51eLT+VxKpJrF1707g2+R12pwfK2Y6ZCPtugdgSxP8Wa9JZSl6/oI6gUF8pJrbUbA+MPJn/mWmgqIaqNstNI2VjuHMOQUyLTBlW0goJHHdJIgjkJKYQtwC7N3xwnRy52wmrjW6e6UAuBVVNTVuIqymjmj3Ja8Z39VQVvw9sVS50lPJU0pO48N/C0CMDhD7GxunF5R5bdfhTdADJbauGrzktGND8eh7FYW52e62yR0Vxt0kWDjVo5X0a0aTkbFDqqeCridBVQMlY/6g8ZVOOUaqtdKL+4+YXU0ZyBggoXypbnS44/yXuF3+FFkry+W2E0kzvTcH8liLz8M+o7O5z2wCoY3fUwchA6jpU62uztmDkYSNL2agVDmoqaoYWPp2j3C0L6V0flmiDT6ZUKanw76MLNOjJur1Cf4mbqOn4tBMTsOCrXW58WQ+M59crYuZjYoT6dk3lIBSHSa43tdmMNONwWn9UEwjfutjJaY3DLWAqFUWd43bHj8kmUWNjq49MzbHyxnDTjCPFcp2YD3EgKfLbw3bQoctFjgJbTGQlCztEuK6wyAB/6qWyWB7fK8HKohTYOwC4HTwu8oKpvBU6o/wBJfgSjeMalwyVjfrbsFURXWpjIONh7qfT9Q0zsCpUjJPsF1SXoK+YH6hhM008u+ckKYyvs84DTtlP+Ut794nA5R5QCzEhx+Q+Q4RfFna0YkRBbT+CQnPGSo8luuwPlaCOyJvIxXST+1hhU1BO78hdJL9yoOqqiJjlgdqHcBI1ro8B7XAepQOCkbK9fZHhh5Itf1BAfSdw1EZXRE4LgjtqIiD5v2QTpRsq8hjmRWvpWnluFGfQRYzg/qraTwcjBXBEHjyoHpkzbV5VZ4KCSiIPlH7oDoKqPdo475WilpxjYKFNSOKXLS5NsfK/3INPca+DbxiPzU2HqS50xBjqX/qoxojygy07wNhlJ/jYN9PlcezR0PXF0iwXzasepVtB8StRDKuEEDktC8+MNU3iMkJoEncLPZSzqVeWn6Z6xTdb2KobiSTwz6K0jmoqpoko6nS/GRh/K8SYcHAblSG1VQ0YZK9v2cUl1fs31eYl7Z7L49SNvGcfzRIK2rjfkvP5ryGnv92pTtWyO+7irOj66ukD/APeAJ2f0uS/jibYeWwerfxWXbLgntuMDuZhn7LzNvxAc4jVRMb9gpkfW9CQPEiLD6hKlSn0ba/MHogmp3jDnAg+yYWQE5a4rCt6zonfTMfzClU/WNO1w0VQb90idJoh5bca50bQfKEySMAA4VE3q+mIGqthx7lSGdR2x41GthyfdLde00x16l7J5bEdnsyPumvhoCNyVBPUFsJx8ww/YopuFCWNealgDuCSg2DFq0/6hSxwA/wAoFMLRjlO+bozxVRf+ZL5ul7TsP5qbC1qk/YB7HA/U0/YoL2HG5Ut0tMdhID9kF0lOOHhBKLZf8mJFcCDwgnICmGSD+sIZkpzsXD9UWzKKnZH2QDPg4wmmYHYtyFO/3E7kBcP8PA3AVYwL+aBXGOlcd4QnGlpcZ8EI5ktjScvXDU0Dd2zgfdTgj2e2iKaSDjwB+SGaSDH91j8lM+ftoG9VH+qC652xrc+OD+SmRclR7aIpoID+AJhtkHdoT33u2NJxIhnqGgH0O3UEyenXLY3+FxE40DK7/BhjPhAoZ6iiBw14whP6l1ZHhu+4Kgp26ddBv4Nv/dD9U4WqAbloUF3UUv4Q77ID79VuyBG5QCV1C9FwKKnbxGNl0wMA2Df0Weddqxx+l26Ea6udyXpYD1EP6Il8+FgJ2QdUbTyFSiaqJ80pRDrcN3HJUB+VvlItvmadm2ofquOrKcDOr91VtoppXDG6PHbZ8KBxna1wgslfTtONSjPuzs6WnI+yNHanO+tgK6224dkQge6hX+syMauod5hx9k3x6p22rIVm2iYB9PCKymhGCGKFqqUu2VghmkG43RIqCfkgYVo2FuPKxPbFUEbQ/uoOjT+0QYqBh3kGcIrIqZmwj3CnMpX6fPgJ3h0MI1PfgoZvA1xgkQnQg4LGpCnII1Ls9zpac4aA781AqbwZBiAYyllKdcPZYFsUY85Ayo01XSQ/QMn7qtMtVMcyHC4yl1HBPKguV0v6CQ+5y/TEOQo2usmcSdwVIZTtYRndSWhrRgDCgKcpfkQTE9+NY3T2Qb5AAUkgOTCMDOUOAcpMc1mluEPXvwmmUA4TPFycaVMFqzA9dG65qB5SOwQYYxWNhGwsO5G6IGjgBRzOG88IL7hHjZ+PZHgp3RXZNGhvJGyQqIGDcqplrwc6HZKjPq537HGEe0RLUxT+0tai6RxnTG/Cim6TnOFXuaXHJTmt1KYAldKXQSSeV5yXlMDT33XWs3Rg0HGArcRUpOXYFkfsisg0uGRyjNjxjARY4nOI25VxjkiQOOIY5RGw44UmKnLuykNp25GyNRwaIJkZkZ5x+6dpI7KcIGhv0pvhhp4VY2jAAh9kQRjHCJqaOyYZGHZpypKWQcpDA3Sc5zhIzgbaUzfK6G55R4yELxyeyYGnKM2LuiBoHZFGJATWEkE7Inhtxkj913UPRdMmRjCuSyQYkkd0krog9cOy6kqDicBTXvA7hNc7GwGSuxUznnVK3Csalng4GyPPlbsjNi0kFw3+6ecRDAQnudJ2woRQx0de9oAACY3VJwESGinlIICtaS3lgBc3fvuoNjW32Qaege7Bc1WkVLHGAQN1IjjY0YDU7T7qGqFWOxgYAAB2TDgDOU97g0cqHJJqKhJJRHSTdsKO54z9QTZJAByoMkvOFDLOaJE8ga4bqNNXMjbgqLUTl2wJURwLiDnKhmnYKpqJJH6tzlD3JyUdunBy1DOD2UM05ZfIhwmrmQmqhI9De8N98pPkLRxygEknJTIoROZ0uJXEk1zgAiQqyQ58gKjSP9AmySjVjJUaR5OyLJlnZnokeLnbbdNjjc52yHBE9z/ZThGIwPVGVFtnWtTXyBo27LkkzWg+ygOqMhwwqLdnokTVBGwIUGWZzzsmvcSc5XOQlTbEt5OF2eQlgroGO66rAcsCQV0jCKoUBXXDA5RUGQ5xhWo5IDwc5XNW2EtW+MLhCHYLbwcO64mnlJTAqU8iXMj1SJHCESQeVYErNoTOyjuzg78JznbbnKEeU2MTLOzI0k5XM5SST0sGeU2JJJJWJbwe2cpOS1eyTV9ASweLOAEHJTZXiOIuRGtBGoqvnmdNJgbAbYQN7nghxpklfqceUYABDZsMYwiI4xxyQMkkkmkHJJJKEEkkkoQakkknEEmJJ6hBJrk5NcksMTlzjcrrlGuEwhpHvHZZLZ/GshRi5PCKC+Vkr5fCEg0g8BVBGUp5HTSue48rjVxrJ755OrStscBImHOwzlX0EDIIRjkjlQrXTbePI3OPpBUuqlGA0I0sITOW6WCNWSlxAUZ/Cc4kuJQJ5A3AS7A4oE85dymYHK6kgGCTThdPCjgO1KBBcb7cJ44SA7rqMY2FSSTFCpS2hlHnO4RAcqNKRsoChAZKJsQNk1n2RKaLxpgzPKgcnhZLC3xmKJ05GNWwSky459VInLWtbE0YDQorn7HZFJYMb+6WQM7tAxlRQc5RJ5Mu2GUMHKAfCODqdJwmrkz8BVN4QzGWRKlxJAyuwAZQZN3KTTjbcLKuWG1hBsYACbGNyuOT2psWxTOuOwXW7vDPVcyF1gyQpY8o16WOZ5J9spGz1kbHfTkL1K1QRRUrCxoCxHS9tD5xK5uQQt8zTFGGNGwWGxnuvEabbW7P2R7jLloYDjuUy3xO3kI2UercZJBj1VrTNDYWgDGyV6O5GPOR2rDSQOFAja6oqtztlS6p5ZA4jnCZRxeFT/MvHIKWzZCOSTa6PxqzLvpiOSpd5qyzFPEd8ZOOyNZYvDpnSvGC86iVW10onqHyAY7JDY+KxwS7JAXMkq3jYbN9yr23Me1rpnDkqst7fDtmMfU7/VXjC1kTWgYAASZPcdSiO2CItXMWkjuQsXXSFsrj7laS7VXgsec4JGAsvpdUzZG5zslvouf3NRNJ0bb5Jqr5jGA0ZK27m4OFVdNUZp6LURjUBhWpfk4xwssnlnRohsgQro8MiDW7k9lIhjbHGwNGMAZVdKXT3HQN2s3VhK4xNyeMJeMj3PCyUN2kdLVEOO2EKhY2SqY124G6BM8vme5zu5Um2Nw90/Iarawc5/fNyKfqeV8lxDSfKwYaOwV30wxsNEZQ3zPO5WVmmdXXNzCckvwtpTxtpKaOFjfw7rJcVoZfLa7H64LGOXSM42TIf5tQHH6UiPDoMkblEo4c0nint3WY7T+4g3mYQ0pI25WFpneJI+TGA5xwtF1fPI2ARMdjJwVQ07A1rccI4vBzdTPdLaX3T0BkqmOxs0rUPBM4we4VTZImspfEDfM48q5oo/EeCd91zdbLLydnx9ShBMt4GElrGhWcsraOkc+Q4DWklRqCNrpdxwq3rKrMFLHEOXkn7rlSeXg7kMKOQXSdO24XSSve0u0u8uewWu6jro6e1vDti7YKn6MonwUomeMB4z+aH1rWxODKNpy8blRdkbyjKgeK8H1KupcR28NA3VTR+edseOFe1MZY1jAMk7I5L9C4Pk7YKdrWmVzfMTygXypcaxsJPkAVpC0UdEXbHG6zXiOqqt8z8kZ2S30FHsubdG0hgI5O61tKWNgaGtws/aoWOLMj0WgIAa0DhYrZZeDVAP8Akh1MgihdIeGhJhxlRrw/FE9g5dss6fPA30YuJvjT1NUB5ZHkhNpox80559NlMMYp4sAdkCnb53EjkJucIDHJreiIY5K2SR7clo2XolIATlZTouhiht3zAHnedytVTtPK59kt0sjF0R7zIzSIW8p9mgZjxCN1Er3iSpwO2Fb29jY4dgs13RCWAMbojQMpiIOVjfZbJDQAE5cHC6kzWShySSSAMMkkkjAEkkkoQSCjIKploSanJqiIxJJJKyJZEoF1l0RtiH1zeRv3U/IHKpXv+ZujpHbxwDQz/mUGEunaWgNPIGEccoMWc7oyMthQRoxlCPKSShBiSSShBKJdLjFabdVXF+MwwucCTgDClFwAWP69qPmaei6dbkOutR4bz28Joy/P7JkYoksJGekhkj6Wpnyu1S1RM73HlxdvlQKamcQtP1tEYhRMBABaMgBV9HSlwGG7lba3hC2uS/6aoTDCalzcOI0tV80kOyd0GhhMFHGwjzAZRkE5ZKj2HD8NIPogB252T3DPdDlOiMu9Ek0oLGcjOV3I9UOn2gGeVwk55UA6HJJJKAnRslJN4Mbn44GU1yh3+cU1nqpjyIyAnVrkJGKspFTdqyqIy6SVxJVrXyGOnfp2OMKu6XieyldUSAan8eqm15aS2M/iW6CwQfamFlMSRu7dFDtJJIySnwjREAR2TT5N8cLZUslN4KDqm4R0tBI+Q48pAXlccZkeXnvutl1/WNe0U/4nO2WUhjw3jhex8Rp8RU2eK83fltA5niGMk8ALOTOL5Hknc91c3ibw4CwclUTHFzmg9yF7OhbI7kfOtXLfbtNz0pAIbeJO7itDAfNhQLfE2Kkhja3A0hWMLMHUO65upe6WT2njatlCRKJOgIMZJIz7ozhhqCzbf0ystfZ0rHwZfqGQ/PeFyrOgj00rB7Klr3GovGojO+FodoohgbAYwtEFk51sscs7p91598Tr0ae11ETnBo0YC3VRVeFTulxuBsvE/ifchPEKV275JNIXe8VTusyfM/q/W7aZQzjJlrNG0UbZBsHnut10tStbAZSBnCx8EDWRRwt20AZC9Ds8TI6KPSMZGV7iiG1YPhWtnmOA8w2B9N1WRAVN3jixtkKxqJdJ2GVD6ej8e8OkI2ZlNZzYLBcloF08MDZoCtjkgjhVlCBLc534zjYKznOABjskTGwSPNvibdo4be6lJ80jtIwvI/wlbP4m1gkuZphuWuJysW1crVSzNo9N46G2sC7OCfZR3fUVMI2KihpBOVzLXydNrA+KUMOPVWDHlzQSFVZHAG6sKZ2qJuo7q65Z7E2ZCkYBKA/uFId9JQXg7+6GYKZGHllaQraBwLBuqp/1BSqOTtlIaOtoLNk8Euduobeiq5QQrY8FV9SzOdln9nVtjnkgHlIeqThgrrcg5whayJi8Mns/mUoJ3cAtt8KZfCu/gnYAA/usPRDU0t9itP8AD+bweoBvyP8AVLSydrxU9uog/wC59CSOGNguURLpHY7FcHmja71aClRZFQWZ3Q2I+qw5wEqGb7LI3xoFRkbEFbWcaXcLJ9TQ4IdG3jcpAzUQ/wBLJX0zzJUhxPZTHg4KgWw5qBnurRzcvcwdk6Kwc2KyNgzo+ygXaAZEjRyrOn8rxHjlDuMILRgcJ0eDNrIbqzEdTQmW2u2zjK8qLS15B9V7NdoRNRSMDd15HcYvCrXsxjC3VHzT6oqxKMxsXBRYDpmaBwhRcFEacOyunHk8azdWM5hAAV3VM/kcKh6beHeGFqKmLVAQBlaYI87qJbbDtkB8HTzurMRNOVW9PHL5IiFcGMApkY5MF0tsyJJCMbBV9ZBtktwrl7MqJUQ5bkNVtemVCZlLpABHkN3VS2PygELSXGLOdtsKjkZpeR7rFav0dKmzPZCewNO2yjTs47qwmj3GN1GlbsNllcW2aozK98Z0ndBpJTBVNeWkjPZTXb7YUCoYC7HGUvbk21WYeTWU7hMzU0g/mpFLVS0k4kY7A7j1VPZKoYFPjtyrSUFpGAk21HvPCa3fjL6N1TTQV9O18bwXEbj0Uaopyw7hUNhusVJVBs5Ia5a5zGzsD4iC07ghc6yvB9I0t0dTDKM5WUXiEgtyDt9lSROdba4chhOCtnJCAd28qmvNpNRGXxDDhuQsko5LuoaW6JIqNFVRF+M7LMMPhTlvbKu7DNpzRznOR3VdeqM0lQ4gbE5CH0cq94i5HHYOMFTqKfBDSO3KpYptTgCp9PIG4OVYentNFEdQ5XXxZGcKJRTZAGFaRAOAyFDs1tSRDMW3GMKDVQ482FcPjHIUWaEPGMcqm8EsgmUud9JCFJCecKVURuilO2yQAeAqSyjJKGGQ4xjkKdTTmNw0EY7hCfEcHZRfNkqJ7RM4eiH1d066qZ/FKLDtIy5o5WNp5nRbZwRsvT7dUCXNJMQQ4YGVgeq7LJabi8sB8N51DbhNi8nD1+ndX3xLWy3Hx2mCQ5cBsp00GrBCx1uqXQyZa7BWwo6ptZTB3cDdNRmouysMG1pa70VjSODhuoTo9/RFp3hr8BGdCEiwLRg7dlCkjyDkKwYctymFoxwrXY2UVJGcr6IOJAb2WfqICwlrgRvhbeqgDhkN7KmraFssbiWb+o5CZ6OVqdMvRmHQgn6VwRgHOlTXwFjtLhkpulv9KOMmzkzp5AtY0fhXdKN4OO66yPUmZbA+Mj+Gf6VHkhIwQ3j3VkGdgEGaIjGQgcgXRl5AQuwQMbq5t1Q6N7VTABpzlToniQac4SJS5NWnk4SSNnb5GzN1BTpIGyxlhbz3Wes9YyMthkdgngrWQAANyOyE9NpZbytoq2S3zeFJnwieD2V9G5kzA9jgQVDqqSKpj0FuD2I7KDT1EtteYp2uLM8oZSwdGGY9l09m3CjnABOlSYpo6iJr43ZBTHNB4KW1kJ8ozt2tvjgyNaNvTke6jWq5uYfk6p2S04aStHJFntys/crFI57p4CPXHdLUcCJcPJctIIwGpFuVV2O4uLjR1By4bAnlXj4wBnCI0QnGcU0Q3wOYfGi2I5HqpEUzZmgjnuPROaDkghR5IHxO8WPjO4RxWQ8ZJJa1wORwqK5UYLy9o5V1Cc7kINRCHjCtIzW0qxGPqqfzfTzyqqN1Ra6oTQuIGcgham40vhvwWbHhU9THqOCMofeTi3VOEjedI9UR3KJtPUSASN2yVqw3I5XhbKiotVQ2opiRvuAV6d0p1XBdIGxTPAkAxun1zz2dHRarP2TZoXNwSmPjBB9kY8IOOU7s6rwiFPTA9lVTUmCcLQOaD3UKaHI4QyeBM6VLoz09Jg4A5UNjX0kwkBwO/utBNSaznCgzUhIwQhTMdmnxydpZYK3MWQHBVlyspL3FrdJ9uCiyRPhcJYhpIVxba+Grb4NQAH4xumwsMF9EZxaaMJFM+mnMUpIwceyt6ebWAQeFbX7pqOpiM1O0axvkBZUNqrXKBMDp4WuFmTg6imVb5RfteXBVV1tbZwaiAaZG77KTTVkNRsx2/opWsErTGWDnXVKaKqydRS0wENYS4sOnJ5wtrS1MNVC2WI5aRlYi62yKTNTEzDu4CJZr6aACGbOAVsqtOe4utmyfGOwVfc7fTVsBhmYDng+isKaoirIhJE4EEJskRYQ7C1qWeUBNKa5MDorumK7LS4wE/lhappguVKKqncC7GXAKVW0EFwpzBMwbjY+iyrPnem6zSSTCTt9k1GNxdL/sX9FJ47THIAcbbqNW205MkJGnnCI5rq1grrYATjL2BSKOqZUDS46XDYg8go2gt6aM5UU34dO4VVUUbzw381uq2gZKNQYAcKjnonsJGEqcMip17jIVFI4HOnChSxFhBxjHutTPRtecgKrqaIg7BY7aV6EyjgrI6h7CAQpJla8b4ygyU+nfTwo4kLHcJG3aIlEPJFq3A2UZ8enfT+6mMlD2gOG666BpAcEtwUiRm4srCXDOWoZG+QVYywDGzP3UJ0Th2ylTq/RoViZ2OWSIgsdhWVLWawGyOyVU5cc7YXY3FpzncKoWOHDJ/dF+GAjU08J7ZCCBpVVS12ggSu2Vsx8dSweEMlaFONi4CVjXQ7woZW4LdyodVRPjGS3AUoiWI5czCMJmyANeMqRjgLdvM+WnJGEEhzTsVoKuhbIMws3VTNSTRO8zVUlkFwkuwLJzGRkKSyWOUbOznsohAccJBhYRgcoVJoGVaZawXOuo2eHDOdH9JOR+itKPqKkqMRVsQjd/UOCs2yTOAeSjugbpBI/NPVuOxD0kZcs1vh+I0S0swcPYrkdVVUz9WSCFlqeprKMgwyEAdiVc0t+inAjqmYPqnw1UOsmHUaVrhI9I6U+Jl6s2iMVJmgG3hSHIH29F7B0z8RbB1DG2GpcKebg6uCV8xFzfriJCl0lxngc10chBG+xwVsr1COJqvFxs5XZ9bSULHjxISC07hzTyos0D9BhqYhLGRgtcMgrxHpb4r3a0uZFUTuliG2l5zsvYOnviL0x1GxsPzDIpyN2u2GU6NqlwcS/R26d5ijPXr4e0VW41VkmNHOd9AOGE/ZZe5WS8UMZgvVtjq4BsS1urC9kqKJn1RA49QoroNWc8j1CvYmZ4aicHiR4NTU9w6dq23Tou4fLygkup5clh/Lst50t8W7Ldz/COqaQWyuGzw8Za7P8Akra89F22v1TQxiCbnUwYysP1D0DLUw6Z2MqNGdJAw5v2KGUHA2xupu/Pv9+zeXj4b2C9vFZDmmlcNUc8JwfYqoZUfFToclkT/wDaK3N30k6Zy33dvwsDZeterugnto5oHV1uYTpicSPD9fsvYOlOvunOqoXfI1vhzMGp9PKMOaPXlWpMllN8XlpSgwvTvxZ6cvMgoa5s9rrc48GrboyO2DwtxGYpoxJDI1wIyCDnKyF46OsXUbDHcKNrtXJAxn3VAOheoulR4/Rd9lDGnPydSS6Mj0U+QxOqqTwuD08xkJ0YwV59S/Eq62tvh9bWKejDTpFTECYnFbCydRWe/wAYltdaybAyQDuE1SyZpVyjwy2AGF3ASHAyup2ULkmJrQhvbk5J39UVq6RlC0Uv7EGstFsujRFcqKKpjGTh47rL3D4aRxSGr6ZvFVbZicmMvzCf/D2W2AwkjXAatkvZ5xUVXW/TjsXe2MuFK3/jUxy4j109/wBVMtnVVpunlim8OTh0b9nNPoQty9odjKp7t0lYbuS6qoI/EdzIwaXfqiyHG3PZHZIHjU3BB4ITlVTdG3m2sL+n7qXtbxBPvt7FRje6+3ER9QW6Sna3Z8wGWhWTcjR5HqnOPoVXUlxoK3DqSqDwfdS2ZaRlKKDpJDhJQDadBIOQntlJ2dlw9CVwbp+gEIsFrjorbp0zYbw7xKighEp5e1oBWLvfwjOH1FpnLs5Ol24/Jeh6HA5GycJZYiC1xQSjk0V6mdfTPn269MVtuLoaujcwjvjY+6oZrPMzLoJMu/pX1A51HWx+BX00c0Z5a5qz12+GPTtz89ucKFx38jc4P2S3XwbqfINcSZ83zMu0DsPpXfkmR3uIDw6mFzSNiCvWLz8OeqLa9zhEK2nbxJEN8e47LGXXpuGfUyppDFIOTpwUiVOejdDVVWdlDDVWesdoBDXe+yUtmp5c+GGuz6FArejDo10VQfEbvyqR1Nf7fMTEZMt98hZpUuL5OhD7l/pyLKrsM0bS9kWB+qrZ7a6JuXtwpVL1bcKc+HWwB+NjsrGDqO1Vx8KeIMz6hKlWMjO2PZk5qYM4aoktKWkEALdPt9ruJc2nmYHehUWq6YcI9Uelx9Ev4jStSo/kZCNmNh2ThNPDvG8/qrWezVTBlsJ29lXzU00f98zSh2MtWVzeUdjvFaw7nj3U6PqaQAAv491UPbhR3twrwOVUJGmj6laD5wD+ikG7UVU3RLA0g/ZZDJXWvc07E/qqzgp6WL6NW2O2TkBrdKf/AAqF5zFVgA9isuKtwGN12OreHZMrwPupv5AdMl0zSmyzg+R+odiCo01LXwkhsJcAq+K41GAKetIcOziQpUN8u8OC2Vp+55RqZFFo4XVrT5onD2wmunkHIVjF1TWsGJqOB4/5Eh1Va3nTV2sH3YxTegop5K5sjXbnH5pEtHGndW0V26MqciRjoHdstRPk+mKkDwa+I57EquGaYSceihfpP4moPgRu5GcrQSdN0khBpnah6gqO/p2WDYvLgeM9kDgmaK9XZW+ykfSRM3aEB8QzgDlaB/T1a8ZjxhRn2OrZyEmVSZsj5CxFMaV7twQh+ERyFbGzVZ2bsgutddF5vDSZaeBqr8nYQDDJy1uyYcjkcKaYKlu8gIH2Qy3fdn6pL0yfR0KvIt/kRteNtOEhLCOZCEbQDy1O+VjkGXMCVLTM3Q8jFAhNB2kGV3xo/wDvE/5GEAkMQXRAHGEmWl3GheQT9kjxmf8AelM8do3Ep3QtHt+6Ho9v3SHppehq139yWKp44qH/AKoja6pHFQ//AMyg+Gf6SlpI9f1U/jS9DV5H22T319d/8kyD8ymi51o5qn/+YqEWOPqm+E7uSEEtPNeg/wDij/ZN/idb/wDJT/8AzJfxOt/+SX/+ZQ/Bd/8AKV0QE7ZQ/DP9BLXzl08kj+JVv/yS/wDVI3KsIx8y/wDVBFE47/6rooc7E/uqdMvaCettlwONfVHmoP6poqJc5dK4590VtrZ3duiMtwGAcEIf47BdlsuWyN4zs5Lv3TxO4fiU1tshIy4BPbbqfnAQSpa4CjvfZA8Vv9CQGRnCtWUULeWhHZT0w3LQMKlSx0U2VAj32G/2RmxO21ADKtg2hbsQM/ZOHyXIH7KKnAyMEnyVbaYnHl5RRRyEbN3U8SQD6QitkOMtYAp8Roj8ftECO3z927KVHby0Zc5v2RC6qfgMAwutp66TYgAH2U+MNTgugXy1M3lgJTgyjbu4YP6ogoJQcyHn3XRQQjc5VbBif/KBEtKwEMcU0SOPDdlJMMMe4ZlP8v8AS1ColpSfsjxsmOCGnf3UgRnABXBPBDjxHAD7oNTfLdCPJnV7FC+AlOMfyZKbTE9uEVtK1u7jj3VHN1PIBiD/ACUOS7VlY3TJIQPYoMBfyIQ/E0j5qKDd04UGXqKmYHNiBJCoCHO/EVxsZzsrwwJaqcuEWM99rZchrtIUGWSsqXZkn29E5sDjuERrdO+Eva2A5SfLYNkbiACMokdOGkFdM0TcZ7Lj66nGNL9wqjDkX8kF2yRo2AKTh3JwoElyf/wnZCE+uqJBgnCbt9gvV1rhFm6WA8y7jthDNdDjAeqou1HJK7rYDucIVFsVLVE99VIQSx3ZRxJUOO7/ANkE1lO0YLuVHmuGNoSqlXgXLUxXbLIPcBuUvmWNG6pfm6hxzlO8d5G4VxqyC9YvRaS3KJuw5+6iTXSc7NOyiuBfuQulpcQEXxAvUzlwOfVzybF64A4nLk9lPnclHbG1oGyr4yt7lyRgw5R2jdOAb2CK2CR3DVaqbImM0gjhca0qVFRTybluApcVAW4JGPzV/Ex0XkhRwuJ3Ckx0ziBtsp0VO1v4VIjiA4HCYoGiMckJlEe6kRU+ngbqYI2gYwnMi9Byoo4GRjgAyMHsulmNiiZbGd1FqKkE+UcIXHIe5RDmYM9P1UaWf0CFqL3bjC6WZ7q3HgGU/Q0yO7hcD9/pTxCMozY2gZ0oNuOwE88jA3I3ThGAchd1AbJhfjsmQX7GcBUzI9VwkIZRh5C5HqmIIJznJRmDYBAWJPTSAGnPomGdvCVKeOiByQO6E4zSHEQGE6OCSZwI4UsMip2AtGCeyAbFZAxUhjxJM8F3Yeie6TGwGV0h0uMbZUmntzyQcfurHwg5dIitjfKRhqnU1vOziFNp7a5uC9qntY2HGGhQ1VaeSeZEamovDG4RwxrdwjhzcZAwhiTnZWjQq1EDp90F8ukcIz5AAceiqqquEedIVcAzkoILNKXfkq6oqgfKMbKLUVszzkHAUZxc7cuV4OfbdklPqCcnZRHzF2RhcyfVcUwZZT3DHZccpYynYb3TSdtlTEzngRIHcKPI8cIc0pBwELDnHIUMs7Mjy4g7OykBhcGQunbndMisi3MeRkhcIx3TkConZG3dH0InMTpNjsq+abxDgcBCq63UdEZ+6C3OxJRKOTPZZngKXH9USCMl3C5FFqOCpILYwMBXgBPHLCsDY288KPPUZAAwhT1GSA1RXuJBOVCpWekFfMSN3KIS7KWTq5Xd/VC3gQ3kaM5SwUxdbkEFA5plN4DpLg4SJwrSyVnPIzT7pAYS+pNd9KLb7LcsD3OBCASd0iTnlcUB3IYu57LiR4RCpzwCwkRsmOcc7Jpdjk5Q4MzswIvOcBcLxj7+6Y544QMklGoiJ2OXAQk55XFwbrqYZnNiSSSRlCSSSUI1k9qTwMkNQ8YR3eHT0/il2JXfSF76yWOPZ4yMdxGrZnM/kMOAeSokQxud8p7nOkOTyusBG6kF+yxaT6JydsQNl1NIPSSSRADkkklCCSSSUINSSSTiCSwUhykglLaQSad+Etz+a4UmUsBnXEY5Wf6grdLBTNdudyreumEEReOyx1ZO6ondI48lcvWXcbUbNJXmW4BjKPTwmU6QExgxuQrW104OKgjb0WCuJrtaUeCdExsNNuNIaMKtmlJf91PrZsM0gYCq8mWQkHhPaEQXthDp0Zxuq6UkvUyZwaAMqGd1ns5NMEjg911JJUWJcwF1JQgkkl1gJdsjDDNC45PbsN0CQgnZQEedxhRJAdQ3Upxw0qL9TlCBmNyzOVKtcJMpeRsAosbCcAd1cwReHABnB7lFFZBtlxgFKd9lGm+lHkIJ2UWoO4wrmhMAD+cFcSSQGoI76SodScjGVLkIDTlVszsu5Srf0XBZY3Pnypkf0AqFGDkKaNmAJUY45GzGb6x7I43CAOUVm4Rp54FMQBzypFOzVI1oHKjacOyrWy0zpqgHGQCkyZ0vH1qc9vs2nTdI6KIOx2V3USaR90GgjbFStGMHCHUTYICyzllnvtLF11KB2lb4s5Lh5QrZjgG4AwFW0Qw5TnuGn0QPo6ECJXPMk0dOzvu5WDm4ZDRAeZ2D9lApIjNXPkxnR/mrijidPXNe1uQzbPus7ZqpeVlkqrmNHQPYwAOAxlVEbTJgnujXmfx6rwIycA7p9FF/MZGBuUBrrWWX1MxhMMeBpwDj3UqpdpwwcKNSRlsgJ2ATq14c7bsls6MeIlHfZmOIhGM4yVCslKJaoDGwIQa9zn1LnOOd1edJ0jzIZi3Zx2Wex44BgnOxG0ha2OCNrcDy8JsrQY3ebtlNIdqa0H8lDuc0kLXRMO/G6zM7PSO2ppnnMx77Il6mEULmt3wESgiEdK1w2dhVF7n1FrNXdWkZrpbYPBUyEnfO5U1rm0lmlm5JzlQXM1uDc8p3UFR8nZDGBuVJowxs2wcmUHTzTVXfLh9btS9B06tLRv2WR6Kpmu8SrcwZczY+i1tI3Ly4En0WG40+Ohtg3+2SKrGiKmPYguU1xZDTaRsMKHSRmpqZC4ZDP3R7hJ4VM844aVmOq3iOTz3qOqkqLkInHyN3wlTtMkjI2jckBQi91TWSyyb4ccK4sUQkqsY4x2Uk1GDbOXDNlxr2RtpoI4mt4aP1VvQU+iMOI3O6qAcyNbyMgbrTUsZY1u22FxdTbuPU6OvCJtJEI2avxFY7qJ01w6hhoxu2PDsA9lsZJPl6d0xGzBlY/prTcb5UV7yXZeQ3PYLJnJtlLDwje0DW09MyMDThvCxV+njqbjI5h2b5VtJ5PCp5CBw0/wCS85qn6pCc7kko4rJUrOEWdlga+oL3DOkbKxDvFrw1w8rOAo9iaBTuf39VOtcTXukndu4OIRgZxyCv1U6GlLWP055VTaITKHZ9eVzqKd0lQIQdip1oh0xg45SbJcBwluZf2uLDmq57D7Kst4DHDsrQcDHdc63k3QWRNUO4jU3TnnspzW+6h1bXGpznIaOElIYZ6uj0DHGFFpI/EnZGPxFWN3jzFtyndLUXzd2hy3OndMnxBsA9JtdKylo4YI24w0Z+6sXERRF+OB6ocDMN3HGyDdZ9FMY2nclc2TzyGQYGPqKgEHOXLRxN0MDA3hUdkhkfIJMeUFaMtGFmnLcQYOVIzkBAAwVIZ9ISJPBbCMGMp6a1OQPkockkkkhiSSSUIJJJJQgkkklCDUkkkYAkxPTD7BUxsP7gq6UQU7pjw0KpoG4Zk/8AE/mfqpF5ldOIqJuRl4kd9ghRYDuNgii8BE9vCIht4REQIkxPTFCDiRjlCO+V3J9UPIVpZCSOOO+52KyVDIy99a1VcQJae1RfLRg8CR2C7/6jK0tfPHSwmeZ+hjRu70Wd6MhjhtArA0+LcpHVkh9C/t+gATYRBksg+rQairpW8hjNh75RbTQvBjJblSLkxslxjJbw3ACn0bGsbnSn9IFPHZMTEk9AUnljkGqla1gjPLjgIygVb818EQ7+ZCPj0TmZDACMYXE5D1eygHY5OQ3J/wBSKKyQ4TlUXXFX4Fo8Ju5meGfZXw4Kx/WswlnpqL1IkKfWuSI7aoDDQRDHIUec+Lc2RuOQ3Gys4Q1sTGtGAGjZVtJia5VMxGQx2kLauiyzkAIA4CHVYZHqJwuuJdK1uOcqt6krGUdte97t98DK6GlW+SiZ9TP44OR5lfquStvEmp2QzIagxgNHHCC0+JO+c7l5zujB2kEn0XvPH1YrUT5/5Ke9OTM5eKlr6gsb2Ua3QePcIWAbZz+6BUSmWvmJ7FW/TMImujMjOndekX20M8PH/V1SSN3E0MYGjgABTaQ5ByogG5Cl0gOCuPY/Z9G0le2CQ+YnGMoD5NETn+gSmc50wY0lCuDxHSkeoKCAV3CM5SxGpuLpWjYOV6924b2VTZm+dzs8OJVmHZOU5LJytVL7GV3UE/y1IMH6l4V1TIKvqRurcMbsPfJXr/XlUaaFkWOF4nPIa69S1bAdDTpyV67w1WIqR8T+tNTm34/0WNBC2S4RwPGRqBPuvRaeJrYmtbsANli+m4GSXEyPbnA2W2OGx4A4Xqq+T5PqpfdtIFWdJOTwE7pqPw4qirJAAyMqJc5CIXY5Vhb2Gn6dc6QAOk3x7I5diYrBYWEsd4kwBJc45JUu5zeDAZcbBBsUTG07WtHO5UfrKoFLaKh2PoBP7LLa8LI2uO+WDwfq6uNbf6h2cgKoKVTI6prJag/jJxlLSfRce57pZPX6WO2KX9jh4Kiy4I4Uo8EqLKM+y588s2S4RGJ82FOp34AwVDI9k+ndhwJKCMsMVLlFu1wc1NkZtyuQOGnGUUg4TmtxnZXTD0XaNxEgOeOU+UZQG7OKz2JmrTz+OWS3YQ4ZBUarb5eE+mdtgldmGW8ZScM9EpKyvJVkHUnbYyU543JQXE7oOTJLMSVb5s1AaRsrzpicQ9SM0jAz/qs/QP0VAVtbHeFd45+BqG6W8I6+gn90X+mfTNG4SUkMu3maP8lyPauOk7YUezYqLPTzNPDRlSMASNcDgg8pc3k+taSWa4sn1QyGn1Wf6nhDYWuA3IWhld5WnHoqu/QGel1AfQlJGzUc1cGLo5NFSz3Kv3NEbySORlZlhLayMf4lqXnJafYJiOJVLIKHacDGNlyrGppB7FdAIqiccBKUYDtt02JdvKwUFXCCCwjYrx/qOIx3WUAYGdl7XWMDnbDC8m61hEd0Lg3GcrfSfP8A6m07dOf0ygg+oI7uAgQfUEdwOkErpw5R85m8M2HS7gXR7jZbd8euBwPsvPOlX4lY0ndemMA8I/kttS4PO657LMldZCBWOA2PC0BaSqClxT3hoA2ceFqHMaQMDCZA510svJDc33UeSPLcZU90eeCgOjJVy5QEZYZQ19Lrzt2Wcni0vI43W1qovbssrXR4edsbrJOO46FE8ldLFtkhRHjOysS3LSAoMkZ9OVnlHBti8kCYBh2UGoBdvhWU0R5woEoByMJOEmbKn+x1tkMMweVqBIJ2BwH5rIMOh2VpbfUtNK3PIQSjuOzoNTLT2faPlj7ha3pi+RPjFFO7DwMAnusw0iUEKKZZKWo1MJBacgrDfVk934ryrqtTkz0yqiGxHB4UN0eSBjbhDs92bcKJrJnAkDnuEYS6dx2XOlXhnvoaiFsFOLKm5235KobUw8B26FeKb56nE7Ry3n3Whhc2uLqacDONvuo1VSy0g0SxjSdilmfUaeMo5j0efYdG8tPLThSqeQhwyeVJu1vdHUl0Y8rhlVbs5xxhQ5Ek6ZYNFSz40uGFeU0jZWAByyVDU6h4JVxQSugc0EkgKHU0uoTReHhR3jPlKkMdrZqxymubvugxk6ON64KuvhBic7GSq9jtGBhXk0evYjPqqiqpnRuDhuMoM4MtkB2Q9vChVLPDP08qTE8HgIz4hM0aWq1+hDRUsfJHIJGnBburSpgor/RmOZg8QMxvzlQpoQ04HZNo6h1JOJQNu4RxRk1EFZHazB3G3TWuqLHg6QTgqZZ7i5j9GcBbHqeysvFIaqjxnnHcFebyRT0VRoeC1zSmo83dTPSzzjg3oc2RgeO4TYsteN9vRU9kuZkHhPdn7q6DTkYTEbdPbG2KaLGA5YiKPTPxsQpQORlWdCHICSPI4yoM8enfCtSMqLURk8BGVbVkytzpdOZA391WjkLU1tKJo9JCzlXAYZgzCbDo4eqp2fcIAEDbCQGO6TXjGDsmhh33TEjBnIZmPRKaIPGwTWkIzXN4KCS9hRaZWTwOa4YGy7ThzXBWE1Pr4Qo6fSeElo0V1NyTJNLqa5rs7t3Wqs9yfM4QyOGwws3TR4B2UqlL4JmyjgFAdrSPY8m3G/umVMEdRH4b2/Y+i5bKmKsg1sO4G4Rywg8JUlk7KxZHJTM+ZoZvCDsN5HoVa08hlaCU+SnimGHjccKBKyeml0tOG9lAcNMnuZlDcw7brlPUEjDtyjHB7KFtZM/dLUS75ukGiQbkDupNnuTqppp59pI/VWj4yRwqivtr2O+cpPLI3cgd1WSsbOi4DARsFx0ZIxnChWe8xVX8mfyyjbf1VsWZOWhWNrlv4IMkD4262jYdkIn1VsWNIxhQZ6V7DrbwTx6IgnDBAqKeOeMseM+h9Fnayj8ORw08Hlagkd1ArIBI3I5UOdqaVNNIytRBk8ZwFFgmntlSJ6ZxbvkhXNXTOB4/dVdRFkYU6ORZB1no3THVEN1hbDNIBIBjdaR8flzheGwVU9tqW1FOSCO2eV6d0t1XBdYGwTyASgY3KOM8m/Ra3fiuxl65rgdwmEBTdLcbBRjsSEXDO4lwAkjB3AUKanyMgKzIyhFgwVWMEnVko56cDPlVVNC6J5cwkHO2CtPUQjkBVNTT5PCuMsswXUNdEuyXdkgFNVkZ4BPdK+dNMuDHOhxgjICpZozGdTRhXNhvjnEUlU4Y4a4p0JnPuqjOLi0eeVVHV2WrIIcA07/ZXFJWx1MYex2/ce62/UPTsF1py9jAJAMheZ1tBV2mpc0am4K2wng8/qNNKjs0TXAgZaqe7W2J7jNEC32CNQXSKZgbK7D+CrEaSNWMrVGRyL47ymtV8ntEojmBLB2z2W8t9fTXGBsjCCHD9CsDdbTLO8ywYGPwk8qNY79UWup8KXLW5wQVrqtMM81s9KfDp3buAoVZSQXCF1POz7H0Uy23CCvhD2uByE6aMN3a1aovIEkrEYqM1vTdby4wk49sKyrKd0knztH9MgD8A91Z1tPFWROhlZn09iqmndPa6jw3jMZ234ITs5MzplF4j0TKO6Q1DBFKdD27EFFmpY3jUMEeqrrraTgV9Cc93NCJaby2oAhm8r27YKguE5KzZZwRLnQeBiVg8rjgj0VPLCCN9lujHHIzS5ocD6hUdyszwTJAAQd8BKlHI2yGejI1NMHDYKqmpsHZac051OY4bqDW27w2h8YJycJU61IyTgUZY7YgYT4pS7yuHCK9gJ259EF8JPDVknBxZnf6DkNc08ceqiuiHYYXGyOacHupDXNcAqymTOCA+HTvpQMn0Vq+DO4CjOpDzhKsqz0HGz9kPG+VIhrJaZw8MobmOamu25GEmMXF8DVJMuae4vqG4lIR3N21NOcqgic5hBBOytKOtGzXEp8LE+GVLK6JrKhzSNQTpGQVTcasrrYGyN1f6oLmuhdlowUUo7uUFXqJLifRDqba2M6owVDkBZ5XDCuRUh2GTnGUyWjgmHH2StrG5UvxKXQ47t2PZFp55YzpnG3ZElpJIJS3TsEi1soGewUk8BQ549hxI2RuQE19OZMY290DUYTwpsUrHsDmn7qOOR8IKXAGOevoXZDi+P05T4ZTWSF1HUls3drjj8lLaMDJCj1NDBIdbAY3/wBTNimxm4rAi/QR3bohY7lXUT9NXE7b8QCtbd1GwPDo5Sx44c04KoWXWponfL1kPzEZ4JG+E99NbrkPFoZhHJ/SThOq1DTOZqNCnxNHr/THxfvljLIp5jV0/GlxyQF6/wBO/ErpzqWNjBM2mnI3a8918fNmuVtdplY57B35Vtb7+1rw+OYxP9jhbo6hnD1fhYWcwPs18Ie3U3BBGQQVV1dJh/C8J6V+LF7spbFPOaiAdnHOy9Y6c+KFhvzWRyObFM7YgnutMbFJcnn9R4+3TvoddbBQV7SyenALhuQF5zfPhtWUE4uVimMU0Z1NLCR+q9snZHINQY3BHYKsqafTg4wFeP0DVqbKvtPMOnfjD1P0vOKLqWifUwNOC/8AEPzXtnS/W3TXVMDXUFdA6XG8erzD8lg750xS3eEtMEbXY5I5Xnlf0VdLLU/N2p8sEjDlroyR/kgGTjVqVuXEv/I+mZbZR1LiZY9Syd1+GNvlqDX2Wpnt9VnVrp36Dlec9N/G7qixFtD1NB87TMw0vA/mgey9e6Y696T6sjabRd2GYjzQy+V7T6bo1wYrNNfTyuUUEVy656YIiuFObrTM28Vo0yge/qtBZ+tbVdQGOmbTy8Fkx0nK07qYSjDjgeqoLv0NZbmXPkjIlfy8cn3V5Zn3qzguWOBGQQc+iesS7pzq3p7y2S4/NQN+mObJd+qNRddeHIKK+0MtHONi94xHn/mRAbTYZCSiUtZDVsa+CRsgcMgtOQVKDtskYTE8ipJro6ljKWcpK28ArIhtwk4a/q3++6SSH5ORmXgoq7o+11TdVKHUUpOXSQ7b/bhVc1m6htB/kT/PxDuecLYrmMcFTGSbzI095azyXCGSndx5htlWTJ2yY07g+6uZaKlqmGOogZID6hVUvScW8tuq5YZDvgnLUbRcZJ9jwcpayz3VXUUl+tspMkZlYOSNwnQ3RkztAb5u4ypyF/gtRKONKcC15GQAoTaphwHbEoniADPZTJCYaWGQZBwfUIT46un3icCExkhHdHjn41cKFChuUrB54nDHOO6DVW3p6/Nc2qgi8Rw3IaGlSXOge3A3KjPpmF2oDc9wlhqTj0Ze5/Bu1VpcbRXmmlO4DtwV5/f/AIVdV2xrpPlvHYD9TBkEL2lrKmMh0BJI90aO91MQMVRCZB3B7pcoZNNWssrfJ8o3G1CnlLKyhLX8HLVVT2ijmbhjWtPO3K+urgLBe4WwXGiiczu0s3H2WNv/AMEembpmptFQ6nLt/XB+yQ4HV0/kl/WfM01sqKch8EjmkcEHlHguN1pHeI95eOCM5Xpt9+EHVtpjfNT03zcA4LN8BYKutdwonujraKSPBwchKcDpR1dUxsHUjnOxOzDT7KW2ssdyBhcWaj6hU09NE0eUaSfVRzbyd2AZ+6DYOcU/x4NAbBaJuHxj7KBU9EOkeTBK0NO4KrPCqIzuXD0wSpcN3uEDBGKg4HGShcSf6kOVIiVvRdfTxmSItkI7DlU81qr6duuWncB9lt4Op5WxgSx6iO/qp9Nf7bVaW1ELQe+QELrYS1V1f5I8vc1zfqaR9wuZHdesPp+nbh/KfTxjHfACh1HQNmqBmLIz7ofik+UMWvj/AFpo8wI7grpfLnLZSCvQKj4ZF7c0suk9u6qqr4c3uDJYWP8ATlC4MfDVUT6ZmGT3FhzE/XhSRd6uLBmoo3H1xyjy2S/0ZwaF+3OAoswqozieAtI9Qh2tcjt9UlnJJjulnm89RQlrz9XlTflrBVP1Q1phJ7HZQTICDlgGfUIPgQSHLwEDnJdh7N3TLttplA1UN5d/91TGw9T05yJzO0f4sqqEEbdo3OafZyMK250gayOukDRxurU8kW6P9y2F2vtMP51O77grg6okB0ztkafsocd/uUQxI4TNPIeEn3eCf/tNCCPRqLK9lbp56LJnUcD9hIco4vAcAcjfjdUZHT8/1w1Mbz/TwhmlonE+DUPaD68oZJeg1NmljuLThxa3HuEpq+jONUTc9/Ks0KOvi2hqw5nI3TH1lfTHRJEXEd+yAm+zPDNH8zbZWlskbQOcgYUd7bU45jqSB6KgbdHZ/mwOH5Ikd0tv/EglBPshby+hituLoR0Gd5119NbRj+aDlVrK+zyDGuSP7tRBLZ3gBlb+uVW1MfC+z2yeKS28+K1M+StjtjOAPVAZFbn7itZ/5khSUBOPnG/qg+NI1V3zXskG02hwyK9wz7pgsNrJ8tyefzSZbqDH/bG/qni3UP8A8mN/VC4pdGyF8vbEOn6PH8u4EfcpzenYe10g/Mpwt1Gf/jR/5l1tttgP97+6Fx4Ntc1P2N/2dZ2uUDvsVz/Z7J/7bGpAo7e0YbP+6f8AL0/adLlWaq5KLxkjCwOP/wAZGujp9wOfnI1IMFP3mH6pCGAcTAfmkuBqjagYsL8Y+bj/ACS/2fPPz37p+w4mA/NIkf8Afj9UEo4NCuwMFjewjFUD+ac21MBw+cD1TNyfrP6prnuG3iY/NKlDIa1CRMFvgxn5lOFHRNOfFBKrzIAD/NH6oXixg+eZo/NRVoatXFLktXNoo+7Sl83RRDGWfkFTSVFCP7yvhH/iQf4lYYt3XCLP/MhlBIr+ZH00jQMuFE3/AIbT+SGblTZJEZ/VUT+orHGMNqGu+xTG9W2oZ0tzj2Q7SfzYx7kaFte1w/kxlOFVcXbeGMdlkpurw9+mkpy30KHJfbpM3HiYCDaH/PqSNXLPU5zLIG/mgT18MDNT6xj/APCw5Kx0lXV1B/mTu/VNZ5d8nKFxbBfkP+Q08nUEBGljHgqBJd5n5AY8Z7qoEu+QiicgboPjbBlrbH2THTTSnMkhTQ0clR/FcfwH9FzJI3JQ/Hgr+U2uSTrbxsnNmDfsoTQ5xzkogDgB5iq+NEWol6JorIc4JOfsnNqgBs1Q9LfRPyPVF8Ra1c1wHfWzjAbhCfPUyjSNwmyHGNl1pefpaVapJK+cvZwmQ/UcpukA5wnObO4+SLOfRM+WrHfW3ZRU/oU7n7HamgcBMfLsfKnCilbu/v7p4p+3Cv4ZNcIXK3JBfLLnLTgJFz3jSSN1PFOzkgFLw6Rgy4YKuNEvaFO1lb4DzvjOU5lMSd9lKfO0HTDg/kk3XjLm4yidLRalkYKVoGf9VwRgdkQZB3RGtzwMlX8eEGv7A2huDsuFzW+6ki3zyOGW4Cs6e1QtALtygcB8K5yKiON8hGlqlR22olxkbH2Vy2lhZ9LAjMGBhVsNUK/2VkFrbGQZGqUyljZjA4UlzdW5KTle3A+MEgYAHCWAn5wua2dygwg1D9HWNJ4UmOIDc7ZUM1cMXfLkGSsmfsDshGRltLN8sEexeMqJNXY2hcohy8guO6JpAAwFC1ZljTNNISX7pY1bFPLAkRjuoE8yONjA4CdwFzVvwuncKAHPEAPCRlz2TDykoXnB0uJTSMjC6uA5UGRi5IQJ9UshI8JZDShbwMjEQa7PCc7A3ccIb6uNgwRv2XKaKpr36Wty31OyVN/oNLdwuwhka/ZjsqTS0AwJJeTuPZS6W1ClOuRo34yny4OwKSaI04/JAiGxjS1JkDnuyQjRUskjttwreit/GyM016dyfBApbe+R4GnTjfKtoaUQ4OFKigbEN2gJZzt6KHQroUUMTE9MJA5UGOSSGvBI2USqmbA3zFRq68iIObE7jYe5WenraqpPmkwD2UMV2pXUSyq7q7JELvuq11Q6UnUhhrty7cnlcJyp2c+y6UuxE5XMZSzlOGOyvoy2TOY91xxDRkpspGxyok842CrIh2YCOl3KjSTvH0nZMyXnOeEhtvzlHGORFk8iIc52XBOAGNwu5aNylkHO6NxwZ5SY7I9U1xCETjlyi1dcyAZP6ZRr7ULlakSqiobGMEhUtVWGVxaDndAkqZqiUu1bHhPjhPJCkXlmWdu4TWF53CmRxY3ITI2gdkbxQBwmoXk5rEY2QJZidsJskgcdihOkyDtwqAnYIuJ5KaSD3Qnk5xlcyfVBJ4A+TnAQDC4/hMSS28lnMb5R2DYFNwM57pE4QxjhkCEj6UMt35TBqwV0keqelwDKW0ceEI8JHhDJOeUM8+hcp8CPK4klkKsCXPAkNzmgchJzgGnfsob3DfdMSE2WhHyAZCA6YnIwhknPKQ5R4Rmdjk8I7kk5TwO6QHddUBckJJOSViXLkakkuEZGEQa5FkeoXUINP9SKoW1g9tiDQ/XIPI3n7oE8pnkLnb+mOAFyodj+Ww7clDaCBgr6BGG6e48TGWDvh+6JoCZg+icn/GEPSTklRTeBJJJKihJJJKEEknpKEBJJJJxBJp5Tkw7pEuiHSeyaeF13JUWrqBDEZHbYWWyW1ZGRjueCo6irdIFMx3mO5VCOd0SrmdUVD5XHOTsmMBJ2XIsnvmdWivZHBJpohI5oxyr5rWxQAAAeyr7ZTOLvEI8oU2seI4kyMcITY8ywQa6TV5RyhMaGR78lDJdI/UUqgkRhDPoZFYRHqXHVyhDhdJyclJZn2M6EkkkrCEkkkoQSewY5CYOUUDbhQg6Q4G3oo4JJOUSXkJo+k/kjCRyU/wCSC3YlOkOCkzlQpvBLoWapm5Gw3VjL9OAfyQaCIAeKfROkIcdtkyMtpnk9zBuwMqHMcuR5yQNioh5QyluCisBVwnAyuprtkI0BK8uBHGyhOGSpFRJgjblRfzWectw6HAaJoLhspD+AmQNwNxuugElQGT3cHU9MPZOkxpG6j6I0dwTwtf0rRZw5ze6zFLF4juMr0Dp2JrIgdPAWeyW09H4WjdNTLZxEbMDhQ3FzpAAVIqnnGOECFoe4ArKj2cOywpYjp1Y7Js0xZsApTB4NNkjcKvyZ52NA5KGUsGtPHCLe304p6Z0j/rk391PpsU9C6YbHJQfDMhhpm/UMBFvzmwxspYzs0b49UtmmK2oqoB4kz5XbknKtrYxrpS4jOAqykaWs1O5crqztwXlw2ISmb6FllnGcDjdQayTAccgYBU5xDGlxOwCpbg7+Q4h3KTKWDZKW1YKTS6eQnnJW36bpvCgjJHKyNvi8SUMHdbmlZ4FNE0jfCz2jtJHLyTtQ8fjZgVZXymWuDWH0Uwv0QOmPOCoFExz5HTv3JO2fRIN8ngs2vEcQGnSAFlblOXVJA3GVorhJppHYzlZEyanFztyiMWos4C0zi+rDMfSonWU4+WZSDdz3YCsLUzM5lIVJfyam6thb+F2UMujBOWa9v7ND0/Rvt9na948zgriieG0xkdkbE7KMX6aCCLHmcAFJP8tjYWjkLn2vk7ekr21pFlamgU7n6MOeckqJ1POKe1Syd8EK4pomxUjBjCyfXNW2Kj+UJwZDgJOTRdxWzExv31gbu3Wv6Zp4xTmbHmyVkmRkaQtvaG/L0DSB9RSbn9u0yaCG+3LLm3Rtkqmhwzjdain3eABtjZUNji1h1Q5uOzVoaVocBlca3g9ZQ9hA6tq30dlk8JwBkBbn0UH4f0rRQfMP3c45yovXVQXsgt7NzK/GFpLJSMobdDA1oB0jKXFeypNysyLqOrfDbnOj2LvKSsMCXkE7krQ9UVTnBlPwMkn3VFSt1VLQmAzluNHAzwLcNI0lwUuMintxkbsdOSfdMlLXRQwAYA5Ue/VJpbXlgw3jCiIZqaSSurdjk6tlqbbC5rWgrK2Nj6mr1NHfK29NEGAbLPZ0NreCbCdJBCsIpctA2Krs6W5Sp6ppy30WGayzdXP9lvE7Vuo8o1TuXaWQODiCutAzkhKNDjgpLu+MEsHYZP3V50BQvLJK97AA46GZVFXQ+LO5v9RAXoVkoW0dDFC1uMNCC+zEdoBZs2G/ZU10qi6oMbcEKyrpfAp3P9FQURdVVrSR3XPl0Q1NojEVMMNwSrJj8Z2UeJmlgAGNkYDCySfJaCY39138SXbKQ5WebyUSRwurg4XVCDkkkkAYkkklCCSSSUINSSSRgDEkkjuoQdkeqRc0bkoDgcg5QLg/w6Rz2nDz5Wn3PZQaQGTGrr56rTiNjTG37qREzdAhjEMDI8bnzO9ypUTckFHAL2HHC6kNkkRYkklw8KEESMHdRiTlPJOeUM6cYdwdlAZGc6+lfJaIbPBq8W6VMdM0jsCRn9lc08TIo2sYwNa0YAA2AWeuU7rj1rS0cIHy1BSGd/s9wwz91p2N4TovAEeXyVdQBJcmM9sqybFpGOFBMJ/izjj8IVjjCkpZLR1JJJQoXKq4nGou5PaFmn81Zlwb5nHYKqs4MslXWY8ssxDfsNv9FA0WjjvuuJe66TlMwkif4EOCujhcHBXRwpAjHP3Cxd5kbUdRtjIyImABbRzw0Fx4CwVPmrvlXUAbNeWrRBlotqh3g07pBtgbKLbGAweJjdzi4n1SvMpjoi73wiUjfCpGNI3xkrXWskJGASCDush1/WsZTilPLjstSHkELzrrWr+YuYhx/djB9MrteNq3Wo5flLdlRQsDQ0ABBuExhpHn1ClxtOnhUvVMz4qLSzknG69/oa8ySPn3k7NlDkZtshD3PPJytd0RG175p3N307eyxLH+UHC9E6OhDLcZdOC84XV1EtlbR5fxMXZqUzSwAE7qXA0AEZUKIkcKQHHfC4c3nB9Jo4FpHzOxUC+P0UxHsVOZtI5x7hU1+kBjA9MooCrehtrY0QasYJKmNGCN+EGiIZStOOQnag1pcTsttMdxwPIWfHWebfEe6TPrHxudsxuy8zt79bpsD8ZWq6/uLKitndEThvlWatrGthBA3duSva+Or+OCZ+ePqPVy1Grm2+mbTpGJmh7yMkcFaSYhkZLvRV3TsEcdExzW4LuSp1y/umAHG67tfWTw90t1hT1nnboznKtK13gW2nph9UgDQqhzXy1McLBu5wCtLhl9XTw/93hSYSL20xOhgYHDfAWX+KleaeySgH6jgha+lI1MAXmXxor2R03gk+Z5wBlYtRLbBs0aWO+6Mf7nksB1HPrupAaDyFGpth+Slt2OFxpyyeyqjh4QPScHZRZhgqx0gMOyr6gO1cLPNmlx4APA5QGnDshHfwo/BSfYiUUWVI7XgEqccFuFUU8gbgZVpTyahwnww0ZZrawMrCoj8g5I7qylbkcKFK3PCqcS4SyOpZtTtHBG6lO4VbEAyXUrAEacg7lZ2ju6W7MdrIlS3DhgKK5T6gDGVCI3SGMsWegkJ84PGFas20yN9eVUMGM7q3pSHUeMZJSJLHBt0TamkfQ3RdQajplmSCQwH9lYuJJaQcrNfC6oNRZnRE/8LC0cgdDGXEZ04CXJH1nxs99EZFs4aoQf8IKi1rC+he7HIKksfrpOOWhCBDqYxYS0sHYlHfHaeZVMgir2/wDN/qtRFIJWRyN4ICznUEDYLg4MGBkq9tB8SkbtwE5I8/VL/WlD9Epuk1g9CFyoaPFd6YXHAtqmIs40vOU1NRHSeSqqoSdwvNOuKRvne5vmByCvWJYsjOM7Lz3rSkMjZSG8LbS0eV87R8lEjzOD6xlTX7aSAobRh+PQqa3BaF0YSyj5DfHa8Fv008trAOwwvWKZviRNx6BeRWSTRWt9yvWrU8uiyR+ELfQzz3kliaZX1jfAukTh6rUM8zAR3Cz/AFBTuY6KoHBV9b5BJSRnG+AnHLt5imPLfUIRYD7KSW+yGQc8KxKZBniBbjGdllrnAWgHT+IrYysyFTXOBpaMNxukzjk0Uz2syhbjYhRp2b8KxqWaX7DCiVMecYWaaOpXLPJXyxagds7Ktlh3II5Kty0Nyq6pZ5uFnnHJqrlyVUwLZdI2VnQTEMxnZQamPJyOcI1vfiHcbqorJr+Rx6Linqjnsn1GHecDlQMlpBzwpcUoeNJ2QXVpnU0Ou6hMfQ3GWgqRJG4gfib6hbOiucFSxkkbs55HcFYien4c08LlLcpKCZrm8dx6hc26jPKPceL8zKlqtvhnolwgqKCaKsjflkgHHZXzPCulE15GTpwVCttTDebIGuwSGgg+iFbpJKGTwdWW52XPlFpn0Km3mPuLKjqChdSQukxkNOQfZZatphpE7G4DucL1O40DLjRP0gZwsEYNFQaJ7cHcboHwYfJab7sxM5FMaeQPxxytDSVUFTA18TtzyFT3GjEEjgG7DOVFtlWyjqjrzpJUOdVKVU0jc26rJd4MjhjsVYyNBGyzUT8ubLG7IO4IV9STiVuHKZwd6i7KOOHqolZDqjcQOFYOjzvhBkZ5CCkzWRs1lFBp0ndSYXeXSd8pVVOQ7UBthAifgjOypcoxvhnaqnJ3AUCZhb2V6GNe3BGVCqKU+nKYKsgRLfWSQS+Gfpdtgqt6rscM7DVwMw7k47qdNCYzkBOFQXMEchyAmpHN1dXyQ2s85Y6aim1DIIK2NoucFbE3fDwMEEqB1BboS8ywswTuQqigqHUVQJWg44IRnDql/Hm4s3cWA4KYxwxwqajro5wDxn3VlG7bCM62ntUiWhPaMbhOb2T5QBsEZr7RXTQ5yWjhZ27UpDjMBwtW5oIPuqq5QF0Ra1oymrswauvesIyWSO6cuzx+FJpISxkpieTzsvtk4jNbvVGDyChpnKFrKFxs2Mt6NombnOdk99LodkBV9tqDT1ADjljtitCwB3bKU0drRzhbHKITGkdlKYwYyQuiLPZE05OOEo6lUAtBVyUcwfEdjyFr6cCrgEvGVjHQ5wQFbWO4zQSinkflp4yhUjdTJrgvDC5pxhCmp/FbzwrDQJAHcpjWhh3VpZNu3JVNp3Ruz2CkMdkYwpL4mu4CjmJzXbBC0TYELW+iGWYGcIrT5UTSg2gOvK5MtdLS+GQ11DkOG7mhWNjvTKhop6g4kG26sn04k47rM3GgntlX8ywZYTnZQFJwZrwM8Jr2atio1oucFZE1pdhwGCp72jlGPjKNiwiouFG+NniwjPqFVA6shxWnec7EKnuFs8Rxlg8p5woJtqwslRLA1/Iz7qjuFJLE8gjI5BV24PY4tdkEcpsrGyMLXjIUORfDcZGWLUeMlNp5p6SZs0Dy0t9O6t6u36SXM37qqe0aiAOFZy7Y/G8npXSvVcVwibS1bw2ZuwJPK1RZgZ9V4ax743B8bi1w4IOCt/0r1pBNGy33WYMlb5WPPf7qZOp47yOX8dhr3RkoJbtypoaHDUDkHumOhJHCI9HCSl0V7xnIKiTQD0VlLER2QC3OyhU4JopKmk3GyrKiAxv1Rkg87Faean1AYH7qsqqQ54TE8HOuoJdhvxLW0la7cbNcVLvViprlA57WjWRsVl5oC05aMH2V3Yr85hFHWu24a8p0LMnOuojNYkjzq7WirtFUXBh0gqbarq14DJD+q9Ku1mprnA7LQS4bFeX3myVFoqXPa06c9lsizz+t0ex5gjQGNs0epiz94tD5o/EiGHsOdu6ParsRhj3e26vsMnaHMxlaYSwca2jfwZCy9QVFpmbHNnGcEFekW24wXOFr2PG4WAvljk88+MhxzkchRLHe6qz1IjlcSzOFurswc+SdM9p6pLQOc3VHgFVtXTFu0kf7KfZrrDcoA6N4O2/srCSFkjSHtBHuFpUsoNNNZM9TlrQGDGD2VddenRKfm6I6Hncgbbq1rLbNBIXw5LeQu0lRqHhyHBHqmiZpTWGuTPW++uhPytcC17Dp1LQRyCRgdsQQoN06dhrCZo8B59FSUtdW2ef5SryWg4aT6KGZfJCTjMtq61CZxmiw09891AkpAG6HN9ir+CohqYQ+M5yNwgVVICNTSl9hqCfJirlaGxfzoRnPZVZjBGkjdbt9KwjDmAqlrrE4kzQOaCfwlBKtSM19G374mUlptR1AcIIJi3wrR7DGSx7TlRp6bPAws1tOPxMq47GRTh2xARcNeMNUF8bmu2BH5o8RIPGfzSk/TKkjstIAcgKDUQObuArQTcAtyhzRteAQqcF2SM2mVA1DIwuse8btKlyU++QzZBMR9MJEqfaH788MNR108bhqfkd1bNninaMO3VEGkIkEpifkK4ycOGBOP6LY02tcLnR49lyCtaW+ZEOmTcJqalyBucBolikIEux7IVRbnuPjUzsd9JTnRHOWj805lVPERrAc0dkE45ZohfF9lfnPklZgjkLj6cxATUhI9W+qs5W0lwblrhHL7qvqWVVFjUMt9R3Q4GK0PT18UjRHKCx3uFKJ1b9lVjw6mPOfN6+idDNUUzvNl7FGbK7W+yZJG14w4ZUKotzZD4kDvDf6t2yrBkjJW62HIXQzPdLcmuUaGlYsFfDd623nwqyHxoz3xlGdFbbqA+klEUvdp23RnRg7EA/cKBJaGyPMtO8wyc7d0UNTJP7jLfo0+YdhmPudtOHAvjHflWVF1BG14LJTFJ6gqlddLtbcRztEsfqRlS4W2S7MBY75eox34JW6rVRl0crUaVYxZE9O6a+Jd9tAYw1XzELfwPOdvZesdO/Eqx3uNsNQRDKRuHcZ9l8q5uNrdkZfH6g5Ctbf1C0kZcY3+uVuruz2cLVeIjZzBH1wWwyt8SCRsjSMgtKh1MGs4I/1Xg/TnxJudpkaz5oyx+hOV6fZviZZLmxjayVsMh/RO3JnDv0NunlwiReekYK+Nz4GMjk+3KwVZ03V26q8USPpZmnySx7Feux1MdRGJIiHMcMgj0UWpp4KlpZPC149CMosCo32R+2RlOmfjF1v0g5tPef/AHtbRscHDwF610p8W+jerWtjp68U9U7YU8n1Z9Mry64dLyFxfbWgnnQ47fksrW2O1zzeBdYn0NUDu7GlpP8AzKipU03ctYf9j6uIyMj0yoFVbaKuY6GupWSsPIcMrwGydVfEfokNNnrzdrc3iGV2S0egO69E6e+OXT1ydHRdRU8lnuB2cyZuGk+xRMxT0dlfMXlF0/op9FI6o6drpaZ+c+G52WH8l1l4v9vf4F3oTK1v/EjC1NLVUtXC2oo52SscMhzTkFOcwP2dv9xlSGcmObaeGioo73RVeAJA13drtiFYh+RnGxUKv6dttU7xfDMcn9TNkBtLc6PZknjRN4B3OE0FPBbAg8FJQYKtriGvDmn0KmNkDuAllhUkzI9UlCsD06MkO2TUk0EJJl4BP6KHW2a31I1GERyH8bBgqVkIhOcEIgzNVXTU7W66SqLnDs4qrlmrKNwZVQv224W41DuhTMjkxljT9xlTBNxlIrlCWjzb+6mQ1MUoBa4bqRW9MUdUTLEDHJ/hOAqersVwos6CXtHoq6CLUbbgp7Xnv2WeZXVUX8t5cMeqmU92BIbIRn1ULLkTEDAC66Rr+WhQW10Dvxoge0jId+6qWMEwwz6Olm3LQ0qOI5qd2YZdI/VPEp7JF+eUppF5CRXKrhGl2HtIxhRaqGz3VohutsiljGdtIBHuCjjT3CG+MO2zhVtQ2FkodMyF8+DXSl2GaKYwSP3B5/ZYe8fBK7UQcKGaOTSvZDEWEOBTtUuMNf8Aqg2odDXXVvhnzJc+guqKFjpKi3P0s5IGRhUUtvfE3NRCQV9ayN8QFkkeoH1CpLj0rZq46pqOMk99IUVWTdV5Sa/NHy5JEAcBqG2LJBC+grv8PLTNvT0jRn0bhZa6fDWAwnwIyxw4IUdRvh5SqXDPK/EMY5J/NSYL7XQgMbISBxkrVz/DmoABLyq2o6FrY9o3A/dL+M0x1NFn5Eel6oqWbSyEfmreHq5ugB/mVFP0jeo9xC135qCbPdYTh1Ln7FXsxyU46efTNm2/W+YB0kQJPO6ktp7BXsDpI4vzAXnbhNCS2SN7XDtgrsdzqYxo1vACVKGWBGpN/Yzey9L9M1LSC2nB9OFWVPw5tEx/kNbg+izkd4GfNUkH7qwgvZwAKx36q1RB9oLF9X4zFWfCyR41UUml3qqmo+GnUMI1N0ux3Wohu9wwDFUOx91Mi6iuLPqeXKnpa10HDWamHvJ5tV9HdUU5/uQ4D0BVbPbbpSDVVUTmgdwF7AOpatvLW/m0Fcdfo5hiopY3f+AJUtKn0Oj5GxfmjxgyuH1MP6J5rImAB4x+S9XlNlmz4luiGefIFVVvT/TFUNTI3td3DUp6eXpjo+Qi/wAkefx3KnYcB/6rrrhSnGZcrWT9FWd5zGXj7lVtV0PTaCYHZI9SlOqcezTDVVS9lMaqilA1O4TgbZLgd0d/R9Q3j09VEf0vXx7sOP1VbB6trf8AUGFBRSbscDlBktUY2jAz6oZst0Z+LH2K58hdIcEOJP3KmyPtB7k/wkI2yVoOkBBfRVDASRspAju7OYzj7peJcWb6CVThAkbWnhshGKbOSHDHuml8jdiXfqphrJf+PFuuieHl8WVapg+maFa+yE6omA8shGfdC8SfOfm5d/8AErP/AN1vz4jcfmk2CyP/AOIQfuhlpt3TL/kPPKKvx6po2qpM/wDMmCpuDs/788fmrN9toHO8tVt2B7JOs0D2/wAuoGUt6Sf7Q3+S2sJ4Ksz3A/8Axz/1S8a4f/Jzv1Vh/AJju2oaunp+c/8AGH7oP4s2T+S1/UVfj3D/AOTn/quGa4f/ACc/9VZf7PVH/fYS/wBnan/vf80L00l6DWsk/wCorvGuB2+ed+qaRXu5uL8H3Vn/ALOVR2E3P3Xf9l6ojJqP2Qy0s36L/mSX9RUEVGfNUvJ9dZCQbI44kndp93q1/wBmJv8A5JC7/s0wf39UEP8AEmRa1+2VwpbeRqkmJPucrggtIPIKnNs1EHYL/wA102u1jmYfogemn7Qz+dF9ohA2poA0BcbUW9h/lNGVNFLa2HOdX5J7ZLazZtEXf/a1FpmMjrF6IrKiIA6GD9EVrpn7MZlSg4SYENuP/lXfkLk8jFE5gPfCr+Mx3/EYw7AiB+MvAakBCw/zXbKa2y1zhuCPYow6efgOkmH2wrWjBflox/Er3OpiB4QyVwP/AKW4wrmK0wsABaDhSmUFOOIt0X8IFeYXsogKo+UY39k9tFVOGS3AKvmW/TjUzARxTsAw7hRaKL7J/wAXl6ZRQUTnHdqP/DXHsQrYSUEHB3QZrpSMGGDdT+FBdDF5X+5CZaiSCQceiki1UsYBeos12n/4fBUUur6x2GvOCg/hoOPkZT6ZaPjtsYwQCfuo81TQs2jZ+hQorVKfNPv+ae40FG3XIRkHAHOSq/jpD1qpP8mNjqHZIhbz6p/h1sm+Q0IUty1bQU/7IBkuE5w4aWqo0pDlqeCU8tH99KMhRZamMbRuynmke/HiOznlFioYmjIYMqOGOg1c2yHrc7fC4YnOOcKf8tk4DBhHZb3OIw3ZDtxyPw5lV4WCABupcVDLKGlowreOhiiAJaM+4RRGB9I/ZKngdCBVxWsDBmGVLhggY4aYxlSJHYwheIwbZCRJo2VwwPdgAY2TmY23USSoG2F1sk5xoZn3S3LLNSTLAOxyVx0rWjI3UT/eH7EJ3hOxklC2Ph/cc6oxnZC+Ycc42XSN907Q3+kKgmhniPPJyunJ7ruB6pawqSC6WBmgE7gLvhtxuOF3UPRcB3VBHMFdGpOGMJEtChTeBugpafdcL8dkx0gIULUshCRzndCMhPZMLsHJXPEadlAsj86iugYXBC4785RxCQB4g2S20hkIZGfUNksEbYSfUUsIOk5KHG2qr3BkWw+yDO4djb6Hh8TdnPwUzw5qg/ymEhXNq6Vmmf4tRvj1C1FHaaWijAawE+4VSlg2U6SVkcy4MpbempKhrZqjA9iFoKa309G0FgGQFOmngp2+cgDsBsqmrqRV+SAnZD2bq9MqoYigNfWsL/DjbnO2Qo9JSVE78vbpHIVtabFJNIJZm8jIB7BaGK3U0P4ckbIexkaJSeWVFHa9EYc/BU2KJsYOylSFjdmNwFH9SojRCGzgFIdbsAIThpG6ZU10dOD4jsHCz1wvL5hpjfkAqmLtvjBclnX3KKnYd8ngBZ+pudTPtqwPTKiTSyTO1OycJqhy7dRKT+047W45ccpNac8J/lTXFuNjup2ZZTwP8ulRcEp553JQ3StYPVTozzswdxg74QnzBo3OUCSqzkb8KKZXO7lX2Zp25Jbpy44woz86uV1gzuU4nCYoZQiU8nME4yMJ54SyEJzgQi6Ezmcc7SfqTXSHTzlRKioYx2C/GFWVVyB8sUn3U7ET1EY9kqsr3NBaCMkKuYZp35kdkdl1kUk7g4nKnw0+kAYVtbuDK7N4KKnGxIwpLYx9kQRaRygS1AaOE2KwC3gJlrATqUaWXIw1DklLs4OFH39VJSwA5+h7pCScLuCkXDBTEEpYBxnkISMHccIIG+UgTlEAGNwpjIDEOEkklBgkks74SP0lQp8BDpwdx+qjknKRJzyuIxEpZEmJ6EXgIAZ2bRxQJJNA5BQ5qknYBAeSd0WDLbbk7JO7OAOUE6iu4JPCeMYGyNIyttsHgpDlGw3GAhYOcqworK5HjhdXBwuqAN8jk1OTVbeQUsiQxj1T8jOEMjCsbF4CrmR6pHhBOrJ3KgfDR7Sn4wmIjV9HisHghxweySSSalgMSSSSogkkklCBUkkkBBJJJKEBJJLun3RN4IdPCEioSRIgsLPdQVpb/u7Rue6vKqoFPEZT2WNrak1VS6QnbOy5est2rYjbpqtz3EZSKSMSOwUIbqyttNmQSY2HKwVxbeTdZ9sS1pG+FE1hbuFW19Q90pa7jsFayyNjZkjGAqJxM87jzutWcIzV5m8j4QHbqNVSFzy0HYKS5wibhQHu1OJSbHk0Rjk4kkkkFiSSSUCEkkkoQczlEfgNTWrjiPVQg1/1FEQk95w1GEyNUjBGCi0jTqAKE7d4yptHH/NbtsjhyLmydENEePZCcc5RJdsBRzwiYqK5BzKMBuUWY5Oya0JT7G/2HpknCMo1U7AAVPoNdkKc5cuM+oJO3KUOzgszNCXBLa0Bq40jGSEnuJw0DldcNEbW4RAJAm5LsgcJ0ZdI4BdJDQCRynQjWR7qmFFZeC6stOXzgacgrfUkLaeBoAwcLMdN0mPDe9oWrOMbFZZvLPb+L03x1qWMEeeQkhHt0JlmyRs3dRXnfhXFpi0xl5H1BZ5S2neoWWduD9ETWN2zyu2OFr6nU9uQOFHrS6WfTyBsArSigNHR6nYLiEiZrhDM/wDBIaHfPGUfQwZVVc6mSqqtLDnLlamoip6PxJOTn7lU1KRLVl/CodLlkxwIDWjsFobdDpgDuCVRxM8eUMwtFFGY4GxkYIGeUmbwdLSRecsU+BC/ccLP3CT+SW53VtVOIGj1VBWuJmc3OyS5bjTYs8Enp2EyVOXDbZbeQNGlrT2WZ6fpSHRnHPKv2FxrAw7hqRYaqH8awK4v8KjcAdynW2PEWXdt1Cr8S3JsJJI5x2VrHGGtAGw9FUTSnkrL5MfBEbNtRWeczDSONlYXepc6qLc7DYBVs8mCGjkqM5uolmZYWvEdNrPKoKbFZfw8BxaHYyBlXRkbTW7W7sCq3pZpFzB/qdlDJfa2ZHl2RiaWo8lXHTgbDGFOhaZK2OMDIZuoc+JbmNvpVjaMGsLjvjuuTc8s9FT0XbsgNaBgBeedeziS4xQNAcQMr0KWUNBwOy8s6nqDJeH53w1Kg8smrlisBSx65o4zvutoxh0NaOMABZXp1rZqrJbnTuFt6eMOeBjCRqbNssBeNhhKRe2yL/dmjI+ytoRpAVbb4i1rQrNxENM6Yj6AuTZLLPS1r7cmEubjcOro4fwx9s7L0FoEcfsAsL0tEy436rrXjJ1nStpXSeBTPf7FFGORa5juZjb1O+WueHOyG7BNtMXiVG3ZQXvdPM55J8zir3p+n1SueeMJuz9iW8ssmAuqIx2VN1fVEmOkYcNHmOCr+nA8XX2GVjL7UNqbg7BJDfKqmsINLJadKxRxQGbTlznLVQNyNZVHaYGx0segY2yVo4mtbEAB2WS01VLAGd50nA7KtZV6XOBx3VhO5rQSeFnpX4mIB7rJJZNOUsGntNW58G4GVZMfntyqK1+UDJ2V01h8PUB2WaS2tM1Qe5cjLXRfOXcam5ZGdRHqt9TAFuAMYWf6dojFAZXt88hySr6YimptXcDJWG+eZllFf68vmFPG7yt5+6ndK0LnB1XI3y8DKz4bJX1ojbu6R2FvqKBtNTMhYMaRg/dIslhCyQAPRExhMT1ik8sJBV0cri6OUsEIOF1cHC6oQSSSShBySakqwXkSSSSsoYkkkoQSYnoROVA4xyO5VVWh0tayF28Uf8wj37KyfPHG0uceAquLU5z5XHOo7fZQILnO/qpMQA2CjKTGEZaCJJJIghiSS444ChDhwByo73Z/JOeTlQL3XNtlqqq55AEELpMn2CKPYEnwZ/pR7bjcLtfA3LJaowRv/qbHt/nlath7rM9BU01B0lbqedmmR0XjPH+J5yVpI374wmPoXHsYxgdVSSY4ACOgUpJEjiOXlHQDAKSSSMgG6TfL26ebONLSUOxx+FbY4yMEtMh+5US/uMlLHRDf5iURuH+HurKJpY0NHAGESQXQYLnGyamggOAUl+iLke5PAyCFxu6YmQiQj3GoMNFM/O4aSP0WQsRHgPkLcue8kkrQdTzeFbXN7v8AKFS2VgZSBpaNytECxtzcZKilpyfLI/LgrB38vYcdlXSEVF7axo2hjypk51OG62VdgSlgdK8Njc7IAAO68or5HzXGaSR2fOf816LfZzT2uUgkE9152xg1EkZPqvT+JpzJSPP+Uu3fYJoBAyOFjurJ3PnZFnDQc4WzeMNJz2XnF5qHzXF4cfpJA3XutHFJ5Pnnn7/jr+MjtB1AL0/puPwrVE3jVuvNIgXFoA3JXqduhMFLTxnljRn9E/VSzHBk+nq91m79FnCMFFeQBlMg239UnksaXc7rkSie9jwjsIyVSXceNUCIH3Vyx2yoajL7mMdvdFWssyX2YJ0QAjbgYAGFGu8xhts8wGzWnJ/JTTjTgDgLJdbXCSmtT2MdjVkn32XY0Fe6aR5Lz2oVWnc/0ePXuqNZWOYDkFxLkehgL3xxxjkgYVU1zpZ9XdxJK0thAExy0HTwvZaSG1YPzl5S12TlP9s21E0QwxxNbjA3Q7i9xkDc7AKRStAYO+3dQbjKHS4HYYXVjwjz75llAqNhfcGuHZSRqqrqS3GGqPb/AOXM6Zw5Ck2VuqaaQnOTz+aVMNGho8h2c8BeJfGysMl7pocb6NX5ZXt1KNLHSHtlfOfxMuD6/qyQv/4bdI/VcvXT2V/5Z0vFQ36jP6RTRqXH9KhxDCmREY+65cllHq9PJOeGFPBUKYAjOFNPBUR5yMYwlM2zXpEKQcqKeVPeDkqGQQd0tmWSwcY4tcD6K1o5QWgYVTgjfClUdQGuAIRRlgzXLJckBzT9lBmacEYU2Nwc1AqW5AwE1vJljLayAG4d6KZTnU0AlV8uztlIgeWpUjqaW37uQ88fdQXgaiFYF2pqiOZvwsth03LDGMycjCs6J38oMIVa0YKsaF42bjfdJny0atNPEz1P4SV88NTJTGTyb7FeoVgaaZ+F4r8PakwXfGcAtXszP5kLhn6glSPqPhLlKhIn28iajOk/S3BXA1dtLR8tIEbTjkoD00HlHmfWDfCr84/EVM6XnMkb2H8O6L1vAGl0j2Dc5aVVdOSvjnYWnZ5wQmxWTzE/9PWM004AnYU6oOXAgLlf/KkY/G3dPkGqATYVtZNs4AjhwxhY3qqjL2TDHPC2cP8AMGcKk6jpHOJeBs4LRRLByvJUKVTR4RUsdT1UkTxgtcVKhGtuU/qCCSnuUgkbjJ2TaI5HC69Lyj4f5CDrvlD9MNTSuiqGuacEFevdOTumo2vccnSF5AWFrvRepdGSGSjAJ/CFvrPO+QhmO4v77EH29p9DlH6eeJaMEnOApdVSiajexwyNGVUdMPcJjBq2OdvzWnBxM5rwaERNLc4QjGOFL0oToz2CgjLRCkjyDsqqvh8mCO6u3tKhVTNht3VPlBQnyZCugDH7hVtQ3A9VoblBlzgB3yFTVEZI44WSaydKiWSnn+pQ6obBTagYeok7S7GAktHRgytmjHomUhw8tHClPbkKPGPDkyeClt4NceiYTkLolMThtlcwUOYZIcgsywE+eCxgf4w3xlBr6Utj8Vozj3UanqhE8agcBXelk8DSDkEZSZpNHb0ep+3bNnOleoqi11AikkPgu2LTuF6PFDHWQ+PC4OB3yCvIq2ldGdTRgey1/R3U7WNbRTOw9u2/BC5ttfJ9D+nPMLK09j/6m9ttXpaYpN8eUhVnUdoinjNXAzErd8tVnAGVTRLG0e5CktZsA8bdwsU4n0FwV0eTzuogbUM8Yty4DDh7rO19txmaD8wtxcqB1HXyNA/lSeYeiqa6iEY8Rg2OxCE4l+lcZYRQWatlbJ8u7cehWqoanQ7A3WVraN8EongBHcgKytVY2Yg5wQNwlzBpsdfDNfHMZG8LjmZ9lHo6gAaSFNaA8bKn1ydmtKcMkCopxIwgDcqjla6N24xpK00keeyrK2lDhxg5yhf29CrKiJBKSBlSXaZGjbGFXkGFw2UmKXI45VxYhr9nJaZsuQByqaaKRkjgRjBIWgagVcLJoyMDJ7p0XgyX1OUcIzlVG2Zpa7k7LNVlDLTyHbY+i109GYTjOVW1EQf5XDITs5OFqdMtjcint9VJFJ4ZPHC1luqDK0ZOVjKiJ1PUHHGchXFmuga9rHEHO2FFL0ZNNbtkomvbwikau6jRODhlFa72TTuxfBwt2KhSRaiQRlWZaCMKM+MeiPoGxKRjb9QSQPErRlpONlWMfjOy2tfAaiAxtAzg4ysVK18Ez43DcHBRQf7PN6/T/HPMR7uEE8ou7m5whHkp23KORY3Dlj9e4GFeWyv1lkL8ZxjKz73Y4RaKo8CYPJ4QOOR2k1fwSyjaiFo9P1THMAOQE2jlFRE2QHlTPBIwcJE4YPZ6ae+CkBY3OxCT43RYlbtgqSIuMDBCeYtbSCFmecm2Ky8ltY7iJW+DKckjZWksRADljo3SUsrXt2wcrWW+t+ahHmBICNT4NlU/2da3JwumLPIwnyxljxIzb1R26C3jdQ1JJkDw9LuOU8DKkOjycoYBaeFRU4Ag0hDko2VMZikGQe6sGMbIAdK4IMbZwqayL+NMxdXRVFmqfFiJ0Zzsr+13SOujDS4B4U+roI6iIxStyCP0WUq6OotFT4jCdGdiqFY+N5fRq3RY3QtDc79kO2V3zlO0l2SEeRvCI0ZhJZXJT3ega8eNE3zdwqHU8eVzSFsJgdsDKpq+3FwdI0YJ3UMGo0+fugUjmtdkEKrr7fzPA37hWcsbo3ZI5SLQQoci+pSWGjNHbY7IYbghwOCOCrSvoA5+uNuD3VYQWuLT2UOPZB1s3HS/WzqYMork1z2bNDhyvQWVFPUNDoHagQvCDqx5XYPYrSdMdZVNqcyjqSHwk7OPIKs6/jPJ7H8dh6hJGD2UV8eDnT+6k0FXBcYBPA4EEZKdNBuCAiPVqUJr7WQXxnuodRTh44wrZ0eQBhR3w4xtlGBOGTOVNIc/T+6gSwgDOOPdaiem1D6eyrJ6IngYUg8cmG3T7h1pvksIFPUZc0bAqdc6Klu0Ja5gBI2Ko3QGM5wpduuRiIgnPl/C70WmFv7OddRlbTFXeyT2yZ0jBlueydbbk4ERvdgr0OopaerjLXsY8H1WHudk0Tu8LYjstcZ5PPavx7r++BZNe2aLTIA4ELP3ewF5L4MYO49kWiqJqZ+DIXN9D2Vl8w2UDIWmuzJw7qPk9GXsl7rbDWhkhIbncdiF6raLvTXSnbJG8ZxuF5zebKZmOniGSOR3UCzXyrsk43cWg7hao3YZgVU6H934nscg29lQ3Cika4zw9jkhSLNfILrA17Xjcfop0jFtjNNBuCfKKijrNeI3nB90W5WenudMWvAD/wALu4TKqiaJPEj2zyEemnkjaGvOcJgqUM8MxlVHcunKhr3Avhzg4OxCvKG509zia+JwHqCdwritp6e4QGGeMEHvjhZC52Crs7xWW4lzQfM0dwoZMTof2rKL+SAYDhuCo74QNi1V9pv7Z3eDUAtJ7FXby14BA/NQ0wnGccooLpZ46uIuja1so4IGM/dZieB8TjHKC1wXoD4yN1CraGnqIz4kQc714KFxTM9un3y3GDNNr3IQ/D8N24V7WWyal8xaS1QJqISsxwVksrxyjBNOMsMh6MjyjKEx5JwQuSmsoHAjBYeO66JoZzqHkeeQeCVnk2heAvlcMEIZpgRkbJBpHdPExG2lXuJyiM+nAPCjStLcbKzw1/ZDmpBtpQOKkEp5K7W4EYKn09SQBkKPJTuB2Ca3Dd88IUtpckpIuIZWv5C7NE14yFWxVRYfspsNW04yplCXDDyDdCWnIH5pMqHYDHgPb6HdTfI8DYIUtGM62HGeyj5CVjRAq6AafmKPAcNy0d1Cjri06JWEeuQrQh0WNvyQKuCKqGQ3DvUd1SiaqrwbJGY1wvwfupEFYS4RzDSTwfVVwglpzgt2CJ47HAMkBHoR2QShuOlTfH2W/KYBhQBVSQkYdrapkc8crA8O55SZQwboTjPoe5kcjdMrA4HsVXVFlpXEvpHOhfzzsrLBKSqMnHlEnTGxYZUsqrjQHw6hhkj9RuFx8dPVOMtNJocdy07bq1e0OBB4VZV0/huBgi3WirUST+5mG/RxhHMTsFRLTODZ2kgdwriluEbgDFJgqkjmEo8CfYkbJOpqlh1U7dQ52PC6NepT6OJZUrOGj0Kw9b3qxvHg1Lnx/wBDjkfovRLL8TaCtDI6sCOQ8nsvAKa6SROEc2ffKtKeujkALX6SVqjqEzmanxtc+j6eobrR1TA6CVpyOxT6y3UdyjLKmCOVp/qG4Xzrbeo7tbJGugqXFo7ZK3th+Kro3NiuMTg3+oJ3ZxdRoZ1/ga+bpGupCaiyVzxp4p5TlhVJW1eB8l1NY3MZxrxqYPcdwtTaurbZcGB0VS0Z/wASu3fI10WirhjnjcN8gFFkwOVsPtsXBiLUbpYnCt6E6hbBjdsBB8MfYZ2W5tHxduNEI4urrK4A7GrpBrYT7jsqGr6At4e6r6fnfRzHfAOxKhaeoLc90V5t3zsI21sHb7d1MYAn8Vqwe3Wfqfp+/RNfbbpDMXDPoPt91ZFgG4OP8l88RQWuWoNZRTmimHDmHS9vstNa+tOp7UGxv/8AeUTfpwcPI90wyT02eYnrpjaTktB/JDfEGnLSR7dlmrR8Q7NWgQ1jnUs/BZIMbrRwVlPVtD6eVr2njByhlLAj45Q7GgPDkQZxvyi6RzhcAzsECkLaOJLuMLiNTKO5K6ZiRghDL8dlw8I+CBC8k5JS1e6jknPKWT6qskJYm+yRkzyAVFGcooIwrRAVTbaGpBLoQ1x7hUVd0tI7MlO/jstLkLviaOO6otPHJ53UUtZSOLZWSADugsuD4Tu8/wDmXozoqeb+9jDvyVTWdNWyok8QxAE+gTA42J9mWj6je0Brm598qZH1BARksO/ug3Ho6rjL5KVwezsBys7WdMXN25dJGljYbH7NYeoad3bCcL7TnhpXntXZL5SM1xyF/t3VeK29W9wkkhlwfbKg2MFLpnqn8ag7tJT23qEcNcvJndaVsfMJx9kal67Gr+a3PtwqWPYX8Sb6PUzexgAO290J95p8+cYXnzetaaTlmn81Lh6io52hxlbj7qZRX8WyK6Nn/EqNwxq2KjSS0Lz5H4J9VnW3Skk4kb+qXiwy48J4/VRNC/heS4lpoJQWlrSCoE9lp8ZBx+SAHvHEh/Vd8aq4M+R22U2odCLSIlVad+NlXS2enbsWAk87K98Wfu8FNL43DzxAn1AVSikHlozUliovxxNOf8Kiz9M2iUYNKz38oWp/luOPC/ZBlponjJYQhwhv8ia6ZjJ+hrHLuI2tz3AVZP8ADi3g6oap7c+63stvhcM6dwo4onHOOFTjkfXq7EYKXoGqYM0lym27alH/ANlOpac+WcyDtuvQX07xwENzaxu8O6HaOWsmn0efvt3UdKf5tGJG/dC1XJuddrnGO+OVvZjcSRlg2Uijhqnf3kLSPdTaX/MfuKPOPmpWHFRSSRj1wuCeEO2P7L1CW2QzD+ZRsP3AVdNYaRzgDQs/8oU2BQ1UX+XBgnVcQwNYyU5sgeNls5+mrU8APpgCfQKsqOkKA7wzzM/NU68jVfV+zOFm+5SMR/pyrd/SBaf5Vdn2c5Mf07XNHkl1AJXxoNXVv2VXhA/gCaaaM/8ADCny2W6xnaMO/NAdRXCIYfTHHsl/CGpp9Mi/J055YFz+GUjuWKSYHD6oZQf+XZIx4Hmy0e6nxYHK9pYK6axW55GWJknTNtkbsMKyDY871MY+5Xfl8DPzMRH/ADKfEifPP9mfn6Po3H+W3KgS9FRndrdK13lbt4g/VJz2Y+oH81fwxl2GtXdD8WYl3RdRnEbj+qEejroOJMY91tjIAdnD9U/xB6/uhenXoZ/PufZhD0xeGnAmI/NL/Z+8DioI/MrdGRvc/uuB7PRT4MlrXWrpIxIsN43/AN4ThYLwTg1RA9QttlncD9EJ08A7jP2Vfx1+y/51r9GSb01cT9VxlH2cjDpioI81xkP/AIlpHVsG+w/RRzWwnOw/RV8CXsJ6m1lCOlXk5dWSH/xlSG9J0hA8WaU/+Iqz+aiPcobq1pJAyijVgjvtfsj/AOy9rA8xef8AxJ7bFZGbPgCcarP9X6oRmB5yj+NEU7P2PFBZIzgUTTjuiFtvjAMFK0EeyiGQDfUQhGcnjKF0xI3KXsnfMRM2ZGwY9kjWvkGl+FXeK73XPGPulfHFeitsv2TnyBx+oIQe0cuUdokkPlBJRGUNU/bGyijFFYftjjUwt75KaasAEt2RY7PO4jOEdtqjiwZMK9iDVsYkA3CcjAcgg1s5ww6h9lcaLREMTHKEbxBTeSjgAA745Q/GOhZkhw2S4TnOgb8k9lJHTtPC0PrqyED0Dt1Hq7zcJWhjZdA7hu2VEGuXZxJPqVXxobG1R7Jsktgt5Aj8SV/bbIUWovE5GmkpImA8HTuuxWyV7suZsVZ09mbtqZtj1QfEhi1KX4meebvVOBfKGtPYKRFavFw6ZxJaOcLVQ2eA4Dm4VhTW2AYaWjH2SnWjbppTsWZMxsdEITpaEcUbtvQraSWahxqIAd9lXVNNFA7YjA7rPJJHcpq4yUAoHYGW8o7KMDHZSp6+hp9pJAFWVF6Y92imjJx3WeUkjoVQSJYhaw7twnGaCAbvVW6S5VJ2bhqJFQTuAMyTKWTZCly6RImuVOSADn7KOa9ztoGn81IioYB+DcIojYNg0bLNJZNUKH7IGa2bkEBFjoXSf33+alhhCIMgcZwluLNEKsEdlHADkhFw1rcNC4ZhwUL5iIHAdlAntNCikdMhB2C6TkIZkHYJmSoUPPK4mpKDRZKaNed+E4cp3l0qEFn1XHEAZQnuw7GSmF+BuSgACCY5wmvce5wo0s2kjC60VE+AN8IG8DIwcugutCdK5zsMCl01tnfhzm7DlTWwUlK3LxuluwfDT+5FXDTVUxBcNlYRUkEYy5uMJSVbMaadhPphFpLPdri3UR4bD6qnPJphp0/xWSLUVMUZ0wkEodPBd7lMIo4stWvtXSFLA4TVLWvee2Nloo6Knpmjwog0/ZKcmbKNE5PMkZK3dFSGQOq4hxklaKktNFRD+XC3I7kKwMmgb8KFVV8LBpjf5kOcHThpq6l0FdpaCRgD2VfU1rAS1hymEXGpdhn0lTqWyysIklO6tvI3bngq/lJ654OjZWdJY44wMNweScK1giZTMPlAHdBluAYcU+CjaGRgP8SKmbh/lOOEB1X4mw4UZ5fM4ySHJ/yVfX10dHGXOdv2QL7QZzUFyWU0obuVQ3C+GB+iJur1VXVXqolOGnAPuoRe55ySqbOdfqvUR9TWS1khkkJz6ZQA0BdwPVIkeqoxTszyweAkSCMagF12wKjH1JVox2TQ/c91wP0gklCmeGnAUWetY0YPKJdGWduCTLUBvBGyrqmqztlBkqtRwO64xmd1cY5Mdl2Rank5Ro2kYOFxrQEQNAblNUBLlkdjynbsgnbKe+YAEEKM+cYJARFSmoj3ThuQSolTXfLjOAVArK0g4acFVwkqKh3mdsoZbLchKysknlOBs4JUtEJHBzwfujU9GXEOIVpBA1oGWokjPJbhtLSiNvCIdk4vDc57KJUVAxwo+AcpBZagAEbKvkkL3ZTJZC884TWqt4M5hPzH6pEjGELJ9Usn1UTyBk6Sc7FcSSQx7Cl0dbuUUAY5QUslM6Qt8hUiRpO6GT6FIgngoc5CbO53TsjSAhpE4CiWCjp5XNQG6Y6QDOVHdPnIARCZzikEfKACobpXEldc4uOcrmAoYrbMjSSeU0A5Tk7ARJGdywcDQOy4nJqMtcgtTvVE0jOcboSMoGxySSSAWNXDwurh4UIDJOVxdPK4mJN9BD2bZTWuJzsjwRazghavof4d37r+8R2Xpm3SVE7t3uA8sY/qcewW3T6GV8d0kLuuhTHfY8I3CemJ690eLEkkkmhiSSSUIOSSSUIJJJJQgkkk7T7qN4IDHKR5SXXJMyCJB2CWQNkjsNkKoOiIyeizznhZCjHe8FF1JXljPAacLNtLlIudU6prHOJJAOAhNwRwvP3TdtjOxRDZAcwFxwAtJbqcRQhxG53VNbYTLPgNyFotmsA4wn1rC5EWzy9pCus7WRaWkAqrpCWv8QjITbhO6apLM7BHIEdOBjcIm8kr+1JAao65CRwVG8P3SlJc7OUo+6RLs1wQ1JJJUEFSSSUAEujlcXA7fhQgUcKLISXYUp52UQAl2yploJGDjPqlJthEYMN3UeXv91ZPYwHLtlc0kLGwB2dz6qppo8v3GVbMGGDfhMgLsGzjcKM4bEKS7uo8pHZSwqBGd9SIhOILtkVLGseOCoNQSXDfZSpuFDkBJ5S7JYRcVyRnokIIOcIZ5Cl0+GtzhIjyxvSONfrmbHpRZiC7A7JlM0Oqy4jZdf8AW77p4A17sEDCPb2GSo4QSA5W1hpGPeHPaScpM3iOTbpKnbcka+0wCOmaQFZBx04PZCghEULWtGAAiggcd1hlPB9A08dle0ZgvOwV7EwRUQJ22VVRN8SVrQ3JJVvXNEVLpIGAs9nLN9SxFshU2qoqxhvJyrmp8rBEBwFAs8YH+8kKYX+NVZxgFAa6HiO9+yJdJWCGOH8QGVGt7HBxlxsE+5ObLVFre2ykQgMY1o29UE3gZDmeSdbG5qc4V9LwP+VVVpaPG44VnLyPskTnk6+mWI5K6vJa1zhyAVn8kvyTk5VndarAc0FV1vjEs4D8kJQ18ySNXYQAxjscDKs2YY8zYzj3UWiY2GlLw3BxgIzpxHQEkbnkpbWTTHoj0ume5PlIyA3ZWjjhpJOyrrNG3Q+Y/UTjKlV8nh0j/dUljkbJf6e4y9a8yTvcSoWc1EYB4RpXatTj2QKMa6oIjkynumg94lIp2RD6SUXpRjfHmkLBkN8pVfeXu+Z0F2zRgBXPTLNFM9+NyMZQSX2sVF79SseidGSa4uJ3wrm0RAROk5cXKigP897uey1NtaGwM0txkbrj38nodLyKul8CF73ehP7LyCtqHTVsz3nJLzuvT+rKoQ0ErBsWtP8AkvKGjU/BO7jlZ19onXTe7YbPouniML5CMuJ5WuoImvqGg8DdU3TdHHT25hYN3cn8lorXATOCVi1D3SydfQQ21ouYBp2a1NvtQKOy1En+ElSqaH1Co+upjFaTGDvJssDOy/tryRvh9CBSzVbxgyuLhlWfU1Q5tCQx2M7FD6Wh8G0QjGDhVXVFQ6SURg4GeFpqWRE3toKaAkg5Woto8ChMmNyFmaYantYOSVqYCI4Y4yEySyIqz7JHimCgdMecHKxNH/vdbqe3LdZ/NaPqaqfTW3Sw41+X8lT9PwBz9XOEm18Dovk1tLEBG1jBgK3YNMQyVX0TfIMjhT3nyN+yxzZtrWUQLgdMJIWXEpfUbdytFd5C2EjustR5krT7IMZDk8PBraIkNbgbkLT00eIo2OGXELN0eAWA78LXWyLXPG32WHUvBrpL6kiEcbGgYOFE6hmkZTaGuwCN1aBjWD0WXu8kk1X4eryjGy5c3l5G+yb0xQl7zWPbsNmrWMOSoFqpRTUrGAY8oU9gOVnm8iZhRwnrg4Rkhlp8CXRyuLo5UKCDhdXBwuqEEkkkgIJJJJQgkxPTFCCSSXCRhQtLI1Df9JTjygO3GMqDGR6p5leIAdnbv+yawAEBowBsEOMF8z5vw40orWkHcJkCDztpUlowFFkBxH/zhS1YaGJJJKEEmSnhdQ5RnChTGFZL4ny6umvkGfXcZoqJu/8AUf8A0WtKwvXbjU9R9L2YHJfXfNuHq2NjimQFzNfG3RGyMNA07J+QGn7LuAgyHDHHPAKYFCOA0AxCD67p6ZDtFEP8KehLElv257JJpeAC7PChCpkAnvkMQYC2Bhc4/wCMghWoIHbhV1rYZZKiuI3e8tB+yn9iiCHZHqguJ8eMD3XCTnlci/vs/wBKtdlpZJG2UkMHJT+RhOXRRner5C5tPTs5c7UfshWuIGnx6KN1DUNqLgxrCf5IDT91LY9sVGNI/CSf0WiBRXWk67lW1R3DcxhS85co1gA+Tll7ySOOVJ/F+a21LImUsFL1ZUsioBCT5nnACxjVfdXzl9wELTkMCoQML2vi6sVpnmfIPNhFucxgpXyA42Xmxf4lQ54PJJ5W76rlMdrfjuvOY5CSF6nSrET5n5+7fdt/Rd2xviV9NGBzKCV6jgABo7DC8z6WjNRdIsj6TlemsHm3U1Ms8HY+mq8VOb/ZOi/7OxKX0XI/pwlKQ7grA+T1cuhoIAO/ZUVKPFuEj8ZDVazvMTC4+irbawh8kn9WUcI8nN1b4LEkY3K81+JVbppntBHB/wAl6FVOxheOfE+4AyGlBOXEgfou742DlYfPfrDU/Do2v2YqlBcdQ7LbdN08ehjnDJJyVj6OPTE0Dnut/wBOxgUzCQvZ0LbHB8D1s9yNAMNi9NlSTEulJO+6tJ3aYHbqvp/5kgGFrOZWsdjs+FSvfjfspVnH8guxuVDrnjw/CAwrW2sayBmkdt0qYwtmao6CSQ9mn/JfLvVVT811PVPzkB5H7r6eudQ2msFQ87YY45XypUB1RcZ53fied/zXJ133RUTteGWJSmGjdk8KVG8kDZRWsxnsitdhYMpM7sJbeUTWvBQ5GhDY/fhEcA4ApE0zZXZvXIKZoxwoUoAdsp03ChysJOyUDMAQE1rix2QiljsHZCwQeFE+RGxstqObLRuDlSJcObuqqlkw4NVs14dGtEHwZbI4eUVlQwh+lJnZSKlvmBwo42QWI0UzxgkMBxyuPbtymxkHbKeXE9lma4OnXPd2AOzt1Lojh4dtsoko4ICJTuDXDJWebwbavyRsOkqvwbzG7gEYXutFKJfDY051NH+S+erXIIJ45hy0r3Hpar+YijlLs+Uf5JbPoHgr8PajS2suFTJEDgY4UuZmHYwolGPDuhafRWNSzfbuUtrB7ut8GP6vpmTQPbI36WZCxlqkc3duxYV6B1NBmGTH9C88pwY6tzGHAI4TYPB5zXx2XqZui01NE17hl2ldazVRY9ECyvdJSFjnfSprGHwnMA5yrbwbIv5IpkWm/ljGFX31pMIcB3VjF5CWkcJlxhMtM4AZI3TaeGZtVHfHaeHddxFlewkdlUUOB3Wv6/oQInVLmjYbLE0b9QBOy7FD4Pinn6Ph1kizIB7rZdCVUocIy/YbYWLjyFoOlKjwa8DPK6NL5PK6yGa2e0RESU2MfgWet4+VvpY3Zruy0dqLZIG59FQ3ZhobtFUPHlc7Gy1S6PLJ8M1Bb+SZp90WNwfG144ICWn3Qit3OCMYwQoFVGNOM91alu3Kh1LCQMeqgXRnK+AbnG6z9XEN9sbrX1kXl47LN1cJ1Yx3SLI5NlFmDMVzCHcKK4AtJVxXwENLi1Uz3YJ2WSSOpU9xEkGHYQCPMMKVOPxKPkA7pMlhmz1glwgGPhR5Bko8PBwhvGwKt8oFPBGf5Qj0de6lkBLvKdiCUGR2rnsoTyScZ7pDTZoqnya9ohqmB7MEH1VXJDNb6oTsB0g7Y7KJbLi+meGPOWq+cWVUWuMgpFteTs6PVfHJSNt0X1LT1EDaOd2l/Yla6QBoyAvEWSzUUjZostLd16r011BDe7fEXOAla3S7fkhcu6tpn13wHl1fUqrO/RJuFIKyPTkAjus5LEY3vpqhuCRgHt91rpInA5GwVTeaMyw+MxvnZv8AkkHo9RSpRyY6to3wu0ubkDv6hUrY5KOrdIweU7rZOjZUw6XDzYws7WwFjyxzdxsgOPZUyfb7gxwaCd1f0js4dlYeIuilBDditJa6zMeHPyOyXN46NVFritrLx7GkDByolRCHDYI8cgLeU5wyMqpSyjdjcihrKTfOFGaMFXVTGHcBVVRTuJyP81SllmacDuQQMELvOMqPDkOxlSXgNDThaFLBnkiPWUviuyByFnqpjo5CHN4OFqDgtwRwq+5UQkiOBko1LBzNXRui8GVradsrC4N3VK0up5SBkAHI9lopmujG7eFV1NHqcXtbkH9kSPNzi4vgv+n7o6pYaeR2XNGxV40j1Xn9NNJb52va4hbGhrBUMZI05DhnlOisnQ0eolJbZFomvGQkxwIC6d0ZvzlEOQHOcLPXy3jxDUNbyFpZ8N7cqBWQ+MNPCOPJz9XWpoybG4yHbKNNlvZTKyLw6gtGyHPT6oS4chaYHmtdDEeCATnfKY1ztWMoTiQd+U9vOQjcDzktS8/4NVYbgCRBIQMBamNwkALdwvNYpdODuCFuuna2Oqpw3k4We2B7XwPk4XP4pluyIEcpzYeeyezBP3UhjBjA2WaUD2MY56K99KJNu6HS1E9FUBzSQAcEeysjD6bIFVT6sYalYwNWU8o0lJKypiDv6m5XQwjA9Fn7XVy0sojc7yHjPZaMESMDgeVRohZlDjgjCA6Ig5RmscCDlPLQ4YIUNClkBEPMEfAOCmeEfVPaiSyEhObqG6g3CijrIjFI3ng+inNXTHrVFTgmsGCIrbBWeYkxE7HthamgqorhCJI3A+oCNcrbFWQuiewHI59Fj4zW9OXAN1HwnnvwQqMGHpn/APqmukj9Qo0sLS3GMKXSzsrYmyswcjOxTZWlpxhQ1pprKM1caAdhwql0bmuIIxha6pgEgzjOyo6yjOcgbqHN1Gny8oqzG12c91SXCi0PMgCv3NLTgqNVQeKMAcq8HH1OnysGcBIJBGF0gHujV1MYmmQDhQHzaSMhW+Tg25qeGafp/qess8jW6nPizuM9l6pb73Q3iJrqeQZ0g4z3XhUcgP3VpZrzU2mpbPC86c7tzyqXZ0vHeWlp2t74PaHxgFCcwKBYeoqW9QNLHASY3Gd1aEZTF0e3pvhfBSiyJ4QwRlRpIBjcYVjp90F7NtlGw5LgppqPVnbbCrp6PA4xvz6LQvjydmoMtOJBxwig8MyW0qXRVUtRNFiNx290eqpY6uIa2tHuE2alcHgtbwjQkswD/mtUZ4OfbQZe7Wd1OPFp26vVVkMzo3jI+63czGvGNIWdu1mO9RTN+7U6uzBxtZ4/H3wAwP8AGZ2VVdbLHLmeJm/cBc8WppHAu8oVvQ1kU7cDc91ojYcO6r5I7WZW23CqslUCCfDJ3C9DsnUlJdQItWmQDgnlZC72SSVxlhxpO4VJBNUW+pD2EsewrXC7BypRdUtrPXJotW4GVClBYchv5KusHVlPPGyOs+rhaWelhrYmzwPbgjK3QtUkU0pIrYpiCNuFJIErd2/koU2aV+HNR4qkOAJ7JwmSw+SnvPTEc7jU0eGuO5bxv7KkpLrVWqo+Xq9TmZxvyFvCeFWXKy0twy5zAHkcqGK2DUt1fAKGogrIRJCQcj1QnNwfRZ2ojuNjmLWajHnIVvbrrHWMAkxnv6qEq1GZbLHyGdE1+zgHA9iqmusckZdLTHLeceivzEDvGc5XQx2cFBKHA+zTxkmjD1FI1zXRStznt6FU9Ra8ZMR3HYr0O42mOpiLo2hrx6DlZ2pt74TiRmPdZ5U5OfZp5VN5Rk2zy079MrCWjupTHwTjLSASp9Zb9i7TnKqn074t9OR7JUq2jN2HIc1OimY44egxVTfolbkeoR3QxuGqMcpLzEHB10LZQS3fChS0xaMo/wDOiO+wT2zROGzgSVM7uy4ywV+gtJBC4yZzCp0sDXjLQok8BGMBDKGOgpNMmU9buASrGOZsjRus01zmn0Uulqyw4Jyl78PkXOHsuJKdsm42UR1O5jtt0WGrDsAqVpa5v+qesMVuceCA8QuGiV2CVEqre5rDLEdQ7jvj1U+eny4EBcY9zMAjb0KrA1WtdFGBjYFEbM6LOjuraWggqWlzBpd7KrloZ4nEOGQkyjk1V3yj0yRS3IE6ZPyVhHIHjU05VDp3B9EVlVJC4aTn80h1nSp1OPzLlBewEYym0twjc0NkOCpekOAICFrB0K3C5cMrJaEPGeDyCg5q6N2TlzfYq40AhMMYcCCdlascHwSelrS6K989rrgGyNMM2OTwSgSUVRT+aJ+pvYgqXUW2GQcYKgv+docBv8yMcY5T46lo52o0a/pQWG4VELgHg7cqbBdiXgeqgG4U07cPBY7g7JPpi4aoyCOeeVsr1Umc27TRXaNHTXSRoAimLP8Aldhaqx/EG72zTHLOZom8Bx3wvL2zTREA5GOVNhuZ2BW2q9P8jmX6CFnDR9DWP4n26rDGyv8ADceclbq2dRWq5MDI6qOUkbtJXyhTXRjBnuVbW3qOqop2zU1W+Mj0Oy0RkpdHG1Hh33WfTlX0tZbjql8Lw3nfUzYqod0ndKSUmjqQ5g41FeZ2L4q3GmnHj1PiN7glegWj4tW+QtNU5oDu3om5wjkXaW+lhSMSOhulEcjiQN3/AFUmhqDRzCS2V8sUg/xcj0V/R37p26RicPj83OUWXpq11jfGpJ2sL98tKoy2blw0OoOq7vA/VPK2duPpIWmoOq7fOwGVrmP7jCwU9gvFFJ5AJGcg5UYXCSkeI6qmc0jvhCop9iHWmerQ3Kim+iTGfdSy1rmggjB7rzCkvlPluHY/NX9HfnFrdMwx6ZVbcCPjyzVuZ6BM0+6qor2/AyMqTFd2HmMj3ypuI4NEnwj6pBmk5yhfxakyM5CI2to5N45cn0wiyA+AmkAYTdPuneNEXaQ8ZXfDzvlMyidjXA+qSeYyOQuaCiID1FczlPxhJWXhs43ugVFLHMPNyj5wuqcFRyihrLS9/mjbsFUzUrmAtlpwQFsnN2P2UOSnY7Z7QVTbQ2M2lwYGqttpm8stIxmfRoVXN0tYJD5WsafsvRqi1UshyYxuqqq6bpZHahsT6KsJ8jY3zXTMDUdEW6UZilDVBk+H8rfNDP8AYZO63j7B4J/7UMdgTwmC2P4bUA/YlA4RfZphqLUjz9/S17gdmEjb3O6Z8h1DTva4MJI7ZXobrZcnf3EgK4LVc85eWH8lTjgp6hyeZHnpq7+1+k0zyRyE/wDjF1YAJKKcY7r0B1ulBy+na5x7hNdQgtOqmU2siuTMG2/VAP8AMgmapcfUtNgB8bwe+y00lvonuxJTA/kgyWO1SDzUoRJNdjVKD/JFNF1BRHlrlIiutHUHyE591Jk6atDhjRoyOyqqrpWBpDqWpdGfVCRfE+iy8SJ/0kfqkGxgdlQyWWtjP8qvZn/mXG0t5gdlkkcn3KHcwnhF34LHHISFO0cbKpbU35uB4cHupLbjdRjVTNJ+ytPJXZONLkZwh+A4HYoIuVy70rT/AOFFFwrBuaAfoiwym8BGxvGM5P5opZlpBahfxGXGHUWE/wDikjeKJTAGUxny0ZOHR5XP4bTnfQn/AMSf/wDISRucuNqI/qphkyAkskT3ZZEDlD/2fJ4GPzUn+LVQOBQH9UaG5VTsaqLH5pe0jskuiuf0692+UA2F45xstCK5xHmiA9l0VLQP7mT9FMFq6z0zMSWuRm3gtP5KPUWZs8ZbJSsx7DC1viNefoxn1CA5rf1QuORkL7P2YaXp2nj/APg2nb0UN9mogMGAfovRJIQ9uCzP5KI6hp3HJhI/JVKI6Oomjzx9npAf7rb7LjbPa3jDn4+4W/qKW3xRl0jWt/NUtVJ05Ef5lWzPo3dXFDY3zkZl1ktOf70fommy0RGGShHr6y36j8k10jh2wq2Wa8zx6GRMjH+Ebq+DTW5y9hJLLA3zCcAD1UWempYWk+OPyK661XCoaG1dVhvpqQ/4FSxnMkz3f+IqcGhSx7Isk1OzbxSoclRGfoBPurd1vtLcDLs/dEzQRNDWxtIHsgyF8iRny/X+H9k3wzzhXj56V2WtpfsdKA2kmlOWwYBQYDjcmU5jKEWP9f2V/wDwaodw0DKezp6pG7wMK8hfNFdmc0O/qK4IyTj/AEWsbYqdjcyOaEx8dsph5nNKX8nOC1bu/EzRo3zDyOwfRFis07hyrd13tFLkta0kKBVdXUw2gh3CvsKLtl0jsNllz5iMIzrRSxYL1UVHUldKB4RaweigTXSvnAbJPsfTZTA1VXPs0b/4dAAA8ZCjvu9LCNLfN+aoWkuG7icrraZzz5RuUGQlX/zFpJeZHf3I0hQqipqpjl0uEWG11RGQ3ZWNPZdQHjtwouQpKqHRReeQgYJKl09tq5CDoWhp7bSxD+7yQpgY1gwGjCKSwKlYvRRQWZ7iPFaMeqnw2yCPGGjKnLrdiChfALbYKOkbnBGB2UpsbGYwEMTBo4UWe5RR/wB4UMpJLk00ZxhIsAxo4K5LUxU41veAs/U3g8QO/dRHTzVJ/mnIWC2+K6PTaDQ2cOfGS6r+o4tJjjOTj1WfqZrlWuIAIaVOp6SB2HGPf7qYGBuzW4WGdm49LTpccFEyzvkw6qzlTaW308H0sBPurBzC7twneFpIKzymjbCiMeUCDcbYXDunyTRMwCos9dGwYjOSlfKaoR2rgOWDGAOUEyMh8xIUJ9XPIcDZNLXuO5KVOeR8eSW6sYR5EB1RPJsCMBcDA3tukXBvZLcwxniOPJTV0nJyuKigq6g5CRI7KiBklFMuDjC6JXnZjd1WUEotkgnA5wgulwOcropq2U4LFPprE4AOqSCPRVKWB0aHIqi50jgGjJUiK31VRjylv5K4ZSW6m+pm4SfcQ0aacDZK+Q0rTR/rI1PZms81Vtj91Ma63UrPIzU4eihPqJ6l2CTv2Cl0dkq53BxacH2SpTz0aaqN3FaBSVznnTTtLco1PY6usY178tDvbK0drsMUIBlYM+4V1FSBjQGtwEB06vHyazYUlq6fpaeINe3LhvwrmOAAANaAAiPY2EZce2VFluD3fy6bkcqG2vTxq4iSfLD5iMYUWpuEQIEbvNxygiCurHDWSG87KdS2aCncJXed3v6qD1W2Vx/iNQ8Nzpae5UqK1AYdIQ4+qtJGAgZCBJVxQNznJUyXtj7HQQCEEkYAQ6i4ws8rXHUFFkrayoOmMeUqO5vhfzJAFBU5JBZp5qgY1kN9EAvZAMuxn7qHVXylg8rcE+xWarq+eqkLjIQ09ghcsdGW7UxgvtLa6X9rg6nptiOTlUb5ZZcmR5P3KFkZyTkruRgqPLOZbqpS7GE5cngjCC7ldJwNyqMcrMDy7A5QS8k+yaXepKE+RoamJGedgd8mB5sbKJNUMG5IUaetAJzwq2etEhLY3FUYbryfLcIj5cqFLIZTkDIQGxkuDjupUbAANuEcYmWVrZxjDzhEaMJ4AC7nCYUJOzhpKDNM2IZceVS3C7kudHDwOTlGJttVfDJ1bWtjJAcFUT1kkpw04CAPGrHkkk4UumoCDlyKMcmaVnyAPCkmcM7qwpaHSA7GCVKp6QDlmMe6keWMDATNgH+QUcDWYXJ5RE3hCqa2IAjOCquSeV53fkKugZTSJU1YScDdR3SGTGUIHO5XEIlvI9JcyEshAXk6kma00zb4AUBc0gqYkN09QNcjcFOXfKuDZGBlHADndFGMbofiADhDLz6KFSltDnAHKjyyknACRye65pBG6glz4ByOzgDZC0+6dINDtl1pyFDNOX7GHbZDT0xNUTLN54EkkuEjCgBxMSPKaOVMjcjWDcFGHC4wDAON05QqbHJJJKCxqSSStLI1vA3T7okcRJRaOkmrZ209OzVI7gL6s+B/9kzW+LqL4pubS02f5dvOdbhjlw7dsfmunpNLv5Zztf5Kjx0N1z76XtnmfwW/s+dTfEyqbUPbLbrUwjxKx7SBg/0+vC+0enOlOlPhzaf4N0zTNa/GJKjT5pPTPP8AmrCa4UlFRxWi0UMFLTwN0tbE3GfcqKBncndduinasHzPyXlrfJzW/wDBej4pSSSXZPSiSSSTQxJJJKEHJJJKEEkkkoQ6OU5MTtXshlHJAY5XRucrg5Thwk2EGndVF/rjBSFjdnP2VuSACXLGXqsNVWOAPkj8oC52qt2QZo00HKxMq9JJyTuntBPAXVKt8LZ5wwjK5EOZHWnL445Li1UghhEjh5nqRWzshj1ud2RWtDGBvGBhUN5qdT/B5wtUvsjk50U7LMgKZgqKzW7jlFqpgPI3cBdgYKWlMh+tw2UR2XHJKS5YNcYjSioSKq7HehJJJKFCT0xOPChBhI4ynMBOMIAyXYCktH8vdVkqSGTHcYKHGO647d+ykRtGkHCnRRyTYbKG/lTJDkH7KJnzqBN4RJo2d8KwG7Qg0jQGbjsiHlOUsGebyMfwokp5yUeUnGxUOTlBKWRtYPJ1KUz6R9lHHKM0EAAoENZx/H5KIeCjzHjChyEhmyRaHDrkGR58BSgdICjRNLnKVJswfZVAuzrgfT/TlNPJRIQBTg/dCYMFMeBae7gbGSXgErX9OU2Q1wHdZIZ2W96bg00LJPQrNdLEDveGq33Nv0X4DcDPogkEkgfmnOJwFxuCN+ywesntaywtEJE2ojGUa6udJIIw7yj0RqQNZTh2Me6iPJnqyGnynbJS85OkorZtLWljZHSta0AbIL36NTxjZFd5I2sHooNS/TE5oO7lY3O2CiR4sSVIJ3ycqwY0agT2UKji8+oqxhbrdws9vQ+jsvLZEBEZMb8I82zTujQtZFTNIGPKq+tnMULiO4WNvk6kftiUFxcNbtkW1R6pwfUKBXS65CPVXNlYC+NpHCMlPNiNCTopmRjkplU7NP4A5dwuSHXVCPsmSAurI4W/hVHS64LWjgFPTtZjcjJUO9yCOlxnlW0jQ2MewWZ6ikyxkQJy4qFXS2VNFLO7TC7B3KVraNRkPZBqHeXGeBhPonOZSF7eVfRwt2Hkg3OUvq3ey09hwyhLisjIQ6b7lbGkDIqKMAYBaPzSLP0XpPutlYPoGF878/1LXUuI2NaAsxbRrlLmjkZWni+nHquRfxLB6fRJbNzMt15VBlNIGkbj/ReeUQMtXE0DPstb13OfFfHknCz3TMQnukYLcgLPJ8Ga3NmoSR6ZQsaynhY0YGkf5K+tsYaQQ3f7qohZhzQBsFeUGzWhYLmjvaaG1JFpFwMBZTrepD5oKJoy4uGy10GANRCwd6LqrqVrM7DBC5/s3y4WDS28Cmt7BxssddKl1RVPOdgSFrKmQw29zB2CxDzlznepJWytPBkvk3HaibbWl9QB2C00ID5WAjYKhsjNT/EI2V9TOGfEPATcFQ6M91dUPlqPkwRpABAVh09TtZTtcBuRyqC6yGpvzyD5QOFrrOA2nYMLNb0NqW7kuKRnl2CO/slSN8ucYwmScrLLGTo18FTfZBGx2fRZ+zt8Src/CsepqgYICj9Oxkgv9EEnhASlm3BprXpdUta8ZAW9ssDM6y3dYmzQOkqhgcL0OhiEUQOFy9XPnBvr4CVL/DGcqrt1EKq5GokGWM82PVSa9+vYKbaafwaffl3K5kngY3gtGgdhgeiI0DCGzsijhJkZ5PLHoqEipTCXQl0cpo35Tg3BBwl/JzggQcLq4OF1RPJBJJJKyCSSSUIMSSSUIMQy4lEQlB0EJQbpO2npXSD+8JDG/d23+qnHhUNe8Vt0pqRpzHD/ALwT+RAUCLGEaYGRnlo3KK1oB2CYBvt3T0+BSE8AloHrlHbwECAHWHHfZSFZYxJJJQg1MIB5TshNUIJYK8xOr/iraAwgNt9ulmdv2cNP+q3q88tchqvi91DNjajpY6bnjfOFcBVno3BIxygSnEch/wAKdk+qDOcQnPcgJgcI5XJKZ9DfsF1cb9I+y6oFgedxhQ6txZA5uR5tlJc7ZVle4vdFCPxv/wAt/wDRCHs4JlvHy1KISMnnPqnk5J91wJIwDjuChQHU4uz3wnnhR7ec07nc5kKtPkJktLJATM74TKh4jp5JD2BTIvgEyFSDPc5GNH491Lu/8i2Skv0ktx+XdQ6JjjO6VxJc9xOUTqh3/u5jRy4tb+61QRRItUTYrTBoGARlPL8ZJ7IkDfBooojyGBRKsuNNI9h0lo5wulREzWvHJi7xUNq7lLK36R5R+ShaAOEWUtMjiBgZTByF7nx8cVo8prLN1jZkOvpntpYomOxk7rEQnHIWk69qHOuLYAfK1uVm4hlek06xE+WeVs+TUs1nQsfiXPIbwvRW/Udu6wvw4aBWSv05GFvW41nZZ9U/vPY+Bjt06JTPoQMklGYQG7oB5WM9DLlALo5raMvGxG2FHtzQIAfVcvby2JrB3OEakb4dMzI3wtVKycbWWfdgFcXaI9XsV4B17UOqb2WDkFe49QVXh0hcOzT/AJL57uUj6i6zSyuLjrIH2yvReOjh5Pkv1zqs1qv+5Ko4iI2hw5XoFpg8OjYMbrGUUXiyRtA7hbqnw2JreNgvVURyuT41q3zgdVuxAd+U23wE4IH5pleQ4eFnflWNujDaYHG+FoMi4KeuY6SvFOz1V5A3Q1rMYwFSMzLdyR2KunDL2tzhKcdwwF1vOaPo+qmG5MbsD1XzZ4RDi4dzle/fFOtMXSroTkahpXh7oToaedlydb+e07nil/pSl/chA5SBPY4RC0g8Li5sk0zrpZHN2R2uOMKI1++MI7HbcIliSwGpSg+DpIOf8kIgFHPBI9FG3DkmUDSrM9nTCMZwo7gMEFSgchcMaVtGKOeiE1xidkBWFNU5ABxwossOM+X90ODyPyf0RQlhibai0lw5ucKBICCdu6nRkaPVR5GYPC0SipLgzwW1goXkEYUsHLPsorRpOUVjhws04m2mZ1wzlChLmyZR8hCIGeFjt4OjXPaXVJK7DSvYeiK7VTxNyOGheLWt5cHMO+ncL0no6Z0TI987j/NCez8JY1JSPXc+FVx1B4d5VaT4275VPrMlLFMBngq1k87WH1aEqaPpFM90clXd2NeyTUMjR/ovM2txXv8AZxC9VrYwY8kZXm18gbT3FzoxpBPCiOV5OHG5FxZZy2o8MOGktxhXzQ3jZY61zGOoBJWqpzqlY7OxTFyDpZb4AJWFlTj+pPqW4DoxwQnV0bhO2QDIGyRO2++RyjreGNthk8368ovFtsntleXUrTG4fovauqqGSoo54WtGS0kLxeQOgnfE9uHNJBXVoZ8l+rdNsv8AkLJzf5bTjYhS7LUmCta/gZwhOLXUsZA7boUR8Mhw/CulU8NM8HqoZjtPeun5/GpQQew/yTuqKRk1C2UjzDfKp+iblDU0bNB3LRstTdoPmra4M3wMrdnJ5C1/HNwFZH+PQREncNCnObss/wBJSPdDLEXEhjtvZaPSVZlseJYIzozuQo0rA4blWJYCCoz48d1TKTyVFTBnbThZ+4QBshGFraiLI2Co7jTZBdpSpGqqW1mTrIwQ5pHZZeqBhkLXDutjVR75IWbu1PklwbuNwsliwdbSzy8FY92tpUN4LXhSI3F2W4QKqM5+yRKOTqRWCTSuBG5Cc8ZBzwodITnlWGnLeFQmb5IMoIKhyN3VhPz+ShyDBQY5HVghhWFvr5IDjUHD0yq6VpOMJsJ0ndVJZHqTXRqGzQ1jdQyCBwVItddUWmqZNC7DcgOHYhUFLUGLcZVrDUxVbNDRh43wVhvq3dHf8b5OdU1zho9jtNyhu9I2VjsuaMOCLLED2XmXTfUFRZaoNLjoJwQeML0+krKe507ammI3GXN9CuTZBxZ9i8T5Va6lKX5GfuVD4EolibhruR7qqr6KOojLtmvA/VbKanErC0tyqOWA09RkDZKOjZVuRh3xODsEEH0KJS1D4HAAZCvLtbJZdVVCzOOQqJ7Gjlu/3QYMUouDNBbq3xAMlWbH5bj1WQppnU0gfnIWjoKtsrNRVNZNlFmeGSZI+xHKizQtAyW5VkRrALUBzT6IHwaJw3IztRTvieXs49F2KYPGM8Kzq4AR5R2VTJSuik1sOM8hEpZMNlbQaQbg5SDQ5uHJgd6pOaTwnJ45Mso54ZU3G2lwcY28qlcwxHSVrjjuqm5W7OZ4W/cJqkcbWaVflEytxge0CQDy53UqyXIwYic7bOykPLJAWPbkFU1TTyUkmR9PIITkcPbKqzemb+ml8RoyVIPCzVgr3SN8KV+TjyklX0coI3TYrcdeq+M4po5KMlRpDtlSX+VR5eAnxiS3kz10psEzAcqEx+W4I2KvbhHqhdsqIt08lPhwec1sGpFRXR+HMcDZBByrKriy3VjKq/xFN7PIXw2TYfUTxsrWzV76SUNDsDOVTtUljkucclUXS081OJ6hQS/MRtlacgjKnxrFdJXd0dQaSd/lcPKSe62sZJ3A2WaUcH1jxHkIarTpokNaHAbcpSwgBFhIwAQj6A4bLPOJ3ILJS1EJByG/urCy1zvE+XmOcDYpT0/soJY6B7ZWDBaUsvG1mtYwPGybjBxjhR7bWsmYHM3PcFTPq3AwoaI8gsBNw7+n90QDBTwBhQ0JA0k9LBUJtBkZVbdrVBcIHMewZxse4KtkxzfdC1kGyvfHaYCkqq3pys8CoLnQk4BPGFqo6mKrjbNE4EH9ky+WeK5QHyjUAsxbp6uy1Rp6gkxZ2UObielntkvtNS9mQq+rp8jhWEUrJmB7DkFNki1DCtrBtdanHKMxV0pacgfuoRb2IWkrKPWMgfuqeSAxu4xumRaZy9TR+ioq6MSsPlWauFM6E8bLcyRjTjCprtbzJA7S0ZU2nntfpN0Moy0cuMBHiqNXIG6iTQuYfTCEyYsdghSUcI8z88aniReUNxnoZRNTyvYf8JXqHTPVsF1hZBO8NqAMH/EvHY5w4Y9UanrZaSQSxPLSDnYqHX8f5SVMk4n0EBkAobm5WM6S6xjqmshnkzkY3K2okbK0PY4EFQ97pNZDVQ3RZHMQPdMMYwd1L0eyZpUy0a8JlfJACd2oEsWgZAVk+LKDLFn3RJibKlIrGgl2CnywNdHjGyKYcHYJNBAwU2LwZLajPXS0QvGprSTjZZt9NV0jyWHSO2y9Ckg1DBGVW3C2+L+EJqsODrPH7vvrKChrmVDfBm+sbfdQ7xZmzNMsQ83qlcKCWjmMsQIxupdvvEb3CnqG4ce57p8bDgW0pZjYjI5mpnlpyCCtX031bNC5tLM/HoTwUrrYWVYMtPgHGVlJI3wykbtc04/NbKrmmcq2qVXL6PYWT09wg1uja52ORyqqoa6nyGhZCw9RVNvnDZnl0Z2OVuqC5UVyblmku7hdKu1SXIrG8DRV4fiKU4PAPqpyrbjbnRONRT8ckeiZS10sfllBI907KEuDTw0Wc9LBUsLJomvB9QsfdenaqindNREmM7gDstuzRIwPYQQVx0YcNLsYPqFYiVUZ9oxdtvGkCKoBD27FX8ZjqGBzHZygXiwMlidPStAeNzgbqhhmrrc4NcTpCP8AIVXZOl7Zco0xhLRugupI58tewEH1RLfdIqtoY8DOOCpE0JZ/Mj3BVSjg0tq5cmTudqfSvOG5jPHsqeehDhqDcL0EiOZuHtBHcFVdZY2vLpKfGD+EoJVbjFdpsfijzmpoHMkJaMFMZK+PDHN4WsqbcCSxzNxzlVdVajgloWSyn9GKxbeGV40zDzEIU1EGeeAZHdKSnmp3b8FEhqWABryVnlBrgT0RmztjdplOCiOa2ZuQpklBT1DdTMAqqliqaWXTg4HCHEl2FnJySm32CiODoyAQrJk2fqGV2WnjmbxugnFS6DzghQzubhWMFxGQ1wJ9wq2SllY76duyECW7EKlJx7K2xl2aATMecBOdD4jdhyqeGoLHBWdNXxObped05STAlXtYg2eB+xwE8kVOA9qJgTbjdMkpnbaeyjiLc2uiHV2wObqhwqp8Esbj4jcYWhjLotnbpSU8NUP5g4VfGNje12Z4HH0ncIsNfUxOBLtQHZTqu1MBzEFWzwOiPmakzqz0a69ThfYy3pa+Ko2J0uxvlSgs4xxacg7hS6eulid5zqHH2WeUDsUa3KUZlo5me+UzRj3SZWQvxodlEJxzwkSi0b4yhNfayHLb6aQl5iGcb42VdNbpWZMEjgP6cq9PbIylIxu2AFUbZR6LlpYTXJnDLPHhsrc49kVuiRucAE+it3wRPySwE/ZQZKBpGGt4WiGol/UYLvGe4kcOcCC1wwiiqe3A5ygupahm4jJH3Q8vGxYtcNYukzn2aKcXjBZ09cW88q0oruWkAO47OWaZUM9cFF8UO3BWqvVPPJz7tLB/kj0Cg6rqaMtNPUke2dlrbL8Sq6j0OM7hjtnIXjUUoaeVLbcJYsAOOPut0bsnOu8ZXYj6bsPxjgqSIK1rXjHdaqn6n6evQYHxxgnjVhfJFHd5mkHUQfZXNL1JLC3zVL2+nmKZuwca/wAK1/tn1DL05aql3jQODQ4cNOyhz9Nz041Ucz8+xK8TtPxIraanwKyR3/jOy21k+MbmwNExDtOxzyrycy3xttHODWGO90pI8Z36pR3m8Ur9cjDIPTlPt3xC6dvRbHMRE9w+pXDf4XV/9mna7HurikzDOE4doqx1rLCf51un++nIR4uurW8gSgxH0dspstDjdjGuHoquusVuq3aqmiZnvgBU/wCwp7G/uRZt60sjmaWz8+jkyXq2Tw9NvlfIPTO6yFx6BpnZmt8z2O5DS7ZVj7J1PZ4/Fo5teO3dDkfDT1z/ABZuJPibcaECOayzSAfiB/0wuw/G6zRHTcrfVQ+5avOh1leYv5VbR5e3k6cZUll9sdc3VU0obIdnDGFPkYxaOH9R6XS/GXoOqODcnQk8B7f/AFV3RdbdNXEj5K700mewkGV4jUWnpS5EOMQBHsq+ToSlDi+31TmsO4GrhT5mEtHUvbX+T6SFVBUND4JQ4eo4RAcAnC+ZZLR1RbR/7our43DghxTh1b8UrRu+t8Vo7uJKnzYfKJ/AUv8AbkmfS5eRyMZ9UF0me3C8Cpfjf1TQxiO5W7xSODjKsqb+0HSAhtfQTMP/AC4R/wAiHTFy8dfHpZPaHvD+3CiyOa7Yn915jF8cun6puHeKzP2CMz4lWOq/u55B+at2Rn0xa0d6f4l/1B0rT3QEtuVXAf8ABJhY6boDqKA6rZ1VMHjgyPKuP9sKKYeSV59N0P8A2iH1AH75UScuh0a7ofkVDbN8T6HBhu8U2P8AEd07/aD4n2zAntkVTj+kZyrJ/Vk0e2s4XW9XgEGV5UcMewkp+4ohwfE7qWlGm59LzF3+BmMKUz4sUgA+es9REO/lwpDOraKbaQNd7kApOu9jm/v6KOTH+EKoymvZGoLuI2D4odHyH+dDOw98gKfD110LUYAr2xn0ecKC0dG1X99aY/choSksnw8nb5rewH2aAU3Mn2Bin2pFs2+dKVZBjuVOMer05z+npwGx10Tj7HKox0j0PIf5Akj/AD2XX9CdNPH8uulb9nYUxJeittWeMlsLfa37xzxkH3Q32ijds1wOfRVJ+HlvkP8AJvdTF/8AbChn4a1Lt4Os5megDj/nlDifpB4h+y4NhjO8bSU02l4GAD+qqP8A2f3uL+46yn27GQ7pjujOrGjydRl33eVFvX9JNsH/AFFqbfU52aVwUFR6Kp/2W65iPkuoeB/iTXWrr6PmeI/dXul7RPjj6ki4NDMfRO+SmG+nKpmQddxjzeAf/Cuaeuif7lirc/0X8f8A+si3+UmB+hLwZgMeGqsM65PMUaQg6yJwSwfYKbv7FOvj8kWfy0x30YXfAkaN+FXCi6oIzJU4z6Jfwy+H+9rsZU3v9AqK6JrmhvOyEZqYDLqnA9MqILNUjzVNbIfzTTb6LJD5yT3QyeQ1FIkPuNBHnM+cKHP1BSRj+WC4+gXXUlrjaQXN/NQ3utMDtXiwfqg3foiRyXqGrG0TdIKiyVVyqhl1VIGn0R33WyxfU5n3BUebqiyRDOsDHogmx8IN/jEjT2yWpAM1VMce6jNskYdlsOs53yiTdc2KIYLgfzUGq+Itvix8tH/khUsD402y/GJYfwSXxS6CiGQOVx9lrjs6PBVDP8TZOIyW/kFUVPxGucjvJuFJSyNjptS+lg2J6c1YdUT7nsuO6eowPO/IWDm63uc3Mhb9lXVHU1ydzXTEemUOR8dHe+2ejSW2xwHL3DI91Fmq+n4fL5SR7rzepvtU8/3zifdQ5KuZ51OJdn3QZbNkNBNr7j0uTqKwU7cfyxjjZVNb1pRRg/LgOIOwCwT5jJyEMMJPP7KbmPhoK1+RsZuuTjDWFv2wq+frKukyI3FoVF8u89ijttsrhsOVWWx3w0Q7DVN+uk2cTnBUL5qebPiyE591Y09mqZD9OR7qxh6dJHmiChSnTDpGdaSXZOSifLuONLeVqYLA1rgXxgfdT2WqnYGgNGR7JgL1S/pMjT22qlH93gKfBYHuI8YABaVtK2MDAGF1rcHOVWRT1M5cFVBYIQRkDZT47dBBgtY0H1UvYBBMoycqIjk32cEDQdsYRQBgD0QDM0dyh/M5B2yqF43MlBo2wV0jAyq2a4eEVW1d5nds1+AgnZGH5M0Q01ln4ovZamKIHWcKvqrtGwEA7qgqKyom2dIUA6jy4lY7tVHH2na03g/ljuseCfU3aoJ/lv2+6huqJpT/ADHakAAk4yjMjA5PKw2amUuGem0njaaIpRQRhOfsreipxKwOOyrYhG3d7sKW24thaBG/hYZWYZ2qqkkW8dM1gydsLklRSRDHi5Ko5bpUSbNdso4kc8ku7pUrcmuMP0XFRdIoseC7UVEnuU0oA4BULAJynDG26S55G7P2F8aSUjU5IRntuuB7WjnKGZfZKchiSXYbSP8A5SlqHoP1UYyknKWSq384KJDn55IQ/F3xhBGScZKI2FzuGlVuQ6MXJ8BA4EZTTJsitttS/AxhWFLZmDDpng+3oqlNRH16Wcyn1vJw0Z/JSYaKqmONGFeMpaKADUNx7Lj6yJgxE0YCD5UaY6Rf1dEKGzNyHVBwp8VNQUwBdjKjvqvEOBt7oLg6TAByUqVuB0a61+CyTxW0cY0M4Hso8tc15OjOE6jsVfWkeHFse60Fu6Fqy4OqHNaPUoflbNVGlusf2xMo+KprHARsyrS29OVUrgZGkD7LdUXTlJRcMLj64U1xhpmEuwAOyBzwdSnx6jzaZ6g6Zp4QHPaCR7cq3bTMjaBgNAQ6q7U8B0M8zjxhQ8XavOY/K08FVk3Qorh/tomy1dBTbSuDneigy3GrqmujoofIeHKdB0/GAJKzEkh74Vg2KCiZgNaBxwpvG/G3+RSU1tr5W5lft3yp8NsijIIHmCNNcaeMclQZ7o+by0wxhQJuqC4J+lkY7AKNPXxsH8lwcVAcyvqyBI8tZ7J8cFPTDLnkFMwZp2/oZNU1U5ABIBTQwtOuV2fdR6y8U9NtHIAs7c+pDISzUcD0VbkjJdqYVR3Nmhq7nTUrCGvBJWbuF5nmBYH7exVRLcfFcTv+aC6cO3QOeeDlXa75PxCvdqdlcyULW0910EHhUv2Y5Wj9XqUi/tlAyfUpZxycJ2DPOYWQDYghCdIG8boT5g3uVDlrG9zsrSyZ7bcEqaowNsKtqa/AxkINVV6xpYefRQxE+RwySmI59t7YWSZ854/dOijxglv5p0MXh4LgjEgYwEWwzNuXZwMAT2riFPUxU7cyHlV0U2l2SXOABORsq6quccYI1bhV9ddXTO0U5KiNikqHDWd1aiLnanxENUV00z9jkHblDgonSYzkD1UyCg4c4bBWMdMxjWjSnKJnm3N5bBU9AxrG+UDAR44hHwOEQYY3PYKFPc4mNIPKvOAHJRJck8cDSSQqeuuLpDpiKBVVbpT5TkITWtwMqnMRbd6Oue6TzO3K5n1XC5o7rhe3HKU3kX8o7OO6WR6hCPPKRGVYDsCeKPVIyIIYS76f3RWxHG5UL3tjQXE4xyjhvBwuBjR2XdW2FCL9j9guEgIeSu4KgTm3wLWcp4cO7VwNzunYA4KMXuYxLASSPCiI5DN+cJoJScPMhF2NsprjlCpWeghwQgu3JXdRwhIRFks9CST1w8IhQ16C5x2yU55GeUFwJIwgkw4rI5EHKG0HG6IOVSBkvQQcJJDhJMKYkkk+KKSeQRRNy88BMrrdjwisrtjFrvh98L+rPiNcmUNhotTDgyTE+WNvqf0XrHwc/stXfqOSO+dbslttuactZgtkfjn7L6ptFmsHS1vis/TttjpaaL+ndz/cnuutpNFjmaPL+U+pqtN/paVbn+/S/wDcynwt+BnQXwpibUS08d1vRALq0ty1hGfoHbn9gt7VVbq2bJzgbD2TC/xO2E3R6HC7FVSj0fO9TddqZ/JdJyY9kDdIJwU8Rk7BMbkd+E99VDTRmWZwDG98p3Qk+I0l3T7pafddHB704kkkmBjkk1JQg5JJJQgkkklCCTU8cpp2QTltIc9kxEO3CFlZZy3EBXGUw07nt5AWHkdrkc71K0vUlb4cLYWnBdsswuLrLMy2nX0df27hK+szadsYdpAefVUQ5RW1Lom4aT9lmg9ryOsjvjg0tRIG437LNTvM9eQBnJwF03GZzXBxO3ulboy8/Mn1T52Ka+0RGtVpsPVgsIZnIGyjJ9RIXSnKYlTQ6K9iSSSQlj0kkkZBLrhkYXEyXJIAULQo2jUTzhPnkGkALsflbugOOpyplSW47Fud0U7obRgLqsHI52SDk8hCgi1ygngIruCD3CVI3z5I9VTLk+Ca3YbJp4TwMbFDdwmCPYNxGTv2UU8n7ojzgndAPKX0aILgfH9SLJgMTI+6UnZWF7AyHKiyfUpL1Gk+pZrHkNBaVg7+6dMM4SiBCcwZkA7q4xyR8hSBFSNd3QWvycYRZs+GAhNGrCKaFp45JFDE2aqjY/gndej0MbIKZjIxgYWK6cpmPrWmRuR2W7aA1oAGwWO154PYeEq21uz9hXDOyVPF4jtISJHqj2yLM2SNlmbWD0tPMkiyL2x0ZaRggYQKKPLtZGTuiV4LWtb7otE1rYScblKZ0qk3YkFmyQMlVs7yZNA4CnTnDTv2Vaw5eSUMlk0WYySoNmhWNC3XJoxyoEO5AAVtbGZnG26RYbNNEuZCRTsHsqW5TkQklXEpw3Cy96ncXhgOyzI12vCwV0mZH59VpbJC4yB3YAErOUgEk7Q4bZWutjAxhPAIV4x2VpuZ7iVES+sMoGw2R7fE+oubn6do90yBuGud2GVY2eEtbJORs7YKjp9h6pw3YD2WQvs+qSMHsStRWOwXHP3WGvU+ZmgdiVaWTJrLNtZFqXEkKa8+DQOLQAS1QC4OcGkbqVc3iKgaPUJrjlHCc90XIrKdhkeCfVawnFGwY7LM29uqRoWlkOzWjYBvCy2o16DLhkt7CwOBJH/DKvov7vPoAqqyRtbDsOQrRz/DpHuXB1E/9RnqNLH/AEzzLrOp1Vc+d8J3Q1C+ar+Zx5WjKg9Tu8StqAtT0DAYqPWR9Tf9VntlwVTDfqDVRABwGFfUUWGNPBVPAwOkaMZV9A06Wj2XNtnyd6mBIOI4y4nYAleeUcrpr7M9zs4kOn2C3d3k+XtU0nB0kArC9PUz5K50gPHmKVXyx9i6RcX2ofFRkNOM8rLg5Vj1TVSCdsIPlA4VNG7Vse66NaRy754ntNFacMgzjcqfLP4VI/23UGljLIo2d+SlephFb3tBwSraWA4S+xyKW35rLg6Y8F2MrdW+NrQxoGMLI9MwNID9O5W1pdLADj2WG+W02aVZhyWcBAGAOQhT+UosR0xZ9VFmmDVhlLJvSwjIdQzGSUxq3scLYqNpa3cjJWfucnj3ERgLX26nDKONpHZU3gXFfdk0PS0AfOXEZWw3YzGFnulKU5dLjbK0rsYPZcfVvMjfWQJTrqGMPJKuqaIsa0dgqulYJKsucM6TgK7Zjj0XOkxknhBW9kUfSEIcoo4CV6M+OQjV1IDCSBhHGfUEYYwNkBGBwlMhxJJJMIPSSSUIMSSSUIMSSTScqDIx9hCRg7hAPKWT6pigxcDnEAebhZ2xsdPPWXN7fLJL4cQ9GNGP9FP6jrhQWuScPLXnaIj+s8IdopzTW6CIjHlBI9yjiUWDNwE48JkfATzwmljoRkoiZB6p6hBiYeE/ITCRhQgJziDgFNXX/UVxQgVeadCEVfWHWVzzkyVkcQdnnAyT+y9LJABJ7Ly74RtM0N7uOcipuUp1evCuAqztI9BQK06YAf8A6Iwf/VBHUO5n+REAeaiEf/5AmjIPgtCMNA9kMclFfwgnuFTD9ieNSgRgPuEgdv4bMNUtxwCSVHoWZY+Y/U9x39kEewvRJHCR2SSTGAyNVyEU7yNtjuuW3T8mwDbO5+6Fdn6aJ4HJSpAWUcI76VEW+SUG4JyVFvEnh22VwPbCMCSVXdRP02/w8/U8BOgAVNuaHOyRwgdSykNo4gPrnbspVuYW8qJeg2a50UDiAWHxN/RbK0DLotJiQwD/AAhVd1ndDb5S1wBdsrKYjSFnupZtFK2PJBkOy7Ojr3yUTFqX/pszWCd0iCAduEUAYG265NiOnkmx9Ayvb6JKMVE8jqntTkeU9Xzma9PyPpaqmJ2kjCJcpXVNxnqic63nH2yo+cAru18RPlutluvlL+56P8N2AUVRIW+Yv2PstkOVlfh+0tsgk0/U4rUsOSsd/Msnv/DR26eP+AocdPKazkH3Xfwn7LkI/ktP5LOlk7cnwVl3IM8bc/jCl4GgN7KBXO13SOPnkqbKSMALbQsHmdZZ95m+spvl7e52Ru12P0XhFO4TVbnPGfOc/qvYfiRVFlt0gkeU/wCS8jtzGtb4h3OSvV+OrSipHxf611OdT8a9IvbMwvrGjGwWzgBa4BZnp1gM7X45WnDt8Y7r0dKwj5hqHmYyowZQByVcNi8Gg8TPZUgBlrgANlobmwQWnOcYBCJ9iihtEbX1D5HbuznKtWY+fZG4ZAOVCscbRG6QDLs53U+Le4h3oqI/2Y/4yTBtrbC38ThsvLNGYmkeg/yXofxcm8ZzQDsMbLAU79cG44auLq/907/jP/w/+WQZItRyGoEjMDBVixnLXchRpmFpIwsE3g6cJlcRpdgo8Z2BTJR5hskxzdt0mMsMYnkMhTNyMBHZxumkZymyfASbQGJxaclG1akCRuSCE6J2kjJSWsmqqzPDCyM1DGFXzxuhl2GyttiA5RaqMSMxjf1SX9rH2RUlwOo5NQwTyiSsHKrYpDA7BVsx3iwgt5KfCeVgybcMhOGMhcYd9yiTDBUcZBQyRcJbXgkZK4uDhdO6zXRyba7CTb5CypbgjDtivQ+l5HxPAzkZ2XmUJLJAdXdegdPVJ1x7eiznr/DXLKR7Z07K+soC2Q/Twrumc51OGvO7TgfZZDomre+R8Z4ytcwaZnRjhu6XYfS9FNyrycqh/LJxwsB1LTjxXTAbkr0OoZiI5WK6lp8tO3dCVrK99ZnqV2jBHK11ueHUzHclYuLUBgnhaWx1TXN8AnzNGQjOfpJ7eC2nfsMjZMaA8DbCM6MSM0+qBp8N+jPCOK5OhLlFVe4C8loHLcLwa/w/L3KYHu4/5r6Hq2ahuM5GF4Z17bX0tfIJG76y4EehW+izB89+r9I5Ub/0ApfPSDPYZTDwU+0ysmpvDHOMJszXRP0uHuurVPJ8v1VfOT0H4d3CBobCfqBwvVaYtlgLMZGN14D0rXmiu8MpdhjiGle92qRuhrjw4LoVyyjxvkavjs3FFZHGlvs8EZwxxO35rYPjG2BhZK/U7rfd4a2EaWPdvhbOMsmhY9vDmgphzrVlJkQsQnM9Apro/QoL4yRhQRGTyV0zBhVVbTeI0tV3JCQSQFEli58v7pbNEJmFroi1+NOOQqK5QOdEXNHbC193gGSQ3G5WfqGB0bmELLbwzqaWzkxLv5Ty3TuhzEPAKkXCIxTOBGNyoZ4KznbqlvQocCQZKsjjwwqgu84CsoHAsG6hLI4I9TyfsoMvJ+6sqgElQpASUAVZHkOAo+ohwR5OFHdsc4S5GpJYJkMm2MKRHI5jg5hwQq6CVrtiOFNicB7pMluFybiy7gqGVbADgSBa/pDqFtFIKaoOBwd9l54wlrsg4VjTT6cHfPqsN1G7o9R4Hy09NclJnucckc0fiRuBa4ZBChVNIJCXYWP6V6odA5tJUyZYdgSt0Hh7cjgrn2VNH2nQayGtr3RKox6CW6djys3fbP8ALv8AmYR5Xc7LZujaTu3lR5qdkrDFIAQcjdZ8OL4G3VbujzgtUyiqnQuA5R7xQfJTksB0HcKrBMjsgcKGWLdbNfQ1wlZggHCkOAeM8LM26u+WlxJnSRhaWnkY9oe12QUBtqs3IFLESNwq2qgLeGq8lLWjGMqLLG14OyroOcFJGanDo3bJ8cwcBkKbWUh5xthVLtUL8YTDn3V46JLxncILiSOE9sgISxjf1RrsxTrUkZ+628xu+Yp287kKBLT/ADVLpI3wtXJGHDB3yqKqgloqguc3MTvTstEJYOBrdJ/VEzNHUSUdT4cjiNLltaWoErGyA5DhlZvqK2HQ24U52zuAn9PXYSxiB31NWmEsHMpn8M0maxjtQymvZk8rkMmW7pz9wtcOTqSe5EKqjDmH7LPVcRY84GFppm8qmrWDcYTDl66GY5Kp7Q5pae6qJoTHMRwCrlwOeFXVrPPkhMWTyGshxuAjAbzunY90EOx3XQSUUY5OW02TYZ/BcHDn1XovS90FZAIZH5cBkLzNm6tLRcX2+pZNk6e4SrKjs+F8k9BqFuf2vs9XA8wxsp1PgDfuqu21bK2nZOwjBAJVhGe2eFjmsM+v6e+F0FOD7CvjB4CiGJpJjeN1YxtB5QqmDSRKxuUlmtx3Iqx41BN4kZOk8haOgnbNG143yFXuiZNHjHKiUk0tFU+FnyE8KYChmLNDNDnDgOEJji3spcDmSMGNwQk6mw4FoVGpLciO8kEZanag8cIpYCMJsTdLjlWNjDAPQU1zfdTC0ObgBRjE5p3V9kcEiO5vuqe72iOric9jRrCv3RHZAcwnulCrqvljtZhaGvmttQaecHRnG60zXNe0OB2cMhDudnp6lxeW4JVNS1M9DIaaZrnsadt9woc/bPTycH0XUsWtvGVT1lNjLgFax1bJAABlNmjBGrTn81AbPvRnHHBLSEyZjZGjIyFOrqTDjKFCA05BKYuzmaiv0Z282cHM9O3jkLMVNI5u2nC9DlZlpHsqGvt2rOBgp0o5R5bX+MjNOUEZHxHQuGQifM8bI1fQOa7IHHuq8l0fIzhB0eXsnbpZ7Wi2oq2SmkbLES0jst30r1q+OYQVTyWnYgnheYMqsYA7KQyudE4SM5Ch1PHeXeklubPoqiuFNWt1QSA+ykLyLpvq/wADQXSYI2O69Htt8iuEYdGQSOQgwz6P47zGn10MxfJaloQiz2ThJ4gGycDoIOFMHWi1LohyQkblv7qOBvwrRwa9vCivhGdm4/NF2VZWmBEYIyhuia7lG0e+EPT7ozFOrBVXG3RTAjCzFys2lpkhPmbvtytxLGHDBGVCkoRICCAPdEpNHM1WhjesMyNvu7qcCGqBOnupV0stJdoPmqZzWPIzxyVIu1jbNGZImhrxuqekulRapfDkaSAcELRXbg87fpJVx+O7r9lHU0k9EdFSzB7ItrutTQziSI8dsrX1ENvv9KRGG+IBnjcLK3KxVFv82CW+oW+u45FujnD74cx/ZsbT1JDch4Ep0vxwe6mVFLnfbdeb0800LxI12CNwVp7T1LLqENS4EHglbIW54ZkkslzBWy22YMkBMZV5T1FPXs/lSBrvQqrfHBXQ5bg59OyhNZPbZRLGSW53WlPIt1tGhfHKx2l/HqolwttNURgvYN+4UqhutPcm+DINL8JSxTU7yD5h7pgh15MlW0DqA+JC92M/orC1XlsmKepwHcZJ5V18tT1g0vaAfsqO8dOOYPEgGD2IRmeash+BaOptR1RHY8IbvEiOJB+aoLZeKm3T+BVuc6PjfstNDJT3BmqKRp9spuFjAddsbVtz9xAqaZtS3LNId6qqrLVI1vIJV3PC+F2NJ/JdLS5vbPuhda7KnTGX5Iw9bZ6hx2GRhUdTQte8tA0uaf3XpFTEMg4VLc+nY6zM0DgyTHHqs86YyMN2n2vMTK0sdTTgeIPKpPkkGXMBTZYq2heWTRFzAe4yE+MskGuI/lnhZp1pcMyyi1yiBVW57SZIfp5x6KEJ3NcGkcLRtLR5JG7qFWWhs5dLAcE8jskulR6AjP1JkEOEzRnuo1TSbF4SkZUU7sPDgAjw1LDhryT7oHDIyP8AYq3kxHSRunxycbZwrGWiin3GlQKijkpzk/QeCglHb0HKW7gmU9e5hA1ABWcVXFI1o17lZjcHOUWKoc3BaihZ+xc6c9GpMAlGsITYnRkqtorxKzDXvwCrVtXFK0evqtHDQh1Sh2cGl2zgmyW+Gdhy0ElEfCeV2J7o8DGUtxyBG1p8FNU2l8TsxsOFFkpntGC1akgSBRpqEPGw3KW60xsdQ28MzbGyRuy3YqVBXaSBM77KTPbpWu3bsoFRSvz9KzzqOhp9Zs5iy2iqYZQNL+UVzct5Wda18fBIU+C6PjjDJWaiNgVmlVg7mn8jl7Zk3Sc8LpYAF2KeGZuY5AD6HlFIwM5S2sHShdGb+0iOGcqO6ljfy1TSzchMLN+EsNxTXKK6S3wEZaN1FdSVDeGZCuHN900tz3TY2yiZrNJXYuUVHiTRnD2EJwroTsTurF8IdyFHfQU73Fzoxn2CdDVzTOZd45v8DkdRkAjui63E51FQpbcQcRyOA7DPCYBWwnQTqb91sr1v/OYJ6GyBaR1ckJGkqRFd3h2CSPsVSfMuaMSDCfHMwkFr1sWri1lGO3T+pI2NJ1FJGxoEnHoVe2/rivpNJiqpRj0eQvOI5QcYJCkx1rmjcFNq1CkYLdBVPtHt9l+MlzpXAzxx1DQMYed1rrf8W+nq1zY6hron/iHYL5nbcHDkqXT1gccjlN+ZZ5Odf4WmfKR9aUfUFhr4hLS10bg7tnfKkiRkw8hDgfTdfJ8F6rKTaGRwz7laWyfEi927Rmtdgcgk7o855OTd4iS/BnvtVQwSOy6njPrloVHcejaGqBmp2iKQ7+XhY2h+MUpfqq4IpW+gdpK1dq+IdnuQaGuEbnf1FR4Mk9LfQ+itqekK6mj1wODnDsFWNivtJLpEDxj07rex3yimy1kzSfZcGioJOxQlfNJ8TRjB1AYhoqoHahzthSqe7W2sAbJKGZ/C9XlXaaSV+t8Dc/ZU9V0rTSSF0bcA+iZGW0LfX64Cihs8484jdn2Tv9kbNUbmnicD/hyqSTpevbnwa+Ro7AbKM+29VUrh4Fa4j3cVeV+hmZS/CReVXwzslWP7lrc9wMKvk+C1E7DqW5TRk77uOFHbcOuKLDvB8YD7lSY+vOpKbArLW849GlAoQf5IJfyo/hJA3fB3qGJuqgvDXY7GQlRH/D34h0ZJZUtkA/xlXMHxWkhIFRb6hh/5VY0/xithIEjJm/cKNVem0V8mqX5JMx8vT3xBptnUrZMepyohi61p95bPIQPRuV6VF8XOnH41zEH/ABYVhB8T+lJ8NNREPuQijGt9SYbvvS/20eQPut8gOKq1yRHndmEI9Q1rDiWlmb/4V7hD1f0jUjDq2kAPIOEc1Hw/qRlxon59mqbX6FfyMfnX/wBjwr/aScciRqeOpyACZ3DPbK9qmt/w8n2MFMfsAoE/Snw+qB/2eEemMKYn6YS1VXuDPKouqSDkVLv1U2HrENHmqXAf8y3U/QPQ0x8p0fY4UOf4YdGyjyzPH/jVP5P+Yt3aeXcWZyPrqnaP+2OyP8S6z4hMBx84ftlXMvwl6YOwq5B+aiP+DvTR3ZcZ8+7ley/0wk9G+8oCz4gRHH8933ypLevnkDTWn9VFf8HLODll2nHtqQZPhHRDZt0k/NxVr+Qi8aJlmfiDI3/4wn80WP4hlvNRn81np/hZCzi4uIH+IqM/4bxD/wCPOP8AmKrffnkio0T6Zqv/AGjgO/vv3Tz8SBox4v8A9UsWfh3Dwa93/nKC/wCHUWkn+IO/85U32/otafR/s2D/AIkjJxP/APVIJ+I5Jx4ufzWKk+HrA44r3f8AnKju6Dkbk/xMgfdTdY+0Mjo9K+UzcVHxHc0eSY8euVXS/Eepk+iUn81k39IPZsLlnHqSgu6cmiGfmWY9VTlP9GiOj05oqn4g1zttZ49VXS9Y1jgSakjP5qodaS06XSZ98pCzxZ/vP3S5Sx2OWl06JcnVU0uQahztlXyXeV5P8126P/DKFoyZhlC8K3x/jzj3QOQ2MKY/iiO+sq38PKjPdVyHd6sTJQtBwwn81FkqI3nEMZ27K85L4iRflql+P5Q+64abAy86VMHz7too8ArrbTcKgjxAoMjbFdla9kPaQZQjpHCvGdNv+pzVOi6fjaBkjKop6mEXwzKhrnbNaSSl/D6t/wDwzgrZR2aJn4AiNoHg7YACiL/mfoxbbHVOOS0qS3p+oIGW5WzbROxy1d+UeN9QUAlrZvoy0fTTNILgMlTaewxN5Y381duiAxkIgjAx7KGeWrskyobZYQdomZ+6eyzhh1eUYVmHNAzhNMrQMZ/ZTIt6iUuGQ202jYgbIobjvhPdgbkphdjsrCUpTCFuO65pzwVHdUYz5VFkuLI9nPLPuglPb2aqqJy/GLZYSPDMZKFJK1nuqae90zXeafJUCo6haTpZG4j1ykz1Nce2dGjxWou/pwaCWqIHYKFLWMaPMcBZ2a71Lz5XYUV9TO45e8nKTLXQXR1KPp+b/wBw0b7rCM5kVfPdCRiGThVO5KaGu7bLBbr5/wBJ1dP4KmqW7GSY6vme7DznKEXPfud/zTAz1RQ0AbFZJ6idn5HXr0ChzFHCTwn990t07Le5Wedpqjp/2NyAkCeyWWjukXDtulSt4NMKdoQnO57LmWoXjDO4S8YeiRK00KOCRkLoeG8BRwXOO2clEbSVTnY0oHYaK4SfSHOnxthNM3ZS2WqoeMlqkwWSJuHP5VOZpWmnMqzISntBccAHKv4rdStAywFSI6ekiJc1gyPZLcx0dE/6jPR26slIDIuVPhsNSQHSlrQrR07R5WgBDllcN9/1QuaNEdLXD+4Jlsp48ZIJCltbTQ6S2NpPqoYlc84aCcKRTW26V8gjgpifugz/AHNddT/+mhz52gYa0KO+p0+UrRW/oG9VMumcCJn9RKvaP4bW+KYSXCo8QN43KCUsG6rRX2dowA1zuw1uo9gpdL09eKjdtLgHuvT6Sx2K3yF9LSNc7GMuGcKYWA40sDQNtgh3s3V+HU+bGzB0PQLi1slXUNBO+kDKvKLpW10ZDjCHuHchX72Njbqe4NHOSVW1t6oKVnknbM87BrNzlDJ7jbXoKNP0uSRFBDCA2KNrQPQIdbc4aAfzHgE9sqqim6gvmY6el+Xa3l5GlWFH0YyRuu71fjPPvwhGqtyf2FVU9S1kx0W1utx7JtFYbzcZBPVvLAdyHFagN6ftTxHTMjJaMZDVHqL2ZMtpmloHfCJPIWxr8hlN09SU41TEOI74Rpqi3UTQIsbKDJLWTbOk29EN0IfjWeOUwJzSXA6oupeS2nbnKieHVzO1P4P5qQ4UkA2O6iVF0bEMNdpHZUZbLk3yx5pM7uxt6ockkFNjWQPsqiuvuDgyn8iqCvvjD/xHfqo3gxW6uEDTVl+ZEC2I4AWeufUE7sg4IKz1bfM50P3VXNV1FR9ROFHM5Wp1zf4stKy5+I7POQoPjOccdkFjTnc5T9IQrk5lmolP8g4IIzlNLjwh5PqnK0sid53Ls5yitd2KCmTytZynKAqVpKLgO4UWpqiOyiyVzYwck+26r5qqSc6Sdle1szW3+kHqq5xOxHCgiZ8pwU8U73+YosUIY4bI4xwYpTlJ8ihhzuQpMcI5A4RGRAAY2T8sjBLuydgFv9gywj2TSABkkKLWXmngBaHAk8bqknuFbVu8mzVG2hE7UuIk+tu5jcWw9tvuVXOkqax2ZCUSCme/BkG6saenaMbKorkzuUp9kKGhzjLcKfBSCMg4/dSWxNaE7UBvx+acopAqSj2cEbRwmy1McQ3eMqFU3I6iyHgbZVfLK6U5ccq21gXZYSKyvkd5Q7y+ygveXnJO6IQhh2c7JLM0ps64N5KF42TpwnEOPGyb4ODkBUIbcmcOTuhmR/CkeGcbDKe2nAOcKEcZMANWxI5RGMJACkCIADypaWjsoNjH9jGxt5wnYAC74g4TVAlJI4Sc4XUk9QFzGJ+nG+EkxMS3E3Y7Eukk8riSPYBKY0n1XNTfVcJA5KjlxzyUagZpWMOeFGOolEyVzARJCpT3DUkkksjeTrkORwxyF1zh6qK9xygkw4xycfIS/AGURjNslMawbEhHJAAACGOWE3t4RzSPRdSSTFFsW1kckThdAJOAvc/hF/ZkvPWnhXjqkut1recs2xJM31YtNOnndNRSMWs19Hj4fJqHhf8AmeYdCfDzqz4g1wo7BbXSjGXSfhYP8R7d19ifDD+z50r8PBHX17IrneGYJmcMtZ9mlbzprpWxdF24WywUMVPE0YBDfMfue6sWyHPC71GhjT0fPPLee1Gue2v7Yf29/wCQ3ictxzsmaS7fC7p2Tm54C6EIYOBnB0DC6OcJsssMLNczwxo7lRsXC4vNNR0xbEcZmdsMeyYD2Eqq1kDzFTsfO/sGtyEehsBrJPn7pqIf9MIOAPyVhQWptFEG7F/cqa0HGN/shFN4PgvT7pafddSXawe/HpJJIQxJJJKEEkkkoQYkkkgIPQ+2URD/AApMuiHHclCLSBk8IpUOvqxFTOzscHCw2vCyFGO54Mrf6oTVmhh2YCoDNhumyvMkjnk5yU9oXEveZZO5V9kEh5IxygEkkgpwJPJSjHiStjxs5Uuws45Cupy2l8TH1cKbTtENCcj6k+8s8OaloYgMaBldrBpjZG0YDRwmpCHLKIPJykukYXEOC0PSSSUDEkkkoQSa05wSMrrk1vZElkg9/GM4TPD9117S7hda3T3QlnU9MT1Cgc+MjCLTtI3UeXJe1TYG4aDhWlkCwchnhEPKGeEQMVkhycpLs31LiWPQ6PulIlH3TZgTwpLop9gHcobOyeeU1mxWb2MDsIDeFynyagEj1TtmtSjOk5AWiPRXaHTf3hHYJg3OAml+okItvhdLUjuAlWMuENzwjWdL0oaA9zd8LTAYCgWOnEcTSW9lYOdscBYLWz6BoKvioUQWXHhW1ubpi1Eb4VdCAXjKtW4YwYSprJ19PDnLASyOkk85zg8KzjAZAMDkZVQAXS/cq0fNphaNKUba3h5ItVNpjcR2UalJezxCMZK7WPL9gOUWmj8KJrT91TGKTlLIen+rjKv7VC7Ik07Acqmpm6nDutNCGwwhjfTdZ7Ozq6RZjkHWStBx6hZK4v8AEnO/CvblMdRAznCzdSQXk5S1AvUTwOoRioatlE3RTj7LH20H5gbLZEYgaFJrA/RLhsltGmhzjclW1HGY6EF222VXaC6mjYBzhXM+mCjbGRvhKN64RUXN+mnc/wBV5/W1AfVEbeVbW9zYpDtwvNpZDJVyOymw5OL5K7C2llF/NqmOHBUq8nVCyMc5UW1NMlU1qdd3ObUgE5GMYTH0cnf/AKTYa1sGppx3V4N9lT2rDW6yMnsraN+ojbuufqXiOTtaCP2JGptMemAE7ZCPcZfBt0hBG/dDohmljA9EHqJ3hWrR3JXBtlveT0lUdsMHldyme+ol1+Yudz+a9I6VgENqjIbyF5vPGZrgImjOp3+q9btNMaa3QwvG4aCslr4wHpI/6m4nUIzUNCvodsbKptkWZtZ4wrho9FzreWdurPZX9TzFlmkAHIKy/TBxK53+EK160mcIIYGuwC7LvdQrTCyOj1t2Odyio7JZMpOopvEumkDbChxNGpuDwV24SiorZJWnYEtCbRNLpm7911K45RyLXmzJpojsw5HCqeo6wNaymG7j2U9uxGSqO8nxa1u24AwpKOBjliGDQdPQiKJriPRaeAZIcAqCz07mQM1cndaWlbho2yuZqTraSOa0Td/BG/ZV1YdIJz2Oynahp04VHfKk08bgPRYjXYtsMmYpz8zeSCBs7/VegiINY0AbYWJ6TgbNdHyyNznzBbxseTseEq2W2WBem5W413TMOihzjclWM7Tp2QLNF4dA3bCLO4uIYDyuHfPMzoRaSDWyIYMpG6sWcqNTt0xAAYUlnKyWMtrIYcImQOEMcJ6WTAVJNSUJ0OXc4XEkBB6SSShBJJJKEGJJJKEEmEZT01QsYmEkDZPTCoEZ3qBorK+goA3UGyiocM7Bo5z+auWEFxwNuyo7e5tZe625Bp8OAto2Z/wjU793FXAdudkfQPRKBGE1NyU9v1AeqIJckiMNDRhJ/wBK4x2BjCU5xEd90ZCM/VnbhMLidiUfy6fyUc8n7qEEkkljOyhAVyqRS0NRPsRHE5x39AvO/giD/sOyUj+9qpn/ALha7rao+U6OvlSDuygmwfQ6Vm/hJTGl+H9q2/vWPk/V5TIGabxbtNooVaNXyzT3rIe/+JTAcqurstnogCd6lv7KxvT4Lc8IR5Rn4DnfcoLu6tGiAGocQ049ClRnFEw45JKbPtDN7sIRacYpYR6NAKAkxJ6YnohZX3rHymPVwCfDgRMb6BAvf9zEPWUBFZkAD0COKzyXJtEkADuqXqWUAwQDu9Wj8nuqG85lu0MHIa3WU+EOQUGo4xq32VJcHeP1VEzRkRQ8591ds2cN+6oWfzOqJnZzojAXQpgBN44LeoPYcLOdTu1CnjxvytA9uTueFkb1M+a7NDnbMGAF2tBDNiObrJf6bIoacgIV4cIbLVOON2H/ACUvHmx3Cp+s5TT9O1JzuRgL2Ojf3pHk/KPbp5SPIclznEnkoLuQPXCJHuM+yFJxz7LvuOIHyybzLLPYOiYfCsMRI5OVexjVsqrpcAWOkx3YFbNGO6wX9n0nxq20Qj/Yc8ENIB5ToPLGD6Icp22Tg/ERwOAlxRvsfBSkumvuceVjSSpsrsAn1USibmunmJ2A/dSHyaSCOy3Uo8rq5ffwebfFOs0UejYc7Lzih/uAfVbL4sVQknEQ4KyNO0NhYB6Beu0MXGtM+GfVFvya+SZsenYwIXP09tirjlpKg2RgbQMON+6luf8AyX7Lv1RW3J4K782SbbGH1YJ335Vr1FKRReFxlQunmNfMSRnGFJ6pcC4RA744UBZHs7fDpiSOU+KTTOZT6J1MRBQZI3IUR8miJ8n9IJSm8LIOG3hmK6ufDdJ6hh3DRgexWDpmujm8M9tlqJKttTVVDvc/5qhmj8OoLgO5XE1L3WZPQaJuFewi1jDDVHScNwhSx+IzUFPqYmy04kHIKhAgNIKySWTfGWGVlTH/AIeECMEO3VhOzOSd9lXvjIOQFnksPJoTRKjxtkooaDkFRI8g4ypLT5U2LUkF/cY5mQSow8ryPdSnclCdHtwly7DjLaw0DtfJXZIzp5UWJ2l43Vi0B7QQlNZN9MlYsFTUxYdkDCkUcvk0o1RBr3AUENMDtx+itPYS2vHJKqY8s1jGyjkeyMyYOaW85QpBhW3kzYOsOcJ53QIjuUQHKVLlGipiAx3Wq6cqZCxnn3Cyp2Vt09UCOp0uOxIWWSwz0HjLfjuiezdK1ksNfEGnZ+Mr01wLKlr8/UAvILbI6N0MkbsEYIK9doNVVbIZpDl+kbpco5PrHjrE4qJKrQ3wRp/NZa+02qN5I4C1IYXtwd9lV3SBpZJqHZAdK2O6G08xj+tw9CVZW7UyoY9rsbhRa6AR1kgZsAc4T4HubxyiOBXmFjX6NtFuM+qFO3S7VhK0PNTStc7kAZUmohDoyzGCVTn6OvDlZIUjRI0LyX4lW+d85nI8oC9dY3QDnsFjeu7eaijMg25WzTM839QaT+Rppr9Hkdgfqc4Yxup1Y3MirKYvoqsdgTgq6qGeI0PaN8LsUs+O6yhqtkaBxikDweDle59JVz6u0xOcc7D/ACXhTSD3XpfwzuUs0clE9+RHuFvqPG+Rq3QybnqWMT24PcN49wQrbp2sZW22MtO7AGn7pngtqrfIyQAktICrejZxTzVFtlGJGuJ+4Wk88+Y/4NRpz2QzGMcKTgJmAoZskGSPbhQqhgB4VvJGCM91XzRaj6KmHCWDNXSjy0uA9Vk6lmhxyO69DqafUCCOyxt0pCNRDdwcrPZHJ0dPYYe/UoDS8N3zkLPv+krZ3OAywkAcLJ1MboX6XDlZZLB3dLblYK92WuUyknJ2UWfY5TYZQ124QG9x3otXgOHChzN23ClQPD24TKlu+wUEr7GV7t8gKO9pIOyl43IKC4AZSpxyaoSyskEEsf8AmrCF5IbvlRJmDOydTPGdyk4w+QpLcWkZyAUeMlpQI3DA3Rmd91Nm4QpSqluiTYKjwy0n1XoPSvUkUzflJ5M4wASV5secqZRVPgO22+yyX6fPR7b6f8/bRNQmz2staQCDseChPYcYysz011CKlvy1U/GNgcrTxku3G47Fcude1n1/SaqGrr3RK6voI6uMxys54PoshXW6S3znLTpPB9V6E9ocBkKrudBHVxGKRvPB9EkuyvJgpW54VpZq2SNvhPOQeFCuFHNQTGORpx2KA1zgNTSQg4ERm62beA+MzUSE58eRjhUNmub34ppj9ir9AdCE42RTRCqYA4cKiroBnjlaabjGOVW1lJ4sfl2cDlUJtryZ0ao3bjlSGyBwGyU0BH1BAbkHc8dk+MsGCyDiSSMqPU0jaqIxuPPBRWvA2T8hNjLBz761NFBGzXHLb5/du/8AmsjXUVTZq5r9wxztiF6BcqUPZ8xGMSN3yO6q7hAy82x7dAE0Y1A905SPOarTOLyg9qrW1VKx4IJxgqeXB7dlirHUzW+q+UqMgO2GVsY9xytdMslUWyktkhkoIJCq6yNwGcK4lbnCiVMQfEWgcrUDqYucdpn3gA8KBVNLhnSrOcaDgBRy0EHZPisnlNXXjMSjmaQ7GMJrVLq4x2UMO3KNRwcayOOCRFyVKadTcAKJFk52UuLbcq3DcjLLKNZ0jehE4Uc78DOBlegRbgH1GV4yyV0ThIwkEL03pW8MulAzUR4kbcO35wsN9TyfRPpTy+6C0tnfo0sJOApDmhzMFRoT9I+6ltOQsslg+i1PIBkYBxjZDrKHW3xYxgjdS9GN09rCeRylGnZkBbKo4ETjuFcsw9oOVST0ropBNGNxuQrGkqA7GpWOrWCQYyOyYY9lLDQ5uwQTtn3VYHg2HBwQlIwHkJw2OU9uJNgFCNfsjFjeMIL4sDKnmB39P7oRaeFCbCqnj1DACprhbQ52sDc+60zqYP3USopSSMhWZrq96MjHMaeXQRjBIVmycSNGy7crcx+Xjyu9lTwTSUsvhvOQp2cyUXX2T6iMPbjHZU1VCYzsFdeO12QByFHqKUTNOyYome6Cmijb59sJlRStLfupU0DoX5xsELWXHSiObdTgz1fbwc7LOXC3mPJAW9qaYOwcdlS11OxwxhFGOTznkNDG7LZh3ROa7SQutzgZV3W28bua1VD43McQQrccHkdRRKqWJDmnHBwtP05fKpgEQnIczgg4OFk39kSmmkheJI3EEIFArSauelnmLPaLP1LK4tjqHj7+q09NWR1AGHDK8YoLsZ4QRs5vKvrV1TLQyASlz2I/jyj3HjfqqEcV2s9TBymuZnAyqS29SUda0Bsu/oTur2ECYZacgpUoNHudNqYaqCnB5QJ0WN8ILmb44U50e2PVR/A3zwqb29jJLPZFMRTDGMcqcYwBhAMe+6i5Eyq3EF8LCd2qjuliiqCXhoytRJAQAQossRLcYRqWDHqdNGyO2R56YKu0TiWLUG547K7oLrS3JppaxrQXDYlWtbbm1UZjeweyy90sNRTnXT5/JPjdg4F2nlp/t7j+ht46aex7pKUeU7hZ0tlgkMcgwQtZauo/DYKO4DJb5dRU25dNQXFnzdIWnUM7LXXd+ziajSRsnmsz9jvE1JOGySExnsStdHV0tYzAcDlYWrtdXRSHLHABEt9xlpJgHk4zut9d2OzBOvb9rNPM19HN4kbiMHOVe2y+RVbBBUY1cZKoYKuCtBY0ZwN90CoppYSJYjx6crZG5CLK8RybGakGfFhJHfZMjqfFHgygbbEEKtsl/EhFLVHBxgE91b1FEJf5sLgDym71IRt+3JVXGxUlRk6cE+yzpjq7RUO8PWGg7HsVqfmpIJvCqwcHYO7I0kMFTHpkY1zSmLJnnUk90FhkS3XGC4xBr9IkAwQe6JUU/hHLQd1U1diqKZ5nopCW5zpBwQpVuvT34pqwA428w3CZjIW/P58BfDbKNLhgqvqWS0rtRblhP6K4lp2j+ZCcjnYrjSJGaCG++QhlHBcqsrJRSR0tYzTIwZWVvFgqba41dI8ujJ3Dey3dbagWeNTjDhuQO6rnPezLJWbdwQkSr3GK2hsx9HXxzkQTtAPGVYeB4RDmOyDwE6+dPR1LDVUDQyVu5DeCqSir5YZflqsuBG3m7INuDnW1MuJqKCqYQ+MByoa+zuiJdE049loIZQdxvlSQGuH0pU61Loy/JKt4MOwzxOw4bDlWDXwVUQjkIyVZ19nZMXSRYBPZUT6WWllIkaQOyRKDQ6NyfTB1Nrc3L4cEeirsaSQdldwVDo99/spUlFQXOPfTFIO+MJbr9jVe499GawM5UiKrkgI0nhEq7ZVUZOWamf1N3UUnO3oiXA+Mlb2W1PdScCY/ZWkUkVQBg4WWPr6KRS1kkRw0qlMRZUl+KNOIJWjMbchda8tPmGCq+iu4GBM7ZWTJKWpb5cEo19xklCS7Q5zWStAOMKJPbmPGxwpToJeY2EhJr3M2e3CJ1ZFwscHlFLNayDkNVfPSGPbHK1WGP2ICE+jjlGSwHKRKo0Q1TX5GUaHsdqA3CkwXCT6ZTsrKptZP90zb1VZPb3tOMYWWyn9G6rWuLTiydFUQy/TIM91IMOwPqs+WuYcjYo9Nc6mDynztHYrO62d7S+U3YhYWhZnuuaR/V+ybBcKWpGD5HehRmlsn07peDrQ1Fc/xYHwz6JpiIG7dvupTYxjhIs9lQ9JEIxhMcwYIUvR6BDLMb+qXNZYqUU+yvfSRPPmb+6jvt8WPIDk+6tfDym+Fp5CNWOAmzSV2eindFVwu8g2ThLOB/MGVaOYXbY2Q5aZrm7s/dNhqZZyjBd4xdxK9tW0HSdsooqJAAWSYAXH0TC7yt/dCNLKfoB/Vaoap+zm26CUX0S2XKZmzjkBSI7jE/knP3Va2nqBnMaTYSORutMNZJcGOek2+i2FRrGWO37IlPXXamkEkRcAOMKpY5zeEQXGrGG54Wr58rkzT06/RrLf1xdKKcSGR2Ry0laul+L9YzSJ42MH+ELy+O5RkDx2tz6oplpZgCJAPbCON0THPQU2flE9qtPxat88zY6qdo1dnBail67sczsCobkr5sAYHYGE500seA17t/dH8yMV3h6p9cH1NB1DaKlupkrCPyRfmKSrOICwkL5ZZe7nSEOgqZBn/ABFWFJ131RSPD4a9wx21cq/lRkn4Sa/22fTOkgaTHj7BA8GF5/mRgrwql+MHVEZHj6HtHKu6P44zDAmo2ZHOG5RK+Bll4vV19YZ6zJQ29zcOpI3fdoUGWxWWb++oIvvpCxtP8bLFK0Cpo52O7kDZWFP8VekZt5/Gbn2VxnB9iZaTWLtFtN0r0zJ/8NEP/CokvQ/Tj/7uJrT7BOj+InREnFSBn1KOzrHpB5wKzGfUolKt9MBV6uPeSvf0FanO/lyFv2JXP/Z9SNGY7hKM+rir2LqHpWYZZc4wfujNuVkn/urrT/8AmRbkRfN0Zt3Qkg+i5Sf+coD+hrido7u8f+IrYiS3fguEZ+zsp2um7VAd+amUCrbUYaTou/N3jvL/AM3OQT0v1RGMR3h//mK35LOzx+q61rHHG5CpsL+RYvR546wdYZx/HHf+YrhsPV7d/wCNuP5lekimpiN2b/dd+WpBv4RKHGfYL1c0+Yr/ALHmLrZ1m0EC7vP/AIihG09dE/8AzxJH/OV6mY6QbeAgn5EEgxH9UUcrjI1anjmK/wCx5mLb1qBh1c4/+IlCdaurnfVXOI+5XqGqgO2goZioucK5JyJ/Jf8ATFHmLrP1Keat2fuUjZuonbGsd+pXpRNENtCDJHRNbqBCHayfyp/8q/7Hnf8AAOoXb/Ou/UpfwO/jmqJ/MrevDR9G4HuobyCMZUaYUdRNmN/g96/FUApSWK6PGHTBamRuD7KPLUx6tJfjCW8sNXzRlZOn7iT/AHoTHWC4d5BhawyQ934/JBkqYuA7KXhjY6mZmP8AZyoP1Y/Vdb000HLwAfur/W7slrJ5wVXIxaiZSNsMbeAEeG1xRHPhtKssj0TdY9P3Rvgjsm+WRxTRAYEQRWsx24XXzwxY8R4CbJcaFo+tWRbp8JHS3gprmNIwoz7/AGyLcyg4UZ/Vtvb9Ij/RDwRaeyXosfDAS0tHcKhqet6VuwdEB/yqqqeuYARh0R/JU2o9sfHRXT6RtNTf6gkHNOwcF58/4gu1Oa2maQO+FGqes62YfyGBo/RLd1a7Zoq8VqLPR6O8tAzqCiTVjIxlxAA915rJ1HdJeZSNscqPPW3CZul9S4g+hSnq60dGj6fuk+T0Sa+UbD9fCgy9T0TOXEFYSP5gkfzHH80dlPI7Gp5P5pEtbjo7NH03Wv8AcRppuq4wDpBeoE/U9VNkMbpVV8q7GAESCn9RhZ56+b4R1aPCaevlIM+7XR+f94wCo5lqZM+NKXZOeVI8AemU10TQcYWSzU2S9nWp0FUPxRHwU/STsnhm/CI1gIWd2t9mr4Yx9ADGRyF0Nz3RyzPdd8MjulysTLVa/QwMJ5XdLR3CcfT1XPAeUp2tGmunPSHAY2C4XADI3T2U7jkY5T2UTgcnZKlaOjp5vpERzzxhLVP+CPKs20LTjU1FZSBpGBhLdo+Ghk+yo8GdxGWYUmOglcPO3ZWhhAwcIuRjCTK7JthoYx7K1tqidguG6lMtlOwbtR9Qj3xldFTn6QChU89miNFcTsVFTNwdCM1rYx5CPZKKjuNUR4FI532VpSdHdQVLRijkZn12UybK6W+K4Mr/ABPZDdUY4GVsrd8Jquo0yXCufHkZLQVoaT4YdO0zR41TM4990DtwbqvG6i31g8pM88hAjIGdlOorLd6/aCAuB74XsVJZrJawG0NGxpaMasblSvEDjswZ+yV8uDZX4Td/us8wt3w7vdY/FS5sDP6iVdUnwso2nNZXvd9nraBxefKU80c8oBGQPVC57mb6fGaWrtZKml6a6ft0YiZTwOx3IySpgjposNpKeMH/AAgBElNro2l1fVRsx2LlV1nVtgpmn5KOaeTOA2NmpEmzV8dNP4osSy4Sf3TDpHJ5Tvlw7AnePfOyz3+0fVdzaYbbbxSsPLnjBQT0xc60+NdrtLGXchj8BQH5OeC0uHUHTdpc4GqZM/gNj8xVU/qa71rHCz2vSx3L5W/5KfT2Hpe2N8aVkU0ntuc+u6l/xMaBHRUelo4AAUJL5J+yiZ09d61wmuFxIa7d0YOB9lZ09v6dtbvGEQdJj8R1YTnx3WufpkaY4+c//MXH0Vupt6t5cf8AmUA/H8jrry5ziykZpCB4VzqjiWUsafdGdd7XTsDYadriOFAq75I4jwmaB/ko0R2qKJTbc2E6pHZ9+U6SejibhpBd9lUVF5GjEs/5KirOoqKM4L8FQy26yuPbNLNWvBJaQG/ZV9RdWNaR4/5YWSrupj+CfbCoK3qN7tvGRnL1HlK4cGyrr7Gw/wB4Tss/X9RR95HLMT3mpmPlJPuo4lllP8zdQ49/k3N/YXFVe2yjyuJKrJJppSCXHBSjY3uE5hY0cbqmsnPnqZzf3DWxk4JajNY0NCCZN0hzglMURTuD68cBdyUwRn0S39eFSgwfmCfknFwHcKO+fRthRZqnZNjHAqVqRNlqWsyAQq6pqi7YboEkj3nk4XWRHnlMijNO5jH6pDlwRI4sEZCOxjQOE4M9ESSEtuXZxrRgDCI6PYOQZJmxbkqtrLy7ZtOMkdlTFu2MeyfU3GOjGH7KoqbvJVNMLJMA8/ZQZWVVVN4k5/LPClw0nGwCNcmedrlwiOyhY8h0mSfup0FLpwG7KTFTYA8vHujN0R7nsjURTWOWMjiDdy1G0hg2UaorI2jEaq5a2d5xq2UFytS4LWprQ3IaeFWvq5pMtLiAmNe527uUgAOO6MTKzcJJdwUsFKkmDyxun3XAwDjupGCcFdDN+eVTiUwAaCcJ4i9kYM3BwkdIbtuVHHBaiMEYXQ3HcJjnhucIJJPb91EinJRJZewDYhRXuc5caD3cntb3Vi3PINoJ5RtGwOF3DeycHAd1CZGJJJrnDHKPaC54C7AHcILiBk5TC8EndMcT6quhMrH6HGYj8KaZsjGExq7gIxbsfTOklcQkkzAIkklwuAVt4IdQnSZ2wmulwcYQ+6RJhxiOLiSmAHKcOU8AYQpZGdHRwupJBsjjhjNSbCDl0hRxaDozobqTr27ss3TVukqp3buwPKxvqSvWfhL/AGWr91f4N56wzarVISY2uyJpm+rR2X1j0z0h050PbhaOm7fHTU7cZOMyPI4LnfiXS0uklLmXB5jyn1Pp9JF16fEp/wDl/wDtPLfhf/Zu6b6Ma2u6lZHdbo3BY7J8KI75wO5O36L2N0hjxjBTpJMDA7oOCTuuxTUqej59qtZdrZ/JdJtiL3SEZ2Ro2DGUxjBjK5LPT0rPEneWt9QtSmujI3xgk6fdAkqY48NiIfKfw42Qv94uILKZrmM/rdtlWFJb4qYAkBzx3Ri2yLFZzWTtrbiS5pG0P4P0V5FiMaWjDQScIQOdgU/UGgkkD7lEESQM8lUHUPVEFsheylcHTn6d1VdQ9XkPdSUB3bkOcsXMH1Ehkke4uO+5VJYGRq3Hzskkku0e5GJJJKBiSSSUIPT0kxAQYkkkgIFJGOUE8n3SBOeSh8pFksEHkchUF/kLIdI75V8SADlY6+1j5akx9hthczVT2wZq0lW+zJUMyXcKRsGhNYBhMkPC5PPbOs1jg6cO2B4RGHw5WyYzp3SjaSnyjTsokLb3EiAyVdaaiTcY234T6p51kZyBsF2jZ4VNqdyQhOAOXHunxWEL7BP+opqc/wCopqvAYkkkkIQkkklCCT0xE0+6oh1vCbkEnBXDwUOLOoZQl4DNBynO2buusAODhcqSC3AKrIDlgjsBklAA7qyaAG49FCpWHUSpY4KJSwDY8idyUFxG+6e7uo0me6IkXyDccuSQ8nUpDPpCWhqfB1MkI04BTnfSfsors7nKqTwiHHcpsY8ya47lEgCQnljB830brrOMLk43ATiQ1iYyhuMlWNkjBqCqtpyStL09TgNEg2cTuT6LPNnQ8dT8t6TNhbmgUrccoz8ADKbTgNY0NaQD6rk5wQsdkss9/TDHASlB1A+qsJnYAGVDpRu0lGqN5TjjChvglFD6ZoMoceylyuGgbKLQtLg45zhGm4wD3Sx0XiOCBI4ukypw+hv2UOJmuTfsVOjGcJbGVywTbUwmoGRlX7wdgqyysHjZxnKsK6Qhnk2yVnn2dqh7KynuhLQ9w91nXuLirG5yyEOGvdVsuHNHZT0Zr5ZZb9OMa6r87c+i08wxPHCOHKn6VgaWGRw3A2OFd07RLWAnfBAHskzlk6WkWIFxC0NkhZ/SQpd4OlsYG2RhNpomuriCNgMqLep3+Ng8A7JcXuZtsxGtsyvVVVJFA5rXADTssO07lxO55Wm60nPhjAxlZeLy4PK1QhweQ8jfuswXlkZhz5Tw0coFxm11YGPdTLU0Gnf7lVswElfuc4KJoyr7oKJcUe0I25VnQBj5mtdg/mq6MARtwNlNtALq+MHcLl62W2B6TQLDSNrTZ8NocMduFV9UzFtMKf1Vw3bCoeqTlo37FedlLcem6jkw9qi8e/MDhnDl60PpH2XmfR1JJWXqSRo2jO69NxhZL2+h3j45Tl+yytjcQ6u6sIAS7B9VEoBinAU1m3CwyfJ14LHRkesnl9XFAOTghcjaaa1ua7ktz+Sr71NJPdi5784fgewUm7yPjoAGnkYWilZZlt4TkZTOXu/5ipdvH81pI7qvDsFxPqVa2wagx4HJXWgsI5G/fItHu0tdIOyoSHT3AOJz5lb1snhwO91VWlpmrzkcnKTZ0aE/uUTb0Q0xxjGNlc0g23VZTDSxg9lbQDDAuTe+Tu6aOI4HyHGMLLdUVBDXALSTkDlYvqao1O0gclZc45Gaj/bwXXRFGPlnVThu44Gy2EEXmbgd1T9L0vy9lhGnBJytBb2l1WzbbKxamW55Lqjsika+CMxUsbQ3kJpafmI9ucqTsGjbgJsA1ztJHC5Fr5NCbwTGgDbCMxCHKKzsslgxhBwurg4XVCx6SYkoQKkkkgIPSTElCCSSSUINSSSUIJJJJQgxRLnVsoaKesedoYnP/QKWVQ9Ty6qeltsZ/mVtUyIHnDeXbf8ALlHFZCOdPUkkFtb45zJKTK8nuTvk+6sNGCRwk2MQxiJvDRj9E8jPdHJFM6nsP89gTF2Bp8TJOVQyHRKxjZDlOwCJnCFIQcYRlMBqd6riSShQkhykkOVCIyfxbqTSfDm+TAZJpiz/AM2y58OYRT9DWaIjimH+ZVf8c6nwfhzcIv8AvnMZ+6uejY/A6WtcBGPDpmBPgZMZtbLlV1az/e7e3HNR/wDulWGQoFYc3S3gdnuP/wBSVJdjkWcmzj9ygvRX8/mhO8xAHKno0ReAE5Pgu99lIZsxo9go0/8AdO+4Upn0N+wQi7JZ4OpiemKBIrbyQXUkf9U4UnRgkcKDeXZrqFg/7zKsXcYTUslz9COHbZWWqpzN1DI3tHGAtKARvlZWhLZrtcqg76X+EFqriAWJySMHus/bHeLfa953w7GVfccrO2Hz1Vxl/qqCFvq7SM9hdl2cjhY+oeJbu/bdamV+khZGF4dW1jzyJCB7Lv8Ajo7ZnN1jzHAV/lndtssz8R6jTY2xN2L3gLTkajk8rD/FCYsp6aMf1Alen0X+6jyXnJ/Ho5M8+06QVGB1HCkO2a7KhjeZv/MvQy/E+Y9tf5PcunWGOyUgI/AFZtUGygfwekGP+GFOGB3XPu7Ppuj5pg/7A5cnCJJtEceiE85kaz1TqpwFO8f4Shj2Nuk0irt2XCdx7yHCfMdj7JlqGKLJ7k/6p8xABJ7Lo0xyeY1L5cjxb4kzGe6NhH1ZVJAwgMjzkjAVl15J/wDXJIB6bKFbAXVceo9167RPFaR8C8/N2a6z/JuaAeDSMGPTb8kaQjw3DjKa0AMwDtgJkjtQI4XYi3g8pNfcX3S8ZdI4/ZBv+p9z0j2AU7peLRRzSgeYDIKrC19XcjrcdQdnKIU+CbVRCOgaO5VNdpPlbZPK4j6D/krm6SAMjpx9XJWS67qDT2J4B5aVnueINjK47ppI83oK8vmm9z/qpM0TXYcQs9QVXh1AceDsVp26XsGD2XClLe8nfnBVLghQ4OqJ24JOFX1DXRSacKyczRUYG2VHr2A4cG7pclkKE+cECTztUOaPbOn91KBwSmyMy07pE45NcHgrwcOwpEbtggTtLTkDZdidxsgi8GjOSUmHhOHCaeFMYBIrtpPzVlTnU0DKgyNJcCAi07sOySqNWmliRY+GDuq6vgLD4gGxKs4htuh1MWsYAQnUshvjwUkbjqwdkaTgYXKmnLHZaEyObGxCo5lkHHsactRItuSuS4IyExhydygmSuWHgkLtJMaaobIeM7oeoNGeVyTzLPjB1NPY65KR6/a6uOpoY54jnLR+S9X6DrXV9tNLK7zNGW59l4H8PrgJ45KB7/MBloXrvw+uLKa4vpJiRq+j2KWfVPC6n5Ixs/Z6HS4c97C3Bbsq66QlzX6Wqzf/AC6nW3bU3ceqHWxZjyG7lAexxuPOb/TNa9krRjUN1TRu0PIIWsvtODE4PG7dwsrNGWnUAoef1Ney1l903VvbUuiLvIWggFaOVvlyViLbUaHslBwQd1u4z4lOyTHKE3aX7o7WV5aQ4hUvU1H4tuJDc891oZG6XbDJUSvg8enc3AOyfTZhgazT74NHzxe6T5Wt09s5VkxpkpQRzp9VK6zo2xSOeW4dq2KrrTVa4vDed2jC62nlk+N+X0uycokXlxx2Wg6PujrVeI5TJpjkIa4dlQPBbI8H1T2uLSHDscrp1yweD11OU4H0lQvLowfwuwVVTOFt6ojmjGGzYaSoXRd4bcLXC10uotaBz3Vl1RRuko2VUTf5sLtWe+FpTyeOlH4pSizXNaX4IGx3RDCQMqP01XMuNqimzl7GhrvXKsDv2TDnSzF4ZBLDuoczN8YwrMsG6izxk8BQNPBVTxgjKzd0pMtcQ3utfNDkfSqavgwwjRn80tmmq3B55W0+lzge6yd9pXNIe1uzSvQrrREZc1qzdZTNmjkaW7kYWaxc8HZ0l+JZZg5eyiy5a4EKwqqeSCVzHjBaSFBkIfthKwd+p71kk0dQeCpb3a27hVETzG8e6s2SB7VRLI4ZHnG4wgvUqXfBUR4wUmYVYJ4zlRoy4PCmOGyiyt8wwEiUWxseixgcTjdTonAAKppHjYFT4zxumwXoRNYZMBykCWlMYMjlP9vRVKrcKdkq5KUSfSVpgIJP2XoPTfU0FREyCZ252GTwV5g4F2CFJpKqSke2Rjtx+65uo059D+nPqKVWFKR7YJA4DZCnZkZws1011KypY2Cd/mGwJWmEmsccrmzrcWfUtLqoauG6LKquo4auMxysBJ4Kx9xoZrdLocMw/hIHC3sjAeyhVlFFVRGKVgIKy2Jh2Vp8mHhkc3JafzWjs1xNRGYJXAvZwe5Cpbha5qGUsDSWH6SoVLVvo6hsoJIHI9kORcJup4N27S4c5QJYwBzyh0NXFVxtkjdseR6KTNHsCFT6ybq5KyOSoqqcYJAVLURO1HZaOZudiOyraumycgK97EX15XBU5OxyiiQ8IdRGWnKC1/r2T4HLnDkmkhwwRsqmohloZzMzeNxzhWLZB6J72NewtcMgp8eDBqKFJdGTv1udUsFfR4y3cgcqd09chXU4jftIwYKPpdTTugf9JPf0VLNFJYroZ2AmCQ6jgcZWqqWDhzp+KzKNZnB37oVQ0FnK7BI2aMSNOQ4AhOdjG5W6Esot8oz1bHpflQSTuCFe3Cm1x6gNwqKXLCRhaE8M87racSbIdU3PHoqx7cOyriRueVBnjBIwExvJ5rURalkFC8cYU1hyMqA3Y7qVFLgAYRwM1i/RKZGXe6sen7pJaLg1jidDzwq+N242T6pokjD49ns3yhtr3IPS6ieluVsO0ey0VQ2ohZKwg5Cnwu1Fed9EdQhw+QnJ1gbZK3kMuXAEcrl3Rwz7d4XycNZQprsstGWghOjIBGR+6bE8aACOU9ww4YKzHo65bkFfG18ZGnfsVBbqheFYMORhNmpwcOwhHqDYakl8QDKMYjtuoUJMZAVg2Vr2jZTISTBFm2M8psA0uwe6O4cIT25IIUHYQbII2Uct52T252ypAjBbxuoHt4IJYUOSIObup/gn0Ud0TskKCpxKaqps8t2+6zN1oCJTI0bLbTQ6gduyq6ujLjnSoc/U0b1hGOZM6F4afVWccokaBjnuhXa1uaDUU443c1V1FXFrxFLtjhFBnHnmuWGT6ukDhnG5CqZYRCSTwrzW17QcqHU03iDACahFqUlwVzXxyDGeFBr6VmC9vflGmikp5TqGx4I4XSdYwSnwOXqKtywUM1OHA5b2VFX0OAXALZT0o5AVfJTNzu0FMayee1+iU6+TEPYWuLTthcAwru6W5jXmWJuM8qqkYWHCCUP0eQtr+OTiw9DOaeXV2cMFWnjaxtsqHfsVPoakj+XIc44KKCwYrF+i2pqmopzqjeRj3W36a66jaxsVacEbZysO3DhgBDewjcNUsj+jq+K83qPHS2xk2j3umqoquFs0Lg5rhkEJ4btzwvFrR1ZcbPIAyVxjH4Scher9OdRUV7pmuZIBJjzNz3WO2J9Z8X5zTeRSUXhk4tQXRj0U6SDG4QHNcOQlvg7/AC+CO5vuo7owe+FOc090F7M43Uyxc68kB0Y7BRZqXxCTjlWjo88obWN4TFw8maemjL8kYu7dPNlkdJG3S70VVSXG62KU4LzH6HcL0Kal8UElvAVBeLQ+ogJY3cFNhYcLV+OcJOdS5HsNvv8ATCWN7WSEbtPqqC8dPyU4L2t/MKK+nr7W7xWFwGeyvrZ1FSXCnFNXANd9OVshazhWUxu4n+RlKaoqKCYOJOAtBSXqGYBsmASplz6aZPHrgIORkH1WUqaGropDqYQAeQtULm+DmXaedctrL6spQ4fMUr+N8BW1l6mdExsNXnLdsrN0V2j0eDNlp4z2UlzBkEYwdwVtrtM7hjg9GjfbrjDhwa4kd1U1dPLRSE0+Sw9ichZ+33WaiIH1ALW0Vxpa+AOc5uSNwVshYkBKC9ECOp8byuGlw/dRbhaGSgzxDD8bgK1rbcC3xafZw32Ve2tdTnRO07bbpjmZbKtywVlFcJ6GbwqjJjO2/ZX0UMVUzXERxyFFqKajuMeGEMf6quaLjZn6oy5zPbcI+0Lhur4b4Lc+JA/RLu31Q6migq25GAeyPSXCC5whsmlr8JSUksJyzOFBjip9FC6CWlkMbmZwqu8WOlusRw1sUw3DwP8ANauXEgAc3zDYqBUU0jDljchVOCaMt1CR5r4tbZKg01bG7DT9WNiFeU1TFURCSJ2Qf2WhqqGnrYzFVQNeD6jcLF3Hp+6WSodJQvc+AnUMdh6JKi0zl6jSZ/Euw0+iFU0cNS3LxuO6g2i9w1MhppnYlHrsrhxc0amFDOCZyZQlS+UUFXaZWHXC0kDthQcOa/BGMe61sEzy7RIQQFHr7RTVjjLCNBPZZ51sZC7dwynhrTpDJQHs9wgVdogrYzLS4bINyEWot81G7Dz5eyZBLLBIHs2/1S3FmmEpLlFJUUk9M7ErCPdR+DkFbQ1dHWN8Orgbh22ccKvr+k8tM9vlDwd9OUDikNjqF/UUDXkA53Raeulgd/LOMIEkUlPIY5WlrgcbriFScehvEzS22/AANqCrEyQVYzE8ZKxZ9fRGgrZodo3EI43P2Z7KE19prhSSZBZgjuE9rcYa4YKrbb1DEWiKpBBG2pXUbqapaHMIOfQpm5TMcqpRYLwWnOMD81DqKBj9yPzVi+nkyPDBx909sYxgjdLnAXCbg+DO1NqicNmb4VRPbJYySG7LavhaeyDJSB3lI5SXWmaIaqSfJhXxFjhkYKM2sngwWlaWqscEmXAb/ZVNRZp2jIbsEqVCOhRr1DpgYbvggTBT2VcEwGkhUlRTOjOCOEGOWSM+UkYSJ0pfidijykumzS7EJha0d+VTNr6lpAc/ZS4K+nk2c/dIlXg6tOthPtksYxgJaRnON1xstO4ZbJldyMZSJxbN8JqXR0RsHZMfECNgioQYSTkqsYDAGEeiCYyDxt91LXNI9Fe5oprJGw7uEIxnnSpeAn6GnsiV7TE2aSNnaK3wsHHC4WN7hTXRf4UMxEdk+Oqa7MNnjlnojeBA7YswkKaMbs2RfDcCmhpG6bHUGSzxqTycLJgPJwmieob+LGEXW5v4f3XA8E/Tunx1Jml479AzU7gTlEE0JILSiNZC762ZRBBRHg4KP+TH2Jl4+aBaxjGFwMbnIxlENKzPlKRt8+Mg5UV8H0Z5aCyIgB2KWr2TPlqpp/ujsmhxGxadvZF8qYr+JZ+gjcNOQB+iO2smbw7hR/FCRlBCdGeBUobe0TWXOduACjNu1SBs4j7FVOvzcJ4ftwmK5ipUws7Lll+rmcVEo+zijN6pu7PprZcf8xVD4g9Fzxm+iv5iR0lT9Glb1jeBzWTf+cqVF19eYR5KuUfdxWRMgA4QTVYyCCq+ckvH1P0bpvxGvIPmq3n/AMSOPiXdQADO79V5344/qcl8xj8TlPnAXjafaPR2/EuvPMrj+aM34mVpGjyfcheZ/Mf4j+iQqR6uRR1GCn4umXo9RHxIrnHd0f6I4+Ita9ukvj/ReSfM/wCJy780eNTv1V/yCv8AhNR60eu6xxz48Q/8KaetqtxyZ4//ACryT5p3/eP/AFXPm3f945X/ACEUvFVM9cf1fUacuq4xn3Ub/at+cuuMQB4XlZqvV71z5hp5LkP8lFf8LqPU3dWsxg3Bh/NBd1jTM4eD7grzHx2+66Kgdi4JbvRf/DKj0WbrqMDAz+qgv67YD3/VYnx87ZKWxwcfsg/kIZHx1Rt/9uxjl2fuor+uqv8A4YI/NZMYPA/Zd45CD+RgdHx1X6NDN1pc3nZ/7qM/qm6uBHjHdU/PZLB9Cqlqn7NNfioy/FE2bqC6yHJqT+qizXe4PGDUP3903wnP4T2UjhjIG6V/KmzTDxLzwiOKmrc45ld/5k57qggZlJBUttvcRsEeO3VBAIZn80uzUz9G6rxUv0VZic7nk+6GKZxdnhXotc39A/VFZQtyNYH6pMtRKSxI31+LUe0UbKbjb8lKjhA4GFdNoKXGXMH6rogpRsIc490p2fs21eNrXJVMpNW4HCkMo99yp4iyP5MK62lqHHaPGVnnNM3V6WMekRG0jGY7ogbG0cj9VMFsqJPworLE9+Mxn9Ur5kao6Oc+kVvl9QkABwrplgJx/LKlxdPOJH8oqndg0V+Kvl1EzgBPYpeC9wwBz2WwZ0wdOfD/AGTh08Q7+6QPUR/qNcPE3R7RjxR1BOdCK2hcdjsVsm2HSB5P3RBZW4x4Q/VIndH+lmmHi2vyRjha3HzCQD2KNHanOxqePyWs/g7R/wAMBD+Wp4ScgbJLuHR0FUezPMtMeOMlO/h4b2wrp9RSRnys/RDJfU4FLSzOP/KglZuHx0tf9CyyobShpxoKI+mAw4BWkNl6hqnfyqUsH+IKypegLpVvAr5Sxp3yDhKlPA+Gitn+MDLOEbeT+6Y2Rj9ogX/YL0Wn+GNoYB4888hP+JXtJ0zaaKFsMVBEQO5bklD8hoj4mybzJYPJ4bfc6sYht07vcN2V1SfD29zxtkmLI9W+nO69Ojp2Qt0xxhgHYDCKwnfCrebavD0x/OTMRQ/C2kDQ6trJi7uGlaWg6SsFExsYoWOLe5G5VuXNbu44Cb83QR+Z1S0Y5VNtnQo02no6Ow0VJS4+XpI2/ZoUgOeR5RhQpOobVDtrc4+wUaXqKZw/930Uzvct2KLJsU4L8EWmmuztwi+A7GZXtb9yqQ1XVVRhzPl4Gns7lMNouVUSbhXlwO+Gnb9EBStk+kXEktqi3qa+DbtqVZU9U2mAllFSzVBHdrdignpy3j6w559SpDKanpWhkMTQBtsEBbc5kRnVF0qD4dHa2wk/ikbhcki6lrcCW6xsjPLWHCnvcMYLUEgDvhQCWY9kAWChZg19U6Z3fUSVIipbTRHXBCCfsh1NTTRbzzgY9Sq6bqC0U7v+0hx9AjM8r61+TLp9fMcNhGgfZDdHJN5ppHYPO6yVZ1xGHGOii4/ETyoE/U11qNhKGtPbChmnrqocI28wtVGzxpSHuHbKhT9XUMLQ2mgJx6FY41dRN5qmXP7IE1wt9P8A3lQAVDNb5JJcM09R1bWzjSw+G32Krn3CSZxdNITn1KydZ1JCx5ZA123DvVVdV1BVVO2MD0yrwYbPKxj7NvPe6WlB/mAke6p6zq9xy2NwznZY+arfJuST+aDnOclW+TnX+UnPouKzqCsnJPiAj2Va+4TSg+Icn1QM+6bgeqLacq3V2TfY10s7nfXsVxsOTk4yn5Hou6vZTBndmOzoiZjK7kNGw4TMn1SRqGQXcdMhCQJ4XEg3fhH8YG9sLqy3dISEH6U3UAN0x1QwA+VHCP7BlaiR4+kcIBqS3OCoktSSdhsmB2cotgt2skOmfJnLkEjfcp8fdPAOQSEcYgSm5dDTEiRnjZdJaG6nbAKDU3empmnLsn2UeIip2KPZPJA5OFV13UEVHL4UTg4/dVtTd561pZHlgPdCgtzZCHycpcm5dGOdzfCGzVVdWymSN3lPIRqemkacuG5UyngbDwAER08DB5uUUYiZPPLOsh2yQieJHBu4jZQ5KubSRDtnhQgyse/MrtinpYAdu3hFpNdMeWHG6gzT1EmznbLrYiMeVFMQwCrAc5SIzA4j7p4jzgkIwiHOEQNAUB2tgBGR2XRGfRGwEsBQm3HYwReqc2MNOU7xPZcMvoEOGHlRHnT3TCWjfUEGaU5GN0LUT3UwKdqJRl5xhBLzwuAEjlLT7qYBc8jUsBJc1D1USEymdSSyFzIRRg2VKxRHZKWrtlM15JGEtJV7cAu1hCRjlBJO6ceFHPJ+6JIVKbl2dLiTklcSSQEGJJ6ShBy4/wCkoaSZgg08obiSE9MyEElkiBkHOU3V7IrgCCUPGMqowy8Brjk4RlFbvwrPpvpe+dWXKO02C3S1lVL9MbO6+o/hb/ZGp6EsuvxFka/Oki3xHIPOdbv07LdTonac/X+Y0vjoZtlz+vZ4D8P/AIP9bfEetFNY7Y5sLceJUy+WJgOcb/kf0X1z8K/7O3SHw5bHc66I3O74BMk7fJGRngHnn9l6jQ0lus1DHbrXbqWjgiGGsp4tDf0XJZS/bPC61GjjTyfOfJ/Ueq8j9ie2H6X/ANx73N3wQPzUVzydiuOcSU3OFvUVg4OMiJJIJPCfgADIwPVCdLGzZzt/RPhpauuYNZxE3huERBrqhxc+OkZ4rgpFHa3vj8a5bvdu1g4aplJDS0UekDS4d/VdfM6Y4A2RJZAcx0bGRt0M2HoiH0yhNHc/5qDcLrBTP8NuXn2VldkuerbTM8SRwwN8eqy12vtRWlzY3FrTslW1ctW/U7IA4CrpA0HOQjGxRFewO3dz6oUsYbjClOgmmI8Nqm09p1DNQ3lQcuD5aSSSXYPaCSSSUDEkkkoQYkkkgIMSTUkBBDlMTxyhuOGlZ7S12DrZxEM7YwsPVSePVySds4WkvlUGU5AO6yzDngLhaux7tqOlpI4WR44KbAxz5E4cFSqGDI16dgdllXPRqlLARlOGt45UecanBjRuFPcQ0cKLTQl9XqO4ym7RaWWyTJhlO2M8kcKM4+6LOdT8Z2CGeFGAkBf9RTU5/wBRTVBrEkkkoEJJJJQgQcph3TxyhnhLmWhPXWAByYwHO6MOVSWSnyFZ9H5FRXkk4Uvhu/oVFefOjawKzyGp3AdlKByo8Qw1GHBQ9AS+4a4gclRanAxhPmJ1cqPITkKeg4oZg6sokfIXABhOZ9QUQ8M76VCl4Up30qFJ9SXaUDkOHKVTDuokoJGyl0hDYBnlKSyMGyEmRKQ6QNsrkh85K7lEy0OjYXnZa/p+Fzo2Bo7grL0bQ5wHcrc2CEMg1Eb4Wa1nofEVZmpFudwg6jJM1uN0YnS3POEGmBkrMgLJLs9jBYJ7GhowF0jA1O7pzMBw912oOwbx3RGqOSRRMLYnPI2KjzSbu+6mRECjIPOFXySbjZRjm8dj6YHO6mAbKNAPLnCmbYCz2cDauy7sceAHEdk64S6XFvIG6Na26aXOOyr6+QGQgb5CyvmWTs/hWkUte3U7OOVXyN4POFYVTi6U54HZQZPNKxjRk5CP0Y7OWa/p2Lwrf42ORwrO0MMlS5x/qGFGt0fh23GMbKzssJc3ON8rNJnY0y4SLiiBNbIe2lVF8mBm47q8oBp8SYjgELJXer/nv+6GvsbrJ7IYMR1LPJNcPCe7LW9lXaSjVr3yVskjzqOo4TW4ONuF0KzxGpszay9om+FSF/oqmmLqi4P24O6s2HFDzjZV9qb/AL9I7sUFjwSLbnFItpnYIa3bAVj02x0twbvwQqup8oyrzo9viVYkIXI1/wCJ63QxzJI2BBD3M/pWc6nkzG/P4WlaZ5GCVkepXeSTB/CV5xvB6OccVsD8MoC988xH1OK3mdMgACzfwxhDLVO7SC4uO/5rUhvnGyy3TxybdJXsqRNp9mhTQQGEk9lDjGA0YRah+ile7PCxZ3M35aRh5Q2S9vDhqw4/5pvUkhZTxtacBdowZbnJIRySo3U8vmjYDwCV0NMjn6mzEGZ2TIA3wVe2ZoEDcnhUL3fzWjnKvaGNzY2jHZb10cml7pphLtKBBvsg9Ox66vVjhCvZJAh9sqf0xD+LHASr3iDNVX3XGrpxghWzfpCpqfd4VpjyhcG2eT0enWFyMq3ho57LCXGR1TcWQ4By7/Va65v0gEHlZS3Rmq6ghjxnzJLWUBe2sJHp1tp/AoooDyGhXVogBq2k4VbG3Aa30GFcWaImoaVh1MftyPSwaSQAAALsLMHVhNHOCpDWj6lxpS9sYuh45RxwggHKMOFnk8sNj0kklY0ekkkoQSSSShBJJJKEGJJJKEEkkkoQYkdkkjsoQY9xdsNlRSRsn6hY5wy6CAOHs8uc3V7HACuzIGgk9lQ9P/73LX3N/wDxahzWH2b5cD82lMrIW3CIDjsuJiYQKjUzdTQ8jcoQ5RozgYAUDFKcYQSSeUaXsgKFDUkklARJw4TU4cK12UzzH+0JN4fQWkcy1kTMfmf+i2lmhEFppIB+GFo/ZYD+0NJqsVnov/ki4Db1wP8A1Xo7G6QBwBwFoXRlrluskOwfVQS0uu9Nk8Me7/5f1U1xGMEqKzzXtmBkMpHH/wCqagZqjHdksHnH5qNG4mfB4RzwgRf3zvbKotCqRiJ2E9v0j7IdRvE4epRG/SPsoQ6kkujlQhS3F2u9UsX+ElWPc+6q6w//AFwMB5ERKsGPA5WiCyFkMfKCfRY2yEvfcJj+KrfhauqlDaaV520scf2WT6a2oJH4/vJnPz+a0wWBbWeCzds0nsAs907u2tf/AFVLsLQznFHM7uB/os900M0Lnf1SPOf/ABFb6I5mZ7ET6w4iJDsbHdZanAAc7G7nEk+q0NxdpgeSdsELOUxBYfuV6TRQ9nK1T+7BJHIWA+KMzHVUEPJIBC3wIyvNPiW4/wAZji50xr0WgjusPH/UktuiZj53YaAO4UWHaojP+II8+D+QUSnP+8R75w8L0NkMI+bRlmSPebSS230zRx4YUppJJCiWsj5Gm/8ApYUtnJK5ty5Pp+i4oiNz/Nag18h+XkJOBpKew5qXe2yDdxpon78oqkHc0oNg7UAKFo45TK7y07yERmGU8TWDA0hR6t2KZ5K6mmXJ5HVTxW2eG9Xu8bqSRzuwQbaP99j+4Sv8gkv07hxqwjWZuqsb7L0+i4ifBPLy36mx/wBzZt1YGVybYbIgAA4QZ+QuxHo85Jcmw6fwy0yP/wACqrbme5yHTwrWib4Fgkfj8CidORjz1JbzsopZFSWSLd3aaoO9sLF/EioxZ9PGW4WtrHukq5NRzg4WF+J8mm1xNzjLgVk1f+2x2hjvvjE8wjOMey1tsl8WBhO2yx7dznhaKzVGcRcYXBgz0+oh9pYVEeJNQQpImzRlh55CnTNyMAKJpwSmmCLw8lDM1zJC1w3GycdlMuMG4kA+6hpUujdCWURZ26hjHZRY/K/Cnyt2UKZhadQbt90prng1QfBMjd5Vws8ucoVLJjYqXjZE0minwyMWjfKDGSH7IzgoztQOT6pTWBkJ7GW0MgLcbZPuiu8wwq+mJyMnZWMb2kAYVHYosUo5ZDqIQ5pOOAql4MTzgLRyxAt4VTWUuTkBBIG+rcsoitcHBCcSOF1owcZTn48PWBuhbyYMYZwOJ2Kd+FMBzhPG4wkWI2VMtumLi6gvELg7SHnBK9mt074LjTzx7FzmrwWIkHI5HBXsXTVw/ilmhlD81EGA499u6S+D3v01rG06ccrk95aS8Rv9WA/sjSDxGABUPSV1/idpYXuy+IaHFX+jUxAfUNI/krTZlrrTEOeHtBGMLJ1dKGRvcDs1ehXSlBYQRkhY2tiDZJGY8p7KZOdr6vvyjORlzPpW4sVSZqBscrsnGyyckAYcYVv0/M5lT4YPlxxnhAI0s3GeDQSNdnBamOZqa4EdlPfHtkt5QAwHt6ooPDOpOG6J5H1tbmvEuIwSN8rAWvDJ3A9tl691dQSB8m2dQOF4/MySirnxPG+SunRZtPl3ntJstcyRXACcuHGOUHG+UWtGaHxRuShM80TH+q7NEtyPmHk6cXs9B+G10ha40Lsh4Or7hetytFVTuiIzqb/ovnbp+vfbrlFOx2PMAfsvf7HWuqKaKR45A/RbUeH8jS6rNyOfD+vjjmqrTK3RKxxI9wtoI9zusBUPFn6rhnjGlk/leccZXojcljSBnIyjwcjVL7k17RH0qPLEDwFPc33QHsyOVBCeeysliH9P7qvrKbU3OMK5fER2UaWPPZUx6eDJV9v1gsxjPusXXUzqWpfE8bhy9MrabJyBx7rLdRWkzx/NMG7diB3SZLJtote5I826ht7S35gDthZGZmkkhelywMnYY3tBHBWKv1uFLKSxp0kpDien0t6S2soTthTKSXbB7KJICCmRynVxhLxyb5YkizeQd1En5CJG8lu6HMDlDJARWGCQ3gEbhETDuktD0CieWyYCtacamgqswAS5SqOpAOk+6pPINkdyLRnKKPrQY3A7hEO6dgxWIOBsMpsmQQQuw8BEIB5CVZDeVXZKqW6Ia21rqOdsh47r0Kz35s0bWk6vdeaub5TujWm5VFDPlr/Lnglc67T8n0f6e87HCjJ8nsLZGyDIOxQ5GjGeVnLXf/mQADsFeRVWtu/BXNu059No1ML4bosBUwiXyuGxGFmbzYCwOqKY57kLXPa1yjTMyMEZWKVWBs4qRhbVcpqOcNycZwQtlTVragDccKhvFkAcaumbgjctUWguYpnBsjXEe3ZDgKmbr7NTPGDwVCmbq5GFLgmZLEHB3KDUN4IVr7TXuU0VNZTDSXAKneCDgjC0kjQ4YPCqayldkysb9wmp+zBfBLojROIO5UtjgVXu5Ron7tB90cJZMMuR1yom1cepow9o2wqeMNuNLPbqgDW0HQTzstDG7cKsu1tkZILhR/hOXNHotlUkjkaqn7sorbLUy0jv4bUjzM+k+oV29mAFSzh9fE2spWfzYDl3rhW1LUiema/GSBgrZXM58k0Dqmfynb8qgrYSH50rSFusFpCgVtLiFxwMrVCRg1dW+LM85pAOygvB3yrUs2OyiPbgnblPT4PJ6ynDyVkjMEnhdhkOeEadmDso7XBrsAKovDObJFjAdTSnsLidPZRYJdOFMa8bHCf+SEPhnYnyUNQysh20Hf7L1bp26x3SkilaRq0jK8rk88LowOVbdLXV9tqG00jvITtvwsd1OeUek+nfKPSajZJ/a+z2GE5G3ClsYHDdVVDUtnp2vac7KxifjA4WCcP0fadLqIWQUosOwYcApekOaAorW91IhyszWDr1vKAywuBy1qUUjmkZHCsWtY5u7VHmh/pb+agbjgfEQ/lJ7ON0OPyeyltGcEKFojNYdQUhrwWjZd7fSmeESScqBZyFaBjGEJ8WBsE9nKLgOCgLIBiGcEYUSppwWq2ljBUdzfUKC51qaMvXU2jLiMBZe5WxkjjPTkZ7gd16TV22CtiMT/LkYyvPblQ1dhrXROJkgdwR6K8nF1un2reyFTzywDw5c/dTmuEozhQzIJCXaRhGhfI04ZjAT4HKwcqKZsrCx7fsqaeKSlk0FuR2K0RcHgZ5UOsp/Hbpwmme2GSnL9QwVCnaQeEabxIZCC36ThdcGytGdirUsnLvq3rBVVdM2eMjG6ztTR+GVrZIiyQtxsq+spGSHU1uCVpgt54ry2n+P70ZkxkHCUeWyAqzmpNxho2USSAtPG6uUMdHnN27snUVRqIY7upjoweFTNd4ZBHZXVIRJG1wPZSMciJ5j0RKiAjgJtJc622TNkpJnsIOdnYU+aHIIxnZVs9M70SraR2k1c9NNTreGj1ro/r6muzW0Na7RM0bFx5Wycxj2hzTsV80h8kEgkY9zCOCCt90f8QZKORlFcZHPjO2XHhYZ1N9H1T6e+rYXNU6zh/s9TLR2KA5vuiW+upLpH4lLKHYGSM7oskeO3CXtPfRnCxZgyGWeyH4aklmOQm6PZVgLCIxjGCo74Qc4GFYFm3CEW4KtPADqUiguNv1DIYCFj7pZHRzmWmBaXb47ZXpb4muBGM5VdW2xkjCC3GdwU1W4OLrvExlmyBjbV1VUW8Ckr4nFgOA7laGaG33yl10zml2M4VNdbG159D645VAyqrrHPmJzgM52OxWmu/k8vqNPKt/eibcenqmmc5zW5H2UeiqXhvhPOdJ4PZa61Xyiu9O3xnNbLjDge6gXXpXxXOqaF4BO+AtkdQc2yh9xK3WSNlIhnkYNLX4VT4s9JIYZwQWnByEdszZMFp/Jba7cmJxafJtbRf2hjYazgbBw3VvLBSV8WAI3tP6hedRVLgMZ5V1bL4+jc0PyW+q0xuBcE+ywqrZPbnieAlzM7j0RWSMnHhvGQR3VpRXOmrxp1DfkFMullPhipoxhw3LQtMbUxE6P+Uz9Vb56V/jUrsjnAOCplr6hfI8UtWzB48ydFUFjxFUnTn1XLhao6iLxYDh43BHdNTyKlVOK3QLCSnimzJA8fZRZYTjBVPSVtZbJw2pyWHZXcNXT1Q1RvGSjygYy3rEivlp8HUB+6E9nAkb/K/EFbSxNHblRnUzidhyo4pklSmYe+9FGeZ1daZBHLnOnjKoqe91tBMaWvaQ5hwQ4L05/wDKx5dlV3bp+2XsapYwyYjGoBIcWuTm6jTKXaKWmqYaqMSR4OQpOot3BxhZm5WS8dLv8VjzJTk7Obnb7qys1/pa4iCchsmO52KXnLOLfRKt5iiyc9s7SySNp+6ra60viZ40WCw9h2Vw+Bjt42kJjS9nlJ27gqSgmZ1dKLwZfScqRS3GWheM5cw8jKtq63Rzt8SFobIPTuqqanw0xzM0n1KzTg2OjJT7J8kdqvDMSxtDj3xgqkuHS08GZKV2tnp3TxTSR+aF+47ZVlSXrwwIqppHbUk7R8XKnoxsuuF2h7SHDkFca72W7qrdbLqwksZqP4hys7X9M1FKS+A62eiji0OjqIv8iqbnfCPFWVNM4Oikc32ygkOiJD2kfdd+pAsh4jYaC39THZlQPzV7T11NVAGN7crBNRIppoXa4pC0hNUv2ZrdOpfib4sJ4SML/TKzVF1NLCWtqBqHqtHR3ihrGjTIGu/xFEsMw20WV+jpjPcIbmjBBHKsNDXDLd8phow/kfZScEZ1Np8lRPb6acHyAZ9lV1NgZu6IA/ktPJSPj5GyEYnAHbCU68mmu+UOjDVdonYdm7BV7qcxHBavQJIQ44LdioVVaaZ4OWYJ9kmypM30a7H5sxXjSwHLHYPupEF2OQJyresskG5a1UtTb8EgDcLO9Pk61HknH8ZFlFcYHfiyUYzg4ws8KaeI+VhH5ooqZYsCTceyVPTs7FHlEvzL1ha/hwRfDwPuqWG4xepBUgV0pAcyUEH9VmlU+jpVa6qzpk50elc0FCbUyjBkGfyRPnYNmk6Sk/FJGqF8Z9D9I9Fzw2+iQljIy12V047kKsNDOGBkib2QhSk5xupYISJwMofkaCVUZdkL5aUf8PZN0Hu3Cn+NvjC4XNPbCONz9i56aC6IOknYhIsaPRSCxpOE19MMZjO6L5s9iXSkCaXDgp3iVDN4ik2nqxncYThqZgkJkbED8a/Q+KrqW/Vg+ykC4tcNMlJCR9lDdKBjLUmPB3R/JJ9A/FF8YLATW543p2tzzpTHUlqfv4j4yf6So22MYCcSD3/ZTfZ+wXpqZflFBHWmjcP92rPN6PTJLLUYHhyRuz6FNPIwiMlc0YDjkd0ausQmXj9LLuOCLJaLmziIEeoUaWmrYvqgOO+yuW1dU0/3mR6KRHdJmABwaR7hEtRYuwX4rSS6bRm9ThkOYQUIvyTstiytpJB/vFvhd76d1IFN0tVxgztMR7jCZ/JfsTLxEZcQl/3MNqHqElvoun+ipf8A4otcUP8A2CtU7i6nujdJ4Duyv+XD2xT8Fc/xkjDbHZd+X9Xcrbu+G7T/AHVwgOfugu+Glz38O4UmOwLlP5df7C/4Fqo9LJjHRBuNxv7pNi1dwFr/AP2aXwZxXUhH3b/0UeX4d9Ss/u4Gzf8A0s5U/l1r2C/EaqL/ANtmaEAPJwuCEHOSFo29BdW5w2zzn7NT2fDbrOU5js05/wDCglrKsdj14fUv/wCmzNNp9XfARG0Yd+ID81qofhb1o46X2iVnuQrKn+DnVxw6SJjM+qzy11a9mivwGos6rZhDRADlC+WPfZeoU/wZvUhHzcsTB7lWcHwTpGYNVdZAfQDj90l+Sh+zZD6U1M+44PHW0xJ3RWQsOF7ND8KemYXDxqud5Hvspf8AsR0bSAamh2Nt90L8lH0b6fo+Xc2keJNp2DfY/miCma9wwvaxbOhYMtNFC4+7U3HRsX9zbYf/ACJL8l/Y0r6SrXc0eNCgPAYTn2UmOy1sm7ID7L11tVYo94bVT/fQk68RRjLLVDjtpZuhl5OXo0V/Temh3P8A7HlcHS92ccto3YUuLpa8drbPn/lXoj73MN2Wef20s2TRe7w7aK21JHu1JfkLWboeC0cFnLZiIej77+G3SfmFMi6Mvjx5qcsWrNz6kccw0kjf+YIra3qp40mKMfdiX/Nt/YyHitL6jIyreh7ySMgBSIfh5WvI8dwH5LSCTqg74hH3YiMl6oO2YB76EMtXa/Zqh4zT+oNlLH8OZcZJyp1P8PoGNBOkE8qwa7qp3M8Y+wSLepCMGoaPslyvtl2zbXo6a/8A6I2PoWnaOGn8kUdG0kZGpo/IIHynUbnf9veM/wCJE/hl7cMuvTftqQ/LZ+zRGqK/GokxdK29vb9lKbYrawbxtHuVWCyXOU+a7O/JyMOnXY890qnHuNeyv5ZexyjJdVonC32WL6pYM+mUySpslOz/ALRCAPsoR6bpXEa5XO+5KKzp22AeaJx+5KjtkHtta+1JEGt6r6fojpdVMyeAFXP6tttW7RR0080h4DWq/PTdjzqdQwnHchSqalsVEdUFPExw7hqU7WxD0183980v8GYE9+mwKeyStz3e1SIrJ1JUYdJDFED7rTSXqlZsHZQpOo4GDLQ7ZXF5Gw0lS/OTZTs6EuVQdc9eGg8hrlPg6Bo42jx3vf66jlJ3VTslrGEnsAg/x2/1ORS0E+D3wpNDfj0seotltTdM2iEBrqVjseynsoLbT40RMYe2yzHhdYVh8lO9gPqOEdvTHVs+DLUNaPTO6XgZBp/7VeDSh9FDvI5jQgz3e1R7mvh+2pQ6boGSVgNwukpceQHFTIeg7BTPHiuMpHOs7IHh9GpS1HtYIj+pLSDhs4d9kM36aUltDRTSDsQOVfR2rpyjGltJRH7p4rqEHw4YmtDdhpbgKJ5LxY+5Gfjl6jqj/Kt2gesiL/CeoakaXzwxA86Xbq9FVO84hacFOEMz+Gko0slqrH5MpGdKFwBqbnO49wHbKS3py3RYyxzz7lWTvBhGqeYR49Sok3UNlpdpblAMf4sq8F4oq5mwsdvomNDRSswOCWhHbFEG6WNaAOMBZWv+JlhpJHMpw+XH4gNis/X/ABZmc0toqVo35LVBU/I6Sr8WeiyR75IQJp44PrcAF5HXfEK/Vp2m8If4e6pau+3iq+qul353UMtnmY9QR7FW9R2ulHnqBnCoarr60xEiN5cQvMPGqZTmaYv/ADXC3Pb9lDFb5W2X48G2qviF4jnNjhcAOCCqefq26VDyI3kA8bqhZJE0+Ypj6yliOdahgs8lOX5yLSWS5VR8SWRzs/4kzwgz/tJwP1VNU3lzcNp3nZQKi4VcuAZNlaMV3kU+mab5y2U7stcCVDqOpdLiKaPGO6zxcXbkrrnNA5TXDJinrZy6J1ZfKyfmQ7+6gGR7zl7iT7lCOSUnAnhDsMstTOXY/WuF4TdB9P3S0lHhCnNy5Yi854S1n0TtAS0BUogOTGMeXImkpoGO6dkDbKcoi3JnElzISyFSghbmmdTkMzNCYZh6JqiDKaiHLgOSEB9QBtgfqo8s7s4QJCXbeqvYLlcSZKs9sIPjukKG1hzwjsjxvhFGOBLtY1OjbqKUj2RNy53Kg1F2jhOI3gFFgB6iC5ky1w2LdxUerulPCwBjsu+6oKi5VM5wH4BTY6Z7vO45JV4yZ56zc8QJFZX1tS0xw8HvlAjppiQZRj81JjbowMo7sYBO6F1tmey5y/JkeOma3cBHDwBjCZlPa4A5RQqyKd6idJkd9LsZTRATgu3TxI0LomH/AMoTlVgVLUrIhEG9k7AzlD8QFLxB6pqrK/kx9hQ1vAC6ThC8c+iXjn0VfGH/ACYDtXsk5CM/sl43+FU4YKWoh+w3ieyZqyff7oXieyHryr2FS1EX0STpx9Q/VDJO4zsg5PqnKfGA7xHfldGy4kgdeBTuOiXHZIy57Ia6rcAHa/Rw7lcyVwDCerjDAMpuQ3JXMlJJHhA5Y9JJJJksBHELxD6IpICCH7nZUiHUkklAxJJLj/pKhAaYuuOChkgclWyDyduUIAruDM4AA/kvb/hd/ZO6/wCufDul5aLHaj5vFqSQ5zTwQ3um10TseEjNqdZp9FD5NRJRR4rBBPVTNp6eCSSR3Aa3K+hvhZ/ZI6hv+i6daS/wyjIDhAQfHcN8HGfLx7r6T+HXwd6B+FsLJ7RaG1Fybsa+ow6QemkdlrTU+IcNHC6dOiUeZHifJfVVlv8Ap6RbV+/f/T9FR0h0R0n8PaEUfS9sjpMDDpRgyyf8zuSrWScyZ2XHHOTnhRXTZ2AXQhBQWEeRtcrp/JZJt/3COdnOSoxdzsk8nkpv2T4xzyxYiQOUyJstTL4cbTt3wrCjtpqWh8zdI5U2V9NSRfyyC7gYG6IqTwAitVNTjxpWhz8bkpfNtJLIQNtsBBL6qp/vCWD2T2RsiaAAoUccyR7tcg590988MDQDvhDnnzsBsFU1tbHH5pDjCPAKWQ1fXSPOInYCqamUAguxkqLWXV0jg2m7IVPBU1DtUxIyoOjEa6pkme6OnBw3YlS6a2ueQ+flTKWmjhaBoGR3UpGWBipmwjy90ZPOwydgoctxj8R0MDS944HqoQ+S0kkl2D3AkkklAxJJJKEGJJJICAkkl32SZy2kOeyFUOA+yK7AGPVVtdIMeGDuVjts/YcI7mZ691Di57VXxHygkI1wl11BHOENvAXEn99jydWtbY4Q6JokeGnZWrIwGAAYwFFt8GR4zxtwFYHhFGOBcpkKrd4bMhdpWAQF5G5OyDUkOlEfKkucYqcNAR4CTwRpCS85TVwuyc4XUtrAQkkklQ0CkkkoQSemJ6hApIxyow3f+aJk+qSAh1oAGyKOUM8J8eS7KnQMngdIMt22UMZMuBucqZVO0Q7HdRKRp8XJKuUsgxXsnNGBhI8Lq4eEsoBMoz+VJmO6jO5RegzqKhIqsYwJ4Uct35Ug8IHJWe0tLKGuAJGUUktY3CFnJCK4eUBXEkk2cBympybjO2VUgoonWwaqlo7L0G2R6acYCxNipy+pBwt/RNDYAMcLNYex8NViG5ile2NvmKdbcGoJPoo1eMuDhsplri8OJ02Mlw/RZ2ekr/LBJbl0objkoz8OqNOeEODc6j2Shbrq9R4VN4RurSySpCWR6eNlA/EplcdMmjCixgE7pbeQ5xzgkwgacI8IMkgYhtGhv35UikHnGNyUmx5GVR5RpIW+FQZbgHCppCXZLjuriscIra098KjnOQMHlIXZ1buMIr6jHjcqFH5q9oHGQVJm/vHHPCZZoTPc9J9QqsltRlT+9I3IcIoGMDdiwZVpYnZZu3uq2WPGn0AwArq0Q6ackDlZJM79cdqRahjY7fK4Dc5K82v0hLn/AHXoN7nfBZtTDgnK8wu1U4Nec5LgiqWWYvJW4hgz8ml0rj6rrQcDCjNPm3dnlWFO3Lmj1XSguDxre6bkTZn+HRe+EKytGHvPOeVyvGKbA7olnYQxwSrTXpYqVq/sOrnkOwtP0S3z7+ix9ZKfGPdbnoWMGlfKW7kcrj+QliB63xsd1yNFU5DHEehWO6iy6nc47ZyFsat4bFusX1S/RAxoHJXmrHwejuX2M1vQMAgtGMcszlXUZy9RemaUwWJjh5S5oRYSQ5ZbTo0rbBRLRgy0IF3kMVukKkQ5wMhQOpJdNvIA5ys67HSajEzFnGqUykc57qo6kcXVZBPDVeWpmKcu/RZi5vdJWSOec7kLoUPByNY1t4K1hPzTG++FrIYw1jcDsstQNdNWgafpOfyWsYQMYK3KRgpWFkqLzKDUAeyuemG4icSs1dHH59wytZYY9NLkbLNqH9uDbolvtyX9M0EhWE2zBvuq+jac5U2Q/wA44PZca1YPQwXoqLvKA0eYbZVR0ZCKnqLWd9PCNfHkeL5j7KT8NKYOkqqhw8w2afRZrHhCZvNyiegMwH/mVe2UfzwSNsKli2wVf2ZuTkc4K5+pm9jN2OS5b9aMzshAEHJCKOFxLG0FJYCjGBsnobURKRB6SSSYNEkkkoQSSSShB6SYkoQemJ6YoQSSSShBiR2SXC4BQhCuVUykoqiqlOlsUZdlRbJG6mtNLG4AOewykemol3+qi9Yyh1tZQ6dXz88dIW/1ayArSNpDQHOyQAOMJ8CmdT0xPVljWfUFLb9IUVjTkHClD6FAjpxjlAPKRJzyuKEGpJJKAjF3suJw4VrspnkPx7l8a6dIW7G01xBP/mjH/VeonheUfGNxn+IXQ9FjIdU+If1avViQRstK6MNPNkwJJzhBpDm+yN/posf/AFQRjucIFCSb1KQOIAxKmbk8E8cqOwnx5CpHfZR4P+If8ZURGPm7DsiDhCmI2KICMKEOpqcmqEZRVW/U7h/TSh3/ANUp5O6gygHqmqz2po//AN5TfRaKwiLeZjBaamb0jd/kqLppubNTv/qBP7qy6vk8Lpqsf/gIUHpweFZaRpG/hgrZDsEmVoxb6nB4jJ/ZUHTZP8NaSQRklXVylxQVm3FO/wDyVF020myQnuV09PHMjLbLAW8SaaN+OcKggb5G4+6uL0cUkm/KqITgD7L0ekjwcrVP7woJyPuvNPiO4PvvIOIxlelN+ofdeVdauLr7UZOcHC7/AI3/AHDxX1RLGlx+2ZibONKh05P8Qjjxy4KZKdwfcKFTn/3vEBzqC9DYso+dR+2aPebTn5Cnz2jAUuLkfdRLTvQwf/SwpTOFz5rk+m6Z/wClH/8Af0NpnfzpSeNRQLyf9zcUVuzXH3Ue8FvycbSM5eEUVjoDUzarZ1p0wRZH4QoN1l/93zEbEAqW0ksaCQcDAVdfMNt8pJ20ldPTPazyGsl/oTf9jwqsmMt1nJ51FWvT7c1g9lRSAi5zvzsXHC0XTAHzZyvTaRcZPhWvlvc5muwAOVHn5H3CLP8AUEOUjAXWiuDgM2Dzo6bdt9TMBDsDAy1ulI+kbo9ZpHS8DfxEhDgApunpXkYKEWuTOTPElQ94OxcVhPio8igiaPVbZmx1HdYP4oy6qaNpCy6v/bZp8d/+JR55Fscq0tchZMCO6qWevqpdM7S8Lz1Z6qxbk0bOFwmj1qNKwsPHK5bJ9MejklSJsEZwtBy5L43hkGoYHxEEZVTg+ivNnZaRyq2qiDHkAJViyNqlggy9io1Q0YClv7qK7PKWo5NcJMjxgteDwrHI0bFQHtOQQjxSAYB7Kf2YUx7wAcYwo7x6BTHjYEdlGkGQlyRUZZ7GRy+G4YU+F2QDyqsswThTaSVgAiccH1VHR0921pMntOQgzwh4wpDWZ4XHs90DXB2MZRQ1UBjlw0YwhhpIwSrWqhDhqxnZVcjCHeiS2YbKdryNxhOxump2cIXz2DD7WdzgErafDe8eFWuo5n4bIMYKxL36BxlHtVeKGuiqGuIw4ZWez0dvxurlpNRGS9n090FXR01wfaZj5J9wvQ2AtdgDYHbdeL2ivDJLfeqd3lOk/wDUL2iCUVFNFUaceI0FB2j7R42/dWkRrmwPmIA2wsXcof5z/ut9PGHRl5GSFj71TvY5z8bFA3g2amvdBtmYq4scBCo3ywztla7GP3U2oGQobm744QTZx3Hbhm9pJxUUzHHBOldMYCrel6kyNdTnfACujGNWPdSEsnYrW+KkZDrGnBpmSAbnIXh1/gxcXPx6r6QvtuFXQPYWgnBIPuvDeqqACN4EeJInHP2XRpZ436i0u5OSM+B4lD4ZUaABrfDPLeybRT5c6I/cJjJfCuBJOxXY0s8HyHzFGXvJIJa7HBXsPw7vnzVvZTySZfGNJXj8zdwRwtZ8P7mKepfFjPB3+66tc8HitfT8tbkewdRUfz9sM8GPGiGrP2Wo6SuQu1igne7MrB4b/XIVFanCpidG7hwxhM6Qqv4Xe6mySHSxxL2/mmuWTys05m20+6G5udiphj9kJ7duFRkksPBXvZlRZIcduVYPG/GEF8YPdQNPD5KmogJHCqpqXlpAIPZaOWIH8OfzUGam3+lAPrs28nlN2ozbrlJC5vkeS5iz9+oRUQFwb2XpnV1n+aovmImfzITnb0WFc1ssJjcN/RJkjtaW/hM8zqISxxYRuFCOxzhafqC3Gml8QDIdss9UR6RsOVmksM9Hp574rI+mlLiAdsKQ8AjIVVHIWP2GysI5QWKhzjgEeUw8IhHdDyEBYJ2+QmxlwfsioekeiXnawksotoHlzRlTGs25VRRVB1Bhdt2VrGcNz6p0ZJmW2OGHh4CchQo53ViRbHuo8gdGNbBv90bSRyU5pHdLnBSBVk6pqUGCt15qaGqa57iGr0C03qGpiadQJPuvO6ym8TdjRspNsuL6QBridisN9H6PZ+E+obapKNrPVWT6mg85T3jV2WUs1/a9wY5+WnsStGyoGM42K5dtOD6ppPIR1UFKI50TcHO4Wavdp0k1NM3c7uaFqgdWeyiVMPiNIB2KxzgbnPdEzNsrnsb4Uj8jsrxr2vaDqCqLlaTCPmKUfTuQEOjryAGuygwVG9x7LWU6dggYacp8crZm5QyzAKIbKe9FbXUwYfEjGxO4UVh0lW0jMg5VZUwuadQG2VOuTFYv0HiIPdGO7S0u2OxUCGXSQCpcbtWCnVvJksgpIrKumfQyCamZjO5A4cPQoVFI2ObU36JD9P8ASfRaCSKOeIxub9vZZyohfTTubuBnZbang5eor+NZRZz+VwwOQh1LPGjLB3XaTVUwHUcubwU6MtwWuW6DRgsjuRn6mF0Li0sVZUsONlqbhT6gXFoKzdS0iRwP2WlM895Cjbkrn47qJJERuAps8eDkBAcMhMXJ5iUJQliQNjiHBT4icZVa/wAjwVJhl4yTsmJ44F2RyuCwZyCnSDz627FCbnGUU7qpwyKg9rPROiry2embBI8amjByVs4XgnIXiNqqH0VWyoY47EZGdiF67Y6+KugEsZ3A3Cw2wwfWPpXyitr+Kb59GgjPlyiwP3xhR4yD+aJpxgrnWRwz6Lp7HLgsmbjPqn6c8oFFK3Oh3plTGszx3QI6MVlckOSI5BaESE4ABR9II3QdGlxKrBMMKWA4SGD2XWnHZdLCeFMF4BnZO+pLn8k3GPdQpDyMoZi1DCK3zZC6AQrZcokTwy3gbKHcrXTXOndBMBn8J7gq1ezIUbwXA8qjPZUrFiR5deLTVWid0bmFzOWn2USiropX+GRpK9SuNthuMBhlAzjY+i8q6r6budlmNRScNOSMchFv2s4Wt0koLdBFgMsz3HKa52oYxwq+13SOpja17sOx39VOzpzstMJ7kcd88MhVdKJTqxvhVMzXQvAIV+ZQdnDZQq+BshJ0jdEZb6srKK1wa8F2d1CmaW52ypBaYnAcrjmtlbp4ynVzOFq9PG2LjJFU5oe4jCBNRhwyjzh0E522UiFweMrYvuPm2rhLS2uElwUj4HMdjTsptv1xHGdipslI1/AQm07o3fSiUDNKzeiWIw9vso9TSgtyBhSacEAAoj27KThuQlPDMzW07o3bN/dRi0DvhaCsptQ2b2VHU0szH7twsk6v0bqbeUy66a6vruna1j/Fc+I4BBPAXs1j6otvUUQ+XkAlAy5hPP2Xzw4DHm7KbarnW2mqZVUkxaWHjPKySrPdeD+prdNNQuf2H0c5hTdOFj+jviJTXl4orgRHNwCdgStsGhx8pWWUdrPqWk11OtjvqeUR3NQXM9lYGPAzhBdGPRQ2p4IWn3TZIw8YypJjPZB0HJUxgGayipqreyR2MLPXOyhz3NdGDnsR/ktm6POFHmgY9uHMBUTwc7VaKGojtZ5TVW+rt8xfTl2kHIx2V/YuqWACmrwWkbavVXlxsgmBcwgH3WMvFklY3xoc5HIxumwtafJ5i7x8tPLalwbK4WCkujBURaS5wyCO6yFdbZrfMW4Ox/ZNsvVFfaQ2nqNT4wee4C3cbKC/UbaiPS9xbuO63Vag59uljbwuGefh5BDkaOpJIBCm3jp+pppXGAZZyqgZadLhgjst0bNxx7KpVycZIuaaulhx4T8LU2bqmRxEE7sjjzLBQyFmO6PHVEb8H1CfGbQCWD1Kqt9HdYdbY26scgLPuNdapDBM10kQPldyQPRVNq6nqrc8Bzy5notpRXG33qLw5Gs1kdxytVd2QHHJUTQ0lyh06hqVLLS1Nrk8QAli0Vw6ffTu8ejeR3whQVYkHgVTGuHG4WuMjNOleiFQ3aKr/lPOlw9e6sWsD/zVfcung8fNUB0Obvgd1Cgr6umkEc7X+6NzTBipx4kWlZS6Wh4bkd1DbCCNlPgqxK0E+YJstKXHxac7n8PuqxkGdW8rZZG7wVEQcw8hwyCsteehIK9xqbN/Km5w04C2rA0jwatgbJ3BUapoKqE+PRaiBucHGFXxezJZpsI85prtebHUCiu8bgwHAc8f6rT088FZEJIyDkdlZ1MdJeIjTXKnY5wyN275WRrunb1YHGa2yfMU+SQz8TUEs9HG1WkXaRfiNzTlu/smzxQVjBHK0Zx3Cq7R1NHI/wACtYY3jYhwxurtxim4bgncEIHDJy5Kyt4wZyrtdVSHXEPFZ7cqL4TKhu31dweQtU1/huw7ce6j1drpawGSE+FJztslusKF3/OZhtVUUDw0g4zyrikuccrAHOBzzlAqY3QEQ1cQcw7asKFJQ4/mUz8DkDOyW48DWlLlFxVUVFcI9EkLDn2wVn67pmrgJfQgyMG5aTwpNFcpYZRFUAtB2BKv4ZdbA/kEZ5S9iLjbKBgnQvZtIMH7Jugf1Le1NBQ1UZjfCMnus5cel6qIOkov5jOSM7hA6zTVqYy4ZTnB5SDtPfH2QpopYSPFGnUMhDBQ8o2RcZouKe+XCmYI2TOc3tk8K/tvU7HNEdQRkc+6xjXNI3Thlv4kSsEWaWEz0qC4U9WBoeD7ZUnwGygYK8yhqp6d2uKZzT91bUPV89O5rZwSPUI96wYbNFJfibGW2vJ1MCjy07m41NOyHQ9V0c4GXFpKtYK6mqCNJaSfVVhSMU4Trf3IpnUkcnlOyg1FgY/eLcrWS0EUw1sw13qFCmppod8ZA7hU6yoXSi+DG1VlqY84ZkDsq2Shxnxoce63hlaTiRmO2cJjqaKUY0M374SZRN1esf8AUecyUQydLeFEc18J8pXolRZ43Enw2j8lWy9OxzZBDRj2SnUjXVroJmObcKxmxkz6ZCmRXWncwCogAPqFY1HS72vOloxjYhQJbFVR8JU6F6OnV5FS6YSKekmdiGYg+jtlJMDgCWOLsehVBLR1ETiDE4Y7rkVVU0z9TJnAjsSkOg6FXkpF7407CG+GXBI1wYcSRke6rY79Wt2fpcPsjx3mnm8lVAAD3ASZaZ9o21+S/ZPE0Tm5Dxuml7X7BwUQfJPcfCnLQeyXysoHiQzZSpaeZqh5CEu2TMHYp7i7bdQNVXF5nNyPRdjrnBxEjTj7K1S0hy1Nb9ksPOcp5cDyFGFfAU4TwEAiQZQ455HKxMkfynDDm4TTHCBsULW3sUi/0KvBGx5Zulg+qF4jyfMQQu61MuAveExnulv6pviBLxGpieQPkQTUuh5HCb4gXfFb6fuoFkIJnHZNPm3cMoeQu6vdQJpSOg4KM2vrYMGnmLMKPkJviH0VNFxzHouaDq270b8vcyVo/C4LR0fxHpj/APPK1YZwXwjcLBak5rhgjPKTKH6Nen1l2nWEz2yz9adCSNDnSg//AE2LBB+y1lvulrqDqtM9BgjYteDn/ovmphaMjKYJJIzmOV7D6tOFnlRjnJ1tP9QWV8TimfU5kuLhj5ZoH+GRg/1XddUzzOiOR7/+q+Y6O/3+g/7LeKtvsJCtPa/jB1pRMEfzIkA2/mRY2++d1lnBpnTp89RP81g9vmuNWMNJxj/G7/qgOraqT/4iT9V5nT/HO9AYrbTSVB9cYP8Akrij+Odmw35yzOjePqaxoOEpps31+U0s+FLBsDLUO+qZ5+5QJaV0o8z3b+6q4fjD0DUlrp46qFxG48Lb/NWEXxB6BnAxcmMz/WcJLWDWtRp7P6kMdRMdkOccHYpjrJSSY1NyFOj6o6Hn+i+UoJ486eytss5zSXemlHo12VS4DUtK/aK3/Z+2YyacErgtFE07QDZXQML8eG9rs+nCb4cThs9o/NXhsaqaXykVjbbRDYQN/RdZbqeNxkaBkqf8vncfsmeA8H6SphjY1xXSAeGBw0BdDccBSPDdj6T+i4W4HCofGtdpEfHom4KNjfGCnANHZQLCI6aRhTEiDjgqFxyQ/MEtLjwMlGMe5w37LnhzN83g7fdQby0C8Ob/ALvZcEZPDN1IMkoGGxE/mhePVsOWQYUF5aYhSz48sYTfkq4nGrb7IgqbjwIiPyRBLce7ThQYnkG211RG5H5FNNlmdzLJ9g5SfEqQPM85Qg6oJ+shQnHsYOnwT5pJcHnzojemLad5ZZcd/MnDxu8pH5ogg8QYdLj/AMSBovFa9HG9OdOx4c58pI9XbIopbFDjTE049UMw0sfmkqQPuUM3Kyw7S19ICPzKtLAGYJ9pEtklgi3+VZkejVIjvlIwaYaMbcYVK/qjpmn2dXQOI/pCgz/ETpqlyfK/00hRrJb1NNXO9GrN9nA/lU7mj123QxX3KX+7aDlYOr+MVuiOmkt75Pu1VdR8XLu7eio4Ih7jJKtJozT8tRX3LP8Ag9Qkhu07fNsPbZDlpJIowJ6hoHJ34Xj1V8TeqKzy/NCL/k2VLU9Q3euaWVddK9pOcFyvgyWeepX4rJ7hLWdO0hxXXSAHnBduqau+JXTFA8w00T5w3uGgArxwyA8uJXNbDycodpks81KX4LB6ZW/GOOEf+6LYGyHbVIcj9MKmq/id1PUY01DIs/0DCxWG5BBTnzADA3U2syT8nfPtltV3+9VkviVFxlc3+nUoTpnSHL3E59SoZqQEOSs4I2U2sxWa5y/ORN3PZcVa6vl3Aco5rpzycoowyZnrYZLgyMby4ITqmBv41WmpeRgoZcM8pmwGWufos3XAD+6IUZ1wmOQVE1lLV7KfGIlq5yDGskPKYZsjBCEkpsFyucuxJJJK1HADlkSaGklOXRwUwjlgbgLqY5wyua2+qii2BkLkeiZr9k3x24QjMO26JRFO6KDpKOZwDuE01A9EaiLnfFcIk+J7IfiHG4Uf5gjhoQzOXDBCiQmVoc1BG2EMzk8hAJJOVwysHJRqIiV2Ow+srhfnYuCiurIRkZ3Ud1RISdKYo4ET1lce2WJGUx8kcf1EKudLVSHd2Ak2F7z53k5VqLZls10f6SRJc4IxgblRzdZJgRG7ZObSU+fM3JXfCgiP8tiJwM0tW5cMjAVMzsukO6TaGI4MoyVJEoaNmhDLvFPphEq8i53J85Htp6Rg3GD2S1MAw1u3ZMPukjjDAmd79HSd8paiuJJ3xpi3fJiXclcSU+NASscjuSkCT3TklahgFybEAcJml3qiiJ2eMIngj0R4JuZGTzuieGnmLG5CEEi6DnKfo9kTRhO0+6rBeAOj2S0eyJp913w/dRvBE8AdPulp90Ysx3XCMd1WC8sAkiEFcS5MmWMTUVMyhCGpJJIwhJiemKEHrh4XUktrKwGCcXb7bJrUYgcoB25VRjggkk0t91w77IgxxIHdND89kMtLjtlem/Dz+z18RPiK6KW1W5sFHLuKqc6WBOronY8IRfqqNLHffJJHmcrST5RleqfDT+zf198R2x1bKD+H2041VtX5Y8f4f6jtx9vVfVHw8/sw/Dn4cRQXjqepiutyaNmVDv5AI5w08nhekVHUgdD/AA+w2+PwWbatGMenA37rpVaBdyPHeQ+rM5ho1/1f/sYf4ef2e/hl8MYY6l1LHc7qxv8A2qVvkaf8LTn9fZb6ou75T4dG4FR47RVTtE1zkIzuGg8BElqbdbYzHTNGTgHHdb6qlWsJHi9RqbtTPfdJtnGMqn5dPwgyT0tMMd/uoc9zqKh+mN2AuRUYm/mzHjuU3CE5HyTSSn+WcBcjyzzP/MppqGtcYKWB0zv8IVtR2yfSH14bpduGeimETJBip5KqQNiYdJ7q1joaakiMkxGodlyWqjhcYaRpGkd1HLZ6h2SSrKOy1cpGmIYCGGOcQ53KL5Y9nDhMkqGN4AU7JjIQsDWHB4Crqmr0A6uAoVxvfh6mxu4255Kz1TcKiqGlzyAUxQyGoFnX3dxOIXbqnkdV1j8PzhGpqGWZ+23ckq3pqMR7gYRfiFjayBSW4uw57dwrOGLSAMIoY1m52AQ562nYAIxqd6BQgQsDRvsos1xhjf4TA57zxpGUIQ1le8uc4sb2HqptLSwwADTl3qVCEeOGtq3ASHw2hS46KKDGgDPrhSGjHHZdyFCHxwkkkuwe2UsiSTklAt41JJJQgxJJJJICThyU0brpPlJSbmGAqJtODwqWukx4k/oFYVsmNlS3N/8Auzvdcu+WTTp1llK8mWYvI5T2gkJQgHn0R6UB07YyOVhS5ydCTxHBZUkLmwta4dk+V2gbEI7sRtG3ZV9WcbgozNjLG08LXz6nDPdcqn5fpB4RqRp8AO4O+6hvOXk+6g+HIwcpyYnoZDRJJJICxiYnpihBJJJKEGoqSegLbyCHKkwjLQow5UqAZaMKCZdgK7JYAClTR4wfZMlDnzYduOykRHDR5UITWEFXHEAbrqFLg43UBATHzILe6JIcIYOFYbDpJJj+6jeAgb+EMLsvKCAcHdZpvLGYCD6tkR/0hCg3dujSDICKK4KlLANNzggpwOU1pOvTjdVLgOLzyaTptgdO1bYN0tAWc6XpoxE2Qt3K0bjhZbJZPoHjq9tEX+0R6gufKW9grKFrYqNp9QoLWiSUkjlT5SG0wjOxCzw7OvCOOQkTQIMjkp1Js/OOEwv0QAdyEShJLC8t77IbDXBDaqYOqHDHZNhAdI0FBnbqmLs8p8AIeMlAGTZ9oThS7W3VO3PsoVS7DfDPdWdhYXzgkeiRb+OTVpY7rUizur/5Hg5HCpKggADI4U+8P/3jSDsqaoJ23SoG26alMjyeZznZ7KZ0vE11yzjKrqmXw2fdaPo6ljELpy3LyeVLBdMd9qRoqhh2wFo7ZEPlhkYWefuRv3C09uy2BvKxTPQVrBX9WzeDaWxYwQTleY3Ut8IHI3W+66qhgwdydl5tdQ/whv6p1K5OD5S7loqBnWAFZ0YIkZn0KraYZnblW7AAQcLox6PK1vczlbISAzCk2/yxF2OchRKk4e3IUrUYaPW1Zr5YR1NEtsssr3nVO8kr0rodobb847LzHB1l/wDUV6n0W3Tb+Oy4GvszE9b4r8yyuYHht+6xvUwyYR/jH+a1lycXNaAO6ynUWXVtGwc6xlcBvKPR35UeD0e2N8OxQgDHlTKcebOFJgAba4wNhoGEGkGXYwkW9G+EcxRYRjS0BVPVbw2gx65Vq4E6RnCzvVsjnSRxg4BO6zw4YVizHBDpsx2vxBtpYsXX5Ic8fiK29aI6azAZ3kGAFiboNEbey6NPRxtZBqOWO6fg8WoeecAYK0Lh4TS47AKq6TjHhySkZAGCcq5qcfKSuzvhaxdUEqssycrnS1Rc45Jd/qtzZhppmjHosJb/AObOQR9Llv7cNMDG4wUjULgd4/luZc0oGEeb+ooVIOEWocPBPquRb2eipW4xvUNQW+LgLS/DWPFoknLcF78ZWS6g38T3W+6Fh8Hp2JuMZdlZLvwMqWdRk0UX1NC0vT7c6yewWdiHBC1tnY1tHra3BPK5OofGDcnkm6QMY7Lq43OBlPaCDwubN5HD2hPXGnbhdS0CPSSSVjRJJJKEEkkkoQSSSShBJJJKEHEjHKGeUsn1TFTeCHChknKIeEPODlCUyivJbNe7NQk4cZpKlvsY2/8A+wV4ABvkKggLKvryTU4Pgt9AD7h0zsHH/kV80YJGcrVArPAM7J6YnqwgrQNk48JreE0k55UCwI8oKKhKFj0kklABi72XE78KuPZTPHfiYBP8W+jIiPoPiH2Gr/8A1XqLCTnK8t66/wB5+OfTsQ4ZRfof5i9QHBHqtK65MVC/1LP8/wD2OjBI3UW2OD66um50PEY/8oP+qPg+qi2RpDrg496p+P8Awta3/QpUzYiwHKDH9Mv/ADlFPBPsgs4Puoi0MncdBPdFa5waN0CcgHc7IrfpChYdJJIcqAlO7S7qCueN8QwDP/nypjPqCrKbJulxOdwWj/JWce5C0Vhmf69k0dMzgfjIb+pStkQjttM0dom/5IfxEJbZ6aP/ALyqYCPbIUinP8iPGwDQMfkttfYDWSLeX6LTXSekDgq3p7As0H/KpfUUhFirCBywhRLC3/3NT7/hC7GkWeTDc/uwRb7tTEBVcXDfsrDqA4gcFW0TsytGOQvRaaOEmcnUTxMIzZwB9V5V1kR/HajfuvUAT4nPcLynrJ2b7UYP4l2vHf7h4v6qlt00f8lBUfUFAoyf49C0/wBQU+cgvCr6TbqOL7heil0fPN2LIr9s97tBP8Oj9mBS2fSoVn3trD20hS2kFpBHCxWrDPpum/2Yij2afuoF9kLG07OxeFZRDLQVVdQ80v8A9OaEVYGr/wBlkoANAzsqbq1+iyzkHfSVczjDm4We60OLLMM/hK6OnXKZ47yDxpZ/4PEm4kke/uSr/pdv++Hf0WaY7c49Vp+kGOkrHHG2F6bScI+Gal5jI1dSRqAzuo0pILd+4T604qQM+ybNtp9yAuqujhtZNjWkizUze23+SFc3+D09p41lFqQTbKdnfA/yUbqgmK208A2yAgk8ApYRn2bDf0Xn/wAUfpa0ey38jgGtxtkLz74kfzJ2MB5wseslitmjx6xqUzAx8Y9gpERw7KC5pYdm8p7Hb8LgdHrXyXtpqf5oDtgr2duWeXuslSzeGQVq6N/j0zRnf1TlLBy9VFqWSJggkFBqYi5pcBupcrC2UjGy4dLhjhX2DB4WTPuaQTtjdBcwAZByp9dCWF2Gqt3yclAjbVysjXHUeOExnlcCi+H7proiSMbpclkMkCQPbghAc3AJXQC0BEDcjIQNZKXZGIOChB2HZIzgqU8Zzt2UbBB4QfiNhLDLuil8SMOcd1IIyqWkqtBAOwV3C9r2jBVN5O1pb3JbZEWRgIwd1V1lNjfCvnxj0UOoiyMhqzzRptju6KFzS0kYQ3PJcBjCnzQgHhRXx6eyHJldTTBHeMkqPl2dkbjIKHgJFoxZXK9HrfQV7E9mdRyu1OjGW57L3Hoi8vrrS2CQ6nQbfl2Xy10RcpKW4eC3Ba7kL3ToO4SwXMRxnMco3B90DWT6n9NeQd0I7/8AB6wHeI0gjZUt7pg+EkDjKtKadrz4YCZWRGTXHp/NJaPeyh8kMHnsrCDhwwo00WCMD3VvcYdM5DW7D3UAgEFU45ONOrEnFh7DWGjrGknDX7La6dW47rzyQFrg4HBC3lsndU2+F78atIBPqqzg16d/btDuYJGlhHIXj/XNqfS1UutmQ4k/kvZIgARnhY74kUDZYPmHDbTstNdmDD5bS/LS0fPLwyCudjjKDV5inEwGQrO90vhzmVrcAqpqg6SIYGSN11dLafHPLaR/dFlkT4tM2VhyCN06zVb6Sujla/SM4KiWOcTB9M/0yAkSYKotxjdduqW4+fXV53Vs+gekbuKiCM6twACr2/UhpqimvlOMOYQH47heWdD3nAZGXcbL2alMV4tToHDVli0o8hrKfgltNPa6qO4ULKuLdrguv3G4Wb6GrXU/zFlqHHxIXExg/wBC1L2jGyvByrIvcQ3N3OyC5pJUotGeEzACgJDki9d1GkhGk52Vk5gQXRZ4UGRngpailyS3Gx2XmnU1pNvrXAM0h2+ey9blizuG5/NZ7qizfxG3SeXzMBI9UtrJt0122XJ49d6IVVI4EDPIWHrKR8TvDe3BC9GdGQXROB9N1mL9RljtYGyTZXjo9JpNRykjGVEYYeMLsL3DCl10BJzjb7quJMTsYWdrB28qaLHILcqIc5O6LBJlvCbIwoWVjA1CecNRUMjIwlSGDIZiyYE8LQQPbIwODhuFni1urJOFPpZ9OG9lIMXdHJcRkbqQ3bdQ4DkjdTGO24TjE+B2nWMAcIY1McCpAGNgmPYCoLxk6NMgAPKE6kznAwhuc6J7SOFZQOa9oKpxTJJuHMQdJqhP04K0VquxyGzPz7KnfFtsEKOJ7XZxnCy2aXPR3PF/UV+iaUpcG/pq1krRpcCEZ7g9uVjaC6Op/qycdlpqKshqomvjfn1GeFyb9M0z694vy9GvpU4vk7K0OyD3VLX27QdcDfuryaMu47KOTjkLI6zpznmPBSRTviOlw37qWyUSNz6p1fQh2ZYRh3cKrHjwP3JwEGORKsnF4ZPkIac55UWqGRjHK6yoa/k7p0gDhscq3HAbtTRWOaWuUmB3AXJmAZKjNeWu3VxeBEmWzXYA3ylPSw1sOh4wex7gqJFODgFS4ng43wtMZCra96wU2ipt9QWHOn9iESR2S2oiODnzBW1XTiVmSFVviMTiNOQQtFc8nOspwGOKhn5Kgudvk800Yz6j2V3A4Z0nunT0hlbpDsZ7rXCeDn6miM44aMVJHkYPoobo8ZCt7pSyU8py3GDhVkxIGMLVGfB4/W6VxnkiSsJK5FJh+w4Ti86sEIcgwQVN/Jy5L0WUMuRwpAdkbqspJ/OGH9VOOHYwVojJTRmlFxZIacfktR0PfnUtf8rM/wDlvGBkrKNRIZfAcHDn1We2G7g6fjNZLSXKxHu8E5dggbKdEPEGFiekL589S6DJqLMfdbGB42XNtqPunitZHU0q2PTJAzFI0nsrWB7ZGAFwVaWF7fcLtNM6KRrTwVnawegpsbLMswuGMu4RmEPAIPCfgtUbNiXBEPlP3UloGjOQUN8OrfPC5ESDjPCmclKOTjm4Oy5pz2UkNHokQMIXPBHHACPc4PdHIGBhCdHuMIsfAzuhzkHDGeHlCfHtwpmn2Qy1QppMgGM5yotwt8FxpzBO0HbYqzfFncILwWqmJnDPB4v1V0rV2aqdVUbDozlzRwfcIVpurKlgikPnGy9lqrfTXCB8U7BgjnC8i6z6MrenpjdLePEhc46g3srjZtZ5rXaF0N2VrOQr28FDkYC3lVdrvAmAbM7n9QVayDYOG/otMLNxy3h8MrKynyctCgDLSVcSguGC3Cr54N8gJieDm6mrDyiFWU7Z2Egb8qDTyFsgZ6bK0wBkFQK6na14miHOxC10zTPDef0MrIb4+idFhwzkLr4m4BUGlmIwOVPY8uHC2Lo8VyuAeggcIgcM8hI7g7dlHw7KLBQWZjS1VtVB4nlKsYzsQd0KaIHgfuhcMjIT2merKKRjdcY45CgGTSMY3Wle3J4wqqvt5OZom59Qss6f0b6riujmlikEkby1zeCDheldG/FGSkLKe8hz2gBokG+3uvNHgsxtynMfjGQsFlWWd/xnmLfHWqdfX6PqWkrae5U0dXRyCSN7dQLTldc33Xz50z1jdemptdHUSeGSNTCct/Re09N9a2fqKJuJ2wz6RqZnk98JEoYPq3jPqDT+RSiniX6LcRgjdBfF6BTnQ6RkcFCc33Qco9Iv2QHRj0QXMA3wrBzfdR3s91Oy3FPkgSxtI04VZXW+KRhDxzvkK8dEewUZ8DieMqjNbTGfZiLl07C/O2Ce4CzkdTdunaktie4xg5GOCF6lLTA76QcKmuFmhnJJaMHsQjjNxPNeQ8fLdvrO2i/W+80zPGe1kpGHA+qi3npTW51RTdxnAWUudkrqGoMlGXBoORhXth67dTtZQXiJ3lw0SFbK9Q4nHthFrZcikdTSwkiVuCEwjHdej3Cz0F0hEkbG5c0OBbzgrE3ix1NvediWjg+y2Q1CkjnX+PnU+OUV7S4EHUptJc6mkLTG87e6r290QuA5WmFjRi+Np4NxZesHSYiqjqA/q5V1LaYriPmqKQN1DOO2V5cxxDgWnBCvrX1FW0WC2U4HbK1QvxwwZQNOypmo3mCYEFqJLHRV7cSMaHHuEqW4W69RNdLhk2ME+6ZVW6WnHiRuJb2IWmNu4CUcECqt1RQHxad5cz05wu09bK3HGVIgrZqd2JG6m9xypAit1WdWgNc7nGycmgFXkI0Udyi84AeBz3CqvGrLXVGKq80R+l+Nse6kuoKqjkM0DtbfQcqTDcYZW+BVxA52IcMpqki3TJdoivgt9wGpmlrz+Jqr5oa2hkLJ8Sw8A4zspdXajRO+etjtTOXsyiUlxjqR4Mo852DHcFU0mZLdPGS+5GPvPSlPcHOqaNwY93YFUnzF2sOIKyJ0kYOzxzhenTWdhOuA+G/ktPBVXWUzKhvgV1MMcZIyEDgcfVaJS6M/Q3ClrmjQ8Z7juFJdG8eZpyq66dJz0Mja60PJGcuaPRR6S/Ohf4VdG5vbIVNHBv0sq3wi3OiUaJmNcD6hQKmzvg/n0Tg5p5YSrJvhzsEkbgQ4ZBBXQZIjkHIQSgKTnAzsrIKwmCaExytHB2z9lDkbcbY/XE9z4yc6XLUTUlJWtzO0sl7SNVfUUtypMl7W1UHsN0qdQULM9kajvtNORHLmJ/cOVvDMdsA4P7rP1FBRV4zE7w5B2OxBURtTe7Q7zHx4R2O6Wsx7HbIzWUaWrttHVxGOana5riTuNwT6LNXHpOSLVJRP1N50nkK2oOoqSqwyQmN/o5WscgJBxkFC0plqydL4PNZI5YJCyVpa4eoSMpYM45XpFXaqC4M0zwNyfxAYKoLl0bK1pkoZA4DfSUv4maatbGXEjJ/MbHZNDtWdlIqrdVUzi2aJzSPUKOBhLcGjZCUZ9MJE90ZDmk7Kwouoamkdkeb81WjblLT7qKT9gzpjPiSNtQ9bQua0SOLT3C1FJc6WtjGiZjiRxleQ6e6fHV1NI8SQTOaR6FErcMxXePjLmJ7G+np526XMbhV1VapQNVO/8liqbre4QxiOVocR3WktPWdHVAMqCGO75Uc02c+zS20voM+OpphmXj1XGTU7vKXbq5jlpatuWOZID25Qai0Ukp1hulHtUuhbbj2iv0McNTQCCgywsO5YD+SNJbKqny+mn1D+lyAX1cXmng8vtuqdf7DgwDqKKTGY2fmFAqulqGd/iFoaTyAFbsqonHTpx90QnKX8Q5aqcXwzGVHR8rZT4LgWnhVNV0/cGSFnhk47gL0jnukQ3uB+iB1ZNMNfZA8ndR1ULy1zHZCc2omiOdTs+mV6bLaqKclz4mgnnZV1R0zRS50taD9lWw2V+QX9RimXicN0kZx6lPFxLiNQzhX9V0Z+Jn+SqanpiuBxGMgeyW60a4auuXsjuqopB2B9gm6gDklBmtFdTHzgoY+ZaQJWnCH4ofo0x1c/6JE0VTh2RPm3dwq4TuA+lEbUEn6QlOmA5au5dsnCpcd8BOE+eQFFEoxwuCRp7lLlp/0HHXTXZO8b3/dISf4goefdLJQqvA1a2MiZ47jwEjM4bkfuo2pIu24VYKesfphzVkc4XRXRcEkfkoTn4OMLmrPYK1EU9fNdFkK2Ej6075mB2wduqvSR3TNLvVC0SPkrEW3is/C4YXfEadtQVQTIPxFLXJ2JQ7BsfJTfZcZP9S4JHc4wqsTTjcPwEvmqkHOUMoD15OPTRZePONgdvsnNqJXfUVXtrJjsXfsniqB2KRKncPr8jV7JzanHKIyaI7a91WiaI/jC6XxkHD/2SZ6fA+vyFaeS0aY3n6hhSRSU8gGWqh8ZzT5XFJtZURnIdlZp6WT6NsPJ0r8jQi3QY1BoTm0chI0y6R2GOFSMvFSMDCmwXwt0+K7CV/GnHs30a7TT9ltHTVzBmOue38ypLKm/RnLLrL/5yolLe6WXDHOAPqrBssbwHNe0g+6r42jqU3Vz6sf/AHCxX3qqDHh3eTb1dlS4+sOsIxvcg7Cg7HuujA7odpqU5/0zf/csYuuur2O3qmEKa34h9SNALvAJ7+VUnhZ7fsnOhzgYx+SqUGw426hdTZef+0jqAbGOD/yro+I167wQ/oqL5I43S+TwUPxMar9V6kX/AP7Rb1/3EGfsl/7SOoONMAH2VEKPbhI0anxMNanW+mX/AP7RLxpyfD1dxpS/9od2xuB+ioBREkJ8lDgDGyirZP5Wt/Zd/wDtBufo39Ev/aDdOxA/JUHyZ7nC78kfVXKBf8nWv2XrviDeQMMkH6IDuveoDnFSB+SqDRP9QFw0Z41hCqm+iv5WtXssj111ATj5of8AlQndb9QH/wCJH6BQv4a/Vu/n2Xf4bhuS8foiVLFPUa32w7+rr5J9VUQo8nUd6lGDWPx9000gBxgFDfFGz6sIviygJ33L85DJLrdJDk10v/mKhukne4udM4k8nJRZKikacGQAqPJW0zBlsmo+gV/EZp6pf1SGnVnOo5+65l2d3ZQX3CPuCguujMHS3dUqmZbNZWvZOAwnajjGVUOrpiTh2y587ORuco5UmR62stPEameK0DkKsNSTyTlM8Zx7lUq8gPXJ/iWRqsdwl81j0Vdk9yu7+6L4cC3rZsmGt52Ka6pz3KiZPqV3JRKvAp6qb7JBmcheKc4TfEGEA1Mfc4VqAMtV7kStW3Kb4nso3zcAG8iYbhTj8SYqify617JiWSq/+KQZSN0iP07FX8eQXr6yySVV8/K76Tsh/MSn/ibKtgL8hBFv4rRyQuGZvbdVXiye/wCq547vX91NgEvIRfKLA1Iz2wkayED6t/RV3iZ7rniN7hF8TEy8jJE41vOkIRqpj+PZRy844Q/GePwqfExT8g/2ShVOJ3GV3xsjn91C8VxP07LoLvt+auNYmXkc+yV4xK4ZTjHKj+bGTv8AmkC47EFNVS7Fy8jFBDMc9lwzYCaI877rvhNG7hkK/iQh6+PoYak54Cb4zzs1oyi/ycf3QTNbQ7IYp8YievnL2DLa09/KUiyTHmKOJe2E1wBB2UUDPLUSn2wAAzuAnhrQE13K5kpijgS3kcd0juuYKWCi2kzgY7Pqub9yiBpKdo2zhVtz2XkCnMYf0TxGUYsz+H906MStyQDT7robnujBme67owcgqsE+QGI2ld8EeiKCQMJyJPIHyEfwP8f7JeB/j/ZSEkRa5B+CPRIRAHOERJQvBwNAXcBJJQmBJJJKEGpJyShWBh3XPzXTwlgIZPBQzT7rn5pDgrh4VN4Jg6Q3fPP3QSeSunlDSZvA0WvOyYngYSQhjUkk3V7IwhySbq9ktXspgg5JJIAlHGDYZxBc7PbCkxxmQ4aMkr0voD4AdX9bNbVOpxQ0T9xUSjY/YZWivSymzLqdZRo477pJI8uZBNN/dsyvUehP7OnxC65HjRUkdBSjBdPUHSRz9Prx/kvpLpL4Q/DH4Zt8eqzcqtoGDMdWcf0s/NbqlrOrOoiIrDaDQ0X/AHj/ACEg/kt9WgivyPIeQ+qpfjpY4/u//Yw3RP8AZ9+Ffw6p2XK/EXK44GPG8xyPRh+43yvSY+p7/dI47Z0xQmgpyPNIdgR22x9/1U22dB222MFTfKp1ZUu3y85AP2/RXL66OKMRUGI2jbyhbYUKHR5LUam7VS33SbZQwdGx+K6vvNR8xUO3cSdlPkuFFQRCKCFuRt5QAmTiWVxc6U/qq6rMNNGZ6iojja3nUd09RQgdU3CrrDp1aQe2VDdAANUu475Qo7j835aCne/H4uAVZUthq6/Br3uZHzpacKiFeKiniwKWF80mdmtGQp8NluN0PzFY99PGf+Gw4Cs2wW+1NDY2MbgbHuVHddLhOf8Ad2nR2OUABJEdutEQEbhrOw23JQHT1tWdjhqUVE4nxqlwcecHsuVFypqRmI3AlQg4U5Z5pBumTVLIm4BBx7qqqr1NJnBw1Utbe4wNLZCT90ajnstRbLqtu+g7kYVFcLwZCBE/91Wy1k1S/GrIKl0FokkOuSPIRuOB0I45I4ZPVSZaMlWdJaiAHTDdTIaSOmwGtwfRdfVsj2xkod/OC289HY4WQtAA4TXVLI9gd+yGfmJzsdLR+6IynYzcN37os5BB4qaryk6Wf5o8FNFCc6ASPVEaMfknKFBBp4GF1ABOUTI0YzuoQKSMcqMScndJxOdymlzRy4D81CHyKkkkuwe1GpySaoWJJJJDJ4CGLmM7pYBXVmlLJAeMboZIAy44CKeFCrXaYXYO6Rc8rkYuyHUS+LKTnbhUd5lyWwtKs25Hc7KhrJPErR3xlcu2WeDdpoc5ORHQMYU61xtdMXEbgbKGDjsri0QtEJlDcuQpezTc9sQ8wAaTlVjyZH6Ap9Y7AIx2UKkZrqRndRvPQiHCyw8v8imDe5Ve7kqdcXtGmMchQULeR1Y0crpOEgMd007lKmxw9JJJUQYkkkoQSSSShBJJJKEHqTGz+S57uAow3UqYiOg3H1KC59ohtcHuz6qQ0DCixA5GFLHCUyOWRHhRiSSVJPCjeqmcFAJSdkMZTpQS4YXQBhUnlhnR7oj+ExPfwifQxkc8pieeUxIaDQoeEc8IMTTjhGPCsBAzsVymGuqzjY9kn9/snW1p+aGR3Qy6NVEd81E9B6djDKXJarV52Ki2pgbRtwMI8j8YAKxy4PpGkr21JD6duHZUmqBc5wadtkOFulucIhGYtfqUs6EUde7U1p9G4UlgAoy4lQpf7ggcqTMdNuAzhJbHxQBji86j3Ro9nA+6jw/3LfVSIN3BUWw1dgzANPZX9ijDAHEY2WdI11wHK0kP8ukAASLHxg3aJYs3EK4P11ZGcg5VbUjJwpc7tby7KiyDIKGK4Lllt5K24E50Z4K2PSbSyjyRySsVWjXLGz1K9C6fhEdCzblLsHaSP+pknDzvaMfiC18EYZGxoGNgstSgOnYD/UtbnyD2AWOayduuWezB9ZTB91cwjIAWKvEkbWaDzytP1JUeJeZscBY69SfzDstlETyfkrW3LJBpP+0NVqDglVdv3nCs4+Vr9HG065AyapKgAb5UqqfooHM7goLP+0j7pt3lDImx75ecBYdRLKOtQsAIhqDB6kL1jphoitjTjkYXlNJ5pI2d8hev2KAstsXvuvO+Rlties8RHdJHJ25lY33WTvQL+o6OnaMguWvmH++47BZV7NfWVGMZwVxd3B6TUcbf8no78Nt8TeMBDox/Ob6YSq8iLA9ESkA5xvhZpyybq+iY7kLL9R/zKyKL1ctO7gfZZa6ea4M77oV2Vb0Rb7I1tLDTn8IysR1AZGOBB8uOFs7qPEeDzhqxXUDtcjWDnOFvp4RydbLCwaWwUzY7OyZgxq3KLcn+HRye7VKt0QisUAAxkBU/Usro6MBrsajgrSpGecnGoq7I0GpcPVy3dK3SWhYawAuqM49Fu6QHIWbUz4watD/tlzRj1Q6p2AcnAyj0gAacKLcv7vbnK5Nryzv1rbBMx1/dh7h64XpvScJjsdKCMZbleZ3lviTsb/U4Bet2aHwrVSxgYxGD+yyXPCwKivvcidGzOFr7UzTQtWYpmZe37rWUjQ2laAuRqWaYvIQbJ2Amp6wt4HjkkklYIk9MT0A0SSSShBJJJKEEkkkoQYkkkoQSanJqpkOHhRj+JSTwosjtDHPPA3Vw7KZQdOxiS7X24Z1a6tlPn/6XGNvy1LRtz3WZ6HHzFjdc9z8/UzVLT6tc7b/JaNrdPdaY9C4vJxPTE9UNEkkkoQYkknqFt4GJLpGFxQoS6OFxOH0q49kPGupH+N8c7cQP7qlJH/lf/wBV6iG988ryivf4nx0jBH91Sf5NXqbX5GPVaJdGfTJNy/ydTbQ3/c3S/wDezSuP5vKZKcRvd6NJR7SQLbCO5y79SlmoO76T9lHH9y31ypLiACSop32UBI1a7EQIPdSm/SPsoFecQs7/AMxqsG5IG3ZWQMkm6vZLV7KYAKOkGbrdPTx2j/6kKxbzsqy2v11t0djmrP8A961WMTtPvlPrGNcGc6/drp7ZAf8AiVrApVOf5LT7BVnXMviVtqpxz44crOn2iHstkOwEuSp6pl0WKpOOQAh2Zmmzw/8AKFzrLewz5287P/vgn2ja2RZ9F29H0YL/AMyp6h/uD/8AL3VfR48VufRWN+wWYPqq6mOXD2XoNPLKSOLqJZsOnPiHPqF5H1eSb7U5/qXrj3ASb+oXkPVrwb7Uj/Eu143/AHDx31Z/+Gj/AJKNxJduoVIP/rjZ9wpuN1CpCP8AaRnsQvRS6PnbeLYf5Pe7J/8AOeM+yOyXHblRbHIH2XGOEVqxWn0/Tv8A0USo3YGMcKs6hwBSkn/jtU9noqnqU7UX/wC0NUg8MTrJ/wCiyxk7LMdbuzZ5Wg/hK07iNljuunf+7Z8HbSV1dLweM8rLGln/AIPGYTguz2JC2fRZBlzjkLGxgaSR35Ww6KBMgx6f6r0OlPiGo5TL65kCoaAfxhcnB1Rf/TAh1x/39mT3R6gAFuR7rrw5RyJrDNhU4MFM0cYaq/q9xa2CP0AU2IF1JTE7nDVW9Yn+bG0D6GAoGsgMpKg4kh3wMLAdcAy3CPfgLa1k/nhOPwrF9TEGvDneixa3is06NYuTMrcKUMxI0bdwq9pycLSVkDXU5yOyzIGlx+64NkcYPS02qSwS4u2CtBZ6rViErNMJHZWdvl0EO9VcJCdQty4NLVNGC5u+3ZQW5zurGiaJafW7fZQ5m+G84GAU8wp7Xhkepi8RmCOyoJRhxHutP/eDGFSXCmdC4nHflDJ4NFFuHgr2fUEXAIQgCHDKKCCMZS28mwTU9pIQWt0nOVNZEJYduSqBk8AHMDm5CjSxjs3H5qXoLHaHchMkG2cpbBjPDIIBY/bZWdDOSAC5V87MO2XaeUsdv2S2zfp7WpJmib5wCDygzREjOEqCQObgqU5gQtHbhP5EUlTCc8KvqIzjdv7rQ1MILc4VRVR4PCTJZJOJUOa4HcJpacZUx0e/CZjbYLPYhOMEemnnpZ2yxOIc0jcL2vpK7uaKGoZITrIDj6HuvFSBnIK3HSdeamgkpBJh7BqZ9wgPS+B8gtPYoM+oLTU/zY3v+l2MK9niAIOPqXnfQV5/i1gg1HM1KGte7uT/APKF6RA9tfQNc362Df8AJIsz6PtOjv8AlrUjI9RUAgqNTR5XDKzUgLXcL0W6UQraB8pHniGCPVYOqpy2QjShhPPAjU04e5EJzdSvemq5zHGjldsd2qnLcclEhe6CVkrTu05Vvkz1cM3bR+iBd7fHcrfLTvaCcEtTqOobUQMlZuHAFStBzlHF8mmcPlWGfOXWFr+SnkiezcE4+yx0kWpuML2b4nWFzpmzRNA15yvHqiJ0T3xu2LTgrpaeeD5d5/QSpsln2VUExpK4EbAFXN1iHhsqoxkOxkqmuDA1wcNiVb2ycVdtfFJuYwu5ppZR8o8hp3TbuRbdJ3L5apaC7Yr6A+H9wiqQ6ne/625avmGhmMFRhp4Oy9n+Gl7iNRG2R+5AAOeCunW0zzHldNvi5o9HvVLJZrpDdodgHYkx3C2NNKyrp2VERy2RoIUGvt7Ltand3acfn6qB0XcDFDJZqn+9gcdOfRG0eWk02Xj2b+hUeRvCnysB7cqNLHtsEtiiKkRkZXCMORNi1QojvjByopiyCOxUxzd0N8Y7KBRk10eUdZWY0NaahkeGP7gLH3Ol8encMbgZC9yvdpZdKF9PpGvlpK8graSSlqJKaVuHMcWlLZ3NFqeDza4U5Zs5uFR1MfcBbPqKjc0Oc1u2VmKqMhowN1lsWOj0+mu3og08uHYI2Ux2HMCrpAWvG2MKXBJsMpGcm1rKEWgZ3whl2QUaVuUFwwOULKTAEnKJDKWkFNf3Qnk9tkDltYbjlGjpCJGNcDyFNYMDGcqht1XoaA52yu4XB3fKZGeTFZBxeSbF9K6QcrkH0hHwEZlIcsR2OMp9FUaJQ14OFJDBgqLKwMfkBWgW9xbgB4G4P2ThGN9lDop9w3G6sQMjKckZZrDIj4iMaQu0tbPbphNHx+JpOxCkvYDtlR3xjjCzXadTXBs0PkLtDPfS+TV2y7U9xiGDg4xg8golREBuFiPEkpnB0Ti0j0K0Vr6hhqGNhrDoeNg7sVyrtK4n1Lwv1VDWqNN7+8lvcY9iOVBqo9YzhW8lOyUZA9+VAmaYXaHtXPlU0z2MXvRTuhLHZAS8bAwQp0kercBQKqF2QWhDsbJLg452rKjTs22Ce1xbsQuHfKFrADeQEc7mPwVZQTghpByquaPO4CdTS+G4BxJCvOCnLBeCbX5XDlAqqcFoKY1+oNUhj9gtNbAnFTRVvzC/BClRS6wAQn19IXfzWDjkKDFJpIToywYrKschLpQtqKdzsZcFi6mAxyFh2wdlvovMNz+Sq7xZmTsdNC3zDchaoWYOF5HROyLlExTowDsENzT6qbNGY3FpGCOUBzfdN75PLW6ZLohEmJwIGVOp5y7AUaVm2T2QoZND9+Am1S/Zhtr5wXbTgZG+UTlR6aRrm4Rm4xjKe45QmL2stbBdzZ69k4d5M4cF7DQ1TainjqIjqa9ocF4FVF0cZkG+Oy3vw86klcRQTVGqI/SHctPosN6PffSPlXTL+NY+PR6lSVWpwYe6PNHvqCr4Dg5Cs4ZmuAyFisryfW9LenwSqKqcHCJw3VmQHDZUjiWy6w37KfTVeoAOSDpxeSVoKHoIPCltAeBthCcwIH9o6CyDGy6AR2SAwVIa0Y4VBPkBpBCYAWO4Ujj800gOHCsXg617SN2rhYcZxsmtbhykNILRsrBI4Z6oE0QO4CneH7obos+6nAOCvfGW7gKHUwQ1cL6eojD2OGCCrZ8R7qJJFg7BLxkTOvcsM8U646JqrNO642xpMBOS0dlVdP3ttQflqk6SNhn1XvUtHDUxPgqGBzHjBBC8d676BqLPUuutqYfCJ1Oa0Ik9rPLeQ0DpfyVhJI2njdQamPByAo1lvTalgp53Ye3bdWM7NYT1NPpnFe2zgop2FshOeUJw8QaTwp1TESc44ULBb2WiqW1nL1emViaZXSxup5wWnZxVjTSDONkKphMsWQN27hDiJjcNS6VdmUfOPMaH+PLckWbWg8ob2NASjxp5RnN1YwtUWjz+cEXBB2XS3I3RywA408+6eWE+yKMUyJle+LP4UB0OARwrJ8PdAdEcIZwz0NhbtKCuoA86g3Cq5oXMONOFqpYM8Nyq2rote4bhYbaf0bKrv2U7CTndHoa6rtlSyppZSxzTn7oczXQuwAhOlIxtysco8m+i+dE1Ot4Z6/0h8Wo5GNo74DgANEg7L02ndDWwtqKaQSRvGoOB7L5UZJnda3pP4j3npqZrHvM9LwWE749kiyr9H0Xwv1jKuKq1nK/Z77JC5v4UB0Z9FC6d60svVMWqikLJNOSx+x/JW74sb4SHFn0fTamrVwU6ZJpkF0W3CA6Mb5CsCBhRywZ3CrrsY1khGEb7KJNTDGQFaPZjvygPjypj9CpVJooamlB/CMYWXvXTQqQ58ADXc7rdzU+Ts1RpqISD6cEIzk6zx9d0cYPNKW63npx7Y3l+kHkcFbi0X629QR+BK1rZsbg43Ue5WaOp/vW5wsnc+n6q2P8AmqGR7TnlpOyKu1xZw5UW6aW1rMTT33pZgjNRQtw4blo7rIzMfG7Q9pBHYq/sPXDGxMpLsCJR5dXYhaKotFsvMAmia06xs5vZbq79xgu09V8m6+H+jz5rt90UPIGAVKvVhqrZKcguYOCPRVrH5GFsU+DkWVTrf3In01XUQPBY8jBWutXU0jQIqrDmfqsU2THZGZUnG+ybGzAlLJ6IKSnr8y0srQT+EqDJFJTSkYwR+6zdvvE9GfK8kH34Wrorzb7jE1lQQ14GMnZa4X5D2fodBWu+kn8iuT07JxqADXeoXKygcxvjU7tTR2CbT1GRpfthaYSyW8gYquail0SNy07EHghFmoILgPEp/wCXKN2uHcqU6mjnjzhrtu6r9E1BITG92PQnZM3C5w3HY6yropBBcM4OzXqbiGoZ5gHA9wm+JDc4fAqQM9j3BUY0FVbz4lG0yM/E0nsrTyZJUZHSUxpiXQnU08gqoufTVDcWFxiEchHI2yrqKthlOl4LHDkORjEDu3uiMlujhNHmUtBerC8+GDNAD25AU+33mCr/AJcx8N45BW2qKRkrS17Ac+yy906RjkJmpxodzlvKFdnA1nj5ReYDvDa4amEEH0Tcuj2xlvcKmgqau1SmOXMjByrajuVHXbB2l3oUe1NHGsrlW8Aqm0W6vZmPMEw/ENgVWTQVdGPDqovEYNg9ozt7rQSUpA1N49QhlzmjRK0Ob7hLdWQITlF8mUqLTSVXngIY72QYp7ranebVJGPVaea2082ZKc+G/wBlXTtuFMS2phbPF7DJSJ0NPKHfKpcMk2+/0NXiNzvCf3DuFcMbqGqNwf8AYrGyUtBVuLovI/0Oy5E+5WuXxaeR5b7FDHcuwZVJ/ia+eGinb4VXTNdnuRuqOp6NoZ5DJTyhgd2PZHousIciO5URAI3e0K7ikt1c3xLZXMLzvpJwr4fopfLV0zz279LXCiJexmuPsW7qkdHJES2RhB+y9blfWwHTUwiWP0woM1vsl0DgYhE89jtus9tP6NNOukuJHmSa7GMkrY1nQ8hkJp5BpPBWeuVguFC4iSMlo7gLO62dCvU1z9lYH5O42Tg+LkP3TDEWg5BGyB4ZYUEotGnia4LWluNbRSCamqHtPs5XlD1vcIZc1ID2HsskHuYBgZRGVG+4VKU49CJaaEvyR6HR9aUdRJomYWD1VvFWUdW3McrCD2yvLo527AtAUltSAP5c7h9ijjfL+oxX6CP9J6HPbIpfNHsT6KNJb6qFuWkkeizFFe7vAwNhn1tH9XZW9L1VXMIFWxkjPTCbG6L/ACMn8aUOkSdRbtICE8SxTf3bwT3Rob9Z6w+DVM8LPBIXZqC1vy+nqgR3xyrcoegXGS/JDGgkeU5TSJWbvjwlPa7hR+enk8RvZAFZXtcGVNM4e6nYOV6CmVxBBBGEEuDzzhPbX0r8B5wiOjt8rRofue6rCLxJdkN9LBMRrAKFLZqSVuPDx+Ssn2mY+aEoL4rhDs4AhTago2uP4spZ+mqV24GPyVVU9MFoJgd+y1ZmkaPOznlMZPSO+p+AeyXKrPQ+vWWQ9mFlste04YzUAor6esgOHQlejmOkeR4LxkoM9rEnDQUqVTRpjr5f1Hn4kc3AcwjKd4o9FsKixREZkjA98KvqemWOGYx+yBxeB0NZXLhlGJGnkgfmu5B7qY/pupa46XnH2UWS31VM462kgdwgUR/yRfKYNJN/EE8Obj6h+qHCzgZnccSwEgQeF0cq1XnkhzT7JaPZEAGEiBhC4JEzgGRnZLRjsu/iR2sBCiryX2RtOEtKO9mnuhavZT4igOj3TsImClgpU6y8sHg+q4TpHqn6vZdS9hFJsDrOdgkZCeQiFgPKXhgd0udeR0bpR6BhxByHcIzK6rZxKcJpYEIn0SXSmOr11sXwyzpb7VQPBdISPc5VgzqWUOz/AKrOgeu6TthndKlTjo6Nfl9RD2a2PqlwAyApLOrSMeULEGY/0pGocRjCD4jbD6i1EUbxnVkeMGPj0wnf7VU7SP5RK8+Mj/6yl40g31uU+IP/AOJtUuj0QdVUv/dldHVdMN/DJXm5nkH/ABHfqufMSf8AeO/VT4if/E+rPSP9saVpx4JSd1nTYz4BXm/jyf1uS8eT+tytV4J/8T6s9G/20o//AJHJwhSdb0bRkUzs/def/MSf1Fc8d/qUcYQXaFy+pNb/AEyNz/txDnaMgDsUP/b6bUQyijx2OFivGcf/AJiXjv8AVRqHpC//AIh1z7kbN3W1bINoWNCjSdVXKTl4wst8xJ/Ul8xJ/UVW2P6Al53WT4cjRHqO4O5egm4VEpLnyuOfdUfzEn9RXPmHnYuKtQX6FPylz/J5Lo1IJyXb/dL5lvdwCpvGf/Uf1SMjjsSUTgkC/JTZcGqhP/EGUwTDPIwqnBJ5RN8YyqValyLevmy0+ZgH41w1lOB9SqtKdnCN1LBX86ZYG4Q5xqTTXQ9tyq7T7JYHok/HyV/OtLD+If0hCdc58bKInpkauMiZa679hDcqg9/3TTPUOGfE5QtO+cLuCrVf9gXqLJdyYjNUE7ylcMsjhglJNAwVFUB800+xp1OOSm6PVqkCPI4ThTklNVeAZXSfZHDd0QN22COKcnlEbRyHkABTYgVcyNkjgLup/bZS20zBzz910MYN+FNizgt6ua4RD11HAO32XRHId8KaHU/GfywuGRuNmhEqSv5E+0Rg1+UhC484CN4o1fSF0O24TPjSBlfZIaIs87J3gjnP7pur2TNX3/VT40BumxxY1u2F0NA4CaDldQ7ECuR+loGyEdOTslqPv+qbq9kWwPBzJS1Ed13V7JavZTYTk5k5ylkpZPqlk+qnxl8iyUtR4yu6vZLV7KbCuRmn3XQzPdO1eyWr2V7CcnNLRyn4aENPRbUWLS09k7nnsmpwOVTiU8jtIHZdwENy4qwKbeQqSSSpILP6EkkkqCEkkkjCEkmpKFZHJJqb9SpvBMhEkM7cJB47lBvJk4kmZC4SMKygmR6rhIxhBJ35XMlQvA8kZ5XCRhDyfVLJ9VCYEeVxd0ldDHHslODkwxq7gozYCcHCd4bcA4wmKrJcpYI2gp2n3UgxtAxhM8PfdOhSwfkBafdcx7o8dNNL/dtyvT+hf7PnWXVobUV1OLVRu5qKppAx7DO6bCjcxF+uo0sd10sI8q0k8br03oP+z/111oPGNF8hS7ZmmGR34HfhfQ3Rvwd+HXQxZUut77zXsG81Q7yZ9mkFbRrr1fJvlqRoZENi1gwGrVXptryeW1/1Q5ZjpY4/u/8A2MV0n8Ivhl8NYonTxG6VzeDKdWT/AIWf+q3NIzqLql0kNqoPk6duPO8bAHPA/IrR2T4fW6jd83c3SzzEA414wtQZ4qaFtPTxNja30G5W6EVFcHk79TO+TnY22/2Z2z9AWi2tbU3h7Kmp/qIyP0V8+5NiaIaJgja3bIHKizv8Q5JJ/NRX1EcIzqwUZkbbDSCSodrmccepQJ6ikpx/eglBnqaidhiY8Bp74UdlLCd590ZYKprq2paYrfTtdn8Tl2n6Z+ZjEl2cJXenopTJYohopwM+wThHX1mGvy1ihAzX2+2xBjWsbpGBgIDbhcKwn5dnk7FGbQUUADqt+sjgFQqrqBsGYrbCDg4JwoXgltt+f5tVJkn17KLU3SCkcYohq0+iq6murJRrnlIB3IzwqO4X+gpI9T5gXD0RqOQlBs0FTdaiYc6Wqir7rBBk+JqcVTOu1yuY00kZbH6+qkU3Tsk7hJUThxO+D2V7AtmCNUXWtqHFsDMgo9BZ6qpaJpBjPOVd0lrpaVmS0EjujuuFJAAwHLhy0Kui1LAOktUEDNTo8kd8Ij7hHTjQwAngKO6oudY0sBEUPZmcO/NHo7bHTsBd53epVtZDyBzX1zsZEbP6sb/kpdPS+F9R1HjKPsNhsu5CFxwQ6WNxwhYKNrb6prtGDjlWLBjlFDgGoR5XMlQh3VnIwuai3ZcLgOVErblS0URmqpBHG3lx4ULSySpHasBvJWcvfU1PanGCKIV1Wfpp4vM4qqrb5deo6htFYWuip9xJU9vbT+6vbH0vb7QW1JJqKvGHTP3JUGNVr8z5hSSSXYPYjUkklRTeBJJJIH0WpZBtXUg0jkJLMwjhI0nfsqavlOrQ3f1VrMQG5BVC+TXKcjOSsl8vQ+AOaXQwn2VDjVO957q1ucoZAfdVcLS8AkLm2flg6dMcRyFbH5sZWjpIWspWtG2RlUVGzVUNHK0j8Rxg9sI4C7pYeCluLyH4B24RbPGH+I8jcDZQ6qTVKQPVWlMBBbi5g3cCSVGC+sIrKog1JKEfpCdqJ3PJyhu22SpcDq1gaT2SA2wufiTlmm+RrGJJJIixJJJIyCSSSUIJJJJQgRoy4BGrz4dPHH3KCwEvGPVduBc2pDSdgBhDKWBUuZoZEdIGQpAOUNgGAcJ7UGckGng/ZRs4JUkkbhRnDBU9BJZB4yurmQuoYdstrAVNfwnJr+EbCAP5Q3chEfymHkJL7GoLGBgLp2XG8Lshwr9Agy7Y7I9pbrqgQOCo7gNJ37Ky6fi1yMbzkndJmdHx0N+oiv7noVCwMoW7dsoT5DqGykUwxRtHsobnEStaBnKx2M+j1rCSLJjsRNOOcBEe3+QG+6HKNMGlo32R5nARMbjfbKE2QAHkDspFUP8AdQAVH5eFIqPoaPRLGAIuQz1Ck048+FGA/nM+xUiHg/mgkQdTA/P78LUEAUgz6FZuibqqxpGVoqnajaPYpFvJu0v4tlPnOT91Gdh2RlSBx+qjkb7IYvCI3llXvLcI2H1XpdpaG0MY9l5zRxeJc2Y7OXpLAGQxsYMeUJNksmvQ/dlku3R+JUADkOWonPhUznHs3/RUFhj1Vrdsq1v1QIrdMSMYyFlk8s6j/wBts8yuj/FuEzyeVlbw8GUgblaKol1uc48nKyle4/MnJ7Loafo8h5Oaxlew1sJ8XVyrNp0nKiUMLYow8/UUdzsMLlpfRh06wJp/mawO6i3aQvliaG8blSowTuVBq5BLU7D6VzNS+MHWpQa1ZfXxgjbK9qtQDbfDt2Xj1gjDrgzIzuP817LG0NgjDRgaRsvNeQlmOD13hY85IkhzVudj8KzVKBN1jGSPpOy0LsmreAeAs/aGF3Wuk/gwuRDL7O9e8uP+TfVYwAi0WzT7IFXnxw08IsGWtWaxnSgSXkYWVuJJrC/0K0k5IastdJfO847plXZnvItUS7zLH1g+Zu0MGNtW/wCq2E7gGZx2WSt7TN1EzbOHLdWcu1bpYNzVRiCCGJuA0MG35LJdUy/yo4u7jlay7NLWMAO4WJvszJahsTTks5TY9CdRxXgmdORZ0bbrb0gALSsl080NazIWtphkrNqTboY7a0XkDQ2IY7qvuOw+5VjD/dD7KvuC5dh3EvsRk64a62JoH427L2K3MAoacekY/wAl5EGh14p2kZy8L2WnwI2BowA0Y/RYdQDUuSTTDEzG4zkrTRAsYGrPUYBqWDutEFyr3yMCjhdQWgg8oo4WCwYh6SSSsISSSSg0ekkkoQSSSShBJiemKEEkkkoQcSMcoZ5SyfVMQt5IPVT1DUmjsVdWAbwwueN/ZWuQst8QptPTM9OBvWSxUmc/1vATIMCUsE/puhfb+nbZRyBoMVKxuBwNlZrm2cNGGtGAPQLqcRPIxOyE1Nbn1UDCpJJKEGJJJKEEkkkoQSb2Tlz8O6uPZDxWX+f8dquMb+FAG/8A1AXqLQvLKDf433OXnTCP3aF6nr2zhaJcoz6b+r/Iyqdop5Hf4SpFAwsooMHlgVfc5S2imcBw3/VWzRoYxgGwaAgHWZ9HH58E49UGT6QiO3CY/sqBZXXAkQtJ/wC9Zj/zBXDGgBUt42p6cDk1Df8A79XjUyIfsZp911rfMN+66uO+k/ZXhFFBaR/Nr3etU7/JWMXIUC1AYqSO87irCHYg+6ZCWGG+jGdXkydTW+EfgBf/AJq6g+hU1/xP11TNG4bCSR+qugAM4WuvsVHso+tiBYZcHl8f/wB8E+gGLbAP8I/yUfrY4sj25zmSMf8A1QUqkx8nGB2aP8l29H0Y7/zKO9uOkb91Ao93/kp99/1UCk+v8l3tMcK//cYyoJEmfdeP9VOJv1Tnu5ev1Zw4leQ9Uj/33UeuV3PHf7h4/wCrHnTR/wAlY0juVW28/wD1ynfhuVLdnIGVDtR/+uUn/CV6OSPnFkv9SCX7PdemXarQW5U8DflVXSOf4W8H+sq0xzusNvZ9O0rfwoO0YAxuqnqb6aP/AOnhW0X/AGdpVT1N9NF/9Paiq5lgVrP9lkiVxAO/ZZDrjezyH1BWum+k/ZZHrf8A+dD/ALFdenEWeO8r/wDhZ/4PHI86SD2JW06DAdIft/qsY0Y1D3Ww6A2mI75Xc0rzJI+K6iBc3MFtyA4wVNrWjw2HuFFvBAuYJHcI9eSKRpHsuqljg4lnLNbb5GvoI9uAN1T9VyZ0P5yMKZZZRJayR2A3Vf1BqlpGyN/Ad/srJ21kzlaRmMn0WO6mOK1pWurcPpwTy3usp1C0F0D+55Kxa7/bNWm/3EQ/C105GFmq6n8CoJA2K11I0OjIIVHd6Uh5yPzXFsWUdWif3YKlpyFLp3EEAKCNtlIjcAd+yRB4ZqayzV2eq1tEB4UmrhaTlUdsqdBH5q9a8SR5G60pnOti4zZHbkHBCDX03iwnZSCN+E5wyN1UnkkZbXkyTmcjHCYxpzjO32Vlc4BHO4tbhrtwq4NDT6JR0K5bo5HvZwQi0kpY8A8BNZuN0w+2yhGSKtmMzNGyA4ZbnKnQFlRAYnYLsYUF7HQP0OB22UxkBS5AzNJ5Cj7tdkBTXgEDblR3tGBgJU44NFVmCTQVZacFXbHhzQQssx5a8EK7t9WHYaTug7OrpdRGMtsibKzI4VXVw7Z0/uroYkG6h1MOW7DdA0dNy3dFBMzB4UWUHG6tKiPzbBQahmRgJE0Z7Eyvkyw7qx6eubrbXRuJ8pdv9lBlYAeEP6e6zvsGi2Vc1JHvXQ15Nmv+DJ/uVwi1Adg7t/qvd+n6lsMgaXAxygYXyx0Nc47nTxW6SYNqWH+UT3x2Xt/QfUTqgm2VYLaim9TyM8hKksn2b6a8mrKIpvJ6TPF8vUuYRmOUEY+6w9+pTTVbvLgHJC3bj85EJg4FzRuPRUvUtGKqhEjGfzIt/wAknGGevujvhuRgpWbggYCc0ZGyJpEjScboULtBETh3Vs5qWHgvum6oAupHu92rT4BHHCwkEjqaoZMw/SRlbmkqI5oGTNOQ4K4mmD9lD1daG3C2yeTzxjU1fOF/hZFXu0DGTuvquuhEsJGNu4Xz/wDEewfKV8k8UWljyXBbdO8dnmvqXRSvr+SJ5vWxF4bjfCZaJ3wVboseV4IIKkzYI3KrJA5krZGOwWldrT2Y4PjHltHJ5/ZLmc2muAP4crW9N3V9suETw4hkhGPYrJ3AgxxzY3LclXVv/wB/tjJ2HzxbhdSuw8hqqt8HFn1l0Td219vj1P1amgFRL7TTWi7NulMzy5y8DuF558HOrQ/FDO/Dm7blez3GibcqEuHIC0uZ4XUVfDNxD0M7K+ljqYzkOaCuzRZGD2VD0vWOoqiS2znYE6crSSjUQVWcmWUsFZPB5gQNkMbclT5WBw3UGSFwPCgI3T7pafddAwuqEAPZlYDr2xDT8/Tx4IPmx3XopGVFq6OGridDK0ODxjcKnyOpulTJNHztd4GyQOy3crE1cYa7BbwvWOs7HJa697cExuJx6BeaXKHEjjjjKVZDg9foNRGccozNZCQ7U0bfdMZJocApk41gkhVkudfCwzjtZ3YTyie1+pvCHI09k2FwwAjOblqr8im8ER3CGdkUjc4Q/qSpodBoa17o3ANPKv6CsD9LScLPkZ/JdgrHQvyBnHugi3FgW1qawjcwuDmg5CPrx+ao7TW+PEDnKuGDYOWmLycmacJbQ3IQZBlG4CE/lEgBUjtE4zwVchwc3ZUUrixwICs6GUOAGckp0WIsTZIcHZ4TS0nkKRgJEAdk3ZlCkyDNFnkZUKWF34dlaSN1baf3UZ8WeyROtMfXbse5dki09Ry0QFPWhz2jh3fC1IkpqyASsLXNcNjzhYaaDV2Q6a6VtqfpYS5mc47LnXaXnJ73wn1TZXijUvj9mxmgaD5WqvmbqOCMYUi1XemuUQe12CRggncFFqYhg4GfdYZ17T6DRqoaqCnW8op5YAAcKG4Fp3CtZI3NJyOVDnhyMhZZxyOyRxg5BQHxlu4C7IC059E9sjSMYSpIVJ5G0tQ9snhyHYq0a8DdVErMYewbhPp6zzaJCRnhFGRStZctn1ANON1AqqYwyamDLXbp8b8Hc5CkEtlZgpyeOSpveRqeQjDVILs74UKXXDMMDZSIZ2nnlPjIVKKZSX20OkLqmBvfJAWbc0tyxwwV6K8BwGyz15szZA6ogbg8kBaK7MHA8loM/wCpWjKTR5UOZhbg4491YEEEghAlALTsnJ+zzFtXIykrCHgOwFaghzcgjf3WcmDmyghWdLVgtAJ4WiNnGGc+yvD4LIsDmlp3BTKCrfa7mxzTgAhEiIcMgrtRCyePBbhw3B90NkM8jtPZKmasg8NHtHTt3julFHICNQaM7rQ08pGF4p0N1C6mqBRyOxvjGV6/Tvy0OHosko5Psn055NaylNv7i7YBKESIGNwI7KBQ1Ac/STjAVi8h4GFisjhnt9NLcizpZGvaRkBHc0HuqmmeY+/KsY5QQPdINpx7O+V2JxfkEYRCMpgaGqEH6fdIjHddSUIlkDoK6GkIhx6JDB7KF7DozjflLGUklBeATogo74geymocjeN1AHHJBLNB2QpqWGrgfBOwOa8YIIyprm+6D4fuqayZ5VprDPDuvOgqqyVbrpbGExE6iGqot17jljENUdLxtkr6Dq6eCphdTVEQex4wQV4z150DLbJ3XK3MJhduQOyqEcM8r5PQfx38la7K6VjSNQOQRkFQJ2aTkBCtVc45ppjxxlTZ4tQ2GVojI87ZJT4IjXN22CjVEX83W3hHmjLXbJkjsgBbabNrOH5PRx1FLT7FFIRgH/NTYXgjJVW3LX+mFOiGw3IXRhLKyfLr6ZVzcJdok6A4hG8MADy/uhxkDlSmnWPTC1VtGWawRnNHoo8rQBnCmOQXj0RSWQYzwyC5g32UWSIOBVg5mBkoLmeoSJwNMLMFDWUWScNVPUQOjO4WvkiaQcjKqq2jLtg3Cx2Ve0bYX4KHXp2xynMcSUaeke130oOkt5WVxNkLdyJ9Fc622zMqKCYxvBzseV650d8WqevjbQ9RAxvaA1sw4P3Xi+oeqcx/bKVOCZ3fFec1Xi5p1vhej6qwH505x7oLoyPzXh3SvxLuXTYjo5gJqYbafRe02XqOz9Q04mt02SBktdsVnlW0fWfF/UOm8mkk9sv0wrmFD8LIwVMfGAMqPnkYSmsHfIz4Ad8KO+HYjCnHdNc3I2RexM0mVEtMHZ8qq66iy3SRsVozEDnDVHnpA4ZARLsx3af5Vhnn116WgqmEQ4ZIDkHCpoajqHpqTLXvdG3tkkFekVFHg8KrrbeyojMUrQQe6YpbeTg6vxyj99fY60dT2u/0jWVbWiTGlwd6qvvPSLN6m1kb5JbnYrP1/TFdRSmpt7/fDVPs/WNZbniC4xuLRsSQmw1DfBzLKnLixFKTJE90UrC17TgghO1j1C35pLF1RAZImt1EbObscrFXWw1tpe4SNc6MnyuG+yfGzJzr9PKH3xXBHEzgchS4akkgf6quieCAigYPKfC3BjRsbR1IYGCGrBezgOCvNNDcWmSlkaHEfSvOYqktAyFcW+4/LObNFJj1BW2vUJLkbjcaFwq6R5LScBSGVdPVN8ObyuOxJ4QaW90tW3RNgHgkrlRQRvOtp2O+y1127ugWEkopqd2uM5HIKLDWlnkmBCiRTVdIQGv8SP0dupram23EeEHiOXuHbJqsyC0kdqKaGsaHRkNfyHBQxLWUB01bfEYdmuapEkNXRYLBrZ2IRoq2Cpb4Uvld/iR5EzgmcikjnYHscDnsuvgGM8IUttb/AHlM4sPOxXWVckP8upjyPVWL+FMgV9mpatpEkLQfUBZm4dLywEy02fUY2K3zfCmGWOB9igyU3PlRnO1PjK7c49nm8N2rqB/h1DHOYPVW1NcqOsAGoBxV9cLHSVbTriAd6gLJV/T89M9z4MgD0Kkp4PLanxttc9qRb+ACdTCMLmnGQd1Q0t6raEmOWLWPQq3p71b6wBrh4Uh5B2RJqXZglXKAGqs1JVZcGCN/9TRhVVTba6jB0/zYx6crTYBGWkEH0TNWcghC6ylKcezFSStedL26fUEIbWyxvD4H6SP6TjC2UtuopXF74G5PfCqazpzmSjlw7nSUrYMjOMvyB0XVV0owIp9MrB3cMq9p7pYbq0CocKab+oDGVkZYZ6dxZUwkY742Qy1uctS2uCS08J8xZuJaGrhZ4lNMJ4uxacqM57JW+FVw5HG4Wft17raBw8Kclv8ASTsrym6jgrXaLhA3/maErZyZ3VOv8SNX9P0VfBogjjaecgLOVvRUsURdEQ5w7Lbvo53tEtpma8ehKA2tex3g19MY3jbOOVbqTGQ1NtfZ5tJZKqAZfHt9lCfT+GcFq9Wlo6aqB8owVWVlko3s0OjH3wkSo/Rsr8h/znnDmkcnlcYC0ZzythWdLBzS6mcCfQqoqenq6BmvRn2ASZUSRthq6p+ysZUzRnLHKTFc6jYObx7ob6aSMAvYRlDc0Ae6zSrkmMUYWdFmyvi4kxko8NSY3iSKUgjjdUB5wEQSPachxUTcewLKMmupL7X07w8SF7fQ7qzi6miqHaKqHSDtkLCxV9Qzy6shSY6+MH+acZR/K/RmlpIvk2odZp9g7GUF9nieC631TS/+k7LOMq6Z+CJMFFhrnxO1RyEEe6OM89iHTKPEWXJgvdFF5ZS5voDnCY281keG1tO7A21AIUN5q43Zc7WPQqVFfIpHaaiFuD3wjykL+OS/KIw3u3E4ma4ZTmvtFc/EbwHEZ3RJIrRXDw3RtaTwQFFfYaTH8io0O9QUTlgvbFf2JDrcG7QOAz3Qpaa7QM1U9Q047EKKbfdqeXVFPqHY6sgp7aq6wHLoy72VdkUWDFddICHVlPrZ9kQXmIf/AA7wnsv8ZGirhz6ghSmXKxz4GgNP2CrCLcUvyRFkuFJI1pLwD6ELrW0NQNIc0k9gjOt9qq3k00g1H8JKBN08wt1Q1Gh49EMoIKMox6YOSxW6UbNaFX1PSjHf3GCVIdZLi0nFST6blIPvdIfDfE5zRwUqVcX6Hxun3GRUu6VuQJwBjsoFTbqynfofC7bvhagXiuZs+NwP2XHXfLsTRA/cKbBj1E13yZNwli+uMhNbPk4IwVsPmbdM0F8Qz32ChyW6zzvLsYJ7BA4DI6pL8jOam/1D9URpHqrqTp63y/Q5wPZR5emKpm8coI7IFmHY5amp+yCSCCMoOlTZLNcYf+EHBRZKWriGXwOx7bqb8+i1ZF9Mbhq4cY2QzkckpZx3Qbs+hiaZx2M7JNSwPVIuASyJcnUks7ZSyEHZfKG5Ka5dyEs5QhAwcLun3SxyEgVTiGnwcLRglBPKOSMFBI3Q7S8obp90tPulp90tPul7GHkbpH/ylLSP/lK7pP8A8pS0n/5SpsZMiwPVLA9VzQ71S0O9VNhMnNPulp913QUtBU2EydwPVLA9UPS7+n913Q/+n90GGTKO6fdLT7rug9kvBm/oRKLZMoSS78vP/Quinm7twFceGWNSRfBcOQkI8HKYopgylg5gpeZHaAByu7fdEopA54yR8FIA5UjQEtLfRW0V8gPAI4wuafdGwuA4CBx/QHyZGaP8P7paPUImce65q9leC28nPC/w/uuiNo5C7g+qW/qomSTyLw4c5JGU4eE3jCZ5fQJHT6BWmUE1NGwameK3+lM+lOcmKOSOL9jskJZPqVwHK6r2FcjjI48lNJJ7pJKbCmsnMD0XUklYQkkklCCSSSUIJcIympKEGJLo3XcAbFQJvA1JLb1SzjgqZKbwEwUNGDXndN8N3cKk8kzjsGknaD3CcYwFZYNJEwPVLA9VMl9jdPuieH7peIEMuAGVMkwP0j+oJaR/UEDxEvEJUKJWR6pqZknunqAiSXN8ZwuavZQHcgiSSWQhKEkmpKDMiSTElChx4SHC5grgaQhayQYUw6so2g4S8I5QuOC0wHmS3PKlCFoGMLvhN/p/dWQieHnlLwlKxhcAwqSJkEIfVdEOEQjK5j3TVDJQ3Q0JaR6LpwOSu/8Ay4TYVNlocwDt2XXNzjfC1vSHwo6760DJLNZJHU8nFQ7aP9V7T0n/AGZrHbY4avq+7Crn5dTwOw0H79lphRk5mt8tp9EnveX+kfO1qsF4vcxp7RQSVUgxkNHGV690n/ZovVWWVPVdbDb2OGTACfGHt7L6Ms1jsFhpmUditMNMxgwC0ZcfuVZRWW53Bw8KlOCn/Co9nltV9R22xcalt/8AUxPSfw26L6KjY61Wlj6lo3nldqLj67jlatja2sd5GF4zthbG2/D14Y19ycwAjOx4WjhislngEVPEC8d0cK0jz1187+bJNv8AuY609CVtTpfXBsLDvkrVw0FrssYbC0asbu9UOrvE0uGReVo4VY973u1PeTlNxgTkm1Ne1xxFwob53ObkjhAlaBhNZqdkAcphR19Q4kjCjEnOSpAhcXcIvgQsaDJsoQiBzzgMjT46GolGXNw0o0tXS02zBqd2VdU3Opl2LtLfRGWk2WMbaKjB8RuXfdQau6yOy2DYdlU3O+2u2w+NcKvT6ZWKuXxF+bJpumKOeqmJ2c0bBElkZCqUja1tx8A6qufACyV169oaV5ZQ/wA1w2w1VtP0x1Zf3ibqCq+XjcM+Gx2/5rUWrpGy2lgdDStdIPxOGVfQbhs7M61vVXUWJNXy8Z53VxbOkaSnaH1Q8Z/Pm33Vw+upqPLC0AAYwFFNwmqDikblGpFbmuiYGQUjA1rGtHsAFHmr44xiEFzj2C7HSVNU3NU4gfZS4aaKIaQwHHqERaZWxtuFY4F2I4x77qdFb6dgDizLvVSMN7bJbY5QAPkY1oa7ZGzlvKCeUsn1UKcWh5JzsUslcSULR3JSyUMkDkpEgDJOAoQemveGKsul+pLcx0ktS1jWdysDcOrbx1RXG39OwStzzUHZgHt6qDY1vtmrvvXFotuqBrnTVA28NnKobdZL71Uz5++mSCld9NKH8/8AN+ys+neg6K24rbtirrnbue7cD8lqYg1ow3YBQN7URKSkgoKdlLTQiONgwAFLjO2McJPDdvMuNLW/i/ZQW+T5PTUk5dY9kNSSSS5gsSSSSEo6QEIjn3SBOeSmOO+M4SJyGkatmEUDi5254VNGwuBcTypd0fl7Yj90LaNo2XNullmuuGUiluzyXCEIULRoQ5pHTV51djhSA3TnZYu5ZOnWsRwSLVGX1OSMq3rpAyIhRLJFuZSNgu3Z5aMD8W6bBGNycrcFeB4kmTvkqxrnGKmZGzYFu6iW1viVTQRsEW7lzZQzOytjJfkseiGCNPKA47kJEnI3XDys9hojg4kkklBCSSSUIJJJJGQSSSShBi6OVxJQjWSXRAGcZ4G6BJmerc55yAVJov8AjO9IyobHebKWxS/LBKAA2C4/6Sk36Qk/6SqICc45IzshHhEf9RQzwrfCGdAHEjujRoJByjRHG5SUi5SydXHcLq47hG3hFojv5XByuu5XByksaHHCHOSMIg4Qp+yoUNkzjlX3S7AZo/ZUZI4J5Wn6XgPiMP3VTO54WG7VI2rQBSNx6KDHpkrWMIU4nFPhQqXzVrSOyx2n0Bdk+UeZrfddqiRJo7DC4/epiHunVf8A2kqkaoDGYM7Go1Ud8eijQ/8Ab8IlTvO4JY06wZeCOyKx2RhCpRlxJ7BPbwT7pcyixszQ6ocT6K1ushjpxg+yrLI0mYn1CsLvvCATykPk6NHFLyVbX6m8coejGU5rdPdMqXFkLiDvhU+hbeANlHi3TGOHL0MN4GeAsD0nH4lcXHdb5p0Enn2WaZt8esV5/ZddPR6arVjsl1jLotMpG26kWFoMbpSNyMBVfX8mm1hgO7ikxjmR0LZ7KJM89kyW5z2WbqTmrK0FU/w6Y/ZZokumJcdyV0qo7UeJ10nJIsYSfDxlGzmMRd0CIgN32RR5pm+gG6ObwgKMqWAuQ1mcbgKodkzvee5VnJnS4KtYf5m3quVqZHVq/JIu+mWn+INGO4XsjB/Jj9mBeSdKtzdYsBeuD+7b/wAq8zr5YltPbeJhtryVjP8AtUuewVL04zxusp3kcK6jBNVN9lUdHtMnWFaMfQ3K5iljo6c8ynFG0qP+0I8IAaMIFR/fo8XGEi1cnVhwcq3Yj2HZZOvdiZreS5aur/u1j69knz7M5Ppj0TaVkz3jKshsJJ22KznTbBNf9WPpdkK+vOW0EhHbP+ShdEQNNRJORlxbstieDnSWbUi9vb8SFuNgvPrk/NwfgLd3uTMrhhYCZ+uulJ3ynRMmseJbTV2QAMix6LU031LL2T6IvstTStJcMeqyaro62iX2IvYt4QPZVdwB9PVW8P8AcgeyrLgB6d1yLHlnV/pwZumYXX2nBH4gvXoM+EwkfhC8npAP47Bt+IL12Bo8BmNvKFlveAauyXa26q2Mei0qoLM0Cryd8BaJcTUzyzQkMTsj1TU0E5WGTb7IngKkuArqsIckkkmjRJJJKEEkkkoQSSSShBJJJKEGph3T0xAQ4CT3WR63cJ7t0zbQdXjXHxnN9WxsLsrXrG3QGo6/tbQcihoKipI9nPawp8BMpYNUkuA5XUwESemJ6g0YkkkoGJJJJQgkkxJQgk1+2E5Nl2H5K49kPFrWdXxoux/+gs//AHV6mvKbEc/F+5uJ/wCCM/8AmavVsha88cmXSy3bv8kS4YNKWH8bmN/+qCucZYM84VRWDW6nZjmdn7bq2PJ9ikmljH7EBAeint+aE9VHsorrqQTSNPeob/mrkHDnfdUV1J+ZoGjvOCrwnDnfdGQIhu+k/ZEUarBMJARkRWWsEQPJHMrz/wDVFTqf6h91FoMfLMI9XZ/8xUqnOHZPqrj2MZiK7LuvXb50wFXwz3VFgy9c104xpiYGrQNIduAttfoUlgzPXBP8LiHrUsH7hS4TiJoA2ACh9euAttOwbk1Mf+YUpjMQt/5Qu3ojmX2feUl94/NQaL6/yU2+/T+ahUX1Z9QvQULGDj3/AJsbV7OK8f6uz/HagjYFev1uxyV5F1aCy7yOI+rcLteN/wBw8Z9Vf/hFL9MpHdvZQ7MCb+Xe2FMleAQCFEsLgb2dl6ZvJ81k/wDUg/7ntnSUmaOSI9lbkbHdZ7pc48VnHlCvBnfdc25NTZ9U0ElPTRJcA/kNCqOqdmUf/wBPCtqc/wAlg7qp6sB+WpSP+/CKriWQNZ/tMkynMefZZDrj/wCdj/YFa0uHgt37LIdcPAtzx7Fdip8njfK//hZ/4PI3A+EZccuI5Wq+Hsmqs2OwWRqXkUmAPxFaP4aSaqxzfUrraOWJo+NaiOVg1N/3uDCNt0ap1OtoJ3KBfiPnWE+qLIf/AHb+a7mcnEtWJF505If4S8bcKNdCH2+RhO4XOlpc0xh91yvGW1Dc9lTAeODNy4dRvz2WWvJ8RkZHY4WlJ/3eRvrlZysjJbpPYrFq1mOB9C5yCoN2gZUO9w5ZkBGojiVqkXKH+QCB3XIkuDdW9ssmKmYWvxhP4DSpVbEGvGyAzhZZLazoxeUSKaYscCtJb5BJGCDnbKyg2cCFaW+rMMrRnDTsUyuWRF0M8mgkjHYfuhnhFjlaWjblNc4acJ8llGF8Mr6+ISs043G6ztTGWPwVq5Whx3VFdYSJdTRsgybNPN9EOIk7FEcxRGvLXcKVnICWzZKOAlO4xO1DupNXB48QnYN8bqG1TqKUPBicdirQmcSta/YjHC45hcMcKVWQNhl1NGMoTwC37IJxyXCRCkj09l2jndFIHHsiPbkkqM5noEt8GqEsPLNHSV0NQMA6XDsVIe0Obys3SSCN4OcK+gqo3sGg5PdCdfT35I9TTA8BVdRDpGSNlfPb4gwq6shOCAMZSZLJrlHcjPVQIeMBRicYVpVQ77t/dV0jdJzhZpxMs1tZcWGtkt9TDVxO0ujeDkL2213YNmo+oKZ2A8BsoH7r5/op8S6HbA8L0zoG8CZxslQ8aZGksJPBS2j2P035KNUvifs+o+nLjHWUwcxwPiMBG6nTQhwwR7FebfDW9imnfaapx8RhIYT6L0qRzn4I2SZrJ9k0F8dRSjzy7UTrbcpGY/lyElvtlQJGhrg4LadT2/5ulE8bfPHuseGl7cdxyhfAm6vbYxrS5/utH03W+U0znbjcLNwu0zeE7uptLOaaobID33QxllgxkboO1NwQvP8A4j2Vk1E+URZ7ggLc0s4mha8b5CgdR0j6y1yxRjJAzhaISwwNVD5a3E+UbvSupagtxgZKqnNW864tJhc57Wb5yPZYlzeN106bHE+Oea0eyxpgwS5ulxyB6qb01X/K1jqOQ/y5N2qKW7E5UBz3QVLZWndpByuvVPcj5/rKlFuKPRLRcpenLyysZnwy4E4X1T0deoLxaoaiN4cHsBO6+TgWXK0snYcua3delfA3rJ0czrHVy7tOGAnsti5PG+V00pQ3xXKPWupqJ1JVR3CnGA05OFfWypbX0bJmnfAynzQx1UJjlAIcMKkskz7XcJbdM7yE+X7dkw8znjJfOZgnZRZIw4EZVgRnfPKCWb8IwU8lVIxzDnTslp2BVhPCHMIA3UA+U4KhYihkHlHTMBQvOOTMdW2AXmkcWMAlDf1Xz3faGSkqZYZW4c1xaV9UPYDyvG/it0yaeWS6QR+V/wBQA7qmsnW8ZqvjltZ4jUwlm2FWzR6TkDCvqyMEZ9QquaEuG6x3QPZUzyiEM6gQVJDwW4UWTLHHAXYSR35WbGDU1uCuAySoxbud1LzkIB5Qsi4A4yCgEHKOuhoPZANT9Co6uaklEjD7EditbbK5tZEAHZI7Z4WMkbjjsjW2vlppgQ7H+quFm3hmfUaZyjviegtS0+6iUdSKiFsnOQpYOU5PJy2muwckYd2yUqV5gmaXbNJRVGqGkEEJieBTWS9jkDhkd0RVVuqskRO/VW7XgBaIv0Z5xaGEDCEWc7Iy4QOcI3H9ETwyHJD7KJUQasZCsyMnhBfEClyr3DN5RPjmpJfFppCw8kAq8tvVUb9MFfGWu4DxwVFnpcj6VWz0bwCWtyViv02eDt+M83qNC0k/tNtI2ORoc3B2VfNEW52WbpL1cLW1rJ2Oez1C0dLc6K4MADwHdwdly7NPtZ9L0HnaNXDKfJBmYC44Cj6XNCuKinYBlo7KvmiJyFisi0dpS3rJGDwSQgyw53SlaY3ghJtQQAC1Z12Kkw1LVFjhHKd+xVjDMBgHCo5Rq3CfBUSRgNcc4T4TwTdgvZmNlGQN1XMldFP4bsD7o9JVtI8wTqqnZVML2DDgnqSKyS2O1MBTJGZHqqulrXQy+DO4jsMlWrCC0EHKNSwDnfwzM3uzc1FM33IWYLSCclekSx6hg7rMXqztDjLC3B5WiFmDgeR8dn76zKzxg7gKNTTPik4yrB4DsgjhQqmn0jjlM+T2jy9tL6LiiqxK0bjCnMcCFlqKqdBhhzv3V3BUgsGVprmpx5Mri4j/ABHUlcKiE4I3K9U6H6p/iMfyk0mS0bZO49l5XIA79FIsFwfarkyZrsNd5Sl2RwdzwPk3otVHc8RZ9BQyaXA4VtSyiUNbqGfRZay3KO50rJGHzaRnBVvTSOp5WyZJA7LDZDcfcdBrYWxU4Phl0WOYQ4BS6V+rGThCglZOzPchNw6J+QNj2WOSwzuxeVn0WrN0ntJwhUs+RghSDuNgqCBjlEHCZjBTxwoQ6klgruCoNGYKcnYC4AcqCsHMHlMR8be6YQc8KEwgD25xug6fdSyMoZZnuoJlHJFewHGRlRaujhrIHQVEYc14wQd1Yub7oTm+6jRnsrUlhnhXW/RFTZKt1fQxkwk52HCz1FXasMnfv2X0bU0VPXQPpqmMPY4YOQvGOu+iKix1Lq6ghL4HEkho4RQWHyeP8n4t1P5KkUr2Nc3LRkKvI0lEoa/J8Kc7Hgok7W5OkLQspHmbX6IsowwuHZGpZC/AzwhP8wLcIUMrqeYHHldsVv09v9LPD+f0G+T1EOy3bwixS4OPVDY5rhsVyRrhu3lbos8ZKOeGTdBIBxlBewdwgQVZjIbIefdSxIJRlqYnkXKOOSJIz0CjuB22U9zfZBez2RBxf6ILm+6jvha5T3M43QXNxjdLktw3cVdRRB444VRV0ZZkgLVPYCMYUOSkDwVnlTno102bTJua9pwVzJHKuqu3gHIbjZVdRE5rsYWWcMG6NiYxzi7lTLZfLnZp2zUE2kg53JwoRBCY92CMBJaTNVN9lFisreGj3foz4o2y8QtpLyTS1DQG+Id2P/6LbPa36mnbK+VWSHkc9luuk/ijcrII6O4sFTSM2De7Qs04Z6Po/hPq2Lap1nD/AGe2ae+Vwt2QrRe7XfaYVNulD2OaCW5yW+ylubzuluOD3tV0L4Kyt5RFLRndDc0EYUg8pirIbSZAmgD/AMKg1FF6K7EYIOVHki3OyvIidKkZ2amLeB+6o7l0/FVl0jGgOPIWyqKcO4aoU9HjGFaWTmX6RS6POpKa52SUS0b5GY7A7LUWjq63XOMUd4iEcmNJc4ZaVMq6AyjJAWYuvTD5iZaSQNdzgo1JwONdpZLhdFxeeiGPaK2yyNOrfA+krKPbJBI6GZhY9pwWlHt3UnUvTM2ibVNAMDQ7fC11PWWDrOLSY2RVQGT2dlPhd+zm2aRLiPZiSCcEIkcpjIGMq3vHTlVaXaXsL2jcOA2wqggErQpJmKUZV/kiZDUZwCrug6gdTsbFUN1s4zzhZgZGMHhEE+AMrRGyUOgMnoDHQVMQlhdlrhnZRqmjgf5i3S71bsVlKS41FK/MMpHt2Wgt96jrP5UxDH+vqtVWohLtgyjkm0txq6DyO/nMPZymwSWu7ZwfAl7hQyGbl2yjS0QefEiJY/sW7LUrgMFu6lraLJY7xWdsHKH/ABCB/kniLT7hV9PdLjbyBLmWMfmrSG6WG8Dw3uZFL3zsmxuzwVkF4LD56eTB9Mp/zksPlmZqHqnSWOdp1QS5YdwcqKX1EDvDqI9TR3Iymp5B7JzJIKgeQjJ7FcntjZG50DdR200co8Smk0u9EWOqrKfyyMLgPVX2KnXGXZQXXpmOoBIj0u9QslXWWppHEljsDgr1KK4Us50vGh3cFFqKOlqItMkDXNPsqzg5Wr8XXYuDyKK61dA4NJL2+h7K3gvMErWmRuglaK4dG0dS4+G7TnsQsldek7pbyXNb40Q4LfRHGeTgajxdkOi2FRFKAYnh3snElZEVE9G8ZD43D12U+l6heXASnI9CrWDlWUSi+jQSRRTMLJYw4e4VTU2GB5JheWe3IVhT19PMMh4BPYo4IPBBV/FnkGErIdGSq7VW0jtWjWz1aozarw8NcCPuFt8Z2IUCts9JVgkxhrj3CTOvAS1OeJspaW6zU5D4ahzfzV5B1LTVTWw3GJr87au6pqnpqeNpfBJqx+HhVM1NPE7SQ5pHql4aD212co3Tra2VgntdWHbZ0EqM+Sqp/LXUjmj1wslTXWuonDTI4Ads7LQ0PW0UoEFwiD2nbdXjIM9NOPKRYM+Xnx4RaTzjKZLCQNwpDaSx17fFoJ3QyO3wHYGUGanvlMd2CaMfiA3UlHJmcZQfJWy2ynfqLoxvvwqmosFPKTgYWjE8ZGJgGuTRE2Q+XZIlUn0OjqZw6MZVdOyM3jGFAktdUzOWLfvgP04QXU+Ru0BIlpjVXrrPZ566nfGcFpC6ABnIyttU2uCXGYwoFRYIHNzENJWeWma6NEdVGX5GabtnCIypeNgpktlqWkloyPsor6OqZsY8hB8bQxWQfTHCsqAfqH2UhlY44BCrzG5pwQUvEI/CUvLTGyipFxHWBo3wixVWT9Th+apGv+4/NPFSRjYovkyKdCZp4q7AH8w/qjMrRn6icLNxVbsA5RBWOHcpkLBU6MdGld8jUgOkibn7KLJZaWUl8bg3KrYq8Nxl35KYy4R6QS79ExSyJlCcOhptFRC/VTyEY4IKC511ieW+I849FYR1+fKHIwq2u3cxpVkTf9SK2K51cZ0yPfspAvLuHOJUowUsuH4bk8oD7ZTucS1+PyQ4Jmv2hMuUUmzmNH5IbzQynJjAJ5wmvtrw7DP1QJKaaM4LSq76I9vpkj5WhI7DKabZTgZZMNuFGLy0cFITuKFpPsvD7TJBpZs6ozwmA17O5wEP5qcHaRdFZOOX5QOGQkn7C/NVbdnHPql84OJI8+qH823u3ddEzCd27KlBILldHTJaX/3lMMj2SNJY52gloZn2Tc0D9y3BTDTUrjlsuApsj7JiTecjn9PWaceSow7so7ukQ8fyJg4KR8o3tKntFQw+V7tu4Kv4ofom62PUirk6RuDTiNwcOyjv6aukXLAVfGauYP7x2Puux3CujORIglTF9BfyLV2zMy2a5RfVAUB1FWM+qFw/JbMXaqP1sa7HsifxYOwJKZrh9gh+ANaya4ZhXRPacOBBHsm6RnfC3nztteDroW/+UJn/ALhfkut4/RX/ABwo69R7jkw2keoQnRnnC3xoenJW5LGx57Y3QP8AZvpybcVUn6oXQH/xGD4cWYcMz3XNLf6ltn9JWc/3Va8fcoEnRtM7+7r4sn1KX8Qf8yt85Mjo9CkGnlan/Yeud/cVlK4f82EGXoq8MG7oHD1DlTqyEtTW/ZnTGBjG6To+MFWs3St2iyTGD9jlRJLPdozvQyffCH4WMjbCXsi6WjZcLRpyEQ0NY36oXD8knQPDd2nP2VfGM3peyPjfCe0NxwueGc8EJ4YcIHDALsOeX0Xcn1XdJz9KWAoolqeTpye6cD2Sx65/RD29FSrfYzKCHZdXN/Vc55KpQZOBY/w/uu8dlzbsl+eEarkwZvAwHC7yn6m+qWpvqr2ZAGlpKWD6IuAlgKtrJyCw7+n90sO/p/dF0+y55fUfqr2k5GafddxthPyPUJZHqFEsE5QzB7FLHon5SyPVWC5pAwNR5RDGAM4Sw7+kp5BKPOAt8QScu+G4nhPFNUncRqwd6BpIwo6kn6EQW6od+FQpWR9kLOU/I9VLbaKj0RBZjyW4PqoV80P2Vy5qb6qwNA0HS7b804UlMOeyHBPlT6K4b8JYPoVY4pBgNIBCbqiBB2wouSKxsgCJ3onCF3cKb49M0YzuhmsZwGI9pe9/ojCA5wU8Ure+/wCa46o9GpnjEq9iZWXIkfL0wG7Ql4VG3ducoBd6lN8h7pLQTi2SNbAcNGy4XNH4VH1gb5TfmdsYVE2thHyAHGEKR4xnI+yC+bJzhCcT6qp59DVAIZiCuGYnsuYKWkoORnCO6yuZKL4Tj2XW0jid9kSi2TgDgndPAOVKZSbAlv7orKUDBA/dFhipzUSM1pA3CK1p1BSAxoGMJuj2TVHIrfkQDdKGeUTwjz/ql4OeQrxzgDDY08KMQ7Km+H7JCEZV7BilgieE7+n910RHO4U4RMAxhcIaNwFWwnyEbwz6JCMk8IusDbSu+IP6UDWAd7GinyM4/dLQ0en6rvibEeqBglw3VBdoLpHolpC6OF1DgDLycSXUkcYORcXuQxzfdNLM90Q5xstT0l8Meu+tS02Dp6onjdxLjDP1TY05FW2xqW6ckkZIt2zldpaesrJRT0dJJM93AaF9OdFf2PZn+HW9cX6NjSMuoqTLnfYuz/ovb+kvhH0p0ixtN09ZIqYAY8d+HzH/AMa010ts4Op+pdLRLZV9z/8AI+TOkf7N3WF8Y259QSQWWjaN3VGS/fP4dv8ANe39HfBzobpZ4FHY2XetZxJUjy/+EHK9vg6RoIniSRodjjIVxHS0kAzFCA7GMrRGtRPM6/zeo1vDeF/bg88penr3cpDFVYggGNLGgAAfktBRdDUUBDqgh/2V3UztjOrb8lEmucxGmI4RqODlKbkSKe02a3efwW6h/UMosl2pYRiFu49AqeVtXVEFxynMpvDGp2yY1hFNkqe51NRtqcG/dR3ZJy7ddDmsGNK54moYxyrjEs4SB3QXvLj5RwlKO5KGaiKEYJyUWGQK6MvxhLxIYR53Yx2UOWrkd/dnCg1VTHRtM9XMGMHJccK1EJRb6LKW46fLAVDNXUS5LzkH9Flbl8QrZBmK10U1xmbw2Lg/mqmRnXXVDdNTL/Cqd+4bC7EgHoSjSDVT/qeDR3vrXp6yhzKi4xOnb/w2nJWVm606o6lYWdL2vw2cfMT8Y9grO19B2m1uMtRGKyV25dUec59d1dARUwxDFpzzgqw8xhzFmQovh9U1kravqe6SVh5MTnHS32C1Vvt1ttMQjpKeKJrfRoBXZaskY4Qh4kuzSVAXZKXZInukEQ2yXKEamtrDpiHlUqO0ibzTDZSozT0zdOwwoW5siR2l0ml9WeFMZBBSgCJoCbJWAnZyG6QyYIUB7CyVJAw0cobZDk/9U3T7rqIMNkpZKCkoBF45CpJFwBwU10jQMqEyFTS8diCVHmqAME7BYvqH4jWugc6C0yOqatnDWFQONcp9GxrqtlOzU86T2C886j+JMLZTbLc51ROdmtZ6qJFZOsusJRNeZ5KGn7xuOHH2IW0sHSVo6dj/AN3ga+V3L3DJKho2qtfdyzHWrou8dRztuHU1S6Om5FKHnJ+4XodrttDaKMUdDCGxsOQMIhaCdk5qgDnJ8HXOJPK5kriSgjPOTuSlkriSg0+Uk5NTl1T2A1JJJCAJJJcPCAgMcpkxIxhd/Eo9aR4ZWW3hDksvBVSu8Wt8xyAmVzxFFr9AnQj+a5/OFDukuIMZ9VzLn9m9nQqW5oqIPPVF5GMqY4gd+VFp25Or0UprSXALNXwtxqlLai8tkWim3GMqvuT3OqCHcDgK5jYGW874KzdS8ySEk7rQ8Rxgy18z3k+1Nx/Owote90lS8k8HAU6ib4dE5/GFWSEucXk8lVJYQ2H3TYE8hcPK73+y4eVlsNKOJJJJZYkkklCDEkkkZBJJJKEEijbYoY5Tz9J+yGUsFPomQkMoZqju7LAoEY4Uxx8K1xjG734UeMAfkhz7FrlhWfSEM/SUVDf9JVZLisMCeUxPPKYhseAmcwF0cpJDlUQJ2Qnd0UfShO7obAwB5TxymHlPHKWMYQcIc/ARBwhzbgKAx7BvGXBbTpePLmYHb1WOAIdutp0kDqb9lUz0fgl/r5NPIMMOSoluy+vO3BUupHkO6jWYg1TjjOVksPbr8sEyba4MA9U+fepdhMk/+eIThvXOB4QmlcEan/7eUerI8c7oMA/94n7pVZPzDlAg9Mca/siNH8jfuSo0OdJ3/CVMP9xF/wAqzzHRjkuLDHwSOy7dpHGQt7BGtQ8Omc4DfTsq2umcZfN33Wd/kzeuK0gT/pGSgV5/kOx6IkpyQo1c4eAc+ij6EW9Fh0XGXT6vTlbePzrI9ENAgmkxv2PotdStLzgcrNM6uhWKEai0M8Ombtysx1/VAvjpO43Wttrf91YVgOtpfFu5GfpbhLr/ACD1stlDRkrm7FPys/C7xJwCPdXd2H8jlUlIP55XRj0eL1E8zUSwzg7I9N6nso2zdyVKpdhqUuf24G6aO6YyscWwuxsSFW0wOecqbcnnwwBtuotCMz/kuPf2deqC+RYNP0c3/wB6Nz2wvVwf5TfsvLekW/8AvVq9TxiIf8q87r/9w9v4pf6RXwYNTKfZVnRbdPUtwnHoWqdSP/nTOPZQeg/Pc7nLjP8AMK52MHSWHYjXTjMmrCLGckIbnajnGEWFvmCVLlnQksAq4lrD9lk5na7jrzyFrrhjwjj+krHRf/PBydVHAm7sBemj+Hy/YrvQdLpppJyPwofUBDaF26sukGFluOBy1aEsmDH+uQOpp3NZI5hAOCsRGNUuonJI3Wm6pmIZKMcZWWoiS8/YJyWEc7Vfdbg2lnbhkX2WroACc+iy9qOY4h6LYUEbQwe/K5+plxg7WhWY4LRu0QHsqyt7/dWg/uwqus5P3XKkdT0UtIP/AH/Tj1cF63gCMAdgvMaKNgvdNluSXBeoaXYGyRqOSq1gmWT/ALUfstAqKx7VR+yuzyuDqHtlgacSSSWeTTIdB7Ig4QxyiDhCGdTk1OTENEkkkrIJJJJQgkkklCDUkkkBBiSSShBLGWt/z3XV+qGgD5Knp6Jw5zkeI/8Ady2RcAMk8LC/DdxmF/uhGr568Tlrv6mxnwx/94nwM9nZsm78Lq4CDkhdTCkdbyESRuMJsQBeM8Ik3Oyg4EOF1cHC6oGMSSSUIMSSSUIJMnIEZPOxTyRwgTf3TjnsVceyHiXTzifi5diBxB/0XqrHk4XlXS2HfFq8f/SQPzXqcI8xC0S6Mmi/q/yPkwaimB/7wn/6kqxd33UBoHzzA4fQwuCmN82+pAbGsjH8oT0RyG9UUVtwIdcrewHOJCT+hV08EHdUUrD/AB+lbyCwvWgqyBCSB3RgnBuOcpswBieD/SUwcBNn/uX/APKf8kzBeCFbc/JjPqcfqVJiOHZHqgUAxQQe7f8AUo4OEUHyGYmky7qW6PBziTH+S0EfZZ+zDxbldpv66ogH7BXQBAxlbYegGZnrskx07e3zMf8AmFZj+6b/AMoVZ1x/2WkPf5ln+as2/wB2z7Lt6RYWTjX/AJlBf/o/NQ7fjQw/dSL/AP3ZPuFEtv0s+xXoKeUmcq9/6mBXbZuR6LyjrhobeI8d4wSvVrru3C8r66BF3iP/ANCC7Hjf9w8f9VL/AOTZla04mxxsovT7j/HT90W4HE3PIUXp9w/jhPuvTRWT5fKWJQ/ye09MuHzT2f1MWhPKyvTh/wB/afVi1p5WHUrFh9T8U/8A5dBYRkjfhVfVm1LTYGcShWcIy4Kt6oA+RaT2cENT+7A/WxzSxocfBZvyFkutyTQEZ52WsZ/2dn/KP8lkuuMfIt/+mBdivs8T5XjTSPJa4aWSADADsYV18MZR/EwCRvlU91OmSaJo4cXI3QMpbfWjOBhdPSv70fItSsTaN/1GdNRqxnfYo5I/hwyeyD1E3yRuP9WE0nVa3b9l24s8/csSLHpOUO1AncFGuAOKgA8hVnSziK4tzsQrSpP86QY5RvoQ1tMw0eVzOScrP1hJlc0jhX8eBXSA8KjryG1LvdYdQ8xyaKSsidpmbgd1aVIBp844VZMA2Q42VjE4SUw1b7Llvk1t4M1cGgyEegVYAQSr+6Q6fMBuqN3lJwMLNdE20y3RyMPIUqB2lwIwour2XA7Bylxe1jnHcjT0VRrAGQpjvYrN0FYWHzK+p6qOVoDStUZrBitraY9+2xVbXNBYdQyVauII2UGo52CklklcsMzk2IpAMKRGMtQ7hATJrC5AcADKWzf+SyFzjIXYZHRP15XHsOA5cfwMKims8FtIxlVAHEZyFXOaWOLT2RKKsLGaHcItVFn+Y0bEZV4yJf2SwQSzBG6jyM23UrRvunPiKVKLNEZFacsIwplFU6Dgt5Q5Yf8AD+6CTo2HdKeUaKrXHlGhpalrxuAlUxh7cgKpo6gsIz3VvFK2Vgyo0dOi928MpquDS7Ab29VU1cZzwtPVxNPDc7Knqof8H7rPOORs45XBUNYWuB9FdWm5OpahtQ07t7jsqxzDqxjC5TudFKNX0u2SWsEon8Fis9o99tt18eChv1K/D2Bolx39SvdLJc4rrbIKuMglzRq37r5T6DvB0vtc78tcCG57L2X4bdQGiqXWepflrvpyUiSyfZPpvy0LFHc+z06ZoeMEbHYrB3Wkdb7k8H6JDkLfOOMY3yqXqG2iupjKwYexJsR7W+vfHcjG1kIGJmbEc4RWHLQc5JCdT/7wx8Txhzdio0WpjzA8nLDge4Skc9RaNV09UuewxOdwr1oDsjGQsTb6l1LVscCdLvKVs4XgNDj3T4SwNis8M8p+JlhETpHtj8r8vC8QuFM6mnLCNjuF9X9WWpt1tkgDQXtBLV83dVWx8M8kT24cwnsujVPJ8/8AqXQqL3IzONcbmjkqtnGrLe/CsqcaJcuGexUe707KWcFg+tdWiXB8t8lpVGWUX3RleJKOW3PPnbkgeqnB1Taapt6oJHRy0pBcGnGVjLdXOt1wjqW8ZGoeoW7dIIa+HxiH0dyaAfYldOqS9nktVXh59M+peg+pqfqnp2luMLwXOYNY91Ou9u8cipi2kbvkL56+EnVA6G6yksVdUuFDctog47NeDt/mvpjaWMEHLXDYpuUeJ1+l/i3cP7XyhlprDUQBj3Zc3ZTHRjsVTBrrfWhwOGSHP2Ku2OD2hw7phzwT4w7uq2tg04lYOdiFcEZQywO2O6gRRtd6hPSqo/l5yzGx3Cc1ocM5UIMIyqq+WmC6UMtPNGHBwOMq58P3TXs43UDhNwllHyd1ZZpLLdZqORhDQ4ln2WXqG+XYL6L+MHSMd1trK+hhHzUJJIaNy1fPU4wcHkJVqyj3PjtTDUVLb2VU0WXZIQ8aeVMlaC5RZYztgLDOLOvCSQmpjkh3Tn8JRcuyMmp55Qzwg6DXDEcYKjYDTkbboxymoJfsci0tF3fSPEcjssOy1sM8c8YkjOQV548HkFXtku4jAhe7Bb6902FmODn6nSv84mvBymTNy1NhfraHA7EbIycmc5prshxSOhlBwrqGcvaFV1DASC0J1vqzFN4bk6GRcopl20Lq6xwcMtTlsiuBWAeAhlueykIeAphEBGJqjPhG+2FNLduUPwzk78pdkNyJ10U1XT54G2OFUSw1FITNATzkgLTyRau2VFqaYluA1Y7dPuNem1M6ZKUGNtXUTahjaaqGmTGASeVaBrZRkceqyVTRuY7XG3BAylR3qupJQ2pBDCcNPZcy/SntfE/UDl/p3vBoqmkycgKBPCWKbT3GOqY0Yy7vvsU6eIFocByuTZXteD11epjZ+LyVRkLTgjlNec4LThGngOcgbKMfJ9Wf1S39g7dkI2pdE4bqzo7nCQMndUxwdnFNDdsg79kSsKUsMvbjQsrIvHgxqAzsolDcXwPFNUZzwCUa33NjI/DlzkbJXCijq2GWMYf/AJrRGWeyp55lFlp9YG4UaeIO3xlVFDdJaOQUtXkjOGuKu2vbI0OYcgpyfBFNSRlb3ZMF1VTNx3c0f5rOTtLxjGML0eaMY33Cy96tgjcJ4G7OOCPRHFnF8loF/uVoyU0Ja4EDGFIpasghpHCfOxp2AUSSIxu1BOhNx6PNW1clzHOHAbp5weFU0tQM4KsI36htun/JvMyjhm06P6jkodMT5DgHBB9F65QyNrIWTRuBDwDt2XzrHK+J2thwV6f0P1RinZBJLkjbBKRLGD6L9M+YaS01h6ZQ1zaerEMow3sVdeScam8dlQFrKmn1RkZeMgqytlW1oFPKcHsT6rFZHLPqOi1SX2TZYQeWUNO2VPaAFDfGSQWjCPTyE7EcJLWDp8dhSMpw5Tk5jNSheMHABhdwF0jBwV1n1BQI4Gk7gJ+hvongDC4oXg5gYx2TXNbpOyekoWRSDlcUktbg7KOQcqCnyCcMhRyDk7KYQcIJZufL+6gucACj1tLHWU76aVrXMeMHIyphZgZyhE6u3CtdmaytNYZ4f1t0HPY6l1bSMLoHHJAHCzTJCW4PphfR1dR09fTupqlgc1wxv2Xi/WXRdRY6p9RTsLqd5yMdk6LPC+X8U6c21/iZgjAJUaTkHHCkt7oUjdtlprltPF6yv5IOP7DUdTuGlWTfMBhZ8amSAgq5oqkaRkLp0z3I+c6/TOibCvp2PBLm79lENRNSSBzmYYThWeMIU0LJWGN4yCnnNUucPoNHJFUxB8bh7j0QpGDCqpKeptsnjwuLo/xNU+krIqxgcw4zyD2KMLZjldDXnB4QnKa+LvjlCcz2UxktP0RSzHdD0BSyzPdC0+6BrI1NkCogDhsFUVVJk5AWhezKjSQB3ZKlXk0V2uJlp4TH+HCi6c8rQVVLrzhqq5qd0ZxhYrK3E6FdqkiEBhdD8nhF0HBQJGHbCztDpfcWVrv9zsc7ai3T6SDnBOy9j6K+KlsvzmW25gUlaGgN1O8sp9vf2XhKexxaMjlLlDJ3/F+d1HjWoptx/TPqsuB3HCaRjuvCOj/ihc+ntFJcGCqo27Y7tHsvYrF1TZ+o4RNbZ9QxktOxCVKto+neL+oNJ5JKMJYl+mWRBQnDsVJI74QjygUXk7zeFyR5Ix6ZQHQ69+MKc5urumBuO6dGIixZKuelDhgNVdPQhrsrQBoOx7qNNAH9se6mMmKyvJlbhbYahuiWMbhZGv6dqqWU1NvmfG4bgtJC9MqKAO3AVfPbyOAFTX6OfdpvaMhZ/iFcraRRX+m+apx5S5wyQFoJ7bYuo4fm7DUMY476T6+mFU3ax080hdjBcNxhURttxs83zNtncwg58p2P5IVc4Pk51tUU8TXBOrrbW22Tw6uAsB4djYqI4jI3CvrZ8SaeVoouqaVhx5WyGPOFOrOlLbeIhW2KtjcXjIDXbfotUdVGSwc6ej3P/TMqHHGQeF1srs8ldrKGstshirIXMIOMkbFCDwQnRtT6MzjtWH2W1HeZqchsrzIwdid1d01yhqGjwZfyKxj885TY55InamPLT90+vUNPkU0snoDZWuGHtBQX0FI93iCMA+oVHb+oI3BsVSMEbaleMflocx2QeFrrsUugAsFxvFrdlj/mIP8Au3bkfZWtL1DZ7gPDrP8Ad5Dt5gqsS7jUFyeCiq2YliGr1A3WtWOGAMl5La9vHoZmvadxpOUBlbV0rtFZCJY+ONwqOL+KWx2uhqS9gP0Eq3p+qqSVohvFKYnHbVjZPhbF9gyltJXytquPmb5XemcEIM1DdaJuuEvfGOO5CM+3R1DBU0Mgc07gsO4T2V11oGgD+YzuHb7Isp9ASakRobk1/wDLnbocO+FI/lyt8pa4fqisrbHc/wCXKwRTHnbG6DPYjF/NopiDzseVYLSawyqunT1FcAS6BmfYYWUuPRUg1OpTpx2IW2FZNGTFUt0uG2SOU8v8VuQcooLLObqfH12PK4PJKihudC7S+J+B3AXae7VVOdi4/mvUJ2R5LXxsd9xlUtb0nbKuQzGIRk86dgU7GODi3eKeftKGg6gjcQ2oz7q2ZUU8rQ6OVpB91TV/SNbE4vox4jPvuFVyUlXTO0StkYfzQYOZb45x9Gv2cMg7Jj6SnnaRLE12e+N1m6W8VVL5XHW0dj2VhT9QxPfpnjLR6hC4pmP4Zw/EVV0zDM4mJ4bn1VFX9O1NMSdGodi1bOKphnaHRyAg+6JjI3CGVWQ4W2w7Z5y2SvonZie4aexVxb+ublTkR1uJIxtgrRz2qhndqfA3J7gKouPSIc0yUrgc9il7Wg1dVY8WInw37p+6NAnc2F7vyU11oY6ISUUwcDwWnKwdX07X0o1iI/kEGju94tLwYZ34ad2EnCDLRJ6WqXNbNy+kuFKPEqYHOZ6t3QxPE/Hb7hVNF8RJw8Nq2tc07FpWihvVjucA8QMbnkYwQrjtn0zNKE6u0yMY2ObkHKEYRn0Vgy2QStLrfUnHo47KHLT1cEmJo8j1AUlUKcsgTStIORso7rfA7YsU0TQ7N1HKKGBzctbz7pTqXsZG1x6KWSy07gcNUN3T7SSRHstH4Y7BNOR2QTog+kNjqZr2Y2awVDJCGcehUKa31Mbi18Z27rfH3ahvijk2dG0j7JD0y9D465rswQjLNiMJO+63MlsoX4zA3PfZVtV01BI4ujOAeyF6eXodDWRz9xmA7b1Sa9zc4BVxJ0rUNyYicfdQ5LDXMBJaSB7oPjcexvzVz6Ax1crNgThSG3QbB0Z/VQ3000RxIwjCCXHBGChyxmyMlwXkVyYRu0qSy4Ru2x+6zTXbYDiPzTg9wOS5x/NVkW6EzWR1gO6IakOG7VlWVczdmn90dtfNndyJSwLen/RotNG/zOjGTyuGgpJxhhDDzyqeOv4yjC4t91MoFVSRIfap2k6SHDsVGlpaiMeZiPHXOduHEI7biQMFoKspuS7KdzHtJDmkLpkDeQrllTC44MbRn1CbLT2+XJLQCfQoWskV2O0UzS0nsmNdoOQ7Cs32immOIpvDPqgy9O1QbmKpid+aXNSfQ6N0CM2pl7uCf85JGQSchBlst2jOS0OxxgqPLTXJn97TSY+yptoPMJ9Fi24t/E1O/iEXduFTZkjAMrXDO+4TDWROOnJCHe/0X8UHyaD5ynDNWQfZOjlhmGzh9lnmvzuHp4c4jIduFcbfQLoXo0BEI5eP1TPDYdshZ/xnsJw4/qnCoqGn+9KN2pFfAzQ+DGe4XPBZ6gKlbV1A/GNlwXacbEZQqzID08m+C6NOc7PP6pCB39X7qmF2l75ThdndwUfBfwSXoumte05DiPzXfElA2lP6qk/ix9Cui5kdyl7ki/gmi5+arA7ImyB6qQLnVadJcD91n/4qfddF1P8ASSplMp0TZd/NnO7Iz/4Qk6enOz4Iz/4QqX+Kj3XDcGk8n9VUlguNM4lzm3d6aM/+EJuLaQR8vH/5Qqf59p7pnzLf6ygaTC2S9suDT207/Ls/8qXy1uP/AAW/oqf5pv8AWUhVDs8qlFItxcu2W5pbdgjwh+gQTb7f2aP0VeZz/Uf1QfGkzyf1RJxSwivj/wD1mWv8OoB2b+iX8OoM8N/RVXjSf1u/VLxn/wBZ/VCkk8k2S9SZZfw+g/pb+iX8OoDtpb+irfFd/WV3xXf1lHlfot1z/wCZk51qoCc5H6Ln8KoPUfkFB8V39ZS8V/8AUf1Q9kcJr+pk7+EUH/eP/VL+EUH/AHj/ANVB8V/9R/VLxX/1H9VWEDtn/wAzJ38KoB+J/wCq6LbQjbSP0UDx5PU/ql48nqf1UwibZ/8AMyx/hlD/AEj9EhbKEb4H6KB40nqf1SE0nqf1Uwi1CT7kyx+Socf3bf0QvlKHJ8jf0UHxHf1lD1SOP94VIRyMUWlgt2sp2jSGtwP8K45tL3a3b2VUXPH4ym5kP4yjcEi2mWRdSA/3bf0TvmYWjYBVjAT+I7JxBx9RVbEXtZNNZGOB+yGawdjhQX8rvl9FWMBbMks1zwD/ADEF9ZIRjxMhR0sBTgNQwONU/vumunLhhMyEi4BVwEojHZJzhc1EjCTpA38KjeISfpQZDUUgxZnfK75PUfqmGR2Pp5Q3RvPqqcmi3tDbf1BMMwwduFxsDz2/dPFITyrTcisYAmd2dgl47u7VIFJk5xuiNpWhBtZN+1kIiQ74XAx2dxhWjadoGNAS8EDgKbA3YVpgc7GGIjaI8lWPhNbjYLrmDACYoA/KQRSD0RY6UNOQpOD6p2n3V7EgHOXsCIm4wAu+GBwEbf0XBqPCL7Yrgjk2hmAOyROU0yN7peJGlPCFtNiBz2Twwe36oBqYRtq3QzWDGyLAeGTNLfULhLB3yoTqh3ouh5cM5VZQSgSPFA4wkZvsoespayryTYiSZyhmYnbCahtUyy1HAUnO64h7ruHYyr2sDb7QZJcbknGFpOmfh51p1jKIOnOnqyte7jw2ZB/NFGDYNlkKluskkv7mfS3PC+lOjf7FXV1e6Oo6xucFsgcMlkTRJIPbfYH8ivcujv7M3wp6NbFJJaP4tMzl9WdQcfUt4/QBMVJwtV9SaKiWyH3P+x8OdOfDnrjq3bp3pqtruN4o8t343XtfR/8AYz6orS2brO6Q21rhkwRsErx98nGf1X2HFHb6BohoKOKmia3DY42gABckmaPzTYVY4OFqvqTVXR2U4iv/ADPJukP7Nnww6LMdQ20/xKrZxNVYcP8Ay8f5L0mnpIYY2wU8TIo2jDWsbgAfZSXu7nsoktYIRknC0KrBwbb7r1m2bbJAg0jJ4G66ahrRhhVZNdycjX2VfLW1LuDhPjDBlxguZbmGH+Yf3UKpubpBiEqA1s0g1SuynMaGnhWGEEs0j8vdnKO1obvtuoxeGcDlcy55BAJUwQkvnfHtHshCWV5y53C4SGjLlFnu9HBw8Z9ii2svGSwJ7koD62FoIa/zKhrOoGniTDVUVF+cSBRjXIeBnlEoDFHJqqiscAXOOwVFX9R0NI0yPmBcOACql1uv14cJKqpdBGfwtdjKnUvTFup3Ne9nivHd26Yol9EGTqPqK6fyLLQ+Fn/jSt2CbD0bWVj2y9QXeaszuYtR0j2C0cZjiboYcD0UWpuRDtERwB3UGKbXR2ltFptQaKOjjZjggbostSMbYUBtVPMSSc4TmRSvI8QaQoSS3Lk5PVtBAc8hMzNLjQwuBUkUcRw6XGy5LXU1O3Qx26gvGAUdCXEOnbjCK+ejpxhnIUOStnmOGnYprIHuOp4xlQhIfcS46Ye6Gdcm7gnthaPwhSBGAMYRJZJkjsiJARGtwikYXMhUMQ4bLqSSoYMSXcbauB6qluHVVuonmCHNZUHYRQ+Y5UBUXLouZd8EOCyvUHXVss7TBC11dV50iGDff3PZBqLP1R1RmK7Sfw+ieciOI6ZcehI4VvaumLVYmBlFAzVjDpCMvd9z3UGLbX2smPNl616zLZbxUMt9Cd/AYPMR6EgrU2Lo+wWd3jRUEbpwMeI4ZP7q3xjYbLrdu6hUtRu4SwdfjVsFzKSSgPfIkkxJQsSSSShBJJJKEPlVOSTV0p59HrxJJJIQRiaTldPC6lyeAsjTs059FVXOcshOO6s5d8YKzl1k8SdkGTgO/VY9VLETTTHMg8AaIQ4dxlUV4ld4oYDtyrt5DY2jONlna14lqSW5wNlzrnmtQOhQuQ1K0CIH1yptFHrqG7cKPTtIhbsrO1xHWZiNggrWEkS3iOSbWTeFSloGFnWuLpFbXqqYyMR/iKqacFzgUyUucA0r7dxbB/h2/wC5VSeCM7lWVa8Mo2M91VkZHKlk3jAdKwnIR2TF1y4scnlmkYnpieqKQkkklCxiSSSMgkkklCD1z1XUsZ29SgISK86YqeEcDzobdxlPuBBkjb/SwBMbsFT6FQ6ydQkkR/0lToZ0ATUR/wBRQ0mz0UJOTU5SPRB54QXd0Y8ILu6trI0AeU8cph5TxylBMIOE1+xC60gjZMlOMFQGPY52DhbzpKMCAvLe2xXn7gcgcL0rpaIC1Rk8lBbLB6j6ejuuZYVZIYfsotgJMmTySj1jtIfk8DZBsDc+f1JWafPR7KPM0Tn/APzxCdxVEoRGu4ZRXf35QmhgKd2a9yVZ/f8A5odF/wBuefdEq96jA5yoSI9m36KWN4Y/sojFPhjMgjjaCVmsNtPZd0flpx22VTW4dUZB4Ks5HiKINA4GFRyEunIJ7pEezTLoe45DfZQbs4tix6hTmt4VbeneUfZDOW1CrvwZquh4cW4uIxklay3xaqgDGyzfSbA20txtly1VmH+8grK55OzpliuOP0aKkk8KMRkcLzPqiQy3qd3YDAXpLiGxud2AK8uu0onrZZAfxEfuqq/IR5aW2tIz13diE5Kqbf55CewUi/PeXFgdgAKNado8HddKPR4y2e67BLndggKfRgOgbvg8KtqCCVZtaGxsa3YYSr+uDXpE08sh3Lbyjsh0DcEnG6dWY8Z2TsnUQGMhcq7s69H5ml6R/wDnq37L1KTaD/wn/JeW9IEG7N/Jeo1BxGW+y87r/wDcPceK/wBopoHY8c4/CSo/w5dqluDyOXndEaQIpz/gch/DX/slc7G5lIyufLo6Ef8AcRsH7b+i7T7nC4d2hOpuVnecnRBV5zE7/lKx8QxWv9lr6/aF5/wlZKgw8yPI82o7rVW8Iz3dkPqIE0ZAO6venovCs8eRglu/6KivpIbE0jkrS28AWxmBjyJ67M8Y7rWzD9VSeSXb1VFaGh0hJ9ArHqqTM2hrti7dQ7M06nELR/ScPUS3WvBrbV9bR6YW4o2gNZj0/wBFh7U7VKB7rc0owxn2XK1XB6Lx/wDtko/Sq6qHl9sqxP0qvq/7l2OVzpHR9EG3YN9pv+YL1bA0j7Lym2Ai80zjxqC9YDTp/JZ9RwXHskWkAPkeBurZnJyqy08yff8A1Vo1cDU8yyGDRUJFWdkOjlEBGEJdHKoMKkuDhdRDRySSSMgkkklCCTU5NVMgkxPTEJBiRGRhJJQFES51cdFQT1UjsCNhd+yz3wzpXQdFW10gGqeN05Hu97n5/wDqv2TfitXSUPQlykiPmlYIfcasjKu7VSOoLTR0T8aoIWxnHGQnwM85ZlgmNI9QnKNk6uUdrgBglMCXQeL1SeclKL/RcdyoNBpJJKBjEkklCCSPCSR4UIDJOUx+zDn0T/xIdT/d7eiuPZDxHpQk/Fi8k9tvy2XrMLdR0g+q8m6XGPiffnerTj9l6vAdwFokspGTR/1/5H/Vci0fhgKktzgZKj07f/eEshGwjAUlBg3DEsZSykqIVwZ/7/hOP7uk/cvIVrUHVp9AdwoMY/8AejpQM6Yg390aZxLwB3RlBnkEDCFUf9klx2B/yXSMAJk3/Z5//pZTceiZBwDFFTgD8H+q7nC7CAKeEekYQZRhpJ91eMMsyHT+T884/iqn/wCQV8NmZVLYG6YJyRzO8/uVcNO2MLZV2hRmuud6akH/AOss/wA1ZN+hn2VZ1sctoc96hv8AmFZ8Mb9l3dN+Jx7/AMzO3/8AuH/cKHbhhrApl/H+7vPuFCt7hhi72nf2o5N/+6Ouw+kLy/r5mm6Rn/AAvU7oMln5LzP4hMxcY8nfSF2fHPFh5f6njnRyPPLs/RK33UbpwF17LvVHvRxIAUDp2TRdx7len5XJ8m/+pE9jtDvCrIj6twteDkZWIpHltTTnHIC2zSAxpPoFg1PMsn1HxEt1W0JB9SgdUA/IA4/Ep8H1KN1O0fw4bd0FT/1Eb9Us0SIkW9LH/wAo/wAlkOuD/urR/iBWugOaSMj0Cx/XG8DfuF2YdnhfLf8A4Znll2BFXI47ZaVzo13hX2M+v/VLqHaoOP6VF6Xk8O8Q57ldCniSZ8o1i+9nqXUwIpYz3LsoERP8Ld9gpfUozRU0oGxaFAZvbHn2C7UJcHm7vzYXpd2K/Geyvared49lmen3EXBuD2WiqT/vDh3IRvoyzfJmJMivf75VBcvLVEn3K0FQP9+J91n71/2nb1KyX/izVQiBNl7sqZTyERhnsoWoKRBOM4IXMNU0MuTAYzlUE8YaVo61pfGcHsqGdhGMlBNcZNGmZCOR2XNXsjEA524QSDlZZLHR0FycblpyFLpq58WMDjsoi445OQcIoSy8ATgpI09JWxyxB2vfgplQ4cjfO6pKecxnZWDKgPanJ5RllU4yI1cAQT7KBCcPGFPqd8/ZV3Dt0Q+tt9k8kGIt7qM4nhGgO35FMeCClBoFktxhW9PPHURBoOC0YIVU7jPoE2iqfBnBOwOyOLBsWeSzqIQNwMILSDsVOfpkacDsoL43Nfn1KKcci1LDwCmbjfGVCfGecKyOHj7ID4h6JMoDVLBDBdGckcKZS1x1Bp2UaYH0UduWuzhLaNNU5R5RoA8SNyXBRKmIFvCDT1GAGnKm4a5uxSZRydrTzjZHhlLNAGu4UORoBGArqpiG+AqyeIg5Lf3WaaDlFEu03CSinjnad28r160XQSMprrTvw5oBOCvDS8jYbLY9E30xj5CZ2QeMnhJaO/4TWxomqpez616bvMV6tkU4I1BozurJ7c7cg8rx/oPqJ1DWNopXeR/G69eY7U0ObuCMhLnA+y+L1j1FOHzgx96t77ZXfNM/upT+irq+EhzKmMbHlbW6UbbjSPp3bHGWn0Ky9L4QD7TUHErfpceHBZHHD4Nk4YIMP8wZC1VprDPTNY76o/KVlJWSW6fS8eU91aWqp8Gdpz5JNkyIh/aarAcC124IwvFPij086iujqoM/lTD917Qw4OVT9dWOO9WN2iPMkbdQwN1rqnsZy/KaeOooaa5PlKojEc72t23Xa2D56h1AfzIxyp91p2srHiMZAO+6FROayXQ7h+y7GnsyfHvJaTdJoyz2lzCfxDYrXWOo/jHSslGXZqre7WzffCoLvTfJXKSAfS4agUumroLRfoZXn+RJ5JG9sFdKLPE+Qo+xxj+S5NwP/rl6diraZ2iut3cc9v8Aovof4M9cRdW9HwRTH/faIeHKCdzjYlfOLpD0n1O6QAvt1xGrI4AP+fK0nS3UA+G/xAFZGD/DrmQ2odq2LSf/AJqfGTbPK6vSx1Ne1f8A80f/ALo+o6yHx6fVjcbp9DI7wAH7lOo6uCspPEjPPZca3TwtCPIy4eGTAcpIbURWWRqujbUtI79iqWBz4Z3U8p+knGVpBuqy6Wxz81MP1DkDlQgFI7qPDO5zMO5GyO12rsoQjVVJDVRGGZuQ4Y+y+d/jF0E6w1rbxSMJgqHEOIHBX0i1U/UNlor7ROoq2MPjPYqnyjf47VPS2ZzwfHIbjugSxgj2Wn6z6WqOlbq+lmIdG4l0bxwW5/zWfdkg7cLLOOT3Gnu+aCnHpla5ha4khcD89lIkaD2UN+WnjlZZxwzWh5BI2Q3tLcZHKLHIDjPK7IwEZCU02NZFIHKCQcqQ4YPGyYcIegwZ4Kj+YHOSFJPKY5owQFT/AGM/sX1gvzm4pap+Rw1xWobLqxgcrzPzRvy04IWnsN91gU9Q7cbAlNrsx2c7VaV43xNQTjnfKjvYWSF7e6OxzX7kLjmahnHC07jnNNdk+grA+MNPI5yrLGRlZuJxikGArmlq9bQForsEWIkHZPTOU9O7BGLhAxldSVkBOYCc4QHMaRg9lLIHKHgoXFNYIV0lM076VX1dEyeN0UjRg8H0V4+H2yo0kWeyyW0b1wFGbRi5W11pmzHI/T2Odlc2q/tqj8vUuAd2KsZ6RsjdEkYcPQhZq5WQwPMlPqB52XIv0rzwek8Z5WdTSmzUPAd22UKphyRhUFvvVZSvEMz9TePMrtldHPgM3K5ttLPbaXyVdyAzBzMBcY7nZHkAfgqO8YG3dZdjTNqt3coLnBBadwp9FWnAhmd9iqgP33KKHgcFMhIZ8mOC2rqFlUwkDDxwVApq6ooXeDLkgHupNLXuDdLxkDgo80FPVs1HGSOVqhPAX90ToZWzxh2QcjKFUQRyDBaCDsQqFlTVW2bwn58POxV1BUsnjD2HPqjymV8qfDMndbJUU0zpIW6oySRjsqOdgkGnhekTNDxxnZZS7WcRymWEY1I1I4mu0W57oGX0vjeNPdWFFUZADkKRgyQQgNcYH6wM/mnQlt7ODOv45F212d1JtdfJSVAc1+kFQKaoZJGHN57j0SkJBGnupY8mnT2yqkpxZ7p0X1C2tpWwyHLgMcrXaNgQd/VfP3Tt/koZmN1lvocr2rpu9x3OnAfINbRk7pGD6f4LycdTFRmzYWmrMzTBMfO0bH2UtxMLw4D91nZRPBKKuAnA5CvqSdlbAHu5xus9iye+onvikWUDhNEH7AojW6e6hUzjDLocfKeFO1AnAKA0Pg6kkkoNHJJJKEEkkkoQam6G+ickoQAQPRDLPZSkEhQV2ALO2EF0eN1KIQnNzsoLnAjEEHBCiXC309wp3U1TGHNcMb9lYFuTngoTsnkYTE8Mx20wui4TXZ4l1f0fUWWodPAwugcc7DhZZ7M919EXChp6+ndTVDA5rhjfsvIer+lZLJUGWMZhefKewTYTyfPfNeIennvrX2mOfGBvjhKkqTG7GEeRvIUGWItdqx+63U2bT5p5bQfLlxL6nqw9oGyksOcrPUtX4b2tOcK6gqQ5gwF0YSyeMvr+JuLDvaHDdVNTbXtkM9G/QeS3sSrcHKb4fujayLrmo9lbRXcPIp6gaZG7bqa92oKLWWyGpJkb5X+oUKCsmo3fLVjXHHDh3CKMsD3KElmJZO7oRByjNcHty0ggpuAoRMEgloKkpigRCkha7kKvrKIAagrhzfdCljykygpD4WOJmJYNJxgqLJEAtFPTB3DeAquppnZwAsllOOjbVfu7KwtwmuJZwMqU6I9xhCkj7EJEo4NO5AOSpVJW1tslbU0NS+GRu4c04QAMd0/G2EEl+x1Ns6LFOt4Z6h0t8ZGYjoepIHMcAG/MtPk+7vRen01RDVwMqKeRskbwHBzTkEL5be0FXPT3V176Yl8S3VcnhE5dC45YfXb1Smke48T9Wzq/0tbyv2fSCaRjusl0n8S7F1Pimc/5asDd4nn6j3IWr8TU3LeFD3dHkKdTFTqkmjh2QjGfRFOefVdAHooOlLJFdGCo8tO1ww5uysdPuhOiBIGeVGgHFMqJLVBIcloVPcLQIydLP+hWtMOBlCMOrYtCXOtGS3TRmea3Hp+nqmkSQgH7Kh+XvPTcwqLVUvDc50Ekt/RerVtjEpMkBGT+Eqgr7c6Hyyw7e4SJQfowT0zrf2ldbfiFQXRraLqWia1xGNRZ5Py/EFIrOlqWuZ81Yqlj2nfRnP6Kor7DS1YJDcOVXH/tD09J4luqXaB+E7ghFGconPtgpPEw9ZSVdA4tqYHNI742UdoDtx37rR0fW1tr2tp75TNYHDBdjLQf9E28WS0ut/8AE7JcontPEGf3B/0WiNyZlt00Ix3QM94WnDs5UyiuVXRnySlzR+FxyFXSmopnBs0ZaOxPdOZMCM6eU6NsofiYGmjYUd2hq2A6g13cEqe1xwsMHEDLTg9lPoOoamnAiqz4jW7A98LZTqv+ZgGu8Ut2xymvhiqAPFZlRKS4U1aMxP39CpoOxHqt9dinyhc68gImV1tk8a31LgO7Cdv0VrS9VNyI66HQ/guxsVAyc5yUOSOKUaXtB/JaIz29ithohFariNbdDXnfUxda24W85if4kY4HKy4pJKfz0k7mOHvyp1H1NUU58KujOONQTFfH2A24svm1LKwFtdTjH9WFGqLXNEPEt1Q32aSlBcaWsaDHI3fsjMmMZyBymxsS5RUnuK01Gg+HXQ+G4fixsU7wmEaongg9sq31UdQPDrIdTT6DhQqqwPaPGtVTkdmEq/kFSrwQXMexpGCMqBJSQTEumjDvupD6y70D9NyoS+LjLRlFhuFurG6WkMPoTuFZktoU+zN1/TlJM7VH5CfQKkqOnK2N5EYD29iFvpaRx8zMOB4wVHMboxhzcfdQy2aCEjzlwqqZxjOthBwVJZeayFgZrLgPVbGot8FUT4kYz6qqq+nWNOYRnP7Izl3+OaeURKLqamkLY6hpY/gnsrllZBIMRStdn0KzNZYJA3WYuO4VcYJ4v7qRzP1Qp4ObbpUukzcFuvtn8lDms9DM/W+nbqPOAqClv91oiGFwewdzurai6tonlrKuLwnH8QRYr/qFKqUOisunR0M2ZKcYJ7Kif09dKZ5Yx7sBejxz0NY3NLVxuPoThdNFJ9WxQS09cuYhK66HElwebw3q72s+E58gDfdXVF1y6RrY6jBPGr/qtFU2illJ8SFuojHCoa7oqjljJpj4cnPsl7LY/jyTdTPiawXlNcbNcWASBjHkfUMIpogMmkqQ/wDwlYio6UuNLF4kchf7AoEFx6gtQBeZNDeNW+EKz/WinpYS/CRu3xVUbcvZt7IWojkD9FUUHXQDGsq4dR4KuqXqKx3CQMOI3f4uFMRZnsqlV2sjWwhwBCa6PGxViaCGpGujqm57DPKa+31cbdRaH49FNiE78P8ARW+G7PCRBG6m+G5g88RGfZCcxpKHYxinkjmQjbSm+I07OZlHMeOQglpHZLnXkibQ11NSTDzxDKiS2SimyC0AH2Uvngrjj6lK+JMbG2fplVL0xRn+7bkqvl6XmBJhfgei0e4/EV1snsqlRD0NV9kX2ZCSwXCMnyghR5KCqi+pi2+rV2QzGx23+iVKnPQ6Orl7MQfEjOHNOfskZ3M7LYSUFM/8A/RRp7XSzM0eGPvhB8LGx1UfaM3HXEYzsUaOv33IVm+w0oGN1El6eAd/L/XKW4Tj6LVtcjnz0IH1blFiqGO/Fyoz7FMPpdhRpKKsiJa1p24KFb12i0oemWvjeh59EVs7gMjlUBbcIz3wE81NZCMu3RbmVKqLL5tZPnzOJwntuVTjB3WfZdp+4wEVl1bgapeeVTnFdlKnBd/NQyAtqKVkjXb8bhC+WtMx0upww+pCr2XCA8vCMKqnIyJQonGRJQl2mHls9ud9LmhQn9OAk+FVbeileI152IRWvGk5/wA1eyHokZWR9lW/p2uAzG5rh91GltFwj5iz+avDM4k4J/VFFS/GkycKSqT6LV1hmHwVceA6IlN8w5bhan5lp+pgP3C54lK/aSlj++lUoBrU4MucnkLgLR3WnMVCf/hm/ogSUNFJgeE0fko4N8IYtSvZQam+qWpvqrs2akduCB+Sb/A4j9Lwqdcwv5Mf2U2QlkK2Nif+GUBNNkmG/iNKDE16J/Ii/ZVHPdLJVi601AONTVz+Ez/1NUwyfNH9kDyrn5qZ8hPnSWn7pfw+b0P6K8E+WJDwUsFS/kZf6T+iXyMv9J/RTBW9ETUUslTPkpvRL5OX0UwXuRDyUslTPk5fRL5OX0UwTKIeSlkqT8nL6JGklHb9lMEciNkpZKKYJhsW/sl4Mv8AT+ymCOQLJSyUXwZv6FwwTH8CmCZQ3ISyPVO+UnP4Sl8pP/SVRMoaku/Jz/0ldFHN3bhRvBMoYXE9x+qb+iMLfORnKX8On9UrfgmUMGD3SL8b5RvkJRjzLnyEp/Erm+i00mBNQQfpTTUg9h+qMaLGzv8ANdFvgHqom2g98fRE+ZHsu/MZBAAUv5KH+g/ql8lCOGn9VHllqwhGQn8K4Xk/hKm/LNHAXRTtS3HJfyEHDzwFwQzn8OArH5doHCWD6qnBk+Qgtpyedk5lHv8AZSsgHdE1MUSK+QifKgchPbA0cDGETITS/YjCspSbY0xxjhODWeqETvsuZx3VqXGAuwulvZOamAZ3S8oGXHZDlBKLYRJC+ZgHMnCC+5QN4JKFzSK2y9Ilp+QquW6NI/lu3UZ9bO8gl2yreFGD9lwXMbuXgYTTVU4GTIqn5iTGCShE5OVfysL402WjrhCMgOyorrhKcjGyiLo5VObkO+OEUH+akO+Fw1DyMEJoAwClgdgo8sHCQhnOpEHAPqmB4HZd8Zp2VtAvD6H7LuR6qPqycZXQHO2AymxrbLf9w/lH4gu4HqnU9lutWR8tSSSZ9AtpYfgv15fMeBZ3gHnXsmKrIi3U6emOZTSMaCDwUhuvpDov+xtfrk5lRfaqOGAjJa3ke3K9u6O/sr/DbpmRlVWW91bUAYzIdv03VxqeTi6n6k0lPEfuPhzp/ozqbqmr+Vsdlq6nPdkef1XuPRX9jbrG6mOr6mukVspnjJY1gkd9j6FfZFHabRZKdlPbKCGnZGMANAyuS1YHcLRGvJ57W/U+psW2hbUeXdGf2W/hV0mY5qmAXSoaN3VDPLn2GSvVKOnt1mp20lnpIqeFgwAxoCr5rhADmR4GNlHkvVMxulp1FOVR567VXaiW62TbLo1TiSSQSgvqMjzOCz8lxqZXfyG7IJ+bm+uYhMUMCFD2XM9fBGfNIodReYuIsuKhfKD/AIhyniJreGhMUEgjj62ukzpbgfdDMdTJvK5HBxsAm68q3HIYBsYad07SE8kDkgLhIbkkj81biUotiDMd13QeVR3XrGy2lrhJUiaVu3hw+Z2VTm/dT3po/h9I6jp3b+LLzj7Itoew2E9RTwH+fURx/wDO7Co63q+kik8Gg1TO76Qs8+30kLn1V7uctRMeA5235BFp46upIbaqEsj/AO8cMK0gnDBKqbzW1Rw5/hjuM7qLqkmdopoXOcOSrSOxxRMEtc8OefqwpDquhpWaY2tJHoryCnhlZFYJKgaq+VwYfws2VjDR0VIwMgp2N098blR5KmrnOKYHHqiQ0VZL/fu2KLIxdBn18UflO/phRpaipecRjYoppoYnZO/quumpogA1+T6BWnkhHDJpB5jhPbRRu3kGUjVavoagONSf7x+AeyoAkkUkI50kKFJXtOfCcV0sLzucrogaNwAFBhDkfW1HlaThOit7sh8hBPoprWhvCdgqEwCZE1vZESSULC5HqlkeqHk+qWT6owAhTQCmv34J/JML5jtE0j/mChA+W4yXAD1VZWX+miyyhjdWydhH9P6p/wDD/mXf71UyAf0sOApMUFHStDKaBrffG5UG5KV1Feb0/VW1hpITxFCcH81YUVjtlrLZKWnb4vd7hklSw8HPbKbkeqFIrP6Hl3JyhkkrmT6piIjeTucpZwuJIxYkkkkAYkk1cPCheBZCWQguJ1HcrhceCVC8krI9UiQOSFCqayloIjPWTFjG8kqtivN1vj9PS1kmrGg/3sg0xY/5t/8AJVuRaj+z50SSSXRPWiSTEkvJeBi4OCnDlNwDkJE3hBLsDNJp3ys3K7xbkM8BXdeSIyQeyoKZ2qZzyNwSuffLfKMDdp1kPcZfBjJ1dlRx+Z+ojOSp16mPggYUKnAAG3IWS6WZ7TdGG2O4tIADANla0TS2mx7qtp2/yW7q3hAZRF3omRjwJt+5bSiu7tVWM9hlKhALt1Gq5hPUmQDA4Uu2Fr5A1w2S28PI1LbUFuGdLQSoQ5KlV5dJOQXYDdgFG047qpvc8hwW2OATlxOdsmrOxgxPTE9UUhiSSShQkkklCCSSSUIPToxqkaB6hMPCLRY+aZlQts7cAfmjvwEyPbKUxMkrnE9ynNUKisI4kkkoEBTU5NSLPRYk5NTlI9ACTDwnph4VsaDPK4unlcSgkOYchc/ElHwkeUSWS12KUbgD1XpnTxDbRFtwvM2/9pjzxhemWba0xpNx6v6bX+rJ/wBh1wcRBI8DgJ3TJzASR3JQbj/2WT7I3Tn/AGb9UiUsHrIv/UwS4f8A54ORP+MfzQof/ngUUf3x/NAPRDt//bZPuU9+9dgoFB/2+T7qUf8AtqjGRE0jUdxsVe2ine5pmI8rcrPRbzY/xf6rXPeyjtjWsbu8crLa8G3TrnICWUP1BVDv+1Zz3KsGSeXjlVcTi6qdnsUodN5JA2fg9lV3vhn2/wBVYP2qH4VZe+G//L3SbuhdizHBvOm4i21RZ7/9FqbSMOzhZ6wY/hMOB+Af5LS28D5dpwsLfJ3NPxFIsp5P9wncdsD/AEXlUx87yT3P+a9JuchZaqnHdpXmMzsuT6HhmDy8stQMxfJMynsm2tuIymX44mB90agGIgujF5R46KzqZIT3ZnYz1Kus5aB6BUh/7VH91djgJNvJ0qFwVNxJHiEeyNRHNM0nuEC5f8X8kah/7K37Ll3dnQpNN0USbvv7L0+vzox6tXmHRX/z3/RenXH+7P8Aylee8h/uHuPEPGmRQO/7DVPzwxyN8N2YtU0p5fKSoku1mqD/AIH/AOSsPh5tZG+//Vc99HSh/uI0bxjCLTfUPshydkSm+r8klrk6IK4kCnk/5Sspbhhz/wDmK0d7eWU7sdwVnaFw8LIG55Kb7EzWVki31oc+nH+ILStDWUQa3AHh/wCizl0Gqrpc/wBQKvJ3OFO4DGNCdBi61y2eadRya6sjIOHFdsg8rs91EvhPzpGfxKZadgfcrWllHnHzdI1FoGaluPZb2ADS0jbZYXp8A1G63cH0NXH1rxLB6PQ/7YU/SoFUdsKefpUCp2WJnQIlP5LjA4D8YXrGAaeN2OWg/svJ4nj56Db8a9Zh3oov+ULNeXAJaBh8gVo7cBVlp/vJPurI/SPzXB1P5jDiSSSzkCro5XEkIYUcLqEOUQcIhq5OpJJKEEkkkoQS5keqR4UYk5O5VrkhJyPVNTcn1XTwqKyNTBuFx/1FNBwMo4op9GH+KbvmKSz2nOf4hdaeIt9g4H/RbY8LAdXTR1nxD6ZtRfnwRNWuH5jR/qt01y0RRmXZ08pA9lxOZ9QUHEuDOg55Q3clFb9KCeVAhJJJKBjEkklCCSPCSR4UIAPKbUf3TvsnHlNqP7p32Vx7IzxTpdv/AOUm7kd85/Zeq05yvLOkwD8Srvn1P+i9Th8pK2LlcmTRf1f5DQN/3mU+rUfDT5S4b7IMG8rz/hTJSWlCopmuUtpGtdw/iElW3QB8tOYQc84VgW7crM9AyGoivEh//S85H2Bxhal4yFJRwLUskSlbmtlyfwrszg2dozynU/lnnxzpG6BN5qlrieGgIAuyWDkIUv8Acyn/AAFOQp/+yzn/AAJjDSOMPkaB6BMrdqOU/wCE/wCSLH/dt/5QgV3/AM7qr2iKOPZZmbQ3/dMgbFxP7qxZyolix/C4zjckqb+Jbqe0AZbrT6bf/wDtA/zCs3fSPsqzrT6bd/8AtA/++arR/wBI+y7Wl6Zxr/zZQ9RD/cHnuqq3OOGbq26i/wDne9VFu4jXeqe2tHJvli5IsLrjLPyXmnxEH/vCIjgtC9Ku/wBLV5t8Qd56Y9yF1NA8WJnn/qRL+FI8z6g2qtOcBRrKdN2YfRF6m/7WPuFGtn/bm4XsXHKPjs5bLkz2ODGmmqB6BbNp1U8cn9QCxFP/ANipvsFs4d6KH7LBqIH0rw0/uwTKf6ggdRgOtrvZEp3bA4Qb2Ndtft3WWP8AuI7uqjimRAojm2xFZPrUfygXbDIWrt+1vjHpsst8QBijbjnIXbr9HhPLQ/8AlmeU9RD+dk9wqu1SGG5wPz+IBWnU58zDx5QqOJxbNG4chwP7roVM+VayP+oz2W+HXaqZ3bQFBjI/hb9+wUm4Ev6ahlPJjaoERP8AC379gurXLKPM6hf6hyxSBtwb7haGpd/vrPQrKWWU/Nj7LR1MhNTH9k5nPs4lgrrrG1laC0YzlZa/DEuStTdn/wC8sOOcLO9QtafNjdZb+jXQsmfE3mwFKp93AqqMvhT47FWcGxBXNTyzoShiOSa/zMOfRUla3DuFctOWquq2gg5ClnKBpeGVXB+6a8DGcJ7uVzAWRxyb4zAOPIwhOyDupEgHHqhSgDGFGnEJSyJhwpEMpBGCojl3fbdEpckaTLAuDgos7cHI7J8bzgBdlbqGFecgqOBkMgBCO/DgCAoJ/luBClxSZbnCsNrA16iO8r9RHfKlScoEo4VAotKGqEjdz7KRPEHNBCpaeYxuGFd0UviNwU6DyKsjiWSHI0sdjSkW7BTZ4mu3xwo2c7Y4VtYKiQ527cKHK3TjblWj489sqHURgYWeccs0QkQw97XA4U6CrLgAVEc3CE15LvslNeh9djreYlsXCQKFUsHYJ8UhwMpz/MkTidqq6N0NyKt8WCUSknNHUsma7GCiztAUScEkLJZwx1bxLKPWrJd2zUsdQ0+YAAle49CdQNrre2ne/U9oyMlfJ3TV5noqhsTn+R22CvYOmb6611UVbGSYnAagChfKPqX055PKjCPfs95OOccLK9TUBhkZcoBgtdurq1XimutIyop3Z2GUWsgZVQOge3ZwSWuT6BP71kzdRE26UAnZ9TRuq6jkcAYnbOYVYQl9przRSj+TIMN+6jV1KYKzxGHAdugMso5NPbaj5mnac7t2KsmyDRg42WWs1WWVTYDw9aJ3PKYnh5FzgprDPDPiv0uLVdf4jFHiOrzI89tbuV5mB53Ac5X1L1p05H1L09UUekeNG0yRE/1AL5kq6R9LUvikYWuYS1wPYjYro6eeT5357QwhNyj7I98o/m6COtj3ki8rvdZhzQ8gg4PqtxbXNkn+RkGWztLd/VZK5ULrZc5KeQYDX5HuMrq1zZ8212mSnuNlbahvUXTD7dKP99tzdTHE/wB430Cl0zR1L0i6ik/7fb8gE8nHBWWsFxda7tBWBx8MkNlHrGeVpqn/ANw9QsrIT/ulbg7cYK1Qng8jbWq5OEe1yj2r+zv1w682k9J10uqsoSdJcfMWcD/JewYK+OY7lP0J1dSdYW06WkhsgHDgV9gdPXSj6lslPe6LHg1I1N3zjbj91rhPceP8xpY1Wq6HUv8A19kqPuippGDhOTDkD0/Y7EJieoUZ+50jqSXxWjMbyTt2QI5AQr+thbPCYnd+6y7o5qOo8N48p4PYqBJ5JqYd+U5p1DKaoEYv4hdDUnVdteBEPGYCWkDfK+YrnTTWytkoKhmDGcAnuF9oOGRsvH/i98PILjSvu9tpw2qjBLmt/El4yeg8V5B0NUy6PAX77hRpW5O6mObpABQHhZrYo9fGW5EPBYQeyM05XJG4HPYoUD8Owsr44HD5WADGMqKQeMqbpy0nKjSsxjsgkschoCkkkqGg3Mx3QvPA/Ww4I91JXHxeIFT45C74fRprBefHjbDUP34BWibHtnK8xbLJRyh7D+S2vT13+fi8KR2XNG2U+ue7g5es0+z70WrmcKTRzCOQMdx6oY3C6Dg5WhPBym9xcNxjIIOUVV9LK1wAB/JTAfKVphLPAo7keqSAXEycow4TCzq5gLqShDhAwoxAzwpR4UbufuqZTGSQjsMqNLDnYtCsEwsaATjKzSgnwHGbT4MldenzM4zU4DTzhZ8mopJdIe5jm7L0OQAu9FV3CzU9bl+kBxXP1GlWMo6el10q3hsoqO9u2ZOAff1U8yiZucfmqCvt01DKW+bbhMp6+enONRI9CuRZSkem03lUkuS6k1AjSnMkO2VBjuBlx5h9kYSaiNsLK4Ncneo1UbUmWUbycEKbSyluB6qphedsKbC4jGFaeTqVy3osKiGKqi0PA9j6KrY2ooptGTj/ADU+N5wFypjDxv2RRmE688hqar1fXjKdU0kVY3B2VZgxO2U+iqScA8p6YLXpmbvFnfC4ujZxv9wqOWPbjdejTRsnZoe37FZa8Wh0LjJG3bkhMjPJyNb4/MXKBn4ZjA/SBjKs2PE7Qe6rJ4fMDjhPppy06ccJpwcOuW0mPc+F+pp/JbPovqN8E7Q9xJYR3/ZYtztTc4TaaskpZWywkgj91TRv0eqnprFKB9RWS9Ut1ja+N2MjBHoVZNfLbHBw3jcc7dl430V1Q6lLJtQ8+NXovYLbc6a6Uw3BDhx6FKksn1zxOv8A5dKw/uRoafTURteN8jKkNBAAys7R1ktvqhTk5Y47ArRNdqGUiccHqqrVYuA6SSSA1jkkklCCSSSUIJJJJQg1cIzsV1JQgEhDwVJQSBjKgl9EaRuNghSt22Ul4GcIRGUztCmkQnRkndQLlbqa5UzqWqYHNcNsjhW7mAqJUtxhXHhmW+iFsXGa7PF+qelKiy1DnxtLoXHYrLyxA7YXvlypYKyndT1LA5rh37Lyvqjpea2SumhYXQk527LVBs+Z+b8OqZOVXRiZWOY4Fqm0NYchjimvaHZyMqFO3wiHAfuuhVNo+ZeT0Nck5Glika8ZDgUfAPBWeoa52Qw5V1G8luSt8JbkeVnDZLaHyfVQ6qkZUxljx9j6KWDlcLcqgYvDyZ4/N2eQEkywO59laQzRzxiSJ2QUeRgIwQCFRVVNPRE1NE46c5cz0QPg0L7i6TSMd1EorjFUsAe4Nf3BU1GECOyCRlSExQhFLAcqLU0YwCFZeH7prmAD1QTimMhZtM7PSFp2aq6dh/p2C1U0LDnLVVz0od5sLLKCNNd7ZRmNwSOymyxBpxpx+aA5ukZWayJtjPciKTjslnPZFLBnlLQEgN2MEA1pLw0ZW06X+LF5sj2wXVnz1GNg0nDmD2PdZDQEF0eCN+VDXo/I36OadTPpCydU2TqOMSWuqD9skHZWi+Y6Osr7XIKigqnwvbuC1xwvS+k/jBFOGUPUELYpm4b4zRpY73J9UB9D8X9S16iXx2/kep4KaRlKlqaesgZPA8Pa4ZyCikY7o/yPVRuU+geMpugJx2SUaDGFvlxwFEnp45mlsrAQfVTkJ7MY3QSimC4p9marunM5lp+/ZUNZRTQeSaIkHvheisAOUGakhqGlksbXNPqEtxRlu0sJ9I8pqbXSzMLDE3f23VR8tV21zjSOIb6Hf9l6VcOkQ7MtFLh39JWdq7XUU7iyphIx+IBBswzn3aRw5ZUwX6BzPBu1K0xkYzjP5rlTYqarZ49pqgQd9BKdU21j8+UH8lGbBNRkOjeWn22TM4OfOmPTK2WGuoXls0btu6fHUxSjDxg+qt/4s1wEdbE17f6sbpr7NR1wMtHMGnnBVmOWmbf2kJj5YT4kEhH2Ktbf1QWfy61rsDYEKhqaStonFsjHafUIAkJ+rdMhdOD4ZnnDbwz0GmudLUN1RyAg+6IXkebkFefMlLd2OI/NWtH1TPSAMnb4jB69ltr1eeJsSzXNldsE4uZINMjAfuq+hvtvrwNDw13oSpxbndhBC2QsjPlASrTBG3uLtdLKY3DtnZFZcbpTjw5Gk47hIPdHwSCERtWHeWVuR6rVGfAhwwyXR3xj8MnGl3fKtIqyMgOY/Y+6zr46eU+XYpojqo/Kx5wmRllkNYK5jxh41fdRZrRbKp5lNMGudyW7ZVJDcZoSGzDIU6G6sedIcQnoGcUgTrDX00pfR1vk5DXdlEN0raaQxXGj1M41NGQrgVD3cOyPuuuJfs4B33CMU6txWx1lBUN1Mka32yneGyTGk7HuizWSgqX+J4IYTzp2yoRs12pZM0FTrZ/S7fCMVOEo+iR8mHNw79FCqbDSzA4YM/ZcF1qaeTw6+BzcbZCkw3Skmdpa8g+6hnmq7OJoz9f009uTENsfqqSezuiBbLFkfbhejHS8ZByFGlpGy8tBwiwjFfoYy5rPNfkXtJZFIR+fCPBeb1bQIvHe9g4zuQFr6yxU9QS5jRG/1aqisslZS74DwO+Few5mo0dtfLFTdbUzo9FxpcAba2jdXFHVWW5MDqK5gvd+CQhZKSjhc4iSLSTygS2fLdVI/wAN/YjZV90VlGL4q+pm8ltlXgmGMSj1HCrp6aF4MNVT6T6ObhZeG5dV2lhjirHOYDnJ3Kv6D4hOLBT3qyR1DSMGUcj8sJfy88lSoj3Ag1nTdDKC6DS0nhVcvS1RG7VHKAtjBX9H3QZjmmopHcCTZv5Jz7FWbyW6ZlVGN9j2RKMbfRS3w9nn7qe+0cumKaQY7hx3VhR9Z3+glDZ3BzRsdQ5V/WU1TA3NXROa09wMqrqKWmmBBZnKt6f9AysjLiUUydB1/BKQytpAWn0VnS3CxXB38qpDHO/CeyyklHCGhojbgeyiOpoGPyJDGT2CW6px/uCtPGf48G/dbvE3gcHfnyo8tBIzAljOD7LFiruVKQ6nrpB6DJUyk6s6hpXB0umZvGHjOyW1gW9NL+lmilp4I+SWFANP4mC3dRm9eUxwKy35P+BoKsqW49P3BomjqRETy0nGChURUoTq/JEb5CfBLW5QDDUMO8Wyvo6WOdpFHWB+O2V11uqmjJQNAK7HZn8Hg8pgaccq8fRx588Yyok9K0AaWhqDbktTKwkjkJAggnHCkmn1ZOMYQnRaVewYuQDmnOw2XC12N+EbG+4SLQRhD/kMiFu64WAoxjOeMpaP8P7qpxUglJojeGN9go7qCB+7hnCn6fdM0+6W6kNVzKyW10x/DhRnWSE/ThXYaFwNA7JTqjJ4YaumZ91iOSQ1RzZ5meZucj3Wn1ZyMJunfOVUqILoYtRIzBhuLNm5wEzxrg3dzXFaogYOyDpa52ktGPsh+BvotXr2Z9tfUjZ2UYV7tsq6Nvp5ACWAKNJaad/shdNnoONlb7RAFd7gp/zv2RzYWu/uxlCdY6gDYj9EOy2PoNfC+jgrQfwn9UvnB6FAkt9VEcbFDdTzxjU5uQlOU4/kV8afRYsqmkatZRBXMHJyqfxsHGOUvFI3wp8hbqwXfzkI7fukK2HOyovmD6LonJO4V/Ixfxo0HzNOR9SQqKf+pUzZXAbFd8V3qq+RFfEXXjQH8QXRND2IVR47l1sxJwQrUinUy1zD3eu5g/rVZ4uwI2S8U+pR4J8bLH+WeMfou6G+yrxUOGyIJXnurwE8omaB6Bd0D0H6KD8y9O+Yf6qYKk2iToHoFzQP6QhfMP8AVL5h/qpgDcwvht/pH6JaB/SEL5l6XzL1MIm5htI7MH6IWBnOgJrqt+OAhfME74QSaiRNskhzTtpA/JcLW4yMKL45J4XdZxkIRqTClu+wXMeyAZ5wcBwwufMVH9YVYLwyRo9kJ0ZPdD8Wfs/9kMmtOxbkJeMMm157C50nd35JFzTwVHMVSdy0pGCcjhWMSyuQjtP9QXNvVCNNOTwVx1NLjcEBRsm3AQub7fqua2DnH6oPgOzuV3wT6/ul/J6DSHCUHsmmfBwGpeH+Sa9uMbqFjjPx5U18hxxyh+IM7jhNfVwDl/CGUsFpZ6HZcTsu5d3P7KM64wYIB37KO6vnds1wwgUshqt+yfkppewcuAVeZpzuZOUIveeXFFvGbSwfVQs/FkoEtZxpUZwB7JYQOTfQSigj62obwgGeaUYc7ZH8uD5UAYycDCrDwHFIWn3XNK7q9lwux2QcthoWgLun3TDLg4wuh+ocIg9iO4Hqlj3QiCSMFHgorhUDEFI+TPGN0UY7uim0uxuB6runPBWhtPw26xvBaYbLVjPfw/8A1WztP9nLriu0mogdE13p/wDNToaayXSMd+v0tH5zR5WX6SBjlOYXvHlYSV9E2T+yhUkNqLhUyb9iMf6re2X+zXY6HQ58QmI51lPjppR/I5Go+otJVxDk+Qqe2XKqyIaOR/byjK09j+EXV98wGUXhh2/8zbK+2bJ8JOm7e2MspGtLewWmp+m7BbhmaCNo/wCVaa6YPs5N31TLqlYPkDp/+zBfbgW/OSaM/wBK9d6Z/ssWikiZLNT+K4f1P/8ARe3Pv1it4bHG9jQOAAoVR1tpdooIiccEnYpnxxzhHE1XmtXqu5YX9iJ0v8G+l7BG0uo2AkeYALZRRWC1RNZFGxgZsMDCx03UHUNVvGA0KI6juFW/xKiqOXb4JRKrJzJW2Wfm8m4n6ttVL5WSfoVWVXWkcu0LiVQw2bOPEIf+anxWimwDpH6I/h2gDJeoK6pdiJpP5rsZuVSfM8jKmQ0cERy1g/RTQwNwR/kjjDBOyvbQ1DsOec4UplHpaCQMqUwYGEyd2MBMSwBgjhoZ5RslqHokTyUB0uAdlAw7pMIYOeVEluEUB/mnCqK7q+GB5ZRRCdw5ChEaM8ZwVV3C9Wq3ML6qtjYR+EndZqpr+qLm5zTIKSnd+EHEgQYLDbIXiorZHzzd3TO1D90SWRygTpuvJJyP4PapZ28ans2Ve6g6kub/AJi5XONkbx/c0vkH6b4Q5uq7VRym32iB9xq2/wDApBnKCbb1n1FpdcJ47PRu5p4xqmI93DGn91YxQwuyYR09YWeIGsmqj+Fg1vz90WmkvN6pz8vi3xO7TnDv0Trd03brUwNia6V4/HKdTv1Vlj13REfCI1PYbTTvEtUX1cwHLzlufZTH1lQ5ghpIg1o9Am7d+F3xGD+4dlygiUsg209W92udx+ycIaGDDpNiEiax/wBbw0JhhbnVJ5ihACtr6aLaNufyTH1FRLtE06UwlkewYEM1UnEZ0ogwrmOdvKQFHf4Ee45TXyyyHL3oXiMjIMjlBi5HGV7T/L2C6XPc3JB+6pLv1lY7WCyeXEjfwhUMN+6z6ocYrNSOpqQcTSjA/JQPZ+3g2VXcqOgjL6qYNJ4GV2CskrBrhizHyHeqq7N0XBB/vV3mkrKk9pHEsB+y0OiOnjEcTA1voFAZTiugbc53G6N5Q3OMn7oJ3SyfVQpcjjJvjCbgndJLxB6KFhNPulp90PxPZLxPZGAE0d88Lhm204KFk+pXFCHdRzlcySmJKBnclLJXElSRSQkk1JWFgSSSSgQlzU3jITDwVGzg5UKbwTCQO6YJM/hKpai/07ZjS0sclRUN/wCEzdysLb0d1X1DKXVr5LdSuH0nyyBU3gpywBuHUFrtsRdUz4lbyz0TqWh6t6ka1trtZoIn/wDxVSMj8ht/mtzY/h/YrEGyiH5ioH/Fm8zlp9IDQ1uBj0CXKfoU7WujB2j4SWSllZWXyR90qHDzmU+XPsOy3MVLDTQMp4GlsbNmt9ETT2C6kOTYDsk+z//Z&quot;);\">\u003Cdiv data-v-5bce1a4c=\"\" class=\"view_desktop\">\u003Cdiv data-v-278ca9f1=\"\" data-v-5bce1a4c=\"\" class=\"container-list backdrop_out animate__duration__0_3s\" style=\"width: 692px;\">\u003Cdiv data-v-278ca9f1=\"\" data-position=\"navigate\" class=\"container backdrop_in\">\u003Cdiv data-v-278ca9f1=\"\" class=\"app-item\">\u003Cdiv data-v-278ca9f1=\"\" class=\"item-box\" data-type=\"navigate_system_app\" data-position=\"navigate\" data-id=\"startup\" data-path=\"\">\u003Cdiv data-v-278ca9f1=\"\" class=\"active close\">\u003C/div>\u003Cdiv data-v-278ca9f1=\"\" id=\"v-step-startup\" class=\"el-tooltip item\" aria-describedby=\"el-tooltip-9854\" tabindex=\"0\">\u003Cimg data-v-278ca9f1=\"\" src=\"/static/images/desktop/TNAS_logo.svg?v=7.0\">\u003C!---->\u003C!---->\u003C/div>\u003C/div>\u003C/div>\u003Cdiv data-v-278ca9f1=\"\" class=\"app-item draggable\">\u003Cdiv data-v-278ca9f1=\"\" class=\"item-box\" data-type=\"navigate_system_app\" data-position=\"navigate\" data-id=\"Backup\" data-path=\"/Backup\">\u003Cdiv data-v-278ca9f1=\"\" class=\"active close\">\u003C/div>\u003Cdiv data-v-278ca9f1=\"\" id=\"v-step-Backup\" class=\"el-tooltip item\" aria-describedby=\"el-tooltip-7773\" tabindex=\"0\">\u003Cimg data-v-278ca9f1=\"\" src=\"/static/images/desktop/Backup.svg?v=7.0\">\u003C!---->\u003C!---->\u003C/div>\u003C/div>\u003C/div>\u003Cdiv data-v-278ca9f1=\"\" class=\"app-item draggable\">\u003Cdiv data-v-278ca9f1=\"\" class=\"item-box\" data-type=\"navigate_system_app\" data-position=\"navigate\" data-id=\"Dgconsole\" data-path=\"/Dgconsole\">\u003Cdiv data-v-278ca9f1=\"\" class=\"active close\">\u003C/div>\u003Cdiv data-v-278ca9f1=\"\" id=\"v-step-Dgconsole\" class=\"el-tooltip item\" aria-describedby=\"el-tooltip-2759\" tabindex=\"0\">\u003Cimg data-v-278ca9f1=\"\" src=\"/static/images/desktop/tech_support.svg?v=7.0\">\u003C!---->\u003C!---->\u003C/div>\u003C/div>\u003C/div>\u003Cdiv data-v-278ca9f1=\"\" class=\"app-item draggable\">\u003Cdiv data-v-278ca9f1=\"\" class=\"item-box\" data-type=\"navigate_system_app\" data-position=\"navigate\" data-id=\"filemanage\" data-path=\"/fileManage/index/\">\u003Cdiv data-v-278ca9f1=\"\" class=\"active close\">\u003C/div>\u003Cdiv data-v-278ca9f1=\"\" id=\"v-step-filemanage\" class=\"el-tooltip item\" aria-describedby=\"el-tooltip-5335\" tabindex=\"0\">\u003Cimg data-v-278ca9f1=\"\" src=\"/static/images/desktop/folder.svg?v=7.0\">\u003C!---->\u003C!---->\u003C/div>\u003C/div>\u003C/div>\u003Cdiv data-v-278ca9f1=\"\" class=\"app-item draggable\">\u003Cdiv data-v-278ca9f1=\"\" class=\"item-box\" data-type=\"navigate_system_app\" data-position=\"navigate\" data-id=\"security_scanning\" data-path=\"/security_scanning\">\u003Cdiv data-v-278ca9f1=\"\" class=\"active close\">\u003C/div>\u003Cdiv data-v-278ca9f1=\"\" id=\"v-step-security_scanning\" class=\"el-tooltip item\" aria-describedby=\"el-tooltip-2742\" tabindex=\"0\">\u003Cimg data-v-278ca9f1=\"\" src=\"/static/images/desktop/Safety_Guidance.svg?v=7.0\">\u003C!---->\u003C!---->\u003C/div>\u003C/div>\u003C/div>\u003Cdiv data-v-278ca9f1=\"\" class=\"app-item draggable\">\u003Cdiv data-v-278ca9f1=\"\" class=\"item-box\" data-type=\"navigate_system_app\" data-position=\"navigate\" data-id=\"Control\" data-path=\"/Control\">\u003Cdiv data-v-278ca9f1=\"\" class=\"active close\">\u003C/div>\u003Cdiv data-v-278ca9f1=\"\" id=\"v-step-Control\" class=\"el-tooltip item\" aria-describedby=\"el-tooltip-7534\" tabindex=\"0\">\u003Cimg data-v-278ca9f1=\"\" src=\"/static/images/desktop/Control_panel.svg?v=7.0\">\u003C!---->\u003C!---->\u003C/div>\u003C/div>\u003C/div>\u003Cdiv data-v-278ca9f1=\"\" class=\"app-item draggable\">\u003Cdiv data-v-278ca9f1=\"\" class=\"item-box\" data-type=\"navigate_system_app\" data-position=\"navigate\" data-id=\"Market\" data-path=\"/app/index/\">\u003Cdiv data-v-278ca9f1=\"\" class=\"active close\">\u003C/div>\u003Cdiv data-v-278ca9f1=\"\" id=\"v-step-Market\" class=\"el-tooltip item\" aria-describedby=\"el-tooltip-9425\" tabindex=\"0\">\u003Cimg data-v-278ca9f1=\"\" src=\"/static/images/desktop/app_store.svg?v=7.0\">\u003C!---->\u003Cspan data-v-278ca9f1=\"\" class=\"navigate__content warning\">1\u003C/span>\u003C/div>\u003C/div>\u003C/div>\u003Cdiv data-v-278ca9f1=\"\" class=\"app-item draggable\">\u003Cdiv data-v-278ca9f1=\"\" class=\"item-box\" data-type=\"terminal\" data-position=\"navigate\" data-id=\"terminal\" data-path=\"/terminal\">\u003Cdiv data-v-278ca9f1=\"\" class=\"active close\">\u003C/div>\u003Cdiv data-v-278ca9f1=\"\" id=\"v-step-terminal\" class=\"el-tooltip item\" aria-describedby=\"el-tooltip-1576\" tabindex=\"0\">\u003Cimg data-v-278ca9f1=\"\" src=\"/static/images/desktop/Terminal.svg?v=7.0\">\u003C!---->\u003C!---->\u003C/div>\u003C/div>\u003C/div>\u003Cdiv data-v-278ca9f1=\"\" class=\"app-item draggable\">\u003Cdiv data-v-278ca9f1=\"\" class=\"item-box\" data-type=\"navigate_app\" data-position=\"navigate\" data-id=\"openclaw\" data-path=\"/openclaw/\">\u003Cdiv data-v-278ca9f1=\"\" class=\"active close\">\u003C/div>\u003Cdiv data-v-278ca9f1=\"\" id=\"v-step-openclaw\" class=\"el-tooltip item\" aria-describedby=\"el-tooltip-4779\" tabindex=\"0\">\u003Cimg data-v-278ca9f1=\"\" src=\"https://app.terra-master.com/images/tos7/x86_64/openclaw/0.0.109/openclaw.svg?v=7.0\">\u003Cdiv data-v-278ca9f1=\"\" class=\"beta\"> Beta \u003C/div>\u003C!---->\u003C/div>\u003C/div>\u003C/div>\u003Cdiv data-v-278ca9f1=\"\" class=\"app-item draggable\">\u003Cdiv data-v-278ca9f1=\"\" class=\"item-box\" data-type=\"navigate_system_app\" data-position=\"navigate\" data-id=\"allApp\" data-path=\"/allApp\">\u003Cdiv data-v-278ca9f1=\"\" class=\"active close\">\u003C/div>\u003Cdiv data-v-278ca9f1=\"\" id=\"v-step-allApp\" class=\"el-tooltip item\" aria-describedby=\"el-tooltip-2462\" tabindex=\"0\">\u003Cimg data-v-278ca9f1=\"\" src=\"/static/images/desktop/all_app.svg?v=7.0\">\u003C!---->\u003C!---->\u003C/div>\u003C/div>\u003C/div>\u003Cdiv data-v-278ca9f1=\"\" class=\"app-item draggable\">\u003Cdiv data-v-278ca9f1=\"\" class=\"item-box\" data-type=\"navigate_system_app\" data-position=\"navigate\" data-id=\"StorageManager\" data-path=\"/StorageManager/\">\u003Cdiv data-v-278ca9f1=\"\" class=\"active close\">\u003C/div>\u003Cdiv data-v-278ca9f1=\"\" id=\"v-step-StorageManager\" class=\"el-tooltip item\" aria-describedby=\"el-tooltip-641\" tabindex=\"0\">\u003Cimg data-v-278ca9f1=\"\" src=\"/static/images/storage_manager/Storage.svg?v=7.0\">\u003C!---->\u003C!---->\u003C/div>\u003C/div>\u003C/div>\u003Cdiv data-v-278ca9f1=\"\" class=\"app-item draggable\">\u003Cdiv data-v-278ca9f1=\"\" class=\"item-box\" data-type=\"navigate_app\" data-position=\"navigate\" data-id=\"docker\" data-path=\"/docker/\">\u003Cdiv data-v-278ca9f1=\"\" class=\"active close\">\u003C/div>\u003Cdiv data-v-278ca9f1=\"\" id=\"v-step-docker\" class=\"el-tooltip item\" aria-describedby=\"el-tooltip-698\" tabindex=\"0\">\u003Cimg data-v-278ca9f1=\"\" src=\"/static/images/desktop/docker.svg?v=7.0\">\u003C!---->\u003C!---->\u003C/div>\u003C/div>\u003C/div>\u003Cdiv data-v-278ca9f1=\"\" class=\"app-item draggable\">\u003Cdiv data-v-278ca9f1=\"\" class=\"item-box\" data-type=\"navigate_app\" data-position=\"navigate\" data-id=\"jellyfin\" data-path=\"/jellyfin/\">\u003Cdiv data-v-278ca9f1=\"\" class=\"active close\">\u003C/div>\u003Cdiv data-v-278ca9f1=\"\" id=\"v-step-jellyfin\" class=\"el-tooltip item\" aria-describedby=\"el-tooltip-1790\" tabindex=\"0\">\u003Cimg data-v-278ca9f1=\"\" src=\"/static/images/desktop/jellyfin.svg?v=7.0\">\u003C!---->\u003C!---->\u003C/div>\u003C/div>\u003C/div>\u003C/div>\u003C/div>\u003Cdiv data-v-5bce1a4c=\"\" class=\"tos-main-apps\" data-type=\"desktop\" data-position=\"desktop\">\u003Cdiv data-v-5bce1a4c=\"\" element-loading-custom-class=\"desktopMask\" class=\"desktop_icons\" data-type=\"desktop\" data-position=\"desktop\" style=\"user-select: none;\">\u003Cdiv data-v-5bce1a4c=\"\" title=\"文件管理\" dragselecttype=\"filemanage.oexe\" dragselectid=\"oexe\" class=\"tos-app draggable\" data-id=\"filemanage\" data-type=\"desktop_sys_app\" data-volumepath=\"\" data-path=\"/fileManage/index/\" data-name=\"filemanage.oexe\" data-drag=\"/fileManage/index/?oexe\" data-icon=\"/static/images/desktop/folder.svg\" data-label=\"file_manager,file_manager\" data-position=\"desktop\" data-f_type=\"oexe\">\u003Cdiv data-v-5bce1a4c=\"\" class=\"tos-icon\">\u003Cimg data-v-5bce1a4c=\"\" src=\"/static/images/desktop/folder.svg\">\u003C!---->\u003C!---->\u003C/div>\u003Cdiv data-v-5bce1a4c=\"\" class=\"tos-title\">文件管理\u003C/div>\u003C!---->\u003Ci data-v-5bce1a4c=\"\">\u003C/i>\u003C/div>\u003Cdiv data-v-5bce1a4c=\"\" title=\"OpenClaw\" dragselecttype=\"openclaw.oexe\" dragselectid=\"iframe\" class=\"tos-app draggable\" data-id=\"openclaw\" data-type=\"desktop_sys_app\" data-volumepath=\"\" data-path=\"/openclaw/\" data-name=\"openclaw.oexe\" data-drag=\"/openclaw/?iframe\" data-icon=\"https://app.terra-master.com/images/tos7/x86_64/openclaw/0.0.109/openclaw.svg\" data-label=\"OpenClaw\" data-position=\"desktop\" data-f_type=\"oexe\">\u003Cdiv data-v-5bce1a4c=\"\" class=\"tos-icon\">\u003Cimg data-v-5bce1a4c=\"\" src=\"https://app.terra-master.com/images/tos7/x86_64/openclaw/0.0.109/openclaw.svg\">\u003Cdiv data-v-5bce1a4c=\"\" class=\"beta\"> Beta \u003C/div>\u003C!---->\u003C/div>\u003Cdiv data-v-5bce1a4c=\"\" class=\"tos-title\">OpenClaw\u003C/div>\u003C!---->\u003Ci data-v-5bce1a4c=\"\">\u003C/i>\u003C/div>\u003Cdiv data-v-5bce1a4c=\"\" title=\"安全顾问\" dragselecttype=\"security_scanning.oexe\" dragselectid=\"oexe\" class=\"tos-app draggable\" data-id=\"security_scanning\" data-type=\"desktop_sys_app\" data-volumepath=\"\" data-path=\"/security_scanning\" data-name=\"security_scanning.oexe\" data-drag=\"/security_scanning?oexe\" data-icon=\"/static/images/desktop/Safety_Guidance.svg\" data-label=\"file_manager,security_guidance\" data-position=\"desktop\" data-f_type=\"oexe\">\u003Cdiv data-v-5bce1a4c=\"\" class=\"tos-icon\">\u003Cimg data-v-5bce1a4c=\"\" src=\"/static/images/desktop/Safety_Guidance.svg\">\u003C!---->\u003C!---->\u003C/div>\u003Cdiv data-v-5bce1a4c=\"\" class=\"tos-title\">安全顾问\u003C/div>\u003C!---->\u003Ci data-v-5bce1a4c=\"\">\u003C/i>\u003C/div>\u003Cdiv data-v-5bce1a4c=\"\" title=\"终端\" dragselecttype=\"terminal.oexe\" dragselectid=\"oexe\" class=\"tos-app draggable\" data-id=\"terminal\" data-type=\"terminal\" data-volumepath=\"\" data-path=\"/terminal\" data-name=\"terminal.oexe\" data-drag=\"/terminal?oexe\" data-icon=\"/static/images/desktop/Terminal.svg\" data-label=\"app_store,terminal\" data-position=\"desktop\" data-f_type=\"oexe\">\u003Cdiv data-v-5bce1a4c=\"\" class=\"tos-icon\">\u003Cimg data-v-5bce1a4c=\"\" src=\"/static/images/desktop/Terminal.svg\">\u003C!---->\u003C!---->\u003C/div>\u003Cdiv data-v-5bce1a4c=\"\" class=\"tos-title\">终端\u003C/div>\u003C!---->\u003Ci data-v-5bce1a4c=\"\">\u003C/i>\u003C/div>\u003Cdiv data-v-5bce1a4c=\"\" title=\"TOS API/CLI/Skill 测试工具\" dragselecttype=\"tos_api_cli_tester.oexe\" dragselectid=\"oexe\" class=\"tos-app draggable\" data-id=\"tos_api_cli_tester\" data-type=\"desktop_app\" data-volumepath=\"\" data-path=\"/tos_api_cli_tester/\" data-name=\"tos_api_cli_tester.oexe\" data-drag=\"/tos_api_cli_tester/?oexe\" data-icon=\"/images/icons/tos_api_cli_tester.svg?modificationTime=1779634346\" data-label=\"TOS API/CLI/Skill 测试工具\" data-position=\"desktop\" data-f_type=\"oexe\">\u003Cdiv data-v-5bce1a4c=\"\" class=\"tos-icon\">\u003Cimg data-v-5bce1a4c=\"\" src=\"/images/icons/tos_api_cli_tester.svg?modificationTime=1779634346\">\u003C!---->\u003C!---->\u003C/div>\u003Cdiv data-v-5bce1a4c=\"\" class=\"tos-title\">TOS API/CLI/Skill 测试工具\u003C/div>\u003C!---->\u003Ci data-v-5bce1a4c=\"\">\u003C/i>\u003C/div>\u003Cdiv data-v-5bce1a4c=\"\" title=\"Docker Manager\" dragselecttype=\"docker.oexe\" dragselectid=\"oexe\" class=\"tos-app draggable\" data-id=\"docker\" data-type=\"desktop_sys_app\" data-volumepath=\"\" data-path=\"/docker/\" data-name=\"docker.oexe\" data-drag=\"/docker/?oexe\" data-icon=\"/static/images/desktop/docker.svg\" data-label=\"Docker Manager\" data-position=\"desktop\" data-f_type=\"oexe\">\u003Cdiv data-v-5bce1a4c=\"\" class=\"tos-icon\">\u003Cimg data-v-5bce1a4c=\"\" src=\"/static/images/desktop/docker.svg\">\u003C!---->\u003C!---->\u003C/div>\u003Cdiv data-v-5bce1a4c=\"\" class=\"tos-title\">Docker Manager\u003C/div>\u003C!---->\u003Ci data-v-5bce1a4c=\"\">\u003C/i>\u003C/div>\u003Cdiv data-v-5bce1a4c=\"\" class=\"adnanced\">\u003Cdiv data-v-5bce1a4c=\"\" class=\"backdrop\">\u003C!---->\u003C/div>\u003Cdiv data-v-5bce1a4c=\"\" class=\"backdrop\">\u003C!---->\u003C/div>\u003C/div>\u003Cdiv data-v-29022a20=\"\" data-v-e92f5592=\"\" data-v-5bce1a4c=\"\" class=\"popup-wrap popup-fitheight-wrap client-recommend-popup\">\u003C!---->\u003Cdiv data-v-29022a20=\"\" class=\"popup-mark\" style=\"display: none;\">\u003C/div>\u003C/div>\u003C!---->\u003C!---->\u003C!---->\u003C!---->\u003C!---->\u003C!---->\u003C!---->\u003C!---->\u003C!---->\u003C!---->\u003C!---->\u003C!---->\u003C!---->\u003C!---->\u003C!---->\u003C!---->\u003Cdiv data-v-2dc12ca0=\"\" data-v-5bce1a4c=\"\" class=\"x-dialog-user_setting\">\u003C!---->\u003C!---->\u003Cdiv data-v-2dc12ca0=\"\" class=\"tos-dialog\" style=\"width: 1180px; height: 680px; top: 22px; left: 145px; z-index: 5000;\">\u003Cdiv data-v-4e0a48fd=\"\" data-v-2dc12ca0=\"\" class=\"tos-dialog-header-wrapper\">\u003Cdiv data-v-4e0a48fd=\"\" class=\"tos-dialog-header\">\u003Cdiv data-v-4e0a48fd=\"\" class=\"tos-dialog-header-icon\" style=\"background-image: url(&quot;/static/images/global/Settings.svg&quot;);\">\u003C/div>\u003Cdiv data-v-4e0a48fd=\"\" class=\"tos-dialog-header-title\">\u003Cspan data-v-4e0a48fd=\"\">用户设置\u003C/span>\u003C/div>\u003C/div>\u003C/div>\u003Cdiv data-v-3936db59=\"\" data-v-2dc12ca0=\"\" class=\"tos-dialog-menu\">\u003Cdiv data-v-3936db59=\"\" class=\"tos-dialog-move\">\u003C/div>\u003C!---->\u003C!---->\u003Cdiv data-v-3936db59=\"\" title=\"关闭\" class=\"tos-button-close\">\u003Ci data-v-3936db59=\"\" class=\"iconfont iconReject\">\u003C/i>\u003C/div>\u003C/div>\u003Cdiv data-v-2dc12ca0=\"\" class=\"tos-dialog-resize-top\">\u003C/div>\u003Cdiv data-v-2dc12ca0=\"\" class=\"tos-dialog-resize-right\">\u003C/div>\u003Cdiv data-v-2dc12ca0=\"\" class=\"tos-dialog-resize-bottom\">\u003C/div>\u003Cdiv data-v-2dc12ca0=\"\" class=\"tos-dialog-resize-left\">\u003C/div>\u003Cdiv data-v-2dc12ca0=\"\" class=\"tos-dialog-resize-top-right\">\u003C/div>\u003Cdiv data-v-2dc12ca0=\"\" class=\"tos-dialog-resize-bottom-right\">\u003Ci data-v-2dc12ca0=\"\" class=\"iconfont iconresize_corner\">\u003C/i>\u003C/div>\u003Cdiv data-v-2dc12ca0=\"\" class=\"tos-dialog-resize-top-left\">\u003C/div>\u003Cdiv data-v-2dc12ca0=\"\" class=\"tos-dialog-resize-bottom-left\">\u003C/div>\u003C!---->\u003Cdiv data-v-2dc12ca0=\"\" class=\"tos-dialog-wrap\" style=\"height: 680px; flex: unset;\">\u003C!---->\u003C!---->\u003C!---->\u003C!---->\u003Cdiv data-v-67f4a501=\"\" data-v-2dc12ca0=\"\" class=\"tos-dialog-left\" type=\"user_setting\" main-id=\"user_setting\" style=\"width: 220px;\" event-emitter=\"function () { [native code] }\">\u003Cdiv data-v-67f4a501=\"\" class=\"tos-dialog-left-resize\">\u003C/div>\u003Cdiv data-v-67f4a501=\"\" class=\"tos-dialog-content\">\u003Cdiv data-v-71072b9c=\"\" data-v-67f4a501=\"\" type=\"user_setting\" main-id=\"user_setting\" event-emitter=\"function () { [native code] }\">\u003C!---->\u003Cdiv data-v-71072b9c=\"\" class=\"tab\" style=\"top: 0px;\">\u003Cdiv data-v-71072b9c=\"\" class=\"el-scrollbar\">\u003Cdiv class=\"el-scrollbar__wrap\" style=\"margin-bottom: -8px; margin-right: -8px;\">\u003Cdiv class=\"el-scrollbar__view\">\u003Cdiv data-v-71072b9c=\"\" class=\"activetag\" style=\"top: 5px;\">\u003C/div>\u003Cul data-v-71072b9c=\"\">\u003Cli data-v-71072b9c=\"\" data-id=\"setting_user\" class=\"tab-list\">\u003Cspan data-v-71072b9c=\"\" class=\"tab-list-iconfont\">\u003Ci data-v-71072b9c=\"\" class=\"iconfont iconuesr_set_account\">\u003C/i>\u003C/span>\u003Cspan data-v-71072b9c=\"\" title=\"账号\" class=\"tab-list-title\">账号\u003C/span>\u003C!---->\u003C/li>\u003Cli data-v-71072b9c=\"\" data-id=\"wall\" class=\"tab-list\">\u003Cspan data-v-71072b9c=\"\" class=\"tab-list-iconfont\">\u003Ci data-v-71072b9c=\"\" class=\"iconfont iconuesr_set_display\">\u003C/i>\u003C/span>\u003Cspan data-v-71072b9c=\"\" title=\"显示\" class=\"tab-list-title\">显示\u003C/span>\u003C!---->\u003C/li>\u003C/ul>\u003C/div>\u003C/div>\u003Cdiv class=\"el-scrollbar__bar is-horizontal\">\u003Cdiv class=\"el-scrollbar__thumb\" style=\"transform: translateX(0%);\">\u003C/div>\u003C/div>\u003Cdiv class=\"el-scrollbar__bar is-vertical\">\u003Cdiv class=\"el-scrollbar__thumb\" style=\"transform: translateY(0%);\">\u003C/div>\u003C/div>\u003C/div>\u003C/div>\u003C/div>\u003C/div>\u003C/div>\u003Cdiv data-v-2dc12ca0=\"\" class=\"tos-dialog-frame user_setting\">\u003Cdiv data-v-2dc12ca0=\"\" class=\"tos-dialog-content\">\u003Cdiv data-v-532628a3=\"\" data-v-2dc12ca0=\"\" class=\"tos-tabIndex-layout\" type=\"user_setting\" path=\"\" dialogstyle=\"[object Object]\" open-id=\"user_setting\" title-name=\"账号\" detail=\"[object Object]\">\u003Cdiv data-v-532628a3=\"\" class=\"tos-tabIndex-body\">\u003Cdiv data-v-5b7c7069=\"\" data-v-532628a3=\"\" class=\"tos-tab-layout\" type=\"user_setting\" path=\"\" dialogstyle=\"[object Object]\" open-id=\"user_setting\" title-name=\"账号\" detail=\"[object Object]\">\u003Cdiv data-v-12fd7ed6=\"\" data-v-5b7c7069=\"\" class=\"tab-slider\">\u003Cdiv data-v-12fd7ed6=\"\" class=\"tab-slider-item\" style=\"color: var(--compoents-tabSlider-color); padding-left: 0px;\"> 用户信息 \u003C/div>\u003Cdiv data-v-12fd7ed6=\"\" class=\"tab-slider-item\"> 账号安全 \u003C/div>\u003Cdiv data-v-12fd7ed6=\"\" class=\"tab-slider-item\"> 其它 \u003C/div>\u003Cspan data-v-12fd7ed6=\"\" class=\"tab-slider-bar\" style=\"left: 12px; width: 32px;\">\u003C/span>\u003C/div>\u003Cdiv data-v-5b7c7069=\"\" class=\"tos-tab-body\">\u003Cdiv data-v-12d3e104=\"\" data-v-5b7c7069=\"\" class=\"user-info\">\u003Cdiv data-v-12d3e104=\"\" class=\"choose-image\">\u003Cdiv data-v-12d3e104=\"\" class=\"imgbox\">\u003Cdiv data-v-12d3e104=\"\" alt=\"\" style=\"background-image: url(&quot;img/avatar.d1c21810.svg?v=1780503475898&quot;); max-width: 100%; height: 100%; background-size: cover;\">\u003C/div>\u003Ci data-v-12d3e104=\"\" class=\"iconfont iconEdit\">\u003C/i>\u003C/div>\u003Cdiv data-v-12d3e104=\"\" class=\"user-info-name\">\u003Cdiv data-v-12d3e104=\"\" style=\"font-weight: 700;\">test\u003C/div>\u003Cdiv data-v-12d3e104=\"\">超级用户\u003C/div>\u003C/div>\u003C/div>\u003Cdiv data-v-108c19fc=\"\" data-v-12d3e104=\"\" class=\"x-customLine custom-row userselect-text\" style=\"margin-left: 0px; width: 100%;\">\u003Cdiv data-v-108c19fc=\"\" class=\"row-label\" style=\"margin-right: 0px;\">\u003Cdiv data-v-108c19fc=\"\" class=\"row-space\" style=\"width: 0px;\">\u003C/div>\u003Clabel data-v-108c19fc=\"\" for=\"描述\" style=\"cursor: initial;\">\u003C!---->\u003Cp data-v-108c19fc=\"\">描述\u003C/p>\u003C/label>\u003Cdiv data-v-108c19fc=\"\" class=\"reference\">\u003C!---->\u003C/div>\u003C/div>\u003Cdiv data-v-108c19fc=\"\" class=\"row-value userselect-text html\">\u003Cdiv data-v-3f8ba0f9=\"\" data-v-12d3e104=\"\" class=\"x-input\" data-v-108c19fc=\"\">\u003Cdiv data-v-3f8ba0f9=\"\" class=\"Xinput\">\u003Cinput data-v-3f8ba0f9=\"\" type=\"file\" accept=\"*\" style=\"display: none;\">\u003Cinput data-v-3f8ba0f9=\"\" type=\"text\" id=\"0.6239547876844607\" placeholder=\"\" maxlength=\"-1\" tabindex=\"0\" class=\"Xinput-input__inner\" style=\"padding-right: 32px;\">\u003Cdiv data-v-3f8ba0f9=\"\" class=\"suffixBox\">\u003Ci data-v-3f8ba0f9=\"\" class=\"el-icon-error clear\">\u003C/i>\u003C!---->\u003C!---->\u003C!---->\u003C!---->\u003C/div>\u003C!---->\u003C/div>\u003Cdiv data-v-3f8ba0f9=\"\" data-v-227d9aec=\"\" style=\"overflow: hidden; width: 92%; display: none;\">\u003C!---->\u003C/div>\u003C/div>\u003C/div>\u003C/div>\u003Cdiv data-v-108c19fc=\"\" data-v-12d3e104=\"\" class=\"x-customLine custom-row userselect-text\" style=\"margin-left: 0px; width: 100%;\">\u003Cdiv data-v-108c19fc=\"\" class=\"row-label\" style=\"margin-right: 0px;\">\u003Cdiv data-v-108c19fc=\"\" class=\"row-space\" style=\"width: 0px;\">\u003C/div>\u003Clabel data-v-108c19fc=\"\" for=\"密码\" style=\"cursor: initial;\">\u003C!---->\u003Cp data-v-108c19fc=\"\">密码\u003C/p>\u003C/label>\u003Cdiv data-v-108c19fc=\"\" class=\"reference\">\u003C!---->\u003C/div>\u003C/div>\u003Cdiv data-v-108c19fc=\"\" class=\"row-value userselect-text html\">\u003Cdiv data-v-12d3e104=\"\" data-v-108c19fc=\"\" class=\"password-row\">\u003Cdiv data-v-3f8ba0f9=\"\" data-v-12d3e104=\"\" class=\"x-input\" data-v-108c19fc=\"\" style=\"flex: 1 1 0%;\">\u003Cdiv data-v-3f8ba0f9=\"\" class=\"Xinput\">\u003Cinput data-v-3f8ba0f9=\"\" type=\"file\" accept=\"*\" style=\"display: none;\">\u003Cinput data-v-3f8ba0f9=\"\" type=\"password\" id=\"0.5488037371081761\" placeholder=\"\" maxlength=\"-1\" tabindex=\"0\" disabled=\"disabled\" class=\"Xinput-input__inner fullWidth\" style=\"padding-right: 32px;\">\u003Cdiv data-v-3f8ba0f9=\"\" class=\"suffixBox\">\u003Ci data-v-3f8ba0f9=\"\" class=\"el-icon-error clear\">\u003C/i>\u003C!---->\u003C!---->\u003C!---->\u003C!---->\u003C/div>\u003C!---->\u003C/div>\u003Cdiv data-v-3f8ba0f9=\"\" data-v-227d9aec=\"\" style=\"overflow: hidden; width: 92%; display: none;\">\u003C!---->\u003C/div>\u003C/div>\u003Cdiv data-v-569b348b=\"\" data-v-12d3e104=\"\" class=\"button-box\" data-v-108c19fc=\"\">\u003Cbutton data-v-569b348b=\"\" class=\"el-tooltip button white\" aria-describedby=\"el-tooltip-1554\" tabindex=\"0\">\u003C!---->\u003Ci data-v-569b348b=\"\" class=\"onlyIcon iconfont iconEdit\">\u003C/i>\u003C/button>\u003C/div>\u003C/div>\u003Cdiv data-v-12d3e104=\"\" data-v-108c19fc=\"\">\u003C/div>\u003C/div>\u003C/div>\u003Cdiv data-v-108c19fc=\"\" data-v-12d3e104=\"\" class=\"x-customLine custom-row userselect-text\" style=\"margin-left: 0px; width: 100%;\">\u003Cdiv data-v-108c19fc=\"\" class=\"row-label\" style=\"margin-right: 0px;\">\u003Cdiv data-v-108c19fc=\"\" class=\"row-space\" style=\"width: 0px;\">\u003C/div>\u003Clabel data-v-108c19fc=\"\" for=\"密保邮箱\" style=\"cursor: initial;\">\u003C!---->\u003Cp data-v-108c19fc=\"\">密保邮箱\u003C/p>\u003C/label>\u003Cdiv data-v-108c19fc=\"\" class=\"reference\">\u003C!---->\u003C/div>\u003C/div>\u003Cdiv data-v-108c19fc=\"\" class=\"row-value userselect-text html\">\u003Cdiv data-v-3f8ba0f9=\"\" data-v-12d3e104=\"\" class=\"x-input\" data-v-108c19fc=\"\">\u003Cdiv data-v-3f8ba0f9=\"\" class=\"Xinput\">\u003Cinput data-v-3f8ba0f9=\"\" type=\"file\" accept=\"*\" style=\"display: none;\">\u003Cinput data-v-3f8ba0f9=\"\" type=\"text\" id=\"0.6717058717293728\" placeholder=\"\" maxlength=\"-1\" tabindex=\"0\" class=\"Xinput-input__inner\" style=\"padding-right: 32px;\">\u003Cdiv data-v-3f8ba0f9=\"\" class=\"suffixBox\">\u003Ci data-v-3f8ba0f9=\"\" class=\"el-icon-error clear\">\u003C/i>\u003C!---->\u003C!---->\u003C!---->\u003C!---->\u003C/div>\u003C!---->\u003C/div>\u003Cdiv data-v-3f8ba0f9=\"\" data-v-227d9aec=\"\" style=\"overflow: hidden; width: 92%; display: none;\">\u003C!---->\u003C/div>\u003C/div>\u003C/div>\u003C/div>\u003Cdiv data-v-108c19fc=\"\" data-v-12d3e104=\"\" class=\"x-customLine custom-row userselect-text\" style=\"margin-left: 0px; width: 100%;\">\u003Cdiv data-v-108c19fc=\"\" class=\"row-label\" style=\"margin-right: 0px;\">\u003Cdiv data-v-108c19fc=\"\" class=\"row-space\" style=\"width: 0px;\">\u003C/div>\u003Clabel data-v-108c19fc=\"\" for=\"电话号码\" style=\"cursor: initial;\">\u003C!---->\u003Cp data-v-108c19fc=\"\">电话号码\u003C/p>\u003C/label>\u003Cdiv data-v-108c19fc=\"\" class=\"reference\">\u003C!---->\u003C/div>\u003C/div>\u003Cdiv data-v-108c19fc=\"\" class=\"row-value userselect-text html\">\u003Cdiv data-v-3f8ba0f9=\"\" data-v-12d3e104=\"\" class=\"x-input\" data-v-108c19fc=\"\">\u003Cdiv data-v-3f8ba0f9=\"\" class=\"Xinput\">\u003Cinput data-v-3f8ba0f9=\"\" type=\"file\" accept=\"*\" style=\"display: none;\">\u003Cinput data-v-3f8ba0f9=\"\" type=\"text\" id=\"0.46857779821914736\" placeholder=\"\" maxlength=\"-1\" tabindex=\"0\" class=\"Xinput-input__inner\" style=\"padding-right: 32px;\">\u003Cdiv data-v-3f8ba0f9=\"\" class=\"suffixBox\">\u003Ci data-v-3f8ba0f9=\"\" class=\"el-icon-error clear\">\u003C/i>\u003C!---->\u003C!---->\u003C!---->\u003C!---->\u003C/div>\u003C!---->\u003C/div>\u003Cdiv data-v-3f8ba0f9=\"\" data-v-227d9aec=\"\" style=\"overflow: hidden; width: 92%; display: none;\">\u003C!---->\u003C/div>\u003C/div>\u003C/div>\u003C/div>\u003Cdiv data-v-108c19fc=\"\" data-v-12d3e104=\"\" class=\"x-customLine custom-row userselect-text\" style=\"margin-left: 0px; width: 100%;\">\u003Cdiv data-v-108c19fc=\"\" class=\"row-label\" style=\"margin-right: 0px;\">\u003Cdiv data-v-108c19fc=\"\" class=\"row-space\" style=\"width: 0px;\">\u003C/div>\u003Clabel data-v-108c19fc=\"\" for=\"存储配额\" style=\"cursor: initial;\">\u003C!---->\u003Cp data-v-108c19fc=\"\">存储配额\u003C/p>\u003C/label>\u003Cdiv data-v-108c19fc=\"\" class=\"reference\">\u003C!---->\u003C/div>\u003C/div>\u003Cdiv data-v-108c19fc=\"\" class=\"row-value userselect-text html\">\u003Cdiv data-v-12d3e104=\"\" data-v-108c19fc=\"\" style=\"width: 92%; line-height: 30px; white-space: nowrap; overflow: hidden; text-overflow: ellipsis;\">\u003Cspan data-v-12d3e104=\"\" class=\"el-tooltip\" data-v-108c19fc=\"\" aria-describedby=\"el-tooltip-6558\" tabindex=\"0\">0\u003C/span>\u003C/div>\u003C/div>\u003C/div>\u003Cdiv data-v-108c19fc=\"\" data-v-12d3e104=\"\" class=\"x-customLine custom-row userselect-text\" style=\"margin-left: 0px; width: 100%;\">\u003Cdiv data-v-108c19fc=\"\" class=\"row-label\" style=\"margin-right: 0px;\">\u003Cdiv data-v-108c19fc=\"\" class=\"row-space\" style=\"width: 0px;\">\u003C/div>\u003Clabel data-v-108c19fc=\"\" for=\"语言\" style=\"cursor: initial;\">\u003C!---->\u003Cp data-v-108c19fc=\"\">语言\u003C/p>\u003C/label>\u003Cdiv data-v-108c19fc=\"\" class=\"reference\">\u003C!---->\u003C/div>\u003C/div>\u003Cdiv data-v-108c19fc=\"\" class=\"row-value userselect-text html\">\u003Cdiv data-v-9d53b1da=\"\" data-v-12d3e104=\"\" class=\"select x-select\" data-v-108c19fc=\"\">\u003Cdiv data-v-9d53b1da=\"\" class=\"select-mask\" style=\"cursor: pointer;\">\u003C/div>\u003Cinput data-v-9d53b1da=\"\" type=\"text\" readonly=\"readonly\" class=\"TosInput\">\u003Cinput data-v-9d53b1da=\"\" autocomplete=\"new-password\" type=\"text\" class=\"TosInput\" style=\"display: none;\">\u003Ci data-v-9d53b1da=\"\" class=\"el-icon-arrow-down TosEdge\">\u003C/i>\u003C!---->\u003Cdiv data-v-9d53b1da=\"\" data-v-227d9aec=\"\" class=\"TosItems selectUp\" style=\"display: none;\">\u003Cdiv data-v-9d53b1da=\"\" class=\"tos-select-item\" style=\"height: 462px; max-height: 206px;\">\u003Cdiv data-v-9d53b1da=\"\" class=\"el-scrollbar\">\u003Cdiv class=\"el-scrollbar__wrap\" style=\"margin-bottom: -8px; margin-right: -8px;\">\u003Cdiv class=\"el-scrollbar__view\">\u003Cdiv data-v-9d53b1da=\"\" title=\"English\" class=\"dd\">\u003Cdiv data-v-9d53b1da=\"\" class=\"first_name\">\u003C!---->\u003C!---->\u003Cspan data-v-9d53b1da=\"\">English\u003C/span>\u003C/div>\u003C!---->\u003C/div>\u003Cdiv data-v-9d53b1da=\"\" title=\"Deutsch\" class=\"dd\">\u003Cdiv data-v-9d53b1da=\"\" class=\"first_name\">\u003C!---->\u003C!---->\u003Cspan data-v-9d53b1da=\"\">Deutsch\u003C/span>\u003C/div>\u003C!---->\u003C/div>\u003Cdiv data-v-9d53b1da=\"\" title=\"Français\" class=\"dd\">\u003Cdiv data-v-9d53b1da=\"\" class=\"first_name\">\u003C!---->\u003C!---->\u003Cspan data-v-9d53b1da=\"\">Français\u003C/span>\u003C/div>\u003C!---->\u003C/div>\u003Cdiv data-v-9d53b1da=\"\" title=\"Español\" class=\"dd\">\u003Cdiv data-v-9d53b1da=\"\" class=\"first_name\">\u003C!---->\u003C!---->\u003Cspan data-v-9d53b1da=\"\">Español\u003C/span>\u003C/div>\u003C!---->\u003C/div>\u003Cdiv data-v-9d53b1da=\"\" title=\"Italiano\" class=\"dd\">\u003Cdiv data-v-9d53b1da=\"\" class=\"first_name\">\u003C!---->\u003C!---->\u003Cspan data-v-9d53b1da=\"\">Italiano\u003C/span>\u003C/div>\u003C!---->\u003C/div>\u003Cdiv data-v-9d53b1da=\"\" title=\"Magyar\" class=\"dd\">\u003Cdiv data-v-9d53b1da=\"\" class=\"first_name\">\u003C!---->\u003C!---->\u003Cspan data-v-9d53b1da=\"\">Magyar\u003C/span>\u003C/div>\u003C!---->\u003C/div>\u003Cdiv data-v-9d53b1da=\"\" title=\"Polski\" class=\"dd\">\u003Cdiv data-v-9d53b1da=\"\" class=\"first_name\">\u003C!---->\u003C!---->\u003Cspan data-v-9d53b1da=\"\">Polski\u003C/span>\u003C/div>\u003C!---->\u003C/div>\u003Cdiv data-v-9d53b1da=\"\" title=\"Türkçe\" class=\"dd\">\u003Cdiv data-v-9d53b1da=\"\" class=\"first_name\">\u003C!---->\u003C!---->\u003Cspan data-v-9d53b1da=\"\">Türkçe\u003C/span>\u003C/div>\u003C!---->\u003C/div>\u003Cdiv data-v-9d53b1da=\"\" title=\"Россия\" class=\"dd\">\u003Cdiv data-v-9d53b1da=\"\" class=\"first_name\">\u003C!---->\u003C!---->\u003Cspan data-v-9d53b1da=\"\">Россия\u003C/span>\u003C/div>\u003C!---->\u003C/div>\u003Cdiv data-v-9d53b1da=\"\" title=\"Português\" class=\"dd\">\u003Cdiv data-v-9d53b1da=\"\" class=\"first_name\">\u003C!---->\u003C!---->\u003Cspan data-v-9d53b1da=\"\">Português\u003C/span>\u003C/div>\u003C!---->\u003C/div>\u003Cdiv data-v-9d53b1da=\"\" title=\"简体中文\" class=\"dd selected\">\u003Cdiv data-v-9d53b1da=\"\" class=\"first_name\">\u003C!---->\u003C!---->\u003Cspan data-v-9d53b1da=\"\">简体中文\u003C/span>\u003C/div>\u003C!---->\u003C/div>\u003Cdiv data-v-9d53b1da=\"\" title=\"繁體中文\" class=\"dd\">\u003Cdiv data-v-9d53b1da=\"\" class=\"first_name\">\u003C!---->\u003C!---->\u003Cspan data-v-9d53b1da=\"\">繁體中文\u003C/span>\u003C/div>\u003C!---->\u003C/div>\u003Cdiv data-v-9d53b1da=\"\" title=\"日本語\" class=\"dd\">\u003Cdiv data-v-9d53b1da=\"\" class=\"first_name\">\u003C!---->\u003C!---->\u003Cspan data-v-9d53b1da=\"\">日本語\u003C/span>\u003C/div>\u003C!---->\u003C/div>\u003Cdiv data-v-9d53b1da=\"\" title=\"한국어\" class=\"dd\">\u003Cdiv data-v-9d53b1da=\"\" class=\"first_name\">\u003C!---->\u003C!---->\u003Cspan data-v-9d53b1da=\"\">한국어\u003C/span>\u003C/div>\u003C!---->\u003C/div>\u003C!---->\u003C/div>\u003C/div>\u003Cdiv class=\"el-scrollbar__bar is-horizontal\">\u003Cdiv class=\"el-scrollbar__thumb\" style=\"transform: translateX(0%);\">\u003C/div>\u003C/div>\u003Cdiv class=\"el-scrollbar__bar is-vertical\">\u003Cdiv class=\"el-scrollbar__thumb\" style=\"transform: translateY(0%);\">\u003C/div>\u003C/div>\u003C/div>\u003C/div>\u003C/div>\u003C/div>\u003C/div>\u003C/div>\u003Cdiv data-v-005a6e01=\"\" data-v-12d3e104=\"\">\u003C!---->\u003Cdiv data-v-005a6e01=\"\" class=\"enter-password-mark\" style=\"display: none;\">\u003C/div>\u003C/div>\u003C!---->\u003C/div>\u003C/div>\u003C/div>\u003C/div>\u003Cdiv data-v-1e7cdf90=\"\" data-v-532628a3=\"\" class=\"tos-button-box\" style=\"z-index: 0; height: 54px;\">\u003C!---->\u003Cdiv data-v-569b348b=\"\" data-v-532628a3=\"\" class=\"button-box\" data-v-1e7cdf90=\"\">\u003Cbutton data-v-569b348b=\"\" class=\"el-tooltip button emphasis\" aria-describedby=\"el-tooltip-9085\" tabindex=\"0\" disabled=\"disabled\">\u003C!---->\u003Cspan data-v-569b348b=\"\">应用\u003C/span>\u003C/button>\u003C/div>\u003C/div>\u003C/div>\u003C/div>\u003C/div>\u003C!---->\u003C/div>\u003C!---->\u003Cdiv data-v-25221402=\"\" data-v-2dc12ca0=\"\" class=\"container\">\u003C!---->\u003C!---->\u003C/div>\u003Cdiv class=\"el-loading-mask\" style=\"display: none;\">\u003Cdiv class=\"el-loading-spinner\">\u003Ci class=\"circular\">\u003C/i>\u003C!---->\u003C/div>\u003C/div>\u003C/div>\u003C/div>\u003C!---->\u003C!---->\u003C!---->\u003C/div>\u003C!---->\u003C!---->\u003C/div>\u003Cdiv data-v-0f63345b=\"\" data-v-5bce1a4c=\"\" class=\"contextmenu\" style=\"left: 735px; top: 421px; display: block;\">\u003Cdiv data-v-69edd53c=\"\" data-v-0f63345b=\"\" class=\"x-contextmenu\" style=\"display: none;\">\u003Cul data-v-69edd53c=\"\" class=\"context-menu-list fadein\">\u003C/ul>\u003C/div>\u003C/div>\u003C!---->\u003C!---->\u003C!---->\u003C!---->\u003C!---->\u003Cdiv data-v-25221402=\"\" data-v-5bce1a4c=\"\" class=\"container\">\u003C!---->\u003C!---->\u003C/div>\u003C!---->\u003C/div>\u003Cdiv data-v-5bce1a4c=\"\" id=\"v-step-resouce-board\" class=\"resouce-board\" style=\"\">\u003Cdiv data-v-5bce1a4c=\"\" class=\"resouce-board-in backdrop_in\">\u003Ci data-v-5bce1a4c=\"\" class=\"el-tooltip iconfont icontosboard iconhover\" aria-describedby=\"el-tooltip-6199\" tabindex=\"0\">\u003C/i>\u003Ci data-v-5bce1a4c=\"\" class=\"el-tooltip iconfont iconNotifications iconhover\" aria-describedby=\"el-tooltip-725\" tabindex=\"0\">\u003C/i>\u003Ci data-v-5bce1a4c=\"\" class=\"el-tooltip iconfont iconSearch iconhover\" aria-describedby=\"el-tooltip-7239\" tabindex=\"0\">\u003C/i>\u003C!---->\u003C!---->\u003Ci data-v-5bce1a4c=\"\" class=\"el-tooltip iconfont iconmore_help-2 iconhover\" aria-describedby=\"el-tooltip-8868\" tabindex=\"0\">\u003C/i>\u003C!---->\u003C/div>\u003C/div>\u003Cdiv data-v-22f5521e=\"\" data-v-5bce1a4c=\"\" class=\"resource static\" style=\"right: -480px; top: 60px;\">\u003Cdiv data-v-22f5521e=\"\" class=\"fitHeight\">\u003Cdiv data-v-22f5521e=\"\" class=\"resource-header\">\u003Ch1 data-v-22f5521e=\"\" class=\"resource-title\">\u003Cdiv data-v-22f5521e=\"\" class=\"user_name\"> 您好，\u003Cspan data-v-22f5521e=\"\" class=\"username\">test\u003C/span>\u003C/div>\u003Cdiv data-v-22f5521e=\"\" class=\"features\">\u003Cdiv data-v-22f5521e=\"\" class=\"el-tooltip iconfont-container\" aria-describedby=\"el-tooltip-61\" tabindex=\"0\">\u003Ci data-v-22f5521e=\"\" class=\"iconfont iconPin\">\u003C/i>\u003C/div>\u003Cdiv data-v-22f5521e=\"\" class=\"el-tooltip iconfont-container\" aria-describedby=\"el-tooltip-5794\" tabindex=\"0\">\u003Ci data-v-22f5521e=\"\" class=\"iconfont iconrongqi1\">\u003C/i>\u003C/div>\u003C/div>\u003C/h1>\u003Cdiv data-v-22f5521e=\"\" class=\"resource-time\">\u003Cdiv data-v-22f5521e=\"\" class=\"time\">00:18 \u003C/div>\u003Cdiv data-v-22f5521e=\"\" class=\"date\">2026/06/04 星期四\u003C/div>\u003C/div>\u003C/div>\u003Cdiv data-v-22f5521e=\"\" class=\"el-scrollbar\">\u003Cdiv class=\"el-scrollbar__wrap\" style=\"margin-bottom: -8px; margin-right: -8px;\">\u003Cdiv class=\"el-scrollbar__view\">\u003Cdiv data-v-22f5521e=\"\" class=\"box\">\u003Cdiv data-v-22f5521e=\"\" class=\"vue-grid-layout\" style=\"height: 10px;\">\u003Cdiv class=\"vue-grid-item vue-grid-placeholder cssTransforms\" style=\"display: none; transform: translate3d(10px, 10px, 0px); width: 0px; height: 0px; position: absolute;\">\u003C!---->\u003C/div>\u003Cdiv class=\"erd_scroll_detection_container erd_scroll_detection_container_animation_active\" style=\"visibility: hidden; display: inline; width: 0px; height: 0px; z-index: -1; overflow: hidden; margin: 0px; padding: 0px;\">\u003Cdiv dir=\"ltr\" class=\"erd_scroll_detection_container\" style=\"position: absolute; flex: 0 0 auto; overflow: hidden; z-index: -1; visibility: hidden; width: 100%; height: 100%; left: 0px; top: 0px;\">\u003Cdiv class=\"erd_scroll_detection_container\" style=\"position: absolute; flex: 0 0 auto; overflow: hidden; z-index: -1; visibility: hidden; inset: -9px -8px -8px -9px;\">\u003Cdiv style=\"position: absolute; flex: 0 0 auto; overflow: scroll; z-index: -1; visibility: hidden; width: 100%; height: 100%;\">\u003Cdiv style=\"position: absolute; left: 0px; top: 0px; width: 427px; height: 37px;\">\u003C/div>\u003C/div>\u003Cdiv style=\"position: absolute; flex: 0 0 auto; overflow: scroll; z-index: -1; visibility: hidden; width: 100%; height: 100%;\">\u003Cdiv style=\"position: absolute; width: 200%; height: 200%;\">\u003C/div>\u003C/div>\u003C/div>\u003C/div>\u003C/div>\u003C/div>\u003C/div>\u003C/div>\u003C/div>\u003Cdiv class=\"el-scrollbar__bar is-horizontal\">\u003Cdiv class=\"el-scrollbar__thumb\" style=\"transform: translateX(0%);\">\u003C/div>\u003C/div>\u003Cdiv class=\"el-scrollbar__bar is-vertical\">\u003Cdiv class=\"el-scrollbar__thumb\" style=\"transform: translateY(0%);\">\u003C/div>\u003C/div>\u003C/div>\u003C/div>\u003Cdiv data-v-67163b94=\"\" data-v-22f5521e=\"\" class=\"createReceiving\" style=\"display: none;\">\u003Cdiv data-v-67163b94=\"\" class=\"wrapper-placement el-popover\">\u003Cdiv data-v-67163b94=\"\" class=\"cusotom-panel-list el-checkbox-group\">\u003Cdiv data-v-67163b94=\"\" class=\"custom-option el-checkbox\">\u003Cdiv data-v-55c67e82=\"\" data-v-67163b94=\"\" class=\"x-checkbox-line checkbox-line\">\u003Cdiv data-v-55c67e82=\"\" class=\"checkbox-line-left\">\u003Cdiv data-v-046dd9b2=\"\" data-v-55c67e82=\"\" class=\"el-tooltip checkbox\" aria-describedby=\"el-tooltip-7200\" tabindex=\"0\">\u003Cinput data-v-046dd9b2=\"\" id=\"fac03f79-24c7-4b97-8bfd-daeaae48eca9\" type=\"checkbox\" class=\"input_check\" value=\"\">\u003C/div>\u003C/div>\u003Cdiv data-v-55c67e82=\"\" class=\"checkbox-line-right html\">\u003Cspan data-v-55c67e82=\"\" class=\"userselect-text\" style=\"width: inherit;\">\u003Clabel data-v-55c67e82=\"\" for=\"fac03f79-24c7-4b97-8bfd-daeaae48eca9\" style=\"cursor: pointer;\">\u003Cdiv data-v-67163b94=\"\" data-v-55c67e82=\"\" title=\"设备信息\" class=\"custom-name\"> 设备信息 \u003C/div>\u003C/label>\u003C!---->\u003C/span>\u003C/div>\u003C/div>\u003C/div>\u003Cdiv data-v-67163b94=\"\" class=\"custom-option el-checkbox\">\u003Cdiv data-v-55c67e82=\"\" data-v-67163b94=\"\" class=\"x-checkbox-line checkbox-line\">\u003Cdiv data-v-55c67e82=\"\" class=\"checkbox-line-left\">\u003Cdiv data-v-046dd9b2=\"\" data-v-55c67e82=\"\" class=\"el-tooltip checkbox\" aria-describedby=\"el-tooltip-588\" tabindex=\"0\">\u003Cinput data-v-046dd9b2=\"\" id=\"36630944-b95c-4a16-8ebc-a7a4210f975a\" type=\"checkbox\" class=\"input_check\" value=\"\">\u003C/div>\u003C/div>\u003Cdiv data-v-55c67e82=\"\" class=\"checkbox-line-right html\">\u003Cspan data-v-55c67e82=\"\" class=\"userselect-text\" style=\"width: inherit;\">\u003Clabel data-v-55c67e82=\"\" for=\"36630944-b95c-4a16-8ebc-a7a4210f975a\" style=\"cursor: pointer;\">\u003Cdiv data-v-67163b94=\"\" data-v-55c67e82=\"\" title=\"系统信息\" class=\"custom-name\"> 系统信息 \u003C/div>\u003C/label>\u003C!---->\u003C/span>\u003C/div>\u003C/div>\u003C/div>\u003Cdiv data-v-67163b94=\"\" class=\"custom-option el-checkbox\">\u003Cdiv data-v-55c67e82=\"\" data-v-67163b94=\"\" class=\"x-checkbox-line checkbox-line\">\u003Cdiv data-v-55c67e82=\"\" class=\"checkbox-line-left\">\u003Cdiv data-v-046dd9b2=\"\" data-v-55c67e82=\"\" class=\"el-tooltip checkbox\" aria-describedby=\"el-tooltip-8521\" tabindex=\"0\">\u003Cinput data-v-046dd9b2=\"\" id=\"b07d82b6-3da4-4165-9df9-074e5697f537\" type=\"checkbox\" class=\"input_check\" value=\"\">\u003C/div>\u003C/div>\u003Cdiv data-v-55c67e82=\"\" class=\"checkbox-line-right html\">\u003Cspan data-v-55c67e82=\"\" class=\"userselect-text\" style=\"width: inherit;\">\u003Clabel data-v-55c67e82=\"\" for=\"b07d82b6-3da4-4165-9df9-074e5697f537\" style=\"cursor: pointer;\">\u003Cdiv data-v-67163b94=\"\" data-v-55c67e82=\"\" title=\"资源\" class=\"custom-name\"> 资源 \u003C/div>\u003C/label>\u003C!---->\u003C/span>\u003C/div>\u003C/div>\u003C/div>\u003Cdiv data-v-67163b94=\"\" class=\"custom-option el-checkbox\">\u003Cdiv data-v-55c67e82=\"\" data-v-67163b94=\"\" class=\"x-checkbox-line checkbox-line\">\u003Cdiv data-v-55c67e82=\"\" class=\"checkbox-line-left\">\u003Cdiv data-v-046dd9b2=\"\" data-v-55c67e82=\"\" class=\"el-tooltip checkbox\" aria-describedby=\"el-tooltip-1925\" tabindex=\"0\">\u003Cinput data-v-046dd9b2=\"\" id=\"e2a9f644-9d6c-4cfb-8b50-49215f311e7c\" type=\"checkbox\" class=\"input_check\" value=\"\">\u003C/div>\u003C/div>\u003Cdiv data-v-55c67e82=\"\" class=\"checkbox-line-right html\">\u003Cspan data-v-55c67e82=\"\" class=\"userselect-text\" style=\"width: inherit;\">\u003Clabel data-v-55c67e82=\"\" for=\"e2a9f644-9d6c-4cfb-8b50-49215f311e7c\" style=\"cursor: pointer;\">\u003Cdiv data-v-67163b94=\"\" data-v-55c67e82=\"\" title=\"网络\" class=\"custom-name\"> 网络 \u003C/div>\u003C/label>\u003C!---->\u003C/span>\u003C/div>\u003C/div>\u003C/div>\u003Cdiv data-v-67163b94=\"\" class=\"custom-option el-checkbox\">\u003Cdiv data-v-55c67e82=\"\" data-v-67163b94=\"\" class=\"x-checkbox-line checkbox-line\">\u003Cdiv data-v-55c67e82=\"\" class=\"checkbox-line-left\">\u003Cdiv data-v-046dd9b2=\"\" data-v-55c67e82=\"\" class=\"el-tooltip checkbox\" aria-describedby=\"el-tooltip-1613\" tabindex=\"0\">\u003Cinput data-v-046dd9b2=\"\" id=\"7995897a-407f-4587-82fc-8a7beb5ce8e6\" type=\"checkbox\" class=\"input_check\" value=\"\">\u003C/div>\u003C/div>\u003Cdiv data-v-55c67e82=\"\" class=\"checkbox-line-right html\">\u003Cspan data-v-55c67e82=\"\" class=\"userselect-text\" style=\"width: inherit;\">\u003Clabel data-v-55c67e82=\"\" for=\"7995897a-407f-4587-82fc-8a7beb5ce8e6\" style=\"cursor: pointer;\">\u003Cdiv data-v-67163b94=\"\" data-v-55c67e82=\"\" title=\"接口\" class=\"custom-name\"> 接口 \u003C/div>\u003C/label>\u003C!---->\u003C/span>\u003C/div>\u003C/div>\u003C/div>\u003Cdiv data-v-67163b94=\"\" class=\"custom-option el-checkbox\">\u003Cdiv data-v-55c67e82=\"\" data-v-67163b94=\"\" class=\"x-checkbox-line checkbox-line\">\u003Cdiv data-v-55c67e82=\"\" class=\"checkbox-line-left\">\u003Cdiv data-v-046dd9b2=\"\" data-v-55c67e82=\"\" class=\"el-tooltip checkbox\" aria-describedby=\"el-tooltip-16\" tabindex=\"0\">\u003Cinput data-v-046dd9b2=\"\" id=\"bb597fca-ce37-4980-bb70-5bea8a63c7ce\" type=\"checkbox\" class=\"input_check\" value=\"\">\u003C/div>\u003C/div>\u003Cdiv data-v-55c67e82=\"\" class=\"checkbox-line-right html\">\u003Cspan data-v-55c67e82=\"\" class=\"userselect-text\" style=\"width: inherit;\">\u003Clabel data-v-55c67e82=\"\" for=\"bb597fca-ce37-4980-bb70-5bea8a63c7ce\" style=\"cursor: pointer;\">\u003Cdiv data-v-67163b94=\"\" data-v-55c67e82=\"\" title=\"磁盘\" class=\"custom-name\"> 磁盘 \u003C/div>\u003C/label>\u003C!---->\u003C/span>\u003C/div>\u003C/div>\u003C/div>\u003Cdiv data-v-67163b94=\"\" class=\"custom-option el-checkbox\">\u003Cdiv data-v-55c67e82=\"\" data-v-67163b94=\"\" class=\"x-checkbox-line checkbox-line\">\u003Cdiv data-v-55c67e82=\"\" class=\"checkbox-line-left\">\u003Cdiv data-v-046dd9b2=\"\" data-v-55c67e82=\"\" class=\"el-tooltip checkbox\" aria-describedby=\"el-tooltip-3743\" tabindex=\"0\">\u003Cinput data-v-046dd9b2=\"\" id=\"d2ef23ab-43b5-4729-a77e-c21bdce08b70\" type=\"checkbox\" class=\"input_check\" value=\"\">\u003C/div>\u003C/div>\u003Cdiv data-v-55c67e82=\"\" class=\"checkbox-line-right html\">\u003Cspan data-v-55c67e82=\"\" class=\"userselect-text\" style=\"width: inherit;\">\u003Clabel data-v-55c67e82=\"\" for=\"d2ef23ab-43b5-4729-a77e-c21bdce08b70\" style=\"cursor: pointer;\">\u003Cdiv data-v-67163b94=\"\" data-v-55c67e82=\"\" title=\"存储\" class=\"custom-name\"> 存储 \u003C/div>\u003C/label>\u003C!---->\u003C/span>\u003C/div>\u003C/div>\u003C/div>\u003Cdiv data-v-67163b94=\"\" class=\"custom-option el-checkbox\">\u003Cdiv data-v-55c67e82=\"\" data-v-67163b94=\"\" class=\"x-checkbox-line checkbox-line\">\u003Cdiv data-v-55c67e82=\"\" class=\"checkbox-line-left\">\u003Cdiv data-v-046dd9b2=\"\" data-v-55c67e82=\"\" class=\"el-tooltip checkbox\" aria-describedby=\"el-tooltip-8606\" tabindex=\"0\">\u003Cinput data-v-046dd9b2=\"\" id=\"4098b139-ae9b-437f-809c-e16360d75950\" type=\"checkbox\" class=\"input_check\" value=\"\">\u003C/div>\u003C/div>\u003Cdiv data-v-55c67e82=\"\" class=\"checkbox-line-right html\">\u003Cspan data-v-55c67e82=\"\" class=\"userselect-text\" style=\"width: inherit;\">\u003Clabel data-v-55c67e82=\"\" for=\"4098b139-ae9b-437f-809c-e16360d75950\" style=\"cursor: pointer;\">\u003Cdiv data-v-67163b94=\"\" data-v-55c67e82=\"\" title=\"硬件\" class=\"custom-name\"> 硬件 \u003C/div>\u003C/label>\u003C!---->\u003C/span>\u003C/div>\u003C/div>\u003C/div>\u003C/div>\u003C/div>\u003C/div>\u003C/div>\u003Cdiv data-v-018869bc=\"\" data-v-5bce1a4c=\"\">\u003Cdiv data-v-018869bc=\"\" class=\"message\">\u003Cdiv data-v-018869bc=\"\" class=\"fitHeight\">\u003Ch1 data-v-018869bc=\"\" class=\"notice-title\">  \u003Cdiv data-v-018869bc=\"\" class=\"features\">\u003Cdiv data-v-018869bc=\"\" class=\"iconfont-container\">\u003Ci data-v-018869bc=\"\" title=\"删除全部\" class=\"iconfont iconDelete\">\u003C/i>\u003C/div>\u003Cdiv data-v-018869bc=\"\" class=\"iconfont-container\">\u003Ci data-v-018869bc=\"\" title=\"设置\" class=\"iconfont iconSettings\">\u003C/i>\u003C/div>\u003C/div>\u003C/h1>\u003Cdiv data-v-018869bc=\"\" class=\"el-scrollbar\">\u003Cdiv class=\"el-scrollbar__wrap\" style=\"margin-bottom: -8px; margin-right: -8px;\">\u003Cdiv class=\"el-scrollbar__view\">\u003Cdiv data-v-018869bc=\"\" class=\"notice-body\">\u003Cdiv data-v-018869bc=\"\" class=\"messageBox\">\u003Cdiv data-v-018869bc=\"\" class=\"message-list\">\u003Cdiv data-v-018869bc=\"\" class=\"message-icon el-message-box__status el-icon-warning\">\u003C/div>\u003Cdiv data-v-018869bc=\"\" class=\"message-group\">\u003Ch2 data-v-018869bc=\"\" class=\"message-title\"> 通用设置 \u003C/h2>\u003Cdiv data-v-018869bc=\"\" title=\"设备 TNAS 发生异常关机，可能由断电或系统异常引起，建议尽快检查设备及系统状态。\" class=\"message-content userselect-text\"> 设备 TNAS 发生异常关机，可能由断电或系统异常引起，建议尽快检查设备及系统状态。 \u003C/div>\u003Cdiv data-v-018869bc=\"\" class=\"message-foot\">\u003Cspan data-v-018869bc=\"\" class=\"setting\" style=\"visibility: hidden;\">查看详情\u003C/span>\u003Cspan data-v-018869bc=\"\" class=\"message-time\">2 天前 23:45:26\u003C/span>\u003C/div>\u003C/div>\u003Cdiv data-v-018869bc=\"\" class=\"delete el-icon-close\">\u003C/div>\u003C/div>\u003Cdiv data-v-018869bc=\"\" class=\"message-list\">\u003Cdiv data-v-018869bc=\"\" class=\"message-icon el-message-box__status el-icon-warning\">\u003C/div>\u003Cdiv data-v-018869bc=\"\" class=\"message-group\">\u003Ch2 data-v-018869bc=\"\" class=\"message-title\"> 通用设置 \u003C/h2>\u003Cdiv data-v-018869bc=\"\" title=\"设备 TNAS 发生异常关机，可能由断电或系统异常引起，建议尽快检查设备及系统状态。\" class=\"message-content userselect-text\"> 设备 TNAS 发生异常关机，可能由断电或系统异常引起，建议尽快检查设备及系统状态。 \u003C/div>\u003Cdiv data-v-018869bc=\"\" class=\"message-foot\">\u003Cspan data-v-018869bc=\"\" class=\"setting\" style=\"visibility: hidden;\">查看详情\u003C/span>\u003Cspan data-v-018869bc=\"\" class=\"message-time\">2 天前 23:05:54\u003C/span>\u003C/div>\u003C/div>\u003Cdiv data-v-018869bc=\"\" class=\"delete el-icon-close\">\u003C/div>\u003C/div>\u003Cdiv data-v-018869bc=\"\" class=\"message-list\">\u003Cdiv data-v-018869bc=\"\" class=\"message-icon el-message-box__status el-icon-info\">\u003C/div>\u003Cdiv data-v-018869bc=\"\" class=\"message-group\">\u003Ch2 data-v-018869bc=\"\" class=\"message-title\"> 网络服务 \u003C/h2>\u003Cdiv data-v-018869bc=\"\" title=\"发现有人通过 Physical Console 登录您的系统后台。登录时间：2026-06-01 20:21:18，IP：Unknown\" class=\"message-content userselect-text\"> 发现有人通过 Physical Console 登录您的系统后台。登录时间：2026-06-01 20:21:18，IP：Unknown \u003C/div>\u003Cdiv data-v-018869bc=\"\" class=\"message-foot\">\u003Cspan data-v-018869bc=\"\" class=\"setting\" style=\"visibility: visible;\">查看详情\u003C/span>\u003Cspan data-v-018869bc=\"\" class=\"message-time\">3 天前 20:21:19\u003C/span>\u003C/div>\u003C/div>\u003Cdiv data-v-018869bc=\"\" class=\"delete el-icon-close\">\u003C/div>\u003C/div>\u003Cdiv data-v-018869bc=\"\" class=\"message-list\">\u003Cdiv data-v-018869bc=\"\" class=\"message-icon el-message-box__status el-icon-warning\">\u003C/div>\u003Cdiv data-v-018869bc=\"\" class=\"message-group\">\u003Ch2 data-v-018869bc=\"\" class=\"message-title\"> 通用设置 \u003C/h2>\u003Cdiv data-v-018869bc=\"\" title=\"设备 TNAS 发生异常关机，可能由断电或系统异常引起，建议尽快检查设备及系统状态。\" class=\"message-content userselect-text\"> 设备 TNAS 发生异常关机，可能由断电或系统异常引起，建议尽快检查设备及系统状态。 \u003C/div>\u003Cdiv data-v-018869bc=\"\" class=\"message-foot\">\u003Cspan data-v-018869bc=\"\" class=\"setting\" style=\"visibility: hidden;\">查看详情\u003C/span>\u003Cspan data-v-018869bc=\"\" class=\"message-time\">3 天前 7:40:04\u003C/span>\u003C/div>\u003C/div>\u003Cdiv data-v-018869bc=\"\" class=\"delete el-icon-close\">\u003C/div>\u003C/div>\u003Cdiv data-v-018869bc=\"\" class=\"message-list\">\u003Cdiv data-v-018869bc=\"\" class=\"message-icon el-message-box__status el-icon-warning\">\u003C/div>\u003Cdiv data-v-018869bc=\"\" class=\"message-group\">\u003Ch2 data-v-018869bc=\"\" class=\"message-title\"> 通用设置 \u003C/h2>\u003Cdiv data-v-018869bc=\"\" title=\"设备 TNAS 发生异常关机，可能由断电或系统异常引起，建议尽快检查设备及系统状态。\" class=\"message-content userselect-text\"> 设备 TNAS 发生异常关机，可能由断电或系统异常引起，建议尽快检查设备及系统状态。 \u003C/div>\u003Cdiv data-v-018869bc=\"\" class=\"message-foot\">\u003Cspan data-v-018869bc=\"\" class=\"setting\" style=\"visibility: hidden;\">查看详情\u003C/span>\u003Cspan data-v-018869bc=\"\" class=\"message-time\">3 天前 3:48:46\u003C/span>\u003C/div>\u003C/div>\u003Cdiv data-v-018869bc=\"\" class=\"delete el-icon-close\">\u003C/div>\u003C/div>\u003Cdiv data-v-018869bc=\"\" class=\"message-list\">\u003Cdiv data-v-018869bc=\"\" class=\"message-icon el-message-box__status el-icon-warning\">\u003C/div>\u003Cdiv data-v-018869bc=\"\" class=\"message-group\">\u003Ch2 data-v-018869bc=\"\" class=\"message-title\"> 通用设置 \u003C/h2>\u003Cdiv data-v-018869bc=\"\" title=\"设备 TNAS 发生异常关机，可能由断电或系统异常引起，建议尽快检查设备及系统状态。\" class=\"message-content userselect-text\"> 设备 TNAS 发生异常关机，可能由断电或系统异常引起，建议尽快检查设备及系统状态。 \u003C/div>\u003Cdiv data-v-018869bc=\"\" class=\"message-foot\">\u003Cspan data-v-018869bc=\"\" class=\"setting\" style=\"visibility: hidden;\">查看详情\u003C/span>\u003Cspan data-v-018869bc=\"\" class=\"message-time\">3 天前 1:21:27\u003C/span>\u003C/div>\u003C/div>\u003Cdiv data-v-018869bc=\"\" class=\"delete el-icon-close\">\u003C/div>\u003C/div>\u003Cdiv data-v-018869bc=\"\" class=\"message-list\">\u003Cdiv data-v-018869bc=\"\" class=\"message-icon el-message-box__status el-icon-info\">\u003C/div>\u003Cdiv data-v-018869bc=\"\" class=\"message-group\">\u003Ch2 data-v-018869bc=\"\" class=\"message-title\"> 网络服务 \u003C/h2>\u003Cdiv data-v-018869bc=\"\" title=\"发现有人通过 SSH 登录您的系统后台。登录时间：2026-05-28 17:59:15，IP：192.168.64.1\" class=\"message-content userselect-text\"> 发现有人通过 SSH 登录您的系统后台。登录时间：2026-05-28 17:59:15，IP：192.168.64.1 \u003C/div>\u003Cdiv data-v-018869bc=\"\" class=\"message-foot\">\u003Cspan data-v-018869bc=\"\" class=\"setting\" style=\"visibility: visible;\">查看详情\u003C/span>\u003Cspan data-v-018869bc=\"\" class=\"message-time\">2026-05-28 17:59:17\u003C/span>\u003C/div>\u003C/div>\u003Cdiv data-v-018869bc=\"\" class=\"delete el-icon-close\">\u003C/div>\u003C/div>\u003Cdiv data-v-018869bc=\"\" class=\"message-list\">\u003Cdiv data-v-018869bc=\"\" class=\"message-icon el-message-box__status el-icon-info\">\u003C/div>\u003Cdiv data-v-018869bc=\"\" class=\"message-group\">\u003Ch2 data-v-018869bc=\"\" class=\"message-title\"> 网络服务 \u003C/h2>\u003Cdiv data-v-018869bc=\"\" title=\"发现有人通过 SSH 登录您的系统后台。登录时间：2026-05-28 13:19:17，IP：192.168.64.1\" class=\"message-content userselect-text\"> 发现有人通过 SSH 登录您的系统后台。登录时间：2026-05-28 13:19:17，IP：192.168.64.1 \u003C/div>\u003Cdiv data-v-018869bc=\"\" class=\"message-foot\">\u003Cspan data-v-018869bc=\"\" class=\"setting\" style=\"visibility: visible;\">查看详情\u003C/span>\u003Cspan data-v-018869bc=\"\" class=\"message-time\">2026-05-28 13:19:25\u003C/span>\u003C/div>\u003C/div>\u003Cdiv data-v-018869bc=\"\" class=\"delete el-icon-close\">\u003C/div>\u003C/div>\u003Cdiv data-v-018869bc=\"\" class=\"message-list\">\u003Cdiv data-v-018869bc=\"\" class=\"message-icon el-message-box__status el-icon-warning\">\u003C/div>\u003Cdiv data-v-018869bc=\"\" class=\"message-group\">\u003Ch2 data-v-018869bc=\"\" class=\"message-title\"> 通用设置 \u003C/h2>\u003Cdiv data-v-018869bc=\"\" title=\"设备 TNAS 发生异常关机，可能由断电或系统异常引起，建议尽快检查设备及系统状态。\" class=\"message-content userselect-text\"> 设备 TNAS 发生异常关机，可能由断电或系统异常引起，建议尽快检查设备及系统状态。 \u003C/div>\u003Cdiv data-v-018869bc=\"\" class=\"message-foot\">\u003Cspan data-v-018869bc=\"\" class=\"setting\" style=\"visibility: hidden;\">查看详情\u003C/span>\u003Cspan data-v-018869bc=\"\" class=\"message-time\">2026-05-28 08:45:46\u003C/span>\u003C/div>\u003C/div>\u003Cdiv data-v-018869bc=\"\" class=\"delete el-icon-close\">\u003C/div>\u003C/div>\u003Cdiv data-v-018869bc=\"\" class=\"message-list\">\u003Cdiv data-v-018869bc=\"\" class=\"message-icon el-message-box__status el-icon-info\">\u003C/div>\u003Cdiv data-v-018869bc=\"\" class=\"message-group\">\u003Ch2 data-v-018869bc=\"\" class=\"message-title\"> 网络服务 \u003C/h2>\u003Cdiv data-v-018869bc=\"\" title=\"发现有人通过 SSH 登录您的系统后台。登录时间：2026-05-28 00:44:54，IP：192.168.64.1\" class=\"message-content userselect-text\"> 发现有人通过 SSH 登录您的系统后台。登录时间：2026-05-28 00:44:54，IP：192.168.64.1 \u003C/div>\u003Cdiv data-v-018869bc=\"\" class=\"message-foot\">\u003Cspan data-v-018869bc=\"\" class=\"setting\" style=\"visibility: visible;\">查看详情\u003C/span>\u003Cspan data-v-018869bc=\"\" class=\"message-time\">2026-05-28 00:44:56\u003C/span>\u003C/div>\u003C/div>\u003Cdiv data-v-018869bc=\"\" class=\"delete el-icon-close\">\u003C/div>\u003C/div>\u003Cdiv data-v-018869bc=\"\" class=\"message-list\">\u003Cdiv data-v-018869bc=\"\" class=\"message-icon el-message-box__status el-icon-info\">\u003C/div>\u003Cdiv data-v-018869bc=\"\" class=\"message-group\">\u003Ch2 data-v-018869bc=\"\" class=\"message-title\"> 网络服务 \u003C/h2>\u003Cdiv data-v-018869bc=\"\" title=\"发现有人通过 SSH 登录您的系统后台。登录时间：2026-05-28 00:44:18，IP：192.168.64.1\" class=\"message-content userselect-text\"> 发现有人通过 SSH 登录您的系统后台。登录时间：2026-05-28 00:44:18，IP：192.168.64.1 \u003C/div>\u003Cdiv data-v-018869bc=\"\" class=\"message-foot\">\u003Cspan data-v-018869bc=\"\" class=\"setting\" style=\"visibility: visible;\">查看详情\u003C/span>\u003Cspan data-v-018869bc=\"\" class=\"message-time\">2026-05-28 00:44:20\u003C/span>\u003C/div>\u003C/div>\u003Cdiv data-v-018869bc=\"\" class=\"delete el-icon-close\">\u003C/div>\u003C/div>\u003Cdiv data-v-018869bc=\"\" class=\"message-list\">\u003Cdiv data-v-018869bc=\"\" class=\"message-icon el-message-box__status el-icon-warning\">\u003C/div>\u003Cdiv data-v-018869bc=\"\" class=\"message-group\">\u003Ch2 data-v-018869bc=\"\" class=\"message-title\"> 通用设置 \u003C/h2>\u003Cdiv data-v-018869bc=\"\" title=\"设备 TNAS 发生异常关机，可能由断电或系统异常引起，建议尽快检查设备及系统状态。\" class=\"message-content userselect-text\"> 设备 TNAS 发生异常关机，可能由断电或系统异常引起，建议尽快检查设备及系统状态。 \u003C/div>\u003Cdiv data-v-018869bc=\"\" class=\"message-foot\">\u003Cspan data-v-018869bc=\"\" class=\"setting\" style=\"visibility: hidden;\">查看详情\u003C/span>\u003Cspan data-v-018869bc=\"\" class=\"message-time\">2026-05-27 22:50:46\u003C/span>\u003C/div>\u003C/div>\u003Cdiv data-v-018869bc=\"\" class=\"delete el-icon-close\">\u003C/div>\u003C/div>\u003Cdiv data-v-018869bc=\"\" class=\"message-list\">\u003Cdiv data-v-018869bc=\"\" class=\"message-icon el-message-box__status el-icon-info\">\u003C/div>\u003Cdiv data-v-018869bc=\"\" class=\"message-group\">\u003Ch2 data-v-018869bc=\"\" class=\"message-title\"> 通用设置 \u003C/h2>\u003Cdiv data-v-018869bc=\"\" title=\"TOS 已成功更新至版本 7.0.0612。\" class=\"message-content userselect-text\"> TOS 已成功更新至版本 7.0.0612。 \u003C/div>\u003Cdiv data-v-018869bc=\"\" class=\"message-foot\">\u003Cspan data-v-018869bc=\"\" class=\"setting\" style=\"visibility: visible;\">查看详情\u003C/span>\u003Cspan data-v-018869bc=\"\" class=\"message-time\">2026-05-26 23:46:17\u003C/span>\u003C/div>\u003C/div>\u003Cdiv data-v-018869bc=\"\" class=\"delete el-icon-close\">\u003C/div>\u003C/div>\u003Cdiv data-v-018869bc=\"\" class=\"message-list\">\u003Cdiv data-v-018869bc=\"\" class=\"message-icon el-message-box__status el-icon-info\">\u003C/div>\u003Cdiv data-v-018869bc=\"\" class=\"message-group\">\u003Ch2 data-v-018869bc=\"\" class=\"message-title\"> 通用设置 \u003C/h2>\u003Cdiv data-v-018869bc=\"\" title=\"7.0.0612 的新版本已下载完成。请进入设备的「控制面板 &gt; 系统 &gt; 更新」，点击「更新」。\" class=\"message-content userselect-text\"> 7.0.0612 的新版本已下载完成。请进入设备的「控制面板 &gt; 系统 &gt; 更新」，点击「更新」。 \u003C/div>\u003Cdiv data-v-018869bc=\"\" class=\"message-foot\">\u003Cspan data-v-018869bc=\"\" class=\"setting\" style=\"visibility: visible;\">查看详情\u003C/span>\u003Cspan data-v-018869bc=\"\" class=\"message-time\">2026-05-26 23:36:17\u003C/span>\u003C/div>\u003C/div>\u003Cdiv data-v-018869bc=\"\" class=\"delete el-icon-close\">\u003C/div>\u003C/div>\u003Cdiv data-v-018869bc=\"\" class=\"message-list\">\u003Cdiv data-v-018869bc=\"\" class=\"message-icon el-message-box__status el-icon-info\">\u003C/div>\u003Cdiv data-v-018869bc=\"\" class=\"message-group\">\u003Ch2 data-v-018869bc=\"\" class=\"message-title\"> 通用设置 \u003C/h2>\u003Cdiv data-v-018869bc=\"\" title=\"检测到设备 TNAS 有新的系统更新可用。请登录该设备，进入 控制面板 &gt; 系统 &gt; 更新，检查并安装最新版本。\" class=\"message-content userselect-text\"> 检测到设备 TNAS 有新的系统更新可用。请登录该设备，进入 控制面板 &gt; 系统 &gt; 更新，检查并安装最新版本。 \u003C/div>\u003Cdiv data-v-018869bc=\"\" class=\"message-foot\">\u003Cspan data-v-018869bc=\"\" class=\"setting\" style=\"visibility: visible;\">查看详情\u003C/span>\u003Cspan data-v-018869bc=\"\" class=\"message-time\">2026-05-26 23:33:55\u003C/span>\u003C/div>\u003C/div>\u003Cdiv data-v-018869bc=\"\" class=\"delete el-icon-close\">\u003C/div>\u003C/div>\u003Cdiv data-v-018869bc=\"\" class=\"message-list\">\u003Cdiv data-v-018869bc=\"\" class=\"message-icon el-message-box__status el-icon-info\">\u003C/div>\u003Cdiv data-v-018869bc=\"\" class=\"message-group\">\u003Ch2 data-v-018869bc=\"\" class=\"message-title\"> 网络服务 \u003C/h2>\u003Cdiv data-v-018869bc=\"\" title=\"发现有人通过 SSH 登录您的系统后台。登录时间：2026-05-26 23:26:03，IP：192.168.64.1\" class=\"message-content userselect-text\"> 发现有人通过 SSH 登录您的系统后台。登录时间：2026-05-26 23:26:03，IP：192.168.64.1 \u003C/div>\u003Cdiv data-v-018869bc=\"\" class=\"message-foot\">\u003Cspan data-v-018869bc=\"\" class=\"setting\" style=\"visibility: visible;\">查看详情\u003C/span>\u003Cspan data-v-018869bc=\"\" class=\"message-time\">2026-05-26 23:26:04\u003C/span>\u003C/div>\u003C/div>\u003Cdiv data-v-018869bc=\"\" class=\"delete el-icon-close\">\u003C/div>\u003C/div>\u003Cdiv data-v-018869bc=\"\" class=\"message-list\">\u003Cdiv data-v-018869bc=\"\" class=\"message-icon el-message-box__status el-icon-info\">\u003C/div>\u003Cdiv data-v-018869bc=\"\" class=\"message-group\">\u003Ch2 data-v-018869bc=\"\" class=\"message-title\"> 网络服务 \u003C/h2>\u003Cdiv data-v-018869bc=\"\" title=\"发现有人通过 SSH 登录您的系统后台。登录时间：2026-05-26 23:25:45，IP：192.168.64.1\" class=\"message-content userselect-text\"> 发现有人通过 SSH 登录您的系统后台。登录时间：2026-05-26 23:25:45，IP：192.168.64.1 \u003C/div>\u003Cdiv data-v-018869bc=\"\" class=\"message-foot\">\u003Cspan data-v-018869bc=\"\" class=\"setting\" style=\"visibility: visible;\">查看详情\u003C/span>\u003Cspan data-v-018869bc=\"\" class=\"message-time\">2026-05-26 23:25:46\u003C/span>\u003C/div>\u003C/div>\u003Cdiv data-v-018869bc=\"\" class=\"delete el-icon-close\">\u003C/div>\u003C/div>\u003Cdiv data-v-018869bc=\"\" class=\"message-list\">\u003Cdiv data-v-018869bc=\"\" class=\"message-icon el-message-box__status el-icon-info\">\u003C/div>\u003Cdiv data-v-018869bc=\"\" class=\"message-group\">\u003Ch2 data-v-018869bc=\"\" class=\"message-title\"> 网络服务 \u003C/h2>\u003Cdiv data-v-018869bc=\"\" title=\"发现有人通过 SSH 登录您的系统后台。登录时间：2026-05-26 23:25:25，IP：192.168.64.1\" class=\"message-content userselect-text\"> 发现有人通过 SSH 登录您的系统后台。登录时间：2026-05-26 23:25:25，IP：192.168.64.1 \u003C/div>\u003Cdiv data-v-018869bc=\"\" class=\"message-foot\">\u003Cspan data-v-018869bc=\"\" class=\"setting\" style=\"visibility: visible;\">查看详情\u003C/span>\u003Cspan data-v-018869bc=\"\" class=\"message-time\">2026-05-26 23:25:27\u003C/span>\u003C/div>\u003C/div>\u003Cdiv data-v-018869bc=\"\" class=\"delete el-icon-close\">\u003C/div>\u003C/div>\u003Cdiv data-v-018869bc=\"\" class=\"message-list\">\u003Cdiv data-v-018869bc=\"\" class=\"message-icon el-message-box__status el-icon-info\">\u003C/div>\u003Cdiv data-v-018869bc=\"\" class=\"message-group\">\u003Ch2 data-v-018869bc=\"\" class=\"message-title\"> 网络服务 \u003C/h2>\u003Cdiv data-v-018869bc=\"\" title=\"发现有人通过 SSH 登录您的系统后台。登录时间：2026-05-26 23:25:09，IP：192.168.64.1\" class=\"message-content userselect-text\"> 发现有人通过 SSH 登录您的系统后台。登录时间：2026-05-26 23:25:09，IP：192.168.64.1 \u003C/div>\u003Cdiv data-v-018869bc=\"\" class=\"message-foot\">\u003Cspan data-v-018869bc=\"\" class=\"setting\" style=\"visibility: visible;\">查看详情\u003C/span>\u003Cspan data-v-018869bc=\"\" class=\"message-time\">2026-05-26 23:25:11\u003C/span>\u003C/div>\u003C/div>\u003Cdiv data-v-018869bc=\"\" class=\"delete el-icon-close\">\u003C/div>\u003C/div>\u003Cdiv data-v-018869bc=\"\" class=\"message-list\">\u003Cdiv data-v-018869bc=\"\" class=\"message-icon el-message-box__status el-icon-info\">\u003C/div>\u003Cdiv data-v-018869bc=\"\" class=\"message-group\">\u003Ch2 data-v-018869bc=\"\" class=\"message-title\"> 网络服务 \u003C/h2>\u003Cdiv data-v-018869bc=\"\" title=\"发现有人通过 SSH 登录您的系统后台。登录时间：2026-05-26 22:58:25，IP：192.168.64.1\" class=\"message-content userselect-text\"> 发现有人通过 SSH 登录您的系统后台。登录时间：2026-05-26 22:58:25，IP：192.168.64.1 \u003C/div>\u003Cdiv data-v-018869bc=\"\" class=\"message-foot\">\u003Cspan data-v-018869bc=\"\" class=\"setting\" style=\"visibility: visible;\">查看详情\u003C/span>\u003Cspan data-v-018869bc=\"\" class=\"message-time\">2026-05-26 22:58:26\u003C/span>\u003C/div>\u003C/div>\u003Cdiv data-v-018869bc=\"\" class=\"delete el-icon-close\">\u003C/div>\u003C/div>\u003Cdiv data-v-018869bc=\"\" class=\"message-list\">\u003Cdiv data-v-018869bc=\"\" class=\"message-icon el-message-box__status el-icon-info\">\u003C/div>\u003Cdiv data-v-018869bc=\"\" class=\"message-group\">\u003Ch2 data-v-018869bc=\"\" class=\"message-title\"> 网络服务 \u003C/h2>\u003Cdiv data-v-018869bc=\"\" title=\"发现有人通过 SSH 登录您的系统后台。登录时间：2026-05-26 22:58:07，IP：192.168.64.1\" class=\"message-content userselect-text\"> 发现有人通过 SSH 登录您的系统后台。登录时间：2026-05-26 22:58:07，IP：192.168.64.1 \u003C/div>\u003Cdiv data-v-018869bc=\"\" class=\"message-foot\">\u003Cspan data-v-018869bc=\"\" class=\"setting\" style=\"visibility: visible;\">查看详情\u003C/span>\u003Cspan data-v-018869bc=\"\" class=\"message-time\">2026-05-26 22:58:08\u003C/span>\u003C/div>\u003C/div>\u003Cdiv data-v-018869bc=\"\" class=\"delete el-icon-close\">\u003C/div>\u003C/div>\u003Cdiv data-v-018869bc=\"\" class=\"message-list\">\u003Cdiv data-v-018869bc=\"\" class=\"message-icon el-message-box__status el-icon-info\">\u003C/div>\u003Cdiv data-v-018869bc=\"\" class=\"message-group\">\u003Ch2 data-v-018869bc=\"\" class=\"message-title\"> 网络服务 \u003C/h2>\u003Cdiv data-v-018869bc=\"\" title=\"发现有人通过 SSH 登录您的系统后台。登录时间：2026-05-26 22:57:39，IP：192.168.64.1\" class=\"message-content userselect-text\"> 发现有人通过 SSH 登录您的系统后台。登录时间：2026-05-26 22:57:39，IP：192.168.64.1 \u003C/div>\u003Cdiv data-v-018869bc=\"\" class=\"message-foot\">\u003Cspan data-v-018869bc=\"\" class=\"setting\" style=\"visibility: visible;\">查看详情\u003C/span>\u003Cspan data-v-018869bc=\"\" class=\"message-time\">2026-05-26 22:57:40\u003C/span>\u003C/div>\u003C/div>\u003Cdiv data-v-018869bc=\"\" class=\"delete el-icon-close\">\u003C/div>\u003C/div>\u003Cdiv data-v-018869bc=\"\" class=\"message-list\">\u003Cdiv data-v-018869bc=\"\" class=\"message-icon el-message-box__status el-icon-info\">\u003C/div>\u003Cdiv data-v-018869bc=\"\" class=\"message-group\">\u003Ch2 data-v-018869bc=\"\" class=\"message-title\"> 网络服务 \u003C/h2>\u003Cdiv data-v-018869bc=\"\" title=\"发现有人通过 Physical Console 登录您的系统后台。登录时间：2026-05-26 22:33:38，IP：Unknown\" class=\"message-content userselect-text\"> 发现有人通过 Physical Console 登录您的系统后台。登录时间：2026-05-26 22:33:38，IP：Unknown \u003C/div>\u003Cdiv data-v-018869bc=\"\" class=\"message-foot\">\u003Cspan data-v-018869bc=\"\" class=\"setting\" style=\"visibility: visible;\">查看详情\u003C/span>\u003Cspan data-v-018869bc=\"\" class=\"message-time\">2026-05-26 22:33:45\u003C/span>\u003C/div>\u003C/div>\u003Cdiv data-v-018869bc=\"\" class=\"delete el-icon-close\">\u003C/div>\u003C/div>\u003Cdiv data-v-018869bc=\"\" class=\"message-list\">\u003Cdiv data-v-018869bc=\"\" class=\"message-icon el-message-box__status el-icon-warning\">\u003C/div>\u003Cdiv data-v-018869bc=\"\" class=\"message-group\">\u003Ch2 data-v-018869bc=\"\" class=\"message-title\"> 通用设置 \u003C/h2>\u003Cdiv data-v-018869bc=\"\" title=\"设备 TNAS 发生异常关机，可能由断电或系统异常引起，建议尽快检查设备及系统状态。\" class=\"message-content userselect-text\"> 设备 TNAS 发生异常关机，可能由断电或系统异常引起，建议尽快检查设备及系统状态。 \u003C/div>\u003Cdiv data-v-018869bc=\"\" class=\"message-foot\">\u003Cspan data-v-018869bc=\"\" class=\"setting\" style=\"visibility: hidden;\">查看详情\u003C/span>\u003Cspan data-v-018869bc=\"\" class=\"message-time\">2026-05-26 22:33:40\u003C/span>\u003C/div>\u003C/div>\u003Cdiv data-v-018869bc=\"\" class=\"delete el-icon-close\">\u003C/div>\u003C/div>\u003Cdiv data-v-018869bc=\"\" class=\"message-list\">\u003Cdiv data-v-018869bc=\"\" class=\"message-icon el-message-box__status el-icon-warning\">\u003C/div>\u003Cdiv data-v-018869bc=\"\" class=\"message-group\">\u003Ch2 data-v-018869bc=\"\" class=\"message-title\"> 通用设置 \u003C/h2>\u003Cdiv data-v-018869bc=\"\" title=\"设备 TNAS 发生异常关机，可能由断电或系统异常引起，建议尽快检查设备及系统状态。\" class=\"message-content userselect-text\"> 设备 TNAS 发生异常关机，可能由断电或系统异常引起，建议尽快检查设备及系统状态。 \u003C/div>\u003Cdiv data-v-018869bc=\"\" class=\"message-foot\">\u003Cspan data-v-018869bc=\"\" class=\"setting\" style=\"visibility: hidden;\">查看详情\u003C/span>\u003Cspan data-v-018869bc=\"\" class=\"message-time\">2026-05-25 21:04:49\u003C/span>\u003C/div>\u003C/div>\u003Cdiv data-v-018869bc=\"\" class=\"delete el-icon-close\">\u003C/div>\u003C/div>\u003Cdiv data-v-018869bc=\"\" class=\"message-list\">\u003Cdiv data-v-018869bc=\"\" class=\"message-icon el-message-box__status el-icon-warning\">\u003C/div>\u003Cdiv data-v-018869bc=\"\" class=\"message-group\">\u003Ch2 data-v-018869bc=\"\" class=\"message-title\"> 其它 \u003C/h2>\u003Cdiv data-v-018869bc=\"\" title=\"系统安全扫描异常，发现 4 个待处理的安全风险\" class=\"message-content userselect-text\"> 系统安全扫描异常，发现 4 个待处理的安全风险 \u003C/div>\u003Cdiv data-v-018869bc=\"\" class=\"message-foot\">\u003Cspan data-v-018869bc=\"\" class=\"setting\" style=\"visibility: visible;\">查看详情\u003C/span>\u003Cspan data-v-018869bc=\"\" class=\"message-time\">2026-05-25 19:26:39\u003C/span>\u003C/div>\u003C/div>\u003Cdiv data-v-018869bc=\"\" class=\"delete el-icon-close\">\u003C/div>\u003C/div>\u003C/div>\u003C/div>\u003C/div>\u003C/div>\u003Cdiv class=\"el-scrollbar__bar is-horizontal\">\u003Cdiv class=\"el-scrollbar__thumb\" style=\"transform: translateX(0%);\">\u003C/div>\u003C/div>\u003Cdiv class=\"el-scrollbar__bar is-vertical\">\u003Cdiv class=\"el-scrollbar__thumb\" style=\"transform: translateY(0%); height: 21.4065%;\">\u003C/div>\u003C/div>\u003C/div>\u003C/div>\u003C/div>\u003C/div>\u003C!---->\u003C!---->\u003C!---->\u003Cdiv data-v-5bce1a4c=\"\" class=\"v-tour\">\u003C!---->\u003Cdiv class=\"mask\" style=\"display: none;\">\u003C/div>\u003C/div>\u003C!---->\u003C!---->\u003C/div>\u003C/div>\u003Cscript>\u003C/script>\u003Cscript src=\"js/chunk-vendors.10331b6a.js\">\u003C/script>\u003Cscript src=\"js/app.ba0ca957.js\">\u003C/script>\u003Cdiv class=\"el-loading-mask is-fullscreen\" style=\"z-index: 2000; display: none;\">\u003Cdiv class=\"el-loading-spinner\">\u003Ci class=\"circular\">\u003C/i>\u003C!---->\u003C/div>\u003C/div>\u003Cdiv role=\"alert\" class=\"el-message el-message--success el-message-fade-enter-active el-message-fade-enter-to\" style=\"top: 100px; z-index: 2001;\">\u003Ci class=\"el-message__icon el-icon-success\">\u003C/i>\u003Cp class=\"el-message__content\">设置成功！\u003C/p>\u003C!---->\u003C/div>\u003C/body>\u003C/html>"} | headers=HTTPHeaderDict({'Content-Length': '1916277', 'Content-Type': 'application/json; charset=utf-8', 'cache-control': 'no-cache'})
DEBUG    selenium.webdriver.remote.remote_connection:remote_connection.py:468 Finished Request
DEBUG    selenium.webdriver.remote.remote_connection:remote_connection.py:406 GET http://localhost:58403/session/8dba12f7f2101de3d0887b6e3334e6dd/screenshot {}
DEBUG    urllib3.connectionpool:connectionpool.py:544 http://localhost:58403 "GET /session/8dba12f7f2101de3d0887b6e3334e6dd/screenshot HTTP/1.1" 200 0
DEBUG    selenium.webdriver.remote.remote_connection:remote_connection.py:439 Remote response: status=200 | data={"value":"iVBORw0KGgoAAAANSUhEUgAAC3wAAAYgCAIAAAAfwTkbAAABLGlDQ1BfAAB4nJWQPUsDQRCGH0NA1DSiooXFlWnUJGI+UAsTNWiZKES7y+UIYhKPy4n2af0R1naCjQipbawEKxEbe0Gwje/dFReQFJlhdp59d9jdGYgtIYunoN3x3Eq5aNROTo3JTybkgZlW12G0qer3Lax9XWF8m2rYXUv5W+G5elxXNsTzzZCvfa6HfOPzled44luf3aNKSfwgTjaHuD7EluP69e/irXbr0or+TcLuHFeVa4plylzIm7SwWaPKOWeYohR7FMizrrwj31CkyUgpkNUuRYkiOa059qXkdZZmN2BV+PMMn+x9wHZ/MBg8RdphH+6zMP0YaclNmE3A80ukRTN2TNcMpLgiZhfhZ0Gt3MHcF8z0pC76xyN6Nf71anBAB4tVUUbdpMn+AQyUTdocuQPoAAAQAElEQVR4nOz9WbMlSZoYhvnnEXHibPfmWllZVd3V0zPT3TMYDAEMMAQpLKQILUbSZKYH6Un/gJLpRXrhb5EZaZLpUS96pEEmyYwAAQOJWTDsmd6rq6urcqnc7naWWNz5be7hESfOvedm3syqmmmvWyfPifDw8OXzb/fvy//N/+V/07RNNilu3b1z597d6XxqLBhrvWkBwHuPnwaLN/yP8WAcf+Jvjx/4f+s256uTk5MXL1/evnXr/v17NsuwEXkcH7HW4qdzTn7KJ9510qD3zvi2dT/6qx/duXvnd77/u3meyUvx3XgdX6R9OLjIK/gLxO/G29iBi9XqX/6Lf/Wzn33yn/7n/6tvf/vjLMvwIvYzfsaXehm5L1pjHeBYHc7L0y+/fPni5I/+/j+cLG83tvzRLz79r/+f/6//77/56Zkp22zqilkDk3x61PgCbG5tjjOBjeQ5ToqloVsqYPkd8S04D1w8TZShy3w3w8eyDCtbm3mddC38zfKI8AZ2m1eFigOuSPNsh1MHpneFmuEFGp3H5MduHReev/Hidy/BTid3ocL74YPejTQ1rNO6/gWrQ6N3eLDaUDobNNOeIdfQenGHPb2s2VTbjW+qqTfv+fyjrPw73/r4W3fvLefTqt5uqqppmiLPZ7M5ZKZt25OzsxcvX6y3Vet9nhfFpJyUJY503TR102LbuKz4srp2F9vm6cX58836lWlPfF1hr8O8mMx6BgYCDZtZAjnLkIOAUxjeirjmAbRwr/luWnxvlXWD4H+8f7FHRTkpJhNugaGz9dW22qzXBDRAOwW8DdAoawK0h3JbTMvZ0dH81tH8eFnM5p73orEZVTKZubRIh2N7V9S8tHguuzV9uKLXdZlH9suNFZ/+wzuUJwWGlbz0m+uAb9x2tT57+fL85cnm7KKta+ygJ8CQWi398LyyLSLypqoqqkDg6hQdSJNgZCIcITRLgDZb4Mp6Wi9CI4P9Fet67iU/6xnaZc6017I8SiJ4mn3rFVXYjHBWnk1ms8m0zKfFZD7N8UuZG8gzhE6DKDHDJ85evfzyk1+fPH45Wyx/8Md/96Pvfy+fTV89efwX//Jfvvjs8Xf+7t/+g//oH5licnx8y9fOZ7ghvGBUfm+v29QfBnJ8dY6tZwxvgsyvABV/CCa7BN7SOTFv0M61ijf+8g1yeEGEcXUlhgVgCkYUnKdaiiABvCJkCb80DI11XSkXwRUmXHDVXGsIU3hYnV588uO/+sm//RNkQpZ3795+773je3dmy8V0Pp9MCYUZZiEYUXWvDkhHwS/F/Ak6CusuoGktbpCL8/P1aoXXZ/M5wr9AiBlbkdEFHVm45HWhZAMia5j/2W42+IffEa8ibBKqTjZdx2ulRSp4D0m9jjziVvOmgMm/+5N/+/mvfnl09+63fue7yCyUJQ4s/+UP//Lnf/rn1ZevjqF4mE/uT8tlXh6V5XExmWXZFGeuqZrVGppmOZndu3VvPi1xzaq62qxW6/UF3i+xoRwniRgy3PqWOZYXF2dPTp4/efXy5ebiZbW5cA0SvNqYyrVtBrVvcY+aBoRV6ZgQbyK0SN9zHr/MH65CBh0dYZQja0p/TksrVxCvdAQ6ZfaIECP4IUGypc3KopjiPDNmx/7bMIV2Z5Jdwpem1NAF1Jcuomfq3700aUy7m7TGeBkh3TCOZm40ViOOjWGXUK9Nx8IVdRYyyJnJU54xY2SGw8mZYBHvZuRxPxhXpJ/d5PiWV8VLgzj7hKC5BlID2pW4H3lA1gSEzkyprJp8wfqZlc7w+lELHoRHRghB0i53aYcyi8CkBaQDOHm+FYIij1Bt77AOMhqzcjrB9cpyvIyskbBVCDVtW+PPusbPRmY9IP9kTxAuMbGTceBxPuUG3/PUONVwvK2UHHMXqUvIQWFFpBzz6RS7VBbIXeGEEL0uIJvNysVivlgs8AuNqdli15yrWtwB3HaRF3gXh2MDp41CTCDDwtW7rns7nG6Eqw750FVi2RIY8zz7iECo8EaLDGCKBtO2fcRlZlCgT/ejpJdWkbYgmW5zQ2UfXfa9XiEsIDXZbrdVtcEhz+dzoQIirwk80Ca/kqq2N0ErZZc4hjciKBdIU3BO5vNFOZ0bxdZATJrMrXCzvPkJUHn9uR+0mc5Xm88fPX789Mt11bZgGySJBlpvne94V9w5JOCxzAwiU4M9mk+PZovjGb61nOVFifiuRKJCPHlGMgECGmIPK4ICvUnl8Q7A2kC4B+OLUw8sRr7eWnvlQsMrWFhodEDKIPIP2bmm5Y61StNs5QCFoo0ztcc/eHW6/fz87KcvX36Gqgb8XSzybJFPZmWJRHxK2wCRGeJ+ByYwJCiMedrXflLYSYYSiUFu4gjyI8gW2eRoMjnOJ7hREetlFqsRfgw7sp1mtjAwRWxkqZeEpIKwDk63QoQk6ChLN3SeVeGFTFLX90VUCPB0SEnQHYMQ4rFBjXZkrZxPNj3hU94tST3LpIGWxPeQjKKalsfTuvbLZ1/i3707d+/fu4+stZA6axSDZgyTTApYwwGZ0Djjuk76HUlThrW7JweCvMx4INMGWcr1dot1kGyhHDEq311S3M4LVbhBplQQoE6bEfIgHLZIWTjnrfIhRIcN88wBNzr+n+kKKQNMLdWdbF4i1Ex4DV0LIlVkAlkwb2UXGN6qQsnwo24aRxTAK7mm/uCPjK9AVhSoI6LNhdxt63FznLf+WVV/sd18sV2/dPUWVQ0ZkW1G9VbkOEaXWeCjHU5p2xCvjjdxT9B+yjPpCfawm94+SyxqhMh+9z5pshw2iZQbL6EaIcd9WBCXR4PHjrqmZU2EzjZWx9dvNygzoCRrw9YIxIb4JK970GrPSSFmWd2RM88ijJAMiSoQiSRJkwgl13E1yiOohGlrZgha4RYYLbrwuhFQtMmQ5Qs9JcRcOxdZOOkbyBemTRmRASv/Z8I4KSOQ5UwgENU7IQ30xci6g9ddLhsEVIjxqXrCGZUatOfKHhNgOFDUQ1DFaBXlsW1TbXCKkcFvqw2+AXdxXpCEleygwIgy+TGqP3GMyXU2IOF5eSqCkKX4UW/32DPPvBx+0oS3qKpwxMsRc+dYU2F2ZlgXWqi84ZXkNSXAzTJdAqaFfQSrDXSvlo3Mu9CYRPkZgBY1tEZbY16VKBVDEMIb83AqIYKookDvRq2Rspn8uPwQoDJZwstZw5vXJxwf7fWWLuQmQyGrsPksn1juoOjphHYS70uaHVLueGH4LW6jvMiKCa4ezokntGXDRoloPMoUKiyraq4jwFnQiijj7EmDpACvI2FEnswmz4dH0QNpj3VuPinuLJZ3l8cTktJ5nVDEwM6AI3IQiJ1MkmpM9WWN96mklTDDAKoGN8I4ZbK1Ca8yCgYWBwmgs7z2blO3tJ+R2NMVovekpZfhWtKL0iLyu2RjOkP7EV9fgd/iH+IEFF3BNPgsdZSWX3vmBN+gxNJsNqtv//737rx/b3a8yArSWTnqByJcxCQt6TMZJFikp7nLiBHr7VABLR6mC3sFUp0bq1968K+yTEcoA5vBOIAAOqxmrOISwiKvFri3wZQTdzqRICB6RqT0YlWttsAomVlP2ma2ZQaydROTzWxha2erOkcRjxa2RaYIOXLbtFlLKKam5qg/DuUgC7PFDLW+KIFnZS4bwTMYSJfJOMQQgYQGebx1XV202/OqOmu36zJrSsTZBUInkkZiulSSzAOKsbLBGDcQ1NtgRrG6v5zOnm/lYlZYsaGIzUVkVtINolYjIyUlS1GZSK0mLI0LUyc8H68cBGsLDygAquAphGgiLnW9XV+sLi4QNLD9cjqdTKfzxXw2n5G0zTzwQESFgWEFwnvDdfnZLZwsk7UTVl6RaLwlSopv32w29RYJLqndWuIZcHkbwcm0DxA6i2yCOhGUsieokp+hrUGmhUbPdBJkgnUaWdHqVXLBz0gDlO1xCRM3FBPCvVQI7cmQwzJk+RJBGFJFfXJ3IOO7yCDJg7hsrQm6I2ZFmgYr1XWDWriK/rYEP2wmia8QyVpIjDzI+nIh5axutjZqFI2a8oReeAhd0iVzgqoCE2hYl8EciMCA4+til6FX81rgQlg2gJLirZxNUXk+KUhZTloywiH6uqynOeQGQd4SVZpk2JKucq9aVu7hXeLecXSt8j/KFNUNf8osUX/yyQTfTqQJ34yMQp7LVgTW1+G0IJjJ6KotshZoFdoITiTYE3IbZFiv1BcsQzWjWF3fLGMC5JJ9QcjF8wygQawkZSn2gReFJqfjgWHAdhIG4J7HHRrmoRUqhBMinARuMtyqtBANMqntxfnZ2cnp5uK85hGR/gcli5xeOlsu58sjZF+RkeQZ6IrzXheXZxKU3+ptcGWJhNwLDyCQwI9qHValKQqSYTL4BV7RaBupgCOj68Q61qcFziRCnewK+oaEqq69c8N95Dp9Tyf9BZ3ALrLq7VA3MJuObW4/wlFfWfzYU273dYc04pPvzEmM4pkRM7H34w1es3S8Yihx3Y3pNDymP59yMRIgr/r/ZL0FwF+3V9ctfr+IrfgwIE8xBBllRZxJwMsYheHsv/iP/z3SgzLUEjmaTKza6II2KtV+hn/EvUERGiE32nbr9QYRFxmqi8LHyQodSqmI9pJ/tk64BOrlZrudoqp3NlM5PNZ/3SJkPvmpexLbRw3ms2fPcTc+eP8BGlfE70QwV1JdZkrUiJ5bc0Ia1usV7lfU+J2dny3mS2zqR7/45WqNLBdJSJ4YoMzoethA+KGTpwLHn8xEB4KKYwLLJaKQVk4aMQZSEqsSqqwPdGMYzsmu08kBM+xHtNZ+8PutlpGBHPLqQ7ak3xVZO41YpFzDKkZRP6SVxcwCZFIlUlfVs4wktCnyD5MCwrsytYgTDVMiHVTJLK4AMz2oVnS2dahZIbUKu2uwQEWqWyeqLa+ssO8sZ0bpnAAPKFWDIJrDJYSgx+exFoypF0EwUURtKuMNIJZAG/ayNwY6SAqKSNkqGQ2WedmgoTFXaFkBUqeTq2peVXbx/uDZiJEObPAmiofd/ZQWXj6hmAQMjByQL0Tm2ShmBmV9ZbGDhG9UPaQqX5NwAqDqK5VVSeoSSSwAynhHete9CdxUejepAibSbxWzie8hv6UgjbNGOuN9wsxlTsylq5vTZy9QY4ptHd+7m89LVBEgo/Tq8ZdtVc1uHd15/z2Ww8Lr9M9FWEpX2bPHA7GteS71LxlgMlJzZbkEPOA6IHSDYHZTLQFcbfvwXWVIaXp6xSaqjeBvqpTcKPui2mFtzjOL7M36/LxarQSP4cKJdkAZadtb5VBsh3GSYvrTmyJAYPM2fkExCT/ReCldFeoPSc/NngUdWbgR9GIHRFYah2AoJZxP6gATr+zDUUPua6fgJkfZb3HrGIr8xZMnF2cXd+/dKydTfOXy6PjW7TsoRZ2cX2w2qGtGsQNRcYl/rE6kDYp6S2wEeaGWFBnA3jC5zBYui0iVivnVScIwMqflQ/1TpzUtKwAAEABJREFUy7ITa2vEQgNO7Jou4U5E42Zh6IjTY4dGlo8/B04dkSKPmwe6+kAGVxbg9E3WJk6+Y5O8e8uPvcIbP7LlYPg1aUywtXKTqY5QmLrRTil/0Y3ZREyvGDB8DWpvZ3YY5gFuhkAYjABocFvxzKGKbckyPo0rsTMWE5cxirhy05s4MXJN5hzUrBURdqd5irXUk4yJUaaav9h/iDPfeSwFfrg3YQpq6Y9RjlEV/z5VhymU6pzTW+Vd3EHL6kJqizWr7LDLmzlTPZ1RVbqI6K2oP5hhCjy+uMaFxRh6zIwWSDa+zjRflSUU30/Vv3hxOgEzgpn6P3cvjV/Z25n9VV637KXL3cUgrjLmbNsIMN0UiSXOji96r9yYhB4IHDu2ot4KJV9akyjlGe2z/GMg2k4hacAztwRkgiMvc6QKzrMXGWMx6NQRJipQdO8RN8hmXSA3LxUw+X4WtrYawSDw3T7YP7QEp6RLFrdH+MxrTFKqqujgOZGptAvBui/gTgN3REO8ysHMLqA2dOvaFarUnSEoQGMhiiFZYcSKgGYJPlUiRjQTPH98kIyt7GR+DPcmGvnIwQ0UQzEB9hEa+bViQVL0CAGT9Qaj33toR/GWNaGdSyYIzE5rV1aWiTM76jPTKXj613brpOvq4XLNYESriNzQnLKttuQgOJt6sToEVZB4AQSVgE6WD4QpvNon35KXwgETEKZSSHDDSlXFv8P5v6LsH21CEjqONWJtz1J2tLQwuESeWXeY0hVg2BeVru/4liCGxybEdcLa6LttgrAS3g/65riVFKXIDZroLJhMWm4Fpxut01tnztv2rKlXaOlgl0k1HyuwKs0PFNyzE4DjE1UgKvCOjAc7XJwKE6c6aIDizHcwKdZlciqgczuk62eWnl4fvXLSRXGNY2sH9gTkzIsJCgsj20mHQJuYp408b4GdTjLxnonmHwiyA6lS4qSREwzh2NqoD4SAUue131NRhksDLgi6DaHyLfSKDSABQXMn3EpwoADlpgXBsC80RLAxwTvZ6OEQ9eGAFGsncxY/pQ1dLnWC07sMSsyno0FyixbeLdrf8HrO1qdo1eihBO/7OKEzpw20Cp3qQIevXK4xA6bRKDPLHieeJT4Za+dxkv7PawjqFE2coVGYtAEZy4u8GUceu5OUsNxxXrTncRdk4tzNi2SFAAj10d0bNoXcVf0ab8RA9CF5F0Q2VwmCVeZNhkielcg+ABqC84l6kIg7AU8TeWezWxb52ouZimYeYX2Ss4c4n9fBFjNPTYEXjxDFSgCxcwmfDr35jV0WgY375nwKVMnUgHjY0TMuJ28vV1q7LMsjPrpBlJhdcZFIkLeAAIn3JtEWQQAt4ZS97/qiOCh8TVAhmGgICLp4JnuASsna+zV5nDR01IBeD+pdBYaP4VnxnXEyN6iS9VjBojRbGai82YDfWtPgH+pgLbmdEjsB4tJBWlni2glcm2ySvffxBw8+eri8cwS5Jd95IEYUjbQixRPCVASk+zzL0m0R4JlBwtpgpxbpiD8CuhjuxD5QK3SRYjDZnt53ZtcoIplEcIr/CkQ6dugXpYt4nDTbmhzjxXvJQeZM1uKfLzygrZUcm5zPGpexK7RlpTTg/FSNqRu04beklGROICMFwnQ+nS5mk9mUHEciwhRfE/bjIcdHsLgW29ad1tWLav2y3p5bV5VFPS9cmfkc+bpM3PbSHarESERFOYibKaoHNsnL/BNBxP8Lwm8ZOWeR0Ro/ySeIlO5kQKeLtOUyuRJcAXnigt+d4gnyd9LXp7Mt3QAGlc1qffry5PTVq/XqAuc1Z3eTW3fu3L57Z3m0nE5LmyyZ79hMs4O9wHX4sCOpELlO1Vax4aBtt5sNmsvp7+Tk/PQU/zarFSltyKmLXF3Zb6EsZ5NyPp0tp4ujxeL4aHl8tFguZgu8NFN9TyYHQ1jKZsU/g1HkSsD75NQBS/bcGemXIp6UsYJRc0n/24El3Q4AsPsFEt5D4JrkKEKcBlVeWzTUnZ+fnZycvnx5fnLKE3VGvgWelH7kR8D2SvrCX+WkYkDzVqqwXkJ8k+SkR84zlkWHEwgyaOwPqaBJomvEFalhf47NGvfbBhEHe80ZYQWwGcSgk2k5o0VZTHFd5vPFcrk8Pl4c4UotcQW5e+TSprJe6loTxi4SAQSeRK7EiZOqspPo/Nt6c3F6evbq5OzVK5wQhFucKOwhInDyNZnPUXm4INCdEqkh6iSsAujhVh4LTiyNaL1eX1yszs7r7Ravu0acib0ax9LFC51LJUwb9rVQWNqVk0mBFK4ssRvlbFaK4wvvU97pPF4z3DoD2IDALxoGZKEEno6s0pGOeltdnJzR2F+dvHr+DL9sLnDnkqmF/LFw8u/cXt66g59Ht28jNsuKXDyBxCdYDkGJg464g0uf/I6nVDr/nd09gAqDX84YCfFUIU7A5AccDnWx3tSm+CKWsMHCdChdZcCPrjD8Pf5Mlds98avf8l4CdGV53ed2i79BXwrfkzVHGvbDIctMRgFB/15rWnYJesqMDbrllUHsOaNAykDpzTCKG5ylS8u+UTAVFjYmONOHiupxEjrdfQKduS08H9hCWrVar8kxczkVpaxhauvGzkL5sAaynrgnS/IWmZ6f07kvJGlWDj3v+J0EbNgjUOIFcnzrFppGVher41vHPXfCG5s5QQ06QQ8/eP/hw/cePX7y9OnTKZUZ8EmE1OMrOfPlWNpxoktYTKcP7t/74tGj49v3Fstb2XTx7//R3/kf/uLnr/7sx5vGtESoJsiOoWRHh82IeNsObozSdpwgS6coO2rdUayuC07EIzEWh1rmqyjxrXFRrDHvCOi/NiUChLCGAqISGUUY7CyblKjSdG61QZbaN8/rTXaGAFB/9N77y8WCzt8Rya7pLGxuZyXyGAvyaFuhNrVFagbsjMm8dN7mvPykt3Emz47npc9sszF0YLnxK1PXYFq1tKU6Az45BOSZ0hqCsUxkGj4EKWotr3uBxzDYkglRB1Y1IvNEFhaWrQyfzSpRojC+2tbkLg+dUlu9avmYVtvQuaJsm+ebArFKnk3oCA6EbfWuAGewofaWiNBG4w28y9LNv0o4iE0QSnAhUERsqk3LIUwURdNa8plWlqtJhUWr3Pod9XMCHrI+uDo1LmvBkBE0IUl9VVk4nRBaaDjQ2VSZK88xChAEERWWFcvbgMYZBG8UWw2LbYbOS5Du+NaD+68ePX/1+MWzzx/d+9YXpM+YTd/76FtP3/v85OmTLz/79Ye//TEZGoppKtF0Osm+ECJslkUlpgTpeSfFJw7CXzEIveVy4J4SNCY1yX2ev9HZGk8OH9YWLBgAqife+/AhnYPMs2e//vXpl196Cn6gB7Esh0Ew4r35utNLTsSdyAMoiqOuDLHTycuXKHjLOdF4PuDtlYyDkODrGnazR7ElyKw9Z5eriyrwgpakyI4Xt/OSzq88/uWvfvJnP/ze7/3g6GiJip/84Ueth3w6e/LDn1bn21VD6iNUHN2elpBnpPS1HnWYeHWFtryzE5TPbi+PM5iRbEVGDFejjn5Lc14iqrAsubUOpcDj+dxnbPGwcLpB9V3N4YfklKZpTNymQcTx4IdstpdISnFdIOoolW31EJk2ZnH5VNkVxfEZu9aTi0BDOlA0TWQxLFJkwuIUpv3ZacyHQHfmkqXwyXdIWGyIPlgs7bPrFZ3TatVmGN0KLwNpjg1C5Nx2bvp8gDwYkbzSXuNTFs0PecVORyGSlNGz1LJD+UxUS5jZ+OiMYhKONHiPuaD1NUL6han3rOnlcDbAcRq4A0yX+PS7MYmSTc7G+lTMCh6uqK7I4zYUgPAc4Y+3Z3KMjw0Gfnhuw4ztINjxJLNySkY7Je0Awxq5MJKyzhLLXtV67tP4ckKKAFSDUqQtU9XuYi3RwaZlTopMPsJLffU5u2qhym8LUyCdZqbHmlkJKNAhIsahSEwASUxDrRzLDtRdNYK9RYYkCFAK429Kj75aeiZDZKVfjqIq6vJyRtoRU7zT/oFPsQgKv/PlvCGjKXH2rErKvIYEM9K9wF5DAAMT7DLkuTeflbeOj+mMYrv2FPNDGbsgAfsgYNB/LvhaooX2fLuh2EKyxywxVRQGCs1DhGtINYnVM7WIiVe6SgopPoOdUGnOJ7E3dhHlgZOUPhfHb8TKFYYGShhSzMk+NqSlt7xVcLeiFL0osmWZ3VvMn6GGE7nglg7eeleAr60rMq/aciMeYKCeEBzXQbzjMzIftb6y+GcmaJX3buvcxHoxMnEICMtWJyMe/WE3WXYMUsHFqA5or7pHV1owV6JbTUNzvXnpKROuKDaJONajEdpUXyc0II7QXYfZlGTVF69erFaro+NjoxSekFIulsIoh3YL0aew3Re/M5x+l8amF1R96JgtDIeGrQO1grxtxrunqAlXRopV11tx0CTNEdqNWTeguuFB/UieiMgylyAGZiWVckazE7F1MwUzUF9u4ylHFFCgJcNa1UbrjPJEJVDpO6uw6cblg66AQvwYiC+8dG4vkwVAG4zK7rj6iWo1RrNzKZQYCYPU8SFCCWW52WKjHndyBeSYdqwJUb3LwRWc+ISqVC18pY/x7AajiNyC2eHMIX6YToPc35LdtYS5lU/QVROUkwCS4jAXLBiDF3bfB3tH/nXdrIX4beq7wkKXayuH5IU8I1tylcxsXBTfW1zfqdqTV0R95D56G0arM9YHFdHaO4l+w9p89qnQ4MGpWABpg2JrER8jsSebxNrGeEAhfHdaRguohNEhRLF5qV5fXZmteGSLE0EwETMHrz4hCfqV7SHOjglakwr9TZEcpnXsJ5kVHEKPxBOOdJIFnRzVJGYYheYQjCfE9iEPlRJtgNkk4xY5Vqhihx5KCpBmlJfoYFTXDoQJl9UUEBdaZ0znKaLIHIJbBMVLIBcylKpMmefzyWSO1nvUVMoOkiin0UUp0EszRnf2lRH0yK0IrhJpiD1I/LYhj5OaBA3bkj8DSp10JAsZcoohxA9y3CkQ166WnE4AK+AfquZrTwFOcLgt2BY0nJX6q5LWlOSC1tU47/c+fP+j3/6OycWbRg7lS/QCPo8Ham6xwTgotmTT0cKABBSqZFW8eOBBjBWk0ATGXKFaCVEEfIiBYQYxz7zvxSIyYXnVKkkHXijOEP6DtudqhQpln5uM58JQqL0WdQQmd1Cg6sByGO2mpggoFJWHDEKmZqUex9cQx2dHoURIEprPZmg7R6BAtXUTXBjEbwg12xlNNS6BpfB14M/q7Xlbn7XVBldpWmSziSmC9KnQakx6CCKCslITz9PYQbcI1IozwMcQAqKJyiQqViZhTvCP3CDDErSdaK2U1ht1S7OBTnk+f5DLT/I6atvNCg3u5/UGNfGkVsKBl9NyNp+yPx+wIKCUV81lvIBxaXxPaA/rFX+HjRhJJ6tkXF1vUXlVbbf4t91s2Pgt3rDMdTByYfM5mu/LnONkkEUb+1aSOZ9HLeiPI5cAABAASURBVMXLkW/tTJQDVEQA/VPwMb1N7HVmIARQDNYyPm/kE5vINYUHSBMsRBjuF1kC8TdS3KseJzQL4g2wOl9XW5olgXYf4jbx1HCsKIISAZfUuS4IXTKZejxSI09Aoq/zykdEZka0zi27m9TkcVLzOQIJ++F18ykAZ907yVhYlsWUgtxT9Br2hAI14ibnACH2qjtlMjpR3YKGHoYI962EQt+u1wg2CELSoOwSDp9VcAeoIChbDRNOrbXsttrU8kf+FhW3gMPEJti5phZnX5P0YRePOQ4ZGS9biqHo6aAE71N2uSj48BGAAnEOKXsKYVx9gIk1RKco8h8LXRqjleIi1HQ05Hy9wk/cNrhvq/WGo+cS8iyQBk/JEws3SU5uapOsKATViCAvgWnCOjp2p5aQZiaSyhSAO0CNfIHtQm4LshIfJiOa4ayz3odRRQpuhpO5syUkMpPE7/Phuzwi32PN2A4kqs3LKc43vcD+n3HcPamzc/gwPfXujXQmCTjXe503CeZJOmDMQIruU4xOfjTvtqTuzHpFOEvvTKpzcC5oW1V4yP7P/+zvsa6s4SBSRIsnxADb7nyiTxo0kfoEBkk2Eb+YXC+JDlbzObKjExfomYnLCdGxWkQs4t8ijfGs+8Yr09k0ZybGiIBorq1KSOoHkS+hKezPbhDDYw8fP3qy2qwevPdgebREnAI8Rzaq4YJ3NXDgXmHYifcEmM/mjx8/xal7+MFHhDdt3kL2k5/+HCcAlc0UJJmCf+aoAQjiShYNaRAk0KHPcuwxhYZTo4usAzPB8pA6lsZGwjgDi8At9fQIg8np7x4AYw6YXqG70Ilb8QXm3ZSRgRwCFYfg0iHCTfikjpp0iyPvTmbOR/kMgt864w0ULk1brWdFPqVDdTBhZ0YJeCVbjGmqYZLNZ9+ZrxWnSqR4hbUS6443iyMaXOROPRgpMFgrnB2/3kcFFLH6Yp5hq6LNwmFjnrLMmoEzNYQn4/oyN2qiABR0EPHsJAvkGliY6Zn4Y3bSrVGmVGUD2jcUzDAD1ThLVGZv9vx500Umv3yRD8QMKWYcfTzMT4Ln3ioSDxZYC31+F9L96FWICllFOAJe7Vo+HpTu24iayC+EhGFD695H2MmgJLOX0AZ2p7UR0CPDGooe1w68uE8iHnUYIH3K+wSQOHAeiAOiZWjPOMyJOEgG/3pDXucF/qg3W9wK6/V6eryclLPZ/AjNOc+++PzlF4+mi+W99x+YKC/puQQvkU7SdbQhFQvuMuBgJwBDvnB8TQ5Y8EOgAg4AoRuErptqCQ6IdGL6EDK4YpJxpUfo1GDsnJ6k0mhMHFnBkmt5UdJRg/nR4vzs/OTxY44UyNFAObmLRr9MhmkTviI1YOzOfIf3whXHUEGJpbxfnZ8jkDCzke0OcLdZM7pwI7jF7hBZ6M1MEGLwTjhDsEetzztqSLAjMPMmQ10HyoDIuT148BCR8bMvHj1//PRotri1OCY5ktLMTPGBi/PNalMhr1JtKiQ+8/liMi34iJvPswJ1UZvtBruE0iaal3KyWZAchHrPqq7JF8FqYF85nQ/UcxKd2dRakSsFZ7YiS2frTJf1T2mRMYluNKho5YbIRlYRRjfFghPDiXUqMfhTj65HLjymF5EUMEb1qD1ZzuyqT5I10sZjwzHan/550RL1Hw439QdAz5UkgG44gG98UKlBZCl6evcIK/y4hGLsMR/cBRtC7YcILh1P7/s+FqDsQefcE5XsoVGJoSueXR7UMjyUZHwQhnzobxfK2/B2htS12kGnt9LAItI/SJp1wTBvNZyBsjDCY5jYQdVTgO8djwYFEUh1lP2QigktM6kkF/CPICNmUEQbH2Ly6LFUr+fpSTDKTCArPiixEMw4+GsOMkrnVUfZiheOJdWm+BtBhO7Qg5DFqAdLSW/jxOvxbZ0PH3knr8F/ZQaihrI7CtzNvzHd3O68cufKSK/MWyp76XKKck2AtahAMxJET+IpJLEE4IquHiIOHFBk0iVTABE4ymjA3g3sJGVDQHno0hLJ8qvfVFQXGCPOW2josviF4mSHYDomYEs92mY0d4nTzSQHt2Q6iIzKcT1OI8Oih9jDXLD8KHR4QURxv0A6/wEDQ8CwNiV85tpFT0uEBjsQlrtqAYcI1REWBRWx75phs5uzDiWmYrpcIClCKrZao90jR1OHsXygleOXSK87ei/OLOqDAnreGfjENh9NpqdyawIa9OAEFYkCm0/aUlR3ngQfT6lb3elGk2L4CJi+T5a4HuxqT3xvhtJ/rpzOqEjhmdwNOLzH96qHBKK0Ch1qDeqh5M92bRqlubQibrVaIYSXyFFoCrX4AqL+XQxLAN9ZeK8eGVw5B2BSqtqKEM3nAfu44uq53N8hMVlBVykwIsaoZ2RCW5VKmTiTCiIdJQrd9pwZ0KlmwOg2gKAH4/3bBUERnRcEimk1X4+HuB8DrVeClWmaQoFJDi2SN8jvufakrS9c01h1NRGbelSBJ2KeHn8P4dnzcHRf9qTdgds4lQFyEjtNnD2vkU44GhPRUGtsMIQ4H5LdaYgFVmfUFHCl7UJfgLCKsZeR0GvsMTH4ZlEnFpLeUEoOwoSgCQANa95bjeYSvB/EASXxejGKLZQ8B8G3oykD8qLcl9AnG904bHiOdDlgQqR0Js22i29ApkF5TXDA5VBqaqNQ62lEmeG9WeLHFYlIzL8g1Kbh6y6kxXENZVugpMgoXFMsCisxaCHMcs9GAkE5G5a8iwnSDTyijxDYVC3oVshiYDVVlyOcvsTsYA9qo3mEUgIB3aQrkuZGiIfSSDY218gxfNxZTjdFVgc66t/HAAFrBJgKxUpv47Jk4jUgSgmGmUzDVjCGiYBk+Gw6dBKoEYdjk1r6w4Fs7lbcF2ocBbblT1gbknP2Dz5DDazW8WjGp21g2obXwKsnByoDsxJNcjafWKJ37MvmA7R1WiRVKCV7W68bSOkvw0rI5QQmrFCjwppy9QHuONayVVcv+kOwXkzKo+l0Ru7YhI45OhH/2fTseuIWHBYhWayI9ExEByroAYSoNrq1cY5broJKUkRoW9eu66aio+sWARrRXWVYf0pRJibsZcJJhyzFO3HklUJJY9DKWlnY4ifOswVyVeE/L+wVwxSHKrdIXrabVbmc3v3gvYcff4SytKH0fWLMayV3CeuxNFqwRi6xPgzNB3hOxZNYTd0iohorQIeJ27DDpSneM4oTjYavT1mPfolquihQ0tHilmzhlEWtqjaIELYo25uGHYnwr/aAf43LGj/xUAIdQYDa5bWZ2pwSseDoN7WvG4uwSYeIfENhtLxDIJ4WU7SILJdHt4/KxRwHWrGahREEwwZ1kBMbWbsy7bl3p759icrxDKqJ9fOJmRWoH5fkrDEmlMi2MQusxrcK+g8NbpWBVceAkMxVglBkGqciI68o9jHIM45qUQTbthj3E/432TfdlfAloHqCAZzAi7Ozs5OT1cVF27TY2mJ5RHFElhwcopTIELL6sgW8pjwTHrWjrWGVjLIKPixumtiipUR1pPvdIPt1cXFGQRpOz09f4U9JCMIk0YorBfkLTEtcDuzP8hYqgeaoWMPv88W8nJVoTAcbOBrdiaLbUSgL/RGMbzWQiRKA4EfSBQCDKIBG5CfMoE/VVmPfBiVOO/Soba9+SqcClqAThhURtw1q83BRVmfn56enp69O1uer7WqDk4ZIAtWIlKemxKUhn6CCssuX4r9XBD8PyrMT4Ia1j7kExtHETBCO84fgxCJ/S+EkR5vtar25WK0v0KK4kpAzTSUuL5raFxvjpaEAHhTMA/EnLsvx0fI2BTWZzWeUJHUiEXiEqRN3h0joUwlDJsd3U0Mpvxitiz8Em1/FHWS72UiXNBbOhpIYGnE3yUnFij3hqAEzmhfOaEPpStlXg+LDUdYomuENDpAyb1/gMCkySsUuNQ2dooqGjBCViJnVoAHzHRsQaYDYRXmOKR4PxXeZzhcItwSlU14XOuoDPkjCETyEqsa9apXKirwFIY+z5GIzyP+iWQE7rHFuTl6dvnp19vLldn1BM2ahnM+O792hrO53bs2Pj8r5nGKNsLOL6uskNDWnuCMepnUxTw0kxExZnaST0KUEFZ7eaPCSnMIv0UJTFBnWH02KjEKe5AJ6JjpCJfsldY2KxACYA+NAJpK0UGiTOj/5pEAYTwpHkFDnQUlZ+sE23FsOq/X2ih9TofdEy1EJeUd42WWf4HWHtvtwROyR0RLoGFyEANV0xfXYS9Of6Tfq32sVQYbpfoydF1znNH2NZ7dtySfYQV5ellPkQ6ytEVS3WwqVNJlO5qhgzWzkb8aLD4iAPjNk9JbLJaK4Fy9enp+fc0ixEKesdyJNu6j7MAFrrD+bzSTSu14UquxfZ0IBIOK3lCeLs4PMxwcfPLx3/86Tp8+fPfvyvQf3RTzorZ/X5XUgYGFCFh5q/L337n358tXz58/vPvhguZz9x//4P/jzH/7k//ev/vumrcAWzM83FKDOa6RMrxr2TirzvmPGI2zLD9OpJJQLERwGb/089m/K9UoEMIjxMw2HasyzBprTbf3l6vQoz25N56vN5tbyWBIxcvoPcuyeMAdUFOu6thQXDnmUvCWWB9kppsyOMzKLmQENsMuyrJitaJxvXI1PSFyT0BdjgubY8ZE9Mr3bqAdhEo1CK2l2HDupywNU0m3SwSc7qmN3RQ2G1BGCkoUS3QHURlTcfWUq7z6Ow1aZDWdqz6D0UCBaoFzR3h+girzZctAr/VdPOKWAnhpnoGqp5zjz0/l0M59JZDerTmky1VZOaeNX5Gc4mZ+DoCT1mtLVRHnCq+hK0YbzpqUjspkES4Rdsg39gFODn2M9F9ylaJblD0PpujeUfdzSEbyGfaeEI5P42ORRvrh7e/rsZfX8+cWrVydPvzy+c38yXczu3Lr3rY8+/9GPf/3jn7730Ye3vvUBn13JBl1IMaoR4CyKinNVkqdWkZvflBstg92UwoxP6si6oASOEg1SdlwOr2cjSDQilwWLeIwzzhf53ffuf+cH38ffL588fv7FIwq9UFjxNzcGJcPM2Bi6PGEQD+C3FDYSUQFffXTrFn6evHyJYjx+T4cGO0qHNyw+JfGBznuJ01hVeSHxhuz4kztTHbkj+YJwLo8jGnjwwfsosP74T/78lz//pK2a9x4+XM6P3F1jfgtnunjy80+fvzpFa1txcUEZ0m4vjsuc8psal6OihNwf25OTk9zA0XyR2TnKPy0d021RstzU9HbLwR8ntHc5nQHSmAXK2xVRLkQnrFxqGWORE0PwEfBOj8H0ODElW4p2HJttRYLziRUqkht+urV81CqdICMsYvw0yjgS+9W2GVEe9rEjKVrRnzCt3vsh2ZIP8CnrCP3UkPuWI3YnvKRXREfDSBt8WL/YuE8lwDjqBBt7Cbcuce/o8AW5XzjO65sCA0AXhMHvHoLpVQjaZ8HT7BfYmFa7ansGQ+g06N0YjdGPmPwbAAAQAElEQVQIftwtzWqeKpcdG9mF2gCHAJdJMElPgrwlNiFi+1UXa6PuQlwuyRLGE4WYvJHgtKH3EP+TS4NRp3OoShADgW6qc+6unYJnmSYVwRqVtKJSmbAe07CBbLPdsiM5xYGekZqmlEVC9MVu6aibRVVgRcfdTK4zA7twcUjpmBKdmi72Jx3e9BwGRoP2q6ufAkDSgjxvrjbuXtaNtLxLPkl3tR5+Yv5ZRXcnx8UjML/VUAdpYajmyASG9wsy8UiwmMRtsA+oRho+MGSbVJNIvn3eTMtyuVycb+ptc076emMDbpJ9KClgjEaQULcvOtePBsY1UpBszRH387ZwDe4hDmDUOh9yLyVeJmkXoIcDwyyPA+lrs8ayB0WB6v2wSRsjGTAX69nWx17zJqeTtxQp1HMsjYk1JcCtcnprUp5P/cuaY0Y2dZbVaHrCnYB2OWfBJowuv10igXs2MuPkQJOjecXXzm1ds21VoWy1L3LKPcP/WgrC5zgHeCRd8SyHRKwZzkof/Hx6L2gj36gkbM9ryk8qHe5SrEsLCYC8RKiPns/niPrOz87u3L1LZKL1+7sKN4wkAhPlWV2OnIh5rVm4cvIAYABDJlnKsMTe+z4/o5I/+M5Lh23AQbASz/tocIojShshlti5QQ8z0qWDxDqKtBt2AEo5S8rrzAl8M85QSTxCG58KrIZRoje+QH64270PSoWDi1cNpIK+zpne6ZrtVxfrhfcuulboXEVHOYDgJRathdDbXOrIFgKfhFE37NEiica9SscjkBCxH1ksMtidmMDmqC+MSXZ9n0tiz4kwBAhhb1Rl6rsAdc4bTfajHvm+x58Zhqde2Ii9M86fjpcpRj6QkAx1hZSplkgQjtMSQRQgErOWLgS/zCcsok9fsFtAjhLtYEJ9UM7dsiZaExCazuMHes3wB28RE2w54Xs4g9TVhoT39v0O7p2nwBCGxsIr1FgdeMPwqbOQcr5wGNLpY4auW0DeNLQ3MwYvsqGzExTy3g5EZUwxTtpgF+JAf1BwIh6SgREqHQS2H8I0JdBiegoaGaENQ007JlTAydYOsdCD67kYEbXr6hsl+VU5zi5OFdnI+GAo50yRR8P0GrXVCQXQK8FDIvbBd9ggrmMKcopIOXSiIlsK4ZsDinUVBe1pa47whu9v6JQVCQk4sy64jdGu4RhwlFjHUzoecjpB0o9WfFSrWs8JgdQdT2GDX0Iegr4pl+Wdh/cffvuj+fFi29aGo3zirNRVwzlnOXIGJ3nhZYJoBtWJY1iRnEqggdvAiAtC30qfgFYCOX2OISEZYe3ErhocTzsR1UCo1k0pjappJc0HRVndbhs2xluyJ/CZs5Zz3rDQk+PiejthVwREYeTOy1H83HYL7HHCobfJouvwDqqqy2K2QLU0mq3LbFKgtbNq60hC1HRNi9g0WbZp2zNoz5H7yqCeZU6O+GfMHAqTa+OIowgIPZmus73yt0xHbDWmpDg4ghxy48MCELKi0CczdCIFSg874Sh8RMqeUmcC0Zo1iquLNWs8yLcPx7w4OsahExcvDuh8tJKD9xtOc6Po0QSfs/5ydeub7g4vcRWYIuCLtpttva0lugk5MTjDNjJHaSULzREjLvik7SSLwhRNCrQeuCK5xKswideLCTPLkah1A0Qq1oX3D6DlAuTJjDnj+7NmOsbMjIH04SVidUhUcHFm0kJ58qo1he7gcC8XZ2eUfb5VVoe2J6q0phP2Ss0oCE0xkYQ4EdvQIXDbpdaLqxKogBbxcKS7fKDThyLOJg3b+DkM+Yp+NE1Ev3zSvFA/FfGPRuU3rwtHtsokQ1Mu3gYcUcMo6TQpnkwnsXchLogyWazQSIoJECuxSVpO4yo+gRRbhYJ55OnWoPOZYaQSZIvCMSPIsScDJQqiaJzkfuE1oEAnmEOcJjPCVukxfmGErAxbNqMlxwtanDghsiU5RgkxDCYGGOtNQoIPlUjoxHDuYU0fRu62m/Wm4qxG29UKf7LqhKS6Yk7eP5MpxW+ccJgDYeooYlbt5DxUWOjWtwn1MpHo9vESByNWTyQOPcWYX49cAp8wV6+lMOHQY3W6QfWbFYbTxPEpbISIJppJR5irEOkkZeoS0mB6QB7GsisPRW8I8/aLf923jD7YF219GMn+p3YYkh6wXc1RXrufQdJJEI83fb7IK0+ttHvk5Spe76Dct1QGrGO8Av0tYEy6SyKbbZJ5pC/Z//U//YdytqphnS9xk+J4Ja7rfRQsTITST56rxPmKZEXcSZsNms/r2Wwec82mvdQueOMCoTK+Uw3L0RkKMlWWfPh4FwquPV3GDDk80VriFyTK6836iy+eFJP8wYP3cOCG1ejdJAX9tLiNMFbSiJSEk/Ls7Hy12dTHt28X5SwnqmY/e/T4xdlFTazahBg2PtEPIoIGcQaEK00lmR6LZdJoSOIPGKWx7nBFYMdiT01kn99CpJOk8fBr8OXgAv1y+FNXXhkph2zJ4b7tcaL9l0D/33QvqU4hziankkMJrbVNm7eUA3VGziV0IJFkGk6fTGf42Feb0/8RbTekMMomwAcgOGiDkBE5Qes4gSgrkkhwp+zmIcONSQAgYATBXjac0vDiaM9qnZ7eZMSg4DT2loyKeRqNSyT7Wihn0N3oYXUbWfmoC4Do5KaenvFs0CVQp/DdA/BLal5dLkHNEXuayCXDCNK44SKaJLNn7wFE4VIwJCccodkl0ZHd8mxQG+kjTiPTEMhQpBNlO/jsdcDioXUTlFsMO2IEBVEgwBjfw8XrR9wZHYqJ38EkGsBOtUi5IKy4FdPZ0pwxWq5qDQZNgksUDJB7unj5ijvnl7fuTOZzrDbJi+effbY6Pbn14MGdhw+MDZ7NrIYFY1McFHtFqSJC3vdcYvRdtaCHLPghUDFC9V6rnQPLTbV0aKQT/hzoj4bDSX7H/ZWJWKVPOUU+QtVIR0BWBApuc3zr9NWr85evthcX5KLEnHqWhxzttuN1ArYF2NmwQzCOHve8TVQQ1cMuOcnym418H/T5kpZ7gx1ehF17S9olEBcTT0KdJNwE0512PaTI7Mvkc/402sEoKiJ2Rg1IOZ09e/L46ReP8W1Hy6P5dFYUpZzYQxns7OwU0QXqn7AHCzSYFzmwtwcSp4wqrFClgmLgbFrKySGRoxoOUkon81hiUs6N8slZOoKDSInlHvyNhoOqaVUxBlGAMek+VZ17p4dXWwIIwerQVTq3PuDF/gHHMLs+4a80oq8c4GEdbZEXgjEjy2o65jYiMDnEA2YvGgyjSBoxqimAjgAHpi48QDc15iDvgTADJvZhCHJ+RNxJ02AoFEGM12ziMKBfZxd6rRx8BIj4HIJQkcUTK5G/DC24rrd65FpGbGN0KxNmQAwsgXgxiMZzMCaZbtWwQNL5DLrjRFZz8kIyyk4vE6ZWwKzrZzgpZ8yA+Y9z27sapHmZGBNObskt0RqrvtxJE0heRcHiRafNkNupM40qmfTEuqA+5pTkdQmY+AOZZ6vW+vAsdBFiTNApB1VMuuA7KGhcGthFaDsXlGFL4Ps1+P7RAvvocmAgTXd4QIAo+Cc5zb1tTQSVMVQ81urNlBANKDA8iP4aVMpR0jQUDQvDvI1UHGzKXiPKwJBBp0KkTNHsWt+9gX1Ggq6r060pgIpTL+mbKOgOB0YGAUG+Ly8LwOGTw+0JlIzARFctvfQaS97bZrzVkzwQ0aTXfzljDj0fqkiDNmHtSPXXeLvaopiUnW2qBi0ZfDcoLK0fiME6Up5FcnMm/MMm+YwFaTrAzecZJfipnG3nL9gUhV5wVCGzqSLCQtxxAZX0xitoM7IQ6cJ3M5FuJHPoxA7AZkTf5PvN7jwOYxhnvL7vMfusBmbbA+6+i9WFM+74+FYgVUYsb0K7w6vs4ZFOYBcL7cpr3P2OPiohMOJuZ/qs4OXF7+0SdExKXCWjKye0W6LYQ7gyjH/uw6QFpSJQeJgQGcvEw9sQCW66yyD6Eysy60YU/BFMN0xQ+BZJ3CQ+lLjKtbHnvn3V1ueuriNpMJ01HXqRToBCjLDKmpdOIgF11j+ZCoAdviidpWSCo0HUCaIWe0uMD+HFz8J1ulc6kNrG47lyXj1q+MNcxNBW5KMe2JQs+JdAxCVy/l3+BH2Qi3tbC9UQWmlM367TUbUEMQYZOxaZMh84BACINFciQYRuSHw9G47eg0Y46LgkHnQ4/ScBy3zHMQSyCOr3YDo0nHYnksjeHx1ykwC4NDpOnEiWpy0aoPCCnP8PPhbikNdH84FBlZhO3SyN7SxIIptCly5EyWIAW8Pr7TjuTavBNdjrxqbYUwKNhEAQsowM3KIpsIFzt6bn9xEVDummTvyQfAJD0Fl3NEwChwEO0JKECwlrH5i37lnWcyVxMXUp+lKw2ATijMpkelC7sKF8OsHeL3ILzU4dPU4CcRFYKYCO5NP5CzouFvIMaRYXSIl1HBwYiB40tgurkFAuXhaJNR6iKjgIYnImimZtgQNMyFF/mlmHAt4ky46ms/mkpOyl5CfgO6rnfRTvutnw4VYit3YKok7WSXqo/1hRVTpRWJG/iKlciyzAluKBG9SLtexVx2kqUG+aNxpNjtgdTweqrLMU2qTy+AmUkdySQsozvfch5jDz+oZzHKGoW81vH338/d85untrfrxsxcEUjEQRdiqtZ3kWNBIEJDYgbYq4wdDLVsgoEPCqaCQkI4aOBFx1dfpDh77/ULdVdJb6GCzeE+jozT8uc8XG47bmBBubratbiv1CMU4MzxEUZLHISshxEif4szUTk0/Ir96geb/ZVK6qEI8Cp8eiY/U5NLnxBWTT8v79++L34NlNnwMtZ0a9jwgh4aKs23bl3blpz43bZKae2KawyGB5CTaiwZ94lnRHSnCsEB4mYFDetVYSUqhxRIA+ExMvcWwcooIC5UpQk4IjCoiGJ5N4SSrcmUALnEyx782aD4idjkihVQuVJxdn5zh7eHG+XC6PjxfLJYVkkEBeWQj8xpiTlatGJUVqu/NhjFZgHxGFIAGnrnscvaMmS/lmc356ujo/X51fbNBqXm9lx5ImlbxL0FRHqaIpRsWMoptwUJPlfLmYzafFdILKGqEw0IFMZDCgi2iUiPP657vvXnLeeR94DtOnBt6M8JAuooMEE17Nm5k+OwRpvymNlOh03fnZ+dnJyenLl2enpzI/Td3gylOGGvyblrg6JYWcmU40dgjFulGtQgwHxV7mHY8XsH+cje43H9gXlkYy5nB+bPIBklQ1+Nc2NYfy8soNMM8zYVesCf9NKdIMqeYozAmaOCcc4qLIxSYypO0huG8kXYHGmMAsSzhNvSDd44NfdIytYkcTBKD1ai0JmMjDjI9iUpdmM4pqMp+z+wtH/cnZ+4QQueexkStPteb4KNjAeoNNcXyUreTTCQsauqM8uUCDT8ificunU0KZe9C8S7FVKKgJzUzJa1RACJbm9BCzjJ/DG/uBRBBIXApYrBEhlpPjsuAmszHBPwAAEABJREFUpcguJycXp6fr83PsP4UPQ2JaFrOjo+M7txcUBOh4cet4MqN8OiYw/4FrJW5F1pqsci7ACI83RqyySYRCr8G89fQUp6I2EkhGvN9iaBObBcoRE/nJSKz6v4YJjO6woHdBQ1843QitdI88n2KAk9al8+9Nz0HM9wkKpGz8sAjZDvN7tRh34P4efdMhrV+/US90fY+RIn17QIr7RhAVMntupwz0NTooTfeGH2mDUeIRS9r/7uxgenGsmDcuu43YncQ6SWUZgUuO0PogzCg3nP2f/hd/F/EOKxQ8blbcNZxhh6Ibib+DMoKgxmMlSSZBNkImUZ7JcpJwkCMkzVk9n89jt4D9NqKPquwF0eXE6Kiy48g05bwYhBRwQNoPEm7HoZpDZmwwcTYJZY+vQNXJ08dPTl+dPnhwf0rEKVM9OEikWNWJi8BtTWosIdc1vPH08dP5bIl0f7U++eCjh7/69ed/9aOfz5Z3nj05mUznRsQDsreBRowUrRqzAoJ3xAIXTkLImRgDHZEW/2PhVoOgqAgwGaPIeNGuYVJOwiTchBmZOO8Hf0NgCgJw2or2wlz/L23bj/VH9bAw7Piw1zDo+B4AuKKdwFn0tmr6zUjg1ugl0Bkl4jwHRsBIyjpWTjGg0GFUT/mrTFtNi2w5KWaWjHkkW5IHvytEZ+Q4RSYHxcpYtMmZYVbRsBVZV2Vpdg0nR12KrLWtKGO0SBqWg1yqQckplEDM6u1ZCsokiXqw6NBa00ELOXJDk8hhPrlyEOblz3qJFGAl056eSab4sd7q0UvFKhB3jR5n59Di+IlDCtK+8Emt5PrdNXjLlS7PagDD3bW7arnBpPTVjLcAHafb2zg3WSDw4TACjYFPSEkIr6UPGhTFj8DyDOnQjA9e6p5PHYAVXh+ECU0OzNl4iAdbYoWJiBGOm8IXyIEAE4WRwPJ22QzkmC3DRFiTLqC/iaTABKOiGptZ4LH0UvKeIkORxpez0bxpRUwGERRRllqfnW3PV7PjO0e37yK85NRO/eyzX63PL+7cub9YLBHqbZFBTgndbD/0UwBs9rkJ7t4cgppD2IZMh90evnTB3gQG4rNxFd4SB/A6GHj0b6i9HPu7ujNjFcKncNtRGc0MoROWOmOJnbICL8nxfFNtLl4+X5+dU0CUTA6sZGLwsfHksZfjg526xxiTao19UOxKiaFEolFa4q+2dJRkg53S8yJh+/sxjc/4kIcE1KSz1oc1FvOtuE7RK+SoRNByQlQDsJ3MD5RTQomSfrHU4iCcTyMskRX2+Pbx8e3bL188e/Tpp4vF4u7tu5TKPfeLW8t1vT7b0qEM8lZsG4v8noFSgtASR1PgdZx8ytdTFNPZxCrzy4Zu8vd3synHKS0mtMMpHU8hPUF1FicZB0HereiXjZGkgqZjPH2rhzoDzZQpkqxYplPgqleaAegHAA9awjAnQTMfOUQlQvqk6AfJNhX1yhpdyYjqCb84a3pWfH1t7zWmS3IDMNgKA6iIKF69L4wYjsUa0ONWxDiwK3SpFBMCk2jCMN+ZneSsCGNWRbmBdkAUjVWrwtNpI6JO/oyeJvTRHJJT2IXI5ECky16ZcHVFdXqQTdq0HZ8kJWXGeCpDBGpZbc9HFuXAcYxILQ4fEDS5pMNjMEHwCfG/nZfzHQIGuhs0cGgYFPQpUey69DvMHlWNQ0imW9W44MLMy24EkfMlgYrhg6rY3zbSF7LlSPLDIrybSTLzgfLerAvJHiE/gArsYUxDlVbT80A4C+0jp2+SpZRig/6fA2GYAbPBAxSK64PFFFLANV3jCfDH7eV7m+xmyo70IVOa/EFgLyMWgZatpKzS7w7y6iYNfxENx9k6pNNdRtoh7ev9Tjao0dlmNLXZUjQvRKTRCGe0pqAt6HZoFHOE1+VjG2gdRNzLJ/akTtZy4noOddBHO3RAwshmYx1UYymoGMeDzmymqdD4gC1RCKKE0Sia4qsB7EGAj7BrereSl3tzVQEl8PyVZ6rtWVH4wH+33AYCV+klNbcIUEzbmhYJCgkgTQONAzQgr+tqVW3I8avIPY8cMggHGWWGM2EUAl7UQCY5yElYOoCLAhOpqnNyO7F0cFdsm4TRiEVB9pJ3rpVJEZkdOuLSgSUEusLv6gszif9MQCmwIzlfUnZnWg7hjdSU3eE0Hq8J1l9rUqGbiULy8j1NmZ5IHdIu4L+kha62qLXOhZsnOORPH7QbrEFIdhuke7cTSvg3Hw/kTe5M9wVMf3qgQzzyAZZO9xk6syiyDAuU6QGMsZncoySIasce1TIJRY0aQs5poAyJ152bPKM5GlyXNYSPnqjQYVPHaROcGGwwfBqvx2r1/DpfdEH35cRU36VcAaHb4nBFRKuVE6hoQzS1tadt/aqpzymDQggowa6QSqvVrKzxjB2nnkGTtyHclYWcNTJ6SOZ9OD/CWHgXlGYC4bQgLaOlms7VZJRHRKGfHEDkQK5445CNlzxOpPNeBMfgNMANBhW9KMLEZpQZhSd2Z+30RYYhASTrhfAiFNCz3eoAJeoGrWYT0XrKn4c9ow6O3Uh9x8PaZMuLoxqPnP3ZOHgCp/XJSECVOEkgbrNZcPTJxECKFcUXw7EGh2zqkUTxJgoe9sZ09HaH7voQTwIFeedMkn+QzjVvtxT2f7PmUyvAEg9lm2BUxdtUQgzIuDok4YL5VWiW135E/jNymCGxu+Izr/YhfYxQaEOuFIYT64R0P2FnhOB3XUIN6KaenXhIbA/5s4SgBcqVJFQykRr7uIoDziekdTUxeQKntCKXQn5dBp0Jz2o+dNLZGvFbiugLYj6UPh6h28KMh/Xj2F7KHIj615IfKpnTJ1mJlvoctb+Ok2d5qDkETcMClqhtOCMJpYTBmpRPh7NT5+LD0OPh1WQcYcSGHEBZFHLDRpL0QHIwX/TqToPQ+ECebMYSpZzRERtkLoYvas4SsDb1xGbH8/nxdIE27Qn3KhP2VH1Fxewo2NxH5V9kLEPiKKtbOITxYSTOEcc0xxNDnDzhTcNwQ8ED0b7g3ApBGwE+z1ABVFOmG/IxEAWZl9DPFEUVKKtOnm2MWXm/BVNnWZtTth3PW1BNEmzmZEGbFK+44Lce3H34nY/vvn8f7cSQW0RP7GtCWtzteoMVcknXwigp+iSJWGmjJ7TgLIhSp2LciEdS6Am+uAFwAzsLSRns+15yPZdEcAzAapRIkQfDtqIQfIhm0ZBcX2xxoAh7mbdZC7YxWQMlslGePE4oYWFrihomNeRb72tis31VIwdm8Sl6E0nLTW7awli0oR8tyNXh6CiT9KNO0sBJRcR4RePtuvar1p95v8rsOoMteZxkvsgco0/htzSvhOgqM42bKWmqGLeK04nJQmiZRJkDIXACJ0FFGayU3BxZIalDSjH08qbOTCIoomxpfWAtgr9xn+NlnSEa4DdrZHnIsQDrI+dDmWuOlrP5jDXhAquBx7NpZkITEYL8irpAcvFyIpzyex1F0EGLPoF6xd4tpxfnJ5Qs5uL0vKb8aChWtDSkCQc2IbN9OV1gT46Wx0tyNFksUHU2m0+ns7Iock5XrruHGdVI6STZnNphLWSqVgarcrZsXAfRvNKxQQl8dVK2jNSrJiP8xSx1OqXJ9KaNxAnXW5JhhPrtlFhXVY2fSMTIwePi4sWXX3756BHOCf5Vm0qSk2L/p3OcC5yBoymljaZkMcWE08SIVjmkRgKIznTeJLsqgoRwkszbq+TOpgrHU0bRPlB5htCAn+TawLQVryGpZS6ADs7l5E1CTiWc4WiJe4MSxyxm+HM6owg0VAfROSfz4c5E6dpF/Q7jT6ciY8jOEzQ2SqhkDSmOGQcwwtlAEJI8OORrsqbUQqw5AAqnMuGsS7M5/iGoTMoZR38p6ZQCM6nk2Ne4GvmF1WZ1sVqdXeDfhtrZkq8J2XUlKR6EZY3LHzlEL0yFU1rvleIzJ4OjnqDWsJwgfJZzisGDP3M2uYacWcKJOhAZQfl4DVkHGpkmU0NIDFETtjNeRaXm6vz8jJyQzs5PT/BvfX7e1rhnCW8UCBXz+dHt28vbt+fHSL6W5WzKKalyFr3Jp7CpyY0D6zcUmn2Nv4Mzqibd46hCuQ3xFJiye0pYRqGP2K3ZsHsNebypi4nhZO7i+VSwxwkDOR8d78TGDsnLPzY4WascL6JHw5Yf9ihqg0MMRVUJmZ50uwZoD1xrQEVD6ac7dWb6Er1PPRqj9uSq4s3VSUn8TjEHlK4z+9+dfFOljxDEwBE7413qRyDtOlFPmMTNTreXwjSkms2O77K97+qmnFbQv8BFMzp1nVuhd4mWSysYo8ktDYTzbyZ5S4+8azLDCPvBmbX3ahhMzeuVlPcA8cKMLvSJoKwsvWnF5TJKARzBzMqmlp2C+hqPOwQ3RV1T/HTcd+v1ppyuigml2hLprlMfKAsZfoWFccpfm2yChorZhsp2tVojFYA0WJYP3JBRb65Mr8k6SHxdkmDJlM6ctjhqedvJfkbFH/PacwesshcIRkT0ve//7l/8ux/+D//9n/zT/+gfI6mQaqqRFggg1VgmJ9o0MjhH90KUfffW7efPTp48+hxJ/3yenzfrf/hHf/ijn332Zz95cvfWcdVWDIgZRQ0nRJCLSOaUR2GTf9wFRkRkbyKER/8P2XFOZs33xhJGJ6q6HnzITEnla04XRJyfXhqp9cZl376A12scrrww9i6/Uw92m0kk2tBpCHcUvG1Xm44x0GUOYOfPm4uX2/rFerU4PTm6dyRh3jhkF9Kpal4uZ9MpH0epWPChULCbDfFLSKXIOChEnF3zmS0yLrctFJyzztnN9pxTjTpOLs89i/FpUbXaCvPC7goZszJibuOTF2JN2ZkdhZl0GjjeGCu3W5u3rAki0ksHAQumHk3r49lK/Zdgkqg4bQIQsY09r2yHxvu0BPYtwDXK4NEu8QrAG7R6+OuvfIv3EXeGC6k9JKBKn4Adc6a2yFAM1gTYdVOvG0lwIDoPL8kXSDDnlLHsrEFqxJi2lPnWznwLqoz2ogh0yNK13kAwQULsrHIw0mefilKxQnclzLZJUZRorImp227zcsJgQUEiUafiJXEGnSVoC2RHbx0hY7o5u3j55PHR3Xv3HtxB1u3We+9Nj4/X5xdPP/3s3v33YDZBbRo9afe6ghryYMiFFUOhEX8WnMRk/+LAnos3SbNvvIB5FyA9/uorx5VUEO5cKC+uC/H0lIpg03C0JyS7eHdCC0SJqt/78ANOY++ef/b5qydP1ALl/HS5KGelMGmcc1Rxkg+OJxw+hF4nKsfByqWk0zPmlUeOb99GaQAFWuTm+XyCZNDz1h4U+uXAMqDY2A3xrMUvKCU2zH1NSF0+if1UpN/1vAsNGsaWSGdeE+3SbBTZ4vbRH/7xP/jkL3/8o7/84Xaz+fjjb9+9d/dscvbR976LRrYvf/n5+ekqr6ri7NwjTr53fG+6NIVx2yZfTHHc66p69up50x6zsDzPOMPggggAABAASURBVFZs7Suc6/P1esaLNeHIcChz314co/qU1IJn56beoo2lzYiz2VDM6MZ47ZR0OTI/gyJ2C5YVohuZD4dHTdB3kK6cLSdqmCKzU5wOn2wHEBxD2kXHUcEki5PVcyVAsXC9j6ytj6sEBvpZJ0wIxZduNWtSNngM0uSpIDd49gcMxEhIpBdDWfeIMSkHaCLPrPeFspPwxP6G4owqwgq9SCLp9UA2oOUwh0JoUpcZbzqBlIYsR24t20LIiKIiGOiDfQulD4id7CWUCKO3rHE9JQtTBuFElWVTuBP33HTSBAq8S8TRlHcFVU4KyFvmo41J5eYoMjLLzm6/lhXeYMD3KS7jEDrj5zQ6mAZyYckvyYBpjEo3ns/3IWyj7tVRiHPixevGrbYVhEz2hk9TocqvlfjK3C+UFGQKSdMUNF9KH70J/ySL1p9G730iakpNG85I82CjVxur6VpKJGVRHS87LfIP3JYLVmEavVhNzQHl8JpvofSc7ILsRuf3q3pLvmQm08WiHF7g04Pbgz533MuVZXSww2cjWyRfEZ/7mZmhIohib1Pc8Z78JJuxpzhQxo+16wgeMJ1ki3mJ+lVEVnUrxlckQ5nTw2MCC+HMglEsQstuzbatV+s1qvIKctAkfJ2HjSCBtcVnXXyo4uMAIwO2/mbWOoqQQphcijoCYCZYgDa1aFwIMTrCRZbNsy15DVN8dtzzSJyOy8npZntUZqcVClZIOklPXSP6cVNWY2dGQsUbox6QqnujnqCsgxa+DRErshitayhsPSVTBQU50zwXijfVeQOFLyLWrKX2jHZEWcjYx0MgGXHEvQ3tA2UGnYtOqBoirSsm8hD13K6k38lZ4a3tMHmLH38fqJXQMQ41HIMKp1bOKKI++9XJK4qrM82NG7bgwrvdGCz5gPWMid4W6ggjlIy/jcwJ9iRX+pggZ37AJSoiefV4iTL8a+iPYtt9HYtPWpPldwHwIZWDRJMVPAlifa3jY+K3Dpz8kC7I5gdxSFFlsFhzhcQBhMPbenyLjXcSNxeEAQt8BSRHaAPb5DUuZsd2XA8NgLInVDobqri7dcySjMx0bIcamNkTu9UT0jFiUWSbu31jk/giCaZXgMolrEpmw6EaPRFKfg8a5iQYuX3gzXZEyHRLJ8ODnmAcOhO6ot4JLNCCVU9c7q2GFVG/ct+RgMAphsCyOotCEsICdZtkz6zzOFthDIWfU1cbMkQheqw8pyNMuqpjSNQvYIxLVsUofuuxwcFCAMJEBA878Sw3EctJ+6q4FXMWeyBplCCebj291EOC8jBPlAbcCOENVLCJXIyHVAshQV3Dz24QAiU6ixxXUicr6WXYcrZ3ajpMDiQJ4k0KG4MVUN/1gNKEyGo/5GJmw+yzsZFDcMgsEQYja1HbhTPTAUu6E3KRJCO8erAaYdJjXztMs7slwqwq9YPuCpModTZRTkDbAfFiZ3Rq9ZSltimkBLkaNJzOyX5IB8ioY54DOjMKU5uk8cl+NaqY8gPZIVhfdgiQbE4T8JQ38TAc+S7VzlQtp+2kFHik3kGRmbwKIHN0Ls5z2BHj6KiDJScV71H7g3qGhn0BNcaOeFqxXwhqJRkdanCg+fHy4be/vbx1jONHVVXTVli5oVQN5KZG5nz2b4imF2C/BJl4H+XUDrLMYFEG3L0xkSkNzINg8x3k6xPiFY1w3ZZU4FM+Q+Q1XEE0hW5ZvYAMJYUrWG183YoLM3vokFMzxTiBjIKaAHFItnZQUzoig18o01NjKCwKsT2t4YTtmc9x/Wfk9IDmHjTbWhbbLLNzpNdj3tVRG27d+rX3G++rImsyaArT5tYX5PdDXbXR3Yu11BAcC3k40fPPqNwEAffTM7qlWCZkXTkJoKRdmhQcWVJ1TTaLbpoKWYEZpNxj4s+YOvBE9CC5jzkxGerjqSZHhpCwGVQUtuWZdH/F3RWXOCwRiSm84RUTgUXNq6JR5+stGr7OyQxAyrGaA1Q49pnA6mi0z9lroUSbdp6xzV4iZkwkXRrBsGIshufeeSXZ7BznNyB8ozu+VxSRp+CXIDTXv2j6XGy/HYjzqR54ZvCmlHiH2RHbP8dscHH+V6yao4gOnCYGb0znR+VyKjlZZHC6KEVugnTNfjMhszyM9Jmd7rq9KUsp4xdLPysJ8aUcl54z6bCXyYaM/QgPDFeUIIYQodUMNYwgcvakKGWxcjbJCE534v3fWxgDSWYD6oNNMG4HMBGeWDNjRGAh69F2u1ltEGRYnwmSyE4qi4uD9CwPysZ4rI5U/q4hpQTu67qlJEWUiWbDM+xaDvQotiFQkdEqY6aISqbKd/NnNEhwiB8m86OZdCal+gDJyUOjJEm1OD6EDXE9riyZKDlCEzRDGkfNiIGJ3GvRmH364uXZqxdkYwI98UO8IM4Cxb+hwCo5J/GQWCNe2uIUSaw3aWuJMtq0nMrZcfhA2mmKcOSBmGKJzBlOwaKt8Tc3PrFyxE3j3lrpbZfVK/ABQtmgO00XgIL/sRzfy6j3ZswWpGl0yNEkpnkKkBO4rgBH8mIha315Z5eB2b2+m+Lz7ZXRF6Wd2duTgRzr4z8d6HivXvXSavjeP33Q0zD1OrCrHkk6E9QxEX0ZCOQgrdyZ3FKqLYqbIfsDELwMzG6BvoSboPHxEhAhvPZS7nK8EIcb+bxu2knaSo6H8G2nPL/nZDpo9sH/8hCrjJxE5RQyxYxC7qSmmOzmsGJ92C3WzmazzXp9XqFtYs15ciZG8Lio8vXYjzLxu9MB4bhYRlxtZm60+H6uOPm8f/+9+Xx2cnL26NEj8kWclri1xxfddGwyaZadw0m7e/f2l1++ePn82cf3vludr77/27/1j/74jz799X9TWXNWN1tSlDHR5Wz0hLj5yJkIJyyUM4HU3nGvrGqrB5ylBNU2IVvqKO7wIUCijNC8YXnjBsZb7WTdb2IRJkY2fE9s5qJuVCBH5sgNl0TKGqoz556vt4U5v7PcLGdT4oUdHWcEJiqczgA3zpa9UGpOp7epJyUztzZrLYfr8tI67qWSPPo5tAl2B79uSBBzhiliFs5YqBTO1hKkPq0X0VuEfQYTYvQlEooQ8VRUNIHxUazCe6LxjTD6lPlTopZkGSelAMkRFFU50UDFbEFjKqBjN+THJjwo+QTAdTJKvGF5E+T7VZZEqiROKM9LxLDLRUUOyDWrmRgVWD1BJJwGn3PxFo1jnMVJlzGupaxOArqOGZqsc0tPe9CrG9FLXFxIDaXpY4m+UJXvLUJ1lW+3k2qGvKDnKyZzrJQA5BtRXkROfXp0VG22p8+ef/nFZ3fuHR0dL/2DD+99+PEXP/nZF598+sHHH9//zkeNFyt1FrxrIe2MfJLDMSdPwS2FogJeYZ9C46/nfmRTWevwMpiTdwbn76xcazfFcznqN87G/5qL+FugaFCxKIX4BGHgwQcPRTF28vjJydMvKZ10295h75LCTlCQM1YZHx+60pvhTtm/t/PKpiP6zDK0o3DSU01wZg/ASzNrFpmZWAnXP6jtB3QBjBlyiHIfH75d0l83mc50c5vIyvTZmu6eOkyoGtcLFxrc0hFXT70py7/zT//Q+D80WseZo4V5+FvmD78jXIWE5NJjBaISlmNiXP/c+DOnZ174iEN3i49U8uucRu7A8sC5B/I9hGP1wZ07sp76VPjUg8M+Rq8IdeL3jv8RCSyoSftcvInMe7yX1Nr913SVhzf2F3/oxf1vNUmvL2/rWoQqoJi+UBIVS91XvQFJhU6hrC1A/660EFWp9NPGhsMb44nczqge0Z4JinwIgTUgXDFRWR6uQ1SGdaMQ2SLvD7bDq8Nx9S4ak4zHmE4c7ds0d+v3Wg59gv5Ux6lDEnsC5jS2HGeDv4Sjp2Hgye1YH0xUNEFXDQwkUl6s2S0TmGTquhnvfTcJBEC39OkCJMOEdAYGE7EPI16Psl2r8v5GSkN/WJrL611e/OjX8NPvXOhQS7iqiKgTvQv84wuN73BSRFRdC0FeT/AcjegDbx7GNju0GK90ndrtTNrhmv9Gjx4FkNFfkMJEAhyQrvwIbEACRuklGH1hGFOYkMEX3pe+m5kkYE2gaRMPOLEL498z8HvJdaOKNSP2a31LCPAfQwf4IUFOv+gkoGy0NSZsoAl+qcCcaT2IyM2A4kCbzIkNrch2t1ot/jDQ7dduv3eoBczotoMwoN2uJ8XvXvDjtXbhxe99yuu44g/kVubG/Jb5blclPOA4jE36oJTWjBefHDobuTd2DfqtRQzQq7ZDW/2eG35ni3vJ5RAekv9hpDUft15X2e/CdteIV7jugDY0IN+VcXMdSIdwSyH6aLyrAQTCFT2W7JNzfIR//JEx3zfme13YJq6jOlGtKUqu0L73MapK4J2crq+PLzUBm4Wx+G5awjCVSxtZkx3427m0hzMyBzJfHSbrXUm/jmGnjjzGKkPiv9PeKGU5lLYN9snulJiRKfPDB7vJ8inEJrX8DoCbsZqDjeCTz0u7v1PGiM34nPTEq906sDPPnReOMQN+LV26/tolFdI2knXuWE6tugtCIyRy+JreG/twBjtfuqqj4zGmowuD1gad61GTkZb1C0BvNlOGH/pdh26kPQZgwAb0OWS91B+G1vGhMR8a9EYNK3q3s8CxL3pgZ73RzskX9unQYLtRfpCgvqEmfwk5FtXXVK8oP93509kwDZ28AUn9KNh4ZQfoMMgE/6XsfpTQ3G9bf1q3F42iYU3OBxJ+QxzoNKyVkv4djb1XdDsqDNq0WlfBdz97143pJGWJH6NWZUO2WNQMoz65Zhe0izV+pwAnnJ8s5+CiOSBnZUtjc09OJR7tpxVWpkQ8WWPk7AZrbIFs33xWICvyxXI5W8752AydEWETLnn0SkgjmqK6rZl9Qr3bxrotNjHJ2sy4HFwmvibsSmETuYd/S27I4E4S4cmnW89o1Hy6Tsl0MqD4H5QcGEhfPikyzQjFGUPike+OOOvvLlxK0GHiFc6pQapsiSjAXk35bLGYSGqMEPrASwaNbmO7jjmAyA5AeK98V180iqygxmBSfXDinvVmtSaTXLXCN7MbEw+MwiqApOeYlHSim0Jl5CW5V0jCIAnhrLTd8pFtr7rgHorttPHGmHegjUxfNK4FTW+JTYWSPjfk+8A5ayjDC2VFoQLhuNqEzJLk9yNODJoTsAMhG1uOxCDitOEMqOukeAb4uEMptg37uNR0DphggE5ISl4fpxwowpgk0BG3hlySp4jjC5tTOS8cWVYR1CV9mTFdNLh0ihReujnpcAVAL8Sv4bjIEhpZksXwvxJiQ/04aQo4I7nlMITiHZUHU0sW4kyrY0/DPhM1nQWttjThLWU5lGmTNQkUQD07waS9YRc+1r1qaI3oyUfW5Dy433AHaE5ytEf4zpNMVsXaHmAIqk8kkY6KyxoRiCMaq9ne5dGMvTq/OD95VW+27BZUievPZDYry6kMv+D0PRLHmk0NIClpKC2HY1ddOtetLh3B3RJ2AAAQAElEQVQyS7SVcogqYpUMNKBIq0sQYI/hkpzxJUmQPCUbU1BEjIzSQ3c6yQqNCnsdVKiviRZeKB++p2aXwS7rQ7L31zxrne4R+R3A8mtdEmLY4+iSG7tucz1acDMl3R9JB6CLYmR8UkbeHQjcZQy4Vhx5ulv6AFdXNXNF+xBxqY5jHB461KBYQ7G6D9iG3bPI56St67wsSxPTfRUTxD2IdxD/bDabgnyZ1TnL747Q90kqzxPQ+d0cTThoNUTEvV6vmSz2A3VeNlDxrybCj2ilmJZy8QZL3FRxbSaT4sMPP0Dj168+/ezhw4fiwWp6tMEoEES21QhdR4bN3D46Oju9ePXixfzxolgulmX+n/+zf/Lzn33y//nXf1rO79VoZwWOKZGJh+kE2TxxZLchdYYhVzjvAggy1wIm8YPjU5NWuE6pYw/AAmDMawCcjwD2lku6N74hpZvR6BTb336BtZJgvyR8oD60qY2zRbmq6sebLQotd85fve+Pj+ZlprpVImLIs5STyWI2wxnZ+hVeYvZ3W1dAWRun5ZYPrAAd8Sb3c4SGwrpp5pYF1LOiRZvspvISYYt8vG1Ks2XvU9xdOdzP8XiVAMshEGM1r6tPRtKXajjnE6VGwE4R71QyP0fx5MmXBfkcT0dOXUPBvmSaXHBz4HAqyA6skRkpJJ16Q58+I1lOENTQu/8GmeOUIJlvSmGEz+7FEA+AMl+OImMxPz6q+RiTc5tA1ZC7lZxONGfizkTIO8uDRMqkwErgK15pWWPmtwAaFpQzTgKqjLrSZCE6VlMcmP6i9IJ8mu6BVMwGdqySeyjKbi/WyAYSC1hOOAsl7g4+YsH5cFCgvfv+e9ini5PTk6ePnz29d+vODxbHtz/+wQ+e/frxqy+fffbzX9y+f8cupo5DvrqAsqQICyxsK2dVtOy2TIkqN7QFDDKH5rUW47Wwqbkuz/c3oQhHjkvMKfygZq8g4cJR44HCAcJ8OZu9/62PUMb+0b/9syef/PLFo0d06KCq78EHy/y4yCmmOvD6CoSZDsuBD94Y8Vbk6dMSOQF8O0Lj8e3bq/NzZFqgrik4Z1EMGDgT6P/twtzK/xot6sGMAhwaYe7SFl+PLxl99Kqmrrj/Bj25TnlHr/kKit9LUf03ida+u/IWpyVt+jez/5vyzSx/fXHlSEk1KHBZrd+U35TflN+UtPwGLfymvMvyZgwlvHGF6z1wrebUOH3ljiJfDVSP5XYB5q7JW2+er+sXVRvCWgeXGFYT0Gl/m3jBQsqde/X0GhGneypQse2G70Fl4TqrlVHLhPea2ZZfRTpYOqa4XW1JSdi0DVpjUPm8bYCiYaPSNiuAtcBADjWlyQpUpTQeWoc6lna7ReO2qdG0CVKHMxB5UtNYn5Wof5zNj5do5UEVL2cUg9xTMBjU5jWtqxqHU3KBpmybbTKoUI9dZA1Yh3OXGUcPePEZ4WQ3SW4Jni7NFWCCG4qaCUEnTePHcDwUTpNIiY4yzqc2ESs7Kvw0i11/zkUnGeefvVqyTBSYGX9hd5OG3U0ouokEsKFQLpwdQ8JnRSNQnH/VLekyyOmawYIG/RNOcKuKdrEic7QJt11vLs7O0ORPb+Rz1hn7DXBkCMrGUk5LCZuB1nN2dOBoSTJN9DYNWiROWqCTF4fsU4gawNgO7I1ugksO3fn+4zu3Ex1aT42WWDTVA4DimNTbzeb89GSzWpGrBz9LKUkmJf9RKpaM3TvIZClGfT4zBuxLIS/p4hP31VXRGE+GD/EjkFQRRs0ihpOqEBhwGGbcONERIQbzI5jlLCmWz8PLGk1YW8gRaALYiftL9E0ONjWf2ouCaU8cKcTQanqeVdxnNtfKp4R+2W4kGEmbDEryIUqIEfU1wZkCCvzDwX4YDNg85MX4Sy5oHEWm2pAZmE/cqet+POjiJRpH5xsRDserJYDqO40b5ATfWU1AQ8FFCHLJCSOzXWZhk2UKNWKAiJPhNKWDGCYgqPT1f/aV8RKSBF+LM0DxZtBCzLOBfzXPCYLEfHkkHZjO5pxlqeT9ojFHaQlahTRZa56WBkImspxD1QoUcaQTkFAiUpP9VGj+aPIplxLt0nxCSz+hGEi5wF6KGcT2DYlLTQTItLK6dghU8C91clJXJ9cGN5ewFmoCjhuaG3GJq0N0TX+D8hUaZ5M3g0n9rsfq+iubElutMYFK+tFnrsmEpPt0Xwu+b32Mjidm1ONkrO7rdQlu8Iy9uF5F3ATdBKZWFR+daH0Aaz7ESzGTaN9UaPujv6YlpxPcuhRKLs9xkyJ41xSqaLtdU9o43L3i/tD3EB1ZHXmLhEiazWZERy8uVqsV4h9sVoh6lmXpQHoEKV7XaAzAXp8VbuluQG+sSt21PCHqOFouv/Nb3/npT3++Xm+ePXuGiKqguPFjjweaTibSppXopdPJ5O6t4ydfPnv29Olv3/6+QXxUZP/kH/6dT3712acvLjJTVpSplp0EyCFYvBVk1NES5jkUSiRscknPOfrU9cyHo8aXDtBHP7jrm8biPhpcNm+h3NiueBclqgfjT8/eAK4/OTYQEC8BIpArIR9wsFuzfoGkbr29f36KlG0+m0w58yUTmBr3xiTPlrMpkhdk/B1HksctixuR0tEVKOHkFN2dc766NlAUoEQGdQ4tTMj7saLcyI3zkpdWuRxxfpdUypS8x2UUjK7gMJ/WK69j2IJL2Uu73djj2Hgw3LJnyYQ5f5QiMo42wR7qlMmAA9VzOgxxeJMYrYYlJcQq7MHGcGkld6cP1GC8+Buw2e99/GtuNwZInDySeLW4cKUlqW9zsaq3lZdgA+IYCBJtviEpseWIdYI8XHRM1pRKTpaIi2dxy5iQi1rjRpoekxxR1c6E+sSFM7XuQ4JKNLkxX8A+r8/OkbpIaESURoGCncjJBQpSd3zvDtKqar1an7x6+tmvb9+5N18e333vwx/8g3/wsz/9009++Je3797+7h/8np1MKhRsi0nobYf9NBBDcEOmaPxVhe+1TOaunzZlsPdfp8Sl3KXWf+2L7w6FdC4guNCUgwBhYDKhjATbLTP9Ik6TEiE3k/sfPPzu7/8ePv/4k09fPn6KyKuYl4B4klAiIx1IKFaKr4xGFWbI4Ary0UstQkwRZ/SkexTvZDZjlQMJM3gFO9OnUHBcmHsTiC7TjbEVh0JtWCz0ficm4SUg4/dU6gTV3jlS45PT9CbyTMpBm5Q90Bnng2EawU8OzDojyQuTGCca4s/F+CVGo5g4jVvP1SSZqwPWlhjJOhAuhpZ9fJC7EUKhaFDtGBnFmxBTRbst7Zj0in4z8d/4vfMU0i/duocZ66t8umr75hx2lyCIKQfseD/2IzkBPfpAr0/jda+FaxS+Ib0SRPaEzIFcD7WhfytwtirsR40dJK3JTtFk7OE0fwgAIFtbdySE1oT/gH4H5AtAv/HwuHYJhs2G61o5GVS6xXtf4vBDBwbrHmqmdWB4MaVn0e+/u9R1SecCIOl2nBDoDxzC8APBjJrW7kEIi9JV7l00prs12kOAVAoNY9Ind6aoDw3hazf1MDq/6a/+9eHPK8u16h9U+apKfufrLqpI9my6V1MmOd6Mep6ArZLnO9EtEeZCVR/b8cmzQb3XowDh0yTdSHDg5TMw3CsBYHpasQ5LRFwB6bMJFJn+btl9dXgozkTS0xihxEQmkfUWnIlMozgY3024SjSuawdcb/LlRRBnycc0Ij7Ft7Cz73tbIt2scXPZ8JSFHn7r0J1WM7vXIcUtitZMwAYmbj7ozyPE/o5fv7QM6WCEmf7FHajpXfDD/XG5vO77m8fvqbT/125DV9XcuburUvBdm363nT5/EOv3BuuTDWvCvz5pPIHqrkY/ugnzUnwrwrxscw094jtQj2FFXHiW73JMy1BBroQU5T5eaY0PG0QTrgjSaLXxLiZKaFZ3k9PO+NBhk+Qc94PwJyYgqE5VkEyPTwXCnVk1Pl2NEajyI996VS6Bf9i5D3v3zeA67GkkIX+7T4G5PpGjsgOE6bU+qHXVff//Pq/brUMyfx2cpq/wO7PuRzu15/vuz8vKDqsRLo9SjUhlRsiU6ZGdjmJBb+0C09rD5wPClTA0w1WEHrcIva4N2aYehRyS0UEFEwhrcseMIPzRMSf83W5lKrYbfvfSjuiEAUJCgLoWEjKU3IJ0FrqBdJQOunojExlOusJwnkL2HX2DQh6/2EXZXDJyJY9wiIAkDgropxJ3G2IviroLQAKW+JRpHn7hpi10yyb/2zgpYFLmmS3cwH4HHIx3gtr83JoH8+LurHi2aU8b16lSNcxGCgtSehtth1T5ATCn1VR6FqOjJKSQ76HOgPMkM0/VVJttva1bVFGsNw51ZR5yk6HerTTkd5I51BVC7k3WeFs701Cgibaq0OpO06CpiiVIg2ktqpqNnRTl0ezWreNyOqVJ52OQll9XV826adZtu/Vmi6rozNYZbDNocmgykJSElGPdMC+VsYLbGvFpick4NGqxFlqEFAECxEC57JaRiQdAzo4mZGlmDxbLht7IZgU9iYpREJfAsxVZjFaOg1ug9XqzWnOqFJhMJqwKzcWnQQOKBMNKp4BITtbJCvo9TBIngqagJpIdg8xb2812XTU4cTVpX8loTblaMiPRIkgfRY4mkwl7XZQS10TDcgTLn4k7hnndLtdGgArdEP4Sq9HIDbmS4k+zp851i4BxK++UvAoc14T+QXClWxxNpODQEeQ6QKkSIKjpgD1/rKR9obXjXNjGSDpN6HTOoveDzu8EAKJDCARNnePjsJK7R1w6RAHYhgDMVoLJcCIjyZkixXKqXGAfCzqcH5JCgDHRY8KAZOUNDCRoxzqtQUw7HnuuMOVcEuKiZo8ciXtRs0MMaec45I4OzGhOF/JG4l7yzYyCMAnMc7B5yZgjmWgkikxNm111a5LUKloKAlHToD4xcr72n/vOX5wENqHERhbEJQiXjKZL1Kf9TeecD/g17powb+G3GAvkhULa2tbVG4ITx6FZ1qvVZrVCtOZFgQkKLeSVNZ1RMHg0OZel4eRHRthpTYpD29yx202MUyLLSBhbaSA9ELJuOdmwCA6u5WBC7HU0mU0F4dDnhMKcaKiCILp3ZDoM3yfiRHfPQOS+SYEs3i267K04mojTSfQ4CVomUFTDCyUq1h3MA3t27s6GvLwc0srNlsDZRnPJKLLZi7d6t6D/AAQ6G1GnNz0O0IS7fuyNPdqdArZe3zmD3e33SDJ0oRJmblS6effTrq+F3peU344JMRNsZgJj6UPGVgLi1kmMk6aShGiUWYeQNpkVHEUfokAabWtbR7gzLyoOeo/0d0pbt45+p+YqOiN8gufYIYvFAu3liMDX63XB4acSYtnVVyoOIXRSuIuIs6FAW9vgdOLtW1gD3t10tHq5WH73u9/5yU9+/stPPv32t76tm7mPE7kXRlAScO7YhtIckp1mPiMP1BfPn997eXLnzj13vvr7f/sHf/GXP/7io2SbxwAAEABJREFUX/ybnLKaQmty09bMihYCd0a1+sxtBwLEb5C061bD2TDiC9wDh4bSHDsjxnh48ylKd+jw1w2Xq5Hd17FE+c7tXIkFAmi3nJ0th8K0jWk9+W8hX/PF+eksy+4h455PLEheBMrhXuTsMVkXVWUrCvtAnCgu83a7cp5C/rBvLXmmC8eVAac+B9NmlrRO06kzVeO2F7jhsYb4ghhuw0AgTi4KJwUEp3Kg4ITkRsoRNTTHpO8DAEMfhH2K/W2gprGRRwyI9JflwHZMoAiMRiNcWq9ewoQZHLEOXneXZD9pTcayzVeEYb/OxXd7EAI3CirzgC3ni+N7985fvmJFozEmoiwrqm92LsHLFPOE8y41IXcdR6yBxIXZM09KeEXTDkpcJSdcInGXI14acLArpVJiXnZOruSr9aZabVGWIojKTXAczgRO8e3T5aKclauTl6dPnj774vFv/969TVU9/PZvPf31549+8pNP/urH7334wXyS22kekHL/jQlPgP9jy8gTs1/0VoJY7EGVQx6iX+w+XmR81AmK9jsxM/56lD7vdVnZrSOiig+8NyVXdpQ+WNQG/AkItQ8++oB9VeHpp5+ePX9uC3JQQhhaHB8VLFeMAkCH9HZQi8JtojWQ6xJObLFcilyHwKLnFnSk5qMZzHP6SWFjDWxXF9V6rQHL31KBy8CNhw4mugT7K5qAsTglcGjwkn6bMMa+m31vNoeMxFz2vgN33UhF5deG15VCHd7OOy5feQ/67N/r13lHxV/Cu37FpevMTreGLBZc3caVVd9eufqtX4tufhPKV49gDis+4YlebynfDgx8U+bv4PF/BVvFH3Dlr0n5azGwQ2Ae+llTvznb5G948Ttfrqr4Zi/6asRQGPx7cy3KD7iyygGtvGYb16j2163AG1GvXZF0zy8wYzXh2gHkOyOKH78zUrwYSzm7BmoHVhe2mMzK+XyW20nuH87zRe2eNl6OwdiY5UeejYf4u2uX9i9VrAU1hUsiUUPi2RAME8mZVa7cVM12tW62NQXLZmPtBFUnYAtvS8hLW+QUcR1y1F7UbYvVNpVpPB1Va2psKisocrVvWo5E3KDCJS/z6XwxO57PFjOOgG8NpWsH2/i29Rwxob5Ak42FKs9qm2/AN1nW5LbNTMuqyJz1e5K5QkKVGI02AeobbKOm0Wt+Y4jTwAZX8uZBPbOVPCYZf9jwBXV8On8y/8GtcUf/w1o8PgYjFvBgV6454rjmBJFkHNFm3PdmUL+AvlqvZdW3G9WJiS16u6HT3JzEhHKasB8AKvl9UeZZyM+Sc3YB7MCknJLxvsjFi8B34NDypwPoHJsSl5J4OhsS3t3HsL87nk7RMcV2QKVj2i+Opr6m+r791qhgcwU2Rzbkn1SJe4c4EFDqc4ZvHOlsMRf3Dk4nVKKK2Ib0K2IhNBJdGwYvAh8cCJLuJf0IuZrUus+PN5JZptI0OuJ3YlgzScd8QzfU7WRCgUwMn1qUY5mQ+kaFHmrkb6/eUY49CYISv/NG757t1s+HjC1efU04nEmaySWaUC274ITQO/guglcJa8IxcnITFPs0XTrMij1peNBbAneKSuT0FLw1NhgZITgMdknGfcIwKNCB+ufRyWNKblXQjBWU91zmB9S/RzTmPoUcHyYgDgdSoBInMDGLaVJuL6GANhcXDTsDVWhF4jO1FNKloHfxti1Ity9BiXLJqwV8rs6rA0eSm4aDJGUm2KwTMNEVZbewRv1y2JzOKKuQwDbsH5ZRvCE0enHIJXb7cqnOHwarHFzXxREptSzzMXKNqSNeJoYjncSlJ9jm+dDGvOkBediL6R700c63U3ZtEHutEl+1VU475hSjajcv7RT0vziXDo39DexAKlI7m4+/pCr0XjZwNwlfd1K4+P2jMAd1+6bK5S8dI0/j7iZJzUhN0qcSv2K567wk7ZIwJw3hVUQ1hPdjBjpCTxoViqg2BfLaYj3XbNfbTbmZ8Hn0zBbRp0cOQAw6LXr9yMch3pnNpsfHx69evVqtVmVZIiIq+GRzHvB1Z+zZmSBFBIiy+QAxOTPeNPRHFIO4Efc1DvH3/9bvv3jx8vPPH//y019+97e+S+Zy8F1olm6HB7rGp7EorgSyZK65c+vWy88f/fpXnx0vltjvW4vp//I/+Uc//fzRj794cXKy9nnu6hyx13RaWqCIFR0yAtORQ4+DDd5vMpngI6cg6FN8B9lUr5YmRFQp/6GjC9TikImLPZG3CN3pc/s3Of+HbMKvfRnuwPDTK3JUH0/K3Uh+RxxjAVepsfDlZjU1ZoZ77cHD5aRw5FxCfhzgKPjIYoE77uj81RlyY5QKy1LIH6RTRE0zyo4CzkwzW5EzGe9hysVJDueEAaeWQp24qjFWkg+SH4HGRGspfwkDBqIFsfIyT02wl+USfwxaArhaI6nolubRSkgX5ZwY6BpXI7gSG4ZdsMLYEq6g3lTCOemxwM74y37F281WvNWZt2Z+GgE7kzRe2BfN0ZgGx3hnJYgUHYIaIOK3U2CPA0fiaSeW+dhLj8j66M6tex88fPXky2q1YZkheMJSLBtebEoLyjlNm5qcT8LT0rLv70SJd2Ip6pUtisxYiDZlFnB819UEHVgNbBjb9jGEZRQAfHImQA7ZIXSgJIxCBcFL1iITLS4pJtClYjq5+8ED5PvOTzaPf/bLhx9+15QFvqxcLsvF8vnnjz/92S9+cP9WbstG8DATJSR2kVEOBFNnEN/FfGSF28rM55PJBKIEJv10Ay7Nw4iG4HUI0cC5wbxlWPp6ll0uRyhgkectHxfwJJNvKOIOmALxZMsICjmPWXn/o4fHd27/8E/mjz/55NWjxwQ/yKE8bI/v3oEpyjlGAmYiLAmDESQlmnKrO4udOc2QjU5z+gLzGyLxGlItEajIT9QJfDSzE/bt25qMTmaszt+uu8loAXNtpfPII2Dixr609JmHqMJIHgwXIBVKRz1g4kMgbOpBXPios0iHmGOTGtRtz7AGdpgDCvQ7cXU3r1v2LspVl95ZuZRxvOzm8J6Kc3DYy3o1E2eyCDtvXN7JpI4O2L/pAC5pYPdWvBJnMakz3pIPoXSvvPjmY/kbUq506evhxUPqveb9y8olwHNI5Tcpl3d7HKO/8Q6Gm8Ine3Cbf50Ao38Nyg3h1es385VRyXdR3srg4Gs8aV/nvt1IufnRvVGL736y4YBbbwOBQvK5//417g3N2eYrKl9PduxagJUoR8Ifz++IjL1vqF2glJ2aNw1WdGJ+ixbQTTVdTOezeeaPCjux5nFDKlHqdrDYx4QIELjBgTkwNWIlENWpl72X5A4u2rPpru+eZcOs5N1Gra9nP5G22lTr83W93ngyT6DGmO2xqOj15HdSkHuJm7Qe6na7qegoICmOfZ4BGhjoNCMqRjjmNqmWM8BHZ8vZ8vbRdDmjNBoUYtsUQLZhOp1cNRuHf34Fpi6yapJXGdRgGtSoAJ2MlKDahs8ZkjXHtCAnHqVYE5xOOmWriSGaQ2gw0upYk03yKR0bE8UmkAMKZ7XgdCdim0ntICZYUOIUO6ORAjJRa0pkCwlrQaqe6VTCrogi0SehTfoAECwyIYJvCBgkB6iNJIyOFSR3z/piizoutGSr+hv8ZFpwqAwOl8EBM3CqLUcNR4uZZCwRI0+Aihhnwhi1FEZDkBkDqlgxzInNtCnfG9aYVbU1O2XX3WT3WbLBJ02LOk7ykjScQIciyqzXfM6RCoU3zjIc+HQ2m5CtMJepk2RG3Gdx4KB4FWFFtOX0LQMTmFrKjDpPgKxCTW4XpNLWuCacLIWt+8DRlyVyiQTqyNl5Qp6VfEYmxNoR1XKq4oZ+CBwBALnL5zjB9ML6cJwfAnAneakoGjeF06CIGpxOJUTjiGGB2SwS9dsSdoUj8Uw0govJGIiKtvE40RTXBJukgDpbjt3CTk51K/iBIYA3XIKUFOnablbVRuDY9gBeTylT5zmwPbm/SHQThFZKM5OuROJQ4uP1+FU/1dFEXWR0GmnT0mygxXqz3mwuLlbn5062UI0Ylsy1+WxObmGMRCTMCa0dByWy5HHCa2G85CRqOFWWNO7iNFoLKWZI1q5iS7mkfceaBbnU5Gwfl7AMuS6o4HQeq5NgzwkoKm5jjCeBHxSfxE1BZ8NpsSlVkOyFlp1OqCa36ATn6/lvSM3/3pgdo7m/jl01tUqMPPh2TLSpMWjQk0GJnk+x4LxA3080hhXpe9sYQRocvNsZPzwvHVJTKA4FPbrZq3J533pticfbnmqj0+ulB5c3fNj8v4khaQAwkBo6x5qFQNqMTpCLdjfP4C/k0FOUqIqS9JGvCWMhtOn4LswvFsQZViIkyflvfI7Q1pYIxHa7rbdVWZZoFDJCwlmDL6kK/R7NKmMtQM4Am1qtVicnJ7RNuQxsPD64tu1apGIdRVICTFFpekM7IlAFGtFiPn///QdPnz77xc8/efjw4WK5pNj7MahaqhyUpGOULMe2xLgYxHJILm8dHW1WFy+ePTu+dRvv/vbH3/rjv/u3n7z618/OtxVQmkDkvSqzyieQT3BKJUhgtM76ODGCYCzlSSMLLEezgM6yK/s2nf30ezqTB0MkjPDr71aK+QZo6Q6DOV1J2h8cxcS3Gj8CKXfuKeaNP6v9k+3F9MQuy+mHt4+X86mrag73QbCE5DtbztGSj0t+fnGBnBHlPGmRapLvl82EGyb3A6S/RJ8QSiyJCqbA5/22aKtts8a9HyI7ixUfhSHyxWZmnxxXwJBLu9Bn4YTE8ZMH0ZpGnlKvTB5YcD+RxRLGwNXMQE+mJQoD7MFOWN4hr0bumq3iJAisjRHvVRRUtjKjHAOp4ESp6oAsDlhw7eMLN1N2glIH7JTkAnvzstuOHw9cxJ/JFRFgVfIgKCiWt261VX3avqCTCpEm0/TRaQLkYoCyspI3EEDjSP5zXt1JOvqsfCC79yJXB1CRUxvifGnQKpLsdRCi4y2k1Oty6qsv5e+bi7V4JdscIYUCbwJzWcTOUtzMbLpczm8dn79cX5ycPfr0s49+73dRsv7wu7+1efXq8SefPPr0Vx/9rd+9tZzKVnNevPFsEOmjBOKZ1yfedDaf428NTnh0hJxqN8tvgce6HFoijTPf5PIa/Q9iiHcBfjS3pfEo8BtOpIpcP0ueBS8e/mtvP7z/O3/4t5C1+eLHP335+RcI8xIAd3n3VlFOgMOhyZRKwBLTk3GGjAokGQpNCpxCZ4Fiq+JFOf2AbX14VE4ycshbe7s+fdVU21B//zi9eWuKQDiEGMFIrd4lrjDWFCiCYWQo/3ZU7fr9eg2nj9RUu3+we+703wdBS9f9AyOLc9CUXlkObuVmXveOy4EQHaulJKO7uIdvHX1L9/0t7qaRco23HVZ1QD2vnIRL3mZ8R7L6bpMHddGbJFHzZRWvbOkazx1abn6VUzxwvfL6W/T6T17+RIoOv1aI49Dluv6y3ugwg8bOvzmTN0RIbwSwVz38JpuYXVsAABAASURBVI37S39+zcvr9/abR1S/XuXrz5dcH5F87cvrzbi/gRqHVX5DiIDXunWz5ZsABl91uZrcwJV3g4oQdq4kj/vx5g5ao3E3lKu6dXPVegXVEdv1mUND7ny5KGCamw+MecwxhE3fpKfeD0FJpv8MRWqdKxey5/ikOBdtNvEMqlhqOVw/26YpmnHdVpxIut5Q8JK2aiglji1mqCVhj5OJs5lDVTFYyvjeNJtts9k4sXRk1M0iR8sEWqjJ7GpRYZ1BOS+Pbx1NF/PJbEJJj+mIoGu31bqmYADb9Xbbuk3mK7Ru5HlV5lVht4bOADk6IMnBX9gwB5I1BtXi9CZW/sipR4594viEkEyPmL1Eg2G5MscZAE2cMZui4pDt5U7SnYhSOlVG+TFoFu2upLLwcizSSxIACrSsJiqy+PQtcF2bPUyYao3iKmsicz1yqeuF7VM8j/VawqLnnJklJ0U/WsSAPBzKsqAcOnjJcmImn7zFxVfEEUH3j98h2kFXE6GlG72PqvvUKWQAlgcUv4eV7nS8ElNCXuhqT74mW3G42XTBG6ylTCxTXM2JBBSRCMc6mUnnvS6nOPFI6my9DaLr43f7EGZG7YxAFg0Xgofgd1RuU1qZahuTmHCyFF13DjNThOzeuXhy6AR1OWUSXX1/FhSoEttlBzwWgquKj1pKE/PncMQXz8me6IsAZghtIq1ZPrSsC2xjlADxOik0NRVFx3fVtiIkQJ845xwapGJPE4p/jzU0nk0cTALiyYaBEJlJnb3YbiSR7fGPTz/zfrQ6bxOcwMKlXhfSLkCvZd/XGEtwjm6lReVotitKtLTdrAlg1gIzjqPLgDhmTSjbVJlxTCByV5L0RiHWCH42wWNDA5xwdJNU2xyMyz74uqjPkKRWj5HX5S3YPsc10bA3wKnT2MwerLepR0g0lIX3EThl1gV48K2mSKOIM5uNvlHMuyGWlQuWcavmYNN3TTRXFhhotjso9ePGmrdgAbnk1VdVNZ0lThRcEdvF0o0PUqdCE4Bassn3He5iDhj+v2cEuLrzZk9HtTNKkzumJz4YbfeqhOiMqmZIs95JUeAPW6DrxhjV6wNSPHTNFzg5mS4rfaXErcR/bCmxX8u+dHgx8j3xCx0TlsxkaBDPeVLKckL5dfC5zWa9KcmijBYgin1GrnlgYdSyEOdbPCKQdk6n0/l8fnpyulmvq+l0xufajQu8RRgPdIMw3YAY0YE4pqmz0ghuvMGC7/rwow8fP37yq199/tlnv/7+978vJ56dG+dyxbbBeSwM5RaE/MOHD37xq8+fPHk0my+IjlrzT/6DP/7hzz55/OL0gtJXoCkX7atbSkiSlcgJckClTEhp6nFHjUcnvA5/h+KCS2AyETcwJR3OHLn4G20OlwNVeV62siyrhBGMBBz/rfPi1XZTXKymL585035gbi8kph4vMxIzJGpztL8e4dcGCS/WoWSbZGY1hc3ZMYNg0yJ5NsSsTIBf2XrczU1RbJE8V5Vllgoli1r7IW4k1nMMSArexcw/O4xzv9glHZlhQfBA/lTetYn9TkNfuG7XemLjnF9hq9NizhiCNkNRQMu0VlJmMoQ7sQDz1kba7uu1s8ZvkXtAVrsskaIz10gICb7hlvi3V8CozRTUMGxmi7lx95C7PN1WGtHGMPrI2FfWZLz4RIQJYtgzwytt9GmzWhDgmpopiC0mFExFFt13ZwhGnN8PX6+I5BGCXdNuV5tyts0oGWSLnJxDKdW0lCDWUv9tkS1v3341fbW5qB798pOjB3fuPLz//re+VZ2dnTz78uTp06effX58/y7zwrRl2lalvhDeVPsmzjTCo6OEI2HrkNsjp5PolTCU3MzbIjN/s8soqAQ2gPyj/KREnkX4GEJRFE0VMZ2tXXPv4YNJ8UdIZz//6c/OX7zi6CaUzmt+fDRjOcyF6G0aKklb7iKgKo+1a36KAnrwLSPtBsuuyLp85xgZF8SesGr96uQ5yjHjY9sV/w8imq9LWWHs0f5F32n7/Ogtn+ovvDDlbrSLEJwGD+svRLZutH/BY019ErXpxLul73cSHr4qbMCVfep/P2wwo+M4+I2XLNHulxst/s0xmE+1BSOt3ewrxm8d4iDhk1U6RB7/StjZwUD2dbU3rt2QCeG270WBea1VGJ3BK2u+yVtutlyv5bHaXwEUdHqP13/59R5+owXYt7Ouwgz7mumKbO2o9Hl7XjWhQd+/eOC0dLt254EDWhgFup1NjZrO4td/WXz25/nqGbRbcMSBm2zisolfvNd8++/6b/+By+x1Xvzuyw0t2lexJX9TXru8IUt2Wbl+s/DaN792xb/W3dd76i2WcV3i3trmpkqiVx62evhL4MBr3RsPvnxYGeJ5uHaF65Wr1Mmjr0s5hPSO36lp9l2Bvbf9zsP+ykEmqp/hl/F617o1UuqK7Oh+ebw0tszhvcY99Vk4/gTiNCBeIkH7EUm5TJ5LXgzRhNOKbT6U1EuA9cmMecUq7eWwdtZUzer8okJj7XrTVBTZusjyaT6ZZZNZXub4frxYNY6O0tB5WajoRDJ4N8mKYEz1+G9bVxebFWoLi5ISvi+PlsfHR9NpKfYY7Fe92W4u8DX4PNp3TWXNtsjqPKsnWVNmDelyfetjJncW+Q1HzM8oaTKfDtNl4fgRLPlrIAmJWuqCXcyyjpptxRknnZkWqDMmM3CYRQpZom/xIQV2p2fq2VX5f542TWMhRmiKvg+QJFP24Vkf9UjRf0hf2rOdC09npQ1euFriK7Rs7cbpRkMaqsoLtKVNS5tN6bzghFLn4NMUp2HCVm32yOGEO2HS0rdABBhIfvJ5rR4VhgBUMLY137yMtwZBscPz0YorhehaK3U3oaRCIHEp6By7ukxwmJccbC8gASQn0vl3pgYVn25qH507qKLTGDamczSh9DFtkp4mfmGnnwm7mOS68jr/4VS8nrSMGGh4+j9VJ4ZHNFS7BjJJfDl0dLSpa3EuCQDYuvDJCs82mvY6c7qnf2xm8+B0Ytlci3UkvQ5ZZr0Rs2u1rfGv5qQwFMKnqWgSWslSY9jjJEySNyax+Ymm1HdjVqVfCEekLi6Utia3FNeEv5DxqEtBhfajgUfLjqTTA5jAPYZ8HE7ifDTN6gzRz8WWAYbCJLA+ljNpZTmHw8FNlFMKDivuHhQuXb3H1NtJnWwEfwbfHRP2smAWtZTTQVuafIFVcVshXxMK30IJgzJOrwRskpCpMGDiGunQFU3YzmYbZs1yQBiOg+J43XlzcB8rQr8UTEWjsAzly95s9SJjjPHch/pzvP2y4wnyJm2N8w5hqLu6QehpEnanpPOC8sNrvUYOn0yvaHkH117iZHMlR/Ju1hLE72bsRP2u05I4y+hdvsDKEdlBgmNbz2BdbymTV9tq7B9I2DnZIbm4dGUhfRYi4ul0uuUNUdcN+QVWFVHFouhmQv0JoactikQxBpcDM5/Pj5dL8lrbbBb1gn2+Msmc4WHMD0vUPKxhsbw9KeNDZgPW7kZ8c0Wbw41/5/adDz54+OtfP3ry+MmDBw+ObqG5qQTNlqKD6+YgjFrQDU7GYlbcPlqcnl88efLFex9+Oytn3/rgwT/+9//ok88e/fLJxSyfrKptnhXOVd4jq5dzE0iGc59mH/Q6DZ09JqCwOFvsS0thC8xN7e0DJkkG+vVBbV/nAlG1rAtEf+RsxSZ8Z6dr254aeFZt5+v1DDnRBaWXIO+qArlOWmncJUhbm2ZOiUia2ogze0NZNHk75MSnZ+TbShFU2NjqLDueFVkzLcC359uqRvnCQ5MzVfSZRkci7/PMSAZBirZG4oDlJCzUW8updhAuiW+laCthFMqvBxc59q9np1zkGKotMW/ZZALMu0Fuo0TK7BR/J+ct8JKezRNrXpvttlwjG4FbYrqYA+UJUujyX5Fm9fqn8t9eCbgg8EvCfOq/Jhhqi3wyn5bLZX52Xm/rmPmPW7CSCMlrfD9cZYqV4ihpq8aE5GredEwoXSFhrK75idyChrmk6DjewUBZkMo6cIlGJlCdhGiRT1JVrc8uyJU4K8FZcJnRtJh0ggEBsURx9/7devvl2cvnTz771a37d3xZvvetj+9+9Ounn/7isx//9MFHH87v3aKQkUUhnlcGFNI4oo963BgbSBZlfyyQol2cn88XC/weoyD+pnxVJc6+40ibhCpaCjfCsVA8Akk2yeumKYvJnfv3fvDv/cFsNvv5X/zFy8eP6qZCmLznXM75Xx2o5Ok5MqdN5NiUhRrIjno9brMgmSAEltbemdh5QYmPVw5WJy+HHieRIfHJz6+yxFQ3MK4GDJ7Nya6HsX7D3sFAEMLVndwMmwq0r+++An10EbUKYLqofdAPKpcslR8i5uixErUzPpE2hkicXxJnYK/apC+Iv8FyHvDsmzR/3ZLQUg7ErKxcuhV6VQZbJF2Hse+7pNqPpHQZbW9fnSvKtR65WU7CB2l2l2r4nX3VXT2gzfFfxl8rwppsx1TlCqOLd1kHzMFdfbO23ry8y3ftlCsNrjeyxVNkBjsE5+aKfws5Yd7W8kBQiabuOymOv365RlcvrxruehNS74ygx3AFNqvpv/tvZk//R9j19Wy3Wbs11dnk5S/cX/y/q/f/oPk7/2tTzs1vyg2W32gz3nE5bL5vCr99dcThGmVE4eB3f/iDHvwGlNQh5JIa8q33T3prl1a9KfW66vFB+7D3x9so74bRGcsVN1yCHclhrF/74NJ3Jp9eNQDjkzt+0ALrG91A9dT7aQ4qcN1b+x/ozxTaK9dnJ3B8G1UO8xyWdXPqM8PODd0Tw1GN718xrrfBOh7dTdS7hDV/LrA9dJFN7a5x5DCCCpGL9WazrjeV9XaSl3NKOzEpfT5xdmIyVNXWF1Wz3rYVZeC2nB1gklOKGtUpOo8mIzp57x3qZWdHi+US9WRzCkiMil3sGBpJt5S4Z7XdrlHxC9blWT3NtpOsyU2dQUvRUajdpqZQFmy6ATIX8584kaj6j98nAKWGW7Zy8G2rFym+AyXvyCcFKiPxj2Njc4gQG/ImQ5hZsGEG+9axZHLVEYYjRXMWF41pwe40LpxWCg/v+Blcbv6QCmR3Y7NZUzdiUWYdo+EALZPpfF5Qqg7LiVHYTyWLqioXwmpLz90Ov9/ziTHdD2uGAYBuEl1EETRmlN61UDJcSm4Qz1l0avmU3C4yM2zIp9AmElCEvRh60U0Gnj1BkRVsB6qjC6Z968XPo3tQnuEOcNQQjgHELgUS6YRTpUy6OCE56bc5tHHnvBKHnPZkYPzqZPLkwdTPQP1PQoPiZMCJnLaSJUZ+UkQNvivzyjKYnJjsIFDz+/BGwGZ9ly1IHFuAPTYIXbQc4IRjnDQc4QMH3gbfHR2EGl3DBGNP6eCezn8cl6rUyAQgsXc0oAlF+5B8OrIZM4mGbsQrrsdNR+k49dOy3Cj2lU610sw7SfpTbbab1Yo8kzYILVXLG4f3ZmYnk4y8kgrcPkWhgYxFAAAQAElEQVRZTjg4esa+ShICibw4qHoTvE3aEErHax6TuEAqNnbKEVkCtJHjL3GSIvP3nLAmB3QhTxcB0zB/faVqWHfZAEmcAPVhMwGsDYeQx6FRvhGOpCIYPjTSmQsDvJm+aHu14TV19TjQSnutyl+TMiT74f9OZxw1j5J4AdK70OHSsJWNEvPXRZg7NMJ0SkL67lyXdynZjF1XUy+Zd1BSxGUSGE6NdLDjZKlYg5PoxN1kxFhH8UkQsDk+kHecTwfNyuRXpzNNvmjyFsPmX5MrXisKidJm8gztN9PptGoo4VlF/iJb3Os555dL0+qEznZuX47DAXGCDCEPMJ2Wd+/effb8WVVXFxcXx/mxhA+5HNQhEBJEm3VVE2FCe7YAz01vEJk/Oift3KScvP/w/W9964Pnz198+ezLo1vH0lFEuaZVQEp0uB4CRtNwLK6+fYwMZ/Py5aujO+/Ny+nm4vQ/+Sf/4c9+8dmzf/7fVRmcn239pES71XZzTgZSKDgCWCuOnJA6S/V9bIWYRY894Wwk5EwmOOtdFbiRKMV/A4rQEq+Mo0Qps5wDzPoCYaC5APd0Wy/Wm6N8fa9cmEnmGvIjEW6aoo/kWVmWKAD4yAszW0ce6RRQ0LJlnoJ1IXTiayaGfE1NkcFiaqml5mxT1Y1H0u0lZw0KQuJxIhKLo2BibD2kDDcUa4QpH8f3I+dZcpVnI5WiikAfgwtUyDZIm7RCEJ4ANlRyIBbgWI30palNG5ifKFpSUBZEx42r19tNscIXcLyTzFprvsICorjucHFy/Sspgf8zxmjMSfCBxLLM1dLlPJsdLTcXy/bliaRA9bpPhfJZTltERnR5sg2IVMX8oAgQRBee8khKbNay/5/yqoSIMn1kxHd4P3LYZW7YrSR3rdusLibzqZ1kpkGgaUiwpU3iKJJfOakaf+fhg/XZxcmz5y8fP3r55Yf55MPZrVsPvvNb5y9ffPnJrz79qx9974//Xl5ONVgiZ40VxCzBdXxgik2gplSBghBuz8/Ojo5vcX2fcmz9+R/wmb8pr1NgTEeYENJuhkW84VzADHOtA/ZUIykiJyxy9/33kDlZrVa//ulPVq9OXiLemBRFSZJkAZQvKSZR3geKAytuGsmMtgDzJ1IH9Rz3+XTBxmfr05eXxTj5RhUYSV+zA+egwSdlZ/uhST2taRIz2lBfOHyfeM9FaQr8UK8CZsfGmjQVxMbOY2XYkyBaHsQq9hqAQyse3OL1yus/6m+IBfR7xK/D2vcmUVt3j+w+HMMHJLeCeunqN/n9qWqu6Jy5zAB8QBM++H7ubV+++cNE2DAQfUAnX7jFjrpqTTPChux0Jb3Q60Zvdi8ZsuLGfo2xlsxOnZuBwGuXr+zFoQxdb/fjnegQeGDDh6GD+MYO+d1AGZ3WPUt+yNZ9jWWCnuLtkFZ2R/+683FQdy/bR1dtDlSUTv/y/7/87F+Da81Vxfp2+vjf+ac/rL7zP6t//58aOqFwWf9uBgTeRvGX/Dr8ud+UMXZpf50rG3kHBb75i3gl5b+JNxx431/54FeupXsDrQkcfHG0Dlx+O/4Iwkl3CcYauerFXy/GR/jHS3rV458P7/sOA5i8sTNDdDVh7+P9Z7WF8F08EoxKed1TsLdDQ0ek/iJ3oWxh51Ho33mjdUSN/Ob8NLO3j0tzOzPntWt8xNB7HmFBGPrJqUn5RY/6gceJWH18ciCedX3itkGW9dXq4uL0bH1xkWfFYracFlO01k5tkbfGNhRiHbW9blX5dW03bdZ6NBdnpDzJWANG/aTQ+HW9WV94cIvlbHE0P7pzNJvP0f6Cmhc0Dju0Lq021cV6hUZiA3We1wX+WYpuUlJwa1JK0rF+YE21K9BSTgZjNt3ajBeX1MOsyvRykk11h2BUNQdiiLVqVM8MHyiaTOdlXrCpW7PAi2U3cr48IXE5EyDjuPCi4YE2SXlDWibJwRKUk8AnoinaRNcSDBSD8WenNQpGTXV0QBs22v03a1StA59cIvWUKXIKmkAhPtC4xoE9IESI0Hwf/F7qbxZi2qX6q8uUFBAVOGndYHsdOAJ0kAfpwC+36cThD4yRqdmSjI+Vuphs+VNs/ziugqNTFEUB6ulBOjWgADMZD9zFNsU1xHSmPt3Rshu6zoBhP4BO0RddDchzgD0JvFgtvMIV5JqKhX19MrUHsw0DyPrmo3I4TnKnFg5aqpiZRXxW4vJBEONlXKJSdpxFJQRYIajgLCpNDF9kQt4NfouN7iV8wYlnjUSDifPM8e1ZtU2eNG0j4T1qt2VHk3qzRaW9Y5WpeEE41yFOr/qFBA/yhDhwKph6Y3233BxPJVPXHDmByol12OmkG7JN7I/xKI5+2nFYcrJYZJuuqc8VQcxmtUboaetG5gRfNp3NCw5nQo5xZYmICD+Bf4pDjzcasqhiNw4fQsWIvYM7ZX3nL6VA1oWPEh+pcOi0nM1ySXElviacTEcCvaQkD/o7Ig4KYnh136EUGmajHcPVrzZbF+NXJQhEQKWvl4ZOk7CzN6PYbczQju4H/g07ZWDs8D3F7Nj365Sk0+NOMDdtPh6hrXHP8ut0O0ciINjDqI3dvwGPKu9PpXxFvD28vTPYYOjvMCrsX6wbL+n23L2eliEgEZ70AXy8pD8QvEZxlYjeNRxRSWM1MXHvGuv4Q/6gKAl0CVFMkYtXDjIqRVlMqkldr7a4U9YbyqGX5QUFU1I3E2M1AlUyEgsxCVnoK+7b+WJ+tD16dfJqtV7NZrOMkbU3w4NVYdjexHAIdNZZ4i21+cS81aIYybm7d+7+7vd+50/+7Z998fmjBw8eSAArsl8miDUBdc0Xwt32OGcI2CeFPVu1T54++dZ0NkWWq7D/9D/8Bz/75Rf/9oe/urO8fYFUp/XVFrKiyMtcmaCEngaKZ+KiWZpXw06OTEi9GOM8R6GI531fv6TMfRjVQRIjvNaWfWcb7IYLuWDHSIn7fCOY3412tJDvhDFdxvNKkSMcuYZM19UGBYVZ42aVuV8uyqygrDeOY/qETJa463DL4K6siHTh3myRKcX9YEOCOmJKnEoo2CzuEsqgRaAyIQYe0UK1bcgNgeMPiXuYadlVHjjJjkE2hZbbNkWm3JJEyECWkB00OUElNdTGCHjKLHcCIVHSakuMPHKDQN7DmbJQ+kStLqfqpKZAgEBcbzd2Ra8ryqnFrZKB18g+JgL2OwCXiLVMn0Dq3cgfjPnEvN4uOLhn4sAXCYAxPcsge/jkxXQxnx0db9eI/TcpoxJGxXlTedqRw0RGsm35fAAnn4VE4I9zLoxR29T5JB8VyiP3IIx4KoqMDMLoNHUVvNEMnI1BORkKWyLIZAj1LvOE9p11FDAHN4CB5f07yJNevHzx6JefLG/fKSbT9z766OzFs/Pnzz/5s//x/rc/evDxt1Aipow8JiN3S04SC+IgQ4WATxy3sORFsTw+Pj89ffX8ORK95dERi6/2K8FLfoxFS8vbha6vrnh2UYW+PA8MFMCL100IAa0EPWspilKWTZbzv/UP/t79hw9+/Gd/fvr0S87ySiBz++5dSvOp+oyIf6+gjpfwwUfQIFQ2AAh9Tb09oLF3WaCPGmGgk+7F+0tvplbKwXWTCvzxoljCTc/E6NNnYeeTmSJINrs0BV1GBTN0e+n1X1lE3wn8nWpl76CH12E4eBiZjeSJK1rf966eDBgqXvaqK5p73TJgTLtpHa8ROM9dBOOvgnLfh4U9j3TXRqvt+mZc+d6bK2DMNfjmsZqw/1byYLIPY316OJ36/qRcoqM2cUdpijAh7VHaNaPGhnGHFdU1mkQndSnPn9a8cvCXg93lJe7Ut13eYPMdsnV361xrwysOMfufGeKq6+qJ9q7Kwct1zf16xcqC2d84BJnUj2UmGgx9B92P3NrfxYP2wHDLJvGjLn9SVU7b9fG/+K/K9TNznYK6yfKT/9Y++0X1j/4PfjK7Fvq65o0bKP51K7zNTl1dvtq3/6ZcXt4Ve/Auiz/gylU39lZJ9QY3Va7VFuz/DQc9cNl9GH1i14tktNrlr/rrBWnXoNSjVXcuHngwOJEoBwJSfD7hKs3gkhne2tVUw9DjZOf7bn96v+GNdkafZ0Z12Xa9rvL5JDO3wDyn/OGpVke1iKkSzKue3xs154AGryaVYy92hWhMWWriQ7DMy1CEBEe28/Vqc/rixer0HJVm8+NyMZuX2WSK6jPUH7aNaRqo2+p85Te1rR2adwpS02YejaoFHcFC7QqqjCmz9rbKjZ0dLW7dPZ4dLyYLsvKixQInfrPZVher7cW6ocjb0OS5W0xcOWkmWTsB6gV7dYhggRNbTtGCq6eVgQ1HTng40YUbSTYfFQJs1SA7h9GgDjlIwAi0AZdTCW/A6TxUtOezSKyPNz3hBcKfkRjPcjTSBa+CoLlmsw3nA0nNon2LPOwz6PYsqeL00LTriy356wTLsVivJW8Oud0UE4lokgcfAlKcAmvXuUFWfeOzli3QtNbSTzOGwZJu+Z6eZwCdHYYEASeesqESO9qhLy/QP68lVgc2PDjxOCHrY/A1wbsSkaIoCgltkk5y4gqgP7s+QDx+0SU3SMwNbLeIZ9LbNngPOHUDEhW2FYel6J/UFfERia/z0RzNfVIgsX0LB3dDktpIhBSxvDCYd3Va18qkNK0WCfESM/uwX5F6ksVRaWaVZGL5Bbkm6emS1+h9tB62FC6DnBgoukdLeYzqqmkquqgTzBNgoA+oRi2qRlsDnU1yKGFQx+5BdKmR038c7YM9Tzylu8+zSS6ZKtiW1JJhyEs8A3bHCQHF01ergcCoU1G1JSv1Zr3ertacBqiWpDhi852UJXm5IOjMprP5LOO8V+Shxc5bRnYuB9mXpDxdciIX7Ny8YwYDF1NDCq4yDxL4nIGUcFVOofp53izHIbAhULwk/zI6YwqWwVircMXITAzouvxkhufucRwaSbYVFlpcglzcEoO95t1IlnNzFRXf3ciX7OuEDEWtUoCTsYcOiqsX6Viy0/fWvGwwGgMruN2EyynXMNYh5+Lmsp20Tr2y0jNQHiLo4bruvS4jkFi+1Hiql7vrJujbYs8TtdtVgQ5vugjWusSuFDFDCptecC6l0NGwVUZc/Jqm2W6qDeXTkWPe5HxF/hKOsQEILlC8HRrP/sv/3T9lCsdzxC2z8pK9PdAg3bpM0A3hAgqI4AXVikm5W1oQF1Zx2eMx2VCPnFMqsoducnZ8pcXmxz37uvB7dXAMtMKLeL3O7Wec6IGiRJjAHOzqk/bMobliEQxlXwjVkD+YzxcnJ6+ePn02nU5u37pVcPo05ZTjPujp+9SRpzacxiKz223z7PnLopjdfe/+anu2OC7RhvqXf/Xj7YacR0ym3M90tjCQt+zmpqGbmF7I9EWyEEAEBN1CRHKQkEar5iGxJatFWfkruEJE6IkG4cLAJUje8drFJ3+wv87OK2+gvI7AHZWWLum3ShAJUztaGFlqWCeX4G8w2KSaOQAAEABJREFU4WkvFx24BlkV5KqR0Fok7t7Vk6zgnWEDCCiHRGRVwN6KEc5xXD6h7RLHRPL1qRQDmmuPopA0rbhMcZAMZGo53IpsXNlNDFS0E/mUP3sncKQTr1udPdwkSFRqJ1Z0KYy94SgrIAlMOAcej4Lz7EgSHqNpTlTWMp1GhBrPJIoZe774HjPnA46Bzi0tnc4h9oQDQQd2vgeqEFpVf72edVQvmh4/GkQD/bgEob9OCYFHFSGGzSl7n/2JPGVEQqGRglo1gsCN0jNdr47v1MuOF0ygLDL1EHCwUasxHyYAyeikdD62Y+UzkfdcOk8mWZrdJeGG1LVfhAaKjkOO1ZK+0hoWq7PJxDVEKxDAVq/Omm29vHPr6O4tB81isXjyy89PHz/FHfH+tz5ClhSfUTEFiRSFbOFjF+SD1TINUlRJITEKEgVX5+c4XfPFnFybKWaQV8FeWXLZ7R6Gez5RnuxZ6EMAYLTO4RffRjnkRf4m9JejjezqR2Wb8W4LsqK4Qxk/XyzuPrg/v3V8fnZ6+uWz7cWK4NACyioFBUUTjGhiYlWI8mSqVrA2RguVtwYHfgJPxEQPCgKJtTPrs5M+HXnrKzKyFLDzpbsA449rnJ9wNXDbAbaDhKZ35VN1W+F7siKJAKBMYne1IyYm3lI82b2xP4dyzikJoWKMmO/SHustRcw9lWOCrrufWrObmYiUzWDKBt/2rChc8uuScjnHNcSPpidMjdQ86I27PFs3F5C8IPrZB2mgXx9MpL5xt0D/rokLMrwYf4Z2IH1drwP9L9rH2OO0A5AMLg4H+hsC0jGkc5JcTD9TQNl56f5ngzxm0nkD05s3MB33LtfjhEAyw6noF76kdDgyQUEciAAfb0V8BvEtsVuxVyap3xtdbM4MBjICjJDOLOzunsHXwY89Vy4vN18/qeGv18CVbcObjzdpBy7FRtdveLgnBgsMYBJg0S8p82YCxCbbogOmBDbgylfvVLnerCdHove/YvgiMIPx9fa0SXdDnJ90s8YtE0WDgH8AengsPpusY6wQ3pefPLn9L/5vk+rUvFbJqrPs0z9t7/2OmS3Na0LZ17XcAGt5Sdtvs/XDSo9hGrs1+D646Pst+P6Xy7+PPrV78ZK3j36/tNz8hMNBd9OdD/sf3YcNBugDhnRw5G3X2IV+72+/W2Pk0qGzegmUHdLaDawdjJMaM04sIL27i8DNgF9Jvg+v9DB5v1p/LTve0piUjA1rQq/Z7uLgyQHVHpAcE/nbtM/pj+7nkHRB7y1mcLf7AulPgD45TAgTJCxr+niok8B0JGQpz9ujdiaZIf7uu6mBtAkDQdxMngwsfvqaTpjwkZNO2VxjRJ0TxtBx2D2+2YIOyfZqQjdaMDb0O7w36UzCxHeTlYyzm4VuOGiHgbwscyitP3GxT+MlsUgFRaNXjxMxnct1nggTpk/M6XIgEC24dbXZnp+enr54jsqxyaSYz2azcjorykVe5mhErlq32tSvzqtXF35VZ63Lyc6awyT3k8yzDwdFhkAD9na93VygNWZ+PDu6vZwfzSwOAyujOq7161MKo7JZb2s0oaKloyiaZYl/7fGsneeU0t05VDSj7ZuCH6ACr8ims7IsKXO2FcUwiAIbwqTI/PIKi4IXnCwWeSqUBQcFIUswe5xkrBuU1fKpIwadfmZHlURRp3YKJ/o8UX4CpMqfABkGgkE8rkiwmEpTYqe0ov9W1aDRxBmtxDWp6y1atlY4e+u6qgw5W+TT2bSclbPZdDqfohVpMi1pFDQVZP/hUYvFzSd4JAqBvts1xvSRQUDgPtXEMmT41FTho5oGOhxCM+37LfIP24GjT0CaAZJgzcoCQmdy42bZjt5QdBMc/nq9uVjR8NlnIqeAERTdhDIzLebldCrhWwBi6hkIYB/DfhixWaqvSYAJAZPgBhES61CgQJz4ho7XU34WMupLBAwyN0o8E3Lu0Rw+6jcRfDjivpPwGDxbYWIBxHIhdUMaHnaemah3An6JBg7pkDiVSN6cmlIKVfIncV8ajbzifRrKQgYI6kZnOY+E+EDw2+h9knyIp1/sJmTOaSqENzSmbtHQW3MynZreosFdTIfkTQSSTvqnn06qsJmJTbh0W7AN3ZWQPPmEhopK9clUf+bcL5tzIHyboMVuZ3mj3j6dViLktaD9Q/OBkHJ+sb64WJ2d4RcJCESjpDgqGe726Xw+Wyznx8vZ0XK6WFBKHdr+JRqG2DNHY4SwcZqjETSNBHcfMixhD8mggU5Nk9sHBeAJjnE0xdNpSX8cf4j9XWh00mfQVtkkYYO+RkBI4VHwWM7QRke6OWcSA0BNSY4qDgLBabYEABTt+B0XtwQvif61RzXELCEeKkkxgxLNPbLD+9bKS/5MUN2+SfE+QUqpVtnAaE0NPtUhKj9AXeljAOOdZE8jGTj0aiuAdh+Rm9DvkfURbxBeizij+n0Hm46NWqqD76HkMDTpsvNJz9m9rM8VXDL1V61KMusQORBnUtMsz7XyS+IR0tcZBh6N8QvIO7svgXSjBbc14r3ZOnJ3Y9iuCBFtENTbunIcsRV0zBCgz4TAAyA2FrJYGp/zP7I1qXOUfw+MZF/DUrktbldsnWLYz6aQa5C0yNkztknIZjiNZOX17MeJbSEDslqvz1frrChmi3kWVp6z2FlxbhScYphv9bF1IPclzvVAQZ2S3I+92DijyxNw7eULJ3xJ3OcOsdDDDx4+e/bi819/8f777yPOYxYhG0odQiSjAUcQN5j5rDw+mp+8Wj369ePb9+/60s3m5vvf++Bv/eBb/+Jf/QLXj3JYgGm2Fvm8yWzSsHsvL5X1MeCP8kvyg917rQfZXeocHXYv5bwQjO/EYcXE2aDEKFcNf0+B/fMW5+FAAyT0V6dj20MZbecSZv2Sp163DN7l91wbXNrtYsvgKQjVDZ6RRmntcL0cMuYGSrNq2pcGPl+vJ5PsvaKYI33Ni4CWyNsbv7bEtzSmbnzk1ghcye8kp2w45BSLm2Tr/UTZWAIKfI2flhQW0VfnFccpyUwDnCfKdEDESAlZmcoKG4XyjJKMjD1MGaoY1DteDTk8Yrs1Gh3t3LY1SNS3zrhKnBmyshBKjcyEm+ROYkG2Rj1Sw6SQ61xNjhKb7ELGVszBFuLTqkEReyTYQ8BrN1uiZrnHdeu9+PLEdSM+F251wvXrvz4pvm99N6F3YQMpgqDMiCgbGFgcHbMzEZy9eNHWksBSTkMLQRemX1x2QdLoMOrr3pGM2nPkDxSotrhqlDWJxLrcBLQThXvpVTctHe/UG1rKYwWWiR1BKKksCW/VeoMdRH7X5szpFwRdCC4ZtJDb6XJ5fM+dPT/dnq+efvrZ8Xu3yyUi2fm3f/C9n5yeffmLT1/83uO7H380XcwNOa/gdOTE00PGDHYrsymUSemTMYvFwt27//TRo4vlfDp7L3EvM0ZDnpr+BOnA/MEreK3yho9/c0uPT4taGNNxFkGcAYmMYoiAWgceJaIPfutjFDt+9G/+5OUXTxBiWdItURKbzmfIv0QdV8hOtqdA75xBLBPEVgYasNuL8x3Hc2VPzNemwJ6D7spFJDvUi1uIYCxxxUkXQRk4MNElJIZfhWRDBGSRfIu3Q5PDPgXFhXqW6NtDX/TJNL8ICLnsdh30xxTI9Pie3HlshxEZ8+iHK1j9A1536I3xe93MvvMyRHe7UO7HwnNc0pBXphh6F/sxTkbeGtmDCIqiawSzp+IV/dlT4Lrz/Fpv0QeVwsJ4U/2f+isMWfQV3GMwYz0K9c1wmtKFSBdOavoxtDh6uRfKIV0/v2dErz1TaQvmOo1cXT/06SvZW5eUAOGXiDQwQF/Q5SUzCRwfANCHLszIdtub1sofmlDKXG/yd4cDA0ozPuTLxhjEBziw/vhOTTacGWzC8Sb1t92c3/rX//ei3Zg3KFm9mv7r/8fmf/5f+Nlyt3PJP9+88o3tuJQb6D58pRzAN7+8IdV5h8WbsUX2+376fTUP2vO9u/7tw9aY6vVAERfGfqaf+xoaqbm33RF6dWmjcFlV2P/42BPXBtGU5LytMtZ2N+oBjwfjz3qzZ81VwoRB5cjVxtpyUTR+iSEppasc5c+EGBkgBxF2JmfHnjforzeXL9t1pzpwAmhbXa/qYjnJYWr8GkaiSnQKMZmE9FCHj8Jvb5qBQxR4znZOMbA9oKW/2dZFVpyfvTp78dI1LVprj5dH06JE6/AE8kltmvNNvdq4Ve0utlntMsPhGTLbohI4cyan/7CRptr4usqNn87zxe3l/PbR7IjMvaifI8suGpUuVpvzC7ItoTatKCpr22lhjmbtNK8LqK3BWjVb3UnWI58DypxSTieBmIGopI1TuR0STlyiCOhJS4pxgoamaTmbcIgU0Um7xIyoc+Z8f7F88r1bYZVjYtL2MWOt72Y4nEpKnYG4cSum7mBRRW032dg4jc5WXQochZ9ZHh8XE4luQsekKXYC6zPDG0wfD3PrCiF9WXYM8gcdVjiBKK85GCJ5GJwT9sEWGXvTG3sUMpzvzJKSogUhjxdO89c4t1mv2cKusRyw5JQPZabJg4KnCLkTcDqVZEp9TG/ifRfzoye8JlEKkp77NrxRQlZIt+ULznacnuQ4thpSILHIpgAQLc1qhJY+cy4ojhSixXL7EgZenCpa18b+t8k8eP6peVvcTmQj0zmBhC6Rrtro717WHgkboplY2MeCA2a0ksNIX6dBVFw4te91ChQ+UqwLwVkrIsbOTi267nyCr85pBRGAxdmGUsxwmBOV8ZQ9jcbf6Ekj6jjV8/TWmkzUFZuot5sNJRhiZxEyIWUZ7nJx6eEVZF+lktzNyArAmMqp1xdEoInNElC1ThGoXg87nCak89CgmsB5tgiySEssLkWiLqYYPN6or4yFeKrXR2NLZGWE0viUtoB4ZLmaUvyIU0sX7IfhtIdwaCDDg3M9jOD3QcwYe9dX1PQxi99HwfyYt8oh1G73wZ4hOCDHeHN/Q3GYgQr4vbxt0Ffv69KwJ31uWD+CbQ+Gr6DWbcQ8sc9qGhsWGB+M3gqUJfEo6rqXPrvDkIxys4G9MZcUsf/vKOt81Oxr+2ncpkDggoZelE4uUGObLKlsIqc7iCM4aVCrzQbRkGAkvOed4jrFaGqlhjRUm77c6sLn2n0u4rqH69Ag4zIpptMpe3O2m+2WMMK2KsXFj+OjRY1LZwmP4za9SaUEXfN5sVpTsBPyXplIfUmuBiFglktof9cS/4doPW8bYO8yxXTmBgukzAd+vvfee/fv3/35zz/94vMvjo6OZtNZXOBupyXPByj1QqmO54s7t6onz05/+bNP/uDv/+2Xq+cfvf/B//Y/+8/Wp//8z376yxqJlkEr/+rs1bO75Qw0+0mgwQ7YG7ZDb4EBkHByXmiHpLjTNAStk1RnoSM2srMH6wJfp1h7aOwTgRMpe3HIOGb96or31548GP3dAy2QKDS4XjnnQTTtSbMpt9WtlZ9P5+NGn8EAABAASURBVOcblCMWaHzHlc4ziTWYTacT5DSEqYnuUfiLdnaOjEFOjgfEBtmW0+s4isTMvhrTCULTpvFVJfTZSFwymxHICZ4gKmgpPeDWbPFKUc4sMwEUK4W6ykjZUXwz8nHX4SSpVfCPURajowa7SbXBlBl7uUoEs5zoeuNrglRhj7wP8dC8I2dVtzlfOb4996ZcLJABAdstgB8c2f+KSkJOAuO+q5u/8ZJyitwLvczXWmW+CQMc3TrGBUOSsDo7Fa9EquRYllABm9aRg18xqZHoNQPuQYtmGWxwzbcES3nhJb2i0ifVCkAgMFgy792VixTelUUZw3PoOX/hytkMwa+1rc1dZjlaHVCKUyg4R9ut42fnT14+evLkV3c+/v3v4csffvfj548fvfj815/+9OfLu7cnswnFC51MBPcJfycxgITuQ5KRFAu2OZvPn3/5FAXs+WKxZx7eVrnyFfC24eprUPZNAgwclZJbMZ1TzUlzP/r4Y9Sw/OTP/+Lk+fPnjx4h/3Pv4QMS9OecLtA44a3GOWZBp9KTeDH0asZuWgjQ9WZtbry8DnxBUEoll8RzOkqXvkdGIfE2UV2Gh36+muQTUhotjLI2GwUfr5ItROq464+SGEfB9B1QFGf44etGum56TJmJDQcflTBAVZfEAHjKHvm+VTZMxh4mY3Dx8p+HMiq7PdhT7ebImjeHcCx+v/wElz0S+f1UPTZ0KOlqX5WuxcN4m4cUHwDUjHf18NKb/tfsTdfUFf3wu4RcGRsdj/67dwKZ9Qpf+xl2/IBipI9H55Wd8fXcBYZv9JerDsYVomD2j/Y1ZvXakPF6a3dwuXS7juIvMDvubnJbsKW/GgOAnMLwu694zbI7SekGv7Ly/gp7Gj60zz76AV5rmLEyjMlsyTQPX3c5gHbU4lAeX7cn7Js07279y//qDT1OpGTNuvxv/+vtP/s/oiD55vBwQPE3UONtV34nE/HXpsDbnLDDGz+kpv+6r+xr07aU4+79e8kjTLXTijdCEF7j1uUFRr+G77Cv7t4r4zVCc2P1o7VoUNl0B4vGX3wdremhNa8DH5eB04Ggdnm1a7JmMPp4EnXXXL6Ewgb57mK8pc4lvoMz2NdC8C9JbqeeJbEbPWt60hSk7UFfu/IGi7gzd3W1adyy8AY1+2seVVBlBONosEQOzKis/6da6n8cBftooxNWhlOZuG3TXGxXF69cVU98Nl8eL2eLGZpsWUlXtLB5dtqebevVxlQtBSkg+671Gadt5/zDGdmwm/X6oqk2qPEtF9PF8fL49vFsMc/zDKs06+3Z6dnq5LzeUmrhbWaawlY5uEmWL2d2Vla+XV2sUNvctBRfmQ26ZUb5VDjORBJVQoygfApOF4t8EdiJBiSeRA5k3i6yspyXJQUewC4ZgQtwMvCgnIG+s0JYXAGy/hoPvqQTHq4Ml1eNJhw3XK5EHwlJ5MGfdAy0ovwmVczQUbK9nKNqAIWFyDRQRnxvX3dzHXxwSekASdp0g+H063o9PdXzJgswGltJlG/B2E95kyisCwfwoHgeHNTEUAqCjHKhUAIhBLFJMSkGesuY0sQYXTifvEveEg1JaiKBkLHdy4MmnXxxtqBX5zlHRydbpJXoFDuMgrodRD+X4AgSYpnw0VkJ5hJiWEhIFODYKNIl9kbg2DaaNUfz54g5tuGfLniZ7I4uVSoq6FuAaNUDDaRh4w2Zf+ed5uih6Bn00rqJk2ASNCIaeBgoOXV/JBeDb4jc5oeSrFTihIEATB4nnLCB43+DblU/mNIITgBdgACxYsZcQvjvdr2OcV8kCrvlqDO4WyiUCqWgKjIOtyJLCRxBxAtRCL47PatrcOvxCWwEA7kXi0bMZ5SuBXmZkBMYWZ/FxYQCnBcFn3z13ZzJMbsuIERP2RgDtwREQx/sfLaRiCYceSVdl35h65fvT6ZcH1Tcl15nWG0X4I2/5O6bFD+2ua68MtqSzIu/3ttuDGUOW42bIkD14ZYX6KcG6z59iB7x2ktwGA/KSm0fFIARf3afXCnrvDbHwBJEBckmQ4327tn4yyZCSXnjOJEOp8FCfgGhveYEFmLDDWd6Jb8K0xTyxTI26YyR1Cvaof/yf/9PZMrlt2DfEHgK1K+wrSkGCmJ5OoxOMYi8WhthdxhihQx7Ujc8+wlShCVEnByuKocQ/WoIXyDWbi7JPfJBpCBUgikBDs3GeMjadc6RRnLpMX9wcnKCHZ7O6D98uQmv9PHdERnyNLCLqBjiM0QaF+fbs7OLcjK5c/cOmk8/ePjtpnI/++Rnp6sLme+6RSaQEj10vLNgbuhoUpjhjl4HE1Cn7RfCZUIEnSgKQM8wfOkM7VQZe2R4JYbS6mYv/O0WE/oXNyJc2qXDd/5bKB2d6V27EuLGYXJ4UaZAQp60SEN9UxiXu3aKlN74Ce4vTvdBuUb4cfIc4HBicfJs2Fo4S0Vk7iVGXeRtpCa55XKuTPoCrVdjhdFaMW4YOEYiEk3OBj5GohCZyDPZzpAR+ackXJ7uDw6MoowdBFcbY0LQjQCfvjNmRmGMtzkjB9nh0Jk8Te+fgF924ARekzqNC5RjFUFfEVBtD5tHrPhWS/IGWjIKTOIcLgVOnbDFjLe9lR3HcWoCLum+9PxwNRWiCl5KiEy3WfXYAURkISKUxiYLYuEV2xZSecYrg0QfHL4Lgqd5xvG0mNGH3FDAEnJ9ak1FQQU3yIMf3bk1mU/LOaHm54+enj57dvvB/aN7t6AsGupWpvoJlq6hg7iu1HVTcCTDl8+eCnkiP6dxejy4NH73xvEV9OHqHZSvFOUOS9hcptv0gSxGPk/ktKPFYjafIxv06umXZy9fEkosS0sueyDMRyoE9hrf91IudwqTW6AYlpsDrUSvMXvXZklHdWUD0j18JP7ju9fKDk6wiDcDjYjfvS5aMNlQPjGl+l71cAHCN5PIdH0u3Pcy7EiVYHKHEYXygM8cH39aY+fKvtpwnZ/73rh3HfbzUnDlwwdCle6W4UsDfwo7F5UkQ/9ut+kiogfTuxsvDuhe14dIENTTz4T/tCl9b+gxQErPEzIUWk/7mVw3/b71e2CSL5BU6M9npFqD9eheNLBOBPpnBlMKKbo2g1a72YaEdzDJle5LYB8g0NXkbiSvyS3YaaFjTaJsEr/HGilU9JBhd6s/lfEmDGsOqvW3qBmW3SuHlOs+Bde+ccOlDxvDmwf3YvTxPfXCtr4aNQ03CnQbJAXYAUhHiIL+O+NG333R4Apc2vvue8/GEhnNtPIOkHVEBSBtM6kN8e7wYjoOk/7ToTGA3vx0G9NEzAYwmIXIFIf3zf/iny9e/twcUoJy85Jim7XbVu7h7+6576+8cHPlZpp+ix18t2WfptEnn6O3BtUGF/2lXw75Pmh2cBF27qZvPxhpvUUkC1ffHaCGS5DPEAPsaWfAU8GeF15z0H7vj53r/opaY+34jiUfQOO72GQpmTCmT2dGpysSriFLD4PbSRUYbTrlWJP39bmZgKhh54oZXA+IPX2XGdDKTvkxGFM6CylZGkDaEAQHUJVOwW59SL/AsIXhz4QkgRmy0yYypb3K6fgT8hfb7Y2sv0D8S+VASCdJI5oY4e5jq2AS3tckCZ7jWyGpxp829Fe0hcO0OzoMiD9Txjppp+NiQh/kbgePAD2ohh1WIllWVCXNJmTXOPfpsUwf7ejREG5MaoXnwPAazpVDOKSuFdxhsvxs63qzXZ+cX7x41W6qMpvcXd46ni2Pp4sZKoMr315s67P1+Rcv/KqGhhOXcz4dMy3oLGDBSkHX+KZZr86qelNM8+Xt5ezO0ex4Uc5Jc+LaZrvarC9W5yfnZ2erde2qvGjmk/Zo6m8tzPHczyaNNaiNu7hYAS8VPlVQKpzppJyQYi3Pu2F3GMgaMXSH7AeeMoNbyuWBz85Qm1dydqAylzAnQPayZFGMiWsJ/U3QmRQGu3BYIJGaFCq8doV64+LplWjaENOVJwU8Z0/ZbtdbSmhSYW20muPcL4+O+AAb95wiQ1CYhmQvROWTh52SgscOzb9iKPuvQ/9L7x0meW+nsA8qskGvxHxfcZiK9cUFfpLHA6cmoQRItGSz6XyOwyd/hWyQDQAkJYh4naiF0piBOk4cPvRPHVAg7pTgwEDOFlKZzAMFpZ8RpxNxYhBLIq+bjWOSuXTB7SUNsQIxtEZRSk6Hgj1m8lySpbCVM3RJ+il6dXE2wgmpJawFu+BI6A4XnCGG68Et2GANCe4u1Di/SlxnikwMqxTgxBCgceocjhHCn1XVUpYW0usH0Sjo1rqjc90bQ5Ib0BVN3VxC2iDLwMq+F1nBsQDoj+aBOsU95M3tfcoAQggw03nwhEVtsYOaYagWmFmdnzfceey3Zf+kkgFmhjrbxQLRBb2OVpNiqojx3AVTp+tHNxm4s/i2cySS7EbpL5fCTEbnD+nV8/l0MUeTwf/E3n9G2ZZk54FYxPHX5k3zvC3XZbq7qm01uhtANxrekXACOEM7JIdcIEcjDbnEJXBpjZZGsyT9GP3QzA9xxBlJwyE59CSoJgmAAEgQ3UBXm2pT1V22q96r51/6vP4eE4odO+w552bezJdZpsmoVzePiRM+duzY+4u9Az5WQzDHpFYBM12EaSVLzkKIXpDEuAtxkDOBwQJqwEnxaDQdj3l9QTePbnScJdB2eaO2tfZutn4/sBAdYGXe7iT3eIsU6bD5U/IggRlol7dPupTWZENtPqH21QL51rQJW6jv6NFrXjgrhdLl6aY34gZrEUMiaxghXIk8RR7gW+HbDncNhVQkC5gh5zeEG53phE/kDPz5pRlM54wh3EQuKVAAD5kxyzuP4uDUuq0CgE6wsMygGdCsujxgBZQuSykqhEOYv1TAOJnnLFGV5ZSabhAkHhfv0XjMKUYk6DuxOVoqrdx7isPAiqsEIA6SSpXnggN8kd51WEMsDKfCnIDdv7/O6cjq2ionliZFhxXVmVDZsJwXAeIU5xnlHNv9e+vLy70wiHnCvOlu371349ZNcIkDPkS84XjqATA2pJrN1Ty/CLruxqKcZEQpamx0H+i+oJSauXSSoJN9kq35WBVKoyZp7WdqDThw5p9ksIYWtZ4dOOIWAp1IWz7QMwEtAEXKl6+Zz4qG50WUxoA6IaHAfsBYYITfF2i4AgkaGs5TRMLXM08YnQSDJ6hUFEQB/pOT2gckZpFLB01UOlohAmUMMDKGCkYBLxDgOI3Wk+WmRHMhOAaV10MF6BZsAo/O+XNMTE9YzwtUWyDc2Jr1OMKZRAgCjRE+PIXxHr2XIHpkUItRoDXjhB5xKaMHdpxN7qhNBPRbeXfyQ9dk7nucuYLWL4gCAEFX8n1pzvdFekmSWyuiO5WIa2kDUIEQ1V6E6C21pIbCRIqPbKiuO9ZUr9oWKdwnMBtDRMxY4k8yYb8L9zMANfd8hMqIMgMQm8cd7u5NBoOwGXeWl/lve2lp6+5Gf2ODeax7ejlsNWkQU+ELCmzN+a1sAAAQAElEQVR5gSUo8EtWJSlBIADyHvh529nc4DuNZqttbcZqNmCqxe1eoNVrdhio7D6BuuPqbQjvKMmtCSXWQj4Rhhkp2v0Sz3lX8l0v3/5ms3x3Y7O/vcP7PeL7mTginjDnU7BST1U7jlaIyXIEBHIwnnDmhxwuHFcz0soFBKTStfHcr9XhMloWX+uZDUHyruZaSaypsXDMrPP4Tnzc91oibgt1YsV3CSkj0sNOudwOZXADrSzKLtV1b60I1E2k8oC6b+cGeuCD6tOFJtQheKgDkyk3qREOu+oXaprCWa8scTO1E6TWV9SI2dVDar3ViVoxdR5Wl1jLOLKvREW0i2ITAbvUxBEXEMMcmAj6ufNVzYAwRSwlTqxv7eFlFnorC0NGVPXsRMxDYl1I5p3YjWW4eV1I6jQedRqRELeRqCVa19WipXRoqcWccUor7W4H6lSb1Mepuap9fZhw2K/mTc9jEstYnXDIDxf+xvS5viVzm50ekMU+c4IYkkkcptYaVfpJOXO6/3Cpy/rACMx9Xl67ytWm7jN3iJeeOATDjkHd2W9PC0rtVYU4M1lHk/IclQo1NEQ+9caD1Rf+ySLjL37yw4/96y+OXno1vfba/jG9vdv55Y+yMNonDtvnbpEvjhSOaZItlNSD5HWM5VwkbTbvBSkjPEhF3sDcz1ndE1IXpxpZzy82J6bKkdYWD78lDxgO3/R0oQjUfULnf11LEKrplHltWp/hQg3Cai/NMzYnsvu4ylEvdMtqkpqXxQMFd9fsLDIWxXYi0FKs0iJDSHkxqiRtL0O0kl9t/OruvbIyumk6D/Wdxf261bI/c7g2N6naNalcf0rKq5R57kQol5BaCVJLEFLin4lW7uuS13LghLg7Lnvdt2RB6iWzOlAVyjSJ2GEqKiTKZPnWMWuvXlxVFkqUbD00DHfpuUetClPD5ptoRAm1iDUuKDWZ6iaz2t6uvNNXELgUrpnwRZnuKu/2UnFrafdrgiHBQkaaFw4eRZkEBkcVw/Fob8CjrfRWVrpL3Uar4Sdh4bHRbLzTH9zf2r27TSY5OKrhYpAk5i9J5NPYyymeWk65bDCbTbhqOIy9znJnaa3X7raTVgLObLJ8PBjv7ez1B6PRZDpjNI8T1k5Ip1l0G6TTIEk4LbIx10NNJ7xgcRSDtj4GXxXgmwMsFxgbJ6rToVUYql+pVHd5AM7wQl5ALrsRwIWkwVOIPB+7slCMl5HFySCSlOJqZ96VbutDVfhD0FtTBXjBpEMZrmvjquXhhKuWZ3DmjUvNk0aj3e2CfZlmI24kQp8lvaN4aHyOMarGHjU7OLpgIRcIdM5D/MfU0dRy8CwgBbFGo9W6sllgrAmsyXg8QpgF/zbhHdVuJwJuEnNdRRj4vgaLmHTwErABINS1etDWGSD2QreRCsyCEzB1HhW/FUdifWE9PXBHBKHUmNmQeAWVLxZL+IsJ8MQ7mONJEoGRigHyILAf1AKFYA+isQ2BNEmllZc01XY7JNZEG6Vg8ji83Qiq0lZ9BeoDTaros/cIHEEow4wPsuFoInAMoLJJM6yTahbCNO5EyveMRQGnC6gincrIASOKCoLdD7BJ5IONHl9ibkDwzv/BmU9MDO0YKMLkjCWmXJZrnEcGfrqmaPZjwinHCMaMjyAe0drNdpv/ExAl8N4VghcqNC6jyQVjpDwaNcBFIkm0XZm8ENpxZpmZcQgsFVqtqMkzbsLx1GYzaYJM2IOOphIgRa0lSbQMU+TKwhvBX1+YYMEKQx3HfGKMYWoMh5wOAhKrMpXkdKPWeoM2plhpwtaFfYELBvRwojuYOZnuG4kcLjwYIXwQ0Alxu+nAyNVMSaVNBONCFgn06DW3hPiS2DCTquZLqMJOSTdhaNKJEUuWYapPpXcueCpnIaC4csFszMaTGV/sJxO0uZTNZqh5IcK8kCD7BbWyJe5BdOF+ipj2EUEiP6SqDDGjDDzSsaBgIePEgmeUzjyeoTeexJyxSDIq9I/gycNdQ8sdRjnjIJwyiJZJmo12kQ9h5Z6NxxMk/ZpkIyVUim+uQi1oIWcpJorUH0CIYu4bJ0LHGnCN4/Xji+rZc2fv3bu/tbWzt7fXbnWJIEm4uCJ5Igomi5/6Qt3L11hexE4nOX8+7g8m69vbL33rOx/5xMcnw/7Z5c7nvv/Zmxv3r93e4KwfJ/m8D7PZmPNcTI0CwTDIfrK1OUQtFrCSFtKNBRNeJCSIQLhOEQsYUZqpRd3fHHuwp16pl2pmNTssrTrp4Fl26nQbsqPuxqndh/BbIDkArowGPteiTjO6R4rNdJp4Xnsy5YxcBCb7AMQLfi49cJDJGRI6g7bKUGvHpHtTThsI80LJwRCgFQWRwBKRVcsPPJ7uFBgnvt3g7AGPnVKSAQDFQ1ZJuCIBvgdtB8IJAsEdaeUhAs8FBI0ofg66LQcDGxDQZJEHnr9gt8SZMzoeUTFE+TznM5uzdhI8S2Z5Kuw3SdZGjFxhyynnTN14ko3HwMqGgIshRFOAQpx+NzyxmqyV5qYnQBdkfuzkEj9CwHGA3C40qOBBokbSWuoOdnYB9A2+2NAolRjSuBECCIcvuib3iS8YdL3gyIDrAfxAssBSwk4VsFAemLuUqCe16Cm3i/Jb9ZDM4VTE2qx26lShjaAexWQwDsJhnDT4mOdjDlBZLAeAIx/isd9dW9rb3trb2L5/7WZnZXk14cUJrzz51M7tW3de++75x642l1d8GnJKLDA4vJw+g+Minie9jxGNcOFl4OOUTzC+bR8O+v3dXX7BmW/N/pb8oc7tgpOhXe+qYXZygdY5vnECcyLDH+1aVVxQKjwFh37v9NrDYlG+/urL965d40P2HCXdlWUAd3pyM6J5DGZ5ymO2EzpLliS8e1FOx8ihAzuANaklW/MCrYlbyoDpbVMpKpX7EjHjpN8ZS17DNOun9q8iPtXuKKm14WR2LhKEQrXrHKTT8lJxRbgJZ4q0MJQZMok40b+EqnxVbsqMCvKwTDujZfCx/EhXS5Zcu6Cgcj/O5rUeiqzIAW3tfDmveWvJm7sxcBx418Wj9kEtVheFLjBcDhhzBw3JOfHqb8t/bE85VkSmrLfi6CB0buq6+jUFstdc9/vSV3ZqdOEausG0dCUaLRXJqR0xld0nA7W5cQpDbNeBaihQ4rj0MInr1PfJRS3f+gtN4JjOa34aKs4cXsdt5foUzJZowVF3AoEtNm32DQcnYLP2Nq2c8zm1XJXNS0+1at3K6NKnhdx37RcOohnuGFSTeE5Sx+fK1dQSF4FKZ7rNd8hBRqVHOnKIRFyCV3lh/VpRXLrY/ua/gK36AsVb/Yv/GVkseFzU8PXPzz71x8jhw4ONnBMIx1Ggw02It0/s8G5pbGpdHKpM9JjrYBI7rg0UXfDZuyGUrP2VL+xbZt2xfZN614yxmlanpb/1r+m8+32z2y9rWvlVS6z9IZ3L6S1cADr/1TEFybA90Co7b5FTGnHJeFRelYthUrPONZBKTGYuqIolc2HU/YZqmRBVsQixcCHiK3nMkuGmz9II6nNUzC4u1aUvdZE7Gp0BZFe49KJUOeI2hPM2A6fUaG5XyWlBAY/26oWpUGbxyNJEvXhWEOEn3bIJIXTNRBwfzEDfPcums1G/z9UTK72VVtRoBQmdFeOd/nR3ON3tZ4MZm6ZhQcIoDhtJ0Ei4+NgL4PxeHEXj0WA0nnC1NoET+UVzpdPsJK1ut9lsAGiCyxBzNhtl075AGqQg+ygaMWk1/U6DtsB7NZj4AAMnQ66R4pXiwkY/BkUOmEwALbJPLKCMNDyj3QSJ7hP6IDgPxnXbcYOL+qIoBq23H/pSy4zeJhiIGMHgP9VoKIInFi13TKoZqzt6C1dhPXO9Nqvr0l5HiMFB28QbgKuWeY2lAtwjEcAsuAY9FviYmCJQyqjoc+GhQBRZatIxE2/eQDqxUC+9NIpGIuUqVFmVKOShVnkQsRDoB94EfDB7wvdKIxQmQcBHSWC2o4WxMGFnhF6Q8KGwvm/KY6NeDKSAGbMW+Fz3jjaob9eCS6TxGs6UKasbiEtgWsjLiIR3CECQrwAr1IGAeMYmL1M2NtC9gwI6oPmKLMPD/Uy/0oWRF6peRkVoY5jwFZVAEKwUKlOKQqIoIC9hTIU3u/QOg0fNmdzrUdTUoC6ZaYsCsgw52MK3OpeoA95MNTtm74H4H7RLQmlE4dietOniByJh4QYGyY7qEa9Oa8ccFAj4w4BmkXZNPI9PkKTZ1GZduLYXVeAog0VXOFKUSFD0YSnF7WEgGh89GRm/M4oGOLgfkY6wFyPUV74fN5MoSWAA4FxFZZPaKWi7RrqDkC7gOMHEtSIjnc7Q6I6EH82UXROi0rCmk1zSFA03BIeZ3tFddbAYnJBF4jz4J0cINtRmsS+ovUfGJMSfoiIaO56wUCMcraGs3sQggQHH0OwVEYVZ9awnlMmlTzpuKsDEuxzVRFFNDzkjnCWKKAHtJvaCJGwWwGDlUzlnBZosAsQJrIBSP0dyKcASDIzwiyXBZ3qw41O6L5onqDwSa7Ag0l7AgrwAIKAfpMUMwCdiHQLjaZmwZOVRacTeJRay6YXklGl9AKWxMK20t5eNRqMYWI0I6YWnXN9RS4spg5aQCk12JlzHkZMPvM6rK6tnzpx+441rG+sbvd4K5zJ4xQtx0lp7hjA25oFM54LQcW1nRlnKl+dTp1b2hhDeeuPahcuX+CL4xCNXPvnRD9+581tZNovCJI+EExWWEyoN6koVmCWblF0qOWfomZwp5kvSZBhQTECOwCkTQQ87zOLf38lgT5Q5ex5nmSHviqDm/OHKQ2vX5nK9JXMtaAGXHHpBHoajIlufTfnwagR+yPkAZJBCyhdqvu5xpinGA23gQjNDM4DSFJAYgmCyxKcR8XM/YMWMv4uEmyrwqxPxMVkQ38tYxtXx/PUUOSthWEQUUYC9hO8c9FKICzYYM0I7KDDHvUIMRhhlkHsheBOAzxRq2vISFwCVl+YjYc9CJ4QKP0HSOyD/CFFuYNNCrNma2EEKADuZTMfDETBDId+UhNQHthasnmjxCyonmRLNlzuAMO1jrNybDxpKybJ3AQaFCS+JAgdSIOUHU1RJ0ui0p+NxwTJ4BLwtReIhaIYn7NwwcBkGLSP9U5qRqrgnDdQQZywA8QQ2mcA6CJN2dXCNwUBrdLD27g6D0vojj2axxSLvPM1no/FsMIbBVxC+XsAuLgD7YLwUUbu5ev7M3vrWaGd3/a2bK+dOZwFdPX/29MNXb7704o2XX20vLZ977LEpZwcpWH/hKyfL0VyQR5QyDssFZFzsZfhIWztz5s5bb92/c+f0uXNJkmgu02barGtLYErmdopd/SOEd2Rovf2092g5CnSl8fQJ/ep7YTNZPXca6Gno3b1+ff3GDSBCV/PVs2f4iOWcA98qM7XLpXgso6Tr1ypBa+vIKkVcrFfY3LgH1pjOj2MxG4SV7omEijAnBWtSoszORJBCa2N0xwAAEABJREFUEYJoQ6pQJcp8mpTsKTogvQ4yAyvRWBMiVfCSdjCVqykkMTgSQmyQCtIalYVOXENVFFDGoiyUlJ2CUstKHyMWHoaZq3ktWLp0b+wK6CfEiU3VznW/UO6tg18cObCFBui8WHIEqNfVPaDuK+IONGo+V2NCPjFSclaJJq+Ztf+WY2iBKjga8QXrXUmk5qvjo7p26lZ1iRwycnsqF1k5bWq+Ng1uT2oVyZajammbScTqLJMVobpjmEyBzgWYuG3kqD2q/V0pfE0TH7mryCE/PK45pXJ+sPT2S4BSBcGbsyBamLo5CVFiCO8BodwBzN5p1n7AbGLvfuVSgyP1N7NGb82csYOmt7RSbDVA9NIiv7XfljMlldG98AhjLsisWiR7CtB00tre12wJF9FefTx67IneL/1K+9lPkIVDuPlqOhuxqFn79lhnwLyRtXAmx1uaxQOrvXwPhP1pDq2LVvpkn1cH5lmdXO9UOL4l+eTCwaSDlf5KSlZ+uO+38o7t81Lesv0SWPTVocO8PavF1dHal3NeqU+1Ys8kRCtJ09pEaN0tte7pnMjIApdqJB9apTmZcIiVaMEEqxxebR5yGaUO3cC/TLeW0wpWJIVBkTf2MSaLH9S3DOEDtr5Pkh3qTAwl/VbgA23RxF7mqTuOrB6m+kPzyHDFiwe2f4fb2xiwcOJbrLlxqeO6tCZK5c9ypg7r40PxlknBKFfpcmneeDTKZjMuTW03O73O0lKzHRZePpyw8ax/fysdTfLR1M9YJFxmxO0WoEACoUsuhBn88cSbzIrhiIvyAOXRiE9dOhu04Ox/yMvINaqjdLg7Go8mEy66LcjMD/IopN2m3+vSOKARF8Vms9GUx0inEy5KDJMoasZ+FAo79ngYmCnrCERIDZlWPwmL20Q4joejjFy9HUZhq9OKYnCWgupw4XuHyW4R3JmjN5WuN3TPuYybdWvkOvK23M/MgpvgE6rtZHAZNDrSETYb8izlz+MkbrZbAnEC6idxfhKXR+SMC+wmBBvozkPkBzXFOLYZrVhlWfJqHUvgg5KGxSKnVJhyERJg5cgmzzL9FpySJIl0aiOMVmgcACH14jvw/wLfSj0AkYfs67c2CuYhW94urf6llhkVZsBYQgooABvSrAn68hExJNCBgRYjQCcyysaJNGRiBcIIaiHxRpcEISeZMGdCFIBG5UBqW5taQT5Xr3zhMRPBSEoBJK10ILwpzxB6kmONiFU8okgekfJ2W+9IbMhFdWDrHocJCk0AlvEBdAJedcBLETST8sPhC80mZmsttQ7DIVRHOSJjwOKLGDmycXJoeQCXxADJ4v+IwhhhL2Ib6c7SI5CUhoRqZ+0oJxegE40oEtMNwDOmcFRRdWUQJwijIAJtMaczUGGhI8Xj+iYDNReoBWzCdoCGFRZloDtEpwgzDynWNwNPOoVcivAoHVM0SHYa07AVwrDAKk/iTmBCmNODphFKofTwQLmjTTkXjXmYwJSanlnU4OCkJIF3jswwrQbSMY5SoqOGQ1Zfl7Z+ZWEnXXTdTIVcaRXvJJinQiOg9PSl+nCmKJ/qMmtBAk8aivjw5Y9ToykgPfIZoEwL9FxBmXSJILW28J21smjOjtJaYaLVLJbvPWT3qDxNigag8kB4PoujHOwnZZPJJJrEwnSBLxCpAlTiUQ2UMPmhygAtEqnFhX/VarVms3QwGEwmU67hCyznf8RdQbXPDqlgFxNYGTvxKDmRYYlkBwvAafLq2ur6+sbGxma7c+/8+XOcnma4thGlNdUfMuShQQ0PhIlmXBXW6TbOnlt76ZWN27dunjt/nn8ZB94nP/bRV1797pe/+fKMDEnQTGdTL5wGSSjbiMg1m9ki5JIKR3WX+MvHi4AEAw6A+jYjxYoFz+u/bYERUrv5scOCrBldbMu30CCpIRNlYctCdJnRqnEZVlYlEOQbBH3gv3ySRbwLZxndLabBdNr2x00/9BATCt5CYpiMvsdXTwEggGUrA5SSWsXUUkdB90qTMISRmGW0AJ5LeMGSkN68EfPRGZF8b5rBSkpAJ18wD0W0YgkhMO5geRdYE0xUrsaI2S8Qog5LeC5B+GKg4aCFeMIGkigZ52Vpmvle6gOPLlzoCU4h8ALOamQ5OL8Alg4nuxy3nMZNhkNe+8KjDdoE3Amc6GNmc0kFqsST9MbqMUk66sbFsbH7uhAHPnmbglxPPMQ+C7ILDoo6K8vT0Wi42+e7WcmnCpslkn2V9DVAs34wFEimxfaoXsalQ9kgoQXvKwpuLKPYI0RTX5fHtTdY8xuEoklVyYqZ9YIIapXP0slwxMdJQmgItv88s3PxaHt1udXrjIejvfsbO3fWVy6c59vmC48+tre1vnNvff2t26unz5EoKGhOA4/PEl5gL/I1RMspgyhkGASNJt/E99Zv3+bkfe3MGW0FUWyfnP1Pacth5B2knDg5pvCOjat3R6itvmQMzP5ZcF68dwK/vdJ7+MknOL9y7aWX7l+7zhPg25XuynKj3RJ4czxlJNB2ajNk0mUl6wKQLLgFZRX5xqIEpXZZWZRtoYsoEA1CteaptjxCFGtnK64ZY84qR6mSoSjCqlz4MWJskyDEUXK5SCcYsXAkEoDClGkLzIdRZcINc7YTIUSxwdSycWKKSJ2TbYwos0yS4lBJRiSw2eBOpCbX0lES0wV2GqTULSWJ68GdWOW7K8nt35dUA4Yq+Rm278jsrtmUUOtWvtLdNPcjUh3tzMYv6Ng4ApzWoE50N2sr02ouOATdhmXU9bdXymX/sE+0RVJwa7pfNCye5k1opS52bUvVwWZUhsfUHkruAPSSWteRVgIyO4s4WsB9kR2tq5uVGjPGh6pGbOyS7Ncu5kG1nAv22fGHAzI+4iyjBmNHiXMOwVBfN2nZ3lanzCsP0SC/uqLSeTSsHA49S/SMrsRgdM78Y3O0MvsRPieCSzatgTnvWzsCdQ1GyZTNVFQWsgh19QC0rrwVw0zl0Vylc85MYE7xWHT7FbrvWu6vnHn4n/5LcvgAZxduvZo/9CGn+M7fmsDmXB85OAkelCJ7sIfHG6EuzrE0yaEDPe6M5yd49KwcRqpCfGil9+k71ZrHE2rI2YKUtC6UJOmMzL1zZPDWAlD6pL5pSyqiOXkce7fQmrZBNn7fj6iJaV/UfFRNiM55W8Gm2InS6qdzYuo0D+hwWvPkKGNkMUapdlHGTA/6tPKUSf8z+wR60CtaE40qvkV3hMXuMmn/wu5y41jHNL0jYEcDAaV8qJMOXlgKYFbXMZWr/SK59zYTXF3zzUt0M27iakchSpVqEsEZWjA8g6czQY0mERZQeAwuE5sOx9l4ylUxy0vLvVa3ybWpzB9t7Ey398Y7e7P+hCcSUT9uRnEIvtlpFBIh2oPDglzQW2Rc5wLeTmYzroVdWu62l5daS0sF165mRTZOi/50tjMcbPdnXDbciFmz6SU+a0a0k/idRs7FcrPpeDoZDQdc08zFcuBTppn4USBk1R7IB+VBRNkWUgfJxZEUJczMD32uCObfcsUSlDIKkmYM1rx9GQHlMzV9TCSSxaJmzKg2ZI7VicJ0++t0TMGsgF2Guv/ZdCqNTICMiMadNhe8J2CRpQkll9YskK1XxZHDVkkxDPHR537ZMSJOKrU01dwHa0Kk/ttpE7BLAT4TUn1bCGsZaAsEYSb63Gkp8WoBiF63hEEQxhyypPwYELvZiZoazLI9bGuyTcmta+EyW5jWKNCviiAg4iwZGtUIxBQAxYcvA7rklnpDVQwJLylkmgIkRRB8ozPSznpKynW7be2Sy18XhiJrZ22w0W8DH2jCZ0WKoApZIDRAgOgtbQdEHoErVJPK7YxuSbsAeFGIg3noKoi3QAiQKf5HuCUCJY40UAQeKyylrT0xLESIh1kj3CRXiBO0A431BbhJHPnKyxQOHknT1DjBjAw8iDF7QNrDg2hEDrrOsXwt4VgiTCUoDkijdROh5gJgDSjV4hgqK4aE+oqC/XNTIoJaNlh41PiWY9/3pR8lcA4AF0zZvlHN63nyzD+jerVX20u52MmKlGtHKqE0g2opBTtwW7VYYBXVjJmMRw30MCZVELGgvpQFwBt1oYGL797AinJv0gOlOccYlE0PogElEoiLf9BikDS85A4nnHqiAkyXFqxW5HyYT2ZAjjgHAO7DuFIQKJJwpAUQD0ZstlgBUIjWGOAbhxJqMlIqfmBWQ1URqWbmKywDQwOcR8niyMtSVkz5LByPJ2EUCbtMHhAjTtoF7oSoY+vU1dxIFSPyoFyV2Go2Z9O9vb3RaMSX8263q1cjfbbYsYEPeDa0+wJWX/I0y/2MwoH7t2NYrqysnD596vXX37h949bKcq+RNBTkEu2nGSwzA5yfWCwk28EX74xHP3tu9d797ubO3rdf+NbTT3+EFumFU6s/8tkfvH1/841bG1yvyggncBM/TjjRLsA/Tsi5Pq1XozaZkGsZeI/IiZy+wq1GLv74itljxChjTC+QEw5q3JXu6wKtfqbevJ1T9+BgQ0gKstCIo2o7wua8JUz57qGAhkf8WF6E/qRgO7Px5jTtxCkZDfiK7wu8fBCBHxHh/06YWURvdiIBppg7T0wUnjJfcBs0hrGZpj4fKp4PXnT4yAloWgScsPDZmnmMj7GUczmc3Qe2oCBeIEaaGDUACAUOiGeuiQEVdhEBTCUIA1/XwdoYmPaBUckkEAu+98BSC8mlvTWwzUfpmK/R4LlEMH/Cmwv+K4Bw5Gq3gu1WAKg/B5oH1jgSr+0FkdxNKh2KYBjhkVSKYJAaFfKOBJvzY3Uc/0kEs+GlisAi/eRjoNPurq5OR9M0n1A9qUQrS0t51Aduk98UwkwO7wIvs+zGKPYOqTeMOmHhc5YKhj4g0rEPEZZuNK+AxVoE6CbPNFAcdsygfbN0Nu7vAViK+nxjyre18vQDjGGPTfMzD12+9eobo93+/es3e6fO+L3o1KUL67cvXH9x586b1y8//Gj73GoB5p68DEGKYRHQwOakbRAJH9Kc2HZ7vWF/d/3ubc6Xr6ydBltWAhNNpb0E1XylOpx8R789pPu9G5jSo4r1t/DioNXrXnn0ET5Y3/j2ixs3buQZ3xfRZqslcWow2uXJiUIYeqphzKrpV2i5NKpIDl1e8sBByfqpnRozsj2bD5YF1TZOEJ3hunyhrhkSSVD0TkBqEpDPpI47HKLgKDIRdA5JtLETok7HaeAHJbZvHafUWCxRPqIhGEaRaPS6MiWb18VMDO7ELAYa/eI0vG4lq7ksDIzbjPSAXjvo/Zz8Fv/66KHW0Ii5YwuMYKZgRcQRsRLFyhCrn530dLNLlKMBGZW4P8fqCTlcqEutdKHhLub5ETKqz888n6eIL39NTINYnLI10p3NUxUfokcrNVVyjZ24lqKJhTjRbcK02SJiOCo3L90lDotlilHJhezbrNVXR+sDM/KOHB4k46MESYMPM+1dWmweEr3uHCSTOfIuau4ANwvCHfkAABAASURBVGSgHLkyvo6QvAnzmqr8nB6uTxaIPrfqVZrBKtae6se/mmLx3ZfJvqHY2Xjzj/8yXq/+hV/tfuaHyMLBu/OyAZ3UcysLhaMP8QcMx5KxPJe0ePwj5/qgxaUn1tT7pLwPQ0Pdh8dWvHdsPMlAj/zyUMHM+rnMhZyUrPpQXbLqG1aXE6nsQmsjL970bN8nh+vC8kaVVq/LEUrmKapJVpKl5rn1v/OclmOX7qlTgPmR6792qkJrvzsonSOEGu69jhtih8+MzasncVuKaL2mfMCspmBWs2vItJWOaTk8xqbLj8pYtYVUHUolxAS5WuQ8kHFm2rSm03OUUnuwltAqyj4LJaW60tLfOc0wP1iNZ7HazNKkoq4UrUcwS/dImJZ1i+8KcyiqkHpWeMglqNPhaDIac7Htcqd39szZpVbbnxZsnLLhZHRjfby9V0zSbpKA+J/rWuPQC33hvz3jepOQK3g8Mh6PB8M+4D8iP+61eyu95RWeTIdr6bnqIB2l091x2p/MBuNZwbIoyltx3muRbkQaAQk9LoaeTGZbW+vTCRfkEq76iRtRs90IkxiU0QhLF4p1IwkUNrOxo1FWy8XAYRxE8A9ctMSNOBBnF9Gpu9wb4QZJjpbC6gdkopln5BKWjBH3MsrnqdVvBZG2XGW7K78n2BEGT8D1ytPJdDqZcO0ywhTAkUwcJw2u8Glw/Re6Z6FUmcQQI5eV1adYUyxtoQuJqi1y8kHKT5wnhngiqEKBKArtFkda8hC4BLQFQtBSiIBqaGGpTkRlxOrEoeZXBE8VQM9Aqa9gypSILjnaltC3xPVsgv6qsNvQ8gUpcpkC6iY8XwJNAjTJEqKHFIEyobrAcmaJlCARAQAT0CxpRUPaOMlzZoEvdJVt3Iz2oaOL7YMJcKMTVGAdZS8ZlKPypDE4r0jzVJjNkFnnCDGhymuQzMVqXEmCmVb9EMfAida0ilgFKls8ON6LKAoaJxGXp4d4dBns4kMPA5alcMA0pV6A53KoEPQso/3p8EcaYuIHaJqfz5SAumZpTFIiFU+MKiaSJRplItwr5Wo+MjVSc9VftsTeCB/ENkzAo0TvB742bONh7/teadxKfTIxRAK1IQgmQ80pL8lkMgKnHpMp4IE0NVYCGqWNtfeDCj3DSFHPoNW0cG2QqR6JeV4s/WPgRo6elBoR1q94bHueZdLyNjmWsECbLMg1MRsUJa1h6PrQB9hRLhygwQvNxlDFAyp+Sq6EFI9o+0TuigtElTHU4SE/xacB2lgSM44rg+GwfzqZpbOMXzOmDnCyQun5BMSDCucZEDyVozqkrrRhbnnr0UhBuVYqDpBLj8Es5qSKMwp5hmDdqQhRwrmbCGkoyCWFpw3DgKFURreKHqDCsAPXADWaDa47H48nMV/aOcMk6AIYd9L2jtQvFIKAQQbUVKDLM4C8kBMM4KxGmF6Iwmh1bXVnZ2drY3t7a7vZbPLyCkylpA2aMlO0JKBYScGDZZzEj2aTS1fOT6bpzbdury6fWTl7ni+Yj16++P2f+Njsi1/dGKVp4EFvj4dxK6Dgr4hJ6zCapbcoLN5KtpspH03CjJ0A5pZbhf0HneW7LyBzTOUBaGSZwLMMCYtJlt+fpc3JJAySZDL1hS+TkIDNskAs6UXEUhEEKldOdioRbvJ/zh3zFZi/ysAsUhH5AAvjKvzMy7PAZxmbeWRGihmgVwjz+UdBDtxboLh9XhaAmAi4fU5g5caRJb3xISnxQyAdiMQn6hyCwNdptywMcSd8XE5HIyhJo4H2FdGDDxVzjCLUpUBSjuxmPpsybzjiHCT/FzeBjXDVLLKuSmEi+ULyjgSLqmomi7xdU083mqQ6BNBnfHFB3EnSbgJGaZYJftfsuERTFoj8ZjA4mLAIiob71DKGW2NIj+bKrQagnGcpiQAobVeXKQMzi6+8DlIb2Tm08lXk00kRxGGUNMCVW8rHH984hySAZYaPxs5ab2lndfvO/Z37m5u378btDmcwz1y6uru+tXPv7mvfeeGJ9kfjbgtM5TAe3UMLjPayIkYmEaZhIDv+kC9CF68+9MbLL+1sbvZWVrMUXvGFTxTwHaaf/4GG7x/kfhJ5I74BSfwW7Vx93yP89sbrr23fu4cbv9Uzp7mwo0AXUYTk4F9JmxMzBEwGiW/bJ1fx43bLwZ30oHypKVUdo0yNhx2doYFgqN0MCnCUk1iFC5CUVMr7iEF1WJNcQ0ZUupLfrMGUUMfYibS+IONIoSEzRSLmW2nyhFiOdQz/o1rAAUqrglLLBYWumWo0Sku7ApPFAr1SjeM+UcUxAPTKJwZVUJ8fdQ/ql/IipOxTqCYcvHcqyUjtN0aNqg2KMDkNHJMkrGSzw+FNnb6sZGV9LEeGtqNhYtvdrFrDNa2h8V7MBUqodCipUf8s0st2WQ8VFCinBiRiJVdOWurxGXFMmOh5SKwbYhZZ6qRVV1yDFpM5uByTArhQKwFWdbIzp6etXIwvczIHN+TcVYt6pLZ+oA/N9zocPSF7nNW80gSm9Er1Qv1H1JwVoKQClXPBJlWSJj2oHULOMq8pVX/WT7FyXDOvRQy6WE/PmZNaeeASAXNrJrl+Zye1D7GuyXEfwmC1EamMazNXzcI5B7lFSDi4R/YNXO8xffEreD27+bPkMMHr312ItB02LATiWDhndsjnhw4n0gYnFw5zOFB9stggnxdh/+eLL5HvwXBYIk9rL3Vg5i8lZcowP7r1xObQD2h1G03F5qRhP2Xux+XfEwqVHSpVz63rfb4ufVXzhtYlT+rfqn6hpFIUWs6GWgk42dP6YlOT/MmEg5bmOYEemOAhA3U/t9tS3WtpNzF6A7sh7SvjN4UQdUSKmvHBKtHkhcpRyTgJ0elQ00lyjbbBKG7nE6tizmihdeVevL2sxq2yRhl4Qi9s9XmpEKIGcP5eyICF+AtU0qAGAjMOaZZP02yaRiRYWVo+vbyy1Oh6k3yy2R9sbI939sabe2SWhp7XDCMu9uUaAC7OZQLhAZpdMKCQcxXxeDYapZPlM6sRV7x0251OKwJb9R6b5OloOhkMpyOugJhNWJEmYd6KSK/Fes2iGRQhzdN0stMfjwaz6ZQLFeNmEsVxGHOVUOyBhRJxNEtSI4a7jUKaamTqyDVYQxFQlThpcIUPWCAAbbWPu59CbSUsMaLsgyrhwmbcr3+UNLjc4NgdVMECUKXNK8UfAtxkCj7nudSba6aSRsILyoVFcLhaGDcRpczkzlMIRRScoqRq89TZVI9UBBFUHmA7IU7IppkGRkCVayfhEyS3dflabB6KwYA2ITQux4ab0MWYFWrxwTb5oMZ4Lgp7JaxAgzMQGFHaGlHlh0WCEqQxIAl3QEgTfCuRBuApJhD6ArSzIdPEDJUhE/SNQrQVE2GRiKvRMFltc0VVlmmqQFUghNi/5gLxDHWgEwo2s3OJ1cAuAIMhsjuIFIB7uO2zRXjU2vHIAkn7ChiBVTsApxGl0pBJEERUOpEHSycIJFKUW0AxigIrpwFAdj+DZwlhhQV007lsfMwHB4yv4Sbil4K4XYJsbLM6dpCgGSRxqEsSLZJpBzrSTpQcJKpUDAdnrkynoEcvKs5C807nmlZf2FahomDYOGgFp7Ql0+6NVMcaUQaTxSgmozFac5FwE3uIYxuVkSUlaqPlyvDjkogTDofdVLwDoQaB51AYRVjJuynYiBMcmnJqsmNgBuupa1mWgJnZcQtKlR7ZfGHLYuQ8AC1rIRF2FMXz/C7N0smU61rBdtEMDC7x/zj3AVhNxVXpqlGb07E4acU4o5y/ug0gtu8P/S6wXkvEsjZY4guFNItjXuYsl0aV0OwQ/4cmlGSbIdyCWHyhxYrZReFJc2rYarfGw/FsxrmhUShCbhlisouk3GgAwAatnsHh9TynFjTy2IN29sFruLS0dO78uf52f/3+eqvVOnvuDCGWoJXa/DLzhW4GxiMYtUp5NzcSP03jpW4n8Jsvfee1D8atzmqvFXmf+MiH7m3t/tvnvk5Am1rMxiM/jPzYg9PX0h2G6vmK0hGJfl6guZNCGL8Si6eaz3b3a5RAdUCcbNC5seOI9h4LYvEnxby31NAFmB+eH+WcqQ1IHrG9fHB3Mml5rMHV3l7QCNM0yWPfB99UsLz6URSC1a+sEN55BJdDpKSaKucCAkUOo4CvohHAmOBMfxEGjMR+DigCwG/h0smQIhFjMR+5NOSgaQ4sN4wvT6EWZIcBEESgX1luYKQiATCoSAViGiw1iYL6PA4lvnSMRRFeplqjEIyIcBGlfBmCGFa4WeH7E88Hp6GeJl7KYhkh5O0e0pVQ3kaWFDcnP+ko0aaX1BaWdzWA0Lyk2Wz1lngzTtMhwJklBJJgByNWEaiHMEhHsPGJ/udsAISNPliueHdPJ1MkyOCdR1XU6H3h4+LARZhSpZ2WHDTu4tB7FPDks8k4nbX44JlNpl6WR0DjArC9EwVkViydWpkOJ+PB8K1XXu2unWp2O0m7u3zu7HB34+brL69eOns+eYRPFLGR8oWPVh+5ZL2TIcCSijVE7E4Fyj/p9Hp729tbG+tLy8tJ0iTWzo2YwUarsoOTDu8A9X4vBNkRah9Lld3FIImXz57i92ESv/Xaaxs3b3Lhwmw6OXf5UhBFsHFypFcVidTiTV3aejiCq+MLlNQqNrXwpUacgVo5Zj5GIIDGdFCq1JNUxZFWj5UGTzm30WIDUw4q02cSiqYQj8r3jmKOJKCA6T0FJTXgEr2xl6pvamnz8IJJntbIpJhBv6h1QMtQTE7ihxmXPQvgTmTyTqNT90WpV1ipp4hWDdNy/DkGCkyzzvnyQQKzNgzMqkaJ7aK1n+0XR8Zgxv8LqbWFYA0fDWeZWwwnl5oy1FjdqEQk1ZTULVvw29LDapx6JXMljtmwlfYK7k7VbiU9HcWX7AjGTkzXVDpDTxlqK8yJfujWiGnCUONkh5A542lOlPpo8z88INSP2qMl5AyyuVNvgTm5T5TKq/ID2Zus5kOyb850PsjEleKWZlt5nlJ7V2sesjraULKfVDfr55e8rpXKKag49eODOgUmhgiVEFo4C9T0sxZMK6ED5rqTjzvorLlizyNZCmrPDD8fkxMLXjYhRw0HjegTDqz0t/blgV+Td7weDx7osdbBZWjYYROnJ9SgCyd6WIHzA68DD5RAZZFmNTf1NWK1T1w2kVV+a1/tk6b7mu0Th825PiDM4YLoQZ/QfWNRUn5NzafyjpZiluErxIqrBORkoUDnloZWnsyLeVA4MvuzWLKs0gylCNWHtMINkQo/WF4giWtYhBmdhGl1pmNS66QmbiNRa0Kt7qVSF0EodauAKRtkieR5rTRlJajuBDUAqN3/tDSUjhKYSsZhrNT+TQR1ktgxLqoiMilzY0Rr4uE3B20QhFnKVUEsKxpRcm7l1OmllbDw8v5kuN3fu7u+u7416Q+bYQwIiTAEiwZc9OGj7AJMXnOZ7hTsd0zAf3lIkpXNxz9DAAAQAElEQVRWvNxudLgGo8WFJHAcMcumO6Mx/8fjMDblOog4YO2ELDX9pSZphFxkyIUm4/5gsL3NZSZJu9VoN6MkQSsSWAfVT6iG0A0Mj4R4GOzBh6EfJTGXWjdazTiJ+edo8UJYIsFtO8QX9g88fGi6kugIslNZzSEw4a3eHrdCIUUosY6gUFEkH93owLHpMW+bCa8fqudF2QBPE4RcRMQV2KE0kyGFmZLSinNKNmnU2msiSTfz1Khk9ojQsZXQ49gXWGN9RKNhcEQJiAnDimvRJVoWETp7gUTw5MyyYRO1ck5mhdIrpzSouGN6aDMFxDGFxA+lxyK1V9FZ295tbB8r+G0Yx762zcI7C23R8Ep56Iid2uphSCQvjCENhQMTWBa0mcK08xRTa6YXKGq0HgIcozEKWFVf+O4hxoi4af8cTekIYBOAGHJtY4YUhWpASQ1EhraQGYmjLIqEOig8jKQzsjG1SRcB3QG78nzCJUkYxsKuM5SQD2xeevC0JWar6hQUBhjQibaIA7geToSmaO2jEBMU8SvS6RI2vgagiMx9okzUCCpNHWkF1gPxPxbySeKBxNFQ2TjEGaU6YGXRdQ666RJQH7C77wW+xC1RS1pJ5FSjaoLaKxOUlynLO6h04Frt6Ux0k/SmQ9SOUYuaqdKP68FtzwsqjxHVsFlyObPmFDssm3tgsGalDu9KxQFVRFWX1inmfizq2xvs9tSgNBw2hFh0QQe60JmfIxTE/JVZas8bnsOUSpsUzKyeYK0EoF1ETGo+SAUGLk351BYesgTWJAMbPbksPJqzUCwS1rKQLBoti2CpVv6p6MR0Z70/msBBhIj4HmqXRXX4VUQjXodZOguylM/FdMYJ0TQcj4UZskBB85CpM1kyK00muAksHBKpdqfD53V/r9/vDxDYYdoUYptyG8AEmMMSa0mW52nKFxpyYtOJGrgibbfap9bWhheH9+7eu3P7TpvfdzvMqqzLg1NcXWGAckrO0jhuxrOgu9QpimmR9a+9/t1HwofjpH3+1NrHPvTMGzfuvnz9Jk3gLWeAElgkgH9E2yV2YRyjVRSJrafXVTERPKSFgipq0CV5zwXNM5H3fMAuK0NPwLgEERYkxJSkhSe6VwynENj7vRSw7K085RNv4vuzJEmpWGCJsGQWgvG/opgUOFULmjPphBLZFByVuGDzZCfZjIH9NpoAMj0ALzkETGHkPMIsYykD9BL11VpcCDgdxblWoJMRORdw4Bk+wBOw2ZwxuTZLBogKF2AUIAkFEy4AoXg8cpjOgGII9LjiRnNhYgPYFoDBMATkAWSfk0IyHgsXXpBelDQo8naKOzPtaSQN9B1crJi2Wk8M63/yucq/mg4D5g1pse91l5emw1E2mkh7gXpwULNpFJ0o+pQ3P2dJEbyEw4DqXiVSX8gI9Iu4DyI+AAKmNmFaSb2QaRDdUVQQukKqhZF15uVMZ+PpeBQ3W4XPgqLgu0AYeB7zoyArSKPb6p1a4eNq7976nWtvPf7hD3kteuGxR/u797ZvvnXnrTfXzp5Pmp3cp8LUDl9ZiR9EvtsjiNoGlAKVC9jZixf53uDezZv8NjqTENmJLmKvwji+K7m67/VghDcEZTfyQc6E167CC8LW8tIVLkeI4tdfeGFvc5NTOT4jVs+caTQb1DeePgkxeClLRHUkSsL0DybiPD+eUC6XQSowUuYGlSxG6TNttTbEtoEb1LGrIEV7SGyNptrYPxHXhCgLSLbTHCyhMnYiDSVSpZTTG2lKbRSCysiQKIQpWHSlpnVRGa4UjXK/ZzHB0vwJJqvtsZRbUxbJiABULLPhn9P6ujJuvDnoEW2KZd7Yoo6tlsrLBYdRZRzMi+dau7DvjakSpsaKTptIsCAh1J6FzF59LbSRSbCumLKPiROBLX54oFIMzJ2SumaQ1uVq06nLTg3Axb+QL4j9rq4cRkhJiGvsxHwupywxk5Lah3JQj26BwSh1H8r+sIydUKc4ml3Zp6x64tU72bF7Td/sP/zmt8ZRwoN8u1iwZ91+M5CWDCs5HWnICSunbGidmylxCQfem+eawlTKNJe2OMcQ3eA2ozU8nf7EoVQHLdO9X6IW5ZLUL1MHhTLN1VWYi+KrycImTezgApTrPi/ZygclIIq88POUnFjwihk5+VC3HWdkwcAO/c3CScvYrP7x0YPN45MHCft+TR8s9cN/XmUfa7iiA8KDtQchJyOVfZtCiQhYrNE8BCor3zD7BZsbFR/MmTqLjHdmKT6OfX7oQPd5ZrFxdP6H1P1Lzaf6Da35TD+gtPS4LJal9Z+ZvGg1+/pi00p1aruczrmuD/PXFc0hVllc9fcIQbEc1G0hO33icHvGZAwj7leqDdVX1P1LJPOJTD7FPZqMj/aZJayEyk5iAlCCbKk4hySKpKIxTJqqrEvjg9Ka7qIuHmFOi1FaelOJxhTrUB6KZZ5HPsP/KypJ87BQml8waoLHRxmaFphNpmCal5AkaTSixqml5eW4HWZksr23futuf2Mr6084IwZ2Q5rNENSvIVcicckZl+KFBOwqsCk45iHphCftJUG81IxbSaPVajYazSie9EfT/mjcH+djnhlY9c2jMG/EtJ14Sy3ailgU8u9no/Hu+hYXiPG6RXGz2W4nLZ5dKOqDVu/RMboQFYA+G1TqQqIopNnC8DrXUCsnNVxTHIHhbg8+owK8gapu1PYU0nA7KZFRpQDC3RhFVAqV52xZqa+sbZS1CdfeVbjQfDQaA8xmgpYnuK4kTqJur8dbEr2NUOGXRNnZYdhReoAXyiB3SejH9GRQFuhdKSizC/jgqo1SCghkwRoSaS5aKh3Qf4vJG4suEAOUmidladj8QA+weqJ5XhkZDZog+gUVpWhUhVDqJMUMRIShDx0BkVFOcAqDeEC3MYB88Ln8Gb2oiPILjZjYoiB2IZdWXaRxFLQyIvPQ+BLIXx6mxaOwTLeeoz2V7UZVgEfKww4GfSyWKTs6oNDNMkSeyfEm2gaHkCepAbX5LyqM3jPjK4rN55bkV6JdPDT6AoeNPQSdxGCRKEoEBoV4WudCSxwf10YTx/ESFDtTrjfgD+huPO23CA2oBMzyU491huPH4q7kEEe3JMKNwJSTwNQxZbcGHRvpkaCcSJjxZt8KiFGYNJuBsOWPvS+sm6AnLSUR8hwTEEyfSCTK1Aq/yCSeCbuG/4IpBYE4IabQzjBgVsB0dcFksu66IfS2lBR1eyerynaP6rfl+Atza6VvT1Q98WCkDEd+UfviWHjTBwyl5Zu4N3ObtVamcyxBgiyY5hnFA7Ti78kImh2WDr3A15ZgpuREB1CrwFzmsxkQyWwG5BExNHraeha/aeHG+GRj0mccU3529glCq0itJUOlFJj10PxQiwTAAuwV4A4sjmM4NC7snUzAw04S5TmC3QiehnfIkPhf8/OSxAF95GVpNpvpdDYZjSeTSb8/iAGUF3IS4LliYdOA1MHicVrOOSNCnPN9hFg5W720QCg3H1M+2/hVGPrdTufihQsb6xtbm5s7O2tcawVmHly+H/XyWFPp2IsW4Nwhy+LQv3rl4vMbL/lBsbm1vbw5OnV+iaXpEw9d+onPfN/mP/pn/XzKy5COBqkXejHxI+DWCEU9PwCVZG6o0VaSZlyfNG9ECDqNEKYO5NQg4B4FEtrHKozmEhzejSwQaigOpQdTi33T1pLxd12Q0vdKgzkXlhqF6G7xrHjIHgp8uxx0nlj4C4EJo5TPpmZrPCH3R4NgMsuDCaF+EkYxfwPMhA9/BQMAmBIG5pU4lyFdFRYEuSJSyFU2ELcR0J4MnNbAwgwjIQsTPqW5DrYAnEdKMgFrLVIBkQeukGDnIguLdn84saICu+4VCs+kPDLisioYXrHcewp9AhBUyFzwFkDpgGH0gzjW0hCYZUHAqQqRbBgTiBWxY+B8WsromHLSE4ABQD8UfrjcZmcWSTQ7Q82NEcIIWXAwLxKLqs1k3TuqSsYkb7kPg/6ArADTCGhNhJgn1wJh3kPwW17caHZWljO+ydobzKaAY0T0vqoJInOx4T2xb/SFg1XemZ6wLYVqKYrcubaUBR57plzS7YWxp2m0MHUlFi+9VKu6VgqvXjNGHXUlw/UhF8DM2Xg0HQ+I12TgeS2gnJ/mYz0Hj28soK1edzIZT8fDrVtv7V262Frpxc3W8tkLo73d7bfubF/eaPdOeZHvFR6Pzdlnkgt7jBZ0WqDcCwG0hxHH51Sj2T1z4eJ3v/OdW29e43t0vtlnln0/URXN+8l5btXN7mjqfHXUQC0LVXZSJ8pHvs2hdgU/8BM7ttjiEIW4E0lRyqUpnF/hooQoDDirde3ll/sbm7fEwaK18+f4sAXTqZoT8nQLC8yUdzxo5YpI5NCBuqrM6nNWFnZZsDf1BVPxmeQArQaklg5OcWgqN+a8Vcpngy8h1q9USuN/rGrsRI9lG56iGBlFAighRneuVktqW2Bg0n8EFpdRu4ry0vpLbBJEmUafVKZqGXfitndd/EPEczuO1PvdMAzyfsCUainLYZ/VrjJUlPR3ngDbghq4e4RysmQ+T+Q8tI7u0LryVV+ZxU0eIiEEbdfMS+Tg2WagVYedmLW1M5cqXepGsqogLqiaUfXGTtTUpKbtS8osAygpl8xpde2jRds0IRbeTE80ubiYGc9KKEon7UqrsYrno3JBqh9Vm75+/C0W2FE/PHKgDmfDbOhD6ZV94c5bqnqhLmlFILD3mEsnLA9e7gfmvsR2Unc1q4hEavtjn/7DZyVjJ6WIkuiT/VMhdi2QW8aqyMg2xWfkAMpLK2TKLlj5k/pQO8qtmWwea4KkmUALoGUn8vaPz9pQN9pOLKODnhzu/RGyPOgle1ua4r0c6NsyXN6b/bDQlF4IpMVqblztAjO/zInkvDKZLtKgx9zo5a0brT6mcz8pX1D3G1pJl1p3tJxNJZ9KRLtwlSx1HrUJ1VVpQdJ+4itAXQZHWXlq01GsiE7WaT/TgxjPaGkVny0RJ7pLGZFWNYnSn2B8da3yMxZQqMuPSFsmTGbnDgkpAcD7at+SSiXnPS+H6mvm2gWsDg+Ubegmk3v2wtFh4Zl60Afl8CKdZXmaczlsu9le7iwtNdtNLyLjdPfe1s7t+5OdvjfLIuoFURg2ksIjqQeuOcBWcQHWjEEbnOaz8Thl2bRIWeg1WnFrqdPudLg8MCERGRXp3nQ2mI32xqBV4eKRmEvT4qDVYK2IJWEKKWXj8WSwtTPu97lspM1L0WnHzYRnSoW1YyLlDD5onhieGBMWNfJCHCmEc7NxnPgBWFxIuJ4oicAoPuq98sIS8jNlmsBqOc3VacbaIo0oNcDxZzE1cixaaHuP10KbUkC9cn93VxicyMIobHU6jWYSQ8FAjQ3GElB0DRLMAocgI8rnuKIgTJ9OsgixypoqRZKzeNqcOHGNQLP6E2u0TKJr1xJWumZSqa+QG3KRYBoU4RO/kOgIaHIPxeMKIuOkpsaqIF+5JAAAEABJREFUYZ9Limy7sjiUETyhB7bW1hEiwQBYfXHta/QGU35YJNBEeFdBLEIm7bLAh0EYgFUNrgXgf0CHAC4YEH2CDSbQLcT4ZWFoLxuhH1khrWhINz1MefYRQbpbcapXuZVIHc/HU5H2S09t5ZTJDPiDWBNlJiSXwi/UC6DMSzYUk2SqUO2MGwh1SWSFSDlQGZ+Ly0HnEoCqhYs0gwhBORQNwPghkkcq+1qbeMF+F5mj+QOEyCAcpIC5Al5mqDSEA55rPIT7COMyQhGgBOO6X0XlsYJUF5pq0b5ApRQC+iM6V8xK/iRXHI+sJVXbKFagPoMJF0oILcJqQZBKZ7C37ishhhyy6vCDkRKhPle0jC9cjoEvEaHLTtHSgxhyme1zihDtzMj82ksFI46igypkG1HLmAamyF2lveW20AzkmMK8pI6cxf7glWqybM5pY1YStuGktuxUKxJxdDapUhirqRfYf+rcyz1U6iZmMSvmaym+MPeLFJjUFlj/enIE6+yoHNnUsFUyZ+qMSutoEUOiLCYjchfgsI/P8RS86U0mLM8Iqm2ZsC5CiVpBFONCdZEUDVFrBlXoYaKZHH2CVLJ3niyzXDqpPQoC42PJ0prK3BiuUoRTtDiK0zRFQ0achM+EvRPOhTQE6S+EVxi7FT1kw6RJA0uXoEhgq9GYNhrgYWc83hsMlpa6kR9Qy+o6kSAOWfvcmti8AJxO+J4BndhTghFLsnbgIDD0ynSw1LXiTcGSKFpe7p07d+b27dsbG+udLmfDegCRkRZZhK8QJipLxGhAVIEgnPwfLJSh/+j7rkxms3vrozfeuJPm4ZlLZ8OIfOzJRze+/+O/+4df2xpzNW4xzP2o7Sck5I3MtftggYIzcFBAQBgQtPqAwEwG5gkK5LNYIWkkONzxJLiu0PplXqgc1x7rWK7sdLHkChrgOa62KiSmpuWqdOcA3eEc9p5aTKh+v8BxNGXNbN9gcT9zwyKEQvS0b2pMay9q7DdXisgHSoYVZExq5lTb874IAbIeNXf5Kjgbs1lK2CjxvCYf60VGaAJO+gIvbiQ88nQyheP7MDi8QnAJPg0E3l11q7B+w6eVGI/MF/pUSkOAm9AiB2X8jI9eSmZ86zPlnBIY5/EEzI3KucMUowQBvZMUaDoPRpOwicSQQZCcuif4BFEZZFkIyQQghm8BZuMJj5rkeRDHFG008sLAFJkVwkej3DB60rgc+NhLs+loxJkNRK96YEnSIwZTjKBUZKBxO4tJMKtvF1rL6iJ5B0WkNc+YxasfeRXdbyqp/axe5pDASqiPsCsJ8CAmIJB+d7lH0nRLsOAEGU1JpGQZCRiawU9gnEirNr6yZECQt5OYFpwqCoueBwKBzqQ3S0l4FTNtbV0sGYVmTQrp0AeXA+kpSjKuYq3M0tl01AcDJT7JWZZTGMB8kHNiSgKadJrdrDebTgY7m3duXLvafqrw2NmLl3fvrW9cv3nrzbeWz11srnY5r0zEAQzcCYRi84ADjApfrZwTDsS449UZDUed7tKlRx699sort65fj8D/bJzjyFQrilwYZL2cTvb0unkcAadcFXdC6QOMqn3DIikfI5f8IMHRonlUHecXr9Rr2NRwatiILzx6ld+++eJ3Blvb965d9+Nw+fQpvnWBAzeSi4OF26MqkWLeocUjFdW6Puaeo7ZhEsKqgAQpoNGwAsU6C2bVsvjLkGuUA40pKyHS2AlR+jQEjUjYiqSzouGUoVyNKbHYYuPIwxLaKM26YZtFfIkJ0Yp7xfEaTpcRasqHhdQxdcEIUSXA2arZYr1FKLWjSo1WuRDZjtTej9CSVtfEI7KBrQISN0uNnSF1hVCXD4A7kSWw2GFHNFo/tMtrVeW+5gS/eap7mJGSRxhmMNJyb2bDEnCqGjRJ6dVi80VvZkym8z+sizsvzgFJ7PtY7Qj3Of1s8byWiR43lh49eiSpFtISKz25iYSMEEXIVTTq4gN01rrzjJEKfMhcH4F6grLygicLycqbL1Luv4OG1/yHi4TFx8rJfG8HZ27SEniRlvkid/hRqxdKaRIzBmiJnhFSS9NIKWX9q0J9n9i/xJrZ9d/YXzN6TE3oDnireyzKUDLFREzZLDsoDmlgGh1EK61VO0sPrrqeTaULe75gRrkfevlJ2SMpuFJKF2iBwBZ+eLKBHeHNEeOyt7F+Z97/+vKVjd6l8fIlknSPzQf0YCe7f4Pdf6tx+43ed194ZF59DjUFq2TD4VTmP2f2xKxFaL+N44nWXR4TKVok6OWYODLimmj6D7Me1EezknOTdq5Z/YcYiemHrOZTsn+f7dN/1Iowb8togAdz3lE3tdootBLfTpZan1eiV5Kl5dT1c1pOsTKIaDmN/Qp/7AOPPUCazK4YBlqOoFc/WlctZrEfdlJKOu4mR0spS4aRqPQZNSZPFOJEmzkhUvKuxHiSkaSqDm7HSj6XEpVFqZEkmEF/RVVJKK3paav8+/Qpq6Ew1rPq9Jc+Z4S4Ek4ZMnGOywhNQVRXoNiekXSaopoz8qNmmKy1e92w2WbJdGuwt765d3ezf39rKW6EUTODE4NgZxrEWh7NhYqBy3OzWTbhcuMJeI/JQ5AWL59a6a4ug8OYIORS52xvtnV/czSYAC7ET/LYm0XEaybhUoc24wnJco9MJlzgOtzZ3JiMRs12p7e62l7q4k6DCc29qp0nECcUhbEFWpvlwukgjJIGzzBpJmBqIQ65wlpYX0C7KAUqIgiRyAWxOHvu0NHzTp1sZMRW9EgOkHrYnfrwo9X+Hti85f+lXMuWjkej6XjML/grrpjvLi01W81GsxHFkXRHIuV7IgvjrlwabtC6VOZu0VxRGHNppjVO1KBS8Zl+4k4fvXnzRK3L9FxnynTjSbE8E1J33IV5QtBr2grtnTPpYcD3XC0PynrdjCw1oClYOYpIEu18AGet0CFElc1qH9Ae4vltHPRGeoJwEzR0gcAg3keskDZOECjANYxBEMRJ4gfS5xHiP+wyCfscAtTBJMZI2e2Qtk4kykKbMCmYtU+WQm0t4y3JWjXiBIP91rQGmjYphMJCgjYA5pLNUogpEGWqaakazJIwoUTLGi/itKgY1bnQHup+x6wUrRanPYUoG13nwL8I0Bi8tXWpVR8rcZ1GigDKpECrMlC8XBr84B0gy0Z9AfTxwziKopirIyEVZW8G0hSUqhDSQBte5A4TKY/jH6aA7UgRB0RlixVC+AOjUgM7sJ9A20DRTDIWxRc+fXw0soJWW5C2K/AhU4MLZ4HhBVghfWvI8ca1ZuPJZDxGa1JFbgabU3ibGhlFi6PCJvrgLzMfscKqPJW6f3uSM2XZxqTjttsDCdglfXRSWyTB0sg/8JNSBEcYWksha8w+2eelWXVrbXtUWLAYc2NZN9XVfd52WI9JkwyTujYli7PZzgcJhWoLPXoQm+iZ0skBL4e3POBPCtXaVK9bBBcSMbixzDwuIKtmAl/FGYOUL4oZQ1dWBbpE8VR34IySTUBV24knuEbLSGIYW65X4Kkn12WAopqyCF2bYHp8YxcqIFZFiTpuSlBeomqNnnS4Bg7NnIDvqwwsF0QJqOUM5NAN83YkgnRyxXmj1WmPp9PBaDgcDIAvarZ82XbOwoc3CG2hwnkM+N+aTn1WBMrOCj3A6tdBQZeUOYXXE5iT3tOnTu3u7W5tbC0t9xqNZpLAMX8mYX2S8qkGVInxhTMQ3GWedbvNM2fXBuP7d9f3Xn755agRcq6Ss3mf/OhHN3b6f/iNl30C6GSAD6SzyAuZAh9BQoVSQTCNpaVEr77GF10BrlvUksaY1uDUsHQqSE975D+EBcJhSYzkFKrP9F4OfgolLlUUxPNS3x963k7OkiJdCmZL4ynqoWLmC7+YIXhv4g+msHbyNTkHnG9um5IUqz1BrEYShvx3mmU++NPyErld8QsCsHRgVacpLcAaYwYW+XK5l4PV3xdbIx9cVrACjBQJVSMayGPI+wvLioXRhTE5WMUwBMbR94XjnCKdzpAhTPiGqNnwpJU2QsNomo2ROWB5gaceOT+FwzqdzCgZiGKQuNUMacKLgxy2vXzrNczeSNetMm9fcHiUYw5U7Xe10s5+bhXAg0brLvd4t06HI0SDq9IIK1YUYYmFgI74eTbjWzUmt8e4sEnGyZFYgS9MzrHlfCgis8UE80k9c9rgQHpsUXmp/6KC1EHynOfO8tlkEk2nQRzhNhWKnjGfFsCBen6j3emspqO9wfrNW0trp05dPJuT6OLDj/bXdzZv3bl9/dojvaf4pndGPT/09d7GR+EHrNJUAgMBPujjgsijXbh8eTQY3Ll+fb3bvfzww/CJQBMWYl6IYe1ZrU11mxdKsnFC4QRG0TsZSqz2g9QOyWdFlSQ2rr6ftJpXHn80biSvvvjCYHv31suvj3f6py5c6PSWwigk2g2nZcSDsBPpR7YgPRJ1WWkmV5bal5ba7Thoce7L96hSCDOJ6WAaKsIUa2THcSiywUAbIIBjusSKpL9Vz+XNeAIm7vYGw9v3Nq7fuLuxuSskJAZrIhkgorpEHrsnlq7bzhbNKRF5vINq7hMpApNOYWVShrsy4BOi+X7F+lJ6+sK5xz7w+JX3Pby02mt32412i7zTYdQfDPf62xtb1195/ZVvfPvejZvE1hm7QbH26p7Vvz9CKA0/uUIzuWievXTh0WeeeuiJx5ZWV1rddrPTJu90mA6Gk/5wuL29/uq1299+ee/OPbWxoXrHWgrM0iDLBbKiU7baYe4mtNJW9i21E19aGp45219dHTcbeRQXUUze8ZCllPN6s2kwHnYHu73ZpE1KZhmIu6VUY0BXjLmHOCVDRw/CndjpuKHcXzz91WXv4sXwwnnSannNBo0imzRYEQ1cwDW1xNzkKanEKQijVvHdOEb4YeKPx2Q4zDe32PWb9M5dluXEnW8Lzr1qNIvbL0czssG6+FTTObWX2A2b63FvO+lOgjilYeoH5J0OYZ5FRR5n09XJ4PS438smZqiZwOxq6ae1TVpqrlIcm7dU1JKVBFs2gg0v7oYrbzYu3U0ujGg7C5oZBayGXDbwx5xs0/t6hiIeKpRDqHdRi5F+C8uUwE/bz500/2r2P76f3iEnE4og0dnp6pPjC3tevh6yjYDv0MiMsvTYcBRHD2FOuHwkyclK6q9OSZt55NjC0bm/xsr2s3/um8uXsDDH3EztXtDukYc/yDfoGxkcxPirBbtMHiBw2eNwMOIs3O3bG7//hW/dubtVOw33aYlqKx0L1/zw5bMfe/rRZ564cnq1t9xtdTtN8k6Hvf5oZ290b2P3hVdufOWb333zrQ33fZnWsQMnI6u9Z6UH87+Ub1qt5kefefzqlQuPXLl49dL5GJ1fvCvDdJpeu3HrjbduvHHtxtdfeGkwGBkOw5HVaJ2svnFjWaGcgANMoPp/Z0/i5sX/nxXhqIimLM5ZwGgojn16KKNWv8r9BBoJQK8K2qGDvJbW+2nl19ag+1gAABAASURBVIoj0zEpE6IO/Qthr0qf5imcMcsm4Xg77K+H0z6pW1AVM1PTMk6M2if0gDiqI8QyKqXhhGt/L129vHb69NqZU6un1rj4Hb80u0v7uvrEupbNz6xf9+2BKcxNWaTGNb/rO3t3N3fu7exdu7s+TdMaVOx8mQNVDUFr+X6nsUTmpd0Cs5PBDbsSV6IxhLzgehQCvHrKJV1cD5SLEiZx49TKylq7lxR+tjfa7a/v3t/ob+xko0kizIYgb+Pz/3O+fxba2VwI49J0Mpnk0wnnSMLIb7ab8VK32etwfS2cQ8vYrD8ZbO+NhiMu9Z0ROMLIIp92Eq+VZJGX0WySzbg2djQa7e1s8fQ6KyvLa2tJo4HVEPooqRYWO/BMWyhAhkfgS4I4aYLdenCmE8CTEPURmYIlKE5ct5zTXvYMVe/qlKBMGjtR+ntpCJ+L7wqhoJryvwwAAOmE65hHYy4FajSbIA1oNpMGaKyUAq/+SKrdm3bmDyinWiSUK1vR7zK1AkirFcr7DLqYESc9DVLCViTTkiZIJXlAAWoCtXrHPKz9UGsGpbRBQpdMyQslmNVGQbDMvI/42ONSO7BDI2xU8JoViC4gUt/HhAV2RHhgImBLRyUuDqcXTGnHTN/ZbWChSqRSwVJleoo4C+wO1RsP1GIgqyi90KBvGkDMCNsqaHu+MnTLg7n+aDVTxpyczpdncZkwJi/bQ1n+iAToBBoK7Z3rzxTYAvEP0hoNV/EwOKQszI2gcw20MQPNLjSqwqxMiHZNYDx5VPeUo2nVuy7GtFpBzmGhpQWkF7jwkC5smPIcJGWFtuSOEKlQwmTRNomsFOBqfPAcJPwoUeKgamRBKkHDUkQWqVBd85JMhqNc+A/CrHHu1A7dfWai04+s+n6/pBaYX5hqeeRU4xwXLbLTKXfKvuHgaKxOJcLc6wWO0b0NgSnOQ1EPt7sLc/yeHFvLu6tPDXtiHSyiaA4A2kvhtAy4SiWgCGwu/EQI22mg0JtNZ5Mp/yNgeIWwSWHJWJRpcqLoKtGvlF0HQQWpK2o3hbRKLM//W40JMZGGeDTAKRyYEnvUZgxktpIGAP3lnESClpHASFI+BaHmOIoiJAqE2J/IG4do6jN04iFPMEmSdrvFaTNndAb9AWdVhEMQT7MSdpWEJzjscqAUs5SE4hEwvijcsXYg7AHOKoOi1tM1kd3By95stc6cOnXrzt3+zt5epxMEy5i1ajPVxCK+D2xejvuKMAxmWe75wenTq5vbfPs6mc7Sa2+8eeXhh7rdbtxoff+zz97d3M1vbY5ZwFmkKIgBBugFiKoSFQE1MJU2TRBk5Isr3PZ4AnmCJiYKgStm1Fc9oRQ0lJZYYULIyfJPi4Z3nuCcTLAno+2yihrDgHryGV4SoABeEUSccd4rWMxYe5J2R1nAZyzN/CAThnM8yvmMIgJoal6g6TBC9O5a/xEYNpsqZOC6JATPT35OvTwEuie4NhivfGnGVRhOJHiAWWM4r2jBxxkycDynHO2ZiNwACgaGMQSeWloIQMInmTzk2ADNzxB8lc2m/MMRn+dRI0EGmfC6hWHOeU6F3RPMAnhTEfZgWDpLqTfhLIigWZz7CAD6J3eEZjBb2+l32Qh/WwOSWU2JvajRLHpcnzJOp9NsBt6TmDI9h8hYQeCAqwY/ibCBneIgcBIFY0i4FMh1Snh/TKlA0yNtAeid8Liqd5DzZrb2k0pR+CKt6RGlFpciN54+3zGGSRwVTQZjlPLN5KwgQTssMhiTSysrk+Fkb3PrzvU3kjYnpY3Vc2dOXbl8941rt15//dSFc6tn1qgS5TCxeFHhAVPU2MetDoWtDt8gR9PplLPa/MmFK1cm4/H9W7dW1tY42UdLj8KmH0C7zErD9MEZapnWPNi00mHDsTI633OhdpBJFBMMSdiwdFsXn3jEi4LXvvHNvfWtdDRhGRgqa6/0xDoKQzYtci9AZAe28zFqMsqF3b8jL/c6n7x0+nQzKX2IXBFTLJo2iMFspIhl3FI3jC0HJMSCa5Q0uHLeuZpa66YR87kY9rrty+fPfN+H37++ufOlr714/cZdIiW7TBs7Mc50CLXlohIvQtVOQxEOC/Cj8jOWTQghFpiG6PPqhJhdL6T86Aee/MzP/sj5qxfJuyw0O4Dh4OTofc+8/0d/+Y/eevP6b/+jz7/+zW+XKCQ1w0Mb/6gd3ftQ1hqhKKmDENjhsWc+8Llf+KkLD10h77IQt1v839K50+efevyZn/vxres3X/j8b9976dVqHRaZVvOCNebKaexnwIGR02d3nnxys7d8/AT/AUMQsiDMkkbW7U3OXLg/GoYbdy4M+6tIFHDm6yY0mzLcLjgvZWBmptbjTqzkrO/rugnkepcuxh//iL+6RgixsCBEYUFKY9tYKKLz4xA3HSs1PVvknXqrv7QQLY2EcCnn2ip5/DFw+Xz7dvHWLXb9JpmMyb6hZkJqqkrnmySp/Uw/0u2pLu8lvde7F/vhO4+iK4XUD/i/YRhvNbqvLZP2bPzE7t0zkz45ejC8/H4edqjZcTOnwZzwWuPy15aeHUZr+rXmMJ0nckXSKynBtbKE9bTHDtPASGqhMytpvt564v2jEwOddM7OXw3KgdVczQ13/eyVJBuEC6f+doXUJ2ACNCBbcfZ6m7Rm5NFRsJaeCMO2YLj8fd/60C9vecHbUYYg6He7/6c0+7mi+CVy1MCVid1u8/SZlSefvPqJT7z/d37nq5//jS+R/XkLE5woi3yyiBD72Q+970/9/Gfe99AF8i4L3U6T/7t8Ye3jzzzyZ3/5s6++eedv/ePf/+o337SiuOufvKgGVvfGkAxW99DWzdqvPvbhp/7in/5FzlqS90KI4/DxR68+LqxO9gfD//5v/cOvfuNFeOFyCLT0V11T542SEYl79aDMksjX+m8ljPJoJ21nLEJxk1SGUeQcPP0t1TwSSufULgxFFYJ3YsKkt3oiJCxE6Agl4kTwV9LghU6HEEvBrsxjifSZH5Eg5uxv2j6Vnn7cm+zF66/Gg41qFfROaAEGmO33XvFsVRmD/uzyQw99/498piFQCPorGcfi+tQmklDridb21m9FpDTK/BJlmAQraF8TYlImVsrExrJwqXsQnF9b4f/49Xg6/dfPv/jG7ftW3qaetG7MOU1TKm1N5PqNgpSIskK2Qy7032h6AazvUjDGMZtlYNAatOydVrfbaC23OlFOZ7uD0f3tjdt3ubCCy1gDkM5xmS1ILSgTMmKxwfYKKjTePJlJyqV7PuMambCRnDl/Pogj5vuZMB0xzbLtja3xaDrLMpIEJA75P9qNaCsq4ij36KzIRpPx9tbWjKt1wqi91m13O1zrz0XLoKeC/zJZbSlfYEIUxlAiy4XScQKYGK4jCuEAMXrEwHmKZhHUgMCZIAWAtVPWoY9aBUit3nWOq4mzt3ziZEK3nQob/Fk62d5YF5r4qNPrdrq9VrsZCAmeGIOF0B3ROR4hzGpVMx0WU8fOSbbC7lcyoJXTeoU5VIx/AQXN0JsMM/MeeVGljBdgNmNB/XiEh3ohspWyUoh8UNWooXUCBCAOr+fShw4E1DDykcSHD2o0AADhWebsFeIE20L4hSkyZVZE4DwQ0FKogtrtZpVHKEXUQ0/a6Rb4EoUyobpe8kNUpsotpTjfhQpdYcAD0BsMETAIPYFCUFFCmYLsILJoI2vrPVRONhSzY7PzpgGLJpFEnIh/AA7BSojRoj14yTGTC8ojD14qr0PS+kiWY+LCmkjgowMd6YxGnnMT07/QkBFDiNXQQmPn4OgLbckoB0PCdI1sFl0fPeuxawTKh4mzsLqnwJkP2GeKwPuVLx3oyO5gxIw9TRaoZ3UZRkNfOcwTegogC+l0whVJ0HGFgS55QrFVnpk24AD/FBWmTY9GYnFmD0AcasPbI/l3VJPW1F7wK7zB76vRyoO/huRWF4JjbkZVknkB5worETj71pEbHE9g+97qIJlTvCT23NPiYSXNkIqAQmJYhTOdfDZNpREjMQfRihLVbDFamvM0PSTC1JaDhtOssdO/LuLFDFTK1FRF5BxFx1ge+t2Da8//tT/2WaImqkhDDyAjncRU9RTNBIQNFHjgZIsvEpEnCKJi8KkWX9q0yZRW7SKogIxwNmgynfBkoxCMOXlo1N1KSM8EJnx4FAhpFAy9Z4ysaKseki9yirJ4wLayWkM3DS6KnKEZjcEqgzD1FApa7+n2UzwAI0rkxEdCBD4a4GSJuKAbG1s7u3uT8dT3gl6vx5ONkyiJk+F4sjcYzjJxoj5IwDEE4ovQHh+sYMzlzqnaJyj7VLK34QNFpT3lfAQrpY1DeGq9kDRhf/c6qmkOarz9iWMNw/9AYRFafOzLwGEDpYS6jLJVarP6yvVUyZiZOAMOmvic+IzE1OP8cuD5nKvnTAbxPeJT+K/gq3teqAmvWBxPaa3ErRg1nnLiCOAk2A2Im1zscQvcIRuGFrczcnOtfS6oEls8mVy2iSaNYPDN0yNT1hthUBIvptY0sU9FL4nimIeH+xgmj7xTi6XFPb7c3gQBpzYeVQbW9CaElqQQlFTb+aRCeetES8/rthbHVSRaTtBkKvkA5EeBCUwFly8XLz0mKdFsgeg22EzyUeA5VJxKXZPhLbD5ZSaeR9R+Tg2PSglLpWY6ZZ2PtRkQa6iAFwK4JIqTIOKTgAq+GYxk4hIbJ03Oz472dmfjId+wx+0m7MeZN9jbGff32r2ldqcL7KKHZr6YXneRz/agWYTLT1hNIGvc7SBrvn7zJl+bllZWON2mpnaeJp7EmddqvBNKjo9HrN25nRAPetKs7bxMNeE6tmBMfBHkFvlWgxPMpV4vjhqj/mD7zr3peMxJSdJqyS2N4nnUQk5WwIIP6Y9GRL5QBSbHFqpJneu2fvzRix8/v9YKBZSWWBJPVrFQYu0AFSDDcAWqJYj1qZaclq2kaJZCfKt+ZfZiPVKAD5MCY61m430PX7py8dzu3oDLkes1q67pUPxlFaWFE2xJIlHlJTZ1N8sQPrvy+MO/+Of/o0/9xGe4gIm860N3ufehTz/72Aef2lxf31nfOiA2rX1Wy0vRuj/yxv5A31x98n2//Jf+3A/8zI+CF7Z3fWj0ulef/dDZJ963t74x3t7Bh3pUUGL2H8RlNp29UuWXEHe8ObfldRWp/Ora3rPP3n7sfYOk8Q6zl4uEMCqWVnba3a3ZJEzTht6AYdC7CbvdKou4iUmo087mbWVUVsehd/5s8rnPxs88TZsNSixXJBY8TQf3rQNhk+81ebLiuO9qraQ46du5OMXlrMDSEr14ns1m9N46mRNoqXXKOi5a20C05nU5DTvKRtT9Ru/R653zMz8i7/ow88PbreX7SaeRTVt5ar0pE6tK9SnZl7I5ka2+dqJR8/56cuE3V3/ku72PpH5TrZUSGqmRl8j8yrdyw6jXG2VWSyFRXAGZxEXqr3RRzGornozT9LNb/5YsFpqf/qHm08+CvoJBAAAQAElEQVTs/sa/TK+9tkj86WOfZUunF4m5oJSLhw0vf76VvtnIZ+8CuyYHhtQn95JiMywaOW0U9IDYDywQqH7/yA9/55lf2uRbjMEw/+YL9PYdov/t7ORcZtZsHj8YxfdeZmzG2AfJAwSxX/e4VOHRRy8888GHv/nim5PpzMiHrZjV6/3b8aBucMIHn7j6f/jLv/TLP/3p1eX3AP+2utz53Kfe/7FnHr51b/v+xt7C39WOPFZz5TQwsx5Jxrm31PnLf/6X/1d/5Efi6N1r2mSfwMW8n/r4h65cOv/SK29MZlPxDJcDyYtgNCVmIFXEicOh1Cy8jijIfKkSHufh+qTbz9poX1wlRy3rJpIjkoIlx8YJVb/S0on6xecVSydiV+WhE1iqLJ0QJ32vmq9IX6YTNbLehbR7msxGQTp2GQxCLQFE3QU13Ky6pG57acEhdTgTJU2ktNVsfvYnfvij3/dxruwkTosSk6JlcQSfsDm/pRR0X1vbUGsPuI/tk2rKekm3nETyHy41fOLy+bWlzq2N7VSccaeqv6ndNBaDa/7akixnZFaDebrUafGbu6NcfiN8z6Cyk+uBUB86m82m42k2nXKFR9JoLC0try0trzS7CQvS7eHmjdvrb94cbGwnnt8IIz5+/NAHya6wZRDgwVMu7SpAgT+bjLNsxlUGzaV2s9dNuq1Y7EzA2MckGw/Gw70R6KEomfqEdhrxSjdc7vjdhteKWOBP0unW9vb6vTs8kbjRWD19pre6CnJm2OYLcxEEZbdEKPIBtEGgsbnyioVcNczncyNWPmv4TSgsEVMl41NG283IUmNN8nu25WAjHqclL7ayN3VkpjXoogEmo+Fg0N/b297a3dril03eEqsrq6dP9VaW250WLySq0YXaSNp3dxEJpQlErVLV9/eCwdaRE2sUla6th85z1HbZKTAUoQiGFAaGH3gSM+ErYZq3sExtUXZIZC31R9V+qQ3UPWpLhLnoXBxWRFCCtkoitGAJmDYBn0xcvhuhEwPZH56vZyoz8A7AUkgzJ8qjjm1DBRUO1pxVF54cBgJdgfRXYk0822aVii93BOiORhoFYeDugesCJ1x1OUHTJiBaR3shTJrrIBadsSkr1f+sYBqN2Fsb1OuBL3gEhaCzoaiR8LkGbcXVkBFagpHpMDzAKRuKoLoWW1t42ZjpxkfQCW8JPtOjJEEDRSKHwAbfFCqoscfsBpWrFZZWOBiCjAT2KxNmTiz7karCxPrV0gc4J49QIy9uJEmz2Wi1wKKB8K1jl8cdkET2l0pOetLJEcw3m3H2gvfReDyDA7eAsEEVALXHsDxeUJ72VneUZ4lGJLCC1byyP19wFlaCVhruP7/IcYTSgD96XrJjnUf21fEU93DBdG7NOwuuUcbQaNAJVSoBs7t/sHrI2c8sMsBK5AAz1AyMeUxl6bCUEiuCmlMARgCINZ3O0sl4Np6A4bLJBIY98Dzo1wkoCaasyZBmE6UtkxJhkuyoJxZyGdWeLkr3J5Mg0o8AYENAuwvzNxT/+CwOhMkT3/+1X/lsSQOg9S/EOqNKhcErKlxpALpQ0BYm8LmwQghmVNaDEM3sGykbsbtZxuNl4hST80JZmk1nM5azKJSLjf2d9qmHzwUdKxDS4cuVQ88ZZ8RLB5JHGRXlryihiAHkFR+Bj8AJX9YTEfhSYOw6KOpEBTgmEy7roNEImL4Ht2tRPJpM9nb3Znxvn9NmsxnFIefTVtdWZll++9Y9nnbKd/1hwwsjocJXgi9hI0stXj4ATQizSZIsgCSQkgATzVcrD4imQrqm2MbvFOjkAURAi0z+dxx0oiek2j4ztC3BZNmYtbVh8hA37wuY/14hfDtytj/0JPYI/GTGoWAxmC9AG/w7vo1BxSFVElLIV2tRNdn1kD+gygw0ZOjhlKISxcFLk0tyq2eTIwPX9pb0BlJiv0B361OFjbXnL+6qKaWywgjcVv5B0dUkfItNUIg9oYc+UAiCaFV6njAoBzy2sOziaapJza9HHJ7eFOMEQ5lPMdQOb2voCT3mItkJyq4R5M/DDibSIsJ0MhUrEIpaPKpHiXLtBC0P7HWuktQRZO/JWzFIBOsmVxuicELUcPnyr/OnVOaq6oARqpcS4QmWP/LBXmdChNkc/g8MQQkTgAw0aslwb3e8u+XFQWdllYZcK+NN+Q50c2M8GvXW1lZOn03zVFjGEXsV8ETFN9oCeunDaAE0KF99WNFqt9GoCWfH+TWn+Bu3b/MtdbPVwpNMTCsqZPXwf3vPTPRoJMfBZZXGCXV3UNVN7DHmddLh5LKTw5SakeWHAV+IOXkSKE8fPRan0OkE7MCGIRCowBdsnIdDciWCXwU6kUUm824eLGBSrTD88ccunmk17OeyIoaTsWyTILthflR8O+WSjROVKrUMktifOSmoRHGOG64QU1BolXYzObW2fO3G3dks1QSDSMAtUUy/tjtAjGpOvVUZMVIxUCeNnRC1kjBGKkxMZ7n7C3/uV85ePk/eU2FpdfnC1cuvfP1FYCZVcKtGyX7DjLrRK4NzzgO9pHdXer/8l/7s+YcukfdUaC4vrVy+cPuFl0Fca2gusf9SF/9QHlR2U1ifWXwDqaRsPkka02c/fre3nJP3VAijPGkOhrtLRR4Qm7Mz1XfAJHLfYDedtS1zour3dmz7PV5zqfTnPhusrWECrIwXqeo1DVWjNRsFQ4uqcdRTavM3ZdpovSWkJnWGaNUL59jpVXbzFlHeduoLUhcq7XFwtEqbkokff7336CB61xk42T9Mg3AnbJ6e7IXMNgVEKxf2jTNe7PfzBwApRSMq5p7f+e21Hx0np6Tqg1m2TOzV0n4rx7AeLbg3kqcC7NHC6r4ilhjL3gftts78xJv/c7DPCLDC4UAnlE4+/HPUOxAbcohd8ISw55uzveCd3jgfMnB1Wj9ka1z1pmX+SjZXG59V3rGamAc3QmNl65N/4Rp29N17+d/+Xz7x8isX9L8Xvn3xD5+7uLE1eOJ9E887eAT83he89fXiwvmFxopHX82LjxFyDIBROGffaT75+OXf+8I3ra2YCQ88GrTarPxwbaX7a7/6i49dPUfeU2FtpfPY1TPPfeO7o/FsgeisbjDOaWlNYJwhadjp/+Iv/fGPPP0EeY+HC2dPXzx/9gtfft7lONT/Dkdnrw9S1mNFIYdCnGSFvz5ppyykEuchxRdUCdyJlliVnhPc7NviJo1BEc8d3Amtpq+Lrl/TunyJm6XMN2wUzV4wuMcFFtThXamupNMKkvV1WsksVqU4itmjJlXz+yM//eNXSnYQafmaVlEgWhJV6phKCqpYbundX50aIyWutfytXXTDHvIdfbe90mm/cvNOafjoljYDh1q7BjWMqGpEu8zzQkc4db07RnirWI8KPEVFUq4W4nqgIh8Ph9PRyCN+q9VeEYiThPn57mj75v3712/s3r4XZmyl0024UiQMfK5Z5nLf0OPSKx/SBEsXJM3Ab8RsmhUZF3G0ex2eUNJuho0IVDQ8E65pHUxHgzFXvOahl7di0mkEvY7XauSBNy7SUTrd6+9tbG7sbW9xLqLV7na6S51uJxJesxEvpU/PCoPrKAYDJRaXnvGSxc045grrBleDcyV4BGcCPTQiUhBpOl9U2yFxVJj9oRVtr2HfKtIhz5p6IpKQ5nF55mCv39/dHezBP65a5sLhzlJ35fTq6qnV5dXlVqvJFV5iFmIV8B9BM/9CzknqsrOK6vKZJRTFgaGEF6n9kLrwGlsdXtKGaiokcBPEk3Yp8Bw5KPoEPgNplz5ldEAB6wqsKQdeOC1PSD3opHpBpJwfESE5WjfBf/weLHZwsW6jEQvEQ4yIkzBQhJKomvqYIyaSI34CjlCiER/pywahJqXqUENETfCMURNEngSeCtQ+Q+s0Ci0VIJ1OZUXQsIo6SkuQnGBzWVI1qVt2e6ROfougLvkPE+R9G4KzKphoApCRJI1EQLuEWlcWGPc1WoHOhCcN0ewC/yFBJwJxgnZHhHGTIBHtHwodrm4EoqBO2qtOmTdWq5dsFJm4ALLMANqC/nTQe4ZsQbUc68ZSWoNcIOqggkmzwf/xOgIlCQPPl3RaDUWTuR4k2hwLjjQuzOdK9ylg0Pi/CSjgp9NcwE2KwhY82p1LjhCqesVaVWN1As7TSJaJwALFsokheYDgrJgHxbSoU91ru0hac8+OYf9w1CDXmPJTZ0SX6awGFVkxiGEOHjBoAmGGce3IQecVslVxXmr7FpJFQVgZDHr+D/zoINaE8xUINxEOyyCmJzkWhsIN61A/qkw9m3rbdVQMqsMVU2G/BPkkqjCj6ADIIquhj3aYwDZHQAHX4aEHSQCdYEOUllckEUguSSFV2Z4AnaArBE56OTHjtRbgu5gqv2i4TikMhON8XTOCVPYjqM35Q940g8GAMxBRFCVJIjyTIQ1l5oJqKA3Rtt0QCCL9salGdbqXHG2IyH7VaaBjT14pXllOYvv9/nA05oxWq9WSroUMSZX1QxhuweBoProB4k/DGKzC9Hf7nCxzNRePwQksuOnhe4og2tnZuXPzbsZVrUHCF2TI1fcwfwFPAsgnkQbBPE34CbpxUrADPVI8ZTqMaKptBpPFH4jCvgOgkwcmQ4vM/3cedIJKP0V+hTySmeFCiNnOqGewVAsWWYwdAp4gKAkAnMHXZk9wGnxogLslX6AwcD4QtT3QZIy6xzoxE65u5+wAlWpBhuOJCTc7/DNwtiNwH5r1JNoXkGWL0JgyQeQ4OtsjhoJq7krTAfVKynCRrCPRQFNuwtEmJwXgvUsRVRELmDph8YJocoasNnj3IVTzx0ReUNnmVE9HU+wHXjBqQynVUi4uET+hkrjrBP4VI1+AiYBUCstJXMFZyLOn1DQXMdgdwUfmYldJlA85uQaDFRp52JgSIs3sy18qjdwQYjYrTNfebSGmyuu0Cw5PZiQjTBaAiP0JX2MiTv3EqYp4Op0AOLvVzABNEmSzyajfL7KstbwaNVuc5YwCn3PBg/X1Rre3fOoMER45iTD0h1yywBnglg2c7AAaejppdzr8dm93t9Fsdjodvgu6+cab/FWn1wvFJpww21A+jn/PtDcl81cctk9/7d+ttcgSnEGLM4vvzkAdxuuYkyUW8edkgvM+fJGcTqe91ZUwSQa7e6O9/njQj5JGi/d76DMpKkTQCVuJ4N4FnTiZOH8eOKwk8S+8/+pyIg+yS5mdtt5M7ZP62saJdQ5bskkmMKb801BNzBmxrJtQbeOEGYIuuRfrhtXZOKHGVSL8ch7m0YcuXXvrznQyI5Y2x6ZJRGv45HJXak1X7K6KRcrR8A9VGkB66tzpP/lf/KdcxkTeg6G91P3Asx955esvjIdmmLlcUl1jkdKz+jFInTfOcOW/py+e+/N//a+snj1F3oMh6bQvfviDt198aTYCvydq7bcY3FKzUaeNLL7eiVCNT50xDLfd7vgzn7nVar/rXOosEoKw6PS2PK8yogAAEABJREFUBrvdIg/17sa0Hi2POLW+mBTsDcQiuBMTfaXX+Jmf8rtdh465jrV0mGfjxMnJIlLM8aTjpGzFIdRNf66NEzcOLArdjvfoQ8Xd+0SMt4PmYw3ZqjJnlRfuF6ov+kHjS8tPToKEvAdD6gd3m8tnxjuREfjVtFNpBJWu1crhcvOKuuEIZcTsnvDterTy/zv7c7OoJ9cSy4eUOatnBnCdpRNxR5RXHSV1YjpfxpSrqZJGwVo35Vs/Cm6//kR2jSwQDgU6ma49nl95hjitVr/hXXAb3PfYH7anI/+d3jUfKaQeuR8VazMvtDa+RpJIjhIO+qr47P/+m2FD6q5294qvPn/pZ3/qq3/6j9/64c/e/uwP3H7m6bfSdPT1bz6+unLr3DlKDgr/9J9fHQyDDz09IgsEIYX8SlH8FCEHp3xg4HufdrvBdRAvfucaPinzZAslU9np7Bv76sUz/82v/ZkLZ1bIezAsL7V+4ONPfOnrrw2Gk/mxlPyEkH0QJ8x9XIpv//3RH3r2J3/40+R7Ipw9vba+uXP95m1qGAqb5cB7m1qbDa9mP2yGRX9qLQcODzPLwzujTs7wkKTRL6ptqLJEYgM/lCaSSHsnuPGHvKT3HHk+XgsE1C81lk6oFLC46dv5Ujd9ZMjsk/cgBIyz3oWgf9fLU8NZWQ1n8zFUNgetsMeG0TP7Kd1cqj21aOHJD3zggx9+mphWVRHdX7XOWteVX6dwzKTD5tg4sa8ZOShlVRWj2S2lBriT1t5wvL7bp9T6zO4LMw5lU1Bqc2nWWHPzLYWlNlg6uTdhHiosxElZkNLnBaiqp1MunuK9y3XIS+2l1W5vpd1tezHrT3du3Nu8dWey02/4QStKPGFTBE4Ic/UB4k642oBzpeLIvlAhc5VyFsZhs93srCwlrYYntDvLvZW9rZ3t9a0UtuQ08720GZFO0+u1SCOakpyLU/043N7duXv75mhvLwKPPBdXVlfb7TYXdmmJH/oBytA6RZ4ilARPMMdJZKybJMLoAiAGoPpckUwoQfMETGKOGSNlLbtmmqzuK7ckpfYsRmZMAE6g5rPhYLC7tT3sD/iTpNlcObW2emptabnX6bYbzYQLivXRXBAgU6Ls4kvfNCgooiWe3Lme28f7yKxqESR23bXUS0IVLJQJcb/VX0kyIU0+GKk5avmIltg7cBCyQAkZq6hXLbIBAdsK0SO6SPsoVuwqM+FpBX0eAVAjTRHEwMvPlX2AM+BatCTh8lhU5FmkgKL2CrcOGvAhQ5rrUOh/0iCHPB4pQDjauI1njIEY3AnVuWCBPUsLZtWCCKsqMAUE0ETgKhA6lmdaqY3bCLkDmIM/0L0ptdpUbyWIWviVhyAJjQKnWlz0zSXScQNmGTixEgZOsGoKJqL7mqEZJd4YApeTokWWFBxOCWc6oqF40mAxXpiW4X2gTZvYvSbmWJ5JazQFs5cETT3FofpMwVly3inCrEqhHPEweXRY1h8pLZMeiGQTcaLhR2EAcn34Jwy3CFUC7vo807pYOt1TJXMswrWWqC6YNgELNNl0hhge1R21qPKjbQuklku32GE+ZAclXJ6SlNKDy1lXGMbYgWWzqVBparM6bBlRlqpZhXzrZpa/iLbUShO9qWbVsld2DfNp1yGDcaVUyYgpWmGX3lwrsbksjx5sDxpozSgsR4F8PYPx8LD88jiFPEVOJQ4OYV6ZsOUjQCcw/vn8J2BTQH2lcqG6LoonRfpBqmIYi+uhqJojEixNJBZD8rpMNpEwteVpX12+NA/AyUvgU8tGgP/X/9gPmTVNNaumLIShEyBpvB0XDEWkPE6BObERSUsFnuINjB0OpqpAVMlkXamEz4A7A0Imk8mIS94Z40sQJ6kFq9jFEjtsfOKB8QNwNIZpocZauhzTXWYa79BBNUL5CfpN43SWk7VBf8Dpf6fdjoTVO5s5ILLWuJKIxUMo1HH55Issr+z25i7X7U8nnPWkfJ/PdehczdnrLI/6g63tPRY2wb+Fr7tD2ilROlkJJSHz6AKhiiijvzpdHWsc6U9wtXx3udehCwVycDjcenASgdosNZW0Q/LmarzIM1AWDFbjhAioTGcCrYpmhijJY4C8c0FmgBOcx0RmznQ5IVS5ESHUeD+RFAyvEQsF2wcwrMIoH51FjjAPQHThIkTRdJOaxwxNtOCWWzxgMjmAVokHGE+ZhaAEfSiK8ijHiIiSUSTCs/wq+gjtYgomSYnw9gJ8HwVzjpBmQfAjiamTOF/Jt6EzIenekmjgg25/chKhlKrpRKqbvfzFA5dEDh1rh0AlRZUriLDIJ+wH8iaV7sC43r1Ip7Nc8spMtKFPtHUcgg5oGI4XnDvaR6ZNFZEWy8YWLCTCrolVNVpXU7kooK0vIruZWnt+UQpCtJkqGAECdxKEMfiWAhuDws5Wysd+1Gjw2rXazXQ65nQzaDQ7q6swmQoAfmZpNtwbRK1Wb6UngJIw3jKAeqfg2U0gu4kgzjyvUb/PJxEY7oo5NfYRAdlot3c2N0eDQbvb5asS59gFwNEXxeNJUtzvCZgUsUyeODUmhJIHAJ3sQ+ronNH1Lg+1lVqYoldSm7+e6Iw8pjg9wSF1l5eW19b2drb7m5t8M8wHUhhHnJ/wxF4GdI15sRoD0Hg+6ISUsn2QPuBE+I88cWU5ie3UcMpp0ZqjScXXYopSYjSrxK07c2ycSAaa2ogTt/ysdEM1m2r/ys2kXQYCdhTCC2dPv/z6denV1cxkXCaQyyDW3oiY3QlzBHvE/bRMXNUfCvvV8D/6z/7UexRxgiFpNq4+/tjXf/85feiqGhzG7TCB0vpkOCn7M3/tL6+dW8gpw7szhI1k7eGHrj/3PLpPJkTKNIiqp7NpojWjyB7WhM69tRs/8ItPf//N9nsTcYKBr3XNzt7u1qrckLpTjFJzr1uVVKSy5ZXdbVwnNkYO/OZP/ri/tIQPNBaklnYxmaITpy6YOHxp30x3fVr4NKSOFx4ZpyRtcvEoNaGaAp8z5NQaef1NUhTVctSXj+73ZE7jOdu0nHpf7j0+fm8iTjBknrcRty+OdjzT1LRyYQdacz2HAtZNa/g/pcGvn/7ZabhMFJdJLZte5V5HbpNVLJ0oIb7essnxIAVShGqhqkmHaHinvcLycr5+6ukfu/73FjF2Mvriv9n4G/+PRRAnfCM0/dSfYqHDNlRD7Q6Y1V3zefRcc/YeRZxgyD2yHbBzM3Fugxx7RcoJXvj4+MqzN/Qtgk6eeN/tSxdxP0tbLf+Rhyb/7gvnwnD8gaemJiHG1jfAVHAUmV0D38Q/99WVRpK+/8mB5xlCOhzm2zt5q+nVbSSnRfEIIcdjJoRvfM6eWfnmi2/s9Ud2hRcYtofnUBiJo/C//qv/8cWz72H+rdWMP/C+i7/9xW/zvWHlJav7U7pxR1RZbG/FF3dnTq/8lb/0J4LgveD1arHw5GMPfeG55ycTYS2GGv7N4uNEsJ9QE9VmVez41jKqY4MQ/s6wnbNAa83MeUW9JUU+smTphEhJKZXmgiGe5xneSFmVJnhdkz7Rgjn5gZWpRreY9OVbXRNttdoPs/ZatPWWhulTDROxK2w1Vok99iz5jKkAMblZtaJLS0s/9rM/iadArY5wrqm1TaSL2zih5jmlNc9ZJQ5zU6umXCMPcd5CChdOrbx883aaFUpOJlve+k4+MMlYV/ovrctCh66wdHJ/zIQenQmNbMZ1QuPRcDwaidu02WitLa+c7vV6UbOReePN3ftvvDW4txlyJQhXvQpFDZTEh31uEHMhAS3EkUCGWvcMjucxn/JX3d5SZ3k5aTapL2RTOenv7Pa3+5xXDcIoj4KiGUerS2kSsEZUhEHhUa6Vvf7WdS7a4vm0ut3VM2d4IjwfJrEmkFMGjqf5vwys22dgncIP/SiJ4kbSbLd4/FanLYwuRChpJFLFh76qmTLYYOxPqDkm/VMLwbL4yggYbe/z8FzYtCY5oAwyONKdF1w0t7u1de/WrfW7dwd7fd7CrW5n9fTaytpqq90CrXwUCi0dQ7sRmIOnRdaWxpoZIaNNbKn7zwm1wqvaME/jq0SgjrJT6j+toDX36iNfnTQ2unZNU1Rq9kRaJLC6YlO7/CUNdG2NbHW1LDpqQ5UnF0RsgLFhZVpD2O0AAxuov0DEiaqszlHiXUQ6ykqHcKyDbSOwJSh6ddxpCZdDvoZlUHUe3rSdJ8kvsaiwRpzo6hQC1wXgkoylUy5jns4mM4E4gWoJ2IQnxhf2C7M6wCLu7oDRljmI2GbI8U9yJN8MxWFc9RdwmWQIloQaCZ9ljXYTABngtcrTM0bPHXTcxtsjRfyH+EX4BcBNhF0Z3LFwSiKMhicB6gMU1sdTahfhPEhYFxd9iM2CSgRi5q9QFChPSehdSFhyMmYCqF7+FG2VFS/k8BB2kiL0ExRJ0ya+tJSAdMCxC8jUFJY7L0+gUsBVWQ59BJim8WQ8HKWTKb/mxBZxMiyX9mLQ0JReT3U3E5eWHyLMQWbUdjqxps+BmdGKvGJ+VGd5qxIctpj2k1ZE8XUoEHvFg+FtUTCHB+AdJbU6RLpks2tTLdAcIkmOJVBqLy5WjnaRCtOVDp+imEh65EFSH9z6UknBbBCVPXioAhTIBi0kxo7B7JvBgBdAEzB4Juz6FAAoNc1OqewMezFDsxWS9qhMnPJRq6hUneoxhNQnkk318LS5wJYIZ1icRIVohClUBkF8yWehy0jqBYs0ixkCqmmSJOGUjVMtzruMRqO4EYMVFaEFL6RmWn1BDsjBE17K2p02JxnT6ay/1/dDeMIEHJIIxsFOBZeRvPD5asZ1ixlUOMO28KobvKMPFWcC52oV4dopMEE3GHAqNxyOtra2QgDoxdRyS4S6HiqgJpzqpZwysnEYsTCKicfiOLx04fT25uDNN+8WbLq3FzXbyenW2Y3d3XNrvR/7zKd2R//m9c1Zf8opPjii5m2RQy0De/yDit+zXFmKltJcgpCGMcFvIeNFld/EQiVSqNZ5JwTo7AHevpeDnMF6j0UtcZ94oMHKgqYL3tT30iKgIdvhY2AyKkgeRl5DLNFxKFG8nH/jCy1nMhSVRHmb5kOpQ0zBaIo03BQID1AeZ61CP+N3JE/BVQ9fMwKS5lx1P2XC7AkY8iPI2hbonrYQltOEpRLBROBChemL8x++MHWnBfSKkCKLmZEcNWychpDJBLHwfHaASaYo5CUXfAOTvAIRjLAHe6CMzqbC7hIObziuK/khSuyj8QbqVlgeQ7+nA9MGs2zaB0gdZfXKC2LS7LanozFsIYsZU3JyZPLUUiP6VOD6PEAZEtHDUgrmLMkScZLjHjIHFAjPo9Tac+gvNftQTFlyB/Y6C2AOoKL8cTqZjXZ3+XY34DJaAYzmnD/fwAvQCd9is/MPPTIejnfu3W0udU9fvJCHYWupN9obDPeGd65dWzt3qtGKeUH5sgXo7CLnA4xz80TQTNi1tlq8qrvbW/xJb3lFTISmxkkAABAASURBVB5wstPt9a4+9r6Xn3/+bqNx4fKVEOg8lcPdE46yLEM+ZL9Av5fp2jsa2EJxhOiDMuGWDCbD0qnVJz720de/9eLO/bvXv/3isL934eGHaVOQkyD0vEWIhiYyrDTrDhs+fuHUqabULDI9FZQlEjEtHBsn5rn9q2XVlRRwXWE1Nk50+kpWqBcgc1bbnPivT0GVbXVl6dmPPPUHX/6WOgQO0idKC6ZMFQhKojlJZd6Akxla2OYJxH/O3ovqFUxxv7jW/OBPfe70hbPkOMKdPnnhPr27R/YmZDCjgwkZzshwTLmuuRkVnQZthaybkG7CHlul7z/N4oAcVzh39eIP/8JP/ebf/2f6CXXGlqaQld3KgYOflYcjPvjcL/z02csXyXs8LF869+RPfe7Ff/5bxBq6urq6AfVtaWKyfacqMyuTifbEU3eXlt5jXnWqIWnMVs/eWL/9kJLCGD0BsQ1CaNJGmGMVWLUIm2O9GSe/bj5+E33kQ/7KStUGiXWts6t5a1ECq1AqTs7Vt9ke36JtTm+uxhcir1mXgv6+3g6KPZPmlIF4q8vFhz/IvvL1mnknk5G8u/1aS3D2n61KlOc8fLV5fhA0yXs8DKLGK93TT+3eXSSyXo4MT6pflVZcveM2F3KZ+P3us+N4TQtezGpY6JFGmdwLi/FdqGVPisCU77mC6bdqlZSrHv9BlQkzNlwgqnhC8K2ZVYRlrTOf7/zYLw1+kxxfSM89UzQ69pMFWcx50V6Os35QLxDgEuyNO7f2trd2d7b6O1v7QCRPNHBhT6e3wln0zvLK2tkLXPJSjTOM2BuN4tHh26GYv/Tpg12rpClsMi6c39NPnvsK+Ve/9cxsBmbtTp/e/JVffPXc2XAyLf6r/8uz/MnGxur/8b++8lf+8y+trQbf/k72u7/38J27p/hYSpLpww/d+oU/utFsONyp530rzz9MjikkSfwTP/Lxv/k//Uv95Fi2LlYiJrE/8fOffeTy8fBv72B49OrZP/Hzn/5///3fE3esvsFY7Y0rrWTM+sOs9tIrJPnExz/IlarkgcO37+RvbbHBlKSgVSaKhlEhUCG+B67k4BCSOh2CDp9jnyw1ySOr/sOnjk2o0m41f+CTH/vn/+rfECXi1/yWy1vgG/UfIeSQiBP+d3OSZEXAsJ5MWBR2djRazWC4C2pZWZNyEqkapyiDZWjLhDGDQYGEPJ2+fivTN3yC2Tl6xMlX5aJqYtIXHFdjaXTuyfbtb+um2YeVZW6Tzo3sqq+IKsFDjz7CtZOyIdWX1OwQCa21cVK5LqWg82G2LZOFU6s0IdGtpHQ2c79KovDJS+e/9to1VQhS02huyvYbOcasV+VjtU6jelw3BKefZuDlgiuEAHEynXFdb6+3cmp5ucOFUMwvdifrdzZ27twtJnxJgCFF0dQ1AJCosCDii4OAYL8A3ENzGS1I5nLi06Wlbm9lhRNtJo6WFUJ2OhiMuDQ4K5gXhznXpMRBEfo5TySkfP89no4H/b29nZ3JaJi0WksrvWaba7VbPBcAOoD6GM6ZZXkKBu1BvczvUz/wggjsUkRJyPXEiBsQ3t2FCo8V8nAhNknNgkErezLqeqZmCmJiMAz8fzRlMQOHRHDUrL+7O+z3eR35baPVXllb4zI64XPdF1A8ZOGAdNVuTWReNZpfOifyQqFWr1lWpmqpSkXLyizQhv3QduZFjjXU6pVrgrUUlZTrRBZb+yfyJeDEcnmTi19PmZSmCvQAVv9VYJZNdBmkXxcm7fcLNUGhHCyoplIjBzSaDPUAlr5W2IViNRrccv0YIXKJowpowiQsAmsAgBmudZHDz5joYLJxTMpsgU6iWAO1G5VKOvkckwM1Km8mgJiA1pYrRHiLSVCI3LvgtJRtAU0tS54LZM4MICdTdP2Tear18Ri6bHxPmV/ic4sUpvGVJRtsMbQ9L1qTqEYp5GwvpPMehJswOaLkEuZyMGZqCAsuXLzqR7H0pxOCRD8S0xF9NeAHaOpeLw1UnBhlapZBDoD7EVgTcXgZTtLOBLYGm1R+XrIpwZhe+rHjsTOod/jJpXp//0lUfVvZ1D5YOBLEpC4ZtlCcMtly7kS3UPcT8m4MpYpYI6Ea8cTCXLW7IoZECBPELc5AMS3UxJM+rdLphP/jFwLLxcCJQSGWYTzXLVLylF09XUFFD5H2MkJq5HiKZzOLtSoG1XfoLkec0pWmt0QU5qF2TExWZAYs6RY8UbJzVsfjKwbYs0usHGkI40wNvh5MZ9PRaAy0MYwQk1KdkIy6rK/DBDO+EnW63el4OtzlesIB0CNOiVDpKJlFarpE8O6BH2RehivBVDznn1ANySG6kkcLrEKvNNtKea2XuOw5z7e3d+7dux83GiurK1Qr3YngFbgCFvTA1PfAMgoniAQOdsRxHIwm4zNnVh55dPbWrdss8wajwebWFo/f7Ha4yvbqhdM/+yOf/duf/7fj3QFNPK5mLwLfU9ggZW+CSU2wxi9QAe9U8Fj+ow1G2IyQanq7asfMzTxQeHcSqWMNUotngqqzdCElV2i5DQam0wcECCNDWGlnZDKNR1EzGjfjJA4zX5gY4v0dAGcS5WLRpUTtlBV3xpC+MCRG8FDgTgqvAH0fzyRnXhEGFHYagrEABpJ4ADuB1T5jwJlA+TxPOOABykYJf+3BY4FL0M5ogVYgEI5vgXKKFia0ZBYJExpcRAYHzCQSPB0CtvW8ABw98rczIizECZ61kNhmmsNXUyHthRnGR3kI9jxC5eREVlu2rGzo7+lRRTUDJCe6Yt2QyUOhOYjCCyEQT5rNZqedcQGn8PxlhObMJAhLBgwqtYEDjAWx40iHS0hexMkZNHcJZnN8wR+bXQrbl8Ko1Q/HgnomvyqYXuR4IWaTyXiv3+x0ee6AdwzBastgd7u91AVbPaG/fPbc/evXN27eaPe6URwxvpFe6g32Rjv37t97661LjzzMBwyw85wGMzYeczI8Flv6gAjBEN9Iz6bNyWg8DPutVhvsqWRZq9PJZumpixfffPHbjWbr3MWLVIxGHnzPLy/VTG873PYy/XQiobrjfa+EUpkZO7kmIigwEnI7IINhI77w0JUgjl79xjfuv3nt/rW3ONNx+uJ5EK7GJIjCxdO2fg3TtHjoxfFHzpmzngrIoZi2so0TfWJbnsbWmzzmpkBNCpKNo9RKQTUKsdEqhGiBJ34rf2XVHLyLXl8I0do48vT7H3vl9eubmzuiCfiqUCgRsUpEzwzFEDLNGBqEClZYcZ+EKhkv1SpgfrV8ZvXZH/o+8mDhzW36hWvkm7fo3qi+09KU7Kbe7pDoXv0d8XvlFHv2MvuBKyw5DvTJp37ic1//wpfu3zJ6WVpLPmjdTm9+sozYbkXk1dq509//E58j3xPh8c9++vpzzw/ubdgPqxNwnynJLGJN578loB0ZP/bokHxPhLXT23ubp6bTNrF4JsUzuriTunaxtpEmshNB7H3wobfUjZ/5AJEyIEYMykTRDRHUSC7ZQZExVcLUigsxx0W6nQ1yQElDSTant5fCU81gqZKC/t4pg0u99VVtGcSLDzxBXnuD7OyWGoSavfKcJ9Y7Ss3OlFKnNPbDoZ+82XzPa2QxXO+sXRxsd3O09ODMOTpnX4oR1E6mHKd0IWWdYsxuBMtv9D6kk6BEr2XaCKL2mCNZX2rZQcE5oJPTb/X4VNiUyleE6VwYK4n14dG//Pj/7pnf+epj3iY5jpDGy7MP/SQ5vjCg+bU4q311//aN7zz/3Gw2Je904PKe3a11/o9fR1H81Ec+cfr8pWq0m83i7IS287Ls49jliO3VO9WH/UG4vgF+uPh2fH3d++KXLjebo6c/yNsWcDBf+jL55//iYx96+tXve3aTb61+419f/Rv/w8f+17/6tdUV/y//xT/8u//gyW5n9DM/eb23FAyG+d/7Rx+/euX2n/vTX1pdpa+86v/65z/eWxr/zE+O7ewofZkcX+Bb6XNnlw+O98ANefHc6s//2CfI90T4uR//2L/+4os3biIf4jQNq3tgXzDnVv2WViT1e/Xi0U3afPt2/sp91p+yyDK4JESpNZHVQ2dd52KojSH/V/y7N7hshp3qkE9cDs72DrXdqQlXLp5XomyiZdpO7tZbnRk1EZw3lqSZqlv4m+b+3jQm1MZUMNfDDrEwpp5OUwmRUCjn6b0VtZD98jmiWITsVSJOPPWcOPkSqW5XmyA3X8V7yWXGTV8I4U49km69FU76Vv9Ych83ONwZdZ/XsXZ2o62dXqumwhRzSDSqg1SwIGozbLJwuUSlUDTVrUmNWIJ3KzUnZZkO1b+EWiV0U8DrUz0HqXng8HV5YKZHhNN6rPKJkL+BeBNcN0+4gGw6GvNHy73VlV6vkzSDgkWTwpvlOzfu3X79zXww6rTaXJuAnkL8QCiJPY9rn3lSs2wGJiPEUSh0iR61Ei7KarTbNPRzMcD4OOGq2NFw0t/rc5aYhL6X+KQdk0bEfJJyUZ8YmePxeG9vp7+zee7y1c5SL2rE4LUn4NJUUMdh7uIXLCYQYVfe972Y63uazaQJSoyEy57jCMYhQyO/0pqI0wJS/sBszYhsG8UTGzZYTTVUX+DEEXNT6Hems/FoONjrD/t70/GEJ9heWlo7c6aztMR1UKKLmcAxgJ2GAnV1MI/kCXKZN9MMY30nV5486ApHK+ZMJErAspVYkoDZei6c9WLis7qyqR2KomA1WuHSN3MOCZRKbW1ZlOiG5bWpYSwp4RduU3Jt3USY1kBiKJATEXqEQX2ntj6i8Q0K8yAdrzAFWMEI0ti2JE1USLOpvsbhR60gJidxoEWW2rNSX23ghKACBXEzWIZcAL2E0FAq17BdmOuKYUHRpdoyKFi9cPgOt9rTj0CZxEkDNIXgrMrjv6AByQvEnmpTInxWKoMyOdqSke6HUvA+IZxuZYFwywXmZAQqywBQRDFkN1nN4tRCdRM+Z9KguewX2Rqip4jaRelhozTAhJcHraTofvc9sFYeRlzNE4DhFrSQJDIoUF+g9lyGMWLYPtLPhjCsAmQQ7biI5mRo6V83skpCDgvJhFG1kqvuloLTCnSjXi5tR2Ok+qF+YtMc5rZt/Qp9ouFoZIwt9Fxu483hQOIeb6+PTt7GwOxRZDgGtuBXJ9BXUoog07f5FvtWzDhNzsQcgbUwF+Ncklk++kdjgTgpBPSjIIX2v0OU65Ky/X2cFnIkCsiAKo/LJLollEIRic8TD9DRhGBTqPQ5IV19YTU1SKyCQyD+r/2xz9K6yUAlPVY8neE4pUME4bODSOLF1cuERtKrn3iufYdgMxtbzuWAaMZQkMICzq+POFlrJOCQj/jGXVC5bKIpxdomtKqeByQMXWzSymJzyEBpZVDKOsuuAg+LjHDubTAYcBocJ+Afh0h8MtWOj1BbAmbx8oKTRXDHCAayCHwSt0bj9K1bd7guczrNhsNRl+tTCYlDX/hNDHb6u5MiE3QUIMZoHkpbGtG3AAAQAElEQVRoYhiRgGtnwMrWxpWeiIEgXSrKgquuEP1PTZVkD7+d7nWOKSyS3oLcwIkHPX7kElg6KeJQInEteqoQk4aBJpRPk1SAS1mWegWN+BgkNBGoWOxDtGdHNeUiOB49tEhBkRuAF1R4iQKzFHzQBjBW/EKMWc4RgPHGAgCwOLwK9G3CEBOAnJasDpW7VqYViWLI+8ZwqJKdVLqJahJhLehMTmtpkQkmtJr7gEQFm1GC8ZPcAraYJ3ydamMnlksvszuV9XaI+zEHWq5f6Xk13+MuiWeVhalZjUSIIVyeiQUJqA8FXnA6HgMzTYQUvqyDkYlIiZnmnJxFQHwo4ZTMANDBRHNALWRlbU3VcJc7AyRbeuXFhpNDQoJmYP3gxY6bcaPV4ttvQGH7ZDblcnCWtFqzWcqHxnB7J0tnCVgjbBNejIJOBlxNWHD2tNvr8bWJoSscWNi8WTrjfDPfC1G1Kw6jmK/lm/fv8yz4FhvRLeDpvNvd3dlZv3Wru7qWNBI+RqWyQTW7Gu+EStaW2hVxKq27abEBsH80OmfL+u9XoJWWrkahxPiYs+CzvDeFlIcNd/dG/T5nPJJGg+/6eGqnGoA72de9zj4FqlzNDz/+6KVeI6JaiqDsixDqnvVn5nCZlHsS+asDMyf2NEXV0lJqp4yNYmIQpWa2bZwQ15KKlQKlzilApkSpfAXpdlqvfvctYu/RdBkNCFA/ca9phZQyTcTL4Y/+qV9cPbtGjhp+7xr5m895v/kd760tOk0PPXF2R/Q7d+i/esm7PSSXl0jrwU6f8nZbOb32zT/4SvUVnfN38UDd8fgrv/pnTp3/HlFmc1amtbb61le/ScxaT/R2RlNhQhTPa39rkWl7jFVvsQGfffZmp/MedqzjBErCeLS3fco0lOFV8Fc3p35YXl5oib2p4/P4b/K5z3pLXVq2XEJK55CY3NQIeuWeMHZiqTgZy3fy4W42YsIAH2D8izHnEyb5YMbGHt9p0aiavp0LqRR6Thmst3yD2e2Ak50Fp6HTirrRaPWakNJWlX6t8/AoaJDvjUDpIIgvjnb0femiNLJqrimZQ/vKDz+/9uOjqKdvpQbLUpQxBUanVK966hq/oNLSidzhIEJF5sTUZJCSEPOVrKh95MaMHRBueOFzZz/3ieu/3qL12I7FQx4ko8/8BRY3Ky3CDvtA3z7fnA0rjnX4NuGFr/7BGy+/kOfvOgtPvEh3b17f29leWTsThA5KmHfMyGfnpt5istOjh6d+9lUu/Ne36F7n2vWzX/ryRf7vua9cevE7F3f3Op/6vpeefBxA/7NZ8bf+7gfPn1v/039iY2nJ7/X8p57c/b3fvxgEO489mnc7/pe/utTpjH/g01MuwdnYzDe3yc/9zO0L58Mk8S5eoC98J04z+pFnHOwjpVxi9nN4XXBZ0vXrtNGg4eKwaSfw3TeX5/3W734Nb/Xodod5zc1hw1/7i79w+fzR+bd3VeBCi/One7/7B98uPbfZW/3AvVC3bN4LzUnD76/8/I932oezffXWFvutl/LnbxTrQ5IzcBFOHjgEHokCmhb02jZ77s38re3iTNdrhEdMmW+7fuf3n7NWApef0E+oxa046wY9EHHC/94dtrJCe7hBTa2NOJF6MfmcGqUV0Z4XhBRCbiSFqXApcEYvvfK5V/r1JOLEzZdW8qVu+ihTkCl4KkeZLxdB5Ekr3rrhcrmu6EHxHvY1/mdvCKjF/6mMNUdHn/3kJxpog1NnUPll8yyR6PbXv8ykY21DCZln74TUp8ZcNpVa9hKImxrR3xpOAB6+8OZNNTKo017lkWONNJc9c/44VxC6YpK+tT2dTcC6yXg4nAwHXPi20ls51VtZbrQ7NG7l/uD2xq2XX+/fud8kfi9pRWHkC7syXArK1fTNOOYqFV9YegD/MnDwji/DBdeM8E5ptpvNFhdWxEL943MdzGgyHY7G/MKLou6ZtbDbDtoN2kqywBvlWdBIBqPh3Tt3t9c3+Ce9tTNr587GjQScYvuwYoJ2vRC2EtJpnguHJtmMNxhXWnOBWItv7DvNVrvNP+ESEqHvQGEak4PXbTEUddtjHFtZdSFVjS4nr6XogX9gXGU2Gw9H/b3+9ubG7tZGms6iOFo5tXr6/PlTZ850wOF1oAAH6LpdGHhn6M2n8BXEwd23yEyxJEqOVxt0gQ9e5uxcWK0Kn9RruO2ySdk1Y26ZKasBi6C0Vat1cNZ4llJQS19JqTCYVG3ZKloJlZpFrDAywi+E/yWDc0BPK8go+sLyDHpyiaJIGzjROAa7Ri7iRJ7kR2iOmeBYGjjphwgGCVsRvz72vjptT7Q8Vg/BeUEoFzzMXXoC0v8EhkN5siCWhNspvPYJRF3gSzUQeehLNa1c2+Hkp/CfFcaNOGkmwv1QjM50OF+BimGwSIKqRUV4cqFS5G3ORMmhD4RJPYnZEkCfSBxzRx9G2COmtbPcrpGuF9VOjlCoX0hzJoB6YQVicQptEEU3hdQreiUqCepwyBeORsO5aBgMCf+PF0yYUREWwYSNBoYGV5TdF+mqi0hTYUQogFIush+P4fTpcMw3JmDmJEOMXKHGq+oEtZx51LPcyVGtCqKOWayaGVEOuq0YsfZ39RGJSl/e4j/TxOTkQnnIMWrRsQf9J1Q0zhNauSDWa7tYmiKRxap/fK3kErqiuh92p4B1cVIdRY1nxnJ/OSVR/UcRvpqn4EBnClMA/oEnKU51icRWaNLC1NciI9+zRRNUzwDF38oXuq525yEvSjX9p0Lh6kn/Gl6ACDYPqDoqbT2FMPPUkBDXjpUFmD+Bc0tqFlk9f4jVNlSYfeOaOcQGToSxkwanKUks7KJIPIq9EtN9lncKMI5Op52NOW82mEwn/X5/CcBwviyAKhohhoHmSkTE9iHwBQ150dIBo0MHZkkk7adMmIb3BCrRb3DVY683BRN2+d7e3sbGxpmzp5NmRK22AwcVFFyWABwnKGbg0HEUhH6j0065cqsZX33k4mvXbo7HkyhqpoPR1ubW2qlV5rNTS80PP/XoXc5nvfpdCvjdmOUZKQRzJwmaxn5LM1nEWp4RXC8BRgDHESpVZz1QpvCgI4uTm1yHCw8kwXhvBc3b1dZZr1E44X3plcAHZmxczHZn+dZksjJLG6NRIlxFcNYiFFwd58sF3pNpA2yCHAEpwIVZni5VJphwVebDKuGDJIMMszASGGVKZhngzsHMKuFTa1ZkwlObLxF4mBRwC5702Sk08dQah/ypL+DPvEgwKQu0dyJ3hOC1kNIcHTTyWaxRDnycRpHAdfFqAyCg4ISVy0p8wZpIjilPp1NgTcIgTGJPoM3AtJAB9RWK6hV4vOzfz4AjiaLtKbEj4w3VaDaKpaXRbj+bouNDI3BHQiCpBVoxEUSVSZCPOgAqhfeYiTjr4IkzCllKAFcXCWc+pgzkIB6icBDW+D/DBRMNtIgHfEM8G+7uJO1WDB5zeV18vg0egH+yVsCXopS1uks763cpGAwGK34R35X3uoOtrdHeYOPuvbjR8KOQjzzgyOGUBsBFp5MJjyVWRsL30u1ulye4u73NC9FoNHFPw7cBDz/xxGsvvHD7+jXOxbe7Hb5eQX1JLncPJdU4c7Vdtdcnynu+1wI7YWigYrvMNRUwfL4VOnfhQuAF/On962/dv3ZdQCgu8jWarBxZ4Wf4B3bQ4tpL4iu9FrG0qYo7r9o4gWa6N8zu7mWDmaUCcKXVTEY0+TO1eRNp2l/IZj/V8p88C0cA1wf5b7w0cNJkpB17V1fCD19KLKGJ8TWguV0Ncbl88dzycnd7e08502HKgQ4hdU52cCZIvR6615GGTsBQim4CYtvoo2z1zNrDTz1KjhR+/zr59Re9veHxTMCvXfO+do185Cr7Y08XvYQcOTz2zPtPnT+zfvueflLixGnJIIIm1ocI7NT5s+975v3kZMKbG+Tle+TlO3S9b/b3/Hetwx4/S584Ta6uHP80P/fU+zpn1mqNndizz95B6MsDp6f+ttMenzn7oKrid1Vod8dRPJxNWza8Auc+tVQCsiX1gVt7+2jiMI1aswP/wF/uhZcuMKQSZio7Nk6IpnsqN/22cnYP3vBFt58PBvkU8aNIl/Zme91AcrWzfJwWtwMatYKVxG/rbxe3ccLqrKTgc+/i+bzXpTt7NSXTm2WkV/a6w+y/soXtj0vGTgZ+tBEtkZMJURg0E75nCELrkHua5dM0G034PvVExvlWo9MP4k5WspZRMwVdDzuMWOAkWprI1GIvhSXHjXB5q3nZpK5sllDHKgnRR3BkT1WskjgoTzMmTZbuS1UVQqppMlzHxeSZtc/9nz/6//y/Pf/nW/ToGI7CCwaf+k+IcKzjNl+Fui5MbgdevhHWIOpe/Nofbt6/Q97FYf3OzW8XxUc+/UOl59sxG3pFs7D0KCfAZNI6WMsPfvqFD35ggBnu7dHvvtn5vd//4O07N/6TP3n/3v18PE4uXti6dj3V8ZeX9966sUrI7VI658+Ff/ZP3udc6ls30u1t79bt1sZGr90uw6DF2RCS3bo5/fV/wr72ZciV778+8anWf/qr5EihoTDQhwsW0zjvlQ4Xz619/OkD+Dc2usl2XyXTLVdpGJLmOdr7AJnvd2xrwl5ez9eH4HlNP+SyiFMt+sQpfyXZb81P33wlu3+TuEZ9aKcXXnzYX9sPqvuxpx++eH715m1jx6jSDqxyIWmGu85UzZyYcPb0Clk4vHaffeG7WRTCbj44MSlIK6HjjPzjr/NVo/gjH4xOdw/NV585tabpuZHvlp5Q85xase2NdGlLTa00Zrk/yQKCiHwhNJVrhoU7EUFj/R1LJxqFD4IrRohr6YRI6ybqiSekCdrSCabv5itlgFo8btCuMn1VHMV4ecbCivSk3j2TNtrhZGDVuJafNSZBSiJ49ZiUv7JQHd1eh1mpqo2p2mPWWSUh7rVTLmry1bnzl7e+dvvWN+7wprzw0XMXP3yOWXGY4tTdLtLlcRSHOi+zF6ZmcdZpdppJqb6lFqgfwcwW8lSZXVK95cKl6Xg6nUzzLG8vLbWa7eVmu+nHZDAbD/Z2dvr9+xvF7ihmtBEEXI6ZCZO/gQgRsGcezQB7wcWdoEcQSqCIq27jpNVsCuSH7wlb17M05YzbeDLLua6Bq6yb8TQsMp8WIIYtJlk2TWfrt7eGw+FkPEra7eXVVS7p4mpt6EShZc7BN8cMvIkIjTuvHCeYQQKglmar1Wq3G60msIzCMoHQgjMp+MVpQh01hBtQxTCXLDAmLVUwZQUEDBvPpns721vrG7yhuG6ot7a8vLbaare4mJtL7wgp25YoCvSno71ceRZnpoOnymtoxlEWujpGwlYzK/00sz/ZR8alG62igCw1mjYeY5K1YtJ56nPmlsS6LtFMZka3FVMfIGc6SFhIpm1s4DDyBbYAjWogykE7qrbLppPRRVK2zJkSNTsDSVaTmjqiS3c5/JR8mFp4CZUdqW1unOD61QAAEABJREFUIsaYros0FiLqogujoRUC90C0sx69aFPTVtS0msUHVXNmlmUXqIPP1RwxV3MKZ1VRxGe0ODpvkB8iaIsvWFPUgHC152w6xTILswepJ3xM4aldNDyAHYGrBgMbIYW0GYPNICeCGQSy0VQPYb4Gbk6dYYwLH6ZMLKQFNScvOQERm0z0fgUmCUK+ewGMmjJyVAjvOLI1qVpqRRlUL6DqlYEzHU7jptOM08MMOTtn64PqbbcDpB1oRsw+kVVwNqQ2lFFZ6sFcKif71762W9skROdSwndzqE4lWrllc79FBhd7h1Zaj9Yvn8cRyiPWKo8VhxzQJY7Q4XgCncetigLhuBWGxAoBehMkajrhzEDK2YlceNmThaKyAXHqMb2+IWqZqiM2TLJAtKYYhq8hDqtmyobYPiq9dCHOFS0XIf5PTw483K5pgml+q80N6ITu37aSR6f2KsJ5oziOkZLNgCBMsywDsKFn1hh60BxTKwoBR2bNRhBFw8GwPxzGrUYQg8cc6d8Blx2qSRPhuWd+hqATlhvw3YPNajan9hR9VWDevNWTVmNpuTeajO/eubu1tdVd6jQbLVydCDgUxM0MuF/kvyFfiSkYLplNZ1GcxnGSMXLmzNLjT1z92ldemk7TRqMz6A+SOIxWunyILTX9T3zoiY293dc390aTgQfWLBIQLkggIJG9LBcwU0jpxkjtLgQowFMQBCb5dzPGmBy0xzbH54f3JKU9bLCYktKzusgWEURjgHKxFk8LC3gC+9WC+Mz3p8TbnkwjMu4MBnGRN0jBtd/h8lLY4EPH8zOvmKS00EssFTgDnymPszg/clIgcgxGqnge+2JJyFjuByQC+0ac0PHvuXKQD9RUjGLhpBwpF9/IeITK/bAk2ujtCeegIyWQZvQIZiptYjBEzIki4TYDWCiBeBVWJeMIYDYhwJYzpFs0oJl0Hwi3YLbSmwzHATgWDRDlrEEnOElEsQz2Qb8k/54FMBLjaW84BR8P7aVOv92ejWANA6i1sJFIjQRfUBVJTgI4ookiD7CAJzzyYJcpGQt+IozkEQEgmvlBJAmgKIBadIyqmUoWxOoLw9FLmkYpcttQMFAvAXbKG+72w2RrrdkQqMcgbjT41nQ2GSeNFtdGtXvddDrkMQHHLdaqlVOnB1ub+XS2eefeqbNngyRhARP2exjfnM8mU06Qk6ThCee7fBwljca5S5euv/56Op1duHyZc7pgCgX8EZyePProd198kW+/g/Ay+pJHDTk4EqDSH4gRxzhBMtj2o5MYhYustt/LwRJLzQsMBXvWxo//nDp31g98PnJvvfzK7ddf58/PXLpALh5CvFuXD9FLLJnf3RJxYkkwGVFyRsvGCSfCX781/sbtaX+aU2J7B5DaLOFxrPzcSpkQon/L3z52OnzybMwfbA3zG5uZjGlR9Jduz/7Vi4MPXW781FPNatk0p6trcfni2e2dPQVm8xDYintRbAyq1NuOYFju4RGhAudPwNCXWBgt3AnmRx958jFy+HC3T/7Hr3rX149/jjx/jb5wy//p9xc/8Rg78lHSx555/8ade7W7O2Zf0Pq384K9z338BBAnf/Bd8nsvk++8RWfCYAwaHaPyaCj8XvPoV1+Ha87OP3mRfeph9n2XyTGGs0++7zUBOpHrkStbZzUN5jxnxHIxY72zPzx7tk8WCFnv/UX7IeJ3yDsY8r7ff8Pf/c6BEVvd7dl6C6tvm/Vg2pqS1Q5sH9wJU950Km3tcUIqIpKypRNFAKRsyEZ76OlO9Lf4OylmY5YOsjGh0vUqYFIJHebj54dvnO6/9IGLP8WkLfoiI7Od2Z3QixpBr+kv2elYv/uVwVTTtYDCLpynnL4tFkxF1BW1ECfIKdtCEHx7N+yREwidRvwTn3z/hVP7wVneurf9W8+9NBgfvy+V+412p1/ysOOEfUiZ5hgrWyw5csUFeb1xxfkKLfxR4WhSLGlypdGrbaH2LiZzptYy5XrSjAoiV2eZJkHOWW+oWcH0V7jCCpmJuJZf0f7ak//5D37+f/Pv/vzT9BY5fJg1T48//SdJ0jb1V7O2HPXgB+bJ/aCm4W+88cq7HHGCYePebV7USw8/Xnq+GZPmmJxoyPNeEJT9JfV60wvnlaGRC+SpJ3khvvOHz73/zt1bW9uwIj73lSe+/FWnwZN4Vk2cS7Z++3eTr3790fE47nYHFy+sdzo1/t2KYmX8+V/P/9k/4le006Uf/hi7e5sURzfKJU6QHzgZrVtar93ZJ4UDESfF7d8hr/1dgTCsG7fNU94zf43Ep6offvt+/t8/NxvN6nNuRvQvfiJ6/+kaCEaxtz3+nX+avfyN2g+nnh//6C8mH/l+Mj987OmHNeikJNaec00kVbNvmBuTMfsrzysdRp8bfv1bGae1SfQ27QdbAOXx/+Hz2Qcv0B987HAuJxuJsBMoCbMVqPvjxFBbiXnPzcYCrgYz0ePS643agZTtOGoRPHU5FiWFMyo6I+PC7aSWsKHMDZhgJr3t6Ld2voZzEul7xMlX5aL4A5O+KqeQ6aadMy7opNx0tcFdemtYY1tA7AnLuMQqsl38mid25YjFalW+wifD9fF3/ul3hlsjLuXhO9uXfuu7175x9yM/92RzOdkvZZOmfWD9gPLoJ7FxnmvzssToX8xtjby8viHLrQhhOh5PhiPwMUG906fOdJNmxLxwnLPRbHB/q39vo5hMQeEB7jPytMiKwM+LIgnDJAbPGJTfzKbZZMLyGfG5PBT6PW5woVcjikFHTYTBg/F4mnHxKZeORn6cNLiUeMD1yz5l4EXLm+XpeDrjkr5bb15rryz3Tp9aWVsTGm442gfAATCjkAHcBE51cTV2KsSzlEtWG61Wu9vhv3HcjJNQIJ9yZUpEaHmJMp5qV9+C8DI2bwWAYEwUeFKvxH93tvh6fmfY73NFdZTE565c6fY6XC5HQUPEpZG8VTI0UEEEcgCNOKjcmOTqHQabWBCEUqfuV7xDBWbBKfCeWNWfp/vkyrJq60lLSKRK6qneL2BNrc2YTkTRQTp/YTYFZu6t/daqlOxuBToBSNCsECZO0OMJD1zkC1ApOPwK2AKUIZcOgeOFdFKjnhQa56FaDKxx2xTcqpcEXhAhVlIPZdlwrqtY6i1KvalTKyL7A30xFbm0cYJmPJjl/8gqp9nc2noZ2dDMEc/Ucz1q3Ek1JipKfAKuqsS/KA5Rn4vRUZ1JhQsrpoAO+B3M1JxMxhPQgSjcCX8egUERT/iZUppSIscBmj9hiOjSZ4OR3OG2xG5wad8kx0907kQaE7JGAjPudaiezqjshmPAcFzTA8yJOOYJZ0I8q62IGMCAJ8FsPYnKZGJec4LEsFOIsL+UzTh1mmXCmovscYerQu1GOTB3GpLyoCLW8mFtw8tzwSUclNZ2b2HlJePUyPLmL8wPHBijpaG3P/k9VKjORlZXAsPAWg1gk0TxqurngVaeHFNgWnilGWqnMAs10XF2GhXzC6rseZIayBdCgoZQMFC/4iRI02w6BSNSACzji3kq/OnIVY8x6S6CyIkOo5BIHIiPuVHDuaiKmxyVrg2bwh6eVGId8FpQcmGzCHGE8J2vPWcxtSZpKm0vdqyyFQ3sKaQogdU+eCGcWlBhwYQwovQchR8GEYk51cGVZzKbjUYjcHgBNhwV0Bt5bYpOB2sWUp9IVTSnL1zZfO7Shdu3bu31B3Gz0Wg2OQ2VJkyINDColkCf5xr4Ye7DEphlxWQ0DSMWxzEVTnkKIX7WNaB0Ln/hEpHqKi6e8gVC9iL0Mx8SBbjIiVqtRnepwxeAra1tzqR12m0+UojP+CIWRaEoOUE9ebORTKfplDOAGWstsaQbtH3viScvXrt+7e6dQa+xNp5O+8Nhq5PwdTDmis3l5o9+7Jn0D5+/MZgNx/24xTdyIRz95RwqGH5AwxJ5yYIMknsJjSxy3FaJZUU43RH4XySNCk0JlfJ8ajeCzSHVtczcYMdg1afWQKP7fszYwZmxxQgqXWSXvoCAZiEqaNgDm5/TK5nFDsroRFRbr3qECS9/YsogqgNcmCCCE6ZcGPC5Ng2yrTQPBwOSzqI8XY4bXjrzEpL0QtpsD7cZCBskKJUnGjCmjFUA7kOwMoShMl+KUKGEnjCYCBn6BfEivsfxtmczvpUp+O6Fs0PT6YSwmbZkBpte4wpRnr8AM0ACWMCkDz/NXVJN/BmOWA+dnPheSLxcuA6FkmTTlLIhpx8BwE3gYIrAAgON4mSXx/GLAHghISkusjwdTce0D7CqjjCu4YP1WKIsqqE4WFyBRQrIUe0qcVSYHmKELjK8F+AYWN1NzVD1jpJ4fZHkmqLzct+jURvkjcF7UgE+lfzo9KWznNvbvnMfOG+WiWHIcAQLsolOvnzo6IJTnlyQXmjBAp8TAEpxJpc3LQMUEqJ6IVJGweKfH4YAPRFuoahawqgk3bAyKmU1E/TKY8ZEHiNS7s9g2OIZIUaFdT8YPMOdvdZSt73ssdznjzjVnQ2HIUySoruyPJ6O9nb3Wr3VMCKcGY/iZOXMhTvfvbZzb2trYzvp9YCX5VUSZhgDL+Djam97l+/k+TArcsBecb691V7q7+zubO20Ou0Q9tpgZWjt1Jntldu3Xns1aSSnz10Q7DZvAlqIZcljUjolNA62KSNmAbiJXoUck2N2bzqhqI6cEqEuPUfSbQjKuzg4jAelcxadBcJiH9mJw/ZA3MLuTTTb0qnVj33mB/g4vv3a67deeY1THfb+q/iZLiI5dDDMtCaDpXC122F63yr3UeqktdJ9jnPyj761uzHAAwdVZAm1d1blXZbh+/WvykVJMLF8lFZiUmqLTp6/Nn79/uzPfbLbir1aGydUEdLLF85+89uvMc3JCneTBOYw8h7K8Ik2eaKU3KqlqC0oVMpwZJslk/zwE4+QQ4YvXCd/5yt+fmIOUvgC9c++4X31Bvvffj/rxkcZyY994Kk//I3ftfdzla0dXXS4z83iSXJ84V98i/zjL9H+QJ6ZwW2PI1lm1gaTkVlKvnmNfus6/Tst8tMfZD/x+APVRYczTz722r/9g9JDI3Q2+avl34520BO8PXNmjnDfCkXQKpaeJu948Dv50jN08KaXH6BxbXf3tu8rbImqtpxsKGVTLWge7oM7sfyV6BBcuriP/RI1mmttnEDgZIIv19MinbJsUqQKOcs0lePxd7LhV/uvckbkzc1vzvLxM5d+2qex1iFlLO2n6/10I/Kasd+IvIZP0RXWwWXQgbpvvUvn2LdfLk9FnZAFWNHJUWsJKF3YCRBFhNfj4zdzkkThL/3wR5ZaB5hjunxm+Rd/6MP/y7/+6rGbPFmPu4/0N6vP64gac6+Rn5Ebw9oGRFXgDRd0gpJIHAlMESZq1kGZHHUtnTAdx3qrvyIKZ0kdlKeVjiyZ/ON+BW/zZPn//qP/8AMv/b0/e+NvrHo1aIPakHvB5OHPzh7/pI3nVg1Uw03OG2bmnRXuBytb7qAAABAASURBVOW+Hg36r77wdfIeCbyop89dihuO9YvNqLg0di0uHi4c/EmeX6qCTqphdQVI8XhMWk3gP/7ITz//8Y8ezE9++zvFv/viB3/0c1//5CfSJIGK/Hd/owbOOHluK/8n/4DwLc1P/VzyR36eBodT+e8T6EH0an4Dsf0ff/SD+/Fv7P4Xyav/8z4RyGi9+Np/RT/+f6Vh2358Y6/4b7843YfHG80Yj/DXP5dcWXJ24GwyGvx//xs2nA8tLfLpb/4DyvVDT31sXpSPffChf/Yb4CGxpLOYc22vMqz8gNhs/KGH7m98OxulIAt5m8NKh75yj600sw9cOOQgpPqHOIJC9QIfaWm5dUfLqVQ/J3SUhkyiQKRJfyoxHLaHHWJhXh1LJ7gGMYlnJdS2dOJZlkjMtUmfKYGg1JY6bLFMv5RvHcvl5CvktzRfOkvWX2f7bk0NO0bdh25TMVUWKSLTfJyOUOYDZSJ6m2g6wy4Qc1IwalARdbwzeeHvfWs6nDGKckM4ZTDYGH3x737r+37lA51TTTs1J2WZjikxkaIlNZEs5r9aWh1odcBVbqmshcUfmxhsTgIycJ0wl7itnFpb6a0sx01/Mkt3+xt3Nycbu954xsVeSZQEoQfiCBAzgdpE2Kz3hCOdopim6WRMwVA04bqesBH6zThMwKw1jyycrbMsZVOukeXFCv0UWIuAp8sAVQNwkyznTFy6vbuzfud278xqb22ts9yL4lgc5xMDFKxGc5UuT2OWziZ5nvqBB7iWVpPLvlqdDhevBVEkvHKD8FY0mmQ/BHUSfL/idqmlP8N9gufRwpWuo4JbNlghP85STl9n/f7e5r07WTr1g7C3utzudru9bpzEwlEOscmgSBNufaG/KphtN85yNU49W/slBpDagDD98MDgIBRlrYlRVzNbf6kYS52tUgkYPIFVPIGCdgePdFpe4m318U6LTcUcRVNQMwuwaGhTXMGDrJI7iSodQemEkrTqxFR9mICGEKE+nAnFv7J+QQFrIoAmaFgDL+wcbQAHwpXs5sJThUpDKAkdsfoFI9dALZl0vqNbRuJRnMUW9BCF6gwha0JrOhLmwisCc0jYEbC9tDAL54G/nj5UqKFpertHtVzBk9gOqwxmHyiCAKsLPIZwfxPGAYDHwNeMpyLkRIE2sMXECWLoTixeOs2m47FwrCNrAXohwK15gRBVU2HghKjRKC0i2EPUlEoET05nCbdRKCLdIHqQUwFZgdXNQqLoggmrB1BmqBqvVRwA3CQM5NgUzSOOzRv1ovrrqc/9ohBa9myWCZqUpgLVBDbJMyhXXqhsqTUNyX5zmOo9II6B8rFMSCovSEmi4Qyi8qwpXeho1MbiqKlFyoEttBFZIJJFVz2LddLQAiYGJFOGpvAlqy2PFghLiYXmSlQcomUbeMXMLdWLLHHP1erVl5jdt2q00opQLdNC2zW2rzCXmakoxjOzUneD4iZpbZEUfogcLbCSvExeoiK+UFxnITg6zxPOwcCcyZSv3jAB8zQFT1KcDRCJAJnli3uBGowcE1QTTEhgpR08SJzKQzWWUT21n5AUVbSzV8NHy56iPlIID5SwngSzKOQAkx2lWkYOCYa6PKYWLJsDlMzToTeohhArEhNFERrbmkwmw+GI6+SEwwu62Iqu6wiEuAgCvjlodzrD0Xh3d5fTrl6vF4AVOFY72/ErJLLo0ow/Aeiwb1x5HVMoL3tA5YOg2Wy2222uNd/e3Go2W81GE4sHjKM4o4/sFdq54uUdz7LxeOJHQaPd5J3Q6SSPP/HIoP9yv7+bxM3xeLqzPVha6eYpa4TR1XNnPvLk++4+93zIB6PsRF94LxTrkHFmIoOeZsoFqTBgIJgYPkr5JkX65CKU1EyDdz6wo07sd03Aply8Gp4hAxIc4Ikzo4IUAIMjHOGIE+eU8/3A0/hFFMxytpund0azZj5bbTaTRkCbfA74nH0JO51BSmcjAL8TasnKkWZBioXYuTJihLkAIgBDjRCB55sVM6BLKRBFrwD4SwajKJvy1T+FjQ64FfGAIoWEIjNG5UKBXjWpcLgipzXQQSbQV3A0UNjc0HTc82UB0nSGQ5dzF5zmBnEkDDdBGnwXREQJZRsJOgorLi/NLJ2wsTr6z8JG4mEcz9O7RWKdUiWH653vmWCYccE+w4Oo0VheW8un6d7WVj7LPKq8ZjqMOy4xvlhfEEIpnOmoNIUZAxm7QDBTQcBXEgUXNuiPzJOcDiNajM9q+oJS97wv0R0oN3KewIaxIpsOx8PtXb4X5Uw2H+d89Rn1B3xzHgRc08u6y6tb6xt5lrfacTrhAn2v01u+59/gKWzdX28sd7uryz5a2RGLF+43+Cofex7gb/Kc877LKyucodne2ORD8cLVy+ALk2V8Q3X1yae+/sUv3HzjWndpOWomQuTAPLHCq+O2ihFWTBuVFdBMv2w76+qYA6XvGoK+cGDvEOm3c+Vsw1Mf/TBf1O9897t33nyDkO9zozq7/YUXTWZHZaT86Vo7kTNCie6Ya0dkmpN/8M3d7VHOmD5UVGPjhBD93GjUqMPtSXxJ9VspT2Rm5GobJ9SIMaCAu8Psv/03O3/6U93z3ZBp7Zo+NY6VKNja6rI4t4COt5jwDMhorZMdye8zMyfQwAnVE0duajAJPWFOXzxDDhP+X1+hX33z7ZDB39yk/+Vvkr/8afbYKjlsOHf1IjF6UfnQ7AWdB4cLmticv3qJHEf4ty+Tv/P7dHObSrsmltyZKPZFX1vjkKApwMGI/P0v099+hf7qp4tHDt9QpbB88RyxJheOYXuWVR4cMjCy3DvYHQZrXSbvksClO62L3t5r+8dKGlNJF6iUxeKya4kLDI5EP5yLOxETtmTvJDi1SubbOOHypCFLmaF7MoUJA008cJtCiqcojPS1J+CwIADlT14b331tdCMvspYHNrdv7762OfybH778M6utqxhTiTLJNB/MeG7C8p/PNbReBEJ+pUzwPc46erNiDFssyqXyLVk1q+SFuvZWV/P6Vq+fmYJ+Oe+EjTRHciMbRcXf8+c6jzhy+NiTlw9EnGBY7jQ+8vilL734JjnWMIjtStlMoGT3zBJrEUGXU1QrBUYjisKoJ7uhY/xA935RKCYUe1OvWa5VEsyCytM5tvxOfYUro7KeIomzwprYlk5sEZ5abQtCzLHIF5/8j//qIz/7o8//dz/f/3yT7ic+GzLfO/eB8dM/xrl2ma6cabpNyqyFKwk6OOz55QLcu3XdGNZ+1wde1NtvvfHQ4x+wHw6CQy+Uhw1Z/mhMvrF/HD5Ovv3SuUZjfOVyMIIj/cXLr65+/KNb+JbL1f/m/+fyE4/f+dxnyq39jRfOtNvDz/5ghpqY6bS4f3/1ypWyF570yzukfT7+q78WXrlC3iPh0cvzXdXkE/bq3yYHhlmfXfsH9LE/az/7H74yPRBVzCP8T1+b/Zefcyjh6N/8+n6IExWmv/kPo0c+QON6KvrIFWBKSzqLOdfq1szdsq5KS8znp1AfxinbnpB3KrQb9De/kx8adGI4NGr94B8Hq2DFJ8RoU/Q1rUUSzHJPYzWIshRCXEsnMkdGzH5KWTrxNGsrhVf28Whl0UTYekXfOuJXpu+VLKmYFcwwx1bdmXmrK0bL+RJMrWHMoakFjJUYXS3OOQT7K+HGVgo2boPNeULKuwCzb6FOOng92Zu9+HdfmAxmvHFzkSGeROLX2ST9/b/3wg/+8afbK41qyrTSa7rZ2MKldaurRlGpHUroGcLMOGPO98RBn2imhXFJ6sMPP8x1GjTNyXDCBrPh3a10u09HUy8vGmEY+D7yBJ6QlEmLH4JxnXLt/nTGNaJ+SMFPSSv2m4nfiGjgg4qKy2S5QiqHYUdiLtAKCi63CryUS1lDvwAlSJgNp9t7u3u7u1merV26ePr8ubjZAMfSaKCXgK59OptOJ2Ou5YVnoM9K4kbUXup0up1muwkneL0AlZe2Gl4NDKr2lZSxelahpLix0wGVhDgfyyMNB3tc2jYaDHg6nd7SqbNnu0td/pZr3FQi5aztjjlKOMR8mBuUJlsakLCV9IuWohJZa+aqMfWwL8WnSkgjekrHl/ognYX+cJ7i3IpCqGvNIkM3OlmGKAdhJsdD1ZsHozPATzzlF4ZZxkt00koNycqZWbUjuDmqK/aBoZSgfoL4hEIF5RuoQJsBQqpc1JbKCXK/ZvYsFZab6RZlqj+UlExoPoRfiiAUcBM+0xqNOAG4CXoFwlIRRcDRmrhe04QBcTByMJvwOTEFQYofoAMd7fBCWSAwh9CgdgJEgg0i1TG6fbBvSa4iS49CsuMKpx0oRdWOKhgOPFGrQLryCQRkDrAvvIJBFADgDK2Ky9bDTvWsrlFrhdg6pdkMIU2z2SRLhd6db0Bw84Va7MIGLriMlgGWlCQ/5TFf07/l9UDLPA838DRxM9+y/RGhJxLUcVb9i2JPti+ptO0GzYtG571hjmSjJolSs5yohqJEc4jdF5UIOrztShPFzUlyh5wnA5goH/9gnYLPBqROOZ8I4KxAoNWErNUTaje3HmZeE5EkpYZ1NKHuC2JLXijqAT1FygWGzVNudAj1bBrCiM0VMJ0qq2tkuy8W3RvQiqyRKXwDX3IajUYhUJDT6XQ8mQDi0fds8oesPNMcaF0AtxrCMFe32xn0+zvbu1ubWy2w7RbbC5iuNidJSHbBz45YDvkvnc2EpjTSkcnJBJ5dEPjNZpNXeTKZbG9tr99f73a7rWaLStgHLkJS9AllimhBfU5KJ4BdmuaeHwXhE48/dvvW9uuv3Chy8NrjkWBp6RRvPFZ4jZA+/eQjr9y6/QcvvLF0ukO9hIAxBwAzgYk55lvsPGHWhkR2D0jaciGbpVITz2+UvUQZ3m6SeECe70Rx3rFAkeZAX+XmGfEZWJokrLCeibEEKjxY1uMip8NsSmdpY1os7W4HcUiioBHwhZ4mUSPsBrvF3mA45NwU50lYbnGZ4gfgxIW0Q88UN+VJCsMvQzAtwVd/4RFHHC+l/BmgVXIyzrmWAAwEoP6Qgn0UYUZH8CNob0Rwn/gawXFy+81rALAaoKRUi1uocBTGSJChnb0851ODMy5R4hM/kIYjPHCmongKKp0tQgl4WtOJReOiRiI0KMwQRqLpK5Pbft2uJsa/XwEXiqTV7K6tcEZ2uLvLmx1tohBKbLEFok48HI1ycyWTqKrx4BXnHQX4T20/AkFwtIBGwpJr2Tl7n6D161r8BJ7CBN+az7LB1m7SaiWNJoNxEfFVYzwaNZt8dQw6S929nR3Os/p8Rx8GfCi0u52k286zdLi3t37rTtJM2r0uAQtmmaClwi6U4M7BDirUMufL2cqptds3bo6Gw+FgyHfgYRzxxaXRaj369NMvfPEPXoui933o6aARz6azOIikbwGw9ENKzJk6hGpWZdlUGkNwTCtUiZ9727mo937w6er5s0+3GnGr8cY3vzU/HpM/i7awHg02SZILHXfHAAAQAElEQVQ3SYBiAjXaJXpJaWcp+f+z9x9gkiTXfSAeka58Vfvu8W53Z73DOhjCEcASFAh6OZKiKIoEKQoQdTT6dKeTPhlSOt53lP7604iiTjQCnSiAJAxJeLtYAGuw3szOzo6fad9dvipNXMR7EZGRWVnV1TM9swaI7c3JyoyMjIiMePFc/N6Hn6qvtUOtwSQKp0Sdx5xcLGCrlxjMdoxoQpTmlMVlyjzySflUukzME4Tsgw/W/+k7Jh1bG6I134yNoGLfhgXb1pRxDJwpQb0G16E84YMiH0EoFFU1palkRO5UkShJRpAdgUpKxktBRP7vL9KXlq7ers92l/7q5+2femN428L2HhT0SqlP05udVJL9nbxHx1vFeFdztSO5vLTeIr/yUfLcSUuylbJo3D8qWZWYsDFCBvxO9FNrdfLLf229+9boB24hl5MsN0OK0bNMihwsJsymwpIOOUllcNxoa+Y0apNXTKLR1uFRFEWJowuRlN8JAR0G3QbeSbofBQb4UIyTgLB62FUFoNdyrLCTT1GCXibo7srU8by/9mzzdEeguUjNKAGH5m7QevDFP5mrHrh+4S21wi7F8mnbv/Bl4Yo2P+iZ+kJVe5Gn4NS00wlJxNyRqzmzLbMVA91KpIecSfiZpG3pE0Li3yTu/IBmBIC4nOS5zq1H9oyf/87r9j7y3GmuAyE7l5DGj6ZUdJTSS62TJGHS0qNNbFqzc+YjTCGUaHaSGOud0giThKaCmKYq+VlYjH1iIJ2kqsoMFnegzNhgoD81/+GWP3HvP/9k8L/tO/2FN539+MHeSxOkWaM9fm+T5TZI+SX30Jf3fOeZPW/81ekvG9MLS6SDPIjRxK2TmSugKcpH6hvrg48cOXLkZ//JBx5++OHf+/2RQBQvRxqscKhhBcmOpIxifP+tUfQxy0oY+V98aTKKNvC81XKOvTh/7tzCt7/tMS4rVyr2ffc8+/WHr//GYys3XE9Onoq+9JW9Fy7Ofu97XxJyN7fZlzsXF6fOnb8wP+ccObz6/LGDTzwVHb2Onj8f/tUnD/MM3a7n+5HrShLkn+m1H8mdWz1d/fhH9/zYj3NNHHk50mgOZPBuqTiUf2Ot0yQYKyoSrR83f/ZCcn5jrE99Zj3qBpz3jq9EZ46P8yDrdsKVC86eQ5l3ucRparxTj5LB30xfZyyZhRn8+rAShqUnz18xNL/xUilnnV6N9k9vg+VOeJyYV0ydpqHESuooMgvUD4j7OoSA4j8lE4Pb8xI2bJqBdKLYHQYBAmQ5lkW0FC+RTiT2iWWWz6Q2I36vLMeoOovFHlm+qo5itqwY6QT3soo8kklIkG6WyadSfSvVMao/1WnC0SJebIyVRXtvxNygKiXlpWF8UlMzza/43eCpP3qivdkVfB0wZ1zPF0HTATeXBP3wgT979tt/5DY3Z6dKZoNIrqpWRK/1xjnRtTVrEvfCqJRWz8hpmlSuMH0w/xUnu+YXJotVWyiv+my11VnaaF5cYZ1e3rILbo6TC+RwUfWKYJGiWlHELU69PmfgQy/vCjxez3HyOSvvCo8TCxlMrphlXa6HdSwvXwiZoD7iaRGHXShSm5sbyyvLa4tLxWp5bs+uysREvlTgj+vPEUBsjr6wXbS5mcv2rGK5XOBKtVKxXC2XyiXXc+QooEPNr1pll6luMk02BCwmeIImcq5uazUa66urQl/HVdml4vyeXaVKyct5uM2Y5+RivjL9JIrSzNWVVnOlrchK2IivKCO9vq40psSs8OD5sESp4kIzbmk2MhpSVUZivVBczzF7CX1bUSMqYueIAAKB9kXACuQLBcTVQI8TSuMNzHH0FnCwjtTPRPW05nN46+QsUB86ysKhTxtTs9xxjNuiV0S8GIgag/sMmQivI1A0xIYm9e22lQZ9FYjBe5vDg38Q8M2xC8VSPp93xQi31F56+Y3i8SyjE0gPC9BLh2KattoQCEuYPYRXh+vFnUBjM7MsDcdkhG2ULi/UMEUbwzhiyg0HDLUZ/SAzWwMDD0zgtrDbijlrOx6OCgCnl6aEtCZLLZfiaiSRXEKIcATkCCKJCPAl4YLCYkgGih1MEy9PVXKw2kjByaDZenS6hMHwikiSiRxYnCANpwFbEocxqNZYl65sSpBlPWiTFy+t2EtYZcw3aobEWC4JOJHY0pWL22OF4VME0On3Or12N/ADBIGisAFGzl3NxWRB1sjCB6+wDFaZmpNCKW0lA2qjE5kg8ehNRmNGkSanUvyVtbySXB9ZokPU9fGcTiBKAtGkCp3kkMgKBsIRO8VYgRO4drvTaXcBOcojuuu1NZFl2NjM1QL9TkrF0vT0dKPe3NjYnJicFG6V6MJClKucsSxhoBkgsIJocuIlYsuFAtmDXBZTQmUvDrsN303UtlQKgrDf7zcbjbW1DddxczTHP1WkViFhyYfEzeuFnMNpaqPd4k3LFUqWZ01N1A4e2n365NnA7zFWbbb6Z88s7d61K5fnlJyynPum193W7LDj55u5Spmzn12/w23xtmtzhnOwdubCI/wEKYA+hBLvxhL8noAfiCkCmoKuKIVgA31Js7NddTL1cqW0NK4d9xWnaKGq07CciMg1wmuDcyHCpGf3Q+LTyGVhqd3x6nXq2rtzOc7S8O9Z9IpBni/ZQVeE5+QPh0TJM8BXWhEgLwkFCcw8PiAECBonbSC7CQHIsflsCpjNOZbACgHuRLyXj6BI+J4yzo1Sy1X7B8UYB8Qnl4qcKMkjFBN653FNv2BkkTOSMHWWRt4DOBPXFbscgPsQTq7ccMeveQiYQdC+ZaOQJkLxhAKpjUG8BhEbxsfRA654/C9vUZcp9h0uD4wt4eUjXW5f+6OOxfoGZEsQ5M5y7VKl3Ot0+UrX73Rg3XHUNk3psy81JhKhC24ArbYSSiJxxZZAsgQi4Qh/TX7dFXHfEPOJQodvrQ4zKDaeIVyYoF0CexCURt1mu7GyXuYS6mRNyN2O16o3HSfnuqTb6uULxWajXmrVgEtmXPU8s3d+7eIiP22urzVWJwqFgvDTghFD+agSUocIG0mEjUwuWzzP3O5d506dPHns2NFbbkHVAG/G3N69e4/ecP74C9XJiX3XHObDmiKalKisHTvrx52P3RKZfaVUVewylqfsxAzMzystkO9gGiUxXq3EBKGMipPVQ7fcwBUxYzywXYehDOUgRnVkWrdoYJzwK4+f71xsBBITMtYmDMM4Me/GdSSEsMFnYxQT5S+ibK5Egh6Z/iiJtnb96DPPd+6/oWiY51gcgQIAhJDcgHZMPiW2A4IWArYZRkzzz4I8SBAUeY7WSeVxQmnM3UpUBiaiO5MxUi8g/9cXrLOrV3sicM7r179o/9Sbojt3b2NUc2ZSnVISG6VTFtb4ZODHtl5xKemFi+Rf/hHtdiXPyJKeJcrRWmmlDZ1v3IDUU4T89VP2M4vs59/Ciu4lUgDbcdP9k/KBGLnIs0H9xYDgDrEHhyartp9WDtqFuaiwm7wykuXeTboHWONktHlmaB4NPg0LmFbcax8UeWL4ncikyEnS8URmllNfEjjEEU1jnBhWFoKQkEx6hMS+HZG+AptAKETb6Yb9072Vc72VVtBS3DJBeFJU0uGussX6qaXG71dyk3snb949cWPRmzRQTzQNjCyF+2pe1+Kz6f5m+gIK3T3JmnqUmK4m6ppkvljyHjD18QQnJIGGEtEddpK776YDnrsNRxbPde66Yf+DT75Edi6FQ2M5yw3lg3c1hggxMpjSJHJbagkT0otZBI2xTPAZOfoo4pQMIJ3o94GzO9WPqbERI50QYySrxQmQTkjSf4Wot+CzRplqxSeR7Z0+9K4/OPhOVUO1Xis8FRuBrdNEKfanSVwlW6WsPNEAJ9PY3Bh89Bd/4efuuOOOe++9h5+/0vxO2s166grbatm/xPUmkYpB+Isu/Tdm/z39zJGnn1G3i+35+bW/9f1fu+1WOfu+452tIHjhT//sHvw5M7P2I3/noV0Lcl2++85zH/n4zK//1uv/tw989XW3R8+/cPp/fuhuLv14Xv/+dzzhOKf/4mN3/t4f+P/w718U9fejU/++tbYiNF+rf/2RjQe/vO/9/3TqnnvJ1Ur0UvvQG8G/NU+R8RLrrJlf+MxGOGZleLaLzejgREwroo218R4l4eLZYU4nnucYbyBZ5/KKJB/KOJ66S4amsdrnXfWoOqnU7rGOfxlzS+972cLjhKp7+rZ6wLwCR8UQMhlhh0q8k8S6r/iZgXWfGApnWZDy/5A4KAyRTogU56TOCRFQ1F39XoM5luuaRRLvVW9RTY/LV/VEIEHLHtaB2PsDAT3SckTqKaM/49t0K9SQRIOIIa4MPIVXAj966g+fbK92hFmBYJhvwEqGfQoMd+8w1qz3HvjY82/9gRtTaxw1QRG2qs+wmquBlGp9RmIskZViL5pLy/BVZroy4fpR2O0HjTZbbXaX15xewFVOeW6jtcXmO0CqB+w9oWDlWk2uqQ96YSAwDaKQ57Lynp1zvYJneQ7nViNwheJV8kO/z6KQq2Qdi18MhBIq6gVBrlzqt3tdv3f+3FluofZK+YUD+8u1aq5YENAmGG8FH+/2+lz11+v5IpyNVapUJqanCuWCl/PyBf5KV5kvBM4F0TMjocSneoQke0GwK1EUGt9LHLlaAMKC+Pyc29A319ZWFpe4raZUrZYr5UqtViqXMM4IV/RRYVtB/Aywv5N4IuDJOCqjy9QpaUYudUL0STJpi/5lat4MBR5NvFe+QrK6Rj2pcviItI1/sIKDjhpKj4ROMxKuBhFNEHOCKbc8x3URrV+Y9pIxdIgqh6loL7pwlu4oRrSWiUiD4EBfMaIV1rIXyADknkXpoA1FfaaI6gvotCFxTcDXBFuHVRVzRkd1Nwxng19Q0m041ddSdNTYGC9jdoPHITddOjbXTee5eYb/nxP+Ig4EhZIdr8yq+g1QOd7/4CIjQ/9wS3Sv24XVhKu+XF4CopuYlmPeLtWDqutBTqHqY2Ui8YB7iorhYwwzFsellNYThcUic2jHI946gdwi/E48MOZAw4i5wUSJdzhCYIQj0oxA0OEWHx+9THy8QsQO0EC+luHeM7U+xnJcmhvSrWKGtUc21siZislishjx88mkaQ4ZkobSosujA5eWpHJXEky2FdNIt7qlHhf/WuYFkvERgANPLquXSoS39xS+ZdBx6lLfnlE4Jdv4mhkERDGHMqCYJR2e+fDn1rKg1+93O0Hfx/BSkYwkJQ23NGZ3CGy+QhplqTzUeFG6AlShUcSxqaT7GUwvzIO8q4RKElZXTmPQ6SQmjFF6ZsTBZNQoQxIs949peqa8D5kikNtDOiFJnk/f4imXyyPSU6fb63Q6+WJB0lYjbfn99UJYqXAmpLq8vLK5sVEoFoqlIjEXBiJJA74aw+uAR2AgyJXvA1F2LmntT860EfmAtvJXF4tF3mqAWrF4bTmrNFGrOQ7GwcHJL+09iLDF2bp2u91qYIAUuAAAEABJREFUtISVNMdv+bsXpg4f2Xvi+MXNjc1KebbXZZvrrYmpMhWhHO3r9uxp3UlbnceXWkLNyk3FfBiFfkAhuMmwNsTrIco1fBWwQSGLntLKP5UNGCl3ZJZuK8mZQ77pkqG1x3GScACCEWPJ4IUi7I0FQWbEl+PMUug4XRZsWtYSN5S2OjahOccrOXnPcflnznleIVcIGePzgRK5hVTJzEwguoEPC/a9pYyUuFgh3psfCqjGQPxx3bx4yhfuHZGM+EfBkSnig9ARkiK66UsfFIvB1BC73TVnKOiTBRFSRJv51BQaVcuAvuCqVYydCWuG3+vjOReA4DmwTNgQ+hVBKBmVIRaFqBqGPum32wLozQZOyLEZIg3SEZ2Pvf1ya2iufJLfXa1PTIkmlHcVHyjFglvM85WPc2PAougVFh1NYIxCgCPxBZBXj1iCFUkuexYoXCA8JBdXQ+S84U40giAPkh2pGNIaJMFwWwjxF4Rhe7PR2mgUKxXH83iDyhM18H90fL/Px8zm+lq70SxWyhSC5pRq1cbmZrfV5kt7c32zXK1Wpmownyisq5YvPKwDERiIkRz4nfAuqtSqtenp1YsXz50+MzU9XatWOe3lgv31t9/SWFk5/o3HpienCpWiGLwWWjswNFZm60z5/KoS2C055pc9Xf0VJzMJmTsIqOtUZ6auveO2sZ5RhqWxOdKEmMrkawny5imME94tXzvdwWVAWqHSRzJ4NDUOxlG9Rb2RpsrB67JNZpnJtqrSHjnZuf/GIkFTH9PP4voiolYojaoKshPbcNG/RIXXIeoKoRBYBxxNpC1Pr1ian2FEIaiQMZIfkl/5AjmzQgh5eRyw/utXrPe/Obxpbtz8DniE6PHECEto+Yj5i15lMsLTU2fJv/4j6vvwelVLVLBj4ufXH4xu3EuqeVLJi+Nqm5zfpOc2yPl1ulaPfRcTWmBGTi/Tf/Mp9s/eTibHxa9JJHuIBUtPtsSsUyMqdT54MmZyDr/b3f3t5JWWqrvwX//8Z4ITf5WZBbfeyrWJKmB2w9KCpIEafiemI4YeqZgSF+VjRHMeKYwTohFEQISOFLXR+RWuidhLsOw3VoPGWr/RCtt+1FPqRSXZyiMEHQfKAqpMsRw3ehvPXvgS/6sVZuar18xUDtcK8zZ1qdrAgGIZMb0KiNaQGbEpk61g5kbGzHk4CHaiMyONJBJ6RT5uCJ2U7LwstH9+6s6j+8k20703Hjx5Yf3CygbZocRkhw/NYHYmpSRDbw7FaDOQuTqly1VKECQ3qrQYs4SmcEeS6+bgXbnSUY10EvtZMqUDpQNYJsTgEZKqyfjrG08l13dJIWmIjssDdEw2lO34eCGcERr04eDpa1/7+h133MFPfuZn/hF5hfmdADh/ZFoj0r6346WMvGx0/qNh9C7H/iQ/37/P/eV//XBWrtg8zE023/ve5jve/rXFxYiLGnv3CFWVvnv7rfbNNz7Z7kTVirj4439vabN+odWKFuYdsDrT648+TFWBJ397eeUlW/Nr/sbqi//mX6y94zuu+dmfIzuYBjgQxrLpnhZuWPrxwasj0tjDOUgAzFj2NmT5tH/K2JGkRsw28KRh6ewZJRh9kvqVWCvZ6HKGpYJLuI27UnwZOF5MixuhOeDHTlLSp8nfxoJIjftU3TOuU6MU/SxIEdpXg2kZXK77MdKJZnAGkU6IovOo6Fd2dMkXxdctjUrCVMwdK/O9imnWC1nivZL3UgtVsnyJdAJ2gkyWNk7ZV2nyDWY3ai2F7r9ERWRm80jUrKdZdWEJ5xn50hOfOt682GQWYJxYFC3PDGwjEZWoJ4B3whZPbz72xVO3v/lAXHdtvFGlEcMQSQdrO1AHaowPsz8G+ysxDlnqqsl6DJUtrU7fYXZraW3t/EWvE5JuPyd2xNoABSrYVIwhTnFnkthIF0a+2MEa0sjJeU4hx7W64HfiRdhR8Dpuhe5yrZZlk7wbWJbPLwiQ3Yh4TqPTWltbXV1ZCaL+zJ7dC3v38qdyxSIfbsKgCyo5ASrQ5TauXtDzeRnFaqkyUZucnipWStzUxMeVA4CbETNlzZR1QPVCbKUeRaA0x87tzPXNzY3VVW6j4bbqmYX52kStOjGhjOgU/CYiDBbCTDvVQIFj+p3sVIK6RAnTJpHmJ510TrITKUtlQZN/ce2GSLTZSbcCzgl6ZGDYGQZY45hNRBCAwYrnaIC01cb3VDNB2xtDmwz5dtmfcvv746JYb8+MbmeUGe4u6OKAUB/8J7ftagcU8YBBScx6muNqwHIsmR/dFqCf2omB0XgnBsP9jFylkxPQJtw66nq5nOT2hXaZqWUFa6pfZ4HHCVdj+/0e/99Hky03bfK8InaNlwOnHxtDXchhqXvAmGu6OYQkRA8DOUaJzyxueKo3Ym4YKwc7/G1HOpvYMDxglIj/iIi9wGLNIWWxFAeyjrAeCW8SBv40EW+h2O/a74dC9a48ZmCDvGig5Ip0/Y1ak/RQine0pOi20TOj0sgMmaMzVeZVI0RZSdHkeN5fWmXip7KEICsr4xVL2xPZmD4SOf6vWkoNAzI4WFBc0teFswnXbvGVWCBK8UnQ9bt8LRZzgRNRAtg/YDylGBKCyBWY0YGhnTkyExcpSWvLqZrpijmWydYBdShVcbtigqAoVMwHUa15YIZyjM9TS9EfDW2inE7Uhe2F3hy2OIA/hYj0ViqVQiD0/V6PAhAIMeo64nE8YSowXqFQmJ6ZbjabDW47rNcLhTwxnW4MT2Ptd4JeIEEUoDsjAfMz2XZKLdhDF0NcNgCJxuINn5yc4Gb0ixcWLXudt5rXn9NnCIiI+lNK1eBzPNtzvXajxRcWbrH0e52pidKRI/sWL25cON8oFmYosVvtLrfETM9P2MyuN5s3HNi3vNb+4uPPNv2O4xVArrGJwfqRAb8qKuOaoM+blPlx8GghKm4JYVeTgRtM22M5XjtJ847akYsZBMUWtMmiSneNWQAEhX99x4mo24yipaBftJxC2yqtrVe4vX1yipMPbjjPef12n3PuOPrkl7WU1zkjsmCFggeuLYw4KGAxVrQtLs+EFg0B4IQFNHREdBzhhhKyQFRGBNlhsZBvERucQMQWQnQvEWYAK441iJNWckHANFp6hZBAJqjMEpwh4yQYuoV4+ZwltpYqHwRFKwl4n6BxggikCr/bbNoCaMgTVigbnKssBD8Z0v3K2+Zl5BeuVlJkTapa5JrOedhSrdrttvudTsB8wQ6HShPC1IqltvpA4CSPxbCEEWPmNhAW6+yBwYwim3OTYog7jnJz0y7qW3c5Y/LdWjVCpewnZIt+p9uuN/ggsUsFPq6mZ+dXlpb5ii2GCrWZCIHZl0ofzgvn3MrURLfd5iJ9Y32jXK2Wa1UiYSopOmz3ex2UICxYTQAhh87Mz/OxuHTmDM9aKhZ5gcVqZXNt9fDNNz39lQc/9z//13t/7EfFZh1BjCMR74wZnZ3R/0S1ZEAszORWxk6mjKTPX1Y+eOtkVu8VUlUxqvnYJnRu327ijxksQ8lAbHxPaHOU6B3PCYwT3iPnG2GzB35aSVsUzcA4MSxq5qoufU2I+SyLkUhp6hOo5Scuk6od4ckyGZ/WLy33Ds3kmGKItROB1AdBfEDAJqBGkB3QrkUYZAd9TQhau6Ee0vsECpS+KfIpWYpxOkb61S9Gp5YsgZFA4a3gspbQWmaliXJ03Ry5aZ5Vc/HXOrlBn7lIXlq2wu2Em+Ar6699yfq5t0bXTJNtJc0HsOSVrFzZ93Y8PX2W/KsPUqEZoAa+t6rlrjn2Xa9jb7yGFL3BR+UEWe+Qx86RL79oHT9v6H+hBF7YSt3695+J/sU7SDV3iY1RdWExs02HZtvyoqm6GzWtOYs/czd5BSdn5q5hTidmkvpsquItjud3wpJBPvCi5B2QGhAyiHFiDPAIyImgPM92Ly4Fm+iJhsd+5LfDjo6nA9dl/GmKyimKAKSgLRUu+JRqKofVxJg7jG12VzY7K8cWH+QPF7xywS0rvwFslzjeduB7it6U7AEtQicxTsgYaXA6ohg2DARFnxNC2BWYyzccWLj/vhvIJaXvf+ttn/z6c8dOL5IrlTLmmdEHyMlkKKBochElsQYkzgG4I/HKiAVSA3cEz3vtxV7rfBT6Tm6yWD2EDvJpVBIiQ3YauCmU6YhLZpnGuwgMTQq7LX3/TBRtUuLa9rxtT+lJRZWvf1ym8jVJorBk9NS4NCqlFyNbJ65Izrz+33/nd3fv3v3e934XAb8Trmr5gz/4Q/LKSJzlpzuJD7SNeRiGP8pYznU+Nv5TlbLN/zJvcZtftRLfqlVt/mc+yI9BM3jp11dWPy8jIDDcXAbWjNVP/VXn3Nkb/+2/t/OX5MI5PI1LAYc9Lrm3bemTX9WJZV9hiVvGLy1KpJ5lQ0obmp4/5996yPWcS5coLzkdvxC0e5fwgaUaSf8TO3ykVOgqs+lxYjxJzHVEZ2OIFBJjtsmjKRPJUpTV0OSDLO00ISWIWI5g8sg++3+nPY/v/xdfZhLjxEBSYUnGV79XlU9MNWAsrUjIR4nUYhk+NOmOZMlu2GJtMHqUJEA91FM0Cylk8FxXnySrzwyfD36+emxl8bFF8Dhh0u+E0hBu4zb8ULjVyHN+fObRC7P7qnsPT7GUaVp11bD6xBUZUtu4LLMTU/tpB7uLGbf0MBnIjydWq3f+zIWg0Y6a7Siy8p7HVWiWbXFLsi1CxOYsFIW5OA2b8WD3f58rTi2Pq/lzXjHPdbncWiDiOYIozl8XMtqLmOXmmGv7FvO5zsl1QnGd2bZ16sQpv+d3290DN15XqpXzpaLY/idi+Ebdfi8S1l1u5ep1Wi0fwpJXJien52drkxOFYoGbxmG/WASjK0LG28Ytf5Fpo9FdpRseqQtJTiOpldpYW1tfXe13u6VKZXZhnjdfRFHnmup8Hu3Qyrql3M1FWAGpyIpn6KXqtS5ZxYRvZ0a8GO10okOWJOxz0c5ENzNRXfS14ZN5gIvO6ihmOM1gc6JQembI3YTQz5z94zYsdCmgKkxYqv/NjwJFxS4mjOmRwMwxMNBAqpjprRjY7MbG51TuXpCrKbYuhNhA4GoltspGAcNmijdalg6sZlqsteOFbki8OihpQC8osol6+kv3OagEjFs+wvNiw3zJ8RwlkwKoAKzw6B+jhw0Ddx/UrgcizoYvwhv1fYIKav4tIE69sGkyIvTejmt+SioV7KrzcbFJqPuS4wCzCax4ahkoXyTx+YjZM4DHJBKEB3LQ2yQ5OOOBoU20OgOOr16nA3j2gDjjizbKoWjWEDSIck9xvDRru7sU8EkqZc3vuC2Xx3SOph7mjCAvQ9IbWCBJJiMe1eMn7VSQXGjhHWSMRDPLvFKWCJPgkOGNHaHs3ZFapN6GFxNcBPyQVyyx3AurLKzEwu4mAH58rlIXwxt8TqSkBIRRTcxYwaGEXGSdMgReRaCALFJKjBlE9HKszjGYDkE3T5jgBO9pveUAABAASURBVOLfEa0H06MayjD6XHOZUE8k9cLjJDJoQEQTHSVJxFhOJwwLj9l8ZSZR3jcCqMDiNueIr1XFUrHVbrdaLd4k8JV0IsRHo3TLkYsmaiawZdjMzEy70zlz5uy5c+dL5VKtVuPl8PI5pXIsW2NGoccJrqAWRI/hCwvPg6buSAXYY2xbVj2F8T48yaEgdASC8haLxSAk9c16t9Pe3FjPeS6vMAGXPbGFGi03UAH+fSvlci8IV1fWeKWm5xcsx7vrzlvazbBZfyIMOo3G+vz8LM/bbXXL1dpkqdoI2F23XHd68fzjJ057hdmQ8PYKQD5ihSAU4d4+kI6gsRGgFsIGmoBkfEw5RWM+SQXVIAaPmADv2n7STJDxzzZZi9Hlj1e3q7wM0KRAAz81IplCOQsTvHiKpwQGAHkSRX1k9wG8ptzL5VhWjk/oiASNsL/Y7ZSIXWy2S2trOdteqE1wkaZUyHEuq9Fqhqr3KcxWPm5ChujdYsD4gvwF8lsjNhqLXM7fWKxEHBHAhossfSGMUB9ATPhfnzeB83NhXwWz5Nctx+UCEgryokBBDyNgaeLlEOMKwuxGhxdE0QD8RCSy6IVnydnX7/d4HXldbOoJ4CIixCoiJrgoCWGmEF7FEg7ChMtrvVbD4UIaZVxUywEEkQCqAhYQpsYgjY50z5PXaFI6FKICBitdPnADnIOc2bWLf5f180uiO3s+/xJc6ODsOtB2CzFkkfxHgl0HYit+2xAqOea0kL3gHY5jibOVeAIxdsC/E0Q20KfH1BU96wenc6w44MPFhtHC5OcSRNV2NlbWWt3WNXffQR2bS9RcwOaLOF8MuGTtFYsrFy9wKXpiejoAH2p+nYlYuQFhjY2V1XylWJqeoBBok8GywgqFRn2TcwCu64gdiLYV8HI8d3ZhodNsnT52jBd7+OhRv9fPF4slL3fkhhsfOnPui3/51294z/1cSc9ZBr4qEYzDZw/1c2IMFyOCsZ6Rr9ALLMv4dmTsTzz0JxnCluls8UKw/XddQhoUachl8Kbj1Ge8kmGeAHHud3vb36qn7d1j50eyI52rmAFuIY71TkBi7xDdikyME10gMSQsmjxHjxBCkh4numOA8qfLzCpHHo+vhAdn1FupUgEq5pApHSnoU/nyEOHMBQgAIs9QXhfBdmSj497TTDIq9cAHhS8FgiunYwlAH3wkfP4cxbgBDFEQALNX9YNkSPXgOborumU3uX2ezZUzSrt5jr3nOv5v+NQiefwiffwc3WiO9aE5Cfy1B6x/ez+rjOtLQZPcUnpPMTWZd+PeeL1yien8mvA48f1YnqEK42R6MvrhN5M3X7d1IZMF8rZr+F/06Dn6Rw+RlbrcLUrkrk2y3rT+w+eif/VOktu+rzgbsltKil5aytLXh5wbT47HEfDlzKuSV3CiXm3EXRb7ieHPDL8TEn/xTL8TDV4POYnhdyKvMJIxaGMVFQHftFbY3fDrCD9KlOpZxs2BKxEulPIuHCO4jtpqMcct1RIlnEqUe2KaIDp+i/8pwhdb+IKoJ5V0BvNN4xzJpTM9SzN+ZPiZGJeoWvXVFfNsBxJXUl67d+7ma3bvmamRS028kO98/Y23XbvnqePnXzi7FIQ7oU8fMrMGKRhNYMGokUUTwjwbVq5CFqEJn5WYouLd1uYL7Y3n8Z7fW+q1zk0svAnizyotj1o94xXKKNNYW+MyiVqpifQQDbvdh/mr8C1hdNGJjjjOfnxYFWlUTa/1ZplqTpFk5xmzbGeGzZbp3/3SL/Mj+p38kw+8nx9fOX4nL2OKor/d67/Rdf4vy1onVzhtPt548T90+xtCdyeVe0QeCRh/mk8/8eQv/NObf+VXnUKBXF4yl85siifTleM+Xo2JjbzBsn7J9UhRhVRRCV59y9QPyDde9PfPOQuT1tUhCzy1uuz4hYAfyaUlw2+E6mNc+wR7F6uiVTaaVVhKwiUS74QoaSWBdAIJPWXTSCcs3hKGKhSa5IgYtTK0/0xuepGqb/O9UhMVc02apZLl6yIkf2bFCCvS59uipuBHk8eMyqjOIsTMQYme4KqrJPJd3Ha1+o6PcULjAqm6wm92671jHz2GaLDoa8JkIGcRAlwgfUBxiICCoXb4lS/81fHv+qFbqxP5wfawuJMS5yRm99I1SSpoE4kOOR96kRnH1CmcLb50hjS5btYhbh59l5jQuAYi4Ibn2q5QmEaBH4V+6Af8T7ioulaRa51KBaeYt7it2hGWDnCs5kVynaeQlSNbhNrpc0Wq7YYCp5qXGXV7vdWlpU67UygWD113e3mmBqE5Qq7w7XLLFrdjB71Oq9nrtHttwYpM79o1NTeXL+a4UTxfKDgqNJi0jlsiLIi216Ys8eok0VrJsasMoHZjLm+mbW2ury8vLoZ+5Lju1OxsqVIpVcq5nItWmyDoy/dCMcoVIVRgJzoOOzOUFVbi92Ukpmzq5k880X4YhCgzmlJtpJ0weA21Qcqyhr5oZIUHbahYNXUfnKGZDgcT11wYKyOpRNVmY12I9tohykdBN00HhLGMhI4FGtGEKN+auE9UacQAfdG2RlW9bLCQ0UllZlkKSamGUrcI0lOqGotJbIeUu84NXBOsIXiE27BbW6Hoyv5JVdJsBUkKFbpGzODe1aUQWH7GB3mhVESPEwHhI7Y0IoY4UFUqNb56NxfgHQiAIwwuEwE0C68//xIuV0Qz6fTDyQXiXYk9n0R+CB14SEvuuiuJMQZIIoGvCUWVvi2dhWjcKPQvYUQ6wUhHE+EdlgP4FgehBJQOTbY/YrHDPVyFfgb8G/wQAtSk1xd4hMacgjCmRAZfkDVPfwLU/JufSQpESQKUaqYwMxG57d8sbZhufNhFPeUHOzNj2IxDkUZPCGNmkbET1CqUCANUsSxyhJp1zn53wvtLFig7yrQMK9E0UVlDDGeD6g5VfmL5GEq3EwQwpicpUymLKaOtJ75ZwrivS/TANsiUkaIUrRCbKQVdosjXKMqJ4w42n/R6Qb/Pj9zEANAmgkxJRTlTPRxZiqG1QTemKJ/hlgBRLyQhS7UCvwJVjD+3wwLxjOKKYDAL8DixgUChHVbPDqQH1LDt6QWEGJ8DcoZMjQokSahuYwBIAPMhIrFNQ64jYyOdsIyfVI0Txc8J/4+cl+Pv7vV77XZbRJPhpl97e5IPWgN4javVyuTU5Pra+srKai6X81yXEzFh22NMTwZsBq6RwsGFyfhtPNnCO/ASwE5kwWRsQZo3k7+6kM/XJmrra2vtdqfVavGfnsdsh5hDGvfncQIu/E76fZ6t2G7m8qVeLzp0cPfZ08tPP33CdSvFMifrVd63tp13ioVK3gt9/9vvu70fdF9arltuNQJYCCIVDRFRHjADjbATbsiabRreyHGm6KUnlq7mFX3bKz6xUUuQkv0MUg4wlEDNBD2iDr/t26zO2GK/54QhZ/AL+VyR29qLBT78gA+1Op02FznAUQDsb8J/XDhkCZ+7iCAgLEpwlFK1tTXyuNTnOpJNs0OBB+kIJEfhaWtZUZ+yQIhJvgA0iajDQIZkXJpiqBUGTDiN1GfZTqJdyKxZpgJZMX+iaiKIH4S7EM6A/FYuitxcHlliZgPvJQIy8rs+kZWWgnO/07OdOn/WLeQ5cyRpacwbJTo8U1r8ZkgyDBKR0obLqXSl2i43e822EIxDFjNYaiWS7kA2J2gOMJLoyaGDZIhfkeJDGXLfQuQlRC69BMD3yPiLO9NHrcgQ9VFMLYgDYRA21tcn5ub5+i3cnsAViedwvRxffnqdLudxvXyOz5ViuVydnt5cXOFsfbvRaGxs5spFvlaRQPgFCrO2LeLa9jtcQu+4OS73F3gLuCzAB/zCnj2N1bWTzzzTb3f3HDpcqpX560q16p5rrz399FOPfu6Ld73z7W7B5XIDH7mcJw/TRO3SGJpLT4M0nCaFapNvuFR+63JTWkh4ZawEYuxGMOoujXGQkuX4uTMwTlDP6MsYq6bfSQIQi8V3CTP3okkJIJGHylCfJm6K0ieqye5YVEsPA2Wm3kg3O2FMvVlsu5ZoIiikWTTpa8JUeB1CEHxElCCvGAF3UKmrOGy120QjpmyZHjkbfeZpJv3b5AhX2mS11jB5JXrDteS7byTTRTJOunme/7Efuo197Sz9syfJWmPrrdXtLv21B9k/fysZO0EN5VoVr/5D+FFs2pVdwf7Vn5BeT/GYLNYpv+3O6P3vINtNd+5hd+4hv/N18qXnZUF6EK3Urf/69ej9r7/ExjBZQWQv5NA1b8feEsMfJwMZXsPMgWSbiJQJtB0F5rnqTUqMzkSSMZ7fiVYixEgfiYfwZiSt+CGg5ClfE2AioQxE4gP2VaKbmNgnmJ/J2JQUpWtLzn0QgZncYWz418gBF4GELJCX9PZKSRmyMU4YSQ2fUXMycYZTWhakb1PD0VK64G0b7KSQc++8fv8NBxbKBW+t3m51+5zZqpTy1WKO7FDaM1Pjf/eTG+rtXqPV5d+rlPemqsVmu//sqYuPPHe62/fHLmyEyKOmbfpidop7MTNfjGUSGW+U4xKGEldP99obx/jVak3Y5uubnShsdhqnipVDemnEp1D1SRUCigrNacwXE+lE44ZCFYPgHHqc3HXrPm5mevAbp4LwhGXNcqY7XruTZUYKhYXodZwYHmBGq8lwqmXcN37sBC17dfmdsDGuEEKSCtMxH0qlfX7wa5SeoPRhy3rSss5w6ZzsUOov9TefaDWe7Deeor0LdsRMxZ9S7ai43Xxot44//+Q//4U7/tOvkZc3vYbXzqGJjboYz0Bm/JJ0Rn7P9FOX0olhRF66GJxfJbunnfkJ64r6nmy22Pn1YL1xWR+bqoMy9Zk1Nl0FEgLrQFZ5IWUuZCyJFEIzkE4YM19t8gDEcGGJtVVE6joQPzij7ViyJaECkkgnLEY0YWh1M96r3iLbTVUJShaS2+WJleJSafqMpJcEvXbofaqynzTzpq4o6cOQAYec6xK1XGBKjuaV5//s2dCH8AnoX0Ik0kkE++FgEx34miAOirCWiO7r++GXP3Pi3d93g+rzLerDBuqQqm1S4WGYWfDA0v02eurQ4RetVt+LhO+G2EpsC91mJPbPCasP/49ysyhgwge9PjdEic2jLrci5LxC3i0XbM+NoE+EQkI4QVkiNoUIcU58R2w25arPQGyRFozvxma91ar3up2J+ZnJyelcqUBw2x/XwAahMPZyG1e3A8Zmli8VJ2amJ2dmy9Wyx40qXg42xsIQleo13TVy4wgzLtCEFy/SLBlGihkWU34lCPrLF1frGxv8Ea5/K5Vrrog2ImC4EUxFl6F0GonCkwZFlOOl8oFcmcTMpLwrUlObJj1O9FWyY4kN1kq/KGV2NeuVyklQuySjr4js6GhiPk7NhOp1o3XqixichjqyhHlYjgGzSuzSGc34QUM8SlByORLQY0m0USh9ufVWyJABoLaE0qFG+jfAxKeG9zZNvI5tVSEtq+oRqHVVsPs3AAAQAElEQVSnqu3Ahdmu4+WEF1epUuInhGgk9ViOUOu+BvIQQb0B10T4nQhjrRYOYbenUUHKDOQPFjtjmT2TTBnDkpEkDIPeEZzscOWHZMvkcvOr58E4EZWKwsj8GGpIyNlLlYK+2+6I8DkieD00UMRmxrBLytyToibEqIxcpNiQuTX44ZKSDok/k9lF46i7B3vS/OhDs+2IcHVZiekDMYZoOoNMyRvputP0FdUDV5KRNF7GRtFUHHIqSMMo75wrZt1gZvmUMhLrwtEzQ6ogwekNqsntpX7P7/W5WYqv28LNlN8C4qx1RFBwiuJRkuBmLcWjIb9imfRZPZAmcFAZS2a3LMdzpYuJRDeJWW9FeowWEk3bqR4D2pRMwFionodsclt1AruISXQSBDkfz+lk2HdjzFS/ScrOKVQ+n+cXgNr0eMPyhQLZjtATSfs3rdZqvGHcCri6ujZRqzm1KmfbuJEU9IUx368HlqCOoR17nYiPGlnWpWGu0vGZG2w1T5yzajYa3G7JzZqVYonzWLFwQNUKAp1WKhb5QrNW31i+eHF+195CuVCrlW+55drnnnt2faPh5V3QQ1HX7RUs23No1WW7qvl7bjiytPxw2+84jof2fNB2gWN+XFlLU2oMLIp8B9qBxYywrJj4KtKtuRByddPVft8rKSHLssVSpfZ/MIb4bXrbJv+Qrogk4tpd5q+GkdPv5zrtWqddbtZdm5ZyRQH2QW1wgmac2KFoKdxIUHjAcSn8WIQsAkkIHUJIFv6vJGeJ+FjC490KxOuQmIC4GKF7dxjRKPI5oweMBBGAQ44lwoJCsQKFJwDhh0LMUmwyjeNkRZIJkO66VFWLAAhVFAIBZ5wjg/zU9TzhRua6OMGFb0pkM4HHGUlOMuKqFr/X7lCICOjz/AISwyaa44TJSCTRkJ+AvBK4hSuZGEvxbbj9RkoPqKbMFQuliZrf67GupFRa/68WPZBAYfUSYCcWYGeBTCptTppB1MH/mPS/dzj9scyoOuNNegbOK1QDBck/8PaWO56Dfri5uFyu1Nx83nIIZ/ojYf8QUSc5l9yqb/KxVijtsvh8KNCJ6dnm6qbf63L6vLGyWqxVSnZVbSURnVIo5HmV+X0uozvCrdtCeSZfyM/ML6ydu/DCQ4+snr14+Ibr5/cucCl6ft++iy++ePLxpyfndh286TornwN6HCjzLBm7sd9cVJACkCyea/J39ZeeVJLMmdTxXE5lxvWNIFKvh5rH2B+YSNR9QpJ+HoQkJH/jSPBIY48TQgw/Fbl8DPipGDmlVwohKY2SLpOaR1kToqgEEgIDQ0XYeiMaW6hlh3DlW4SQJYL/lJpKyCSuqIA7cE7V3gkJc0JiXSobqSbo+OS/fcmPQkXzDUuztgXihUqR/ONvs45sM/YNpnv3snv3kj95MvrMs1uzly8tWZ9+MXrHka2XGVMGp7Fkk5AWdVckiqOEMrL1C7af/vvn2cVFyV4yAzfifd8Z3n/LpU+TH7uHHZhmH3xQ8aJyJyh58oz11b3hffvIdhPT3hJyhKDQB/eyfE1G/8y88hpMOB/QGU35neC0xxmO81v7nRDJHYzrdyLPpTSr6YZxjPWVDPxOUAiXxyj2KUHYaolugjKtfB7ygFM1Cj42tMlAPVGIF0brLOVxInMiVyFbjZxMsp5EXo9bYU7A9GQkWmd2iWAnY6a85/7g2++cqkqPOX6iz69EqhZzpi9LuejdfcP+Q7un/vSzj/X627GvJ6ZWxjzLInjEBDth6jsRzVPShOaFsJj+G0uapv/ibq+zhE//j198z3Nn1/7Zb36Gn/vdRVY5RBN2xPgpVZoaISy+G7/RbJkIx77Mj17O+aUffgM/uf8bp2DU1gnLy+mjTSlq/aWGz0qiMzRdS/aasTKOIlk7KOb8u1/6ZV7J7/qu9xDwO+HM8//4Hx8k30qikw/zvyj6myPyLP/Sv+4//QRRG+WYcYwMu455S+V0tWkPjxFjsTgEl5TfCWs8+9SxX//P1/3MB8j2UwZBGytlUkE4uTLMySsvsREXDeLABu5uoQi6tMnb84XrydllMlWxJsv2VGUnOZp2j6w1wtVGdOnoJiol7NySX9O0jBo/aPqhpAsKNctIZJW+GnLxl+h6CaQTqpiaQaQTydEAdpqiz3LFQRXrEHgDhuGwJV8K1gElMVm6OZrD0u9Va53ixAbeS7D+g2PC0DqotWCwe7Ifibk3qmqJNkGSPhJD7NMPx+WkfDuoXMTOPHimeb4RgSYJ9s2JkDJctgP/EuqVcsSmrWaPUeWJAtcRI/38ufqxZ5eP3jinS2PGu4yuSpwTMvSY6q3BXtETNFMtseUswi/j9oKc7VpiO4cl4n1bwkIhglSLnV0hC8Kw3+eG2FCAnYRO3nOKOaeYtwt56sj4zrwgrl3l0rAIoAO45X2b/wng0ICxnsAvESEn2+0mr2h5YmJm1/z0zAzXkrY6LSJeEkIIC67yanXbLce1csVibWpqenamUCo6rgv1sRBoOhqqttAWFmRUokFiBSpcyWmHXCEchWsrK512m7euUCyWqxWuQyuWKqo81ByY7FumMZjhX0IovjJqIlxvNbRJpILpmF4Z8u1Ka5+oCRtpIx0vGTpqMnqIxXDRcle9dPrBXTpaMAKgCpWiGNgk0ShpebRlqCArDnlveAVR3UWKMTErs2MLe0pTHWuupDRH1AiMw8qgChvsfeJ3CDAnMvA7EtyISFAPpXKSUixR+iuWNlpTg4oS5MuznBXAriY+hDAycCtnqcTnFLqbOK7YzBvwyclC3ecYZ02y+WqwBUGoHDICpVuTFmuxNqEvO7QRIU/UxnHz62yvjyk1u5foFupzHBiIaAI2FwfN02qNU5Mg0u2ycHCByQaYVUHY+gK4pS+CefniPFQAJ1FWR6fqSCRoh1QeRJlcVVriS+nD5EaAREvpEPfQLdMODvIrmJDBiP3Rt6Yk6acHz80eG/A4uTLEGFNkvHaAf1YIqFt/l3GqeCkfV9JY9TNCXZMFlArj1TAgwREEMAv9oM/NSr2uCKajg3zpCT/qG8mVVy1BzOCE9V+8LLJ0ZB+GgQGQtgOCAHiZ4E+NbqJekuyNWBSNFamqx+SaEgb6TepfKYBq2S9mMEVBYvqPjXSS6gmtyk9OaUyO4+RpHm1LnPqIIAaeuy3nDyzZzXnVyYlavb76wonl5WXHsStlzriEYkGxqTlSgIEVhkMB/URpEHBOLuj3qMsLcV0N1HblWBZ+5CxdsZiv1SosFJvp64WCx1stlnOqnIEQbl7QaCo8VIrtXmdjs16ttWuTs61mY9/+mZtvOfzII882muvcus7/Crl8tx0JzwEaFPrBfdddu7LU+MozJ5qdllUsxfbdRE1ilg4dlZlcIRhVSxaVMlQoUXquGDNHyVBdA2PkirzyFZ8UChpTsWKZ0UkINqmJaizyIjmRN4Wg4YivyVd5y/Ydq8H6Tug7nU5ubcUOQ5dSdyJnc97HtfL5ArBjIpAel1WES0gUCDqErBinQWJbTCSNCICSh1GpMOaOJaBFZPwmYPFC5toh8yJPrAt2ELSCqM8lI142t9/zkoRZ0UG/aSYsjDC0QopxwkCQAvBqKjeIQGQuoryxeemharYUORivuPA7EVFaMMpkAAZJ/rhDbOJHfl/UizN+4PAc+Z0eehkK8S4iAvLEozR2egMIKBrjGKT0uq/5ROUowgUrQlCpXKFQmax1W61+pxuK3RSoX5CxjMH8Kz4MUA6B9OdxSRUYfFhFGA4lbkwmLDJ6Ezs5Al83cDZCZFghzo21FiiplEqBFp2HQLUAIdvEy1urm+ul5bl9eyI/BGILXH7ECqXKxtKSm8txgbvs1WzLqVQnypO1+qoA4OH0eXN1zc3nCuWCCCSkorBxJpuPom6nw397OQ95bf6eXXv3NNY2jn31oZMXH9+8uHztrTfvOrR3em728C23Pfe1h5/68oPlcnnh8D4Gi3oQGSs0ZdQYW0xRbH1C6U5A1o+RzCU7yZdcbTLMDLjCq//2oYkiueF05vKrZFiHtso3iHGihS0ldQPtlWicjCS8RhJClJbSjfP4WX1FPktlgLN4Z3by2WSZiWMsvDED48T0OyGxnd8IryMXGXFF+pdA2Bx9RuJzID+8hoiDkvBQGe3R80cP91utCNtlQew2CnvmqDyX2Cf758gvvN0peeRy0t+6he2thb/31a1RcT7yFH3DflJ0x1xm4gWJxg5Jw5Ypg1XY6VVstUE+/HkJY8v05kyL/Pz3szded7nT5O1HiGNFv/cVi8U7TcX1//W4dd++K0sVWVLOUyNrXPPtayhJ8A1m+J0Q5UGCbKfpd0LUjMfO2tLvhMlRyUgio9I0A0MBmCWctwwB9ASElSiiqjYMfU0S2CdIeeQVgnlsdAmwUA8IZh1FM+XoivRR+p1grZj2mbPk0WxQ2jpIxxwag3ORmm2nsUbIxDKSYCdk3PSue2+8ol4m46SZWvn+e2/8yJceH/uJ5EwzUkanUamJTumFqEGNMh/E1Y0SrdiRI44aCCK2LYOPLG22b9o/BQsEXzJySqOafkprWvEFTJpDEmXCN1TYKhRXHOGmc+3BWX68uN5WT3vE2DSpNeD4FhPpxJxJegKSAS+6q0+4/t0v/XKlWnnrW97Cz9//j3/mYx/7+Pr6FY8ss4Npu0vlTqmd63/1l9rjhJCEr8nTG42Pn1t8qdU9WMq/e9fs9bWS9iBRORlTG2SPNdqfuLByutPfV/C+fW7q2nIByolAGSbHzPm/+NDU3ffO3HMv2X4axk0MXt9ez2yZeeJ6MmaaOGL+OlijLtcHhFs/V8rRQxMJCZTu2s8unCZjJHf/NWR7STaYpZW5ibupzMb5iMzjJt4nixsR/7OEpzWtFKxy3qoUqLt97W+jw5pd1uxE9baIxLujiSacIrQSO/5BCTGU2/ETiZw0Y1lRSCHSV0MhhSQlF8xJpLXS5AGkno4oRQQxkU6kL0v2XGEK6YTSJNKJyXtIci7Lj+8mWpl4L9F4JyMTi/tOP0fSHYalGZ3L4nbSmOMZghoyyBDRJKYInjeX2qc+dxJDgACWiVDio2aEes6t3374wK1z/PylJxYf/fxLMpIi7tKE/Pypr3z51IEjk/mcS0fgmgzUFms4WJ+MvkqyrsYN1S4zd2rdNVdf9U5+LFNXqI8cC1SeqPgUGjSuqoqCftDtc1sUEfjQlp1zc5W8UyzSvAfxwaH5EM9a5OVHygLbCi3Lt1kfGF7H87iNo9lu1zc3uDVkYm5uen7Oc51+2OfcsO06vV6302522i1u6+p124VKqTpZm1mYr1SrtsNtNMLjBKodCR0wVUB7ZtORMxEHrbYiROEC4qjSqgB01OAG5kZ9s9mo87q5njszPzsxNZXP52GfIFOPMLXuGdpIWX5kXtcGph1UE7EBn4k4Ga4MunWJh6WJ7ooorZILBNN9rjpZe4MYlRbsJYMvEl9SfUhZjIEmn0QlJxogr39F5QAAEABJREFUpZeJPNUuBdKEROP9S0x/7jgejyIosbHzsrkjrZhSziVxBTToDCEYcJXErUJfmojw8QYA3DIz0cSZaraZqkAukXk1NeKxbXE9qNSJgRMSOjLA/lboZyICSNlceQ4AJwWMVMVnPO55h+AxjMkQz2KPLsONlISiW4bwGfNDuA7KKrkORAyDdKCkHUn5UFivER6FGKo/XeFtp0h91hjTAnFNwNnE5TZcEXpDDxi1URBeT5RrCkV3JewObhAIBGpL3/d9YVwXDnGR78OJkpvEflelbCfJsWR81MQcBZE8SlxS/LA+Zs5IrXg377KBkZr5bKpYeqneKi9DohJpA+fJ9sVBSpSmVwmhybXtCiU9wdGELaWiES+l0oZC6WjqMw61vrSPC8M4Qp0SUlIKO7ER2V+gjPkC0SQK/V6nyy1r/KfcbQtacOUMR/V0YlIvrzgxYxBK7pHGi0JmnePGCsuwjfB4lg1E3obQaTZGeUSQlKQqXX516E5c00OIHCA/jbFSi5uhUsrhYFO7iKXFGusm3MWY3hihdhpfotOJ2WyqLCXyM4CTMjdAetyAF4kIa5wMCVdAyyLjqUS0ewq3hXOiNj09tbq0Um80XXfV4/bOclkMN0ZDqjsqHrLguiv6mtP0qN/Hj+eAs94lkeZtJOFqk8tNTk6Evr+yvLK2tuZ53OiZ41y1JYJWMrViYbSziNeSr1O9XrC5sVksrRUKJT4+b7vtmsWllQsXup1Wq8Et5rmC49ks8Lk4zZts9f07jhw5dXHtbNvvKsJgcMAJhlqybdrAHDPI8E+EgI3xsqqeuuLk9dVCvV/GpACUqLEyo1IaJVhgUogrLO9c2+5aPmPNKHKDbq7uF8Kw6nrVQq3k5viY4yMQhdN+p8cHkvCbB+WUDeOQisDtYsJIDtVCIgNDSQqeYlIxPpdhDPP6CBHIZqHtRJ6oS8QvhCEvWlChkMtGwvMXeTwY8FFIhG9TINyyqfDyt4CfBrJM4KIcl4KGRZYjzQz8rcBkgQTKiQgNfKsn6KZAoLAwkJZglIVhUrA7BFdbgbMX+KQHXjUW8jGKQZJxy8zh/U0/EmNAvHyxWJuZ8ru91kY9DKM4xJvicqUIzztfrFsCcorSwI+km5Qqz0IfRyR1MFqZ3/cdiNRkMVtSJWusnqck1ibI1UxWSRH9iAadYPPiytT0jCu4ZDcSjLLg6YlDvUKBLz0byyv5fIkIltqamp3rdjq9dpv0es3NerFadj3HFc4lomwRecq2c/m8yNPp8PdBhCbxKi6g79qzp3Vk7eyzxzcvLD3Z+Gp9/boD114zu7CwenD/6Seffu7hb3DiX9s9G9koolNjcCUW9oErVyklhr0hxo/g2rcsZ7vJnH2vOD5eOjeRiO7Q92HjbH9JY5wQrWyWigN9JMmjqrTxNhJ7jRDjWTJQDjGO8XVjYaYDZQ6WE9trU+UrzSmREXKwW2H2avkFLHz4KgQ1IUr9SvS5qghVjzDlgzLUZe3MevTZJ32lnuV0AHeKhGKwhURrmW/aR37+7e6wQi40yAOnCFdvvusIy23FIL9xP5nIh7/+ZTsIRmXr9uifPsV+9A6yZVIyFPaa4U5CEwpQliQxyWd3LP3GJ+I3KXmHfN+bo8v3OMH05kPkxCr70rFYp8mbUG/Tjx+jf+O6bbRE1ZEZinI5jJi6rYbW0Mk9KJyMJa68mhPTG3Zlv7Chfie6JyFpHfUWfifmAFb+FSxRAdRkIYqJ4OIi6UfCUKiTjCGex+ooqYbkdZ/Jz7959u43Td3O+b2LnVOfPf2nTy5/BZWWsdVB/GMx3HnM4n28MQWzlNWfmfVMT6/UtEut8RlXhyx5lCS9JZJgJ2MOuVuv2XN49xR5BSRejduu3fv4C2fJJSZmKLZoJnGTemA5iozr5vNJPosqhBu1uhGSRCVx85OWVYyi9tJmZ/9M+cC+6ZOnVnKlvSTxieRTaqHTl/VKmigztT4KtayzEIaLtxwWTicXNtrQlpJFqyT2LtVFMqXujsvU95UGUU5Ftk2/kx1nta677rrX3Xknni8uLrbbbfLKS/ojXX4xOg0uu+Mnf3mp+ce/TwYwTviVF+vNH/7qE8xxDn3vuy4S8scf/sQf3nXDoXJR+50YHifkZKv7vkeeY67LM68Q8mcf/sRv3XpkfyFHDKQT5PWe+3/+w32/+4dOoUCuXmJDfjI6xpJKi3vJ1PVs7TmyVaIHvtv8yfnIdx51/vKZYMsH33IkHfA7/+bv7PzJf9nyQfu6W+2ZBbKNpGc2S11JZWMDC+NA5h2YwHxR3WyxzRZfZ8VS69iCy/VckheAttmfhQlABdLvs67P+lt37SUnZcSEc2Ky/0rxQGKxYNCDIuVxYigklNoA7zPJx0pfeW1UU9mVF34S6UTJy4wgowDlICgA+JEIpJPf/sSLltKoapsBgsqir4l+ryzHaIFBzi21BuIN5dNvxUgnuHOHxAtbeiEYnGBs8LKCDCGpFQSXF0Ncw4ss/jaqEfEzZOAzJF7BtZTP/8WzsHddxOCOUH2JyAOufff33jBzsIYlH751vjyZ/9yfPwuEDoPLYE6hufzC50/e/x3XsrhjiHke90OyDqlaJSTLVC8xzUUkMD8yJsbomaoSV8D6fM45dmQLflZ4OlGG+56DXp+bnYnY5iRC6liFnFcu8CPjxgLHDkPp/RBw7RlXt5LIty3fJqFjiQ19rh35/Xant7K6wm3btutMzM7WpidL1VIgYBO4vq3LX9HptDrtZr/XtR2rPFHZd+RwoVTM5bnCS+xGtMUwQvBqqSBFNjvdXMPjRPUSS53Dhmef61077U671Qp8rn21pnftKhQL/A+BEMA+nYhimdWVg18kvmuY5S49pRQp0r4dixUimYb2xMNJjZlZMbKdtw+mLduV1FjjHmbElkB7Z9wWDa0hWVChX7Gs5H6zVJJNUJ3AYlRIOthd5OVKLGaGwYEpYAbSibAcSIcYvUJQbIGpM9FLiTGqCDU3bsXUwVg1dBUY7pYUb3E94bPl5XOFIv8rCkQQW2y2ZxhlIQoRB0B3JkgDyvwaEXTO6HX7Ai0ekAek1MBgMy6lJEoM0bjv1bc2982O3YOJpFon/FvAJi2wTRyVxO5eNeMSnz4eJOJxbnnxIz8QjiYB/wLddpsbLoWXCdBSNFozrWFmg+yQvj58CjA2SCSY9IfLKFC3lg2PfDdOGvHgK053DWlIlVjm+p/1FDItWbfk0rhlDQi7BDZ1YEGBj7tlOWzw8auczOHH9NYmbiHlXE4Y+r0e/wO8H74gC1QyrVITUz5eZJT9XZvbLJrSIMlj0t0xRZ0wgwyOhufChcwSESEsYfxS14X3GBq8Ep8rResIzjtIirTG6j05X5mavSZBJWrIKSgXC4LwAB4V9tilO52kGowVpGBOoIygBxzsRxfGPPE+x6GMjDV2FVHDY7Va3bt394kTJ9dW1yqFUrlYtAC0UNMyuT2Wm0Chd4RN2nUZxBwKRNBDUQgno0TFGiQ7kRjLAKPjn7lUKnYrpVar6feDTW7XLBYrts1vqFXPAr8B8IeiNOe5lVJpo95YWVravYdru6L9++aPXnfwwvmn+v3Oph+VyuV80ev3iOU5pVyh3evvnpm677ab//RzD9CCzcClyvDmVEyjnA1a1ELcaUVTmJrbkbT+MmaKOTs8h2lquRvHEvcqTpfSe+rz4cfTOBBUfcQ4rKwpAosgN+ghwg39juezsBnZa35Y2KhXLG+qNJkrlATnAL6rhXzBirgAI2aEEomlu4CwkFsO6PUFu0SJ1GwJ3jbitnsxUpntKA9qETInYOhawPPaTAzpvhA6IuHxIWAkIUBFFMGKHwkETQygI6ifBZv4lGoBASQjIBtUxn1BoitcojihlPv0ec184UoC76RuzuMTTUiiXApzHTBY9IGiQU8KoS4Muj5lHUlUZXhCgXEp5Szd8yRbbFefI/2hyGsiGfMd1x7RT1zWLVWqnVq702wFYZ/aLpE8uaCbSshn4qPgCiQQT1zO/SM6jja56I2earywEBcbSmzmobtlmtffKmmLIUENiJImhFG7H3Q2W51608nnBNiUeA3/0jbn6Su1icbmeqvRQMmLD31+pVhZ8/uCA+i1mu16I1fIA34gU2gtYuXiUkS32+33+q7rwRst/pOPtCNHr6svrSy+dCb0/YvHT9ZqE7XZ6T2HDjTXNs48+czk9PT1E6VSaaofRKbWyBxIhn8mzWjllU+xAJB1/eq8nVyt120rKS4MwrnIaXHZXyTBz2dmSCKFqLzSTKaEMWowemTAd0SpH2nqSIfho8QYJ2QAZ0WfjlGm1mUYGCey37SCBl6geTQikAiACUqG15EOJTLSN9O8K2pZ5XXBMamYO0PSHz/UJcAkCy2twjWxrESd7zhCPvCWoQgnvGN+5XNWoyWqd34jet+9Ww/Um+bIP31L+J++YPsjlfIPvkjfewObzI/KQ2PVSuofeRgCU08vjfEYnY6dJw8+Tq0kJMSNR9jfe9NOUqq/fxc7sRKdX7fMCffp57brdAKjKHPKDlxkRn/RgVzxyWucUxUJKYKevMpWovgzZvidEMktJTuHxbGz5K+U3wnOZ0aTGCcGRRJCLVEqb4CMJiQyUEyy0U0YKib2lw68/8gPO1SKsQuFA3/36M8/NPmZDx/7Del3QlDOoUhxYtUAUBwpMltSiJLHxHQyaJrRFjJGokM8wJLuC+BlkgQ7GWfcT1ZKb759u3vur2B6253XnlncWKs3x8vOEoNpZMrsRiqFXEMFY1JAtcYpUVgSTxYlUUkspzp/T3Pl8dMr9buOzL7p5n3L9d1ufjYuQhmU9FPqHfIuTaKSMBUQTl6BN7rODGNH337zXp7h/FqTWlXPuVHuelbcIcWZorxkoohR04MzXhFJ7Fe3td/Jzq8IOh05cuQ3f+PXyuUyP9/Y2PiZf/yBXq9HXg3pCnbKGGnjd/4b832NXIJHBj4in7i4yk/mXn/n23/p5/n1Pz99/lNLS/+wVECrLUEdoHros0trfKCYmT9/9tyPHFhA712FTC0y91ZXXvy93zn6U/+IbD9JLliWpeYDS2S4Iv159CfJI/+K9Buj8ux6E528NXXte673nr4YnVobBZO2f9Li2VIXvcM3+re/PnjswREP0vk9xXf/bbKNpIkFS19h5k+WEhL1dSNz4spOJa4cD0LW6u58ydtNUk+Jp1RfTGnVzX+T6vdkhmSxUpZR3iGU6bXeoiyB0ahXf0lWazXve958jXTIBfXAWr372Ucu/ODbDyujpiDFPT/40OfPpGqJVWQK6cQy3huLWIq2WyTxXpRTdGlUlSBXIqYwTuigwoqm+jQzyQ1BCT0EZbEWmcq6DMcUkblY/OVMyZEknzr7lTPt5TZXBwqQArHHTDBeEGHHet13Xz9zsGaWPLe/9qb3HP3cx56PiAwnjhu3+fHFE+svnVw/fGhysD5soA6p2qbOabLDzK6iibmZoUKSY5MAABAASURBVCrJ6EqWcZ3Adr4AsadgI5TU3QqkXbH7X5iFuOW6mHdKebuUsws54rmW6wg6D14nvAf4UtFnUc8iPqUh51htgc/GtXONzY1+u9v3hY6rWC5Nzs1aroUeJ7w+vX53c3UVhPyIK0srk7XpuZlKreJ4DreOOy5ugEYGSfqdRBASNzVoKEl2k9Ehyswm1ibelo31jXazwd+fLxan5+ZK5RJ/ETXkdDRbMxUkhRBT6U1ShRuPMKLGv85wmaojZUeLiDrB6Y9oH3JWK3M7IWS07ZnsRDLVYoNFopQ0AA6NXyHSqJCyu6TnENF7RDB6TizaJVunrw/WRPd/ZgewHYWfSZapQ7HHjC2TcqqE90CVsowZFMXIO7pFSGmx+jSxVpDUKRuohCnxsfSyjCgpNF/I54v5cqWSy+dEgKoIjM3C2YLh1mARa0a+FgBOwBmFZxDBf0JRf4irFRDpZ6LssMzQo7HU0GOEbK/DU5TJmI/iRKjiheZNeLkBwgk6mzhUBVpiECgHC2FGbdCNKcIWQQCdPhrXfYEv4Pd9zaoq3SMuJniGlAcmnYTDR9UD9n02DjrqZZPbYlJNTJ6o5Y1dErEwB7++kspAXqnJnNeKgx8KeYKuO4nlD68nMxEyUusa52OpEZeda0i1WSzhjOPjssPEZzspnkdUWrIimA4RbKQX+96Fo0mvF/SEXTIATCOMEWCp5c+YEFQRLqJ5XmT5kVDjP2RgucGOihdHcOukSO3BxAY2OuF6gPF0dNUlzR/Sg1p2lPRTTwRpOWBSS6UrgSq7JDseK0zQ84zzPCKQmIwrdFlOJylugAA+LUYGt9SaxwmaD8G9eE94nifbnVGWvANseCIH78XpudlGo3nm1JnV1dVapVIsFDhFFM75QJuV8YQbyLmVmoiQbuhcwhk1CJ0Y2WGk8GX0F2LGp94yWallS5NJomeIcpyntFyqdCrdtdUVzorlcjmb83qeZ7s53vkQ8SOSL46Ix9VehUKrXl+9eHG6Ws2XSznPue3ma8+eXn/00WdyucrKRiFXyjFa4o+4OcpHrsWCG/buec99d/3ZV78WOl7IDb+FMoLx4QhlgB6muGn+FSBcgAx7IVZivuaJNUUYjynoe7WQoYiTWtp1X1G6bU+d4Zza1gLuVSYnWzJPjDE6jm9jPK8zrhop1ZnM0Ckw3BsuZSS5WFt6HSQMvDcEUwM+FpZ8go+8nusJMtXvWe1OcaNevXg+79qzMzMCFMgmbt4loUf6fZvb/UIxV4mAZBC7+vmsCWGLnZgdlh3Blm2LDwxb0Ct+y4E81HYBqaQvWQfWs3nBLLBg5PNJ1xLU1eeTwOacS84haLYUbbKUxjYSkXssJxIuJbLFuBtQRqhloYjEQEPUDtuOK2LrhD4ocLlsE1E/pFafl2yLwFUIKhhxdonmiN/rByxQyoVIbCMQ/i6oXBYf2M3n3JxwsBHTLwoluGAsPnlJbT9DHKpYC0DAILnV2JTEYSCxQf1A/ABcGBhdO8TTg+0le+RSGc4JJ3jEKUyhMjHR2my2o7rwpAbekH90Js2dITV9MKF+wr0PYtRJeUngz8Anh4hn8E0ZIKKIUHZeLsoJ9HKLRBHRqAdsmHHPTnKR2tVE8pPgvsd5XxL1+yeefuZo4fZK3ut2WrlimYErel+MIrvX7lw8e3rXvn2cM67WqhNTU36v227Ue61Oc72e47JDqRgxiG8nOAI7Aox9vlgIJ+5u3yrkxXJCIzvvFEtTh26+bvXieT6JVi9cWDo3U5ubnFqY3X/t4e7m5jNf+7pbzt3ybfcJNRNCpwQhrDihYr4ZOFRRUxzQJBalFLqVT+SljZPBpxIL95A8mWnHRc1XSMIl3VICrrp2+aXiv0MslVQx/syMOqHJgrzG2OBRFaCAMZJHRpQ3SXyunlJHXRo1b2jN3bAyqVEmTfrBxC1QQiSEyKGqJUwxyRaiJjP0PiGSYIhcIvCOhaEfJbI1Rvey9MI49KucXgu/cdwnyMCEobLhId6JPL9+L/3Zt+bI8PTSGtmsE7T9Pn6akjGcTni6dpr8ozeF/7/Pj9p9wonIR56hP3rn1gVKQZCpc5JQHww73/H04a9JZjzm/hj5mXeRHU8/ejf75U8Qk8dsdekXTpK3HCTbTVuDnSSX8NE/dYrYUF+AMOyTV3aKoiFVj70f0n4nctYP8TshCQODtH4zxfwk/U70WJYfIX43IcrXhIADNZMQd9rjxFBCoDoK/1E+KMy1vJ858kPa40Snu+e+/XT9uYcXP6usTeDKrDBO4NyW15npP0c0g5Gupxo4gwgo2RNwxOQdD+yEbJXefMc1jr0z2yd2Kr31ziMf/vz4QXZSSYnjhjkulWgG2AkbsB9hVvykph+kccW463rl2sIbvnbs1PfdS77v3ms++WQrjIj5feK1j+LSKL+WXK+TZcYjhCXqcNvRgwdmK/z6Iy/0cu7rVN3lvIgHy5Ay5bqsWqaGYrYDlO4HIz8Zj7MbNx05cuS//Jff0B4n//An3nf69GnymkgsNfvJTq6vnWef6T/2CE7/QaSTl1oCKqan3LaCbv9Cu0tM5BKDZTsFngJm5sVePy5ZZcOzM3/6hwd+8G/mp2fIJSVzOI3KNugcxgZOxnxjboq+/j+yc59iK18nG6dQSpW3vBKbvIHueRetXjf4IGcW/8+35R86F37xJf/4SmSG2uEKiSMz1rcddO/ek82kld79d3p7DvuPPxgunSX9vtkwe+9h9+htubveQrYh+xiNZ4krLPGTDQw5lpX5tZ60kUR1sLHJKr5t/DYeTeSgyevKzUD5ajClPcBFhtIY6QTNlMo7VlyfqhZ+8rtuMKt57Fz9gSeWfuLdibG33ux9+PNnf+L+I8kmkT/+7GkLEUoG3quY3VgyMt9LNDvFtOSiylFIJ1JjlujD+JSl+Nhk39DEia6bepASwzOAsLgTVfUH3sESTjKy+njsrLRPf/EUk5glFIMxo9bplvuPzB2ZJIpv1CXvOTz5ujcf/NoXT8r86KFCBRX47BdP7d1T5dp0o3vMrorrMOxIkvpnzakOm9ixnsR8KpEj4yl8CWclhB1IYP1y261A6Qy6HQFYHvrcTGEVPavg0XKBlvLcNCJsA8JAQcJ+COYZ0otIi0UdhwQ5py9cpCPXcrlqs7nZbG40uBWnWKlVpyZrU5OgHQ1QedFuNZr1Dd/vcityZaJanZwocYtJuVgoFoV1wqbmXGLEDAUt24tgCxLXAX5or8cIsOdB3RfypvX7vbXllfXVFX6Tv2JmerZaq3GVGuIjKCZK47exTONZRufpM2Vk0Za5ZIaxqLH+ghjaQJoHI/R6SoOaZBn2BupHx36vpvVZ5bAsvw0VgoAgLreU3ZT6GNFNDNZUaBfDwDcszTBfoV2WSlQHNIGysCTDCklSC5BWEKlqW4YchpWTM049yUzd1PAk6TCJCY7se11/JHSSEQYVETaTGy1xWym3XQoca6HjJyFsoCdShYwlImlhSGOpElnVHGbmqqDboU4sg3tnaIOguCsWTIoim23l8jmuMq5N1hyX295cdM4QpUSxpVwIr4BgAhp0UZYwQ/e6vt8HMZeBmCvc6iTkgDDrIDy2aCMozxlT+zQiRZZlVwM+vO5Rs3PTnzCeISr4BdiPCFiFbcdy3Jzr5tEtCbeDog1RFhFG2K6IMEINPlAYZUL0Nel3e8LTjdvXgwANi9SQg0hCkjJHslwMo1BXWNcdI+8kKBI+otUYUJzckk1MMZqxWEIiWwWfM8o3pk/iSjyed4gPY6reo1MUbR1dWtrU6LAX4T9ptZVS0+qRSglN1ihmR9VlORyi1FJnki9NMsBAiXOMDSJSZ9AHJTaY8s2QVXcgjfNRYiKWcU9RL2NxGRSnickgmJHXGKKH8F+cOEWAMBYGPf7GoM9NR/xnHyNM8fUGVjBLL3/UOCOEJEixvKC099CEmHrHzlm4/zMkRMYk4FZXEeNFQJjBRMatsxZRyhLDfi2RUJTpU/JOCMSHJROJSgKfgoIhEMtQnCklSj9hLJ3iD6oE/clEwAHxF/jCzVaEEvOx2Aynk8GFcMRaEg87uQhqazlF7C/REeAT1+8Lgut5HsVKR8biQ2Nygc8ytXpg4YVCYc/uXZEfrK2sXrxwcdfCPGehKLqlxq+XXqIWcDciegg0EfBOAioHCE3KK8klaHhK9Imsqpy4jCk6x6TRMJfzCoV8LpcLw06z0XBdr1StlrnFG9Ynsd1XrqzC0uJYVrlY7LS7ixfOL+zZzZe0Ut674fqDx0+caLd7zXa93mzabp7b4sNW280V+ZjyouD2aw8/e/b046dO52pTuH45to0LAuzoU10p/pcqV/NrMoSypulvDaA8MRUYk7vaOiW5xC0LZeM4uo355nEG8zjNHMvvxPRTpgMnOlnGoqrWZqpLoEDabLOrcNOeqggqx5UjELNQZuWl+jZr22HLyy35QWF5uZDz8sVCLueA65sl4jR5rthmFQASiTD9IflgEJVPojPxhE4E/B+AXgOnDWoJLpVPZRBTREBWj9nw6ojLUJz8WVbk9wWOih/6YVeE7xEeZkKQIozpZTyCDegQXleyNzgrGTYysqRkIp3WAJRSACaJIRzIAAaCGXMpp1wenwvCecGGraIiSDoVgCtMQlNSXpmu6Bm/63K2Cgmn63mW46ilF8iqMjYkhwpN+gXjUrxTo/Lqp8FZkB712NpStTa/j6wtLrU2NzmJ4AOHSQhHOAEgEy0BimELILMwoJkS5CjChCvvCqLkT5EjFP4byPhS3cUDnU+Sl+WBqZWFoEQCBeCSyb95fXXdyeXcvMelMLB1i3xeLu/3/Haj3mnyaZHze/0CFximZnqdTuALX1R+vbVRL5RLXj6HZA9NZuApxVfK0HYCRyznDqfAAY3mDu85es/tLz32NOuEy+fPTe2azVd5gZPTuxcuvHTypSefmd+zZ/7wAYH8I8JSOXJewaDFTkKxaji3yAi9gsMskx5ui85vRQNftYnG/1+BFrKY0aeJy0RhnCAzh4OcH47M5CYKqP0xfDvk+FSLkXmXJixhEdO6HjUB8RDFe/sgDy16IHhE6fypI1UYJ+YVNoBxItkwyXoI9zIaA/Dh3OW0PQKsN4I+JuqOQkOhkTyHx0GHgk6z0sg2bLB+/ImekJMR1wScVeA8wqCwnFIVcuyfvK1IRqaLDRk2mNev3SbdgOTHc8y+aY68/frwM8+m8LoT6esnrb9zW+iNBEZVI4GoTQgscYfGsgnLeE4LcTuQHnzS0gVig77tzmjv9M5TpyPT5PaD0eOnLGK868svWW85uLXsjUlzUVTONLplfmqyXaOKFXmCkOHWuME8tLlOXtmp52d0I1X+jWruKjgic7eoIklSRzTc70T6+sZsgV7INNUihspI9b2kdZHUcas9aya6iXGOXimg/gA6dsvUzR7NDpL1+t3f+fDS55VIGGl6pdZfxFbBIF+R9j5hbNCoYlC25GyDidm6AAAQAElEQVRU/ZhQzmTPvIE5KbtODzActaqULdVSu2cmDu16RQTWMdP++al9c1NnltZG5krOuZEz0OwfNtD3iU5T+c1iJdKJ/oJ6kCtUErguhJFjp8PNdlArOndf7z74tG8+RSXuCJE8m1baGVgmNN7WwzSHjLs8oA70u+4VwU26PvvGc12pNcI6QK2Z9spKIaaod5kMoaJIOCClex0b5Cm01nErErfdhB4ntWqVvOY8Tq50an70z7UHCSGaqMnjwRLnTNY2H3/mL35UgJfwk4WDu5L5iRZZ9xdzZJWYmef3zDKZU3NikbpCTn34w0d/4ifHr+pIHpgZx3ROSuPFeOijY9XAoXvfzf8y7mz16N177GGeJaNT7tZ7+R/ZgRSrDhhLXTF/sqxbRiZGxsn2Gkg0/ZMal2nSRpjgrpNXaLLA2FjAECkkZlNoLHlpvEYsjcW220xH40HWnqUXIp1TY5wYSCpMTxLJP33362cfeqF1Ya2r1imDM42N9EmkFsvAOxlePc2+Gv/EdSPGa/SDWreDSwjTXh0GZz7IOtMsTBF86thHnwevEbGkQXhu2G1A6fwNM/tunZcvip+VfXXjHbvOndk8eXIDdlMSXUKz3f/S1868/dsOpt7CGMm8QkacZ3fTQH8OOU+kgY+PMze0gGlgxGUChV1YIvq+0GZajOup7GKeliGqjufhEkAFaghYr/pc80R6Fus5NHCdPhEh1Hnq93udVrvVaHGptlCqTExPl2sVEQOaM7B91ut3up1Wp9Xgqq1coVCslCZnpmuTk4Viwcu5yDYrdj3x7TJaLT6EHHsR7NhFYAOuR+31ehTQhBv1zbXl5XarxSswPTddLJXyhYIrMOYxp2X2SzwVR3WwzMkMo6+20CUzxyPWbM+g3V1GYJE2D216j1VeMh4BSXfEdtVcg68elsy7Q3IadIyiOkLaZFmEwBBMK1v4UcB+qzoY1ky0Rg22TrOQTNdBd/hglRR7QsxFTdVwZBdhOcZHgmqlR4XJ2cC/3IBlyUA06jrEbxIJu0KElJKeT0o+oHHTTGErpdLHPFLOjfsDYjNg9C9uS0B5U2ENgteIeJHtOvl8IV/i+uMit6q4nouFi6gREfjBJBFVRD39ELFYIPwUVzb3MSoQIUQr9EhCxiRojwhR2QWlRLofEg2M0NhMslI8ZeSoIdqWwftNvFsYgxxuihXGWc5oEQnzA3OWEh1djeJqSMQzgE7OW9LvdluNRrfTCQMB6IBIM2Jvv4jZYcuBSZSenqn6xP1iVDQ9qIxTYxSm50h8I7XoU2KwDXT4opy6kvLwMOfCqyslqs3UeJH/qg+qewU9LcS5laFxGOgBGRjBZL3SPcm0Pke+WgJUZxDGDIotK5wQJsjlp0srj+mBmxKs9YlwxQpC0GLzBgf9oNcDdJM+Eg1wNwnRkmQLuz/VxnZqtJoa4R0VZZBVBTOlIoBMQUqgOyd+TEsEsQAKLyevgAkAWy9whpH0saOa7hFNSJRqTc9V+Xp0CtHIUUQRZqTe8QBTVY0lFEY0nRJhxYBbiIQjGid9PeHkKUiEpH47E14nM+mVT6/xyLg4nDZZ1BwO2VPc+NycsnFCv7B7YXVl9czZc4UCp/5F/HjxfJHspngTegYJl10RFzEQ3EYYiUgg+mOTIdzWWA3DSsfTBrtSxE+CD8GNlIVivlIp88vdbndjc5Ova/lCyXY9gKuymaW28Im6Us4UlkrFjbV1/iBfCXKud/Tooeef3//Ek8c5Eyli9JQm+Qhn1IlYL1cQEFgeo/fcdnMz8E+vb4gX27kw6tsSGwCHmkWo1tnJrxDPeTDAyzgXKRSTVyfBfXWnmC7YmqFMMmdKcFUSK5xTqVRnNuwS5//boe02XbYc9qxur9Jo1RrNOVIsF/PC4Z7PCs+hYShLi6SLjIQzk2Y+QbYYkYETxQtsR+A2EepaUmQGWibAHAjtc8IWkiCgVmAJGB7heexzsQk9AgS2k6BeNm5eBwEGyLEo0qIxgaVq1opSgXAplxOBkeJAARD3h1OwqCfQmtD913VzFlBizhYJQgb0mLEAwffEUbzdCns933Kge8VbHeDTSaSgHjWLMmpRoq/hacGkGCPYWL7UVScnBMBMP+DcJQYOJUyFmaN6gUQEAj6mbOlrTsGXjiL8IFCRUGYOo0ifWHywUPCoJpbkoIlcs2hKX5LV4UoYVlsfROA6Cxyx6fryMh/eCwf3CS8oht7ylFPTvtfze931lZX5PXvAmckqlkvliWp9bY3LAd1Wq77u2o6TK+T50GfKuI5cuFg9fN8CJygY8lZ+qrb/hqOt9cbpZ45tXFx+6alnjr7u9ly+MLEw22o21s8vPvbFB942OeVOFAFAHfoKQuihqoUyJWZdWd+S7aVXKZP9ak0Gx0JoQqAHy5PUi5VcWprwks8xau4hMLhImpouOkt8PaZvLO1AidpYEmlL81CME6LPyRCME1mCEm+0NhcyWGrLhYRGkK0gsMkkQpJiUGTZRi1O0mQ7EokL6l99rivmfYie2jBhEcKLAepJGP6t+wrlUSgnIl2skzAgujda/XGdTnj6/pvIV0+Eza5laEMSVM0PyEPnyBv3Dy2BJq3Ryu6pTUnyQGNTqvmJ6TBW+hLSA8+Rfg/icRq7CX/0zVeKZn3/zezxU+Jd2qf/1DJd75LR0YjipD1NWGKYSLATOXYJodnwALIM1VISDzH5r9AXRSxz/0m0uUhe2anXCwcviliDlqGrE/8wNdyIcsDQPWqsV7qHh/udyItIH5K6peSwZYZPidg9qYyqWuEYARuI6CaR1GvAJX6ytzhPhqSFwj4ugnOpT5IdSfHAv4QQPazFuyxbUbaUSEjN2g60It2ewXPzd3YeeTZwYav05jsuN7BOo9174cziyQtrnGx6rl0t5adrpX1zE5OV4uUU+5Y7j3zwr0c6nRir0AA912d6/Ug9qckjMzfCmWAnMsW0ksSdqtcyGJnU9J603E88ufY37537oftyjx7n6iM15JOD3FCLxWTaXEk1YWbG3esPOfddJ1adzz214vu2Y6eoeaJM9S6NTCZrYhJh1VNMymzxlqO4r9S9ZLdcdjp86JD2OFlbW3/fT/10psfJL/z8zx05cmREOb/267/+1FNPk6uQhnC2O9gnY6agvtl77BGSQC7RejpxeM/umT85faEehCsPPsp/Vh37PQvTZn4SE0dy//z0n59faYQRZi7b1jvnJowxE5ePV85/4uPbcjoZJ8nRq//fRp9e/e6/mkm3Lta3xffiZYSZOZLPsswrY4ppefdKMWnjp1LuEuogCfmOeZwkdL3yGpP77ySDYiKdQJJcASKOWFki+uBHoITQ7JwMAkYr653xXrmfm9JbjpT/wVt2/YO3kP/8iXOffWIDQQVSllpYoSy1LkikEzKIdGJWyVSlUL3ayH5hyTygSqGp9qi88gIZdMdNvkt/BKaO/MqFb1xoXGhylTdDBQhB5BKSm8jf9h3X6NKM5sZaoDe988jFP3yy3emD3wkCZYi8jz29fPMNs3MzJV03xhJ1GHZM1I0ku4ukaRIdcj5mwkdgF500EvP/et1OEPS5YimXz7klEVXHKRbsXJ6PEl8E5uCK1KhPonZX4AYwblZ3ncC1+ImX9ziz3ut0WhuNxuYmPy+UqhNTk+VqyfFcrg7td3qN+ka7VecGHj7MuHFkcnamXK1WazVuiRA8h2JiMVFj8KdrDqMh/hDcBA7aVAWZQfu9bmNzo76x6fd73Ciza9++2oRAfUCmBdxNhG37ZdEpmS/FlqI5XGOcWJaJbEQltMPAblK2gxtut58M2UckdK5AjBNpmITxytXy2qckpWjQPxGHQ5eL/8S8rMEhpN6ebr7iJmnMFw9WODWFYsKr1Z3SwD/wmcC1Q/lXyCsK3A1SIMIlhCzOzUi6FrFUQDO3B8OQh7EdmjKBitZCFeIwL17A5aKzoPBKt2muUChVKqVyWbubSGcmxcFBmBiirWwy9Izva1idgDfA9+NxhYPPIrpFEmlAcXiI7jQysdGUib8n1EAiONIt6rgOgTAcbs5zRFh5sJ0QBdYCRxxUTE4Z4VET4f9h2Ot2O+12r90RG4CVkE6VrJRSq2TvDxuPLGQMwiHfeqeSflfGyHk5SNnWacv2MxzkqahpNP0kY2OUltED2YQikQNnEEvKs/LZ7AVC0bcdpb5aaB68TtO5RiVGtOoLQZaAavG5Hfr9AAJLBQLKCJopph54miASEtjZFa2WMFR6HSIptlbatpQhjeKjSM9xuz6T/oQ2TGvldwJERfJz2Ikwo6keCqoR8C84EWmSS4gMESSCBMmXow4v/mSaJZCRqWE1QHImtlOH0tsmAnc0AdcmndJC1OwRRRN20OlEKmwplTFlkTQT7QICFQLWxRKemSmmectPTq1KtTq/MH/8+ReWV1emZqc9JNsyMEfG6MePEilmiEZ2zHPsxKBOU30UBkQMHatQyIeVCv/V43bNbs9uNrmls1iqCMAVYknLiyVtOHwZm5iY6HS6S4vLOS+3a+++Wtm54/Ybzp9fWt0I65ub+cLGwq7d3a7v+4Htuo5LHYsdmJ6++4brzz/wZWHkF13hiqVLstUR7k8UzD5NeETiSsknCghBnDn0oGstfZuQcYXbb6UdShaQJ3M04dRgCbJOqVKVijkO1EU4kkCwpkj6LVqUC3gtPsNzrh2yU81u/sIS6VXd+elyscCZjCjnCimo06M+Z7wiCwzjhEmMCgJIJxT8pvkgCcDM4tiAnEMtB4McCEOFC68WERKEdwLnCAXSiXSr40+2Ba5ULxJIW3zyCX0rA9cEMcwkWonluBZEWZGtRqkYSKojMTjFsETDnyBUkYiUFYJPccB86QQAYFIOnADehgBVYlZoAUcIjeC03+/3WxZsuhfPISvveB76JePOecnvyUgP8XdhepXR3+U1lBiLgXkYhniE2FtcRi1P1HoCOq/d7bYtdB5iic6BcWihQVd0n4hFJIDJAZQAlyoRi0cvBNhzclUTjK6w/lDthp9QmBOS0DoNJKWbkmVbgrXhJK1Vr9ueMzEzlSuX1MZTsUB4+Ty/3Wo0N9c35xbmCACSVaemeAMDsaek1+HEmdPmclmMIrRTwWzgxBHDcApm3bEFnJpj+yzMVYrX3HLj+tJyna9DZ85Nzs/M7t29++Be3nmbS4sXn3/+2KP7jrzuZneiwseqhb41kr/BHazZDZOrfIL5IN9KVzNd4WUvQ0pk2mJEiDIwIUk2dt4jxU8hi5i79AwrV0YJ2m46UIIyTin0FLn0b41xQkiiZKN8pQFUGkEqBR/hU4KQA7C2CMhedR0ZWQivgzDSmBOrRsBxUQITqOtZ6esvcUZLRooV+1TAY0yE0o4Qz4DNT9vfftQjW6XFTYl0gj3Z6RMyth3Wtcl33UL+8KshRvTAxjBDqODHB0/RN+4fa6DREQNy6D26U6P4S8/GTgTwGcg1B9hclVyhtLtK5iai5brF5N5rNAAAEABJREFUDB3004vkTQe2UYgk+jDCKKFsPMGcZGVL6djLJYdVWLa01PxdMjQlJoguzSx5zPMRR/NNmef5g27Gdc60NZUykGlh2vQ7UeoIqmwfhGqjCaMJdT/W1CxMEphhGCdqelMit3EopBPUBYKviZg6BrpJrNtE2OWo0W+SIakf9RHIXaIkScuNzRTwEo3Zae3nR5NSpFnP2NtvHBwdM8nm08T+u9i9wByBOsvI4nOuszBVIZeaGu3eJ7/23DA8kj2zk992+5FLLn+mVi7kvE5vdMCpLeZl5kjGPtN35IfBoZj5hvj7qX8p0fsXiQE2C9pf90NfvPDuW6eny/YPvsH7g8/1mJoAlGIoSKLWO7m2in8iiYOiq6kxS6jCLOHGl3/6XtGZ/SD64KfPUVqU8wI1PnJBxCsDSCckHp8knlCy+XE74xmndELGvZ1lId///n+MHiebm5vv+6mfPnXq1GCe3bt3/+AP/sDoct73kz/5/g/8E3LVE9uRLJeUWg88wBhLIZ0Q9Q+/sruQ//17bvqj0xdPtbr7S/m/uXduvphHWGONdAKQjuJ8Luf+xu3Xfujc8plOf2/B+55d0zM5l6lRCpjulKmSef7u6vLqk09M33Iruew0yGHQeMJ9K+lOiLW18T02+HPwWTaQeXsdO18h1SKpt8nLlWaqZHrbvova4yR5lSZuD/c4MQsyL+O6qjTmGilEcrYpmUhx6Wp5ibIUoYNSOSPZKlMs2YrxTuL3al7px96yGzN/4P49nmd/4pE1tVpR/TKqSiBE1RP3AGFoBt3IoWmAYUn2YrweqwgousxEZUmCk6WGLyZNXYFzvxOc/OxJwatZ0tckgp0FXNS763tvsD2bJJ41HB0gFYvu2+4/8rGPPI97iiCsOHwRan3ii6f+3vffyAbeOKw+g3XL6ImBK9taOjMzh9JXEOEpuGaNOI7n5tx8qeDm804hR12hShW40cwSESsY65CgyZWnXHvGlZk5hzm2U8hzdeXG2vrGykq31eEaqcmp+cpEjSusHNcWgcQDv1Gv19dWgqBbKJcqk7Xq5ER1crIIBnLLxuEvrfpEDZlRxkIZyNZSVihu8Oc1dbkqbH11sbFZ58XlCrnpuZlyhZvh82CHkWCB6NGkwAMSk4JeYX2WachkOkELtGdAwkUjEXRm5yujTzL9WlLZzCvK30K6HeDeSRZbAyhu3UHVK3Y+GhsTMttA+THHSxgh27LysESEO5oR/mOYqZ7pE4ajzkp9JrwPBk+9o0DCnKht98JqCbr/eO+E3v8xbFCNHGxWciGmkepqzT9DgAQuL1LHdXP5vAhTNTGR5xNWBGYV1lQGUztisScQN6+gujgUcOswbbgdBKqtxiJVdEKeQNug+TK0CFrnZCdvlVhqfoGESzWWjNh+FYW2LeAQxH/CbugIgqDcx5hUtUvPAIKullQCgor9vRKjJYD4Ob1uu91ptzkxkONZQSNHCVyErGpefmI7Ukp2inmFzEl6JV+9w0nKEwbrwxJLHWNKgGQ081kjZYLjklgcN/zW4iNa1AZASZO9ilOamXQgwa6hrD5ijWbp6+N+ITb2op6kn5Z0wKDozA9+FKGYXXxuALoJn+rgZRZKm36EM4vo5UYc0ffAstS0MxhVvSrJlwOgAJ5b6pYl40JgsDRB9bnBzqZUO5tQrSaAhoJvcqwwgIgTqJ1gyhcN10cth6KFVfJJlmTHlU4PFh2VE0oVTIKlyxHxw/pBX8S5AI+TEOKKRZFUpjOigniQzPA6l5aoOjD0EIeVSbHLoltEQ4EDsHGju2R4mWwek7xx5hwXZgpbuIzM75pvNZvNRmtpeWWiVuVMDyekJKYaCc4D3IwAiAshuQKBEydCHpglj+fTGi9Q6heT/8U3KRYFeCf5fD4S6DKh5zV6ftjpdOr1hu14hWLRhng3kbR5C8M7r1OhUJienjxzurW+sjY7O2sXrcOHdh+97tCjT7zYaDY362vlaiWfL7huvt/rCxuoZ7tB//DC3F033vDAU8+SPLEdDKNjx/VRDcSeUTYmQqQ+lzJmqt5eTdT1lZroOASQGcZ+RWoGNRHMpNTxcqjEVqb27qr3ipihIsiYwwWVQse21ro+7fbI0nKe+hDTs5TzPEuVHVJfiDgS5FmwWEjPxGy1LVdyRCCkMBnJy+HSotoEQqmDEbA4dfEZCYgf8NzCBZgAek7UFmB4Qu8fweSHbeM2oE8IzzMRyhAwoMAkgG2m2lAqRQLUokIkVxs466gLJEyMXU7kfYCfcGjOEqFPEDhOjGwS2RENqQ72GAVhv9PFwEcgaTDbEZhUlmMztd0kXoRNaVx37Gs3JWVypnx8LM5nc8G1227xrpM44Qw/TqT5AkhyxWQqgAWLzAAfSOaZZUAdi68noFMCSwR9ImBspjTBDlCSfIeRYrULkcHMJCBBRMSGhvZmffH02b3XHnZdL4TATH4QOo7L8oyviBurK1xCrtSqIvaTiHfbaWxsBL1+j9qteqNQKpXcKuhdCFG4lNBqsYjyVziOLZZkPsk8pzo/vee6w/x6e239zHMvVKcmuBA+v29P946bXnz4G8efeKJYK+2/5Xrq5YjEhrGUlU2LChJgyPwWRAmE+EkYG0f2+FZ6FSXFAhq/Yp6dEhLbeukLy/7DZzsyo8ypbbjKc1w9/56bStWc0OJ98Xj79LrPjKcSb5EcAGNGOQem3LdeV1QjbxjGScJWp8sxGqXh++T0Z8jaSYudCTGBfiRIciwiw+tAgYKK4BWRH8CQ5DloWCP0e8wSiMjDL/UiQDtkocQ1ESQoBEsexJr9ntdtBXICaWmTRgYwRLtPtpXedph++NGo08PghaFqCOzVg+Pxi4JkDY83G9sZZRdTkgF2QhK8Rort2BFe7pmXLK3DRRX3m28mVzTdtZ/95ZMJivf8Mn3TgbFagsRVe92bi3YG2El6Hg4mmiiZH8HjhCUFXZpxjB0URh4zn73Sx2QdONNUTsTTIVRJN0yvPkxBeSpqQTL8TmQGEktTisrIjkr2KtUCFI3tqeBxEkWK70UVHXqcGMCd4l8htaIu/7nN5967+9szv9+Ta18DzYUNsU4k0omYSCDzU7kQx1SXSGfuDAghZhyJIkZ0YLiw1LkxyMxCzTxqdseXFN8zatUv5Lf2nBuWTl5c+8uvPN33g2EZzi2v//GnHn7rndfefu1eckkp77lbOJ3E3ceGT8HMW2xIZpLmF5OEUmlVkrRVPcCvOLmJbrPxm58684vvPfg3bvWeOB0+cTxQunL9lElVZTnxXV1FFt/l5f/0e6uzNcH+/u7nzm2s9217LvZZYcYQgLFHMpBOMtrNBlqthhMb7DVGRg6mbaZjx4698Y1vuHDh4gf+yc9mepwQgYCytrq6Oj09PaKc48ePk1dSYsOHFhl1a+vkry4Hq+vuwnz3ka8bvJOKDa6IHV7ZVSz87NGDSOa0IiuFcULUqJjNee87vIcZxgqzZJYsmR8vPvDl2v79/YuLzvSUNzNLLilRNnZ3pJkTlqCqr/HEkhp5vGT+ZMmfJEGSCBk4J+N32/Hzje9/XeH3vhxEL0dHc/Xn999pv3ihcfPB2jYeo8lD4kiyPE7gmLwQaxBo+qL21YCjtM+RJNIJlT6yMdJJpndpJms9RIfMEFmNaohizTzBe4/sLV0zX9C5f+ptC8+d65xe7AEtVyyUZF1jpBOKApWVMPvEXAdJKg0GORWSaBlTxg69UihWSSqNEwUaywljybtyyymRSxkhL332hN8ToJHa4wRsIOzoWw5V54pEd4YsLamHhxL27qvdesfCo49dBBdNLEFsTbiw0n7i+ZVbj87EdTBKGzyadSPK2df8TEaPMLKF0kXzgRmJJk9gbycS7shngVvM5fI5L891947FbdSex1Vjfsh8wvph1OaaKMa6NuFcAueirEKe5DiPTv0o6jZbjY3NTqvNHypWK9ML817OE25MlPT7/Waj3mk1bNcqT01Pzc3WJie4lYEbmLlFANgJudMjNBxBFIORbftgMdshlIKe5/l+sLayvLm+0Wl3uG5wYmqCvyWXEwK1JSD9LQx9jpY5DChymf4cprluWGJp34WEIROXRIIoFHCCKmJi+J0oPTMzX5pSvKeujKhMOvOQp8xG6czajSOSTvYMY8qrktFdRlQY1Ka4T1WaIBEGKZ78jMWTk6W2BbDBdYQNmMB0zyQrqTnSmI1Jin9moSSeUoahIusbiTIQ6QRdbAmTOCKIEcJPgiDScDVkq1ExIlG1P52oKaDYJP3pRF2EXYEreV07l/dKlTK3nfA567rczsjtHcK6rC3mzGg+Q9QD2MeItfV9X1ebZns4UcnsgbFCCwXaJESz3CC2GotMxc0lrstNji7ETuAacQ8MH/LLoj8ZU92C70IDkDAf93gjusK5Rvib9Pn078PueSbmtQ0VjtB5hTHpd2MOFyw1bqRRuSyehA27wNhoAnWJw2B4gQMzXX/fMSjAy5zUHNVaHHlZKXDiFjAyIClm0ITUFXOlJvHAp+nHWEyNU8UaEz9BBIxXUOOoqc2wOhKDmzHrlrqZ+p3JvY3+uMC1kFDOcPAsE1vfuemTmyG7PT5BIm4FxU0mEGzEoJ6SvQKnEOm7wiKq1yDLssxqIYlHgok+JvIAJ/IBG/4gXAx4lBJ0PcT3oWcelagESFOMqalJtwIawPlL4hVHkh2V2+D2cGQx2PYZheh9Q5AWAKwTJxq8Zzj5ROJNoTm23LCqCwF9C9nxZIhT5roukm0LDzrofcEB6MXeGAuW0UPyHrALwkzBWLlS2Xdg37Hnj19cXBR+fJ5rI29l8quKUuOaLF4Ezoa8l+3k5v5xE00reuTTaYY+Xoz5cEC/k3K5HNabgR+0W61CocCXAD5cUGBgKOKgX45NKuXSVK22sb6xvrwyMTdbylfuu+f2M+eXO731zfpSbtXdtbDXdUt+P/DcyApCvqaViqVbDh85dvLMWtdnNCCWh++WXYpspVIUwNjVjjKESdKDbrRoWKY7SMdfa0nqBEf3z7ZXJqNA7PxIqThxiITZr9EeJyp+QMwRCuQHEeGp51kbLHR7/ZlWe2Jzs1IsTRZzrkBUE63w+Z+QhMAHHIaFcJVSK4EwsdsWN+GFEQ4hITNSzAD/5y0RqUzAP+ZzofAnYyGNrFCArzDqcpJk90krELSZccYLgo3BvhGGNM4HsuRGnLHzCLVSqw+V21LFa2GTKpA7PmlEnQTkhvgvCLioJjxHbM/G8Q5uf9AJwuVQvSoSG004F9XpoE4hR4QURXIuuDsoqspIUu7+pkhskBjCzyAKbGpz4XbSn+s0W51mE4CTtKZGJenHZgPuacgiSyxCFMcw72XkSC0lBDFTGBNhK0OMskz1CqcrEJefmFAoaNnqVBaFa7GIwuRYfOVbOXd2cm62MjUlvqkDi7RDXJrnjwZ+b3N1nUsRYkmwaKla63U67UY3EEF2uNjeyhVLAn4QZ6XYFy1iMsHCGtSUX7AAABAASURBVAGcIGcpBEIPF4Yszzt8602tRqO1ttZa3zz93LHDt9yYnyhP79u9ubqycvzUiSeeWti7Nz/j8jkRwein0sMvIhlyhPlRCNHqo6s4GNl4zpffSjuUmKn/iwyMEKY8PJp+eHZd4HwiSWaxDYwon1EoCIh+P0RtGltuhWfWAjM/0buoNSaK4ubx2YJLadKbRB/pMIyTDAyVuP7ICYELWqSyQGNjfxFwxBBcs0JQEiBDEm2Lqkhv/ApF9xd5V8IWZAoJz57uYdRAcFQUlCqCoyjEsooF8raj4zmdbBDEAsQWbel04kfk+eXElZv2WA+9aEp4sKOdgVsetfyIfepFsicJJTBTJAvxlUxVgyk2ok7YDLaUyEkMB6BLSz2fLC1LP3b9Zd9yPbmi6fZd9C+fTGjJzm/SMXkqtXqosUfIKLATdZUZooe5sGU85aTyZNhGsEh1pMkjSR7j+Z95fplHMnBOtMAZHymzY1aSmm5NcoorSZGReFqC1YOM7XeS7HH8OgnnGxQNlXI8ihCJJEY3iY9UnkN+yHqmcfLZ+vEbqulYMxELv3j+L5H+4NY6wDqS3ickbh2TJdOYjlmUDtQ27kDTdW7byZzWVJk+jIP6f4vSxX6aS0rfeOHsFx59YZycn3/0hV4Q3nvDAbL9FEZb4kKT7NFhnGUOaUhUcUfMmKeMpdglFpcV445QjXQi8UUIxVHB+cG8Zee+8vjagzfOvv6a0j9/T+GXP9J+8kRA9GqrVmE9FqiBSoKCG1G6bLnZJmI//d3lt98iFp3nzrX+4nMXKCkCHGn8bDzGlCdKEukkosoXSjbLtNKp7iBZRGB4X19W+s3/8lt/8ZGPLC4uheHQQdjtdv/Bj//Erl27RpTz9NNXJbbOy5f4F2x87COtv/pYf23Fh63WIegaOafngs5QZkJyloiho8KJwe0owa0R7Y9iYqUwpnQ54NOvyTfmKee8oudxspb7/KdOfPqvAiH0h7Q2Of29P7jne75vnLZQQga5DDp0YWYDXZE6GfLcQOIav4v+5krQMNHt8tTZ602XrS2i7vHhuV4PWt2o1RHkqFSwSnlrsurY9ujnCLcSr/WYn6A4tOyQijv+JGIDJ6ZOlOjvNvBIKn/i1rbYuc8/cuKH33jNH3+13w/I1Ux5l/zwG3Mff/DY37h793afpfqgjnTgkpmT0sRN44wmc0pdKGgbUK2kkEKSSCdEqRw0P3DizMYb3/dhou2FFDTNlvWWD3wcDHtURs+Bu+/4xc8SYuxnJRJZ3UohqUh6Lv6550gaOfAn3zb/L/7kdEyzYzMMM45Yc0KHu64zsz9pRkcz3YeaE6ZUWyiYZPdovOLQRKXYEEwRps6bF5uLjy2KqDqgNoX9ZsL7pDxbPnLPHpJ41uj/BBcqSrv33r3PH19rtH2I5YwqaiE8fu6h89cfmfJcy6zhYH0SZSavJ/sDG607LzvRkT8Tj+JJFIRYYa4WFZglnlsqcAUUXwB6/UCgJYQRn6DcRt3y/Vbgd0UbXbtU5Nlo3u1za06v19qo19fWQz/IlypTs1OViZqbz3OjR19AEXfbrWazvuF6dm1mZnp+plqruDkX9triaMHu1fs6xk+4KAkj+mazxe3NXNnFGZv53QulcilfKKANHrIBiry0fUhfyh0Jr2Mwy3TYrcGTRFL2J/w3M88Oar1G14rGXFziolaNxqu5oSyl8WZ2uXSJTws9DwVapn0N46QMVosMUQeM3SFsYGQPPkiTEwLtW4MvSjRWPSivRGCM4qOeYVAaADgRtyBIw2DdlIF2bI7C1IkZSmm5vZaiMMhyhXylWs4XhK+Gl+P/i91cftgnAZpmMe6Mppyyz7vCSyPgM4WbJtDvClEEku47yQqxUZU3bfC675J9lsyvlwMEfbctL1d0hLeJC2OG6lkgGw4/ZPgP+MIiLkYYcqrSabV5Q3zhetLz+yJiiDByCxHKQt2aXpgoUHVpwklWKXNeZYytkV8P+V0y0DOXTV2yXpQoX66Q5DJTaq3ZuWqbAqC6JNdvWXe1dZCkO3mgUYyRLdhyRhIq4sECYtqVmce8pdf9uELGUNcEjWYxL4Mv3ZFETerFYp0X8FwYIgbCxESAYyTi6QRghfQDAXMSIIgE0hTZColQIsrBSDr4AsExKnZVT0lsjHo5fjaFamLpE9ilLzxOVFQ1isotMoBbw1B0RKNdrMiLv7MlYAYQAAwFT/TqFVltuecMa8gSXUSJCnkGUWtCvw/+N4JMMwBHEoo7EVFQqWWwQyDMElGTSdjlyJVJ8GJqiosyyE4I6wkgkJgRdlJUNP4J/S/YGugBx3Fqk5P79u996slncjmvWqsW83kRrge+ixwrpiWfCmaPgI6SQWQ4/g8nxDbAHUoHPTV4x+E/IlknNZvNxIjWo4q7XJVVLE5NT/Hh2mi2O51uvV63bafKGUbXEYygxe36gQ0xxXnK5/Nzs3P9bu/USyfLU9O2G+7du/CmN971oT//q1a9tbJKhFsTV1wVat1uv0AdEQeF0alC6a133fWJB7++yo2mVRcCmoDFNEKHR0qSAIqq8nq9DhnC5CB6o/AtsHXXGTSXkR3TXL0qk1xf46iKw1hYsq3EjNmIBRBjTU3TZSrZfKUBlcG3xIbwEAGhLQhYyM3jTuhGPWJvsPBUq5lbWvFs252Zm6qVKM/gOTYE1mqHHawAeswxiJqDji98ejrCRyug4NomQTAsLkVaLqhJ8wIpBALs8OlJuXTE+6YXcZ6EW/o9D+K0hF1Bm/pcIhFYmvwZ20L7Ar/sQ1A08SLHA8Ie9wJFXBPQ92LvIBVEFz/QG4v+CYOITxabCrw4ThZwUAsgI9cVqrd+xOmhIr+8ZL/fpei6x8U627VdgGQRyEAQDk1BTsU+b4K5TLphUXKlwBhfCUkv9gTxYiwRZKc2O8ONHP12D7QtMmAERSVCZBJdcAPBQcSoHNPo5SkRyCGBmM3/hD+Ho11+iMo+fg3VBOS1cpCbwfVelL909hxntJ1CkQoFLxrRrMhx+AcFEb1ZKBUEvS0UytVqp9H0+yL4XKfZapeaXCMgHAYd4cjIKwpE0eLLqzBk8WFucdmD9wwNIcjOgZuONtfWV0+dWzm7yEn6kTtutlzryG23tBZXTz31TG165s53vIVxFQCfKaFSITswSoVtRs9xzYqZtEPyCQbP8K30mkks+cP02CBER66JWQnN02utmfY40flx/lHzCssoIXV9ML95ZdATRfFKUiSQCohU/cU1iyrcJEEbYkbQiCfOFHciuwRJAATioagfQBpiqdWBEaXZSNPheidaXPaxYNmfIcUjAeyTN91QIuOl9Q1qStDt3hb5XYt85gXy5JnE5LWz2WqpHP3ThxJXcy75l9/BMnNji024SpNPpmRrmnlp6cK6lH30l+VL91SZXNG0p8rwc+u03CTbTVpqMKkmMzT9athlc7RM7xCDn1RNxBQDnXU+JsbJy4J0MqQmKmTOML8TzYEqAWlsvxNCkwt6aizLo5RLiTS18wUXZXwtHIPUGqk8cpWH6xFoCNl/f+F3f/SaH7m5dlS/qRU0/uTF31ruXgR+zY59SkCc1qYNya4wouCIFeNtdJty0NFtkHfRRTs19UZPzGFXErOb6kqNSo0OVwQGOXd7kvsTL54f9DhxHbtaKnK+aL3RSt168IkTxZx3y+FRrgODiXNSzXZ3O09kzsLsW1R6ZCY1aKq/kllVT+q1TH7rhK8kMeIrefmZbvPcr/6vY7/0YzdeN5/7399b/H+/0P30o32TBiZXyXSZTPl08iulIv2p95TfcJ3wOHnhfOdf/M5zsChMkXT9aUKeSyOdaE4gfoCxeCU0+2hw4o/qystI589f2DLPBUjk1ZZ2UIm58Vu/2friZ4IoEn9CVQknXBoOIz8Ky7lcxcvF5A8Vf+oor6v9QSy+Lv/HWg4imrCBK7uq1ZlSib/aR+R3sd9DWHP8leWTv/VrrfPnr/tH/3irpkhmKJsusYGToTm2l453L/7WxQ91g0bm3UOlo+9feK9Ls11I6s3wuZPdbi9+9cq6OOZz9PqD+Wo5+yluA35gibxYj8J0lcXvkkPeuYfO5racRno6s8HrxgnLujWYXx63OzC/9vTKRNn7l999+I8f6j51ehwvwB1Irzti/8CduT/+3IuPPre6XacTqg/qaJgc1KKtbiuJOD4aZzobJRnFSaQTzeLoeOt337rr13/u7WaVvvL0xd/48FMf/D/fYV48dq7+c7/+tY/+8jvNi2vN3g/+6y9/+lcSj/P0rv/jS7//C/csTCSc3f/ef35ibbOPIsyR+XQUohv3FPfM5M6tKFd3pnYLWDHSiWURU9yKGzlwrnlgyazRVF/K3JI5ppo1JvrfTAUwM/w5MC9TR6rOT3zyeESlMhGQTuBo0ZvvPxJXSJYmVsx+T4CC5HIuMcsU7gvWm9647+OfehFVkwQ8Tvhfq9v/6hOLb37dLnMs0IGjrhsx6mbyaamTzJTuXUa25tIgcXrfDXzqOtwqNbdnwcnz1lkBV71alpvPtzrcruv7vO2UdrnEmxOugcRz7VyB2zm4ds33g3aztbGy2mu1KpOTs3vmy9WK7bkU0ES6nfbG6kqn1WAkmN93eHZhtjpRhdZFYKawlbiDLL7sZ8OkF9tJImUdx+mAJnP+s9VsNTY3u602V6tOTE9Va5VcvqAGUCweaPKUVFVd7mKa6WtivjGhkRjylG4mau/NolInI967raQ1JPpKCqJj0PsEDUAYBoiCJ7TMjaHNwe9ED2j0HMAT+M0MfQh+cQV2YtTJaJ0sxdSjmh07pPmJiDqJTsMHtReGkWfYuoW30BVKSHFCFyoU8Ai/AT4ngCei4uyot5hkX3760Z/KbI4sSo0ZFToNQkCwCIIUCcVvsVyYXZhzHLGZnR8R3ACBtJEhj6QJ0OL8HHwXEW5HeGdA6CthhY2d0U0qR4yhob57pFyO1CKmom+kB6FsSGLbQty9klSCB6QAqncR1wRC6vCGKE9b2evCMAxyr4LJEfZjcDcJAK6g1Whww0rgC+M6bLZkCNRtyZjR8RLCZMQgKjs28bmT336Q5o6cg1cnSdZaQz5cXjVYFsWjyS9OtiIvuhpbV0ZzmZJJpPICQwUNhD2KB3+i4+GjUVVI6l4UNyeeesJwD6htugRp1kl5TZjdyNiAw5CmxhJ2AcYPulAwVTHFhch5HiUWF4qTF3VEyP9nLOc0cT31XVSj6KCQrE7UbjGC+5QYN1f2+9yCKBwrxLzwceePkOvCUIXPA2ZSNigun1rxm5j6k01BfsxSyjTYcyLphgUWeaHBssVme/gJDgCQLBp3h9F0psGxgCADiYgsS67+mgAKXBZ1jrKitGwih6U+uMFhwiYIQY8FjIAYCpxg9P2gLxzsQF8n97xKDjvRo1Gs0VUs/c47nRhdLPeEMeWgjYhMGPDM1s53yTrqyqFejymGybJQVysi1yzs3rW6urq0uFKtVksIVGx7AAAQAElEQVSFYi6Xc8CmmChMx9IDkEMcBxDfL4oZESZp6ND5vSX7oSZC3AD1S/i7OE6pVOpzVVzE6o1mq9XyPK+QL3gWNg537wHIhGXzD8mbNjM9w/U1q+cX9x4usbC3b+/Mna+78TOf/yohXNe42agXHTvPLaq9fmDnPL5YFCznwNTMTfsPPfjMcyzwLZdLOGKPCze0Q/9qoSuuMO4xJrFCmalJai6WlFB6mezXKyGN04Qt6bsuZPAkVdI4rxvMwpgpU8trxCQqmqzor6PHLAV/ExsoBkZNAPgmLuD5Nmu59gW/b2+ucyGm6uaq5ZIlQuNYjM++fC4XRD6nHWGgai55QeEYa1lO5KjgihHK57htgw9X8DuxmGNFlAtUkc8cP7S4jZ6GdkiZneMFOb4o2BfhcHwCfno5ijhVAiBQkMPA7/GKejniQBQS3PuO0RYEm2PB7BQNkiBuNgQ4AZ9DqQPja0GPCB13Lp93PBcZR0fEScUy+oFkAZlNbE4x+z1CHcHFM7Hr0HbynoQZcFQEM+ObGPP6VT8LMlMG5cOOVdAl1LYmZqc569lY3fC7XQUAkJb6JK2wcFcL40tjFMEiJL7bAJwernNUCQCwCybChZgyrduUvS8XwXj5o5QY0hFRzpwkXs0t2tpYa2xOTuRccPHAzUkEnUX5SG5sbHBxQsCTUqtUqXYnO4319V6nyzn05maDs+u5QpHEzJPkAPC9ESy5kdghzicJmTuwr9/qdjhVXlzZXFpbv7g8tW/BJ+Hua699Yf2R4489PrtvYf7otbwODjoMEuwhGTdPajCUcJKkQthyupOu0SPTa4DUv9pSzGGzJMYJoZleIyJPJu4IlfuhpRCYfJYRvVt6SJk4GFlsV0tgnGA9U28khn8MTXicyESRcse/pbSAAXfUNSbD6zD0NRHknwloqkiZ5jEQDzHPaZZ32omlvoRZAlwTxDgRMhcc+fR94zVjxaRYa5EwMHqG27DHCK/z4/eQf7XGNluXOIN+5B42n/bnoKlAECgEJdXMzDxLkvJRLO04yQ9jqov9UKlcbplbppxDKkXW6MSkqNujvUBcHyfhskHTsrVxZGyQ9xpY5rM/It36fBTGiZKj9bl8dvQ5G/i4W14fco59EyPjKOcJtaqSLf1OkHSoFYka3WlAfxgdzLQaM+7+pMuLLBR0CAQ1wsh9Eq12iagWi9XsJhIHReRcKO15w/x9f332k5889+k7p2+tud6J+nNnmsf3lA7ur1x3uvkCARLAZLUQNkkTS027JLigVHyAZo0Mxzhh8YcalfDzxwMrY97GGsRExjHm2RcfO/7Ou7eBO7TZ7HzxGwmPk4Wp2r03Hzy0awp/ciHg9NLGQ0+fWlyv6zyfeei5Q7umy4VtRPP58uMvRlsIU/GqNypDNlnDpGmjGojwVFqrJtlBtarGSCeGlA5rEt61naLjVf1+/V//wfO/8mM37Zm0f/wt+W876v7GJzsXlkO1qkoqHEWDSCex/8rrb/be965yBawzL1zo/O+/82ynzdUdU1Ts8KFJ7XxcJpQWe3bGbmERy+wwg2QlO27gfFj+b6UrlHqnTrW+8OmAS7hcjy+QRYSnvXD7kD4fbK3VFk4nkrSJYwLpBMaUiWWid+gyZSzRd1k6D9PmCP6tp0slEWKb10RYTqI+WHJ88IDh1898+E/2/cAPFubmh7SDDSNEY5CouIxLSF9oPP3hpb+M2FA0nZdaz//bsx/8wK7vm3ESkHG82SfP985c9DOf6vbYY8939u/yDuzyUoxAO6R/fTZa7Q2tbisgHz3N3rxAr6mQ0YnplS1xRZ4SMkzdZGRSqt7U9TFToy2a/4mvnX/s+No/uP+av3P3xAMv+o+eDC5uXNLH2Crtm6Z3H3buPug+f3r9n/+3J5fWuroO20+SA6IxKxabuBL3Yl7JPKOqFGoWRzQ7gphnyiUWownQIfvHyJAJkCkoZ5aQrVoGngpZpUohw//pHbfUHnyhCc9SLn2cX+1R6R+jVxm1qT1VlUziTgdPqL7CYq9/tVxKHQuJe9HgTU2JQHGJSvoz7q4eX9s81xQ4xZyvg1t8JnPd4a4bZ6f2VhhLWL758cRzy1/9zAl+/dvefc3+I9Op0q69ZnrP08unLzQM3BTREV958uLdt8zlPdusVeY5GzinwzssszvTapixZhLj6kdO+z03N83VUeVCCOYfLuC2uCKSWE2/3+GmLNviOSIPbMUC0N0SuNHC/BvWNzbrEAC6OjUzOTeVLxeZI7b5Rb7fbtRXFy/yTKVaeWHvrtrURKVW9XJuyJWtsGsUbYcxb07JoBk7QvA/RZQY+D3YkHrd3vrqaqvZ5OeFUokbJkqVMleaEXD+lkhdxjowqLy6nDSojDINmYwl1I/EEDZShSj7OE0Vy7ICypCBtKVdIJGTsWEPpgrXRm4iELkkJrcpa1HlCYc2Mg1nYhSv68/0ckMNxCDJLgwkyBPR1JaCgROWSBJpEhlUsyw4xr/JQJ+k+kE/LzkZsC4AhABBXBAIp8NnDMGoNInHY7GAZMnxQxOTjik0UTHJScmD43IThFssF0uVSqHo4TgX9BanPZrRuFopRPwSUAWDnVV4yITCUQO8NPqq2sTo7filmX1CEoLgwAoWX5d7xHFdQCZRD2/LtsA/yaZARbxcDp1OYlkz1ulFchs6RtPgOfqi/j0RPafD/wn6gvRggAzGiKVnuu4JQrQOTrKZsRR7KSk1d65aYlf4pWn5S3bgqEcyh8fIB8wTKaQmqTxhsTolJonGwwz/UJJQ1Uh44ahhJqsW014tazBNMmK3iUTNYp0L0mXJWhl1ifUf+BBIxAa51xPBLNp4l54cGZScmu012Uqz+5iaVkSGfY6wOUJi83t+4HcDCJsl3LMCH+7B1ANLK4EoCxBLUZggqSXfYtmx04kiRBahxuqDuBAij0WkvxDAFPEnCUbSsbndU/gcA9XEquvPqa/h14v3a8mPxzAQDtJvpumdgI9CbQMhJplSvi9SHYFwA8gWgOGVhf0wQBIdRRBjSKvstFY+OXyZpFuJD3HFkE70W8xKgGlSOp3w5IhgHxmrFjMfh1lkq2WYU0N+5nnevv37VlbXl5dX8oXC3NwsEFP5ClNUoOgIaltSpSmcloI+Uys6kYPNymSUtuRJIYOcmYSRuHPxhrjF31Iul/uB32y3Oq22azuFfIGvC3L+S0MrEm6e2SpXKtN+cO7MuUK5Ortv70S1eM/dt75w/PjKWqvHzaOhk8uVLSvHDTBu3oJYJtT2inddf/1mq/Pi8krf95mNox92p0I9qMFmKSkDZ57BMqZjaupzS5Ee8q1EYhJMs4RVquMHjCxi2KWxeVxCYnmWSkWqNODDcELiHtms77pNGl7o9+zNtem1Uq1Wnsx7jiNJGimCurPLQoGPIgoDj70IcW+EbZ46gsYKpyn+x2V0PuQcJKI2FZgmfAyGlgs+yi4VrgacMolIOIFrdx3L71PxNKNRrw9PuVTEPAuY8L0VY174nUB/Wo4L3ixCNJW0DwmWBfvcbUB1o4L+Cl4JcZxgWfJ7PekyLRzCHaQwPJuL/mTgxguxIgEEkkX9DgW2UTyQj8pusSCcaTDqGLWyPgsj7Jtg6OMaCgMYvZeRijo5rzojQtU0Vjd67Q7BKMViGZM+gcjJEFhnGZWirgV2X0UidfhhmhATIUwntQS0ko6Ppu4rC5BiVCDB8BA/9BRjBidBqbLX9LvtzeXlUrXq2TkRe42L8eAS47hWEFiddqvQKTgQ3tLz8lOz836PP9Hudntuq90tllw3RyxL+qrAqk4x/jMaARxhNee8vYhO4Dl7rz1cX10/+fgz7c3Nk088y/l9N+dOLcxP7V64eOLksw8/WpmbndhdAjnThsZgn6AGTLeLkaQ6kn6L2n5TJNPbgxANhygxS9KqA8Y0g5jGI6HELEE+JecSizd9m3d1maoiJFUmycA7IbErtWQqMsrE8iRCCVE8HKE64A5TUxuBkxDdBN0NpS1b/LIYxiwQcyY+JwYTq9PZVV8a8wDXRPRSCBKRiD5HPZcc3TWW6XSzTaJQN0Gk1hj79sseed8byK98ilxCuvcIu2+/eSFe12OMz1ioVP+PUTKlly7LY/AEprwK+KtrpUstaztpskQanYRSaa1Ddm1l5iFaBJMqEK25YaZUoVujZLfEbflEqtiUlEtiDbxxfCVjnGxRTy18DvE7kXolU5UPD4i1nib9TohhgTB6K66CkTEWQplCOYHLoVzflSbDQDdhBH1NQIS+d/4N79r91vncLM99x+TN/+mpX/vL0x+16CpnXH/g8I/fOXUfv77aW/rMub94dPlL6F0jkE5E5WR7mGwz4EGi5YlIrpqOxDghqv6D03D0xKSEsME5SZPuLVSS4tHp6RMX9s5O3nBwnoyXHnr2NGfh9c8bDizcf98NZgbPda7ZM8P/PvfoC4+/cFZff+T502+5/RoyXjp2ZvmJ4+dG5zEmFDOknmFuKPKqQRPJgEqL6tupAhIrmhyfWmTTq1h8183PhiIKrv+B33ziR+6/7rtfV7puwf5/fqT8l4/3PvRAr9OJ11CacAmkmnnbv8v+6e8oXbcbvd7Jxx5Z/+2PvBiKDZE5y6rBG1M2TmPtpmoK6lrFazeeaDtDTB71qBns4cweNYb0N126GgsYpO5TT0qPE4gkG4AxRSOdIPxJqL4vU5xVpNWrTFNI8zrRGtYUJgoxSjCvcyEG64B/0utFXcHzlcce2/eu+zNbQbfZY4n8A0+Oz4r4LPzE+oMjPE4wrfcufKnxzPdO3mtebLTCYR4nOp2+0J+ZsMvFhL3/+c1RHieYOEf5+Bo7XB4R1URSiMHLA8fMW1jC4JVU5i3SSkOi8y2udv/9Hz41O5l/823zP/GmOa4ofPRM8Oz5cGkz4lzW5aRaicxXrZv32rfvczrd7heeuPCLn1zkGoLBOoydDD0w1b+lrs24RdOZ9TFpr0vxddpXgxFlb8C1nlpGsYN1ylqT2Pg5M2iwert472Y7Y5B/9x1T/E//bPejr7/U+uBX1utt6TGDSCfUiuUoMqT2ZMRtGns/S4WENDgM5DTXbNPcq9Ztor06lNBx4jMn0DsElfIQmVts97rxrYeIuXjBariy2PzKp17E+Bmf++vj7/07hcnpYqJMQt7+5gO/96dPI2IKU8d+yD77yPm/8YZ9RI8Z42jWjWj9k+IKRix/+H3i81FpqFueXMVta2J62snnvFIhkjURfjPtfr/Z7XIzRMBtVXlXRKVynQi2RuEy7wdBo1HfWF0J+v2pubm53fOFconrR/thv9duN9c3mxsb3PQ1NT83uzC7sGfBdh0R99nQro2nswQbFw4i3BYdsU672eHasI6wQOfy+Uq1WiwWuVpLGSwjw1xncvhXanU1G6VP9BxkWbMx5WuiLzJ2pSo5ZtKLNWLJEHA6iT8A6K5N+4Lm+OBoTjyiVntUWYfqQ2TTnMyU6hDzp7RPSqCR5/C19AAAEABJREFUSL5OiCk2UdM2USWW0bXZvS0NpcKCiV4mgY/AJgDAgUZTJscvCGVUM8ODHO1WatIUCwN79ONtkGIkU5vkCoVSpZIv5IqlQqFYhEjOQJYpUwZbvarjYgH3hDzF7Rd+p9Xhk4VbGQhhykUjuwcYG+ymSBNfWcO4ZWqasbSLDVUikbBuW9IsLZLnou3DcR2F4GWlfXfkfkfcryk6vtUQk138tTsBN9gQPXco2EWlt0p2TysyQFmi9hkp6/FXwpS8Cgk/e0IpsjPl6hOq2ApdNDUGf+YixbSGOVVV9QSDwWlSHkMmHTiROEgsw4KmbXkEaqkHkhR1QQ2jmA85+7EOSueC3lFMR3TVtFFOZYo1J1vaTMwMiqzpjovQEIO+VmLmS9kpCLhNvccN+D1sL+AiRaoi6ApsSzcDod/GDdhgZre0xkw72ohcFKM4MLXvWNosLTn1LArBsGwI3ogz3IqY4Zil1gvZfKaOUnSU1QRap1cKqLfCqlJsY+wpQuR+Mvm5RD0AqhwIdCBAj0KfC6/gcSOMvVpwVWNOm+lY0qMDb6aZkSvrdKLfLcFOwAlDRroJAvDRszO4eEM1Ii1y0L/wDShEEKQTk5MHD+4/f/7C0tJSqVT0bCefz+s1m6hAShTejRd1rGUBj+PbwupILd0fKao/ZsK+J3JmMwMWSN7l1eAVq1arzVZrc6PR7XabjWaeL3H5vHCeJNoXktmW6BnLJhMTExcvLF04f35yfoZXsVzMvfWtb/zUJ7/cavvtTpP/5fIV4jjE91zbE67RhO2emLjv5pvqDz18bnUz4DdK5UggOISGryYd0NbBQOVvRA/6ZLu0c9b2u+SVldgYV8ZPg4xsouTLWEENpWLisvkyosB7Itz3iVp/YjEtiyGLoCLDC1Jq293IYTRwo/CFzbXicv662ZmpUskG8dV1XaEGE9QpRHKKb+TklgDFtGw+Q8CFAMYTFa5dIVJDAdzEiGPbRduJPOHQD9HmxZ4qPqqK1PE9T3jC9Vg3Yj5XvvWBnDEB+8CJGZXYD8KPkPWZCLFDpX8fUD6KC594Jt6zLnwAbddlAgtXdLYF01msC72e5dhIr6Gv+FtsB3xWQtv2+32kNnxlCX2f3w0cp0cxvA51czlx5owInSPXGPKaTjEhVDxMBDtDvWKhMjMpgPb8ftQPmPRRlT6lOowr2JRt4aoZytWUKasWTfpmos5EfDg/xHCQNmDFG6wZTXFnIyeWrIdUPcHuZi6Try0uze3LAz6WAD0Dv0OBgsNb0W23PS/HWXOuB+FiRrk20euK+Li9To5z3jxPjg8Hz0EVj6TuyHJFqEEhwCIQrjfwPPfA9ddefOkUf7y10Vw8ceaa225p91p7j17b67QvvHD85JO775pbsAr5AOLpCN9RihMtRTqoIcx/K32zJDaIcaKwTKjhQWLkwSuMJPFImDRoynlGtIJDnFKSvk4TZcosUn6gW2KcEELjEmLLtGqRAQQqcyCMSezcjv4oTFJ2IgPwKJ6bKXKr1jehBjDPB0nxmVXOE0cyXjvW35LLJV+69szkyXhpoxM7nWD72+Mpz6+bIe+6mX3yqe2tETM19iN3Dl6mhrCXdDExkBbQGqmFF5ZWsdDLISbMlOLgFblt4B1cerKtFOEnY+6Y1Q8x7X3CDC2z7g494A0XCpLqcdO7IvkWmn1kySMlBsaJeWQDz7LkUpe6sq0jGTgfOGo5JelCoacpMTfQyb5QggPV5AU7cNDvhBj+c7ID5fKZjXFCCa6G6O9OgAVliG4CkhpBzSNsJ1AyrrhL/uaRv1V2SoGaqFPe5N+/9kceXnl4pffie/f/7b3FA3i95JS/9+CP3jp93+8f+4+c1yAINsvQw1+hm1gIQ6pt/2p4xOMqrnmUcNZJDJvMNHh3cJ4aA4/GvixjUJFPfO2ZvXMTlWJuy5x+ED1/elH/3DUzkfI4MdPb7rx2ZaN1bnkdfz594sKYTietbv+TX3uGjJWMmTkig0ojiBtN5GYDu7yMNU6hkkA/R5qCyu2bamDnS3u7zXNh2P+djz//wLO7fuKdc9fN2991e+4tR70vHes/eSp49lTQ7TIWo6CLcnbNOjcfsl53yLvrsKSS9Vb0Hz929qEnFqEWOcdZoFQFkWLEnKY0oTyKfWJw5aIK6US1Ty+ysUHO7K8UPRnRx+bIHGO4fZOmS5Pow3bL9DgJFLIIZ/t92Npsg87FjI9j4ppoYkcMjBMiF+U00glJoqRETO0+pLQfhl1hCyEDHif8KGvi90Y51aYpGBuSZ5udNHq8He9dbPRXyBjpG83nTKcTbgZ67uRYsb2eP9W74/qi6TtyqjFWG9Z6bLlH50exk+ly9IxWPwczMyPzkKcvIy2vdz/0+VP8b+988XXXTn/H0anr91W45L1Uj9ZbbKkZrbbYWisa4V1dKdDpMp0q0dmyNV2yFmq070cvnG8+enz1o59fP7fUJjuTgE1SJjX1m8Q/0+OGprKRmNdKF8sQKSTGM5NHtlNIJ9k5adZ4IJpIL21uLV0UPeutRyv3Hi7/1O+f7fYiidRiabwTluyjUUVp2yE+g4aejEf0dRqXTBP+xIkrLHm+9NRie7VDLNhDQNFYLXin67/tQK7sqtJkz/e6/uc/egzhA9Am/MmPHfv+H7rFcWyz5Jmpwm03zT7yzDLE1sGSOffJHnp+5fU3zU3VcqkaDqvbYCvUV0l0Q/YXJkMJ4LCLTj5Xm5okrh3C2wWGJyObjXo7CLu8HaW8XfBC1+ZqTQaqS143v+e3Ws1Go9HrcU2UU5uam56fLVUr1KZBJBSd68vLrfUN18vtOrBv78H9ebGH0AapOcItX9RAvEh+Vfzm8XVEZaAIUhwxrgTrtEUA6l63yzXD1YmJMjfG53OeJ3ChQomHbcW9EXMZl02khqd4TYyXPDpsoOvWGR4bL0MyrCeEGJXX57ErgLquPU5MG5a+FetyCFGCLApliEmg6Yw1Yr0wPUUkmY35yTihQ4wObQMBGtTufGaUw+K1X6hz2eACJ1+heoMggAmRBlCMpBPH01F78XFLv6oYJTSNXqCY/62/L6OGkM9k8Ak5XLl5QNgSPLtcq1ZrNZcb02ywGkeBEicUGAhBky5ouAHvBJThYts8nymddpcbZaGXEI/KIsagJeYSnoZcwc4kA9Mn6QdptJOpr47+IDa4m4CXiSs28NsYIsjGmhDjs0pDKLqbEMAs4JXvdLkmvN0CgBNuV/YDrB7kxW2WUTy5Y5GX6GFwmRNsB5iby0j0Cri8pAivqY+9IomZr9YndFgepXpRtaJZ+WSd5VKiXU+Y3PvDND0zaRphA6uA4uSoYXxWymatLGIxAcJXRExB3mJFIu3koV+HuCDUojIojFzQ6SB9g5vYEF2tTFAAqLwwXTJFkbhZMhBhZPo+nxr8KPbOY6RmycBRC+Hz0c0AIjMIFzZNrKT7hsnPMqUChGKgX2C2QluEadMC5BREugJ/L3gqEhY1Ehk9DL1DZLtklDJDScYi40/aBSLldGLUx/hSqA5RnS4KiyDaFnjbCNQBISyGoLUXb0GnGmmkVVxoStIZkkQVr6DTCTVUj3pAcAMEZ2gCaAYENNQYYoolNLpEkzs5bBXh5z9zudzevXv6/f7y0soSty/OzHDeSHsa4uKNZVmKCcO7aEIX+Aci3JkYNZHBtw/tMPMzscy7VM3nOCuYwIXJpVgq1Wq1bofXl/OUrXwxz1udswUwQwgKVuA4cS20Xc/Zt3/f8ZdefOG5Zw/fcANnKV93x+3PPXvihWNnO91Oq7GRK5QqnsfZUwjbIEarF/mHds1fu7C7We8sNdrECyg3qYKdRwO/ZBDZWE1hDX64l3dJ2Kk0zsL4CmkoYybTnFjqCX4ONaGACySKDScSoAIC2EsLH5NOKDxrYHnMidbCzovNDedCmKNhMb+vzAWJUJgW+WTk5IWB067wBUEyxrmSgFmKh+FaMr1BFVYjITxZ4A1ic4JoOUXHpQVAwKBWiP5xlh25HhXbibhk2Wdc/eb74EzIWSOP2cD4iJfZDKyFgR/YDiiDjRBo6uPhDg9x3aYQ6Uy8H0CiIjAARIQ/7vf7nPfCeYQdI6qObCKLEMaQYNv4QmL7rpdnftBrtvnSUiiXhJNmTK5IwmdZr1+vhQmRnZIkF3kBGFguJ0cu/1WolvqcSQ1ajAufwJaqBzXbgPyF+LKg3LHR+1PADYShRjLRSEsCU1EEZhJfjQI8YFwZSmJBJV6xdWJJbl4MTfBUklc4Wfd7vaUzZyemp8UA9jyxzZkPSMDWEnF2222BQVgocLrHV41KbYJL2q3Nzb4Quzs2OKMIZyvHJrHIBO6jfkQjanMlgh+iVZsrcKtz0/uOXne89UQUhEtnz1fn5haO7GfFYmV2emPx4lMPfLU6OXPtPfcw2xNB1ESnCCcwFlqUmk0gxPASlVzAt9JrPdHEzmbpM4EeutokrI40ec5IGu+EEO1vbBwJG1oOpYkyTd5RlRlPtGR90mUaLUJrLgUDMcbTYRqiRA9rfLNWAsdhdxio5hiR1MOKcMEhTLqqEEoHZ0anF8L8VFZtgXdCVU+ShckMFOvMtNkiwOHHvdcay4oh0g/cTJ6+wM6tjiuJ2xb56TeQfJIBT017auxmZBlZrhSV0CtewoZ55VOGQDR2G1ncHUw73o+oPmPjMoc0aSI3zmOUilcdxok8MpLQUTODCZXt1HRAS9yxLg/9ThIdlfQ7wSog80gNFkp/VA3lChstQ6LQTZjeYyb+lwjP/Jl7F9745rnX//npj+ft3J7CApZW9xv7yvsKLulHsRXnG2sPTXnT19duede+H/jr038iNAJCXEYpUsbcEayypc/lsmsOCmo46Ay2YjClB2tM7zLFRunsoz6GAiocb05/44Uzb75ta4+Q04trfhDvqP72u64dnf+td17zB594CM85p3x2eXPvbI1slR55PgGmMiIZ02cLyqK6OpHH4JqMQtJ0UxECvT5SudiY6xoZxCyhTq60u9s8R4h/7MSFf/bbq7ddv+fvvql63YL9N27L8T8iVgS22WHrrSjnklrBmq0mZOeNVvTHD2x84sGTvo/bJfOOPQ+IXrJWuv6Sruu3a1pPjNg66q5eylOa3kEqx7J+jk5XZAl51aUd7IVKxU9Cm6jYOhEioNTyedPjBMcDMDpEG6OI+uyREmiZ0jXq64QkDBuDZa60mhOFYgrjBD1OEOwkPzu7dXPY6EsZt2maSm6jc0/0FsfMWffXzJ8b9aDbG+tFrXbEM0/VYt5rc+xoMKs9Np8flx9K6WEHCBcZ6BnzYkoDd7kD9Oxim//9xZfP8PO988XDuyr7Zouz1dydu/OztXy1OFQVvN70lze7yxu9F071PrPceul84/zy5SGlZCRk/WIGUCsKlOLYuEOM66n/B/lHmZviP0yCjOw00gnNzJlFfSVPJd776MnGd981xgTko64VdLroHSuRTogVO/snWYyBrkJ9jYJyomoAABAASURBVGTZ0BSSYH3xNtO2ECJtvYQaS3WKW87EOIGMJ79wCv1CGHic4G6D/ETh8Ot20bg0uZA98IkX260ewtxFgEOzWe898KVTb337YZZ875vu3vPE8bVuECFuSkQxzg775DfO/+23HtIGhMy6Ee19rph5ZniZDJ7gmzNPyRjrqU612Snbc33YDw1b+1iv31/bqLOcW5id9vO2z5WrXJsEVeQKWK5/ajSarUadk2evUJiYmalM1IrlItc6caUlNx40NzbaGxvcTL5r/765hblSuchzApsQ4seygLOlBty7SURo0n7PtWFojur3+o16fX11hb+DmyqmZ2cLAt3E4xl0GdpNAT3Cr2ZiKhHVnKSiLD4ZbQenV7jesVk0iRpinuj6pypMVSJZtTUnDvwr9+XoeWQsNCPbaGhu9VORimUjd4MLFwpm1FMgfyhfI2YWpDRLcbuTKxY2UDphoNkzBH8H8U9oeJ9EccEWlbiUOHtTI5bE/uF0ywUxrpZaSNAEC9AgVr5YKJXL+UI+J9yqXMgcKVoh9heYGCEghlJ0lOn3ha2h3xN2aG7B5A0ScW1EyIjIMHgaJ7GubGAADgxIZUV2jF4mRG2YB9unMJFwy4aDECeu64ioXDYG4EBwBDbAGQKgjugHbu7pdjr1jUan1eJ/Pb6oRGLjL74LGoI2aqZt5ji+BsFMqKKkjF0uZ/KypCtUbZbp8KfvkgwGwpzCyek8+k3pqa7YgJS8HM9Ky5g1LFHlxEdkyosNJYm49CQdzuZmY4JmlJbgN+RqQuMy5NCKwEgnTHVgrGMaQAULVBYiS0Zap3p/kGRdjJ5ncWSPgXU92c/QWACdCsDXRESNiUKuMQGnE4D6EPYsS6IuoU1fnCGqBTgkoGec5J+Q5umt2SQx7SnQQ7FKI4QJOophd9gY+EV1jAT2Jdokygb7XGUFfjL+QBFscFEWTyY/qO4HmuwUbTNQEceEDyCncZwd8f1+JPYtRBD4R1AJC0mQEvAS3PnYXlxXA+kkTsAV6fUVRxWgJjBKaUrXprW58RWj0/kJZ4x2797VbXcuXLhYKBSqtao0FSNADqBB6BcRBEqB/Ul9CO6DLi+WMSHGI0L4ATWg/WDC/U8W0d+am/Ztu1oqN8utqN7sdruNjbrYas+XC25wZbjjCqJa2FDDkJUrpWq1cvr06drMzPT8nkajddONN587t97ucuto3WuVcsWSQ3J8OriccRRWd+JS65ZrDjeane6JU30+UBzKlCFKqp9EZ8o+IbDdnhC9eTrCSJDmWj7+GHq5Eh3ORLLtPPXK8SbIXLHM2wYtJxKCTs8KC36J/2QgEsRasmw3ZEGbOmth99Tmei7oz9VqudqkAzPCcezQdYBf4YpWiDGJBSswK0Bs42NSqE3FIBV6+wi2lCPWHp9QgUNoiZvquSqNWD7wbjQIgEY7UdEW6n7id0UoUq7v4kOVWTnhZpxYiID3FLgqjNM4W1gtbdVOG3lstGIKHysHMgiop56vng6FQ2LgWzZScKZJKafqHsnxYoS/nvgL+ZsFTe10eB6H0x/CfMfJua6lPX0GF3OaPnsNJ2gksP58aYwIX3lt18mXS36n12/1eK+LWDpytaaKxIERVQwRwYKj+hQICC5OEq+KKkxXxY0z8REh4oYAO6HgISgXas2KDKaYw5C6A+WgqfHW+BiJ/GD1wuLC/pztiPCWnJHhnDl/CAClWLvZ5hYuiwByjpcvVyf8fo9XptNuCV8TsYIXvHzedm3AbyFSKuN8STdgXEbJUQGkA7t5+AJ2w523tTY2Tz7xjN/pnn3hhcJUbWKquvvIodba+trZC49/6YG5I0e8Wi1frNAQVidLNmEYoUJG7VvpNZ8YU0ba2Axs2sYIyPxECn4JxBGFiRKHySBKqEFLMiE0hXEi30g1Pop+i1wEtRYj+a4ExgnRW69prPaMS2ZmrAoWKy5FoQBoQg0lFrMQgEAsUyT2NcHQPOCHIu31KGaQ+DyZ0B0e3huBcwpE5JFFpx07RqQNDK8TM0HjIp0QcJv5R28g/+avSW88A8Z33cYOTAy7SYmhSdaMMOpEaOxIDDl2FOzk3Cp5+EX2zFl8U8xxLK3R//dzUbVIv/1mMlUiO5vWOuTBU7TVY6tN2Qz93s+cIC9tkJvmyEJ5VAlSdKVKpU/lFYNdipcUE3SEmB2tTsxi6cBFUyJRdylJIJ0QExIjhXEy/vmII9neOXaGJDLGEfIovxNizGhKiSHQq0VbolXGbSbSq50qdZsajQaXmolxYlIt3EEC8RQUBKg0m0pfE6rUH56d+8ED380vFt1CO4g3WDf6m1P5KcvatdZfO6wubvrriHry1oXvfGLtofPNl6ilrfgRIudBzB2NdGLE2TFqrjvebIU5GFJzzLyScVejqiTzXMJcPX1xndy2dbaLa3V9Xi3mZ2rl0flnJ8rVUqHekmbFpfX6OE4nL55dJdtIaooO5auZ1hex4d1I1GPmOJe/ZTYiV7pIrW74ZRWCiIl0ggwqsdxCZX+/sxL4m1HY+8bTLz32jLt79/Sd19TuvSZ3y16nlKf8b/dkwtfk2XPBU2c6z5za/MZzywFuGeRcnj1p2zVKcLVVW5KUoTBW28i7qZEmGEWqcVB0m2IzA1F2REKyqBZLds43eWJDzq9EKhy9HnBE0NeExT4f4HHi2PZksUiI9A5RCCXS4wQrCIIU01eYzDxwnTGmy4kkI0UU0gnPs97ueCLCKE1hnIhzgKuevvFmsr3EBk8TUy/mOkmsINtOj9OxR2sYJZizeiskY6dGO5oyqFp/LH85SGzc+cRiQ6D5c8z8qcw7PGbRAYW8khIlVH/7S/U4yRaaTd5FYoTQNNLJuaXmb/7Zk2iTBRabnFturdU7//Wjz2rkcZ5/rd7l1sbf/qtjVNnkeDE9XwDv/vYnXoxRCpQW/k+/cq5ScPAcTS2dbqgZ3EePbS5u9udrW6MI/rcvriDVpypOkKi/la0sVPQ/XkCJ2Wuq5+S/NP6lH1RHzRMaPW76FpP0+flHL3YbfWH0AHSTCPYy80rf9PZD1JZ9opWcJ19YOXtynSHYnaXj5rBnnlm+7vrZ3XsqZsm5nPNtd+3+5FfPwLY6yZXy/E+d3Di32t4zXdQdz0ZinOC5wavLm9n9mO6vcRPmL9Yq/TAQSznXG3W63X6v0e64uRytFqK8G7g0sIkIV06ssBc26/VGvc6t2VyHWa5Uq1OTlckJr5Dn3YW7oZobG1xpWalN7DtyaHp2Jpf35DZww9JnWulSieeDvdTSmm4L4xnj1vN2s9lsNPu9Hr9SmpoqVSrlSlkYJrTBOQr1h5ORRwY4i5Sx4EoYDoyRQ1PXB38O2OdGGQt2PKXebv7EVpi7o80TaqjztXGUsZShFPMTtDQxZtihtEaR2sNqJh8Wxl0xeELY1o9+J4EwuIZmGAv0ZgDsDGqCrppmVMnNqv1LZpLNidBbA0y44nWg8xVOJwinwTQ2A4W9iEwFDFBmY9ODKt0U1RUZzg/o6o39iYOZK5m9nFco5XP5vDgpFl2hdha1A2uJ2ugQ97Yg2lEkb3ILQ6/b5XORc/iBsMVSsEFTtWc7kFGCCB0YAEkiq3uO6aUu/oQyOIcyIJsjhFMGgDYBwHeASACnEwdFBrWUgflTbuAVGy2gtiFqCxfPXeQzvdvu+l1OmUKKfCM2A78lNl1vfEiJGXGTCAvH55nMr8ZG/LwKybQgkytRARgsw+lNxguH1mG8qkkjiBwzBnGU0yaeYNwIZlQr7geGQ1xO2NBQAhsQIworFASRgUoo8iWZIjmDzLFu5iPGq3FygXkljH3QhLDEZCwsim4OkfTwkFIQ1SZC3RyJTIHuKbIOYmqqKO8J6hGhigkIUSSoIRI/TgOl9wmYagCETRi8bHQOkVDMFGskF0AtoUOwZpNzJZI2QJ9RjJYDwXQIUlVp8FK8C5jsI/wURDEleqCyeHFXV2gkKY3auyVmJcUxiKRead2QrZXaLyYtpIqch34kPGwEuomPdlKg0j4LfYKhkaBT0YEQ9vlLWiOpBSPEoBgDAz9NKK5OeJ30KVi7HR3WztYWaFQBEX0qE8swxot1sFKdWNi1e2X16TPnzhVLxcmJCVsUy9QjxhuptEXDImrzHu4HPhUEXICdyK1vJBaYU1BYLNFxEYmX3zjwlRomlq6gWhiFa6KXz5VLZb8f1DfrrXojD7h4hOX5sgGTKLIhqhPop8TAnZ9f6AbB+XNnS5VaPl8+dGjPfa+/89Of/kqrU881i4ViuVIpMpsKN6SA2z1FA4sWu+PGa+rt1guLyyS0I58RBJFhiGMkPK7jEYm+MyE3wzJZdTkI0TXHEOWwcQOM9yBR1frooUlNp8tO8Vyng28YyGmmyDTo6k+3ZRrUaGYna3QGxkbheZJ0o2j6BtMXbWGTk5IsIUwrYS2iqYH43waq6fHv3Imc5X6Xrranz1603cLe6Unq94GfdHFHuEA64YZ1oI8A1igNEbblhMS3wkjyJcoqKbFBZIQEvgZ4JG9FnJXkKv1uDwaYGF7ghdcjvZ6gaFztFkWunRfTzmaR9NDilFKAnwi/EuGggGYAdJ1RGABESdoCTsXiQhFnwAJBLgG3mJfb93vtjtir6HmW5KCE24RovU29HPW5ZimUPFnQ51S1E/phvkQcZvVYU7BxhTwBZBZOnjj15SSKIEMmnRyx1UhbqP6UWWNnhFAkbcHjpKvCkCmjMhiPiBpfTAbYQO5Z9IBXLFZmaLfZbofCA1QZJOPWxWKVRZGIC+NwhJZfrehBsC+IliT9pAWf4ffFgyJAkiCVSvqianuFqRpBosRMGUNVgym4NaHBENg8axcu8qG758g1lkdgZxAwyq4n1lPhpd7rdDlddl1PiB9BdaLZ2BSXHERe4X+OhOECr9SQiR0AgdjPK2I5cfafwDLMV+nIJkduvYn/e+aZY9x2dvHFF3Pu9TNz+8hN0TPt3tq5s8e+8fVr7rqb58+5hQh4KxtdLQluvJILNTOII8o/ghBbim3BfhkYPTs1Tq6mWP5qSFenN6THCdHStdrfrHhNzZMkcE2IOqf6imS7CdHChypBH/GNTO7wJnF+vE7i8k2RjA2UYxzjXtLTnGlJ1ZIuuEyFtUCzLQUYU/liSphGQrHABJyopljRZEAEyuLzVJKCE47hENj3kMbq0nEnyGZLrIHmFRVoYqw0XyY/cg/7bw9sPXL2TLH3XJ91I2YOZLWHcQuqVaNaR7fpN/zZJ8mv/k/q+4Z+RHXh+gb5s8+LBf9DXyK//7PM2zm5oeOT/+MjlvDUoVLPyRjRQGMPnbAeOkEcm/zYfdHde0ZyViRWhZL43HQxYebIMZR3Q4siRoH6unHcEt3kFYxxEiOdqP7QfidE+pFoupJAQ9ErjlSCZvudECkREcPlRX4XQxoGGZsCTy6EYdzyikuf3LdPpMpVCElv3fW2vC3QJvJWrhPEm63rfv1A+UDJzb/QeFZfbAXBhzomAAAQAElEQVStqiftim/f/d4PvvD/RxwRqCLYLSxwBIhRTwz/GqOGxKg/G5uSZKTMmUoNl7F4CSDjpJWN5jjZWobf3PREeZxHpmtF7XRSb43ldrfZvDQTJkvO1FFZqSGuZVK1JJ8tt4VQAy8k/rL6inFXLUXisleYsx0ura9GQYcbfc6du3D27IWPfoGre4sLs4XZCW/PjNf32fnV/tJaZ2WlHUUdpaETL7CsgmVNca6ZKEVEvETHIyquiZQKEnrqVN1I8lbihCSJHknSATJA0L6VzHRZkzorFQ4d9o7eWH/6cYQ5QQ8PPOFEbVe1QgxUEmJinChuy8QyUUgn6etMlWCUwwZKZsut1mShAPYQLu+q+gDmyux9b8pVq5lNoAmOMbGwbpnYFqv0lUrN9jasIPXmNjxULiEN8F2ZP9mIK1ndeAV77+VNUv6R56M9TrQugCSyZVA4/STVvhpwBJqMUcUV0sn5i43f/YsnpXwNIj8yo7/3sWfVFXmdHz/4V8cVs0pR3cElmj/+9Cm0doDhQe5P/fiDF4xn1QkoDq7ZV/ree+bG8Tj50KMbz5zuYQlKoJHxQ0ncRQMknhon1Pgt1TNUuQ3TuI+ly79EOpEj0lhlpERA5JEmj1y9dupLpwUPZ4ERVOKd0Nqe6sJ1U7IAxUf2e8HXPnuSwS7aGBlF7OERdfjM5176ob97CwRHViwbJa+7ae6BJ5canT6j2kNF9PNHHzr30+++lpBE3RL11Hwp0W2Os+hppeWuwS7cMg1KpOLgciUR6bf7zXqjHfT6jhUU8vm5yaCc79o0dMRYCkXQ6n6n2apvrgvtk+uWqhOVWq1QLnpejgVRr99rNjY2V1f5B5+cm9m1d+/E1AQ3PYPilYG6TBiQ0GAuK2OaFpWukqCaH/SbwqQW+NyC3u102q0W14YVirnqBF8oCohvrQowtN5yM6JFjbmXWCMMt4NL1iQNE1cpNVE94ovjl8AMjeGIFEU6rkSiKGUeknbNuAbKr2J0TcwCqVLimSfGc1ZKao8VnbE5D81VTJWgej5BCLRclw66RGH7aBQIfHCxEVTYfSMMPoBOJ1gsuCVxHShKY+IxVU/pRa1rbWmcpEiNGEU7xO7QUOwt5G9DqyY4ZkRgw1ZSIjEmHiDjErM1xOxGfRrRuCugTbHvlf7QEVO7GEQImlwuz2dfqVAqCxQfsBFA6AoRNgJ4KxBD8ftGQu0qLIPCdxg6xhexrXr9bk/47YrNt2AAjzufyQ8n2Tgq9V2pWms9hGqZ4XOCrD7GZwhVngi0ZQISQcRAQFwT3hhHbPEUphmxyRbhSSLl7wJGZREAXkDPc4Mjr3an3eUUhn/t5kYDXmaDAV90gaWqFevaiZK5E91PU5yyGnE0fWn4FNTlJDIMZh9jnpLxmCE961N2CmNOsTFfl5Fo4kVqSVE7/aheZ6KxOWecFFSaM1iyb2iqzVSbDRhsmJGPEBYTAGi+MtjpmYmvgBEP4LIsnq66SYg+xOT8jLQeJtZQaI5Ljxzl3EViZRA8oJw81ZSHE/BEExQBJikcQwznJGNvYXRlCKgg5hqR081SDlUSq8KYXhFLeSXSBOKXmmvwxdHLhZOlvh8KvCKfANSKMCbCLWEqYnJaoKcINMsyJG40mTGGlbTUVzO+F1X9hE/yKSyC6NgWUfwgiR10qNr7SQcVQECi9TeSnxyoDVG7VyLl7KRYGvX1YZWI3RugOPB7juTo4X3f73aBygVw9AX5k0Uz7ERcpSQraDSKpJgnkskzpS+NpTymYzARI9iFwStMxbthCuxEczI4c0mK+Ru0tMHGVtdxpqanFxYWVlaXFxcX8/l8sVjk3YacUzxpgbgjVrsDAThCWGyjXs+Nohy3UuPYlew303UwZcCME4UEhu2HDf0JHiJm3fjK4Di8epVyOej22u1OfX2jkBPhEgG7zJGMRiQL5He44XNufval06ePv/j86+55IyP9o0ePnD2/+Og3nu10Gs3N9ZxbtvLM5kpY6oCFhdpRsHt26tYbr3v21CnhAuAVAgCLt0CXizZ7RljchP+Pvf+AsyVJ7wLRiDTH1ylfdb3re9vb6enp8fIjIYc8PAkJBOJJYp/wsGJB+1veon0II+DHew/28ZZFgAAtkhYhJI1mpHEa2zPT3vf1/tYtX8efkxkbn4nIyDymTtWte/uOia7OmydNZGRkxOfj/5FfX8+vXg9WGkMgpS+NjqLY52O/jOz/tGKcMsYo3E2hOa4Gnkk+kswC6KR0MWVm0LZFCddsPqxJ/SM3XUm/EDKqyGwTUkdIYY6Uhecg0TBpB9ELjOOAlFK5FqYOE3Hzy+eu6g9dmSjNlQpa+fOldsrneh2UGQWIYRGMSYi/oH3tYidKif5yRVZ7gfQNRRZIZaZJdE555SAXFX2MgIERB356XWEQqiKE5AFORBxrHUs0PV+rS7lQeNLIABHiZkYQvIh10+A0ryOJg/PSd73B1DkkcVPAdlfbgJHw5pXK5fNaErNyOHe6fgXIQAT7GG+tmU2kK9QtySndoi3gLoWc8JG2+ugWtVBFLFN42U+Z+lA4s5Qn+j+kJQQqoxG8vSVFYtNMA/US8xOC0gO/UC7NHdq/IuXW6rpmVAFnMhIpUYhDhmjoMVsFFyLVxgkyzHMYtYzlD+boyaoaaQQIlI2tIOGgONqPS4AJ0vymod9pdTaWV6YXF8uVPIZneqxKoU2FsNRI6NRSfGWiqhvRaDTazWaQg6xCQafr+YGX96zQhrCGAdmQ/dhHZgzBMXrkFacnD917qrZRW7l8KYo7Ya5UfeSxiZm5I/fd99qXPnvmueeKE5X73vkurQVAtJU0SiMyEcNulMgGiSop74qB8vVy2wrKiS5GiEqWkpkjeJ1KrqTFTeSmi52AJaNQCWFYY/peOpzJMpBSxpx60tEnOO/4WVZxsO+Qbn9KE8AbCHeEeDFhmrA8zrHXnomG9jh8nAzEsQVHwU6QSFyE7Gf6oc8CIfderAyqASx1b429jnW9LhlXRpESJZ5/Xf6tX1V/4/vGhfd49xHx0nX1hTOjpq3mUz/yWOxyk22LlVWIVhDYiUw0f9dzvcty9rr4pV8dJKvZ3sAW12ri9avi0SNir8qZFdFqC7OEgA8qlZKSepH4V5/xDv+xaN/E4Eq4c5SVfTiAgF8he41ylvIk4mLSn9mapVuPs1XprRQOuomzTSofsb+Lrejb79saDVX0Y5xI1gQSmVRZGE4bR6LMAxztmD8QHTWMKxt3IowxQ4osxknqJZgiofkD09DijTF/RLR34nVx6OW+49C30oco+sXVdpJbYbO9MZGrFPzCF1c+Zw82onol4OHy8NQTM4X9q+3ryoS98rtJn1FPlIMyZdoJFK8PqaW/9M8790i/kiKHgZ3I3Zu/RpTYaV2vNxYljB0r2Yi1s7suhpzIgSf6fiiRWKbds1yoKmdK40FGArNIJwyTxV/WRnamkU6ENNEesfKDoucfjCNttdXibkOrL6DBdDevXNV/6nmRieejukGQlF5FWyaENW6ycCqMdsbTMGlJbBmqNDipArl8bNtmRiC/b2YNTqqnxOAeHdTdX4tF7eDo7svBP/fTq3/5Z7sxI53A0AHDqjoyNVkMwkzUiHAwTuzxNNJJsp/JqpNcifeT2VWZrT7S6fVWG41SGPYwvw9hrkQwmsWjP/vfifHLWF10G+jXV2Dp89hkjKMuixbDLxj286uxWH9mRtZK0yzZdyxzV+aMPaoAXYCRTqwt9M//yDt++vseFXd3+dUvrP7WFzcE95Ch+xbvZGCRA/bc/lD2l7SCrP0AbAY3q9nSLlPpRG/07V9/4Xq73lEex5rQgi0tfjzyrSeESLu9pXjpi1fb7S75w831sNBM4f7aRuvV128+9OBC8hSIRJfvfWzxw1+4THch6rK2bauLS/UzN2on91VGtC2z7wyMpHvkgF4b2buDikPIRavRilpRc6vebLaicigqRb+S71XLnXzQQa+atiR16u1us9HY3GrV67lieXJ2bmZ+Lp/Pa1dFu9XWfxvrK3Vt7S8X5vYtHjx2ZG5+NkazFVF9+lpKpELoFB93GoTybYTLU/Un0MbS2uZWbWtD7xdLpfLcjPbHUy51ijgxAryyH07wCMzIremeGTjwkp7ZJR2TqYiTAWAnQozlohr/WfYnawRWBnZc19s+UfYt+ehzDCVPca9Kn5fpleLJyBXsuMQBoFK34yxiTYvFSzDBxugUQ/cuhlDo0un0SI4gMBIeLZ41vQqKqEGTPAZiMFmwhiBeeEmaNUX1sVhCS8p74F3CiJZeTNkbSMlzFXyWUCkEQyVkLfVvWg1RmR6RsUooHPVnD1MZwPLUMCyVy6VKuVguws+AIgUh+EXRwl3uLGVfGaYQJNaANa1dyKbTwZfoCfbyYsSGdNkLzTJjyOLvIaXo+2iZV6DHGipslk3G5sOiXy/wNUHQTg3tQ+SYMO055dggi+aCleB6asgAolRX05Vmo16rtcCmDdm50ETm4WiR5H4VglzPkWUrIjNoiW6qzGvYk462FidyaX/JSkQJ2ZVikM6yJ6W/MYnYPMb83ab0SSZoI/EoN5PYyVv0tVPXYReaptU8cwM/0yDoMBegVazJfU5uGqNAK8duZLQHg1qh1IBW04lYJaSfXaqeO4cNW/eS5yqaKbF02szxHBRmQhhLBLOEoSfCgJKyt00QMcNANnBjBphcwXAiL7HHmLdT5jHpznTpiMIgC4RU0duentgQRtah3DGc6MuGaVqWxxllkCwyjApp5soRHKS9nLoCzhG0CU1UWKjs06RLvoGwATnSdJIJZUmVZEm44LyFiiBYOBooJiAMQ4jYwmdpi7QOAd2/yOehn3uaRrTamhH0UKKgr4Be1MjQeU/aHqbl4lSbl+X0ju+qf1plj9zZ9DojOfHO6vEYm0tT48NHDjdbjatXrhcLxdm52VKpRF86VrH1ULqSE0hXWlpFbqiHvL40QGckBksmhtRxWiHYpCSEsfuLlERCtcRk6S6VixDH2QX4wUarqYW+YqWs7wn1o/FWcM7CTTGM0MCbnpxYn6wu37x5+eK5+X0HZ6cr7376yctXri/d3Lh+Q7vz81PT8KWDQAR68PV6sHq+Fx05cPAdjz7y6rnLza3NoFhQvsDF8r6giLuY3i9O4twZ10h4AfYqiw+GCe3sq4z8uRdlILfIHHGlmb7JK6ypnM7jNitoit0Oy3FK8iylxO6fQhQF4k6cIyI7cD0mxJoo9IRsKy9U/lK7/srFi6V88NiJ4zOVknaC54CGAyiKllbasqsvxbxg5PADJuDlYNJEgUBYOUHBfVirZ2Q9CCAIpVemRdAoLIGw2oO4Ez22YuVB7GCrqe3e3XaHdFovRFyWHpwksJYYUKkxulFF5LxM5CGcREhmiUPKgBJm6TNthLzTEm6zSZbcAGKZUThD+qx85cWeHwbKFIE5UxAcBSZDCFEusuhV/HyOAa9jEtCMpIJ6rh3TlVDNFAAAEABJREFUOx0eSrIB+u4rg4ZNIn6Qqo4fIvDKk1XibI31GgJIoxpj5YDY1CdRd/A8xVw+wnHu62+KZNtTKSUJ/ecKB0BsQNTILZ24ViOO5snqtVJYSz1Ls8ZEgde2m83la9eKczP600de5AehbnaQ82XsdVotCL/vdIDyCxhyhVJJy+aYp6mnG601cwgqx8hyXbmPEgNIS+0erBkMAKCLQr4gkCWO5/ctxo88/NzaarfdXL16dWlxfmZqamphrjw5U1tafevzXzp49MTkgYOxNIRXkI5g2I0TcaIyvFzejePm62UvCn1eJ+JECJFspXPARoEIYmzsJU1EVfbgCnMofe/geuxMlHIQxolIZHiVrdN5h1R8jIllSQQJo5EZpmVxjcGKwcB05hARVg+XvGHCHUoYhwHDgqd532wo5SShikqKxZFCsR4N1Wq1QoxXcpr/RUZQN2L+C6/LP/9P1f/9u9S3Pz7WNPzxd4jTN9XK5uCLdSvbtfq+ieLQ++VgsBM5VCaVTE7ce/or2678+uezPauUSNl8Td+3e2oPZbvIWGkI8mkErfvIafkTT4x6F5VmZtI5ZMeeHHhDX0UO7IJMX5jwJBuOwDr8Vw7GCV1lY5N55JDaO3bciTDc1nRQIpurpEKRjjgR6WYqleSVUMmaM1KpWc5UFOt2onoy7/Gy4KKfb3Xd9Dqb1XDCl0E7TlJbaZu+LxP19n37vvW/XvhVY57wkndL0NqldCJOhBsZYN5i4FAZWNxpOGzm2unNqiP3ztDolkyplos7vWyj3hznlpWNut2vlPLj3DJZKY0DdjJoAm5DTAb2JNH2wZSNjikngkQlA16ZkUpXyjSaSMI8jZ4IazcKCwqUBW0+b0ZRG9BBYUj2SPTTqjpoDhCbnBeUzDnhmcI8JVWnQ8ydp5uLlBv/ZM7Smf64E0svldM/Mt3V/TtfL+OU8djm4DJx772Hf+bn3vrnv2zy2oAX4chktZLLZ/BIkoVRrJWytm6O8AVO+CBbFu1W9GGcZI6DTTGOAwBrVBG1R6kn/urPz5w8NeIVnHmnhp/avpduTyjdgKItGWub40p6+mJxu4pK72SolEpfQ1dkT7nmqL6dr8Iina0wlvi0y67PImkvG0TVpHuVFVk4VkMQIZ6pjsXa3pbyxrXmS1eaf/jK1s2NHnkIDS9DFECVWDmoZJ130jnhdo8kuUeOELNJeiS9TWbuNVuZ3qfnXPzcZcYs4YTYsL/v3rnJfRCw71pum43u689fi/DmSBLGSYKMQo7dzz5z9cH750UqYZF418MLn3rxxhZEqyjBz4KF0B9/demefZUBbbNdZeR4aTzyA7pKDC2jOmv4lc2VjWarC4bRSsGfKqtKXhW02UhqV1e3q42gbW1H0m6AVr2m/V6l6uT0/EKpUimWSyAKd7ot7TLe2mzWNqtzM4eOH6tOVksTZTS7RbjgT2JGyMi8FknjDuGwZMVo7j0Cz48iSLHRbPh+UCwVJyareouKeCzHCqq4o0JEn22ffqaod78cqG6B57gq80B31UA5inn1yGpH/BxeVJ9S7OpgnlW1LO+X3EhMRWECrAHdGQ224OHV9stOB/+6cSJTCGGjsQVHcIBjMu5BoBJ7T31azW18zDL1PtgIZczz5EvudiIacpTUKVm56+iQ2RdG6bgvos5LXn+IhoQDmDBxgfwEOS9fKJYr5XwB8+kU8pheCpf5meUNxttOXepDI7mdUjuk2y39f7eHfWegeal3yf5GreV3tp04St4ZRWKSF6TltCa3kTZah5AJKJeTJjcWknBasa+IWNMCfoIH7XV6zUajvrVV39pot9oAICEpHsWXvgnrY7scRS4y3FeqOSkNZnBJD/hRwz9r23RuErezuAYL+6Hd7W14ZPLsfiY7xkOle9ng8cKvYx5CeoEiuiRVapW9sqohz2unHYwDwmELqTFMOZ5Mj0nDYURKIlMp2uh4zU2rJfvfVdSlBF64aJ1Dz0zQSUywIirBNyJSYkVChbEmMiMAWsuMlLxSSNgxrKzgnSyApBpjWGoOeXQwh05PzxQ9zWNtNZJs/SGlX4BlWt/rU51I+jyhnG6338jKl7ZhFF4gPRO6J5hqGvyw2Kh80jPxboneZr8bEWEvmSAJneGMREJRRA/HiThfHLGOcCxgRiBJhAI9/ZzAqIdsQLvA2s2Glgo4UyMNBkPZ+seeNEUMOiXGnlN3OuiERrRI2ZHMJ9yJa83Wod92amry8OFDp9tnVtfW9M9ypULxRJBkwdo56ekYZAWnfM+PkU1hKjsaEcICyOysGKNh4ktFP4lK2V71AyCBXLGguaB+8ura+la9VtjcrFQnPAhgpBnOc0YzDt2WXC44cvigZncvPPul935wMl+qnrzvnnc//cTvf+Tj9UZ9dXUJnPaeX9L6MznqpeaUXT/0Pviup2v17ulLlwWOJz30YkJjVMnKaPM1PNsz5J7H/jHpsnbVHXesmO5Nvc/Qi3HL5KevjO+budtKoiewimVJoaRxyMwigNCPrvJbIvTj8Hqr8+L58+Vi6eETxyv5khAdfVBANsdY+BCc0elqf3yPpitEJXWVNuBrShqi2z5m8CUt3Gm652PsCfAgLxahp8pBEOcBMKurCRtE88PI6oV+L5eD+KZO3NSt1LQexR1E2MHQOsosh8v7PMzNIoRVj2lFPLJCJQmDhCa1Fsq0NEZvTSnZ2s2WvrAoRVjIewh7xQRbi2+Q1zQm/EB9h35Rvd9qNOFNtITnt/3Qz0uEYMH3IoGc1ikKzxMp064YSJb7P9BAy9PdXxz90x4CGlOeqnY7ADPYrneCMDCp6FFXMO4TRDBBmQNWovgIXhCnBRTjoUIWCf8THQbsHJ9EYJE137P4SKKTlAkKmTQed7bps80B9CTNUNeXV6bXVkuTk+A1pWBEPQr094ZcmEKrXrl8HjB9okgPpEKxVI+2IBqx25Nep0UAWAg6Sh3iB0GIApMeZqEKg1yIsU0wzYJift+xw6dqT7zy2c91ms2Lr7068a6nvFx43+NPvPiZz65evfnsxz7x/u//3txENVLJomr7cul1ukKKr2or49cLFnYDD8I4MXQmizsipU2NwbYkQUYi4c4podJbadZ8D6rT1CCzzzJ+O8HrSMyVltCpPowTVmc4KsY+DuXn2Ex3Ai4R9pXNu3osRysboyJRRPFigjhBxKO4n8gWcwhMRcBeNl8GOcSVWFrrjvk53nlC/dbHbRRBsq3X5T/5NfmR59Tf/mExs12GikIg/viD0f/2uWCg6NRtNKNOp5Qrja4kM/2tfMLHs2An8tZdO+evZ5srbQ8IIZ31gnteFCc/o2DToSLnpfVRRNHIP0YPxB2jISYmLjP4dgJ2kgoWdVWyBGRIGDYkk/2U3ryL/cxW7Gyfphq+amprX441XocJix3FnShr6iaywmfTij83KRXsIpyOEgiCjPdHpITgvTDH8bgyK6jih6YfshUW/WKjlwRGzBfmKb4k57tupNQwenjqid+++J8Y44QBk+jdYju5HKbcH6bjvE2fmDcus3aU1oxAKM0wHX8anzg4N85l+2aSDBqb9ea11c39M9UR11+8sVZrJil1FqdHXWzLPYfmnn39ohi7mNkpRx6zP5RIWw3MQS4W7IR+8OUG6cTWoPrwRZiXWb0dV7XiVtizFMWIeZgnPL8izAxRCTekNMkGsyQ1HaFSFaejomlucaZXF+nEtqEfhWXAuHPkhcGXpLpvcB1fE2XsKbVH92E5/L3fV3340Qu/9ZvN5ZWF972v91u/GS0v9UecpJBLBLllYOtgnEj6xWfd6xXZILlOPm5oi3u8G0W5/Qcf+PGfvPrpT4Wzs/f+wA9N33NyrNdQYx1PuI8acect9ee2pVzURqtxJb1q2Re3pVi6PvBl1aBTartTYkddFwa3L55m3FLM7bh7Scxk6Um4zgX7yxEMpXPpgKpkZsfwesUZdlDoyYe3aQzsvvzpf/HGVgNNXWBukpypB2e0x/mAHIwT6XaUKUN6RPRzBxNaQi5IhjaRxn+Qdu/I7bBDbryy1NpsR3hpjCwzQpPQPe86KNMYJ/r6l790Vbt+tLQf4aEkgoTWHyF+Sa3RfemNm489uJB6ohLveWTh9790RaDDRhjR9M3LW1fXmgemi9u2U9nBNLLDRhzPsPcRpVNrxdqaVSzKaimeLEaFMApkJ+q1W812u93YqnearW63oy1IE9Mz1ZnpcmUiDAIKDanVtrY2NqKoM7M4f/LB+ycmKyAEi7jb7RI8v0jkeWwUuan6tRfBH1TbtCifjq5cW7HKExPFYl4740NEW9dnA8RRSOT7u6k41si9FGH6rbIue3Uf75hlzBG6Pub0d8ZBO6DNmbLzvlVWK7W39lUiHWIgJVMOABqByA9YRtclpy8stNa/0fMKhnxBal5M2WEoFIFWWlKwv4e55n1YlMoirHU9SvLFmgYYryh5l9GnDEmcuj2DJ61cf9jwVyWDv3ug76J+NZ2W8kUKKby2SweBny+EpUpZzyltssUL2TtL7lhKsCFMo0zQBuUXgkyE2sjdgXBd8M+iLyUR4EF0jzgPdHoC7srOL61Vm98J3NYBlhAK+Dj01uEFFtaX4GTwO3hRL+5CoEyrWQOAk3azyegmGLlCg8KoM4nCgL2REhikGKSE7uK97oJiZkVCPdSevMiQIeyMgfSagFRhuIiBNRrb1RiNVIP/Z0bAVwwUIB1fjDJx7sLkxsL9OAsTzE1zlXDk6TwwDNnhXWnOQwYDzOJFBAfRHo3mgnRCGCO28dqk4jc4mQHFfSDAD4a8CZPTkF7ZjXdIgbtI0rpjZVSnGFrS6ejZTXgnAHUfxdK8HHuVcBkS/7SCZ2JTs1Z0Qf5yaqDkFDwguVEaHcnOppg6L9Hd7MdjJNP0mDRmBf4kRssThrwCqpn5xFKpDIU0ggGOQLRd6UYAnQdOgAAzmhO0O/p/FXE+HWyksLGU4LpTA2k0fwpxy+WOBp0oE66klOUuxIfMmBv7lWIC/EG4MN/zFhYXGo3G0tLNmzeX5+bnKpVKjNQ29XTn82p/MzeF2UyEyZb8MeZ6v7xp7Tl2hqrMb357T4a5UMt52mObz+danfbK2ip4P/O5AmKuJvA1kqzwslTMH1hcWLqxfO3yhUNH7ylVqg89cM+5c2fOnru+uVmr1Ta0xzQI8z4s3kcvqxKhFuZD/8kH7u+22pfXlyPhIy4RJiMVbM8iyiYdErJn5NjtkttQZFoZ7Ts74sZkJ+1FGPqI215u/UFIB6xGZ4edEDa+j3UzGE/g/fc7MvDj3Ea7eWWj/sbFK5MT1eP7DuS0vqEJUwDhf/pCyBgaBEq0o3ZXGX+jFlY1MSWiL3pM/zzEO7G40T4QRF8T4JLv93JBp5cDPtOFrI55pSpgicgBve912hAeoqkPzHwv7xHQBTQeVrQjtXT0aqsv25ACy1QhWUngBwqWwMZtpKQQd9LESE2ZgzRVMNMxPyXzc4GpVUrZSa4AABAASURBVBDiCwEAtVDe7rTrTf3W3XpLv1ShUtLzNJkPCuJTEjHNeFz6P4YYXL4y5bVkIijDJxVkHRJRYaJSmqpq5mVgJyUJr9aejgc50SfmS4oxRyZywjiylSvGukeFAEG9Ysh2RIZTSfnRbO/1zxXTPCmcRdsykfshygiUrVZz9dp13ZxStQqQVgrBgZTWTHICEMYgta0f+hTLnysUuoCoCAgoLDGgU6pQLNLTQDOXUt/ShQhZPQ1iTYEj1dPthWQg+eD4/fdeOX9+/drVzRs3lq5cnl/cN724uHDw8LWLF889+/yBE8cfef/7uwbs3bKOjBBqNOtMppI7RZe+Xu5UMfFSWYwTM4zT2CFkZlJ2m/i9pBx4PLWVCRJJpk63hoxXg8XldG3Ssb1INSBfj7JeafueyWWA9mbUBGJSnmEhxhNto38Rqipm1ZjSeTpJf22Zr/rs2ANSFLFgw6gn8upSS4xX3nmPPHZInbvkmBOc7ctvyJ/8x+rPf7f67ie3mYlasWltNoqTWX+tNve06/ViQRbDIQYpa3YxZM+VNvt+pGXRtGM/OTyeJ7vb569RKmXtNZ0q9rzIZFWiiZoa9JTOqGXMyrJ3IayGaIMhkivU2MJp/5VODaNwRGzEydu03bZtGcgH2R93IjjMVyTBM0l3JHZpmu7O6BADP55Mgl2UM3CJwsQJ4UkSDBtfLC8vA93ogen7fvvi7+gbp3KTK61VzaSfW35uOj89U5j5/hM/QA/6kcP/N/vQfcWDenu+fjaU4cHS4clwarF0+EbjEnJV30Sf6Ib7MSWjEK7k77RQqOzbJHaD/qODjsgBa/PcT0YTzM7TccanlsTfef/hMS4Uh+an3J9/9PyZH/nmJ0Zc//lXztv9XBgcnJ8UY5Qn7z384luXe9H2uXiy40M5Y2xIcfvW7hPrGKa0GtnSUj8z6izvM2zK4Zj0FZKzmbtEtk5hR0L/XaPqNLanIXel2+YONydSWdpJ6momDgF0Dw7c+Xpxywg7rxK7LJMnTjz6V/467V8+c3rr4x8VQzBO+Hg6siTuO05t6Uc0SWoQol+Ko+Oz73jnie/+Hv03TsvHVlmVs92bcjy/MOaV0/n97s/ZqaCQl6329o3Rl01VU5bP+by42RbjlPniqNmTIgt0YJvmJJ91xDViJ+XQbEm83WXf9FgoXLaQ1M82HiEGRZw4VCsVcSIH1NNH4myshrISjpSNdk/cTeW3nl3ZrMfWV0ICsWANy+P2G6QTWkU4uCK3b1h2kyzdmK5Ujl1B2FAMexC9LMqRm5Vz2cDthc9ejlC0inEJGubKkdV9EzMHJ5QDm6Eggr/92gvXKQuPQIwTwXgn8HViijvBtQWf/eK1h++bh5TvyrrTxdMPzn/ipaVmt2eFNmibJ//w1aUff//RpJ1WfzGKQRJrokR2RGU6b2BRqf3RPJTP+kE4VYmrxd5EoVsI29rIGnUbzWajUes0Wt12O+71crl8uToxOTdTmCiTAb/ZaG5tbm5trGnpd+7g4tGTJ8oTJX1jGAZQLaDqRokgTeuTB+VAtLIN4Uy0mtrh0NZHtAOCgBO0wVP/6cu0UQvXick7Z/rebTFGjNtVUnYY80jeulYPx9GpnGLPO3cP3h92pP/tOFMwnuS5bT6UczFZ432e99hLEG3S1ubMrv7uYNXEpXS0Y0woesQFio0vAEftAR64jxMTpjLlg0DzOeeGsEv2JS/D48+B2aIUgheABZ4cygyv4nSLcpc8DynpPun/2NI5bq8E6EEBI1l700KENsnlC2GhmA9zgbnB8uaII84hSEVQShsKlOkg+gugm0A6ncj0dqJWC7e/TRemvkHfy4hxinGsU8eGeqqHEDiDk5QFFUh+ZB+EaUroYlg234UO39qs1be2GrUaLfMFfHFgFj4NBidnkTRbJvIyo5Cp/mVd20+5gbNSOVmxzOPHs0btaXGF4dv6GLHbIi2rNnWlzqbXqLg2XhzX0rA11X972nsgObUVL5eyM0MqZdXk5FXsTCTQeprunjkY0yJCG54CgVABKiAw+Ag0SPtRtLMPEJU4JVyEtXqJddkQV+Y+EGfChIV/4rJ02MEwDkzw5VBAeu9BIh9FeUAjcS6gdz2KkACqXoSaEgkpMEtMhzBj5xAUJ34gWaImKS4DVyvxd4O2mfgB5VmkEwrMYy+SSr6OtHtm7WjfyDECjOEvFN3CWXUiR7tX3DjBVjzM7qKStWWQJgzibPQnUBT0Qx5ZLT7FZhjg+xtIfYxvFre33Lmgk349zBovEyvmToqNYtO3a9K8b9/i1tbW0tLylatXjx47CmcjSHzACXO81LTEqD+aSlCATeKYJi++GIvoppkfz2Jlr1XsdZGUGIJor35CPh+GhTDfyXV67Xptq1AsFEqFXC4nhDFG4VJdaqpmJ5PViftOnnj9rTdLpcrExOS+hZn3veeppRu/t7nZbDY3ms0iQ29p6QG6oudJ7crvndx/oL65ufr8Wk2PM5oyAHKCoSx6+PqSFQ+jbNAgR4Ayj6QcJaxdWQgxwCjjTPu+XhlZ1FhXif7HZaQ6d8BY+pVppYvSpgzLo2MYTiEzIpH7uFSblRiL9W53VpmaB0qo41ZkGwkbj2JezedgVz1XQxhyqArCy8LaAtkLASF/s1U/ffVatVT0lTy+fxGCM7QG0gMtECil54eFPAwa7VyHbx9rXUdFmGVEP8j3YuY5zPFIigNIKli3EAPeSeirUk5iPIESHaSuvghDIJ9dIduaCsZRp41iiYcg1WadoGLTGkTwMmiYcJYiE3yJR1MEx4EXeiHBX0FsL0q+WsUiWh3k814AIC2+HTa6E3pe7GNWKZTktJTWbbWbPqyTJbFYlooeEwSPrcSKpzYuyfCkw+12VnYx9O9MSTfMvLJIAn1QONG/C+XS5Pys7r7a2qaQuLhFUT4L+EeZzgERhHuT0P8YeVVR6kEe/yZcinxNqCDDt429mCwfDGzg9WUoFM4cIhCa2BAkeCQGHVLsqdhcXsmViuVqRX9MLX5omSDusYFe60W1zY18qVAsFnuwiMQrlsv1rU3Np0HLgvkTa+aSz+chIxvpBnoEBCHQyl7UqusBLLR+4+uawZeuwnLhyP33tTbXa8uNq2+dnZiaCquTxx66v7a1vnr1yiuf+czcvoNzx471SN7xKIOIMBxE2cAAwdqssK/q8pttvuRdbzv4eqGiBmGcSGG0XGTCdJa5lUVGMYqBFUwlZaNxkEuEcUoRxklSm4lTNMeFc1YIG7mCbcBreNi5dbrPdbdcp3QIJK0vjDm8xnioUwSHh72FP/Bo+ZuQNlbGTG3cz0rFR+YLDA6c+OrY2wfa+Ja6sto5OJPb9nPom/7nHxf/5L+qL788eAa1mvKf/2f58Rfjv/VDcm5iaD0vXYKgE001NA+1B3XPNNY2NceZn9y+JY44Ig3fSYOdiIz+buL3BhAIOQ7ZGEYz3C/m6Et7WezwT0I7dxjdosxLMjORzk+RNVAJ1neVGU5CGPO0sJ01qAEy2SqzlemtcNwh2a3q29/FVvTt921VepvCOHG3SVcIITOW+iRbFr4mWfbNlcLIA/YaXieh2EVvRFzb1OQllBMqheIjy66UYFtR/AdjPzDqCXHCalj91oPfXPSL5ovHl7YuXalf+eKNz1+rXy2GhVypfGLixLumn9Zy22eWP32pcekfvvb3NLvWt3zT4ocerD50tHLyevOyidLmuBOzFYSQZFjnCIwTNf40GDDxtpuLYxrlPvT0g5XiWNkBcqH/0PH9r5y7Rj+v3lz/wy+9+S3vvHfgxZ98/rS+wP68/+hi4I9lgigXc7pJv/vZl8XYRYmBerYccXlf5znkL321NPgihmTGwmCWxA6CiDLz33BJwjVMYZbQXQkXFqzXK16yxqgkUri+AWqDMJglwj6RKAtxcIN0EjtTPDacNN3OhC5l406EQy1diif7+nTg2a+pogYcUWPO5VsspYcf2fzER2Mn872LceLgmqQQSlJ4J0kmMnZ50HYg0okya+zs8YV3PiV2XAYIFKl42NS5Uf3o1jOavp3M76vm5jc7N8V25YnK/e5PTajuP1Z4/o3tM4jpyzJU7XhV3ry5/TiYzsm5/LZTR/XtuD9TDGVgByYmt6+pYnSCdMSJFZlk+kJ7eX8F9mhyVhFSSBLTDNutxri4OHem/Mbnl4k7JBQ6sXOmkVrMlu+0/2aMlsLW4XantAoYo5uY48mOdOt0ojeG7K+dW6vdrCuCi8ekHhRBcurdB22rpIlRfv35GwiVjDRKEiYKSZCKaoh5QY7canReP7P60L2zwtFBwsB794NzH3vxBl3DCPtCvHhhc/2J3nQ5UGO0uX8OD53VauTZkcXfNyumS91C0Mv79U633e70Oq3axnqrXu80m74nwaQ/NV2cqASFgja4autZo9FYvblU39zQvvOFIweOnzpRqpQiWN0Eq5TBchX3aDyQzCGyRCQmhx0dgwV1He34A7SJCAHdi6ViLl/MYaoO8qmB+OHJjFH6tjtoxy6ZltwJ01bfu9vOSRRwcw2lOxF9DbMeim0bvG0YRn8lig0c3CSJ7hwkBmB+IfAV/cU7rRaFm+htr9OL2PMqOIEMNl90MZSBUZRYrcXgFU95VLkMc3kP0TIYaQAbhQKJohXbip6JYNWcxAdhKynaCSeex9qe3OaDSpYqxvvKbFGGLtH2/Xwhj8M7n8trh1gY5DwfQL9i9CR4bnAQK7HkXUXMBeqlTgtTEWrPbEQGarT/s6RDOqkBqjAfQkTKOsKkqxsPa3IqbZAdPABtEoaQyh3y6QSB5zPWiTBjTJon0pJc2AP8gl6zBVFsuvH1ra1OswWxJoJDhRBA3gPXh41RMoNNiX4j3JCiHDylEZ+CzY/O91Up/9pYau1tKGaODHjRjMtvp/Xaf2WiSAohTG4B3h/4BIV/LIMCpn6qSqYJzp1KjvgG5HROQgXipImK7k3AXHEMGCRbQaYV1GD7KIwkmAJ+hKTwJCxsW+JYOFRkYf0tJMnpIk0gIIduzAl09ITqCWP7xcfFplbB5M1PQh7B70ZPg3gpdOGY9eccxJEMXIvIYWCHKCez5EWblEYHGgaYSz3MqRVh+Ivp4thanCU9QOCEsZ2edIigaF+4yMdITehxXNDuYdYu6VPWRraEx0hWkk9EnaWEVefdL2SfkXxuNHARehSb0InWEbpMYmFwxgn6Y6XzlTHuR7WbsEAa8F16KGcJZmESiY9HWcmEdgILcOyKOK0Pp/xuZmAMphkZEWJEuSNBJ04jWVsWHJPhXhCbycA20ZHcWhoyymlxhJicnj5y5LBmHFe1K71anZ2bBaeycX/ontXUHKIFHUGdcBt6EU6YKNJkPgOOMt67KbvrBLXg4KfhG6fa7IdBqVTSvK0FKeN6LUi/VtdSoGY5AmPKiHYLiGGMYBZ5YnZmtlpeOnv69OTkzNTigcMHFt/5xKMf/oMvqFiLr2s5KPlcrqiHnS+gPKBJAAAQAElEQVS8uNspBnnNDB86fuzaytKbN65udbWTH7KV+DLxn9MEY+2Gf7C1iy0xfUEemWLmg9MX3niygnPTuDc4zUi4iEp4Z6ZaMfCgc4TJrrvWTRgq2H/9uJxJiu0sBbYndyw9D76+ryMzMhzmiDHjEaS0SKqWHlKI3bbSaZ5ZWtJyzsLcXAVS5+RV0FM9pd3nnu4ZbW/O5zQbafc0/8AEOhiWpIeolowgWDrCtQ3msysKSsBQO6355TyvnAv1SUrnyJ4MfXk+7MK9vWYUAfpbrx21pZ9DqiADTF5L4YnQSiEolsGwO+X0Iw1moxP6YZjDTiBMOQWJSzuAiQ3xLCZMUgBUBd7tQbpK2UOdC9oXdXvtekPaMMpY5UtFXSf4JoS17I4tDX/lF/c92Q6OPBcifrQJdaIcRzO635qbm/pTaSrKSYtSFSAxAT0Fo+k1dWK9KFJprAKlKO+Ncd/FBj9Q2rjWvvGPVcsUEZIOMyYxSSFaiurU6/XV1cbMZGl6CvUJj7FlpbCIigJv1jwi5/utZgAQlLrduZwW2yGXUL4tizkTlSi02BGqEKBOtK7S0mMqB1FQGNSly9F772msrZzZ2mpsbF47f6n0yGR1ceHw/SebW2trl2+8+rln3je7EE5Wuij4YKx6D+U7jje1eq1wFV3H5cxvOIwo7TaIc0wqt2PC9fUyorjKgEiJpC4UAY0JpfoiToS9yR5XzhGR3ndjSuwKb8cQ4CiNpmZlnQyD6hwYy5LoOuxcQyQT9OnGiRCrHIFWKTasetY5CGl0UIRXSHEowpH07QG9eGQ+j9gIFO+iDGNnoqGn/DNv1r7/3TNijDJfFf/LnxKXl9WvfEJ85jkZDULXePkN788R5Mk7B8+F50439SvXl1er+xY9g3be2tjQsplu0/6pkZJtQsWGAiS4BzKEwMp0Y4os2xblmsH3turUYzhcVmaeu6MqiFGb31LZzC/pIKixubhtgnPLmBgnbwveSRLSMRDXRKT2mckYH7cQ1jrvxJ0IQxVkOu7E/TrGCckAzG7cSZo18y9XZqVlVQpkA8n7jLlqNEXDAXtxdyKXpLbSZOHIxFH9J8R76ciz68+dr5///eu/n/PCxcLidx343n3FRU+4EPoSY00UKfMIk2lkG5lwTFaAhBiNTrLTkr3Nkk6rejjhhqOreuqBI/cenhdjl6cfPv7mpaVuj2nZS2euXFvZeP9j9xzbxyRReyUuLa0/+8alK07EiS7vevCoGLvoJq09cvxzL50beVVm8tmfzvHUJa6uxsXuW1Nq6jbDurhLHQ5lBvwAfBEhUiM/c5YlL6vFpLieEP11Wi7MrCjFl5MPnRoCvB3YTiUczpemjJb6y3T/ub3Y38vK9OTXyy2UHdCByaffc/1f5kSnbVDd8X6zVWmME9oOxDgRg5BOMnEn/ceD8sSh939g7Mb2ESs15HjmLpVMPiFG6Sgjila5/+zid/+zy79iVmAPLtP5/d83/a7MwWrFP7wvvHR9VDCBvkBfljn46LQ8v6VGI+KFnvjG/eNPGTvfk59DOi91yqFmYvgtYzx+x+LTXhQkYLuiK0Tks8qlG8hrfzt+gvT9wx9sHBUUqyGIKNfq44Hb3JGCMCcAmEqMgY9a+czzDEdgpBM2fsh+9ml+Gi9OUkwfyQTRhA9KyftuGApZhZll0XR2tsLZv/jMFSfWhKNJ8hOF/admbRtYkY3Vm6/cpEw6FHFCi4pivpcjThArBc4+99rNh+6bFc4TdXn6/rlPvLwUUS5WqgHv/eRby3/88X3SjTIRhv86+/1dMrDIXcy89KyN5ivdUtj2ZTPu1RoNDDppN+uNdqOuKy9VJ7XPolgu54oFLZnVNjeiXrdZ26ptrOWKuf1HDu0/fKhYync67TAXaIsTBhE6cdhCWN6QajaOb03ztZut04EUIYQ8oX3a4I4vFLThl/JxoJGN1nNnrUxfI0WlMHjU0Itoay6IHW+ie9cubPs24iTjalHO49wibbNxiPFHo48Oi9pj/OjaKIkxFK1WD2KOeuhyjQQ5kygmVXEie+Kx6AcDtQgGRuz5AeWzkLR8v1AsSSlNuAl6cxEmPAZMEx5dukKbVQcDTSSFSlDeSTGol4YUVz4VfZ2TmmD0+TCZhadt9YUiBZ2EGCHjsTagBnAGQlPA+BLdZTGhwei50utiEgp2LnlGkmdWDs3g8HHptlal4tiITlkNJUtulPMRSa3WPaudMeABzOX0JMVVvdJ2OPUqRaWQR59ou2639hxq16H+a9br+lvj9bo3QgNaACgnJFtStnuDqqDSyntWK80eNCLd6M+mRsygt6M4s1a5QnX/Nbf4CJEWehOpVzrXpIrbkbIPZiZVZer4NkRFmT/zXB665psnxjCrtBL5sMSftU5mDeQ7IUAdM6h5uFOVMe3grO92AeGoG/EQjSkWLbbTRqIrR5kZwEMQIzYE5pOSBuaH8X6Ai/k2xAQ9cukgEB6rSqasAPi+RHgofQyAAEXUJKUS8dq+kolQMZ1mlyxybYY+I2AETkMf5hUmUuAcOthIqjc2kN3KZF2j1qc/b/Z72y8inFZwRB3bAhgO3Ngj+LsY45qZ1bFhDZBMAkBddCe0IRANMp1hOBrHl/oeg7vQF9A0z7Mu4ix95m8uTP+PmDVjTqg9CzoZxktIZsU96i72qyklUmTMmCvlbnUl7WyemZ093GqfP3/hypWrejBMz8wQuE3AnmaqW9lx7AObBbiamKIyoygwbkW1cwnMVRZS3cGYjnzA871isahZM4Sc9JRmdbXalvaYVyer5GNVkR5cFCsAIyGOtFMzPHXq1PMvvvzyi8+/692Vgiceffje5bXmF599eWvjph6LQZAv5Etazte2WS0q6IHmBfmJMPf0Y4/Gr/kvnT4DuVF8Xw89SRlRhMv8UhzIWGBTIakZVmQs+BSasrvPtYPiCnOOyS8pavgt5mdq3969PSUfXmd/2Xa0DODoI6/c/jJ+rr0+NszJflGJWQlI7+LQ3p7vtXrSzwUq9i5sbmgv3bFDRw9WqgvlUihFq6navQ4TNz0dQogY6KIUKUTizzaTiV2HkPQAJ2+MQD2aQvoqymnqnAtVpRgziwMkjLgXF3yv6+F9SkL+nrijIp+mCOhB8Ci8XsaCl7l77C3AV0qYujPH9EEKBYCoRpZ3MYFZp6MrCZGfCZLkMNVOjEBYivYxRhuiE5otwY4HBrsDp4XvmUniBrFy/44mVwmK2W2fJXtWUoYdexBfE8G7IB4oCINydYIS9XW1vCuk5u+0UJkWgErhOAago9GUEMNYVDYThnDpicPg8dOR4CEBt4n9x32KC42omO9X5nG479voPVS/Gxsbq9euAv6yn8OP7zNVViBH6CdqOhximHkvioqlEiGRkjFY395qNPQo0Fo7qegeqwAgDXTb3bqqVacmZQCymj5SnqwcPXnP+o3rK5evrd+4ubLvxtyBxfkjh1ZuXLvy2rnLr791/vgb9z31eNfTwoCIQTlitV9S9Kk0IdDDSYWjt/TpveRO+3rZk9I/u/dWs1IZjBMpRAbFJI0jovrP2tmWIBIJo5AT7oiwgn4a6cQcF0K4+9wok1ct2xKLm5Jmx8lTSGeGAe3R8gei1IR3Yi70BD8A9rWJkfJo8IUsMiHiEZoW6YimIuiW7mP45YK3byF3/UYb9BxKycmMgyqSH/3y2phBJ1QOzYm//UNi5dvVv/+k+OgXRLebHQatlvznvy4/9mL8179fHphOnXr5cntlFcIZ9bvXllcmFud1Z7ZrjfZWnb7UAwfCYc/lsSCMNiGV6/uU/WAnKeFHDvPy7FSUtUW5GCfO/h4XldRvRuaAIkdWIOwQdIVbZ8fUwMdoXI8CO3Ge6Dx6FMaJfVx6X4y/n9mKne0r817SCZuwuCbuftInZt5LG7GSNkhZm2ECsSAsuRKu0VbYuBNhffPOC6kEgIZ0PYnwcyhUSO3SC5AHMq4JM0RhLOxx/KWbX/q2g98mhpd3TD2h/0ZccLr2hlHraOlJbO0s+lmhl1POh0vPlv63GFD67sqeG3WBW8XI+aVp6vsevUfspFRL+W956r4Pf+5Ve2R5vfZfPvlCtVycKBUarc6aJk195QOP3zMmmIotTz947JlXzkfxNm+ZfcXU723ef0QfJjYY4nqx5XdCCMutDO5XnJ1GTH8cfJGEIZnjCR+kMcwIZH1IJ3gDnuX2JPUYMid5mY0FIjKEJcFTcVuSmu/OzuC+7O/EfpIoth9rXw1F7frknha/VKp+67ev/s5vCUFaBQvvLsZJQvjYfGnpJzp18Ep3Oam5Eo9TXm4y3+DWvf749/2QNhGJHZQBPZMai0PK9iRObT/k7skv/u0jP/1vb/7BpeZZROROlVxQfrr6jh+eee9AOnz8YH52Mnj9fKs/z06p4N17NN8fcULN/q7D3meWxJlNQAbOFF+Kg2Xx/gUfYRRGF0s3XFFs4F3KGETdQwNr21mZnwSifTvMckEgD80VDy/kFyZzM+VwsgRZhzea0Wqtu7zZvbDUvrzU7PRAkt8/u7P0OmgOSNlM+ZjZCkey6rvVqUNkauB9liqVQQpBUe/KzZq4O0qt1fv1z92UrujnBFkQ5/IYjcBgnChh0LvTPZLuHmOw4s5Lc4HkOP3ijpED7KWpSI70fn25uXpunaJGCLOEtsffsY8WDbs1nH9rRcsbtG5XJFtlVvJyrhw0GEL9l27Ul9dbc1MFt56JYvjQ8annz67bGijS5QunV7/rkcXAl3I4xol98/6ymygTKkN0q3YZUuq0o+7m1lZ9s9Ztd8Av1+35flCeqMzMz1YmJvSbdrWDqBs16rV2s9Fu1rT56NDxY/sO7NcWWn0K4J5Vj0RzA15lV4rjACA7lfGTKUZu6KErXT8RFmRr9wCl6gAQBQ89gKiP8+1GMnGVr13rjHtb7oB/YftCLr1Bh4XTUdavtF11IqU0DX9m6hZBVne40TMGFvbOYrgJpM5ptzv6v1YboU264HOlGBDygIJUyfjR7Gozz4kVpmLBhZkkrAK6czFXKBZDWNIcsE8T/cvUMIg3waANSFdhBBfGPYmNFKOsbpm8uRhdmP4pvlilu8IiQINTHOzKuXxOT6V8MZ/LhX4gGSYBBSptpI3NjdQBUBsiBFHMDIbmdDjxEKb/EOQVNJOCusgKakiTLDOS9m2U81rUZOVYbNIvp6Q5RB4UXXL5fL5QCDGfju/z0xMbGpdYIoIMzOoO+JIbWzXtN9R2aWp2EOT4AcjjuHlKmnXgnjkbq3SXZiSVZKi7o48E1tSB1Ntx51rje9IXbycBUc603XNSpuyISvrBcFemA/GQhyYE1pmGIq3eDWhw38xRqcOEr+EwN86kY4FjnZtIETYCKM03bDMFfvgekhhtftU+cUaL9z2fszol+CUxUQSA0tKsLSIEkaTbpXBGgn0/hA6i+BIIF8MsBAJ9RNIEneClDCuinFd1+yDpOCJtSG0wjY5g2CVuy09djAAAEABJREFUJ8e+KKt4YGYI1tbdSBhlupG+p8TYLwusAo57im6DpdPQKb5nSUB6wljDlznqMmj3K9pP7KoKREnZH8RVSVundJ9D3S04wkW/aURJtTDetNVC7h+xRU7xUPMSEmQkZEndTKy/f+yZsa1GmL6E2MkUu41IJzTuskccWiAd3ilSNGI3cgZmcFALiwutdvu5Z1/Qw6VarWq2SXV6mPyMhotIdxAQeuTNEJmhZTIOLbfcRWwnjsrkX5JqzZsYnYDsXzyFIOGTH5SUakMoaqdW79YA6aRQLBU144kgTYUfARg9VefTGAyC8MihQ2+8eebi2beOHj2+f27mve954sr1q1euLDeb6+ur+u7KZGWODcO9DkzAXndxeurhkydXV9eurW9qVUATBhHCwEOFBWKpTOwAtY24G+Ppu/wyox6rgY6B3Xw0Mf73dkU66YBeqITTJz/dVlmG4B7kKnmQ9tPzhKfal5XpYTOgE8brATnOdTthkY564MpM/DBlEj+hcifx4wY9lWsApokWTRvt9bWpF1/6hkceXZieLmi7QhxpP3ir2yYZKwxzofSaWoqNOzSsEakOEyCgdBMbecRkVVFeDDFTSNdjT7viCwVkITUJACr6eNyJvTj0BcYg6uGmpWXlhYIpNTzVCxAeQ9t/MPoDbLcxsQFByW2NdZeAweAnMkU4FmhRmBLIYSiJZB1LEnKdwiBF1KsVR2zGhMkFUWddY6hC7Q4ekivkfRmi+1NRtIqDN/VV7tpP8cf0Ed0ZYT4/PT+nO2pjabnX7rCQRXxLicTvS6KMoE4HjigRmA2/nc8QoWhgtayQ9kgZEp6VBYwe4rTHDPjYEUokouPAJZ5gUVgPaK2PbSytlCdnqnPziiATyW7jU54m1W23fL/k4WwJcxBcAqlP8Xl6lLYbzTDwMAWuRy30g1DfG4ShbDYB31DfXKloiQT4fhxNLs6dePjhVr29sbx87qVX/XwwMzd58NS9K1dXN5fXX/nsMwsH95X3zwLCShiQ9GnDqwQpJ+lvoYx3P0N2lGODtj0ivl5uX8l0760rM+YLkuggjOBELIg9Uspx8zpKozI6hDBjRiVVykFb1ulNDY6fLKnTPt3dJvVkYk3cOoW1XvEUJjFVKesdo9HtUUgLxh1y9AmxdVJ+LAQKBq3wQyH6hGIb5SDC+8Spyu9ea9D0R8OK4t5DtnL6bP3CjfbRxZ35UGcnxF/6bvFT3yb+zy/Ev/kpWa9lZ9Yrb3p/6V+If/PXVNmp+PeeqymMmdPd0IUUiJv5cqm+skpdqZv2rhPjN0M66yZ4pLl6B9mP0iuJRD8+yjhl6EC2n9e12+5dSakJjnV78JXDKnFDJUTiwk0iHZRjITLXbCOIORco069jb22f3cntzttmbxNKyCTuRAhrQVIiE3di7nfjTuzAcHvboQxuEAxWjs3wAYaEIj9Uwc9Dbj60GZjnqnfue/9PPfBTdMuvvvFvP3Lpw4cqhy2NdItmzjLMJaMh9RVFOaj80dIn3jv/Te+fg+X+6931/9fLfztBPcGXLoVlaqc2J/SNtMFv0V/6J8eA6WIPSZmhnoOvT5dyYYzkXH3l/iOLm7XWZ1866x7crDf138DrHzt16Mn7joidl3KxMKxOYaiInVeZn5nrMj9MPJ4QqS4UDhfjy2WCEZL0q5GU3LPC5YY8yKUb9+fwXPJZpoMCbT0y5aGRQiVcWyg16Cwpqk5MTMJns3Uqw+aFcJwVUrr940rHtvNUnwzff3xPaflXVhn16uNb0MYvC9//g6u/+18xj1hKbDdRI2Ru5K0wSCf0y71hGNKJGnQcvrUfPPCjPyp2UYb3wWgyRWfTXbiz/lwMJ//GgR/sqN4brWuRg/A85RWP5RdG31ut+E8+UF7b7NVbcb0J95aLXrngTU+OyhUWSPENi+J9C95qW3WdxmoZdCEvfBJcxy6uoahvRwhH1u47JYY9aMwhuVWvnzg0cfbylr3rFjXChZncu++bfMeJiQcOlre9+PT15pW1rvaHzU7MirHL8IiTzKHUgfQFMlVfmvQ5kaacmkDvv3p2+xROd6b80u9c2qr3sA9M9gorn7G2lSCdkGaFZiwi+qYW54WzhkkTR8J+a9vB0lxsu1MaYydfZmQ5kWxFenv5S1ci5FdOxInWwdSxxxapUmXYvN6++epNhpXzMMpEGowTDHlRgpakwiMRBwVm/stvrX7jUwfcJ+p6nj41+/y5dSVszXCi1Ys/e37tG07OKKNoJt6V4RHzO401MXLxKBJID4mDQLuI61u1+tpWu94EC6OKtCV/YnJmam46X8jrr91uNlrNVqfd0TYkbVCa2bd48OjhA4cOavdWq9WE707GMsdx6AgGrtjDRbulAUa9BTIYeeX1n/ZrmxXk0lbi1jCC390OVng3lIwlLdMh7mWZ49Z75d7r9q0Yo9NU1sJncUS4SudSIQgjNlW7nhuUQQ9y2bSbkGWlVW8hXEcXk+l0WWyFVnkcbMAqoBE2cWAJQ1XQk6rNmEUKgyiU8sViEc6CNUNwdh727NIibU4uBJbaiFzSrilC7lCzsZRCmdeOuRuM/94sMIT4mGKpVCyXdAt1O4PQx6cZKQipPMZmecmnwRxVWI+nveQt7XtraadsJ8JUQNxEz1NJM6SpDXtJ2eaPYWFVymgsffdAOwkoAZAStAFZv0ihkHesajycEOMEpBf9VbQnpAOA25paNJq1ervV1kQjQjcH5uLxMHmcyLB6d/Gh4nq9YQByQ0fsoMP9XTBg+rx9dOMOkCyVjAcS0HFPRqkLBhRpcGikczv/a7bEXIjIx2IIaTIfQKV+4Zwmv5Z16Sb30GIMlgGwTvRzeT7hzLOaK+mhEO0dEwwCzPpuD33KPQRP6kZdjOeAYLco4tiOiKYbN9is9+PmoZBBDyJQE4AbwhgOEjoS9sQuJGmbzgvvTAqwxNBnKHMcIUARpitRhiSZxGeUL0ZliLayGjw9K5F6JIGXeBgQI03UCx724YTPgMyScfaV/YSGvJgPlPlqyY7zrYS7T9/aNs+sRyAXK4UQKStJ8VeH1wdi34UwoB4AnABx1v/ondi61SABG5IwBHlyTBAMOON8NdO1aMV32n6LSoRb7kh6HaewayUzAoavbhy/6OGre7lQLM7Pz83Nz968uXK+eOHE8eOaLSkrnaefQscpWgUTUfU6bRnqxgDijDCez/Gbxmw1IQPDSJ+UxGwqbS0gRnqA1Gq1EiR4rOhZCDZPHM04WkzCLk9OVqv75mfPvfVWpVRe2Ldvupr/wPue/Nznnj995vrW5sqSXygfqfgBuEtBiNcyhxe1N9cPTk0/eeq+Z15+5dLNFa9YlEGgiLHGiiRaGm5OjygywAnnA7kkkt5t4JupIZ0y8ve4ZdeDZBT/se7tQcft7t0vdksneEu4aokwXjy7kABe2I+DsCujWOajUMhO95XrV2cmp6amqsdnZ2Uv76soxDxoChAhwMGuwrgJUUwA0mQeyTKNZ0g7jVUw2EvIjuATW1aQzWQiF4pKGTOhAVZGhGI0ZI3UjKzbE0glkc7m0C7ASCWeCrjtHkZ7qEQ3Nh4RPmq/lg84dZBqgWguBYDzXMSZrHmJgKQ7ug2QJ0jPq9jjGAgkApFAZBTXUhwK3Y48vK/vi6/eosaYmpJXdkqMB/KCXDgxM9VutbaWVyMV6b6FcOzIo/AmEhGI0xkQM4QJk+hnEtzJ/GyjSWneGqHzSZNz/aEgbMkjJ9BQvodQbMrJFOhOWPiyPooHvVZ75fLVYqni5xDvxCFxCpOQNmq1fAE0LgU5pHxthsTDwKf1XNCCPgSjSEwUah4RBP5EdUI/Y311VSt907Oz+XwujntBqbD/5PFarX7muRcaG+s3zp335NGF/QeOP/jQmRdevXrm7Iuf+8JD73uqMD+lR5+W2UABAWoMwCfcITuhOTJtSvh6uXPFoUS7rsFasKTxORntW1k7geqPOFHmXraswf5CxW/MBK6/SjI2iXsvWxlof37CJw2nlJc5jICyWCYiFVNi9lFvnyp57nGZwj6B5tg0N0ykPdZ5rEstITnWjKcnQ0yrvE2sCgkeDC3I/uGBVsKn75v4nU/coFg3IyPbFeegaf+HTyz9rT9xWOy8lPPiT31Q/sn3id99Nv61T8jlldQU29wUn39TfMsj/HN5q/dHz21aOqnb0Fxba29uAXwdtMebmw1mKyP4SNolOuy0cNyuqSuTX5ka5HbLToZSDicKZNtKdlGkSD6XsAs4Veq59soRhUZ3ss5DJDZz+xLCDtn0LVbrl3JAr0pTlUwekcU46duKzLPs/i1uRd++s1XprQVREOmtY94wDUziThwdJhN3kjw8kRWUG3fCU1RacYuvT8XDOeEvKEF6kQJ3SyVXVGy2RFOIpGjgZLT92H0/8eraK6+tvMwNVMr1ypTCkiyWXTWG6NvN9o1ad1Nfed/E/RRxwt9UesrGEEhZDMooyRKWrDs9HeonRvoZhpfMWFLDrjERDaO9IH6wSyn0XQ8erVYKH//Sm20QiUeVb3zy1OMnD4ldFX88lDU1YDqr7aY4l74+VJnTirFMYneiSAfpxHCx5F7mkma027NEySWhlZg6zZjoQzqxY5yZTxqzJDmbOI3wrth+fxeFxd7l+jLsFE4YrT3nzlmnowb2aer4XpP0u6eoIftvyzvn5uar3/Ct6x//CDtQ8B8bcSIEW0YJ48Q4GY1FZkgOHeXYJvl4GulE7574vh8sTO8A5m3cokYcV+6PXYsNORk8UtyNzKY19bnpYE7suGiLw0JhLCo0vAw0F6n0FQNOpX0PA28ZqxPXNpsfuL98Y6VZbwKdT8l1pmlj6onTE8Gf+MD+b3hoauy82eLkvqL+g71uQ/jarT4Wt3IduMIRmZKfqaAS6f4jnSPZysxPRUghHKvBSCFLNxs315vzUzsEZdnr8nsvrL50up4IpynNCI9KFrGEXQpo8U4yxekY8t3YMpS50nJap4uNRCiUqUe5cSfpfdWLr760JIzDJIZFxJ7eHnpgPl8MpdFkbT3Xrm0B4UIsEwQ1xrv4jeAjMe3CVyW8k0tLNdmng9yzr6IN4Ku1rpLkNqJllOrTp1c/eHJmYJtFWtfYdkT3MVKjQSc9uk1p1hqbm4BI0G62o25He34K+VyxUp6anSlVStpHpp3I4PxutzqddhB6CwcOHDx2uFQu6xZ2um2B6U7ikaTTuDYkpQlHnyCAN2iGEuZChKnIh5Czg3B/s1V9RRi3b0exAlj2eByPeaVb9tDsNsAXIQwdwDkZARC+vkx/aW2Q77bb7W6r24a4pXa33YVEEuCGjNn5ShACnpEbFScXU/a9AEcWMqZru7keeMVyUfsBfMjx4hPCAUEFKEYxIe+y6gCwAcegoEcaUqarxNErhhAbN248+97mfycYR1mTFSer0G5fXDvq6aaWyiXdWv2LMB6Uig2d8YyrOKGAJvVPhPDnet7pCYfJdBDt0nIMG3CHBNoAABAASURBVNplJHCh7BJyqyj0t7vvw9F4iI2iamw66FqnV8DURXonr+3FuRxMT+d7wcJcTF1EWeb1d++0u9o63Ww0NCVpNZsA344LsfyA3fy6/z1X8xrwEaQRxrYbq4MFkO3L3UNJ3h6ytgMaYK0nQ69w2z/Q9amYnsvU66a0Wv7c1mBohQd7nO2rhrF50sR+wtEYF3urXhe5SrNJwCER0JYeTjhsAM00HI2UBDCjdUmPT0KMCeej8U18iaFugG/iU9tMg5NKpCMFpXtGMWYRwq4QwImyM9ZIHlJS4AneZVNB2KYLI/ggxAvNUERhCSDoxHMM2iRMSGM040ekvpc9MnL4KfN4+kB0JZGe2DmlnLY5xgO0M2D8aoRZ9ABrKoJI0y7QaLPeXiDOuH4nTJ2TdKPTAtNSYbpXygG2ld1SgxHlTgedZErm2/BY3N3rIc/TY6Y6Ofn4448+//yLV65cq1YmDhw8AJllNPn2PekMFPfREicF8lHQ+QNgA74d/ZjxLtVMqmBQI2gasWNe9REirJPiSIT2bgK8Xhyvra1ryTTAHDlBIQQDBKVlRKmThqVuT7GYP3L44Lmz58++/lq5VKjOz5+857DmREs31jY3GxurK2sT08VitVCsBGEoQGSQoe6SdvfefQdbW62NtdpKvVHIBZgUlJQWSvInMs3MCAaDuFT/uoJB+2J4J4ndDGKVWjQmB9Y8PuVPTCGJ3U6MX/ZQ0NyTkqIpjhdQ8HBTZvk4RgQEfizzcBTyF8i1uPPMuTe1/d975NFqgEb3XIjW/x4tRwBQBz/QLngKb9ZcyIMwQOhvSXoRYfkQ9xE9YiCC9UHgA9VCHnKhwbObmFIEyaeH7oWo1+j1qAJ9iYi6sQI4ICOISklRC/o5sZemEDjdnBfXoz5fDDxASmm1Wy0IfuxFOLl74EzwMVBREPOQFNmN4h7GEjJIVVd2GHpLoepLxmU/lxuuuI/+Lin91bb7riqZgT9owjuOEwlWPf2zJ+JcsTCzf0FTyK3llV67Kzg3aAJDiHFGUeIDxm6n5c3OdDW6AUn3COSoMO6EIptQoPGzTkjzAOOaNuG9ySJRgx4B+Z5g1G5ojjA9Ozm/EBRySFZdAwKjF5IygHEnHqFTEvwJJNlptnTdISyrpixs3Jh8vtDwas0toOHe9GS+XNCzJjdRPnDyxNrycuuNWm1lbXNiolqampyfnz2wf+nipTPPPT8xN3n/9JOq2y0Wy7G2EnRjXE8niSR7nN5YJa85Bs1RexG++fWy42L7XO2Gq4lEpExCMkhTSJBOhBs1Ymx5yokmwXu/8VRJ3GvFWnfaKkfVUX1aGdRzeDr8O98zM/oN0vfyE8i/a6JYbNtMtkzJP4kISCGVSvFcutAkmU4W+WEaS0nJLNnTR4TUG9DEpx+YzOel1oysdcVaExRAH8mPf2H5Rz4wf8+BHYHMJ0UbN773Kfm9T4nPvqH+4yfFm2eTWXbUcW78rx9ZZm2EO0bEPW1B6AiavCr6wIOVEU+R2a/mapT2sOxz4qRkGTWq7p0XZYxFciABvtWirC04SSrGz8r4r7cZmI4gq4QDdpK+XSbnhcw0YjiDN4PPVnz3YJwkwRD97bETL9M2YbvCxJoIYeJOaMSZ/pIOzeC7eHWIPcsESiYgKI6WnqCD2IdKJyBGhH4O9eR4Kl+lKBN2p5I4mB7mD04/pP/EXhRUyVkw1i2ZKswJwTCRvnSzXyUfXYw3f4ZOsyEndjotm1rK2m25/8jisf2zz7x64cW3LveirHm9WMjdc2DusVOH5qe2X9E+rGj/yegLiJwkzIh+poBb+6chHxkL7MSKf1I6/DGJ2syG9TFXtfTN5bb8QFubmVA8/G09WX5q6syctXWSXGojO+lSxzxNNaSGhn09OSDuxOmxDJlL9+aA/R0Nvq+Sogbu7qjsjpse+Mk/u/HZT0IKWztChmCcCMFyRP/xfqQTNeS4PhJWJx/7mf9O7Kqw9pQuKefKoAE6qnz1DzY16Oc4BzO331JP/fK/+ejf/ys/8H98+uqFa+m8aUY5ZD+ElCOkfS1R/9x3HsoFu8Vzjbvw5+eFXxgiVQ0uJLVZ2Y3+d0Q56Vwm0iJe9odrhqB/jJzJkX+/85kzf+a7HhZvX7mx2fnXf3DV8D+F8fUipU4y8HaCdOJ5DrtKSqaLZdJRdpdcJgQYI3l1r3I61Jg03IW/3BzbqMz+1ZeXwEYCSpnFLIHGHX5oXlgOaF5F/wpyQUfb9xDgTgmKLIFrCCWXXCVkcqQBql3irW6yAliYdb56+46T0x994YYwkSt0/c2N1oXV5rGZotUjhaOzKHdgpYqSQyi6o50P7miRlqjdS9eWV2u1OubuiLR7OCzmS5VyqVLJFwra6R0pWG7aajW67VaYy+07dGjfwYPliYqWfTudDqLxwio4z4Fmx1TpsRUNiD2QrYyCAGLUoH3Ip5NDR54v2dhPa8SlYx1yZQExwk379nhwb2fpdxaKtFfIfeXb/+7SDhzk+FIwvfKEDThWRMrARaUN2hEaKjttKM16vdPs9DrsdqWEHYCQYUWIWGHQCVoVwQHbw2wTCk2qnh/6BQAL0X+lUrkMiDg+OJvcESUE4ZpAGAQaywGk34gmimIj7AIBY4FMk2F8F/tjKOeTThdwwVASjL4CWJBcLlco5PN6UwhzIWCui4jpFpJFSiWUDHKCW9eWX8g91MGMU5BMBwJ32BptF/mhzkn4ComT0Mb/W5G/7+PJ5IrMITeACX2IUrfZz4WYSQdydejpCVuPO8fD9yGgT46P0aUL2Utqm7VGrdZpd8idor0xknAskuoZsTtpglUYEiosrY1OOINcOiuWZXrAm9EnhnHwxDR1N5XbOGedz200LctRtn8qzW1z9TiNpLEx8Ep255nn2uASZWxhKiVEGebHQ0UY1wkMuRgnkMdcVEB+FohriKNuu9tuNjvtVtTtMPQOjibPqK7SCg305wme73iYAjggPBYDOTwKOsGwMGblOA1h5OPgF7YrhTKCoJlNTNASyiaIPGE8GUdaCIuSK7jfDGU1t5AUZGksZRTyEAHEwyQkiBrkoQvRcl5qQsTNcBSspCRUg79GWvIU6dGRYkCWSrj5mBT1gYhpCMCCeEUQmTFgTenvQugmisLpAG+mS6IAZdLyeF7GnhWd2CJuprn5kyzU0afH7xJnBZ69nU63K+hEDSdDFPCXOSLcz7OroplSr92GCE0pZ2ZmHnzw/rfeOH39+vWCdovOwDoP6TxaOYUOUjI64lt6n0Q3fhc1Rlw0NiFmpYEzqPUXig+jyjTvKZc9zQgbjVar3dnY3KxUJkItlYeBlhLI46gQcQVEj0hByLI/cWj/4uuvvb505fKpgwszM5V3PfXEynLjC599qdNuLF27PjkVzcz5UAOGf/p6gHabldzEY/fc12zHXzjzeosRV7ENEN2ieVvgBUw4HEFLZWZ7OpxDpenniC4x3TCyC9V21SRUMlv9NvNBjTwu5dCLbJNSPDgtf2fboxJaueMG7UVRVkOSLlaHwtTiEYfeSoznAK4BcCRxr92N1YbfllH7mdOvhzJ+4tTJ+UrZw+EDBK6HAiyIp/kAB3Yv6sJkQVgRjKULMA8k4/ehT9HHzCaxJDw8wwHLuXw8EavAi1s+kzwPUpj0ulJLgi3NM3qR8mP6qDGbiSW2PgJYFI8iqYQwPZ8hMqRT6cmcKxZoFYiWyxUK6NQzwFFCajMmriOZ3KPIaBv1KaJeFxrf9OBrehwnkdObkKjlXSZh3akijRGBZVBakenJUnWCIkNqK6udRtt8ISUSIz/fykKK7nnMs2RMpMom1AB5iK2mgtQehGuFoYoZ9OSANiUHPSTA5gzSJnoiAFdFMOLb3d76jeVKdTpXkJj6MrY6Emhhvh9h3CiGokMwEmpfkaJ06XGshxMOZ02iQz+E6D3iFmHgT8/ObqxvbK1vaOWmcPSAni1R7OWrE/uPH125cjFqtjeurkxPLuSKxfnDhzZWV5rrG+deeungqRNTRw7oVhgPIXv7MIBXCW8oTxwhsCqlvkYH6N1Q6HuNrfMoxy5m3U8cw2EU+Jg+qFHphcHtVyn8Emd6JjVIG5QtZBaPxDDPFEKJcmILlMqcHX1vUoMxVtrwkUTpMUKucG9ndzgDQhqvtqCQE2GPkL2YUg7392Tgyw8+OfPhT91AvUcJE3yG3wTnuZK/+Kvn/vXfeEDcWnnvffB3+pr6D3+kltbkBx4WJ/fzqc++Uf/8izV8KTQYeZgciPqCv6P81kcq2z1BJhaY1AFz2nx0e51MuYaIZyZ9vyfF2qdvh/yi3OWd5vPKvhiXbQRIZ3wlB/Efm2qnf0gqliO2Bzux7aP9gRgn9unOe2y/n9mKne0bkS/Z585IJql5e5EeD8qcTsedJEzVqs+WfnBvyOSpTGqkJQjm85kmOQ0eEBBT8EuNLqxk9aU/XZperd0UwlK/wTjAe1JkQh+Aas0VFo3IosWTwHSP7cAExyITHzG48r55lxlLSafIxHXETdlO2Wx3utdWt/bPTIhdlUIYfPCxe55+8OiZKyvnr67UW51qKb9/fvLQ/NRMtSRurSxv1LaLiVHbzuNxLhxF2Rh3xOGVWJ00HDONdEJyLLhqYtI8DHeTNtbEQR9xxoNIkE6Ey21TddIQTtUZW6QTEwcjLHdOIZ24092d+KO6TxliZMxr/b04gEJ+veym7IYT5ianFv7Ej1/9N/8/9hhi/nEhrEUV/olZoosdSS9Ww5FOVOa4wTih7SM/83O58u5jyGgsDSmqbzvqyh1LI1oJ3+rFta4rTctQ+pM5mR8dCaFUpyY6GyJO0M4BciM3KXOV0UO+G3euNa51onbyRCGn8tPT+RlPjofhpJwXGHg+dVj13TWszh10XrPR/jv//L/8xR/9BvXo4ke+fO36cjbfmUxs4oNr+MkPHfiOx3eQH2do0T0ZdUW+Mh6lkU6jpP3fESjS1w24WYpBp1hEQVersjK5J//jh197G4NONpvdX/hP57QBzmNfjSMG2rAOllUQqcWmMjRrV5P3dF9Ymj/84cB8iGzHmCuVW5dzRBl5ONEK0/tXXrgOeMieGy8ig3yw/8S06LtL//NdP3D/Ky/fuHxF24oaJsOOpGgVxkoRjFmi9b+56eLRg9Un7+NxmKnt8SNTH31xCSmLZB6KffWps2vHZotuO4UjlKpEmM90B9FPc/2gfh1W5JD9za1ap9uV2lZUyGvraaFU0H79MFfQ1p0WQJw0IsxXoM2V8/v3HTwKGCfoUYoUm2qTdqCa7Bu3Fn0gaK12oMfG7SQBQD0IgtDDhdpsM/ecGkzQibIx4kwKlBBihP8l458WX2XF+gudA0IMNbJl3FXeeNh+o0vSsWQOpQghBP2E6QDORPjQ3Q6UZr3ebrc7Le0QhjQKvU4Xhz+FLNAiOxgiHqweJSEDp7KWLSlLnNLGUJHLF/KlYkn7nCYnKhMTuVwOZeAYk0AhrgmGmEAzSfDYAAAQAElEQVSGesE/KegkpjEaRdRFMe1Q7Fj6lfhdxijKkUS1y0GYgUrRJHpIh7kwXyzk83oe5fUYx9QckoI0FMe8sDeKFU9omH4PWPcPCUF0P3WaBH9O9hnEdzG5zEjQMohPJljE0l6qOW37kCPeRSVvRSAODJzg56D9AD5Erm17B6viILNFuhkxILV3IKio2WrWW23M364dMUgmA3RxeohKQWYl6Gf93ThriUj0BNVH5JRD25Tj7RM7LINvkVK8fcShfwrfXkrF/nnzi8npOE9kCizGLiMo8zbFNf0IzzxaWm5AaCW0MBgwTGDm9/R+q9GEBed6zncBTEn/66E33DphcMwZwcIjIy4OQFzUjf41H5K6cCadAJFO4D8jmUjhmlGk1VlNmz2XS+MuTA1FXiGm2DEDIHFeZqe7krFtrrFHKKaEGow5c3witJhjxPP4lK3LCuhpWUFZW4E9whPY/mZiknmN1NeJzFvH5qKYe0MZT7KiOACF2XN6cRdX/ffAFRV1eooTUkMN/Ckg+ldQXxuW7dluESIhj/x6TP0imRYSb+vUuW1IJ2rAL3gjDkQcoELs8D2zxjk9MTRNp+o1d5yemVnYt3D+/IX8tevliUo+x0kNiT/Z4cJHJPtJuFIMKWKmp4YPmz7NxnoN6QlGfGXqZNUdSfNTHwiE5qOlUlEPqa1afX1tLZ/PVScnWexnGgH7Eh2ielLMzs8trMy//sbrXrV84MjxUq747nc9tLa8dOnizVr9ih90iyUvlw89VQSjhS/yQV5GqhLkHzp6vBH1Xrt6YbPVlGEAPnw/AGOvdCzxsBNhg9HpL2JaoCyT0alIuEm/OBM2OXDlhEx31dhfeaCYS8e2uTPjGhn+RNaF3J/m0ew2MwcTfiqHvYqzeG675o1x2RgXsWvJ0g/pcD2XBFNtnnU7MAgVvawfKFnUhoHNuNOr1165cW1mujpZOlJChKkuhp2QXih9FSit9gSxtiJ0IY2K1JQqpHHsEufYU2D28thIDywNInO1E16Pdy08YuIdcMdFGIMNyRe14Ayodz1N+6LIkMue9AKoCXQwCgsRjOjFaEHElqyqTuNTkGauxdR8EV6102pFUDuknfUDiOz2w8AER5NEqNlNDFmAJD0B645iLfQB4DortFC/n8+RQ4JNgbgMPz3iZfr78JfYrchw5wpy0IQM2CiQlJ7Ov5OIWsH0U2kiNjU3rZloTWx0QV4RxowB1JXlCxN3Cx2vR13MSZSEsIAkqZXNbEsFlBRNpAJFKWhEnJB9HvfMuXmdtqcMdIKwIjgsAEA/hP7W9fX1tRs3CpWyF4QoN7GKAR5i8BMAnqSW+PX4gWiVwKcgWgK7As7faXM4MKLkCKLPvl8o5fTR1eXu5tp6pVqZXdyvh7yKcweOH125dmX5wuWN1fUbF6/M7l+cmp+ZO7zv0sbazfMXzr/y0jv3z7VgpUsp8HKYe0hE0KOxh2/BQqMi0dAbSBMsQcoow7ep7JUof7vb+XaWnWhfzlziWUPTC/XwQRgnLMemI05MtMfNrajejlR2IbcxVKnMg/mEIWgqe9L9oVK7C9WgWmBlwUSomPoVfV0roVlanU2yQ2SdIs+VETJUOskO03ZlkuwMX535fe9b+L1PXFcyksLEsdAjzP75C7V/8duXf/Z7dpk5wi0n94v/8UdSA/jmZveXf/1qHKGvUQG2k+YpUiZ9q/fvPZbfP7WNyM1dkaLG2TiTQSPMkVDEsEQgo2bc6KwddoyND7Q+bnFXItI6VGVjhlIXjlhz6/SVklZsc2JKnJfI3jW6bSJh4ncbxom73U3bhJFkUnEnwnjQ072mjFXfilhEjIQ7OhOpjHiwFM4wlEn4S9KEsj+xKm8Q9VisLK7WlpCT0//qwvrp3zj9nxzCY7mPIXz8MFEMi15lRqRIVSb4Utnb23ETIzqNoVHKg6UjNE4CLy+FtUUqrt1S3eQttin982/wjNzu1MDy6edP//A3PyFuoWjD7YPHFvWf2NPyqedOj31t//xOne2bmnzEjcpxqGGK+0gH6YRvNagkSmU0yiQ63/BQvstw4SSS0jJp6Zw1XFs6jgon4t+5i+sk32dqGpojScuzd7nd4c7fgWAnSmTpXaY3+aca3NFf7WVHU23vy/4f/KHlP/hw69IFlRgqUb53IkhsHEnmeD/SiRhyJW2n7n/o3u//AbHzIlMUz+2ywZJFctCeU+JWurq33K5/+LqqDY5gC09Uyt+yiMCQ2aI6W9Fb/0XUrw2ut7zfP/V9MjcgYq8Td37r7H9+8eaXId1bX6nmpv/UAz91qLxNrp9BErTbCZmDmf4ZeMuwI0PLuaureru12fzFf/nhe0/t//5vevTYwRPPvLn6zOsrG1udcWr4iW/ZvzcRJ1y0gac2sM/ThehYwhRkspXpa9xDUqQvk+kKec/EahABJpKtt6trzY88c+FD7zoq7njZavX++39/5vpK2ypBuDWyB1N5qzt43H6DdIIZgtLEexA7VbZDUblSyapk2wuSb5W2/6S9Pokycbb2UfXlxvq1mq7TRo1gxJvYf2IKb2YmZrf6runZ0ge+8bje73aiGzfry8uNVicyhjJeZ10qBQuzpcXZUi7nSPx9tS1M5qvlcL3RTSJO8Pu+dGVTPHUg+cgiNYbSgyfrRUgJrLdcWl0tZ2qRMsiXCrl8TvvOtSkrRvCCdkv7kxvaRlSqlCZnpw8ePVSqFLq9Nn5TMDeh+1nZJbIspNPbS8ZjiNHfrt2CQiWibAA4CgGFkhCHt5aWQaaboW+buXhbc81OzULjXD/smv4X2Z1VaswYGjfmJnNcWJHPWD1EigVnrs+0Vjrtp5elpJ+GEhrapmAlZNzrdrQzuNVs1uu1dqvda8PiT0EJH9lrKZk/k9UDHVvk12I3rfKCXJAL8/lioVKtliYqpUrR12ZxjwVokiDA/wwLNWNK4gAgKhjVxEgn4JjGPDuJOimTXXpP1S+9C+EAt9gu4d/GiQt5esAM61EKDsAeCPx8ARpcKBbBe+CR45vczwpRmViFxXWD4HWlCJlup4cxNDH5zrHNYMWXnmmFAxVhstvQ/46hFRrmG2dw0vj+YUPE2Ti4zfcAsAcfoE0weQKkMsjlwsAnixlHwFAHYJC6ds53e1Gj3mjWmo16DT53o6nfBiFRfDhvRotgUU+Rz59HiWkzNy8dJivdZhtxjSFFrT4hBnw2R89IVZZcprI7w0qGigy8fldT2d5ohWLnE+26wvTPFHdQziocO3UG3e4qbnZps9t/tm9ts2nuxzEDHPXXmxXC6WtbesH/+lhdBNGKPMW4c6Tg9XsApRVBWEkcdXHOAK4OBDcA0I6J7UBUWA6n8Jg0KZxJhlCZgBbf5+ASPXs9Hxe2++hjCxy+6/FqC7OmiEMhlZE+kh423cHTiuLdYsy1EIFDh07h5KF31s322CmTzGghrauK8lv5CFTvI+SKRxBE5Aqk6BlLCUmzsh+A97hP+saGuxqTSATTwzRsiA1/cOZMQritxAKvzBHz8K49+EpRB1GaulEMvIAIWo/lN87fAMFogrvQc5mRcOiWZ1zBkmUuT6S7PDWszAIzQ6fEdmX7K25X0MkgCUUmwYSZolK3jOeOUu7rmfhoQdKn9ivreXbw0MHV1bXl1dWJG0uLiwv6oP0ANvqEopyQ3fMHwwkAvBa9nDBnlBioBfY10ggOCUXva7FkEZAWQMVaNqyUCr1OSQuhnTDQYujW5mY+lyuUStqnCYiFZgxTLJL+8PlS8ciJo504+vwnP/OBbwwXjx3fP1946sl7NjautTu1ZlPV64UgLBaKfpCrYExYlAtC0YvmK5VHjhytbW2eXmp0ZaSfrdk5kjvPwNdbhaOHBItypNCQ05cFidAgHPuW825isB1RpjdWNtlBcaO03IpVmo1JjnbPzJtBFQ66IOO+FYKthESGRo9KY3bfLrA3o/Q4FZh6iFh5ZiwlpDn7OKbdVsJw67XshyNnkD96xCqlDYcA8hdoUS3KTzS6zagQvbm2PHHGmwqCB/YdLIR5PfrbUnS7HSFjhBDSiiUAQPRIElXd0MOwE83WPOSRyDGRHceeMN4LlOlCpceTCmJgSF3tIQCEEwqz9LTSSdJsM4bqVTeWkErFUz7ItSQ4Q3gK1oYLBWMCIMn2H6J0eth1mn/k8iEQbJDW27EW5aTqQCohkRP5IAyQ63jAOBnKUz/IhG/jU/TztNiqRIdzuyDWSqFU8PVsgohxZXwz2ZGpsh9h1zLPnSxZb1z/WMKl+8atxCRTcIil5+UK+cr0pOaCNc0VuxGsXonMOjNe9w/fB+FvODBWil7iP/DQgkjQIyKx4OuBJgRmp9OkmBU/nuA8uCSHCtr1BlLxnoqM/K98iurV0o+WqJYuXazOTU/MTgPAlWJdHSKgpAG/waJHR4g5pGKV5MvUL9htCxRdAoiNhTh8yoUW54r56vSkltWunLmU1zrd7LTWNbxi8YF3PPma9FqNN25eu6o1jkIpN3/4QGNtdfXq1Vc//dmJqclT73hMMmyqhGysAYaTETqLsmJdJtDeSKlphkodK75e3vbiqBHbXEiSrV3F5ayZVlmME8OPUhEnxAlYEf/Ym403rraFSNZSG40xe0Qks0wkobepOhWFlPXfq498zxPF95wsqT6ME2o/jVnzy7ybJF802SQ8mJkITqSEkMlLuMvZcJKDduRBaCJLKSlAI7fcf6R87z2VN05vKZayCCcGM/QAnDNwkP/84WuPnai896Epsael21O/8O8u12s9MD3EirdkTfZAfRQ4w3/wvds+F5ttsUqSw6kgk2wQihRZsJNhYSfDy/H96syFIaTDSGxyB8FUY5dk5CNDUSjJD5IkD02NerZyw01EuuEqATtRjiBqrxEU4WcutQKkTBkOlImdtFuR3ia3ZPZ3sRVjHBfJVpmtTG+FSGOcuFt+W5XiJla95A5JkSYhEhO2yvSiidJnAiDt882nUdlgKthWgkmtdsXAfuNjU0ffvPFKL2ZcOj3tr26du7JxFu0vCHoUM3AEsWncRQ1JqWp5urD/JJlqsGLWsKSJhzM2DlTmFAc3UQ0HykdCAP+Dpuf8otvlaghSi9hdkYlopdyxpZweGWOOXbm5fu7a6vH9M+JuKldubly8sbbNRUzns9KmFIP6NTPETMlMh9RhqismGTK2naviDNKJ8wwe5MjpDO8z34Huio30RZo72TFSiCmWa9NT3Cc6b+IinSQZ4wjNVFikE5Ggs/CLkQZHblJTm6PAOpaqQZ2bhG66B1NEcs9p+l1X7qo3PPkLf/eV/8dPRy3AnxiEXBKjIiRSx43Byr2eBmuc7PKVtPWL5Q/80j8Suy0qI09kTw+9+NZL+3St+fEbIhpaafdsbbPWK3/7Pr+cMmCq+tXojd8UvcbQquvXopd/xb//h2UpFW+30d34lVf/5fX6lWH3bXbW/tVL//T7Tv7oE3NPih2Uvm5Too8JZ0y9t9qV2jRtj0j59AAAEABJREFU999869ovvXUtnw/f/9TJH3nvPfvm5169vHX5ZmNprbm01qo3B4TXPHFq4ruenBN7WoAO9loy2Ca1pUyIkokWSNF/2WeSkKLvloFFEVKIMrKd2erj//zXnv3g44cKuZEx13tdWt34b/3q6ctLTVptL12BUcqUwE1KvUgjtZjtgKqlEEOleMlScOLWFsZ8JYWxnQp+ZnIkUcikw22kuP7qTYw4EUnECTZxZt+Eqy8kypxzJMz5hw9VDx2s2pqFSnQBkX7WwDbo/UNzxbWLXYE2PMZHkZ4e/89frz22r8L3ilQb6JBSSY+L9M6uy4B564tcLl8ol7XLHABIcDVst9luNuvajBQWwurM5OzCfHWqms/ntSsJjZ2YYRYSwgoWxK2AIcnACj+1nIARAD1MwwHL0HNhjnxqYGcjTGiRul2IlA1Z7ZZk9xmiqV/ltsCE2maWboayrr109RnZ0D5laNnpu7hROHJkXqGB+2JQJ8j0iE3MNam7Ujfhn40yoXnIFlYVKzPUY0yw0gHQi0atvrmldyBdE6ZfEWz/M4vf7FxmKQIN5pj8HuyUuaBQKZerE8VSSf/li0WIZMh5PEXQ5UWQKlEPMtE4Lt64h1EmtG+e69PrsddNJHE5mASKhMpst+Er+44KRkcVorADggoGiGjPsZ8Pw5z2QBQKuXwe0P8hksoHc72H5iPOjkr9SDseupoF+c6197zdavMI49gOL4CFNTwpEp8v5XTHD2jMyiItLOtX86kzhUxmU/IZ8XKb1kcZBUN7Gfwg0O2Hv1wOURXA6QAuc3okOokxjTssZ9RfudvutFrt+lajUW90MVEpuCh8CivxaLRQAzxlP/TQ8d9/3AVxSXpOiTT9M2TSs9MEUjiktSZDrAXTbvOsbemow67ZbJglAmPOZjlgObptkSS5OfvQ0U0afoLxLEWmkZkYHZWtKukfQxCE6GcUUiY2hiREABbriswSF5m+m+iG1RZp+qtERZTonfGE5eXoslGEjQNRWd1Os6VJi3ZpYLhXRCFauFiOfNlm8a60PkOJ6XIoPAOcLrinOI0OPAKT1GCsCYwfBjvx2YLG34hkGc+dY6hZKwcZ1PIHRZNF4DzGaJiYXY2pT859gMoTTWTm8NAOH+E/YLGzz73Nq83puO1zzq/FfUufLFZJG+lxw2cck45kQtDUMnNDSjZxKs7nQOSJTee0OtJ0hUe0BIhxp9NsQ5QJLPWPIc8OtgHAmrzAGQzUSBNbZJeHCdulCcH0Un0f28Fnpwx9dzucjfVBjZ5JpI+K7cptQzpJF0PGtiVJt/iA1JFypXLf/fe+8fqbFy5c1GTfx0LuQ3Ri+hQM5ZHE7MgfjCGGRyhfTzQeHdy2kQ5ZouGo/ZphuVxuNBrtdqfZbG1ubGhGtaAZbeDhwNJuUZjaMct20E4tMRw9enR1df2V55+fnpkUfnjq5JHV9Ud+7/c+oevb2FzpqtyU1I59zfEKWjSFqe8L38svzsw+et99q83azcYGEjX0reNniQ3okmldTPEotuV8mMaxK40J533G7YbxLusbLVn5VOzZs4a3QQx9fPbKsYKmx3tqwp2c59Nk9sZqzaDqHA7sM4yNILakD2hnvIyC3Fan9dbN5ap/tuDnj8zMVgp5TRM1dwKRDVzsLMQBAlcHJg9E2WsioqU5PwCzWER+yhhFQrKvSuRgJu7OE0EsJnJ5gtaEmCiIcPKiHlpquz39pAjdn1p6VJJcldolEYHQ4yFBpWxxkmZtX4gPipggm8LcCsJ8LsaMVq1WK+pFqtXhFfaq4AcYk0nynK6mS3qeiCnDNkZNEhKG4DBqJMlRVKyUw9AnX6yw8qmUYo8+/l1T5PADKY8JFT08igjj3G21Gxtb+OU9PUwA45FWUtPHgx+I5YWhPBjx1jPijEROSmzYPAkQxCJUp0FeUDwlKYMGxWmacOAhUxXFdRiFGEaIwzeKrp27MDE1SZYVL/C6kOWJ0oJKwpYERhHm8EZMp2xEL5QGYy2uUapCUNsCD8EmAaGnUAKEoEurZ86/9ebJ3IM5P9By3cy+heMP3L9+/ebalesbK6vKl0fuP967/0QUd1bPXXz2Y5/ad+jw1OGS8imDr9T6BwzuXoRj3Rv1aYy4L28fY/16uZUit/cgKpFx60rXJWTFb7sv0hgnVs2geUA2IHNcJcSfjyunNlMn+WWljTgRTg1JPdltEmvits2oSdIQCSmM14vlVoO7kIosIWKqrBgmBC1NNEl2FC8CNyEvwzrzx77twC+8+Ro1BBUlUtMoYDfCR0T/079665/9lQcfOLp7zPn+8v/8T5fOX2xIRDcRjHEiyPvOyIUqWpzPv/vU+AksZGrReyIUJAfScSjC9Vf33cU3jCjf/7T8g88POK7SYQd6mwv2ktqYCEFBCHrJcEhLP1qC/dDJoVPJaG0paBOV7gf7NkIkxm2lxlJKnOrlmDgid2o7CuNEGMaY3ucizasJA20ieJ6RcpKKO3G62lRFM5QGpe1vJg/SfZJMhcIIkdqKydzsavu6wMjQYzPH31p6XbD2a7Uxq/wrTnmtEqMDqdMALyxxRZpHZlxf2CdK18RJ+8q0Vu/7903cZ97Iw6ATKZzWOt2VeYttihQDFBY1YL//wu3Lp547fXz/u8TdVD725TfFHhTlDMztZ6ZLDe3vdJRkcmQwN2aupwx9kw5Hk1nyx4PbuZJbIF1+6rQh1UxlmH0SoWIYsBhQp22bqXaQkEsE09WWmRjaTkzHefV39NdSUQN/3OGwm+KBg0f+4l87+w/+Xj9yiTJHtj0utrv+vb/498sLu4cyylAlmSaG/Zc51w/ozDEEYVMi1fnymtjO4hYvtbqna/5jqSje+NozoyJOqPQa8fVn/BPf4x778tIXRkScUOnG3U9e/uijs4/5cluraYrBjTw4TrnVwdlud//w06/pP73/+CNHH75n34ceW3joxMnpidLVlebSRntpvbXZ6G61uo1W9KPv30OMk6TIqC38wnCKQ35XS8TNIfen+8Pe1rcz8IA0wQtGEDDKiPSuL9X+6a89+/M//pS4U+X6Rufv/cbZC9eb9g2dyECPFUI+YfQsNEKQCkRIJ8JzZlT6XbEjSYeSSdSGlH096ISVGFOWjUfhK8zdytm3ldx4c4VWe+JWkC86lqo0lbfNF07EiXkhrsDdt9xI9m2FCfhUpiV2/9Bs6aXLW/jG9jWBkX/58ubj+yumb52nmEMDx9ItFtm3XyiV88VSoVjMFQtoO4w6rXaz0eh2W9ohPbMwP7c4PzFVzeVCbQWNGcWZhFuqI2mmNT1FCL0bY9LwKOqCHzsI8vk8pT+QxkqVbdvdYSC6a+1Uia/Xet3kCFIl+47ARjk1WE8wbr2Rz2Uh0J2fMBgIUySKtjY2Wo1Gs15rN5uE263Mh+ZxLRmHA/Uku5SaFRb9F+Ty5cmJcnViYmpKO5t8TBPvQ/4LsIpAM2LyeUFYSa/Xwaw9HczxTW0gwJDYqFwUr09B1cK2WaYm7XZdTa5fom/4G6Xc2IPli34QhoVSUU+cAqbUwamAiwPRWq8b5nvK9baQUReddgLBGiDqhLBDiOZDo42D1liQ3M/kfKu+9ppPg7YttriKmKM3kuRKtL4X3coU++UVCkU9zUM9vcMQXfESvY1QIUbvxNrpHeQC3eftVqu+tdWo1eq1WqfdibqIMaOUntqM3BBzssX+zpXbdrW5JjbaUOpV1ajbR01Ylfb6j1n2jgKovuf2z+K3twzsvcFMOzlGp2PF8LP9SzHi9CPsJ2AumlSu0FrCeiwxj143ign4Xc+RVqPZaTZwSbm9i42mkv8Xwnp7TSyWzeLk4eDE4BJcWQe3YqgjQohwDZ5lXvweNPposVDSfuToNpQEnTQxsTmCqBdC2Dy2mEFMuV2Q7HqGNPkUYYZ00uMcOhQKQ0uKhSed2Echk7VJ5pBndpynC+EcTGtH2cIWTDPp+MOxbMX+MOFOZzyGcFJMW2DNtObyPQg6abUhuxZZxtFSwQTXM0Z70xOKH00vjg+JeyI1FLNTQ4rtFYy95dt3KOjk1ssuqIim3DMzMwcPHnjrrdM3by4XCoWpKdZRjREK5yatzHUAcmnUa5c4uBKJuac7XVnb9c5fQ7lBG7ijeVKpXO50unpgNxvNtZWVcrkyNTVtzKzCAsTobQ/886pQzD31jsefff6FV154/sn3vjdudx995IHXXz9z8dJKs1WLvQ0ZFrW3dCLUdAGwlSBLhepo+fTo/v0nbx5sX2itdzroz4lhDTHBOlrTCz4WU+vEPIAhNiWyWcGGvdro/tj1uE3FuFh17BaU+FtuxYCiRgZN76KoUYcHadQjCw/1xDpJiJ0KI1hxFIRFLXLWZbDU7T139Vq5NKGl0mPBnA/paMJuj78vQGWFuQJOii6oPVEHA3JpmniM/2nkJA8FMWwtr17Gxe15PSZlPi6LHsQ2tUCuzRUgqCTubEVRG5a1QjQerKIwac88WKoSqAB5gSfdSSGETLqA1Wzyuygt1OUL9G2EFqMBSqzdRU+gyBc8SKHiUTQNzUqsAYi+wpW1HkR/9zTphzhQYnW6/b72ZxQwpaTvCYP4wT7UOzca38aSEVqNbwaBBItap5ma6rY6nUYLhwOgiZqwSoIAo9hbvAOGih4AvqI4d9ZB6LPaEGh2BgAnjiBMBTB0PNbLEVTAbZfTSsVKgrHbYJQLgZ0ptXHjxtr1pamFhaCQ70Y9Q+FZ4oBHRZ4fx0Z+YuwTzKcDrYFw/A4EzSg9ImVIbSYKoHWM8lR1fenGtQsX9x04oMdYV0XTi/MnHn7olY1aq9mMl1emN+fKszNzRw421rfWry59+eOffM93f2duZqoH+HS+tj/w4B4QcSJTL2sswf0E4K5V779Syp71nxxlbleDMU5kVgK2cR5xJuLEPWtqcAwZxn9v5oDIYpzAXbEwOrhw7+K4OpG5K6lNZjFO2AHG08EYCVXGiei+Mv6WiALCdghWbWySHWntsYpu8MSIJVXf+MTsfScnXn9zQ0rCxGKpiXsPp1W72ftLv/zK//wz9z39wKS45dJox3/n3154+Y0atZdwTSQsZ6F91qv0/s9+5/x4VXI3qIw+kB5I9pcU/V4f/NWHljK6nNwv/uqfiH/51wYbyOwnK5fF/QfFHpajM1nHrmdtzYayBYH4yafjA9VtqhoAdsKHCGKHahVCDPC/ChM+IjLSlUr0ZRPcKN19W5V0qt12P7MVu99nLV6IARgnztu5+85bG6iTJO6Epq2NOzHmCyFS34hKJu7EFS+NEWQoxoltxkxucbV9jejG/QsPXF2/VGttSpGgmyBVSZKiosGCDV6KMuLR2h14to8xalIZfKOEwDEEgDD7gpISHy4fqYQTCmOv836JVunZ+CXlDKJMKM84RY4WCNNTN+maMXjP2lb9Y19+85ufvFfcHeWTz59e2aiNdaliucWZ386JQRf3/UhFeg2olzBLbFSHJEuNdIJgUHgAABAASURBVCxH0tqA6HqRRJMkH4E5oINoIkTC9eIhx1Vs2+BGWXGdzpo580SRcPY00glOMDKdO69vJAOZGj489VzKN5jWDe3dr/4yPjO87VUtfOM3bb3+2o3f+vUMTokwcMyEPKdwSNHaWRtZIsyl7pEYBytdr4888rN/8eC73ytuvahhP1XfNnPZjrHWqPSW29Fae5wrO6drBTfoJO6p9bPj3KhW3xInUmP/1ZUXx7lxqXH1cu3S0Ynjo6sfdlCpAdco5f7sv1cNvGvX5fmXLug/2tdWxPm5iX1zk/vmJuamytVC7sB8frEaittVIoZP7iuOaEZilWUM9h8pssRKyuy96fqcYvUgxghhSslazG985PVvevLQ0w/uF7e//M6zN//1Ry+3O7FxkDB4ozCCpZEG6LUS/QWtKEqaPEGoCsnhbzy8kHVFOqxX2tgUrspGq1g1zVXZaL+53tpcbugfkeDcOsJslRVm5KgaMvtuA5XTASPumq3klDDiqo2zEeKNGzUhsmK2EEnX3hauZ9mt2S+VK9oc5Ic+OcURraIeq97EdHVmYX7fwf3FchHh/QE4WggCsKGYQSGMhdaq6hiBEBHEBdpdux6AL3vafeBjPh2r7bqG6Fs3BGVq2LWJ222Sfa87WSy2fco5bRIxjOix8fpQuUzcvXvEPUiIkNqhDSSGRXoBfOMuwHVo03qn3d5cW9MDp9tugecnpnj62DqlOAwEQ+31MMKUOtrhGmD+by+X18Z6yKQzOTtTLBX1aCR/kOLcTBEhzaI/GnLSULINjGeKOIcOBp0oY5xl+sxjTCg59L0GfV8y6MbCMfDqh0pY9Ao29MAPdQtLsKqT8tEgtrruE1+yJYpmuOclX9BEYmknOiK1KPCjQeshfgVvInnJmKnTn56829vxVbO61egGRDBJJwUkXehE/R9MRpyJPk3JQrGIy3F9O370QVpRSQvgtSO5vlVr1Bu1jY1mvaG9y9qlgjmAPErvDs+MyQbuMeXDHvC2G5BJ/6fFi4FvOqIutd2CRnrKDoiMo9qIWyAm29R/y0TPoeI7enj2daTzmpmzatBdRIj6/VrJ5TIx6NA0Fu7oVLEP8R8EfQRTXMCacYgh6+EfzXFA0OhB4BPyFWEZv2QQE+FwSPN9LS4RXQSOQEAKwbgTEieQiMX81pgfwCjp9EaJXSOl3gqanTEHU1oHvDLYD3TE7S+i5Aa2R0iZSEqQwAAnF8a9eMRGTaAMkhGiCzLdm/1FGYIu+NHJZ7IWbVdsJ7OXtQ/F9rpERTKgJsJQQruSCumolgy6PU3wNQnu9eBLKcwiRI4sj2a0Mnk3yHzgYBAoktYMpgYLA56wgWrGPznCGDC6qL0Sm75igk6EGMrhhl6P33Z2dmZ5eWptbb1YLE5OTmaEMwFZPhiOUjpxJzDYMeiEwFGycoSUe0MsccxrxlQqllqtdgyp+3p6Z2tzc6I8IQNfpIk+DlVA5gkAbEEePXzw0rVr5868tbD/YLVS+tZv/cbf+/CnLl/drG0tR8LX0kYek/ehHSMC37p+pXbv4Xvu0Z7zly6c6UjRAXdvhHZ+aSaYR+Y56fHAll4yspn3D6Dpt0WMH12seXvAqTHm0O0ocq9ZqbIMVCUHeG+8pxC1NcKBRzTM6SEixFqe8VVQEEXZzLVvtltvrK2W87mJQuHg9HQEYHUROScAb0JhWjTfR5G43cUiEO8EYC24Rqa6sdWiQH6Ep2pOpOWyvC8nZV6UlY+qs6d8L5aA7AWBmJo9xuB/RxS6SMTQaB8GMS6xBrEbTRfGqUB4fZICP9jHKlCFI6gvk09IddqQr66D8IA+5EeUfg6lc0S+S7oMcC8km/yA73V7eqcHYqVE6JO4G+e0QJkLvNBnv5M3UrV4m0bj7Skp3kMwI8TPIXxHyImpqbgbban1dr3uqWSK0lVoZCG+iKkzOe+EMLGfpNoQpk5sQnkgoB5EJfj0AfLRpA0jpF6SpiQmfiLkMolRufpfPZyvvnVWt3dycV4GSBoVLyAkcwzgHXZ7KMJ4giAdEQIHn+NBVEoP8p7i9R4ip3KMrdYr5g7s21pduXL6dOiHh+451ou6herE4tFDmzdXzrzwigyCpSs3Dj1wtDo/ly+XWluNS6++MXto/wMfeI/K57Tq5xFchBxDkk/UwK+Xr8gik1gNIRJXsXJFEbsVqj/iRFiFgWuw4qiLazKoNmWF4VSd22CcGOnZbSHXY+yMNNPoIBEH1Z9kh8RxWphGvm0l+H8l7E2JlxupOyTiECYV4LDyP/25e//U//Clbg9ZA9UolV2qQhO41Yj/xj955fu+7cBf/eFj4hbKF9/c+oe/dmltrQv+QkQ0oa3CYGVCPSER7oNPTD51antslTSnYK+lw6rtF08fSG6+JVbz7U/IBw7Fz56TSxt25aU0QdKwrZbEtz0q8nuqNEwWxF/6kPrUxejcJmhU900Hc3n6TAx/M1sSjyyK+e06j8eNEv3BJRkLgsqcVSLt1U1M28K4t526vzIwToa1U5iuUKbTpEjHnQiehxZzlD8/0SYn5Iyr6o87EUYGk0KmQ2HsY4XzLUIvX83NrbdvEiL0E4ff+ek3P8bRxhQiqtgzK1hTF04MiuKsKHHMLFj6GHFCMiGu9eB9FEQZ9YRkAy/v5R+eegi/MsgkhaBqppASqe4yq/H4+O6nmDtjb1EsfPH0lWP7504cePuT7Fy8sfbcG5d2cofKSC38O/3PmMWlhsarlOJWwvIyaYRCkfBHe31CXRNBNIlZsU9TA87acS6SIxmkE8sriSM4xIennnTqdO5K8VmHsg3opYSQubupq/t7dmd9/fWyd+Wen/kLQXXy0r/9/1uEEmG2GcwSlT4uRl8vxDt//n+89/u+X9z5ogbSNDN6xyvR8lgRJ7rEG93UY5pLtKpvjDt7qrHkZthZ0feOV67Wr2wXdMLNGX7QYX9q1C3jd9ruSqvZuXRpRf/ZIwsLE9/z1A+NefsX37hWq28WQ4CM9iRYaTwVIXipmigEhdCDBLsRuBMozfHU1EL+0ElRHoz2J52dDO26xYgTQVqJsllpULfgGA620f/8//vT/9svfOjE/j0IQx9WVmrdX/7ts8+f3pTCunCsJc6Kaua4SmRT5E0J0glJY9KTA8aHNH/2J1Vm3VeZ4A7Bgh5L26ZTmSnI1E2Z7fK5NX0RZUsG0Gy8K8ba1m42Dt87K2x0SGbrsCfi9oMalXRD/9bWcGWjZd6R2wvXeKLVji5utI5MFpxBkvA/KxO4AvXAQJTt558cdSQIc7rennara584WEo7WqzNF/NTczMHjxyamKxqNxMEkdCzlBOhar6ickIiEIqiR3aqGD3cYc7PFwraw63MSg9xFxe3eXtuJx+nWKuFNafYjs00bNjPYdXiN2OdyL7UoKponrk3p3QhABrptrtkWG+1GvW63vbaHW2KhLCkWDAevcfqKRtUpGR9GRd5andSrpDX3p9CuVyqVPRfERI8AfgQoDgrjrxBC2eX7PSYxKFLIDrddod2KLYJ3cDWyopGcqssmwknh6+2lYlEaiRQUsEwUwz2PDTbR+81AJwUi5DCHp1ukrzGSCA8xncSklIQmVZpPx14J7rddqtLiJgYvwUGfZFMKGm+UfLJeBiMNwLtIgdjDYB8Ior1UGXXJxDmkN5C0AzEz+R4/a0ZcopdjZBmq9NqYxAaJE1qNhpxj3LukAFCUOoB7D3PJWLKM10aj2r5Hs4sO132pkgp7uys33W5HcTU0gbcxs5xldmRKdYlRL/VAQORaMTQoDHCBCSh6cEI03SjE/XaGG4CszuOMIMVABDADTDLfBhPDv1jepLmJpJcZILPELoJhp7oaRqYGA7YeCY9jTSSmRRpvVO6/1OUqmKeRvORdpQNdLN+GaPv2GlrYFSSkFntxQtyGIKJVMZj1FshDJASKeaCrcuJDCL6WJKThNc4T+li5X4WlfxjfDFsGPOEkSuSxhObEIbrUNwf/eEjFUT7aTlBf6xely6wH8WMAV4Xxr3sJppnchHbHyJbRsy7OzolvzKCTtylrYnNbjuqIDErjfaFHziwv1arnz17vlIpz8/PQxyoEUFYxWGeKjHjmoUR49Bi4KlysCSx4+IEkSV2fenlcmGpVNIP1Ry03e5A8GOtVp2aQhQGEOWJt9GEpNmi3+7Y8WM315ZfeeklzW+PHju1MDfzwfe/52OfeObKja1Oc3Pt5jVfAF3Rc1DTFzDLat99LKp+/uHjJ3tSvHT+jG5BD9KR+BICYI0VLCbmGjvhJqbvVcSSxx0p2/b2XcK+bof0nObOsVWSmHJZurcNF7cUX+IKKBfSOTkL57TdwC+IfNjq+FoMPLO55Xc7E7lctVgqhLkgUpqJCVORriX0sGA9EBXd1ZxMy7twDCplsBOMK0BZCtdmKIw8hCmmh3UOkHhCWYJ1Hr5o6RMRyMRKtXtgpwD2iG+OGYBQcoxJ1vbNakJWi7V/AnVyx9Rr8L4woMWXuTxh9wupRb2oF3VbbX1CM+GcdjTkczCZYJ5hQ6jXDJwgshwtEHZiD2BZRExyboyzqaTnFnFfIZzuHP4ZvvoKKWxJgk0p8sXy1DzEfG8sqV4TDIhJtlcDcc9WfiAyhBgrUaGiLKQmQwKGpzCLxQhA5rOBgjyXSSDn6AYiwfUVBvRLWCcAsSvwpVu1+o0Ll8qTE36lFNEosyMKm6fFNv193fmlCBMKHwoQOKLLuZhkzuNQGGh3Lp9bOHz4ylunr108n6/kJ2dntHKRr5Tve/zR5Ws3NldWVq9crcyUJ2cm548fidq99lb9lU9/fvHE0bl7jkQwt3zgN4q1GW/gS6UKS2MireOl9b3ty11us/gKLsNJtFKJp1YYT5i0yByOpyqNcUJXwr0Gj4R4t3LOJnXGWQSUpE5LmOxZORzjRGWwWKwVTzmObeVEQiUhACbQhMclrSlHm4UddWpAkh1Tq4dMILG7iuHl0Hzxz/7gsX/5H88YPYDj2hht0K6HU+q/fOTKHz278vM/cc/TD0yJHZb1evTP/s9Lf/SlNWFWT2J/oswZC4t6AhzQkxMT3s99z76dVE/qSuIpdI8nP2x4pXAd5Cl7qtgh6zkyL4/MC2HN1dntbSlPHlJfbHUnS1Hoyb/wKKkkytluXyy5M4KRck3ZRtyxgU085GVKp+cjapABWiaGaRfvJOka1be/h1vRty+MEcIN6TBbMWib6kqV3pEW78RebeO/aH4b3uB0q3KGhMoOD0MtRmOc2LOLhSObnWVa1TJdnDqxcOr09deEE1mCFEYZeoV2UkI3YWoWW6VfcW4dgiOOZQqTCXmqx/go+p/Hpx8P4GI4UQomOT57JMaJGuKfuLWSCi8bv/bf//wrP/wtT8xNVsTbV1Y3G7/3uVfFLsvo1x11dhB5TNYkSTM1cGAY3BGVmgrScMAU0olI447wYqxkRMhBSCcqU6cQDq8UwqmTn2ViJ/lIBukkuYuVGn49h8q5nZBlEzTFAAAQAElEQVTsGBNbpvv6qcrXVFF2M+b1d8osfvRHfyw3N/vWP/77VnJTFuPEtETZ4xnba/o4Xe/lC+/5e790+P0fELdYVOqf7Ek18GIugyamOTWOx2H80dmJ0jd6Yuxi8b2ptKOW2JvSz2yFmZo7ukX0HbwTY7LVajfa3VJ+G7CTt66sdtqticWJldXeU7/y/6nMzZTi7VO569L83h9T9z/cf9yw1L5ok7SglRxNdsYaLoqQQjhWwyCFOLJBvd75C7/0h3/3p9/79AM7EtTHKqv1zr//1NXf+8INzsUgE8WJoyVc4VE6RNqYJIQT+U3HKYaGb0p3AnOE5JhMLrC1SudIKhpAkN8pYRbSkfqc/dVLm2SaU9hoxREnel55L37+Umkyd/KRxUwN/fvpbkg9a8RdtP/xt1Y+/soy14PNxnzcGHnsiVduNo5OFhJmZ7qWrpcp+paegOmO6+/YASeyxfLfGJGSIRlOp9PRxsKpuelZbaafn9We9Uh1IR+5oBQCKGbE7NZzfJPoa1cxAZwoEzEQBL70tFs7IMe2Nf4oU+7OGBS3nWNevKOax7mMu8V1YabL+P2WuIrZO5M6i3AUXsYuZ7UqUwVHj1DO7larVd+otTUVbrUw9ATWu/MMl2Rn9vgjC0pBLlk9E+DmyRWCMBfmCnnITYMRJ3qIaGsiAmxw5D51fg8DNcC3hX1gf+pfHUQEFxCJAlEnYlBvqGSgJnKv2y2ZPjTSSkwaGR6LMGM6eolzuSDE9sNOiAtFBYK+eOzu9gR6FRBcBOYMJsiAvVg3vAM+WthXHJxnUKKl6m8YbkUiSamd8VVj3dIuj57nJVRF+w8KxXwur7s+TygmPiBlx3ZQUDN6tHy1223Wm7XNzWajAeFE3SjuJQHxaKcCooA54SWhHwnby3JogwdPrsRomLnanBe3WnZGZ26PaJ195Vsue046kxZai6hV2qy0TY4SZO0qMTThgSzdEISBI2lBHXIIE27SxYQsrXaz2e20IQUbMXUpGMXEo3/oFWMMoPJ5YhiuAUD+7PylycRyi0lVg1VImp0shJCpVXDog8yIrsYH5BnznEFuA+s08EfB4ZUcgQHOvzRxll4iInLwiw9OO46A4eZJiqRBvwyDZ7t97NB/4fa8FKllmYn+4zZASOHIChmJVNHQNmvVzbeNzaw2lRPRoVXUEErYU5S8DICmIPQP6TC8u2cQWrDmSGSemJLZpJutpW8+xk4z+8uOmGwk9qLc7UEnyt2xP+RYfSUxGU0YhnPz891u95VXXr948XK1WqUgSoWj3EnJhkPKiGu0bh1mA3B94Yd9Cu2uyJJ02kZeChrWQRBUyrCWEwLU2m39t762ViqVc8UAQiAF4o94njVA6SNaqNCj9NiJ41c+/8zZM2fn5/fnc9WTJ45fOH/t+rUXWp0Nr1xpbG4EMixNBF4+L0RXxUGoJRDh9WR4av/ha6vLF5ZuRFooyeWFlAnYCeKJoQLBSUZg9aAyzRbZOTe2LL7DvuqXYxxSJuWAIUCzPc3Xbpfk3SdNOo8cT6oeVWR/nfTU1FPS5wYVFqyM7TQho1JY5UZ6EeRA8SHZEjj1i13fW+t1L3fab968uX92/sTifunpMz1ev2peTQuMYQ4zlSqB4HxQiW9SvhGrAuEJokIQugHVMIjsoOyGevT7wsvlPXZhejF6CEGahoySPQnQJ/oqaWkdRMbAvbCoBlLToRvR81IYU4m7APM8Ek/Skq12K6AOJ7Uor5sat1oxovgAmwow5ZtPcHwJ+yGBjfSJCGTdNjEDwNSDJe0Qmh0HmhkGRPcV1O9lPYEyJTWK2zci70TJjmrWeI0QQ1JyWCxOzs7oLttaWWvXG/iNePgqAssXPD7wnkAPEBA+RE9QEAdSXpKwE68SjlIFkDfAszzhD7UxKkf+RrkC0W5wJxYUBhXCEa9dq6/fXJ4t7dfDNlIUUG8URZwwqHQJ4XAHs4VJAOsDyDEgIdCESDpKFKoyOTkxM7167cqNS5erU1N6wOWDXHGqeuqxh1/81Geam1sbN1b09fuOHo0a7TNffqF9ufbWl5+rzk3nKhMw1uANfQcmJjVmHFKs2ENmBlhswNh3QYIc0vqVPELvziIHm9tlCrsi+XAyiyOS7NP16X1D9qQbSkjHjC/NEandOkW2zu0wToSljdI+JAWlwK+UxNaaBjEFsKAm0jOJL+g4+4SJBgsO4kcWYu7Dxw9k/OnyE99x+GPPLL3x1oaJx4mwPciFhEFbwf3lpeZf/8cvv+fJ2T//PUdPHSqJMUqjFf/OM8v/+29fbrcYSlJFCQIc7YMtEYIh4bBmFH/9R46W8+N6RGRKzuUcOQ4zcQeMyAwsmayid+++28vpWnylBjz+5OQuA5qVUc7xldOZdIyt2RidkwAp0ac92tqESiRMHndDsEPejq0cE+NEWLOFebXMfrYLlDL6MfZkEoLCWEPWYCuTUDnuVV5pI9kwlyAXJbRIuPIDMTFqZCCDA6UTl2pvoPSuHtj30GptaWVziXm5lQHYdsELPqyNhlQ5iBimyBKok0EioeGeEg6SBJASDBG9b/KBxcIctSX0tMG2LCx9S7rIDegRysFBGbP0q6qpT3Br677a3d6vf+z5J+8/8sDRfYV8cG1lU6BZeqKUr5YLYq/LZqO9VW+R8XpxZkLbTF6/cP1Lr11qtjtix0Wl3Wt8cLuQnsETN+lSJsOpCEuRRiXhu5lcJGfNSYs7kkR/uiTW8NNhdWaRTphcmzotf7T1MNU2hD01umw7nQ4Sib6n+qmXmcFmTfwY5RYG4FdwuUveev+HvqN84uQrf/fvtK5fVYIlNJs3h46otPzWf5yOVI/d8/5/8I+rhw6Lt7N8bY6mbUrKMDHg4OCbxB0vWlN+48KNJ+49NOyCm+uN01eWjx6a+nJ55nwcqKni2W/43u/97V+dnp+ZrEzk1KjQE+X7PTFqyRqRK0O1ZOa4sz/CijL4cDpWQ7CsDp4Pz55dW2/9pX/w8R/4tnv/5o8+KfaoXFtr/adPX/3Il24IQe4Zy/Rs9IkQCdvD4ykCb5BOvATphNf8yzRmmum89NZ0pbRbKUywoznEPWrCGa32L1XSbUmttmmrV7ZY2MKYe1LZYB/AK+VnPnr2ledvHDk1c+DI5OKBCWk+m0pjnLh1Zp6lzFY6+71YnVtuvHG99uLljeWtDpz12LdMXhdhljGcXWsJdzQoU6fYRuIyWCoDpp90Kht+MilogdSmxq52I8SqV6lMzu9fmFucL5TyCmw1PaThivAkpP2Y4NnjyAKUbPECugYv8mltHxpbFSbdyVhs9jbipN+OtDvjtgUUSdsi1DiP3tETMxcntjszm+w1nKbBOH2s6WxEbUOemDkgraE3VRtLozxUkX9DIAWiJmuDdLNRb2xok2mr3et2lJVoFTuDjYxIUPQ9Y4TB6ex5+WIRQU1KhXIhXyiHOQDc8AK/h4XEUUo8AV6tbo+cX51WE+NdOhx0IjBOqhfxmyOFzEqZrJClNBvbe6pvtRv1PJrMYVWphwZ5XAwN2XTyhUK+mMMjfoADm7D8PYYx4A4zqZEUueRgBSwsCwQ4ar21cA/2Q6RkZpuPQyXqrOIJNuDjDfviph/oK8ZoVwYyDhgtQVgql/W76D43Oiu/O3kbBbYhF4abm5srN282Nmu6w2OC4I6UXWspKVWJYP/ggFnMETMpq+/AxtPb2U8lHJ0loW5jUIlh8zTj/1IDvN1Da+PW7NEETx3cOd0boM6r8R6aPqJUdig5/guVrVpZ1pYVCw2fNltl2KB7Ca5+JagTgkfqtFrdVkvvYAIdiDzpghMt8vWUCkLP4JSQjKF9XRBAQF/Qo1U3gicxIrvrfT1Dac22wBGOV3qYVsenFd0oliSdY6wr7JYwx41Dx3l9poJaVvB4bsYGWgkiyhSDGNGCEEleGcY6EtQYymDALab55Vnig9qTTAw5CSyIM6FSxKLv46pBI0wZ80BilDJjTRpqyCmN0DSFudWF5FFAFAonpSbdUdRtQ5wfI9AgIeMgP7gMwoC4TnwjyZEswkxrkneMAy3dat7GzOmG2J3dwWRI+YgpKBOaduvlKwDpRA2wMo13o/ZQahaLIvvC/n3NZuvChYvnz184fvxYPp+nIQjcyEvxSBrfseKRRZxYz9usJLfz9gy4CWdLDC50qTlusVBE0IjexvrG6upquVyeL+Q1k8V5FaBIL5QJpOrqcR345Wr1sSeeOHv+/Jkzp48du1dbHt/xyMPrK1vPvfBa3K5FstDYykHQ5ITM58rowBdRu5fzvYXJqXc/+oR85cUL16/rXoDUeejoReIGsxpyy3nGt0vykfAcNcZ1pW/z1jvqp0Rec45IK3049rbMM7hJKnv8NhV3MGTiYwYe2VG1ZMRPeiLtALEy6/YVG2QdVFZ9BtOz0j+npwFhVHBoXSBkV0tBDT93rVV/+cbSZLGip9Hi5FQ+V1JxR1NHZHmYyFVIgnbUlXO4XrcHgFsYWE2RW8TSYoybCgBrBdIfRhBtgihE8Gw1USgA+/Jbeqb1gJ0CCmDciZpamvQQuZVCmKWelREASvVw3mBWHWTFgQ1CpAzo0DTAxqDuw2xAev7kQ1+WAy3qBq0WhBh3O8hH9V35ImDiSQyo9vU8M1RRItCRIUDASTQnbzfZ1tyq1/RLBIV8WCxKjGvW/RcpXwqHt0l3ncjtG4x3plg1yPlhJ6znc+dDYE8UlorTCwuoIQCyKIepxoRq6zu4YVJozRl8tAChhD5SIyHgQwxCGhAmgJiMOUUTSeVmcmT7Nas30oCXikQASuajW9rttC6fOV2YKpWmJ8kBzsIdXAiilVZofGoDCz3GFmAmJzKI2MMEqCCM+YymqEfZvqNH9TBbuXatUCztO3RIaGUk8E4++lBzq3H2pZdvnr9KIJn7jh1Zu35jY2n59c9+cWpu7pH3vFuF+dgLe8qhdmrw27EYkpa0ByoJ4+gD41zz9bK3RaWxQ9yIk0reoyFAa6DN9XyXvZ6+fw/ilHySbd2zdl8IF+PE5NUV2dpGYZwYUkb1TOQ9tocYhVNZS6g0YiwJ6DxXlU2ygwYUSnpDzUGKLa3gLthv7ploda6KHd/jkNFf/NkHf+xvPdNuR4nqgRPbIciIgIIrbz77xZuf+9Ly9Ez+nQ9Pv/eh6RMHSyf2pwJQltbaF5daX35r84uvbZ45B/nCqVWEcc39BnBNCpFOECKO98Uf+8D8u+6dEOMVmcx1KVKO1EGXGDFgWCX9O3dn+d0r7LT+lsVQ7Lao7cFOzA5NAfzpmGNomKiBhp4MxomtTTo1b7uf2Yrd77MuLZ1gCGEMB+7WvrvzKtl9nhwinWTH0ADGeJTsxLaGHTUg7oRrlDbuJNX8RLGVqcZziEw1nJvMr663bxClePrE+z71+h/UmutGhQZsEphZlrUxDoqxGlPFktFNmJubGUp8m0x/RKkenDx1snyU2uDJoBROi1SwjlBDME52EcSVVHdWGQAAEABJREFUnX3DajGy/Y4e0Op0P/PiGf2XOR743omD84+ePHBofscwTplydXnj+beunL1ysxeNtZx9RLGTYgcXDr8nM5v4Yh4PLKRZLBMH6cRyE0mIiQZ9JEE6Sai6sIOcp4t0sExovnCVCTKKEg5nt9NBOWeFg5hiz/Jxd3SglT0VJGcDv9Kd4PSGcmlYiu6lt18z5W5mfVCqJ0++83/916//k3984+MfEWZhGuOd4Md0XSaxEe+VE5uityd/6E++86/+DbFnZVCnqaxA0j/1Bt66R7bKr5SiBv3MdkHGyi12VuftKnpYFURjdbM5Uy32n33m9cuH5sq1A7O/GuV6hoRsPP6uf/fQ48f+8L9912d/Pzx6fCYXDosKrxcn4vX1YUEnxtnmHskc6D8is3X0/VbmvUjy5ww7RnpP61xw/Df/4K1Xzq7+3I889s57F8Ruy/JW5/efXfrMa8tnLtfIa+s5z03kJyO2eUawTCi0E4LBDmPOB2SkGiGyDjYp2DJo990d/mGPmNATPmt/SmYfjgydarJpT6cTcW4d9D6Bj8OTiFWLkShSrizXb642vviFy/r4woGJuYXy3EJpZqZYLIaTk3nVj2jSd6TZjeut7mazd32jdWm1eWWtdWW1AUHEYGRCuTTZJhgwtL2+2XIHQf9bDCvs07XWJTqY7meZOjigOjrUg3CTLpg2PX9qbnpu38Ls/FyYzxGwfgS5NlRS8Bugi4hjINAb1cOIkx4NAM+kHeH8Ix4zBWfd3c7MONterIY4mzNHduGOkoavjb5mnMoz1yilkiFF3xKLG/XCgT7GsyBNsc8V6Tfdrg1SpBR2M9oclx8KhJR0QaFVHMI7IOkSJtNpNVrNeqPdardgkZ5CG4JvhzR9ZBiTPt1IyR+kH4T5QgGgTcrFSnWiVC6D8T30IdzE49ek0cIiRKwt+D1YY69nL+Zz0SZQsHHjQSNmxPa5DuVwiS5ZzdVQh6ZgXzL1BZjNwava04+HhZ2eyOVDaCYgg0CUBg1mDKICo6tJ50MWV6iEfHCIhIBrW6GAjzaKYquB4gcnP7TxUqnko5MIbT6isj6acYa3+42B1KBTGUFavFw+74ecTMfHiB7znaBm3+TW6XUgd0G9VtvaWId8Sd0uOkQkO5SFZ/zIHmvy6VkpHTJtVYaBZt5h7+IEAaQ1z3GnrXIvHvjQ3VmPxyECI8ouyM6ISpi3jrzGPZQ5NeIS51iimGmnGSt9xmPE4gEPZhrDdBylB8oeDD0GPuJuq0mhXBBdAhEnTYwk6ylKWSVhabf2WwPsK6z7lsKsJ0RNFRZiC0TSSFgjDTNJ0bE+p9RBkYkATuBmCkPBCSccG9rAr89JQhSjCuIViOoJdlfgakglusJgnFBnoo9bwFwIuFcI5UhS+IlP6EfcLfbx3KfSGscSwU/YWS9SPBt92smnp5OOxbCPMqS4vkqtj5HWHUtkJjY4qPgvYkvgpI0xQqij6T7m0OlhmA0incF9MYl1kMkBXWLwsnaAScOUEo0+aWHamM970nm1AcU57FgRhxRsfDrlzLCy/erKuzroxL6i7ckUUkxfF42ge5rJzS/Od3u91ZXVmZmN+fl5PSU0t4jQpuPUwBqIZ4QVYofgffR9V7YTdh7tScHoplwuV+gVCsV2o17XfGp1dTVfLFSqAPsc88ila+HVtfQQ5vL6jqmZyWPi2Ok3z+j5++ST752ZLH3bN31g6dr1WlOLMBtK+6KEzAVhzi+QLVnLJEDUInVkeq5x/KSe/ldXVqKoBe5c3wu0TAyAfwSphMv2gWaY6U2obh4LWH3z0rRvUEksfuN0m8rMiqH9RjXv3ZfY47JLvjj0JoJlNobHbV87W8/AGyQuEkUNErKyad9/qPLFhoquNFvPXroq4uDpByr7JsuySwAPGGRtBCA9iVAYjDtdgIvyex7OFPS98aI+cB4iW4lp/gQYR0IkWrPTwFPlfK4nRYTZYYGnUXqzXqQJcCx8TGbTRYutB9H+qucRv0R0LoI8QaLsG87KvkwUodH/gGKtn895GGENywvqutE9za1pVGvBPQhywFMhaEYQeFhEZB6DXhQFMcaaXyhKQAWip08AGjKQIeoD5O0gu4qh9vKuHZs7LgNGpXKWP1MBOcZXvTgo5CZmZrrdTrS2EVNuJg9Rb1zOhUMEg/xiQZllUKzHaFdhsdtcURsi9Dm7EuWzMAiWA5V/hk+w1hvAMdEaH0KawjN6rdbq9evl6oTWGiKFEKaMasZGIhKJEXCBlDFyVEgWcGIMwgdVqBeAlJSsmQjCYGpxodfuXDt7oVQqzywuFKoTvUbz4InDa0tL7XZj7cp1rXYV5+f2n7pHm2y2bqy8+cxzszMLhx95sNZparrfMQuI6RWshGWRtgUbrrI0pl/OGIcKffUM070p0tnaooRjXNhhfYMCBBL3cCriRB86OBkY0Zjvc7bcNtpXxpxmlRZhfV0iszU1yFRt6a3KbIXFSknqFIdng8RFKpM2cNUkHTEVVgb1367oMyEgghbJOYvemZ6gxGFxUNgdnqwG3LYcnC/+w7/26F/8X56zR1L9wKYmxj6hIJiV5dbvf+LaRz55nb7VRDW/MJ+v1aOlpSZ/PjOzOC7H4JpQkBrhmkCoIxyP6Ow7H536az94SOywuCNsANgJ76TGYd/Z5O7djdY7Vn7jcudmE4jsk/PhYmH3REhZTdIx3rvnnP5Rjt1YqgGTnG+QrMSOQBNxHQV3bDsm0klmIA0YCMqFgRF9cSfUC6m9bNyJ09PDRHbl/rajV5kXktzh4lDp3m7UqvXW9b4W0z5w/7d88cynb65fpSkbk/fdqEEsPuIiOvxpkE68xInBqCfOPuXYemzqwWPFA/ZDl8NpX/oZxfvWMU7cMoJn7JadbFN6UfzmxRv6794ji9/5ngfFroqu5KNffOONC9fF3pb+yZkcy0zHQbNz0HgznEg4pDJBInHsy4bL9J1N6KrhcYahSYcLD6hTJde72Cdm5Ciu07LHpKF9Z5OYJ8t57VPsaxsSN6R/6BrrRh3clc7+7Rh9d09RY1zx9vdAWCo98rd/4cRP/tkLv/Gfr/3+73YbdSXYN+KOsX6ME79Yuud7vv++H/2x8vzufeRDC88H0Y++cysVfi0VO8eTn5mzw25Uu+2rQwuTYrdFG1002Thz4UJwz4lqKWePv3Dmhv6V2z/5n6NcQ/XFjYS589/xA//fpz/4nt/89/e+9lq8/8ipqXzmkijM9V57Sb7j/UOeLAf+lNlD20ecDDxqYzWUMEKLlCwPJFI9SzhvnFv9uX/wyUP7q9/7geN//H1Hq+Xsuwwsl5Ybr13afONK7dWLG6cv1dB0IT1CKOl7rkkFRWqScMQ2c9yKs6wVmnoM0omRc8ZpmhQpx6Uwfdl/iv8hDmO98DLd9cRcuu0ewA1jJ8boP+V9wagnsRG59JFr17euXK/FyfW8xR3My2O25iz9eZS8GbcYziIZywTZJsdDsy6WbuhGvZO8kBH+mamKHRcrcIj0+Bv8AUx/amegthCWyqVSpTIzPzupTfPlUgw++C5jLLC/jVUTG+sQY+lC0pMeBQFg1gDy/ZEPEC1UIk65JO7uMiZFy1w2Ph10/W3KgXe1O9SrGYe9pN7kXPEGD3xYzSOLkwrbY98RmoIVOyAljww0cHba7Waj2ajVO9pL02x2Wh3thsRFm+jclb6ViY3TkRbs0aBRQS4sFPW4KpcqpZx2GZWKhVIJloBijg0BueOVJ1PKBSEKQKwGLATs6GcJQNnp4uHIvng62kpQ+81ulLwrvKHVxTgnjCT/OKXJ4FFM+TLAVO576LCCv3yYDyFiw3iymdbA4n3uKIJzghWouHKR8H4wzVSEoScd8209yY0R/V/JtZuZkUBKI3bowHv66hAod0n2yiNVk1I3Pl/Q5lvtWAOEFt8PSTiDBbXoG0fC6rVbrUZNf+Z6faumt5BBAz6Asmo8p3vDcZLtd9n/Ombcjjkn1BhHxqmGaZVyW7K7KJPdizW3sypTo9jNK6VKwiiGlyyF8YwVPzlE9n6TUgt+0voHzRR6vXar0W60WrUtANCCiQFZdXBUEO8VDEaCXwnnlvHyS8/wSZ/pCZ33efYhjj/99CgND+mzMkGVN4MUDSlMYJTVE8yUMsdo+is2w3is1aI325Dinmm5wOQ4MHfIvUI8juadCYyRnCGI7MZJm0TfXE9O8RF7YtDHyUQOKavxpATQ5GUdY4KSiQNMmRAb1tAgWg7Iay/uRUi6urCavt0mqmvvSDRxZaRBClyT9rlCGsIuRNajmDaX9L9e/6BWfa8f75I07Krc3UgnrsVEDj1lrhBqUBQzrZUHbKt8fm5+dmN94/z5i5plTE9PA+yYg6/IFUvylyehkbGJHSMBZW+JnfHGCJIsA8xsV6lUer1oY2Ndey6LxVKhVOz1GHcI8RiIzXtaKtXUIx+E8/Ozmxsby0vXr146t7B4pHpw/tu//Zv+23/7/VqnHubKrdaGv+kX8+WcX/T0F9dufP0Weia04kOTk9GRY816/crNG0Gp5AU5wcluMX5d8bov00VJbJdKbIXbACKnXna8oS2TznG/Cz13wHUj2J+VLMWdKplnOeRsR3yaF8nxje6Q414n+r9Nd8IYjt1rpG0hqbKCvyDuYFgHxjwGKlfUIl5D+tei6LXllYkrV4u5w1OhDPywB6Jqz6y/hxmhRyy1SEuzGIYcoWpk8J08L5QS5EZkNR6G8gFD0cMY8ByA+wQyLIc5JTBSWIDIDJGAnS4GOcuep0Dc9XsUswmSKEVResoPA8Hw6WYpiWB5EiMCkLBDoDQEHwIr1rMnF+TLxSiO280m6H/NFpt+i5pXB6xr+14gQjIxx/QPifMo8HY7/F08kusRkCws+ATslfmOZqKkP9edG497XOwQNmYKaTVmOkCCBSbo8nU/T8zO6J5rbG5FnTbcHPn4LYUx8xgsE1CRIG0R4ySwyuVIDIoPIKYICSSe9dM7YoIzAQ3hYu5tXN8wYAAlB8MNVby5tLQ1N7t4+GAL4ocjyqwW80JYdt5DXJNnbbBGsmQ5EAApqSUxvI2ndT/UOLyZ+YXWVv3aW2dWry1Bus9KqdltVudnH3/PUy8E4spbp1cuL5WKldl9+3VdZ9e3Vi9ff+1Lz80fPlyZm6s3mhjGlNhShENIhENL1XZrd8QOCeCdp5lfOWXP+0SJPowTmheVgn9oOri82uPr2E/G+9JEaajEf2b8aihM8Kpre1aw/0zFTkoblTx9FMZJun69OXUgnMizNiTNWu3EQspzxKHH1t3GwoIyS0+SC+kYx3CYOnhaS8eR7Ek13tKIpx6Y/vt/9dGf/+UXB/W68eMh04tNf2KPMUbC5kZL/0lGP3L8f4ymQEIY4ZqQ4QAC1JLVk7F67KHJX/qpe8QOC38DIZw4k7TgJDPRS+nfJKYJlanw7iwfvd59fhlG+EzB+2P7bwHmxBlHdn5YtdFwYB5XyukT2XQLGzwAABAASURBVF+PGjDLeRluemsvdD6Z+7jBx8fcir59Z6vMVqa3Ir1NfXc1pN+Eg52AQqc1JZiJSs4NjkoxzC8Va2qmiLlLykRByAxA5byoGyITo8nySOWhi7WXt7prEqHG3nPqg69eeeGty68YyoMr3hJ0E6PcWxFXyxIUGwrOGYXsWwlnzuZk+N6px6phUbKKL0vBZODllHAxTuz7g3VE3gLGyYjSN7dTB/awvHnxRqPd/aFvfEzsvPzmJ164urwubldRRpnZ/StnpoywDFCw7cZBOrHym2JWlMYsUQ7SCRrKJUeBcIgzIvfGiVgYO3B9ZJtz6xSiH+mEYFXcd8ezscOjDe2WacSUdB8l/eY8yO2NpEsshFj25q+Zcht4322oEkv5wMEHf+4v+6XyuV/9N0a2Vyd+9E9X77tv463T4WR17pFHL3/sY6f/46+QB0DLLff+8I8+9tM/I+5gcai5spu+osa4/auyqFs7OH6dQ0u5mBtHJRxYGo1evR1NFPxX3jy9f9+BY/umLt3cXF7fnFqY/GQcXotGmYvV9Nxn/9xf/tLZt77zN//3qzeb84f2hW1Gm4jKE1tLK3JtmVbq9xcWFGTyS4oU3ZLONrs78HembWSrsXKh2bqalzAmGtIFrlzf+he//uK//I2XTx6bfuzU3OH58uJUqVyGHtAuntVaZ2Wzs1prL292VzbbZ6/U2h1ynDAQvTBIKp6XQlLhpzOdVkImIqXhTY4I6cS4S6v+mOgTsyRn+GujvybVi9IqVu4paV5dELeQ6dgelcY4obNBKWy1ukoKJ9ZEkoUaPGCejSBBHBShkggV3EaCI0XoiLOPx9HpQhgF0CrCPyCBM4k4UbieTfGL2GgedKf5gWe7M6VBiuTt7EuqoXQpxS3TJmhpa1BDPoE2o2oLWGVqcqJaLU2UtG0fPITgIIwEY3jEibFFeSzNogdIG/y1d0prlz6m/w5MBnDIeqCMh1549qOIr/mSWCATesLaIDmAeojnQQOYMGPCMKRYE3sl17DT/lTuQDFzDPdxQ0v1Pcoxo5vRajZrm5v1rVqnCUZHSMEE1nGwO5MF1J1/uIBTUewRommEuWq+WC5XqhOFQjGE9cR5TFeDIOIRQlBRSJrihoFTGgFCAHGkC53QaXcAegTORxzckbLfZnvWeVPFPWsmVEyOAApKIMUPvK2E0BMRSAl4tTBKo1TSDc4hzEmofVv60m6v51QNDnSa3wr9buRNiAAaJCJwGtM8Q7DZN6KESIXx0SGjNio1wBktjfythn5Us6Mfq3uYCAxgyQRBZaKSKxT0xBQc+KWtQAGTeHRpaDdzbWurvrVV29zq4kQGSAMU8CkSUSTYTF7/OirzOeywZG93zFqCMuK9Es44FyOKS7acp4w/1L9qzcK2A+TwU2PWpFyWkpS+PgNehrEmLkIGsWcwZ/gBH6eZpMdSrw0JsLRTrNtuddoElhNTOAa4QhjrynNGlTKxJhRBghzDZqjBRdt2B/ktx7cIhhHhJAAZz7glc9RqNCZzaiueZRwMIkk7VjRhFWqxKk66xr6yNBSS3Os+e9mlx+hHLBxJDOdKWDAtgBQDe9u2lkds2nQjHbvV0PGv+nYkt5nsTvSdSLuW9ABFCR3QTYge2wiT5mgnJhDlTidmkohpHDhZGHWobWRCvZRIJC5qxwCR3oYu2yvE2Kp9/4DcbqwbR5/7RLG78hWQXseW7XplyF2mbzS7LpfLMzPT589Dkh3tKddfFLYeK0LuEFQmVpOOe0GSU2ovhby0qKtr1mJQPp+LikVNYVqt1vr6WqVamfXnteCJ4y9GQ6gA+hJTWJrIhYEXR4cP7Vfd6Pz509ILZ+fE0WP7Hnns/i98+XUVN8LAb9RXN3P5cmlae4GRSEVKM0IhClIenpltHb9Hv/Bqswbu9MAjFQkj8ghJiXAdfLdPhXWPjfGKu+ybvWNvOwz4uC1l/AbwiEhoozlsDIl8dreDEERbdsDHVLGRJLVmiEZPoIWBCEsdIZcbDbW54Z87N1cM/OmpUrGgh2JPdjWRJHVaC1MINBfq+dJpQ0aaTqcFiHNBIEgAx9BgGXhRDwAlNcUNhY9IOrDSHHgJEvPQ8yu5AJ0FnsQ/TZy9TgMwJpEdQ/onmJCAPwJBz7C0XI/VUOaU7+cEpEFRRpfmKBFBIh0tE4FBD3HKmp3pOVbEIyT0UyimfvGcfrsgFBjOAEEqGJsA+CsYsUgcETQH5CLQa8BJunmCftFukjAnMCaMtIykw8XbPPZuazEivm+skBhsCyoW4ACUqhOEz1Zf39AjQzHIZGxvprHHqUMVr2T2IFttHJPp3yj1xNwx7AdtCxDLNFbHQtYbZcD5qX0+TaBYj/dWbevKm29WpiZE6KP4E0TkHuAJqIgQIvCbNIMqAeKjsCktYHggYKGgJH1AW9TqSS6oVKrFiYm1pRtay8qXC4VySRsc8lMTJx66f2N5ef36ys2rN3LFIwsHDjXv2bjwyhvnX3q1PDv9LT/wA70g6KJIl+5pFlDMkdsYoPpVq2OMV0Zpo8MsVLt6jnBseSZqhLffcl/533x2wxxwIw9tRAjvO/ElwthSE5XbVslRHslDtsM4YX5DIj7Xo49+56NFE43B88Ga9BIRXzKPkmbYEsQjD2G2cNJTXOugMNu0l5uv9HAFnRizfMMTc7/8Nx//m7/8ojY3Dbsm1UtGxGdNgprL+8JYg8gFH0lr/TR4JxB3YvYff3jyH/30KbE3hTvVDjvpCAF2oMqMiuTeuadDdpzy4WvdZ25CJunjE/I79ufm8gO+2a9f6rywAianQuD9meOF/C2v2VMGisOqpi7ntV0nhFBupIWwqrRTSaL3pQ7Ktw3jRCYO6ZEYJ1Zz7R8M/fuJEUEkr6R4OnKsiZAicTUoc0Im3WikR9vNMtXjQqU/QfJa9DSne4Uv/SOVR85tPd8AvBOpRa37DzwyW5l/9vRn250mGzWQcQthIk7oCGQDxXyLCAlrLIqoS5M7Q3hT4eR7ph4MZSj4uV4pqOb9ohPEYztcCScKwbYz+z47KakJmNH7XJn/NszSyzdWn33r0jtOHd7RXZ9/5fztiDhJz7VBkrFKD00s43SMzF7sopIIh6EZfqT6kE6YP6ZjQIWLfWJ5q9PeTJ3chn6kkySilLk2M2QHByUVIZq0LUMNeFb2dVmqF00EnkjTQDmI6PWXUqXaqG2Kr5wyOT0rdlpuw1zbk+Iimmjt5dA3frP+o1NX/uiP7FmRpkt7WwbOOHPQPaNSF2fv2XED/dmxgCV08eYL7k9ZmBuXgHqBV5x3DxyoHLlauyjGKIcnjopxi53+yU/eU9nL+m/M7O9ID7sVpe0zryx96B37p8v+1tq1D59fevz+xfPzM29GuTFB8DsnTv2Xv/aLc1/41Pd/+NemTpwq+7I3OdU8c1ZehgRw3v4DYps2s/SSIf4iQ/DcG9MXD6mcrqJYDcEsIY10goUiIZRJhAHHz1xYP3Nxg8xKtNBF8D4XNBAT1i5aGkkC4YgT47lJP9fgllqZyUT6Ci8leBpDqyTEFJkgnQgvzYSk+RPcumyfpOSzJNzEuZBMdaY/pfEmCdEfcaLLzKHqldOrLroJGPIgwbQSJs9OLNM4KCJBQ6GYEuWxDoX7gvw5sSMOKV4xxBEqpikCJT38UqYGfH1pcVAOzpW5hqQj7f7gFayuWJL6V6ROZwW54USnMjU5PTc7MTGhTfqwMA9X5bFXCuRVlXo4NAoXhuPScPAp4hrXAHJ3gJ9b8LjzUnqJ+Oo30YxpibKXkWJu8TkYycMBlZGYyQXBYxL0eqtc7K7IRHsQPOxkglpHcS8A3g1pMZp1DEfottsRINmQN9ajHelKsVQ8Qfln/CDIF4uFYqFcqRRLpUKxSOTHAxc1YTdLgOWGxlCotcAoF8qf0zMRHBQLAkvvJa0oiFM8ur+f02A6Cb2ADFFJ6gGJMCQMJIPBPQidH0jdbN3UYllbPwv5PARqEIFS6IB1fJmw+Af7zaAgxCZWpmOAAZLpRs3w3FaxdUalpm9/xIlE4+84LrzkGpyKGP4FGCf6r1wuQcSJpDUOxLMg5Q6hm2yur9e3ahBU1Grpr4xkk6AnSNqXxpbn0RKPtEtR9n8CM4QE+WYwpEDstGSJ3thVSA7FlLu49/YVefcF2zksQrqIJqnOsiFabFXlVBs+BUnCPO6pHubQ6XS1m6nTanbbnaiD87dH2XMwH4HP6DgskCvLGnhySHYZE9PADeNjCdoRklNBCUdgsLpsxmdqctlgmBc+jxZREA6zcswysGPWY5iIExUTFougZ1JgrkRMeY+7hLrLxFol4bFcUSIEOh/dPoXukZmuJnmJhSt7UnE9tOe5Tn8xvBgl31jPBZMafFX8FyCkKG0eRph1IwAq68YQ5IfBjtBdseJF1c7zjBQgXQnNIVCGQvaBOyRCYoa+pfnY9jPVbcc2l7nzXvY1QKmxyMLdHnQyjKqoRHIfWoyZlKUNimxd2Lewubm5sbG5urq2uLjQ7fVygZ+5hRWJOLa4JsopLNbsIdU1QisEnQRhMV/AbHUVTWTqjfrKyormd7Nzs/TcWBgjlvaGY3CVdqlqPl6dKM/Nz7z15rmrVy9Up6c0sXr44XuvLq2vrnXCQEWtTm1rVQs9WnopFCsCOXwOA2u1l+TYvv1+Lnj+7JtLG2uarvmAOUGF1nvRWmBGf+EgNaWGDudBZ+40d0g4uHi7ihWCd80aldmovX4PMzU4NBITh1uKQYqu9HJ5zZ06vWitV7+wtvz6uWCid+jQwQOFMIyCbiJvIscBvJN8CGEcLc0q2z2MX4YcjTLRbn2zzIU4in5wLoCtJsi6Ni+WgafdAKFXhMgQzZR6uhV1v9Oq9zDIxMO1q3iKAgoRqE5RYk5tRsoJik7AgA8X+YJGcWzItwLYMC9fzEkU0tvNppbAO602KQm5ggq0fogyJnNi5BJxDx2e+CUg8AFSVJKY3WOWK1W+pPycr4wtgj7aV5lOmB2Kylos+E1jkcw+kHMCr1Stotyh6mtr3W7Xt8xVWTbG/UxINIopIke8SUf48TDmDsLnu6g9BIEfhJnZpYZEmElpljpJQuJHAwWQUNHY2Lh+4cLUgf2VSpUMuryKKCM7GdkLxoFnF8KSzAERIiKiF9VyI40bMTU7U8g/9MoXvnD94sVcuXDgxFF9Sa4YTkxXD9xzorXVXLl6Q1d47N7j0wuLtfXNzeW101964ejJB6YP7xfFHOiTpnedvo+FK5B9vdyeQpJvpiROJXNA7KjGNC9o9HqlIFD9HimcVwcng3ceK37xXFPwZLFWP953tzIVa9KPcSJ4wTa/RfbeYXVauyfXI+QHH8wfmAqzbTYYJ7rlTYgSZN2YVBS2biTOeupBVrvMxdw0KRPfOetBDGFI/BDqqjda5VJhnC5/zyMz/+ivP/bf/5MXtYVn+6uVM+FNHAmagiifqscJjwnXxPSPJJyYZEVj/P53zf/in9szkHjCAAAQAElEQVRxxEltY1Na92diW3F/miIz4y41sOyNAx9RmayK21z+9dnWuU0SD9Qb6+LcVvtn783buJN6pJ5djT691Gt04ZpKKH/iRG56XE/TgNLY2LLDJzEuO1ZmKUQmyoSKPSucC9xiaoMQI+VbzXUAxsk4+5mt2Nm+6tunCSaESCGduK82ep9SZRrVw+00ohdm8PEsVGalLkf2COH2mErQZZIKVVRv+uWibbZ0oFncMBrhnNUiwPGJR85tvVgHvBOIO5mvLnzTo9/56qVnz187TXYZYbEr3OgTsoshX3domsBcud495UMPlg7ZCBJP+qVwKmSMk2wbxIBQnqTzvWZH7Kpk5mTyk/eSA3nVbcvdA//0l8+/dP7hYwdyoT/m9a1u70uvXRB7WnJRL/mRkiOVIfSib47CT2msRn0UjXhLMl/CuN71ysl4S/BCSFSLLVtR8SCkkwQZRQgbF8KzIoV0YhogEXCbw7BMHudkegqLZZIgnfBYkwYxxUU6EQZtC89yO/OyM6DHDACKbYdydlIMlV5eDBAX7UW5SHTSQ2NicuorK+hkYmomcySMhBpy8bDjd0NRTLRwzW+f6YAsL6SMxHfSqtL3qNR83GFD1jZq05OVgaeCubw/k49W22K7kjuZrsELxPRJsfbWtjfK6XvgYqc8PPf4OEEn86V9B0pDwybW1muDDitnO+ys2NXZwaVcZMahdrXU6rc/c+k9D85PFLSz27uZ9/5DXGqLHVYi5fK7v+FfPfbUI7/57z505bR85QWJ2LBq32Hv0JHt73a2/T8zv2T/STGAU/iAQsjZ95SDOKJS8YXWb2G0oSS82FpybLQKH1HGb+F55hoKDLFIJ+as+1wjbrLY5onUc81TWMCSSf2mnYitKOL28P5zf8lUbzoWOcHPSy6QzgVWObNtMG8Nx5/4jntW/l29vtVB6GFJK41iZbPhoC9KOjElIsEmERzRwugmoCN6HBqs6F7Dw8zWxPejYdJGltBdFH3i9lipFP7UY/ukSHW2ct5i4IB2menoIsVY9v/KVHVyeiqf1zMJmCu4+ZUxF6kIRQMyIkHAAbmqlIpYTtC+AG0e1YbNAJzdFOwkzBoD8wY7nt2jywB2s2vb9R5V5Ti0bNz7gJoHVk6uH0LIkGwmDmgBPUWcDLtx50VabVNaimXcsT3tf9T+mG63UW/CTrvVbrZ73Q7CANgJhTMPzAyumQIGB8CCFCF7DoAlF4uQSaeYh4gHSt/AaAIoRKKBgvBAEA9fMrpJDwp5wWLGC7HhLSMxTuhNOL+87dXYo3XacCMvzdYznMJZFAPJ6N4N/RALRmkUCoUAveC4npC/jDCGckV2Y0rHA+tSOeMPbeMosr3stMpVQiVLRcl7mA2ZbpOb+ofQIMUifSTA98Bwk4CCTgBwiCkTC2m6lc16s6E9dltbtY2NTqsFQTUxRwNIu46L2swL3RMJ3tYjZVZJFDzC8YEZB/NtcC5k/FbKacOIJ+7RPBpVVcaVtodPvLNFGVGC+xN1wBhWLmN8lf4/ijo9vadNlh2MXej0COBK2NgLwoRGooFAJRxEwlOEPCl+wEAhhHQiEOnECi6uGGBuR4WXB+GI5rPVJVZJmIRiNVOlzJDsSddHfbMWiHB9JLXQE27QiZ282DfOMcFOvSyh748iHTQ6U3EqtzBkpFMb0NuYiBgsgkYcLeIzEbolge5iSp2e4ARDlDPQXb9l65WpB+AeWg/INGUlTyM9Om/iGCIS2jfISOI+TvUdo483anZnWjq8jNW/d3vQibRLlFJHx3o7lcxqI7tLWa5UtOf87NnzS0tLi4sLhkH1kXKVonEsPjgX83RKPU5kLT/bvJtIxBRJ9YJsFIR+LhdCqoZpT8sKWxubmsdPz0xjsLNuEiza1VNVcy092AOQnIAla3IyOzvVOnzg5s3169cvnzx1X7hee+The597/k1NuHI5L47b9a31Qq4gIfhGy7N+t9f1lPb0y6mJidLhY+u1rfXNWqvV8f0ckiiFLiN0okrFQfBZDZoPSvtGw96V8KLGGrjjXnYnS2a4DRyAw5oss+Nkm7GbMSCO054RVcXbDETmVFhhjEkDYE8POYU4UNIPu6XS8lbti2fOl7ygPDe3WCoGcaCirmEJzE4whBmU7SjuRkb6DNClqthfz6IWIjgozFnnI/ZI3Gt19BWBAhE7gISIktAmtLugpUd81O7F3S6JnzEAV5CaGfcg4ylkgvNDfbPgYaOUkFmqak7YKed5Qa6QR0auWu0WQA622uxYwahyD2LREGBIkPoCJAAfDFyFjkHkacvoQvpgLApVPZ/y2B3opJKOnJxpktP/XyFFGi+yJW4DpqmKE2+0lBwKXq5W9WiBcN3euoow904yMHkUQbwJydVGjPAZuyZZgkCyCsJFRvS9/SA3oA0uY08FjdKyIeTlIOUJoThSffnKlerMTH423273sDEeSzLoW4Y2mLQ7+gyblhQnILUfExOgCS0m+qEX+oEeVFpXmVhcnJqfr22sr1y9Pjk7M7s432k2w0rp+P2nli5fWb5wdXN5Zblanjs4P3tof6ve3FpZ/9Rv/bdv/pEfmD16oCecTqInKekyDu6fgR/L0RfSO7cgeX3NF5mNG7ml/mz3oqLviwzGifWDSvGh+0vaN//ypbadcSR9mK3q21I1ytmaik1L3RpMndl6RKqGpJ7Hj4ff+WiZph4RdWGut/7aRqeb9BZOOGWWq7Gl1VwryfhoxzZFuEpnkKdwJYQxH6p2uztm0IkuTz80/Su/+NRf/IcvLt1oiLFL6t0R1wRSGptIFLacCotxIuKI1bef/IFjf+Y7Doqdl8bG1vCTpsfs1HdkhL4xOfBWKNoscruDTt7cikzECZdOFP8fF9uLRW+zq1bbar2VnF0seX/6eH4ivCUmWN+EflMOK1VD3C3KOLAdUVRlok1st7pFW73Ayvf2YJy421EYJ27bhHmLgfv2pain6LWTuBMhBiXZ4TGG8qKZsXREWskqFZUCk6Ld8ctFO2gTT7wQNpJDOK9GZz0Znqi+43L91dXWVZqCgR8+euxdR+bvefXCs8tr122sQKJqQ5YrAvCzzg62XhwpHXiodCgnQxtN4suwnJvypT+oDaKvhSrdgTJu7ICMDC3p7+GydL2XE1Fb7GXQSafbe+H0lace2N7nR+X5Ny/3ojEXt49bQq0ypKapSJH+MWqwHGzY5WHc6XplmfC4FJaJsOYne8QyWmFxR8xccNBHrAW7/y7hRHZmz1q+KR2kEzsX2EgnXJFCulzYtLwgWkyULBt0OmTskurqTA9qy0InTR6qU9M3royF/XCXlInJycyRcI/H750ro7FMlHtWidtW1DiXpMlY9pbUWedkvdEaFnQifFn85oXab1wa/XxvvlB4dCpzMDj+x3pbV0RvFH3WtN8/+u2Zg99w4FteXX7xcu38iBtzfu5HTv2EJ4fG7a2su/KbcrapotSos2N1+8jix83pmcraas265YTYgT2t0ej90998/X/4kw/5nnzh+tXZQpBbONCRO4Sha9Tls1/4rYn5D3VeEV2O0fR+4meHXZ5pnkwbFGWym7ls8L77kzpA20shTzNnpRHGCJBCOklElzTSiaG45C5IEEeYR3gOEkmyn9RPUpERN02siUwlg8g8F3mHYJFLDnguRc/IbjP9utLtBslrZ6XtB9ck4uy7O+bixGRuujGVgAMuzJdz3/aTj7/xxatvPH+93ekp6aKYQDyzMjElNnsOxqNAGI6DgyIIDUWZa5TRK+2RJL7k/2LvT4M1SZLEMCw8r+9+R93VXX0fcx87C8zuECsQu1wQIASCIiCAMFEyEiIAwWT6R5NJpEQz/YDMCANImkTRCJgIowmQAJIL4iKwOBa72HP2nHum7+6q7q673v3dR2Yo3D3OzPy+971Xr7qreif69VeZkZGRcXi4e7h7uAP3KrBZEb6WDD2FR197+dwfefFcJ40cEfa1UwDLFpgVkSx95oav5rmsZPQ2N5rtBin6OMABc6yosBLgMDt59xWshpd0IpytIjIltbc6OfDVhaA57bM8+frJSTxQOZks4Flz9g1Ark0SMjrxFa6OK1tOSgNNUMUSlK2YSGCuCSK7LSFHHigVVoLlQb8/Gk7GIzQ6kXRMUZCMvVALRfv30M6VOewFfaBglXKSpt2N7ta58y2MTZOiy5wIPaaoqlTXUMCu45UrwM75yJtCI3jWfpZTuTmbg7CzENtZBiZmM8EzKauOA51NdVyqLcyQqJ3zGB8qKitrNFLy7aPa2mq3UwwmELHPJ7Ir0ZjTzJRmyKWphs9yok8gNo4xQ0zl6RC4alCsN0dFkes2GizguHHGVGX+qTR9TgcLHvCIAOOh+VeWocVPs4Wdovjpkg7WYlRYPoD64N7u4GgwHgzUiNtR1V6vpFNFCr1vNcOov+m5W+Dzsh4Bq86IG7c6EF2Hg4DjGALvo8H35aksWc8k+UNkwKY0tx9Dw0q72RXJY/xI26GDyClNGga9WijFA0bPmc6nk/lstJhP0cW/IN9qAk3RCKLIu4lVrIjYUnlaKYTbEu+wNIaZiyM+hu1MFYPZx2uHEiXHtfCxooVdgyXNOR98kksOE+QVM500VEq4eaH26WBS3Hf/E/xd4FN+3ClhrUn9PbJuqJT2Wc1ceMMul2dKWac+gYpEULMbbAdQSMZ6SFwWiKrod1ZQUDF8gZ4S8hYcUyviejQAaKWgHrEI/KErtXJJt+zh0qCDbiSDvgQviprEI+A4UuGLxLwLh2RXpeI4ZyAikettWz8WRAOebJhXmhMjyHqJQmmLGzGokOcugptIyS8vXbo0mUzfeOOt7373e1/88pcU8eBQIIxPcyKcuBJ53fLyw1N7FJ5DRooJEOZcL7OzrHXAQBw1XCBU+mSmhOATLEtsDMXiOGplDaWJUurrUas1GU+GR0eDo6ONrU0UmKqmqhYq+hzZY1IxE+RG2rx86ZKq5mD//t7eZqvV/ZEvvFQsit/4jW+lSVdCMpqOJ+NBmma0XBMaj6ghotlgpLiEz1x9dj6ev3Xn5nAwSVpNkegtK5vwazYjQq9o2NmCjNZ5P4GnRnjlyGPFYD7uW5YMra8ZRI8Wl9UFASTXrN+14PyYJnkcjMUH/gUEr9TzcMu+UP2chlj9sAhKyQAl1KWIZFcSVgyFJUIxO3ZQrOqCMSLvf3ARxNlEwrwdfyDjX7x19yiJf+Jzr756+Vy7mSI0jac07ZCjJxDcGyvurAUwnU7ZulqRJc/fiQS0S0lzHdQM40mmGIYkUhA9Ucwx+ZxU/7XTVLY6it9WUIYx0cawWMgjJbOO0KWJlLjFJVckxKBjiJvpDGSSZjo4nCpEpy7oM9QL6++LdiNqiWHYV9zVxVJtFoZiPpkpwj8XOlBuQ2k00b9ljCSWLBvU0lfjoThM1ULVI2s+jx+fTNHWVEZzMVbfyjoFNJqIE+JYMokFawXPTSjIUMyCTP1ygJMKeh51AW8SXQAAEABJREFUwm1BCfzLCZiZ1rgM2MUi7qTiuNXpLLaRME8GQ9pZm40EkXFbITM3Upvc6l0679CjOMI9CVnm0R6ryKfzQs11nDCipjbKyLmD1HsO7SiWXUlKYHhAsz3J9SEITw76t958R8p468pV3LyxYEhbGqHBsNpDRsy/IaeFrdNiJXYRS6tAcqgdOaMAvBRrB7DN5y5cnAyHd996u93pdNtttQtUVWZbvc997auvFb91/73ru3fuJO14++qV6Xg6Hbx9dO/eW7/9ja9eOCc7adzOFCuD6HWek9UW6GE2fLf+ujcJVb6gSpeoUwFyKIzvIl8gtWTDcwbpIRHyx5isstpm0O963YHAQODecLzdbEgjwhRasuk0WAoG/+0vdp/aSP7Fa8PC8KxOL2V/hafTIs7QXYPxcaK3afYrwOe2a+vk1SLA040J+PFX03/7Kz0rbxVQ9nHCOrPd4YT3EyzSoC0JS12l2WVLp8d2FI3OjwEvKjA7Cq39NpiShx7u3Ns7t90Ta6fnLrf/u//77/0rf+vtn/2F2+JUSYMrj5v26lDw0SJhTkleudL+j/69V77y6qY4Vbr7/i0hnDBC6kkD4TljsKmS4xWzr4Ul1cUH77x38anL4lGmdwc1nPmdYaH+/JyNLPqpq+mPbq/remFF2vkQ51SGPJi5lR7vFgxFiV3jtWWKaosi5s1V5nQokkx4SojgWxB+/dS/onJd+ZXmF8JfYX4DqFh2zWk2sogMyvyrFDVBdtzmU3hSyjIfLoSTTM1v3UvPbUqvo76JDErsvJywjLjW+exmdumD/vcXci6p5EZ7+2uf/deu333jrfe/O5lO6Evsi7EwGwvGmZpneLpx/tXGlV7SAudnSTZixbr2yKEat8FfazXt9CbFtHznUJw2lZatuw0fnC+G/Xhdo7o10++88cGrz1zc7LaOLbl3NPrmmx+Ks0692bCaKWvZX1m3RClBHSTbzMvTO9eTbV7zRejLRM8rWF8mvs8SnnHts0QYrySy1tOJE1t7LKvnMcXQd6awhfmi8XRi7Jk432zhQdilrdedq/NK3C+hNX0ZODvxbTM15vLlwxqXBeOpUYfK2pxHozjwBHbthVduvPX6fH5Kpz4fcVIyjSvXni9lduYgnsDkW8IVFS6Z79nHyaP1dCLr7k/2Qbms/Otvf3jt6oVlryUXGhv/7vPDX32QfzByhx1NQm+on9tofeVcDeJImskX/1x+65fkzutotldKcQMufCa+9pMiLtvzqbXzZz//f/gH7/3Mdx/8Ti7LLvFiSF7Z/swfe/F/uZVti+Xp3ffvmkvdZisNDguuGMTV47vW6H/qpef/r3/uX/8//uW/V7ijqBo1rbl1u/Hh0X/5D9/6C//zV9Q2/c033hRvvBnHnay52bt0rndpO2lmtW8pyftw57B/f3+jI2/f+lByoBnb9D/1H6Rf/MpxX9baEn3jfv12Q3h/TJ94k9GO5RHxCOwjRHsKMUyMJ4vQpw1DHoD1Kroyu0MRmlc3Hk0o3g1rGelX1x+5r7ClgDB7d+dIBHxGEjxWzJl+BN/VbNnk0L5t5B96BMtDYHO9wbOCWONHTKuJSkMOFR8ntmlZI/ni/+zZz/z40x+8vffOaw9u3zwqaNZzqlvH1qHhZlsTOhzprE+EsRqx0XY01w2Rtinh9oD2myLKlihs00N7zAieu9z96jMbP/ZUL4vcMEtjS2174e8j/eRkonpwwgGs3MLxqxE67Y5g0g/klRwxdkEyKO1pQmoBOrYKw4jnGJAUY74ohUSaQBxpLZyjCAxRQpSk3aeSydTqqE7x1qklOXKlnYcwIimn9fQ1oLLsokPH06HtuUCTevQvomTQaGuSpngwkRQ3WixPBg6+sxPQGuDcl0n4atrAEECYtUwXtNzZRgLtxvLFfDadLZQiWf3MF7PJZDyazKeKmZqTQwNJXrTlYjEn1FHoxcu6XuIYsbWNZmejqwSGrY4ieEmj0UDfU5FQ9VEXKThOFLHHcbbGYI0wRueYT+yRezUIeDbSWj04TQYvC7uhM70rLCoxg0CPCy2JBSMn5Ay0FFlMZ+pTGEmgkXEwnXa3m2aZHXk26GbvTNoEg5Alh6LgGWR3LFIvD/7HNkKDfcHrJUIH/xoZK/EvscpmZXkqWGa1gf0j6RXO9VrVOK1DX9zkojIBym4xNgLKrtttNf6xsViS5E9GTa5Sc8ym0+GgPxoMxqPxggJq8HToUWXM6qzUWKodmRu9fya1i9mAisiCVmmlABjmUJpMV6zMnlXpgBA1iupjExjdvzkyXJPk2pYosqK39V80U+7031JvldzOSbur1ExaSe6w4m550l7Na940ZiJQparcD21MKv0OMi0GY6qFJXgbiG7asdlYGuEEYUihiKlSXmEMnckE4R/1Sgsy7ChIBW30C4Kj41jIibRZLGuX6BA1B6yhY7nsRyQG38DO1yZpCq6tPCRviYV0+bagwRgFn7sD7VhJ6FWMenHWChl3Pg7FGsM2oLZFuipP18MDRmMb6bFzjLPh+9lslxRJAWYW/q0xyZSud7w6ClKdlM0ggETNkZF6SY0DmRWihYgL3IACGwMjyiWlKJ18X6g/MjpB/d+cwh7laGVoOkW+68jjVKQNdZhuqzksMBw7H3UOoApjOdjXOVCSjfwmWAgntfhNcmwjAbLUL3FcolqkZiVcbrGsHggvNFds2xl+UfJosWXDivRYezo5JS/DSeNwj1WlKSZ9c3bl6pXRZLy/d3D9+vXnnn9O0WZ2yYAwUXixuDyjTqY0SkVtHxlQ18cBIWBET8MFUsK6kOOkL7bbrfF03O8P7t27q1SeigVhY1JpeX9hpKR01e60Ll44f/PW7bfffO25F17qdi898/T5u89dff/9B/OFaDY31fKYjMeKNcoaTYULKEaPAoJEIbqNtPXK08/lEF2/e2e8yGmxU2u06S2SdbTiL0iTrpkBHge9pX3IGTtpOvUQP8wnS6vQv5B1JjdQp7hd71PHt2RlxXoTt645vNuoCU0JIjqJoEhenCgcuYh7+5Pxm7s7mzcanURe29pqtpRYPBqP0L7EYCPcY6dZwsiaIzvysjI2+0RFNUumqKKkYHOymSlogym6qJoBhreT7Ux9VM6jfFzMZxjpSs6H6jqXi6gA8pWSFlyZQIZ1rtc6xZqKEXaDYbfXDKPsulht6uI0zqBBMB6pdaHIitovUPOKrNVCJlPBeoxRaWM0donow+hrg78riEkla5Ups+pScdjEJCSK/7b7d38KZC1Of1LSMQ22GmLQQgE2zsBdgeLfu9ub/Hh0NCRIMciT/R2wfEZYvKo/qOVEoA1KJBgVAia0M43ihHEQzzFz3z4rG/AcYOwVpRCealaxEYP9g93btxu9XtbbUBtGFIN4ezLmfPSERlb0YDX0YOQI6CB1KqcK7hO1EJDpKDbPbQ2Pzg0P9h98eHNje2v78kW1MtQmePPqhc/+2Ffyxezw/oP9uw+U6Lx7buv8s9cevH/zve99/8qLL5x78dpG6xyLl5FyMZSvmgXfXtVHUX6OI1LSkMdgEu0mXEoBTxyIfkQJalyeiJNSwFv90afOkY2C01SxSENvL/nnq883nz+f/vLbw7fvKg5XiMBGRAjv2m1H3bVrl7FH8X+lWObjRFuWiDSGzz2b/YFPt65sxF4R/xCZpwIHcbc/4EUsNWcrmVzpNuktgV5aIMxxTL2N0M5OzF5XIxJngExlbt3d+dynnxMnSa1G/J/8mU//e3/k2f/qf7z+y79+T5w2STs+2LGcsf7Vpzp/9t967o987aHsOT58+73VBQIGC1a53IEAt7kn199850d//9fEo0wbSxw0KKLeTqJuKp7txJ/djF/snJlJ5e239Lhp2KwYQ0gjwBAVOrwmv37nVvPl7Yn0mO2P/HeVjxPD/pcA4Jjr/btN6fZJ4DYw0oq3QO92NXPodFd2LN0gm5VuWEjMnH1wp/WFV8OuCGs6Y9Tkzr+I8Ow8VOqlFz69/a980P/+4fwBO3RUDXj+8qvPX35l9+jejTtv3rx7Q2gJiBa8snJkO+18pf1cL9ZBmxhfRRC30s00SmTQBh8SXBvAlPEGzeCgu6fHHiuS34bLxfBGfF6caZrO5n/nF771h7/2uacvrrKK++De/j/7zddn84U467Q9HvhQHaZS3qrbkNBKfyP8wuzD99qfMZTE8xciPMoIhkGVwbIAjwKajb9P6cp12kZU62QuVkpPnC3L+MbVbyxa5JI6X4x3hIfKhdf9KtaStZmOj9M02SfeKp3P4zuhqCjNGp/+8u/93m//mngSkmqqanApc3u2EqnL4J/HJ33mz/559bfs6Zf+d39B/YmPNMnlmbKuYAltlpPK/94b7//B3/8jYnmKuknvD18VSn/2YOLrKaAVJedWhuJLGvFz/7p49qfl6J7IZ34+tC6J5Qc5sij7ky//u/+LF//kndGdmWewonb7z3SfS6Pj/U59940b/u1xYp9VT6UUJV7vRGm7Vfxf/sIf/kv/zc8praupAWzN4E5JEt6rq/17b+7+J/eHV756kSXEeT4cD4fj67fvXxf5JM46bUDvY5l6V6lMoqSYT8YinnG7+/u6kqhh6O+f/vPZH/3j4pi0Ti81n+Nujk3U0U6aH80TbavB8ky2CImcpxNdGmo8nUgXrc9akwhWJ/A2WXs60b5PIr9+yxLZ7+p6vB5bG3xbv2mOMe+NnKcTqp7Ynf4DsXKgggECb/BAeHrlynDakkZ95AOP8JrG9EOplV/87MWXPndxOl08uDu8e6d/7+5g73By2J8V9KFcSOvLhH2cVK/xVyvXIi24pGZI0CohEVicYM7WRuN8r/H8+dZL51svbytpXeTa5gbPXjuLE8OohuPlmFg9BgFzUCpXza9L6JRCMHdKKjDQV/4Wki/IIwVq3CmMR0peOWLPROAjSlWUZVt7JlWJh0iyamXie4/jyCxsBEGJzXeaZPTATuItMJdV7zI0ohd2CbJOORL+ZOkcI7zUX8cwoIuZmsWF0kJOJ7M5Gp3kswn6I0FnI9MFxYjRsg46vadBUCs5BVmtFHigUQFAq9PpbPR6GxvNdouMHyJW6WrLD22RwZiJdKsylzqWENmaoP0GnrvnLFnoYDoQ6pPrBxqqe2UGYsEmGxRQYsHdyNFMCtVVCaRxmjSaTf5L8ThnHFlNs2U0+SAimRNJdqOvw09IjgQkpBPdalU/9ZJ3pxppkVWO1irz2EkZCr6kxW6BVNj1xg6GXsRgeX0DCUma6r6kKblfj/kRBkiScjadTdGWaKT+ZpPJbDqnY7pKSJtyVWSebkbUXaDuOhDdOFAUekJF2VT3RAvn4fFFzedO0gCnajmN5gvc7HFt/COdTMEo2Y7Fvif45PKawEGRLwsHKzfx96WkVJIU/c146OEdHDrJ1XYnYo7uMRbz6XQyGk2Ho8Vsqu0YCm2PotZYnKqFE4MhwZoAcrAcRhp4/lWbJLLtCBUSdx4AABAASURBVIesIXOTWOgLAAgMYsCcpPJWmNZoUh2RMUewe3Tpndngkz2Y9Kdi4S8x01Kmo7p2bCm2M/L7YZrjtUyWRx0qgCxLPLEQENJiV5PUa1qLtUt12waiRyg3/cCu7BmpsG0QYRZCUDn9uyALO8Tw+QIxrlI7Cmm0nAWxM5pvZHxUGBIh9Tf1eUUh/LFymkq7z4nqIFL3yg2DnhlZKVa6r4yke31ZAu+XLwrTsPqvnCg93uF1HhqDWoKjTZi0TXHeaDUvXb40Go9v3rx1/sL5jQ10Oc4kUITQLDxKpp4rXSTqz5NEr3UtnZWnngVZ10ugYCWK2pHRSWs4GvWPjrJGQ1G+rJEl9HUhy+fXST8Lil25cPHCO++8e/vWrZdf6V28uPHjP/bl8fibH7y/22hsqrYrqkkNj9SeEf2mAG+fckUPz3d7rz79rFpE792+qVgota/Mc/RyFmO4n5x2UBrLQKDUNU4mH57ifRJTiVd+ZJ8xF263dBKw1Bsj6TFhrExnB1/xeDZDA7/DYfZ+3oqK9IUXLm9sNrJsjrztQhE6ucDlQyaWkeLTFE6foocw5H4TZPsxNil/KmIbw0IHOkNbA0WWybPOrFgAnQ4QkLcaUS/KJrIxj1W9OTJ7k8m8mC+iRB8PjGk/AGIxywUx2bHS88sMXeBG7KiId65uTCxHw4udAukkQslGJFqbzRQHoDYI5OUP620i60kmpmpvTXGC6ImobF0UvzyVqJQq4ihnG3Ba2bhgYvJXIIwM2WPKxFrT+eQlsEejeZolQYWiWGo3tdlT0z6fzvPp3M6F5fgZR6N+Ek9B8wQWlkKadQRW36UGWe3oYoyFlEj9QVcqFH6C/ZLwvmbXpproYjE/2tlrbz242t0oIC70vKGHNMBtJWnCGagK9Nlj+8uLRneCYXehWj/HD0UoQ8marQtXLg/6hzsffnD7xo1Gu9nqdBW8RlncuXTu0vPXRgeHe7fvo039Rqd36fx4PB7u7n/rV37lxzf+8NaV86rCOI2LyZyWZGS3hfowungkSX58fhSflAQgToPRvdduHw1F4ClE+CoqKYwcU8ClXvQnv7KhQHFvVPTHuQBf5gLn2xEzr59/unGph2jWqM8c9BfS6NW8E36WNedS0nryMDVc20o+93QmvROBpRpYKuBqFvL2kYttz13QtQlhygq9/RE+BBtzE/Cid7Cxl4mJQgscX/vg1gN5KoOoZy+3/9L//nO3/uSL//Xfu/6LX7+fP3QIiWeudf6Df+u5P/jVy9HDrRU1ejd+8CZfuz2fV4BM8+xJeMrxwK8MijUvY8a733/jUa/rL24lP3d7XhrXn3oq/clLZxkuxCbVnQ9efzPIEb6eoEZ8JkrGKBUe3IKqTa999/LLn7uhpZbeC7XXco186Td1rWtuuBSixseJ3+x1r6W48folb8ikb16iFyW4QRau77SmHbYQTlLh2qsvFh/cts89zYrrFHjdcTjQa1YM6QsbXxnMd28OXx8vDumreDTwXO/iuY1LL1/77Pff/e2dvftUWkli4Eq69Urj4haam1j/T3hmKIkwpI43IavbUO/jhO/imw9ldFJmTKoPQFxZHEF2KuKyMvXH05/5hW820qTdzLJUyYrd2TUlLZ/OF6PJ7FGYm2CS8sLkiK/CZResvvJSXDvx4L06vfkLxl4k8HRiKamxGvH9iwg7+xD4LJGepxP2SmI8nVjrY6EtVHxPJ9b5rX4r8Kdiv+jyHRWmKsOWq6evJrveMBrD7kqNUDN4HrL3bdMM2NnXzy2i6ttXn3n+7s33H9y5KR7vdPnpZ1VTy7lSbB/vpeUUK+ys1+TjmABW9fNUIxC+9O0fvLsWH5JAcvV4z0w1SW04O1fFyVMaZc92nxMnT6o73/jeu7VPSsXE8jpqr0/BrH3qpeeFuPE//Gd/5i/9f/7lr//OO/4jq7ezGf5ewPsu7O1PGg8G3cr4x00lA8FAQgtjpYa2PXVy8sb2dvTn/0PY2IpfeFEcl8K9veOdSlgJgovjhsawRxtZcWdEuDpyHkeM0DL0RKLb4PMDulVazwygsTfaf2g/KJI9nQgjyqAw09oDinlqv6uZdbBfEZEIvmu+IoSnJo8i910+m50O74tlYwnCH0gftQO4wXNbKPCHEzyjl8DHSan5pZxGI3n6uc1rz2/a/H5/eng0PRrMjvqzo+HscDAbzfLxLJ8s5EQxHLTPZE2dQNkyTg+FQkF7lAyjzEdZpmTPUaeVbHay7W663c7Od9ILnexcO/HZad34aguF0yIHAy/qWQ3f9ETXZ+m8N0BLBr0CnejqjOKMo0gzojjkTjvOVbODB9bBo5AUrU5SKym18/VoRcePcZIV+5LSUzZZMCYXOo6Muk0zVJSgroQMy5QMl0W3MjRSqH7RAr8PDA4tmq2jtSpAjx0YamExGU9Umo2n0/GUnJrI+XShvYxID/A83MZWHBiDhwJhqP1LZ2Oju7GxubXVbLd5yfNH0MlHLkoUMyLLLeoxxbdBWTsOgL5Y5FJKj7E0KOU4ymsgVL9lNAN6sNHoZDHnTyrJNwbTydATixrwdqfDVhr+cGnXJtRPEM4wiIxnity4PdeHvT08ZRsZRbb9VqzAbmm88+F2prwuy2q3LDozKB25bCuIjiLyfo7qCoxjlGXs3cSOg5I2T9HEZDYaDvFC6SPQBIUnl6TWkjhtWQIi2zOwAjQrnRDSAsfJKf1jlvwVugRlre6jtGRQBrKKR4b95Cp+FuoPFgr3Tnm/VZBDKwLUgh174UFldJvBbuJlMdw/HB4dzpWmCX1kLJQ6K+aAOGCsRjAagPDNYcH5PtDhdfBpRFaJxq6LrEwiClkQiSjcInoCmiiKgnkBU5tDdtqqgfuu1zzjLzsoZM8n9Bp1Dqh8ptVsSiNTCpYMY23+yRJUrE90F/RxbyiVdq+ZNSmNBxpawjgIiFwWOSNVitFG3k0ogA4bn5AGkfkXYsyCj4Px9mERlKccj7TZidf8E2nPS9uEY5bGCTiHjwr9PKZGJ1KULSqOH926SnQywCUpuIZaMApoOt3u1aev7uzsvvfe9VdeebndbitKw3rooBKP3QEKvjOfz5X4nO1OyKGXN1lMSE7HIFrlOJFoVXnaTJui2Z61N2azwWC4v7/XajW30m32HKH7I5yjelT5E73c3MD/9vd2Hjy4/cILr45G0QvPX73+7s18PoYMXczNZ6Ddk0UN5owVzkqpIxdb3eLqM3JevH37/ZmQaactUIc6w4jpBoOxYyLCNEDOLWIppPwE0MxHl8A/P/cQQOIlgsjSF/gqWCpwQoNTTXNcXUDuLgvRSPO4PZjD9fEwff/DXrOdxMlms4E2l2mMukJmdxUnukD7JPVUpljPDDlUchFC9I3ZRdWmmJyFMcVKhQJdIC1/MVsUCzkFtQWLkk4ULaApFIFTjO5M7VanR+gvUWH0mDxKFBglikwBJNJwxBmF2rIip8hcXMycHRtqEoyS98WiYFZWtQspdZoIcrcuh3I2GRezObKz6OGsEAotpDomZZQjL4BBKZiXNt6zQfv3y+fTqYyULIacKCJZKpKsGctYNUNo6gRmK7zsxNWTz3cymZfWH2zElzjsUdxQW6k4UhuziZJATMYUqSZy2wH2c0DuldiAH8jAiPdcfPbFowRkKzdXIq9pksk4SyLCUWxMCl5rnJyd+QnyS6Kmn9lDtExm6BQwH4/v3/igu7Xd3tzkgymCTxgUdNqAly0HJpSRFplYbVuhPbtozT3aMM2TOJIYEyprdTob2+cPHtzv7+3dvv7+C5/+NGJUgJlYXHnphelw/N63vjcdTDpbW71zG+r1nSje+/DOO9/6Tu/iZuu8kuMUfNiBuRiz82U87AMNP18dtKJE4JivfWRs/ZOa1lqJsMrfxPFpOJ9d3z96YasnvdgoVvxrNtJatSzJXO9CJ7rQjX1LEeH0WOLzT2WANiL1n5PumGPp3aBMNRvsOTPTROvjx6nAqbkfHBwNp3MeCZbYSnt60Ig6+RNW9GG66dFHw24tcXYi+oPxu+/fefn50+gVVHr6Yusv/vnP7v7pl//hr9z9x79y59at4UlraLaSf/XHLv2xn7jylU9tibNI73z7tf7+UXVeLCB4t6UE4W7PE5BVCh/s7r/+ze999ke/KB5Z6iXwp59v/Mz785kRCT3Tix+RxYlK7337teH+EVh5PuYZIAp3geaCwVWA0d/6T0W47K23j+EIhgdReztwjPFR/a7ycbLM30l16ks5k0MYjfVi5wXoezTR3TeSe2v65moBs669AQtMoOi+OByM33q/+erzntGM3xhnyQHmqSw3GX+76blPbf2+++P3bg/f1BiEjpP12ts//oU/qAS9o8ms13r6+WwrA09eT31KI6UNaatfUdcGqG/D8nbeuB0Nx2fIptUu2C7Mn1oc3IrPBreU0nS+mD4iy5Ll6cLosJGfIlaLFPVjXZ9/XvafGr9zu/mSDLySSDePRjoGJU8nnp2lfWrprzCeSMraWWnqhCV1gk9PQTgI9zymGHpn9Ct+y8Uz8b0tmAhNBQwnq9k/CZ4Fir/qoTJA7tYiQe9pS8KFebyTlf3ifubLv/dg5/7jHGQnTbPP/shXq/nnptCQp1mlJ9osz4bjVqshPllpf79fzlo5JKWzLYaYrnhHPtg7+s1vvfnjX/m0+KSkX//mmzu71qjuDMQ7lYQV3r57/6krl9Yp/amXnn/z3Rt/7o9+/v/87//UP/zlH/zzr7/x4c3d2pJWscF3/qPdt/pq39u5fBoIP7+9/ed+z+9Jzm8fW/L6+7ct66Kb5P0GLQ0KnGB1NyJ0djJcJFLXYm1HfNWO8BiqwNMJI01iK53HEfCsGHV+ZL2SSBNzx+SH3zXyH8uwBd91CFpa+35bv/Z0AoO70bzMh1QUl9b6BExvbPW+Blx3n8p4Zj8g9g/757b4QKZulH8N4a+uxBrMCLHRa2xsNILmeU2rvbYcqKNQdSVlCUjADZuAUms9HyfUtgcPDgz5hlogAnBkNHwg6tOSfFMJsFmR04Ubfw9W6U7nWDO0AjY+TqQWVZn+ra2SetJToEG0Gk0zdr4uRtAAssmOusbjjWThwScJM+Nsg/WmeVHU4WQOxcPHCh0DJrQikFWFzK+5UAdxFKNfgnnOrOViPlMM0nQynQzHZJEwn0/n5L0AT8gbMQefUSvAWTwV7JwAQ/yIKGuk7V632Wq1Ou1Wu91sNnVJdL2/0FyjRlnAKk+sDkXgko7eo0KUAtTnekCkN5hG6Que3YkZAVYeeyAcaeG/sQXRqI+teTgCDmmdlTxSyfBT1eCGam6rqUZc/Yv2UiSv0XpZKXLje4YdBpjK2dmJthZyH8fwEyD4YKqFBz6FihmxniOy5fJ6ISkiiXZOAHpqhUMPLFsurHkHNpABi+cdIQBPdGNX0NwkRXMTp6lhByfT6RiPAw4n4/FilrMPGzuqSsiro7zyFxmTexBXAj5f0mUcXAk1UnVmAAAQAElEQVQj83Jp1bIPa3QSXDBk5eyZkI8iwTH8JhcqC15PnyQH23Mz5z8z6xXKn9fkvLD2Qsaps2RBfU6eMOYYhmmqVFdK2TEZoV8ThTem44mqUKlqYzI148qAqURUdg2CNUc6MgtrkASZibDhEn4LVyLaqkQxPwOmdxpPemCgLU6MpYjuoem0sR3hOFjSbTgdCtTBerQHo8g10i72cPh8N3KGNTFf8ce6RN04XPIxFA/sjDmKEDSAB09GIZGXdlD1BEo2c0VVEsVHI+9QCqWqWVOzp/7yBbuMQmVhQdFOpJYGadAgJSAZ7+jxE8Yzjx4FdgnDpIDOq/j9ZXsXHleT55/Yk0s3FFCVOZw21Qx19TSmXGddrpPi/+hP/4F1yp0N07NeHdKKaISv+4aAaZXr4CVYwbQlSdLt9RRI7e7squter4sWmsuNQJ1ykco4Y2TLoq41JbBsFGyukTwxtomYNs/IxFJ9q9loIDsV2QAPAMaPAuMUtXQUq6WI53Q6GY8GWUP91+r1NhS6UxyRktEwDiEDYcJYUUpac0SaittNIW5QGk8miroqVXqURJKt2yLDu5DaVdqD/xDZtpQ7Uzfyq2HpZHz2WUDlGabVzfGxw9oLSosoV0CXpnm2cPAulHDccUkrtc1yk3rhYeBVBRyRiGPF0k4mU7mY9xrNXquZKcaTo57keBqjYLaSVPNkqRFHhiyxGJcJonb9RbqDiNCtQs2RJr7aOZ1C8kRU1TfR+pPsyZG5xk6iNSjZUEfa2aFmrEHYaHYiYhsXHgG7Z5DeGufnmoLyisZdIJk0Cs2gagNSovugOV0ODMkS4MJSBcGRQtESxfj3i5khQOJAxMY4WxVw/P71bFDux5j0toc2WBw7MyEOCQ3jcD5zMs3RfL09VCq0jjrysInmftywaSqPZdkBGsY1QqMTAdJyA87yxO7epf6pYSG1hAjyOe7xNs6fy5qNnPd77BWTsL7HCxpWEUxjOJ8dtETa3x3fqJdTipg2HA6mZCPf29puttsK7tV+dWv7nJI3HO3uH+7uzqazRqvZaOLxsnF/uH/7dvf89qUrVyIymjZhjzXvuYIj1gPgZYlymXJGFcNAiebazN8FaZvMcfuj0bEl6wZpjXdM2pvMPnN+KwL/JJyxDhGBHxGA4FeI8ik96Z0/C9RMS971ZXfeuxBslWVoCwJgV6hVeBvZKJb/+Xc/mKBGswa89D/M23nH+oJSBrj1I2n+tf+Yxu3uHX3hMy88DDS2G/GPvLr5p3762k997fIzT7WjDMYzOR4tVcc2W+krL/X+0E9c+XN/4sX/+H/76T/wlQtXLzTFWSSFwf7Bf/03Rn3nIaaygPnWGu6I2ucQFBbClx+b+7s3b3/1J38CHtIxy8p0oRH92IXkfCs634x++qnspy8/KosTNW7/9P/9/530BxDynmAJhJa6WwIirPAt5FjBvCg8qsOZmnLsPWi8/Om+j1t9wbc87a/wajguld4Wdb/rJSm+/UtXJ6MGMVJe/0XALRrG0vbZwpHPxQTl9Z+FOMUV7hw0v/xpO5gB3mBdjjlPHLSv8lT9dtLtC83nFAMxKfqLYm4YBpQCX+pde7Z5LdFhp/n8scpPu9lWM2nHkEjPh0rVWMf7SqkF4XRJmfyLX4smMyFONt6lBGs835STt+MLJyctj2NSffjC/XcaxdwAmgE3C0zuN8zznlZIBXjVu3Rxtvvt9hecLIbIjZlZaambsR3hpHV7TIDsU978WOoG2vTK+yisqhOCOt2yBSdx1m/ZlWeov30q/2T2rV40E9669HGUrtDoFu0wQthEt8YDkmB7gBcbOdxq5CVWMknTFz71OcWO7j24Vw3H/vEmxfB/6ks/+uUf//3qovRIzdxnD6PsGKOTNTDucenSF19qbnSiR0lMP+KkNHc3bz74+te/J7wBqo6UFq4GWbKmECWoy33/1s6/8Qd+9JMxdEoq8Rf/n//9wWHVdjkYE2+E5MqSwVOfAnzqlZeefXpdS+sL57bU34e3bj17sfOTX3nuf/Vvfm37XHdeSHQzOpmvU0M+K/q3x/3bo/k4T5px0oiPfUWpTb/y/At//se++qc+99kL7bW81Hzvtbe//wN0x+LZO9SwuP7Tk1JfVbqZFnuTBDxxUGhxwsnkW+5RSz75rD2Ksphzpl/Q0XO0KwXOj0q/kbY4Cb8Lle9CWD/zr8ZJg/mi/q76bXzw61ExA1MDjY5RSplarUxMGCmX7rS9ELblEAo0NBt37cqFi+e29AiGdBpqfIoE19W3pO/AZcl1UFvlVxiCFfAKS2vTY+F4OKr/5of3bn7IkYnsRqAGYPS/HnNbA3VQD4kbvY767W9ustd9S/mtBYUstEMO1QIKqZOxg5MoivwtrZ2RurZ9POkj02RD6EzaXy38iE125kovSIfRJdvupClqL5pNtjgRwipTy+J3IwChW3vSWOqlwpfeWEcsvWbd4WK+mE2UfmU2GY4H/f7gsD84OBoNRpPRZD7B9hSLgt5nnwNmTsEoZnnBRSJtpK1up7e1sXX+3Pb5873NDQzp0sgwmDsdiRSMFYy8hE00JLs2WRR8Dp96P+fIPtooRMpgsEyqG2Tyq6AZVMc58lBpICUvKpzoeB5G+m40G51ud2N7e2t7u7vRa7ZaatTV4PMaKyjehPa/QtYqOCZsI6PdpRR2XiopMkgIbIAevwc0+0WkfReZ3KJi5mowGSsBLNZldKfxMWgthVp9rTamNGukZHESkzZNjeocjU0mB/v7e/cfHOztjYcjNECZTNHCqSBLQEKpasaB3cIz6pRmPO2FcEIH12yjZbDzUZ6g6vAs4R18rCE+bizxsInX34q0JhaSHjFaWsbbHkHlfdsexgnOrgHXI5/d18sGYR5d/pMBw2KhwGY07O/vHu3t9fd2h4cHk0F/Np6oJavwvEL3kYY+C+doKocWh1HCLAegLxPSSyUYKiBWBEK9laoLdYvRrKJE/6E/HgWw+C4hC66aoYAB0iPuwgMQvUXmqFlkF8Zr0rhtE2yMha2KyUiGblj/y4iSt8YG4cR1OAeEv/WUwl2bwStNEBw7+4Ixsb20c1elx57xCnj/Ssav5K6JzEoW8yk6LlJ/0+lcYfbxWF2rSZSIZxcK5UqKoiM0GeBwZ65+0C5SfLDRyzJY3IaMiVWJtWAyqCe40NeRJmGrx6oC09qrCpRqW9KSZWVKSKf+W7XpcfR0UtGhiTNMQMpr7XVNyqeeempvZ+/e3XsXLpwPrYwDpoeNPyysKDqa0OF3LYiynIT5xIk4M1kzd8BSL7XQW63mZDJuNNL5PBn0j5CharXQvQQpaITnKpx1q4oAzuaLXqdz8cL5t995+97tW08/3VBS1y99+eXDw28eDffjpKtYmrxA/yWLWQNgEaUiZp06OkyDhpCXNzY+8/zzs2LxYNjHgIGQU5MiqZVCtGLx67G3ouWTTukeRZLH+bI7dbK1yjCH5ZygL+RasjWDhHzH83S0IgLDtOPmGeJZIfJG+zCO3+4Pt+7eaWbJ89vbvSxTMDKZY1cT9BUomH4B8aZqrY0n4+lsWnDYM0gg1kxfzDaVxNFHEv1PopkGBnddcJRO9EZBHsPidkMUXWRg1fIdj4n5pTMlYoGl1JcSDjBBtoj5grYcoEXOjOwjYcWmvDxVOZFrbQfS1jRWHL+iMYp8KIYBeUqhLU4QuJOUyH9cFAsM1sb8q4hydLiivXuQYTuSsZkkG/pctYya38jIOoZdpBRmfj6hiwXqSBgxVjwqiuHqnttSczKbT/B0wnTBJrpCuy43vAMxT1KNNaK2WBS20ojZOmOnAnTcYZ4sMmDrpLpGSS/agjBG0nZjQ5sH/JBCgGq+d268f+GpKxc2OvMC7fQVL1VoEz0n7sCdE1sKoIEUwqmR5tC3GB2T4ewCHVAleRR1Nnqb5y7Mx+Px4eDeBzc3NjfVWlAwlQvZvXj+iz/xr/z2z//L0UH/8N7OxoXzzY7a/6RHDw5ufO+1a888s33lkkzI3IlMWDDcD45VpB3IVbr7Q1T88SUQa+FcnfbHk2/c2/k9Vy4KcEdtNPb2fJwA+H6wjVZMs4/u19qOhJtQZ5sitGG4ZVG0RA7s+bAS66JZEefjxK6fko8TVcM3b90/HE0c/0NoUhfVoTPMfpLWulX0mv4GBi661yJ0dmK+vrt7+JvffP1rv+ez4qHTi1fb6u9P//Q1dT2e5m9/OHhwMNs7mu0P5o00urCZXdxqPHeldfnc2ZiYVNPX/6ef27ntxewA4anIV8ETON7fzOBx6d7N27/w93/2p//EHxWPMjVj8aPb8XEulx42/dY/+hd7N++CM8/SScO0cc5RwYaOKVuBKMNH8c5u496H8eVnXViOR/97rF+TGh8nnFZf799ODvYUTxLzujMkzV+bbhSk4QvtePIQCq2JD8bJHj4BI2LIH+yNvv6t9k98xVbt8EbQBT+5YQDXBCyTRNnV9qtX2q/eH797b/TOvJjQ8UGh69F4TzbjVoa2JrE3nIGQwgyvbrWtP8CJYUvw5puvxdYNwJnQWB5bb6nbsdguJp9f3P1+ekpnTo9Vem7/dm8x9jJqxy7MdHC59BUzbgH8P13sfqX/m9/s/Tg4LyOaqoo6rySOrmnyaXhE53vM93QS4tildVrqrJ1ph3TTUmSf1tvWunp+b/zWU3G/OgTVsfBgWwrhqdm8sqW3fGyjUreInp8k77VqbC6vvfDK1Wde2N99cLhzf2/3wdH+jg4y+pEnxS1vnru4feHi1vmLW+cuYmjUuvTMADr5ysV5Rpqz4YOD7WfX8jzxpCQFeHfuPPBzHCk4mzHTdd748O7f/ge/9L/+4z8pnvz0//t7v3j9A451YlFKbVprBOte11k3Prz1+776I+IkiULtYHrz3Rtf+/QF9aeuX3j2mffv7t/bG3xwb//Og6PbO/39w2F/NB2NpuPxbDqZN1tZq5V12lmv0zq/2b56ceOpCxuXLvTGmXzjAXJcd0fDGSEBJTP5zCVcAi+fO/fi5uaVblucMN28hayvBbPadRtanJwmtSJ5obXYmWRkbFHj6YSStacPPJ1YS31zJD3wdCK0dxOTQ4JlYT2dcP3auYmx2hc6YoT5qrXB1fWb5hhPJ5HzsILHqe6/nkz7q5RpEOz/7DWAnwMmR+tJ+cJT0sD93cNPveiqkh5FKdmX+Jwkc5Ei6IT3deuPROgaxDL7EnA8qS/t9KdL+HV6rRJu1gyZM3Xu7/Ut5yC1/2FdWWkIZQCUa4CeG14Qwm2lPZaaOU1tPSCIosUcBUaDoqDwkUZd92hEx49z8pUvvizC2p3oW/K6gV49UGcheQy11Y4x3LGvh4xZ8LXgu9KAm4VU/qKMdGGcNnRtMlOqycl0MiLXJhOlRpmpvCLXpcgwQx8EAgtfWjlLpijkmEA1Km2kva3extZWu9NWXciLheqEJCm24LjzIMhuSeMQttUo5tr+Q5t0oG/xnAM5VQfT24YcSwAAEABJREFUwFKgifDKOfcAeohMpEisccH2IjPr0luQj5Os2ej0ut1ej12b4MvoAVzbkZDYE81f2P+KbznEvzZVmHxhFPDmNqCGjImluyq0UNg4Wgi6z9Z+1VRoLQBwWBMgZzMZxQbKsoYw0IL2TNPZ0eHhoN9Xs4x2PTjFOQcYMop8wfIFO8tO7lUZaBrbopTlSeR4imXw+toJllyXkqzjLUr6qfoy4iNMetalFdPrfNswgDVZqTWTNCvUNYCz/TL267Q6tR0qLWngK4Ua8KhyrqBleHQ46vdnZLWgYIb9RCdpaiwxIuY98BQyLXShzasS7ixFz9GcSZQggUDzFDQuiSyJJVsxxog+c8TLShNBlnL4S4yN1ijYn/MwRM42SABCSg4yKNHG4GwNQ2G8zGY2AFHzGc1LlP33W9ziEtRc8cg6W5PqW7YUlO5dTYZEB8IkLTHTbxVCx8YtBPtiylEHjk6rFujUBO328gVFAMvxV2n6mCCgmxOgQIAyYEPYokyUJQKeRyvdNrfA61JIrexvFfwKWxj0VLtXln+iulK0ZZEpL5evpuWrDNbKqk2PaXgdThb2mNoFAwCnZ8e0yzXEBbCxsfH5L3zujdfffP21Nz73+c+2222mryUrE2FIkWEf5GQyQYpLQfUi7VBRe3LzWyfX26lLt/CY22SLKqwkSdJWqzWZTBUVPDw82t/b6fU6SXKOvC9QI0mVq6GPADJFO1l56dKFRpZ+/wdvdLubW1uXLpxvv/jShW9887V2Jx0OFRvRbrVb+XwRpwWpWpWAlrSlxSKNE6VPvbi1/cpzz4/ffevm/bvt7c2kBXTsv4iTlJT6KS45NIVV7IZ2OxHFjiP0OrM0PcQcPjGpBEJ8UUUQa8JJNUnLzAm7YTSsduQbIR4z1CwbNYJ4YK9TQrKvvRz0jhm1SEUUDURxczYWN+9kMuqlzVYvjQo8WKrgATl0DNFK9ZEjiiSNm7KpqlEcej5DHjQBJJ+AkCsjYwyC+YLPdpDOHjF+PlsslOYAQ/ikqeh0VX1KJjqPYDYZzfJFIRJF/6M4wQB6eaTj5aD59wxNofM4TpsRHoPD2D+EXJGWFnb7wcQWBypmB5hJI+vGm0mciqOjBVnQKwEMyYqLrKWamim6L0SmRkkNAgfqi9EfYGGZD1Wj2hPMC0H2W0VE9uxN6MVZavYzGL5TkP0AkQ7mXXzNj4MX8QjSavp3ZglC+Yb+KRTWUuOv5rO50euh1zI5ORosplN0ecJRccjtaARImIh7MscrHV+lvTQxj1WoHZhEe5HZbAyxTGI1O4gVhd3uacaVZTdIRfK8sFsffkQrRUE2pDFgkJwofuu3vzGfTy889zRZKMbz8RzbkrJhrz6hUqj2RwUKvnM0jSJfQLy1I0MU47oCLVIkbguzNHnmxRdU1q133r715nsKuF/9yhcRDhK0X+le2L726VdvfPf7+/d2G83O5vmtK89dm09H995779f+8T/9qX/zj7YvXVANwKg+ea5W0GI2R1Rc5MARo7xR97aXUTB4XmK6EczYsohPv4sTlEJgLsfSoTrqZJuib97ZearbfqrbEU6z5amTreQxsDvRkjQvv6QVKz1d/a6rweurkagazZkradVVXv77+0ffvv3AGwFRHgTzkttkSO/eLnC2RwHjrlJLHEHHEmDxIYnxfuN33rh25cIz185S69NqxF98eVN8hOnd77z+9f/p54TwrYWqwOMyobTdkuViYDlnGTy317/w93/2hU+/8tLnPiWe5HT9u6//1j/6OWHkudKDLyE8mTjf1l9Iu0+1lYgQW/IapK1A+vP/9JU/8b95s9HyZd3HXMsK1J/kWtoGhL+2jf51zd639noxgt/5xRfZszRv1KXXZv6CtRUrGfT441Me6oqRgN2gj37tW8kzV9LnngIz1KF/Ec/AqjJssmKVwjmXWi9ear3Unz94MLq+P73FQxGrbUnUaMQtLbL3ajCdq/o4EaU2lMx67C98cDv75g/EGaXjKQSIL+V378fd+1FPPMlpe7T/8uGt+md2/Z2G15XLJB9/ePRbHzSuPUifplJ6Bg1XBlaqbvNZEyC8px7k6J2ReYuhpTAMLQVVFIGtiRCmHr2LsmTV0EodAtJ+y+kveRGxS/On4O4fzN7xbS3Nevc8tzBkhiOx1mgGa16nVybJXlIcpDUeTRSXe+HyVfX3knjc07mpeH64Um5/zMI7Qbr5L797/lPP9rY64pOSxuPJz/+Lb4jTJ7lmnkp/6+/90uc/9dyXP/eieJLTd1+/8Tf/7i+GeashTK7IKQmCStv0f/GLX/9jf+ineic37BCe9YkgAxT1e7Gr/rbFS8dHwPHTv/Gv/j5xdmk4HH/jW69ZEYFln/x/KxYn9Wi/PKyVYX6qNR/l8WiRgDFtCHdARqBf5j10A7SAXlur6BxJh2Ak2peYMmwYInW0HftUOk+WllvSKD0SwXfNV/T0g6ufvtu/07z/emUUvDsfaKCSV5b8uAeOzzN6rO+9+d7v/dKnm43M7S695tfkiIAVDNhC063Vb62qrcLkuzrLb5k5rbR2Mp1df++O1+1SZatSeeclgr2s0PstJ/oirR5Y8CEdOYm3SEug2oPH17OMT7ry5JblcrJksCPEaQXFYa1S1hkoHCuFlnIpplpRcv16rPyqMGoU6TSjklcTUCB37XgDZYk4enxgOIqcQ2unyTP9kjVSMi3eoa+ADrItgBUqrAZS2t452U9wVbPJfDIeo9HJeDIdK5E2xssgV8vsBEVaaTyZThTSHBlSMk+0RFPi7ESpn7NGu5k1s2vPPwcs94xRqKx6QGcpve1O4RrPemn07EIxH3JycOKZ/wJ3R3oCfzcI3lBbMJPaswE9lRq0FosFjQe7JMmnU9XBmWL/0ixljwuNZra5vd1oogv9ONIBjKwRDFeZkw+W3FicBBPKiXbUzAyjnwajYhd4JhwDlNgZNzDgmkpqKt0jpzjXW1nfm6+wX/RhD7ReH+2UFPBYP0NZ1kCFWp7P1cSORsPBQP3OJhhlQyWhW40VxJHzDQNm/xxBVPqQjrfujbxkWwovUYWyIrYtTxm/VF01EOD1MlksV1LJL4HHsleORYziuPW+ZjGHglYLXU+CA/X+Uu/h6x5HhdsNka7H9FhPFikNiH5oDoFMjiQJ0NERDpoikQXDYjwYDg4PZpOJPvy8WKhy6IPEJA0yehnGDD9kXRZrPQQFn+DGgAm/pWpIGxk3z4priNYYhyQRoRoGJjtXoPkNf0gZiglnuEGEKPZj5VCOURxQsjTSiVXobWP0BXqYvRgCwkmJ1k1SypoJoidmUxzWB7kwSEMvamGRPZBlCTvEyoW28sFIZRThC7EU4s/ZLJ+hrQkiPZlj6BztjYmMfym8mPBXmebZOEZOuEJ4SLQfCKHnR5gazLLG8/WFDO1i7LyYicX+FMuAnGxSuZz0v+59ovRCaTtvXanJ8HfZTEnTO1nKri0rVm28dXocw+sUlfIMWKeqbHlbTIWKnsZJfPvW7SzLut1OlXGp/jKAMaNj7rTSzlL7ZZ9du+GapLFAirc0FFRP6dKVclzpvzOWdkXkN4zRmHAfJ68nUToajRTV7HbazRbyt9PpuD8YKFKrFOJCKkaizYIytBMQVgaN+nClJk8yJX8qptNJjiZghbWtwTAWxLGxDRnH+tEL3wdogBo22hv5WqBa/bRmkB6n9AiawyNZgxQ8bkRrT9xYy3IFNXUGyYCtsH2Q3nQyXEVkkgloVBKj6xtkeoeTpow2O700jVHzr/hmKpsXuatUsK6fA6Eg+0jm6AnuEQQ7o5MWWwH77dJEghhNIh5A6xQPBMTqQ7BAQ2w5JyZXt5jckWmqSCbhFEEypyex9iVKromYq9A4lIiI1D5dIgrlo3kEof21FEIbeApyL8SGn3xBJEhDOq8hMonXcmzygcE94PWBkWUiaVibwAQ1gJuTwP/JU+2SPNMPlP7lj9oss4PCCJoKiaUF+aJkB2/Epkfa9Yg09sea0tP7NOIWFYM7pEIUn4abptt+EKRZGvyKXjRSlNA06A9ZgFe/RbPb7vU2sDFI6GM9zR5VMnAFpnd622OFD7TzJA9SRNUwuhnuG/MH1z+MkkTEsHXhvNq4qnFQ7VRbH7W9Ge7vM4PVbre2zp8/3NkdHhzN8vzC5UsL1Xw0ekb7P2xIXL+hWn0dTsmKjCVk95ECz2OTOLzOcDoNRnhl36FuFa+Z3j8afurCVgrGO5NwC0aEPk6qH5XVE9jmXaizNbH434qzarZ1drEAGORc0sXqj/DX+7P5P3v7fSsC8NcV+BjBtxTXyFevUtAf0rkgwKdw+lPSyQoZl9z48N5nXn1WsSriyUyHu/v//X/21/I5ny/3V6wPAaKS7WUsv4fl5d763mtf+Ykfy5oN8WSmo939v/uf/1W1bzSI1uJ4TPaWUTH49Ae8p0IIn9+075oHloiApg+LWze6r3zmCCJRWk5r/op1rz1Vh1l6y3/XnXRMOfzaP35mNkPrcb04DSEEMwpmzNxQOGLp3nArG6A8iJqY6qHGv9n1m83PvyK06a20uKCCeAIcVcV3MizTiNtbzafPt56LIdnMLjbRiWMGTjRS9qECzkxnaRuqZfCuP8p+9pcgL2raexapftakuCoPbyTnF+JJNQhtLGY/euet2FppYLJkh+/4B7zfsKCPCyvYzlvxQXplcuM77c/mgPDGom1pPYi4DzMvKsSSp/wWE0i7p9a2SoY26ZxqnSAMk2nhi9l+pxUT/hCEdbZg/Geav5mgub/wVIFgF1RpUMAsYTu24I+utzCDwSpTGbg0j2+ni/yJtT9u5OLL+3F0zLKU4ozSfDSJsnjj2Usu2vKTnGaz+c/989/+xjffrCDGsrZE1lydJn3ju+/+a7/vS61mJp7MdH/n8P/0n/6NMQdcK4/F6tuaVOXDQwQidu+93x/nP/57viQeLnHkndP9iTNNf+Nv/6NvfePX250tYfGYflLGUt6S9h8JH9fBcQS5ly4O5mkhdQwNLW0CsNIE82t0MH6+EDo4DQsKOMdF1QEIIuzU1K/f8x5D3XdF+En/uzAft278KjhnGMK10zRAuIzIvG0vjCgPNJXQ8Xo026c95luGV4nX+oPRKy9cs6Nu6FfwK2RIX/ypqnI2PmWCutrE8tq832ptAYiEUXVsPV//1e/u3j8M+a2lIOPNgFgCgJph9kFPCaDYLOyg17Nl9dYYWBeplJGQoqY7Zf8cYCHBbAK8zUyF6RFnkCz8nCKtqWB+2HpkcILXxmpRUmcOIsN6XGtuYpcD982qWuv16Law4OXAqyXSTopJ5Ycy5AUGWJlNZ7PxRKXxcDLqD8aD8XQ0Hg/H0/EUD8oXFAbHylRAK3ALOu+O4eVZeZxA2ko7vXZ3s9vd3Ng8t7GxvanUOLQctQiRJd0GojwTFq0rLuZT9LCi2oNGJ/h/YeHF75RFUOA4QaFB1EjaqVrOQckrx+mhIDiFvtqCjoQAABAASURBVM4XfO46UVLLRqPVabe73e5Gr9Prtlot8r4QSRt9Z5HjrKCeSMfTMUpibYND4tnABkhHDvGiSpFXhcDViZTGKNwSQcnkgMOBFNaMxnSc+2n26xoYBONAgpWIvpsoZZjqVIahmJQyDa1nVG3T8WQ46O/v7u3efzA4OkKdNA2FxgJGx2YmWTcXqthHBmDmpaJk8FFXTLfYDVwFevU4+MjJr8QNVc36qi66aktkrTDx0aezQiy1yacFQT6vNcdoScN0SToApw/nsKcLUiAV7OA8V+tQ4YFBf3hweLS709/dHx6idxOF3/FMJ8EZRsOJEx34Br3ms+98jFaD+CbGYzIYNAd1W2mkyAHF0Ikxfg6F1EnoNiWTlKhEyyKPcwBvtkG4HR9YcBIecvC0WLQcyPrKNdJYgPk0AvxkRrFKQaCG3i9L9dJs72lJdMPVeTg8su0QxuIPEYMuiSEI1N8C8RMa6s3m0+liOplP1cV4prDoiD37jdRTdOtER6BJ8STAyakh0pADpe4AeBt7O8BWGxgt6yaU906EgD2LE93xcGjLlEtfnGy5wPJbWblY/t7JvlKTHjujk8KWDDnIM+S9ZOhzTNHIbqd7qNLBYafbUclfX86xmBsEnBhmIrX9GlcYGXrE5esRKKzRcDaK1/sD4NCh9AmFhKbEdqjrZqOlSKhl+kskyGwdEH0dHOxPp+NOt7XR62aN9NbNm/lC9Hrb8wl1TpFbVXkhTQVoWlBwIFIlyo3onH6RT6ZTkCxfQ+M73U+pEZij7t4QiRBtue75y6ba+ZVPa4bzcUprNqd2WITwTQVdHr0g69ABGH8PGqgitzsqrZ/wz6JQl+OzHZHlr/R8MmBIa1bJVt349dl4BgvZaza3tzeTLMrn04iQvja6kMyMc9hEigNnTZ6JxUdDabIYlFqsC3RIBM3B6bA7Yu4Fgh8K3SPJITtT9augVXG2szn67wOzZ6b9c0S216hQIUxOHiwTDpulraP469ZSWLPCgncKSHsVEVZkXnKEHDQXYLtQdj4Ws3F3RN/Ro8ldFrxZ0XWCtiPXfDGR9phcqtCcGWQh6qDDAok4bdKrUxpnaB4TL84KmS/9tv8vQ4+1ygYw/BBby+FsxrHauS2mc7XH0dKOwolfNBJ1knfjfcF+LdLyBUu5iX0iADAm5AL8TabdB/koXQO6Lk0fVezIYj7bPH8+TZQeSwkH0vl8RvyEZwUsWHwkPeZOt8fuHq3OgMUNqp2xiAd7B2pLowTWrV6vSWfn1Vc3trYU/3ewtzs6OlS7nXavmzYzVdVg/2A8HMgkufT0VRmLtNGQhWSiIML4fLBkJ1N1fGcWtv2T9Yj6GLbyE5s2YxyQ0WwmiyLElI+k+4rpfWv36EKn2ctS3lQLUeuhRBj2wOrJ7LWwEithSIkMTn5YH9E19fiNCd6SxuM0OJ8BYJzH8u/to8E/e+sD9rbt74KP7zaIcmkrKdQ5xkuB3cYL40KBcubz+etvfXD54vbmxpN32vjDN9/77/7yX1MCrGNLQuWmdpRr+anSBf+j9svf/vpvPfXcM+cuXRBPWrr55rs/81f+6gwDOeGtxsPCInsBIcrXpSzcl/INiXDvujEzNfOljGbz+OZ7nedePEpSB6on/dV1L7muS8GyrfyumxYT8fWffWY8bFBYTCOa4xEJgcqNpiZkHmsPPmfoUU3wyAUENWCuovA/eCe5fDHe6grvDLGX3CCVThh7JZyPJb+M2qa0k010IFdTT/BubQ2iUqY0XXD9VvZPfhlmc1FNJ5sBcXwNwXoWqZTP53t7UXsIT5592Obk6EfvvJnKhce/CQsv3v/CW55enrBgCf6tl2zhALmp34ZYfH78xvXk0ijeAHfi2Zk22vm1aEJTWO+p2Vyz3F8IYX2dmnpW1ClFSLWFkxMzhRV6zVsotfVcEA/+/ezX2zC3XQS37Mya9cbRqb28oQvxvrcWyyDmvyUSAU/N0sO4mMQrEdJjmTZn8OX9ODmm4Wcs2D587872Z57NOs0n3e5EsVLv37jz3/71f1QVQMrwVog1pJ3rjLJExwM//2vfffn5q1cunczfxuOQvvv6jf/wL/63h0cjP/PUipPa90ocXaPV+8H3vvHqpz779NVPQlCn3/nWa3/jb/zNC5ee99G+h6jsP/4wQM1VmFbQ5BjkZjofy2RRRH5sHSOq5JxI+IYfpK+keskiQ1uWIB7V0XMid/LEWJyYevQ5acMoler3vwth/VqiZc5K8RdHO+33fzUq5vY9c+Eq0oxXJIwwWugT06Z+zc8JahpHBPZsUzSljizPCzsHRxfPb53f2uBpMJS0/ro0YeD7KQEhKtera5M+r1By+VFXmz+bsq6171+//e1vvFMDR1ALOd7OofIkvLDEnGAsSbrtlhIF9jc2bBFtdGIipKB6MVOKRuecg6qR1olZwDyL+o+fKFXx0ikw1SMV/sjgOBl4gKo9zi7Q8zR6nmC/1iYwURKVjumz8LMoHxZfbnQijBwYyOE7nhZU+ko0pJiRkcd4Mh4q7fJ4PByNjoZsbqLUlnMSWgptusHrHfT6jnTd6J9Vic6VWjlLWr1Wb2tj6/x2t9drddDTPM24MKsSG8bWa75ekmxvyH83ak5Vg9DiRHrGNKAtNtwgmItIC151DB3bX5fD0m9VN57zp8SWFlQ7yhjR3KTbbSutmNIebW60FWS324xRCmOfQuYv6CfAWoHwv0a0HpqsMr6LUPbLBkNaz62HQiNJ/x1neWNcA5KL/dBPM2hDE3svIDDti0jbgGJcJT9tKplrS/2i/BnQZ/lkPD46PNzf2TnY3RsNBvPZTH+Ykov3YwKaKM2aNkzU5wFq1kXdYinCp0FwNyOc9140g1axOAkEzss+58wQAJat3Jq3QiMtqEF/jyo9UqMTIcTSngCvOf2nwBptF5Q2h2S/dNia3KsvFoXCCJPJdDAcHu4f7uwM9vbG/cPJoK8ww3wyJdcmEZmUaKsRsuTQsiXNKmijE4qwRdZPEVmWJFkWo+VJphRFUYoP0G2r0hlZQLPE3W4HfUoB1vuOEN5m0TI5ZhVE7OAnSmLfO5QtQG+Au7UjFGJXvKo/AxmApFiapBArXpd+Fba3jA2FgXzDowk8DM4MAeqzGe8Q+qagOYTEx7PxeD4ZKWy+mI7pd0ahDHLBSKvg7b39HK9NCy8gfXYBHOMBUOZNAy4l7IsuIoM7QaorLsYXmjmLIm/W3ARZhFZTd22yI1ieDv9W1pR3L54oHf/CY2d0IutKypqpeyjey04bsTJztfQuXrxwcHBwdNTf3NxQpIiJjb/2yohbonGo+jeNNdPjHXjSBeq+v1bDwbnAkT4DocBvNpv1j44mk4mi/VmWRRTdg21BtAiLtw1MlqKo2WxOZ9N79+5nWdrb7Ha6vTjODvb7k/E8iZvMJ0Uc6YokYYgiI7TSVZ9TWLOZIVKMcjEYKLZrTI6HWDWfWDm4ZOMT0N0zKKFu0Lh3Hv6q6fvKpzXD+TilEzVnBWb3EnOL9TiaeKDIvif1rXRYZl0i7lGvEt8DngWKLsjzHosiUXwp+qfKZ+1WutFrUmiTXOsjyeYEgB2cSEXj1CZL++JbzBX3FZPtsTCsuRXB0kfICQpt6cl1mYwoQk4sFMFUq7MRR6mqQbHKixk6Gyz4kxDrkHRkdCLYg7yUxACkINh3BuPvSC9+N3bYI03KKH4eb8bJBrxAo0m0Jyl0gDvBbhejyPDH0tq6gzGUMOPHNM1si5nxIMOVOGLEFpIuMNjuDJg93kaIkAcRZ4XMj00e3TJMk6aY7ItEjarifRpNpQMTc5xHhYkZeGxIQQt5oOm+NZO33AnDjz4VgY8UT8chctnYxwgOXMdpP6SZKyE8gYMj5BIHbz4fHRzFcbp1XullFc5LF3mBUKkPpkiWEURRiRtjwYGMTJeF/iTt7nA7B2q3qWZ/gpa2iFR7W9sIfHGiuKSs14qbjcHhkeJrW93ObDbpbm2qgenv7EwGo3OXL6XNRtZqUagRSaYn4JEUalZI4MyDWqMTP/3Q6CRIvRQ920zJTaifz2C07K3wyckGal4Ub+0dquG9isekNLjKso8TEKIaSafmi967wmAVKBORumy98ZUO84tyhIugDd++s/Mr79/OjVTDa4ArHmoLrf2Y/SSw1AcMhtQYOXCLIngT7egPH0BQqGOx+MEbN9Q6uPbURfHkpF//2V/4x3/9b6udj0ZQnBuMUwnOoOZKrMxbmZTU7Bu/8psKEb3w6VfEk5N+82d//p/89b/FvmEMTwIejqcrd2vXq4fqLUCC8GwvwOJRj/cB9wg0EZpOkze+v/XU1cN2T8pwDa35K1Zdu3aaa70AbR3edWldrbo+vBP/yj96fj7NMOgfBGjMCC9c9315hqUt3iPH7QOYAQy4Rz2k9hG2eL6Y/eBdocQrT1+CGnbW72ANtpJ1ZeqSLrPcx4mubXUb9K+isL/xnezr30YfJ8tW2IlXXv17yxa74nRfyvcWItqJu+LJSc8c3P78znsxe3gLjU6EXaEiBK8Q/oW/TINSwq8qvHCpIeY/On3jSMC97Cm8D32ZWFpjbE0Mf27aI6Xn6cT/stRPGUCq1Nk8NU7vfLqpzZ15f2RGwYgKuM4vRW/+qew7GRRuMRrU5I8ihOvXYgqv1uA2xI01A2cv1Mb+2ixZCHmQrrt7fBzSM4PoM0dag/fI2l1f8f6bty595RUgWbN4MpNSZo3H07/yl/7mbIaElftpobKSpNurnyzVvIJ2J7/6HTV0X/j0c+LJSX/rH/zyf/pf/Y88XHWp1FOnyqkvveQpQDmn0eq9/ta7f+D3/VgD3YY9wWk4HP+Xf/Vvp1nXx1ceHg/JRCX/GKorl+aqncJ2qgQNMM6TKKrxREL4NPR0Yvkcd1gIXDwdYTydcHMj60dEuPp1le4F76OGo/Lq109N71HWtPNW+/Y3ldDEMF1eo3VDHLtKeZHhX8Hri9DHdER4C7ZJZtdvXlFV37q3+9lXns+S2G4KLfvnX3v/uGkDn96YHBleQ+jjxDHDldqEKNdmnzoqu8THiUJxP/9Pfwv1TPxyUCGU6vYzobSBLZPMMiRi7JRWYwFxv+sOQpDTZI7LzFF1UhNVxzXb9EvSiTtRD/7HQv6SJL0khKiV9qxQ+pYsNs5EClSqxMCpF6xQWzAU8/kczU2MgxP2kMEn1vR+w5N6SXOysfot+wmTbcRi6KKaJBAiIluTxQx1lGhron4nw8looIR1k9l4MpugoJJ8MwOwAjlKaBGhwwBhpZyYjT6Xle44a2adjU53s7N5brO70Wt1WionTjBSNpbXliq6v4WWZRbs/plMOtCoAw/mUcB3lOjie7EGmYrFSWmCqqY2Ggb4c4USxiv96ywn8avEY3FzBtGskTVazXa30+ltdHuqAx0KBcUuwHMbQMe2CttFtWoH3wWfJeXPMnqU5NwhZs03+0oR4PCNaTDFv9CKWPOnG1xw4BKcL2lEB/pHAAAQAElEQVRFW1qorK/NmIKW0Ou/iGXuUaw0YlmjqSBItXM+X6j5HfQHR/uH/YPDYX8wnUxNTExBpx/RMMDanRM2jY2hSaQvpDOtMwNdv0qN72BubVSdIP2y2an6E8ofAq/DNfWLcLdhLlcbc5RApRaKzmC1e8nZS3m9kDUnrh/+S+YCKhfeh/lfMvkk7yYKyShdDymCIqGnajGZjgeD8eHhYG9/eLA/PDxEc5PhUK0ABZaqXKzhK6ILAhMOjmMc8KM1ifpD11bqL2WLEzQ3SZNEEdcU/xBpJHQWWxumBGoTZi1clmBQ1NpXe47avBA5DqOUhPC4D1VrAtZtDyuA/Wv6IwUGeQCxpnUaQiOzuqPK7MnaP69P/jWvoKCYma6CsAIbtOkz7R5aoMhCeV4o7dFspn4X01k+nc4mCl2P0NBkjBHR5tPxYjZVOh2B5oT8h0ZFWmkKxv7Wskrukk0IqYhnfAJlIALS+RjAdrtwHwQjYdY1lFcwdU1/VTJp8YalVNJcnGgHBj5eAlOPuYCSM5dTbO5szcekJ8PohFtQqun4yuTSfCtWVT9qyTM7qOD2SGn7ZrOtrU1ffFDLnwljvMzmYmYN+l+p/fxaDWdIAC0K0/Ht2J+Y+vQMWbCZoumtVjNJUmHIWOFidmgGi3qBS2E8HintZjNrKt7n3LkL6u2D/YFCcrjc8HlivJigdavQJ/fR20kso2bSbKSJos39wUB1eEHEIcI3GN9RqELieaQwOxbT/eraElVSepKnNQP1OKWTNmclN+Dvc+qKEePFBdmJiN4xngZfVBpujJeEnkTTCL0dUrCBFieKK5vn+Xh4OB8dbrXSc912KhgStON3pAyF7iTzfQpUFujET+39gPddFHmNZPqSApbRnisi6wGKw8b8q4JvRb2RVY/jLIlSJAPo70SqtTBbYPRItlTRTCfYhaYDc5IhA3lS0SZi4T7SuDPA/JicIgI3D0OYkJuuXMMjgn+sHbc48LZclFWNmh2EMMw30QjiuhPaLOmBXgbnho0+ZSLb+MViNmMYi+wsnjljV0pVPs9LbKrBYTsZUNjRG7k3lGrzI9Cu3MYs8/dLnhDU9UEa8xRBYZgEm6Ur3o6ZKccieH3XagYI8/XGDww/gx9TOyr1n9p4pVlLAZhiEAlKCx+5ReYrJrya7rr7hm6fZFebXH2r01EcyNHu/mwyLiRsKIqDfKuiRlGj11Is6XB37+jBTu/8OQXyrW738MEDtemNkvTiU1faWxsFRSBUL0QWzqE84hBINE5rdFLNetTw83ikTiQVilkIUMKO0iOGmGUvrjs8S8rd7g/f3e+fbza6jUyWI9QG0cdl6ewXJikq/lEMRQDz1HtXestKaAQM4Jm0lHycEIG3bbg/HP/zdz+4sX9U7hEs3+FBzX25tE++WElnml+KsOMKS/Hhzftvvv3BpYvbvd5pAt5/lOnmOzd+5r/4b9747e/UPrWLOcxZeru8kpq6qu+++9qb3/nNbzz93DNbCtU83kmN29/5z//aW7/9bSGEr2e1xg0+wrKZoGXGZgl5b4GT9gvhcQwWcXvIDsxaI6Is4/fe2b73YfbUlUGSlXB++ddUebLrMIEIviDWZwzU0p0ciW/+wuW3v39ZFolvo2zGwS7CULgOPisurKjCfwR6fHUBU9KWMU/dLIj8xq3Zm9fjy+eiDWtC4WEnz3+JDJ7V+jgR1Rr8MuZZ1ceJq98vE9SzdwjffTP9xd9Mbt4vz0N5iMWZp2qVV4r+s8XBXtQaw+MeimJjMvjy3TeujPaEt6ggRPMB4fIKgHsqbBHw2LjwU6txG2a+Or/18uStG/GladI19iX4QF8LYagks3zOZ4lHJTVVNeX1UwYTPqlhPufqFFZx4j+1+jBp48fpOlXOedj7d+Jf/3J8RzikJMDDXcIxqv6yrXkk/P2P+bFoyn9v2cWFRXx5FvcTOYlOLX76iNLGTHxhP7o8XWcdPpK+5NPZB7/83aiZNi9ucvjw4Pz6Y5xIW1Qo9f8v/cI3/1//j/9hNl9Yoa+oDFaAMMvPlpddLoXz03deu/7Lv/mDl567cvH8pni80w/e+uA//kt/819+/fvVR/I08LXinfog9/dvX/+Zv/v3x3P47KdeVtJL8aSl8Xj6t/7OP/nLf+W/ODrY7XiBdYTDQgFl8MYgxHnL07Flesmil07HRZKj+tZwMdoHSdnTiY46Yz2OiMDTifnlfOfjRPspIZwfRcDnXNxTr/6o+l2OesM1TA4a73+90b/FTJjhpkxcHLC8L1g1hc41KirwLoTfN3NrZBnmqa6aJRugxGvf+MFbSu3+zNWLHPtCMs2q/Irw182ft1eVlWtZvV5CrfSNLH9LS56ZmldaNZvNf+PXvv8rv/At9EuhSSQE9dYuMwBR4lFElV7WvNhuq717PIuiYbdT2ISRUCSfgMdD8HFUEqQ4km9vl7RtHfivJt8OA5aIcZaJo0v5cg00Vy2zTHDka6B9Lwus8EDfG2Rxgs4nAJqtFsdDSdDjtRnDig7bykzshXYMXE6ax1P/sWOU6WQ6HSvt8mh4NBz2B5PRWP1hFIaRUluiMFAuCi2O1iJVcwidXGCzjBnNT5WEupm0e0rf0t06t7V5fntjq9fstpMsZtfI3v4mSBQVniPWoAHIAjs/p4hC6EqE+UkTXAusBNJMJx+/s2wnlGyMNH6gsbVxcGxUHS6DfkBaLSWfbJF3k3a322q1G80mudWXJFOeo4MTtZbIuwm/K2VgQuH/8uDrGEOkLNPeTawHKSEDSDBt9kHEZOtHwfHuYKOqu4mfQDG+9oVDan4KbRJFJGdeTCaT0WAw7PcHh4eDfn86HuP5H26qYHtxNjlAlzkA3p7ZsthhG2uhe/lKgeVraMlRYcnPlrzj4kmt8/Ul73o55TLi+LTe59ilUF3FuoOnQ2/L2lT+DmeU+2eE/qz5JDsLclFSSPT8M54MDw76ezuDvf3BwcFYQctolKOqolCFEjIOQbDRSiGg49Lsuszmk48dPPusEFeMF+yiSekpohi06/xI99/EyLNbSU2+RWka4gAahSPjq5NXg9saiurILYE3v4bSult3eyU91Af1r1hEDt5buqt8gLcgmzkMi7PIZ+h+Bv+m6JVqNh6RX5Ohus3RLRZ5K3cOy42pihDG6EVUxHX1bQKvLITcPpvQSAgpEQhXp998XciOQ3A6xXA1tQtBrrhbkiprwF1DhbGRa9SjX6hf75W8GmRy9Pf+b2KNtGQITpbkGnXo4+phSSabfg6sgwflUkpgl5/UtrSKiYgG/aObN2/dv3f/05/51NbWFrMpJfs7O9C58SJAUeGaiDJi4ZseaeJfNWNcKz63ZhRQk47hTKTmvWZocLKzs7O3t684j+eef25zaysmBxIFA0FkzF/015C0K4Ztb2/v1q27G5tbzz//SpS0b9/e//73buzuTYt5Q0BXQkuR6UL1V22N0KdTih4lEvVIKD5HYcbRdPbunds/uHF9dzEeyAU0s6SlRCxt2s3Eksg7tpZ0yYKdvjCvE0U1MFdGVSd4GgyQWI8YflRJypM3x7CHzFVxXojBC/1bdnaC3r9ylBHpUxaSbREN76d1dXV4oQZZyIrVrSHDhQXFPNdWhfQEcvRUkcg8ngybw51nosVPvPjcV55/9qmNThbFixn6MlFFJ9MZLi6CeTJxxjU1GAwUdVBcYKNBTokjtJDQjFxusbOCxmQu5GixGCkIRjMVRWXThYxncTKG6HA+vdcf3D7Yu9Pfvz8eHRZTmaUiywBBNxUIkGS4guxDkmWNrNkk9zxou8y95D1NQWtUwT3xB2jTGZPfRiT0BXpSmaGp+3AyHguyZsUIl03kwhnmsc1kLa42RmZ7yc5FDOpAQ1LsKvqo6LRa3Y3O9kbabjq7E+0WXt95UBB72SdLkpxqkC/KGVaUYFTOmI8FmNrFSZNci6sEn8iaF4VlpflpxKF/CLWpUcqL+WQ62D84eLAzPhooXoEsgyQFNjIbEsEuJRUbqH238K4UwGxFaGNf0EkINdepmiDaJiEPF6rhTYAnQcb0tn5qykJSUCUygI2i2WIRp9nG5SsvfuGLCizSVquIxAJhsUD7qYR2mXrHJ3nPKa07XADPWlayBYwsWEVRNFvZ0YOdO9ffP9jZbXbaL37h8+cunJeJyJNC8aCDezvvf+sHOzduJmnUe+pis90c7Ozfe/uDjYvnv/ZH/9C1L3x6Hileq1Cwjl3xCJlPYn3Bt4Elf57KfDcbN4rVk1uHzz+R6VwitxKYCtjf3anCvY+uq6kkohEnKmcyt1utZzY6T3XbPYW64riZxMtfrVbsR+Qp89Oy3kuKW2lecZJxmKzJIh/ni+F0fnswvnXU3x9PRWmja6QGRkwgNCWif8mHoeX4JZmZ8wXTrgLcERzB3nEph0Mm0y/atEtwOfr4i0ZN9MqFcxsvPHf1macv9TY67Xaj1WqKjzuNB8PR0bC/u//BW9ff+/6bDz68xfnSKnf8UfSFB9Ltz0pFbL5HtN2YW15BepAqg/lwT/n68rNPf/pLn3/xM69snT/X2+y1ex+/W4VRfzA6GtC4vfve997YuXkbjF2EMWnQEmQwsnhvL2UKMALmW7PF9t7SxfhHu8p1Gl9boVfMnG8ihFlsbQxeffXg0rVJq1vEGYoC/CV38l/wjSSW/9a8K0zfi4Uo5mI6hN1bzRvvbg76XewZE2G3p/V+vY0u2BFwQg/31JOHaAFmqYDdxJsa9IRF5sZOXnzhXPTitey5q9FmB1pNaDY1AFfAQLp/YVkZv+xJazC5UgwnYjgUO4fxa+8kuwf1X4C1M9dL3tr1cbSXIYOSe9C8HW3ci3qjOJuKdAYfv3OFNF8kxaK5mGyN+hcmB705x5sA4Q0MiODOgz77DLzfoOA6RicyuNa/0kh5FOq7FV94PX32enptGPWmUWsOTRHIx5mlNOMu2S7EoU5hnkof59pr85Zfp/80qEdfylTOMjnpiNGzYueV6N5TcCRMMGhfOkgIRw8L54OwCEqPQogP9RMIxsjVCCHAhsXK10dRvpPK3XQxBjEHOX8MfHmkuUgK0SjEuVm0PYPeorzkV+EHWV77wePa/bJ+JMLFavGIe9DY6l3+0Zc3nr7QPL/Z2mxD/PianijN0dHhYOf+/vvv3/3t3/jBzu4hAS9uiQpzToSvNfxqZ57MWuhjzEJobo4ZEgv00l8BXEB/1sNwSybpuWcuf/VLr3zxM89furC1tYFqL/Fxp6P+aP9oeH/n4Duvv/8733n73ffvihpQ0aPhQ4f/VAaws+LF4NGKzdbR3u2LT73wqZdf+PSrL33m5RdfefG57DH2faJEOO/duPnu9Q/V8F1//9bdm++cu/Q8OARWQkqWCpQGIKQOJqs8cCViGuY57pcux0XcXzTGMs0hLZT0Bzh0eOjpxP2WPKOE+UGEHaBLfeZe+IUFVDyduHrwolhAMYN8HI120+H9ZHoETpzAVCAy+4s0GQAAEABJREFUfJfJ4s97LK81OtFf51vwaIiXr2uyRicmR7gK8RNpmly9fP7apfNPXzl/9cJ24hs8+ZO3jJaEZRz7WgVyqK9gKZXSdTrGWOnGFXK7f2//3t3dnfuHC+3gJKzLqneh/EkpPeJK/+hVXSaWZa5DteH8xYuNRBykjf1zW6zUZ8SqFN+NhlI6JhzKAYLRAF1HSWuFKaS4ch0tSk1ibYWtHOr8mlQdhJhvytXXVaHQMl8jpRfZuMS2if/V0kuVplM2hmClrPNuYmqz2hmpvcjoTH7Lt7cga4PCfFQ3A91d5AXJDwDtJ+b5QIkflQZzjKYnc4qniXYW6PlkIfmwm2R2DLR/Ad414rE5/KO6C7U6kyxqtBsb25udXjtrYBwlYbxka+ELT0ERDqaU8wV+FA1B5tqbiMy1vYXh70Sh4xibGQQQxiDDBLhhybMzOuHyiI6ksO5JWFytriXKM3WsjXavlyGUZlkza7ZaasyR8ONhOfK+UmAwHZRxq4Zh4zHIDs1rRGf9pR1z6V0b59AFIxmWTErHKhdGWYY/xjwIK9d9YiG95Ajqep2JEBTBwI+ecX2WUWkDMh0PnTswR68uaMgzm1GcpoLdtABFP9dyM6XGcntfPTmCYwZpCKJ86XPi5kSUl+y+IMyTIoT/8LkzRvGXFFdVXfhSnw3GZhsXOLamauElLJc4vuSxOMeHtJXlImknuw5v6H3b2k09plEWCUHpG5471SIXpjGkukQf50gqC6k0EaP+4Xg4mg1HaMGQF6hMQHSBr2Bcrzg2WMWIOcBE4kM4J+eHcQpk8BRzIDAi3UYXQ5y2UyLwiEQoWpKRGVJpzVGEN0Rk5qU9Z3A3Sn0sj+0yVpKwY93YLZl0rsfJeHmmagmH3RZ49csiXLbS34DrIsLfHjB6QTs8/WHEcQX7PEIXUAuFymYFKQjJWE8hzIXxkwTsPxsNyRi32F1+Ydcat8CHNz/gnSgPltkbAQQGM1paYE5ocCSF4HVzp8XePGhczMivvWGpXRoiCLymJerHJuka7zKgXAZKhSu1lJdkndFJTc01HXkcjU5EralfteniuLRiRozwmrQbBfs1UYO4u7v74QcfKFRy9erVixcvTqdTFlPEUVkrLynEoHoXo300GkmSEoC71uqtenntglXwr256ZODR8RNolirn8/nBwcHdu/fGo/H29rkrT13pdXsLItXodASZioh3DkQFCz6aOZnOb926PZ5Mz1+42Oltp3H31q2jX//69+YztY/YENCEpDFTSh/IZJQCxhjLMCIJEuA5IaX4fn/y5u2b7+zd3VH6YYWPk6TR6qSpUr1HyJOQqzQrzDeDD8Z4n/pheHiokYN5A+SzDisGyAzn45M0B2iImVh+YfkmWbs/xpzC7kNMcBa7SzG4ns3qZOQhP7+iwvs3cqgfmBIX1Zb7FUj7XXMjdDO4TglIdnMEkHwq+0eb8/zlVvvHnrn4Y89d2WhknaQh0FIbvZiiwQiFqIjZowV5OhkMBuq3oVjbNBMJmpTOkfYbrIWS9IRPA+aFGE8XE3RnInIRzUW8gGQOkfo7Gk3uj/o3j/Y+HBzcGh0OVacaWZw1IMpUQ2PF+KPnQ6xSEf44w4B56oNq7yKtX65CcChKvRvXIgVyxof+/2JVYjGdTSfjsWrwFJnUSFXTbKQNVRX66CMWuaD4cfPFbK6Ks4W+QcDEGahqVcfTNGs1mp1uo9fpnNtsdtoFOV4BNILRojtiPSJj1nq8x6ta8DdMneKZcN+Wo79EQKuTZlN1STqFtITgQN5xa2k9rjIUzJbeLCxjpReL1LhCDdpiMunv7+3fvT84OKA4hhHtZ/Bd+qUwS1oKyrsUJPt6z1MQO7DAfLWHiNOk0W4mjUyPZcE4Ry8+K+BzmgCpTxgYsatko2d07FnItN06d/Xqleef37hwQUbxeDJWUBOlMYJYnOj5IleZvLEMjE6MugC0AT07oyoUelWs7eHu/nvfQYcHrc3ep37kRxqdlmjg2/PhdLY/uP79H9y9fr3RaZx/9qnexsbtN9/bv3O/ubHxk//OH9945rLIFNFSABrzxo83pWYe7QZec9MhyXEFzC0NiHbCEhYNkTCsd4LzTLiFjze1I3klAwUL+8PhbDyuFgg548pTGRQ8tpArJ+XKUg+f1p4a/8Oymm0pl0/CjKWjW2LS5ktpdBaF0BtLjfcKyTm0lqU2JZHO3IRWvOay6QIQ3gv6pa0D7wTYDKXQpiqYT2YoukJtxUK2kNLkCFO/lN4FfY5a6NnBSF24sD2ymMSpIoMx0o+lNzhS1o1gKUd6o+qGUngVuWEV7g0HklIGExJIOPxF7j4kKk1ZBbi1KUAohr8WHkcM/iNw2MqaLgi91fL4SCMg59oh8koK7bUDKzERtAEck2lvwfdFBa6t4Ait/0VhZHseliwZndhKTC8ASp0Vrvf+I6gbLy+zgn7r8qvIFWrfhfryRrih3wTbWmMSYsc3MhNj58YOjt0V20lykwh+GVcDF3JzBN7wejBhW+e3UJg2eC0Hr+8iALdSf8s5IOoqEEtGr/Jg7cz1Uold8vFoiFqFW/LS4QkZ4AlhxScWA/mLP3jqsXMGyTkSVIPJ/GY4TAE1fdGpPPDgIwP3aycNvN+g4HKjE1f2WKMTLqn7Ib0I3uavkGB7V7gLzPSMk6HQAw4GuZuvmFUYYOZl695DGGZ9uTHh28h7wUNNBu8Jbxzd2nWoz9Uc4ig/X4SNq14sJwIe2MrKgyrYSr9ACeRFzTNzL+vrKL1fZpGWNNoulaUla3c43oIKWi5L/zvoku7arVBbwBfT0mbGfZ3YHFOm0K+whQfZgpgFTuAqC88QpOA/LbykR9LL1+yUNiih100+vZ4XzLhJ/so6RifCyDwtLpFuVHyOxA3FqjkLZsFeHoNYKxuNFeXL+MG/LP1TLcCXMihUA3RyKfckS7xWuQFLnq7aSHnPQCyjWP4+r4xFHT4w7Fo4nj6mEh4rVIfJg+9YXk+/4OE611IP1QfIyntRiHrmJSznpXAeqyvdH2V57Lq2IC0rHwkqqZ+7sN3C62qYD45XBvCGCMBjxzTzZBmtNYxONIvmTF7Mb2Q/QDlGwRoFrwvhmxgbsmNJkfDa5zVQhMTcJ09uHGzHKxQnyCQ1rnetrwAqxGuJHUZpedQ81xQ7LMCZUgRgK1xJKUSlN9wy/G0029ub3TgSd3pbwyxhdT4dfEcRfZrGHKDE4UuQYUVlAKnKUmo7e2wyMiJdqVhuYuJ6VBJQSClEPYmsNvJERicsgE1S1DjMZzOlOZwqYeDRkbrubmyQmw1I6SmLZzGKu2VSwdXJn7DtlJ6PWDeJ1DAKjI7F5vN8Np2hpnK+mI4nh/uHBYqrld5DqzYFywZzrk1QEHbj0924lcW1EkdKuhwl6Ms4bcS97Y3tC1soHk7sYq1N2sZYYgghsn5AiTqGE5rPcmOOoyWKkqwiyHBE65vpiOOCDk4WPqvE1Js+SlyCW6ok0iR7i5zi1vMvOg9vJFlTiaebva1NE/sG2CUJTRCrenPtHwVdpOR2oqlVMY0GlmPTEDCmQvwPORoRUrg54iSERbSAbsUjtO3QHZE6Nv1iziH/pFGycscCaLQ4D8eUHJxwaDNyNIGCIjw+OlUS8elsjKPLdjMhLtcMjRYpS/0lzfHoplbxtwU/3jQsC5pj++QzEazwLly1so6mSSk93CM0woMK4y2DfZqoYAq5BqGqbbqUx7/h0Bi4j4BddNLUUtjmCrEEl5nqaktA8L694c9H7ompX7KtGASUXIpcf0mBMfK4OOMKVBQSmE8n0+FoMhpOhwPyE0/QPl9EFNSCKWakbQqwf/oQNh42AgyOg+72keJSlJyYDxFg6Bx0t5Nq+bnlj0iJYRCLMI+AdLh63wqexAS8YZMeVbWD4JE8WE5T6ge0lORSoxN+alafHlHezdjqiqAVemftbI1MOVLbGMEEhTvQq4MM+3jFF0XOyAqHCg3Q0HBsTkYnYDw2zTWqJDRtjAgE+a3xDFGlVUGTIFnr6YQRH7qOC9MZEWIYP9a9xgz8LT1rUpv+yJpR9T4gPI7CSF60DlcHI2bmx1tKUdWsx5fsrkpgP+pnrXaQUK4WDN61VhNe64//OL9rLx/L8DpQlzyWFNaqqfJC+LLl3xWOyMmAU1GnRqPR7Xbv3r2nGqKukdGhQ/k2XBX4xM0kpqm+kTIzIkIzPcx1gxOjHpeiWq6WKpbamhUXm1IpKwzXbDYVPpNkMBdysHqroPCqQoGdTleR2cHgaHOjl2SZ6vZkMp2MxowHJfE2ZL6FcS6ITyDWpkDjrYhU7a1OZyFgOEceTSnZWZVLQcwSHiUTtlS4rajZSHFnzKYKggaKcieXP6yWFo9PAttBb85rL7yS4O/MfPiMPMAHs9O3gdMcFwnC+3Pg6YZexiEElnamDFQhlHqAaucUpNlt0mYQmChFrNyLIU4jmcWyaGdRq9FqKgYcYhKiaU/UkeSoYXiLYe4oppVgSGOkTThWRy4xrBsVJpsNjB6FnEvBenviLxLiLZXucV4spsVsTm4teI8ttFMGwzMKNFrA2JjEPpOxPDlH1Q+ZG2YWXf8P7CYlQhaWTpMC+tpgFtsYXMcceE+YAJPMRjvFCbCYkCtU5JJF3QVhGzRDiRMBTj7HM+1kNHrgPfarwolBPRxafIltKfS+julxRHtgHXU+XGJntZbK9bjdhRd7SLhB4v8xzmfE4WIEWt+rBtvVoTrAh3CE5c9CMZlB5cTf0Gyi25qEd/tk9eMaZnvtdd8sQZYFcIMYNhSnqHjO6WSs2tbpYIxeBaIZ+rlB02WykddrRtgYiHYgwKPu9pdWscKgCdr1Jei6Cl3DTVVVzW6n2+tJqjPNGtPpZLGYzybTxXTW6nUb7dZ0OJ4MxocHe+euXk0xLmyqgAjlx9hp8Nh4NnsRrqOVCfLyojW4kNJ4CbESOa+Fuh/vlIt4Iy6QoqaN2WRcX+hJ7ebJmw1LsmBJOVj1ZinVsOg+J2vQo+PFnS2e0ROC3WoaBkhKhzutaMOCua2T/9Gv24rASQX0j1zSuPV6CesWDD9aLe+Gd1k9sGymxNkh+CVfFsJHdSXk6uOEMt4FD41b/tGid/O6+YS9cLci2JeX2+DeAtcY4UiI3QoIb5cRvu84p7BJEHbW9dCbIv+RPwNQMy3LllMlE8TxJcHvbPgEXCWuF5XeCQiG3TCjpnI3ppalFHowbc32qXBcrJlp4ebdvCj8mfKByesIQNA9D6rCbgcjURogCMovSUuxO6yR85AJ1sWgx2KEGigTpZF7mFSqRIaLICgBlbmq0VOV34JwnqHSdKhclJtXN9FLp9Z+14guwXbMz6/UAHWZYum69xBGzXqypcwLpS2Z/0h4CEqYtWwXir+Gygg5bKJYb4DWSmcCWccT3Yet8+NNsnKx7HpZSRk+kp683eooqvnetWciIb16ZFjP8radcDBPMfbHQFJlowEnqUquuITgOwcAABAASURBVFtd9rgkV95WSsvaMiwKXf6avxtbWjRgu0oXIY4FUR5P8B4Ix01Uyvhvmhv/Ez7dBu+q3CAfPwXovtwBv/AjSrVrrpS1phIPk+1SFV5BBNwrhOyWN6AQ/qN5K828cohz96Ypg8nF7hFWpOLdCiuDAfe6sEIkr4DPAftSFEd7AlAEnzy5cfA77o9POVNWClQsTqQuJupGVdROQJAJ3hMf+koTFj5yF1CqXw2ykuA0MxR23u/2JB/HLqQSEzaaKR90N+NmFR0Sgm5H3jBUl2Tpq2slreizgGQqPE5hVFPJslRtZLV8KD0C1x5Sn1AMlFgJwwZHR/s7O4N+Xw1Vp9drdzopmuromCxUS+RkrV615QsDxh4fxHkspIsV8IxHk/FoPB6OxoPRqD8Y9gfzCRqg8AE3+l+ANxHcWlLP6GBZ6NdEoB9hJWxMs6TVaW2e29w4v9nd7CZpRDYo2h4DRJ2KkI7bkesRsh5Z5MbCgwS02mIjtlpuNp6WfM6u0BpXMgEpPBsONwcediK7lhl6+SDhqla6qmHPGg2l2Wn3lIKoi6PdyMxQC47QTi1c0OVCO1/hZvDqc9Oqvx7pMDqx9Z6io4eYSfdNI6QzTrL2N2RukvNAaDsW3RtpcZuZDfMhNpShKDpJitFL0izL4gitvqaT6eBoMFay09FoOpnMpnN0E61jFbGUXcfc0H1hizO3TNBgzPNrAqI+OI60a9YDft+ZUkTIinFn5Ba480LKoXvBHBJ2CXyUAyzlriA5TY2OWdRQwi+1NmSlMuumSFpltN8c79yVkMWxtQTGE6Ie+8nwmZH/W9Jh/mGEAZ5NDDlHBzKuBlrnaC2ioGy+GPeHg729wd7B6OBg0h/OxpNiPifrbFzj6LaErEmsLSZpmiiSFp3Sx4gT6NYkJecmCh2kGFJH3WIAnoTOJ8fau1hklQaWfJseaajjY6uWvpeYLIuLgrUg7DtR5N4CKE/nerML5ZKFVQEGuJ1QEev2jO8Qw7iC1CaakSloJourMVSdHMCb3ggywCDLd8I7Ssmt1qzSjyxm6NFkQUe7KSKYKFi/hqfZMQQBKbYoSoGmJmToBsKyMj6hNSYwetEGtEk4APLt34lYmzG2g20pjHQjDauG2Te41CjdMHVEmCJzmK70dqVKuSS/9AdmN1hqi0FvIrwPUijssAdhDMKUYm3GALzRf/ICgp5xkprCsDGp+u12u9vntvtHR/1+nz2g1Abo5VeY0itiTLwB2HqYgnH1AHCK3XbpW2RMChTzAS1jNjY2VM6D+7v3799vtlvnzp3z9gM6qqXQB1YKhQIVWsiy9Ny57fHt4c7u/YsXk82tzVdevTYej/Z2RwIUGCgyrPT6Im40SCcu4yiLYolBg0QsKUhFr9N69qkr8xTEzr3d/pFC0wsxVZ9KKMgOcmCMccBZZIZDbdHMD1OQAKA2V/+rf1ywKABYe8Nw+vG2OzL9RUMNiRtmtoJKYDiTVNGk/rS4vn/QyRaKh22lLXIkScbPEVproJGS4vPUr8wVCVYcIVpNKbpubAuY6nBESyBDdraiUvlJgg8LSMUcQ0kig03UTVEWtSO5mHTncV4khTjc319gWOoiQl+WBP3szIMII4YjipgHIo8rWcQbBuG2QNIwtyqfzaspEJ/iHxqipbqI9GCGlviLYiaIX41TKZi2of9GdUH+WjDpmA+FnS8yZp9JtMbEeJiqUegnqZkBMiSJPkcihOZytR+bgGCBNaMWx7NuiIho4NSX5xyfC91F4q3ixz1KZjel4hElB6vSOCHU4x1pDTLTbBk12m0yEkZfl+PBgPw6guaxBfsIAWO+AsLY63gCMYWE1SYGOBhZNE8S48vx2CWj0WYUCeMuT+HzQjNRcj6e7N/fabY7565cbfe6RQxT3B8u8BwAuz4gpIe7QelYQAVyURSoti1RUGUVKCuu9PLT14pZfnD37sG9+2qP3Wq3pcjREV8zuvzCswrSbg/Hg519BWPbly9tX70ye//W4d37N994+3PbX1XAB5G27DJbTLY2sZazYCegvDk8VeIjKfDoYOWxSWrujnKxlYgGyGmrNR2NSgXgYcbxY07r0WGAtSypqyNR+yIIP+CW4YYN5pEragW925H+TrN67RJjCGNHaCiohwGAHdHpp37NsvrL+6CQO5frDkU5C4T9bthFL+fYSk6doCrLkGcGyMcC1dIC/lyWHxmuh16uqUFnuQ1suMFbcmvfklDz3VOzqR8Nf7vuV+yYyBri7leix780lKUH2jDXVeRVa94MP1Stb2lL8cVSi048kGc++NJgqY8i1a/Ck6MCX8J23Nou4engFrxlWboI0ilHfflrp6zwOAQNwaO1cV6loA5u9fCpjItK2f4q9JZV7Vsr8GfwRVnP5J/hwpEPXeARfPPs34Sz6EjtwloNxsd+Fx7JCK+fZOnfE79/wheXgfSjT7J6K0/Va/nQE2b3lTVPTj84YH+WV1j/0VJbILxcpkOHSvEVH1vWrZXwX0e95NJCa02LXLfsI+cMa4YNVpfjW1me6crkQS1wwaoG8D+wvPBxSfrO9q0PsUqp2qqh9lbqvh47Vf72b+UQluFakJuTZgNVBgdxssgxTgrqGSNIsxQPmOku8J7340Fbp0vy4ZFUWJs0Z8ZZh6I0iEM8AjuZjMdK0ahymq1WlyxO2NMGvga+HE96p9eWJ6fBpS/iEUmBQRjQgmKqtDbDAYZNn0+nixkGSJ/Pc2CVv5MTRNLYJphR0KG3o1ifakPpbZa2Om30Jd1Wwu+20rdgiAySNQMYGSJVaP7VF2QxkpOf7MLq8ID9c6SxXns8XoXefKFfE4rQYIO5l4xvzGRJY0FB1VKYJwook/Mn6LhwpNqsBln9JZk21mBHJejsRWhnANK4hjUHngNvJfyvGS4dPSdiYxOI/Bn3g0EYZbu02nQuwp5X9DHJolgBeBC5xCr2yJ55pm+pyeVAQtMJxmliWxnqTkWGoM+K8o1t1ElTnRNoX8GsO25LyiW9k6fjnx61GH9F8mVrhXReLuSpOgICquRS1ot+6miMT8qAUQWrYnD+8ZRmXpAdCQrr1fLevXMbVUOLxXSEhz/RhAv9/hXku5zNGtDtvTkFrmeHdJ4K4hK2mcPjspFeVGzzgV72I7YWi51LXl6nEOJ/6RCCJ+2q8Eme3clqIXwFFTzqVAJybz8Kwb4btEDWFON/yYOSEIxuFsWCTOhyVBSyayX2IYTqb1IEodEfhi0SdJyeP2Lic9GRX2oFu7guKJiANmrhMkIvPKII0ZoibtvNJYVLW/HVtUhRGbEKN/F4pGNbUqw3eiVY/d1udGLYCuc3R5HLy5cu9Y+Obt26lWXp9tY54yQgeMun9KjWnc8TqdiP2JJkIe0JW6lvQaz2l7k68Qab42gyPR4Ox4f7h/fu3k3TtLvR02EoENXqSFlKqYkRJTFKAGr/W63WlSuXb968mSlV/aXGpYvtZ589Nx7dGQ1HcZrMZpNCpGnURFvTAn29RdAiy16KAqJwdL7YbjSfu3hpNp+NB6Ox4pVmswUJo2OZxVmC58OB1K7sQ0IEAjrwkdEP08oUrFIwLh31ponNYFkZxvyxrNtMcQ1hEDCquXAMkAwLB8kU98uwhwxp32B7b1B0XIrxQu7k8Nb+oJnej+eicW6ro9T2izkGMU3Iax6yyjr4TAwS7U6QD0bbDuJSY7Y7wWJ5QV4MjSNEotktwFh3xDNibEmVtYA8ieKtpgL/rVYzUUArDw8O8GFOkXNykc8hSdXmACTattM6R0YUpjOVVyBjHLPxmGWVtBU5aUFyCgSL9oeKg8gaHFpdra/ZfKrKqSXPxAsaDbRjVZUV7MFlwcFeJEgfUUgKGzkvZrx4J2i4kze7XQyqgpYrCRFS0BsbTMvDp6+BSvTuJY7JxESI2ZTsTshYhj0z+VHZPqJFqXGAtJIMT5yACDKGpNXsbG3M0a+dnA5HFEaRZwiHjTpuI7NqKzZp3atGPCoRuV0r1E5D5WXNhoCl7BdU10AcIfhR7Eb1iwwoDeNkOLz/4U1VW3erO5M5wQj6eMpxtjkMB8fWpO+zDz5gRz+RbqrpqsqKs1RxV3IxV3h76/z58VF/Oh7u3b3fbnfamz0FQmmrkbbbF55+etIfzyeziXreHra7nbSZqvVw49s/uHDu4jOffUUKEy3EbGbMxtgQKY8BXcKnHm/A5Ab8d1M6zOONOE8AGq2uAkiOEVZOcCK29fFJ8tRrvtzjQErnXQgwRMq7FiFfbh5riqJ3DKw4ZZGEftWuHGGFTYheJZuWkN9DD6vI4Ltm6xk2+Jhe6YKVfpYeypWV1qeHL1oz2JW7FV9Z9ugEDVuZpGFWxImTfsuroVzPsnpL+atvxXE1GKAx8rV665RHkYJJWNrZilystuQxY6Wp5xJBVd3Lmtn0pkWulNBJY4IO1TqXQInNOa5hlVeXz/HK2T/9w6CYOBW8nySVlyejLIMRZW2ZUpY1SalWXjJAWVGhqOD8oPoVSZ7hGK2DrCDQXtW8uD6SPEM6r7dxJxuJJS942aeq9qNKZ0VafpjCtCYpP+nwn9V0feTT/vALQNZcr9uHk/b1IcbmTJVLEPyzqsiSh8e25hG0dlk68aDK5RlSLK3vFHP9cINw6tmpKeVkL+5ombkwOWvVCUtBB8Q6WeFTMFu16rUogfwSkwNYcu1nVtnrM0FTGHa72UxIIrvbblkeNU50DG7+pLdW1hW8PGQ69sDV6nTmFicFB70VQkl/kzRV16Ph8HB/v394qJra29xUf+inIsvII7UQVl94TEd8rb+k4WU7FXQBRFJlJW9bTCfT6RhdvCvx4GI+n00ndI6xQDmeBBezgD2lSj406DH4QGcWkzhrNBrtrNlqN5oogG4oATR6NVCPIgzJwX7g/RWnXVPk1oBDGnk0WrugRYQ0JhRGb00GK6phOGRoniKpqaQUF06HqoPvsK61sMYrBX9d1S9ozNlnCbConf2BpClbnKi+EFhimxfTOWl9C65TSq0SFiEkSGtIws0gExZ06sBdEKBtQYSQxg2LOZ0HVnFuDwSi3liPAyZjzmLmNXLxLyITvjwid+nWk4rdniux6nSmZnU8Ho6pMnJqYuOPB8p+zClCGxRzglH/L4U8FdY2e2N36yAoGMk6cK7CeAnNBmIzU6G1h/h4Epzlx92Ymzq9o0dWWkgd1uOgQcs+NK8XtJIxEgP61V/MccHN54vZeDoaT0aD2WQ6G02EJPVUThZnYDz/s70Im0eh7x97tJUawx6IyMsO+tngyDoxKysirEXE2us5sNJNd0ZWxSbanI4v8R88kmw0y6ZfNb4PlrFd4dGgMwQJC34hHjbDDjraGNgZEfrgH9vZaE0NhyozDp2QFpCpGRvfLdjbk8AI6tq+TduvRTSbatxiDo6GKEdq+xGM9oXITen40DNNLihIGc6osC5NLNY1yIuHR//UjFJ56KBeEEJFxUOkADM8FmmN7ljzPhFgoV0ZAAAQAElEQVRCqa5gqbIJ02MXXgfE2oYZD8nDB9aage2Yumi1Wvt7+2pRbCgGKE2JhEPJvsx/kY6AC1obMTjjzaIoSvMB6wivIWwn1y+k8GLk6cvxZHJ4dKSWV6fbIWNq/YZpoogo/Afz7or1VVRa4drZbNZpNRvNrNVMRQH9/khhu3ku47hRUCAttDSTOeDbSQQJIo24UKtdopuEVCHgOTEIOffPDVsE2hOjiclSsumDcATqoMqfBXGikfokJX/RapxIPGvgwCACF42stAkDYTdr9RgERFn6ekx79CvWLZxxneVejRKIo9lkMRkMG0Je6PV6aZwvJmksEmY+yX1HwSAhJbsRKsg/oCAmNU0w3IyJYMOKc4Iqw5jG7HFQsEVAjoQJ8jgSDbQ1x+3ePFe7iOk0nwnm22PmD7xBAjuWpK4kDlx4BMbYm5oXJK+nSDsKjJHiSTYzz7XXP34MOqSJIJNMcByKGWAd/IodUxgrN20bq9esXrkS/DkSxhefqw1WbPYria15sM1kV88BsbTDRl2J/rg4s7RCkq/n0wAO83T0dRMokQJ2KZCBApmQBY1wxMwCcYccflww8wAeByGMEgs3+bTb4bqNxb2/BQTju07jahZv6Hl3+cRBSs3hqp3MfDaLs6jRakUZwtxsPrOd5do4oI8QGgV62MxVTt0sKIKZiGk61MIZ9weToyFRnI20meXUrzRrtNsd9U5/Z390eIQxzrrd2Xg82D/cvXO3t7XV3dwku6eA73Zu0MD45bO3dgQghE/ccK5BmCwFPCG0wFlC10eUMEgTQDMSCrNAo72Yjs9W/vJxJzhZGVjxFEqZUoQCl+p7zPILT+inNymBIxCz6zeldQ495R2cX1IIa+fLDgDB5vCndGGphcmB/xLv01DeunpfXzEIfh7Ul1gfa6/7pY8yyeOa4KEaH8VzDrgCEAi2AfxMcO/4TkVBM45MLsA+1dRDWDICfgNcJjiiqV92r1vq56NKhzPB7x14nwDXBRHS+wBFumLhOvHrrQxj/U3d66tKetxZqTw42ZrfWfuWmQVwQyQcm2Kmw42afsey/UJ4Zfxq3X+uclcBCO/Hb4/pIISTVDOkDn7Ckahbh2usxxrCtXRKxMMnWHJdW+hkH4T1AOvEqVSRjyWCUfeRgaisEWFWdPhWGYuUaylVf3zzypl2QyVFbWNXTH91rpYVLpf0F4HQ60wIfz1560YI4a0Y98hfs2alBkipgnYCXAbrdemTkp4Yzk0uz5HLb+WSi2NvGfKtDkOG9cslDZOVHKgX3IqHS8fCYHVjsSYeOF3LTtmfkopozQ+t2jOV2GtYguWgTOr8a/sIXOEQdXv0vbaMwVrgZUGwzbRlwpaG3IfXmEq+64nfsvXS8pKr50Ku88hKjMQxVemVURo720IQntjBjozlM+2vFhAJ/cQKjCJDE7hkpL9jikZcwJATDsIDwgShNgIDc2sEtyyNAa8d3CbhvmxbDH7HHHfskfBwikWJMIE/FEuu9ZjYQS2Fl5B19Venv8wxhpylKxI+dcyAqAFDHtU4bvc2Oy2U5e2k6YCCLKDniDRtYLwSLRi3lUvpjkiUmlhp8roIrjatEFmsI81YU+JxrHjHL8DONrjmyWj04N69nXv3lKCv3e1unju3ff58d2MjyzJ2USA8BQ2Ol3QVcpI27HtoHsBCP7Y2kHhgVo6Hk/FwPDgaD/vD4dFoPBzlCwy0Ijmmu4xJaGAjp4BDZsAyyTjO1HRmjVaj3W11NtqdzW5vq6suGu0sayQUuBydJrBwD48ostd7qk2S9+GCw8YUkgLj5OPReEFaFJYwYw0QW86PbU3mMwyIo375FVLKCo/N1ovX77yJR+P/6qJqYJutlvrrdLtqnDtkccL+ZtDwBn1w5zp+vDubChYY/Do5j2WeaHCDflISljaTQNXYrIQOS1hX78WZ0lWjWcx8TjYiudXJg4knwBdsaJKQxQxeUNImKRhwIJ9OJqPhaDSgSEkzPNEaBgOikdWKZ4OVeaKlj3KEQzZr25xYKHXCaDdugmv2BrU2WQkV/4VtsnhffyX4LhV4hCyuXHFo0wMwoWXlKzDbSRqpV46toMRvRhYNhPySHTf2ZUIEEP3qzxfT6ejocHR4MDhQ4vRDJXKfTSaIAgpa/yi5R9MG0qxSHzicDqpAE6CALVGiYC9Rmio0eFK/ShmaZWi/lWVoXGhtUFAfFGucrwAYPHmHP6WGBIPR6gqKjeP1y60+zrEWV6JuLgDgWFS81sDXTDer5cHTlHkSV7oSAfXUTwmZCOu8yNjPKVyjFMhqvc/Zezpq9EBbkqnxzJrNLFPaD4Vts5jG1TA9OoqgsUFkK0bjHmnB4cYWhGVzraETBnPRLEspTNw0X/0Jx3W/MC3QSKTKq8CaI+mffwTWE516ytZYTRD8U8kP7wP8U3nDIwT8y3Mcrvcy0Pqv8xuPndEJplJEqrq/E9S2rC3hYvYzMdadYjCydGdnB5mhdstEh1qNfAvgcFqcJbUHOIjctMNS4Axrq+SQetWhIcZQOelflZJ9Mp0qPKe0/ELvQaLI7UHQX0TkOXlrNhsDRZIXC8VBdTsYyU+R6fF4rNZ+I2tPJnOKzYaLVr2l8CsalKlXY7IZRM9GiCHTJFVfV2R9Np/r4BfEmenPasxoWLagY1DdoCybF3GKkfqkpLD7yxgLb5+1jOdYzeUcB5DgK+wJRZIVZwQmPKEgcKNgZApOIvTvMc/FbNprpN12CgWGY0rIEEMB64IYAbCKQ7QARUqhoBOJeJoq0EKzRbZL1KCuOZlI6MB6gohYRHaPEthhYh6ToViWJOh/ZzrDwCiRYOMOjxTyBgJZCVo66JtIsRRsDunZdvjjL83+kNY2OUdBaqdDfmqXgRxUkotZszNrNc8suJCOSrFjROa1abnEYDb4urF25yF8mnQs5ahOn54gjP6DuwpkwWMKfekK6GV6VmtJ1jYDoIppHX1yRwowuBJQVMREjWU+n+VsElsYOafZKtD4ML8iLZox3YWYjEVoe1cowDLv6I/ZZrkWBm3FfyMjdlEwWRQMtlJtahSotza6SSPLZc4N0r2TNqoyaJ8nptvCBN3xxCcIEoo/VYwXfiBGuJ0qNNwftBRS3uhJ5D8T9UVivxrjwXC4f6RebbU7aZYODw4mQ4w6efHKlUa3hYZQQvgClIAlqucARLj2j/cpCdXhWhtmzoZ/+MjTpBDtSKaIMwQ0WvPJuKZQ7QarDrIes7QmeT1N+wHWPXRdX6aEQjRzG9zaAKOMat0ewm7xzaECEKVH3vEVn51jxYB0DQA4hqsvz/zJh8qXep7svZW3Kx4/HDge+7bPm0NAdw0sBRjJvOJlasrAPxZp2xrA6V8dN+mKgWuA08Jq1Gvq0S/b10HYyoWHoU1rTIVebV6ZEm6FsF9C2L64p8FIrTOmS4rA8eyA9Ia15l3765GOYEwMhydElVMwok477sEsm1sAO6XCUEBwHypNhGsPCP9DfvNcP6E0NPbronZkoJLhg+GSVIPdlxU/diJP9NLatUHdK7Asp+amTJ3XgKvVD8G/CG6CmRSlGYDqDLvGOVAIZrxUfU0jatseoHaN8gPgWVqtfSxF2PaV5asFwOtXzXoSwaz4+Xah+Osa9HoKug3eTOrRDp6WmyiWZP4wPXxafzDl8hy5/FaK9YxOZPmp8DL910vXQhxjdCJW8kqnhaVj36tuLE6FndcQ3n70CWCtZ7C0qIct3coPXxQB3S2RC7C7xBLJD+ryd/XC44/MC15J7ypoUPm7pYYKrx/ilGndF88SEmS5AVDDmYNH4hzDZVkjQxOMeMiMMF9bESt4TC7+x7YmJlvw8TQQwpV3nLGpUFiRhSUmjueLvJmDkFcHnyrb9poOOqIEpV77IxNmVpQ6VmOsB7ZUYame4L4yB94Tn2svL5Qy0AW1g1+hkq11elvtptI6SiUeut/tAWoeAZ1hNFKvzuCAK4haby0VdLY2gvOTDJ1SHFvmIRMAHFtAmoN29rsP7t07OjwcDQYqf/v8+UtXrihlhBIC22L+gWl9oY8BelVrySoJfC0QsYCtEPPpPCflprrYu78/OByMBqPJeDqbLtD1AbrZ5ggaKOczthbSLFYtd8bZVGrlZtZst9RfZ6Pd3ex2N7rtTitrZaiT1jBakAiZDldGDmascrbgwBF4LF+bjwhykJMqVVOaodtkFm5LjgFUYLPR4gTbn2PYeD5fxsst1quEK9d2HWANdYTWTAMJpFGRS1YzSjneaLTazWarof4aDUFDzdYeCwosQnLpIMkwgT5iDaZqlH3H1vhDOJ8rNjaP0I4hUMZPunkd8IiiA7FzE7QOmXvRfyxVMR+KEtZGZ9gDtNAhHb/+YiFnSjKr5vagrySls8ksnxdsvEJiWwiWnVWaFt5nQnASpZyTpvIr9YuacUCQLerF54I3HAbhSul0+l6xj8hz0pIkOQxK7RO7SteqiEliKZcXo76mMgY3ALAvHC5iiAUPU75QmYvpdHh42N/bHx4eKMn58Kg/G4+VZkGiitNSQiOpIA0X/sVENBOUznPQnIjgPMbjphmZm5CtCZlbaSuTiPA+q8O4ufpaNxsi8JPOiYxbIMZaCpFBDCFgBm+tgW8fQXICXelZPJlH0t7ps9V4U2gbO8lRxAodPIscnDCSjFidTD5j2JIMY5YhTiEVDg0OF+Cq+aCgsWARxopF48aCUCs5OBEe60GgIvWFKKRw5nSWqh87noyUvFsR8DAmraincMjFRJ566HlcAzeVOJZy/qpyIMSSblobu2oLgrJgvP37mY+l0cma3zrTdefMaTHAAi6Cdru1u7s3GAxarSbbVKo1U2apPfbI6E3BEAZpavbdJ8A67a7hlrXJuvsuaZEl8wmKWisSqtiIDJ2yyDiicIlu/yK05pOUs2pZFxjxbqwWqmI+ul2lxUwe3H9weDjMsq5S0aolHIENyEc+32JyZU/GK6pnkUTLVpU9nc1H00lesCs2fio0pmCvA9pFgRAilC/aQZclqgvhw6UFDGsiPpHJzJtNsvLYTKwdkyWrBgKCBVDnohCgpoxP4fCfghXsQptoMA9grXqR1yYfYkqPrrjp+TjPJ2oP1kqTRhy3kqRYLBBiQSq+0nsRE9tDIPyQtYHQocIQvNVHI/IfxPCEkEW3MTUoFy5ImyI1jbTRarQSiIpFPpnMpqoZZBwiHHWhhYnlI7aAB+0SjZ6z0tGNr/CYVG17TcbsTAyBTbhtYRfML3bOAMnWUtrtkuEjJDsKYysQcp8oKURoQnsVqRGF3kAU4bTLgC9eA/6lCeEJ5NCSST42kwJ1gRMffGRryQkpwIRmtYao3GLcVCXsVS3msJxsjEzw51PrwkfFHksXkZmd3tVw4FW0Z6LKnfjA7zKEa0kPv9QxavBFDD6o2KHpeKTuty5eQBhN2E2Oxvzqc3EcGfW1Ly/iRlmZEjvxozcZ1hO0slEdHR4cKZBBaUWrpZsoBYoulzC5fwAAEABJREFUsnQyHB3eu69oU7PTUlhf8c2z/qS92W1tdFRB3kDmxYIawDyWsO5slkxuKJTmTi5PJUGGs3R2EeUos8612kcIXWecxgW0Y5kiVwDQaKPZVmVb/mSm08/I+pO5ktWFVVFfyyoOHUuLt5tuA+vbo0iXwzgFwkzPHsXPAV/PAva2XiToUa51BwHEOi/Asru1PnOGq2tJVXLVQ+9tcOXcoje41t6DPyieZYJwknUvH7waLPFw0nlTJXhkzHu99Jb3sp8PQeNL1YqwNtM8VywQX9vumx5CkB+O1Dpjuiwf1ijpCHy5qB0KxxsJ3c9Q86F7zNeGJ+KnZtRsATvaYMbHTC244QbvQ14lHicbwE+pea6flo/wBwSEEPV4ByoZ4K6XpXpct37mmaRHV/PJGwDlC1heOhh1CNQFUFojQoTr2lUGwYyWOYlKc5Y2RpYK+8p18wtrVFv7qL5m71G5sEV3NitcTz406yUJpliAUsB7Xbh1bQfNX0MBQhZrtHJlWkPi9aiT27N9NN/y0yNalHJ5jlx+60t/S9erb4Xw95Pla6EZr+C7NlMe1/ITJVmvblmdarYaKwqLR5LkSW5PkGA9wg9iOZXy+JPqu+DKlNCDCMmy8ITzYRm/mHsnQOrlX/NVH0GVyAt4iFGESPKjTHJpRu2aOCaFI+kyIRhlCFkv8IUIljV21wBeHkDwGuZHxoWJsI/NrZ4991bllr4bRV553RKPqQQIgcIToOgO2jkPaCSEt6VMMLFS3KMSp+fTdVlTW92N8NoStLZ2oZThLuiDo6NJ2kAfJ0pFEMuphPc7HRlDlrEnBhv3pCLEhmIJNFfQWbi0T20pYoKcyJJcvZoJnmlI9XMrJPZ+bXxdkPAtR18ChRbVkrJg98GDe7dvj4dDpUfYPn/+4tWrm9vbrFPgt2Qg5RMIDlY6KKxCgZ24RyToQh8jdFqexAOFEoXJ2XQ2GU2PDvp793d37+4Mj4aT0WQ2QTMUWZB9hjndCKDjvhccxhuPk0n03J3GFEknyZpKItds99RUdzu9TrurbppJlqAkOtJug6g51GZydkzTTuEjCnbnjWJeff6eBIbo2ztr6EBCUSIpzARJg9kFwHwxIzuQBcq5CWZiob1Eg3EhUFAobXYlwCpe1LnysiUxqHagwlcKIskQqsFDzfJHm0hxq5tNwnZBDdZxdlhhbKff+B3hWD34CS1JkVolLI0XAtDKevIOkejvqnais/zZTP1Rr9FHgekRgAm7YyMBZdTmFH0HaesWtAeIMb7GdDIdDcfjIbquGY9Gql4+EcpLyYh5nEySxEKR838uUd8AIXh77huCxbJsFdQmUwbKOnphdIJsHmQG3ECMTyOkt8qcqwkjZ/XEVlCs06STJk95B7XXQcl1xmQtimkddTNIGR0K2XUJDZo4FgQJkixDErItKqRaLAr+lRx8Op2NRoODg8MHO0c7u6Ojo3F/MB2P59OZsTaSYPmSiMkceSeKaZ+KbvIj9GvSyBJE5hn5OEkRISjkrgTyCiDZu4kCaVTckK0Jm2YaixOpj/rTtJFatELGNLGUwhEeIyyxRQxR9qkqPCpWyKLuyifKAkDG5OaRJI0z12DwEpbJpXEkxfNGnZMRK5jRRAedxxBu0gYohLUEnwnnrvqrgIfTLBd98JsPIBIAFjRekW5SwcRA+M6WSHGJ+CUiREoIOxJrDMyyO2PnpxVGdURWhgZhbn4feh7XWE0ljqWcX1NOVhQ9Wo1a+TSzFGEvoFyo0s0fGp3Yb9LCNpwYU2uVM0djWHzK1M7Gz7NjDc6G1zc6cU4OuJlGpAXrjCTUNc++6zYWgiICIuGeEXMAzVaLdd5O7208VZgaEJsqRidfyEF/qLrT7rZbzUw9OeqPZ5M8a7QXuULK5GtOWxYQTY4iu+dhq1WFLhRKUbh9ijaD0iOyvJYFUwlhNlHEKgnrCsbnxetwKYR9r1wD1I/UJyIFQALhBlz/YzeQujzULRsNNMGOUgNtmMSKMvoLkr/KkmNqk0WptL2VGrmifdK8WEymw0U+azbSXqudFVFG9hqFKBR1IQwMbJwozCco6iQ510mQhS04/o3pPGvs2e4qYggktoEtFwvQFTaitKn080mqmPbRbLYQxK8LcJH0hI7twt0gbjwx3KiwGxvts9Rwe/wQjDs3Mjshj5nGu5c26Da8PkTO/sEtixAzSG10Qr7GCMmgYYR2sMb2K3pGeM2BhQQQ1qZ3bXByQIX7B2LxQWiPSVpq8MiXEohQOKD5MrM5sMhDMNdGkVPjlDZj6IQt55iLtiNgeFILt179YHZ9ZAxH2JwC5Rg0LNyycvMC7l0N5DzqBmLIuVReoJsc9InZ2egpSKNKIubAuCWeMxa7uIxBjGE7gWMd8jYD+VTsrNqSzabTwf7+ZDLp9DYUU4u15VKRnlYbbVBGB4dqW6VmrdlpqTdG+0dHRwfNXufylauCOADtlQoccoSQW3WTAcdyIUtmsQ4bgx0zzxJF26OYIRZPZirQ30nUiWUiBLo8abUROy3mUkp/IMSTl86uzbDsVpN9m1/zyWBnAY6Nlj446XshXGQcc8bHFrC/hucw5ileMT4SJcovetJkMN8W/vz6DVtf0FzLzZw8wbH5cPKXT/mCZWaXNgpcOY9Zc88MPjD5oJkZ4ZhbjXAFlAobTGYE2Y4k2mLg4T5w4Oe/5b3s5Qsw5TXqDqoVNbV5/fT6GnTflIEg341lTWbtmC7LXweFe5i3VB48hYDlLAT4hFEPhR0cAQ6Xu6GwBSDM1ATRrwrCqoQ3726szQwGY2qbJ0ojK0SlgzWIBkRl9MVaC7Qeta+fuX56yNeX13R2Fa/zNT8HKjeluYJwHXnr2lUGwSQvZVyCfKi9DNtSReie8xLfb+Sy4YTjMoPmlXIsurNZHu4CfwEKvTwtdgrAvoTuLLaxwxtgJFjZpiVdWjOtTRcfbZJr5j2uSS7Pkctv7a+sXK++Fd5F9Vqs5HvkytuzSMfTxurOZnV5+l3W0o8LTuq/C8u6AqsoWfDE4ReovguuTAk92BuLUkoIydblFRPlzSY4bCQ8lkF/1eIwCNE12Kb73XANPtska67WfOGEBf0h8jMhGGUP85sMMPceh+z9WLbXyBqEl+/xZ+C/Zv9MdiR0ca+AsNJal2PK2M6Ao1te/yBkxUrEBcJJhzDTujmRnpTLQZ7Z31VfF7UQUiZpPiyBxwO7heKIZFDWrw3/UXKAZrvb6XTbDaU8E3Mp3m/3cjQ0kazU99dcOK4rQLmCzk6I4DidTk1uP1eraD/pW0BKE85hF8sL+v3BN785GY1U5ua5c+cuXNjc3s4aDbZUEBWNF9fkpALmDKEw8j09HqiBiVk+vJijr+vhYDgejEb90XgwnAzGkyEeQpQ6dIz2FcGuTRwzaKYpQlVy2uw0yLVJs91roWuTzd7Gdq/b62bNLEljFBujGFaaqOnaIMRncYU2ETC2BRZ6IuOsnpL6pJJtzucz9PUxnaN0dsERIgqWOppkojQ50Yc1QBDOFkdXid9icxByC0LiRUp4uJGeFmwEwxYnZtiNcZLQdiiF1qXaym1tJFP1DlebCZLmwCr3UVul8HlKHZh+MTPmJr5q1gjPtSELf4UCVDV0y2MT5T5JVLuUsHQ4GBzuHwwOjyYjpb1SU7yw42xm2YCQIz9RCRGVYFg45RRb4ay3EFyx0gINVdr1PJP/ypKIPhbNBqtMDx08AtIownXNNknCwlrp77S8kyybl+GdFB7foCULxt+8QHMHYIf76u0c/V3gn5r6ophPJvPxaHw0GOzvDTGGTh9j6Iwn5ChIK/4ZGAnSQJjgc7oV5FQDD7yi6gFjaaVZkwLoZEnWiCmMjlr7MS+ihE0nzCF7y+8I4W3AmANi2wbtBwDCJITwaKp+24x/8OfNyUef3DoqWRf5Hm6kNbXj5QbaVYkJjhVrjIDukej8NocUiwxrElm2JWI1c8Re62OqItYhAQT5tjHIGkwsESmtu1Jj7UMmL9xwTYG1YNlHx0KsQVSNpsos2CAgV3WPtKq+mhkPP3VsDaWiKxME/1TybU1+OWdAVkJ+3op35Ed4FLm2UyVUkYgfpjAxEkC7rSi6ePGSutnb22d/Yt1uV4RcEWErqcPO0Wt8tl5HtrPFzN8pEXNdiiTGuGm1Wp1OZzxRusjx4cF+p9vpRRvCBf2KzEc5xg5yZgXG10h7GxsKXY9Gk/39XcU3X7y0denB4IMPjkBO0ygmd0WxQPdUcyHzqFgkoq0YMWLQ0ECtFUdF1n5qGwPpqdr3J6MZuo1TbB3DlfpuAn6YEceLaSZPe5aQ/gqTay61330pMt6ZRMgpBayS4c6l893E4y8qOLac1kCWTOTR6RgTb3IhWEi7F0UGVF3HxRyioUjvTCf54RFasm9caDfTFEPbKShCsiIhB7ZZ1c4ScXOyEIJMn2dEZhRJUk1JiO/l3hWxiHlrTB7L1A9WViwglzPtJy9XbGa+kTSirXMLxX8Uxe3RwYDYWoFQDwVaxqAZOy5WtKaU+ZxIGXp0jHFJ6SE1Q2FBlphl3DGhwwMyGc9SKhDJ8RhtropiOp1S2ZRtywXSykS/ayz9wTpA4nkh9n4+LpAlUrsLEatll7Yb6lGsFNxoQKB3B1jSMyQ7YeJlhTx9o9lQdUyR659OZNFS0xU1tExJwiNafPV0SIatIxB3vCtu4HJsXKfVyTdVe1X+tBhJtUvJma+wuwiHjy0S4Us1CxLt5SRa9qjJIwaRuWeIqk0C3rlSdaB9n2paIIjL4R0mutqZDIY7H3ygWM+L154mSOCGc+BCalfMHlBoAxbuKEpNlTaIj0hbmxtbly/N1DZ5//D+zTvPdTakKVaA2Lp04eqnXrr5xpvDo/7Fq5e3trZniqPe37/x2mutVvupF5+PW02Jzk4KDkllBvUjSXJldB55fOyexznNpLw5g0uJbMXQlrkSOqSN89PRaDYenUg088SnVRwMiDq3JR5FX/JyfXZYm7ewK++Un61IUD2iAR5RXXcmT9SR9Z6eouDychD4ETtm0k7BksrjOImTLvWHYftKqCWs6ni8IzXP9Lhhp7Um5lGh1ZXj4R5KKx06qyatPRGf6I3CsXNfj2qr76+sqPZhCXWcbXpEk7YmDntEXTsVBj19qhnDUlZw+1BD/oleZD9MD5GeYJ739ED95HX6YVfv2a5+OEHuY58eAhg+DrQKqx4sb9DJ2wnBPyeqAZaWXjXYUp7kGxV2dfXQLPuwElFmDQpQggfgkbUYQHJ3ozsnKV+apRxjwXyClJkgn1RYP21i84XFfM4GBHu7u8N+/2h/v93rNZrNTq/X6XYbjUZM/iqElhPKYJ8POj66593ESf/ogsJg8DF31DsvppPpcDCcjieTCXo1mM/QoUY+pxNrwP4tnEyMXD7b4OqA3pBRHiwjDKCRNTtNNcUUhUZpmtHHBsXR4NPF0vhc9sS5ptVUs/DYTR07g5zHF8SIukhD6mQ9DzMAABAASURBVHI+y5XcW7VcjVU+y6W0mvjImSphxzEQfKRNQDyTEyNS1sYmnjqTvZuwFYfNZ0sT8wmrKXBvcdV5vtAWGOAbvkRgDGWoC+TEhaxXzJusC4jY5gR186zjVZCQowMKSU5T0LxmjicJbZOF0IpkFJyzZYnxoRJzPexcnFo+n6DGazQcToaT2XQq80LqwEOxaT+hEy3LNRp7I08/FgU7Ixu72S1rX9elAMGL8njkXzK/cJOi5OF8yWoXG1rpo0jkRsR4a1iy/QQ4s/g+hVFc8cFFVXVhcQDNMUrERc4ONShSVaFAYjwdj5VUdjFD460FhWrSoCD12xxvikQUfKiAFEdRTJ+QxqIK/W/gGdAUV73C7xz9BbSnErBnj4VwqjVhIlsF4g8w42UsSyhr6SiFaHBpqdOR19UfXS/Byke68YRUub/SIgpTLKYxkP7XHV4y9l5SW60IXtSSnDnxbBaFmgp0KI9XqMpjyzz0XFXkeEAXIy4odVlO9oA41BbBWaxqFWLidMlMvKVBtcth9QyKx5Dz9aFKt14G4vVl2ItmvFTHqvRDTycmyeDjhgqieWi/3x+Px2maNpvNyDj+cq1wmgwbgEZTUDB12ZJCwDq9W7YHCMgRlSK3N2ghopiW8XiiWIs0yyI2LSUTExFsBHgFkgkZReKbzqaz2TxNM8KWyXg02d0/INSgeAXiBQuKlIWuk5B3kcSx8YJWenWFkluNlkLKc4o6mFO4LkHWZ2zjxt92PCLU9sphpdBQR1QyK3D42K3cs0m1S3tV+QCzu8y6GurC67jKl5TRrL6/K5DMxLkPGYqLACPQFGuW59NZ0UganWYri2PaQDCvjuSbiUAhNNXhlVWQSywPYshBF7MOzD2az0SmywUZrOt1VSCHkXDER/TrmC9mHE2OuHx00hgJG2aFGRHBRqjGONyx+ALKRseSo3ICsdXEx+uqaBEW0r5sYtFhJdoiVxofcTyGhfOqhDQyZ/eOdjLtFkKPvBBWwQN2CGA1SAhwp1Noo8XhhKhOdmmovZmRxTqYQ0mgvyf9WzBAcCbJmf0btsyaSdnBR0CJhPYPyf6l1Cghl1n4gG02d66lIMCPuKejQtGWz5jiEdI2F6J0IcAAoHbmpltHZrOKFyXfkRg4aTIcNTuddqejpi9JE9z2FgsCYBDC7qO0r0iq19fIQfiDrSS73gg3yhiUdJ5lGEE2azUUdhXoxzVV3HABEhnryXRrcytpZKNhfzoeqbW2ub0dkfk/BTrV7bfYdw3ksO701mJjsKAW4g1vy/xkY2rVq34uFgIakUwEZEKgVKLVVjsTBNVI+096hCq7R5IeflLg2IfHf0N6vyVKFOzYhd15CqkJgXNhInzWWG8MnKcTRi8sQvGKhd+yrXXsXKWV1euTJof2Tv36aZ8+fHJIckUBSy/sotdo3nTdogOfslh5osO/pcJQLimEh+bA59xLbTC8g80H99S7gJCKiLCphnq7t4QlmsLrkbCf9gbLfyq8fFHNr6QVy6gKTNVyHpYu5bvXvY7Ythnq4U+Hh8v1KIGdLzcBlhoIP8ebDDPTLlOY2oRHt4JKvC5YQCgNTTDipUEI/jHvQ/m5qBm92ty1Mx8uwcrbdR6dvlGwRk79gwCu9Y2WGJbmCvx5ARGsa1vQn+Q6RqJmbZWeAtQ0rJp8vZAs11+9heMylzXPdBOEpz7xVpBDaT6eAX9pgl9v8Ja3lv1MU+GqNp0E3p4sRucxSbDGuNXILyF4VNqrl35l5Xr1rfAuqtfVz/kNlMseHJfWZpOPxV41Oxtx0rRuY3xZeeWZXPfd5TnltHTPBCU+YklR8BCpW/klmudhoWAsLZUWDt94+MrU5VNsyxs4MmxRN3hE239UQTselnPtLKPvk6dToKszxnAWOZe4ELCZEGJ+y2+ZewiYWT/PXNnXTL7dgAv72MsRrpRhxaDyim6b1zSwzLRriekPhJBU5Yq9XpdGplIguChBHuNSWS68aujddS1zUV4oPtwBn7OmQB/tdndjY6PVTJsZypMWQtxrNHe6HRJNYfzlrJGpX/B3DpEsLx2xTlu9Fq4osV5aU7kIcJrqvfnWFzqqDoXXGfT7d2/d6h8cKKGjUk9cvXZtY2ur2+uhgxPSGosK7hHgszPcAeEBDgGrNIGkpZjPFpPRdNgfHO4fHu4dDvvD6Wg6myhJ2hT1EhTB3MCsGQo6yshRrtXXk1RNXNpoKrFO2uq02r0OhdFpt9vNRhP9bWAAiEiQ+4zCShzArg23FwFvwMFiPsfK6ZBVwphfoKHMbDJFzx8Yu9mMAQsP7YrHXyO9pFc5mA7rsMFISineDR971FYbkfEO4lmKSKvfJXMRLWAXxmmKsLGG2GsJVc5+RyhoVGLrKQpZxpMkS6ewAPxxLFygsHnBwXQWlHI8RlgYqS+dI421s2f1Ivs1UaDC8XTw02Q0o8ZqNsGkJnpwiLM8n86kPcVMrtA9ULEjCT5J0s+kHWaHWW0KjU6sfs9nAKRv8RO+bgEguDUNi8IP6RLSONaVdavJ9QKC5n10SQoRkqBy0oXWqKcuJyD3mg5KLccHLZ3Da4pWhYqcXC6ms/l4Mh0Mxkf9cb8/6h+NDg8nw6GCELWo0ChBa2aNMlITysiGnCNHGtrIiaI/ZWlG5mVpQ8l1UZFKUXXI4iSypQ0EaQWC6RCU/wWHDBwyqxs6YSdaWiVIkAIwqIO0s09VANO9dv0J+QVGatbrvADfAk7r19hkLeifdn9CZWITBYywVeK01IgXUrxRc5SlCUYyQJczGOQow4BHNHek8iOkp+MMoL4n5mkPlykjbClFwOeItYbF/upZkzJgp5z1yfH12R0YlOtftwax1oqD4J9Kvruvb4dBUPr/ajUgIeDmjz/n/ENPJy7ZUbfOSxRpbLZaGxs9sstE60wOssP0mMt4rwMTDzxVTzTS2Z2IUzJzdY202At9Naj2KLaIELNc3H9wcHCYqIWoNKBZyiYjGAhQSIMrtDs41DMncSHyeJiQe4lFkjUvXzk3neUPHhzM54MYnZrEiqsjFw8UPSJeSIWCIwpURi4lEpm0IEo6XZUzU+yA0riOJ2h3MltIDs+jY5tFzNURqSSv9Sbgj9DM44lHRmp3BI8M5z6Gyax7l+o4D8KDNWWF5WiOT7Ie4YXhdArr0k1r5DFbccII8nGGUZ/iTKZwezr77fdvRwsRP335UiNKizwjGoPWqmggR+aKVA+Tmzl6y8kjY/yOfEOMrDX5pygis9lk/juNoQVprphadDaSs9lkjgVhu9GMzp1XlcMCbg8Gg/kCw6JkMdoLR7FgyxEFzOpjYq53DjFTRdNF7xSvZi7J4FKggQgONHLFrQZTLjGezAt2HJjrmDVs6010lAk0RuRQmxzJ/DrxQwTFXPliOh8XA8PH06CqQUrQgCzccNMqWs/pic/n2I1WjEEJG+jfcIEcPD9PozQqkd6aI8tSyrNacdYzj2tiwEkToyI5ZEyStrpdUMOSy0k0mIGg4DaFxChgXtBE00TGLGb/hBwl7tAwNupCMSXcK2lOZEsTJc3KT/UOUbeRuBMg4z30jxIRGErF5ajvT46GOx/e6nQ7UrFDjYyMTiCfK2ZXsmcsvV/R32L0F+xMMaPgqUabGBnLRre9efGCuh3tH91+77qq59KL1yKFz9F/SZF2m0+98mIsopuvvXW/uLd56dzGhXOHDx7ceff6hatXrrWbao/d2dqwVicffQKzp4VweD8BSXVkkItRAZtxsZkgVCmgUAxwL+15pWoF07KSszSddD/5cPvPGkJR+YCoJxuy2injddOzF5E2X7iwtfrCiD7wGIO2nnWBMYGXrzlAo2OxETuizRXpjyUfLDHhQKC0oAp+BchHlK3WPgoytQPGwvtu+Cf4jEchtK28dJYupQtRcscaBPcJhsLelkdSeq+Fr4ZTLb2Jkd5D39OuFP6l+5T9kcFHvXLhtXvJ22yLSoLyBTiJruH2QBeAahlDftxu3WzI3SucwzQ6sgxkINVj7lK7sgIjwrAfj+yu2eYIL8fKTMHts7wC9ovmoeugKCl9a3dqy9ZaXb4Ux7wVUr7SIq39qDcmLgPsf+5F22zQvBn3y+7Zva6BN8hWcyHAPhLaED+Y0AAYPL4DnFDQfsfdCq/lZe4f/J6WSoqaFBZZOjHBCJdyzyxV0esK2mGxRZApAiwrDD6QHmowkpegKofAhF9SV1qt0M93jRMVq3WbH86MN2wQ5HtTbDeG4btByVJlpQH0HKb7GFLnF6bBUmNIg+AF0RObadCjlwP8rgzwuv6WHQqbqb8Ztl/4WNB1RwtERbBsPdxo4d/k+5WWC3hvCRGgP6iZiEr7gkfBNHupCqHh42rJKkjXvSZr7+SyyuvqCTmicuEl/FKFZq+o0itviG2wEt0CKq8UaRcm3RaWCnvAxrVyTiHNtXRlCvtU/+q9qaDyhStAB0E1bEvOLwxXoIsZp+n8Cn/OlpeWKzItLJjxkrZ30u9Rqf1mfFYNfGmqKkWOxdDH7HOkWCPJZRBVAjsHI1UQk+X3pKitxD2WS5/b3PW2TgEpqxJFfVlZ+GUWTASY11H74CMWRYffg5CUW0QE4ZcElMlyQAWEw1oi7HzNOJSyVk+0DMfbmaJXpk340KvLhLc6L3il5oNLGuyPT0AJRKB+csyPz08ZBtmOc+lKuKIsKovAaQotB+0ULZqQMMus4wx4mY4CGdIBZU7OdQcCchb213bThyjhznRJS8JcYSFtDeaMe5VUOStRGdYcDnx4b4tKEXCRvoN5CeF36FZ604dHqgXsZdlRd3Mh8/kM/RxnpAbznDdYrI9A9TGJZD66xMIfCxqNZvPo8PBgb2/v/n2lO9m6cGFja2v7/HkliGP9oi4MnnzSWzjAody9DB/SOOGpwjn6CBn22enFbD5FfQYFPC+KXEd+YNMB8vaOJ+aN9YaS21F9MQbTabTTrKn+cAYbrUbWzBo0m0Auog0NtEDOF5E1OxD6oGa4mdciRL2ABJ2fxCO85J9BtXA6mSi90mKOQmvufbAD9dYXfSfXtRYUK4SdwAiIvKAzYFyM0Jv6gLTFEv7Y2mvugfS2CtyFiEZHpTjVDk7sW9KlgifRIhphFMlxFOl+Kl3ADBOa1OSa0RakHorJSw16zvfsY9iZuDU0YeulBTlBHw9H4+FwhvObq0lXsxzZKcAdf+T1TgcfEGYIHMqWq2iFr502WSLYR3kjUDek/jhDWLOoamRh+UVdq9z1o0v+CJS6LER5230mqQSNln0iuwEqQMhAqQByBUGz+WI2n09mk/4ADctmE6XLoNWXcy1xBGYby/5vNEpSPwXJ8Bnn0JFh8q0TQWxOKQvgCDsUPQc1LxHhfNQgEACxB3HwWu22Yppz9nkd10FsDizxtWkXuRQ+/xOMzKMYdptqILnaVo0AIxFyi/SvDiRnttGgLeEEWPUHCWMFqnA09yUNOOFsRcyu6HcFO/HB8dNulXDKkrSiWfX0AAAQAElEQVQp3TexBkKh5LaJcKnEwAUzOmGek297zFzM0JhPAUxOajuF/S1ZNkTAl4ccD+FS+izxJ5ygH5tK8LkmZvqh0Ul9Il0GHamXxfb2tgLZ0Wjc7/dVTrPZ1PS2KPyNAtE80hkjYKIG2h6sfzQtRJBXtFldd9EYBBfh/Xv3D/f3G4pfQqcssVkYUnDkCG2UhDlqsWdZ2u40+/1iMp52kiyOi2vXLo5Hs+9//wPVXcDgICljVeQeFot8PucAWkjpCxmTVwm1vjtxcmlza6L0+nDYn82marWrsoTm0RsdaIJtmSnH8ht0B+I42cEyUZGXXYvT4ZODFhiWjvHNJQzrz5diPanLmolq5h0XUybDRxWcg+p2MjxXgN+QRTSP4mkjvT2efOvmzSySX37myrksjYs8JtKvCD1FjESCU6DyvUADgSIm240cjEshxYsSt40QVEi9J5Y6EgqyDk0RF5BGC5goqCNjBMUppFJsJI1ntraRb0iyu/sHo0LO1TYxJusFwfpIpDj5rGDmJMkEoL+KiCirG1CP/dJG8grmYY55aP+eJg3RFGTZiYZpixysRw1jEh4p/hn3Gop7Zqk1rSBcO6gTjZjwKQI5X0yHI7YxbxPHlLZkKjJcyMz9oIc9vXPX25M1ppe8EmJzIdIsHfpDaqSKkVeLej6d0IS1FDoQAfDUJvkQhDbyKnGrlUbXhRTV1cvIOKujUEhqkDvtYr4gvCwXk5mczwmX0TyCYWGIo8GTE3ySgPdw1CUe1ZzsmTQLGvaG2VNuXXlcNT+oW4yvF3q3PNjdv3/zTvf8dtJIIMGYj1JSKCWcKgVsaDvF0daQIY2ECUclhUPEAIV2uaO6FqXx5sXzWZI+mMv+7sHdDz/MNtrd8xssMU6ytNVsimvX+vd377//gVorag8/H08H+/vXf/B61mpdfOYZxY7H7VgSgGhPd9FHwbmasXqUDvofg6Tman8R7S9EK5LdSKSRjEmGEX+CKM2TnTQCEceixxOCql/dqqqPQ6E/TGeTHoYULXtZPtlxwIK0YnykWyVnum8+4+p+mD7i9EPUdbL0SWd2frigf5h+mH6YHir9EIF85Okhhvx302ydtK9KVjNHwU48jaJ+1hx3UEpXUFh5QaJ40pRHgeVE9CTxBydl/mx5Pn9rNfHqdzQcHh0c7N6/PxmNeptbTz33XLvTUeOjBizNMrZUQGUhB5phRoq0LVRDpDlR7zQH/5JGhlWOSrBWTMeTwdFoPByNBsPFDI8dKhEru06R6AQE0C2CFjNSnYV2mKAP3pNHECULbXZarXYzbSRpI0uzJGsqCVysQ/FQ0GzSauNvYZrHHQczDtRtbRRQGMM0kpaTRQToeN0shCwwVvsMY8zM5nRcV2pvCoJrYSfZkZZSkrKcBNu5PpqjVOCkHSejjYhP+SdkcaL9CxijE630DWe2xOX7E2ecbYtYx+VBSXiUaMmtDaMDnr9/a9QSGzMRq4go8sV0MiG/JloxLIxmOo5i7oJqaZqm7JtfVaD0/SSzjExVOnL9ZDwej0ZqutWIoe999VvoaPU0yhQVSfLQR0IbPzmbtNpxKMGwHYrS03pj2UoxUZ9sA/S1lNr+oa6ksbaos4+R2kKrsIp88SgTn3013xYPn5YOkDW5MKYigtSodE1nAMi+Cg2XxuP5ZDpH90Xj2Wg8G0/R1xGGU5GskzQ4hKspwLi80AoHhBERaXcaQJ51yDdGot0CcXAnoZcWecQ354LJ6ToPOEO+U10Y1ERoH6Q3Lc5nEWsceOWtGMyPQD4vKwa0vil1AFRW7eX6CiLQdwf1Cn0UnKuL2NxPT+tiISWjdim1yynQyN1+NLDJBG0sREYnxk6osGZtuulknMKmRRRwirAA4Y4kKVgRnzfSdDabT8nuBD1vCbJHlDwnzsokPE1dlYNIa2ICdi0DxU+wi9aUKqdCuBYT9mb1k/QLQA0zctyiA1ERPpxa31vTcBafr1udNMamUQWGiwpuXNfopIpVH+EKKZZYGJQ/eAYNCNG6l18wr4CEVjFJ29vbCnQHgyH5CciEGWXmizRWKQwkE56M+FyJthf3mlpYZLQ0PEZRT8NKI27sNSKMdNPpttVi6h8djceTw6PD3uYGuY0qvAUumWSplpHVCD5SvJbi0g4PhmmStntJp9N44aWn+oPhzVv7GJKkaINsgkwUF6cYJMmBedJYjQrWQE4q4qJoiuh83Mk76PwiloPDYjxGxetihqspTTK0Y5OkiOWIO848wnTCqHWldy+EzzGUZ43tDtkA3eqNPzk7Jun/A/4FIz5ZXQye+lxo9zZcRZnMyOrCXe3BAoyCXhjbavpWZA8+WfsHJvzk9VBp2RXhWcxg0c8WNyaj1v17nXb2uUsXskRB1FygcYfSsCdowkFxachUmZxKqPrQLYk2fqTNgaTIbRy7CS2aSe+PXnzUC4rVbWNcvjiFfDSfiXwBtLWIVVazqYojmM7mD8aTo0JMKeqbPrqrYU4xNAsyfSHb18SabUrTVSlMAEW2QisWxZx2D4IchygS12hxIBWBuwgySWECy4w4MdAZni0r+Fx+ZDYmwkwHOzgp5tMpRr2RgqNlykUBbZk0mlECXJTHX1udUsAXDxNXWAE3ucbgg7+rBi3JskY+w03aYkoLG9AnIjrwkLjlALv9MAMlzCnxY+jQ8n1rYQqYuBfMdWiKC8Y5GUMssyxSjz96z8maGz3FNahdGncBPStiI2Nzug8o2CUaMxvrEX6VYBUIoxdkLUJyAQZbqdkAZh4K4S8bz6s1P5bskS0yjSzy6Wj84MYHageJzt66HdVItfVb6FlGEydDJtByhr6gzwnJgi1m6AfM1pSitKipaG30Lj13bTIaD3b3H3x4M4qutTd7Ee4qcQ462xtXX3lhOsWdtuqamspmp7d/5/71117vbG5tXDivGCx0i9LIVCMWsoghsXtj7qBPj+yVrOyDDBPpc6Jy6f5q2TaMTDNPxwt9FFYyJskTClxGOf7547e8bA3CFSfYuC5N3gtAIEcUgupRG3W1Rceot6MRbvsxqnGhiLjaX2XN5sbW1ub2VqPVjNUmX5jz2JrK+ISk3DappR6yJMUILwLyvSpx+bjaIV2D3kWa0WITrjkFbc3xxBKYYFL207Q4tR+pgl9hsjXPp8V0vnvj5u033h4+2FU83IWNjXQx7wh4urVxMW20lTQxLyK1RNUeSUmCFvMUcWKq1hGGd22maTMbTUYH/f6dnbvD8VgRngXyefgthUXR161UvygNmxXziRIqoTwS7QpztJpEN11KuNJO01aSddSSTRsdVS0SAx2rWDBBZUZNsHhGn703GzY9EN4JaRIVMW6TdgcmhcNjjLjYLamWXukyjMMovBsadGr3L/qtnPlYtWFEF77mJDQ9NRHEHGDoNksHAwAB0ytJYsWfti8W5nMUajvi35TcmCphQMIeOelL1mUgnkKhIwoxsQsx0mySGBCuSjEoN3IRiuCmiiinKVt74lkIdFWIB6TUo0aj0cwaiaYCmuQI7cqVDKxlPlUiDiXamCGJUR9A/54KFNCPJzlnJfQdheAesTxUR8tG7iemdqqXGuh8UE02vpyi26xIB/kjv2cYss2sBnApYltsjsOHE5cv0D+x6kVRJLH2oMzm2hETF8EO2rAhEZNVxTkB5GQBORfFMJ8djAeD/mCk5HeLeStrtJvNRpy0k6ydNVpphqBI804BCbXbZYqcS4dKcjOHgqWPUskSCpLM5DhiinVRw7WI0HEaqJm40O1ttlrdVnOj09nodlT3hQn+qmkQ8GEmFvNINFnWY2o280a64dOvMuDZ3URUKWUfWVvlJTiJmQE+r4dz5kEveMc3bU79cSS3QoVef5EWWkXIqRKJJctfYc8iY8rF8el09NN7X3qoVVr5Hi5oEtfyLtWMvmLA8Swlz3lOy50OMJgzSkLjWAZ4nC7CHbES7Kj9587B0c7B4V7//8/ef/1JkiRngqCKGnMWJEmRrmYLYOYHzOBl7/Xu3u7l/vR7ubvf7R5mgAEGQPNiSSLCmTHVFaqm5u6RGZWV1dWNbevqSA8PdyNKhHwi8snd3WF/xB1Hljju6GpZrxbNCi0lT0Y/xQRwGa8Xqy9efHqNvkHhYYzkLDIZp9xpGnUwChJbPvoB/U3/eZK1ALk97GYXEDEqScNqTbME4noqDV7IP/jQI7oxwaOFfhzR5PO9K7roDmN4tWv//dWbP9w9HF3Rl4tysVxfofFWs+wDrdoQNJQZmwt+5II5JaiQY4wVdfErrircmH5VuMqPFaJnzFQucpKHB+0656wLpZBRjzRtVPBXsXyjGjIWS8oxPEEG+UClUc2HcTJ9nTvBHSaD5wJynlnNWtNq3k2StDi8h/0BX9WLhkHChG4Z8btAtIKkxDTeIjTUccMT7nYPKMqaRXNzc025+0LS/A5236jiwmcM848eJgDsYyCvu77f7fb4YrVcFXWVl67GqSBESyvtKgKK6hgYaiRHoToIeBx4TVBRBO89ZR5xOh4JTCd7A73cwOV8A4lqjtGw5gRE9FAiA0Zm2n44YkSLFgS75JTHj39ijVCWA5S/Pxz+pd1/A31XujjxUKcc+8g1CS16XLRhjKGf7oHKy9HGGQIXLkPCbZgGUhZBiHHqYEqzrEYe8ehTZLag9SmBNR6i4Myw1DUEGWErh9+0kEBO6XU9pHx6rx1t2TSB3K/UuVDLUO+Sr8Xwsxa0SFH8HJObIycs9IMsA6o1p9Pgt4aoNpV016V4Bd9JIXFNuz92AEEJK5J1podE48S+DdR3AKSDgxp6Tr+lRexiE4EqLI73aVQjqTA1RvRtQf5sXwdFhqdOBM7CqFrKolytqpu9KU7vjJfeSlt5kxJsQe0TvHQRCQGtGRRfTUTIw1Ujl49AhDnrc1Sn25XsHEpVq9o9iZk9pniN0SHwJhbbCXS58TRQiDnQgu9bMnIwMIVT42irOy82liwPKcPzcu7E9K5r3mZb7UDn1PrM1AqrgZEBao0DE96gNS0Dy7aBbydM4BgvKmnJwQ1BXDKlJVSiAVxyBBzKfxy0m2LxYrF+sVi9vHq+wkh4WfOsFGLC4O2MnvZyIGphQLxp23b33bAFty1dV5fxuimumuXtzer2ulwuMKgrU0VOUz9KJIimnJtxEKlwjreTKCE7V+umhGyCi7Ikfh94YJktO2LMDmPzRR19xQ+DYotXAkUH2y50I4pL14falyuor6FeQdkch/rY1e2A6tB3AeejJEptXzpZd6TecNKqArUb/nWkxTt2ZFj2LVHb0iiS4EODk/YWWs705Qot/oGXdCw8M2lTTRtG8sn0ZQt7hLKDqqtW+2q5LesdlHfQ3Q0HvEsRiqhcm1W5ulqsNkv0i/G/mjrnihTPIFBeiEzfQPwm3DaEMk7qhjozeFLJASDpqe96XDBg4gX0+/3W4By+e//xlHPGzJyWS0Sje2cZRlzCgXuF45j86z/9E7rOy9Xm+cvPwAYdsAAAEABJREFUN9dXTUNpHNFyTYi/mU/k1N91SQyqbA8Z6Qd78IwY0yIcZdB7KmLfb/cPdw+IwuGSEFNDWrsLmBeFFTVoIFn8XZKjJaC2JHeuWSyWi8WqaZb4H3rnwJ0ayCZz1gFHntgJSiicJ4YqZCPjkoUwucLRcD21+/DOJcuEuU1orAggcFQEKIVL5jrTf4XA4TKwqWhONJeqAckwYX6QxAsCXGls/qPaXqOxZ2d+lNpZeL6BTIkRUkDZA7enl8C8YCcs4UZDDlhSieb1ett05+x0U7NpfsCBgRp2uoOpHoYTWT9yyL/Q3hrUU6cqpWM9JIeQhitQtLjvHx627fHQ7o9yD05ibgYiC7IaxrTggy6oAO9ezGly4wzdOvmYSws1KQuZgqBQeuLV0MBK2vvxtPdQ1HWSgcvZApN7dowbw2P3bHaybIqTv8OFz7/vAAulZ1+xpgT8hrk8lhQQT66TvIpHrjXxR/H2dCPMLudA46dsfpLZS1W7aF9RHAT9UBeoodJu17fHgYMj9JeeymXxXLRXUeBr8zKdHWPt0ZUphD2yTQRCd+J4caoW/ucUdkj9d8QGsmQ1uXmxN5NTIKapDAlMY+Ind9LlroHVZzOe84hkzq6WuVjvn8DsDNGdrQF27tKCjClPK9h+ZztfoxLB7nnuA4ow4fVMziZCO5pbEtS7CeZCyv8NJ5LmAyIDZeKMeAoMRybpJ9XA0aXYlJjROWsRnRWDbnPUhTMd564rW0qyG1WhkBkTnbBAOY6pyeYFhcn1kaN5xxqjji6m5l+ycmmlTkCD3L7NqgZw5Dwmw+2egol1p4NhbQ7cmSeuz6U2I8iek3vwUeHeFCaDaUtOe/JkBmXzRvM40v1fWCizWzCXPLkqert+fqNO/pK/e0EKwFllzp8i08nF4fguu+/j3ASYA4r3s1gsnj9/9tVXXyPisNlsVMEriUeaX5/HAsQX9eIqpC0eJ8ABHnuoRyXN/A9zKYVmx3K5uH12g6p6u93dv70rX1BzDpWVpJjBrEVdJ+TyldVmvcL9jHIdt//1bXF70/zt3/307uE1Puxi+Sl1i/DXKEDIzmcnEEENjMGQu8XSuqIANWPMKxdAt8Zw3JNhSCLliHeNAW4zIGM2ANy00F3Md4jv3BR88wBPWhTvP9Mf+wB4/w1NFlG+TtLjarLNyYnU6s3fZTE3zx64JOiMmWx2l6dviIEwjSf3HREjRec2JIxDQXxXUTsaWGxj/6/b+8Vvft1E9/c/+XxF+cykwErJG/IScKMTMScEt7EZhdYkeiMMFEEfJBHahLGMAzV8K31NNgW6C+2BQoAj28EeFsvwjDAw/+Z+3B/6kTxMJurx6fuReRodsZfg8naM3wlmY1MhwZeQfC02/oU/pGkkrcTVlaAY3LhmsLkQRwBjVrVcTrgfQe0hiM74Cb2Yk9Q7ptvtRXy4UQxnvKsGXQFnCchgajuBb9OMXdoTGQ+k6j+8IwwzkRM20lY97g/4erFcofnPZvR5xsnHOXRZXzyl9eCKZgDQ70HvmWoBEA1w1yg+9vDQc9WCeLliF2Tm++kVwQwH9VignDoLpm9Nea9mP8j7E8urU0tUbQj++BgO9w9vv/x6uVpJD0KEHmBkThY2pkCWtPqoQoZlUavpvHECWGXgi2JxtXr22Sff/vb3u9dvHtarpm5gQbfdIZoTx2eff4bW36//+z8+fPMK3eX15vZw2L396tsvf/0banm4RB960eOAlhUU3mRJspjp1lNGahqvS+aPwZZmYYQY3yu9Lnlu/3Ga7HycYzJDv9fmyiW97BI7PXBj6ZI2EJr+R+Y441WPevy430tLmk24Wa+vwPvMiLl4q5C3T5A6G/fIRKcbOH//0hp41NSRn5DHW9igp7B9TTLKMWUiMawWEk6I3lsIg7AnZ68tkwyfvwjLm6tnX3yO8Nju21fb/nBdlcMQ9+jOUnIswa8le45UDhFAwB70U1B8IjJTI5he1Vfr9b69PqIPzM0NERBl91PIsUpJEiDcBkgBBZD9rveBUgGlf0ku9dgXY7AgPMwHPJn64vueb7nkbKkjAsqW5RhQF0p8GzV7IUqTSzG8OOeUoxfEErQsFkgTRoFhFVRgqX82kPaxME3M9FOeIE5PM80nwMyAmC/fmAyYFItJaiCtn2iJ3FGfnaBFz7l8hRUBsfvMKZsU7CYY2LMZgZM1MjiFIhS/iaiydIAGTQqU7EAB4KGua7kPhM0icaQNTimBKzfFv0yDCGRiAZJcEzG/GdkylIErgYIiSs6KCFg1iW3cpiUANrSBI350f4STIGBLWa+k+DyZ70Up3gani0jUKICb5QcAwfp0zlBUY710Syq2O3ILcVQnY0HpRuilNJRv65PLi2MXpE+cgAAOEfyo4SapuWK6OC5pQfO/DCWZRLgbiLKN3Z+H48Hx6BO6W9XUohPdodJLGpWFx5xZBF6aD+qGiTEmqQNJVYItz3hBBEWXzmYfs9WYXPzHtJDMB08pc9LNWqO6cxUW83NN7zMWmThmJToTU2Vk1NwgN/li8qZ7TDymqz8lMeVdRwaYWmmEjtQk2PPriejKdQIkJZGt1mh6RxLBUWw2VXm1XGFIYGTkeRj2Ms9k2AYmvQ0yuLo+2+54v39YNBjArznbhwBHTgvWJDwwHeBsq0yxiOz53BPdPJV/s5mVc0l6BGixGuRXkorXJLaSOBLvVZ4HtxETEuJqR0N1saxaVFARx8H31I62sCazchMkAQqu3RLLnCnwjMCfIjeAyoL0xcBx2UAiLd0BA6eUrzAlScsToQVKUBnl2I2Fs2ak+iy52M3HKp69zgxpOP1EBqednSZDlyaiaWVfdxr54NWHCCAnTQSED/Ir6iqdwC2d/SDDnMqhWTTXzcLvD8fjfrFoKgyschIjOGWXvGRqRDN+n2J3Ja9KzuRNlnqpqeTMQ/G/TBCBPkPaWWmhsiMDwTyRNHJxemp1NKI2f5I58qZjIcMavTCNe1Yi9klIAkccfA3kp3mPBs4YuiqvvFmNikcHPQV/liPskhMPrBAggdaWQjPZJjpNFoBxGl+3BTSJa3BpESUrQXaAaa1TTxbSEOkQx2xtTp/h9cETIpNi9kqMkwqI6ekhey2r1R7EngdOkRPOnRCjQxDthGUlok5W25YKIkmzPC+gf3IzHMyZAcfDTn0EyGyNQctm7cGypzQPNQ3QtNYnjBFs7EAhDMvhy5+3OB0/l1lvIKD/5ACCnktTMZxtd+mRIXl8Mv24N0pKngsFZw/qwEK+TAy+krQgVTPy2gwpFqRgAxAn8z5tXt0vPEkRQ7gtghihP/TtLrDFRrVG9mC6J1LGiYesd4xMou2ISRHDbHBc+iREKfli23PsdRlxTVQ8cWc0shg4EUFUpYJIzkx8/RiflFoyB6hGt66qm2pxs9wsMIhC7zlZUwWb8HyVgiMe0nOYqlw6iAcPR+/Guqw3q+Z23WzWJbV60Xo/XrWUEs81N5qfFJ3UQemdeG6kwWhWxYttlGR18gbk+UgMsmtEmaQRrc+qKRwaftzUmsuxxm6/745t6EfXjcXomlitodlAtRp92ffFsaP/BrIWS1wwgfqwl5agxdWMKMFD4UJB1TJocmJ8vh371o1hsuIol1ySiPA+cKWUMsGB6i8Lbu1Oqjh4VesjvS4GKPuiPBZFV5WHCDtUQFxDiXA1Z5xUy/ViQcnXqLybAhVTIbwSyZpWXIgpJ8iyIXp/5tNA0KziZAXxT7OVDgbtPO2A+XZ3j2Ap7oc93q0cc8NblB0lnNXUjGYoijev3n79+9+//fbbZrncXN3cPH+2WCyJELqQ5B3W0YkA3iqyzNtzykTCh58AOmJMdxH/c5zTNOz3h8MeNf9hv93t73echV+y6Wjt4ELSiKLiKElrGFpKK6lLnOiGJ3p9dbNYLhGyw4WPUBmLlsEk+qT9TZC4SW/bDYvBH804yQzDyYoKvC3wzEdKjqFDuVg48U32m+h9Iv8evF2pYLmn3NjALSgofZ0gc+1EI/QoXssaky5QBCEm3RSjy3zSqIkskcczqoXGTA+O8pWpQsK5FGSVSK3ehVzApw5SjMyrTRac1AK1x2PXHZ2UJsRgpil74ZIuIxknhabOSGMdfvySacFLqSza7/a7h+3xcOhaFPAjR5zE4p5qith+Pt9hYtJHuLT30vKOj6JS53+aPgOTlXu+N53ZqHDxA+7RnaVGZpAyAJjdwyUhkH/r8eP9Vq6aJfNvzaI8Lnl+76schNxxsBcxNy0EilGD1rFjTElIuDGB7PkGFwbKenSaSPdgSJLyyXaInvTdkfKizBxBBVZUZbKCZLs5BSa8XAXMatVkdOYyoSTLkkp+PCeWeWvyZberm50SMdVojH7KTI0nI5aMa/sBp+ORDWky+9yZhAf4WBIdThZqsqrSbShWZFtDl6tgX9PSButspqU/jhNPNeQGhCgDJ8uKiEbjZhxo41O2iaNEeM0jCdpEjFOISHIHwTHoZ2pYpp6+eFRmxKZbDhZVvzRERqxC96ZTZ2vVaT4yTI01oiTpRzMknOYO2tCcjKQZ1bYArMdDsgem9cCTaCH1aeunv4tTpg6avuBP+ehMVrmYzPQEEujl0i259H52i7M/FfN38vWQ3ZCUOcXJ9j5bu2DufJyeB84/p57p9LXLCxlOhvfPo73OrFfWH/0QO2+1Wm02691uf3d3d3NzgzaWaG5Qc2OyGKPZUmyOKDgH1h/X/QBHsjVurq/btn/96s2333yDyM7zFxWRpDkVwaNidsC2MrsyGJRHyKasvvnmWwxbEq1cHW5urn720598/fX/2O+2q+VSmiB6zojrDse6WlSVFkTKValmpS4xiv+c3IUCiooYFI4HpkFrW8ZNMFCkVIMxzjAIuf+zB3rsSXNAH9790Qs6/8/pyDdw9jp/3HjpW5MkylAVlxmRH/WASegwj5nuVL0NRn8wtuabet/2//72vo6/wU3xN5/ePq+Jh4H64BSeSyhiDyODDR4dCCrQimIN82m8nzYU/+OECS1aHxW0XbgxpGduH/xQH6JstwUuy/UG/VIEOAf3dkRDFvVjWXCWPsVMQtTaLqrfkm0M0pAyZrBXTKZkDmChkU1zQ4kahDyjcyUFIpJ3UghiLr022axHu4qeNHSC3bHbT07EFETha2GgK+yoal6GFZ+6QWcAo0JaaaQEXS7mYA7kxjc8Pl+yhfA+0VGWmGrftkSEeNgz4L7itkcJTpo8jY8qumKKNZ2+G7MVG5PBINrNN6sVeVrOH3hJ9McW54yq8kO0fuWz0+kjWz7LyCEPYhdg0zP/6Ewyg+jvRx4Y9EYpusxBusNu+83vf4fmzHPEMNwSkXRc1aN2JgQp7qSaK0TkrG9U8igEpEg9yBIAhM7Xi88+R0fr1ddffvXr3zSr5fXzG16kg3CHvPj0M5y734PfvX572O1xeQ2H/utf/7ZerZ5/QSkpTbEghpOJ2kcXOjyVdyTOrZbvpYCjtMlZ7j4AABAASURBVKLjtfQDKcE/vyOHYqMuAPehB2SxeSeNdcEjpIKvtwBtOBJ209SuRw8ON/vh/i1HQZxfrJacD27OTzI0HzMh8ySA9932R59uASm4zapTsCoYYeGk75I7Gs315ZKssrh6fttgnD4Mx93Dw+GwLK4wsLdrj3uPYAulIRgUTpeRynHAIGggQ70feoRZF01ze32z3eO2e+s4TyUJSRzxwL6ZVAuNVHasVd4ifyITMQ8wYFh1HDm90honT4PvpieQMMXM3bVExpAhA1EDezFK/y51DvlP9ldN90jC3CkUxB8KLh81MV/lRJbtbsMK6fai5JYmt+jk/s8O054+TsicxhBS/y+RwjqrgaUWf8hPTF0J7xc/SPUUv0MxoYLvmNP9KE+aiqmkOza+IMonXP7kHnfUBjg0BDcWLvfM9InJTWzqRt7Er+CwokIXLKMspYyYPl4oCjZzvMwhoCAxbTDOMRLckAyUEQb2lyUexaF1G3/LUAc4G2rudM28atR/kCwETkgtrJcfSEaRfcsnMCXbFWidINYK3B+QkEEqIKVSU9T3FcqKqvZFrdabJg0TSjjyhZhJDKPgI0oVJsahNz3zOco3anI0Yo8QvgUo9l0rfLNcOVc0oVg3C+6QrrE2vGgQGcQ3y+EY3rOcapxhU5fXknuaeEnuWJJo6esnDsgkzZjhMm2W/KcszpmwNaBmdgY+n7pYtjUA3uuy/LAHry7dLzxrRT562WtaRxQEZTYpeWSWcozoeTKwtXG2dKCVL7DdXNdogAAurX3bNt2x6rqR0R9cN91A/TaZ2aMm7URmf+iHASMHx9Wm4j84p9i9Qjkwm5qJXtFlMu67D8OlN5M0nVn4aeBOPNb0tqMIAC5jYDIHsk1LX66bZrNa7e8fjkw9Qg0WQyIH1tEnEcdutDdCA614Z+oSdNUxdNoHQKGDeDuNueFe6dKjAbpys8DpL0F2JjWS9LgjTTw/eaAg2eYxeSX5dnvXF927rEUSwCzu8SQInrSxk76TlK/vUimeDoNL2UzTvMtJJdJAbVUdEVk2Dw9HPIi3P0pkWr02eNx6+TBcQJUsB3eEJJ9bG79nYGX8MhnsLOOF65ghWl7ChfuMcaprc2m1S9UbTfR02JmnO3XuUqxicqgstUqihijh0ZKBAMK5xolZllmiy44TnySpN3Kh/2iF6bmIFoIHZwmDYHrecaYyifREkiEDA/MRzu92ak4dk9GimmkyfWbCfFqDcfbU8lV16PlOXMKd3UxDvudI5gn/DFExBiGx0FNYxgkog5teLOfN1P1ljM4ai+X8Tt50mgURT54kbWR9ZK1cUbPKpXijDYjPHT2zBtNWPn86/qJmzCTuE+fSib3C7ukdfRh7JHbBzRZWdMJb8S8AuCz4Mc1UVCWvoiZmz5keByYVnHSwfAiHHu2549Adhr5Fqx6DlaGL3LFWhaPUOiuTkBJFiVp2Jx732T6yG9EItGSV8DQp90BMBE5RqGojxHiySPghg5oyvHCD0xwG2QsgHyArl/Rx5YqmrKhqBINwmrfk0nQ7zjjjdF9id+/HiNjNEWLrY1dQxkl1tVzdbJrNul4uEHiKtjCJ7U9Ljb0rlC+Hb3aUVUwLxpfixsgYyJQKtIKbRrIiUU6Q2Vc64jjhwvEos4Yf6fr+cByOnetG6IMf4yIWG1/hf6tQlO0I7VD0QzGGQkkVxXCgJ+IYIMUgiWPCS/ob3Vbft0PbDl3Hsp3zUpx2RgFmO4yUlCN+ktEgyjCRfcHmAhPo9c4PZdEWvvOu964lCoU2VuQw4Eerplyu18t1vVjVy9WCyLwhWUlp4+u6C0K00feI/5FhW1VC4+FTc5MnK9s/wePcIDzX/skGlnQEHMD9dt8e2+3Dw367xX3x4vPPr25uVus1lbFpk3Gl2LxkJ+cv9F+7BdnDVJVI7FqHbrfdCXsr+S9tFwbGceWclgcpSapmoEutAL4eF8uqXjar6/Vqjf8Q32VVYyyj5Ho/rSN0LjmyZuRnVpeeP8kf+5hTqzVOn5k+juqy58yJjpfxNKoCMsiyUaorPpWmiShbQDDvOICw4hXsRxbST8cxOZC/NIlTHV0aYZkvaXYz6twxLl3X1GpEe8Lz/Uh3Cn1YuVfvM/oByZZJ71AizYDP1/YMfSPOYbaJWbWyaQkk14wZ8qMt6cQJNw+Lz/1xhxbdYbc77A4tAbyDS/a+SyI2Zib6yX4zteUuuDYnNkaMKWSRvpv9o4I8PH1H8/nHyUGZ39v7TgPz88xe/EBHlEUST51ieVN1c3xH8Cg9Y8j84OxBweS8EwM0OoVwQJNJ41gSbBO6Hc78DsMQQ9ujKkGIsju2ghv75OlFKUXW5aQbRfYNcAmXd4k/RzglrZ+OdqFy2lunENMkmcRJpsnt895PZqfaIWljw1MconyQ46mNEcx4/lja4tyIjbnhK6aSTAZMBlhM1lyIk10eAwiJiHqm+N1RDBWaLYvNkXsauDqcuaeEyyQIQ7+lyikrn2OjA2UMl2w5TY03o5CY61gNezD0LFGdxnwTZUM1LbJJMbso3Na8xFSAMSkT329ggjROSJavmT8gv9igZa9tE0ibBUlqjwnLEe4nHkuuJdL9rtdyTv21ad0nk1WsZMeWIP0jHfhSpXdadTGzSLOZjdmDn0gUcOd+jK5gNyWNTfs0ukdX36lMhQtv5jdihz/70BimFgfyRH8eSSc/+iEi6fb2FhXk3du71WK5QPQ2TivAg2XWQ+YZhejVC4nT4v44QibdWHL+KOi+WCzwJnvuBPT27dvN5hpgsoOTRxczVYZbvWnKm5ureHfftQe0wKum/uUvf3b3tv1v//03Y3UgspZIhNlE/Rvc8dCiMV9IEglI8XugKIsrNq7uF8t+GNtxQMfmvj2iKxi6vuM7LNC8c5OblW0RyOwJfePP2nD/EznUaFYJdtFoSEWZTxhu0KkTSZtBEhre4At4BR6SxU9k64i4lq1b3Pnuf+72429/WzaufP78xhMmyrynRJBWcjBDZC0HWISyO+SeD1hkkaL4XmEQ9uPVW8DvLcsqVAhDDGhTMz3PuCiK26Yebq45ugXf7A5b9GQLH0oqjIua4olKM5JzE/X2lW8NnPLmins8845oG6GhTYXC1B2QcI2Cmp0snNPgltrdHC5ynEKLsU28Z2rkyWwoEu6NytorCoc6HVAuyLE9PGz5YbnBQQzlUBVV5csym9CJOS3tbWeaVP+k9p1LmQ2qnSmrHU+FYWl6CrwMeuL4KfTGCu69mqY45tGIH+aIk/njkmSIcyeAHzEWi3p1eyV2aEwkn0yJYh1GXGJqMQtYJQ6NJA915b0F1mAaJv7GOyQ0JAuC6g05ViiNA7vu4dUr4O6km/i8Wi8F05LligAFMGQbR6btiZOqhzwKFWOGgdLfqkX9/NNPh9DdffPtt3/4ElfKarMmK64oybDz8OzzT9Hc+30/3H/5bd0s0aPe3+2++vVv1hhZ36zROa+6YblcURkBzOyD727pxgvmzNO/HD/4uv/Rjx94QHAjI/TDWx76ljLxmHWpQlwAPbot3HP9jFssl+LCAUwy5B13mCwc9cTe+XH4SHkn6aK45QXs01bBLM28UEWZXZFc3wmgAI6XllSHvnn5/JP2Z1//679T9weU3oO7K9rKV9TpBOXx6Ll5Apejc+sQBEVRcvjec38rWC9XL54/3x8Ox76v6ioIHQRz/+owxihpiwUQ9z0qFYRqRxa7THeP0ddy4Gbglc8cartNGyx9mcMBALM6+zgV/WqACmA+e/zRINpBokdu5lW5k9fmXTt2hsZ0EpcX+EutJ8x9ofjOiYtOtarLcDdpC2FPxwT0QRtoM36QuUcgzpmWVDE7BLCnHIUOQUM33npJhCB9dYI2tCAG7chWaEUl9py3oYVWqubUjBHFwOS8UKOlssTTHYjQlfNOWJ2XUnamSYU+nojG1ANCRo2Vd3Ck7iN3rS6lh0IwqyK3cARszCNukwpm0qy6quUr1C+o5142VU1h76x7XeSW0XrCyVukdUDrrW7CaoNPdL/dcnOGsY9wgK4uW08Jk6X1CYpS008xBmr6EeRs7IGLoy24JLPCqaFXik6mwhfStSh0BvAtq79wtVzgYy28oxZ0/MyycUCybkDbMWhnZfdU2QhPSH1773enw6AaHUpQC+tEc6Upm1Sbmz4GUv4YnfcXniFmn7eXH0E8PvkwwZHuJ7mnbnqoyTdLuIeIF/4lFZ3nn5AMlJLaV7n1uDwe2yPlN/a7YxukhQUEjAt6xKOJzL7QhK0Yu6E/HPYLLhYuR+JMjm6IiURBJvcMXfkhDtAsxfNFMVtgYD6P5zQxYQ4V9gDcX413i7Jc1/WiKA8EwHM9KQm0wgSaU2td7PDA+1XoqoCr/7jhGSqITlp+FiT6SspFEd4JyzuUMKepgSB9dkjecXFZGCkcV/DtiZxxs7U6e0CX4eyPH/FDy/JOFhWXthZSLG4VBdnF7UYnlyDOqlllbeAXay5S5iBH0K7sjxvvirvFDzNl1UNjCVw9dEfooWyadEf5ORNw7fRddU7PJVUiWc9GNT16eOwxbNtp/3n7GnfIAznp5RCBjLO4iqD35JLTMSlcvjobWpwJYeJB6xoli4q7GJyIN4BEppEWFOenpYRgS6BkwWju1CPzkZkberNOn2viwHLTYEb9zz4bz043O7PhcvOtnsbcX/qqBGhG4b+T4WFKvWDPq7RWTrk0zDeXsRHJogPlktAFW+YTiHISPLBNkLuqnEHhbWRmVOSPpeLJt860j/6eLV/vUiuixCAvy3dyjs0m0fCDdLjlLjrc7M/rd0KaEjfXc0l5yG1rhz0WUz7ziu2FmGiQT2/kPjdoTmtXP2o14waPYpOUh0tDwTct9Pmzmw9jNjAxobYynNkCinEKJ0vHdIYRKEg98BoKLmWVaQK6orLaNdqJdZQ2hmFuaU6j+P5on0a0v64Xzc1quWkWGgdOe4pHNypPNemIcaDEvQP+59yx9EPtC/za7VVzta6Wta/KqP2A6FoUY2apKYCULB4tRJbeR6n+m5W7NcOk6kSO3ziN4ZVkDOrqJt7MyOBbHI7dcXvo9gcMuXr+r47FOlYb5xfHsex6fxyKbqhcqIKrSFcSNo52QMlVRMS+AqNnShhPneOogxWVuHdHNiYH0MwW4cZWUNuqr3QFee4sJgEzzeej5DxPHCdluQc4VnAs3MN43I8t5XOWhG0XVbFYorZG5K7gXkZED0NdrpLMMaEtCpd9Bxz4gUkmPGUtJOLzODmeJ0rhz/GAGeCZrA4CJ7uul5xLfN227cPd/d3r1zhbq6urF59+evPs1jFxRVGU6evOBNRZgwkJ50XxJYDzU3hjUbMblCU4/4fdYf9w2N4/4IUwqkAe3CjrtpC+CdJgVm5aJY14P9QECue0xLlerterq+X6GjdJI501yF4y7SQupCptSPmQYBRkdrNSDjEfpZOxkuclBJgtHOpgfqRsjORydKKwAAAQAElEQVTreeUt0nwLUb7sODF/PAO0ajM7zgUFaSLL2Rqll6pIHF0AY92MKRUmTv1l5L0gqtwa9HJUmFPqeeiZAZTa20jjWPraaB8O+TNCwrKzw1G6CWVgtS3uia5rW7xvbmNS6reSkpLbp4sV7AVbfyBGxbk3E6UV4cmOhwMTnOypoUaG/GawiE+tDM+U3QU3Lft1+qkvzjbo2VdijE/0RPOv5f885cshU3cf4sl+8HHZ/81/ncw0Oy77tKLKpvNlnqMzm55yFoC1kCcinyC9cqjsdU8ZJ91hP3T90DE2xq0V6or7RrnJVgMzePgXz4UxZl4VXFzEGIvALMIFlJrpMBLu5AaclQYBTJI6yna+ZEd9n0m5iB6kP32s6Y4xXjoVTBEhLc/TNw2Xsz+p2UOUBKSEhTkyRKuai8xcOorZw4km3CmsawVPExeBJAlR/hPrPzOmldz5syykIXQpfTZhGmSbO71FMIsw3b1+SOJx8WTxiQ2lOR0q/9QilebkAcGtKM1NOVm075npRPuVmxWe/AAN0JvYdGoIjUHwRMtr1GxjIJZrGUwha+FEHZa+JooZToyWZCw+Amj9iRaLietuJF1uSv+aOq7luy8bmRjP/Tw4+y1OBXv2ZrJP3OWll3QeTIsH3uVZf7cF/Jekk/ccai3x9C+5bliSbalKkhX1BEW5CQ5IXgrXBAaY+oO4pymh73aP8pMowWNcLJrrG6J/v7+/v3v75vrqmlo/1D75vc6UuHwLmD9ttVoMY7/btWhvoyt3e3v193//n+/u9l99db9Z15JZzyCqbw/oBgzLzbqqF06gfoYx0Raqg1/58rpp2nEdC27pc4gtSqeulyIZFkYK4k4NawU/0WPi7nzXA39MTqr/2IfW4b5TKoh89O88j24B51KJlECvwfzqmMzvmBF10XsYI4/uyBVUhMC27aevX183i2q1LjR1gAqgMCwERERPEb9IbIzgxpjK3ZJl7ybbUbv4eBXo/BNDGq4YSorKdxIdYZWzAv+iqYuba7yDYhi/3vV3bXcMJbq/kXkV+QEJukRfAV+WIZRVQ86k2lIJwnAWnXUKfAyjPjrjoAS7o8G9WOA7RGDP9r2jnq+NZLVL/xpnmf8yREbsrr6CgqPocx+Ojp00vEp5PDabZb1c1oulGE+PWdhwYX5zu1mxPxlVCprGhkrw2UeS+6ekE5N7cT7sP/xhZobdOf8KQkgj7lS1WvIj0MCOVPM9JvAhajaOLFRbqZbs5xmY5UbeIeNtz7cIvPvWYFrZfJOemWXJEgvbN3eMe8AtWl1l4YKUfXnLqeXCGw6vFZw3mzw5ly3p9LyCTtXrxSc/+aI9HF7/9vf41i//+q8RGeFpo72CUb7rly9GzvK7//pbCvstF2/+8NU3L57fvHiBsvq422PAYrFeuTjPdPlA4fmBKyDfvH85frgD5qwYjhj8iZa2WSyI/nAYC8qFUBSAeFAPhwdZDJHzTgp/4g7lp6afmvTw6EWdyxfadIbvOfX51xN6JZ2MOxawXoMZZoIBGPMiTF+j6IcfESXzUK6WN599un3zNhz747Ergnt7bAsoPVpKTMjJSSfU+5lSThB4RXQUldcwIEBJqb11fbO5Pr7sfvfllyhJJJgF1DeWysw56kfKoOAsFOo8woKKYXnC53tELePYUVvqvhbcyRBvyaU/CfS+e3AyaUS1ksFNcttNAtQGRp2HmH8A0iDHC3PLiSAaVRW9IWsrvzF4sk0L8+skcSqyWIT3ON2aqcVsAXBsVZiQOcuEhasQHIs7aGw1jhu/j4KvO2YK0egfiX/znDHqOcU4ZALk+VTLk6NMTW1Gyj7itH2PghctB9bAaBT7WQgsf1BzgXkAe4oC028EgEizDCsLsL0V5xM6zcE0vJzVqg3ROXW1I3MF3bhKWWSz61tsyplRQXdUUBKOv1qsgHkR7rdbgkTJVpJUYrdaLKuiLGyqpG6Uexp6imkHJe3xzL3AxOsWXCEcieFjxin6gTRsOwZoe5ti/BrVuLoF1GzAiGZUJHqMlhrrIVEh6pO4x1SPAf3gTrTnpcMwq/e4D/Sw2rkCUlT14lfyK8YsRGofjs5GfnqO6c7zF39MzQjng5mEwGRap08rgZN+UMRTzBFbmx+pGyp95dCgXq2oDhv9P2bcPoZuoABt78bCoxRFwVqCho5wawzDdrdbU4lxgR/DrRUT04mFzyEJ9sx2dT/UMckoneITxcqEDZRKSE3HHWguCPm7iHQ2BSW+47Osm+oYHBF+Dj3uVVz0AkglWgIRXSzQmJ9JroP7siBt0QcKv5UDdB7NPdy42mEHRBTr/TCkxnCrToKsRk48wZMU1kYjqv/yCMiUPnIyCh9jKOMk4VUWxaj1iBLatAw7ZSiOMdv7VqFnNutsIjBagquTygVYVnOCg0tG9fwBTdXQPx/SrApMNdRNHbex7dpFQAfWCI0frQRNOme27wzjVD8lzqD6mGvvXLem87Cin7BbAUkdt2sV5DM535rrcvHW4sxGiJaTmv4477Iqnq8Go7N7m6s/mP2a3BoPkF0oB6BObubyMUnLTOrEzBo8KRO88Kz6/Xh22jjDKy5ffNpschjNxQiacZKex2vlCKfIxsziSrtsmg8JbDI1dxrpyTqagAez5t2E1EPW4EA31vt2az4xMU0fOBtAFj3Fu/3fSR3K6Es8U+rtCklX0TY24LP1nn0vEwVRdCx4mAgidOzstqYPu2Sl8QpDdGUcKNAZxg5taTe2Dn8OXaAMhejNt/d6AefT0KXNkMR77vI4l9GXu2nEdNrNPuVsjNkGUTJ0zry08T0bNjdt4em8nGlBlHF1cLer5uXq6vnmao34WFGCs3wb7Q3EtSuOhEoYHSJPx55oTg7g2qoIi7K8WlWbZbmgXsxxWq5OqeadRKs9TLCDalKJweMPIVJw0osH0TjueEgqJlDjmkKYRPQ/Zoag5GzfHY7H7X44tLEfEZjwY2xcsfH1OsKii1XXl8ehaHvKREHnixqHUFoJnhAB9KqQAiK02xF9w1EdRIqFsR36I8ahKUsfkkHFuo4WGXDNmbQLLcTlAk4xkfabgnsGslrLwZdHX+wKaAt3LMKuPeA6cQQxRi4SI/Ju6q6KRjS1e0vcNy4XUmkBcI4jIU4VHzR0hdENwonX7P4jHbJ5JSOBmuaU5X6/f/3tqzfffivpJp/99Keb66uUcCAfzsCfmJ9L/j0h+pqcIEqij8wTN+wfdm9f323vHg67/dAOzBbqlMuVEyVD6pjAUonFI/+5LKqmon5JqyVO8WK1wP8aBjrU39RS9UgonnofuZxUfShaNHPQJiH22KFdZtpOq2KENzE1pvGS4WWcImbN4tKKwQxcXsHCSMRJur7gADwXSUi6iTvZyNMoBtWxMc81CVbaSH6Y8pTQbTCQ4u1s3DQqKSB+05hOEruJWCxU9EDpJi0+KVcZ0PnJPaX/q2aa6H+kvYmknFgrHzEWuH9KdyD2GkpbaY8tAlN4co3RUnNYnyIBRh7m4HK0/r1bbr4O4T2hkdN1+7ihMK0HU/WmXP6spED+gJNPGJ/yzfxR1UPM9Cf/E3AJU+z/OKCCoUylI4Zhju1ue9ztotSOUjZDLClRoRy1r1NQXebE7HEwrR4C3Xg3cvaY10WGS1CpnotSF6HwnZAl4M0F4cwy8LntnVlUM4MqjMF9jGO+T/Ud95GO+FgGgYu57Ep+mIuWWqC+Fk8fNZKmkIYkW/C/1DsPd3rXUgKoqDj6A9croXwG2vW0r4lIarlGYUv5cJx5RpCoJp2UTNPEleLRu9ytYQstsWCqZIYkY3XkKc3dxPu0HnWj6dNLTFleRckMxtsLqrMC58mEwZhaou3Q3FSyBGib/aiWPv90msCn/YNEttM5tFw+cihIBk7TSFiksySOlnqC3jxIjiRbZpypnHtiMkF+PoVnkz0N4eRayFjYBL/zOHfT5n81MTCXB99LlCUJ+aeedBLdrMgpd1b/+LIcF0pTVjdXVw8P27dv3l5fX2E4x3EwI9EhiGzUqaKlNYbMoXIf8TD/OS0FtoOLqiq5E9Dm1bevv/7q677rXyrfVNqgo4NS0/skTBtGlPLr1Rq1ADXZib721e2z1V//9U/u7/5xHN4WxQ2GerXlOrX/GMJud8tJJ7x3ycpHDwCh5GVVYUylW47ca5O8gofD/ohx0a4Tj6mMQnepty73HS9BEBdH6wdGG/+8jxNr+On6TByEk5Nd+pyfYKT0eeO7cxpm8eLXG0EXR4YwZtcsh2J86Eb0UP/p62+uEbpDV3e5XBIK3UuBMhULUqjOsVNXCAybP4syqjkpJKXuB2pSCHMvXY/alzRo2fSEunJpIMWlPN8eMfvdbKoYqFh4u32DaHgBHF50YhaTK4/6b+x6IjPED5VFot8XVcS2rt4RbiRmK2HmLlTVsTATp8IgkBM8nRIte2YHrZsGqsoJ30lTOwoacd5lsCUtp1cebQKicN8AHLnxT18cK26nR12f6yXp9ZgHUUQOyOykraNKzGZv8vWIr5u1OD0VGgehqSJfBU+PfgQLjNLWBszO8nEOUPBlLswNIjWqN5eWlmFP1BuHgl0ler039E7fUtEJDUsh5qh38+Ap90rgmWWfL5EzitGRRWWBk3B5dGJOqXly55MJLsEXgmgoN0n4Tl6jaVUvmvX1FTVqjULvJlbzyE9TyNm9WQYeTp5xMrPodgLOdXP9/Hl/7O6//vbLuv7k88+a1TLIJINf3mzQoBv2XbvD/3d+dxxh+Obff33z7PlnP/+ZryuU57gFK1wwhTSABel3iNFwRb/eJU5lA74rHe3pQiam+gsbPvd/+iOGj+PMpAOy0I69RW16mwZBkJZwgRAIFQLqAUaEqMfjg3srtYoLEsblbKOfzBGcZgC4RxbAfANCfAJM88RDziYgDnkyXEtk2JZKZjA9lb4C0iXEc+0ULPG5++54/ekn/ev7oXs4BNIWcGwp3L4iuJfbyxCffMFuMO5tX9QD6haEQjhYXhfVs5vbN2/vtoe9QtvJZxIY3QFV9FMvatI8XfBghXKIyvYDQuT9oW1r8s80D8jI9idXSsH5LMwWYzxHWyTJIkXSTEsmHG7+ddNhkBkMXDniDIFLkyU1hclH12CA+GbB3BathD6bXLtJyAQmD5QBkSeylcsTxRCZOs4yhRUTZFPCEBWDyiUTw0sALUKXbuAMIzI5gOSUSC2bafCEl3G/WfRAB2E4TjoOJFYUBQylAk+ukKnHUcE71DSAkSb8P4UEpAjUx8xISWNL1gcPGT7UKL4rLw1q7kdailnB2f9WtlHgjBYumuQnVK/B/grTGHLjbXzRQSt8J6QQm6pIUB8vecm/yeeFwXgaLkTX18u1qP+H3Q7tEwQPtogpoFXg3aZZoZsjUQ4mM4xMzRKJYI3bfPgg3kfkklijeuEJQLChqSo2ZDyTX4/4vL5zW3d0bNpwW1+MRTSIoXI/IG8PNw/U8MBwsgsnjLRDMgAAEABJREFUbLpTsZMNSCJ7ezSWHOeJKeeCKH/Hm4krB+faKOgMl4Jn+UnyIsgE4AJnyOlEZE68YAQ/ihpMVqwJAThxuHibqEGiTPycJ0UIFC/HqKtMupsBJx8pgoUfRwvcrZdtGDHA0/YdBQp6BKjw2x2GlspYFdRliaj0ORMvHtvjdrfDbxV1M1jHy9PKpmwLvDcV7zsNhTuRROCyGXL5nyH7x7OswQU/as4Hi+8Qm8KvqnJdl5um2Q+Bnr5tR0Tkijowvcv5IUkkWrTqKZHFM9kLSrEWlQe1rMI9x+1PzM3Kb9/MaCbn4jngWxa8rHTekq4B4PFmO7mvcAKtnyig9IWnrNzcuAWjF0RxSlBkVWGIgfkgeXfABPdEHc/UgERIODT0KOwCjlJBAUOG+23HHXY2zmVtTlQypBv+vgtmgsyoMJjuHBe1155IkADAKQ6tSjxmztjkr53NQcZ/oGkLIaGIdgMKFc/uSrwkN2VTqPjPp880k7NbNOfHWccDvf3oUpUHK0khHmCXiksmAOMBUTNOZLWmxwj5yc0Yi55dqqhgsbSboYQoULYydQrc2X42V4ijdBMIoFdMH04yWZBbyZF917K0p+M1JcWQstrjHAAJyemfS+soQLGbja6FL6y1RxSVke5ZTHIRGuzUORFmfEq675FOKsxpaVuJHwhiZUXuo8CshDDlT+ieBkjlFklgvfOQZSRhF/m6M8tV29Do1JLoj0J8Uuhw58/NxRsuDsBVsgV3GywpoOlKHrh0I2npKa2LDUfyVuw2nCGDSqujKfJJ8ke1NtF+6wb0ibsjKhYIBwxjhaEdCZgcadGW9L1C1ht3XeF1oR0ohTokGgChanmmBTzkckMJXVy05s4cV1CzOApcIys5GgKja0x+JlzGioxS+XhUyMxRi8M1FNd1fb1YrjFUzsE0umF286OtBEtdIwsfx76Lbu/isXA9gkPrut4s6/WCep17yWZkfaxNsmSIhZyLxoITqdlWZonGvCoSkLNQH+edsDPFi5G+Stn3LImYIoU7QyPscETwYb+HAe1zKIOrol8X1ZUvF/1YdUPVBowfFuj2RFdH4TgJFJYqXUVlEKTmeEmQ+ek49YRKqPvj0LWR2YKp1anuH+mhA+wTlEqc7YugOSheM1EKNhyhCL7qfUEZJ77YF771bhcRiR5iFajVZeWqxjdLNPA9InaLJZq9FcNHo21eFcupr3fKksQoW1VT83qhiPDzlO/ovkNLjj/O8RhQM6FhZ8fsiczxlEgkynCMgLx9/RpRhaKsrm5vb58/X61X8j35T8Ws7m4Rr6kcVz8WQm5d+MwvxHnCJbB/eHt///b+uDuMvQT/HGe1JQWRCcupKpvSkBpOMVldbZarplnV9aKi7ufsbdsTBU5mSDxVTjy+uQBNu9hlt63yKreF5NvSeE6612DkpWsPslqk87vwDEl+kmR7hKl/JUd5uTLB3HyhQhF2E21lJfIwX2w2nrP5C1q4MYGdiekEBDbh6sdCyLn5ZzRzQHS3V+EpxdJ6OVW1cqMUhG6Fz5ufouB2PxrcZ00odHSuKCn8jOaeZBdK1grdM98RZ+d0h91+v9vhCfE/Suoao3YAtG2vzxtE1wdBhif4mAMOZ5o/2VouX8aTOepSjeI0knCGbkUr0kwrwF6fQGXpTz5fPieL6fFDNot2XYlPhlU/wjHtG+fOr6saJ8zi4NHeT/vPifENpjGd6fpompH+6w7tYftw2G4RfMEdQllZ1PGE866szTABMozfFBVtHdWySTYk6jLgkmCmNUFRTgQn/J8iarpH1D4XURFd8sLVZHLOwZyPVOgj5qJv9it8kGSf9ulZkO7DTqjOaeoSyLjK9L7KKojREtXJ+JD9A7MK2yDGp7QLiEzO1FMh68BNc/qB6dBG7ilHcRYQknjtlkaBJJQky2WzXG3qxQbxVRKzhexzLsOWHFZiSZHRUwpAXSUS5HF2O5BMWz9zvEns9LYpgjOCEl1eISb3y9nTm6k2yrNTqgg/jtps8wOcFI6AbmMwZ1yXGjrhpXZk1HsMDK95cQnM1jPiZb06/yAaGElE0XwUvTMa3lESepw6Y5w1w/+THHB+mpAB+fqIMP0yve+S2559AgAuAEyyTALkKfhqkLppGMF+zdYnPCLD3rWAjSAzpl//bJhO/phC+OIhkCLKtM1mg/uQ+E72+4KTwymFw7msRjXGDIdOzfMAzrTgY9rlCU97Jqo4J5TC2WQXXm2udg/bw26HMnmzXi8XS5TjXAlk7QOjonq8cwvcGGhFL5rFbn9wuL1Di9bDz37+8s2bl//yz79iO2eBO9hTvjs6F747tqgxEEljWnvtxoeCf1FWeP6B/G4KEoxxIJPkGHrcZF0vgYyqbjQsZK5XVP0FbgKX44msP3lY95fjCQePs/BqylSfYjtnL9JxGg3NRJvqhcxbUNwg5NShKrGkmpHSSQJRRId9DL/Z3q2//LoumqaqSdaPYUHMEI7bSjtLZGWJKW46l1qLUtA2CtEHswdZnAUxLFjwI6TtF3VNlZVEbk0GbOVoi2IwsVwuK66CxwXZ7/eohDgQEhzH4PmSniPBQ09pUk7iVHw7qgQmlSU0K8CZ7JLzGIjLUcjx0fqmjLSWO+mwjS4SwGuquHN1RcIh9jPrOY2nIR7ohgyO4fqhL6pCClY4U7xxhkeYCWg6wm5Pzzbdr85OVF5u/SCercbhYqY7si66zrp1kpcQ88Kcj7nv5qeadnpeJSx4KszMYqFs9tR9xsVragDZ9+3hKOTlkqjB1TlJgQbQ8txUYadeXmRAMypx6CNu+ZmehZOiB+aPplToAnAMt6/f3G02COHU66WTDBhwqZ6D8DJKfyFcJKmDmHkyMd0h/RdkY13fPiuL8uvf/PrVH76qm+YlRuyqgj/NrOx1dfvZJ/2h++rff4PWfNHUu1cPv/qHf6p89eKLT2NVvn79zbOXn+IXS1L3hZq5M0daX7rLR8hH47u6Q7mRnX/3KSvpx9b5P9iRr58f4vS5PwiUabFYLRElwMsN7ONRRlRFLh35El23u38QAldo/HmT+OyuL9x2Dr/EODNT4zxD4sP9q/lh2AeFQzD8Q1uZH81wY1lpIaNP023FVNMEq5SIR93cjvvuMDjEOjBqj9FBUkN9X49lUVcED6G6GjnNMtAjDJTA4JjNgdMjwTd1/ez2FsdzfzyioxucKCkaNhSfKAoQbIm8RxElraiOr6BrAMFLA1EjhW4cO/wYxmCTW+wmHNw6eGWjmTx90FYXVPGsckWCT49T69vYOcPqkoGVsky8tCNW1TP5OiIukpsDLp3kcvT3DOiZZCZYIIHj8e5kiwsXvwMI1lBWKvtHPouwrchP81s4i4LNgJFoBuhXmuQYpBcPunQC7IkVImZKIXS+3OOVM14JQRbEkxOHJkpCltyI4Vei36kGh/JOCNPzI6GIWoUfIakWGTG1tBQYlXmlLJOB7gfjJSO1zHCllKZLDYR64pwaFTJ/gQcfdOxMilJpmmVf4WN0aOeg2VNSKRx/yoMFydRWA5tJp3FZtJHWi6U85f2O+E56fKq+KxBD5oI07zSEJtV4wNYAcBUxMwsxBMoTEkE9aaEjQLwBoXv6Vo8AosPholpe2mMHiSBSzQuetkZlLSVxBWhysvn5TtxUbr8D0nJktsBOMKD4iDiFR9Ld4uP4u34rbRAp1oyQWKDy706fv/QmL06tL2T6pMJlvnd8fPv88EdmwIsEUOk9g+QcWHCUb1dneDIAwE3QoyTcyQ7iBCF0Bgu4Wi6u1xvyFHF1UfwKVxgDWqHHCFQlhD3c+wpF4m6/W6P/WdWBxayb5FCcG4DRRKGY/9NDfQzdkgYIYrqQvqNHNM4KXqwMoYE22/IieQDqwi+rYkXZJ8W+66ggH9VuMxYUkstPlkHebJVzmhiH+FirjtyUDd1t7uFBJl9wIeWUiIQwuwrsvAqlRibXCpS5IhGA/Pli+mGfnf81XsAlvtP4nqkAu6IuMHWtnMQwBL+7cB/Za7A3JgVJB3ouKFao30EYUQDKSNiouGlxP35vT38mJ3YROpJlRbl+qLurmSGbjHk4BXYgs8jc+f2koY32tQvjP70AzRlICImde97vRteJdTq3OAAjxhGUtmT6Mqdiyp1KGEC9EItyycNFsxDAeLCcEgskya2LU+/UyY1xqDtC4S1pIl3WucfE4EXj0509oZs/tEgHmEUlmQhHegZJXpYgv0EapgTn3qUR5C7FF5sEgjLfqHkjmaGcoFPYbc8or1zaqaqaubhExl+63epUMVcdTI8g0tgsRMsTyUfGuWR9wAkn07S6FMTOHDE4GWqGJ7xdVKSw3QdIkoYKDtZtnHAbxOx1nHTiKqpmQyRF31FtoreXZI5IKmmloaFCn2yUzPJxqYQvPZ6UhrIT3Un7iji2+N/YtyPjLHK/XPSsPVi41Q8noLiTveomwTkNVxrDyIXX/G+wYQ5cycoM80HJTiZrWfe+TqSL0WywIGV5s2Hncj/OoQk4jmi4LqC8auqrslkjqCr9ibKNNt0bx0PwL4hbdSF2zh3BHfBKTdVcrZurTcGUuox6pa2qqsG6EpCmCskyoT4dwj0ws3BikJZw5kxRFEnST9VSJZQZI859f9xi0LiN3VBSlkdRR4/Ax5UvVqMr8M0WXSpXDpEpcIjgjAlOOHWE8kPYOGQ3ixBAGLiz9CAcJ+gjFHm+NfMz6LoRHFseihJQCqpyY9eL81HQzkb8uex9hWDWzsEO3L5ANA5Xy4BoIIXwC1c1ZbNcVAuMk5X1Ekew4mbX4cS95aKGoMKdA0vc3VVoJ3wCCI2GzH24URcvfPdDtdU7rzO3Vy8ra/uTrA3aaiwUcNoPh+PDl18/vH2Lf71+9mxzdbXarLnIir4181zScorS3CG6aU1qCsvIZbmUsiDeHHk01Pz0uDvu7rd3r95gFAM3nDR/yvxXObN6TUzCI05YpNlcNFe315vr9WqzJCabiuoBR47LRk6bVhOXoWO+VZfyPic1JoMQZoshzkAMuQ29H7xzSpvoOiYBCNL1D4wjBGSlqoyd+F1iYg/j/Sh9uXnMmR7AU0N2aeQEGhZV9XVxNrMBj1J2kfLgZV5KZspMhzOnUDURD4VXEhS97VRWKqFTyqdhjpOeoST8DJdAFDbtVg8ixBNlST0Qid6bZqooFLGRWiEhSqGMk+2uPbbSjSipLxd1vKSPK8zY/d65KWKchPE0PpB5Li5Ocjqef3U+qjFeGmQ4vabLr6KWSTbLJy8u/jo93g+w6y9fbrJw7A7Pvwa6gWeqeNoIZla6qKGLyYdnjTkG3BTd4UCkJoc9vWhb1i9q+cCknFN5hgkQ6Tlq98RJWJJOIoUt1GSqrAlu50QHzjUpzMYEIZDLJpJuP8gWUzOd85rOXZ2T32aNJL/LzDxlHuMlrtZ8EcJFz2tC1fIZjDId7IZzr+KpDCZYApCcLbC3ShPkkz1MHa46NKbwJ1PODGe+5awAABAASURBVNbILJqBE6JS4tLh1edl2Ynf7ltuJXZUuSEGs1NHOtqjTX1jxC7l8EycnAVIvuH0qI6Jo3U05B0RzGmvJPNSvUu13JIoEPqRcSoJyGu5xMqNlvYYrZ7cnGnQSJHVrWlxs8tVAw+IJaakJaQPwi0RWBoLP4qwyIzWBZwSUKL8ZECPrYkgiYjRcoaUgypZmk51T7T7pCfyIGAd2CK3ZDh7FKftyHXlmZvh8lqW+VpP/maS7e84/CMpDfkG+rNqr/O+B/5BrimrkK0HWb+oNVcraliAaNJIjOu1mu9gWXU6PSpHJOkkZzVMx2WR9F31DUyKDagQB8OOzWY9Pn/+/NWrN/vd7vXr1xhkuSqrmRNoIILgP/J2XTcdgSldQdk1/pNPNv/lv/7V/cOrP/z229XiqipXkZqJYCyF9t9++7BYb5pmwSIjon2E1hya7cu6GinE4igvbrkeeGs9tIFy5sip6Gj9laUkKjqrvnVuCn7ILxen28zZ2a9/OeSAU2WpTrv+KgJnRuebJOQpmcGlNRjTNfjHVNvknNTEOJiSJabAtqk5xj0L3xfVXVH+89s7Kooti7+6uX6OVjWpxwhCrIkOY1mQhcMlGlxUotniAlpxAIQCP6PepkQ7VI3RpQuoG4x7xP2Rth8/DbU3p7bopYNV3cdNF/sOdS4qSOoKzLcYmQAEVAGjYYw3QraRL9wZJCGGGHAdjURHpDK6Zyctsr2Od4wbyjHXIskBdKWpnY0Wt1NkR6A9R3rIAFXnzJJQ/0qwDmYvPNxtxUWg6dqEqlmwWoV8vuaQrLOT5quCzxpnT1SwbxPMnRCkpqoaUZnTIvre2w0ydffY5lWMLBjFWjIpLEjDi43KrxEpWD+7ljSO7nAcGQgyKZctcmtNra1MOeTJJNGxdBVYBPfifehL9/jj8P1pW9qAgbbuzR++wl9ffPFZs1qNfBVqhOwsJMDBS67EShUGE841syC11VismnrjrobPPn1LXKavl5v14modQEIcBGitrq8++fkXOHFf//p3I0JAwzh0w83Ns+tnNxj36Lr24e7t7YsXlEJuZSIxtXaaxVNmDrZTgzgbBq40cdkXzpXaxePDnKj/mOI9xh/IpcyPk1lBmbO5vsar7rdbFGwoDgV0kG2CPsb+4aEk2AioEZi3oN98ck9uOxcgZ66yqul3eU0f/Fww1TR5LpiOnIdvf6XsMwWVnEvgshIoEVY+IoTTrNbdZjMe+/6q7QfowhE/VLZtWThq9YwSuiwR+3LaBhWEWQuBTOp0RlQxVNX3ybPnROL21ZdhQISTNCC1otD+WVqiIRK6Kj05cDDwzuO8k8J1cTyGocTTll6700qajhl0TpyxpGFDSGOq7nLy9yWxNIUdM4coxbYFr0oh3NOB5Q+MSXHzT88JH8DyLaOBlCtEr0iDm0Zb/xrzn2CHS2YxfyUoXbmbeZiWCB0nH5q+x+iBunpOK6AUMwjqcemwkIXKg873TJE0YA7wGLVgSvpYs2FO0BneYeNq4RbPC3DT6BWsxwWkGplvlIjQerrRitA5bTnszCxIjxPFsoraZ81xZgxC6SBJn55KNVk3BYH2nDQPijpoGawjEkO72spBdKZsqLSxRaUNxC1YCKtiAYJ/g3WKjhd0WXDEbrhYymrcHQ8D+TPjDi0iXimbeok3GPgGZfI8by1xWZkrK3IVn9ARUHcH67RNEQpXwBKgxXsYEJpEHz4g4n9su4JTfDBEQNhSDbWEOrgoTlHo0RpSGADoYYbFz2bHRik8Qhl1gubkS3QuvuZfUnRGXXQnCIfVnpw7ceenkluXZS/IgT9JuYvuR/Fn+dBFZVvSJdUPWbQAtLEOgdEg7au4RFO+Epx2NLHvMjpI8bBRAD/0BzGOc71a7Q/7IxUwduPAYJjUMaPZTLa47hQ8Tcc94fuROPwYuQiFsiupvHOz8LS4jSYJ0zvfe0jT2UBojCbgz7scFuS7YQGonRLxdRl9x8SKGD9BsxKdmBpBdgrYhIhyhnSEsXDpAKuzQcvLp9wydcrJTOXg4uCozGNkMYGfC0zyy9Br1MnQO4IoCc1sHbsoimakfClrj2bSxJ52QjntjZN/58fZPnqS4ZcUQcxRVD6T5P/NMvYuHYkCQqJyee0UhWOKYuTKMYwseVtRalGHmCsj9/1MEQ6+knVBETLa1+P8JrOUshyRz5TkYxZU+pYudcgYWwwalSGa4BGDVO2LTObAnlFMpr2cNuEqqi6Fq4QBZKYDBQHoNRvDJZQ4qg1oNe5BpWLMAWTRx8lJzBaSeZrmI0igPbuvDP8BNwMrnz5Hhphm11XQATR/wla5+vVpJfLHpWPVhSMmfNXMWhIIhvWKSeUhpQXwD+9Tr5iYcODZQDlJcOGVY/qNp0FZwy3grZ9nretcVtpuOSd6Vpi4oMI8esT5rNOYnI2afV9eZb165H0vaQ8OlFhFxO90Bb5rAsoH3nJczUAljMD52pxRINmiuj6NOiJMdcVyTaXFTw8lescW+WT+SuWRXNcR4VxPFj9ZYtRhZ+QAr0vRZFAHQFPn1aSNWfazNaCw6Zm/MFkF0kCI74XLUmnHDDxfsnWiCCdbUfKwEj+WTjga9QoxZCd3vPjJJaEciuDQCtqU9aqg/5ZFXUrkjak7lCvVVqKAGF0fD/24x/A/xBZRsaas1utms2EG3EoeJXMAvGKstgqlyxvpHObAL7OOjU5W5ygPG7noiDATxNMQhQDPJMSRT4ECFy1GDBV3gw+cahz9EvzCwQK9yD5AO8ChK4dYjDRxeIGSasYilaNX0nY4gLC8oI1NNzsyNNL3xHHRSQsbWe988575+QuWc8YPCBxlodbcnmA6KnQkNHssHCIsPVRtWR2L8hDDnjq9O1wqA4JziDzW1OKPk07KmlNPmkUjGSfOTYtEdqjw5Ueji+DUFyZvKNmDVvmsGsp9L7PuVA3GHwAoyM8Zs64r8AiZ38jRR4QH8Z39FlH/7WG/Ry94sULvYXF9e7tcrQwnnMzIk6sQwBmlwSzKDPVLQFg0nK8q9L8qqndrqSXN8XA47A77h91xh4HqjufEPMSkVaMKMD0NzQvOCOBUrq+vVuvVcr1ermpKzi9EKw4AE72fRC0zbRXcbOhP5jDaDZj6nRS96GE3MHHD8XjUzAkeVs+FPD71tJrKkqc0Du6/oB12pJ+78EyXVcXdA6dkDhP7Mcmxk0OnIGupI1mMYG1umDRFM8w0Gw+020jSCI65zXJHwHHfH9qVTHUwalMJ/hifipNXvNqz4svRuzit5XQ5O2Gkwqexo+Qcnuj9oT0cOQsh2CKcnHDJ3IPJGzSpdu6xnS1yMaOndRgV85z7aM7NrLUMu8gX8LkKjZMSdRf+plfM/gqnf80u96d5xJm3awpFN4/CMooUsfHL5iXlDJFUZPOAUhJ3u/39fbvfd9SDqU8Oo06PRO+9LjxeOWVm+OqSFECPYIVSM7FAAAl+h0IqRGDstEbVQ0w2M8QsmdXkkrRCS1byCfaf/L/5WMw+oF+F9w5gfJ/3AY+z2qSvXzxU1UQJW8HMlwwKrAFp3Th9ngyakZvmRY46ce7DQDy88q2B2JmOPW5G8S3IMzMfRzIZ+L7m9+DwDO2e4CPEpJwCRU6nT9KJxTcAtSw5H8LrqnHaSUdGQv7lr3lNC9ErKbelwn/pBWTvZPcGinqCutLRpewNvUScGdJ6b1rsAanUfAJLNVkxNVqS6ybQSbJSQBsjmGKiR5LusXjKiqoZ+aNpUcvwae8eEPtC6+GoGJR0A1HOYEhu0PdZj/Jc0UYjXpUprVCeE0PwxPwjES4UwkxLJgOt5jNIEwrabkryHLI8W5hSvFwGh0qy/jQhj9Q2OucueLUnH/izSjrhI2YmwB/zkNZhMoLL5RKnfUdcJ/viuhSd7jI9pbpTJnuk0sjRmtulEyaJ8l7hdfFQ53/GkMPblSPu4Fds0ISvvvzq9es3K7LAFr6qeQ+AsimrK13wc5FKrut6FZd39/fHw46pAPqbm/rv/+tfbR/+qd/vuYMl8wlwYjnuiN3DFk+zWJRpdQJzbK7rWiOmKLsWo3S82GIwtCch16KX1cSidlqWmVxoWdNmeD9lWOJHKp7+j3rw4Ig/KfumUF2iOuhjjV4yCnUOgUumAabKoGD4cCjKYXX9anf3D6/f1EWxKqtPrq6LPhC1Ji0UKmOm1BIqKh4F10sGumho9nC49+oo9VhO4R/in5Y6fVdSq9h6xMt2USvcSXFRDAVK+OR6SZKvhPJ+++2hexhiS/3PiZx6lPUNBVOKdXgyIm2jDV6qSpuna4yGaFE0ijVzYK+0ZIObU7yh42LHxLWOX8C/cpOdBk/ct51Tj4zPyR0FnCBxYrKMkorjunEPXqk+KRp67ctGlHoG7SUg/tGJlfCAc7mF7Skbhr5yBLQO2ewQ67Bh1kRw7uMax/OSPMXEnY2qY55d8ZccS6dCEnVZ1yVDigyRxWbNg+m3r9928ejYmuI6H7F2NIYa1bOaUE8axp4zV/DBnVD2KYbPhmgM72h9oqPHK1wqPKJTFsZx2N/dcRJrfPHTz+rVigOckG6YNwtZD0boo5Z9WlNyb86JAU+nJv9tubh98RJDpK++/PLL0r384ovrF8/QQiTx7asOxma9/ul//huM2nzzb78qRlz9/W//8Z+ff/ry+S8///Qnn2/vt/dv3yJAUIZQcpakEF/LBpWphvfr1Atr4KJZ/BeZ/Kdw5BNDxEu+GteccL3bymqnRVeDxN6PCCShkzj0N8+eLVdL6TkSDS82yCAm9vh4IXwSz8xNl+TMx1oS5gmrKSXcsGKkM1E/iIXii8qc5eTUSWKYU5fUQ71ed7u23LTE6+yrAQGQML7Z7yhHYb1ADVJwIjqxthF/Btd0jgWV3zE2hL8u6ubFs2f7/e7V69fEZMAsKKh4KNTHdr83igSiV0GLyZfUrJpQF9yiYweAvpqw3QJBmOwMqwiIqjGt1oPHkBNZtMlhzJ0/SIzwBguIWkgZHNMHY3jH8HprlhInf59TNngkJYleIapot5omZm7cnsxacsScsxQBC+wEU4vyJiQ3kFNGuBIGCkU4mD3bafVL6rrCKQHMa8JfHZUahUtJo9PAOd9yohR2rsHHxYUfpPldTUwhVVkm2n+jWaH7pn55bOMfMXo+DoIV4t9KX50DCidgQRR2dHYIOYlnPJJhE/Gr6KVThw5r8GMJnj6DvGbmfVSVo8Y22uNgwDHejyB9mpUrdbp2U5lu4X+4PIWwflTuqzXY3mjRTBn6+z3BEcU1ioyiknYpSkyPJlIhD0d9diIl2Er+jJDDRU1D0oVG3VIi9A4ok5V8oLBru8jxMOkUQkW75CFznTS1JiSPnulkBvJMvQyJwKjOT7AzpF1iKzRmluZsybnHj/hY3kkqLuElJxYV7trCHKaTz59cBS5xO9Fq4SpDnVNdtCdI949z0JaHoLv+ZBC5cQJZXj4Ix16Unk3cQoIlvuH+uCsMAAAQAElEQVS2GrR2Yr6x0PNoO96sl4fDsu3aHYYRuhZtFSqQxoXmi9FzkxW9KMURD22/6FvchAKLjGQFGmiVvNUo8kwofPjS7l3G7ocdkEMvfKSRKWx+vUYuA9dva+uYilepJ0EUcKvg/lyVqAgCl+V3ZVyA/D3dL4sGFt2UKhepaFcicNRkh7NIHG8d11Ndh5Nyr8hUFIW3TEORpoqf0ohydhhN2YCzNoaqBNnGlJDnMjkNFxMQP6a1n4RhvtfU4FTydhF2zMmSRoQB5JNitwQoMt+VcFQ4lIGL5XK3pUhYLcSrM3VvHqKbhPP3sUTMBBKaCoJrlWOZA7SpIgzSwGp0TOVYNgIx6dikLkB5HSXML2tEqxDT5WUPiCp1Kc5EaiUNF5zd84UHjlZgLRo1WqIJ83xZVIDWU0hgW8zu5GTHJVaHdDlBywTM5UcYQVrNFdE7KySY1uEFP+KSXJ1/ICmbFBdJjFhJRUyzcbKfw9QISWwcue14IehgGoc/qj+0ZN9WlgLqYpcSJzw462jgsrr2OI1WnK6VshbAzj6BYOobStcbF1PrVeUjBFtGbgYVA8yMQ9OW2RPJmz5pUrmS04Z80+NMUGs0VSv/kJdN/zGFeuBmKVBBUbEcpBJYFpAiFm15Mx+BdIzhnJOSuwkywK/3lnCBHNOWTOPAzE9sJ/mBE38l46SlrsBUIsobhixujtRSDJqktYZXFQ3IxFHOceLmhpZz02dTQbZ09xCmE6r4EIoOm2KFUsBgXfpnCrBl/FYC0nIfR7yFMrplUa18sa7KTd2gQ9FUi9rXPAXEjecAZst0jC3CQO2w6+MW3B69jLpsrtfN7U3d4GlK7vCmtLu8rvR6PKOFQrROkobJIEmNdSTi4ahEaiDKWyFp4HtGVwghZYRZ6ANUXsUBYrQUDx2OPt5lXTQIAdd9XDm/QMwouKLr4dj7fvT4OnBLHcIxONmjoPx8WZAFk7kWEhAmUIRST4ljmBSoeHle4o2SOwCyLLWzlw9e204xxwneCI0Yul5oCne+7IvyUBSHqjqMg7Rh4lgcJ51UUNYIhCBGR92QF8sF3lbgDshqU6R9zpQ2I2caiemNlmpdV1Vd+ZTV5t7lUv3oR26OXnwRz3x5Id7wieOEjS5E+7/+w5fHw3G12SCUhDGFullKmI3EOwCcBVDVO7Nm6EYYSYuTM//J7K8amomhGw7b49s3bxCIOOz2lIhwxKgbG1rk1cieDJw/wgVpXFRO9WbkG1CXvfXVZn2Dd0YZJ57YdHBh46oeQF1GyyF2k3A/V4yJtiR/iNx4oHpHKkTxzBGgVZGaRcHBWn5+hpnZq5FhkaUShihZFGiXJf0bpCa5YHpJ5mvhl5VkiOCzywdEmanKAQsvc/n7JKtk22dUPYmwpJDz8yXg9PHZaGRLPFeUo+WXCPEMUSBoFIuoTdxcQYtZ5Snb0HFLIHJOiUGIwM9pSeB8obBuj8cjJ6K3BDUPbBsHUxPsDmbLMjqtGDSz0F06lE7AOaFZPEEfcm/RnejBlEabW2Jzi3E0FXuyKvSaJtftmjHlPdvHjKtj+vEjSYzL2TPuZMnPTbtod59GgClPwBSqmk1OzEW2BoZu/7CjHjptd9zu8cXYdZL35EYx+0FakipXnget92FOUWkULWmJMi+F9M1hcimFyzhXhb6nnad80Pyq9IS8T4QJfnpQSPm1Cd73/nRJxffZok/3kC4K2MdODhnBSTyDlc6/lz7MAJoGjCTjBISWRlrqaEY3CQtOaOgldSxwDx2UXlzYPVIaKTXB6akgTmrI9VEFS3Qn6TmiFJg7OjJFyuB8p2akfsKfACzSdssMZhlGcFMqoEwRl98VXjwde1blOOZd5lUOiHHpecfBJNfFxLHIEUgANMrIuARlW748WL7JfJomnqfpncLMAg31OAW9+dL84S5hSrbMvKahcPBfpTG46Te0Rch0ll8l45CerLQvMhxF8DbT+Qu/FDWHb4lUxvFEci/CXtopOta2BC+yjS0Vk1E7e7PbESAof4oFfpheWumDwJsBlEtJAVlAopLZuw7OUk8uLPSz/fXnkXQSM0Hyoxyp1ShYqGO5Wi1X+7bt/HZ7c3tLVvs4U3aQVbGz3TpKOjD4j5UwE9N4TFdN0Bje4WJxdbXe76+3Dw9v3ry9ublZrMAC9ixHvAQ0ovQd5EbzvmkaNKmPaA60oUZT0pdf/PTTv/vb43/7377t2vvV+hn5vSO3bCE27na/9VXZ1NVytLvAc1LOS1G7BuIgBfn0AsfwAccLzS2g9DoteeAIvTuzBhy4vxwf9QCT6vFpOvNkAuLsL4+scwanRSgXzJGfZFdWswsYE1/HK3+3v/8fD3c3X/3hpql/tlwvvCxEyilJGRgpg16uJZ5woQUG+GapBFTU3MRPACqDt4766RQRgUjlqSKnA0OINcAqxhfrRSyeEWvR/fbrh+PrNrQ9RgYoCCJwpijvQHz4JTV99aIkff7g8pNvOKgTQL7NwB4JyXVKOpEeEC6KJz/00pouamdNNMql9xtxCCkbmChNVfWKMWtGZ7ulIgPHoA9qneXNDZ0HtRZ/WuqsLk3fydxOBfI6u+wrkTvdNHTunnvW4FsLdvd98f5zfvQDnHUJcC5LObV1xJ/gbP1yudg8f4Yf3/n79mE/ovVDwUoHyTDScZyBc4KzkNVVBFDezvn1H89BVnMpr5ywbSVoUbs7fvPb3+MUffKzL5bXV0HnT62o6IREVuVfMuxcIoVT2S4P7Jh+HHxTXb94vt9vt2/fosRdLpfMlUMCnPA1/Pti8ckvf9rud8e7LS6Pw/32V//4T9ef3K6Wzebq6usvv+za46c/+QKtFum8CnMmpL8c/4GPyDnRdV0jKIMW7PGwF6MTjASVGDuOx/sQxPBF4AZAYsnvgajyA+bFUvn77iMd56cSylZGSvusleHI5FlO0XQ0pn0Up5sVIfkPZbNorq/RbNtTl5XA3YX3xTgWh0MNYX11hTgrOclBsQImAxY4jnuIU11HaMrq5e2L4+GAOJmKVU+RMPTd2Deh/EnhZybMJ5SsruiUCOEQIeg4lBiMpHA0yVifIjYK4c1UrY5AxlwSTyzASTZm0xQzrCP7FMCkMCEDH06uB6qPplxFXjn6V8/kKLMLXZrryfl8JENerQaCEYNELLQwWchdmAOtyIp3XYLfUt4JGQdMxRB1+CiPlDlPChHQvJYD95YiGE59+4oqCYRLk79WFil4pykUsqSJDKysRsFPAzd/IYeP3EPnIEUq3EzpTI8vf+E2GYHoC0Lg6jBusQPsjBsuJl6EmDoTcsXWhZTsKeIj40/WBdUgHg7kmeKfGnVXXUzO9Nw1BJ04sXLIVt8slsBr7wF1B9r0eJ7DwXP4cdMsK5fSX5mckMgJHBtY3KlNsI3EV2gsyAXPIMLJkqNAJRs4bl0vgKjlJ3gm38JTVOIbCXkcDdQ4UtBZ2J2zlKSLB2Qp/rNFFd9j5cb3JsOpeowCLk84hV03v4eTW0rXj8IizsgvXZEjQAqx/ki6N4GtbhI2Yt/qwss3rEpQJ2E3/jx3y+AMa5fwGpBgZRQGIxIMKHOXVXW1Wu6Oh6v1ck98Jz0XPAdOE+wKKpCmxVrQbnUtl1P2y+C50onz4zQZBmZB38mZkbei+8i1B2bbu3esoAStJYEL0sOaY64oRarCVS4uirLzXIc/EB0HypHoU7BaxEUQ/JATuSTRRHeDY14NirAirlRWA2WpcZtclV1OZy/DweTmudNbFNORJGqg+G686PTZ/H3cpZgbz5f2iy46Sc2Up8lYG2Q84YLSsr+mP1BLwLrZw67lRPl3Gu35ud77mUtfS/lGZjxfjLHNDn7QMzVrNJbg3DzSk74GmUKZn0/3g9PdxokhcUrQSSvXGbib2wk2wBcGid8JZnJEDnZnhp/+fwpogTsVXylik0SKKj6QPuzBGRkwzJJW4mPToadwZ0NxydIwQlX9+2PL2cZVb1W/ekF3TFeIKiujEqDGqcImGLptFbveZvkcP4HJnLC0OVvKkDIi+Kr2Vn4iS9hNwhkATE65dxyQ7Ss70+kHZC8mwuPk0KaBgAmg45sK0ZlDKyRYhZCdoK0VE6/3LERhE5lObSkEYNW6kIwovdIUndAUHbrkCI5a6oxj7yIC7QcMZwWqA6V0OimplxIhbhChrY4EeY8hPY7amtlo5AsgpqkQaCYqrwkXQaWYbiq9T8KNT5YSyyaYLOPmT9MlnlcIlfMLX17V9U2zvFpuVvUSQ+X6yFE3YbA9jAelbKL7hv/54uihX5Swbha3V4urDXDzZfTjdKxcai4AuTAxpeEwJCyF45MoM/Y/7jnpGSVw/JGKL91z/jlDT93YH/ph3+KLRVkjElEHtKTDMkDdjcXQF+2I2FwToQojKp6SQtFQlb4qgBs3qqnHRjbll1K/jYDav5UUB6/TZr1IvCwx6vzhnGYtafhKaE6KYvScdIIhT/CjrzvvdxH2DvbRoS3bcz9LV4yc88TdmSsqka/qintrRs4uCkIKo2KOnV8tbLPp81SkVDHHiVQoKePbpeNHsu2efEzeSpyp1OkdPnD60b395stfbR92OCYY+HjxySeL5arinilRqwH9ubIy+a8V3Bgq00Av+cSe8io4FwK//XD3cPca/3+33z4g7oixamFDmTdZECkptEOUCcGlfVXVNIv1YnNzfXV91SzrqkHQl+hIo0M0QMQ2cAFbTMIyS/md3fEjNgGcDJowMTEt9DAyDEsEAW1PTKbWV4L6k3qKiKdx5iHiFWW5JsG4PaQHjQDCFIThXBMb/5CsjpjrCHFlBaO2KKLljU3coindJLXUObErzEEUacnX08SgUShYJKVGZrPiBLWK+zJDRrViw6IEJ5IYkOqCJA+YYRMU1hhY6o77Q3tse0rTGXQcktTMLKVM6Uwryl0wimbS1WV22vtcrNOZffxjue0x/2O8/LZ80awMNSNAKTai+1AT9Ic6zK3Kj0knMh4hKtml4ZVWyBT7GLkx4zBSgGPs2/bwsN3fbxFOjJyVhRIXF41j1lnnEq2amsaST6jZIawQGFKRtBK6nJfVS0uvTIw92trRAvymLTVr971W0blv8p6hmUmN73DAI4jo079+/ubcEmYZUnjNIGcKPdGtPElSK+c4oaTn7FyK7HByCfXN4aiTFIwEDplF6VpkluXUw+biA+QOFy+JjFiGjgnCipxxEqj0W4E728qp3jhteT7l6FVkzoYiTnnvYGipGYnpH5bAmqkmRro7kfRxMsTsBuW8yYM2Y9vb/UvVnEsSU9WbhJaSJW6n168rduItLDcx6IpsPunWw6+Yupuor9FYUl4fX6Cdsmiubq5BoU6aLzZzHYOXA7PEtqyGhELqOCCSIp1YCGMetM8aoRD0jJT5a+hGwcWVk/tn5etJtJtwOF0CAB8oxP58mE5yR+jHO9JeQYP15SeffPvNN2/v7nGh3NzcuMw3zrWjzK60w3Nu6n2Xfd4ZhAAAEABJREFUn/CDjhMTL/mH4nn5Ykm5vbj2DofD9uHh/v4ehdNi0ehVaVmJXzgy610hZgf+vNpc4ULbHrar1bqsGlz4P/vZF1/+7vjl7++jW3kCiKkmQ0BYXOy77c5tCtwWIWpRAq5wBJvXZe3qpda1UAAAQTV/3x16YuUchbmxpNvx5pM6cDlA87RRmHnFfznODgDzsVX4JygjK6LwZ186t60SCBXdJH1nwD1bnhATowN9istuJUVRLYKCAnkIv6+Gb9rtP3z7ZdEd/S//+qe3zxZNjeLTh8hE7eJyTrSNMtGcIKVi0fP/RilGYbwWvCCtFA6MhPxCU9V+dKRjAa3pkU2dsSFxjx71Ajdjhd8YYBiPbw/EZo3CfiSukTCQXyGM78ZPaMIyN1lAkGanbqsL6rKGjDKRLHUejCT9dSzYiiorOu8ACMcP0mcnuqySaYI4nPDyxti1fj/2zOKIkbAGHa0GVRWNFaUghLmudm5K3k+mvcDeI0wQrew7cgVhCS2ApsggfMDZ98bHGJ++MZ92wGMnFOfNMNBJZkZZ0U7Ki5iBKvjFeu35+TAEeow7BDAM1gPnZhJFB0IaA3BYHdU2rpHMY+GriPHhIW/pmm5gOlF2T1Yi5rj6YuwOxzdffYMD+llT+6qRDjsxKtmt4yQANABK6kjmTa1Hw0OjSwidqI9I5cOLq/Vnv/jFN7/73d03r8cufPHznzbrFVoWaNPjifCEzz7/FH/+7r/9j7dffn39/NmX//PfF1fLv/lf/3714vn17e3dm9dvX7++ef6cQnp1IXSfXkyHDzUg/nI8emRY1YU3/7iHeCZ4Hw0sb27pjtDzT6nfDKFB30f0GN++eiXCdrla+nmfb5dBHvmRyf+YW+Ynf/1YR8ygXsGAiMdlQW3+MPJk0frBx8IkoRgYQr4lSXncNaco6s0KhWGPJnrbUYOHfUQg7RjGfdcjro1YKlnnxBTKFcdUwU7oKNcHcrQMoK6bm+vr7f52/4ctyuYRHSsqyKjBV3gNalVGG5fqMLhLczEWwhVBCupg0FqN0BmpCE04SMJIGsScPL6YSWO2WxPKfP5JNxfZ5q9BCnRBBjhEE8enoI4223H+nTLiKRLEBB1M34BUc6CfYZ6vAOZBMpoFiS5epGiQBPqYikzplCN31hHoChTd80F4ssSNCpMh4VKfHcPtSDWXIWZkIupPRtkF1FWhkRvoWklA4vrM4IRdZ4bsm49pD5u6mUkMg7pmIGoJxLtGOGMA5y24RiHEVF4s1UPymplmUlapmkCqrtC2ocqx9oh3tGgWZVHZrMD5HCiLEWgSQYOiYbFiyiCKq6BtccBQDguHUogTqQCJdCUXs3E56TgwZ3ohViEl+kBJjAxRAWh5/IK5lUUxHonsDaGOQQKbjle+KEUaImIrI+Xoo9f9EUam47pgZ57/Oi0n++vJQ9uH48XvnryjUFH6wnTOKDg7ZE7c4/INJLFVNpvAuGzR0vCHfD5+hEPuX0Bw+l36KQh0JWI/PSNncgkjRWBYQom5wUlNmsLcTh9GgugjG5noBhYYFLterwbcNP3w7du7gcxkFJ5DG1ve23VFASGK4eCMUzfpvqegDiNnyg0YJJNM7CJtHpM9Cy/l78dgcXKcrJ8TH9OWBxhnj0gQdnWUXdwhPo/xrLocqtFjHKQfXOpOkhapm7iF9SpMkMBOShQKaRp7FGsdBzRGV0jPyUiNukbgeAQNT+AyEs5ncsmeN2ea26ozjBttgtz5xoGPXnwJ53irQmYps0GjFI7RLgoXOsvAnp8qKoVApvZtzUVudoNH2xEHVV3WpzdxxpDxYUcygZzxq8WUwvhIhbebSQ8309juVLrI9y68Bk1l1dYwdn7K16H9mH0Upktz9ajgpKlOFSY4OZuVhDBKaoqlvKsSTI/FH8hA33PbYnqQtBMzta7sGbHI7yl3yc7mCNLhbCGdf8b8RPH1Zq7ZzEGL6RLZTL1nWSgeZSpDDAqxPphGIko3+wTIS72B0z8kiMDlw8R/s6UQTXa6PAwVTaA5w6ETNuYE8XBzjFt/N2cxnQXe/WT59y2EA9PtSmKAet9ppGgKRykq5q6F3LawiLpvtaTCrm2+s6gSnUG5V2EgOb8t+ennv6Zoa/CuRcUx9PuxO4ZuPwxHjKA4k8VeOrB4zVQg7EXPZPXYqSx7Movm6U8x93fMXjSOkxgmWcJvC4O7zI4alnOj2vF0J2xALy4ZJGSbUn/GZVFuquZ6td6srhbVguLNo45l1GUgesVFNTnRy4DeQ4vBdXQbNssSPbWylCpvSZeILhmkZxuB3uVYCiXmTEHoyCaKsrJ7YjchYMo7CocXnoukxQIiOpL+2A7HwVG/uKIeie6vQURhcMshlF3w7ej7AU1pYhN2scagCdEsOE7VkJgLw3vSIYdwEAxYtpz8jSCYMf+JZci8NdpnD3RYwFwGtkTQYATqPYc+kZim4DsojrHaxuGhHw9oeRbUdkf4CgiNq4oG3bamqZcL/CGpwGazS4hOOmYHAd8ktC9uMnPDlApLTojon+6RK6ZzPRUs2iQfdamAkNEx/Cs13t3tEDXCgNZqfYUgUk2ZOoQ3irko3VWUfTlruQ6WlDByXobjIj4A6cZC6SYlVcr53XZ7//Zhd7/dPWzb40E+ydIVpq2pWcV6blJ9FToG6DNXm5ub2+fPmtWC2j/VFZXDun7k/N3UsUss9vk8xeynHI9WAsvXnctQ6OiEuw7HhABdboLA1eQqBZnqwyScfYt3lr5IHXCk4IfojSgHilw2rvwV0Fu1Z2ryqMsxToelwMlrA5ytRl/c28Shcu7g8Cv5nV1qa9aQsljkM2VV+Yyn35JIrBMFp/oJ1Y0lnUyyPVpOTNcittRSbQ6xmyDUgls+MtFCgGlH57ZfEl4wnzU3t+j8+bzqF2UJnRp/0wNf+NLlBfCuj2Qe6alRrTMoijHKOyGz7j6+yf3eA+bFMOldOnJLz8292hgz7cUaXFJmR8kxOZI6wHD3Yd8fDt2x5RU7oRPicXDXm+iF+8dP8BORGKVmTz5fQ6LKoWDmS3qvzLs+gRa8TDduhTtZdMa5WbAmPWAydfSLejwyHZD5TN9d3sOT8uCf9C2YU6HwKIY0JswMy92cpTyOGXmlsJZ4SKie4yg0J8KCmR5HHHZntjSd1gpsskuf36HLUGFzGZKvIZ9RI9IZ2qCMKxe3FKh1lDT73DRLhBnJBAM3WcK5OTz7TYzTmb07Gdxqsk4Mg3pmvY6udpc5VvldCZYcY1Q+HXqAefXybJmpKIlwuiaV/C8JQK8Z4Ga+Ou63Rtaa0Eex1igoZZZ+LZvF8ur6puL8Wec4rsRxxoGP3d1b7tVDKUdMIyftC8egnXqYX45gc85KGcPkKoHccOJtim7O/Q/zkZ6N3TuPP7/2Oj/WAfNth3OFttdqtbp7eHjY74mjr1rI9oNzOHJka52Y/4r8T/6D5NHjd2hnlo6z3i9Xq6t+vNnv7+/uX79+g9ZezYntzA+vu5espZKyT0b6t2aDAVZhhRgxZXl7MgNfvnzxd3/r2/afX7++Wy5fek4dZsZe2m3HYwtuu9qgp1LTJgvUpJNpF6BYrBhMJglS8Isendb+SP3egE9QAKX2axgE3F+Oj36Y/EhvWJwiOmXNvzDsl5blZeML8rRiQa4oczUqm3zwEyUspG6NNSIWQ9Hsof3D9r76+g/Pl01dFV+8eInBc3RZUay2XpuQgzGhib3upBbTrEa2SogJUAuQrVhH0A/Ow2CYH++lMGCNS7gK4jYtYLEsrvBUZe8RrNw+UNCSFDYXW4PY+RwDovBQzRlSgr6lUTJYzEkElzmAFH2gGEMHwl8qzOpgyRxjP8i4kUFfUCsI3Bx4jaEjSy6Ndxa2FuY0SUuM/ZE6ApAHVx20Z2cDVGvE7PdS2RQvGAqiPxLJWAYKey5RJU+DUy0bujC7i2ix9Exuhpu3FNPQ/SDHdG86tmYiuvQgqqGd0IXRgPgp9tis1vCcg2QOjnE/tp2135MWF1PHUGcxEvHuRN168JNVkRwDjbYme9yp3Q72IprcSq4EU/pyelA83m/vqm+Xm/X1y5fkpauSFsp6zlAKlAmFE2dXlxmJun6t3ZKaAezhbW6v8TNf/erX9998i9DJ5z//KXHzCJcPxkxXzSc//+lxu9vf3R0PR8Tx/+3/9w/XL24/Wzab2xs81euvv0V7ZbFagV8Yp+Gf8PFE5Xiy0C9+C/64TxozoOMsxgkfVe8/8X48p8PjxdebTeDWnogB8J94cTH8QejA8Xj3+jX5Hv7lYrmAJ/tZkHyO6Zq6feCjDr5gOFNqHWM3vibbg5GdwQgyfIYuiS9FkkygEkqzraoe0aLCN5sNIpfb0aHbjI5ZHzDIN+yPx9VytSYnmVLEnRZ1aYvrUCldXMHkcNebq2/r+v6wQxmJOCba9mW1wO0JJEVZICB+F0YEXgmLVcgm9uz+4V0iLNsgEsfutalnjSOoh5QNYHLw1JnnsXfOJeJdFW4Wz5RRSDJKvuisp2mc4SbTopzYVJJvYVcKeUxJ+TFn837iwyWrmC2EYGznIJItLRq1U+LpXFsrhZjazsd0r/wsfnIjSQl7y93TRBLH+T4piTMasZ+mtFL/O2pWPQxSfoYys5RKGqtBN8eR1g7OYF1HIgC3ACqnfnrJn4hSLTINzvxZxHYIMuwksfGSVbDcGKKHKHiqSCEJF4sqvPkBFs0VqE4YjBecQXJkMgm8z0UDXJEG5/MiLxitpycSrn+CSBcrNF8G7/r9th3pPPfbBzLNN9eUdyJM9RI0Iqu/EOYgRkXpKoPak+SbShjQW107Mb2BG8Ah9EFJJ31r3Q1iOQ6FqOQaXShipA66WgpG+4NCnRkgPlsb2Zjok+Vo4uOSJ/0pf5HO5eZvKkBoK8xPLTymuTiZoHSDUsMSKUJHODUiBXnUX57N/WiHTFDMxAzkTyS3J5w3bEuTD6sZAlpsnNcjJp9SxpDNnDgu6+pmtcbvt1Qa3e0PLecdDEMEYpiilgBa+4bLvu27Q3ssKgxTaSxfJoDFF5dJcAtLufm5XPyYR7B0TDAvmd+O2o5ZQVhuGS2bkP8qEQEmBgQEhBYY0uoxGtd3GJzDnYUxU8ulm3pBx8nQZYNQ5QpLsKnTGbWCZLIc/lXXzNTqTra2MQPETEc4ToOnjhCcYu4EczihdlD/LWFpwV2qbLtgsbxv9E/2xaRc7DWHoEoiVfQcnFU2MkuyyzUT/bwMCqOIkIANWrxN1ciMpBEIM8YUmN/I+4/zp5bdgTEzauoxjuLZ5cDr2TlMGrjMJtRZymF0+Wyw6IuE8UTUqOoN2VpUaWyl1fMb9vJ50nKyl4PZDOac5hkqUeOFJtPcVCkIms8A6RkvDsgUCrNZE2WIMyNrCZRD3YtPfz5QkBGmqi0JOWQxfSXmHJOmBMGAW2fuk/znTSHwPzE6o+4DSYkgfSx7KUtpuRCA1HCRPqMWguRagO0Zn2XsDrsAABAASURBVG7+bN2EfLdEo3HTcxhRmMwTpFlwarU4pVm1lA1D+nRM8tmfGVRniin7lvjyJsDSI4CKqNkXxWB0aQlI99iCmc8KZr2iTjYs8NlCEFISmEaHVZ53ulyl8BOvXzg/TeJ8vLzLZ1yvjTJw37eHodsP3Q6jW9SxI1A0QtoKeshq/OW+uBlHlCYpxO0sDLjTgMiaiTGzKZXfJJ8q7nQrqXIigpT9gs/GfXIkGylLanEym9rRI2bLmueV/4i3vKjqVV2v68VVs1wvl8yNBbbfueldIb9O7TxGyq4oBu9HDL2vF/X1Ffo+BNtId87oXBISXOLidF94ixEJq4FE94TmhNgaEgsvCTfEiaXtTgHUqJoTH7nVG9VNdYfjcOyKWJTVsiod6rhqcKjgmt7VfSi6UPSxGGhQENdA12ZJvXmIjFU6o8DUL4OOkSkjmNU/SBKMJaHTrHJjKc89wCQSTziybnlfkhFKray8ZCxGyoIFNH875zpAFMhtw3gYUG+WQSNPaC0X6Jg1y7omRu+a+1/zxAkPjmUJKLmNbXT8k9BRcAdOS6oG906FcqJ0fszjxCqema/2btryYt+iJ3E8HA77/W67xb+++PTTm9tniAymei1JhkCPyUVnSWsFS7XRgp2DXTri4qR0nbqh2RwoHnrc4w7u375+c/f6LQWqR8lpku1pobuYJFYwredw/NdX683ts4b7IuF/lqo6UPK/C1KxGCQBAxR/BkU/TqSyQGya/uQuVFo6l+s+TjtEM749HjFuFyWDRPCHQginI1OVFAZCg+Rq8ShJ3lpIao5KZZqmYo6TlBcyxl6AXxleXmohaV7LVhm1xfoYXeZf0wRQbL6wpmXkG2otvckFFXdz200yVuRZUvJKgqyluZvXDlynXSok60jaL8hryUERvcVl+BjvpvbNuJqOBLCQ7iD2lChuRSmqOoWSNfKc4J1Ml2ZiGeZzNHv1CLSWTJ1Jvz9m0jzpmBvJ2UlMJkR1EdJdRRfnK3AyGj/wHr77ARNYdPoH/fcEawpRJXYaKE95DP3x0O737Z5+dscD0Sp0GNcj4IIaZjE5FuvfdCqS+b6YbM50QckoAck1YaVDtV6UM1WYtGfjrlAEyJwiawDDOi6GqXnl9Czzx4H3OCzenU7Q9z2eMrPndwXmZYQszA8Xkvhdssw5hyAwhWgfuAMLp3JSThwnmgzc3ax3cQBtQ6jC39aDnTjOYBPey+7RYRG7mydaxFEU71SNDojzrcsig6I2KtbN7koOUjILzDhPhi7p+HRZs+nV23VO8z+SF5OGPGjT5/QsUR0aO9E0kDn+4wwQSe6GrdeYT9L001o1mYNlTpBjNnozF3Wz+0kWgUvxOJ4OMr45ypmn/ptnkZng8sgY+iFAiQ+0TBpUhqsV7qLlcnlze3t9fY2a5X/55S+IDpn1i2fyb1Tr7bHdPjw83N3jj/bQHbsDMaUcj9x9acC4QOrphtuqoySVwbspCcblvmS+MKJtyVyGnJVtf3jSyVOk5Ps2+SNnfuS1y1gawH0c4QBPOw11XrdRnrw+F3Gar2+ujziFu12xKQV5Ts8Mk0vPAEOIkoaWx0suSCUA94SxNV/aftXZNUif1wjEES3rm9sbtJO2D/ecFdVsys2k6nQQgJ2yKHAH/m+xWFyNG1mC6Jc0C/fLv3rx6vXXDw9vY9wCbCAWiBJjiJ6DMRjhbd1+16wotxbUO6ZHxl/QrdqwkeFrKAJ0I8L76AkgEEdUh7GHohwLKHRHTQsUMhYm9xjeFc8h4w9ddR/lOLnNH/o+nrJ0QeSmfj5OX7RRevI2OjPZ09SYaogxVwTyGcX8wH51HJEnlmmoR1g+LNzv4/H//3YXl29gdfUCUUOKUJAzo1VAYOQQcresYIPYjrxcvTT/o+h9TCxwTMUv3wqMrMSCDafRaWNb3saefOb1As0cRADKcfw6jm/R8cYlSm0EKX+fuYnwfgt+GRI2FTMnTe1vLtJ1RDghGEfklEO964LLI/Ck0RgR0cOX76JicNbkgv7kAz9fsMuY2a2+FyuwgfXb7uCpO0+Q2nD06PA50LETi8wZYp1QDpcmQvM2nO4yFTgTzzNCBLGOAZWQuI7sbKEnI0yk8zXwPdf4hdWXWTms1eL881ODTKnsYd62OOCUV+vVikMX+PYRl0LbuYl1XClzJF3JGzSv66rrMOTF7QJVw4BZttPwmPebPbtTWadQk44u4vs40ZJQfNxuv/r3XzeoJxxiQ6UYaKIPZF9Ilx1ciemcFKBSDs/JI4rmEaNFstqsbz/95P7bV3dvXjeb1c2L51FBmAJvrlounv3k8+N2/+YPXyJEhEbXP/6//t/1aokydrlcXN3cfP2733/yxRer9RUOEwbIMRCYiGLd+4+5bpqEsPweNO74x/KgXGYdpuPi1RN6IZ9wf5TjHS7lRxyiJ1liBBmQMJKC9tV6RYSwXTuy2JTENSLk4AA2iqb7N2/xndtnz5rlIm8IKI7QuzVsjOevZ3f42Ncff5BT7173RFL9kYslmPu16whDNWdJkibEKuNUSKAwNqctCnmQJ7lW+WJVN7fr4bDs3rT4xbJzVTzWiOY2K2qA4jjJz1MiOMqaru1otzU1xQIxkFxVN9fXz589P/Qt1/HH/X6/XFIyCv6JY3hsXnH+OrU58Cl4RLhm13dHXx3rDu+yQFTOuUn2JLqFHCUU/Btcpli15FI+7UFY3yFmijcp/+Romu3nkgeXxnoCJmY+VubVq57X5T37aC6y0/oP1gbYSXZmFJ4l4//Wypfki4rjyl06xDIEF6dgEkdF5ySqkHzNVO1Ccn6kFqZkSwg393RXUZEtYeKg1FIgJx2RfOoIT++D3b6MOa83TlpFqB/xanTSJF2xAMqgrqiSkp8jaLKPB9O908qFBJ7izQ/ERR9aylIt0GjgxCRfePO7KZrig9SyRHXuL3oWjp8CDRjE0vEXdBGJ8Nn3NfG0xxNvQmM/UQvoBdyVRBk0z1fN4ta7PhINC+6RY9+92j44IU5suJaWzBPpFSf9jhijoK0VccsJFprAC7nDyIVM6PQuXc15F1wr64b9EUooKplmel4MHMSKO4sLiAxW7Bp15BRiiUKomLywCYG4aEvM38ycpmjpRJrDOm0nLytMTSN+N7oMMoh6Dy4jRLkk06xEhoMn1DO5HxiWJWNMohv+3EWA05t/p4H1nR0ONizhwtvybWXOCFOdqEqIaJsNBPP2RD8CJ+PpzKBkq4gWLMGE1AGgQcTratFcL5dcaYMjjt5fMahhLV3T6RuIUbdtt0DJyYEx26nTc1qdPwgZ0vTQ8URePXqM3PfH4qIQDbw8G2z9XQLEkLC09IB4EmbioYCr586aowJaqIvqAhZFtayHYx/LoS89teXggZTdo/vX6sCc0XwkyEq0A4kTJZnhHDUEdWv1lXOvCqJSFznbc6C7XMq2tUcD25SSUzABi/NBg2yPaKtsyevTLIVJb7zbystEjm0cGUrV23oWFg4cawlg6Eq6RLD8GtDRVxZNvRFzbjhAgpKj5MLZKMHXJOEnbTq/rXcfVtVgWsUlOarndRx1U9JKHkKhJp45RFGhkDjTh9EpgYF3bnJl0nXkIsZwFlVOkMsHdnWXzTyvOGkmakdQZ0SH3TP7pVwB14PS6IPQkgvpgowUZMkFPOCenRHn0kqB5JHp2p2slaS/03qakNw4IWZaJnA+3i6lpcojqfCx+LQ8S9AhmQcSoo0t6KCD6SUXs2GPKk14rqbGkdM2SpBaluogL6wzH5su4jpLNa8wIAjcBprxokLTBtduMJ7cRUyz65TDJrqcAcZgBZeGQoZFdyXYXE015blBNBtcOBlqyvqIYMMrNjJAQtvN0JhGPiUVIXhHTCfotHIBTIWCLkLlfAnJcEnDpvpTOVuSchUI3S5tk5wNufjmshxFhFHBHgZj427s7ocjmtnt0FN/eyKMY3gIgjNqE1CmcsYzuf2bLcggJHozwzlbfjHbccwwKPLfKv7pv5HTn1UVxqjxLRuc0akpw+akG5PmgoyNzznNy0HQZ4luR1mvy8W6apbVoiQzKmpXaqbz5QdTBUwpxbRuSRB0JXR1ERZVc70uVw0CC7605NxBzW+TsZB0gS0rthiNcAJAM6cpkdoJnwdl1EkHaykuJxJ+RjMogNV2/aGN/ViDX5ZF43wDoQpj1Yd6jL4di36oRiIyRusTL7Coy4ZaTMtQSObWCAriEIdk7NFepWQXY6BXuhytiCG7Wu5fEDudXRyfIH2cgOuhCHsrRl91GFNxcHDVHkqMnLRu7MRiLLlIkhhciFKCbooKMEs5n/TxA24MqIsvmJyRPSZ0ETwqKjSm7lFP1SlP8NPfj/x/J9wgThpreid/MybTTaQl/0q5v22732532y0ujMVyeX37bLmkfrsdLRLpHSNiWqq2AhtjWkLL/MjUDzCVclEXp6Lm8rqCIqF9v9vu9tvd/et7dKV7akwTFOpVe0/6KnK8T+QFO4gYsa4XC8Qubp8/RyCL0qE4Ex73BAvZ0eVCzalNqGIoJMk66XSbOoupyydgUsYyONLOQCoYmLQDnb9eyNrJWSGhUwo9AyjtNUjaEqdqSThY8k4svuil3Q11xC6JGFWpOB2JR2msIwPAZ4n6GNIeIQ2Q8ZHY0qFx5pEuNfMjNW8QyZ2soWw9QMJBuTZ+pMQykK4pdCoQJqRoQCRDQ/ixQshM+Cq8KbRIg9+nIgKEmgY6W49xH4xlHg9HDHO2xwPa9mrBmI0Qla3N7Bn64WeLNp6v+Xj2Tlq8hh9Y9Hn6jhpF2ayb4LbJhnzXZKdmHpcYJ+M3nXF+T6Yxp3tKl4vpFmTA9QMR7Dbc6anefUwzePpL/u/0Ik6emTPzTjAAOPt2DGrqS7Im50vJEuC2LJTN0LeH3f1Du98PCLcJ/2UYC19WC2EX887yoSe/UQYHbPJTnisuWNJfqCuIV5iyAAvprjN12Imn6eYaFUquip062a9ueiP7VoxakpSPNKQBcvkyzIblNN0gDak7vauT3xU4OgGeL0yuQRvzC1htg1qcqhc5hsailzXyIEl+I3OZUMcv/imMJsSayd3wRKSBpILZMk8USi4ldII7WeYqiLSC6HTTgdk2mldhPNL6xzn6BSaSQV3cYNZ+wjmimyiI0h/0HOOYpwuLhWMl0JACxzAZkS6ZnZr0KwtVTMM0GfLR4NLwgguTPZgs6ig1NHpp20Vu8ovyIYlqi9MZu6FVE9tr2taUSKTmttio7OZ5s+6dd+ZOApMLqrMZ897HEEpod0cW1/4Q4luE/VDR1jVw83BpRIVgG+WjoP5erfAH/nW5WKLeWTSLq+ub5y9e4pvL9VIaHnNzA7SwqTVKS1Y2ERjh6+12S2xGPbfsGbXtGi28MZjNpLKUbXlvaakhTEmWk0r9U2Q6OSe8SF6Jc8kn/EjXeloVrjqO5o+J6iDK9KrcbDZijxyPGGlYgoXJidPWvLiUJUodNxG2rqXo08PHAAAQAElEQVQAzq5sH8s8frF73qV75nmWE+1gEsSOSR7quloum83VGpfT/d0d/uXzzz9fX11zN3WQPvHkBfBX8Sm4ITyt1/VyhUsNDYWCgjTH5br+q//08tgd/u1fX5VF1ZQLSlitPJpeR1yIQo8bYbnalHUl/qJsZkSDMKAz9ggvQoOOFUuKb7Z3h8AtHseIRicleJWV1B87yWsU9e3j3ByZ3Gw1xGZT+ZErqt97nFwuzleu6ZsPuaWnfOtp3kfyjnTnO5iEpZ0npqzTSSPDI2c7vwcwRUqnkeBawhlFyQbI7SyqDBm4/qQYYdU11RtY/m8o44rXvln9188+fb4oKDoxniSfW9YkWUHUlYDN9kr9E3KPC2qwKQ10aPi8uNPmeTPuGoUon0swA4LhKLSpy2y9btC+XsJQY5TnYev6Yd8PwLwiRN0ZBAMMfXt0itwq1ad69DEpNtYVXlLFxSYQf2WoYi2lKKIhmP2KO+kwaMnMQ5Za7tGZIfb6lBQ/OUSWJEbChFNZ8U9V06DHQKUoy7HEsJOwp5RFmjHqLiBBlGTw6fx6vXX9oQa4/C6Eij3ZlERgTVTOBc0kl4ZM1rn3/sKS+G7HhS9Es87dqcPs1DJID6GqueBIpi/XqwYNY+Lw58Qd6AkxEYuIqoUGD3YqfsGoMQqhzrWuqjBM4NOlZg8E2V1llrx6c/Mbj4z0Axt1qKpxon/3z//z01/8fPPiGYrjdAaV0xTgI0PMmivLlHi1ABUUkBKykfUELtWwutoMY7d78/bbL3/vy/LmxW2PaCAvlAHc6vb2s7/5K3y0V7/59bDbt8fdr//3f1ot1i9/8QWaGovV6jf/8j/rxXq1Xg+jYGoETKsAhXwKEl6Wj4VLU5YRJEd7c3Tuh6PDmW7MTejATOy/S2l+96X5XY8TfMfJTV687ke8mSecihePjlLg/In11RrX1MPbu/ZwlH3vuU6G0ubC2B2P92/e4u1fxxs0SsGS7iEjeJSz5S14EoR1foNTiOtdz3FJv1w4QPdGdifSsQz9V6AKJPLFgDorK+e2orYkOcVBIfYSho+pAAvN8CNaPuumvFp1h/146EhoDK7xQwPxtqqJTGvogIOjGB9DlYAinFROWXCj4g5j6j/57CdojH/56isEWWgbdn2lNfxeuCAKaYAgMXyqnaTtjDeF3uHueCBEbkV7m6AjMYJYFhj9Y5REAWspb+EhPgXrNYHoJwCDVTOYho7mTMYUWEojLghZzGaQOb7U0HV6L/pH/VgmIc01VI4K5xRKsbid7lC9AxcTGqDYnmkgbyczxBBYLKFVytEDDn2iVJVkjmkIKKKm/mEhpBKcFBXEg2VHFYPbLP5pLAtltwpJc1FBTYnOIdWCRARVyaxFSL0qpH+8mLGyl8nIJSwEpSjZA12LPlcP3OciCKU7n1DWueoql5lDIti59I2HFn02jOHgOlg4plZm04LjDMGBNtOhLwYF3BU2tGWffH6Gbqqa6kij9N1D3KFlihFmsbbFknwMuze5U86XpRtuyuqKDJ6A6v5+v2uppu8QthyoLIplQY0AlX8l6rR7J50QCXwUnct/DUrm47RFHVHK+GJdL9roEBUhNDK6rdpldAdM1x9hgbdAiJVUJnPliKw/xZh45/Jf/LT8UskMwASPwsUao2CLLs2ImmSm+VTF5wlbEGw+6U5GprWl+40pG6+45H1EHRn9BX9FbdvvDngeykEFYaEYzdVJX5prEDObMwtkOvL07ierk8cpnQUTIYBVUrYdJCSGJkrYErzN7qAR0JhMJIafxkkCBd7AODh14TBAtanKm9USZV3bH3DscOW31IlwgBG9wsCAvUNPsuXG77X3VaysmC1qMlMKiCoaI3etLUbieU3NpcNTnxqLXutjywsSIdMIg5zZstel71bhVZzS4xYiW1E4FcT0E8S9YYuSqIMwGLgoRjSda3SYMbiGQ9a13C8A1MuV1csV7VQrxgqWS9vx/oIkWATnqetnoIDn4FFgADedknE3oEeaD0XnVVlMKK1OKWd0lYUKtOBSUD9lwWXjIdMuM686RgWZ/lXHCuLjwOskpkyJ20LWwJJw3guxA/VI7YNjwVhI2lmcYBanukwfTS4Q7K8mHIrFcuU4PqT1Brp94gXalqfYS3HqmjH/Eqm5kbviMakauw9htKC5puZEG0AQ3ZtISjhhC7RrGARdY6MNbaqU0KmzS0sJYTlJbCZonJdAU6AXZ9prWqroJJGuUYSlfMX6lzEnp4pUSmtRW0Dj5lFayKjkkcdg4FP7ypnSlxsNUnytbCOqAKf1BBqqZ4UQlPSDaDIyk8PUpi0fkCzDbO1Y+eOZlBSCT0nh5aCdjSCfx0YztQwYnMYYlZTU0HAw985WrlCVh6mpgfh7JmdkzpQRXjvFaSpsjMnOycI6whUhs6XniTYVbkplEJBB5sYybWm/gFPeDlbZaQQmiaXGF4+Ay2hObPsozQzjbCJK9ZBnjkSlBFr+GpPicSnjRNJNUI2VPHmVizXaGKMvtBKTlxovBz8Nu8rtyDaNV5VGCy5oC2UJsrKLCzpfIp1l6dH2cLGNYTd0D8NxG7p93w5E5yaECMLh5Jnkgtv2FNY1UFB6foRRDa5om3RCMKbXIeqG5RiaSxtr5AZlMmXBwLSotxnVcGbMZ1olNr+2ful8IMtFl1oV3QrKDVTrstnU62W5wN1TsGkjZpHoCN7UaGLGLjqMK8QhtB6Ope/RUHp2VWwWpC8K4GreII4GywqvPlfMhKneOs0OpZvgFDC1AUYWBuZdr5lejHMrOHTOGBIT9aM9iQ4QddUJfY8zV7tq6crV6Kox1EOoKLEy+HagrjpjLMZQxlhXvqH/nNcUXrmTyCKGklYxUEYm9NDKvgBrPCxBebX5VZIGjoUXslJFM8o6k9U9UqFPMUB5dLCLfu8rtC13Djo8T0G9vFFa+8qjo7dYUcylWpBpTFUEzLitdqMmY0dpIBXk8pFaTlMEnvJvbD3LnkjSamom4i4dTzbNkhv0ro9MeuEJ59MPx6w4czpDjCkWxPkT+v5uu7178wZtMASIrm5u8OdyuS6sLWwaAf4qc/KrbOh5RindZCQCO1pGVUV2HHdooq/fYwTizdv9dtce2u7Yd4dedgkpKKGUJtOGy2BEw0itL2oCjzZzvbm5vn32bHN1VVcNKYyCvXFSjoM4VyFogI8fz3gLvJAhp+aDOg7OOQWw4szOjmb5iGGJpx84i4Z5zTiIM4xMMUKbiwhOfGITkSCOJs0hIttziE7OyVWLhM0yX44kapCvD7Y5E8WIChFzpyf9E1JbHhbWnAfmGAkXihHOvLWEE0sJikkZikes6azJJ01CjKwFHKNEjsJfotJPDjI6oXey6DIzK1HuERQq/VVxUCASpQW3ycRR645dR+kmLZfL9ymVNpOiLmaUdpLMf7KGnTtxfGwPTodY3XIGmPR/ZvnFyaJNnxQtMYMrs22d3hldlrJ0ekyK0p98JEZDPFwydPTqkH9GDzCr+eIGh0d+F181eZn5PyRGZ6eaxKnqVicCwE1fA7HWmL6I1hQQMNIPLSoIhAQHnEnEkw97p1W1TFsljphPbf8yu4ITsnhvSm6f4u2y8mm9soygilwmtqT9XhTRmC/dZFQXsyFPDjE4Nwui5ruXxZs/F6czLz39Mv/3ZPyjebj5N0+iaPz3CC4LjmSnMhgYgqmbyUXiv4GbYh38ZCC+tIyokHUwDCXt89AlHAdqU9UeORNooFwTYgujmn4KPesZiPXZSwKE+hqSFRSm5zlLDTnBMZzN6MXlb9+COTSlZQ+np5GxVMNJ3swS5nVG5UhLF9JqzW9S17JE4iZHY475aIDOtqFtRLGLcszFTVeO07DA9PeJKSr7hvHepSEUkNzPzqZbTqjU1MZ3bvo/r1IbQMnAE5cxpuFJNCpKtDrd6AiE17PFSkYdt2JgVxo1pmCfNNq4Tg7b/Z17nW7Lc9qjty5s+LJeLNZXV4tFsyQbCY2k5ub2er25XtQNd5NHONSjBXg8Hoki5f7t9uH+cDjsKDfluKdjJ7xoGHtrGmoYh0NBndT6Dr+rhrhBNn9+7XUA3J/IETnmulgscCjv7+9xiBdNU1Ras55vAJPBnFQ+EH8a2WHUq3JSE6aiPuYBjDsjRI6riJnnd9uH7bflt2hZrFbrYA0mNFGMKqmECILUMNGiYDybWdfa42F9XX7xxcs3r3d/+P3r42Ff14tuGAutEiQjfRhA2vMtYUnBbwEa2BVHgx3vgUAJKG4LHytiWvx6e3ekmDxaIiPZmQ0Gcao5sKUKx17mD3b5Yd1fjuwwC+Pi+7MjOSTuOx6SLmUWPACcX+/sWqKNiKGCQhmxRHd6fF24f90+rL76aoXhuxfPbigjSpmBKf1vlHgn4Wmj44xxUNL9ROEeY0yQtDyOGCQQmYc4KE4TmaV/jM4oMiOGZdBy/rReENVxWaCLMG73A1rLBNsVgoIEaoQAoT9KLkbhKURI6YQE9OYcZRGkQsSNKZ9RiKqAmEvpETDEGQqiaJTuuW7QPjvSBJQENDOsgMd4T5eNs2TLQDITxVvr9geuEhCgw0mOC/5SQW2NjeM5NgyZOQRiw7GHEjXKyYkqlIFccjXRMHDTHVQVA0sH8Zf+GNvtwoKcDE77u669KB47jM1qiYPORm5ot/IZWTIK4oEl6Nkc0fvUCwlajnJykrWT/Kl3i50LFqqVtUkGEq+KEO5fv8Gljs7x9YuXHgU/hZVN5tMHRsoYEXuQuYfV8wGBMg0gcALHU7YyWgHrzQ2eff+we/PNNzghzWol/LQoi8u6+uQnnw/tsTs83H+DM9h98+vfrG9vrp4/u3n5fLFa7+63X//u9z/5xS/wqVfLJdfCBriQy/ydDvh+X79wvFsixTnNVa5wT76YQrPuj3U8dic/5jG3stEupDwnB3fhTde2AmQIgO4Yauzb9v7Na0FeqM9ONtT5YOYPCPMEm9z+cR/hvk8vd/I+cMVzVVFzcEKKHQGKkkIrID44RYVob3KxO+4lBIHQZG8PB3R9F1dXw35/JCa2AYZ+3R43Vb0imKgOUUhMnCSsIAhF9YWUPeKYz6q4ub4OPt6hgXX3CjcgVwUOaHshXCkpHEp2olyJQjVfcHLaSNWDRbeoEKRF/1uBaad2o8ZBgyJPTuN2JmeSJxPNW5XhEAmdGjCISwgmQJ3qR1FbEw5XSBchSGfOZ1C9yszvka9GfxLKzqD8fHby6UxZAvYU059mX7Sor8sKVGKcnZMnRYJtIKpY7lJcW8rAQO8sKIwRLLNO0EHglg4Is9VFeaRWqAO39aMlU9SkkYVJ3YubKzZ8pPDtZrnax4geV9QS6JHZlekYc+whf/Y0p/hJKZ0jm5s+7yoGYjDgSs2YOAXQtpu3F5CdLZrm89mbRADOTf24Lx6xYtJEVITj+JyTYz7CYDCD5x57i6K+IdTR48LsqLQBAw3t2/t7vKVPbp4hODSyl0xfEqdWrNqiMgAAEABJREFU281QTolYFiH0F6eJRpO4WOg7IwYwiEGNWvpJZhA3zKK/rTFYX3IU3esKZUUJaQAEQsGxI90ILsOL5a9PEjVzqQUnQuz8zVzuxYRLnimgk4HNGKK88F4fD0cEYSmug35ifJI3mz/e0//0YQeLpoKoQBhgVhTRJIQ0qRo4U1XSvtykeS/clFRSUfQKZ76qVsvVZhjXx+PDse25uyBC1ChJSyilcJKIo2CscNUhQl3VgXvRipUu//fRAiW8z2N0iVpguvITjnzUbSedjuKJoklTr74FuET+wnsnSm8D5TFhix0h1Qr/V3ZNhEUACtihWukHX1GGuS0zp88mw2zpgUTyBJJHw9KVC+epEHXE6Bn16ZGYnM8CqOCMQ2QuulWSBKFaxTNT6K7I3epkq0xPezIcp8aMzviHqnXWwjae/CsFAPHuiglwh7NbmOsK+YweEnShsFAI0u1m+t73MPzO10C6f8k0kM7Z6m+e+kQywYKNOsNko8kKUeaaz2bTmCnC+ZUzd2ESTRO6PyHvKaswpqQCZwmk03C5kw0Aac3kOylJQsGdmTJszBm/k1TUQNajskj8S4CMDwPsD+50nCcX/uwsaUDTCPmU+Q4uJamcHjbswfIZYupZ4N53RAsABmM64XeDFNUzUME2MxuZ6qe/82wnR/7H6blVyMwHQSWx7ISLttKlK56eQrlmuCxnkgJ8Sgsb6ddkxMByY0aJeRDAjUhFUTT4k6Q25zxw4CT7pixoq5mW3BwAn0E0GhrNHzM3aSVDgfELjKXs+3aHAZbAln1IeUsQNNrFNfl6AW2/4qx+NGpwUTbPJWlghorK36gpDZxIFVJ2UJA+gipgswIzJayy3FS94jS3uljI1ifMqwKoCSaFVVGtqmazWC2bJWqKGLKFnb6R7B0OOaNpha5aj8sNsebNCjCoT3QzLPe1hZZwxOhTpuElMxc0dEdBBm5VQNzpGBjvqN1hwVXmFTPy4mBSRLng5iBE0cZEKLv90HZ4/xhTWFf1Ivh6jEUf/GHAADv0/N8wAlUnQV1BU1PnEOmYZjYBcH4JR7ApMo3WZSuGn4JgUmWoB1nBozXTIziQLEXacRQeL5g1lmgjC8pywZ9Qdr5sg28LOIA7xICjRByCbDmiSblYL1frVYNjfYUANRH2negYERFWUqyKkZo8VNSW3hs/j0rjj2h1/TBHnEMQSQ9Olu3cDIrsK2Ho6O3r1xhHwpjB7YsXm8116h+XFE06oYAGnJZEpYAdpS51wI1j0Ngr0A2uaqZZc/vDXs78+ptvDrsDr1Wv2bNapBQZkKP8Ei59IcpVEqtluVg16+vV5ubq+vYGoy2irdhMCslMmCEPcZon2+ynYjZ/8Py1lOon2pfIFCBDR/R70nxKyvGkQkwkTpG6fliHGhWXw8C4SuDOX/SMFe6IpuGWOiXM0aqkaoNRcEWriZesnkxzsBjmygqgqksqrWGGE046KXwWH02PdtqkIx0pP4U5WSH9iufHqWToF6iHGd8Ed16nR5A4pTwXV7VL3wruAkl9Gtr20HLeCWWcECsMF0LQ/XiXJfw5zaF8ZN0+tpKzp5uUZYzJ7j074fw8mVyOMV6+4skBT/njmREtp84v7TKtkOy0k9PFCO+6yqU/PfK3ZCiptenm2yHmlrYotiCJD5Hx/UgddA7H9rDF2TzuDgiRMd+VJkM4NsU4DgJ635CkCmFYTADnHaRuaLxhWEmR+4u7oGmkJEwUdzRPLN09aDXJqcqG7J5tCDKZJujTx5TP4C4xIVwyuOLsCZxz5p+qva5ejMYdRDEn895umtEkZs1ldkvmTKLqpKAkE1yxPHREaoK7LQw9vym9/MhW4VGX/jkZTyHfh42ksorpLWd/dh8wOjMMxE0mzGzJTVvgZG5mWsjeO79KTrANiZU/zrolTnIBkpNp9wS5vTYLij0iNuZHjM7Fx/94ZlVOuexJ3s2eFE7u+8zSn//2mL0BZy/C6TvSljy69MS0qsi0TS3tRPF5HTRK/JJMlHKxJE4UypIs6uVq+cmnL58/e77ZbG5vf0G8KZT5QM9+PKJ63yOkdzgcvvrqq/s7Onbb7VHKL4k65cjs4Er38ueXdPKnc0QtMSxwAkjPbnf4UxKIUgK1y4S72hAY4HQD9yBlbsOkdQDSpnmvFnziwSF7imRTZJG40caHvt9ud8v7e1xSzaJxgtBbw5+RsPmRfRMQoh7h20Fsve7RXG9efnLzy7/6yb/8jy+P7ZuquS0xkhrQuyg64l8cwJU4DHjRBXoDFdllTEdH1bsYe+nJjnSrQLVcREYQ3av9w3HsyNIHIgTHv3Ib0cJSks2WVNTDzfQ1TLNgD3sqXP7YR3QfZ9q+0zW/+1I5H6IEZtkHnnTayY6a3gGJWUaT0aCp3xruStibVwJTateKmDOsF/fD8C/3b8pfU0rGf/n0szWFXrhfJuV5EnM77paeI3Yxam/YcaqPocNq7vXXlFIgnxk5v49KEsmFZ1dIjTJKhmp88Xy9JNJ7KtfycffwBpc9ZfwWnpPUqQ2FZ1og4uiUrc1qXeobLSrHvpCmZTinZVKUU8B1VuIWcF1w4ZSXUnnDIuedKByAGwnDUGjBczaxTgoPOJhnJEgYaQ/oe3UkIKV7s1zCCJHNU3TaPXmavKRDJQx7tni5qWeoa/K1eChHmjKNJ4kj+qMdNsmmja2ujP5H/SvQYSaKfDaRR2Oh5DBvKWZK1HzhaLKW3EXynoahsEcT+R1nVz054DFDBJjwXDOKKSNvvP/2a7xWWdfr6ysqdqQWx7oXOLhDkWtqjUoFNeyRGouvcXRD5iPRAqoXTVE8b5rVqy+/+t2//ttP//qv6uVCViJ5jBBuP33Zdz8Prtu/uUNk6Tf/+M/NZv1/+b//35qq+uV/+k+/+9VvfvMv//I3f/d3lLrUUTrqmSyJjwkKp8tcM30Ni1FR/cc8ciTFZR71xY/FP27eiZsP6I+pmC4dYsSvNxvcJvdv3uIaEFBVBDjihajQ0VLc3t0zQPx8sVwwqhIAziz4s2irs2dXcGRqygO5cvkoY3JiZZHd0jSd456mktgHXrqlACSxoWy+XHbuCRxbNOSzrYjsxGF4cBhb19/H4dvu0PTVTUX1egV/J3LROUpl3w9cMIjb1uO19rtxUS/RKN/ut4euL+sSB7AcSqmELYjYRCs4KLmxLCgVgqEatpGILuXYdTXBm4T7EgA0TruJIwRcpsCNU0FKJfRhYjRv0rBdFZDJvUslXtE5yNyPaVPkW0bxaz29xA8kxhj5VGO0VgswjTtkKNpFjz9OsBCAiQwm24vnszn7YjKswJSVZPCIOJoqmWPwWq8dbZwd5xsSPQAFar2fgY2afU8P6EnZlaEamRSaMoqoUWRZ2ow560bnuLyWzlZQTjYi52DZQJTzV2g2IZxphpl1GtXtHURaDT1fhPy8QKwJRNZcRlXYUVgemMLFiXFlrMoAicWOfvXMktOg0U5EJxSAxWhAQQ2DrLUcXJ6XzJimTzS+hNV6ZDb1+92WOkB13duH+xrHY3ONWkeYV9CDCWbLARFXRLYKIhHwoy9AUwExzZ4qMY/BFReXvYOh7/Ap2mHwLd54KyYLtW3uiga4rlRQUV4rnNmjt8+dmiJI0N1idGlc5fVjiuB8meWYiLpscIrGuxO9yLYD08O4hIK4tBXSQpnPe1FI6/aSuoseDkuRtFYd9yhM9h4BaZvAfb8jv3O6Yx+5v1Im6hNywtsriuHiRMbIqCk+mC18Np+0UQG6u4umvgqrq8P6/nDcHTuqTmZWlW4cikBec+BkbfwVV0UXhjpWpYQVeZuLJOJNAC6zidxHPSA10j4FkaIkZYZZf4XpOXWlUA0sSENQ1A0VoquFqzA+VxXl4LohcGmHdg7widxU/VxncU/OiVcpRwIycPog+swt6hQilScXJCYPRn1kq98CbszDyXPqlJDVK0MpFAkiStSfcE878qGOWerbd1XikGecqBaw3DnOZiLu/pirr8duiH6ErJW7SCr0oDC4wzSHzDiYCd7vtFpOnjddRX5nmMdLDXTNfbUTFZwziBLM9zrDNWNuKmebDOKFR0zfOfuy+j8nxljM71aoKySBPmltynTFlSqhcnZAIjNrwOTUO3V+YBq6XKL6CyWk+X1kL2CuYvJhPD/DTHa6Rz6j+QT69I9MqyoLvuUw1wUJnXj3oUra1LvKO3usdJ+mg2J+2mkZuMllihY6DHEKIroJoI8TqiC5AwCpilz/ZNed331+OxfGISYlLIJbOdXAzEZnik8phMGsPtN+HM/gBAxHxTfUV68iogHPVcnqyOqdCH2y2YpgXjRYLYeu3NkCiPZDNxcYUxMaQRjgOsZxP3ZHDINigIXKfyQtL+lNsF4S8lA+GfoJSo22BDN1r4tNQzWi5SEoo4nTNBMjyAlpY6gjrrwmyTwQLSd/GfMob8yiiKhaEDLFUNsiwlVZX9fL62a5Qd8DzR1hZNLPKoOHmbZ0k2g2tGg5uHAo0FCty2VTNAvEdh33tkjxwlzSzIwcm22xjHlX4mii/OqoezT1N6C6c2qPrrPF7OhoRXY9gV+ouroBcdumqNa+XqG9PI5lNxRtKNqOXuCjDURwgrFr1FDcxKbw6TkYxwNzvBwnsfR06YEVIUflo3Ma+nBgxb+ah+OFYRBXHOVcUiI+sDlPZGMlXhAt785XR18h+rwNYRvHAzV8jCNa7h5Rl3KxXjSU27OoGmpF5Ji+2/adKnfmNpEEcjF+gKPsZd3Uwr8VL7cm/FM8klo8kXt5yiA+YIcBC8qqqVCNHahcmeqVEQv6yc9/Tp1fGApL0b5kIUuAQ84mDBZ9N4i6IN5+DFM1DfVFRaegG3bb3QFd4u32sNt1x2N37IUAKCr3qHklaTNSBgtVT5UYlV4u1lfrZy+f3dxe4yQKO1qczLNRBJqHBPya+M0FMag/NpESJ31ks5+kko4S03XIM/ZH4m6h6jviMxOAduICMedAhblEhKWtDn89mGNHxn/VCM2J9NNxuT6N8yBRZKRFX9s6NaYuJ2pV7oRuqWR6kkLEoNZn5pOerwqDEGXbgbRgkHGSBBKJ+ODCwP84jOXD6NK84wNUzHXtNVFAxZQwOSFehNNNbXSOHU49EzDg2I1Smmx6LjmbMlMQM+j5xAA6Hx/5VL6MTYFmL7MlD3BiRL1P71/4gFqnFz/4YeLgfZGip5z11KCaHi39xdzhfHRkJmMKigfnLdUI4X1KoqYOuEN/7Pbbh/39A+7ZwG3QMBrDgQfWIRMXyWS9RpHtTOUOGrj2TjpgMbWCbB7xhYndhCMdcsNyZ+rCgEvGceqhc2EI3WTY5y+mteQ+krROhDXzIXfzNZFfLmY2jZtycWR1BtHGCrc6pdSSb0t2l8BtkZvejYyntEfK+OzbjhIGRAoEhgJJWDJFF1OrTyRx7DqCZAPbnamx5+Z+1UdSaOw4x3xI5qpnevkOfzFt9ymTPEMr5x+L8dCWHScAABAASURBVCw/Kzo1/WKcHjrdTG5zxpMzfu8je9iLImv2ziPuT8y+7WbQkovT7Ln8HGfnOasctmqGaNRfdEjtfCT1waIjWFa9ppCOAo2iPcCuiOM4KDAyTRYRZU/WFXGEV9XV1WZzc319tbm+uUG9/7f/5b9UXPqJl6J8w4H6qzw8PLx9iwjiPf6HVsZfkk4+8BChK8sIJ3C5XPbHFsFENC7wdfpMwmVk06dpHaQZni/AuZm59PFvM+IKoL4/iPN2FEba7Xav37zBVdM0NYDTMFJkZscoOSLiqpKpX5JzQcLvcNjib8+erf/2b/+XV6/u/u3fvrptaoJ3yLuo4hHlIiJq1DEHnZSio3YlnprKi9In2VcXJWUR0EXis8VGlNar3bYNzFxHfRkJXUSrR1gflBor25+Zw/joEf/okcX8+KEvHONlmf7xjsdXYoS8nQa/M9FkZV+ng1ND0kTAXMRLfSowKMGUq1DiGj16+MN2N379zapePb969gt0OTynjhM1NJkuzGcuHjNX+HG8KufJT25AiquZ005KveQSZiFfDZz+B9LwnDU0GttrT7kvQag78cO7h7cDFWRiUBKYE5/KPmDgZetdWdC9S3FzdFaryEWJYEz4AOyriBsbrdBdbD3GfbwaLhIcjVylJ/njLDoqikt1fZ53kmSJE3JZfgY0EANRPoa+7bmHKB31clH7xvtC72+6yXyq4NxOdya4iLK/afAXatzIPd/M1lQ/yv3gx3vlImQ6lf8l4sdS6p6Y8ICGtg2UDcyYhtPe8eLFqWyWUxnuEILTnKHZn53ZOu9lQE13llGxUqxhj+r3629wHTebVQkN+4aCn/LwM/8miJ3IdnfyGEyIpqtz+Bmfc0Hu6+b25u7bV3ev37z8/DOM6bEtRsTd1aq5/fwz9B1w+o53h/3dw7//7//95tmLz//6F/h8Lz/79Ff/9M9f/fb3X/zi58Ygnd36uyyn7EWciYQfUfCeH+cW3g90e+/QOH9SA3Jy6B73vlksq3o/MpgrrNKgLqgHBgf3D1tpqkWNXx6PNsEEvus7J5CB/SqmkPu4h/g8kWt3hNxP0B/8k7RPtg9mBeuUb1IwpWyx3KzpDH1brBYFaYEw7OJd3xcdrPoFwjpLxObwOwPF7yLLbYSi8FEWZcWpJx7FNO69T19+gl7gr3/7GzJpPEZT+6oiTjuEXwqKqsYCQVBg+iJE7gbx0CnBAOVT23ctWvMjmvYNVX6DVPVOQTX6Se4YhLwiOUuChymtw5wN9sC8hX6n4RLH+KLy5mNGXjIPTsKsJ4MD1bfRzeV1QirzSXK5Un7CwSAVI4sqAidkPdh9yge1IQ0jH1RexkRpjpNNSW1T0on0NcjvXOjgyS5AQ3dJWa0IhbeSd0JN3Jk5+fxORSwjfBjq+nhsBaYGYvxT7SzU6PnnBZ3hp7ah5TBPYG7obhyLocf1WONqoPuqfEZ4M2lw6YaZ76ws4MTZM07SBwEIKx0DUbdIAo14j4/tO9mT3DqHsm7xwcflSlDX7X6HaxkdyNf39zi+t5urRV1jABwkj5NbNxABbogZzTIlUSrIG5miy1QZsQNVtUTdKWRLxXE93RZnzJBRQR2d3aKoiVRNCPsl+mkNBeYaWdEqZ5QCMOWrTzhnruNzxy0/j86RjbbL3TdZ87MvaN+KafzALhSt5uvMpmLQtuLu5i3+2iA0D5o1bUG+C5d63zFJgg88Ypw7WcAchFNIJvsgm05cyZAX1GSjJh1D0kw5y6QgMdfUzZUvnnfjvkVw8x5/8rWFwCOMnkx5Sq1gS5u6wYe6LKUjzCRYAktElOcas3DOwUd2u+CMpDc9Pqcm8wST566oVyJb0ZihxKc5581zdgiu3NLDovId8WVxuF8KtxMwoN8FlW4aHIaR4WFpU0V0g2EsRlcPBUqJMbDKc9rX2qYgyKBrww4TtyIeuGWP+PYigjxMLdc//PgIHjd/m105J+ZvQgUvaolo0yP/SlSMwzoktwuulnGWjpDcw4sa5304YHaPOZhDfZYIQKdO6sPAl9Ozgca3kp4THXPKGZ+EzMXBiNnn3Dv3NmT3HS3yZr/On0s6wSuyGUVVCuLjpOusWRJgIfRTMy1qqgSc8mFceITppW4SSDPC++VdPtT75gIuvJIJugDCpihdmDoWfPcjm1E+q1cFkV7osEZLHFENEhWSmO7Xk8KP6QjO5SFPLTeUsI7MLpg/CGCSDiAPb+hXs4Wgl5pu3qlROIkKMxKnd/KFM0bN8QNxiiXjhDpLhogCrUJ7KZLtkr6vsUy9WMzUmZNBSg0o3GnRcExNhE7vg/NZujAehu4wdkfEQiScy6cITguaeXwKoWh2RvPh3BSsitGMj2QYOJj45TWEE7TnYczTTSbegtwnNttZ8l4mryZOE5I+5tQiYOOPSPUc2jawgeq6qG/q5VW9XBLvQSHNpKZBAY2gRM2tpJOgCjh6PyCus1r4Re2EbRc8zDbhZJScSGZ8QI78ebaN6eEo8Rdt1kJ6oRAi7exupa567NuRck0Q2R1r8qSqVdGsnK+H4I+Ua1L1oRpCzWujiK52CPP6pkJcmEFcJwmT9AgFjT8TBQVyKgeiVxkLW+bC8y4xejdtKCdmM0U8mFqBTUyS6ZGVKlFjuWpEzNjXnS/24B8iPMSw82EoYCD+MSiaolkvl5tlg2broi6bglNqBw9uJjmlp47sSfYkPWsUa4CS/KfvYWj98Me5wZZep/KPaGKcWMFQZYaAsaWubZkbf1iuVuurq9VqlQg5mbIAjP5H9am4SLhEOm7zHbnRDK6hxXKJgQVyeCl+3e8etm9fvdnePxz3e1SVUqOfh0TcFJelLVYIKApE5bu5vb6+vdlcrVebVb2o2N6zjm/RxZRTCydhacucS8iUSlc3leTZZjVpmsSvslZKaxhGZSOxXHMzHVz8jCRU3koKgzabU2kQOdNkoPYWKqUqyjXWg6uM9as5MJL7Jvn7aZrsZf40IDURQnBSlFNRjX6EM/7dqXOUVgUIQYtIDkObNWOGiEqInqQTaJ1PXhiTCh2Sm6JTx3jRyJ3kcT0cdntKOjkcefQYTVUChjTsSR9O3fRO1cGl49xlm38jrQFI4we2b927Djj5JT76MXjXN+0+Hr1MTmxz4ZNPgpQfu/zlIh/npr3Cb1huaFpjSj8WqR8LWUeoDtrjbkBRsLs/3D/gr6CMrF6ISlnRax6Vrltv7DhedxmvLenUzcudkwV58XOWCe2jIvGjJKtJx2iyKm1K32euXdgbuUXsfsBjkiAXL6ZDHy98Q7y7KNgT954T85KDN5Tz1dNUkPJFJ3gcUnpoIHZY60ZDHVOLZM9LQMOZL+ligBOnPnsd3SzscbJ0v4c3lztTkL2WC4FLzZgufjlnB5niCkrLyH0z81xefHvIbzxOAlAHme2+4uQ2pk/MzTX3wQ+d34Lsug/++nQzJ7dbuEvzErWUPLP8T8sWZK2lkyYH1iWZH4LmlwthI1qolF6ZBpPXqYCg3F2TMkzhIKuVSQGsrRZZj2jcrpabDXGSXV9dr9brxXLx/NmLn3zx07/5z/8ZT9VxMuNfkk4+8EjmlxgFi8UirNd3d9ToSMhFwCSg6D+laCDWqpGb7AyhH9Ag1sgCvEPhfd8DhTzim6CWUdgfdrvt/Xa1XK+XZbXxyrQkSdzWlpdvnlo91SUbV1QD2vfHuto8e7b667/54tXr1/34tiyvy2qFny37QD1MBrT8a/pk2ZZ1xVpK60DwOWsMWZEAZe7ysvZaxBlfH7aH0EmCFTd7pewAjOaDdoOLSVC7p0mGaIGx+L0E6J/EEb+33vyA7z9ueL3nZFOsa7Ke5X1jGVaD0+hIpZyXANgxFH5owuux/W9v38C//Xv5s89/sl6XRaWkpiDFWGxvU59zaxPLQLCaQekmnPYWBmsaI5yDBVfHFuASSS4oeEGgQ0ElFOUnywbihhNUxmK3f42LfuRIlhPh6tk0xxBhxUm4YlBbJ2RDVHTLExOoGL1e5DslETsFlKalqZadtvH1sZD085LqPOnWBuoXH1KDYLPUTbzwSPQjWfldS35guai7Y7PsB7hyFQU2CovQwcycM/vc5bmv2QwK+uAYUCW+E4rgBu4lIabmdzeUv9uhg3q2BaJp95llYx/CW6ORROC52ayD4Bw0unurkLCeE6lOVWO1zGEwcrejgkmbwWUOolzrKZUuYKelU8rJpQCh3x9f/e73KPZffvE5ycaKYppg4AfHFPEePXdX9bNHE+CJ+lbLMvNgueFoyl/dPkef8OHtm1fffP3pT34amQnHc1RmcbV+8bOfoDv41e7X6Dw/fPvmV//wT9e3t5tPnr14/mL7+f23f/jd5urq+vmzVM6S2YjOPaFbgQlb9Wd+LHkb58kQMX4sM/qpV7/4+k/8iMyuhDCTbOruiABSr2ITUY2iHB3gjkDAiBDPvucGz6scHLl4GFQKUjfjPvaRZvns18g5f467mJVD0fOOpkBhRWDv1IgNJLQujFOsl2rf4J/69lgP65qZAI/DuG1bfGuFwrSSkBY1HaMNXSj3tuv6gmCXwG51gW+uFstPn3+y3+6/ffsm9sNI3wtSMkc4Ln+UcU1Ka/Si3VA4lPQOXrFs+7ocKJkXDSTJyZQ6f0VsBYTlBj9TYNunonYVWDwJubJO82U1rOTJhRMvLHP4xWn0gpwlX95NWlyIykRXxLzgAMBd3Hon9UYuFYq6d87yVBAfuZZDmo1xE8goDlZg+HkWg+Fe79EUPf6/p+Y7XFLJli1zTE0Ah7zCc1GlZ0OWQs+AI/6scNYqowjLblWSeCi9qapJ8TI86ZgmnNKb4CTLdiYTQGJjANKvnAtKIyJ8RFiGi7IsIyd00lqzYuN0kjl7/1TNoX91egMAjYwYPQXC62MhNW3ucTGYdlPJSgttjUVR3q7XEnfZH/bDOG6Pe8pshfjM3zTA5ySLSTlFKC0YolaqRlq1bZD+gPQBya4QVWi9PYCSbSipNh66XkpZKec8akCoYa5EhRwyNMJJXQ8IOZuoWBBTUsSOfvZSODlmYePzNxWpFMaOM8hmXkISpZOQk0weaVJqRHfxLAwfLamFEvQZ1CYHEAFcYwI/mQ2d39N33GMW+MdUOXIuaW55xkIkziE3YqIPeqPYCCoYROxzZohKBRHItFFLcE1RXC0XL65vcYd1/T1OP9B0F13o/eh6IQGMrhvHtqciL2K156zcoPaU5ceMQZKvHGRvfp+HPjuHGcJa+A2QIjWyIAo1ROkThZJJK7OIo03NtZ84igjFVAVgjJbaDQTuKuTE1KNILPvbU05WkqYRlDRmFJkKfuQaty7gtsIgn6MACGftB4HlTAaHNE8uk9dOY7TSMNobmUG0irI/vtGWi0RvN0waEjQZPN/3zp1CuomCwlmyF+0sHJ921/VthLXkVfBuLtz8AeEdAYxHPpZs4+RoEH0r81qleoLLRmZMnmZSotMIxCTYYpxAagmWzM5SrIGBAAAQAElEQVRxeYNbZej8gpeUalre4leEqA5hTKh/CqtfvFLkLRinT6r1MbEFqDEC2WmdWQ4qtU9EonPvCAqI1/OUw/yzYjJhLM3EDg2XxuzXdJVHzsrbKDuN2bSBR2+itJHmAvMbNsfNfg3BnQ3r6bOBjpD+O/uDIfjR7uTdp8reEUfeOWcOo/PpjJaKIef0F2Jo0WiqWJjBSL+h0EXgo0HLle1DgWSiNzst6oMnJQxaICTcGmaBwdnt8qoKdn+OG/MQzQm4w9g/dHsKhRE98sgCNzNnfc5ycopIhMQ/ksb4VKtGFSNpGevzSrpJMBhEHkVWe1DamzjbLQYVnGwhMXX5+5Q1iJaZWxflGorranHTLDeLRVPWhfXQjNl/clbWpMS4O+C3yyI0ldss/dXKL5ZEC+c1xD7dDMzZWbOApBe+EE4gQNHIVAQ9E1pTFziqeqVuoYHxKKL8o5/Hzg1oQAbUzuhD1eBXzlf9gHhv0aKD1VddaMZYBmr4hjZ5XRSLumiIywGIEpF4akYvnXIY4KJWwn3LVUxjkepr2JDAm2N68Bn0AdwpIEoJonR1JrsYlxOCyfilIiDcA3gXfje4Bxd2zm1h7NAVQ1sC4+Olb9bN+nqJwY+qLqqGIBdKkKH6MbJjbMp0onnOGU4k6JvqKf1JSg8vK/ejHufKS1f2/P0Mg42nv/MhifUYBrq/u0Mt1iwWCA1ReSpl/4SK8wyC9ZbKw1QjcZ+3VNPFnbbKBcYRGsEDS64sPR7b/XZ3wP89bO9evz1SE/CRCDOc03w9vmu704nOpiiJxn9zc73arNZXKwpbcFbVKJm3oNTRnDbl4qkSSSc0kxAMWzsZwKyThTMUUXSZxnw7babDTlUhiRZOw+te5IzlmgD3vBit/ZpQJXGtS1nWTVU3CykQT9wo6anz2dGocbI6eCFKb6+srwTYSbSfDgVSqsJrZ4T0OBK7DXECFidMRneVdM9iYSBnxMUg2fDt8SjFBpxhUzR1Q5zKZSWy1koNfZTqaSZ9xZf4xcOeZhyXU9/1TJ6WJsXnzzXN05QtkPliNMfjyXqO8SSvSE2qR+zWp1oO4oo/+tl3n+TCX0/Fwvk+FWVzchNn55k/LDzm8YGIakgVC3EiaMzwh6RdJYWUP898Qlw95eMQ2v3hsKfSRHTGu8Ouo5yhLo4cqsjasMiwyhoAwX+kV7QmMqplwRknnpu+cRcqL/mCnKbP7IpCfCJJ+S6eDpLOyRNn8OLIZAhJfJeN913OObe7zu5OfJVoH519KFnFAlMQyMODz2p2IK9uEGIlYjQZhTvxyCVD1DeHmxlpoMno1lg8FNZUQHgMuCKcjAXvEm+MFO27MygjfxRB8j7OKHkVDrmFB/DO/RiTkx1notpuM1mRckJ5IjPOYzGRV7kcDEvXzubl0pKaxM9HePoPP+CS3xUvftBeGKp6OrOXdg5MTpn61KLNgL0mpe5TA5KHYmTqZdF2HJdPgoVhkCBoM3AuA2k6KaunJozjiCrg9devK7Sd6pr3d0DdQW16mhqNhNVquVyv/pJ08oFHNDdWuObw5/rq6nCkLmj45tXVVcldCRMY4YXOlpNhIzc6QrFC3QuLwvzV7yFo33mfHEAqHFf/4BJ68+bN/f3Dw8P9er2q0bKuKT8mcg2lbj++STUyuBt3GJtjRy3vnTu6WP3nv/k56qn/7//nH9GsKsn9RL8iIjjfEn0wPRz6UHhmCsOQR14IRozWEXXoAEm1x/PXsL5Ca7LFNX4MlNLXj14AIqK4COxTqc8I5kpFE2mZYonnNndyM9V3hh9VqHzHI8aPuBKe9uC5Qo1nOlY+kbdPyxRq5iKaf31uSugZdFIE/hQc14nh5OuxQ0Vatwv/u2Hsv/1qFbr/9ec///zmFj0/qoAQh5+VDu2kIYp/HBT21WpIu+1Uoko/OcYhDX1I0mJUByMlKC2ZBpEKdtl2onxfhMWvisqvlsTvHEaMD/hteDOGPa1JptjnevqBAlJtxQaW2XsUdFHXQZwVrxni9JJCZNRkR/p/kymWhTDE8I/MaihjR106WeKTDGkY6h6c2YtuhiREyaehIWUaoRFNRuorIakhXJXZIDxh2DKofsuQCYBkyiTXxBkeA1xBiEgJXgV9CUZjyCXAoSvYF0piMLcz3Ec44CIy+I6tAaIzBRDlVs/VohHDBaGT7thKSYJVR3AijvZoiCnrRtRnoBYHMi98TTcrvnTf8TkkOsXGNN5J+/D6NXqhLxYoLyu6y5IrtLzCxxykD1qqoDi1h5T6QlEGYP+8YNJd4lNocLmW0A/d/v7+yxA//elPSSXJlvGuWa2f/+Szw6vdwzdv0L79w7/8arFe/1//n/+PQ9t99pOf7O7vv/7DH9DJxxVToZVgyHicO1DZsAOchJXZOU7jAxDPsb8Lo/Jk3P+9nznFVi59N2YpKR92xEshzHd87KMcH/ds54eMCUqa1XqNL3awDYy52DLQNmEDVSw9IBiBM4vgnXUxm06S3y0kHhH9kz/HwmAC6NPcpbO573QYZBMnjR/F5qGbJ5uY+U5QHiK4yps3pPiRfBOEEqNwiJVWq0U/DPWmxff7Fj3w47YbXnfHdV1jDL5mmU6blChKODwUMD5KkpYZYByiM2h710X58vnLHQbqD/vwf7D3Z02SJEmaICYsqmqHXxGRmVVZ1T1DszRDOwPaB9AS4QXA0/6M/Sv734BXEO0DiBa7wNLODKZ3erqruiuPiPDDTj0YfIuombmHR2ZkVXWjNC09zM3VVEVFWPjmjym6LE1DyBlHUWZSw0ZursCaFbKC05DFKXw3T4mzFyjUuu+PS9KrkuJRe8JZKDmK4Z+z+pRUfHrkKolNW4DRJ/c4lMUqhooz7XmIveLlhotVm4IpFSEbnNP4AZ7SQ6q9OlB7GMo/vivhOUeqLzKau1N4S6MIaYaTxhkOPAfaVxpKLdxoHjh2ftPcaqOW5O4ODcmqlqvuQvOyLVnicntyCns30tBPIcV0Tio/manWXVuGaNpmNWWI5hOylx6aqmQJUhrlOBKJSpp2A53GNLKrvXBG8+GaUeVWZgdjaQWhsKMH2TM0rrTJyWqDzFIczNkJs+0Hki/CkDwIq2757uZOg2qPT49sUh6P8PRIs/T1zR0rBsjhf4M2mbSklZUWFiA599IMXO4E3ntCFTGye1quqOCgRGb85Wna00bJx2ztIFTi6twa3iEqMJ62McoQs6IqZCTtB/OJVUoXTYP5fNY/Oc4xc1zZlijbJohyQgPCRwtN6E+ck3FcTClNOpexjtZzX0SO5KjqNWeq6eyA+ome+evPO9D1o7BbXcHzyjZZlZyN3U6nktf4lSg9lsmrJ9h0acE0vL1aH4+3W1LJNlup3+agVY/QcpMd1lp6TpaSbK4UeD/8z1QltxYJcpL39umn/IRUPQkOVB+qqjOJc22K8AmiNnxQ5UeHw6ZJFkulzUAGzCKz5btrWH0eysbTK+NZpSMq+5WCNX7CUdukp1HSHUGTBiQRR+F03SHkZgVErp6yQoz0+qTsCM2Srsbxucfz8/hZ5nY4SXwyJ0NbVWYu10sm2GdbNbR3Y4KirtC5PcMnTeDRZpzX/H3Wce5YKH9Kph1pWXz1BLPnUrMX5+5NyVqAEBOu3oNJC33gs7tCSTNVMZNCk3E94fQxNSJ9LsTTPNUt5HgKse6OfywKg0+1CbsJUrEWE6ZaMtqSVbfT/00EV/dNnzoqXTH8B7M/uwS4dMGoCrHvJyzgrBdvPTdsCnurxEcVLPQJP1130ROmXP9pNvf223y0vglCc4bAOElBXRdvGFQKALN7OknEd+UymnaQokbHnftg5Grr6w8u4UPBOEmCZgELyTjp9M4GUyK/YLk5WAMmVbaxiZCU24kKcJEurYWwd1Z/+wn7PO7H44bioaP0txDl2bRYAAtfKYx/rkpjUw6FLB4mzfbabBJVmCm7FR4/ujaXik5naVqjwi3Y52jxD9kYqPH5OqtJL2JDnkjO4bKBVYLrprshF3xHEekFd0H2W6VIQgVzaiFDLeCBJCekgaz+qyXcrPN6yWCIjaYRKwNEl1E1TaVYfUWPTtKDzJpO0Rw3uesEMqFRq31E0dU4iXqQtp/9UUq8UjsiaaUrxG4cyYbp+qklF9BxbIepYapgjN6uabh9DT0Q33BUtQ8sc2m0KD2jp3BXncaW0YlTs+EN+M0ZjkTZUd1zXknPjfrYqGQDj8Y1pe6YGvK5b6fpaZi2XToyIFhKjBlILqBufbNarBaLJbf74UDt2LNinYPO0WKw1ruEp4+stYVgVCiog2WJy/mcZtGkZ7jHL3u8wC3P9dvzkxvBLNfOQUl10XH8xz/8gez65WpFwYvrmxsKDmkkE8BCmqzsJfMSKJqFujGPB+77wGkVy1W3WGZzFHBQg8v0D8f337/fPJDT4EghbTqTLBJdQBuY6YjJGJKYtBSbvr67e/OOXm/W5NTqsja6YeIZJT1W1BixnadagfEHr/iJqmL6+YniroeZDPayim/Ew557ytAjGKJDk6XdX1txYP4pgd5Ju/BowHhyY0fQQTgjhDsQLLg3U9s2LqBrmZJMzbOjCFk/JJI3KQKcLoj9T98y6EptZSLlu+LKsAjiZJnRBuqcql0mHeYFbUJAZThxVjqQ08ptN5sdK+Rc9UBRIcHCJ4pYc+Fizor9ZOa+bBh2MzMVsLd587TdPD4dDwdR4IyRzegwuO78g4tE7TTsv52mc4CLLzhd1FRd/EyLP/cy4XPbaqYIpPNQ7nkqSL3v4BlnI851CZe26Yxrw+xLF27k+k7STQECN2OOj+TlDw67Z4Cj6jFJItNxEOuKvtaP28f7p48P/XHPvKE/CDyw4LuHpGVvs93X6F+AoKRmUvLt+Yf1eNIUE8U10YwT8FwEhUQRjD0TxEb6tUr3E2wSU0Evs0ecmdWfdd342gkNOKAw6GihnAeVbiH2m1pxYIqq/M+RHuKiR0m/ZMSvgVPcjgxtQi5Cxknqdfdws2aWnBx3y16nLHlomJObmcmiGFZd7TXPCbR+P1ee2NkkuK6fpEwX59P52a7yEw3TL6L/ugcYL0ws2uqdYItiKs6DJOqcPZTfDQQZPu7Fn054seQVZ+YUltF+Ho294sAzL8TFaYQLNbEXJwfOrm9f9/dwtrjnVwKpWsTyNwgsRl0vFSimsqoLgaWe55hKShkG/fM1sgMYk5LFON+g3RXog4Z29tLIwNF6hm61IhHx+IAUg+NAJl3xf/jv/7v0ix2nRPC6Zb7oQPqJ/OI1B/yUU863sSb4H6QTnsJEK/qCOwUwnfBa0Z85HQSKxyX93Ec5kVgJrFFrUqcMK/ETMnoacTrOLEkMIu7Yl+Y5s0ulYLSCwofHQ89ihEHd8tfffPP9D999vH9Yra64PLMRhEU65yil0tJjFKQLlBrQriOYxtlIpvKgDbCbPLHCKhnUZFr2kyo34kKCeqeloq8muLQQZ9Ph9tsvQzyvuewrdpZjbwAAEABJREFUb40/e+m/1BHq9YU/saoX5Xzq1kup6O4sCoWSStCxZovh8uCPMPwnWsVtBictfJ9gOw6PD+9JtF7d3r69uuNE80lq/5wMzNrWolgMh4ubMLUOU28KEfqQxS0hpymGvWRtTIZkkmDZ5Lv1NfemRUUh5azUQRCzJ+u/Z/kLrLrbQ0BtL+itY9NZQY6YeYJmXCQoqMtZq5Ar332ydMSkicR8NUvy8EnzW6SUagGE7ppnlUXsIk1Qlz7SSbJkNGRV7p4gPB3V0lfvRafhcVjdQ5KpD4S9UyL/AntNbw7nDepOjwSl5U98ls1zJaixy9WSzhqkLytK+W0WkCVHB1B/kdUKgKR2Ct5JDhRNmClVZQzzP52NzFaqrI/OC118+/S4WK00Wik2qtQ5gSmA2pwpxaNZSa8dKlLcmEQpDGYfCrFoCpIed1syAlsydltNJ2WETyLyccD94/a4O1IUfPv4iB2Z97fL6zUZ+T/84z98/4//cPf2bWOlLVOtycXKzmmzvJK528zawqpiI6XZ+5N1TK8jg/RHPGLM5Xmqp0h/Tlz6Jxz1bg0CFv9MNrTWruVNcjjq45e2ZdL/ixwKtDHYoSKFP3BWBxxHjYHkqgWkiyoTnKo855Ryps/Aye1OvGxQBVR0kOoWkQTalLweESznQE7Lxg8VHZflA0ghuxh4rJPQnkqwZocq+Y1HuYftfXWeZikVNcYLuZPNuNluD4c9VxQBmCbIckwhpEHaXopvyTtoin+A909mBy5NM29h1Spz/cgYLhXbjWFFKv/XWNykDg7QnLcq8OZ59Sa6jdWYtDK5hGYvp4rzaDaHioz5qrifA+xScx8CQNX/DmHm6FEW7r7dC1q2KbCCRWYmcjZ4BVWv45ZgnCk5Y/ZnFJ1k8lQkhUQjHTZbA3k+MxfpYU+sna3FHTeZhixPaoPU4IckKHjtlz2RpKiAqRpKjmjmd9Tm2aM53JtqHUx1UtvGRp/pSTYjk2gt+WT/VrMvjzDbJ9a0FfkpBm1RnwqtgE2jgC7IxTC+BZWUo0+lXzhvIgbGHkbGIuBbrrpuvVqzboOeT686YSmmzoqvbINUKH7ZgY0pgfJCCUloxGcsqYESRCJHtaI7txNAROBC9wEbI7hQitBvkchGCTjvUVVRWt2x3hfG8pZ8a5TJhlrTtVFY1o5dB8xfgjiLBcZ97elkxgRpHLlUsTlVpYKEyk4oY4ZLLorXH2e7rGKXyZVzG60K96mSBTIh/OvEmhLHVotTyXznrlvKIvosSCSQIcr5fKmOJKfE/nCUMhplElK/LF71BtR6ZkZKfg2f6VggdwNargeGj+qnqQsOGK74dv7sUFYBsvVu05/aoTzIzPa1LP0owAZaGaSmySgWxECm8cAkwm2pNPcrO/N2J52Sicok1fqSXBSzGykyq7TnWrbCQWdVz66Yl2Th2S7XtLXi/pTEazUumrDFavqsSf2Tx8k5JzSsx3OUWoHfa36M/q5RpSaXEsvTVUVXMU1D86nWS3E87NjLBaym39Wc9PKjwfM6KlRHioJWEffkRaGPKGjXhLEAFUWWjewby60CBR0oOEfZ/oQmxmCaj0Rr01IqC+S8VkSVOEyyVpRKNlLcHyXHRXVZCbDyX0fINO77oX8ch70UXYpFrUPEuCs66B1TjjpneNLHig3baBBCW56REAW1nQuDhCBA8QoSzMQVlgz7sh10SvWTUxLVD3MzVZ7o5BEdq4uGmY4qRDPWFvOlA0MuyaiYeCavXBdsInQtiGGARVw2RWbaMDzyEMAw9ozJAbqmwP8DpYRUHtTWW5rFZCtGBwjcTZhrV2rROx8JaqkJR7tjaHBIJVoSrPKsDfyCaCFYtTJz5xuTJBeSwsNoFqmDZsWVNKxRNbJoJs5lHQSvQl3VhmjmK+dRU2OyyYFjT00qVZsUY2uAaT8Nj/3u6cj9g6fkPXp02NLlTUJc2k5XHyGnCOWK9wPxBLSseqtVm1wlLPFUVpkZyk0YtvXycOahfV10J6Ell4SrRxRGJz+HU1Xz3LUc2uuLlG9yd9Mu3i6vvrq6uVmuyf5etEs3NQXRUOLKaJ42Fqz9MB7GaYtp16TDohtu1ulm3V6tU9uhpd4yYRsyVoLQxHQ2vaxcntaEOAb5dRxb1vYcWdsX8vdJXeyHqT+OxEhJP0FYEItLeTWlJRHAMDT0+eHYHPqWzCLydePYAnZtXi+7q9WiEb1SMIEmDkJw4/QhTYPUdfec8zGNIrnQEWpsiE6fRskK96sIYihWFm8HclDIvuBMGFiMqT3mvMP0gOMDUcsiHRcwdQ3DEC+gWy1WV4zUsOAIeqc6lxPABCY9RoeVMOgaBqXknvGN8J+kq6ECVEgsnR8AP03vuHh86lKf6YvAeT6KPilJSc4w2G7pYa+ur29ub+m1WC5bybPR5Ht/KNu8Av1IkdGj/DiOA5lF3Wp9tViumYBI2yeSORw3D08ff/jw4ccPj+8fdpv9cOgnQes0sei6nsyz7HVa0q5d31x99atvvv2r33zz7Tc3d1cLoqJOrHBJWZKZt9zJupeUS4S6waBLUygQwrHn3Q0H4b4AD2eO0keYHo1+ipMWQL2H0hek4S7qGd3zy5Ve4lIYJMsmGvFwVXfT0DSSy5H8e0vaDwtyGJgzLefCoj07rfguihMtIFOmwFJCRb4W1wsfYpAqxoRCTKCLBcuSM0GWZvnuWdNhWr1CJ8W/0HNHlf3m6enx/v6w2wsGSsstlm5uVqu1VKgLzImWdID66oFxCg/H/Y7jSPvt/unxafPwyI6jcSos0ZXyDCf6W3r+1yh304vkM/UvZPPJpov32a2JrOHV+riwYxDrcOPzew/rt3B6DaWs5F5ZPevC9jzbs/nSkOYDeQbpREwVc9KYYqNKsWYhQCo6IIfnR00IIeX4uN3uHh93j09PHz5++MMfPvzhHzf39z059wYG7FHNi6tyOUZHPHNBRpj2hRIalI5OLbPIlnOqlvSTvM3dcrVYr9pF13CaFfmu+EP6SZTjqXvalCrLRsjhFZyLZng9Iy0aaPX99DnH5zFtwGKAGdsxkzOpkRYmBmeViBEm1clk+HE5ziAilSzA43H/9LB95O5FtAT8eno6bMkzvxuOBy5mkypoK5zR+jII9Q7MUyXcTe5szg8LFEgDL6npt6QysIKduRad4zqhV8+S5p2vQr1SaW4HnRzVrFZ+vGgqGnpQhXoS1IkYIQRVr60lFhr+GPhfitNSfwKU2hhz4aVZcOLCkeEXPZ6HX3qW6gTM9NJpszOzW5FQ/QoO7xd8MggUoHJWOTpXbBq1xIo5afHHsN70MkHdfLnGBbfNo6U/shuE5RBod0apsxdMI9r6i8X6anV1RW9Uhi6YS3Ci9V+STl41qtfcG5IV11LkZmKjlBcBZsWRQQ1ujqomoKlERiM/6zHhgpDGml4ls5X8X73goW0pnELS4+p6JeFG7QPttbJmgho3Je/fdrcnDYsTHBkvjk/4+7/7PdmDFGS5urqRHu5qvjGm9yj6fdctpSkmKNRtNlgtHou02OVO1aD5JZik+m9UpDpxVxsoippC/lQAJWT+yelw0+uXIZ6Ty15mQy8er7Qc/kTHCS19qprQpNe5oxzTyVxNCjUGOK9mU6uCMd9yut89khCmkMft6uq645ae7PiIy1j063z+zdGS3CN5Ah+t0lNVhthu2fQGYcXSJpes5SvBHKUTjpOk9wuyqxZ2icFqGia4d0zCDxhH0rwWTW7R5HdRvwSLf3Q/Qyn9Ur4PDnUVsQrfLlDTl/7m+Vj1s4W850cjTsSQJxaxAvVL2nzEFgrZhCerltx1EiuTxYM+qHYt7K6U2buTBT5X+fvEUaQsPrObXBtxcenqfhGiHZtYZBUPx/0h6RyhJwin6sJi8kjJg3/VLUVMU1Doaw+fmVhil+H8c7/d0squ1+tWLDqNLadqlYsr8nQqygSryin4u2y9E4mR8Nk/bej5xRjowKDL82p1RVLm43ffk3VMdHj/8cPNV29v3tyub2hvrb7//e/JfP7Vb36ThFE7lAWU8Z8vSDxlvX3tBDgb+IVZg1fQCXxZWnrF8dyw8ZkEi39CB5wa/85klAcq5mrbcrUDt/rmSIT5/T1hnjwy26cn9kqsr7h/E554f2brHu/L7npmJPNBnn7wOVvOHizuLk2mkoRLGDCwXXQKNqCJApqTUfgXmrWnDvEsdRwDeaL2B/oKtwMcsdUUMd/breYKROpeSm75sUb+8PCw3ZK7OJGJLgp5m9TVJZgQUhySpcn1GBdUeF7yg9NKkLtU5UEufg23NXV7umaDqYKWMXwmr2aEC30GY8uKDzCZhVdsDPAP3G/hQidiZrawYTeexcnmC6g6W/GWurWJXvCqbDjhiatGM3XMiWb8WCWZsjXA4JlyerKMGHDm7w+uM4eN9PXLkmKVNamzNq2EdiR+Aer10zI2VVwzRMUAQIpIgRnn6O1RNRSFhjCvuqvvCNdN4lePCejza5sMds2CYaGLsoHJ2tp6sQuYZe9Z7Db+U0asUbEkGWMMouYOCoASaip7NfZv8kkBo66s2NBCUUPPGJpCvZyOslx0JkDVihWKQIk8cWtB3npM3qaoyfM0jsmrd5O8BY3lAGoVjylS/A1xU7E1C9JuMwmiSI61zq67CP15ZTnEA6SK5KoHnb3Bs/qY6tGTX+2MZc1UTzvHvawlh+nkXifvUTFommivni59ZUbhX+J4xYWqsss0KVeEijyELCdLUdJsG4sL2I6rJIIuhsx/Yz1JGulLQp7rYbff9YLJZ3q7TZy4Jpk9Ngv2kRPrzCdFRChdWOEkCIvBTF54XXh+mH3r8nRhlWyuMTJFQKrO4vQp7ihguYfWT0prchlsid1LMEhiCgBExDfp0/oSe9KJMU3VAy3+IieSU6drONTbKe5jKp40i7PYvJh4mDSly0oB6q0OjeXSnVHYK2jkfLIuEjy+8P3qi7M9Elu7bOTzAys1uLoLpIFDzZNeRDI7yi2MLC8O51zzeGbLWaBIkvuPXLWPCykFDppP7jaJmfYHKcZUSiH39BFcKmobslPTTo95wNOSPxmwc5DKZrNDxVnicwLiZvHQuzSAkvBp3id8GIcHTjqZrN5CpZpWVSSbfpO3KBCXw+hmtT5PeX8it1U6afa8BRo0RqZED/YDq/msZs9Zh7vMqz1YTyCkklNSXRAgJDrG3KZknWJqU26+qmfRnpQCiU3bqSTLNbDtlc3zWsvw5JJLv15fCj3XOVl/lmQqlbQyS0U4q6jUmIElh9lOPqEHlwwnT1LotmQp6XfVomR5Xi4I2W3ESDFXKQ42A5xlNMHAPUnoa0ty/gncX04hKP1u/rjZa+0sq0AewdJFKvQW1131SSwL1lYww5jxkMbNcHigqCbZI5z5Z55xf0C5sqUm2KO55jBFBDdVMxQy33BBkiS6qidS6o8lOqRZgqH/6vgUyswa66DlyU7u9DDhUK6fbFcIE2B1bkvDlLUAABAASURBVAHNddPe5O5Nt/pqdX23ur4hj/xynbmRIp87leRU2rNZ44fjlPppPEy4b2DXdvtlO94sgWFOlmTtO8CVDDInY/gYHF1JwFmrTTZGwJvbfyw6iV/bXIiSzvOAPb0GbnkN0CEsJliOaYVpPUFz7OkFx77t+5ZimaRUw8TwLcuOXoxywlcbwWBOxjzRSrJXRV8gKT7ZE9SzEQW40tSUXQAuzbN2bWyTVHJK0Vg3ckuddg/NBuEJ8AHHpzwdFjB0QGNqVl23ainGIWEOMqS0tHPyFGWEskJ8SIB/Uoe8Zqh4xlvyms2XDvhyyll6XvTOpCq+akgnGSfaFufInXF6KcPIjHFyc7O+vl66CAPwtg2eoUKrx56z3ZZCBjgN0o+JjtVytSa30mLBpc10zaeHxw8//vjxhw/37z8+fXg8cj4xGtgWGp/SiwdQEEWlF6vu+s3tV7/++mtON7nhailOwha3MMjehED09IdKRUbox24OK7vLzvPAsB5mqoUdat1p+12uwD0cpSpNwTE17Ub610gHG/pEmwpNlpvCRy/T2DMA06QJUvSNjmhnKXlOy4WW+NqQ04QlnSI8xCm8xToSLXoxQBpBOAABxm47yRVZtBrXU1UvZ6gSWVyWln8gVtNlqw6TrrTIHKga9rvd/cf3D/f35NWh29KNaE2vOAvphl7L5UrwVLJkv3AHIbL+ONmmH8l7ud/tiTHvGNB1s99seeq8HDGFsVVLp1BpZlIxnZCtqxKQXtLGLyhr4VSovnWaHnJ6O8QTmV/x73KN8g/OTzu5WBE6em1T5NPl47kHjL9OIT9SuLhnrxiYTqxyVN0rmIuc5MZmbAMM/XG7ffp4v324336833zkvIeD9L0SOEUmD5Gm0vFdm1pltrtz02miCUmLpmst3WS5pOCxAHUt2LvFr9ZiHGStt42lQ7m3psij2bMXjQ3qDz/Fb5NLvvQljtdxbyVtVeFCi00eR7C8CRB42kky38fjkbgt11Xs9jTzh6fNYUM75Ym45PbxgbbMcc9tjChGo/hqaut5Vq3UX6g9J/UaWVOH5XM13VQ5VPSj3Jgq6kqjvaklKYS6eNLATlimVZXMha9ZpTZBpvG5wmb8tn6VDQ9FCQkFL83enK4eVn+PscZ+T7Mmuqab2T6rrwWnrwuL65pFrWJ8qQNm18LZ/F2gtFJHB/NDzz69+FnGa8X83Q46H1JpnakVYGhLXq6RZxPofbR8FZSl5oBJ9Tf6XV/3erGChJJao6dD+kvSyatG9fIpJvC8IIz0BWI1nPTadTXBFU7l2axJ4jpNrguVftYBz0sycOJmUPdx3O93jJ7IwHf49vaOFKXRcWLdeerqngZImsVBlK1gXDc3d/Trf/wPf3N9dbvfH2+u77j6jQWceZI5CUVxURoF6LOJUBe+tJFgIU26H3HQVpKOc+LsE7H7FFRKShn0logzLQJeQRG2e38p4jm/bD5LpZvmXDG9wmD4czhqBuj/5pM/1b9WX8Xai6SfzL6YUskQiF/srdIvY2kOaRCgQ1ySub5Y3CxXUjCBWostKBURgKi0eA1oVB5AfZPPnkZs8JJ36XEcrTnm9rStNIQiXWpkpU3tAfE8SAmidi4YJ+PgrBOIvVwvbjD32PVgEakYrkPOyRc1IcwnENAiV5qT6pRlFfP6ZVfb0kypY0erfMoWzHEQFBlNv50yzCrKTTMGr3M/W1NIljqvU8d+ENmY2hrASuvCsaENgIpB+LOOWC0XYxfPitkOqVkENipMrnCy1XpNxhbreUcu1xNXPmpBBNb3UgdjMoeIWml2HzVs4VQ5xueS1avZTMlVOFMAkNXN47BYrRfc9Uzq1VwlDGpN0yWTx5xH9geQL2qjXfoLXY0brHJXzoEcClmQSFupbCAzePP4SCRBAznutkTi3/6Lf0HcldaM3EXf/+737379LYo80nyCUBbDPNaHCm8eFoMNKjsAUqVpnTGH2fqmTx0/n4o+96jvePHuf/whfanjZOQl2upoBFyPIGkZ4l7hgKh90UIG/Dm5G4jU2LnSLcA57YlEOLlp9fnpOXBBsT794ESfOdluNcsqlwBTdTWvgJNZGf92UkvYaXhWB2MxAS0BlBIjwcMiH+l42O2O+2OSBvbi81F3FusrrfPvetwafCU/0Y67HG9HySAZuQqKOcqExWWg21O7QMs8y9OK4kSXpb2cJTzrfXbMrYBq5frEmKMHkidRJIXSssk7O1SqWE/OVElqc+2VaXSHgC1cFCTEwug3XVaZ0/ryYoEvTbjHYgaC7aUq8lNZgwahErVroFBlopBA6BBeIu78x5L4DMDAYywl97IRH1H5gj9RmiXHaL1rssRovYzNf/GXeNLJaA3csgakA/JjPv8uoGzv5Ij2FHfVpCXR9kfrkcDfy0FvGMUjOk94ApGqayIk18jQRsnmFrkmukQRnFot4ew6gTVIQ51WVIAKdihlqXfkkh20znqkty9bbqOZKpfAZD4svpYI4MmxIHwyLSalcyG0Y1V9MCqEs2Wai0VAehWXTXDallXsyxRBsszfVO2Eijk8Q4dO7bEsiAVeJUj1VHj5ks2kw9ltJpxld5k8rG6aigAtNMb8gZP4BczcUUNsAEW8FrLxT36yEfEK+YXV5i4asuiWycurp6S4aAwNBY1yhxgoxH8VHzI0QolG078U3xO4zUHKIzVxtjFcQE8YIM7ZSdpJQiteFwL2QlZnJ5WdB5V6dvF14fnn36onqiIVZ3+6L8XJ29SKvMVnpQPP6A+t4oSeeKDIzcR4JwNK10POl8tGatnSSnSSKjXPmLDyMouXSb+eBThQCfpcBwMNMpWsDEMmLGQDdk95Wc4/zoi10Ly/8Bliy/O5hEsKwLNkCpc/Ur5XMU54/myVSsmYuJ2vAAcj+cW1BAhchOWQ+/MxwwUmHdGgC8qGJ3gq0klPqoWUDrdpxlVMI5anCdbs/guHAg0wbCyuOamY8PvNB3Uh6QSF37KqJlJNi/1Qui9ZLEKTTlxrkMrxTIHfQ0qPgySd0NfNC128uDbaoCaGzBoVmQliXEZYJn9nA7VJNx+4WGC+az2tF84wz1LZiU4GNgmFV9eLkVxti60vwCzgdd8aC0DPERojJvYCBzyPiYmbDlUpNHhMNfgFhkRx7EAhPEQ3qVQeiOvYICImiFbFDiaAsDy0PrmWBZvJb1pL9eBlW8AFFdqny/mhfF1rW1WnyCmMtNphVS8sggZCpTKM/Hqpo1B/ytxOW2xOi7t4cmVdj92ETmyZeQXKpYGC/WxKzbkCn1kNOOK0G3uKzDwd9v002MJU1CKXs9JegzUq84IpItuzLay6HP+jCcvaWkJ+WoOMyDjxsehUWSK3twv02iqwe0RZucVudO9YxJCjRtxPp1lc5/a2XbxZUZCfYQQ66XiOGCGfJJ3FxTUqwo6GdRynPeK2gcOqHa5WcLOG9ZKsi2Q4uEnzlE0BxlShlBmFmPYi51vzMlE+WwnwN5D8ayzMkTxunHQykqHSQXTVgfUEywE74jP7fe6Hbpo6TAsBs1lkoBDkatEtxHNAGy2nibuHCv2AppugNgVQdFk0thCgmK6Xmz5d6aLK1lLLtbPYKBRZN8GiT+0uN0+YHhM+pmmTcddOxw7HRaYBtRQMXS2W69VyTS6Wjl04WTN5kunJ/mNyBDOdImk3z/F92w9hOrx4fPKEzzk+dSm4FMY5O0J4oXWCYV3reDhsn57IhKfP11dXVzc39IPcRJ1gl2o2sK6IpGSM2miGvtbzV7WfTrOUxAQpl1oywMnILWl+/O67999///GHD9vHzXAUvITU+LNkVy4iWwubLnfL9vrN7dtfff2r3/76zbs3i2XrcAKTopukKOEuCaa1/g1nukXIsOTGhfG+k0kdtdRjGBS1hRNHOPTOtNYKNgNjt2TticMlAJNPh0Kb0Fz0gmevn4PkhXAeDueacBsnzuXidA10BbUACYRagZrQY34H1PIGS4XxQ6FJFlI/xhWQjkCjReZxyWR8ESsRcXqYsSkOTbotRX8+vn///ocfnh4eyDsinh9eV17Z1ZphKpoWXF9icBcy+3oiBXpuoSIKn+92e4qmU+DnwOSB5gk36gvFoCzY6R5xRj37VSwOqGy68tfZJxWLfmm/1GrJXA4Ujay+Asy/XL054aanV4o1gJp9pRcVjZO/4qW/O8nUi+vnx1ypVS8QNPzZqKWTzMlxBGSEou3Dx8cf3z99+LB9eDxutoftbjj0JPSywaCB4vkonEmy5IcW9BMy8ImDMuakJJcwiMmC2KvknZD1L5QpGScJZv5Alf8qPuMBIR4s5uei//y5mbOL6BR9Ga577hx47jwHspD1lQ6vjNPJYg4FzmQQaJNh7A89bY3d5rjdHTZPx+2Gfu42T4fNhnbOOHDPEQGVQc+Sq8pUjCAbRxnJfkT+MZQYVhQth/Sspylg8/JMvFryselofDdDWq3YhU+Fe2KCldYW09mrfG46h9NArP8ce8i/IvwiO5vKZR5yDhDQXO0Xaxulc/fMWILK5g/m8xbDq4nzSxxwMh/xKcxll73Osk188PXJPqmn5vYJuZ6+d1MqzcxWW8QUA4IU56qfDu3qqZiAbjMVuRrCvdrOlwTPrDDA5NZfkk5eNarX3FvNfQlKZE3pEBy0plBenGpZkVPsY2sPfBqt/+wD0rOiTssQWRlkDycI8jYrUBPXvkPHBQzZvSUp/PEpoQfOGdZAO/gRIdHJt3d39KKH+Pvf/QOZMNc3d6SR0tqNZrqJI5zzTkKeuY8AuE8i/VU8x8w3FsRkkfNOtBFckg7xdC9jRh6qt82DUNxkL0+V7YRfinjOL3vhRlXSCeIX421f+siF75wezrvMsxdZlB4mh1x+8vkzL1Kyr9TXA/U5yeJOyXzTaKZ75J0A5y4d9sfjbrdq2ze3NwypqZ0LlQRUKKaTPpkGCAxQycl0Znd41Mjc4mLbCpRHFoVHFAr2zmldj0Bpk+djZHxIpkx3KmoQEQ23H8KDk3S/gOXERKJJGZsUIEocCB3jJCSwuILVDAaASpOzodunrvwk9D5txSejZo10GmXkpYgrK+qbKRMmumNmKpUiF4sOMaBDiggx3HzUcjaYkT3kOQH85CPEpEnNy2fNmGuI+hD2LOe4AIeMQOlKq5ndqJ2q5RvhlUyVZ1CvYWFB44feDO9U+z9xTCcIq8mXVH6bZczRLEm5yZFC2Yv1klEQim/RPEbWdSB5JVW9UDYhLDG4g5LcihZcSxkYa4qbpKTlkpHNhJaAYT+v1uRxOGzY6TAe++X19c3bG6LTxXq93W5+9zf/e0un3NyQo0HlEV7ukpjO3fG2ze2piz500Wt//v654xfi25+8XbWLZ2/+yOP5ssdFaZVdmxc2x0508YCwr5noU7mQ9uRSPmD+Fy7Q56bFEo1uK7Tw01l6bsawAlSfD+l0jCm9lk5md3fHzeTdmgeFfWLMtjbN1WO7sewy8x5b5ZugLsP/3QodAAAQAElEQVTEjrfdjkzKBZve7FAyOG8UrWiyDIfwtaBYjeSeI1fpZrdhj5L6tGRns0NHMscts5aFiFihoOiymuQ3saNpwWxLs9605AG96LYg84tWlZ3naTGmPbsjiU1YYB/dzcL/R1ZbAFrGfp1qt4w9Fz7jIeAfDupa+GPwVVCf/TkTN4Fib+dOIUd+kgcA76NjhTNeCF+YPr9yhUEJIdN1YeVbSfqqoaIFZLvBjH6SKckuBoMByOCaJqqBI7BlIkPwTOVE1F9bv2bQRHFiQcj1rN3ucsTOdFEU7I/VnAwW5Q5NVsdZebhAa22jrjsc6rrBxY6nQXG3INnC0BjIi8WhUgrOXWY0lsgdIuRYUmAHdtWSkzFNGmFZsM+pjXlJbmgkv3XD5F3qg6MADLxUJ1s+k2pEgnHvMVKwAhfGdugWndx/igp58226ZCzKJ8bv4NQ0M6xqHnUu4/KcmUC6zIFg/k6NJrC7V1zl/It+6FiJmbp3iR/UYSbj2kpoRXkI2qwrkeAzBNMrzsQTZbnMW9CV7nYmqolzjybXV3Oo/XolN9eM7UgAXPMgBBdE4CIGxScfpS+4Ytq3Vvgsrcq4E5k1uLFsc9esQ93SW3NbHu1M8MxrZqGUB3QVzSbHpzWeAzRpO4wGZWupifkKXsD9BFxZ5E/EDqb4ibTXoUgq9uKilJRtjVPXfChBce9Uo5Nfs0RLKW5Hzl1yK7TajYC3SwooeXC8HCgJBMEWwBhRqGdm3/viQLpIry8YrV8q6UTjoBj3Ajwj6YoCbaOV/WBmqFlVBntPqi9RzsgNAbNvKTi784UD3QqAMzUGXITpG0Z+GrRkvPE4ZXCVFFuWIllYViHCTJVrz2UDVqwJL8znWdKJUI6EqzjOF0knE9btdVD5qi6y/JspUHZMyZBOStJJsmhYzIBPK1pd+ICOgOE8wtQOvCDYHQpEniK7MLVE0Vzl1pzOcLDfF5JOLJjh4zEsEDRFQom/wh1VlQnVL5Uu82UdRn0jnrtRe+skzWLQqIM+WPZqEOFH1lkRmvpS+or5lPwDQGuvo+6OkPuWEyKe9mjZY3ViqcLBmsE5pctaffU2ewqQMQlfEU3qa8xu80EU654V4DHRinOWHFfgtAy130gkyuSOdPYRDSGewQsmsqFB8dGY7w5yYMtV+gum2mei3JxY5bA77h8Pu6fjjkKaIeeNi+ktNBXeKEGgoDBYGJoiZs2QNc/VXI+FejWgKrq3vAyNAFQ5saxhTw8y/qSZpZp7VILKPt3VKlgKDKePk/S6zu1N215De9cu36yvb1YrClCDQOKhpHLa4Az1RJIXNekEpwPArmv761V+c5NvVmTApCZcRskYjacNZ4zt48qi6WNaesSPo3AHEsau1G4Q4DUuhjnSAhDPksY6eTGlJSOdQHsc0uGYj30zTi2OC+5DDeSaW3XNumuXAuvdJGw0u03KYJDVAw7FsdCbBAthmlLx3oYvERjVLmuDIY8zqVssM4IrA92RGcSudRpXN8Jin9stNI+p2eT0CNO+S8clDC1MC2gpaL7ulqvVaq0YJwCSx4C6moYlbPF+g5YU+1cqKbjNrNDulOCyxghnx6dEymcdz14KT9xTZ3+qj8ngKSZLlYhsieORLPab29vr29u1FGJ5e1AzFlDa0WqGimRjWKsX2mGLZUdfkS48nTTgyIf94fs/fP+Pv/vd48f7zcPTYb9nK1Z0LU06kkVuTLml73QNEcrqen331du333z19uuv7t7era/XbFhllCw+2VbZAGbQUnnRCTlPJvqhVN4X5RJmTrJcaNtnjg9WNaU3jvoxhEVIUW3D6c1mlEnfE2IJIyfYq/TjibBmOgJGoqKHJnO1XvtrxQkiXGRrYDGFOYBzMCzD8N/VQVEWUZNK1LXSacaJ9SjxnhpeIl+TgG7zotw5hVjMWlFbMhABPD0+Pnz48PDxfr/b0Wnr66ubu9v11fXKFrdttAQOLfeI0w6ZMfSHHaPj77Y7+iI5GAfOuB3NlRrwDyqPwbf1OX2faGHgcLOVnE/puT2li26zWpN99b5M+7PKZ6rOfYVa6NkGzz4OmITCWm+8pDlDmnWDmv8purbOfSGVfm53hPgTeD1oNs88aCn3xAt22Gx2j4/bh4ft/f1+wzkQU8/cWB9HoHla7ZlTN/KTRBPeDfKzaTjPlG2wRtLxMu9hbp3Db7Qxm2ZoWbsNw9lIpRNHbVzB7HH1GaapmkyoDPjn1mI+9S8dAK94vYZ5BwGYXScsg/cv0b8mZO33/X53eHra3n+kCd8/PUqKyfa43x4P++F4GBkSqedWlqAtRMHNYlWzs9URZM378ahrtjyMGAmafyGJXxAgkomTpRTrcENLStq0LplSZt+w7Ya+SU8xS85flX5ez++JHCy7GyNNwWJG4Ar5id2ZPIbkIcVTz4aVV6jK3RiKtOfkANQRyfLyRB3nh3AiweeL+wWPc2189rmM11TDWb53OdDPzzUb9z/VrwQXu/2dsJdqXSq6P5+N0P8hjDu5JzjqSaoGNgsBl5tcWgtTWErzp+YvSSevGtUnT0GxJ3V7ZoFw7zlmg5pCCJeugJUqZBw5lv+nPitclmfGXNGVEq197wUujfQKUhaJIXBlbc4TOiRdaA3C51S0jBrEHnuKWq4k2fmrr3/9d//ld/vdPjeklN4wZAk3rmacSs3DHDgmCnRD1YoErY59g5xxoo3iJuAesSP7zloBfyOnGtu7NDbzn2jswARycns1waeIwjWCX4h44CWD3w50J86f9xHDfm6oM96tB87b1ftlwgKfsUuoNZDK36QCTdsng11BnCPk5UhSW7/bEbGRS+/NzZr2VaO5KaIFWOqKXibyITQKUethLuNSeCNSKqtickCTTvxkspikXkOLL5cU9JjyxIUfie0OyVNVK82tBRf9lcAvMzOTKyooOdrEtdGaWZWMb8TEqXDGmDvPSIDoCWCxiHJ//R0skKzfFCfJaBBB9HfN1xe/Uf4Ub55hkILpNeBQAXwGB03la/O8E2NfP3vP4aUrnNFnCbbZUUrTRDXkQ4JiFMhYcpgcjqQgHo9qrULlMFW6LDsBS+jTJwFqlf98REreGKm481PNj6xkQs6ZlLiVJrnFWw72E+NzhcwJyT2fOhJbRScKGf5krku1/bSdp3QAoa+TpiuYnAvBeCAFExnr5bg/7vb9dk927m77dPPu7fruhubn7a9//f3f/27z8HD79i0xdvVZzGRJldrl5k2C2YP7G6ycehrINxf2bDpeQx2/CNf+5HGRXf9JePiXvSni7JWMP8RdFHODLE0K2NDMH/cHbgIlnAmtY0DWFBPaPsRGIEthUFMwFrAikvq28k+Km8ZgoBrVZdWncgrML3f6ScXjRWs277CFs4ksxYXEtYw5cG+r84tDaJwE2UoD4MxD2AtJnt/tgTZUl/PVMi9JOLVZYNq5sb2ExzGVOGgWv/Gk3Z03T/wft4lmk6kVa7FRTGueQwkVaTN5lWHJdj6K1sRIuLlWiMOXIlLEpky4r07w5OjZ6SQGoyLb7BWPHUFZOJ2LXMXHUvUmWDGeqZhhJCUP/FR/MrCumlMktTPLrcsYqq8aL+UhpWgMU+oeZImTy+ri4GiMfyYzgRz0S/osoJZ6Gui/gtlUao3fuPL9WTS3Cg7pNEJFcyX/w7qNSD+LHOM3oVAWLplcgRMNyWxk1J1ofU1yinwE7zEHMeF8+AbOJ0uiMtj8+Brs08CK+llNe3FlDAtlRcCyKDLeSSBLAIkB3vb9gRyy6rVgR1TbpYouTR9jjsGeLU73NN/qZP7+cPjo5aHRsACr/bIVR5xM8tmcoySweN1N4G0hlgoOpyxfKZsJK0UGU1mNCOFUNFeUl07+hFjcfifcJ2YaywLbmZOoH759CrkHuB1YilgUHzcQAzOJHxvvOUGAF9++eHxaqGIqY4jHmT2+lJWj57fJuiJ4vTJ6fNAKV7FAA2mWm+hnWVHWaLkfNo+94J2AR1sbsOr1xnyjEhqB5NAA1qUiNAwfeC6jfeHhzmbKWRrElk5FXrmuG9wJIiMxY3wd7CuadDKa7EkmQiCTvXCY8Dim45SGpFAoyfDWLWvGqsCdbrFsJOFATVKIW2Z2JHzoJTFfTb8336klnZg0U4XQItvoYtKwT8qzJ6dicNaUJKVscsJ3oO+z10nSyUXK0luffVism5QiOFwjkPFja6aEvCy3PvnV1FTyZDUTZ5N0rDqSB7g/EvFQ2LFYXs7Z0otAF3F9o+HKpokPnbzt0Yae+6+xO97NLnS6NOJgNjsVDSNpzFPTP2zO0QAW3V6FCy4gTHW/GIs30CdSWTCZ65ajdihOE7saSt3rKDmkk9EZk9qBk07GB7KvuQdGrB26X1jGbjxVMRdGtXpTzGaysaZU21Aq+XKKNmgp2h54JgVoaPlc3KdaaL6YdGI3r4SvfhVmKo0XdyVTCDXVI51y/1SFPVJt4IxJ04591hHcb9940ol7jrFKFoM0Cxu5rmDSTPMvncuib/LsGkSO+KJd2xHs0gk0XTVvs3UpnugmXMMlB8T8DKYdVXNXhmuABIIAwl46EvHAgaYuNxSVbRXcRb6ElbpUHM3SRs29/uoawMYaNbmDxUONyQIMRe6Rf2V3PDwed4/77a4/sioEuk00lpmSZ5zkXHKZ0Bm17Eys1hGTM0Y1BLDwJE1DGiz70ZJOzLEkaxYuCIVD02yhaJNR/1vx2MrmFZT8Ztk016nh3jrL1e1yfbe6ogg1TacODgQoLksNnl7MtQKaiuGIY9/k8Wad7q7h7iqvOnXEWJ2vU5SJ6ElAgCspBrZLDFZBV58TK1rJi05FcLFfl2Njx3F/JKbWMLYNLLmTTVpM2BGXOxzz4diMjGLSIpJHbrloVm1LQcklhymzJ0GyoaWBfZlbnVhJmXSwxuDwHmEy9Rac/OUThrhjWm1YHZCm2/yi4fS520PzBPkJ0iPirknHBYzSWAeWTbdmjJP11Wqx6BrBFDPsmOziwxPz+VfNOBGMTwH8CLp23yZi3Ucp6h1/iSOMiuf+ZvJRP1B0wJlUKS+d81FyTdiRPgx6BXpGzji5uamzJN2OQQWu09yUwb+iHKhjFI8l16ZKEcRuc/jw44fvfv+P3/3+D08f7w+7Ld0oGT6o8C5FnQKXDkjxhe7q9vruqzdvv/7q3dfvuLnz1Wq56nKjdu+kIkb1FpOYUMvbpOpL7EsM6yVinD5J+jf0h0KHKmGqtGbp4sHVh6tjmEmHkhTZSwFR9MUpJwzpwYjCCgpDZs/1zfWVNCcSfJSsGTyq/qNRjk7ApMV+XsoyoBfDWNoTGtfKkW4iuSYKPOzsMUgxVLKUXPwl5fJm9kmkGXUDyaPJmbSyH3/88MMfvnt6eKQzV+vVzd3t7d2dPMJKMgvaUF+k+6ek2Rz63Xa73WzJHaRIOUeGvdEeQCrLVNhjNaqZ9uQkXPNMVXesYV1Fyd7Erjpmatf8jPKn8x2TTveqnT/bEEVD+AAAEABJREFUOKmocrWuOrsenoPqnN0qeYlg7bW+9C248N3TT4pPu8gaN8IwShL1amA6SWoZoJp3b3/YH2ilHh4fP3zQdJOJY5HWikHMaCXVRrORwJsESzhO2ulwcRU3N+VmDau2Wy5aBjVxsBNyfnUiihuPelTGU70W+TQoDudvgyrKQ6Znkk5wfgn4Mnw4lB88o6KwHcDMKdaIcOAOEZZromA/2x1N8u7hcfPxw/bpkd73nJW1nwZy7/fMMRiZdZQUZdQNnqteZlJo30Dgz5lqk3SdNAk5ic7pClwoit5zJw4WogVzSKo2Gs8ETlG8DIBzpa/E8mA+q+eTA9VxaTLt3+oCkLw5iw1DP3O6TfNXuHPk6eYTleubyxRB9vaWs7/VI6zjxPphITlTGRFf3t+fcZzq5z4nUD6vbIN6GucOJIjOEslVJpNPboPUyzcfA8w32uzZy7TMdH6TpzoXYm9UuXHFWXx50eO5VZ3VbG2cjcQ1OnmANv0xj9cpbJoc8cc5oFTK/dxDi/jY1dg0V1dXitvG0KtdpyfkbBo+aBN0zk0RTcit3JaCPey2/mI7QI+aUEavSLu6Wn/77bf05p5Uxv3+w48fV8v11fUNZzhaurxLbVFASB1sGeptSZbN/shJ0AeKmE7t9fXq//jf/rv/+//t/7E4XjdwTTrtzc2SdLS9lK+NQzoOZDSSnOqWy8RpJoYjwXcgd3SLi9wlDsCOwoVG4iRjWmZ2lIzjfuzHQ6/0TAIvpVBpEGaAS5841I3iXqDZG2cIv8gR/ot/Hkdx+RR8CP/dWE6K2YTwLly8DlSXk1o9NjOaDFZQyBg5qVkMHX6Ydn/ztOl++P7b3/yGzNC27xscGzVZUSI1zNHUqDZXA1e0p9Zrj00XUqYK7m3IxYOj2r7B8KhbxF6IbRpv23Z93Syxm9ITfWegfT30FG8ZsGHQk8ywdmSv077qFqRStIoiErcV97gMzi1aFZcJtU32KKNNrYzKE+1l74mDQ/3XKioYz1x8+JyxMIlpJ+GKNPfguaaezBmOeNwdGARuGBtSHa/WnfRNJUPblwmeW2xRYbKZ63LQRgbHXeyJwx2O0mqHy1Hk85QvJl/+7CO8i/XGFZhi/Xt5BC8I4Cmf0MSpYkm1tze0CIcdKeU7Yruc0e/OKve4JxGQzCSZVY595sXRHtg8y9pJYC7T57MnGVPJq7TL+F0d0VkSpx7fcHP/qGUTjIvQNqmUCqPpgqnSxcvtWEeVZlOT1KfkkY1hUKReWqO0bnabJzIOOetksVD7trta/uqvf5uG8e8+fhjJr/fDj//xf/p//Z//+jfEzJsF/NW/+df/+f/zv3788f0VA2x26hf0qdG4oQwLL67OrDA0+B5WzQvwGdyUP6MDMVVc6899tD/7sKWRp1SnCP1YLhcUraEV33G73ifunqCwNxbsIffcggytxw8fuV5OElXJPZKM1wE+Qx9xu1B5lSZTJSm+1ISrEzlHF49Emkem7YWMd9LT4BXsJM0XGgQml0zK1JKLnXy9A/evXS3Ya9nf4mHo37+/P+5vd2SPs9epk/aq3DWH0VBsk4p/YtSkfjJKSct6+/bth4ePu74ntybJC0Yekr4kJOIaB4khl9XYtJO41ZFLoBjpm7sZkgs4L9rkVgd6WFKMfZ3wJMi2Dthu65qqDWj+LOcbEA+uwVL9rse+wiarlxKccU0IJSXB18rscrE2NNticoim2lLF6pfsCT8e0blg9qOnE0xJIAWwpEdMnBHaqve4kdri+NqUSlkIzjwbkzjGUHJ9pj71meefTPJuLv0wSEKi32zYs+d/kGry3vrspChSFpVD55Y9MEJX5KJ0Uk9pZgHKibyIqMIpef9xU2eh0dbeCpFAugbmw8QNNXikanwmRUDRkhtPkk0C/oanXpnCh6VtFuwwsebOea62xJxPdfL88kzZEyez4y/SG6JSWF+DZJD/cI+7zW6DT9zpQx6UHK9+VYN2GwW8h4MuZDXIMe578yMOumIsgTkBq1uYp1a0Io4CHXt1jKScw9S9u71as/oxFYie5LzF43JmtgRxyhLksxjnyZFrxsUzOau+ismsGBScX9Ds9jjF1rcaJFNVtvCPQGd3AhaiPFYb7aVwg6j+FtX8f0RZBL49zcmhg9Kt6sOgRSM/vKgeSIwqFzS+ai+mKs7o6tWUzG/SLbvrcfl0WKo2zvEyMhmbsc0LScNhpzfRKhEsqZkLLlpgbdTM5WniKjvjClpNk2X3Ny/KbvjMeURP0bBtrvUkYBb7KJveuBnaJpZcZ4nrs3DImi2RuwlWLW7H1PSD5ChmbT9riEGNMeRJx50rhW8+GibubJAqhpvg5pQ+mVKcaf+iv0uayuhXMGNYugCBNjxoLC0roQe0yuUwOMyFuZlOwTd+4qH0UfZfbLS4M56c79+YfMNhMlAvNFCNQTrOWMdSTXI0511OVW3li6OCkzfJmIu9YfcZl8Yf0JIoo6onRR5SOhFqtoiz50HP94nnh9h080k6Z2FT+APnl6yfAmRCJpXCGiKQO+SaWSEEapd+kEvbt8juq921z24k0GCDmVIpMkBrSzPXiR7VF199TJaMahOlqldQfsLCiPXjMdwVojLFLFU+iPkhHdxO3Rc5EovVZa6TGew6pVje+C6k8JaoYPIcMBtbCgaZICbK7nHhsE2Jz/M3XWUdbIDbKwnEKqS6BLSeLn5jnd/tQ+5xhtmxJqSPcM3nMTAO7YdetPG8lGxnyu3kF2mz4pOsX1CPh7gmSbWjcPe2P+xIUxHweiNY9FwQ08y0Mlh/bWxNFUNLobVslU0jkhFPlT5o+q6i3CdrszLposck1+GBaolrKilvWft1GjCVids05yU0V5Cvc3fddtfLNb04nNxx7ojw4Fa7NrIkTQqqY0BtnNBGcWJMfdekq2V7sx6WLZfmNXUYRWK2tbSQmZ4xBBflKKi6HDvk9KEyESwMNLLe99zOh9xEI5k1iZSTPEy0+vRz2h2aAzlDxhYn+py0SfEi0eBTq1nDqOgWmjIzsWtb8oehGkb2bWr49p6oappmZggvH2rSLg9sEEnvKk6/Zj9MN2E3pMUx4T5NW5i2eTp20JMrjhvvcGm+VC62AsDH6oJDY4A/LN958q5zyuUaifGLJTdiVUrnhJ3NRNL5/RMdOOcyL58syVSDWJBHNbJIvZQyUel3H046cCkvTWe0VvZ4OAzik5TEFHYCcSmoYKLQtNE1N0+b99+93zxudk/7/WaPTKdar9+oukBsYoxRy74jbY30vZu7m3ffvFtfX9HSjFz+IcV3rPf1SdKLtRgPLXMKglWWfas/TdXOzsMNd0DyVGczlgLTRjFOJOKSMGohnJvkxqcUZOomTdaJ5kQyP9oUIwk4BE8jHeurFYXoxe2pY0DNxzaTs9Zt3DzTqoRpchUfY6h8tOJLaSTxJMgw59ruSMI3Ch0Wrm4bZwp+IMwijdIr+XDYP3y43zw9EUlQJId76VwbuknH7j5rni6lxZOyXn7yIT0+PGgekmUj9VM2F3cdik5oIkPbu6OT1SVVHGaPnBLOVT04O/tFzvv8AVCpVXHHmVv2C29ngBcv+Bl3w2JNunFb9WkM/ct3B6bDfnvYbvabzUieI3FxD0fycuTFcoGT4sVmm12AXAHRoLJIrvmW/xsBmlQ438w+saZdKnQrOHBdAFuGk0e3E9b2wkV5CXj+mCeThi/pPp9/4Ce+GXw1CvB0Q1UaY7KORZNW3LOg1OSefk9uwSMX7xObHY6JRQnP32ho+GZxqpqHColcYTpq7myK83KIntHsn9jZUY/sqrgwZnSKM0dulfeeyu31BqHZzH+NbVv9CT4pXy4eYOhS2jjPLu52aNx0lp2Nvr2LcQBWeQFgzyMfW1tD9R+4IyzufJZ25r+5GYZl8qZTGfqaZ315QlzXBIsq4inN2Q7G8vuFK2M5gxfTHx0s41lt9wlCs2UKaNJPOk52XFjbaGU9sRSAvhaSuV8Gej7+sADAfIZ+ixLSsk9+WaSTS8enWQdUmXPlhT/h5T0Zn3/hZZH2+U8FZn+q06cVNxKxI1FHDFVGUvaNZtRsQy+kUD6i0R3jws/zSvwEI8X6FYBVplKpIcqZZyAxD46h73cHTbfltBLphSy59Jaeprkyatppy+3EwXC5QtPRHL/7+hvyFv7DP/5+v++5r+GCW5KwycQaKrl+GjYn2RRQB7WClgAaYkXjhR1ib3BlnPj0JJVAPIw8O6PA/EmWvlRP5BqHBeByJiponBiCMVd2Q2F8wfK+xOGtDaORUEqXARu+wAFf7qgI5uXHm/9r3/ayVROmo24824H2J+vPiVhksV2pWMxgZdQo35UiRyKbMXUPw/T7Dw/3j09vr2/eLVY3XSdu1FH9C+qETQF8ItGlxtR0zHb34sd3w8XWHVwcWgWM/spjt9oKInGyvdZG1tgBUgRoUIwgy1UfKcqpNYjimDH5oBPkePLmIA73k80MK3BsE4DoKz6v6lqpdUztwpMCPAxA217oFcz140hsk2G4gds8yZP9j4O0e5QWM0ysir4GFtADcEgUGUYqh8QRk6XWSnKuTZTCnnuDCT2nOMWwqHHps4+5BIA6dzI+zDbewumTlhT4RXJwZlPeuvb27Zv9ficmdJqkXFv9VIjVpQwpMCsUOlOi7RRdEFcxwD0a8TLlFeoE5JSKZaho1/odnp6RFdnt49Obd19JB/rcrRYTmfHZbAkfudGo333SkIWq/VpCDAqmp8ALXNCf1XLWjHQyGyRxMDNg56K7//6H4XDcP23Jjvzrf/WvGNd+wbz1P/8v/3ML3c36mrOLGINBCyN50Mms6NlzxaPpHvQzHNNPwx52Gs5lU/l6+vM4Tp4o/dTjp6nsX/C4OIDLT1Q2E/9dqsuzIHDA9c31+uaaTNlhUGwzzFaNqcoMHvd7wZbnNBTN3uf8M+ksE8YQTng+BndJlASU8wFD5VX91KE8Ft3RM1UXB9HSGZFFapXYpThKiJdTB9CzuQ3Gl9FQpHxQ8wRHCStOVj+IU8/P2wuHkHZdKWt1XtTgsM6Uk6dGWHJtu1yQRvPh4wdSjSZJrZU6fnnwnIpeAlL/JOJEC1BFuDC+1qLhjAEGOQ9LLlC1tPqOpaEaIjzxWtCsuY+6ENlxDt1x35hMTBG/rLQgk4iovBALijgfbFZliLBZtjY1KvEUjcOEm0hn+6Y73ExFiE/A9LPTV9bCWKc39WQq0hbLdunGyH9C65rRVJqISXo0xkiOZy60tWJYHlYjiYbZ1otBZHWtsiQp+sSiAGynHNPM52d2aZtWKfMYJoZNEpr4VFbpQjiXdCt9eAOpjxI07x2v8VHSLkYt8EXxUaq7XXo5QWuCQ1Usx1pQWleCEtHje1uVYNBdyd5zxcpGiKbBjbtLIbkKhFZoqDgxvq9UpCWKNKyWS1Lu2XI4HOhELrFKqD00XewrNU7qP7CMhKwt0iU2gxA13uwYzS7tLBrkblPQptEy8mYAABAASURBVEleBIug9daCHYmuYfk3+bfJOcyk9jlW6oe6hrFSXkVXzKauTgkCRB+CJ3pRuOoWdZQwZ6zqOZy4AAJQ1J7KaEDJaDIFw74LSgDEFwYxcEB1Wa9kcfPQdasLrG+uC33q9Qrr2ycejT24Zwtdm4PQxFAZgl/eptV5qm3CZFNv4S2d+EYUUPbgE0cd2LzDXtBOcrM0Gy9pmTive9toHamh45vRUGlrNjDhS9b4x2RBzbtC9PhsQpkOibUqDA93v9GwQWjRVRa5+pTQqwadJpzGJoXKslgbkGEAuu9SwwAnDHOSBs4mYx4g7XUbAWeYLFdOmIJyId2KqpK33IlU++mMpF63XIUonmEWRazetSqVpyCFFA8OoXF5WMUeCGPsxn1SkbanQnceIYjKb6irUKXIXfGZlIlw5TKckVyE5atrmm9LVFzOGFXWpxOcPbMFoQTyUUIp9l4/RB+9xNtUJV0ul+Bqc7zBF1+hxsMzG0NXmRUJ4TCkYh+OvSCNd8YEkhYOOeepdSDwAQT/EyZABKO5aAbeIN8ujZfkfxYIpDsoZxVlDQ0Wa1SIBgiWo4sLYTRJswAxIjnbiUkp99P0MI4fcNiSBeICnC8tVdcy9MmeJqHDVKVwK4tx6i2rRNhrWkGWD5Nl4SqkhnTOMEXBjAfTALwToIy4aVxLkV51VWYCQNl9NR25gqHFncm8LmFlR5ehaB6YJCA3+cNKcqcKO/dU2OZW0Au9iHSaSRohSMbiA9JDN23ltw++YXtCu/M4A0L0UneVsD4lFnuwfkQilgEiwSJV5ONWrrHjQrV+e5dEJkQaMDkGofhZxoYj4fsNIiRnMAko2BAtdxim4HPTslcTWuW8aFPbpOiqIJqZLHljAHymC6n+mZQv6s4Vf4QmtIDgNU1oDbb2w3EzHHc47Kb+IL0tRdsEBU1ToS31u6y4JdaGWI9DmxCB50TP6lVgGtMgXBfF0SEiLMVEGr+wXaCdl2TiTPSglvzIksq1UfkaiLIuv06TxcyKfBWHAq8vMeol5Gto3qTFu7x+t7q5WqyX3PdlBaxzZsf+UW1cc1Aa0v7JCiHmtu+HPaZN1/ZvrvHdm/FqwZkgjWT+cB8boTzV7YuMMi6qXEgpVtkQcl91aJfcNCGqn2y9BdBgIiNv36dxIn/Xik7kDALsiFOQC3e7b/bDcsDlOF1BXuV81TbrbrFaMNvjbCRQP5dIsoG8TMepp0tJO2q0HWRKuDBEE09R2s3OCaKFRiNxgnGSpVGepZYxy0oL8gQOSK/VHprHafyI/SMc9+3UcyIMANmgy3Z5vb6+vaEZbtyCUMFgEGBoyQfoobtGOw15HgaIo0QZQSrmS7pgosxeX/B49mphNdef1IfBefBi9opZctjvKTBK1+y65Wq9vrq6XixXjbbDsI1vV6PvHQ67/W57OOylNALYIbQUdJOF9mGC4+F4/+H+x+++//G7H58+Pmwfno77g7Mg6dVV56AqcCFMnGvy5ubu3dt/+9/8u7u3t3TNRnoncqeuFoQJu7Yr1RqzGcUUKoo78rOQ2WTKm9ldSXm4in+bGE/14HtIFsXQRxqbgUemSSGCQNUWotOhJ7tmPO7JtDmOpJH2WvTHJbA6LbR9r67XCzKBKNKxXDDSa2PQBSLhsHrVOlVWyAFUGBUTQYgFEZirV2iqF4wmI9vBDdrGkU6ql4Nf5uxqHp78VXLaF0myb3eb7cPHB+mnc6BLr6+vb98wwMn6es336xbCNc1VQDuV/BDHA8XRh8Pu8HB/f//hw367ozkRRQNcdbS5hUj5cfFUKY+udrp/QZg0RhTApb+KRddint9cfhqeK6iqPoU6kbTSc6rU05msrF4neSdn/iY38bD+kqgNo1kNojKkUAKi60S1JI4soSMod4zWn6qWJ5tEdNFcDFyHtTVVzZP8Bdxktz9snjYfHw5PT4fNtueVGrO4fBV/SpLZRZdW4JxsLm5Q+5+RS4hDUOhv2a2Ih3YNI5pw6h559ojNs83dtoG2nnxYrvmFDR4fQ9FFfSZsspOzMjfS3JysOMcFButxiRlR5FM6ATMz5b3eLHt7V9fP3DIN7qdGnkFxCHmzR4grTgcunyJmSsS/3RBTIBbJoCaPj5v7++39445me7cdjgeyN5IUuYVgBQUmEYyuRnoS8qtlt6H2TxS4GWmRKr+aXtwY+Fx2DbNY/qaNm1POeJ5FuBHrTn9wQuGFxKH8TWMEKUVcOBd1AGtSr/eAXxvOjoodFXQ9t0gyREchu4kjDiphe5ZeYRfyXd3s0tZzlJRkRe4c3b40VVVCW9IIjV8Mv6S47ziNjm81yCdyBe06pyaCmgBozDNhSs/bhUHfMSNKvhVJos+mElyoPX4iWgB0Ru/1TVK9cEmVU1upYLbOR3JZkBMOabpAxVHVNI+XasgTpDCV1FqzCS3b0LxndpJD/cw6u9XGSXnvhu+Ml1bD/GMnnYQB+dzrZHxf4m6fOPBMgP3Em1XzLnX1JO8ZDkTR0swsm93XVsVlVRJ8K9N97Yov3u4Vx4VqS/k0aes+LbPbbnZqZpN0ubm5YZ6YwCIjqoxI1acOLJuJwRtZUspZZSFddrPZ/vjDxyVDyq/Ykd8u6ARyx0zCFEfOaBEFzQIEDp2KamQrHKuwH+L2mjMPFmiYRCcmL7dObK5QouKJztfZPYG2A16gN5uhX+KAC0rMP+HjRBSd/EmdEboWZXXiMH2j0vJmLMm9+cHDpeCWI0FkhzOZkCk77na3bXfN9QysLKXJisRSZI8iVkaF+yhS2C31ZsfYruo0sPqYwoQ8xqB0maYll/WTHtJLdkmi3X1k605B+5O6MFiLaHI0WZ9PlruinCtbXLAcKs6dvE0KKhGJy7DRHFIDri37qNK1y4zqwB0TSMU6NzEVyFxQdVceubG89YKWfTp0cFWj+kwT+dXTNzlWpDZQR8SaGYbi/CWOC+LiTO4GFcXNlUW4c5TTt5kLjUdG23QVJBLZLKaRja+oAakM2QKfrgheygg2mgN8iamU7CtUwBOiquORTFmyY2mJGkV18kJBt6uTMz3LMXIyMgUqab6zvOTMrA4lIlRrcyDuFOL8ZDA/3d9zuEeYO5nR5Kkhu+Prr391//7j7//mP63evLn9+i2ZnyC1uiBo+GIj53NeWy20DuLkYUMHmX3TI6Ppy9HGzz3+fEbypzpqRjJNFhZgPsf9dLR4ScwHAZHqGfKJe/SxaSqFULrXBKohrviJ2yXPmZtpPrO1eOWiYPUzvpgxPMkJpXSJA5zCQat6rxiMi4/EPjMt95mk1o47k/W7PRc0jCM953q5ahnViiMlxtLBQJUsrzt+ksgQy2di059r6TJnvrUmL7zi0i1hnnLzJEkisMZcFwq0i57eb0kOLpqSx/CcQZe5CNaRTDinMK8CtQQtN0XPms/mS+qLOexS+GUhfmJIr1iK5AwTUpHGKZ3YOWU5AmbJ3VlgVrg6M1CjCc5u7dYa2bKpcB8Ye+50ssz9g+YiFxezUbMzWnN7uvPCBixvNE2kAUh1xXM8nT2N8eIcMA+1AEoQxQpWe1zLKe/hG5PB/09RD8x4J6Dp2tmUcnP0pFnb1eJ7cO1fD0XGtjEq+RXfVanvDK+StToBr8gJ5czyVFgt7/ujZktwsnm3KJQhygCYAzTbZXPpyRLr7jezbFqP7ajU4FZxEpARtyxFFthuyU1k14ZJnCq3iz0z1EcoDIhhEfh/sgH8DE08cpWnrO6cI0GoABe4U8xkdgdDRQB2geQbuVHqsnpK1Jy+4gyqVJc/1QEzmPRTolLtVOKDuoXyXHH037BsgcSVXAZkM0kM8nA8sqmokOfsj7OAEUMRCbkZznjylDJV0pRsdIy+S816MGsiQ1EFa9ZoH8Ds33RprZObI+VDsZUn8GpxAGNFyFkm1uM+HDni3WkmbiDV9BTVwGlgEwKlnxR4tji43WJEV0hWDkk30QxANj46rUVUAGJtQqTco+LJyawXdJaEs+eGYBDKPbxx1WzNPnHAGdDJCZ3DC4RbfazcAKJqQaAToeR0n36lcGZ9U+5uijeH3EbuKqq4jKkqTHm9infxRPMQGhHy6LgAeH/IGjjNGiaNXJyY6zrpEKv0H91W+uBWPHpBMdZJRd1aGGJdU/NISxgkQVW2iDJzmIogSjohk1EwU90IiSjwcRjfp2FPF2i05ODE7eh6u3BYKRCPCVDKTCcFNVBtJZUr0t5CZJfGPOo9p2voT9q4QYvJkhTjomXfhciICQoHvLemTVB0j+pZqhZR1V43Q9WfVLODNCFBXdtnygmiFnHqOuUcYFaGAwUFMNX2IP+b3dlnjX6SJeeXdMwU8l5/z1EbCtVUXCTJ4H/u6NeIMs97E0jsLs4tbmRyPxlbLj58JRvtgzdpJy9JpwJ6GTp2EICnG2N45CTOkkWIGRy6L9Jk/AxCWU7es48/lF5TSLxxP/YMczL2h7EfJtSYkX5Vg7qah2a91ySFVNfF5cIU4Uyf/OQcwCku+EA4LiZreAQ1SnsCdByXSmGJlMcCJ8AjkSRmgHJrTg2EvMb2JnfX0L1drBhVYL1eiJ7UuOoq69RYtRADdTUkA48C7tXjdMwt3q6nNzfj1XLqOOMEtbAkBESQRy2UM4QCZGMUocqNcNo2mvihrG9iZDnOmxsOBxwZQneRmhU0CzJSSG71CIchH4bFgItpIlfvmmyfrr2iWLW6jVAQRrKmO/O1Ro7bD8kgItykUhEDhca9P4B1RxK8O6kltNYCHrrKDemRQ27G3A7Q9bk9QPc4jg/j8QH6XZP6DgYyw5ZNS+659fLq5np1tarEPqYTzdDj01n7mHTaVSf7tsgzLz3GvMbrlz4u32KmMD/zV4nQsb9HzM1Rcpi4ldJyxYlO5FnyJxW9S4BNRz8YuXx/UNBlcq92nP6wWK1uVqt1w+jSHCO4f3///vv3Dx/ud5tdf+jZohVPqKebQNCgLjm5s67vbt796quvv/3m7ddvSHE3wBrjVQiGoDwl50CuWF8yOou5gGbRQlFWgtSjiLcS1K4nYPIOIpZzI04tmEbtcy4hy2HqZftpZlJcRHUzCndIz9xVx5VbbIpYUxLjveaE8946aGslm4Cj2KMWGI7iWMBqnAZtwkfXzMRfBTlWSKTWr84O3UHclRdxt9ttnp42j/RiQGXOmLm5vrm9ubq+Wq1XQg+NJnrqQPipRzwees5W2u63Txt6SVOhyYKzOuEIwXnmAh2ef4kKg5dpu/4NMD93wvmbi4dJNnzFhsXLtHZyEhSjsh5SrX9CZUxAdc75wM5HhfUnsilQ07nFqg28HN1a1vxO+lBxdtTu4WHz8cPm/uG43fR7FptJ+9Cps9qEfhNJDJZsyrkmjcTpWvZGLZiy5bVoBIirlUQTfmkv6Gdm8iczRHBh+fpvpPPslOr+7qeBynaHUPmUI4GrfF42NTlNS81w1q6uLCGkp9ThuNseaAs8POwfJaHnabPfbPf8czMNnmqEAAAQAElEQVQce06j5XQTtKiAdsIRO7VprHuRpP002RoZNZ7tl/Nsy54SBVx6eDjZ7zksJDMbLegE8fOEIM9MMfewmQqMxoXh0v6FKIySgczSCQrBQ2QovHgYyhNqerOBSWH9kryRyfHnNIFs1F/1h9V7jyL0uGWAdW/2ZGAxwxX4rjLGSqAEZk8XKXsA4UScles4eEMg5qruXHRAnM0FpALxlp03hAKa0Av9Lr7sgoXVuRBTf/yUYgbtGauXCRtdhughOD+Sq8sp4qFq2cSiGv+cPdNFWZPOj1NOWSg4jj9B0skrTkpf6IDX3O5LJp1Uv6qusNttEycad6oNIJYE2CQqUtGKUNDQPO/Ervji7V41qqI0l++Flcva55hI3ZRmQAN9TlqmjDZKD/V8K6lU1il7jFuboQQj6eNvvv41WSh/8zd/q7qmaGIkxhaPT1uK6ko5Ait8XSsVWWC6Jyhgu7FQyfhjbx0npGm1k9i7zLVpFNKLcWT/Y9fWAarKa3+q4yTzQb2C6r4EyaGHrKD2FuGXoa4/4wOSuXJqcGZ9c6pdFQO5/ouyev+mxDO0WCMLBrD1CWVpf/9hmfBmvbomE4oM8ihnT84/0alWV6FwUYsohabvt638rqZ8hGsEwII6ydUY5BakLYR7bjhK9fwkiVWC1DpJzaL6DUHFlQU5YorMG5arA9QtWMK6ya8AJoSMS8j8lJRa0H0qxTc6wamoJmVfeGHA5ELePfb29CkK45JzomoZobjDXL92fRGMy4n4H8P9FF+oyeBVnP/F4yVRNz/x7Fv61urhtF6BZuN4YMtKuyGcjFCz4aoP3IXo6gOe3aqMDU6f9kR+y+WsBxC4l/Ow3dBJnRRPtOziyx4GdVsFUuQjpUoVSPV/ybRq35XCY1mDQ23mSX/VDHYKZT9+uE8cTJ/IuPz1r3/z7W9/u3varZbrx83Dj9/9fvXu7ubtHWl/UkcGoyCm5JzPWWXN7uB0Vkwfs81Vz/Bfkk7+/I56I+gWJuI57PfcRcvCQqIwS4Js0k7gUlallipEGlZMJH7iXhgx4PnWrt6/flFOXAh6/eLl9MR3NlnUHxcDdh0sjFMLFCVR0sQDnTjAzvVPPTGHVvreki+e7dZpCkPN3UXGKMV8In9pQ46e+/t7NKcYatKbCS+U8npJXCTf1ySFx43F6dUdzfDPrXjYxTmaAtM8UvSrewYMidp11ezgbKbC0qxXYe5JueyTUY8IuBT3iUvm1ACIO2OK/80SdivXjgkv9DGxp/B5jHoZV2V1nv2KAkqlH5vhKN+DCqDFxZdzb4kQqG4mBSdNFBUVFoYXSLgoL1FBak83y6NFjLJ9qEg7qN0VfvAClEpqZPNWKASGW4YMICSQD+oBsgZG/qVwes3ZbqqnzG9k6SNCh+AOyph5KFa0nw85bHH0kUsuCmcx0inEGYaBKwg1muL5JZX25CxFHKFNgoRVMC8MIgAL5hkVmvWtsC0gpWWce9wqNIuknVRotLUT0EarxFizl/rRcqCQpHOZpUQKUCbE1dNapTljS3juEsXypLHWeHJLX0qPE3BGrF8fXA/8HC74hY4TDqyGatkhQXX1X8GXq3wxSEvlvwFSCJcITOB86AfyjfcCM6I02WoBuDtKufhT7L4y73NZUS2kh4Rt9+V6GCmGnsperx/67NnrP8n4FXV8xMCaztaNOwk6Upq8kmsyhTGLeCAblgKKcMR0FEirMZLTwkOlrbt8v9TMgQ1mK8WzFhctAy5KBDInRQDIlYrlHMW4TdE69R+jSbTaM/npHLWo/Z884BXddeC5C9X7zTdpMMeQ2qYDh9et+mrZbuU6KTxnYk5NrcIvpbBJ0uuPk3Odac8+ZjeIVBYl6V9QOq+djLZwD32SYoHqP/LIzyadgAJGuesoJKOSDWsPUogNBpShBoUz2UBDsbFwTIfosEdUpJO9QqshVvvYHVLOHjWCXKsGwbpq2VGJOmOe2RlxLvlfTt5QFssAG8D4w3NJJ3jiSwluU9h7zLi79SoOnCz14cxNkVz58QHJVwzgJM1sNzUhU5GbRQDNh5bqi4foQcuTdE2injMTllZP8hOSTmIhwjnQ5AhwmMcgV7fMZ0JPnny0jJOE0s6Ek07ahUBzNK4fKj/NJr7L/epwSkop4iK27i6pszAkTTpJosxIGwekiNmuP265vUfPyd3JC8/s+URJM9icRlWKMvyKRRTneVk4k6EGc+JoiBbVmGKjhMaW4aLmyz8mrx0K6lD0hWTf4WLcqU2wxPYKmutmcdMtbhfr66ur9Wqt6fmSXAtVboWOlqeEpn9PDIXRJvOwXMC7u+nuali0Y+sZJ/MdF084J44Z4STOOBEB2hjLN70uKfztkbFJhrFNmUy4VW6uyO06IXeC2x3zfliMjHHSDeMKuIH6FQfcGzDwkkRx+0bL/VkP5E6UsnEKIwHnvrmOtWkSc9blbPRvba4jo4JoYRknzRGaY9P0uX0a0v14vMfjtk3HRZ4W5M1pmhXHTXmKb7iDDMteU9E1f3FyGWKhrMw9YTvNONE23M63TkQ/fpbI+BLHM/c70yST80N9qCR5gYO2SRq1sqLh/Ig1d9VZrVciCXOwKw3TcUESe/57KU0imZC7xXK9vlqSh3WxWggGxuPD9v33P77/4cPjx8ftI23QXntH8LKHQyw4vhoqTZJ0k2+++e2v3n3z7ubumpxamjbr8ASuJclzJGPXONPIL8xMcG6sTirsN8yrWhWfAvnT4r5MaGJVJQXDIEYjUCg8bQOjm0hjHYM7lO3NYBDcSY/hTeTFZMN50I1RTYXLFWLUfq8jqZoPpIX4GJU5zEIDbqfa0OUnnJh2APWH8avgAfKQ6Fn2u92HH3/88MMPOwqQDz19TjRwfXtDr7Wlm6hl0Sa31dUFfTgc97v9nnsrb+m7x/0e5xaLM5uibcewXn6diEicieZ6/p5NOpmd9/xRSeTX7N5PnDN73NmQcH4VmP1bn1xN1hmfNvrVGTKSC8JgGSq9AJLVWAi77o+7w8MPP24eHrf3D7uHxyNXQw3qSJIcCPMd+PjBMjMt34ulTMOdyDTRpNOME/Y8L4QIOdFE0xNb4cT5wvPPn+AnHEa9r42OqQZxOuGxMq4RQyFOpQGFaxV25Q6ByRJZBUMNpKeDtLMeuCjtuD+SN/zDe8YyefhIc7vfPFHc6bDZHLbbw/bQ7/aCFo8OQhK+nqzSTDJNhNVqQo9nnFiuTw6VESqhc35c3k3n54a+4jMSl0zOSUo2dpymL0xRT+WlCQYSX01jmlE/+C5GLJaM2wwoVsiFY4wUEv3VdC5BL2Hjxd6IszTOCrY5+q9yssKaSE6JAw2pIWvwsVKCwQh90uSWTG/p+6dhROkB6D+1t0ajZeL6XnCEm+df+t3k+fM6q2i4QVpHJvKv4O6nE94hm9grjtVvGGkm5WUudpvbWqL5fMc/dlI6WYl6bdLJxxiKUPxE91viRaaJJW3n8i4uZ+rpaimnGEb1Dx9t+svxhY5aNOr71Yqlu7RWPJD2d3I+eBoKevK1ao3ah9hdHD9T551JC3DAHNqW6nReLJZ3t7fjrxn1/ZFk2Gb73Xff0QAoRqJPobjuqLXIrUIegarsA04UtCX1rO2uV6vpX/7Vt//1v/2Xf/u3//jx4z/e3v2aAjrdYn1zux4f9hxIGXC3fWSVT9gB58YH+0VVCdmuFaCv3GG7JBuInLDECxpNSOeYy2a3O+z2XFW5WmoA1dh+nrnLZAH0edMf58DXys5/TgdUWleO+JKkiQiNYd21GV1Ez50CZ1gR4N4KQzQVzwfFGuiq43L1fuz/p+/+sO4WRCN/ffd2yRVagxadkFpGzoxROgODpzrKpZKatyFLk7aURq1WzKEqovhBRofSZcvKHkSaynLAY1hB/tU12bjcPXaV83LE77bb96Smw3gEYNWlwf7As9G0q0YLSeQxsla9gnfYEth8ddFocwo4HHqDfxySNe3L8n82BD8a70B/akawljgaR+VcruWCK/sG9T2a4oCaSKL1W+Fnk3qiYX/YjpzRv7xarfprXE/NciQLNQvCsWFdY1mSsjy5LJ72AqNdSrvT8GzpmodjWnLuGGZ9QN3gThxfgKGVixSPxjMb8PReoHMi/Cbnqzc3Y/81MdzH9x9Jj1QwYU94EngYTn5jDxmyGwnEf8HgzE2VyIZ4ZkQ4IzK/rY9rPkLMqvMhelU189qHH94Tp5OBAqMaLjs0iCnTbJkIYIrqaS0LB4tEc7peVtNRXNgWVhRpwpZKT1ybNWB2MXftr//Vv9rtd9/9zX8Z9tsf/vbv/9/d/0g3+vq3v1n/i78iLfs//c//z9/9h/9ttRYI0WbZchFnywEhgbRWhehkIaF0aYdLekuYBP9/yCr/yRxlN4n+Tqzp9s0bNQK2j0+sL9Jml+QIOoHhOrgmoH/48LERGLOr6ystUy5M42y/n7jM8txx/PP4A1QC5YQtoHTuJm8RGZiMKnTY7cSX1IG1A8vaR8KQp3jjTN1yyf0MhiOOTV4uVnc33BoZcXM8/Pj4yN9cSgp8eA0UddzBUjWfhIa04qKx5bpdHBgWggGoj/sD6TCNwJyzLEgNiYlmYhginW19DHJ9HYZhOxxWI7kEOCDprLzkRoQpqZPO4kr6HM0UP+FUOSsGFUweOcCSu2BXPeejHouccbATwa1cbPZVLGOs+OGFBTth3TL5dgV9MuFjjd5f0GLSjMMIbokY/c7dQVo0sheWOXaroCBZIh1aAGC5fiIOSH6Re59R41kpsMAYVnPhFKmCjAmebsgdb6bqMfUL1ubJtHosnil3JGh7l1KNx48jqnjJopY1zG4CaEMoEk67/gBiItPlFuzxVz+BAZ1ldyEYg8V00RUk+jyr7sld1ZyP2Lbn+y66G4QVWjQoEX8tNFerNUc7+2GzeeqH/uHxkT5/++YtBV8nQeiZZhqg2TvsvR07fijxwKL0mqPrcBmveF0pFKAB/DGxOtQfh0zxj9SSaNvtj495q2gCC/bTWlmq0IVa1zZmNStKak7ln62XQ89OJsnNoWLwJCpypdjaHAO5woMBrDmbLjao00+cyCi4ODj3MuYKWdUHwLdUb/iYR0GmP0qKWVd1V3xuPX/xw7fn5HPmherJvV0ozQ182oUiobARmOmRyZIgQgeW9mFkJi8Wb27vPqwfD+OW+CVD5Y5939DGgI42KCe8jod+WI3orj4w8yILThwnkWXbPFAWd4J0niFbqWf43CPLKLMCv9efq8cNHDIgOaUxteuO1NCjpMbkUarAJRqZJRklc4gOibgZM4DISjLF+S9ol40L1psR0IK7+qukyzFcCnk+O84+IXO6mZJBBSBDfitadArlFIyuTW8bJwulC5lOzrelkxu4egxQCRh8Qce+eNSa+WuOeGSbPUE2VfUVhbvj81qjW5T2U+E4SG+ZuOBnfzgexPNrmfHK3sf0Uw6bhPq98NCao8qkaiytsL4puWj8acrv2toCSAAAEABJREFUs7M4Jmfpuk9Z9RpHaeOaJVNxxBIMM9f4xcudr6yOFM33mVyKqandgEnhs5HCaaTepF54saGI9dnA0ice/GTaU+UEj4DDp44prqQnu3QutCrj1yJ1w7FIc51HsCGK4TNphYzJ/en8jqAQGyIr3Pvr1hOEKLmwU2znzuseXnkUae6x2WxucUPI0KdRVRAqZUFNeBSzV8IjavsypyJi89TeZK0oVXIBpBnmqk1Umc9aP5XCHIUNzQ5+owGInrwXTTqQnjMO+7E/SPUqYwRCpe4F4KjRMqsTU3RVMHYNOrepUDXaHrHV9FC3OIBUCRIWZ8FpU6J5c4Hr8AZhqCG9dBpr5D+F/0snh/sAQrvO7XVe3DSLq6xdxwWvMLfsfRVMLzQ54sScM8W7j9ybhvuRj8RVrq7G1XJsm5Ehgxp9KphMjGGQrlvXZVQiAG2iSEx0HGWMWKR+m87nvqkHboVDE8Y59GNepLzGvCS21o9p18P+2A7TYpi6Ma0z3LbtVdssiCS4H7QkQgozZWzLkU3BaTjKbFhvK6WYXGXRqYbrBJlCm5LVbHQB6QMBQssjJ53kqckDZPJeHBGOGR7T8NRMpA33izx0MJLiuMhJGs4tV2Tftab1BQ58BSWs1EL3EkgJxTiBasZ0AYMMbD+lP4MjHiHJppuqZiL6YPF0ejIFjDkL3Pq/NBpTCHYn5w6aaDIwuomk+bZL+rlcrlfrK9LF6XNutrM7vv/x/fvvfyDHu5ekwzRM5vI1oyCJzSKhVYY4X3TL9u1X727f3K2vV9pDh0svGvUeomwREV5jCl+achKcPmtSUuydai7AO7CUMJzVLiY7nx6DK2VG7iCjW5YtIXaf6lyOzO40psAzyXA4y+VSoU1y4710Gt15U+nY4GmhJS4bodMxyG+M7FJkcDLQxmF8aTF/dGbSRVPlRUNGTUh6pj0du/2WrLL7e3Ipr6+urm5uVoKx1ElWARj8Ha/fyFANoFFhMrWOAu5w3O858e/I+TdJHXtZtV9noq4nun6PkF6zchfcoZe0ytd88uJtKhfQp4f0Ezf42fM+f7ealVy0y5Oxaz033DMJzDrgJudc3cUNbY/H3Y7cR7QfJ+4bIuMXJZmiD3LxgMkECyMAWHVJ41yXk064dQ4nnbSlhLUwPUMmVdP6E5OJr5voL3DgCTJxcmuFfw2DWn9J5qH25H8hVdB+0cnea7fXaWS6J7k7HHuaWCb+3YFmm8SZdhRheHjLbjBTnTeReR5anX+9aXaw50i/VadBMvVHTlOzHlMdBjt5ULjMBwsduSUKNfU6r7OxhF7koGzpjNRdncZAhzKywwuxFbWh4luKlVXz4HQR+RI9mhR6oJY3oPFXhPSSaalZcWUY/L3sRqq2cTcjN81UzZIDllzpmbHOVHknX6lju6gJAyIFBpL+imo9QLVSkC6EQsZYiKJ7xxsTHgadOB8eGejN3Ir8RNWHqwyzY4pLu1kHClNrc5jUSIvzX5wfrM+JMzVmljQSa4HY8te/JJ18wUN9c7WGDdfX15vNhuSFtrM5+YJlnch7rJJOpGLmyx5YWYV2O/pJo1pfrbW2gpSth8en/sN70lK4m6NkyYDIPe59KCqjOlroQ1Jlx6bbI0tC0vePx+31zer/+n/5Pw3j//g3f/O7cUx3bzIZWV9/9aZtVw8P+82OpOX+uF90sOyW7Czj9mZct2DFI6PY512b26FZtc1EZk6miLak43BqcpdWN0S9B1aL9jQMitmAJgMkt4XnDwx/FHGIr/bE/bM/8BTdHyruXH5Csi4CwfL8j2DOf/0tg53KEpFk+QjLFZHD3z8+/S8//JBhOWH3L99ed6oLsJVqDi6m0FGjBOxIELIgc31S81Kb6AROb3IrTuSiGUA6sil5/zOjrKllE6O/IhP+ak28nwKS3YhLNmiGDyMb23ty+g0c3Bx6VXmAgWnrFG/184RENM2BbWB9P0qKvdgAKIUpjTJzNLBfYeCclIKs93Dmh3au1Spihm3kBhBWzWNH8b07o5kE4HFgI+Oo+aUtRX2mqeV+q53U0sCLC+2Shu6KDevF0j2MBq9xLHYGcThhhhLpYZ2fHlfGV/uynzlTycsIjFwUt19/pTrT0/uPpL8DBoo6FGUKtdMoq53WOijyLWDmZQ3lcjaSZ1iQFt9MkwZMpYMNoyX2D9+/p8t/RVHot9J9s9WQdtYsdUzWthLs2qHVgfVOFMNdR6Ihau4G0jRDP5LFwjH2xVJDsEQ///K//rfD4fjjf/kd+R9+9x/+09Xbr67f3LXXy1//9W+n9N/+/X/89//lf/33/9W//XfXX98e+0HulKcJvfHoqw+PBCen9/SX48/10O2JUWsBabFcfv2rX5Gb5QfIm4d7cmZ03SpLkI0ISfoBM0jPh+/52233W4ZJ4+3/vFg0Nm/UCwA/W4bii39yyxSYo47kyh15L9CLxrlaAzkeU1hP4Ga75GiQZU7O2KZfqI21uL3hwnJMh/cfHw6HxWa3EPRiiflkDfVMAbslVZWSStvQJqdI6tu7N/dPj+N2Q67eXnzBeckewQ66pPnxgP2Ag6WM2Nbm4kFyxA/9sltckRYkZrDA4cOIzhPENxDB8ZjoBtLM6LDUkJnJMuruPLFfU1krnNsVGLb+yWk4s35TSpA+z52DLvrVXwguLOTnpCDAcsLEHfcEed2au0I2B4t/3YJH8dB+fTSODV6sisM0HsbBSonkAuD2aBinjVSHy0g0zpfEL1l2irnfYs+oIcdZi7PqLk9GsYeSADG7JR0BMexjs6iLI483FBzHcdsf5Im6Vh5ZWb90u0zBmYs2DFWOQ/gXZNhqYkwOx61AjNWpUPklfZ8mAeuXEnrQXpuY1us16f/kut4f9k+7jSakv7l7I4ANZmaqczMVN6v4bNDCSaNEudTPqpWY4oNtyD86UFBE8k6OA3KiektP2rce8h+R4iPLqki19BmcJKWIU6ysi8FM4sDMk2JTUzwS/rP8eVJcuHSuusCFnGl3qwO4G1rCYDWcTLKry8yyIjeK1ti0rMANw0gOXwske1zmdabML2KJ+HTpyGuVvjhvmMU1k6VSQRlqVQcmcyIcKpumzX7qRoJ7RMzkFP/q7ZvdsX/aH0gFpmUdJqIhbdTcUEiSYiPENWlSltJcXEqyzFOm2R6YcygXlfp3cd6gkgsnR1gu9fBPJwQ037f+2oTR9plDLwx3KH11Um7UvyZdOGmrknTk2uwMvfSEzwo8iFnZ+OTxS7tVGZR57iS5hC0T+nqP2KFgPIuVkP1UUNecUh4r4SNYmr3yK/Fky4U1dsSiRPGlsax4/cQWU8F6TC8dP13Hc4MouQtVd5Cpu4ifuH3lVtS64X4YfyEL3YaJwPXyC6LO0dtdF7H1yYtcPkPYRX2Szj3MaRFTMfKytV1j/zLmPKftei+UwZdr4OkesfmPv/ta1BeowjovPWYl13zpAF7Dy2YXmb+Bec20jat4O/0fcwjXT33yQflckSpM3lVO+nodI5QlnDmjpwtcmMAytuCWsXdPMifKjgIoAOkAnzlH8+OCjz1B9UkKxoh2ulaWca4HMZTsGCUtv7ImzVjI0bFaQ7fwhwHQ3jRpdl/Dg5lMiDhmG5cEK6YFJultMY6HhNup35H0kx4to+Z7Wt8788wEir068z0NZHKdcZYqVBYxxfOibRPUaLFgnJimWPXiKceU0Deg60Kn9dZFm8CYBNL419DcNou7ZnWzWN2Qr6FbdowP0ubQVaqgh/7LAUWGnWCxQCretOjwaj107UDu0Nx4Cof9HzQXwg69Q5nqIPY4NFvSRgEURAGCQniW++NhJLcAOVvJIYC5m9JyggVjnBzTbg/742IY2wG7aSKv123X3Sy4gWLr4oOHoYkOAtAoSSe9zznEk4mLVwrBa3xCcOWmQuIxUSkbwWeTNho9ftun5gBpl6ZtnnZkcrYwdDCRD4yGvmibRbNYL7pVq1lMrkXrXpuch02qFgpqxSLAHmIOXyXb/iSHkpeL4QFNzUU/IosdBO5CkhiWiuTStJZwqVfSxBQFOGGEQsnspNBER055bo3FSOSkch0P+91293h/v3nYPj087ja7klvh7ClMBJDmTR3N6GpxdX199/bu+u6mW0hDZ/abkSJPPtFkCpsOtcCcgK07gG3zz9Zji2jz+bD3yW+gdK/wQpJfQnTKCiWFmVVv0gJ8zp3S+HQuoDws3hfaUkdBcfiyAs1jEiOSTHyZbJ64PmHQlhAwKZKpHNkJXs0dM8e0fy5bgsVcvfy0FWOvCVgbJO13O3od9ntu49s2N+v17d3d1c31YrEAmF1ZxykQLygtAo8ccWfs58PA1Y9slLh00ryTooEYnEsqvoFLSt/p+MMySn+cA1/xp1fR2usI0mTOZ1EvYpHA9onrRyKQlX6kmLPfUfiMcyN6QduVhPNkVCgni1hxOw1U+9e+ApxRFtgbItrtfcuOhOwqoj2EcsucKw0W4OXH+twd+0WOM9jcehihd41hw0UrF2nKMiTv3HLYbZkZHhkthnFbOSbCfvOkWbkk7xpG2tTrSpylVZxU07LqZFtZkZDJeKbEhWIWub5wqdDrsoZcPrIkl/i0qKB83ck05LlmfHEK43blCWZaQrzR6a4Gahi4qVJgk8GyxrUttOHzb1xYbzILRs95glfA1RospMJsXP0Ba89WKovkwjp+V27nTz+/Jpzds/gFZmM2/VKzeKfqLNeEtTLCcUtkOfwBsZhKaDsJz4LV1WGyQ1t81kPHU0LBSxuvDDdFqCuuPB/RM8c5H/+UJfssSwf3Ds2v+pekky925Awn6g4d4pbt93sS6QdBXWpSZZWBVqIbpSkkLIuZL590AimqZMHtRZTwNpEFaSRfvXu32+8fnjaHw+Hjxw/XN9fL5VIGZWFvMVNGcb8LpK+EcOhfUlWavsPlulngt99+/d/8H/7Nw/3DH767J1Pg5rZdr77Ob27ItCFdiKsiSaeBLe2mBbfrdkBgpVpMJB/pkkuO9PC9BoEjlmJIJt4Vue+ubp5ypnH2+yN9pVsuJEcrp3Nn1B9FsfmF/Fn/dI5ztTKgf5XN1BqVMuhk3HlWBJmK0NSvehNkzTAVfweRXIvLazI+/2ZzwD9QkLO7vVm/bb0LujRPN7DSSTWNYpWRjoXRVD5WzZEmkpbryGdQfBOji5XRolhE8wzVwz6Fb5bLjjzL49QwvMpx2vZkeNMdt2PGfsGjZvCvJBFJ3cuWXSBPqk5yTfyfKkx1/kDDMAOOjXVKldQqwZdnaWTdQBkORfJtNVU+Rd4BTYs2uVPMWD4yRvTKtrLMLTkKDtsdM4FhXPTDYrriq6xJkkvvVTDTAurdpbpUeN8kVMITBZKzLxax9MBqQKJhYd44OZRQYvoJx6nQFa5ZAVuenFXrzPocgtOhA2Bvf7Nc3Lx7Nwre2+b9PQxoJfCjzRWG4BbilZ6BgkOjKLXJGwDDbIwQSc2FyKvGUrYQqE5GLmoDZC0AABAASURBVEeUk0ZpwXvcbu+/k1Kz1Nx8I+1yraTE0nvVE6cDg8Det8o5cdQRNTRKu5mhcZKmNIlN3Q8scDgtithzh/vdX/+bfzMe+w+//wfizX//v/3722+++pf/7l+vbtb/1b/+1/ThD3/79zfXt91q1SxWigGTcKzAEWDOARyh4BJTjM1ehXH+2TLPP7lc+GkD0F2pOOoapVA1m95f396y+D7uH378QLS1vrpigIJpjAbCu6cnoq/rm5u7d29R8pxOR1K5PGo//stDRUyffBScbXjf4PHXVArxFeqSy5UoqNkz3Aj3rmZkBTcIHJxJPczqsW3IMk94JH2E9KRbYu8DedJ2P9zfH3a3y/W6XdCeYDxStlNZU2mkkp+75KgNMrD4IIbx5s3dsT8+0URxsRiSl6dlFC6QRj+ZIrCIxEunRTuF4Eoiw8g7+LTfcQZavl447jeIF2jURxT5pXBMPiHokzebP5RkykpL9T3sbCz4cyWNz2c8PXeYDHW9rurrgPC6DY/w3N1ccFrQlMt/BA0Bc1xcBM5kmcim706CrTkaxjKf1rqxb+nUw8DuUU3rm1J2lq4+/gmSx2tIyGXNaJi0oR4ma+aNemsbqbP6bJvJ+tkZr1bXhEQ8wN24ojipYa+OY+24B0Pm7ArUuvJhmg6SJEoPvloQ1alZb+dPttSQK3O32nT2mZaBantyFmbDSDtBSqAEU82qhKWSUgYH7sbKjp4gZrchOnC3+H692HJGOf2RnJ3jh/f0t7u7uza3udx9Sp52wGjB9N/U2F/QMFN5gphviLbDtbmLrF7tqaehHHp62kGaLg+43UoOKBsMXSuNV7QOb3KnM2AhnFnRsy4c1J8EbJj5ROdE507lgvN/SpXxu9t+9UU0EQgltcLySPz88D2JXsesablcML7vgWdSUN+b+l6v4egAnzgJf6rM9amcsROYZaTZ5EtdVa4UP+MzKQWxs75KUUYGAsls45F2smjy3d3th4en3fGoXcYo9Em6Sz+ObR4OxCGHYU+e1iS9yAVH15icBgY55U7Wf5JwVSzxiXNr9kB4aTYw9OPZo5fRlyKw2tgXbUxg8eQXQ3QWXmGd0oTzkmW7apvjlPshy07m80clGe3IrCUWprAa8ajCpZgkdLFR4GEGMQWkFpz0ViOmpIqlvDXcviRcyuKsyiEaozsdI6ICehMblXon0y993qB6eKznI/1UcrILzUV/WGr+a8HQUVFsfr35deJqaJSQHN1e+C8xC0k6ObEIfuIekMPaZEN4mJnUGXW1HywyHRp+ydszl4sJ9BQPNZ+WIMoqu0RZsLYpz95QHMtLbwBafW1tUTxVrVzaQ/Ypue1tZi96ClPkV5VxxY5mGpqmGUt09uUMAF+cVERPMZTr+tOmky/ifCZO5sa/q7Nfn4w2DnSCxNOdjfULFUBVtYlCX1D9VbYaFtutDEKUgeRdY+ReU0Fms8mOPJtpJgowyNOeJGeoHfZVHzBMnsHw8sSWaZmd6X2YUgWmojzI9bNCDr71BMZ81LZMyjY41MJVJewjzsHEdWxyO1V90LUt7X2m6CNOHqH+JVPL0Z7VGgkwZTCQ25DGTd9vSSXngCdnnEyAvkAxZ1hmiQ/dFpF6OPmNZusuz+8rnqL7fSqI7aWqeBKGOXlChCT0CfEbdYU6NCdRk4OqOUluyIKb1HRXbXfddldNR/FqaZ/BqR3SSKYxJiLHqHTC6At0cOAbm3Zqu5F0q457ykxZ0d0T5Ei38txoCBvKdXbz26DzTmtmrrVOKhGkV+HE6cL9gdxWDTmfaK0xdSkvcGpp+rcHUubS4UAceEEyK8F1214zsqX008k2asmkFBRrcjdxk5JJuNuk01RhWCoxKEoQBMmq/9tyjyx4b7zcR89tcsbUMNLJlPbkpZnGbcJ9mo5k7jBp5mbZtsu2WzarNb1L5ONIro7LTRUBb1KRJw6rRkAlmuwtMouucsExhT9ZZfoph/HSkxHwoXEBSzRxXJPk6SYBKtx4622B5+i0aC3EkCJtDNIQjgF1SN/uctcxnK2k4PB2J3/UbrPfbraPDw8/fvfjfrOV8Kt8XTpoewxJQn6yNRiQfNFd3V29++qrm7ubjkvXtEaANDjOGhpl5E72AUqoTxopbbV2ic9Mjs3IZMXiuh1z0R6mwnKxZgY6h7LXOYv90B+l7GQcpiAV+alJJ9qIR1qdZjJEVgqKIzQjSCRe/4emUU2QQhYknWdrBsFojpNzqaSYVwr32HAagOEiRDu5MpIQHM+EAGtCRW5s1e+2u4f7j9vNRjwPFBxZKsAJY7QImCVi9F4UXLSBrD/y6TA9cKrKds9tlMnAHG38XG0hF29goRMaTgGeyiLL+MFz4Gu8dJyLeyzO0mp5L32xMtngoi9h9sllb8OpeXd662cOvJBzgaeXvUC6ly5eeaY8E3N+LSsZZeQSRpoZ+TUcNtvjfj8ce2GuQtw4eeMbkQVNtswzFXkCotsywpV04yRjnLNM2JellA2N6R5oaoGup2q1IiIsfDAjv6LenjwZpD/KUXn10nk9QKWg6h5hhwNitCqRtEjJLzmODDksObZ9f9htdZ6NGFCNNmVKWoskXRhsnzITULVA7p/TbCPo5EXqMJwOPFX56KGMndHJxfDISWaG8J/q4V1koquO7ubzv55eB9J5RoYD7mKdLJ4MS7jom6JfNrm0gNTPBcsKzp/FHre6raXqyEfZk+eqgVWTU8Z8qg2ji8tqdk3XUHTFZMyksL7TSQBLHUrVQtWsA2ZvmjQblOsVdlfEsCeK8IGgCbuKoPJeYE6Vw9WXEk5sZD8FX2BfULnZT2/hn1RIJxekSX2p17HHdPG78o/8yKeAs83/8N//d+mPeFx8vLOT0hc64DW3+3JqpVlSYPwcYveO3CrvoECs4YxAR0bVUyfvXqVJJ5qh8sKqv3KS5jNghURYMQvUUH3TrFYrGsHDwwN3NExIwRjSRjMUicRZkwEjrAjSnPHLeSGJoRe6fjje3N7Qm+/+8XtGaTtOtzd3EriiKChKcjEx97FpF+rD5UC7KCu2X4VZinHWJEnC1Zma3L/OyZqCj8IgDeTlQevxoayCPSPenFgfLDeNcaVPksFnktxL63IibPBLUdcvceDZm886ZnILitDIYIIpm66qkgZOTrwwEAj6lEZsJvnZNSHF5CTvc3McKFw+7nfHu2X75nqdZJUln0A7pKB1TXPRrv4CJTkx+cX7P031HTWk4ECxmsQuBc2gajFreJPBP7ac6YSw4p4J5FsA9oIvaKyCzwjdJC1Ck/v/uJWUIMKrBEHLBi1kATkUObR2xdqEeyJvzGjTCJze4adN5sWrKE3hatFQW6AQIWohuFOsPgwGDiRyMj4FYAUmWiKnqA4U9WcY/YoKVVt0flPlXcyqkgOD02gl5aX4GSu7wnhdzLw9Eb5qk852lv9aoZKA+zLKBMBJPqv3vbBhiURspMWGt/C2VmKmRIjba0JtHygc22OHWO6UoNIYzgddj6g8+Jmu2WjlPmmTw3DY7jaPD2+/+QbYxQNatC19rFWv9ES9CV3rKvqi1hO7lOErT4IDJDa/hWporXcSupNev+3u8aNYOIkM8Xe//TVZo8Sb37x591/+w3/8+OOPV3d3b7/6etIISnI4BVWPzM6xxzLc5bOllN0IGPYV4ok6Vabl1cTwl+OXOKDsHOMBySEltcMrxUQ5nU5y4Mh1Rx6LbrGQHKxMttzT4wPRiXSHaHUFLSpjdWxQ3wILx5htjfC8nLpTXxyzvjMjfMYlFAtKU+JkO48TGBQtV3o17AvO2qqKaxS5FsqSAtVyDc2E9KJJIPpH7jk/siZD4eHcErMmpx1LKu4SktmJLnkCFZCkGHScXdIcpY2aPiE7nvg/gZWWvEoaYccZKDA6ELSKKroQnctOa1W5ZDYN4NMeO2ydZB0ukn9aWaQGgWXsK0wh4XbC4MBwdF121sTgsx1GmrJEsEGUgi+9p05eOIr0pNpGrCkhFj0yB8JnDehuU0gu8jBKYKP5gmm1al5qhqHMi6aTVGxf61c81CqjbpRIpENB1l/n8iMSl3zsaJcMVxNadoo/WeAdlkJDr56zB9e+e1BoXtc0h2gWhs+bb9JRq/7A+dijNKXleiXVHaL6uI7J2Npq0DqePvmCiuuT3g7SmE/Kn5r4kj42g0v0DNrWNopsgqYMOD2DhtQlI1fBqXmPjAKF2DGafEwHFoaP4vbKCW2bkNVgPF/nq7GFF7h1i/5oK6Bktrg8MTMklo2Socw7NwkoIwqVh86mloCGfM00kDUKKHI3iRyvVkNnoZnYTyW/uRFuxFDkXVEDsJLRvgxYSUxw1xj/XduIxGYfB8YVk5TiLGg0rkh/+vjlZCZE9ZFPgE516KDqWRlk+bXiPVS+2EZ6agQbwFaB96hopHBgsH9yCnK1dJZQegvc1y9LspKQaCsO1AbCxWOBVZ0f5fxgS43GVgHP1YnQMs51NjAtylhAtpdvrjl4u10LDcfA5KWSItutlgWvDaeZYY4cvGERQabCKO0mJskq0Eh2kkrlItFkNFkS4BA8tMFhAI4qNS7Zsn0bIroPUGvumi7FF5dQbnI+Y7w+oWfpJ+/o4bKyZKr4X8BL0+F1NjM8hwAMp4thROG9A9iOkK3BVMCwXiPGRvNv4SwO4cF2pzH667HviUkuFgtp5Z6fV9NfHmAZoaEi6Hv5Vz02w0i6BJLDRHc4iPIwihUXRoKKGxW+Yx1ZUfqxtMhSvmycykvaBdkqycykaMLuPyXuGLwdrJBJ6hcm5eaTIz+TjCfXyRHT/dC/n/od82u1E9E8PWAbIJ5Og5xoHUlqHqjTOVuFmD2Q2Ecl1yBWLcxzcOT3apYql7fbc8l1DHDQC7GKGiyqjZomiHiywM4m0LIMGAc1xVNIL6oMqdI5J2snjUFgOjDtCSJhXRZS9v2pEm0Y1I5+sO2o2Se2ofhQmDTj12p3K3KSKtL2yoVvhh5ygUZV4kOsG0BsbWkDUTJNonhfwdEg7Dmp/x019UGIBVMH3JejRS56EJANLj7TJdQ6XyheHvbBmW5jVGDPFUxUaVuj5vSwjPlMajMDoOCeoj5Dv+mPj/1+1/eDOEEZdlTgUCQhQYPoojMYc0vO54tITTa9ksDqSQaa6yPVPaCNLUZp9S1NJdATUFSp0K7KdmEu/4/cFKPWMTBwMdK2LdPFk07EyiVFZJ3bK2jumsVNu7pqF+sl+VbXy25JoT/n7drZLEtYjCt1hlE5HLdlG8hMWK2Gq+Vwc9Uvmr4RZD6wCiRwNUX2ggcpQ4XIxmFAoOM6xq4VgBXdzwy5iAxJIpki5M9iE4YzTmAx5cWA7XHMu13e9904rsjHNY3LhLfL5c1qoYWC5CLK5mCjKRqs+8DYo2SRai0Nu5MVkI4rjyTuCcVVAiFCslKiKeeo+ltW/Bvy9dGdmiG1A3n8oCFvxXZMT+P0iHhoUt8CLpu8bLv14ubN7er6qutl1gYSAAAQAElEQVRaVkHZVSNSJ7uUmCzTiN3vMhusQHCTo6K2xXF5i32JA18jdozZQHxFv8UO+alwYv1DPWYFyRBbgVacgTlI+3Z0PTespKJ11DD2MCofExCcRux73my0O7ZPmw8/fvj44f3D+4/H3Z4+UcHLBEPULosjzIk3Ak3m+npN8//uV19/9atv7t6+WV4taZK51bmoPGC62Kj2H6qFB+iWZZhTlaLx7JyrmetmptTGyOKeagLgBqCbi4LpyAndPbkvDuQ4JhuclOx+ckycsFjFTGuAUVu6xZr27XoloDiGUi9MQMxP9RBP0RKlrLLOMyt/nCeUdOF0YIKPkjiKISA0quE78EkK8Vhm5ow+dbQVPj7ZaP1ms316fCTfi2ac0Opf397dvXlL/xHfCSJHxVyZWBOYhklatFDAnSFtaNH3u91w1HYtSbp/hwIMUTaZimWTwgtgDgjjt/jcK7zHU4XQc0r+RZbX/p80m5M48/y7J4RzcspMV4gzEM7E7JnUlRawafZAk4FsYR0BPrulqTOhnDoWghn+OppJtDTJckhs+/GLuz/vHp/otX/aHHf02o5iiUdWaEB7iiRO5v7VjtHLZct9tVrh/ktud7Va8ks+B7IvmtZoUcWJ9YKx5juiKchfzY8BttqVE+XnHhGje50y7jvIrBKVHUnxwSOL2zwwin6r7yVNgFWwgev+nx439w+b+/vt4/3uiSZ2u99sDtvNwMgxg6wCimanAisbGJE46DJPJifukD1qWJ5Q/GCupwpbVB+aNZmtXJEVxwNTesPLFH/0I5/8PqfrSuFMTtLoKYlS8qEaQTbboBw5FhSThQmyqm/ypBoeM+Va32eFRef+oU0n2ZraYqxVvaKVn/Y+C0PTc+S0PP+1UbgdPc36lLFXuUkaIHPLHVNyZc9esm/m2HopxSz5WkioS+g2zq1dl5foMJjGp8halURztNUpA0rGJkPMRWDUHTw8WEm13U5eoRfZ+0Y8Wtl/ZlOTwGhH5+f8OjItGao/FX3Rv6L+N3CFIXu7uPrlNshnvgCK9RHWhnWqK6+/JJ2kL5V0AmdVmsp0FMiadB4IWyGsMvGwxPenuZV7zm7mt3vVoOD0VLAwSP2JOWMm0slIFSFdiVh0PwzcnHGxYN83lu+atBNWIMkx0rORMavYV0gK2lfvvtputh8+fuyPA/316upKeoUsBgZBGFCcbsiAe02zCANWRKcyEEknbCOPTp3Tod5xFJZVInZvcg627WLdP2mqIxM6YEyvobrPIbmXJeVs1eD1Pq5f6PiT3t2Iz22J4q+z1cGZ/nfy3cm/M7lc0ZINjguSvUARkcP24zQdr27vyEhQeaUlhljuD9E0N7wierVC0bpkWVJZKy0/idMwVaj4UiOoGcJZfcGMIQni+8rq7xiQy+A5oJRMC1XtA0KQg9F7SpWBpA+qnNrSU8T5YmU3OqqqUKSwrKKVmJaTDGmj8JCZ7EvO+ZPZTgqjN42e2AwW4pHs3hYqAzhuWJao7DITq1xvN7mBrMUZiDHJMeKTS73M6L78EbsSJcbFlT4tcgHEgaaPfu/7o2Zm2KyCW8Noy4San+Te91P+AhdvKf+cqI+xE9zUEqeRwJIM/W6zIT3v6uom54jVmGoD4FrM3CxN9WQWgw1zBIH0AphW6zXx1f1217GRerV9euo3B26QBPj1X/2G+C8Z3F/96le//9//7vH9x9XVFcfm2xxmWNGoYLa6Fx/z7HGrr8IpPfyxieEvR3XMdrd78VVxlC7YbMpuHp8GDovyQbQjObJs2NKWOGx3pDm0C26BHHU88EzG9MmHz6/7OX19YuTPfQvcryN0nHpG8p4U27bSQ0B1EfnG5EFi3mrc9VkczOy17inMxOV9eWQf0EIsr4hRW2qac3qwOB+IL2vxtHmiWD4HF5Pgn2qOI6gpzvUYKiq42Tb6k4hzXGw3qbdKxtbVkaF2J7r/TKodvBcv1r6QWYg1DC6crYFHX8osnh5YroDzT0LKF2MczA2QQjF7TiNRRQ3rsShDmF3d3R8zyZdSwV9PLuGUaVvdd64pwTV19f2AZaJm9VQ3nr2n5pq6McBvmiSAjOGrKqOdMcKKG1sAvvokrmb6UAgQTZKY172p6DfprUH6UddWs8A9AOO2Xq6HlGZuQdEKfFmKNa7t/NRNU8WOwlDJGvKJwds8GJa7uBHY9ZAE4dk84wLetlhYP3kdpTkQ5fYG+8F5JFGpLLCLPi7fuUY0k4TqVJvnq4m/jB9HgIOT1cta+M2/W0i48AF5JDwp5PJtauuWClXXbqOY2mBU1WVTMdyeMxCEjaY5o3PzxE7Q0JrCM+SItKV6VV86fmmxWRhMMjrORXab6ijZcqlxWJd6i1TcJNdrHBFbsujI43o4HKxy12LVrUoidYcoSdUWrLtz/NdYnfm6njyKC4iL3AjgxWbJQckePDdfktS9ZSh9NxQzLGuE2evlRbkbsefYqnYFklCvDx2aHFsXytO5YzK5o1hAXzgkLDEBqIB0TEmbm8KeEoMxOJ8lmytbzbIuUJW2mRRzz5pe8FXHa5JOTqc3pcjuy1JvzL6RqbTKgmoVZl80fmbn0PSPWpwtrrUEL971dQPE+YNr+Y26dxJzvIXTlWWvKcs1kgCTU1MI2IospyoJwwYQKyRnW4vNZPILK8nOQmGaSsKIJJ3oaCeLFGrJP39dCgKaI+LjOLwfOekEaxiMkBHMYKUVgQWiilbgHGyWgpnSifaozyJPXyWdnM8n6OHStlzKt24sBZ5op1WajKsefmYhDpukyJox+D5Hc4t7oitQ9rNCnIEi09WPkH1gae7z03Fg9XCoaQFeFI+2j2KlLPSQMQLx5iXIr+Lm4NLdaVuG2KgPGfIshSWcwpoAFxNlP9FSNRhOCaHLzVICAq2AbDSp+JDDYWF8CD2CYlNV0b8rE5NIhVGq0xZkHiyW9PkojSM3/XE7HunnTjFO2OfCsyWecb9aTqaiZfPngAtctFbCmKoNAUXsuHjV/BLtcsHo+go/MPn52sgnQKZca9aMasAqkdo+T8ktcv+KykJyDy1Sc5MXd+3izWJ9062ul6urFYevOcZsM+hRKSFgU5h4fDBCHnJ76Lr+anm8WR1W3dg1KIiIybxWxqKDPHAWbnexLN6blgv4pCLIUD3kPlxlNAhi7kSci7xp3QSLERZD6vopH45513fD0A1jOw0Usr4m9wAZdGTjJC2PV3WeU0wEhJiZ7MSZpmg4hLr6UI7shV5Zmo1mAazLEfxoTMPh0TcqPcnhzCVexKYG8sbkdqdJJxM8IW5hOtLfF7lZte2aBrdaXa9EfUdLSMsKZKskoQVaPKSIjbH+kILZfGqXfYbE+NmHzFZokmBVYZxxooLM0zFrRdSZhgGc2OF7xNDTpU8ht9JktHLjDwzdoQA8RP5DP24enj788P7Djx8ePnzcUkR2u+sPvWYhKHkmJX0uhMOWtvGK032+/vZX33z7qzfvvrq+vSGFX5LnnI/YKIvcuPjMF369POeuEMUGxOoG5yo3mMbCkB4UxT8cOYO+P0rGCaN8aHaoaZmS30b8biGlhBSzWK1XSwp+kAnD2Xemz6L5Q4qer4dnBOlU23o58oTzLqkuYWdDJ6FajrzmavMWEkhz3abwXXkvV6BdnXsu8nm6//Dxkbseb+l25Fu4ub27e/v2+vaWy8k4fdmhCzg5TDJv+qE/9nta3u1mt93S68AQGkdWSUsOTRHsyN6MwOpOs/p7qHyS1hfm8lFcDa+JhiCcu4bS647ZeZd8Tue/vuLaeHrhi0+B5+8g3CmxfCFxTBEQ5PJGdDzuIXo8Hvf742azf3rabzY9BeOk1VFkUSjHKh4gle1SDc4ExpXiXbvg/BJ+LVYCY0R7lV7cQwvnWlYCw1+fhWVq+ZlefNCfcdR0/jJRQDFRUniJNIU0hgP6KIZVpjisLK363e5IPsmnx+3949PH++3DfU/UblkmA1rLMCvZlTKWVpMwStBdgWG8JFmHZO50J3wdHRbF+PRNkcyhGlUnnJPTc2Zp2ZsAxed3SpAhHbKndVr+BycTSJ6HZpOUlJo2R46I5YXkRjNFuM6jlY5CTbaME+nN5AK9lvOqWhoQoJn42XKTxaS2n6WgI4Hroliey35WOIRumFQPF0ecNWEd4XCEW5hzj9pLk86n7CceshWVDPFT6CDwaYYjFzBbb7auZ6RkXLh+AZx8YkqzTzjUtkyKT84m5BXH6a1r1RRO1dT6+EvSSfqlkk4qnmPqiMPTBZpQ9m7u4HQbGkxSesnFZ312u9cc+VyAgCMv6QnJdrrZ2jpObhB44H5ApIGRiuPfM+eUZslJ8T2nANI46StHaRJJqhTpsd9++5sff/jx/fsPpCSv1lckCtertSD7cTL64diLJxskUtPYvKmdLxdnJHnQtvVq3YF0XJzUU9xJiIjLxViHRpMNCYqyZPMJ9QefmKfXzeZrdKYQJ3ZZ/DLU9brjj3mvOCpZaL+i86AQKBBh/rOT3ZCoPuDVU3tfObqKLy680ehFpugfeaj3B9Ip9u1qdXV9fb1aU1QQxFs9Vc4xI+5kfbKdZXtCZeG+hQJiP05aOql5GLwJ2yIV5RStUpJX7rjBAYNKMPiaqIli1+uDaOJo4/4mzKHAwHwerTJSN+moVqbZRdkTHk3NUPun5MSerApWP33ronmodErAPEmS4GKYncDDR3Tgk6aR/NNppken+Xsw+Rfmk9V21yheqVIx69G+Shx86oC5Ef7SLvCJUFtQXX/ypPyoxwPDS9olptBO1CGnX1d/ijrnzZMCcPYU58/kLtVUP36ZPT2wOoH/PTw9Jul9tliupAMCgAez/UnQvDz1XcocqEEcarqFSs19zEvMnXeaBacMkEH+8Icfyem3e3q4fvNmdXNNi7e+uqbL//C3f08OiHfffHV1e8O53lV/pVTH4So+8Myygms5VaeJ07X7y/GnPGa7232qQmdShCYJGrv9fvPwqDy5EYij6ARBW+LAhTM78n0sl0vwnNrsHQbObxd3fM4eeJGiLj9Emil+WH2uMkhZXxIvTI8MKtB55SB4REEVD2sQrvtca1KSVqYznBWnnkxSNLboJEuWNthoc2c709ltFt5LrIPcWHTb3W43SOsrlQsiGcyO5dC7+A/FDWRxFs3ko9266NRpykayuca9j407wiMWhbOJVc4MNhH1GiQ33DFWXSUmXOak8SFeTDoJuVBUH2N3c5FUllWvM8FcGgYfxPoTfZODgYJaVMn1PXFcO75BsskHKNBUPhfJUJkUjQwUTiAbol/OXiKQKuRPFR45uWIgbBVCXUgz5cCo0KVh6PCKRqBn4NyhZY93VgaUjVk65oulwyJ4fSPUdTMJI96c3HC13YC14sXXlFgsqI+U/teogO4ByxdJMb3FEHV/jDv5uRCo5a4oki3BtkB/5ETzhqh9kQXUJPtC8z+5eCs8fG8Kg6/k3JuRHQ6xyspPoubxPhH0n1RZyMJlNwAAEABJREFU1zrJlTeqYgjFX2zz7cHf8mixGObQmU1Zrfz4F+cm5LkHPK7cSIZBIQ/nDuDYQlBCzvxBhQGQXmOh/MLyM6J6WO0iu7EFIBnUk3mVtEmShz1V9VMKvdMvobxS57ofB5IfEhrR3ddqwb6kcjOslOjajSADXGBOvkDBEWTi07n5DOG+vPSk8HzSCc6i2Wqte055WVvr92GrqjsYrbEJcsRjxCNK0gmH1vIYLFS2hnZU1NnNheUFASeLKWs9FKTwkrr6lUKmmoaalL0rcmTNcGzvlR2eq4C6Swuf0/KtMoufev2UpBNnldKqSXhU9AVzPpyeMcax0pB18pmtcbrn4lVb6MUBnm5sh/VDhlQ50u+cdOLuGkYW5KiumW/OL0TSnSWdOKRkYUTxsOiUCsURGckR5RgF8d7khKQhqe6vPnW7jlxolDKOPqX7vv9x6vc4YK52p5GHYiUqVgueyKM0X4hUTL+KPRo3080AOZ8lnWgGoUsi2+/24J7hZywyuxpVf5v/NsU0mq5yYdFcvkyFfflM61dz2R/+MsMKZg8rFQq6l+e7TQ9H0TQ0N7AecJVGpo+SVGLwpDTmlM8Wks+RF5Idfhxqo+7ssN0eao0yvgZy+ZZoMqWAMhXQLA+ZjtpiS4p2MDUTud6apeJ/InRJA7IO/xautuSpN4VkC9FaGkoOMBKT3qRRSCMP1hYozrkdjpvhuBv7Pb0o7q2eCK3RyeCqePI8nCZmHkKhQV9QDTBY7BPKvpGXdg7SFATJ8dDuw6ias1+x4L+m0FXMUYTe5cyuGXneIZplfyJN1xoazjhpl7ft6nqxuqLo32rVctpGaK3m5EGpTtItJpZGpnh+3zb7ZXdYL/r1sl92Y2fdcfRGdTqHDiQ4iabdej0rFyFrxommPVviQM+I09NAjImzRhpS0jjjJHVDop9538P2AIdhOY4LwCWkm0V7R8F3IobEuZ+KjCKR/FHmcATzHE1QlmBOE2C5T7VW55W02eSzshf7hHnXlCTjhCRj7sgNvQF4Qnia8GmatsTRO1IFmvZqsbpZr67pn0VO3mFOFXvrZmJLRo9PviwKxUqOhWCcZLcNPikUPk9o/MyDmVD4zVSX1qY2oVXOp9c2eHmT7VC1ijMgeulVOFpSYhKItI7mQvxK0h2bW8FuHncf3398//2PD+/vd5tdf+D6UPGuiyDWJRb8ElK31zer23dv7r56w4Aa726vb6/pWqSWSSTYdBnIabZHU3pGPYULv8Izk5OC5jWLLyXjW3h2KigECtvo3EXqSBENTriQrAtFdXLmirRNtPkVPQWnm1ytl6slJ9AoUpS1HDVeAbUV4DZJSTlhxKJxjHK7lNWMYlyTTlJ8hALbVpOr8KLoPJezuqaFKrghzv7x4fHh44ft0xP9SrchJnN7xyuyvlprcpWyCMmuo00/cmMRzmoY9pxqst1ttof9gWaDU5GmqcogbSqlvdiwqscW2z/FMtkyO0eyl6szAb0J8b3nDgBD7Lzw+TNvyjnnVFMNUc8A1xSgOv+FXJn6UvWaP3fO2bvSPMjJBp3PqfksdRfTNBy5gc724XH78HDcbvsdpwElSYnwJbSnBlcUUIckSdm5UQCnlhF6BNFksVKwE6ZsBZZQxX5CmKnvEPsNKrMuFW3jotLxJVgiuEPgFefa1ivvTR9EU6slnTSJRJu4Fnnf7zXR5OH+hx8f3394/PBx+7gZDgdu3Bd0KXqF4W8obKrVcznUh6UXu2nlGyFXerKArbiFloy8Qj+BCzPlf8o+z2dJJ7IS0+WJsJaGKUR/7YJzp58nLwuMcpL0Uwe0AE8Z8edmc5pirY12kRD/rn2eFZJOPsyOXFIgtc4UVNOkfQaMck5BLtLsr1A1Xgklv9J4Lx+1p8tNPRfl6p3Ash4u56FiQzBnVa8+cMax7R5heADMLgaXX6IHPfvX2avIBuNc5/P4iuPkK3qdasj2p5N1QrzwCCcj/9SNoZqT2XX+knSSfqmkEx1AKmJS1RHJMCt9c+pFSg4zoOkVuWiQUJ88V3w+MSgXKrNZnTmfU6E6DW1OjgrHBfHLFalfpLTmoOBIjOSovAIDswewlxxa0nhIi/n6q3f7/f49HT/+SAofPYKWPtPZhwMFeiQkjwwS3nFydOueWvOBiafJwILkH8OJYmPJ4zTkRZIOlBNOU+FG2Wz6VAv611DdK2bzdQKyiBy77C+bdPKLXvxzD7jwBoPpFM+Wz08xoFMKyBon70n9UQztKrUVyuYEGJZ/m0g33uNx3x93x+Pdze2b6+s8MF6ouE7YPgonXamFSenc/NFovH6Ono1lmqIFVsysd+seG0P2Yk+WJoYuMveE6hBadtMwGCVMMFr7YNX1pO5fsU/BJ6YiFZ0E04gk1sBOS/ZLc4AJzPZIxvo1EUJQ5aHyMKklVtNyJXhSXRAPJSEoWcRt5HinAO2OCuouf1C4MKN9y6/GSuwYdpZNo8pUOKFLf0wMDHmc/TH97GO26V7YFD7ZpqukEuxpFV+U8+2OEulBwfOH6qvqzEtmpsDcXDQWChc5Sc207X0KqH/1dqH5oexz4RvQHLZboqCrm1uSGf2x1wRlWwNzkiZboBTby+KrSiJKG/aYWTNxBWJ6kmD5csmuwK65e/vVw/v3B8bnnJ7un371m99e370hEvzNb/9qf+z/4T/9f8lyf/P27ur6JmJ/vvK2owX+zhLnT9YUTrQR+1DXyurJavb6RUjiL8dPOGYzr6viGeQoSSeCCrsYxp4cFlov2EjDYM2KaxcdUSk3oO2PnRQKMSEr/zp3EzhPMOFfZdbiLACTP4Me5leYi2zLMwyzkzb48cBgJ6L5AP/nfigTE8pmRzV62UEsDFKY58jkPh6H4/5A3p3VaqVe3WxdyAxzyxqFuOSZZA7X66unzeZwOLLTVmL2imdIf26y+Q75a5MWQXIOioVBmqzOKzEi7UkN6tsZeywcKEh1OIKl1B6M90Gypl32pFMxX7Fa/cv+GGU1tbMPy5IqRwDHVS5/teCAooAZmrnzw8QY9BeZxmwQxb7VRE6VNpKho2qiYX1AADhjhNC8TqUwIQtOcNWKgkZLZTfrDU1jKURm2YWVqxqq2/X+pBAaZzrlXUUuVwQ5syUxatyNi86uo9GWNIFneKDSH0pAKzv1KBpAkfUuuCtxkGK0aX6ogSHdjXuV+1nxupMmp/ukhTfDpNPkKkTSEIfGTWkCB4GwJ2OAxihpUt0Mu0VWCA0DUgFLxtjv3DlIRwXZxJdHzJiaLIgKiJ7RpWEWhiqTXJliK3kQogRiTeDH5Bvpopedh2iuHDu6odDnrlpU+zgiAanM/4Uj/iSJAtne2cmT7kmfTMVIUKrwdKJ84pO5/PqFjwBLKxsaoy7A53VyWEqo4sauR+kEe5me9ydSDsZwEdMkDHU/cmdJA/+V7pWaYMFMzxF+sw3Bt7GMa/KbJFG1UeKexk7PlkZJ7iKHg+dSJcB1abqo9i7RaI47KMVjyW1BZZ9ypFPPz4qX5c0UGLT+OE4iAICTTibD7rVpsyiHdS5LPoOYUqAlJgUhEARp3rAytOx+uByMwB8WzOLIjhGcZu4zJ1E01ZjDz/6wAMWLl+o3rzlek3Qy2zhokI9KSOBJJ6O1iYFUlvvS2ulTpFJaygk+FAxeLMEzMuF1DwCXro3zX4PHHqVJ/IKbGtgqJsVn0vZYl5JOsL4geGJiyNCKy+g5GQw6bnLQjmol1GkTxoWD9etXZUjeAp57w9K0HiZ8GPsPU79LI1Zjc2LQy2onESacSD2BSoKqTLwo+8BYmTGnIgL8r/Vp5Wr27H4pNY8uNRdTAy6iMQkAL5pebvPGT3DjD3wAEc6r7GP+fPJqy3hkknP2S0BPYf3EpjLLjxH9inIzhVvQHCBU+vTUzeSZBMm79vh20J/4oj1b8iR9FpVhZhM14VTRP5dABVoOhoBe2CM3XFgDC2g6EqlJMMRSwc62m2kWnzUd8+HCLEO5ruWNtiAovSNVVSAVgRyB+7Hfjsf9RDFucgoOEUnWhBWnoZh8C6Amk9q2XqrGKnEZ0Ru4RSpietLCaEVhHZLBtDg/EfIB1WtwclJJoOoWojZPq9mGK75g+1/G0GBaQnMD7Ztmcdcsb9rl1ULhEmhGG81PyZIiKHs3T+LcMWjYhEPKQ5uPTbNfdPt11191Q5eR4RGy6TM6C77OyVZRTXssebrcv0PCkJ6aruQ+UXS575HBTKUP9YQtpsWIXZ+6HheHKe/6fBi7cSBjZt02193iatEuOy72oknmXoyCbiJQMeQtGrhMf9RGoK4iifKUq0PDW6q+OFWYYy0YhAIh+YKx5GGYk9RMTds3zS5xxskDpkdMG8B9O8KyzRRavVmvbtYLbiBiPikwt8jk+90KHiTjhBZhoU1SYM7GnE5KH8yae/zyalWsIqbKEYKCcTJyZcKJOQwVB/YPHSWp/hOnQPS+q/gqmgHRSYmDlreTtT7snrZPD9uHjw+P9xTz3vaHniHLMdV5dTqNRFHLq9X65vru3Zt333x9++Zufb1uJTlDnVdSCajQMsU6xNqgxIphVhevDogfF/4UrtikvbBd1BqbyCk2NeOYysH9dPb0D0cdOPlGpaTGVhoFh1iuVhSeYDSiK+6nQ9uVs7XUiwkpWg0kc+8JC51Kj8VxNOamuSYOa5W0JkdyvzoJ+zbapkcxqFLlDoWKyHAeGIr3+if2ruz2nDPy9PT0+EDuC7rU+oqO66vra3rDmN92srR+E11h5GY69M3+eOBwPH39uCXHeS/5TFCYmAneytp18krF6esDKuCLbiqd0rSuFMT7NH93fjjFzCakLH9lHZ+8gQus2b5UX/2iJH3FBsdKKTrRX+rbhnvFPzAax1Juo1kDku7Azn3OADruNztNN9lvNvR+2BOtHhVHSkWWy++oPbEAAW3lZtF2C2mjw2lky06yG/mjroPsjTPElPeutLrIMTn1dnMjA6NByEuLlbyJ2087gqRfcWZkfU3+Hry/q2TVJ3Lk9eTLG/b7DTOxj7uHx6ePHzcf7w/bHXcmYlfbJNgn/IyaOKEZEgpzDg4EokIsMOGq7WkUD4oNU/RWiDOT56ikE15t1q4+jTnqvOOi2onFEEOc/7kcZfc5a7XgklGdgZe0lhTiaSXQWJaJgrmoKue4Jq2eIAFVRR3Ths5+JtSuhxnzNiMzXiZEYabZP6OQo0s7a+vqMni+cev8Blfyq4to5Ze9RbAu32iBsRTZyJJeiOYosAvi/CXWk2uUz7xcdHkvJ0lqrFcHBT23smIv2EQ2L5g+8TIzwiepbASo5kSGPZ7SiU9IOqWgi03NMKynkwunao1c1YZ0Hlw8/eLFJYdTR9Vfkk7SL5h0gi7GPdFEnaphgUOVp4wOxhDrnaJZY23MQxERrxlU9c3ZuOpPxT2nxRYU1ejEuEBS2Hb7Pf1V9LCFcZfstr1Ur6DCXmsHLXFLkB6jV1hyGAY/fvj4+PhEqsAz4N4AABAASURBVC9dYbVakyUkDYSB9B/SBEkdkhTg1lEHTM0VO1/rJKolhDRaE0a+H2tzi5aYgGQw95NVSFT6nCpKeTZpz8/TJ/6O+FoimSmRkBJ+Geqqx5L+iR1QfoqEQRXcJ1To0tnMhqmxc02Y5RTYHOJknTJ3kR0g7bbkuzguJ7gjSiWHC6kXdiEro1I5b5qbupzCVVC6R2tdkmPqhkVnlX/yCV0ZdJtbEY4F9bnPcUN+BRL4neomwuG5TGw01QDdGVwNDYIJJFOpkzNyiahJKEw7TNdxqWBrEGZbZX+ix3VCfSpbSC3BKcUlKg1a8hEU8WSywgg0YOVkTm4Indd3JISXUFWMMFFCM26S4xzMWFGNdVE+/AJ8/xP7FGZ6U6iT4hABchCRKiYwpL25riqPZFmmUAhUQShVu36L89vWVmWcVnMJwQ+PFEOJBwt1Sd7JfrslU58YqBR1W6cDDVemWqeFeCpx3pRDtRMr77AhKC1QkJVVz1bUzjwc+939w+FxTwr826++ImFAduu7b3/19HT//d/+Z6KcN199jdloTG9W7W5TEOFVUnemQwLMyPj0878cf6wDztwf2imjMBzGkF8u12tx5zAoq1goas1Jm6rEjc92T0+0jcjLwk2FKwUGP7WmcBp3h5Q+E2017nXpW1DhxrH7mbUHxRzWHaC1DhbwExaprvkxmStaDF3SfEap+hlG8hTQhcilqXAa6qNn/cREWZFDkexCdzr25PPh5r1qLBkkskyzNmA3/sL+3XECr+JErXHPUn3QoIdcwiFukkduo7H05BpeCnlbMXL3R6YIrqODIc8dhrPDnEx4zmzr/YuXkk50YCn4FcBZFkC9Xjp+LJ/4EatpskSD0N6jOEagxrrEJMy8yiHDdHWVNK2NfNLgggIX1Ezdzg/fW5nIyhxWX3r1BbtjqvzISYtuU6qZJNryQvWtqn5RAj8N2JqaRxNiVVmckxtzwVj4OczAZMZ8WS/7MV8yS1oU3AirsNS03ZyrhOBqde0OKUSn6hGYJJbSZI60KyjhJKDr7F+T4mbpMaqCA30qcvgs5PExmaYDvldCztjK2ejS5Hjf6jiSaF2jWUfqLPZRBqnZ1qtLiGKydQ2gmqMyb2kmWMvizqkVYvvNP8Q5Fnoq0jlO9VBDaE8A4R8Qi0ow/hqAP6koRJ+fKGCsyMiXz0gLRH0cY7eluZqv1K3xQv820+EwKeWg5D8JUxbHvVJWJyADgiEtBWkWrfLRpQTFhgAnTguK+pknzKpwo7MDXmiv46OG0dTkyVtRWc1D0g4EuqEkO07cpRoYlaQTTsyaDvTCaaDrJBiqftXSDSF4ijNB/Vvy2eY7caqcdL7AxiIjqbGycQlTlmvYPtDvqzOv5khQ3cFosxTXyydeFhyz8/rj9UgnMIPCsrCVsOJsHCPYvi3ELE8RqtQYtfj0Qw0DZcGlx6rN2StGfuHAC5/wvXrycajrwwFvkroydcKfQTqpZz7cPlDLuZCb3l5H+N4UwjQenCFkiwO30T/VwkL7vTMWmxStU2DxYRzeT/0+SaKlDGi+xMVZKb8EW04xchtfqhW2eCCVYjagUy/W/LQQJv5EsZr6RM8mnZi0AIuS4EzrMx0qdBx5E/zfZtfaKsbJOrVV9m5KRWGQsESa7cjwHhaHs8e8zUPtg7GfmGKJsyaFaDqRThOYbhNbd35UBnu8s4tZrpZATHkpKniJvHfs0pl0N7J7KEziOcxJXkC7SArqYmjoOVXi3mZOJbJkoZy5KO2+QdVy0EmiCbSTlKiRDrwZjo/HHQeEJ4b102lM1j7AZz5bvoJ/UhMDQsC3+hpXS6YzFq2opEeJdtjhraBwUql2TpzosxCE4D+VVFLoE/OloCutm+au6d60q5tmcbNYXS/XqyUFAhcpTPtS+p+8BbH+m8YGhrbrV91+0R3Wy2G1mBai+mkCtKQsKt0UyVc4iTyy4F81Eudu2agvgk9wGY8kXEEyFBvAZkrdhN2Q2n7qjrjoMe/7th/XkK+7dt0160WzzAw1RkKrFfLIHCkdWAkbaLiDM4cy60k9sI06vHOB3tDB+S8Wd9c/qBYoMn2ypWxRkE7Gtu2bdgv5AfERYJtgTyNYNe31srtaLG9WZIe2XaPWGfhsIMcmc3KnH83GkjNOulg7ncOgkzKXl47PEnY/7ai2iLV9RMc4ccCMGEwRykVGuLFQZ3oNArmhGgiYJ7Dh9rhtR59M0jZtt9nff3j48OOH+/f3T/dPuyfyo07S6yOzR5NtjlYzd1dX66vbm+s3d3fv3rx599W7r7+6eXND3tZOE5tMDqiNPFk/9FSUMn9O/+lsNaVzKXvxwxRxRLNNsQ7amF7kOrMZH5J00h8Pe3FTDJND0gmtaR1/u7paybFYrharNaeHCWWKOPZ2fsbLzXVhItChTSaZ50FsnWGKvE7h45plwqAjmmmS3Q+az2kv1Utc/8mdMNwZhx5EG+Jsnx4Phz39iQZ8fXN798b66SiRu/GQJMlmlFpgmoYD/eilewv9ZM8u88AmFaPQkKyC5GtVGiveiJXQmy3QhaN6QLQwEX4qIIJT+sQJeHqd5/foJbZ+csbcBHDnR/06v8NLTMHEjmp9qWAwiAiSleFO7sf903b7+LR5eNw+Pu43T/2embPGdtV5b+6L2ENGPMDNBaRTmCSXcC6dAhd1qyW30WEV1IN1LjQxtEu11V56CrN34Wcoya/6oquYrzgTaz1KdwOrwBJ8HDkPa9/v9uQnf/p4v7m/328euS3RMHB6JVvQhuhhxmC2jBP1W2YpaZdfQLvHgQkt8A1hmixUxW+uv5WUC6/8LRy4eFDckkquRVePXT1+ZAykdKnaC+q7yz+Vh18ySBR0n4FtWs4tbBj8xjNOGu+e03p+SbY6LTdWUiD+pZnUk/DZhN6v+1Jq94mFmipWr+fHHsKKdQSbsSeacTyAGn0xuSipry4fYtzVeAKeDEX0Jr0vPpdTMuEncwBk94zoaHkhr2v91sQElkwRDNsJHZyryK+XXuXU2bhOph7rliXVNAUhnXA2V1ovHnDyvBdPmAn0i1e6sE5np/0l6SR9kuBedyBcGLgZRYiW1YHWubzukg7ggRb3rKrHij9pFUx9btHZm/Sa45KhP+Mcc6IGUOg32iH7/Y4OGsiSgkwrBuITfMs8mZFaDFhlrPoPRaJIHK4ofJvh3Vdv6WFJsD49bTrOOSFbZtm0S5ICm+2GtCAGGGXAuSV4SkHSlATmEpZhbH4L63ErdUsy0TQ/2h6RvH6cnS2NRRUgK5iylJbNdLjnDqzm63S/KUd6NU2G1NExJPwy1JX+yMdPuiFizWlqhU+zRor8QTzPjS4uJ34/ttXH4kBG3UtkMSMbzYxLbdXn+8fNtD+8WV/fLpeNJlCY41gyY8EMCKXbcGckL/pDgNMIWuXvUxIKH6jKR1EolCyk3B9YmrfQSNq/WD5k+HnUALVJg1rUEEW6qs1gEdHgOS3yW9baXUhheYrNY54vPVPsKA132rAV+Efn37wRoQbXmqe6lkNGaFBB3OVqQSk2s2tXkp5vjiebHrCOBQnLwodJnzSPTUNAvh1TMtBmzNWuPNWlfsZhSwhnr7miox+41msKtkSKp1ba/R72e1JmdZzgkwtlwEErEVj2y8JlRlGUznKOP7vnjSSZseRKg1B8I3Uq04FU6v3+6u5mtboGxw83kgU4lQ7Knk0FtspYDQFO2sTaAkGm2ZByKpSZuaM0wO5+c3jYkQm0XF19+6/+xUC36eCbb3/98fsfvvvbv/vq19+2i0a1dnRXr25nI141Ek7XstI6y5uTpLPkFtofqbron/XxZYSOKcBCmcEfUVs+rZbkziBnxiCtNGgJpTm0MSJSc/abDXHmq5vrVlEQQiTCyThnyw3Vbg3G4M0y0M+Hl59a7Ij4Sv3nKOpR1xFqD2Z6ELX2GUNEIwHK7yfzY0lBQskVl6jRmMhxMwyH7Y6rKKwJhLTLljJxLZpALRlPsl1QYt6ZW0iQZUjun8PhIAwItbWqDcvj8Oxz5HpZSQQUZk0+pDZn6+fWNMHgJp90nYJg0b6KqXCKkH1JlChEi4Kk5ExhxJjDIs9n5pS/sLbVXHJjLAQ6mlcpSKiXxMZuOXPPyQII1ppqT2tOJuKT1hA3DnIJqSj9TrwYOfoKgmJMRtdHbO2czNWqUjJpW4dGmxQkT5EUKSH/ajPweP54gqpe030IqgBUBFryPFLpIpFSqiOqqu66YFUEFzMftFIPpeUdSIJC4nBOXrA3WW4x2VLV26Q2gs2cLTa/0YTW0Qu2zqjUIs3vs0gNPxlKzk6luJiCrIU2EkJhpAo6hWKx9PlisSRNHcOfp5qQ6yq5YPYokgl6jq3ex2FR2PpIWuU/Khq9NCrK2r8iQ6fKv+ahyCdG3PrQRoonDMGWAyuMAckTmJEr+JoWmoQUipR+pJK9lnAJPCZqJBKEWYtsdLhey1TQ1UfOZ5O2B3I3wzXCUCCSWSWnm+oTx0+2RXRc8XXXIVR/zK4LZl27UXzxqPXLVYyt7GPhCJPi6MjUSV8mvobo88OeLbrAbmgMyEfEUAsOFszbE82t41OY3Ib2JXNNt+JdLmMKpzo7Lse5Z08BoPkxinPilWGABlvHImLye5CS7o50W9kj2Swj0qtnZgLjZHQ5SS1H6JWpKi81n6m195A3gnXUamJOTtKyW/GX1X2aZtqUO/Hc848ldKMqnBtHTsmggFKysTlrL7BlapJInzrg7Jy474Wp12FpZoatrRUoTDpGOL1OsGDbD8E2nYUIjACHWlvBXcuvGLMPRO9iv8aHODvNEuAYpp6kM/l5jfoMLkljVlAJY/MpTl6p7XPkeXRFJMb55que1HKZPGXAJYycMyrkTjJyV7ZJlxzkmpMLa0aiYoysfJzS4zR+GI47xivwRa+UNFWABIfBh1AxEJdVU7WSc0tEZyGLnfB80gla2oLJbXQLK1QUk7pnhyedpIpoTexPiLFWprBJ1bBOgN+22BpyL1WFDIPG2uKkXGspiprk/LxQRfRft9trebJknESFrhO8LmFkIJjekBtLEpL8Kiji5hlFt/400mNNplZVqtqGS/6aY9KUq7B/YvL2S1p+zSkF5FnJbcoLgTnJYtQ1nrQSCkrgwnhfFEOsq3YGWgYeeHRWqF3bTNBfKRh84JY63F7niUKhnFet9GZlZuZtgMifEdZq5GBPL9nwpdbX/f6uXxVtV7OtJldLtI2w16Sl07K0yg2EyY2IIizAVIlKbdAO5Tx08lhdQ3uXF7d5edMsuLfO6pp744oFVPxNSetibXNp3gljX7V56Npj1+1X7XHV4Woh/Q6zqRXKvZOnPSkD8KiDBbUl+bbV8JIoyTLzkjV/7Ecyc6apFfmbR2y5nU9qB+z6aXGcFgPmw9CM46rJ18tuyYAY2OXUkoghGSwAPVmC+sAIXtzOgPU32zIpkgslvc811korzraaRpi6bZMp89ntB2txSQ/0tRZ0AAAQAElEQVQ+5GZoGumtkx5xeky4z+lIrr9Vppnt1ovFmoKsnRprlskcNO06diPd3juGOJH6rWj2CoWzh2qAiGcK0pfzRbyge6lMCIQMjH4tJeOksn2Kh1oZbMQ5wbl2kqQTTwlSdgJCFx07QzkhgxEvHj4+PXx4uH//sHvaHXf9NIZMLUC6iTsTtdd3t2+/fnf37s3d2zfXtzfL9YoM5VQ4bsVplZ+oHRHKS7EAZ8GWSzMCMP8L+hP52EL6zacwqbRie15M+uFwOA5kfhx6mQpP688KasCRA6KK5ZpzTSQvBAQrUbaoJstNpt84SJJyDEuLF4FLEp+7ecgdOQChM6D2KbccXXTtopV2uM7t06d1ppnVJrcbxEexp3jM5mm33XDKiHTaZYCTawY4WS6XROSKgaQh0VFTloaxJxfN8UDOQ+6kc+zJ5dAfB+I1SQ3ISc1Y1zKmXIucoDI1dmZgqHi6QJceqn4Ql5exduj4zOiY2+iQ2oH3g5e0x8oIuXzMlMRXKKgwpZndhm7OYgy+GsZMybl8wRTbM75jpKPNjBjLcfO0ub/fPT0edztaIZROysrAIn/W+WPC0IgAtZOOdEXvuEPWSqBOFgvuuyw4OsJs0b5iLlnnbPORQwoQXPWl+B5xZcpjI/FEM8330oN/amLqX8BX+fyoP5RSlIDSUAWYpeUobYkOR5pDzTXZPT4etlvul83a/mTI2zIFnuoobzin35Ids4rXxvHig8smW2dwlUP3tAkoKNm4ujBR8nWeaAK1JuIOEKev2S6avTtNOqmgOl1h1cS50gHn/8fen0DddlzloeictZrd/M3pdI56WZbkTpZbDMYYY4cLcTxsiGN4hHfp7zMDxgAGJHlkBF4cO5CHMwgZA/K44w4SHBjETgjBJpDQGNNDLtjYlnvLkiVZjdUeneZvdrfWqnpVc1bVqrX3/ptz9J9GR/PT1j7rX3s1tWpVzWrmV98seFisYhwc9GFxouqJ8so3rIGX6O8mHc7wMSFJvu5r7nFA10AtvFic323CMDh82mLI+eM1z2JOAfo5nNj3Dj2fJLP5VK8QYyKfIwzPTGzWY5J8QxUzOdnAHT5zj2OgQyKfe17/rNg+6gIMJuZlD8Shnb96KJLzpy5UH8Q4S+O7wpiO230vC0KD2g5clrzVJYj7YWcriAuFYB4Xm3SyCNw7kXteYof3yCVh78+O5W6Xjwp2ea6cLj4ahsrDyogUXLDOfcg9oLmzOIYHNpG2ktcUiphdIBkvE0xGsXs3fR6dOhBPUp4Tz4Pp2CVC7i+yVLXtsZE+nR0SNjRr7Jq1Vp6LDQDPyJMgpcLAHOShDhp7mauOX7WxefbkU0+dPrPh6MT2OhSPW+XFZFaf3dxqjFs5bf/jvhnPCVAO8PQdz7Uj34VnvzlqJP9kc6dn+7+2sa5cX8re2I1DnA6ndmMmDCWg2ytqR5hJSUktTftnp/2DPRFrZ7AX2DGYgHhuBXwP8zR35aWf+Sua87jPuQATzwQCtDLv/jus2uYxKrmrSbo90Rd3/2ivlc3vD327GxpI1/qrQlHAByz7E4DTW9u6qdf6g/VBv2CRHHdCoRWtn3Dzvt4vriEaWyrDLHbu1n8o03mOxNAbUuE3vCaJR9SZac0vdQIMOGYWZrYoc91g1zxA45knbnGkCxGlHaEkp4kVN11JTkM/pwrexRUqGOvoAcskOiiM0WiRfW/csEPSWQqvNAjLB58iz6f5XMW2NQptCHIwI26x3YoW7UsYD9e90m7oLAYdGd8b5j4uDXubmArfSPG7jy1WmOWZSzC09TTsOae6soj2dN01+OkgInSoXc6g67uXhVMcdgZEsWybmzhtfEnlPnkYXrIgjV9jwtdUGHpJiRVJnhHDy/WtU/gJIe2nArY/0YuzkwR11ZR2MsjJyZIj0J3hgyqEMQW206C+hCB68adkbOmuzB5rWoNLT2rNLymoOiFaXbvDzj51SvXU0WtP2DJrhzOHjxx/6pFHv/SZzxw9fPj4ddfZcxqa/1Jcxt10Kk0YUXQp/zbnP9huhOLAyQi9Tt5QsGOLuhT7nBh6moXpkuAA7fL5ILResb6wR8f6tzKWBZpNZuPtkbNLmVtkk2WlocDtdns2mWydOWPnZforQzseZlsGoZRyQY2st9QUtG2oTwIac375QLcwcTqMipaO83JeWcGvM3SOdjvjrtjKRWvpl76y40KHaS/q4rjA49Z2uyWbM03ucGvUrfF3stVZRiQT+oTlJuSANaSqQs4ope2UGDp5KTuErtEPjsHXWSA3WmP8SKYBns9if7xx1BO3ooFWP/Ll275MyDqf1dq0DYFqO26Gh3M8b60hDA29cQpWEfhZWSQJaSUOmrYHStP3bLToSC4wnGk6+F8x6G/FiwfDRh5Xuo2iNjIsFYPQPvm2xrfALP/l5suCXWOqD7Jni8ROlB+w0mS7L10xuaG1ak2tW9NHRizG8kW6U54VipeH+FXD1BE3fszL+cQ9S3ahJ2yTmHlJQwx+2sn3Zug4hRkGQ+fXxDNfj0N1GD91xItSeFpe0Xu39atxBSbM0VGA5zzLwuS5m/3k8EChkxPmO0zrjgup9P0pP1tqO0tuKtUlmBsYDhpNnZjaHWPorRqTOALbpp68SqX9wV6kqiuuQHbD/khhuXK6UYjTAN7tytMhLNdPWeEFUZCmAykwkoKoVKdC+bHHkLeUpC846gGQLHZQu9HMN+bnBvC9i864ve2fYOidqNBJ9bv8XHPIMO6MGl+Uw9gx6LSG4aBzcgV9CLaY2gTvYCiTzB9SsbRA4tAF8DflzqlBrzUXeNtGhfoZOcr7bN0UzHdO9vsJlUaFuumHzp6ZgNzjdT+R+r7xlTFmsX9GPxr1A0kOHEYvnGQsoUFTkQN95sK1ahc0wLig07bo5NR+FEjxBjIfTcmRIcLSVNc/9863LPQu6c0q70bhvn+Y0PUvz/dJsYO2dCRICGQYC6oOxKnQCWZDS+Fg+DA/9Rlev4FKm6mLrYMzHVoC4llQCHfyQFP+qiAR1poaA4EFbVx8UWCiCVLlybLAWVekdILhImGYwoMfDFNNIS4SYFqOHf0ukMCMJwP4GSoMUx6YltKQN2k+QWfaYYExgKHOLXyoWdLA7md+QXEddXybc68kmF36PwwSjS9qblkCOWCIGKpcixnMr2/HWeLZLHRW0wnM+DDhRhgKM/E3XL40xDqxJSDPS26PaLkA+I6Gt+acOz5iB4UpiU4sT4Zgigc7j0N1g6CBz9s+4A1GzUVnEpAYWj6TDMVjs9dxKm4+z6mCxuAHdhoKcLOuT1fTkfUehxgcTIrgng/nkfbkKRVMh4oro4DMECLEiGuc9citloo6Blns1YehDWdG4GqoLBTR2P1TvkJCEPcORc6083X8niObEL0PP8768PNE3oCfhvbFPnQ1qbngcTGl3ziBUuOZqADBR0pMDhd5hh8qMH8wLEuGVoTM+435mxyWCHHqnWPFeRX3oKzH1VyF5k2lPYklVaf9wx6bU47zTJjy3GUM03uqY0J8Otu5eWC9esOGxfZa7XSJkzlxg8PMR4LjFxDfXLT5bZPgX1S3seB4kfbbFsDxZGrfim2jy6JnTbed2BxX1QTM5nS8WU9sb7jWTZiaCJUvRNgJShjxHl7sB+IjUJtu+EUbTxB3xRh9DYXQXaegMNrXpdj3UW3/h992UFvS4SVqX6S5gMd+AWeI8h07m6zSKKdxgvnRrHc4Kwd5bzBYzXt9LIrGZSnXgsw3e0DxE2zvyJDEl+1a59kkU9NBOVrtTQZl3S9M4cLkxCQScZ17J7HfaBLlORZXUCU5n/gR/DDKaZy4PEYKAOTWdWvInZCIyeyUQgX9ypRVo8azwjFOcLUsnDaLixmtcmJROqUT4yS13Nrx2uczt6U8A8who5C1S3gAFYsFUYi46SVTEKOVML+E34OfIXN2zGCTZRWqKsvHhRohbgJsKbOFemLzrFD5apm5aRC3FrIoMj/iAE4QRE4l9UWz0mkAFLZp5Ma6pb4Z022/2iq1+Dk/zA1ajVm+WEKnuvdUuSJJCwDm+iSIHR1QhiLFcSq8hgfLtQvKgzxk8m0/zezYpq6aNdPJbLS5feaps1tntrY3R9PRrOFWQiuvoOWv66aX+sPe0auPHz52ZO3w+vqhNTtRb/3cLKSFgezDsQFD/fEjLJOucgDf1QDfgne6lAuZzaUWuRZGqxAZ6eDtALRNPalB22Lu2GyT6XTs1E2q6aypGs84odtwlCXnpy+zoudkX4hxkrG7NtTotvsX2BSIQa6SmTRursBPG1CcqZa/yFOCLg5Rv29vUGTBBidFq1MG0jdLLyn3pZQmApx3va6njm8yHm1tbW9tN3VDQY6Gg5XV4eoaKf044QvfYNnaWWubCc7F5AJVziajsVuxZjFxmi+1Y8ZC9DWTYDgkE/LctYxdN6Kdmpamyc18aBXjaAhwefn3BTzpCiLO0fmXfM53tmfxrCXLjhbHNbwzDItM7N4nQgsmHgbgx3ne6vrKEvUi0Pe3jZsis7WyocUP7lramuDpdDaeUjCdjdHG5mw8qae10zqk18EX9L0+d7mMh97WjDntCseeKx1ns+z3Biu2AFhvGqudFGXPRf1Tvu9l2idtOyJhR6im8x+dfLfdVN8Smjh8TnrCi9m5K+LvyJHv6PXYfKKxhlG+08jFyVCHECgEPLtFGt+DqmvrQbH1YbyxsfnUqbNPPrV5+qzdno5G9WRGElw8FaM89THLOL4yL0IJLFy/PEBFoZK2W4t+LBU6NchUE+79BQuVLGvHWDKCLWs32QJDqFTeesQpCJ+5nPHJYANiKQsda+TGlOLghD6efe2Kg2y7MQ19kBKZBd0VXijMx/sFcX7MTlZLeyIduXpCQYmUQ6DIsAY6yWpfu+kiGn5+2FgiYkU2YeYUvSnlZ/QlMvTVDXTmpXTsvfsl255sVPMCWtdNpwC3xkRKI7RzW6GhSdvPbnvT2SDohUqByU42g4u+CYRObYi5lGYdJjvD+90Zpmta0R/PezDlzce7xo+Zc1iH8ug7rNA2Z8AG3W93reQOnR5jkiHA3DnhhvOby6502ZFOYFnLcB4ff6H9JOD8ro/tC93rE2oj/UEOjoas37yESewQO7IqjcR45MVHmsBK4+39PdzyrG7vFXOKN1jP1gXZyanHYzsvtpM6raoZ8Sp7tlcETpXThIJHTZ03PDSbRzMSLvHgfJm2P7eyulrV5vSZTfK2IEv82U6f7RJPq2Yyq+zjDYfDPHNdZ5rByXh03jYhnG9au3kd6rwbWv/rhhaIrinOKFXEN3a+H5qHZl8LpLzX2Ejsr8iBWehR4V4Z3LVz83/yu4M9O1X77XWp+cnS+ZuD2d+19lOO93WZORvfvTjEWpPxD3yKZzXyZhBJDtdILximIN3ByqtmUVQS+8onja5sz6OqVnq91eEQk2GLm5imQsMS/NxRzEKh53YzM7wq068a5xJiUoaLJwAAEABJREFUkprihtbaR4pByNqnA9+543SxlpkitTNbDmOcbWonfePu+vFIRR2NavurfDnlffDUVVKe9ukzj4NzhWzsNJi+e5CWb2wjwrRrtTEIo4TJZy8aF+L2xffCeUvfbuWqiwvqaHDclUEIxXiuXKR3xNDpik6fJL/aDWPaE8PWbi3WLsA2Q7C1aQtHzddpPtY/NOR2LLqySvbEaWdSX5aKJTF7fL7TJQxymHlgXhC2WT1Xcluj0u4xpr1r+1PLaEZsOzDUM3Q6gtYe29Fyrzdwx2YqeaLwSJ5f5PmuMQsCBVvRUhCaew3L+AyrobpOKQUHzXM7OrJD3Go6PX3y5Nqxo4eOHpmMpoeOHMmK/iN3f2Fz82x/Zb2/tmbIVoNfIw7IxC3kobdJnhqWGNe2wLdNEixaZkTYuym+gkknlx6JAfQvx5Uimokoi9L+MXO6rVNbjPKi54JoMFnWLY0zbgZoNLJWhKcIW7drgFn2VtpazGXZzP8K+0AYECXRNEzW1hLjFQjCZDQbIh18me1hPCT0FpHHwMrtwcZwC+Tc6tVMu/mtys7a94uco1W5ySm/no+HuBBn6l0dtdOgpNZo7z6bTVym+RGi95pTRAE3k4rBO+ooKNScsYoxtVaKJpiTCZCQZxhkCeIwjteKcs6axLx425wMV8ziN/2kIY7s+C34fh/i/BDK+M4gWyLKZ/QNf2hc+Q9sY1/QMWE2rNvxMP7JPJ+A3VeedOJfl5dd8oaHZsBDroUk+amIGPyNUqAyEyLdAWWom1t3U4WkeePLa/DmgjJzhdPEERgSARHaqQcTnWrQ2uFkuiZ2RQEx6Za3c8oQn428vxAcceRRogV9NU/0u1MU5r4PrJHd8FzR1IIHKxmVhmZoPk0cGifEe6JJbZZs1MarnoT1JvRcnNEQVtC0LqKa9J2d540W8zqaVJ75uCjouw5M14gWwVdaXlYX1knT9VXScppQ+rQKrTdlruZBEYt7GWOCPAiGMQQbHwivL/yDbQcVfRlqe6BtAcJuKx5rW9rSYbiQCZUt3jPpE0DM+OTlxIXBJr6KxKeufNStti51P7Hm795Wdvsl+0B44pBL8WWZNh+Un7lADAWPw+ukmewvgeFlRFMM4OVrwFNDODqT7ew0lQnBoxzv11lHIFqgVzpRCdfXxAknvxPbkhmneNDEThpCm2uoAmUseeedUpLWkXAS9eR5FArexodXTg1EV1SnjUXunKy60mD9ajV78cA68sh5Q1SlLEjlR34JBCuJrZOU2XIuFobLE6p3uafaOAuWBbcexFLoi51PDcSVYdGC0bOpJAvCHaGbX7FUt12C9jHnM42LxFwx3KmkeaLIfN53j1l4IT5pGKtdONvzA51CmDNBOcmqqoWLJI8LEGf7TPcxumlpD/bV1LsM0a3YKRS25FrwxLm2xPOw1RfNOHL0Jcqwz8kzNkKdDbM93D7yupwoNMUJVWFGO9RRXu4QJaNUNK2GillWAW7U9el6tm3LoPKFAiFOGBgvBc9EjjnLFxoy0kzw1ph7Ar50eolMhVFzp2NP2sw0LDxgvLcvdhFVW9J9pUuarfCueaez8txd8qyR0I9p2GmWamKH07kFU+EV8hQ8u9i87himNlv55fHohbRSx5hf8e8n1on94pNm4kyxgcSgIEdJCY15qNXtP+3YqAtjWsUS9xU8Icg22LNMMue18dv+siHbeFAfi543AjQxgtTzUQW6Tx5iumBsdz1Fyp3IViahgySLZOjjJj9c9wmdpBMtsbOvuHTOUfeaZnZGsamtz22rGk+dA4RD+abGCEKWt08Rm8nWqRCtjc/nNow9cOQ+xFg7g9Jn44M3uDUzGeeMUmnl9i8TfJnW6YvA9qDQZyb9J8o6tBOa61gcUuWx3spa4QLr9PqDrCyJGMSvKniu6PlcXA5NCgl2W6kZwqyfzYZFNejNeqUu+CVkgXXHN0RuatqcCrNVXHzc2mY3/lDRTrkIIE3Fkc+dVImGjD55o/Na9zSWjenNdO4C69TWg73W6/Wsbx6hl7m1UwocIS2zgx3dOLpJTQInLhRQJOUgeLY3chQDZJ52WDmufJQHvxlasOAF9AMCfk3g4juprLGDylxNlZpmahtgC/Sm0SPQlXWR55gPez37GfRzkrbjcItEpUEfQdg+JvUP7IQ1z8J5ZhV24tqnZQmSEoDdwce+sO8TsC3GZu5PY9KV2QBJu6daNZPQnMft7h1j+ecehG9UqPthO+PT8XR7a3vzzObZU2c3Tm+Otx05w09wgeKlF/bYrMhs9q6sD1cPrR06evjo8aPDtdVevyh6uTuOFDmhOy6PKxYWjfxiRnUAi59wbHe1SSzR6Mmp/m7O5truogulM5tOJtXUxa31yiPadwjtExXOYU9fvZ51QdCMBNkkXu2axaESpk7M+CC07K5hoglLE4VXxh4TiuHhKoCDvXLQFIjlbcmjY+T6h4duHFuImlXbRawqpptsnd2YjEd26s8W5uHKyur6+soaVVPrRqHbEH2NY3U1jm/iTK6djZg5usl47Nw3zOB26lYhd8MyzrmkdTtnbd6Dr6Q6DMZNmjmwrCqFMm7Sq7AwJ+wMs/OFlu7Zrb6Z+X7n4if5I64+xIUHNMkpMQG6W/1M6KjHQzl0r1u9OR1vb589O7Kfje3p9riaTBo/qwyhlxP+oYQgLS7hqChO0cSW2H6/tJ/BwFZMu1G4OFB5IET4hn1JhzWtTLBPW7YsI5ecHLMtztIsHJFU5iQdPDPsa0/b6/dn8Fuh1sprXriFLk6uZ3trvLk52twYbWyMNzano0kzs42RdUx46Qt23yw6xJh0ERbZe72T0P1yrZbvH2PgVSPGIWR7VKKDAr5Gh8UtkPZS46yaf8ImENT8WhqeMjOBnNyellQ8H34u48lAruNuWEHmJWOuSZa349xQDEMhUhimH0yEjwyjuZsa5MB8DxBiYw4AIY2cONNSQXRLTFksH+F1GpNKQhvfK26PDKcb7l75VOnIIPEf53bh9siJ7lMn0fDKQPqRGSfB2cHWB7nryW88tpieVu6ndJZ+OiOX+IajWWzFDdHMl60wam6tyWI1gLkGGnAp46StqoHSt9xMmpjjS39e1pq2q8PbqxvuEcU97RvjX2OJCpcNWd3eCBdLQmsOEdsO+gIuR9LJwV0aLiDQ7DvhHXti/7Y9A02zuiqE94sbEToModA7I7I4vPAXhXNGWoa62e7HubEPxOMEcnvY6T/rf5wZknRzqxXpJ58eKlkm+C2I6Omp1rQGyC10sL2kohycfOrsmTNbvNLAhXbtD21z6uY+nOhjbbtQvbIMswCK3Fq0mJhHWbQUpuE1AeAc+2QnfAbZY2wb7LT9EUhZryJxAucNtd9t5z5pHtpM2Lk1Xtr72TvTw1Ts3KCie4jZ8eRzRHr9nfpy53zRA0UsabiY394uxk2MMmKImByA8efkSAfF82QZS3Bks2nteCeNzijQIa/1okUXdn7Wz/6YUAjcKNWE2AdhstUYv4aM72Ta3hanyQ8hTNR0Bd/gJT1rL+DoegnKxX5CmtKh5pIWrvOaKE2LhgOhlhxuKixET2ZpwZNDQ+5Rh4GX3xPtI9nfmY9BlWYhT+q1kZ59oxYqO6ZdagwNRlQCcF0WP2ljb8j9oLQjyrdVSbMZX5AJWeLnSzDk2XzYTpw7cemf+0TbI+iUfQTYpbr7iV2emyhyO1uheOmEix7CyxlD8QiPZiDRNDG+y4wYZ4n2SHtahtqUzz0K8PCGfrLpmU0mdjxZ2DEI8U7cHEHSGTAmKaCxagWwQ103Jnj0IPZguIcMtGTcBQXtlTNr8Sdj9/i1PnLkyHB1hSeyrbV+4sGHx+PxkeMnhitDnpUzvlMHfrKOVnnD7q8P57MHu72cuBf2hpBOLi78sMrQ/CY1zTTHAeDHfLGXb49xwYTHY1uTVtcP2ZIF5EhGWsQDCx1ZRtJzhaUVdj9mQXeDYYN3Y/iRWBg3YpAgZl5XCMkcyAyxCw4A0E50KdNQXHOaFlPu8Std67qa2qcqlRNL8vnUkmpoPQGJRflhaeaZBDbrRnamrKqRF8GGpY3BsLO4hLMVDYaltDS95DgQyjsaOa/8c/FaCvBOsJgJ3iQAtBbDS2WEQWXciMe3g5tkNjRpjduLQ/ftxMVSbZMApntk29iEXoHB7mAr6ehyK8ZXjpZDxXcaD/NDbj/AMp37IwZ5hZhORM9EAZ6S9knx60TmWiWFnQbO52LIMxWfo4WKnUBOklkyVuQHY3pH+Nl3a7sNWdua+xbb+fXDpTPFM+5A1CAiqYPxQjs8Q5u2Mmm2xP0mrLB2pCrNC+Liw/L0KY/3tU9M6Di01w3vhbo/XEDI4RGU7cHQLK9zAuioXMJVzK9ByrgNdjMNdR1qDne36EWrNCgBsEaPjlnm3y+G9YUQGuiosRWcRf49hyT7FtzzSubmzzBMDXdba8TuUCLJXM93ckdkPKthIBl5mVCtTOhWplfEQDrh+hgrGpdWxPmFgBifIS7S2xX7MZ67wSxsxG1OPxUVF+dexwFrdJkk2R0e1E94uFhlPmqVW+LkFgbayXPySWrFnAsV/IREu2Il4ZwLBNUX01Y3X0R4CNu+UB+8ARHn+5lhI9m3tOmBTpPl109zX8qHUkK/XDIs/uKVuBD8c+6fmsROautrtC5YcuG54ONICkXAKiUevmWKKW5NIo1cSHeao7J5TzAYlt7Lg31CXPp0mob23nbFY7DtpYcajn7ZR9pha/25EBM1l12p8VxQOtkZbdkObRMs7Rb6Q0KikxqRtLi+ASIboV0L65SQCgyVK7nQ4qWjxd3xkPiLL3V0jp0XzdiFhbFY+mEaxDm+BdJJvIExvtRk3n4tvbMJ+ROaZsqhBdKJmyTprg7iDHUzSkQ6ASKdTB3pJKNLdB+ZnfUmzLF0UxKbhtD39okKhtWzKmJPJm3LkrxDvxwfksYOQ9lLm+r2vtFIt6+IfBShj9Z2T+NGu1Y7vTWEyhxfg/GablFlgA8gCirzgaEjk8MX9IvgmfHI4jUAcXhloNvotz1k/7RxbK9iHix/7ZDs5pYztEGJE4VXtWaoErDuRawXJull0WwC9xIyJ6ChnI6UY0lgplT6RjBJQFgojKlt78zUcF6RqLOtd0DayWXZs0fZCbppPRvNphuT7Qk5Qk0Ue+AkhcC7iqXv41Rkcn/TDXjgnkMnbmB6lcHdSw4XR9GtOCgfeuoM8rIjNV8kwaubABf7xDmUlMmkp8fCOlii6gMeynvreXlksLLWXxkOBnYgzcsFQwWIJc79QwKJLt5PrVSTQZWpqldW/bLplU2ZmbAgG6FtNpOJBf+Y3CniqpZ5af3wQqg4u3UzFFTIXUtT3E9tHOlEm7KGsjHFTGezumx0aWC1Vw6tL16hHYT0kGROdJ1T+2T94aZqjJ24pquF4QV6BjGJrHgPWeaLh09JJJ1w3NLg+eOCFGfRDZO6lRMvthkyRZig/cYR4HBAEPkAABAASURBVJbR20aP0dRuiWGeD3q9gVvD4BZAunOjwInhJdGu+aMlkvY7Y8uGcXCTNiU7tynnin2chQnSG5k2lo4OrUJ7fDwyPX3Or8qP4n3PvglhC8xjQ3eGnb0bbY/Go8n2xvbmhvXdbk/HU9vJ1jXLCXDuOdKCzUnHODk0PHzsyLGrr1o/csjO89jM5AhXGjq21MThYzSacMBIBrC+l8lPxzuZCjKzPmnHrnCMEyK681ylozbZQuLmgjkWiaObuI2e9d+XjoGSZd6zG1qoEES4I27BXlrNkXipZ9thnLS1jzknJOo4R2/aCRj9PnRYEF1t7PzbaHt7PLKWckqdiqI/GK6sra+srvb7Tt3E9zEAvIkybshkrW1TUzQep3RCFJyZkzzRtW6H9/65vKL1Yt8wPc63/m2T518ALJy17MVp053n7cxRHxB2TQGeU3nEThd7brpCdY+kXbH+mSA4aUjbzEUY1dZntr1xdrS5tX32zPaZ06ONjZmvcT6KLF0+deH7Ikg6q45loIos75VFv89EE2v0ChdMp2CtDgisVYht4WJJOz9rtjRz9vyhnQufT05aXEw8zo9N4uChpQhRlFZHlqxn09l4NBuNx5sbo83N8ebWeGvLxdBxzVDLhuB1uotsk0jdj+omgVsS+ykKFcKcLU1GQADtKAND7yY1yGlOcHI0M9J04+lpjQd44+yn6WKnEJWPEWkrtI+VQ8pLTC6J38xoC1FyonoSdBIJkWUSSQStIJPmWLDac8nbxMQptaRTFVuikBVoFn02C3MRbVvG94qpCZbE7XR+3KBTUjObRC/7tPt13MP0lMAhpx5NGPXT6w2MHBK5CSJ/Jp3Fhd0LsX+O7mOm+xdNylwZaCXKYO6iph0L7NEozCchnr5w5H46HqG7GvtZwTIvGZ7Eyy52P2AfwCVDtiXnCunkfIH7N+nY3cJohlRc1aRUx+Sh7wZyGAUM5lMlLCl17vmW3mKHbG9LmPLjBmMHR+PJxNBSRZIpKYGEY7FV5olDI3I3hWGka0Az27HLV1bWbEP66KOPbm1t1bULjGL7fXnp9MHswZOx4/Pa82xv0LgBDgm5G43JYMtQetxEOPJcJq2vZW362imNs9KYW9VUO44wkERtRjMv6cPGkUcnOxawo4XaK8uXtV4LF1+0KHBeXbFkiLLHUZcB4oDZpFNloSn3h8RjuX/SIp0ebfsyxsecAh/pRGWzqjm7ta1rs75uHeX93E7tumVdkKswM01tvAlhjL05xtYy63BfHcdv4FPqXCmAQZosTt+QZHWSeHekcnEWctt5BD+bw8c3LqA2+el1ZEazfq2TRgzTbd59ov0stPED98wzp4l5xZTSJkzDJdnadokgdpKQLUiWzc2yYOcFhJ5HrM9hoVuY4jDMdFdezINYPzwz3Cr7ta2VifNbSSfIBHIthpVgYT6mTdLS7fPAuZ5Nusc+1Y5S7JzHxg7bSJHaS0hHPwKTThAxDm1CWQq+xrRuLjUDu/3K6ScD60N8kPNZGzuYsT7uwYobNmvvZjR+NZ3pZBmalEneeq34BfBcA78t7hBCkGPuD4f2epNtJ1o4OnXGDumvvv4a69aAHK+74abprH78Sw9W1XS4OlQ2izKKjKH90MsHFQnPuOMrwIW+29ImaV+vUEgnFxVxLAfUgekP+nbD6dnOpsYxUVwowLxwdE8uCC5K32Rqm/zB0E0WmnS4kgxPO00ntr8tvrj9mAWt5wNwYhuMPml7ACBaJ6ft5jszmefnhcPj4IwGt24gxHWLtMztaeQmrXRVuwAQjm5IguV8PrUZwMrRVOw5rIYJUR/s7LP9kGFRuZ8Gc9dWIdwpa9trbhEgtKFeQTqnkG4+F9N8aSPVzHUUggWGYAkgTDqGWb1kxgXDGWEPK32ZucmpTkZH095p0g0sdn0Q2kE92VNjlpBO2uliLha+hfJLJoMuGPC8a1RjhzgdG2j7nFLfLrYTikGOxgXZyfzlvNPFG3zO2+jjIr84YJhmCtY1pjLoFXcflG6GmEze+WLfum2CdjSX3rgoNMSMQG/h/bBVIY/hlZPGb2onrNOKv3B5b1Vrw2r7Tu7H962T+Ug6HTk+CAdMYRWToBFtDPPGVGw7wlN7DytQnB0kSTTQTRCjdhHGkZQAKAQPxpgeAL5Pzxqw7vqun9Rov5YskDhpATewhAOlhvKf2fk02vcDEPcXO+5blXcTCnjbICazPlTkY8fJ+zXTyYbOPCxXtFavA9OGF1vDgglNKV4htUqpwYPWrGFsHWPeQhxlcTlJXWH+3MRe7oqn2afyXUF6lPDAPKcT66cDyWQ2Sdcz9aBjuBDGRT0pccO4RQuOdGJ7GjVxVzimQeG1TWjKjaI35BkTIgwte/KlPTq6FWLo4ficVDA/QGtzbyGfYFnTEysyhHbDx72lOouQaAdzjUX06gnGv0Dtlkbomeu7Y22wIZteu8bBNBQ/1vayfJ8+7QlDLK7U0TIs6uDGyJmv6LwokPRgOHt8qYa2YELk+WCM8ZIew207tJ7feBK/HxObam6845SVwrl8S/P2nEknGGSqIG0hlmHhRQIz7ME3QO67dgKV1nnqooPlPAICNEuMM+z4DLCkswqdBs5dUxNVjpanFlzg4wCoJVLA7qST9voKsmhNkpbZ3xZiAmB/pBN6lfyHdu2XqtFsVLPT9WzLFkB2zSYPSNnXsKkPs9Lx7rF3kJScOPbz3ZB25OnNZVR/gU6eQFhwhW3NxNSKzuV5/INv6CeDqOFsA/L6Z9DhSdJkpy80WixgbWFyGXg7AiElPPGWLJ3kG2g/9IYsvAnPNQlG2xsIbJ8UQ+uq2hW0LFwWVNggbUeWAdsNDizCgeBIEz5QTwC9qATH8WHzF9sW33DowDemeESKNJNyp3RCci5R3Q2jtiuEl8WdJbaugHO1M7x1e5Ztvyezmc1X54Ml1o5t061PeFLPNiaj7WpSc7zKDiHAF+zIOInFATCdpghzJQa8ALs2gWXeytSwG54l2e1/7Xvx/sJA7lNxPGKiIo6OXYRuhzW9iC9dxg0CBpitYr6WlWsqX7UDHfITKrdCjx4j83OY3MXhKcqaeLV27rKyOZNndS+b9ouqLJpe0RS5o19wQMk4tjfBjEA0w5wtpDLi5ln9HBF3cZCaJOf+8f1RzFnppIasMWVlikpnkyabzMqqGQCu5NnQeucR7KdwlByT60bp2g7kVN3Yl4fsJUroyFmo6iEKJdNC/XtjX77nWBFHKriBQnumuMHBoN2mtMpqF1gHJ0qNALcBxghbWtuNme1LFpmy2bo6oGjsOSvwBVYnSeK5dVyqIJ6Bnb0JvY4mlFHTbfqXtfrn1zvqmqalh5gueSJ+N0E6I5zdit3Csu5KOnzoWAxA8P0CXtqqYiwAe/3xaDza3B5tb482R9NtJ31hSIGQqobjY9m34MJfDfqHjx06dvXRQ8cOrx9eW1ld6fV7FLrB1qvGLzEyun2E1rqGp4cLjhCF01ErbDWaTadT65Yeje08g30a7ubTCAVIdMRRlBwPJCidOPaJHYAwG0y1q7T8M4UOenw49iFH53FwKmuI/k7w8vBZK8C3vM+DyehjfpvDw2kznU6m1h8yGlm3CKkgZb3+wM5lr62v9x2PzTlgol107pKa2Nm163uQoonNEZZImVTTuiHjR2+KWn+OHGdi5yG+r64R3+k1mmBxFs8yZv5YbRZOX9jztLFbeTtH0gm0vaqFZ4HY1fUfFTv40C5WcXNAdnp2aue7xk6W4+zGZHt7vLU1G48du6vxQQsh2PM4+0Klxza9RWbfb1m4aSBrwPr93tC1JHmvV/RK15qQrC3fNR1F7mRz4GmO9dIr7eeYpEhhm4lxbtqEzqo/Gv3iNNao0jTRXRPxysWImo5GY0c0cVyTqavd08bRpyrqzLSdg9BLhtC/UrEHQmRHjm/k2TlMRPFnsjBrWIrmE8Xnxp5out9XjGB3TUKmSGYQA82j4S3gUs95opIEKFY04QDObg2/IhUTCtvgHEeRMcyDOT+XoXiFkp+botyF8Jpj5ERf0SK/BEzsHYF36EDrkAFox2jepHfqqX9xYYKlhfcMJTt1d6lfuJbxFpPXXtCKa06GHxiTP62VIwxrqtsiEzt7vhfIejUIcb6B56dU6P0G08rLCNM8AVhWKczuf8/9iTufCHHiExYsRnLA0l9NdzmSn1ecP31J0rufVJDGeFrkXheBtj2IVckXWvQ3AZy/QMf2zyujpJm82KcS0sl5gAe8MWP3bEqxe6Yzc9zRbDsrYcVqW2cx2gW/OJgP5sKouj3RfQITPTd/Os8mdW0u35UTBm4hb237QBSVXNk+m+36sIKI8lFRko6yDpNErLPEK7HcZYoTJ47bbtC2Y+/aCTew3VsXlK7Xt3a3aWrbvli4wBG9vm+aeKaCPlzamcIWAuTyHJ6/EU/SZTlNtblldq5rqOL4sjslFq0S7lD2zC59I9wrg70R9BMtiEsLh1nYOAckBWRfdedc7mGexq87npJObvqWCDA1gsvHgahDIw8+YkdwySRjfjrXS9q5Gddaw7RqbGmy00frK4OhG12EMkTvvQ7Dd+9H5K6pd2FQHE3wTRsZfj/r4Gdy/KrCGOeSOn8YS1SoROSQcKsyFGnVoheq1U6ZorITzp4n4GlV3AsJDk4Ez2nA0FL6iu+Kt/EJR1r/bjzrM8bk42fyXSXjO91hoj3ECYV2Tg8SOxC351pogJhh3nml/SyP8YeZ0CNPRyNg5sp4uLIxPiZFcnnfRTLeJwdxSvb87LcxqRxJWgL3OMudSGGJOYucWKxbTIPci6QeZOwwAndwuwYbQs8vVP72+XiNPqcJANqiTbsod7VJullIs9huD/WkFL9JcNOiLmqJTU7ZK5hmx12G0PHkMXDYEyan4osltVnvLKHSxWn2Q21eM+WCouWu2mw9ddpO2W2eOpWVxeqRQ+VKfzKpeoOV7Y2zpx552E6brR9ed9QcE5oNitMZs9SP5pchCh+Yjj/PzL+pbv8pTOPOvzrYBy5cL+PCYT/l9uLDrX8jyiybkcKtIyrtXMdoa9OODJEiE9tyynKztjbRrG812tiwpY0VaFmwDOJ6pYWnNPF9hR54JwGwF7guBxsSqwgkWRoLZ+Dlk3fch+9DWjRKfiMdpwbY9Ll0kTWogQcKSKGvqtoJQtaOd0IS19YfmrPgjxeQcKEDfZ8xLMR0TiEaEJrGG5iGNbK8SyLzh/O41HCQW+3nLdwkcqZY441XMbK5831THwsoGRqH7NRxYERtCZMsg5FO5w28gTJhRXysQQoxMXpdOonno/gBEGAbjDS+Wei+z6QJcl86rqhoW/n2/mHwHs7zqqdtaBJuiEOPAOPDYTC4yViqvUN7QVTeNR2UTkLh8SnBJG1ROsXb3jY3/EHRpGMcybVDB18AafYjTjSTX0Gb1uXB5/JVdaQLUavAOtc0rvaDa/Srxp0dVn7tNIQU0rs0SXWg1paJLk4sAAAQAElEQVRnE0xkwzB915X+KPxjqARG9gn3gDD4acIrYuUSX6iAPWluXimzL5Ti7GieYUcKcmHBnQ1+aTxQ9uUAudQF/0/wjiVtg6eSu5Ki/GKXuPAp9imzsFCYyQemDQ/lE9wtWSbWFOV7pz4pcT8ihiZIq273JHYU2z3+JrFu+LatO9eDEPuPECtYuzTHhxai/Zrnj9r7+ZLE8z6xYO0Jsw+kR8H8ZEOYQ2OHb3yycFSchXJmza+syNI8j5thlZIO3VzvOLL/0YpSZ1ArCtQKYWbJbmREZaTJN690wmWSr+E7qdHcQ8h+P6b0/vPk3Yf3P59LalnWpU8RZtMo9jNPowF2ygVbE+37Wjq8LxLesL047T52LrpqoHLC5+Q4p/ziBlDFfht6y2zazq3vCBXtcmZvv3J07QLrO4bZcBNG08HizHnH46jdG1W/O75KDNpVXEr9LHL8Rmj7653PjgPgpTDQ1qLWnZUok+18Ymp0lX9JGBo74+QZeYUXr0UGwG7PgN9Mu7F4syW396PZUD25EddN0HmKdRpT1iRwECXwQ9l2SrRtpSDMIihIXpovOVw3MZ2h5CqKjfZMRU82d4EnmHTiOXTeqrhzVQPKjkK3ZrPTVbVtq6kK7RSXCk6VRmNidDOEoDCRJDYs8A320g8qo14phAY6Nsk+L0y4pkOkM2I7IgLE9j0kHYG080aDUf8dbSr3aEKutEVjzoiB75r5G8V5eT+x1NYI6gdyU4tx/o2tFtvddlTn4yhBu0ze05STkpAsrg0y7+27hnbMOAfT+Ycv7gfzRnvriBgEcjAKjHvt/baxML7IcC6xp8cxTph0YucY7Nsg1RNM+0nGl3NOnhPTgEjtS+oPxoS4nTOHSrnRpGvubXpr00zqans22ZyOrX+YmSM6cDwwTLJw59t3e9LhoQ6BLmM3zLBQvG7l67l3ykxdqivkKa6JURTk4oBzyFfSSIozgb0aCOtmJ6MT+nv0rg1YgzLEfF0VR/P+ala6mU0XjKT01EilAqkCWeXWKRLYrLHV0+ZShk2mmjJvesWkl1d2I1eNomgx1AvCqC0Rq1jH48hyDpkjnRT+iXxtIFe50ZzNxvbnbFOkXFSdJq90UdXFuFKTaT6tBoBreT4s8r59WaDtcKKwV64bpwQMjdJa2Xa80Rimbgy3CCGwCMZIIm7yhKV+uQRiLA8qlCRsv32NaOuqnblFVaOaKZwo2AazZcyWdoF1xnbCvEQ16OWD3mDNzuoVbj1hyxBqHGPTi9TmTuOkLJJeX7QAbU00Zt4gPC2EAmlM67EzOw/evSkOcSe1X//TvlNI7OEcAmOtdbHRsxlur0MygOKIu573bDLd3tjaPrs13h6Pt8b22+6pZxV1yZ10uOvNKtUf9lfWVo4eP3LiuhPHrj6+fsjF06GRqOOakMmoKWaibutF4sv0+9MZQN/JMsmjnXOGx05Ea0Tp6Zwki4unY338Ts9jOpnaiVVe+x5cxuR1IFGTwaBf9noUbqlgIRLyFHBmpt5WHzuGHyoKNDYUWNxpVAR/bXhNPv9jXJ0si0F1Wspp93hM/4Q4AqIphamF9ZGMRjP3duz0ghvdD4bDldWV4XBo7QmEfnlt5xloyoBoN+7/xn65tT2T2bSiDBnbnAlqECYUkHDfmLf+33RHbHY5tb5NDUdg26mO5y5/q2ZZFdtPATD72RmFMZKJiO7hc67znW4W+w18kVT5s92J7eAuDjL4BtTt4+9qMplsj6ajbafMseU0OerpzDQVsAV2SdKedULf6Nd1u4ihtlDmpdOvdqFz+r2871gmRb+0DjFrykIgdUpq7ECZmMruI0AnmxafF84R3CEM3dD5H9uP4WU4httokx7ge8qGO7wQPUEQhtNupFfXM8fXsdlos25iM9BxTUbVdOykelw2erYUc2RVGNpTP6qNxpiQg1XspPj5nRhEtdMyqUgaw3hmli0ooCB3vTkHKcSc1w7xRJM4YKbpMgzdRRYmyVgBzDFLaDOnj+JwOT5oDlPWwlOEHmN4i7EC+06Mz8hO6U9bH0jedeelt/3k5BUBJMnXYQYATJA6TF5it2DMFbcFzN2du16cJyGeOH3yrN12f/o441HWhZ2/XkvKxUTzwadCUDMfhyg1sGG2JOkA74Ddf4xPjcmQZGfDpvdld3ZFeIq9rxPaoPQzjwW5KR58Acyb+7S/4VvbJBlm0cRC21eZb1xgrqXrQkgn53fltgt7rungxQ3WXjnlSYod4ysNr9EhAwhgIlVCJ307xHaV8Xnk29JT+LpzqfXjN89fR9vLcZ1U6iGxs9P5O9Mr+K04cva2zdoIHq+WebG6umInE7c2x/a57eO7aA4Fjc1oamIyHlszPhyu2ivr2KZyI03Rdty/mV/DQUn2OhfkFnHEQidL5sJ8uqE3yeC5tU1YZGE+ja4Qepm4Qx7u0SrvJ8v39VrOzTAtTdQ+y4DZ5a8LjrY8pJ1daGcrsLudHALzgo3BXLaPrHgJCQLr01PPJ7MFa1rNxqOR7cSsDldW+oOclwDSubY8NRDl8Nwick0S9J66gr4upHY/lBTkBeg0yREVL7xtTqeDkGazMjsZgU6ntHDRF51bhcL5aLes0XsTfD8U/BSUn6+j0PC84DONQWtSJpPyi8wM8HExwKTnQ/iM8w0/JRNVZMIyx5aHRtg6XuLQMPRKfAZQ18OL9PsepmEPkgqTXBiau1jPvEkJt27nJb19CW1a6Lnw3CjGaple7NyBYVoI9t3PNn4cmI42aDbHqTHR9I3xRSR2Tn0mxYWp3ufgXSioVNIE+wFcMkeHnXEfdqpzrBHcg/d9UO+MsF3eZjq2VrTq9/u9laErl/4arhi39tynEdMXyuRu3snBEtha05HO0cjTQBwiyp4/szcaT+0kWbnSt2OhvDfoDd3Ci83TJ099+aHB2uqRY8eRiF2+gmUawgAAfPXApcMVXIhBhrv2VHb+yeynmOCF62Y8q+Cn2iFO1iIN0vLSNvR2iE1xdqgSUIwPXpPOkaGmm2dOW/fz2uHDQfEbd30pwf4svN19vsqkD82tw5K23ldMP2XtagT/xMMZP/jjIgxxrtBZbdu94JUKPA/hwojYDpIdO88qO31vZz3ZucXeHhf1wDhRa17badscRaqaXFuJ1++CFXIYalqNTZPZGCQNkAUc7LSfl7ZySdKkI+30JPOsHSMEq0sJ7e7gmRKIVEv0zOCOUFD0+/lHjfYzOFjYEiG3SBDVXVm6wku+G+aOYGrvQuPi/1bhYq2RDMqPC6QTiK4bxBgiI6wbwSy0GMyy48bDhCEiP3R0ZSWXVaHNCsuBkX3ZrCDtmstYcuisqIPPTg3eUrzEWGEMgpYkuvVbx+7EsqKLiQF0Pi3nueSHCB0Fbrw5F0Mi+DxWriKJEeRhtpuBoRkKYyc2uF3xPV/oiIukCcFk+jUVX+SlItzYZVknEqiJVHjPzqEIdGExLs/2uMVbtg3NMrubNd7Rzdc0hhR9/FpV5tFimtV+0axfEOObTRVsgddcUZ6FQB5cesuapI05JqJLizNByiQ9EcDY5rbdTs5NE8oJHWowNs2x24md1xS6O20Ghl4aYDLVEtfaGTPf844XzEL5SqeL+LUZE8MEcBuNsc60k24h3xDhfLtL88C99idWpt3nezHck6DCQwbNcBPge54+c7qMJR8sWUEY7jm2isGq1jPPVwJjWmUjBRzgldaHEfkE2t4GT88hpy9oRSG/XDUnJ5AmPYH32eyeBXR93bKvja8p3JkPrlduXriA0p/+sd2ice0ETuzA2rFPqALQwMSwRgUk/mnOWr+yi5/T21wTlndRVB36PWOld0Q/5AlxOyD0tzkZoVvoe9+xKeQ7Qyif0cpRgwMYur9dW8IvMa1bEM01nBvmmonO0Bd3GK13evhBaJBbE+Ofzb8gRS6iwElsP3tWnZ1+DSU4aruSqfTr7nxsX5M6WWEnpRM/9gh/KNX2or3tD4/p+TSQtObgXWW+nWQLaDzpBEM3xD+KIT6K9XlvN/XpajaCxuTR5HTy1niSq+vpeFFRb6F1aBVDk2paW4oQq1gyVmqtZ5tx6G1FODccyhYOFt5BWhQgeDAgWUiL/qUbTF+OnzhPB3btv+gn12kdP8QIF8rXMib8qjjr5p0OGEpWS+swZr4eYHhF3drkG81oJTDa9VAFcfHROxucbTzrYXjdJ5OUaZKeI5y1kvLYshjDP4FjRI6izAn2ZaRxYr/blSntP7TBT8pFm42RWqiPymtauBtY16ftrxbEAABSKbae0u16sj0d26kZP5xWPsAlW3bwbiB/k8SOJsWnU06ZcQTBc69VOw/BhYGZYJoD6yC3AxjpPp1WPLpd0mzHjpHzh/mRPU3S2KvkoFYxO5SVR3uDlaIc9gdOH8I5iX1b4HKbiID2YUmNwOnp1HZwDVArVfWKpsxnPTXtFVWR2wGAzpjWo4Jwy3wxMG2hMnbOs3DByQv0DgYvGqZZkoSKJQ1A7JSUKWpTVKZodDnT5WSWTxzj5FBRrrroR6pA6NmemS3edZPZU3RjJ1KVYyZRhB0a+sXxAvU/IPMCD95gRScRl3KMvVXVKej+LSrfmWbVIKcNqXI7rJoq99kGs21gZMAF1ikz6JX50E53DOwMBEmcIZsjokRQLmXKuW4pbIpqp3n9St/Q2HVihSw2KIt7zhU7TTcl+0OHoQ0IFW8dMmxnzP2sPdtWRTKqj+1Q2SG3HXTPtjc2N05vTkeTyWjqCA2TaUNyNUTHciHnyn5v9dD6kePHjp44duTY4bXDq3aGH12kIwDvZaWlGM42NjQs4vFUy6vgHF5Mm9m17d4fVGj7OClu287tO3WTiZ3lndUUwMsOvYHDerJAsf2v5GWtpK5qHflObSnnQT0k3XhOttYx+gyXDU+YdtTnmsRCgnMZINpv9ngqUljPeSyTZZFphfOvLJ0TCw0Bb9vr2qex89Xj7e3J2LFGbAKs2ewPBsMVa0tcNCn7YG747xLT1LPKzT/YGQfPHCINSRdMxwnKViQPWFc18dV4gheD3h8GsmAwaJ1RSeh6tWocyFmRDPPTg3dXsDN7zrvuVAfPCXPGedmPe6Qi2TAQSnLS1QHfZoQ2Hf3D06GO/VRX0+lsPB1vb442Nidb29PRmNgSE8pKNtK+3x879LzEwv5FdJPCFlZinPRcRDAXAarIeyGSDrpRvIkPRPfnoorBhHKLZhYny562NWuvtMsPGLqysZD4booJ8rCmHS4g99FocQFFn6kcB242G0+m264K2Kybbm8RfWrq4lbbNoiW2ALlOUBovn2XjJZyeTcEeLkLFd5PsvAm/sq6dVwfmRmZdHLCRFMcuvlc9NN/nmHSaJ2IHrFaRwQnr9UsYVIEEd08tSLP2RZ5FgW1VipyCenm5G4wbYffr3hJBEJ49p4YO2GGwcQeTHw5S+vgkhqHCyS5UNL8x/OA20/QX1Hc4eRhr0oiw6IfanmiCBNrPHfESbkwB/yLlgAAEABJREFU8yZXNIGpIhGHP5QttkPK6i+qcCGHMJxIHVWm7HgyjwoEzFi8ugVUwXxXrvNZgAkXa0c086Oj5TCQyICZVsXFd8P8eC80ZqkCELOdTdJRiRu7fmBuT/Ju5w7gS+p2SLLzY2CyAo3Piy18p4AYs9jStZdY3BkgpJPzv/K+E955VbFPYihcFXI4c5VIHXhPg+8cm2R6ztfk7jBsF8wZHbMogxMujZ1S0v7JBtR22rgTNqumdl9OUccQQjheGozQ1HtsdLxpQj+R4paC2Vb1mhPHH3nk8cl0ZkdeDY07M4q7yeZ7e3vbWnLr0nSTxbzsAIxOlojZxocsT84KyxVZfvaTUOSvhrqcbkK7MQ0JWFZAk5I8mx+WPvo6DgvDjz37SQdRova6RXrorsfiHmUgtFjncscLh2TOib3z3BFnpxMm8y+h146xtwBp8xAGrW3nmeasNYauQ00CO7UtTuOZvXy/LFfzvFS50hz52bWfcarVLy40JjQxbTymMGPIiXc3VVGF1ddT9M/VNsW+BrjJCJqPsAWVOKyun6kzQ9Pj7oY0D9JA0vIANf1e65V6+9h9ZOYH+L/pH+6o8PRdmHiKE5ftWkZOcacwhRxuO9GMMHnqYwvFTgw3po02Yc6KL2IPDq1+HLGY4DDzr81AfIlt/cI4xcO3w9AiY0yIz+bumHz/hS3p+/LWXD9k2Tlz/wKrPbk+UA68JiHwfVlkmDt63Eb74bnvZ6iYv/wwCNH1sfRxkG8HbcGGMCj1HRB+hfYoW5ZIAhpsv9zu66/0c1r34zqFro+vQzfJv1zvg3FvFnlw7S7rVRxY8i4qiiLwpBL12O2NVtfXxnYQZccA45HjnfT7K4ePOBp+YcfA+tSjXz77+BNFfzhcWbNGuRj0wHmLZtZCJy4MgKVjS9z5re2Apf0b3x86oIb+AnZFFrB3W3N5Ilgj8JXK55htd+38iJtrHm/bppjXXHJvwDbHQGc4ptRsanPZHmmPN34C18sFdXog7U1gP2936YuLcUhCo4+dP8OJrcSuX9ykWdRNqaztMHAyiO9F8RBMO1QhK1yTnKaboprZQbKdJ7Bmo/Cr/xpHNczRhRohBWTnXo4heYE7UWRZSQXcMWUzpzOk4iq9UJV5LGBoGshEW0QDuExhmPszUeY0xjDiFsmECxjwouQ8mgUDSXDWxAyqKHyikkyg5i5up9ndFgf0Z/kd2DrUmbmX1FnfWLiW16tEGbN8NioMAI3vIkCYEYLQ70SvLN2eHPqfJo72YhRYVjBF331NWxsVs9tPLbGwSFiiHLro3GuB0IcxcTRJ980w6Uh0ZUfbR8NQBroP60euOjbfPjm+E4LU8obuN3cZQstCj6d82k2Ym3FUGhUl9hGTV8lbsSy3Mx/oO0StUG2YncHYMcLgWADfCYK2e8atldfOyihz9ayifr+rXxlNBGfsmtXMWYktHbJjizglQVDDd6y4wU2WLlGr56knPFqg0QfwxHiGfn6JmJFZeHmxW+f9Ipzt7bRdKywBcazXNqwQO6ed4hlnC0JR52BzOP/eeWaKX3xLuQnnhEOTN2VMMrxP57URsdNv2bX92qFazbdE/OrmkgPBuvg/AHyIyeBsgODcjtaHpziYNZUFTWOtw0wZ+FLCF6HC5SN3KUe/c4vf7ADRDeKIrwShfLbTczl5WbMstDTBGMQXlsjpI7RDb1zSl2i3tY/nky1mC7ulqVB488m/sCZVE0PKUqex7f0EgUbTvk4kt4+a1a60Tt0K4swWYGbDN8SMh/CwfBWVpJie0aDn31CsFODHptV9QEIEFLtAhRgSPh2skcjVCKIV9uUCugUevHMx5B96e+6ZhfT0jQnL4kItSTrs3IeHfc7V+UyOo1Zosy/dTnp9SQUJ03z+PflnMZxxxI0jMl9du+aHuibt7YyJGTA3SEqx4zNQAqI7yqct2C6e44ssKLYskXRiQr8ny6iw8a+xXfTef+/xodpgIHR32ylMn80QWxgMpGDbTeAQ6iGHfN648DoqqwE2p7NT1XTkQrP5AQCEzgGt9pnLewjDMp92CGuMQk5wQQk6HlTP2sE8tOPcNinxiJR3Ehv6JN0QCmewGL7d1iYuLfQvnSug8WOxFtpobBNjfGvWjkJ9jeaCHo0+zZln0Rp7yaKWuRVGdaEs0GnpysL0oVVoaVtuRSjGoUO1V13Btj6GxVcqBtYhTVXMiX2CadWANg8aE+LRKMO8YRcdhgVZcwoEnIXFwyEP0Gd38DbEZ4DFpo3tpDEsQ4BuiVppa5xGY13Ek3pmBwBbTuakYfPEXW5+LdyAqCT2ECTrfX2VZwOUNIvkFq2ZYGFa1Re/lpqmBYl0Evq9sfUMdD2IBSCRumnNkZcXDTXBdxC5kNLkjc2uoSrWsThaDg/3htZtaJ3FWdlTJHHLHRG+q+ug2LS6HpC18ao2UOWqKvLayZxksyKb9QpdZsZ2/tmLRp4mCB1637jyaD2oUdHCX+fccm1r0CXyXQ9PbyN6upuP0nmji7opK53PmnLaFJN6CHCoLNesdx6gVFBktjAYW8qVy8/KGp0M/Gp+7l3x8/vZrsyrdAOGPknQ4eCyksXOkp+misMx4IrPvp3Gky9sq+cUmKpMzZQaodoGsN8TgKrItH3GQVmsWNdsqahtbXsmdGVy3+Y956nNuXqzPgdQkoxpks5PbGEQl3Ti9m6t9oPEu2NCH8CERtjb1biR9FLU0lTFY7hyebtvTCKlb7w91tjUup41tfXYTqvtje2tja3JaDzZHlcTWwMndTXjSHO2VtrXvnp47fBVR49edezY1Ucd3aRfkAAQcLg/Ayxz4gUHQyfD1z6AQAOZC4C6DOeXsXESEkj3180uTWej7ZHFbFoxJ4RahThiUEWZ9waDlRX7/7DvNE6KoD8SS17ScwitmQkzka4cuhsZz91pmrmxWxSYcROf7DPl1fnYEprTDcT4TsOkXMwT5VZ5jUejzbNnt7e2recdabbEJntldcXRZXp9DqZj7z+1vvmaKdgkrUcyJw4z67KvxtvWST9xLByK385MMzQqjBC4hxh7kdQF9IQ9gEC8DCdCGAzH5mP+ZSZdAL8rMKiaqD+02Jcy+5vyMvs5celCs4V07tJxS7oxSc867AxvyUuZhs6w5vkLRWSohgSrZuOxo0qMR+ONzdlkTFVs6oLpOGlbb21CQxoznwaAbqVWUQ4G5WBYDvpFr3S+MB9dJcOgggYt+xYhvRa2JRnb9XvJgA0ADsiawZJ8NOlgi3aYdPLHxx+kPhanwhVHJsg7pomL6sV8nen2yGbadLQ9nYzrybSZzRpHmfLB98CPWcLkgmej0oV8BxnD/IWKExS0k2ko7UiK9UsCYaKtpFHTJBq0ts8YRNTAC8MFuknkFqQ9IxY1CcolOTNOvIEI0h2em8ldHZ9mWtTbNhXBu2TacRkt4Ai9HZqj1F1FDa/inAyCkhc290cYCadtSnypJqxIpp4g03RYEqHl9Piuk49Q5nPUMUWAAu2FzM54VV7GOgD+4+Vekj3KT7V2P9zHCFnr7bvfCIC5T/qMEGuHakvwTp/5Ur1DFUiIswzl+8jctdbaj9F0t22ejx5EBXtJSCEIH+ODETVhY/mHuxXh7CbsTI/xQnfJeC2MnyCptrDwYRY4Rg8XAHQ0kl3txnYmIWZi2sLughwEFxE842bfTVkWAAPbYFG3xloxH56aCwHVKFAB1Gc2wdpornD7mMzZJRlJsUNM96AXkW4n7Pp9O3mx6jp5TTMajzbOns3JathunS+CfgymeVwd5gCcaTU8bDM1FV3d7xevePkL/+zPP6ZhZsx4PDqdlQVCubo6sD9XVbOxcSYvB+uH1hWtj0SI4skkXmwHr7nrFQ+K0toy4q1oPWm4Z+eyqKrtoM3+ttob2IzdnuhqMrNpKXqFi4fn4gLo1oNiOot899klOufs7f4CO/S/X/3SW//OK59/y7XHDq0ODq8M7egJBAKB4PLEN7wA4JtBIOjgRhAIBIIrEbjXr7i/I+egd70mOL9gC0Oy/Jc/bMp79DkPHAOBQCAQCAQCgeBKxRrANfs4bAACgeB8MZlWZzZHZ7bG9z7y5J985K6//vg9nlgCIVhwSzZhN2giN6IDR9+7XiPvwQde5DCMgGFlO5NkWgZQcMbTNZhMQlQ6wzz9dLrAhLVRbjvE8+LVNJGtCMFRCy19CuI3s/Q47Z4ItMTnmLDfsmRRQ+D8+tPao9rFUQmDswNODmJKQegcFSgMOJ+QHfylqntu/NeYMNmCiwnwtzbsmDYAHf2PJUh94bA/BMqiDoxPT1HimD6BcreUwkJULV4b5coRO81NYBLzKSqciDttIGlPYkv8MskB0OUDprNHeoFoE49feEboMvKilmt4ioTAkqTNc32SB17whotv+6Bg9lVkQ+Eh3klp38dkMqnrOsuyDomKOV7EF/NUOyK71Vhlmde/bhevnFMqFyRx2vUjyS5sGc1gE8E6dYPJpKrr6XR6+tRpm6Ti6iIfZJ4lE2wfQqTDsNA15wzpuVKKb775mpeevu2Tn/ni5mjTVr3Ns6rXW8vLwdrqoK7qk0+dHY+3+hTcTpFeN9dAUpFyMhFAOplO6sSotcGAIuvUzkJnoIjbBU4CMOsXvXrgGorN8biZzuwFyn4PMGgDpqaT0spUHriAWG5Wh8Ped73pNf/gdS/tOxKSQCAQCAQCgUAgEAgEAoFAIBAIBAKBQCDYL/q94preoWuuOvTCm69589e8ZDSZ/eYffexXPvAX26MRMFPD64SxxCz/H+gdGki1xPnvtWaxo+Cx9cpvWSCWJOvYIWpZJYwNVk3hmMhEb2HqQvDh830jdwHjpehfbK/TYQDEpCqTrEmh373M8BL/ZtR6UW0oTz4wBE3GcM/IoqAdi4vqW6WudN+iR7UNfGl25nqYVscoIVLMHW8W46WfN8z+DvMvKP7tVXi9ugmJi5gQKrC9ciIXG7ggCZMDiNDEf8TA4jq543LSifG0FRWoTNC9ckI6Mbr7CGmutTIwe7m/I4dmnu2DkAjltCnB7rkdCOnk6WOfRdaBjRUT6FBhWeZNk82qqqkrx6XI2ZA5VbtwfFRAIvEyinHDortOzuigHiCROVncz/KQRVkOh0OK0r09m003zpxdHa44KaksZzNHND93kjVgbfqZ1+Xrgy39jcrq5z//xtF0ds+9j22NZqAn1cxJJxX5cDDsrc1WJtN6a3tzFXEwHCJpGjMRkE5nC+3jc/dVbvoDuvgIpqbm4CANGfIce3kJQ2X/mtZVM61mgEW/dHLDBhJRaC8VDBcQO178m9/wire/5WvWh327XZZFv+8CkrIGFQgEAoFAIBAIBAKBQCAQCAQCgUAgEAgEgr1Aofb0bFpNpjP753e/5TV//w0v+3f/+UO/9cEPR1ETjHETEfz6fudv5dgyGYeN85GPjD84xoXwAUkIO8iBuJB/rIShW2YC0QigpRZQ/FaKLEQbXmQlILS14c8AABAASURBVJBO4g52Fzas64GoupIfaQTe+TAonnXiwxqqhGXC8YmZ3UGPpWvg6MYGlsZPWUZq8ZfrhtEwgbWwo2PUXUm3xJSdjsR9ud5NQubZiVpx7uyVqDFjfGwd+phEtTaheqB/qbiQ6JARZrfbLN8ICUgYHvSemrnTu0+M4XVwidL+ABN4RJgeOS9S4klTLAPhOUaLoil7C2FkP/Htb4BLiguoMHHBLuwrEy7bu9PRBOOjJfFTGy5wFGDHmQyKPoisvmOgI8jRvYJDlnllp86dEnBo2yWpmWOWdJ8kEVzhKD/Mg3PRypyoiIvF5oIpOm0RlZVFmReFQra/JC9F1Ygi3yWXCtEMOQJuXuRHjlwFRj36xJOTSZ1lLuxZnhUqK/K8aKpmPJ7VtTussBdXGONK0VNxNHRE7WLY2uNdIB504aso+KgJlcgd5IIA5bkJ0RldhPU0OP2CFd67KC4hC3awcMLy/O/3y3f/0Nu+9fUv7xX5yrB/7OihlZW+Y5xQ9DQQCAQCgUAgEAgEAoFAIBAIBAKBQCAQCAT7gHWuWRebdbQNh33rcdPWiYn4+q944YtfcOOf/+1d1g/LflVFqibW/+i+HKyX0zobnevR/eS8dM5R58goLW1jPqrIojeQtFRcxAqgDTDhExF2tjFbYnyfqDCREEUCWcR7Rb1fWfFmiJSR55xUlWXh3yx+q/DNf9Ip/Fw+yA7fhNy2MVTPDh9OW3dPyIv202ZLSPCSD6tqJFGHwuO2flb3v8I9EdPc/rnwOW+Hq5MboZdKWgzsqo9ck8hx0Wk2xJ/mgQsbe4HSHvzsEDVGOgmgRLYFqS1NnqrCiTZhjzu0TeQCeUCpeUoCS/j41PgCsLcnHTd+611wSYEXhnQSuFVw0DCBsxRNTEsr2+GUDukE/CPbzQ2ADYSJ1lOASqkGr1iFC9RQalNq6DWwUuPVE3P96U39l3/1yS898ETRW8ds2O/bb9sM5NOZObsxmk51UfQOHV7vUZwd4p0oEqFydtG9A40FZrXBiWnGzXRzNN7a2p7OplXTVNo0OepC1Y51g+NqOp5ORtWsQZ33CvuBTAGm1g93J5106V7LHi8WBbOckpbi6uNH/u2PvO3G40fyPDt6dD0/OMUagUAgEAgEAoFAIBAIBAKBQCAQCAQCgeBZjrppTp3aqOvmwcdO/tD/971PnDwT1rU7WZP2OAo5AyZooGDWhrNJPPkApvun3wcJiQRC6Bz2OCrEKHTC4ifs6jSBLsBH2dSEhJBf3yhPCVGmJQL4CDmefkD6BT5KTqps0l4n0TUI/Az0BAQTmR3Isixomjboz4Igwt5O/NZJbryGyc4qJSb8mt6rc4t5WY5d77xXIIskcNAeF8EoLsKvy4kZ1E1dm0Y7vQWM0iORfZCSTvwV/GbnaVomiD+xfY87gtQpUt+xhnlCQvfw9n4pe2jhviEEyBwUBhEgYAaSSlLYsoUQ1J6F4YpVOgnEn86GWdi/a8FNKVtJYfJMrIh2e4dn8XpN9JkhPoHwMOKDiE8hbiNOlaqVMhcmGy4XIDQKZxmOCjzbgy+v4BfWysevOZFNanX6zFZdz5wGiUJr2Mper9ZmOmsm03HTmLJ0YipsqKKJN+DiqtnSyyF9FIUyc2iCaXRKKJ6HlSkXjM3pndTaglWk0AmouH2JqBTOJzlupW8cu8fg0iK0ow1bGfb+rx//9uuvOtLvl8eOHs6URNIRCAQCgUAgEAgEAoFAIBAIBAKBQCAQCA4MSqnhcFDX9Uq/94avfMEH/+YL1udo/YUdXQ12phPvBBEh2QvMGPAEDBIwcaIXuvNx/zl2AuuctM5BFz7HRAGRSEkIt1AYyC/WgdluqwzRhXDwMiSZ4rTxYaRTkrsoQCrzHydhkvOp9mj0ZJU8RNvwK/lbsQzPrjCBXaGtsxUDT8HxYZCVUHxSKSNU1BNhNobxIi4dt3m8+DIRjTYv6csgLPBj4p7WLW+Wa64kn8Dn2JWlssCASUVW/JsK7ztoo5goc0Lv1H2WsVuCPoX7CmGPdia48HN6lkGXCdIhqrSKGqn7OGG9YPea87cxSbbwR4ePoQfRYWf8lWQefJp0cgsTHwl9GvzbahktC9lyJYfXwe42Lv0J93M2dMr3DowTSNUz0l2+ylYIDyrzJcRNwAqe9chwcqi/eftzRofW9SMnq1mdGcxsfuVFqTXaT1U7uDg+WWZtaxpjJxhnzwdzNpAsQKMpAJlS1kxqCjuV0cdZWSeXol2jUDfOqJFJd0cEgznHpvOswVB9OoUnijYFTS3ElLKyo1Gx9v/nfvT/cdv1J/q98ujR9SubZiQQCAQCgUAgEAgEAoFAIBAIBAKBQCAQXBJYN9xg0LPexkGvfOnzbvjDD99lzNwKdC/44fyF5Mp1PBLnS+R/yElPcXOc7kXTON6J22l4g48G0w2RERUM2IkZYuOQioqL4uNZJtZlmOcqy12UHI6VkxUUDCcPkXQCsozYJLxHodc4iRuQ+MCTjU6wlYTVEBU70ASnNwJrqSh/ZBsPp+smbYVD5hycCflgKUUkWdePc6IscxwUf0cSF9n940k9CAsUgM7bnWPBLPHMOkGaVHbFi9YQ9cR+N51sXLiXCRcNdBZcSIL/pJohrZs5OrwRutfHuZvwi8M9HmYx99MAHV5kxv8ZtG/aXIR0K1wueMBxkdDxrCKdwFyZXlrQ93lzNPs5aCnpBGyJxC8rcx/iaL+3e9bAZs81R82rXtQoGD34WN6YPmJeFsM86ynMbH2eTCfWmBdlQUw9cFIlZPlcUDTXErDdQTbntd3plE/chrX+trg7+RSqOBy4zJ5eOyqigcjSM0mtSKsHxhRGVgrOxQRj82cC/WU3DhvhH77xq97ymjvyPDt27LAwTgQCgUAgEAgEAoFAIBAIBAKBQCAQCASCC4d+vzeZTE8cWduazD7zxYdpX6QHkBoI/0sMkqaxfsS6qRvrTbTeSQf3bV2Otd0IYXRojbtpo2swGwR8BAZa8R6IJkG5RKk8sx+nTuJW2meZ2874FzqG5E48s8TYy7gYQOhDneASJ3dId/hEEQu/3wfP8SGBlsS8wRhJJwSV8aF32iPJvxoYDyYGA9kRHZ2GbqAQCEIyEB20GEgmKvzUOu/14sV30H3AlCIzByDpAX41rc5MQuiB5IHTfcaVA1sAfHSN8ECwNAFhUy0esUMAoMBxaZMQCT0YflfdvIxHJkVhvwyHRbYEtsSokE8JqWSO79LeMYkwZZY+XA6CC4sx4D0IM6Gb7IIyxze8Em6/+bH/9CGczAZlX/XtLldirRmvJqMtwGb90OGy7NuDiXfiCzdQPWSGX55ng15hKtANOjET0FVdQ9WwnXJaU3kJ7gIw1XU1q2zroQrHHyROChtTFo0CaG1ru7GI5BjYk3GyujL4vjd9td04JhonAoFAIBAIBAKBQCAQCAQCgUAgEAgEAsEFhnXJHT2y/sSTp7/vm776f/zFp7ZHY+9KZx6FNsw48RQTp1ySnu1D0YAXMzHs9w8EBedVpNXtnnLQLnenOyvF8XEUcAAfpQKBQC36+GM4HjqMU05r78OBu0t2zLkyU0USk3BOInHB8VEwBMrxBAIn4+KlPiCeaLpsg0XyB3Y2TXSzRk5OQvLhx2RiR7gvdhI4f8n2icye8hBmma/Wv5eFq8XffSYRE4MfU3uZG/8MS+/rj44XmA/ck157PjmpskFnd2BCpZompntmzNYlQidLswjj6+iclmTLgoBJPIDANQJjiTJGYZCH6aZNSCcXFmcA7tuTjiBgnDiqfvCbH/vAn/ee2FjNsqLIVZmppsxms9l4a9MW4/X1I0XZ02T90QXVMbFWM4utLIuaaiIHKZtorJuK2gHHOswLNcgK0xvAbKJrU09r02goSszR2lZiummwptz4mDtL6SaxTjMi72+3d0y/vf2bv7ZfFivDfpZlIBAIBAKBQCAQCAQCgUAgEAgEAoFAIBAILjDyPBsO3ar0/9dbX/vz7/0jZhgYJlk0hgLoBJaBpxF42odp/e8c3wZY1wSCYAaYoEHBSicq8ggoEg4EVYmg88FXgk5gGaZfQBTKMCFQR+umDFFZwgEQdy5FUDeJhAqz5FcTiB6m1dkgh6vpHmv/VCnpJNy8TQ4G0ZWQVwsbGGknxueJF9vwDJ05msN5Yun5O6qvtA5f+yZDhpkkd90rZgc0PeO8b5cj73T8yM553U1RK1MT94QMiQE2mIZjorvbQet4O52ca+bkY+Ye2cUAmUtAUqq6qV8kmiS8l0TUxrQH7P2WhHSyH5gdtmFnipPF4wgPg+BcsDLA//0bH/i9/3t6z6MvKhD7pbW8pa3s01k1Hm3Zerd26HBZ9MLhGnyEHYcsV7Zh6Je5s341Ua20rlA5eqIxlW7qWmcZDorShSdDGM+mddWAqTMoMEMnVaToB1trdSJnFELn4GKIJV+/ouARLtGnoh1FUfz9r32Jveb6+goIBAKBQCAQCAQCgUAgEAgEAoFAIBAIBIKLgvW1lfF48tbXv/T/95//uJoZtwqdFqw7wQ9mm7B3n7VLPGHDx2xxuzIWLGnlTFwQHP8nhWtRzkVI2iYt1QC9bIiJKhFogjsR2/gpnnhhAkEkEBVSOkP8JxAVOiSQnRzViyvmQzQJSMQqAp8Adfd6UYKl8cvvtQZm0KR8BwQT+TR7IHIZTHSsum9t9j55uYLJfm5n2k1mupjA6wmXaQMHkZvYRdhwrzuzfuZwnSWkE+v7hYR0QnIJy0gni8kOmTcvThN5HQYyle3omwZ+C+HROleevx2r7CT3gDl1lrYYRXkb0+qvJPItKjwQp4pvpeZuJ6STnTBHNDE7H9m+rkRc6HHEL4Pg3JFl+E2ve/wPPwyfuf+WXkFkQXARcPR4OtnedAHN1o+UZaldGC3PhzNEFcmtRc+4/pHVdQ2EKZVx8de0UXUFum5su6Chn5dAtLVJNXMx2BrNhoRZI0wxbGudSazSEuyq5xR++ooXP8cmfNAv92V1BQKBQCAQCAQCgUAgEAgEAoFAIBAIBALBQUAp7Pd71qP3ittv+puPfxGgIe+eJkpIEDhRxCBRUZZEMZ8k/KU8ucJ7+oJoB7NG/FHKx9mh/3x4Fs2shYSYgXOaG3wKa16g8UFnWkSXJXa9krt4KE1Cp0jugzuEYFlyhZBYxNRnCovMhlTnBJZpN8yla/FGOP/bkqPMbjtwuRvfvydPozBet8VTTOJNSWNEk68Z/Q7FEY6iJAx7kI1ZTLNSrSgOBuGWXUA/O1UdSJgfMSQTv3fjtWe6UiMtAjeoS/nA5IXNZ0HYNN1fU7ka08395KeYjFje/fEJIcbvFdLJTjBPQ8dnUxgnTxPf8KrHT50tHztzonQqJEWW53XdjCez8fY4z3tK2R2FLcSNZ+RpKuxOuypTmGeZoXBooJuZblSWUZQ0o2fWUjjVkyLPIEPHnEM1caF2GuZqOaEkzeakW9WDYcGlca3MMnPcNQIRtDZFAAAQAElEQVSvveNW+12WBQgEAoFAIBAIBAKBQCAQCAQCgUAgEAgEgosI66Qbj6df+/Lb/uZj94B3obtF7ypIRHBElRhHJ5BIFLTqJktkCAg6KlgYLyJCx4BXOWmpKombHwBiwBnexpYnsfNjGOZJpFIlALBEVGORXuL5E36xfef4cDHTvVpLU8FupJiUB7NMk2XnvxefDeePNdosPEyrvmI6JBPT/t2NPpNcL9w06nx0lAZMSjzq6FCEnYtyIKmSjX8RztFs0mg4nVsnz2FM05BmzCLpJPCXwJgd32akepCMQvclKoQ5Wola8mqWlJyUm7JATPJkE0xIMGaOECOkE4YBzxtLgRrOH1OF94Hg6UFl8M1f99B//mC2NTmU91ygteFwYOvYrNJbW5v2na2urxHvxLjIamhc1DX7leW21BdFrhqnYqSLoq5t1dAZQgGFKcFUFUlluWA82MsUVZ1xNTUuaBvYhgWzjBlkrpJTQ+IZcEsYSGbJ5g60s+ffdMJ+54VwvAQCgUAgEAgEAoFAIBAIBAKBQCAQCASCiwq3Ih3ghc+9Ji/tRq7IN+y88sQzaXkliKlXnhkkqZvQK2Z0/IaK3InEJIAkFk5kLZAT0nk0s8V4K8QCMSYqccSz6R/TPbSlR5iEHEDBffaH9Dlalov/BdE7Rtvbtw/T+ZeeJsq5+Ig/Cwlefn/TPaxumkgl4V8ou3a7Ah/dzSLTcmLciwgcFUQdGRzzmRszswGSH4GECBIPW5QGmWeihIvtTTpBvqpuKTs+AJPnAvliZpYwc9ICGa5mbMJTWolp5mVocGn8DZP8jDpI+GQ7JDtmbJI/XqZBJVd0xUe84Ltjv5U0oFbqi1w6BU8Twz588+se/I0/umVW2ZJaDHt9xGI8ribT2db2li27K2urRdlzNVh7GpvRDSjFNKJcZb0irypd2f91k6EqstyxFo2p0VSaIqsVPeNEjMy0njVVbU/LbCXJlLdWRDdhSldHi2hev6qLZfuPrA7sd6YUCAQCgUAgEAgEAoFAIBAIBAKBQCAQCASCiwiVOSfdsfWVvCw5Zg4wzYKoFy4YQlf+IeEWYKAwtGoRC+7ARAdlBwdiDKywBPMEBrN0c+6UDsEFYMn6edzT0W0UKjMfd4UpBUlclRCgZi7qT4gHE/7Tmgkru97TzD8fB5tJnkUvUzpJbxu+PVtj4TiXCE6v2UllIjJcfDgjEyQ8PDGE+Sis48KcpDY3mSCkzTylBA3iXo+Onm4CQTymDWMTZW/Q6SrMPa9acDEz3cRAR4Bm/obGLBYLjEfyQ2sXAMSYZjlDxZ+BREhqQ/S0kYoSPQYhnRwkEB8DmILggHDiqP6KFz36vz71HIQiQxz2BqhKW/gns+nm1gZmai3PkZoBW9SJ6WO8cXIKWCrP816pGXa3rQ29vCgQZrpBXVeuwmbDvNeUnndSV7WtzhnmoFpZJKZwGROFr3BRNqjFDsbEtmHuZpmQTgQCgUAgEAgEAoFAIBAIBAKBQCAQCASCiwpeGX5kbYgZq5x0VD9Y6GJxxXnHE++VKDx7xASKQmSoBFkUE8PThIvswA4J/ImWebCMOJAmo3sAkxdgOTi1McXJDx2hFqP5FtaTip5sYjrkGjrAx+TxKTKBX8L0A9rUJh4ZGAlLo0h4ukOE6sSIobztUi5w/rEovSa+wlaVhUQENO9ibouee6HzEgMs5GFCRqlOIv2vwPySNGxKKCeYxKwB2Ivg0z4RJn/4+3gWEW9hUDyBUKh2Qjfv5l/2Yu7FX/jbRRoyTnsFWprR8ptgWp7C83bDABkhnRwgKoSTIDhQvPIF25+8R29s1wYLW4LzPB8OBhp1VTWj0cjWtMHKSpZles54kWVUSvXK0lYWZWA2m2lnLZBEUEgDSBtl7UhWVD2jrUWbwqypdd3Yg1SecWydoJHkqI5Uc8gQ43LOCdmypfXe5HkGAoFAIBAIBAKBQCAQCAQCgUAgEAgEAoHgooO9e8N+CcpFJeEwJy3BwnS4I+mJbYyZeb4EQIcOgmBaWgZ48RO+picOmJaPsmMKY2ifecaAFyQBFWOyhP2Q+i07vAqS1uhcR3F4B+KIENekMRwJiOKnGB8px0T+Aof/gY44iSbSiTbgyScm0kSIn+FSqmCJxzSSOSLhw96h1iZyZ5j1onWdnhNFSaB9PmSnrdtSXjvAnkfPG1kRhnVMuuos7b/ti28fLZBdjMKWZhH2LaF+GA5I1Ll0F7igQ4I4HwSnI1rDhyifI74gAexSbPyVU+ISwI6aOt0AQFQYPAnJJAUuCeKTFFoOERIOSsIweVx60skerLFLgjZF4S3vI0WIXwbUIDhQ9Er4ihc88KcfuxWhbKBGyMtePsA+4nRWzba2TJ7l2XAFqX2oOVwVkdHI2Dm5oaIo7EZj/64bthwubFtjD9NKN7biDorSBWyzW7PpZDbRM/ubgoyDbzlj6mKhOZ4XOAUUjE0Fpa9ltXWSHf/CfYdREwgEAoFAIBAIBAKBQCAQCAQCgUAgEAgEFxAGg25H1nX2uzA7cz77hGrB52Cy3fHsEw2iZYN44YwQASa9HO8L7IllUXGwo4cRFSxapgbMB7oJh5pIbcAQZQY6T1FrDUY3Lu4MU0ca50F1ISPcev4urcYEkRaigoSLMVeHI9AAn2hPBdPR2dAYHrMDx1dpaTrY5jXfmh+aFFMgeaT2GdGTJlT7d2OIomGC9obyVBtmdzjlk2VkkZafoM0CMcFADZ5eoTxBBQKLhsRBwjUsmjahsISRtIT7gRT0J3kxmL5ejJQOlmBRPg8Mzm+k8Y/A52J7gL+WWZImzuE20cy8CqeZWG4h3AKZq+TP5TsmTKSg8iJKJ0w8m0fKS5qvjztghngaBBcAr3jB6M67R2e2clu5XMwqpQa9HBXozVldNZub24hF0SttRVLOWjX2Xyc5otGQAcwwMwXmTVOT5eNAXPY6JVibYd+0RpVZ9POizEtocNrMHO8kdzw8lSExvFx5UC3tztcxsirac+CwY02iTUB4BrBOqqoajUZnNzYff/KpyWRi86coiuPHjl517MhwOLTbl54HJhAIBAKBQCAQCAQCgUAgEAgEAoFAIBA8PTiGRNg0CXtD67DsXHUjlEAIOxMUJRYIKdCVpfCeedDzUgXkcMQosQHE4OhchWUwWCMl0CjS8z0ZxSQBe9AnCXFhgbxuzIKoBvFFtHV6Oq9p05imbizqpiUimEQPhBISY6pA+2ztBV04IaIpJBm7k9AGZoqlVuiq6IkjyBwLygyffUm0F0SlNSRpaJ2yIY4PRaLwZzSBBGG8lkB47LmMwKA6sdwF6r27TUiD7u6HJe5fl9equ2f+CEi5Q/FWnPROOlwWJcIt3QhMi4nt3qPlnrSaOCYI+SSFz/9rWm4NH2A4MRwSREEb8wgpTghnfczYtpBLeJ3d0dqdPY5zjJPLn13wjESe4203nPz43X2lcg2qMqosCqUyaPKt7fFkNAXYXF1fHa4M0BZ5IuRZo0WsK82GOUMsVDazVol0nqBpQOXKXs7WGWtvMcuzvMmcaIqtGxtjHM0mum5QZRq99pWtRRSxx1szTIxGUkXn8MwoD7ZROX369Ad+/0+fOHWmIxSFMOiV/89v/rtXX30iz8VQCAQCgUAgEAgEAoFAIBAIBAKBQCAQCJ7ZSH1hZif/Xse1bz2BQdDCzPn356/MeiHGk1BgAcSrSOgFIWBCJFj4o+Zv1d4wBOpJUxdkU4LmhKMIONYFBb/pXEC7ZfmZykgSRVtvZ6O1OyweaeIliXQQyTYY1US62ZOqrqgFhstCDvh4NJ5igSEAkGYNjSTKhEk0N3SIPMQZ5lQCNGURdthBJoYn8gQLVhRZyimBufy7OGgfb88j0bNO/J/7TyR6mRuYuxdr04DPNITg3TYhuI6n76iWi4UxKlQsl6aNhcTkFH9LgviSDwYIT1fmRPevMuU6YA+uMJgpzjbU5CQ8DTz3+rMfu3vd6BrVqsICMQOjemVhd2zWo8loorK8KMtg2pgg4mRRdKgVRVH0tR7PZrppSJykxsypZlnDmhkni1K787LV4UoDqBGm9aypG1uzsjxHz66jmqkwWNyUrWg60lb+5/jrXvbskkLbbBmPn3jqDGK0IGSOwUym1QMPP3Ls2FEhnQgEAoFAIBAIBAKBQCAQCAQCgUAgEAiuAATVB1IW6e5P/+B/u/5+kxy7wLGIvyXfC/eeo0p0ziXXfxKjJ/XchcQEhkCHheAVU5DjMxiOUKN17WLfJFdTqIyLAWE9rk1dVU3jBE60c5yaNBKMSp6jva9/4Jba0n14XMKyWZIFJoS/YTUTE57ILItMYubv5J8c425KjE5DvnB2hRzrCns8E7A0+sTTDknBmWE8HymIxPioSC6rNL8ao5lioikbtVM6IVEcIK0Xz4Qx9ObQcCUIQXZQfMkHggZgG84XRhXV1a+H8jhcwZg9WTz+56grOC885xpcW28m41kDU9UANnkGJSjV7w+0wdFoMhlP7J/D4TAv8yxTDRHcXCweDQ3JORV5bvc1ZFybptK1U45yYidZ5rWF7P8KISuaQd9F5pqo8XTq9E6Q+StIfC3lOVx0vLXNxP8ybQuxQBxb9uflBft0m1uj0G4Bm2MI9LSzm1t6Qf5LIBAIBAKBQCAQCAQCgUAgEAgEAoFAIHjGARMuxG6+/OU/WSeamiOF8P5kTxCA8CoRycnR9x9PNEFtAtrwPMlVSbCDIpiQs44PY1qJieoUQBIm1p1HDAATeCcNmIYlTEz7QM43ahOpG3t44y/kVFFIP6RNp2dsIAUDstcGr9+C2Aav6eahT/teiHSTNmeMWYgxFLZ8uAmiNvCZTfcFmi6tBGFHktB8OmDHyDtXMlghJpQ6LzPTliVF0jveZcwRQFxoEVKc0a7ku7OaqMqAmWLKEEs1COnkQHD26YhZNIfvuMIZJxblcfuY+ak74bygFLz0+dmn7m5Go1Hmyn+BkGfaqCzDwQBBjaez0fbI2r6+GuRFQUIdPrSZv4QTO8k1lrbq1I61V9d1ZS1rbo8mO5oZjmJmhqpQfeKYaJw1VVPVKjeo8ihxFeWlqGZq6CpfzRFPnibx7EDg2ougi+WCDWXZ3AGb22NINE7Ctvsej6dLL9g0XklMEUAgEAgEAoFAIBAIBAKBQCAQCAQCgUAguMzBtBDWw+gQDlrZBgcfSSTEEvGbLoTODhIa0StpdiCsAHrpDpOwSrSJJ/PfWof14cCMELcrXR9uwASigFcC8QIpXuYkpMtQHIeWzmIvYb2jadwW6+BzP2ntQ+jAPAGDHwlDWIk0DWlywq55hRdcrnTig0e4BPO5lKXYklBCMCMfXsdfVdHb4RATiCllxCwkPcaj8VQZ2An75Mpc3kEtGCZEzGmjLM0FVzKhAEZZGO11cWyeG3YMY3StO3ISkZQUanTBmCgyU/uiXPmKr8j+r4R0cgBA3IKnAT28Hp4FcI95vqQTixtOTD99t55NAJi0dAAAEABJREFUocgLYyoKNOaMf5kXOBzaMj+aTLdH22irwApilpMMCZPv2P4aDrLTGGzsaTNodNNYs2X/cKInTlKqcKm0h2UKFZQu7Nr2DEazhikbxObT3nhr7QNiOTtIhh2ZZ2eetsDRAaNpmvF4/PgTT/7V337yhmuvfuVLXri6umrzIR5Q1/XG1ha2wdMgkccy25OJF6EKzZvNjNFo9IUv3v/pL9z76pfdfu01J9bX1xeJLAKBQCAQCAQCgUAgEAgEAoFAIBAIBALBZYZEXCSsNDcmpTJA8C0G7QztI4j4H3EZjyHoicTDnJTIspuzFAk5OYHWeKcMDrfqG0lixKfSXqWxLk3t48Ugku9Tm/AcgXehTVx/7hPJMVPibR28nEkIiOK4LJGXYNrQNdCGuuFARCahcXTRSrZEwo6Zz5K5DMCoA2NMZPZEoRcfb6LdE7gU2Gaw885yMqGrBRCOmCdb7OK93ZdXd+mDLLnWJXIRp9SiGGppKTDENKJMpHAexGlqwzCRvzuUKnuQti5gW2xcoctCiKVQwJ02ilGh1BkhnRwIzjNqjIdahWcDnt5jHj+sXvHS2+6++8mTJ6e6cbpPWeZEOxrTlHkBg4G1Zpuj0fb2liqyrDAF6Z1QgJ0Q3YsC4uQWTa6aWpEBbuzvCjPixynAwqhMO76K42P1SDsoM9O6IXqgrWea1FCcjbZXtvVHsUxWwkmMuBy4J0wQ+fwX7vmzD39yMp09+MgTD375kb/7+tccO3qU86eu683NzTNnN8EHOZvXO9naHjt1mSyz2aaUqqrq7Nmzf/3RT33u3gfs77/3Z3/92le8+Hm3Pffw4cP2ABAIBAKBQCAQCAQCgUAgEAgEAoFAIBAILleQ3INuaSdEKgG/AFt5FZSgMgIuIM28rAn72BE6QQ8oBE1CoPABbkzwUUbmApFDfLAcQwyBlu7BkW6IN+B1WJCoIXy8S5l1YWqT0gr8InnD4XL8LuaiKOUlL7BVEfF/QlcGI4k3NJ9be9AtWrGY/fEyIGH6zN3AaP4zBvpZLnliElGUdleqdWKi2IfZWXXmMsd5aRxwBqYvQmGSL9bPSyyjwNixJduYDJ1rnBgjJOYQlE/iZVzsEIq+ZBqt66b1Izt6iqIq4xMsfuIDAMIMng6emcX9nPH0HjOD0XXXXlXNstnkka3NWsEUVeEkSbBEldmPgXI8ncyq2Xh7uxwMFGn+gP3JBZyyLYjiWqIyyDJl/7O1hFNVGV0j5ODEOnJ3IUMEjMxkYPp99271ZObCnpmgUWXITLd6V64hUGYpz8Ts28YeOJrGRSP6+Cc/81cf+0zD0iwADz/21H/7n3/89a955XNuuqGqqqdOnb77vgcffuxJCIwT6OqdbGyN/vyvP/qCW246cfyqfr//5MmTf/bXdz55eoMftm70X338s9OquuNFzz9y5IjonQgEAoFAIBAIBAKBQCAQCAQCgUAgEAguXzgqA/qwLMyZMCFsi6dDkKhIoIl46gkEGoNfn+58jtiJvKN8nBcv4WF006SqH+5KjY7BcShiDvKB7UGG+SjaM05YfSVwBDhmDlNUEoJLEK1goYpEpsQsEjuid7OVdFGwD8IIzmmHLDnEnNtyfM+P0ZGBgqa9mX+O+aMhVaMJmht8cORbqO5Zzw4XfEDCOElfEUIMq+NdwJEpYkJIJGNC8CLHlnIEJn+KL6ukuFPXhk5BuoIJhdNfVEgnBwGsQXCBkWN14vhargabZ0dfmj5FLKrcGXZdOxOS9coy6xd501R1NWMaYpbnmFsbl7lIOejpfMpAnmdlWdROkapqjK6c/o+y1qhwPxoKzOPqSk9lrpYV9jezXc1mtjZpkxWOzOJqF5G3EtEpMuKJTAjjUhkzm4zxeHzX3V/8Xx/7rGOc+HBrLp1bo8nv/ulf3/H85546s/HIE6eaECqIiZtR74Slveyv9zzwyN1feuTE0UM3XHPVXfc9NJ7O0mNss/qRT99ts/RFz7/t8OHDwjsRCAQCgUAgEAgEAoFAIBAIBAKBQCAQXKbw4Vo84wMoxEgbqoaO4H+w9eK3znzNaJogB0EKJ84RrxC8QARHuvHL1lt2hGbJE4qE0/CROsTEiTfUpI/iGSTIpBMVF4ubECyGyQJREwTaqDrhSjt4KHFuwfz+HJn7W2J/rgvxA02mm+2mpZK0R7YkGY5M5A8w6OkSkV4T3p3PCM9t2TXCzuWIc0+wmcuESM7hfeAVcJi2g+EXf5PIPqFDjTKZSVzgVOBrivNkf2yoRLYljK9qv4R0chAw9bOMKXUJoKCqpqPhoHf7C29uqvreex8viv5sNtY6p7A5KsvLtdWBU0SZjCbj7aapy/6wP1zJMmycfaKYOAZthchR9cvS1a0ZTqpp4wSbGiYNFo5o4oRMrPlRxpQIKi96qAZ5eXY82p5OUCkXZsdpDSmqtak9v4wIc7b6P/LoY3/y13dGxglgS2GzT/vJu+4LdgQ736Y1MMkeePL02ZOnN0yyB5hk4/41f/OJu/q93ouHw8FgAAKBQCAQCAQCgUAgEAgEAoFAIBAIBALB5QddV0HRxImeUGgdH9iFHOzzzAkTKSnIrJJGc4AczSekUXW8xIkhHRTAJtAqyLemXbwbE+RMvI9xniRB6+MDEcM5+EzLwGgDAtFeRz3RzLwIYYD2j+DgxCW/nBt8rJ5zPXXxxq3USbbTIaxoQvmhOEzMAuMkciww5BmzNxZzR4Ujz/WJLxICd2Q/vmcTZAVSukkKflgdjm692gkrKgnB5DKvYSETl4G24CqlskY5BZTcBdYxxJfSoUDSfYV0chBAfU6HqyO35jd8g1q5DvMV++ezyEt/41eAo+hs6+1H6of/SJ++91xObhA0Yn306OB5z7u+quHJJ6YzIqdpqLSegXb6JavKKVs126PZdGLPyfMy6+UKFFsq+62oStmq0SsKstV60rgGpXaqKY0z8irPiaKF2uQGc8j67uDcWnnUelxXjTKqcGwLE6S0SNLK18gUnmx4KULs2Jt++q57Z1UdY2txOlMtk8iSC7Im4dcFvZPkLG6H/DHeFFHj+Jm777/9hc+HZz7OnDkzmUyuueYaEAgEAoFAIBAIBAKBQCAQCAQCgUAgEFxBmG6POUINaZyw3InxwWsgoYNEpx9LmmjvU2PdBwqOA6lMB+uS+Mg6zDvxSic+JIzdzHLVSqH4EzCIdzjfpGF3v/fo+RvQP8HNmQSxCf7HeedkkiS1E6EiobvM71+Kc9dG2Q/OjfDRJWFEqgNDGyP6EPNYyBGFyswLy+zwDoyP1OQld1SeubgjOjcufojLaxcgRDvuiWGSlJHwOuZiq1OoY8/rvegH4FkMzFeyQ8+zn+nnf0k/dc/+TyQLXdkifPz42gua65984rNki0uE2jQ1kqBJrywAhtbubI/GdVVNxuNM5RZBt8PVJ7oUZKjKomdrxmyGY13XpnZSVu4izpbnmGUKsTZEqTA9d5+BayXGmwD2SNXUtb1wK7HFFAyzhHhySYycTc5zb7zu8/c+AD6uW2ifIpukVTcBaEW50HP/AgcFlhzJ9BqMxErmoFx/zfELoUy1RYCngaNHj5ZluZ8jP/ShD/3sz/7s6dOnb7vttl//9V+Hc8Sf//mf33rrrTfccMPiTw8++OAuJ15//fVLwxKNx+OzZ8/C+eLQoUMiPCMQCAQCgUAgEAgEAoFAIBAIBAKBQBAxHY2AuCNgXEwD0CwT4sQcPE8kUR8JHBGTMh6apgkXMxiFPoxKTnF/8Bnuf6K2OK8bnUiclHA1+o8ZLmjSUCgQ0pAG+wG/JjzFEsmQeJUdf4/+zE4Mmx2O34lxcr5OQfQr+iF9vJS9E/dgkih2dMbV8hhZN5Qf6hK4/C8K9h9nJwiT6OTd4pxUigGTxt0xUaGmcws+JSM3sSLNHgjiMRRHin5RWaad6E8TFGow1wcnGqMW3uVcLiyVfFjMqX0ediBAgP3qUBzQ/fPrvwEEBJsVs3MinWhNtBFriqdHrxq86MU33n3PoxsbDSlG5aQgZQ193cuzQ6urGWRbk6muq8lkZF3vWV5wo+EaEUc9cXonGeh+VtQ5mKmZuVqoa6NndWN/KjNTYFbkjp9i645GLBSu2+sUeGp7c1TPjDJQ117fBBVXeps2TMNeXTrYxvHW5950+0OPfO5eR3dYUDcxu+wBs0TvpLtnXu/k2uNHvuKlt++T23FO+M3f/M1f/MVfhKeB97znPS972cv2c+TXfM3XcEfhi1/84mc/+9kXv/jFsG/8z//5P3/qp35qdXX13e9+96tf/eq5X7/t276ttqVlB/zBH/zBVVddtbj/gx/84L/6V/8Kzhf//J//87e+9a0gEAgEAoFAIBAIBAKBQCAQCAQCgUAgIOjZlKglmhgjWeAx6CY5JqVtmI4mBDkbTcvoMNqTHRAaPsKfazqu7VSfA5ziBFIEHpOFtd/xYA6cA+0d29PTw9oDFv3crZ/SwE5aIib+qzukhHNhDZgd77sjQvq9cksq3NJepumcsWQjqG+0mWqiNkzUp2GShFKR15I8GyWDYyrt64H3y1JYdjUzzxFKAv20oVQSARIzd1PU2qRqAsuSp2CJEsySeEuYiN+0xKO0oIZEMJnK1RG+DL0xw+GhQoZiptyi+nD2OcV3ujKBe30OFmp4LQgI55wVJEgFpgZssqw+fmL9hhuPHzrUy1Sd57ZaVvYnCm7m9E5WVlZWV1btCbPpZDQa1VXr8vfMQeN4I7Z2ZBpLzAuVo0HHOtHQaFPpxm5WhqK5oSc22nozLHqHhytDVRQNqtpAbY9wLEgDIeRb2vp4fa5LAPuMw+Hwa77yZSeOHUoUShKrZDp7VoeDW2645uUvuvU1r7j9a1/1kpffftttz7ne7sRWyySeFa/m9U5Whr3XfdXL19bWlsp1PINgy8x3fdd38fZv//Zv7//Eqqp+4zd+Q2u9sbHxIz/yI+9///vhQKEUyfXkud3Y/x6BQCAQCAQCgUAgEAgEAoFAIBAIBIKLjzvvvPO+++6Dc4Q95eMf/zhcYDjlBu835w0fV8erntDHJB/7p/UTdj7kX/cfhIzoDyRYknyW8QMwQaZU5hgReIFkFw4WB+c0D/Ib4QPn+SGYyNa4QF79ywLnWEI4H9Q+j9uBFBEvgkyDcqwTn9tIOj7K/+pYLMifZ314nYsOzIcgIJxrVrRyUy5sFB49ulLXMB7NRqPNxhblfK3SGkzh9FAc76RnIGu0mUwns+lUQVbCICtUDJxGIaZctcgUFlnhSIwGqqZxNBLijDl9E8fPYh6L45HZ+xeZWi0Gagjbk8m4mky1rh0NTdmaZBwzQ7eBaYBIGZfOvuV5fuTIkb/7da/+wO//2XhaQaJ3EmPi2O9jh9a+6mUvuv66a4bDYVEU8fS6rkej0cNffvTOz93z+FNnF/ROvMZJnmev/6qXnTh+/EIzTm644YZrr+2wlE6ePHn//ffbjePHj998881zx991112bm0V+NlAAABAASURBVJtLL7WxsfE93/M9S3+qqoo3fud3fudv//Zvlx7z8pe//J3vfGe6x+bbv//3//5f/st/+aEPfUhr/e53v9te59u//dvnTuz1em9+85vjn3/6p396+vRp2Afsld/0pjcB6am8613vshv2djYZduMTn/jE29/+drvxL/7Fv3jLW95iN37/93//He94BwgEAoFAIBAIBAKBQCAQCAQCgUAgEFx03HnnnX/yJ3+ilLI+kec///n7POvuu+/+3d/9Xetkse6nV7ziFXAhkehbuLgIbTydZawFZqfs5O8jpxs+TcGMZwTv5BmKxfA0z5Tc7iqX7I0L91yJxkKUUUm3/X2FdCJ4xkAp0EQ7UY4HorPcHDvWr+tjs9nsscc3m0YrtaKdkpVtFLIsx16eNcOB0Xo8mUzGY2tU+i7QVAGK+F2aDtS2Diit7GauMjQZjGdTJ3dSG8gNKhfPLSPpIEdT1O74PuRlNuj38m3Mt+rpqKkqUmCBjGL2qP1qMV1oWONSluVVx4695AW3fORTXwgKJcD1n5VLXnzbc77qFXccOnSo1+vNsSmLorA7V1ZWbrj+2js/c9fHP3tPq3eSfD/3+quvv+7awWBwoQU23vrWt37v935vuicyMF73utf95E/+5NzxP/iDP/jRj3506aVsl+Whhx6CXVHX9U7HXH/99Ys7+/3+u9/9bvvTr/7qr9o/f+EXfuH1r389s2Rc6dBOBefIkSNpOm3/aZ+kE/sgtgjbjU996lO85y/+4i+YcBMT+bGPfYwZM5/5zGdAIBAIBAKBQCAQCAQCgUAgEAgEAoHgUsB6nazPyHpGfvd3f9f+uR/eSWSc2BPt6XBBoRuOvULePOvb8tFcFjVHsPWo7+wCC4vQ9+8avKw4EN5tuCsMwOXJ09gnLWPusEUayuWMyyO1GKIEGfYw++2uPMpBkk7MlSpbI7hMYAwLbTjLYCtZ0wz6xbXXrRq4pm6+/PCXT2eFop+U/UlDhahKxKYsrc9/Mqvq6aQCVfYzdLHSSPFHu2vmqLi+KpVB5kLuTOpZrZvaXsM1ME4SKHdSJiqnaDKOhmIUQpGVLqBJ1ky3mtlMOzUu36okrdClpZ/Y5rmu6wceeZx1SiBqnJDeyctfdMtXf8XLOCzOosFy0l5ZNhgMyrJ8zateXhbFhz/xedZwiXon9pqPPHnK3uIy4dlccvzwD/+wzYr3ve99P/uzPxt1WR599FEmnSxlq+wHv01I9/zar/3a3DH/gwACgUAgEAgEAoFAIBAIBAKBQCAQCASXDrfccsub3/xmJpHsh3eSMk7sifZ0uPBwK9MNe7tMSkiY83WH0Aa7e8FMIgWxO8SRflmAmRzi3NwvKKd8JTFzZbjNwwNVOsFL7WMXXNFA46LekPUH0jux5kAXWX7zc46PxtPTp7dm9dSYMle6sf9VBlWeq2zYK3NUCKNp3VTVpCxLwMK2WxRhx7UnLiqMrSfK1RaNeZk7TqOuZw2YWjP3rdFGaSezgjkFGMso+k4OalD0jb3f1Li4LI2213LyKbFJSr8vBZqmeeTRx5946iyAZyEGhRJ44XNv+OqveBmzTfngzz85/cRjky+emjUGnndVeceJ3stO9O3+LMtWVlZe9fI7xpPZp75wr78C8GPiaDK96577v/KVa4oiz8EzCi94wQve97737fPgj33sYz/wAz+w52E/8iM/8qY3vem2226Le97//vfzxgtf+MKlp8SYPnN47nOf+y3f8i1Lf7I9sE9/+tNAHbWXvOQlO50OAoFAIBAIBAKBQCAQCAQCgUAgEAgEFxfMMtkP72SOcbL/cDxPF97Z2JCKiXepExFBg3dFzh+99xX39pIJ6eRSIpU8ufwZJ5eJIovPNGBtiEXGyQVSOknez04qQou5s/hSlx6zn8MEVziMpkA3XmmDykVjtC6L+pabr9FN9vE778uLwXQ6tV58lfWbqlFZnmV5mauVXl+palLV29vbw+FKXhTgwvEguP99O2I9/42GUmU6K7S9buPD5pAqigYiPBJVxQmoYEaqJwh9VUA5sL+NZ9PK6aIYQyJD9oPqoloEriNN0/D3bDYbj8d33ftAqm7CeieHVgevedVL19bWmHEyrsz/+Tcn//SuTfugWe5kYD715ckHFLzq5uGPvOroauGYPsPh8Ku/4iVffuyJU2e3wmW83sn9Dz9y6803rK+vl2XJF+RIPQcbcOeee+754Ac/mO6JcWQeeuihuZ8sTp06BXvhnF7N/g9OGSe/8zu/8973vhecjo76tm/7tvSww4cP88a//bf/9jWveY29vu1L3XHHHXaPfXef+9zn7Mab3vSmpbewBzDp5GUve9kb3/jGpcfY8vCJT3zi9ttvd0QrgUAgEAgEAoFAIBAIBAKBQCAQCASCi4X98E4uCeOEvWnOPQgQnc/siU4FTyKHxOzDQeTcg12n2P79g8+saC+XFc4p3/YZi+fyQUjqhU/wrv5cDsDkxBusr3zXtByo0kkCCbUjOHBQYChDRt6ROrQxpK5hmnoyGAyfd9sN29vVl7701Gy6mWWHlDss1xozdAocpmBBExzP6slkVJp+XhTGx2zTWZaBQu2ET0yuVA/zGnSjdW0aNBoocI7mwDmOhtI0xmQmY22Pwl4/K1UBhcrGuqp0U9tTlasCunG0FHOx9H+qqtrY2Dh95uzG1ujMxubpM/bf0clTG6xK4m0Tfb/yxc/nqDp2+9OPjf/VHz5+drtWNqcUZbByilLWfHz8ofGPnnr8h77y8CtP9O3pKysrX/Xy2z/4Fx8Jwds4wg6cPL35ob/8yKHVlUPra4fXV1eG/fW11fX19eFwCAeHDxKW/vS3BLhE+Omf/unNzc10z+te97pv+qZveuihh37hF37hz/7sz3jnd3/3d8+F1/nGb/zGv/qrv7Ibf0awG9/5nd/JpJOnnnrq7W9/O+wD/42wywH/43/8jxjoRyAQCAQCgUAgEAgEAoFAIBAIBAKB4OJgd97JpdI4SZx2mNBOWn0TXsYNTy+8h/BILk+IyMX5gZ3du+fUhSKdAArvRHABYLhksZaG453Yzaap0Ez7/fzWW67e3NgYj0bGjJwYlskM8UUwywqFUOagsNa6qmfOpihg1gVHhckQNZjCyXw4mkgB0FBUKh1iehnSOmmc0pb9NkrXGajc8TTQfedlnuW5rib1bNpQaB7QpIty8arB9vb2f/ntP9zYGtEDJeom0KqS2D2rw/7NN13f6/X4pz/94taZzZoVZIxJo/C4EEab4+ZDXxq9kuLs5Hl+w3XXrK4MtkYTMO317XOePLN58vQG4mO8p1fm3/S/vfammw6SdHLZ4i//8i/nVFWuvvpq+z0YDO666y7e85a3vOWHfuiH5k58A+Fv/uZvJpPJ3E82Dw8dOgQ7Y2Njg4vl+vr67s2hNJYCgUAgEAgEAoFAIBAIBAKBQCAQCC4JduKdXLKoOuDddsw9oJXuOwiNiHdFIGAECtbuNKwLRjoRCA4crixr9Bo/pMlBvBDH+1BNVW8eOdx/4QuvyzJ87NFJ00ybpgBTatPo2kCeK1RFkZeOqDKZzqZ6ZPqDQV6gUhlxGUEBFrkyjcm1KQEaewKo2minWeJi65C4Cv1rmPmiHSPFRfBBdIwTMBlkZZaPm3w0mxpTW4d/wxF6Lgq2R+PN7TG2rJFWj8QHoyNq5jXHj66vrzPhZnOqf++TZ8LxzCMxCljphPeojz88eeyO+pph7tgkvd61Vx2954FHwjXp+omSCu+ZzuozZzdugoPEG9/4xq/7uq9L99x5552/+Zu/aTe+8iu/8q1vfevc8e95z3vuu+++3a/5+OOP//zP/zzsD0888QScC6666qp/9+/+3Y/+6I9+//d//zd/8zcvHrCysvJzP/dzk8nk85//fF3Xds8111zDP9mNP/7jP97pyvbg173udVVVHT169A//8A9BIBAIBAKBQCAIi044DikIBM8MIA08OaatQCAQCAQCgUAguDKxyDuJf14CxkkMm8NfLrCIFzih4AhB78Scx5peDee9DFiGRIJnPi4s6cTLEIFAcCAwnkpFM1La2NYo0wa0btAo5eKlza69Zs0YqKZffvLJMYJG6CswjdGmqcEJnWRlnjW6qBpT1RVMsQdQ9DIMV1XG5PY0pXpZaXfONGZNXRvHLmkoEA8Vadto2A2nNKGR9UyokGtT2MYpy307VJuZY6lofbHmfGezCjn+UPgn0TvhdDu9k2NHDhVFwYn824dGTWNUpojLiRRax3/TJZEjyX3qydk1z3G2oizLq09c9cUHHw0R5hauHxRQJrMKDhTPe97z3vjGN6Z7qqpi0smNN94495PFb/3Wb+1JOjl9+vR73/teeHr4tV/7NdsxAory89M//dPpT7fccss/+2f/zKYzBtnZCevr66985SuX/vQTP/ETH/7wh9M99nb2mnbjzJkzX//1X794yqtf/ep3v/vdIBAIBAKBQCB4dsA4ncVmCmMNunbKjEI6ETxDgJhDpkD1YGA3hHoiEAgEAoFAIBBcqVjknVwqxgnAXIgCnPsp/YrHzJFJFkO0AOp0RMMnmH0Pz4PTTSC4PJGW5B0L6gVWOsEraJGV2e0X5CVlSeCvnQ7WugFBwG6lI9piJD5E5yTPcXCyHCojq20bJ3vGzP517TWHTj119tSp03ZbV0OEHFFpR06xc1kqz1SvzOyk1mQ6nc7G9hp5WShVIEeX0dasQ5kpdGF3CtXAzGhHcLETYQZqxx/R7uZIh0PjGCdIwieU2oyIKypXdqtBXVezDH08oIuA6WzWUi/n9U4gLiAb9Mp4ykcf2k6y1CudoGKlExWz+uOPTf7uc4Z8wcPrq8mV2+tDJ5qPTcwBk04OECwrclCI8iTHjh1b/PVnfuZnHn/8cdgLd9xxx6/+6q8u/Wk0Gm1sbCz9yfbJlv5kTwGBQCAQCAQCwbMDdhQ6gtHUTPxf4rYXPIPgBELtyBFnMOtjfwBD4Z0IBAKBQCAQCARXKlLeCbggBpeGcQLexccuM+f/g8QhaXe1K8kDEQRdIARcepkWhvVRnJ9MsWMQdxij70ewYZ+iDru7H2V0JThA4N6F8oBJJ/O3Wiju+2F17ZP5tXjYBWKBIcdT2SspJqG+Gb1jSJWmnoEgoGl2zCiMFt+EooyUrYbi6zhlDmVcTjdEkqjpjEy7oDb6thecWDuU3/X5Lz/+yBadjXk2rFyUHaPyrFAZZsrZ/6lpdDWdTldWe45uAk4vxV7Sy57QLRCd9Eljf7JXL7JZUxunqYKN1iy6VTXG6CZDlWWq5oQqLLEYEgHEHj+7iDQj1jLByP9g3ZFUj6RbaSqftKhr4jVO0B/qQxmNqva0zEUz8noqBmIUnlbv5PLnmj322GO8cdttt/3gD/4gnCOOHj0KlwK//uu/bhO8ywEPPPDAt3zLt4BAIBAIBAKB4FkD2yHfhLO1kYUNgmc6zMSMa6zW4JDwTgQCgUAgEAgEAsEpm2JOAAAQAElEQVQFRX84jC5mo61/C7Vz9Po92nCEA/KUsd9LU1wA7Rdec1CEsBw7BAx1wRca2qN8+B5o3Cp2oqso50+ke3i+i/c6kysyBsn1Cdj/mMj41eOQOObajX0uid+PT57dggeD87kQLqUA7Cvl+8iEuSOWkg2WUhf2S0voquYkbCXjI3zMX9ugCgc7aPLAZhAUcbh4HtzQGXHvTEIwe9/vIEkn6sqdGtj91TmdDe11Tphtskv1a6oxCAJ24pwgeqtNdtixRkjIxKRVkaQ4vL0wHOYGtaOB5LhSZEeOllcd721tVZPxWEFZ1e7bQE9rzPOMLufYJNNpXU+nY7VVFH2mIVKUGZNRIuxtc6XonWqFWNv9qBpSQeEbuvA6Wjda5yrLKZUujcaxUvKsGKDKmqqAizQF3CtLwzbO5xMzTrp6J4jjSUt7et6J3p99DuaUThRH1fF7XCY/72jBxzdNc3ZzK1zNePWUVO8k7Cnyg7EtOvC3/uiP/uhLX/pS+tPDDz/MGx/96Eff9a53zZ04d3CKRx99lDduvvnmN7zhDXAh8V3f9V0PPvjgb/zGb9jt22+//eu+7uvSX++///4PfvCDduOqq67a81LvfOc7B4PBLgdMJhMQCAQCgUAgEDxrYEegYxh3GSfirRc849AWWluYxzgewhAEAoFAIBAIBALBFYe7776bZU6YgRHj7Fx8sZPeYNgue9fsPCNXI+3T5P2LBweKSfT7klKB3WnmBQnqxi1Sd15C5Zkoirkq5Ez0Tji3nJ7P8H5lpYJ3jYMq7Jcx4l2VyZBqcePA5gg67tlLAEy+L+Jdk2c2T4N0k6bbtDt2Fw7ZU8TmYHPjYK52gcPrPDtgDZAmFhxRKEhZY+fCV00l8kWLut5d6cQ0DWYq2LJMO50rz6OImdxyApUTIHE23p5yaG31xhuvmU7OPvrotn0vWa7G0xlgbk27ctQRpcrMiXY049F4Mq5nsNJkZekYiI5mgRzSx/0FKstsg6B8glRGWihA3BLWYTGVbhq7UxWOn2IP1NSkoCoKm+JGBb2QC41er2SBkqhuAkv0TszZza3ZbJbnuf3zhcd7nIf8zUonUe+ES7I77KiPyFPX9clTZyBek+/lFcZMsg298mBsy8mTJ3njLsLSYx4kwL7xyCOP8MbSgDgHi2//9m+33x//+Me/+MUvPvTQQ//wH/7DtbU1/snm1f/xf/wf6WG744EHHsiybJcD9M4CSwKBQCAQCASCKw92rDExsqRBcGXAz3DZIl2iHUzKVJVAIBAIBAKBQHBFIWWcvPnNb4YQZ+eS8E6KXoEcYgeJuhGUB9jVSHoknvzhI+akMKR1wsQU4w9nsZK8aeqqJsKKcgvXOXiDdR173YIQfoevEygmnoPil4IrTovxMYB2eICEmiK4QvGMfLUykj8ANNo0jfP4MqfN7Mp3UpNNEARUzY5Z5ZR6nMiQM8u2ESJne2MU0x0U8A5gdmCQo9KNIemTuoEsz48dW6ubvG5mTzyxWSi7gVUzU/YSjXtJuYKiKNTQoNabo9FsZCvDsOgNM3QCWExFVJwE7Su3sm2GY5C42xhQNVNgUNW2CdFO8STLXNge10ARmdH+mkF2kSgnACvDwfrqcHNrDJ50GQg5Hb0TfPTJp8bj8WAwsNt3XDO44+aVzz00ikonQJQTat5YlQuvPZS/8kQfiNMwmUwefeIpz2UJxKBk23+XRX7s6GE4CEQ5kwPExSSdML7ne77nHe94x+bm5nve854f+7Ef450f+MAHPv3pTwMpoLzqVa/a8yK/+qu/unt4nQcffPBtb3sbCAQCgUAgEAieHZiACN0JrkBMYZLDKggEAoFAIBAIBIIrBXOMk0gxuVS8E8QsFe837PQiCor2y7Ljz+g1J7zHzP+UkQJKiMJDh7qgGNZ92FinpnViWo+hcWESXKwe5z/UtWewNP7KtNce0MQ4BeRuC0kM6ir+2l1XKsavvR50iWCGWXaU4OKBCsqOP3klFNN5K3NvCHfXSLmEENLJAcDaEGdGWPLEcBCYHd91PROlkxYkTLIcpJnhbLtSSBoyxJ1wxytQmiucCdbcWvuG2D5OkEQp7VggdZHjiRP9qjo8Ho/OnNko88NNXStwjBG05t6F2MFBkeerA2X01rSajUb23eW9Iaos2GzXyNgEZJ6ziMrxSBQFcHOCKA0FAFK5azUaYhxlZAsUK001Nj3KXKx6v7q6+r+/9e+dObvx1KkzJ0+dHo2nm9ujk2c26lqnCijb4+kDD315fX29LEuF8NN/79of/M2HTp6tWOkEEjaJfbhhT/1/vuYYE2eqqnr0sSdOb2zHSD0xeNjxo+srg/5w0Du8vnbV0cOH1teinsfTxJe//GXe+MVf/MUXv/jF6U8f/OAH//W//td24y1vecs/+Sf/ZO7Ef/yP//Gdd9659JqRdHLrrbfCBcN4PJ5MJkeOHLHb3/iN3/gf/sN/ePDBB9/73ve+6EUveuMb3/iRj3zk537u5/jI7/u+79vPBX/yJ3+y1+vtcsBsNgOBQCAQCAQCwbMGDdQgEFxxaC5WgFqBQCAQCAQCgUBwEbAT44Q3LgnvpGnCoCMEVfBkkjamjQkewuDh056XQm40xR7/uBib1q+71egqV15DhVyWTVO7ODqOXlJ7vQLnMkTPQ6lmja7DLUlBxfkiNcRoBJ6o0onHEiLN4JzOiVkQPnk6EWEEFx0780zM3N942SrcCOnkAKCNI08cOlzY7DRB1yLlj6XbxfChYCGM8Meqq4vdD0BrXWs8e2bm4tWYxoW/gQaJ6eEkT7wUlTPfiqh+jW233E40mNk/izI7dtXKc26+evTZx6z57hWqqiowGWDu5EqcNgm6KDurK6BG27NmNploUEXZN6yn5egmThvF7uSYa46CYhxLkdiPRDqzN4asaphv1GgXD8jkLHniGqj6or3lPM8PHTq0trZ27TVX17VrwKbT6Z/81Ufu//LjkCqRGPjYZ+6+6Ybrjhw5Yk9ZLdV//Ic3/Z9/ffKPPrfBPBLFUXUAX3Z9/8e+6uhq4U607d/29vbHP/OFSP+M5Kpjh1e/8XVftbKywmkoCvdOdw8Es0/YmzLpxF72Fa94xRzlot/v80ZZloscl10S8Oijj/LGS1/6UrgwOHPmzI/92I+95S1v+dZv/Vag9P+bf/Nvvvd7v3c8Hr/zne988sknf+mXfskVRYC3vvWtf+fv/J39XNMmW8LrCAQCgUAgEAgiapDun+AKhJBOBAKBQCAQCASCKwY7MU4Yl4p30nSdKSFYDbg18EwYgcDwQO8MdFQR5R3AzkGZuP1RefebI45YF6LXJjCeiqLICxmCIlhXIu11Dp0sz5wgiqeGaEZTN85B54Pu8M29tAXHKghpFoGSKwLtW7wSGEJCOjkAaG3Wj+dmaNJKrnfYnp38i7DtZCe6256Jwtv7++Zz0u1n1Pdgbs/8M3JurJfl1snKsT20yVRmdENEQv7ZHWh/McDx0ZBc73Su0xppVgbFc2++1lS9e+45OdrecoZeG6MK5Y6kWD2Y9/Le2nAIajaaVtVkYhqT93tZrhrjouNo4jpiruzclz3XtToURCmjkGsNNTA5Fg3o2hFTgLRUdKaIG0OkRbhYsA+TEXq9nk1hWZa3Puf6+7/8OHNNuEGy22e3Rh+58zOvfuVLDh8+nOd5meE/+trjb3zB+iceG997qrIN2m3Hei+5uveyE57VwYyTT372CyfPbEGiccLbN1139fr6er/fP3By3aOPPlrXbvnm8573vN1FPvaP+++//0tf+pLduOGGG1iG5MDxxBNPvP3tb7d3OXHiBJNOgFRVfuqnfurHf/zH7RP9/M//PO+84447/uk//af7vOyv/MqvSHgdgUAgEAgEAkELWbQkuBJhjJHZU4FAIBAIBAKB4ArA7owTxiXhnXQH04HfYSi2DgW5CfQO8j8aViCxf2hWP+EV6uFSIcKO889Zh2Lk0CPxTjwDJe5z/ka+SpYVWW7cenbNIyC3qt0F1NDgYisYHaLz5G4tvGnq2u6IRBb08SKwTQP58nhnm7zwtJ09nBYQXCYwOzJO5jVOgCJ/XL4Q0skBYO2IY5xA983vY9ssbHv2Bfo92P1uORm8Ha8WGSfQVVA5722zj/3BDB/sNtMHI+MEPO9kYNaOFKeemlpD2uv3szynoGjORjqeiWbVK2f8/R5uCAy4I2vTL/Pn3HR1NVPT6SOz2YSohLUhuRSjVW1NNmZlka8QY2Nc6aqpmqkpsWdbiJl2PBJr02t7lxybhlodMt6cUDBRE8u1IHZP4xoCR07RqslUdqkMt2PT5PnNN91w9LP3nD671UaFo5R+/t6HjqyvPP+2W5h3YvfefrxnP4vXYcbJF+6599NfuB8gUUyhbC7y7Pm33FSW5YWQc/qd3/kd3jhASZL3vve9vPGa17wGLgz++I//mDfuu+++dP+LXvSim2++mSkvjB//8R+3WQf7w0/8xE9IeB2BQCAQCAQCgUAgEAgEAoFAIBAIBJc59sM4YVx83ol21JDWx+poH/PA+T+M91cS4cMpmrCfjFkdhkknaBLyAFE/+KhAciEBExVYIkRBsbmDGV/JZPY/djcSA8ZRT1yQBfd347brqiKhFH/TOa9cqoVvfKgCE5/SdJ+su0twCbHna9iBYrBvXMxgPEI6OQCYwTwpDrvbcxwO2FXb47y+d+SFPNO+d3xG3TejrS1mnCinT2UPVqFB4C+veBWJLI5v2PBms7a2dtNNxyeTyb33PtroCrFUUNbaGvBMG9U0TjqlsLa9LLIMJrPZtJpVkybv9fNMkayJse2INebcmtg9lAajdGYteQ4kcGLTk+WORpg5BSzHP3R0R6PwkllumwNlWd547fEzG9uGuCbcDnFz8zef/ML2ePqyF7/AZo49bDF0iwspV9dbW1uf+fw9n7jrXvtI3PL5l0IUzauPHeZ4OgeO0Wj0G7/xG7z9kpe8BM4RDz744OLOkydP/t7v/R5vf9M3fRMcKD760Y+mf7785S9/97vfzdtnzpz5lV/5lf/23/7bHC/kB37gB77jO77ju7/7uzk40e44deqUhNcRCAQCgUAgEAgEAoFAIBAIBAKBQHA547777tsn44QxxzvJ8/yWW26BCwZMPf1dpcVIB1lyTrtS3vNMwgWYw2HYIxkESIh0wjF2wh0MskfXeN4I0U7oeH9rorQQT0ShysDkxjSar2m9jiorDImhOJaM45Vo69z06dEcocGvmkdPiPE3n3saz4Fp94pr6RIh4f6YpaXumQYhnRwEumI2uLCNu+03y74RFjROdv32VzPL7ji3/6IxSGBhG/beb7rfbYQdzNA63Y8cOWL97vap7bfGxlEAmfNH/6BXPGEaDgXBAUcRBCd2NT10KL/1tmvOnH3q9JlpVTcZKm2wcWQS5Yx23WBmr6d6tlb0CgVmYg/CWT7ogbLVRFsb7pgkDTcRCrWL6OPePCpmOGZEcWwgpaVfwwAAEABJREFUBPlhFox2TBW4FLDNy3Q6feTRx75w30PARYW4JsFyuabnU1/40iNPPPWyF956/XXXDIdDm6u2LbfH2IaqqqrZbPbIo4/f+bm7T57ehKiS4nOX8hnxkSdOPfzIYysrK4PB4GDpch/4wAc2N919r7rqqje84Q17Hl/X9S/+4i/aZNjEfO5zn3viiSd4/6FDh+Ix//W//lf7XHbjtttuu/322+FAwQxcxnd+53f+8A//sM3Pj3/847//+7//wQ9+cDQa8U9FUXzLt3zL3/7t3957772TyeQ973nP+9///re97W3/4B/8g2uvvXaX6//SL/2ShNcRCAQCgUAgEAgEAoFAIBAIBAKBQHA54+zZs/tnnDBS3ok9HS4o2AkZFUwSB65feW0AFvxdcy4wPo2C7+jAYQnkkiBtYjp6JGhdmv5Y79p17kS3xD05S2XkbDSetYJZTo5Qe6LO8oKFT+hQJ3yCVeXUUNxtjPcot9ePeicpxSZdy5+kWHAJYLpvZvH3uZfTKV14WVJUhHRyEAhvNrVC+9hmDY90+5x0Ta4YjROfD7srnViLeXZjQ3lkHLNMt/RAJu4hU1Rc5BzPC7N/aQW1gUlZlieOD1/4ouvvve/xxx/ftoa4yAptUDP3T2unoAIsZgIrvcL+uz2bTRHyfj9TOYKmUGvuyhqUJguuuFFw57l71XTHysmiKBf9zZp3WCrMdTHADfNffOSTs6qO6iYmkpn8HnjqzOaffviTg/7njx85tLa6cuTQepZlp86c3djcsj9tjcaRX2JalRQI/BVn2z78ybuOHT183bXXcpieg8L73/9+3vj+7//+fr+/5/H27h/5yEfuvvvudOeRI0duuOEG3h6Px7/5m7/J29/+7d8OB43Xv/71//2///fV1dV3vetdb3jDG973vvf9l//yXx577LH0mK//+q//0R/90euvv76u6//0n/7TL//yL0+n0zNnzvzH//gff+VXfuU1r3nNz/zMz9gr2P3/63/9Lz7l/vvv5413vOMdu+eDvRRvfPKTn/y+7/s+3n7ta1/79re/HQQCgUAgEAgEAoFAIBAIBAKBQCAQCC48XvGKVwAtCT4nwZLnP//51tFjPSZ8+oVDkI1P3Pbzm3t69Gkxulc2cV5GwA4PgLxpCMGzxqe4xewtY8AAU1aMC60AgUzQ1LX1gXr5FUT6iYL0ZA7sFWZKSdGzjqZK1w0nwDo96aM9DUXzjZYQG2IyjQHB5Q3cYXuOz3S5QEgnBwk8t22zsL2Txkm7HTkr3W14+tv7/IaD3zYL20wdmdvGQ+vrk+l0ywXZGdg/ixy90IjLDJU+VnsLF9/Mnt44qRLUmDU33nQ8y3paP/r442OAXqZUo1VDulO6qR3hxJlw+531S1UDjmpdT6usAGfNiwygmjUNB85xwlgsdmUc+4TCo7nYOwaySmtWFjFwaWy2NTc2o/76o586s7kdOZEQGqPAI6FDiUcynswefPRJgJNtHvoWLZxlOmd5/gr9Mavqv/ibT7zp64e2A3GAvJN3vvOd/+gf/SN7zb//9//+0gPsG2ESRozv89Vf/dUp6eTw4cPvete7YpJsnrzgBS/46Ec/ettttx14bB2Lb/u2b/vc5z73sz/7s0xzue666yLjxKbhta997Xd8x3e88pWvjHu+7/u+7xu/8Rt/+Zd/+Q/+4A9s18Amr9frra6u2l8ffvjhT3/603PXv+eee2B/sK8+nv6c5zwHBAKBQCAQCAQCgUAgEAgEAoFAIBAILhbOjzhyQaPqRCSkC88wMen+BV8+hqN5RTfFxKHQNYjah7NZlK2gIxG6LmJ/CLNe6GelaWW8dTU6/yIf4K7OrjrrjdRaaUU38xeggDnWKaoyVWQllOQJbeirrh3vxF6RyCfuXPpT09p4voQ2necy++DXCC40gkeb/tkX6QkTT/hlBDzzW++EA4K61CXzUpF6zIkPp9Vy9+099DzOWe/kivne+6mf+MJtJ0+ebJrm0LrF4aLXZ24fqqwx1rzmjWPuZWQ2FTMtmBvi7D4YpexPBaj+ZIwPPnD67rsf29ywhwzHdVZpVdf2FRUN2KMKJ1FlDT1g1ehppavGnuw4DphndntcV5VjnTjiiVNIIT4ZhfIxDTiGTG0cmdB+W+uuXWAg9f7/y0lNXHftVXCxUNf1nZ/67J9/+JMtO6TVKVnc406Z1zKJLyVhYsY9HFwOkqu94Lk3vO6rv2IwGMDB4b777nv00Udf+9rX7vN4Wzzuvfde3j569OhNN93U6/XSA2az2Tve8Y63ve1tr371q+ECwGZ7Srv5iZ/4iYcffvjNb37z3/t7f+/w4cM7nfXYY4+9733v+9CHPvRrv/ZrJ06csHv+6q/+Kj7I08Stt976tV/7tSAQCAQCgUAguOJwyjwFAsGViKN4DAQCgUAgEAgEAoHgoPHIoyft96u+9Z+GHRiduFEUhJyKauFUF2SBHGjgf6Xj2O1PgWxc2AMTvJ4hhEAWGCv+VvZcUjSJ/AJsf0uO4eXifJhf/Y4dnoFzeCrvFSdREwTt9E1YeMXxUByZxcym06aqK+cBDcIY4eaYZAF5+9xVARry/hl/ZMgR6JyxCw6KBoFz2+SInLsDHhQroHOd8OYwkIYMZ+lBAVNWk2l3duk/4ZD0LanOJXBZ4pfe8CJyJ4R0cgAwJz4MB4BdWBm73j05Yvfti/CdPsnu2+eRJ9NHX3769OkzZ87MZrPVtUNHjhwrez0Xa8e6+VFpCnRjXDFksamM7DppyHhNEiTVkxKxPx6p++978sEHTm6cqRrsz3QxnUKt82njiCkqd7wTdKJVmdaqmtbTpra/GMy0UpNGT5umQa1t2+DYF9Z2O/6Goehrtl1x3Bdr3kHXRk+qqQb8wL//frjopJPf/v0//tKXn5hTLkkLVbe67L0HF/h1mDSeh9aG3/rmbxgOh3B542JKTnHMwn0ePEdYEQgEAoFAIBAIdoeQTgRXKoR0IhAIBAKBQCAQCC4EmHTyyrf9vyGyC9zuBedXl3SCzHhQwc3mwwvQGvhwliMmNHN3s5fJcX7XEv8Ukxow/hzpJN0TOzudI9QQC8YTRELEjO5lSejEReEhDorbrmoOvqP8o0XfX7w6u1shBHPghehqzju47Cn0gZFOnId3Dk24S7y5uiCkE0goJwnpBGNWPz0Yer17HjVfAAETf61K03xZkU7Ex3mQ2Af/g3U70u3z1ji5YvRO9vvsvV7vyJEjtlafOnVqtL3d6w2KsnAKUbXOi9L+66h9EAPyNFSVFBt9Q9aONK8ao+rhYHjTjSeauhmNvlxPoLBVPM8m1uoqaNypToYqy4s8zzDLVK5sFa7MbOZi9WR2n/2n0lA73glbcjblntJInENwbQnq2jQzElG5yLBP/uIX3PLQYyepIfHx4bpaJu1L6GiZxG1qM70ayo7H+KsphS+69ab9EywuIS6meT2nDBHGiUAgEAgEAoFAIBAIBAKBQCAQCAQCwQWFrgM9JGFypNIRpkueYO4B+JA46FVBMjDQqocEfoKau5OZd0tlc14qDrVjfHgBx2uwHrdFfoNJzkIf48eJm4SfvR+ab8dBIKyrUhVu02gXbaep67qqrCuK4u0Ypp6YeHfPfGEXNtEalMbg0DZzPBMTH/mCYPHClLHEgIFnM3A53+eygbg5DxK497ZZ2DYsF5FstzwMCBSzZL+/Wncbzm/b7GM/W6w99z+NbQMJVYS30W/Hb5c668Ivy3J9fb3RzebG1mh7azDo50VhbaKzniozurFHkbkPsjv2D7KKXttK6UxlTTOrAYfD3vU3HB2Nth984Ew9mw3LFWUt8MwFPqt1pRsX6Mwa7FyZIuupzP6rVa1nzgCjNW7E9CNbTJRDQ/Q6L3biH9B95XmpL4UJsHl14/XXvfaVL/7Lj37aN4ct1wSKXN1ywzWPnzpzdnMceSTAxSw2kv4sYMZJv1feeM1VDzzyROWiDUFkpXC78qJbb3zeLTfbtwMCgUAgEAgEAoFAIBAIBAKBQCAQCAQCwWUJ5nnwyuqoXxL5G0HionXtuWXY4APruLAHxrkgG9M4yYogduJchNpAhyzinZvsdWMqiPclRraKVxPxd+FLaS+Z0mWn+JXg4S/rDtXQicLC1/dLxr1Qh1tJ75bWZwryLM+zIteN45vYLLBe0Kaum7oJMXmcS5TYKJQ5MEe86fyF3RwTXEg8k2g2Qjo5GKQkr8Xt89b22IfeyTP6+xyfmjAcDu130+jtrdHW5sba2prKc8fOK4DElDj3rU3MgsaSPZ10nwyz/iqV5UbP7B+HDxXPu+2a6Xb9xKNjZfICC52p2hilstpaVl3rGdTWEudQlNYkF3VhspnTNwFotCMamtpadcPcOmfeNdFf0kBu1oqbiyitEcEZ9aIX3DaaTD/2mbtTdZPVlcFrXn77tdecqKrqwYcfffixJx998nRV10u1TGyGXnPV4euuvur5t95sW6YX3nb2//7op09tbDPvhF/KbTdd+4qXvMi9iGeC0olAIBAIBAKBQCAQCAQCgUAgEAgEAoHg2QlMdDpwya/L/fzIjsaoLWB4PX1LznCkE5iTSFH+SHa6tfeLUWJoKX4qWNKSTbpyJ8w4MX6RPvNE2CvHKinRwRfP4z+t41JlyjFOchfYgRLpEq1rJ33SVNY9qImsok2j7R7dMHXGej81et2UJUoni1l0JVFQ5tRo8FL4eePN4ZkDIZ0cDHDX7YVvs+wbu9+wy7fZ4cpmYfsifMM+9sPyb7PsG3f6dpaRDOhwZeWY1nbvaLRtQK8Mh3nZs1VeZQVZU4NKIVMOw4vIrL0kOoj71TT2Mrqp7IUPHSqf97zrts7es7FxxuBKrlbsZZTBIi+1wao2VTVzBJasyJSyJhl7haobqF0UNO3i8NirKf/U1r67aD6gWfEkI1OsMINLQ8Wwd19ZWXnVy+8Y9nt/84nP101jk3nD1ce+6uUvPnHieK/Xs1lx5MiRG68/9RcfvvOxk2cAluidrK0OXvfqVxyy2VSWTGT53762f+dnvnDfQ4/Z022evPi2m152xwvX19eFcSIQCAQCgUAgEAgEAoFAIBAIBAKBQCC4nIGeQOK2mYQx97Ppsix8PAFQxquWcCQaiOFtElKCnrtYIKm4Vd6khuIOcA41k9BNFvka8YItH8UsPIJi+RNI9E3a+/qLayKTuH+yPHN+U/Kc2oOzIsdM5UWuqoYXopumyuq8sd7EeqYbCvaAnuiCc0onmD7gvFP4AGDa5+w8dMvUubAUF2O6ZCC4tLyTZwyEdHKQSKtTss1aHen2eeuaXGEaJ+emdxJJJ4roFLppprPZ9taWreqrWa7dT7XKMmtdUQNmnF2azG6mndVTXp9DNwYdMcWaWvt13bWHTz33+Jfue/zM2W2tM7sLsczsnfJcqcZerdGz2bQqdVkMsqwoMpU5Aa0aTV01jRfCIqsaYs7QmyJbZO9vLqEhYprI7S983urK8Mmr0A4AABAASURBVGOf+cKN156444W3ra2t5e7RXE5mWXbIYm31sSfPROWSVO9kddBfXV3t9Xq8pyzLq6666mtfvXL1Vfffdd9DL3zuDbc89zmicSIQCAQCgUAgEAgEAoFAIBAIBAKBQCC4/GHIZcj/LRIlWsmQ9HjwC+TdovOg/mEwcB9Qx4A5c7fyi9a1P4Z/b4zeNX24NHRNq6miIaQePWeGeCfsi26FUthfSZdq6lrrBnzkILAeUuWcoYh5VmY5H21MnjeNdcVWk6ypZlVVIfiIQDa9FJTH3yv+78kZPhN4TzhkMf1exwX2hDHtnZbhArtdzeUSOMiYlu3jVXM8EOaJQJcFhHRykMDl22ZhOyqapNvY1Tgxy3RNOhonB7u9yzcc/HZrhhY0TuI2QKt0QtuJWlSWZaura3Vdnzp1erS9bQ3j+vo6qEw3DTH1gIRPKKIZmUo0xN0zSgfuohM7YSNptm+8+arGmOqeJ05vbGOWMVfRGlbHzchc7J7ZrKmmM/tHb1hkZV6UqmhqGEPTzIx2Ec4UZac2EBspd+nGiZ9c2lpvH2QwGNzy3OfceMN1NtPKsrTf6QF5nq+trkTGCUBH72TQ74fwdf5q9vjV1dXbX/j85992y9ILCgQCgUAgEAgEAoFAIBAIBAKBQCAQCASXIUKkG5I0Mdp05TSCQyxho3A0mbDY3AudKGTyioMCjiAQTmxvFXYhkUKM818CzHNKukSMpqn3WuntJFbc0noTbpo4YlMPbPrIbj0+a6Io5UNLEO8EkAI32EcwGVg/qLG+0aKuZkVFeidAoXgqbd2vGhqd5JZXWQk3iI9yEJSNQKVJkL6Yi8A7md9zCQQGcK8/zeWmvyKkk4NBYnt21/Z4mt/74ohc3t/nnwNphlv7V5TlkSNH7PZjjz862t5cW12xdtYaPSdR5URMmlKVpEBi92TItzY6Q+adkCkGp1kynY0Gw/7Nz72mqXF8z+OTyagxtWkqMEVR9DLMVIF51huP69HWdtM0g9VhWRZK5Qh9a5bNtAZtj8+I6kJsP5dADa381iVWAbHNRo+w9Ncsy1YG/WibfIZzs4A47JeLp9hf+/0+CAQCgUAgEAgEAoFAIBAIBAKBQCAQCATPIHghDU8ZwTnWCezIaCDqCZ/J8ifaH2qQwiL40Af0rb2jDYga4h2G6G69eHUvARJ/UHtQCQyrp7BeS5s6dqRiuJhZUOwgv5//wYWF0JqJIxyax9/VKMxMoXpFmTsfqDEKsJrN6llVzSogKRS6vWlIEgY9IYeys318SJ26HIIHYd+L9P1TRT0YBfs/90pALINLH7p1Oi+q8lxaCOnkYIAL2wvfZtk3wo5KJ0u/l1zZLGxf5G/YdXvh2yz7xp2/of02jrundQyfhlmer6+vjyaj7a2tsxtnV1bWnAiJYxc6k2eNoMoU2L+Vq4KRF8cKWJSh2mbscKWoa10eLm953rWVgQcfempre9tRU6A2TQOqj5CVmcJeud2Mp5NtrWe9YT/r9wa5OtQv7S0mlak1zjROyP5ag63oToabD7ysLaFN8MqwD1HdJDLj6PvQ2oqEzhEIBAKBQCAQCAQCgUAgEAgEAoFAIBBcEXCuPOtvxOVcCAxsjbh/wa/vyRYdWY9k8bz2miKoKFJMehe9QCTwzBHTioWg2T3+jj+Gg/xgu88ng2MbQJvsLv/D3dD6URundeIS567k3NM6JAO1cZ5VEkIBojWUqm8dslmZNxZV44L1NJpD8vhrqx1ZIU9H+CQ9FeHZil0z8LLinQjp5CBhkkKfbLNWR0fnAwKv4tmncXJueicQuDhkuhx/Dp1yiVN6QpXZfWW/d+zoUfvD2TNnbc1aWVlBp+hhLaFyUk9sEO1ZWaSqaPS21m5kBhp3dG5/q9bWy+e/4Los0/c/8Nh4sqFwQEdl9rtpZpkqVoe96Wxa1bN6pjFrsCyGvQzzosj0eFbr2ihnYTXTN5yBtWnYq2G45LCtxtEjh9dWBlujCTceJrRIg355w/XXFkUBAoFAIBAIBAKBQCAQCAQCgUAgEAgEAsEzHMZ4SRKOk7PwKy548bHj/sWw2Jz+4bg57k/FUiI6oa14xkkMzANm/nYkPdL+QRd0IR3mEtweHB/BX9YLo7QEFA5ngJw+BWFncjkv12Ic54RWzofL0mnGel+1due6Nen0rJgp6yRVeUZhepp6VjVVrR0DpaEQPBAFYJbSH86bEzEfrCeyaMyzioOCu2fhxeKd7K1QIKSTgwQu3/YmBNvtyKXgPWwOMN02fk/c9lc42O25b9jH/qexzbomvIe327g5O2mcQKp3khIGTaM4fwwOBiuHD9VVVc1mFeLIHlaU/Ywi6lCIMnRkQid2wkHVGkz0ptg+WkOpdQVKH7lq+Fw4PpltfumBx412rBQXOg3KxjRZqfLcmtUSp5O6nplxU6heVvT7RYYq16BnpkEd2w1KseMGHkTwsgsJ22isr69/0zd87RNPntweTTjskP1v0O8dPXLI/iRKJwKBQCAQCAQCgUAgEAgEAoFAIBAIBIIrA8QUYafpPh322N0y3nVpvAtYuxA7wZ8ZKB7RrRkj7CyGRugQSngbKXTOYgpSekqkjlhYT6hyzBE+3YXJ4cg6PihDZKOk5waWCoJutM8B5d2bTd24aDtKmYwUAOwGX1FhrjIoiizPm6puavepq1pb1I0x5gCJDwbSYD3agIrkmcXwPYLLBAdJOjH7eMN4IblHC9Gp4KJJypjdtD2e5veOHJFnzvfB5EP6klmZSinU2hmyXq88cvjI2Y1N4p1glhWGOHgqcxJR9mxFBBKF2Gii/6HnH3Ih4Wg8GWrQ24fWsxtuOLK5sXHmdN00ta5rwMpg7lgp0NhLOmGTutHNbDbRmYasHKxk/aLMlLGmdebi/6DjLjbWCmpWPblIhfC8URTFVQQQCAQCgUAgEAgEAoFAIBAIBAKBQCAQCK5QtDwPWBTTmNsTCA4LbJHorGQo9mYa4P/cfnZkQocisXArjDIVCftER0YM/x6uoNIN9Kc4VRNHUsHgEzchRQ0anL+vl0ABHxvHOUzjyvMo/EKpt55TF31C2eRlfIiLFuQ4LSrPC+t/zfKiqessd6F26qpynlNdUzQI7aP4sPiC8XEwyNlLCQU6ps2EJFc8lUd1CTaePDP3LPuhnRyUg9bsT2FgX7SEJZfC+b/aEuqPxpAMjPo6XsMBw/4lV8N9p3w+QTs8yO4XO1jSyd643N3v5wtc/m2WfePO37Dse8mVzcK22cf+p/kN+9gPC98Y2EgL37jzNyz7bq8XGHqNMc7OGdPkeXbo0BooPHXq9MbGZpaVw5UVd5wToQJtTF1PwXHycrKjpEDCNkqRgIoPfFbZAxVm111z2B5z991PPvH4xGDeQKWdybT2MwdtTarOrLkzSltDClVmijzXjt7XKwCLM+Pt7cmkcsbdvUFrfPUVW+oFAoFAIBAIBAKBQCAQCAQCgUAgEAgEgmcQWsYDWD/jnH/dOw07/vVlEiUAHQKEURl5dU17LkXJIRdwQgNIpU2WEgJCeB3THuW3Y7IbumwkZniuiSFKiCOSsEcaKeIE+mA0YRm+T4r3thq6bEgeOTZRu/sEKoxGpUyjjaKIEm4NvzKkfkKOUus4LbSjp7g4OxZ1XdkN0j5pNGgdyRL+WWJIIMgoS1PqiT1Is0MYIfMMG2x/DZkD8QESJs1yMsRBemf3Q93YB+Pk/8/eeQBYUlR7v6o63DAzm3OGJecMkkFACU8UVMBAEFSiPBEEFUXET1GS+FAxPFT0ESSDkjNIXGTJC7vAsnmXzTtzQ4eq71Tovn3znbC7M7vnx9Bbt7u6ujrVzO3z7/9Rx7TJemq50RURLdpJaEdEdNAEN2mUKgQiyU99kYeoOhtG3SYxvU5fIhLXfyIxl/HqIJGuopseJwPa78Qch0S5+dQMwaWyOQ7qhop9roSyJyFyWIsYNKjD9/yuzlw+n8tks8TchBxWDoJQj7e2YyuJoBy9qJTKUTV46jtWj1Gh6zoTJowSIhWGCxYtzIUBDJYOESlpScWYuoulhE/I8ZP7Mq+OZadY2nGH2pZcLvyuoseV9xSMtP0+wQ6CIAiCIAiCIAiCIAiCIAiCIAiCbGyIchUAq1pKInOQRtRcHOVuMAVKy7ULWt0SST/i7cnYZUlhUGcbpVUg5BkSaukdEYLRMpcAVh6iFFFPaHIWTWxdO6/QhMpGdVPqYyAqCj/EsolFlOiEMplxxzbtCik9CWTCHT/wfOl9oqQncg85KfdeiHdAh4Ojz2ZRpcqhnpYjOb92nQ06PBufxOpzur5A0UlfkhQPVZVF4uZJ3lulsojutlhlUlUmvS+3OCV9UxZV5VhNQup5nJCysmlN3y9J3Z8W+nEuYu8pqTsZPKhY9PL5YldnZzabJRaL7aACmYTM13nIpBxErQzjohDaYKp0T4bCg09jxw4JAuH7Hy1ftoYEWc5Z4FPHSdmWJQgLObRtEy4CaRhVkGuH3HbtdscOs2nZ/SDweAgbW6sppRAEQRAEQRAEQRAEQRAEQRAEQRAEaQWa8M8ol3yQpCtJwhOkHqLhx8RsHRtWOVDKmqt6a10ula+z8zjeqiUghFTkSaGJTpqoa9QyJ3GeHcF1gDWxJqeRnUjUhUgbQ5XbSM3dhnaE6a8QgSXFLdIhRtkCKNcTpt7ytxl1LMuxIVoaeE4YhjLnTiAtUGROCumIIhLiCH1cqLLuEEaQE3m0xB0QBF/tbwRXvjTxRbKWaPEUoOikb6jy9ujltNsakf497ZtjUj2yRx5XRmfHCHEdd8jQoUKszOW6YABrH9RhWbYZdQXxfR8GNNt1bKhbSoMltH2WFrVYcsQVgfAtm44a3eYHoz9yF3282C/kfRhEBbcF1SMpC2VyHvlDeOj5BcYDW6Rcx+lwHahI8gUa+EUechwNEQRBEARBEARBEARBEARBEARBEGT9E/mIRC+5JxbpjDBJs40+i+UnZQENJAKcc8pNF4UOYTKW7AvVYhmVGiJ6K5/rBUTLOkryl6oX46Xyxag9Ek3GC40Qp6yHUi6SUDZIx5NQf+QqYQ4X3LIslTyHMMuSKhQbfmyZdyfkoR+EQSBzSgSByrkjtCeA0cVApJXFtieMRDYEpQMVHQfSh2diwEITqiWxrsU4DQ6/uT5RdNI30NJU1JrS+lNSa0qqp6Ll8jqYkqpyw6moNa3hcdJwShL7qj7IrGalYVF7NzFmtcvEOnT5smVdXV0wsmXb2iwbhjdpISWdnAJfH2Ulu5MjWcImytioUBFSNexlM/bkScMZ9UN/xceLYEyUJlVyyLUsWFl6rBCqvFRgSA1C34fWXZpJp9KWIyuQLhjnfYKqEwRBEARBEARBNjhCwUOZ2ZmLhEMvlU7AzKLyORNBIqSrsLIslk/i9DPEvngPSUSvpJUeQSIIgiAIgiAIgiBNSITtlIqiYWVekfBFG5ZU1pFzWPMNUqPeSAhfRK3KShhCS5ssmZe0XeA8AAAQAElEQVSYDtCypkW0L0p9EjXJjGqFJKtYJk5btkVuDARkOXZWSQRkuYjdVmT2CEpD/QSAmTohD6XhCQRPIToqhS6WzUz01HIcCJ6GfhB4EEWFivL7MZHqE6rz7giifQNEIiyu56DKpJLyUy+JM4GQ9UZp0yg66UO0J0eZtweJdBXd9DgZ0H4nNY5D0ymJVDgVx4FEKhwhH8zBvSQqklTBAq5snbSFk1D+TKmUO2jwYFjY2dlpWXa2zVLeTlJmEkhVnQ9NOK4Ln9X9CatEupZIEGhJgR48P4Wm7HFjh3o5Wli9YtWqHPw6YLZDhC1keh05NCv1IGdyyOUiFF6BWILbqcwgNyUbXSMT8BAEQRAEQRAEQZANhQC+VAl/Xm7hOyvenbNm7hpvda64BuZnUx0d7qBJHRO3HrrlhOxYhzo2s0hPgS9rnue5rlvz6YmoMkGOaaDnaLBWK/RYKbJwwcI5s+e0D+rYfoftwjCcO2dux+BBw4YO7eWDoUKhsGjhImhkyiZTCIIgCIIgCIIgCNICFVF74yhQ9lWxQvBQ8S1SlBtwtIraBI2tROp3zwRGiSjTnYi4r9S8Qq9exWdxdhzzhVfE7VT5g0QrktL+RlIPE9qV/8igqcz5UOpnos963ymRXiVUxWZVm/rVCs4trnQn1OTdoQ6TIVzuhE5gO460PJHGJxCplcBU6l2SRyMZME4eE9JfWTtqj8qcT6TsEMV16j0tKc/HtFYPHt1ARCfrVbZTk6QIS0SSM0rq+p0ktSkkVlpUlUnvyy1OSd+URVU5VpbU9TghlX4nRMTHMmrfDwPbtlnJ7orGvwj0nQNjGlNDmcNYezYjwgDm5PNdjmOl0gyGORj+GCdB4MtMOcrqhCoHFCbHRMIFjV/QU1JAqbKDsc+16aTJo6lomwkPVDsLwoceBszJwmal7kQpXmRfGA0F8T0/5CQlmGVZHcwlKWLxAkEQBEEQBEEQBBn4cME97r+67M0n5z+xKr+8Yumq/DL4mbfqw+fmPT04M+zA8QftPHw7lzms+64n8M3s46VL/3HjrceccOyYMaOrnTwWLVpcKNT+qpVOp8eOHVNzUVcut3D+QtIj4Ovj5CmTHMch3eemv9x8+99v22GXHf940x/enfHeWSeeuelmUy+75rKau9Y6D/3r4Z9f/LO29rbHpz1OEARBEARBEARBkG4jakXlRWuh+mQksyUoaUGpIqUc5d4qvCwRUDI8rhPfaMy3y2ipEh+waHtMz9JWK/pN/qgaV/IUKjhL2KKEBH6oriZ1LdrURPZDNSL0Ii7NTuN1KMRHbc5DIzqBGvANWibcsSxpg2LbAsK2Ka6kJ34gc+74oR9IgwCuMvgIHZmVu6QSXZhsPmVHrHVtgApKry0lQXODnD5DkLrv25Tq1BGgrGUqn2ag00nfUOXz0YNptzUi/Xva4+NQ45hoYACS9wwMT/KI61xl6uBzlQFMGHmdBkawjo5227ZWrV7T2bkGRqv2jkEwcsF8h9jQlO8VpM8TLUtLpiUnynFKaHUQPB6FES6dopMmDWMknDlr/prVeRhNg0BYTpvMlga1lTbRokxQbsEQH/jFLuG4KTeTGZRKCYJGxwiCIAiCIAiCDHhCES7ML/7HrDuXdC5oWnlVfvk9s+54ftHzX9zsmLGZ0fCQiXSHMAx/cO73X//P64/c/9gv/ufnm2+5uU5ME/Oj7/zo9f+8VnPdIcOGPvTcgzUXvf36m+ec8i0o2LZ5GCLfuVLpqOM5RH33JCoVTvxtUc/5zV+v223P3Un30Y37ngfTVStWwjfPt6AnJ5/zy9/+csqmU6yE7qSpEUvyQVLYfVtNriDqcSQm5UEQBEEQBEEQBKlFvfi9SBREeUHGLYn+rw+3nlC/tKoqEKVmEloEXpqrf6KUPXqiX+0vrxNJZJT7ic7AY76yMi2FEEp6EYtXVGCXy8AqVS/qM7XYgkitbcPXTxu+1DtUfiOFL/yBE/jSIoCnQh6EQs4LVPJequwFTMxXJJQndXezPmtdhdHv3DHKiMPoa6PtmnNRdNI30NJU1JrW8DipmpLqqWi5vA6mpKpMGs0Xtaa0ntNJnWnloBGqp4EyOzilXOjMZ4keEJ0ADKby2Znj2G5qMKyyfMWK1atX246TyWTlk0qqRHMwYoUhjIiWrfKKEZW6x0jftPaE6xFX6k6Il0qRSZOHc8I/eH/RqlV5lcgHHnqmYayDcVhQSw2h0j5Fek37HqwolXu23Z7uyZtwCIIgCIIgCIIg/YdQhG+vmnn7u7cVw3zray3pXPDHN/7381t+YZvBm3dLd2Lb9n8d+1/vvTNz0fwFZ3z1jCt++8udd9slqTuBh1NEZk11XNdNzAyKxaLWdjTmyGOO0oVF8xe9+O8XknOAe/5xN0z3PXi/IUOHJOck3yHrFvDlNF79E/t+4vq/X/+9c38wb87cs0466/q//27KJlPimms6O3NduXrtuCln2NBhpBcsXrT4rTfehsJ2O203ZvRogiAIgiAIgiAIspGRjMTXkQ20KCZo3lAfEqVqgK+WgtIaGpQa7zBAKDWZpSO5Y1pBIhP0xKHRWIMShXTl6/kibj3ehH5tP4qKmwixDnbLwCun2qeEM5lfAr4Iw//MsmwIxzIKX/YFlB34FFiOHQYyZ0UY+CxgOu0OPH5Q/iwykht3udTtuDs9cjERtWb28MwZyc5aP+8VRJdB3e2uqy7V2IrdtHNIy8S5cgTpiZ/HBuN3YhJ/Jcrdm8YjSHlZPnYM1OgDg5NtqWFQqulKabW5zBomtBMKkTceF6HIZrNduVxXJ/yfS6cz8EiShSEVNICRLPCUBFFm2lEjJJO2JWpUlOIVaikNGPRKMEuENMxk2yZOHO77XMxetmq1p0Qn8OMIzqTwRKpWZFod27Zk8yLoKuScVIq4KDpBEARBEARBEGQAA4+I3l4186a3/y5It1UXxTAPK35pm69sO3iLbuXZ+cyxnxk7fuwFZ14AX+UuOPO7V11/5c677ZJwAJaPMr50ype++NUvxqs88fATV/7kylYav+BHF+jC+zPff/HfL2TbsvEc4JF/PQwbPenrX91im62Sc2o2BT3p6upq/PpQEMjXJ/L5wprOTiiMnzTh/11z2VknnQXfbj3Ph5mu66aUeubKn1zx0H0P1Wtnv4P3u/K3Le1gPV549oXLf3Q5FL7zw+988ctfJAiCIAiCIAiCIBsdCQ2DSMpFaMXS6vrliFqz9Gvt1LRe2VJvw/G6xfJu16+so5xKA1LeRoVAxfQ5VnSUNCUk2gtpmxEtN+/s6xf6Yw1KtEUa5V0JIUhrRCcQh+V2CFNLIQuuw2yLc0fqTkI78AJq+YHnC8pkch+5ClVaFhKbxwjRTaFJ9TGq2G2tkWjFBHRdJdNpkQb5dIRJFRJ3uM8VIHUPl528rFB60juMrwkxjiZ6DiVVHieirByPYcky6X25xSnp+7KoKhsVTqJMSH2nExK1Vl4mrlJv+L4fhAElFrWY8noyucGSN1gkzZMFeHTX3tYms4P5Xq6rc7DjuI70cRJFobKGFTm3GLVl1h5mxh9pXEJ5tFcWEaHMsUN5SBi0Nnb8CEpSs2cvXb0GRj1fEEsK7mRmNPgnhP+ld4rNQi4CAdsMYRzVvVrTWfd9NQRBEARBEARBkO7RRtYZC/NLbn/3th4oTjSwIqw+bPuvj8+O6daKu++1+x9u+sN/f/3byz5e+v3/vviOR25vy8rdhi96K1asgsLI0SNHjBgR1+8Y1NFiy088/LguLJgrUwXlunLxHP0Rpi8/P23+vAXJOTXp7Oo6/ojjfeW8Uo9VK1bCdM6HHx176LFlW+nKnX3y2VA+7sTjTj3ja3Iupdm2rK5QLBbDIGQWS6fTek46k4YNxY9xAl+m14GPXi1zF8dxqh/y2I55KSLpENPfwO/OCIIgCIIgCIKsK2hVgZQHXUsZEow4g/JIZSHiCSkvkchJJNGUrtJcuyDjnfLFeFq73ZYRpW1CkUftWWVGL+oF/uhTqMOdydis/lKZOAKlNs0iIUh1D4XeexkHVokjlOhEJs5hIWPy3X1L5oqAFvRXVKZkKCxQAd9A+g9IZYNanRqdSUIHU8dNQ7RybBN93vCoOCnrnpLopCJsj3SHnvh51PE72QCma+s4pFIpuD6Vz1IYJQ0rKba0ek4lpZbJv6jMdyOz7TBiwYqDOtrzBXhkV1y9ajU8iLRgGFPmTX7gF72iZQWMpCwC/8k+RNnBuDI+kd5TMl8ZFTAkChF0DMpY9vCCl+96f2EoTVOgbylKbGWJAn0IhUxUBj0hMFL6XPQgzTaCIAiCIAiCIEg/IeDhrbNu71ZWnWpgdWjkW9udYbNuJNkBtthqi8uvu/y/Tz33rO+cqRUnwPIVKxbNl3KQ0WPLEsQ0faABj7FS6RQUfvr9n8Yz9ZzLLrpMSzek6Yiac8PvbqioU/P9J/iauXTJx3LFlMvqvCDlOI5WpRQLhXhmOpOO58Qpgc4878yTv3myLl93xXX/fvLZbXfY7vs//b6eM3T40Ifuf3jFsuX643NPPU+UeOXWv99avdHjvnJctbIklTJz3FT/FZ0gCIIgCIIgCIKsQxIKksr58XfMZlF87fBRep9eiFqx/1Zi8KJxNRE31Oz7b1kGGu1KYgwwaGJdnQfWfJuWS5nqgalAzYbq737kg1LartGyRIdVB3BlcFc6ndi2LYtMYVnw46RcqGC7TuAHFOb4ftDpMUvanAgujPuKisCavvCyI6E3SUXNrjU7a71mPSgr4n2qtdl10h9ez+zEFqHKrUSlX6682phJVbKW+sSrrku5IUF6sLHWJUtrn9jXJDml9aek1pSQhMailfI6mJKWy4mpKJ/S+lNSa0rqTeHqsZmddtwi96TuhHNbqeH0gCjTeyv9lvI9kUo9eWtZjvw/BQ/zmCBWwfPyxQLLWel0ilJ5rav8YVBZhEFRCIvBFpilm+BKfyJ9nwRVNk4wDaGPliXa2p0tth7hpv13Zswr5LsoHURIVghHjZshhXHTYg5l8h8pVDEXYUe7eV8NQRAEqYl+qxVHSwRBEARpheWiVyqQ1nll2WtLOheQXgONQFN7jtyFdJMddtz+todvHz5smP4YBMHtf7+NqASs2+64XXV9+f0uDOU3xIqZnE+YNPH8RBqdJB8vXvKHa/8AhZPPOHnk6FE168DqsHVpBVzrUcNpZ399sy2n1lzx+WdeuO1v/4DCT6/5aU1hytjx43RhzJiSjKZjUDtMR40ZtenUTeKZv73yt7HoRH8X1jNJYk/105Jjjj+mWnTiROlfY8uTfgj+NYggCIIgCIIgyNpgzZqEq6JK/yq4qFBURF+pEioKSqMMNaqmIFF6G5aoU2Nz0TdHmmydtIB+P77eWko7AtHIhFhE16rYbtSISOTHkXkeqnZYxqmjvaYl+UYod5jrphhp7CxiFCHGI4CqbVNGS93SRS4CL4DIbCgX6TgtDQLXSaUsZRXAuP7SPgAAEABJREFUXNsOAmYxmWdHBXr9oke4towRpkAjp5OkrUYkNYh7JVR4l5b1k5cf49g9hZJKnUKVz2v57tOSKKfWia95iFquJsq3xkjiMCbPcsVp5GHUWtLQhelTQbpJokuVBbWE69uiYq2y9DrGagL9TnpID/w8NhiPEyOYS5RrT0mkvKk13xyTRDk6smYMl5vQIji4QoMghOd9MDP5yC9OtUOiYRfWg4d6qVRK2VGJfL4A2GrwIkqqwuWTOhiceRgKrQCi8umkGohUpjEhX2ej+v6V6iwWQI/dFBszdkjR4x99tLyrK28xC9ZmlCnXKzWgSuMUvSfde5MPQRAEQRAEQRCknxAK/vi8x7u/Hnw5suAnlAlJS88coKndRuxk0Sb5kj3P4+XPXIYOGULUV0LP959/5rkbfnsDfN379GcOj5UoGu3ekevKvfaf6ZtttQVRtiXplDQpKRaL/3n5P2EYDh02pOZGV61cqQsjRo2oV2fWuzPhZ6fddupor5HHZ4ddtt95151rrgjb1aKT7XfaYciQwXqmtAwWwrHtbj2B2WGXHVYuN11967U3tTvLjrvuFFdYtHDxwnnz663uRFqTFDqdIAiCIAiCIAiy0dKdb2EikVunfh3S7Jtuq2gFRWO1ggnI1tqLMhkKT7g+aKFMlTGJ2lYsDBBaJEDLN0SadigKGSc/SJ8SHe+licUy9KpTCMmoqt4GRGnt0HFcF76xSrsBxvyiz+Ers3zRggaeRwWV4VqV/kdNjGGL2V2qtTSJzhjlRZl8KOHvwpM1o/mCNN3JfkDrF+5aEnsk1D6V2KR0txBUnPSOeh4nJR0Gia5pfYhjxQkhZXdcj8uihfnx0NinZVFV1mKzirLphR7SklMStVZeJhVl6WFiWfDckDEmRFG5MYU671dNvZgatbiyaLJkGmxKfB9GJw8eONqWo9dSKi9GGDwHlK1pwR6Tz0FZqLZMpQkQM2pHKEnBXhAImkpZm282KZsZNGvWwpUrOikNCXX1GClCeW4pg4FTG1EhCIIgCIIgCIIMPOZ2zV+VX97dtRi1dxu7x64jdrzrw38uWjM3ng9NQYNT2ic2Xv3Wv926ZPHHyTnHfunYKVMmFwqFW/56y/W/uh6+yo0ZP+6cC8+pWHH7nbZ3XMf3/DO+eqaec/zJJ3z7ov+GwpLFS7571ncbbDTwZV5UaPmKS68gDfnLHX/p2LyDdIdhw404ZuWKlbHo5OnHn4bdPPTIQyukM425/Nqfx+U/XvfHP133p7b2tuv/9rt45vT/TP/ml75Jyh6olSil13FRdIIgCIIgCIIgCNISLSXf6IYeoPG2SN8E6hOdprQUm1aB20oxgCg5nZDed0mKDYxWRVunUNMIiTxLVA4WHTPmIRfCV+YA3FHxX8dxIYYbKu8BGQImBAoQfuWE6yAtBHNLYhFtRlAeijVWH9pOID4v5ngoxQlN/F8umNkAWF9iD5tUdAKi5DaryLCzDpIeDXC65XFS7XeywUx7fByq/U4qVTIkcUFatk0Zg9GnWCzCIETD0ILHmozVUvTJiXJGgTVYJp3hIVmzenVXVxfMSafSUsWi1hQE/uUhDG0wVilLKilVkdZYymnKyPFCKaCThlDMsYlMxMPJ2HGDoP25Hy1etnwNoe0WdQi1KI18m0RAUMWFIAiCIAiCIMjA5M0V75Buwqi99/j9jpp0KBd8fPv4pOhEN9hcdHLjP+IMMkEgtSAHHXrAlCmTp78y/X9/+7+WZY0ZP+5nv/rpkMGDK1YcMWLEKWeccvet93SuWaPnuFE2meEjh5/4jRPDQPrNRvlnyvjXXf9a9vHSYSOGH/m5I6u7RBOGtEOG1vZBgcZ91dvSWspcE1aEZvWcFcuXT9lkMlHfUm+64eY3pr/+1utvXXbFT0iPWL58BUzbO8oUMOpVCt3nGl9FHTcWnfTf9DoIgiAIgiAIgiBrkQ0lbJfUFsTl5NddGgdOS6FW4w+SbKf8yyOXb+snt1JarVudi/oVt68FJxCC1emK1Mv7sofK6RSis15Y4FJlAl+jLdtxZPDWcXTZKxRD3w+DQCpUuIzgkoTXiWycUS7jskbsEqfFECVZiTINiA9OKYsQldoIopNd9A9EDQ1MrS/4gjRoI0oJQtYhdo1NJk0rNixpz1oj9jjRU0rq+J1UTQkpP9AVU1FVXgdT0nK5aipqTWn5lDSYkjotV6D9TgAYerjMsWOeqcWWJ/HASmmpEa07aWvLcB52dnUV8nnHdlzlLczU6GZRK6DwlDAUMDL5AXXUClq2YsYladvE5BnljDKpUhFBOkXHjm2jZBgXS1at6qIkK6hLiS3NUczgxgmCIAiCIAiCIMgA5KPVc7pVn1F7nwn7HznxEHgO9GHnR28uea0HDR521GFrVneqorj3tnvi+Z/Y9xOnnHHKjDffPf+S84cPGxaUKzw0J339pC+d/KVFCxfJzlhWe0e7nt+WbfvG2d/Q5cVLlqxeubpixddemb7s46VbbLU5bL262Y5BHWPGjCYNmfbCtGVLlyXnWLZ94CcPsG176NAh+rvq8qVGTDN37rw3pr8OhQMPPYD0lBXLpOhk3MRxyZnSqlhRW3QSpddxVdYhBEEQBEEQBEGQjRYZyCMhGYCIKEtOPduIKP9M1bfCitf9SaUDhfpowqrlDTYRDFRqDZJmG6UkN8JsQOgUQkLlzRFSRKLe9Ajk8tAnxHYCWxkQQCzYcV2YwhOAwPMC35eWKKFEZqiIc7lAoFeYhimpIbkwRZWMh8Rha5FQmtTcP1FzT1E7URtbi31IUvokSiKEZMweqU+PPU4GtN+J3peee5yQkq9Jshwd06qySSRmWVRm/OLw/M52pOkSjDO+L69f12UVlkEqMxgj0UWuDZfa2rKwei6X8z1P2pwwKdljckBiNiOcikCZONEgYCq7tkzEptOLmVuFy6GPcTn6hdxx2KBBLqUdnHtvvzWHEsYFCwW0ZFFphcLx9kEQBEEQBEEQZICy2ltdPZNKwT8LeVjxtIBRe98JBxwx8ZNacXLj238vhvlWGqzgWxeYvDnwvSwpOgFOPePUl1946a3X3mrayKjRI7fbYbuai/5y/V/uvOkO+HpnO2Xmr47rTHtx2imfPzk5E75vwpOs//r8Zy7+6Q9IQ6DZuBw/YPnnM/8cOXJkJpMZNmL4so+Xzv5gtl76+AOPQWHwkMF777c36SlLlyyF6cTJZc4xvKHoJNaaOJheB0EQBEEQBEGQjZumQoqBRdO8JSbOabwnIqry7EQzaOO2aa0Vk7HdeHMi2oi2NDH1TCWYyVXyCMFsS4lRpAYlhMiv8jiRBgTSg4DBd1j4gflesegXPTh1PAiVd4rqqlyLqvht1FW1dVgxEuiUOq4XG28Tcw3UvhIG4vWxXjxONHasOImvFwjMq0A8K82kdEAe13VH7GiSLMdTUjGNBV3lZdK35Yop6fuyqCpH0jDSwOOkVCZRa+VlUrfMqFLtSdsRKkUilktTlmPn8wWv6NEw9LzIIjiWnhh3EnMZM5kgR95p6bQbhn6xmIfncZl0JuW60F6oBHa2Y8GqgdLJwZa0kk7+4hFcCu1kH4wbM4yCFIY6AoOgN2iQnd5sjOcXP3x/qQgpE3bIHeiqRS2OTicIgiAIgiAIggxMct6a6plThm621dAtn1/4/Mr8ssTXteaKk3oNdouzTz6nlWqfPPyQn13z/xpUGD5yxH8dexRpxhMPPzn7/Q8bVIifpYwZPy6dNpKORQsW5nNy9+3IWWS7Hbd96tGn3ntnJpQ93//nnf+Cwqc+8+lMJkN6BGz3YyU6GTehzOlE54slygq0ei0n0tnElicIgiAIgiAIgiAbFyoorwKJUGIy5igjitWxvOQcRtYdQjRM9WKyxtBEspia1PdBqVO9Yps83mvlSxLEdeKaVbqTRFlXMJFzkxlCG5wkY7h6rvYOEDJ1jtaOcF0ZIrUqEQ9NpdPw5RoitlYqxWwLQsOB5we+r41PVFXZntQ26BC0iLskkqoaqGcyXMgDLPdO8HhnZQMVPhzCGCZA53jTI1bzaLdSp5r4ZZKY6i/4+uBUz684O+tSfWLX21iFYwTSkJ74fAxkj5Nqv5NeTmurZEh5mUSXpRmqVJIdmKZSLowpPowsnMM1a8tRx9LexZyLZO5t04QQFrPg0Z4nkZo4GKjUbSlgTcr1IEcDKayT2hNLN6DVeFy+1Bepi4i88dU/jHHHsTaZMgrGpXlzVhe9AhN2EApVuRtjOoIgCIIgCIIgSP+h5gsoh0w4cNOOydsN3epPb/9lRX4pfDli1N5vwoGHTzy4seKkXoPdYtSY0Z1r1uS6clDOZDPwrTC5VLpaqkWO20RUseNuO37pa18mzZjz0dzGopMwyvJz6RWX7Ljzjrr8xmtvnHbcaVCAr6d6zlbbbvXUo0/NeOtd6OHjDz0+b85c+BL66f/6FOkpK1asXDR/AZGik7HJ+XHWoXjTSWIRTNPjgyAIgiAIgiAIsqGiQv9CptcRdQOSNUoJBkAEvZTUpkk9NaX1F5VaSmomWlERVGosKjxHSPLgRk8LEtuKtQoQyYWv3qHj2I5NmZVKpx1Hup4EEBv2/ND3pUdpyJWHBlXeBaLUyVJKH3XGpb4kca5p+ammGNTtOXascwnDUtqq7l40Gz2tepxUTUn1VFSV18GUtFyumopaU1p/SmpNa7RMqsox5pan5jA6jiMyUvUXeDC6yOdrlhJ2cZnaxlzeJLqqmRYuWpYWrMAKhUIBWpDyNyLCUCgpiyXHHTlcyaxgcpCxmPL7Ua1piyi5NxymqkHOCWNWMGiwu+nUMZRYCxfmuro6GUsR6qxb/SOCIAiCIAiCIEif0ZYa5OUKFTOfXvj8hOzYYakhp21z8p/e/svqwor9Jh706QkHNVWc6AZJ77jvyXs/+mjOl448Ab6wXfm7K3fbc7fk0g8/mH38EcfBd739Dtq3cTuP3f/o0488RZoRazjqsWTREl0YNmJ4PNPzPF1wI5HHZlttBtNF8xcsWLDwT//zJyhvvvUW22y3Dekp0195VReqnE7Ms53a6XUirUkqyrODIAiCIAiCIAiyUcEj2UO5n4R6+7zkblIWn6zx7WqjCJ6LRKF7sU5ap6UqxYmMs9ZbN948h/Atl0Dk1rJtnXBHFxzX9T3P9/zA80KVHtcEg0lJTmO+HQudjifpU6CMDirkRpW6E+V0MmDP97o0GbGptqxJbFLeY4IY5Y90ZlGh9QjUoNTC6Dda8/PYwDxOuud3QiJFTlQ2xyRRLjum1eVYEaV0J1Spe6jjOHBl5rkIw8D3BAwmtm2LKJeX9EuSJihGeqILMCClHDdMp7u68l1dOaiQyqS1DZHM3CPHOBtW86FFqTuhjNmW7aibRSXWKY1D8odpnR8LOwY5kzcdkcp0ffjBkhUrOm1nMCH4AhmCIAiCIAiCIAOSwe7gFbklFTPfXfrG7cz+/Caf0bqTN5bPOHDsJ1pRnOgGSWPkoW0AABAASURBVK+ZPHnSIUce+uA9D/zh13/Y8a87OZGlRxAE1//qeiiMnzjhwEMObNzIoCGDP/P5z5BmPPXoU3Nnz2lQYdHCxUQ9Khk9elQ8M/CNVCXWdmyz/TbMYjzk/+8H/2/enLmWbZ1zwdmtP2CBb7JhKF+MgAb1WtNeeAWm0M5mW2yWrBkEYYN24HlcVMAvqgiCIAiCIAiCbIxAEBC+VMlguNB5DpTMoDuZaMgACpdXKzhqI2rqaOJUPiKS42jXED2tWqUq1UvUdGJWja0YhYjaktyizGJRItqokZ7A92L4aDspmffCtqlFmeVYlu8x2ysUAt+nlklGI2Ty2aTCwZaxXKM04trbQOXXCUtOETqyTOM8O+vDVkAkjltfXGX62l4HV2zJbZVW5XYyH/UUtSaNKGkpSJnHSakc33nlZdKzsmhhvkj2rP78XpS1Ak3P0eVYTULKfU1KZWLmxGVSVSaNy6S0RbmWHDi4kIo2y3Jdx/NEGITFogdXr3RAMZewOTUk0lepzDscVslmsjCjqysHP7AgnU4xlkjfY9uherQHAxNXeb8Yc3SuHdNy4saQ6XkYbCjo6LDC0M3ns4IEXbk85d37RdUYaMsLSDEQ8CCRC9KXTSMIgtSCypGW2IykbOraffJHDoIgCIIgA4ZNBk+ZvXJm9fw3lkibDa07aV1xohskvSB+i+DLX/vyo/965LVXXnv0gUcOO+Iw+HIHX9yeferZJx9+AiqccuYpNZPLJNl9791PPv3kpltcuGBhY9HJ4gWLYDpq7Bg30nMA+Zw8Du0d7fGcESNG7LzbLq+8OO0/L0qxyIGHHrj7XruTFoD9yhcKXZ1dr778n5eef/mCi8+HDcE31BefeRGW7v/J/TOZTFn9oJRpuxpHQaTliUsQBEEQBEEQBEE2QmRckcJU6g24icdH36FotfoksXQgIcrdOURzAUNkDFIOlQcp8g6IQsU1o5MtHaRaGxFxtBW+8jOqsuNoxYXZnkh8yRUyzQXxwkIIX/sdB54GaL8TqSWCnwITSk+korpREFqKipTsQcSbjxL1Ugy19hmNnsIY5YsJ0ss50SmvVXujDkO16vOxYXmc9HJaWw1Dyst1j7j8j5qEXowy5YYkn50JUQi550nRCYw28RgUj3SMsdjyRA9SKTfFQ1EoFPK5HMzLZLLU6E6kPM625D0Scnimx4PAV15NlvpNpOSPQsSCGT0GMmaFJMhmrUmThrkp9913F4k+ujdgEM15Iu8TBEGQdYmQY6D8KQZyaMw4JCv/fiMIgiAIgmwMbDd0qyc+erTmVzStOzl2k/9i1JrbNa8VxQl8h4IGSU+R+VR9vy2bhfIWW25+xOeO/Ocd9/34gh+PGDl8p113fmP66xeedSEs2nTzqYcefkjT1h67/9GXn3u5abU1q1Y3rrBg/kKYTtl0cnLmihUrYTp85IjkzH0P3veVF6dBAb6rnv7t0/VM+BLqB4GT+PYqHYPl/6HO7PPBzA9+dvHPHv7nQ1CGb6PnXniu67ofzHx/3py5RIpODqjoT7EoM/sMGTa0Zm9Trvv5r3xBFwiCIAiCIAiCIMjGB7NtKUngKrGLCInQoopI1qCtNRL1e61JKNd7mOYoqaMDES2oN1p6PG9eyye9hxo3Af1BhnlpVTcjLUotIxPSrH1KjDCERr4AKqONiuZGFWSZRsoF2YMwlF+dmbIlkG9XuK6t/vGKxcD3BXyh1uFcIzUxHghUh3dLwV3pa0LLtDC0Tw7a2qa1EE2p1jrIs2MLvRm9ZRXFZzqULqJDLpRlDoP/ZF+k3QzXy8yZ11cQJ63uXwWidKoNbOAJWJIeJ9V+J6SW30nZVFSVRQvzezklLcwntaei1pTWn5Ja0xotk6pyktihRJel0EQNLkwdYItZ1NgDy2rweK5QKKYdk3mHl7cPN5b8hcJDWNd2nZQadYrFIjzBtO2ibTswRElzLUps+Ya/E1LmBT489QtpoFQr6iagzAyCJCSx+YuQA1w6baVS6UGDBzObvfvuPNJrvJCszg+IUQ5BkA2cvE8KvhiUlq4nCIIgCIJs8IzPjh3RNnpp16KaS99Y8upqb83EjokvL3ihBcUJgaagQdJ94Cte0fPuvf3et15765LLf6QflJz3/W/P+2juqy+/+t2zLjzv4u9c/dOriNJ5XH7dz+OkNg0YNGTwIUc016Y8/9TzC+cvIPU7tmCuXDph8oT46yp8cVswdz4Uxo4v7Sz0f9nHS3X5wE8dNHHiRF0uFAr33fnPQ488dMhgmXios6tr0YJFs96dOXPGzOnTXoM5c2fPWThvQTqTtixrlz12cWwbvpj++fd/IUqDssfelXYp8HwNphklzakGVjnj22foAkEQBEEQBEEQBNn4aB88NPT9MORSegLfr3wvCHWuHWmAocw8uHrnXUsfhAqba58PGse0aWUsu3FomyYKtGJmdeyvaTiwFfGA3B352j4VZZusWFMkNsZqdIAKpf5Ixo3VK/lKFCJKbTJa+xAk9yThbBHZi9BYTqJPgAkjs3J5hPTHkCHbqAX9tr8M9BIhlSchD/3ATXEXngXAd2fH9j0PfgJPBnb1yZMBXrUnXJ3r0uGgSoFElDZF/qcOAhekWTqaGvmYmu2/qdNyrLdM05PIqmFkUdJBgQped3V1mUJ8O9GYiD4k9k1Ubat6+zUvyOojYAvVHSUeopHIpSLLjvyPct04RPrN1ZC8J8y1JprdUxssG5vHSbLcfEoiFU6cEycSaMTl6Di2UqYJ9ZlpwgxvjLHI3UQUCvBMz2Pq/oGZglHpccKYiEyamGXKVFqk2Jy7OkN2EIRKcaKGSJlPR41Coey8HwQkDELYEIxY8l6modSecKpS60Q7A6uoW0YEsOLwYdlNNxlNekeXJz1OCIIgSP8AxqNVBdHm0iy+H4sgCIIgGwGHTPzkrTNujvM3V/DRylnwQ1oAvjdBU6RH5POFG353w19+9+dhI4bHb+dkMpmfXH3Z14/7+sL5C376vcuI+pb3k6sunTRpUitt7r737meed2bTaqtWrmogOvF9f9a7cvcnTpqwevWa92fOchxn9arV99x2L8ycusVUXQ2+nf7tjzf+/U9/1x9ffu7l1atXD1Yqk49mz7nqsitvvfHWv9zxl/a2tuMOP05rUyzAtrNt2dFjx+x9wN677bXrDrvsCBVg0Ttvz3js/keJtE7Zb8SIEZXHSmX2Sadry24WLVr8zzvug2N45DFHTZgwniAIgiAIgiAIgmxkpNs7eBgK+BEk9PzA92T+BB7KZVLGwIUO8VGVCYRzrYGA2TzKxaOaqY6IN4iRx5FNRiolI7SqzGnTeHsLEXm1nEaB0PLZZR/1l31Wqw0eKQuMHEQke0DjjURhYxbbXJCm3a/RYRoXkoFgrZaIBSssisWWQsfyxFBaLBQgzmvZlgwWQ9zXtsNU6BWKxUIeKlrS3kZqieC5QfIM6PMrBI31OLIOqzwaFWIdUU8W1FQNVOU2UiudE2lydvXRNieg6RZ1oy1cMdWrigZXTg3s5ImV14MybSi7asqdSAZi2qq1T9LXRJT7miTLhCQ0HH1VbnFK+qYsqsqxmoTU8zghZWXTWnmZtF7WlF2HWkciZyl/EkL0a20FGErUO15KO2Kr3xTGkYeWjRfyFnddBwajXC4PDw2JkqHYtkuMmROVLipM2gIpVYrHBInULeUjv9xRHslyZK+HDsumyxNsd5digIoTBEH6I10e/O1F0+h3giAIgiAbOjsN2/bfg6fMXfUB6R0TBk+Bprq1Svzw5ScXXbZqxUr4FjZ+4nj4ygbf+LS9JSzaevutY1HIlttsNXnTKcrA0m767OLxBx57TVmJNGbpko8bLH3h3y9ABdjWpptv+vYbb3376982b0cwmkqnDvrUQdqj5cY//PV/f/O/UC2TzXhFD/bllr/ecupZp9mWNevdmURJW7KZDFTYYuvNX+3stCxr97332GPvPXbdc9fJUyYl98UPght+ewNRL1d841vfIFVHbPmy5VAYNrx2ep3rr7n+ofsehMK8ufMvu+InBEEQBEEQBEEQZCODqZfUiS3zJIhUKvB9J/BC+IIp7StVloTAD5iv7E64tODgxNg1GOcTY8PQg3h5rXViPUW/i79HL/+L1vZV9CxfQ2x2Uq/Z8vC4KegMO4ltcyUpganN5DscFlMvcrhpWR1OLg9CmdkiKaMQOreO9CwQ2tmGqNdlCBMhL++b3qyWvxjhUQ/3dn1R/xzWmc0qlrayt4lgES8TlxjhS6JqzcOHGhTFxuBxUu130oNpbTUMaa1MjA+PHs9rp56iKncXFFypO6FFXtQPIh0qH8mpJmiNltXvmHQaHlxyz/N83wwZ8DtHCbFUmTLXgRZEUeUR54JbxLGYLXUp0Ugkb0J53+rBCO6owE1lbKfnIVk/JKsLqDhBEKSfsqYgrAx10JodQRAEQTZ0jt/s2N+98cdObyXpKe3uEGiEdJPly1fowqoVK1Op1Kc/e/i3L/pv13XhO1uxWHz8ocd+c+VvYZFlW7AUvvq988bbJx9z8unfPv2gww5KuW5j6cmYcWN322u3pn146rGnVq9cVXNRGIa33vgPKIybOH7XPXaFj1OmbvLx4iUwZ+LkiZ//6he22marj5cu/ev1f739/26Dr5STpky++g9X/+X6v9x3+703/PaGHXbZAdZ6+blpUH/n3XbW+W5O/PpXjz/p+O133r4t21a9xSAMH3vw0acffQrKR3zuyM02n5pcCt9MO7u6Hn/oSSgPHT6sZp9zuZx6IYysXNbzs4kgCIIgCIIgCDJwUWlzVLIDy6LqLXQrTEVOJ1J1IpOzFIph6HGlQeEhLOTaJyNqg5XJEcr+rb/ZyLagilhO0Q8DgqJC3lGxtCQlMHFfHTDtnnhAGwt0a+fjc1EK+6qCzJkUSuEQDSjEix04u64TeH6xUICpqapOpRbUUEJryB9YVV6Ynskh+tH5NJmhuqHr6L4MymZRAqrkmvoZBBGlO6WkMtLqrYSzDepOomEi6XdSMSXVU9GwvI6npKrccCrKp7Sex0nVtEZrpOVyhXAsvvbkTCVGU3OkeE3Pd1wHBgYvX/B8LyQilUrDHClYiwZupq5zlQdL9hmeVGaUK4nvB9rvxE1JjxM9lgglTLEtG8aios9DpWUhDrUisZfUO2o3J9kNQRhR4pMioSHpKXkfFScIgvRrYJhyLPwzAEEQBEE2cIanhh6/5RdvfPtGLyyQ7uNaaVgdGiHd5IF77ifqm2A6k/7297995GeP9INg0aLFzz7x7H233/vu2+/CdzT4ErfvwfuedvbXn33y2f+97k/Lly376fcuu/uWuz93wuf2OWCfbFvWdeTra0XP0y8kAIEvC9vuuO23f/Dtpn3I5/OP3v8IfEPsyuX0HMuy0spc890Z7017/mWilCK24pZ/3kyiXNGFYvHhfz187eXXSlmMZW2+1eZXXn/lyJEjT//vb0KD+Vz+++cWUhSwAAAQAElEQVR+/5QzTn7w3gdglU/sv5dufJfdd63XE2h22gsvX3L+JVBOpVOnnHEKUWacnvr2KhUnnZ23/e0fi5Tvy9bbbVWzka+e9pWli6V3yylnnEQQBEEQBEEQBEE2PlScO4rsEhn8U+8AOCqvjfT1sF3XSbm+F0AsUIkuRKBefQiDMJaeaCFGImlJhfFGqRhH1Amp6e+g5RaUrhOJQp1kLo2oJQMo7XZiTtlmWldpqC51V6pCdWw4ChwbMY8scqmV4IJLXZE6WSp3rZVpawvdAKK/EN6F1eRUcJVNSe0gpSzuuDlV5WoUYTQTIu5ya73tT7ETE1KnJp4eRdirTrEoqQCSazffFZtwod0jRPV1E3+isZpFnzp8qbmCpt4eA9rvRO9L9zxOSKTCqTgOJFLhxNdqt8tV0pN4vvyoE+hIeaKltFGWvLY9j3Pu+UU5xCiXJBhpSDQIwbBC5Uw59NgOS3Fj1AzP7iijlsrdZUntiUqcw6htW3IoghErDOQeOa6lEoApUyZGSCSAIUp6wos6Y1UPgIGxGBAEQZD+DAxTMFgxlJ0gCIIgyIbOZh1TTtzmxFve/UeXt1qYlM/Nga9Ibe6g47f8IqxOus+IUSNt2x49buylV/54+x22e/7Z5++785+P3f8o0cqPdHrqlpud9Z0zdt1DGpZM2WTyfgfvd/VPr54+7dW333zrzYveGDx0yBe/8oXjTz6+va391htveeqRp3Wzc+fMhelzT/37W6d8q2kfPpj1PkyffvSpebPn6Tk777HT2d85Gwp33XIXTIcMHXLokYcmV4G+LVu+/JLzL3n5uZe0YmbPffb63k+/N3TIELlTI0b85sbffvfM7y77eOlvrvwtkW87uAcedlDTnsya+f73vvU9Xf+HP//huHFjofzaf6b/+fq/Orady+WmT5uua8IW9z/kgJqN7Ljzjn+5/S8EQRAEQRAEQRBkY8WkVTEBePm9NZYTCPV2ObMdR7pk8DCUUToRctvxnZQb+GHoB4EfwAKlaogioIQrsUqZwiBhANKsO1HdfvyUvWLn9E4l5lB99PpmF2oqISpQLgDlx9uoKOLOyUitTKwThjLOC8Fd25JhX9uGORAXhkVKeqKtBMzqOnuSiYnH8WgjTDG7bhQ1orKr/TLhDq2+rGLdSZ1VGKlWnLSGHeclIureqH05iFLzSnAVQiCeRt4oyjpCn4SNNuhU8jgRZWVzOMvLpPflFqekb8pa0aTn6HKsLCH1PE5Iohy3Fl9eyWu1u2WiLsKk144ucM71TRKfArgyHZX1Aeb7gc+5KBQKQoSWTLRjQSW9imqDx41YFnVcO+QwDMF/EE2FxdrtRKZ4o9rvxLZUcjcuoJoP9580UJGb5OpiiI6NgPalCsUnPcJDxQmCIAMBGKzSDkEQBEEQZINns44pZ2z/9Vtm3blwzZwAvis1eQhBbWaP7Zh0/GbH9MDjRHPQoQf+58X/nH7e6SOGD4ePjz/8xBMPPu66ru3Yu+656xGfPWL/g/dXeVQNkydPuub3V7/0/Es3/+WW116Z3rlmzR033XHslz8Pi+bMnqvlI5psW5ZEgpKmVFSetOkkXSjk847jHHficdWpcFKp1KIFi9yUO27C+LMvOGu/A/dLLt12u22u/v1Vl33vp/OU/OXUs08bNrT5IXruyX/Dw03Y4hnnnXHo4Ubm0t7R8forr+lnNm4qBV9MBw0efNFPLpw4cQJBEARBEARBEARBquBaKCBD3RBOZNrxItINcCUpoDI1C7OoZctvvlzYjiuXQdQwCPxCMfD9wAtkAgRKRBhy2YB+/1wbbvC4LF9XF3GAtJR1pBVdRZ9jPFoSagNKY31Fi23EogKhyoz0DimAICq2Gyk/Yh+OxrlWanipxJl9SjtoSqE8R9LGhinXE+lT6ji+53mFAg8DuS2utCdqAsFgqC0TxajIsNlXQmkcMxflfiFGl1LjCYmIOkDXk4QiyvURfTQHuPLYqo8s8ZGU5xYiTU+Hqbb8pu8lPkXx/EiSE115vEKMog5zqbYwghXaJxImRvrsyK+b21WMeqm+x8kGM23V44Q2932Jzg6poZIh5eUkbM0ntJFJ6ciXLtFo3ZIYRV1GnHEOg4mUHgJcOimFtkzg5eq8ONLmhJprORZWQf1CoSBz8sAS6btkOfCfZamrnsIvERidfNlsEHKoA89SYZBy1E3hqA5xKkVZMssbLIHP6T3OgHbHjR1BusPKvPB7npkHQRBkHeFaZHCmb37brumUrvUd7VmCIAiCIEgzlotlZD0xfflbj897YkVuaajSXccJTIlJxAxP5tjQ7IiDJxy007BtSd+xYuXKH5z7/U/sv/cnD/+k9vlowBuvv/mPG2/d7+D9DjviMPi4dNmyQr4nuYGqGTR40KCODiITs/q/ufq3Xzn1yyNG1PiuN/2VV9987e1jTzhGZ3GtBr47znh7BjSy/Y7bt/LsAur/7U9/W7Om86zzzoxnwvfcf971z66uLnji2dbRPnrsqF332DWbHdh/TQ2jwwmCIAiCIAiCIEhfs2DhUpjuf+YvtfRCvU4uY4U6MK7i7jJiCfOZ/F4bRytp9GI9hBk5xAYDzwul34kUmwS+B/9JTxQlXlFBQi1MUCFLFa3ULXOISMLmIskCMTFNU6zoavMvic3sx9UumTfz9ZyaohOT3IfWkI8oJY2gkRyAKAFO3FM1h+llpTmC6VLNHpVaTs5lVNmpChqdBrlvpeND9Fai1aMCLc9nFG8zPppKTxNJUMwjC6aAmK5SUchAL/zvFwsy+qykJybji+DxQTJNyXMn+8Pj/ErGBMV8iIpl4pNo0/USzZBSC5VHqpmaJ5JkNL5OKtpWF3fyfJFIpwP/W/Eq0TUcX6iURHog0rhTZaITPcti5defqPbONSdeMBSdECU6abVm4lKq1nbUm7+Wppp6Co9682vVqtiDtYUUnYhYFmZuFR7JUOIBqMwUSFj6/oBqgfS9CqTZCSG2LZNwW5YlV2fR0GxkhTBkCE8hlW9EpvuymcOo5TgODEhQGUaUQEpOQnjAp9N1K2cmx2Iu0dI+qEOk6MSyLWg1tXtPRCdLO/ujExOCIEgFMICOaEfRCYIgCIKsa9aj6EQzP7fwrRXvzlkzd7W3ustbA3Pa3I5B7qBJHRO3Hbrl+OxYgiA9AkUnCIIgCIIgCIKsDbTo5ICzrtRxQzlLp2PRagSL6VQGKvWBynAQCRm0FYqWLAj1TrqKV3Khgo9ewQshBOl78u33MFBRc7kBrTlQbTBto8GUq4fRo5REJzWerq8l0Um1woEZ1c16E51oDxidNiPSnVjdFZ3oJeUHjZKSOYn2KjBdlS4DkYoC/lWyIY+HoemZTr8k1Cs20X5RGftVHeU8Tg9TKhjRSVghOqm1t6TCHqaG5kSsLdGJWcFcOUrcwajKMcXiC0DqbaJYvFo9UgKVnZHa2EmtQ61OE0FaUh9s5NTy89hg/E564mtitF/m9orLhp6USx8oqTUsRgvNRW+cqYyEjKqcOLbUgnBelHoSH2amXBdGFsGMB5MaHXR1qUoRwiYq15fULYoAbrcwZJa80Zm6/4htwS8J6bulEvFwKXOzYahyZBoe/SsDfotw0sPMV3jbIQgyQMDBCkEQBEE2TsZnx6KyBEEQBEEQBEEQBBlYMMuBwJ7Sf0BIkFe8666ed3MVejcmF0Zawah2wKAWs5RSQ/thWNy1U6kwCPyiF3he4HtSmKBeW1dpY3gpxYraItXCFjMnSSQNaeGJ+zqxXGiRmvuyPhAlC9ZY32CC3eUxZZlqRwWOpaOABSdTmhP4nqcFJSK2RmEmui0lR4xGwWpz7CFyHKXcUak3tCjFJAsyG+pHZ6kSY+ggzBGiplAZfO/eHthlq5ZfpCpyT0oeNAm7mAornn51da8HOKHmyjMqk6oy6X25xSnp+7K+u0SyTCJlSTQlFWUStVBeJj0um3aTLib1oLSUfY2LxGw5griuG/KwWAyKxaLUnRjRXHRJRzsPo4xeh0u/4lAl1VGqNvmPcsJiWvxn9G4qd09IBNTMMubAUAO/fbhUn3CCIAiCIAiCIAiCIAiCIAiCIAiCIMj6xnYcIWwehioMyssyKuh38c3L7yKKiRPtDiE1CSSQjihMzRCWCjDaNrGhZqotE3i+X/RE6AVFHwh9Lwx0TgWiXTeoMgqhUV6TKowFBaUbUeA9VuEk0uv0sB2zroiOo8pzJJJGLBqjrzBuN3A+4ZKAqK+0sPHhhPmRbiVSSpBQpWkRyeA/ZVEkWqjAORNad0JNVqVYwJRQbjSLb/c3kh42RjlQrhKpoCQ6MQcmUc8kHzKSk7INRAeLG7uVWHoiuqt62TCQ6aaq3D66rRfpf9OeeJy0chzMUatTrkk8KlToTmpc2fGvATnqq8omG5Q8S1J34rjwMVBAwSYyBQ9jdqQ7UetKRykpcLOVmpFwNfZwTkPVVMltijqWRc3CAH5D+X4B1mGWo39VyVFoY7wjEARBEARBEARBEARBEARBEARBEKR/Ydl2pE6ASGYYG1sQKSsJRBRdV6+a6yCjFBWEYaCCjUyIAKKFzLJMhhb5kjrEBAUEC23XdtIuLA+8ohSgeB4P/MD3w5CHKrVCtC2T+UULG0pv71doFAipEzvtedyxllygiRRCxOki6NoVTcQpLJrtn6g322hNEjHkqLrcBxEZFuhAslSkhAGRohPLdhwn5dpC2E4Y+DacOJ1ByawiaLX8IYop05KRRIW1R7z92B+haSx83SPifyo6Z9QgJVlIuYCkpu7EFlErNLmFknWMcnUw50PE0pRoi1AMTX4mwnQVQUmcSahnB4+3YhxECG3hpmruikGa5B9qiZDBIEOiLtHEHVG61Foor4MpabmspqLWlNafklpTUj0lDcs1ocJS15auydS/NUxEtCdS1KhKbhOfXjksyB/LtqQWxKIq65pPQ6GyVYloZNB7CjWgJktRB2qHgM9F4Mt0ZBZVt4Uev2RiN5tZXKbigfsh9OHXhmAutZiuwkkvBn8EQRAEQRAEQRAEQRAEQRAEQRAEQfoGZjuMGRMLSnicWERGx7nNQ+V9IpfJbAbKDEPWVLl0BGORK0PIZYDQsogtw4EqOwIEEC34EQ6xXMcJw1QQ8iAMgqJfDIr5vF8shjJxD1eBZKby9zAtgKCl4HtCAiNDmjypBojmM9LiC++i3FeCkOqwuXKXYGWbjReZaGy0SNDEWqRahtEsIFrS1NBKgYMJ+6tAbfInua4o25AWhLByhU7yIJLYyoCQ8jQdvNSYnCMtBdQhtZi0PLFtW63mw5kzehF51nkkE5LHRB1VbbygrhQVL4bTr30M9LLEIaVxRDuyTknsu1HDlO8qbxo2F9oWpBUhROWaFY3L3isrl6iv8b9lF5kKeJci8FxQRirOuF06/pGqK5brxCl09A+N5oT60oocVLTJh1xR+8bI1Wmkeen2rg5IfEc4odrbDczjJFmuPdVr1JlfNmr0G5L3yAAAEABJREFUpqwPsmo1koyZjE81LrAy4ZVuisaXK4wM0ryKEWbBgK7G9FBwxqlKp8OjdaFyqMYqCgvUSkyEHvxqCcOQ+kTYQubfkVYqRGf9EspVxfepqhMEvmfbDvy2Ub+xUHWCIAiCIAiCIAiCIAiCIAiCIAiCIOsZGdbTSQ+YDBtqKYaO5EGMnJJAhzi15EQG+oRKxRJy9bI7Vy/oQ7UQwuNSZMBDCBRaNvxAzJ1L9Qn8Ry1mM+E46u30bOgHqXTGKxb8gucXPQg1qhVluFJmbeEcGiGRkqP0An4JUZIvUK1ggKnVdE91SwnpAK2jLKHRVqobUDHfWDlQ1Xy5OoQ1j4jGGVvK5iQkDso9hpAGnhHCTGijCGwsi9GpYaJPldIbqrP7qGwWnIRMqoasTFsbxHp9zws8bVQTymRK0baU4Y0QRiLD9clRJ1qGi6nQ0WutJaLJkLtOqxTvlw5Jl1xDaGn/BGmm3xGtxp7rHMaSBES3RamWxUTyI1pxckU0TfSSRDsVYVdskiaVIiI6Y6VTwZT0RPehNCWRYqe0MhUbi+IE9tUfREiBmAsncdH2uixamJ88z31XFlVlYUaWUrnUI11OTknUWkxvygD3O5j0q2LRBVZD51VLg2J6wpjSDFJL+1/JjwR+U8jfFYF0T6JGyZi4sOPbhErlieW4ju8HMO74HrdU/+RvJUsPfHAjWdSWK8AABL8dwgB+PVBbyhsZQRAEQRAEQRAEQRAEQRAEQRAEQRBkfUMTaWIokxE/Gnt4iJBZDjEBeGpJJQFXHhBSliBkmhz5drosiFDqDZTjCUQdIdJou0LFH4X2jDAOG+rVdSvlWrblZtI8EL7vBX4x8IKgqHK4cGiNRfIFEXk6UBP4p5Z8rZ7TChFCj193ryVBaNSUif33cGtrC+U10GplUaGUqZEER05k8iN5lqW5gO3YcNrcdNp2HCk98f3Q92RU2ogijGyCGulPqJtSbjcqysyFdtExYWuuLyVCiQlsa6FJdIUQzo2MptQ3uo40FiV5gEiKBUgkbKIV4frYkaROeh3Yc2ocI6gJzIvSQROEJPP0UDNfiLLW1Vx91oSWBJGNCn+UIIs3FI+T5LSRx0krU3O31lLJkOpLteF8Pz/cYoHMkWYqdXtENXdvdDEzyoil8rDJ2x9+QcCgYEUOKWXKLCotkWCGVGj5ni/1h0EAK0JfmLngiRZDWlLHwrVjCvyeCUhAZTKe5mJDBEEQBEEQBEEQBEEQBEEQBEEQBEHWKmXZEqokCYToPAfyHxWw1O4dQkbQbYiqcytUwpNQpj2I3CxkqDHwfSkwkd4lMmcNpSVPEqbUKE7KohnL5SkeSu8TT7qeFOSr7KHMwqMEKDL5jtGYGPcLLQZgOjCf6Gs3Q6SN4BWfRVlxAEf8ddcrjlSFf4GO8IrIhkTmxwh8zkN5Ii3bsiwtPSl0aqkRp8ZeJSmYiObFGWqY8ToxP/rsCe1OooLSyQC6cUIwnS0JWtYD1ac7NlYo61JFGD3GjmRT+mgKEklOTC4rLSSJZScJAQpUUIms6nVrI8LzmBMyYpmRKVZXkKqpqCqvgympKpMW5pMyj5NqvxMq6nicJKekTsukqkwazhcBLRR4OqXdpWjkx1OpripXiphRvt5SGC104iwYNzxfEgSBHEOsSFxGS7X16jC4hFaoUrkJqKxvNlnb+J3I3yHKUoVIZyw5+HBmC1r3NkEQBEEQBEEQBEEQBEEQBEEQBEEQZB1R8pmoDpzL9AW8FAjXPgtURC+fM6pSiED4D4KA0gBDxgpNm0RI4UjAffgIsUb5I5FyBC4DjZzqxDEQa4SFruuk0zzIQiN+0fPyBa9QlFoHLkI/IKqyissGJX3DuqQswDuQaeGwxboIZjHtKSBtbTi3lFTEUjipNGUeDSiXFgZagaGCv1JcwYjxYjDWIEZxwbhK3JPckPJ7iALmRuaiNShae6JaUP1Zr3YG8UEzvaflc+tiE8rVnaCq66MgaLlgpUYrRl8Vm6LoTQt9oEtyALqO74H1BAwOtNAu2tZEDh/rVFPSd9MoqRQhvfY1SZYNvSmHXVnYhBY5MY2S9SUFiNWKkxhRlp1L3fy0fD589kgQ+F7gwdhh20xndEu2I7fFCLMtm9MgCFV6L08Qx1IyFaguxwJmCZWvS2Vgk05YXKZhQ9EJgiAIgiAIgiAIgiAIgiAIgiAIgqx3dN4P4z0R+2GY0LoSo8Qv2MsIaOQ6oiwtmHoVXTBmUwgZOiYCyMMAouQwBbRkAdYNw0AHNCF4KN9bl03IlA7S+UQQy3XtlGsHoZOCn7Rb9LxiMfA8RotS9yBkjFEIS/WCk+S7/msNJb6Ii+tkk/0AFThW+gh5MmWol4fS6USKT/wAzqRt224qbTk2hJFDz5f5lZTDjeD6nIakKkIt0yLBZcZDaklBiZRTcHNES7Ft7bBgwupC2+OQfgUVRjVg+szK0uNUIY2AzHoqTK6ueZV5RO+5OTpJJUANVPCelwmfkt5EG7r6hFGb5CaSzNuUGcUJSeg5elNuMCV9XxZV5djRpIHHSalMotZILQlcj8vQeteKEVRpu7TuJL4mKTFeJoI0EfmV605ikaJZxKSm0JWnzyuqwYJbUkliqfxbkYRQJdOyLKZNgDQyKQ+sTtXYIbUsDJYLrvxOuKCRbA1BEARBEARBEARBEARBEARBEARBkH4ArRu/ixKclFJ/MBNNVOFF448CIUTbsgQXuoIMYMrwYmgHfhiEOtTIgyDgAYQXVa4WZju23C4lFrWEyuOiMyg4Kctx3TAbeoWCXywWc4XQKwZ+IG1UaKiUEIxQrlOXMKOQEKQUkTYh0F5GI0VZUZCNDK2tICqILM+49rlRgWk4F45j27YDsWOfWgRCyUGgw9bGx8FIMWLlUnTtMK3S4Nq9Qa2g1BS8tFW5FRqHuonRQq1DaobXVR+E2SciKrNQldeM81XZ0WUjSo2YGqw0u2yDNN7hZNYrdalzY0Yk4+6RN9FGAOym59tOMS0yhVb0Iv172hOPk6ppbZUMqV9uQHG13dnpZTMpbXESXb5CepFoGZhOg0UaXfGaimsymikbgpZtyyauzJujUufAxRwo6QmLM/UoeYrUH8qUahqpNZSGWUxYVPYtjC4JqVMkQkmx+s1d8MHH4Z+eLHy8ivQto4eQ0w/OTBjGCIIgCIIgCIIgCIIgCIIgCIIgCIL0e2hSW6J1GzSSHpjFiahiMiNP9KY6NXoDqpPpQNhdSlECrkUnoe/JgszFE4Tqx3JsxrV8RMb0lYKEWpYNK9uuaztOmAF83ysWCzLhDhRCP4CWICgKU2WawdS2SRwYpSQO8id3zXSZdOdwRPSFhmUgUvIsUOdVHmwZ+gy1nMh2LNt20xmYytRKnhdKVxstqBDGAiRxtSjjFGrcPdR/QiXSISaoTYxURQWvjdGCkb2wdan5qfYuiUQgtUxNGl5RNo3kI6EucGncUb6Ram1A3KJZN9JQceN+weEWsZPClA0emWEntwnJvEMSSot65XUwJS2Xq6ai1rSmx0mDaY2WScNyAz6e1xH4vEALcEU5jgOjdhAEcF05UlJm6csPtsoo5c2ajHUneq1keh6q3Els4ih3E6LSsckcOlJ8yBiN1FyqJrVtW6b7gQoyO5W0O+Fc6M5AJYsSrnJUycFI9KPcOo+94/e54gRYvJI8PsM/ce8UQRAEQRAEQRAEQRAEQRAEQRAEQZD+S/wSNdVR0BqRbBo7POj4oHlBPY56cyFMSgaq4/PSz0SFCCFaKBydrSVMQ7CRh4FfLCoFic9DQVkY2qFOqqBsHohlSxziOo4LZZpOcz+T8QMpPMnlvUIh9D1tfCJlC/I/oeQNJjovov1gSo6S9MkQLYToK/QGScWJ0NoJsdHpTyr9CwhEgrkyIuA2nCGIT8PpklcRnBffyER05aRHAlVWBfKcMKMqYfDJEoLBf1KtIoxVihSjaG2Gake5LZD1SLT7ViuB/ER2EWrrMHzZJRh5QsQfS6oSarxikm0lW9BiHPWR6zh9zbQmGx4Ws72i43RlSVtunSlL+nqqfUq653ei106UW/I1ab0crEmFviMLYUg9T16ylrlomXQTYdQoPWK/E0IISV7ASSou9YpRQ8+xVKod7Xeisq4Jm9jaDSV5nUvNIqU6L5v6kb9flJCRRdl/4t82/YWCt7ZGqYK/rse/iy84Z/GiBb+89g9Dhw0nCIIgCIIgCIIgCIIgCIIgCIIgCNIyKpjYqIKJepcq66IKjMaxdqK1AlAx1KsQS0cUibAstSJ3XMeGyKPnBZ5PopimtDARwnIcGvJAyJQ88L+002Ay+GlnUgzWSqe8fBFW9IvS+ISHQeB7YaC2qt/E19E5JT7RXTUdM1KU7h2ParuAnjTTz6nYxaYXgFEXqVOmrE1UWg7LTaepighL3YkJPdPq1RNlkqymLi1hfE4o13l4anZwnZAMztdcJjN8kGbYJA63R2uKSHeSaM84u9SM5ce6k1J1cwYilVZ5ZbJhIrN3eSs3cdJvUytWlZHS8NOwLFqYH48bjef3ohwJ4hIeJ5GahJR7nJTKxMyJy2U3Q2/LIc2vnJzNBoViMQy5Lw1OCHGENBphTCa1kcov22RTa6g1SX6s0J2Uy6i0oET+GuA621oof0nAySWMWiROtaNUhGo0YQxGGagpfx2o9DtMp6bSujUeHcx+xYn7u/tu4ZBe88y7/t+e8Uif8sff/mrmjLdrLnJTqZ9e8T+6vGjh/Pnz5oZhWF3tmScf3Wf/g7VjTQWzP5h16Q++Q7rDJf/vqimbbkYQBEEQBEEQBEEQBEEQBEEQBEGQDYkoAp5AmyrUir7L6HeF4wmJs6fIRCsm4qqCq7oVuZQxi1qOEwYpEeq33QUEH30mfTKIzOVAZA4eT4YaLTvQr7c7TopZzE2lbceFhX7R8wrS9cQvwk9RRiRlAJIT/cI810F8bQ3Q40B8MthrGup3Ac6WSUSCa85NzKkVWI6rxvIJfcp1LFjOh3OUcmUsUutOOC/fiFImsVgAlPxfSZR0Kh4pYZFnkUpblEiboXIvkXWEUNe/iPa4FHAnpovE5IKqt37CmsRO5uqJfXjU6ipkS2M1gv5YEZ4nSQeUWpvh2pOCbARYzBYiZKs240Pfi7VvA2Taqq9Jw2ltNQwhdUelxqOVbDG/dTqdcm245bryhTyMtp4f6OHStq3o1hM6U1rcoNHwVVn4kGhEMNd5tEiryFRmKf2LQi6yLBj/HSlbU6N/yEP4rQDbiduh6jZh+neGRVQtoYxPdEYei+pEXP1yRKZ9ZMCyNiRkH74/843XX625KJVOk2Y88sB9V//iJ/sdeMj3f/zz6qWe5y1auAAK6UymaVOFfF6vQhAEQRAEQRAEQRAEQRAEQRAEQZANAJEIW9NWg3hU6ztUeE3E86TJCVNRt1AGCytfRJfuDBA8lM4YlnqPPcV0dDIMQ9t1ZdocleRBShYogVhk6HEqw5YscEMb4pSBs2oAABAASURBVJSua1k2dajtOk7aTXkZqTspFLxiDtYMZL6e0ERLS/IInRKoZRsIXY0SE+ot90mJBQRkINKdIGbpvOodp2XqG2k+o7PBQMg4DHU4GM6P5dgukfIgOI9K+iMT55BIqKEkHeqM0Lhl+bnUuCXFSpZqGRqkRqcB5ZCsVyhTF7PaI0rKko3ExE4QccDdFsm5cS0VQKdGkhVJCCgxaq+EmiDhBlPaiq6rq1KhDFe0AqB5/D26I6oXVN0brRhItBJbr5bL9NiOxWKOX8zaq8aJIQvj66dajUHWjnaEtDCf1J6KWlNaf0pqTWu0TKrKpIX5ZmnXhKCQgruVU97W1gZzcvkc5yIIAl3BtlioNCGua+52HqmmtMxQiBqmJvENEC+i1AymxGSDopGuxYGy53ladghDfki41J1EN4tuUBqbSMGR/OgHPjQgxwUYVuStwaVaa4COxeuVa35zw7ARI5NzvnfeGcuWLW281uwPZv3m2l9CYb8DDm5QbczYcX+++R7SjFNOOForVBAEQdYXont/GFfCRZ+pDBtvha3tbSAtA3+3uPCHEYIgCIIgCIIgCIIgCIIgtRDlLhjG1CH+HIk2qohUGOa9dL2ajAqaf01zlNDIdMQ4O7Ao843FuXqhHaKKjs2YI31NbEcbn3CVXyfwVQxUcN/zQgiI+r4FNVzHhpil61q25aZcL51yi+nAKxRyBZltxw94GMhIZmj2TMc9ZUiUlItk9PPmZOA0CurHuyiSIoCyfU/IWkhJmWK0BKaxFkgIO3oFbb5cVEfHScmJoVbfRHwmq7ejw8pM5crQQIiaKQkJsy1buCr5DlGxZuN6IjgVlBtrE3mEGClXb8hzxKhWp1gQ5jbXR+1zUNXZFmQStUxDatYi3CixotrmejbZcmopTqKlpWVMpf+AgIHgWnVjgvHyJlHzQnX7wJqi5C9k0vEIGol04DjES7XZClXmMlQdOsqVNxCXTTYTGjRTIpRXbPqzjtHygyA/inV1VKg9WlGH9HJKWphPKqe0qhxPRb2p3oN4RCGJ0YVUDUI9LOeG+oWRTGk5LMuC8EkGSGdsC0Zk7ilCP4SRHC5SfQ9ybvQiUlRILKkSKR8z9I2hfauIGeu1s5WSJiqFonRM0Ve3GlktJjVqjFmwlcAPi0Wv6Plh1AQ0z6nughwUbFvaozAqjZDgV4OQRlqwIteuVki3GDZi5KjRY5I/8Gu18SqFfP5nP/5esVD43Be+tN9BhxIEQZCBDPzq+P4dueOu63x5dkB6yhMz/DP/2vnvWTVaKAbkV48Uzv2/XNBrzfTZf+s6+Y+dr81dz+LrdcPZZ599zDHHLFu2jPQ/li5deuyxx+67774zZswgfcesWbNOU0CBbBA8/fTTe+yxx1lnndW4GlSAalCZ9Iif/vSnn/70p2+55RaCIAiCIAiCIAiCIAiC9CtU1FsHvitC8oJUGhNQEz5U+g1mookmoGhJ2wUVjdSBQPig51oqWwqTEUvpg2KpELssUJUqQakQ4F8pJMlk29KZbKatPdveAdN0JmPbtlQBhFyLTgLPK+RyhXzO96UxP7PtdFu2fcjg9iHDOoYN6xg6LDtocCqTddy07boQqoRNCBXCl28KwrZMh/X25b5D1/Q8ZsLBHH6oieiXjkPFQaBSFMHUjyoQ86NkAmo3uxULrapc8gKpo7OgCdRHppNgtLQtEWlv1GlXwof4RFaEksu2FW9aXzHqhOouKuED50GoI8ZSd+Km03bKsWw4yywWA8AlQaWtAZxQojUXpd00V5Q8U/qI0iiXhz7SJSlUAqZo0T6jFWGKkokwoi8aoQ0dVOSb67uDa4VH9XrRzRDvDbHjHCM0SpaTkJ5EHRJl95hRZpXfdFG/EpIZc2Y4TdgNJeL9rM6eDWyYHDuEv3pTh3zAs2siU6K6+o/GepEGapU+KouqsjqJZWVCyj1OiJkTl0lVmfSmLHKDgtwURm1tRaVkYTSVSul7KZ/LSbVfEFD1brXFbO1iFN//ouE9VK3qalAdNgfjs67DuVKb+PIqhl8DLLojeKxtoQR+E4SUcs9X/WF6zYF/Ua83Lv/JDxbOn3vt729sWjPX1fWLn148d87s7bbf6WvfPIcgCIKsBYoB+dGdOdJTxg5l/31o8zRhGvgVss146+25/F+vebtPsUmPePgNf+EKsnBVjb8IUzaZv4J/9DF/dpZ/4JYO6SnvLAoXLBeDMmTbcRYZyFxzzTVvv/12zUXwF8h1112ny/Pnz587dy78HVJd7dFHHz344INrftWZNWvWeeedR7rD1Vdfvdlmm3VrlREjRkyePPmjjz665ZZbfvzjH5O+YNq0aeeff35nZyeUTz311F/84hd77bUXGeDE+RAbV9N1WvpiVgs4fXffffcDDzxw/PHHEwRBEARBEARBEARBEKQ/0SRin4zox1F1WtVE5G6iRAmERoYWpcX6LXdKEvIFFkdTVfyQSRUKEzpZiMynk3K9fCHwAx4EEJeE51h+4FOtbwhCy7Yc15FZXWyZeSeVyfie5xWKXj4t0+54xaDowbrCSCviJC+Eaj8NlZVEp39RGRuM8MF0mFYegJI2oNkTspYUEOsJWlXoBjo6XnE04oVRxg0tBnFsxxYCzgjxfe55JamFic0n5QCJ7plmpe+D0JeCbMzSzzDNJqqS27RmYdI6PTo2VR2ww5BHByuWEdEow44wnRbGol2Lh4wXhtrFSGxCo9Wpsp3Q+YrMJuXtYi5kU8esVL0b/fmqbBmL2YQTqTsJlvBBC6KxhvSzqXYP6uW0tjKGtFauRrbbNS7Ij7IsmzEZYxORqAyuIm0XD5dQoVAMYXCVCrJQp9RR6dAsHoZaeiKiuzRWfFRJ1Sp7kRSs6ds4kowpqxXiUioFhRBn8j11T9iOFQWWYikV1NTRpjCA3wQyE1Cf3vP9js1H2eOH+/OXra19XLxowZw5s5tWm/vR7Mt+eMHcObNHjBz1vR//3LabRGfhJC5uIW9OzZgigiAbMyEn7y7gpKcU/G5VJ5/d2f3nf/zXPuSLVosxg7r9F9K8lQJ6a1vksG1qa0o+t4v7ywWFB1/vhujkz/8uTJ9ddgRW5eRHPyTfuaW2HGdIO7n06Czp98ycOfPVV1+tuSidbi4Vuu+++y699NJDDjnk8ssvr14KX/0WLJC/dzKZTNOm8vm8XqXm0hUrVuRydZVPRx555NNPP/3www9/+ctfzmbrHnZYNHToUNKMhx566JJLLoE/Zs466yz4I+e6664799xzv//97x999NFkQAG7cPfdd8cf4VzDdMmSJbfffnuDtaACTJ977rmPP/44nvnZz3626Z8ZmqOOOuq3v/3tW2+9NXfu3IkTJxIEQRAEQRAEQRAEQRCkXyLizDgmsFgKZdbXXFS+cF4mz1BxduPgkFhfhi8jAYpOwKLSrRgvCB0KtShNt2UhTGlsTmT2HF9le1Dpd3ymcvBwmWfHsSGW6qZTlky940BBqk8KeZjCWvI9+pBrYUwsj9F9iIL7OpYaaSpKUVJCSjHWaK36od0WLTeqVmu8WHSrdm87kDjZyWNVVr38IJn1ElW1yAgqwLnQ1eAMwikg5eIjs7Hyy4vqFDLyelCpY6QXjjQakeFqLhNrqLfolGwj0Zl1gejesbe10IbGehNZkNmn9CEwofdSmpJSbqakfiChJCiZEdEoZ1UsXtG6E0LiO21dHZR1jsVsyqmfG+WEbXzwLGqtCx0JaViumopaU1p/SmpNa7RMWi5XElLRuYXvZxkzihMS3zmRssR1XX0VFZTEK86YE0jFHwyyRqcSX28Vl5iZWX9OXNbaES29UmUqEq/GypxqcNeogSNhvkTjTvrUlzpEHkqzln58mXsBmb00rBy8BZkwnGXd5v0eM4T+6LPZx972F63ueRS2lzz/7JNX/vzHua6u7bbf6Xs//vmw4SOarvLxksUnnzDAAmYIgvQfbIv87Lga0oEf3Z4veOT8o9KjqgQiHywJr3/Uq9fg9Dnh7GW1VW7jhrIPFvM/PpXffkLtOPcOE61NR9S2GHnojSJM99gcfqWSD5bWaH/0YNqeIavzfOaS0Kqy53AsNnFo5Y4sWS0++lgKWVhiiWtLOc7CFZW/COBXtB+SNQUygPjzn/88cuTI5JzTTz996dKljdeaNWvWL37xCyh88pOfbFBt3Lhx9957L2nGZz7zGa1QqclVV1314IMPkoZ4nnfCCSc0qPBf//Vfl1xyCWnI3/72t2uvvdayLKgJ9WEOHJnLFPPnzz/zzDPJwAH+SqwWA3300Uc1FUIV3HHHHcmPRx11VCw6Ofvss+FQNFhXq1dPO+20BgKg8ePHxz46CIIgCIIgCIIgCIIgyDqBkfJ0IbUj1pGnQHcw76iTyhfj48evlJAo301sBiFE3AmZBsdiTAjLsW3XCXw38H2lIJE5IAQXgQ9lj1k0DCwZM5Wv5FupbNZxHfjspFJOuuAV8n6xKMOU8HxWWkUQVhYvFXF0X6jULlX7ndSflM/qPS01tPZFJ/WhNcu1LoX4qOhoMpwgdTakPQEUAs9T5y4UnEReJUpbVCMVjFa0RJtQ6W1kOiSVBkgkUo+IdXwsYlrbsE3MXiY8cmRuIammiYP3cQYjXUHJEOI7ILFBE4KQ6aCIYLFpj7Y7iYUmVCSkXUqxQzZEpBxN0KDYbi/bWbTNpNlOQdexl0ljj5Pu+Z3otas8TsxVRhOXQk/KMLYX20VhS7j1bGYTWnlJRIO0lHQ4jpNOp5XyQ74zroUgQRhQzqjKYhXLzYxbj/pQkiPWsR5pbEki/U6Ipav50plKaFGhDWeZld1neusQkJANhvq3Vv9Vnfzj5eJTbwXV83eYws45pDKk+tGy8MOlfEWXGN5GNx1lTRgqTxPs/aHbOlyQ9cW9d/4j19X1uS986WvfPKfpy8ft7R177b0/6Q6wCkEQBEkAY/oWo2roPLRuY5MR1vghlcO+F5AGPPWe/8SbjWq88j5/5f3ampVTD3Jrik5CTp58W7Z5xPbOyx8G1z5YJHXozJMLbspXzx/WQW44tb3mKucfkd5ranOzh1V5cdLvu8iAYuTIkWPGjEnOafqbJZ/PX3TRRYVC4Utf+tKhhx5K1gkjRowYPHgw6T4rV65ctmxZ4zrwF87VV199yy23wJ9bv/jFL/bZZx89/8gjj4TtXnDBBTfccMOCBQsuueQS+JOMDATgJJ5++unxxw8//PChhx4aP368FtPU47777ps/f/6nPvWpTTbZJNlUXF64cOHcuXNJM5Yp6i1tNfUsgiAIgiAIgiAIgiAI0meUBbVo2avlJldOVI6ioy0gSkIWUbUo0TIhxn6kZH1hwuv6X66XSP2CLdPopFLS6SSUxiehHxodg3ztPfS9wHJkTh6oB9XddNpxHTeT8osZr1j0Pc/PFwLPVy/S84RVRjyhDYQUUVDfuEuQdQEnxhOEGnVOPL8vtASCkEbamRZ0FdXWBkngEOtLQGfnYOnJN8frAAAQAElEQVQ0/CMTd0jLk1DUypJTryMalY7DWCRwfXC0twdZm5iLtfxja9jRATL/GoMTkyGHaHUO5wJCy1ydDKYUJfFpKUlPjHagrFOVR163HdkKmQPTfyPyvQUuBos5Up2weqqTEzQ7U2Ty0isp2ul6uhDSwvxelEtXZOxxEilLSD2PE1LpdxKf9bhMelCmcI/k24S3uUqMI7VfpJlaTo6bKs9OPp+TJlJBALeuFIYx6vs+U1jMohbVF7TpfazbK09zVTPrVXIMjcpyjNCZd+B20MYqYRgy/cuIRsoWrVxUXj4qLAH1g/58gef92qNFoTy4uWCl+PtzhZnlSSW2mci+snd6ZIfcP7b+dvLbF/7o3Xfe3O/AQ1qpPG7CxEt+dhVBEATpf2w3iU0a3o0/nad/FCxYXnfpc+8Ha/Jk3DCy3Xjr9bmycdJNBmc33lj497///blz5/7tb39rWrOrq+sHP/jB7Nmzd9ppp29961tkXXHKKaccd9xxpPv8/e9//9WvftWgwnvvvffLX/5y+vTpQ4YMgZrbbbddcumee+75xz/+8dxzz33wwQdhry+44IIdd9yR9HvgT7LTTjst/vjUU0899NBD48aNS86s5pVXXpk/f/5hhx12wAEHNKh27bXXbr755qT7zJw5E44kQRAEQRAEQRAEQRAEQdYDCR0ILY9n01J6kFK5hdB7so1EhDH5Dr6cJoweaJnpQxSPpXq+nmdDBFR6HPDQsmxHpGQqhjDwZXjU83woc/Wfw23HkRYbjsNs23JsK+U4fhBk0sVcwS8UgqIf+oEI/PJcOvqD6m0spxBltiZ9pDYx+9mkQt2ZkSinB5KCxEpJaVFZIZZZRAWzPRHJIYQgraXRCEMl7tGqE2V5Eqjgcqjjy1J6kuiZiWDHV4v5qHLOmBh3yTVHGTHoZXEfSFl/+wZKEjKCbjZsJ1+wk+ISFh1y2ZzKs8O57LlcILSPi5QTiUrhgjoMpbi+6VSUXkeIUCtykh2Mr5ENGCVIgOGAyXt+9ZZOnovUbNq2RjBRT3GyrqatepxUTWurYUiz+ZXAHVYcJLxNfJ/pG6+BOqykAlEFy7bTjMHtmef5IPC5mS/vWBh+KTECKSoNqKJUO8QoEyskJqpCeTKzaLAo74/JQqXz+1ClOwnCMKSBlBDCCG5ZcPtYygyFqGFAOlJZjLamf1xf7DrJ/nilqMiIAH3fPfEK+6zF4f88XMhVvST/9lz+83tz//3p9KThFll/jBo9Bn4IgiDIAGe/LZ1PbdsN34irHi4sWF7bHyXk5NYX5Kh96PZSo7nDRGuHiVnSd/ztueI9r3pNqwUhGaAsWLBg9uzZTatBnfPPPx+mo0aNuvzyy5t6osBfDQ3y5iSrkR7x3HPP3XjjjQcffPAXv/hF0n1Wr179u9/97o477oC/piZOnHjttddOmjSputqWW2755z//+Vvf+taMGTNOPfXUT3/601CGI0A2VoYNG9az3W9qOYMgCIIgCIIgCIIgCIKsHURJBsFoMklKnfq0u+llEvXLBBwsfoe7FDql0WZZqW/x6jrgyiijjpbH2K70iggDv1hQahLf9z0/DDn8A/FKJ+VCZJI5TsZ1uSBhEKSyxWKu4OULPvwUizwIYXUZrxciobEQuj/xe/iljdcwH+guJZVE3Jwx8NDpZqjeNokkF9XyARP47a4IgvZwWRlJwUnJBqb+9aBzZeh1pPjEtmWaDsbg4IvyZrW4I3H5lWQxuqCVSVKfwQWE0rU2SDYedUJEzgt9SGzo0INTbtP4XCfEOon7SroBUamQUCIJ3XthRDM6z45W4dToFiGVqqWE2CYhAurJhTKwMNITInUJIr857+K24xF7KXFXEcendtgtvQhpYT6pmlbNF+VTWs/jpGpao33SwnxJaFHfIcEQEY4MfBcGNfiB2420fBhFAu13AhS9IvykU2mLMS445eZOjmvWtC6vrZpr6IykxSuubQtXru15XsB96Xyi1rIsk39HGySpZrhtsXVkOtUjdpliw0+DCl5A/vCEUZxYjGw3mY0exBat4m/MluZja/Jy6aXHtFnr8H3416e/Aie8UCjI8qvTBg0eUrPapCmbajHKn67/9ROPPED6gk8dcfSJp55OEARB+je3vuzNWyZ/94wbXDY6C9KSMp02k0avyom817yh/vzrr/c8+eSTl1xySVdX10477XT55ZePGDGi6SqLFy/+zGc+Q9YO8LfHdddd995772266aakm8BfMvfeey+svnLlSvhm+rWvfe2UU05JpVL16o8dO/b//u//brzxxj//+c8PPvggHAqo/5WvfKXBKv2QhQsXNjazgQqkZebMmTNt2rRx48bttddeBEEQBEEQBEEQBEEQBOnXcBJ5nNDyyLgO85Mabhh9Q0N3ilhMQJQIg0WrqOe1ynOFUZNsxbJt23H9VMorSilJ6MvkO16hSLuICw/pMhk35arkPLabTqezbbCo2JWHmoXOrsDzZCaYkJuQJuE0IS0pxfETUxrbTjSEJVap3utE+JXVcjAoOxTUaFBYdGTiwrpTFHRXaaRR+6OyGUlbExmhtl1HSkaUzEeanejkTkZaIzUqsfGMdH+Izntp6zCHCUs2KgPSVhQrh0MinUKiK6pkr0D6jgrlTzPs+LKul0pI7a9yN9FCBCHK7gSjtWElXVhpkbz69Z6b/COEkYRfRelAkIr1NlgBitLCWXBtEe4Qr41G7wnTxJTIm0lOGys8OOE126932/cy9ENp37hZqFRkyq2kO+1VjEf6UoPDmM5kYFylnbRQLMBP2k1ZxAqlrQ7RaXd4dK+qxD2k8p7oxoVGtdxMrcFc12Xq8i76HtzjvjI1chzXtuP0QKUOD+jL+ZG3vRWdspB2yXmHpzcZaU7bu4vCax8o+CFZvJI89a5/8NbdeDu/l1zzi58sWmjeFL/iZ5fUq3bOeRcd8ZljoZDr7Fy+bCnpC7q6OgmCIBs9MPQd++sao0Gofi2f89eu6mF/XcovPlrO73ixtg3JBbfmZi3kTVs4YR/3uN3dBhXOPiS919Qmrh7Aqrw46fddZAPl1ltv7erq+tKXvvStb32rqcdJR0fH/vvvT7oDrFJz/rBhwyZMmNDe3l4x/+GHH37vvffgK+Spp55K6pPNZkeNGjV48OB4zptvvvnLX/7y7bffhvInPvGJ7373uxMnTiTNgD+ETjvttCOPPPKqq6568sknf/e7391zzz3nnXfegQceSAYI8+bNu/baa0kvOPzww5ctWzZ06FAov/HGGz/72c9g91sXncCKX/jCF4YPH04QpBdQ+XW7+cCOIAMLRtenlSaCIAiCIAiCIBs+OnQoY42BsGwd+45sPWjS10LbkPRhlK9WxFBULBXlEV2TYEXF1rnSK+gUJZQxB6KiUlfiylQ7UlDSqQt+0UtlIWSagh/bdiCoKaUPth0G2VQmU+jKe/kuqCNFDGGgdB9R/ofEa4s0SuSiNt78GCR1Og0fhxvBQWnvqpuKo+YiEr2sDeJwbpXESCRmUNpqoLckhzAiJiHT6Qh5pizHckkaFoWBz4NAike40C3LdDyRlEKJe3jFMdGnRuukqPJR0UFz7YmgQ+YljYforlCkLj1Y146OgGClHFFxpLzUMS53Xomp9FWW8HWptPqp3TFa9kEnNdForw0plliHbgnIwETfWrGFCZFGUq4OveQLeS3+kOOmVIpxou8xZXkC9x6Vfiei+l5NDKC08ablP9o6hVDHdqQNkBCe58HmoP0gCDKZNsu21d2tXKgsJl2qSP/FC8m8ZaEW1Y3oYEOylZ19c64x+T96NzdWnABbjrEO28n51yvygL8xN1iXopPd9th7xfJlr0x7oZDP777n3q6bWrJ44cz3Zmy2+Zajx4yLq40ZO14Xzvzv737znO8kW3jp+Wd+9uPv7br7Xj/86ZWkO1gWPv1EEETSnqkxc3WX/IumLU2q3bWCkHQVyDoAxvNfP1wI68Qfxw5lnt+0DVL9uwCp5pJLLnnzzTcPOeSQVipPnDjx6quvJn3BeYqKmfAXyPXXXw+FL3/5y41FDMcoknN+/etfv/3226NHj4ZmP/nJT5566qmzZs0irbHZZpv97//+7/PPP3/FFVfMmTPnxRdfHECiky222OKcc85pUOF//ud/3nvvvQYVTjvtNNILxowZc+GFFxIE6R0WsQKp6hdr6/kLgqwP4MImCIIgCIIgCIIgaw0mg3vRM9xqUUkcBCeNA9999aKhoLXelzfBeKrTkCiHj0iXQCwWZV1gzGYp24JIWZjJuOlUobPL94rS+yQI/JTvpwI3lXJcR9ptpOWLc9IEJZP2C9lCV84rFrxCnge+znJjQv0QVE08X47yvDTbh4Yygcrwa4XVduWKiQOrM3OszYceTR+pNLB7aKF1JewJA5nxyHWgKd+zQubB2QkhZhBJnZSOxFyK1NLmJcnItYk5m4QgOkrOObMsGfvWV4LWnfTR86Eem4PYwuRLkp1mWlNTunoibxe5szyUMVcms5boO63xFgWN78dEWD9aSEo+J4muxxcxPmLY2BG13gpPzozVJ3BHOY6TzWZhplcsQtyFSAMfRmSqnZDajKj0VlIuIETF74hYRxJb78SKlsRGSU2gZvxms+d7SnYSMlZ0pdER0/I0NTgzujZHw15y28vFJ98MdHlwG7nyhLaKCotXmrtym3GVr3FvM9b6F5HRy4Ur19brlb4nU9BVzDzr2zJCc9pXjpk/b+63zv/BiJGjZn8w64yvnTB2/MTv//jn1Y3YiuSct954Daa777XvwEoEgCBIP8GxyF+/3l49/8vXd3YVyOXHtY0fUiXgWxBe/I88WfvcM917fxHvyJCRg9gHiysH5+8cliZ9wR+eLPztuea/2rTufkNljIKsWxYvXvzqq69Wz58xY8bcuXPh745Ro0Y9+OCDpAW233778eOlOvPcc8997LHHvv71r2cyUktVLBbz+bJrNf67yLzukAAqE+WPcuutt958881rL3nQ2mDw4MHQ8wYVbrzxRrIWgJM1a9aso446iiBIX+AQJyAtyAkRZEBhk+aGagiCIAiCIAiCID2GBwFjlpI+sChOT0XJbaHkzdCI8uB37HJRs2pcK7l2jRQiNdYTFf4bKqGKDneyOL0EtWwIR0JALZ3JSMuTrk6vUCh05YIChNlcJ51ypOuJa9k2VMrYdrotm27LFPNQp7Nr1SrBQ6K8N5TuhCa71aLTSOOX+k0zUZqgKtuU5HPsOPNHtRSoD9wruq3K6LHipOSXQ5ShTEAdh1nMSbnMotSDHfF4EJrAdLJXKmYdayjKfBOicDZVNiGx34mOl8tgOI1cT9YT8Zd5cy8Y35Ko21GmF8pDriLoUX6TivRLglbldaJxu0aAkyB2rDHT/huU78ckzX02AmhFSqbyK9B1XZnmxvNgfgC/LVT6m0BwW5jrODImSrgbEeWwo212YsOf5K0oEtPI5UTrSIQyRILRWToaKZkaaSodygAAEABJREFUl0m4BERfmHRJchxliREqTxTSj8l5pf0t1npe7UQjRN7jFWqwQlTftdbWPq5YsXzIkGFNq03ZdLOx48Y//+yTK6H+0Ob1X/vPyzDdY699CIIgSL/h+keKv3+02Hr9akVHEJKb/+3BX2oXHJG5e3qRLK6sAON22MIfnK4lhTUNsBixWxj5lVPWhqM7eeWVV+C3PHxZg/K0adOGDBlSs9qmm26qxSjXXnvtAw88QPqCo48++owzzoDC22+/ffHFF9erBn+Z/PznPyetcckll2jRybaKeP7f//73ipqwy/vuuy8UnnnmmXS6tm4J/vA58cQTCVKfzs7OBx988O67754xYwZ89H3/c5/7HEGQXpMiqTzNG+tQ/FKNbBhQmib4bgCCIAiCIAiCIGuRYi7PLEsmPbEdy5VPQo2DCCFGGaHlHaZ6FFOMQ+GlILdKDhKH+et+Ne/ud3YdmY+9WKKoPY08IaIX6iOTB6qi97K+40r3CMd1Aj/wC8VirhB4gVf0bKfgZtNuOpXOZGwpPbGVACIlzVHyOYim8sAXAWyJ6+1Xy2QqAv0VygYRqUpq74raF2XFwQiD48jqPzem5TobluhIn5h4lJxkzAxaV1kT73JDRVGd+qWmqY5c67Cy9PZwXX2AA+EJpRaRcWceh7/jjpYdZeN0kgiXa7seGaeW3gsqeF2ugiLrHJvzQNkAGG8WiJ3D7kPP1IuNKl5A1QJlFh9KR50A7kJ9H9HSqVA3W6wf0emliPaY0KmmScWu8tisQq5pbmcT5RdhVI8kVjFzzBmTQqAW3rKtump1eqAmLi2i1lrrCkpIA90UT9wG8dGP8iL1sOeNR4rWaXHFHh5KUS5PMiN4abyBQEgYhl1dXUEYEJ/CCGlZlh9wuLypvGv1j9HomXtSXw1mYE6oWJL7UbqhRfR7xNRUWdMgMmfDMzE4G57vwyYK+YILt4nrWhCU05c36795o3adbC9fY87bJqNq9HPcULZ8jdzNZ2cGU0eVBSGff9+oTsYPXys7CN1atXLFhImTW6m81z4H3HXbTY888M8vfKlJ0GvliuWzP3wfhrg//OYa0gJ77r3vp4/CsBCCIGsRHuu8u/MLUqs+ktoP2yJjhrD9t7Z3mGjdPb3GKhffmZu1sLk31Qn7uMft7jaocOr+6b2mNn8FeVVenPT7LrKhcOmlly5YsECXf/SjH9Wr9r3vfe/YY48lSmSwdOlS0hdAU7owduzYo48+umLpiy++uGjRojFjxuy5557V677//vtvvvnm0KFD999//+T8SZMmkY2bDz/88LLLLmtcgfSaQqEwffr0+++//7HHHtPGMHAujjzyyJ133pkgSF8Aj2qyJJsjG85gi2yUlD06bCNtFDMvIwiCIAiCIAiyNulas4Yxh9mW47jMC23XtaHA9LvqMpECYToGS6M8CfKjEJEeIizFE4VxRUmakUSvhlBtVKFji6LcRZhGMc/KJ8Lldg9mTjKMK4zQRC2SOoPIckW9dg/9tJ2UcFzb5elM1rHz0vIknw88j4ehlyt4mUIqnXbhB/Y6nXJcd9xmm+XWrM53dvr5Yuj5yoSCSkUD50oJwOA/GbjXz6+FKPNFjrut+ybK9sQckNi1Q0f2a6g8Kt6A5GbfZa3k10OaPEpCe59Ezh9E1H62Hp0m0iChD2W0epXyCqx6rZobUpqI8i1FnzjgeVJ0IsVOcL3Z8OUXzotgTKXa4fCfkU0QpdMoF/5IH5MowB3l34EAtFCBch2vplGKHdlbZowYwlqdLKMiAUhdRNC0iq0uGkG1/kWUn2a9a5EeROlGlFWLCCzbMqtE+q7EirRKoFSpPxKJkx/5oKxHu5cBib7PaLnr0IZBjy8FnS2lq6urCKMnt1ViFj0aU8aMjC66G5WSSq5UV3BjLso6ArcYZlmuFGnJir4vs+yoFD+UuI5JR9WPr+xdJtvw06DCnlPtN+d4UHj2nWBoGz1qRxdGy5CTu/5TnDbLDFV7TXXIWmDVqpVhGLbiXALsd8An77rtpgf/ddfnT/hqY6HV669OI2pwf+G5p0kLTJqyKUEQBFmbdBbkb/JzD08dsEVvh9OvH5jafkJdl5KJwxlv4Y+GYW3rTmg7gNh7772XLVv2wgsv5PN5KMOfHAsXLpwxY8aWW245bty4uJq2DwEuvPDC888/P9nCM888c9FFF+21115XXXUV6Q6WZc7pVltt9cMf/jC5aM6cOffffz8UYH5N0cnJJ58M05NOOukrX/kKQRIsXbr0nnvuIWsB+BsDLoyXXnrpxRdfnD59uu9LkS78QbjvvvseffTR++23X0XWPwTpJWmS9mgxICHBr9PIQIdSh1gptDlBEARBEARBEGQtU+jKQdwfgog8CGnRYxZ8kqlnLMem1NI5aGjkfVCVH6Hu55JTAOk9Ro/SLU8EJXeQugTGZPoViF9mB1mpbCbttRUL+WKhEHh+bnUn7L6bTmfb2zKZrO3Y6WzGdt1Me0cx15Vf01nsygUehZpSt6CC+DKOL7MR6X0TJa+VBJWHokx3QWliV2it+uWwHtsXtEQ326Y9zrBTC4h78lCaJsBllspkoPFAPjykoQiIFIhoERErS5QTKZtKqTxkl2iUs0hes0R5IMioLU/6xJTtBVn72DwMhW0xwWJhUhR5F7zUk1hSJIU4ermyO1GaG1pueVIHWkpBRCJjIhFtjscOOwRBuo++umxlTASFNZ1rglDeXPBLQ6tApG2RZVV7utRTdVVIp5T4pHZlrcuTv55k/cDzPBgytMpMOAAVdABf1nts6jzzbvDeAjkY3DfNf/g1f3gHXbpGeFFunR03YTtOtEjfMXrMuCmbTIVT+c6br8HHkaPH6PnjJ0zKZLP11tp6ux0232Krme/NeO0/L++06x4N2t9l90/85eaWgkz33HnrXbfd1NbeThAEQRTxd4b3loTVS0P1Z9OHS8Mur3LUn7c8JPXpkglbyLBsH7zU20BxApx7SJr0Bb97vPDnZ5pX4wM2+gm/yh2nUgB00UUXwfRzn/vc3LlzL7744lGjRs2aNev444+fOHHi5ZdfXt2IrUjOmT5d+s/su+++WiPbJ/zyl7/0ff/QQw+tqTh56aWX3nzzzY6OjmOOOYYg5ey4444//elPG1SAs/zaa6+R7jB79uzvfve7L7/88po1a/QcuJB23XXXT3ziE0ceeeTIkSMJgqwdBpHBeZKXeXYIQekJMgAx7w5mSAZ+CIIgCIIgCIIgyFqGB6F0ZOBcBMbAg8mXyC1muTCx3VQqk3HTaSqDipSreB886tQvt1NGhEhabuh/Eq1Tsg5igrTMEqJSoBLlIaEEdsdmVtpxs+mM5/uel1uzupjLd65cBdNie1umrc1OO7brpLMZ17VT6XSxPZ9bvSbfmfOLRel3IgTTli3KqUIaaJRycFT0p6KLUbXY4hs1AFE+llCHsB0nlc2wAoPzAkcqNBqfFtuJvHQUcP0KJd+QaWl4KVtIXL/FDEG9xOZ+wJlFbdMV6f4gTWiUV5Dqdrn8hRnLE85DXzBbOjnQyLym4kiUy5jUP6K0hyqLkTR8oVELJT+gBvcjbWo8gWyk6LRVlmW1tbXBx86uTul3IoTNbdd1ZbKoMNSSFOlxonNfxVd2/etJRFnRYqcfEmXa0avDRnWbruto8xQIVgWh/JVlcxg10rYzgN9n9UMyYTjTohOg6JMFy8tu8zGDWd4TGbfP7shzL/iBLkx78XmY7r7HJz5esrhj0OBLftbkvfDPHHPcVZdfeu+d/2gsOmnv6IAf0gJqlCeDBg0iCIIgiqWdcjCEbyLfvSlfr86V/yyQbrKmIMfVIW0DwEm+I02HKiWe19xLTwKVhw6E/apg+fLlw4Y199nabLPNxo8f/+STT7ZY/+WXXyZKdEL6iEceeeSFF17IZrPnnXdezQo33HADTL/whS9k66s2Y4IgWLRoUfV8nRQGmD9/fk25zJgxYwaidQf8cTh27NjGFUg3ma2Avwm33nrrPfbYY/fdd99pp53S6b4ReyFIYyBU7xK3SAohhW8godgA3TCRDRP55h08HCPMJSmboBEUgiAIgiAIgiDrBBFChF8mkPED+bWEMS6dPCizPNtxw8DnYRB4nuU40vXEtqnFZHicC5loRn/hpjTSDxAlxNAztQyEloQnKvAebZUS0tzBIaa7EoFS0yonDjHZaaiOcTKHObA/6ZTtOIVUrpjL+UWvc1VnMV9IdWRS2YybStmMudmMnXKhmpvtynd2+YUiRMpk8heiMgxBPF+ofO9w7ELts5F4/iBEVd4TkdwXE2MdONKTtaXSUGlwQg6XIJOvLaZcrcWQFh0hN2k4tGTDXGGRgiR29zAn2+T64JxqMwUIkXNuDrrganZ02HVWG/2e6NpTn9hewYPNuSnX5AdiUcdJrDsx2XESViW0ScYQQWvLukyrVET27kxLwqL7Mq6OIN0lTqMDNxUEV5TdSM73fe1xYtLrqJxX8Ask0uHptFgiyvFURvxGe/X1KOp0wLIthzjQGveLsK3AD4q0KIjodtSiHwAjz+Pv+Pe/6q3JN6r20PTgqbeDY/d0D9yyL5PsFAqFl154tr2jY/SYcRd86+uTN5n6w8uuaBzT2v/gw/78x988/++nHnvoX5/81JGk1yz9eAlMR44aQxAEQRQLV8i/XiCst/OmNYajF98L4G/CnTdlGbdSZrGqi781t3b8Dwbbj1fJ3yprO6nNtNnBrx5qSRBjM/KXr9c2eTrzoDQ5qMb8Ocv5pGEDT1xSE/ibYMWKFZMnT26l8gEHHHDTTTfdd999J510UuOay5cvf//99+Gvjquvvpq0wH777fe5z32uQYWuri6dpmfLLbfM5XLVFR588MFp06bBX0THH388aYF58+Z9/vOfb1DhuOOOqzn/3nvvTSYY2piZMmXKWWedtdtuu3W0Jm9FkL4FIvdZ0kYQBEEQBEEQBEEQBGmM4FKWoUPVyiNBRg8FBO/DgIfMskXIg2IRYn5OynFSacuxmG3BJyJrWclwos6CEoUSo/9rhRF16L1FWpMFiEQ3SpoTlWTHJIURUTVhYv7MzWQcN5Vtby905Qu5nO8V8mu6vELRSadS6RTsr1RBtGWclJtuayvmC8WunKrmExIKbrKWCD1R/+ju6v5okUNyN1rel/Ld6gc6gT5TZpTvTkkCQozfCYS1nVRKaJ8OGka6kyi9TiQy0SsTLcGoMJuhcW9lYiV5GpQzDzWXNleaIZ27JnZaqNfBXmEHvgeblRYQyqeByfgHrUi2JOTtl0y4FPuSyL7qcH5ip6NeiiohScK8JXGA5AZIn6ZEQjZO4rvUsqz29nb42JXLwceiV4SyIx1HzHVYNrQLIysrXZzJxGI1dYcm35RQQwDVeix1L1jKkJ9ywX3fg5leUbqtDETRyZ2vFB+a3tKb7AWP/N8zXq4ojtihz3b09/9z1dKPl3zysCOGDB02ePCQl55/9le/vOw73/txzQwrzckAABAASURBVFF+9apV99xxy5dP/vppp3/rl//vR9f96hdbbr3dhEktxQsbMG/ubJiOGjOWIAiCKBaskt9Dtp3EvvvpGtYFX57d2VUgp+2fGT+kcqR6c0F48dzaCr45y0MvIKOHkLa1/Ksi4KQzL/Nw2g1TokFnrFrqEfhbd3VBDM3KXct55MUP/IxD95oqxTd3vOL97Rnv6N3tU/apPCxQ867/eMfs6mb6Upe4dlm5ciX85dCKcwlwyCGH3HTTTXfdddeJJ57Y+HvItGnTiHJHe/rpp0kLbLrppqRZP/fYY4/HH3/81VdfPfbYY7feeusjjjjisMMOGz58OCydO3fuz372Myh85zvfaXFfUqnUNttsUz0f+jxjxgwobLXVVqW/+RP0wBFkHfPPf/7zySefjD8uXboUpjNnzjz//PMbrAUVYPrnP//5vvvui2fuu+++n/3sZ+utMmXKlIMOOoggCIIgCIIgCIIgCIIg/RgV95aeDxZTOTnCUCVIYNJpIuDwkcEcWMZsHtqB5zHHdtKu46Qsx6IWZxY8YGUm/k+jFB3SaSLyF4my3yQD5ZT0uZxCyxfi1ktGEsS8hK+yAUXWGbIGY9KvxbZsxtqk9iRbLOQ9Lx94xWKXnNqu7aTcVDrtuG7ahnI6lck6nZ1rVq4MZNAzFNLpRcsX5KHT+1/KniOlEmWJ5pOPE2s/Pu0H+pK+pNnuJA8CXGlwmixb+iNYjg2LAt+HH3lB6jwbUaoNbV2jKclWtL2J9LUpuekIarLuxL4y0p4niorHUpaqLvfNabD9omdBX51QBBZ14D7iyh5HX/xCZ6qSeq+kB47aC3XlSN8I2GUGEQxtIaR2TJTfSDowT+JUvXAbw61LS0eHh6KU60TtPJqd9DdE32UH78OmKpqNzXi4uuRUnh2ay+eCIPCZL1NBWdS4myRSmqnfLpVCs+RtL8qvRrVClHaHklhmpu955bZC02kYje2i5/lBUCx6ZKAxfU4YK04ci+y7tb3jRHvz0VY8cEHwcsbCcPqc4LkZgT6dd73kjxti7TTJIr3mgfvufPBfdw8aNPik085MZzI//vk13z7zlMcevn/i5E2O+/LJyZqda1Y/cN9dd99xc66ra/+DDz3o0MPvv/fON9+Y/vNLv3fN7/7SmzDYogXz582dk8lmx0+YRBAEQRQLVspfHJuP7kvv9/cWyTa3HLeO/OT33MK68PBMgwrHXNtZc/5/Pgr+3z2FvbawLjois6xLXPtgcVg72WuqNEQ5dBvnkTe9e14OUrb3pT3LBt6//Lvw8GvB/JW8pkynXzFu3LipU6fC7+7XXnuNqJQxev6kSZMa5KbZYYcdttpqqxkzZrz88st77NEoudsnPvGJe++9l7TALbfcctNNN7W3tzeuNn78+J/85CcXXnjho48+et99902fPv2dd9655pproBuHH374zTffnMvl9ttvv6OPPpq0xtixY2+88cbq+YVCQacE+tOf/jRAM8XMmjUrKTrRrFy5snpmNW+++Wby4+jRo0kf8cc//jGVSn3mM58ZMmQIQRAEQRAEQRAEQRAEQdYVMjBoxRYl2gJERvcJVwlIKES/OZVuDQHndugH1KOBZ/muzE1jOTBxmeMwyzbhfanlsFSIUBARzTPJFqiWezDjPqLy7ZSUBzSRY6Ssg037Xz2rcu14jpYoMIuYV/KhwGWc3rZc13bbMsWuzmI+VywWwtDjMAll+FRw6sKjq7QjJ5lsur09t2ZNvrPTyxcEBAhZ1HWZcijK6mOkDcykGDIpXZJd5Yn+9ZY+TxFTGRou/2jS0zTrU21hTXWyl8Txkd4mnEvRk80c5sJ5gevPLxQEnAnlCSJ1UVCINs+jZDKUGT0RE/p8MONiwtQHdR2qcLm+CoU+L/q8CX0hlme26b25ix0EYbFYhE1mmMUsy8hhdLqRWPyh8zBVXrJlUfpa1hHJ5VFgnsSuPrWVB6JbBkMIUovYmCeTycAVlS/kfd+T1xaMoLYtE2WpJG2Vo7lJHkVaJ+mDFN02VCb4sYhlww3FYNu+75N+xqsfBR+vqbwBP7eLiRTmPXHDUyYFg8XI6Yekd5hYKSWxLbLTJCkx2Ww0u/EpT7d1+0vFHSZmWS9u31UrV/7mV7945slHofzt7/5w5CgZ2hk6bPilP7/mW9888cb//d3W22y3w867vT/z3cWLFsKi/z7jZBi+2trbT/76WaPHSG//c87/Psz84P2Zf/ztr8767++2uN2nH38YRt50OpNKp4uFwoIF8++67f9g/s677FHzrW4EQTZOdHqdLUb3gbouZvpcKf3eemx/H2qemSmViNtNqLHvgzL0smPbvntL1z+e98YMpgdvJV1Nujzp3XLSPulXPuh8bkbwwHjv8O37tR/GxRdfrAvPPfccTPfee+/FixcPHjy4aTac448//sc//vGtt97aWHTSoSAt4HlSqwqbbqVyW1vb0Yp58+b9U/GCQi89/fTTCULIl7/85U9/+tM1FwVB0Dh5XwVDhw4lfcTjjz8+c+bMnXfeGUUnCIIgCIIgCIIgCIIg64+kiQJRMUKZjkTG+SHY7wtKA2bRMGDS8sSybcf1Uw5MbTdl2Q4EBCEUSDgjjBOjUogijzTyFzGtx8kWyj9XYWwhSBPqxtJF1ceSEUYiJUs0M92WdVNu2oenkkWvkA/8YjGX9/IFx3UzmbZUJu2kXDuVclKpTFtb16o1nStWhJ7PlGBCkMhHQustotf0q7KbDIBkJ3QdihMSiXHK/pHBa8uCWLPtOjrDhlSNaA8dGYIuDyLotE4JrxvTRKzqkFYMlryUlVmIyc5Tut616IVGS5rQytGxoaVAmjEUIUYOUMGkewOLcoowQiLxSVLUozev/SSYduNhpSuU6nxOta4hEe07JZXqLWMRg7oTpC/QghK4pDOZDJQL+Txc5/oChl8B6s4USt3FteaLJMyFWqFaexi5EgktZZRCSdtOpVOk//H6bA4/FTM/u4ur77pZS3i+aGaefIBbrThJsu/mTmeR3PGCjJAtXilenxv2xuzkjlv//syTj2bb2s4697t77XtAPH/yJlNP+cY5v7/uqrfefH2HnXfLK/camJ/Jth197AnHHveVQVFwbtLkTb77/Z9cevH5w4aPaH27015+4ZEH7quYOXHSlBNPO4MgCIIoVuTEewu000mfCURyHpk2K4C/ufaa2q/TzwQheXlWAL8j9tmsdj9HttMLj8r84B/5W18o7r+5rHPi9Z3bTWaXHp39zhGZi/+Rv+FJb9vx9qRh/V1bUygUnn322Y6OjnHjxp122mlTp0698sorG4sSDjvssOuuu+6pp57617/+deSRR5Jes2TJEpKwWmmRCRMmnH766fvss8+3v/3tlStX6pmnnHLK5z73uZNPPnnkyJFkI2akomLmRx99dMUVV6xYseLXv/61zkmkgW833/zmN4cOHfr5z39+9913X0vfNuGvxblz5xLlWEMQBEEQBEEQBEEQBEGQdUhShlGdeyPSjcigf5QRBOKIPKQBY17o+YHnWE7RcX1HSjFcYtvM4vJNd0v5nehIN4mcVBKygjj6XZZroc7DpwYPpbrxuEpU7WQU/4/ym8h0JcyxXYtZjuWmXK9YKORyfrHoFQpewU8X0m467bppqJIZmnbcFKyZW7Mm9DyZoSiyqNBhVpndJdZA6Dw7lJZ1ZQCIT9YygpAqzxSji9Cpcrh875+xlBQzURL4vkw7o6x4KOEJnYagJncSFWViIhLLNLT3iRIHKRGVzksTpexRlePz10K3W8CWm5E5mHzL8i3bl7IsW8XgucrGJK8SLmjV1a1uF27cc0Jisouw2PdB7SLhDbetd0nQ0rHQ8XopeeEqVUrNnUQ5CtIC5hcCN7oTKOVyUqnAFPKqDdV1q013hBGpNAgt6OxklTNplE9KfWTyBi7debAhx7ZFqr8MopNHWNVak2pmLjaJdYa0kT1biIMetJVz3yuep/xc5q7olejkhK9+benHi0867czRY8ZWLDr62OMGDRp08GFHQHm7HXb+/PEnbrvdDrvttU91LHCvfQ/4xTW/22Hn3UjLfOGEEydMnJzP5QoFKU4aOWr0uPET9tx7f8fp12FgBEHWJXe+UvRDMn44bU91+w8Rz6/9i+CZmb4XkF2msqHZfv3HzYNveXmPbD2hUT+3GmP94Oj0VmNt2yILV8m/hJeulnu9zVjr2D3d217w/ueRwi+P69/7SciVV165ZMmSI444YtiwYUOGDHn22Wd/8pOfXHrppTX/PFi1atXNN9/8jW9849xzz/3hD394+eWXb7fddpMnTya9Y/bs2UQlu+nOSmTp0qV/+tOf7rjjDvg7ZOuttz7rrLPuuuuuxx577NZbb73zzju19GTUqFEEUdIiOFZ///vf4Tf+lClTFi9enBSdfPTRR3AwX3311ccffxzO5rHHHnv00UerjI3NKRaLpDVeeOEF6Mbo0aPhSiMIgiAIgiAIgiAIgiDIeoNGP5Fygpi3zIkUVZTMIWApxBXDgCvLE8t3ik7KdVIZOXVdmQNBqk8sBo9HqY6Zq1C5EQFoIwahstv0Yd+bPW0tW177GTW1bK0XkZmDXMdJpVw3DfGyYi7vF4th4Pt+wDMilU7DHqYzbSPG2fnOjs7VqzxZwZMiAyk/UX3hNTfRPC7ZItqWY62yLv1ODGqXTB4cEglB4DpiLlxDcIT9QlG9hy+080G57kQFqTkv2YLo1ZlxodEf5XIWh7C1/YkQlXYrjTtJWsE2NxEXcNVA12XbzKJq00RfH/KtVKZFNsmAuiyrjEAmR4nQcX7zqd5ZEUZPVSEjK0tnlGyFIEgv0NchY8y2pZOPlKGEobAsrudLNxKdxsz8whBCtChrMneyEMnqcSatuI7WnZD+wae3dyFeuHh1k/H9gyWmwm5T7VaORcomO06xXp4pRTwLV/bql0cmm/3uxZfVXAQHUytONKeefk6DdrqlOCHK1GTil6YQBEGQOqwpiIdfl4K8L+7Zkxwx02bLdYe0l80MObl7mgxRf3q7dZd3ZubC8FePFBpUgL/7rPKhP++Tfzwv7ayO3a2sn35Yue4uk83vu9fmSh3ihOHG1+S43d1n3vVmLuT3v+4duUP/TbJz55133n333YMHDz7rrLMymcyvfvWrk08++f77799kk01OOeWUZM3Vq1dD5Ztvvrmrq+uwww47/PDD77jjjunTp1900UV//etfXbfn+zh//vw5c+Zks9lJkya1Ur+zs/OVV1659957n332Wa2m/cpXvnL22WfDnz177bXXjBkzfvvb3z733HP/+Mc/7rrrrqOPPhr2qNpDBb60VPwBkyTOEgiFBinn9N9apH+zcuVKOFO33Xbb0qVLobff+MY34MxWCEzhdMPJ/fe//33LLbe88MILV1999Q033HDaaad9/vOfb7CDU6dOhelrr7324YcfQgsN+gCHetasWddeey2UG6dkQhAEQRAEQRAEQRCN1EiRAAAQAElEQVQEQdYKcfKasnA2NfFqEVlFKM8EY9wRJ0xQwfqAB/AsLvT9wIPYespNpSzHsVOu7TgWt+AxGbUggm6JeHul6VrftRKtxdiVFkanIoGAqYCnfKlMxnFdvy1byBe8QtH3fB6sgUIqLVPtpDMZmWUo5RRy+Xxnp5fPww8PzdNFczxNgpeqjdE+OAxrSReyFuUm5Sel4hhEsWlSoZ2QyXHUc0u9VEa3E5qeZG8rUnPEZjPUWIpQJn1SlORJRbWVqENQlb6nvAP1ae3E2VpUBe16ngdReWjbctLRjpVZqpS0IPEm9M3GtVuJMZdI7GmtLghh7tREu1XVomWtCgAGDhveHvUnTIamhJ5LuQTJmRAngKCCjMeEHO7MQGXekTrDaOiLdSekXEdSvoFaNlvR9hKJ0GjcmQbhmXWPa5H9tmhu3TFIvYjuOnXTKFQDNV/9IAxCMrwdr28EQTZA7p3uF30yeSTbf4tWB8YrHyosWM5dm6zK8YUr5Jy9ywfVe6Z7MH/SCLbblHUXql+6mjz5VtCtVe5/3VudJ5uPK/VzdAeF/VqTJ799ojB2SOWvuXkr+PPvyk1sP8HI9m2LnHlw5rK786S/snLlyssvv/zRRx+F8o9+9KPRo0dDYfjw4b/61a+++tWv/u53v9t+++132223d999d+HChbDopJNOKhaL7e3tZ5111rhx42DOD37wA5g5c+bMa6655sILL2xxuw8//DD8BZ7JZNLpdKFQmDdv3v/93/8RpUWo+fcD1HnkkUdWr169Zs2aRYsWvfXWW7Nnz9Z/wMDfOUcddRT0VqsfNFtttdWvf/3r6dOn/+Y3v3n11Vdvv/32u+++++ijjz7llFOS0pMf//jHDz74YNPeHnTQQY2XXnHFFaS/AqfmlltueeCBB+D7Dnzce++9zzvvvClTptSsDH+/7auAwwuH7oknnrjyyitvvvnmM88887DDDqv5/RMO9ahRo5YsWfKFL3whm802+I4KJ1HLg+AP0eOOO44gCIIgCIIgCIIgCIIg65pIUUL0IzhqFCdJtwSZ5EB6M1BdJ8qXo+LbSpPCBUQgfXi6FwSh70sdhu/arms58GNbjmM5FrNsodKmJOLmtYL3fRlYo3EAHrqo3FaiTyJ6lz6xTRUZ1QFNWRLaMgOCqpZ8w8yC/Un7frHoF4LAh9hqzipCKchkM5m2djeVTqXTOXhUyUngFYnK4BIFWnU3eJysKN5i2c6KevtAm8ykfaFeqUO51CE5P9pyN0leVqWsNokFFRuLxCJyvrSfkYl1qFcoEHXNyfnq0bHgymBBHYmSt0L5cVYZdrisz4XegyivjjwpTG9MlOx8GtDK4bblHSW4NoHwir6M2DPipmUaKq71WgQuSa5j+bpFXtpnc4AsKYqhZWYsChbtmV7FmJeI6OZMHECij4n2n4jcTsz2aa3doi1dTNUXhe5hcmXWwt3cXONTZ3NlS6v3u169Bgvj4YGyxHbrVW+p2y3u3YCgNFwaLxNZgjEfrnAYAwM/CIOg6BVhaTqV4mGonE6U0RWNxnqZW0pd25RW5BozBT3aqOMfX05c5fIhkSFQUvvSr3QnrfCNA9LfOKBba5Btx1u/O6Ul53kEQZCBSDYlpyfu6zb4FT16MMuluRUN+cPbybPvGH13W4rsvpm97+Yl0Qn8jXf/dBn8/sbBKbYO1XpbjmOf372RD8fP7qn0Qfmvndw1Bb7r5FLnXZvst7X92BvBw6/V1a+MHkIO27a0oR0mWtd/rW14Wz8VJv7tb3979NFH29raLrzwwgMOKP0KnDp16jnnnHPVVVe99tpru+22m87TB/Oh5gknnPDVr3518ODBuuYmm2xy2WWXfec73xkxYkTr233++efvu+++iplTpkw588wza9ZPp9NPPvnkU089Fc/JZrM777zz7rvvfuihh2qtTDU77bTTH//4R9jWb37zmxkzZtxxxx1QPyk6sW0bWia9ozf+LmubMAz/3//7f2+++Sbs6RFHHHHiiSduttlmrawI5+KKK66YNm3alVdeOWvWrL/+9a+f/OQn6/md/OQnP7n99tuffvppuE4atAl/H8JFsvnmm5988slbbbUVQRAEQRAEQRAEQRAEQdY1InqPnAuTAkcLMiIfiii+p+xNVE2RDBPq9WT8T4RccC/0A3joEwQp25ZmJ7YrE9Uo6UmKObZMuGNRalGpUjHWEkRFwnWDMh1Jsmsy/FjnMaoohciVqiNuIdaZEGFsXKiOTorka/OUlmkezMpyLtP7RE2vdBoby3aYZbupdNZ3i4Vczvc8r+gHwSqIumbb2hzXtS2byVQuVhEenPpFv1iQr6frFClSv2JRI2sx4ohIfFIKyVZQFWc35jOU0USFeD2aFNlUoeL/1GxS1GpfpUEyWhxziIjRCInkOSflxzjeclQk5VdHPaokC7E0hCZm6ERMUlkiD6TF4CKCywnmBZ4Hh5cS7acAFazoCMmDYLLnSKlRtBcl3QlREg/1w+K9FdG+EyWuIk263sKjfTrt21+IDqS8puF2sB3LTadTaRf2hFgq7Q8VTHs26E5VSm+k4kl2n8lDwPRRKM8eZHxhaKQhqXJ60X4UunGbam2N7FBC+1Teb7hSW1ATtVKnFdFJi/SJ945orQ3RQpBK3dOkj+inyonGihkeGvES1wQB3JCe70H4QY6ClgUxEsu2aVLBY5k3s0ViuFCmPqVRX5g7tSQ6CfVIKUrKq0iFpmru/S2YjBvbjUAU8HHnhiMGQhBkw2ZkH7kcremUwdqO9izpf7wxL4ytO1oh55HlXWYYHzuYWlW/Recs54+85Z26X2+D/TW57vHC6x8FZx2S2XGi6TP0/09PF3eazE7Zp9EWz7s5B7+4rjq++SlYuEq8NT8Iq35T2QyuB7bteMsaOJLLXC73s5/97Kyzzho7dmzFIvil/sADDxxxhMnv9utf/3rHHXfcZ599aioPpk2btttu3cjvNnv27CeffBK2ns/ngyAYPXr0xIkT999//4qEL0kWL1587733jhgxYqRi6tSprSe1gX154okn5syZc/LJJ5ONjEWLFt12221f/OIX60lzGgN/N951113bb7/9lltu2bim/nuzQQX1VWmAyZERBEEQBEEQBEEQBEE2DBYsXArTXY45NzGPJiPqZdHtOBpOmEjGbkshRR0Bl/IAvZxBxNGWNicy4Y4tXU/slGu5DnMs5thKJaCTiJRenI+Igp3qtXZCab2IcyyeSEY2ywURBiM6iZIzkHpEioySH0myrtEniBAeX/oAhFg9iJc6ch/TKYixMibf9s/nC/CQM9dZyHXxgJuDZzQwyWdlVIhmDg5lS5VSgJZe9VcnIrbJMHKZOg0yUWbgULN9E8gt5VFKHMqkMoZWBOVNL0yNVqMjUXAZTo2olYEo2i9i9ldHmtVJ8Ite4HlB0YPDWyZ84SLpwSL7yaJWpOCEJPIdSTMaEfmaKFsaolPtlJ2iXhhV0P985zjzbJRyYVIEMceVl4qTkjosYgQhWuqkzmgcTk/ce1Secrl6UneSrCCMl4m5IqpB0YkGRSfdoonohGtJn0lMBVMRhL4aF2EQhPPluirFmmVr5ZO6yKM9jRReevSqITrRdlRqxTDeHpTD0t1p7oV95C8wFJ0gCLKhsjGIThAEQRAEQRAEQRAEQRAEQZCBSz3RSZkRSGxFYmQIEB4s9x5JChmU4Ymy2xBKISG1IBAot2xHWZ6k7FTKch34sVOOND6xLakLMAF0VtZM1LoWGjSJOKvVSz0kNV6CSopOShuqDqomRCe0qkOmvrZ34SEgE+34fuB50LBUE6QzrutAPd/z8l2da1auKnbleBio7BA6yM+T+V+ahpuTHY7VE0p3ovuzHkQncb6bxFo9F53o8186rLX6phPoxPYGRJoshDK8XSj6RU/oMLR2fSkXnSiLEBqZ3ZSJKURkgiNEwkFBFzgRySQ7PdWd2EpTJSKtjPS70c7hKmsO3BZMxeAjfRUXJbee8qOkzSQoJ1KnJQRT+XqSuhOinE5I34kgEKQp+o6L7w452FuWyrMmZ6k7NNBKO1v6nRi5n7louSDxHNJEdseUsEVEYizdiBKghJZl4UWPIAiCIAiCIAiCIAiCIAiCIAiCIOsXEzQsherjLB1GGJFQSJiofKxGUXO0wiOWM3BZjl1CeCjfTQ/CoOg5qSD0fcuVZieh78BHK+VSy4b/KGOk9H672VosRKCkicmB7CHV3aAVziQ1y2V7VNkWiXaOltQG1CyKhQ3KWkW+Z59ynND1qcVCaXvihzwMeCaTTqfaMk7atV23c9WqQlcuKBZk1iEZOyUqBQ9Xx61HBgelUO/aCrfG5jMVcou14Q2gzh1tqW2dFyeSW1i2TVJSjBESn4cyIY52XtBiExolfUoKkGg80XVoqRQLT5QxitDCIEri/EyVtHLobWmZweLIurmeVR4S3/Zt7jiM1na6KcXmzak2TjDy8qEWTFWPpdBEu8SQSJvSqDtNpVsDn+oj0ONdTjZV3UhJplSnQr2mGjTYuEL/RAtB4CLk6ppkFrNpSU0ShqFxMFJ6lHhEjfZOXsFahlc2EMa/imIZVZXESteK2kcQBEEQBEEQBEEQBEEQBEEQBEEQZH1SpiBRpWQcL477qTfNzbxYgFKmBimL/onIdoQS4z0h/IIXBoEV+JbvhL4LZTvwmMpMY0P83VKmKdQIEES3FBUqyKnC6iIxqzIc2e3gb9neGR8KGSVlevekTYVKfSLcdDqw7dD3eRDkcznf99MZIJUdNIhaFiz1cvliPufl86FSRiS0PbSpkUbSuaN6t9cKtOqiqPWx7zC2InVD7XECnUh3In1rmIlLe1Jf4plcOcbUROjMH+qCEPHqUucTxcQpqTDyMboTlSBK6TxU3nCj8BG1+tMMO1FRtaE6wyFSTrhv2Y4bMOrI243RUpuUxJqv6HCULmVteaJ2nbCKFDDNjE5oq90ekETWNNXqDf3T6pWrV+e8QnRSORSYa8UInMyhraNNqSkoKRMVVUhYetDtZOdblGHQUud7iEhISGJRCKPSvopEF7Aygwq0W4lldCfx74/Sr5Bkl5MXqrmBSbydyOmI89iaiCAIgiAIgiAIgiAIgiAIgiAIgiAIsl4pDzuyZFYZkozNJ+dVIEhsSaI/y4ApMWF2swmdJERmF1F5aQI/8D3bd5ljhSnPTWVs12W2wyzLJGqJgu+l1Dak8V5U9Es02N/uRiqT9QWtXMSYRR3GmB1altq1gIeikC9A0bEdy3GygzrS6XS+y81ZVqGrU4SheseflbLi1PPTiLpctjtCVJm/sAEjKKiRl4e0RBSC12F1464jBT0qPY9F/XyRkEhsQkoajJJVT6QBMNH8yLiHlIezS0ogKmUdSjTApMNIBS0cb7ss+41qN1Q9h4h5sViwbItJBwhaylAFlSCYbuxPyi5Tan6ozqikpGE61wiNTE5ESV0TNRYVqNlLSuOUQmtPQbSW1nVN2QAAEABJREFUaHzTKjmOrMEjCYdMNkWNOIkQ0Yq6ItaIBCISNSjkaUpIfLhKIaPFeWorJkVYxVZMqibVMR7JSnRFi7FkJiWuNhfLU6SDkrr6KElenSRKK1P3aIh4F0hd9Ukp7RQzebJ6oG6p3G7Cr0d3klkMBj5mw30JA31YDHxHqQ9tyyYq804kUqFwaGj5qGq6zYxXSqnTCelVRQFBEARBEARBEARBEARBEARBEARBkPWITG0TIXgi+l6fClMFE/QmZYFDE/csSQVEnHBHxhwD6hWLduDarhN6QVAoOum0k0rbqRSzbcYsCOUSahldRiK4CM3xsk/RP5Q07XnPQqsmNFt+ACqinbAYum3bDkSPQ/gv8IuFYteaTsuyM21px7GhYDnyB+LTsIz7QRiESjshVO4IZmw8SG01A01Yo1QJUJQGg9Le+J5UuYyImhIeSsplDb2hyr+l4uxUnqzKDSvLE6KcFVIuHFiYEXo+D0yAv9RCIiAus/BQ7VCjuyAqNkRpZKyghT1KGqCOLi1zoxCklAWqPjalVWY7KsSukuyE+VwOyplsWsffuVYiWSzp12O6ZVRGSYkOjXpJ1R4ytVJYsTlasqyhkQxhgGlNWkErTkhmcHaHw5xhExb9639Cr4sxOX6oO8/qlu4kEGLwwd/Mz5+x8u2nSOBJSRMMSFqjoQ5hx65H24NHLXvpTn/VIiaXUtiCLSuU3zNaceK2DT/ozOLyeQue/AucflnfkidZ61T0hUXbRozY/5TcgveWvHgHURoXlXGM6Tpag0KpyeulHVa08VTyCjYeLcoLR01VH8qHEz1IWBZVm5D7ZCu7phYPTgWJ/FQkGtxjVxI5hsOvE8sSQRByJTSUYzflsScKl11UsqA6ZyL2QYkMf6go72cvtTIIgiAIgiAIgiAIgiAIgiAIgiAIgvQJZS/nVwXyWnmXXERuHaV30RMLKUlE0aO2pTKAcb8Q8iAIbI9ZlpUvOOmU7aZS2ayTTtuOyywtKjDGD8LYOQjTHNWqAxp3uBS+FE32tEGwkjZMYxN7SVQoNHRsmGh3DBlaVSFTaWDgFwpFiK7aMpuKm1UR3nznGq9QIJ4nE62owKvy59BHsUJ4EW8s0lgY74PkxvtARtBK9JbS3rmplB/8RFO0xU2WlDGxq4K6uqjyC0llMx5lAfFC3zexb2HEIom9EyRhIFK21zT+X4XgLcpVXF8lBpFXqzytKpCvr8BWwt129a5ZjIpIvBP4QbFYdBwb6imtifJ7EKYzLBnQTxwDFa4XhJmdkNl2zHVPqw5l2Rx925QcKciGRpBbZXWMYNkhHbv917xHb4Q9dR0r7cjT7dhGd0LqnzetXAngeI7awhkyjqUHzZ/2EOEhnJn04BFBYTUl5iIY3DHSHTaxyGHI8qBhx7JSapyiiStNa5SCkGem7sPS7V6xsHJNTprmUAqdgbVspVPRlYdss6uVHewF/srOPJEXCbN0BVVHmrXI4UWJWiiDTsphg5MwkfEMupUes+nwHQ5J+qDUczpZ/J+HvKUfpmwbjg9cpNVymZ5Do3FMDcewt/JusSzu+8azRO4dDPaWOUqRlUu101MysY6pbO7k0km0bXvDu4wRBEEQBEEQBEEQBEEQBEEQBEEQZMCRfF+dclJPBJB8wbx6qYo0xrF8k+eBJDxI1AJR1pRQaSUCiOsGcqZlB55nOXm/WExls2467WbStu2QyBZAtklVtJUmzCCoCUGysnAyrbLu6EuTBxpPknNKuhoKgWiWsi3H8b2C9D4J4bAG0CnbttoGD3JcO9fZVejq9AoFrvJMKPWJEtOEolx3UtoUrRYUmKwWZd3p/y//lwlBWhOyxPVNghEzt+wk2ClX5y5RZjNBfIVUXQaRgYKK+Jf7JsQlmdpDBs1NopZSn2U2pSojknrY1bOg0UBH35WYSkquPF8plhwax/713vKEUIsSk64quq+Y8ogQ8S4RQpqZ/GwY4flYTpE0G5LGHkL4QbDomVsnHHFOxyY70ZHPrp7zTsqxA9fJpuUaFtM5barEDTShFIHbNORDNt8LykvefGZNl7SiyQ4ducVnLwzzne//41KoGiobEahQ8LyugudYVtoVSiYimEnrQ2P9SmBlOqbuAZWzYzbf5riLY+cObV0SFjtn3vMrGOAmbbobzB00aYdtjts86lWpbx+//vjqmS87Nhu99xc7Nt215mGZ+eAfPJrKjNqUtECRumu6CpmUm+G2vLJsmjwIvSR5q1ClpnIcRx0QebErBZCsZtt2SUlI6g/NtfJA6UNolm+A6ikEQZAS/f1vOgRBEARBEARBEARBEARBEARRlN6WJ920s6gI55NG7ZerQHQ+B2Jp6YSM0MInP5C+DVKjEXjFYiqVLranMmlbWkE4FsRcKdNWIDLOmNDJmK2IhB9JKTpfbkjS64f3tExeEs1MekdEy6WMwHJt25LBVt+HXfI9mffFdR03m6GWZcEyJ1fM50I/oMyWkfNQSDkNj5st8+cobSLe4Vp96z3mSJabqfSWpJtOdHaax7mrbU4E0Rk2REXbKsYtsxepqp4o8CBMVFCKDW2PE5WIuui0f4R2TKnuUnKL2mBB6BQfUay7tmlKhK1D7ySKxJf2SkliYOPQh2KxKCURcAm40Bdm8qLwhNUJMeckbkGlTxEWiX1emksG9E5XuuQk97NWub+hNUDwf8iVk5A6DkSJTmBO0Q8Lq2fTaQ+P3+PT4/Y66qO3/5N2bC8tk7sEKce1Qyk6oSW7FzkAMZPFSzceQmttw9JjNhNh8OErjxfyRVg6eAup5Fiz+MPOvKfFdKHSA+UKfme+CIOTPBcqlQ9z5N2rLzbZpZAP2f0z1HJCrwBjWmbwCDjlXq4TRji5M1CNOSs685vu81krlQn9YsjDVPtguA6gvu8VY+udQsBzRc/llpdb43euUOtaTtsg2Ehh9Qp9ZFatXpNuk7XnTH/ijYduCmSOL7HV/kdvs//Rbz99zxuP36X2l+521Imb7npQV8FbnYPNyUHXVsYjIpLLkB5By29vI85Soi1oXl6pLvGV2Yl0fwkCYQkltGJmvKwzFiTNTiruNEGEEL0al1hC1oUgCNJvYag6QRAEQRAEQRAEQRAEQRAEQQYCZVKQms4QjdZp0CwVNYQR8avrVBaYTmZCIOaugscQRfbDIGC+NIAIil4xl05nMk46nUqlLUfmg2CqpjC5MgiJBAGkLJeIKN9m9cxeUbH3NNpfsxmdA0gGtyGeK90uILoaWjQMIOjKC/mCDHbbdvuQwZn2ttUrVuZWrw79gHO5lmU7XISRoKEUHC87fHW71XPdCW1ik1G5oW41XSpHlhwlVVB3HBaSuhPTrC5HF4NMR0KZFGwIUszlIahcyrikYJTyhGkKUZYVyTqx1QhJXMAmb4pyyWAqYYjQiU0aKk6IcjoR1ftgWSxp1RL4gRSOMJ8yuAssIU1MpK7FXNKlLVQ2BVeT7JXKA1TvMJbshqKPpXuySgeU2Of+qDwxihPoYXqQ9BEJpYNQGClPQsp9EhZJOOe1fw/bco9BY6YM3WrPFR+9x6RgzSW2HViWxbRmTfncwDiSXw13pWNb6rTK8cgPwuzUPWFbi2a8tHrFctgELBg0XrqPLP3o3VVdBW3MEUjnItJV9NfkvJQT6nOq5EsECnpcghs6veX+bRO2Cwq5J/948aKF83c8/Kvb73fUe68+89ydf0o5Fvy4jj18/CYTdz0MduLhP/x40Zz3x265y6e/dtHq5R/f9avv2lSkHDubdtKunMIW5794z7wX7il4PmkbtedJP8qvXnnnL86G+ToRz+Qd94ay5/mr13T5oTwsBalnIvmit2L1GqJSOxU9DwpFT8ploLuuDd2wUzD2WIz0EUkjI+07FCfT0TKUWCpkWzY1uYPqXm3mhJUcUUqiFl3o8YXqWKQYEARBkH6ObREEQRAEQRAEQRAEQRAEQRAE6f+UpdehlXHy5NLEvPrCFJMJxFQktShVL8XEVWSRwz+hXJ2S0BchxOM9LygW3XQ6yGRgmiYZCCKbV92VbEX1CkLAls5YodtUQcmyHhulS0+9TsqC/3XUKyKZ/IUakYJy05C2Joy5ls3DIAiDUHkgcMEs2021DxkMgddCZ2cxV4B5UkhQdqCqdiOaT2sknegDoUCNtEQ1XFZ6S1KQVH1OSvk2aN3u0cRVZ1pQEW1Y6KRcuZQLv1AkcTVh1CklxUmE0mwQHcDmymYktg4pJS/SbigRcDVxpTtJ3hPVeiCdtoSoIHuZqqN0l2nfDl/prCxpOkGVqoUwEmfxMcYoicY5MVc5VSF8uPaZMj1hpYMh/9VilPgYRcdTH7549ygXPN4J0tfwFi4b1vJ25ZEZNHroIWe0UnmPY75JGvLenVeJlQtTrkg5OvMOCak9aKrMdPP+8w8Vij6cN0bp0Ilbw5z5H7yzoiuvhS+hukq6Cv7qrqLrWDDHUqYdcKJdx5ang1E2dNLQ7Q6Dam89eMOKZUugsef/edNmO+233d6ffuelp5Z89K6w3Y4Rk7Y88AuUWW88dc/82bO8IHzv1ee3eOPFTbffc9v9P/Pqo7fLUUJ5qAShJeySywtRpwz+6SxIEYnSjliB8vYJQ5H3AiU64VocA4NN0fOJvEGo9mjxfF4oBikn8ORwFGlAuk8r6+lbgDFmq9tBZ9hRw6KUTMmjZtGaLkNJtMbLXNjGs8dIUZRjVk9wLFoM+nBMQxAEWSu4Vv8TgSIIgiAIgiAIgiAIgiAIgiBIFcn0OtpIQvtQmMfctOJfYkLWCTGCjHmL8gajRSKaIRJrlyLjkRQgbhXik3IOREtVyB1CqBzilJ7nK+lJGPipTMZyHPgxhhk6lY2Rm2hBgJpLmQ7uR52XviOx8sBMKxU2kYVKmWlKibpR0ci8hSSVEEKYd/SNNEaGWC3LgeirUjbI/CDwv+Om2gdTG/bI7ip0dnqFIsSvBRfawyVeXZSOkO4ej3ZOEOOJwZR4QMskktYoMbxqTo09SogtTPvV2hZSpUShooZciVSvmJTslHu4VG3BqHgqlzEqylPbxDIgyk1/pfzCtt1sBmYGEF/3AyaVHPHhijxS1EQeaqZMd6LL1AhQSv41sh9SksCM94zcPDOypsRVXWNXbBVVl2qYMAxJ3J5ak8W6G7VmGAS+7zuOQ4XMOSWzs1ARn3FhTkPJS8f8K8P10qxFVRdxoqDoAJauRULj69p4Wiiph84102cuF2sVffPywA+7Vuj8NTDHbR8Ct1V+9XKhjrCIjIbiE6PMTajluun2wSIM8qtXmoGGks6unFC6JPjo2PIYZrc9mDqp5XNmLFvwoa8abB85IdU+CAr7ffWi+HjCbQzTw079oXTKKcmSyMrZry985mbHUnYni2fzafeFLLXwvekyqwwhxXzu3/feuN0+n3Iz7UEQTtl+nwOPO+Ojt15+7O/XfPDGS0XP1+4dT/zj952rVsx+5z8h5/JHCUfUTlBls0Nti4noGuZRdnvgL6wAABAASURBVKH4KDmZtrZhowOpORGpbAfMSbV1tA0fI7VvjLrpNqJcWIIQ7gseaNcR43/TZ3HNcmEX1QOzybajUvlIyyeFuQMsqhc1aDPOgKVOcaSm6oUhj4vmAQiCDARcmyAIgiAIgiAIgiAIgiAIgiDIgCCK3EuHBapfoo8XleqYgqhcQKL0H6JmzVL9mloIYlwb9ALBBUn6iVD5mRPfg+ir7wVeMZ9KpTKZdFub5aaZZWuNgJCyAG2xoiPONDarMM3onCuEJrpVWyJRrqkoy7FC6nW/bBfifRKJwxhrb6gKvyrZgpolnTmY3BHbcZ10ysvn8qs7RRDKEKuKBTOZcSV6mz+S88TKARHtXmJDtEVnkpK+pGomITU8XYxWJz65kWIiSntRHgGuI2cpby/xT1TU+o9G1AmPi0hUo/JuEIjN2ylXXk7yAtKXtj6ORr8RnSCq49lCqTy0xoQqiwtirlldXWYB0YIGfSSYip7zpE1E1S7bJYmJirhXHIiS6wnnISGhH/ie77hE5TrRiioRJ/9R+gZzwnQCHu3KAst5yKmWHlmJjFa0zE8mPpNJ+xNidFaNTCb6FbA7wcpF8+68vCvvrc4VOwve5p86cfLO+//ngVvefelxpUqRahSZdkeZY8CgYFtSA7L7kV/a4ZPHvP3cwy/ec4N0HXKsjOu0pd2OjOuHocOZ8IUzYvKw7Q+CrSya+XreC0IuLEan7HKA3jC1Ei+bq8Mlr4DoPtTXSMBJZ76YcuBWtuBI+x+9k/d528iJdJCXLgbQ4vJFs5+87fdQdcyUzZct+sgv5idtvev0p/45aOQ4rQvSZ3jGi4/Cv6Mnb+bazIUrp3MJnCAbRgJmST2SbXGVbkHPhFVc23LgclczN91pX/hJHrQd9zsCfpJz4JoN1CGKJSdkLUBj2Vp0dcGZiPUoXOppQkrLboroYjd1atqfRN0VRkrY0ysXbjLXIl5IEARB+i0p2/y1iCAIgiAIgiAIgiAIgiAIgiD9nDI5BVV6Bl62PFokpyJ66z5ZoxQGrGy50cdk49HqIg44ms4oSwMII0vjEhWn9IueXyh6BS+VyaaybU4qTS0ZXIZ+a8MV+Ec5UVDBTQ4KmuyZthCp/QyfkiYGJ5SYRBBxJp+E2Ubz0G2kcqCxNYvM1SH7Y7FUJu04TpDJUGLlVnfyIKQQ0+ba84RGDh28lJaluaqk21TYB4iqLSSPW7d0Cs1UDRXxfLX1muoTM5eWHW0h4uORlIBYjgPHOmBeIDOlSEsTWE87smhbEK4aMp4zco68hNR8IcVOOpNOfIqjj3pdUiUmMQZBCW2JTcr3vOISSa4pwjDw/cC2LfgPGqXGhISobtc+03qf5f0hd0sJT9SFSZPioGjrvGSaYrJAKZmDiK/5AaI7idH9nfX8Q5N33n/bAz7z2jMPEaUygQPoOHZKi9DMBc222PMQ2O/XnryvUAxspelJOfHBJyEcQtsZv98JulHPD4peAIX04KFT95Ar3vc/F83/cKYUosAQJMQJF1w5bpOt/nL5dxa8/45js0zKGZRNt2fc9kwqm5apepQURGzxqa+7HcOa7sjRZ17aYGnXio+f+v1F+hpnUvnEHGIHlhG7wNbhvMImHVtlCCJk1eJ5C2fPCJSJyOgJm46atNniOe8v/GimOmJ04mbbDhszIfKJWXuCkxLUJBor3RUWs0ImvU7gh0UmO5HcJFJiVWvWSN9fn+0pujy3lvcfQRCkF8AwRRAEQRAEQRAEQRAEQRAEQRBkICBKZiXRhygXh6LqiffafQQe52SIt6YVLVJ5IkOpEKwMZC4SL1/0i8VM+6BUJs0cl1pSMMBVZhIS5aeJWhTG30IrDnpI0gKkFEQ1m9BJcFqL4NLEodX5OXSYlUK4nKXbhwyBVvKr18CeQiyWS8MFyxiLKFsMbbZBaSSdoTXcTuptuO6SCuFRLXrhKtADSuePlndAG5SonDg1pE6RbIZqKQ+jMhGKDLIXPenxocPZ0ixEqk201sQkeVImGVpqQnSGHW2koJLvmBMU2+eUH43keU/ai9jJuXqBtich5Wvq+rDI931pWMEspgP1TLk56Nw/idxK2qRFJ7mSlzuN2qXU5DGhJhVQQntCtUdLMvxv0u5U3nH9F71/FuNwjFzbgp/VS+d9PPudkVO2nrL97rPfeBn2HWamHblIizDglI7d/hPp9kHz3p2+YtF8qgQhriOrpRzbsS1LXUmj9vqc0z5Ub8XzQ61N2Xq/oyzHnfPGC8vmfSjlLEpNYkWWPqyhTIdHl8T7Lz+cz+VDk0pGxNl/tOAjSmZGlGqOqi0QfTJsN7XdvtKhxAsCz7cCh3NHyO4mNk2joTvOqrX4w7eevu2PBdiHkO915AmjJm02642XnrrrRt3+p75y9rAxE5LpqdYNSfWW1J1YlsqwU7odkpcl1anRylYha6OvFiMdabqmgLoTBEH6I4PSFG1OEARBEARBEARBEARBEARBkIFCHDvVUXaVKYaI9RSIi96KTzqgxB+FitpLVwcpQfFD+BRCQLaQTmfbpOvJ/2fvT+AsS67yXjSGPZyTWVNXt+bWhIQESAJJCA2AH/MkhMAMxjbcx8Xm2r423Av2e36Mj9+1scHg4frn63t9n7Ex/oEtLMAYY0BmFoMAzRKaQbPU3eruqsrpDHvviHix1oqIHXufk5knq7Iqq7rXv1NZ5+whdkTs2KdStb78PlGJ6EHhXNIf2EEbG1s6HBYHs/J6pcO4TRxJFEygfAR+y19C+RV0J7Lamp7HyJfF3gGYtUgbhQEoPrBZH2T4LrNrxq5cvzMAWbm4lfHI3BFj4/Uhj59uefSJQXQxvnFy9GKkJ6LFrEDHo6h+vZwv/B9aQEyKn3NnMyMT8BUBRQ8k1aAkRVAC0mgiouGJQIlI0oskd4ZRHb9IZ6V9vtw+iOQRlIsT4nJAdAJpMEoLSFMJliwqNiEHvkCkfAgqJPpKljtRO3asyCr0WwjhbveQHYl3yU9OqdWkKtIUfuiPf+0xT/vUz/zSr7vvPW8ptNquITdnWoGgxO9tO/Mpn/Pl/sV7fv9XqwoWw6Quz09r8iaZlv4ouf30z7j4zBf5D5OHP/Lee576qa0xy66bnLv87Jd+qb8rb/u1/wSJPAWk2IhMblKC6gUsRiZVWZeF/16h2IVEQ6l7737tL1556KFFC3k9JDfBBQDfQXVBTjshCUhpOFfRjZieu/Dcz32539l21p/dmG57cvelZ70Yzq7PQQfqyXO/4GsEpCqJP3vdLwdVy+odd/ETavChetM/4IOK0YZ1lX/XThdF4Vc76U5cHokWD3OH55/RB1zm+XT9TAphKjlrWHfCMMztxVYl60IwDMMwDMMwDMMwDMMwDMMwzB1DZt6ArxUV4dPuwbFC9L+d32/EorvIXBU203aslrlJ8YDaipi84Gx0ryA1AOgDBFYq2/nMtG2zWEDmTttMtreLslIF1OtToTVKMEJbG5bVh6Eo1IBb29vRWXngziHKjGi7AgORZNsBFVewM8HSv1akO9G6WMzmxteb206F9pVQdK4LSgGpQwNoypE6IpLhx6gLMnZh1O38fh1hK3CLZAlqtLzEiqZkHSixgDgaGo6TwTRC6qqsYGZF1yzA7wTaNzLZgmDdX0EeUzCgEAYVJ3S95APi0L4iTSwVx7UW5DHi+tSatE76elG+lS459MoB2xX6Ezx8lKql77QKtxUeSJnNfSYuoQb842CctFaVkmJKgsTAiT53aDBLA/DRjWslDe+2BMNZfDf1BH1HtIbvOx955/zaQ497+qfe+8xPufbRP6urYqsuz02ruoD513c94dITn+EPePDP3rZVg7HJOVScXNyebNdlWfgnSj/+s7/BH/nO//5Trjp/z1M/tTPWf21ffqwqy/e/8XcOrtxflmqiCrA5UbA0NabbTOtiWld1qc9NyvNblb/i1qSaVP7jB9KzOtPfX//qa77zH6FJSrwVLn2LHxNyEIj0qh/9LmPDvev8J4Cx/ktPLz7mhV+RZqOcbL3oy/+Sf2Ha5p2v/UV/mMAHIH4GpVkTYnTb/ZJS8mbf5dUPx/RCwb0j9ZWhwzA6rXdtSVFV9ETlj0poXASdirhhtitRKrm7OCudJcMwzAD/uXZhKistGIZhGIZhGIZhGIZhGIZhGOaOQmaldRUiTGSwf4DNK8IFuc7Yww0KqusZaDLSsaHeL1bbjC/6envokjTCKV9q96VK23UWysT+v67e2qqn06KqQJ8BISmgFBAyaWLyYn38Vfxxl1Y5QWVTZtKAkVJi9RKo9pBZT2B0qD6R9XTLl2ZloZezuUNHBGoJ0jecy6Q0Ll5I9Vc5oXLAJVuYQ0d1kik4KS6fYLlR5Zf0RzKcTa3kpXvyo/BzRTYKUquirqXWiz3bNUtUeMhMPUJqFZjiaJQjwoJUJPHol2uqdPf2JUqFLJuoJOnjdXKtyTBARPY5O8ksBQUvXdcJNEQpS0gGUv3djJ2QSQGTxo4yLd/lDl75c3OhzGiuk1n/+K6TUOU2NjuJvi2yUMpBDo0FhyCc9o+/5Tef8fl/4bO+6lt+59/+A63wwVGKnE6e+LJX+O8feuNvVNqfJasq2pyAQARsZTpjutm1K+961wff+NtPftlXpcs9+KH3vfGX/8PH3/FHYECCUT4hiwdiWeBh81u2QLaityb11qQCe5W6rEut8VZa4Zr9K9aCksKfdfcTnupbeehjH4ifdGMxEGUd+Rf3POlpfnH7o4wxuw8/cLDzkMCQIP8133nwI6/7eXhdnnv6i7+smR/83i/9NIiqlFxCnA6sqCc883mf/41/Ew8Xj733k/yWZz7vxecuXsYJFPc+4zk0kypIrm76DZdD16z0aevvUgGqIIk5O2D4ErvSaS2S5Ul6rF0MmOofqBs0OcmoCnF5W+4v3NIIhmGYM6TW4hyn6jAMwzAMwzAMwzAMwzAMwzB3IL76BzVSMBeRsfiZm5+sii7GlUoXfu887RYbXReOs1ROd4ONfcNixS4kOHzQZaHu7t93dumgzOrrl52vIZtqMvFF4qIse90M9lEKPerAYb+Nv7JFHj6ENbig2lF5HI5bCTCB/BepSKoQJ1BSUdZXZCd6S/vv21v7+tpyfwbJL1B9NqhDkKRSIKkA2cOExkfKgXXWJidmNEwpTq/eO75SejX0MUhSkpizk3wTXL9Gk6pj0KKGuQGxjtDVdOKXiDOWpikcneV+OINmJslnAV1p0jyLXJ+lVNZVIbKnphed5Kk6Lnqh0D4QTZBHChaXrHAaz/QbO0/bdiUA5fmQmBOVP75DstdJJfUJHmNCfImGhQ7tq1C9X79ScYTJSAjGgM/jpn5At5xog4Gv/dgK0OVY66698/d3n/2iy0/+5Be+8lvf8d/+nd/S+QfF2kvP+dzzT3nO7Mr9H3rDb6ASRU/rYhsEIuWkKuoSrFD8vD34+l+6731vVSrU+bSSFJHzrt/9pSkc5h9DUJyUJYhOIPFsAnLvAAAQAElEQVQqdEah8wppXCT6oPTaIK3U+3/5/9yfLZVZ+mvRxp/9Z/+f5WKRlgEuykymhh+j//M/flVZT/3b5WzvZ374b03KYgt76ztg5vsPvf2186a1W/c8/cVf5pt6/a/9gj/f93B7WtO0XHzsk/xXPmmPe8oz/Fe+RWOUD44RvtTN1J4MtGBBmJWGr6JFkKOcHcR/IArUo6AEz8XVmYmlaJbpZCtORxDnm78wlZ0RjRGtgY8I627apxzDMExE4uePVqLQstaiYIMThmEYhmEYhmEYhmEYhmEY5s5EF74gLiF1BOrmhSAFA+whowg8aCjOcCs5NXIU3zDYFc/Kau5JzAGCAEiNIXGGctYOLxS+y/RL8pkZBopVsDJpTLdc2razvljfNO10Uk4n2xfOlVXV2RBnE8vVctV7IrVHcQ6DDmxcgF8nWPGnq6jGsWtOEb0hSkpmIdEPdbSs62pSU1eXBwcgiYC9GtVBUPMmlcIgmIOiZUA90MfrJP8OcSRjiZFc2+ObR0rVkXHRBTuTPjjo8C449HpBFZKlNWeNy26LBCVGVbeFXx9L2IBBLVDLxpkMziMk5gE9kw0pHza0RlVvF8NtghtQXky3wcQiXdKXzgtjTB6mk45OXg551EqKGmmapgCNg6cIe91A90JuQ6lZFyeGLgdzqXXc4cQo9mll5vKmZJazMz5wOApxRkTJArwudDGpXNuZ9/7S/+/T//L3PvUFn7f3wEc+/qbfkrKt7nr8E17ySme6t/7n/6tdLrVSVVFMq3Jal1Whq7Ig2xJp5fK+9xVKT8qiwEnz3+sCRB5P+uTn+G2l9nOJ+gwQlYDGhUQhdz3haQ7UG3qrLrYm9aSGU2S3bHfup6XjD69LbVxJJjIiqExInyQwYkapzNLDY+LHn9/mW/b9nNTl9tQ3Xk7LooJqpNSqc2HZCZK5+HZ8Jx98/9v/+//1vSC4MWbZda2xn/ayL/v0z/2KN7/2V17/G7+ooEFF6plu/6offg3jBW2NuiW3crRgUg5UXFQ22QRh1I6BAzAhKizIGLjWr/moPjlFilDxvV1VVwzDMAzDMAzDMAzDMAzDMAzDMAxzW6JUCb9f7kuZrq9qu2AnEarVgyAIeXrRBq4viNP7sU0FfkvaASy0k0ajjyUJghjMoGkdSA26ti2XS9/u5NyWQDcCqKuC2cRRHRG5n0Z+/RuAIkEyF5hDD0uKnGQHEMU2crI19Xv2tZjvHuDefAKiiiZT4vTfT8IZ/lZ/dEOIbwW9DZocOZY84d7hueOd/Wky6TN8g0VZVpOp32yatus6tLbwtf8w7VKTf4KlCBQXZB6OJCfxcihDQYuK0LiM6TorFfCiruu2hSututyIOMhUd09KFBAfGNM0TYneGlprit7pzxHS0pqitZJpV3y5HvUyaMERXXRyQdNhSUmpffJHEZlBxWEHn6HuRETXEz/KUqu6KpYHB+/4xf/7+d/4t5/zpX9554GP7H78z174Zd/qb/i7fu0/PPjRD/jpKkHDoeqymJRFhZ4l9OBoCOLx2yErh0Qn/g/foOcL/+oPHNGBl371t65u3PnIOz/4mn9dkE4FO4b3KCzYv/JDPzkQ7qyc7veRokWhGYnv0blpte2/6nJS+dWgjHUTV7ZlUEZA+/4Doiqhw65td+73H4PLplv4r7Zb7O/4w2a71x74yPtRc+P7A5obaG3LvwRRS9C9iFuEHOqfKGQHX3f0mFiMuQLJjl/2+LmNS5f0JnGWMt2JYBiGYRiGYRiGYRiGYRiGYRiGYRjmrJFY3nNOWWsgsMbZUKUX4ffMoeqncv+LlVLf2B8E5QJ2o4LgsICIgTOjDBoX01Sy9mLGDtZzMWLB9x+zdMDZpLNQs/f1y65pCl+OrSAgo6iwY5lpRrQYoB5HvU2PEqfEqPPjvcGdJFybnEvAE8Hp0MNST9SWBp+C8uDarmk6lBMk/xKZ3wAXLqWOuKQ7WpQiR12/6ay45pDBTDSkEUK4I0xXRt45QZBDUqV0Pr1Wvo6/NfEzudifLWdzY42mGrgEVwWllD/VWUmPQLBhQIcFdF2IdhTCKTCwcXC8OGqKirIsKbtkre5kRWTUO534F23bNk0Dz6a/274RTBoh1wd6Yfs4IWmgT3H4VLk3VmkZkneiWwvtHntO0LOqZK996cOHxGFaGXEbAM+JlEWha2snVbn7iQ+89zf/07O/+C991jd8xwN/9ifn7nnSx9/7lrf+1n/1x5SFKjVISSinpgiaE3h+cK+uy2JaV2glAo4g6DIjP/bO16uhDYjFSK/HPu3Tqq1zH37v2+b7u5iqo3yDhYYXBw9+ZLZsQAUiRIk6F7hT8TPuo+99m7+t4QaixUg+k31KElr8VKh9QY1ItQWiExCIoLTOBTsOCXIT/2KCtiV+aJTZRFfsjM27TsuPPFH8eCu0PKF5EGcH+Z2kR4Dydfy69qOUtp8fFEUqyQYkDMMwDMMwDMMwDMMwDMMwDMMwDHNb4surDmJtoGZqTOuLqHkgjq9xQqLNQGcytktwbuRQApVxlXQqaU8fnROK2vQb7HnxfbV7weIE5QCpvdzXw0IPhULBiqB0FeMr8G55MOuWTelryegEYM20qKe+yip6pwa1av1AvhFHVtXV2qycw4hNaRFCIvJriaGjhKWhUloKaBqcI72EvzeTrS3osHWLvQPbGuoJGanQ9+yS1OZgpqjCPpCbZJMoQ1LR6DYOJ+EWlnxDxIsU/d05qadBTOgJih6y5wEDBaUntQA7BbFcLIyByCJfgIeiNiZ6oK+CE75m35mgWLEoYXEyi7ehhWeD7mRoBJTmqcAyPwie/IVJdyKCRUfv9zB6kSxJfN29M2D/gNV2GdN9aHXIkdUQdQ3MVhw9Kc74AVintEo+EaHvFpe8FINu+/Nsf3U4RvllTnqzQz1Prs9nYrWlQ2yTjldDRLMTEFJMqqLtygfe8lvbj33qvZ/+2U9+3kvnezuv+Xf/rJst66ooIU5H1SguAW1GeEIkyjsEeorozugCPx2oQd/y61/9L0IKD8ggwH5m2ZlFY77kb/xvj3vqs37n53/yI3/6Tn/ktC7PTeutCZiI+G5MqwLcOnzHUOThp9FE/d1v/NQ/293db40Fg5Yg+1CZ3AzidShhB5xW0OmkKoNWpvLv4QPagDKmKOiU0n92C/eYJ39Sc/XjT33hF1bbFwVELPmVY5uuu+epn+LfPuVTPv3zv/ZbfDcwXkf5091y/8F3/j5l66Co6eY+2asSRVJviRCT5D+1fTdg1G3b5Y47FBFFKhxYttF6SPQGV0F0xzAMwzAMwzAMwzAMwzAMwzAMwzDMWYJFR5I4SKuFsli39tttTCZxvSIEwz1GhUQ5isgJrhBxb3ZcnqSSomdIxeJScA7llYikmSCthkqVdte34/9nqQCJxXbfc41FSuOMsJ3olsuubUxTdXXtt/hiMtSotSIhBzU3EMz0w8rkGXJUNTUb1jlXDWHoqy+yx1yU4YExSgiL6r7cTXYAfkzVpL54z12+Vn1wdccaKMSGPKJQesULxhyYOAjXty/DUPLeu6GIJ9yOIEoYaokOkRis93GJN3qoTDiivj24kBs064RcJ1U4Chc6n2s54km+eF9PJwr3LhdzcFUwIOIJtgsKhAICbRZAudF1pL1SokDhB9j+KDJD6UM/BqNML4uu60h3Qu+P8DtJDdCzBEIw6QyE5fguKFr8eL3eA0aG3Cl4rcLw4ADYatArQuMZFC0UFx8uiGQCE11+Yp9caB58VDBCSJJIJc6muBmsl5yIjZA4ID9dZWELrevpdpresp485Xkv/ZPX/rK/bTQIf4AmBU8cMD1pGuxSwP9DoxpFoweJv8mg0vBfICxyIG2Twlh/a4KDCCg20GoFnE7A7wS+ULoUpDC4XQktSMviefZnfeFsvjAgVpJ0gMqMnUiDZvFu+a5c/dA7lZlh+xQDBce6zHpFF8Wnfe7Ln/VZX3j+nsf91x/5n570Gf+P7buftDpFT37mc/xXvmX3Ex9+6J2/n3xErltzsolaZb2iKPwtEhegdeTRQn8JUbyO32/gsdThbvknzth45+LCvx7VE8MwDMMwDMMwDMMwDMMwDMMwDMMwp060cID6eAHlVYdFdQqsIY2HMJDvkQlJ4q+rpxq66yUCwkafjXBw+LPfOBCiiOj3ke/pdRLYAYqPcb0KIR3lJGlIHEkT0KQBIyioe2bZNtZBj6y0Rk7P2aKuZQE2DlCXDwYkMgvTWVGiDMuyvfbmiAmVco0LBBa0BfU1/Za+IoUNXTT+5n92IUcuLwKrzVCmnp7DEvv+tZ12vvTlaGGgUI0jUDKeMXSxoD8thnaEfTIfwvjP41FSrQztEJLMyCULlqHoIt3LrENR9BJWC6pAxDGkGV95QQk6+D+QZPgFo7Sut7ZIsrBcLLquI+uIQhdYDy+LyrmikE3bWtOh/0IhXJARwJKBlRNlPit3Oo6jaJqGwnGKoqCCOtbR+yEmmxP6btHlIs4DrQq47RiPY8Glh+rv2bVUb8JCYixY1oLERtb3XaAOQpBphMycVJLyIhMcOXx2oQmtVFglt3FlP4QdBTMMsf3EZzzz8/5ydf6ug2sPf/g9b/vUl3zBF/2l//mZL3jZa//D/2HMzMVwHIxxQXMkXMN+eiyOV8l+4hXqTvyEV5BEo0iq0xkHd18H3UdRgH1KWehpVUwn5dakmtYlmKlUZV0GFxOPdk5H06fP/br/afPR/c5P/djsY++moYXR4idrefkpW49/tt9Qb1948Vd9i7/HH33PW9rOvue1/3myfV6gY0rTdI0xT3jWC5/6nM/607f90bve+Pt+CGCaAik8WpnlcBrFGYPPCAIfUgbcXmzqWBFtXdy6WDfBMAzDMAzDMAzDMAzDMAzDMAzDMMxtQagtQ9kPi93SxQq4Qj2H1ViBtiiRUCIWx+XYBSRUqvOQmjysZ3zVUShPqIoPBR+D40cNRNMGhz2mEjroTkTsGZbe2671I0DfCL9l4owvDPuKMnk3qCzapr+gzN9Jd0p12WgJI0XvpJL5tmQCnMEpGLVDQ/Evq3palrV14sDumKYTKMpAlUsSW4h0Q7MZ6+UmYmhwkg4h/4BTruTKzSQtR1/0FHqE8hBLnjhOFaooCymnpOyYHxy0bVtHuQ+pD1RRoNgJ7BUg5sZ0SuiqAK1JdP8IohiRjGGGXS58ozLarZRlWVVV0zQWVF291iRdEqJeVAh/IvUUHQZSCYOaLzDA0ClnJ7UQTXt6fYi/BBkGkZgKrD7QRiJ3njnaOyZ3N3KDhXsqN+OGiN418MJgJE1r1fkXfOWl53yu79zH3vFHv/0f/8+HH77yJ6/7jZd/69956qc8/xu/55+/8Zf+3bX3vnHedEUJShBXOvA1iWYuhIz2G0KQf4ksFCTyTOsKQ3AgcWnZdmXTkYhkWhXbk8rvO79dX9iabE9LOrLC3Bz/vfBrxQkre5ue//avfnBvf9Z2RoOHqUQgqwAAEABJREFUCoQ66SRIIQUd3vOXvOJ/eMLTP9Xfd3/F1oDdDmRACXH+BV+1/bQX+IXpDzbt8mPvfev73vz7H3zHG5Rtt+rq4+9+E6xOtGNZNO180Zbbl576nM964CPvf8vvvsZ3bFIW57bq89N6e1qdm1YiXO7sNUVoqAWfcWDw43z/gzCLFFok2xJi7AmUnc4wDMMwDMMwDMMwDMMwDMMwDMMwzFmCYSEOq9MOBQzwLmYdWBHqshj94KiAbmUoz7uYkSPwd/BDLA65n8hxtMoaXcGo8O0ytcRqDslaBtXwPB0neaeAu4F1bQv2BlDE7KxZFpNpOal0WUtppC4EpZCQf0sfTNM3eR06jMNOSa4WeSDRUe1LEZMoYhQRpoWcv3TJvzm4siMUBujYDvxOsssky5bwLjOHETEhaeSasdpXcXocOUYyXsnnZHRDN+jJZtVzyF6yDvJ0sJZd1pMpzm2zXFoUMKAyAxazn2eoglclzUPT+JUDyhOpCrI5CReFw8mXIXeXAc1TQeYyAtQDBqJd0PLEICPdSbI5yZsQmMgTlCgWLCBAdOQfVPThEDItC5cPL0lVJJ2GOT1CYy5Qtv7CrCbJkxBuRR7kMicXijg53TVxHZBPCSQIWQDCh+55+mNe8tXVxcfZZvHO1/z0e/74N7tlO6nKB973tp/+oW//om/+9md8xste9g1/6773vOnDf/CLB/sP+tO7qqhK/4VmJPhhlU8jPW9+MyhISjAy8d81unAsm07rBvOXRF0VW3Xpv5+bVOen1da09m9BRxJzc8AtxvaOMp5PfOh9O7t7rbGFX3mlroqiRBuVNDqDiqRmtg+vjfWXa1qzbNrad8AvmuXcf4Rdff9bPv7uN7z/T964u7u/bEF05q+q1fj5yq9LL5KXS1JvRJOY20B4EsUlWvv7C648pM3Cm2x7V57RM3ZbdJxhGIZhGIZhGIZhGIZhGIZhGIZhHu3kgRsii4/BP4OFhgRhChVnjZQqaFBi2IcMLiOpQaxjWieOT+Y4tIS9uc4jdDUF1gTXCSeS2woYXMA309il7bp2WSwWvkhcTbfKuoZKrCL5jDq6S6dLJpcZVYtH00beHJQHokgp4qvaQuvtixcLXSwPZs18aRqT6UvyhuRhcoykOOmtV452lblujnJPkbC2sr1xHa6xablxUqARyBXaTpelKopKTsl7pFk20jrwAxF9EA3l0oAGy3YWDE86360CQni0EEM5zzCpRkBYT1mm8n5nTFGA/QWN1hhDpfQ86SbF67gomvLX01pDwgi+lsbosgClQwGKlnB85m0j83wq2gFxO5acIkgD0+uexPCUbLbziv4gSalXeN2yJyW/OErH4MuY6vzk6S+46xkvKs/f7Xft3ff+t/7C/331wfv960mpS62sKJ3rXvcf//cH3vOmF7/yW5/w7Bf6r4c/+M773vTrO/e9b1KZSQdqEsjBQUGJG2q24A4r8iPRkwpidDCFR9qYY1VBkk4xqfzdKCdVtVWXW6ANAREJBfCAkEgOBGWXHvckfW5mjNNa+gZL9DuJVkv4merXpbVFPfFvyVilaQ2ZnXiuvvO373vjL+8fzPfmS+UMrAIUm1BuDuhX8NPaP9eQqBQvS64tOkpOaK2RLxKte+eGQWm3HhmlcFpp/MtEdmAuRE8O+Z2QD0o64wjDHoZhGIZhGIZhGIZhGIZhGIZhGIZhbjGZm0EsXlNB2lFwh8V8F0nVScqAQP+Q6MsQpCqSXBZoE1VcxbA4ePjvpd9o3VDSxYWLGgCssUNiDpUkLdY1jbOug4J127Vd17bNopmePz/ZkroCHQf21iqpxZkje6kIBk9o1PrQIH2hWPhatem6si7L8pIuCid2fWnWUhgF2iv4cjLGsIR4j+hVAd/SXcg8A4aKk9Mq48r0fX2Daa2MFgY56pxuZ1xu+YKleb8aRNcVZam0qiYTX9r2ZW5r/WYFy0iplHrkq91FXfpetXIJB7UtTKjGuR74VAz0Qv51UVWV6aBlEBN0oXAOzeERZOEgoilFbueQnEjI7AF0OUq2bevbKpwtqlKgmMC3SIYQKoYnYcoUCVmykcPKByGCVOj7Q0oIeoBDpEz4H0lK8DHvNQj4KRCmUEopVtRNt4bgceJvx5Oevf30z5w8/pnUh/0HPvjhN/7Wh9/ye03b+v1oT1IU4DQSNHQPv+f1r/nn7/ikl3zJM178JXc/7dP81/5DH73vTb++94G3To2tK1eXOo4vaJ1gvhUm7IAuRJEwxX+q+ParwtLISY9SKFlCpA58FRolJNFhBG/EYJb+/Hf+mNgY/0SneB0QGPk72MylsyiFUVP/8GvQoJGg5Av+13/Zz1P4E1au//OlX/4XXvylX0fb0h2dX3vwra/6B37xYNtJenJmGg4ZHjn46HbxLxCItOo6cgbyH3VKqfS3CH2orX52MAzDMAzDMAzDMAzDMAzDMAzDMAxz60lKEQrPQFeT/jfIXZSSxDq1ovJvdFYgXxERbUJSpEtWsw7iAzmszuevZVQDwK/6Zwe69O1Y8iJ7VFnkJ1PPrUBxjAF5gWsbg6V7VStwHYA9UiSDlOx0OW7stFQZR1Z4s30k3wldgHgd65QuJFoDTM+fgyO6FgUT0buk1zLEpCBJgqFBoou77vSgQ8azsqVv2w3zZMRhsoVMdxGrz+K0kKgkCesdQm86f//BOmRSOWHbpmkWy65tlYCNSmuYPFQRFKpMdhQoTzHwnGjKm1K530leBwdfE+g/6UWsWS5dWRaEr6D7hlKkztjjRIR2UcWg/J0F9QPIiwDfmj+M8npkSqMK2VYhpoTkYyDToDZNfFo12quoMMW9tkWkZ7k3C+pFMCRqGdyJuK5ubcpJ9azP2X7uF8Pl2+Un3vXHH37Tbz38sQ92OJXg+VEUVaHpq0QpiX/Q2874u/qBP/ivf/q6//bkT/9zz/rsl5+7595P/tL/8eNv/s37XvefBVlsaJGLbxRF5OD40fpGYgiZoNwcmh+QpEBeEtwivBWwK0XYJPL373/z7y7bFp5edB+hg/Oj0SDKPeGZzzt36R4hxNB8JYhgqlJvi6oqjMUbpEmrER/9LFRLgMROpK2ZPw2I0kzb2a4AYxU/dUV+wBmRFpJGBCxymBDQghnbSciZKkuQW+VKxrNSyTAMwzC3Fb/z3vY//sHy/mvijuPxl8Rf+uz6855VCoZhGIZhGIZhGIZhGIZhmDsZqLKjBwMWTdHIIP6ivi92U5gOqkywEO7L2b7WiUYIWa2ZtAuojbApMibGhqyx0Egv1KgzK9XrE5ezV8JZXKyhWwmXk85A5d3XMYXtlrM52raoYjJRGHiBh8Ak+AmxdqyTGPX+xnEk1nHr2gybrECjC6oko1mF621QfB28KLfOX/BHHOzsLA5mtjMUhIROJwJTYFwwcehnRqKZyulVbFeniCQjcrAFrztMc3FJqhH+jMIHEX1ryH9hA/uZoxU8SVGBag5ng6DCOqtwoZZ1NT23BT4gbedQVwK2N/BQaPINKcoKiuD+RNGSLUoRmrWkHsiq/QHwwvBXMx2kt5DuRLRwRInaE19ZR/OSNjlMwCNnbcwakSIX7BinC40ROeCa0hijMa0nHJAPMs5okNekABX0tSgoo8TiikDpiVIq05sIORRa9R2gPpEyTfYr9pYpTvx1fK/33/W78tKTrn3w7fe9/Q/39vYWLVjJOJprresSonAg8gYmWKFOzi07M2/aedMtmu5jb/ntj7zpN5/4aS95ygs/732/918qa0ptCvzs85cwi/3ZlY/bZlb5mQVLGqWHXjYUu3Nw3/vn+7uumYd0HlIGrXuYaJtv4+CBD/oF9cZf/PHd/VkLd0GhP0qwRokDBI1QZ+zzv/wvP+6TPs12C99+ESN4tFQxIgeieQyqlEi14k985099b9N2s2U7X7bLtls2kMsDLzCdB6VHoioKPz915b/7KSqm4N4jevOqs8NlC5hsiATqfoKQBz+2LDg5QUBV0qYoVpwwDMMwkTtUceLx3fadZ9EJwzAMwzAMwzAMwzAMwzB3OqZrDbgpwK+XF2U5qFxDVZreq1TThvKsUw6DPQSWAwXVAeH3911IthFW2LGgZFgSBw7P28l2XG899OjzKEukXTRUwCzbFmvVlZpMfLEZyr+GVBpkFTIwOTlVVwCbentYm2kXhZ8E+wlQ0aT4F33u4qWiKvxeXzYHuQxEclj0wpCQpwKVajWIOhJhZIN5OtXclHU1eLFudHL1+JtdAw/laryi6TpZlgJ0J/Vkyy5n89Z0rmulVQUKsMB2AYUbELMzka1Sbrk0XVA7gOaAtAhSikyJ5SDppSiUBUEC6T46kJj4+92BQUVdaxUERNaGZ4l65qJhiaCEJFyM/rxSgs7EX7dtGkfPjgW/Ezm8tsy8YtDLxiXNCTRjwLWDruQM2hphBkz/2GcrsQ/6Se9FjN9CUw6xrvCfy1BOXxZg2gd+4ycO5k27bAQqD/z8Bw1HqSclPcUFyTUEinjKzhb+bdlVZUtqjAff+0b/VRaqrArURgURw967/+D+t/7ObLmcVOBFA8oV3VubJIOTh9/8K/vzxratvxYE6+Bhh42UYno+8Cv/8srefFppt1X7mwDmOb7PJT6g/WwLFJ2Yd/z6z7wdM5W2p9UULqFL7AYooKSgZZNLg/yzrjtYQqU2rfYfzNqiJ44/BeQpmKBDV6SoIBTKKLoyicBuE/FGci4JoVFgIaNx3VraaIwheZBA3ZQSDMMwDMMwDMMwDMMwDMMwDMMwDMOcPeSG4Ot5AgQMiqrY5PYRjgilQPJiQL2DANcQX9FNOTypVhgO8PXAYP0QvSwGzigyv/gAKZM3Cb13VDgXx5Cu0jdzhHYhpIlAPbNbQidN2xRdbc0EsjImE0HWIEJTF0gDECQaSa1wigRRyaH7aZ6lC1X/YL4gQ3coFWh6ftthUMhyf+aLs0EwgIFJ/XWUzKdg9Oo6R7XO5mT0ItsnBqMScvVEG7QT2WpxpyWH6Wv1Qd2B0TJ+utDbRk3ObUMmTde1y6VfHR1koVhRVWABBCteyYKyTEBKArkfVkiDgTYx00aSuwZV+X2LTsFlSlHRA0RqoLZtJfqd4MNGxirWxtP6Jw//APVTsMGwRVlAi+BBBLExtkBFDM5ZHFc/lVC2B9WFC8lK5HXS+UUQvFlAP+bCc0rnKCFHz9rIyCQ8xlGpIVeEKfnxY83KKYEpNqoqlHWF1iDgINeQuizrCsxOMIoI9Bw4Mf5YqwtQeCwrvWz8k962kK4Fk1OSi4gM6Tn+xEnl57M2FuxPJqgmifIMvDRm3PhrTSoISBIgRFIT0I5IpdaP1D+CvqmqKLYnlX/ru2cwXofEKHKo2oG1aMmShrqntibVpC5RQxMVKjrPYMKoLXA98QtL+wWS9CUGG/F7LUqO4hqFi2pIBfLdRmkOuomI2wO6KaSRSo9TWLfgdGKXy2VRwF1JnxSKzU4YhmEYAQk1d3S8jmAYhnU0nP0AABAASURBVGEYhmEYhmEYhmEYhrnDKcrSoOKEqnsCqrpaymGtWfQhE329E+usoBBBNwXhjMzcFijVY2hqshqvs4mlhRTHByk4efjZ2VFxGxXOHZq2dK2xnfXfu6VpljgCg64vBeaOKGrbCbUaGXO60BjkEVOSCRKS7gRlPf5/1ghVb039IfOymO3st4tlEKjE4Yr+JiZRw1BgIGIIz+bINaqRIwcgV/JYZJDPhOvnTQ6PdO40Zn84BSLKW7BX/rb7OYRSvQPFiel8Id8poWBHoWkKlVbVZNI1TVCrRHWSTJYYigyCZOHL+8JakIlAME7lTzayRckD6E4E6k7A9QSsdUKtXYg+iCh2sZduKKkKLSyeRRk/0GnURYD6RIrc7CToTlBSoMjABMVl0oHrjSCVBIgt0PJGwQI/OmfFRfmCsMKFWKib4GVyOPiZowvl6sp/QlUlSCwcSCjANUSRI4jWQSUSVCBOQsSRw6wcrerCtmXRgfQHRlqgWqUsQnIN/c+/thCAI4tCV6VWKptMNFYpndsSoiqgCb8FWyiigGT0PJDTCWhZrIPGWhAdWbqWxvSY/HjSiFj8ICbtiB/ktCoqslzppS0D0yiMQCPLFokiGJAkkdbEDm8oaaMkDhxGB0qdMF+38j6uZSRRwiA3+IQqwKxFU/aQH1gnWnDawvvsD7P+lWAYhmE2ZW9/Jh6JvPCJ4oVff+caYLV7+61gGIZhGIZhGIZhGIZhGIa5kymrSmEB25HfiYtSBKp8KwpgGBaXZQjRcVgshy0gMaHMDRNsKWKsh4wmJM7aDbqzyTHH4I7Z2QsbHEljoOddY/00NEpLPwlVXfsvXfpiMmWsyxDncPa/Vx+9ZhI03b4SD2ICWU8nGkI45FzKdtGQ+qFXCyQriqT0GDcvTtiXTUmTvk530h9zgs3Xg+z/Ry4wdIE4Ob5W76vZ1aRum9Z0xtnWWD/Zja98+71KozID9QuChAEKHh0PDKooMt0BuaKAm0pQfuCwraSUEPQ1iboTHXUnvbNQ+u4oZycIUSBfRQl/bdlisyBgaVu/RieTiW/BYJBSrjsh7QL6YVgcNfQBJCPojkOGRU5aVC2EldGffAhRd4IyrLRgZOr7wIdDnB7wOYTXLEHgUZRakaKC1BuFlkFugn4+FHjk8JNKgZtLEHkYZSutnC2MDSo4jbk8StD8gmijACsRuBwF9+goJqJbC8eDZkN1KDgCuY+/etBtrOs2qIJUXZb+gBZtTmi7oo/W4UNEMgsbpSKocZHghwPdkGuvAZoiC5cgYQoYwFhhV+QmeX+C5EXTegLJjgoypzP7dBuJpcKKjVNUlvApDLZUaBTUNA0a/JSDp4ZhGIZhGIZhGIZhGIZhGIZhGIZhmDNCYUAHmWhQnghVurFoK0HBQPVI8g2gAJBeviBRTELKEuXrpVDlhTKg7YupSWqwWXdSvoogA4bN3FCwjB5lFFJF8Qptie4AMY8m9gxqs1FcIyDZohWL/T2wuJhu+VGVxsqJ0EUlTstlY4g7aYNy1fvDUZnWWgNZLjjYoijq6VbXtF3X+TGBooAkB6PLUTSPO0R9ctqsmb0g/BHjbo05td9c7a0oXNKdwKqwnZ89WOemM0VR6rKqt7ZIsGGaznRd8EHxZW5VoPZBqLIq/DrrWtG0FGZkowhBBpmWKFDGINFmBCwstC5BzlDXrVL+9hgLshHjTAlyFY0RL+B1QeMNPQWVg5YUAeNvb4dpMqCLUMrKtjG+AN+1NogfCpWPM1cbpSdWSVAkQYcsalDgIFBl+O82nitcEp71QoRRdV8JPJmawpytPs/pyGW9qhJYq3VwQ9OVKFyTKA8BcQkaz7hgMBPlCSC3yhpElx9BT74F9QmkI/kpQBeQ0BMdRSWovPE7QVFCTzuEVal+zWDLwl/Wz7SF8CRF3aLYGjpqZSQwxyCEQbFMod2KumI0yVH6k3neUKbPEYoQmhYw/7CqLLS1Gz3NNG+U2HNYNtCtgaYHXgWdYlhLYQ34JQvrXTbLBkUm8KT5ZzJMjmajE4ZhmBNw/tyWYBiGYRiGYRiGYRiGYRiGYZjTY28PPLbRZ6FQEhInilKQ6CRVq01nhd+Lpb2+rJxME0RvZQJA3VaibgQsHWIh0YpxeEKqsY71BLFym/QIKpS/j1d8WOcoBQjsJTKlghMxsiZ97+vZSoe2wwWtBQODZQvnGLdlfTOlE1D0xAo+jlpQyR2r7tQvLHWT1CaOz4n1tfcgpzkcJ1cTdmLz/QaZ/pSOtDmQeeL7D0oSJSfb51VRqLJa7B1AEIygqA24F+Rp0CcNrenrMVO9Wl1fLYhHxUQo57tgKhM1LlnQklT9HZfS4kmoXsojRNTxuhN50rp59LrB5lVQIFCGjiqq6Zbv+lzKhdnzk9Z2nXVdKS0YTmiwXYBInQL+0IUfXYfOKE3hKUu/BVpWqvBl8rIqq7r2RXJ/hBNG+SsIcgSC0jkYnjQggYCtkqJhBBmniOFsJtWIjEYq/koei40sFwvf4nR7WlVVOiVLuhoElwRJiaJALf/GiBQhI6MjTVwTo3NTC0GbQiMV0sQMoCj+On2wfRTQhHig4S55zApAZxH/6SaFTtFf4dxMVqKkGzwNcmgBAioHhQI01UeOrWpHxpdWa/qcHz++O+vGfpgTCe2ik0i6ASKiDYjCl/71bYjM8E9p13XkgCJjfttm9lkMwzAMwzAMwzAMwzAMwzAMwzAMw9x8sPLu67IK6njBtsGFX8xHCweNkTpSJg0H1l8hyiFULrH6J8F1AwwVhEPtiaMiqAtWIf1v8R9BKs2eqBJKiT9jXUv2IqX+5EXloQTCdxNtK4K2BrwMYEok+giExlxsVfYSnLEBidzYO2TdkekK648XK9cSUSgAdfXQqcnWNhXIZ7sG1CjoxhGLy2RRI68vmmKtDuHo44/UDN3Kercc/Qm4ILtBCUWcTaWqSS1xQSz2Z35FgxSk7aRsBGS7QCaO9WcUYFIiUK1kjS+Jd9gAmE74yS329w8u3XWXrip/Vic6CdoWqSXdJdE0jWkh1KprjX+OwGIFtV0UGpJUI4osKUQQnUQTCLjXVVVByE7TtF3b7DdOWLAAiTE/q1oTmScbOQwsodGKaFokJbkERfVJuOjqRIK7UVxGgwnFZ/0miRiSTiLvURS7nKwFIWTuJtK349YcP9rSd2ADxcYRfT7k7Zo5P3Y+cwXJrX2ibgpyGMGFukjtFzbptNKyNPi3FMMwDMMwDMMwDMMwDMMwDMMwDMMwZ0/QXvhaOVg+QJ6ILytTRY9MGQTtDpIFGTws0ESkj/SAEBFI8FD0W+gQ+uGsJTkE1XfF0FVjoP+48UHcSKU7SmKg58Z2bUu/SG8NCkjcpKhqPzkyOq9ErYgb6BiOUosc0e+VknlShpyk/7ECnpQ3bjKdKpz02d4e6X4wsmKQ4HHjHD3tzt1WNXB5aG+Cw4cM4ihQoKhqMgk6j4NZ17RgTgKPBswxmd+ANQkd7UxjfUHc+IVDHih+b3Hlyo5v7q7Ld9VlVdYVhFd1LcyXBrcUugEQ5oSldLxOqeFcEJrkXUMlSHwDz6MlV4+yDPqSDpnN5r5D9WRSVVUyh8hvNowK1y8+no5q+0pqeKIxIwuuayFHyLmwpHpJRzZv1BpYC1kSZ0WDFHmLPDNO5Sq51mS0cZNzB2q1jS93Mw5+RDISPMHjVBThkek6fFjY44RhGIZhGIZhGIZhGIZhGIZhGIZhbiMk+ClI8AsBaUKhFOhOHJbC0zGQxGEsGDXIUJgnJwYRLBUw68VAKVBimASUBUHFYsE6QclQ5pbJnUP0eTT9NQave7uSTYqw1y2icL3yg/JqnLHGNfCr9FjftMZOtqWshCxDRA/EdIAwgJQqBoUKx0fAHMo6lYk7WdmZomtwzlB1AsoEIcq6Pnfpor+L8/19EEygzIesGtxISiCToui4zgbHmuPkJnnrh2SGiD5KCAUxfTduLfGilKAkQryU1VpWWxMbXBXgSzg/h6oVjRSVLkp/zw2k8egCFodsm8Z2XdMYejKK2cGB9QvJ2rvvvruqK//ctIIkXFJqVUByEyQiOdf658r5pYad0FpnM+ukzKeR7rGAHCJFlXjtRNV1bYdGKwcHM9KvVFWlwiN9ONgcLRRKMIq5Of1d6O1S3BrdSfh0cGFJiWivMjhrMNHiujkdiRRzJ7DWTMn/FVJWEG3l/3bxq53+cjKGpScMwzAMwzAMwzAMwzAMwzAMwzAMc8ZIMiahorINiROYJiMdhu3QYVBftsmtJJqXBHuI4HDg/7B0GAkfyDkE9mAjalw3PiK+I1x05cWhoxAb4A4/0onoEOJIj+GM66yTHXk5oPcEKBKc0iUG68SRpT9vl6p4GInUClQSzhZVde7SRb9lcXAADi4WZQxoRwMyoD5uJb64JaqPEBGDEo+opDgjxckQrHdTRpGih6GcVFN3zlrRzOe2s13XhmP8zkIryMoplEaBh3SgKkH5hz+m8EcvZour7pp/ri7ddWm6vVVL0baN/xJKallECYn/wpwdYxTYDWkRng1M0VFqNC/4WKGSC3uqi6Kqa2PNAkkF+7qu0ylJCJL0I/H5BWMfh3lYEhVnNAdxSYcXR1vvpJyatXuz4J3rx90Wa4O5daRFlcub/LNQViUIpBrRdp1/rEJCFMMwDMMwDMMwDMMwDMMwDMMwDMMwZwi6FGDtjswpKHRCkaIipWtYNHzIZCKU5hKLylSallikllGOIjVagjihqHQYK9rZpUV0RljXsUNerz3wxiUfYUwujFuSCYVdzueU5WC7zplpWbuirIRWQ/uHI/QsG3OjVfU+X4dsZiCDBXQyop5MLQzGirnomib4eZCqgeQzp0VvTbNmNCPlgJTpSLdy4JkRV6OTSqB+yq9eVdSTrfMwouVsYY2fy1bhIi9FqcpCa+WfjqIsSQ/SLjEBx1rIvunabq/bJyGTH+dka+KPQ7WPX04G9CVFeDDQREga33bXlUXpC+spHGdkIpLUXjYIZERV1yh7Efv7B4vFIo2kKHznNJ3oWzPGpPsi490wFrVkfo8mWVWUoIlkiROnhp5sGXfRBwFF9qDNj0QdjJR9/Nb4EXYnNfDp2SQO6lhDpCMOyNvndJuzJVcjruYfFSD1qgtTLJdL27HohGEYhmEYhmEYhmEYhmEYhmEYhmHOHCyIKywWO1SRYPVVKY01Zfru31pfbjdd6w/3u8imAe1NVEx0EVRyFrjBOCPQRgWvgAVrF0xEgvgELTec6J0URPab7X3n4vZjRnA869qQa4+jortSweVBdYulbTvbtqaz5bLdOn9B11IXiiJhQjFdOHJ3CYVSuZF2YpPq9kZjG7UkbTS1AIGDda6aTIuy2N/Z2bt6zQ/EkapIRd3HQB7gju6xEGtij0aCknDXRl0c7M2EDVmYzGkqYK4LR0KrpMjB5aC01GVRTSf+bTtfgFdJS1lRUkuhCw3OMcK/KOi8tmmgOG6MEShAmc9Z41wuAAAQAElEQVTmaIkiLrmL02ldVhVkHWnRdZ2/DwpxcTr88Z1/zASIWYKGQwiRleFdPu/RlMQ/k5PJpOtMg9CDNJlOBbn0pFMsrlhnheylWkpEBRU9naixQi+aKDI5dpm6qD+TsU8hiAq/s4SDuTFyzytSUBVCdFrbzgiGYRiGYRiGYRiGYRiGYRiGYRiGYc4UCCvwNWZHVWYVBSRUbiZnAtSKWCpMF85iHkdn0FtB0YnCBfmFbw1VDnYgR8jTEuJbGSv6rhcsuFtscrGqcAgV/hiz4gdHAQ5WGLQ8EWLLLouiwoQaCCFS0lkXK/OSkiDkrRdO9AqCQJhw0bvRKK2n57b9vVsezLumsTYY26A+Ad6hYMKt6gtSYAu9OVaB4E60d3APzlhxsh4ocmulrS7LwliaAdMZEJ44V0oQdUiFATXwRBRlDaNom6YQxgiMZfJv9nZBsYX18ot1XWld+JO1hhH7FaZA0+UCeA1Sm2itZfSuyYkSp9RDkEiVVbW97fyL+XyxXC6Teqssy153EnKvlI3mPEHnBavWoXcKOeREtchmehGZ+mfB9UTauObwJcPcOE5kaVSoO/EL27DohGEYhmEYhmEYhmEYhmEYhmEYhmHOGoXhICJIP1A30qsKLJajcQe4PUhlnTXa19Djb5iDzwlIT2IsDzZg0e3EUoyLhLqzzWvXLgV3WIWeHEl5IN0gweemc4x9CnZUiSC8AZUBzZHWCr+sdroorKWQk9h5maXunJzrHTbNV6/1oUl1/RtQyVT11N9HrYv53n4zX4RbDnc1CFCcOL0arjzUSCbvtrh9wQHAMoZXqigKVOSg1kg182XXwn8OZtGWolLBlkSi3wmsG9Bn+UWhyL+kbecHdrfwj5G4eNelalLDs2SdX0jOFf4i2jdjLCTgaHimrLUoanH+umhDpOjWBmVTTL5Cx6DgrOOPqScT9Epxy+Uyz9mpqir0LiRd0ZJIL+BJt7h6wIAIjI8UPr24TwcNSqZiStYmmTGRI92KUKA6kWgVpJI0JmmZMvsUhrkejH9YcDlByk5VCYZhGIZhGIZhGIZhGIZhGIZhGIZhzhb8pXFSWICdicsTbTRZX0iFETy+mqzAMMO/7trWWpSkKAhwASlDoSlUA/weomWGw3gXVDO4UC1HKQTqMzDFw18Ct4a+KBdjRoKOwrluXZdTukjf2WN1KtFN5chdkiwgVLyADYYv2HrXNg6NTzDfQZcTYa0gu5fkAELKgOvwbHFH9/vIU1HlYkXuShIjfsIWHVoqVU1SAWNMt2xECpQJpidqtS9rM4AGG8fROYf0coOYltuCgUIKfIAc3l0wtinjAJ3VhfJPQdsure1M19WTiU6WIgoWQIFrJniWgI2ItbODOfqm6LuKwj8x4KIDuhPQlvgzOqinuxCpA5IU458y31xRlrGd9fOXdCRg/1BV0ym0s1gsfO/m86A2qaqqKIoUR6Lw+aPgLFrc9Lj6LuHVrQgfCn6kuZRJxtUm1izMkJuFMhglrbHohiRTKBBrTZjrJDfEigsePoTh0WAYhmEYhmEYhmEYhmEYhmEYhmEY5kyRyb1ApsCVfqcaSjXQGKOswTfBF9ohR6czTvoCPCoXwKOBpAsSxBtYQAcRhyU9hKDSeZ+tE+JoMneTTCoROkZWIzdfrdA7NpDMJEaGyDhD1DE/6sXBzFJVXYiyFrqoqLCeIoTErYfsONZBzhciTDfMZFFXW+6cs3ahZqbthCVjiygK2UAts3aMJ0vVueOQKNTwhW6tXWm1LdDtRtmZ7fwcoi2IXwe6KmCjc7rwz0RYOsmaRBljF/PltatX66o6d+EChuxY34woKPkGDqc8J//KYI4VPEsKdCoyyE6i74gbPxXp0arqGhVhDiQxyyXF9FBSD4Fyr/AouihWAvMSEi9Zp8CCyJIPjsg1Ji4z8ZHrZymkoMSEndBPlxK4GOaGCMs+6E54RTEMwzAMwzAMwzAMwzAMwzAMwzDMGaOUojI3CTygRJwV8khLkRQiJBYRDvwUKIsDvwDRdVoVSupQWEblCVacg2Yk2SlQsRsPIYOQUENML1wua+gVH6lLbvRiBPktrNoquJW3a/05gk7AZUkiQuZ9NsYsDmb+VWdcvd1tndNlVaAdRrBdOdJU5WYxEiG4qHTI00xIY6CVriYTAbdez3b3uqaF0i2YnzjRayROmbP3OAk3Rx13UK+v6gmLEKYTNCVGwVNSgADFGru0c7/+l8ulP6KUNehDlN9b+odBiejugz5CEGHTNOARpIqrQurJtPJtGCNAVVJoJVQT17RECxIBmTuuFV2JyhNoAEVYUQESbrJF4YgUJHOB+Ke6FlqXe3t7TdMs5suyqMvC+PalxnUsRXQfksrB80+DhTVsrIK9/mqqr+7bPFjHSXn8/QyKsw7SgqKmDOcX833A/igKzcgc5lg2EXOtfiLEIaT3YhPWfrKMJT7i0Ccle+JGHy3ikY1z7ublouEq2UwUxzCMYBiGYRiGYRiGYRiGYRiGYRiGuXU4sjOJMTXoVQJlbPLOIMUJVPwcxcwIkp34UnKpal9xt8b4OnWHQEFZCyjIF1qQXwnWan2dHorLIFKxye8k/DH0NYln4JWoSB2uJ/vuxj+yuq7rW8jr4aMckGHpWcY6srPR0oQuGtvuHR1cdhpiTLuczaB2bm2hK1DbQOlcYzdSYJA5oj4qg6wl27JyjBv8cQQy3qMkRRgqJkLh3ZFxDWoOZFnXoDcy5qC7RgoBJ61Lbid0m/p2bJYdJPquJ/lBsoXJr7pBkT0vUq/XFWwqV9lIuiCEPdExYS2QGgdiqERHCi0w/Ck1uJkov6FdNqYzbdP5eawmtX84fK+LNAFoNUNpNsGMZG9nx0/93ffcvb09Jb8T/xRprUsHwhFcWHS52A/cpGmFJV1TUEKlp1ekO6Swa9Pp1PdhsVjMZge+cb+rmpR9Vo7EGz68Afjw2eC2Qk+vUpZ8UFS/IONCWE266g1/wqpKkT3okkRN3VLcegXIDSKPumA8Rq7fzpyU1Y8GJ/pUqTuIhw/cq9+w/IYX1XdvP9IlSAzDMAzDMAzDMAzDMAzDMAzDMMyjBioduzwIRPTCDyVV8lMQycMEgmVQDAJeDtpJVUjZda2vLoMKRUptLGyippWi4ruvt1vSnZCkxFGqC1biheyzaSQpXWTMewml7UydMNKSHF52lEe+TZtVVjd3Ugh3+JlRe+CMH2q3bJZy5kfhz6inW7qscJCWpk3KDQqi7qhjTuKXIkedHLeS3Ty6qB+1Lsrtixf8Feb7B6ZpBQoMgoxBooHGWEkyMFMhD5v0hiQPmYLheHOKo2wRepmRkxtlaMgb3J86NRpI0legAkphGA6uX/S2KeuKbDs6dDBpFku/sXJCl0WRtRkcTwTolfzR/jGxxuzQdG9tTbRWIMryd0QUIGSy2AvZW0dg5A0trfAwqOi1EVctzVW4Qwp9Suq69ke0bbNYLKXcg+2FLMsyHqmkFDGzh9oJyT2CUn7QhiQ+kyvzdKRcqN8LY8FeKUUpRC47fhP/EoZ5ZDBrxPe++uCBa+LNH+h++Bu2L7PuhGEYhmEYhmEYhmEYhmEYhmEYhnlkkAkLsL4cHEAwRQMiQWSoHgf1ia9Uh5gckiCA6wl81yLm7OBG2wqoVyuoWtP5oFAJWgwM2DAWo3X8oZaaWxtskorXoTwtY3yOHVbB5bq6+PUg0yUOxZHthzXGuMUCt8A5EyXBqgKasKutxnPFbYKUWihb1xN9l/bv5vv7tuvcQFaigj3HmpPhmxsKBjJRkjjdnoqzQw5f+zFieg7MzGI267plVdVlXaKaQjbNEqRITadk4w8uhskqMtjHOGc6qwvlV/DB3h48YvbCuXNb5ETS2g5VWtGvxkblESUjgQGJJCHIKE5p3G/cpYuirOz21vbe/t58DivVP4Db586R7iSqTdAxxRjRL07nYl9BYGbBdGU4KYdLTA7fLqHzkPAjhkIlhnmUsOzc/hxePHAN1Cc//Be279riR4BhGIZhGIZhGIZhGIZhGIZhGIa541FZQdkG5QeZHog+CCNsxLgMOEXbcKjztWQwRNEF1LN9Wdl04AABIRr+f0pTm6m6nXsc+OoziTfQAQE3ZVE7Y61Jn+EyKrjnwTpiVOYWJyMPihkRe5MH7YCriTOua5qF2PNj9pvrrS1f5xdJM3B4D9zQrOWW4aK4J9xcKYuyPgd+J2K+t2dMiFUJB4uk5sFFIl2W45LNOW2M7iD9McdzhBvMsT42txoXnXjQZKTwk7FcLv0SqKfTelpT+lTXtn662qb1C0D/D89/Bp1J6z88PJBS49C5BLYaWDdgOqIRkYfBjEkuIfQ4+Y7I9DBgDs5gNsNGAU1Dn4CuM53WqigKuBb0B7xMgp1JPGsk6IrJOOm6IqZixb2rvQyhXCljSebNiTx6aWPdyfUpVKIBT9a562XzDpw09IXFN9dHuLlPfZn/fv78lrjtmZbyU+/Vv/GOzr/eX4g/en/7Oc8q/UbBMAxz82ma1n+vq1IwDMMwDMMwDMMwDMMwDMMwzOmxtz/z3//Db72p3xTqypJEBkkqQjVu3I61bRnVB1H8gSVvCP6gOB5fSMfojtgkJYHErBDalS4V7FVSKT2Vv8MeKXLpSap6pwp4X4VPHY1bTvRF16Qy+EB3kq6Y3pFgQAV3D3RtwawVmBtdFEHHkxe8V+uKcqTcuCE2aoYSW+SoD6iiANcTaYPUKAgbRBQzhCPR+IZUIjj27NphY68hiQ0f069420Vy2BH5YsgQx6PEaTG0N3HDjKE4RLL1cQZVVqoodFlg0JKznbHGCOuKvM3QSra4rHGd9A9Kt79/AI+MddvbU60hv4eeFL+M4Aoxdspi3JEimVhUWmFqjUqXGPn9SAjsgdYm06l/ezCbLZaL3V04fmt7269UsC2KtzkIWMRYBEG2JyiqyhRq6e6uGK6gsEYO3svYDk4bNiLDHi64MzeAvKMWkLHi596wTG/vvwp+J//wG9jvhGEYhmEYhmEYhmEYhmEYhmEYhnlkQTV+G4QFDqNkJGTriOQvkixPpNa+Fg4vsV4NlgooPelE65whZwyqaY8r+bDFKjgL4ztQzALtKix6o40KWnFIKnaLrDztsj+CoCUPgTnCruQI3NoolPyCSQoDJi5BlEMdJL+TBQTt+FH799OtLYUBJpRAMzQ+kCMnkVuL77YdDIVeKFlPpv7FTMp2vgABhL+tKjhWuNV+ju5FZnNywiKwvP1kB6O1ig4m0a7DBu0IzOFka6uoq9nefrdsmpZydirSPHVNa40pxtKlYGKiZHxrjTW4fA/MPtgECbu9vQVOJGAcJLsOo3bANmggBaGQHRKGgYAr5ldFXUt/TdqilKqqCt+62WI2m8/okfPLVJegkLJR4wJ5Pi6MNmhEMDMLQ5ckPYjxIwCW/qjkf5QCILrrYCugSaNpgHUmbztPG4Y5dYwVP/zLszf+WfCSqkuxaMV9V8X39ShVzQAAEABJREFU/SzoTi5Nb93q/9CHPvQ93/M94uT8vb/39575zGeu3XX//fe//e1vFyfn2c9+9lOe8hTBMAzDMAzDMAzDMAzDMAzDMAzD3Mn0ipBcX5C8TARJT4L7RahI9wIQF00q+hAdCAopimY5M50h+UZQq6SieHAAUeiIklexQ7tOoZ7DBZOF1Q5jpA4dmsYQdDB9QE/iCAGKW9P6qncDTY4TMTNEoXTDoVAmSFys6Vo7A4sLZzv/VW9tF1UttQqTNBCanCR/5hQJwpDkCGKDeQ0MS6lC11MllTywomuazragZpAuZutQt+OLkUxAZq9P2iXR3wWpTs+t5LTIFEOuD5sKfj91VRhwuek602pblGU1PQ8GIrPdfWttMWxJJvmKzARUbdMZLX0DFpe6X3vnzm0VhSrQDsRfp3WtsFYOJR0YkkTGQdFURogU/jRCa+hrVVVgzSLsfD4nvxPr3Na57RLlUeGhcvQiPZNZ1paU6VnrfYTWMXh48j6L6AxkMZQr+KHI/MOE5olhHmEYK37kl2dv+NOgOPlbX1o/+W71gz83XzTi41fE97569sPfsHXxVulOlsvle9/7XnFyUFi5nre85S3f//3fL07O3/k7f4dFJwzDMAzDMAzDMAzDMAzDMAzDMHc+mQuHkqE0LsaJGWSMgTKLXjZBB6bScR9BI2VZVcItIR0Eskac8l+UyRJL2KAwgN1Qvgd7BRslKS5Vp+Eo2+taRDo906kEo5NevjBMdckFKOPMkHVOIyGyJHsbBRHiMBmLRDsIEAAYtTQzHC7YQ0zOiaqeSA3qgZArJJNlxglcTjZJkNioWhl64FK7+SXghjhVFlW1NfW3BGQBpkXxkXV2oPDJu7TW3cSJ4dHre5xuihx4ymwQynOGhMQk32VFyidZVKWuSrtYdKaDhB1dVtMaVFYzWRzWistkTTB+44w1jVs6EJdIrdX29pZv198Rra3/3rVNvuTCuaTmsi6sqJhClJn+RKcauJzQWtd1DS5Czvni8Xw+d6g3mk6nRVGASdF4kHLUlDAm2BkFeddKsM5auVZqdnSkHywod8BbJQVRbfxQMMwdg7HiH/3K7PVRcfI3v7T+4k8DpdcPfu30f/u5+aIVH7/ivvdnZz/89VsXbqHfydOe9rSf+Imf2PDg7/qu73rLW95yxAFPetKTXvGKV4iT8/SnP10wDMMwDMMwDMMwDMMwDMMwDMMwdzoqlJsV5l2QyCNEaYgokgj5NZgpE9QdLiWqhMOixQidUaCBQts01hiUjoBpRp7Og2eFPxXuI+WGyAvQoEmRdK10pahpiBudWNFExBfDGvYw7WTgsbEGua7BwW6Rxkz+Lf6bH+xyNpMhVwjSQ8q6lrqQg47m47j1ficDTUjSwMCfoI8p6ulEwDKw3dKCgEZpKYyg2xKNbvrGTqH7eYMyKmNy3O0iRkj3XESDGOd0UVSTiZ+obonKEOtqz9bET2Bh4tLIWkjiqSCbklJBOhPm3ZjFMs6GPAcqIKkU+AY5qyHxyKWVH6fDUvaUIl2TUOO7ITPfHv+tLAsnKjqd/E7kARq21DUoXNC8BZdxcDeC5B1r8wbJXSUFDh2tMllPNC9yKgxEhuSh3v2FZsqt6mwY5k7DOvGjvzr/4/eF5+hvfEn9Jag48Xzq4/UPfO307/38fNmKjz0MupN/eAt1J/6ZOn/+/IYH60yUtpbnIYJhGIZhGIZhGIZhGIZhGIZhGIZ5dBJru76sTaEhKekmK/vKEF7TR6FEaUjM4IhV+BijIaAe7//o2g5DZ8DFAeraKvidjHQEcEFfNI81bterPmJ2iwvb0/FjtxIZiux502ur1c5tKmJwR+2hMn8v23BhBly7WNIGsmgpayULlbU29Em5pdjVTagiCJIgf3eKsiJlCkxks8QRyWBzg1qkzWdvM0ZxLHeAukCmJYnCjKquwQ6m229BdyLKsiq0ria1wnmUYvAl8hcgUrHOGVj21jjTmYP92bWHr+3sXJvNZn6Xb70ofGuFQvpoG7w2+gjBk4WKlBCDE+ROsaN0fNgtQAs2mUym00lZlv7MpmkWSNu2NBhfXVYr9M426OEDhfT8Mv28BIuUvJ9j0kMQoc+MKEARKTqoP+OUFxzD3CL8g/Jjvzr/o/caevs3vrj6sueU+QHPeYL+gT8/rXHbRx923/dz870Fr3aGYRiGYRiGYRiGYRiGYRiGYRjmEUFfJx/UkMkKIeXdoEqBlCq5MYiguBkBLiq+YF5AXIuzYaPrq86ZwwU2reSgsE4RPHJoFTEUKMQODM86jr6Ynr7WVsnlyNcDe50F7vSb4gYYri6Es12zXBzMFvv7/k9QFQSHiDDMW+9vEvq3ct3cPoNcLaQfQlVNplvlpFYa519hp7ObfvLrbModIDCIBj+0bMDsRBfT6VY9mfi3XdsuF4uu66q6DvE6dmhBEtQVpJlC4YgkzY9FCxFnl8vl7tUdv/eicefObeNq1QLkKV0u80rSE2HRfEWhWkyuv8N4KVANwR0t/P0FjDUYtbM01pJwzHcarkX6MuiiVUIFd5Mk8kKhi3TBEGU0rtixKETLTHHSYUGb4shWybn49NkQ2uOkVjIL9zl2wTHMbYh/qP7xaxave09QnPz1L6q+/LnV6mHPfaL+/q+e/v1fmDed+MhD9vt+dv4Pvn56fnLT1/wHPvCBF73oRYJhGIZhGIZhGIZhGIZhGIZhGIZhbhiZKuJyXToHbbMUgCFTfg7uFrhVkWABC/AhtAZyeBxpD5wuSr+rbVCKgpYMSmTuCcGeJDanfDE6GjOEYrdywZ8jZnGEYJx4zlA5IY4a6ti6pC9to3pg7THx0k4MrR0cjjj0PxMDhHl0wrTtbP/AF9CLsqim20LD1QQZyRxymVvGis0Mjg3FBNYapXU5qSpTd8tF17Zhr4zZN/k0uHV5ODe9u+sm7yb1YW0IEtn52Gi0gxYh061tvxZme/uz3T23bbfOqUKn5eViW2n2JD0vqWVF4hG/wVpxcDDrTHi7NZ0WurBKGicxTgdsRii/SfS6KLwO+tBItAxKKhN4vF1/WXw2QVc0ndR+W9t1pjOtheeuVCAQIzUWTTENUAbvol5CYg1c32/XeAHcR4+oRfsWEx5ReJyVSyMX+VTKvs0kLonRT8mXJZFrUK6DTA63RsLiDrFsOelh7nqf6VNUWrFA5zbBPzv/5DWLP3h3R2//2hdWX/G86rCDn3cv6E5+6L+A7uTDD9nv/7n5D33dTdedlGX51Kc+dcODP/rRjy4WC8EwDMMwDMMwDMMwDMMwDMMwDMMw60mqjiiroCJzsLWAb0KF0AvUfCgsZ4s+DCP3+gibFAW2oEREKV2UteqapbOoXsFqNoTTOEogEcE+BeJ1sECO+wVU2Kksr1J/UOUSsl6i8UJQIVAJm2JiQjdWVDSZPcnARiGIKkJCzioySl5S/V0MnFF61YulFlCbYdrlYr4niqqUkFpTqkrTyFBvgNOYuiMO5WaUHjMDCqr+Y5dUGA8NrSjLamsqG93OZ86aPGCFTC7IWEMee4nVPTIpDzYZXBRW9NIFi0tCZClM8vTm6bB2BqFIElcBCbboezWtrTXNfL5YLpezmVaqGMlxXKYucEF24p8Om/RT9CcYiTixmDe713YxckpMp1OttND+ZedItwRLx8a+BFnJYV134VlAeQcuOd+5qqohvkfKZdsaY5rFcoFyk0JpJTXcYClSVBYqS1yuugJvFGd9H2QcR/xQCB8eohdADPxX5Hgm8Yg4A2Sn41aGkvxRbmfCGB7FbCLoeTTgH45/+t8Xvx8VJ9/2hdXLP706+pRPf7L+3ldO/8F/mbdGfOhB+8/++/z/+8otcTO59957X/WqV2148F//63/9jW9849pd73jHO/wHiLgxtNbPec5zBMMwDMMwDMMwDMMwDMMwDMMwDHOnojI/h14+EgUI/n9WYo0/OIFIt6IVGAXTQPXZgR2C/0+TnkOBe0YpjcEMFwt7QTtA9WrpYnU62mnABchdJRYykyWJSN4asc4+1p2IYIuwzrhlPM5Q60973BqpSl4lj9ft3WHQ84F8Xei6aAcjQpXcNYvFzoMPmc6cv3yXL+lLXQR/lGDrEC+8tlp9Kwu2ZL3hnL9RAudUF0VZ1zAU07bOOrDegGEqRUOmecj6vWnBPRckyI10JyHIJR2pc7+MqFa42fX+/HaJ/vFQwbNDFQXOWNUull3TzHZ3CyXl6Mauenhk7+g5DFIS/5zMZgtnd2hVbW1tQW4T3iDU/XTgGCTsEcOW6+aEpCF+R1mW0GmtLG7sum4+J9mJqqcTHYOUIPWGUpdy/yF6gl3oqi8YR7VZdHFRcjS2tQwEa9Q3JUGWRe4sbNrB3IH4BfzPfm3xe+8KipO/8gXVK45TnBDPfJy654K47yq8fnhP3Cl8x3d8x+7urrgxLly48Ju/+ZuCYRiGYRiGYRiGYRiGYRiGYRiGuTPJpByDrUmH0ttMCJGLLdKfucKDCsf4XYVDLRmQiKIsjT+668DJhNI/nJGYs4OBHn3+BhS4LWTwQIHbulGky9qYi5EVglwVM+AlaZ/LBjASToi1OR5J4pJmJ6CcO0wtEvxO/Ovl7AB0KDAhbgKxK0Wvoenbvy3odTnodAJJLWA/A+qCbtFa15KeAK1oxMljdfrGxcm4TeUHzrn4pDhjjCpUvTV1xi4OZm3bFWtsc3otRVhPMbMqSZ+0n10FU+5btPPFQl/bI6nW+fPbSsJ/FsGnQ4jouhMf2NCn/EYO1R/+dEN7NcqLSFPSot/JYrGkRJ7SOZCSoD7FP4cUi5WPG0N+rOlCZb0AgQ2pqNCFxUbrpA3udN4yGQXRA/oodw1h7lB+7Z3t774zPBff+vnVKz9jI8XJ/tJ938/NSXFSl+Kvf2EtbjLz+fz3fu/3Njx4Z2fnsF3Pe97zDg4ODj9VvP3tb/efLZ/2aZ9WVYdOxfb2tmAYhmEYhmEYhmEYhmEYhmEYhmHuWKSM8SVoz5Fq170ByLB0Pixnj30censFSiCJOThUVQdxSVFAUdoYkjJQyTn5L/RXURhAY6EKDaE8me6E4nVCIE5ofxy+sT7VIUZ5BF+GdQVxMndYNaSg0+UgQ0OtPb1vH6N0oGavdNc0+1ehoKhUUU+nQZGzmiISRT5nSJxPeA32NFUFHicgk5HdkjQFEK+Tzc/J/FgeiQYWDkUnHRiI1DWpjZr5rFh7K1fEFEpKm9RbUcBFSUcW/U7mxkCKjVZ6a3tSFSXITfzqsiZdOzS8tmsuqlLCC1SM2GCR4hfiZDKhRb9YLNq2he1a1dbWdV2glkRkAqrUJkhTMHSLdCdSal1o1FJZGYKv0C1Hi6Mnrs8bSglVIngp3RGROgwzIv+b42Ap/vgDXdwukrNPiqpKT+/Pv7750Cfgc7YuxQ/8+emnPUGLm8z999//nd/5neKG+ef//J8ffcAXfdEX7ezs/OiP/ujjH/94wTAMwzAMwzAMwzAMwxp/tF8AABAASURBVDAMwzAMwzxiUbH8JbPvhFxfOo/5G2lLXmujnWlLMEFAyxNMb1GgWvCVb2PCmeB64lKVmY6HVwrEJy7YJ2R+J8G/wSXdiRB9kToqXdyox3E87iiZRIjIkXlgyEANI1K4jjykAcpbQYWNA7sKUNBIyNk52Nnxr885V08mSpdSDjpyMu3GzSGTKAhaCb6fVQ1aJGesaTvnrHLKmn6qg15is+4/0lQEaSHEXBmpVVFXlV/ZtitSUhHsi5qKNHFB2gOLLR1m8QAVTEMEWIxYY9um2d/dx9MuKXDK0RpVS+QXhEdavILyd2n4TKYYoL4P6EQkbFrZUtZ1TQ9M0zRd1zXzhXJCowmRwguRkiy6l9DKtlJAt42nbWknHbzihrQ6a44CibJ+ZsqYXvSUuSfdlutm5SNmTaAQ62YebXzpc6q3fdT+wbtBa/KfXtec6NyqED/wNdPnPvHmKk4uXbr09V//9eLk3H333YJhGIZhGIZhGIZhGIZhGIZhGIZhVsC8FKqW+iIzqEBQVAFlL5J24FEqlssh/ILK5lkh2pFPQ6y5YukYBCMWastwiIY6t46/3i2sL8c7payTDoM78LJSS+nfQVMqpbdAWE8ok4sgTQlykD4BKHNeGQhfkiqiHymJJMCDJGabiNiciF1Pte/VNiNrPE7GsxrsIRRV+IWD+WwXi4OrV5017q6L0+m2gFAhnUcXUb09M66gZqw4A8KowailKCWY07h2uXQm3gILk6hSSBH5bhxVYL+Di++9qU8m6Ej7yL3EL15aNX66isoVlSlUkIaQgckg9Ub0uq3srVMoXLB0HVyL0ALk7MznxhqLsUbb21tKSzRI0aRTcQ5UIKs2OXJF/+EG7wBrIOOqqip6VJqmWS6W2t900LZo/z2X1PTfIUIHBkXhO56u6/zxvmO9M5IMnwSHMH6uHK2sqKIBvRleTsWkrlUJ2HWw3gTpulpYtVdyA1MZlps8GvF/Yf2/vmzyY27+uveYE50YFCdPuukeJ4997GO/+7u/O9/iP1789+l0Sm/9Al4sFn4BTyYTcRL29/fPnTu3yZHveMc7Ll++/IQnPEEwDMMwDMMwDMMwDMMwDMMwDMMwjwB6UwEJxWvMtsDC9+io6OogxTodRlZjJaMMEIigQwK+gavYmO4RQmyE1rKzbTQxAeuT0IIjMUiUuZBjA9grgGAEhCl9x/Fwl40lC9wZWZ4MDFEoase6/PyUfDIwSlkpHm9YtoZUIBpp8JmAM9vFYq4kFudVVU9loYIdRUgyErcbVElXBeTs1NOtdrns2hbkBKQ5siRWEqiOcEFmgMRl9YiqvKeMmmDekw3OhYWKE1Lqenuq5JB8NrLN4TDa6NdGvgpj2hMoPBbzxbWr165cubq/f2A6K4VSkhJtoplJ1DrIdZ4bMmisggok61VQR1VVtTWdVGVpjGmatlk2radpXXreyKIIVSB+AWsV0P45dtJ0/qzGd8wfj6FYx61l7EkauIwPgEtYJ9Y9g2m/OCXkCuK6OPWOMXco/gPx//3l05c9+wTykaoQ3//V0+fdG065b8ctWnGTaNtx01/wBV/w5/7cn1ssFvT24Ycf9m9f8YpXjA771V/91f39/cOa9Sv/m77pm774i7/4fe97nziSV7/61d/yLd/yj/7RPxIMwzAMwzAMwzAMwzAMwzAMwzDMIwIFKRpYkfYvMFFDZEVeua4iO6rMrjkkNKKiCQRuxJAWEersWLv21Wql4bCRKUkoPYfWqbrv69z+S1JvZSyXx9cyr6GvLRxn1e3DissuG9pqm6vXWnvA8Mg0QzhEDEExbTvfn81BOdBISkixVoQMoesvWMvj2LyRwZwElw7I2SnruvBfZUXuOBgblE+X2qQbm0zd+OvsSBNCtzBOztpZRa2HEORHUlQlqDFIk5FewMOmovokaFDWGOlIsAYS6Uuhs4hfPYv5/MrDVx5++MrBwazrIEkH1EsS/1RFvAdy7TBGkpfBLgHZV75nZVnVdV0WZde0bdP474vZvGka0H/YEH+lVIjdASsUCU8lTYRfxAZUKq0xBpeM77A8bkn74dm8P6BrcZl8wz8Y8dJ09c2X8i3ADck3itOwVGHuXEh38pJnbaQ7qQrxfV89/fQnh4M/see+79UHf+8XZ+3JrFKOx6/Jn/zJn/yar/maK1euiBPy3ve+9/u///u/8Ru/seu6tQe8/vWv/9jHPjaZTJ7xjGcc3dQrX/nKxz/+8b/3e7/3ute9TjAMwzAMwzAMwzAMwzAMwzAMwzCPAMhwgGrHQmVVZZSDCBXTZOQmsTKpUbA7CHETVBaXqvAV8hLeqvgVhC7+clpIqjaDeQbldYSaMxSlIYbGn690EU6XGkvxWuJXXmfvpQxZHkgSDoihcoQEN0Fts0YPIFadCzYpJEPwSczEif4NtN1JTBRq5rPZ7s7B7p719TuL+61BI4nNZ/iWQrevrCZVPS3KGu8XfKGIIqyQoDQI3jEUlXKIPMBhkgx9iU2+bjUj5YDspVa0ZvrDslQpQb0lQZXAeXFJNCNX5TZD5CE6r2wjiFGWi+XOtZ2rV67u7u4tm6XfRbKPYOAjgnppdUjHajVobFVVTSe1LoquM8vlErxOmsaXmSHCJ2ui196IIKiiYbvw8Nr+oOMeGZk9q4SJz/8q2WwEodrq3pvN7aN6YW5n/OP6d798+lmffMznV6nF975y+hlRcbI7dz/wcwdX9sU7P2J/+L/N7Kkuar903/Wudz3wwAM/9mM/Jk7IT/zET/jvL3/5y4uiWHvAL/zCLwgUlKQ8rMOo6/rbv/3b/Yt/8k/+yWESFoZhGIZhGIZhGIZhGIZhGIZhGOZOgmq1jow+4sbMYcJlX6TbOKyltXVz2rByTXIuUKAjAQFKODgvHLtUzs9r9L2AZKPa76AnG9fvQtNyjfPHcbisyJ5SewTqLKJThnW26xYHswPQney2zVJYS3tRqeHONGXHiXUdoNugtC7LqpxMiqpSmoQmYhyBkqKPDp+39de4jXE0zpUe90YlY/UJ0FdeZZYjE52FBvvEYe46UfCSHgR/vcVisbu3d+3azu7u/mK5tKAaC25F4kjyZzJ/oYLQDN5qrSeeunLWLheLtm27BnQnxhjhshCsbDg6huwURQnxXNYfC7oRZ8fmH2KdjOuwGR/oTuwxypJbpjghRh8Ko4+JVRkN8+jEf0h+91dsveiZh4owQHHy1dPnP6U3RPnx310+cC28ftP77Wv+pBGnyt/9u3/34sWLv/Zrv/ba175287M+9KEP/fqv//p0Ov2mb/qmtQfs7Oz81m/9ll/zr3zlKzdoT3zZl33Zc5/73A9+8IM/+7M/KxiGYRiGYRiGYRiGYRiGYRiGYZg7nFAddlFyEsNxAiqF4cDXuK7eZ6Cks6n8mtXWQzUcNQqid4+IgRk6Vq2D6chhYgUHag2s/WOZfFhkP7y8e3RKixQja5OhqCWMemQ+Me7YYEpciAOKSgEXr0M6C2eML8rDpHftYm9/trvbzOaQbSJUKKnfRlqMOC84GEu2NQp1J3VVlCWsBzcYflBLHKPUUUlVIW7XsvzqEOjODOw2RFKcDI+L66030KHlTek6h66k/q1LPjl9b8A8ICxJv2W5WB7s7+/u7O3t7i8WC7+l0Pq4eR802LcMNjs2l3RoXUzquiwL3xFSnDTLhlxPSAiSz1HoU9SdaF36G2yt6DpD8pS0PFYlI7kWJ++8Fn3iVnA9Ei7tXas+2XDgN4O1lz7D/jC3FVqJ73n5et1JqcX3vHLygqcMInje8sGB88ebPnzKRiCXL1/+23/7b/sX//gf/2P/RG9yin/WfviHf9h//4t/8S9eunRp7TG/9Eu/5Ft76Utf+vjHP36TNv0D8p3f+Z3+xb/+1/96Pp8LhmEYhmEYhmEYhmEYhmEYhmEY5o5mkCSSDEWwWq5VXgseywtWS+fjKnrcGw5EcUlQmECFmlQn+K5UkJ7TV+XzK6YgDUFiFhXDgCCWRyUNihx6DciQ/JKGKeQR9hq57uS4kjHW/dcWmm0fvELGMVnODpXQ/R/WWBpO17bz/dliPnPOoEJH5rkEt48XSLrRTkKiji6Kqp6UdQ26Exl0J/5OYp7OMS2dSVbO0ch15HvT2lt/On2tu1uq11IJzG4KIT2H+Of01whqJbpssPmIAg5/orWu67r5fLG/t7ezu7e3d7BsGjFYlNSCS4to6C2T3IckNqiiR4vCLX4s0t/k6XS7qqvWdMslSE78Ym3bxpjOX9/FTg3aS7Pp30NMFvidOOPStXOvEhdtjPAjIHRQZqZAlKqEl4KILYzegpQtSe1YJ9xRdyWb1DGbHLMJo9PtYAtmZgVjmP7r6G6cCifqOXNrIN3JC58x+OwrtfjuV05e+NRxVM20Grzdrk7/E/Mrv/IrP+MzPuPjH//4z/zMz2xy/M///M+/4Q1vuPfee//qX/2raw+4evXqv/23/9a/+Lqv+zqxMc9//vNf9KIX7ezsUC4PwzAMwzAMwzAMwzAMwzAMwzAMc+eC9VKDegjbJ8JkZXf67nphiqAi+8BoJJSV+4wRqsSi80coJcd2RIqQoXIzWok4GS1Oet1G3w5UrmVmoyJQFRO0JlTVDwX93rck9kT2fQx7cocNGRUkvaXHqn5gJCVBAUuWnRNr+M4pVLb4S6vYByiej+wwQMVAM23tcj5bHMyWiwUU6FH0A0N18rDKsHM3W40i112UpD9BUCAU5OwUZaHLgkJ28KDs+PUtD3KaskG4475OmVXNAP2Rf2UapGwN0UsXlhY9Akf0MiyCfp0Gxc1Y3hJnVvb+OLiMhOhXbToctFu6QKWIWywWs/2D3Z29/b2DpmmCcYgTmgyDXC6jSiuctC/BugjkEdYFryIXHkkcGxizFGVdlbWxbrH0S3SxaEB+0nWdsx2IQaT/wKCpGgCCMuyGM6ZtO9tZ6Ak9w1E/ZvFiNmg1nKQvCV9oLAQ7JX4kSYsvfCetFQZeKEuPkBP2NlJRWNE7wPjBwGcqPuZjJ6VHGfKUEHc4/nPy+75y6wWfFD4uCy3+7ldNPnNFceL5is/oVSf+WfiKTy/FTeC7vuu7/Pff/u3fPvbItm1//Md/3L/4wR/8wclksvaYf/pP/+nOzs5nfuZnfv7nf744Cd/8zd/sv//0T/+0/1QRDMMwDMMwDMMwDMMwDMMwDMMwzB0Mln+F8WVdqEpToExAZu4UsDGG5kjUUvSOBC6aEkSdh1SUkYFfcCymg6CBiq9Ia/JlSAcoRcV3qLKpWGRERxMUaFCiDl4bSsxROxIq+eF1uJIYR+ZAlZ6+BH6Fq9NrBV/gvgKmLhourmTf7+wrz/1xUalAsgNJrjCSvCzCi9CTqCVwos/3CSVU2KR8yX9xMNt56OH9vV0D1XxfhpdxDoN/i8Ppc2ES1XWbhchNSXFKPVH1E778tOmyKEpdVEW4BSLT42AnZZxk0c+8ksO0pmASctyXTEtDrGQdnVpGNGMSAAAQAElEQVRV+ijhS58fFYUFsWcyWyFhmaWuFjK75c6FgBhMs7Fpe357Mv2EHAlZ4ukyarjg8M6a+WLh67XWmGWzuPvuu+rJxNrON6NUAa4k4hjooqOkmqCukbKqoP5thfWF5+Vy4chpBPUjulSkcUknJ5ceF11QQHbStdYa34YqdFxHK31Y2eKbilqzoHQzxkgbPoA81jl5ewsR0v1zQ3sowTxaId3Jj//e4n332W/+7HqUqpP4mhdUVSFe++6ursTXvrB+9uO0uAk897nP/ft//+9/4Rd+4bFHlmX5b/7Nv/mDP/iDF7zgBWsP+MM//MNf+ZVfKYriu7/7u8UJ+ZzP+ZynPe1pH/zgB1/zmtd85Vd+pWAYhmEYhmEYhmEYhmEYhmEYhmHuWKBILSlrI2yR0ZIgvU1OJ2vrpkGagMTSqktnhS3SkSeKowazImx47dvW2AtrqO6MbajRheIr8gtxfVNYpg6uCv6tteIQhvX9wXaLfQwl46F7hxPrJycbYz436OiSY8MMplborK5Z7l01eF09Pa+V1q6fELHSz5ti/nEschii5O+TNsaCF0Zp2s60LhnQkMBmNHs3hsu+nwLrS/9Sig0sMzJ1TfLuOfTgIslhsqfCL0vrF7cxYYmnA8bSj+C642gdZC5AUbMUdB6u7dqd3Z35fO53XL77sq/+OmexfY05NCsDkMNh0FbnYpSQQFWHxcVni0JPZO13NA2E7OBj5Z8rWYEVilAkgXFOBcmVxEAZCyIsMFBxxnXGGtn5Y0m5pZzsb8Bo6kYSnDRdItgxhbmKwrc4httEyJGthvH0MgxSaPE3Pm9y7GEvf17lv8RN5iu+4is2PPKJT3zi13/916/dtVgsfuRHfkSgZ8nTn/701QNQr7Y8rGX/IPsTf+iHfujf//t///KXv5xVWQzDMAzDMAzDMAzDMAzDMAzDMHcoVOy21imqOWdZKklIgZVoCdVkrIAnr4XVAn62MbdLSX+S8CRW4QdOECB7EVRhDgoAGYrKMUUjeT3QLkldisNI1xeZr0Q+RjrG5jqYePksGyO1lE7uh5aHssioGhGb44Z1fkGDkNZ0i/39oqpVoerpNto5hH7Isf7FnWGRvRcJ+VdaqaIoKmtBVmDi/RJ9Ho0cRgrd0IXFzWB0705wK1cNSeRgM7Ymxk4n9AIUJ9asXmxV4ZV61C/KoZhHSQpzgmSmtmv3dvd84xcvXqjrmtQqMd8lnkzPc7+WUACmIQymf6alyKQw8E1rXVVl2zam7TqIU3IQoKOLUhZSyyhrcWhIEwYowjPotNB+sJ3prLO+HaGdLDT2aSA6y2ZNHjIbLinawidB/Bi4TVCYTjbawjC3D3/4h39IApFVKN3mG7/xG+mxMv4DXYidnZ2v+ZqvWXv8d3/3d7/0pS8VKDp51rOe5Y//tm/7trT3bW9725vf/Gb/KVRV1Rve8AZ/zOXLlx/zmMesberlL3/5q171qi/6oi/yfSjLm5IlxDAMwzAMwzAMwzAMwzAMwzAMw9x0Yg0ayseQsCPHDiVJ6BHFJLndSF5pl8mP4TjTiHgJlW3BPgQzA402IaSAsVgo7z1YUjkaD1foKJK0MmvGFd65tXEl2eV7tU043SXxRNbgqkXKqHTuNhh7OtTX99C6QXdtO9/fq6Z1UVRFXWnQ0xhIEfEVfJd8Ys6eXgygpNZaVpVfNtbatmlkuAlZsf02/r31ga3GyV0pZGayMdKaJHlIcdjJChKlkrsJab7E6lMn5PB60YkopBKFMCuXpGGzg7np/M1wd911qSwLFeKmerlKsADq+yqThiMfBUQ8UaIRrEJJKpOigOH4m20a08nW6E6rMmmjggdLdPeh2CG/T+OqNdbgYoY50ahXigouCw/wqgosdk/0Cy5aGWHUDkxfyrsaTL84e44zwGGYM2E+n3/0ox894oCPfexj+Vv/rB12vG+KXly6dOlHf/RHr127Npn0Di7+7b/4F/8iP/4Vr3gFaM7WUVXVq171KsEwDMMwDMMwDMMwDMMwDMMwDMM8AnBZdM5qwRSlGL7QmwrfvVSFjh+neKzU8Xu/kBAyA2Xn5HXieskHtIa+K8L62rVN1xdCiEMEH7lpQl/C1jLJRGS261DWGV3kBWQaacje6YUB6xU2MoaY5Bc9xFoj1NZt2y4O9nVRTMSWlFMX1AhW3nYFbAwxUlJpDaEqU9QDWBAV0Pdw0AZpNRuTm0hIccMTkul+0FpHnNCxJjIUceTto+hkFJ2TqyvgWYKLWxHEU8EjBCexT6iKuorBIlIhyCrpMHAc6CjiX+3twF05f+Hc9tZUJD0NtBOGGpoZzkVuoaJUCMrKE218bVhDppLxK7LztK3WpVRpOKPRh6sqpalBAwFSODgwUYCXpOdS2r9W62Zw4FOUsntIdCLQ5UUKIbLPheu7hTcBl74BK4ZLt00/72xcJj68fXj9B7v7rllx2jzhkvqspxXixvjsz/7sX/3VXxWnwfnz5/O3ly5dyt8+//nP/47v+A56PZlMPudzPufee+8VDMMwDMMwDMMwDMMwDMMwDMMwzCOX3GEh1rqdSBEfeZFUBkcEKWNIjQg182jBEA5LYSsyGZPkvhJJyzE0xYjJO1RXF4JMTCh0J104ka5P28ARBKUrKPdYK32gmv7qwHNWTpT0SobgkWy8MbInLyX3DcZu9GoYsYKDTBKUljjovrGLvQMpNaoOlK5KOQz0Se2ObVpuMqvXsjZ6WfjuiqKoKl01vv8WJAkmDzPKGdfcr1+UsiqdOAG5Pml0/olUAXLdCFwmuCqCiCQukdVraKktReDIPq7JOBPbj5cIYix0N4lgio1FyxTciPIO09m9vT1Sn4A9SVUFO5NeB5KrxQRl/YT+RAsjfyOHcyQ1+JNUBiHRyWy2sFZOXO1bKGml0qJQQYPiYkCP7wUOufPfcH04ZSE/SmntO2MwuEuuBGKFKUYhTnwMYK9FWRNsaR2Yr+j+w8ulz6GzIH0+MLcSd5tN+Y/84sKcvuZEaCV+7n85J26MGhE3nwsXLnzLt3yLYBiGYRiGYRiGYRiGYRiGYRiGYR5lQPEO0lwg74LUH1KFQnCozVNVNapIepMOJ9akjMD5GrwVYik5NBVL8uFsG4ryWGBHRYtxdIDSwfQBU0SkiMYheQpIvBRqYAbWK1FQItNrjP6w641S+hkYvhADVUt/fBpLf0w8bBCd446XL5C8R5DExpjOmfnujrPGD38izxdl0ce19CkmZ0lyvojuI04oWRRlvTVt5ktrW7jvpKMANcTx9dfjFR7usPcnm4vVC6mgmTrqmM3J5SZEsbbRUWZV8B8B+RU8f+mRS8cMy+q90iUeKYLGA01N8JExB7MDeQXMRS5cOr+1tQXuINZqrcKqjN0V6TkcCabGXdWYsIMbhOpcK52y1jSLpe9zWZb+xEpKXRToQwKCFZAjhcgr8nGRWhfWWszrCaYv1hgQlMAWmAIVLjCYq6TXURCjJUQUjqGnjsWeFShZkTZe7AyhjwR31o8oc4bcDMXJzWuWYRiGYRiGYRiGYRiGYRiGYRiGYU6d5LYQMmTUIdkhK++Ct8W47Cv7MJ61tiKrioLgmBL9CyBkh8rWIUVkpYFBBT/vwMj1wFFrx/1ifDRwyWvy6wnhJuJwJYhcc/ywS1SapwbAO0Za0TXtYv/Ad7Xw5fxyC0/QoneZcZTFIkZDE7eUOOkimMAopYtSFUYaI0k3JJIK48adCEbLRGYqJzdKdjmqldxKw9kb1+8cZnOSANHJYR4eCcyywbQdzJpCZUaUYkXFxlrdSR4vI0KMDrRRqLIz5mD/oG1bfyIm49S4+PwSs1In9xRcS2P/n4G7keslY2jLg8qQYEPkRNu1bmnJSaVpZIlN5foV7HmvsVHwaeJXuXFBbIWHgdUPmv3EgYthl8LruJLoLfmddF0H7RYQY6SEjEFJayZ5jWvTTYCcoowYCeDcWGbEnBK3m80JwzAMwzAMwzAMwzAMwzAMwzAMwzw6yarCMhZOQ/UWi86ir+MOU3R6XF/FHrUdy8CUerOqMiFfE5nblgSflXhAqMpHAUP4j5J0qIVDFBeubzBGl2RXX2vrQJ4uKThIiEPVHHkVeX3pc6W+nNQl+bZc1hNcJ9ADopkvFgcHZVUVZZESUaLlyfCmnBmUx4JaB0pLKbTptIVfyl//e/nXGawzvMFRe5S2HSMPGiTmJLuYNeX/ka7jGOLqSilPYeXmN7l3OpHrJFcjkuAri7YZ6Evc0DVo9XRnLEqrVCGFsWa5XF67es06d9flS5Npjf1Ug/73T7PMfFPssA+k63HhWcW4HO3XpLVt17Ztp1SD50AHisLvwlFbsBaK7YwkQjb3gwEzHFCypGsNXoggaVLGutVkLI/vAUx0USS9yyr5iRYcX7S4mWgRZDThw87dBo8qc6v42peUH37YiNPmKXff3EXLMAzDnBb+J6DOiM76n8RAZpsSJ12m0Be91Rx5PYbX2n8pWYCNm1D8wwPDMAzDMAzDMAzDMAzDMHcWkpxN5FHeD8FIIaXqyN6j48hiOhWdg6wkHpxK8CRZyBJpHP3za2wZ/ukWg2xCTVr2liCHXjeJDHKZQb5LrBS187NGLcsV9cmq4craYvemv4SvslkNJ/p/pO7ahdm7Cp4S5y5e0mU5vDVgQSPOmqSHoHe+q0prVWhlDCSfuCQzOhWzk+y6JHNxuejkOEOanlxPNMIlbcSGKgE5UJwMdED0ohedkD8HpMBkgUMj+w0VFCtwcDwsKTZEHruTvxCDS4J6AyOpMI/G2cVyaa9d9Q/gBXthMqmLsnB9sSO20LdpwyjCopS5uIrCrlBb4u9y6bT1O9u2advO7ykz1QipOpIPSy8ng8Atp3WBj3AovMDd8++UyKcizVLmEaIyAxgcqvIrzZDfCXSgLP0CFLcZR3w8jm6oYE7OJlquW8z/82W1YBiGYR5NdEY0BiQmnQWtyYZEIXn2Rog2fyNAeuK/tJKVFgWLDxmGYRiGYRiGYRiGYRiGub2RsYy/ycG5kUOQaGRl/8MqgMETwxe1ybVEJleFvOkY60NnEP54G20d/ClYjF5fyU2pIcNCJFbOycIkE5DIZB7ixpMA5W2Z6wFGg5JCHCu1EWuPWdkSa83jpvyQ/X/2YLbv/6FZqfN33Z0XpWUUOJxhuTWIlJJzCK4EpYuistY4aSzeqdRNKQ6fzw3I/0X++qvzMvO8uWGCBOvog4pkGWKtzf1OhlIDmfdQWPgv6E6gx2utTZwQ43lEaxHnl4uzJjYLUo5m2V67eg2euLugA6rUkEXTd95G8QPJu+A5cf0v4IYnFdNsksoGDvELs6oq38+mWXadcU2TFCGgLgHdiUJnk0wWg8NTqsR4HJPysozvMKhOwC9HZEuEGowb/QTCfJLERGT+MRS1Az4rCi7cP035035L4nXykRrKDXIiGkblzjEDpRtzI7Beh2EYhrnF+L+820601n937YrKxP+9VOCPkWANDwAAEABJREFUyBDlaG1nTNfZFv5wxv/0Y50xpNCV/od8DfmUsgSfOF1ohd5vyv/A1eGPEFHF4g6w5VL7L4nf2UONYRiGYRiGYRiGYRiGYZjbD5lcHtTAQmNgv+GS5QCVUKVScQPYN7hgWhAFKHIkEgjJIVCFVnGPHMawUMua3E3gPbTq++NcpkFRIpSYRS5+wT3SOvyX2XWFyJQ9ko5flXuQPML/AzD8K7GT/YFjpYgwxohja51uJUxn7RaRzVV8DYNT2jmz2N/3gz1/6S7hNM55rJ5Hd41Qwha3HHKEEbLvCwTsOO2KorTwz+vg2KL80nBpfNevO5GbZJTcmuqzE/k9dNHPY/2li6SZIJcOkp448gxZE+8UkpNkUpm49EAa5/JnRWHYTW9DIoKCASscKrShUFziF2u7bK9duWY6c/HuuybTqS5RChNEXhIsUeCZo9gqS/osF7Qyjqx3UCcG3vBSS38sDMdvhEv5MknZQTkFaii+TuKfjM63aNHvBLJ0LLkiBcmP6vU3lmKyYBEpSeOmPSKKy0hY4qAkg93r/DaNEhSaTIUeSCg6EV3rt3RlNSnLktQqNlq5jB6RTRbf9S0m6nTvxkKuTXTR4GSzzmpJyPxu3gju+MfkdgQnzGVv++1HnHVd+jWGYRiGuU6MFYtONJ0b2ZnA/6/xP4rYrm262bxtN3M78T82ofrEiqUIFidDqlJNp2VRlsr/QCWVFbI1ojXhL75CiaqQk0Los/c+ZBiGYRiGYRiGYRiGYRiGIWLECxW4k8nBUC9CUR9Upo5ZGlQqjQ4OmWMD7h8n0/gKPPmi9Hk6KhbKo2MGlqTxIF+HVWSv4N9rkarq0oWcjfCvrC5JGqSSIrQHW/o4jlgFlih4cVkfswpxGKX/J2BKKRFJCpKrDPBoX2nv25RCjCJLRDx7xcFkXZHUYok/mxNQF/hvHRxqRTM7WBzsl3VdVrX08wC/A+n/pdrGfkG9Hs6SZp2M4Xoq0Or4FPm+rxTBAiockspIXVaVf9EuF13bhqK7jT1BeUDoWQxsOh4n3ei6q0dkpivUsc2azlGHneD6FU0XE/G2xwOCRCQeGV8UIIxQ9Lz0K5IsPVKCjFuJelKQjQMSKly6Ij4EMg9kyU8Z2HiokUjKr3nttzRNs7+377t+/pKdbk2rugo2RST9QqMRJ22QQNjUOAk36FFTfSIPibxgKmwhyICk7TqTTnMl/KmlIp+UcA5YFbmQnjWElCgi84ORSskocAPti3JyqLRSiMEwJ/jFYTDX8dsbifk+CrUmodkzQa5frpynwzAMwzB3EP6Hi3krlq0z2Q8vKCXumkWzd7C8SQLIprVNuxSoSRH4I9n57bqaVP7/hPifq8AEpXGzBkQnk0JOSqH4JwuGYRiGYRiGYRiGYRiGYc4YOXopU/pMJP8N+jzdIpalB1XUVPd3h11HZu2KKEEI9iW5oCFsDye5AJSSxQpZMTfZtUQ1DGb5kD5CCnF41V6sKweP9rpe3dBrIeSaIa6RB6xtec2/VcukT4AGdx5+eOvChXMXwHg7inxyt43bxdwAYlvgP1/0t0ZppQwZ5JCJBh1CWqSTd3ijM25eKT9qZdJ6X3PX3MqLoutapShrpjcyocHkuhORuZX0qgtHuhN0/XCS9F1Jd5K5m/TDRu1Sv130xwtjusVyYXccWKYYo+SFia9bgN2ItU7GVUTPm8DHX+bXyruaSWckKmSEtP4wkH/4Lyk7cjHBB08XqhBiqD5DDUo28DC5KFwKU0FT4C8k02MQlpDLp0sE6Yl2eD2QnuDvCpdlWRTFbe754W5t4s8jEp46hmEY5ibhf6RYtGKZ+5qA8L1r5sv9WWPtzVGaHI7/qWF3fyn2QYPifz46hwIUJwtjxUHjDhrwPqlZfcIwDMMwDMMwDMMwDMMwzJkSi8vrs2nGQBiHVehEEE4ethMKyWuaSXkgYv0+lxqTLtotgN+J7XUwEqUNue4kVd77F6HBrG6upLPDTg6H3w9utXOuz74YlPuPmahxYsY6J5L1Z5JOAE6x1jgx292TWtfTaVFXMutOHK84Q3oJhIRJFlKTQY3SWnY4CrhhEMlCXjhyLDlx4pT+2V5maTPB+uaUqtLBE2d107gD4xfFfLHww66qSmu92pWo3sgVGP0TArssiEKkNLgBI2asHV5yKJiiOkM/D8G0xL8oiso/tG3b7l3daRbL5WJx6dJdW+emityBgkmQIn8hYVzqUwjykW6tMksr7Zeo31sUhe+nMR0mT8HRvhklK9+u1qA7CQ8xhg2NHp6kvwkiLFxPKh1J4P5omELuPrjXqQIMVZQfGjiegHTF+a8Krgs7QsjOrVWgRBslEvIcflh+MMMwDMMwtwHGilnjFl14Cz9bmQ58B2eNuD2w1u3uLYT/EuLcdrW1NXG6IO+Tg0ZMCrFVSY7dYRiGYRiGYRiGYRiGYRjmFuNS7VP2NetRIRTq+CsSCsrWod1ZrEm0L1H9ljG9YMQOt7pMO5Lic2yM/UG1hwVnBaU1VpwtiVtcPIesNZJoI/NNGVi1rOpOjuD6hQvHqnfc4Ng8roUuTCMzXdfMF4vZrCxLXfl/Rw4uKxL9H3DIZ/Mvy8OZIT2AUFo5a4uyMEa71gTdj0wDvLm/GppLT8TNIXjlrM1OGUoICn/THHiLuKouy6JMIq1cOiLlIc9ISCQilxPy+DEiWAINInUGS3koARNDvx14XKyZHRy0TdO13d3u7q1zW6D5ELZfgcH4pNcTuTWmRUJmXj8QzIWuJxYsTyx5lrRti3k6pqqcKgo8zvkn2Qb/nsz1xpEcpbd+6X1f+vUy8AUhXRkIcZSMU+ob9uvNuPiZQlofEeUpg8+C4UhOC9LNZWlda+6sHGePMQzDMAxzW9B0Yt66Bp3X/F/ThTSz/cXu/lLcxuwfNP7Lv7h4od7anrZWLTqx6FylxbSSlRYMwzAMwzAMwzAMwzAMwzC3B+stPTD3wyk13BsTcXJThBPIDEK4x6iMrkI3+iCflAei0P/aBT1K8jUJ5d++U3T6qDi/ue5kXU/FjWe45+FBA/0JKUokeMlQjb5rmsXBQVGWtXNlXQs1UJmcmlvIdUFpKEL286G00r6vZQeJJ2A9IXoZAx3hblaHB+qCzc8avpVHtb/uCLk+5Kiw1rRtA5OjBFkDaVRLkcdJRIwemXgll9w+0PYHxCdOuKQ7EUOTn7CF+jN05qFIqrCk8Elols3O1R3K/Tl3bhuMgMKiiwPK5iR/gtc+NjKGPvkGu67zB/jvwbxEgyqk8hNQoFbKOtKT9eK0rJE+Uyqp2LLZWJHahM7RwX65CSU7gZoXVL2g1qfWxbjekrd7usvwOnQkN08bxTAMwzDMhixaMWudQdmqlsJ0zcMP79+0H1ZvCju7S//lf+y6fHlbFlVjRDN3hQLXk7oQDMMwDMMwDMMwDMMwDMMwZ0UvEVhTUg8l77zGLw/Rpgh5hOVJch9wwf0gS0XJSupCprq+St4sDp0UVG+CkDQHTq6WtMVKcf/Y+JujOM6qIPo5HHmMWyPKkRhPA0ISF6QyQjnQLsznM104X8p3rpxMaepkmIyzlZ0QMg1IKqW1tkWpu9ahA4W45biTxOvkRx2xCuKyO6aFRFFVpe/Hcrmw1vgTy7LyW4P9Brp8OBsWfJCfxBUcrDvwtdbKohWJUmDtgxdTFs8cZEqFB22wjP2NoA6DngMvZQ1F+riubXev7ZLWZLo1kYXvjA0+IkJFlRA1YxS2b/un1aWgJH8JsGBxGNSjYIwWMcY2y6UoS3osK1EVZem7DVk46MyDmhSryERJkp6mT9gRZOIjHPXcnyHzq8fb0d9m6UdQVFI0TeOv3nWdCAlDVdDuJBslrQd3FBQ9AxuVG0SLpPihQQyiv0brK8/rumUClE0+6U6rM27lYvmGO6uexzAMwzzyWHZif0k/XolCCbNcfuLKgbhjMdY9+NC+/5Hs7rvPqbLqrNhdOC3FuVpWLD1hGIZhGIZhGIZhGIZhGOaWQIqBoGYI39E1BJwJspK26wvvvryrwNlCj7wV0t6+9ayImb/sL00V4OBgoEQvVnFRX2GgKm1JfOKL1CZan2gI7iD/BzR1CEYNFBbiqDV6b48w2whDVioPCRJDkQEVjaXYyNVg1T9jVebiQj7Q4KxoWuGCcwxW/JezuT9YF6qsa9W1voLvDkk+uRW4uFoQTGjBpeKCLkIX2rnSmMIY44wRme4o3YL1OokbQ54wXset6EXkIdIS0tQEm51oUBKlP73Vicusf4q6ro3pmqZp23Y+n4H2ogLdCckgoIuKxBfhEnGtCwyaEr2vh5IKnoxofJLil4aWQmuXghsuZN8Saiy0fzgXi4W4BhuNvbgNOTuadB5yNO44mwp6aEUecAP2JBI/BPxtD930DyQoVKzpjO9xh7OkWtn6P4uysLALnkNfAsHgrGFuDn4nwU3sP76wJN5Q8bNifJv9H1qpUhYCfVb8ta3/htshlUppjPvCGXPp00aMGrkZjJ54wTAMwzDMbYCxYm/hWvwxrFKiXS4euDITjwj8z1oPPrTvf7p5zOVt/8Po0oidhSu1OF9LfTaJnAzDMAzDMAzDMAzDMAzDPLrI3E1OwIqrRKiYHx9hQ5VyRxYAYVPfbIz5iKITGarONjisULBOkrlQ530VHHQnScoh5aHeFPmv3KfN4pZz3IxHYYpr5stFOSvKqixKp6zAwBY/I9aefS07uwspBgnzXPBft00wxRkYxIS1cRp9z9QaN9YOft8kXicpTkSf/RLGniQhRVkWaHBStK1pmgYH7KrKKVX3GgvZa0jEULTSvwBVlerlJrSFnrC+Z6FrQ9uWbERxxSs6QoK2Y7FciGuhpa2tKdwtJ1KXkjYjOqAIm0xQUHcStEfQNwtdilOntR+4tDYk3fgDIGfJ2omcKDR6Af0MPcyrsp8oysnHi3Fe0GT4yIiZWzKfJidAWlKUSsjWCbh220Gf/FcptN8po6fKGTzlDMMwDMPcFvgfLg4aN2/hdeF/8GmX9z1wB7ubHIYf5icePpDy4LH3nBNF1RpxZeampdiuJf8cxDAMwzAMwzAMwzAMwzDM6ZPVuKNcQAzyY9zxsgh043DkyiFCsTs5F/TxEWMNSoiHceG1UL3opReNJOsU/BPq0VY6mRqUSboQq+50oKOKdO8XsdLtXGITbFHcoGurAxVngIyDs123ODgoqnIymYK7jFC+lL5ilXLWxCQjSGlRCiUJEq1QLN0St04is6Jb2ohTzySR4/iT7CEQebyOPKQ/UTqCbwtaiv5WFWi/0YHpiaJOF0UlgoxKpiCW6Fbi4oXCFkqzGWRZuSCfWFFLOZHlzohVdx2MO0qSEmfsfLFAOxorL9813d5WlF9FyyranPQPG52VjZi6rFRB/iXkKSQV3H3n73rXtm2HgUAa7EuEm0wmuvQlHmkN/HKx0sqtKN3y55DskpyzJLHCzwhIH0qjy59iv85KDY37Ta0TOOWtHymBelUAABAASURBVBr8zm9ZFkVBkhdyrXHRSYnmzJ18/W1Csk3iAg/DMAzDnDmzVsyW8Jezgp9U2k/cv/fItiHzo3vgwX3//xoee8/5VhbzVixat13LaSkYhmEYhmEYhmEYhmEYhmFuHlK6Q+qjVoSq/Hg31m0zq4ncvyHf1ld1e78GqPZKNIKOm8auIyqGaViyP+jSYW6cg9MXn1E045InA9XXyZxB5pEufTrHcRkvg46fHu7Qy6UEEEeZNegbYjuz3J/Nqn1QMvh/LnbKyajsuWlV7dWpWb2YBkcTuOlJU6J8F7Wv8xvTdSiOGdwuzJZRaev1lftvVCQgh5qSEzWWtD5RuiCT3iQkRYHTCf6Lfuv89AjUTzRNa1BsUdfSzw3FJ2XWIgN3oKT2oAuM/D96tcTg9vQP0EBCFb2HHIpcqBk8GHyBlsvl3u6uv4XW2e3tbUyiCU2IoVJs2CURPE7wcIWqEL8XJCzwFpOyFETlwBbIvUKNmZQVuL+UR8x2+rCA+C5FFi9ByBa6Y21+u1xUn4QYIKX83FoE7E7a1gWnHUwDSpYyIkxEuurpipjk4Gaw6oRhGIZhzhL/A+q1uTMhT8c+/NCe/6FMPDrwP4jd98DutC4uXT7XWLW/dItWXJz2P/ExDMMwDMMwDMMwDMMwDMPcJvTuJmJkspCJPKLFguujbw6RXRyyOfkagEWEdMFeYa0wYk24D9Xee5XDsJ5+qw1DyKtidSP+sX5Efmu7XC4OZpPplEQLoZ2z/y1NOXqpC+3/UV/gnepEC2YVILuwg6r+RhlMx9+XG5QKnHTypIgxOlKsRvKk0RRFqZVWfqG2TSeV6toWLEWMaZolZcvAEZg/NPYjSc4isrcJEiinSKKTaAFyqG/MYX0fK4Yc5DM1bbtzbbfrjN+7fe4cDswmxUlQbORdirYwMBA4MjYPSpEkSwPhUSkh6QZapg8H2dAffvn27Q9nINfZ0DAVlkV695Vs0uNQKXAnTIv21y3D7/C2MO0gPaE2q0kd5hAfPpKhUS9uhtOJ2GgBMwzDMAxzE5m3Yn8JfxuXWjQHs/t2FuLRx3zZze+7dvdd03Iyba24cuDO1XLClicMwzAMwzAMwzAMwzAMw5wGfaU1egUcIgSRyVKA6tAiOgusQnkg2Ylxe4ixGdZh3eF2H2Jo1oAKBoFCE4eSEyzdx/PB9MMGHYNIooBjSr6php66sVGBWK7pdRynTRXw0ZXGW/K8lBjOYtflokRlBpo8GLOczZrFuaKuikJLrfq4lJtJbkDj1u+XqbcS3Wv8zSrLSgTPGb/JCNFF1QQV/V0ugVi/nA4xiVgJkLHDMJzjh5PMazKPEnHsSGW2a3R8foCnqKqqaRqttaxl19Ly7VCBQd4bBs8t4QDQaqQhhacQVR0WtBcg7IBX5GhjMWMGbUv8lMrkW5KCY1bnKL2PD1/29Enl15DfsGyW7dV2b3f3Sfc+6dz5c75XtrO6BPt5C3cOW5cuWqwEP6EwfzZ+aGBzqPwgbZcCMx4/BAH2J51pwfcFmoQnFZYvuLyotTeeHmPfN3+Eb5QsdPLBJZeZsNwcfTIEwYrvv0IE/IIviE7AdMUfrP2iLIP3iZIiCyZycSLpLDHUpl2HJEWSUZM49NmUUaJ3489ukgFt1K1jW0tuOkcdc+iJp07/Id+/CLtu7scewzAMc4fj/7rYnbsGPU1K0T1w3+5toNQ+Sx6+Oi/04rGPvbi0am8JM3N+IvkvU4ZhGIZhGIZhGIZhGIZhbhAp8nCQEGKR9mYFeBk9S+j90JohOo6IUNVOziGxCmzDhryaGUMyUh0/mH8Ev5RY3E4JHlTqDwEh/h3kswhrKPcHq/AumFBEUwbYH7QuMrtEGpWLahMnohWLOyJnBcfiVjQebhjU4UIU0YqjhFvXYjoHe7tWmuIygQW8NV23f+2K0mL7opZORyOI/kj00VjtpDhphdatKywPJy8bCskM8O5Qzg50Q0qtceXYpTOQqIOlf0sSIYkioRiE5A7XiqydOTl+K6NzhXJrx+mscL0yJhnyZCMSAznJYVWJJEbJ96+IYERBwqygfZAQNzSHlBlLU9B2bTxBJb8XGYUDuKCsiHooGW4pTJWC9aVCOJHCFR534SBtPimp2fiQJ/1EXBDRxQSeR3/TOnf16jVjzPnz54uysJ2DC6PqJQnGZCbHySxC6A441BaFGUZNEYbawOnwGdF1vsX0uJSFLJTGVRDmni4RPzVwleDtwCSfmLKTLuyGYxzcJITsgBoELu1Q8uJcgboTvBEifl7Jw558udl2ty6G6tgHbo0277pA3c3x17vDKm3pQ3n181Q8umuGDMMwzAZ0RuwsQLbqfxZt5rOHH5UGJ6t0xn38vmv3XN5S1WTZifbAXZxIcChkGIZhGIZhGIZhGIZhGIa5AYbF02HpVhylwBikf7he14AFXJGquQKCMuQwy2bYbKhZZ/IXajfqOfqOSJIrpG4pivegoiuVedEuxKXf+49V6V5NIIeF3swgoFdrhHENeilc8HehKyaThTj03kICpQ/DqQtimsEWGcOCBt0ZHhWGlNr1G6wxi9lC6h1dlNPz5/EMgwPte38dvgyruKP6NThi2F/Xy2ckZsJYrVQBf6LEBO0tRH9b482Rh0XtyJVq/sro+pmUxxSjM2efXneSj0iu0wEMDEREb45yhFagUKC20A4FGzB8pYyxFv5nSTqECwjuWVFUWQfTVcKVSVIUBVr4OIFggvQlMt2dE5lMDB7dfpDwyO3v7ZFTyNa57cKXIJLYRFiR4qlE0q9gPFA8G9Yg2oS43mgoOCgpoUB7ZG3XdTYZvUhRKqpywGcETXSudKP4m/Qkx+eu70N4JtPlh59KyezEX7dtW39pMV/4fXWcgULrLjzNIs8zymfpFnDLLnTHcfhnD8MwDMMcxf7SzVHfW2v30IM7TWsFk/HQldl00tx1+cLSiKtzt1XJ7UowDMMwDMMwDMMwDMMwDMNcH4Oi8wbVvbXl0VHxmo5LETzRlECMSrr9sWLtlQaahvElZObRIA+tt+cWD06M4yf6/mAB24I5h9iQoXplg+PXHOw2nvBYVCfRDYSN2MXBbDbZn2xvK1W4oTroDEvYcjjH0BMldFFYa6wxvttKKdRchKOUzM/slUyJZFNzU3obLrHBkZt1Ie98kRQYpDLxr+u6Mn4WKFwHXwixpKkgTw5sIukoANDsuPVOLwSt79UncM0zuba7xgryF4rHdm032z9w1jVNc/ny5aIqwE2FBClJ+SWS99FAFJI6JujTpLdosUFdBEFCfuSmQQkLNefH7peIECFcSobspdCWc1mCznCAlLkTTEpQ10bTNRq41rqqoJBCfieigePhohjBI0ysQrkoLtJyNV/mpj5Um9ysRxHRVYdhGIZhrgP/F8jOzLX4g0bh2o9/fE8w65gvuvnHrzzhCRdbq2eNa424OOUfRxiGYRiGYRiGYRiGYRiGuR7WmUbIIw5za1NQnHBine4knhsquL3YYIOOCUFRGIeekQQOUa8gRoqWkOgjerWJlGsDJsJZG/4za+9BkWKJqAx/U6qkFCwiQt9DiV8q5Uv38/2DxYXZ1nkonbtoKmFtzBta7fgpdtCt2dBfUoY5DxYdEur+Rvs+Q76Ov60gFLLRICaT/og+9mXU9rFdP/G/kae1c+ITj2qz31mAzYtWuY7GzwId0WG2TpSeLNNeEqnIOG0h7Wr9ohVDW5HQL1JdHCZiyB7j3szDxXOTa0rbdu3uru9kVVXnL15Aax8bI4zIgcgpmSlQspb78UIQEFwGu6SdMCSdsjbk7MigW4E/dfQ78e+ssaCrohWkpIgKLxl7HpQo2FQ/D5gu42LE1mj4ZVmKqPXxu7u28+f6jejBEoxa+smJsTuYESVvjdFGGpc4U9XY2ZNb6Yw/zRmGYRjmGPyPA9dmzjhRKDHf339orxHMkdx3387lS5NyutUamLqLU6n4r1yGYRiGYRiGYRiGYRiGYU5Okgts8k+MsfQr8l9Gj4XmvDR+lJaFSqtqRSYytF1JeTVSHFWHDZKTTPQgZSzZO5tpNbCInGsjcguWJOyIPRRHIFd6K7L4HnG65hxRTmJjWdzXzTUOsW3a2e5+NZmUusZ/IB4aXgz7t7nc58Y6218casaW6v/QNwg60crZqKGhPlmXzyb2fyRsOmU39KQ16ddrludy6Fmj9xvc3kJEH55gtOMEmp3UfmPTFP4udvBf5/9sW+hQVZVClP4Y2QfEiKigGDw8JLbQWtODZ4N3TJ81M+7tOq2JEL2IifZFMUe4F8tl8/BDD7ddd+78NhixgLDJrzKNE2dH7R9mx5IJixRm6PhWFF3OtF3r3zgNj6V1RaFTKBU9tygiWTMKsbKa4yeFS7k+dAyJcujcsoS5henuuuVyIaM6h0xQYAjZB0Owarn5RRe3zgNqjRnUI0VykQ8tvRw870PVmZJJ58QwDMMwx2CsuDaHny1L7a5wpM7GXLm2mM67i5cv+Am7OnOXplIrwTAMwzAMwzAMwzAMwzAMszm+9pp+yd/Zjf5tln4HXUZnhJSlcdQpw6p0XkI9rGAdUcNQncFl0F7FRqVCH7UBL9GkwI3cR2SoJsfWRMrcSUYK4jjCWYNW447BhpFbx3VWTaP2IF1donMEXs6axexgfrCloZ4us7mSZ+ILMDY7wVUi49xKrXXQmVj0oxAjf5lMEZG2rL/QdZfg197jgQjp2JM3ppAStEE2uGXAwKUF3QkZbBhjCqMbqZpm6aHB17W/u2Uus5JBeDFccFn4jowZNL5BlCbZXHWRG5C4lXgaMZjKcDklte+qQuuRg4MDVMWA7qSeTApwarFwUx2EJEklkwBFjhVklrovovgjBNb4jxts36GNRdu2ShSkoXG21EXhB+T3qUIHCRKcoZPeKjn5YEqT9QWR6qlXtp4+Ky4LNZVqosQN1Eh8f6zV1lZdd/d8/jmL5eeJOwo/OdoZ6RrVHsidj+r73iKaA3EH4WKoErrM9H+pOBHFSwNdzqPaD4ZhGIZZobNg1OFA9ms/cf+OtaxXPAHzZdd+4to9j73YWgm6ky1ZsO6EYRiGYRiGYRiGYRiGYZiTkHtjbKiNkDEBZLA1mA0gmKEh1mpN4kZn7GojdAx5N4xPPKwnSrjRPyy7kOcj1ioJMulBqoyn5tLpcmU2YmxIngMjshEpTNiJv6l/Sv/UHfM9+hqrL/UbP73QTdUum/1rV3VVnLt4MVyXcm3ItCIb24oq4AY4vI1hUThIJoyDSB3llJWW8kzA/cPJ1RsUwl5E0puQnkGMRBc37gThXH6rqQWxNjNIXG+8SpF0TFFyQQoneEsmJaQeAvXFctm2LZ2GO1VKycEtMqo3Qq2dJBfpSr2kA2JsdIiecVbGjZm+RA6CdVw+QJnV+BX11z9Wy+XyysNXu85cvqfwJGchFVbYoLUkDclvGPTWrwByOolhPiDwQFWSNZ3vYucbJEMXf4hW/qOBXE8kiamvfyLTAAAQAElEQVSCoEmGEC8n1KTdeu7Ht57tZOn3a3EaYAqU0Xpelh+dTn9GiFd35vnGfJsQF8Wdhn3c07pP+mw7u2p371Mf/iNx8JC4PTjM6WQgPcPFEF/DxvQ3iYpRbaf4CcswDMM8Amg6sbOAvxi0M5/4xA7/FXEddMY+cP/Vxz3uUuvU1Zm7OJFVIRiGYRiGYRiGYRiGYRiGYTYiNx2hUvy6+v1qQMfqAb3gIORdOJm339ejQ23ahliP9C1v3400AYdeVITfhE+FeAo0odplb+KSYnTyLsYXMv3mfDxRivjnClHg0vubpGq764crUyjKQFpxcs0H5uYMOmPRa4IkHX5Pu1zO9vanW9tFWZGkwYqBh4U8La3JCTo9SEIRIb0EBSdaaeH/CbtD44+0ZoLniRu4eiRzg1UfndXhnEAZEn1AqKehuX6GckmRXBnOxpNZgFoE0mjAnAMfD//VBYsOlIn4uSjLghZQ2zRt20pQnBRVJUfRTVHMQboT2ETBMS5jnLNj8b/hAyCGT3J4aGWaf2wctigRE7CscUuz3N/b09r3/MLW1lRJhX4q6TEICif6gwaIspV+muAUS+sA+m1J8gMhOoIe2rYJk16URQluKMFFSZHmSqYsLt+Wq579selntLKSJ7rrJ8cW+k2F/vbOfJEx3yREKe4c/F2oKiWqx4hLj3FP+tTuI282H36jmF8Tty0rz5Rc0TYq0tPhFreSjcUwDMM8alm0Ym+JP7fY7hMP7grmevF/z95//7XHPe5iJ/TOwp2v5eRO+vGHYRiGYRiGYRiGYRiGYZg7BjnMehEbk2rfchhHQ1YPcqALcUFqgEXqVHNfZZQQEkrzsVztbKqqHy5gSdKTzVinRIFq/7C5fnRiKMe5PmLmxND6JRZku7ad7+41Fy8Wuso72itszoKsr/hNo0hCgA0HyC/8O/iyIvidyFzpEWRIjmxO3PqC9OhyK5qKY8kntPdZGB1xAxQYJwTKD7InB3UFLEqR2YEIrZVzZaGtKyAfx3Rmvpj7I+u6LoqSApOynB1SkLi1XaO96TAQ+Ajlgh1Jmp3c2kW68OANB+0EpQE5tF2Rwkihmqa9euXqsmkvX760vb0N9X/ZSwLw+N55JVnThHwl7LJSMj481EkVb4AjrYyFiCGYBJi7olAS/UtAqmKj24+QZbf1eR8sn6Bvstwkxxb616T8k677QSHOizsQqcvyaS8unvyC9mNvMx/8IzHfEbcxSq4EbuFHuaK/GG6xeo5hGIa57Zm3Yp8UJ6Z98KE9wdwwDzyw87jHX+yc3lvCz25T1p0wDMMwDMMwDMMwDMMwDHMihr9YTptGfw5NIYa1X3loOs9AF+LGiRxZ0E0oV2+u0qAqPAWXxKvIXueRaUpuXPyR2pMn/AX7U7h0uCQpMJyv4GONHy1drDBtN98/KItJWVfhkOy+nEmZNh8yKiCERacCZaWRQRkkh4YFvTGLcLes14N4nbTxiOPFcbc/7irI28NfgFw60IJGKTSqgXgdFF1Yo1GOgvoa1bVNa5bGoQhjOlVlWY4UVWIYXJR2JfeU5DjSG5/4qyhSkbh8tCP1Seo/5deAGkjYmNoD4o+27fZ2dqwxvtXtc9u61Ok8tF3xb0ymj6F7LPMEnjgKej4xZ0kI6hnMgHVLPwrdgeZmUnvgMONo+UB75/e3v+A+feF0wnROhFb3yfJ/bdvvFeKZ4s5E6rJ6yme2Qnbv/nXhjDgj1ptH5Z8ULm7BiCiPtqrtusqvByHzv48GFlIMwzDMo5JlFxQnsls++PCBYE6JB+7fefzjLrSi8NPrf46tOWeHYRiGYRiGYRiGYRiGYZjNySwY0qZsDzAoT29c8nNZyscoNyTu6mN9XN6Hk9QUk/WCdFCtluStsHLR0HVxFgXLXHMjesnFEeRqgPhnX5fF3BFw0pjt7lf1FBwilM5jfs6AOLcDmxlBVhdOUmKKIIcM1B2QfIZMa1SvrBAkfjjhTXK99mjTnq65xg1MXjq1WMzn4BQipdagMtEgCrFwsxzITCR6ikACD94/KLe3mJbUdv7Ll1GUKrT2X9kkxgnNLE/iVWl2XS8toUwf0p1Q1I4M3RvqSzLdzSjuigRikuyGMHnKGLO3u6uU6mw33ZpO6gnsCSTZUAqoQqcTBFU1KoRhUZMypWGB5sRhbBX1dmkhFcg3DKtZ6+DUUizPSnFCKLksy3/Ytj8mxN3ijqV8ygv1hcc2b/15t7i9KnPpuQ2fGqg48Q9C17R+vTVN41c4PitqFBfFMAzDPGppjdhd4E8stn2IFSenzf0P7D7+8Rdbp/0kX5rK8sx+BGMYhmEYhmEYhmEYhmEY5g5gtUKfbzm6sufWNheTX9KLceN9kRu3ZNqLvPK4SQdEkF6IwSli/BYL/TKXnoxLlkmDsnElMy/eh4YPT7NJ9hPUs7T5ulUvWNcHrYKzxr9wRrTLxWI2ryeTUtWUxeN685Bboq5ZJ9RIo0aVBa4OrZTRSoPCwFlUKihaElGLEt1kTlRWHgUtXU/fXXAxCZddTfAJSTKbPhT6f/zMT5W47vwAS8iLoUAaGZe9jKMOqg26LLp+GAv3VRQ6SIqw3B5MQtJVnAzaEOp3kG3l34MtUeh5puAJ90JkT0simJT4nSrMAkmBwFIHxACua9tmCX7rdVnp6Nki4aioCBBkYxI0X5RJ5YK7jUj3N7gaUWfC/Q56AhCfoJIGlQb+y25/6YeLy2dc7pDSKPn71n45Ts2dipxckBefaD72Jxt8uJ5krwzb8q81J62/qAvLlsRLKJzyD0HXtO3Sr7WF/+7XhJJRoiXCuoa2nvYy/+38+S3BMAzDHE7TtP57XT1yglKMFVfnpDjpHnqQU3VuCvv7ywvnayvkshN1kaThDMMwDMMwDMMwDMMwDMMwPXv7M//91a9792j72sp92iap8E5laZnK5TIWrkUqHsbT5KHNxqaopXhWiNjJchSG58rcqiFdKZSzkwIFi9ZBDBIr6y5W4VfVMDILbJBZ5/KveFi/DZJTsMI+2B8q9bFpl7oQy7JJNyA3+MqmIc5G/K8X5jgMFxJCF7qe1EqTjsfFIQsVL30s6Rwnxte+PmCC0NJCxFVEaSouRL+4dIv7ux+20CmkqRjPR9Z8EC1IefhKy0aXTlvb1b7J7KBBg0PJlFhtLva0aJdLWIaFlrKyhdVal0XhR620NhBSY400MAuYjCNCqR2DbZREYcdiX7itqamqWqkyibN81d1ZsTIyFzUpFI4DxiFKK/+nEtLguJVQmLMjB0E7g3GT3sTmciiq7fdaMCdMZ2bdzBpo7OLFC3p7qnKdWnySKHhHRCMbPF2F5agUZA+poPTBXjuJcUSUu+PnZzFf+EnqTF1V1YXPfKB4rI4DdW//k/H4p1P7uMeqCzffB0WpXa3/rTF/TdzJ6LueXHzql5h3vUacEpvrw9Y8nDGKqX86abMFZx3/ICwWi9bTNF3bgaquKPzHnNQoPtn4ugzDMMwjCf8Tw9UZKU7MQw/uCuam8cD91x77uLuMkH7CL2+z7oRhGIZhGIZhGIZhGIZhmPUMfU3coXszDUXQAYgkQBFZ8S+XmxxzxaDwoFwOl20G55De/iSzgQi7s3coLlFUJxcDkwqZhB7k8JC5jLhBT8g1BB0uoJzfK0aGQ4s+JSKU0UW6iOxr50FUIeQ4FUcm65FsJKOIlMOmK3ZCxiYgksaGrSQwAHmNa+bz+ayYbNelrnv9Ro/qm9uU6/+X5TiDzkYPEtIhkHsFqA6ih4WI6TH5vZHjjKdjpkluNq50g47tvFu3UcTFNN6yrhuFc6Ztl8KVAjxAVFmW/ht4NRTav/UFdZiFzljUWGgdBBNKhSARX2VfLhZJ4+RPpwOSHZDCCbVRmCPD6Yo0JclkxsCRuHSs9bV6C4YlQXgi0o1x6fFx/ciGQ5JSp6Xv7+psPrMP2a7rnLi0tbWFniSYmgOPo7LOgDNK7CaJaeAtNOD/5+++xngdR7lAFpU32Ldwfb+laRowxCnnj32BSeYi/qRX/exLxDruvfe+b/7GD28uPblytfvAB9VTnmwfc08hNkar1xrztULcI+5kyqe80B5ccR9+vTgrnIgxYeM9koR0xi8i6x+NZun/81+tX2x+Vdi6LmyJT5M84ccZwzAM80iAFCfw87+zDz20I5ibzIOfuPqYx91lHOhO7tpi3QnDMAzDMAzDMAzDMAzDMGtYb0CScIedRX8c3sh1MfRfIEnIMS2HuJ7g0tD3A8wjsNaNsTrktRHiQZJrg7Nu2JTc4Bfn+0STvAOjCXBr1R1pUz/MDfJawnGHyy5Cq9Z0dnEwm2/PdFmrUmFkRX/Bs/AEGChIws2l26RS2IyUWgYDmkyqQvqHKJyQcQJueBBjScXqzo3YZLkXfngWQkKMaCAchNxNirIgfQkMXEN8julMUl3gLji2Kit/93ypvW0b+D1eXKlFUeRdCOvYuUzwJESmIwFdC4hAJEp/nH8m4DnA/3qNycj15LCpiQoVEkqBh4oV88VCXINd5i47nU7qCtJ2IBfFGNQTKWu7rL8kjyKhmvKHReOTflmgF4ufMZfsk7q2e8zLdlU1HfVne3v2F772bfS668SVq8U73vWED37oSf/up4r/5W9+SGzGhz8if+4XXvzKr3z9Y04iIPGzWxT/quu+X9zhVM/6vOWD7xPza+JUOUYhtioxiScMPjHxY9ov+KquO3+Dpb/Lpm272WzWNq3fXteTybSWKW2HYRiGedSwM4cf4P1PEg8/eM3d8E+GzLH4Sb760M6luy/5ad+du0tbrDphGIZhGIZhGIZhGIZhGObmc0IBSm5qIuAfNi0F1kiRO5Ucd8mkrghtDvQrrndAcYcIBmw6+7DUlOxi67aOrU0GDY3lEkEpc/0kG4t4AUeyknbZzPcPqsm0UlMFARQp6USdgmLj5N3MhCPB9gRfSAWahBCJE6Q/pGZwWazLaePc8WIRKU9w4aOPLHBwmCTkHJTMuy54kFQoySC3EqVlESaIdCe+1E66DSFKf087X2nvWhHXOLnE5NcGsxiXLz6Z66rQWgY1R3QJ5+B0K4wzucdJOjcMzI2eguT2I3J3HrBj6bqdazvGtOcvXLjrrotlWeBSMymRZ00raCsUFGXg2dPJKGfBdQq+RagWw4HU5tKn12J1covuk585sCd52Us+/r//y+n9DzzmytU/u3zXCZxLrgMl3yXErhAXxJ2M1KV+2ovMu35dnB4rH32HHiOGazg/gPRNBaizVIWA30nTLObzpm3966Ir/MPSdZ1fzOcFwzAM8yjioBGdBT3ttYd3LCtObhVtZ/d3ds9dutBauAXblWAYhmEYhmEYhmEYhmEYhrlNyOQIEA8zUGlk3iEnslEZqjEG73ylnxQth5xKpc5BHza+6PhQkoDc1F8EHI0Nq/wQSbGczeYHs6KopAIfjSjokG6sqLnpZEYco+2YseMryhYCNJwwIZAIZShilPRyFrgNDoihU0RB0gAAEABJREFUM4ceUxRKhfwjAIxo5nOolft7UZalVHRvFCXv+EkBRwdsUsqqbVshutJBpA6YpZhuvpj7Vip0E4l6ovBs6HH6VNCdQFaUDF4mSfhDIhjfhG+V7kTM1hn70iR3k8HIoWWIoRLWKfSZaNvm2lX/LShjKhgLymKcJU8XjNGJXing2eIs2ZrgPBe6wAOsP9cifmU47KTfu/20hSxqsQFKySc8/spDD13e33eX7+q3v+9Puw98aHptZ/rkJ+1+8jO7e+4OepS3vM28+z13wwF/dnfTXnvZi7uyhG7PZubP3i/+9P0Xi8I87an7T32KuHB+nNfjp0SpP7T2S8UdTvGk55sPv0UcPCROldx9ZCBfyo2sMqOsPkotyQb9FGtQSxXKT/XUL4aCRCizedu1/nmYz+aNWviNLDphGIZ59NAaMWvgL4rl/kHbWcHcQuaLbrtZiHLib0GlZblpmCHDMAzDMAzDMAzDMAzDMEyvwhhYiQxlBKNq9QnaJhsGMdBopLadiw4hcjNrkEykAlEiUlOYji9pKrFpisigvdXfyI8dO26goXC6Roqy9kw5HPlh/XF9EkkQdKigMYB6vTFkFbGcLarJbOvcOW1LlHIoil9BN5ezkXGg5sKR64cAXwPMkbGQOGOVFEbE0B2KYKFsDRESWcbTkrwUTizp2eQEt/ZQOTxCZkceToF2PVBQd5gS5cfbNDaNpyxLVCs5MnzBYBoau1FK+Wp6epxa0YHzSdc1svHHlGAnUoKeY6CQcoPHz5Etisizd+gYUpmAtkMqq0ASIjKpitgAatPfQ0FProOhHRzMqPHz57erqpJZ53IDFXR/gV9QtmGXcBakUcmaxbdAq4T6s/1MIzaj69xHP3bP+fP7T743yEra1v7Cf7305rc+S2sznS7egi++9pVvfMHz4UPnj99w74c+/AT/4t3vedp73+c+8/lv8Dfkne/qfvpnXuxn6O7L1w5m09f90Zbv9dd/zetf+IJxiotSf/wIEJ1IXdpnfIF626vFjeM23bvJc5g+8IMoUcp6UpdVWdZVu2ya5bJt2q4FGyDBMAzDPDrwP0nuzOGvBWWa3f2lYG45D12ZPeHxZeP0zsLdvXXS/9/HMAzDMAzDMAzDMAzDMMwjmZMUmgl50nNXDw7/TLnuHyvzeBCs7/daksNkGaGxganGwDiF8jyEtcHRwYXdm/Yfj47/tCohPCSPkZDYuFj/S/zZNjlK2IHquxsOY+P5HDgCQEcsWlqEmJ1msQDpSTlxMlRsT6i3OTWS1sehhwVuEk6F3kCYjFJh4HQTIfvFou9JjFcCww48bRzWcnqdHL2Xh7xOWzabzKgaodp5+G6xTL4goVBSlpDYAmQoIJ4AcZDWOnMc0f4c03XGdBZaaGtEl/3puTFJbnZCLSShSX4w5exY2Z8VpmONiCxb7hGlNDm4UBKWMXZ//8C/NMZcuHDOd0+hc4lSMnWGvEyoJb8dXoeQnaA1ScORKMHxjU4fv/4XabuueO/7guDAGPHAg/U73vnEa9cufPUr3pi6/Ru/PXnzW5/1spe84yu+dOZn+srV7t//9Ce/+j+/+OLF133S08u/9lfue8vbPvqffu4lX/XyN770xf4UuNAv/NLztrfnf+Pb3k4BPR/+SPuvfvylv/Zbn/LCF7x31AElPyoeEajty+KG2UQ2lz4+czHfoU9Tb3QVdFuwkJSqIZlK0RNTaB3NgRiGYZhHPrtz+HtGC/eJh/YFc0Y88IndxzzuLv+z6u7CXZyy6oRhGIZhGIZhGIZhGIZhmBtgRR6x+rtuKwXrFYXHes8PUpmQTQMVyrNaZrK/OJ4+nkViaAsVN60x1Fbwa3EuNRsal+vbGphIjOQPI0lH384wlgQtLdY17kbnHlG7laMDev8Z52uyvrBP4Sdd0x7s7k63t6uydFAfl93Zxd6jMAGcOsCLRSktVS9vIIGBihNI2gNHWiPperXGxkKPo3uybvG4kYvP8Ii1C9uN1EKHHOlr4tKCJgPHYKB5C8qnrmkMTcFkMimqKimw/KC1KIRylIADDj1KWhRoiEaGeWw7f5yfS/9uKqekU4GFFcJ6aLpxtfXuJqAIIc0HxdaQsUrQfwgyBIK1k+fgpBerT3KcLbpFEvVY0Ommaa/t7KCBjbl06cJ0Oq10ifY6IWIIWwsdw2vhelWqv6gUURIGT75fDdWlQqzj4GDr3/3US0cbn/jEB575DD/RcMrurvn91z1na2v+8i+b+Rvht1y+q/gLX/fe/+Nfvez1b7znk56+s9rmfGEf+9grn/KsT5DixPOUJ5dPfcp9H/rwE7vOFcVoaSzEzaH50/eZP/tTWZTFp3xK8aR7xU1GTc53F56odj8ubhgp17hCiUOUW2tJ7lYifyFJoQenaalpJfu14Ve17lrBMAzDPAqYNaK18BfNlYd2xB1F7X8YKrVWEtMRIVxSgF7WGjT8M2iD17Sb+rqdOf4Hyb1ru1sXLjQQdSS2KsEwDMMwzP+fvTcBlOWo6/2rqpeZOftdsi8kIRthSyBIQHbZ4YEoBOQRFJf/Q0QBeUFUVJ4gKIqAebznAiIgO4j4UEGRRZawEyAQCEESsufuZ5mZXqrqX7/fr7q6Zznnnntzzrlzb34fDnP7dFdXV1d1z+lMfef7ZRiGYRiGYRiGYUTwMBjVMYQCg2uCPkDcSbuJppRD0rQiyDLAewGnGMOcOG1dlytJY9YTviBfNb15dvTF+dVrGGxgqLXxq8C4HjQuaU7Hy4YcZUReYqtS48QKh2QY43cZHCjrvV4MTc6aUveXV7JuL211DqP+DaHpOQMfqoMlgZVGWmVJleNjZVByUE0qV7oTg/k6YxxIKCRo7PpDMd0Z6r3aLGeM7sSOXgBjFCZjANGJNKicAgsXbKb2l3JZlr1uz802tCFnJw31KSBF2YYm6UniZircJAUohySs1SWpT7Iso73ILmXgivPNHXAW8sYn0uu50IPER8aQPY678Zp2I8N5Pav3pRTKCo2uNdK1eGWlV5a6KPJt2xZmZqajKEYdicT2l6FK0JRRtJCA0cYuwlXesgVcUdzmeHq808n0dPfpP/2t8Ov+A9Gtt01/9evnveGKnc+77MtnnZnceJO77KJ7XXB9XlhR+K5YWIg6nf51/3WyEGOmrDpt9cs/fzud+/Ky2bff/Pim9Nbbdo5tgBQbLHfQu3dlH/tX89lPisLX7O4YefED28++LFrYJjaNOI7yk++3IaKTw8Da8ZFjXhAYLHxINkjrlHRtdndG5G6TSAmGYRjmWKfUYiWHPwHZ8jIawh0FTHWSTjvptNJoHX+q3ENfv593s7zbOwocvFwjO+2+SNtuUNJYxvynmGEYhmEYhmEYhmEYhmGYihBnM7peNpI6aoKKoirY3Ge9CgDvadHYEXUntoplkY2aQwNWk1CEuBmas6YvyMPcpakSXkhQMD7F5lBlGXVExIAVR8PDo6FA2RjGeKIMtIdm9mm+FmQL/W63NT2dtFrYkygJ2NrP6WkEaURAQuR+bXwwTZeWqDQ0fnK5imEJNVRntwEMjXxDk7FaxMfwijWuktHLMgadCKYFSRmhIMgtKusznkxeZCVIS8TUjGi1Wk1xEEpPlNtYNUPauFaBaKMFJM+U/T6YbbTb7SRJ0BdooJ3N+7aasreichBq9rIg3xH8X1P+Uuk/Vj/j4GNB4gCD4hVjer0eqWq279i2Y8eOJI5LsOKhOuvv8oJOBSRJaMaCgimQJNlmvaviqjzv3CETlO65Z3/l7997yb/821kv/B837toD37398lfv8eWvDu/runa1avfuK7/81amvfv2cbrfjfk3TLIo2/aZxE0399/y9+eynRjfZr34pP+vuncc/SWwaMCid48SWoNb5RovKKBRr4aVF+yrI2fKXbqRimRgTxfER0NMxDMMwW8yBPr7bl/nSci4mmyiS2+en2u2WOpRn1yhS09Nt9+OeFHv9bO+BnjET/Qduz77uiSemhVWLPbt9eqP+S+fw6Xa73/3ud2n53HPPnZubE5vMVVddRRl/J5100imnnCIYhmEYhmEYhmEYhmEY5i5P8DUYsw1VAFLWE9QoI5CiNgsJM9rDFRq7TqPopl/I4Ixk0ytjHcgBGwrK/QgBDTSRrSDKBTJBzLhmrPdg1flWLiq+NhnqsY0mrc+fZV1mJEGes4ZTCw2VQfeAfm+l3ZtOML8FI1fWbRizcaCghNwKjDVGGWUlyF8oRykoIsipw6LNRuS9T4LNgVelrMKhfb1SyjHLo+4mvulyzL7r7784UpEbKpCPwHkpaaSItS2sxlNCL5Oi1/M2NWmaks5DVD0Sjo9CqdqVRDR0J1mW0Uq3u1SRWMWEpRHgA4VR7SGb0hPyONEYwwPDUMmThuQ/9dUz3AuK4nYqayBZILgcLSzMw9d8Xfsg0wevRbxtSJEk3aFdL4HcxNCbgSvm2yakMa4X1+s5f/55URyXt9++09of0zVzvwu/f965+4d7A1o/JrXn9jvK//2XD3DNufA+P7z7mQd27jTHHxe/490nXPfD00cLW5GIjSC/7gf5X71Z7NlVrzrhJHX+Bfa2W+z3r3G/xeffU2wyNtqYc1kn4Y0zXEWm8VegIWSSQwFPXr9G5iigYYoka04YhmGOdbo5/Jlwfwn27FkWE4x7uF2Yn5qdbos7gXtAm55qdzqtpeX+gaWeneA/c3t2Ly7sXHDPtL1CdLb0OWIMN9544/Of/3xafvOb3/zABz5QbDIvfvGLl5fhgvzFX/zFF7zgBYJhGIZhGIZhGIZhGIZh7vLIAT+Og2gScPpP1hPy4/M31u10Mlitn3iEBBVStoypaJU0BrtqK6S3APFzmWE2H+sZVW/YRkiOlKvVLavuMjiDrXDBfx9/fJOkGNtZobsHJvdXTTWpk4NElafi3Vvwn2ASQduKftbv9tqdqShNpPInu/W6E2ikMbooDUkvwLFANueRcY3wFhjkcAPrIpDJ0My0FQcJRTrU9gQFiRivMqplLiNBSesUEjliiA7CEyBdl8IvvSqpwVLEWlUlzmRZn2RBaZrAPDpeXYYyeaJYocjEXWGxjRtXldXYU9rofr9PnhBpq9WQrVSn51ttvQUOnZxQVuuGCQoWIbMUI7S0pEGp+wuHJLxW64ZtaGgkrSFVANwJi4vLZVE6tm9faEVtBbIYOH+4YdxtAxeCQhmblT60CsRR7sW/vUBntVW0ItbHvv26LONOp+faedwO+DJ0P0vufc+BgJ7rflik6fjdv/zVWa2jpz/tq/e9t9uFfsSBxenxpS3MKmU33ZTdcH1x803l8qLt9k13xfR6oDTqTMlOR7mf2dn0lNPaZ5zZPvXU0TqyKz9f/M3/qX8/8eT0suel97iAfoOq8iyaXxCbjJHR+Jtr7Qt9HbvINYrIQYVevRCETVY23iIHvvIdHKXkhhlJMQzDMBOIe/OnYJ3+ysok6wznZ1qzs1OR2pg/Su4RcX62MzPVXla5xpIAABAASURBVFxeWZxUcxd4sM/7ImkvZ7YVS8V/jxmGYRiGYRiGYRiGYRiGEYIcEEZm00mfAUvVTLN3oBCHQ60h8f4VXmQiBzeD5ACm0SWKDQ46w096i+EZUJoch1QTmoDHKg0G71T1Q9W0s6mlNwPzoPUBRCVfESSCaGg9BsvLxonYoF85VKxYx46+s+g4kZ/Ht5VUACfv816v3+t24pkohu8gmrB1/BGGRAQbBnhnlBoUDaURkRVKhAQVFbmxAGMLZaXRlnJ2SJ6BtjSUjVRPQ9NeDTOZ6opahyQliI+GVT3D104QADX6qblwsMMQ7gP4SGJyjQLHDoO6ExVFaOkBwyPpatQl6E5QuNQGw5JIkbkJ3SNuh+oEJcog0FAEm6J16bq2dK9CU9e0UHdiKmVIfXkqP8EvXfcbiyE2RpAWpTHHH0RZVgw4IA0l9Rj0fA8ipoYOR0pbe7Tgvqbb65e33V4U5c7jds7MTNM+aDsEohNtQHtCx1coQHHXCr0ZueO4cymK45Pkh2IdlKX99//Y6RYuOP/H7vX002Sa5tf98NSy3BPH/hDf+375jnc/6JKf+O7pp3Xr8fL+LKLbg5uk065H+Mabil27dow93OIXdt/2+qd5A5g6a8hfo801Id0rPfPs9rnnTd/nwpl73yeemel/8j/Kv/9bX12SRP/taZ0nP7V5CNXpiE5HbD5GqLGGQXdac7JqsRoy2pHN8gOyOFmFbzXXhEvu8P4QMQzDMEcLKxm+02u9vJyJiSSO5PE7ZpMkFhtNFMlt8zOdTrF7z7KeyLSdPXu7x5/Y0la6YZpts+qEYRiGYRiGYRiGYRiGYe7S+PllmIo2+N06KYIDgg2WHv5b57jYMAMZB80HKhn8BXxR8m5orPBuCEKEA3qvDkvNwNnaYWGKHDZjqQUgjfWW1CWwFf0ULKkZyP7Bm6hgTIOgSWKJWR94ACWHDEhGpmOtHkznqTUzDecIUErYwU6yjcLhwLWdSj1r3XgVlSFA6KaR1oQlmrlVdI7ohGGKrJf1e+lUW9nICxnqqdrD/3BYHnwqObQNvE1saUwBzhpWahsblE4IiiWqg1/cvLfR5HMiyHcDBBvaVuoMUXdP3RFWDHTaQRqlho0RZKMSEgaQJkk0eseOeDFIMSbEpqmNIWIqFEU+9QYGBNNiQGQj3QSK8ZelEUWWW+PdcpJWC2JDgj4KsnCUkaqwhVtIItU8ttalK1kUhbV+th50J24CBKUhEU3YU96VofkKvDGNwTib+iyDpsSNALTQ2qGcHSHqhB1aCK4qo/1sK/GYO7Y7yX4/37Nrj9Y637FtZmY6baVg9uLaoGI4KSpbyWr8pUBiF7dvdr+pqTGik26385731xYg3V7r1tt2dLtTJ598++Mevd/1+sxM9KhHXP2xf7vfW99+yiMe+uPpaXv9j9NPfPKiqanewx+6RC4mxx8HZ/eVr98tTX9033vLs8448M1viY/9+93L8oetlv2v66c+f+V95uaWFhdnr/uhPutMlab1m8GBf19xnS0qAV2tOMGeD5dr6DR3Xv0fXed+9n3so27NjhNPmgWlEZ78/ELrpS+PTz1NHCG23vuIYRiGYQ5KaUS/hIUD+5fERNJpxTu3z6rNdPlop8lJxy/csWcxL9abNriVLB9Y7szNumHqGBEfWuTlluKezW666aYfITt37jwXWa3wjTfeeM011+zatcs9vN397nc/88wzjz/+eMEwDMMwDMMwDMMwDMMwzJrYMTkZJMpolgkWHmHV0B6Dhe8EVXCPt5aw6/KwGJZB1MoPmu6XVSYQzqSLKs2nubscTiShCuyqx1uj8WsVGW6zbeyL89cjOx709AezZ7BamEy3RhptdFlWGTU2RBhtGdAYg+IFjHMBLYTWoGggcYwkLw9UL1B4i/DCDK89aI6MpUvi8NtvD7pejlH2HNLxmoVj1M3ANRRFEak30MVFSaMqqZTXKUFQji6zPpxk25iklcZJKqxsGMJEMYbpGG2jqNJzeWMYi92rszzDymTq/qdUMCax+FF79avwvj6VcQ86rwgvfyEzFXpH0MIor7hqSk9IB2PtgPCqaYtSdytW68bStb8oiz179i6vLJ940onbti0kaaKhTSaOYndFhGosiqaMF5fB1ZFlF1v7gVG5VVEk3/7O2eHXqaneCcfvOfOMax/5sCL0z0MfrCP11Y/9+0Vvf9fJtObcc254wmNvnZ/zX0c+6cT4Huf/1/evvduH/vG488790sX3Uzfc+P2vf+O8v3/vcW7r7Ozys57+dVfZez5w4TvefckLn3/lySf56RRbmO7VifC6uMropdKXVIuilnhBXlK9daHdDoqTstNJfvF/HEHFyVHNlr6ZMQzDMFvLUh/+aJo8K0sjJo9WGu3cMbcFsTIRmKnM3bHnQF5MXD90e8XMrHvGj9xgbZs6An+Wf/SjHz3jGc9orvm1X/s19/q0pz3td3/3d2nN7bff/qIXvei6665rFjvppJP+5//8nw9/+MObK8uyfOtb3/q3f/u37rm6uf5hD3vYH/3RH3XQf+4xj3nMvn37wqa/RU4//fR/+Id/EAzDMAzDMAzDMAzDMAxzF2Y4uABnwhumG3LcLmHlmK0N846x69dCStlQwFiaMvdGFJWCZLzJxCq1NbeSNUNl5YJhHm7uHDQQoMZASwl1J7/zv8buQ80emK1ulBndfz0f4FZ7WTBqMeAUYw2pCFB0YnSViuQtKJr7bBbVoSz4cQDk2+EW3P9jNOywtZ+HazCMgC79Z7ygmrDGvdQf+lY9OOp2cyiNGrfjISiFDlp/XUVttO5aHkVRUJ8oGVnpNTjVZQ1XgvukG71FzJS7PKMYL0cRrlgVR1bDuMrI1SCSxpF0UWoc6ay6Q5I0iWLfALQO8moJ43Z3170Wps4Qqlx9QGKC+iUjjcG7RcOOFgUrwQolnFO4IcXq97ZSibEaCyijTdbLdt2xy10B27ZvS9MUxUeyqRirBthLjVD9MmvsPSJ5TajTTb285n99VayKbHb7Tz5I3P9+X7v1Vt3tqh07zIknJEPjctnP7e12d7mrbmYapCpP/+mlRzz0i7t3i+OOEzu2x1T4Zb/5rf379fHH1Tvu/fcDQqfe4yQoTipF25DHiY8TqtYYa+fbbapnJctu27NH/+7lcw966Ck//7zOyacIhmEYhmGE6BeCpCb7962IySNN1HFbojghQHeyc/6O3ZOoO9mzZ3Hbzm1usLJStDY+ZeggNIXRTcLz7dVXX/2Sl7ykKRMhbr311pe+9KUvetGLLrvssrDyta997Uc+8pHR2v7zP//zl37pl6644oodO3aM/Y8QNo1jGIZhGIZhGIZhGIZhGGJg1nhd0SlrrJSDk++NLJT1N0YORs5sEL4+JaWpxSugOxFGoSogpOmsRyKz9pHW3h7m8QdOUR6uFkSSiUkdsOOn7I0t8izrdZM0VsmWfxBcuV24uXiajkfLE8xskSEvCaQwIdSJ9qlincDsBGQ0lTCjMgYRYzKPJuHD3kG1VfSiR9xPVNYg9IrmJZUwBE/InZ8K9i0ossDvVkIkFK6mmCGsBPcACQNGFlW5RH5nizE9MOCW9EwycntGUXUU6X9oj7oJ1bJqCrtUnVZlKQRrWBs19OvQdVwnRUFLFKmN3E5u4POizPMCZDFxoqJY1G8PNhgTyfAW4BYueGS7fWGkPn7Y92Mcy20L0fHHqZmZaGyBJFGtVn1BTU2pnTvVVEc1a3D71u8Xubn5NYXJ1YDihN6vqhvYrr4Grmoh20lyoNe7fWWFZFDZTTfs/uhHurfdPnef+6o0FVtLr5e1bvmKODqRZzxYgC3NlGAYhmFWx/3xFWDOkYijhP1oc5J3u1leignDPV6duHM+irY0TsY9SE2105VuNmnyBtee6U5kVVRoMZVulQynIsuy73//+/Pz87t376Y1Z5999hlnnHHf+973Pve5z+Li4mWXXeZeadP09PTd7373vXv3hifVL33pSxdddNEpp4Dq91Of+tQVV1xB60888cTHPvax559/viu5Z88eAdqaPUtLSw9/+MO/9a1vbd++/fbbb6dKXMlzzz33rLPOetSjHiUYhmEYhmEYhmEYhmEY5i7J0nLXvX7wi9eqKosDJ/ObViKNT1MrE5TB+eZxS8PTw0FeUM90DxmWhKlvMRRzg24g5HiytqXCWLVGXbQZFQTfiLMkciAxBHmB0Iy/rFu76qemG6Jv8PP7YkCuA4YfI5Wv99Pb0KVV78qoshJRMklb4HyBoTXyIBWvw5BmPSVgSKwSymrTW14psgzGEaUPcRJHiQ8nEZKEKTguBuUpFvxaItBieC2K8S4bFPkEnjRSDF9LGyc6kXJ9ljxDa0YbEMvGkFARCToQkD6gEEOCvsTidzQNiBMMDr/rgn6vh4Yntt0G5Uh1MBCguEF016+7ZF0dsY1De93+pdA+pifzDWqrNsk9gvcGKkhqxRO0BMVWdRKVGzOprLLhPPEasqoK4gpxXM1OH1KcBLciuuc1iIxIfOMmJHSv29u9a4/RZm5+rjPVUdWtXd8OXnFCSTuO4425TxR9S0wGez6yXy+1hPCJOQMeJ5Yu+0pf0szZkWgzg522p9fd3e2K2njHJ/Ls/+S/LX7jq2e/4g9nzz1XMAzDMMxdlX4BfxaVtUtLfTF5nLBjbosVJ4Q76AnHzd5y+6KYMPbsXdl5fKrtETA7Oemkk/76r//6+9///n//7/+d1rzkJS954AMfSMt/9Vd/tby8LPCR9PLLL3/GM57hFnq93gc/+ME3velNVOb1r3/9e9/7Xrfwz//8z7TG7f7mN785HOJd73rXG97wBrfw0Y9+1FXyZ3/2Z275EY94BNX8xCc+8QUveIFgGIZhGIZhGIZhGIZhmLs8SjU/Na1NEEiu0JhNlofiWXLYlh1CVDYHYPZQWTuIAT2KHeuqIBoRPGOrrcJlROWjArPgYU+IPYFJbqtQeDOSOrTx1DFEG1T9QJuV7ysIXen28ul+2koh1wWnvyslR9ixbs961BvrkmXYyubEkuEJ1g2yEhCWUAZQqM3beFRxSBZDZqI4VvCRfgyqDKpFkiGG3ZTx2CiqxpGriPSmM+j1IvB+iyJ3anGaJGmagJULSmyC7osMYbJ+v9ftZlm/LAuDATfh3oxwf1eL+4mhkjRJk1bacnWim4gb8bzX7y4vL/W7XTf+cA+BqMqgWEfQoRrKL7jiVUUE5ij1r1QGjFWooQM71lowURm6DL6bwKiB0oIiZ3DUItRndJdXdu3avXfP3uWl5bIsUbbhKo9QE4PaIrpEqoEu9QuM6YgJYOV7K3s+UAmmROVx0sjZMQOKE9t4hTNzV4EIShQR1D71mnLvnmt+8wU3vfc9gmEYhmHuqnRz+LtYZBOpONk5kySROEIkcbxz+7SYMODJXoOVDg3chPCjH/3o/e9/Py3//M///KWXXkpPrZ1O57LLLnvhC19Im6677rof//jHtEAymboIAAAQAElEQVRrMpJvVzzpSU+iBa31DTfcIBiGYRiGYRiGYRiGYRiGGYt3MBGyMe+NAR5xY35ZDXmZrEEwK8C57PonzMBDxgf+CLGWhQlMryuYjRfr03ysoZYIlVv0yRDenQCPW02Ug+VJUboJe/IjEAOWDRuNlL63pZB19IkUUozrz3XU511oql2qvTDUxJZ5lvczU5owCW60D0C3DXHQxp6vIdcHWdWrIVjHonzElKU2WmDnh6aSx4nAcPYiz8uicL/CBRBFrhgl8pDyYVD7EM5UrbOvtgzVGA/ldTU4NqrWdMDKqFoRoYcLnZ47eTdqK8vLWdZ3PebOLKIdoBxqQ6JE+oUobbXabfiJopg6wmhdFPny8kq/33cfkft+QtmLRNlKHMdR5A8pm03yB6g1KNUqELkE3ckaQqmGDGXkrra1JGV5aXn3HbsX9y92l7u6NFghOLlgv0X0BiLro8wW5ausPQIBUU36t2Q3vbq0hbJNj5MBZYn1fjx4A9jazGdQfTLgcWLtQP4OvN78zrd+9/d/xwzOeTAMwzDMXYFcC41/GQ8s9sSEMTudtltbnYI3xHSnNT09cTFJe/Ysu4c290BXaDEh/Md//Ef4D5tnPvOZQ1uf+MQnhuWrrrrKvZ5b+cy5Xy+//PJPfepTN910k6thYWHhqxXnnXeeYBiGYRiGYRiGYRiGYRjmoMA0cSRoztdrQdTg/LJXbPiv6I/9AdalXTioSmDIuUTeucibWqMgSeEhVQyqhiB9QDWGxh9D8SObrmOolThBFrPBgMWG1kWeFUVGKS5SbP55IU3tTjWzLlxjyqLQRWGNUUFvZENr0QjFjUCp3YL0qopI+EAYcRQRN4OTQO6EFiYSXT9IV+JeYhVBlo3BIQFJjtcDYafYrJ/hgrRtkSQx6T9AjIPSDAGdqSEOB/dJkkSD1kSCogf1JWVZ9Hp9V0Or1aJYn+qultbLrqSXXFlLNVeCq1rBFO4EEq80RsKP7uiZj1WQhQU/rkplWbZn1253XeZF4T7Qp/ZHGPcjKVZL2LKu46Si/O0kfnUVFrTVlIvljf+ra1ZS2xCPBI8TO6QpGfY4kaOKkyGPk6EaFr/6pW/++vPPf9VrOyecKBiGYRjmLgO5ZWgQ3YqJwj2bzM9OhMvIttnplZX9YpJw/+mkbKll7IZvvjMRD+x33HFHWH7CE56wRslbbrnFvV566aWf/vSnDT5CfwpxC9PT04985CMf+9jHPvjBDxYMwzAMwzAMwzAMwzAMw6xOw00AvAbo890gzrDGz4HWahJ5p6JzxrehMUkdZrFxJteGVJH1VLKW9KSaJq9sGshnJLIGrBzcjLv7sJSOqUuY6I6TeKArNoNGT0oRcoRsw3tk3VXZqpbB6inTA6QeRVHkedpqR5EUdQ9vWLLPKM1+I1kNzKwba0ojlC6LMk5S9/E0DYNojgsoNIQbBUecgt0OhMmUpdH4vVfpa9x4ec6dY/Q6UY2f0aKS3G2iJCbQd4RSZuAiQJmHcj1R9PN+t9vv9YqiNJVVCZZwFccyTlQSyyQC9UoUJRjZ4y1JUE2S51l3pZtnmes+cinxCTiYXdVstBHCBjOWqmQwQfELkrxW1EC5hjhrRKiFsTrNFZi2Y7WhCvtZtrh/afftu2+75bbFpWW4330jvDdMs9+sPT8vrjBmTmw5S1ct//AF3fKOdJ0eJ0NrxilOxnucNNf0brzh6hf9Wv+O2wXDMAzD3DXQaJXh/vwvTp7Nyfb5KXiMngDcQ+P2+YmIHWyyf9+yIKMaIyaB229f7xNUvw9BThdffPGrXvWqdrvd3LSysvLRj370N37jN57znOfcfPPNgmEYhmEYhmEYhmEYhmGYVZGNn0GsHCymxJ1AjhDW1wds6iEO9xAHLVNpG6AkJIfEmOHilQAUQwJ2J4fZiMnAW8RUqS5GG10U4FUxVkazyvjfKeQYWYg1ADniGGPIbUNVuTG13wz6neiy1LqEAjA+kRwyg9nwBm80Y+6WoRAgPCufGETpNVGVKEXmMJiOJMqiyPo56E7yQhgbVCCucBy5qzeJ4zRyPyg6Ad1JkkQQ1CPIWyUv8m635z5PL8vSS3YGb8Jh/YiqYowqnxnUxEReHIPpPgpjd5qylbG39OAN6QbOa01obUR+J3m+tLy8a9fu3XfsxjAgU+lOxr7jbCvKNxflT7u9xZagD5Q3/8Xum/5QmJXIDrqb1LoTOr2GXsT4VB2/hqyhxFoeJ8M1UJ35gb1XX/6bxeIBwTAMwzB3AVbQ5kSUuTGT9RTunkqmptpiYpjqTFBjiLwwsYBwHfKqOeIMyUfWIM9zWnjc4x738Y9//KUvfemJJw77zH3ve9970Yte1O12BcMwDMMwDMMwDMMwDMMwh06Y/A0T0hs4278ejUgoeScLhHLN46KdglJxTHPoImTBUMjLpn9iasf/LpuNPUyaPiMSNQzgFGJswypkXZlEd6IBZGAibNWrgtQkqOahwwvMUVEkY0C1RaU68ZYzpfv82hhBZifRFskMNoq4+Ysc8uGpcmzIjkZJZaWFZBntPq03dJ+ZarRIMVQI63oocR2hvFoqBBdBx1lRuovYGBCypNCHRVn4NB9r++BRD0efihK4g6EK3x6oB1vkHVCobfCrCJoPV4/bSrVRMbg7/F1khy4muarjkMRSkhxVlIxgnI2lC9JVvm/vXneN7jxhx7aFbVTrKjeAa8kzsvwJUfQ3cfS1zbO8MV29558P7P+HpOx3xICjyYDHiRnjaDKgOBFjPE7kwBo0dBrWrPitsn/7Ld96+eUX/vlfRO2Jm15iGIZhmA3EPRRkmKu3f/+KmDDmZ9tqksTO7nFvbqa1uJyJSWJlqduane2XYhoebsWR5bTTTqMF9+x65ZVXRuv7D4np6emf+7mfe9aznvWDH/zgK1/5yre//e0vfelLS0tLbtP111//L//yL09/+tMFwzAMwzAMwzAMwzAMwzAjNOQakpwn6rneINGgIJZqhllWuhMqSIqCoVrHKCpsvW3gX1GXlUESIW3jVy8TseOONO5ExsspKhmEFDTx7WbbwTYCJ7FVLKWGT7tB4gClYJ7dWrm5Zhq+lyr7ieofO9BH1bT8wWqqqGocTCZxZ6YxQMVWI7r5X0IkLYSoZCc+T6iiarcUGNpiMeSooTOQptRFVkRxFKdpFCUm0lZj30h7+CY0clMHdAAvOhnsaUliEQO6gkrzgWIc0Jlg5E2k3Elqo7UMWg4rjOsKXZZFqUs9NT1FniPuZMAXhMx5wAkmIS0LKU3ciqLItQbtjpEiy901AMXb7XaSJDQVIPFmgOb4hqEqRHnFhGsR/apkBC0UPlYG7WmiyCoj0LiG5EOkFPI71u7zzfHGjvCCL8zdwRgg3IgKG7O4uFi6Rmf5wsJCq51ou4Y/+4zWL9HadeB/KPUpJe8QMpeivDMaFJuZcrHUi7r/43zpc2X3Gx0r2qKZoSMqldCgH8mwQ8mQ4mSMx8nwGjNaJ/YVdVz3v6695o9ffa9XvlpsGkPvB3IL7xMSpDV+HVNmK9vDMAzDHCl6BbxGwj0Bbv5T6iEyPUk2J8R0pz1popPlbjG3IDIt+oWYSsWR5YwzzqAF97D67W9/+8ILL2xuveOOO5785CdTcuWrXvWqqampl770pbTpc5/7nHtaPhcRGL5z6aWX3nLLLW7Z1cOiE4ZhGIZhGIZhGIZhGIYZS/Mr9zDx3fiUV8pKHADiC0OrxlYiUQgwuEKOHKgqYGuzjeYuoaAgyUlloIC2D94gwM1/oweJGdjRiqb1gJTeeMCQVsbrY2w96Q2TucqWFifThRKJtNp9yE3niPYLoANQ0pClhBW2ziEhS4iDTYHSDPzBCq1SoKkgARuL6KBVhVQi33ONLZKSPYwu+lne6ydJKiMl4zjoUuoXMTSIhw/aYcBISTDLALWDawHWDRYbRqOZhoywYGK0kTKCAYLG01jj4EmhyzLPShWlWCGWMRbq83InuCxJwWDEOjpciPWoVdbTCes5Vjz0e1Pq08gK8v5BVKlVtBKKaIfRvjB+KO5+tStw0u6T8YF0GwzikeBxkpYOISiFhzxF0OWmdF2JqVFQk9s9SRKJV3ZIYgqvCpfI10TgJ/XkdDJ0/lVjK1mJtJTmM3rWYRe4GhoOPKLuDdC8uCKu7UvLS7lrrTE7dmxLW+kaqhPCmJ9yP+LQ2fuWv84+9W+m4V/SWE6tibGBVq7mcQJjgt1bnV2jjGiWEWJ8qs7wmhGPk+pqgeU9V372+ve/94xLnyUYhmEY5hglK+APX9briwljupPE0Z0KGd0M0jRqpVGWazFJ6CIXKu0Xdio9woLRhzzkITMzM8vLy275bW972xve8IbwNOueV//8z/88PLVedNFFzR2/9rWv/eRP/mT4tY3Q8sLCgmAYhmEYhmEYhmEYhmEYZnXkiFphFaw4HPMPUn6Yxq9jC9Rb5SoCiNo0IehLKjOUkFgSSopVmhLsWryQBbwcYqW0VG5WvrTk24D2E8pKsn8Rm+ORsVqVQZ8ArhMHnXcfqIiWbHihBXcuZVGWRWHJC8OfuBwotjlUTheGDGYERReRksFW3hE0KBLPt7LPEZCwY1VR6FKrFPJ3tChRAKT8tSQ3vfF3hujFj7xYiCEroQH5Er76uBkqBEISzLtpevvgRS5RPmQL1x34EbkCoihSdf0Sd69uJiX94ajv6YrWxoaUHHAZ8c1QokqcokqkP36lsQLskGhGhmM1GjBEOItxThWqKtNQg2EXZbm7VEtwbklSde+HT23Cd4uXP/uZ7gff0/QvseO9Rg7mcTJYxlbnsorHSdCGNRQnYlWPE9oabED2f/2r8xde3DnhBLHR9HpZevNXmmuOJmeRMx7kXmZnpwTDMAyzOnkOLiKtNBGTijaiW8CjxP59S2LCWJjvJHEsJpJevxCTRJ6X7am2e1Rtx3LLEnbyPH/Pe95Dy1rr6667rtfrnXfeea1W68orr3Qrb7zxxq985Svz8/Pbt2//7Gc/+wd/8Adf/vKXqfzjHve4pz71qTMzM+9///v7fRA8uV127tw5g3S73b/4i79wu1DhZz3rWWeffbZb+OAHP0hyFvfIevvtt//whz+8173uJRiGYRiGYRiGYRiGYRjmLsnScte9/sOXrxucAR+QV8jVaRYMc6+hksFJS9n43r5YJbNmVQ8VmiJvlho1jBjdy64VxOMdJkRl40IaCAPOEmU4EakaZxvSSOT6VDeHK4Zo9O1g5x4qlUVN8FEwVkRJ0ppqRXGiIkUuMGTlcKhCooNOSWN3SVI+lHneXV4uen0fs+NWRpFrSZzGbkGR5wptMRY8LnQJhhwokRBoaeOGP0lTCWEy4NZBphi4j5D1PP4GsjEfkYfJCRkux3AdN65gEcQorlsoxcbQaeO2vMjR2YVuA5BilXnRtStUQ5qmEV6oICOC7CRXSSItGBYVZeF62e0ZWZsqWTjKwlVduPFAS5LO1FSSJpRw70VBz8+ZdgAAEABJREFUEY6btqE/ZWV54lre9Dup1DCQSSVwfZCDiZHro5ZQwcLAmwsMLuhprBt2UxpvXmPsysoKHFrrjVdYuNmI5aWlt7/FkCsJ5GnJAZ8SWlOdpnvtlcV7f3z7Z+/Y+/2l7nmzUz953LZLTz2+4/o2lJHgvjPkcYJrhh1N+lp/+KZdV+49cN1K/+yZzk8szP70KTtb2KuV4sQ2FSfoPmRwDWy95o9f9eB3vV8wDMMwzDEHaSekKe2GPtNtCGkyoWKdNJk4KUxRmkTZ3Mh+Kaa3KmHn+OOPb7VaWQZhQx//+Mfd69Oe9rSHPvShz3jGMz7ykY9cd911bs1VyNCOCwsLL37xi2n5sssuu+KKK9zCgQMH/uAP/mD0KGefffbDH/5wWj7jjDNuu+02gYE7jtNPP/2Zz3ymYBiGYRiGYRiGYRiGYRjm0AneCKJhQFJh7/zMPWlT0PqiFmGEyWs5amoiB2JpxuhOZOUcULlv+HAT9HVQkfeOAMUDmhpAzo6G+XTZ9AXZQtaWzqyrBmi48kYjWpd5nmd5nLpZ7kRanyNUOblsCuQa47oUNSWgJJEkgHFzCob6XwSfHamEUvVAY44S+JqAP4e1EXidRLIs/TXgqptspxPlDVwsSSkkXcjNBVV1vAzeIpFya5MkiWNwMUlgiXJwqJiIVORey7Lo9/q9bjfrZ1rXxieklIriKIb9Utw7huU4iVyN7hqPoPfdZdBDwDeFxoYahi1TakBcpioigF6BOI7DBl+okmmJhlptcHnMhYbGLRIDlhQ137XVXRxLS8u33HK72AT2veWvbBcEd1Uajo9zGrvmO/uXnvrZb/7FD378jQPLXWPc6/++7saf+fy3vrt/SQSHEjvilTJQJx3Wfm9x5Tlfvuavb7j120vdnjHfXlx5649v+/mvfO/apW5D4zLocdJY49Zld9x23d++RTAMwzDMMUe/RKFntycmDEilnLxsHSJNJ9F/xf33hgAV0dY9pLuH0p/92Z9trqFHULf+7W9/+3Oe85yxe5166ql/9Vd/ddxxx9Gvz33uc5/0pCetdogzzjjj9a9/fcjZefrTnz56OIZhGIZhGIZhGIZhGIZhDo+gNQlxHJWLyaZ88ubrlyP6DzmmWaN7izVqVmAzoWISniiSQvgUGFQ8HBFxwyEoTuyI/MJLGwRpbGgruElUMoM7KWdZR5PoENUUvPFCH0x40YZ+cK2gkVWo+yG9RBy7tkMRY1CwAXWA30mSoAjJjp79BBK95JEPqPQllUFOZT9DgKpINKJnJGTokOWJQHtwzMCJXBcp8iOBwlDOoJDHeFUOSU2EKynqmhV6k2g6XkjSEWRqUo2Fa05USUYqHx8RiQHtSHUITOTxWTiyqSkZoA7Kqc9R1DZKzfKNNbW6SqLlindLcid4ymMv3dh4ne63vrn8vneJoWScIFIbdD3Jtf6Vr3zntgzmTo77yYsf8Wcvf8Dl/9+2e5177Re+9uVbdv30yTujSg/U0KxUr2JAcZJr8+KrfrCrKIaq+sEXvv71W3c/6cTt1JuDHicDihPSkB24+pvH/9Rj0rk5sXFwvA7DMMwxz4TH65RG9Hy2zoqYMDqdZLrTEpNKP3NPK5P1JJzl5dR0xz1ltrYwYeeSSy454YQTpqam5ufnzznnnKc85SmnnHKKQN2J2/TIRz5yYWEhz/Ndu3a12+2LL774537u537nd37nhEZqoXv4ccXufe9733bbbW4v+u+lHTt2kIvJq171KldDKHzGGWdceOGF7r9MZmdnTzvttP/23/7bBRdcIBiGYRiGYRiGYRiGYRjmLkmI1/G/j4vXCTQycerJ68ZsuQxlxk1H36l4Hd+eYE6ybsHEQCPClD/WVSkyfDGD54LWJpQXYurWqirZRPrpdrEeNvDT3/VXtUrTqolsEadJnKZJmkYQTB9cNsShioQO2gnhI2ZpZVHk3aWlMsuqVULFKkpi9OOIoyRRUlEr/chisI4py7KANBjl2prEYPmRpkJJTJ4BucRAsM4Gf6C9QfE6Vg4EQckqz4kEDRJvCTp59ICpxU20l/u8m/wy3JC5D75hD0372giTXIo8d3tJC8IRpRK3r6vNGF8LiFcSaAP6nxgU9URFVuQyF2AXo93eGg86NT2dVLISXFHrYChbR6CTCq2nBYqjIqEGnAUFxOACSlkaejRsqjHhKq7lLNRMbK2l+B64M8GZxygBAhpjtdholt79DjGiOBGkGgmKk2rrP9286+Z+Rjve/1effdJF93IL5zzxkTd/8aofvvf//cutu5966glD9dhGFbZxif7rrbtvwwm/sVV9/I59Tzxxh6kVJ0MeJyJU6tb819vfdu/f+T2xmTTPaHWOHmEKwzAMM9l4VwxdiMkjjSIxwbhn6Szf+OelO4PWNpY2t9IN60xri54W3IPlTyNjt56D/Oqv/upB63kQItbBTyCCYRiGYRiGYRiGYRiGYZgGpO3wk+HjJhMbRgn1mqAGaRYQ3g1hg2lOgMqGH0HTc8F6VwxB2pHm7Lmoolxqkw8pVKRI6oCWEyJOkrLISzQjCKYtuiglzbljAI84JAOSO4c/qaYXxqp4n4hqz7AWpvZxd2y5MboENUesjZXS1nsFeYAd2wYxcAEc/PTJocT9gJcJHtT9SHAoj8DAQpfW/aBuwVcISgXSRUA7FV6KAlfrvNBF7nYxuogwc8YYV6ag06NvIYJww07cDLjyJkBeciVW69ymHKNyE/HeL+RXo9CHB5144LXpGeLOv9fvrSyv5FnuQ4wEdixoc2DXiLQ9kLPTStO01U4hagejilwVbvd+z+2+XOQ5WqAYNSgYC9k61DYK1mksyLCGcnbgRUWyqSwRtUtK9YaB3TLUGUGRhmoZUdnbiA2l+/Wv6RtvGFacSNlcY4JBjxDXLC7TjvGObSc/4L6hnnOe/EjYemBFDHmciKZqpD4xV+bapd4aVf1gqdf0ODEN7ZHXmjRaePt/fHz5phsFwzAMwxwr5CW89rp9MXnE8YRm6xDJRDbPlPCkTsPKMAzDMAzDMAzDMAzDMMxdELv6ensIWpKNVwD4iA+pxEh2x/qOXBt7BJ2KbShoFE7qu/l5hXkjfgLYkGZCw4R+FUoijj5qXY47EV2WpE8gTYM4RNahgBmBFBd+4tyIKt2FLD5oft4bySgpFITMgHrBfcoPzh26zPMiy8qyBBVCJOESGFD/WDGRg6IqMZbCn/FXra3thZo2QaTSULSrl3hErkOi2PUL5hBFWKXrgjzPu90V979+v2+N9s48ELcjfWZRhM4y4BYDLjetNryCyQx8c9ftXvS6roKVPMvclWFRsBJ0ZJWYpFaWhJVBZxJkKO4A0EQqjAeuLrv61KrTFmIgbUcORfYczkW2DpY++N5RVxLTXEOts1708f0lb/Jf7tn3nff+v1DPV64Au5RrV7q1S0pdpwhrREN9cl23t0ZVP1zpiQGPk1CDGFpDa//rnW8XDMMwDHNMYKzQKBvv9ibR6YQk5xNLFE1i85aW+m5A9YQ+ojMMwzAMwzAMwzAMwzAMsxXYpsREDk4OizGqDjmC2Bzq+WhJeTf4quoJ/aEjD0700z+jWxvOLQpjX5KI/DZQDeGDRIw2lmbjzVGgOxk0PAmT/vCLRtz5DA3S2qN2WEoAN0y1Qsh74hjUmpDth9HWyxsMeE2QOsMHGQkUXOAouOYWZZGjkYewODS2HmlrJnY44n6WBbmGJPMWWUVSVYon2UirEk0fHjx/iUY+ECakvCeKRBEDGbwIY9zubjCzLENvGeOOk6aJghQi0Ch4txMIrAE7GOs2CJMIiCnK88IWJW6wZamXl5ZNqWdmZmTiuj6ikRBVqo4IpiwUoIN3hQhCMGhbBPcIZQA13wVsHUnl7YX8hUAnTZembhZoXGYKREkbR++7VxfX/5cY8jgZTNiRlesJteb+C7PfWfS6ky/90f/Z9d3rTrzont/70Mf2fuWbbs39FmZF8DhpKE6GPE5ozX3nZ76/3FutqvvMT1NXDeba0Box1GbXKbd94mPnPv8F7W3bBcMwDMMc5RQYDhNJM5lPdJv23zUbg5xITUy3Xy7sEFkJg5vGgmEYhmEYhmEYhmEYhmEY5ggyoHXACWI/KR8+lbZ2/GfB1dx2Qydhm9Ymvp4Row8JFg0NqQTO+FPOi9EmlBGb5sWwIViKJanzjtyJK2/sYNDLwg6EIh30XHwC0bonA0higRqHgfqt1TCNjpITEJ0Y6lnZMPuojUzQcwMECaA7KXOtC2tbYPeRJLrQQ6cwgcRZlsVxnKZpQ41lvXKkIeOg0vWvaGAiG8YnVoLcCaxTUIYQKRheLbwMJZagOynLstfrgUWPnUpaKUlDlMWRFj7kxtUAnR0O5EYD5CPwgrt33aZOp5OkrSEF2dhgIPriLy2g4kRWGhQF6hMQwZBiyxqf3lRpMoZEbGPHz66+6XBZ+n8fEU1Hk0HFCZ2hachG3Ponn3rCu398m/eGz/P/et9H3Q/95iZQnnTSTtINDShOxLDHCb0+7oTt/3DzrtWqeuwJ20lxYgd7e8iXpdnmGz70wfN++f8TDMMwDHOU4x7q3CvFW04gEy41n9z/HgGBssq1TePJlu0wDMMwDMMwDMMwDMMwDHNUIX2AyrC5w1rl8d/mGpjpdnPYch12I+MK4Ay+HG6SqCf6K6cGspTwhaAEmp14C46hWfOJxTvVNKawjdVlCT9aR0kiRqb1gzBgTGUjRhQHQ1ZdZ0mzIpqRI94wxgo/k15tQMWJz44BCQDoK8BmRqORhtFpq5XYVt7L6tbgcexGemJsDKqf9fM8L8sSZT7UYLXKtVOZe4B1DyXj1JqPEGjjnX3w/5Rrg/oii3IFUxQ55uSskPGJBZlVJKT//is6nigM5gHhTpqm7XYrTpIIMnDggEVRun173V7Wz4qiIDMV6YN+ahGWGLQ2omCdqj2qigEC4HcfBKRUlTEEwUmy+ZXc+nJrnrJAbZISG/bl3eK2W4tvfn3I18QOqTp8i2qFx5nTnZ87/cSxFV52xkmnT3fESKpOqKmpOHFjcbfp9tNO3jm2qmecsvPUTmvE46RR5zhflhv/6cOCYRiGYY5+yOmku5KJiQSFv5OLmdTmkYqIBpdhGIZhGIZhGIZhGIZhGGajqJJT5NDk8sHw87g+SQdnwKtZ7FDPuqqqdSo4Wy69/4OfOndT5GiwoerkFnBqsCFih+J1jrbv6g12jhUGlBvaYjrK4YXUH1zuU/cgqUrswJdEm34Q9QS734+Sk7y2AptHhjQCjU90Wbpfq7gaQe41eIhJHJa4n+UWzEX62tqpTsc1GtxHIMDFNsQWshZikQMKnLBP3kHRjbJegmDcKo3iKCip8P9RBFFJ6BWj3ejmuQH/EtMxU61220obqQgUL9ivxpRuB7jyIyWgIbGKUnfh97u9whTud426k1KXxnTc7lIkglx9KqsSUXmBQLc3BSKV8YmoXHHCnUl3vAjXjSQJEvQCFrsAABAASURBVF0YcG/5Sip1VFBtWCE2UNy18vnPmTU8ToKNz8iaF5xzunt9xw23ytquxz77tBOed8bJrnUGxU5jPU7CVV8Nn/jFM05yC++/eVezqp85aYerrWpJfVWMbaFttLBcXrztyi+c+KAHi41g6K5ez7vz2DeC0ZV2pMC63/rHVDvh7kYMwzDMoQJ/0VA43M9KMZEc/MH3iDKxzVteyTpzrdIMW9wxDMMwDMMwDMMwDMMwDHNM0pz8riZ71/JiCA4WUHqVZBswFDFq/LEk7jV2vhK21DXCBL1SldtIPW0tB3Ne7GqOJsPrYY4epoit8r+BZQrW761LyANFwkR8ZJQy2hRVygeUgcl90D+gdEDTzPpWBKmHTq69VwYXglyh3uQnpiV9O9PilDXWhUuV9cg6539H53ntOAeKqgBm+BhXs4HOMdKgwMV7ZGATSMEDRU3pflScUNNQgSC84qKSJ+HuUVmaMtdtV1thVBzFaUvDp9hWwmgaTDiZOKuT2F0dZBliQCkTpWkC51OdJ1jmoLeLN4Fp9J/00Tm22WuuBlcVZNmgeEgYyoGKlFGlLrXQrgcM5uyILEODE5m2Wu5fpaTxXSpRwgJ+K3Eck/9KjEE8oP5wzZTgJ9Pv9w3JrNptVzZJEhqGoCYJF0SQBUWgffEDEMdCayoj8QowlPVDX8WlQpUkY+DC8pFXQmzG7Envy18UYiBDx3uHuGaPKk4aZSIlX3jO6Y85cec1i8t7+/n2dnrezNQ5c9NYplacmBGHEh+U1FjjRvqXzzz5Ecct/GCptzcvtqfJWdPtu890GooTiT0kgxdLaE/QoMhGm2/7z09vlOjk6GLC5/8YhmGY9UNOGFH4Qzp5lHry3PQalOWEeol0e+X8NpFrGOI0EgzDMAzDMAzDMAzDMAzDHNvIhphkXbHlTY1DXYkcLDFGzTAwUVjF2QzNHg7pTqrDrXKsSnlh/fyuHSo3dHhwjqjVGgI+4ZaVEAZPCmb24xim9tH1RELWi/FT4RBLbkBJY22j8q344l7zPOSqC/WoyGr+upKk+EQUMaAnsqsebeScbGOkpJTiIEYD9WXkW2KsrQQJxtb+GNVEvyAlgpdDgJQhohAYGAFUaLi5fV1KXRS60HECYxEnSREXhhzFraxOt26xmADi6c50P+uXJTTUNc+YdqvVQp8W1OzYhrtJlTAkhtQ9NqhFQPYR3ESCCKu+haBbwJKnxBQira0u9bS1aaul4ghydoRo3JmKKgGliFJTMzOu5r6bHChLoyF+iRQkIK7Sut1up2k6OvCy0nYNyVDwZDX+qg3qYEhk5A8XxCmDbKqMoNy/r/zxj4bUG0LUmTXh2OPKwAV2zuyU+7FjVCC014jiRDRUI3agzrtPd86abgf7n6A4qeqWA0cZaY9p5Ozc8bn/FL/1O+IujPRqOoZhGOZoJS/xr5ueUJsTAS2c6ISYYoKbR0/obojTaCv+k4lhGIZhGIZhGIZhGIZhmLsIQfoQfrFV+IqkcJVRSFDS3N3WFdiQ9dGcevSOEWKNZtQSinBMEpMolSSJKYpSKS2rGHcrUDYx6p5SRYZMdtrDUPOsd7awUgk7rsAGHRHUCMYK8sgYKoDDjj9D4wROMpisEyl08sDN2mhR5v2syLM4TdymOEpgmEAjYaoLSUwa8fz8vFqSK11RltnKCohBHO122zXdWj9DIEdEX01BSV1ZQ31C6yt5ByxHkbI2cle1W1k64Ei9Uudun7bR7U4njjFLSSqUfEDHglkNGK4oU2rSlDgy18VSaNw/yzJjDTm1uMa4MmRYQgfFTCpqJDbPeNcT8mKhJrtWaQ1r4MzdpaB13XoxHJgSbE7EiJblUNHLS73vXaP37S8P7JOd6WhuLr/h+mH1xqjHSSVfwDAin+pUb/Rqj+Br0kjVoc0jipOmx0ldZ6UIQylL8DIZ9jixjfYM6WNEQ31ilhfv+MS/tdqdYv8+3e26M42375i5573i6Wlx12BTtUoMwzDMFkA2ImUxwaKTSc39IfrZBGti3IOgiCfbKYZhGIZhGIZhGIZhGIZhmE1ADmsA7Lgih1l3QzsyKhw51IoG5qzXXcHBD4epLgqdToSPOsE5ZYv5LZVcQ1TpKMG0YwJ1J6udqZtttxoDbqQar3AY5HBPDXcDnYWuJ+/dD/qXGLTjQAlE+CTakKoC91SoagDnDMrZgc1lWealQQlEHEdxkpRFYUwuDmH810nzw/HDj0+KO50OmOdE8fKKzLJer9clJY47sQgur4FOr4J0xodINUxEpE+rqcpYjKFKYgk9IwxpN8DypCh73RXXzW5Fu9NJkxSOG0X+EODho6QxKgYBRBzH09PTrVar3+31+j2b56A8yaASyO7R2m11pyNq4ZhtjJa0lYrI1R9SeDBjafjqoQ0aXVuCn8rolSrXHf7URC8vLf7DB7uf/DedZRrFTvRDy3RFQXdJmcZxreHAfYfdRAYdSsZ5lgjqh1BFvaY6mzE1CLv6mro94QC1Igf/cS2fb7eTCL4v3EkSdxaLf/1mdJKBwC8NEUlGpK1tj3vSqc/67/HMjDhWGL0dWG7CMAxzbECKhGyChR2lhgeJaPMDNQ8D95RGtn+TSVGUImHRCcMwDMMwDMMwDMMwDMPcJRkKt9lMKQXOz9Z5OnZsQw7WglXnH4cENNWvq05ne/kI+EAoNwefJroo3CwuOIL49qHcBKbSQTcB68EugUxajhrTaOtn+Q32fGP96lP8ctBp5qA0DWlgNhw0C3r4cMZAigusN5Lm21FrgvvjCypOVAQCIFpprR8Ci2ktMQhPYqgEXSfEZn3iPnQNHQJgxzKbJJ2pTpTE+/fZvMh7vT7IPYRtt9vuBMjg4qC1yqpPVaWECqNlqtgaK1FHYiKLpiZuCkLrsihyA5Yq0MWyI1wzoqiyKfHKFWVRBAK1RbBxagYVMUr1+n2MxdGmb0jp48okSdKUvNQtVJKuLGlVQ71hSYNCShc6aFmWqpJwBRlN0J3cGSVBdt11+9/wJ8W+vV5lQoInmM0CTUbpNSi4jLMfs+32FFjOjPUUQY+jprPIWh4nQqzucdI8L9tMzxlYM8bjRI74shw3M3PS7KzrrrJSmdCZWjo74Zd1r3f7hz+w69OfPP9//dHs3c8Wxwqj6qXg9MMwDMMcvWj8c5kXEx1hk+XFVLslJg/XMDHB9PpFK2lrlokyDMMwDMMwDMMwDMMwDLMJ1DPL0ssM6JfRiBS72owizpuHCA4pV0lXGZA5iPUAc5hu1h30AmmZ5G7eHoN1Gk2HiXVUSFBExgRPelaeFLKp3LH0vzAjju4J4iDdEwbpkE4WzS9QIyKCTMLHjAhYq413qZGG2kniCrCZiVDIQ04nSkEwC+hUBMlNTGm00q5YnCR5lo3a82wooepDHui41+t1OmBIMTUFcSeLi4tZv9ftrpDGgnQn7vwqaxAFnjCD4U+yctLxbWkog4auPIPeIa53Eym0cXUpVIdkeZ7D3Dx2UmpbKk1lpBq5UlCzUhEMAiXjKNWp2pDnBfa37WcZuOOg34kDY5OMrEQwYsCdxYtL8BWOjFIWr0IiAQo4raNiwFUolAq3cdAQkAPKId1aev/efa/5A93vB1+TyvzDNtagVsP4TXtWVuLZ2USpITcR/0Y07INSn2atL5FNO5IhrYkIdY7xUxFDGpQxniumqTixdqbVOnV+XlfqGe3VVyacnUYdmTb+13z3Hd962W/+xN+9K5mdFccid0afxDAMw0wIxuvBhZ5sYcJKL59M0YlrmJhgev2yMwejbLzTIcMwDMMwDMMwDMMwDMMwTIWUGznHX88sD4TmeKwdLNPcr/ZHWA+2sbBmOIOXPkiaNod5/ProfgJbaBDLRCqki4gJhhQ5tZKBTt/NTZelVIkKfd6QOjT3ps4Y8qE46Clb63NHNNh+o7ogtAa3C0vBO0F3IsN+vhgGGAlMoakUKRj2UpQx+lOQRYhSkYF5ikk07o537949NTU1OzvXbrejCPxDDhyQ3e5yv9ezFmzk3ValakFG2HPoAg1ahqC0CgNgMVuHXn09rkINMgZ39bp+VyUYnnRXlsFOA5UmKepO6Ih4dH8Ry0rtodJUVCqWEnCXiiXxCrXKnY6KlKiuraYURkhqp/LCrEooQztqTFQyaARPtxcaB/mtqmFcf6iSgv3vfHvZ6wVfE/KaH1WcoAk96TOg5GK/v31qSjQ8RYaudUMalEaTVtWXiKZSpFm+qS8RYiBVZ9D1ZLzniqTyO6anddCXNBxcdPA4EaBHgfOCM4Wt5eL+a9/yV/d8yf9cTwcejZYh/nYQDMMwzNEKBa8oO+n5K91uYebpqWmCKEvT609uLJGA8bXugdFoGGgVCYZhGIZhGIZhGIZhGIZh7iJUM4+Nz1TlmKUNOgowMLksB3QnvthIqILfESepKzXDwc0umlKZapq42rT6LlUb0NckGCJoIyOYVg/BQFJM1qfQ2OwgS5BBpVArAWpjBxs2yTFdXWsSxMGUAMNSHisUJodANoup9S60SZLXBkyYi6pRoDLxJVH0IxS+hkNbyHqxWrsKaea+UtHUzjdic7GHdBfE+/bu7670rJHbdyykaWrMFOUM9fvdfj+3tus2TU+B3wllhaA/iDxoL4cF0pp4jxMSSaAuxG1yH/G7hTRxNduiKNwgZFk/UmBn4s6i1W5B93uRBzj2oLhHBk+bpNWacicQx25fCOnJHPBiKtqddoKyE+sniiKvAKD5GEthQIL6y5WnhB1RqWRAKeHOtlLMkGpIDuqe1j+cpt/vXfk50mFoskwZ8DjxBifDjiDW9opCNJ1IZMNfZMTjxFbvGA3FyeiaQcWJ39pcE9YP5eyEozTbU5dJo0gP+JrYpseJfzVhvfdBueXf/nWdopPJJ1z4YY0xkz5JyTAMw6xNiW/kR8X7ebefzUy1xSTR62di4qEATW1EwqIThmEYhmEYhmEYhmEYhmE2jSHFQyXrqHQnDe+DoV3qvWrHAL9y7IGCPoGUA4M2EmMPgtk/QYUjLelONGSXgBwCbKJtXeFkEoQj3pQF1tlgq9G0CVjfGSixTqy3V3GHNbXNSTXd7g0daB6/MTPvxw5lMkpBzg68KqvDKOlgt4FCH7U5Bg3Na0IOrjwU0UlRFFprqfa6vebmZl1bW60WzazkWT/PMgvBN6bT6aAmw62PaGzkoIiGZD92JGQnvA7dRaFTIvAjSQR8F7Z0x8qyrCzALiYv2pD7kyYocTDB3sd1uAA/Eoi5iZME10Q5amHASSPL3Ol0u11jTV7kU9OdqakpVyDMFTXuzIG20WjSqZH6hEQ2oorUwQAgX0NT/bRO3Unvu1fXjibk/IHaixIlKD5Pp1acCPA7wUvJddCAy0jQi4AcaozHCb7bjOhLDqI4OYjHie+KVTxOZLWsUVtUkoNLw+kE3U2C4oQ8TkgYh+fb6+797ne3X3CBYBiGYZjJQ6PW2IYnxQlm/4HedKc9Ob5g7s/8vsV0amJMAAAQAElEQVSeOArwohOGYRiGYRiGYRiGYRiGYZjNppYOjMbrbNzHu/UU/sGmsn20DgSiKLLkEDRZDJYMptID1GtrRcckMSrIkF7Q4U8pyBUOymF5iFRT8nbV7ehrYqkTK9URKlGkcJ1PQ0BmJzIYRaCAgOxNoiiK40SXbuJ9EmcrYtfmsiwP7N9fgqOGnZmZTpLENdqdzrKwvV632+tC1JExrVYrqq62ppfJaKWjQTCiGsggJgrCHJR6lJGKbOT3ynOwLOl2u3pubnZ+LkmTEi5oIRrpNqR7ESGKqSFQIhnNyvKKq6Hf77gDTU9Ph2QfUaub/B3iM3QaahI6R7IjKVFw4UU2uEACC2+Fsm70vn1lUJw0XEBGFSeGLEAqxUZMLRcDniJCeO+dQQUJdqyt9SVeIVcpTmylkAmKk2p05GoeJ2KgzkHXk6o9YWuvLCIU7uiq/WRw0lSceIOTwRSe/r69gmEYhmEmEvp7qI8GSYL7I9vt9acnxuxkeaW36Q5/GwI8jCgT/sOJYRiGYRiGYRiGYRiGYRhmc5AjiSJDfg3r2L1Kz2mExVSbh/6twlzGfk5rKzMUtHhQ+AOZLw3zFT8xXh1a+vnlDdTGbBh2MDEHpSZg14Kvwy4ylfvI+HpCzs6hNQAnwcdpX2TwOKFAEZqI9yoeYZXr9QgVJ5QUUzUDk100eWS4HZIkQe+Zsiwm0Zk9LkuNGguxvLwSRbvLspydnXEXVqvVJpVFt7vc6/VAflGWaZq4c3Sn1NRwBJpdODyoDb+g4JJC/eF+jeMq10ZQ7AwIFVx3LS0tuStgemY6SuKhOuOY5DJgveJanwZ1koVIHFeHa22py16v6wrneT49Pd1qtbBI5G+J2ulEBX0MSUlMJdqi9ZQ3BH4w1Uq0KhGHpDvRuqE4wd1GPU68I0jDI8S9TrfS4CkiKo8TUEINup5Y73rSdDSx411PxnicNNxNMESooTjBcKLqxjMDniuNZfRBOeAmutJWdXYgnvGOJjiq6IBijXc6qftBY7iQYBiGYZiJxItOjpI/VXv3d9ugEj7yj/yux/Yt9sXRgLF2wGGSYRiGYRiGYRiGYRiGYRhmc2h+yV+E6e/VRRwNQYkcFqxIOeKVEjaJ4Vl8Oyg9GajGezSAMgMSYgb8OozR0khRzZuLSaWa9xdBs4CCGTgXH2WEQgQRZDqHovU5+NFBNgCCEDJkaFbqp/LJtsRUgp5g1dHIZfFNUtKG6Qi0lCjLUsVxFEVJmpZloXWxrjat9yuhuhEkRG1bd65QgxhrgcuoLM3ycrcsdVEUc3PzcRy320pipf3eSr/fRylNB1to0zStRCRmqOXkgVG3K4xtpbnCDUZhx5FoQ0kwyCANB1zOkSV9QlHky8vLbml6BnQwKh5wKxEYzeMdUGKvSpHWrYyg6+GUlBvblW63KCjyRSVJDGk+ZKKjKp0FNkxWY+va4prlXkE7pHUEMhZpSg3O+gIlGf5Abh/XZrHOSah4YR4qJJMPMexxooPrSe0R4mN9ppJUDLmMgG+R7+6w3ja2hr5vup5YMehTUgm1guKk2lIrTvyaIYcVMeq54sssZVlelq4r8bxqxQn9SvcRKU7o7LRfY9s7dorNwY67ncasHHlDaSj4xKEcbmhfOypXZBiGYY4u6E1cF0eH6MT9nV1c7m6bnxZHmr37V8RRAjyORoL/XDMMwzAMwzAMwzAMwzAMc5jIdWwa/QTyUBQPQZSAVYUpYD8RD1O9JliX0Oowcz+4uoE33iA3kMrfAVE0iwvz5JFXnDT3EWbI7WRLP131ShHbkNhQI6wckZEonPturLNhj9Af/tX3F6mARD1TPPajY1sLI8jrQqD9BOhOJNXV3It0PNYrYPAYKJOosnRQ8YOaH/w/qAnQNYPUAjjtXkqLRigRjtJGfpwdjZ4bdoFrpKnOceRCHbl04yRJ0ckD1Bvu1LrdflmWwsp5yLWJO52Oq+mAAL+TLMulolAnDBXCCB7h9Qoo3ljjfqqEOQLsQgRGD9lqb9wOfiXQn66qREVFWVA0S571qc1pmiatVhxHzWQf14Zw4uS/kkSxa3/hyPMc/lF5WWR5LpdWXLGpqSkID4KSJNfC8Q9GQ24UcbBhuFwTQWNilfsfaE0M3l1WWw16FdT3wDop1Pq0Pu27373y9hhQnJQgyRC64XFCfifkiXLizIwY8BepPU6kGEjVOYjHyYjixFgzmqoja8FEw+PEv3VYOVZrYgbK3LG8vGN6esjjRHv7GlD+NN1cTOV0suOCC8SxyySL/hiGYZiDQn8YzdEjSVhczqY7rTSNxZGj28+6vfWprScA98zJohOGYRiGYRiGYRiGYRiGuUvQmGjeuJl7OXZxZJVttKJ24xgoOhrO0ixZW5tI0bDT8DYCTRlGrRGpqmn8UmFsLSjwQSWV7ARn8Y0VA3X62WrflM2Z/5SrOwUctORo74eTwopCT/nOkMqSPgQuhtC3ckSQYsfWXbeP/oWpcLBe0L5pzWNhZ6IAIMhOKrUQ7q4UWpkkcVxqE0euHom7gK+J0QnIZqD2KBLY0nV1/eDU/1oDtp4yByV256Dh5L14QmvT6/X37t3jat+2fT5JkqmpadfHrli3u1zkhddDGNtqpRAdVI2PbNycqzUIE5MEHssn2lB4DYl04ijGig2FKpUgenD9aLIsc6vTVqtVFK1Op91uNesk7YvV0mfiRDZyFRFFkeWZylU/czMfXXcgXZatdjt18zBJAj9xhDlBXrtFfUrmK2QiBJYdeGYqjrCT4HqD7jKoWUGnFiPW9dXnZMdxYnbe7N9LOoxgcIILpM/wPyGFJ43jbVNTQx4ntcJjjNaEDuX1H6KhOBl6Yxn0OKnfLEytOBnM0GlsbXqriJEyi1k2naauW403OGkoToytzte7ntCvc+cdy4oThmEY5miH/sxPYkbi6uzau3TS8QvuUUUcCdyT3e69R43NiUD9ayS2VorPMAzDMAzDMAzDMAzDMAxzuNP8FIdDn1rbhg3JWFOV1abtAUNz/H5mnF5xHleT4sTXZv1hMIxDyCPzwfOhsdb3SO2QHsP/PnRioU/lej47tsJNjeuyBNEJmXUEQQ95nHhxALpuoC8GuGNILx5SkYLonLSwUIkmxxR3YPi3KISYktJ9hu2GBs0xVCTWR1Ovsx6JVZ2gdOhjHFuPFpXSwh2x3+/v27dHSjs3P5ckSac9hakvJs8zd25Z1g9aINJ8QKfY2sNnlVOqnVDC/UPqE1om1Yg00nWtr1bKsizc+jzPtdZFnhdl6a73JE2aQw+V4C9QA8gg8JaIVBTHkNuDVXV7vSzPXKmiKNI0bbXb7keIVpKQxIUG3oc9QT1w00B6Dk7YSBzCKLTcUBQPNhhyjtbH3OOfePu73+H6yft/oPMHKU5K8vxoKE7cz6kL87bpcVK5mNRrRvQlYlSJMj5Vp+mSMqSkgzVm1NFkaN9B1xPvg4Jldi0vHz87M6w4QY8T8jXx51id7+mPf5JgGIZhmEllUNl5dFBqu3vf0s5ts1uvO3HPzHfsWTy6uktrFJ2w6oRhGIZhGIZhGIZhGIZhmMmmaXyyAWYtsrEkfeXkP+H+kYP2KLKaUD8W8JYtfs7du47cCSR8zqx1UYBJCUknqqn6ULMBgwyNKhM55I6D2oY4ThJXQ5zEuixt9T1YkhRV0iKDJil4ADEwGE1nkKGropaSrMLariJr7NdsATidoG4JOsIvASrLsz1792ij5+fnWknabrfdlpWVlV6vi9qPkuKFCNQ6yaGmjLbP2rr/SFPSLEOuJ+C8Yg1VK9CIxpalmwxwL1kG0hPXxKmZmVarNXA4KaNYQSYOajjIdyXGHg9VdXu9vHBNh7SdAmmj8Um7rSrtC5mv1LFVBiQrIeXJhEwj8jix+LpeKZEQO5/wpFvf9faG4sQ2lRlBcaJxzSnz86mKhjyQrG26Io33OGmuGVSf1DUMaVDsgOJkSJUi1rnGVAd2V8a+bs+NEFm5WLQ80ahaanqcBNeTs57IohOGYRhmcjnq4nWIXr/ctWdx5465aAt1J+4v/q69i3lxNLnCOMrSpMfMfywxDMMwDMMwDMMwDMMwDHMsUusJNuyjTOljYAzZmuAcOX6ejAYNDbeLSvIg76w2Y+ugU1tXV9lgT+FTPsRhAfk3EIZjGtWiXYbx8iAM3wGJBSkRLM7kV4FG0PUg1XA/kNQCKgVYq0IykGjEkKg4SbE6EwxpmsIJsoq4U4qkdfXDQPVxZeYhUHEivOWJgi7IsuzAgQOuPXMzM6120m533DkIMAtZzPIclB0gELHtdkuRH8jBjtw8dBCahNeyLGlB4VHcceM4hsO5PinJJkPkebG8tGTxWk8h3icJtXnDHx87A94yZE7SarXIN8Wt7WNSj9baLYCUpSyLonCbKLLH2wJZq9wR3VgovHNs41XYCL1Y6AevEqlLJdZHOr+w8+nPuvV972p6nHjFScMFxL3unJ7e1umIIFKjziN3E1N7nKxHcWLMGKUInASIQGTTPWX9Hiembg/kR4UyoirTBZ8fkcaUlzR8dqahOLnHL/xKOjMjGIZhGGZS8dpKffRpEvq5vn3XgRN2zkXRep9V7gxam9t3LxblUaY4EfB4qacwv5RhGIZhGIZhGIZhGIZhGOagjH6UeHg6hSELivUbTlRJJnaNJq6jSTJU4H0cMEiklMXgsTQmwFj6DFWKrfi0eYMgVQ3pZ+SAcYtqxN+AXsRCfI1pDOTYpKLVQLeUyiHGdZAKlVvvyoEiEANCkbIoYxCXRJWqQ+F8O7pjqBgjXHBdpCTJVnC6HyU/KiiOoiiGFB/cIKtT9W0ZuTAOekWFAgOOIQOVNGswI2uAWECIDCk/lCDFBfqL0OY8zxcXD7gOmDHTnU47TZOZ2TmQa6zYvMhVV9HlD24hePDVbHzqk6kaGtRYXmiiVB21Y2tJTpWzAzMZBj1CiqLsLi9rrVvtdqfTSZI4GLS41ziGwCC3VaJqyFYHci0kaxa3O5jbGJ0bjOwpiih2B1Gwo/DCIgUWJrbyPoERdwWCegy3g1JHk1IpOoQ5irv9/C/u+vQn81tuMrbhcWKMJquiSnFy4uxsdTAxqAIRzWXbyJoKa6rfx3ichPVmOGHH9/dYR5NQkVeZDKpSapeUsBeWWc7zjjFJFOmmtcmg4mT61Ltd9PwXCIZhGIZhNoeiNLfeceD4HbNpGovNxD1f3b57SR+dwg3DehOGYRiGYRiGYRiGYRiGYY4WUMswNkjlzlQolIRJ8zhSkQpSi8rfRGBgh0XnDiMr/4i6hsn8hFX6djV0CmQuQlYMIA0IE+Vos0A7hUicdUTSCC9RcP+URanzQvhQlkoL0tzB54PAhDnqRxRtBl0G9CvIEqI4kcqrIyh2B9NEanESjk6CygK5MaM/clKHB4hOogjUHqSRQV8N0+hH63UnKENpt1tpms7OzbmNS8tLeZFbVJoo1wFRjNYnXtw0amRCtYWtQx4vYUd09u7GGQAAEABJREFUIjEkXiFJCm6NYOS1pVJFUYBbSb+f9ftT09MzM9PgcWIoIUk1JUh+f8rKwQJxAvYmWQY5O679pS4NSFOsqyeOY1eBrZQwrlvcD8okLPmjoKYHLwgj0XhFU5PFoXDBq//4Gy/+tXL/PlKclDjRQWoMV/vp2xbmWm0xqvCQOCNyKB4nqyhOYHyDcs00PE7sejxOSMk26HEiR8qIyu8k1jroTpquJ+6s2zuOe9RfvFkwDMMwzGRDj5hJoo661BjCPcTeumtx+0JndrojNoel5d7eAz1x1OIGVxw9tpAMwzAMwzAMwzAMwzAMw2wp8mBrDnemfsiCYj2OFLVzQHPlYWsF8ONvlGKAwEFFSsWRUCGaRvrpZZznlVq7XyIMKqltMOQkfrA60Cfk2dGwOaHomMZkuCeYfEhRC0/WPgpVCIfTuuj3izyHCXQrjfT+KqLRCEsOG8ZEXpgiyQdF2Hq2X0VRlMQyioTW9X4h2wiIlFSFKQfbscq5HxbysMY0rv1SgmgJlRokriCNRb+fUbe636enp9rttjsdd1ktLy9nWYESjaidtpIoUcqCbQh4lmBNwwFCY84wyE2SJHGF8zx3NdD5kOADvHxwTSxiCCZCeQaoQLJcF4XROlaq1WlHcOAo5OyQKsIqGdkI9SJwRq5IWZZwgChyx8lyEJ0sLS2ROUpnairBSgweMViwuPNwW8lOhTrE1edOkXpK05Cvm6lTTr3wz6+4+nWv3fedb5EOA5Qc7c7xJ5+6sLgvqi5jK4Ud8jiRg34nIuhFBrUmwfXENjVo1TtGU1+yhseJXHWNWc31ZNxeuTGF1vNn3r17680myzSmN4Gby33ud8nvv3L25FMEwzAMw0w29PSp1NGtSdi7v9frFdu3zcQbGrVTlHrPvmX3RCaOZiJKx2TVCcMwDMMwDMMwDMMwDMMwh8U6JAobcZSGmKCZonLndAYSE3NMNbGPoosgRhE0jezmeEEFEeFsdTAQEZMKnQlFnIC4Q43RUaxTWTK+/so4o56Fd3PieeFewUoD3SSCEU0jEEaQ7kSEQBFoWRVeJBS6a4g4TeIkpSweMmuh6BHRNGKR9UjJhlzGn9qd052M7huiewYVTwPFYrIwqbxlhvrVNyiKlOumA4sHiqKwqDtJ03R6ZsYt56Db0CsrK2VRdtJ2q9Wi06DXICipjmzVSIvtYJgOxNxo0OaAsYwiCxZT1+NGQUmIo7FeY9Vb6boCcwvzMzNuHiXCmSHwDlGkCkHxhbKKFCdBklK6wySJe8nzopf3ut0VV0me5XACYObSEoKml0jMZDHBx9UUofzIYrtcay3egYc8eTN92ukPvOL/7r/22n3fuyY7sH/+vPNP+okH7v33j9/xl1eI2puk6iL0OKmv2lUUJ8YOKE7EWh4nXjsyYCU05F/S1JesWUY0ypiRMrTb3S973mkPe/htX/vq/h9el84vHHfve2+7+9mCYRiGYY4GyGoPH0WObmlFLytvvm3/9oXOdKd95zU02thut39UG5wEJPbGUS4rYhiGYRiGYRiGYRiGYRhmUxidvZ+0jxLvlLOFbLqWVFKG6tfmMUhcISqxi99KtiETiaRQlHHD5eU0jfiUw8DHtuCSLiFrBRKIlLLaDMtZqll1XWr3I5rjZZsNpnyZNGmVaHtR2rqUlXUpg6eFSS+k9LBWHulRiLXRYnWblHC5uIWy1MsrK5BQE0ftqU6n03bru71et9ft5xl0kBEozpBNrQktV3ofv3LIhAMTV/yxIkhj8fb1YT3VSZWA6IOuaQECH/hfF4NvdDk1NRWnKVmthEsclBBKRiISlZCFpC1uqGKQnmRWml6/1+/3bFnmIDhpkaomQVUKBO5YCxYqoDIh2QpIvVB6orD9kTgsFs491/2EX6fvc18xqvCoPE6qKwa3Nt461ulxUi1LO6pNsUFMtYp/SbVVrOFxMtxmX4bqPPmBl8SdzqkPeaj7EQzDMAxzVEFik+hYkSTs3d9zP3MzrempdpoczjNMlpcr3f7SSi6OFWhwWXPCMAzDMAzDMAzDMAzDMMxYRnwbBn+9E5KPQ6by1/AhMHYDji1llaXTjISR7hjgFVIdgnQOeESQVhw9n6fKqq8G1omGnqMaTzm0X7V5FULng7dFnpeY0AKKE9AyuD6yUjaMP3DQdFkWeZ6WbZUK2axd1h4hmLCTJC1w6QCtiVLklEF+H5Tbg6Evsm7GoPTHr9laYjFecUI2GFJ4AxZoZ+Q6QpvllWUjxWwxOzM705nqqMidkyjywtEXPaopTdOm30m46KWPdxm4DUKxoIqKMQsKAnTcwFTuNBhwo8LgKdRhlOiD4oZnZXnZvWZZ1gI1TKfT7gRrEC/IUiB/0YhbgLQkN15RnKYxnJqUWZ6VropemYGApmy1261WCjW1WjTkaGgDzankL6GvNuZ7z60TToxPOa24+caGXwhckOJgHie+5KDHiRz0OEHNSlNxIoUY0YgMepzIIWUJrWmUGaM+GanHvW67x71bCwuCYRiGYY5O6C9+tKGpNEecxeXM/bRa0XS7laRxK4nXlkEbY7OiLHO90s+O9jCdUVTE8ToMwzAMwzAMwzAMwzAMw0w6NMctcLIaFjZGcUIaFppghqolekxUdgUhU6XyOPE/k/4tPmzqOpQj4ZPhMXKJNXby3hmKUnqMRZsTU6s9pBy3Pzid5P1+e2Y6xpIS1RPU25BYYknYEMdJC+b2McsFJApx5K02oJmK6sdRkkMNlhgbsxWKk8pDpDqwjalllT4jiBpwKQhPhIJEGwHKGtdby8sreV66XWZm59rtKbi+te0ud/OyFL2+QJkTzs2g5YlXDlWWGLU1Rg0lENXiBlxF+UoG84uMMBBvAwuavFSwPe7WitzBS3dcKXM3B6J1nhdutJRXrnjDHOVdVrwGReNFYPD+iU08PT0NCqEVRboT978sy1xVRZ5bbdwJJEnijigjBYIkqcFjH1ri1TBq42ahpi9+4L6bfiwGPE7GKE4qrYlfY5vlg3nMQTxOBl79zoMKEmOHS5qxKhMx3gclrDn5YQ8Xm8CQmwvDMAzDbBL+gfNYDF9xzztZ1qXlNFGQFJmAX1wcKfc0pkvjHpncgxVItEsjjl0obIhFJwzDMAzDMAzDMAzDMAzDjHLwTw7rGfZNl2KAQAHcudFFA00a0MIANtmgsbDBvWQ8vrG2OeEqcIoevBrQTgPULZQco2jm16C9RCR8zg46IlSHs0fESHpojngkDIgWDIaWVAYZjRLNsnLI+cT/a4clK81TJgUO9FdU6kK7z9DRTcMaA0YWcni/qjmmStiBDg3CjOCJ4vYnrxObJFiZQacWFVwprCTrlggmLWCkIitKL4qwQYhR+9OINbUz655mrw5f1TZ4U8ChY9THSFQUNC6ISm2C16m7dEFzgUYwcGyYgrDZ/gNLQkbTU9OttDM3685Vrax0syLXK6IsdbvdStMUTEAUOr1Qz5rmOYRsIWmHxFCkcwGRSSQhxsYdNQL3DGEkDABe9CQZiUDd4qoqHbbQMD2iURZk2+12kiSpmz+JYupWFbmJFAEBSEZjzSV624hUeZearNfP8jzr991I46mKnui7V/RO6dClKq2/RnydoPY6zHidUeYf8rB9//iBtT1OxqzBq2tUI7Kax8kYb5L1rDmYx4lcpZ67PfZx4sixzvyq9dxQQ1Wx2IVhGOYuAr39q2PL6WSUvDB5cewk5hwS8DB5RP6riGEYhmEYhmEYhmEYhmGYCacySxhYNzBpGKI+1lPVwVilnnBEHyeipEVDasxZwTn8ZuQNWUKY4fydoUQeG7QYZE4B25VGEw1QOZAaA0QQOAuspPWT9AZrRg3KgPhgsz5hHZ3ttcMKEjFaoMJAIIrCj/eDECPsiaeJsULSjhMNDWgY7MArTOWjx4kUkSlLXUK2jq8BesbUmT7Uy74SN+cuXEn3A8oSYcK25lQ7KDOSGA5i3Mi6qiK3BcNY8HIE6YUblFhFNooLXeIQGjoLsqsQjYt27XFZz4ULpzOycjhxKq6iVFAig0qoIIEK15ys7Eq8GEaBy3q323PbtdbTMzPutKdnZ1wdi4umn/WLshB1aI5ptdIqGWd4pr5OGxptKW6qsmygKncsY4QGzQuE41gILpJxHLnmuYPqsnTlXZler+desywDpYiY7nRivDckdXQcx8qCFKPUUmt357hxgsAdtz6Nk1ae9+Kk1+uWRVHgEd3hqNFxkigEqoqU1Da0TWwQU2edFZ14srnt5uBxEt6ixnqchOUBxUldXg56nAhRD8Aq2pHGuA/rS+SYepplxrTB2p33vf/MSScLhmEYhjlqOSbjdZgmKoL/lFJsdcIwDMMwDMMwDMMwDMMwzMQjK4SfpRVjXFbWoSUI9h4+TAcnlxV4YUdooSGqsBiyJ1BCeYEKKh6kmPwv8qG4Ac4oBgsJ0M+gtGZs2TGWIOvzHyDzkiIvwPlCVEKc4Hwjh7/wSP4lDpSQSD/5b+WIrknGSWJFpQdSqmoUKIzcmiiOwaxDGQ0uIFqMtNc7uGwOo+4McZomJZq9yGAd35CHkFYDhTEkSrGkznEltdEr3RVyGWm323Ecd6amoJsWTZZlbpMr0EpbSZq4upIkjqIIuo/UQtQnVZ/ZoPKpEnDqTSHABeUdpfY6jErRgnKQOG6JVhnHZFnjOjrPc/dvCYYlILWKk9SVoVrRhQaqiuCeUYnbyV0JrqjWCXjKRyQr6br2u7UFqGeUhO+/tlrg3ZKQ9AR1T3jpiI21m9/2uCfd/nd/LcY6mqyiOKle4R+zmqOJXyPEiFJEDulLxJgy4mBlmsciEROVOfO/PVUwDMMwzNFMjE/XauOMzZhJww2utoJlRQzDMAzDMAzDMAzDMAzDTDJBaEKikw2OZZBVTk6lVHBz6ML7dNST+ygq8IoTL2uAbJiJ1J/4CCCJeTcymKOsrcaoXTn8pPyqwRqYaGO1QalBnhsNqgGJQgrqqjBjTqUDlLATpageIYsZH4IiKD5nQKcRGtbwaEF9kIri2GgtC68EWK9MZnOIp2ems34/L/JGTgo0aeiDd8zgkaThUA2RQZ7ntNBuQZzN1PQ0+pGYPM+Koshb+VRnClQprbTdbrmeMcZ9sh/UUqJ5P1AE0VB3NEcRlSIKg5dq0YkBSxlISxKgAgFVi0IZiOvivN9fBk8b2e50krSVJJCBZDElBr/NKn3uD1iWKI246oKWxfVJWYATDhifuNryvNPpQGpPmpCYyDd+Q4dv+0/91B3veYfp94So03OEV5bYIcWJDWsGPE7EYJ7OOI8TIYJSxNjhNXaNNYNNsXi7iJG9qM50YftZT3ySYBiGYZijGdIiWE5fOXahwY1ZdMIwDMMwDMMwDMMwDMMwzNFC0+xkIyrDf2tbjsrmxCsdUEvhTVaEHJI/TOKH5972wk/8o0xncyQZxmpdFO7HGlMdWdrK6EP6j52l8BYxYLgCdhjoiKFEDJ4g3q/GFwwnIDGFkfwAABAASURBVILMyJjmeQV9BeYgKdAtaDjVILXwY2Q354RXIW63ksg1qC/KsnBtQ8XIQLvDAvaLksY0z4eCbOhspZxO03Rqetqt767Ifr/nAD1Ku0190Wql0iryxqizkRo0LE/w18ESkLdko2bDyGvEXyzu/xGYx9jIZ0o5sqyPlidlkuRJmroGxHFMR1ey0mcIFcUqimLM0tF0THesVpkWedHPM4jaKXKt6QIo2512nCSyGmm1oaqTeGZ22xOevOcfP2DMkOLk0D1OaBmsWMZ4nAwsGzOsLxnyOAllvGxtfD0oAKrXnHfZzwuGYRiGOcoh0Ylh0cmxCw2uYtEJwzAMwzAMwzAMwzAMwzATzAZbmzRr9hP0MPUt0bdh3btO6CfnJOSolDkA+onQgriTSPIkkeiPoUtdFpS1omB6vW4ClQ37COFNTEC7UJZxqUFoIEeC36336kCDFthPV+KNcDLBCgVSXCIFWT3aVEqX5lG3jthanaaRMSnKaFzbNNh70KVlG2YkuM2/VmdlMMvGUeQQQ+OtUJTqdDrC9TB4hPS63a5brwuwiRFiJk1agmojr53he2PA/mT0zgHdSaMMiU6kpGCpSFm3FVQz2mqqvYTjQpk4LuI4NjPTrm1xEsuGbw7ePVCpq9wNDI2sW46RJInL0jWfBCfFyorOiyJtpa4ehciNVm8d/7Sf3fPRj4g8a3qcVL3TUJyIYQ+SIY8TskIRq3icDNmnHMTjpCFyMWuWCTqVdH7h3J95uthQajujhnmU2CqaV+PWKsMYhmGYIwk9XbsnRVTe8h+AYw336Eejqrb+MZxhGIZhGIZhGIZhGIZhGGaAtYQlmzcxKqswEtQxxBJnwG1lFyIoksZPP1dROmSsUSk5JnH21OLHvs2QGi9CsXUBUZsskE1IkIqMntCQ5sNjQHlCIgpbCT+qHSqLk0aLUB8BQgoDUhEjvc1JmPUm24uwA0YeDX5jkqbIvc2HlMp9xq1VfRR1ZMYixkbaNI1de8qydJdQpCCnRpcoKSHnHEspKiacCrzi6VKujeuaPC/cdrdLu92O4rgzNYUaDtXv97Osr6PYFVsW3U7btlppFEWWEoqgSiOrASaGbpihNaTzoLGM45hicXCldc2OUH7iXjBqBwtqk/XzMipda9DLxLSnOkmSuLbFUYJ+HjCFBCOhInecOE5kRybQA2hxghYoMstkIYuycLXaPKeegaidJBEbTTI3v+OpP3PHB94tGo4meMPWihNjRxUnB/E4wb4YcDSRDf+SgTrH+aCEsQhrxvqghFbd85eeH7faYkPZYpXJQRlsTPPuHW4kT1EyDMMc1cRKlEZ0OvHKSiGYY4vpNjzLcbYOwzAMwzAMwzAMwzAMwzBHnNXUAkFnUM2qk5QC17jp4EbkyuEfmg5jRZImbuYdppXxd0lz+oLmP21DHrGOdh9xULOB9i2SOg/X1uoRKhPsHxqSlGG5wuBuWnj9hNTgvFGCMUc9l20pzGcgg6haAkMPjaIT+FEqSsj4A/pc191YN9X9KDs8uD5KB1U1SqpIkR2F175UJ2C3cFziKIqwvRYbECtlYBnSf1wfSdSe+KKkfJAoEhE4Rgr3sRV5kVuULkyhqkOh6sSdWNbvF0VBZQzSbrd8QI8xSvmwHhmCoOhw481OBrwu0ONE+TAm+K6qokrAwSYSytgoifNSu8NqaJfNMmhvXhbtdrvT7qgW5CShakKR+Ib+nySpjY1JwOnE9U9ZliiDAusRjbIjt0Zm0AC3TB24sZz49Gfu/di/FIv7wykbu6rHSdVFAx4noqFBqWsY9CYZXTPeByU40oxVpYxbM3XSKec941KxyUyUAIVhGIY5holIdNJKWHRy7JG2E1uFKDEMwzAMwzAMwzAMwzAMwxxRaGK+ngMNXhDVd/Ol14FsMOSPod1su7GK8nVIxUCtkiJ8hLoZR980miIEpaqYF7/Re4yIwRMaozkZnpUmrweaGwf9SFlWuTFeuCMHHQmCHsX7wkCei7EoX5DB28Q2i/udBpo09vyUjwcJTjVNAdCdlyKtn5hEGygOgUMbA1eMMqZ017QtLYhyNBq9SEktw2vK9QGcQqWrMdiJoDvJC1IpqKmpOI5JmOPOsdftFkVhjC2KkjQiKYqkRBS5nenY6GAig0pLDOpO/Fja4GrjlSLY+CgIX3Cw8G50LwrcS9yqUmtXK9qflL2+KcqyyL1rSavVEiB78UIOvN4ilG5hBhLY1ahSlzIiTYqVpSLhjIbrpxSgdNl40UnUbh//35978//9i0oHs5bHCTHO46RWnDQ9SAa8SVZTnzR8UMSoq8oq9QT1yf0u/22xGWzZbcEwDMMwDWIlM2FVEgvmmCNO4sLCEAuGYRiGYRiGYRiGYRiGYZgJQ8rhhdo4Y+O/ny+rmBlZ/yPsyJGDviF4FmxCWzYI1Bh4XYcx9VRzdaaHBkkVMFHHgGwCrC8gP8X9Q6IIKtSsWA6+QimDhhkYyhPKS69XkKMmKwORQEP1VrqTqprKraXylRBbRRx0HiSeUMoqkYCBh9IlCC0MKnRAdGKqnnINjRoXOCpOpLE+g6gsy26v7wqkrVaSJFPTU1CtlP1+vywLCqZx/ViUaRInID2JZITpOMaQ5mOtr5raWtGj6BJRmI9D6TMgClFgR4J6Kxhu1/QkitDFJuxoy6IoS51lRZblnal2Z3o6gXihmG4bt5eqRk7F2DgTycpPRakCzU7IswVO1v0qNoETnvCkPR//l/5//cBfbOM8ToQXS4lBbUrT46Rxea/mTTJ2a6VEEQMJPvURh+oJF6xbPPkhjzj1QQ8WmwDkYMnmGxvDMAzDbAUJ6UsVi06OQayA0U03XkLMMAzDMAzDMAzDMAzDMAyzWQQfh439zv5qtQ1MBluvefEz1FaJ2hNlsghCCNPQm/jZ74aS46CTzwOT4QI1I+DkIa3WZVHoUpOCpAog8h00rMWhmXWJ4osS9opRciAjiVKGoQ4k9YkRBztDFUUqjkAEIxvjZOse2BpXh7hp1EHOIaUs3cURGaUk6T+kBq0IuepUUoawj6XEoPqarnQnPYPBPGmaTE1NJXG80u12V8DvBN1QoEwcx3mRpInbGEE7Ij/qpDs5WHiK1wgFkUrTokNr7dZDIBIm4KAwxRqKmCJ9itE5qI7KrMjd2boWtlqtWEUUcjTkmuOqSpKEFvI8dy0vQLZSGryipNosQ/a7/cZLr3nR/xBrKk4aa6BDmj4owrueDJaUA2W8amSkjG1IXUwj/GmMZmWwnihtXXz5y8TmgG9iXlIT8pXCMsMwDMNsEiQ6cU8V7tmoKYVmjnbcgJY4njGLThiGYRiGYRiGYRiGYRiGmXjIfUB6oxNZmxBsKNXUK9oBeNmDmxenb/CJydSXjAVTdaqZ5IZwRBwKDa8HnKq2QQgCNieV6MSG0BYRQkVEfahKiIIuHsa6XdyOcVlWvWpDjpKxg2E7qzRaVicYxZHRMVmn1Dk7W44XnZCNR9RQe7hf4wgjm1TU1xnZnQiKUhENnYwXMkXgBEJ5SAKuuqIoKnWV6Tjac61Wyx3rwP7FEjHGgHTDgFNIksRpmiTugJBiYyk0J7RkQFJglRU6rKlyeWrZR3PUSScUmkk2KmhMgkvQ87roZ/0YPE4MNAOcV2LsEIlSGlUZnHhFjITMHdfsar2Go2yaOGj6rLN2PuVnd33kQ0IMJOwM6D/EeA2KGFkz5lXUlTbXNBUnVJc5WD1h+T4v+I3p408UmwPcrkrW8rmG8IV1JwzDMMymEitRGjE70zqw2BfMscLcbMu9JpulH2YOAX6cYxiGYRiGYRiGYRiGYSYXu8ZvWzTL35w937Rj0NS8+8DUO1PUU7EoQBEj+havGxCThaymvEkeIAecWcj+JLTZVCe7Pih7xVJmjzQGTC5MqX2/jAxOtdoOtc1orYvclC1rtIXQlZCFg42Tw+cz0u0+sQRFNZGKYrDjsIX1/ig+kaeWF2w+CsQ4FuJzXH+Dt4lScRy7pkmI0JFuud1qTc1OpZ0kiqWMKGbHVLoUOCMDdhqYdGOFMvhFYNDnGF0UWb+f9TP3mpeZStTM3Ozc/GySJq5E6YbAlP0izyHtRrufrChyXHBDg6MFuUoQZWMsRCIZQUeKQOCiBIo96CdISsKPOy+LgToqjuI0jtMkabWSOFEeupDI+qboLS8tH9i/fOBAd2mxt7LS7/Vc01A/o9ypwMEhHUhFUdxud6ampvFnZnZ6bnZ6tp20I7mJ340941ee3z7jrNUUJ6bSU9Vba4+TgTXe46ShKVndMcWvEkFrIobrGW5DVeb4Bzzo/Gf+nNg0lCBnHbzg3KigNMhSjBJcJwP+QhYzluz6EAzDMAyzJmR20m6lgjmGSHFAk+gIaB0+9rGPPe5xj3vLW94iNgj3PPPSl7703e9+d79/lOmi3CPcr/7qrz70oQ/9whe+IBiGYRiGYRiGYRiGYRhmU4FZZvix1cI6fsIX9zFjAvNVBn42YqYR3A7AOgGXQMvgfhfhB2c9q7l5UU9uyuac/WFAISGwYFEnAAoGYWPXOVImOB2PU8wGJmZNNSvt20hiCzdRq0sByonVzst33WHPx46Z2KUgm0YRbJDFzgLbCQCcP2C43ZnBZDIIGLA1NLUMrcEWUwdQP1R2GF5s4M7a4Ew0VK6pWugB0kRYpeE3CUODMgbfBppDd13nJ+ZJMGIlTm+juwceWlJeS+l+YA7fais0ToFDdaiEoMPjhDi8qtEfOjqYg6jYtdmNGuyhQcqB7a0ul8Z0/2FNkUt04TjITzyoh4JehMl7EFm4X6PKTMILfKQqweVFeGd5SYOAQ4aaG5LmeNETyGmKkkbL/STtVpTEM9MzbsXyykpRFHCmpe6LrIC8mqSVtmC/OFZKg3dKFMngZiGbZ2XRWIZERFLWw+8LVek8biEWeKNHkaHbsyw1LVA/UnyQu+j6vV6e5/1e0unkrXZLdzpgeRLHEo1eUM9Su6q4hiVJUqap64ssTty+YjM5+7d/7+pf/x8my8LI2wGPE9/hVqzucYLdYVfRmpimmmRtjxNBJkrj62lv2/GQV79WbCaW3GssyewEqUy8H9JgSVOdgxRHYBqJYRiGOfZII9krrIiOkRQW92ATJ1Hinmli5R5II5QdS/ifhF9RhKG11fTMhE/pGqXA7qfQuij0saHYlG5AjUhisfX0+/09e/asrKw0V15//fUf+9jH1t7xPve5z4Mf/ODR9V/60pc+85nPfOc733n6059Oa/74j//4xhtvXLu2Jz/5yU94whPEuOb9+q//ujhcTj/99N/7vd9bZ2F37V144YVf+cpX3v/+9489NYZhGIZhGIZhGIZhGIaZBKrMGbGV0492IBQmmGH4f6wQG6N5qSGrDFUdsT5cOOswdY/zxn72tuHUISYBaA/N71cuJ3fS88PP1GOlqANydapaCeSVJYMxHXb13sDBdB+4W0vGGz4ESAq5nlbieTUNW9DRRSlDShr31CWzAAAQAElEQVRLM/9b6kEzRnRCLSAVT2Qj1ygUWkSRirIid59CY3SOV5yIOlSoWRNJQyRl6NB0RUfItN1qtdtuNsNt6vX7RVnmBWJsGRWuMElxihImORKwsldBn9Wo/SAdpOqQIIUqIWEqRCXhCbk5lZJBaPS9cWWyLCu1biFJEkcxnL6KVOidyixFuq0QCKQ299bpnHLq2b/7v679/ZcPKUWw3+2Ar5H0OV50y4yqSewqbiVepNZUnKxSZrV6VNp6+Jv+T2tuTmwyfhAl3sXNq2Lwlj0mJsIYhmGYCYKcTrQFrbcxR+vfmXYr7rTd41iSJgdXz0SRjFYX2RSF7vbzXr/I8lIcnbihLCE8UiQTIyW64YYbDup98pznPGesMuP973+/e33Ws56Vpt6P5+qrr/7e9763dm0PeMADxq7XWn/jG98Qh0u32z2k8s9+9rPf8573fP7zn7/55ptPOeUUwTAMwzAMwzAMwzAMwzDMIDQXHAj6BtFwOtmg8J2mO0bjiAMFRCWqqKNfJi1nBy0qKCNlSGxwaNV4TxThbVvQUASCX4y2mOGiRy0bwrGGRk2IWrQEOR5am1K7BYVfBCXDFvQsOVhHVq4c4dTcmeqmVmPLpT8xSTQqDxUzoI/CHpJCgrYCfVmiAoq709Yl2dJgYSWiyp6lkjVJUnXQb65clmeQiuP6KmklSTI1Pe1q7Oe5K5fnOXxjFjxR+iTqiJMYJBBC2oiifpTrcIm+JJUmBqxHbNXOZofSDVZpSkAWBL45qBGhTbZhN1SWcBo+1Qi3ag0DK5ZFkYMeJkWSJDYRNiWKrA9SUlGcuPItVOOITWbb/S8+/Td+8/o3vb7pcYITXnLA9aS5ZtDjJGxeY40Yt2YNrxTbWPPQ171h+znniE0GL09sC1xV6IdEbxBKDr1N1L+y/IRhGIbZCEAXK4W2Yn62te/A0RRfEinZbqdT7aTdSjZQKZsk0XzSmZ/tGGN7WdHr5e716JLjLMy1BTwKb93XEpaXl0P2jVt2r71eb/fu3bTGPSHf4x73+KM/+iP69d/+7d8+85nPXHrppfe9731pzde//vUPfehDY588b7755s9+9rPT09PB5sTx2te+FrTUZfmc5zzHbXrrW9/a3OWNb3zjF7/4xTPPPFOsjmvS0F7EC17wAtf+173udSeeeOLQpmuvvfbVr371ahV+5Stf+eEPfzh20xlnnHH11Ve/4Q1vuPjii8cWuP/973/O5j9tMgzDMAzDMAzDMAzDMMzRwoAhxIapDEhg0cwhsetvxhGD2tBoqUXDb5hEVuT4YUXw1EBNQ6VCGW18lQAjgz1KJZzwSgO0SDBGF3ne7+s8byp+arFJo5LR5ro6UGyhMQYIAmowv0gO6YrEGifrT9MGqxt/eBsKbOnH9XGV0iIaPTZUBvNMlIzBcB0EKK0izfMyyzM0V3cDorTbx4TR8hU1JTyux7J+DqNnZavVStMUZClx7D7LXul2MylLV5fW7oN4VzhNQcsBHR27zk0Sd+S6KVXj/NVgh6xQmpoSCFsSlMAiMSRJKBXFEYRRWVSiuC3uoBTFVLkQgeolL3KN5FmepIlrcIxNTZIYKoiiSvsCpxsn8RZ8w/ekxz2xOLB409v+uvI4qXvDekGUqYONRrJvqH8sBifZVfJxyPlotTIDvilVGYnrH/LHf37yAy8RW4EdksUo74XjxUe1oG9C3uAYhmGYY4g0Fr1CxK2WEEeH6GS6k85MtdrtRGwm7k+xO5D7ccvdXrHc7ff6hTgaiFup3lqbkz/+4z8eSs/5IELLF1988V/+5V8+7nGPo18//OEPu9dLL730jDPOoDU9jHR0D6WjNb/vfe9zT0E/+7M/OzMzE1aedtpp7jXLMoFGgGeffXZzl9tvv929nnfeeWJ13F4XXHDB6HoSvrgKTz/99KFNeZ6vUeHHP/7xf/zHf1yjwKeRsZt+67d+i0UnDMMwDMMwDMMwDMMwzF2ZIbsOr3UQsul64jeJdX7Xbpw7yUDAyxjLE1Kk1FEytNPqx9v6ryrWcgEIlVfY1Gq6fDjyZqjdw6chZd0dtaMMiE50mYPopHCfiFojveeLHa1oaCykt/2wkPxSGguiEwNSjMbXI9fyZRm3XjbiWowldcTB3VI2ltiEAwbxzdA1WQUx0dw+uZ64z7uh40wfv9IKqhLTKDt8xUNujTVlASoBFEYkSeLqiiGfJrYBrctSW5vlukyTtDSJNf5WSWJV1+Y9VeR6bIJklTWD8UogaJIQlKNRM6LcJjeARVHUHYC3Bhml5FleFmVRgOVJq9UqS7ccqzhybUPjFyLasvE6/dJnqTS9/i+vMF4i0vQ4sWM8Tpo5OKQaGbz5Q5na9aQqM+CDMliPbdTjBv0Rb/rLkx/4QLE1hLc16a8DU91FVtXeTcLnXdkt/OoywzAMc+zTTmTPPcvIicliWQUVyfmZzsxUa7MTAEeZ6iTuR2u7tNJ3PxNufGIEDGUn2bpeOv/881dWVmj5tttu+8EPfnDqqacGr5Fzzz03lFxeXv7Wt761sLAQFCeiko9MTU0NVXvrrbd+8IMfbLfbz372s2nN7t27d+zYQQ/JJFWBZ+8G/X7/hhtumJ+fH7Uq2QIuueSSs846a/3lr7zyyh/96EeCYRiGYRiGYRiGYRiGYe6q4OxtHdQypDKRSgljxJB9w7o4BEsMmqOX6y7vD0A7bM1Hxc3pYkgucTP5inwohLDjgjJGFSfr+bgYtQ/oU6LLwugSjRJw/xH1z/CelNxCggqDuhMwO9FoHgHOGWJcX41qUPyBqmwjEpxI+qFsmy3/bN7H64jGVWgxBoccZugEUJgCcTeUJyQlGobgqfWzTGrjzsBNMLhu8aEvcmhIYIW70ktd9vrW9b9pt2PUnbht7iNyhd2Q9Xtuk1uT9fNSmxQTjKAMdFcSQcyODNoTWzXXqx+MCSfSPJ1gf2Ib4Ttko+KW4ygm35KiAEN46aNzcHjwREEJU7rLpSdo1FMjdeQaGccx2LFI0rJs3VzFqT/9M1G7c90bX9f0OFlNEWLHeZOIoD5p9JJYba8163Etefgb3nzChReKrSLYmcBY4GhZo4Ubd3dlQErSQEmJxjtSKsEwDMMwG0GsQL3qnnRmZ1pLy5mYPNzD0sJsZ2a6JY4o7tFqYa4zN9sB6clST0+k9GR+tkX+itEWPik8B6Hlf/zHf3z1q1/9yEc+8kUvetFoyX/4h3/I8/yJT3xic2W323Wvs7OzQ4X/9//+367wC1/4wp07dwoUlFx22WVpmr7zne+cm5ujHB/3a3OX6667zj0Mj3Ux2QIe85jHPPWpT11/+Ve+8pUsOmEYhmEYhmEYhmEYhmHumjTUBjSPjXP3ONNN68BMwX0G6yZMGxO7Uq6pDJFybRmIq9zo0pgSp5R9C7xnCE3Dut1BdmFR8QKfsVp061jjgFsAGZk0f4W2SZSIYB4LGk/AJov9h04a6AsCp0CfFDf2rxcVWjFABg5JaEAUAfk6usj6kuQsqEKpD61kmIWnDJM6Ikb5AlCfAZsTnZdRnPicnCqcRazJYPYLqlJQYGPcCcIn8kGkIrdMfhKveRzbXCDFBl3NoNhI4nYbcnCKokS0KN1JlF5pJYY+wvcmLq4c6TeSFCDLkCRJpqY67jrN+llelq5TjDaZyb1sx412qV3JJI4SLA8NClKkoJVZ3fgkrKzSWGDBVIIvVA3JIi8MqRSklytUTYY1eZbjRQceLQWmBbkNCfyWDIldNpuTHv+EeH7+mlf+TsPjpH61q60Z8jixdv2vdkSJAuc+M/eo//M327fe5Nz6hB3pzXfgXULg9WBxWEk6ZNcwHWIYhmGYw6WdyG5uO9PtSROduD9687OduZnO5Pz1c09X8zPt2anWgaXe4vLEBRK1pzulhQEVk8ctt9zy9re/3S38zM/8THP93r173ev27dubK6+++uqPf/zjZ555ZpCzvOMd79i1a5fbd25uTqBpisBnpOZe11xzjXu9733vKxiGYRiGYRiGYRiGYRiGOaqQIb2kCn9BnwQ/cyw2AIsmBlaMzdYRBzE6Gcmv2TpsQ04DogBy/pAKp/9NkKRYb4lSG8ccNI4IJCteQ+LDa3ASXVeHtcPaDuuHZah5IhyHGmGsoXgdY9GYe7zVymqz3g1jFXLWULJiy7QmgbjZLFoIHiJ1qdqrRzT8QlSaQj5Okug8z4uiBMcQYUyhhy5oWV2S1N9FWWqDeiLppU9RFLVaLeoM0esXBrvWiqIoItSJmDiOjLYWjMFjn4nk2xwsTMSgqEcOKrioQLOktz8R0kDiDvzkGAAkDClPIDqJCkAZo8vC94qK0F0jRCEN2pVvAcc96MHJn7/5u3/4inzfngGnE+oN70wz3uNEDnqcrOqDsqbHyezdznrEG6+YOfEksbXU41u9ovUQ3IruSrL0q6J3EVacMAzDMBtPOxbdHGJZyPJkQpiZai3MTUXRJP7tc3+Tt81Pzc609+5fcY94YjJwjwka9eTtWEwai4uLv/mbv3ngwIFHP/rRQ04k3//+993rqaeeGta4J/DXv/71buG3f/u33eP0HXfc8aMf/egd73jH3NzcC17wAipDopNbbrllz549O3bsoJVXXXWVe73Pfe6zdmOyLLvkkktG15dl6V6f8YxnjD5xNeX8DMMwDMMwDMMwDMMwDMNsNn7621JExvo4uCIhyE3sqtvHfSB9ZD+kxm5oRBC5yX6IPJGV0Ygk1wzbFNO4D4rlqqk65IQANidkixAcHkgtArEtZXBMGNrRy4EqFY6PJqq0DTSnT9XAZ6pUgxSVpGJ1s5OGWqYhjSB5gzfDEZUyaSuVJ/Vn7UFcM3oO2A9kHQF6IFF5bESxigw5k6dxEskIJRzuc3xIyZH+Q2crK82QxcgTzKzROod6pbam1WrF0lWUtFpRpOI0SZd73QLsU8BPpJ/lrqs7rVQphWuSlkB/FFKeYKtqByFqbW104YUmo6dtyY8FzwOsVtIkiqM4j/OygMYbYxtVCfi2LhylLMDHJUpiaLnWRQKNbLfNVqtOhFi45z3v/1d/e/X/+v3Fq78pBv1LzFA+zqDHiRlRk4jVfVC8IG6wnjOe/LRLfvf3xJEgTGNU75621oIZi4ZI7tYEVZhEVRCUrL7Wa1mFwjAMw9xpQKMKegWxMN/Zu78njjTu+WX7wnQrnTzpxCBxpI7fMdvrFXsPrLjncHGk2bEw5Z4doq3N1nFcf/31YXn37t3u9cCBA2Flp9NZWlp66UtfevPNN5966qmveMUr3Mqbbrrp2muvdZu++MUvfv3rX19YWDjzzDNDJW9+85u//e1vp2n6mte85pZbbsnznNb/5m/+pitJyyQ6cXz+859/ylOeQstf+9rX3GsQpjzkIQ954xvfOLbNoZ4me/bscY+Fc3Nz7pl8aFNZlvv37xcMwzAMwzAMwzAMwzAMw2wh3tzhYBYX6zDAsE0nFUpBqY8yUFAMZ/hY7zUiRGPBR54sYgAAEABJREFUboUSxY5KAiRGoIxP/JHe3GDN6Axbzy5LmjQ3ltQhkI+iQbhQgE+JNmPFHY0Tr9xIKu+TId0JIcY6g9COQ410xZQkEUxzQO1gEbF+EdJGsOosxah3SHOrDd0sRRzH7hPnCIUa0K1SRlppWCDxhmwYVHinERBw4FcktTFKRTJREVrctFrtJE5UnGQQtJPlOUhAXMm+Ne4IZQTZUZZ0KioasjNpOrUEscgYAc2QjQdeUwpxh4jL2LWtn2WFa57BAfMl4XxdW0hv5JobVV4pbs28OAK0Frbd/w1X3P65z1731/83u/WmUf+SUX3JGI+TRpmxPijN7tp+wX3u/7Lf3nHeeeJIUTkR+cHF/6mqzXhb4lkquD/p7SJce1t6VzEMwzDHLi1M2EnaLSGOsOhk29zU3GxbHD10OskpnYV9B7pHPG0nbrWKI5Gt88xnPhOV2TX/hNDyIx7xiAsvvPDmm28+44wz3vjGN87MzLiV/X7/ZS97GRVwD6u/9Vu/1dR5nINBh/S08xM/8RP79u37zne+4yp52tOeFsosLS3Rwuc+9zkSnbhipyK0fMMNN+zcuXNsg90j98c+9rHR9T/1Uz914MCBt771raeffvrQpquuuuqXf/mXBcMwDMMwDMMwDMMwDMMwm0PQEzTnwdehJll//TY4UEjvvTFU4gg7mqyBtTa4LIDTCeRjDBuRyDpcR43uXmkkhuqspCFedGItyB00TE6LMNs+kqcTRC1+MtuKkRLDuh1rRTD0WD1Yxxce2vGIEg+F+qy2TIReljTpH15w0Nru1IxRuSxLLVWpXUeDqsRid5N+Q9nKrAL8TowWWmb9TFppY+s+Q7cYNdQCXxMJWhbV7/X74DCCzjIaKDHUSHZarciH00uUXDWviTp9RaxOGGNZaRTcKbiDGmtbKIvBCCBf0h2c7Ghc+yE9yELyjgAFU2mO6Bd2T3jIQ93PDf/04evf8bZ8315RvccMCWtEU2tSlREjZcxIGVoze8bd7/Nrv37qTz5UHFnACb9qnLKqep+TwWkIkdbHlklcHrmIBcMwDMMcNp0EEnZKC7Z8Wh+Zx7gkVju3z6ZJJI5Cts1PddrJrn3L5gj1XiuNCtROt7fcqu5hD3tYM33ma1/72vLy8iWXXNJquWdPca973es5z3lOWZY/8zM/Mzc3R2XOPvvsV7ziFYuLi7OzsxdddNEZZ5zRrPDRj370xRdffPzxx7v/dlpaWrr00kuTJHHlm/8pcsstt9DCl770JVe5e9bdtm3bW97yFlp5xRVXvP3tb/+Jn/gJsYW8+tWvfs1rXrP+8kNKHYZhGIZhGIZhGIZhGIZhxLip/ENTHvg51yHpAgksDMwbCyNWqXBtj5AjRdMuxNtTKNnUDAQjAyywxhnIOn7HkgjHYgaO9f4nFi1KDMoWQtWy2ZLx7hjNAl6kgRYX1lsvHAJ+LnxkfJohO1spRGnE6wRzC9ThVJP2FPijascIW7V3GBtFqtVOo1gVeVkUSke6dP8Wuh5dCT2vSLODpjVaF7nWpixbqfu8vS2ThEbezaZEKlUgGdBZZjTFGcHYGdyeuYrarZb7YF3QBWExowl8LyIyuKBWVkKg4IlS+bNAMVvJh0Dr4v1wsGCURC3R6md9ozUqTqprE+U2tpQixivLtc+UVpfiSHO3pzzt1Mc98ccf/aebPvyh3q03GXLjIS8TYw7icdIoI0fSeebPOue8n3/emY95nJgA3BsDXJ9498kQDRR0JwZTdaqbpzIysmQBRYYo1svDjBD+fjMgX2kcwzZe/Zrg0zOy0tpVb1ZrBypkGIZhjhXcM2o7Fv1SbNs+s3vXkthypjvpzu0z4mim3UpOPm5h196lLD8CD1Hz89Pu2dQNotry/yb60z/90+avz3nOc773ve+98pWvbBqNXHbZZe5x1z1AhzVPetKTwrJbH8dx+G+Vdrt94okn0vLrXve6Xbt2vfCFLxwSprhDuNcHPehBV1555VVXXXXxxRc3t37mM59xrw94wAPElkDykcqtcL24UxZo9CIYhmEYhmEYhmEYhmEY5hii+RW1IXCe1lazoCHuQwpD2SKiWtOw4FhdYuDnhevUkMpewprg5mC91sShwTvCaHI6oRQXUc/3+3ATmk1WDWOIptOB2NTJ0ko8Uv1b56HgRgMRJ7GK08SCY4Y22FJBqgA4U1ml61g3+eznzdHuQAo/10xChkplAt//pPwi2qrL0hqJThWko3Cbh4dyPR+BuhrdR6ZGa9ffXs7i2ullIyPGKY2elJVaSFadoJRriNK4X+OKoHny0SsjuISIjTJsiMuybJqdSGqdrH/zSyMxSEOgUQg4hUBOjYqjqEBjErfCHYGWodMwh8d4qwqUDhgLH6wHDUSSJG50IWsHurRFKqMsy4R3H7GukjzPXddTd7kjWaOsMqqK7pH+JKQNOSzV6eC9ofB8Db42VT4yyBXoRFq2VeoSk4C0qG9UVC5p9GRxx7WqtBPx5cuo1TrzZ5/hfr79+j+9+Z//cShbx/3TPu6E85//wj3f+ubitd9bvunHut9rHX/i7Bln7bjoouve867e7beKoDgR/p3srKdd+oDLf0tMEJa0QyQh8lqZahRl5YUkGxFbJc7Z4DtLRGFmqMqr7sDG9SGFl7BIO/QmWL1NDbwljsQ2NbeOvImy8oRhGOZYYiqV/dI9AiTuMc6YLX2Pn5/tLMx1xNFPFMkTj5vbvXd5pZeLLQT8aRQoGNwgiiPBv/zLv7gnY4q5Gcuf/dmffeADH1ijhve+971nn3320MpPfvKT//qv/3q/+93vuc997tAmEp38xm/8xre+9a2PfexjTdHJTTfddP31159zzjnbtm0TWwJl/fzRH/3RYx7zGMEwDMMwDMMwDMMwDMMwRyHBRiKssBtkKFF5KPjAipFcmIbSRKzXxWIo86TpjWF9So4d3EDmEZYiQAbDRkKddWVHHJogRscR7x1CM+OUcOLDyoMjg2wE3fhutl4d4SuTvrxtpuqg70v1qwwjReYWXsMy0B0yTF6P8fGwYQMkw0CwSgmiiiBF8PWN693BQ9AZeeOWSiDhN9VXj2xIUzaROMsy190YaFQ35fBw+0ZQV+SmYFyFFIiDohP3f12Uhes1N+Jag6qDBoWmaizoTnJr/LglaUQF3Gur3ZaoQIFknbKk1JuicJWV3nYmSeCIVpHqJbL+alBkerHKl1hpGKrbTAU5D+HWRVHsDhvpRIPZSaE16GasT67CK0obVDfA/8QkkW7bNtbjJGq3T/2pR7uf0V3+60MfEIOuJ6Q+SefmxSTh39XC/V9L6sjapdadhHdPDcOEZUu4PlBxNBC/NFYmxjAMwzBrECmRRiLXYvv26d27l8VWsWP7zEwnFccQO7fPRAe6i8t9sVVs3zbjnvnc8EVHyDXj7/7u72677bY1RCfE2WefPT09PbTy+uuvP3DgwGjha6+99pWvfOXCwsIf/uEfkh3I0tKSK3zve9977969u3btmpmZcRU+/vGP//CHP/zMZz7znHPOoR0//elPu9cHPvCBo3XSo5R76v7ud787upUMS6677rrl5eXRRorVWVxcdK/bt28XDMMwDMMwDMMwDMMwDMMcNoctcxmzoxSNkB1I+YAfmjonWUMQclTFJw8/HYzzwIq0BVEcJ0kURSVZtjRcPWqfmPWejXcOoU7CMBwB/ik4q05b16uwqBpRdbo1WpdFaVCHYEVltlB5Lhz0rO2gVwnoJMA4gyKAbL1h8788G+d5kSSWHErujOIkQGk1sYxtFYUEwxrpOI5KrbMMvs9KUgDsOR90ggoknRcZWJ/YJG21aF93KSRp6pbLssyVCroTV74oCtmTpgQ3FVIqWTq4UlUXgwSh6cXdPMEh3YmsbFECpMXBxkdaRwX6tRhwEzL+RPGikmISvb7tUIbOQd585FCqTrUsJgsfylR5Nyl/15k1c65shYA7H8RJ+AKbgoiseWHYkfvOslMJwzAMM8hUKvOeFVEq5eE/3h8Sx22fmTq2FCfEtvkp97o1uhMwGIwSceRsThx33HHHkK3IJz7xidnZWbdw/PHHh5ibV7ziFfe6172G9r388ss/9alPDa287bbbXvSiF2VZ9vu///vXXHPN3//933/jG9+49tprzz333He9611kc3Leeee5R52nPe1pH/rQh/7kT/7kLW95i1vZ7/ff/e53u4WHPexhY9spMM1n1Dol8LKXvUwcIiQ62bFjh2AYhmEYhmEYhmEYhmEY5uBs2SeZfoIUfT0MTZ5W0TnSf6d/gr/F72d7gzAGZScSTa9papleBgqPmyaukCPTxdAFljrCWo1uGcboSsuyun4luI2stgaVJiA/IFnLYdldVIk2OGZKGWWkIWcKM1CgcTpio4ld3xhtSlGiSYkycoDQwoNW1FRs4DC5y1CJaqiCegOtTbS1pYBvT1qyMEGHG0oYAhcT161ul6A7gWiUJAnLPqcH4o20+4Td/ROh5CRBsVKKoe8gQLEi+P2Mtr/2lmlcSY1sGa8uci10i65f4rgFSqiyLMq8sIUXZ9BOZiLidZo0tSOm4Re0anlRnXlI2PF7iYnC4tVDnkWUZmVF0/UE78RBkyhv3II3qrv+IFyHlCYKh8/ft81dRnxPWHDCMAzDjJBEIlaiNGL7tuk9e1fEJnOsKk6ILdOd7Ng+7R6x3cAlkTgi9Pv95eXlu93tbs2Vf/Znf0YLD37wg4PoZJ3ceuutz372s5eWltxj6stf/nJa6Z6W73nPez760WBu981vftO9XnTRRe71/PPP/8mf/MnPf/7z//qv//qEJzzh7/7u7+64445LLrnkfve732jNN954o3udmZl5yEMeMrr1E5/4hHsqfuhDHzpqx7Jv374vfelLY1vrHt1vuukmt7Bz507BMAzDMAzDMAzDMAzDMMx4RrN7alGBuNMMeJbYoK+goxhBU64UWaJQY9EIS7Hj5BiTgKzzcYSMVJQkURxjcoluNLnhQWApPEXa4RqqgA3qJTz/YDsCHiIw52zLosj7GQSzCB+pcpCBCcKUwXLNFJ1gJuNdM6qUnfWceGitoBn0Ef+VoQn0Qc3LaKXiMIhbrZbrF11qmNF3s/JSxjgGZBBySNduEHB4wRDpReKYLLglzv23O25d5s5La7hwyc2EvEPCUJZlkeW4IfZeI3BycSQqXRJYjxQluZ64f7UxWkUY5RO7NWmauqGHUzFedxI6cYz6ZECXZRvjKkQjrQV6isxgFCxr8OEBeYaZNF0GtTy4lfg1td/JqnuNlLSTd2q6LHEIlM/EsQOmJGPf44JKDdxx3P/x6gFpCtikVKlopMkh+du4690borD8hGEYhmkwlcrFvpVpS4jNFZ3sPKYVJ8QW6E7gGTBO3R/zI2hzsmvXLvc6Pz8QX/jc5z6XpBunnnqqOESOO+44emDbvn37WWeddc4559z//ve/6KKLZmZmBIbj/PM//7NbeNSjHkXlL7/88tBrm84AABAASURBVK9+9atvetObXMl3vvOd7rHoxS9+8diaSXTygAc84NWvfvXo1iuvvPLAgQMveclLTj/99KFNV1111Wqikx/96Ef9fv+0006j5jEMwzAMwzAMwzAMwzAMM4KsXv3k7dqlB4JvDp2RqVFwW4AfN5GPVgAkOAl+AJQzgg3cKg/w9YL2FqQlwByVCGQDGjJSMNtEUJPHWZuQgcbgmsapYa11EAf0kCnzosgL10tetrLuj5xtFesRJqapc8MBQYuwnn4dtE7xIpWGqwi1ilaucRGNNvywBzVWqDLRGBREFiMkAXG/Rm56XjYVNgehaY5StcuSaoT6DmpWJKuRZal16f6nwWrFQOBOZdoDL1nWK8uilbaTFPxLQqtcU6VrKlwacCBqNumJUFhgvX6lhc0G059h1xYb5CSoiSF10hClLoIJCl6FFi5KHBUwU0ldg6OiKEAbNXkRNKI6R+NlUI1Vq+8gmlqTWus0WTILU2oRgdIHPEsi72ISdGvhlh5Qornhs40+8Bc3nKG7PKyiG016lVT1/riKkxLDMAzD1LRi9/zn/ii5+f6pvXu7YnPYvjA9fawrToht81Pa2JVuJjaHnTtm3GBFEgbuSEGZNd/4xjduu+22E088kVY++9nPPmznD/dg/La3vc3tTgE9Q3z5y192Bzr11FPPPfdcWuOWn/e85/3lX/7lL//yL2dZ9tM//dNnn3322JrJkuSe97yn2DiuueYa93rf+95XMAzDMAzDMAzDMAzDMMyxQmMONsx0DyKH/l2zNuOTNkLlY+d4h2UTZJNx6CqQuhrcV+HkaQ52FSVYVKDVCRhuKFmliFRhO2iCAhkVq1s/bB5jZnLd3K+BeWGIXCnBNUKpCHNZlBgOaxnwO/FdEPpZKb9FGNQeaBJNCPyOH2pxjJsVMNoY7KJGPesYX1t3uJ+XxrHDyI7g0FHlfTTEIuFAwQ5DDeTVkEZC25ArVNXh5TJ21faIxlXTuBiqhUMZ0ph8TTD4xlCLIbymUniAyANbVh+9Idpo0lwT/E4sSWsobAdDdKw2SZLQshtsVWoYF+0KaWwADB+ditZlP+tro8ECJ038PYZKkebhSHciqwXclLutkLYjIvL/oc4N2pfB/KCG206F21HgpUP94NqD/aNpd4whggqLorC2nDxHkOGsnDpLatUdpK0kJ2KSnU5IY6ToyoqsNALvGkXaOlIm1Tcr+R3ZhjkU+kG5q81KikWSEb7XKNkwKPIL1h5E+cUwDMMwU6lczmyctpXsmk34kzE/25mdbom7DDu3Tbs/5b1+ITYaEDAfaZsTxw033OBee73ea17zmje96U1rlFxeXt6/f//QSvfkOVryzDPPHF1ZlqV7hv/IRz4iGjYnxHOf+9z3ve99+/bta7fbz3/+88UqkNPJBRdcIDYOckBh0QnDMAzDMAzDMAzDMAzDrEbTemQ9U7UjsSlhjfSWGtXM/viZX4qYwW/n43QpLOgyd9P0aCOBLiCg3iATkXqvygXlyMykNqJ+yFLAtwzEBgLnfyH0AjQzYvDER8Q6vpPCVt9dYniuHK0NUKBBViXa+MQc6x1GDqErrBhQqLiKXXcXgEpSFYsqdUc2FCojlfs1stkpZERTSyDANMXIxtx33YAGslo3pD6pBQfr+0wdZCV0GNJYuIUsyyCyBlKOYGCgQCXRGBDsrFeyZH18UhQpsowRMWhMHJHWsTKwJMvSfT7uXkvrhTxwrLLMjSmphaGd9ArBPUlVD6pkoOmu47TOKUvFWtCdRCp4ltQNajS+EmWFc4EWKlFb6KDuxNuihJwglLB4EYM2+khOX4zBp8WEoRKVwGo1bHVb1Lk8k6c4IZUPapUgXwlaqKz7HwlH6ObBgiG1qrlq4A2akpF8pRK0KzDsykuQTEM1JkW4LBiGYRhmmE4iernQVhx33OztdyyJDaXTThbmOuIuxs7ts7fevr/URmwox++czdHmpJ2II8gXv/hF93ruued+4QtfeN3rXrfG49YLX/hCcegsLy9/+tOf/o//+A/3RP2qV73KLbvn56c//emhgFv/J3/yJ/v27XPL/X7/fe9736/+6q8qpYbq2b179ze+8Q23cI973ENsECsrK6497hHuoQ99qGAYhmEYhmEYhmEYhmGYuyoHy1uQTdnJFkxRVjIK9Lxw8+Ju2l3DqxiURsjKPQN/xFCLt5rGIcmixZ8BTPFbN5McJ0kUR3762IfXqLHdvuZomIH+l17AYLwRxoDpQ2NaWqza6trzZkC3AC4lJehOUjBWwWZLIdbUsfjZcFkvV4fAOCF00KDMlqCLWFsX07zmmmvWf/3F9EFzuL7J9QTkJiVcVO6zaQFfD428D8toC+TwdS+r2KGGTqXS0KCLTQxaETSYUKBEAfGJMegdUoIwSIMnjbD1XeQu76LMQI2kIlEfDE1H3OUC6xVJT9x6jf4zFgx0hDuDNIlbshVOMHyqThYm4H0irFzlpOiMUVyi0DwHx0mqysgoRO3E0m7w1MidoX3iCQv38l8hRbmV1yF1Tjx5tV22nX9BOr9A5YLDjtt3+qSTxMSgrCkKHUVWeDmdlvgeaMhBSKmR+6peJAeiSvLl07V8EXelkFwNxUVWhSQtMXA3r0tfxTAMw9zlmG3L/T2rZdJuRf1Miw0iidXO7bPirod77Dp+5+ytdxzYQPlrpx0XArTLc50j+dfcPVR/+ctfnpub+5u/+ZvnP//5H/jAB8Y+Wp977rmPeMQj1qhnZmam+evi4uK3kW9+85vf+MY36NHd1fDGN76xKIqnPvWpJ5/snwCXl5d/67d+i+xGHv/4x3/iE59429vedt11173qVa8aqvNd73pXnudnn3322NSeten3+2PXu8O5TQ9/+MMPO0uIYRiGYRiGYRiGYRiGYY4N1tCdjIS0yMPVndh17Wdp2tTnrKDmpCSbk8qCIYSHYGvkEdGYrAU0FY0VSKLgWhincdpqxXHiTs1ULgTk2jDgYjBYCS2MjsvAJgjxMUWO8UOG+s4e2hyyHap8wNkmZLYcNKxnIIKmeq1mwkk9oUBy4nUz0qtPbLMN3s+kcYLizhCH1ofrO03TxqlZjelEEfiSy4YaY43DWgrTEY17JhTHbBrrrlHUmVi0MyndFVwpQlC2YiEnxQ0VKTxcAfBCkSpNWlCG+rmSRygiUrGJXTH6qB1EM3lhStfyFLQpKqrii2rI3IV0J1VXytDs6jTDVWhoL2MDrk8UhRMJXYqJ4Ywn/Tf3c0i7POiVrxITj9VFlaAEwwQjp9DbBq4JTFDCmK6awUuURpIcX+j/8IKZSRIuPEjnseh7gmk7tr43UZMi5eBtzzAMwzBIEol2LPqlmJuf7d+xX2wE7o/OcTtm1V31j04SRzu3zezauyw2iNmFGW1hmGIljiBXX3318vLy4x//+Onp6Te84Q2/8iu/QhE2733vex/ykIecd955nQ4Y2zwNWWedv/7rv37llVeGX7dv3/6YxzzmsY997P79+1/60pe6p+5f/MVfpE2f+cxnXv/6199yyy3u2fUVr3jFk5/85Ec/+tEvf/nLP/vZz/7CL/yCa89pp51GJQ8cOPDBD37QLfzSL/2SOHS+8IUvuNfjjjuuudI9n7/zne+ksxMMwzAMwzAMwzAMwzAMc5dnVRfkQZHJBn43D7/Tb8c3BXMiBDicFGXhfkqKqRnef/K+oj8o2KA2k9UHeGCY2irmIC0/6KmhCERBTow2RZa5XiKHi7FFsUFjtkCMhxqTc+QVCThh3Sy8mnHGam20MO89ENwjGnYhI630DT1UR5PV8Jk1A2oMISIQ/9SSEY26kKDbIAFKsxYf9TR4mrYRE9UoBlBVJDpxHeguXLemqLJdQHBiDHr3uOvb+6/kee5qiqOYRCZUSTgKNFtZCdYpKoTtuFe3l0HFTJLEtCZB5GrJVdTNktwuzOAaki34g3r9A51X0RfMZlP24e3O2sKUJrLgmYMjDpIi464LcApC8yQ/UtWtDldsmGOit0O64cL1CR7+qHmCK1I2jVCErFRvo1cLXfO28atcx1sSwzAMc+wx05JZabVUs7OtpaVM3Gm2z08ncSTuwkx10ump1kp3Azpzfq6tLTwfzLSP8N9oytZ5yEMe4l537tz5nve854orrnjf+973d4hbOTs7e8IJJ8zMzExPT09NTaVpGlUI1G3g9wy0e7i95z3v+ZznPEfg44fb6773ve+FF1540UUX3ete93KF9+/f/7KXvcxtfd7znnfKKaf8+Mc//tM//VPSprjCr3vd6x7wgAcIdEP5kz/5k9/5nd+5/vrrn/vc5772ta+95JJL3HrXpF6vd/755z/60Y9e56n9wR/8wQ033NBqtfbs2eNqc2se9ahHNQu8973vdevPPffcBz/4wYJhGIZhGIZhGIZhGIZh7qoEbwOatByjP9i4b8BjxsV6tASyfjUC5BS6hNQZ0FiophUFNXw97VunVsZ/5//QoRQL76lBR4REi6iK04mqCIxaqmAHwjIwJAhcQMbP7Q61iqKHMGsFxAYgYihKMFGxh2MPQkf0Ahk5EGcj/YmtrgFplKZzr8QV8NGxLrWEMYPPk5XPAfFn6/cNFgt2pMJGM8j5g85Mht5Yy5AEXmL3EXYQkZDixPWRglVCo3wDus+iow5eWW6TrLJpZMgBwtpMnaoz0GsDraz63pLhBPhKSBCdgNMLdaTVpcE4JImJUTBy4Pzihi/v2zhxTYMcJhV5axlwH9GGjEiUK6aE1G4VphRh/+oCA4MSdwEkGox03K7w8T22w62USvr+srXehDwvXOPo5GWVPQQ3GDVfxnRtuX3K228yJ58SsnuYDQdulV03uyvT4nWiMf4GhtrrwUCiFRkhY+UGl/yRqhtSNrUg9O7jpp7osqaVZJrjriKJAjPw1wmKK4mpO1hF7YiDXknBgcg2rmu6HWo10kYKEBmGYZgJxf0FmGnJpcy2pqaX3T/iTjHVSWemW+Iuz46F6SwrQBh6J3B/1JPOlMUUpCMuC11ZWXFPGUF10W63L7/88qc//en/+Z//+a1vfeumm266+eabr7vuuvVUdfrpp9PCq171qoWFhaHn7auuumrv3r0XXnjhr/zKr7hfv/Od75Di5ClPecoLX/jC7du3h5IPf/jD3/72t7/85S+//vrrP/axj5HohKJ2XMk1pLSnnXaaO24cx/Trcccd98///M+0PDc398hHPrIpOnFPce9///vdwste9jJ+WmYYhmEYhmEYhmEYhmEmgVqscLCpvOZnZOsyJxl3MPrXjD2Wn2mvxABmwNChSuQY/W48fKHeVtPboZk0ExqCI2zjGIKUGeFIAycg/XwnzvdDG+jAaCJh/Zf66Wv+bpbVzcfDBDrOsNOc7JAvBTkEVEeW1WTqyHkMJtwM7LL2gvXdUvl0WJ+SIsHmhCaLBXY4nTmpLWi6H8w3gveHDC211S/GSCWr6V5qMRicYE4GuCO4mWMQCKChQePyGX/prOyCAAAQAElEQVQB2EFxh8QPS0mU4esmQQhUaKqZ62p62a6uDIE0j0qhQrE5Gnxq8n4/jiM3XS6kOws/hiQWEiL8BI2RhHEUqxJGB7ur6ZIjm5dcGJc4y7IkSdynxpQdQ5vcRWJBliEtJBJBgglVTJPxpESpKvVSleq3xvmOfFRNeTXC38l+u5vnd5erJMWNAPVJLilwR0ldumLa7YjqE3fksixQhKKTNEXdCWoE4KL2jieWrnzthh+ylAxpjixIjiB7JyndclGWaZq2Wqnb2VUVy7jhyEK9bpvDhukqIX7IdwU0WvmjLn35kwv3vjhN+WP0zcINXu9bnxT+tsebLXJjh3dD6e7PwkTGxmB2A6oj1G4p1BUpQZqigXfn4CJkGylceEMa94+mlZh2RdIofJNqaOFkfYl4BRLFnVnLVwDDMMxdk3Yi+oUojNixc2737kVxuLgn1x0L04JBKc/O7TO37Tr8znRs3zHr/kAnSrRiccR5yUtecs4558zNzTVXnomEX1dWVpaWlpaRoigoOJI8Tpp7nXfeebSwbdu20QORhckFF1xAFilPeMITrr76avd6r3vda7Tw2Wef/Y53vONv//ZvQ5jOs5/9bFf//e9/f7E6ZM0S+IVf+IUnP/nJtHzqqacGMQrhHqje9KY3/dM//dOFF14oGIZhGIZhGIZhGIZhGOauzTiZi5chwFYxHMRRBZOM7EL2Hag+8QKB2jlE1vqMYG6Bv4XJ/WqF8ZXAHCvJKciMAg0AlPR2E+QdIdBEQihf/xqCBTHgpVGbkYj17nKQBbIqqW1XYO5WYmK9jKIkbVHeStjBDnSirQw0gvyC/gkaBn9ujYwhNyetUA2iLfpl4A4KtB6+NSPIMSdma4FSbXkhqgN67YsdEwgkRypCUQMNtyIBh/soucgyYZI4ojUavwEYGwNT6V53Qr4KdX10MYi1mz8qK2oWCd0c9/sZfZANuhNBYhUUVeDJupWg/4jQ56SCtCnuc/AIZvYj/53FpsOJP4Zd7SuSQ35BzcgeSt7RIBKJisItllSV8heHdR+/U4MhNQc+1I4ocCekpUhM5IkqMxnanVxb4Fdr6UN8t7LSnXgNDX00L+p7uFYkhBs6tNx3Be5b3vyjYnFfuvN4wWwOxdIBsevG8CsJoMh+x93mWmg3dpAAZTCmy11CkUr8BenvgzBb4y8ztEwKOpJw8YAuD0xuUHESWSWUj27yb9YiVFLtg9tFw1ql8dbCPicMwzB3HWbbcm/X2iienWktLR9mLszc3JRSUjBIK3Wd2V5aPswQw7nZllWgfpg90sE6hHu0eMpTnrJ2mWlE3GmG0m0uv/zyNQpPTU298IUvbK5ZW3EyygyyRoEzzzzzRS96kWAYhmEYhmEYhmEYhmGYuzZhljm8+lnPUKCpCKhEJ+SRIQ4Re4jzlDSfDl+B07rRnLoxqD1Ro5KAI8CYM/MyA7CdaLVRbKDtcDvB5kSshfGJPWRmEqxSRDXpa1ByUOqG5uYwJ4PX6MI1Ord5bVT2I6QmMUWW5b2eax+YjUQRXDeo4bCWrBNI9aOGTWkOt/2jjYp7vZ67elz/pGniaLpeKwq/Qd8cN+2OUTXaUEARWZ4I+DWGlkeyUpnIcQFUY44/UkxKOneRpqmr1jXKdXdR+GOJSjdA1zF96RM0HzFEqpBeJMhW8Mz81R9CggQKZcjZBWKXEHfWtIvDbQ1tCC30dQ7KUEIBUZ11vuuOaRadbBp2363tqY7AEcTIJQsZT0p4sZG7HlBKJi3oo9zKSESarEpQl4cj5T2JyKoE3zDoxvK6MVEJieDWowQfkvFFkcKi3p6Hdq7e2JtKMCkPN3mMYRiGOfqJlJhO5Upu2zPTWVbmhT70GuTcdFswDbbNTXW7mTaH/Oc1TVRretrt5wYlYiMyhmEYhmEYhmEYhmEYhmGObg5V57H+z1RDho+h4BD3j6hUJgc98pEXoAg/Rws+GnGctlowxW+8GQhOCHv/kCqRxVPnoAyBihPvfFCpgFC0gW4UGMlij/iMME1Lh8lvKcs8z/t9t65st2KY3CahkgnOCxTsEdQu6KcQzGA24HTiLOt75+6ylaZlHMdJmnrhBfqrhP4P11aQYmhtwnqJu6xTcVL3xqCSgzQf5D4C0gE0MYmiWKq8LMqiKCr5CEoDKpJENMUi5JUClcCuRoOkRgdncjrVNE3p0K7/kyRptdIgMZENfVa9UP0apGe0iQw23K+Ln//owjnnyTgRzEZjdSGv/uTM7Iy7HLrdXulDytDgCWKY6jwquP11bVsCqUtGRwq9T9CyRDQuYJSJwDUzNJPltnh7nFJbdxGhl440/t2o9r8RgyI0/7brnaoEwzAMc9ejk4i8hJCdbTvmbr9tnzhEFuanJuH5fKJwHbIwN7Vn/4o4RLbtmC+tSCIYFIZhGIZhGIZhGIZhGIZhmEnjkGbVRyNW1sM66geTDEmOGcbNvJZuZt3i9Gstx5ByaAL90Bu/+aDQRCoZxbE3GYhCws5q0hk5di16D/iZaFohwR/FR6BgmoohMQvpWsbE4WwVzVEAtVCptSp0kek48tPnjWLN4bN1MlGI9ln9KGJdxP1eliQQmGO0LfIyjqNWR7daLcq7Qd8SXxkk6Ug3QMoEIIQHZBy0lQYvnN46lU3N8pWWRZP0hLJ7XP2u7hw1KOBYg/IR6kBKyanEK97shPb1uhNjwPAiAguToiiosNub2ux6P8L8IAH2KkloDO0ehCzNYWjqTkQj98feeuP+L39q24MfK5iNpnv157Ldt051Op2ZWRUn5LiT5/08LzS+8QmMzQIBCqThgA2Kl6BB8JmKIYUpRjccRbqT6tXblWDQmf+FNFaKnHXo7bV0xxAqQrco6310dCUsaaqRLIaAiQ0RgzEMwzBHIe6PwGxb7uva0srjj5u9Y9fS+vdNk2hmqiWYEWamW4sr/eJQnGNOOG6uxD/Jc23JOh6GYRiGYRiGYRiGYRiGYSaB+pvtcljuMPQ55pofa67X2Hk9ihPrnS9o1tvoUmO2jp9LpXlT/G6/8m2WYkh9ckSQMIsrfVdIsvQgEYgipYA7DdCgyEjI4CYwILlodGNlhSJ92hH2G84+h+gjEFJYqw38gNmJlZR2hHPHVhwJxUklrqhcTKhh2pTSTaEnsftfBN4LxgfxeInM2Etigxofa20wSyRXqoB5+TjWGKCTtlp4CSlUaVDPClmpMaqLCSf2rS1Kdw2aWMQipNscCsNiqEpv5KqixB86omsd6lEkHs1Sq8CQoizdaxx7aYixyrWkFs00tCMkUlHKe5y4TRC1UzumuGMJCtlpero0b56gqmmuoYWlL/7H3P0eErWnBLNxmKy3+JV/l0XuLoJWp9OZmqIRj+JIqZ4bQzeOMAQGBB8WdSegIhFwW8FIaQyqEjIW+DYTVUldtulTAhdx7buDYhWQnuD17d5boVoNoicR+RgdJSj+yvr3kWA7xDNbDMMwd20iBUKHA32rVbIw395/oL/OHRfm+PlhVRZmO7v2Lq+38Hy7VPBEOt+Wiv8uMwzDMAzDMAzDMAzDMAzToDklvUleHUPVDjkaDBWlYJu1axh7iDvz2WdVPzqCkFuHKQ1YZRQ4wWq9KMZCrkQ4CzmSYSIa+phN6szx+IN6QYhEeYhyc8dRFOxLUFDTbNKQTcsadUtj3BwxZet4mQ1G6oAjhy50Q7pBmT12VT3HJiJtHY4D1gygOwGtTanzoszyKGpT4sfguEgx5lo7vJbban//e+zm0t0vWlNKjFdygHsHmJegPQQaRAhUnPjUEtRwVMkm0I/gHeLm5jEtKY5jOWKwE1o9qnwavRZDGSX9EalxoEvStMaiesTfn0F9QlUF1QvpTigBJ45ikQqJAT1Um3shDYp7LXLX/cVUZypNU3e6FO7TlJsMpaY0VTKh/WZlefe/feiEp1wmmI3jwBc+bPpgqt/PMkPCILwmp6enW2mS51m328vzvCxLXUK2lgaNUeV2494HQdQFZlDuRvPaNlWF7IhwldrBPzDwKvFelXTtuV/pqoEfFfRMXm9CKje6/KxtZu5s8bsLwzAMMwmkMUS69AqRdKY6/bKXlQffJYk6bY6BWZWpTuq6KF+H2UmnHbtud3+5p1KZxIJhGIZhGIZhGIZhGIZhGOaIQJYHgqbdV5/Xt4O6k3pa+k4j15GA43Ukbua91Fm/l/W6blJVhWAW8DlpzvjXbT7CZid+QtZbeMBpumnhOEpaLYlBKCIoSxrNb1awavtRQ2K94YkNNiEYPVTovHCv1thqjth6S5gt1txgQ+HsVbXkZsiF0EXpGqHjWLdAQqSSdCTLZeisbSXcWd910ig22n/+83g6DA4BhM7kWS7AOwSwiSG7EdEYABJzVBYh/hhae+MTisUZFG3I9bS16qQqcEf5FCFqAAlEqvIYCTQIXeK+YQmIUbxopmq8u96M0SBQQJWNgGwgWBSiALsUWDPTbreC90l9Cj60aa0TsVL0vv2l/TtPWOCQnQ2i/+3/tP91dRynOFgyz8ui0G5A0zR2l0TSSqPEvX8k/X4/6/VRemIhgMldgRCng+oQGxkYX1uCCQrcfWkrAT0Jyc7wIjXkEYWhOTTclRMRGTNVpiZU+//P3p/AWZbdd53g2e69773YMitrr5JUWqxdsmR5p+W2LRuDsY1poGkzY5qtDUzjBjcDDQ3Tn3E3Y5hh2EwDBpoPuBmmvYBtIS/IG94k2dZqyZK116ral8yMiPfeXc45/V/OOfe+FxFZWVVZqpL0/1VU5Iv77nK2eyOr/t/3+8E6dE5R2NPGYkAqiq2Z4hQ2Ee5EJBKJvgC1U+vew68etXd+v3vkCeRyr6iDvbkSXVH7e/NHn8zsxFmzd24fBtsZtRCGRyQSiUQikUgkEolEIpFIJBI9F9qo0JN7wtXwH0+m5LmQOYfEVahnIDqPifjRfXJoWK269VoFNAjBYJp0veT1oU5EAuX2PAcASs6LoR+o7As132rW1LNGGwREtJq0nzW20WxGFOUwC6j06zC9iqZwjeT54kPf9d26HfohxjgelHCCzzZykjwU4sQ5A1bagIISdl8h49HU1XTGYE7Z2oMq4EFls5gYw1Vc8Mmn2LFhQ24PrvthwFP74J11UKHXpinQxta6mVqeMMPBMAfTHsydWAo0uRr0ZHw3qi2jFIwzMQ622xyP0nVICPR9n47IsBjZUnjeQokomBhksqidhlsOopH33AV4sV6jBz5sapoG+uEwosdWVVVAhGKNs+W8FLM5BujSL/9kc9uL5y/6IiV6Zurv/fjqN98O01TXFU9TXp+D90PXtVXt8gSpylqYt9VqTaY1AzxOfIS9gtPREB2CIVb0FMAHjdG8EU4Otxxfjn2oilMJPa3YOCeRX2x0wis8kpmKI7ClOOvAHvSMmhgoPaeQn0gkEomeK8Gvkv2ZvriCX0bq+hvOPfTgE1fYuXJmMa+V6IramdcXrRn8lf76e+GGgwGJdgzW0fIrOcWg2AAAEABJREFUWCQSiUQikUgkEolEIpFIJBJ9lqRP/xz6hjPE6dzJMwxmecbMB4WDYGwMlmChFIo4QtTTDk3OzykRWExN/hFTvOaz+/9kYwJPFEExCiq2VY1uBTG1Sj8dZ4Dk+pE6l4ibfCqoEQ8UP6Se5tmfLVGWDX4KNtIkdiuoodfNfJbdakoQzulHq2skVyigMpCwtLqu030PFf1+gHr/sEBb83pqXsKv2X0E1yFKF7sRngytPZuOMCnCuSbqKaq4+pgUmaSrqqLzY44Ke59Q7I6nrBxiTTBOJXLGCjcJ15mruBn8HbEYgkqM6ft+4I53XQ8nadu2aZrZbA7f67riblbZ1oLu/FPitcZkoBgfe9sP3vSd/311cJ0SPV31lx9/7Gf/TeVD7RqYZ6KFks9NjkbCR2CaQ2NqmKu6ds71XY/cSd8PLDWYYDBcyWrkTQhDM3BIIHiPFrC2GQfT42OzePrEbC0EW0xyU4ph8GyoxIsy5/XwrvyQLYibmJ2IRCLRF6KsUefm+ollHKK+8cZzDz988aw9d3dmSnQV2t1pLl5enfXujTedGyjFEYbdGCUSiUQikUgkEolEIpFIJBKJRJ8t5bL+BMW4KnEyw5Psr09EwyilrjrSZdNJIZ+BP4LPFW8PdU/f9x7KqjGkD+hTXgR1y6Srp+p/+hj/NFPmGn8E8CpOhgE3pQRLBV9bVa5ytDHVbaGQPGnY1f4vY/IvKO1gjxeFMATaG0Bx2kcaouf8M486fSPTFYz+QfcFTgYaoE6+bqm1gVxMIi+YZ9uMxRVrh81xZ9eQ0LVtgEp/VFPnj0KfKA4VIVnLli2KuRN8RdMJ+8IW9pM4lTvRp4QAbYcqZVgpMnRCO3hmSriwoMnyhPCXxLyEoIgoQBnyYmF8RFFYDzeSuBRTgCUCVmBPv1qt8kmIWYGjqNfMN6gMnZVcobGddPcNly/d/8/+53Nv+YMHb3qzEj113fMrP3X3T/yrvZ35uXMHe0rVTeNsBUvVezMMhiGnEENPlifsVoIuQdbOZrO6roe+btuuW7edavuBaaToolOWwrfIsITwkRSiZqKZ5kDFbIqk1bgFNvB648wdBp5okbMbCq0KM0aZpVXMwJ9IJBKJviCVuJNV9NrccOPBIw9fOnW3nXmjRFehxfxM6ASG19N/NsCAWyFORCKRSCQSiUQikUgkEolEItFnXaVqXOrO6iqSQJ7snOZZ+nh7blUkDGAYuh7q4hyPohOmoKb1U/WMFa8h9aBj/iNCkdZY4+oKCsboYpANUJ5qm5kXSG3EevLEMYX8CPzQ+34gAwK2e+GrfBZwDhVPrIE0eTEH63D13AcCZHzfroeu9cM86CsO+zVttyuuO5uXjGUuoInr9QpaW9UYZwIV+6pyk1QR3DNn6aCGAbvEGJAfoASAcUc6KO0i7KdsWcI0IsVQQuurXGtwIetsAyV+rPHHvh9g7HhQmS1BICHfzANRPCUAxVHUjprcJCozKISbjBuHYWjbNRuowA4qROdsjGiZMbnBCHCKunjtpOwkPN5ffPuP9I8/cuEt3y6ft716wTz89r/9J/f+/I9ro7v1Cv1Ker9/sF83jUGvGwuPi4jhNjDLmhxPIjwGYf7hVh8oSwmmxjlcn7BKm1lzfLTsuo4zcUyk9ReMDtpGegaQhwouI+KP4KIhhexwHpri50TxMqEAM15d8CMCKGhWFAfCmYyxmCY1diZeFYsnEolEos9jOYtRL5fWEX7z3Hj93sOPHm7tMGvg71by2+KqBH/9hL+Kdt2wtf3GG/c9JYyem2tnlUgkEolEIpFIJBKJRCKRSCQSnaV40vlj+j9ox0yZss/45jRnZrL1jNPGjXPljeMhWZt15G2+IKoTDiWJZomjpm1NVfLxWDUBYEoXYt4FMQUPFdl+gMonFkcjfc6evByg8Fmq4rzxZOv1qSN1mq42HeJqSYgYcwSFcZWtaqgOx2IvsNnGK1xjC5DgyIvJPpEvw+krfM3tRKQRVVGnSJ9sN5Wh+bRa5/SMK4ffFJ6puNTAbEVqCH4LFASj8qJAY5GuqwdvKjvmBOmyutK3bVpGb67PONmuTunF1hY3nzds+xGoKeVoHlS2gvCD73SHJXaCTuANW0Us7Wfbj4Q9Kaq962FQPQ47njDgPyEOhgJRrDVVZDJgowtlmZ9hwjNhUyhqB8kCC0V+5+wwDD0GqnRwYe+h/O+JO+EclhTFAs2A3XiVWWPZmoVP6wh6ghPhWfoeGSAf4FT02mO+kB8a38SmCWR2EaGsQYkuKi0DjajC9uilsT5+9y+t771z/0u+eu91XwbXUKKzBTP0mXf+/N0/97bDez6mlQk+rI5WoQ/r5fro8tHO3s7O7u5iZ8e5KsItpGm2Ybpx7aKH0oBrGFEhmBucU6NcDftamOOmb1brVQtLZOjV0BOa4ohEMgFnTnk70FKyytKjiBtE+VEFjULMJTDWZ/nhAdsUrTG4i5WC9YbLBrOAEF6xdIMznaLj88BkSSQSiUTPlWqn9mf68jp6W11//e6jjx5N391ZiM3JU9DOvN6CTm68Yc9r/CsWDHIlxIlIJBKJRCKRSCQSiUQikUgk+ixqy91EnRbxcaI8z8EgGeDY3D+HKOizDk9RC5vgQ/Ho4KJ/2ZwSSGKmDuAoLn5iTAxGOAQqjQ9tB1/kk8EVcEOVf6yBG2vTwZO4mY0RKA1TT65nWjAtCIZOVVhOSjHGWQpdQQLDaM2ZM8zKnKKQwQZV4i9UyqqJmdQJnLSTAmzQccNHTqtBdxU4PjCfw2gD25+c5DDoKmF7CCaEis4XLh2kISaTi9HMRIWT58Bgj0gWCmzSEHBDchWhyJi+hy/tTDprAk5ijnMpAUuqjJJWG4k1cUq86LzDyEhtz7y7cOHCarVaQ1W+7ZismdweuvigQIW/jS2U8wMhTxX1pK7rNBp0EBMqVVVZYxjaoIWNUID3lH0Tgg4Ba/4U1VOWZbmKnnZwc0o25on6BCewtq6yOpKxmDjlvSFvCxxdvrkyhhKjDcQcBD4tAyi1qTHoqeq7toWWs10KfA0UzkIn9NBZOFVdV9wExla4y+XFSd8k/+DdT/z03Zff/cs7/9nvm73wZZZiYIx4n5BgFmBo+7Z9/KO/deeP/+DxfXeRa5OFSdMKvkeYDViWx0fHO4c7589j+tR8sYAxRN6oQj8TNguCGcIcrR7Jj+gNWqEYxQusaRpkT2C5rVv4p0fvlIHwJ2aHkFoxXsGZokPXH0apeCrhvMm9h/iS7MWEUxuyqRQxL3QzkNGObwOvxnKDxWfdUUkkEolEz3c1Tu3W+gj+nmXrG27Ye+SR0e9k3tRKdNVazOonLi3LjzfesO8N/rfEbqMbgXtFIpFIJBKJRCKRSCQSiUQi0XOnODEaebq6WjeQ6RXP+rHAAuUz9lAVzZkdefcYu3XbrtdQI0e0QSfoIdVGcy4EJ56oZ6ZrWTNF7MPEbOFirKEGG0qqeJpXGav8GdxJxgJYMh4oecMTjHItRRfQGRQ53ZZjk4zR03XGx0GDB7TRGCLmuqTTQvUatthQIdgRUy7LyfURtxrzDGbZ7e7tVXVFtfYlLKph6LVK+AzZhBCXgcOZhhhtS1AVj3wu0qvCBGmKQVEIhVgo20eCP4qZCtfyeTROcidXWG0nOpn5o4ieFQ3Gr5A6MxhLUBZnqoRyOX7BjUnICDWADV3gReUqo00zm3Vtq/VQyAM+BEaGeIUZB+5gmsokVUhNyLWTvfCP3H/5x//FZaWql7xm/iVfo8/dAJ0PeOkvRAsMTALD5T8s77/zM7/wH5744LuLMZNKmBw8JoLR7BeCgNBqtQ7h8fV6vX+wv9hZ1M0MTXNyxpOmnByCmgaYAYSEtOJZDh5NUXBmF6auKpjCdbvuur7FKdYJEDHYHAW3Ip2ronMizTd9rKaWp8ezKVBfWvJsQYR01YBpYZjDhI5TeGsErb4QZ1kkEolEU80R09VHLfytpbr++v1HH4W/FKiqspKt85QEf+usnOkH/Jv9DTcceIN/4dxt9LxSIpFIJBKJRCKRSCQSiUQikUj0XCmVuVNez9X+X98xCefpaprGc6LUrseNVPfnFAfmAJhGgaLq0HW+6xW6eGCx3ljNtg1ohJI/nZ/ohufR/8ymsiz+CS2F0q5N7iCBB3TDwONUTZ1peOJiTjIqmUs60wieglf84GPc9qF5Ok0vy0MnOsRa5Ho4eqM0UI2xGqc0e3IqLKX7oScmBuvqiuAJPnP0sRix5KSl6fHbq+9MVONKizS956D1ddMYa+tZszw+hrp+C2uLIkOoUQEK8iatJgzYCaFXQ+QwmrquZ7NmPp9bOzU010xihBQdNLaSaSM8Rd+rbDSSWaGnRJyokibEB2q96ag+qGjj9LrcGKZeCmWiMBZFc+PzXUN2PBXuDOuHmwz/wmtGT8hXYzYMvkJQx9msQpxMMZpp+/nH/lMfHj71Yd6HT0jZQJiUxV4sLATN6JDiyMLZS3B5Q6QFPRdcXVcw/lVdMf5S1TXMZkU5PnhI9KvVarlcdm0bsyj8xTBs4UiGHx5Gle7nnvZl6KgZhjxfEJIqHE/ewbOpTM4zCnnqt28DMp7ZfOu0xy7BHIbfgxce+97T7TzA8lws5nt7u/PFQs3n0AlMR4LuKwtj1vd09xAUhjRegrnwu8EMJfiX5xqfqdwdDFHyFsYAfZcmreJHrUbeCh6zIW8Ym8jzXYyG+HkNoxgIU6KgH2uc1QVKEolEItEXtuYV/pq4DL+Trbv+hoPHHr00b4SVeMqaz+rheA0DGOjvfvsz8TgRiUQikUgkEolEIpFIJBKJRJ+jGo1H2Ovi6SMom4E7zJswnKE2P0uvOXaHarz4Sf6uD54rnobIDcW4iSqUyVapc7Pq+dS8Wa6RMluA6T9QH3eu0pmRSd4hV9eqMYhIFfeQlCTDwxWJxYnkTgGjxQfEHE7ztJWTc5gpgZI2AhupB0ZPdrkiQaHTtLLTSaCEHYQ5oFCN8R6Rp7/Uy9ml5enO1xVSXDJ0whBAjfPhqqqad93h5cvL1YqRi7TvpD38Rx8ovIhq9hxiMnp+cA5VTOtvQFoBrxa8L/dN4U7gBVx36hRylrbGlPGOySEBDS0qqPE3eiP7Cr4b6iMloTCORCopKiF4jGshyxa+SlXV3GFmTZj5KIKOO+ugy8RtWBg6pme2GjkiLJNm4xXyKikjVnYre5azlVNZa5F9mWyB8ew6NtfwliKL4AUOJvn0I4ahFbRwd3e3q+uu64Zk+xPJBainpwYMC4x/hZ4iUec282MkloalZ5xKljBwZ5loSlNDTpGiLWbzRzWdLzo/dM3SjRsLvcfUX+lZ6h9eLjBpZ40jpx2FATmr9dHRUdt2BweI6ezt7dFnxBlfU9AXzLjBe55nNmo1zgiNvV1Ataqp5/MZjAkRVl1AQslQmBRhJEEZpImMhduamqjJyyTQzRmNHltJHj/ocaJxTNn+KNCUBE506jWsEL9rsdYAABAASURBVNhNshNEIpFIBGoqdU7ri2v4VWov3HjeDIMSPUU1jWt2zgf6VXxuriurRCKRSCQSiUQikUgkEolEIpHoudWVP2//Wbi8msRxZHhiirMkmwNGD8gnAGqZoV93Q9dHdEbgSq6dcAGZPnmeKQW2UPMcFPWbBo0H+K2YDEu43SfpingyekWnPWOqceuNvQk6QYyDkY4MnMRn6HayeTSTBikC52pPUJx1sHmekAa10fKQ+s9hQeYZtfdqkpHc1FGjqpJnBuh4uez7jpgSaIaJCNYw5JEgBKjo97HPiTmhris+XGc+hVEJeImn0B4OwVp8HMkPbkFKuiEljmSkhMaboTAQqeE6MopTjFLgB7q61QlA0pgChD8M+Tx8dZ39S1LaDgEbiuCZJGiJs04heaL7vi+WLczKIHdikbmpeuwysywcuJNbogpHUhxf1DQLqsQRaV167XrH3huDH0tQ5WyasmCgqcNk0aAbCX4bEONy1Ww2g737NFDQKxxSl9UndXRjwNwNDN9AW6oKJtgUhofQEDN9MDEbp7MzDabJZIKHe03cVNBmzEtiWEflB1yZPlxLMT/10p2/QWzBviFfmixGiNTBXK4S9aQuX7p8fHx8/vw5WFE7O4saF5/jGUdGhQgZOqOerCJeLmhzUte2adCkB7RuW7T2iR6GBlOjYGxDdNgqxziLyr8dOOSMz5hGht1UYgrc4qcYoi3GUqAUbu+7AQEgkUgkEolIlVPn5/riCn+vRlf1Q6ic/Jq4WsFfv5SrA/16PjfXTogTkUgkEolEIpFIJBKJRCKRSPRZVDyt/D46CxRE42qq9E/rcnFiszG1P9gyOFClBJvLv2RuggyFohq7CgP+06491I4x+YSrqBoLsir7nSj+xL2eMBbbuEXkEvKTNfuZD0h2feDXmQYw1hCcEAk+KLslmkGPTSswStzMKlFbnhcM3fBMhkxvBLZKGPd6RihOzFVnbgMlGRGIkRN11HaYzFknokkjNwTCYpJPA84XWjNgmwMfrlNeSbr89mnUk+iq7FHsn//aN20cRHBDRQgJtLHrOiRGECYwZPegmeJJaAh3nsJE0FXCjAgFw1P84wZQolKyTBkMRh9KjgyBGHranhKFMyUwUhoT9bHAIoocPggisY7NKvi6hhN/GApRaYGEmK8cphYjUwgGzgT/lC4xXkNoiCfcKfI54egCFkx6ujGqW9M23YHpHIq7IeIHAYttPGX6PTcyQTd4e1Af0iOD/FQsERNMq5ksPmXKdsqdh97AN9ro08yqjSHl5uXRI+6D7VCi2h63OIZ7bQ1C+ZFDeMpTLq+JzDRpk3bHhcUROwWmM9w8jX4qse/75XJ1+fJRu17Tc88QZWNxqnNr6fYxaPiTYn3SyYzmvSgfCWfYqbR/IOpnoCEJ+fHBHlO5J+lZxRidnlIz056mVRsxSQF2qF75n8Nbe3sLJRKJRKKz1XXogtbUn+ehM/ALrXG6HchwDH5NDIMTPPEq1HZDry0z2ecXQpyIRCKRSCQSiUQikUgkEolEoqegw6MlfP/3v/FJ/lFP2I2TO0+qnNNyZ3qRo0E26rlbx5/+Op1bT0479SNJDIQ+A2rIB7LlBnpw8PZsoDByCtMzc8IEbfZcKFbBQ827Xa7Wh0d924Uh5Monlmwjfr4eS9dUnB0r9eqMQdNXRjCeNm5SjksohppEBGH911Wuns3qpsE6b7I7UBMrAqWv2DY9mdkpsaPJYgAGCfqN8S9ttzo67lYrCq8JXI43kwnUZ4ci6TzyG1vyC6yts5kBdGQ+q+dz6BKX0FUuqccTp544drCdS2iPl0dPXGqPj5ExwOQZhCdq0GwGtXAidDQvlUn2CF/nqqYmD/2TyJ0MHYohNLNZ1TS2stoaKO3T+qP6OpEGJuYAIPoZWklZPGvMM+p9RZYnleOFmPgEpAHI/qHve/Y4YdSDA2swtCVjEJgUUyW3lYKDTCGGuHWzmbSC0JBFJ9KFuBNXgnvMYDBBB69vMzUyxHwf0hb0dKlrXCzQcoXwii2mLxV+ELlHW5Ge7TCGcUFkoxutk08Md2eKnpRFmrqTo7PGKdUEHSFkgTiEhSrKSsEVObpoOjU6e41wN+FShKQR/eEDeXZ00PPZbDafR5gDiuFB8AEjXqoKHyLkHcJN8NgjGArjB+waDBdZhlQFFYIBgEtkHmjE5dhtxevBBLMJ0Okyp7h2iSjiXpfdCr6jCtEx6V95BJbZyUtZmbEVaeJhDod+uV63R0fLc+cO9g92d3Z24dkCk69VsIYCiYZydV6riEYhIAXjgINi5zMLD6O661tUB/+EwfNI9jggFa/mDCElKxd2MUG/H4bZtm4iGilGaMI1IhlFIpFI9Pkka9Dv5NI6DkH1xsV+mMFvbdHZWg9+MDhEzqiDuX5mXoAikUgkEolEIpFIJBKJRCKRSPR0pDfNRdSzr3gCQznJUWhK3ihl6NOks9kHl/gxAwJtTroOqrlIWCSCgWruFPXCxIl+Mk+PM3d4dgaHPvJPL4x29ayZLaAuHKhn3L10WZOpirNtSSL7DowHxpLcE9DVIKIHBpS6oYi8XA59r2Oqa1/T/zlNIS7WKqNjjnjR2ckltfMKzipku4DBJjj7Kk1Y1OnPMFmq6rSTxKtxMLlanVLhgDXkiTPY3dtrZs2li5dWR2sygMDYF4Ru0AMioIuDMQxQwD9938EOUKtvaijiN7PZLOELSAGl4YAf67qG3eBFznYZg1cYUEDWI7IHBX6CtaAbY/NOuZMm3zftNxx+DLbWuodWDIMn8glZCjrrQNdPgot3cF+h2YUnbw/H0Ak2h2fDOjzSoPULIhXk72K6TmWzlqYJ5LAyHngSPZm+TvMc0+MpbacmNg20WXeq87mJhaeJY+QNnh4dOag1MCl+QHYJjTqQqumrCukTaE+OztF1VWn2EIlxIHyD43Vgd/wa2PjEM3BDQ2fpojoPfHKp4ScXNiYkxmQEO1Ra3HBRBlC24CGao4Qsbc5f8RDRed3HyR58D+v8hZCOgeYR5XJ8vGrb7vHHnzh3bv/g3MH+3t5s3uAED701jvAXS24w0M0ADePhgM0+MtaD7j6JuVm7joCTQDY/fd9XuNVWFAmmi+WMyfxT5EfSpCc0PxuAlBKJRCKRaFvw96lzC320jutBDdqtfKwxKFAsT7YFfz0ZlB7o7yTzSu028ntVJBKJRCKRSCQSiUQikUgkEj2X4trukwIZT0kx2xboExc6safKVeWrAF9KUoZmtiTwh//D0Hfr9dD3WGVmg5OcAUGuDDZZcSgKi1DqmtMWV1BxHDnlrczcoAvDfO4q9JJAKwOTCvAqR1WcxcPESSxJwU1wEDKdYSj4hdNGhg5GqYVqfK4Gj2N+TQaD7RZKmMxmP8+c3MkiiWEIvh8CUhCUD0OkhM5Dodjk4Yy26mvDnKRznAKdMPlBTYlQaz93/lxTt8vj5Wq5TAyEHqvsMOgIYShP9XdyK4FSP9mBzGazmqTofkieEDGyXQSPHbuGMLDANAOe3mpyIonMnTC4MDY8cypq+0YqNhl5pLSq6spS1A40SeuO+YegA8EnBjYS6ZLOAy+V6uF1cl4JtnIVDwXTHpWu+NJd1xHagZwKAhbGYKf7HoaraRpGT+AMBUDh9oz8Su5vbueGg4tGfxnD5EfbtpTCFCadmrjm0DBYhf2BSWHXEa/igHYyA1wc2jafz6FJZf/KOeY+kDghNCZwwhDl7KgucrPh2Bgdj3zugi4QSZm+NGs4FJ4btUXbVVVNQM/A5ii8yvNc0Z3MmVXl2RHzbaK3KK5J5hbCZexvo0K6ZQL70MBVVqvV8vjo3Pnr9vZ2jXGYW6AMjCGtGssADeUI8aUJqTG4D/bHaTs3tavWDsGTgSYXXkCnex/6EJlNgenlO6DAdNxqrUZQZnxgKZFIJBKJThf8jtib6bpXh230Ua+Vdt3Q1GJ5Mgp+FffGxjxWjYyNSCQSiUQikUgkEolEIpFIJHouFK8AMjw713qqu51KqEx3LzvhJ/W73vdQGPaa40TorUi5HBRgYrJtBPWYHQo2yvJsMXC2D0dxInhaOn2UGRBASMPWzRzq8dnKw0SqQ+emYUCQNvGqwCDMzKGqfbaBiflSkXCBQEXwbKeQLBiuoVLZHb9KfNL41pWPjeh04gcCHggeMuM7RHqUMJ5njJfofJITcT/6bOiEfSwUASXMyszmc0N5Ne0a5TMDkZweqP08EdmwZB1iissBseUJsxdlnphmUDl0ptAYOCidomCXwPjLGQzXBnoyWlCkbqOQliD8ytvAt0d2AQkm8K2ivEf0ZHL1oLVPdMUECinnd9apWmXSIVI0D+5G8TQd9JTREzTGqKs48VxJ3ccYnJBGQOXErXxbFpCBAolSOBE12Z9ETxiFwawnZxLDgif3ipw9An4sOKxWgZ1UKuK8KMVHwzw2uqFZtpxolEJwaMAV+dnw+TilKD9Ttp9co+2KDvl1yeIZraVwkTlnbE8oDCaElTlMo7oZGEWDcdrSz0xRodtgCC0+Brn3cC/Fvhue6C5eunTp8PLRTbfcdOH8BW48rjSCTmjGMU0I1kBixzjKR/PvCcWckCXXk55DdpAnwhyitksJRPP5vKqqvCj4hi0ADd8GY5uvBSAmEolEos9nNZVyVh+uY89RO4OfodmYSHU+dAaHojJInIgLjEgkEolEIpFIJBKJRCKRSCR6ThQnQMOkBPpsXUvr08kDeks9RYCAUmE0J0pwBTagXUDXQQU0nT9XOJF8gNI8/qF1vnj5EL7airGYcCelqePQXLsxitN6K1d+0QeiRhcJqDsbokNUiKNlg948/BT0ZGp2gNYZoVikRJ1yXvC0mBPiMUuDw2ti5nb0NasAEzNhkKNReWqfEtVCJX4iTtQ4PdMwEbUVQPJ02/mke5wOneSXyZ7EWLOzs1gs5qvj5eGly6v1ElYiG5MQPKETrZQPhLf6Dk0z2AsEivSz2YwpCg7WmWIcnMaiJvRJCu9RfhL14oqrzFnLIgEoI9aiueXomIIBM8i4ePLDgCbAd81eNdbzMEFT82MCMRSmXmLyx7AFsCgQDHyHk0ySZRhA8UPvHREnfmhgiuGerauGqAsilAwCEOStEmhtwqVTwgueKoUD0V1B7EVd19DqYfBt27IVzrTXtAJ5KDWueDiwj9pkyCjindC2a0rhCU3TQNv5WGYm/CiTG9/HnBZE4USOrojEibVVvoOQaPFqBH1ggJhu8gOxSmNOkC5eKaXZAzI6kaG5ODFtmXTtjEd1dkgh1ImGx/BzUbHdEw0sNhu2Xr58GXZrV+vrr7+RECDHcAr13aF1VKAlFzFxR9s0jOScQk4qBka+qqyB70iewEx39LXq+qbnZUC+NSMKw+hMigxT44IUpxORSCQSPaksRe0cd2rZxUHZFfw9OQxN9YVr69H2g8eAPPyr406tF7USiUQikUgkEolEIpFIJBKJRKLng/RmhIV6En+Rp6RNjqq0AAAQAElEQVTxPGe5dGTuRJ361uQ1fpAfYQM9fqyfaqFY/sfUEspkiTmhIlI6BOEmWNnVpfKP5dize5e5k5MNOHWjfiY+MZmCwdI0xY6w1wO88uTLoMnUYXKluN3C5Gugx/Jtqqif2mwK8ui7oYPScCggBH0LKQPjmSlSfZ2cZdhaxqSTxq2WbKyEyZvEkoSx/VDwpmnniUtckLoGJglX+jxotn6JTl/pNtBWIS4Q2U5Hq9liBhV6d+xWx8frtoVavMVIJ57gqCYckyLzD4Q8BsdYSdNA9aSCobPEnSgssVio/huMKvFBQ2WBcIcwJD+QgKua+BPd+95mGcJB0MIkjmYwqfrPNzZNklGJQ0Jmgmx/DOXW4JfuYDUMQ0QCJPDKdD0JLz8kKw6YXKZJCHsxjJ4QZKKwIwQewYGZ20Cvjc4P3qIDSiReJQRVDVUMBg5xMNTOaryccnhm6zFlKSjCWbD37A5CgUWY+ZLuC/gBbhb4bmlpD2piDEPRNJrxLuiK8tG5CsELPKOhkYRZgO6skFdbt80MGg67OEsuMMjAwJB4E7zF+BvcpOHe8b1nQghe+D7ABFKsDNy0GPvD17WaG0dMiTPUGoU7w8ziMHLQlYJbnvCzQNRQBfPtCBVhWMcnyAbxJF0MiTRTLkqHzKTE1Eeyl0lADvzEVzX4yDR8vxh+8MGZY7hEevjhx2644YaDg4MGVcFNCwNd2SaSF0zEuCi4NLIn5emZHFFgYGsLEwxjZHHMqrZr4bECx8Hih2dxU9dNU1tXqRRplldgTGYtdI+HZ/T0FIlEItEXknZqVVt9eQ2/xZTXLvShMsp9gfl7DJhnp6H79Gtd7c/gt7YSiUQikUgkEolEIpFIJBKJRKJrpOJZkn6+QiWPolVG54w4IhSjT4ZWV+vqoZU9cbFYUlvKmfXkw+0nMQ4sQcYwNbUYC8fFkiQRJxRPEWO2u+AiZvRdP6y7oWvJUyEWQIFwBZUsTqCpWMInd48NJmNEbUoD1GmKpxnCXGXZtGRNTM8G39lsAivdVcVGArARjTD4Wlj4RyAgnUHn5BcqO6utTuhkc6Cglgs1Zyjp4v+JD2kcIhlIeIROgu9VZB+RqMdYl3ElcJX8JLlC4SYbqyW/obhx5PBAdXGoiUcLzdBjo88YND2+YEuMoeva5QrK3lCuxkbjpCXXCiyLBw+jFom6oPwdXhpldPlST/6/4OOGd8rpuqoP0fINQ4iTmc/nUG6fzWbHh4dHx8ceEY0EZ5Qus8VFci2h3BYPJQTKnZnVc06f4fScYnlSfFBssCEOzKmwTwbvxltyrIkm+EDFic1JWrp8U0QVCDWBixdjErxLaEBChewTW33ogCOOxh7EELVtOxB/QO1PDhzwrgvIZuAiRsgGm1q5Cl5TJ5AGQWIFiSdfnEsS6USNL0wMpvyQOQzFTRlHxAla/lBGDLIoIabIFx5znWJ4mqYJVYXJQBgP1PuhhNQoBkEYjqHLpe02amhP5DyhEDoNjxA3m9VNnOlGk3EMfkNrFIJQMPuGWAyV43V4MtMIuFBZm5OS0Bwk8JOHikJRc2BQdNYO1vZwYbqoyTZEzOggCWSxj8zpwAQMhIaRa0haLempRg+/mOEoer7qwDBaRpvUZHXHMYxKE2WUsLujo6O27Z544okLFy7sHxxA96u6RvpF461r7AAzD8uN1yllktFtY9ITHUmZuqK0HV83Vd/Bgwu/rZbLdr1uZrOqqWFqnHWaB8GQ6Qu7FFHjryHcKBKJRKLPe1VWXbejl2R54rXxUVW9r539QiAY4RdxF8KQ/7trQQYnQm6KRCKRSCQSiUQikUgkEolEoudcz0m578oXPeXdOIIam5wCJ1lgJVYF363bdrWiT9rHkWEwOqdsmAlmc7quZjSu7YhhtV1zdZ0K7JrAEIQQ6J/Ej1g1JQe2zjBtWwrWoMJ0dGUD9zrGRCZAVRhHKXLxeuowQld7ypoCKOW1TkX0jMtcvRiEWB0et8t18J67zVkkSmWzk0RiJJcY9awoFfOvCjrRE48g5xA9QO6kwXr78uh4vV7nJJoMN2WIRNGB6M9BYTmYU9IOsxkc2hiGF4j84PAaxibYZyKbhyQAAr7DSco5nXN6YgRDMENaBXFrrqbJO8SBWGWZQYGrwjnpKimLJ9vgtJGsOBIvQugJvR6YeqmqmiEJ7gK0mngKWN9DjGtiPAYeEGiEdxTjwlAE3gqBQ39SWlAeBFrThCloztjJdiZ0VCR6w2COjWEQx5uhI25LZVMdaiqvHJNnjbkkODpi4hRMhO99wNApOBcmzlCH8dmR04gI8tDkqOLLsyAkKW8sjBb5FYGwU4mxC5Qzg/eCUcTuGEJPyJCGwC6+7eHkFk2coh4RMBPzQydGPXYHx4vuaK3GKc3uNTrd+3qcapOwkyRLG3HxOGv6vrt0CYfr8Ohod2/33MG52bxxjYNpqGv0j4mw3DDzy8eY11uk01EMGM6aRWIJJspR5/Vat2Tz44+PTdutq7ZuqqaZwZuGfE8Y2lEZBnzGnkUikUgk+gKSJsuTeaWP2tgOqte2H1SlPs/Tdtp+GLSL9FeXxqnd5qn+BVskEolEIpFIJBKJRCKRSCQSiZ4VPa+IEwYsVMmOOevwMf9lkm6DBXffLlfdeokfAFQb4ThULjZ6xBSu9Mn6z9qYxEnRH50kSMmNIlD9WWVPFR2mzWPDAn1q+k92johYP0cvi63AHbI58X3X+b5Hg5BnodRb6t8a40xSp9IbV3M40QzQyna18kM/nrTY5Uw4m3hGVNO11dVBJ9nAB0YfARKDLZvP0bNkPptdvnT58PAQyvCEpDiYcHY5KcfCFjLRQGjDD74fYI662WxW1zXCC5sXQruOGB3FsTC9US5dDFRgi9Um5UhtNrKMnx2vrhlPsgk9iRVdZSDgg31A4EKclmOtqeq6Q7+TBF6USyvkZpitIQIkWxthXA62JhgyPoFxYGsQciQKdrA+BO4yWmIgs2NdVWmTZJnSIJokZkMdBGQiPQuoAQzl8NUsXRLRB63L+OQRUGrjntC8QGEfixMHzcHbY0mwSGwaXsDQBLwEXs0o63QDJ7e67ejksaz57FgzVB72r/HD2NYyJJVorjBiH+gGQ0laKt+xiuAXNChC1IYSkBDkUC6EYopDzVB0JsZZsOXJNiSxKTomhxtOFzK5o2wIpQuQQm4nZACD/iUW3jterlerFlbq0dHR3t7u7v7uYmdnbmqDEVI0fehGRROn0+qNKiFACZAyuFaNq6Br8N31ne+GruuHtu9Wdpj3tq6rGpEkXr3lrjHyOW2RSCQSPUVxskzv1WGLv0V7+IU5KKOGxn2+oScd2sQ5Txi0M4ibSJ6OSCQSiUQikUgkEolEIpFIJHpeKZcmz7KLoDCFUUHrq8IySjFRb4bpXPlYnWvIKn16PzXxtGarFDdDDAYc0rdQ11ynCixl8MT8UX+qWxsqvpsNQuO5KnROKv9UhDZUIrdQXKeScciRK5Qfgt1MJheMpNDBaXzYQGHUJKoFQ4j0mLLBl0N+AArBXIh/WnjNxGklnrFDvqSJNOw6u61czWhTXgqV4HVpdrJzKO1lZ4SULlTQjWdvNt3JE582dHHihIEDrRgQMWZ/f38+mzdNc+nypfW6nfi0lJazn4ZiUigGNhcJxK8MdV0X/5Kt2ynbj+hisqKIYEiWJ4RT6Gypogt7MHU7KVY4mctKW9mfxFqPmTJBt4j/wGmJokAKxFFADEXmYFBMIV3gGi36dqBZBzmF6JSao9i7JMY5DhQcRQRJZCgEo22srehsDn1S6joG5hJGwoaYl9RTxZfInA3dNGgikjgtzUCDQWuNga6ViA2VY4Z4/PCEAZaphn9h0VlrvDcYe9P1K43ZTtCFqq5gL2tTQA9iQzAI0IS65jGJoxMJEShRDT7qPk0xexiNC5bHaDJ9ideh3gUkgRgBUiYQCmNN2JJWHMpDa05xFzgXjA1SdEbzYk7e4WfkmKuU7qzIc1PegGGEyRiOlsvj1aVLl/fP7Z8/d3Bw7mA2n1maQecw+AfmBNkc2JdjzWhVBTox032VxqAwmMO+69vV2toW18gwHB0tjVvXDcxvVTfNbNYwUCU2JyKRSCR62sK0nYVe9+q4iz4qhDO8qpSv7OcDl9Fjyp71BEDDfxHs1HpWKZFIJBKJRCKRSCQSiUQikUgk+hwXpTukT7hfab8pZTJ9fQXygGrfOdxlctTmTipfO2baBA+BunK3Xvu+z8RDVCVlIse8aGOmF+P91HMtaFqcmJ3AlsAGEBSvAz9aY7cHbaQFxlAX/jmyVwKcAQv6FHmhcmGZo1HgzcH7foD9Tqn0PqPab+oHviSPC8IdsOKuJhE/m/uffho2Y0mW4SFVpHX2d6GgGMUsQzxjCq9dDRvP5Ng64kl3NDmnJmeb4FEY2oIOH2Zvb89VFdTzj46OffDlQHbfGVe7xtQR2Mg0xoDT5UvUjsp31DRthy1AFBtmkDisJxC0geYkE1eJ3Ck1aYAu4xhLDA1zImQaAqfnF4pgGoNoh7IWqjlusI5a1fJFcTUT86RUxyYc7HXDJhiKZrGpG74o5jxhzM7A7Ah0uMcvX9V9E0NiyuDa2MdIzik2uxURoUFLXaVxNgjEKT1l22Laz1aVoowgn98piULYIJO96QMNfelm30LxKgy9gyY5ByepmJBgjAa6U1eGf2RCiLmq4vtCSUldiKbWtS6DzOlZ+dFVxp97ys8y7IxJfSTHEx1pftH9hzoxuZE0uxnFgrQQtEWBPTGPBqN5qtwpUU2vyxeio8J4N8GlV6u27x9fHa/Wq/W58+cX83lFmUGYAaY8nR6Oh8eUoZwlZIDwmaWDY9zHaKcdTHxTVeu2btu2w3862A9edn0HW4Lfmc9nVV1rpa/lPSsSiUSiLzzNKtVUiJ6sCD1ple28qiKiJ8++Jd61FwGsvtMW/hKk0B1NzWs9F9xEJBKJRCKRSCQSiUQikUgkEj0vNfnM/9UekV88yVHbpz0NOjjtsA2IIJ6OnuhkdUHVXSzUBj90675bQ1UWN6AVwCaMoLMlhNHqefO/nseKcGoaeyDEEEq4DqeCOLag4KO4UqxHRmCjjB5zEAedHc0fkiHCZPhTRXwI1zYIPuWWJH+STPqkhJXTbU6yC8NkriIFA/kBCvbY6MAQkjZKBwwKYXhIszGEZgTq1JNfyyJ2dMXGY3qlrdf6xKIvO/A6hoL9zs5OM0OHh+Xx8XK1YjQERGYegRYBkQcEfngf6MtDeX4xLDhnh/ERhXPL0TemUA7EfCTXE/6RkRRQpEiUqqqMZYjEFCsd3N+MrEFpMP+MRhoJGYlsOtL3GILDx9p8Nutcu153nRn6gWJfNF+98oGzcqxj9qSCKYXpg75gB0NQHeIQA+X3aMocwvs3Ezh4hioVWNAAxoYRoMG3Ydzgdey9V/AFz4F8jysGUnxQBtkrtAuCPa0jex9PjIhHExr04aFFlp+D8K2uUzehjU31HwAAEABJREFUo/BvGkzcMlSVg5YzQ8NmJLWumfhBdgZJLs25M3iN2BntwuAGMzBxkhOICB4q7iLlvjEZDDFqDEhiDI0PhC7SPiVoCO9qvMcRgVFBM5ACPTTEmOXnC53S8Ke9iQ4JOJZM7+k0jmkV0QOHH0O4nKHLR0fH63X78MOP3XjDdTdef8PO3m7EaYv80LLa0cAhyRYGbw2a4rAdDrvmWFtB83ZsVVczv4CJCjCkR8ujruvXfes7P7TdbD6vm9p8XnweXSQSiUTPoeBX17yCL90OiJ708LcMZXuvKuM1fP8cCaTpB6+s7jz8drfw+xZavah0/fmWFyQSiUQikUgkEolEIpFIJBKJPjfE5cMcrrApnYqdjG3oadbLxl4JdDiN+tBbVf1pcsX0x42DY7yyswhVZmPCKNj7YIytGE+Vy+G8PxRbfbtatSu0OeErY5SFD9qkUBQuzWebk0IHaHVNbU7Yc+HKMhOrFTZigLK4qyuKE5lB//puIJ+IwAkzqeKPdgHp/5PHsRq/MSbMrHiqs3sq96fh9Ox3knNX8F3fo8XAgHVvH0du4qkNRpnWaa+RDKH6ObQFxh9K0IYq/lzNZ8eSDRwobrwI/Ara7zv0rWmPlxisw84QtFpxQYTAY6K2MmJONnGkdq4sc+LAmMvxSW7q1TPddRPa2mRfTmNeYB02rgHN53N78eLR4dHgyZIkO3Ywb2KVnlwRv7ddm24L4jB0Fh/I5IdzLvNKsXiisF1K2dlk3xE19R2KOWSr3F2bFA8GylSIbeCc0ndKaYIzowEJGlpYW1d1265h1voOs2zIk8PH2EEDkJTxDsETF/HKhBckdIMcPnTfw3nYpaUfiPOIYcCQmwEHq66jq6JF/oYhDBwBk3AqsgqKxGxYOq5wanRPRMMv+YajJWGId1HEdRGOZjL6FXXyHKJzR3IW4SFVw2CxQeh5Aw2yGf1JljtIFNnBWd+nABxFLYEj8tMs6hygowh72SLgdPHIwd4EvHMiPQOo0dqMT69ApiepT5GCt3zg5WYohcuQwUxUCdcqj4wtp5OpzUnBU4onEVFruCV4NcBTxIfHH3mia7uDc+cXC7YnqYImgAUpIqcqDZ3lXyl4k/oQM/9EbIpxtXPRwaDACzjGuXXbYsrX0dHR8fGymc3gnLUSiUQikegaqHHwhb/rj7vYDqoL8BcrRSQq/KpSlXs+0ic9/J1BKW+sV1aRHd7MqUWtrVEikUgkEolEIpFIJBKJRCKRSPR5q7PTabaIE6p+Xku8I4eRxBQlgaTFMHRdoAQNqOiSX4RNJXQq9XI1d5pKc22Jk6einPuD0liKhfJtjV/Qj65rfZ8hAfKVsOS7wOXpERJIiTl0ugkOQeVuCtZB8iZX2/Pb+C1gZgh8wVipEQLJ7VLbo/JkXiHxtE0JdMI2kx/E5CKnMiKbFAcl86Ch+GrdrVusp/sJZ5P8TUw67BrYmZzmv3Jim5ta7ugzrXK4Xp8xgtN3wfVqjFksFvC9qqrVcrlar0vyCxuiYLd1IhICvey6hDPUAUvzmPNCkT0FVtjCYsp3Nh1RRDwxjIIISMZWSnfSzJzwIzL5nJGSjazDVBm2DOk6NAKhJUeZO9Y2zQwWbV91fefhLc8xUSS4N61FAwznkuuJpjwpjquBVvXeDRyBwxkysFRNPhwtRpDMYqMX8s/Aw5NPS3I3YUcQNBoJNJiIQEUDPxSgg/1/0FGDXEMQyJrgRbTydIyptkO3Xs3QCXcE/ugotgpeIClGDi4p8wiRF7IfITIGrT5MCvQhTxLoAiYVkamMoSZQVlGOxNET9ASfXQgdaWJOdHKjocVu+BQhPclorsjwxLB1Ce9fVmFasTHoyeI1bJuixrU+etxowm9wANN4pBU5eILgfDg6Xj722KXdvd0LF6677voLs3kDHaFgIWyARYQocYKRuaGIxT3YHEySQuio2tnRDXrGdEM/wE0Oy2h5vOrW3XklEolEItE1E/wu3p8hILnu1XqIA2VWKvRXQ49E+E38fKBP4K9LSKoa56lt8IvUGSRmZpW6toaEIpFIJBKJRCKRSCQSiUQikUj0XGtqChI2N441/+1afCZOyvdrip4k4kTxp+qHIUD5GyrCHn1CYkFMKIiFA1mmFht6xD4+y5qCAczGYPBEPZtBMb7vupSs44NBzgTZACzSOzvNaTmLeUjmMFQfH0GbjQQYBeX7rm3hQrAbV8GpdK2eTCUG5/TubP0cs12E5pHn8reeTMAZJ6FJwv/17oe+Xa36rjXsVhInWSSpys82CurJspL006KLtvvlGApJp5ywGpuX0irDGVFtN425EEOfV2XuBM1OrJ3NZvXx8Wq5bDs0BeE8opQaxZ3MBEnfRwYaBj/AmjFWpaCZzZQfBhqYk1ATBKxY8TAJgYPI30mGR4oWRTx75PhA54otBxItQadFOUTfNDXRGK02auhNhjbgq+VD0aWmwjWN8IlzmPtCk8pABTIVA3YzwvfYo9dJX/mqrwk6aZomVpVhQCQDH7TCOEHGpEE2Jt1IIcBNpNl6BEaVrZMChtEYbSOaJIXTjJzSMGLmUcA4GB49Hkmeo0i2MQmCKVOABh6Ol6iCe9j0sC+NADFyeTQr19jcVFzB+RPMpgA0aBgUeZHwbjggZBii6eGG271mSxeEWjhdJ9mf4HrB69Pywc4WroiXp0F4RW149pTnAINJindALxh64PCOQ4/ADRTqYMLbFm7P1cG58/sHu3VTW6bAmO/BVqZF531P6Amm7+CYYUuRQcEVAvsZN9geVgAc3vU9PJeUSCQSiUTXWvArclGjZQj8zl8Pqu3R509pN8CvtqDgbwzooYcmap+9AJu+HyhCz/hoPFGzmHSnVVPpubAmIpFIJBKJRCKRSCQSiUQikejzVVFtB6GcVuqfFjHTPvEaeJwkG4aNViQbFZ3yYoah7dr1auh6DGDB+rnBkAomLxDsKDXh3PLkgaJPrTh/1sSlbXadwOo6/D/o3uc6OBXVyeMEMYBTgJ7tgWVaBXMtQkzRJQRn5JI44hsew3WQXWBnAyYjrpx6pPWTm4lQpbuAKQT8YAwLWlpgF844OUVzTE6SeSYst8NA9B3GjBgLpezIuShlV3OS9zirkU9n+U08TVKT3Klvb1wne42USJHyYzmKWJDAbi0lBGdvb293d/fw8PDo6Gi1XOES8OhCcxJtiTi5UMgPXddXVYupM3Vgvw0OnUm4A4lTdRLDlG1USoiPyvgIvLY5eorSaqjZk6ksvTvZZWgAb/cqpP5GR/YlIR/Uwz/UkpgtT+LgVed75yr8J0QEWAwCCNZUEW9azaFYaJQykEzvqwo6DIJbpKpreKtuGusc9J+xDx7SMuCabpiEXKF3iUYrkEA8TeDUKo7e0R4qUH60AYnJPiRhFsTI4H0El/bJhsUnQ6G+84MJBAdZZHAMDR09cqArNJI13r9D23YZWOEbJfbDkB9DRNvwgy0jWYxUwYnxrcwJMUjEviyFItIUDwQtoCigkbmBzYZQEZTRJaUspkUUmRzkzeW+yQ9HrcYQLL7P+OHDyBTGE5DBTbdatpcuH54/f/7cuf3F7g7MizUElxRoCQcj5T2FxJ7wrwNkVGBsnIMns3XG1VXddd18PiiRSCQSiZ41we+pnRq+kD5Z9Ri7g3+tov9sUGh/ohxm8vFflq6xCQrG7TFZrQ288pr+Ykm/5OF3bePUrNJOYnREIpFIJBKJRCKRSCQSiUQi0fNF1x6hKHETWfoKV5lW259FUT2VDDSUH7q+XXfrdRgym4ClWAyQgEJ2ccUo7IqZUAHqeSBXVdAgwk2Gvmuhqo5tx4ZXbOWA9Mxk/9R4tY3LYE0fHTDgy1NdN0EIVFrXqmReBIY38Aob0xg33UyewticYn/ChXfjnK3wCy4Wc0LOmaEzheWg/BlP6EyK6aE/QmkhzyY7OuTjn/ZcnrZW48kd3FlHlpWUIpGmxEka+M3MGj1aj/CeDILs7u7Wdb1erI+PjpbLVe87tXl+Poy8KxAtolNtGJkwc5BIi4wplKYy96AIRqHAF3TRYCePyDEx1vJNhS0M0ZgN95QTwxRVCqDBH7wNbAFiGXFQsSKQipxTyLyEoROKqEHoYdAtLNMOg34Mhuag5Ymhkg8sF7xHaW49ERWgruvYMQVPks184BJM2CRTHfYIYacO3mgNQyeBvI/Q54OSiog1Y/IkD2BIg1meEKmT9IzBm9FidozlRjBEAZ0IYWg764OGvuCtagk5CTqF9FB7rKtruL1bH7LfDDnNIK0Soq1sxQvGmq01bJgTo+7EPPV03REbSjgZdjCtvGSLwgUzRj1oaZR1Qs4oOi8YVW7HgO3Kfid8aXrKGHLAoREK/C4/QeDca7+GR2+7Xh8eXb7u/HXX33A9QkgGrwA7eww5U+R6QgNO+T9pKXqvA/vT4KK1VQ3T38xm/cRMSCQSiUSiZ0/wW3e30bsNQidDUL2PvccXPvJ/MODvzQ4ZFMV/faC/hKrEPxNnyn+dsPS7LP2KT3+347+j0u88/IULv/70gL8C7egGqDBAp7LwpeG7+JqIRCKRSCQSiUQikUgkEolEouebnnXaA6XP4k7S/3GN5f+3FvuAZ5Sts0lBFI8Tqo9HShvBaAasSisqvpYDycAhuX2QqUc0E0eO50RRbV9fK+uH0FOyClRjVaomW1c5zk5RuQSsSq5LrgiryYxzMZer0lqbvDOTOTFZOLBRAu5OBEJUV+P0wsenJKP0fSs35sQxGi08kGlAMwM7Mb6ZDsWJsRmvRyX5pJDNU2LcwGjSkjqzA3G061BPQWH6Og9vdKneUNqKVhpGTzx44DJQqyBbGm6XKjk7DHBEwrfYfaccxKyGoup78e2om+bSExdhTfg0l5GJFoYjMloR4Dgo/fdDVVWhqiLG1jh4jWkvuA7IxcZiPSRQE4hBQBgLuYHBB2s15qFgo3BvExBUwhvGYrkFbTBodMtgm2RhM4bvKIYqZoZpJvinXa3btoVyDLQCeQNYA6breo1XpagcWKOLW190w2vfOD9//ezc+e54ub588dLdn37s4x9xmugXYyprmllTV67v3dB3lCZEGFLXMWcE0wIboKvQuJqwFzTVQdcMGwhcKCYxxH8EeAs5tGwbwqPHtwq20UJnfaTBSTdJ3DgJwxLkSgSrmfxaQoRmwdh5bec3vXD3jpft3frC/uhw/eiDq4cfXD9wnzWRiBgMysFZoe6Hqg6wboZuWHcDTkGsQwXNgjsdGpCCcxidcS7F4kQ1wmCRSBTihFQxdCGUB6eSZgDnDnYr90Sge5wgHh8i02CKimkMr9D8pgWd3Z/i9MGtczqa5qOTz1W6BaElh0fHR8fLi09cfOTRR2699ZaDgwOEiAxmDHmOQKNFqMgUppBPAfrPd1D6Fxk1u3HviUQikUj0rAt+QcFX4xKZDr/ae4+/MQeGUdJv4cnfI8vL9DeSslVv7MC/SCcspTP4BX8pI9ZEiUQikc4wCIsAABAASURBVEgkEolEIpFIJBKJRCLR54qSa8Gpfh6xbJzgI2NRvfgjcN35tFJg2RmDHCg5QYety59ylBqNGKZ8zAYrk8AITawD5kwQNsBuBMXbAqv7yCVA/bfruyXZnISYCv1Q+EfrBpcDIxgEsFBdjsXXYIRYrhGmk/6/9IaTR06ZmHIPbDqQqsbwDU0QPJbjY6ZEqOaM3g8Jl+Hds9mFSq4T29xPpGAdsntRUywDCtSG0jeg4NsuV926HbpOUd04srPA9gqZ/piKzmx2oCfrQnFBPLUqm1qQD4J2hiYOTSssepMnYCa3l10lmJ4hixA8Ht3MoXyOZXQffD9AO2GLpcGDdz0W5dOIVnVlK5sHYfyAaPJJidOeEGYUx3gQOspsrzdTKgRle9j60cXtQeLmxHLJ0R8i+4LQIo56wuqk3JPsulOiTbKJBR6b0BNjj4+Pl8slG5OAYKmXmycxKB6XEawdviKxFNiAErVDDhMRVz4ZZnDODht1MJDFp1JYXwlkdIIn0TG5hlD4y7TQUtYgn9xwg62m4gl/o6W3Xq+5GRSh4txQW9et2u6m177pNf/Vnzy4/UXqhPrV8nd+4T++/4f+lWlXcyRnLCx/SmyBAk3bxZ4b33YdNRVPy/lBTdP0lDMEB5WYoZIxVEZMTeKEcsAOPyKh294RycFTEBJuk/vKMxxinibsNMJA++de/Z3ffeGVr2dP/qku3XvnR37of7t4z6eayjZw6qgIvjKv+qt/rzl//b2/9NMf/rf/zCjjmNWhftnJOLP9DHdE5VbyijO6fLh6I8IpzWO+1Qz9o5JFDX1PCFf+Mfc/3xKRzxwJQSq/EHQsxB+uYrinfQKP0uDgQ5iOaNu+f+zx9Wp1cO7cedQBzJ2DOzj5+ni2bjHZwyaZF/EyZiQwZiJGJBKJRKLnQvCrKRMh2QYMXc2QRPH4d9TxL5oF4R4xXJWY4pyeB38jQsQE/hrsjHiZiEQikUgkEolEIpFIJBKJRKLPMW06nejtj+dtvHXq61PffVIsY7KPPsU7Q299/C/tmEvzWzExipkTCmTZPlNkDILL91BQ77uuXa2HviePkFQP5TNj3dblbAeVyppqAgY8RQOMpy9KtNjoAzWRfwhD33HhmeAKTuQwiGtYgk7SYGydkb9NqB2yaQiDh/MYSkrRRBXE/P/EU7iJDy0COgOTPUgUJGBCPYl02GhDzDzP6COS3tbJiIPtC/BfSvHgPCA+NJ8yphkz6X/Q24C1aTRsQb+M5RKThngB03444/B/7+u6ns2McxuDMi7A6XJN8z4JtuHZP9G7skmrCSGSvNK5t27bn0brzJtMqv7oqBFDMtTYQB/4MnoKIE2ihvKKTC+cc3t7ezPS0fFRu4aSfj8lDNhFhjEUpXwf4+Bx2cClHWflGMMv+OoMW+hJ2k55Tb4dgeikwKwDu9TwJcxk/MJk5PRW4I5hhgiBIN7QdR0uOU/NUtap5ov/xH9321d+7Tjm3j/6mXt3z18339uHH6v54vXf8l+87M1f99b/519+/M5PLGbNHCa6clWNmTWYZTMMnmyNeIRLyg1sgcEp3An3utAneVJ1yZQpOTWTzCJcYoXk4KnMc59gKZNuRZw9mN35S1/1yj/xPfXeOb5Cv1o+du9ds729/etvMlV98IIXf9X//W9+9O0/8cmf+LeLuppXplIj+wJj3SFrgXcrExuw4h0nAU3sVbidBZopQULTCeUmFZKmcCf82mtPKwSOtZgvZHTwIY4f2rbsoEOeQqqccOPqI5eS3rQq5UZlLxRYIZ5WNT7Bjo+XMBVHx8eXDy/v7+3v7e1Us4ZsThz0ka9Cvj0+P5PyqTV3UIpyIpFIJHoeCf52U1v8kt9QIpFIJBKJRCKRSCQSiUQikUj0OaSx1MtWE1El5+oJSJBq/VH5wbfLdbda+34IZPrApd1JlRSph/Fzh8+qRl7h9PdYlH2j2XVDoQFAYP+NkMIuyKQFCufsEWJ07rzePt+GVQcG63isyadUEGY+yH6GDicXg8A1e2RcotZXk6tzxb5uif1otMoWGUZbTDsp3EXMBh/Ts0yhFYw/oXL50HXdet21LcwpHK985JgadjWp6rpuGkuRPQUPOas3ow1J4nx0shc5pQMh94wK94G5pkhjhQe5TUf11CW1gV9EtJXhHykJhSeb0B46d+F7dGncxI5dFycWcivRZjabUWeby5cvr9cYWzN2LEYYJbY/oUimSJSFSbYZZATCe+IdoEf2xdqExTARMs5dvjrIKUfpQRk0yNYmU8oE8RQ0DorJbyZnD1mtXe1memYrZGL6Hts3xPCS7/jThTj5wM/8xG+87d/f87GPdOsOmrt/4813vP5L/ovv+at7F65fHJz/A//L3/83f+nPPn7fPQcLmInZrKoqCtBxboBBoGXOWTvWxzCg0ZHte+RO/GzWV6OYxqC0IMO9UNPnC5JQ2G6d3GgoAimgexJPCzIUeE+GbJOSeCXYevClb/6i7/izDJJ9+O1vfc9bf/jR++4ZcDA13Liv+8Zv/l1/9E/vXHfhlb/nDzx696cfec+v+VA3LiV78ULraIU0BgNoAt38gw/JxcQY2I3dXBA/oluIX0+hEDXxOymcU/HL4ftf56kPiRKB7Y4QE0TBiNjhZyOcxExtqoqHStxCTtLFGdEhbEQTr0RWRYbO0XVw/14+Ojy+tHt43XXnDs4dzGaNa9CEBp2meHxh0B0PNQEvNCuYDRRVpUQikUgkEolEIpFIJBKJRCKRSCQSiUQi0XOrYqnx2f1I3rWjOpIdRkgf2VdTo5TJ1eCtft12a7Y5gYqlZ9+OmIvkWGzmeJoEeaQP7is9mg482xqTVShkJTWAO0iNxNZCTT5twsq2scoQrgE/lBpzzHTCpN0x+zBgggpl6/g0XNmUAZkWdHhgKADBlL7rVTYoicWt5GoGI57dxZQkkyJ22MDAwug7ztZJhf44dSBPyTUmliGC+j5Z2yAzQdk6fvCUuVOyeSgziCZUm2TEoK5WV3a1iVvdoyq+V3mI2WnGFc+YzMgU9GTj0JSEMkFSUpjISMio8m5qnN4gThIrQFAIbGma5rrrroPXFy9ebDv8h2iBjOrko7LLRe/9YMgEhd+FSShJKyxObxmGYToAbHqhCnCA3bLlx2nOzujYkfipqCY2HjwsmA5EQIx1oeuHxau/5LavegtsXx9efvv/+v/50K/+4qrrhsEz8nDxoQc/8LM/9fF3v+s7/5f/7yu//Ktmu3vf+N1/5Qe/+08R86PjLCB30jRVqKBf63bd9d3gPSbcKDUoaANZoGC2VKyrfqgqRk8o14cALliFOlEYKgEnOrvOJJQE6Qk28NCaMmPQeYMGWZdAq8jBULPFi7/9j8G7w3r1C//r3/7Ir/2nPgUWoenHMHQf+Jm33vWB937n3//f5nv7X/nH/9sf/8gHLx9fWtQOGsQz1YewhnmBJaX5JtecJeZppWFYGU4v5gkhdOKDIwcbw1Y/k4dXsnDKPv7sa6QnPjoMnPHyZR8TukvZUETD6WHUtM4LFa+raQ2MJJTRutj2JPRIZZcjCt6iZ5hJECDnVxFFAl24fOnyerW+eOlwd29n72Bvd3cX5hDmAwYf/V2Q6EEgUCdiBp9WT5+CE4lEIpFIJBKJRCKRSCQSiUQikUgkEolE10z6xItnS/GkucRTMc8ong70w4m3YiY16OP4OcskZZ1gibYf2uWqb9uIsMXA/hp8IkyXgeJmjhYpzEHMOTW5mYlmuMqmbukqoYeJKYmeOAbE1BeVSsbwzVhjMFQHWQ1tsifHeJqxAzoNx9g8dLgYBkoUcuQpkMwdQoS6Pw0FchTB931EQAcLxk9pfegneSfDGbxJG7hoVVfwTRHNULo/HbSpVwtNsWFbEz/03XqFR8XkowG1b6iPw/goy2Vq7C+bOExgHH12C0ulPp6xA/ENZZdNjITnzcXCx6SDikXJxIFCZcRkUzETAEgeca7Q5L2yZcpzmEl/OCzm4Py5tm3XK9C6H/qY6ITieKEoKWVAlwuYYxfY/iTBF0SBlKAWNs8oJhYMY7D3CUMGJhhDJEXZGWYhqFNJHz0dMIIYApFPhiJscPZu+/pv5Xd/4Qf+7u/8xq96ylKpKgvLXZMzxzD4/vDSv/zv/+xf+9Gfue6WW+947Rff/Lo3Pvih95ODTxPn81g7vAh0ZzaLxoaua9suDr2hC/WwskPo0VjFNY23XQerDxrtqoq/a+4E2oZYSp0KJs2fZjObwfsMS6AGpLjyHYoECrIg0JUh+Ju/8fe5nV048n0/8X985B2/3NFucOfWzlYmJSQtH77/P/3zf/DNf+l/cs3s5jd8+ad+4afgPJVNbjBwjbYfvNE13ud4z+MCIIsSzNtBr5xE/0B7Bx0MPdysTk8ENLSBw7AniaRBZ5TsW1NMShTapcSg2CbIEFeT2DVGb/A0mKnEWUKExCFyY/i+45UfcuxOmsqo46ZLkFEGcR2VcB5y+KF1GAPHHi1Xq8PLlw8vH+7u7+3t7e5iaFRDvi3YBY8gTUScBlsxAi4ikUgkEolEIpFIJBKJRCKRSCQSiUQikejzXlN6gv+4usOmIMUpMAfFmowWEjEUXxA1wQHwjb5t+3YFpU2ELTCbQjOmAqVYLrNTpdWcYuWRoYHPmiY+G+R3oqaRL5r9AzTn6lQVfNmqSvExYQQY9CYLobfRCPzJUN850Ybr52z0goVjzSk8gaAIzb4EdOTZ7VZXN6eM9fAJDZX3oSO1c3UNVf44aanebP9EIXcCa9V920VqZzHRYI8GjudJCT4mOYroJ2toRpvi1ExkexfyWCGnGZOscsYwFs9ndz4xStlnArsbdLJgObVX4/W5IzF7wkytQfJl8OLTxqVVqkf4qK5rsvxoqnp5dHzcrtcxTXFkwkOlgBVMiiGCBLfUmE5TR4pcUbREVD6zGi8xdpgQkMEEw4xEnIwFUh9wuEmEiiIahjGa3ObCJMT8o5rd8cqdW++AHx/82G9/4n3v0s5WKjawzlWsKQMqDKEffNv3y2746R/4h//X7/1/w85f/8e/6wf+b3+C3HviG/7IH985OHjog+995Lfff/tXfu1L3vLNB7e9yA/9gx/98Cd+9Rc++nM/WVvb9rZ2fe1sPwyI2lRDs3/uxq/5PQd3vHT/hS8ZVsuLd37i8O5PXfrYhxpYn7BAEePAW3H/S99c33Tb4T2ffPg3f6W67sYLb/rqvdtfPL/+5qMH77t876c/88v/cbh8EYkbrayKZmfv1jf/Xmje+tLF97ztR3sa86Z2c+dmtUXORSu4x9rB3/+edxw99mizWNzyytd97O0/sYbtVTLLgWnpcGq0D0HbxlS22T9/41d/w/lXvG523Y3aufXFxy/ff8+97/iFxz70fphJpzG06MKrvvimr/o6OMO9P/cTy4fvd9hHB3NZX7jx5m/8dpirw3vvuv+XfsrQHFlcAOq6L/+a/Ze/pr108dM/9r8zWIVNkWfuAAAQAElEQVQ5OprMj2gCcwiPpbeY+QgE4rD7SyyL1HC6UEhBVnlxoi2LxgUREhym2AooWESU1AD38RCWHrOhjo6OlgcHq+PV/v7Bzu4cZguWgKYpgOcFObnA5bwSiUQikUgkEolEIpFIJBKJRCKRSCQSiUTPtaaV62cjR2bETZ4OvhG394+FWsl/pByIQpwELmlChdMQbYCeHn3fr9e+G3w/BPyEf+TKP+EI6GmgjVNYKrUjI5CuVjwvtnrxJP0t9gEqj+pp+MLpg79xLHthTA5hixao/BqLYSAW3RkMkym6GHgUWCejGGgpwDQGRqVgsA4Wj6EOTU4nlPYRY07b4OYOCeaIqticxByfcqIf6kl1+tKK6GBQOeZmML7DmJInw2hHYmI4FojeSeYajHHA3K5bT7CBLsEeWKn3Ohp0qiDjlu02x7xuTkzKGPxCl88oRA4FSjvl0fA+9YJsYhRRHbj8IjmHlPlUquTOjFvKFfmspmzk+Sot2/xx7EmMU/+U3LrI8TsqEzhVVc0WC41OIVW7XPc9+ttwTgqbUijF3hXJnaJPhIu2yfnH8ASUoJZsJ5OsMsrhPAww4BHPmqYN/TEirs5krxJGLApvPQppUZl9Qa4i+gtv/F28w7t+5F97mH5tFqDKzqxpKDMG7uF+8Ku2O1qtP/XLP/foZ/789be94GVveFMf4nHbWa1e/pbfu3fDTYcXL73ydW967Tf/gTI+L/mqr4GvF3zZV//Hv/O9x8tlY+2sdu0wwNK76XVv+Iq/8P9YXHd92vXcdbu33K6++use+diHf+ff/gvbrWDnGm80PXvhS/Zf/rre++qOh179Hd/lZnM+4vzLXgVfF17zJb/+D75XHR+ii4mOB7feYeoa3v3Qz751uVxBD2vndpt6f94sKte4ZCbTdsNx1/+7P/9HYXpgKGHg+pR7lvAdDAPSeghx8H7vpa97/Z/5H7R1pV+7N98GX7d+yVd95v2/+c7v/5uVitCvwycee/2XvRnevXjvnY/dcyeCNT301Oy++JUX3vjVsP3gi17zOz/9Y86i50rjLMzEzV/ze3Zvv+O+d/7iCqOqtFXRYeaYTtgJWyQVY5QwPpnLIy9seo8gcWLoLh1vHJ0We3ZSCbTGaO3gXMd0W4Xj4/UwhNXx6uj4eHdnd3d/b7GY1zwHyY0o8hIViUQikUgkEolEIpFIJBKJRCKRSCQSiUSfl9qiE8JY3Q/6qrmTU6xNTuINbI2RHSdUqmJT7d9gbTR4NMPwXc8eJymbhQGN9NH99FMqiOsN0GWDNuALXkXzmWgYX+eYmwKUnEFv8AGbvZv+QRXgmDkSRgL4nNNgoOlJYsqDISyCiJMBStsUhGKd08WngMgBg44vGoZu6HoctL6P2XuET/9kWNImlqG2Gz/ZlsJIKFwHQ4KwXzEke5ATK2RzzTBeQW0PGKkSyaSDGxon10xpJAWW2DJ7meA049ZNR5g8iZEtG9JSC2VmC+cS8+7pEJdsH+LUXkWz0Qgfnvxj9NgjRfcJ4iBlGPXZN0s8hd+KJ18bg2YnVTVfLLpZu1qtV8tV168pXifkq6Q+wHANg48RZl07F2lxKbK4QMOL7P0SMieTjuLtHLUTjMc8F2/YLQcDnEga8QUO0MFmB3JbUSPgkxrsQ2yuv4k33f/Jj8Fo1ZXZnc/OzevdpprBSbQaeljAfrXuLh03zh0/8qmPX3/bC2CmD2665dID90HfeDJe+/v+wHz/4DMf/fBHf+UX7v/YR259xatf8eavv/1Vr331133T8ujoZ/7O/0yeR3E2hFu/+E1f/z/9PW3t8onH3v2j//aRuz65c931t73mi1/3Td96wyte0/y5v/zO7/9b63a109SVM54mb/8lr7jhi78cbo8Pvu1HHr3r0/Vi8ZKv/JpbX/OG3RtvefUf/a53/qPvm9dVZfQN19/MHXz47rs8pRfN6mpvjtDJTu0ah+MCj6RFVcF26My6h555dI5RGBuVuTrEhIJBkxi7d/CaP/k92rrV44++/0f/1QOf+Bhsv+Flr7zjTV99x5u+4rY3fvmLfvfv//hP/mjn4/LOTy0ff3Rx3fX7L3vVxZ/4IRh8uJwz+sV3vJybVO8d9AcXjh55YFHXcAc1+7u7t70Itn/mA+9eDcEZVVtlEW1DPI+sUGjhwpIx+KxAPg8tcnLgTvIUSvlHCP6l9Yk3gMn3kWaWRvn8Hq6R/HjBiDO4lWk5BcxA6/2xX7VtvzxaHR0fIXqyuzNf4NDCrkTsKJFIJBKJRCKRSCQSiUQikUgkEolEIpFI9Nwqe1so+h6uREJcm8tR8X4zeOTpaSQtYj5jxgoYx1CRTU/80Lb41XXwFfxQCub4+X2upUMB1ZjT3DqMetqaIA5bIzoxMjnlkvpJNmj2xCAEwGILyVgicwMJvGDCJbeE/sXSMJavoaQdMZwCM23Q2YWaqimLJlKaCkaveI/EydCRwYLJjTCMXJxocjzj9Ub7E9qT8QZ27yCnE20r56pKb8bFqE3eJk5SWfgU3CmYXihOhyGH2aRGkH9HRN8UODWvCBolNYl2UVsWMkqN5jAnNjOpNAmH2mxqpFQdNPLI2x3X13FxciaIyt3TBZ3S2aAGmxFwx3Q6T70tLdXFH+UKHjM6jbJS26yWwQAVzJCqbVO5GiONVrof+hjTDc8dY2Gb4tBBG7wnGMiZaGy0Ux8eHuKS0VPsUkoiEZvn5JFKEFFkwxaj8hQF4qfyANKQQoNm59Fu5Pji413XabIGWVRud9YczOu5Q4IIztz3w3rWYd6KMUcPP8CnuOEFL7z4wH1dtl2Z7x/c/4mP/cP/5jthETtrP/7+9/7aj/3wf/P9//LWl7/yTd/87e/6d//HI5/82ADvKfVVf+Z7tLWP3Pmp//17vuv48iVNiVMf/KWfv/u3P/gtf+mv799y2/Vf8pWf/vmf6uZNU1eeI3L2z1168P6f/vt/E65oaFX9zq/90rf9jb9900tffvOrXr+KJrRDU+nmhgSdXHzkIXSdsXZRV4u63qmrHUQn0A0GxpEMXdBTZDY4zP9Cesd3Q8+zyyZE8B0ufP7lr3azBWz8T3/nrz983z2rrh8Gdd8nPv7en37rH/07P3DLF73yxle87jd/9N/UcC1j7nnvu175jd96/Re9+nLbwY0+Q1cjc+EVr8Vz9p2p6t2XvOKBuz7deT/U9XUv/lLkofxw7wffN2DSEvImisAgZIaIzgqYlWRgkvDJQ1gJ3r4Yc2OYRcJVTKY1ZHeDSzpjW/w8TpY9OaEpkWy8/mgj3DaWM6CscbzSemRPhvV6vTpeHx0e7ezu7O/uzBbNbD5z4nQiEolEIpFIJBKJRCKRSCQSiUQikUgkEj3/VKIS1DPTqWExz1Sbp9G5Vl1yUpJjCcc18CfmoYbb9r6DEm6PYSjJmgJ3RqsFo7MHSbYPmV7omY7BFAhIJ58YZpx2pTgxv9gWsSZImbC/CQIBlpNPOG1i++JjnBEbD4QBTUF8D39EV1lkHjzViMkthNuHpiPG9H2Lbiger3TCdUSfysqcwaOU7SZOD+ZRoPAjxBo4IUgVGqlcivCGkGY2JtiBYz4w50MFtIXAtKAJPBUnJiZwWozg0Ke0XJ/WFdoxbLU+f5u0jQ6mpgSVsIvt2CWTDGRi4TnSCcsPKYnnxNF5/xA3j8wxPxt9KF8b3dhURlwUFOlnsxn6RezszuYLGHmVBnM0bCEyKfRd17VJ8LLDnzv2MqG1Z9i/xBGfkZJ06HDeZxgGTwoYDAOThF+8kdx2As9rDGMfU0+bhW0wsObSIw9Ci2GFN1W1aOpFU+00zbxpZnU9a6rdncW5g73rzu1fd7DXPvEoX/26W24NiBpl35QQ/vlf/Z4nDg+P19CFHmGOtvvh7/1rmCxl7Vf8we+I1vVKfdFbvvnGl70C9v93/6+/cf/9D1w8Xl06OjpaLuHrfT/3M59+/3vgrZf8Z1/32OHh44eHl46OB5/G6pd+8J995q67Vr3vib6AW+iuD7wbJ946vXfusO2WnV+wa4tSlx99hEx3bF25WV3Nm6qpq9rZ/IU2JIu62p8153bm53Zme4vZzmxW+B4KMEKgqYEz33/Pve95xxMP3j8EsmpChggJtAc+8VHYefeGmy4eLh+9fPmRJy7+zq/+ImypFzvVDbdcPD6+tFya625o9s+1x4cf+ZVfgLduetXrL63Wl5ft4brd+6LXwJaHP/6Rw6PD1QCdwkeCJuLEGJ0nHf/EGxafPPAWpidRhhV9s/xYoheWnyR4hyPzhC8Mr0tqrOabX6U/qQu8kjA+J/UoLWa6g/q+v3z58mOPPv7Qgw898OBDDz/82KWLl9frVolEIpFIJBKJRCKRSCQSiUQikUgkEolEos9TbVTZVcoaSeVGpZ+hzQmfd7xQTLAG1y+5mslvYsm766DcDIVw5hy44KmpPkoVUKMYi8kJEWdU8ln6alGU0k9dTChUZhyiUleV0bNxvmIKQIgMFH7rGgryNdoQpJAd6riaGHMU+xOVXD2weJ2/MJWGWA0kN3rKGgmeiYceivRtFwkw2Jypq+7+dHc9jobKUUb8AhoP3ajqypCfynhuXfihydkSrROzK0Zg95qh77dglUjVeEfVcZ3r13pic5ITlU4ancQT5EycfM9uOmTKkHCNGAqzoSa8hxuJo4hAk9fo8aGVTqY8bC2UbxOTXVR0Yoh4j5h5lw0DolMZrqjHdm7xPwl0IqcXGPHFYtE0zbpdHx8fLZfHBIcMxackX5PWCvXQE18SHPJb+Mpj5EphHTRZj8B3xk1oajzfY87YgEE6PFmB5xvOjN+JGdLKhJiSVkL2XeE298tjdEVBdxAD56nhn0QiRIs+G3jdxdysh7B3/gIfsrz0hHWj9cVj93/mnk98HJ1EoIV+0LiY1aUH7n38wfsv3Hr79S+8QztYdu7FX/7VsPOlhx786Pvfh5yVgsspYmXgieE/+hvveOmbvvy6W27T+9c99thD3QzBGdh/fXj5E+97t8c7xDnjmgrvvEv33c2XdvOdy/1gdFwdXk7dadfOmgqWO313dGMhMkYTAy9qp1y0Hu1MIhxaISqV7j1D3iGE7gyf+Nm3furn/8OAGT8Uw4RWPkp7vXfDzS96/ZfwMmhjrOiou97/m77vbVXd9to3PvTpTxgfbnjV62Gfe377Ax9997te+5bfe8fr3njcdjSZ6kZ66873/UbXwwTrQNY2iQMhR6hkhMO5WOivpNkJigxvaKNHWyS6GQytHEpl4rWUcpl0iClLxxB0RPPJkUsMzsEOKdTJx5TIRjYq5GqkIrrAHMPTqT06Olqtjnd3d1+kRCKRSCQSiUQikUgkEolEIpFIJBKJRCLR80Zxuwo/SYgpf54w1Nis0us4GjdMuJPt/U+FTuLZ4Swnds32JsXmJNEAMaWXcPUcSsf90LcdhcVgsZiqnV4jcGJz2suYybLNIGyHvWiu7W8My2a8Sf5xs+xf4m+olK9O2jK1uwAAEABJREFU689pPd1mX8jBhS0G2OYE43WoChzYMqP0QCudhyi1NhIcoWLaB0rqlJACJX+PpibYqpSWAeXtdrXq+05RQXkylSm253RDE3Va8zd7qHK8Bm+gYJ2qbhroS8qZMRuMSb5UHlm9McTQBZjWbrUeug7OaXQGUugCMDxw5qqujc3zW8iNmF1nJtOlp34muYnJXSUfPjYM/XLi9IjcvezgAg3gfbnuDjNkssdNqrpvrArNBjzZ2YLxnFgChRDdSNCS5igTtTXUW25Cms8fdfHK4HgUSkuCfyrrjJ07+KOqoIa/Wi3Xbes9UR9RJweUoDThFwaRkehDQEjLG+ZOrCM7C8RPtGEIRRlPABOtM40ZQQaxEmpDQOgGttYIG8AljMPwlBgi34Q8NrBCu6PLsPpsM9+jYBqaV+0sLktDIAUsemZ9oFXGYPjOuZtv5U4fPfrIrJ7HMPBQPXTv3YQyxdqYBr6UqQmYeOTTn7xw6+0XbrkN+ueMu/5FL4GdBz98w5/+c+RiEoluIcMNrc/fchufvNo7ePSuO5FEIaeT48sXsQ1a19Ysarfb1FbpCrN6aPiNHULsfHj8/ntfTFsObrr50mfuJk+QjOroZFBklPWRXXyII4nauhgHTP8qk0nsl/Y+wuBWRMmdu/3F517y8t0bbt6//ib4fuEFd9i6TvtbRNIaZyutPvPhD7zwDV92xxu/9AM/9WPBmFte8wbY4c4PvO8T70NTlr3rLhzc9sLVQ/cfXH/+4Gbs6Sd/8509siOWFiWxQ9SoArKVuxrGJ+awLEJH8IE7UMaONcRj8bNSpedyJPTEJGKLARZ6RuvpXaM4Ly1SClPMN15kKiuv5AGe6aju6OjoRUokEolEIpFIJBKJRCKRSCQSiUQikUgkEj2n2uIqsmNEKbuPb+UXsQTZZIJgowaenBw26AE93SezHqf5NZwgWtjbQk3aORbuI9kjUEQJf4BepzSTACV+KvT7vh+6zvfD0GG2jk5WJxwJ4SLDGYih5JL9ScqGPtqfLogIQoIDNtqjJw1L3wq1UHajc+nEJSQUJE7fLthArr2eIWw7tlmFAVEAvJbJNEdUpZid5jFlmKhkW4GBJx52CFy5h1OQ3wnnnMBZ27juTdt3PYdr0OmwMBxDUFueH9viQZkSPJNp17mArFKVmVAF4+rKVhW1uRAYVKxOvAXFJBmK5sHBt+TvgK3BnvRDgOrzuos+EhyiuU/sYKKtpdQexCGwY4ngYJMV7kMoS7HgI5swUeJXyiwWokXr0W9l7DzvazQjV44pp4AOG2zAY3nY03jEOJ311I5puhJv0PmOPANMUmPzpz8nvmZ6++rJvoFWbVVV58+f894vl4vjo6Pj5fFqtSYPkmBybhMHu+ACQuwERhW9STzcQt45F40JnLNj2DsI50FTpg7yLQNZqCAdhQlKFbw/9DAmfjDeOtjurDPKRL5UZsXi8aMP7d92x8GNN6tys6hkr0FuPpp8bPAG0B5dTHZuwAgbBFYOL84Xc/TboH4+es89MPlWm9rYmXNzCy+MV/GJ++6BdxcH59brdrDu+ttfAD9euPX2b/1zf1GdrWjc0Wpp0WwDp3V1eAhXhC7MnN2pqr2mccYs6op3Zl8QuDcvPfAZ3gLdufSZu0fcRPEqxOEKzNsoNX/JK+zBBRjvh9/9y8Pk4cjOICVx5gVf9XWv+4N/fHZwbtq848cf67v1OQRH0E/GuGrWVE1l7//t977wDV/2gld/sYLBD/H21yJ08qkPvPfw8ccfuPNTt7z4pS9+/Zs+8DP33vzaL4btlx9+6KG773Q4H4ZMoPDOY/coNXrtRF7rtEISXshpZsqwwwknacG0ZhyQ5guePAYONONzigmStD7L8268HdKKSIYqOSWKsBx8XsH0tZ3E64hEIpFIJBKJRCKRSCQSiUQikUgkEolEz7H0KT+dkuOxwU7k3UbWYmrqcfKs2/4Y0+q32t540kjlNNHn6FPZXxfcI5Mjmj5ND6Xvbr3uoLLc9WEYSgPI5cQpMkHQ08ZoPfWKmGAlk3qo3tqiJoRJnBx8ysuUSpFqzSVMZbLbaH2hT6InxbMiQNU7KqhoQxk5YRCW7S/4xARraEu2KFjMZgQgJsokJP8LEmMo0xZC6Z4cKAKHa+hMXuhc8+UhVAW+SbXhmMNrGDVBBiCO7Y+Z4SBixuiUrUMRQVC4n2T4TOxE8AqeLTvyKASeZUz/CJjj0S5X3brzPlpyfBmdRzgYJMcnJXJEb09LKW+zz8gU+snNVpPByb46hYIq/jqTc/J1YKNbrVpLvhbYQ+cynzW9XXRZBDEvJc4Z4gFlJwz614wrYCRfNNvmnASUivFJcnfJ7Ba54sTpW6C6xoimqkIwpK6W6/Wq64Zpbg7yE7BKCOfx6HSCQI+xaNqDsTuk5A5C9kE22GEYvMaIGmSc8GXvw+A4VYYAiqA8rWHMmyn90pTLsnwEoRNb1Tfc8ZIn7r0zFCZqaobBM6dVfXDuwktfCT8dPvoI7FXVzkbHHiG+b+ezGk44s2bmbONMZQ20abG3C+8+ev99fTcEC13DMbz/U5/49Z9+G2I1GN+jyVWF7ofIpjbxvo9/tG+7tcEUIUWRVH3bVtDZqJBocbauXFMl6AQnnLxgLj14P2+56SVfdM/7fzMkfgT/5TWqGJaDkTL6ju/4b+1i9+j+u+9+xy/C463zIdvnaNoTZ+QV3/QH3vBH/iT1rnvgdz5030d+Cy7x2H13P3LPXV/7XX/x3M23sYUIMiPWNXX1yIffDzvP9w8uvOjF6/V65/yF5eVLD3waU4c++b7fvOXFL33ZG77kfT/1Yy+kaJ5P/OY7Bphg4jtoBJL/ChMnI2xIIp+lZNyEEBjRLhiIlPg2mjZdXqWFxHNJBxZboqj0BnDHDyk1mhHpsqoJXkPLHo1LSMMyUyKRSCQSiUQikUgkEolEIpFIJBKJRCKR6PmseIKnmNS+p8Xuk3jKk0ufvFo800djezf6Fka7iZgP5io9vDV0fbfq2tW67zF+RVMSiKYKLlsmlMwGRWkSpzdvHIA47S59D5s/0hZdDjantVxTyXokSzb8KHT5UD9vZQsWnxiUbAQS0H5imDSFjEvSCRimgLJ2yhhBpw2yBUk8RoZOVIZO0NjCaHZKUZxug6wBBfEEnY0+OAKFPRk0V5iTr0xCNzTVjk2yMklOJkYnS5AJkGE4lAUhhaquK7I5SVBKcvnQ23PANjYmUS1wNj/E0A9+8MujIz/0OmMbHOfBx8V8slgcQk5ATunCMRlqmOylENPMlhXg00+Za+LsomlSUrkXChfhDg8PsYcOY08I4NBE24x2MXq0R9GFqEhJODlMJGewbNwrejNMJ047ftrNOd1TKbV1LB9V1/XBgV0s5keHR5cvXwo+wgDDxSsEKeIkwSovR/a1QLoIVpeH6STMIrUBOZtgBo+vPXnp9H0/DAO6m4CUDQMuRWOGRtUx4Hrg5W+1eeJjH7r5DV8B5/mKb/+On/mH3zcMoesxs8fDLe1DjdE/bN6Dw3P9l3+NpjCg3/q5n4TxrbUjiAX7fvsXvWIxn5sYZkbPHSbsWOKL9im45+E7P43eLUN8+J67X/Sa17ar1c///38Q7X1iaOA8FikuaHkH/8Ld5hF0mtcV8msEqUCv+7bvYVprF4bBqBm6quR0KMOJQ1ofPvIAohfafPHv/rb3/od/N0RYtKGjjB6HvE6yuoHLLl7xBrtAGuahj/zWYTfoCX5VVmy1t//6P/id8PKxuz75k3/rrx1evMRwEuVQRVfVk2llNyG1fPiBw0ce3Lvh5he89g1ti74gd37wfTjyWn/6/e9+8x/8jpd+8Zugzy95w5fBWx95168Og6/Y14S/aK0ze5S6lnxpUvAUEWoY04URSkFZmxKCCG8LxiTrqRDYMkeRYxI+gxBPCnryIE+np6MM3VrlKRnHJZswQWpOiDCGSiQSiUQikUgkEolEIpFIJBKJRCKRSCQSfY4rbjh2PEvXSH/yp+g5VEdtB5wk2oGNMaB42ndd32K2TsQclVQqZeokVy5V8RRJVxmRka3LU113ZBFO7W9QG+cKkxOkAu3E46JEtphiF0KbzVYDJtYfaTP0SCW3FPZNMDm8JptZUPAO/0zmJQFHLHmpxBFPyOYfeQYppCYnx5CfygSQSDgElZB9jtrJfUhcip6AR9gRqlrjeCvywdAUamTJaIYiWQzlBAVOb8GavVJxTBxicxWdOxoTxqOpao25QL3v2o7Aow2aggr5hLyQpYSaDKUuTSy4zKS2zRMUYiE+1OSPdAgHp1AAEAV9TPJ1Epqj0uJyy+Wq6oeqcgPm7CyaptbE9WwBJNnlJK+q0U6neD2cSZxML682VYxMtjaOdFimY/iEZAzDSTmo1Wq5WrXZJCdooyb5J5EwEiRIDJrRJACHfXQo2IhPo30Y9CSaCF73fe/JLKVcKsY1rgeH9iQRp0s/+r53Hn3d79u98ZaXf8Wbf/0Fd6wf+sy696tuqO1gyfADvvkQex98M7/xy78WTr669MQH3/42WE3OmFm2Trn5JS+bzWsT1cyoGr+08lE3zS2vei28+/Ddd2Kz4/DgnZ960Wtee/OLXgxHRwNXqRpjGmsIOhle+ro3vPbrvwk69uN/92+hZ9DgI3t7xNi1baViV1ddu+6bypkRFNEUqIRD0A0f+dm3veabfv/i4Nxrv+GbP/Kzb237Yd0PM3R90coaCgODvvjbv/w/52M/9e53HK7XeJtovbEItbnwwpcYh2Yq73vrD1++eLEf0AiIPGZwHm9/5etU4roYvMPRqK194IPv2XvLt7zotW9suw52+OT73xPRp0Tf/+EPwq28e92FV/2ur9u//oahaz/xvvcY7+cVtg2aZqlH0HdDfjZlOSUXnAxOhXQrcUwSNgeWBzYD3VL47k5PXXgQe+SKit1OvpWiyc8gzYSJQfpElR353oojlLh5p4hEIpFIJBKJRCKRSCQSiUQikUgkEolEos8dlSL11NrhxIfyr6mKUQUDE7GEN8SpG4DODYGKKxSH/TD0XTf0PSEXqZ1UvDTJA0BxRzZq+noTpsgvk6+JzqXO8U195XZvnOWEzBR4YKSiMBeZDcCCfzqbnli65KNSnxmJmVw15ZGE1OJE6qhk6VFamJ1hsjUCXN6mdJfR5CYWs4EEspCjSeC92GcB2ZFCnOC7ZXyw+o45I5jdUln4p26QO0FTEfRG0BM3koieKyY7geT1Falazb0tiRze4/yuO03LAaab6IVc/KYL4/WqikwTYrGTiZtAyamzolOuTdR5LYQwAX+0nuT4jJiSmZjlMHXioMbPATPD4AnemKPviUJHkJgmjDobCwCV5zlPE1nYYCk/ntrIqUrPtjdvm5qMnaZuIhNQMnpwS3SVOzjYb5pmNlu37RoE/VBoYpGO9F5htgmCXQMBKmh5gj44MbnohOhjRAcbAz1VyjrHgSl84yLN5L2jvCGcniF6Y7OwXrIAABAASURBVLwd0AAFXgR0yfjo2374S//UX4Rz/qG//rff/o/+9tGdHz9uh8oiwuLRkUbDgMbdg5f913+h2t2DlrznbT+ybpewdBtnZs7xSOzfcOOrv+brP/muX62Mritb43Oh/6Jv/kOzvX14987fej/sZrX94C/+/Fd8y++f7+195bd826/8+x/RurbOwEQ5NPNo/vD/+L3Xv+BFn3r/e/XQ0+rMpjwhtm0H+6xW66Vzx9bAinTrtswiMTzGGfPht/7IC97w5fs33fLmP/qnhvXqnnf90nrwy36AXtS0sLxWt3/bd577IkRhPvmOX7zrQ79lNTRAOZsfEOwaBIusnqepq+ohwMhFh3cHwiU3v+p1BzfdvLFE8kJ5+Lff9/K3fMvtr34dO/N88gPvMVZXMJ1De//HP3rbK1/zjX/8u2D7x9//nvV6tagtnxC/8rM+ZM6Glx2bnWSvIE1PRsJQaLHSSjRMIPFQ8IEmmmyIEgp0gixLcvzhhWpCZOsXb+gkBNEEulN0eQLx46nKkVUikUgkEolEIpFIJBKJRCKRSCQSiUQikehzSFsBHbl6qE/u8+TS00PO+NA61q9jqslveVokv5OQAk8YLYkRithQyxyg5L9aE3SSQAGdzTaocgplckMpMWYzJGjaiqjGLJQ4IU6YWYkYKoE/hpI8QVYoMVMgBV8wI9hB5h9cuS35O6MJScwnzkVeSgUyMZ9qtAPI/hfRKx6IjIUwcWGVnhhnMIjDLgLF/CImUIHyMbIpSyIPaLOxk2ka4zUQN8mpGFsICwMp2mTuQ0dDJidQxLfWYauiDuTSoiw7ghiPRWe0/4iUehR1TFFCzDHwNQOFeZBxCbcHyuAmmL7rtbKpoJ06brj9GG5iKuhC8lAwPGmWbGBKpEyIE9+QqMr4KTWJUir9KyAO0yBqQn5wkNAWCOI8GsLA8kU4o+8HaO7e3m6DNEFadWy+w5FBGBpEOMXmmFL3eR2mvutYonmIzNnamQv8uYdnMlETi5vxe/KxoEgd6FJdV23bIPIDN9UwMCPCCEK+DVJcU6IKjPGJuCnToZhKKVYoGFYTE7CCFhrGVNbwGcgmRQ/ocqEf/cBv3P/B99z6+i9dHJz79v/x+z7wU//u0Y/99vFjD/WrdePr3ZtvX9x6xwu/4dvq/XNwqns/+J4PvP1tMAWNtfOqaipb+v37/8Jf+6FLFx/7xO9oV8NKeOnX/u6v+GN/BrZ/8Bfe/pF3/jKasmj10V/9xY/9+jtf8ZVf/Yf+u7/0+AP3f+ydvzqDrcEuzp//vX/xf7j+BS+C3vzyv/mXSGngCIxQWPBD16qV1itnji2s7KHJ0AkDNtARdPOJ/t0/+E/f8pe/11bVN/yZ7/nIy19933vf2T50r1+vd/b391/0shd+9Vuuf/Ub4ajVxSd++V//ky5EZ0IVx16UWXz0rk/xizd+23/52+/8lXB8iOusrl75u77ua/7UX+C3KgrZgeFHfIfu/Euf/Ejou53zF2D74ROPPXzPXfPK1s7W1t732++77ZWvufnFL1OYrfNr7EuEiBhFBdFaDHSPjWusZEqle218a2O5oQWL1cSUJDIufxlOXKJ9KNkrM3T5NuRj4aKZdOFm0XuJnEPWZYN8FIlEIpFIJBKJRCKRSCQSiUQikUgkEolEzwedCotsbdTTUrUpOQlXOsPTa0r5k61GsrUJXwQ/Dc8eDVSaRJKDKtu4n/dD6Ieh64a2Cz4wbJBiT7TJOTtGnRphs+EpkV0z1GhEQfksZnxTJ44kQwsYbYM0QSJlbDpmDM3Rk7wRLttvXDZlTmAmTrqyCqPRy6TAm45KuMlkgBKNsOGhohKUo0dUgltBHIeOhtM7sJGGsznKUXocion3iMqsT0xXZgAoMtmSishET6CbiR+ix4SZgawNlgS0wGUsmh9gER9+1BQ74zg9hRtJsUHsSGMoigf2sZSZY+qqccpWxp7bPVgvVx3NtScxHUGIkfU9eiYgWJD5n5iTbHRmfRiTyS4cJehmMrAqTxONbnF72QStdAKGdO4+dAaaEMiVBZ05Qhgwr0gN88bXtXMYKBNtGmsmjdTEnWJEXULy4tGUUaImkStlRapNTYkw9WSKk7Sd6YEEnUA7MUKnqeu2a/uu53CcNFI6IBpESBQfiBAJrSD0daHmGppVRnLYHqNtMbIHoQzY3SM6pCgJiTKXbIgMEwQX4q//o+97wTd865f+oT+mrX3jt/6XCr7g8MuXqvncEFfBuut9v/4z/+hvBT80DomTRe0qm2iph+/+9IVbb//Ov/X9xxcffwxev+COneuuh+1Hjz/61r/3fZTxpGDXSpu3/d3vu/kf/8uDG2/67u//gYfuvvOhT31y/8KF217+ynqxA/v/2g//m3vf/566rhRMJXFRrEBUUd+3q5VpYIr7br5a8VtDP8BKVM7BGq2sPrr7E+/5oX/1xv/i/2Kb5tVf903whX05OmzIpoX1wEc/9PZ//HeOLl9il5HKYTJOXh4JmFtffPRjv/T2V3ztN124/UXf/a9/7K7fel+zWNzyslfaqoIOfuxdv/zV/9WfOHfTzf/13/7+3/qP/+HB972LPIjgDvQP/s6Hbn39m+BUd37w/ciUWNs4B2P18Ec+oNR3cgM+/pvv4Dieir9owrTSJ1cRR+1QaNkpy48fQGR5Qo+XmKyTmFZByiQoMiAKmK4V09NDZcyuJPhEepDytdJCjSPlQpe2Sl2j3zcikUgkEolEIpFIJBKJRCKRSCQSiUQikehaKMax8D3dos7YEsNYpNZnhntMmY2n2p4cbqNTqA5t5uCYlNVBLh34if4UAYGpEx5qvvAVcmyILnYmeoJ9ZBMRUmnfJnRSCpz8csMUJfuFqIIBUDxNdupgb5UcQFFAj2RYwpwKjzdV4FX5nP8IlxDHEHhsN/0viH0pW/iD/0brjC4YslGJE5CA3mYkZdoJhk4K6pBGYuKCoYuFTOFjSsxF7kP0gYATrzKRkfCf0fGCKBVyuoBKPZl8aGJgiF+hlnObsY3apDZyNo/RzjrjHJILGFnCX4hrzOpZs3OgzseubWGYvPd932OiUjd4BgLQ8YZzhTxnByUCCImXSdtSiAguKnbvYCMdrfMEU+2cSKfRGWRzocZUoldlOJULBB/hRKH3C5p8HEN7hr6bzWZVNZs1TVPrzPhkLimobGITeAXQ4Hus4uu0lNSYt5ONeZhQsuoaK8I4z+dzaC+M7DHqaLkMhJ0oGmAaNiQHvM5RLDbhSbgYKWIFh8aS0MGCIlG8H3itwKwNNHReR+ODpuwrvO1jcFF9/Gd+/L4Pf/DNf+q7L7zgDkaimv2D0riL99/7Gz/2//v4r/8KnLCCdtbVblPPK5csOpS67yMf/Nl/9U++9c//lYPrb9w5dx0f9ZmPfOjt//Tvhr7dmTdw91u0FdHtww/84+/8w9/yV/7G69/yu2++4yXwxTvf+5EP/fy/+Mf3f/hDdVPXzsa+h/Zqw34wMfm3DL5ru6UKQ+9212s+ECY5dL3COCU3rzFd6KF3/eJPfuA9r//D3/niL/0q3qcQJ93y6L1v/aH3/8yPwwqB/RvnZs4uZlWd6RkyccEboDLm/T/8L2EoXv4132hd9dI3fQW8269XH/u1X3jHD/5Tr9Qrv+Ybr7v19he/7kvu+a33PoIoD9w8OCEPffh9DJ3c+9sfgPbMiTiBr+N7PgWtt3Xz6H33LB97CK47cxV8b4jdISIsckpOYUFStk5ZIpNH/ObvAJ0dnfhxAaNFSVewbhKuhCQWPcfTsy2H+KSDlaFcHRPTs4zCpkJhHke/H5FIJBKJRCKRSCQSiUQikUgkEolEIpFI9DkvPTEC4RdxO/Rj4yd12k8Juti0aYhcVydjBaIBsFCN1UkCTtJ3/MNT9VsHHzDKpG2HrqMKZcqJILcFy8SBSv4W2esisxQbDRuvnqIheKsenSa4qyZBMboYmuictcJ8ScjRNyqEAmMoAiwUOWfEskNUE++TqTuHKi8mQ64S3kG7pfyY0ZekMCSJO4njCfOBilAI5l8KaDJp4bYSY4SpNJm94EHC2jHiMSqWS1FGUAzbZ6ASttYJI8L+54iZuDEFlKdDbjRsHUI0QkivLM4mVKSrylZVA4JKfVVViKRUszluIUKJ/DTQcMIPGOoSsNKNLWUgpU/mCsRHUMoHMS1s6YKpRWoS31ECQNJrvcXupEJ85i7SDP3A73mzYfwC3W/SqCMHULmmrhez2Xw+q+u6qlwJbTEUJZQgnclMMwlUFlZyPMnGLdl8xmwN95OW5E/fIY4ROXwV7lXX9avV6ni5XK/W/eBpnUR2MYHGGopEYbIkbWRwgP2FiDvhbpIfDUyBVxm+KoNIh1vY1IfYBn/c+6UPy25QVXPuhXfceMdLzt1ye7dari49dv9HP3zxgfs8rjuMg5lVbrepdupmVjs44Vf+tb83O3fhfT/zE2/7gX/Q+3DT7S98+Ru/VIfh4n33PPTJj3EDYBnbGCsiGoYhrLp+2fXNddff9EWvuPElL11evvTIXXfe9YH3VuRJM2/quXM6IiQz+LBuuxU8ZQYPs1lrs1O7OTEayto2xB5OaQ0sw93dxfUHe+d2d6BrQwhHbXd5tR5cs3vzreduva3e2Xvi3rsf/8xdR48/wksNFnZtzaKpFpVbED3T+9j2AzQMBhwGj1aKaXtf33jL/u0vtrPZgx//yMV772JLIGS/nLvw4pfD5Z64+5Oz4Pdn9W4Dp9QwYZfb9nAFzR5gsuZVBcM1r2CsdDsMl1cttK0fApxnr3H7TXNu0ezVFawnq7cXTJnfyDCWmronbZjlpD8nfxB3loKWQkIGAzlWJY4QvnxmXOiJ6ZFQQrxJGXRMwQd/htq4Qeorv/+H4c9bb7leiUQikehsHR4t4fve7kKJRCKRSCQSiUQikUgkEolEIpFIdO10/wOPwvc/8vf+Y96gizVI2SdOCIi8aXIKfcqr6YExV+g33ts8vZ5snVqn5F0CMQqKq5WqcBtkMkB1ypjFUIPv1qu+bfv1eugHKoUb8s4w+Ss5kahtFIaIh5KdkfJUKOIBjReYdGH6IZf92V1EZQsNQiGUKaBCsgDIhiwYMcPYjErGFnHTVEZlqGUcEzIvSaO/ZbIx3TEFu2SLFTXxniGjgpjtSiI3XqVIi8hRJ+kUxT4mhuT+oWKZkZEN0tmGJdMlnDujVHJj0QzPpAyibX5Fl5MVO5cRlihDZji3iLpDVWYVyBbBRwr1oGFHXwznbFVVDovxlqgGax0iKNZSLow1JjFGgfAGPQy+76C83nv4StlM1COM7tEJ38mNoEQbHhweLRUy5ZFr7JnrmVAoxbHG0XQYcqvBUcQ0IU09aLvQ90PXrdt21jQ7O4vZrLHJoOMkBaIT3WNw/TPOwThIGdyNNfNUNDWi2XpHpSURc5CSggHd2dmt69l6tl6tQW3f9zHFpkSFA+1VBnAYTkiBRojweG/QDaWqcW4wK4lw6BFMAAAQAElEQVSgDVqGnlvCHIIxxEEpZMXmjsxRtO78cOnTH3/sUx8f4aQEqaADzqyy89rtzep5XcHZfSjDglSEjfrSQ5/58C8+MnO4QGZNjQFZMVawdBA6ib4PwzCs2q5u2+NLj9/5rl/9+Dt+KdCU4T3gPS4cb+u6mtWNjrX3fg1Lbt0OZKjjNM3MgH9E2IDOHejc4pXudTxSAa43bxpn3S4CMbOjtju6+1OPfepjPuIKpNwcDhhC4gQ6stPU2CNYxFrDIsVF7SwMNTSb0qU09LF9/MEHHrivhQFUqqJj2cgILn746Y9C3xs4VVORYQmyLLpyaDmjFJwZBnuGTicMnajWW4RdnIXewITBmO/WaHaCTUI0bvooH3OUdI4Z01uPm9NWVHnmwATQfUtkEsy4iSb5xXAuGiIoJoF4/JzHp0uK2fKqGDyNZ35ay14kEolEIpFIJBKJRCKRSCQSiUQikUgkEj2vNH7qXE/MIa7qyIwgxESfpFONn5ZnLABLnFj6JugkXZF+DH4g6EQlLiBiiEkY8CvGlKSiOLdEF0Ri/GE0ERnbvMWhaKYnKPHDRE6n4WIrIxGMm+BBBp0+EFnQgYNDCNnIHSHfDz/pXLa+UGOJNmWSTAc2KlWsWdTEL0DlSm5qpzHZhiTbjwQeUB7DmPwBTjAfmdbhwU9Dy7sbfXI8+ArsS5LMV2jiEjXCNjCZfglKjfNb/oiT2VdT8xU+mMfDTAin3ECT/EIQ1sHgDY6dGWANtO26VQQhIMyAhhuOYAT6GeETpA0qrLbj7DhTubqKjhYKmiiM3gs0Zz7RLjjPkU1YYpzWubM7DufAJFAE8ZIJnoP7OKOt5nkyLpM5RrNZj9Jd13MgEH+fzer5fE4ROSHPvU4kVEqZMrHcKjpNksqeEM8kZiRuwlcG6YlYDE5iDAWq4WQjxC9ms8MjjNvpkR0ZcCY4JyUvKbr10nzzIGCuEq1U55ixcMppZCkQP4gFOtEm3ZBGWafVHPbTptUDjKaPBCDRDQg7cdJSjXyGmzeYYlM7GHD0FOE7w2hNc2Cbys5qO7O4gyNoA75q42ZwBqV97/uuX67b2XrdVKtl27d91yFREpkhs0a56J2KDRxIBERTDY1zsHyGvlcBTVNgSrnzlu55Ha31gx7U0Maji8HPZzUMWTNbOOPsrBtCB5PO3BMtbWyVs7W1czIgmUE7LdzSqvIe+jjzwZMriaU8MFgwna8a19NJmNTBYaMkncR/QLOhhY3VNSJYxhPwAePQIVkSYAu+6yrYv/a+tjB6FbQGxrdB2xjbIBmE019u4Jx9E8v8wjige1C6eUfuZOp3YozZeFApXimBgBZV1jOOH/aUuBOGTgJRZpFBKzwM2k+rI47uUDHqqEQikUgkEolEIpFIJBKJRCKRSCQSiUQi0fNHMV5VDe+s3eIkWmECoOgnPRUDE6mMyNuL5Ql6AWyfnL57RbYhbEDCPhBYqeyHyJYkCukDToJQJfGDCuAjA5GvxoXT6Qfnk0NGqqNjtZ14AUs5LLyrSX4hUSdSI3EpHFnjlZ62mUeDaZXiAeJLZV9nVwm+4sb4Rp3tA2JhRFLlNwMrUP6OIUxHNUEn40jGAp0U6GVizzFxDwjKTA4sXitnTF8BIzinZhq0ZCf7bLQ2qVgkpP3K25tXxB24JQ4rzonjgbK14xCaUgRHigQnv+MompQEgv8oNETB2ntFyESNZihoolHBokDQBEN1Iia+IK+U8pAizaHSPvIcIRugJw4nY6iIymDQlhB7YbeGtGAwLSTgIsnAEU5bjEfet127aOewW1VX5Huhc3gR9phtXwKZicA3ypMiCxUCgJTKC7LMRB5XE1X2nckDnkf2VDQsra3E+aTpx7ybiWkPoyezWcMpUmsScychJV3xTYtAVqTOJm8WOiNSGjDg5OtiyKlGYcqNp/nzaeHi7Wd18E4b2M9aAkf4lqLbGn9maxtraoQndOPQQgXjtTCfJXUH2jBvarjs3FU7NX7ViB/BOrINohiuNohWwBX7rp81NX5V1RJpoGHVtj08SiijydFa1r6HpWWaObIuxIUg3Db0aGA0DGEISDBRNx2SFvh4wKnqQx9bWGWhG9R8cE2zqJv5zHpV9d4xdEJcC5xS19AkGFvoEk8OngLWbOg9rMQqzQgiGrbzvqlsi8lRiQqySjsM5Bm9jyzdIhWNFezEoAmmGsGIG1sT1wJ71gMMgp9VlmxTItwTFaEiVqvifMS3UpxAY1s0Ej8+YGbKE0+X/KcYt3xP6Nlq2KqHH0saHzoGrkbcCdGEdAewfUuikMjfiE1W2PHKCnEiEolEIpFIJBKJRCKRSCQSiUQikUgkEj0P9KSgScxOGPlHdTX7p5r5SU0Yhxg2zDZyYVoXdwuu+VKdMYMaXJXmUB3KrFG5skkACnujhAxzFJTBKnZJ4LOEmC+d24TVe6zts43HpIhPRX8sd6KFhjIJOuDGQ9GVPpGvlGKzBsUFb3bM4CQQNsMgVAJBgViCbui6WH4twzWO3lijZRZlHI10QlXoER6QmFJ0RmMVtXHCmFutSlpO8TxhYEInJEVneIH9WwovkMfp1JlNgS8qV5+jmpgd5F0mLE1MJifq7GgXtRG7NB0FRZObco0wtEYrHsWYx0In6xrLV4BtQz/4Hgr4A0xlu2oROKDwHY5eMhjloqHoD3XswIYbBIigFUoPR3vOZaIaOKEnBIMoDv5RugBDWulp51wagQg18kTcULk9xJxYw5ki2e8EXSPm81nT1HVTbfjkMF2T2KXAlzHZRSLE7CbCK1ipgogE/DOUEY10lLqiaAg9z8rEUadY2aiyAKrKHRzsLRbz9bpdLpctURqDD9rjDWMtIghICWiToqjYG8PHPg6wnzEqedEgEmFgEGAHeCOFZhmy67CU8kIBKwHJhMTa1NYgZFK7uqoqi+42tB8iPh4OzDcYhcU4q81OXe3Nmp2mmlXoVOKQxjDOkAWO1n5gusXCqkASyZmu7+GQ5FXkMUNHwV0O/e6HdVhSpFNdkW+Kwt2QPYGGt6RC52CMDfuQRBiSvsUsnsG1XdXAF0xxM6sbTP+x6M5ikBHBHByLlifwU6Blho8pHzBhh+8xmm4cn8rZHrkTpkIMQ1ZWj7Or+aT0NLV0h1d0tjKnvPIVcXQGTURcgLnLqIcJ6SzZAShyHg4/6Yo1Ezsrldt4yr2Vhqj0UNAli4q+M9OXntQ4q7BQLBMqON64cJwhcMilu1pbRFHoVkq5Tc/E3kckEolEIpFIJBKJRCKRSCQSiUQikUgkEl0jjYyIOtP7YPO1Lh4ViUxQJw69io+gJxYixunn59PBtIE/Zs+f7EdTEE6K8VgGxj+xFkxIChlJUHwHvEMFa6YvIpdc4buhUmmiKDhmRueqfLbZILAkFcZ5iy5kBMEC6HWQ6q8q1eaDZ/wiVXo91cvVhK1Q2QUgjvXZWCAePVZj9WSEdRwHiPmBEVJJ7wSut2bnk1igEpvmCCu42U8jB/nk3pyi1O2E/ujpnty/hNoUPCizB3kxlECcdNm4SaZoM9IYJ/q71ZTSpK0d0s85LEmX1uUzhxT/YnIoSMoJIvIBJxpq2TCpXpvBdIqIE8wQQbcMZA0IOyCXEQ7m0bqGFdabDlNQ0H0B4RGYMSzVGxOzUQy3JxC7E8tgUsvcFKjJFBNWzBMVEUupHvklv1r1flh0i73dHUQBnFXFvUQXVmis+NPCTzX4XNCPm2O3Nd0bY11OFPMa3MR6Tt9562TOuaqqZ7P5bDZbolZt2w4DGoSg98fQI9qDVAnfW5YWB0JAeP/SssDBnzV0g/Ggo99J17a+7xU6Z+DtjmlJGm/ilLOiooux0hEOm9nkd1JZy+SZ8t5Zs3r0oX69Go4vzytXGbNo3G7jEDpxNpus8MXxcWArtAiBpUB5Mt4Zfcy2MrgrGighsoTPGvQy6duOUKROuWCx+5XRFTQoBF8hPqK6rkeWgnxcoKND35NxB1qswOOp7/uua93KwZjt7Ow2i3mNQ1jz8jAUyJRhI3omxYB+MNlIhx53Ft6Aua2c9cnlKc26yUFP6YGQzIfwSVoWJcEwfPJ0x8I9AeOAazDTZ4rupoz70bMVESyvNn5bqJNkGd/42fuksFJlhRZUJW0vvz1M4vLSOqQV4xRxSAEdjPjS9CjHL89GKloJdCISiUQikUgkEolEIpFIJBKJRCKRSCQSPR8Vn9zM5MQ+pcL9pJ8/j9MLMLeSrUrKDlnk2mDIDwKBkuAHejFg0XrwMRMgiIRYBUVuTxVehWCAi2gBwYCDUalGarNXh2G0pbJuNIGg76aUdxV7RnCgC5oZkOtKJKcAsjPxuVyvbEFAsvvFtGsbxf0T43hq6fYqtDnOpQCr09mYldkw3ohq21ZEb146QTBm5BdijMXzZOQQtGafj2ygskk2nOjLmEGz1WD6c5oKtPFOdglRKnmonHbOsf2THUwGfeLG7nnhMbmkBq90m1gHSmFCxMCSAwqZa7gaVFWzKsTQD/2A5MFA9Enw2mvaHaEAGhg4Q7lYWVCuWNLkLVQoTzOnsxNO4EUHbWvblhJ+hnbodmbzZlZjqtPEvyYQ+MRlfTT/CDGBLzwr1L88qSMccNb9eBpQduZuWwuF/yUoAWmH+XxeVVXTzFbL5Wq16rsexKYaNtlX4AoMBJdokxrJJiLISlkGPNB7BF02QkDuxOe0niqimYlBpyEOzEI4IwbjvfI9ckDaKUKBFNqE2EWjDn/in8PoXlDq61/1YpW9WcalnLaU20OTkZGhyB4za9xiXq3Xa5iOMPSVtYudOeyAbR2GroGm4ResB3JAiY6EHZjDbrp1Xdt1+BbRbgQ7DfBYGryuQnAB/XRgCjsYDHiEdb3a3WngEos5nARJOpxf6Lnmp4zVBTdh7ybOuLGnzIia2hidOdFKjaZBig6EKyKSN80wo7HhKxZnFPYRUvw2HZp/1OVBMX0i5Dyz0vKttpXHBzlPBV1+fRiit+DcmLxkTDD4b0RLIDjG45BE4r+CJZrsqT86RSKRSCQSiUQikUgkEolEIpFIJBKJRCLRs6qzqZFp6TB9lH3zwGlh0UyAgLHOm47NP2anDiIPdOIzYuYD2NokpB0QOhkSaxL8SJzwqdD2BPMrItlccGWf4iUiJU/wdbGSqkvBn0ujOn+6n8+G7il0fIjc/kCxJ7mNKpkNMAHAPSbbAcNwgTEJb8il2DKmmyM5QhLxKjCdeOpkTF4We5CNH3WezLJrHPdK4xbV9rvTU6mopjucaMKVmn3quwUW0bkBJblluhO/p1JJuhginHLOjb7HUg3f2jP5IhQbD740+W30fBXOObHW9SkMRlnXInbS1LayTVXXDumTwQ9d3/phQLMFXG0UZ5P8KKipvNZogl0urJdWMEiQGJ7UT2OKvwiMRt8PISy7rls1q53dncViXiEFwyFPiYTSMY9PoIVstodGl5Sjpyg9GfrJqU6BTvhehQHjmwS64Zybz3XtHDR45LzPBwAAEABJREFUuVqppWLuBL0qxumm/tN9QudBpIZCeeBUgbATOE/Flh3IfCBchnc8zY2NVoXkNINxPB4pIPQacc5XFJiE+7Cryil9U5sMEK3tqCd9SYYsVWWGAc1PYPfVao0mJzHW6GiCKT5RVUz9wCMITVm6jvKRPEMzxCk1Vduu1+t+6MPQc4IMPkRwxeACsr2t69iboe/g8AFGiXb0ix3MAmKsKDvjxInzj1YnHsHbc3ei28XGRp3BFU0nNzk9FTzqFFhsSE+/0+4xlX8F6BHAMqO/yeZyGidl87VOUBZTVQTEwDk8r3/4gdkqDc97wzigEehEJBKJRCKRSCQSiUQikUgkEolEIpFIJPpc1VjlzK4Y43sTn4mxpI4ZJ3q6cfo6sK1B4Gwd+vA7YSWYmEN8QESnk+D7IeEIMaMk2SkFWoO+AFSqDVNQoUShJB8IBluUZteIzI/w1cJmkEhUKdVHKbXF26DLhQ/J0SRTBOw9oVLlNqWjnIJKpBOpK4+velKdPHXcupAeOYvTd9l+K05GIIfmqKlpiDrhXHBaeVqdukNu0mT72UhL3j9xL/oMS5i8kROCNP+p4lY9O6byt1ZT5CWGga0coE8eo1x6kzxidN8N/brrGoIa4N+qstZWxplKRxuGAV1PfOChQDRJO6PywuBhcmXo8qpXHOdUzHTSN+RVAhEQaMUDi3zo2nXftvBH185m86ZpHLpwGJ1hgMSrcI0/amM13VzJz0VPbjMeNH01i+mpqESo8PBxMIuzMAiNMaZCufVqvVqtFSbehBSwg689NNjTDco2M4pvcuRLtKsccSO2rmewR9d1IUVa4XWY7XDO4YgH/oLBwo1D5Xia6AyUlkSGKvE0N56JEuFWVnpVIfWC4S4O2uBms9nx0THMwvGyq+Fni1eBC0CT+t63bcdgDbSTrXJwiVQN0inOwcb1etV1q+LlQz4mKqD1C+xvKYHIw3eY6cOj452d+cH+/mJnXkxEEhB3Yuxzy8e5KK+27m6+9cdn8eS2uAKJUu6RwhWBYEb5EJ6PbKeUHoubD3SmTzIVmBASnV2kTj4N9ZQTSlfHWDV0OSlgHAKIwVtj8XeFRQYxDF5R8o5IJBKJRCKRSCQSiUQikUgkEolEIpFIJPpcUfJQKAXGXDc/WdTN7ibj93H/9Ol6DpZBviR/54Il2o2gN4CngrMPBKBQITNg8VnHHCoyvQbKEFlgqXyfruEDV0c5fIQBlSSlUsWyVEhZmsmVZJ2BP4aYi7e5D5lg4aow1lPVKUNFbZp87n9qD6NPFIivMOZbWzbNArbNKU5sTFXcGE9k8uTupBJy8hooRi3TE26dfNqtqbWBOnnMiStelYr5Qowb4UHTd0vL01sZ7yi9mQxUMiCh+c3IBGwJUMOOeQyIPlHMGeGKGCL6UGD2iyOMooJX8Br5D2ecUdZq9vnAoQ2lnk+MQcR4HTUdZG4BrqjpaPUEUkRtaG54pVmNqUMezTKGw3Xb7e7uLOYLp7Wlyn3qmpoY18REdSG+ElU2VEljwYv+1MGfOmGcfOtULiG7oRBCQ8k4SqXsFZot5EuapoHtdVXBDm2LTiaU2uTpcEJnECbAW8577yzHUymmN+DduqnJ8qROjib4LKCBpUcCYisEQ1ikT4zhTcMwOAv/1r5myxNLSTz6jFgpxaxZ2U6+Svwmtb+Gk8JpoA3wfblEfGZAX5MeTt7UsNFUFRrhYM4O8Uchy/vIOUEV7mFXKwsHo18SPdP4kUegDCwiB1uGAXsN1zg6PFweL8+fP7/YmVEXyDrHqIyCpYZOvGdGWCM7lMTte2zs14ie6A3GY4MyywOkdLmpJngKsz86Z+7wc6JYpRT6JO1J+/LZCDexVzAsmj6BdOGkTLK9Ss9jzJOCOyQob3Cph9BjTtpVPUNFIpFIJBKJRCKRSCQSiUQikUgkEolEItGzp7GmfMJ95IwDxsCNXPJEniMbmuTieoEZOOwmMx/lRyyck8FBYMeCkIgTRWRJGKBOO7C7SaJSIsEd2pKLRcY8ciwOpT4k/xI8h8Z6J/qOKM8FUcrI8WpSFeU6uSrV2FSLTZ/GTzSDphwecqCA5qbwiDDFSNKR6SKpuE/RPnqCl0wPGEcvbZqO7tV4UpyGoWxxJ5qdVzYPO5U70GrDqkSpq2kAeYZkYoHLxOFJGzlae4zvxiuttLEWnSrrvGny1kjGlEnJGErUaV6mk4XuNsz95HlSqSOEtsRpAd4gkkL402Awucl3LfYbeRPCERzm3hiYcktn8SNSxSsuupMWFBoDQjYmxuZ4IW2twgWE3ALBAwZBhh5Do9ASow9NU8PXYjHXxgaiMGA/yqlhgx26dvZ9IJsPvqhOGMqIqIw6fbXp5PaSxiEHAG0eknrBuIvOkwTXRSZHqaq2s3lT181yBf+su47RE9gbnU4UgSNkgIHdRCiBiBu2Zlm3rbUGxtjaGkYYdomOw5CQQYGhQO6BMA9VVRp2IAZF4d1MUwtvII8S2fKE07XYZmM6v+XeRaJtwmCkNaSVq9Is13W1aprVarVer6EB63aN2BEsBOPm8xnRJAi94HShWrouWqLMZjPODGJPFFokiiJjrPcRf3Rp+qCPsEPXtcfHRzugXfh3MZ83DhEnoxI1FqI6CZlNV9mZkNAGrhVOv+XGPaM69a5kmAY6y0si5J3Y+kRNvK0CPQ4CcUjlFoWOw2jAjuxwU25OncPJVCFOaPd0U6I3FYJaGidUxwHuFJhmuPHgVnSn4X4ikUgkEolEIpFIJBKJRCKRSCQSiUQikei5UAkx2EZPNurScavkz6+p5K2LrwmZCGjybiAOQycXiFTNTJ+CV1ztzxYmiqCThKHgd/xQOxxr2ZmCUjiIO1FoN0GfgacjsXiLRU+O2vD0KnVERx9TFEQcCk4RJ9wJ0iSs5N4wghncFT2pU9POtNlQ49FYhf0GCkVjuNMJX0lJKNlmpGhq/XHCI+RJfE3O0tY+BauY8i6pvHvF00zTSOJZl4rTt7KBit46QJcUmLSTmh6W0Ixywq0DNzbS+prAOlvfx7aPJycCZtLZPN1k0ZLcU1K7EmZAaJEelwG3zxNMgchRPySXCt3Dlh6Zg6qylcPFiK4VUA+3cbPs7jZtVrbauE0A0XoxkaJqIvJNihqErWi7DhZyu26aWd33w85i4Ry2CS6OjihktaOm1E9iAOIYj1Su9uRE0VNU3PhjS/PFbLGYr3e6w6Oj5fFxBx3JTxm846MOOpqwGZtkNJugEIqBbAIMMO5gFFmDEN+B5iLwrBjQMgQBEBcdHGIZgKFnAU4t7GNpeqyhSyC0ZseBimcOCXslka2IqTBUx9R13TTVclmtluu2a3uYhn5wFLYD3+FdaBZMed/Z42NGT9ATBb1Q6mpvDxq4Jk8Uj3E6fU95Q8ZjOtcQbaTHhoE2c8+Wy9Xx8fFiMdvb39/b24VZr2Cd4VQibBTR3QUHEIeAZPIsZxOl8WkQy+v8iNLxyZ84agP+GLfAKjP0GwGf6iqZXhEJk4Aen/LGYrm9y/dskWLYKCVBJ0hNUaCVMhPIiU8x3jRpD2g+LAmbMrRgSrV14SqejSKRSCQSiUQikUgkEolEIpFIJBKJRCKR6Hmi02r8evvdTCQkw4mABUrGDYL3ycgklX0pZyS7m2iOYhgQMTDIkWCROZuGYGmSsnViNoOgc1LchmesJKjeY8wF7kP2JJzMUFpJh+aKd/pXnWQwGGU5mVGh1ViETZ+uT5SOTh4pxXolkS1ksEDQScw+C1tXouqwV9dCE7qgtNmoDcxDqTOsTrb3SJ3aBlbyaVWqAOOroLJTykZH4iRxqbAlp6EzxaAlESET7Gm62DxRTRvLb0RWmG6JOX9nuktigyZeKducwcQvQoWQ3yHnHoKITDK+oMilqNm+Ab/5LvTDoFtEGqqqcvDlKj4TbDIaGRQ3GZB8TR3VBtbEzjwx9QOmMVApX9NCp5VD2JQfOt9Xvm271WrdtT0G7uzM4QCPWExE7wdlrE7pUbzsVJrwcguc5HRO1/bkq8lAT3UWtLFxBbxgVbtzBwfz2ezo+Oj4eNV1HXTKVUgRYCqOthsGJDjYnNdDzkLWKuIVDPXPWuvJPCTH7iSuLAQyD6k4gQsRFIRQLJprIPtDAT6GEbO43fhTUCxaBWilQsNlcJbVfD6v63o2my+Xy3bdLlfQkRaEgTuzWV3VlanI/sQsl2vYDt2E3mk9J78Tt1hE+HHFfimrVpHzB/rhIFWRQA0eg2GAt45hv9W6PT5a7e7t7u3tML9ibEX2THgqaBR2Px2oM2i0xQxuvObFZzYndAv+4oddjqAa55YjdWBqYIlqq8szkTyu0IuEBkrH0+/zsZFkApVRPjw/r/PItjfpZt6YiATPlTuF8Rm6W6zE64hEIpFIJBKJRCKRSCQSiUQikUgkEolEn1saC5Tpn5zawZ9sz/Vt+vQ7egpgAZiLilQMVpTtwCfRXHbktIcQGSqAsr7lKqayKpmHoNWFCuyKgrVKJE3oJdWcg6fCq0I0wdNn/7mBhlui+EP77G+iRjxBZ2+W1GS92cE4bsw2HhOFyQfzKXGF8yIS26AzfKNGS5DT3AQKw7K59elVUU+NSTlJDlyFz8Wms83JQ2NxS9DbR+lSxdZpPaQq9jT7ptioxGxWE09khYxbYrpcyLtt7ZAK2YgUxFO7ENUUGIqlAVx/37y4KlkgMXXP8KV0WuiYuMPcCOIhGALVa432Fa4fjO0UJ5DYunIV5sOo04Z36898NZXxHU2ADbvk0PUInKHrqT76fhj6buj7AZZ+0zTWov+HYfeJFFMSS5hOZIsYFYvXTlBPLnuy0aeaYagzpct3Q9E/KlbsCUNhMau1Xa/X3TAoGi8OYZkiDtEToKD4DkLkhPJcAt9llqAT9DVC55AuFHkNY2JtP1QD2o8MFQJBdUVPCkyEcXEr2ugKSqxJXi7sKoPIC/mXuNWqhXe7voeOrNtV17cwFzOYDufm80VdN227XiGV0sMXnKGq6mY2m2uDU3Z4CLOLhie9J8sWT6e1fPuwtw68hX4oPrRrvMTyeDXfnS8W89mscTCS2kR2f7HJB4gesD6hdCc7swmCxFNu3U1CpXimTE2Z0NgJZhMHgXf2hKFk5xXMNEuRSVrF04J+CpZYbFQyi6IT7Rb4ioGJF8pL2iSg6NTpuaqLk5RIJBKJRCKRSCQSiUTPmY6OV48+9gT+34FVC/+Rr0QikUgkEolEItE1krN2Pm/ms+bChfO7O3Ml+hzX5IPw/DnzkSco5fwRLIiZA4iGPQg4N4e8TMjaJDCSggV1/ly8Zg+SSOEJ/JF23D2XklOEQ0xJOfiRe7RAwCwdj/wJ2xHky+uU+pDFFePy6Xi1Ve1P9ISeWG74fKBm3ETnc4w1cXqfzEuMHl00ygf1oUPkvwA12bNMI6402ttV46dXV82tUk9DI9Ix9RaZvDupHmezk4RwhLIPOyOoE4YLZJGQMjjK1o1LF9hnvDafnIAAABAASURBVHLmMQpSZEw5c6ZYOJBjI8ko8yUxpOXKWUiR7U+iOmm/oqd2D6XfmX9gFoL5qFCGBDqNYS9+4B8H6wfXI0egrkZxo3CeZ43CRyLTTbksTzcCqfeXL3ddu5jPFzuL2Wyma00JMoWoGAmhOA6cptSra1ak31yp4dSuBU98DjnhwHdkJpxb9N3yeHnx8qXVesXDSHdO3OBO8sk5lsUaE41hw5OEnsC3qoLjyN0oPQd8HPyghyE453vn4Vp4G/oIv5Msm2LEaCyH9iQcR12xi2rq0kHLyeKvt3mFiTp127ZsXLIk9X0/I8sT3Gcxr+uqRyqlJRaug5NUdVPXzf6+rqpqTbgKTOJAiTswPuSnYuHxYw0Bd4SeeN/2/XB0dFxdrmC6d3YWC/wXTt7kuU0OSxRbc4pH08lenVwBJ4f9xDgkVmt644VkzYIAEAwvPrx9niHPNi4xsF3N6EyEWWu+zDPDVcQUIUhk8DcEXYL3T7d3TtrBuChiU5K7kr7y7IlEIpFIJBKJRCKRSPQs677PPPTAQ48qkUgkEolEIpFI9Cxo8P7waAlfDz/6xC03X3/7rTcp0fNZm+kKJ97cBAIIClA6Tq0j8E8yH+HycWTzkgyacM1fk0OEjqmAySElWF1kkoQyc6imTidl4wIScwBFdEpsgye3EzoGDyGMQKWIlhLFojlqZ+ymPqOjXH4uhW6VDE6M4iwdLJynUAqoV2NpFyvXltkFlYMyMpWD1W/NMT3qOfsk/ikmAPGsmvLmXiGOS+KUt3PtOM9H4nxS76/kpBHHlTZ1lCHzgjHuRE+NP8q2LVhCswnF+LPKk396BxkhOmlaczKWaCN9RXMYCa24MiQpXsiUxqKVxjAQJ0JGN2hegWkv7tSGbLSZ/kws1xSuybuyvQdnNDHFw1X/YQirdRt8KN0zdZ2P1mO1fgOhutoSfVTXaNEiLWDgRsaHAv2MdiNOWbeom5mr3cWLlzp0C+mJWgBNp1wzuMQTxjcY+dkg6gUv2V1I64pcTwyhJwygRXxyEFPCZxiGAeOPKke2KbGqHWMO6hQLkO1HoSH+I5D5CsbzjE8B6IhtmmqxWLRte0xq2w6Td2xb1/V8Pp/BP4intKvVEprRtmto3Xy+mM3mzlUNCt1Q2g6Na+AklJiD3El0zuBY0GIi05e+75fr1eXLh7NZs5gvDg4ocWd3gUOmeb0wfcJ01UhLPfkUnQohxa138wqdOAuRwYmh7wnNge/WGo47w0eg54e4CgkZDJnnCgQVplMiYaOVj8wharIlIreUBErpbKKk+DcPk478YDWbgKFIJBKJRCKRSCQSiUSfTX3ko58+Xq7gxYXrDs6f29/dXVRX+QEkkUgkEolEIpFIdBXqh+HoaPnExcuPPX7pgQcfvXz5+NWvfIkSPb8VY1QbCSrjG2VbiULZrkRySZ4/ZR/y9xg0USGaPyZP+5rIFfHAjhKYGALvkm8JfMfjqFSJvhED+ZgUkkOlai+ZmxDdQF4TUJ2MyYYklFI71CLDxGmjyCQ4YrqNskdyD4mFOQmkQIVac3YORZ4gJMHVYbx6VKUynigMlFfsgjIZX5X2SeOrE+iis5UGW1yUZItJ7fhJCIBQBmfSp/Jqui0+qc9F5MJ83OYOJssheZHki+h0TBg7Xq7CL7Y5j60fMRfnipiDTo4OU3BiaoqRGpaooTzB2EozaQAnKwW92QyGXjZPFbNFTSKYYqp4Z2MV2snTch2ZFY6UMoyhRHJ/8C7Q641L5nQfnUEd8m9QuR5PoBZHi0SuvVsaXNwcU4kddocFp4YBMQu4H9br9WJngcL0lZriaNKQEDBFtjNxyAZEdjNOJaoTU8I2LkpPCYx4YuVos7HszOZkTN4wBc/Ji4Q6ttjZwaid5frILtu2Zz8kaplP/kK6oER4kEk3NnQFWxfIrQQTdLRx1gY9cmrojKKsIiyN7E+8CkPwNgxusM77BgkUZ+GwNNSlp/wki+PyCmniU9CST1AVNtRY1diq8rGuXdNUTVMfHcL/a1r2/ZDsaHpfOXREgSfFarXCRinVdS0HPtV146pqPp93XXe8PLLO9F2HEx0iHGg8OrLgk8fq3veJmfIRhgsje/ru+Ph4b293DvPe1BU6vhCwASOUuCpdbsWY7YCK9VEJooojZRfTSs3ZV0qNi4ToLh3Sc0FlOyDNdBodadLjK9Mi2FyDF7KhJgBlSHNPeAk9v8t6Msk3BZ/XZJICtxZ1mc4VdAZP6BrREMioMATqarxqRCKRSCQSiUQikUgkelb0mfsfhv8LAP9/4SUvvn1/b0eJRCKRSCQSiUSiay34+/b5c/vwdf2Fc5+68z74G/j9Dzx86y03KtHzUiEZglDgSEi2IWMpD+t+IY4eITF7lahJYZ4qyZSeY7CEq/GkwadabsgeGyESsoEABwEnaAfCdWLESwK7pUSP3gS4Davq7IiiJv4XBLSEZFuhqO5vaJvRiZlQqUJtLWfuUMstNSKQSYtK4IRhnIEtJQJTAFTpZBOEYPAcFJNCBINSKZTDWfrcQiQnhUSZkOcKfYZf4X42syy53Tr5ZWRoIXm+aPqc/4bSO9NvKhthFAQlqELK4GY/ddAoaRZTloC3bfIGGwE3RYUYSYFF5XhFJd/UB79xCpjw4FM/kcOJUyQknsi7GTkPBm7SDlNuQRfXj9yl4j1zuog6otK0PREyQ/40dCWrps49mQraIFrIBiOfk1YQTa2m7zEHmBjDqzty7IrK8Tea1xOGiihXhm7q4BFpHakN1CNudLy0KU6YGCYHUthIwVZ813XDMPR9367bcLAPezjnTJ7sWFKCIocJ4XplniNujMBpYv+ZjaHcWBDxKdb7Y3muJJsjM18sZrPFfLF7fAS/Jo5XqzU3WzPnRWKkK+oSb0SnQm8ZT9ujRXokyVUVvpssT/CGo2gbHXz0iAFFY303+IqcT6oa/oBDORMrU1+KvW2KV9JICKVOjN1R9JSBjuD14XxNM1usFtCXtmtBXds3TT2f78Bbi8Wi63v0w2GrD3z24HMEv6ANTtcYuIO2L33X+xwapk2AZWeSpwvHdyGXdwyjtVodL5e7uzt7xBvNZjOYd4vdsTRQgRiXuNFgnNBQepn6Vd6beuHobbOTeLajiN7GkSKfFe8QwouC4dfkdxJNit0hHoieiQXZy1lqCRoLmnptGS0krCYDTPrsq4tEIpFIJBKJRCKRSPSs63i5vv/BR+DFy176gt2dhRKJRCKRSCQSiUTPpvb3dl/64hd87BN3feaBR86d21/MZ0r0PFT+OLtKwTRjnZkr7koxqZEtOZjs4F10YkoMfccKKb1Gw47sM8IQBcEMVEWnun0g0CSgAQFUYgd2NyHXEArNSdE5qoAI7A0SsiELX3ZqFVLak006ctF40sVCGGQnD8OVdQYFuLwcguE8E9iLq702ZYOY4tzBNAY1NhEsMX/ivzQktTobnGzKjKN3+nzosbX4LUxQiVJHLkzKBjqycRq1/dNW7Th7bWzsUyI1sotNtn5QqfCvRhZhAyfJPS8V66suB+tN7IL8YybvpXNfub5srN0+63R/rmuHEDcK1uOeY23daJ0mCPdNpXIonIeCGHEEVBovul9GPkFNCveO/0h7q1Mupk+k3sTpko0q242wIweRT7FsgcMdOUSEddt2fU/3UNjd3anrmk0yItp+ZHcaOuoK9MCVdWIlx6cwwSfEM+5Q1Ww2RwSkwtSb5XLVta1JDEm5NCW5KCJIiERgrIwcWaLyIVE4ZD+Eth9a82NlQHqt58gdWrqD8Ua7yG/2fV+R6Qk5hRBtpreX9WlY0CmCtlLgDsIle3t7x8fLw8uXj6Ez6zWcq5nN6qquqypYSzRJ0InDwwVgjZ3PFs662WxYrzvM20Erkx4ej35AwM7ScHDbiLrAJ48P6vj4GLqwXi7ns/nO7g6omc8qMlaBttDSDYTsFIeSSGO32ZkMgRUkbdrbp4104D2EoIlBzDAyosUYkAncrECmVmr7AeT590ACAweDzApyhcT6WcLZzCmZWCKRSCQSiUQikUgkEn0W9fAjj8H3G64/L8SJSCQSiUQikUj02dH+3s71F849+tjFRx55/EUvvFWJnoeaVJMj+3ckP4JEJSgGRdIesZAHqQ6OCAn5KHhliTgxzGSQ4wnuRmckMxGPdVCqNXoyM4FrUF04UKkRz+qZK9HkijJVcQwxGWfRIxSxmQSiNj0YprAFVfk3CQCVir+MnmDkhjOOoi2S54Km3Ao2LglpAAKn6vBwqSsaAXBTy9WusuY/YWUiQSflHDFdMcSNfp5gSjjOQm3iJlPbgknAy9nF5WxRk6M39MbVMBmmGJaMDcnOHHFqqaCu1M8tZuUMK4MrlsChu+akDcpWlI/Ndjhb58scCBFIORaJKBtlaSQJ+9FsxsA/K4x6YmuYcYJ0Wg18VhczeZVAnWwAg+Yb5AmU7Cf0BC9JN12xxSF3iqhtNqUgasZCdZ5NV4iVYJeIcLxawr21Wq13dnZms3o+n2nyfwl4XwV2y1B8UNSmkDy6IEQlc2hqeTFSXeyb8rQL/ptzjTkpCgcTMZCmqa09qOv6eHZ8dHwEXWD4IEZLrdZ0x3H3EaPgAC3254AfYSJsjxNnrIXjqgoRkKqqpg42TJBhM8hjoxu63vYg51w9qxB+gcNcMtIwaRxSqznzitZ6sp9hIQqTDDo8MxvW6tlsBqeazZrZ4dHx8fF6ve6POvJVqZCjwQeYShYfKnBEERwJ71MTmrqedV23XC67vuvajh6O6P0EDyXvdeHgmMPo1/3Q9svj9uh4uZgf7e7u7uyi8wlm+jirEg9low5p2U8Sx6LauD0ZTspvxeJsxe+rTagubvxRfohbW2m9BR5NitxBtxnmURJ5p0NZbTHN8SSHKT9/okkviafB3B64H54J8yQSiUQikUgkEolEItEz0Xrdwvfz5/aVSCQSiUQikUgk+mwJ/gb+6GMXV/S3cdHzUSnDhvmRkdsg2oGK4RSlwjXv9Dl5BhW4cMgBI1Dyh5IoFH/J70QpLoorcpcwlEoSoRzs6d/kQZBMTcjypCAmkYu8VElPlEb2LtE5DkKHOCmMB2VUmMAXVOif8gSqJGNMXCeo8XDGQLYWycwDKrnOWaxpYriH5eMMe3wYKp9i6AO0eZK2EbeLn9nJIpYf1HhZomamO5u4VbvVJrEgyUeD8BaVivXJYyMzQHFSJk5YjBqhCp2NLRJOkQwvJg3SOXdGjaeLIZMSxAmlcVdb0lyET3AGUxcq2W+U06Ut05E57Tzb47e5wegRVhiL5KOXSn5xlvtBuejYtk3oZLrDpFF81tI8R4QEWkVg7BKTOIQicYJTviFopvId5DYMM3R6FdWWs0vSiYVUGpRGJMflwJIh7kJx+A9fmtETdbxcrtv1crmaz2e7e7uLxYwMQxhhiWU16tEeqJAvKhEpGywTN1WrEhZ10rnlKao4atC3EAbO41KUdQMNnu/t7T6RNyfMAAAQAElEQVT22KPHx8u+7z2Fr5DNSeCQmTJWPJR0KuRABkQ4kAMijsQ655q6VjoFsiha6NP1x2APPIvgj8H3VeWGuuYD2bYkDRMb9xSrn7JoyMxpg9jSBe/CpqLvSNNAXw4Pjw4PL69W6/V6VeVQnzRf+WYzObiLfE9sXVfQhK7rVnbVdYYfl6HH0+LzlbCzSE8pvjoMYt8P7aqDyZ8fHu7t7+/u7C525nAepQwPIT0WC0p0pUmM2SyqPFzCiJ5sH5KZnnhii9q8Fl+OHGuoy/8ne+cBKEtR5f2q7p54wwtkAQFBUcyigpkVVFBX3VVZUVQQZVdFXTHhmjEgLqgfmBATuqLiroEFw7oqKCIiYkAwIIhKTi/cMKG7q74TqqqrZ+bedx9Z9/y5zJvp6a6u1HXn9vnN/6QpWdaYJPiaRL5RAY5zR8IvCDh3bvASTMj6JDUpj06SLJlwSyQSiUQikUgkEolEottJiz28zS02JyKRSCQSiUQi0R2pqW4HHgU6ucuqChAGTwzOmEN5ZDA3AiXZ0T4QqdmyAQ/AoDtmnYGgcWlhtwSNIciZARNiUK4cJEpKti0gTxN6QdYm8CpK2OKNN8a4BP8V++CooW3YrDimaX0r7DJGIs5tRVVhYvrKPVoG8Dfy8Sv0mJJEu2CzdbWDanK5zvIDC0ljKwg2u6hYglAxPYo10J7BWCZCDyLnABu8ZIxDTzwgUFkNBIeS6hCVaq2WkWVIRI8aBISMIvSAr5Ikq1rhaZ+RjCMQHI8OD6ySGwh3EltRIoF7Ga/YCFkRv1MRM3qTkWW7TPPrnEPtvMuapzCAYcgBJ6F20eRJuEgErLSLlPNQ+VniVYdOlC8AAQ7uHm2dXYfbyfdfVVXNzhp6Qnu5d2jqWj+tGUGwvX5/MBwitGFmW60menjwyGrHf1lPBmhKVxJOpKPTKt+W6PwxdLLsdFtWntXgPjDOfIXeaWRp0mmnW221Lls3NzdX5C4TS2EMmZFk3NHe6iNxV3Vl5oOXcT40eY5YGwIkVC6hCX5WhokIY4vkm0H0ixK7pJSdh+XOEJpqayySH9Bq8VKJNQXum6acHUpDhZEiSdNOp93r9RYWFuCxLPtlo2xy+XShWIQqShwanBgpnjXTcAjl/ckGgyYMZp4PC+qLMi8wX05qMJMQla85wRIvqKUZDIb9/nChu9DtTs3OzrQ7LUJokjo0YyZejG4JVuzsUvE9Nswwv1voiJEClKq5LUUDbsddldhEikETGIZUJ2Rw4kxjNPFc2qFzhlNbQQuTpNTEEsFDSpCQEolEIpFIJBKJRCKR6I6VMfyFCvkihEgkEolEIpFIdMcJAmfwCBFAJbpLCqPWxplquAh2SeYlhJvwEwgEarYGUZxPR3kKxLo4NPqN8FEYsURMJS9LC9FijJXC6GPEEAkUW+Bmg4/oHBJiwe48PrjprAzIyKFKCcHv2tG4ZoVHLAE2LNlwil6mbAYBfyqmiQ6JhChGWlLqDO2xAu8SMSLrTVnqYVgdkrboKoAb/g2ZTFSFqmBL8e9WG8dprfdNqeK+lcHJeKaYuteArkXK9fie4z4f6BlS70M98lI7VxXtXQYijxUTTqfGjxpTVKXxd7W1oW7pMu31b5UTz2Vtlb8jzJGwU9hxdEoxEuLHgZvs5plWPh+JcqY0puQEN0hkIWnlyspCdUvXa3QVeccViqmTRww9cZVOCAnQFdjgTH9s8M9BNAENLNgUCJrt2AVD2W8YZUBziI3zC4O8mOp2yHWjmTUsMhiYqgabxw4ysHuBNhKK07XQTROecDy03jXI+BGJWaTNxk4sN8fWOpqZm2qiw3XYbre32GILeFwgDQaDArkK/F3CBkTWQyCuNuifwU42likVZNzyPE2zVgNT51DxDCuMXJPYtziNDZmOGHRoKgZF2cx1llLCnYzWiMRXP5qsUb4jGlvOv6P8NYD1gf7Osman05ya6nS77bm5+V6vl+dFr180my30VEkJrSDihI5xvYGGS2nCSX+azSb2ALqZ5PhQcPtKWJ0SJEpSmuIat9uhyhXs0u8Pbr55HZS+Zs3qNWvXwOhDw1utFmzBfEYJpXZCBxQdACPDC4xm9yrkcaDdjFQxl1SWBpEYd104ksuPWqqilbkO2bllxo0xpVfjEYhYMHTTgt8a1M2pTw1mw1HKAyvwAK0Lk6fRbPBtPpFIJBKJRCKRSCQSiUQikUgkEolEIpFIdGcKwtYU5MMQX4nOA/hNfXg0GP/T9IRjoQlHy+F5aZynA39vno41BdqZmIJsCcoSSinct+9xS0lfYjcUkYUNloAPipJ79oLC6cbW/Tzo3yjXQxXurL6J7wCVQFdUT3Q4HL9+kLoyaFeM6KYZ7NOgr8u7zDWgpLSONymd04YPsGsfEub4sDu5BxpCNJ6BAe3+sXEENolYAk8zEEmDkVPDEAI+r4ATTCtB46DCUUgN1COtPutIyql5lPe88P1QwSXjQM4E6IRQBB2nq/HWLTZkKHJZkLz5RxWQj77jMYlJ0CMpOvQoPmKtqhlruPPbJbdUxhlJvb5RC8NUQReFakvlsqMmyLrBdUSUwph4PHYmqn9KT0s6AHrOjU5WqwfTRd7OJMJnanuwxcP4QNnokZ650D/mT3GbE+fK4XZCRKw/GPT7/bm5+VWrZmdmZ1UL05skxArQRavR5kNz32lvTVMDpwL/ZW3wGHJv3HYaaS26gzAh0ekgMQNtmFtE95ZBnjdSS5xYpt38U4QvRAcTJML0DKw/fWOyokC6I8Mr3mXL0t6ix3cme5Ug/4OpvmyvX8BJhllO2EczQ9iFeBVHyXE3JREGRnY42qMYoS48J62Fs3e67SRNoF0L8wuDITRlMBwqKDyl5nBLjCnoUkUsBOZBohk9gd5oInSS5+Rfg88MUnvsceJRDyJv4FxD2gkqRIjJzb1eD7qx0WxMTXWnp2cajcytTB4IcRCPdgRUWMdsNDCWETPr6KiQAYzglTAjmM/jxdzEU7ti6wKho2qLAXWaG4WEeCID15tyyXdKQqEozZj7BcCPg/4gH+ZKJBKJRCKRSCQSiUQikUgkEolEIpFIJBLdqTID/uo4YSUQgy5dmB2hE4NfwYcIYxL8LSjS6QLeZN1AwV1DVIkpCDfBHzQIQW4DvU0waMjuCt4SA8Ojzg7AVcKZF7j8NbzJ2Zrwe4mOuZNwlPLBzvF2aa2i6C+lykhcQBeeUc6JVHNeDB9BdeYWiH/Y6kz0BmZVoTJcGpmIlQiAhnV4h6oiqZWrgx213+DALudX8TYcBDMYVwkVgrXWxdZdJ2mMuQcXABexTbiJ1rsPuNNp3xcxfTGhr0bRh9B05aPsVkVEwwQsYkWymzxMq80tWm+G5Ubi6CJmDoJhjD9zLGvtiLFKvfJJSEHDtAHyHIwcGFdSFpfJ+ApnD0liiMa6PCMqkFNEVOnaPK8bAAUKqNrCjTFhu6tciZllhkV+083r+oPhzMz09PRUo5EmjkPiaeUOZ0SCpm84NzMoxs/W6lrja0JtWuODafUm9tFMUrDPR6vVyvO81endvG7dwgKyJ9DxrVabMuCwOZJjRtxUx63uqiG2xgxzk5RFVmawKhGwkvjUNsY7bUCHJAyvMBUHO2C+mqLMk6JolFiTVpOMSXzHERWiarCL4jQ9StVSzHAepFQnWQZNaXU77U6n3e8Peqh+UeRDrBWmicmoZoFEozI1LFFps6FUozRNg1Uqhv28T+mTQqIyaJcDQTC7UKLdMqYKky8URa8/aDYWmvB/t9NbHE5Nd7vdNjE9mfO28VSdtRW+Q+YrimaUjsgaHTeL7alsBadUfibKJ49SdmR8NcExPKGoozhzG04+Jp80d0KSZOwYBPVISuJ7LKORhjMN8SpsSnE6EYlEIpFIJBKJRCKRSCQSiUQikUgkEonuZNlhmVJuDQjspcYmhr6MbtGnITGEm1gVskvYKL2GMfzNeKJNCoiHGvoGPpmaIHRirMuMkFiXPCbE8CucgmOaxiEWynjqxFuP2DjcrkaqQeFmDs9aRkJc+c6MgF9AfBiJDIzophxyTinNBkeWKeODqQgDj6BUtiY+/qsoDktfwq+8V5wtAe+Q+NivrnUUbbHBHyDqRqtDVNb4p560qRtOBGeRhGiZVEc5K8KJ4n5y70alUKx8DJ6wFcAQhkbpKNCs1Dhc4BMNRb4Y3vkj2kltUt53RNc26bF9VqBNAhCepqgmSZSGaJkauvi4TzjjNtP89NF6ns7samOM9p46WTgm9CddGJYC5pjRJvHESYSAeCOHmJlSukplZB2D5DmWADwp5SxxPImBW5OCwvOltguLvXyYE7HRQsIhUZhtB3muhOcX5TdxV7r1s59ZNL4abXVZ2WRlo7ISeZIpzAKT6DRc9nCtqqwxPQMzXrWarcWFhX6vPxwOFOagaSRsPRKNKf+TpCl3FmXyKsmZKTe2rEMnbv8McRSTZUxy4VUCC5rnbMzQ4LoGK1yDROhJ6jA2P4P4kQ2IasRJaKO3V2k0Gwk5uExPTy0u9ubnF+bn58nCZMCQTSPLqoYQRMJVgqXLcradBgI3LThgMIBVF6s2LCk7EC7DiRefFnPZYJYzM8yLwWDY7xdwum63Mzs72+m0m80mpRbDZEwOVSGRFw47nSTWJw9TtcvHXwCOK6nYOuVtVDxyYuiKxvRP3Kgk8csWdTHPpEQ5VMUqz8ehbZMh2I8pFCqxNAX9XlEKMUfHA4pEIpFIJBKJRCKRSCQSiUQikUgkEolEojtVWa4yCP0lNoUQNfyUitw/0OkEQoHIoFBkj4OQZYWJmMKiIUFONicQ9cToJ33x3vqAIhxnfCIS+kq7sxMhsgPjlZiFh+K8cBDZBDhjE83QhnYoA57ajAa5KSJvrAs5p8oZjeDrxEEnVntrE0xhgbk1UlZSNx2hKobMMT5vCfI2MTiR8i62npkjDl5rx4+oOBId+Jgx4oSrTjkrsItLCr2qVFs1Ur6vbeq3JNywNAlRb+zAgBooFxoOoIKKrT08pxCScqiRjq3RLtofw7BD1Vjuowp8qaMjjiuqOUEsGR0O+I6qPEVs2OgYqE1pRQiJx50CnKDraEy96dHIqpEKj5cL/yFrQklISgczxIlH+EDfWp4pxvJUsrXOm9QSbQPeslQbQwnRHg4LchyAyovyphtvbreaLbS6aLaazVajqT3nQtYtZBRSWW2opWTVinxObpnYuiO8hCo1dZbMzk5Nz/R7/fm5ud7i4nCYD4dDvArIJUSxTUtEITBAkniKTFHPE4BSEHSScAM1rj64RmRZiShOkjKV4g1dMO0VQhno4YROIxkpLbNGM0VuyLubKD9w9eFzl42j6pyTCq5DUEiz2ZyampqenpqfW1hYXCD0ZFgWeZY1UsTKkmCew02Cc2EusFTD+Zs5jF4TDkH0pFEUOfxXJEhlVN4ngT4hCrAoi3I4LBYWMFnPwsJ8u9Pp4n9dmAeOyPMeMWYEeavwI7eAa84pZYPLAOUD7AAAEABJREFUSDTliJuqLh6jXdI0l/4p9BI1zcMuOvH5xmzoPVrmOE2UYsrFmkRlxBDmuc5tbo3YnIhEIpFIJBKJRCKRSCQSiUQikUgkEolEd766NkMGxGAmB/Y3wGAqvuOJE3JOgOAhGzRQ8hlblOWQopuFsUibWDQHMJwbhtiHYIvAHIl1MV+OEmIJ5Pngvj3v3tYugwyTLdrRGpRUYQyNUFFOB4rkchBZU8Q44UBtQlhG6mxNUoqos0eL8d4ElvPYVPCEsyCpTsPEjQoR02DwEcKjVZoNq9SoJ0uwcdDxjv4L/+xyoSgBB6MvSjdCwFd71wA/IFFsF8PiIbyu06yyUfH1DqeNqqNGgIRNy/cMnz+E1PUIgFI7yaQzjJ8uDtYvtY87yxgZE5cyadtoyaM7LI1MhPJqjhXjZ4lSzcS1tRxBp2Oyalos4chQQSk+JZL2BE9VpqrmJNtvRIdWp/bjG2FF+KrQ/tIxRDzML/b6g7TZb7YwcU2z2+msWb3K0zAjPaOVY7r0WP4qHc403px4p81RVV5EHuF6klA6ILqsbafbaTSbnXZn/fr1i4u9wWCYJMN2u91otAhR0Ek1V2itweveFxWdqXpAcxqyRDE5LE9pCj9JhnyHTrwHDHdOURSKijGlSRDh0LAfu60kOomrXQ2fb5NfNnixc7YocFynAzXPOp3OTH+q3x/2e4v9fi/PB3mukEtJG1CJLM1UaukUib/wcZVrNBp5nsMjuZ0Uw3xYlGYwzEuyaWHblcq6hvI/lQYT9KA3yjBP0zmYAZ2pKTh7G5P+dKAbGXbBFFGUdsexTjShaB12FkduHjoexkYjT0BJWDZx4Ybj4GXp5q52awesdeQNhZ3PqdNoaXVcov+VYPzaYwlkodU8hQHNoC38O8QIdyISiUQikUgkEolEIpFIJBKJRCKRSCQS3dlqQVwSoqiUPCahsKbGUCGHDj03gTFAjDoWFOaDx7woIbqJ3/03CKCUGP/TxrlTOD5DeacK48OsSHtgVgbN2IfHN5TyqUR87hDCM1zs3o5DAt6FgE+T8BkT7ZLdUORUJe6r/tqLjoNTlyXn01H+jC7FiWXrCa594mLWyoVWaa+ETSMCAuI4jygk700CQsYP7UmBJMov4ZJ7hNw11qVbiexStOIwtjNvUa4bI/oBNxrPGECNjKp5kHDnx44LrrsiHqXGqbjdVPCLqHLCOJ8I5ftBVX3q6hxoHV139ajO5XYe8XoJb/kXrorW6k3altTtZKq2LwOLVJYNcRlRkWEXl3Em2jB+alUF3Ou8AUfmVaYqq5PY94Z7jWwijM3wcqNLAi4/dBpKyQOC6AQufTLH41gGxin8Jj/5fH2TJKNzGrcjTuqkKG3ZHwyGZdbvbZybSxtZs9Fs4DWDXApZtViPWyV8ZTFwMFIFPTZEJmAFrpeMWnYUeewnpaMpQytdV/lloZGkWSPNpqGXMqvX9YfrTWkX+8OmUS1oRsb4h/dmItLCJrjcaOJREHwrclivaI0gjk5TkjA6QQ7roC7gymumCSW6yXx2G1RC5km01BUJJrTRZghHD9K00WxiJyY1NsqRdjQmmrEPMjVCuM+vGbZUZZol3bTVaTeLouj12hs3zi0uLvZ7w8Ggn6TDVqttEF9KibdA4oIHJU10lqLrSSNLyrLJ9MWwP0RopdcrC0RikI8pOOsVLoaMZ8CpkU/JC1iFev3hQm8Ate92OzMzU91ut9VGQZlQ5yxJcZnGllMHaqPSNFq4MfeaY1OSzMMf1eA7hx3seRNTcNa942YUjAN5/lRwXmV8ZBLHLAZgJ8UrBF2o0hTqiVndykKJRCKRSCQSiUQikUgkEolEIpFIJBKJRKI7VS0M8Lo0DqlyyW8URScNGTpg6hercmvyIh8WeUGACX21vigwKElxW8ucAIULE5f6xrrML85XBEK9zFSYMnw7nXNTcJaR0gXP/ZfnORjN+SvI98TZRTDYoVXK7gGJTi0FmAkxodwYWlGOjJhnoMg7nJ0xDTZvCciFZ2R0EkfAa+4aDIk42MToYFjgfSoqukCrGKGIXA8wCsy+AVrFvI2rgXWcSeLC+pTtxLILinWhfOuQGMcksLcDl2C0quWp8VXQlu1nfIUqVxYXA6/ncuESfJ8o52hiVAVscD8lbEygAoAR95VmBCgCZHhPE2ExZE7j0Ja600kNQ+GdTcA2agQGeR3Q2S1RPZuSM7vgB22rVEohUB5AKxcE19rjUDq2c/DMQOgQFXiSSJnPUeOsYcJO2gFB1pXks67AHA4ECTvhkMODOz132yTLFGcsUeNRwv6q1ulZljlSytqisKUur7nm2umpqVWzs51OC/aGi9wTQlCDEpkBh4DoYHpTsU1x54490oQu1cqkx9tVtQh7ha4HZTClF+Ijs7OzrXZ7Znp6w0bQ3MLC/HCYdtvtVquJbfT5ZULhYVYlCfRA6bksTzm4SxgzI8FsH8JpjEmLgnyTMBUOLCie/6KkPWh8QvsizEEUS1EQp5J6psz1cjUEVG828uDLV2k/FSkTWBPJn7TVag2H+fr1c71+r0+CYzEXDxRNmX0S5cA6XrI53Q/XHoGRYae/2IYjB4MBVosJO488ETujU51w9YqysAOb58NBv7+wON9uod/JzMx0Z6oz0+2qVMEZFeMzmo+iUWDQyVjsSUeShSs2jJmpj2wFwJlJxBmta26tTFSV04svUe09d9yQeX4IxyVb2gRJJBKJRCKRSCQSiUQikUgkEolEIpFIJBLdIcJvwFMElrwOSl2hBrixxGQSZljkOToE4I+hJDoluZuQdYLLkWM4Ool+IVgs4x38xfjSBfuts0yxLu7uAQeWdaFah56E7d7qI/ITUVXoPqH/8T/iTehl5W7iTB+YVzB2JBLqK8Vlusd0Qvg77O/pDRuzG4H28AU6+watVGxMUblx6KoRifZntt7nw5/ODYF2XEW9utRdia3O4HCNwJ34Ul1EXUV4RNizOlfVzLEmO7+MUZbFVcId4gmTUJk6b6NqViv8XursC7SNa66UGjdfYVhk1JfF1jb6flQTh88dYeIKhbEIG12He3Qo6tn6E6XG0Q89QpyAslDPyMolZXcP5frMhoxUiq4WduAYRYGW1dINrrXNpf5BdMBYnysF6rDY6+V53uv1Ot3uFLpddBoMbiFJhl3vCKNNnCucLPYtWWkTViCrPSoBlU9TxDsaWSdrpI1m1mw2Ns5tHPb7CwsLw+Gw02m3Wq0k6kOmT7hfNV5RDjSZQPDwQMCbpSnIACrLsrI0jQZyJyzKjKPZgIO7taAEY2yg0iTLE2fAVIONwvKBMA7TKInjXjQ5heDK1WxBexqNZnM4hEHpLy4s9jDhTj4cmhSNpQr2O+HsPGzsFE6R4CKIFWgPOn04bNBHTxNKvuNgJ0tjb0w4BBMwGQ0F58Wwt9jbuHHD+g1I7kxPdbpT3TY+bTUa3CJcYVXixgAT3ODcSH3HJb776tchDkOiKwLN6JBMx++GhySUZ4zkfh0F3IqtgCwfWhmi0JiS0YpIJBKJRCKRSCQSiUQikUgkEolEIpFIJLpTlZUUgCXDEMyt4b70j4H+AtM0YDaKQU7QSVEScGLJu8T5lxjPmUAgEcKFxge0FRMnxr2wNkAPzk0Eg4kh+qnqVIFWweDB+u/nR1F4CuZaTnSjIQIL/0HoleL1iXbERsS0WApaWjWeISQGHZaLp48mZPGeK5sEA2ITjbF3qvLxIfGcT4isOu4hqZMgtgJfONCP7waqx05IVjLqLMD7cCA+NkeJH2vN9yF7VY+eL9X8eEzj89ZOoUO/IFMz01FrZ9NOQ2epynA8JxesbmdRxQhZwiw3aWkTmPPzi+V1N/XWreurzRRDJzWnEuqGQGBVZhh+GCCQX3JAnROb1Kx4osEb7/owk0Nb4kdmjBK8igyfSLuMNZgxZljkgyJfwMQsve5Ud3qq22o1CTXguWVcQqUKw7GhClovMcFvW2H9S/J/0Zh0RZmydI4sU9NTrXar02lt3LhhYX6+1+8N8+HszEyn3Q5XdZh/hHnBksEZjEzluuEGyWFfNvF+HZhRrGR0Lk1NmpYps20JjRFaMNGigwOHNURjkbLEGZwmTGZ47yU/BtxZ2sNXRNn58beUuAvb2Go3m61mt9udmZmam5tfmF8Y9AdkXIIVgKFhPomuYThLyg0wtAzA9k6XWJxhs8jzwWDQHw7IlKosi1JRpqF4/iCLB2e2uByXhYJlvrewsGG9bnc6U10kkeB/pE86raZCv5XgE8VXqSFO0GpT/d5Q1nc4tcjWUC883FAiJ+sRFT84Wle0F6/7WCT9StK2dvE7Y60IDROJRCKRSCQSiUQikUh019fyd2BFIpFIJBKJRCLRX6+aKikpfwVGBzNVYugU46x5UQwgfFsMc4xV2twWlKzB5bZR3pSEH+nb6RCENbSDC6Ybx6Wo2HOBv+Fv2cHDJuFvDRtHzSn9hA8+Gs1hzuBNQYk2IJgJIVcI72YZBYA5uY4OeIRlJ4+JXEQcuF/KYGMp6YgkGX+r2ofjqaECMVcSwRg1WwAHydg4vu+PiskFxbYIHIl33g9uKCJqR1V+Jy6YHs465lmyFHQSIymq3kUj3cXnmvhXYxTxd6/DU4jMb7tFstVMmq40SYa9XdETGrUSGwbRd6p5u9Ga3WrqbltNw+y/8rqFP105V1bJoTZRk8xncAk5VlRF5PiUIYmzi6l1evCiUC4ir2OAJ0xc1xm1XvfPIyMXCvs70gBTaBEiFsaUEujgi6I0c4uLi/3ewvxCd6o9Mz3T6babjUZGdIWyUSWdSY6bzbpyoLglsjbCa6pWjnYu55rS5BVDgIMhXw9mOxqrVq1qNhvddmthoTc3N79xbiMsWt1uR43OP1o7CGFjSxNbsz9ypw52Gshb0YWM1F1ZesMPpD0ajZTSkaHtCs5ffwZaJMukcHOVc+KQPYn2KZO8C5GK6K2qhpYtTygPj2p32o1mY3q6uzCPSFBvsYeJzYYDjRYsTdiNCldskMO9wSMCR6WYdsd0ii4s43BInheDASzpBVaQgEBuMqMqcbc7J6tyvt/rb9g432xmjUZj1eo1U1NT3alus9mkBvEKrAneYSGTyExhkgSqTBMwoivaxtDb5HpF6c78EhMmbBgKJHBoemCJvP679RGrbpTcpRKJRKK/MR1wwAHw6+SMM86A3zsjbx1zzDG//OUvjz322J122ilsPPTQQ2H/U045ZWJpF1988X3ve1+1Kf3xj3/84Ac/uPvuu7/sZS+Dl1/84hd/+tOfvuc972m1WkokEolEIpHor03PeMYz4OPNBz7wgcc//vHqdtO///u/f/nLXz7yyCOf85znbNaB11133d577/2Sl7zkqKOOgnsKf/7zn1/0ohftsMMOn/nMZ9RdQMcdd9z1119/9NFHt9ttdesE5Wy99dbqlgo+/Z5zzjnQz3vssUe8/Te/+c369esf8YhHrKSQBz3oQZdeeunvf3L7sq4AABAASURBVP/7s84666Mf/ejpp5++du1aJRKJRCKRSCQS3W5qKCQ1SsZErCmQNRmWmFyi6A2GaHaCQXBVKopVWoJOSPCspAAlGpxQDNxQChtHQQSLhhAV95YIIWgeOAX+jryjI3zkl81MwkHKFYWpdFKNDgIQDSfXgTTh+CdntfCir8KHuK4LjnNA3+8wipvQSY2qf6l+LKQ+SmyM7ex2iixRVGyoUD8o4mJ8DV2dtY3OZ6PdHVoSGkj2AqVzzYiPqQxF2NeE+7tKwTNS/6ViuKYs7WjKm3AiPakpFaTCp4u5And2pbdaq7bfAkL3uOcwL4e5GeSld8ZZXrdprHnpwjBdSdJvNBamMe3M1M53m91+66nLr9p41dVz1tpNRrxDeh2HMdAU5CFIFLNUCEw4RiloBMIai8dTmarKB1XRKWrEDshbabg5DONT0t6Jcrmmws7ECNB1jsCBWewPB71+f2pqanp6utNqNfBai7ggS6iMjscppobs5jIoduxrLuOTwF2HhhvEE9po63iqJEsyGKVOe9XscMPUBriLsbC4wJ4xMIohQQw6JvmeoTJguiXhgppcOY1oilYOrVCElcCRZUneSlmaFJjpJmGwJEEmBnq3xD4iqqJA/xDOy5NlWY0uijExFXNwyAbR8ojdQpl9kkbW6Hbb/anu4uIiZvMpzHAwgPbA0ywrmGvh9VC7iWDpOZw0bTazot3ElX3QhMV9mBf4gPRJObIIxgsQmqPgr4NyMMAy5+YWukSddKa7s7OzcEVkRODQWSwlHUox/Y/jBF2RehSJMjHxBku55ZUrRZ8VFTqChztxTkg2CVPAtY2IOxzAFSwWIpFIJPqr0U033RQR6zVdddVVf/jDHwaDQbzx8ssvh99lE4t6//vff+qpp77gBS844ogjap9hxrRx48Yf/ehHeZ7zy/n5+bPPPhvCHv/8z/+sRCKRSCQSif6qdNlll51++unwt/tDH/pQdXvqT3/6009/+lO496I2U8cff/wVV1zxv//7v//2b/+m6KPXd7/73Xve856bVcjjH//4devWqVukNWvWfO9731vq3U984hO/+93v3vSmNzF0Ah81DzjgALUyffzjH9955535+Ve+8pWDDz74ox/96Atf+ELecsEFF/z3f//3xAPhls5b3vKWkY0/+9nPvvGNb3AvBf35z3/eZ5994OPr5z73uWc961lqU4KbP3wTCT5mwyfef/zHf/zOd74zjneLRCKRSCQSiUS3lRL8Ejnak8BN3nww7CFzQtCJMYPhgAK6nIdFWe8zQcFXyq1jtNHKsybauDvFzmzDOzH4lDQqPHeyI0+093fQVYSdwowcd8e9IEyZpRDoTZpZlmDQNwmpGcbsElwwX7mYvvKJLOw4bGGjRBxjFEJ9fw6lLqG4nIpV0ctjEi7jSmRfwb4ovvKe83EvqR2EL8S1MpNro6q0ONortHqCnYQPgseMiB9VGw5TwRaFj1LxP56ziaSi0LbFRCVq953aq6aQN1nsF/OL+WZSCpF7zK2XXbIkSg9VQnB+sTdoNBfXrlnVaTV332nNmpnmby69yWwq3p2Z0vL85BQ6cY8Rd2Kd6wm3ZsxhZuT5CIwy1gqeOEnEHemAhtCQGnrXzS9mLwhBIe8T7dEvzIilOJ9Wvw9/nfZmpqe7nW671Ww2GmlCxExCOZEqIxc+n9YTkvtMDgWFptkVu6pWcIZ2hAzN0QpqYPysmTU6nc6q2VXrN9B/6+cxT02nC7XXSQJrRqJTbK1OCGChsrBneCQ890MUTjQ4tQrD9UD5jzQGusrMoRCwMGVpI8ugkzJ0AfHYmbGY0qaEY0pblprS7cDCRQiQcQ5T0WqnPOBiK2IO+7zRQLCk1Wp1ux24XwAFXnfdDRB702VhbaM0ZcYLYqDwXG3RNCXF3GPIrsD/7bJd5EUfk+7Af2h/UiJYgmZXcLhSnF4qMX4JYMIDCu73B73BYOPcXHtD+8Ybb4LTbb3llrOrVjUbTUoihFYrWdaEFZoqzziLCWsQG8tAyRauisg8iax38EqjjE/0y6P6HaJcfQhpstXKjBwQuaWUwpyIRCKRaKL23HNPuNf/2c9+9vLLL3/Pe97T7XZXeOALXvACiAd85jOfecpTnrLDDjsokUgkEolEojtVGzduhL/g4W/wNWvWbHLnk08+Gf6ihs8zs7OzajO1/fbbBwx3XOeee+5uu+2mbp1uvvnmj370o/BknLHYLP3617++4YYb1C3SVltttfKd4f7Gd77znRXuPDc3F57zLZ1DDz0UNh5xxBGKoJOjjz564oFwq4c75LTTToPhfvGLX7zUKXbcccfDDjvsmGOOOfDAAz/4wQ++8pWvVMsqpfs8cPMK9vzxj3/8xS9+8aijjjr++OOVSCQSiUQikUh0+4gsMHRRqMEwnxssDMsCE0lQnhyMueOX9TFWih4IyhYl+WVoS5YUEBmE7Rj5Q6cNE9KIULlWVUF2thghMMViZhz/hUP6wjojLxi1TdzO9IRKouwKEHWkxDkJepwkZBnAX+vHOKWL+HJYXwWfjCr+zW9hkNzaioRQakKWmRWJzVCilyMaASJsHCzlLVGcveZi4t91WEvp3Bew8iZYILjODKAK27hM+Aan7/26P4autT3Kl8I+DnbMaAOfG6MqhxJlI0zH+iQlAUkJBcYtigtsNfUeO7c7rSQvzIb5YTCe2XyNAEa3QiuAWPLh4Pobbup0p9fOdrde2+0+IPvVb28cDIplDsloRrrBSbRnrxhHijvIDWKVg8e9ZAoE898EPqhmlVObwZXxiPY7ee7Etc9ZbygVTIX8+SmLCZ/U81J4/gHaYeSD/qDbXmx32tMdCNm0m80WrRk0megE7C+EniE6qoAredMamR8TVRFSgeZQcW9pRnvY1AUWh6mpKcUrSZINh8N+vw+PmCSm0WhmjURhrhvN1E2SsKMSqKQVz5ddTWlOjBMgDOUuAFgl4bEIowA3Z4pGVhRZg+gTzPvlchpRacYUuYWF1CCwYogaQ9RPJ7pqpe+yGquFqyDn01Jkl5LyQgZN6/V6gwE0blAgI1Tge3hek9iEc47pyEgJTVMyqFvDtnSr1c472C3UMcPBEEooHF9G6aVw0aW8UHikQS4FylV0q2J+YSHpLUJpcObOjTd1Op3Vq1dPz0xDyW5Zxs5JCLTRKrWJ4WWZf2GUjhPyZJrjUTTnU8OGJUlYo7W/WKj+lDxIYVolHjnKsmSEOhGJRKK/Wf30pz8988wz+fkf/vAHeIQoxapVq8IOEICB31xvf/vb+eX97ne/8I3Pxz3ucZ/85Cdf/epXn3POOXCj/4QTTpienl7JSZvN5mte85ojjzzy2GOPPfHEE5VIJBKJRCLRnarnP//5p59++oMf/OALL7xw5K2jjz46Bh1AnKTm+uuvf93rXrdUgTMzM29961vHt99www3LQCdL2cttlt75znfOz88/+tGP/ru/+7uV7H/RRRfd//73X+rd3/zmN3HixU3qT3/6033ucx+1+YKzLI+ePP3pT4fKxFue+cxnwlFPe9rTXvGKV2zYsOFNb3oTb3/jG9/4lKc8Jd7zhS984ZVXXsnP3/Oe91x++eXLQCdwJwT2ucc97vHSl770Va96VbvdPvzww9XSCtCJIhMX6M+TTjoJPuve7W53U7dOV1xxxXe/+93LLrtshx12eMxjHgOfw5e5sQ6f2L/1rW9dfPHF0BV77703TAC4j7SSs8Bn+HXr1r385S/fcsstl9oH/iKA0fntb38Lldlqq63uda97wezafvvtl9ofLpkzzjjj0ksvhTuEUPOHPexhy2TVhJ0vuOCCX/3qVzAu22677QMe8IADDjhgeRtFkUgkEolEov/jKkyZG9PPBwv9YQ/Cj2hxYjjNSUk8SEkhaIivlhRnLimXjss0oVXJJAnHx51bhw5eFzoEwOu4A0cMK/hEu8Q6LrgczAsQN0nhNYZT8Rl9iR+TZGj2OAnRS7ZZqKwKkir3R7AMCCHjES31wXicSqkdbisfkbDPqHcLbV6yWOvtY6KjAh+jtfLPfMKfEHZPPYFAUW1Vz/jjejiJ/Eiot+m9JA7x68oGxtmZVF00Mb1J8Cewow4QvjWVo0mFCWhn84FZNFJ7n506nZbuD8uN8wN1m+m2AFBGbDrG3zdlb3H+RqtWz7anO80H3nuLC399Q1GacYaJlVlPfeBY+uRJGkEuFWFHo6f1FhvMGlm2vtDOM8ISJpEE+ic6MR2hx0kProQZa5YHnjwKo1zSGSJlEHTA7WVp+hYTsSz2+/1ef3o4tWpmtt3pkLMFW+7w1YaVMR6bqaATe8uHYxlx1X1bJ5wA+mRqaqrd7qxZvXbDxg0bN27EpDKYT8YUaY6eLWhIktEVa5ldo6vE2TqpepInnMm88FR0EGaTibEXvnDgLCXmmEkKSmpDS1bCf+SjgQxCFwYKgn3YGoRYmQjV8cScMja8IqsjGJAsnI2NVaZnup1uC4Zlcb7X6/fzfFjASo5jRY4n+H9G4EmiPaVBJ01gzOBJE3sBHuBA6JnOAAmjfIj/4S8AbVx9jG8f9B5OPMypBs9tlmUbN8zNbZyHnpybm5+dnYX7VtMzUy7PT6KzrMGGWBY9ZWjS4zKjsQCtvH2UptmtyFqG5hDiT4XmNGJl7G2j0aLGlA6/SRFQSW2KFRWJRCLR36jgXjbcEY63/PCHPxzfLewzHA5jm/Hdd98d4i5wIx5uEx9xxBEf/vCHmUndpB772MfCvf4999xTiUQikUgkEt2F9ZGPfGRigpv//M//XOaobbbZZiJ0sri4uMxR/EWUW6Pzzz//hBNOgL/ujz322JXsf8opp7zoRS/62Mc+9pKXvGTiDm246dPp/OUvf7n++uuXL2qrrba6+93vzhlzVii4JwG9xOwO3PeIEwB94QtfgDO+6lWvClsmUgsPfehDzz77bPhg+eY3v3m//fbjjbvtttujHvWoeLcVfkCNBZ9Up6enn/e85730pS/dZZddnvCEJyy1ZwydwIm++tWvQrtuJXFSFMWRRx4J4xIjSmvWrDn++OMPPfTQ8f1/9KMfwQjGUA7cM3rMYx7zta99bXn05PLLL+dOPvDAA5eCTr773e++7GUv+/3vfx9v7Ha7R5HGEwl94hOfgO033XRT2AJjd9hhh33oQx8av6t71llnHXTQQddee228ETr8U5/61D777KNEIpFIJBKJRJO0MOj3h4NFeCzyQZGXPulFiUF2TA1hMdKIKSkoXQIZYij/HXMKmWNEMYIUOGQ+Ls9teF8JXQXew7f9OZMPvYPBUgyd0g/aBiQImoAsBWS1N4wgoCFho4cKmzAhlssuIdou4aSgx1LtjLy0cead2PAjqbkITGg0bUy0S2gyEXnBwuvbQtKWYFChdS1FjnvCsf3KMsBQ7yU+sqytjvvcMiBgq6A5Cv7uCLUKyEiNStEx1VAnUUaTGXGoPPbvMKEPXazc2j127nTbuj8wG+YlnU4JAAAQAElEQVT7Y10Vl3RrtCl4ZOUFqNGS4JIY9BfWKb1mVk11Wve795a/vPhG60w3Rg/LYqJEeVhBsdVPYnzU3Z+i6mWmNrQ/yHmKIApA+yU+VZKNQKfKPEj7QmpKYj8X74LDF0Y5wrtgAh224bCGKZSisGU5LPJiMBj2+4NZ5E7azSbaecB8YxOL+PQmPNdarczvZFMiOENPKmpsG18nKWaUacBfj41ms9OZWlxcmJ9f6PV6/UEf2RNjG8bwpUJpZZi5YdMWm6R6xPmHe4er4K7okTmbVOtNaQuYKKYskixNs2YzoyvTjxW5R1E6G7Ij0daxdoiFJa5FOrYocU00Pj+TDtug/+GmSZKk7U6rR74lxhQsBFt0kaDlCtInvD9lsaHT4qKaQOdADyBjiKBMPkTXlAGUM8yHpmCfK0fFIdBkPPBE5y9Uwc/gXHCjYX5+Hm55dDrtVgt6u93pduGRpoemVnJ3Gm4HT1vqwISnH05qbfyKUnU4M3ehZxF6wT6qUn9pfTswTSKRSCS6A/Vf//VfIb09/6aAu9KwvN/nPveBMMM97nEPfuv//b//d8kll7zlLW+JU97AbWj4FQb3iPnl2rVrRwrfeuut4Yb44Ycfvt1228FvzFNPPXXkrrGiL/XC45///Of3v//98fYfkp71rGdBiEKJRCKRSCQS3Ul66EMfCh94dt1116V2OOaYY1aYMgY+9rzxjW9c6t1NYiXwh3/AOzZs2ACPN9544+WXXx7vs3r16vGPZAqtYXMI7cOHvSOOOOKRj3yk2pQgrg+fCWH/n/3sZ0tBJ6z3ve994dPgUoISPv7xjy/1LnTv2WefvfPOO4dPnqB///d/f9e73jWRUznxxBN/+ctfxtDJUrrnPe/5P//zPz/60Y/22muvn//852H7cccdBw389re/veOOO6pbpOc85zkwBF/+8pcf/ehHwydk+EQ9cbc//vGP8PjUpz612WyGjY94xCM++clPqlskuA9z6KGH/sd//IeiCQPtgt776U9/um7dOujkqampAw88MN7/wgsvfPKTn7xx40Z4Dh/IH/KQh8DOMIugww844IDvfOc7y5gRwsguX5lzzz33SU96ElQAagKXCXxov/rqqy+44ILFxcW3vvWtMNtPOOGEeP+TTz45GMPsscce8GfFOeecAzt/5CMfgZtjIzt/7nOfg5byd8bue9/7wgUIU/2iiy6CLoWan3HGGfvuu68SiUQikUgkEo1pbn7jwmAwKDG9QumyV3CMGwPkhp5AQNCS2QJEa8lQoWSSg5PHhAwSQW4DRxDJg8RFuKukH/SW2x2D3MolTeBoLkYqU/q+PkQ54f8sZYOTxDkDsCUIAxNk46DJECI4dQQHkQpA0OPmHYot8fRSBh5KqTHwgnkYa5UaI1TGIAfLJIJ1HizGBOjDH+6cBLQ/2uExNipQ+5LiOiQcqB05deKlkyTejlC7Y0p0zc6Ekn6MBHAnkjETGjuST8efrSIb6oLDt90ym+kmRWFhwo2dovZqKesZtXm61fTJpJJsWZT5YP2c2nJVsmamvcPdpv5y9cLYfqgsOrHrGedgY8mgoc6JVHNCOexAEynifU/IJ4L9enQl5owUcR5plIJHTWi0rj9afj7BFtJlZSG2CfOhcB2SoiyLBeQ25ucXOp329Mz0zMwMQQ+uCJ5gARKwlNGHTSvUrZPLTKRq7iNqvI0+CY4xwS9It1to6gF/+nY686i5jUVRUGKaBP4ubTQyeDtx6Wh4OUgI8CBQRJmRec+donjmW+2Bo6qZvLxhHTBHmc3z0lBaH0LnkpGiCAPBMxFxUl9WHIlSMWh++tR7QOtWqwk/zVaz223DfRz4g3k4HBYwS4tc45hlaVbyPIGFVBM9kio6rU5brZb1Vkd5q93p5lMDUj8f5Dn8Az1ZoPEVZsqhrEAwzVJiUIyvAwI6cNJ+v4+LdZbh3JiCuTHVnepMQZ3aHczpQ/nVYCWCWjn6Kvp9YKv0U1bVjJvckyQYWmldx+KUSCQSif6qdd111/3617+Ot1x88cWKvrq6FYk3zs7OwuN97nOfe93rXmFP/u7m8pYk2267LdzTX7NmDewMd/a58HFde+21p5566vh2uI8v0IlIJBKJRKI7UW95y1uW3wHC/DEtsYwgar4MdLJJfe1rX3v+858fb3kXKd7y+te/fqKRyRve8Ab4yLfTTjsdc8wxalM6+eST//mf/xn+6n/Na15z3HHHLb/zs5/97N133335fe573/su8y58HN13332f+9znfv7zn+ct3//+9//t3/5tr732OuKII9785jerW6H7k8bP+Jvf/GaZZEYrEXTRi1/8YviIe/XVV48k9xnRZZddFr+8NU4nX/nKV5g4edSjHnXmmWdy4sv169fvv//+P/nJTw4++ODtt98+WLnACB5yyCEbN26Em0Vf/OIXYaR445e+9KWDDjrovPPO+6d/+qeQTDMIbhxdeOGFJ5100vJkDNzZe+ELXwg7w58J3/ve98JfBNDYf/iHf7joootOPPFEOONjHvMY3n7VVVe94hWvUGR7c/bZZ3OiJbh79trXvvZE0o477hiSUm3YsOHII4+EwuEPAajt3nvvzdt//OMfQ83/9Kc/HX744ZdccskyeXlEIpFIJBKJ/s9qbnF+UJgCQnmYzCahL/cjaIKpc4iJINwEI5WUSIQyJrhkEpa/n7+UYlADdsMv9VsdDtHOCIRSRWj/JXoiS1ICJ7IEmRPa4mPrlJjERklhHHViS20To6oNzhuAz55UBgFa1xwKQsA98BbGTqj/eMOUjyzH+8WZcmIQh5+b4ClirDexMFFCDbeJS+Podcy71GruTptUsAqjOjE9QwUbR7tgtJcOSmxgXmKPk3DUhLYuaRIzGvGNqkjshInfh5HcfgsE69fNDTYJIdQdVarNS+y+ycCz3cz9N1FSMeynaXPdxsFWazo7323VdTf0i5Kj8DVcJuOLRCF7QQ4+NN4ewyLLh2hvvbTlDg9TNUeN85Dh6et5Ak0TywbYwxmkjDdg9DyJcu4dPGwuEZNFzgDezLRmPxyDe6ZJacxCb7E/HPT6g4WFxe5Ut9NGoaUGXeHWzUtKvbN8Zy9FKI3viLwNz3aHnlSsTJ1XgqnOHeJWKE90wZ+CGfIQnenp7vzCHCgflgNKugP/Q92RCyGxmYd24Jab0twmLBITd9EAmup6d+Os3XNNu1u/oGDOnaIk6ITLV+StYt0JPEuifVug9mQeVZdbFWB7UvWKB5DgBaXLycoyh3YMBkNMl1OURQ4T0xZ5QT0GVbDsroIQCa2qadJICevTKdpJdVTHTBm48dHvD/u93sLCQh9qn1PmnbKAcxv4VaEKR6g5IpBS5DiUyhKtMpxfXLhxXdZqNlfPrlq9enZmdrbZQL6Hcg3Zsiw8n8PrC3dcojiTFDcVfumQOw+/W1LHIwSEv5L8sjgJJBSJRCLRX5fgXnOwBId7/fAr5nOf+xz/yla3kYIdN9xohg8A8Vtf+MIX4Ka2IqtzuHE/fmxspS4SiUQikUj0f1mrV68O/ASE8G+++ebtttsufNC66aabrr766ok3Uj/1qU994AMfgCdvfvObl3G2UAQcvP3tb3/3u98Nnwnf+c53rgT4eCxJ3Qqx793WW28dthx66KG77rrrGWec0e12x/eHOyTjeVtGtHHjxvn5+VuZyGaTYgL7fe9738R8SaAXvOAFP/jBD77+9a8/8IEPDBs3K83QiI4++mhF2MrXvvY1Jk4UTYwvfelLD3jAA6DVH/nIRwJ08tWvfvWiiy5SBCcxcaLoZs5znvOcH//4xyeccMI3vvGNSy+9NHzehg/qe+2112WXXTYcDjdZk0suueQPf/iDIugqZtBh4GC+PexhD4Pn3/nOdwJ0cuyxxw4GAzg71IqJE0V30o4//niozAUXXAD1ee1rX8sT+P3vf/+NN94ITz772c8G4kR5k5j99tvv8ssvh79ZXvziFyuRSCQSiUQiUV0QVcS0BToJ9hpkfoGZNTgphzfqsGy1YL1phgpfS/deDLHJQmXKobUNX2mvvUPpFZKEuQIIXjaylNNiwCEpJ6Rwx1AsnHAXWxknRJYddWsM63gLdxYf09XJUgYaulalkbdGjUAqWkMFaqPGl/jUJjoEivUksMM5xVQh9wkuDpyghHmSkE9H8RmS2LRCR44SIWlOqDnzEJSookaZqLFOs/VcQnF1wgu1hIL7hn9dK3nHrSHkrhb7RUAmVqh6CqPJu4xURG2qyM3ZeWIBNs97SncW+3m33dhph5nL/rSRp3M8FzPrrGvQKYjP5f1D/Fhy8hAHK/gauXC6o468OYp1hys3b9gnI3HeQPgPZh6xboR5ciZkhlOHTJIRBxhfAUs41MgkTAgdShxxwlOIcpwUpZlfmO/1e/MLC1Od7uzsTKfTpow7DVeETpFaw/I5WY+tTrnEUEzqaD6GOlKHXCoRBmVHLx/iQYL7CFlqUAcm2iZZ0k5bzRbm3Gk12/D3f6/Xz0mUkaZsNrMGtAAtajzKwwm9PBahvA8NrwwmJasTD7r5BSKBfjeJojEnnk5puCRNCVPfJmkBBWZoPZJ6dxXYG0fKUsYlkKHR09pBFq7XjFY+X5FvrXX5taxznEIGRDezJIPWFZ0S0yENc3QtGQzLvEC7EiJyED5B9gVOZLGaSHsgecJoH6YlyhpQQrfT6U5NDYYDzEnU75PxCRqoFNgQNGiBR+gbhGiMSxVEaw16pgzp+zrw1sLi4sa5jatXre502/DTbncpoxGcpYktRQ8Vh5Yooh65l3lRM4T4cDNtiVYwYRJpn0xN681bTUQikUh0V9MWJH7OH7vhTnFsAM465JBDnvKUp0BgI974hje8YbM+Vj70oQ+NX0KAIZisrF279u/+7u+USCQSiUQi0e2sr5AUxbNHrGevvPLKo446SpFfCITweePHP/5xiNzvuOOOsFHdqXoqiZ8ffvjhJ5988lvf+tZ/+Zd/4S0nnnjiK1/5ynHo5Ic//OFLX/pSfj4zM7NM+dddd91BBx30/e9/HwqB0o444gi1Ah177LFf/OIXl9/nH//xH5cxjGHoJE5RBDcvvvWtb2255ZaxGcm///u/Lyyg0fGf//xnuIX09re/HZ43Go03velNIwWuW7duv/32g53PPvvsbbbZRt0Wuuaaa37605/GW+AzMzu4xB+nR8RI0KpVq3baaSd1q3XJJZf86le/UpTcJ8BGLCh///33P+20004//XS4icT4OI9LlmVhkgTBFk5nA/uEoYFeXd6yJRbjLIoQ9pG39txzT/hrYjgcxrmfvvSlL8Hjgx/84MDEsGAEX/SiF11wwQVw9Z1zzjkMqcATLudxj3vcSOH77rvvLrvs8sc//vHMM88U6EQkEolEIpFoXJbtRfCr6i6aaynSTBkQKL0ORj5taRBD4Zi2C6xzBNaFYxMXDo1i52yZ4PKDkO0BR8vZzQQikhajlhSuxChkRuFQ6DzRGgAAEABJREFUzSl1dIWvGI7r+pvKzFLY6lRkaBCYlyqKbZSjNbiBGI02etRCwrrvy+sQVU4CUxKVpl3c3/WYqp5U5iMcjrYcvPeNTnxV/Vf7rQ1QB8WwK6sCVxtfMkVeCb0xDs6BTmI2gMK7oefDua23oPEywZNGVUlafMtDJ9TtNhQBBjo4a7i66ADC1LvAd457jMCeCr6wEJhWW63K4JwLi7fcPHIclVkCQ9ksBmWcelgRhmKKoWq25xYGnVa23VbdP121MBwWyoVL3JXhoBMGhJY6G1xUiR2nnWzkGePqZGh6sKWGx42QG9CUPMkw3qHqZenRoVL1UdRVpTRnqXJGKYRtOS8i8uSITYBg/qUqsZR1Bf6YLIhsaLdaM9NTU51us9WCv9nQAKM6v2YYRFlbEV6BjlHL0ETWIx5+Q9Qpvto1ab8qWV+CZ3jcJQOrC6Xa6czMzG7YuGFxYWFxsQf3ESh3DCITZVY20ozWtIS7Ey8+9n5SDi6BIku05mAqD6mumEojskfzWqmri49WEIMWQLaAvi0VXdZsfYKZb7KM4SHmXVhEk/ATHYyVPHNTDTX/AwPCtW0iwdewLdU1aFvS6w16/R5Zlgwx5Q95ihhahmFdd23CdTfVmh81+760Wq3SGvhDvT8YIHjSH/R6/eFgAP/nRcH5ctBEqUSKRTlDqgqygzPBIXDejRvmm82s3WlPTU3Pzk7PzE53MOcOnrLUJVFyzM04aKi2jFuD7JS27N+jbMqb/XwYSw4lEolEor8hXXvttT//+c/DS77/G8Ss+je/+U1FSeIf9KAH8fbFxcXrr78+3nN6enrkzriiL93C77h99tnnrLPOgpffIh133HHwG1mJRCKRSCQS3T6CYDmncTnllFNG3lq/fj2/dfDBBwfoBGLbEMiHYPlS0Al8pBn/nDNRbN4wLvhE9OUvf1ltSk960pPCiW6++WZF2G54FxN7q1ET35/85CdPf/rToXy4XbA8K3z22WcfdNBB11xzzRZbbAEtetrTnqbuKI1DJ1/72td22WWXkd3gU2L8CfMd73gHPML9pXHoZHZ29n73u99nP/vZJzzhCfA5M+6lW6wf//jHz3zmM+Mtr371q9///vcvfxT7ysBnY3VbCMaIn/z93//9+Lvwofq0006bn5+HJh9wwAGw5Qc/+IGiRDxr1qwZ2fk+97nPNttsc911151xxhkBOlm1alWcCeikk0563/vet0RdVGyxM/LWFVdcwV4pO++8M2/5zW9+w2O3VM35CVSGoZNLLrmEK6kmabfddvvjH//43e9+l76LJXelRCKRSCQSiWqiNBIYKcRgnqUsMBwhRQrFEHFCP6qKD3MU3XKE123hsHJgIbSKI98U9dWVF0bC36nXqXbfu9cJmwLyN+3DF9mVdxbhE/ktHp2o3BNcZDckp7HBeMP5RWCA1TicoqYKMBn/x7cljtuHsLd1aUg87BGZhShnSWEJ2lHOtiIUoB0IQ3gCWVFwrRBsMewXQBYNRMrYlD0mtHXAgPUmB8HJhMLlHjupuZtEfRWFp2PbFYZfVJSaJ0n8npFnychGoncq1WLfAWHw54AtMx3Emhb6pZlksnKLtUQWntG9xrbcFhgKXBFlodJGf5h3Ws3Z6eaNNxdcpcCdZBXiw9OAp2NtLKggHlUawkQlzB5ZE8E8lpwkHNzgN2ruXFtS8iSaLqnySASBXM5Vhb1SfOWiVsXXjYeLAq/B3zb2EyMhGqsMxyK0kFJKFWtyqMHiIjEJg4XO4vTUFPxZ22q1swyOzniGchEeNWF3HqvtpgAfXZFmo/0fErQoV9v66Lj+TXR19epoP4gnTU1hSp18dtWGDTcvkpkHlFmw50maMXWRUCfw35C4bvEjJ/1y2zTRXYbkrzqum9YxZBNPI9hM+XMsMRtYRTgXPkucMkLwQn3ZSsU50tTKZIV0S9Ho0oKcppjRB9rSbrcHCI700KoE/ic3JF58PfWWcs4dk2R8M4gzDSVKNxsN2N5qtvJO3u8MFnq9Zq+H+XsQFymRPvHLDRTtzk08jU2hApiPqTTDwhTwN//cxrn161tT01Pdbrfd7szOzkx1O1BJWJy1Cb8etJ/P8Ne7pttWyNklNrEVykbNE5cTkUgk+lsX3PBd5mupsfbff/8AnVx44YX/+q//Gr/7rGc9i783HHTttdd+9atfhbvVBx54IEMn8HjOOeecfPLJ4cu4IpFIJBKJRHd9vfvd71a3TvPz8wcffPAmd/vxj388Ap3EBht8WyC+X3H22WdDjH9ubu55z3sePJ5++ulLlfznP/953333hVsB++233ymnnLLJrDRf+MIX4A4Dm4i8gaRWINj/G9/4xrij3m9/+1sVAQpqCdrgpJNO6pMOPfTQPfbYgz+jToSV4XbKZz7zmdnZ2Q996ENPetKTvvvd78Jzdeu00047HXLIIfz8d7/7HYzFSo5i6IQNWm69wkkf8YhHjL8bctz85S9/gcfLL7/8uuuugyePfOQjJ5b2kIc85Jvf/CbvzIIbP/e4xz3Cy6XsW1h77bUX7HDTTTe97W1v22effYKjDNz7euUrX8mlwef8kZpPrAwMN9ykWlxcDJWBUYbHVqs18dRMtMCUXr9+/W1CFIlEIpFIJBL9LSnVCYX1LEWEIa6MoeXCwo8pKdrJuQ/YucT7LVTSVYxaM9LgvpnvU8Ok+DV1zVYhnISBjDsgPp6kKX3VnzI7eDMS5/wR4AmXzocexpAFzqBhXRDex+j9lqSK7tOTlEKocfyaCBvt7BaoCEeShFBvHORlnIQdGzygbzzo4eroA8Qh7s0JUpw4ZQoFwzl8GkLiLsSfEDaAWU0okYmi5B6KHWas51nMiKOJMeOhef8kqZK3hEZEcIzi8mMUAcLdoTQfPNcqdlXQXMHodHosO4+KPVjMqqkGRdgLdbtpBVl4qn3HtmwuhoKCeHuSZnluOi27elXjxnXa7awZ98EsLbFBh/WT2/Fa3rCnMnegfCHG+Vqg3F/sYRKFqembWuOhSmKBCFuBf4xz+fFJWJQKANJo4x0uFnit+I2qZy1BFypcXeiugjlaEJsxdHUu9no5uWLAk+mZmalOp9HApFmKsCmfo8a6xcYEgEst0em21lJrx/eu8I7akQ4Iq79lmafxdBgemEHlGmnW3Gqq319cWOj1+8N8UOaIZTB10cgamBMncUm/VOJ6gC8JBkR40OgU6B5SltV9Fh2tjspfUWFpdHYgsD9CZnB3xZDxSUrMh4U7F1ma+WYyE1hr9XjDlY4xMzLCQY5EYUFZ1mo1u90OGZ/0YICGw5wYJt+nSUHAX4r2TIbbZZS3XUkTXBYaWUb8SquYmRnkw41zC3BJU3aifAB/cw+di5FxLJtNGAuhxjIaBWec7/VuXr+x3Wp0yPhk1exsZ6rTarXZHSd1WY3IwgfRR8SnrDEOy/PphuoEkUgkEon+1gS/qr70pS895SlP4Ze77rrrYx/7WH5+7bXXwu3p3XffPdwyhigF3MqPD4cb0MEKG+5Ehxw6sT7xiU/Ar/vDDjss3E0+6qijfvazn33605+G2+iBXxGJRCKRSCS6i+voo4+OXTqW0Q033PDWt751fDt8HHrJS17Cz+Gz1n//93/f/e53f9KTnjSy29Zbbx2ej0MnI04n559//gEHHAAf6qDkj33sY89+9rPHzws3N9gMYzAYNJvNY4455rWvfe1K/tLfd9994fH000+3m/nNtqc+9an8lcdY8AlQeWZifn5ekX/J+LHPeMYzlHfveOADH/ic5zxn6fNgP5x44olzc3OnnHLK4YcfvskEQJsUVA8+pvLzk046aQQ6OfbYY7n/Y0ENGTpZv369ui0Ec0MRyDKRxgiTgT1FeGe1NDvC22FOTvpu1aa1evXqT37yk8973vN+97vf7bDDDvvssw/Mt3Xr1n35y1+GLXAv673vfW+wC9pkZdauXRt7Jd7nPveBHr700ksn7vz73/+en9x4440CnYhEIpFIJBKNiOLUGAGGYGWBP6ZA6MSWGskK4z08rArhWuUdQJSKbU7CM3S1CK4mHEOkNDGpf63YziTBALlm3iThiLZzKvEsRSAkVO3UUWRcq2TsoymVphngsJEnAlmGkImEDbHQRFc7MOoR5ZKhR/7+f83LxLA3hY3T2qi6g4hihkcH2iNRzuvBG50EzwtXO1dtQk8qyMN1uzubNZN7JsTvR2xNKk2MzvtmemanHqbX3rkmhlT8Sf3ZHWGjw2lcuVX1cVu3jc3PizvCmWBl9iejB9VfrugwhLKgUcQYzExl/nR+RHUEnfiNrjsCixBV2kbYDhNT1v/d5XpcOVgl9irxQ0hHl6pmMKMc6KErr0ddq1HUXj0ZkuJ6a84E5c4TSBStU2vD1c9AmsmLMp/HhDXw0G63V89MT013W60mw01MXYXmbEJajRMwFccT1ZJrNXGKh3OF3Y13LsHLhvZtQv1are7UVK+/iOhJr1/0hznJFGWj0XA9mLjrkgdLq2QCwEWFV0Np1UhtyWHEIoaDEItLl0UJtBQZpZTwiK4nwxzOWzZMRlYlKtEr/SPcrVTBVsfNRYV5arNGs9GxMCytTqeNvjRD9CspYMwMDkya4ilopAyhMNycLKnWcN0kFga2d8p2p9M1hJL0Bv2FBeg5pHYKMm/hJsPxUH3stiQpvekT1AiCfItl3u/3161bfz2iMN2p6Rn4b7rbbTWbdEiS4W0ghGagn2yKvz0ov5NOeK67tEUCnYhEItHfoP7jP/7j1FNPhZvj++23H/8C3X333V/+8pfzuxAV+OY3v7nHHnuELWedddYIdAK3iY8//nh+/qMf/ehVr3rVyCmuvPJKiKZst912EDxg92xFd67f9KY3QajjLW95yxe+8AW+Ry8SiUQikUh0FxfE3WN/iGV0+eWXT4ROpqamPv7xj/PzD37wg/Ax6ZBDDuH0MUtpPL0Ofx8uOH+0Wq1er7dMChg4C3zo+uUvf6kor8r3vve9hzzkIWpz9MxnPrMoNu/LbXDjAm5BjGy88MILd955Z24LfASdmZkZB1OC4LMlPMLH0euvvz6mcCbq5JNPhk+zb3vb29TtLDjFYDAY2bjnnnvC51t4sm7dOnVbaJw0ihVy6DC6wTtvcn8YQajeLUM3nv70p//whz989KMfvbi4+L+k8BbM3te97nUjNV++MvAHQoBOYCr++Mc/Puecc+AvBfi7I97ztNNOu+aaa/j5bUXziEQikUgkEv1NyTrsAEETZXMyOymUi2LbYMJA4Ux3CMf6OJYd5TtQbIGQJH671i6VDoYtIYyoo60pfo2/ynfjI7neO4TpCueOEOds0SMce5zIJwAonMrDZSCpmul9CmwFf1DGBl1FtPWoiUBsJ2GtNxyhzCJq+S71ZTn3FAr5J/Xuol29GwlzMZjvwvm6YAQa7SQ0UybKB68NOUtEXRAsJCLMYomAbNRY38wIERp5d4QNiBKwmrhj1USEwpcEOzYyTVI+Mt4AABAASURBVKyOXRFsQPVSt4VuEYCilqjkBJBHESoAj61G6vvNswHa1j02saMTaypyyvUO71uf4srRUooS6yDmAFMi8dCD8uMV5gQbATEuYj1noMkqhZ0vAu7Eljl0+vEWJjhIlO3H5cNyvhJcNUrDpQMfoz3aQMmfcJ+SbYCswoQ7+QIm3BkO+t2F7vR0F25htNqtlJIEOY7JMU0mmTzYXIEqoU88NRkEU6MDXF1agUxju47ARPF+xpQBE6HViQyXsmbWSOG2SBf+Up9fROuOwYBy7eTa6CStKDHqF5NQ31RJYbgvKPMO19BdBSaBhTQmxcjvQ6dGpZl2NzISnk5uNEu8Uowt8rws2G0F7tpockAZuz5rTdeOLkr86um+ZuTSjZHBFNSxnbaarcb09NRwmFNOpGGvD81lzCbnboE9MOsNHlQwHINfmqHVHOcQub9AX3FWoUaj0Wo0u53OYm8RikGSBe1PMPkOTAU4NvWV55kDpyhKW+ZDWuMQRtswt9C6CY1Y4O5PB6mYxuzsLDyB7oBqIOVHZA5NPx39gtCbdVmLRCKR6C4r+JUBIQf+oPmRj3wEfhUcfPDBW265Zfge4W0oOMt73/teOOPhhx8Ov8Lit/bZZ5/999//W9/61rHHHvvOd75TiUQikUgkEv0f0ze+8Q14fOITn8gvIZzf6XRGbkTA56gbbrgBnoRsO4roARVBJw984AM/9KEPBUo41o9+9KMjjzzy/PPPV/j1mAbcP9h66603lzhhwX2J4447biV7vvnNb96wYcP49vXr18/Pzz/qUY+C51CThYWFu9/97suUc8455/BRr3vd60455RS1rKB1m9znNhF8foZBueCCCz7+8Y8//OEPf/GLXwwb73vf+1511VUqQi5upTZu3KgiuGRE8AGen3BuGt555fvfAn39618/9NBDYYoq4pZ22WWXa665hnP6vO1tb4MxOuaYY/jT/gorE2ryxje+EQYOJsYzn/nMU0899cEPfrCi+3Xw/BWveEU46tZnTRKJRCKRSCT625OmcB5/Px7+QigTW1D+FsMBPtrHB8TRo8TFxXUIOlfpaTTblqCLCb9MmEJJfXCXI7JhR/b48AFZRjpsIBaUi77rkCtDOUiCw80cSE2UCyrbEWyCQ5Jxlo4KHnG1SALREiL+2ieOwfve9HaASyJnERs8DqpaKcplQ2/7GLAnWRwiQBlz0AdBVY1hdxPlkuZQTgkXmybXAwZcXL8o77Ogta6GhFMCKUcKjMj69BlMAgVoAV8mWkUWG0EQkFd6ZEsZcy2uK7UKLi6xvFNGhVXAYwPBBMdnjGpy0HiTbMpmx5o3J//O5AJGX9PwQFwdOrCZjRvuqKwiO3RFDNXqEpUbMIiwoyeMqpFSMdUVuW5Y72hhI7ePcDpDF5ljm+iqiE8f5qKqrqjAQ3mQhmekGvFJSWjqIoNBL9GTgsunKx/3n5tH45CFxcXZ2eHqVbPtTjtjGyJ/gRhb+YUkyQScQnl4rLbV5fqa4HVRXaW1HtbRxsT6PEea2LFUJcYwn6GazUaWpe20AbdL4HbDYq+3uLBQYAKZnEeNMRG6PqvKpLzCucVIV4CF5UHRvIjwskI+IHyR41qQJpz2y5EyBP3AxgzpE9i5MEVRwj7NdisjxXiSdb44nh2rDJdsWD9jTiXMFM7jk2GunDbcmOj3B4u9/vzCQh9Gqz+ALcNeH31ROKEOJr6hBdyRQJYmIDWWkg5B82FPSpfTHQzy/hCJnV4f/uvl+TAvimE55MRBOOImWLZgKi+LxidoqwJ/288vzBO/0mi3mmvXrlm9alW71TZNQ12KUw3T76SY9wdGRztgT6ATkUgk+isW/GKCqMP3v//9s88+O3xT8PnPf/4LXvCCpe4I33rBTfnzzjvvHve4x5Of/OTxd1//+tfD/fpvfvObBxxwwFIZ6EUikUgkEon+JrWwsPCDH/wA4vd77bUXvPz85z9/5JFHfuITn/j7v//7eLdf/epX8Cf8rrvuGruG8JdYAnQCmkicKMqNeP7558OxRxxxxFOf+tSQRfEWqNlsQiEr2fO9733vROhk9erVN99880033aS8ccUyn0Lhs+u55547MzOz9957f/aznz3ssMNuWeWhn9USSXxumV70ohcpYiA+/vGP77bbbiFZ0jbbbKOi5DK3UuybMm6pwgp+Kowi8c4r339zBVPowAMPhLtP22+//Yc//OGnP/3pvP3Xv/71K17xirPOOuv444/fYost3vjGN668MqEmUCYc/tKXvvS3v/3tQx7ykG233XbHHXf8wx/+ALt1Op0XvvCFzBKtMK2VSCQSiUQi0f8p2QRtK3KyOTEOIEHixNhAR3jcQVkdxYU9UaB8oBVDrfiYulw5CUEnvJmCk1G8mQELDsxiuhtnf1CFcjlaitFZ5yLgN4yE1CN+IyJOQrUD+lDJtUG7uLAOcW3l8A4XEnY5a4g+0Q5D4RIrEsfyoRzFTpRzDYlP5qoc2lPF1skjgiKnlhwlDHshGOcI4oPnmqL91j+3cY4Uf46ouaHx9WQjAeJx0ALhLhFx4oAf7rAaleAbTiWEfC/Wcy82bqTWSXR+G6AbT0lMQkmWwkvciZaKKS9DpWwiDD3qlHPLo9YVSUJjGgNa+JhNOsJW+6gJ48YTquo7JhWUTTFabyqcysNHETFUm3aWjUp4ePDy0onFOibBCiXeX0f/19/xm42t0xwMJgWCzNEM1noDFJoi5JSSFyafXxzmRa/Xb7eaM1PT7U672URrGHbuMJjPy5mpqGri8skdxuFP6CvlZp9efqxtlQyoXnelwuJGfWj8zMbzZkmStVpw56IsS0oDpvq9fj5EJUWBpiMEUIxcWghVIVBh0iTV1fXOmB3xGrRMRGAN9h8SXoTcRUtbta5Sxi8L+5hyCA9waqgVprdJ02hdcUunrnrDxhWL6qkU29hoh7EhLgOlQbGYXWgabk/0ej3OkrM4NzfoL+TDpNFsFU3ojQYvHN6zBHmjhAhETUlwHG2YJVkKRzSLouh2O3ATamFhDsYduq4wJcwEpuy8SZafKLj+E2tXlKY0+WAIdZifX7ihc9PM9NTMNKrd6cCZmfiBMrKsUZJdjRboRCQSif6aBcv4u9/9bv6mLNwfhzu58ARu78LvO95hhIy+9fre9773mc98pt1uv+c975lonA6/DV/5yle+9a1vfd/73nfaaaeFmohEIpFIJBLd3orshTdD3/nOd7bbbruV7BnSgiylb33rWxCV/4d/+AdmR1atWnX99dfDp7UR6OTcc8+FR3YHCRqHTpbSgQce+Jvf/OZlL3sZxPJDosNbJrjbsFT6nhHNz88v9RbUmeGMK664Ah7hxgjfDhrf84ILLli/fv2hhx76r//6rw9+8IOhCb/4xS+Wb/Lb3vY22AH2jzdeffXVsPEOQBagh9UKxn2F4l6ayO6AGNxRHsXgnTe5P3z2vmWft48++mgYfRim//zP/9x7773D9vvd735nnHEGjM6ll176zne+8xWveAXcU4orMzEpElcmHpHDDz98jz32OOSQQy677LJrSbARLjQ43Te/+U1F3+a6/Sh5kUgkEolEor9eQbSyVJgAokBThRACd5FfW7OIcE4ZUaSPMn442iT1/6SeUCH6BCKbHP0Mt40t+3podABgx4gQIA7nUMrn4lGe10jqUdTxu9CasRGPR6gJxAn7gUQFWMfTcPiW3QlcCNRZSET+K77yetTzoeof90TXXSdcYo9ajNwal6vHemuTkIFDVaFnOr2e0AwdP+cY+shuHCbmEnXi7DLCPuFksVcGPUl8LHv8RFW9QvScAQk/fBEYoOL4+ebLxgxHKHFEE4u2K9utfh7e79ZGsH2dqZxsxDFGqTjxkFVL+r64DlWq8jwpnZOP8jhPhF/Vqh5aoI1PZcKzmM02MDmK87qh0bRukqmqByillfWTFWEGo1QEc2lk0tDywtu3OI6J6IlE+yQ/1IQ0TWimFT3M4pLDCjG/sDAzPd3tdlqIMjRbjQxWDN85cT+FCml/1hrkMaFvlYnHXlsiG0x1NYXqczs15SOiNYevThNdq7jWNNDoI4O4VFEUc3NzcN+h3+stLi5CY+GtNMtCvpswrJhPRhUM4GVplnBfIWmRKp1Snh0m8qrrDh1ofR2cHxFap6S8nPqLM82LfJgPoAbNRrPT6WRZw2F+3BlJ4rOAaT/oNu7KOp+kAj4WgDKo7HRramp6evXq1XCPaW7jhrn5OWhtv48nbbUaUDvCPrIGDFuzAa0zCu7CZGmSeNYMsznZhoWesc2sXTa67TaM9GA4gE5bpO4rC0oZRpMQJmSOJi4GFynlVn90gsH8QhbOC1Nlbn6+3V6PE6XRmF29ZnpqCmZMuwVqU6ogvbn5m0UikUh0V9MBBxwAvwj233//3Xbb7eEPf/hIrIV/z5133nn//M//zFvgNzI8/vCHPwxbVp5M/Y9//OPb3/52ePKGN7wBTrdMlU477bRf//rXn/3sZ9mcXCQSiUQikegOUAjPbxZ3+y//8i/qNhIE1OHxaU97Gr986lOfutdee/3kJz/53//93/322y/stgx0MpK7cKLgjsfRRx+tbgvB7YvXvOY16jbSBRdcAI+///3v3/nOd/KHxlgwKHyuQw455AEPeMBznvOcU0899TOf+cwyHxcXFhY+8IEPwJORSl5zzTVbb711sDG+/bTjjjsqspZRt4UYYbnpppsK+kbWyLsBOmGqg3cGcb6bcfH+ExGQleh73/sePD70oQ+NiRPW1NTUYYcddtRRR8GNqEsuuQT+xIgrc8973nNkf/gDhP+gGKnMox/96EsvvfRPf/rTRRddBDNtzz333GWXXWD7McccA48wB+6AERSJRCKRSCT6q1OpMVgLjyWGtgm4cHYFir6J7sPN2mEgusrvweFUMjVJGyn7mFDkNIRClQ9XE4/ggtREmWBJJmI5VGRMoDxx4t9IYicT5UKocWiV7CBGpKP8ICqYMPA/VP9EK+ewoslehBPZGLZ1KInAsT48HBfrn3Dsvkp1outeLKG28VEW3RBKjoQ7kwMiT4xxSXbYMIUi39ijOBhqNO3ISFobW/liVB3ICTEctkLQifJ8j3NU4eeu3zi1CteYTRMSPg1FwCt+BXGTlDIyRQyEmhDjVuyqYUd9PG6ZKnCnvtkut/8mzjsBMJn4Z/2KSZSQb4XPaLNxE5J4mtp4LgXGxhq9xAkj7knzlVcrimkP7cut4DGPhtQSsiSKfFMS5egXgkj8JRoVEOFH1RMPu4z0FtkcKb7sqaqUbSfLUngoy8JivihDPhr9ZrM53e1OT0212+1up9VoZJqAA39Ozb3pKSZNuXpGPI5q64X1eaTiDlNL9CPnfrIeTLO8lmh3FppWJsGVTadJ0mjiHZOpqe7i4uLGjXOLi/MDBGgGSZ7D2aEhTJ+UZRkqxleLySxcwanOqhWTLhm4vRJzZoQHOcyNzWyC0NEkrCmpLvIrj6tnAAAQAElEQVQyL4r+oF8UZYMy46RpQsYnjk2rDcYoZTLaM57OcyuypWWBjao63Va7vdXq1bMDMh2Zm58fUpvzvCSQCI1gGs0WnRu5HOgmRoKgnRlmzGEQBwa97LRbpZ2amZmBQYcORBuVwbDIi5L63JiiLIfU1R6hCVc6OafAjJmfX1hXrIfadm9eh64nM9P82G61oRKRt5JIJBKJ/ir1yle+cpP73EyKt9xIUpsj+E302te+Fn4Z/T1pmT3htxEEBg499NBPf/rTT37yk+92t7spkUgkEolEottfS4Xnl9dLXvKSkD1keUFk/eSTT17qXYjQn3HGGa1WK05B+K53vesJT3jCu9/97k1CJ5y4BO5UqNtUw+FwGSeMbrd73nnnqRUI6n/99dcvv89Pf/pTeNx5552h1Y9//ONHUufAJ8Mf/vCHu+6662Me8xhFThunnXbaO97xjoMPPnipAr/85S/Pzc0dcsghcR4iRRTI9ttvr25/bb311vBR9vLLL8cvid1qQoKRCxjoX/7yl3vuuefIuxdffDE/ecQjHqHI6QRaDZ+9f/KTn4wXBfeLfvvb34adN1cbN26E6QpPxgkS1r3udS9+wg4lXHMQVObRj370yM6XXHIJ30Abrwz8XbAzKd7485//HB7hulAikUgkEolEojGViSow2kopboyLN/vYtfuPgArlvDT8loSCqWRGkmKoMoRHXfIKF/W0pdU+Bjoxnj7i0eBZhvB+EmqgfT4P58ZgXZ6N4AUyamqgY+eD2LJF8c4l5dIxlrOHWPJ0sP6VrSiZqgxueeJ4FpcsQsV+LD4zxkjr2N7FUHyXXSf8OapTheN8AJ0BjjF2Qde5E+29KkaQF+t6iVSWoRrsqcKnMT6a71IfRc883KAgkuwS5FC8HsbcBkDFFanKoqg6jXO7MIThsvbY0KwVaXSaLMUP1A/Qy+yvlzl46X1ov7Ed9eiJbH0/66GTMEJ25EjH+BDVRZYhnnvg7gtXS+JQjBplxPAUbHaDouoIiI4eVUSfOCyDaRDDFxUUnapUj1dRx8cmypmIJPVe0AE4quw04mvBkqcFrhH4Lvop4SQ0prB5sTjo9xcWF9qdzuzU1PRUF25MMHjgp0uiVJVsSHl6So2hJxMV5lyNzQkdQ7XWFVpD3WtCBh+LM55mcFk6H5ck1VPT3Va7ORzOLEC9F+b7vUE+zOHv54zEu3HGIL7E0I4VDURMSiKogoEyo505iiO5SpNHdkrUV9RTgTuB3TBxTZplRaMoMAnNYAhrl0u4w+XrJEL2qotT6ZpVUdwZPAcJfDNQldQgFYTnTYkabCJZ0phdNbO2P5ifn1/soVkJPMD9hcXFXC0upo1mxr4nRN7AD6OADnAjnxusFn3VqdNpT09PLSxO9/sw8v35Xi/PizQt4JF9r3BRpMXFzXplC4OkEiNy0Anz0O+93ob5+XarNdXpdKemVq2a7XanVnRrTSQSiUR/zYIgAadjB8E97iOPPPKpT33qq1/9at7yox/96K1vfesmC4FPGg94wAPgV9Ib3vCGTe58//vff//991+3bp2k1xGJRCKRSHTbanp6mp9cf/31I2lxfvCDH6jN11FHHXWPe9xjJXtefvnly0An//mf/wl/+z/jGc9YtWpV2Ljvvvs+5CEPOeuss84999xHPvKRioiTK664Yqutttpjjz3iw+EvfUUUiLrtBDcEtt566+c973kf/vCHJ+4AN0PgY9sKSlqRBctPf/pTuCXx7W9/Gz58wknhY+fMzAy/deONN77+9a+Hdz/60Y/yrZVdd931sMMOO+mkkz7ykY8sVeAnP/lJeHzBC14Aj9tvv/3f/d3fwYhfdNFF1157LTznfQ466KBbBhuxfvazn7Varfvd735L7fDgBz/4zDPPvOyyy5jPuOqqq0444YRjjjnmFjAoz3rWs970pjfBE+iicejkC1/4Ajze97735dkIN6xgLp166qnwWX1hYWFqaire+Xvf+x4zQMFWZ7M0Ozu7zTbbQL9xRqRxXX311fzk3ve+NzzuvffeO+yww5VXXgk1H7fG4ZpDh8CfGLzlLW95y3nnnQdD/LGPfWxkZygB+hCePPGJT1QikUgkEolEojHlGIFWJZpXcIiXYn7oLuLC31p5CiHxQIP1JifO3URztFUp9437kB6EY+EhZqy9VwrLlMsGjpl6USF+SjVweT+ir/FzogzmSKKAu6t4FJ5G4xBnMUIpHpSL9BrrE/6oyvbDcmmWMm3EyT7wu/WJVhXeERRH+63P6sHhb8rkAcHlkm0VqFeM4zqw+tpzM9r3rhoJ/CvXG65TQxNDvap+m2Q9EtewGgPHEVGYN3E+FZE/jHeXoOwfjpBx3jBl3HB4B4LHIWLuT+qyJtHz2h8Xm9ZKgZD6AXZkfz26wyYKXWo2jiEwdvSJwr+Fy3pRNhsrPRoJbxaS6NHyeK4QqMGOQz5NDu2QkH+IZhchPxFszJxEwMEkzsvtZ6zLWGPwwsezUeYdbm5FN7lK2Pg6VM6JRFfzzA28QbJERz4/lDrHhjQ0xFgUTKEMh/3hXI4Yw/xCp9OZmurOzGB6F86bW80kviDoIg24SWhjbd5vBtQ0qpGOqmE0DtLCL4XAX/JQVbhD1O/P9hb6c/PziwsLw+FwMBggl0I1Z76EaJekhHW11AygkCVJ6pe+qgnobZNk1tMVoQ7wMs9zONCxONrC4Q0iTJA7KUt4lyuWZglajjQaYWFV9WngxmwC8eeQGsqFxsPOSwBlYko1edMUcNK1W6yeHnahmXCnAFPu9AdwwS8OhsMcfgatvA0xuQxNTxpJCs00CCJiW1NGorBQSlQEvTcYFnB8Z3FhMMihIYMcuy8fwnPibOBXEVEw0IUFYUDWpYXCyg2LfDhXQLevS7G904grTe2oRCKRSPQ3LvgtE4IffMMafguELSuPbcBdcggYrPALuBC/gXNN+u0pEolEIpFIdMv1kIc8hJ9ceOGFT3nKU8L2X//615/61KfUnSeOr7/whS9UlOjnO9/5zje+8Y1vfvOb7BXxrne9C17Ck+OPPx4eDz/88JGPSYuLi/AIf/Wr205zc3NQkx/+8IdL7QD3KFZolXHDDTcsv8OvSY985CPvda97nXjiic94xjMOO+yw0047jd8999xz161bd8QRR8T+Fm95y1ugTxhrGNfvfve7c8455+53v/s+++wDL4PZ3rvf/W54hPL5RhN85lS3VBdddNETn/jEN77xjctAJzDfzjzzTKg/Qycw6973vvdts802Rx55pNpMQc88/OEPP//889/73vc+//nP59w9rF/96lc//vGP4cnTn/70sPHggw8+9dRTod/gQ/gHP/jBuKiTTjpJERT+pCc9Sd0iPehBD/r2t7993nnn/eIXv4Dn8VtwI4kTRc3MzHBKTejn5z73udBwmNVf+9rXoPPDzjDHPv/5zysCU0J6HbhX+b//+79nnXUWHDI7OxsX/p73vEcRyxKwIZFIJBKJRCJRLKNNEUVstcvvon3iAmI3lCNObELeBbipcsaIXD0CFUF+B7ba6B4Sh5GoFd/C9YladBR4tx7K4HgmOZRE8XDt2JbI/oRbiqiEtraKaBsXzveESMiw4UuzXFKcQ8c67kRNDONyRBm/p289C+CeuR7WzreC9sPqcIQaetRWfa4o0k5ZSqDSRe76ss6PMK0Q9b4Z9XIZeYpvusi4eytx1g7Mnbi9Tam9EQPzMCWKcwD5sLgtR6GWOnGChA3tY10aJPdGqPyKFUZiuTcnyPpj9DLHrJBtscufxj2akd0wQdEIaqL8LHOoCOFPzD5VP46Acm+RW4gXzB10JdLK/TgQyNoAUFXl1BiMcMHocHY/J531jvPhqR1o/bQN09WBGFQM7ZXQlKUMVUYVlC4FgQg0zbCcSAqfl4QvJZSwJs14tiEkkSR5Uc7Pz998003XXXvd9TfcOLdhY7/fL2NbHgZw/JU89mODdcn40C0RKHKHUiatkVnLTdZuBzenERYjoySTY2KYAirfardWrV61zdZb3237u22z7TbTM9OwQ3+AHh7wp+lgMKA+QMH+wzyHn35/sNiDB8IrSj+gbOOhGVlBLxNMyMOeKOR3UhRFDocPh3A1FcOizA2sFo2sgeltWq0sw2/qFHlJ4MuQzskQnV/SwmSISBo6r2up9QuAYbTGIn3IJBO01SXiwpE0WSPrdDtr166FexPbbbfttttus+UWq6em8HYStBsGccOGjRvn5uAJGpJgS4vBcAj1Nz5NF02BtN1qz86u2nLtlltvueUWa7dYC/04M7t6dnbNqtmp6W6z2aCetnDccJhTQh+cNeyplRHQg7iisXCGm9at+4v/8opIJBKJROOC38tnnHGGItNs+OWUZVlI6L5JTU9PC3EiEolEIpHoNteee+7JnzFe85rXsGUC/OEMAftnPvOZnDHkTtE3vvGNc889t9PpXHzxxY973OO23HLLZz/72Z/+9KfXrVu3//7777LLLt/85jcvvPDCyy67DGL2cDviFa94xUgJGzZsgMfYJeXWi0mRrbbaapl91q1MPqHzkmIM4h//8R8VkRP77rsvDMrc3By/+7SnPe3MM8889thj40O23377Sy+9NM5GFIsRouc///nxR0oY4s997nPQz0984hPhrX/5l3+J7/Sec845V155pVqZfv/73z/hCU+4+eabR0xE4AbRj370o3e9613QhO9973swmrDxrLPO4nc52c2DH/xgdYv0r//6r4pAjUMPPfR3v/sdbzz//PP3228/aAjcMgpmhIoS0Nz3vveFJyeeeCK0mr1w4PGlL33pf/3Xf8Hz173udcFLZnN1xBFHQMfCtfOsZz0L2hu2Q4ccfvjh3N53vOMdwdDlxS9+MZ/r5S9/OfQzd/t1110HlfzTn/4Ez9/5zneGQmDOK7owDzvsMLgzxRvhJUx7tiM6+uij49vrIpFIJBKJRKIgQzFd6+0M0OLEBaadNwExJj6bjKIf7ZIgJMEvw8VQnbEJeRO46LaOLEDYE0Wz14dRoYwoYqxtFKa3AVbw5iP+0zhFoZHTKKsoejiJ+4GGpLSfDsUYV038KaAGRLNQu8m4wdVXsZ8K2UkQZQJvGu1+aG8b0JnE/6TOAIWj1vBj0PmBE+oYCsNz5yTo/GChE1I+DD0BkkZK+SkoSwa6xlAtSurQUjvkxnrXGOMfjQcUjEcFtDdvMfUfZ1oDBUPxENnOGgkEkdMMQt3aOTNwfNpwAhQfa4aod57jD3kaFDn+5IM+b8Q492CQo4a0E0TTiTiwmACkZgMySgrYCmiY+LPUgRPKGT+krtFilzzTpk63CRk/EuEnq1tVctCd5xafyl8xPk+Nt77weWqqfRPr6R64XkzMjkQVI1sRpVQwTOHkTzUQyZQ1P4/obUsXgUkwH0pwFXHOJzY+E19cOMdTl4CKYSmcPQlZU1hvz8Jpn7AvUioQaojGHkyw6CxLiM8qCluaXr9f3FT09jCgqAAAEABJREFUe4NuFy1Put1Oq92Osjrp2PknMiaxykNm1lYeLctFibStD4qNV5/6rpbH1fozJgxnEEODtiOtJGumbahpp00WIPDTGw7yYjBMi5KS3mQJJcfBnvEOT3C9tehi12hegssfXDFunYWO4jMjAFJqXcEi+aBAy6UUliDjYDH2JuKep+xAtMSgZQ210vrOo4FJkuATgyujtewiwkWx05FiyI3z+xhbdTxl4WJUKE1wpWq1m1C/qdlpaC+0u98fEGUyhGeNVquRNYluyxqNrNNuwdpGUAtDUlgmFNJqwHb4P281GlPtjiKnHVhIoBs3LMwNBri02NL9ziDbJMuLPhWhaUljemYTt41EIpFI9H9WN9544ytf+Uq4Ha8IOoEbzccff/zKoRORSCQSiUSi20Ozs7PPfe5zP//5z0PMfscdd9xtt90g8r1x40Z467jjjnvta1+r7gxBJF4REvHmN78ZnmyxxRZPfvKTn/a0p0H0fXp6+iMf+QjscNpppzG98bznPW+bbbYZKeHSSy+Fxy233FLddmIaYKeddlpqh6mpqd/+9rdqBdphhx0Y8ZkouBfxuc99TnnoBPT+97//iiuuiJEIBhFG1Gq1JhYIN0hPOeUURdBJvP1lL3sZjPuBBx6YZdlll132k5/8BO5/fPKTn2Q2IqReWl583+bMM8+Eu04nnXTSYYcdBs+h2O985zuK0iSxzwfo9a9//ROe8ARo+9e+9rWPfexjUFvYBzrtUY96lLpFOuigg/785z8fddRR3/3ud+9973vf//7337BhA2xR5Pv70Y9+NJ4A0Mb/+Z//ecxjHnP55Ze/4AUvgCm0xx57/OIXv4Amw7sPf/jD/+3f/k3dUj31qU+Fw9/97ndDN8IpYJLc8573XL9+PXzsh9GEHR772Me+6lWvCvvDu6effvoBBxxw9dVXw/7QJ2vWrPn1r3/NnfmKV7zi8Y9/fNh5v/32O/jgg//jP/4DevKCCy7YZ5994JbY2WefDQ1RdLE8+9nPViKRSCQSiUSiSeLgI+d5cUk7fKhRu5i1jZLiJISgRCyJ8WkufPyZv2JP1h1MdHAMlALVNqlF8CtjDweT6CiVTdjJ4zB+T6XrTh6ldRlhOOOIszFwUILjYQgDMMGIxbtz+Hw6nEMEd8f2pQynJJ6nUc6kxQW1jfbOCp6m8aF1Dokis6HIDIabYvz5MKMOf2Wf4+NIsFjn18JIgPHuFt4EwViX2cR6rgQzlFifCEWHxCpMC6Etg+8W71zCrjUc1MYTG/QbSJNQWzpvSJ1DexjOjMOJLgy6lhjjcw+R44l338DG+CB+kjhLG+0ghCSMkFpSdqWbAwKx1K41lEBvulg9vmn0vaUPnrDRjpauM6U2WQ3HAYRvNugog8xEYxh/cVo1IetPRa4sJR1dRoqoKKTOXOIbLLMsjWbcarT8ClCpn8LhHihGaialeiKchbkbnDsJzZIsa+DkSTNTlIlBV4+NaJYxt3FjB/6wXzU70+l2Gq1mRpPVVZ3hKYfp2OqatyuFDyrAxGftimvLG41yPRmsZ5QfpmDvxMsJW5Q0m83p6Sn4s3lxsTc3t9BbXBwQjVXkOZJdBAMx9lEgjJIUjUaKpi9J1mxkSJ/gKUMSIqxDmmqTJGVS+ZSwiYnJdZqoUjG9Am9CGf44REOw6h7F0C5nFlz5qYM1tHZJw6LkRDz0WoUUX7wKjCrMLv97IGk2W+1WG0ZqMBiivclifxG9Xgb9QQ9plkQ3y1ZZFs18CAPNWYfSpBGKono10ywzZZPHz7RNq91sT3UWe735BTRMKTHBDzq+wJNUK+NMXCp+TCQSiUR/M4JfnUuhhBCJgZu8/BxuK8PjNddcE7bAzeLxQ+BXxxvf+Mbf//73cE/5DW94w6c+9amvfOUrcNP/LW95yyMf+Ui4Ax72hHvlP/jBD25BVnuRSCQSiUSiW6ZTTjml3W5/5jOfgU8szGpsvfXW73znOyEwfwugk0c84hHxZ5tlBHddlnrrcY973OrVq/fee++99toLHnfffff43g7nUoFPaxBrbzQa45U866yzfvvb30I1dt11V7U5gpPC49VXX93r9UZS80DnfP3rX1eU1WWpw+HT48UXX6xWoOBXMVHQog0bNkDrdtllF97yABIfBZ88OTPOUmIWIdaZZ54Jn2ChM6EnQ1Xf8573wKDf7W53O+GEE6anp7/97W/vu+++sAXuKbHPSqzgATyuL37xi4py05x66qn/8A//oCjb0dVkBAuj8+AHPxg+7sKsgMcddtgBNj7vec879thjjzvuOGjF+eefD9MMzqhuqeCj9XA4hNLgDt5FF13EG2F6fPjDHx7vJWjsd7/7XajkL37xC7jdxz4r8MH7n/7pnz7+8Y+vMOvlUoJLBsYIPt7DZ/4rSLy91WrBxte//vUjn/D32Wef//qv/3rJS14CfXUlSRHoAy1i1ioWVO/ud787NBOKhTHijbAzTJW3vvWtSiQSiUQikUi0hHwGC+Ui4CHwHbgTH2Z0+EjlgaDdTkHap2uph/2r8K7/z5/a7xAFskMkmN9NHJ7hj0lGvQxCnNbaiilhesO4wLRxIemwgyNcQuof5yigyXiE0BMd4rY+NYTvHf7uff1r9tZ/8T7EQxPfUOZYQsA69IOrfMKlesbEWgi9uzC3A2d8S73dCzYldqEgBkhz4bgptZT0BFubVNCJDuYYbGRQohNJGdJ8MN5C1E3UKJ8fx9sfkPELRrttREdU6U3IwKKKm9uET5pob5UxzhMtx0fE02GJSLhe4sUEXGPsTHbyoWPvqWX2q+1uw9+DieuQY5+w75LHOZDAakYywhnCbIu5qtHrjDaORUfiA7Vi7klXJ3Psgj9/6COCTmIUA47iFC9h6vtibXz1VuVYWyvQVgiIY5mcjxL+0J981k8UpE9USZ1A+AtleEEDnyzNmq0W/P05Mz01PTPVaDYSojQcJ+H7JUwLbxazaQ6B/+as+oVr6T1lXAP9JLZR0wJ1kXiUAxk6XQOGoPr5sOj3BwsLC3Nz84sLC3CHggiMpJFl4TYQARi4RJC5UUp2Q5Q6RiepzyDDl5fPe2QoeRZzfYprSytLkiCzQqPFC0G4/Og5l07ncpyHVtG00S6rllsdlLOBoXUoNLnqHN4SOsigQQsWQVl5cP0a5Pn8xoXFHqYZWlhchLYz5kI1yWA8u51uo9GiIXCn8yuTZeqxNEWfPJP6w8Hcwny/NzB5iTmNTG4NZtvhNSv8pgG96GuYNvhu292W36YSiUSivz3BLyV4nJnuqruY/vKXv/zgBz+AG7i//OUvTz/9dLgxDY/hXbhJDXeBV1LO/vvv/653vSu8/NjHPvaJT3zinve8J9wj5m+gwpMPfehDir4RC+GQLbfccnZ2Fn4146/hQJSiyV/Jj5ze7j73uQ/cl1cikUgkEolEdf30QmQdHvaQ+6pbql6vB59/Lr/88l122eWBD3xgt7vZn9O23Xbb6667Tm2mttlmm2uvvVZtpn7zm9/stddec3Nz/+///b9XvvKVij6nLS4uQrXPPffck08+GT7UPelJT/rWt7418fBnPvOZX/nKV774xS/+0z/908hbD3vYwy644IL73e9+j370o0PKEvgwBkUxRnDOOedMdOZoNBrLYDQTBfdqxvsZPnw+/elPX7t2LbRx6623jt+CD4Qr5zN+9atf3f/+9+fnT3va0/77v//7wx/+8Mte9jJ4efHFF7/4xS8+77zzoM7f//73Q3NuvvlmaDWc97jjjnvNa17D5MTMzMz8/Dx0FAwuT4+RE+25556XXXbZ17/+dU6dAzrhhBMGg8EjH/lIeGuc5IChecADHrB+/XoomcmPhz/84erWCQbo5z//OXyMh4/Q97rXvWDolyefrr/+etgZWrrDDjs89rGP3Vw4aRnBHIAW/f73v4c+2WqrreDT+4Me9KCRcRzRpZdeevbZZ99www3Qt/BHBJNPEwVdd+GFF0Lh8HfBbrvttu+++962Xj4ikUgkEolumW79R3HR7aGrr7kRHh/3jPf6kLbP40IvPKbAoWeCB6wLZ2r2WdCca4Z3ZsJARdCJSwnCwXH3dXqPh/BepgqBK4ex6BqJQOdKAuiiOOztaxG7NjgChCoKxZaU0MaHiY33odAx8IFFJ86MxJ9faUIlxr0nPL3h2A8mRAxJqRBYpx0Tl3vIZw6qi3uJE5v4rCDGuuJsBZ9UZ68C/dYNTppUPEcIT4dx0t6zRmufgsW7pFifOsedyNhI1VD4IHvpLAmCw0XikYaErVMSH5VWypm3WE0JlCgon7r66+QBO+Hz626aV8tJj3fVpqSXPnqTO+jld1+JWt1ZeNxuS7Tb/M45l4VSuDOzgIroSc4t5N7hrDvGeZxNqoZNRHIuKYr/c+PFFIh1p6zjP4n204OKpcqUCGqxt4+tcSeehYivyeBxFGqmjXNMcs10GaG0m4p8KXGeKrqgHMeQktsHzUqYev1ef4jOGf35xcXpbrfVbna6HfhrH3YxwanIXdPUjLFeHr2Ga92nQwnWUzlus3Wwjq65zgRAxV08dPHVzshrQdZIp7Juk9TptHsLPWgCrEdFmaNdR5LSNc/UCi1bZVnAJZKWjLJQ9Cshf5SEURJck2zizEpcf1t3JdPf+Vw9WsuwTx1Vo6NFk951zYkteRjf8F0R1osIdDPjnamq3wgBRrGcJQyq3mm1YMmHmx0b1m9YWOgNBvCHeY49ALcBihx+Glmz0Wg2mi28l8QVI+elFP1g4HRps6lhBwSOWm00jBkWwzyH3hsO+zAlBsNBURB4Yoy16hZcOCKRSCS6Swl+EXzgAx8IL5/61KfG7/IvpJ133nnvvfdeqoQrr7wSQhHxFriZDiEN+JX6nve8J3ieH3LIIVDIKaecAvfHISSgVibOQy8SiUQikUh0m6vT6exNUrdOF1988TiXMFF//OMfb/Fnm6OOOgo+Yj33uc9l4gT0hS984ZOf/GTYYddddz355JPV5uvII4989atf/WvS+LsvetGLlskF02g0nve856kV6LTTTltcXJz41gUXXACPH/zgB5ciFXbaaSfOXLOUnv70p//mN78JL3u93vnnnw83hZ7znOfwFui98847b7fddvv0pz8dN2ft2rVf/epXH/awh7397W8/9NBDL7rooqc97Wnh3fvf//4TR/Yd73jHjjvu+MAHPjBsCYMyUbDzJz7xiYMOOghG8OUvf/mtJ04UJdN5KGmF+0PfPutZz1K3g+Az/6NIKz/knqSV7LkjSYlEIpFIJBKJNke6Cl77b/qrYFbCQevRqG34rrmOvTRULclIdLyuH8sHVgBILebtiRJXoNHBdMA6qqQqMngQEEtRxViVjWwMrK+GXZIqCC4HKmqUD9+Hgym9A7lFEHdCxIkLf/sDGTZJktHwLcfFiXFh8wfjvB24WGM8IhNHUb0pQ9W33Cups0LwgAnu4/IEOagH64e4jsdxSuNsUigybps23ukAABAASURBVJVnZWoxW8+3ENuCcp4Iia6FsOE4iJwnbNZQDakNjQ15QtTmaZwZqL2sW+GMHRKe6nif8R2iSTcqvaz9ySakownHc7Ni/E210+RieX7fol6rFKw4rDfVsR4rcDm0luJ4iADBFErEXHCup+DkGYYzYdRIjzUicVYs3Gx8SOmUbIaB9UmJrCqdYwv7AtGJqcopp7lyp0FXD9oBv29s4KZAv9dfWFhodzoz09NTU91Wu9VsNrTndZRyRkOqSug00rjapairzEHo8eKALGfgodjmCK5w7egXSxhZojx2Yr31iFH1FDYRqgbPW+1Gs7V69erZfFhA5TFZzMJiv98rTQ47F0WReHHdUnZxQfokbaBMiuYnGV3qvJ5YXU8ro9ManuZWPe0WKfaSUX4VY8sTRnPCku3W4IhN0WEcKw8oE6ZBKM1ZoLiV1QS0TTvLEjM11Wm3m4PBsLfYY+OT4QC/L44ESpGnw0FjMGw0Mj4CbhA0WlkLcaIEVpaGQkLN6jRrZO12iwBCC/3Wx+xF0I0Lg2GOIMtwQN9EF+hEJBKJ/rq1/fbbv+51r4MlHX4d7LXXXne/+93jd9esWQP3smE73IVfqoRf/OIX8IsmviM/MzPz0Y9+FLaP3Ka/973vfcwxx8CTDRs2rF+/Hm67wy+m2N1kvPA99thDiUQikUgkEt0l9bCHPezmm2+GWw8jiWmWEuz5yEc+cu3atWrz9ZnPfOaNb3zj+9///rDliCOO2HXXXeFj2NTU1L3uda+nPOUpcC9jqcO322673XbbDT6kjb910EEHHXjggeecc85VV10Vb1+1ahV8eFvGEgMKbLfbn/70p9UK9Ic//OHaa6+dmFHx6KOPfvjDHz6CPrPgngUnqVmeUXj0ox+97bbbTk9P80sYjiuuuOLcc88NXX3CCSdACe9617vGfVZ23333z372s9BY2PlRj3oU9Cpvv//97w/dMvF0E6u6vJ75zGf+5S9/ueSSS4I5ygc/+MGY/N6kfvnLXy7jCCISiUQikUgkErGYE6h5MkRh2vCPz87ioRTvDqLD7lyG8QyKqoXRY45E6VpkUwXmw0c2Vbxz4ugKDvn6qmk7JtiVv/zPWUt8aBzzUoQTV14seiLjUAv668rJBePPjgvBoLN2BMdoXWu8RfzI7WcHBYiiQikQSlWetmHzhKonsNGJC2frREUDkmgPoVgV5zCKc61QrJ98Xkrsp1BzyjoU+RXoJDgFVNXWFWFkqRe9mwo3ygegMacH+Z1EmVsiPw83CHxu2rqiv3+XVz3kzk2I39fVySOGqvYWv10jS5ZAWFQEqYyXMVY1/xiXYPV7n7hvbS+H8ehQDwrz24kkSG0iMhVR389BAK7g2iHRzLN8zQSgKRlrh41K5t1SZk+8tJ8dKSeASWr5WfgwfuGyOrk682xK3CxAX53Sz3LrGsWdQIuJWxgoiwxW0iXEgiMLug51miXoj9FuTXW7MzPT7U67kWEyGnYLQsMPbKkZbVvcIe4/7/mhXU4sQ6MQcsg49qpKPINdHSxeQ2jKmys57oTLZIt+KlK5zrC6LDHhTp4jNtHr9fq93jDP4djQkwFbgedZmqIlKeWj4Yw87Pzv175AxlliyupWLsHvSFmta1MopWLDidyIJi7Ljxto2q48jOYa4tmaKt+YG0AFnRKvvn5eKiKcDK0cCYx5Qal3oEd6C72NG+ehKwaDYVEWUEc/bW2WNdqdVqvdxFtU6HyC4BP7mVAt4b5VmeeUtae3OOjnCwsL8KI3xHJe+J8/VJJeRyQSiTalu2x6HZFIJBKJRKK/Romnt+ivWmefffZZZ5218v1f//rXr5BtEolEIpFIJLq9JR/F75ri9Dp/9w/HYvySpF1KFI5Z8tP4idZjNgeJctlzGIjgWLHWHIB2haoq4OsD7vSGDRktfLFxRJvD5Jpi4JpygBj2YnDeBM4gJARDLUaRXSBYabYnYNoDc1FQTDkJWTkinEbZWrw+DQYBLjROKhHjMMaFmxPfKWhMEDEZVIJyxekk4kW0CqUZTLVRuvQ2rrstER54iMF0GQlH99MkmIy4UC+hHmjR4LrUswRaVxlSkDYxuUs+oSh3D/MNHAunkD71KDo+wLuBOGFSKEn5CXItzlHFNcOGrjJYAz9H0MSiZCjIVQfpAkXJeZB9gbcffl+E+zeVXqfqv1sgrZcuTS+xffKGlVWA9mp1KL3OVvhVje/+6FLlJy2/nQVziBCUN3VOw3WvjTmaJdqhl6yWDRlTfDE4qJz9xc13o5ZpyAhmFVXXenxIEYxgYWqi71AZCImKEePdaZKEAjFDDzprpMrw5YkUgjVFMAdiziPwEXTaFIskexHNfj064z7MC5MXg8V+f35hceP8wuzMNPx0ut0MASh0yKCcPM4OSMXVch4v2joUxtm/GOUQIK0KV2vjLifsL5zTlCoKW+I6MLYnMZQwpixLa2tDrLVyaXGUsxuBNaXbbRvT7E53ynKm1+vPzy8iejIc5nkOS0qgQLjkgpaAJCmGBLswe9LIGsy+VB5KfAHqCvvS/kJnooSIDT8WxsC5tIeHGGWpUJVo/fItdQsk5vUZmx5Vx3pnFwer4GhamgQKwTesANScs3Cl3XZ37dq1i73e/BzmHBr0B9ABmDqngE6Af/qDQaPRpsw7SepnL8I3Gh8ROcrSrNVqQ79Bf/b7fZwSea5EIpFIJBKJRCKRSCQSiUQr1uNISiQSiUQikUgkuk2V6FS5fAma+QXc6uK0tZB04n1CbOQdUO1AHidJnKvBcQwchFRVXhMOuCe6siEgYEVHGSr4LJaz+FiCIzCobDguzOUzcUKxZO09O5zXgNunyhGkqxh3VAef5KNqo/HxZQ6DG+oViIo6DxWKwmqGTmomIAE14aYlgdXwp7HKuySwxwmfJFg8hK5sNJoQck0c+OL6U1e+MFa7ALnrK5coRzuyxFgon/GSyrwhhMMTJgM8PARqQEjXuR5oZFxSDcF0xHMSj5RQUdo6CsAVrYkl4SxBGKJ37zAJZDn/EGVsIX8VG3mBqE1RHVZtWhNKiBxcxkqLmI4wB0cLrKpmV3RSO/Zc+xB8ws4kKiuKItRoJK6veV4rTkcS8KsVAS/BJyRullU29nDhmeELjM+7bMnWley9U1yJeOEp5/uDzTDu2k6NN8mpHFSYFXA7OBsVBJwcf6NgivG8IAsNy1clZ4Oi4hk44S7EiZTw5CPOw5iiKIfDxR4l3Nm4cW56ljLudLutVpMwC87woio7kDDmNroaddUl1GuJQ9m0P691nVaWlhgrNFHSlLmG0tRkWZrYFOkNgk4caeSuOsLKvCVMwlAN5aNKGwmCI1Df6enpfn+wuNhbWJiHthB1AVeuSVPLDijoSUMJrBD6KHI4YbNRev4kZfCF2RhqqF9qTdXtVEISj3hYW6HOMDObKHQr4ffi6ZnosDSHaaMr+Cxyx9HLOAXR9DG2oE5gqyd80m63G43GGqUGgyEMYt/hJwOo0mA4HJZFNhxyriFrcCJg05sNYm4QQMng+Far023nw8J65FAkEolEIpFIJBKJRCKRSCQSiUQikUgkEt2JClFDz1+wW4FDNJLg38GBZQJLlI88VoXoxP2LuyY+tQRv8kXEMXdFpaXOCyREszGduvuKu/UBXGIZyDfBxXU5Nm5cCDWEu8mXwGWlCdWjKLJxhiWGguAVeTCBXvARZD6jC4sTx+GeO0eCyMhkJPw6QhdYn1vE+Hh0cArwWIqnV+jQDAOuVH/jKALu69izgDdinSgFPe1XWu07h+vuPSec7UYggOhk9FZKpgyE0bisSvSTpf50zlCGOq8scsuUCUEnpeNPPHRSFobJIHKCMY54IVbBjjAnm8RK9CY32WUOW4I+8QfWuBc9WmAoeAL/YSedtWoYTl1vBsF7Z2WUfsXVyNq4aKtUSDESnccu3br4ecVsjRyhJ+3tj7GTureqkXacRGV54tqDbamgKtfUJM3oJTNqsI/PqhWaa/iSYeshd8lS/hVMMuV2c3YpRMlYnjHaYWhML3HxyGAQ74A17PUGvX5/49xct9uZXTU7OzvTbbeajQwuHlomjOMcmNlyfA/DQI6qcd4gzg7JcxXWxHycYyx4LTBcSTTyMSm3SWVZ5sdL85XOGApBaphNyQ29VZwNh6/edqfd7nSmZ2Z6PfjpLS7M9Rb7w+GwKEr44SRBSWKSJMXlqtBZCZdfCecqGo2MkgpxmhzYoplx4hoQOEZTSBlP52GusYgdoXcxGxGcDp64ohJn2aQ8MaSiqaxUBSP6YkZhprDOBNMdret7WAJQbFKWuJA0m61Wa6rTaUJ7EToZDPExH+RFmed5kRcGIRwci0YyKIr2EHmTRoOhmzRrZs1mo6mUnnyxiEQikUgkEolEIpFIJBKJRCKRSCQSiUSiO1CeOFC1GKIN6WDIBsCRFhyPdf4npnIP0EpVeTZC6hn/6Gw8fFjSxSx5a1wT7zWgyB3DelBDOe8OtkRwrIl1oAoGZ1NO7sDWAOy8EL7VT5SJ8j4S9Xi7DgxC9dV9FTARiB3TPhQmtiHAn1Rpe7xniK7AnKpszUYJGIDGZDrEh6jKQsHtkCJ7o7nObGyAjXVJOVzJCQM3PuUJfbu/tL6exDpYl9qiAi6MDik+2HnFZcqhRCROGe6meQIYZzrBXjWaMuawbYkpcOig+pgUCD0SvOkLR9ZxrJjo4a6z3mel3tebExoe31cvd7hP8mNrLIeq2VwscQqH2lQlVTuMYhxxWVbVsCXtXDVc6wPeE3AExfYV1QG6FiwfmXxqiVaONMDE6Ike7bWqwOjYJbvRXXlhKk+sRQ2L4ToXtDnzb7O7BnInZLJC4tlbXYLBi0OpjL1YrB8/mkGG7EoQGvGEi2YcyjryJKMdTSNNYI7meb5xYzEc5osLi91OZ3a6253qZlnGs1xVqXV0hU/4rX6+WF2bAkmYO/UecvVhe6WiwMxByD+kVfaZkHyHQDCkJpAF465NuA506RCuBru1WlmaNTrdzvRUZ4AuH8N+vzc/vzgcDEu39pkqZZJ2DiVuiUsQT2s00AYkzZKAtphqKtrIBKQ2wfg5tGIwGDB0QuYtNkUPFRXv6ZdQ40vgTVXaMF3hhzxM2H02uhqZYPScHaYBS1ONZk9lrhSDLlmSdlrtVidvFWWRF8UwL/JhDnXrL6ADSt/m0CFQw2arVTQa6HrSajVoiJWafHWLRCKRSCQSiUQikUgkEolEIpFIJBKJRKI7VLH3g2VrELdBW+9S4H+qQxLO1QJb49if1i6XgtZRhDv4DUxEACqegj1FNKbRwSw0xtB33RMTIr7sV+DCpvh/iqRJioFpxkF8RJuD8KZqnrJR9pGREL2NYuxQTOVLUsXu3T8pAi6YXkepmscJV0n7ZtgS047AvwUjGjYyHdE+kw4ZsyifeChhpsdi9+nYpAH9I3yiGowUl6UtXEodjgpz1+paqJyAEu4jqwPV4v51aA43CO1fCDcTvXn2AAAQAElEQVShQHnJdXNcC/eDKTAfkKVWwdmL0rs5uLYq6u0QkrYOQ6lMcuIxUOPSk/4ZnSITD6m9rWvvR/yJnbQ5PthZjaiJtEt0BvpHx1trTyAUjkQO+Z3wALv0OtzvzJ1UiZeq0zMVVSXZscuk2qln0JlQWWvVGF5QL2DJ3gxXgZ+r0R7+wlPRvGdXnYIu1DQiVsgrib06CEGJauumoAp4E6r0NFXUCFONlq2qoBz85nPWwNKgU5iN/UF/WAwXFxcWFlozU9PTM9NTU1ONZpOuDj6bDj1nbCjNpROKu2EpLGekE+nahoYXKRMfqJT7J3G0V4IrGbFzdP6EyROG6ZhJ0WmK2YayrNvtTE11oSP7/X6ns9hD9GRhOBw6qIvhMlUkaBNi3OhoC9dxlqZNtPxwHiCwgsCVqSNZO7oKq/pk4+WJL+mszNJMc34yG6aEdtYwUQmjuXXqJ6oZ+fCxYX9i3BJuU2nClLBotJK2jG0wwAaV6fUGi20Y0h5CKLToDAeDIh8O86xZ5NBeR+qlmRKJRCKRSCQSiUQikUgkEolEIpFIJBKJRHcdjcTUA1ehvMNJCLyrCIsgUEUHWEIpNRq2dhTFWBAcdzOYasNwRghEGxSyJiWBD5aCy457UZxzQ2VpwpVJKJSLZiGJ9oCIDkF81xC3kfxCaqdmCsX7AvitDFtUzVeavQw4UAsBYuXD4YEfoOb7L/sHewDkMjCUi24OLhsJeYg4wxE2ItGUBge5kITjurryKaj6yAeAqU9KTvNhI2cSpRyOw0F+X6skwCsuMYmDXRKX58SppLwghfW+DFAd7gRTMjGDHieakvlgZBpbZJk08kNIpgbWJR/hvmBbAx90Vp5GmCRb+6c2NZbaZJfZZ7y0MQBlEt8SoSdLlRM26NHDSFPT0+wEEx6zkqATRZYOzJ00kYSo0SIB8xonTsJAUudGxNQy0s6WaMkdbA1cccdUFi5cB0cxcUGYWIZcelS4hl0eFsvXW8l4lnIeSNoPPsIoxASEq7His/CJwyP4cuPNyl1EiQPbrGPFtJ/WfPkwKoHQRRNmZVpQ6qcc+nx+od8b9AYD2HPaQQlp6Bh3jbqERn5jjVDyM8BO6lcbDwFiYph0ioaY/EJKdg3BSia04uDChD2BxIhbk3hBwXeNy7SjKVNV2Ww04PBut9tstfJ8etWq1fNz871+D/1PhjnuynCIdqscOcPAhVnked7Mm6122Wy2Ej/yaQIrVaaqKaQmoE4VPITPmfLLrKOjtEvTY3xHubFWEU7I+JCOYCnfSzSslnxNoJdo3GyVoMdS8SkjNXxdYFYj6i/Ox1WijUnSbrZnp/PBcEC5h/IcLVBy7g1oOF9TjYZRIpFIJBKJRCKRSCQSiUQikUgkEolEIpHozpbm0HYcjlVVug0dnDKYJQm+J24/n2zBh2QTtueoYvtVHHzk6/eWoIvSGnIEgSdoekDeGqXxoWo4c0rRXE+zaGfaoRIyBcGXnMphNKOLbwlGP9F3IEo2EeABG/mscOTUhIhqSIfinBngnBhCrTmghN08eVIlpLBMnISuDM13gWlqh8V4tPa8Dtkw1JCGqkrkDVAasj3RdYiDupRMZhK2MUldtxPawmiMTpxjAQXELZdHPhXQ8wWl/SgVQSdFwbRMqdhggVgXzTwK+5ro8Twt3gEhitZX/jSuyzdTE/w47BL76GVJjPGjOI4+AUxZAj3ZVIF+S7PZ1K0WdCyCAsNhRpmYNPtIwCOEyeENRhM0ziQaM+hamiT+GlO1amnHezmuKdh/jNucVBekDo4lbjLbUE2baD2K25jKi8JPVaN9ehSegS7FTYRnuHcpfRQ8YbgGmgbTx89ynWqdl+4lIlB0qSPxxPhC4q6lVDscI9XOLMS4mVfZ+LhjcBoa7c2C4BpLyUMIyRKyJiIXnnzdzevm5+ZnZ2ZnZ2baHVSapXw5UF+UznwE0Q0TMDu+wrmrknoPsauL0lXPO9BLM5lhCwNr11Dl2AMhYQ1dh9hpaZpxxq5wHF1K0KuG2gZ11yUnFyIgo03qdtuDAQI0i4v9Qb9f5i61lQpUGg00XKiwG1y0gywnwgarl2ZZq9XMspQyDVXAGXVhtRwHWxz2R8EnBa4y0LVZw7nyEFuDtWV3I2wXQX9MjQRsRQX6xF+oiQ4dy5AO9hUewn1uytT/QqlALq0zzYSgbWD5yjQb7Vaz1WzmwzwfFHhVDYY4PUqT5/jbYpAMlUgkEolEIpFIJBKJRCKRSCQSiUQikUgkulPlws3O/0CzI4cOLxR9LT0yAKBsCFpVnieUSUNTchgKF3IEMYOQqzOW0CGkaJ2tiPVxV8uuEBCbZg8N3o1TyaQZhm4xKGt14kOl/AS3OCMBRa4KLihuPTVgGXpwSl3I2BoXrk1cqNS/dhFojP76kK6OM0LQV/+xPFMm7KqiXCDa0Ff0K9wEz0Exc/yHIQ9GTLR3anBJRyydnmEdn4JDhVgwluz9L3Bf9n3huhpqcOIGiAtXfkwoym2YUsDuSj07E7KLGAi6FwUEcYd96Ht0OqHzYRy3LDirELm0lAQFwGkLNz+U9XQMYSfcXKXr+Aa6P7hqO4+F6uzjpEQ0Caunk/eYgIhE79W8TzbBjKiQ9kNNdrZgeklvspi6Bv1+ilF+DMtjuD9tZY1mU+GcKSlgj+F8nigMnTh8yo5aAFUhfO5ab/8RB/hrO4csJ5uupF5qDGJuIG65ntSh4fIYr0x08SSUusmlm2EPnqSaFO7qwsOQXVBk/uF8TugqTHCW81kCpsG2MH58dDWSYRTxMobLaTAY3jy8aW5ubmZmZtXsbKfbbbSaBIK4i4x8gGh+lwYXmU31m6q70cBZ0qqbHMTGSWo4105GSpJUOzDFrau8W0QI4UPi4RXCu9wSBIc3Go32VLc7NRgO8v5CbwDqD8jWxa9u1hmQFGStE5IZQUuLPG+2sAxXkYihIzQtjG/NpyQQeEVh+DBVeTrp6DnOalOxSqpKbRZdS+73iFWxpUrsxMN5x+AkpVU14IqX8QR/i3B/mlar7Jgh9AR6nuDyBQ+lsZsPs4lEIpFIJBKJRCKRSCQSiUQikUgkEolEottLZBniY+C0RVfh8CgkWIvGj4ZrOVWGpiec0aYW1Sc8A8KVJeXPsRSBpZwxpeGIJEWoMwpWcrQR8+dYH9NMHC2iPcnC0ergnOLqUIt916oaAqwO7WDiRKmqiCiLSGi9d0MIviMVRoMh7tIGw5RAn/jQdhLcTaqibOSs4VEV7x3hbRUIiOE9NLEx4U33Y3XIbuHMS7RNPMjgBw1rWxIEY4liMVRUWQ4LtA0YoMeJM3vhfdxpaGjQeQYH0JsXEF0SutSRCR49CQomG5vHbETB41DC+F66vsskzMIFuScdtcyJR8kKq6IqraApuGu/10PYoJE2GhDoT5M0zdpoe4JcVQ4h8qJg7sQQl0A4ELpilMpkDp6KZ+fIueuB/Gi3iJ/ZhOHLSmRrGWTCGdV4J2pdS1cVqIJwARifCoZtP6Dp7FaEXh06cGj8VFftcsl0EgLFKocWw8matPLcidLW28BY5XO64ApmfJ4eeNLv9/NhvrCw2O12ulPdmZnZVruFY4NAnHHXTqI2pc3oVeY/NDUTs9WgYUgaMRZ2BDAaOVb5xQHmDHQazqQ0gceiXUx1uoPeYHFxoT8Y5MNBXgzdqmOqaWNMtYoRxJen6TDLsmazwf4rpFRHK5CJcom5IWM4juqg/CrM4pEKBBy7s4TmxMtcDLLwahqWY7ZOGemECX3CPB5av2APYHkNhRRO2S4Kk+fDfn+QUyOVSCQSiUQikUgkEolEIpFIJBKJRCKRSCS6K8ixCiGLDYY/kxGEIcrCoex4qF5FGT4cp+C/II+PZACCYXf8Uj5m0HGWGBQ4RbFBAPtzRFHpVHm/kAqGGa29HXkRvfZwCfkIuIC4Rz1cbFT7SCkbd8S4iXt0Z/fRUsfhqFBsFW+3ygdqlbc2iMpxX/338WITVdl5h0S1dTvFBgAEBVWmCUpzzzCvw20y/IxLKQxZEmACHYXJdJjwMQVl6sjJlaRO4FTdYmrggW9zMJuI3lExR7OsNsOXwAaSwnXgpMOtqoig0e0V2aNqVV2iXpOy7fiaMIekltohCDp3ODBFnqcZxvizjNAJh1EpTEeSFwVF7ZG+0JToJbFJjrgQn0kFlocIMGV0yRdRohwMxZ3BSJIbBrsSLmYzFDNQY64nzp2C0iwhZGBMLeofrgF3JdCFxP4fXDI0y/pVxRkoJc7nI2EkhTZU+WwU8SZYWkILheVeMpiuiDkVTtjCyxNeD+wxpCl1ETxbXOz3eoP5+cWFhd7U1NSqVbOtdptBLU15YqzLVBM3Q3u3jdD2ajlw887a6C0sLU1TNjvhRyY/YBqgX9MkMiP0WNge4DI+hFcWRc4lGdqWZK1OaziE5vSHg0Ge52hORJnJ3DJUOmqEXGNsUVgyQMHlNmXGKUEbHiwtzbgWYcFSdfIjsZ4HJPyFl+ZQ88S5IHnYBZ8aNnHSSQ3kCV4k1TxxVicei6Nxj7ufB4+2EaOoOKGSpjokNO11kRftznAwzEemn0gkEolEIpFIJBKJRCKRSCQSiUQikUgkujOUqCoIzMFHjsMG/EJpDzV4exEOP1csgIspUwCTC9WJ406Usx5RECgsLdEmDH9gjhZ3YKo4qEhxUQxbuiCycqfUnIDCKaYwKiBAlzWHCArNe1Fokh/JxsMjJsqBINbWCx61QNBKx/lAlENHTJX1hlkWjphzSgodfE5CVSnKWyqrRrJCcJjYew9ox+GYYHBCwXqOz1PI2mAcNnRB6UweXMTfcJYi6uES3QhKypuDEWno+9zgCBRKcXiaQRxFqIoPi3vCwUX9rQoZP3x4HX4KdrGAwHjAZaK4vGWXgqqBLoC/EuhkIj8yjo7o2g7V+OnRQ/VYURPOshSnUu3s/WtGdpjQInTtMaZQNtPkHgQPTY0ZTWBgOBUTdrnmHrdsLwFD5iZcZWSC/ZU4cMsZeBAMUhFP6vaXtaOIlzMacc9jVGLi4e7aYBQDL2+i2Ti/C9NeYa3BJ8Sb6AjgYqwE+o9TyjB3QrSD0aVybj8V+pQQR4IpqTSneqKqwZGLvX6vP1y/fuPNN69bs2b17Oxsu93OGqk1Rsdl+Iq7Bag2seI5GJM+vGjaQKvxooCZqYoStjNzE95lPCXGUGyNX1G0Q0LVRjLPXVcqIWak2Wo12u3WMM8HaHmSI32CDBnRJX560AruyiwQNSt5pHCFdcssC16mAabTfrXCbob5mypYN4hr08ipkIJjiibLFMU0iXFjjVUwNe8Td9X4tdj9lgm/QWpwYIVVhZr4znHjS6gQvWpkUE7WyOwdchWIRCKRSCQSiUQikUgUq5FleQH3OQt4okQikUgkEolEItEdIvpuv5IP4Xddxd/hZxcNx2zwIxMXurZ3JOvitTp+z7ofS+ldLH/tP89zl+glgCzG59BROiRwcMF3wxkzlPNeZAAAEABJREFUNH3p3gUpnQ3AmPNEhQD4t2xIG0PuKobNAKyjMUyIb2rffOUiyWiyEkU8Q6vj8pULf1fWKbwnBHC527ghcTnUh456sWOpfGr9aZliMd7/JRzuMSAEcBLvOsGheYw1c6KNsiw8ZAMlFBh1tyXlL4ISCzY7segxg7wPZcgwHmKo+lBXY1i5TegJ0AgbtIRW3Cbx36UK0fX3J+XQcexLbWMVsl7yLPWZtOzOUeqkUUFE3pnGGDeImQemaFopkypvhoH7lMp5RVRZUdA4pB5Ed+wDmUkQi6VHvDdquMBtFH/XE5Pp+JPaOH1UBHZxTcJjOJapmrAdkQfimAgvYbORsAb5WTfqXmFhxhvrMBDrwBOjFRMjvGK51Fx0rCNCeDwITDF0EVjEQOYW+r3+TTfeNLtq1ZrVa9qdRrPVopMv5ZlhA16nVIXCpEnMqLkTIx1DYgKDFgiXakdHHif8JFw5YSjDS2NNNKjOisk6dxmdpK1mq9ntdobDYb/fH/RzeFLA+poPvdWKjQtEV5gk4foY5J/QjQfzP2UOJeFxqWpo2U3Hey7RysWWKbHrCfvYcHvDiYxD8Uw1E3S9sdWE1VUCJauUqhkoUaqwymBKRUsM5RbTWZLqUolEIpFIJBKJRCKRSHTHq9ttb9g4v7jYXzU7rUQikUgkEolEItEdIvgEDo9T3bYS3SUVfy/dxwId4pB4+sTqgJXoOnbiv1mPaIjbwOLoMIQp89J9Dx+DvryDz8BAccXEf3keH5WjOVxsl6PMMfphtZoU8Vch2YijMLwoxO9ioImnVip2wH3vXrtYv1YcLw7douu4iec5Ev+kChkrH0p2GyEk6tOG+Ec7kajwDiLuOUfU6zu7iDoahmgO1rt8ILYCcUrEeziVRpFDo8kcIxixkOWJQoMTyosS0BlDqV7Ij0Ml1vj+iXrY163e63GakUnuIMFGJhoftflUSnzOsWOtjnaJuRAdV0lHe3r7itGCaqebzJ3UD6hjQ1xC1mgo7nBKeKQIOmG3HEMUBCFJmebX9H2YQlk2iuFhL7V1UypACXTVlHzRUaYldPFgpskmyl0jRAng/I7sgCYCTSuRdq47kw+1LhuL5kmifUKc+Fxx7/DcD8yEU2KJktKpsiFtkA5JZyz3F3IHlF+GODirvKUKM2iIoOD/lnPoIPzgELk0YezHoqFRygAalYIFkEuKGQyLwTDfsHHuhutvWLvl6jWr10zPTDebTSoIxzB157IVDmK5Z1SFWUVzKbhx6OrCsExjlGVliBSgM2f6wpxd1PMqxnq4WA+XlTA9Es4z5NYtKKGVtrNmo90tMdVOWQ57A0w5kw95wYUHz9ykVecTgANlpg4OQZqETweVaYCyhvetChUmOxONWAuv12x5Ar2bpRkTJxWz4rE712pPTdlgSeRTF7na+NYr/ztDuXnlfveo2hpaLcxQKbiibsEMF4lEIpFIJBKJRCKR6FaKoZMbblwn0IlIJBKJRCKRSHSH6brrb1L4abyjRHdJ4TffdWXv4b5W7+gTF1lWHjrxbgR4FL9PAWAfe7fOAkT5kCXGNCFUWeTISmjlToNflU+zJEP7BlKGgUvtIsUWYZcAjih2GqCAL9ckuCpwhU1EmzBmEigV651OPPNB4eyIOCGXhCRO3qOVjuOYcezeVlFSG0iRGNkJTxLXHN6XHkzhek+PmMZQrdB6xJ2L/EhcZD+0ERGDJEAthiO4ZCpQlqYwmL5DYTKPglmGoaMY2LNEs/cDVoh60UMC3Nos5EXinDi8gwNNRv1E6igJV8aNggk+ES5gDaNsfZD9lubAmHhYHWSxqmqM3x6lwtHxnsFPY4kTBN8FvUnupHYYHWfKAmZ1q9XCrie/mawqTjmmyV0EFhOoKLKXwPwpJYfn3X/WG2PwkNC1SVgXJTUh8oCbV59/9Trput3IbS7triDFeMHyO8dXEYMIfP0Yw21TYabzNancEwea4BVFx2D7LZslwaFITWj3gvk26Cs4mK17bBoWNVhlVEZzka4rnToTIasHw/yG626e27gwNd2dnZkGtTudNOXsYgnDZcHCxEMRfPXZsjCu8qoaDGXDJOJBdym2mGXjBREuUMuOL2naaDTizDtKqeVHze/D5jGK0RayHoHyVafRGgah78kgDE2VBsy6CetW56KIoblhNmw0mkiepJl2/jRu3SFk0BDLgvQJZghKE3ZKwfw7lPyHlmk3PQm5yWwEcblMUraye7JRkqJAnKhA29TBKR3WS7+Drk4nEolEIpFIJBKJRCLRHaettlx7zbU3rlu/cePcwuzMlBKJRCKRSCQSiUS3s9ZvmNuwcR5iQ1ttuUaJ7pIKxIkPnCYMh7isOVXIj2CCytsj9plwgggn5m7xuWw4vAghS4hiKvdleE6gg1gG+5roKpQ4IXqo6xYZ4fvy/iAbG1yoGqdSRW89LIOEROJcW1Qtm0RMgkyKYdpRZ4taJHR8I4V6fRcx/6Fq8VNWMCzhV84wI4usVjRjH9Y3yDiGBiPImLEIfTBMjhYyiOsU6IqBOTQKZQOo49w+XLC6OtfIE8VhXu3j8bwxjLE3grHVRrYQ0bpWGiJDHObWwUDhttbICAV7krphSa17dXVofcsSAEocKtcrqAw+Lmxc32p30ukOROFhksFQZNEE1s45Qyky6cCrTkHYHrO0JCYxLvWJce40oXS27qDAP0Ng6EbjKAVb64TxK0jfriYQNXhKj78ZsurwFp6/CTujUAOrVacyyVD+FWaQspHpS+qblljn4GMTvgpQdEmUxOsg1uPRNi4HezCwUZ5WQ3OOFPP8ILfV6w16vf6GdRu6U93Vq1bPrpppt9rIXaS8g1bOCckSUYXgmrc5Yu4k5H2xEdKkA+PE1QnOSMFzhLOOwRbOVqMjhaqO9Le/uhQn0AlrMawaeMZGo9ls5HkzJw0GTb4I+VzEihRkAFN3o/HPEWArYD8Du+Ek1gwVET7CPlTO9MT5o1gcnZxdTxqNRppWI86cDR6OUJsOW7BRtiL4RggbPeLyokZTNbntumqBICcikUgkEolEIpFIJLrj1Wo2dtx+m79cdd3lf7zyHrvsINyJSCQSiUQikUh0u2rDxvk//ukqeLLD3baBWJgS3SXFuRRCAJjCpD7TRRLQCnzhMRR3oHHWDD6ASKFZdt5AWwFy2qBvuzvHB3jCgVXlQQ9v7cDBx5pbxVKKCQ9TgSZKs8OKMzuxlc8I4xd8uioWzbFu1/Ba+WpyGLTCWayNqxlbnoSiyFUBz2Cdw8oE4sSdzZmmcDl0xkQrFYeeyRfAqJJZE1NQqJoRhZKD7gbRE0N7GkqR45pM5IQJVgzOPYDbVbl5WEeouFQwNqlVL4p6K0dsIFqiKfgeYT+JVsEFRrMFTpVjZ4QdWl6bS0pE9iTu6Jik0bq2xafYUaOEiqqZokwqf1MVM2W+OD8c9OayRqPVamQNN+8ZzuHTOgcHjsNbcgtKbGpVYnSChjUYy6eJrdjQgyYHYibKv0IDmQZNjtInkVE8125XxGRctnKp0FFiHZ647ORh46wo3EfGhBQz1ufTSb2jiYcJ6JJLDDFD7nJNmIjSDMU5xxSi1siEoyxh3lbJXKhSmBAmzs3lbEtKdzi9SHRKa5zNi+HC4qA/yHuL/fmFxbWrV7c77Y5zPcGCwtVNU59gIH50bXcgBdosecgNbVlURU4wdWEqGxtvbUTeJwGCCzm6HMfiT2w8ZGEJoHGLjmJnF7em4WKLKXKysmxBme12O0AneZ73+/0k6ZeIlVTGSsGoBk5OJAlyJ2maBwgmYeQkTZrNJgEoVUogS5UfDAaURahk+iQU65qskBcKpSn/+0Yh41JqT4y51SWidoIrS1iCOYGb/13DlkzCnIhEIpFIJBKJRCKR6M7RtttsefO6jQuLvd9desUWa1etXbNqeqpL3wkRiUQikUgkEolEt42Geb6w0Fu3fuNNN2+Al1PdzrbbbKFEd125sKlHQbz5R/W+jqwirPH4hXH4hXNAwVgmxU8pnQ1GhCEEydgKp4DAlyrk47FR7pWKyaCwsmM0HADiQ5L8L4ci3TvBScS6pDHWmaxUhiiarVsYUlE2juriExua6L9R75/EAc0qUM4x/iXyr4SAezjO0yQ6RFq5D52fSJRQQldpUjhxBFMb1lsooD2EIbcC6GOyeiiINXEAiovPOlMTyxFk31eGMpXo6ER8MuODt8qHtblZxpcUNy2usJsFSgVWxoasOghYoJuBoVYvAXIsp/GdV0hTeOcDPW5fopd4OWGLjt/RdfuTZavUbKTD4bDf66meGjYIOnHYEaEUdFQSkhuBUpwrDn/SDCkYpLSMLfkCgeG2PvESugZZBVcXx/UpH5WbG6HhcbKS21u23geBq4hfxrhWuITiLXzBFGWZ+gIJDeN9EmZNHL6VptoNrruYHdZAzASbJrEHkKczFEFawWJIeV4u4WlO6AnBMdjrppm1mw1kLvqD4eDGGzeu39DtdmZmZ7qdTrvTbrWaNEzWT2hNbjZmZLI6LMSncYrptJg74ZrHOYk4901ol1+krCuktjypuBu1c4Khy847q3h+xTEuvGeziUlzQDnl3YGJBMu1w5hq+WtwC7wJFzwuj2irUzAuMhzmjWYGpcAdNL9YuwNx0SdiBcoPQ8PjgrmEoGZlxeVhhqiKQeFVXU+46LWeuGxUy+vtnEBKJBKJRCKRSCQSiUSi5bXHve9x5VXXXXPdjXAHnG+Ci0QikUgkEolEottJ222z5Q7bb6NEd2FpH//TVUYIDphqF0DVIbcDwQYUXGWyI5IqONMF5X/x35DPuDj3o+LkEobhi9HaxN4E2kXUQ7KTGnFi/SuO81odtsflUT4dFb5lH75vr7UewRtGAuXMfNiIOOEQtp1kyaK1jkvWYzl3YmuDiUPgGu87gbqZ3EtsifYlGNEtqHsROkGzE0wnUtowFAyLeOLCwlHhLT6Fi+6qygtisia85QPiqjpdNXbWB9kDOZSMN827Qdhlzqrr4EfUVZuLodiRcsaS7Nix1Dl2qZLH96i/stGeFgLyypYQ1R/mg7wYoNOJ7zXu9KrLeIPvN+ymTKcwh0s05NDsYqMQW+KMJpj2hKd3SUSKajQcmoDdHTwwlKrnZLlTFEMM4aLSUX4ZE0xcSNCwkpcMRBxQKVELBGr5EjAll/LdWF1sitxKbAIXiSoTo01CJAnnKGI/oIKqonhFIg8e99JWLj3ch0nKOYysyctyYWER8cl2q4vgSZvRk2aLDbuImKGGBnSCmBYcNR5T+CelJ2zVMtI/2pu12Ai445dM57kWJ2okt4waW0RoKTWa16iUrj8C3KgcG/gehl2yLCtgdg6GQ2JPmBSBGcXIjqsJJTCi+nBeHsu+MGmeF0VWNBs+8w72aJZx2h23PoYFNNQNpie/Dq1jriaQKzFcoqPsPGpZ2U2tASKRSCQSiUQikUgkEt0Bgrveq1fP3njTun5/0OsNitsr1bRIJBKJRNA08VgAABAASURBVCKRSPR/UVmadjotiNFtscWa6amOEt215b92zl84D6l2+M2KOOHwufFfh2cwxXCkkUiTAtO+4PYMczwklJOBrE0oiExZKfxX9KPEKzFtEQfwlec72LXEx+5VnP4mIk6iQ32ZhuO/2vm3UP6YxH+XnzCYZIww4IA4l22qeoaIqusSXYuKxsTJRI0RJ0uwF+xuYioniJK8TEp0N4F/ixLzFjmDE4RRXJ4N51PiOs1XX1GinNI7efjkJZ440RPrybHmYF1Sw0ess12xRLck9bZgpN555DDNUzEpKkk2HR8O9AUXpuoMypZrZ1/wrP1222W71m2UpWuQF5f+8ZrP/df3brx5o1rW+KRWw2iPccEwQQy+0WxCN2Ig35rM+5pQOhXn/8MhdkvwAyeIMiqks4LVU5FHjLYJROhVUiBZBAOSpmSswfY1QzSqMA10UyGUwA0czhw6tLIuGq+lUSbYS9CGZHQP75dSZxtqhTm3G2KzQofw5cnrgqquO02GGRanIvMgVmVZEuXZYcsKLksbAqxUqmD1wAuOTHugjYXBDnHZvwi0qS65hPxLtE2he3UJpQRMLM1SWyhCtKxGgKPkuYjsSUILAvvFIFjhK51kCsvB1g1hSVtY7A36aaJnZmZmZ2embIcWN1oxyQgkJR8nl3gswaRHlmxpcLTpZLpQAcvwoJut9yljWdpDIsbTG5rbQYxGav1uyjpiTofisGS4zjQvea7fcXmzvAXaicAHLMymYcpms9WCVSUvULZE7iQfDuDuGOyuEVej1GgI5XAlVemcdyzsnw+L4FOiM92Cstot19tpCjtA6VnGyY9g4SfjmmhxjDyjaOiYPuFGJTpmSbgPFSXqcixLljrgjaZNyVmK7mzESiQSiUQikUgkEolE/8cF977l9rdIJBKJRCKRSCQScZTSG5KkUUYI5dNSYOCvdAiGpii5RhiCXU2cCwcEanWWkr0JxBGzDDZCwBDCvlmjoQ2Hy5V3SVHB/MKGMH/MnziDE02GAonyVh7eY8PYil/xtU2Yt6iMHlJ2aiEmhTJBOKwGnqauad4JREdxUB1ylrj4pqFUOBhiNvGX8LVvAuEZHLunSDY9sdrn0CEMQPsDNIE6FCOmJDWKjSoIKFBJ4mxWFNIl7EIwHA4HvUUMH5vSOOCDq2oTLNdyFiKtJ9uIVGyIbyBXlPal9iTeg8OBC2g3wZyPCYcSMKCU975xDYzsPjDqXctay5l13D4xJrRp6RHwY8u1s5887l9nZ7rqNtV9dt1hn73ue9jrTxzjTtQy6Ila2mGhQEbBwIRvNtsKGZQiY4sIV6Jm5Kk6Xmt22NARheD61xt6wJRIPUIAk8MUpaLLji49nB9wOrzEMiRPKrbHei+VZJmQfFwXO/ntTW0Z2W6jqyJkmYn2i+AsstAog4WO2yHQKjZkkIHiMDULXTOKiR3GbDx14tLQOKKKNkCPzO6y05r77t6527adLVa3t1jT2XJthmyE5jQ00WOt6db1fG2fMBpj28eOqz+Onat2xs0613JHDQd2Yc7MzZuF+WLdzclVV6bXX+fzNgXqjjvWAYYE9JiG4TxoSLmUeb7QW+z3enmOaXfgP7JVgmlGCydxQyV5ntgi1wwPwdnTZDAYNPoNlz4tSRvNJnpeFbgW4OsUt+qEPWa4PgwYKR59mLNwLofIRFKe0alYJ++UE/pBqU0boohEIpFIJBKJRCKRSCQSiUQikUgkEolEojtAUagvCRusColaFPMHFCi0PsEKhr6tF+zfaDQ4bwKFGSkqTDYniUpsgXADG4g4WET7ZC+ePmF/Bv7+vvLwh/NTMZWTQp0zcXv5VlgX0rcuSusoGsVxai4g4dC/9t4t7GvibR0cgEIBVc4jRKezLgocoQjOaaHqPxVS17Bnh2uYe8eXHewlgo2EC827aKwlNMeQ/wU+Hw4HRT5QnGRHmcg4w9KjIqqBLTOMqhoSWJMxb4VJfIFDekK3c0YlJlF8Ph2eEb5Tne9M1TqPMLDPhccfXM9YVbOi2ZRs7V+tX/CsfW9z4oQFxT7/mY//wMlfW4IyWQ49UdF73MdFUSQmYcMORK8azYwTTUVRf589hPqX3+LRjgkehR4naEnC4A75ZCRkc0LWDmqIOJc1RAUUZZqazJScPIUyyFTgx5LQzIS34xd+rDdPEwkAW2Wrctd52C2hHDo46bWzEoqhGSYMlO+0aEKhkHIgTCHR7CNi4UVry7VbPPzBWzxoj7X3uVfaaNjadHevPLGhrBpbS6r9Hf9h6xxJdNT4cfFjtf/4UbZ+Lu1Jm4nn0is5qtnSzaZas2UAvNAG58q/qD9dkV76+7S3qF0XEeSUhPWHlnJelGF1aTayZrPTncpzWHMGA/zHya3xCp1UeFlkKIgONHCu4TAn6ISsT1DOgQf+BelUE32CV4TLBxWPcml8s3TgiHBgnUcOg4MeoYqmGV8/djOWFZFIJBKJRCKRSCQSiUQikUgkEolEIpFIdDsKPRGWCjO7r51jEJjNFSgISBkrrE2cCUOS+qwTHNuk0LL7vjoeadkgxYYyJ56MElPUHEes9cyJXZFdBsdrtQdZ/MmYmaiixS4IHhxXHAtjjQ+RB18Qv3N8Cp0kro1cfOi6iC4gCwtiU0Ih8RPGaVygNQkbMZUO5tEphvAas17kfWq/4bwjVIBhlET5+LSqcJiRnvGUj6dI1Ni7oa3OD4aZHc10Qwh5m8TvrJ17BXE3OiZZtK+HjTNe2JCho94JVWcuCT6Eatrddrmbut10z122i09Wq4aetDFIjz7iVQFB9AL7E81+4JJYHPQpDJ9R1B8bmyZ+X+WnpJ+IKqJSlHegYVwA8+u4SYsDmuKMSfhqhMccpovNkF/BdDKWkllRdJ8z3eiKKHI0Vv0C1JOup5GNS6wNm5Ady9DDi0XY4vLIMKIV9QOuFCaAF7oMx1I9mFYhG42EU2u1Zmd3+scDdnzCY6DPN9enpMZ63F4eJ4EUseqWnstvWe5YN1lhvu18D7XzLvZRjxleeEH2y5/bfr9COkhuaDxDmFgyzGk1jGnjHC6KXq/X7/cHg/5wiAAKbFFRchwex5ImKEzBIi+4NKUGSZY2Go1mo9lsFI1GjnMRiZOEcZRWqxVoNR54wv7cBAjON1x+kpo0SSsmkkbfePJQiBORSCQSiUQikUgkEolEIpFIJBKJRCKR6C6iVCfRK62iPC3GWwwQcVIScUKpPdB4wx+gOapIaRToS/AJFeECopS9QZFhAyMM3nykFsm2HgjhMDRuSrQnP7QPU/pdJ8na8JaJUr2EFA3avaQSdB3FsCH8zZ4edhRx4TCrD39y9hkT3D0ciIEJeGzVKMtBf3e4qts30EtKO5GlEOM1ZU4ZisrSwJNhng/h/ZLSFlGw1RB3EDxiQlNH+qJ6aaKt2kV3J4p9NgxH/qmjCm08K+OMStARIXAByNy4dtnQeyFXEaU40hxmd2ONvIxaSrbCkJSa7B+hWo2Gut3UamSB3gmVmgRZ1DdOgjBgMClfiWUUBIP4ELRvYodoOAmnIFE+5RJ7fLh+jqgl5kqUv/D47ZQnMjIXGR2bGLbFKd01ycBPnudlgv8RBea8T9w892PlntnlWjJx8y3jTiIOqyKPfPPdnNJV21XYxwaowMM5UANj2UyHkkqRK1DSae30jAN2fdoTs1bL11N7wkMt4x0StyviNSZ7nCh/1Mo9TsZ9SmwEaamKQVl5PfUS9VS1FvguxIcsSx6+d/mghxQXXtD4+c80giMmsHJVTXhVa5JjDKFTyJ502sPBsN/vw2o0gMfhYDCEpwXaqMD8JkDO+nw9gVzDo4c4L2HPXoKGNMRI4XxsIHHS7HTajWa72WwkjibBa4JyRbk1iJ6UYcpkjUaaZWmSJjZxvxKiDGrjKZxEIpFIJBKJRCKRSCQSiUQikUgkEolEItEdL4oMVmYLFKOmiDiH0AnGKDC3Dop34lCj+zo6CSLsLpZJ6UWwQMNZaqqkGdpFRivsJMSdXQg12IFEFaL4qB0JylbchZf74r5SVSB3RHbEYKX6prz1X+DnuKf7Fr11EXr2V0i1d3Bx/hFVjFy7kHrNEIWJFBvJn8LE4XV4AjFaiOsiMGAKY4dlWUDUlRPoKFVG2ArHi81oo6PG6pG33DNv9DLWIz60b0OXV4l1XNofIoE8WcM1T7RDIhgGslHXc99jozhDUD0ovEx8eFL42Ko7TmPciZ7Inajlgtw+FZR1fWozuIRyuGZyGFeTwo8nsyi8r6xhWKlyesA5hAmpkAVyI0HvKKYs8FpFUgmdKWBqmDI1ZQHzpqyC9JZgJY7iw+n+P3t/Am/NcdZ34k9Vd59zt3fTLku2LG94BWHjDYwx2CwzDFvwfxIg+TsTMpkE/AEnbGbCABNiSByCCUscB+IJe4AsMCwJNonNZoNtjCGy8SrLsmxL1qvlXe6953R3VU09S1VX9zn3vvfVLuX56eq8fbqrq6urqusuz/f8Hk9Xq/DhzARRWDtLhruA+1+lKUVJnOQ9wGsK5IdESIzcGJ9sdugJYAALdq65+nmv/tbj116dqY6jeIcMqw8c5nFS7oH76nEyueLFtnOyf5WJMeu4k3TubAYveGH3lKfYX/tP9txZfryDGdE+Yj9jeGoaBJYA6qaeb27Enu5I+/v7bdsu2f9ksYh7ypFNsBSl4HGATApABx36QGHanarrcKrG19m8a+pmNpshTVJXfOn0TQjrcJTMjemTKDQKqmtaeHKSIMzhZpQ3UalUKpVKpVKpVCqVSqVSqVQqlUqlUqkeHuIoNMMmnl0xKOSH0En6BHrH/iacVwETh5jEndgMoIhXRbIoMAlK4KtwfD1v8F6fosxgRnxGKMKnhL0MliQSiJ/EGylZSeEzUsZezXCjk6Ax4SbcZAjpiyLaKfOOIYOTivGLlOSBX0r8IKwLf5qwJv8D0wW8gYYxyyVmrmjbzvvWh975GMlF4sTHDkcowYfB2UAC8cMtT6635kIYoD7g/mWfNYz7kD+J4XsRFoIhIQjAbhk23Xi+tGQysmLn4IgGGBgJGY8jxYalS+CBgR6OpGJWGYDVSWZyMVjbyo2NjRiTR+eR9PzUocIUJMH1MQJPTw4mGWliSL+qYv9aK+lvYDR3qXqCkRJywt2bMmAZpI+4DAJINc7LZBAkmZGA0BM83XE03+E8xosagsmo2jQZKspWk2cMt2hiTmPMKp9ypOwmlRBJQ1l2+zHpFkpqwRLeNUJS6NbFhMgiwGBxNsaJZi//zGe+4Lu/Zba5CVB6h+Q7M3CAd0huypjUmHqcmOJcSK9ll4xfD7vW5IpwgJ/Kwe0cebcEmHAsq9cpWylnmUsuDV/3Df2v/5q97RNB1mlZyjxDThmGMog9IWtXmZoW93rWzL3f3N5CJ6a23dvbO3fu3O7ubk+ePq7vDa7kgYeQV1RHwAiuHTRg8WCch3Ho+77bXyzjA1BXVTObzWfzZtbUTRMfnqaZYWWmAwdmbX3fAAAQAElEQVSxXjQOwocn9L0H14ZMYDHpWCUzn6oClUqlUqlUKpVKpVKpVCqVSqVSqVQqlUr1kMqk3CgpsQ19Vt1z+g7JCJMDwTHK1zSYFMaS7UfKLMO2HgKc0Ifc1yTWsJlLEf+UFFo1lOCFIuaeYpZZdHUz4BYY/HZsgTCYdxgxPig/+s7R/GRMEgq/kJHy3fnsuZJTnpC3At1ksAmqSUAGDLcC2T4ihETZ8Ba1fOgEQnZo25LhiYvR2o4yscT/O482Jz3CAqGn03smAZAoCH5ATILkJxmNYLrpUdyZ+CEjd12m9cmjGThXDkj42Zb5TRgcSYFpQlKCkEnpWlw6AUYQmM0p20GX9+FIeEJu30PInZCKSXRwU9Yc2trejgH05WK/TR4QdRQfizF4tEFx5BrU95a8H2Jpayj5EJo4cM/GWH2aiPjfQDUwGsRjkekEjLlDTd4ngR0p+HI+T/eAOWjY2IK9T0ziS2zKbOPDlEsKxqy5cbPSAxcUrQh5fYExZSK1lrY/aWdsZ+BkVMzekNkO9Y3czOO/9KXP+ab/Tfw54KjeIWW7imw1F3cujEkRuIDHifEjv5P7oZ3rrp77b/Xc4qzNTfO//lX3O//ZfuC9k+EcDJ7EtyguGL4YIFSDgtmsmW/MNzY3j2O+nTjVuyWqXSwXXYsAXV5JhUYMaJjVd73riXyqaxo1PFovl4tmichJ07Sbbayzaeqa3vckk5dsmjYOF0fKKYUrJt7RfD6L9ZwClUqlUqlUKpVKpVKpVCqVSqVSqVQqlUr1kMpkEMGwv0ng3Drey34qJWl0yKiBPyEPwlwgpCKfnY/vHaMXI+hk8DVgwgQD7Tk8KhfwE6eT4ZiRtC0mR1XDOMlMkOQvdC/CQhQ1BEmaEwDGNgolhpKCrcyNcHvpjjG7jhm8XIAhF08ESZlZJjUtSPC2aH860WE8n4iT2LmUUoeMMYhE8MEBZTHyvqfO8EWzJi4YAKPkJDBWivIP9+fL8tZkJwgaJUpZYVNlPKqc6CUgc5NZn1RilSBJKUj4/GH0BiZFzj8EJgmTNw8Nd7KaVSekPllXeKwYi7eVJVLCYMi86+rZbAOpm2QYFDuq9xgxt5hDpIndHqPsPNV8DvunVEboEeED5IE0yekExDoCz0I7CjtQHXE0+56z7TC0wW1HzMVafEg92CrPZSIS0lix1w0c2DEPxoiUS0bGxATXYq8ffFDcE7/8S577ym8cnTjQFXCId8i4/FrfEShJjvvD4ySU5Ypr3ft2wko7k1bPXblWnAf/05f7prbv/XPq3kQecUkvyyqvbXk4ZBUhE51YwXw+b5rGua0Op7nr2na5XO7u7u7vL9q2azvczRM+vloh54Rg84wx0oXjuW3nqqqNi2yztzeLT8vGfHt7exYfpLhn1rh+yC5G34t4xuNNEBMZFotlWihVKpVKpVKpVCqVSqVSqVQqlUqlUqlUKtVDJvTBoHg0hvYAg+L44XQfhDgxwhygvUn8Hz+pbjjATZ9hTySHp+hwjEsGjtILZQIFdCKXE0QFyj30KkRIyB9vTwiHNDNFXlkjDoPiqZDIhhwiD7lyDtuDn1ierNouVByVpw/XM2fDgW+TLsw1W6o0X0Xab1ZvC4ZYsPHS2Z6QhG7Rda1zPR3jhjmkDxA6AU6dAjl2nK6Ue8aMqp6I+yFwoyBTINmDAPOUsGkJH/ESGTeMyFgconTZyT0dDGAI+2Ap10b8r7Yp6n0gyzDIHFTrQ64DYAtBm8wAAHjn4hOyubVVdU0MxKNngydyiTKC4LMRny2cORYprT4OfItzoW4qy4hTStuUPGpssGhVQjyFTawQPwACWNjcPnJGaZoGKam+Jz8IupzJ1FWsj55WU2GKGhPnWrDMhhFvgnOCeS8THhzkJ5Ml+YJelhqTGDhIDjyQ0n6FS5/+1Be88m8DXJx3yAqpceGz4F55nDjwZ/szx+vjlFUGLradxZUm7T/I42TEnRz1Wl/0xf70HfZTnxA6zdDOkAG3EWuSMb1k1jSAQU3dYM6oupptzLa2t7quXywW+/uL3b395WLRdp2PXzRs5KdkyKfExzO4drT/8c46nNtxOWy7Np6+XLZbW5vz+byexcoDevPQEmwZHaTlk6HI+G0q1hovCiqVSqVSqVQqlUqlUqlUKpVKpVKpVCqV6iGVd8E5HyS9Dv6fbU5QBFxUKEyrwyAIG1pILpwCGZEosWRWGEgEX6AegpVkl5AhE4i0h8PLHFUPkhom5fsIEp8uYQgjl4W8DyP84lHAHhBG3E4g25DIxeKNysliZ2JBkumAQC/esRkA7RL3EcOxfN6gptC9h3GE2hSnSCiXgq5d36PHSde3mFLHO65TkJTAYMoEysl3OqVAsulJEAAi8zae759vHnIRNDUJw+0mFwnBWphoKdIZlUMC62CX0vVBzo79H/JYERpxb+GRI7IP7/3gx3Z3F5/59CdszJtDit10y22//ZZ3fdlLnvOk666eXKXgicJw2RR7nzTEHNCsGG2fb8zruiZCxPTW1m3fYdSczrG4Ybwn5MPER84t29Z1fdXFsH3dNHX8J3t90DUps1KwaeAMz9s8NUtIgfPO8IMKNMUrC77y7DkBGKrHBxavGzwm5alMZWNDbIURfW/Izkdqs+Z+o30GrGlNtq1hOxsD2RIbyx4c8V6old5vX375S//vV8dlaCiVnDwmTEZiL6D0Hbn4s8L0fkav07Mc+NPduRDaO5cfv2R2TWWGdsLIT2V67uq1ksfJajth3etF3l2coF/5V8LPvzGcO4dMlDWhrGr04OexGdKwDT40tJRUxtZxPs1w9cRZvVye3907H//f21tizp2u73gSBv62MORPo285lN3J1EhE4UPRu37ZLhmfamb1xsbGfDarMRGVjd0rNZAfVzwrzvacYkmlUqlUKpVKpVKpVCqVSqVSqVQqlUqlUj1U4swfmOeFrTQEN6EwJQYS0eKEDE5qNEugEDbnl2GDk1SNQAwWcvqORJNQjDKHL9nphK8w2g+5mBfcRNAOKK1SMmBiMyqRotmceCaFcRPXUnhzyA0OQW5pHqTkQWxokmkMirDyp/QTV8En2uz5EcQXZGx0QtsMXfAtOAZAnGvJ4GThXOed5KCg8j2kNBHZUiXLlBvcs2V6nXRrZTQ/kyfixwHZ18RWNhE6gXkcGDiKIHAM/u+LZuRwdIn2jNs2aidROj75nxizpvBE9w5zuOfM7g/86C+8+8YPx+3LTh3/e6/4ii/6vM9aW/LX3vQn/+pnfzMGwO8+c/7/+pa/NjnKdzWN30/KXAiBWezvdV0739icb8zm81kco9qh3wiOcYzKxzg6VLbmGHlwHDuPs6Bd9lWMtHeua/o6Pmk25ctBJYcIntw54wzwROaHCKGrirrb81Qma5D4T7wyJiJxXlI4pYQ7lJrE9KaPrWJrkxokAUrW6niEsKZ/LtQnENKcEtJrbHm0WsNgf5J8NXgDs7rs7Hz+933nxonj4Yh+Huu9Q9afG8aeKPfO4+TO/lwb+gZM55d3tbdeMntcZex9bOfa665QNJNzj3CtrS3/VS8Pv/Azcfkn4xviogqAIxRjwcPB6XXKnTQuJtODOJFwBlez+Wxne3t/Ef9b7u/v7+3uxVd6FAaWMTefzawcrRY4VzFlT88XqlG7dVPh89Q0tqnmsxnbNFXMTFlrLvhcqlQqlUqlUqlUKpVKpVKpVCqVSqVSqVSqB1jMYSRMIYMCaFcSLL4ScYIGGRR2lLPEh4SxDkqBwWlbAuMgBITIJ+NLSbRcLFVWoROfzEiYlgAQ0oFj4hmeMNQAQVsk9p5ZDzE1oYtDNkdh7CNdnO8BKmuTjYkQHdZkCxDHiEsMq3LeE2E4JG+NdBRzG+WN8E62+cA7cj2yB8idxJjqsm33Xd/GyuMeJnik3/FUn0PukOgTsggw0qE2O44M3ZNuxU8GFSjTDQ0DczMC1SCTUCIEFIdOoAsRRTSKo4j7iIGQzSmXENyEXKHL4bXshdmEiZdIcRMH630f/Nj3//Ofu+Ous/z29N1nf+BHf+G3/9s7X/W3v+baqy/Nxc6d33/tv/r3f/iO98W2X37Zia/7qi846NoSv5829vCw9gBf9DzQDl0YYoh8NpvV7P1AEfVkQ0JmOmCq2KmxTNd3eELvO6SQfF/18UyM21tKyZNGB5JrUCIkIMEHPiSsiGGWMABjgQag8vgMk6WE5/QmiRSjBE7oiYL1xoLZygLSs5uGIcglSk3Yh4PkMvIg95BazzdmeL3IlifpIacOLVO5xK8nf+X/dMkTroOhy8veMGv8PNZ7h8gTVPiOSHPkoZG7CyvDHIrBnl5rGbo7+/N94DxVCGd0vr2n+8SJ5urK1EU74WLbOe7p1V6ftvPofWKvvKp73gvCH/0Br/VVZfLSgzME5xNNVZl1oYTKIDnrGCgeGDRqcqay82bWVDWCVzuu6/q9vf3d87v7i0UbF7/Fokf8JMRXk1k5YzwPOFUSn6NAa03nvFm29ODs1009m883Nzdm85klh564tlSU8w1UKpVKpVKpVCqVSqVSqVQqlUqlUqlUKtVDKnZAyO4fFIKsOBBJrgkY+wYxOEkxafpYOrl9BEY2KrZKELyDEt7wZrqKGYxG8EyXeIvMauS3vBFbRLHwInkCBUWtOD5wXJw2EIhhWKbK6WwwSRB6tgidQUlmHAzcy1Cp+KYwJ8GYSVGA2pDMOlLuk0AkSE4DlCkaGPIH8b173/dt14XQxyir9x07ncS9lMImJ9OBoW9lDDywU4pk78klADJPs4bMMByozxYYFBEO7D3DxEllSi+DBBh5DnWnmLsv0IsDgYuQj6xaYDAzYIM5rIIj6JBT/9N//qPX/8xvxMj15nz+qv/9rzzzqY9//c/+5h++48Y//YsPfeO3/8hf+6ov+Iav+aJZU//FX370H//4v7vj9Jl4l5///Gd+x//xtTvbG3DIFZm7GN4e3rIE/9ArgVmACUb29sPc1c0sxt03YqC9h955F7puRiAQZcAhIwfEueq+R3OHwMCKQ7OHunYNeQtR7hAZOpwrpc8EgUIhmIE6oofLxvGucL+jB40HnvAVxF84244nm6I47PG9x9E3uABUlpOVWHkkxATIDOgY3DtXCZ6teU4llwyewWtho/GEJ81PnHjyV35pYi6O5OdRkBqT/QeeBcVZRfPN6mt51hm3d9bth5x3xkgOmqXbvzPccqK5csNuZxbEXNjjZH07V14n7cvtP6KfCpaonvO85dvfBssFoYWe1v1hgbA2ZN8jyDMsBDMaIJOPJnIokPkOwkxQ11sbW9ub2yeOH0fcbn//3O7u3t7+YrFsu7bvidGixZe/70jbaGbgKuTYWyX+G8v6rnXxpPhYUWsRk2maZtYcllJLpVKpVCqVSqVSqVQqlUqlUqlUKpVKpVI9CIqRaGCYJEYT2R0hxq0N0ydWTAcCQwYYnU5eBYGOGU5MM4QcUxjSpKw6wJYM5ObhpquwGAAAEABJREFUKZZIZgtIWFiQGPoa7kSyfcQyQxh0YD8YkBA/BAZYyPeBiYmQKwzJn8Cn/DWChnBk3YjRiXxJnYOBSpgGxeXWB0RnIE4yZyMZhTyBBl1wfYDeh7bvFr1D7oSyUvAn/AP5qbAbi4UBLKFmm8yjVJOAfFjhIZjzEUiFOjW7FNCtcX0UDh6fSR4oQpysUhZrIQNTVMETQ6ZHSL1qJIoMmcuA0qnhUB2Ba3jtT/7Kf3nrO+PGNVdd/gPf+YrHP/bKuP0D3/H//6N3vvfH/5//99On7/m5f/9f/+sfvOfpn3HdW/7oz2O0ej5rvvlvfsVXvOx5R7x0QUOYtQXWttJWNhBHhNxJjKq3Xd1szKCy0Max72J8Pf5D3iOekoOgDUw82MxmxlbO9sR++c73bun6qq8dujhUZDQkXjyj0SHGy1Sc24nmrbGDM4g1Mi8x7QuyWsSRYSutdyR05WDczBjX+aqPTzHm92nqGqoqJAuVPG44a4drH2GUDuqr4u1gOXQhPelrvrzZ3ASZQaVPiTnIz2NAhwbaA8ZnwSFnDWfL65pr9cHd1Z9vg+MBoCc/QLJoia/O93e3n9yqThxrLjdrrjXBtQ5r58rr0L4Dzhraue5a+N5ubpoXfG73X99UZs+RVcQJhFR+GygmmFlpSNFW7/MS2XbLeKRuqqbZ3oza3loslovFYn+52ItaLOKTATS1fGCwMds4DalzAqV/iy3sXW+XsV2GmxYfjdl8DiqVSqVSqVQqlUqlUqlUKpVKpVKpVCqV6iEVJjrgrCuUAMTK5hAIzlwIG6Kwy0WKT4o3Qi7J5AYUHAlSJnSiRwzDcwYcdlsIBZiSeQqb0JL8oXp2eKBGCg9Qwg2xegIsLAfZJfgLAwuS2I30mXyT6zSScma8B8rWFEk+KC9Jbm7unymKwp2FvhIxnurQ4yRGcMnxpAvgYiXpJkYJcUqMA1KyILY1of8cjEUX8/l2rK14L+2RPEEWA9GVGF4UrMjEmwRgyEEEMPR/7rZcnlMaBYJ1BCcKqaP51v3glwPr4YTDuJPVFC6ruufM+d956ztjwc973rNe/cq/urU5BJ0/77nPePaznvzGX/6dX/svb/vk7Xd+8va74s4nPv7q/+tbvu66a6+AQzRBTC6A3qxvfz2f8XTF8DiFyGtvMDDexAeqqXEqxJi57+ghoIB+sGTzEKCylW1olF3XM67kQ+f7vq+rKtZUx3+spIISmCAH5zHRkU/dZ/MkZBxMBgVhLBf3IFASq68rbiHTJ0AToo8FaPjihG2a2D5bYzYnRAGsEZ+SPHTyVB2BPLkYOOVAzU+euP7LvhBWvEDgwn4eochWE0paZdUTZXLuhDJZvdY5t7in3y3cTfzE6SS/7rkzrd891lw5s5tH8ThZe90RRVOMwH3sk/kLP7f/k7fB7m5a3NOja623jolCpDysoCfiRyILhllB2CZ9yA3FVQEfhabeqrbm8/nOzvay7RbL5e7+3u75veVy3/U8HfNMLqcb5FZxujICu/DSXdejkZBKpVKpVCqVSqVSqVQqlUqlUqlUKpVKpXpIFWPc9MFxQx9tpzw5duRGAAmo4Chq8heR0CSkaCC/ekjoA8U6PX/q3cuG5/+EC6FoOMBaBwm+FgU1CcIwNr0dvAdSIJLIB+9TO8XohGPokisk15+CpBk3Ycpk+JA/FOlFRsiF9AB6vYApuI1Q9A9gvgjiaTB3Sd86DKb2IcR/WqZPkquKL5kKapNP95TIlXzMe1gnkxsgEW7JapS+ZOSoaBDzFEZzUleElNBHfErWXcSMIr+p5xMXwzPBANMmTPxMu3oFPVnPK6wCKmuJhZMndr7zm/9qU1df9KLPXj26uTH75ld8xZe8+Nm/+GtvvfVTpz//ec/8a1/1BbOmhkNkDrrkqp+DOaSGalbzLK0Q8XBxotSL3sWuj48V+jFgjpBuudiP06Lv2sbbumniIY++NwaNbnCyVjM7I8eTGFePE8l1ATNRxaqaOmDGHZ6sdngMqIFWSCt8soBYE+ajcCemzbGMfYFwKYAZeOIVehK6ntC8DujI42lS+Bk0tqFn22UTH0k7lR4SeNB05fOeHfuqdPJI2NfIz0NArUIFXTGcW5Q3pbtJmEJOppipo2ud94tzbtHF55lYkxI7kzPZVSitJsj0QH93e+vMbm1WJzeq7cM9TsaUSfkK5XZGpO5Ln0CcVJ/xNP/ud2X6T+4izgdrHU0nX+F3hZoscGyR7ywv0eUTnlfMgXGjophhKo1D3VRxQLe2t471x8/vnF+i30nXtvHpWCyXS6Tz4sUrsV9KSzqM6vTB4feauJ4qdKJSqVQqlUqlUqlUKpVKpVKpVCqVSqVSPcSqYwiw4lwKFe8ZTEoSlMCkBSQ4g106TIGb8IZPHiNpRwI1MMRNr17S66SL23FbVpO/kI1HQk4ABtghXz2k8PrQGCrk055V7iQTJyPQhDRxASmMWDJxMoRx80X5PcECGMePBXvX9f2S98SvYHwCTULJqYwsNqYETm4xrFMYd1XIhjOMDCWzgFAYHZiVinMdJgMl4wLrL26yMYRhzIRSMqU6Yf3VyrNXdpkjFkR96Us+Bw7Vk6+/5vv+/jfAxamka0agzBCgP1S2lqRUJkbr6yoObh3j54RweedhVldVUzd+Huvq/GK/7Uzbzar49KEQDKFeQMuTOAlt/Oq9s/jAuNCFnkewovC/CYSdSDajeA7iVTQQVnIdgbHA00uSNFVodYMbPGsq3AiVwQQ+krgEZy37DsW568hbJ2Eu6ZGo0hwpeaWVXjyqhoXDXIBgecwLnn1v/TymZ63db2ByK+u9Rvrg9/zyvFs4ShAWW+2L5FK80HSu//NzN37GbOvYxpXJ6cQT6YPll26v9fvnu3q7uWSzOr7azrXXhZWOzj4lRviS+9Qn9VOf3r77XZPVHGQ5w2a73qEvj+O8UMLoxY04q8kHxbKRkrBzQv/JI83wjZFlgmaOl4xf8bRq3sxmJ5zbcW2/bPG/vf3FuXPnlgtaOkHMtQqGJVmtEA3DvBSoVCqVSqVSqVQqlUqlUqlUKpVKpVKpVKqHVE2MLFc2B36JC5kGlE1prWAkkphtADD2SqlcJvCHECeY/kPoE8c5HGzJrwwXscApKfB4SAYL4kciSWPMCIjJUEgYAscc30wGH0P7LYUp89uEnkiqIK6SAuC5K9hfxIQhe0ngWL4Z0sgw1uHl7kLXu67rMasOJkrpF947qjNQqpJAdSIFwveGl/EF62ECrAvkB5t3h1yWGZh0a4ZRE07Awt1EGzYzLilDyhgjwX6bAinV2A0FCgLDwpBVJzWHjlu5LJQw0EDjlFoBXw4CDo6OL9x3jZwaVq89zI9i3+Q8iA9RkA3sjXjrddxEaMQj1eFcNaur2WxeVVVt7WJ/v10uF72rkfkIs6apKJUJ5coxlMmktmC9iZF9RBxifL0DiEUxzG8rJqks5UIygeEh4kkE/AKQ9DrMSQ2WFAOAxMm0rHHEnVAIPxCAQlXEDcoRVdd1Ra2BRIdI/fT0mWI2cp3h4gfOZ/Zqnar5/PJnPQ0KamTVzwMADvcOKT1OVs9amaQmveJZsf/3fbfnlwvfCaFCyWW42Xzjeftd5z/i+sU7P/FbL37KN9bVZu6z0vvEQX+2u/18f9dmdWyrOg6mObLHydC+kLGv+9wnzROe0NUNUKKlRIoUiwItNI4mw4TXQ8ucqgqhrng+JhwkgYe8GAFzI3wxxnQgM3cmxNlc25lHIKvZ2vQ7O+748WP7+4uz587t7+1hlrIep6LN6XWIg0my/gAbKJVKpVKpVCqVSqVSqVQqlUqlUqlUKpVK9aDJUkw5lNHXADmWVxqByMEwypxAPiMY6058wxQ7kQw7mTih3SVvko05iBfxJm3n8L/lkCZIph3KAxNK6CRHfsdISsgQhAGOlo5uxaSvUWyWM2aMP/PPOA1vJGsPOQsz6tDH8b3vKEfEsu86j0l2OofJUXxVQfJBIOikvN7gwDJE3f0oN4WMihnF9oMJqe9TZxHzg74xliO/cnYYW7cMxEmyrCBigesZbnVAYgrYhdu9liMZfA3M2C2m2DZDnTDq7fV6KIgTU/bNuqbkKbuWUsjMU0izubZVjWlyOkcZllrv0Nmhrqutre2mmSF30i5c6xZu0S27+Wy2uTm3hPwQ2UQhfoMmMp6y5WDwvcfAf4PUSoz3mzi3Ynk7mjFD7D81ejR3BnQseaUQJGOIZQnOVr3r4mWYPMGp7Jy4INl4MSSSzARKWNERuRNTdGc4uNilz3paVdUX73ECib1YX37MbcC47QNrsu+X+5gfy/NUNgYKdxNDmcKktt71f7H4+J3t3aesOb88+/aP/PxzHv/yrdmp5HeSXU9kO06L3XD3+e6uWRVHfWujOm5NBQd7nIz33q++L3EmPeba8PFb0nUgL71+DBWV7ky0VbFTDgNMYsODvic2nZIfreIhK9KHBZrWNNeJuIrTrK6bWbO9tb29vbO3v7u/v9jb3ev7PlYQV9e+d7k/PQJS8OAuFSqVSqVSqVQqlUqlUqlUKpVKpVKpVCqV6hAVseKUQIOD0VCQGiPmwAiFQNAF+GSyUJYhl4cgWXXyh9JzYpAEIpjkpEI2Jyl8LhhKMCUukeRDKIkTqjYMpEa6CgMAlZVas9lJAmZke4TRSI6gMKEL+FJGoBdPtxpvD0PSDvOTtMvlsuuWniwDYtTaWuqXRKsEdDUZxZEhTImTVXGkO3lMAEDGO2wCTThem4GaNDY+h4/zhhVgKIiFTLKq8EP8f4yolJvreZNxydFw8KGJk8mRcAR48LXW4GTyb3kgrBQ0BXdDewM6nSDAZZ1hA5Ge4+UWmqaeNVvWzuazdm/Zd5iTabls40jOmxnlHhGMJ5D9T4zGB041gpYTfulbRFrquvKhrtCJBHAeBMaNTCXOOGQ2g0wBTRyfTIFSWwPPBKyarFNsQOjE1ZVpHT3Y6M6C6tvOVhVerqqCrarS68IPeNEBfXVfderJT0yEBGvk52HgID8PSIjNpLwp3U0m5yIbBP3S98vQL3w3lGISTVLEZHLOU534ekd3/j3nP7x0SwB67oy9Z//073/w3zzrmi+55tSzgth7jPxO8grb+UXn9891dzbVRm1mtWmqOAtMY00zvq/hfuD+833hPqwe93j/iVtpga749nidFPsq7gW+eVrKhfLzwXU9H7XIJckkwaxMdTVqQLHAcHt84F4VFsf7MHCGRK5sbc53drYWpK53bdvu7+/t7+218YqBLu0vvHqqVCqVSqVSqVQqlUqlUqlUKpVKpVKpVKoHQYklGcLHGAc0QirYwTchhUop74wkqqCsC+TzQTlExHMBQ5N8juPDIRQfdZfgIkIQkImWfPWK47N0vZCCkHbCLhzMP6SGAnMZEh9HMsNQMpLBisOblEdmuKkwztoDHGvOjfdGUmsAuhygiYtDpxMMvS7b5f6iXVLwlDov9Jg7Ar0CwmRABzoAABAASURBVOBokiPnyYpk5CeS+gf4LDGPgdLlBeu01CGUUEe6hvvPSzyXW+uN3FHpfIFID4WaTcFNSH+nXrNiRjDq7RDGwd0VPCMMPTMQKmaw1Vh31orKQQ7wIOlAg5NDW2uKc2U78Uw21Vjz/MMZ4bzrTXxGOud771rnmrrCr2qjqedd17eLRR9fOxd82zRVFceMh5Pz52CCKqD0OyY+UIG8dfq+x6erchVakSAKUplkdMNIQdGdfgAxhp3JsSdNMrxlRkoaR9BJrA3BEzTzIdeT3vnKIuYSL8cTb4UnAHM/QwCbl50qnDnAHM3Pow1uZqqwzv8j7upCj69xyYqPacAERl3Abk39QWiZuJIMHifCjsjRkIgT8xe7t9yy+FRIGXaMqbgfOte9+5bfvu3sBz/z2i+v7ca4HjN+xW7s3KI3y8ITpUIGxc4qM2vsLNbY2DkzdPebx0l+vfwynD7WJEoutc1aXMoTapNWZplFlnxfvOfpSC2jqdg0NQIoTV3XjdydFb+pzHbxIkPrWspAlG6GOcb4xMTleTabNU0Tq++6dmdna3d3b3d3t+sczX1Pj4Cm11GpVCqVSqVSqVQqlUqlUqlUKpVKpVKpHmKF5OwBg1ND8ZlzjmKzSUJK0OHpo/TZOSEkKwWOIzo0ZHDoBVKmYzESXrSSEQbEhGQUpg5FTJwjnRyX9Hl/SUpww1YS1FBoMwXEBTph+mS4mskMDddioEwLFNiUJZmdJNcTQVEcHfCUNwhxk95hVp2uXTrXE2JgU5eExHuEAjcp789I/xU3IBxMAm6stE4OYzYV2snWLYZKxVos5clJ7JCwBaFAXCj4awbDhBVqZ9ix4lYSjgyAhPQShlsZZNaXp0Pr3ETgQUBP1uAw5mLME8YojinC8gC1Q1KkQheaKsSYPjInrqcHxVucGxUeBtOgE0+Fc2jZLmMgPYbb0ccG/6+IKLFoYoLxfXweMImJpSnq2GXIV2iBEqd4sJRwJ7DxCRCZRE8qU2T0cNlkZZH8Oob7MPRg1wg7NA4we0llrI9ftvJCFnhCXhA0q8jyhFXSLeKTcf+hJ9tXXB4OcDc5xM/j0/3e4FMynJVOSg/HmM9Ih8nXxCR3E8ynM7ib8D/scQJ3drt/du7DS7+QHgX2//DDIhPgk/d8+M7zb3jylS+8/rLnZS+c0u8k4UED18JDFhCFWXRuwRdO5JrAGkOjTdHzxlyx8aSD+gTGHielM4o5cZLqj4tL5uBoRhF4wi45AE6qHK7pcGIRzJeWrThDAq2DlHCnqWvbEH2GM5lsUCo2m6JsY2mBGLgTIu5owa7SiPBa3DRN1VSzptnc3Oziitv18Wu5aOPSCyqVSqVSqVQqlUqlUqlUKpVKpVKpVCqV6qGW+FIUe4qQaCoQcsmQ+AvaSV4M4hDAFiIUm2ZsgtEPDkzHoLUFIU44UG2B7TAkywsTGGbEG4QUGB5jAeStQQc4l0hIoVtpsx2jM1aaIpcxxT2mEHy+YPDDveWwdUi3F0OgmIQjBll77yilzj4mR3FdDMXTRTA4S/FXb1LX0SXXwA0hvcC0++UMxA6Aw9GDSYAl1sR63CB7BSRaAqXOSa2VsPFakMNQVJtwFj85llii1OwwmgxHUOlncyRUpQxgH1TgfsMXDrtI3rzQ1Q7JFmSmpEy9bLsKk91AM6tjxDz+6/rWIVXSL53Dfp1RaiSw9azCXDxgl+2iR/MGF6dsFdCtJnZqYynLDmUgqeKwV/iMga8AS+Ks7OPzFqP9SIdAVeGEi9VWZPWBD5s40FBvE3mUKKpER2DVOPFpehHJ5BFropw7VU90C16F/CWA/IuQQUGgBhkCRgmya1Ay/Lh/Bm7j1HG4SD8PmcywxqeEG+Zpv8+eIulcX7ib+LErSbo68yjm0+3ZjyxuO728y5i8gni58SqbzTAiEpZuceMn3nLTHe/8zGu//PJj1xdeJmad60kQFxBqp02ECrcWpP1l+VyPRUrmsD5Z53FCe+2xbU8eU5hfiAbRJcsjlKWFlhmUwBZMqLjMk4WUcWZYKvA4JWaKs8X2nTE9JOikadD8hFLwpNWZqCyk9/hemDshbyC2k+EVV8ywQqjqZqeJz5F1vYsPV5yGrUInKpVKpVKpVCqVSqVSqVQqlUqlUqlUKtXDQEZ8QWwYoxgAIz5D7A7ow+0JyzC0K8ajMcjIIdcYbyQrhGwxIkHvGJrm4GRlcp4bybrAMWLeMIW1B4Yl3bS1YeBbhrYNsIMB/iy9KcRvg7gMBCmZiJCCoEmGA+XlxMElUAdQtN3FO+27vmu7ZfzHhw7zbAggwHF9kzgeU3bycANg89bQy7Ipn/nnLUOJgdimhaKyscfxZEJPqJ88MwIBVvwmQMwDxK7GwBqowoLJgWojfi5y3dyqPCW40Yfks8iwQTgcObkYHuGOu+65/rqr4IHR6bvOyNYhjIQZ/XNQgQG4sbJR7zpPBIif+dCQxYO1TTWvrK/jQ7IE33XdPM5XoklsVdv5rCazCPTSIK4kxAnXud4aStWDtijpiuiOQrgRISHY4XRCfF6CJRMVhCAs50khyCseQr+TNLCZFAOehj5kyktWAfovvqnM8LRbWzFxEgvSv0i34Nu65ila8lPyPCWXn2z/AcXhC2rj1EkYO50AHOZxkugKIMuM7FmCJ3ma2T6IixHP0+T/gd4eIO4mnD0n8JPAJEcAcTe5tb3rpv3bzvXn89oBAONXD7RASpuFGoG99vwf3/TLl+1c88TLX3DF8SeZsd9JSNSFWJmQ30k+V0aEM/tIcixxB4FUTxgvAev6ZOjDoifp8NZO2rYE6ZFTjpRnmCgu+rWk0gHHZB431YciSZjMHWN5OcRSHbtVeWfxu8Lgj4NWOVXyPsk9II03CSoKoa5rXnfj9KceJ18gclBpmvhVg0qlUqlUKpVKpVKpVCqVSqVSqVQqlUqlekiV4p5p25gyHpzpBQ4vcoYWL591Nxh9xDwcMXreRwFBKByfZU4CkmcGxzEpCCr1c4haPvBeunRIbpxpTLoIYUvceQQ2SIg0ZMiEQpkZSZkgFNwAyOkdskWA4Y/6S5h28FOgUDLm1uldv1zse987SpYSb9/YUMXTAvlBmGAF3uCbHs6HTPDkVB8p8MvwiPSOtFQcKSwZDJgCWWE3CpMivUH8YtLNcZEpM0R3MgSZy16ddGK2lhnTPEE6GNhbJpT0QIre54LIPoxG0GSECC5av/f2v3jeZz8VHhi99U9uLBxwxlrLmkzIk9LAZphWsr/eg6oGNAxx3vQxah8nSgXIXtW2jxF5R1BI8HV8H58lT/H0elZXPFYO/SJc18dyPebjaSqcOTVlVqKrohFJkI6Op1T4MLLlBmWAinMSORUK8NP0tuR6wjQDsEcOVSPDzUlS4jwPlmek3BoxXEw2IHJAjhqBku3gguAdQgjojILcTIXpn0amQ2KAMvRO6ivucuEgBoXJQDRbm3Bkj5Ps6lH6iHjhTrJnSeIvRk4hPlEdMJyLQJb4oCxce9Py059cnl70C8m8k8iVIGBIzshlC0YEEyENREUIp3c/cfr8f9ic7Vx1/IlXn3z6JVuPZYeS9LrW+6S8l+lRGPujrPYJHOpxItqY98m/hHgRk1xOwIorFV2L8cHgmUUxFnEQ9j+BfIKsUNZyHqnE0AVK2ET0iCxFSDDV9Xw+a2YNPzDsmsPfOXAeecjpx+I09obmIRrS8Hy1k4dRpVKpVCqVSqVSqVQqlUqlUqlUKpVKpVI9JOLgHUYtycjCp9w0wN4ApHg0xsQdfXKdo4se92DUGdkLjI57zrljMbYeo5FVAY7IR9aBPE/IcIQvkVmKXIyjqJB4CvmQvhFfEAmu804gS4IUUQ2BcQ25aDAZ4wApnksmKw5IlikgtgYYhvVC3QgJkjEN8oJA0qRdLPcJOvFkDsFBfrQ5iZ3ojWQtcQzTcNQ04y5MaoQEafCFjZyDuVUKg4bYSdaIowk1xYtHRcJngpgc2IJ6yL4LgrEI9xMguxGYAYsAGMZGujelCgkABaxT1J9FyV5gMDigXpCBSQesWQOZrA0TH0qimDe95V3XXXvV/+8rPt+Y+zPIHO/0V377j970+39WTpIRqjNgSheqSwrYgfEh1bu2ritbGzQjaeN7CptXSBJ5yTBFeUyYTkodXsX/MFdSoJQ6ODVM6F3Xx6cszJoGLNIl8oCCoXkDnBbJ8swJmN7Je2Y5fEAzksBmEsDuFzwJJY+Vz4xSziclliDpTqyp5DYRKWEKClkTdGRh7yN8i5l+rPeWjCsE/eKLDvzKGmLHTLmnNX0bjuxxkhkLk4xKctYbyK/5ogYSj5I8TsDIc08EyV39+U93Z+/pzp1zewu3gMLXJANcyR/J58dOqJcBSLKFK4ll0Ga/Pf/R038ev5qquWznsZcfu/7KE0/dqHeYVhGPE8jeJ5yIy2SWJR0FWY5h8EdZ7RM41OMkK4TBqQXHTxBB9FnKt0kOJrQy4XKHXEgc7mwShd8knGMgMSTILDspmbxa4JQUYqlbtn3bVU3N5lSxNkxENWsqW5ULEF4wNZNAxZxLTFytVCqVSqVSqVQqlUqlUqlUKpVKpVKpVCrVQywT6APm1rnCRCAMyAiHliW9DgEGnGbGoc8BH6RquDL51DoYiVd6mz7Hbgb+Y7hKzoAjbbGmdNqgWK432XAD7LhtIWULGbxVTJKVQyazLevABWZPstWJ1FZ4nFALMBdKu1gu2uWC4+zJlCHAWrSi8GEJ454JiRlgV5N88xJQBmo2QgnByq0kb4tcPKTaj+YdUsSjL0IpxY8JK7lyUjKQ9DbBSRJxN7kDjgSKmPXcicSto37q53/zP/3nP3zC4x8znzXFwVHJ0ftpt5iio7Bw23Y33XLbHXedPeDEo3dWyfxwDSZv1OeqOobTK/AzgAZNSsCGvvJQB3JAASK5KPcIpc7BPDsy9ZhVQnyjjs+mb/oYoEdDod65ylcp1G4NP1GGZ3+8lFheMBeBFiSS8ymWryzVBzK/rDwzNgi9hcMoaWGywsj3iAfEYhauYChHFoS0Kjg0CErYgacLoLFLynQFkMEF6SMz9uE4UImfuIDHCUz8PDgTTfCFM1LmV9j7ZPA4iSXP94v90O25xXm/PNfv7vt2t99Hnw7mUXxI7iZcJyRezPON0UvyU0nDn+0/EknHbihCn3D5znW3nb3pU/d8BG793WMbp05uXX1i48oTW1fP653t+SUTvxPJ2nOwJ4pkDjqaxwm7jxRz1/BgyrpEK42tkFdKyyneCxJHUAWBP/LiwAxJkJRDnptBpinxjGG5yvAKJlvj2RJXVdd3nu1M6qrvZs7N67qukFu0aeEOqQMTqidrYlhdm1QqlUqlUqlUKpVKpVKpVCqVSqVSqVQq1YMsMkGgD58n8II/9M5pcQBSYDmwvwH5m8RYuUPrBZcMFUCi3vwBeDOAH0BBbnnPWTUMDN4fOeVFAhQGuKRUbgsESJFNpgOSWYpN2R+li0JwAAAQAElEQVTMcCkqAAMEkO1AJq/lZeiD+nw5MVagrum7frlc7rftgsKyFNCGAEN6Ho7oyt0kl4GJTBjjCRRBTkHYhIVIUiBhZSAGfQ0FX6GIaF8Q5pCOLwCIdIcAF/KVKFPGmIHagUlHSW0mQwNFkqQQbAKGpKoLARzl8VC2AmTz9F1n4lexY4JCrNSXKJOi6SYUZ8DKGbnqYC7cUhmtouRqn9fnY/CcZuMMYB6ghtCYWQ2+AXQjqdGeJzjKthRnbk1MQWVCj91HA8/YFtkHxTP7ruviKQ45FMu5cjCBTmW5hmCSxQTPH5ymPvDT5StPphPWV7bCfw2ljYlhflPk00q3ZKQDMt4lcxRC6VpiAj3ovkQSyP6IqJPAWX3YsoKXhtHggOAnR2KmjuBxMvHzgORWks/6rTPvzvdyrNqKp/Xgdvv9TI3J0YyzBaY3xMLHD9zJ4AiSzWH43FzGMJdTkHIyY4UaYbcScT0JCQk7t7jn3OLuj8P7oOTV6ODOxslZtRGSY0pII/2Ux3zRpTvXhzByRjmix0mAyXKE3waYleHVn6/laYQhreC4QpmKTXW44QbTrXm8Y1yFA/aUK1Lt+OESmTjhvs0WKZ7oHmJQfPy20rVdVdez+ayqqrqp6bsKky9osoJEEwFFfF2FTlQqlUqlUqlUKpVKpVKpVCqVSqVSqVSqh1wmOyNw6JQxAuYoUgDSATEpGE+mTBpxA0OshF8ApCwc6cuag5mI7IHBb3IxIQQSTpJhFBiVN/zh/FCeAtnrIVVocyaHzFpIehkIRS6IA1oICaiQYs73Xbtctvttu489gWFglyLazDYUVRWh5lD0cEZgQsE8ZHCBXCfE8cUEvh0rXigyPDQoYigz9YaB4kL5ficMBKzjeXKxUSUFpjM6ceVCBgqwY/BeEdlxbWX5dRq3s7yyyediZV/wws+6/JLjw62s64b1O+nl9F1n3/rHN64eOZSMWcu1rBSyZQQft+t9a2o07gldMK0JtYe5gZmpe6RPQuXwlQABX8U5FU9AEw5oKAdJ4kdwMse5gHQIVF3fejHx8IyMVM5h0hsGlAzjIkwPDH4YcZcL5FFE6ElF9hVYzgqRQACEL7CO9feaHTVK6xBOpiM5dzyZpmCuLbE88UgnmMpWITkaxbKeMrQEGb4L9auQJcPMuYDHSeHnIb4iYcSLxD1nu/N5xg75dxixSF4mq2dR1iF2K0l7yK0ksSZcxkPFlIlln5W8lhWv8sAk7kxGCkK6l+GouHucX5wJ4Z7hKUu1df1emPidHMHjpNBQ0mAqqIbBOzzgXayQnEicNAa8FSLOGMkHldY+Amho6Z/hLIgz23km+NB/JR4Kw8qLIAqJfEwERbLMSBHc6FxrOlxybVMjd1LHrya+GtysaAQI92H0BFQqlUqlUqlUKpVKpVKpVCqVSqVSqVQq1UMt49NH0AOm4wjgKGmCQCekQBl1enQ38TlsSbHtQBFvjpRmmxHBHWyBDpghj4xJ+SimEcMgySjkiqlMEUdNcIZ8cD+ZcBjxazk0AhmgzJgTskkJR7Fj1LPwF+Cb5BAohj+XiyV6nDhKT9JDCZoUXg1iMVCGx8tu5hhwTnXDOwc3GE54Ynibu4O6EGPJFJ2lxCYmlPH3wcFkHEteJU64OYdiH1MdxYXCFn0xeNikoTnQT+SQK6zgJlBU9jk3fMb3fOvXwX3T7v7ynX/+IUi9F6bXKnvpECZHjsMKj5LPqTv0KyG+gxxHHPg++A5gBiZ+NSYG9qv40FVQofEJTUSaeaZGFoUdgjA7iYfKVrWtYtQ/BuyRe4pPIqCjRKjjLDWhwkfRNlWVHkSZ4OQ6xF4d/EBDTzOIQBE0jQiVbawRP40w6oRwQAekRzSDR7LX08y2FXmpONf3fSwZX6UDEEqw7HkitEIiJJhy4OrYl2UCVV2Ux4lJ5VMmm+QmUm4W8Jn0DO3j83L2qmKZSEuhZ+QtmMLdBIrVSuphBxekScTRJD+QwrJkOM1A4XoysCZiP2NSniBIwNpoD68MRvZz+YIjgQM8TkZ9mRsRQhXnmKzZsRNmZOXSYkYnyp1Ey5+Jw2txhC27WhHhF+gbQeD1nlyOjAdEjizbr+DJQ3d759n5Jr7GusOQLccQ0tj3BKzEmRO3+WiF6Xaqre0tmG+gf076zsELIqhUKpVKpVKpVCqVSqVSqVQqlUqlUqlUqodUGB3mtBID7YEvnGgGkjeJ57wZzmG0Nwwh58HgwYySb4h7QLJaMNnWg1/TzlwyK+ToqFTH7/Nn+JO3CVgo6IpJnHpCXQyx4+zpktNoEAySPoOPV/Fs2UAeJ73v2nbRdUvnOgzpY8zfp4v4lDQjN31oQWAYIxE0Q++E4j0lgbGE7eSv4IU+CTn3yMS2ZEIBrNsHcKCViyksZNZiOgIDHUzwJGsEU7wNkgoGyiQqJRyTo9vTqgCKQR3Kp8aMIY8Pf/STf3bjR04e3ykrCWti6Qc2/sy53Q/f/Kmh7WYtiDPpmCPZcQznZOgk1osBdMIIYty+slBRkByNg0zlDMbPq2BrQHcMHycX8iiOU7DE/RWETBd4BKOsmc2Mc/HRRJLDUWQ/zkLPTBegY0olsAI/lz707EmRHirkynqsAV1S0J4EcQDDBhJgK0ZUZECCBPQnz7BgDuUAENWC1AA+ImBtZayrbOWcC/HLsIMF+2SY2CE1QQuJ0AiVLTxUDoWiju5xIk4ngwsI+pSU7iZ87eRuUjqXmNLdRDxF0MElrUyShGzkksL1Jx+UkCd2urod1598aKT6ietJMOlACGMShe8rlSleB6eTQ/sk9WKxYuXyd9151+bmZjObzedzSrgGmD8Jqqqe2youel18G3LKIszbJIlzYmHOpcRrK82OCpdnmgySAidZkuA0oHq4h+u6Ts8Mz4RYrI73F4sRdOLYbCuuwr3p4ioc2xZbyFYrFfIvdqhBpVKpVCqVSqVSqVQqlUqlUqlUKpVKpVI9dKKsMcDkAEDmMnxGNDzFt5P9ic/YQelmItgHlnZAEW2QEO2I/JCTggAbgaO0VkwyjBnTEoYD2qYMfLNNgIEBNxnfiyAaHOMOpQwUxEmQO6ZGsmEB5sqA4LzruzbGOLu+db5vu0UMgRoTQ6A9oSBlC8MBfiDcLCuhaqYActAXw9MYq7UImXjuC4NIAlYvPhBkWmDJSQSD+CaZajBbAH4tejJpAawUMeNDIaycFw4ENkqiaEK0WMijYYvd/gioBiRTh1z59Fgo3t5z5vx3/eOfDlO6wwxlxqdLa6dXhAM5kglsYlZGdy3xUwJVhXI4PA4y+j94GQJBAWL3VN7UzsbJVwe2OeGELFClzCV4FuWsAskaFScFMws2Rujj+ZjHJM5XT1BYQG4lDkGcWzXG4yvM2wOStAroAQYrAIqjdFmGHEhw9gEbVDDmY0vQSTCMYsh9mkwJE5nSXkiV1FWDPkFd6/p4JdqPl45PUVxMkBcwNqNrlq9O2WrE8gTWjc5AUUCmJQ7y82CTDc6Aw7fsB+4kwOBuEsLgXIJUhIHsgpQpkwCDl0kQgkRcUqikl3/4KC9jTIdAfpx5z+B6kvgSKNxNktETlDMvuZ5kKgVkERTsLqEe+VE6sE+kF0fbUv6Wj328mc92trdPnTy1vbNjPRIhcRVvmooW21nsmTiY3HjEiQKlueFRsZ44IhzfqmJHG0urqje0oBVrBxrzyLcYT+44IUGFbHhiKzrskSnpe7oQpxULcSWOX2ymg8Y/dT2rm3rWgEqlUqlUKpVKpVKpVA+d4m+re3uL+Cts3/U+BFCpVCqVSqVSqY6sGESJsY4Y0dve2miah/hztjEis7+/XCxajM9491D9bGsMJYCoq42N2ebm3JgLh5tVDxOlvAeB889wHNn5Hh0Z4pRySJtQvJrJDA6YUsIXDBoDwyVGknpIDotJ0Hi9o8YQWV07W4RW4Vhv4avBmRnspP6SPpmQKGHIo2Egp84Qu5Fk6GKC5zCod10b/1ss29a5jiL5SJwk+wPsCWtMadKRNkLh8xEGd4FsIkNtwu7C9Cb8WX1KdUJ4Cp1pc/upjXYEMoSBBymNCkDSfRi4kB3H5PBorQiHnWyMGZeGsqthcPlInM1Q/wCTyPFD2ja5ueHfUQYjyJHy4pxUcHTmSoHiMiu7w4pNTnEIDmhxrnD9fdU4nwznTTJonYPZQHgC4ki7YGqLCVsaYp18cDXPeHSKQFqkkvRKWNpKmpaAthKGMAdPniLGgbeUB8q3rkXEoXcxKh+/Q3k+iwEtRJus8VQBTnUGgrApLj4A8a8ilVhWGLll6aaQxjCPdLLi4HsU6oKhB3kmgliSxBuY2bnt657ypKSecri6uD5+w+BrYAXIvDCklvgJCGW1F+Nxwm0QzxJiWRJ9koCvVXcTwiPynlD6mpCzEx5NzIq4m8itirvJmFDBptvUhkTSTVxPRj4ofvB6kZvju2OMpKRSfEGf+JzBJ9cAh3mcyJCVrEl+XSzjitct9hZnz5ydzzeObW1t7+xsb203GzOGT2YzE7/Be8x/g+ZYZAYFPvm+4IpGSXfQsKSq6OI0+6wv5wqxiAn6s8FSFQADKshQYayPCDbrBXUMxAzVXbxy/BNeHKzex7/qtXYZ5821oFKpVCqVSqVSqVQq1UOjs2d3z+/ug0qlUqlUKpVKda8UoyAxOhO/9vYWOzubx49tw0OhGI05d35v9+Hxk20MCvXOxa8Yqz9z9vz21ubOzpa1BlQPe+XsJCYZgVCkD7edUPqEm4jRCIERYonCgcFymEMR+89R/3XTIMe8+TQfSoyDopNDHHcwNRnwkhFWkveEAk/JpiYcuIQilp1OQosXCpF7+tg+Jg/qHT7cy+UyhsW97/Fxx8woHn07bDYNMFC21+TI/MDQcJzUJDsI7jBL3cXh9QQjWIrO2jQOku6FjSHYNYLaMPUnmIwdwIWQk/UjULR6dX+5J0WEy/1hlCOp6APZD0duxyoaAmsaMvglwNioRGL1ABcER1YNTkwBsozvz8AF2glweK/XaYakKxjMyCR942lO4cBiTqWKpliQpEw+Bu2r4C3CGEycYP4d3CD8gOL4DMpE1UCpUIKJE7QiKKrDDFAOq7MVn8uZdAKljxoDSgQwOMbJQqzZV5QdR5isbLsx0FSQwa2BLiqeuqH3003XTY24i0cTEcBb9o4HCzN1AVEJoXykQ5H8ifkMGMijI3mc5GYB5cpK24KbgaQNG7mbFBgJj4DMZZM4EiROhnrkAvTqB5CNvJSYCBEuBIQ1ydRV3mMyUwJgRv4lsgtyviGT4ByeLcOe4SwonE4O6RPpy3Ef8qsnjxz8YFbvlstuub/c3V1sbZ2fbcxnszoO4nzezDfmVVXXdZwiDaa/oYRr8cyevHaC6xndqq3h3DcCJA6LtfjKQEKpiL8KeR0TvoS2K8M5eixPUVyqXYuOOME6ujYv637l9lQqlUqlUqlUKpVKpXpwdMfpe7ou/ukQ4q/MUXVd8S/CpiUGbAAAEABJREFUKpVKpVKpVCrVERWDHTEu03VdDM2cP78fXy+/7CQ8uFos27vvPsehrhgUamZ1g0bz9UP1w23sk7br40/aXdvHtp3f3d/dW1xy6th8PgPVw12cJQFyzgPXM4oBMZjoOPNOyu2SuA/cJzYK47rMkEwhjOgIBizGYeVxQDQUrRiK8Aff6YBJqArQR+sHXxAoIIMBZEmB4BTKDJy7ZmgymhcA+gNR/N9hLBNdTlCYUsdTcBihE4weU3xeusGP7xnKtk4JHEjcDX/uvyL/EssdGQLlFck3BdlaAk/BcLaV2sM6XgIP3w8x10O4ibVkDxB4F0b2M9LbPCR5ANbWCBdoh1l7UhgOCgMTMqMzPms6JaX4OsMSsw5jWWFNzAEplIbSZt11Kb2OFQQJJHEKzwNyxhAWoacu9QZqhEwciDEGZiExlJSnIiSFJi/VmOACeZa4FRXm4KlChY4XvcWpTKY9sU68HOYsIesJhFPc6i1Q7h1Me4LPgY2zMuShNgl8CHm2CUURVocqJBqlTKiC0x19K0JKuBXibYjFCtoGEdbhsFVkYZSHJmeNOZLHSdkKOcpOJ7hNryMvE59KDu4m2cuEOBIzLuNzmeSVklkWSBl8sksKu5sUviZCkECiT8LUB8UHc6APihHXkyCuJ0Z8kEDok+FaxnPLD+iT8fa0J8vZG2uL38j7/tze/q6tMZ1N/MNZ/F5+bGd7Y2tzNt+YozbiD0LE9IUav2X0DqE9wvZ8nNZ4d00VhTPYZqLIcL4dnhlouwPU52y/MxCCaQ7wP/TOz2cblL4HU5/Z+PNX6GnKKnWiUqlUKpVKpVKpVKqHQOfO7cW/g8e/ZOzsbNX1Q2yErlKpVCqVSqV6hCqGxmaz+NXMZv3uLv6EGX/OPHZsCx4snd/dP3t2N27EYNCpU8dnD3WKH6A+2ZjjZ6KBclneffdZ5/ydd509cXx7e3sTVA9j+TDkVokhvxjN4zw6DuEq5PWBAInKEi1BviY5akgK+U0KxlKo2q5xLjhCc4b8N+nj/Bx7Z7eQkc0JEhvUOAzgw8CqDBtUnx+7YIScXgc/PB8j344Cp3288R65qRhtXTrKB2L5Q/hyjyEbe0h1YVRtbn4ibKTtXMQwcUKdYilSbPmGAnEm1MEB5HP7kj+jqG1dN63sOVLvTs+YmoasG6yyz5OpScqGkcvkWRCkxjAkG8oTxqxvBFyQRIESuimxocNwk7LABEQxmSMZGfOE1RPTu7WDDcJ/wFrVIPY7XHCAITzlD2FfDGaQ4uD3RKP0xoJ3HjkNZwWWIUgFArmWcKgeg+2e6AQeP35C2bAjnuWRsaC0OYHBKe8t1Did42M8ZHzhVspsZfQkODQesZw9CykRehmeZOYbmK1CCiaAYFySGSYkJIvyS+EjVAX6hxOv0KbBhy42Cp+2jk+TLCrIKIg3Rr5WQZYAHOxxsjrmkhCLmuOROwkDFwIF1Zb3kJcJFFlyMv8xmJv4bMsxcjchkKb6jBNPueHk05+8/diTT/uOW3c/fNOZ9/33039w67mPhJwzSKgRdiixhUMJ3ZWMdnHva1xPxLFGbJF4Dcl0jjGH9Ml4Mpu8tHEPB8q8BDzBEE3ypicirwvUGwiR3H1Xs7m1dez4sRMnTmzv7DR1jXYkdAvkeOJ759tuwd9CeGmtarDe0MAyeWLyd4j0/PBiQQ0YDcsAnRCXg0slLaLVzFpMb+h6upBCJyqVSqVSqVQqlUqlerCFwYDze3FjZ3s7/oYKKpVKpVKpVCrVfVPT1Ds7W2fP7safMzc2582D8kPm/v6SiZOtrY0Tx3eOFsd/UDVr6isuP3Xm7O7e3iK+xmjj5uYcVA9Xia8G59mIgTzXYwoMCB1m1oGqroiTqGyV0iUUHIkdPiLPQV1Ib1KgGoawfI5cZ3rjkFZxJJLTMJTEQxbiL5iEx3IAOvs3hCSTnSAkpcgAFRDewUkzHIXvexISJ123aLs29gOmvDEmReNDMj7IrQtru3FovLRWcg+RwSaGTNHqIghPUnE9AVNGcI/EkDvm+giZeQgHEA2Yc8fIRr7xdOXBcCWfzi4xQgaUrUy5VkKKfOd4dTBcuQmVrVN5SXVhbQXZfoapnmAyJJCqN2shjaPCMYfjJjBBWFZm08G4Sd4IKzWxccRqRTClUKCc0uPtQbWBigAPCowHmTQxFm+5r5g+cWjWUCG1gH2IJiCVdeg2Er+fhFhFF2Jk3wfj62DELgVzkpiK5ibm3AHBPZylobGmsTV6h3iHkX9wbXA12org9Oq9r0x+uoAZMgBJexIr7tm7wlbMOGBQ34bKEDLAXiexqbZODzFl7KEuICsRaoHcvueKDV+OM/gYJCXZ8yPYum4qum4dH71AfifxiymXYpAu4HFSPItlGXQ38eImQmQX+ZGwl0lBnwDko1A6l5hyjzBgB7qb+Bdc/vyvufqlczv4el27/aT49eLHfOUdi0/84vtf+6nzt5iRA0r2NfEAa1iTMLikQPI74enp87TObVtldGCqqbvJak9ShrH8DOOahOsjel4FykhEPjxooeMWi+Xdd90Th+myS05t7ezMN9D4JNbGlsKzet5Us953jkaT80jhNCeuiB4S5pmG7xTUGMsPUVXXBEl5miK85mK2qDh32QnF1hWlf4LKuWbmhItUqVQqlUqlUqlUKpXqQRRnu5/PZ/EvG6BSqVQqlUqlUt0fqut6PmuWbRd/2jx5YgceYMWIz933nIsb21sbJx74y91rxdBS7I0YRNrdW8QGY1pLxb4ftorRQBvjiTFM2O/vLzimSl4EHCBGUgLhDkqRwR+mL8EB+eB64kiED7Fm7AyBIc78ofQDcBPZafHT85JVhz91n6GTUWkiOgiPAcpTEzA1CYZHU2QeY5aUtAEoywaQ14OEmAPngYixz77v+n5JuEnb923vW/zIPwbDY8BV4sR2nH4CQ5+FCQmG5tM1sYdivyGhI/yHfFifLSEQKKiE/6AgMtUUmz70VgV2pV8EUhnnqzEcb2e7hNFYUKuJErDZhsYEyWbB6TjKbiyrXKuUfQnSHaP3hrhAiEUD0zmj80sABUaJMi6gBMaMkJHxBBhvm3VVwOrtDMDJpF2p8LpLmJU9sIIXyfZ0iauFCuCwuhkQIMwqk5oYp6ZLsykldMEnrvKSlMfS2LFvTDyn59El54+K6Ip4VoWxfTREQSrM14YwEcQ/4paPDx5amJB/BWEk1BFIbAmwNUBSPDl4YBnKQogEH0SPHhOj5G2JNRETkkDECYxqhNJRJUFU5ItFN1mlAoGew54zXEVVVQW5SWPiBFY8TsJKk/gNwg5CnEhBXoASqhGGR4qpMhgxJTDYm4TC7qRwN/G85Nn/9bq/8sJTnwkH6PKNa/7eZ772F97/zz5497sHOgSE8cKUR6XrCW8nXxMhZkDWCsjlhVNJrjAyu9LrGuWeWdOTwP1pLCRyjZ1LaEKBLOfkaxNPwjQ6S1918TuD/WS7nM83Njbnx4+d2Nrenm/MZ/M5t9n5GS6srjMIkLgMGsZvM8T94AREEC8uh5iARx4AKYTfcSz2hDchG1OhD5DnRE0mQV41CVQqlUqlUqlUKpVKpXpwFf9AH19nswZUKpVKpVKpVKr7T7M5Qif80+YDrbPnJKvOw5k4yTp+fGexbGOY6dy5vVOnjoHqYamAqThCjA+2ZDfAMUsbw362tOcYIvZhHZwgH2HnN7RphH5I1ENZOOdwWa1JEJbhaPY4CSOuJdfMkePAkAp/QD5XZgJbgkiDOJiLWSAwHuoow4ejG4+zdMlOJ8H44eR0s54zoRTysEbUA4a9JyQ4mrAPygQEhO5IsRzph3upfL6B5GxSpp3hnCuQ+ki6EWDFruMoDVhbppwIZnWY88DB0WQmjTPFP2a0K71JGUtWallXNlVkyn3jU9KbMNRgVisu6AlY1+BBNSR/jMwNiVlFgWI4TruDJhwEHCE+EupgvQVHZjgWX9EKJX6HccE4PBr3BEc7KwJOKjYTMbSXvYGAHIpqNK2oQhVcPM/Fue8SN4HTFDGXQPOSyILkj8NGQsAGHwY8p8UxjHMNhjZmoGxC+UDCyohME1GFwrMoXbGqKudcvK4j74ow2Iqsd+YY0xXlXKSS4hHi5fK5ebzfMwjkywuZsd/J2N3ED2V8qpl2XX/8iYcQJ6yZnb/8yd/8o+/5B7vLM4UricyJ0tcE2GGl8EGZlJccOvw8h3ynw+shfQIH+8TQaFrkQ4jPk8oJxMm4GA03pWDCUti83oXFYnnunD1zz9mqqWezGabd2d7e3N6ukCapm6ZB/iSusXG19SzE/Rza8Pj43SUWqOqKsEZT1xXDRmRCJZweWrDEC5sEbhVrCuWJCnWlNKtKpVKpVCqVSqVSqR5sdfS3C/2EpUqlUqlUKpXq/hUHSh4El/cYr1ks2rhxyanj8EhQDA2dOnn89J337C+WJ8KOvffxddUDKMyC4PsWfT7iJkYt8RPoJOYmQkYHRm4fodxjTCJFDh7lg6LSE61QBIaz+pgiw05ZZ5DsN+RrQjkcYAyIWPFwkOCyxyBovNUuhvHjY9t2y75fxrfOd5SOI9+FOayJ41uhCD3H+pEuIYcJNohhCgXYHsaaFEod7m5a9xF7aSI7MqEoqJ0RFLHeLwbuFxkIYc3YwQW4k3UHS9rDDMVKmqg4NKpqBUMxoxpGdYIpMuyMr7iKo0zhElNWP8yZkeocJedJKbPKMLQiuEUyqEDjB+7C+Aw6Q6xJQO6E6BD06KnA1IimmB55FkQSarqpmqaYcCJGjDgIbqo8OEuZcXCKujgb0b2HgAnP6WEqTKRiKjJF4eQ9VIFx3lthDwJZreDT5ZhKIb6hwnoQbMk9yYcYoMm9kmYAAIyMegSISjQKYge14UWHcrj0zCiEcJjHCcC64RE8IbMjXl6zT4mXV4IWsnMJyDrCdVDhINZMbMIBBsIIhaHNr7zqi+AIOtacet5VX/zWW/5jmgZlNpz08CTWhPEKNv2YuJ6knDuhXJQL95RJP4z7JPUhFNROusMwm826rgMH8dtBJuI8TpOQBpjpPUveOlG+sgT6xVMWrdvdj2vQmXvONfNme2d7Z+fYsePbmxsbSJRUTVXPCGjxVe3qGse3Wyzj+67t4vccnKA0eS1ZUTF0gthjVXm0ggqC1NFPWjwEHn8cCux2BSqVSqVSqVQqlUqlUj24Chf6G6hKpVKpVCqVSnUvxOHenDrkgdP+/gLIuq9pHjGO8rNZPWvqtuv395fbWxugevipI4ePrncEZASGPGLwlyOAUP4OldKF5PBxComSxFBkcHUoQrhrrBCmv5odiixMCnNtQwiYzBgcpXHItUmyD5uahac4imh33tO/vlsuF963zvfsXBAjpF6CwhgH9+v4jxJcyNwAR9GtRPBNRTFU6ylV0FQGUqetMeq4VzITeiINwYQoyT02vhsL9+KKa2kVMxjAVKkFRCCY3FWphWsrNZPaErcw2rW6OZodk1ikNHIAABAASURBVMKTSszqCeXeyf8A6+mWaRsP+iNDLbBRTlqDLjompdZJjA7lKqKSNsb1A1NWwVbkiBLj+payxFgiAAKlHanRBAWD8c6Q5QnZllTogMJJYgSmoCxVlIGHkznxqd5z3h7qErT7CWLpI1maLJNmYBlKwBksj1nOrSSjOoBnw+2HkQ0MTOZ4sioqui+ZpkhmH1sbpmQoD4ujb6tH8ThZeRWPE8mwk/u79DLxAt4Ec0F3Eynjcxn2O7lq65rrth4DR9MLrvzSt9zyH5NnSeZIvOyxDLbw6mBzah8YuZ7YofxA1QDvhzGXdVDPrDidSH9u7xzrETyM3w06yj3mJLNPYvUGsk1mivGCBPEkQMypi4sqhFjLmbNnZ3c0CJ5sb25tbc7n8/g9pa6red30VR+3ZoShkLEKead413Zd4gIx3VLdYDY0qZsvwK5OxCIR25ddcFQqlUqlUqlUKpVKpVKpVCqVSqVSqVRH1f5iGV9njxzihDWbNQqdPJzVdpgdCiOw5G3AuAnARVhuZISigB8kqUgYwrmH1hYOrBnNQgrThOl5CMp44mDC1EkhffRfosSAyEnXt2SkEMOry7ZFjxN0kwgOBAmA7IzhD2mwGdpsYDB7qJHT4XQoxrL9xORu0o5QVnHvtO7U3EVrXYVWd62/xfscxTXsdjHeBbDKmhyAdEydYFZhlOL4QbhJPnlaIJ8iVY8cIsyhDVuV1HEQdDK9Y5tYgpBAC3oHkojJIXfCBAHyJRWzIpaABOKoyKYEJzvmofG+h1ARXFLTfMW8PAb9UQgQCZJ0KQiBZck7oqE6fXDkC2SDd11A3qyy/ASEOH0pLRAl00ETksDcQWyWy0ga8mjJPAiy5dHqbLKmgFCE0MnbA5KT6BN2rqhMXVU9LkkVPttH8jjJr5mugCJ7TgHLhZAtj7KXyQXcTXyCchJulyt+yrEnwJF1Ynbp5VvXnt7/BON3iTuxpesJ96QAQBnpEAMfK/RJwuKS08kADK1zOplyJ7kPy9eorY0tP9twHpfIrm339vdj53c9Lpq0tjrjPCcNQ5TJYi4cH/qUAg2kRyw5OYHtu36xv9zd3a2bZntzc3N7e2NjAzPvzOfI5VV1vYG3g2iL87Q092QWh72NvJHFZb1uasrqg/MNzGBUFNI3BMGAVCqVSqVSqVQqlUqlUqlUKpVKpVKpVEdW12EGn9msgUeUsMG7+9x41cNQcWg8f06eckVJVh0yApgkbRFxuofscmAKIwOToYoiIcWKHcKaKtddhK9uC2ChDLZmmxO5RE7qwcXD0IoA3mEuhhjiROLE+a5zXYeozQLzNJA9h8GP7XN2EeuPmAaI2Aoj0AG6myBrQolNqkAh/NQ54geTO2fkjXEfuJOhJanm5EwzcqAptWJ0smI3c3/ICIFUtkoOjP8dnTMldEbvQ5hiJWEKlBRuL5krKZGEMW4yKZnwkWHfWqrnCHsG1WQjI8wVeZgEw2yH5zmHbbZVzZeW6WysmO0QSlCRFw0mMQkuPpjg2aIDyRIyQUFMxMXgPSbZCQ3SU5htp4rXHkCA7CWCDiLeV+RfEUP+Lk5YHxuIGVV674Kn6WyRqbCNsbIKIEhA9ThKgkNN6THTCubw8YBrRCXeG3kAjFjoBAgTsAmJCc/eGmyGEyhJT56v+anmlUjOOMzjpNxecfIIycskAQqyx4t/CXfRencT7/NZkLPwmKGFcfuK+SVwMbpk48rTi08mpCSY3G8hZ8+BRJ+Eia8Jm1ANGXa4ZxjFMPIk++yPcgF3E8hIYG5b08zjaDvnmrrx861mttH37WKxWLbLuFhSsiMfpwqty3HeAOeA4nN5OuP/nm3fenZJIaSkW3b9bHe/rjEZVPx/e2fn8ssuO37iOLJQpnKx2a4ztp7PG4e8SY/ZnTADmo9fcW4hemJmcQPIwseLsRNuGlsd/n1FpVKpVCqVSqVSqVQqlUqlUqlUKpVKNREHlB6B0AlasxzdNkP1IAuTGwQfA8p13TT1bIjMr3XLsJaMGdiVwNgc2qbh9RyoheHt6NwDMIhyb/I74Aw1Q0vI8sGYBMHk/BjDvDIZW+AaKFSPsf7eeYzFe+O6+J/vl8v9vu8kFw/lHskt8IFokSOIm2S4UcSfGLJ+oI3hXiRjRg7+0yf2g8S+jfhXrNR8wasPtgikGKst8SAOSR9Qz/hyOJArz2ZYd7nxrMh0y2rJ9dsD/LHSqskOs7bQmnPN+jpNASkVBS4GN1m98DqZydHV3qjHpZnDYBlhndA2g2gUyiNjgRPCiP0FJcrxgTgmy2mQrOVZhkwE+peECs0lQoXl2BwF/U4qQhEcAOMgxBlglZWXRgf2wgmmimfjCVifAyfZpQjRQsMjA/mB4zHk8z2wARGxNPiFxhdmuM08h9Y/8GFyIKzvWshAyGEeJ2X3Ghh5osRm4iPNN8TPo0lr1WA5U7qbBLlPcTdB4iTAUF7sUcoyFychSGzKsBX4aSr9QhKPQhl2yNcESogs+aDwEkBPoXRAwXmZg/tkcHaZ9GcgdkRMbSq7tb3dtU38lrDRb3QdJmBbLJYO1804UeK8CZTTqbwzy68hFP4jxvJcjjV3rfNxggVYtO3u7t7W1iYm3ZnNt3a2Z/MZPQI+ro+1ndlYu689uvG4uBuv3fZN05BND5r0xIrr2sY9BOKASqVSqVQqlUqlUqlUKpVKpVKpVCqV6mJl7SMsyrLeLUP1sFEM7VVV1TR1VdcBgoELTDCzEl3P6MQEH4ELakI7hIFlqazl7YJvGPiIkB1U5EImv2XixOR2kVsBBjBDH6OXyyWm1MG4KcaMvTX+XuBQYriCWSaIOKGAMCeAGPXAuJ9yup37/uH8ITNLertqbbLW7CT3Z95R7lw5ukZltZNLcBWwMqqTy63MLzP5d53M+ndmDW4CqzyKgQNwEwNra0o7poTOmgZMj5Sq00FETASIkhkiz0uy6BGvDW9Apjkk2oPZDia5aAvxkxjwx/C7oSw3xnrDqEqcy5XxVQjxOXaInviGYv4VQUgh+VsYYqUsZubB89GBIsb4bd/3NqCziXGGbUsMVR/rTy5CiWvg6Wf5IWSIxoT0ncmndvPcyKv/QCIUPQBlidW+DkWaruLo1Mlj1c/Di0dIyHMaOS8YuZskv5PkbpJ9UNaUGdWQ93x6/w64GN21uF18SpJnCaXqoTabDKJMvE/Y7wRLju5I7stwecLl8K7X9s+KxwmMHVHYFSZl8cE0TMg4hSaOaTWbzeNy6Z3bn++1S0JPiPUrSTca+jBGXoCTK1E/Wc4mhNM2zoPOtctz58+dr+sqrvSbmxvbWzvHju9sb+80dY2FME3ZLJ6GWKD3Xbfour5HD5SWlvZACZ+qOFPJlUt/vFCpVCqVSqVSqVQqlUqlUqlUKpVKpVKpHmKhrUhVWcqqY4I5vOjU9ELsOkg5ErpinpETzQCMrDL44/ZTzCGlAylxJYm0BnHmyE4n6YwcSs0JYzBbCKclceB6j9YmbbdsuwUnf4hRU6pydHF7hAgmx+8NYTEx9F/DkCzHGomthsG9oLgtPpUtTzLjcFAenAsrlHmLppWkDh/vDXAA8nLfOZhU0eRqhRENwFojkaOwJmGlsDGmpG4gQThmwqNM+6CwPFlDnsC61ph1u49EndRwgAShIqELBOICwLdpK5wfGMUXyyCexMgAxIeTfEUwMY3lLjCIiSEhYIL1podQYQIfX+O1McLfB18BNMSSNBaNThgnMIx6EAtQQ23JuALzT7k+VugAMMcJMhah8j4etvx0kXGIJf8N8mRBbgXntAFKjFI+47hV2XyjBtPp4NlBLFYoNZUZ2xwdNAsP8DjJr2v8PArWJCFxiSUReseX1iUh8yj8fMrkFRxFTjejlF648cFzHwL4MjiaznR3n17cJvgFtxCmrieyvAYo9jBzQyYig+uJFe4E5NWk10mflD0DBWsCo3JsvhSI9hOrklhTU8+c6QnKwWRNVV33825zo22Xfdu2Xd969tsJhEtRPibne67XJAssnC2V8QUsSKu0cXEBbrHyxaK9556zs9PNseMnThw7vr21Udc1UZBN3Ijzqg7zWE3X9XHFpemP7ewdtH3fNEApmFQqlUqlUqlUKpVKpVKpVCqVSqVSqVQq1UOpGN2rKDzMLMXUMGMlOJ/CsvKGX3I49iC3jJElRjYp8aE8GvdXCTcxHAyVJBKSlMRj/p4i6DtK8mIkUswxVWoFsiah733f9su26xbtAr0AjGQUwpse+S2safbauzCUXSTGgCsTQ/ZWusmkW0sxZTDl/Vq8KqWGyFUlaOfecScmN5iMVkYDZwoeZXpSqVAm5SjqLUZwLdSyWnOAVcKltKI5uA1rZA7ezY2RMZ4UTxNhFScZn2XWXsesbpuxocy0VoDDx23IK5ZAqPHxNGPy4wAIUqV0MIZ8T2jyJ8MKCu8zboCpc6xHFxOkUTzxUgbNIXyF88x7cBXWYyoPnPgp7qV0PAidWHKfIBOUwLMZTAUV2vXEczvvXDylR6ggPiwNASOUPicWym4+qVU88UIJcPGUti62gvGZMStkRsiPKToDShcdWDPPwipRAWOPE+FOOKuO9wXJkVeowt0EvUxKdxPP3Tx2NzGlA4okj6FBuPXsLTfv3vr47WvhCPrjT7858JQiPyepDUrXEySGUnuYsxvYqVwGSh8UspuxaU9mO9b3CUw9Y0beMN5bi4OcRwCYdAlsBmXquqlsNWtmGxuhjatpu9xv9/ve9X0PDADGXhK3m2BTcjQ+GRd0WUZiU50wNVisZlSw6/oz99xz/syZuqo2tzY2N7fiy8bWhkW0r5rNZ3VdU2of4wL+Q6iNWS7bSqkTlUqlUqlUKpVKpVKpVCqVSqVSqVSqB1j7+/u//uu//qd/+qdrOYAL6uqrr375y19+3XXXgerRq7qpDZl8GDAXRT+k0OdAgRzdRYPL20n2HMCECRhlrCoOS6OZCHDYE4mTIJtDgDsTJxzTDGJMgKV633fdsiXuhD6b3/Ln8AOmbYiBXQRPbAolW7EhgZGDxrp7MQk6qSgJhfgW5Ij0+CaL7eKVArtGgA+41xrhIDk+TTqk5tFwsJ3CJF3OGIJZ5ZAggRspbj6tfHW1MYPvyIF3c9CBhLMIOAIlCAWD34UpLUnMlCtJsNDq1cz6ZpjV09fKrKtEVMvkPuCkzOQIIwS8YcXQh6LyXi7PRFjIfWtxjiP0FMeqgmDkKSKOiugS2ufiNPeMDYDx5H1igzPga7RLsQ3NY86BgksA0JTGK8fnxDtj4xMUT40PEOahMmxRQY8KQVTUJEjuSEJl5LHH1D/JTwWSCUcGrMo8Xrl/MphwMLxmxq9rPE5gMDYJY1IklF4mUt5Tl/rAWAcU3ieQhoHP9UWeHUiEStzxax//rVc99f+AC+lcd8/bPvk7PLgmO52kTDrco+nZsyCZuVIZeUyFRIGRx0nieNLroX0Cq54xQQgV2Nvfn1GONcquQ/MicSe0nvJ7qqx/AAAQAElEQVRwx2NVXUFTN91sNuvnbUemJ31PVjcoMj/xQeZGSRyl1YFBFp4aaOrDgAo2A1PoOBcr299vz9Zn5xvz2Ww+n9P/sxleOn6vCpYvg832cZp6UKlUKpVKpVKpVCqVSqVSqVQqlUqlUj2Q+sVf/MXXv/71cB/0x3/8x7/6q78KqkevKsqWYRP2UYrjoSWXsCZuuVZmxCWsoxYgp8QxIovRciJOkDXxEjUuL+dTq8I4y0+KaMsn+T1+8N5hPLRbdgSddH0bo5nSIo9hzxg8j2XCuD2FscXoJiUazl+U1sQKd0IeElin58NkAhPMlHGgtqccGBQRTt0dwrTgETVgFut4DnYsSAF+HsTA0EI+Xpw+DFByUhhVdgB0ApmBOLT9xqxhPY6oMMZfxvUOB4q3Zh0vMu6iKeww3jZQoidrJu7q2wNuqzYp3l8U8CbzUkAHjc9MixFGw4PkwME3jnZbI0lfTIX/Oh8ox43l6W7JgaRCnxLAZDg04N5BjUCJo8Qwpsc4P169MpUjixREUowlx55Q09Ut51WBBh0rKu+bWXxy8DmKlYnpR7wrrLF2sZBNuAzmVgHPhE1+NfSMgaTJInQjO44QtmLEf8NzPi1IFhiQBsGMqS1zBI8TcfLgtcOzURIiZmZwN2H/kom7iZ+4m5SeKEb2eCIpRvWEj5z54G994ne//JqXwcFqfftvP/i6pV/SPXF7bGpVpk8GnyjOcVOwJiWh4sdlAIaz+Lk9yONk4N7MAP3kHjPnzp7lpDYbm5tNXfNCzNRQmqxCD8VDdW3q2azqqtl8I659fR9X2M45t7+/jxBKF+eXi6dTqwQClDXeWp4mYUgOZqlfA/rsiFsP9N0SOthbLrFJeL04qesTl1y6vbXF4xtbGGtcdr2xF86IplKpVCqVSqVSqVQqlUqlUqlUKpVKpbovesc73gH3TWfPno0RpbquQfUolc1WGaxgQgr6VhjuJouEXMIzJJGZA/53eBv4A/dG4BQzRCuDOFRweJrDrBiulowMFhM4VMJKABISIVBsHT1JpGIMZuPn6DE8acVyAQvHsCWHjTGBCJje+bZvl13rvOtd18UN17NBBpsvUFs8J8BJRgBOIsrZdwDEDSFjCIbeWmYAsLQHL60yVXb94B7BKGv+ML/0gxlQHBB7FKRQrBkbpIQhVQ+A9AdXbjL+YjP7E7JnRDEW5E7A+VboimlcEnAiXgmGb80aif6TkQHEPqsQIkhjCjxY3O6Q7XCGMDf1JnvSSAqPxFMMvhcXTZuwJ0J6MzZxScdhcCAZkSUrnEpqzoVwE7N295q3cGCbS9XMRTBfxBYaprBpCcaDOFwQxyBVhERuQGahcj4ryqcCLjXVAUEdyEGYKj5WRhwuHJmXYBQ/IEcS8PmIJ+Jw1aEKaXanMSc3FExthbsrcj2ih9JCLG2rum7i4+RC33pv6UmaxSfOQO9dTXlT4jNK+bkwN4zBJxMpgpAaboI0kmkPO/HV4UEqBies71Mzfj3Iz2M4W7iQ5CwyuJsUXiZpaUp+J9LH4oniZY+HPJM9D1muB8v89i2/eaY7+/WP/yuwTve0p/+fD/7I7XsfHyga4kXSq8muJ8yL5D2JyoPsesLDJdvCsLEJDmTvEzjQ42Tox1A0JaSe7B2CI7hYtm38fo8uIw0mtcERptXAOcf9EDcyQYKXxSlSNa6J++ezeVx22yUq/tzACdFi1VTY2KoqcLYBFcTFGMTiJz2nfMV4ra6nBsZrdc6fbebxWvP5fGt7E3mUulkF4lQqlUqlUqlUKpVKpVKpVCqVSqVSqVQPnE6dOgUXqauuuurv/J2/o8TJo1uFy4UZIwMiC+aQvDEg4dcDYn+G46RsveD5A/1DNhGJZ6LXCiZ0oOwepiAJMrcQUjAYhiA1FWVkJXEyaAzh+851bYygekz70MdwOUZLPSWJMJIjJF+BPoqf+iGw5UECNfyYYMBLcdYJ49HjxAy9ECR9B9WYor124vKSNkqPloApTWCwIUj3LYf5LDfwQIL0COtiQuqLQNlUGHmxyavBpb5KKZAcpqPIYXtTeIDkbQJVvLjP5PakTZs9XygKHMaJeLiBQYCZIPHytAUX0LieSZ9NC5riDFPwCCu4CUywhYvDTaZPAsAhTierba1H4yoR9rTDpKw6ZFjC+0IYagn8NKbELx6keBx7pq3IPYLy7KT5L/gCTQdLU975UFnjPKbgIbuUiieIB2RPnEFspUbTDHBoNYGT0dPTKKlzwDbEHMTBduhn0cfX4PqWa6twIsZHNs6r2sfrIOZCsw8RE2y442npyM8iGCEhhomROgKGjDPSPxZKb6WCMoEDPU6GY5CpC/IF8YJHTdxNhO5KeXPE3YTOFncTGYZYg/d5Jsv+RKtsNds3XPrsj53/6Hf/6fd+/lUvvnbrMY/decyp5uStuzffsbjt5vMffNenf8+FnhdC4DUlZOLOwNA2E8aeJfk1l4TSDYWGUbAvw7PAii/LtE8MPfYm9c/EFSb3J84o3+GiGYe777tuNmtmM0y4g2mXjDhQpTxn6QnBYUJTk/ifx1Vx7jbcllsul/v7e4SeoAOKj8sqkSrOezktKT8/oQDJQqaCgnFGPH8W+8u93f3YlNisc+eauq42Nrfm8xmoVCqV6tGr+E3nO7/zO2+88cZ/9I/+0fOe9zxQqVQqlUqlUqlUKpVKpVKpVA+13vzmN8P9odVIs+oRLZNC3imvyiiemEsNMeIJcnJQtdnF4GBZyQGD6AnzJxjdpNCzR0aCrAQo+ugpCukZYLDc7MAYCFC8kmPJve+Xfbtol51rexdj5J1H1MWDxDJDMiNJrInYPVBrMhzBAU+a5xREB8stTFiG4VxExmRzBKDEJsDOJ8akejnCHHJ0tUAUIG9OepOTkZiU48ZkxEbuwUhTJUNPAkpSZhCCEeS6iARgAalg6Ipsb5MInjxYCABJFiPGgFCUZ4M9FdjUBDkYdjrIzc5NyLcnPNCB1hUHyJjCC2F0JJS7TG77pKhZeXcYbmKKyx1EoUwOratq/U3V2fMncRUpvA7JZgLfmVCcPyyvyfVBhjNdx0sdiH0YNEth+x2a0ex2QWYZBsc+UAoozFllsTye4igpFDIo3tchdCY0IVQW99d4CsShngWogekotOFpoK6s7Y2tTI1WJ13nfe+d9w5ZBhtMPN3beKJhoiVeugps14EmRCbwzCEkwQ7rCN9jyI4dvDMtGGbdGMJhHicAUz8PciMasuSE4nHNmXTEsyS7mxTciWBk8akxiaZKLimw1Wy/4IoXPPuSz7p+57GxzLvv+ot/85c/9Vs3/1rcvmTrZNt/MoNTX/CY//k5l77o9v1P3LZ/65+ffvvp/U9lggTE1wTE5aNwPUk0yarriQHJuQMEC4W03IgDyro+ESskM0y7AEPqooHVMWwVFTDCt1gskD5ZLJg1ia+z+axB1cXQ2IwPBh67OLVqW8dSs9lsvrFcLugL3U8YMkz9yS4ygZZ7niecw8gYRn5o8TDiMcMPDB0KaMnSucXechkXn/r83sZ8DiqVSqV69Cp+D7rhhhve+ta3/tIv/dLRoZMzZ8685z3vOejoM57xjA996EO//Mu/DIfqRS960ctf/nJQqVQqlUqlUqlUKpVKpVKpVPe3Pv7xj//QD/3Q+973vr/xN/7GN37jN4LqUSEGIkJy0VjLlIQQLkgLrJ6SPpNPb9PeHDwtLUAooYflffhR+hAoqi2fqPdCi7AnRBGVli0KsBpMELHft223bPs2Ribj2wCOIYsUcy24BQJFIFsrSJA2XtyVrQ2U/sYC58FhIsam4n7gVlKn8ZuEZ0gyGjNE2BlVGbodzLS3Y8jXmonFxlB7gIFJoJxC3qfELYFD04lR4AH1ktRlyCfC9TKPAkPYPQ898j18Cw4phRgntvEijNmwRQxe0xZMzDhfSkJhhgua/LJ+DqXTD2E+2EBmKC5kiVRvRvWYyaXMKiMCMEWqDrh0avpFz35SHcyQXoii5hTSF7sLA+KZYScuLzwa3mdTGs6fAjJ9BEogqojmVs4sw0yW4BuUHAvz5iAX4o3nvFDGB1sFiF+2js+Hr4FNM+KsD70xdbA1zg4X51ZNxAla2lDWqVhXZSqoam9q7/rOsPEJzT9OnkNtrgzU6KfiK8rmY1zgvEsIpgDbHGU2gj1ObB8oDxAyFIGRCguFqdGFPU7MKKsOozniHTK8lu4m4giS3E3I76T0MuHnOjmLgLibML9S2+arH//VL7nic8sxe/Yln/mp677itz7264UFCJqCbFSbn3PZ518+v+qKjaufdepzvvgxX/2hs+99yyd/46azfwnYKpt8U0wiUdjdJK+ekNpvSzcUSBMApOeym8vI42TSJ6seJ0FmV2LYQgZc8AZ650Lf8xMen//9/f35fLaxudFg2p3KYFIzwdM4DxFNRsqFRqv8bDZr6nprazMuyIvlAjP3uB4NqEJW7IMe8SnKvGOt0HwCJRFTw086U0E0cyzmkRI8yBDN0oNKpVKpHuH69//+3//zf/7PDzrK31v/4A/+4IUvfOEhlXzbt31bZkQ++tGPxrcHlfzhH/7hu+666w//8A/hUN1www2gUqlUKpVKpVKpVCqVSqVSqe5v3XTTTd/0Td90+vTpuP2v//W//tqv/dqTJ0+C6lEiie4GST0zjoJnE4tUGI6mwrVhoFYycoI5GTDgaPGT9EycYEwcOYo+RrUdBbSJOMHTbDLkoP+qBG14Oh5s6LxbxAhku2jR4wShExcDmvhRefY78MYXDAeGm0OKrpb2Lvnj/9llROxYrOHsIBiJ99JVjJFwlLgM8mZLAisMBhgzTuAycAZmOgxoSzFkIJF4MEyiyMBgB7bEe5uakRuVXCPKFg15hJKvSd4OQ7oLhiLMYHySCBLIUfEDR99k3MEcRC+tO9eM7mxcPbtBDDzJ0G3GjPZPzp2WNyujMym5cunxU7A6vuPt9X1S+xw/zzQSOfQQd2R4bAsOShiUIAmRIHuCmGSTIo4g+D8aiyQ7C644cLIbut2Qxhi5BE/AEGXYsUiPoN9JwFQ4mLrJ93jI9sFXyKBAbQ0a4hBRFZvZ8IOHXInllD+VJWTFNAsTn7cWCD3oCcmoaeoSl0UbcSYJQkMOLfjUIqnATxRNqYpviP1aHLWcIJbsxBPgwh4no3mW4BwhRcavAysWwGd3E3bdSKhJIk6YvRrcTXD/Zr39zU/7e5dvXHKu3z1Wb5fX/fJrv+RFV77gu//ku5572Qtu3X3vp/Y+9pzLXvRFj/ny4/WJstiTjz8jfr3r9B/8vzf/XOsXkDIRJS8Ped5Akurw7LCcQyf5oBCWI0Oc3VBAHFASPrfaJzCwJrknh/4MAAO3MoB5gq95QpHiutz2/Qxxkhlm3Yszp6ryYgGZiUlLv42FTFXX1Wxj3pEWy0WLTjm0sjtH+c9irXEBxxw9xvvUYoKrkqdU6iDgByZ+y4ibnhIj+XyKSqVSqR6xsMWglwAAEABJREFUcmij1sVfLC+77DK4eMXfTu+55x7KpimKVX3pl34pb//e7/3eYrF42ctexsZ9UVdcccUNN9zw1Kc+9aAK3/jGN771rW+99tprQaVSqVQqlUqlUqlUKpVKpVLdr/rABz7wzd/8zfEPevz2yiuvPHHiBKgeFTJHgkjMAdsXqFmCl2OnCEErrDAZlRFrD+QdiDhB3kQ+PS8xYna6MOSYYKk2zuxiiTvpvW+RONmPr73vYzDT+Z6sAVJUHwDGZIiErYP8gbogJIxN4X8DhZ9Kkk9FQ3JYyN4e3CiOl3KiEfYI4NwTHDLOuVQSogGrYmiEO4DIEoo5hxx/B04H4lMzqFU+B9+LiDGUdxfyHQkHUeT9ScpRYzMEnoM1ZPViylQ0g5PN1PIk9YZJHTG9O8gmJSOZEeNRdsUI0ElTZYULMStbqUAYV1sSJ2F66cmbNU0q32XMZq1qT0YRCEwl+EjuKs55oSUMzSiXqhNrIE/uG8z62HwIKSbLzQ6pNsEIEm3gOGsJO2AApYfCxDqYxKSnRD5of4JHY6w+tgFT3vQIoKBDSQzFIHrivDPgLKYycRDio1gFdJeQlFIejX5srKiOz289s02ME/UhPm8x1EN8gpVWWuRX0CSH7p0cd8SUx2BSHske43mMDC8GiT6JT3A22IDDPE5SD5ZMCh9NHif5yKqXSYCBRBGXkVEZOcr8SqxzVs2/41mvumJ++f/57u/7Xx775Z97+dTkf7PaiOW/5DEve8/dx9/8idu/+nFfvzonTi9vn9n551z2+U88/rSffv9r71zcDsnLhGkvfJAzY5RciwrXk1A4uFCfpOfQst/J0CfJS2adx8lqfw4zekRklaxVcLGD4jrrertcxMs1DSbSif9bXtFDguxwvaCFg7glYyrKyzN3fV/XzbJtmY+LcwappeUyrtdx/epcnxZcvH+cRNakDGv8zQSvEV88w1uGXF7sUb8bqVQqlephrq/8yq/8lm/5ltX973znO5/2tKft7OwcdOKP/diP/ezP/my55/GPf/xrXvOauHH+/Pk3v/nN11577T/5J/9kctYhH56IZ8VXhU5UKpVKpVKpVCqVSqVSqVSq+1c33njjK1/5Sv77G9Df6F772tceYnigemSpyACSPyRfwBnZbqEgMyajf9B+qZwStnDUXELJSZizxtoMNzhEJ7wQJxj05U/YYwHj6ZPzMRKJngsYasV0HRbtCvq+b123aBdtt3RInHQekzZ4cpJgwwhvJvclb4I0voys0i3YEsVI8EwQd5QhFBvEjcIxP8OGFJR9R6KvbEECBcZhzSBgp5Zpj4UAoUhBAZxmJQyuDmIiEiRW7IIEptPp2W5gnLpFjBFWAaJi1GxVASUYSuFjgQJGzSPbBVO4DORxZzQiDWi+hhVMx5TdX7QqNWS4Cowva4aWTg9NKjGj8kNVo2KyY0qcTGevmVwirNl/2DJY10OeHCO4CDIoOEBCK1GDBQRIfEwaXV9eg/0twjAkfHPySOEUF95A5jOxJ6EKODuIW+IL4fU8zULnGUDxFmeQqeLQo2MQ2U0E5E56A7H9sxArCXEjHq0M00eSo6Y2tp5v+DCLD2Dr277vuvi/97GKqrJInBjyR8Hm4jMcZ0tPdIs8VNgMT5MSqRRfPBueyDJqeIDDPE5kFEsyJXdnQZwAJF+TgTjJ9kYZN/OTMsU2/fd3nvq3r5hfHgvOzXzfLVbH+2x3LhbfqDau3Lj6PG6v0Z/c8Qfbzc5LrvyyU7PL/rfP+LYff+/3L/s9TigE4mjCj6ngTEKWEOKWuBPIrifpOU0Zi0zZJ2ZNn0gr1vVnnn9QWFSVMolz8rhG9yG0XVvXTV1XLARQ6tpgqhxK2cQLEA4tOpIYOrAxx+w8vIg45+J2/Or6rm0Xfe/ENAovEb8ZuA6ZrfwNAugD6gRRJS+mdWZKKpVKpXpU6Xd/93df/epXf+7nfu7rXve6bFUS9Wu/9ms7Ozsve9nLDj/9T//0T+PPYc997nPXHo2/0H7oQx961ate9YxnPKPcf/PNN4NCJyqVSqVSqVQqlUqlUqlUKtX9qvjHuvi3uP39fX576aWX/st/+S+f+MQngurRIokwhhyez0QFh24lAssfKReWYp3MNDNKYiVC4TVhxNNAXgdAgQPxGIiMfxzGVwkGY+IFQT+MqdG5gUwcCEKJJdDSpOs6t8SUOn0XQu/Z4yTlwCEKhMO1IUdUrVw0Z44YYRPTG5NUHyaIpUIwGVfJAemQ7s5kNxHBSjK3weiKLYgTSNYVUHAYEu+GRA6EDMdAynJjfBh4iTDwNOuIHzPcVHxrjTQAd1orFSYGgIfWWFveN8+NCZtSQDHiaMJ5NnK02qIfQXJSGcZ5inGMNUS9S1SmMGEwK0dzPWbYb9ZDIRPiBCa8i1lzSrFjdDhMjq65Lqo+RplqHM0bJ+CACTwTDNNUgZgswlIELhHWZBhPI04VeZZBnlwDVGATWWJl3hNywNiFJ0YoJHMfIBsSa9kMg21R8PwaqtiiKiDz0YPvfHzeTHykmlipQ1ikCZjXpEFvIpnQlbF4jp3Fc+IM6Lpl27ZoW4HYgO8NJtypKFtOBWJ9gQgCPcOGSBBCCrxhEyATxPEkGLIZ8V4ehPUeJzAlTkrfDk9n+cL1hE0zpn4njJGV7ia+cDfJZb74cV/21ONP5gGZ1xv73R6s6Gx7bqc+Fjeu3HxMXAo+vbztivlVkzK3nP/IMy95Nm9fNr/ybzzpW376A/8UmCiSVYqX43R/RrJaEZSSnVdMvqPsccKv+UIrPTZwJ+v2Q04cdhDIEYbUN/L8ExrY9X2Ppjd141wcvr6qSVXFXGEiplCURs2y/01c4mMpS6hKrGFZN23XOuJO8C4sfSfoe1m6iVoz5JQTt70XZyCbliqVSqVSPaJ17bXXfuEXfuGTnvSk06dP/8zP/Mxzn/vcF7/4xXzoJS95yWd/9me/7W1v+4mf+Ilv/dZv5Z2/8Au/8LrXvW5jY+NpT3vaNddc86xnPetrv/Zr1/52+s53vjO+Pu95z1t73Vjtrbfeevz48XLn7u5ubMbJkycP8VZRqVQqlUqlUqlUKpVKpVKpVBelt7/97d/+7d++XC757ZVXXvn617/+cY97HKgeTUrhy6z8NnturEExRhUcQKIUJiJCYSSnE94ItJd9Tfij71HscQIFL8EJFyqTKAhOlwGh927ZtYsY6fYx9Ln0HrN8BMZN6IvNJXIejgAHfjA+hDXoiRAYRmwATOGKwBFz8TGB8vZNKcgwymC2MYJOONacIZaUiAQdHgL5PCTmZGrQII4A2chgPEQmAURyEfonEycZshBAZKAbuJ2hxGXSAcvXk/lQxJInHZhhCY4IG0kvU7SjaObQ/9PdZlykzJM0rsKYSbFxH4y7oKxhgqqMt1ZOG+0oXsz6E0n1KRvD5mi70wbog8G0NRi7t/RFViRk6gCZITKQYQJmL+g2jEloWEgzoLQ7KVqfxt0kW4s0XXzihlwiKTiLi0kcSwWcEioWMA7TmISmMg4T//ge/YigCtAG3wA4Y2u0RaE0VARwxUlc1zO2u4gbXd/Gx7hz8aCv44mEntQWCRUGB+hx9Cag0xGCLyHwR5eJIwucIUjuR25zvccJFCzT2M8ju5uIh0d2LilQkwCZFgv5OZMJzSSaQGshHJuf+OrH/s+5o+d2tu/2V8f7XHduu8EA1Va1Pa82717etQqd7PbnduohNd2Tjj/tRVd92R/e9jsh8SUFTVQQJwCl6wkzgvkpDfI6WgPy2BZ9wj1pxj05ekxSR5qU1skPnR2K1U9mJxlSMSSI9ieOEyXJPJjNmqZO9fBKx4PPr7T0CEmIiEpTV3EVRw8Vh2l84r644PO3BggDcRa8NInmsDv8O5NKpVKpHhH6PFLceOMb3/hLv/RL8/n8xS9+8Vve8pb4zeWlL33pD/3QD33913/9z/3czz3/+c9/wQte8FM/9VNveMMbtre3/8W/+BfXXHNNPOsLSWtrfsc73hFf1zqdLBaLT3ziExsbG1xJ1i233BJfH/vYx4JKpVKpVCqVSqVSqVQqlUqluj/01re+9dWvfnUfo6ak+Be517/+9Y95zGNA9SiX8ASwgmKQQi5ziNg9gCPGZLBhJsSJJZsTn8AFYk3Ac2IdvkCGMzyH4mFIKUIR1BjixKw63XLRL3sMccdgteMw8bS9Rj7bz7HWUdPlXSgMK7zNcV9xCMGYLRknpBA3Ow7kjsLgOeWbIXMQvjsO3GZ4Y5IPpqB82EsGfGIDvBf3i5A9T7LHhViaIB0Qysg7B6sFKwggXg/SjXYMWgzEScIuij0ouYcyfj0wKCFxNiOzEyumKbnXUm1MnAwyB1I/U/5jHRSySoCYtafLoBXlVmooeBpYU7VZM8EPCG8f8iTUJ00fB7KDsATTAnQGumAcxFA5ejU4dPEZovrZNCY/YSkXEtEGCY+IUfhKvGdyUpTcPM5lI9OEtxkcs9nRA8mPkOaEoCgW/VcQtIhjX1lwVGtsYR2/bG29qxA6CZXHe+nAz8EwTWABAZQaM59gy+vKNvW87mdt17ZIEHStQzShBldb29gqzpNG7CnEpYcABPTMQG8cIlDoiRcigW57xZMD5P7MOo+TnFvHkPNHtt8RC5kw4F2lu4nsiS0weTw8PVh49Kuu+6pyXDerjf1+LXRydqeRT0VfunH1Xe3p1TL7bu9Yc6Lc86XXfu2773z7XneOrmhBfFmgdD3h1ibeTjIHMWXCTichD/bBfbLWMyY3I028gYeD9ByEbLGTKDPGo6A4ARdxzIZjnIOuw51dO2tms1lVc32cf4fwErG6kqXfOwT76jhBbDPDShbLZdd3mJnJWocYCjItuMza6XMciHoBlUqlUj0qFH8H+I//8T/Gja/6Kvy2+wM/8APxt9CXvvSll1122Q/+4A/+q3/1r6699tof/dEf/fmf//kTJ078xE/8xJOf/OT4+sxnPvMlL3nJ2gpPnz590003xWInT55cPXrzzTfHbyLXX3/9xDfrYx/7GGhuHZVKpVKpVCqVSqVSqVQqlep+0u/8zu987/d+bwz28Nvrrrvu9a9//RVXXAGqR6VSPgf5rD/FFXN40QzpZY4uNjHhczmtDP5FNwccASQ4WhicgFiegAQVsXA8l0LsHHD06MiAYehYjomTpWuX/ZImKufi8CPoZBKZLtCSdN+MvkjCCmwcpTpJxATVkbxeCC+xHC3PoVnJB8KVGZuRgQRemAmrkI1BoKjcC1WAOx3TJ7nk4EOzAkakK8XNurJ8rYAf/ucUJbkdwSa0ho0GVgxOkr+BGLoMZYqOKkgOk+42sSaZSjFFX0hgmqscOIgDII3x1daAJmZaOl+p3Adyo2XLJzWYNehJWWK6b32DS4uTA24J6hMWmYsWoI3zNQ6ttTEc3wH0YLsAmAwqftmqSyYclEzKmexZMtxOyCPK7wmHCAMulOY3m1kQ5OSZVzIJETJSEdvp0PjUrLcAABAASURBVJmJoiLUiYgTrAQZqhjx9+Q45JBpsPEZrMm2xDtPO30sWcdi3ldgGmMbG8uYCtPvYJKejXld167ru7brvOt735NrT289mApqyqrjYWC7GDjjyWT5ubeGuK6px0k5VvnphlU/DyY2BnrODwlreH/hZRIm2XYgsyn4GJ6cX/LCy0efkJ5X88U6p5Oz7dmd5hhvX7Zx+d3Lu1bL7PbncxlWY5ovfMxX/ObHfpEWI8TXEl+SXU8KOkTIEMsOKMnjJB1MRkMrfQIwOJ2s9Tjh02GYc0M3mGyvBMX3gwntIbwUk03ct2HZu76zFaRhJQhlZitRImaQs/G0mlicPKi+b/Dc3lWVdU6cVLz30+YqcKJSqVSPIv23//bfbrvtts/5nM9ZdRmJO7/v+77vNa95zTvf+c5LL730J3/yJ5/0pCe9+93v/tmf/dmmad7whjc885nPXK3w7W9/e3y94YYb9vaGpHg1eXHFjY9+9KPxNdYzOevmm28GdTpRqVQqlUr1YCn+Xtx1Hf98chS1bRt//jFHc/2MNVf02Y+jFH74tIQdVWPlRyn8gDZbpVKpVCqVSnXf9eu//uv/+B//4xxUin+Oi3/ci3/iA9WjUes+K25gGs8b2IIjfbQ8DGgCQLLOMJJ7obRiKPwyUvSXZCmxjRFeBeOT/AuBo/Bx17f73QKhk37Zdi2ZbUiKieTG4YvKIDtFFLJUgCwDclMKloD9PCBXQi10CA4wC2OGTimQi4SbSPi28AgpkxbxvULmbhLqk3PnDL049GjyG7Bkc5KrBUk/lJIPAecUMlbsVoQ1kLaOmwQpiD1wJLgfvVaGMTIAhdkBW6ekoRlNHpO4nUTfmAFoKRmNicawyOjXvlVepLjWaP+6HoMpcbL+lFHNZrxnpb2T30pXTytVz40jTgpmxmJuHeM7Dz2YPv6WC6b10Hm/QAwD+vgbtVAkKReRNV4MLaQXA+fjQRDDejKzsWmmQgELZMLH5NEV8ofQk4EfEACBbTXQNYKStlhywbDBW0MpcIA8TkJsjPFoaoK//Hch1Hh9X3lsfGNCE/dYg2l3KF8KAijIoMTHven7pess+N7RJG/j+dY0mErH19RGD57hGMksFY8nJiVRFDkjDN/ZGo8TGDt5JI8TnzxOTHJ68QWJwg4iPmUcYneTDOgId/LSa182GdfNauPM8p7V8T7XnstOJ5dvXn373qcmBRBVMeb42Okk6gWXf8Gbb/1PS7fP2bbM4HHizZBVR9Ci0vWkWOAKzmbV92W8x0wzjXHdVlaKNSu8SVOL30weAskvxtxctiSJ2871AT19eOWGzvWL5aKum/l8jvRJvFlaf2kFs3JfEOpmVtVN1ffG9ryOe8y5E+dR23s3/nZ1pD9XqVQqlerhr3Pnzv3wD/9w3Pj6r//6yaG+73/u537up37qp2KE4PGPf/yP/MiPcKrXZz/72d/xHd/xT//pP33Vq171b//tv514k8TvHT/7sz8bN36VlPe//OUvf/WrXx03PvKRj8A66ESdTlQqlUqlUj042t3d/fCHP3zu7Nn4x5+mbi659JInPOGJB5EW8Seij3zkw3fdeVfXd/G36WPHj8cfY7a3t9cWjr84f/yWWz51223L5SL+vr25tXXdddddfvnlD/+WnD59+uabb97f24t/UpjP5ldfffVjH/e4gwCRB67ZKpVKpVKpVKr7S7/8y7/8z/7ZP8tvn/rUp/7kT/7kiRMnQPWoVhh7b3C4NmWICWynwTISpS6T7xRcAQeJ04fwASSgWHqcUEINyZshH2Kn9/HVUAGEFtB4gb4wUB4EKImB+xA6zNqxXPRtS4l1EJIwoXCBYDzDJ7sCanpIMeT0Ef5U2kCGVejmKMYuxif5g/UGRuFdCvqXyAljFnSDGRsxQp0AR8ClGgI6kr8C7rIDcpMxGWw9hpVDCo6DKQeIhiOBLYl5Aa4M2MEE/08hYvrHJ2eTkAeFbyYxDcBnDgYbXlrs08hzrLqAVozJt5nHnZgYw83g+w2Yr6joyEKmGIkUu14puJrpxhQEi1mtpyi3sjU+BcZbw1G4MG5yFNVxClVxQiEm4hz5OTRxy9R9/OUZbHxtIe4JS0vJd2haOJwt1ifnoTQcPGVsatrgFOQl3I9DZwS8KDTirqCcydkKJz+9nNLFgaAYmAaI5kRNziiBLhaP9fgYY/IddEABS9lT8AntfajA1cigmPgVNypjZrOmstZVlSfLk1hrh3iNcR4hlVhlPN0h6UJ+J04AKgQXgGGTwcNlmCgFdwJj4gQGriLnzaFXXg48ExVCnOCr+J3kzDv5iUtUCsDnXf78ybhuVhvLA9LrXDaXP51cPr/yg2ffPylw3p2LVW9V0z9qNKZ59mUv+uNP/y7I8irrHa0n61xPeLRMkaQrPZVlnwy+L0KiHORxklaKlISIH4SQLopLIXqRjGgUYmKMrHEyanKyh9GykOVooW+7Lv6JZ9bOKlzrBVGznHyHrJOYOorv4t6QOCTkTurZsmvj34nQOodcT/SDSSqVSvWo0ete97oYY3jRi1704he/uNz/3//7f3/Na14Twwmz2ezv/t2/+4pXvIIDCW95y1vm8/nXfM3X3HLLLb/0S7/0bd/2bT/zMz+zsbGRT3zTm97EXiYxlsC2JTEs8fGPfzwXuOmmm+LrE5/4xElL1OlEpVKpVCrVg6A777zzL9/3Ph/kD4/x1+Tbb7/97rvu/qwbbtjc3JwUXiwWf/6e9yzbJb+NZ505c8+fvfvdT33a0y677LJJ4fh79F/8xV/EAvIWwt7e7l/+5fvOnbv2CU944sO5JR/96E3lT2vxKjd/7Oa77r77sz7rs1a5kweu2SqVSqVSqVSq+0vx73U//uM/nt9+5md+5o/92I/t7MiHt+OPi7/wC7/w7ne/+6u/+qsnfxJUPXLF4UL+OL0RI4Rsh5AAA4BVZ4uxQioMCUnAVDQ2eZyYxJ1wBJPjnhhAdDGE2CeLh8xRUEAayL4Ew52Gg6aUVadfdsu2x8Q6fYxgYzYZb4bouhAnlE9D3iO/kuLOq3cv/63uL3YiB5D6Su61QD5sIjAs2BTbT2QDZczI6IA00WCsm38vMmJwMticGJMNHUJKsmLKwTLFpTPyYpI3CRmR5BbkHDpVPn90b0ZwnEyimDSOuasspHxFBdfDYIAR/MWkmlN76CY9IQOeh0duHNZqXZabVfjDjAsPBcJhdU4y9ZiyprUnHH5kpaGHhb1rRqwAhG7yOETYG9ZUNaIYyKDU4OfGdCa0aKTjOzAxot4jgQXx1QX0DJEJYZzcjbVpT24bzXN8Uw28UKKdDD/bNL+yNQSTTJlnyBiZSbBTajBCIeke4tOGp9TGxserihMZHUmA78r6ULkQb4GG3AZ63IOxdWPr2oS67vvWYc6UzoUQC7pgMROUh4r6iYCmimYL5bzymGoIH6iiQ0Mmny7g58G+LeihssKg0C17P/A58heKTJ+wPwplLzLmSSefulFtTMZ1s97c73dXx/vc8swTj8vfTa7YuOqe9s5JgfPd+Z1mPb/53Ms+7+2f/q+FO0sQ1xNuPzUo0SfWpzWRB8vkrDpjpxM4msdJcoiBPKEZKJFVF2dPsLJSDIsFzRW5dMjLGWcI4rkSOK3X9AmJjW9bZEcqa2Uts7aqK9fPauJO8vebuq4SBITrVx1LNXWL0ApiK+mblkqlUqke8YrfFO666675fP4d3/Ed5f69vb2/9bf+VlztX/jCF37Xd31X6T7yH/7Df/jjP/7jf/fv/t2rXvWqv/zLv3zPe97zwz/8w9/zPd/DR+NvFz/1Uz/F2zFKEX+bjRvveMc7vumbvinXwNDJr/zKr/zWb/1WeVGGTuKvxByu+If/8B+WLItKpVKpVCrVfVf8pfaDH/hABiay2q79wAc+cMMNN0z2x50ZmMiKp3/ogx88fvz4JLPMLbd8LHMepW699daTJ09dcsklD8+W3H333bd+/NbVwmfPnvnYx25+/OOvf9CarVKpVCqVSqW6X/SGN7wh/4EOKH326173upIPfvvb3/6jP/qjceNP/uRPfvu3f1vtTx4d4oQ1vO0LB4/8epAKj41R+N2QSwkZnNhsAZItOXJqC0jQSQZeCjwFXRL4w/5AkckYgcYPybuubZfL5aJz9Il3SrYgkf2QovsgTgXZtMClsPJRPhgfTEpbkcP5Pqy5caor3aB8Wh9tCWwqT9YlHqELBiOEheF24cf5xcBk4BICwQHWpOw5BAjQrfjSY8CThUTq/9RjxWAVg5LtEYyZmBRwQBotJaS4Lc6ChL/InhX3DMsZS8QMJqQgNQ+W5ZvtMTlIIPTEHgJnrEIkxYZZKTwqdijFMuZLDqn2InCTtY1cd3PYMrIIoSo841w8sDZOSKBnzlTewNwAZtsxvg3xFToPxJ3YLpgOjU8QfvDk9cN+NeRoImQQsyEmWQ+lcaOhFLuQUHRWoCFf19rihkM58shtBLFSoaw7BFb5PtgaQkVWHHWITyE0IU5K9HSpKEsOMiXe4YPhQmVtYytMtNNUVdWbqu5c1/fxNkOHYIefxdosZ4PCW6wyeuV9FSbdn4kTgJGfB3e5ScQD1zS4eiRvocHdJIE0AZKvSVpECGFjB5TgP+vSG1Z660Cnk/Pt2WPNMd5+zMZjznVnpgX681vNcVina7Yed8nGlXcvP415v4Qmynl2iGVjniNn3gHhiDJxApA9m9b2yfA66tHiNYThuPBHaakT3oS/TIKSoA55NHidwqYO3khxeKsyn1MC1rj+uPanGQu9q+J3Atu2dYXiRTXOGiFf6JZxP2aAjkXqxjXOk2+OcicqlUr1yFdd1/E3zI997GPXXHPN6dOnf/d3f/dNb3rT2bNn46FLL73027/921/2slGqu9tvv/0973nPfD6//vrr43eH17zmNV/3dV8XfzV9xStewQ4l/+W//JdY28mTJ++55561V1wsFp/4xCfixu///u+vLfDWt76VN777u78bVCqVSqVSqe5XxR9mur5be+js2TPnzp07duxY3nP+/Pm16AaQvcenb7/92rFD2ydu/QQcoE9+8pMT1OPh05K4J6z/UBnWM4FOHtBmq1QqlUqlUqnuu2666aaSOPncz/3c1772tZNPdt144428EcP+H/7wh5/znOeA6pEvASEojogfsy9C+2WCBd4jFhdmCFCSycYoOp9sPwruhMRHvfeOxNvyefWigoxR0IUxXu/RFsF3zi275aJdtH2LCRYCOjDYTJdI/HJyb4OhwUXIiOuIhFu52QnLyH4tmaexg8lHsg5IV5cQMGWc8AiaeE6vQ+mEpMvlpumClvLRsO9EjqbanE5GfERyl1IuGxi1Mw9fDkObcniGnkYzmVHPhMS6UGQ5IxvEIQxUgpTIGT4oNB64ldYEa8kaIcSIcA+hD+QpUdWjzs03vNLtw9Y62qNEnA4d0xINMWOGwqwvufadWXdgtdnrj1FI3qZJaVKiHHLQkABI66fIAAAQAElEQVR+nMHYjTZ4S9wJfpneVm3sOBvaYPtgOg8xMt+BcTaWT2iXcBOWqYJAU5CMJ3hsyONjyK7EYBA3a02/sX0GSCvZnUIsLSSBC3qOePTnQdqIsjchB4O5T+I/zlOKnBDqYGpjKiROvPM+3pF1UJlQW+tt1diqsnVVV73BnZi7xyM2gJY4nY+LQ1MjYhBDR5TbK9TUZX7IKbXe3QRW/DykT1JOKsjeIV4cRLgD+WZN6W6S1jv2ROERe8rxJ6322Ga9sVgHnVy+deUVG1fkt1dsXrvrdreLZDrx7c4B0EnU008++49uf1NiTTw5neTXYdk14ncCacnObEp2KzmgTw7wOJHyYXjOxyiVfAOQbsH1xPNM4XNpWvJ0kxUSihMFXoFhn0nOWgMuE8fAuZ5ItS45J+FcqWIUss73ErdtxSAe2ujY+I2E0vGASqVSqR75uvvuu9/5zne+5jWv+bM/+7NybY+/Kvw7Ut6zu7v7kY98JO5/8YtfHH9siHuuvPLKH/qhH7r88stzTpw3vvGN8bvMq171qu///u9fe7n4baT8vXetvud7vue2227jS6hUKpVKpVLdj9rdPX/I0VVm4rDC58+VbxeLRe/6gwqfP3fuYduSQyqPfz7a29vb2trKex64ZqtUKpVKpVKp7hfdcccdefslL3lJ/Nsdp8xWPeoVkqBAFo4iASUmVEog/IACh5woIVMafJUSOslQS+l0khMsiMOCDV2P1ght3y6W+123dH2HfgTxGt5SGh1J7QAFKLEuFnk0/iRHYs3oTjnmy/QMOwDkDQY78un5c/4c9PaMA6DnB6MnGGYXL4YggW9IZAm6mHAcOfUeHbKpny15TRDQw94Q+TbTLU+JE8NOK0ZC8AXQMaGLBLKQDa5qpW8kvJyiydisSoYPiRM84o2n/DCYiQWhEyyRoIZDptZ6uxEzGoLJvjWVDWxKmNItE5DFwKG1Fb24vkDaNcTnzRBtl901JFIIGM7CfmDQofdgq0SQgENcozZ2XlkHpu0hvsY53gXTWtP70Brbx0Pk7OOFELP4ezdySjhPaEwsmXTw8NlEBAVGwICtacQXI1vEcNS/RIr4sDiU8uPJrIlDoxPrBZexZNaCsItHNxOo4i2Br8E33lb0dNaxkPWeWhnilLBIn5DnTZy5M0y44/q4P16vcz7W63qHdijUizWRMrU1VTFZ2dWl9DjJzETiUQo/DyFOclad4VXcTUIqORxN20HMOWZ2/tjtaxZu+Xuf+v0/P/1nsY07zbEXXPXCS+aXPvuK561Oh7/7jG8q3/6Dz/iuSYFz3bntegcO0BOOPfkPb39TWk/tkGHH2Ox6kigqE8SBZrT+yswv+gTgSB4nVL8FyOtmot6MGT8ijOzYPDv4yhnsYsREppDUkdC7fDatLTY/8FYS9/ClPfF48W1nXF31ljKs8Q02dW3rOn+7Mph/pwaVSqVSPcL1/ve//8d//Mff+c53evypAY4fP/6FX/iFX/zFXzyfz7/3e7/3U5/61F133TU5JX4LeOYzn/kP/sE/yHue//znlwWe+9znvvCFL3z6059+0EVns9mq7/pE/JuwQicqlUqlUqnudx3+h9f8ob37vbAZF9aWrBZWqVQqlUqlUt0vin+s++t//a+/7W1v+5Iv+ZK/+Tf/pkZz/scRx/h4O5MfZYEVgIPMTThSaeWndzuO4lOGHMq2EUPr4sAgviaexJdMBgvGiocHpk+QSjA8j398bp1v+2XX913Xtt0yvmLWGvRakNpStobAaUXC5IWvYy7ml4gRIWEwEE4kxgQ6yeiJ2ExQQg9mDDybUnCYmJAAj2H04DxaUGDWGbajYKMLJk5MSFiE4eRCVcJZbICcoYgbZtleBa80AEM5UY4xQzKdAbWQUO+UnZjuMIGvOexI/TuUCTLcIcWROTSNqWAATWmcd733XTxYDbDL0LPrert4u77MocSJGZc0433r3q6ppGjBSh/lrXDQSSNJ79UckGewg58Z3g6JxMH3nKiIOZEAvQlNhRhHj9CJ74LpbejAdBB6E49C5wLlrwnkvZOIJhxxL1AQMwZyxTSnDhmC4WGBCQgAiSzw1CtOHoOavEjwFvjBtR6hk/hIojVLbH8wTWyqNXWM1LhQ0+ypydgk1lvXeA5FcGyNUAWCSvGB6V3f9l18/Gtr423OKnwg3OBuAmad00mxJ1Mpwo4YtEjyyQVESJpUUigTs87dJDmL+BPzU/HtT974E9vN9vOveuGzLnlGfPvJ85+85fwtl29e9qsf+ZW9bs+Ffqc5dmrj1InZCfyanzg1v3Ru1+cD/uxTz/GnMMR10+5H9vu9O5a3P+PEsy6fX8lHn7jz5NxaatTYxURcT8TjxGT6JFmGWF7Kxx4n4QgeJ6nnDAjOMyTwKVi0AtMprK3SYxlGk2l4w33sJ1XRKSZRPsEW33JodWMKBfreEdQktce3Ve2YoOM8T9hoe4TnUaVSqVQPY506depd73rX1tbWS17yki/+4i+Ov5Hm30J/4zd+4/z581038k6P3xeOHTt2OAvyyle+Mv58ftttt8F9EAPy+iuxSqVSqVSq+13b2zuHHN3Z2Tnk7eFVzefzpm4OSj2zWtXDpyVxz2Kxv7ZwXdUTJ/YHrtkqlUqlUqlUqvtLryKB6n8wcVyQTUaG4P7YLKTcluCvOcD5QdxKEEch4kR2cSXsceInGMvY4ISgh5C4kxhqbFvXOtd3/dK5DtO2CEkSKCdGEE8HSqCRHC7CUTxNDuyN8tYSZUCcR2xjhVhMgOxxYqXNfPtCWLA1Af5fGc8EQIxze8qqk+O3KdA6VMUWJmwVk98aqAi7z5xLYjwEr2B2x5fh3oE4GQWBmUAovFEkhGxGMd8E/ZTjAybNBzFTkZRK1pJ9C/M4GOLvPKIFjkfCYoF4M+Ewg5PRP+uBDnPwxvTNpJ7JJJ3e1dpmHECcTPoSDqxqcItApxOT4/E5sVHu7OQPYSivEo2O52xSoYpfEF/RRwZBHgDJsxMj8RVtA2a08ZhjCmt2gedZosHQXye51YQD+u2A5osTBTukgB8XI6YhJFyAKke4zCJmFW8hPpp1sPE/j40H56GxlADL8wMLFfIenheHCnjOx3BOjOv4ZWv6btF1feyFWV27pqqtqRnHSteGgjXhtg6UiXTpMPcTU+Il207GaEASyZi0rlEOqJCIk8HvZLvBPz1822d9W9k9k6zDnW8/fv7W2/c+9fFzt7xz95N37N3ubFdvbz5267pnnfzM5556bi558+7NHzj3/o+c/+At5z88s/NjzfGteue9Z/77E3ee/GVX/y+xwEa1uVnv7PW79Ewmn5m8uAhxYrLrCT+rUkam04gyOaLHyXD2WgBJJoWgIiFkJi/5LJUUlykYN5OGAVLHpkEyxMcc/DhyVZCWLDmElGGcHpZRkzi9TLlyqVQqleoRqiuvvPKNb3zjU57ylD3ScrksOQ8OEnzrt37r+fPnf+RHfuTEiROT0z/0oQ/F7wVPetIoHd7hoYWo9773vYccvf7667e2trqum4Q3VCqVSqVSqe4XXXXVVbfeeutyuVg9dMkll05+ktne3r700svuvPP0auH5bB6rmux87OMed9NNH1ktHH+XzrkIH4YtiXvuPH167V9zH/e4x8GD2GyVSqVSqVQqlUp1HyXxuxIuKT6LHlKsMfsOcmEzIgGYHQE2/+BgO5eIMVzXu5xYJ4cbM2WSwYsUGpZUPDF+7Txl18Gv1ocOU80M2TBCCoeatIGxY0uB+/IS90LsJsCfumcKpLIWM4QkVxdmZEzRXcANkt7AHDqOPSkMbZC/C9u9sBmGAaZzsE8J0EB3k3i9iokTa9IlJP6KzhIS7TcgaW74EBs5jMauhA1KleOViZPsmEA5fyDDJVzSpjgzl0GjCiZPEDoJHSIOWBXmgUGiCFuGxEllg7XGlJelSXEQ+nB4cy9wwIz3mQtUPSVOzPqCyWTBwBEpJlOWrQfug0kQ4FQ3Q1mQTDBGimGeGmeFo8Loeoy6OPQQwaeiN3H6o+WJr4zz0IPp8RVadJXxvTWuaH5gDwgaYZzBBH8AJ+CBwZkirHQjWfOEVIaxBg+jiS6rBBEyyByhWQVm3vEGyRNETOIkwBQ5mF7HurhtQ+2CM9CQ+4gFX8tto4sQTShrmliRWwTElpZ93/q+rqumqg51N5k6nQy3nz1OxNfEXMDdhByT8npnhvXlAmrs7AnHnxC/yp1n+7O3LW6/Y3nH7376dy+ZXfq+Mzfe3d65XR+7ZvPal1z5xY+7/m/tVOuDYbNqY6/fK3xNvLieSM9PvE/C8Fzl8hfvccIlgf1FsD6buwIkLVOGzoZlDvLTMVoGM1rFpSy5UcmSwtUGmWIyB+PMIQjIF5VzUTMG5uSyVEFwuOaY4pBKpVKpHsF6xjPQS+wNb3jDr/zKr7z61a9++ctfPilw4403njlzpu/7yf645+u+7utms9nb3vY2OLLiWa94xSsOKfDTP/3TN9xww97e3gXhFZVKpVKpVKp7oaqqnvrUp773xht7N/rxZnNz6ylPecpq+bjzPe/Z29/fK3fWVf0ZT33qqivbtddee/bs2dOn7yh3xt/rr7/++uPHjz9sW3Ls2LHrn/CEj95004Q7ufTSy65dIVQe0GarVCqVSqVSqVSqey0rH56nFB2QrTuKj5en1Aom5Ysx/JH3JHIsINDECEGCpiDG5IQviJswceIdhgx9ctcQrsJUkjGG4QnMv+MCuWYY33aLtl24vmeX6xgFd3i6h5KQ4UhkwlA4lpxizkO88ihiBxGuk5wELLstVLYilsZWOQIMkF0rEpeTArLEmtCL6RCyQasHiefiHQh6YTADUWVTupwYsK+R5MDIfewYvJ5YYLh0lynCGoKkNwLPTEO1kjln9eMBQ7S4GLjSY2boTSjQokwFDeWREmDAxwdhNlrXt973GDzGCoNl0w3D1i3ctHBRuMlK68PQovGBydsBaYIjhKRXwuU5h44ZeisccMp4GzutIAGgppo8XKgFbGBDAEeCtIjdiN3mZHesyNcQJ1+osUZMOuIxlw20iKCEKvilx4xMXnCAIdNUuq8gJjoh2wEVdza+v7DydmoZY/LOwBmlPCWFCjgDkpUIUh7W4Rd0sfEWGRyHcyHU6FIBNWbkwQRM4Bz7+cybWVNV8bHvXNf2Xdv1Xe+SV4wQJ2kWMU1S+nmMFJ8fn/Lp0A7f2KZ1LZTuJgkREx8UL/Vk4uQTZ2+Gi9duf/4vztzYha421eO2rrtkdurZJz/7yOfuJrzDEnvBr0LAgUz/kPofb1P6JDugXLzHCfckw36F5VEYWV2N6skklsys8ikQ3yl2yiE+xEhdQi5mp6dUnga0wNHCeEUICY2xpkS6iOLyQY1OVCqVSnWxij+nfv7nf/4hBU6cOBF/Fdnb27viiitApVKpVCqV6gFQ/HnjOZ/zOR/96E1nzpxtl8vNra1LL73kuusenz/qV6ppmuc8y1QN3gAAEABJREFU5zkf+9jNd9551/7e3mw+P3Hi+PXXP2E+n6+t/OlPf/ptt932qU99am93N1a4vbNz3XXXrTrGPdxacu211x4/fvxjH/vY+XPn4g9jW9vbV1111dVXX/3gN1ulUqlUKpVKpVLdWwUrQW+hRvKB5H4iIcecemYcdSdbDgYTsmsEmh8Yz59xN4AmJ8H3TiLSufKU1Mdy8DRRIz5QhpbOtfGU5XLRLhec74JtEfCj8ZLnIXMe7E3A1U7v7uI+DF9UQjSMNK9GCIQZCml4QlPEykI6iAgbMmnBW46RbUebYlmCvcJdZS0bwgRJRSTXsogYSCofMVMxOS+FKYO/JpjxnZkUQTcpH8fkzkwY7RuAEjMmJ4w3OXbM4AjyN4TFcJvR1cJg1pcQOvzyju02EBLCRoeKUuqk+oO0br0OiRoXkMpqIXOhisxBBQXYkSB+sb8ovY5RGg6tbfI4HRW+1jb4AyoZt8eItYbl8DtN9NiRRPQEnCvoYNG7+C+lFvFIJOBDUIf4ZTARD3qGoA9KH4Q2IHFmo1CQOAbC2JdiTbvEEcUM92WqNQ8VM2j81lKGJ2Za4m1AbK8nVgoZsXgDHnpr6hB6CDWgO0sTt4OvPaYgqpFYw2ahXQqCWLYmLV3X0ZJxsMeJ3FtJV/BRi/2DT2DyBWEsK4EUKYcOEj2eGY7sbpKWqOCX/d7N525+/LHHw8WoD+5Fl34uXLxu3v1oH58mEKiH8+lkpmTwbsFEYsL9NHZD9kDIi+9qn2S+BNZ5nPCrhwH7YNKDTKWkGKwsHNSBQhWGhP2UzUjsUko3lSDAdG75TSXVLP/YMDydsr4D803p6Svm3sUs7iqVSqX6H0993585cyZu7O7u8p7488brXve6w8+6/fbb43eokydPgkqlUqlUKtUDo/l8/tSnPg2KP7YeovgDzPXXPyF+HaUwUAKaoyeOefi05Pjx48961rOOWPgBbbZKpVKpVCqVSqW6FzIpTcvkZ+6ca6IomeOJAAlPsSZnXJBPrPPH3x1l34jqvWu7Nv7JN4hnBhjBFziGborLEaZBlAJCKn23bJddG4PPveH4uRl/Cj7nfCicKXJrRseP3huQCJqA5gvWVhW5m1QCy3Mc1LD/ghfYhVMBSSDb4/8e/VrABTYs4FvGIC5UaAlDN18RbeKDsckPhC1HLCRegz/kP6AiwYjBTMJKsiVHivYWd2vW3ZsZGXvQ8LFDTdGpYTLmIHmTiAZCGxlD1hV9HCDvOk/QCUXEPRmcYJogKyY37HoTQjiku8PBh1bBkXW/GB6wx4xC7DDiSMyai05qNge+OVQmtzP+Flvj8DLAMATbzUrdWILD7BT4txLll8eSvSwE5Kio8ZbIDrwAxGvY2tiZgc5CD3VnnCNHiZ56vUNXIDvcsxnImXAwBgQ2RfYZd/CcEoUnX0i+GsXtyhvkPJB/6T0lR8Hf4z2ejTiVJ+cWQFuTUMVyJtSOzUaM9b3klKInjaxy0Cu18s0+epOMPE7KrDEh3cq49Xi0snXvOqFJ6LmY1/P9dlfOKNxNMmAV9zz+5JNyZfHt+fbMr374l77js78bLkYnmhNwr/Suu/7k1PyKnfp4nqutW9y293EBLMj1xAx5sHCSzas5+4lwz1RkQLTaJ+MHwcC0P8mzyIeUCytAQZnklFrEIQUDxWLh02QuVqLhYUvwEq+cId0DAYbUQjLREr+clXWg5BOTS8rKg6xSqVQq1YX0jne846UvfSlcpG6++eb4+tgVL3eVSqVSqVSq+10XxUA8oMDEw6clF6VHaLNVKpVKpVKpVKpHnyoKAuY4Jow/hQ4D4iCwCBlmmEwqmORxIjwJn8n+FpRUwTnXY4oZMQUBtvFg1sFKYH2cbyHGP13f923bcWIdwBQNluGOlPilTPEBYzYGOBp6r4OT3LKK/qnQ44QQEcwLMsAAHC2NIVRHe9nTxWESITI4CZzEBLsBzUsQLKlrdEsxlTVs60JdYEHIDwkBp9wa3HzJizJ2LEjeFeNsOgbsBX9vCoVfgbHD8JXpdWjEBDgASAOdzAWQpUErF9db06FXRfzCpEeODTSQG0CohhN/IJMDB9ucmCPtSrvNQQfyZphCNXQ7xevqWWvRiTWVryjjLKWShadBqw+qvB7F4OVUE1KY3iOSYYZEVTS3PfUaXd+LqQ+b/wARJ7FfPbMfkjuKeCg3Q8oEetPH6dhj0qM4PDg1azAuPkzAPkE2kSaDgUbIMy2IlQRNTW5AeqBNedc8rpIjip/CxF6l5cNSSiG08QmU5gaJJHxUgnHoY2JqhAjA15Uj8KAKTYX/4n68gHf4uMQnLz4uMIP1HieD00kxHsNRWtSEaeDXmZ3RnVPOnTByN8FtcpX57s/+h+WILtzi//6Tf/jad7/mxdd80fHZ8XSZcNBs4Nrm9Uao7crh6VlzO79686rGNPz2tz/1W+8/+77vfNr3cDtZn9i/9cff/0PpLtLqkLxb4ut2c0zumtEQqFbm5YU9Trgne99XtnI8R6lUZdITnNZ/gOG+SprPhGKajx8cfOdtwSqlzGo42ySlEUAmHNOCngykRnSRGZVJd6oMikqlUj2qdNttt73//e+f7OQUmx/60IfuuOOOcn/8beFC9eHnZZ/85CfHjbNnz8Ya4AhaLpe//Mu/HDeuu+46UKlUKpVKpVKpVCqVSqVSqVQq1VFUfng9B/8yxxGKjAbFSUJdMJJQMCgc0XSSZAZTy3QYCQ9VDI17zr4ioiD9QAXIxQyCG73rO7fs+oVzfYyZYy4XyxFd8f6Aic1BSIdM8en4fH8Y6+Z7WpPZs3S9CMmWRNLIgKAxlOzGeEk5kyKenPKH/E6QOAlOoBO+cwPy2XzL6YdsU9mmaSrgj/1Lp4VkRCEDkdxKGDsJKYpPgf6hqdmcJt1X3ONLQKiAHYY94pySgAHDphBYygEHtVNBk3mj5FvDF6CbNT2EDnO5BOdjPBkzolDXGmFNsvsBVKm6ER1S/nOg1hWTcPSa00dUxOE1HmmnuXDjwmjb5Fg/3r0VCqNek0o2T1BJjxS8NFtKWvaTke3AIxQfAGas6pSqhLENT+NmKZdNFa+HRhfWkcuQhyrYpq+qpQsLjNXgQ4AGKZSKhaGQYGQGMzUWHzRIzycMU324z/S2GmUSohdOdiUZYdCYBS8nQA1BEuTNEnf6GiwzWb2PzQ2YPsdBA1WFqXbCDPAe6jjj+9DY2ING8BgYPDkARiwCDDyFyZ1TmSYTJ0C+ScfmO7ef85nW4WbKcuflJiZjtVFtfPtz/s8ff88//zd/8WPplvOVhyak5DJS25Unr/HHjoG4wqTCsEKPpT0b9aYPfWz8Nz7x75bESSrHNkiBOT6eBjyLNuotkLuWDDvE86xMuLKH1nmccGvatjW03GGaJ4vOTnHNlnGn9GCUV8wIm5TXheH5LkYj9S9NZ7JzwvxQdpgreAmbWmeyTZQpECd2/wEYUiL13IIMusBKp6pUKpXqka9/S1p76JWvfCVcvJ75zGf+2I/9GJDlyTd90zetLfOmN71pc3NzPp+fPn361ltv/b3f+70PfOADcf+LX/xiUKlUKpVKpVKpVCqVSqVSqVQq1VEVhpB+QZwwyzHyNeEgaAoMJj8M+qIoYjzBhYyCUJ4ZZifwk/NWaAnJHzN4e/AJHpDaaPtl/FosF33fxWisxww0iHRw2JtRiDLUKEFzkx0jhnQ0xSvtX6UJpiHL2NQajRJK6ARym9OFacNR5NVL65P7hDRCsgiJV0pdz+t5VVV1VRk/Inwsu1skvsfkRlJImJ0A0DkEs5Zg9BegiPaKW4UUL2/DTLqHMqYIWSLDiNBBKkppRoZek8E2lMPFot+B9XTtHgcC0OMEDGY8qk2+YSiCyAwiESuTm5MmymEaDRvA5Ix1OXHWUSmj3QbWWS/AxTAoRyoQxrOOh6NeW3Igeka36lM1NnEphBGkqkMx8JzqRgAKcFZQH5yNcSpZbypEWtASpbY4/5rKdgBLFx+tOGqIxJCJRRUG9IEbb+WpZAeijMfw7BGPk5UuMUVWp1DOzDy9yDBDphQySoBuQIghxFnlcL1APKkOMDfoztJQDpbKEn6DDkJr3E3GXQeTMvF4Yxt05sGLyFkn58cL4iStcfgme5+sGd1L55d+//N/8J72nk+evzXvxIUM4RxL+YAsZZBBYyRENcDMqhk2X8oIccZLSfY1ibqjvePTi9N3tqd3+92ZbZ536fOPVTvrutcmeibZjiTPqO3mOBMbTJwYYA+loleO4HGSS8elF5znTsAeqW1wnkyeIK3W7IRDV2SrJBlmn8AWkydoMUSyEiY0Ry5KmIkJg6PSYLdVrBfTrDvJBipwBcZc8IlVqVQq1SNGT3va0770S7/0ok6Jv2a8+c1vPuho0zRXXXXVJZdcwm+f+MQn/uAP/uDajDm/8Ru/8fa3v73cc/z48b//9//+9ddfDyqVSqVSqVQqlUqlUqlUKpVKpTqCLAfuVkL6ZW4dcuAgPwab4oKGopFCVlj+8H0GP0JGMYosDBNPFIDs9pHQBQMdZtVpF/G/rnWO0m8MkArwh+ETOTG0M6zHAcyauxpOW3eblFanshxrTZelqCmG+K3hTCKS34TQAsmnw0mBmNEBU2HwmX0DYhy6rqs6qkLiJIxdP1JyoARHjFocEk9T3A+MtqWzuenDITNCLVLns4WBHd92ZjCmcIdJ/ICjTu8B4ldHqE2P6YtMSEmXUhuq5GtRrWvv0NwLsx1mzdYEL4Ej6aLIkiMBMUcU903NyVyOUGvJUAUo0IpcKD9GHNjnE2xy2DDU6y54SsdjLXpUoN2QC73B2WiqYCvkOarOu55ZJu8rzF/D6XxGjyVA4o4Cw1P8GEp6FCjtWCQjT2qo96asITVXzDoQT6gQjLFkoYEeRp6ADZxtNUALYR7sPM42TKtD2agGTw4zyrQC044MAjTwJcPcbhAbAYxExP2XbJ5k/6FknJFtNKSy4A8crJOzkycvOQn3qy6fXR6/LlQqZ9UR+kTulB7mUxuXyYKYHuTKNuW5xSQyB3mcZG02s1xzXNO6tgVyaariMDBRY5lFwimGJCCt+NaayWDkCZCck/i6ViYaXtpmeinNOWvLBT0vS2nCl/nehvX60OVdpVKpVI84fQXpok7p+/5d73rXfD5fe/Sxj33sb/7mb+a3l1566Zd8yZesLfkN3/AN1157bfwNZDabXXPNNVdfffWzn/3sU6dOgUqlUqlUKpVKpVKpVCqVSqVSqY4mgSiGTBGjGF+ORpsSGAlFlhxDKTDQnsAJdyEOJ5i2ImRvjRhrJOLB2nyqxDf5WrFs/NNx79q2b7tu6X0PxhGWMYoFh5V8Csl/xExvC6CIuoaDuAFTunNIXhGGRSo+r7I2uY+EYORKjqCaeMP05TzdKt8Lhvzx/xrpFUrUY4k/4Ti9WJqMGjnsKW/uAMwhyL0kKgRy/qMBUpiyDMkTRe5UrBPMJLgrNgYD1UCsSUZSSP4AABAASURBVLwhb00LgQxOgkP+xiT2QXoNUh8OJgUBRiRLeaHDdK/ID3PkkiXPUiId5iKvuL7stHB9wbMFlCixkhAkExQZgeQG2FQ+4VwgfhXyfKHxg5WnwyeHCJzO6H2CQf1QW2isWQbT+9B5b4PxAXPgWHx00yRCa5Wc9QpTSiX0KZjBxoQ7Jjtu5JsJK1QUZE5F3DKwLszO4+n2yJnFdAGnZO/pK0AH0ISwCWZmqlqSyaxx5kiWF0Emd+JO+MjcbkI6in4nBmZ2tj3b2l2ck07OS0lKtHMxQ/3gKbEmkOiTlDPImMtmVwDdbQY6rOHsPBfnccJ7NuYzvgYtZAgsUa6wPvTGecvfATKNx9VZnBTo9cKmRsUSK7iR4Gtk0EROWJxah7kT+a4g5cMkEVVBlkCahlQdL7LGXDAJlkqlUqke/arr+hCnk6PrBSRQqVQqlUqlUqlUKpVKpVKpVEfQy172MrhvWiwWoHoUilCLMQ3BSm4fppRNIUuGGDjcyNFt4U3QSQHNFEKRAcGsKF+F63L/H3vvAWDbVZb9r7LPmZnbbyokIZXQAjGARBQpCipFigZB4EP4AIG/oKCIKAJSAogIIvWjihQBqaGDtNCbgEAgJKQX0pPbZuacs/d6/+sta+21T5mZW5Lc4PtwOfecfXZZe+2110zu+9vP09SD4XL8MxoN62aEXIc1uUC8onKMw0rnOPsLImeInnHZ70SsHmw2gRA8oMFNgmU0AM+1aZA4aULDDXGIm3CQDqEnrhJKhwwsOC7FFvE6ifQBdoKwpvUp6WAydoyagYIokdOfZE2KdYkOsJ3KumuNIYx4quAbtMyIbSEvE6wqx4IzhemYGmzjkDgBdl4wzCJkBmGCM8kAytReN6t/03VsWaPsGpasvNzs/kGnq0owwEpMC0NVglYAw0EyLqwRNCjlL8l45KQVdq0g4otpE6GIaFc4KD2yJj6QL4ULGGHTc65yrnZmFOLlRIxoRCklAQNvLJFkQayH8GiUTWM5UqttsJFYLMpkmnZGxpjEIqUVhEeyclZAM44T2xEeT0Jwhdi24OtmaEK/hl4iS4wxkwlSGb4yXeIkvvbRMMUhymKEKYmvB647aNfydjZgkr3IbQkt1LCfCRImZoQNlHvZGXfIukNNd6boidOJncqd2BkeJ9yH865qeMjFWQ7nryrOyKNmJAlpSBDWoxE5rqA1DV3AOHI8eeiYJk4Vzk3xOMpAXAnAAf14cG00ExS3CeSNbIZLbDpzfHEgFloAsD9eMpVKpVKpVCqVSqVSqVQqlUqlUqlUql9iXXfddUalmpQU7lquQaJYyrQNqvtRrVOQEZ94FNkH1W25fovUiVRz6fH7FOkyjTihEmTTjJA4GSwPFgfDJSJOeA9TitpMb3RNJfg4oVhHiIiijjkpJmYEKsEcCQwi8ZasH4rKJ5qaZPAF2N2B2hCoSM7OLo5cTTx5nMT3vapCjCXZwaQsEtuhSNqWJV+Kaa0sYRM+w64lQEh7s53esh1LiHxtS34AxCTByg6QPTDSWIIdgnPBmqE1tbWNdYEsNIIYojh2XZCjyz5s16ilPMe8cPrJQWeNyQ1Xkp085/artREnbSfP5EPW1ISuqjUAU4nSED4lVeAlQyp3sCl7w8eLQY4VmcqJ23pEmgKhCXhh0L3EIhPFiIAjvxqD9AmCCT2LuTsjgGF8RTsLPBQwSIAGK9B2SgrMSgQJvUGfElvyUya743CDUzaPFZyp4ytjJLRH9mfFQsiiiw66arj41zAEH0LPdriJ0CEpxnw77BhjsaG3advg6uQLgvlXh2867IKrzzGGHZzE3YQjkNhBxOyHIqcTOgvmgcRh5tANRxga34G/NdBzOVxg9zxOeD1K/xITkXgIX/kGql5TxekYWaA4YBpMMWgo9AyniRDnAIfAnQ2OZnkvrlAmRTaZ0knJJrINxJsmmZ7wZI/4lE1Bae3IJhst+VHkkJuSYYaoH5IrwahUKpVKpVKpVCqVSqVSqVQqlUqlUqmuZx177LH//d//bfa1qqq6xS1uYVS/HIJUYuYEhAQQ5MIuryWPnCdmxLZvIcuQxwmvbpiDKCiTLu5g8moNhOXBYDBcHIyW63oYa+VYaJ0ota98Dt3Cvy3sT7r4RTYMECqC7E2s47IpmZ24LhYDsbrasjgm2UiQoQuTMdndpKq8d95hNA/thHxNQLgUW9TdBciwtnjMP7VPSuH5TOy0U021/HYhjAEWHdIjr9xFBFLuETUnkNEGkGMNuWOgv0ZtTG3wejTInVhIJhgWK8zQRUTyW2dmaOJaWrPmCzxbdoWF5Tgba243GsbsKW6ykqrEkEAHsxo/krSKbSKEgDCdkj31qGXHGuljQP8SYZUIFQEHRKKEdP+iTY1HOATHL35La3qCLLyxPRv/uL53QzAjMPG1xrgdRKmIonKcNVUm0dh0vRJIIvcKn8aU4CsZe+MnTLYZ2HpHe/CYfwOcr0LoCZ5Q3WAA0MjK4Uxxm6TbQ1gTaJfZYl2z3m/aZq8GOm9efODCAf1qbjhaJgSF99yeXbynX/Lt55liSdvefFsKSycnnGw50id6f8DGQ2HTgflu7u4Hujk+nW+taTuSJ99RGCQECQxzRKm3j15/LJ87X5R4NXpuvjPOiz5JU7mZ6nHC6zV1w7MWsWV4OI/Ah+87QgnjrNdUIz+qkTmRdtY18R+hbsC6OG7w0hF0h5YnksUDE1yIFYwm8I8TiXCTCZFbzjFspkT/xhQnWoN5blbNTlQqlUqlUqlUKpVKpVKpVCqVSqVSqa5vPfWpT12/fv0FF1xg9p3m5uYe+MAHHnLIIUb1S6MSUWjjYNolpUWJJTbFSE1ZcAmuyzJfYaQebYhiSXRKchOAtoQd34e6rpcHy8uDpVE9aJoaa+kcm2BhDBkpmrdbdUZbMB1SwgQq0/OZMiaCTicUiGMoIifxCMTQoPlHaCkYjA4iQxeqxcaaeVVV/X6/qrwE9NAenDEpA8JA17FFslMyhJKf6mcHgBCgWD5x7q1nCm3mW5amwFoAyvd8TGqES5Vzy94WKb0i1oBzEd3ZBqChWnVjPRIn4lpBZjdsZQAcBTPVHKLAKlrYKNfBV9KavSbs7n6VKAVjYOpR9j1xElXls++0BGAS1MmMlG3XC6Z7C1i6epKHY1L0DuTzEliJcCIj4TgmXa7AWSZofoJkQLyoLiAdFaDn/dCi/cko2FFoRk3DESt8Nxss//OdTq4YiSHh/Byb8qimOoWwr4414zdstqTJyIZPIw/dVpBD6XFEVwNNt+9M4idW8jjh1429LbBYOJrQ+kduOfLnV/6sdDeJ95uVxCJz7jU/xR4NshWtE9qZS+i8vG3C9dp18HV7s8P6neJNQrujmy20lzn7rLT75CXs5MKWN0EsTSg7Kb0Xd6H1/Y0HzR9c+JRgP/T9gtltj5P2dRRqhxSQ8UjL2cBUDrJoCAbF/VXex0kOzZ2CsDMD34QG/3CPYdNJjUV/HRxfcerI9xv/VIiDSYY/W/Ik56QVpvQ8e07cpAS1KHSiUqlUKpVKpVKpVCqVSqVSqVQqlUp1/Wr9+vVPfepTjUq1ilojBn7MnirUHGtAYTpsfFCsmh5OT0E4YBojcQdWyuGmcEORTeRBfyvF8VE9HA6GS8uLw9FyE0YBRgSdBJssCKZyJ2sUl5qnEAa2DQYi0KQiRsQyfYJtJ2IkCDJCxW/gMAcwYujikuEHqtfr4W4ssyoUqxO7KxA2IC0J6cht0hBVem2ZCpSbZ6ZBEJm2SQwHHSFhNAWKEwQpSRXuBAdZPgUrjgl0FegPWpsEfkUiARxfAz4E/mHcpCRWKAzD3OCye/TtzK2gQ3mMf7H3qjrhM7kp7cJ0A02IxwWYkjgRmsQRR9Tk3XSZDmZDku+N5didYARwMDJQcEA7cN4EjE0KIY5cb23PY+YOZikRYoX4AN+H4HFUhbR/HCFCnIyRU+OCdhBmP5AEteVNaATKfML0E38AzG4J9Vi3dD1OxhgLU7464zb1D9g+vNqQaQ+tEY478LhzrzqbgRpDhJeR+1MytBJSUjigJPok+9YkUES+teUS6rnE4jihRswEO2KEIEknxh5KtI5J65t2fZOuHENkx2+6jUljl7mTnptzCKCNkzfW5KkUuj2ZaRXpz0FTO0JfcE40PpiSg2HmzHmLk2W893kS6DnA5J2mMYkiHI1i12LqGI4eh5E8NJIZz3NsCUUTrIwdaMObbNulYi2ToB6evWahYjfGPKRSqVQqlUqlUqlUKpVKpVKpVCqVSqVSqUqJcwaXTbmEzZXIxJUQWZFsLcjDRJxOGCIBoKQZITO4OuhSRdQWxXFIpeG4h7hJE+rhaLg8XBoMkTgBDHIBIiJ4ddNQ/ZfasQfciVS0i5qtFLvpvbOUH1HRo/eOPxIyIsE4Ysoi5xWokJpThHwODLLWs0EKB1OkfjMhASHQHppJkU4TMxLTFp9t2XpjOwuLnaRqLKT6MptEJGIo91c+aarw5igSbj0GsASwdR1GoQ6UeUJRFx5i9TuWsONlIgbHutazwkK7392/HLurdqtbH32zO51w1DGHH9yv/Pg6u7nvUQjnXXzF98688KzzL4cxDGSfqpr9FUywJy2WAt3lna34StpsFsJDzI3th3gBHBsOhEtAjxPb+qBQ7hO+EuaA+SgO85NML951FkZ0R/OukD+KtyqNVWQqGB8oInXsCkOBsIEWlEonlg1C+I0jUxaCoXBfXkY8cSeu6nIla/I4ycff3Dtg+/AqWR9NNWzlqqMOPOacy39GK2YvE9mqdTdpHVA4Vad0N8msSWeJKQkVUzg7UYcl4iSYznubwJJMV9jMpsRtA7bBGQjJEwX7cV1//S3WHWG6fdL368zueZwkjCmtPxiNDE0d3lvPSWME37kEuyDFYxDQY5cmoASnCqeJCtLPjJ5rGjI7MfSzhAPX6iZNnk3DKB97Ssm5Us7SpGEJAUsyyULr3NRhtJQ3UalUKpVKpVKpVCqVSqVSqVQqlUqlUqn2B3EEBxRVV0EkUlKMTSVjNriwXQyCjU6w0CgFaEt+HlzNh+6BhDgxCJTUo9FoMBwNh8O6qcmfA6vgQqmEXJhOBei2wBhSkT2sfm7sGpCaUab8ECzibTCUiYPlVTkMkzRtmw2fWt4jOZkQt4IREr5XYbwOAzoU00NvsfKaK7Fs/eKYnRG4B9jtAFrfkgLkyAYSeYVxiUuKdAivBA4o/0ZQFmCGxIiHQJ15lGwnELAEPKqbYR2a2JnxbFxlpHNjgRl9DxA9sQ7yJYAMNuxevXcN0NDMHfZ71RMeeveH/Pad96Gnwb3udKvHPtB85PTvv+0jXxmOmhYUyIJ9UNKuCpJkBRWAESTsa4ye6IApwbR3rDjWGJPMJogbEvchAVAEOnB8x6Sh5Yj58DhqyMQCDVFs49D7AzEHRyPFufipRogAh1aDyyzHNEHnNpl1ZoKtyZo8xqHLCaU4m4xGsA0R0JG4g1Z+AAAQAElEQVQw6KXDkqzJ4yRrY7Wl7xaGYZGdRXiGuvVBt7n02guXhrtodWFHCgsTWsLYBJ63fFt6mUiSES8JkKeYZNtBbkIyG0KbPQSFf4lckNb1JGfuZEZOaBVyPYHW9cTddtPtZCqR88fumvPr00nLN4lHMTM8TlJnp/UHoyHtC+mkOA9XOLvhnOUJCMJpwPeCC5jYhMMPL5hngAV3GLhfvGWfFJrfrPTYqKnZ/YQ/4qe6watLhjkBGrLXcsUPlaIz5YRsQnq6Y05tTlQqlUqlUqlUKpVKpVKpVCqVSqVSqXZTXHSKxWyynbjJCKvvxlgtD+3Hyn4J+SLZFIxjbVsUT+4lnUvJXiBNmyAjVfNZ1ztWfpvQDIfD5fj/4dKoHqKPgKWAlxBixRIy0cAhIbm4nppmpphCrHh2kM6ADRWQo/GOH+b3rvKEjMTbCougfFhsJJebc5WTz0ssTbAe6yvK1OlVPa7PWzFDKLdLARrWFp0mhijtiylPre3Aov3BtPiKEEHFCl5Okeq8bGbBoUAYkZFK5pZSixpDJixo3oJfNyFWhJsG0SLve95gdIYzCRZgCAissSUXQXId6mhGt0/5Zk8mgcefcvc/uPedzb5WPIM/uNcdY8+88QOn85LxQbvX3AkW7mVXqVY+g9OAgiqxNo34Segk74HtTix0rg0kLkOgIDCNDVT8x7+ILrONBKbEbxv+ixiExhFb5AI0OFZcaKEvUxsXP9RxJYPhO7jcmTpI+olgTVPTT0CiqkpUwNLPAwJNwPHNgBiXFXsWk6adAGXX7K7HSV7z4PnDLtp1dmteBCHetycefsdvnfvVrnNJYDqG12EWJrVzdXeTch0+S94P0Sf5VTgS2o81BkpfE8PHLX1NUn8YSGdn7QFzBx6+7vB0dgG9bExY19tshMUxdnWPk/Ge5PejpqaZzRiCQIJDNxLyN8FpII6cgNZHTey9yvXI+oo7iM/VMevmaAYh86vAgUxAHxEw8UwjmqZHzlH1kIcpYFaZQWwFeHbLgT6+bHaeTmAMAFSpVCqVSqVSqVQqlUqlUqlUKpVKpVLtjmJBp2nCaFTPzfXMTUexwfHVO2dU+71squMxcuKk4kkJO2YK68QVwFDYDLicqMNPwxuTIl6kqNwApuoM0OJkMKzrWOXGMqzhOAtGlMYSFNZElqx0Tklx35VjhxPHZ+eMs+lUc5GbS+lAfivkcgI5TIcsUrDkWlUUQWHwyX5DxAln8XCdPhdGrbUwtf1SsGUea2qzxYiAqs+tZQqY9gqVq4odCfVzDXUTFeoMv8irxStF+RdkNwCWLFyQNam89T0PFfYGVr4Jy8F6NDuq2BaUSdBLBwKafgKwxxeu3eUxRxz0B/e+k7ne9Af3uuNnv3HGeZdchR/EZ2QvUZNWVVkfl7/GsZbMDyWXjxz3IogXdXpo8S8QU45YxDfJzWTyKIKwUMAPsQx0brSqs6Y9Sx5Z8YjBNnyLxq8rG+9SJ1CECT2LuImLNy4iBHGgxbehYrhJxlzO27J5FBIRY5MrEdrq0GmILQv6Zxg2UWJii+7zYMZdQ5IriNlNj5Pk52E39Q6c95cuN7uMySk54ZANhxx+wJEXX31+COO8CK6T5jRuA66TYoJmuJuQq1C6ADkHRxyfKE8nve96n+QrxsTQFF+TdKvT+3in3nnrndLQAKZGnK1ytk6ic+SyzvA4sWV/5q163tVNXY+k+ZXDoCXnPE1meN2XmqElL5NeVff6fZwBac7BiTteUDJGIYcYbliTXGRcz3jwNJPg5EJDCFzjbZpbGwLg8DANNCbNiYghCtzmGjqESz9IjEysfGmUO1GpVCqVSqVSqVQqlUqlUqlUKpVKpdoN9XpV0wxvgtDJKL5WPW9U+6XkUXQKeMACNRBzYFpkhNMVZG2QWi9zDLGyWAckHKhY6iSLJ3ljCILRbgtNGNVhSLzJ4qiOY3lEy7GmHsubqXCcoA03VqmndBBKjZGmJD6EatnWzX7unZmZUaxjIiOCD+9X1lfOc6hFLPYGKhuj2QkX92NTEfBquB3Aph+IprjKeUZwOGWiQcsHruNa5k6ofko1VnyGPxegTY61SWkehm0mIJ1PEV0EVNkGTvmwxrcICnVX4Mo1V+HFkYH8CchiYFTXsXzcwIjNTjB9B88LT47AA8QaYrW2AcuGLr1ez83Nubm+85XhYUDZOsZ6IYja6vSk3cDMXs9WBfypeN0N3fmEo69XO4O48zvd5iiBToycKZjWa2e1Jq/0dWV2V3KZO/YUYzYz4xQWzN5R2solPALYBiXb5EC+LEw6IJblxTQDXTQYeWLfj3jXxP81hGJ5pAcMR0Sxx0+Q0Blns/WJTAH0UfiJfAo2v6ZG2vJ8C1gH9tjjJK9/s4UjL9j1U/EvSffMiYedeMW2S4ejZb4/DKE+iUoBxt/4pl3B3WRsndzzgoaBKVxMxEOFsrlK7xOT3D0K1xOT2ZTW9SS+/sqBJ81X87R6Ik6MXag2WkkRW6vHSdsPxfL1C/PLg0GcO5BKaxo0VcP5IcgZN3yhYvNqW4+qetTvVV7ixGhyREwNG1/RjwE+iEuXRgCkOIho7AFtkD54dD5heyjEUJJrloyjBPogrhhMGig8iTqzB1OKSqVSqVQqlUqlUqlUKpVKpVKpVCrV/2rNzfWXl4dsHHIT0pAaPD/XN6r9W4gZQOuVMLXYz44gYpsRoCHFAqAjFIOpiWmleiwo1qEZhSHanAyXR6NBExpbupAUKAYdycyo+Y8ZHOzG+VXk6EGhJ66yzmOlPUibxWxASrUAfGp1LHNSig5m8XB8hMsZNzBuJQCZyIDZtAKTOGnj3Mlpl8mBAtJ6VKjF7CHBU4DdVxrqUvHGwKp3wzgLeZxgy8E2ASECBGYA+Q+LdhKWSuzWY+wJkN2Lr3r9fg+JE89ZKMYyTpMxANt2/LiVhpk4/XI57C4ukr0dcl8de4tDzPWsY484uPM5cScsuzp3MpNNqSa7aZr9y2q7nz3OBVBKVXnbwTWmHIbBkuQ+ktkDjunhyyVDWDyOILlqAPTR7wQ5FKr8I15CRkBInMQBVxM+lXuLZw/IxiYGw1UCH4AQCfLyyFlRzoinjwAKYw0vPE5MlzKZMhGM+XnEb9dXmzf2tm4fXk15NJhKQxxX9WvH3u3LZ34O1wpssdK6m9AdBYkmoQWhYErSEuFRhJKD/IUVzxJbXCl+dZywU3qfFK4ntoX6ZC5wKWcHjtxw1BELN0/nL6SIs9Uc2py0fbIWjxPT9Tjh1wM3bY5TM80dqMFgMMJJekDcS+waB2KDhdcx/hYywNkb8SOc+TGfy+KUStZPVfKSCpSaZBDbk9Pkz+2cx4E61nNPNuhpwv4nKacMl6MXCgWGmbFTw0V77qekUqlUKpVKpVKpVCrVHir+82Cg/4J1Th+GUKlUKpVKpVLtMwWqWLnrPz6GDU6Wlgcbm3WxrGNuCqqbZnl5aIiYMar9XlwGTMXAcbaASZRAdb5Yg40Xt65rLiby+B9fnwuxWBXEewRtTurRAKN1luObhs0TxLBk7RyJNeNuD7YFI2bLkZ8DGpzgq+3hg/mWY2lCqnQLLkI3dTw1zPpB3sQzUMNGLvJ0/5ScFH4HuZGQKsg29Z5EQ5DzAzWptXsQ5oTWgezmQkuDCQ0RALFVTajpv2qbOqAhAe+FdhuEOAj0P9xVSBACkwaerwXbK5C1AhMn8/25hao3R2YXprWXab1JrOl4Uoy9MRNXZ1qvmFVlJ9eMi9Zd/65OC/EQKzJCa+VOJrT7TifdPTrKQ7LFpeiMMxAIwNjWZiPZ5NhivWJ7cvlISA3/7ZiSIDYpe5BIuT/wueNyR2En4Ak6oTGCS+KfGjDHyaFBBUfDWGkEWYFwNhQTDwSyCLLVTjGmCExBJIqmCm6f3DB77nGSLh8ctnDcztF1AZrkHRLPzG6e33LHo0/+/nnfNKbjZdJxNwlgWvAEijXZGYXXCeU6NhE11FXUnuxoIrdfwZq074Vfaa90QoLi8oMWDj5pywnIjAk3g14hcSJe19taMihmjzxOmDvZsmFDnPSQH0KzkyaY9YtLy4u7do1q9LFq0BkJ555RAGbJ4iJnQ2yGC85hZo5lNA/NoJDTc975PFm6NF/yR0ziSYMwXnUXZOqjrqJRT5MRhjARdOKQOPHIAOIoy4FntjEACp2oVCqVSqVSqVQqleoGV6/nBwN8bsO5vfvHH5VKpVKpVCqVqhBmi1D2jbmeFUs5c/3eYDi65prthxy81dwUFJtqCJeJVSij2j9FtWauDHIlUOgK10kv4LIhYQv4hHn2OGHiZNzTAdoYBCPoCcTq5RALmljZJHMUKkrL3gvuRACQSbhkTK4oUJtZXAADIpz849BwASuZFZkrOHp6X56mZ58GDHfASJ0GH7c33ldRhJzQ9rIzSyYFhn0KTFE3p+PJV8CYS24XpDPD82LURhwfAheWTdrOEl9i80YUOYFPTwS2MCEzAKoLY+kca/xoOIHsQEN1Z2wdgTRc+LfpIJyQEr+r+H0sC/f78725ed9L/YHbesh5Fqb1YoFkUJABmtTecTeH7gUavxpmdwRro5D2jUqypEuZrJU7mdCe/kjI3BJxJ9DFfiYl905hz5Juoc5auDdKZhEUIR3MAoEnBZlik+WPs4IzWRw7nLHDMAgCJ0RG2cpBTTdyA44gFRukRcDuRUGYksyz8HHyAJp+iYsJpaQlzLTXfIYz/Tyc9UesP/6CnT+hkwjZROOILbdYPmLpJxf9wND5iLtLBkjkJmqXmJykA+mmCrmrAVqnEwZMJh1NeIllPCh1el5iC+5EEJW40sa5Tb+29Y4FWSLnuFBtqujftrJbiUmva+mT7lam5zB7DMOSKsczy7r5/mDdQo2AGxor7VpeXhoMlgbLdUgkE3AHNHzSNGeFOB8N6waJPvRO8jRdQgpsA4RR8AvHtkr0QrCSEHh4UZxkPfHsQxM3OZ94H6+Rx5867AKDvEsTjEqlUqlUKpVKpVKpVDe0YhlgMBgNBsMboB6gUqlUKpVKpfrfI3by6N8gv2Ru2bLx8iuuiYX7bdt3bd603uzf2rZ9Z2yqoWYb1X4s9kvIBh6ZODEtcyBrYgYCMRBkBILVVYxSkA1bSICMPqTIHCuYsS4ZTDOqhyMMcBiicYI3kCq8ZQWZEzCKhbbbTJPKpLYLAswiTsSbBAmL2FJjveFyp7UtFRPLphLfEIoKuEc5n5AT9n9JHWJzmZ/ryOJLYlvXBpPyc7qN4yIzJIMK2SqdF2BiCXUX0SnYKgJ0EDfBLCN0NwlUC4+7qC3bUKBVgEBD0oV8cMtACFe2XUoMsexSUVXV3PxC1Z/31ZzF8B3Hq7UZR7a4kl2awXZZk4kLtHfaHbzjzPMuu+q6nausZM1BWzbc5uibmb1ohpTAp4A1K6kq81VkR2szZrDFUVc+ZMuj5Ban9dONwu9lqcs4ESQfHfaYSNFath0CfPDgTGZUEA5AUgvZZ5LDWAAAEABJREFUFRvY/MS4PiY32cbYJr6CaTgfxWDiU7ybG8mpsTwkW6Km2xOZRUkOIiVlYk2HOzFmzR4nefmGautB84dfuXQxmjURn8VM1nEHHz+ql8+69CfWtOE6tIMgbylIrHQ3KdYR2IRfxa2kyOsy444moaBPxImoYE26rieYrRM29jfd7YA79WwVyN2EzyWY0HNz89WGSc+S3eqTxJ3wdQ88xVWUs0V2Jv35fr8ms+DYF+uHw6Xlwa7FXYuDYdM02I1suhSausEfCewLg04o+BMkTjEhbsdTJjubxPeYbeaMb3yf3VDiSEIcFaEWm+gpbhX1vk08HpEruBvEVtj0KR7MVz11OlGpVCqVSqVSqVQq1Q2v9esWdu5cGg5H8Z9H4z+xGZVKpVKpVCqVaq8Vf70cjer4Zt26eXP9K9Zptm7ZeO11O3btWorVls2bNuxWEfQGU2zbtm27FpeW4/sDtm7y13/2kGovxYYYyfMkGxoEZlG4RE2P8rfEiSFPlIyqmC4D0j5FTxRFY2qETupBAzWtghkvqdDcqRtKlVZKutOgk/E3M85I9kLBOJjo4DxYfMweuQuxZmmY8yA7hkDBNkRg0JP5sfxK/9nI0IlhTKRtY3sIaJeGKR0K4oxAXcjmJsBVeTxYgnUYwYlL43+vNgj2NESfhDrUsS1NqNFvAK9Hw+E7llNMjBzB2QTS4DEDFf+ZPnEBsjtJPLUqoKEBpur05uZc1bfoleDJ7MaxO0W2tCGKxbacQuespvT3ipdjT+ep2SXl75xx/rNf9eHxw0xiSPTmpU/7wzvf9iiz6rHs7I+8bHfQk6o7son2cbbc0Zj4u5DeMzMCLYEichkmSQsZa+DUGMOuJEmh+BpyelLLQiXkgN07JKsHGguF6YmsnQJcmE/BOBUythBDlnjHxBussTY4xKXiOPU+DkOoEPIwBHbhqKy84xQe2x1MwC4/fILyAyPPLGPEiTFT/DxgVT+PQ+eP3jXatlhvb3kLugy3ufntY+PPvPjH0gpjitgWvN0IQcn5O3md9NEI6dWuwySacCTt5cyuJ7SkdD0p2RQ+c3zdOrf117fesW+r5FYi1Ii31frelkyZ7KXHiZwnTujUEkNGSzRl9uLVChR6ZG1vfm59r3/Axg1xZoqTVPzVh3nbwXC4c3HXYDiK1x8z02gSDLi89kSzBUhOJ8SqUfKOrXs95z0NHfyBEw9c4SuFfhmafS1BMHEchYabzpOykR9SDlx3wlWpVCqVSqVSqVQqleqGUvwH+k0b12/fsWvnzsX169ep34lKpVKpVCqVai81GtWLi0vxzaZN62+w+JiFhbkmhO3bdy0uLseizwFbN/b7PbM/KZafrr12B0MJmzetn5/vG9V+rFyhttnrJJXWMSAhfQVscNLgk+98cckLxBdhEUUtnmrY5BEQTCw9180urEsuo4cHiAOHldpstjOAtiC7cnuxpImghSygoijm9XSMJbAMzj4lSFuQ00n2KjFEmTTMmlBdM7DlAGEWeN62kGnNIaR5IJ0mdfPkdEB14077U7WewBA8SJOieXB5LK2jUYARmxW0DMCPSJbUIdZ1R/FbOS5m+wSEUQwm6ThpRZCuo2quRP2woQRfA1Pm/tjAqIDv9efm+vPrqt6CsexoQGQJfWudMdlJhnoYxNNhjClxbdxSe65j125PK8KwJkbl0AM3bdm87rpti6vsBMzWzesO3rpxpcNNblV+NQM9MckIY5aqsqaf0oZkiS0ilcY2s2NECt0XqxwqDTPGH4odyIAVTIUdRxIPYcRDgo/BRIMkyuRj03ouRfckZAaXO6K14kk1jjCXwE0AjFmJm1Roj0FuHsh2oS0KfgxWMKy2QzpnKc2w7cJ0cpPcCa+we34eR2647c+3f28UhpZu/uwscvyht1vor/v+Od9InZWdS1p3E0bwSncT9jsBaPkVaAPDnOTstI0SXxOTp7yO64lLPigSrbO5v/k3t94xTltjZxfXXN87wCGJsm88TtIaTYlwxNm04SQxwvQMbe8dzRTOBleFaq6ZBwZQNq7bsDwYIFI4auJvJzhLhWZ5NIw/L3iWogAwHh5QhzpOxzU0cbfCo2SrJpo/PflTeZmOLFuwEGbCbJ0x7QUwa/iBoVKpVCqVSqVSqVQq1b7Xhg0LS8uDWBvYsWPX3Fwvqqqq/KyRSqVSqVQqlUq1FgW0HWhGo9FgMDIU47hh/YK5ARUP16v8NddujxX9q67eVnnfn+vN9XvxV1x3I3mKxFLTcDiKZafhYBQ7x1Ax6ICtm2KTjGq/l7XZy0AqkW21tFgBkmZV+nItnivLXCkcjAY7l3YOhksNEFEBgeNfpBBabmcmHAzWIhi3jRC7llgtxSAdztZJATlYP0VKhY8fKAOkSW2xCNI4rn6yHYocYIWDlzVoY2ehAfg1Pb5vgbqAnB+wzEsUTmMaTtJpYkkWa9vx3aihJ/yRMsEiMVkQJIeJxIWYBOvEDw1VdF1bus+4EIbmxMq1tzZOFQv9fr/qz/lqzmA5G9NRists1qJV6rwt7+D2nDtZg4682QH/+fInNWH1Q3jnVmlyedUmkZcVIZgijWZcVeuCg383Y7speKa8TvrKGLAtasHLCoymI1loWyREfDWQq5BB3PCwaDNrjM1EjURCmZacsGN3ITMvMuBst4HIL2CKinO8LY5PzyAYZqtg/o4lVgrfBG/rILBLexTaR+7GwG2T0Jmya6Z0c3byKOkKM9vPo7L9ozeceO6OH8Q7TZiSxJ0csfWo9bdd/62zvjysByZzJGCE7crcSW4J3/ih2L9gXkFoM/I1SZwK8yLpwrQoGP/FrifZBwW2zm39jS0nEnEyfnbre1srV63qcWLW7HHSThRyEomesThLCZdG0w7TKphrY3A66fd7yNH1eusXFmrK/sLfAAJOY6N6tGtx19JgOf42wLk74rxEAA/OdJirQ0MmNJjmQyZAHIfmDBK8PJh98qsiBxRLiWdO2iyZRCqVSqVSqVQqlUqlUt04OvigLdu379oZ//N3IEUClUqlUqlUKpVqj7Vhw8KmjevNDa65uf4hBx9w3bYdA4I86sVmcXHZ7Deam+tt2bzxBnN/Ue2NUnaMpB+UAAoYkxGTENjiZCaBMVbXJ6SjGYXR4mBpebDUmJoMPchJAUqHjLL4ucYaIq+ZaQM3UY9GYoTOy2KR0sVapifyAKvZITmA5Igai0wGPnLvbCJO8H3XFWJayTt3TkJPbGqeMez+UjSZa8F0UPQ3aQzlFGFqTuAEIsJNGmZ7GsrQ4S1yhdvkq9OaYRReELTv/BGYosEsllitrQz0nOv3evP9+QVfVc5XYF2iDbg/HeSWjnV2e05lbVpcccz0C8R1ctfdy5oFa9oCI5D20SQzzp2YNVmerKzKToToFIEgjqNMpKQ+be+FHcXM48vVSWkxwja0x5BivzccZmWzH5FcbfTV4cHjxGLEdq64mHuIt087NgBa/MTyiug9RLEokAYf3TxxDz7doyDRXSaPa9qSXJSIFGMTJMO3FtJS0D1X6HbObvl5SP7OvF93zMYTz9vxgzrURJyE/Lpl/YH3vP19v3XWl7bvui55mQTy2hA2RRrWdTcRv5NQLDfJMIpzdtr0HOlsI0cUKCWE7LmCfieHLdzsLptuK63CC4U+KATr2XW9LT03l89rzzxOJtan9YJNU3+Qy4YnDsNR7VygubF1N0LzKO/5R0dVYfvxozXz83NodQIInizO9ZYHy8MarZyaplkeDkcUERZ/XcFQJqJLGmCbp4ZmQGb9LHrnJMaKOScPPCX7OE9XybXHIFDl9BkylUqlUqlUKpVKpVLdiNq0af38wlz8R3n8F75RHQCMSqVSqVQqlUq1ZsWySIWWeX79uvkbMbQxVtEPPGAz+osMRsPRiJI5mhvrd1s0xY8loQrL2nNzvf0t8Ue1giw/T54qfMxqGH5knwqBZMIRq4hRWDHP2EH2CCgkj9CTc0GIVd2dS7sWlxZrSlwwXIumIeo5r8fsjVrawAnOYdNHsbbgJ+crTAnCZZLrQ+hLKl3iEk/eDISmOEzAkZgHl1mTlIkT8okXdEes0WIpnyxggpRlbZegwWJ004BYssTDx8LrKP4fA3RGhMEwh4PROcDODxhSYhgvMSZ5rpR8hWAKnrvddj1FQFaNpWpHHgJxwpr31Xyvv1BVc+QswAiBS51ANV47nuzS2WVLPthceZdvpuAQNn21p1obd7IPNe5SM9mA3URPqhU7AKT77CQ1k3sUMgc0i+0pXsVpZMLDojwTBqnM1PZMXYqxS4HhrERA2dwkcUOSFytvHblkBCO+P2Tf4YhBw5vFJziKbjDelsEXQi4SrgQu36LTW1hQFGZtfh42UxjzfsPRG088b/v/NFAbIYHYWAXme/P3POG+/33O1y656oIctGMyLcQoTetuAskBhVeUNVuPky4slhmU7GvS8ig0f1W2uu3GY45ZuFnm3TiHCMPDjFvX39J38+V5wR71iZnWJ+lEeRZgVygC0tL4zAAQz1Y4c4XaYYySFWsUmt69NT1vwfuen9+wrgdkaDMcDpaWl0d1XUNYHsVfWkZAQTlki0KBbWh8Q9lLeLKYKsaTEdDMOsKOsD4ED2EUMHjH0bfIoYCSrSqVSqVSqVQqlUqlujHV71X9zRuMSqVSqVQqlUp1E1e/r4SHaq/EiAVDJ+IzUFR6CT0JdYNGJ8ZkH5Q29MCU66bXuNUwDJeWl5aWFusmVhibBoJ3snMsLbPZyT6lCpILiOVSKSYxsGUJF1BTQZ7Zj1w8Z2MT9EQhQgUwkQfYhSLXzMcO5FaGCUzbhwnOQFcTDIJxZG+CAE89Gg1jDdaYWnxGuPou5jLswyLIiZuOdIwxEeNZNik3J3ZAv6rmev0F7xd8NW8dsxAUfTTRe8a2NejMIRljYJxUSEFCe4OV7H9anTsxu3HKVQZzEs1T9G1GB6bcBuURkntOGsRZCSPh3JxJ0qTzMT9qYyFBI+MrQT54wp2K75mWIkQhIAeQwnHseDuJwcLWkHFKHjYN32nk3EEJU62jEsMqzBuIRwjzaXi4YJYWBwvr5lLTjN0Tj5MpW63zm47ddNK56Hcyom+DFZYqnmC483G/cdCmQ844/3ujeph3kb1MuNtNe3unJeSJkrrMsa8JcFcKa2IK1xNeEgy5m8S78Yj5m5244ZiKcmzGWuusW9fb2nP9NZ7d7vZJWBoQQmhsupKZiWHeLTBjyBeYj9DgxTToAWNkirUCuFjytqkqSihzaE0yqPzC3FxcpcFDDZbI9aQOYYjgXfxfnA1r4JilkNg8J3RbAB5wjsyg4nwWuEfRKiXOqk6hE5VKpVKpVCqVSqVSqVQqlUqlUqlUKpXqRhZnYhh5thyXSF2SaohISzRISfDKXFn0NqEdaSc5tyHVNMPS8tLOnTuaMCInA6DUDcd1SwDfOdK4rJn93QwlZCJxJ5TFUFUEnTh6Vr+gJmy29HCWPVAc1o27HoIAABAASURBVHWxHkzlUlQmbGwBc+Q6f3tggAJMsMnhBINGQkinAAa7sObYCbaMQc/NYRNqDIzAFmDxGQurlmxP2FYkgQRBuAWwRc/w6WZvlW4jsycFsjdV1at68/GPc/3YK5k7CMT9kOtJcW4djsiWS4ukIWs6QULj1yKTDmYvdWMQLVO4E2Nm0VErO0tVNl+dNEg8ldLZvYYWWxh3MWmTXBKWkdJbOJuKaSbxHGFGaAwokQOOmc3IWLazmlyE8tCeMsci1xrplmDRyUKcfoBQEjkGmwhZl44YTGHMwz4g5LpDXIHsvJFhjsAXo2qNpemIzgm9TmJrd27bmaGTNOgEeCnpCrOSxwmv0dkqvs77jcduvON5O34wCgPmTgj7CmRmAkcefNyhWw4/44L/vviK8012N4Hc9xmxKxiUEGSJEBvOJBcTk19TIlc6GVxn3s+ftPGWN+tvzedTttPZakN/q7c+ndf42e19n9Tbdsq15kksBY9BxpFArpUt90IkkgQ4JV8UvO6EhTiahavKxzWq3hwms1FM08LcfJwERzXZPWHCWL08rAfLQ/RBaUY0UWJCj/EeJ0xAy5wmMJplG0KaHDk1xZl61MRTa4xKpVKpVCqVSqVSqVQqlUqlUqlUKpVKpbpRBfIEO0UZBM6G4MKyxSAa4GfPyaEEwxTwwXbmIjC4JT2zj8+ie3yO3TkzbIbbd+3YvnM7bd20dUsM2WlLtKU7w4rtm1w0xX0C852kbG4r5E16WPS0YlnCzAZ5GaQiveWyvuVQEEI6hBexXC8WhQKCSdV36gxeRBlEGadJ+3Z5Y3GKiYVUDHcdDZpQx2I9VVNjXRUNIQLUWHfHJ/ZD4OqwHT9N28FdQtswy9eGq8HcvY6DgYhUQObEVX3fm7N+zrpePAyyJvg/R+V9z44CUPR1EF6hRRYSAmHb5XaFiwc3DC2yc3Hw5g9+9aprd1B7xr894ZaHPfJ+J5s9UooZKReZqUdZWZX4RpTjJ9ldGDmEbUESufA5byWNOEpuyrYycnu2Xj0imzGTaSpQooSFwdgos+XJFlhEbiwfIkjeCoj9SbqVxSIH8tiQk8cFhEuwlUagO5D8MVKCCpt+0L4sxVRhZlTgI4PZuW3nwTc/0LSNXt3PozgRKBJk2nVCej/vNxy/+eTzd/xw1+g68Syxwh3F93PV3B2P+/UjDznuBz//xq6lnXJPJb8Ta+Rksp0RHZL7xMqxWkcT8UEpluDq8S685YZbHD9/aGUrXh8oZYbfx/333Nz63mZHXViQIpPnuFd9Ehg6SRca+A8BLxxw05Jk2bRHpkCh/MrxxZBKgIYnPxnE6WuP1EicoT1UPcTwwGxahyxJaJrhaDiqh0uD5WUMDRw1ZHLSkDEO7iH+eGnquDu8BMbWyKV4uCGmGpVKpVKpVCqVSqVSqVQqlUqlUqlUKpVKtZJyRRKIWLDpyfYcjUHGIWJwQq4hNnuicDRPEFsOiF8P6uWdS7uWBksN+jKERJwER+VUOeSkH8MUtTVxK1BF+qKzhW1bHExsZ1VVvV6fknKMZOtAcvXg+r0gBRIrJOvQMueslFdTCTl5AWTogKu1LsdqQGsXYIVeIQ8IENwkNJRNhN4mDVqbBKiL6BwstluhO4IcZ6KKmq9JphBacsDk4KCGroqj8j1TQ7Ek2+/111X9dQid2F5ckuwxyClATF1s0aW82/HAitw/7Uewu0tgGJOSYHZvw5lrf//Miz755R/O+vY7Pzr/Qff8lQ3JI2MPNG55YibsJVZTtYb1IHfvRIKRyRdFaBSbbwnbIU7aEB9b7oThlUy8sNzE7qc0qCVSOkoJTolYYGTG5sMRrmAL+xfbEg9WZggGTqwDGaa8FuQbjlcECXOJ083i9l1llyT/D2Nm+3kUZ5jpinJbMYvhtnnbO27TnS9dPOuqpQvzDiBZmsTXAzYe8tt3fNA5l55x1oU/GmEgVjY3EeJE1oe2ZySqRpJ0jFAo+F4ya/j1yPlDb7fuiDnbM8ztSRxR8iwBM+cX1vU25/PKuNDEOe5tnzTbdshFtAmOIuQHijmm3YMtb36ZCRJag6vX3B1Abk98SJpnjWnhvPiJbJeqIA3CWbgxC3GeHA4Hg9EAjU8wUAeplYbglOHycHl5aViP+DgNfbP7s5BKpVKpVCqVSqVSqVQqlUqlUqlUKpVKpdrHcoCpGaxU/+aKI0ETQcrZmFJjHWcoiCOAofiQ+NGRpYeBURgtDpYWlxZHzWgsXQWun0fSqTwqlUyubFKeDqXmEHZhqfJpybGFnFe4GT7jJlwMTdV4W/g+hFR9bQrOo1NtJYIl0znJrgGA7U9iyZSTdBpK1QlhFLLXizVSgC4rwrDaiaIVRF6RjV1C2pSMatDIxFE+Sjz1Xq+/0Jtb56t54/pEnDiTy9NsV2Ezz9PiJqlDinbt00s3xUdkj3SXE4562H1PFqcTVrHTOxx/870hTlgzmwrdNWaoGk8Yald2xWc7zn+MH5YDT+QqtfYiae2O30mO5inGbOdQrULRknaNDn5kxvbC5AjtX1AYSBYWwabhnM8HxDWD2TOkCxxQ6pS4sggCRQhKOnNwIDQHxj7FN9ddea1JnhxmN/w8xt1NSi+QyeWHrbvV5v4hF+740QgG7DUSqMHZ++S4w044/KBjfnLBdy++7HxjxtxNghF/GiLfxNZFoJ+CPmldT9b7dXfZcNzm3rpEt5hOe2irdb1NfT+flhvowmaTZzerT4qtpvdG/Ka+6jo+UzvWk1CMLpjGKdmZ30MicfjHSZwQ48wSYISTMyc0EYRIgU3GO8DJ2ppQ9fqVXQhVIGcsplYQXwwwGI527dy5uLRECArEKXUwGIaw1yFeKpVKpVKpVCqVSqVSqVQqlUqlUqlUKpVq74RF3zLzw3DUizh1cM1U7ED4GXdbOF7wQ+4ONx819c6lnUuDxRrwEXVzvSkX+tn1g+u2lfdUtbQYG0PlU++8ZbgEC55idpJaHrLTiZGC/pR6Kh+tiKOQ41Ph2FE7GmOy4wm7qAQWJRPVxJrU+Ck0FH/DT/6DacvZdgw2sTNxjMwRQGpzSJtwNZ7MI0zlXN/35qtqzvXmvF+wdg6Qf/AExXCd1+WEj8mjTeBB+8RMYPw0p/iI7Kbm53p/esrdzD4RrHSWq1MyM8iTqlzFtmvaid7oHEAQgdYXpiChuIhPsS5r8JopzVDSAWEMP+l+BMi3lWk3sWkVKG1NrDh+MH/CHAmHWSX3i4SgeJM9M7D1TiC3AGi2gxFTeDsx5cVxQ5izE3CnIVxy5oXwgLtlO6GSrljRzyOTHO1W0N3KdF/XV1tuveXXf7F41lXLF+f8HSZOaJYJc735O97ybre5xUk/v+THF152btPUuZOYn+CTRGbFthlJCQMSmqRn/a3WHXbL+UO479PU0rYTZy5bre9jpE7RwvZSdc8OVu2TYis72Sf8/eCs88Wohr7Jniu27FErOywdd9qv6S0jIGk+6oyw/K3MXyb/FGlwKo0vVY2fna2s6VU9PFzFMCOuFbdcvzC3Yb63NFhgELIBWFxcGg5HRqVSqVQqlUqlUqlUKpVKpVKpVCqVSqVS3agSkqSoKrKKJBoBTsrypaxj8cn+WANHj5PlXbuWdo6aYRMXtA/LM5BhZlbmd1OMauTAF24YOXtU/cpj+g8hMkScWNmAS6mxnun92Ikn3GRK+R5SQTaAcCaymKGNVLwn7xQGWhrGdJqmIVgnfkSPE6pHx3IzV0pNxyUDwK6hW9p8ktzwonOpIcGgx4khm5JYsF3ozW3w1Zx1fet6xvWsiSfuTeIJeCeQLyKYAmFYqT0ttGP2QOP9vPfcyb4UrELX7IFBSwGdZGwk3xcpdsZNHsnKKDedJiV3ITMGJuVrOsV1pVxRQI+Jo41fFQa5bLuJMXZiz8G2DUyGJp21xA2FQQy50JijE9ck5yHaiN12xCQFP6LNSWAwIjXikp+c29SNr9yaPU6gSJBp1wnT/D/GtnXWH77+dlvmbnbRzjOW6l3sxlG8IjWyMLfuDseefJujTjrv0p+efeFPmqYuc3aMUCY2Z+skvxPY3Nt4TP/Ao+cO4umE/VSSr4m0KjZgvlo/59cVjiyddk6e1970iRylrkc/O4/Ws8UwKe/OKaPepilNPHigXdMKn8Szvi14J5pPeavUMH7vsRMwjso5pAWNpJTRzESWUEgPettftzDf7wXB/MzmDRviFGtUKpVKpVKpVCqVSqVSqVQqlUqlUqlUKtWNLa5HAlZdHaMmkB9ZT1VuW5ShUy4GPogeMFVnuGtp187FnXUYUvRBoK8MFV9BuJM9hU7GiuJFHdQzNRLLlLEijU4n1stn9AhAHAUCSIKMoSQd7zk7JlDGB52S+J3AFOMJySnpcgbZwUG6QUrttC5lPtT4p4lvYzG6NinrBBjh6dbly7I9r+gxgGKyKXyIpi3V2pSyIvYqnLUTT7/nq4X+3EbfW29d39gKo0sQfrCcrWNzdA7uwZWXtPC8WAGscGafav/gTtIpT+EvxlVenFVbXsnOuwdLgIgVeAiKewO/mwg3MuVuup+6e04HKEkVkyv8KwZcpVO3aaQUzAJMI1Us2xu1u3ch7cR295s7isYqEgQ2AQ0gTkESbUVMivFoVUQ5O8R7jZaXL/zJuceceDzvapafR9ELma4wppOnY0oaA4ru6WxtYH11wG223P3SxbMuXzxHEnPEy0QSYeKnnu8df4sTjznsthdedvZFl5+zbfu1na60mb2IN6U7tL/l+P7BW6t1bVcDtL4j4ncCPTe3vreJ7thxn5IWVUrtTOe1V33C+1468zxbB+c8UzIG58c4Vzoi5YJc4okRl4dTSdu4hMMloG/MYIrGt0tJPoXQG2s0xHUcM4V5VpLItLg89mSvquZ6PSL66KQqRlJUKpVKpVKpVCqVSqVSqVQqlUqlUqlUKtWNqVhYLANmOFOnKBQaSq2Rqjzg8+ZYr8SEDyRUwrBeHoyWl5YXm3oUqMbINU9nCjMEdvXYU74gsE2HtIcBEceJP947H/9PwAWhF04iPqQ8LMe2SWknPi0fP1ZhDwD56PK56BN+Zp+Owr4NFKuBLic1/uEwHfI+SU/lsyeKkZCiTAgUR5zRPyF/nUvQdLwgaBB5ATQQO6Lf723o9Tf53nrnFoytKLiEIQIL3V2UPgapQO4SeQFj7UlUQFF6XoFfWEljPIIYRKwwLm4AI4POITpMh512nrka3tIis2iOqs3RsVPBqc4xoNMESHxTqT3pdTlAIhumDbIWtgHogE28g2lNiV8HC+WuGmElTGuY0ZIsYngCHN1S2CBxP9a8lgNH1j+O7hJnwTItcc53fnrMibc0a/XzWJMLiJ3St7Z8PWzd8QfMHXbprp9tG16e9hA4dwaROppTvKuOPfy2xxx2mx2L15514Q8vvfyi3DtxnXnbP3LuoOP6W+dcL9MqpvA1EQ8VwozW9Tb1/fwKLUwtYweR3fU4md4n/Lrr+2cOnohmAAAQAElEQVQ16LgjJ8hhanzLZxwvmV7l/UIepkUTIU+xNg0fOzHkhMgxjKQAT2Y0+UhEEU1uIfs78c8nxCEdxi1lliXwDwFfGZVKpVKpVCqVSqVSqVQqlUqlUqlUKpVKdWNLgIxkYxJQINVHKUNagUYAKB0B4pI61MNmOBguL48GNabq1JKHwKsmR4d8CLPXkpwffPodPUvIuIQKj/SIPcXsWAEsQBwHYMyvRCqh0rxMosi5gekyAFIrpwpn4IWOyqBUnY9/5SSdQAYndYh/AxEnBIVA50l/swLjkmqpRRW3da7I5EreUUo7Co6ru97Pz82tn5vf5Px6MHPG9oytTOusYgWVAbYS4GXiyQC5J9K6RSty54xdCbPXKomkmdzJhZdda65nXXjZNQV2QYLpUFCxhi3ezERBKhpTdgo9woAPD7HxrSBxRlPpEGNm2ZzYaRswoJWzfChlxkzXZB+ktk5Zk4eSKTexKVElj9SQQJN2TEHeX+uU4QtQgUYzEMyFaTO8/3O+e8Z9HvfA7NaRnTxm+HkIYDVGV4xtNdELtvuKW8379cduutOuetvFO3+8WF8ne5DEnPY1brBx3ZY73+Yetzt28dyLzwjVxoN6W47ubz2st7GFxPKeM/3D/IpxfT+/UG2QkJoJj5OyfensYNWzW0OfmHwdl354NtqPWG+EI7KNaSTzyIj3iHjUFMpQ4VQHHWu6vNWs+YLnNct0UbtSPn9pIs67YGpompB9c+LE66rKa7qOSqVSqVQqlUqlUqlUKpVKpVKpVCqVSnVjq0QKhG4oSBGGTjKTEpA5AXIhgNFoNKgHw2Y0qgdNU0vmTktrUInTgtlrdU1K6LF34mAcpsXEWihWQy0F5RipujqphxquxxqBVSCVQJlNGfNuoNfAUI0cC5+7hyJrBKvhNtBZIWYC0NQ15ulgrk4gaxNhTVAhe2HMRDTszOp3blYb/cOdKbVYdB9x3ve8sR4f96/WVXMbfX+9gbkQPFnD5PAN/ovZG1cckXaYTWyML5gGm/7sG606CGZxJz/5+S/M9awzz6NDjAEd7Uc7wWOMyXa3bFV19jUmmPq2HT65ATBtu6kkzJSm2Q65lDagIT0lKqndNx3XToAPJYxEyEQneWesmyzPBt1ZIDajSe9TA+Q26WAZVpw+8E5evG7bNz74hV9/6L13y8+DCZtJ75CxbU2X3jAT3iHrqy232nK3K5fP/8WusxoYFcSJxSCxwgFlvr9wu2PvfNDcMRv7Nyu8TCBfgrQ+OYKAna/W9/28sx66R8ztDLxn03qcrOrgMtEnJvEoduqZ/uLDX9p+5TU97yvPNJ/DeCPLCUeBrzGhU5ZnWbleNKEGsW9J0y33bTtdyaL8gede9jYpKUBOmcrUX+uWInMWT8PYdwCdWJ9Qh6bReB2VSqVSqVQqlUqlUqlUKpVKpVKpVCqVar8QJHGYSsimIm1xELJdQaBy36BeHtbDwWgwGA1TZTkQqkF+CjYky4NZyIFdA40g65m2es4ZOpLBgX9DfpbeJquSDFgUSIAgKVY8QmgNaENz5Jn60FbOg8AmVMsF2VrAFWhAknSaOpDTCZqaQEhVeIDZp0ZHDGbcQCS1AyYcJ2xRuJW6q22oB5zr+2q+in96875aMLYPpmedJ4LEYZXbdGAOa7sF904bgxAJsC9xk3zkVdeAtjDd6rs/Ov+7Z1z4qyccaa4fff9nF337h+dn0MZMdj5/s0rzp38tZfouxWOnb7ZCn49tYactX6uAb4TW7mZiBVPeMjP/hPEVOAsHURFoF0JJvUycvMwvfM9ASleRUe5kP+BoIP/g019b3LYzsRdmLX4eec28frrRx1GaDvKSaIyxbQ+eP/r2B9z7ZuuO964SRySZbIJp8brukoLA4PWZC/HWz/sNm+YPmq/WOQz6mtnOghopzytfqSntnOgT2bZgTdptB9ftOPs/P3nldduu3Lbtqm3XXbtr587Bch238xjN5Rx7JVm6AsL6iTWS3KuW7bCczMoJGCquM42B/McWb6zLSssRJHSSk1YmomUMpZwybWdaVKlUKpVKpVKpVCqVSqVSqVQqlUqlUqlUN5r4afyGRGExEEt+3lkpBnKZUXJmDBIn1ozMcNfyzsXB4vJwaTBaHoUhVj2pPNzuF1auBq6JbLDj5cnYrByqI9YmrvVB4afyc+W6LVxKLdy0RcyUp5MVT71pIOTICAJQAovjdVJV1GF3xZXR5WSExAlVnKnsLo4wXP91xbG6gEkylOmE6aR17Ky+isclqgaowI+bVsbOO7fO9zZUvY2xlA2mZ2ysafesq5ArsATeFLADzIZhCk8MN9HgshlrunD7UC9/2+d+fuEV5nrQuRdf+Yq3/xe+K7xFplNSe1TZrvK7HG8zISuGM6b4usg3ahmEsjG8u9TodrMJgYRimY7/BG9oTccXg5kbbo5JphRiQeGKI+TonzwOujk7tgRX8KhewAWQIwgLYbOxBZjGpg3pnrEpZSoIOAZmsHPp2x/50j0f84C1eJyYKS4gHeaie9bjrzDNHwUbaN3N193q4IVjrlw694rFcxsYJVQt8ByafE2IBeElydck0KwaJ5SFav1ctY66dKVjrXx2ibDZDd+XqWd6xrs/cc011zmH87bHF+j3egvz83P9/ob+XK/ncS6gHKU47WLcEfvP4DXBfDV+h2cXQjvgxBwld5p1jPalUWXSBENji8Y6j7A86OmYgsDJ6KWkMmwAkU3CxVl7g05EKpVKpVKpVCqVSqVSqVQqlUqlUqlUKpVqhmI5D7kKaK0mClrCOQ43YGcOrF4GaJYGg8XBUhPqUfxfaOJKQExGaDD0hZ54D2so1E9ZoQxYYHwjYye8gkcgxlETfS5SU7tdZ6cEmrChA4CUNNsIl8KqgOvgba2UqRW0LeHKZxsEQc4nDac6xPPGRCGp/ac/DA9wfAT6wUDRooLdoUJw6uqi2G3NZB2V9kFhF0ZsS2h3BN/4WBxe76t1zqPHCZWAHbE/dAY2pKMnOgGS9QuUgSfFmc/UDVfcnfQ7ufraHU950X/+4e+e9KsnHHncLQ6e71fzc71Z2y4uDyeXj7U+XrpzLrnqez+58IP/9b14FdPGBHvk9WFiS5i9xxmqYApsMr7LZERh89fxFgpYhi8uUWd7EIMLGTItdjJ5P9nuG8C7RNrkoOVHuB3WUJpLu6Ngx47fPZe0g6kRWvk6ZiCFxx3esQhP5ZGM3yRWLd3DKcsFhwFluGCzf/yZrx138m2PuO2x3ROc4nFiui4g+QRgSvdMoTGscBudbfOxKtu72bpbxz9XL1941dJ5u+pr6cYOTLHxqxHPpdbvxFvX8wtzfiFNWKscqzyiKbxb8lbds4O19UmnJy7/0Vk/Pe0LLoQ4/cfJyiPUFvxwuGMw6Hm/fm5+vh//9nHLytmes+vXre/5OBM18cjeu6qqmoYTxPB6MbdnE0TCQ6AEnogWQXCEvVLkJwrwjxXeDHjIUXoPz9mJj7ISsuNafIuxlZUcpVQqlUqlUqlUKpVKpVKpVCqVSqVSqVQq1Q0jrDhS7RAyYAFiBOLAOioDUnJM/IO4xXI9WFpeHA6HZATSmIRQxDdeII+4TeCkHlw8vULfKWB3qursFkJPxzupSKL3SqpveipJU6qOM8nNo63zcvMLbsHmOB0Q54dchIVUuOT6J1c4U8qHTU/sxzIrrdXgCddoc1KjK0rgXuEUIc7WgPRIPgIi0EbtWAIJqK4vZVZZDiCQD6MleDZN01AXODojwmHYbAZxAw/sG2Bc1Vvo9Rd8b85X67yfQ0MJwwwLV/iz9QCX7iE7A0CymeCqNbTXoSQUci/NqOmuyWNgEtOwK64zU7FP3v+p/45/4vsTjj/8X//uoZPrbNux9JK3fOa/z7gg73atPghjo9B2MY6pO8kUBrSvPHJKVTOGfmYw+FOna6wxXeMeVMjePeN7Ev7ACDvkJg5lx94AGeXw+3btZDLhJEVqhavSNorGslth3TR8LM8Q3bAd+ZhGZDp+Go82DeV0ghBvuU/9y7v++CV/sfGgLXIiq7iblB4n3VipaayJWd07JN83+O1B80ceMH+L5Xrb5YvnXje8tAmj7G5i8h7R1cPP+XV9vEVXOlZBhUw51srnONHOldxN+Dg7L7/mC899/WjUIPCTbpY4AdVgR40ZhXrXYEfPI3HoEDpxlbNbh6N+Vc1VVeV93/YNz/x0u5DpFF2jGkeFIEMQbPe2j9MnRbRB8psicxXBaNgfyrKjFA4Fx0RJawfFLicO2vtshR8vKpVKpVKpVCqVSqVSqVQqlUqlUqlUKpXqBhNlyljOekkBESbRHugsQtVEg6VIB4MwWB4uj5pRQ7iJwZqfc1IZlnIhup5IHXz1o3fJAC7X4qszNtfhHVkhSA0asxkqKXRKnI8tK49cyc4BMeX+2WikIE5MxgdCOnqBQeCz+/E0EToxaAbThJoTiLhCyjtJm9BndkwxUNIEiWjJZ9NaPBCEklkfaalj3AS/kLPDnB9+/t9RZTiWsZ3vz6/r9ddZ1/fVnIHeCrVXAlssZPuaTm8XXccNbTN+ivZOypo1qIAwCjhj8oqPtXfGmivpBz+75CVv/PQ123YW7IY4Jqy+8RhZAhPcSbvLVXfUUWVW8JDpQFcTMMnYihOyZk8kl1aQp5ldM2m3k964sZ3ZZGuReReAwk/IZnLLyNUU5qBLnLXr8Azi0mRU0j14Wy1ft/3jL3/7w1/y5w4dODp+HmZF75AJjMYWl33mtsXaLahmCt+RuGSh2nz0pjsFOPGawcVXL12wq7423fxuDq1N5hCXW8OxYLVjyXkU25qZ7Rzvk7StvNaD0eee+7rB9p0cC2TFfMU21NEuQI1sR6jrBprgcYJ3lbdL11ztneu5at3C3PzcXGV9r6riNB0X+sojioKRZ1WcpQL5QZH9iZHJWC59nLtKYgRyKxGrslDMlmCROpGkshBMAnrwx4ET1qU1PlGpVCqVSqVSqVQqlUqlUqlUKpVKpVKpVDeyAGJlNFX7uNwHbLwBDuvGTSxEUqTM8mAwGA5rpC9qKv4ZMjVh0AN2txheFLdbxIGr4exWQsEUspwLkrGuSZkPnMdgbVG4h2J32TChtIjgGmiuehvTLeUa+SuQfwnxI0CWJjU9pB+IOGnIxwX9HRAB4eq5sxLdE3g3zjB9ku0LIPVtm2hCWE86Zf7Ib52RMwUnBXq2XaHe9nF7JE768/3+QtWfB9NnoCQ7Skz28URXd5Z3oQbuIW/MDNZk9+SmLl0NKJmOocxSvE7v+vh33vXRb8ULJOt2MCNbokUzBVM4j9yZu0+fiKqJJXvfp/tMto2aWnvZPrQ4EoydTPFVq2nYx8TAs21IipNdSUzNGDOBb6467+Iv/dtHfvsJp0y6eszwOBm7+GCm+X+s0TtkluOIs9WB80cdNH/UUr19qdmxvtrc8/01HsuOT0PTjzhj+ZraOfb6lZe9Y9s5l0iqUZy1CPkgRExHSAAAEABJREFUchB7vAkgvU0ZaXG5i7NwTR/pHquWFntVr4euJ/3Kuvim349/4kvVq3zPecSGQhOn6YrtSmSk4fbEnMjpEjYo4yHYEkISOyqZVePuvE3Ts4yYHNxj96d7SqVSqVQqlUqlUqlUKpVKpVKpVCqVSqX6XyqQ+qRk6ljxCTEOk1yChQDNKNTDph7Wo8FoiDYnTW2EHmBMheqDYHYXVOgQIWmZSQ/eUxMw4EEexW8dTKyk6oAULWFm4Ryg3WuBpHQr321ZHIg5MZKYQwE6iJtwkg4SJ7yp+Dsk4xRGGxj74CQefkQfnE3EjFiIJACiaIx8wW4x+M6jtQkF7FhM8mlqbFDgerFFV4Fqbm5+Y9VbZ92cgYoSK8wKkmPOvjSJi9lr0KSsC/PnKaRLuiBrGC1pnal8DOra7UsvfuOnfvDTi8aRkdnHnX2wtOLEkvH9wYz3E9qvoZPrQTCDGLKdIVpQUOm2nQJL2XZzsTnJBNePP/uNuMU9/++DXeVNQVckYsN0PU4mdzyFwxjbtli74x1SkBzGTDiOxP/PV5vin+5JrHIsGF+7c6zZZ7cb7cyvzaj+xr/+54Wnf48SyyRWjYi3wG94EqMJCLPV4nVr6D6siQTCycnYQQO2GVWjxpsGg84cTlkeI3jcwvz8evRB6Vfe9cEGzFtDpshRAA/SjMSyxHmNnazkXOQe6zA0RapOmjXbnmrHy76A41QqlUqlUqlUKpVKpVKpVCqVSqVSqVQq1V4pVUMtkxOecnW4vBtrf01oRk09qAejZjgYjUb1qGmCESsCEeAj8WxSsrtFQDv2iRIYrFgeUJnSJSwDl5JS7Iak+vCT8RN7xtLm5GPwMNbyRKWkSm5DbWA1TY2WLkEicwhDwaAHDPWRY9vcBCZLnEdbgIYSQriTcA1uNhBaYiTrJtVSMTjC0TcuGwJQzRfPKfZ0E0bxqNwe66p+f93Cuo39+XXG9sBUIB1l9pZnsLlzzN5pktqYucI07gSmfrbFtoNhzR++99OLXvLGT1+3fVHWm8GdJGOVNXAnZho3wXfC+Didss6kKol/QhXpM8zm2FU2vgG0Ox4nK2mFMQO2vYJdJqklISSGCt+yEZCzjm9Ml25F9NtgogIBBWt+8rlvXH3hL37/b/7v/MaF2R4nFsR/JR9xCnGymndIx31kxWONwUirH6ugQqYca888TmZRNXHNxau3n/78t1790/M89TjNj5QIhs13PLVRTBJ+Ech8JNBkiJ1oK7JcCmyPgj8YbBWs93zlmoY4ErNrWG9bXFzo9fu9nvdxG1fhBsF7P9frzc/HL/rM50G6p6xcXSb1wKbRwsk/9L0MVJoocVuefOO0iFPmPhrDKpVKpVKpVCqVSqVSqVQqlUqlUqlUKpVqj8X8AzlrYA3PEXHS0BcQYFTXg9HyYDQkjxO0OQlU5nMOgjh9sOMHFgidFAmNXWMlMJMBXBcF551U553x8nS8lcq9c66qKmernM/CWTmpdsvP1LdGGqZbz3c5TiQdFrjsbnlXgU8H/UxCTchJaJoREBVCxIKLX7acixAlfBaSR+PSw/xWonewvComJ87KgbBySr4lfFpAiTp4vgykxIPUBhtT17HDR8PYmICl3niIXq+/fn7d5l5/XXwP4Ik46Rkp4toumzFV0L7J68hZ2M6n3RIDQFPkdh+omGBWYNxr5JwLr3z7ad/atTj8yOd+wLRTu/oM7sQkKmit3ImZjp7k5dBdDDO6vJqwerECXkCxs+tHqU6/Dw+xwrDKvZJuP1OeZmfVyeUCH2R+QFJ12DCIv7I5L0uGg4Erzjr//c9+1X2f8ZiDjz4ssRqm63Eydl1s90pNdxAp1rZFYycdR+zEscyMY9lZx4IVj5X2yejcWj1Oul3cvl577i+++ry3LF2zrdfrQZzi0KvKBmaCOAqsHaw8JTmTRhH/iKBoHA774mnQQQ01s3auZ1JG0nA4WhoMK5oCPQXjsGNVv/Jzc/35fjx+nMRN5S1SKd7jR9wd8YU4ZQSc6sUtCsEY4PFgu75Y3GZrr9ebSKVSqVQqlUqlUqlUKpVKpVKpVCqVSqVSrVEp/wXDbLhgiWU/Aw3Uo2ZYN8NRPazj21Dj8/DES1h6ZRMQzkChhWvGTcYELX5i5Tl3xjg8F5qd895jtkyyiOCGShkSuOJZHBpSwZ1LlnhigqpQo8kzQSCVZD4RoAkQQtM0gcgT9DgJRIEEqYHT9qYFNHLPOT6yoybSq+P6bEswcJpICgIqYneclNGphMoQDB6+bkajWL9F6iVWZ6tqrtdb1+tjqg6YPhIngPEX7P8Cxpbl16mgAXT+5qYXVe/rq3K7yn4zP7TStqnwnT7Bu077VrHO2FU3sz7uBndiZqAnZubWYKb4hlQljJO+tdAWz4Vg2kedv/pu9uzeTDu3E0u6KE6+QumUJkEM0+1YvkW5jyAZEwlaAZK/MzaohWmjFXdcee0Hn/OaO/zeb975D357fsO60jvEtG2xk6+J0liTd8jKjiNrPuIsj5Mp7iZ75nEyy+lkuGv5Zx/68rkf/4YZ1XPz82hXMqprZ+NE58m8hAJvQoKUrAxlmaiMzQAQsA9KIl/ABvEnIegOTAOhIXLOBQzucQ58nN6QIQEfTPwxsjgceYdWWvEr4k5cv1f15/o98kVxOHc6R4SKd4QcOp7uZdIkwyfBXngeTtyJSqVSqVQqlUqlUqlUKpVKpVKpVCqVSqW6MSVWHPKAOz5jbh2WMJtmNBwtD0eDIRMnzShWGivncnG9ddggQoTCMQj2GM+aWEMbTPINwXpiDpqRqnQsQfaqnqMsh2SiYA20fgow7aTKvUOuWtsOfhGgoaor59cEiphg8KQhvEbWswVmYjJDIsdBHsYkUsZSrTSbBuQsFWJiECZpQlP0Oe/JtieLz/nDaDSom2FoAmYNOV/10OOk31/v/AKYHgRyN8GL5GQPgujYFXuYsYeiSluGD3V6a1+VcUtQwRavY4JpOTtj+2FkBGZ8e/1wJ2acqlhphWmqiksiRxXbhmJ/YCys2ON82WD6OJ+Uaw84rXlgSjoExt6sohaPYX8hx6eVkZMMUhhJT7HyF40pvp/SRUykFi8ioEHuFusBcl+1YqYtD0/eG9TNDz9x+s++9O07/eG97/B7d3OV77Y4D7sOh7Fb3iEw06cEzJQennVEM8PjxEwea+UjrtrOfBHq4eiMj3/jnI9/HZZG3nrTw+EYO8hXlat7TY3BXbRq4DmQosR4KpT+b+gaJ75PLnFxK9tAfwX+JvBgsMGT3ZNxOJsivWgbCW8LZhQshYcZPDQgd9Kvej7+WLEek3hc3+PHXkV/evFtxZMbG3DRzcJmXGwlZWEPKUeVSqVSqVQqlUqlUqlUKpVKpVKpVCqVSrXP5H0u1Er6RywH1s1oabi8PFwa1RjyMhqNwJT5C/w4fCYYoKy+Tlo+zBRwpoxNxWTHGT/WoMEJETCm8hWanGBuDT9Qz6k1fCApeWP4QwAJ4WgbacvXFCMjFVTgHVh6xJ9wk6ap2bglYEE0JU/gaoGzdDBhwspmyHxkyiRFAmF1NYS6afL5xd2WXZRBFjpNXu4Yg+CCOkBNkUajBndiq2oBC7D9uf7cet9bD6EK6B5QSfUfT9iW3isry0rNuQj3MTCOhax66UqnCiNXsNDYx7U0LDMl5QGmHVlOFqbuwZQ00T7kTvJOykOtTVWXERDHCLPbBy9ur5W2tDNSjibWoqGQ794pt+vMG7gYLBMURAs72NTgBETwdzN7PS21Yr5TeATN7nfbNhMGuxa//o6P/s8nv3LcySfe4leOP/yEW/pelba3k69r9A4xK/qUTLB1e3ascaeTsIZjrexuEmfsC3987nnfP/us0/9ncM32vq/m4wyKLE+cVjHvBmNtet5VPZzo0JQEeTt8XyMTF987SbUBl+mfOPmRJ4rMm3RUBOyk+bTc8wws1GHgiROyWYoRCEl+duBKwxCG0HgX4uEwjgedTqzH1ro45XvnK5Sv+vG1Rw4oFVmiOBpXjecfFyqVSqVSqVQqlUqlUqlUKpVKpVKpVCqV6sZWJjMAC4WhDs1yPVweDQYjDNZpmrqhoBknXhNFDTyHxYxVX9emFlvBYik7nGBmjKOsHkeqJLDGG07zKWvkUNAns0rlicpInAnVtDmjQaxZmgYazNPBkIkQOljDlLPKQTYZZMkcgZgEQKdSDlh9LUEHMkMRbxhD0ElGLnAHaLGChdq+R3uXuV6v73vzrlqISwgZcUDwjS3oD9zcrZ2LWOX7PeIr9oFyaEZeMGUdk50upqIn1yd3kndVHnBFVcm6o1zRTdiK2DV1NcAeXJHJknwKr+ncwJPbzT6WnaRHitsFqZeQFlpJaBHGYMyLx059Kztqbyxj2glish1ZjTG7rrruh5/8yg8+8eV44xx6/FGH3e7YTTc7YMMBm9cfsGXDAZv6830zw0Gk2GfHO2TW+omHmbyOYCacTlY7lgA5RZ4OnX+iTKYeq2zncHm4/art267etv3q7ddeds15Pzrvop9eGOqRIxIvjrZeqBdHNRInAHEyrZydq6o+MRzWBRfAOSTsEOpzwZLFk4XgTMOuJ8bItBtCnd/zJAeWg81SHA91W8JAbEM4C101NnrCFR0HiBGfwuTIKLg6/nThaZGMpswIxMUJZ35LkWVOfhrgW1OlJRXaTN3A05RKpVKpVCqVSqVSqVQqlUqlUqlUKpVKpZouMhmIxT8YhWZQD5aHRJzAqMYAGpAog7QyBIJFAGxLciSfipwGsntyTGHgc+6WIBN57J0qjRyjQIVPMK1bRAJeqP3dCjt5kNj8PtXWpYSKRiaAj/TXzQhCjcRJSLESrT9KyDtLVfD0VbY5aZ03WhKidVXBCqpgErQs2bqUfU61VoMVXqnk1k08bqwNz/f78+hRUPWt7wH0QuONqejQlKpjQ6ZY2i4wq6MU3AxSaOv2+dpmpmOPkIy9VDdnZxp90pIXdi+5kwRZ7YWgZQKmqmKoakVzkzV4k0xotrvDuHPJJFOSOZjd8COa0khL1JPgIMxWMIdAB6Vl6a7hRKEERwlTYYvLGEyT3k8Nx1lROa2HG4LwFdSj5pKfnhP/AN14gdoDNO7pHsu5Wc7QHEGJV+LEwTNJw94eTFLQDd/wTqgr6GRtKPiyxNkAfxu6bSy62uVW2/xVMGJ0ZNIObXBuvM8x+wb3G9BYCcRgyKZkG2os03SGLm8P13UIncSprY7zNQEodjSMk2m/goU+4PxqoEeuSxU5i1j0EQHEUEzjzMiQUxM1sqGOqHiOasIozfLIkARo4v4lTYkuPp0DNczZhn5U2AQgBWcRXgGypaLeYIcrvPaQDFEgOaLUYBvkUzj/jE8Mf0jFBqMDFPWD3ZM7SKVSqVQqlUqlUqlUKpVKpVKpVCqVSqVS7UMxI0GVYgx3Gdaj5cFgebQ8CpiqQ94fIPX5tngaxFyEnskf2+Hay9lEhliqG2I12mHpExMVvKyZzDAAABAASURBVI3VZ1uxJQjWU9vdQlvDTpiL4dIx2Oz+kXwsymgbBgBigTuKAnViOTQWcutYAwWEbfCxfYv1YlvQBOMn1Yb1OE/ROsjKBJJpDy01fdyl1I4DITVE0xSGDyDpPLG2O2yoq3E/uBA9TqreBu/nYjcY9CiIZdkeBuvk4rid4dZhswvNlEiSRJzwCbqxMy2MJfZAY9YTFsBO7GzqvruuGWAmkIrOeRYr7BV3MuNYeyEYt+OoxAAit1cq864blbJSj3MJHpjNSEQQpJNMnEQ6tslZK1DumT00ZGRkXgyNKXjUusSO0TKw7W6lETC1YVmhbappGRBJv+qOKhAnj3zcacZF48fhOy/kDKpkRUJvLBQnaADK7iAOw2UwJWMxbRuDWIukJrvcXUBInU1rIb0hV4NNhXBVSOyO3OXpsAl3G6dPConXkqTRyKVL1xdhjgINA/4fu5+49lxoD+SUJAFgJiUUgZimuEBEB11oh/RNnLYAhtAMRsZTXlmcxnrOVt71wKODCM6Ccbmf87RbpFViaxy3GA8bQr/25HoCDXUwYSW+xvmUzkDOnW2xeL6hs8NNG2vYyorZnWIsADQ2jXW5iI6vZmPF5Ac3JK4o/j0CGI1qujEao1KpVCqVSqVSqVQqlUqlUqlUKpVKpVKpblSlqm1oTBiFehiGdVOPmhGqbmK90mPajbWmNQJJj+XnOvfKpMLkl8nzA6CImXHO+l7l6Q3FKLAtR1tDt6mom7NGuFzu+Ll6bh20R8yF7uwgYOiZfXw4HzODGvQ4AXIZcRN2IVZKvXQoJ6fOZV7PDixWTFhYaGqCL9wbXB5PTii0ra8sOrhQMgSfWjy5hlwWQg117HQ0DAi+mneu3+vPOd8zjkxNgBkXKYgbNgaIlWHI9dYyvmOlS5Er7omFaA1czDR+yKzlYk7ZPa0oBflV9zkGhsziTkzeP199K8t3kzsxk5Yn+wY9kduhAEEqvnh0PswhCGBgTYsOALEKAgtI012njQyBWF84pggCBolyCsI42UR5SOdA0Q+8qTNtEBM7ixTUBGMxFrrc2OzOKTtSyC623TACShDDVXoipc1oy9CO54mDMJsV0voh8SvEqbk2HqhlbqDlXhj+wZs6B+Vw29goyXbaD+2SlD3E31npDwJ0kMCQu6Xha4ikGq5gizGWpxlpgmWsRS6unGbiYqy4gqB1R8urQCAsqelcI1o95KPI1EkTCc8lMu0VMB7bU4lFlcPLnkBBPKeaqJbYwDiL+DjpNE0Vmsqx5YmrDAwbU1H3eTQkiXMXbuninoy3PjbYo6MM+pjEYd6Le8afGfWIL3056HgaIGMpzPCJo92mIcyRS3SJxa9FCB4e79S3yMsE+hAPaIhZsY6cUDAHzsG+hMZUKpVKpVKpVCqVSqVSqVQqlUqlUqlUKtWeycaqnsMS3rAZDJtRHZoG4ksdZYgFobUgVY8DRSO4tsLL9dy2+Gdz0V9qoM6nh9klDIECErBkio+3c/CM9d5XPd+TSB0sLHIyBudP0GFTMV2wDuuLgmM2a2DSg70kbGltwM/aN5KkE//GKmkibrhAb6lw34IZtD2mZVDl1vLOuYLqwDtvKQQDi8HeWXowH8j2hBxMfIrgictDE88KjQQIqGkhDzwL6ujY61hajSVfV1Vzvur7quJqNnvBUHOCafEIT7twaQkYA0XMhM0vcnWkB0pbjHyBJOoEQ4ekUu7MCgku46Nn1hd42WaYsay+O7oQs76VCw17xp1MW7IXlieQXxNw4dLO4+XMFyXBVckRpxuzZFLWiElmGxZyeI2ZYlljktmHuKe4dBqpb9JaEyYlzeTOWlChPamJ4CHXGT9Fd2UMrLNE2A8QvAbGkCb2KyEzEcMRVLnFlo/WkgvJKkZAMmJHyqanFvP55pskWWYwkIFTAuEc46fPvZfaa1qcJZ2rQB1WUBqTMDIYO7Lsx5pEmvE+6DRbDiQNWcnuSZBKC7ukWa50OmkFLa80MWBBmmuLJdx6Qj1kI+AJn2kPpoEadDTB8B1vIc5RVZx7jI1zdh9na1uBibNyHJAe5/EAyW8GO9d5dsFCIi4E36vxUgoASBRUwCk/QKjroYt9i1MpBf5AuugJhoL8CjJE81RFI88W7kBI6NDZOyjGukqlUqlUKpVKpVKpVCqVSqVSqVQqlUqlutFkbQ3N0mh5eTQYGiQgRnXdhCY5kYgKDiBnYsjr7IK9Lf/ivBUrFVwqWlYVVzA9hur0vO/ZNpoCq6KxXskmDsBleGfteLnb2m5CRnr23yZAhHIdqOyNoElNuRBNPMlRhmaKnsh7lxqoJXMEU3RCfI07QYDGE2GAjbdG/AhM0wTHYAG1laxNiGXBCi2ddTx6DdKZLr6vB8uj+KlX9Yn2iEXfnvNY9TVYy+Wz4FMKxQlC2c6yq6fJtTXwdmUrX0ktHZK3g11xVzeY2B9kakHZltwJL7H7gjsxZnfRk6kHza+mYpMGbop45TjD51X4a7QZUEYMMMQBIyWN5IuXIAXbsiQMbnDzA0EJBQI2BVcJk43uginWsH1HyS7YdsQwz1Ec1PDwkYMKMkE8gxiCQEIDGN0KYeyus8GGPJNIeE7yLAK6l7jvEl6VZx9bclUtX8Y5NUzgpNHMe7QtuALdM27f8P1m0qRisxEURcJAGnWYqtXeh3n+QThD9sAzCFqCOEj0BzeEjToIpWPrlYB/Q9sqELDGFtcGLBQDvmBxoKWGbIc5sjnlC/gepw4gKse7lO2TIBfACxNX99BUgNE4Hsww4CRUIXcCcZ6uMI4HcGaiFB5C/ixmlQGFh2F0GO7XijtMPK2aL18Td9jrgQ8ELBqC/qAhd54GZIY3ecZNw8Oma8dwTAC0kSIY0eSIMGv2bUCWSqVSqVQqlUqlUqlUKpVKpVKpVCqVSqXaEzUWhk2zNBwM6mED9YicN0IQywB++DzgA+dlpbaETqYpVfyTSweXiLlSDRzXE1X1Kv5Y+cr7ykiFlwuoBJ2k5JCUbmMK04O2JWX1nkqrZKDAD9QD1zXRniQqNE0sXOKb0JBPCWQoQPbhbIvUEPTAJiq5lI+7o0PViK0gLmOFVcENnbNBiqKxSu2reFpkecKngYeNtVhsBudpAGEwgMBN1bOuh0YohJtgsRf34wRnyTCDlM6nIBLF5YGyS8QUYHqdPVMLaa+wfzAnohLHGFsu9fXkBzKVOyk0Rt2YNHC6XMvuoCctDpK2hWKIoiqwKWtG9pqoApvdHdhBJ90kUnbn6+CYbpBQFAstTZLYqOT+g7sLVjZbsRuMnYadjK0CXVwFrOn6ekD24kiJKDlWx2d+CYSIKNyGyKUjdDuOrCzSLQepV21ywShuPFvyVSAURjI1EtJCZoBMydjUVvroktGL7Yx/dHkyqa/J6ihnfmWoxGXYRWY09jVpqRtG71pnGzAt+WLE7MTmzsSzpithM9gmZ8vAmg0FVmSKxmb2L922wo7JiOjeL6VrSzkwGP7LLIecO6aGGQJBcG0PdkSMShXfm8bHS4vcie87V9FEVfFgx+AdxnviAMQQKQzz4SvYuOBwzvU4k1e24sYFSElMAZohEo4GZ0NgKikULj2mhFEsgXuYOmTTeKB9KXOiUqlUKpVKpVKpVCqVSqVSqVQqlUqlUt3oGhkYQl1DwGAdojFiNbCs/PFbri3b1hhDlMqdY8YRtuuyQB4PbYZGLHBWjjxNELLAZ+QxWaYobdOz/ki+BEY/sk0BCEghoEfhemBzY2yu1KPJCe4knhRBJwjTSMnaofVISs/AFeXQ4uEQ2sJ7LhrLB9x/wPwh2n3VI3iFG+9SYRprpHGrGn1NsE3YAkJeEgTDdha4svd9X/Wt66OBgPdUzXaUHeFBAnSSBYN0ZTYCgCKEZOwK2GJ52zOFS4ApStS2XbY/ISewko/BFO7EFE4QnXVWOkZasTysQCJ2xW2Kt1BuBjkBpUoxNULEWDSySeuR6QMhRT5X0WlUuEDmDsXhLeWSmCJgpKRApK2Qv+ZDGjv1UubUlgKBAchjgWiPxnZ2XhAYfG/IXcCoBLAji8TKWEjHTmFNBlzrTdJYCXrhAwWL1hWEcQhqA+lWzn0cZAkb/VgonFwgMTmlt0c+bZA/eLOHTo8Br4ZTjFweDymFJ/WDMyYBd9xgMJODsRwirvtN2lr2GgSAcalXkdFw2CHkBUKTY4B0WxvDjh9pR4nAyP3YHZstTQLd4W4zkyQWOGnn6caisBsJQQLCRkwyqLE+/hCwDVqSxIVxUKLTSYABQiQ1QnGAaWA9wuoYMXIWvI2TKsaLoSOJj1ceKTo+E8lpS4dmiKqqemir1TR88iH+DApB+BOchBNxyNghyFVLvZCtgFQqlUqlUqlUKpVKpVKpVCqVSqVSqVQq1Y2pYT0a1INR3WDxD6NfmiLTgwWz6vez6vIdgIEfpOfaORYOkTgh6IRcTxC1cGglEGQDqmKTLUnTGLFHaAvo1ghx0vV8YKMFKyYp9BnpGfIlaYg4IdeTYMRDAFyK8UkZFVIfTucufwpfEVk5BWjgg/rQINNC0AkV3MFZKb5TcTkWXdEwRgAT7Ny6kQo/er1QNE/le/15NAKgEi4vpMN5wnQcJMyFFgY6SqfmXIAI0y9E5k5S9wpYU5qhtHuwZnVQ4wZUavzUJo1zJ923U3eXtut8nr5ZWcHP1iJmtfaWO6pCf51JRiGWiu+O0RgcD4G9SxpwDdbraWuGCyihxIHwRY6JE2ctdFqMNJUVAoPuHSjvOsi0gem0PN1lhWz5PR0rxcHwHdCOC2lkIlycpLeEdIPTME3JPHzeBGgF6QG6SZjnSPdq7IVg8T7h295krEvYMYzIyuYi1jDAEizbwBjBE0KaoVxBHQU5e2kP37S0jQ0ZX0hsCJTXls4iSA9At/8KUqcYDDkLxqTbN1nCUEIQAWPZEMlY6UP2TMJFrgToCMgIZkxhYvRB6cvTmoKMYxhWZtR2uU2MDs8mbNHEbB83JXZvkAsZ4uDE0BxkEmmeNuAbbKCnzJ0+ND7gJnEC63kfDF8bIHaOrG+8JxMeYJRFOCSI22APo7WT6wniFw8q0Ak1N87axOnhFFu3w4PPkoaaDRD2q9lKpVKpVCqVSqVSqVT/C7Vz19JVV1+7vDxYWhrU9E+ZKpVKpVKpVCqVap+o8n5hYW5hfu7AA7duWL9gVPu3Rs1gyMxJGMU/7Rcd/mBNpb2xCBfbOjxkOaRMfOUwR8Z6z6V0i3wI1WSpQG0lgyZguRnjGmwh3rctwQsQG4IidASdRdCyhTxO6A1Fa7AxA5ap2a3EtUADlzJNyjZp8v5zlRm9WERBEoewFlyH2qaSv81JF2jtgmALv3dYIcXT4YJ+KoM7X/XmnJ+jinSF7gF4Ip4DcfAjGaiIxUnbHGta1xPT6fGZst0VIG1rWweXvH+7fxVys3fMiit1uJMx2cmVJ5dOXdi2IQEdKyEt462prrPztE9gKxyCkYA4IkZFMOwFkQtI7h5U/c8Pdc7BAAAQAElEQVSBR0IBeNceW0YQk0OQE32MIFIJoJjSojSGJrwhSsugZNTTDnoebSYzMWkTPrwgBLJygOIy0FaBWusoTshCC4gY8a0QlsXjHSXf49eenDfAhHzaRsAuPpPAEAV7n5CHhyMUzARaO1C/WJBTlZ5NJwAFIELfc0CPLbmTYMZxHehObnlas2l9Ac+KFCAoelW6EAEbJDe4kXH2884DcSlgyhgjcFXF3iRyGbAvbEjOH5P2U/yFKdia7vxFUwaY1P02m4VIq9NhoA2skQy0GgwNUJzz2IZpFNC8JrZvBPVgWHsiZub7vZ5pPJo0ARF0psKzc5RvxpfJFeggLueRRRlnMoy9q6SF6HyC87YRtyqCTyBZVwVJTTPQ2LXdkSqVSqVSqVQqlUqlUl0fuviSy39x+VVGpVKpVCqVSqVSXQ+qm2bHzsX454qrrr35zQ464rBDjWo/1nIsHNajphmxq0R6yF68A8zY4+WFppX7ctUZSgKDauyYr+Bc5X0VJc/ZU9WRDhCwZC0V9UAhOLHY7jNqwpCKKw45SSFYK2VTjNHBimVo6hFXLSEZBSTbDHzFh/ChSduKVYM1vIQMKdiAIMg6ZFsiRW3aCfuOmCAdJnxJok9w31ZKvVYsTMgmhRmD2An9uXlX9YCLtMiaeOkq8krhy0GpQ40QPPnb9NG0IUYuWR6kUr5pPUzytUnkQlH+neoj0qFT9gsxRrDiGqZb8191j/Q6jp6kzWfSJ9N2wkhGHAc4Sk22qajO2jHi8BhHTiWeRi2GJlk2ssHr7VMtHqCLFQkUhJ4eaIsTkkGFlOkhX2BnBcqRIJOkzB+U5xMm8kisaaETeWPxDFyO3YFiP9AdiGUfOEIzLBTuQ0CdUhwKca/Qto/cNGrnEpshNEkPU6bkXuYv4sSR4RjMnWL6wAoxgQcNxRk6y14ovMwK4JLmDBhLwrHJ2SWdflpfmJr29Dq9FlJajRXcJzEtLdECoXMDUdAQzkWB70KB6fAC8vnThEHuNsmACSEQhlfY1gYoqSvlzZTJSNgFppiwixtCzgcdYqBztyfLI1kMNGHnKwUpBwrJDiSHcGFDazEHRThg/JbGS5x0mziH4QYVmMriwO5jcpqjCTJ+FSqe0BOuQ1cf5DTxdnBC/tAIRLsUR3YrkAaG7UAnODiCPkCmUqlUKpVKpVKpVKobTT8589xdi0vxzYEHbN66ZdOGDet6+C+eKpVKpVKpVCqVat9oVNc7dy5ee932q6/Z9ovLrtq+fdftbnOsUe2vGg6WRrFgCE33YX5IlIYxRaREWfgHiX6Rr2iZzU/OUy3VcuGbS43eYxEyisut7WH42XuiTVIOhDAgaIviXK7P0hZcs54wbGhr1ugbgDYpTU0GJ0HSG9qW2wKOaVVap3BRHcbTGyCxHJnrkO1oTYoNQWZFMnmoNVzTdwFLpj4WnGOjqt5cr49/XK+PxVhTUbEXuwXrv4EBCz5HqswCH8JOIyGS5QlldpjZgmlLblouASDxTCuvNIUXKS/89O/s2IorbzNdHfMdUnXhErCpDlbPHcIOcTRTCpPxxANQ7T449PkgBMNKiA6a4BTDHTcPvAllLtGhPDNRRrJnnLE5gcQWbhXFeKXVwvQuKG5rxAwKloEX8onQ7rDcj03g2JiMcxTuQ2nugHTXpcW2RT7SESw1nD1V8JYB7hGmPzKIY1vGRWgUZm943wSiUIfiYmDWpOmeoExMZKjSPXcigITwSBOebb+XDrAFkJSALzboYAcOyH40iU6B5F8i5EgwtWH6DXeAHic0DPC6OyhoFXx12VXJemFNkvdK3QSa6TjbC6BNznGFN0zrZMKdR7ARWs7YziBP+If0Y3KhkVSl5J5Cn5s8yRkZaHEsOxrWGBVFlJINaC7lOS7M+xGCI/G7hgA+G997iy5XPNh5xKL1C13zprXGsUzciVkO8zmJzQrEnTAb1JsyralUKpVKpVKpVCqVSnVD6JJLr9i1uNSrqmOPOWLTxvVGpVKpVCqVSqVS7WvF37e3btkU/xx04JZzzrs4/gZ+6S+uOOzmhxjVfqlRPWpglB/Un163TxpDPYBpEWMyfkJVcSEteH1yKMH6JOMm9Ey+PL1vcwWZUhWapmHPAK5fe0cURpurk2uy/Dx8x3mFQiqoFIuP3Nf0qaZEm8AGC/mkEs8B/AR9LrCmb6Vsz34Vbdm74/4RKAYoF5h5E65yOzwWhkxwRZctAbDOGrDBWHKtev2qP++qPq3hqbcouCKWoKHINpEOhwQXYD9C9wKwKUZq3tSrNs36oyg1j6Wx2Glr7selXTulcR2OZMo3U76cuUm3e9YYrsOUlTVV09+QICnCh/iV+KoMcpGrCC9vaZHWKwPEZMMmsIgGc+AcHpOJDhptk0AO3XKdhXI7rNR6TlEx7W0GmdcQAoY9VSgmilkZ/kOuHbhhsMmqxVKklAxCYF8Wl11a2DZIgneIuRKYC4r7kSJgXNqfbS1voI3LEjhBLlG6OXlP5bW1zmTUwrR9J8AIUStgEqLBPZCgkzQT2DQpWLpd8UrS2k0jVx3PKK1VmJFAYvgk3qcxgTAk4jVMY7vzLrkqEZqXTowhMW5rYuHkbcgDIU1k0GWP0ntINF3apUQnQdq/2LeYHOuDDj3p9Kl5DQFHwNFKQKFHATOiwBkx1qE4HgzZgVCxY4ttLLB5C1TxpwDiQpi84x1lrRkM4iEzIJkohTshzMZZmy9FPhsmcmR5UO5EpVKpVCqVSqVSqVQ3tHYtLl962ZXxzS2Pu8WG9euMSqVSqVQqlUqluj61aeOG4465xc/OPv+SX1y5ZcumdQvzRrX/KUDDkRJcekzmBaUXiS1DOajG61IxPdt9OK5LU9pHZ3vcpassFhstJzlA9lSxQZATw6EzTjIzrOE8HVsgGEVoh4FOe4CXNVGBXlANfdOkx/y5VO1ssYlpGRq2LIDxkr8cl9eU+jSvmQ4dOhkmuDJ3SygABUcROeTv4nq9/gISJ76PiAkbACSmYAyJKErGLieZdA/nZrAm1tjZaIGwJvko7TdQ1uf3cS23BIb2Sqmevup6ZgW6AvJLapYZwxO6K3SO3VnQHYetMwcur7zvgyloCIlJ4a8t30I87uV2SlgDoyVUfMe6e2Oz04elfBbcT1M32UaE42mMHW871DB+nrD6BRBwjO89RCdwE/GlMJC9dfJaVngK9MKgu5ZhFIJIgiBdeZwiSWaSWYphCK1hUyS8F2ywkDsHEs5CriBs8cK+G2BTFItJCS22vatpFjPjUAIRHnhE37nIaDoiPWYp5UXIjPb+pyUFh0LZPThvcv8QuxbYpyaPIqDu4dgdPncC0cRoJUF3DYFqRG3kW5b73PGZZv6HyBK++fn6o5uTuDtBQnWK2a3zpnNt2ZeEmlUwa3la4LAwsBznxGFLvP808QXh/SzhJXjSwcS2uDiZOzRTqQMNkgZMjahfzd1O3ImpcFpuKGHKVT7+qaoKyMYkMNhU4WyJjiwhZ/9gswKfYboi8lPBrmLvpFKpVCqVSqVSqVQq1fWiK668Or4efNBWJU5UKpVKpVKpVKobRps2rj/owC1XXX3dlVdec9SRhxnV/icsi9vEfowX2sPs7ToAQa5zck6GTdwKlU69o1SdYmWQgjGVZbluSwVsJE2cvNq8n1xOt1Kw5Ro3bykZE00INeImDZVhKadHGi+uJLxhx00Axs+ntDXgN0WcUFi5aJ/sUoqaMxWwLT3Ob00F1vtqvj+/HokTW1FBOZA/Cq8pj/S7ZGci59eBRDLN06ELbG7+hHKdtvNJKulCF42tfz1XcdvuN3uhNaEnkJiMad91PyTAoP1mhW1nHS7fEYGyRkxFi7wMHdpXik0RSIReMXjEmNL9gymH5EkSa/A8IrnW7wjciHdIv2zu5LmTgUbT5M/yxs7q94J5YsCD4msIakBogGmrzGrhHQdBCCwkaShAikkRAjTYS4gtKaxpBxqFrTC5gQuQxQqNo3SeFJgTJGuIo4Vw3mhsiM3BnVGukDXJ2MUmfw8jkwLki+GceM7IScnRJc6nVEbqbAm2mfZkmb8I0q+cpuXqupYFbOdkBRNKd29yZ3Lx6joeYc74YBvHZAflgKU2N8nSQ25+xxFB2JMpjggE/QMhjHB5A5BiveQryM0XFgk6fieUQCSzCrB1imnv+kRN8exM3Ala1WTvKjAmb0hYHXW3Q9qIcsIIVAEf/+8cub8QNiUZT3Qm8do7QIgqvh81wYZhFXqeSBhH4W1CojjT8472iJiVBbyJrBP+Jhu7kJOVUicqlUqlUqlUKpVKpbqhtbw8iK9bt2wyKpVKpVKpVCqV6oZS/A38qquvW6LfxlX7oyxTHeJ0UnzREic+GWwUbMoYx9AyG7nq6mK9FVkTMvnIB0iBOpB2AqmQaGPBMdYbk3lCqhbTxlKsp2orv6fab8AKNtRNwzYnlImTq88gTgxsjiDMiUsGEyaVlaGgF6guKj4LbbW69LNIq0HqBChCdsoCKAdyOOd73s8Z17O2X/UXfLWABgGGfVyqYv+ZHsnWAzYlVljTGiZkRxYGUHjbTmF92gVOX9mWpZis1lrxspggE/YNKDLZqr3dXWtOkxZMWykdbfZuJt6lPi33t5biNjo8tFX+ynjPqIn0djbJQUTDYKgScHKMYeCkOAi6e/A78grhlJOioQwodFvVjVPhA4+3ugUs0gIzFlOFuw35nLHyb7x4Eznb3rw2LnRg2eonfosEBgFT6DJEsVV4iCa0h7PZW8MyDBE7IdSEh/Au4q1HgINjgoJAFDT0IJOMPAEYiqQJZKiU/JX4XqGztZlPC47nASYjuElxFZxgQHJkOKkH6pAYEZD7FthFpuyXhHMAnSM0LqX75NvSJFQJ2A+GCDmLhh+I/jixNLKMIPEsh3RcQMBHMnnIHiU2edQkIyloEvOS0LtgIbEpMmoQYiFbJ+PJAoYMpExwLs2kpCCmNbSKXBcZrGTAIxlDjMKw3Qi6qSCzhys5mUqzGQxwD+CIqiymBSFlEhzN9g11JF7iUDnODMNwJsSUXGAUiY8fbDN0Jngrhj92FIf6sLLQ7/n5Xr9y6YoT5+I83wdki4JjwAfYl3OSSqVSqVQqlUqlUqlUa9HiEv4zt9qcqFQqlUqlUqlUN6TWr1uIrwqd7LcKWC/mCisk2wCLz/VDfnC+ZRoKW4Fc7SMDAixMC73BiInHAiE6GODf1oEZj32g3df0GLzDNYlQcchhiFKKAhjJkyD0JCV6BArOiPXVOoyGoyH7nciGuT4NLeKSaAAu5nJWRA4SKlo2ccpT+Au2H7AC0ZA9gUnmAzZI4Ro9FXq9nu/NGTvn/Lz3C87PYQwFxXAA+RgYTvyxjNYY2RXtuOEic6qsZ8zF8emRNYQRUgQkgmeSI0kdwR/SCXe/7Ah4PTNVu0WfrIXS2Gu1Dh7jh4Mpn+y0r8z0DWH6YtlNQhDahZQMxYMT6+txpapYX3CLtC8ve7QEQ7XXwyr3cQAAEABJREFUI91cpsRHbLmftIcprZxyWtaPLyhNXUp2zJZ7ndin7bQoN0zILicni2M4DmrrggTLGPL44F3bNLKADVHSaUtyDKMa1jFPQZyNrID+GQF8WpumAYRwOKqGg3voTiGUixKvuMcJ4kgNyW4rAYKB9iozgGJM9pghT5MQ3ERvyNQAybQmdY/l6SQwmMLTASXhyB2ZDxYvRuBJLZmEmER8yOGDUD1o3FR0N0MjObqJzzUZInGsExmxAJ9aaiobgSSshJbQu3TJeVX2VLFplhQRDYPLXDt6Te5HyPlPNAZ444AZYo4db/hnAmYoOSMHaDETmSppH45JN0rkARkeYLyBQaiX66bnJGMtzvxomBUqb2kGpXnRgVGnE5VKpVKpVCqVSqVS3fBiU2XvnVGpVCqVSqVSqVQ3lHo9LEfWdWNU+6Wo+BhsW0k3kMAHNtKwRckxVye7RX5hNyyH4+DD7laqhbaspKcjSvkRY0ICPhMffIWxCgiepJUhFUUdZ44kkASrq4x1WGiaejQajkaDJlD7JXgHkhMJn0p7YN6QmppDMMwMBGEWkJG/TcV0myrjaR0CSKgHXFX1F5yfjzeBMf34ipYAJtuilOk2HcYAUn/KV7bkEMqoknYTs2b9shZpW+RohRPk4dHx9Rj/ek3HmnZoKa0Xr1W50vSLhF44mYTauyuztgu7r69+3p+Te4mgKJvoB54E5PakgZzmEj5lSg5i8kYsUJL3hkl8m9wMXqALNkVhUxPDmAI7hNA2oU1fEeMOaxPeIfsdhcbJLWUlMwdF2AtIjJErIaWMcRTUicXYJJuPYDjRCxUytcbLywmoSdfItZ0jRAjbNzHpF1Iz6H/WcZqScDRCprX0DNIotBG5t0yCZ9l4KvF37Zm3Dk22vX/4KkGeS22GTNJ8mc6ifZNnQRBQMLDLjmWHKbHDMcBxOfQTxeVeZ1cf3nXDTEwdh1MII9O4QClPFOTU98b5UDk0cPHEM1bOVPoPfCqVSqVSqVQqlUqlUqlUKpVKpVKpVCrV/qHEUJg2JYJk02PxxZq2Y4CQfEI4TwehEzQssbatUzqq5xZOJGlXPhYPKaCjQuqkwmJsAlJsl8OwVpwH0AWgwRidYEJd100zpKcLIJWX83P3Y8Ertij+dgrBe6rMGCSChtrHRXPvjfc9dDepCDqBHpgekyh5MynCl2pNO+w0OsDm1vMK6Y3pAA9m1nYz7UtuJO3BJVjTJjyAZyAYkF9Q13OHVG6iIm5blqJtk7Wd1VoQIm802VQ7nS1YXdM7RpiBRGj4sS/b8WWTrQ/ez6GzV5kFBCjAsBxc3bdwF1BECtln0PoU6WJz1BZYyb6yCUspmgqu9CYxaV4xwsSB7d7ywH4e0N6hVjgQbLNL55zGSmpfUufQ4g7kyUcEkrMJshNeblRMkSHMDj1ZEoyG+TPUCe10k7KGTBeQsgEche5YWaUNMwtMmATsMoqYEWjOccqPMWKtYjpgYJYrQcIMuEByOwnyDYX6pA2miI2qrAQjTQwhdo7BbzzzP+xm0wYAyYUCdPhJcxf3kOWYo9AITSMGKPFix0m0hsAAHttuDZqGfq5wbBIun6t6fW9UKpVKpVKpVCqVSqVSqVQqlUqlUqlUKtX+oESchMJ+Qx6PH19Tgg1YjuudjogT/r8wIpC5E6wYUlxD4BItPdRvvavi8srTo+vkjUDP7Ocjy9+AT79zSTugqNjdhKaO/2tGITRSxi+cS1LFtj2t/FVqj9kbd4k2EUVMDVLCRfZmwS7qOTfv3Zy1PbA9i9BJRWkneUuQiJG2ndKlRSAGhXRQmA9AeVFSCtLK7U9EijTzRoROoHhl7YPGwArvZ8fuFKu19MneQ0hTVE05OI8UOmY69vj3UyCT66V5k+qCUHasWZATcWgwcu6TDF6hRnB8A8MrlpN9wEHOQMFtHCfDGNMgR0I3ofWQdm8kJkoO37krkjcGOaPQ2xoNQtKdYY0pc4qkFznURzARcuRwuJ2RW48+BodGG8ZyBJcgMJzb03JaNKZ8fsvrBCLdiK7w7H8S79XC0gboXg3ZYqR0u5FAIerUxiSWJmFkYFpvGFqR43awPV5cfJ3pzmfGTKeTimsoFkqmpdXajk7kjRE6iD+5FkEEm7xj0jHZCAtRE6Fe0DDLmTwXWwZLMFGMFsW/GsMRaRTfw55UvJploMfTlU40DR0RrxCSiZQ3BgLYWEo4Wx4u97xSJyqVSqVSqVQqlUqlUqlUKpVKpVKpVCrVfiF6Er6zZHa1nh9355KoBN/4FjdhXwDbuh+ASVCGfBUrk957TozANy77IFgITbcF4D0Vsi1FShDOQSXjJoQaiRN8oJ5LwzkrYnXNsBJZo4Bq5dAyHYYL0OxZYb2vnO8517duzliK1LGVRcLGUdflfp3qTVC6LuRvpd8K/ofL6ik4ZOrJWDO2D9gnpMeeC0zXMGd12bHNZ31caV8FfTIbUtlzGoaL9NMbUE2FtqYdZx/QOGvMWOq2x6a7k90oCsTCdvYHkydJt2LCFxAtgMwZBMg3mOwITKakePZIfkpOOAtiMyR6iqcNKzEs6VNitZKrR4CAGTECi3CL5B1PS/Q2BG5XOjy98wEIryvolMylWcFPWuZDWgRk2ES8hHAuCL84OfN4Js6lLLK25yyM3XSJ62AvECOZMwEdPySfhzeucD612QOHPWDsxEDPEwCf5LShxrNJyJdTQtDaaVo61Y53GdMjQthwn0J5WHJaSeiMkRFkXKAQIduOafbGcWLbgoRN9qqhDWhaR6JFRiKtZhF3YQKqJu4unWPgICb0kMGdNhrbp1KpVCqVSqVSqVQqlUqlUqlUKpVKpVLd6OJQGmjNKFYqXqdH641rERPiTTBSx6cdJhcOKQNbftI/uyg45zGDh55Rp+KqJMVQ+EUoc3D4AXnhTMjjJISmaUZ1XYempqfvsfIsxd61CVpPlD0UhWYEzpHACipUQSwRYuW55338M2ddP74n6MRRAdelsw/JpwRb4iyFUbTmFy3IwqIquctJFWlhyaPYSWCo7A6bi+o3pvbo+DDlXa7br7rN2PI0rMq+gtV3sBfjpDKTLEj3ytGbMHa9p2rVZuxpZJQzLnSwCGthSquFLTF5oNLdaZkmQ4ujKo9s9EGCRE51x7MwEmSPYVyacRg78XSrlyMdulSIbd+ShYnlYJcUCxaERsjRMZAaToxDkGNby7ciTU6tuwjNIJzUBYmUK283gAZMbg/u02EkTkiNRfslSK11ReNlZmVEp4SQOoQPbtLBawi9cK1JDBEoaA8VJzzyZUFWpUkHRHDPMZExZY6gPZGHVbqKTHsYm+J0ynW9i5cGjacyHIS92hkW6YeFh7HT5HkcxoK8OCQIDxLwqoF0ICMuILSKID+M4eCVcRgqJNSOzaSOeNIw1hKCv348ilQqlUqlUqlUKpVKpVKpVCqVSqVSqVQq1e6qrcRPZEFIIVBCc4xLXzrLbgSOTU482wSAkCLCmtDj+03es/e+qiqO4ZGQm2CceJSEhjMkJKlDGJVYAm2aUNd1E//CqnBcr8a/LbcVN6H4hmBmVN7ziVBLQqcYO1GzXLF2zz0TrI/7qam2HMuunoqzsehbVb25Xn++6vV81cfyqOlhOT7ZClB/NEV7cpfaLulA4UO4ii/PoLwoGF1S5mNYm9KC+LMxpggpucmre0VgwvJkZYhkwhMl0yfGrIE9gsmdTH7b/Zj2WZk17Hg/0BjyYgu4qeztosGCGhQdL4AJtPFB0/YvG3e2tQIdtN8JkdXdQyi9M9IqztiWmGG+Lbmo4FxU8lbFUazJ9znzKNIgMNmthAkSQS4CG22Etu3ZAISIuARy4JRFrEbDeyO6IrAnSHJQMaV9CJ9+9oBxPB2lZBvTYfcq3zfE6GHOEENuzhcnhH95Swey3Z6TznGZdCPaBmgSZtBD+s7adv1GopOEymHopMvL5KAj4LwvTu8BaKeztJ6Ta8aOJg1IGBOPGCuckEMMhpsC1kgUkCQdmc4EJxZb1K5figlOpVKpVCqVSqVSqVQqlUqlUqlUKpVKpbqpq1MkTsEu7cIEOjh+Xp/jGRzDJmRbkuqcVp53l6IuiD+CkSf4MXYGmZMKmQkp3JZF2FyF5YoiZSlY10BTN6PhaFSPRkHIErQ8AQFl7IqgSEr/kEbsm0I/Ai4pJITrpc73fbXQ7y/43rzzFZI4eI6Mj3gooi06O7IwlQqZ9DUBiTGRz7AqTGKn7+omKFj941QuxE4unPJ+IjPGrHi4VZsn++RBV6XMp1Jhd/a+G7JrvMhdLsaw0UYHU7CmM/hoHZg65ApfjcSA8fwgw07O3nV6GXIgSr4rXHkWCckob1drCvMMS5k8hCMEeZObQP3e8340GnH7xHvDmBTuJa4Z8hdYoTqSKZMk1iD/ESg/BqchbA15MDEW4Rx7rRCdknuJHFTAkdcKkGETCBxBnBvke9gWAVuyJPaJGEclViytI+hJPKmqkrMnbxAk+By1se1L9EARVCONbOhcQX4TXAnoQXHURBNJ15P3S77wDYE82UuGARuJZhLSsLRsylfO5sHDfi4FuUKBSsihMDWXOif2WLpNrFxXQ0446UcT27YYY1edB1UqlUqlUqlUKpVKpVKpVCqVSqVSqVQq1fWvlv6gT8Urv8uVPbLlAK6jSmAMfgBnpVzYPp7OggSwkNkHZupUvvIei6chSLBCqsFDKvwCrQySeGFgNBgwcRLVJuPYwohldu3eFo/9d85yLyS+Jrhbz9VX5/rOz/d6C1V/g696YDxSOVY6b6Vn8SEnDo2VT3enmmpX+RJWX2u/Faz5I0zbtFjYWtqsNAYmfT32gNfhWyBuWKFdRdmijq9O8uGQe+SG1WxsKVMP48vHdwDlZMG5MdYyI+HzyeIdYoNzJUDi+WY3U9tFSVEwyUqJXxAI2iKTQ2magojE5k0b/+Mlzzz6sEMe9Bcv+Nk5F9DkRD5MCd5AUsKZNnyKTDoCsxQc2WMFnaNMGDyJJpjjjjzsuX/+f+PCU1/z5p+fdyG3P4RgMe7G8X3uDPt9xKmN5zICQ4Bif/IUi7CElTQfMLYlXxJwQpsbRlpMgvzo+9BwHxDvAvDYx53ye/e7x6nPf/VPfvJz6h78Ltg8nAJbP8V12T4KMmNi7CgIx2Hy3tEkhQgWak+T7K7oXGxjZJiiDww0Yi9C9i1kFAOMocjNAzI0+BNlo9lOZJocOpEomD9GP0usyfeLlaYy3AdibYI/dAJfRSdN39NQKZVKpVKpVCqVSqVSqVQqlUqlUqlUKpVKta9l8xPlRcgCe2xQBd2z3YBFXxMsETrjbII6bIuAtG4HFGTDBVb0RIn/876iHJxYw8QSJ73ndBlgKwMs/WJVtSGqBb8ejUbLg8W6rqkVoaVfbC7eysP2Vkwl2hQOSu1pH9sfow0mg3V2p6scpedgvI6xfecXqmrB99ZZ1wPTo3UqbpjlAikVpaljnOlWX6nxLnU7L3EFT818rF8AABAASURBVJNbO2bcEbIDQF4+C4/IGBDsEUJxI2kvcJPx5VB86rJVq2xIH1auandNesa0crzO/qLJMQFrpmDK257vS2CPCkY3mKOweQRO17SvoPTnYCuUZIKCFASCFEyFQCjuJLj6mmvPufjS44642Z886Lf/7p/fyEichYpNk8QySDahe5NnHb4tIaFi4lviyUYl3PlXbvfq5zxt44Z18at3/MuL/vIF//St7/0I5z8KqOGYGoaaSkui+HLAls3/56EPMBJYxvCEnDAzFGf+7NwLL/rF79/vXmPnnn1ZeD9f+tK3/+d/ziTDFsduJjTthc2bNz79r5/wpCc8a3kwIG8Wd7PDDjn00IMMwiINHxFMiVHJnXDBhZded+02w8lo2LtgOs4/TAshLNOg10uJ/liOvoHSdaQgTiAfMI0hkD9CmSRDmfwzBoOCqKG0a5cGk8QsJWhRfsakRloxQnHG3kRpOpVKpVKpVCqVSqVSqVQqlUqlUqlUKpXql1c2/TEpwEBKx/ScPabGeEfOAU6gk+7WmZbAbdgFALeiKJ5smgIBWvuUVJ908pA+Z1kEzNRpRqPhsDA4aVGYbiF7KkoBhbXJ+KvdK/gi1kIr2rc3tlf5BfQ46a1z1ZxzcblLzI0tyumOjuo7O5HWTDhKdPwd9rCqOp2CuGnUZ2G1JasSJ7D6++n9szLpsqqyiYOojNfJqTrlsMi+FKUhSpi+232kIqVpbPeQOSYr1hy8vlADfDd1xmZnB45uuZA2MImlgjavp8WsZkq60HU/Mz2RkIONG9bHe85ATfE3ReNojQ989su/e9c7PeRev/Gm9522uLiMU5arrHeEsVkiFpr499LSYNuOXTingYM46ZB1E4e2xN16I6k9v3f3X3vpX/1pv1e98q3vjrPSXz3h/7zhpc/9h1e87iOf/qK3FYfzmOC8z5NmAuGC2bhx/cP/8L4rnOynPvOlpqkf8uDfNSvqvPMv/u73fuR9hVgGOPIdCW9+6/t+9eQTjzvuqP/7hIf98yveRGyPv9/97/nIRzzIrKbnv+CVn/z0l2hejrN5ZQnPQ2olz8MtKlSAb90IHTDg0rehHMHlLEOWMXHiExrHWT5Q+tKUjjM8S0KRF2Q5SIlGTgJ7ZEveR7D7+O5QqVQqlerGUtM03vuV17n88ssPPfRQo1KpVCqVSqVSqVQqlUqlUqlU+7FS+c5xPgO/p6fNuXzsBB+JpUpnK+epQmghPesuERtif8JkiONn1JFVsU4yM4oqoaTUsAUBVRgDPmCP/+46GCwPh4MmjMQCxeaqcqfJHGQx3SyB8iHSp2D2jbjM6en5/8q7+X5/oeovON83tipQElq1MIJhzIbFzgDddfPObYoBab+eyYrM/s7OWH3/DqPYLYJkt9Zf9bShWGvGUaaASjAGkIytUk1Zv13FcgCK7RAnxox/7EIhLdiywpvMAPCb7gp2pW2tABz0JnlRYJoUvYG8NxzaoRxNKQ3L85nZtiUBilsvLW+7bexDGvVyIFt4LhkevgDPedwpD7nHXcyKmuv3Pv/WV66wwns/86Vnv/JN5MFUoVmJk3mP57K6DvHy/MmDf+9Zj39YE8Lf/ONrPvzJz0EIl152+T/+3dNf/Dd/ccTNb/aaf3uvp54hYMKwTUoyY0m9aMzFl172mje/K4TGcKSOTRCfgUsuveIXl17+5D9/DrMZ8dBPeOzDT77Lr7zyNW8544yf0ZSLc+6FF1221Ay9A5x1GeML6GXyvBe9+u1vftkpp9z/81/8+je//QNrm5+fc8HXvv7f0oUAXfIOddvb3PKggw6I02td13EaR3jDNTYFpyU/Eul04NwcNqNqmZMgMwmygS6P5mBN4otMDkEz6DflQHxwZAf4tytycSzPdk6IlnT4kNKoeAw0Bkmg7JcS6EeTR5zFqFQqleqXWCH+FP6bv/nxj3/8whe+8OSTTzZ7pF27dv3Jn/zJgx70oEc96lFVtc+M6F784hefdtppsWH3ve99zd4ptvDBD37woYce+oY3vGHTpk1T1/nhD3/4uMc97g53uMO//du/GZVKpVKpVCqVSqVSqVQqlUql2l8lFUMJUJB4A6CQHIepOhSRg8QJllfrIIVgLBfa9ol4YU2SYwI+f28J0RBXAMylyDk+XHlkIqXhWB5jQ9MMh8PBYHk0GlIVGGvYyTTFpEo/tzU5MpARApUiWVytDOl9W9/sup5M7QRffs+oSKy+hhBkgXX41vrK9/v9hV5v3vk5JE7I1CHZnLQdauXp/lQ2B95f3r9rm2yLmnxRS4VgJzGSFpCYUXWdPEOp2MJKvMJatc/gFZj9aXdxEzODMimv/gqbmFWOMg3YgWI0WWOTeUPgKJCxqgbfUSGV46FLhMxUNvjprrnCG999s8omduV1oN1b9j5iC4tuw/IXZRaUlWQcUwjGMl/KY5Vo2JQ+sYmliO8vv+a6a7ftECuNdldmCpwmM4/s4YDNGw85YCvQNAOVdxURE87KSaHNEs5Vz3rCwx/7oN9dXB78f897+Ze/8e1Y9YrffPhTX7j8qmvf+NLn/H+PftjNb3bIs//p9XGqijOBg8oFT7MkHYW8QobUomu27fjoZ78EoY77ZQqPJlCXB83l/30tDpcQmtD82ZP+T1z40U/916WXXE4TqXdx72hH0mvQf6U5cPOmWxxx8+uu237hhRef8fNzXv/mdz3tzx77vOc+/Q8f/uRdi0sf+vjnPvyJzxMFGBBziWcSJJOMEbxX/fPzf+fed8fvmpqgFuhMIEIO0dAkvxOgiZsADyGQ4vxIAWlkDQMIlKR5TUZT+7MAbAFUddi6uFmwnYtWxlRB4ppSDzGNklgdStUBaS1ovo5KpVL9civ+B8BJJ530pS996T3vec8eQyef+MQnLrjggo997GOPecxjLr744re97W1r2ep5z3veyitA+58H41peXv785z8/9asNGzbc8573HFv4wQ9+8LrrrjvqqKNmESdRp512WnyNvWFUKpVKpVKpVCqVSqVSqVQqlWr/U4YgHJX5LJZgfcItnPibWEnIsfI4f0YrKA6n60cgWTpYdLSOkRX60kjpF0zy/EiYS4MFUtPEl6auh6PlwWC5rmvaJQB7mYwX31lQ1Lqh/I4jLorVSr5jlf4ojsUt4DPz/OB/gFg19r7q9/vzVW/eVX0jXgCmEzIhxIkt43JsGz8E6WCdTBdZoe0ZM7bb6afOvEMXQLGTaAasDi7sFnmy21qT0QqsuGRV3KR8D5MQi11hEzu5fI0aPw4bhZTQictjdOo2v5SycgPIRzIxWlltGtFkAhbkcBd686/v+vA7P/Cx0Iy6FjMATZxNGrbpIObNW+fxlSiJuPgJD3/IC/7i8fjo9GhooEcHRdcm5+lrgOOOuvkLn/x/7nLCra6+bvtjnnXqj35yZtwnJA+OL3/7+3/w5Ge+85UvfMjv3Ou4o27x3Fe9+Ydnnu084J8gviDodNKE5SZwg4dx8xBnVUA7EeuSo0dieNhgxJp4jKOOPHznrsXzL7oYQGZch7SLrwj9iBv92l1OfNGz/uzzX/nWM5778ibAW975weOPO/orX//uzqUlYLOVFE0kzlK26Lg0ACm8rMHVQzymT5AHU1HZYcZm6xGb+l/AHOnpsUstwAhdoEwmUQKSNQIUppU72FG6bsUlDhzOFjuRvbKoeWLaQh47AgjF62LV6kSlUqlu+vrABz7wile8Yta3/NPhK1/5yq//+q+vsJNnPOMZD33oQ6d+9f73vz++PvzhD4+v11577Uc/+lGzBq0Knayg66677h/+4R+mfnXUUUeNQSeDweDd7363ofScJz3pSWPrH3zwwaeeeuri4uJnP/vZ+PFrX/vaT37yk8ndxs557GMfa1QqlUqlUqlU+5O2b9/+xS9+8Wc/+9mVV165bdu2I4444pak448/fuvWrUalUqlUKpVKpfrlkxTu2rSE5GIi1InHoi3zI04eMaeSrjFlMdEwbELrJABFaqAJV2GWQkxDgIuIoQmjug4mFlGbUT0aDtHjBExwHM4D40fpCibeyCdL6R7WFkVSuzp20kFapAZq6dl8sn0B9nvp9XpzVX/eV33rKqwnz2gdn3THTKCowGYmgjsTUvgGFBsDQInSTBdMZ0VuUuVYWG3h7uEmZqW1M/HTXRN2nwmZtlYe6NXsjWDm1r9sYs6shXrWlvBkYRp7xMSJEAvoDVJD09DqjugEc/dfu/NTHvWHH/vcl9/x/tMEXMCvnCRdMbZghGxo4rZxhaZB846Ad/H6hXVP+z8P/pMH/JZ37tyLf/Hov3nhBRdeDPQQs6Nd8Qxy5rkXPvBPn/HOV77gDrc67iOv/8cPfPZLL3nTu6+5Zkf80vu4dzxebOUguYbUyLIEHhTe2XaepVY95o8eePtbH8dTwNYtm7fv2PnyU59jErD2gU987rs//ClZpMSZ0NLZYvRMTbFFcb/PeO7LreCBrskgC/4f83jIbgRnUHQWCTKzBIoxa+IZQ3C0G3Z6STYteMEawVQoP03sTNhZpD0G8ymJsSKLH+pdcnGx5LESyKiKJ7LW4mcMH+xCYsBUI9q0AJsGWb50IGwL5I1rmDpQVCqVSnUTU/yJPBqNtmzZctBBB5nd11VXXXXdddc1/CvBhL773e+ed955GzZseMADHpAXHn300U996lNn7fCv//qvzb5QPJ1HPepR+eM555zz8Y9//PDDDx9b7a1vfevVV18d31xGGvs2ViYMWaEsLS3FN+eee+7UY9385jc3KpVKpVKpbpr64Q9/+OEPf/iEE06YRdCydu7c+b3vfe873/nOWWeddeSRR97mNrf59V//9cMOO8ysQe95z3s+9alPxU2e/exnT11hx44d8ReVs88+O/57593vfve73OUuc3NzK+zwiiuuiL+fxJbEVt3qVre69a1v/bu/+7vz8/N5he3bt8fWmjUobjv2m8xgMIg7P+OMMy699NL4a1tc4V73utfNbnazqZvHf8759Kc/HVfetm3bXe9619/8zd+Mv1WucLjrtRtLnX766S960Yvia3qqclynnHLKy172suOOO86oVCqVSqVSqVS/VEomD0x4cBoMOpT4lAxjue7JK/H6mTsx5BaQvEu45m7F0YSqzmID4hLz4YyYquBT6zBq6sFo0IRYR23qehTf5NAGatoYOzHVxxraSI+9VSi7gqu3XFpF4sRXla96fSZO5q2tQAIeeLVOYympxzJlwguKDuMV7MrUAq+zMkCRr4l0+fi+zP4qWPNXq6xZVr1N67Iwc/2J92s/3Kwd4muDtgvsNgF8K1RpDKXhPnH46dfsetUaD7dvxk2isYpgnhSqtdqGUwTJSIM+UHYMA1zoZUJOHX///z32Dscf87NzL4hLDC/H0JvKOjEjIkjF5UOEBmxFLJk3D7n33f7usQ89YPPG4Wj0L+/4wOve+b5BrO7wFIQzYc+6ij2XAMIvrtz2e4992pMf9YdPf8zDHvo+fh+yAAAQAElEQVS797r/3e/6r+/80Fs/8MmmoWgldOlwfPXjDhpjjzn6qH94+pNSP0i3vPxN7zrz5+edfKcT73uPu+aT3LRxwx89+H7547d/9JNv/c9P4p4qpF5yYhjUIfAAAs+MC1InkOk86zlGy2ICDs63ziFnwqZTcV3yEkEXkgY4PkduIhCQxGY+j71ZrFgp8detbQ8fLIfrBJw9EWNxIGsgbgPM3cn/0vW37RSfZnq59kLkJW8Tfm+IYGypSCIKvftfAW6pVCrV/w496EEP+ou/+IvJ5bEkcNvb3nbDhg2zNnz1q1/9jne8Y9a3bHPy+7//++vWrcsLN2/eHEsXszaxM35Z+bM/+7Mzzzwzf2QK5NRTT/2nf/qnvPARj3jEn/7pn/L7rVu3PvrRj85fvfKVr4yv9773vct9fvWrX33b294W/xvpDW94w+1ud7s3v/nN8Vx+67d+64UvfGFuzGWXXfbGN74xvn/Na15z0kkn/cd//EdcOe7n+c9/ft6P996oVCqVSqW6aeoVr3hF/AXgYQ972ArQSfxF4pnPfOZYtN/69etf/vKXP/nJT17ZBPTHP/7x4x73uOXl5bvf/e5TaYm3vOUtf/u3f8sULGtubu7xj3/8a1/72ql7fvGLX/zSl750165d5cLb3/728beUO9zhDvzxjDPOiL/SmDUo/v7zhCc8IX/82Mc+9pSnPOWiiy4q1znggAPe9KY3nXLKKWPbfu1rX4u/ev30pz/NS+KvVfE0P/KRj0xFT67Xbsy65ppr4i+Bn/zkJ2Nj7n//+8c+ib/mnXDCCbe5zW1ip51L+sxnPvPOd76TT/YFL3jBxo0bjUqlUqlUKpVKddNX+kfV/Mx49jSJFUqXq482kyQTYiMBMTghZiW9SXEyCUjJVUouiMbf8kej0XC0PBwNmzDCKnLgyr2Ulw3X69dUmx8r6O+Vl4S0j0/OuQY/o91L1eshcdKb91UsQFdUv46F0FhixcKs1JStQBA2/at1mf+RC67lP2bbvOF0hZUgAGhr+9O/LXWjMShruRywhiXjy9tSeFoOq+9/Km6yZ0Ol3Yqxh/RWnE5cWikDQu1QtjfGxVjLMfdVHR/3I2hEWbyxZkUuaJpcugcQkLjqmh3nX3rFjl3LODchT+Gdr+Ix7v/bd7vD8ccsLi2/6t/+EwER56yvXNVD9ISoFIrHqncNhpdecfW1O3YhFEaz2+1udcyL/+L/nnSrY+L7L3z7+8/+lzdeeOHFgTNx0C3Fo6EGXi5xOuFbbjgc/etb3ve+j33u1L964gN+625/98RHPvL37/P81/77F77xP/FoaI4UhKqIe9mwceN97nby2Fm96X2nETuCHfFbj3rKhRddHOoRYCgPepE85uEPecEznho/NFYsXuIJ1NRpAWAUGmgQeOv1qlsffyzBVo7No/KYoxM2Pzv7PLYbMTbPUET90XgFojfIwgRoHndGxisScmSzZPGRnJRqZDl3xwp2KBcaxL8EcDbEhbURPxOOVGKkhTZFfsR2xkEaFvLjoZ1DyzmSl3aHTPw4lUBUqVQq1S+PPve5z8USyG/8xm/8y7/8S8lVxELChg0b7nOf+6y8+ZVXXvmlL33JpGydvVQsEmzfvn3Tpk0dU0f+LyZ6JHdpaSnWIWZtHltSVVUJu1xyySXPfe5z45snPvGJd77zneObWDWJFYgvfvGL3/3ud2M9g1f7p3/6p7jbeLIcMPSYxzzm86T73e9+K6AzKpVKpVKpbhL6+c9//qEPfWjldV784hc/5zloiRp/67j97W9/29ve9vzzz//Od74Tfzn5sz/7s3PPPfflL3/5rG3jbxGPeMQjVvgV5c1vfnP8VYTf3+52tzviiCO++tWvLi4uvv71r4+/fb361a8eW//5z3/+C17wgvhmy5Yt97znPY8++ujvfe97X/nKV3784x/H317i6eyud12Jenz2s5895ZRT4r8U9/v9+JvPne50p7jD//qv/7rmmmse+tCHxm9/53d+J68cj3v/+98//npmyPUtrhz75Iorrjj99NPjr0lxqzFq+Xrtxqyzzz47tio2+/jjj3/7298ef48tv11YWIj9c/LJJ//xH//x35Lib7nnnXfehz/8YaNSqVQqlUqlUv0SiBAPeueSSQnWa731rbtJWtV0XAtQnLtDKTzs8pDXsJmlcEWeBAfMAD05H/87YjBaGtVDw5VPKooGrKlyjZQ3HwMypGJdluwhjJWwpcrvOg/Sr60zOnyEDfKIvkO/hN5cr7fQ6/et61HgjjigAFdri2Pb8V2a7A1j2hK8Sz4o0F2TbEtMAapYkwu+7THyscZ75iak1ZmSiS9mYSKwtqPsJW6yBv8U8uAI5H+T43Uya2LL9zzKb2CtxWYEVm0VD8dpu4WxIzgw3YNmq5IVZSePyIp9+9I3ve/U1/17GA3QzgS88464E/+sx/9xXPEN7zvtmmuupZbE+cij54cTpxO+7/7zk19678f+C0Nz0A3Fxbv375/4iJNudcwlV1793Nf8+2e/9LUPvvbU2x131GqtknP4ydnnP+hxf3mPX//Vl/7Nn93yqMPvfufbf+6r3wPiOtI8YqUXjHnNOz/wkte+Nb552uMf+bdPfDRhLdI1O3ct7VpcOv6YI3/tjifENlx22ZXLI4Q94goNDqdgKEqmASZ58A3QhL1xy+aP/Ns/mxmqm+Z2v3kKmqSYFtponGkktkxmyvjWyykFhkNMolsofIfXBAuJ62LnkQxZQceXCWQEEYtiE8KXKDyT7LBMYWpCJAwPlWyP1ZKKdMgQqLGcWMamN01Yy3BWqVQq1f6uWNv4rd/6rVve8pZXXXXVv//7v9/lLne5xz3uwV/d6173uuMd7/j1r3/9ta997dOe9jRe+O53vzv+6/z8/HwsFRx++OF3uMMdYnFiqjP5G9/4xqZp4j/r3+IWtzD7SP/xH//B7u6nnnrqRz7ykWc/+9n3ve9948ePf/zjpfXImM4666xLL7001k42b96cF8YfavEU6rp+3OMex0tiHeKv/uqvnvWsZ73kJS/54Ac/uG7dum3btl144YXxZJ/+9KfzOlVVPfe5z33MYx7zj//4j3e9611LH3uVSqVSqVQ3IV199dWnnXbai170op07d66w2sc+9jFGJW5/+9t//vOfP+SQQ3j5d77znYc+9KHx94RXvepVf/Inf5ItRsb013/91z/+8Y9n7fySSy758z//8/jm4IMPPv300+NvJvH9cDiMW72GFH+JeuYzn5nX/9rXvsbESfyF7bOf/Wx2E3nb2972+Mc/Pv7eEk/nX//1X+OS2J74K5yZrbjbuLeTTjrpYQ97GC/ZsWPHIx7xiPgvxQceeOAXvvCFE088MZ9p/HXrmmuuia36n//5H14Y/zngsY997Pbt2+O/1773ve/9oz/6I174vve9L+7km9/85sMf/vBPfOITN0w3ZsXGx99LzznnnNir8Ve10mlvUre+9a0/9KEPPfCBD4y/Ur7uda97ylOeYlQqlUqlUqlUqpu4kNhgsxLD9AnxJs5JyQ9a/w4u3PLD5V4KgilPR6gKKSxyfTdZphTwhKXn9a0JTRgOB4vLuzBVJwA/SY8VT5cMQyDD7jAF5JBCdsuUQHrCv9CePAZPtiSOq6Zk3hIbVFnre735Xn/B9+YoNMfnqin5A1D+Bm7pTMvKoAlKWRJNaUTjzSzqqpNNkVXMTV1rgn9W+Ramr7nGfbZv7Jo2nNzD1OXQWUcumbj0VDM2JCsfGp0AN/y1hb36mmW7l4M3lCUFQ2WnMS5rpQRsdyMHpolvDjlo6x1vfSQ0dWhqw4aoNAX9yq2PPfaIm4cQLv3FlQ+4D1aq4s2LuIn3xiWHEkQXEFxB4gTge2f87BdXXB1vvxf9v/f+/j1P/td3fGBpcTEun5/rr+vWb4ibwz2EDIkkzc/346T25W9+515//KTHP+IP3//p06md6BAFthz1MpfhobFX+Oo3EGoQjgRbdre7nPSPf/PUP7rkssuuuNpk05EADZp6NM5WebjVgbgLWwWaPpomfON7P8pHi6v7yt/1TvhvJXUzcuDJ3STBIGRzEpj0SAhHENMTGp+QLF0s5BPgibkE4ULrjSV/i8WVLKAfDBwLlJbISdMxyT0GxBeInVeA+RNIP01kNHEXAaMmxJ3wjB9gTRCVSqVSqfZz3Y1kqFzxnve8Z25u7h73uMcXv/jF+GP33ve+90tf+tJHPvKR73znO3/t137trne965vf/OY3vvGN69evj/WMww8/PG71W6TJ3X75y1+O/4If3+zu47bXxw+XeDrxdcya5bDDDnv961+/uLjIv2bsJJ188slPf/rT73znO3OVYvPmzbFPzjjjDCZdWLEg9MpXvvL4449X4kSlUqlUqpuiXvGKV7zsZS+78sor17Jy/AXJ0K8E//Vf/5VRCUPYx1vf+tbf+Z3fqev6da973f/7f/9vctuPfexj8autW7ceeuihZUpgVmzGYDCI/5X94Q9/mImTqH6/H1v4jW9847vf/e6rX/3qv/7rv87/cHnqqaca+h2mJE6iHve4x8Vf0r75zW9+/OMfZ+hkw4YNbNI2VW95y1u+9rWvHXDAAR/96Edzskz8veiaa66Jbz75yU9m4oTP9IlPfOI//uM//vCHP7zooosYJo4N/tGPfsRNYuLE0L8v/PEf/3FseWx23MnZZ58df1+6Abox6yUveUls1TOe8Yx//uf26aBrr702Hv3zn//88vLy/e53v6c97WlLS0sf+tCHNm3adMopp8TfcuMvfnGTBz7wgUceeaTZzzQcDuN4WMuao9Go1+sZlUqlUqlUKtX/blkpFQou4ihZh1gRZ4oIhPyfGD6ZSXehkzY+x7aS1diQo24arjrGYuWwHg1Gy6N6SDVgdvYQiIRqj1K3zNYgRXtLjACKszAFoyGP4rffmt3oDpDucAEwNMdjrM5cb27BV/PkmFDRGaXyLRdMpZW2e8A2HwKEobHFt2tWh1zZg+33T8Gav1jR3QRW3UeHO7Gzt5m9B7OSx0m2p2EKCtqVZ0AnohvpItpVTt6uHQspt2IXEehYoLRWLru3RzelRTTnxMafcKujX/e3fzpzS+de8XdPNWvTn7/4tR/+7Omx6T8567yf/vx8aBo6hL//454BYYhEQzqTubn++V/GqtUx9/jDwWAo9zwEdgRBriXObgBveu9pzlfW9+IkCrYwjEl8HKSQGpkX0LEkpCWh6DuiZIS9w4Qay6AKSFqNST0aN27o3dJg8MdP+XuDCAuCI3HTDevXnXn6R+J6dagRjXPeJcMVjuzheTmugH4veDhnJ4x3eLZh9rBY2vB1aWe75D4VBC1pu86iDxTYZPBjBbOyLZYC7JQCMoXL/UPd0YBQgOVdKyE92HmFZ4pKpVKpbvIKIbC3/IMf/OD4+qIXvSj+0/+9733vgw46KP7zfSwAHHHEEa961ave9a53xWrBa1/72lhCiK+3v/3tiKDXagAAEABJREFUp0bMxH/c56LIVJ1zzjk38LOkn/rUp8aydbLyI7Dx1GIB5tGPfnT2dImKnXDhhRfGYkxsc7nVzW9+c4ZU4j/u74f1CZVKpVKpVCso/nBfI3FiErp6l7vcpSRQWfe5z33iLwk7duzI/h+lfvGLX7Cb2hvf+MY3vOENZ5555uR/9b/vfe+Lr3e84x2ZAM6Kv2DEbb/73e9efPHFX/3qVzn174ILLvj0pz9tKBCwJE5Y8Ze3+C0+qhgCA7Wz9L3vfe+pT8V/unnb295W2tEx8HHPe97z5JPH44mf9KQnjUYjQwwEL3nve99ryAHuyU9+8tjKcQmnAsV1OMrQXM/dyPrRj3704he/+PDDD/+Hf/iHvPDss8/+/d///bPOOiue6Z3udKfnPe95sVcf+MAHxn0+6lGPOuWUU7Zu3fr4xz/+Oc95zte+9rWpv9SddtppH/7wh7/xjW9s37791re+dTy7hz3sYW9/+9u/8IUvnHDCCX/3d39XrhzH1Wte85qvf/3rP/jBDw455JD4y+ff/u3fbtq0iTs89kbcg1mDPvnJT/7bv/1bbOr5559/4IEH3upWt4q/PD/iEY+YvLKnn356/A02XtOf/exncVSceOKJ97///Z/+9KfHS1Ou9spXvjKuww3+9re//bKXvSy+xqt5m9vc5i//8i8f8pCHGBpgsYdjP8TuusMd7nDXu971Wc96VmaSVCqVSqVSqVQ3CVFJMfEi/Iw+EScCSQBkUKI1NaHYHa4kui5uUuw2hSfQRywRkvFH3TSjejgcjeIfxFBkZXl8PR2KC5dm2m/yU3gCKyXpvD0YMHv2lCIAIzKcnhNPr/K+35tbqHrzxvZyJ0lRlVoqWTm2ddCgWmrurbznaafTXbRCBdVOvLlJqesI0l264iamxDhW32iatUn+zq5126kfZyyB1t8krdNCJ2HmgX7piuUpNaqrtfRhsY/Zy2WzS6+45j2f+SrZZQQiE7D773WXk4642cEXX3bFF7/53WzLQRSFM87d9tij7ny746+8dttnvvadgkyz51x0KdkWOabumLVDF5D4n9DBU/KN7D9frNCMIP7BGdITGeKF1WBHJ+etrfDV+w4P0UIbAFDeCWJ5wm/bs6UZuJwN2QLE2u7GgmLIiiHEPmnQuAqvhM02JHVTO1yK3ElIN1OQpDOyPEHALs1XCXzhTkkjm38QtM1LLEi+RWU2FO4OEkLIzlcge+AvnWu9r6AE82iTdDqWHE0oaM0lPoX6wCTgb9W7WaVSqVQ3LcV/N7/ssst+9Vd/dTIKJy6M/3Yf/xH/O9/5TvxX79e97nW3vOUt4z9bv+Md74gVkVgAuP3tbz+2yamnnspPyk7Vzp07v/Wtb5kbSvEf/WPBZixbZ426+uqrH/7wh6+wQixsxFKEUalUKpVKddPR8573vJIxjZX45eXlqWvu2LFj27Zthn4dmrrCwQcfHNe59tprx5bH/5p+9KMffdVVVz3mMY/5oz/6o1jLn9z2pz/96RVXXBHfPPCBD5z8NsOyH//4xxk6+fKXv2zoXxKe8IQnTK5/H5JZTaPRKDZpMBg88pGPZNSYddFFF51//vnxzROf+MTJrY4++ujSOyQ35m53u9vWrVvHVr7tbW976KGHXn755bHlDJ1cr92YFY8Vz+4Vr3hF5iRiG+JvgPHXuac85Smvfe1r45K4q5NOOumSSy4xRbff6U53iq/f//73H/GIR4wd/e///u9f+tKX5iXxt+XTSSGEd7/73b/9279dQifxgj7gAQ8477zz+GM8blzyvve97/3vf39c2RC7syp0Utf1s5/97Njb+Z/44n6+Qfr3f//3T33qU957Xh7bEH/lfuELX9ikf9yPa36RFA8Xf1Evs4pimz/60Y/e+973jr/Gx0sfj8LL4wiMl/Kd73znr/zKr9z3vve99NJLefnnSV/5ylfiEVdOKVKpVCqVSqVS7W9KVT3rsYLqvGuJk2krU55M5k8ScTJWRi/rkVx1xCyJuh4MB6N6FP80TbA21Uy723YfrYeykN/Zt6zN+1g5TCdMrWhP88/mMqmjQ7p+/Lfsub73FUdHQEmcdFoDXZuT/GefqhvGUhag93OCASbIkakrrYh9rFphHqdMiuELU/snBR4Zs7KZyhqV258OVs0AS/jWCr8E3El5/yRLir0hAeyKH3FiOOvci57z6neFehjqAb2ObnHYIX/0e/eKX/75P7z8q9/8ruE5yXuHjiMIhXz0zf8UF7767e9/y3s+TCiDYy4krmBc5VxF3IgD8DQdecJZGDoBQJIj2PwkB2IoweXcMO8Td+IIpojv2TcE158jA9Idu3ZNnMTYTCFvxTjKMPjnrHV5gzbCrNwUEuLBTRPEwzEBY5xPyyWKrI37sZRFZm3AtWw8byDoxAnf0vY8sSKGURWEPwRBoYbidyHlQ7m2e4ofCtxiCC2uEl9CSmgz6ZaxCW3hU3Dpm8DmUTY1C2zBuahUKpXql0rxX/m5kBD/DXrsq/gfD/Gfod/85jcPh8NYb3jlK1/Jz4DGf51/5jOf+bKXvezpT3/629/+9iOOOCJvctppp8V/1+73+/e73/3GgIz4z9zxX8DLJa9//eu/+c1vxvLGb/7mb5rrR7HgYSaydVgXXHBBfs+1kO3bt+eFORgoli7uec97jm0bqxqf+cxnjEqlUqlUqpuaDiTlj3b2vw7Ff2j4/9k7D0BLiirv16m+701gyGGIIgIuUTEBhsWwAuY1IboomOMqK+KKCXNYREHB+KnrKroGdI2IIigqBkRFlIwgEgeGPOm9e7vOVydUdXXfe9+8gQmA5+/zTr++1dXVVdX1Lvf8+n9ipD9uPOIRjxh+N8b4hTAok9GIPvShD8WY/f3ud78TTjhhXOW//vWvZWNk5bvuumsM9i9btuyqq66SPb/85S/j65Zbbhk/d8XvGS699NLf/e53sQE777zzgx70oPvf//5uFjrmmGP+8pe/zJs3r2QpcuUucSHXXXddrPy8887beuut99hjj4c97GFlL11++eWLFi0a13LHHxR/+MMf5pav0W7MOuecc+bMmfPsZz8774kfVmPlj3vc48R5xfGnu+c973nxc2/8tvkJT3iC7Nxrr70cQyedCt/85jfHz7px4+EPf/hLX/rSbbbZJvbS17/+9U996lObbLJJp/D1118fr+7WW2+Nn4Hf8IY3xI+OV1999RlnnPHVr341px+ajY466qgPf/jDcWO//faLn8z33XffWM9HP/rR01jvfe97s4/L29/+9ve///1xI17Ii1/84tjnl1122c9+9rN4+LnnnvvUpz71/PPPX2+99crK//SnP8XL32677Q4//PA4bWKx97znPVNTU6985St7vV78L4J4mbG74rXEy4wf0X/+858fd9xxb33rW53JZDKZTCaT6R4ievAc5eH2SqK1EnOM/wXhc+6dFJ7np9T14f5cQ3rwvEya0LyJ4oAArj89mJpeEX/6dYiKQUUPKVCvyRVQs/I0tcad9XCb0xnkdDgLomFWJaQhmh4CfG9icnLOvGpiAsEHecyeHU06niWaZkiNHrq4CawOtGBkFWXSCZyZO4HOgbAmstXPpBKQ6e4dV3qlxfKbOFQy78WhKlq1IeKo/SvpnJZ9TbJcwJREBQqnkxlq9Jp15e5JnuT2jsdIEPNlp1k+nP1pfE/CSopA6+0GthBPkfjTcxDA1x848pVzJie+9aOftomTSbYb8fs+ZM+H7vFPt96+5Evf/C6GATMZYmtSqSVJxQwK25wEwiOQ/iEco6YMOnUsXxeeJTy8ZIYicN4Ecye9eEpxOuGSnn/CenPnxSMW33Jb66q4ppbLaHYTcTDB+/vpgQ89AGAY6ENooyTZ8ISurCKWpFflNse1tqJnUJoTYlowtCrI09a71rKiViy0NKdbJZu4NHRKA3cpgoiZ86L+gPbtj61tIUkQ9YaI3R3074/TFbfooHyh2v61u4qZTCaTaY0pfpu8ePHiRz3qUfHb7XK/uJTH76/jt+fxy+jDDjtMUsX/9Kc/jd/pP+MZz/j73//+v//7v/GL9RhImDt3bnxrxYoV8kV5/B586dKlHegkRjh22223co+Yw8d4Rmf/apQERcrYkqiu62c961mdnd9hyXb8Wj+GcOLGwoUL3/nOd3ZK3n777QadmEwmk8l071aM2R966KHj3v2P//gP+U7mwAMPLPefc845b3vb26qqOumkk2bIThJD+7Ix/ClFtMkmmyxbtkzcUKIuuuii+LrDDjvcfPPNT3/603/xi1+UhQ855JBjjjkmfqZy43XppZdKAsQjjjiik0pGKo9fKmy77bave93rOpDH3nvvfeKJJz7sYQ+bZctl/4033ihfNK/RbhTddNNN11xzzZ577pmNQOLn2C996Utx4x3veEeZlWaSn1B69KMfnT3wli9f7iiz85yywuuuu+6jH/1o3HjmM58ZP+7KUbGFsXP22WefbGeS9cEPfvDWW2+NlZx++uk5WdJLXvKS+GHyjW98o5udrrzySnFkiR3+4x//WJr0wAc+8ElPetIee+xxwQUXfPrTnxbo5Oqrr44f4OPGs5/97Ng8+Zprxx13jC2M5eNkiFUdffTR8rE8K37gj+0588wzpT+f/OQnx0547Wtfu5Sf1/r2t7+dzW/izr322uv888///e9/70wmk8lkMplM9xx5cS3BlGCiwT5EypFUkkSiefRc38usSfMRmgtKjDDEf+lx+DoGcqemp5g4qekZ9sSyOAkTlxYJbSogveZzhnSOsdYm2IUMsGzsUNniH92mYkSczJ3bm5hA1+On7z26MoWO9IqEWF2yeinCtwx23GniBHOTcXzQ381CI8wiIL+ubfRktpTJqD04w1G4sp1jq5iZNVmlwUMO6vOwN9DJ8Clh6Py4MpeelpnEWlCLMxndadgu3tqeZa/NNPVKHEdpFpTUNJIRhjiPKt6ReMCjH/bYfR68ZOmyt3+YUv8ycdLzvQnfmwS2+nj9i54TXz938veWL1+heXCqXhXfjWXI6YSQEV+JNwlMTPiFm23M7iZky0Tn4+2JlA9mu222npqedlBVExPchh65m/hq0Y23EDTBZidBALrg5s6hqNgNN9/qXJM57En/8ug9d9nxWQc+Lv5y/Y03uWY5pdetF24eX69btLikbBrUBctcNHoUFi4+KCYrDJ1g1UtHU6ocWbzk6KBOJ7JYUT8jr/vxcHovn1b4Dq8WNiG4BJToyu1lEQHNiSOzFGUyZ06kaarmFpLVPo1u4HaF4qTCkggVA2ye4hR08dIViGqKYjKZTKZ7iQaDQQxdxC+1O1+IxyDHi1/84vjX4+EPf/ib3vSm0svkm9/85m9+85uvfvWrMUhw4YUXnnvuuccee2yMCsS35s6du/nmm++3335PfOITTz75ZLe6Fb/Ql+/f43nja2zDT3/6U8eBgXGHHH744WeffXb8Bj9eSI5DOP7zVjqc/+1vfzm1cUkAABAASURBVJuamtp444232GIL2bPBBhs4k8lkMplMpiEtX778da973UknneQ4D078yJTfWrJkyfOe97x+vx9D/vGzxwyV5FyE49CN+LHk6quvztCJZJ+JH2Ae8YhHXHzxxeuvv/4ee+wRP7DFD0XT09Nf/vKX44ei8847b1xtUe9617tWrFix1VZbHXXUUZ23pPJNNtnk3/7t377zne9MTEzsuuuuCxYs+Mtf/nL77bfHj1LxWn72s5+JNd1sWu74Q2asdtgUJGu1dKMoXnh8LSFmMZLZcccdO1C14DVlSiMhSDoA9H/913/FvpqcnDz++OOFOBHFD7pf/OIXJeFRVvwg+ulPfzpuvOhFL8rEiejII4889dRTTz/9dDcLvfvd744fRx1/xC0hmDjo8VP3y1/+8niiSy655P73v38sGXuv1+t97GMfaz1Y5dxzn/vcOBm+//3vx7fe//73d2Ca4447riR4spnf/vvvX6ZbinXGCzn//PP/9Kc/OZPJZDKZTCbTPUfZuYSpEQ4HotfgYHIwqEDtT4BTHHBmECgfdfcAOTsEhTglFEoVhn6oB4N+CPWK6RWDuo4boHkcclASmc9o/E7y7iKEnx+zd/qofigj9S3nlbwv4SAldIJt0gL08f6UNCdQUgc/QR4n86veHAc9hxVnSqkoUovUWSVxkjsg96X844YsW8apEzzFIQqiaynTvUo3q9phVP2dMmtQrUGcqczKGzMzYnJXWZOVIRPt2tSEIZsvoDpDcFC9N+r4kdATruycazsTz+wmleBLcv86nfZu9WhkjzCs4MEzC+Hc/Plz3vO6F8Xt8y65fMGC9RYvrsSfyPcmBTp5yr88/FEP3nPJsuWf//r32M6kiu9WE3OgN1n1JqDqiTeJWKfEerbZavMzPv62GVr1q5M/N3L/PoccsWjxrV7ANK+Y3oL1KOns4ltu16az1l+w3utf9Ly4Dn77J2f+9W9XCezC79MatO2WBJ1ce718oZO8QiR9T2F4Ag09Bxl6SxSKOqPk7DzZfaRLB/GvMlupT6kpec1KDj55Ysf9PtEfeYzINqZZotjAJCTvk8TZ1HnZzacGV04hAU1ypiBqSUq0AwkuASYiu0e5ld+tJpPJZLonKH6nHL9Mv/LKK7fZZpvFixf/5Cc/+fGPfxyjC44DCfGL8k5imkWLFp177rnx++sddtihqqr3ve99MSRwyimnHHbYYdttt10s8PrXv37YO/2MM874+te/Pnz2yy+/PL5+4QtfkCQ4HT3nOc953OMeV+7J3u+iv7DcjNppp50OOuig+N39t7/97dLaJP6nV/xGXrb/9re/HXzwwY6/cP/P//zP8mIdP6d7zDHHdKqN0R1nMplMJpPpH0/xk9KrX/3qv/71r3H7QQ960EknnVT+p/prX/vayy67bN999337298+cz3yccslRGNY2UZOfhUu5Kyzzoqvb3nLW972trfNm0cOr1NTU694xSv+53/+59prr40b46jf+Gnna1/7mmMvtwULFnTelcpvuumm73znO0996lM/8YlPZOD44x//+OGHH17X9aGHHvqnP/1p/fXXn2XLy8YPa3V1o0jSI973vvfNe+Qj4u67714Wu+OOO0499VTXhk6ECNljjz3KkqeddppjLxD5fFtq7733npiY6Pf7eU/8gCpX+qpXvcoN6ZGPfOQsoZNf/epXji0A48fszlux88WcRmwCxefmKU95ylZbbTVcz0Me8pD40XowGMTuLWGaOC4dBEdqcymtUilhU6644oq78kynyWQymUwmk2ktCzj9gZicUITSKTwCLZJD0lJQ7A9BcyJ4p2l3kj0KlGkbOD4YYnQ1fiM6Nb18etCP/4FAIXlAfVy+LT0glJ8kV2qMMTZYD+0EPK7lo4LFCdRHACn/hLi9xG++exNz5la9eQA9iPvpQitOUOEKDidXn2K9BMj4dOphw5ixV9IpBWn/8LXgqJIjDhilMTiA2gq4taOV+GfM9uCVeZzMck+zDbM6qZu5AWTxoBl21IynN/7gtdXja1Jr3SfH6b3gK/E72XjjjX5x7oVPeeRDHvGgPX77rc//8YJLvvHDM757+lm33rEcvN9umy2POeKl8Zi3HvfZW269w1dkTFJNzPETc4g7IeKE0/SAkmLxaqb7g3MvvdJloi3xbnEBeOAuO8atcy+4hBKDZbDDKQcSlzhHjk6BFlNl98K2W9ADNwqdJH39ez867ee/WTHdX7ZsBS8rLq1RdNR2Wy288eZb43rZJBBLi3BjqtR0RrP+zJmcOOYtr9P/DueVeXJCp1+8FsoGlBYm15xSTktNpt+51SG4JhcOaOYbJ0uP+pooaZLW1DbMUq60Uo3m8nH5GojLSg5XCNhQKwITJY8npkoQEt3IR2mVLV8sk8lkMt0rFMMMv/vd7973vvf98Y9/LD9gxD+7X2XlPUuXLo1fXsf98QtrcQ1ZuHDhBz7wgc033zx/Iy+PwHZ0ww03nHPOOeMa8DfW8P7HPOYxnT2f//zn47nixsc+9rEYDDjyyCPlAc34Vf7xxx/vxigGYH70ox998pOfPPDAA4ejLFEnnHBCTW6Q7lvf+tYjHvGIziXcdtttI4kZk8lkMplM/1CKn4KOOOKI7373u3E7fhB6zWte88EPflDID1H81PSFL3whftg46aSTOv4Tw8rxfjG3GJaAIJtttpn8mgGOl73sZfFjWy42Z86ceNKLL774N7/5zTe/+c1rrrlmm222Ga7t2GOPHQwGW2+99WGHHTb8bq58jz32OPnkk0tvj3iZV199dbzSK664Il77IYccMsuWl40vtXq7UbTzzju7RDOXbeu08Mtf/vKyZct22mmnTHXEpp544onbb7/9c57znFwsfh4W+5Mdd9xx+Fyxc3bddVfxVslXJBv3u9/9hsvvtddebhbKJ91zzz2H342jnNMPxY/iUvKBD3zgyKoe8pCHyEacFSV0Ej+ud74rz67pnXRLZaucyWQymUwmk+meoxSLVKAiPVevb8kbEprNMVYvEAOiTzFRKVPTR8FQS4gw1PF//cGAoJOpqX49IF6Finn+wIj5GfwhobgnjGc2OFuEq2cDXKzU5iKHTTlrA0z05k7OmTs5OddBj2LIFBf2jJ6kC6Vt9Qdo2tMJ6c6awB5XcLbH32XJp3dMUWC3ZrWuWJNRx6JmC2l8cLAoADPXpm9B4VTCoEIJnXSdTu4lrMk6E4jzhiRnIe+lRYtvPerDXzj6+C8c+MgHHfyE/fZ94G4P2u3+7/mPl//8nD998ydnveygJy2YP+9Hvzz7G9+np0PE5oSy6kxIbp2K8YnkHsIjeMONtzz7DcdgPaj7K+JrqAdxNYsL2UTl/3bmN2OJJx/2GiJC4sFSFXul0E/V421lJWQ53WpzcnBdfOttJeNR1+GmW27jlDc+rav8hoPNNtt4j53v94fzL05l0z+KxYyckoq2TfR6hz3jSSM6DRO2QkgHFH5HQznUOMkNu1SlEiiYW3JK0TQ7kjgNxNenfaqi1U3NKG1o7j9iThJekvqe24hQ3p1MJmJuMg6bNjn75sFkMpnuBbroootOOOGE3/3ud4GJzw022OCxj33s/vvvH7/XPvroo6+77rpsn54V/6zEaEQMFeQ9++yzz0pPFOssnx+N/31y1FFHbbzxxptvvnkMkMRv+f/v//7voQ996Cte8YryqOFnN7fYYostt9wybqy33nqOozVSJgc/Rmr99dd/1rOe9dnPfvbUU0999rOf3Xn3j3/845lnnrnpppvedNNNMeDxn//5nx/96Ecf9rCH5QLxW/iPfOQjnaOWLFnywhe+0JlMJpPJZPoHUPzv6A996ENvf/vbxerskY985IknntiBCa6++upXvvKVcSN+kBgJK3S0cOFC2bjttttydr9S8ZOJ43wu8uvWW2+9ePHiuFG6smW95jWviZ+p4sYFF1wwDJ3ccMMNn//85+PGYYcdVmYbzIqVy8bhhx9eEie58g9+8INSeaflbpSk5fGDZaeqNdGNIvmcWYIgu+66a3yNn/GWLVs2fz5Z4V522WVvfvOb42fI3P74ce6ggw664447Pve5z2V3FsfpcpYvXx43yvySpe5///uX5xLYJX4cHQk3x8JuFooXLojMAx7wgJlLXnXVVVJy2IWlc8brr7++3D9ymolmCfeYTCaTyWQyme7mAgm+Jq8SyMF4YU+KR+4hPQXPT8AHIUhS2JYCgD7GCb0f1IMpcjdZEUi1pNThj/YNRwLpYfkhNQzEKl3ESktgrrwIAdMlImcLAqgoDD3Rm5jnqzkxiusoxxAwV1PRa0HapPZrFRlbWfPQxmpQKz/G3TRqi+N/xdFl0M2eRIGRuztpjXDs4a29OKoN6QSz/O+l4EyzVAJEUp4dF+/aqf70//34lyf/4PRtttz0oCc99uAn/stj93lQ/HE8vz/4qS9iPeAbvEcpWnyPfxis8wXJIYYaDR4BxRm7dAY0FlDQYCvN2iYAG26/JT1Pc9Mtt6bq+U0+KdMmfnLO5GAQrrzuxvMuuaJfh4Ofun+vV538wzOk5B1Llv3tmutvX7pcllnXeFDls9BrLPbitx7jMGCoE/cEulgL3qHeJ96BL67CjeBDMjGDTZ/wv+IEo/5XxTtDdwVzQdCkv1E7kwJ3yRmp9J8mZVCiUAruJHuqwJCHypgGmEwmk+mepo033vicc86JX8Q/5jGP2X///ffZZ5/8jfP3vve9+EV86Rzu+C/L+uuvPzJWMbM2ZeVfjz/++JtvvvmYY44RB/jddtstfk3/mc985rnPfW4MP7g1oL333vuzn/3s73//+w50MhgMjjvuuBhoOeCAA77whS887WlPu+iii17/+td//OMfzw+PxnhJ6dYuysbyJpPJZDKZ7t1avHjxIYcc8uMf/zhub7/99h/+8IfLhH1Zf/7znwXCOJJVvnXHHXc4Tp6yySb0eMxBBx306U9/Wjhax+n8xKijVPxC99Zb6QuNDArc5z73Oe+88+bMmTPSTiOTCvGTTPxQ13n3Yx/72PLl8fsNePGLX+xGKRtdlMYYWdtuu2380HjLLbfEyuOvZctH1ibQSQdxWEPdKG9tuOGG8RIuu+yy2GnCIh966KHvfve7Y5vjp7sjjjjikksuOfHEE5/5zGdeeeWVP/3pT9/znvfUdf21r30tXlF8N1ZVnkgM8Nx4quaaa64ZLr9s2bL4wXKY3ugUHqd4rGzMzFIPn3dYAie5ISrlHvG9uclkMplMJpPprggk94LEHEMrFAmaVKeJs0KKs5LNA7ocfZXUOugxVjAIg+n+1PTU1IDz6WA6JoUXZw4U3okw4ip9ZG0+4XImCQrFMnBS9apJqOZ4P+GwV9feVxShRnFVAUFxOkHbzqdl7+5RKomTde1xMrNbSZHCpk3JQLfAzPUMT5TZ0C2zUUlKNUmQyv/MC63SsIqzvGO+Mq7I2v1vtybt01pml5LlCa8rXo1GQrj2upvWmGzlAAAQAElEQVSO+8xXz/jl77547NGbbbyhtPCHn/vIF//vlBO+8PWbb1uavGZabhpSrH0zcIocrDzZ19QEifgCGeGMPHLSuG6o0wll/KHsMJiQtljhA3a+b39QX/73a8BDiXnE//7/1yc87tWHPOOzJ59y8ik/ff/Hv4ghTPSq5//rgcuWrzj5lNN32XmHbbfe6v9+ePr/nfpTMmipeorIwPASA/EUP/r5bwk6Ibxv4AgGdK60NImN1HZ6aR2vyJiW/DyK6Z+QzEzA5bQ6zJEgJOYmQVm+7MmEhWS8T5ARKLOCEXjolOxReyUcQb8ooihMClN+xfzG0JSzbytMJpPpHq+FCxd+/vOfv//977+MNTU1VX5RLg9rHn744UuWLPnIRz4Sv83vHH7ppZfGPys77bSTWxWdffbZJ5100lOf+tS99tpLoJOoF77whaeeeuo73/nOr371qyWesrq05557zp079w9/+EO5M/69e+9733vBBRe8//3vl0dU439/vO9973vuc58br/pTn/pUjK84/kJ/GDGRsIfJZDKZTKZ7t0IIz3nOc37605/G7Ze//OXHHnvs+uuvP/MhOblMR4PBQN5aunRpfN0hZXj57W9/O5ydMH4+kf9sf/jDHy57tt9+e2lPTV+adr+gyKBwdkYp3/rEJz4RN/bbb79xH9ukcsd2dCMLSP1SefwAOX/+/PjRMbZ8uGRsnrApueVuTXZj1qtf/eqjWPEjXPx1k002+cY3vvG85z3vdNa8efOe//znn3jiiaeddlps9tFHH+3Yi+X//b//99KXvrRzim233TZ+blyxYsX5558/sg1ygVnSq7Hr4mdjcViZofA4xSGYM2dO/DR+1VVXuVFXLTYz973vfbfbbjspeeWVV46sKu8fySeZTCaTyWQyme7F4sfonSQKUQuAZHziAVJuBd0lQUPPZekJeCYx6Hl68jmJH+wHfSJOpgeDfk3uJhS/pPhth87wnKuBgoczgxqYflwRmPQawUfeWEnUEcpkDEWlPtdJ8eNer6om42uMIzucdL7HfgQEo+i1kirXjs7SWzgS17gnRUJBbWpWAzYwI7mCxesMBdIvuHL+A1YPazKbE409HIoIO4bE98Po9Dr54BnaPV6zGaJ19MTAapxDK1dGe0AJBiJBfIW+2mSz9Q8/9BmHPf3A+Pu5F1zy3o999gXPetLTHv/olz/36Yc988lf+s6PPvGV7958+/JQV8nECek+J9Mm7ExQuiL5AoWNTHwBndASSQxHzwsOwjCH08w6TQs32Xj9LTfd6Jd/PH/p0uVxx+TERNy50foLXn3oc17+3H/davNNly1fUQ9kxkD8b/X//q833W+7rb/wrR9MTU1/4dijt996yw997ivHf/Z/1UklOVGVPQFZnryYOIFQxUhGUAMRJUNAWBk+JtuMoLRTecNAIJQc0nK7wgYzxIZ8QtAkR1iak2Aqn+4LHDXBhVhBSBBJc0npVgLMDkLgsrlWZ2o3BUwmk8l0j9fuu+8eXz/96U9//etfj1/TD2ef+ctf/nLbbbflhy+z4p74Pf7k5OSvfvUrN2vFqt7xjnfEr/gPP/zwcn+s581vfvOrXvWq+O4JJ5yw2onsiYmJzTbb7Jprrokhkwn+YODYtv373//+HnvsccABB0h8IioWe9vb3nbkkUf+4Q9/+Jd/+Ze454orrnjc4x7nTCaTyWQy/ePp2GOPFVTi+OOP73x66egRj3jESAgj6ogjjjjrrLP22msvceYQvnbffffddtttr7766h/96EdveMMbOof87//+r+OviZ/ylKfIHsmZEj/JXHDBBdmPLevPf/6zbJQJDUWxVUJpvOhFL3JjlBOy/OlPf3rMYx7Tefdvf/vbkiVLcuW9Xu/pT3/6V77ylXhRS5culaSHWWecccYNN9wQN572tKflnWuuG8t3v/CFL3zmM5+JH1Af/ehHxz3xg9yll1569tlnhxDiHkmg8+QnP/nGG2+Mjdx8880f/OAHjzTwix9E73e/+8V+HgmdLFq0qAPEZJQnlh+GTi688EI3C8Wx3nHHHeNJR360Pumkk2T4Lr744jhYUvLMM88cWdV3v/vd+Bq/7Mpgk8lkMplMJpPpH0Qg2RAYxPCS/MFBThvjGjcA0OAnEqWiwUvQh/vRhcGg7tfT04Pp/iBGUweBop9YPkovYUo+bmRDcPxGUUhCpanKfBFu1JXlkzXx8JwXh6CZKgTXq+L/JnsTc31vgsgSpIAyX6v4AiBfMZRP5BffQrc76R4bA129phWcRwlG7p/hoFnsce1g85piTWD8W2MqzE4nckPo/jHQCYyswq3sTHBXS6w+jZwuaxQ9aSoXMiIws8Z2GfPnzX3o7rs958BHPn6fvXpVFd/4+EnffP9HPxO/B/n5r3/30V3u/5bXveTxj9z7pQc95QX/euBXTvnpJ752yk233EFLgq98vOFTshtG77zkp/GUUiuRcaGaqPR650xOUhPiVwITE1BNxiUjEyfkdIJAuAdlusF9H/BPsfxPfvNHOfKIFz83vh769CfG14uvuOqj//ONb576s+UrpmMjNtxwwafe9fr9HvrAP15w6Xs+9vm6rg9+3du/cvy7/vOlh+yx8/1e844P9+u05Omy7NLarMSJJt+JbY3rGdZ6+/FMjHvY30Tul7DTdpQMmIJ2KWOYRybraAnn5T0TJ8zkOKmKXnzAuoWJEBoCIZMl6NLfAj6Ud/rmpkjjKCgK59vB1k61TwHHCFD+q1NM6lZiMC3g3RqZbiaTyWS612rZsmVHHXVU/KL/LW95y7Bz+MMe9rAnPelJp5xyyjHHHPPGN75x+BHeu6KLLrro2muvXbhwYSZOvvjFL8av72P44W1ve1uncIy1xHY+85nPjE117PgSw0KdMvGjzrgv+k0mk8lkMt1r9I1vfCO+HnzwwTOjEo4zvOy9994j3xLvtA022KAsED/q/Nu//Vv82HPaaad9+9vffvrTn57fuuOOO7785S87BlNykpoXvvCF7373u2+66ab4+s1vfrOsP/7H/3HHHRc3dtxxx1122aVz9p/85Cey8YQnPMGN0QMe8ID9998/tuTYY4992cteNn/+/PLdj3zkI44R3gMOOED2PP/5z//KV75yyy23vPWtbz3++OPLwkKExI9YBx54YN655roxKzbvxBNPfPzjHx/b9qUvfUnQmVjbcLKh2Lb4mdOx/0r8QPjQhz50OKnQox/96AsuuODCCy+MfdKpIfZ/p/A+++wj1iMf//jHn/GMZ5Qgy2WXXRY7ys1OseXxQ/J55533i1/84p//+Z/z/tjOD3zgA46dSwQPirMlNu+ss846++yzO70RP/F+73vfixsvfelL582b50wmk8lkMplM/0gSjgTEtqQwNdE3+ZUdUNKj9ZyTJv6vjvFNjvkFjGHM/or+VL+erutA/6NYZ/OYelKZaEGSWnTasgoeEAUVM7ZIURVjAVCl2tmhhdJoQDUxpzc5vzcxh90PYuC451LijjKhkBgOSLUc1aVvocX2ZdbtuXtpJCRw58iBTn6SUcLidYYCK38X2iW332azbbfaeJuFG2+1xUbz505ee8Mt195w23WLbrnsykVTU301XBhRz0wtwfFnH1lWZzlth6YfAHrp4ByWx/aeVRGElbxPL5Vbu1q9sNJsNDlZHfDwvTZcb+4G8+dts/nGD9x5+5223VKcSPqD+ms//OnHv3jypZddwUgJ3ckX/PXKF/zHOx/6oD3e/KpDH/GgPV709AMOefLj/vfUMz/xtVMW33xH4LUNazjm9c9/xqMfutKzX3bmt2d49we/POc17/kEcP6dp+5Htf30t+dKZpyrFy3uDwY/+Nmv//vkH/z29+cR5uJ762+w4BX/9oyXH/TkBfPnnXfJ5Qe/7q0xEhbf+vvV1z35JW/43H+97UmPfvgXP3z0i4764NQ0P9s9xFRx/jOfjEyIlEk2J7Iy1xsumH/fbbeKyzNgeOzD9tplB8qRfOVVVwspE3969FNN+J7URYs7FEQISj20b5DS2rCrCmIiP5JhSoM9NQl1Ar8lbGLCU3Tdh/YxmP7g0JWg0EXlX4+SUHFOMyzdk5Zbk8lkMt0NtHjx4hhmuPjiix/xiEfEr+NHljniiCPiF+gxLHHrrbfGL/QzIJJV17V4rhDrya/lr8OKZ4zfvC9fvvz66693/AW97I9/7OQB4ne+850jfeZLx5ctt9zygx/8YKfA7bffbvYnJpPJZDLdu7VkyZJzzz03bvzTP/1Th/MotdFGG4k72qrqpS996Sc/+ck77rjjNa95zWabbfbIRz4y/rf4okWL/vVf/1UypLznPe/JhTfYYIO3vvWt8cPSt771rX//93//8Ic/PGfOnLg/fs6J9Zx33nlx+7jjjitTJYoEOtl1110XLlw4Q2M+8IEPxJJXX331k570pC9/+cvbbLON7P/IRz4i2Xle+9rXZkOU/ffff/fddz///PNPOOGEhzzkIQcddJDko3n9618vHfXGN74xJ9BZ092YFQ//6Ec/+h//8R/xQ9rLXvayY445Zjg7ZNYpp5xy1FFH/fnPf46f+oSJKRU/iH71q1+95ZZbDjnkkNgtD3jAA+LOqamp//7v/5beKHWf+9wnXu973/ven/3sZ7Ih1M7f/va32DPDWRqjXvnKV37uc5+LG6effvp+++0nO2PLTzzxxPjZNR71ox/9SPxs4qffo48++pJLLnE8YaRkbPlnP/vZG264IX64/cEPfvCgBz1I9t90000HHHBA/HZrcnIylnEmk8lkMplMpn8wSVqFSqAJfnSeIrG84VP6GMUuOEQrWwReBGAngMGgrok46U9PD/r8PDwJ76wpdcckY1Q4W/CO0NnVgQsASn6AL4rSUKRUQPyA/8Tk5MSc+dXEXAICKNlGBQVo0qqK/RXE+oS5Ez+qSfc8tewD7gI5kJ1w3BibEzmDWwV1YZGy0l5VPebhuxz0xIfd/75bjjx4ydIV3z3jD9/58e9vvOn2MXW68ftn66FSNgmx3UjGl2YQjqrwnqpZYEd3VVL/9FT/gH32PHDvPfP+JctW/Pa8C3/5+7989/RfLlp0I4aacZOeuI/IxDz3gr8e/Np3PHLvB7755Yc8cJcdD3vqv/zi93/+ya/OJXOSXi+W7/cHy6dS2uAuqdRqBb+OHq+p6Sms+y6Ou4eNFqx31aLFl//tajb1qD702a8e85mv3HTTLfEqPH3/AnPmzvnplz629RabTk33P/X17x732a8sWbIMfCVr7x1Lp17whvec9JGj//khD/jUu9/woqP+i0k37WPMjBto6hzP1EjuJ4FOAOpNN9no+ye8t2zkz8/+w1/Ov6TiMxFxgjDBG5wfCCpBPWS90zQ3KI4yQtvxpiyiKJyiel4JFqXcIuoNCwSqgDqXQMmdNAZUoVlsG6BkCEhMLSL3lvzX6M7AWyaTyWT6R9Vf//rXww8//Prrr993330/9KEPjfu0sKNsDQAAEABJREFUGoMNH//4x1/ykpecdtppt91227HHHtt50DbGYMpfj2bNcN4YXznrrLPmzZsXgxxPe9rTnvWsZ8n+2ICnPOUp8S/q4x//eGcymUwmk8k0Sr/5zW8Ebx02tyj1wAc+UKCKVdXOO+/83e9+94lPfOK11177z//8z9tuu+3GG2/8l7/8Rb59eO1rX9shXF/96lf/4Ac/OP300+Pnpf/5n//Zc0/6cuZPf/rTsmXL4sYrXvGKpz71qZ1T3HHHHZKt5uEPf/jMjXnIQx7ylre85f3vf/+ZZ565ww477LLLLptvvvl55523ePHi+O7ee+/9jne8Ixfu9Xo//vGPY5svv/zyQw899DWvec1uu+0WO2FqakoKx6py4TXdjaVe97rXbbnllrGjPvOZz3z/+9+PH/92Tdpggw0uvPDC888/P/bwr371q9gt8SPikUceWZI9WZttttnxxx//4he/+MYbb4wN23777Xfaaadf//rXsau33nrrBQsWCAWSFa83DmXsruOOO+4Tn/hE7O04plLmMY95zM9+9rNO/RmkLr/Ni+35/Oc/f9BBBy1atGivvfaK0yOeNzb4uuuui+8ecMABb3rTm6Tk+uuvf+KJJ77gBS+Ib8Xe3mOPPXbffffLLrvsj3/84/T09OTk5Cc/+ck4nZzJZDKZTCaT6R9MXlw7JJcBpKwNThPjQJPHoQm1x3BjwDDAAZuaaFYdTqlDxInmT+CPrW2mYXYNWrkrRv5I3E3uUUgDtNi8m6wB2MUEYny16lUT8yDGXVECuBSJpZCma6LKqFXJk/ne6dP+I6mDe7zWIDmw8mpXxnkUNTzpcXu95Nn7bbLRem68Fqw399+e+oiDn7zvT399wQlfOPWOpStG1I8tSKT77tjRxaFtDat3LnNm6CShTPeKuPnacjohDuJdn/7GXy69ctHimxbdePN1N9x46V//Xvf7nG2HDIigxxnCPC9rBJGxOROlvAm/+v35T3nZUY/f72E7brfNj372W9+bSOBceMvHvvTm4/8H634Y9OmV2JECsQg11jWtePwQM1Xue5zXxrvE6jnNdMPYRvCHvvnYx+77ALKIYojiltuWMm4yKZcQKxnU7qMn/d8eO9/3uP/++g033EiPR3Obpdq4MQjuhW/64Ofe/58f/oI870Ir0G1Ll154xVXX3nATQSMu0YFsppLWOEz8G6W+uebaG7/4vdPmz5mIJ73m+kU/PP3nF150KeEmvup5PwH000PXC5iWe4zv0qGSnQcTYcLYHm0xURKQE9vwiqplnXiacKPoD0ROfKOsSXOv8bbXt5wgNBmmyf9oQrNmIUbpOoZd9I+LpOVxJpPJZLoX6frrr7/ooos6O+N34vH10ksvlVwzWfJF+Wy0fPnyl7/85bfddts+++yTn8odp4ULF8ZvyV/ykpecffbZ73znO4855pjy3R133HHY/iTq1ltvFS+Tjl7EGnnGQw45JMYe3Cy0YsUKeXq4lER3TCaTyWQy3Yv1i1/8wq1hPeYxj/nmN7/5spe97Nprr72a5Ti135ve9KbhDIDxI41kwIlvLVmy5Ne//rXsX3/99ePHp/jZZrj+n/3sZ/KZbThX4LDe+973PupRj3rhC1+4aNGiP//5z7Izft1x5JFHvu997+t8Btt6661PP/30ZzzjGeeee25GW+LXMAcffPBnPvOZuXPn5pJroRtLPec5zznwwAM/+MEPfulLX/rUpz41ssyuu+569NFH//u///vmm28+rp5DDz10p512esELXnD55ZdfyYo7d9999+9///txvDrQybx582IPHHXUUR/72MempqaEMpmcnIxnefSjH13myplZseW/+93v4iXED5+XsuLO9dZb7w1veEMn++RBBx208847x96OLTmXJfu33Xbbk08+OX7qdiaTyWQymUymfzx5frg9vlQaR1TipLTyaLEj/Ag8gSb9qX78L4e6X4dB/DaYHkFXagElCYqEbEtaZWhjWCGFr0sjk5HlYTyY4su3OB2QQDPx03HFD/VXFDWuJqpqkixP6AH/+ONDAJfyOqTafdvFpPk1ZyBypiwBfcTzoxUOXhlIhDNBJ7miXq86/EUHPOWxe7nZqfL+8Y/cY7edtn3bh792xVU3wjBZgu1fu8O5MpRC4+Nyvd2LgF2f89ZWWZpXeVpjAZ2sbA7NMpMIzCK9TnIiWiWNZEpGpmJq/3pnSRQc0Su6soSAIS44A6ZDBqEeYAxEpcwvTIF4hkIqX7Gdh2RxIeiEwJFYPoRaSkLV89WEn5gQgANjzQ10MnCYUyURlUJQSwjNzJYTQbEWKHQS66ycoieBKgmF51PBXyRygomWQKunsDJk08IECafKqQWmoUWpSgANg37iLUKn603Ea3UEwXhwXhe6uBbTgcHF/gnT8aJcTdcVe8zVzqObqHqVn5isJiYnJmMdXgysMK1tqNOZWi/rPf9dQKEJOV8O4x/epVUSgGd2cM2gy3DRrhEzJPEmSrQ4aM7stOvVMCXZTCkApHdpXMRRbjg47euUvHnrrTZzJpPJZBqvO5YQoLD+gvnu7qpjjjnm61//ult1xS/Tf/WrX418K37fHb/uf9KTnvTud7/7Ix/5SPzS/LjjjisjEFExZHLqqae+853vfMpTnlLuj4Vf9apXHX/88XvssYfsOeyww84///z4Lf+WW47w2Yv7YyWxzGtf+9rrr78+1ha/hZcEOrNUjEl89rOfjXGFww8/PO+MEZcnP/nJMxy1zTbbfOc733Emk8lkMpnWrn73h/Pj68MevLu7tyh++DnzzDNvvPHGHXbY4QlPeMJGG200Q+ElS5b8gRWLPeABD9htt906H7Huivr9fvzQ9bvf/W5qauoBrJkbc8MNN/z85z+/8MILt9122/3222/HHXd0dxv9+c9/Pvvss2MLY8fGT61bbLFF/CT5qEc96j73uc8sa4hfvMfeOOecc2In7LPPPmIfsv/++//kJz953OMed/rpp3fKxxPFwldeeeWDHvSgvfbaa86cOWeddVY8Y3wr9tLs6ZPrrrsu1nPbbbfttNNOcXzHodKxebHnzz333L///e+77LJLHKzY/yWbYjKZTCaTybTade/7KH7v0LXXkUPhvzz9g2xngvEjIWeNofBfYis0FEhhTYmceqiFOJmOn/1XiNMJGZyInwA9As9xR4oR+sJlpKORIXSJKuaYeCgKA6zkgXb0LaDAo6Zv4PZLJJYiuhPeC25CiSWgeNi/8TtJ+R+AIviQov0gqSwkCuq1Ve1LunOP3MNsiiSLgHHsjVt5eD83b3Q7OcScgYFV9a0oKx957EN2oqcabrh56fg6Rp+xbOsmGy549xHP3H3nbcoC1y669fRf/+Wa62+5dtEty1dMb71wo6222OiBu26/7147lVca3/rAJ7/zy7MvGuVTUp5lJRfe6bu58yk365abL4ivP/rthSmerpX0Rp5s7O8rebvEdgreiiPvyfMhtKcDFr/6lDZm5c2AEQVwuAi40kxohvqK9o7ewCHUB9NbkEoqxNbcj95zwhm6USXZFdmEVOw+EpcrXzlGT3LKGWE7oO5B3RefDKZSBBnhMrzuMYAiTIWH3Fsevaxpqc3JhwPSlWimG0l2o0nIPFmeSIaf5i7GcliQDE6gBj8guERtTiq6Cm1zBVgrtgKQbJoYd+FpxsYqXn93TrKDyaoNSv4Rv1HlvqMOAY/Q871eVU3w1wBV4MLtLwSYFmQyKhmOoF54QqvojVi5VxAECdtTxhC1Bqkp5OEVUCZfPKa/MQ3RgtKxPvFZzel4LeYBqL3zshaOmn4mk8lkuqdq1113PfDAA1fpkPhn9LTTTptl4Ve96lXxj9TswyE777zzt771rfLr9fjl/p577rneeqOt9u573/s+97nPlcz3q10bbrjhE5/4xM7O+F9jsYXOZDKZTCaTaXVoZ9YsCy9YsGA/llsDmpiY2Is1y/JbbLHFs5/9bHe31J4sdxfU6/UeyJpl+c0333z4c+Od0FZbbTWcLGlYsXl3/RpNJpPJZDKZTPcaSW6I5Gying0cocx+J0CBwyoG+igyOgj9qf7y6ek+e5xg8mpACkE2lc4qbciQLUJpT5Jrgq6BhGZkkMbn8s0RyZ8AONGD53gwux5QVJfcDdgXgEATgAnHiSA4MRDZDLCpACS+RORdgaO4HIlt9aFb+8JVOW+O8Ld2ZuOGu5YdJfvZaOoQCau3BrNEJsbW0tkBRXuryr/nDc/cbaeGOPnLJVd95bu/+u0f/xpCyOe57AryNf/ad3+zzZYbP+uJD/vX/R/mmSuYN3fy6Nc963Xv/PxFl17TOasb0zluGEaB7lst0glxOL3OuMvGdk04qhR0DuBJ10I2cjg+tc63zghlnwbdM3yViKPO1SowNM/Y5yK1EbVBnXxFMiq+dTUw6vpgyMgFyg2x7kA1/yCaDbyrAgFwyKScprwiqyboic2JMB/5Mtj7I5asQj2AUOkh6okCAlwQYwI+VkioR1U1iEmboYAMjTROR0H7TPkPEMOVuGjSmkNMDGrCsjY2hqH2wIWwIp8oaknFtiVeCDxajkLFJii6nNE/Xjui0s4hgxO6DFDwjmAcF6+WzE6AgBJP+2Iz4gEhUGms6DSee4oaSrAHYHFBIB4k5XVCmgZYdAaboaQ/GNzMAjqDeG3IndsmnTBzfc1u6WLBHQNTKkjjrI3SySZWQbQce2kD11Q6YplMJpPpHqynslbpkMFgcM4558yQKyeGQ7bddttNNtnEseX4yDJbb731LrvsMvLx2c4Dnc9//vPdeO3Bku345fuOO+643XbbuVXRpptuGo+Kr+VOqeo+97nPkUce2Sm/ZMmSP/3pTzHK4kwmk8lkMplMJpPJZDKZTCaTaZ0LoQg36oP4EiqGFLumpA6Oopj9ejDVXz41PTWgxDqDFDFHRI1McpSZo49uDBBRRvKZWWlHtH1qg1cWAtkroHxYvgmeBzZ4kIfec6zTtZkZzp5T9TxwMNb1OJkOEyeSBKM8iDIEaRaL3Ay5flcE8MUSwa1btamHTC603u2UH2If7qQ7yxhJNLr4DVzL3cHNHm1pTx466mXPe3RJnHzt+7/5zFfOaHCTduGoa6+/+YT/PvWscy46+vCDNlhAUYZe5Y9+3bNf9qZPL122vH0uN+rXBHSM7aEm+J6sHQIUx/BUU9QjOTg0TEZIXBakoUsbmLqsaz2RfHtUSoPlZkML6xAYJBQomWIhbijdCTejdS4O6UP71CNGLjcncS4EBTRMRjq2cxWj1E17NMobKXVybJ1gZHTvVpJ9RnucwYtE0ak1kxIrxGp4WUqIwcCEiXjJLCZdTzZIxJ0Qn1GVVI8b0+p0UZl+AE7flZYkLuTJkSVhatjccryzYuKkduIXIvQLozCpTCBkg2A/BOG6gicbpxC40TS+vBDFlZkYFAjUlcyYOM9pdCTjDqE5roc5CZFjQxhO5iOdVK5madEvVtUE4KjpCYs2G2cAABAASURBVDbWNMJZybUF5lK02xrcB0JjSFIsU8q7FZBU0W8ypCmZjnd5rzSQWRaZzDDbJcVkMplM90L1er2ZnU6ewHIz6tUst1q12Wabfe1rX3OrqINYnZ2bbrrpuKoWLFhwJ85iMplMJpPJZDKZTCaTyWQymUxrQj49zs7/+E6kVYOOFODEQain+9Mrpqb7/X4IdfLJuCthv+6xRXQ7b3ZxkzEPt2MKdkJ6Qp+ir5SqghLlVBxh9V7yV7AfQUFFQFGJnhvVvEDfuMtuIHdJI8+8asRIxj/WjEosIZtCrFoLsdxsWSPs++Adn/OkfVPl7oOf+u6Pzzxv9JGZluBA9x/Ou+IVb/7McW8/bMst6PnVLTff6A0vf8q7j/uGy0OeWamiEhjLTMzYfGWdcjNDr6C2MnGCqRCmcq1YfL6dMiLA8u07s2FNcnuHctS4AiWB3EDISEDOFUO/B7WxgIIYaHCm9mmBYDFGYkb0U8EbSJNm0YM4m2kCGSIRhgOAYY7GXiVZZ0jLFENp1UBEj4fkm+FcKqeFvdcuogw7fsTdjmPQGIUqglSF2shA+Bqn9mLWRNLhQBpWQkEkswzlBsq95nVsBLngYzmxT6y1pp3QY0MpqleAu8DOL7Q+k0kLJ8oh0MShXIMXWoV+EyYo8TpMq3gxX9FMaNi+uM7KmLgTSanDhA3SvNGux+SPlV1JUJOzcT4fbMYYWwYnmEdKmiVpfYQwSfm+aHKKAxX3nlq+EHQTnEEnJpPJZDKZTCaTyWQymUwmk8lkMplMJtM6l5IXCNkiJEmTptQu1HXo13WfEutMD+pByHlZ5ODhAC36MWfrRDaH3m5Ak6GtMgIKrdL0xDs0mV34aih8S2l0oPKUUqfykl6nUujESTiY2lAVFWfGxDG8kvgVdzcgTmYPcMCYWlZ2CRLQd7PSiDEZ0YpMQpRjM9uac6vcaw87ME+Vb5zymx//7Lx2ybKHsFPVohtueddHv37Cu17S61Hk/TH77v6tf/rN+Rdf5RyOYmLEv6TdgBFbeYfYfWB5fC7Vax0A+U7pGI2MpodaHBS7WbjRSrUpSILtE3ZLBSjrLN6BkvFqUJxsyNK6EF8AW0PdUjoCtaCAscMP3To6vdS0GVKeHWjGr+DCCLhIBfmN5O2RMRp0DG341g1RoGVQSTf6oYtC6PSCDjZmiEj5FSz5oZAtm8CJjZKyOIm3wCa3GSh/Q/SLmnzQLu+ZliGsRbozeMmswxYoDaxCfiaU1weYCqnoFYkKoaqCLGcyVfV83BV8uS3giCckgkxsUKMRsrpiexVmT9S7hKAT+lcWSvZh0RxrKJWJ6ZUvJgHm/upMPz51umqx1lFAB/WPDHvUpAJytF93i7LJZDKZTCaTyWQymUwm0zrRfe5zn1133XX77befTeF58+bFwnFj/vz5zmQymUwmk8lkWpOS6KkmNkixTs17QHkdsB/q6cHUdF0PwqAf+iG5IrihEH0KJM4UDBx2Tui8mytxjXnJOLQB0ytmAwmO5HrJVaHEiZ9ggxNJr1MpZcLvyuP6Q+1yKa7dado6inHCaig2m9bPmjjpIBFpX2JW2r2H3XLDRza/jWjAg/e87zYLN5btC/96zf/7yhlDdSLMULNzF1927ae/ctprDlV79afu/9ALLvn7uNO5oY4szR5Gl2wC53LT6Bu9TulMQ2QUJ6E5mMw6ykwsHYXilujWmscXC68SLO4mPZ9E+wFcC44JQxU2dZZ4SrHBzQ7lb65sRnnWzvIw452cfsGyDSHRF664DpBsPjkbEd/MTeagNJWxoE8k7Q4OWcJg6gHPphqy3pQDJCf2uQWoOIb8mouLOUqai9A0riE6uM0+gynyhp6S4RTHjAjWWi3jI1QN55ECSq0jfilkaeLZwwTY14TPE4Bz7FR81R4D0yKcTUhPpw0R3M7rFEknLbsYERo3nKAdyt4jaonFfx7qgGLY4jhFkCymYr6SMkdllES7GNqjHLRTiGhRDxiQU2FOvSM3jN4kKGyk3jXJ3MZkMplMJpPJZDKZTCaT6R9Fn/vc52Zf+MEPfvAFF1zgTCaTyWQymUymtSKfQnspZk3RQImYDkI91Z+a6vcHdX8QY4MplEpRTaQn78vn/7EgOEYxBR1GpV0ixcjbBVKgdEZJ3BOFleHcEZxPp1dVPagmvJ+gjBmec0BQ6ozKaXYO76BxJ4AWSZNDx8OWLStrzVpQpglgJiRipDRrh2shJqvicdKtLzWoVQ8AtsgUlFN33TpmM7D/uv9D8++f++oZg8GgOG+XaxhZQ9R3Tv3twU955GabrB+3H73v7p/84g9vv2PZuJbAqBpGqgx5hzrkAyQw3wMseQ2NrxeDBumGSTOPDYLKgUj8iFIFxd7OBmVVYXMKTHcZFO3T7D459UliHVwxlXLVOliuifm3rtgJcpEraiU40YwoGSECnwiXgntw6Z5LR4bWEGLBswxxPXqxmUVo3g3iNELHNp2Dw9MaQpo0LReWBKZo89xIgcvzoTGGkV5vRoftP9jxA/N1pquoeaPOPiagfeGEOAK+9vhrRUMVKDkOmY5gTjoj9XhmXsSMBQQu4Qv1ntCb+AtDd4LJBMnx01yCeK6w5Qi3nDqfUqzxau4L/okqCjxlOHUQ+60oVMXpdQQF8ZrwBiUVUMkcybAELH/TuaW8idYT/67E3xk80V5GvkgaEA/p75Is1QAlwwN3LbubyWQymUwmk8lkMplMJpPJZDKZTCaTyWRaDeKH3jXdgjAbEgOmR88xTNXTU/1+f9AfYF3HyGDFvIYel0OmGs0eKVRjlFb8V2PT2DE4kHqbbBdubKUag3SaGwJT7gjyL0G2M2HWhH4c7fEUeKUQeIyvigNFxW0X3iZn6vDtNBogkVzsdtg6Ver4BvAZVWSobxOLMIovyXtWGT1p40V6eB5IoSwa34qZ+65NG/GvG2+03iMfen/Zc82iW/7w5ysywAQrqyeHvoGcIuofnP67ww56XPx9cqK3/z8/8Jun/Loo04qTr+oAa/mQoBPvpR96XgAZfj9wzhDMjIf3CTdAaJ3Zq6sEpCMlJUnTMmhgEmEFxJkCC5cPDci7IoafTqLDwQ4WAOrHAdjCErCkQDoIjuyTewYaNkXfDN2+C00V2aBCGYiWl5DwK8D8QS3shbqZaMW5Bp1U6TgouCelaVy6YIREREg7pTbhJbIRCW/IjcG0kBd0TU+miXhcw8wo6BDnlK5rroGtQtESTIYmVNiX3dFU5RJJomsQiJuIC5z1hjpT7JnI/CTowsQ7AzBZ4kGWS73vfKCu80HOGHxyBSEGRVc67jLUdD6YryjNDZdIqNzL4jPlU89KT8pBHhVxCumS9XrlclGy5IRmYsprkEvCdErGZVAIJc0PBT6V4MRAXitUeiZzj27dL8Ymk8lkMplMJpPJZDKZTCaTyWQymUwmk4ksQSRLAcXmMSfaoYfPl00vm5qelsfQKfIYA+WeA7I5bJoEmg0ixaBTPSLUyHgXg5An2wP7pziKw3vfGI4UW115Cfo6p7HcFE6uiC/BeEETngxOJoFy6/Q4I4QXPxdNycChWsJTEPLD81p1VSkKoE4C0hDBa3LcNrh1InVEYHuZFH7tvKtKxi3Y9Y1Zs0FayGF4jZ5LjDmnGZmBaGneKvmPHbffovI6yj844/fqlYLtA7qkCHauUgiOH57xe4FOona+39bQPurO9Ut5XaEeyCXLLI7bvfrWmyROz2F8UBKBjCy8p8RPPV/1hs7sdVhTXL2ghBIloNvEb3ifnGVCwZwoTpGalww3GOqoNYlM6qti0NLJsHbNb+k6y2HhG0iYAH1HLhGVSEg7FEVInZUsPaAhYDKxo1OWLiuA04081OwCkjK7JIZEWp+qYiOj7gwLRXqdhL8FFM5EIRjy5/Cpf+PIUT96WkrY/6NxYWnRLdQzQdYgl/IhIfs+ZdAkF/a6eqTRUYYNQh5IIAIujqVLzIW6m6T202E9WaN5fyxYCU1SoBdeDE6kW5ALBLGA4pUrW5gkTxedIYqY5DERpqbwxElKFkZpMHne89Goo0ITJ9RY10HGQ/MZuQyQpHHV7gFJ66OreFNCkSSpmwp7L9mRPOjNADm3zqpCciaTyWQymUwmk8lkMplMJpPJZDKZTCaTabVL49YU04XKVcHVMXhZ1/XSqWVTU9MBa40rg+u4S6TQtv5S/IPoWj4TwqO0wo2cYcFDeqwe5Tn/hqsY19rG4kAjxRLeFNuSHqU0gcpXk87Hnx74nvNV9i/goGnFkU1hUHrAVw1qTcEhW83XMNyANYtrzF7oUpYJcSMYGXaFoZixkyD/6ovR4oy/MzOgnhqN0wk2ZXMM32UmYURtCzfbKO+69IrrWq4a+VTldruW8rfFN99+621LN9pwvbi95WYbAY4oP04wZicU74bpKQqLewI7OD7uev62RUJoga+Y2qKt2knqlAqqXqi8oxRQAk3JtPcSXC+aVhE04L2an/gEE4lhhM8UgNfkJyl3S6JVIHMe7DISUECK/E4yjkj3aQCxnpC3me0C8URhIIbvYx93+3TPC1kCoEBQHg/PZiV5dASA6PXEaEjgmIQmSIoVuholGBLPwWYemmOFujXlH0o5adIckpxa0NBgybUjNDOPLjykQzAfHJQTERpD+hRwJj5LWkztrdM06GJomI1Cuj5Jgue5oJYhbM/kJGVUkOw7qLRIcMUs8A6UOGFbGy92IjSgCe6hpDxUxosRSXBehyP3WGDnlJCZnYAJockDBOmOhXwdad1u+aHooOs46nIDIdTxD4YmRxI4LvZlSP2bkJJct/Q+ZGDJqQGM08HTcrGbaXw5QZpWJTYqAe8+67LJZDKZTCaTyWQymUwmk8lkMplMJpPJ9A8rr8gFwRcURsX+iv70iv7U1NR0H/tShiPDntOUNAdK+FRiitmOITkLlCoMAnJAESS+6yThDQVKIRuKtKxHEFNenqLmwssCkvGJ50w6Pc2qUzGA4ivJBcRB/EpPnNLraPt9coJoNbxxl3DgCrhmbQtb1+06Dcl9lX0uiiOxADtWd6vaZiKoCTNC+i2kfyUyHVKWlKI1BRQzQ89utXkDnSy64ZYWdNTplS5ugu1fSdffeItCJ1tsXAa+3VDRof5O4fnmHcxn0ZD7YAVUFZtWCIngezssqCj0TjPQ1zEgTx1SDzAMyBBiGgfxGOIoAmAyDuHZrHH55FvBfhcEQgiMwhuI6lFSIhUQoHXhSq4AFCBVDbXUmueGl2wxuf+EKcimKmIq4TOWkPL+SIoWwldosCs2URH6wSf6xKMkdml6jObkYApcTtDVOGzIq+T3YiwjJPAGQYgblHRYaR9q4VQ1Mw5NVdIjmgMIseyn/H7eGZzLfUVsirqWtLpEjsA8F5ym9mk8QVBtPUqBC3n500w/Mmx8ymxKg2JV0+O7heCZEJz6ukiH0PuatCYQcVLJjHDplOKDkrFAgZgwMxxBupaniKZrco3FSF7pAJusN3q/5aHZAAAQAElEQVT2gOVSW3RCyteFLpud0HBXCFXDlbh+XfMC71BvHqyEtEmdn2fCKAAsjxC3P9S6MyhGg2EdWU6ZTCaTyWQymUwmk8lkMplMJpPJZDKZTKZC2XEghgX7YbCiP3XHsiVTg2msXE2hT6wo4lylCKkfXQuFpdWbINXaOoc+o15wEPQIfJCsF/IEfkp1U0AnQ9lhNN2CaxxR5DF5MjsBNwEgP5P0q48/Hpp8EBKD9cm4wYNgKBoOThknxl1g0Qq3rp6vz0Hw2G++iewCrP3WZAghFAH92K6aDU6aJDianwS5q8fkwsDxO7bYbMO8fcPiW5tULWMD1MNR/6b8DYtv22WnbePGphuvX1W+ruvhki5zAzDSfGUEyyKq+8uwhtA4OUDvn7ZYH9WfAgk6IU8NGDiyg4j/C2QKgU5zmbABBU1DuiswCPoAkgqG3g9B3S6UVoCQMqPoCKCwHpDTVnG6rNxCZlnI7EItTDoXodlaiCADHLo+8L7p8tw93BrlWZCNVujgIIZFCYdRuw9pmaNkWqggDFfrgZGxeLMmSCbBI3zxmlMH1fFE+QYA19hmuMS6KVZB5EOiavTSkjkH76m78w30AnSUGWYJBYQD6tyU+zIIY8Ud3zJ1KmtVekM7gjkhdNq21HTUbGUMjQXM5E3AijIncQogTorElAndQskDRzPpgCusYpzYuGADC3EzIL3wfehBWZwCSpPcauB0LiYLFrkRvOQNaneZFkEZSsmlxn8lPHny5F6VJgQQ8k8PDDp1mj5j0Aa0Oge6qBSLBaRUO+jU40dG1ZLrmEwmk8lkMplMJpPJZDKZTCaTyWQymUx3BwWnYeoY7F4xWLF0atmK6X6IocLKa1yTn9cPYqPA2TZmYC5SFLApgGJ1wZuScMXr8/foORjpvYYpxcqhBZ1w+D1G7JHjrQ40aOspwp2PijX0qmqO9xO+mnBATifOM1ziNTQpYVg6HeXf4Zok4Q5m74MUHMfutRScTRPBH86nsQYFrjFLcGXDWqYDrffWtFDj1KlRyPwQj1QQCCKUUwRGERtjq26OckuXT+Vf58+bMzU1KKPVuVhno/wVUnO5hkl5a9ny6UycwIjyxRlgJr6oPKTuLx0oTaETprf5JCV04Qg6SESdA/49JrxAI+uJ2uF7RIoxXELbPqA4WxAsEbt4QPCKHIbazeo2QvcJO6k4ZVm4/f3+dL4QBhWES/CdK+XNKv3iQ1BYpUUzqa2GvHjMvIBYXGRvDNSBF04hFPXI/qqS2124geCTxwgZLoVaCIee3qKS+koBFZecUXR5CC3ICIXQGBqXjDsICRWA7TKKywqQKJLE33ESIi+XLpOa52/DXvh02eglF02eiwTH6B4QfMVnZ5ii0ciMReZRMCEa9H+v6ytWQWaJ4C7SJwz/FHMyXaf4rfDimHYFnmGhQH9kDJV5SRYrTtGcTMSIh07T3ZJfJwAkMpGtcWTtqROpRK+BV1io+R0v2Ao1uIfeQ0r2FGuqBwExFGsZ18xoSqKEqBNq57JLDrbsaVrWK8G4E5PJZDKZTCaTyWQymUwmk8lkMplMJpNpXSuGxYkUiBHtwfSS5XcsXbE0gJ+Y0wv6ZLzPz7KTNJqt4VfN7aIPnyNAh4to8lFwJBcLViA/pJ/ipxSx9KXZSQx9kz9DqGW345aASw/gU4yzQo3Bxjh+jMr2HBucCHHiq8ppqFQsWOLpKduOMC6QkndIBJcC8XSV/FZuYaMyzsmR4LWrbu4YEP+HPBwpnLy2msOvWGyI6UCcR3WRZKfMnSLB9tk2MV/vohtuzju33HzDW25d0qRaGombpNQxbtT4bbn5xvLrtdcvhsaDIx/STHENubvR6MlITqXuTwnsUXnlmXpz6r5eCVRiUuHkJpC8Q0Fse1AnMd8SQpKgRPM5pJ78TGhOc+/y7YeJPZFQPm/UmIZC98ZTVHI0H0aowYC5BzYYUl+ReH/xyb0TZw7CVnKmmqERK7ol5GvnuyeVENCr+Q0zmKLYRKYskikMMtLgallmYpE6BPY40ZRCvvLMKWCGwpATqwTB2XJusKHZhdDAYaCwjJfWkyULXy43lyydiKxAUEMVHIg1EyiQJkuX16kt9VEFgYtAw6zE3mwmqGA6Qq8Uix9dlKTRUe8m9mCKa1MQfKSiOVRRcqLkEeKTO0m8xUqTECzBEEY3xHkGsweLciK6rjGilBOGMc+CdfzXq7+MLIqeOT72pNE0TmRUVEIs2ik+/TVg6MezKwsEXW2l73T1VQ8V2vANs4M5NREqboUpXxMt9iHkdyXjkQyj1+oYsgJnMplMJpPJZDKZTCbT2tZEr9cfDOJP3HAmk8lkMplMJpNprSh+Anf8adyZ7pbih/+n+9hfOrVk+WAKehz+pAQuvoKeS9lr8sPvHCpUl4gc56XUIRTbTPFQDh5q8ouUTwODxp1TIF+IEI0sO/UykUfiJapIeUY0g0MCESgKCz7FKKuq16t6k+o6ILFSJVT4QXxX8WFVOh+fPD2xjxTaVp4GUwSXkRTgxvuhgGYJzawmrSwzDuTTNjyPBHOLItAQAHcy40RTW/twdB14I59c4RLgJC44CHWfTXOy/4ZTBwzBdGbXbzCUxuO6G27N21tusfGFl15TcB7dxjlX5gFpzB10w8MWm28k29dcd1OeqentToUtP4UCRHHFlnpr6C8ELtBkrSktDPVFbyLN2aZdQQ5SUMQpQqVoQzwWddqlOy2nqeE5XOWgP8/xIF4Pwh/Rhs+h/JwkKBEtGuEPPDY5yU5wcrNpphS2/IDCPaJgxIq+JWICtOuKRCiJByoGERh3iCUqXURojYCyK6l9QW0wUi+zaYfIC90QQNESSf5Dab8ggNBuWhUtSYF7OvllNM3AbPFBK4eyEj0QsxnO7YINS5KtYPI+ZJRCs/e4nInLy4rRdAswQoTaJ9wSZjyQ2LmEn/Bqw5mDeD6QQ0t8W0AlYk88rb+K5BGzk9LOENHEqZcUKHKMrmgfsKEOZW0K0FBoeeqC5qMRREUWU4Gc0CeEL6/LQqQAyoLqCCYBTHybpPsB1CmkyB86BRMlwVLqM57o5NNTZHlKOA7q3QMyOnJBMi613g0p04/MN/lHTprvPrf6F2STyWQymUwmk8lkMplWqvnz5952+5Jly1ZsuMECZzKZTCaTyWQymdaK4ifw+Lre/LnOdLdUv56e7q9Yumx5fzCNbPYB2YugiOkhuhn4iFYiDsVN9Hn7JuDdLkz5NJyadvgUIWVjlZQFIgZixUkAXaZeUJ91j0dX7GvSQ4pje47aVj5BJ1yz7zYZfKepZaPSxlDukbuncJgOuQsB2PJImOE9JSD45DU7EQBy0hfmkIIYcLQ7mH+EmRjTwBnAm+sXNU4n++2928/O+nOLBUl1dtGTskA659573X9yopeqvWlk4daBQxUW0Xx0QyULWwbPuA30cnKXgjphWwyJ5gModyKXAN0WSCBeCQZysUBNRJVO7x0WnZfcLHTWd2/YhhFRY4nCRgKEmAhOPFO4eZhAk9SYDN4QMoGp/nZ+mRYNxXcy5p0g9zE4l41U1MACJWlKUAxD7JUc8xy19qj4XzCDorgTJmgBlUdwspCUXZJbndg5NmVRaIa22YbDC+FGo+Ux+WykLvQCDREzhzqOVZ4PyFCVT7mk1E4mJLRDOniAkJxGkHIIsWdJAL5aj5JoJ3inSWjiuuahkqxhdHbCSbiHJ9gdJR4dcs6coHwL8SYDtiFBGWLgBVINkeQCeDwS0IRpPU3IiBI0Mrfz9AGUNE/E2ahxUQUyRk4MaxwbtiC3NTDug5K0LBF7INnNEgmEqUEyqTOBIls1ihmQJs0JTqmU0MxcrVVgF0GMnMlkMplMJpPJZDKZTGtXAp3cuPgWg05MJpPJZDKZTKa1pkU3UHx3/vx5znS31JJlS/v96WVTyykoyWwA6pPrTYzdrRqFkSLbLEkiAq7JxSPZcwg6YWBEc+YkOX2oXgKYyeMkpSkBjtNm4gT8BEV0JfMO5TBhLxVFWUAinelCfJHKJ6cHcqnA3Z4yWSfq9IoOK5tl4IBD9ZRRhOGB4LDIPqLKeYi6oWGYCW1pdOkV1y668daF7FDyqL1323jD+bfethRGNzA7L4y+iCfvv3fec8HFfy9NStRuoahulrOhBJSwjb/EjV5VVdq0IikQZPsTpXQky0nRXNC7D/Ru0Ro8dH1sQHwschIjye5TIBc+ZQ/CJpWJUmBBf2WqILc8mUegkB5Sv9benNQRL1bmmMq3mXctYbnBaV006UvjyMIoRSJVGP9wnEyHsSY5NJYdaPeGzM5oViztSXE8Ac63oigPJqoit0MgFUlnxMyE4BDEdTDi4Yr+rbTidEVBWBYsnXHEaYYYHC4dtIsBHBQMkQ+VtCKwiRKdL3CmL8/UC1FbDJmIexOk9oJQOPGCa7Z84tw5JFQ3IR1TMTrhfpNeDLLssRVU5dM1cKIeWV7ZwiRIYiHlf/hAn8bIc/oi8ZhiQCf1ZMAE73iXsjsp9lMDSn6gkB2uMoKFtVIykJyQwOXZyIUE/iHAJ3A7AxY0lFMIsUo3RSKCAiLasm0ymUwmk8lkMplMprWvzTfb5LrrF99y6+2337F0g/XXcyaTyWQymUwmk2kN69bb7rjt9iUxSLX5Zhs7091SS5YtI88KkMQyKVRaRN/B5fjuDKKoYTZTcC4lYikyK3DcXLgSqOh5fgoxi0VJmzjh3Dz6KHsKOnJbUOKdFBGOre1BNQGe3U00b0+ljZUn+yVTT+CMPPqbhvsxR49HOFb8wwuHf8/WCuKtQHYLEj8ONQXGJYDfKZxME4QCIIuR4ew5M5zVOYUuvnfa2S/9twPir71e9bQD9v7SN87I75Yl3XjcJGqbrTZ92IP+SbavvOqGP5x7CXSP0vnQ9uyZqc7u2b0XJoIIBO6NwukEhqEbOqqizokhds0vI/vVEgKEPJA3JTifSAbwqPYeoBiAVlqk1dGWJQ5IEtMkjxDXZDbJyBW67ECiEElwrettWQQJHdLuLMjvOb3BOi4oCUZIZbgZ1IaGTWJ7orgeec6oEhJckcCbshv50AyjQV6jOuYXDVGjv/r2WKTkXqljXMp81Lo2D02rm50Jm2CaomgVpiRfINwP5wTz4hJDdiOSZAzUQ4WtT7iGWnxLuEOCq2vnQ+0oaw6RXfQaNNNMumaQOSN5fiQvj/Ah8iaDJq6hnCC/VVigaD4c5/VQblcgnx4yM2LDKTYdQcka5YScESQE0notEI93gNnjRbuE5m8ek8IvJ/VWORRCRMX7goY/VGl/4HxLIFMSyBVGKkacySXJZDKZTCaTyWQymUymNaQ5kxPbbbPwqmsWXX7F1ffbYVvjTkwmk8lkMplMpjWq225fcsWV18SNbbdeODk54Ux3S00PBhRx7FWoqEYZuG5FY91o9ASHHA0wuS40xTnKSjFiokx8RagIwSLoJauExDu9ei5wugmoOaTsxZLCSS6einLokKNJIAzyAAAAEABJREFUD4B+vJ9g1xTQmGpyPeG2aFg1h4pzvLMMXq8MprlnCMu4OowpMdPRM+wMKbRO0W9HHgiBk+lgyvySHTeyBYOGr9tzw83YiK6FR9744RnnvPDgx/cqCjQf8szH/vb3F196+dWdkp0r7pAQvV71ptc9x6eMH9/8zpmSGGXMIQij+hJGFfbFK6W/CerMIxO6FzBBCeBygDzTT9BkjvKYTC4kZUjyu2CnBzL+aNEd2acnpMYkUyK5d9tdiY3BicIlkuEGMTEHkEwnXOtOgWYb2hYmzBPQcdDQI+nu4uZqdRCSP0nqWGEsUNLR0C3tAVr+ODKlgjAfoEgM0spQ53Q+3Oqgy5R2pRgjYajLMdL/N2sA0CSOC4sQNnkQZe1ICxZo+ZRlKA1VsWwIACROMGq+4kNNiEm+TiYoCJCjZYznnvh1KAODPvvTMBxCt1SoqXF0mkGNVF0I8Sfud2JLE9hXiAkTcYvyIHlskrVKxWZP3HGVl3dAMhVJFhwUTiYhJ9onxWRPDWfKJzR+Ki7DUJDXmsRJKe7DWaNCsnrBzO4wSKLXDa48WucM3wHoU6fKQHIlPrmhIKp7TeDKvFgtkXUMgFEnJpPJZDKZTCaTyWRaF9py4WY333L70mXLL770b5tusuEmG2+4YL358RsoZzKZTCaTyWQymVaTpvv9pUuX33Lr7TfdfFv8db3587ZcuKkz3W0Vw5NVpcFCyXDQCrrnh+IlMttmSZxLYIFEk3NaHiwdBjTOzs//+yziT8jphEO7GoWXUDCFL0MKXspD/OpW0uOUOj1Hz+HHnT0uW+XH+bWR2tTR4chWhgx3tw9Zwqy4mLbjxLiLwrFVQVOk2BIvCZdyetQMnIjlQq0FMPV78jdwDQLR1D3a2KDTNh3vbotuu+2O03/+xwMf+xDH+Mjbj3jeK994wrLlK2aDm4hefMgT7r/TdrJ94+LbzvzluZmLmYEpGf0WtPZBMYdixN3TDPc8WWm69mLoX8Ecp6F3lxOCpCQv7NuDTUNiL4NrHIec5BpRixnHFj85z07P+wz+BLp1vBADSmoInKCUCQ+D93EA842iCpJ5Kt3AFNsPiSiSu7HqjJzcrViyJg2VEYQVoPsaNTmWwClsiSG2JZJLhgCRgBCEWWCWQrbDIEi+GVqQ+M4fBKzkDIQ2CX7A6AFxDgw7cXd6BUGagWosNqSFoMl0ZPwZkvBKOLBXh0smJWLmosOAsvxgHnJ+eyCV6niQqQl3cmD0RkycqP3k6iROKQE9SkIl52vGt/hXVwc3qMluSnqgxvhLvM2Yjkk3k6f5JNnIdDi84CXcXmbt5F0nllWerUB8co/iqZH5JJoEepG6WvsGxsOEm0h6m9STdZM+S71W1PaIHKzYnoXXgBoH9B73BVuR+ACohJOgJswFATYkE3d0kPRFFXiPmjpnAqS7NCWbTB1MjA06uVKTyWQymUwmk8lkMpnWjXbb5X5XX7PoukWL4zfg8iW4yWQymUwmk8lkWkPaauFm226z0JnuxuIon2P7kQqSqYHEoIOgHxp2DKVxhWbPAM0RQeFF9i+QnAqhyKoD0CQZIb6FbUnY74TSNkDj/MDnCMm7QOkXDjBK8NnFQysCTYgyiUdPcLCc8uxwm5CPgeRTIHFaSAYTtOE9aMnUtFngHGtddwKDGUeZdNKBqH9GcnPgQeTgtG47RNfyuwg8njVPA4ZOxIaAaQKOCwd1L6AaONJdwBKZPWk4JcQZrxjdGNTj4//9/QfstsNWCzdxtKRs8pF3v/ydx3zphhtvGVVJayNOjpe84InPeMqjcrFLLrsq1EHRBOiamowEWZpq25xK51xz/KSHqnJ+oupN9iidUC/+KlQIm8M4tbXIZ8FkIqM1NM4TeQtRaBUer5SEpm09AQ33ISBFyfwAj3AaAR45ueim5T62scRc6AjPXAGmDpJ5077q5C7kXLYISY1rcCOAVt+RowsjB5JFJc0J9QdRGkV9LTBdN/82KT4m+i5teEnmQu/ScAY51CVKJDVIaCjUDC9xiRJ2xaldiJZGXaN4QhP/ENee7PeE4q4hC5Wk1OFme+lg50HShlW63qCcXLqZVry4tAJ3MsElnCsm/r9fDwYY4k+ooa4dJ85xkO1bGNGoZPXju6rnuX5d4BykNVoXUB6PZnB0aHP/NyudHM2DRz0GxMG4IImavJA25KYiXaSLAq/TDVSW2EOXHGFQqRwd2SyfEydBc3zyAYI8/rxQu5T7KajTSVyt2dikcl64oJAQIKkApeWzQfJMJpPJZDKZTCaTyWRaM4rfem+00QaLb7plxYqp5cunBnXtTCaTyWQymUwm02pSr6rmzZszb+6cTTfdeMF685zp7i3Pz+N7NmjI9iAS6Yw72ZzApTgnNrHxljKpgI3PQPYTQSfmARQ2VXF6ncpzCFKivRImBshQA2QvBYq+ciMr8TihR/05zw7wI/1O86bk2P1o/YPkYUhJL/SX1nvN7mJ/SnsBavSg6IkwJYyVBOEmnCYSYVcKrItKgZ0Iul0vEIFz2On5sUhH991mni1btvw9H/7Kx97/KrEp3fG+W338v/79vz72tXPOvbh9LJSVbLLR+m983cEP3HPH8kSP3HeP5x+8/5e/dlp5xgKQ6jYJmqrBDTW+TK8zz01M+omJ3sRkjxTL9267/Q5BAvjuUgaggazUvkchL+7cIL3rQrL5oZI5w1SrYzDlAQrZXkYQsJzih46tM16kZ6n0QrOHB2YEKRlfyA2rKU06/eHAlR42GS8CaAxuiiw0UPrd8ImYYCrq41tZ86cwn0TrUMPhJGcYASQYSaiVzpD5mFw3GHSrs+EKcgalnNtFVwjy/pCrZhxChoOSenlpTvDCUBDRoq4rsgrRYeImwqMIeTjiFqf88iC3QSiBoNj7nn7IH4hIlj6Gfl1P13WfvGvCIIi5iQdplVMchK1TNNtSxdAem+egV98XkLWxYPVcylaDnVFrpm/G+oQnAUh0DATQyVQrLIPJyASTP40W0ImXGCbENNyJPpL8aGL7klrgUzYlSLPHezW2cS7BPwSQBGWfACstTTu9XCl7tXhxdxHYRRISOZPJZDKZTCaTyWQymdap4nff9vW3yWQymUwmk8lkMsnz+6DOBRQD9L5ACCC7heTQduYBmi3f1CbJEJo8IsB5dJrIu+AtGoD32QwhwQ6gXAMl3vCKBFD2iIpwE3I3Yb8TX4m1Rg7w5vQN5aVhYSKB+fLGpN1Zx1p9jRqP16RkGphBEGzbkFAYPwbIeTcl00ncCYpfhP5kEADaiEiXOkk9LwYQ6VUb6Ua2fNROfr3s8qtP/Nx3D3/5M6TMBuvPf99bX3TZ5dd8+5SzzjzrvMFgIKeUwjvfb7t/ffIj9nvEA0bm0j342Y+bmpr+1rfPHEW6NPH55nUEbaJv+aLk+n7OZG+SfibiaSdifLy3+OabnBOiS6e++Ii0RX4WnGxKyBZmFygFTKOynb50rUhMViqkSY9ALwL5PmkNDTS3qo5f3R/kbSFCwEkKlHEX3rRm3FRrbjyATuGJ5H7hNX0P1GxvVJBjQcgYnTdq8qLmIQpJUCYjseKAGoWOcDVw0icUU56AAZhLCCEhNdyMykOVs8fw8lN7dlCSJa7itDjogg4/0TfUXg/ireF8ILcmaW6gwpQ+pxInFXJEAbkyOp4IIjc9mI4ahDqgEDPYJwCFqiGTJrIvIeikIpIiSIYcgTKSwZMamVBuHsg2IdwiSWnTHpJal9A0EEFv6/boKJfGuYpCJnc0ew6IWxUgZcYJsltcTwQySYZJvC7zUpIagUwq5fRmNFcDYT56m2Ryysu9AwJIxW6pGYPRuUoDJMCVUmvUF6gd7gQXCi4MAtZCIplMJpPJZDKZTCaTyWQymUwmk8lkMplMpnUqecg/J56pUlhzpGGGmhlo2FFityE/RJ+LA4cUJROCz1F2Dr+LKUAKnzbEiTxhT+F2tgsIEk0ECedSVh3wPVCzEw7Ugno2cEzSSzAdsQmSN3lL2McAmsQmOLob1rpw5rD+DI2dTeVFGh39FdW6INWP4iOBur+WYhgG7HIQ8ghz3B4L9CSqWnkLQJw7HAWu3YSTOPRK2szH5QrkNdkk/PC039xyy+1vOvy58+fNkQI73W+bI//9OUe8+qDFN9163aKbl6+Y2mqLTRcu3HjunMlOzX8+//ItF266+WYbyq+HHvKEfr///VN+1eFLRtiZwOghUuMOLU+vm83doFdN9Cr2OZmYgKrqTff73KH8P+56pUsE85J7Q9OjKF9AAITeJVLKg8IoOpZUhu05eoQ65MRVHL/HgUvDCTlvFWguIUGNoDXRW3yNE4MT10wRMbfwY0crtLKp6AyT49J+XVZwqEvFk0fS1KiJBiS/F/XGwLQmtc1sZBo6zZUVFwsv5AQ69hkJrg6h9j54Mj+JM1cnrxyb1gjxkeEMLq7nGaDwrgpMQ1Bxnt8pu1AaAeIxaG2jAVDUhZ05AuiaRS2mpDmhFhSmdjioQ39QR8lwxDUsThFgpyZZDwXo84xxNP2ADpoFgDuMk4MBN4rzEIkDS+pPFFqJVspk/dJ0e4JMsqGOy1NCLiINFN+yabsZP2Gh2qlzUuoznjaCoskUKm5bySZVJUiFL8sndIU7Ueqh7mATGy+DRA0fyFJFvaq522Q5SR3rBpyzanCnF0iTyWQymUwmk8lkMplMJpPJZDKZTCaTybSaxAYMnOKDXhkcEZiksStQYetfDVoCNGYZkHASBhQqMXeo4v84dF6J3wNHVuWtBoEAL1WEWvN7OM65wWF49hXwExSNr3qOHoPX5/0zFaOJLgpmAaDzBDy4e6hglbkTxNkfwG4mSkRIzJzcGOQtsczgeHNwTWqNFgQwfN6MufAsoAEOoS7mzFh1WZOm3ub335xzweFHnfjOo164zVab5vfjrNpi843jjxvTqq+dfMbXvnH6woWbvP/dr9hk4/Vl/4sPe2p/enDaT34HLpMjncvKOWi6zRxuavzZcO56varnJYfUxETc6C1YfwMJ64cQsskMz+zE/0gHcQkcCEqhlQ/l4gmFp0/zFjMoErmPldXp9uN31WGF7o6QWtyDXp4foDCDTzXp0A6NkoehIec73Ts3ZC4UOj2o9bWAhcSGQQMWydRxyc+Cj0j3M4MwPjdaxiqIA4fzgfOvBAUyaBmoPQRyz3DBe6FMnKYH42OabpOzE/BRiYtMlZK+JDACissXAgcl2wxXRzzEAAdBGC1gYyA3cNivB4REJO5nwkPP9+RaPJDVSlwMKyd+KcD+KJhYH+0HgWuSSwlIuisHisFIDiEC8xT/U8RDjpBSTudXMSCgizokMggzEkQePM653ATXmSQuoVWuIRG5P1GwJC/D0UyezPg0Y+/VMklwE82gpm0I6FEPprtjUGPsQTkbkUOB/i7URPYEXasI7qE8S/UqLHYmk8lkMplMJpPJZDKZTCaTyWQymUwmk2mNKMeyHT/GLzHPtiVG4CEPMpgAABAASURBVJQNFOZ0KQsO6pP+KTSs8cZs/MCsCXs2KGuSMkXIKfUQyId5DXVyOFfOTQeQEYBP3IkXd4CcWCfzJU7cEjQXA+fH0OirK053jxGWTZ5NTLUoo8YFOKpM6x1BIJwk0GFPhuyQIK+hdeSIGkHzbUDZCNTmc4DbUZqTGDAeDLdTqyi3YcTO4ro05n3VNYv+/cjj93/sQ57+5H/eukBPRh7y69/8+asnn/H3v18ff110/U3vePdn3/vOl2+44Xpyule87On96cHPf/5H18yVPGWg3ciuJ4hI/F7E3GG9yXk936O5J5lFAvTWmz/fpfh9zmhSixEIZzGKMfOajGVQgulyTwmhIncXJo8a4JQigInqwjTSTZtCdhph4ITuh8p3HWkq3+1eKCSH9/xEef1FNqbGdoSTwCh04gkjaBXTapkNyRCMvAaH6WyJEpMKxaiEb2ZB0NQIQygbqc3lfCu0YLBRTy0tqrJ/iicLJEKdAmaTFszj6l0NmDw6hHTTeUwLR1oMgzZC2qWjxwhWXCPJWIWcSyQhFbrpuj8YUPYcGfhAyyhUFXkzScsrcXuiPiI7lUrsVDIqpJXTBYXgUkoZsXjiIU+GKtInadlzwWNyeVJCbNBOhUacBzlHhZB6Qa7UU+fxLBN8xQnFIRfoE8fS3KzSBVXRjc6pAQnoQDeFQ3MMEtnD7jAo5AnXH6RVlMIJuSfjIiHcDl8q+DoAszJxYzBAzvgVt6jFmCiTwtDqnra4m0wmk8lkMplMJpPJZDKZTCaTyWQymUz3PmloN4V12f1CHuZHDTc2D6zH6F92QwiSxEOE2amA/t+jEGuNns1NOFUIAyfiRiD5KaRq1HNL6LOOYUUORwbkBDp0cI/CsF6IEz0KKD6rRhASBcUcRtaANUc7JfwJs8ybkwKzIay0KDSJge6SWrQGtPe3+IwMiow5KdNCnYh/ynQiYwScC6WdvyZwSh1KUJGJE/Y7cSGZQoAMOnCWHGmAV5wk8HA3EW4xTeERoNPEoDzFh+N8oaByna4LR/dAcZUw4o00zE7pqBVTU98/9Ven/OjXez9k18c9+sHbbr3Fwi02npdy7vT7g0su/fvv/3jJr397/nXX3egkuM9vXXP1De96z+fe9Y6Xrr/+fOml17z62Xfcsezccy8pmJKUzcalX8ZwMJ2rmJycU7melBY+ocdmPopiJIsYwkBoO94XhDngHJgA5QGUTWkp+04E9SDy2g/YQY2Y8Bm4bBTUtSBptXVYArvIMYN6oEYgLS4kT1dpUhA2DRJKRlfjm5tNbVSw5YYCDE0450rGJUETzJIB5BGAzC856cMSb0CXAJEGq0m3h0ISXqavNhjSVcT9mMA5p34ciZ7ClDInYE10kDqFYOpWdFAMTUpABZokR64OsKcAnMuYHV8Z0x75luH2BCkoPU/3T6tHdO4lKJBvYCfIDOeaCd4VCBGbwUBqZ9AbUdgazruU/GSEjGFcEBEhwyjOSWohPriiTEsMSBXwiU94IkExqVtkRGTVZW6n8UIS8AQ1W5eYwQRmTYAzENF5a2LSBHxDzqxWswkKCHtI23EnEzmUgyfeVFoxXY2nDFPOZDKZTCaTyWQymUwmk8lkMplMJpPJZDKtW2koFziwi2pAoGFVl0J/GrrFIjMDuiKhCoj3AbsecOoK/l/6NZ3JObVR8RzdpBcJ49bEm8T4I2VMQKEaJL+EE9SE7RTIwSAeXolVgss2Bq4ABrhxKLHphlPoIAx3yzhlju3CygqMUArxKjTU2NSgU58Ep24NrgiXUx4LCgKnfCZOAuwSWIa0B12O9SejGseZPTTth9hSxBFkjCXgIAaWB2EQd8TA8oBhidAeoXEX0L3YfLbiCqVdCgicfc4F8Yd3wkYbLlhv/rzbb79j6bIVrjAm6Wz8/crr3vu+zx999EvXmz/XcWqe3Xfb4bxzL3Gu8c0pcZOZm1qlZhJrheRzIiYjVUXv9FybtyiqgExIaP4bV3gIYYN9JX+UDEk0NUCBs0j5CqpMRPDouDrU3dbDEPiT4I9sRgLppoXU6DY3o6xJug8bhYLYavAR58qWCydRQifaAeS2Q6uNZxcN18w26NSp1SjgMrpXMe/zaenirpZ+DJiIE5dxqzSdE+HDxisBNT0N8vxGyRGTKBD0Ot4+pyji97xL9xtqwWwKJP4tdAcmw5LAtI0aPclc0kVXoQ1dg4PayShBRTCYh6AXp3YsFWZGRGxX2j2fRN4izfrNPiTivILNmgl8OogrNWbHHUguJjzyGOe3F3sateLhCxCPpJCWXaR8Q44JNOrDmoe2RqCFgcxWhDXhtYOIkziF+NRCKvqegGo+94v0pnBIvuEkTSaTyWQymUwmk8lkMplMJpPJZDKZTCbTOhSk+HF2u3Aa73YaoS08KIK+rQSDBv2wydHhNQRLQUxJq6MwBDY2HXou8hMQpIUyYdTisAFSFzmdxMBjrI6DjJWYo8hpsBtobFmFYD5ROyCO7ewf9yjNotmZOGkohXw0qM+AFORkOvRac4oLCC7bFagvQSmO7IM4d6SOl4mR+AKOYAeKFpO1CYEmdU2vIW6HWk4NadoUjWraPO5qITnjlPvlKjOOkmgSvP32JfHHDVEmUAAoossvv+b97/vvt7/txXPnzbnggiu+dfLpkIplQmS4PU0roNipbAZt9wL5nMRg+UTVmzMxWVVVb6YJlw6tcqdovhjaLURFJgYERIEG+8hIh8oHSYGFrbrlDuzeLjiyIXlbeK4y8U3xbnFIslTp1ND5VZxOWrhMckOZoXPyWwmx0ClawjFxrunqkvxBHLYZBEnSUieTEG0QiJeJgFScsMXVNHdBQIqU6KiS9DHpTmITEWlEu7+ym0kcenlD8vLIWZTxwjJXldoyBdcMDN0mau8hJQUZQUk3JKlnCEzhFSwooeLENUTqZNsZ2vQJZ+GeUmcWl6ap3nQCbbj2IMtfgXRjsh2J+pfI+5rHiFdt7Ut2cJGmxmJxLRlg6MefoNSTQDM1L+5xtSHmJDheFRjo4YxROs7MmtBwx16kfESclI2mD8NV7Fcl9ydAnqUCJ80E45lMJpPJZDKZTCaTyWQymUwmk8lkMplMprWiUAAhDgtLhYA5atnAKFJInr9XMwNWlXCTimgR9jjxTcx4hOOI08QLNWpSCA5oijlBxY/TS0CXf0VJJVHWEFpowbCwsQBw9yDdhcY2IIjYNqTIswMyFci0CHlKUFy4ltBziuonO5s2eME7KiaMhB1yYguhhhrschKj3xgGFKeOAedBnw1OBmRk4AYcUK9bNeZ6nSv9XRrWpFMYhy1PMnoCxR5sYyiy0Zp2Ol0d/PXSq9773s8//OEP+OY3fjKYHvjCkMQ1xzYq4ZJyv9fkKfQ66ao51Zy5k3PmTU7OmTtvotfrqRtHZ0S7EI16foijBBTYT9vYg7xT8p3ZNIdHWt6uaz90Ms70Uu4bnl5dZMQJaiTtabCXpheKPkrh/4ShtNqMlD5oKLuVH7pXU8qudDmp+mIQhh07tMcyI+HEqATzsXGiE/5U1wWHxom3ki2J9Fyde0RcgZJHiOblkkRe2PKDEUcTIh4EyYKioSl/kE7v7AGiicGK5DipO4i48NrBsiDKXSuWIZzqRwYxXZrk2dFr1dsaFFfC1IOcgyx1hNwptJQKUSPZcDD1VCKU8s1C7eTfgrYK6swfYk63JauBsCOUiKcG3w9hahD63OHoFe9hexgYUC9WgckZ7V4q5dn6itMOEbXD1IkQYCiQSSzlk89OLYCL/urcgJcwZzKZTCaTyWQymUwmk8lkMplMJpPJZDKZ1q1SKhWXg3kiSAlZWnsVN8nKBidVVUk8VzIjUCBfoJPszqBHc6SUY6L0eDw7bgR5Zh3F1CQG63sUffc9cjqR59xBnvPvGHFgaoIbk2cBy7j1aDblnqphm4kc+Zf0R5r3ggLSQXOKEJcS1PUEABvWRA0WNNTfQEZc7ehTU21Mk9T9GN4f9PuOos198jGIe+jUA45OUyIQaDEmhVNE3kiD0+WS0utIJKW48lYxGC6QjBLkJf5cftnVV1x2ddmFXUIlx+NHNaxpDJCfSPx34wUbzJ8zb/6cuXPnkCYmJnpe76zC56NFeMidpa+Zq/CSS0TYBUF7UjIaSOH3NFKc5IXdNugI77uNS/KzC83nxjg3OjNLp6RrITK+Y17iCV2oOh2HM9yDQZGTxugF8i3O/EZomtRMJcg9nHtbOoqWIjl9SAuY9qRzmbioKEGMLHSykDAGAT2dAMX1qudJXtG8T2nGFOxRwA2zA5RyX3nuYwL80hLaUCYhtUjqxAzKcHvIkUiT26ghj9yi4CQPk/Qr+0PJBAHpCEk0Br4F8ujcKpfDIIYlQv+JEQun1xlwpqFAabic5s2RJFq0UUuv1gyDsGtSLA81YE2ciXQO6JCzi4pgJEp40cqu3eMV21E3E2LX1AiFZrwXwxhw/SB+XPS3QhIkSTo2ZzKZTCaTyWQymUwmk8lkMplMJpPJZDKZ1qkAGn+BkJ0Nmrf1iXbdj9leAiTcDmxqwtkQ6DcvLw6qSmPQEsCWdBby+LoSJxjDiGFQMw2B8vR7xaBJj6LOEKPBlVOzE4kFwzCYIKF4vQwcYylxj5d3Tex6ZmFjdqChbKJMKCwcxJVAorlODSoUB+lUDtAmTjBTKdrNyDkvanYxidX3Qz1d96dCmMYw8Ck0HUPWKQkLthEQdK1fc9tbgzsSNym3h4qB6+ImzZ48ZXWuFJRJsb+EVxrcxLXO1QIrquwL4tymG25KxMnknAlwlFrHEbjQHDGO5EgnbixDgvhtKNnTsB2NxUg7IU5ZU6qn28WQ7+vhWVTWlnNqhVB6e+jBRfoeoWA65icoKW+SqxEBBiH50bSvtxQOXUumb/QARO2TjLikSvN1CvuhyaDSXKIMXb0qpblpdb76fYCaAqnRUupExtygYYYYgEiTo+mElJmKTlin3YFNVlxmUGSxC9w+zlnDyXR8QvG4bq9GMtlsBMUeJP7CA1GMcjJSQZp8vkRv2B8KigUgWUhh4lXogtN8YtwGNDWOLAA1pcjRdGoDytlDC0bNNEm80gHPCbEWYdcRxwtA4GbGq2ZDFHbdoR91fBGIJoGJoCSidLsALdLhjMaxH5MCJ2KIIthcLRcceELSGsbF0OHKyCiTyWQymUwmk8lkMplMJpPJZDKZTCaTybQ2VIEPHKoMOeKMKAgHSOAvKUX4mmfkKXoqrAmox4nX9BVOH/hn5Ri1PKdPqAJSULI/qDE99s+RSQJNCFfxPY7VSvzai3OAnhW8a1gB77LNyUjiRKPjOZZ9r4hQJqagCNGnRDf8myZr4bw24qLAcVugjRCcJktS5waOAbegEw4j+0QK8HQgOwUaJU7Sg+yuEMPFZFKDNSXTCWHgXL8OK7AesOOGkC6BTSSaoYGVXBa3p6ArSmQCYLh8JkU6uEmadeXOJo1IdsURz4hEGTRnbHCTZmcnBU3dlteDAAAQAElEQVRziqbIRgvWn1P1elUPUEPuvWE6ZGSQPJtwpI00LMnaRPoGcDT/oVVA6zrL6lMvyKzxnWaUjcwMQ1VVI5pa7JAuK5mTbMoijjoFu9PqPiU5ysqh82/y6+BdAbMTU0eQsRhdBeSAXLPvOiPl1mo7yT1JfD3YR6VpB2DGTYYuHvPVFO0KnLcHk6VKKI8BtWzhgfBq4JJ9TpSfofkCuQUo+IjmtJLhIz4jzTpMCc84z5WTQyFVS1l/OD+OOK0AL7WQu4hcTAAbBsrXgH2GSPg1LhU4IHwkBFRTE2R+pY53c2pjEATEO+Ja6NxVWsflD0bVuGFppp4KUr/VbLvEaYEC/y2g1tKIp2Ru7HUieAlIL8sB6IVVDIyydJYIk8lkMplMJpPJZDKZTCaTyWQymUwmk8m0ziSmATlxRcrJoHCDGhqkMDE4jeP6nFWHOZPKK3EiwU3PGUfE9SDkDBBMkAR+7j6wKYI8BZ9SW/TIMKU3AX4COLwIkmhEUoNkiwrwqZ26I12DbKSweYovlx4B7p6qDIXkQK7LPSrBYx43NVMIoWZ0ZCDRbw4jS5A5pM5Ww5JUZyvqn9OkqCcKh3wZWKkx9OuaERasCSsJg1BzPp14LhzEV0qvQ7YHUl0QPwPXpFRpDUFJh5QbkJrU7IfyKKUZoL0nN9+5JlKv72ZspMFZGlwCiutPWErRI1B0TLsxkLw4ZEYSceKrntMERd5hD0bExLu7sKAZ0mvqF4EqfLoJoAWI5AZKo7HVDZBvaL0tIHtcNGl68llcvr3TbVaWKTLo6L+JCUnmH82tJ1Vl4IzTZbk2K1M0IzWgW78sPIprOHUBgfZl53pau9W5pKnXS1oadMNJjrC9ASmlEe2pQ15o1M0ESiwl7y9nNBbGK1o2k0M6MryeUtolAkE8oC5nAWrpmbiKJhpESDx1hpL+SC0QfxOqOGinJ8CE3+KFlQxXak98WEhcC/AG3bvADAdn2mIyjZkxTqbTRxyA3O6ezYxQwB1yQGGURO5O9HJdPaFeqJmNgQnkW1JIlBBcGkhqLfNoukl/C2Su+Oz04+SK64SgNFON/WOKm7SBe0wmk8lkMplMJpPJZDKZTCaTyWQymUwm07qVhIlzEBWxwQRypBWbh9edpNHxvqoq3+PUOsqgsEEDG59AEcEGDR2Ss4AQJ5qxAb3alvChPe8nvJ/kNAw+YS9OE+u0PUu4uhQUdr7ZKbxMCzC4Fyj1OyRbE2Z15B2OzAtTIBkr6hBqTSaCdQqFK9EAzXZjrFG8qoQTSnMCOSjNxMlgejDo16EGKhJPNMC6T3AKhYMplK1DLbYcKbTs2ul1oH1dJc/hmgINCtOBS6AY2bxdUiMlfNEiTlrWJg2V4lIIG5p26DGtlD3QaWEqksw7JuLtAF4cShiY8r0iLO6bBrb7gekrV9YdMCcawgaigRaJAorLFBURdyKGHZz8yAs5FqC4Hg7bY9tyBaVtrTuLbsxW5Z07SYGC5gDtrMK5o/GhaR0Iw5ZEI6RQhdYjPiSNgYv6lLQqp9+8aw1qPrtwJzAEnfnGGwXLE6fLC00VwnOl+SqnCELVKILn2J9DjT7SSgo5GY5W5R1kzomhE6fwhFfHEi6kJImweKlxla8k+xGRJWwDIgcFTkyD4j5CtiVxbQV5HTBfUqeup4kVV15wA8LC6K6lpSIIhgIDTq8zAHY0SQZTgSZnJX0uxEfuxJzgSJ1WeFqhUmbNiizLPVuX6AWFIFfN+YjQp+xF3vvU29wRQVy29EblKRACdCZJZ16aTCaTyWQymUwmk8lkMplMJpPJZDKZTKZ1oSBJV5xmmMDS+kJDshzjlKfumergHDpVVI9+evK8fgF6JHMUqSFnqwguEyc1pNQRVCEd7SmrTiUP9Re2DS2N8miA8jfETDGUhEoOf99zH43HYkNIEMlbg+VFBRInLwoSJUZxByizjECGOpxkF/EZSVEfCkiZUvQ8lEPHuUGop+vBVD3o13Xfez5HXVM+HcnAkb1sMCRzE0h9rgH/Ag4aGy6GMRvQwB9QDvkIJKVFimR7ksZIYeiohgSBAjeBVn+lExZtAsoFBXlvj6eyzHVBsHptKGK0Mt6hBcUohbEP8YBQTKEw9pCbsNODWJAgytRw2B6aIQ+yG9U6pCzbEWSWR98NCNDyRMmUWtMAh7kPU8nhZrqC2MnYDXY25G2XzUgImJB5DNwzzUTK6XXSS+diUNIJeddqSXc0kjELJKhLW5/fdC73OJQNbC1HdJaAzUU0ljhpSUreH+JuEmShRGxGwqXbCNkuSLEtHsNA5iJ8q6E4hMAAccB71DkK3cCRydFAsuGAGwhKQutCSsAVGA/z2k5a1b2nPY5SrBGtwvYrCOzFotiPDjrm68Hu7YtppKn6RMOhTgViCxHUsobdWORifUrwFbjnfNCrR7FYSv5XabaDG84MZTKZTCaTyWQymUwmk8lkMplMJpPJZDKZ7g6Sp+bF2oLZk/ScfpMUQb00YuCvV3mxMqlEPiXSoeKJAcEm6FzG9/npetD0Dhyb5GMrNkbxnFWnFwSl0GguQIlLlMp+AYkukL1jovtS4B4SrBxGADr+C9R5TpPfiHsBK0hoGSUKzWmLxGCguHAYthSRToNsz4Aabk4eJ/GnHkxRJh2cDoMVcQOwDjUNo3oY8KThOZEai8nlQdCWhIGAG3fFha8JtNrXzK3OzlzeubapRgMiZcwk/w/a5iWt3DnKoxQ1F//qMcVJ0wbkehiYotso+f5Aj3+XAkHNOFxRQzIGQWhcR9odI1YcIFYqgCUx1J0oAq9wuhOFP7DVvpB4Bxg6CYzc9glwQfZNyeF/pZNgxHhiMreR629BJynBDXjoYgOAyRekaAa0Mn65ZJFS0GTYZtDk0kOaxymvTRA6S7CHeHZfY+nWkSc/5h4HMS1p2sYS859iohFDpzU3U8NDhlTyTGreDi6lKqPdNdEY1GIfAIMiX5XYBg2EGWMuhPeQ25C0oEbCTWINfR5UeQ3kSkI7+b4kz5LaA706HBDrJ02olAxiJx5agqmfPeXioW0flDjRBFEMxIQ06DITXEHvyFSquOG1dlRVJXBETuUhUI/yDM9TE3WAtG898yzepXFjTiWwL5ZyOfwaWne5m41jjslkMplMJpPJZDKZTCaTyWQymUwmk8lkWhtCTO4W4IqUKPqWJEyI4cEY1K4q6PkewQUAipxoQDwlLslx4RxPpygrwQgxwlrXMfoZGDfxzoNmAeFUPZzDwafUE1yrOjU4jX5r2hyNpLM5ioQpZbtAKzgg3vFE0ZJ3czWGCKUKSwkOTecovlrQ0Pu1JMQRkxG1jxEAJYagJfGRhH1xiFegzZzYIkbRQ0q2hJyrZxDqfn96CsN0wGmHlEyHLBGoZuZaQAgEHupaqvcSXxbMI8XyO1c58tKbgPJQvpu0HxoEpfQjSa/Z18QlcqEATbJ5h2uRJYqtlEwJtJCUgq5oWaTkjpODfXZmUJeO0PNYNcPVvGK28HBEoyQkgIfLN9YjCKkqYDChSqlpQk5hI/F7BVEGnEbGpcq9XkjiyNSOSDPzYLv3pYqWn0rGbRovFM2wNRYFy43RCyptKSClV4HuFJDELXwmnyGphLlpGh0GPCCRCkItYMvvRaCEmrASPatcZ3FTUW3gOnl2kIGphKl4WQ+ZjJFLlTKJ1UCpk/PahBolrY7LXIxP/eTUloPz0sSVU3AQAjs4rwyBIFxHHeJdE2I9deCbFdikJN5n6HhDSD1X14FvNRjEe5JT5NRxsOlmJS+TQNugubPUDUVy7oDiZ7qqJrZHupXcTCrFg7SYd01GIL40cCmVU0BJ56PcimOTFI+Yl6f2oAolhdxhXrsolZE2Quoqr7SQsFk69jpdMGFPLucTS1U4g05MJpPJZDKZTCaTyWQymUwmk8lkMplMpruHUFmFZAdQhopRUyxQNp34A77nJxwHKtnihPxJoAj2Z4RBcIOUk4FohH5d1/J0vWO3Az40UCTZk0kER8mRT6TQiEQ3JfjIEfMi9u9daTnAZ3JuhsQLQR+ND6sWp+SYv8cikN5c5MpqwjYwsSpqx8TLYC13rGBACTohMkTxEv6nASvE8kTBDxnhoMQOQsqc4TEhD0yTcGYOjn6TtUkdwmCaNvrLQwyDY99JoDs74mjot9ngMapRG+w7fQBDG3mHtAE6xYpZBQ5a1iOFZ4krOJKcyaRESTJyAg3W4tJ8anCTstrWG+3pXTbeN8xOHjjMeah6dZqpeQyzqYmTGD55TIgjBHWnDwiY0RLKsJPai2RCIUyA4ACEuHCE3svspMEGHRKnU1fykkisHlOOkpCvqcVVOKf3dSJeNGkT15mGBxMNw5mZFBTQy/bilqQuGS4DITpT3QxKpkYOqjSp5X6WJYmqqFzmXqQPQVAK7QRUNw0Cc9gLiNAMXriEiqNZDlJON/Jwuozd0VtBUJ8mRU7qPzU64S6Sm7Ka6DGP4bmPm0Q5ddAkOMhmQIFT2gSyB4I+yh0Wmwc1JcdBBlACESS8pwavaXFCLMkoCdccj/XQk/tYOJLAC5N4k7C7i8emh0AGSWd04o2EmxG0UGek1K49khitwuwKmyxZgpK55jZtViB0uTehcwsz2hKao7T2zJDw1MVm2jjXgFkKtygWE4bRliI1kclkMplMJpPJZDKZTCaTyWQymUwmk8lkWncK2c8kxRqbsCJoXo2eryr6iUFdsmKgqLOHnLsjBRohmRQ0XhEcfsUYV6V8ERzg5Bh2xSyE2m/w0Sk6X2bkUZQg8xuQGQOxQkmFUr6G1OZRV7mywPfoY1zHJ2P2unPB0CFGQ7KCtKgGaEV787/QjsAi25Y4KLwXZAMTyKKsj5w29DkGPs1j1Q91HQb0Wg/6Lr7F+IlzA8+jFIPoHtVKxTWZYZJDgqTHcAWhgdmUpn1xxUa7dxsGpeGZdAZAE0hPu1u4ScIXXEOQNKmYXGPekdoHrT3pJE21LtffapzKp5bqdQrdkzq7t2xivQRuaZBfk4U4daZQYw/Ks+IyVuPZ8YNLqZUKOVtUkKwqpGSu0wlOxWZEPSIcAtulSCadkNxSUMkRqLRjElsQ70KvABHfoXpJKccVZBSoYQuyCcVKJDSGa1qJo8q44JubOaEwqL2aeARf19q3kHO1uERBYJrfDExxuTQgis4giEsH3xECVggmwmmJBoHxH8j3F01xmSqcQIdqqYGJICcuMSDpbUKQdD505w3Q9eOtU/NKxw4lscXx1umTeYk6r1B2MSJLIBCYQvvrgANmw+rgawFXPCe78T0aQGJKfOp7YYzAaeIqdlIBl+xsvHQAWxVl9ynXlGnmc0r/I0utJtMSkEfRjgSiCOLSTWSTl0Ime5phVVqnc5djd0FGHLVEQ/uggmPpTpuEdoGbxRQ0mUwmk8lkMplMJpPJZDKZTCaTyWQymUxrXiVxIjFDzZIiIvMRqCi1jvqTsO+CPPPPoW168j8bA2hkH/mhfX6cPfQHpnuqfwAAEABJREFUFIoNGnFXhCLWKv9ny5QKNaWOBJoVFGh4A4DG3oJ3uHul1NLFOdf4UAjBIf4GkvKGvE0Cu5g41P0uJPsGcOpLIZW4sq8SVJQyjlDCD/4XQ1336/6KUK9wQPYLpMEg/h/jTxhU1KSaPVUkYRIW4ebkfiFhaxdcKwwt/zRg0ZBaME+RVafd9BJAKTxOStzEN5U1KXV8UX0JrLgxuEnbQAWGQJN2q4TrAEVP1GqGTDa0c3oX3T7lJG8Je3B4wIke2ZdMgKto4jNOQYxB6FGuEpjw1NVQU+4W0KRWdAnkL1M5rzcH+ckwtUXUkJ7X00lrusMCMkPi2YGDh4fdiLySC5XP6IHcjfHmZNzEKbUU722yG1IEBrCkBrC5IxNlpAYnLmM9ukd6BFrAwihuS2cgLz1BLJdoAkpyLJ9mbOwPr5l1OGkMbfgqMW7iAMJEiKcOELotOGHmfPA5aw8l5ao45wsiZ65hs49pymlD1AhlumEIYxBqsdog3Ce4QcA+kyM1Ey5iZBIbGegA4WBcH910XU+HuPDFXo4Lpq/Ff4aYlXQzM0QiriwoZJEnXojGzPsgPIhnII/NpWhyoCy1vDR7zRmW4ZgEdeWu5DFMhiX5BpE6BCtxeZVvj4IDfU1WKaumcUcMcSHBgRuij7DclSyU0LWYFpctaMrGG3diMplMJpPJZDKZTCaTyWQymUwmk8lkMq1zlZ4F0I0SQyXKyTccZHMLr4gEpMMSfqB5OKAm04zBoKZn/tm9gUuSWwrnraGIKmgNejYKs5eR/dn4iyDi3ST02GnFnUJjUDwWUk4TCRAj5/eoOZMO/4Q6p03J2EfRBGy3JQdpoUiFIQM24Mrqur9sMFgRY+YAMfZOO1B+4tAxCUA+NTncnSLBgWwZUoBYd48eiTZ80nqjkyXHtQe9QI3aeXASbgLto3JKHV/U05jxQEZPYORRJWvSsCejMBQp4gs4hgYomQbJ271zrr1ZBgMEJMAwOVH1IEx436sYMSGQhKCIysVfqsnK9+IGQI8hr56HyjvCVDwRQop98a3Yi3emJ9cS7+Ru4n84vwykyyTuJARqogehKQjMYYMM+j8EbVsI4vuRbEniqYhHgjSmqS9axE2RV6VK+4Y3XJxDK72JPQNWNK8Z+kAmcQibiW2tPIMkscYeG40EyfcVvKPpGRJNwdfHUAjVQcwUjYbcRXSdNbNANbuABM7KQmtTPRgwntMP8UBfE39DVfLtpQ4fcdZzHpxYpg7Oc1Ibtj/hnDCcz4pXMkGHqgonKIWY7/EA+qZTyStI6B2dmQnoERIrSO4bNgHxXKFaTHHCISXDgjAjaYJhOVOVGdSZn0Ehn6d5WhgSqpLvUyiXfy28SuvpqnlAQTbdUQ2vGHo7Yfmbyy2G9qnvLmu/yWQymUwmk8lkMplMJpPJZDKZTCaTyfQPL7HWQKcWJrJHfE4qsSORUk7j9uougfmp+hTN5AKclyFMk10GxUpjmJxDycSusDcKB89j5NxxWDUdmcAVGMlrjAxt3omkOWtOqxR9HSfEBjehV4qRc86UwF4jtfgnuJyYBXLqDMzEiZPcOiVukYO7yfQBKdsHjdNgMD016E+FsMKx20M8nefYPWcHYdYEy8Cyhnmzn0d50cq2DF1UyZR06IXht5xLKEmZ5wnyxSQ/k7KS1At5wzVlGn+UmXGTFv7S3lk2Fop2y8HCScWxKS8iTvOe3+I+zGORpwaZxiDePrUccBDLujokEwqCQwhbIN+NugdkcFFBzZYohG/FcZqAivYzQuApIQ5DJ46QFE6+QhtEolR0Y/EdRkl0Khq5wKZECMrvILtlKECUGqoXqbSCy1TZKOIE8zstwghGeU4gBALOfJtWaZcRjIIdWojM4Dp9GFDqGcrhVZGlC09+TysKJaNBTi7DriS5UeLZEudvCHHFYeKEc9wQpTWoyRqF7Xs4Uc40d8SA2BQyDHJV7JEqMPhRo6TOiX3dw5xjhqmWUHl1GuGsN5S5hzJOoUt0CI0bqANU4DXO++TKkvq6RYLxgqtzzmuyGLXr8ZJXKEjPSvqgOJ0QO3Mw4SY5p40mXZIRk6Q5QqW1KA9MJFtz9wEmXxQv1QXE1h1WDmvmP9Ltql5ZbgSAArASJhBGGJ+QvPrTDFXnQnK4Ee8TZzKZTCaTyWQymUwmk8lkMplMJpPJZDKZ1rE4LJrjd5zPgy0RPJkvaFgdIIXkIaXWqMT4JAUHJQboBYWI8eEptg0IOVDLYVkJiTt5dZJhxHsJ7rNpAzaJHpwEk5vI5lAI9O4CnKRmIZYJZBBgZPtG+qGUZjPpQrHWhC2Dmo0gaLOpBNM2KAPiJM+OvB0wkxn8K78dQOgTToIzYC4oDKaWD/rTNSfWAbJ0CFIzuJp9HtSBQXgOMaRwJe1BlyxZfiTeXqWuQBi6Yg8lsNHphsJfxJX4jpAiiQhJ8EPBrCQeJVMpTZmGL4GmpNaSNobdTdK77ba0IRjd8EU5nxxmFOIA6IXenPR2cD3qicm5C2KnEzpEAzpgIoBAgdoxdoHE+XBPAw0SDzrWARoWhF1J6CDBJNiCBiUli5PcJWoVxAMHTGjwKx8VhytM04Yv3SaQzVC8mBZxyito8AEYMY1BfTYg35RQAEfFRpwsAzmFEjxMLAiGkasRIxia0XXuaq+GJ+z0wbxIYA8SZlPY0kVayryKq9XnI14eKIMhl42S4gsYZuEBAEZ1qC2Vm+AcN5oGjNOGJfbGN14inD7MpXxg6vYkVdfpKuTeAHYiEnhDfvWY77hmjdDsVjlzEL/UrpllPCk8D1/qpzba1ajj/sHdmEEQnfTIc6a90MDQcPrW0MqwN8uNoHCj25AOXC3IXa7MlafWhvFvzR8HmUyr8awmk8lkMplMJpPJZDKZTCaTyWQymUwmk+lOKccThSpw+qw9P6ovNicNEJBtUDSQn3gRiQByqBxcjBD3Aw4oSuwDRZQ9eZwobuIVQGHoJDSP6Atm4VzLEmEdQSUa5VyFcGabxFi1k7WqQay8huvJ34FNG0I9cNlWROADNWFoxa21gszsSAYcCRyrKwWPGFUeY/h9jENU9/vTK0LoO+xzqp1BwFoIEkJPMFEBOjilk0qrd2CIJoFmQJv9wx0EbkS0ujAyyZBJaT3SHOuZjoI0G6Wp3qWtRKv44iyNjc8QbtJU4opzFRl88omhmbb5LmiqS4OA7FqiI+MlFY+YTFRVMpyBlAhFuheF3xGagwgLMQJxMiaY6B55j7PRyE5Q5KR2Kd9ITo5DuWIYT2HrC+aOuEKmEoQqCHqv8UTiMQ8jsITC48RlpxMsZ9+IewYwuPHSLDPifaQ2H5JtqyLijdMHkXGIjyvJIAhYRQV07YjFkJw5ZMLzslI1zRBkxDEHl3fqaAFANsWhvR6aceU9dXAJd9K9HnJ7eRBRMSMsrlrqSRNDLT5AF1biVMoJ3Nz46DwUHZJsPDKY09zO+ToK4K7d50OEEBnGNFm1ihsuT3aerm07mhnV3LA4tKfce1eFci+llYQhPmitKStHYUwmk8lkMplMJpPJZDKZTCaTyWQymUwm09qVF9wEJKsO/WRIhM0DMgWAkmMHk2kBB7A58E3GHIPpAaWB4ehu5cgjgILIjKQQfQIAQ0+og4SSiz3YQAfrKLCoGTBmdXYYEbLtHjjKZUAVEvFDlAhH88nVgRweOLdOgeCkbBTpyf8ib456aiQQgHKK8Ptqk8BGLLHCgcPpejAVwnQY9EM9HYsRcYJ1HDrJSpLNBDJglGO9PoW8/XC3YLdHsMFNmpj2yP5sQI/Ef7iiMBRdCfnXBA3kSdI5l2/PnsyU+IyjpGFrDk2VQ3v0oAjJNxwMJ4tqzgCNmYRs9KoKCzqA9wfnIJM8chtkkwkUIwd1E0LnXTuLDWJZOx8Syt7v+GEAzyFM2IeCLDAl+Zn0GMDmJnYNP1aU0b7LrImalQQs5plyEt63GhBQiJCyIzMAxWSNDKEPzrPXiBBCbA9Suyr+OHZDohELfXC1OHnEdYn4DeaiwPeQnU9oQvqQOgSwGPZ0YXp6yn6jJ2IjEMTO0HJiH5eWNZ36nIRI4B/MAyF2LLlmOYrsUwRpQhnQ3KdtY47WVs+5AllxIb0PwgkNrS84YglVwqdIVwNpyPJh2vONI9MsabnRi2B7+o1RA0WxvFtV8VV4KJY84WRK8s5kMplMJpPJZDKZTCaTyWQymUwmk8lkMq07iWGBJzMSCnt6EHcTH0PmFbucSHYcjlUqfUJZL5yE8Tk5iEYuyUBjul/3B4O6rv3EBBmccNKcXKVk1cHkNOBQmBYNRBaZdNDdZdQE73T2neLEMzcCXcfxo9zCNh8wrFBEh+WF+JIgqECgJCySXaUJfIOSCU5MFPToWpuCQpggQT7M/xB0QgYXVCEn2KEQdh0GoV5e11Oh7jvyoxnEggxDSPKSOkECmAPEo3oSmotDjQdTkpbSv0GS8nC7/FBnlhBJxjWGfU3cbHCTNvXR4CbNfpfmbatacC00AbK3RT4jdBpTNrl1xqZH4r2heIfrQY6UoySxcsmJwgtUJVyCa1eNCQVA1IbzLVqAEZBe6FyUSAcUhPAljwRKhASFGOheDb6a45pQvXjaaAvTBrADSmvIZe4UJ0+X1Trf8GT3QSma1H7dEHQF0lmnE7YCOs+JTeNxlOUjbhMPhXoRnNkLlXqp0tV4IlVk+o7Ka5VAnyALFmjuGmzeTpeTFihuW/LZEL4BJNONRwWE1OwkTwNdtjAVdkqnNHY2w1KznDSZuElVGgvZRr1uKBs5DrdAN+pc2cPKrUZ1GjBqwW1YJdeC11pq727dD74ooyCUDHbebdCJyWQymUwmk8lkMplMJpPJZDKZTCaTybSOBRLWpVQl9C8bnFQ+5bnwzkEBAogw2QNgCncHcHXAfl0PKEULeR5wFLiSCDJXJq8eyzOPaI3kjsmB8DHFVipxiLjLMdbZOJ2MgVs6AdbR2wKPgLSXAIEB4SEEnaBQKQCoz/MXaTWw5aHgNN+HAgySwYU2JKFLIOeSAdfPNjR1HKXloV5BeVcomQ5C4lU0dK4IEYy4oPHyADmE79uABiRbkYSeFO9CezPNs8SKlDWk7ZYLSoGVuK7xiZ6xAVBG4CbdJDvNL+Ltk9sAxQU1pEmuRGGDNCKiHpJXR/5dAYTcfO1nYRaKjshbGQeB7mTiwzCTFKDOD66b50TALswHYbzHewV0wq9B21X0KrbuU6eUiCsAjDzRnJsh7A+Sz8dhSUwodMLLgbJSYqSSehA434yuF+o+Ar0CC9HMT5hsWjT3ilwkJLql3bLUUoCGWMCm3zuTG3KCocTrJLCOXysnsI/DZkKCcEXpvKD4Rx4RzGPfzpQjE6eZ1YJXtOxnoBiffKOMvB2D5P1pGntnVYJms3F8wo7NzviCo3ZCQeVgcfOHgh/Ky5J0muawAmNOTCaTyWQymUwmk8lkMplMJpPJZDKZTKZ1La9eJp5S4LC7CW1x7Nlzdng4n1UAABAASURBVAtXBO7lEGyeXNewLeMMRDSQkUBVefCcgMVzIU/pI/h5/hwqlVgxjIicImgmBSxK3hl1w6B3FkCZBXdSpoyA2YV789XVkkxHtsmaIgycdo4k3IjB7VAeAlKyOYekYPGpjOAAoTEvCf16EFWTdYqr63oF1lNxp1qkNJYTMiDVGNYnjLkQV7qBQIsUCc027/a+1U1FHN21ppfLYXXIhYZwk+Z84EYYn4Dr4ia5mCtwE2h2zMSalMVK8QWJD5DLAJBLKY56iJP5lqGCyJYyXCB5abD1h28cMbiK1DsNYRR8Bah2JrkfvMs2GrRHhryYetB44kCeHtlFowzwU73eNXdnnBshV5K9MzqzGtxK3IRQrUuwPJhYJx2ZkPp2MsEokvilkpWCSYyCmCGoI2iHK+iGnOGF0BMGI4BuA2E4sMz8kpNXOQYyGuiEOw8bb58Emijn0dwDOgkRey7f32SskoAdrt9nXso5l109mPthBAwhwTWhcf7g6QaYuAs+Mwbfq7RPhjsYO4NQ9Df1rfSMFFQmplnCZruYMvKWJpdzCXxbg2oMdMhtSSmbvJJSP3vuG/nL5NRvBmD8wmQymUwmk8lkMplMJpPJZDKZTCaTyWQymdaOqop9TaDq8UbPEzKSSBRI4WHUhDgp4B1S7o8YzxbipF/36xCc52Q63nNcnSOEniSBVQAocui4NnQigc52/N+5uxJUbIKtsyZOumDD7EXF/SzKda5H3U04RIwJlMGEbwSA8ln+UHRYxlYKC4i0h/kVionTwFC+o349ICcaJKJlGlGIE3ZS0aY34XIcunAQJgHZAKKjHJcGNTgBzN4NXgEQCvOngHruKj1xea4xrMnQoJT5dJqmp9kJTUklSBrcJBcbwk0av4pWA1qzYHiPhwLJ4hGMWzXb1BB0ksw8tAy67BcCCfZxglWkVml3q1mNcCD0Pid0gcYdpUBPdBALrqJpL7Q6M1uUsE1HyoqUhxCx6SVFLkDNazBBMfli054RNwk2g8cTsUNJMHrUmrU40bQ4QTSaWCWDVUrPOEUpkmlJ4b9SIDOSBCfvA8mlAwX+4vN9iK1pqWCKUxAMmmuCKgM66Q4pDHiAc0hBuvpMygCmioVjEaYk2cnILZPGs7nxoEr9A21XlIyqoN6Vruhx5ZryHdl0cFswGh/RYcU8zakDVor8paRHY98fc37MQE6adWpMhQF0amFBR8USwXvkRQaVSCIAxcOs1lyTyWQymUwmk8lkMplMJpPJZDKZTCaTybQG1WOLE+8JN6HfIbEhGsXX5+SJQfFe4oGSCsYRWBIGZG8S+nWoycOB0mI46FEA0UsFEhaEIlEPaIBRc1Z04tbYIAT6pqAYEmlUzQYIaUVCRwZPR9WyyqwJ184vZTA3AQytK8wpbHJEldLoSOIbp/YxjJtAiyBx7RQSajOTjSZAU4A49c2gZDo0IINpwlnqfiDepMa6RhxwPp0BEyc1+S2khiLlYEFQ0w4d5BSMH9F1bOtQXqpLMXX+ofHSIDk0faGpUjpqER7NzpIdaTZG4ibdt/idBIPMhJs0VYEr+JPytAmCgeYqyrY3jVdXERpRtjmh//cgETwaP+dOcCVyAZiQhE7lmM7uCrjEjeBeXDldemkjExVCXUF2/YFENbVqKF6dmkdUzjV8BczElnT3Nq2HlkNGJ2NLvj5ujB9CIYIOCjZ5aZwrU9OAQD8ptRDPtnIGdWiUPKLgxpNs6RBewNoXmMdMbwzMZEwiV5p7PXdou+OU1Gn25XZrLc1SgQUBo3UpBJPOEsc0tPqF4SRphQAcAjo119X827QAdf7IUVj2BDOHReNzn2HmPIIr7jqaLb615iau0Je1atIcvVgsUkep4w+zNnxY0Rzvi/WFU0ZBIDjI0uuYTCaTyWQymUwmk8lkMplMJpPJZDKZTOtckxMTypSkSH2iTVIYNbtGSCARNdpbAxLaQLgJRRe973EWD3JLUecEioF6MW3QGKgE58UBxUEDLGhkPIEOKX8Pb0rIcsQD7U3E1Y1EI2YrvWQ3NltIJ8qfg+AJjMiZfEroRH4w/eih3C/BYR0EN8EGEPDQBMSHPGC6zXU5hI0aMAYOwGMgrKQeTA2mV9R1P4S+46w9vD+evc55M9RNg8O+kGP0DovEIjh0+Z3gNQe5JYkKQm6ZZ9QoozGKFBQX1a6utROG+hzyBeep6FpIChRlfQJIZHrl5nrlRhRkAChpklSZa7qheHdko5rT5b08kgT1BBlahz3XBP0h4xJyM2n3CoYCJT3gnWusNNJOYQ6K4P0QBoINsoB5No8aufYVJNcJSLAX7fUlQDH2lhg2VnHOQbeU3NjNmRG7wAeOrr/VRP5XbDjkNJlaKOfuqBsY3CoLulBOu2GQW1jyIys5UWrgqHLQvSNa80V+HXVgSUYlsxO2x9HbuxQOtyW/he1JkZaVEo5pH4Zu6GrEX6VVVfbEYThGp2YdpHPzgIkxDQ9rnWg15J+gmCKwUZLaJdFFeoG1AvYIkDLqxGQymUwmk8lkMplMJpPJZDKZTCaTyWRax+r1KjEv8V6xB5C8OC0wpBHHIz1CRYlb6jDdH8Q9VTXB1IqnkCCHAauqN8QYaFQfNVgMIyEPlCf2R6MIa1Z3yuZkpCSwXtSmWS/iJcduq5HgBCETsjUElP4LrZBvx5aCE9gwZcL8SOCn/cnBIiAO4k8YTA+mp+p62uHAhZq9TwKbqQhbkGw3Wj2Ms+rkUQFer21piBOdQmIt4hoHCt+cbijK3lxdizVxBV/Swk20aGNS0gZTMrUhbZgJN0n7XCqXzwpli2DEbFaYxifGo5E4nYy+stz1yqrUAL4shiMAAbEsad8MHb5jiDNI3d8uPcQiZKSsY3SR7UpGUyFdVEHLum713hVEFkD+rTnI+2GAJuMyDJpAkd4nV6xITAuXWOkNjCvNFzMbwYipMLvjYJYNgAa0mm2TmGWDoTu56bnEgOQSyWwkUXGFawilX3I4yiAKiqmEArvJmAanKbWCywNOxkvI3j8uwyXAg+uzSwxhVsK+STKhAJxhp2KnEw9YqQ2QJ76E25NNryqcCQ8ymUwmk8lkMplMJpPJZDKZTCaTyWQymUxrR9kboonri++JS+F5DR+CRiaBwooxPDgI9YBcToKTECKBKhWHFX3hk5LOIUkcGsuTjhFDbkluxbrRneVOWtHZFKvVx//T70R+1LHPGATBZBqTMIdO9DTX0bYTADk0gEvMCpumxL2ULicMOKXOFIa+CwPOpCNWKjWfo06+FpllmN3FjoqTN+PEhjbxfxWPsXIbupPj7CkhiR8/rC3WpPVra0IUGMjscROX+JSxuEmmTlKVedtBgZ+Man7zbmCHk8CDIZBEz8EIf572NXeccMq387HKDaRkStnco9Oc7LshoxDUUkUsaHKhMh8J6ovcqwUS0ZxqxHn0gsMYGqWoPiXnaXYwUDaybKt+KPfIfIUxWJQvcgmtXLPHPlZBMH7n7E5112E3bOC1kfUPbSuHgq5wa8nNSIxPfqfoYWaAmqp0gBPGFoc8pKmKhWNS3A66IlRxZqOryAMruSMRF1drSp04Q0Msw/5WbABU6ZzFxgBIrxU0B5PJZDKZTCaTyWQymUzrTkuWLl980y0rVkwtXz41qGtnMplMJpPJZDKZVpN6VTVv3px5c+dsuunGC9ab50x3b2Fgj5PGRiEGFX2Z08RxpDGlNODcMOhqDH2iHQCqHj+3XmkI01WxNoorZisEyW2S0j4Mqx1y9W7tEid3PeDr2lHyFLBvoBGN0hKRUAeBTvIhTVQ+Ozs02VG0cnrqP8WUeWeshlxOiDgJIfTJ7ATqEIclDCilTj3NPwPNpCNgkHgaAGoUOLfc3YmLBU16lJKAgGJHwJFgzrGkSAf53pCJzghTjIYycS75J4xhTVwbN3H53QI3yTYqaX+BmyhWMhY3KdmSXAyG+qjdGGgaz2UJOimy6cSXXnNkE87HoetXbAJbg9J1OxlyvoAuvQES+88IC8h0KWiEBqwphHkH5ncRi4FIb3VglRZUNnYadbxX3AgfDhy63pHKXiwjzTf4QpxfWSVizhGag8YXbNU9rkHNdqaCZql8b7vMbIw/F6pnTGdvEIOhZoBHnB5w3KnHlZEkRg2cUqRDSveIFswrlky9dJC0KBGFwjTRHxgn2XPiYtaTu467jFcKmqaVzij0unBw7YEXP3VK8UpJ5RxLOEuqx2QymUwmk8lkMplMpjWiq69ZdN2ixc5kMplMJpPJZDKtAcW49x1LlsWfGxbfstWWm2279UJnuhtLch2k59Y1qM/RP0wmA5KUBepATh19hwO2OaEQu/eMmHAuBEJVNPMBxx59IgG82H0kNqCM1cJKWzfrnXdG2eXFrV5xkDS7KpAxCTh2OYk3x4AzGeUO1wNyg4bDqLHbJXwL4jhAoVuOBSMjLPTTB1/X9TTGbRzU/X68Cx2qFQUHhTnHReP8waNaZD3JhIy8lYo0G4lByDCCXAIjNY7ixeAk14x4nLDXDZ+3NHGp2sYfuc68nQcDOmVck2oHSvAkv9GQKyWI4ppWNY2fCTeBdheV/0In5M51+qLhIXEj2YOlR+mm2hqaalAG9ROEkMiMEkMB10YToHsbYL5zpQsC93/ong7K8plUQNe6L7tsyNDv3SNGqnOtOcPUcMFc4/iqtE8T2FEalsBQVTMIZ1GmaHq7FxDbJ+twJ9gBc9IhHVyo25NDwz2i36SqckJkP5HOELcPK6ihLrMk+4vx0J71Mi1krQlpWiW0JWDTUDUgkdxPDsTuihY74MxTKAs/YOV55fdszRRHzmeCEeseOSQJgEJn5HMHvQ0DpjuWU+skwxMvbfbSOpPJZDKZTCaTyWQymdaNLrjo8qXLlseNTTfZcOONNliwYP5Er+dMJpPJZDKZTCbTalJ/MFiyZNktt95+0823XXf94ttvX7rbLvdzprurqqqCFCwXECGjGMmthJCRGslJYzoE2gDaJu4AKjYy8YyYVBIKF9DC+0oy9nCYsYi0alKRWaIeQ/gBq2spgMO7RlYGmQvQ610duEkrFqwVhiJKTkltAkuIk7I5ufUub7YrZKOQWsERZU0QOMcRBrKbCfV0PZh2brqup9hrI1BiHSfmIvQaQJLvALoh4GGUxcJwOhXfdiVJzIZuQsKLxOPEsTFLomTEywAbpmMUItDMuW5rmgHKrMlscJOU2Se1GTJQpS2HwvQkoyctIqdpCUBrX9O0/NoQCrlF3JZZftGATGyNnL5QABnZ62LMlNWW+GRWIs5CVZckaiYdppaqIcrwPdUgGq2egRGtKA8ea0CBQ0WhmAPllRYlsuUGv3ZSc41BT8aqc8+jcyNXACLq3NDi0+qREesXjMjdM3KFwc4NN8PaNQKyaeCTuuBUOr0hLWVnI8CCPivOmliSBjuBVAVZkzDSIXeO7MvrBy3oAr45zd7E10C4GafFkQ3HCKIP8YfS5Kh/iZR0eVYSFwUvrJ7HAAAQAElEQVQBS9YudbP6a2knegwJrwnUHjYHcgadmEwmk8lkMplMJpNp3eiaa29Yumz5RK93vx223WD99ZzJZDKZTCaTyWRa3YqftzfeaIP4s9mmG/31iqvjJ/Brr7th6622cKa7pbzGDDFbETiOOlKAlw05KHcLclYYhBg+DMDZN6oeRSuh8ppNRSxMvCAK4NXtoqlQXU9Gh4bVF6PJIOGLt7rHdQK7Ei8fRiXcjEAJJLnVJAqphmQooGANm18gsSbx/0SfYCjYBmxF4RMQg0GDyjmMrBvyVD+FXgdkZEKZeqbrul8PKJkO4jTvDBwODhLVBXG6kCCvz3xJIj/S/0eaP4gpDRZTQkpyzeDZ50R6XqLMwMyRB0jIAXqyTNBUtkJCVGXtndO1N6Eo07U2Kd/JXIi+nQtIRS3cBBompDmoQFVcfm8MawKdSQYNBdKcXsAtqXP2T7dks4qODUiXwBg/p3mI9TKdQEauZYMh/Jcbn4IF25W5zj7+tVVyNjcPNmRTg3x1y2TmAWY+/eqX0g8w7r3Oq1o+SdMC1m3kyLkiV5H+jq5Te4MFlaU0/VVzm5WQUHY6yTU6N3SWYmghtSTe+B7ybY95UWgOg5QYR21aggwq3cEhuY8E9EhrQcWX7zNyhEEuRO8BlD8akodN9lM6nPinoxKARAmfkBrJOB2bmnhlpLR/gsP2lWg3+qYXdGvl889kMplMJpPJZDKZTKY1oKXLVlx7/Y1xY6cdt1uw3nxnMplMJpPJZDKZ1qQ2WH/Bjjtsd/Glf7vmuhs32miD+fPmOtPdT5Qfp/uAfhNoDxwmjPG9GISsHXMT+hw8h9Y5tw7EgKRjxIQfexdUJUd0tUIu79zq5Dy0arV2mFVJLA5ZXS1R0CKkx++RCRGO4RIiUteBfGHinuC9gBBiLpDsE3LLkyUFQNoroWTFUCSRxQApgc4UhkEI0+R0Evpxj3P9eCY+nNLuSIKLjqNCCmaH1o5CviiUMAqxLWjcJjKKkUwI1OWm5+MccBWdH+V4GDKA8TA2ug+5K8uzF9F+1+AmRZlh3MQlOCT1tLa2qXsUblJYm+RDWk13Xdyk6aC8A8RiBVI7Z4ZOsPVP07gx5h3F3HVuXLQ9D1MqFFy+ZC/vd5KxZL8TB6NuICj/hU72GCyRihYmULRP8SspA0ONFweOVAdiMROGgJdmPuTCq66OzcoYQWNZ05QUSEMtOPItqmYh7QWlGMEOIQcAeZzbzSo7Ki8FrmtQ0j4BjphFLsElCHk8UFdfbU8mVLS8OJawkRLmDF7876COC3/l/ISHnmbPyfekF8SEmp5pu4CAOpW8Thr605Gap+dV/5TGR0dILcVS+M8RraDATEqzLKYlsUCfxg+hyWQymUwmk8lkMplMa0w33HhTfN18s42NODGZTCaTyWQymdaONlh/vc023WjxTbfeeOPN299na2e6+0nC2fIEO2pCBfFMAOYmXO1CTSlb6IceO5eouteUOimrjtdIPUInGJ9itzB02tHNyVuoT8i7kRkqukcBrDTDTje3RsrRcdeV/D2YLUFKpkO5b+K/lKYjSGt96lSifEbUoAF4p/F0VL8Bir4GztHDQIcORT8ENjgJfef6seK6HqRQMkIbEZH8KS4HoJvrH3UhuUeUcmC/hIT1eJdTbUiQmFrtxYMAOXWGWlvIFdQ6IvqWa2iNzinzew1ZIttqLtJOhVMeNtLdZJVxE30vB+GHWuVyV3bazrvV68F7By38YJZOJ+DK1pT0Rqcc6OiOohCGtHImA9wMpFaDr+i6MFwWdNxHjCi6EmLxyqgkCmGUfPsEWCwZ6GZDlK1eQdOIYsaVyblmxTsMdXH2HZHfysHWZDaafEbvOjGnSfeVa1riHA6Z4GQfkTQJea3WlGnFiTvkjvIzcs+mPEvsXQXEycV57P1EnN6Bb3tsKvFqfISgRzv+A5HWe+krTBYrmC8+T3dPk8dTsh4cdqpibi/PgJLE4Z2+3aUmk8lkMplMJpPJZDKtPa1YMRVfN95oA2cymUwmk8lkMpnWluIn8MU33bqcP42b7o5KMewU1teYJWc5APLNcGG6DgOknB3kawI+Be4r5ysObHoJXab6hBTxTfqRtD8DEPyrBwhDrYFR4dwip8Jwbh06wM+SO1ntQo0KI7EA7BRAmXTY14Se04ciVw4DEh6UynHijVJ6PyCnxwlB2RHH9ikh1jYttTkFWSiljsM+hqkQBgB1YFcVgKZzIKeyyShGZlnGKAdxS+cYwAQV6K+aOofz6WhGDNqgwS5q5iB0kKuQ8m2nk3KAoTypa+gSKAkQ18ZGnPhFFAzKytxNksfGCNykY21SunE0d4QbbrhLb46gEGSqj4FOZp6iOolDHpE2p5DSoIy8TzpFnUb0W0Mj87Q9zDM1pqy5eGP4zODGKZRnL6pSQgJbdY5sEIhdR3O6O32fw6gzoEPXRdvyndSYikBO1gREV/h256TVp30GKG/LXM+YFS3foVAMZcZxfMukqGm6gjCZoZNxheQ8RZnOOEVNkwfHtViqzDlRDUoGOS/OIwTI+R66Xlx8QvBl3jN0lTJlreakCyiuMd1f0Lzf9E6++qJHgnjJ+ASbDM8MHYry3jSZTCaTyWQymUwmk2ltadly+prbbE5MJpPJZDKZTKa1qfXmz4uvBp3crdWEByFwMDVQHJaJEwz9waAfaozhx4pdLTiJCCEEviIggX7lH58CiF5CrY2nQRFVdU0mkxmjhSOjyiOJE8U+1mrsETh0rECJ07g+onh7sNMJNclDmzhRA5kioF1k6FCTARQ3GYovg4Rfa8qkQ0YmgQxUcCAYiuMNcDXn1qk5KYXP1iAjDU3GgAEtDkAa0hh4FDlNysivuJtASibD0MmIIcN0UglVV64LZ7iMkrgWX5K3m+A4tNkRV6IiANkSZRRuksoUyEs2UGkmYjeliiv5lLK3ipYXNIwbds3ptcLl4yYojEQ4Wu/LRCtMaFqZaJpqCqTLJaakzXmh5sHS2mjKwsrIE5d8KopbFkv8IDWp1aBhNxYxGmqzSa7db7m7ykaVE2+kYOiQ1kmHiyv4kZs6arHJhEQJFuntgEGJExh9Lhg6X2mRMrKFnTb4ZDCjuW90uZGODtK7AV3ik3SgXaL6uJUhlqjEuCpNVkHAvNqf8NqkoAz754D3SodxzezaRLd6XJIC+pBxOeVUKueGjVxawwlQ+JWknoGh6V3STYluozZLoh3UMt43a4XrAkwmk8lkMplMJpPJZDKtPfEXf66qvDOZTCaTyWQymUxrSxMT9MD/YFA7091SRcjPB45PBnrGHNlnA+tA0ElNCEUF6BHk+fcYn6w47FdR7FHilq5JSYJDYXaAdjKJO9HOscTJ6NOsaaUGBE5AQ8FfxUIkUEpZiVKcGsgxIEEnLhXg9qIiK5KVh6kAti3hxDpA8eUB1iuwHtR1HIoBR5xpTBg0QXYBCF5qLdvmGjOLEURDl1aQ/BjJJISbUxFJwv+XEHbiHCpOneIZN/EpXZFP4ezk0IEFxyShaiVYyvDzSAKlxDhcMaW61iYFBQDaQNfk4ClwkwIvcQVWkjddQ+q4BmFxZdug+L9rvVViK51oe9zX49RTLhmTND3C5UNRV+VavdD9zkI7ubunqyaBSWqfH0rEAm0UDHy+sMqNl8T786yV5EmgWNLYJuHQO9QSX0k9BaYUOh4eHXcWnU/NqABjCQJ8lQPnXOtKQe60VkqtVAe2FyfQm9lrezDd3mKdkzx9XPI1QofDF6zrAX/xlI1k+Px0As1ilr1JMAh+kXo1WfT4shMwOX2gGKwADxmtOSFUCoYESNY1ertyOys+oadLwk5aLKBDUlcq5BHocGkrNxsyT8dGWM1goSbKAemmTi92OkRPmggobG7OPMRpGdVbt+K2A9S8INZkp5WGVeZb8raiFRLAqBOTyWQymUwmk8lkMplMJpPJZDKZTCaTad0rUCjQp7QbGp+sHfbrehD6/QHFUH3VcxRAJ7cTiC8SBEffRLc9BwR5GyRQC0XCFvnHa0g3RYGxiHRDsRPHZGIR1dgKEIsoQOk02K8Bzo7HAZRPyM9KOfqbW4XpKX1I1cv+OtQ1QyeIhIYEwSxSQzi6yr1MKXAIKIEcEJdoqsSpGSAJnHSH/Euw7of4E1Y4N0Ub9aAm6ETC0EHODlSvDxT+bT33r9s4TOD4xJdItguugUPIQh9QnJoHzktgXi7aq/UAR73lyuUqvIaBS+ONMFBIhQ+W83g991DPD1EmrkWNuEyTdFmTkkdx43GTYholzGSluAmMaIobPWegOFhMghgcCpXv9SaJtpN3qnRroFun5gzDU3+kzcYs6lmFkuPqTgYWLi09M1XTUCZy6GzP3uKAUNEGrqLLR8hpgsuDxE4wioJksEYmMjZr1cySejBN2AxuFAwNKgYGiaVQ0ySnCybqpYOrc5VeOBhmziQTjlyTlwmN4mYDPgQGnJBZE4Y/UO75lNUGNYUNnStIL0nTMK1dWDXXkomdESrtc1r73TCWhC7fdrJsqLUSMsXmZEnyTleawvRFK0x/ZtayvZXJZDKZTCaTyWQymUwmk8lkMplMJpPJZBotAEmWIo+3Y4x0EvVQh0Hdnx4MAtt0OM2NAUQkyKP/4nLRTqIBaySmnoOwspHPEAq4QlGJ8qrcalPotAcSNELGJqGPlAGHWBNNeIEJoxD2IbhsGiAsRBO7xVy5ZLtASkdBBwxCPR3qKXoNfXDTAfuBU+2k6HjIphP8KuzHrC55eIAymOELMwnxFYAUH05vBQlh55i04EXJiwBzaD0FiBU+UUMUmBHdcAUzkimQXMYVhIqyIAU+kl8a75MGGYGu0YlLjU7tbMEjbgbWZHTAXXb7ioLnPdqu4xD2+732gThTHWtSJdWROYxVBU069axUYzPKNNSAlCsNVJRBGVMlzHLfiFINEiEncjBkpVJUGdKtpNQDD3HI87MoqVdQ1tJqPzTvpKOR3Yr0RqFsWpgQGHTJRUTIEq9eMoqkBL0ruHXqRETWQ3zGwGCb2KlIY3U/5eLxKMRJyrxTeE5Ji8A1DIxPziOQm+1ye1t9AJ3eGJpmI2dLWspz/eLMguk92iDShagTxRR1ARGyrdOmdUpx/X/23gTQkqI8+6+l+yz33tlgBgYG2VEUVDRgxLglQf0riUZDogkxGkVR1KjRaOLyxSUmBlGjfoq4r2ji9mlcIq6ACyooi8q+LzIwDLPPved0V/3rfd+q6uo+yz13Zphhhvfn9Uyf7urqve7hvs95HoZhGIZhGIZhGIZhGIZhGIZhGIZhBKoLKKYBq3dQ6ius7Zf9uV6vdNU+rX29FiUnIBxADUqs4yY6AV8P3NHfP68MDrBEa8PuCDQFuedL+LEcW70lcQmoQKwtjCnLogCzEwweUuRD4ENUIA1Dkk5Dpl/VJ5sTdziF7wrnuxMPHiemVxSzppwty557K0UfDhzkKbZR9q3v5baeCsztUOE6BrWMF12Q/5LzGwAAEABJREFU4oTqyUF6Ykl5RDVyKaKLBLmtkBZJiqSyLxNVSLrhpHpc6TxqQhORaE2ErE2nKpWw57GPoCYZLzcZTNKpbBmEGJgafJe8LeHJkCrL3FHPzfW2zs5mMa4lHF3D78TGR6bW5cB5Wrg+pOpL2OFuItvqcTL/WgMbqlRIYVZoKYKkYh65yRjMvC1q8TqVwCKZKcq6dsFb/AQtDD4dVla6tsYdUWlPLIloYr/4YNm4rLrZYF6J0g5byxKiSB1jtdaQjCMpcMsrRbzGzxoYhEWZKa0wwEmBDgUtkoImzKJ1ksIRA1YMHie0cZXe3LYxUc8dSs6KrG5gEcODZPq2Pk173lAU+dOSPvDpsZNZC1k5wehRs6uSwU1LxjF4G+4XhmEYhmEYhmEYhmEYhmEYhmEYhmHuAWxISBHa9o3p9cper18YqzKFKQZUCIQkB6xpKpSfRAkFlaGVf1dRxeuMnhiFaeyelH6OlLFeD0VgVH74jBch/JfmRXzdLqp9GNBB0HYLU/ZL07clyE4s1oLRfECE6qjFTCLcZ0qngf0qBdWWDSpO0LwEs4EM+KagysRdAVNudZ1b25eud6qJWyOkV1FE6xQRdBVWDJzUobqApI0K/ioUUyGDlAcNESweiYqH7y+39X1Ifwz+DdWXSYlCc6WtFax9vI6o5d2ECTl8B2vpOMHFJDSpRCipRCbMCktj55UJihguN6ncUYbsyeC7pOe4zN0QQmt3qbZunV23Yf3GzZuzoC9Q3pbHTzSkJ/cwie4knb0NTidJl9XdsP1MtCepOUptlhjYj0HJjh0mZyHDDTs4M4hOqC+yBcFHBKRhDT8lm6xkgw8Tbq7SmNhKY4PWRkpSO+slWqTmI4kWPXvWZor8Vfx4obzoJEhPsLEuIcgK5IJoc4KPsZbBLgR7U8qSWCxq4NLDrN6FPaWQLX9qhKirnawfeqQKT10UAKY94sg75praqKHxuhO/NR81hm4tuBEZFU6Vl1LowV8kWx9mGIZhGIZhGIZhGIZhGIZhGIZhGIbZNUhrvWlIvyh6Rdnr90tr4Hv0OoOvl0st3bTS4ORAqQ3B4EQIn+oi49f9dzxVmb76dnwS42CHCC4WxKiadVJH9QqBWO10O1CU7lQV/RKkIVgpVmAKE9QNSR3X92n9bvt0CTJKKdBWprRlAfE87rX0TiemnBW2lKKEpAzTMGKoH6yVXgoyv8imeXVkEpKkKjsSK4KMo9KXYGHc2zjIyjTBCzui/4pNKtb1DYmBCKTB3Q2ikIaCJBWOJFqTuj1K1IA0OomLZdyITLc/YHZS2zE5sHcjKTQoBLZs3bL27rvXrlu3devWLKw/9KnYicXyoDsZvbx6qIbajWybQsX6kJZRW/U3kldq2BFKiNh68K6SQ+dPOhbYhrTNG9KIKOGSPl7K3+5NHZsUVSxOtCHxVj+ikuX4UBi31OBB4avxWTl+OBVRYyXRF8ko94NqNDcoCJT5aaWE13ZZEpooU0LfIFbzejdN6rZwHZU0aLKEO5s8ooPXUqbqKTH2mlVyHCFEkluUXr5BdxNRee3QisrLSGyU0dkwfkiRRGSF4SS16qFGAn8zmO3QTjEMwzAMwzAMwzAMwzAMwzAMwzAMs0MwRrjiZWlAdtIzZq4oDCpOsjwHJQUYXkBeDH71HP5PX5wPa8tY9Q9ztqsIOKy6bcO3463fEH71vWroJTChKCkb+7ONOxImTPJKE7Z0oOLE/bgzR0IciFbRKuyGD4GQ5F0QtRjGBNcWqEFjTblnXV2533c9guak6Anhqsx9IfrSXRZpUKZRVqoA+F8q3ZCx/CsGq/Ri8GrUSsYCir8+DSe++iglaoZV8igyCuoASysqqjjbsPmgE8BjbMhk0pq2SGUesrY7si4ZEaIWwSNCQV8m68tYMZe13vxdISaWmyxIa1LvAl639Pq9sr9u46a71q3ftGlTURSZGIqVu8CeIR5FItcKM5pzGmxbBI+fCDdHowForsAdCDHeVaOxJ+lmpWpkuHhvJlnFwxjclorPKibPDDsaePVtyFuDFC4ybCj1ERINbx4QgpGViA3rku7OG3ZAUpl7NCwqS6AveMixbyOCQwk0NYYcpMilRyml/MZhkFDUxnVSGni1KI8pjd+J4FxCBwF+RCgIU5TkUz3hcGKlP3NVWpaVYpIxOrZrKnqqG6kSfZGYTpFJEnn+UFMpkzg0f81UsH6RIcoLT6ihsQcvLR0YGkR58Q7kmFGUF3YOb8Acyt1CgmEYhmEYhmEYhmEYhmEYhmEYhmGYXQwqTjAixoDzhlBagYDCVR3B48R6rYnG6iLVN6n4r7z2QFFwTKID8CXdUKxVatSm08K3HfZVeWyExVbp9Q6yKoJjAoxQIdxBVt+6H72hAWpFS1JLCBsr5can4YCngAkzhQG5Sa/f70FVVwmtlfvBTRjhlTkqfHHf4OrR48TC+XZn2hTux3UkbFEUXnQCxieulOq26OrU0tB5hZp1UsT3rgkmGCOMqbmOtteoHBZIUxIK01Tpp1cVWqOaxFe4yYAAjhDPhrReV4BHWsaLRqcQskiUDh4Q0LkauAr1VJshQpO40aRxTe8hRcPapNa4LjdpSFsSDYMYnBxyx4y6h4iNvbk77lxz59q7ev3CPUFZu5WNba8aIVL3WlIflB1DTKLxPzY1OwlKhVGPrB09R9b32TZmDlvf1pQVMubj+Od/aA+kkoDxz9jo3kEZX9glKcUk+BRBM98P6kjweSNnJJRQ0BOtDAm7rILnzjUoJfVvUaRmrLcEsV50QgovyKDBDZIIcEDYRecgRHKFVf1ANh9yQeJBL7uhXK7anZ0Oyl7NZrx6hmYFxY+0YR/dtAkni3bCkptMcD2JndvtlDgyDMMwDMMwDMMwDMMwDMMwDMMwDLMj6JuSFCclfJUcvq6OugnK09FYKQT1ifDZKHJs8d1OOG+QUGu2w2M0gsEJvq32hL4sH7/g37BvSN/K+b1PbNLEhvIm1pVtGWQxIM/BEByTaS20UApUOtW2ZFpN9T4I2JnBL+mXAhQnPVOCysSaEtI2TIkGCpCzo+AiUMtKeDNZtd9OcJ5DfdxXf9HCJuwxlMKjjCP2Zf06MlR/fZVYRouJkVsNyhsygoGuVU2ZlLSszxkQmNTK6VEwIqs1Zb1R3RNjYN1hcpOGymXgWIa+SzboXm5bvXrjls2uXN7udrM8cw/QGNEJdaHEvYAxD8aOFJqkfYLNibF1rcnkHeCrvwFlUC3EUYBu7cVT+fJF7UXtrJvrqbaeynWm533+d0vKwvRme725fn+uN7dlbtPdmzdv2FqNGdWoREx2qm3Ut0zUXgnp1WqCQogSyU945GTSWojE60fhZtDWxPglfjz3MhNBji3SVmlGArWIqItkGIZhGIZhGIZhGIZhGIZhGIZhGGZXU6KkwpDmQoYoFTS/wFqhEuQpEsQJ1ZrDq7ip78A21Na9oUhdNYJOAjJ+w12FDSQFzR1SUqaCJ9U/McKBzg38gDLHgENJ6SYLpWSWZZCno0JB1dpg5xGrr25FSauj6UkpbGFNYcs5U/ZMUVhwlim9QYApUOAS03xCDbd2vJHRNiaDxySETK9KyMRRMhiQhAOoBChJVzIRhaCbg8R7Iso9jJDNjcdNeHsDE6Ufauju0T+JfESI1LgkqHhk8r6u+5DVusPlJnGRrG20NjleayIb7webrdu8SWfZVLtN5wnMTkZ4mchYkMd/7r1+JzvM4yQNrIFQKcCakHFTqckqcdCwbZoR04r67+Rq/706+y5q77OoA0FX9w10prozHfcT55jSbFy3eePajetWb+jN9WFOw91kgnQdSScwas1obqNVoqoLIzH5PZEHVrya6WNvaKXS927oSpqQyEUWSTEiSGCMjsC8ouB2hQ8ORhVZcV+5ygzDMAzDMAzDMAzDMAzDMAzDMAxzb6Ys0YVDKarxKYh1wYqeJYML+Bo6lvp0ZRxS64AKmirqRQQJMBoKlYTEgMQkPgsW5Akh4aLpWYK1RlqZllqMhcGUn7iston5cnYalddQBQ1ftMesIQNJN8KYslcW/bKEQrkFuYbEBCL0g/EWLRTMg6oMaEOlV7BFoUggU4LiRJi+AcUJ/Niyjxu1KdIWKNLwnivhu/1qYJfLUYXjUSdd+b0METnCl5JRI0NFf0rbsVWyRRRa2NhterEEnabqrHp7EqgOY4yG1JDKBHuL9xYeRioKae64aApNqo4bKzT8GwatTZKVam8XKjcZqTUZ2CVRGKF1JnXmLrpA2RI5nQy9UHJSz4ldzfYqTmy9H1Sc2BivU0cmF1TVHl/rR6JGs0CeqfuvnDlsxfR9R2syBqXVkr0XuZ/9Dl15581r7rhpTb9XxKV2jFKjUqYFkxFR+RlJ2VzR+nFBRhUVzVY+dcs/H/FK139/eAco4XUk+MhQiE50PbFeZ0hDY1xRVqYqDMMwzJ7PV77ylf/6r/96ylOe8rd/+7digXz9619/4hOf2Gq1FrRWv9+/8sorL7nkkj/8wz/cf//9BcMwDMMwDMMwDMMwDMMwDDMfhasCS5IeCIjU8QYn0oooHJE+BGHcF8vTAiBqDupSkJCeM7BakrAxUEweOlMIIesVe+g7rYiOKpSPCBKx6YrS5+Kgu4kB3Ym1ZVkWBrQ54OoBShOtpcpkICnMep0I5QR5lQc5OxQ9U/aE6YHTiZm1pi9sH7xbvKTGWC+sgX9kyJcYcc7E+KOozaUuFWpBlFSUd+MNToKUxDZXSWrDaTW52pQd1IzImlIE5SxwM7ktWjxXIrU8aF6HqjMZpCtVw4m0JvVdGHg7TGsi5OB+pP+OuNlHPQPdmWkBIUkGkqiUdE9VRiEh9b2kB8nfK+Fwxl/kXSak2E7FSVPfgL2ZYHBSGxukbJjU1O5LKUUz+8rjnsbDVs4cue/Mnpqesz1orVYevM/yA/a+46Y7b7/hTlOaESNghVdzxBefWhYm608M3OYi+I1U4zjqg0I7m1wtfztJ0psEuQkKsGiJwU5tyCIT3twKs3VkaTFSyQbjFVyNLzrDMMyez9q1a6+55po777xTLJD/+3//7yc+8YkvfvGLZ5xxxvLly0c1c7+EtmzZsn79+iuuuOJS5PLLL+/3wSrskksuOf300wdXcfvzD//wD2IhvOtd7zr88MMbM91GL7744lGrHHXUUVdfffV//dd/ibE8+tGPPumkkwTDMAzDMAzDMAzDMAzDMMwuBcNdFAboCEFJOl5xIqCo68UJVdTGeOmGJZMMrBujr4YcU+hslNtH1LgHStIolmgIDhorTFwup6Io+S7QT1AFwDxwKymLvjFgSeJquDF7SNa2FfaBqq3waqqqKopXyrJvillwN7E9635MX4nS12sxfEcJadOqOhZaq31sEgMrYgV/WP01Gg6EOj5oZqqavi8TqzQACeu43sZj2LZlNb+mlggSD6/+cQeTKS1Lo6xs6UzKtE3a2UAhu/aPSFJ26kKUmkKhvoXYCQgAABAASURBVGoth0cM9i1GWpvIZsNhRBmOra9t3JmUOkiQIFwE4nVG3Pyy6sFfIJptk1ilefdiWxQhC5SRyNFryfGbCI+siXOj2Qm9wxZkkyHDCGNTkUMqIxv0y3CvU219/OF7L+5kghlNlun9D125bJ+l115yY2+2R45H1eL0yqaX1F+reHf6EcPi7wThLwPGoMlKjmIkDZxkjkUKFHJN8dc+cUVRMF+F2yFswtC1RuUZJfEEgQrJkEgN6XdPacEwDMMwo3ja05527rnn/vrXv372s5/9nve85/73v7+bee21137gAx/YtGnTxo0b6XXz5s1RERvZd999/+AP/uAxj3nM0J57vd5tt93mJrrdrpiPrVu30iqDi66//vpXvepVo1Y844wz1q5d+6Mf/UiM5ZhjjhEMwzAMwzAMwzAMwzAMwzC7GqswDgESY5T11W4SIVA5UFLWhawK0KnuBL+c7hdIX85HQwvrFuG31i0JHYY7kUS9BqFCYZrmJvoH25AUxJ5KQQXupuuFGFaUHzEH7EyMr4+DzsSYsgBLEhSduLcSv9WPR4ZniY4MdSFWlBZ2m5QYYFliShsKp8IWZVnOGTNnylmI1DE9a/tun5VMfFF8nVZEnxBfg8fyqo7pFbVCsfcKSNQhQ0xEsDyr6FQoUXXrdw8us7tUNmoDZDAiiNPCe6KQbw1tA4rJSkuUypABBe6ywkwUtyELpyqXWe4mhGpr3dbe6USP8Vmo6T2kGCIAGSIzqnuZVAIVOaL3eaxNxDxCj3Ql7wNhq2mFFXeFIi26i7PRipN0IqlzWDnQZuANNZxXlbKDqbvb2CGPkhcOxCb+zoajcw8Bef6IMHzUApHo0YI5QUJVE5n5YahxvMtm8j84bK88U4KZgO5M58jjDrv20ps2r980Rq4Ubuv6TBsGADSwMtWVsNEExYQBw3idCYwWOM4IY/3tYykWLfaLEV6kY4HfFkIFmyiJTwI5pmCYjgz2T6jUUjLZV4ZhGIYZwf3ud79PfOITb3jDG84///wXv/jFZ5555v3vf/9Vq1b97Gc/m52dpTZa66mpqSzL1q1bt3Tp0mc961n3R1auXDlv//vvv//Xvva1eZs99alPJYXKIG6LT3rSk2j63HPPdXt1wgknuF2iOfvss88xxxxz5JFHjur5Yx/72A9/+MMDDjhAMAzDMAyzO3PppZd+5StfOeqooyZ3L9u4ceMrX/nKXq/3z//8zw984APj/PPOO29QTTvIvvvu69a66aabrrvuOjEBv//7v9/Q2t5xxx1f+tKXrrrqqk2bNrnPTg94wAOe+MQndjqdSXr7l3/5l+uvv/7P/uzPnvGMZwxt4Dr/BbJ69WrXufs49JjHPGZmZmZUh5dddtk555xz9dVX53nuGh999NGPe9zj0gbbc6TEhg0b3v3ud7t9GKMYdlxxxRUXXHDBlVde6S7QEUcc4a7pH//xH89rOsswDMMwDMMwew5KUdk3FPJl0yBjoNo/f0qDDMk8VibWBJ5gK9KwNkkUFLLWFcpeFLWXw0vtVsz7GX64iwoZjQjh83SMlKUpDYTp2FLYkuxGpBfeYEAMxOvEo7Hhy/j+y/3C9QBpOgZiRGxhir6xIDqxZk6IOSH7whax8F6ZrMjKuqJWjk8nkuOz/hv/dvBa2CgzMWHPhdcNkUBEhdNKL3g+DaolfAeydnqi8Md7vAjv0hHsRLzKCGU5IMWR7tyovuvNaKGm89biqelFnSlVaUQGr4Bszqj+ad4MY7Qmw24MObKLxuR8t7OYAAWHHh4ZLKjvQQ4ciUlJvPUHG+GrDDZBiIGXsigs/dUDtW0yCUgSyR3srU4mEBMcuHf34QcvUfzf7Qsha2X3f9jBN15xy123raU5TfeYQHzAqkAcEWyTcETEwQrtpGikT0RzXnEXJHyG5GuVSsUPt94ISthE0AaPjRt+DGlRaMOynvYF82Bko/2Nv0gYhmGY3Z2vfe1rb3vb24YuosLJ5z73uf/+7/8e2uDJT37ym970pqGLpqen3/nOd7ql3/zmN1/84hd//vOfX7FihXvVWrtywtTUVKvVcs0uuuiiU089db/99jvllFPETuTggw+mo3bVmu985zsHHHDA29/+9kabpUuXjlrdreVeWXTCMAzDMLs77uPKpz71qb/8y7+cXHRy2mmnfeYzn3ETz33uc1PRyROe8ISh/moNTj75ZLf6Zz/72de97nViAq6++uo0KNB9gPn3f//3zZs3p22OPvros88++8EPfvD4rj760Y++5S1vEfhBaFB00u/33b594QtfaMx3jT/xiU80pCQCPw65T3Hug2LD79r1/OEPf3ivvfait9t8pJEvfelL7iPlPvvsM0p0snHjxje84Q3vf//7y7JM5z/ykY90Mx/+8IcLhmEYhmEYhrkPoNDpxGKqTgSXpK/biJRjioKTlgvTqrTYQaDuw4bQD1KclCgXAekJuJ2UBpxfJCk1sFau6Jv+PjlIeMGI+6fEUqr0RXZTuCq7MYUp+wZsTvrW9oztSVFYUaI3SJoWEsu+4b01A4evG3uerjjQuHau6FqqRHkh/ZaMFHJMP8M7D12HAKUwF1VB7gbK3I+RmbDudSrL9ppetHzpXku606HhGH1JMinHHlZsKUe3bpqJDLabRG6ywJtN1vuUcs8RnVhbKU6kHXfnkaMJPEWWnil4qGhObXAZ8kjb2gabZhuVSO2gFdPHHjKyAMOMQWp18FEHuqFsza2gO/E5ZMPu86imS9eOI4b3h6pGEFtdonB/wOUXtc6pkdf4xXXhX4zaQblSGAWjSkVGaUk6Bkj0X6IAH8EwDMPs/oDLYFnmeT49Pd1YNIu02+3Bb526msqWLVvGZ2q6T/D/8i//4vp3VYcVK1aIe6VK46KLLnJ7eNxxxw1devrpp7v6xyte8YqjjjoqnX/DDTcIFp0wDMMwzG7ONddc8+Uvf3lBq3wGEdvBQv+6mrZ/05ve9OY3v1mgNPZxj3vcwQcf/Mtf/vL888//9a9//ZjHPMYdzvLly8UIrrzyype//OWjls7NzZ100klf//rXBYYYHnvssStXrrzsssuuuOIK97HnD//wD7/61a/+6Z/+aWzf7/ef8YxnfOc733HTBx544B/90R+1Wq3zzjvPtXendPXq1fPGFI4/0sjWrVvf9773jV/xmc985re+9S03sWrVqoc97GHuI6jb8+uvv/6CCy5wO/arX/3qkEMOEQzDMAzDMAyzx0OyBBkq+DKtFFJ2CqbbLLC4h6oOejXkdzL+b8Ijdq36vv0OVJzQDmJdFIN1JAhNDIlOwOPEgI5Ehm/8o+JEBa9r0p2ESByvWUGnkxIUJ2UBtg4kOjF991pCqk5fSFCcUEqE9ck0iV/H5Dsdi+8+noeCcqo6fiXvwKkkfKQq7suqwG+TRbX8HphbeQwYmfQug82Ar/4GJYGrAmdWtISc0q2pVraoPbV88V4rluw105lSfm1Z35Mh70Tc/7i5mnBEDlGqiKRt8m54x8PXHtZmfqRIjsj4natO254iOqmrQUTdpyRdhEITr9ui7yWbaHCitYw2J5WuLZ2s9dSYE+1hl03nDz9oiWC2gwMecMDWzXOb122BN8kjUxOzYdiau5BRoqas18UpRUIQiQOe78NWmTx+XKR4nBgEZYPAxQ0/Jc41XmpHAxWmUvmtV98KcluQ4TeHVf4WQ1MUCc+b5nAlhmGYPYonPelJg54lH/3oR88880xXURj8Xqn7y/4b3/jG+XqFDJ23vOUtSu3g3xplWY7KzWk0m7fNL37xC/f6iEc8YujSn/zkJ7fccsvixYvTmZs3b16zZo0r9oyxmmcYhmEY5t7MXXfd9dWvfvWtb30ruZdNyHXXXXfaaaeNWjo+Xudzn/vc+973viVLlrz2ta91b//2b//28Y9//KjGW7ZsedaznuU+bzz/+c8/7LDDaOaPf/xjUpwcd9xx55xzTrRk+9jHPuaarV+/3h3Oe97znqEd9nq9v/7rv274o6S87nWvI8XJySef/PGPfzzPc5r/2c9+9u/+7u/6/f7f//3fn3DCCVGI/I53vIMUJy984Qs/+MEP0l+XiqI49dRT3f64Xf3KV77y9Kc/fduOlNi6dev3v//9008//Ve/+pUYzSc+8QlSnLj9dHtCXnruQrzrXe/6x3/8R3daTjnllO9973uCYRiGYRiGYfZ8qtCVAdsLHxVCNcUYqTJfh0EbYWxVUfaeIlUTIeyY+n5aik5TIEYIUBJDlYk0A1QCLfHb+MYUhZsGUwacg0tDqA+qLWSIBPF7AmfDnTEsuoLWpBC2sKa0Zb8s+ga6wXQe4bp1P30rCglvUW7i5Tduu4qyi8SwIns4RbUTkjarAi1wvgyaEBnlHTauiK/p+fE2LUEmUVOhxOslEh8TkleETaAzDJ0hSk/CYxLaWm1UV2Z7daf3nl68z9K9l8zMTHWnOrq1KVWrDEGKpk4kfScb88Uw3YocnC0G1pLCDpHYDOtyWCfzaKZk0KDgObR7jugk3GfNufW7NipOorsJGVEoBHshjyAr60qTmrdPZakyuBeik+tH33+5VhM94swo3Gh22IMPuvwX187N9SRKSQypQ9LzSqZNoK9T5HliQguDl8hQyo1U1v92UDaVsClqqwxeXAmKNEFaPbwzYLO0ABJ0lDDRHkWIqFPxnUmvdkEzKZhdCj/oKMF3AsMwDDMRO1xx4li9evVTn/pUsSP4+c9/LrB4M7hodnb21ltv7XQ6q1atSuffdNNN7vV+97ufYBiGYRhmd+Od73znf/zHf9x5551igRRF8dd//dcbN2581KMe9ZOf/GSwwe///u+PWvfSSy/96Ec/6v5j+rOf/ezRRx8t0JOj8QEj5dnPfvaaNWvchj74wQ/Gmf/6r//qXvfff/9UceJ43vOe9+EPf/iCCy74+te/Pkp08rrXve6Xv/zl8ccf75oN/hm03+9/+tOfdhNui5/4xCeyrPqT2sknn3z55Ze/7W1vu+GGG7761a8+61nPEijAffe73+0mTjzxxKg4cbgV3ek9++yz3YcotzMkOtmGIz333HOf85znuE9ck3yB8mtf+5rAD5xvfvObSXFCb1/96lf/8Ic//MY3vnH++ee7/XGf6ATDMAzDMAzD7NFIralAKL30hMr3KlSZVXBwoIVeYzBRzyMr+UZMBnytXalJPuFbXzG1ct68GKqyGtLRgPbc2rIs+qUp3Ya0/969wsgYr7nBM1OpMbzdCeBW6tlyzq1uTR8MToq+K7pjzwYzJPB7/dXxxvOhk9NTk5IkHhDkYzJ4pHEPvBKAtCuV4kTKVDIigiOJ8DEVSnidkRXBwUbW90/W5UDxkle3gIhRTNQVqAkyq9pSTel82dSi/ffeZ8WSvdra/deezkS2Gc0LUqVB0v/gPSJHqE+Gt2hNtfdauWzJ3ouXrFi0ZDl8C3T9mg0b7ty4/q4Na29f39syl26kcaR2bNl6pPphOCSJXG7SAAAQAElEQVTeiiEkdvcXnYx4lChDx5sXJcE34HFSoncQCk7Q2cTLTWjC3QH0nZt4oyfWPTYIqXCJrZ95K7QSf3D/vTstLRbCHbfdvPrWmzZtWN+fm+v35yb5tvHuglK61W7n7c7MosX7HnDQPvstwF0/a+eHPuSgyy+6DuydUEQmcECx3sEJnEfcKFDCsGpIk+j1IFXWkowCESAapVS2S3Q5lU3aYOKOoE6FV6vA/WIkahSpB1s1F4n/CQ6a/v7wt4ad8DcRwzAMc9/iwgsvbHyJ9mEPexg5hbzhDW8Y/DLx+vXr3evNN9/8ile8YrA3V7fQuvbxY9GiRY997GPFQnCrjFrkihzXXXfdEUcckVZuIq644n4zHnLIIQ3dzI033ig4W4dhGIZhdk9uuummbVCcOP7lX/7lZz/7mftg8+Y3v/kJT3iCEJOaQrtPO3/+53++ZcsW92nnxBNPnLf9Bz7wgc985jPuw8nZZ58d9R/u48f//u//uokXvOAFg59b3vrWt7ql9GefQb3vOeec8653vct9InLdHn744YN7/pvf/IbOyVOe8pRUcUI84xnPeNvb3uYmLrnkEhKdfPGLX3QfotzEq1/96kZXbt/+8z//8+qrrz700EPFNh2pY+3atfRxaxIuu+wy93r88ccPCoIf9ahHfeMb3+j3+7fccgsdOMMwDMMwDMPswZDzQCiZRz8C6d1NvBAlBJ4MRGr4pWHNaglUCukL7HoeHYht1g4HbU7G/2dUtCfB7+anjU29mcXjsFj4dv8RJA3m4PT7vbIsUGcCxgxeZqIyKn5r7b+gTx1Yb+JgTNm3tl8Ws/gzZ8qecRVtU8ggCoFyq/86vxd+hP0CixFLGTlwfsedndQpJp4cGw7Siz+UjNoULwiqJ6L45l56YmSlJ6LsJOslK6RJCcVfcnex6GpAe4/OAmR/IMIPtHF/iG+rVlfrlYv3OmDp8mXtqaXdmWk3Q5J2KboWNC7iUAONocKU5jy6GVfcb/kxf/TgBxx3uM6GSxHKorzyF9de/IPL7rx5zaitDDKBEqU2Havt5CATH5U9x+kkQkcWwp0onsoGyQg+h/5pBXMgIbxHUCWGirdvQqo4iRIUfzMmWz18v0V7zbTEZPTn5q676je3XHe1e7DFHoobgWa3bnE/G9et/d3NN2RZvuqQww+9/1F5uz3J6tOLu/seuPdN194u6I4nHxPpL1BpPT4iJwzxXmuC6ip/vwuchHcoT5FxzAUrFHAp8ZY3kvJxyOnEBEmK+7eUNioARegybM6EBB6IZsI9kv7+q3aaYRiGYWqcccYZ11xzTTrnYx/72EMe8hA3ccEFF6xbt27oWps2bfrRj340OH9Q/O7KCa5qInYQP/3pT93rMccc4+pAcaaredDXZK+//nr3OliiuOGGGwQ7nTAMwzDM7sn/+T//5+Uvf3l8e9RRR83Ozs671g9/+MO3v/3t3W73s5/97EI1K695zWvcp6NDDjnE9TBv4+uuu+7Vr361mzj99NMPOuigOP+8884T+FedU045ZXCtE5ChHd5xxx3Pec5z3Geq9773vaOEIDfffDNNHHvssYNLV6xYQRN33313ujNHHHHE0NycU089VUzAqCN1PPGJT7z22mvj2+c973nnnnvuqH6WL1/uTu9dd901uOjKK68U+BcN/tjGMAzDMAzD3BcgXwzpxQNkcyFFqvSQ6ZfLpUgqyFV1sPLniP4FMs3JCPVoWmhk9X34mu5A1qdlkh0z2KBOFd+DUg9SU9j0MKUsqTKOtXLIhygKEJ2UZQ8baJ8EQrERweeEokKwX/dTYjnWzSts2TO2j1qTOWt6wvYxQ6f0HiRYc40bF94ZAHfeapQoKErbEWJ4bFAiMhGNw4/HZoepJ2xqc5Iak6AZRdihcB29QobWxAyMeNmDy0i4/n529MORxmZS5DpvZ3lb6sXtqX2X7rXvsr2ndWtK5xlmE6FHgu9SyYbPyHDkmHfh7UFH3e+4Jz981eH7ibHoTD/o+Pu7n1uv/d0vvvWrG39zS7rUDut5UAE0XjFVrS9rX+RwV2FC0ckkfu924t24R4g3qLe7MEEnEiJ1SKjkzW8SoUlcfWi3Ia3KDpZz0hnupmxl8sj9R35FOMWU5U3XXXX9Fb/u93vivkRR9G+8+vLbbrj20COPut+hD1B6fkuYlQcuv/H61W4M9BKyID3zAjRwGjFhxKcbQCXqEz/8xFvToDWUrX4xKBFvXBSKWBCQSIMaNkuBO149gr8cvIiFfm+4jRqcUCbk+pAdF0r1aIhDheFEjw/DMAyze/DNb37zO9/5TmOm+7DuXv/7v//7y1/+cmPRKAOzxz3ucUceeSRN//znP3d1jrjoHe94B3WYctVVV7373e8+8MAD//mf/3mwN60X5rK2INyHqE996lNu4gtInH/SSSf90z/9k5ugaseg6ISdThiGYRhm92VvJL6VE7iVrF279tnPfrb75OA+zDzwgQ9ckOjk/PPP//CHPyxQWtGe4Gsqp5566tatWx/ykIc873nPS+eTPHflypXuE4j7E8HVV1/9i1/84vrrrz/iiCMe9rCH3f/+9x/V4d/93d/dfvvtf/EXf/Hc5z53VJsHPehBn/zkJwVagwwuvfDCC2mCZMRxZ0ih0uv1LrvsMvepb8OGDUcdddRxxx237777igkYdaSO6enpVB8zNTU1pp8TTzzxggsuuOKKK9773ve+7GUvixf03HPPPfvss93E05/+9PZkXxBiGIZhGIZhmN0cyo5RoeyurK0ECzYUIxsMykGaDZJpMvygL67bJI5Divn/w2qS//iqY8MPrWjCPgi/Xev+RF0YCNMpsWBeuCK5+3syvaLrRzxkX1X3FVZwNylN6Srs/bJ0Pz1rC2u84kTYArdl6+dAVefAn1ZyxCAdiIp5N8mK0Slg/nKqHDx0WS0KQhOUkqBGRXqvF4FWK5U2xaZ2N7EH6yUpWsV+wlGhuYotSje/220vyjt7TS9eMjWzfGbJTGtqSuW5VCGfKbG6GHa5ZXOv5zlEtzfHP/URxz7xmAnunYpVh+236iX7Xfidi3/61Qt9wMtA5w3dw+Qij8TvxBfv6fbeU5xOopjLYLCKIT8hr99qBEBJmeQuweNuBq1NQq/VQDDP5q24//6LWnr+56Ho9y6+4Ly1d64W91X6/d6Vl/1q7Zo7H3zs8Vk+jzFMnmf3O3Tfa6/6HQlL0KMnhBwpKLBZq0AtIpX1/j8oFgFw0JBenmgl/Ui8L2R4HqSP4qHbRpHixFpK7/JxPNJWv1/8UBiC0nx8E4n1guRJBgmLQNHbLhZjMQzDMDuWVqu1ZMmSxszNmzdv2rTJ/Zl+MKFmdnaWknEavPjFL47TL3/5y1PRiauIDLYnB3hXWnAlCjGC97znPd/61rfEjuBpT3ta3MNzzjmHvEzc1un7r+544zd9BX4B170edthhjU7Y6YRhGIZh7lOccsopt9xyy1Oe8pSXvOQlC1qx1+u98IUvdP91/ehHP/qkk06at/2nP/3p7373u2JYwuAVV1zhXg855JC1a9f+2Z/92fnnn58uPfnkk08//fT999+/0eF73/veb37zm6tWrTrrrLPGbPcwZOiiLVu2kBg3y7I/+qM/Eqg8vvrqq2lnLr744hNPPPG2226L7bvd7muRTqcjtulIF8prXvOaH/zgB9///vfdJ893vOMdT3/60w899NBf/vKXZ599ttvVo446agea5DEMwzAMwzDMvRqIOIB/KdSinnUzKPmwaVl9lO4k8TsZ8nbkjkzkaDIKW5+I0hP6Oj19p96gy0lhyqI0oDtxPwJqr3mG+SyhVB56gIo65ky4ZlBoL1Gv4lbsYyd9A1qTnvvPHRCdoJokqF2Uxa/8V6k30qfupPtZmcf446VFyttJjC6nen1IEi0ho6QjtTnBYq/P9UGHABUdCoTxMUJRWBTKyd5VINGJpFdCSehEW5nBv7Kt1PLuouVL9lq+eOmiztSi9lRLuHK1VMaS4QV5IQTTlOHXVA6dHMbU0uknn3LCvAYnYsRmjn3iMfsduu+3Pvr9zeu2pEu2U25CGJEcJJ68PUF0YjFLKZqa0BxwChLVocK/WoghZkc1WclgaJafGmJzUpvTyuUR+85vc7J54/pf/fS8LZs2iPs8d/7ulp/94NvHPPIx04uXjm95wEErbr75rl6/oLEE08ng/Kswsht6FfR7gvQiNFxIGqm86ARfC68uJOEcKUOkVcrbKSlJJlOV3CRND/Pjo+9AKe0Dm3BrEm2kSIoiaDwVMpqjMAzDMHsGJ5xwwpve9KbGzI9+9KNnnnnm0572tFe96lWNRd/61rfe+MY3ip3Cpk2b1qxZI3YEriuacP9ZQV87djz0oQ91JRmB1iynnXZabEyik//+7//+xje+kXZCopNPfvKTrqziJl7/+tePL6swDMMwDLP7ctZZZ33lK1/ZZ599Pvaxj4kF8qlPfeqKK65w/xH97ne/e97GRVHQh6s/+ZM/GczKoWgb19WjHvWoK6+8ctGiRUcfffSWLVsuv/zyXq/32c9+9gc/+MGll16amrhccsklr3nNa9wqbjeWLVsmFs4tt9xy0kknXXXVVW76da97HbnZrV+/nv6IcPXVVz/2sY/duHHjvvvu6xbdeuut7rPT1q1b3UfKCy644Jvf/OaoPy6PP9KF0mq1vvvd75588smf+9zn3A6/733vi4vcjv3whz9cvny5YBiGYRiGYZj7BLKy9khf0yCFFBuKiWN1J6JSWsT3VDMcJVIZqThphHUMW10ke+L9VFA9I30YA7wtKVinKHrk1iCl+7FZluWtTEOJ02tNbOLsAGu5UjuE6ZDQpLResOKW9S0oTowUXnEiauIS0VAvDDkE61uERf5dUPaMO7GiSquxYRqvYohKIvWJqrQsIgbkeKOVaotRDpLkKQXxCqZgNA7E5lJN5a2Oyhbl7X2XLd9n8V5Lpme6ebut25kAXwQfkSESWc1o0ck8hJMwtXTqWf/059NLpsR2sOrw/f7qn57+ubd/ZdN6rztJD257SthKed0SfV1W7N6ik+gLJPyEVwvYeovoUBNjn3BRHE/CWFGTm1hb+aOQmCUso/u2eRX2X9bN9Dy3Tm9u9lc//eGWUMVhNm/acPFPzzvucU9odbpjmmmt995n8a23rk3ldqgUIV8T0KKRv4gpvT2JJX2KGz1xkkxQUEECCTs0+tmo9aMoHH9DuGbaW5X48dL/XxgTxYw0uJGuyVupCBF+e+CkDSZMSoptG1MYhmEYZoG89rWvffWrX53OOf/88//pn/7pkY985Dvf+U6xEOJXaf/3f//3xhtvXLp06bp164a2nJ2ddbUTN3HeeecNbeBqGDQxNBiIYRiGYZg9gMsvv/yVr3ylQCXuhKkxEfe3y9NPP91N/M3f/A0l0Yzn85//vPtw4v5OesYZZwwuJdHJj3/8Y4H6jze84Q0kfp2bmzv11FM/+clP3nbb19j4WgAAEABJREFUbW7ii1/8IrXfunXrX/3VX7mlr3rVq8ihZEGUZfmBD3zg9a9//caNGwU6qbgtpnsiMKBwyZIln/rUp5797GfTHPfZ6WlPe9pFF13kPmi9//3vf+lLXyoWfqQLZcuWLc985jO//vWvC7TQO/jggzudzrXXXuuOffXq1Y9+9KM//elPj3HUYxiGYRiGYZg9icqPwxsXyAHLEyo1ymDIEQUWo8r0boERVvlQhHozMkHAznVj/rz6kpGH4B0TyF/Ehoqn31+D+hEDqTrw42ZqLY2R6HGSKVcqtSYqRSTVWuF4C5Sq9AUE8fTKoo/xOn2sh7qXQsI3+kvX3sDqbkXlQ3ziWZVUT1fV3LC/+CqrmdI3c7uXznIHQHEwKVHWIEJZ39ZNA0TQDWEPyu8LtlV2eJmW0nBkUPigWMcEXxvfl7IG5CilyHO1qNVdNj2ztDOzYvFS9zrTnsqV+xu6wma+cow2GSqqTya7sCN0Nko9+fknbKfihHCdPPn5f/Sl//ymCYYdQ4QOo7ED096gBi8Knb4x8TrNw2s8ZgObEEneUtqJ3DaJzJAndmCG9JX+RLCFyhAb5AZgYkN6AusHgoHVK3eTuJSeQWtTd5OYOZXuivVbD/t3wN7zfHPXXciLf3IuK04abN688eILzj/2sSek48UgK/ZZctNt8Pca70eCQyapQbymhEZTcB4RxotMpAgpOjYo3CA9R2OEV/U4ucdfWeMfEIGJbNYPekGVFnxP/DaDSs56KycZtHSCfFhI10XSwoYMimEYhmEmxP31/3e/+118e8011wisi1x88cVps6OOOsr9pwJNZ0i6lBq7KkK73RbbxMc+9jH3W+0Vr3jFoL8L4X6DRyuUUbjqy+23376dnvAMwzAMw9w7mZub+6u/+iv3KeVFL3rRn/zJn4gF8uUvf5liaCbRp7r/wv6P//gPN/GMZzzjAQ94wGCD2dlZmnjBC17wtre9Lc53n4U+8YlPXHnllRdccMGXvvSlW2+9ddWqVW7+K1/5yssvv/yhD33ov/3bv4kF8v3vf999Rrrsssvc9NKlS9/+9refeuqpg3vi+MAHPvDXf/3X8a3b9Le//e2DDjpo8+bN73nPe4aKTuY90oVy8sknk+Lkuc997umnn75ixQqBwUYkmnFn5k//9E+vuOIKdyCCYRiGYRiGYe4DSB+bUJXwZOJikFhxWDHSlcR/rT2IHtBlRFQilSp/Q4ihET7DFScWXTOUDA2acRzWl7ENTYZapiHxDFmV+HwcU3jtDDbRSiulIRkkLXlLlEygmkTYQoDWZM6WkMhjil4BopMC97EkYY0rmqImBL/GDzoNrJM2dQLGH3ZVba0dJhVcrR08NCrJ1sQ9bl1T+mqs9OE1VqpQovWGASIt9mPnxlsK+HMaTrtbamUMSsG1jMICcfSfEFgwhgCVEowKOjpfotp7t2f2nlq6bHrx0u7MTKudy0wbhfE9XjtEZ8dLTka55kzMI5/2iP23LVVnGKsO3+9RT/298//fhXQ1xteth9a1B+URCkvhwfIDzsI8TidRG4S6kwXVzlNvotjbhD0MXoPmPedHgmBUgbd12NX45A5YmIjK0EaQDxKIAoJdD/SC4oNBCVWiUBAiETn4O0+JlUvGeXU4brz6t+vu3jGO93sY69be6U7OIQ84ekybvZbOuCfXPbTGD1uQgxOuGmrwJFpHeeMT4QUh6TAXrxxdu+hiAgO3pryemLoEY0JjoPPjXNCmYI/1O9w7V+Hdp8KtqFDTx6IThmEYZsG4qsCZZ57ZmHnDDTeccsopjWYrV64c1ckvfvELgaITsa0cd9xxxx9//IMe9KBRDVqt1jHHHDO+E5LFsOiEYRiGYfZIXve6111yySVHHnnkQp3ViLe//e3u1X3eeOADHzhv42984xu//vWv3cTzn//8oQ32339/Sht8zWteM7j0JS95yQUXXOAmfvvb365atep//ud/zjrrrE6nc/bZZ7uPNGJiNm7ceNppp33mM58R+KeBv/3bvz399NP32Wefxp7QhNtQqjgh9t5772c961kf/ehHr7vuutnZ2cEIwnmPdEFceOGF/+///T83ceKJJ3784x+P891Rv+IVr5ienn7hC1+4evXqd73rXW95y1sEwzAMwzAMw+zpSJ9vU1WQo//CUCFIKhNJe6FVk+ohWY9I8juRiYyF1rVCztMn1RarHQHFhajbK1hrk43aoCKAH0jDwUQda4vog0J/lSVLDxCd1KNtULsi0KalXxazRW9r0Z91HbkfYzBqBzZYegsTn+ATRCQ2eHpEI5PagYgqbUb6k6ykj6EYDPeJF2LAp0CSk4hMdEE4B+u5MugY/Am3MQcFhSZRlEOrCeWdKSTWmUG7IoM6Jpx3tCsobSZkLrJOli3tTK2YWbZiyV5LFy2e6UxN551c64xkQYnCxMZXb5AxodNJdZjxvB34oPv93hMeOqbp7Oa5W6/53W1X3377jXcu3nvRyoNXHHDEfnuv2mvMKsc+4Zibr7r9ht/eMqZNqoaw6YxmA2qkZHhmaOGg6CR9wOTAW8LUHwAbLsTOgAr7UceFwpFKI1J/2uGOSfN34hJaBV7B2KTSUlV3PXWgkq3WvE1skDVANyuWTms17sbpzW69/srfCmYE11/5m/0POrzdGekWo7RatHTRXRsobkqSiwlda7QWwdFU+diwVDFUWV1Jr2MT4bGnfqLmUMj4CAHV3VKNejXp4sA+WnpCrA33KHYPQrpt8sViGIZh7p18+9vf/tGPftSYSd9k/fKXv/ytb32rsajX64ntwFVfjjrqqKGLvv71r6ffoB1k7dq11157rfuM7uoHYgIe85jHPP3pT2/MfOlLX+p6uP3228V2UJalQCMWwTAMwzDMHgd9NLrhhhsOOOCAdH5ReJPkpz3tafQx4KKLLjrkkEPSNt/97nfdTDGxtIIUKgceeOAJJ5wwtIFbdOmll7bb7UMPPXRw6UMe8hCauOKKK57whCfQnrv9HFTo0t8ETj/99Pe9731u4j3veU8Mx/nVr371F3/xF+5TlsCPT27Rwx72sMFtLVu2bNGiRRs3bhwl3qWdcX+Yuvrqqx/84AeLBR7pgvje975HE0NdVdzJf8UrXrFly5YLL7xQMAzDMAzDMMyejgyxKsIrO+LMSRlqsuCzOchjo15WHLEPw1GqKlrGNIVGsdsGfG3TUiiIEaAUMei4UFKNO1pukMSCdtTPoZ2EvXXl8qIs+8Xs7NzcFlP2LMhWjAzOIr4GGh0cbEyFCH2JeY0rUqWLCDqQpgeEDQfbOMOVpUY4GCUSEYOtJD6qKuFSXoVV0dfEBmsOL1iRSmZVodj4OCVIzHFbL02u80WdqaXd6b1nlqxYtGTJzKJF0zNt1dZ0/4Rdlb57VCVY7+AhwRhGxMwmmwhw5sV1d+yTHzam+e+uu/1rHzint8XXHX537eorf36Nq6Q//pmPOvrRR47p9xFPPuaG394yPm9mvuuYdlg9RPQ6/K//ww4+rbjLeG8nZg8L2I2FMvz4o+JkhIFKQ6TmHYjqxAciyJDozZBdaN76KHigyb1n5vlCzDWXX1YUfcGMwP2J59rLL33Qwx4xps2Spd07NlNpTZJNkYjXFOdary9RQTiE94gR5LBk43xRvVJnyajoMZiKY1MR4kR3t/QDnIx2VkbIiUcRhmEYZnegLMtBqQfVVNzrUBVIp9OJCTgL5Q/+4A9e9KIXDV30wx/+cLzohMoG7pfaeeedJyZgaG1mZmZm/Fq/+c1vxix1haWpqal+v9/pzBNEyDAMwzDMbs0sMnTRxo0baYJ0qCnvec97BH7eeOYznynm46KLLvrxj3/sJv7u7/5uVETvQQcdJPDzj9vWYBv3mYQmKFyGcB/h7r777qG9xYOam5ujObfffvuTn/zk1atXu084//7v//6yl71szB+LDzzwQPdJaZQEeejOTH6kC8LtME0cccQRg0vdJg4//PBLL710O3XGDMMwDMMwDLMbIXd4AS/IQZIZNhVLWDuR8IB8E2RSzgf/hLoMg7J1wvfuLTUwEKZjhK9vqqgDkVLWq/wkxhAkT3H/aWJNUZa9sj/b729xr8IWIFuBrBiI5PHyEiFNzQfDxnprKiSZhJBDNGxJ2EeZagO8DCGZYUUtusif5dpxgrME5uyQF4HySzGdBwxX4AQJH6FBW1Qae9ZuqZG5bi3pTC2fWbb3oqV7LVqyuNPtYKSOOwsUeOFjNWQID4JJRQIUPKtxv+if0Qc7oIJYfr+99z9spLX5TZff8s0Pfa8/B/85qbTa95B97rz5LvfWlOb7Z/+o6JfH/OFRo9ZdddjKFffb646b1qYzm3XziUlvUWLMV05lfbrxNiqqRCI9uad0JzVbFX9XodfPYA4OtR929WzwRakUJ76xiqvQYzuwtiH1wMBMT7c1rpLU7/duveFawYzlthuvPeLoY/J8pHxneqpTxj+1wCUzJEMMjko430ID9BsJZkgK5HlCVIYmpClLB6iBkToKkigwh27uCe9tWT2eqGdDryrBMAzD7DE85SlPedOb3tSY+dGPfvTMM8/8y7/8y1e96lVi+9i0adO111770Ic+VGw3xx9//Ne+9rVJWn7+858/++yz59WXDOKKNM95znPGNPjIRz5yzDHHbNmyZRs6ZxiGYRhmt+BjH/vY5s2bB+dffvnlz33uc93E+9///mOPPdZN3O9+90sb9Hq973//+27ipJNOmuSjQrSUo26Hcv/731+gnuO3v/3t4Aeqyy67jCaOPhoSfl/60pf++Z//+dB+Hv/4x2/duvV5z3veqaeeKlBHS/PdnNWrV3e73e9+97vus5YYi9uZ3yDuI9Og5RvtzPLlywejEic50gVBp0WgIc1hhx022OC2225zr0ceeaRgGIZhGIZhmD2d4HQitou0slgZNDS24hvKukWCWOiWsHqdzqHSvHfRME2xiytMYnVSWh9dQhYs3pJDYoHbYn6OtX1bzplyruj3ynLWlD1hC2ggjQzfzJchg0RWvibpYYptw9rKXCBMVMk/dgLjFJlO46pkPxCrwFinRTkJSUIoRyN1oAFvGCmCJYw0QpVWGtPW+eLO1PLFS1fM7LX34qVLwOAk0+68ugZYgYZza4OPBZ5aG+xYyC+jJjkZeQbC/of7h2Y89A8fPGatH335Z8Vc37U+5JiD//ivH92Z6fTnih/+908u/+lVbukl5/5mjOjEcczjjj7n0/4bqpPLTaJ3TLCiGd4s/kdvKqiRzWejYXxSczch4xOLmTtixxN8SIJArHb0Pj1nIPUKxSXwvFXROUFZYGM/NSeeeGhW+U0Zkei0pLRjTvtMW4vRrL3zdnJSYsbgnkB3ovbd/8BRDaY7mQD5hgx3hPbGUCIEP8GdoIISJdiXoD9S8uSHQC8vLgmmKDaV+3mCuskm+WRjHz14bvBCG+8F5AYdt8v6HnkwGIZhmN2Mubm5O++8s2E732DNmjUve4ylItEAABAASURBVNnLXCVgh4hOFiGTtKQv4C5ZskQsEKXUYx7zmDENXJ/uV/yWLVv22WcfwTAMwzDMnsioKEAKDhcYF/iIRwxxNv3JT37iPiS4iSc/+cliAr773e9SbwcffPCoNs997nPf8pa33HXXXe71S1/6UrrI/Tf+u9/9bjfhPmuRuuJ+iBi98+6TW7rnGzZs+Pa3v+0m3vWud82rOHG86lWv+spXvuI+4J155pnuM1666Lbbbvuv//ovN3HiiSeKbTrSBXHMMcfQhNuTP/7jP24s/cEPfuB20k0MzQliGIZhGIZhmD0OWcXq0PttKuQ1aotpfgIWMVWUU0y8IVKTUBsoOJpKUGJkfctkdpJgvPMGpcwoct1QWNw0kJUDPVgMhzCgUwHVCUTqoOikFyJ1Sh1tSOgUoeAl3UW57UVP+Lo+lu9l6mSRnDQ5eMZEdDGRdZVJKBjLoNegpWhOYGNbakbuBa5mS9coao5UDMPBE6qNcqXoTNglnUX7LFm298zSpd1Fi1pTXZFD5RfNUSQKTOIJ8rttTCl8NktZgvGmEHnY/kiqsI3EQqbVbR1x7GGjVtmwZtPa29ZhCJB69NN/vzMD5uJ5O/v9pzz8ip9d487tujs2rr9z45IVI4sCD3zE4ed+6YLZEM0zpuxt6zkhgwqVwTshG/BvabSQ4TWqTGRDexNQYiGhP+PL/IPdNPyIglSpuqLSP2TSkODLorRLCp/BgwYnsj6I2JqTkU33oL55O1410m2PMYwRd62e357UlWRe8pLTnnDCH69evfplf/8KV5QS9z3ciRojOum0ckGeNOE+lVFqQhPVvUpGRiQlkdVVDm+Ti1wpmaJ1j620TakIcdR+2TACopCNTFeUlbg3ykeFzfMsMAzDMLsFxx133L/927/tv//+Ypu49dZb//Iv//JJT3rS2972tqENbrrppte//vW/+93v9ttvP7FzueOOO9zr4LdsGxRFsX79ejcRv83s/uuFijdjcJ9t3O/KpUuXCoZhGIZhmASSVgi0FZm3sfv48dOf/nTexosXL3YfqP7hH/7hy1/+8ktf+tJ3vvOd7Xbbzd+6despp5xy6aWXumn36WXQd2QS3A64Py65dRctWtRQtKQcccQRD3nIQwTmJD71qU/92te+9trXvrbT6bzgBS+gBjfeeOOf/dmfzc7OzszM/Pu//7vYpiNdEMcee+zxxx/vunW7/apXveqtb33r1NQULTrnnHPIT+WAAw4gWxeGYRiGYRiG2cMZ0DTM83Y+mUVdbhIlDYOblaNW91XJpIItgqJEVAk2VX4DCThESPggSYqt9jcYf1AMDVQ5DZZCS1QSGJBGFH33x15T9k0B7iYWnU8oNCaqBXzhFd1UxHxEv5JRy4fNTLQHySmyJnFtoROK0TXJblmyIBADOoZa574QLOlfrN3KYIIivMOJu3YGtqitzIVe1Oku6UztvWSvZdOLlnQXTetWN2sprE+7GrAWqOXxewT+A+49ahCMO5WYSlS6aQVan3x0bbi5p7He7Vi2cpnORiZolP2CJh74yCNSZUmrk8dK93iTGNf5sn2X/O76O+e5TnZIN1bMY44y+J/Zsj4dhUEy6ScValTTY2vzk2JHKE6sHSkH8gG3mJ4EDeGCBp+SyslizNlTKPKCN1KkGzaJc4oYQycf99eKjevWivl417vOeDCaux566KEf/tBZL3jhqfdB3cn4E9Vt6TgU4LgSREv+CpLBCemMSA0nlBSNCw8RZWXMM6MRGCYHvKcG73PReIhoTKfRz8/yvlQwPJHoRBoa5dnnhmEYZk9gFTJ0Ef2Goq/qjoJ+s/f7/cFF9LnF/fW/LMuTTjrp1a9+tdi53HDDDe51XrHLz3/+88Gvxk7Y+aivETMMwzAMc5/lO9/5jsA/g0ziiHbeeeeRN9u8FiOnnXbaN77xje9973vvf//7P/nJTz74wWBNfMkll9BHtVNPPfVP//RPxTZx/vnnC5Th/s3f/M2YZi9/+cv/8z//k6bPOOOMyy677Prrr3/hC1/4hje84eijj3afCS+//HLXSavVcns4+AFs8iOdnCzLvvCFLzz84Q+/44473vWud33oQx868sgj99prr6uvvtrtm2uQ57mbuXjxYsEwDMMwDMMw9wFSjcigFqThTWJHd2KTgqP0AQ1S+O+6N5Qo1FXqyOD9UZJqflqLp2JmKYLwopqHHideUmFN9KTAQ7H1Q9NkrEBfnAdlSQn6krJ0f6XuFf2+KUp0QDGhJg6FTmvUwE6SgGXeeqccKkiQlY9AdSRNmU7qkZGcJUU+A9GBwvrqf0PaI8fsUijlGktGL5CTQpddYmCKAl8aPZ23Z1pTe08vWrF42bLppVOt1nTeaas8A8WOzbzgoNovb3CCmoQSKYq+a6C1dv/91fPKlOZ++USkYbcUzV+8fJxz+bL9lj7l1BPuvOWuhz3+6KRTcd4Xf0ZCh+klU0v3mcf7fMnyJbdd3xQhhHtunL+Ibe7wEKeT0NQ2hDNqeB8jadxJcmBlk8wfa78zeL5tIyAqcZyxwl1HIbyjCUlObKXEUqQ/QI8cKYbtGA4Hov42EetI0knZ+nH5jdNZao/WHDl6c7NiPkhxQuy//35nffADp77otPua7mT8iWpp5cdrT0yOSi+eiOYlQReI8iOTyJdgBEmykyyKQprqL9u8Pyt5lR/9g8ZFxDHWB4Lhbw2waRJG01Mx6RPEMAzD7K4sX77cvV5wwQWpqr3BxRdfLOC3fNMoZc2aNb/85S8Furi//vWvf+pTn5ou/fGPf7xu3bqhHW7atEnsCG699dabbrppamrqwAMPHN/S1SGOOOIIgd7yrkQhJmBubo6s4w866CDBMAzDMAwTcJ9wLrroIjfxyEc+cpL20RZl3vbtdvs73/nOGWec8YY3vMF9XiLXEIHJg2eeeebJJ58sthUSnSwI99nJfQh8yUte8pnPfOaOO+74/ve/T/MPP/zwz3/+87/3e783uMrkR7ogVq1a5T5zvvnNb/74xz/uTsuFF14YFx133HEf+chHyJ2FYRiGYRiGYfZ4UqGJnMDFxI5ZZKvvtFfJHEonjYKiAmvP6DjSICky+m5L+iMzJuZYIasvzdMi4Tdaxh0ImowBDQ3WzqUssaRpMEanb02/6PdL91MUZWlyTVIYi9+sx3QaL7OJNVk0C/HlcjHf6VLY1aB0YcyqzSI7OIXUtSnBXQRfFep6hl0WaWNZtrKl8CcEdkwaAxvDkArI2oEjL0Wu1KLu1NLOzNKp6b2mlyyZWjTT6rZUlotMg78BdKsgLAk3gV4nIEcAnxgAA4hAyOPOaqfd6Xa6rbzVE/2hhypl9ZqctGrp4r3nkYwc+pCD3E+1rrHnfPq8K352DR6z+OOTHy3mY8nymdrWB3ajSgcZ0QPNL/Gcpo0yMbwoXrf8mJ/gRlM9VzsCGa1vPJWpidcPWFMa1Jp4BD1vyV7RM+athsK9JmuXsCaXSZ5GUpwMPwUhCGj+EzQ3u3XeNl/4whf/4i9Oim8POOCA+6DuZN4TNaADsQOSq+qBwHwlEpcYfxHjOOxVRE350Xy/Wmz6asOd6cc75RdK8gWSVsOwXIlfGIZhmD0Y9zd69+tg9erVT3/60x/72Me2Wq1Gg1//+te/+tWvqGVjUVG4j6P9fffd9x3veMeDHvSgxtLLEbHjOOecc4wx3W630+nMzs7ecsstn/3sZ938RzziEf5T1miOPvro9773vQItT0477bRR/bvOXbFnzZo1rvNzzz33yiuvdPPdaREMwzAMw+y2jHd0G8rv/d7vjfmbydKlS92nIDEx70QmbOw+mP3jP/7ji1/84l8iblvuM5j7oOU+/0zYw8aNGwdnug82YuEsXrz405/+9BlnnHHhhRe6z3UHHXTQQx/60MMPP3zUR68FHWnKN7/5zfENVq1a9aEPfeiNb3yj+1x61VVXuWN8wAMe8MAHPtCdHK21YBiGYRiGYZj7BpMrToYQE26SMrEPhbH0fXUZq4eDHh6jdib4l1R9Vg4ovvZpfY3bb9sE+ULTsiU5KPIvsTjRN8XWou9+5qwpyrIwBelRQrCDSNUzsvFfchAXM+y/7Wr1+PpJGnpqpZyvZGpDs3BQYa16j9IbmNT3M+ZlVN4WMuRj0F5pi6IT4SYkheYoJRe3p5bPLFvSnV7c6i6bWryo3VVWaQMH7ZZmUutM2dKQi4z77ziyNimIfl/jf9m5k5rpLG+1Ou1OBv951RcTk3pxjHc6aZ4tY7/18R9c88vrqZc/euajDjl6frvxJcsrh8vUk8HWZ86zabwTvd1IWCE6naT/rdt4ACZ/5GTwO7Hz7crklX7SCkSliKX7woDUBP+PiCg6QUVY9VxJmWoL8MGp37BDMNHNYsyeWysnPDPkmT+e97z3fQcfcvBxxx4b5xxwwAEf+fCHTnnBC+87upN5T1RqRWUrYZwVIVeHBIdR7xfu9jj2y6AUIZMh0glWHYWe7RCnE9p+Mt0Qo3l7JpDI4Z2BhirwjzGjnbcYhmGYPYSDDz74RS960VlnnXXLLbecffbZo5odeeSRg9qLlStX/v3f//2JJ564bNmywVVOOOGE/+//+/+G9vbmN795aDlkPD/96U//53/+pzHT7f8oEQmR57nbz7322oveHnbYYf/2b/82NDHHdR6/T0y4QssrX/nKQw45RDAMwzAMw+xEZmZmHouIewH77rvviYjY1dwPEQzDMAzDMAxzHyYVP/hYmdrCeuOgC4nFaKpKpoqT+bY3rk1QmZgB1b4NkpNQCUW7EuzPBuOP2k7WN2ow+aGUoizLrb3e5n5vqzV9U5qyIJcKGfwXRGW4ghVPFKHY2h4OPYThXzOgAroZ2hzNVOavm8ftkgKmijKxoTIsakctvRAlpAHRRbVUvXUHI/FopZZSWXA6yaXKddbO8rbOlk8t2mt6ydKpRUu601NZGxoI1dJ5K29nWpNsxR+ogp1xJ7AoQLMDuTxat1ttARqTXrudt9sdNye5FpMICWzSbGEF5V9+79Jrfnk9rK/VE5792Ac+4rDJ1x0tN7FDWw5ZK9yvKopOBlJ1GqvKkcsWLv9qdjHiaYyCIxEe9UrqUXjjIFNzN7HJik15GgkLqhFBDH+2Bzxa6rdt2LWBOfN8J3hCer3eK1/5qv/7vvcec8xD48z99lt5X9OdzIOyg0KrcE3h2hlhTBKRY62tRiCYHTUoRtQVcHZ0GkJjcyH5iyQnfg7eYkZapXBTQWSCoT4gP2HRCcMwzJ7P85///Cc/+clXXXXVhg0bBpd2u9399tvvqKOOGvrr5m/+5m8GZx5wwAHHH3+8K5M8/vGPF8P47ne/u379+na7LRbCc57znIMOOmjLli1bt251H45d/cNVHdxW8jwfs5Zr8/Wvfz2+3XvvvZ/4xCcObXnyySe7PXcfbFqt1qpVq9xRP/zhDx+qp2EYhmEYhmEYhmEYhmEYhtnJTF7fnjfvQgZEKFLL1BNhlVr7AAAQAElEQVTEleBHFx8pqKHua+IX+H9rlVArqyq/QVmFq2zqdE9iY6qMW1MKO2ct5enM9ntbStOHVSsLAIXNC9EIjqg6pd3ASVUV61PNx5hTFFxKRPBTiWEkSYF2XmMK0jH4syzr1eFUHlATD1Etl3J4KNTEtdFKZe7Hwk9L59OdzkxnaiZvL+t0l3YXLe3OdPNWBmFExv1lO3fTWQ4JPLTTWuEpNXPgWt53f1d3i9utjlKy02qDCEXpvAVotVAXyZrgacNdk37L1O3Oz//3EpIkPek5j3vAsYdOuOL6NRv8uUs0Jk2504i3tr4DYcLPycQ8RB8IO3yJSJ1E/PuhQpigz/ALq4Mxfo70+iO623CLxnrtlvsfyUxMJTSJxxIdhNI7298EmLGSCp3swOONT5c/vdiYelPC1pRWQWdWdRQOZ7vVN4grz7zs719+5gfef/TRR8WZrDtJAf1ZdVFS0YggZQeNh3TD0D9xHPPz8Y5oZutIP8Jh/3H8bzxB9ZE93HJ+RZDFoVIOpmUcl4MPy465QxiGYZh7OfsjYgfxJGRMg3/9138VC+fggw9+7nOfK+4xHokIhmEYhmEYhmEYhmEYhmGYex9pwc9HydhQopaJ5CO+DpFVQNBKUkOPThzSpgYkgyXpEL4jQvEySEBIGUHVTG9kEpJ0hhgiUIPUfyRYK1hBuhJTmHK2KLYI0ze2NGW/LPtQMy9LqKgaEmqUWD41wUXFrx/KprRbVEhVWJn3h4mxJDI9qsEzBFoRsFqxSfWeDrlu6BI9LmrzEjUJ7DScEEiWEPR9f/hXo6KETr3yJVkwMvHXEu1MpLHS+ANyzTOpW0rnKsutnspbSzszS6ZnFre6i/POos5UN8tlCf4CrSxv5aAdwR0HjYGCnoQpyx5SlIXbTKbb7VYry7J2lhVKZVorpeS2JDalBy42rNk0YWPXsjcLIT77HLx8csWJY92aTXak3MQO1ZeI+kz/alIPBiAb59VRnRhTk1ZYMczpRVYzK3mRbcg8fJEf72BflDchjYrycNw9WBohfR+UoWNJcOJjdKh/GVxLKNgkpurIxl6SVsQ7ndSfby+DijoGSTdieIBr++2f7SA6ieIuK9UOC76dm5t7yUtfdtYHzzzyyAfEmaw7iaANkgoeOHDd/BWJAg+DKkJvhIP3VnAdCbd+lb4TdCPVrRSSleITEW+MEO1UM6oSfjgLKjn6fUCCF0mSJxr7rGAYhmEYhmEYhmEYhmEYhmEYhmEYZhcTxBNYv1O+wB2/rj60Fp8QaoWq0pZQ+RJDGULZekTsDlazQ+2aKMM+BcMFL9OQwTHB1m1CpDdECM28uYpXu4DBibU9U8z2+1uKcot7i+X1MlqqSJRgUH3c+sNGtYs3hyDJi9+gX8uImgyAgmvCyQzZEDb84FwlwwZtCJHAE5Ce15BUQRqbqhVoXKKgx9d7LWlewL+EyvOarqOimb64a5UATxK3GWXcHLoqQimls6yV55nUudJdnS+bmlm+aMmiVndK512R5a6uWxglVabzzDXLyLMDTVbI4cSUvf7cbG+2LMocPE7a3U4n06A0AS8WBNonx5C8jqcmwtlw1wYxGd3pts5U0TeHPeQgsRDuvnP90Ft8/H1vB16VzzKy8XVep5OxWxi5QFbnVIb7gm66SgVACVBwC6dzSNXlHzQDuCWV3CTst6y0LHRI0GrQo8L654we0YG9lDZN3pHeCUVhIBZJwmR1OPSsgiwrHhwK2bZHszTA1q1bX3zaSz78obMOP7wKXmLdSYW/+N7ORKKGBG8Vf3MIukNMZXgi4m0TB9/Ee8SPZXbUg+/1UNbfDOEeol8g3t3Eryvplo6jtDCoY7FD7jyGYRiGYRiGYRiGYRiGYRiGYRiGYXY2pmZPMuBoMAo7JkpGxq4aG2q0E/G78ViShpJ42KiJmwn6EV/UNN4WJbShAju6tGAJM27Ux+WUxVy/N1uWc+gBYdJkDyUV7YY1IhRNlcVivg39etMUWRmOBPEGHaHX3NhUXOE6FmVDmRDqqlGaYIJDjD8HKoRSkGtMJWmBAqzF/CD3TrtFpSkUHqeS0U9AkJuKsl6JoLBiD+oTA5YnGrxKcJ+tyLTOdZYp7Zp0snxxZ2rZzOKl04u6Km8Jpa3EPA2btTLI1XHzYjUYz4JbOjc72y/67k230+l2plwrkJlIpUIzaGnKcAEXUBcO/jF+m3ffvqEsjM7UvCu2plpPPe2Jd9689iGPPlJMjOv8rtXrRf1Gj7YNjcbjDyOJ17ELEZ0M9OP/HVmnt6LyH/LqkOQh8mZBMhhI0PzoZSK82oQMTpq9p1k5cYuyceShiayt2OzKVmcRlS7VcXmxAikcorzNChGkVtLru5Lsnh3F5s2bX/Ti0z545gdYdzIMUukZFAmh61NZhmsR1CWkQfF6QCvqlkzYR0NfFn1rRCWBEkkElLfQqfqRpZtnJLluxXXcZGlo7PQbMDaIXRiGYRiGYRiGYRiGYRiGYRiGYRiG2aXIoRkFSdwB1vZkyMAgnUTVzmsymtXh+PX2MYVjckNAwwXIXsDcBiNsVVUPJfVqZ+ywSrkAvwaL1hqQIBJ9HdxEWcwVfVCcWHA3wWo7BQjJWlnei1ZgWlNWjwjNQjQE1fE1VDtRoxMCbfyKshEYAs2NJT2LPx80oYPZCZjDyCSARSZHJn2VVsSDkt4SAtwscpW53hTtoZcVwKnT4HECfWshNWhXQIOilMys1ArybtxrphQanKgMsnX0TKe7pDu9qDPVVrlfRcgM2gFoWALOKHTeMI+o6PX7s1u3ugbd7lS3083zXIVbSFaxGmLk9ZqAuM7c1t7VF1535CMPn2StAx+wyv2IhfDbn18zu6XX2K6tJutTI/BrRSubMLFNohM5wUwb/7Fp/o+vwSeFfQjTCUYU4RLiHHwQqu7rySZ1/RTcjMHGyIrJvEeiSiHsB0kMLMWm+E1XPkKKfE1IgEVOK36fdrToxLFhw4bTXvLSD5115sEHHxxnku7kec8/5a677hL3SSQMTCYa4dD9hNfOa/RokUg0KLJm90TKRS/BSzo2MmpO/GKTiA0r4ZTXKKJoTmIOmaBktaB3kTjYSdDWedseDtdhGIZhGIZhGIZhGIZhGIZhGIZhmHsVA+qQWkXPxOJjIgFBhrhQ2BACo9SopUL4EA+vOIGKZ6XPELGkThqXuvUK6VxEYmoSDoG0HegjYlzFvewX/S1Ff9aUc1aUkN0TC6aYqlO5SuBWsOitgnLCJgYf6VHE1A8pVZio9tAXTr1GxVbRJ/FEKemDh2qREqjbqGr74J0S4ipsGQNPqFOyOXEnWBojQj3f7bhbRVufS6Kxiq+1zITKpMrdDOV+UHEiZVvn0+3OVN6Z7nanW+1p3WornQvdcmu4dbWGrByhaUfdpCnLsijAN8bR62U6a7Xa3XaHPE7QGaGuOFm41qSqQovaxCU//M2EopNf/eA3V198/ZHHHfGQRz9ATMaF3/91tQPJqxiYHkqjQWp2IsDpZNKTMLSdGdE2eE6IqIpCSBplRbSmIIlJ9DiJGSgNIdAwdYf1yVjC2HocVLpmTWVVO20UyGOFrGlwhBcRCB8jZSk0RaBHDomiJD1USml8jtQOdzoh1q1b98JTX/yRD5914IEHxpn77bfyta/9x9e85p/EfRKLBieQbmbpuhuUoJg4YpLBSX2lVFwGr4pMmtJuK1ceam5wA9FQR4YgsRLHYImKE+91E6OhKO9MWS9aIjUMavqEtUYwDMMwDMMwDMMwDMMwDMMwDMMwDLPrwVIwGGTQhExtToQY7lfhv+0+nMFgnSHVfEr6sDbqS4JBgkxqlbZW3a6+Iy/TamNIjpEoOpGFMAY9TubKolcUPWt6UhoSpSgZFR8iCEGk8LNJdxLsW2qbTd64mngyH/ZQRd2Jl6EEnxQb9k+SCkdEhwfMxrE+ZCe2qbYa91KGMwByE5zIJdVkQe8hbQjrsVah0wlIT1BS46ZzmWl4BWsTcD+BaZkLNZO1l3amZzpTU61WpnRHZW2ZQbNMawmKE8zKkRJSc7xWpixL0y/cRCtvtdst1wjaYgaHCq4xIVfJ30OieQKH3i10gyVv6hNrbll727Wr9z9sXzGW22+884dfuMBN3Hr16gMOX7nXyiViPm6+5vbVt6wVC5ebDO5k+nxss9OJHfk0Jc4hyYSpbjoShlhT2a0YT/A4ic+r9XdVuDelTG665JkepfdIBCOiUr0kJ6Dyw8CUJhQvRGsTb8SCz4yS+NBR0hN68OAcRaopgU/IPSI6Eag7ed3r3vCZz3wqnfnwhz1M3FeBVJ1gc4LZWLZufAJClCp9yd95tcekGprTrBwvo4sPuaWRkLQt3tMGhSNKeI8TN3arSk9ofH8Wxz6DbYSXwBhrpRUMwzAMwzAMwzAMwzAMwzAMwzAMw+x6oo1GwNaKyM3WibogrULG5dUsS2VE6RM+aj1CRZMSG6wNUTLkb1DtQ9Cj2ErQYb3TiRAiRMuQZQJuqBToaGLKXomKE2sLqYxvU5qg4vCiCK1UKLMr6kphdoOCEBBpq5yRWDSV9ZNjwwnBfaw7r8BX8a0/EXSIvpU/0/HQbU1uYqpjJeeHsrQqmKsYYUDhkWsFAhSrjfW+EbaUuKLGXAp0KVFgduImrXQ/ynpRSCbUTKuztDO9pD01lbfbKnOL2lJ3XNFfKGiJwUOa9CY+VMlgKdiURZG3Wt1ut9XK6pfdxowZP1sKO2k5WCb6ouqciuQUX/TtS/Z/8RPHCxC2bpqN7bds3rqXmE90YsVPv/krEe+narYYpTkZ3LHgOkKv6O9hKi1UNpFkwg5MNc5cuFnqz6RJxR70KJmitBShU5bUuCzKcG/JcIHwbsPrM2TvUGYUNFcmud296U604qENwQFbE/c9PvjxnrFByoX+O4pSdMAgCN9S5BNuVHqLkwxeLLqkkPnPPcSKFStOP/3tjZk/+elPxX0VGyRKlKJFF9jfzSMf5Wr093ejGVAXxjEbg9OiuxMNaApCwvxwIcm/BNJzoDW9TW4sdEAJcj5apIW199wtwjAMwzAMwzAMwzAMwzAMwzAMwzDMQsDaoEl1JKHOHUQeUiZVb9XUmVRLVdKhED7vxtceEx0JFMkVlSlJ0UFl5iDcAO0Efptdxc5SqUuyadxDg9+Zd125anu/6M8V/V5ZFGjPUbhNUKCNkN63A8rggPYleP/1ecxugIAJdB9RggwaKq1MJT4xddMOGdw6ZDrLhvMZRQlYw1XpuqruJ0HnFAuyuFWs7LsiPKpl4LyB0ESprXNFpkQmJX7VH6qxWtauCORkgCwBgkq0RAWJW0/Ils6nW+0lneklne6MbnVknkvdyrNW3m5nYDgRJQoazU7IJqNfFKYstRVZu91utTLpdoguVzxm750hRKwzT2QcMsbgJH17429vvei7l/7eEx4iRnPwgw54wLGHXnvZze71gMNWivm44JxLrv3trWKC/ZzkQISoIm006HxGYa3mMQAAEABJREFUOZ0kmU1hlplni0HYFCUdblV3S1sMkApWFKjpKkqBHhAmPFSxr8rbR8pBJxNZUwtJryPxgT3pPiWSK7LpMWSGYUidQF3DbYcBTRKynMi2BPJzpE/P0WRwgplWihpTr5Q75R9CUslMotpZOCtWrDjrgx/Yf//905mbN2/5xMc/Ke6rgGLJ0qUESRE++7U8Ha9Vim+bWhTrx/rGM2JRq+SXkvYPxHSabE5w/EILE4O9G1CWgHoOtXlRhRacp0jKpow3d/KjLsMwDMMwDMMwDMMwDMMwDMMwDMMwu5R6XdfGomFlMyJi8osvVzcKfUHJoeohI6F/LymxNiTp0HLpbSEqSYeXhsQdI8cE6xvHvZVkhYLFUbIJCZ4hpTX9spzr9+bKok89u6K3TyEBFxNNWTFBu1LbVdo9UK4IY2tH2AwawdKnEmPxkTdhl6utRAkLzi9NWR0+nS0owvoz4bU5VO/FLrWEo5YG1isF5OlkUuZSlbaEbKTg2+IjKPxRwYSSuq30THtq6dTM4vbUjM4zIXOrWjJr63ZHtzErB9ZUWpKDRWkLW6KFBooZMgXyFIePaiFrF7oYSQzKROYejbp0WDV1GWlIPX76tV+uPGSfVYePVJO4c/SU5/2h21mp5t+Fm6+5/dyvXSRGi10aM+2I+QM7URmESDCVGdLShrPl1SDpfSjCkYjETYemKMGIHg8TfE0g8QhevUGFsIO3avrc+g3aoJLy9xXJRFRsGI2G4vax32DhEp460CQJQxIX4xVh2J3Uyt1dWZ7rDEUnZJmDaU0YQxUmZHUWLOkP8LZH+Ylq7vaOY8WKFR/58If22692J23YsOG001563fXXi/sq3uaEfgHIkLMk/e0ihz5VYSwj7R7alcRxTlSL/BS8kOIEY8BQfWdAYqIkaAbxd4SICkBBRjl+zUrypI3XO4kQJSUYhmEYhmEYhmEYhmEYhmEYhmEYhrk3EUp5Q2p5ZAoS3Dt8A+UTapqSkXqPsSxuQqQMOSOYaGcgm/VxqnVXCRsygCXI0lfm6av5pGuxBSpOZstizpfFsVyvFVmWYLWbpCzYf+XO4LNvhM8LwV6TQ6a6a/IW2pVitO5EJv+PM4QvziZpQqmehZQsacE/1m2NEdIbupQKqv/W/Qs2E5AvgW4RJkMBCLgEuLKsViLoHmjvXYtM6W67s3RqZtnUoo7OMiMzI3KVtVWeQ8oFWKOgAYwkgRBmtJTuhEJRWIEFilZeKCDDxRZ1p5bG0Urb9PAYoTVpTg9ZBPVn+78f++GzXvu06SVdMZpJFCeb12/96kd+AFKNEVsXw+QmY2rb0UzEejsIHy80THQixZADD1fdW8TYoFPy0xAHRTcrSDzcVen3weOkNP4RMLZ6WlKzHZls0/dmQSliq0fLhmynyqjGQoCTjdIWDEwxXn9Whu7oToAnX+qs1SaJifZHDveKxrAcZUHyRWhvsmL9vSmkCntVhPs9uLEoGU7oDmaU4uSFL3zRfVlxIuAaFzQhE9WJiKoPUvfReELyo6ClC4+1tHaIYkyGTsKvDuvuiQxuHfC5kmUJMjdrdU3uRK+WBmoZVIcW3adgOAsbssKy6IRhGIZhGIZhGIZhGIZhGIZhGIZh7oXYyuSgmillU0JRR3qvgzTiJYhBvMEJ1q9BzxFiE+yY/tKuhQw1TyxEWx85AmIWCBjpe/eFcq4oe+hxIjDLQ1pf4dauCC5CtdTGeqWvbhr46r2BHB+cpRORiU0r9smZUbIe8DMsI0XUVSmhezogK1MTChtUHJicEvQ3ZCiipC2LGFnjDwkjS7QW2hoUzaAXAapONNb73aIM/GdULnSudVe1ZtrTSzozy6YXz7Q6sjCZsO1W3s3bkIOSZRqDdTTqECgpx50qtwlI0lFWCwkWJyBmge1i5Xh+bYcYpsqxY98O6FKETWZtXr/1c//x1Sc/7/Fj/E7m5eZrbv/qR36wYd2WdBND92ESuUkKXhS6sP7KZiPb1h4sW7vNSCzi728KrwmpJ8YLgUxRGOO9bOLGQDGEaqPw3Pl9ChusH0Vq82NsaroSNSwhucfYkLlCDyEG5WBsE9w0KsuzvNXKWu4200FpFRJ4aEzwWhPll0i/rXDYFlUENvhqyCRyaaKbbHJYcTIGlLZFmRLZ6mDCmMGRV0WFUP25SPxwokZIVuMc/CjfJbxTlmxOjBtlVWlsaTS5nsggI5Hpv0YGfQveQFbFETr8amHRCcMwDMMwDMMwDLPzcX8m6xeF+3ETgmEYhmEYhmGYnYL7BC7w07hg7sUMJhUMVq6puB0KyqmlgmyEgdSK3ZR9Y33ZGuuEJlbK/Tfcq++5eysRS+VKytyIOSDp1gz6pkAAjKE+XUUeK6RuNfBqkD6tIR4geS4IjJEo6YiDmYINPgsy6DpQPyBHCg9qqgF4Ucl0XEclTaDrKt0HT4kJ3gDpWuA1Eov3JJnJMi9NkZhTgnupwS8APQKgCCtzIdGMBIrDuVI6A7MJLVVL5B2dL2pNL2pPLW51u62WBh8J2c5hPspNVKZRoOKlPFYG8w2FtWZ4scK1zL2mQXhvDTGgFvI3xjAdR/IqRsg4bH22HZjlpjet3/Kl93zrUU/9vWNPeMiCJQlW/PScS8772i/R44S6H74P88pNEl1EMjPGy4SbP0t0Rmpw7VC/t3TKvKQKXU1IZlIWRVn0S3dbo1SrBFsI7AvTaayte5lgME3QoODMZE5U0kgQV2EbvOSm9G5BIZ0H7v6iCKYX3i5HtjptuJ0kephAxFIOxjcYmpMYEIV1avo0WVPVxAdeVOcgsTOSJHAJXjFC7LiEnZUrV571wTNZcTKSumeRvyzh9qF7iZbGiWrw9CN78MwJ2WAweOEcHxiGc5Q0MAa5q4zyQzTAQdlR1PnhNsALy/ggHu/9QwMt/Waw6H7EohOGYRiGYRiGYRhmVzA11Vm/YdOWLbNLFs8IhmEYhmEYhmF2Cu4TuHudnuoI5t5KrXZuB/UnQoavq1tLExC54hf5MreyQSoCBUfvKWKFIF8TjGyhWAbhFSeYy2PDV+BDlEIoc8YiOJXMpY8tAQ8OBdsiHwZXMi+EKf1+o5YFCvLoNxF2T4XeYs9FVMZgV/E787QGxtVAek6tCFs/G9UZk1UsTrM+Lr14Be0v/Df4RXRrEaipkWEHqlwY0hXQceDpypT2HSraZ4lCE7A5QZsAmcOpFJmQmZJaotmJdhMqU6qjWjOt6ZnO9Eyr01Wt3K1d2ByjdnJwqlCdvBU1ArhrrqcyCgkoMCbLMoVxKxCJgl4nokplSSOH/P5XIgKRHtNoDceIt3bY6u66n/+VC2+64ne//5SHrjpsUsuTm6+5/SffvPi63946RlBiB16bDcaLaRKPE5qRkVsN7XbsA1KfrKLOvEwlSHVMCWITCDWCAJ0CbXzI7IQeK0kPmHcL8Vul9VW4q6LIBJQrXvABdx9ENIHQBJRO+EiE9JyiX3jRid9B19LqTGatVpa3NOqXlNIqy3RGSiZ3Y8KDIxIhgpcB4JEmp4n0NNIPBD5fhU5kpVUx3iPJHw7EYYUEKjvUQGjhrFy58iMf/tA++6xIZ7LipEFNLGTxlgnXzpSlCHZMXpYmfAgZzIGkJ0sqFBlGUpKtKXe/G9IMouLEDS4kKKEfCfI13Ip7KkwY7o27J7zRE23C0O8VRQM1+eGQNm/HJzAxDMMwDMMwDMMwzHyQ6OTONXez6IRhGIZhGIZhdhqr77hLwKfxrmDulcQKon9bFdKpgq4l2SL4CAVYiIqTWGX2RW7pp7xpAqVluNI5zTb4tXZL9iEKZwgKbZC2lrYhfYyH14UIlGxgfgxpSrBa7qryRW/OmoKcTuh79XQIChxAoImC8rWgqn3pqqJQ2PR10hBdI0p4i94oUvuqN0pYlLf7SCuaqWlKTWAyqLGgVrLyuaACbLW6qFwtynD+bPR7Qa8TWB3ibKR2bZSm/BxfZlVGaGtBZYLlf3A3Qc+JllIoJbEtnWdaZyrr5t2Z9tR03ulmrbbOlbHtTLXzljtHrmUnyzUcqyvqgl+MQWmEknRFFF1ANGwJuTvoL4D7poQYdLuprBDo9qmZFwyeoGGTQQHUXGZ9x37mjZffesPlt664314P/8Ojjjz2MJ2poZsoC/PbX1x74fd+ffsta9PNjZe5NJfa4Y0bc1WM0wktMimbx4iiLS+gkt5FBsRTpgRfk6JfoNYE3qJEy9JZjKY9XpuRSp5EsAEiU5FwCUSlAcKrgFfHgoWJMmhvgjsDohYwCBJB1AX2JTpr53m71e504M4ioQE+q+RrIoL6K92PRIgla5fTJm0qZH2prZ9Jf8qtGK1TWgiYqnNWQ3GyfsOGF73otEkUJw94wAPe+pY3HXzwwWIh/PKXv/r3t//HjTfeKHYTaoIpG3O/TPp0BG8d23gqSYiiLEYo4XhB5iQwfllJMyWGmMHdY3x76SUrRqIkUZKcim501CySsqSyuKK1SHfi1Y9W7pBbhGEYhmEYhmEYhmEWworle/3u9jV3r9uwYePmxYumBcMwDMMwDMMw9zDr1m9cv2GTK2CtWL5MMPd6rI019tSzwX+NXdbDLsimIRhdxC5InGBCXdsOrRxjxV1U1WevWhDe4qAKcJBBv+L1C5Y0JEWv3+tZW2AYDWhMBH3PXlTKDmOptm5RK2NJDWNRRWGD8UTo1oRDlmJ0pM4CqUWMJBX56hyCXUQVARQNAug8kzqhOuleFUASEGuowqsFRuoIAZ4lWZZDkde2VZarzM2ZanUXuf9l7W6Wd2WegxWKynWeSZnpDDQooPqRjV2MOy3DZaLyswxOBtJLUKr7wdpxupKoPBkj3hjQSlQzbXixdQWH+7nj5rXf+tR53/vCBXvvu2Tp8sVLli9yP27++jUb19258e41G9auXj+7pWcHZCVi+FaGNBiapBP3aZhooiIzJdXVZdATSW+8A7IpB+mz0LIHhCbwYy1ZA8ko+wq3f2IrIutPSDVXVCqnYIDi1VgkMIFNCNwKONXgTaJarU6WZ7qVY25OBkottBtRWgsvNNMhx0RRWJYXRQlb23J9N3B5XZji/1E1/Uk4gUP1STtEUPCKl//9Pvvsk87ZuHHji1502rXXXjvJ6m984+sXqjhxPPzhD3vD61/3gheeKnYf5ECYUTV8B88ZHEDJm8ZWPlSCJH0goaK4HNTMoSlTHL9QayhJQWj9gCLINsUGMV1QVEmyUUEligxuN9L66DNSnKAkhRUnDMMwDMMwDMMwzC6g3crvt2rfm29dfd31txx6yAGsO2EYhmEYhmGYe5T1GzZdf+OtbuKA/fdttXLB3FsJNiFS2ImqeK5xla7jNQm0osHydGkT0tJx8EmQ8Xv1qT2Gn4i1dmoTPDVAMEJ1c9N3lBD4YNJKaegXTVUgzQfq+lQbFaRCCXKTGK/jNygXXL0crM8OaVMpYGSoy6tqoS/oq7APac90mihUCGu3McsGGppMQG0XtCMK1QFK5hCSra0AABAASURBVFJlBoxP2irvZC1lTa5aizpTiyBGJ+sIN0trI3ONKHrxGhK6TLIuO5HooSLIZiMKi8JOUrhSehIGdSd1CVDVMG2TOpwM6g1Si4XGKjbRqfS29H53/Z23XX9ntcg2Gzc3J4Y0mEduYkd2MgpIO6IpkpuA3sJaMDTp9YpeWRYF+MsEix5/E4StVXkzIqi+0hOBs5WqsqNQDeAfKgjOwR9pFVinmAKVLZhJVRp37bM8B2eWPHc/eQd9cfJcZ9qiTkWgEsb4iBtJrkTCB2hFUYvXoeEDrkLEEgXlmHDlTXLHC1mXXNEivJBl9QyHo4tJXdvPE55wQvp2/YYNp5764uuuu26Sdd0ZPuzQQ8U2cfTRR7nVjdlBEUH3MDIIPgLkcWKC4YyXnpD8CMYmlPH5CK5SKAvSJHgVVtM4hb8kggsPXWzI7LEYnQMhT9izJCUhPbY4R9EUGFhZaXwbgT2gwhBjyeD+MNjD7nF6GYZhGIZhGIZhmD2MlfsuX3v3hs1btl559Q1777Vkr2VLZqanskwLhmEYhmEYhmF2EL1+f/PmrXev23DX2vXu7fRUd+W+ewvm3oqvioaCchAY2GG6isqOAHNqqpYgULAlVbbJVEGQyCOUycGSBKqPkN+ROmQ0xAo+T0cm5ia+JW6yJCVJ6SqNWitStHg3FAviDPrmPIb4QC1biALL4FTwLEU4tNhr/ehCb5OixixLFBoiMThJVRrRS8aKxMZCBhsLn2QCFX3vAOBOrbL0ozSmt+RCZRIcKXKrciHaImsLnZWi2+pOT09Nt7sdBfKCrsozARYWmXKnTbUyeOslL8k1qqQtQUukMFXFuw/grlIbXfmj+DVLyGxJDt9dflkdsE10HQ3VyeA1qE/YQYOTpCM7OH8+xYkdu5Q2OaTpUK3JULVKxP2poeVvcYMiDmvmZufKPrj0lAWU8+nKJkgZo6mUV0KFNiaVSXmJlfflwW2URsQ3aBSB4U2lt5VA/YTWujU9lbfaebul8NqqTHtfk0ynjweFUBE0QASVWHofW1HlsfgfVKzEEKBw64hRQ8nACbXj3m4bP73gguMf+UiaJo+TCRUnAgfHX//6Nw996EPEwrn2uut2F8UJQuE5Xn2IM1A5QmYkeF96ORKF4GA0lIJpPwFDkoDcL+1Ddqyi2yjo6mBMsOSVA3leoKezPkjNesWj174pupu8l4n08T14Y+EvHgrosTtCksQwDMMwDMMwDMMw28iDjjz0lltX/271GvcXcPojOMMwDMMwDMMw9xD77bv8gFX7CuZeTnQ6Gb28YWsR1RJegiK8ZYMB8UF0OjHetyOad4SkEezFbzaVecgkdMfamhoGQnQoMcdrMhRmPrgNGl/3NrRKAeIUUaLKhPavDL2LNBGkri/xDg5WbH8lc3yFXSYTMn5RP2oMfC6KL7bSrlopol+AzITMJfy0pALRCZgLiLbOWlK3lW4p1cnypVMznXa3JbNMqI7KWkJpCxKD3DXLskyDwiBDhQNYX2A4ketaJcICP10XRYSrI9P7wY5RBtQ1HXa0ekNMIDcRwxQnldZE1CQsYzQlQ3pLF9mBCbGNZHObt6I3D5qalPBoQHekzbJYQS/JzSb425DKpBKUGHqyRPrYeIIDDSmvDAq9grRFoFbIPSAgLnFXO9caLnqGuhP6v6IsE2wnbczUkt6uRIGqCSQXJE0KZjg6NSZKHtVqovLMkX4nh50ZOWas2eFKgre85V9f/ap/eOQjf//iiy9597v/86abb17Q6v/6tn/753967cMf/rAFrXXddde99a1vE7sR6GUDE2G8xbkk7ECRh9eF0JMhUVyiNEZ8gekITAiN0hBN1lHWKEraofGa7g0DAiwB3jZ0r/v+BWkYQYxC++JVa7jU4Nbj4GGiogn9TnaELolhGIZhGIZhGIZhtgn3V++lSxevuevu2dm5rVvnirIUDMMwDMMwDMPsIDKtu912t9Pee+9lM9NdweyGVKYXVQ1YDixNZQcGRSRVsA46ndjUOyMoTqrqpQ9XCIqUZPs2ujZQCAlUMU3pC45oxOFq+SArESVVxsO36V3jUoLKBKqbMviNWF+a1PWtpGoXG1IcJip6NwxREn2Er5TWbU6qtayVsR4vqqwS4UN1wNdEkLkAnSb6wWQJKO9qKVrwo3KBohOpM6UyIdwETEvVzdpLpmemW61MZZmb41YxQknbluBykmd5K89laUFrIKQ7t9VeBC8Lhd4mkvJ9oqNGuCJeKeOLzzYNSGqeouR1qLxD1GemGo+m4UV4rUtNxilO7LBNNHQqYoTiZMS64xjaLNu0fpO3HaFHwlb6K5UIL2SUm3irCRIBQcIROksES52aCAfOfUn6lbiyWyHTUoGcCFQmeZblOnOvrZy8iLyGiF5CQJZfObxRID2QfheqEK2gPUiQMplh6wvqs9JbZJyVkE0sNqix2AHcdddd//y614tt5cYbb3zRi08TezrSp9fQs+NvKuu1JsKWpaYkHbgbFd5KYG+kcWxSFtbGHyPpVUZNnYGh2CeMGfIp8S4mMHTALQybx98C0ho/NIKKqqSrj7cg7pLBTsIvFe/oszt5yTAMwzAMwzAMwzB7IO5v3/znb4ZhGIZhGIZhGAClBrU5QW8gvM1CmKgaWHIiifXoouhj9oKJWhTs0nrbBSyJU1foWRI2EtUovnNyN3GzwSIC7CGK0gY3ByEKQVPWTZTwxXj4bjxMlH5/jFK+bAobl+Rd4l0hgpuDahyL3wPcoW3KbFBDVAdQda2dUiyRqvT8uVeNuwtNFdbwJZR3UXxSYl4QGl4Yo5UEhwopW6g1cT/ailyottIa4nWkK/tqrTut9qLudLfdAa2B1x/gj1slz1s55OpAGoYChxOK/gC9jpZBayHjaaJMDDoziirRKoS50P8SO4RwxDXMQIPq2IdPD5Gv1AQiA0qU1PhkAsXJQIeNRanixE4qN4mrqGZUjshsWWmRvBIp3buBO81aG1VZtA90SkrjrSbQxwQdTaIfBd46cBtIkbXb6Gii3Y/SmcJbRsMd4m9QWVlGDDuC2ltZnQOZnJXYVA4/QXK+xydc5Kqf+tLBeczOIepMKNdGUIyOsl4Bp90Qg3Ik0r4pYzNwy6lMUCQ528AgRwY3RsTwHBy8qbE3sMJ7WdD9SO5VJtwYuG0K01ExPg1oSJzswMPOMAzDMAzDMAzDMAzDMAzDMAzDMMyuZ/KyL7lc0PfN4QvrBv4vfOKB9e4dIko+qqiNKlEkNsAMEdI9UJkda+sgOoG6pDRYgYzZOgWWLAtSn2D+iBGhgomZPiLE1gT/Ehk1NN4qJX6tX4YC/45GNc9iYioipM+viY4uJugKhC3xy/ygI8FSr1HYGOxMhGgp1ZbaFX8zqTIFXiTKgn9LprPp7tSidrfTard0nmuMURFw5pRSLfS7yLTyZhdQ4AV9TWVyEiQnSop4mdSocJRtPVvRy2So2mNo4wG5iR1cZIetIobt5CjFSTNJx27jATbIYrE8GoxYEdNnhpxaK3zoDVmS0B2Nsi2vMcFHooQrgyE5cMFAYpJlOWiMIPQErjzKTTBfRypDG7KYoeQ7pCOOMpiBB96K+jVJzr5MLsDgKCHnlZwM9miHPCbMLgC1ICgOESS9g2kDMjmI5kLFiRtrMpShwDhiba7CgJq8kmiNBIA4nAuIN4vOKSJE51gho1zMhh8ctSXcsyaYmsjGOKW8CMXS0K4k3y8MwzAMwzAMwzAMwzAMwzAMwzAMc2/BVfOMqSwNBot5iUmB/yY82ouQ+ULpq4fhy+dkj4LKEuU1J4mCAA00qGaZfn1dYtWxxC5L+LGlqnbHCFvQ9tDyBBUntoTYHaxX4tawakl7Ch0r2iCYjkhfacdd0dQilEplcnSTkxqZyMYJk5hmUpsDlf9SxNJ8rPfTSTSGXAY01Vshs8In7Ggls2Bw0oIYHXCQyaWbLTRm7mRad9rtqe5Ut91uKfS6AHcT7fZAa4HGF6hQcDVccITBDXr7mLgzMrgVkOjBBvcXu0P0OLaqL8/f3TC5SU11UjVYmOLEDl1aU5zY4etuG5mwqjFLJv+ECxCUKPGWIMUJPlXYxt80+N6oTGWtVt5u6SyT6HFCV1yB4Q0l94QbEcr1iu6vxCQi7JL1uhbacHr326TM3xTHyESVJLxSIVj9pKKixLVCiDGnVCaNajvA7FxsgZk4OG6C+1JhMWYJxCVaWmXcQCO0seiqBDYkIHazJd0MZG+FcjZDEWgUfKPoViBnKxvkLDBt6LeBpEg2Y2UZRILkjwIDtkXzJ9iWlcF1C1bBAB/cipxkOGEYhmEYhmEYhmEYhmEYhmEYhmEY5p4n5svUFCAp3hmBvsSObiJBLIEVRR/7gWIFETxOaEoNbs76BqEY7r0YyDKlwJI3ijAs1eJdmZK+hA9ZOwI3JyxOowYFKpjSRK+UIKKoHRyVKfEt+IYETYpvhFIbM7FNg2hITOqJPH7RQLYMbJ0yjKikDqfLywzgwLBOa0B0g9/tp3Kqq/CixATycdxEW2koBJtSoRcG+V3kKm/nrU6n02rlGhNVcte8hHOsYVpD5IrSYBYj4Ap504GgypEBURlVGLzaMtEYNX0wts2PYryUYIh8pL5CQ4xiRywSgzevqPoavK+rNgusYI/S40TJRDZ+ZSFF3bhFem2OsWT+IxXZnGBglKu+Zzpvt/J2u93tZHkuJOU3SbwRZKUHwwnp9yMU+wevYDIZlB926KLaOnVlldghSH+L2cFLyuwsUAviU8hAYlLaDKfBbclgto4gjZsf1N2Ya+kpRIGIu2sVqU8wo4xe0QkLXKtc25Cz4wZg+F0hBabw4JhsjEjCmrxoSpHHCW4LxyNSDKKBFBllQexPKeQOugkZhmEYhmEYhmEYhmEYhmEYhmEYhtlWouZAiFRqMIhXnFB5EF0XSHFC1hmGVCixM/IyqfePtcO0rm293wbJVqwtTdGnHBGqQON33Uts6LaENidgFlIKcOoocFEJlUuq2KPiRNY2gXExZB0BJVMTavFyoGK+M2qXuG9GBD2ArbQBgpwnFByCcrubuSKvtLkECwtX/M2UykCxInM8UK0wWUXpPMvbeWeq7ehkWaYkqEwgWQXsCZSbbuU5WGIIzFkR0ckjmM0klz7OMaNq/3bYzMmwEywKnibWjmgT5SZiqEJloMMh6zYWxa6qPuWwhsP3Z/gif0fDRObvtbQuXj1pIhiMGJGKLvBRcJV2d7Xd5VWYleMuNbzCFVfgW5PpGIUkQkqTrcQllehJ1jVQ+HySYiw8FLJ2PF5oIpMDbFiV1FRpDW8fGU9Bej4mlAVMHuvF3BMoirPBy6CNyI3N0IsKfE3QbkRTlBcZkAi6Z4NMioYzVAviXWdwNIYxXWIcjy1JmIdCQnBJwcEaLX6EjW8F2WGRJFH6vbIofYGR3eBO4l1P1ie0nNVJDMMwDMMwDMMwDMMwDMMwDMMwDHPvQvoqtpRDK8A2WDT4MqO7YZoKAAAQAElEQVSpElBsrDvLkJ5T+Wf4+JZatT0UwskmBTN63P+wuujjFzC9waLEhAxO3CLM0xF9iteR5O1QVdH9xsLOYH0yOKugV4vfw0R3gok85CqxcJKaZypkkUN7g3q/jK/BSgK2jSdGudqu0lK6HxCaWPAacD95lmUgQwCXAXdOIU9Fa7eBTOmWzrvtdrfVASmCVBk6nbgaLTijaJ3neStvuR5AcSJtqtewdDWC14mYzOZlQHmwMOzAO5sssGPXotZWLMDgJGlgxUSKk1HdzLdgSFNomwl0Y4grSllPpjF071r0lgnyFNRZZXnmrl5GPy13WXUUcNGaImbohBtQRgObZD/TqxriTUifJSi1Z/RxN+4IOdBINmJxQrxWvRfvYdHcj2StamroBpmdQ8vAzQGjTIi20eBWIjS6RIG/iCkV3p5eaoLyRGWlEUZZcq2yeE/Q81TaEuyqUH1ig40K/bZAIx+D1lIogFLKdaNtUVJaE/3ioOfBYl4aaVIoiIqkJ9L/AhJKMAzDMAzDMAzDMAzDMAzDMAzDMAyzi5ExC0dRjk34yjnalvi6NX5BndxNsIFBzYeR0diBXEkkxSFQZVxQ7kesPEuqJ5JviVtssEKJfZbG+kgGiBaxXqCCRiZWlAYzd2DTbo7FVB3RF1AYJXUMbM6ESUvbw+/Ix4PzhwJmJ95CJTkBKimvVwKaoRoDX/SveqauSC+g6qIT+p5/1GlQaFAITgnbMKHACo4AEixMFAZQaCXaKsukcnsMr8pq6A1CdbSrBhuQlXR0e7o91W21O7qlwM5E50JrzLpo6ayV550sy12nxham0HBhJIl+otULFHDBU4Mqw3DGVXU6qsMvo2pi0N9izH1VdWEr8ceg8GQ0DbmJGFCc2LFd2YHXatE9oDhRVpGSyhqye6B4ncopREZZBqmrDIqPIDpJwWXNMg1BSO6iQzISqIiUprwkFQVcYVPDPEWGXZjRtjHjHCKsGBQhDb3ockjuUq29HHREsYP9DuzJZBIoZkeSGYNGJkaj1kNhrJcKxiQKVYg4npOYz5vmCIFSE4OpZoaEhKgNdIvdYwD3uP9tgDY7aGpCd417tSZY6hgY82XUZoVXVJzEu4fy3Shah2ZKO8FzyTAMwzAMwzAMwzAMwzAMwzAMwzDMPU9iESK9hUGqOCELBeMzcChCASrrVEiUJug8YnKIj20hdwZfLBSxlozrWlqXytI2VuZdjV2QPMMU1vbxtTC2EL4+abCibyS5mZCGgnIW/P4rkkZgwkw8olAdpx31GpsmIXYn8SAZ0iYtiEuqwQ7k9ZCwRjRq7qGUT2cP6rCo/9C4S9CNK/JCho41OQhN4Eg0uJuAFkiigMfbvoADiu60OjPd6alWu61yrbSbk4MeRbnXltSkOAHjE4FxKiTG8coHf4X8xQ4ThnJ/cENhf5v3SLQMmcRfoIpbiaKTyQrENjnbQgyXm4gFKE7qcUE2aTCZ4mSSvaaLS649dPXhMlXhIzGABKNzSBSVYVCOzklZAooTMDjJMNVEhco6mDnI3UaE0dhPjj7ZfWihlAmlbULD6AO3IIpOQK0GwxPdubZ6qsCqh+ynYKqkJ93aEmN6DEyg04mN6Tk0JAuvWombliSFEzVrLL/Av/UmRzTuoECvUjIyDMMwDMMwDMMwDMMwDMMwDMMwDHOvAPUUNugR7OBiUp2A5gNlFsYH49TqzEHMQOk65MhQmX1IGauEfuUS65QGZSfQzkiSt5i+KedM2TemD6ITV7sU5MFhpfc0EUlxMoTEyCo0h3bB3pNVb6qlDl0SwoSiqUTcZxHqp1SfBS8BKehUgaNFrpS2SguQomDlV1KUhCYNj5UYn6M7eWd6anqq3clV3sryXOlc6kyqttQtmXWyfKqVZyBWgctEMSjNqxRQyutmQqxSPKKh0hM19mzU53g5DpnfzE9DayJ2gNxE3KOKk+jyY6u3eFOXpY/XgSlq4C4EOPvgXJ3lrRZlH4G9Saa8PosuBoVEoejEhrMaL09j82KXk+yCtGJH7dC94tDuY+QGfE00DRYGfU6CYg7jdYJjlPBxaF5M5oZwkBAacnJCcyqD+WeW3LFkkKLIIG1EOy1ZjYc47dapzHxwxcopyfjdIKsVS15aBp2hdtwtxzAMwzAMwzAMwzAMwzAMwzAMwzDM9mNjiEqI14kWFaYsUQtCAhFfbA+vMgTaqKg4QXcOX0MMX1+PW4GYHkG+GhhBg6EuBh1ODJYs+2V/1pR9IfpYzTSYjkOSFP/tdlTI+L2rW4/U9BUy6h7ESPOS7TxnSbc25hSFRSE0KHgDBJ0KVmPhYOA0aUjVkWhzInP3ry011VWtzECDoChlAk6w1K2s1c7yqXa31WpBHItbS2cQwSNER+iOyto6g1weULN4hxrcXDxbiVRH1hw0apYwC6ccLP8af3noyMXo09fQfwxOzDuzMSe81pZvr+LENhbZwduJ7m28vVFeAucUxSRuIgNBiQAvk1Yrb+UKfWi0VnU5kI8+8jfKCIOT5LbelTR2zrLtxO5M7kYiK8DOBEcwLwGxBscRsjwROINiwuD3gaQ8NBzP3bAVE9FwJI/jDgqu/K1hVPCSUl7bCNo6ErCo2lBe+WPFBCYVNG/0jPg8n93FBIhhGIZhGIZhGIZhGIZhGIZhGIZh9lxk8x39WB8XYrzBCU6WgmQijVUoAIQUJ2jWIJWKaTWhkmjRsIRyeqgiKaD2CLV1iy4JbqnbQs+Uc9b0hC2ULPEb7Yayc4IVB/WmwCYFJ9Jcmzg9YMEiFnBC6jX99G2S/xB7tD4cQqT2GiSgsSLmq4RpIX06BJwmOBgI0Mkk+F248is4mlijhcGZklJ1IOnCWi1VK2912p2prJXpPJcqU7qlMi2g+Op6aCuNipO8pTONV06EgAq8mio9oqGKk+qAmidupMJhvASEZsuQpTEolJhXVpLOmXdbSbPmprZRcWKHnIAwKZPXdEP0yMB01lk0LdC2RDkyitFRGjN0hAzuN2mYU8OSJmi75LDK+r1EesLsGbTxhtLVWGZwyAKloYT72QbtGNzf4DcFNzpKESFPR5BskByc0NOn0tYJ75hiU0mb1+eh9k5j3A4JHePjpcDYCSdwb2jj6F4VlIdS26GmXAzDMAzDMAzDMAzDMAzDMAzDMAzD7EJkvcoOX2j3uToWTUd8vd56gwYpveLEp4JgfR2iGaJxRiq58CYpFJGDHcG35enfwtpCmH4BHic9a/pSlJi+Ay2VkJUJRC3/RYb4h9EHtE2l+UaVv/HWRuWCp/QNrCKph6DdlbbmtOLjhiTmzbimbr+VxlOWwQ/oSzIU14DdAMaVuFdwH8BYoVzl3VZrqtVpe8WJyoTWrssSwnfaWrv5oDjJNNmlGCrMpsqS8BIVJw3piRBj5CXDsan2JmzD1iU58fw3hSBj34rRMpSxLe2Q9nZgYlxnYa4dsnzM6QFRVVm6H/dCc7LpxYu8GgvSc/B0a+mTQmKWSHJPTyiNSo2G9iRYQ7MLyYPWBKJzpFUoG7RlEeyS3M2N5lQopiMNooRhmrJ1pI89A6+UKCipBmZ8CKAnzMfxs6QXoVjjf0MMF8HRw0TOK6RkxOAwN8K5/Qy/SRiGYRiGYRiGYRiGYRiGYRiGYRiGuZcA3yO3FBMivMsJ1hfhf2VVtAebBhUVJ5QHopT2b7GjqF7BmB7jxR+WOsevvkv/pXqsH/ZM0bO2KIo5YfvCFvDjzUIq85UQ/+K/Io/rUuiCocSduisEpDqkdeykqL3t1e0hndi43TJtiK4w6eYlaQ1AKmLhZCncYy3BtgXfKlkWWmpwQIGKKp5kDRqUTKpcopGJzltSafA1yd0c18Qt72bt6U63q/Nc6Sym5wgR/WRE6gYDNjRKDChpans+8UmwlY0BaYro2rgStSUxElkjDNNvjBVwjGhgh+5L4hciRihOhhmciHGKk4XMDxtyj4gp+qA7oSud5Z12PPGh1m4rYVfzURkimJHjrtN9AFah7CwUjrZwrykcoUtU/OGvAdQcCtTToYGSoUAd41aR1vgxHcdaDWo5i0lg4fbGoT9KEGWlNSE9oAi/BQiZCuVAwOjno2IRNke/PmBzJRitGMu3CMMwDMMwDMMwDMMwDMMwDMMwDMPcG/C+F1TbM1hItDI4kxgfr1NV9kPQjQ+A8bNqvhrevgHlK0aGjqRPngmSBQPpOdb0yv6cwUgdYXuoIClQsgGVTSk09uqmdbK/KN9AYUP1xfraAdViSsIubc8Z8qYlqXUKTahkuqFxCREsPtzGnSql3GGgqQnYmUAZFt7iq0ZLDFmW2opM6VxJSM9RqpW1cvAyyVsyz6UXoGTC/UAuTzvLp1sdiNSBGi1dGUtbJQ2DL/n6eaA4GSdjGOcLI9Mz3WylQiyHjz+C5uT0YkLzsQVimS61Axd06JoNB5MhIpWFK04mWTiUonB3r82UsqFWnuE1Da4kdBP7+9XiGbJDtjN43zLMPY9GzxK8U2G8Lk0JD7QpyaAKpWMl/UqQlsZxP6yLYGilUH2IyhI/UGLHNFYn1kcD4V4q2C55w5MkkkeEAQ3HA02JPig3KUpQvgQ9G8MwDMMwDMMwDMMwDMMwDMMwDMMw9w5ceZCSdKiYaCAxBMUfkHQjUh8RDICp1CoCzTNCCVKKUI4ExxT8mjxIRIzxdhhooCKgsgmpOsb0y6JnTc8V7qUo4DvsIDEx+FqXigR9S2INYSl4Z4SMwi5UcTJGkDFhUk80eImKE5R5WMwgUlpaZb3EBDUmBkUnSruSqqBAHqGlyKXq6LyT57nKWq0cxCVKuzktAVk8LZW5Bi2R5TqbztudvJWDz4wv0KJ9QHoG4nFVpd5xxyLtqMNqmojImiUJmZ1I4UvOQZoEST8TeIfYUYqQ8euONzgRA/3O16uYYFdHNChKd33zVotkPY5MKCzQe4mWpaAo8uPx50r4Z0UwDfiU7Fyk6aPllPV2JtZ7nIgYh2bc0GxJYQfyP7xxZRjpgm+VjS4+3osKpXWyHp2Dw5CpD7ZkgEW6FU0PBz0h3isJnhGFu1UWZeF+aZQoYtw+KSHDMAzDMAzDMAzDMAzDMAzDMAzDMDsSlG6AzoRycCguxFDAAn3THL+LrlSIR1CUfyBF8sV119aVBKtaIPYTonG88wmYn5Su66K0rtDZN67cCRXPQglvcEJVTumKj8GlInz5XQYJCTTAL9x7o5F5Dy64S+wAUtcT37c/1mZLtLywKC6RKDqx3tTEyoxEJ+7HQjEVc4DcgQttRS50R2dTeavTard0psjdRGXuVQmVWw26E6lbWe7adPN2W+WgZXEboNqsK94q2j9S+4hoB+P/jc4C1o4+V7XjqM2UoibywUl/o5BfjqVKsaUADdtImKlvaRSTLBpvcFKbGN7BfBuYdAVAoYuMdj9ak+4kq1Q+MnrQlNVtY61PihLMEPi07Exs2Te2IF8rStKBu54eaokJZpivRsopuoPJZURJEiDSIGPjsJusJQAAEABJREFUDR+un/IjUFThJa4nPl6n0l35jDQax0iF4t/C/2FRaUuSm4CMK8geGYZhGIZhGIZhGIZhGIZhGIZhGIbZxViv7SChCc4xhI9l8T4Zovr2utJQbEQphRC10iFl8aBkxITCugjRPa6mWZbwPfWiNH0jZi14qID0BA1OStybEtcgbUtN1SH8GxPfoAxm55Udh4bsVEvrLUll4jOIwAkGAiiU9wBARxOQhcBpUhIjLFA4kgnZzfOZTreTZy2VKfRBUShSyXCpVioXMtfZVKs1nXdaeZ6DN4qryBpvLYLlWi8swSwdFa9gwzhmSMXWTCSxwFqw9yOwtBqWq91U6UVIWL2GA4tXa36zkIkb2NGrbI/ixE48c5BOpyPCdad7IzO+zg5JStaHktAcU0UCySGJTZJL6czOxRYwBMMg5QdqHPptSalQNI8GcVUp2FS4XWOwDtkcYY+SonRCUA4md5EwLkpUGuMRDecGXUwMxujY8LuJjFBE+JWCKyshJ304GYZhGIZhGIZhGIZhGIZhGIZhGIa5RwllPZKalGRVUZZlWOZL6ahfkAoVE5gZo2KKiu/AWvr6u59ng5JFYMkRFSemDBVFW4DKBOQmBcb3gOgktQ5B+QRuQ1HxMlY1Zd1VhCaVD2OQYox9x3bW8hvagJA3RL4scsD+Q3jFidd++DIrvDWkPhEaBQfogwIeJ5lQ3Tx3P22lM3eOjc3ANyODNljtzbVuqayTt6danW6r085bGSQbQSde9+MujfGKHelfBDkR2MmPXlpRFY9FVPlEz5rq8vqrnpyi4N5BZ8hd7MKOkH/4LU3EtslNxEIVJ9tRw86yjMrxUK/HrjIp0z2y3obG2vRuDPdyTbHU3DPb2LNQ1a/lE+2wAnzj8RqNHflm9NzJ70LbOEDmnkTByE2/BCwqx/Ceo/sAnwwQ0NFtHE1NLNqYYHIaeirJ+o1pJf6yQDesMKT76x9EjnFMhj4kjRqlESUqTkovNEF1CyzB50rJ+IDIJGmNYRiGYRiGYRiGYRiGYRiGYRiGYZhdCMlBsMZo0bHCYLGxrJJYoBXZj6C1iSQlCK2ML1574AMTgguGrDYAFURUlpSFtWhzYuak6lvZh/k+lkGFarf/FjxuAwUVJJwQgqQnojI48ZEOsSyfqhh8vIythcuMx4Ry+0Dhf8hkUmSVSfiMDGFAqM4J0UAxTIfUH3Q8xh2YUmQfkCvdzfKOVm2ZaVCcCK1BuACJPFmWC9VWeUvmbZUtanc6WauttcakIUuOIuH6CRWCLHzuEfqoWNk8jPSABuQyIxqnmyG3k5gO4yvUVAc26LXiFvUMqIqq2vVgh8ORg4vt2HW2V3GyI9QNpq4OyRqnMpyEcIeF0nnaxeQeJ7K+rt3VMT2DWx8Q0wxvNnyhnKA5s+PwmTbWgACQ9HtNrVP9AYzeSTgCRU2dR1GTaiRKRgyAxlljvVkShqpJcrpynblfFAUsVyaoUtwGjPI5Pon/lVTsCcQwDMMwDMMwDMMwDMMwDMMwDMMwuxwo/JUC637RkIFqgIKKiQKEET4HBMN0CBm/vx4FJ9a7JNiwovTJCKA7sWXf2kKInjFuomdFT4k+VCxl/PK8pBCS2D9WNbV/Vyk8RLDwqAjF+mi7gq+iqvQ3avQLPUMqfZtoA2rd2ijPoVgJi0ITQWE6KDTBQzVWob5GgOhEYzVW5VpPgeIky4XIpWoJmSkNchNI5tGdvN2S2i2dytrTebvr3iqduwWV1wh5EFiZ7I53K4kSmJHHP7Sy3GxMt0WwJ9D+OnuzAhk9Eqp7Qem+FYWUc7YUC8bWtUNDdlQEaiqT4Z4q8yhKgjpie4UnDX+YbNiWUmOYqD7hwjmzizElJunAzanwH+9zFW9NykuTlRBRRgcsHIhSgWIYbWjwlcH8RwoTxmSDvxUMyRtJOGd97g7pUby4UOE+oQZGqVTV4rcuGIZhGIZhGIZhGIZhGIZhGIZhGIbZ1YAJiSHFCSYaoHYAJRPBKAO+sO5riyCEEBSzIqsYBdIemKDxqMqO8bVwXZemL2yvNHPW9t2PFIVXpHijDgRFKFHhISXtjK82UpHRiPnVI9tcjZQjeqNjk+O2SJkTQvpECR9xQx4uVMd1/1PoFkMnEWxjDLTItGrneTtvtaRqSZlhB1plmVItlUmlOxoMTjp53snanVannbV0CLOwlaQGjWGknwihRtXebbOoImYJ+ZKxTawGvNrF4mEFzQdcM1sI2bOukm229HvCK4fGbmXknKgdko3FNbHMNhmcNFZMkKIKwKkpYJJu6/tjmlYjWWhnk42Rwiqcx+24U/doTDI9/63DbD/kHRVuRnAQsXXTJxzNVF1Vp3zoWggY88oRGeQrwv8moY7wF4TAXzWkMiFHLIm/AUCW53VtqNBTmBrmZSV+a1ak1lIgelxIZhjDMAzDMAzDMAzDMAzDMAzDMAzDMPcMUXTiPU6MJeMKryGQJJMAww0oOVIIDqTreE8NbClrUQzkVoIpDaaE4B5Tltb2y5LkJj0r+kKUUpR2WCKIlFG6IqOARe40P4goEJBDlixItYHnRMogN0l0E6RLgUUaHE2yTpZ1dd5SEJejpcqE1Eq1sizTWkvZydrdLG9lOXicuGY6i5E5IRJJuOqrSnU+subFYpP58wJXs36gdCC+QBwydLwAyFemfY4G+aAYtM3pSbOl7G+Znd04u3WJWNY8OSO2bse8raKXBppto+KEDid1T6gtjRNySF9y4LXZYojTSWi6oBvpPglrCXYuMsTlEFYoI62RhsytMC2rkv6FUVklq1YE3Qm0gJwtTGxDLQkpTiRFjMGPN9IS8Ynwaiww1lIgfFEyiBtB2iJJriWVDb95+EFiGIZhGIZhGIZhGIZhGIZhGIZhmF2OJbcRDECgmBZpK/sMsjpRUiWWDFLGSmDSTapuwECdwlqQs5RFaUxfCJSbWDfRc4ukMNKrVtTAHsmwSO782nNqZNFctJB9oaShKElwb7WNh+T7dkfeVqqbtbqtdjvTucrartJqTa5VrnQrz0CAItVU3prKWi0NopN2lmdCqWA1kma1DB6CrGsiJqzP2poxh/c4sVE6I0RqQOBNYHAOOdBAWdlQilK5qTd396YNG7duXYyiEzuwC0N9CuyQqaG7F/0URjWfR3EiFoict8d6l9mwFtQEk0qiiUNtPTvKe+W+AQqbjKG7CgRMIhfMPU+mpPCmUhTS5UYii0o2dJ3RNdGfT8IJTlaVjxL9MhFVRhrl5rgRobQlyE+sNFJZbwgFoz/JSgTMVnFwREmexIw3P9DhIu1T2Oh3hhKlZfUWwzAMwzAMwzAMwzAMwzAMwzAMw+x6QBdSglQAC4cqeIpob2cCtUCFcQeUaRBSF2LiSqySewkEildMIWzfmMKU/aIo3Fvj+rcgN3ENFITKoJOKoQpi9X11n+eTKFHoq+6x4mnlPaVDCRYeYU8oOIa2GWw8IrV9kLVp62uklBPhlR8KDxVPHxRUtXRFXp0L1dX5dKvdzlu5hVSdzEqN88HsxE1L2YJsnayrW+08z3Wm4Vv+0UcAzrW1vmxL+yzqxgPVeROTnwjh05Uon8f63Jho1YLOBTaYDvizhG4rokRtUQkuN3b91i1rt27cNDc3Z0p/Hu3QjdE/81/VMe4mYgGKEzn27TzU1SHNHbJBpkOnPRPxFkq7kCELaXfG3gPKGCtMIiqiYYVFBTsJHOUbii6B59/fqNVQYkllQuO9Ce5NAsd+eNahF2O9DRaID4UxqDvx8jsbEsfI8Ak0KNLnt/mupM9VU4L6R+8U2glvqYSjj6WAHYZhGIZhGIZhGIZhGIZhGIZhGIZhdimQfWNKS3U9W0qfmQBxOt7ToopdwDqjVfRF9RCpQ6k8JDcpwOQE83qELcrS/fRLFJ0I4UqO8OodMWRlGxEjToKBitdqwJw0eeEewCaJLWObDbc5SVe2NZcU+B/uuqXjUfgKYTpSZFLmWrfB10RP56220rmFiq+GL/uLTCiNihNlZS6ztm51VN7JIV4nF1Rqtd5HJSGoTqq53o7GijTCaLhUQNbNTfwRQC5GnG8TkRGIkbAnb4uDph0GTSn6BqRGW3tzm+e23rl188Z+r+9uBVVL/hnBSEnPaK2JFUION0MZTvMSbqduomEkI8LjQVPusckau1JPIQnT0tQ9JOINdR+spnv9WhxZBLOzCHIPfFONE3FcTlqi8JAuFLqgGDdM+2g21IEYHKFKS3oUZQyMDhZ+oUA/KDhUGJ6jUHGo8FdMKX1ml98HS6oSb2qCG5Pou+IFgPBrxAQNCsMwDMMwDMMwDMMwDMMwDMMwDMMwuxBQF4RSLxb8rKQwHZ+iIgPCGCwngvGFQtWDsd7hwuC6Bcb0lMaU9IV3KDxC5dH/hFJylEbIVAdA2zAgvAgeEOSkEdveU0hrm3XVRoNR5W8Z9Sb1Vng2vD0IKk4sni+phciVyqUCLxOpWjrLpc7QvCQD+xPXAJcq1cmydt7qttvdvNPJWx2da4lxEjJuLepMMImCNhf2QcoqD8na+c5e0sDGm4AUAMnKJjpPWFuYEjeK2wF7AlNYt3cQnrTVlOtnt6xdv36TLfsKKsVmwWYEw9UkdiIzk50pVKiLY9KwIzxNY+J1UnS4liaEJlV93Kfw5jnBLglh3clOQiktk1EAxnpZ8xHxijOA9CAWBy5wykKxCWpMrCzJ4sn7I8EAgDIRqbTCsDCNbjY0OoG3CfWthI8Mo2Aeb2cikicBfskoG1ReBsfX0rLohGEYhmEYhmEYhmEYhmEYhmEYhmHuLfggGCgDKqmVpFQd9y8oJZJaOWoS0AXDmxFAVg4VACFTBU1NXMGSElXA78Rg6EqJ30yPFUwV6pcyjSOBBSqxPMGZOyrHw9ohgSY+x6fmBeJbWWkGGs+3CZnmxNA5NAq/sw9GJta0dNYGoYmr7yrKzQHFCdZiSeOTKZUrnSvVkvlU3ppud7uttpvIVWZLOJsUbUH6HRWSL2TcoJCD+0leMeUExdno+2LJrMBIrxPy6hVpRTTyQO8X6a0p+igv6ivRF2JLv79285ZNRX9O0XGTikm5e2LcpofPoBtg3sZjZ9cOUEhZvW4nlTrKd54U6LF0nomFIQWlFt3HPE7iEOAPXLLUZBeQKk7wfcjPqa6GvzCkODHBcskYWcLDTcoQN2oqL1iDkYfkY/hLRbnBTQutNClZ4sNDz2I10EjrRS0wzAkaVVGNBI5JNCCA4gQi2tjphGEYhmEYhmEYhmEYhmEYhmEYhmHuHViyNCHJiU/U8f8EBUZq4UBqECO8j4ew3ssEFCd9YwpTGvymvMEvzPehPinJ7MSmYgIxTlDi5SZjDUh2JJPU+dM2IV3IuzOkuxnkOzDtzmZGBifgcZK1sxw0JRCy414VmAFoMBiQmDGhwQ1AZTpvKeVadrN2V4PHCYRTVNYPVUE+PZUkN7GhMIwVfLHAMxBsBaie7GUtHkM6o+CzQtogmIkt3RbQrgIAABAASURBVIXvweUXm3q9dVs3by56syBbUXQFLZ4HNEqJ+zT/ZQ3l7nFRO9ugTgiiGbH9SNFMHWk0yOZZPRqcJHNAunWfxPrIKDtwhzM7Ax+XY4LtlfTWPbZKURP1RehiZJQBqxNpvN5N2/DLQ3pXq8Q1CxPbhF+mrBeTiKg3QV8laWAVGBvBzgTMU+gVJCZGouQRg3UESBmFVEowDMMwDMMwDMMwDMMwDMMwDMMwDLNLgVK3wkqgysgFwtcMQX+iYvIOtgSviyTzAKuCYHJRkvAAFSelNUUJwhOB9XSfsIMFQxVL/iMNHbzMIM2t2TlEg5N0TloBr6kEEomG9b4ssRFF3kD2hNSuCitVS8iWgAAdsDARquVes0wLrWN5FuuxWutMZ7nOunlrUbe7qN1tuxkQVQGpRXE3XF1YRrFL4yBkItOQ23L6wnHZdOVQepYxYUNhoE+JjUv0hCmt2DTXW7Nh3drNm+asKd3xBS8Ut75WuiiLdDu0ixOIP+zQqJ2Fs2AVzry4y5W+TZ8UYqjoRA5etdqTcN9zbiBVA95Rgh65RL9jBLNTwPi0amine5LsiUhQUhQFClIqZyrjhkjQzGlIRfNaO7RsUvDLg4yASMHot6F8ao7wj4GppGWYrIb6ErcWRPAYRboTP4bALxBSuoVNW5TqWXnfe2AYhmEYhmEYhmEYhmEYhmEYhmEY5l6GNzbBKiFJKNDvxFuexAScoDsR3gbDeucSa2xZ9r3ixJQGpkuvWYBmZSIvsUmGA1WYa14m1lrZNLdQ+H32e+rQYz00ulbYKk2m3nSsZAFNQEJXlFHkKqIGzEsyoXLpfkQmpJvO0MUkkxAVochiRmuNZxyydXTWzlvdbnfa/S9rZXDCbAmKjmRPpKz+oYtCUqC61YZduH7B+pgLEaRFMexFVtu2Se5GcEAprdncm7t744a1m9ZvKUoLO06+Hb6pOzgr5gZkH+P20U7WbBeSZTn8g7tWlsYV5cUEohMRD83a2tvGcltTO8WnL9rbDE6k68thE5OqbnZYopWY56FJd2nYRZZCsI/FTsI7U1l8IREQSMwkPr/GO47QFJqUCKmNyKzVoFaRpFVEIYnE4CmlydNE4C8KLzax8ZUutcKkHYzOcQuUKgXFtYG+BKJzKKwH5XUQ4AZ5XT5BzITYLhadMAzDMAzDMAzDMAzDMAzDMAzDMMwuR0otvIBBwrfWUTRB9hs4PykdU1UyeBMoqD26931TzhVlz5q+NQb9L6BaKKFebFCiIIIrR5Bl+LQYRX0mBh0y5MJUPiJi+xhlp5IaqtTnD0WFhInhPfuiqk8kwh+JX8On3BzQH6hcSPA40ZkKji8k9EGrANkSqqOy6ay1ZGp6Om+3s1zDqhhMU9pgBkH7DIVgOqOKJEFklZIcwKCcwYqgKIn7LOnSWr8wHAK8MYoUQtaLjGDC+HJxiNnAxJy+tHOm3FL271h/992bN23p9WyeWxRhaKWNDAolq7w7S7ILyYUeJjcQda2E9Ps4b5E5bgEjkHz7HW5z4rrPdC6C+Kfsl0VRWC+c8lsfKjqxjWk6KWl+VZhMD1TWnHTqiyaekP5i71TGWJXEPVHJATVSh1hSsJMo0ZuKhneQnrjxxIoSJXikELRKW/97AocaN4qBkE6ZOKor6X9hKByO3ACBA5UbJhSYmpBlivS6PjQ1Md7iBuPX3BCjZKlgogRfE43KEm29fA30KNEXBcdYFKzwDcIwDMMwDMMwDMMwDMMwDMMwDMMwuxrp6nfC5+uEmq8kIQgGp0B9j8qF+C14LPP5Qrmxpl/0t/b7Ww3ID3zcShAKgEOJDFkzuCmqyFOeDxGNDCQ5jJDJg8Tthjc+hEYsGOo8KbIr7ScGTSaqon5a3k82iuVW8nfBjBkZzSdkOEyFh4VCE7clq9ESIHM/SuUya0mpsfDq6q9aoNwkc0vctGgr3VXZklZnydSi6Vank7VylfmTCL4DyeGT1iQa0QQxipRNrwuRGl3YoJgZOIvWO9YkuL511RQMDkwZdRAkkHCH4urRc9bOCbthbvauTRvWbNrYs8ZoVcJdY+FUyLC6NL25fqvd3iL71gzVPAzYXNjwEi9UqC7XtD5DDqc5HXUnO5ZW3k73od8rCzD1kfic+O1mk3QEj5EZqswYv9fbdkw7WXEyIaU1lbpICBKpMTuVoiyNrORz1kY/I4xHE0IEWxEjNP6rbLDJsn5Ep18hIDoxuADNUeCJL60fGsmzxAgFRiZSFjhwgspEg3mJGzZKCUoXErjgU4FuN/6XAO4b/f4hUZyQrEpiGIZhGIZhGIZhGIZhGIZhGIZhmF0O2XNIJWPhMEocKO4mCBcEalMMThuQIpiiLOaKom9sEVYoo2WDqpJrRNVbs1g+omS4vd9fl7WjG1wMohkphkZ6DOmklmRi0QHE9xx1J5ioo5UXa2j4br97VbmC6BxIz6GCrHcbqRQkWmqNgTszre6i7sxMd7qdZ24tvB4GT6brqWjsmUITFDyIYC8w6gisGeoWM2IVA30n58RWrzI4owCFsIW7/tLO9Xtr1q9ds2FD390TmRYaTRDAJ0FRSA9qKuzmTVtXLt4ry7b2yiH6CivSkzyK4RcrtT+5B+xMRiHbrS5NqQy2vXXTHLr01BpNJDohvIJpD8kKiafBjJO5xHHFNh/3e0goxIyhZ0rUy4GgDU1KjPXGOKgdkWQ0Iknq4QUfbpTzwzy+oNZEhLelz9GhLB4vQUT9CqTngJeJVCWsAt1AdA4+PkbR5uhR0l7sZ2HACzYnsHlaagXfJwzDMAzDMAzDMAzDMAzDMAzDMAyz6wFFhCLjDJXOB/8FFFpg9dF6AYMha42iLPtlOWdMzzXDEBVXYyxFGt8RrSnihubflViy3GGiE78PiTQh2ZQaXDORaDREJ2E9GSOB0PIDu8IMHUjNIccYLWUmZC5lS+pcqkzpzGqFZ1rjyYZmqBxpq6yr8qm8PdOZmmp3cp1plP/4xBX/tf5EvuPPUHCEEaMYmk9k02MQwVEizTOCmrBV9bMER1fGii9G5cyVpcjU1l5v9d1r127YMFf0jdbS3yVeAGKD6MRx15p1K1ft3Z3qzM31xTjsgi59lUkzTm4id7gYpd3qxIuSt0BpdPcdG0xZugunVcUCRCd7GrJpVTO6pZj/LmbueQwYmcRR2z+HmIqF3iQ4qlFwmBUqemF5AR5qEcncBAcVTMOhp9LIcDfAeFX6H1EqZZRy01Yp1J2QZxNuH12SgthR0UhlrBe3oNSPRihQyFjL9wjDMAzDMAzDMAzDMAzDMAzDMAzD7GJQ5OADWixEI8CrMYZUAzFSJTSHsARjQHFSFnPWFkL0hYUqIrYJX3WnSqRYCD4uZpsVJ2q+BmAM0vCSaOhskGjFEVvqIKZRlXcDaTYw2sadMRCRQK0URCeudS51JmQmIFgng6gdhYoeqULhVKMtSq50W+mpvD3d6nTzdktnyvoYo8o+ADeRqipCzIQYW5O3thmn01Cf2JiVExaapPeqXQhIArkR3BgC7AxKbbf0Zu9ce/ed6+6eM4XVyh2SiRYVrmWJWiS/K+Luuzea0k7NTG/ZNNfr98Q47LbeADsJrTIQneA0JBHlyp2aTWu3eN2Wu+KZziA4aSGik93N48Qk0jCb3IxRBRT+GdQEDDnS4fcxqwl2JlbnFgcFsrLSODIaHH0MakFgHBM4iJHNiY+8Ik2JJb0JqUJAlOivuzSKInUgT8etW4K7ift1oY2bo8HyBN1T/K8aIYPoxTupgGeSd14KijvcE1Ki4F24ez03DMMwDMMwDMMwDMMwDMMwDMMwDLNHQpoC/2+ZGo3gt8/JDMN/dV2CnKBXFFv7/Z41hYAvrRdunpK26QgyZouDZiL15mbCfmJ/dohOIa3jU9mSHFuaPda0GfU9i1E41TpY+wRhCe4mSnUonQjlJjJDcQnqTiTqTqQOi8APhcJ3UJbQyvSUzmdanaVTMzPtbjdv5RLDaQxuVQ0/7gkkOWbw8MIJiZ4Dvn4blAJJflDtVMrUG8WVo40wpbFFaTab3mpI1Vk3a/pWZzJTxmduWIpkwoAM7AqTMsp+ecftd69ctdeSZUvvunONsUbsniilp7uLYgJRewqu2NrbN2QKLE5Ag+JaEO4GsBMIJ3Yrq4bk7kl3OwnKETJtSAKG+gEOHG/latGcz+w8ID0HhCaKxB6lV7ah3RXqSPAJV8F6BO575cUfFu2wFD3y6HoCOhWDv1JKEKPBD3Si3CJVKmGUhg6V9BvFOycZqCrRkqyUJjiA0V7RhLUsTGIYhmEYhmEYhmEYhmEYhmEYhmGYewUySA+skUkZz+ejCAjaCaITyNcpi7leb6st+/AVePiSeylEScYZscuwpu9/vh0I5h2W3EREXS4ySVVeDnsvY/fCe4WoRmPvBpLWO0PET2IBMqRjn85DX+5XEqUkIpNaW6ElWKO4iRYUZaG8qkPmDtV0weBE5908n8paiztTi9pT3VY7B6MUIf3OWLQMkXQNZKUOIRsQiz2FxCBLQo90T6NOqDqT1JAquKFa6xN8rFfi0CGroAip1kS1kTsqbUtbCDtri9Xr7rpj/brZoueO2OBJBUcCS+fNUFUY9yr6E4gbr719xcqleUcvmlm8YdMGO053Yu+digMlFShOYtqRVrqV2dLcfeumVivXIDoB6HaWoDoaD930ZvcpnMuG0CR54G00NUlf6e6qrrSUw/JQZCJtoifVhiQnFhXsNFTm9XOChkQaIcBMhDK+MFhNSRqmYCS1xnjLJGMlCY7wFwLMKQWE9bjmhRsgKHAHcnnwFYQmmOZDJibBbErW/qndRTjpJWzJfWFJ2cIwDMMwDMMwDMMwDMMwDMMwDMMwzK4FNQdYvLOh4GeCHMFQA3C4gC+zm6Is+qWZFbaPCQqu6GiqOISGUGBMOdC7h/i6dSziK6mtpPlqwEdhrAohSXLxGhbaIaxx19w64t5aWSlLkvJ2ZYRiG9E0uI5CgYkxoa3XY8Aeo0jEvWZSZxJEJ9IYCFmxeELhe/6u+qraWT6Vt6fanZl2Z1rnM51uJ8/QFgU0C6Ysoaqr8KLEb/tH+UdVyi+lP0BBGhEUutBRmNAG56s43wphm8cb4nUS3Ym79jocsyVzAYOqIncH9IzZPDe3dvOGuzdu3NrvWVRZYOVZWn8+UTJg4j5Y0mBA50bcdfv6FauWdRe3rV2yZetGdzOJhTEoRplc2bS9ZDqf6szIRMXTnYYTtW71Jnel8jzXmK0jKrmPXEC8zr0cS7FS9UfaP8C2YZ5TrYR3nR9CaIXhKhKZhvLAHQSjDUU/sahgpwFBYDSOuYtNehJh4yAI7k3u4umgW8MxGsUk7m0JPijodKK0VZCxVuC4BUFcWWZJnIfDI/oekedTcC6p9IaIjcO99WYrNayo3JcMm50wDMMwDMMwDMMwDMMwDMMwDMMwzL0CVwokDwy01wgzPfid91KIvilLU/aKomdFX4oCtQ4GJReC4Nd0AAAQAElEQVR226wpbLo5xKTJCgvry8cDDayt0C7ELGz3bHo4afKOV3347BuyOZHkYgIl20zYTMgcBCBKSwE6ErRDgXgdN1MqMDjJWtPtzkzL/XRncve27WZq+Lq/JI8XqUIp1vrCrxy985WIhP5njRfIVLIeExuSIKR5oEFxEi54cwPG2r6x7nr3hd3Um12/ZdPajRs2zc2C4iTDHTc1z5KoIHDLQX1irM7yLINEodtvuXvR0unOtDvylhSLesXc3NzsAqN2Fnp37AAxijuQdrvbytrpzM40hApt3djbeNtmjfcAeJyk4TLW7iGiE39T1CwoRKrYqs+nhTIKApL0HNIxiOBrRDNNEuKFOi43o4SZ7tWUu2sO024HjGCVDBCVJ8I/zRidAw5IIGmTPiMMBiflh0SwLYEVlFCZ0aIUoK8DBySI15FWkRcSriiVt2sKshOyR8LAMp/OI4IvlQ1jmbVhWKEdlCRyM5byfxiGYRiGYRiGYRiGYRiGYRiGYRiG2aWQXwe5YPj4C+tFCpKcM0wBwoNyrjR9K/pCFPgTTDWCi8FAv80Z0WQj+qIkthHS1jNx7Liehh9HJcAQ3ubE1ysl+U/EbflG1bykfC6D30IyI06QeAVOF3ypHyUdCiUoaHOCWhP0CXE/FJejsNSqpcwwUqedtzpZ3lVZV+fTKneveabRWiBsU0bDCJ8vIWVwixiPrVJzwmHK5OCStIpK6yPjuQrVXhFPIClRjBR9d+2F6Rkza4r1Wze7n039nnE7rRXIjsoyMYepnzKwOYETo5XKNHq+GHnTVXce8qCVeVu3Z1p2s8yyVq832+v3rL031o7dzrfzTqvVqel+pOxMZ7qlelv7d1xzNzWrUnXg9vCBIXuO00lyY6UTKlmeXD9ZPVmp1ZBvmEjAvCcMGCuVmN4lKcNL0hhUGlGyj8VOQ6VCIunHHvDAIs+SQkI4DjiaWIrIUQKDctxtX1KwjtRGwLhotHsLS4UCNxRj/XjsR09K6wmOTOmAG6xzZBW5kw7MvpHAHDhUyJWFZNEJwzAMwzAMwzAMwzAMwzAMwzAMw9wLkFTqcwVBdBaAaBcKSsGoC2P6ZdEryzlre1BgFMaA94nFsqSc3HtCyvSfdL6s74usrWAn2EAtXofKmxLdQ0h34uNO0l2VyVfngy8D9WBHH5HychY8V5ASgRtAcYnMpMwsJKpoN219udQbo2iVqyzXWS6V+2mrrCN0R+q20hr6K6E+a6hLrMFK/w1/TLsYfrgy7m04dDESO7g2qYu8xigcFzU2WG2GdRTGZ9iyFHauLDbNbl23afOGua1zZWk03Ru4Lvxr0OcDzw16GSgIFzJZluV52y3SDpm5l7Kwt1y15n5HLs9auqtas5t67VbX/RRlv9/vuVVirsqkWqMdivTONVJr3HfdajbQsjOTuQta9ss7rrobSvIS77NQH6djp8Z7gugkTWwa1aLxfjCFJ/XQSTUomMMEz8r/z96bAEpy1fX+Z6nq7nvvTPZACARCgsoSkB1ZBYzKIjz/yCaLLKIiSx7wHiBCfFECEUQFgsguoI8ACrKJiAFCZF8SHmskECQJZJ1kZu7W3VXn/P7nt5xT1X37zkzCEpDfN52e6urqqlPnnKp7Z36f/n7TTQbIt4JsToDNkyx0tjmqH716JBqIFQl70GBKDiZ64ULECDQX+f00sukGBkycOON8TLcMT8/IoyCLlYbYyi21u2uZGXYJrCnXDid6oc/N7NUfeyxeZB8uC2364WQ1gEmlUqlUKpVKpVKpVCqVSqVSqVQqlUql+kkScM0/Ff1iBE64CE16tC0SJwZtTkLJcCFZaxfCATMrYXZVzOCDMWabjx+QMjMhy7313nZfmrd5eeE+YBHcADPsy9bjYm4OBg9RsI71TJxY55EzsJiwA1wfJR8AyvipKld7nx6jarA8GC3Xw+VqMPRVQIiHWQcs4Voq72agJLoZ15PZJpitWThbzkIMZaTQD7PjgEYmcdauouybP8jRGRE2xpu7NzZ2jzdWN9fHoZ3EliiZaHumMaVizX4fVHD2g8EwPRD/SS9cxds0k/jdr1x+g587dHnnaOWQYTNuJ5uh8nV6bGnHor5frGuwvlS+r9HMs84ORlU1wu5a3z256oKrDZ0Xd3NaiKlDZj/yw4VO+uFTLoMgtnciB7JwQOpfV8b2iZOtEw62maCdwU4hToTniiBogeQ5oVkQLqOvCWYtQYAYgLyDrLsuyKOfTaETUb6rEFLoAHE4CM4iboLP6W7lAjv5IHeCFk54WThkUMi+xGOSjicHFMPMmrN0pzC2d5eJoX/cDvgTko9WzjQN+AZuHf18ihwTFvAGRA+jUqlUKpVKpVKpVCqVSqVSqVQqlUqlUql+EkTfRef6MFMnEFsDU3I6mRhoKGsFX6AXBlthSJHQztoXEHVQ4lxKZI7tuJADLiWDge1pAltMSsrLVKmORrJuhDgx+1R+v9uMC+TS6jlYxnAJ3mYLFest+PRssEDrMFjHcngEUI2VP5da49ABxQ6cW3KD5cFwx2hpuR7U1nvvMFfE9J1awGZMIHcr2AUAzFbgZMsACLCSk0yk0C+fNpkrADD9vrLit2IDFXPTkE9N3LW2d9fq3rVm2qYd+FRG9umcY8ZW0h4qcmyReBlAFiN9dlgPq3pQOS/eIRaxDMPV7QjfP+/qnUcsH37DnfWoSo/QAJrptDzxzPa6pqzIttr/XrAvUhUdjWqq2vkBnlSYhl3fX928YgNngbNlfnaTrTcuVQz7r4gvQofmBhxJDWv7bEfovWUK22EOQHb2k9s0KdiZ7aNYuWSORFyDiD6jY8e+f1F2SeLQLEuNR1MTCBLiJQYnwqtENs3BkB3Mbil+P+BgKxCl+lEpIGuCDJCYWBFr0hobnI3OtWhx5TA0J136DlkTvOPhgmdzIOAbPOMmOBuciRkgEZsTfgV8d+jBbtm/pIApdvaqEWoJoS40TcFQL5wtSJwEcOmnlEqlUqlUKpVKpVKpVCqVSqVSqVQqlUqluk5Fpia9AjLwmkmEccRInRZMkx5cL3ZEWVCN0eaqcf/L6cgE5BwNZ3mXhajAr8ULCiGypVLusmNJ5G3ks/RNevk41x7Z/UBaQNk2xouTCdojOGOK9wa2EGYidRayGxns4M857yTcA3LDMMrBYTkVOEkFiG3xZAbgI9TkaVFhiAyalWQLCsybSI0f1cMd9Wi5GhxcL+0cjtJj5FyFXgGpztvKV/upqJqPNwO5dNV5Y/p/9DtS4mi2uM5gLdhSFxojJBGPVjq7wP0jKUPOcv+nV9Gh1wSk85mYuDodX7H36is3VtfjtLGB6r3UqliOhANExEU6ivMWe4VVV8NBNXREt5DhgckjyzCBXb96vLl3evD1lw4+csXX1tdzziDX1NTkB994X4pt3HPF2p5L15GSEKiJ3R645i52HtYUu4Zr73QC+2RCfiBdy/0CdHyXMb0YK5lYZobwoq7hectUkmF7JJp8EeTB+wHMY7Kxxx7g9MAJgkiDhqf8uJRuRYHuvkgVMmFobYseJy5Y5E6iZejEEjWID7odOrrLyM8AMkHZ6hPV4+gWaMtaMB1NJVCjEeiJWBODpjghPRxEp04nKpVKpVKpVCqVSqVSqVQqlUqlUqlUKtVPiDi4ABUQNInp0cT0DA1anqSCZLRSTITOMyMDJtbM5SLMFRgtux70qul2tohtZj4trzquwnYhDPIyrfA99xTiJ1znW3KAvg/zkhwHPC8hCITmMPQN+3KSyN1UqQWR8nSsqcn1hNkV9nFJr2rnh1W9NBytDJZ2+MGO4WjHYLQ0GNY10imcM1JOjLN48kLpE8iN2nerrZjJ8AchsyTXCLnIh4lU+U/V57XNzSv27r5y7571dtqSA0I37pmsoOgcJE68R+IHkzWMx2QdergMwtjsjlHsV+QcA+y+ZHPPpePRQdXKIaN66HzlXeXIOeU6VowxTGNoYzNukY/ZMy6nTGM8a+1RlvMT/PDidX6EDMqBy842oriexBAiESfQ+dhEDMiJ7E8BvJBtiSzbVKT1Qoqlj8Q8zxH1InKBrgp2zzCqH4sm6GUCgUi+SO4mEUcGM74CEieI4wGzfsSaiIcT34NlvaH73la2bwY6WXBnZprE9VeUT3bEElCkDoRoQ2tCQKcTCBqvo1KpVCqVSqVSqVQqlUqlUqlUKpVKpVJd54qRS8OR0k/SUhtjE8IkQguhMaY1lHjSt3AwxYlknzXhfqxCwUrsTNnRzv25UCUER1J9SM66XiqNFLRnD7Z/LfA+MfJVfSFPJCPHCHBBJh0e/S2gotCcyiJ34ml7B0Bf/ccPeeuGvlqq66VqsFQPhn4wqAf4v/eegll6XdAZlnDCzWy/7q+XF4vOow9DAGwt9/LhTEYlcCJYg6kaFsbT6VV791y9Z8/aeCOtCZIXZMkVxmbch/9HXxPkTpA8qXzqEovRQd4ydpIZoRk0qYyomMxs7mnSw2U/my6JiZAWKwPQjbHb2iWxC5nhnURy2aB5jWQEkhAxpBFKL5L4KDwa6Zn3j4fLhjHluSi32e6361mVOaB8mLJ9v3xeuKGywY8Ov4jz+xZoZma6zE8m+TOnM+HcBeBwJLmbkItJZGsTXM1TCDkFPiBxJ4Tw4GdtJpJwZYxsN6TxOj82jZ2N1gbyOMF7kEcjEyD6DJAwcZEvW/JEQu8ivgnLfUCuR+YRzTyiBD0Ya55e6l5xrJakOOWQMCjBTC0iMWkuNa0JrQ0Rk8zU6USlUqlUKpVKpVKpVCqVSqVSqVQqlUql+kkQfYecnlpjpvhV8jhlp5NU6aOgjM7kg21AbK9q2K8L941MZsxLcp0e8j74uIuMDBxAxiC4fEllaKQBHOX7IHjgxGsCvxxvs+dCF9WzwBkCskvF/tTVTPl7+5ae2HnBZOIEoApInNRgKqqMM1yBlXeqvnpjh65aGY6WB8OVwSg9lj2iJ7WrPFqC0BlZSReZbwA+bS2kzm0WOy8A6S03CyoYNp6A+T4Qu5E+OBFpFdlUYIk5jf3GdHzlnqsvu+qqjemkgQjeR+pnQkQQAZFoHgoUoiwdzxgQepSgVwkCKKl67Yr/AQ9TCTGC7HwDXGQG2zuZXldY3rLsxPThImCAKcgrsc7ooJMQ8C2GTgDKO3wcy9BJt3NhZ9xCxGQfoEkkywdLB5p769rH6/QH8ocrWDi3Zo2JuqMX3GUrccIUE1E9ZJEko4j7ihyDQrtNC3R74cvYUiSVy1c1X8q4sS04kil+J/YAoJM0ZFGxgwOQ8F/ba+rTPY1mHlImeG2nz4AEdMkzbciuVTxizJSVfXRXzey+5+il3nq6Zm2eDb1t5J4LcukGE4NtG0rViS49AHyMLuKzUalUKpVKpVKpVCqVSqVSqVQqlUqlUqlU16mILwF8hhZMA3EaQgP0xXLKNYi5Hliq79YcYHyN7arWqbqcC/7zX4LvLdmOVulWQ6YNnJhrCBXgZjfbZ0PsubustwAAEABJREFU/rfZuiN2YqAPY5EVv/pvwFtbR1OBrTHghwrouY3i1EABM8OqWvGDlRojdZA7qeuhrweWQmeI3jAAC7uga/PCNvU4AH7J1i/oHgH7Q2qgJPiUwAvDOUI8zGm5MbDajK9e23PF3t1r4802nbCzLfQxIxkLzNVh1sSx04mvkDdBoXVIOsv5SSITwPbAke4c+tt1HipkPSKTLyNIpRGzp2Yya8ILhTXpoJPCQXH6T7d/W7xz+KXhlJjcrAOwNgGpy4ufg/TztYNOgEv6WYQO7Xdor8n+97cOOjAFZv6w/UAsQOMYbF8QiyS6K9C1EtDahH1KCDohzxLmSAx6nzjKoEpvkVGG4Y5zcqEZplUcHcjt75IdjpY2N9aNan9KHbXvDRpfR0eGMz5dCB7vddbzlZodabppkmfCzJWRea68zczqTuUj0J9ePBMgX8M4u1qeZOhxkp5DYzBVJ9o2EHECPj0HfDYqlUqlUqlUKpVKpVKpVCqVSqVSqVQqleo6FWDUSBvpGZ1O4iStwoegCIVwIOhDXBEOoArex0c6GwM6Ir+y2ZvEzm635SWIMYgT3wtn+x9jJmBLadPuv4ULWy3cQCFOcimcKubeuspaCdYhfxOPtgDdMS0VyitnR86vVIMd9WhlMFwaDIbOD6j/qPgOHAazxRhgxnBi+/ZL+kTP4qVnRHDNBJKY4VKpH0OVxm175d49l1+1a30ybtCUwstmBJpgGE06bkzL5GZCiAZDJ97XbHCC6Ia1HaW0zbl0pefeSc+yTeXZie2MtWI9YyRMx/QAKHTX6BMRFKrDCxymk95OrWNiyZVIHXrd50sOPEbHdIfGo+d5yNk06NRQLbKs2XZXRoCqclLRcJSRkWNca80k40iJX9bbOa6kcEF9/xkwnKfEvibYmwiaBHFAYlgg5tlIXioMjpjiWZINjBBpMJRBhXgDdpvrR01lNxRPXivsHtS2saq2dekYDEcKnRyIUkft491pG6Gq0LKHKDM0bCIqS6Aw079PW3lNoBVY213Li34uCOy15VICiswxkO+adA1GiPld8tcKTQwtpEcMFoJv27SVT1daAB+tB3I6MdfuPq9SqVQqlUqlUqlUKtXPkKbT6WAwKC+f9KQnpTWvfe1rl5aW9vvZd7zjHf/yL//yyEc+8gEPeIBRqVQqlUqlUqlUqm0UY0NmJ22IUwOTCFjjY48Tl60NHAMi2alkoVtCv74uZXIu4TNK0EsMKVEPqd5MyRxWHCosmUTIN+a9ywQAbW8zbtIVoHsFcrsYEZiPDTkAVMZKjVTSWrDVyBOgZQOVRjFex1qPyS1gPVZnwQTGA1IxvbZuYP2IUnVGlR+5aslXI++RULEUgRM5qYYyJTh9xvbaCeIpYE0p+ZoeXiPFXyzPymeuUck1F3e569BwwuJ5ONOaMI3t2nhj1/rqhVdc1qZxcYbiKwAIlUlnQL1PdiC1C+hS4b1FBsU7X1UVZ9N4HDUnfjV2flDc7OuCUxTsw/eSbXrbYt2aTDF6eAIlGZETQuCNS8E6KcS2aZsQAs06Mm0wtnI+0o6EkiGbltyxHXcCvfaUNVs3m3trq9Jb1eILZX5D0xv8rZ42EiJkfhjFdQDo2RTNAgL99CEmBeg/7tWCvqQ+DS1CJ+K+YoU/AOgCdEqqDk4XCdOh2KI0l0ASqvjQRJ90PA1PT95JXoBmEvYBnew85LA9V+8yqv0pddQ+3h1PW6gqhvvS9WEEJbESimVn/ElmIbEOmJsTzN++yoZQXFGE6eu/GRETS/MM83SywUlaINZk6sgCx0fjMdiM78VGpVKpVCqVSqVSqVSq60rnnXfet7/9bXOtdOyxx97qVreaW/nsZz979+7dWzf+xV/8xac97WlPf/rT95sy/L//9/++6U1vOrfypJNO+ta3vvWqV73q5je/eXr5jW98YzKZHGBg8eWXX/71r3991y795xeVSqVSqVQqlUq1L8UwMdDGmB6NNa2ldAyLdgWWw2KYgmB+hErBMyXwBWV1tjMB07cAKW+mqmb5Kw3A/Oe55N/78nyXfYLMRt5z/mM/FcdrUZCcT3ohOsORnQmWOzFyArMnPFuu5LIruoAQEVO7arke7hguSarOYDBwFXmiEDECVI8vBhOLrAEW9eiMDUUPRulvbGc/uPjUhe1hawEedUpRmoR2fTLevbb3qo21hjgHcq6wnBpE3iUIahT7l8rXlKODYJAskO2Js67DRvYJXDDAYUG8ZIq1iRXqxgiRY7L/xewO+eNYnmZLDpAKOSfpNE3Ttq2ZdUwxTC8Ry8TtXJihsx2ZNLd+1j1ksSpr9w+dQLY2WbAfC7kmD72Ru8bizipAST4wFMehLtckCmPCviXoN0FXfKQNDNnGEPAEbGGSYSlAKiRmUiRKqg5dM4QLpa6P1rFXEcbrROFRiMOiACEZYJvRE5PNL9pJMCv1dqd2+PWPuvg75xvV/nS9G9xwH+9uTqNh5x8cEroMBf7p3G7mZbeusFs3gfkbk2GIbDZ9hycnupvQmEcTgmmbNPg2NOmRfkalOeMhVmAxWwdsDenqAgKYlDpRqVSq/7Z617ve9frXv/4BD3hAqpGYa6uPfexjX/nKVx71qEcdccQR+9gsHegjH/nIqaeeerOb3cxcF9qzZ89Tn/rUK6+88j3vec9oNDIqlUqlUql+SnTmmWe++c1vNtdKD3/4w7dCJ+lXl/QrwdaNd+7cmZ4/+9nP7pcUWVtbm1szHo+/9KUvhRCOOeYYsz/t3bv361//+iGHHMJ4ikqlUqlUKpVKpVIdoCBOAVqAqTGcqgMCm5CscBUu554YKUSW2vXc7nqpOmD2m/nitqAS+CHnuACKhhSpAF7IkxL8YYydrXra3nPZtf3BCpIgu0klcqqY1/jAYB1PLaJ0GeoQ4mQqawfGjap6RzVMj5V6tDIcjQb10FWey+h4cjF3D5Rgifkesdu1ZOvy3Eu7T+MNY3rJNYBsEXrapIJuE8P6dLJnc2335vraeLPFcCUH4rnCvBGH5jjiT7AsXVU1x+tUVlxDHNuJXHMoguCEAnzMWB/MeSAIgpLza/hv2cRGUOgLFqtxTfpLdP8v4B3O4thzoyNOtnIkC9vfX7nV7KRr+ZaPVgfSG+T6s3VQFw/ktUZPoJBaDHr1Oih1Fs1MILaETXhsXkNvg2TlFDTEET2S3rI5HImvYxxLpEkAuzldKoSh8Og6AlMszv+A2+QYqzQNy4x3uY2W70GUaNVO2n2c12FHHpUG8gC/mvMzqzTbU0ftY4PNJlJ6GicaGVvu4jlZJ8NF3aIxpuQvbZ2P0IdN5q5jurEAY0yG71pMO1FIUxuhJXeT0LiADkw2Ni4GTGWyaUYRdBKttwbRP4ywUuhEpVKp/tvq3//931PF5UY3upH5AfQv//IvZ5111g1veMMHPvCBqSD0xCc+sW8sX3TZZZd961vfSvWYsmZzc3PXrl3l6O985zs/9alP7fdwL3jBC04//fT02e02eM5znrMQfzn44IPTsc4777x/+7d/+x//43/03/rkJz/5j//4j2afOuyww/7kT/7EqFQqlUql+rHrhBNOeMhDHrJ1/TdIN7vZzW5zm9ts99lf/MVf3O6tN77xjSsrK7z83ve+94wzzrjd7W5X3n3729++8FOnnnrqV7/61a3rv/jFL7Ztm35h+NznPsdrAvkGn3322X3aNTX18MMPP//885/2tKfd7W53e+UrX2lUKpVKpVKpVCqV6oAVYwswzsSJoTyNEn+zvQ9HwTyge5mtEwxs8S/hbVwGB/Khc7HYSeWZKBNXEAFyV3HEZ7ApRbFiKDYh5RvztNw/sNs2lGMf6s4mldRtKbLbCuubUBtXY4PI+yOfGVueeFuNbL3il1aqpRU7XPbDpXo49DUXcCmmxHZRFLmGy0Vd2yv3brUQ2AZ0mCETOicLeRnZH2bLrhy9hW4VgfCC1Kxx2+7dXL9qbc/ejbVxiAHfNgSXGCI0yMGEHmj04irvq4hsjNi9EABCJjAmdxiYbcKODPTikbLFRmfo4XpYTOmIfvBN3onYchDqkcrULct0iInJGT0ws8ZK0MtWX5PtiJOZ9vd6mDeOADaDOVvJh8ockLbHiPh8rd3avm3Il32dAJtJADIk0ZSSv7EUUASMenCujulCmADY16QMKH8O4ansuJOvGEewgufLw3ISFS5T8hRCJ5b8USS7BXLYEtvUkFy+piFbIKXZOt0I+zipuh4cfZPj1exk37rhscc7MjLZTuuTyDcLKMOaqZN8EUpA2gEiHh04xjFiWzfIwUx8I0eLk3T9pGuoaWLbeMrWsSH42LoQK2ixcXwDAldZpP88UV3+Wnn/qFQqleonSvw73Jx27959zjnnpJ8jd7/73RdusFXe+7nfhTY2Nj71qU+l9b/yK7/ykpe85P3vf/955533F3/xF3Vd73dv//zP//yKV7zij//4jxkBSdWXT3ziE/v91Hg8/vjHP77168VFT3/608ty0zQXXHBBeXnve9/7zDPPfOc739n/VvHBBx98ySWX7PfQRx11lFGpVCqVSnVd6N6krevf8IY3fOMb37jLXe7yzGc+01xzHX/88Tt27ODlL3/5y+n3mQc+8IHl3e282ZaWlhau/+hHP5qer7rqqmc/+9n99SeffHL/5ctf/vJ73OMeRqVSqVQqlUqlUqmulSI6nTTGtlRDrzpuoINIDqiuB7mS2P8UoxBOsAkbe1BHNiyRaqYjRsS5yrlcl8Y6uwMj1XbY18EzfbIFeIGZTBZzQIL8jX5JF/KYyoIeJ8azlQObqPAJUCW2sm6pHu4YjHZWo5310s5quFQPauetMTNcTJcpwcs2t2pfJ9dRF5RE0kdNulNbXA2erxKXhJVosczbQhg3mKqza33v7vXVjek4GOerWhAQ53KwjmcYyKcHKw2TYa8X1zMN2WJpsKhIXcgk6eUDGBVhljqLBekTTHsJoQ1t07Zze+HpVPiSjDH5YpvDG8ySOjzTFo6FjFThaWKUroTex3PrRNWiM9nnNJ75uJHJA4W2ufb19YIOoMENhZgAG5yQYQm9F4HxGcpWMmzOQ0QI3QvAZkzAy7umIAOGHWTo2WMHgUMeCEETn68kss4BWmk5VacQa84UyAjKPm3uqPWrN1PBZR+ndvwtbv39716AuT+qRUqX7vG3uM2+t7livemu4G5Gd846PDFy1pPptpDPbJmZtCN+x87ehU3fHoVv1+kwIRB0EmIbUu3RYIpTdLHxMVYxVEbmJlqbOFtTvNnAoXdOpcyJSqVS/fTrEY94xHe/+93t3u3XV/atV7/61Xe+8537a/7jP/5jOp3e7W53O+SQQ57ylKekgs0nPvGJ5z73uS996UurCn9Pe8lLXsJEy5e+9KX0/OY3v/nQQw9NC/e73/3e9ra3pYU73OEOvKsnPvGJ/9//9//x8h//8R/v2bPnb/7mb775zW+eeuqpv/mbv1m+33y9613vVa961bEfcvUAABAASURBVEJK5pRTTrn44ov7a6688spHP/rRc5v953/+Z3/lAx7wgOc85zn980pN/bM/+7NUEHrWs55VVvp90qUqlUqlUql+/GIrkWthVTunCy+88Gtf+9q9733vww47zFwrfeUrX3nf+96Xfvl56EMf6vL3897xjnekFj7sYQ/rw7g3vOENjUqlUqlUKpVKpVJdWxHKEHulRP4LiBR+yWaj+/q7vGW7OnFXFe/MN+bLl1jOJ2uQzJmw00LnNuFIzDeQb4jloj42YEHezCzLYcRqwmTjEbPoA7CfTigLTJTEkiXinUtFz4qCdapUT8eYBwkYYvsSDNapByvD0Y7B0pIbLFX1qKqHvsYzohI8Na4AOeUhwTzi88HdYorxhnHZSaKr2C6GOg6URiAbi5A6NFr0tEmV3Y3p5Mo9u3et7lmdbjYQbOXp7GQkOECH83S8RB3Rn9ZL4A5jKZysk3qMaYxihbPF8Kbf7gimWNnYXi6PXfQX8n5ZuwwlQCpQh7ZpmrZJC7WvZhCTvFzok+zDMmNzssUhhpxLtjTb2lx/N3LBFCuQme7tLgFUBbB/EoKchWx/FzPv5sPjXAJT8CubbVCgXHDO9rJQMvAVjLjCYAJRTKV9DEKKjpJxHMSQziutFxyE+45cTPjY2c5EcBPxdOljXJGvGJP3QK41ENHsBMBFprTwXdcF8XAzI11EMDvaFg2XTDbWoKW1qzchYJKK2UbD0dIxN73Zd7/9n0a1SDc5/heGPbPcrUrzYtfeFqyZ5cSszCpa7l/MvfuuzAVnBTmcuVkRSsg3BCt+JozxeXJ+avl1uoDTtDTQxiZA07g0RWObHj62NcQKH3jz9dYbZE3Q7KRGnsvWaUfpyJqspFKpVD/9Wl5eLl/kZaWfJ+vr6/yWO2Drwq3gxUc+8pH0/Ou//uvp+cgjj3zta1/75Cc/+eyzz/6jP/qjP//zP0+ll1SAmUwmZfuzzjqLFy666KJLL730IQ95SInXuQGJl0ej0dra2i1vecvpdMp7TstlJyeccMLC5m33zeNjjz124VeK0yHe8573pIUdpLL+M5/5DB/lxje+sVGpVCqVSvWTqtXV1fR80EEHmR9MH/rQh9Lzgx/84P7KU089deHG3/nOd+bWpH80e+ELX5h+ufqd3/mdpzzlKWX9u971rhDC0572tBLio1KpVCqVSqVSqVQ/sBBEwD+pbgyWi/RS1Z7LRiDLAylHG7JGoY+5gnrQjhyU8jy6KhgiThxAzpNx4qjAXiZsmSHBOsbKF+xj5++Qv2BvM37QJbQUgxMo5XkjxVOY4zVsdtZY2Adlrev1iiGDEzADY4cEnbiOgYls+pDqnivVYGfNkTr10FaVr+raVxUTJzazNpGBDyZ4pAJrSzmfnWAox0TOiPsWl7b5p/aC3TBggE9uwbtzZhzp2LG1ZjM2a+ONvZvru9b27NlYi0g1+NpVrvJt7mfcGkkE73CAKoJR8OxSsVcIDiFnMJlpzlGG581CUqCcoFS1y1LmhhYMkTWmM87BZrWhSX87bkKDWTHOVNZ1uU+FOHGFaemwH1otveFMRoFAdiyZPbQ5Y09S6ShpMx2kUiJnCBsR+5D8EdrtATmd9E93NkjJ9s8eZ32eCZZzfUyu9PMgEMYDIPE0nIyDQAkwHoVCM4k2ykwDxj7wiucj22iFCIEZVxmTfSt4BHrNcnxNOyP5O5Y9UZA4SStTNyDYQhc0vU14APV+LLwM4yVWjhEtH52uNEMICwRYu2pz55HLZnsdf8vbXHXFZat7dxvVrA469PBjb37Cvre5bO90KxwmaTtpbuegKiNRO33WL5atmVcS1yqUjCtdRexKJFsCTwnMdWopTCeYGNJMhSY4zNNJj0gGJ1ARt0XZZoZnFEInFhnAOt2TALmTH/xLYyqVSqW6zvX3f//3c2ve//73/+mf/ulxxx33tre9jS1JroU2Nzc/9alPDQaD4nh/xBFHnH766Y997GPPOuusM8888373u9///b//l3/1es1rXvORj3zkRS960c///M9PJpNUgEkf/L3f+z3zo9ctbnGLZzzjGZdeeukHP/jB29zmNne84x15/fe//32GTubExaTtTPVVKpVKpVL9hGj3bvw3ioMPPtj8AEr/8vW+970v/Q5zt7vdrb9+4S8JC5V+sTn66KPbtn3Sk55kVCqVSqVSqVQqlepHKS50Mzgi9hNiGWIW4A45c4ari6UKWYCBYkuRvzgvX5IH8TXgerLn5Bnvq64VNvsqSC2672mRj13cKvC5xHK4+VI+kyfMd3RWEJ3DhTFmLsWkwCrZw4Sq8MQkeHAVGCFi6OQxcyQSj+LcyFXL1WDZ1SPrB8YPXTWqUBw5k/sWvSX4VKiOXmgBRFHKacNs+RTEZKLnF7K1Njx7EnNrIA+VoSQaPI4zjYlTiBvNZNfG6tWrq5vNJFgsLVMnOLLUsEzWoNMJJulgtg4OGHmcEIDiOYmmxOr0O7fI83nN2orwOJjegPTRisXnRTONGQrM00nlaUDopI1tDBgWw3lMViJ0XN/vpKuYW1uOJqMimM+MuNcinV1J8Ck7nOlYZzsPkbyriPV0zJDijx9YjUSoIwuLkJTSCZnAKi2AbL1CEzaKHRF2ERqcQF4Ilq8Beos2A56EPK+cmM0AOZQA2dVQW3oeKjYf2UKPzWLbE2CMiqkzZKcsQWuOcrGs7U9KZnxArJP6jBKRXoKNCXTCawzfb9Yu29g3dFLVg9vd/d6fO+vfxpubRpW1tLLjDne7T98pd6EuvnrSezUz0fvzfu5Sl3Cx3tv5s5B/BPB14inSyeS7P/lDIajWxnTrmUwhRPTdSRO1jTa26daCeToQ00Kdbr6WDKbSRY7Im+NAr9qaGn+GIO3k9n1TVKlUKtVPodbW1l75ylemhWc961nXmjgx9P3d8Xh8xzvesf/93Rvc4AYve9nLPvOZz9zvfvcz5DLC63fu3GnIUv6mN73p3/7t36Yq0WMe85gjjzyyv8M3velNe/fuNRSLs7m5+fKXv/zyyy83ZD2ySb+BHHfccXPfQj5wvf71r3/ve9/7jGc8o0Anfb3hDW/4xje+wctf+9rX0vMZZ5zx/ve/n9ccdthhz3/+841KpVKpVKqfJO3Zs8f8wNDJ2Weffemllz7ucY+b+6Xoda973cLt/+qv/uq8887rr9mxY0f6peWKK64YDAZGpVKpVCqVSqVSqX6UsjaYDIvk6A4yLFi8uWNjDmRHQJJmZmvlHShis/+EcA8YGYPIgnUVYgyZWMi1fnzOYQmCfnAah5GghgVt355V2KJtkne2bmeplGnJsAWDZEy2zBBDCKywR/oG/rCql+vhzsHSymCIqTq+Gg2q4UCydXJvZGTG2tnlErTDCTsusx9F5ZQPqK7a7yCbT1fICRCvldaYCbTrk8neycbu9bU9a3vbVPD1LjIn4B15m9B/qIqokwpNK8iKhlw8XB83KZVo6JNBZrbbC1K0hVApsR37MCzguYm4SQhtUmyRPEn/Q5B8IqFY7JwgAzd9aqQfqTPrXFLauwD9mNseiYzA3ErMLUxl88CkhoQvEXQSt5zMwrG0M45Cdn7EoZBJMrQExgjsYkxxBwLDdibybuCMKFv2YjILYEFcdtJ/zoERmxc5Blgxu8kBTxn3KkyawTNzlEHlIjsCReloA545EvZTyde4oC1GyKPeaGc2p8e1eGqky9N38/JNppzM9hotrdzurvf5/NkfTjPEqIyp68Ed7n6fejjc92apgy/ZPQWYn5iFLLG9PKXsZ5JfwPztLO90Zk8RBxynI84W3DDE0ITJJEwaaFuLeTpgY3AByOkEBpCmEFQOY3S8cZRqZtnmJ92Oa0rz8mi3BG4/k0KlUqlUP5V6zWtec/XVV9/rXvf6pV/6JXNttXfv3je+8Y1pYWt95bak7T54wQUXvOUtb1lZWXn84x8/99Y///M/X3LJJeXlP/zDP/DCV0hpIbX5GkEnO3fuPOmkk4477riLLrroAx/4QFqTqkrcbEPwzSMe8Yh73vOeafnLX/7ypz71KWO6X23POecc3iz9sC65PyqVSqVSqX5yxNDJIYccYn4AveMd7zBbsnWSbn/72y/cnjnaOf3Zn/0Z/67SFycMPu5xj5v7e/V2OItKpVKpVCqVSqVSHZAk68bkXJRtKQfIVW9EVaim3v/LiS2siKXKtslFQfkHUvzeurMEnWDiTioj8nfgu1CR2YL/rAvGTFV+rtY4X3yE2XroflWq9y47QWDOkMUMh1QAJcICyo6pYG8q44a+XvaD5XqwUo/SwlLll6rBsKorJE6s+MXwZ6lPOm4gIxLiFgAdwGG7WJy5xs10BisK09Pzkyj+FJxuwbEvBBIEYycmrE0mu9dX94zX1zY3JjGg3wylH6GTgPfUWOddJdCJr8hfIBu3ICvEzXalewE6ZMnMGXJsGYKt3AnncJh9jk0bkDJB4qSdotMJz0D2ZnFWXFqMnUNM7JYjShBOgU7MPtVNujI5o2ToMN8BEHtDQw0TgIbpk2rhySxYV4av/OlmLgm+PGOJzknP6WhtK6wAHxDDdOgP8TUB+SBPaNo1ISOOU1FsxmWMsDKS+WT78wmyowlBJBZkKrMbiiOQiVxJwJcDZcskmSPljiAuN8ZyCpQgWNTCKPZCNpNT7JVCs5vuIJN297d2H/pzh5p9auchh97z13/znE9/fM9VV5ifbR125FG/eOd77Jc4SfrK99an04JG2Zk/usqWKfe/eSeU3mYm25/0NpArJJsI4WVsIF3FG+24sW2LlAmAD9FFcAE8mApiZdOVY4k7MXW6JyFr4hggS9MM78i4YMgwC5Q5UalUqv9mOv/889/5zndWVfWsZz3LkKvHGWecsd9PHXPMMX/wB3/QX/PGN75xdXWVl6fT6UUXXVTeSju/yU1ukha+973v7dq1i1deddVV6flb3/rW+9///vT75n3ve98LSUccccTRRx9dPruysnLqqaeeffbZ//qv/3raaael5r3hDW/4P//n/6SfUqeccoq5htqxY8fv/M7vpIUXvOAFIeDfrN7+9rf3N3jFK17RJ2/OPPPMrYWrE0880ahUKpVKpbou9IUvfIGx0YVKv0gYolT3sQ3r8MMPf/rTn751/be//e10iJvf/Ob8q8u11iWXXMLxfFv1X//1X3Nr9Js8KpVKpVKpVCqV6lqrlO1SnTfCts4hwkvI19shJ2dAYQagbMflZPYmKFVJBE18knX0oBAOdvog4wWTK5NzgELxX+m/3AqdHMh52n4D53YgJXNg4gS4Yl6BraiezsYn5djowgAwqKslNDgZjqrBSj1crgejyg98XaE3iikeJ5atUxAjCNYUSwEhAjCKxeGX+dFNhFNtOl+BjiCZG4X5pvNb0D8XpAUg0w+BiIXGwlozuXpj71Vrq6sb65vtFI1LPAUHpbGp0NSEqQEyOElPFSbsIHTi2eqkOJ0wUAA9kxLIHjWms98Q0obqVxhbAAAQAElEQVTIgWIWI+/ZLaBFX52nCMXENKGNHK1DIUECMuVhlIWsrbsqZAxQFbzsP7NQPe+G3nwWKmjWFyVDJ+QfQw0q78fi1ZFBlao/lttqK4azoDvIJwKZF8OuJJgyFNL/ke2GmNtC9xXoIybMbWSvEV7J7YsCQLEfDB+ESRGbASumTyQ3B3ETibxhysRIdBPCKI4mW75AnRNsRfAYvsbzUGU/FaZPuGWQiRNbeCyg2cs9hxfP6n/tOeiYnX60H4/9eji8871O/N6F3/721/4ff2vnZ02D4ehmt7zNDW9yvHVuvxtvNvHbl27Q4szcgxlWq/wxF6gzfzey88wgkln0B98KAzotQQjTzXZzDFMmTgLeZCP4iAY5Fd5gIK1Jd50anZXw5usJ1vM0N2pKteIfHV7i3xQ7UalUqv9WeslLXpJ+wXrMYx5zoxvdKL287LLLPvShD+33UyeccEIfOvne977HXwtmXXTRRY94xCPKyyOOOIL3mYpA//iP/9jfz6mnnsoLHyalhfTBZz/72WWDuq7vec97pv2nX5TTAv+4vMtd7uIO4MfudnrrW9+a2nPMMce89rWv5VC8Xbt2PelJTzr00EPvcIc7bN0+Hf3LX/7yrW99a+4ilUqlUqlU15UuvPDC/QIln/jEJ8z+dJOb3GQhdDIcDkej0be+9a10oBvf+Mb9t0477bSFu9oKkSS9/OUvj3HeiPfEE09M/2ySfgnpBxEmpSMyLqNSqVQqlUqlUqlU10JS3e0RHlvVKzhKEbF89b2XqyCLaIDgqEBNH5OUFqQXamMdUyZoZUCWC11FejZ9xkqhO5oZL48D/UfduSI+7Hd7I3E+acEjbmLokaqgmKST/i3ZQpc6Ujk/qocrg9Ey4ibDpQFm69RVVXlJ1YmRi+bA52Agdn2UHTOiRRwEQ218NZD8GVvMQhipgP22e/YUTEZdxPGCiIoIsY1hI7RXr+/dtXfv+ubGZjvFhKTKE3JhCSupHNEkngxOEDpBwMQ7hgisYAyOxrRkKpXBCL0+7JFB4m5hGYHoDUZOVlpk/CGwCcbpBEYrCn6Suku8TWw00AdNOH9jP9wJdOBR35IBcksWdnaZ7bHwJbk9GKmDREhmO2YPXXXjkR1puoX8h4BF5drK/xBQUJd0EDq4TT3BuwPO0OHLCIqNBANTZR7JdC5XKrEj7DiCF6bjc8VXgTkTmqboIZFdSDJ3AkRdZScSNMXhGwaYQgDQyxmQiK1QIpieRwbtZKbXxZNHaCvZMAjTxrgSm/Q0Zu939hx6i8PN/pSu1Bsd+3PXv+Gx/3XeVy+84JtpDpmfDVVVfcxNf+7Ym5/A9aoD0de+v95GjuFa7EdUXoubUC9qx/QgLYaJCv3GFxczUOLRE1uITZxOYjsN6bkZ+wgI9AWCTtINNwJSJjj9oEJLLMP5XZ7CdBy6m6TnYPGeibMF52G6UvbjkaRSqVSqnzK9+93v/tKXvnT44Yf/7u/+Lq+5/e1v/4Y3vGG77T/96U//3d/9Xfpp8IAHPKC//lWvelXbtre61a2+9rWvGbInufvd726IF04fKZvd+ta33tzcLC8/97nPXX755QcffDAn2rBOOOGErcdNn1peXjbb6OKLL15Y71lfX9+68i1vecvpp59uyPVk165dt7jFLdJPz5NPPnltbS3Vh1LVZ+tHzj333FNOOeUFL3iBQicqlUqlUl23uutd7/pXf/VXC99Kv4S88Y1vTD+s2bztxS9+8ZVXXvmc5zznqKOO2rrxdr9XpI8/+clPTr8S/OVf/uUrXvGK/lvvete7zAFruL0N6hLJqFQqlUqlUqlUKtUPQwAl9MIewMZiYxGo4ifVYpizn6BwDCkb0gK6mziDRUWsUGK1HGMWopnxxTD979fnyrntYQlzzdtXa4u5xeKzmPk8FCcVbH2IztnKuRpsjWYnpnYcOgSeGxdDOo2Br5aHw6XBYORqitQZePbFSPVVG7KZieH6Pj0VrxRgV4o2tk0MMXVhdLENbjD0ZDqSPi4mMQvSKuZb36vgd2iDyRlAbZQDT2O7Ph7vGW9evb66trE+blvcL+esOCJOsKiLj8qnk7bInTgvhWbgnB6BBvjbEWKjkLmIXmdiFEZuhQwEf/mzsxvZJ0fDuEmGTkKI5HGSMSd0g3HSkZS5YWwuiJuFmNHssTJc1duSTDXY5aZsBeXj5GXCyTaRmhQlW6e4jhAKY9IwWu4hInJkV9W88UNmLMqpGjNzFeQ1vFuhT8jOhBAOCkPCT5PBCREkNrfUmDzZeLLKsfKRcrCTmAqJqUk+psxO4Fp+NpBgxorYEc8AGOFXxmRghe2K6FlyfLqm5L3ltyBTLK5HtJjug6bETFngMBWTL0tDNkFm88LV5euvDA9bUH3Zqrquf+7Wt0uPyy+5+LKLv7u2ureZjKeTSYzB/HdRul/U9bAeDnccdPD1b3jj6x19zDX6+GV7p9+5bCODbZL31b0t95d8P7YyJI65E8iuPqbwTexqg5dJprjKRRKgTbegaWwmEKammfq2TbPZRagC1OnHAl7MUJGpCZo+lfg1a+jnBjEo5HrCOJTrcW1m/zShSqVSqX469PGPf/wlL3lJWnjCE55QvnF7yCGH3Pa2t9268Xg8TgWYf/qnfzrssMNOO+20OUeQc88999hjj/2DP/iDk046Kb1M1R2u00wmE6ZPWA8g8fIb3vCGD3zgA+m4p59++i1veUuzT11yySU3vOENt3v3ox/96Ctf+UpzAHrHO96RDpcqPQ95yEPe+973Pvaxj73f/e535JFHfuYzn3nkIx+58MRVKpVKpVL95OgGpIVvpZ/mhqiUe93rXoa8RtLzHe94x+OOO85cEz3qUY8688wzP/nJT/7Hf/xHn4t9zWtewwuvfe1r028+czTqTW9607n9kHtw3Lp//LZXL08nuxyrVCqVSqVSqVQq1bWTKxYepfy9T/wk14NNsSQxMe/BmpJLQrQBFw/JM8MY9tUQlALrk2b+rzy5ykm0Q7Zc6L3bpbr022j7cS2krWSDnYUSeu93S0wxpOJmtjnBb91L5Z326QlSGFi3VA1Gvh66auB87X3FJ4n1+/TXuM6oBVkeLK9H22+3JQIHiL+JSJ8EOlWPtEttOKAFxMZjETZh+oBJbrn0PBlyGIJaMHgFLGy2zdrmxp7V1b3jzfXpeNI06CPhOCgH83Uq9DWp8DWeiucUJCFFKPSn13+zvAT0GAPT4UJ86pTJYvMKV7AK9kbY2v+9PJ0g1EUU2MOWaUW7Sm3q+4Ns9WjIhXDYMh9sd8hSLC8V8uLTk5sac3qOOIvQQhePxOE7FvI5cgOgGKJUdut1ZGe7D8v0hiEsiHJpFCucrv34KohbDh2BrSl6eIzpcUfSu+I0VJaZfrKUHdXDX7hFGKMTxZbHgcuDKtOU7xCOXVLY70S8SBAIKMyOzdOT9mNn3yG2TQ5t+9tnsMrSdDXZEIYgI56hPh0FPS/Wv7GnukPtR94csK53gxulh1HNan0SP/2tPXwvYuAE13YkVu86twsus3zxkBGNoE8Mo8l1w9AYRHzEto3NFEJjwtiG4EOwMVSAxEl6eICagrzwhkvHwBw2vAkxc4jWO55aUTlpG9+RjVyERqVSqVT/DfSFL3zhec97Xip7pOXDD9+PsdlXv/rVk08++aKLLrr1rW/90pe+9Mgjj5zb4N73vvdv/MZvHGDQXiq0nHbaae9973uHw+Ff//Vf75c4MQSdHH300fveJhV7jj/++K3r+18mvtWtbnW9613vL//yL29xi1s84QlPSNWjd73rXemn22g0+r3f+z2jUqlUKpXqp1Ppp/lHP/pRQ5SJ+cGU/knk2c9+9uMe97jXve51feik7PmCCy4499xzL7300t/8zd8s7372s5+9wx3uUFVdQvGb3/zmV7/61Vv3f9/73rf/8nd/93f/8A//0KhUKpVKpVKpVCrVtZTrgIHZzJTFG1M52HItEhyIDwgXwAlmQNDEYmALGZxwPothgxMq5GNtkj6zmG3JX6o3EszBPhnilmE4IOQAZLfUI2fpBPoDYim1MuGCdh/G8IOr6lJOxRMIFu1P3NBVOwaj5WowcB5tTnxNERBcBDXWZSwn+5XYrpwbizcABQ7Z0Aagf2Cftk16HkGsK9xbJALBucVnut35A9sM4HN6xDQGjYG1yXj32tqe9dW0MIkBQRKP40J+AmhqUqGxC+bpsMMAESdVhk4ktmbWzWQGN5lrlWXHDVt6z9jS2TlQxUDHG2TkQ9JqiPMIgLlDom7PLMcTxC0cVrNo3EuDbU4Fohlk5zx0Iswoks1JWWYXh/IJpIbEyib7dACGStG4iZtGZYQ/EiyEoBUjJAZBJYzUYJE+MNeSPV3k/QLJMMBkhO2BYjUh3S0nns+0u0oET4llDHBW4YVIGSW5K2jSspcJOZEQGmKYR8CVkcv99G4XvsOMCHMkPLMhowu23A+M2KiYbPTCo+2YHCh9z22wvJr9VCjmyqbrxBEE5dl1Z+1ruw+63WHWKWtw7dVGOPv8q5sA/Vut6RN53avuagKKs5ndUx8bZL8rINCkjZiK1cbY4t2taUwbbGhcaH36iRFbDNNJOwuARlLWDawfEPriDcXooMEJ3oUl7AlZvzJLwHaADBi1OVGpVKr/Fvr617/+rGc9azqdHsjGn/vc5572tKel38we/vCHp0/1qylFJ5100vLy8he/+MX97u38889/yUte8qUvfSkt79y5M5Vz+u8+73nPu8lNbjL3kfTbaqruPOhBD0rLBx10UHpOJZw73elOc5v96q/+6u///u+bfeqEE05497vfzRk66Zed8XicfkcaDAZpIZV8TjnllIXhPiqVSqVSqX7C9ZWvfOXKK69M/6w2Z8Z27XTLW97y4IMPPu+88/bu3cu/e/R1t7vdLT3/y7/8yx/8wR/wX5c/9KEPnXzyySeeeOJpp502t/FBJF6++OKL0/PRRx/N//y3tra2e/duo1KpVCqVSqVSqVQ/kHp2I7AfjxOpexf4Q+rc7JDAlUuPYTpsS0HIScltgMB2DlGSGGBrEZMJhS61wZie94kx8IPVGLM9Rm9N2TWakThiLKynMjqbO0AmbHAxoANE5dzIVSvVYNnXQ1sNfVU75/kr/9xwoNAa4S36xEl3TKyvg6sou6a1hn0BJk2q14YlC8MKa7DsmGG3FFbtomXbs89gS4zUy21o16bj3at7r1rbszbeaFMhGGEJcmXBQr5nLoScTQg08ZVhrMP0ep64g4J99C1kOvSkWJqYmbCbOWeU7ccFGDcJgcJ0UjeYWEiNbMfBCR+uO9Bsj1o3v8+5rXhfUFJ3MgARaVu0ZBDkRRxOeJn9R0H6tzBKaNbhuggkVIQgM4mMbVJzq+wzYvJRUzm+LZSN2Jq0NFYZb7EFJoldzxpTQrCyq0/ncSIHsEKkZEsRCFZ2gOk8Tq4qRngIOYpsRkKkFQIlFGSCZX48NB/U5eubZi3koAAAEABJREFU+9aRCxB7TFiBsSSmx9JlbWV/bIvCrSwD300G2zNEyo0k5MWZzNcYmpvofeLYN4lxg9SBa9PVb+4+6OaHGtW11acv2LM+Zh6qZ3NiFlgGzd98AHq3zyholGwmFxdA02KYToihQU6laW2L1iYe2nRjrSF4Yk3SBWcDpBvo8mBYpx8YEImCwqu4Qs+o7K8k3AlO4/7PJiuXAhgTjUqlUql+mvWd73znpJNO2tjYSAWVI4888uMf//i+t08lnPTL2b3uda/nPOc5222zvLxs9qdUVnnNa17z7ne/u1jNX0nqb5NatfWDH/7why+77LJ73/vehqxKbnCDG3yANLcZHNjfWkajUWrA2Wef/ed//ufp6L/2a7/23Oc+94Mf/ODpp5/+xCc+8dGPfvSTn/zk4XB4LfasUqlUKpXquhLbnKRfVw455BDzAyv9ffi2t71t+h3pnHPO4d9A+rrRjW504xvf+MILL0zv3uEOd0i/26RfKuq6ZkB2TulXi9/93d/l5bvf/e6TyeSMM87gWMN3vvOdL33pS41KpVKpVCqVSqVS/RAUGSowsJ3Ric0OHsbOBDF4tDzAdATnpI6MURhkUIK1dLI1gX5YiQGJB+n/m2k/k6a3f37qyI0D/IdWu03swoISeBfUQhkjWGHHJksxnUr4+IV+MAP6Tv5SPdhRD1eq4ZLjeJ2qwmp5dkPJ5hbztAOX5cshaVPM00Haw6a/6DHsgNzCdJw2HviKUQWp4289gXIivTOKvRpwOtjGZHL13j1X7d29Z2N9EqZgMMaCckqQOUl/CSW7Cl/52tep0os+A47MVZyE78iI8D/G29nOnxsIhoxsfxznen7LwJF9CDa1bdtY4muAT0IqzNSM3iFKfXy+Dzo4Z+EM6bUnTyl0JYGWDtdm3CSEwPOTPU76H2e+w3YTUjxaTGZ92hgYmYAMUlTT8aSMH59tDG3GUIi6Sh9vjQ3dgYDmH52os+xoAqbLnMn8Sn/y5oEBsuch5sMCgykO+ReKOqJ5aQXqolo+0VWMHTnOZwpA+Ve2sGSFNXK0TFgWMGwmwSums0vJtiZge2BCucqoC6DwY2JaI35JtB/01AHuvXQ9VTT9KNcIUSyw1HtkhrP6nfXxZHLkCddL09WorolChM9/d/Wy3QGvdlI2jwL+bhODTzbDWX3xGwX8y3fx/Bl6GdppaNJjEpoW6bcILoT08AZqwMSyGuekq5AlQspthDfQ2jNmRKCJ5/gsiiUzxB5JqFOaAY7nGbNaPAU1XkelUql+6vW6171u9+7dJ5xwwqte9aqXvexlB/gpdgf5QZQO9573vGcwGKSfO+Px+Mwzz9yxY0d593/9r//1yU9+cuEH3/a2t6Ua0s1vfnND9iRpJ1/5ylcuu+yy5z//+eYa6vzzz//gBz/4b//2b5dffnk6+gtf+ML73//+af1v//Zv3+Uudzn55JP//u///uyzz37JS17S/9TVV1+dng89VAFclUqlUql+ErVr1673ve99aeHhD3+4+SHpmGOOSc/nnXfeVuiED5R+iXr7299+xhlnnHXWWenXpPTyl37pl4xKpVKpVCqVSqVS/Zhly3fFo5Xi/XwxN9sgcI1R6vqcpIOJCOyeYSVYJ0cjRGI1wJY0ka6OKVYKvCUtma5sPeOxYea8QrajSazZP+Uwu4dY7DmyH4l4ergIVHnnoiZXWqkObv1SNdpRD3cOl5erwbCqlwjWcMBsSK6209f48Vv7Ap9Q+EiM+T0jcIV8WR+xk6qq0AGGkimaNhjYhMGwToV3cfHAPt8aKOLkNPEYkWxjOOGkJQBio5levbr3qj27N5oJjquvHCYeYYYOEicD9GdJW1d+UNf47+2RXQ+w4EvpSFSVJlRI7AwgO18U3qDrUjBsQWKLJ4npQUWcGgMdFEIgC/mIUKhNZzFC6UDYLqoupz5n9kUK4QJebJ0A1LwIZSqYRVt0U1fcdKApiT6YpCMLdnYuZcZD+rasxsPlej2DKmlPBHoIoZPerKaTNncCW8RA5mzyrtMuA1n+GLrIsosJoV/5VMtEwhHP+Tu2h9iUl5kXyLsyTFGJowUtCM/CoAlV7hE0MZG8erDAzz1kDYdiEVdAVX8EV0wsNwZOXbLFaiUfiOmYTMhY4lWYUwFrOmKNdk5ZKmm0Y3Q8vekzacQR+hG+ANL10IQm0nmnYWrxZbvnP1evunL38Xe/WT1aYKqvWqiNafjE+bv3bsCWJB1bwrToYhPSDTrwJHNOlm+acuUamtA8QdMFBGmYQtNOp2EyDRiREB1EH6DGfBx8riNU0VbEl9TW1r6u8frGnxCeWT/0yaLpannWUZMck39yB8yMF8iPFYVOVCqV6qdcz372s9OvXyeffHKf+Uh605ve9OpXv3q7T32YNLfy137t11784hebA9NTn/rUuq4f//jHP+MZzzj//PMrUnnXbk81Pu95z+tvmX6rvu1tbztnkXKAev3rX//Rj370uOOOe/SjH/3ABz6w/2XotPItb3nLa17zmnPPPfeoo47qf+qyyy5Lz9e//vWNSqVSqVSqnzyddtppe/fuvdnNbnbnO9/Z/DB06aWX/vu//3taOOKIIxZu8Fu/9Vtve9vbPvaxj6XldNAXvOAFRx99tFGpVCqVSqVSqVSqH7vwS+6cN2LF3WPLP7Oi1wWVJR2V/CT4g3CTyrnKUiYHVy9zRVIq1qSQ00xkK8N+CpbTGnp17EwrdLiI1NILx8AvwZjZbBfbC4kwUpDsGBeqh3MiibM5i4V5F8miIWqGzicVSR1YOh/gOnral3em8tVKPVzxw4MGS4cMV1Y82pxURN1g6R04X8KyPYjjynvXV4Zq75C/pF/MINBtI31okKqv1rWpot4GQ+kyLUxdZQj1sVFsIoxb7POBSEf6JAaR1FVwdtzEtXaye3316vU9a80m5rmkfxx3lqNzqqr2VUVwgiW7kzr9a7lhcMQy4kEnxPYm0I2CMV1KjN3ig5A5oRzAJG4rEhfDTi8lWIaHPHKKTc61kUo3z48S+8E9Sa+htMCkc43G5LgfmgqOZjF1Odt3lIZzY2yeihL7EiCmDg907PQ/8VEZJSHLjYxK0QmFaPOU5jYQ6EFHk4AeyIFA3CTcR5WOMDNQ8gT9VUicSDOBI0pMHmArOEkxeLEQM39SZr8cUzZyPL2pFcgUYXQO1vhT85jzEOaDyaK0O96Mntnpolxt5IAieJHNlX6TeSIrJI4QJ70z6ogYGTu+luTcwHvmS8jQBdsWjUToCBCEJjMmtnRZpmkxbZvpdGqI1knDhBcJAg4wuXz1qx/+2s/f/fiVw2dqVKqFump9evZ5e9po5nOoMofEPwFMuf3zGAuPKJOMP4oWJnhpB7KnAaKmIDTT2ExiaGIzhaaxbevSlIuxAlNBTLPL44IZ4Ijjh2pnagsuBuco3YkQM4plA8JQBLYrtxWT6T/xWCnNAqNSqVSqn2oddthhc04erMFgsHPnzq3rm6YZj8fpN9ulpaW5t7au2YcOPfTQ5z73ueYaKh39qquuSguXX355f32qLR3Ix9Nn02+eRx55JL886aSTHvvYx15yySWvfOUrzzjjjK3bn3rqqU996lPnCBiGTuZIFJVKpVKpVD8JetOb3nTWWWelX1ROOeWUA/zIc57znLT9s571rDmmZH19/ZGPfGR6Xl1dTS937Nix0OYkKf273pOf/OQ/+ZM/4V+rFv4GpVKpVCqVSqVSqVQ/BtE3zW0/wmb+fclO8VyJBLQ9wSgPDIYRR4XiTJLTRjqziAi9Mnouazr5Vn1kYqQU0618017ghh6pYrZpHeMOpTSZv5MPpSU9BkKqrbZYVkQQEwdDwQ6pBmprsDXuiJ0mDJdd0eOkrg4aLh1UDQ8ZLO+shnU6fXIF4Sp7Zlm4Fp9LpWbh1/DFwoFKuhF7FZDZsc5jso+3EcMouAaMgUdxmwgJO79TToRx4zbsnmxcvbp3z8ba5nQ8xUNQng59J9M5V5O9ADezxOgAxq0QlsL1XtsjdvpHmUucmU3bEbsE5k5ymFDkijF6JIDYJ3C/k8kIwx8xxrJTPoaV3BdDRjkmdzT0zz9TJUydkKFO5Mq5n+kZ2gNlO0UGjNJCG4k3wQODRD7l45dmSCeANErIDwGAgIecoRlhXbC5sfRZWlel45jZQZsfSoCyU2syccJ5OHnSW7EJ4pK7gEvOmB4LhAue7UzYcodOmtdgOR/nnCODE+NivtZBEqT8rLFQvp4ErMkcmp0bb/EB6syCcgO7oCnipPizeMOIluiSqvLCjpETUiDTFDkemEBRViGNDg0YQicNKrY8K9kOSPprvDb9yoe/ftTPH3WjE46uhmp5sliTJn71e2sXXD42TGbRteToFm5tV8ba9hvd/YucL58susopiqqZtpNpeo5tY0JjQ7BBQJMaYJBuoMbV1tRp9I1FDMVEzPIyllk/uvEYn38oZATJuOzBBXy7FF5PblARyr1dpVKpVP8N9RjS1vUf/OAHU03lvve974GbmizUN77xjVTFueMd78gv73e/+/XfReB1kdJHnvGMZ5hrq3PPPfe5z33uox71qFRYSi9vRPr2t7996aWXXv/61+8n5lxxxRW7du1KzZgjTtKvRl/96ldHo1HfFkWlUqlUKtVPgt7ylrewT9uTn/xkTuI7EF1wwQX/9V//9ZSnPGVu/crKys/93M99/vOfP+aYY+50pzs9+tGP3s7pJP2VOf0m84EPfOBzn/tc+h3jVa961XA4ND+Abne7233yk5/kL6ipVCqVSqVSqVQq1YErB4AwOyFuJSavEpSCvDk81gixlkhfR/dsrcAFQEn/AE7VgWzawN4IhZrI1Efvy/TFp8RwkIKZBU1MTvuw/Qbb/jJ7c1D1MlIbgFMg6DxsPhE+B2ZSuKQf2alBMBHqBocQAp8JfiGfNfB+VNcr1XBlUK/4eqmqMJ8GXOWMk6ZAsWixGbGQRAizQJDhCis5FkRmpCM66lIMnDAE9GSkpfRI3ien89iMI6SPeD9oQzsOzd7x5u711av27t4cT1rcyjFaQgE7qd3p/8pxIhDZuzgM3am5iMy4Rt81Zs5UZsvMkWGyppjU2EIwWOAwmUyFsCRGRyJ1qCVgtoys7ZfDjV3YBpgFYkKBlWj0iXcwcqhYAnwCH70lpCFQJpER75ZCL5Vz704/jzM+MSJTTor+CES0AAM32ZDHVnaGOpI8kPlOBFMOK9cTFKcT3mf2XJG3YnY3AWlUvmoxJYcuQmaKMKkkMlYiHi2pzF/xdAdjCjCSA6ysNIdnrc2Hy4/SC3mEoJdtUhpsexs4YZF4puKIesad8qbYaWSaQVAQ8wvYlWhBEzntKCIc1ITQRoGJCgLjpKOv/Pau3RfvueEtjzriuMPTAYwqK83yb3x/45uXrIVY7rNOblSm8yYyZlFMzZZLHmiUaNij+PrEYMhlKU6aOJnEpnEQbAjpNpou6xqINUkLBiqHE2+QbpoW0IvMJPoAABAASURBVBgrot2No4Gs2EIL084KrxcFSzTF24SvdhBKC3oOTOp0olKpVKprru9973v/83/+zwc/+MEFOjnhhBP6oTnnnXfe7t27t34wlXB+67d+a+v6zc3Nf/7nfzb7E39TeSHR8tjHPvaRj3xkeZnKRW9+85vLywc96EG3v/3tR6PRF7/4xSuvvPLEE09MK9OvSOlX+1TW6rdcpVKpVCrVj18bGxsvfelLP/CBD6TlRz3qUY9//OMP8INt21566aXpn8aud73rbX33L/7iL/b9U/6SSy55//vfn457+umnpwY84QlPOPfcc5///Oe/+MUvHgwG5sCU/uGlaZpzzjknLbNLSmrPD4itqFQqlUqlUqlUqp95gYTOdIEekI0OunIyRspg6VIcMngrWgjlK/BsVZHTWGSP/eOwrDArWAud26xvj8JvzDbVFG6l9ynH/EdXQRVnDf5SvmU/EsiGEUwpIOFhETdx7AQBUBgAR+8u+Wq5Giz7aslUQ+MqspDwHvuBy6BMxDjHX7unncfZ9mY2YYvNhSm5PPhVfyy1eiy3QsnfQQ4o9piEudNnsw3MJEl/yW2JOFlbvXpjdXMybcjjxCOPInk6abGuh4y2MMLgfcVpG6WKb66hZvvf9F1DJHZGTp8TaJD+IC5J3E2inH53SnaB48J20IuBXgPKVAOTQ5mYMYlA0Ekg54zA7YucteQETOkflDkVXiRuyrBRSi52ywliLlM+LZvngGW3EWKc0nsVhLnO6lEaM64t+UEXjeuMgwQ1Mh2BRVlQzHeh34lgJw5tIejw+ZLyYhYjUBXF7qSJGyuJ4JHEHNONuRzB9ppXOJj+Fr3T6brNZY8Wk2EBW8bTZvebnl0KWdwgXxLBBDSeQTIohob6N2KEjljIZEiJdugozoo5qrTgPJti2HTRXPmfu/ZetLrzBjtXjlxePnQZk7J+VtUGuGzP5JK944uvRPAsW4fkC7VQO1uGUxZmZ2Z5Va5lBoTSFYDYVhtikx6tadoqYKSOj7FKN9PWVAYG1tbECvloa+JOqnTTAaA7Hd1yLA0kBOG9hBuzwvFBv0Ug0F0mTsyc9Y5KpVKpVAem8Xh80kkn7dmz57a3vW1Z+bKXvWzHji6w7xnPeMYnPvGJrZ9dWlpik5I5XXnllQcCnTDIsrCqtG/96q/+Ki+8973vTc8PfvCDP/ShD73pTW/667/+64c+9KFGpVKpVCrVdafPfvazp5122sUXX5yWH/e4xz396U/fus1oNErPF1100XHHHddff/bZZ6ffTI4//viFjMg+iJN//dd/fd/73vf5z3+eX55//vk3uclNXvGKV6QGnHXWWY9//ONf/OIXH3vsseYA9LCHPSw1Hv+1zpjtEnzW1taMSqVSqVQqlUqlUh24uIJne2VnLvw5WywcuFLYg1AgV/iJIYi8C47UEZphm4Pl8qdE6oDUpgFMgVykTmq27keq0KbX4G4DLLNCwWF6NdReDZOr7VjiZtDEk7WJZ1qGwn6wuA2xSmXTaJeM3eGqlapecYMlV9WWbUhKeTRbB/A+bbGIoWdmXmyvs0q7O7gAuLOosw3lo4gPCvfMvK1HPheOd0l/NdyAdvf62tVrq7s31jamk8COKRaJk7oaVIOaR67yNf+llUALKUYXBsUcsMoHu9e9j7OpiMPGxwKh8ErGTXjZEPZh82yCfJLbz5ltGwOlPi52Kugd04YQ88uY4YVMCZWen+1VECAp79qwDwQZmXC0R4FbpJXs1GC6KYWuDTzDqhnbDWJTFhT2jRjm4ICUFJGZbcBlZsAIJEUvMp7CF4o3VmYtX6ogEJGVLB5ZqPqhPF0nlHmb+SYrazIxUvq6UEScw0TuGTiQZbe43kHhG3DJSR9l3oesZhAEQkcTaEFeIH8Sg8G1LTnlyL3AecfOPx4jvcicx8v84wXezLRm7eKN9e9tGrdrdPBwdOhStVRVQ18NnB9VrvrviaE0ATam7fokbE7D2ri9crW5anWKwUZkbuRcdg2SR3cTz0FWqPlLDuQWGSF2qzAKia+FGNoG0l0nNtC0cdqYNlZpyGKs2ra2sQJTW6jS3dPYQWoEWWThHdYBpergPPTodcKNAiiGOk78iUyGouTuMRPRBl1OWlTqRKVSqVTXQPxjJVVN1tfXTz311Hvc4x7mx6sLL7zQXCvohPX2t7/9Qx/60JFHHnmXu9zljDPOuOCCC57whCe88pWvPHADf5VKpVKpVD9Efe1rXzv99NO/8IUvpOVDDjnk5JNP/uVf/uWFW971rnf95je/+aIXveiTn/zk0tISr0w/yj/72c+aLTF/+9A//dM/8Ve40rHS8+GHH/6ABzzgQQ96ELMsRx999Gte85pnP/vZ6ViPecxjXvCCFxzInu9zn/t8+MMfTntIG9/oRjfileeee+4VV1wxHA5Ho9GVV1750Y9+NK38hV/4BaNSqVQqlUqlUqlU+1YXsMF1SAvZCSE7CThEFKjw67BMGJksEVsPk0vXLseASB0zZiDE5do4l8F7vEVmSpgGiJJRwowG7KfJvADRcmpEOREKWOHmOwuFR5GaP7Y7kMcJmimkT3qIHuh7+NhQ4HASE6CyUBsztGbZ1TvrYXos22qIG0Iu5YIrtEVquQPDniq2OHCYmSK/lMdn0AqBS2g5FYn5749cJ+aiu8sdnckVIVNSDTidRgCYBtizuX7l6urejbVJ28Z00hRf4auk2qGdCTqeYKnZ4TJQSZqcB/joHgQgsGTqEeZq0LZEcOSWZ1jElg16BifAcAZbhvDpGEE5Un+n9gWaKrRPSUYi5GZ2fGfbsHgmcNIHL6cmRSP2GJzMghgDmp0IbhIRzOCEljJiPZqC1sYy5yLISsZUiDixsq6gUpRQlGmjcpo0g9AKonLG9mmhDjwq/WaYZSF8BPJVYikkqtTW6UKUqBpa9myoAmJ5wlOe02ZcRHsWSzNG3sLhiDbOwGRySWaqhi4+6AazQ1x4J7Z4oiC7Qxc8FH6hu9olCgunnuUGGroFZKwFrymMzsEAnbZt0n9sQGNttr4JRAgVnxk8TUqE8gTTcFCUqypGT4idcLZ/IRFAhsec7o7TPesG+wPyLLHs0BFyKhWngKXDB7o2A6WE4Ryi6RnIqaelNKOWHGMiXXI0kyKevrfgKWKrwogqm5pVVbiALki2TGvad14AJ8QbZSplBw++03Z4Bz1FmSQSUoU9ROSWNBCb0YY8sU2+o/BcIA+fPDg0n8oNt3fZ2nI/sf1LipsTIQNQMMO3paNGJIam6UI2bYPPTfAx+hCqCHV6WDOweCetrK+tY8cZLxY+NHWt+PGUa1AaWOYmHRPy0SGzL2QBBZ3NCf0cyZyjSqVSqX5WtDCb5gD1kY98hBee//zn//qv/3r/rVSbWV5eLi+3+zpvWv/Upz7V7LNVzHd///vfn9tmY2Pj05/+dFq41a1utXUPZ599dirtlJdf/OIX5zZ417ve9bKXvayu6xe+8IXpV6NUSTrooINOPfXU3/u933v1q19961vf2qhUKpVKpfrx6rzzzvvCF76Q/gL+G7/xG095ylOOOOKI7ba8//3vf+aZZ37ve99797vfPffWscceuzC8b6HYmC195B6k293udum3gv4Gxx9//Fvf+tZTTjnlrLPO6hulpN8cHvawhy0MzXkaaW7lOeec87d/+7f9Nens7nCHOxiVSqVSqVQqlUql2pdKHbqr+2X4xFJsDDpmMCXgHFMWJfZClIvPpg8iZA+HmbJ89tUw1rqeVUYGXmRlVwYtRcbFTTdmzmaDPmOlKt4pdvtKpeNI39uHYIHdH/DhqUTt2LghRlxv3ajyy75equrlajBM5W7CAbgaS6dnZpZ7TeGYCIqhyGVmA31uQ/oiF4Bd5k5KLJHJVESx3YjFBgYr4Fwlh2mIa5Px1Wtrq+ONMRInSJtQboWvq9q7OledfQcImH6PzYVUzOMm3OZ+y/ua6eKYq+G4QGMAxV4EX6P1CDMoNndWGbHO4WaBOqSh97L/WRAMKmZxXAv7rMT8QaQx2JUGMvKUd0HJTASXIDgU81iI8QmzJaZ41zimCFxvABHFimLkEYhJQBhhFjrhQ9litEJTLTIyklErZ02Jh6LnyOQLRy4xGlIZLuGzMw/NSL7COOmHQ3wQWoi028ifsmAz5AUC2Yh/hBXmRxwmSgM7FM2WCxAE3WK0gYO27Ja6P9g8MBxIRP+3aUQgtGmO0vg0CC/Q2KBNSszzHH1NMkZDrBQiJzWyYE5Yp/TvJtldZsZyB5mcWMgaK0xJ5MPjLAgUr4RQCE36SB3DvE20NPQETCH84gwjXWk9L6f7QepNwuKIXnIEmjg0D3K1T5ea9RUhMJQ/Zm3fE6bXL525TP/Ox75G+bKHPMczGJOJE2I+5BpL/7P5bd6vpbQvvuu6ns0UIR6m313G9McMMs8GpsRT0T0u8mVP7A2OGLRtaBoTW+rHkEbSta0PMU2wCqGTWIeIeTrG0MPWNnWMZdaOjinEibcCSMls4htaYXDkT+63fPsEBtbo5phbSheKiUahE5VKpfrvr+9+97vpp176BWBtbe3973+/obKHueZq0g8yY575zGf+5m/+5txbv//7v38ge0i/xvA3kvchZko++MEP7tmzh730Df2W/NWvfvWKK664/vWvf9Ob3nTrpz5HWrjDL33pSy9/+cvTx9OPzBe96EV3vOMdef2DH/zgVHn6oz/6o5NOOun1r3/9zW52M6NSqVQqlerHqIc85CHph/sDHvCAG9/4xvveMv2Yfu9735t+mnMKDyv9bnPUUUfd/OY3n4vROfbYYw8++OCF/0B2z3ve8z3veU/xI1mo9OvBy172srPOOquflTMg9Tc77rjjptOpc27hTu5zn/usrq6WlyeccMI97nGPOcBFpVKpVCqVSqVSqeZE3hzAX4p3ZA1AJXAXAI03xOOE6qkgRVSs5EpYSraRoHKw7/2diIueUvrkIJdUL02VWvbUyPYIpfSa67CzxEle2eMMttQYuUI9W9yVAjnvEBsp5d5UpCSngLQitiYGhzyB8wZNPxzWniNaF5CvxMDZ5WG9XA1XBsPlqh6mvwTSlp7L8pyWwoYdQgswZSOAQi6aEn5RqIc+q8GoQQ/+mPEfMH2LFIEDorhkYLJFakNrzKRtNsYbu9dW947X29R+9IDwvEvvU2m+Zt+JtMylcDKI8GCKnYXN0Ekp3INdZHNie8lHW/9OCltkybSGgjjIj4HK4UyBlBozV7p5jbVz7MtMA+b+qj1Hq7D9gwmGOBPMaWG/k2yCIslNeUrkAA/blfcLWWHI6gIE7sgURK6LW2FlsCfTUbgf0rzuRk8K93LgqlfwzzQE0S1S9Ke9+dw2mklAf4OPhIyQLYsAKNFl8oVDcxgroMgSC3LxWiQSbOQh5fq8Y/qF5isTMEEay1ezyRvztWuztQQgVkNdwEOToRuQsbfcLS4dvgw/jgIOOzkgRRoK9CDCyBxigJrptB3YAAAQAElEQVT0Zwtd0FGZ42JtAmL6ktpSY56O92jOg8E6Nf77S2SbE+wWhx0TsscFewvxQuzmBZNZxJpw0xEicQRrdBY5dEU5Ng/JzwiaTF3aGLsyP1NWkqcbpUM7Ew74IZcg59NVN6ioo5zJdjgC8VgrpiaGR6CHlJQXNEEL7iHnBPns+A6SzoV8e6BkU3Wsn8k3U8eRWuWKJW7H5Nkpl/qCf7YqSBdAR77JHI2WkJPYNLGZhukErU1iulEGG6FKt8vYVtHULUfq2AqgNlBbNFSq8ScGNkfmLfJ9eHTPqT98VUB0PMeKYZHpLF9kJIuHkpg9WQZhqF0ACp2oVCrVz4Be9apXfexjH+uv+ZVf+RVzzXX/+99/c3Pzt3/7t7e+lYpG/UrMxz/+8UsuuWTrZqmK84Y3vGHr+quvvvoP//APeflWt7rVbW5zmy9/+cuf+MQn5jbbuXPnC1/4QrNIj3vc41LzysszzjgjlabSwqWXXvrkJz+5bdtUrHrmM595l7vcpf+p+973vs95znP+/M///JRTTvmHf/gHo1KpVCqV6seo9HfZ9GP6wLc/gbTfzV7zmtds99YKyRyA+sTJQv393//9Pt497rjjnvGMZxiVSqVSqVQqlUqluiaigrMsplItlnpdjWwCFpY51iLH1+Raba4ac/Ub+hYYAJ2bApkYOCMlcawiyxf78wbyXPI7SujCLHchX5SHGYeAfrGRmIa+KUjxbRCXCyqsk5kCkMdJjFg2hYhVe6rmo6sCl+BTdTuVU50f1YPl4WjF10t1tVzXAzyTiEgHUGyGcCNY2/bkMeDI+UHSWHrcST4d6IgTm+manqSCDL0aa/7qf4xdHZuCL9BKIzjbxLA63ty9trq6sT4OqRgMBpN0MKMEbRgcp344jtRxVKlnnwGBHFw1W/2Pc7hPb4bY/rPdCgZZG0s1PJeJU5W8DQ0bW+RR5OyYGYiEKtNspsIVdmGUSoBL9omRVpp+GbonNNEI6KMRYpPb2TfgKf0cuRd42khPy2gSJ2W90Erd2NC7rpu0GaPik3VUAw/U0OiJPOILpXLFp0ewITZU4QsCVzk+f3rF23iQiCYOeXJl8sjHsV/IdSjKmpi7idAqW8xgoPiU9MCEvikJGJdZL18YFKLLMl4k2xUwymZYokziEskT6eiRWJPsNUNoGvlzEAgUKCcGTO8q5udMpmEfo1sIWptghk6FE5fNRJCToquOx7Qf5sQuJtLHuMxXiWULDNeSQRCNh8kcR8yjAZyn06Zuc6all8HiY2rRBSlStg7F6NCUSf3uiTjBwJ/KUEiVpMVkjMd2tx7p5Eyc0BlmfEy6FyzEHE6WpzbDMyD+SMVSCnu2PPfuv8JAERnlyqQtkBTkY2e4yBkxB+k60GQ/HzamoQZHulLocGnoWiRO4jQ9GtM0Fu+egIhJaCsw6TEAU4Ot04w31E9sG2WwwyxhVuTjBDyrnTidYNuIbTJyTQDYbW5AZbLQ+PKNkjO0FjE0KpVKpfqp1fWud73jjz+efeP7euADHzgej3n5qKOOOvHEE29zm9vsd29LS0tpb0cffXRZMxwOtxInt7rVrQ4++OBnPvOZafuycjQaffWrX+0H7iT90i/90nQ6XWgosnfv3l/+5V/mMlJVVW9605u+/e1vp5X9bQ499NAb3/jGW9nttDKd4J3udKf+nu9617umX2qPOOKIdL5Pe9rTdu7c+aAHPWjhd5Ef+tCHbmxs7LewpFKpVCqVSqVSqVQqlUqlUqlUP1KVMrUUL9lPQOAC131JHkt8MX8B35jZWBb5kn8udPe4BHZ0kOqnbFvq2UZyHXj9glZtgTO2OwkxjsgfzgkN/CCDDcOBGhHryVHSHir8+n104Kz4JUAqnqZzHji3PKiXvB9V1dBVA6wxF+RCjiEnaYUmoV5jdIPsVAQUMbnMbnp9ZaS6C7ljur6a2zKzEbYjL1LxfgrQtnF9Otm9vrZ7c22zmYRUZXcdEeDYjAGhkwrH09fE1XQuJt1pZP+S7YxGtulumPtItmOx4saQasItZqgEMmjgDurDJrZjcGaaUZpmZ9CUzJfkhXJ0JhxaZBxMzE4qpWS/pUsxGkXgEe6pUrw3ZPaB8sW2RGZtZjByRJNllxop0pNREO8kMhvFcSCpNH/rE/+MD8acBYU52bwmku0J4gZe3sQ5yo4mjnJfnBXKxDB9kruEPVEymNLvJsizRSaM6/xzJL4l9oa+gCyyivouzRY+YZd5n2zQQT2b98jmNUxMIM8RQ5uGIbSBPU6EQEoLrQF0nskXhBAnvMC0Fzp0iJsSMVFkIkLElKfpgEY9QP5Lmdmwsn9qRshTIlL/xjzOICE7gDMD5MaVSTSJUALyMmnJ0CM425JRDKInHokTtOZA5iVdRB5nB5uaYNKYyzFjROy5fJX25hvIOitLkKkxmJvT8qchvqQ0PLatTOLsDRPJMahgYja77lDkGZageOBsdiKie6vjVpHzSPazgtgjTnoLII2knaBBDNJCTYOD2TTpfgPpuWlcG1xsfYSBsTU9V8YMQlrAaUzOSrgXtqXxhOHxbOTuNMijMHQiHCOyKBQB5XLPMFPjvQcJRxI/E/atYb6HHY34en35B16fPnX0Da5NzoJKpVL97Gh1bSM979yxbFQqlUqlUqlUKpVKpVKpVCqVSqX64en7l1yZnm9+n6caKgJW3nMV2leOTQ+KbYnJX3wvNXrokA78tKMoDF42YiRhizuHKykjsopcN2yfK3A9gIUO18dNijuHtGQrn8IuJg6yTwQ3mJwz2F4BMO8ltMjFAOIZFdkMVAG/sV+nUybfh1Q/rQNU1q+MhgeNlncMhyt1fdBgaaUeDt1g4DwFfVgjkRfoccIuB46YCs8MBJokGIncka/xS8k+sxfUIKqOU129nOVivib1ejlzJE4waMOuTcd7Ntd3r6+vjjdSYdgBRp3Ug9pVNeAAVFVqbHq4GgkUdEDBenKqS9vOtsQVb5J9N2BuPVW3Z5gVk+EPrhc3TdOGBmONYisAA5fpBepwOZjGullzl25KUCRON8A225mUcJZZIYRQgjbY0sbArGEH7UecFmR2dgiOYYyEp5mktZSwEQAo3yyF7FLBfhPdsIgLEDcScZvUospLvpThlBzGOJzgF8hQED5iPQU2oS8QcGgNQhgcb1OyUnB2Z7shomKE3jCm5DlFy0Y7VjxyMgBA5ybki/GmfymS3wlzHzmCiNx68ixB9IKPj+9HMv5gUwz02wFoyYWHR74JoUXKBAkghkMiJtmEHH2Fe0xDnz5JJ2VrtDTx+YpA+xbnTc6DET8MwyYZfFZROCO6eCxTI5EsTYAyc9BuBrcQnxlMCMN55NLljhel4ELYYrYwSVsGYmoai60MaTNH/BnNUfRlItAEW+YJPeGkMVPubTxVMgcEYtjBnj352thyRRUwDn1VIMMqwknRczQSnkOoTKS7WGZNTL4a8SKU264tmFa5xroWlo/wf7MQFvNZ0GXUyBzGMcQopLadTvBu02J0lY+tC7GyZkBuOLUxA2OH6e4JtraAwTo5M4tIIsQXjbivRJdxMkfHYv+s4jzTAXqmt9RDbCBf0GkPgchHHFCMf7Pb5U+rVCqVSqVSqVQqlUqlUqlUKpVKpVKpVKofm4CKwFgEdxVWhLGaSRVvLBjCzJfhjdgl8FfZoedOkR+O3+QgECofSik8f9NeiIe5wmiu3crOZ4mD7tkYKWv2V+UWYe2f8RIQjkGCKYwUcYPlLAuqmRtDJymOKJEyTuicoxnUdrkeDKpqYO3Q18OqrrDmbOqqoq/fs+uC9cLTYL3ZSpstG0OABLRYM4tT2C7pBIxZVJLuKeZNC5SB5xCgiTBtp6sb63s21jYmkza1ofbpDMjbxPuK6R9X+br2qVJOvgyeOAXEEmbyKA6EOCmNh74xQ6YxysrI3gPEhGDGTQjFnIWO78vQd/QJJ4yg0UE3l4qFSa9tkM01aBTJOoUPZ3LdnIw0CqDhpEbNXh6u9KUjLsP1myHLxYBDyu9u7rjSP92cJ+cG4QQiMMogrQ4g4TKxqkv8DMizJWMHJyFMskxBVjT9iD5wdK1InZ4TZXgBhMchckWAGLEhyRwW9V/utShuPCV2pVyK3QQQGIrDayB77+QNHFpe0IQ2aCSTJwAONIXltFEok4BOJwQDGNNCa4QxyFc791iGrjC/i6ZqEobVSF9bpmpi7E/KbA3TzTRUOjPifAxSI8YjbkJ3GmRLCGaIeBdINzPPaBAyKmy3gj5H2JGR3E1aok9a6sfo2IWDo6lqX3uH1JAjRMI476S/QIxtsiuPFVuZ7IOTEYood5i8CvJkLV1vTHdhG6FMQAZYWBBaGfku1r8+BeHoelfaYnlq926X+UaU/ytIB6+nLQiJwiOTg0wbyKFmatDjZIrESQwuoPlLZWBobI13Q/Q4QYMTTB+SSB3ihKC0gg4US0QU5+yU+z7dRWkgTXaF6TMxVuyDwJT7N97OLcF6gS59duXKbJJKpVKpVCqVSqVSqVQqlUqlUqlUKpVKpbrOJKXgbD7R/6Y5L/Q3hm6DEtwha3pEBTsr8LveZI8G231CFjoLhNIYOXa30i6gMzoLiryih8ZIBhADAa0R7wCqYSKVglkb6GYAfDZEGmBpmEI+YhxW9c7haMdgsFxXy9VgpR6MfOXBdnYSVFb1EnYCHW4DNlsp5GquWLLYnqFGPj2GFowxBUuw83yNszNl6UgnMzVhM0x3b6zt2Vhf2xw3qT3epzJ+NfDsxIBFdGcrMmfgxKRStpedQ+5RrOFyxI+ExJjCwsx2d4EHepSJOJRIRVzyPxg64e6WYvLs9JAMp24lExRMYMAsBWNmOAMCGmbE75bORWsQM5MfZHPXcUqUzRSJVMXZkMGxyUdvHvE8wQp5wX5ittoRtsPypznhhQe6EDnGBGIw0mJVxzKJpTX4OR52dhGi1BucTFHgD8vcFgFQuZPYEYPMSvisbBQsCzi+pe97kg+IJiV03ly7Jw7AOxdi6SMGgnhs5Dzy6Xkj5jK4URsDpq3QWYHEruCTMTlVJz2TyQj6iqD3Bu5Q9gw0EfHaogaQxYWn6JwKUSSXnvHcU187DhcS0ifm8SAQAxwjHTRkzPcERmHAtIybiNuHEVgDpxbINnh6Nng+gQjeBZoKwWGkDuEmTJZYjM9BVMsbbJdziMQ46CxLJFOpTFJrMhlhepNI/vQ202fl+jGzM5z9ggjUkYuJQTme7hysY4S8gJ6lh1xDBTSiaeFygJaYwxgzQxfJRDKS1mQK2GWh81Vp29C0YdqmBVwdW4thOqnnYp32HOIQTG1ijYCbHRpYcqaKhlyxCL4DcrKh2CXLHd/dScgjR64hRIW4n8iLh5thui6K/CQXIuMmCJU5inPCS6girI5gNueNSqVSqVQqlUqlUqlUKpVKpVKpVCqVSqW6TlWiT4y4RNjMPUSOqeAXHJPC5IHUDnPdm6kV2R1X91ORMVUDQYgW4/CVPAAAEABJREFUM1MA7dVnc5xGVwWnV85ubWa/rA79CAY5qsmlVIrUwQfWMwManOBpYEAEfg8/RBvTgqtsJk4snTUmz8Ta+eGgXh4Ml6p6RzVKC8vVoELXEO/RkiLY6CgyhQrkkk/CzhQ2m39w/zBAEPPJFtbBMKZBb/VOkrkAmztP6AcjUEMk/wkL0xjW2+me8fqVa6ub00mDlWhPfgyY/SGuEcjHuLoeYqQOtpPBBvabKZiDFIBd7tP5pvSMZmyvHJy7nJEdcjehCnGbxEACwiB5hqADQlUQEyIODHsT9DAcIOZE+ijm+QQUihQlTie94djgxBQKx/T8cizHF4mfQtfhuclMuzjEFaAzYZB2cEsLO5BnP5W784EKlWHk87YAJ2TggCgSdmZgBIeCU1I3VFWZvNk0JS8wCoQt84J9uM5upeN+oAyQNR1lItwA95x0GbfV5fMGxxeR4FtdTBYW6QWfgnz6jJ6ALWFAGLyEtf7IISvY9bjcYOoKWpsgvBFicZ4JmVAj8CB4Ytg8NgHREpvHPK2sGG8DZo+ckDN4YJ8zkTAuh4bdxkxzGMIUyklGvsEQl4CbWb7W06d4oDAGiKkHGkO81AJn1aCviY8YpgMBL3nks0yVLpfKenIEIsqErYGs66ZH5x5jurtXn4/q37/sDP0D3Wqz4K7WQ0xAwsAi38RidjoBmPcjyl4iPKvJgsWR9RJd5nyxRSGGFguv/WysQlOWrWqmbWya0LSpvzz2aayIiEp3wBrAgx2AqSmZzEeo00orLBF7xCBhxNCJKycOTq43Yapk6pK70Ww3cMKUTFZxlEn9HsVYBsPQjCcrHudrDDuiofJ2Ua+qVCqVSqVSqVQqlUqlUqlUKpVKpVKpVKofp6qq6hMhEsNgzIybSE74yDXGmE0myCeihxFwedzZnDeTyQB5L1dnS+G/d9jOQWW2WGpn6rXAWEJJseBIkLwLBk/4C/xYusbyMpVzUyGakQDymEDnAP5wwFK1k3po7evlwWBpOBgNhkvD4aiqPZaffYVuIuSEQKVoI3QOlVw7UESMD3qnLAVgY7acj3FdPbrnm2AK45O9HgyWzlPF17XRbDbN7o213eur6+ONJrXbUa2cOCGOsPG5ql/XWBCOYp/RIzyEM7HdEWcFi1bP2IeIGUFk3oAJgTaGpmnYLYG2cpD9LLrT7zxOekOZO6LsP+/EcFIP5X1AJNohN0D+nGlhaaTtkCSfQSiXT9mZPnMitiFl6DgdKb8PVJfv+VeQvJWSf+CDUsGer5eWInZw88hz1FSD2Y4GyKwJXiAZPwHOJbG9XpHIEEGVImfPUGxM5mJsv9eMvHDSAz3KpPRX7iU2IGFCBJkAcnuhTaPhmCminVpDcAmOMIYlUfenwcDkFXY9MWzPgSdPA477ZW8dfIkgBzpRIK7FfhTcfcxx5IvDsQNLOmRLxAXCImRTFBh5Ye8P4gxAgArL0V8RAkW0MHqCVzTbnzBvhr4m7PRiXCDEJGZsJWKakRXcJANbfoAXEmZQOekvZz03seOOulnbUSdboQ679ZLKjkeQZ5rtPiq5X6mv6ZoS6MSYQpvEMozyLPcOprcMwzvkNCIL1paRh61tzHdzw0ekzKHQNm1sm4jJXQ000YboMfIpdUHqVlyuICJuAibNZ6ZPKpOG2FSGPGxMPjiZxUDqe2vzvSYKSsWRVwJLcTfM9Br/eGFKkAZRrF4CTQmaApbTtBBkwgnlBFvZFqxRqVQqlUqlUqlUKpVKpVKpVCqVSqVSqVQ/JqUKnqRSUJETON2gy6vBZ5thBctxHVLMdkxVGCNvmlzY5mCPvMKYWfaiX3nuVvaa1Nk8GJMDaKDspXz3v3An8q1+JgCwWt5y/RlCK9k6VDPnz7BVB9sipIq+ty5tl6rvw+FoeTAaVINBVQ3relgPhr7G7/k7iWDx1vRrnLaUn2G+/Mz+EgXSySs7X5Z8RrZ/huWzxlLpPFsdNBjkEtabyd7x+t71tY3xODpb+RrNTaqqrmp8RUYNSEWQuAgsgMwMkzNfo7ULyuQlKMYw3BNjFBwk59qgMwIZXoTsfIF+F8QiUb4KloadxH44IUIkWcfkiA9pE/SylCTcxgB77OBO24DMSZBhc1lbwkwM1bv7K4wkbwBwgE6euiWOhigE0494AqnVl+wRM4PblEEDrLxzz2CfYDuxsS3xJriKfCd8VcFsiT3zH6WJrthWyPs2z4Z8NKZJZPbDHFySI3uET/IyG2NpqM2cQj4FwVnQ/yNPXT4fzklqJbXI8KC2Qa4nPEc62cA2HMR9kaNJbckrCcOdcA35hBioPOfTEKnF7JHMNUuz2uaTpbAVyARLZHCE0nDY7CYPcsv+QTkMhhJpgHqE1lhCVdjyxCKdECmgKGDQC55si+9jZ0OVGmcRNPHO+AqtTWqPaTEEx3BXmK7/O6uZTh1CtwDaWixyp7EFVSmRWTLPDbEWfPc1TJsxgGIyt8YsW2araFSJGTLW9gEs200uRzeh2L+8s5sIX154W0TcpW3DZBKbJi3bEHyAdNHUYHyMnsapilADDEx6trWxabzT1K/wbig3/8y58NRFEsQKjQhl5s52hnFzzAnzW8IGMXXEUUOBhpuzrejnjWNLF+9oz7DghqZSqVQqlUqlUqlUKpVKpVKpVCqVSqVSqX7sKuBEwRygg07EnQLm6ASbDRbwLa4E8mrGC7LTQr/i2duDdftoycwKK8Xz3kcEgDBiQ2G5Ci1hG1g8Z3eT9EilZjQ6EIyAUADEYYAqmoAgjafabaqo28qPqmpQ+YFPj3rgqrqqUg3dU9iLJbMFphBMj6bhMi59Fb/3JX5jMlDS+VHAfEQGsRDYekF8nO3qpxxfw1RDm+qwzq9Px3s21nevr62Nx5NUL7YInAzqAbIxCJ0ID8PQSYWwg6XcH8wQyWEt0RyYYGZL8sCI0shArIlBG5LAyxm5kA2Ya3BEITiTvS+ku7L7Te9QmaHI0AmtQbgBD4EJLgHE7sLkqZj3NjMf+F3xB3GWzU58D2zKBhZOSB9b7CRkRxlJkaiPwlzJ5l3nCOFkmb3Aon3bhDZygksM6KRhzMBXg8Gg2lpyt+xTkTmjMpvEdcV0x+KZ0fsgdkOHm9CZO9vRG+WTttiaEA4iZ5HXs68P9wA5AUWs8BtCTHgsEfTBEU2rJNmEd0Gf8pifYvDKALKzwb3hWHvL0Ikh7sRQ9InEv5C7i+XUIUJbLFsREWOQBthGyU9hxsZSPpMlfCQPB77j+BKOfO1gnAsBGsXgxEKbrnVHexP6BDsITU2Qj6D4l9SUmvJ0Ks/BNNj2yotZku24sC2jcc3UH/WyQzkXvlUZvmvETPvIrGIMZesOGSgTT5p8GQDnItk8Xegm0rcNMtbO+ovwLUVu8LENGKYzncZpY0LrQvQR83QqSHc9tDZB1yRAxKQ2dmBtbaBOQ49JOoaG20ULZcrJ/b4ENAkSZXuQzfb9CR3MFfG2zVRMmhtoRuMr7wBHn7Oa6JxwQHF86WZvVCqVSqVSqVQqlUqlUqlUKpVKpVKpVCrVdSrOL+A0E44s6H3X31r2T7BdeZzq2E5sPnJghuVyvnz33c/aWYisk4LxbA2y7x0yLypO29JQxhSAGQgJGwF+CykTLJ63+IAmnZDFhZbK7Fj/TCXKVJCmqi1mPpDHRCpIY+aON25gPdaijR1W1dBXg6qqkEfBr9RXYt1hLWXyZNgBeg4luRlmK0xjZ8+xO0WunvLHbQ9KKXBOGoxgEJnZaCdXr6/uXl1dH4/HoU3vI1dS1/jAoAl0JKjEUIQSdpBNcPMWALB1QBbVa3uNLYXyYnPCTEJZzo4ouT5PlXEiTjy5kTj6w5mOR5Edmgx5WHGsYa6AKQI01yAbFRxUBAW8lyQN6meuu3ubfR3EcsFQXo3l2WnzueUXImdcBEmKijYDFQA97xxqW6ausrOEIa5BGlv6k6kNsnsJEV01EMtJLRhWfmk4GKJjTr9f5aoq3hklbkX8SNjEJ48A9D5jehhJPqtupx2Jk91pLHW360YxczOZwpFII+ay2rbBbJXY4v8CE9ETzW/nefY7NprgGwAxZvxM4y00BLoGYZKOKYE7hogTx2Y5nJRkcAzY2cMQX4L5OEIjAcfaCHECIKBXlEERIgNMNl4yGJfDvBle69Y2lhw88OOOEmLQ1MTVnq4Ii9RC7VNDEJLx+f7FgUPcfRFm+J39acFlvc2GvSulo/s4TIiMgzJ4wnZMM/vO5iau3Go78KRPcRXfG3npgE1NuisUb3aWcozo5p2GeNJA07iQ7pVQpe6OUMdYm1iBHaYbCTNSgKxJhk7oagvAKVGOeTy+5wPf+0HCmgR3IV7PWNO71tg+qU91yalzvlK2OUrTkfG1Kt2ZgaLC0E8n3RQj3rctEoPTJk4VOlGpVCqVSqVSqVQqlUqlUqlUKpVKpVKprmtxYkqUL9hHrrnnMjiHGORiJ8MlWOXj0j/TJrLkuOrZOVtskS2F70JrdLXyBZvTW8IB0DLbbFgxBAArfhVY+8ckHbY5SXVI4k4s1TDR7kBKn3hiaL4h6ALWt1N5Oz0vVfXKYLjkq1FVL1eDJQrWwWJ1KnNaLqun2ivZCoDJ/gExN7LH1wCYftqFnIScdS9Vo3+W0C/BcjqLJYeMlorEDZg9m+t71tfXx5vTFkvSqRm1r1LzME4GMEAE83QMSPHfZFsaTtIg2iO3pDsw5FQZyv2wM83NxiGFNeGaMFp6NE165rQdHgv+ENfthTRwQpxUjJ44J6NmC8vR9QbTJtlep1+PJycbkrc9KxRiCnil6QKM2FXDCPPC0EU2aJFulXp3cZQB2/fxyIeO7KCTQ0+4CzgaiOkn3hHxJoHyQGjETCCYJM00Uzs7qOpRmkJVmkJlnoNE49hyAbBJkOmBLzIAUSKIrO2gkwygyNhkM4yCm5TR4vwUeo5kaWJ71X6QEn/AprdNO22m07aRqyc0jPnYkp7D/WloPIkeIeiEe8Ol+Vc5QjbY0wSb43utYhKBeiXyAxhSolgXehkFQQAZYOqiINgap8vI7ODRMtJ3GKYTmXtD0Kg1scFALUCHI0cpLWm1N+kStpSeQ2316SoxTEVhOIyFXgdCZ+tUvGkOAGXoWJX9vtO38sD4pYxZhMydRDH3yDdaGgK+k0bJLOL2OYb75u+ussbCbPtxzwJ6UQYWIzwx3UfSkaetaVskTkJwEKsQfIxDMCNHMzeEmqg8T/RJTSFVnqAgV1nO0Il8Q+UZKFhYAeZy+M2cbRL3BGUDsetKLJwNuGgs57vRJhh+5KuaI5rSABqKSkoToSXyMB1ytZmuh8aoVCqVSqVSqVQqlUqlUqlUKpVKpVKpVKrrVHHGfIRqysgwdA4MtFJCSEz54r3k6UiBmS0NMt7Amy20/ZhZsLkq3/uGf0/CBLA5RaQv7XPFlkrwXLKlGi7yJUA2J6EBaNKCMxjS4AyHbWAx1jEpI/Vln+rSsYWhq5aqasdgePDS0lZ/F68AABAASURBVM7BKD2W68HA+tr6Cr/JbxiqwYK748iPyCfoeo4IwiOYjuvw1oLZ1tClR51IiZ/3GYWGIIMTA03bTtt2fTrZvbGxPh5Pmjadp8f4nDr9n4roFS6lmrrn1Jgeg7DlxXy/kshZw5EjQkEXGAgxOdCjbVuO0cHQlbwMUhY2psv9sLxMCAKllngOXOHqtCtF8Hz62UNFUlVomCOnjkQQM5LcvwRKOKmq2zL/jCm+NdFZtt8xmS4y+V1upUR9SNpHL3BEjHLQEUeIFiP/ZQYE814wNMZEgaCkB8iLpYU2xsbRaKdt0niM6mrk65H3CJ30+jx2biWwHdAQF74k+ESiZvrXl5A+5b98OQHaTxAvQEMJRtoaOUaHyIOQLp5mSrwJOueAGFAQ/QE01x0nI5HVBFMPZA/iKdCF/iAmzdk+AsGpQ8F0AI+R3CVhTYCpAvIyYXyI7y88fkhQZW5BLgbjyEuDUBJjAxJZprWUp4MHwrsGvsTL2WM2jEceqUI4AjmFdGkYT6gMLliTzTiMcE8y1tx0nmfXzDfjgLaWi4WnFwjhxzYnRMnJbEMIisePr132CCL7JTbwiY7pE7lcmTHqLG0gz2oJ6CHmg+gjsg5qG8SK0JIHH9CCDa1rWxuDi6GK0ccwMGbk7dBClXoUM7usJyuTdCusCNBD+M4SlJjnHP+IANtNVG4M0U5kkdTvo0z6mEwUMVuWWbQY5J5ArjSDyqe7m/e9z+KcCd4FaydtszFp94w31tqpUalUKpVKpVKpVCqVSqVSqVQqlUqlUqlU161g7kWqAfoMQlgO84COE7H8hfvOP4MTMchowhgJxLF2FrOQTfchO2MLgIr9T3MaB3tDiM8J/tlSRRUQ0kgl3dACNDZMKVUnEPKAX8Z35G4i1XGqhtKX9J2HOKrrnfXSIcsrBw+WdwyGK/Vg5OqhqwaYxMGZHIaygoDoE2IfuEDc86CwM2fGSTCZcVh8pqZvsJHPUAq1iM9Ym85ks52Op9P16WRjc2NCgIAf1IPBwKMTQY1mJx69Jjz7cTAjwACQEWbI7KO751ptipeGyRFGWBUna5P0FHL6x0yz+6yJLU44trwsp5n9Dyjvg5c4kcVCJmDINAS6mJ1MG1AzCWBhrwcw+dxwFQXA2DyuyBXxQW2v+G668Sgnir4+GT7hWn+UYA+pbctZWml0aKOsyQgHRJ55kSJGsBieBmXHsF4ajIbWDXxaGFQLZ76F+X4vOTvdVSApPNnzRM6Z43R6lJORlCumd7hPifbIaANHtoTQBkaGQhpQIytbk0EBcTFhzMRS8kwezTSUlZXRdcg8FcgIMpImPckxN9hZRDRFHsiIl1smSHCQIo0rmWTIYFbU4YwgCKMiJjBOzGgIicEMHQvBmtalZ0RbIt2b0F/Ge5uuBfQ1IaOdyoHQYviS+TkogFvxj5EZCp2LjRMAZ0ZbyZJ8Cc9dQVuIFZnNkC135KqimROZQeE5xxBYB1SlfvcC9PXGoix17QdpnsxkMYGivmw5hAxvixid1ITYTtMsMG1MdxckSCCKwUl6xgwdWzsztHZgiTIh0MUJrJdeYvoO/ygQ7xlkj/xMhxhjevd9Md3p+kKoq0wgZc8XztMxnfWMR8ImjSdSdWAlfAdJKOea2DYAYwirzXTvZHPPeHNDoROVSqVSqVQqlUqlUqlUKpVKpVKpVCqV6jpXzjGR5Vz9tsXFxHTuGfiE9VBnOugkf1h8Mkx+a3sbgFIx78q0jDyA2KaYWRuCnENCKRocRhG4ggtY4sbACPyafGwtZus0NgZrAzkbRMf5HTmYw2aLCCyker/s652jpZ2DpZ3VYNnVDJ2gkQgW2xE3odOB7E8BNtfDM8RgS6k5+3Nw1VUONHPSW3xH6CMWJGsGd4MQjTVNDNMYNttmvRmvTybjZpreR4uTikAT52pyNxEfEcoKcRR/0utcu81QF6+RQo0Ix8CkEAM9LMzTaZFWAOkA6DJoeidV6ARX7C9oQQa3HLHUysGU4nhBPfJMIDMMSj/i7TkxBwvchCgw0GPRFSbSzANugsugk+0nNnVTujePGNzAYjpbcqAbB3uXcHvKhcAjyTVxQ3k//U4I6T8kYyJPr8q45bpa9n7Jpap9Wh4sD5c6p5NuIkBmRwzIBZP73+TQlwxjsJ1FvgTtgmkk2ITgFELapE+m86Fxi+kpkiMQYieBjUKIbILsJ0MTyxNWgrgJeuiklxGNavL1n+8Chrw3MmhCUUVyoXKMDid1IS3ENiQUnSOMQizeMZGvGQq64rNoBbZBHiV2nJJYMBGPhLxZuqCJJeMux9wX6x0QKGOIULAeA2AcnY3wU5btikyhjnoWNj1wRzrTlHfmbl4zUJnZlzrGQuY0JUXl15FNR0KUuReFcioBVEamsysAiik34hJDNN+IHg4GNnMsnDQWMUoptGk2pKvZhNa20QbwER8uQgUwwFQkqKwZVK6GtMamlQizpXfJ2YmhE2ROgFJxOl8sWwKV+udfLhy5JG2PIqTZlJ1eLCdTRWG8BDehOcaz0eEWVhxg0o1/asMY4nozWZtOV9OdsW0247SZ9wdSqVQqlUqlUqlUKpVKpVKpVCqVSqVSqVTXgXpfRzcFH+F3JL3BFgrFGts3+MjoxWysC9VAXdl72RdkLEUOB3G+GcD5LlSEhS6KhcAM/oJ8qtu2hAm0qZSOvgox1S+ZOAlshuANPjtuF+IF+J19PiCTFakoXTtfG6Q3hs6PrB0YN7RuCI6CdTDSguN4mMPIraVKOCrKWUhF2YkxTMcS9DpExBEzc2Yh1ED+FNtVgJmGZmM62Wimq+PNzel4czpNjaasCe8dQieVz4AH4R3kGeJ5j2JLA7DFToMHN1tJCJKRU2+shKtwjb9FO4ymH6bDVgO8Z66Pc/SH60kq5uIwEsvpd+0AiTWhmBHTwRuStGE4iYc6VSZXNnjAD1PUCPcu7oYwibxbdLRgQqVvZzLrMlJMIaBnDcEjwvYThnNzeBxsDymK4rWQ28nMRZVdRSprh5Ub1X5lOFqp6uV6OMLnpWE9qLqzl3ZbW0JzunERyoVGQBgPJ4FHJr9lbYdNZO7EMg0ldA9ajIQYsrUJxiEBRiKls2pCm00lQAxxLCcgOUJMrOeYpNStHEpDAVvWOzkiIT15uhJfEgkEgewFQy9p0pGvCXuWSOaKy3FYhfmAbKNE3RPlfsCBO1EytcjChIY9HSIY0zjCTdJLX9kKs3KQu/LYcDRm8XxjosnifAZjJAkm92PGTQqblXvP2jwtMku2H7QEzFaoq29zIhOGOkmueZlC7O/BoBwHhkHZI447jgmDF4bcZ5yRa9MsOmSeQGVFoNlFh4hp0BucAulhWgxWsgiaGA+mBiFOKmPSTTB1Z21ggNMgrYF0L6mBSR4ZeCc3vpxL1LsOZhtj83Vl6J4YrRjxzDSTL7FY7kZ0G8J7GLpLee+87TxRJH4rddQU4u52sprujNPxWttshLaxscUZsjXFTaVSqVQqlUqlUqlUKpVKpVKpVCqVSqVSXTeSyrbp2ZaUxJaMALDTgXUzbgsz5gv5eWvZFrYsLBTkjBUiAdhahL+6H8kpIJXRW3JvQHcTXMaqKCZFkH1AoASOiDVqy8VMohm4qAtc/3apYF27CmN0Kj/01cjXCApUg/Q8rGqyOXEV1fo7RIGjb6gCH6GcSGZi9n1KM6fW+bvksBmCPtBOwKbWT6bT9c3NtQk+pmhXYKrBsPI1ox2pdZX3ZPyB6SHZ6CSbc5gCsoC12xapF6wmUIFr5U1optNpiwYn5Ckidgyd24XNGSDsi+HQXIIilqQO7QAWHIn9Lbjvep4p0MOWpLjOhiliqlEYCSGW2DOlkAFypkhMxOizYYjYq0jAh+AyllKR+oc3RpxdgKN9aDQ4Jsp21XOW2G6YbEbCLaisG1Z2eTjYMRocNFzeMRyt1MORr2pf+1TNLxV312txJjcItMhEVfEKojPvPHJoNdMurvQj70iMQ0ASadKV0YTQECuUAQeYInQia/Jgp3FDbokfafxq4k88mcukD6WVNlI2FWDAFGAUlRAFMcMzHMyTriO6JE1I1yFhBEiBGLIwsQwLCFEV0Yonu7iklpKVS/o4XgBI2BAqZU1gUxOiT4g3AD50WtNUJtQUllNXFq2IvORJISImHBxAj4oA6Bg3K9e+OHC4jo/rrpnefcvOEiRmNibGbnMd2S0vaapbJk6o66UvMnESC27GRjOOriXmTmSa2+LgUy7pDtqDvM8y4/kSw/9DTI/YtLGZQmhtiB7DirDj62gGEV9W6WFtbaEyNs3UNJa1TWsw7SgdDO8xjOOQ6YwTw5FCRpGNTecy4kxhUfgGhDcu6itbbo6WT98WslCufDQ4sRXl6Vi0r6FrOTJ+hGlK1k4jrIVm13h973iyGaZp+jWItDiKPlPoRKVSqVQqlUqlUqlUKpVKpVKpVCqVSqW6jiX1fazHcl4GFfJkpWxhurSHUtmXMm32NclZH/00k/kDzb40XeiJ7aroeQ/kqkEvme2IxJekunR6xpgNCw1m0USqS0cmTtDgxKQqJX0/vgMXOKKEiQFsL9IJqdo+tPXIV8vVYLkerQxHS4PRqKrRTQRzHqQ0bXG/7CnBfhPUGFuKvvO0zfadbDvQIcMnJTyDzAnQnqWNcX0y3phO0vPmpDGVrwb1YDDEQj6p8uTxgGVqn3sea/RGqr39oegrsu+DychE8cvgwjGyA6gYsAmYq5OWnXOzviwohk6quuY0DDLKKKfBcSuLeBexnehkpGCe9hZmupHdKgrYQqYmhqva1FHAw0nbQodzoC9DSawRViPG/jwE8ZyIkNOFckvyI8ML5ItDwI0RTMKiAQQZepA5hWOjkNQ273YicbK0czA4eGk5zaJhGiKs1yOjUaVBktkdYsZqhBWxbG1CUA957zgKSeq6jkKguDc98IHpOnTOsitLAIQ9kL8KoWnQ0SKAjZShw/4h1JXARX1kPNAEBDENnDtpJhFqgnFNgpYBo08RG4YXecxNSUcOZD9Dbi+4kO1J6LLDlS5Q7wOFE4n9D6Me0WY7FFoZI1NSEbNT0oVoc2oVXtCtseka4MMBHQQ8nnC6DEy6Uoc1AxmGcCc0OMlYiViY9GCn7Mlky+B3y7PuShmWmCOlZmYw5AScLZPadlsL0ka4CWfo0Edp+BDgQloutERTWBCQq8BGeNtx5NEiN8OMW/EUZRsaA8XdJ3/QGZnoYKmFhLQ0TWxakwamCTBtbdu6ECsLtXV12kuAOhiCdkzF1iYAPuJkrSl0yjP2JflOwEiUYCIcpiS8SCwoju31HdkYyaUVqdESeBX502QoRGwZRzyliUgkHc5DaAPdo/F22BgzMXFizDiGtel4bzPeNd5oCDjEKUHMEZE5Cp2oVCqVSqVSqVQqlUqlUqlUKpVKpVKpVNexLFYduX4r9bsI4nNClU8qfRqX6/6+fE6MT7i6Td4MkN9YSJ3gt9zL9/TFPMWHAYjdAAAQAElEQVSz/QWbiLChA0D+Dj9QEgVW8Pmr9UAlx6kxTareUl4EuixQI1KZusHqqKNqPsh38uk4clIlxiLtbuD8yPgVVx1UDZdshdYUVe0HtU2V30gFXked4LA9ngNl8P8o8ThszVDyIiQ/JBVYXYdUkG9DAXM43KTXEsFPUn01EO0zgbi2OVmbbOwZjzcm00mTyq+pEFvXaO3gLZelKzJhYSoD68PW0TObJcSOn0hPHmvQlmAGhhQkU4cidYjbAGQqEFwIIdWop02DBXF0GUDYJxV20fvE5AlRPEUw/8L72lclUofdL0pNPyMfSCSULJ70fojFvkD8GNDoAjvMlagcyzyHBBvxOFCMjRhlRFsijJz4UWT8B9ipQ4r+FMXEPEHg+BciISyPGwNNkecJzzk8RaJ4SvOZdOE+JLuXEGuahI4ojjqVyut6x3C4c2m0MhwuV35U1QOwGF0iQ4I1ffbNMGIYZG1xg5CDSIqNnG7Pc8Nk7oGzjzz1FBB5FRhgaNFfhEgGjNJhM5NMNlGj+YhoYoIOJPjaC3SCHifyVgaLQFABuUKZOJHQIZwTyE0YSqoq3BJPdPQVkiQdwziBFQSDukHmpc1zvlAgSDVQTA80Bm0xkF/x0t/IrmBojjcVpedU3tacLeXzTMtQRB9ws/shv8z2aFjfy8TMEyh2m/XSEcVzxPa2IeBGEDPsyYDjFHuWM2XPCDBVA+JpuhOgaB2Xbyx8ixGnkOy9BBk6kwlNkToBGaQJQifIPbXRhZgGIN3ga2MG9KgxWswSRYVEiMOkKEMAivF0s6RMHZOZQygYUdfZQh3iZQPlHkjrxXand48L8gHge6ORm6dhp5L0X7qppVPFkDSD59zST4kwcOM2rGKeznQttBvNZJM8WwLez734Own0t98xV6lUKpVKpVKpVCqVSqVSqVQqlUqlUqlUP2rZ7F1iMwxCjgrIkXhK+xCrE2NdcWIo/hb8Eg7oMLbbELoKO1ERzGSAuAoEdi7hr8s35BmAX9yHOAGYpjXoioAEQ3TILSBaYKm8mQqbns7DsdmJyVyMHAgrvBVFcgysX3L1sh+sDIbL9WBAgR2eLAXEZsPxHpgggNmTlHfMbBma01l69WuushcHhrIAhYCJyGT4iYkb48mejdXVzfWNpm3a1lg/HFQev//P9hclZCZXhpmoAZMZF4AZnxMw5NPRJWBYDroAqdqzFQhAG1oUuZygewbiF5w1w+SEk+3ZloTcMTzVx6F068z45tHtdRbtlnxrulwiCV7pSBF6TjVon2chs0JiuSMeLfyRbjhBKtjSuR2uQQXxSIYcTvJNcsgJnkukyQNsquAyDAEge8tzm2iBVByn9RjmwdE3aHDiD1pZXhotrYxGK4PBUl3V1lbYNjBiYoE7qcjlIc88AmWglOyFqSFyqHctWZjxqYk0j8n5g9xNYpsexJoEHK4YJHNKmJrKMOPjbPEvQZ6APDQ8YRuElQgjxoCNOLrg6EDP0Uh8TQg7Mcgy4EnRNcmdADLXyamEGSA+N45hYUMZ3GOUwbNIOQmH4dJKjNFB0yI7sTGwJUraS402LJiyUntX18Y7W0ngkbVsP2Tz9NpKGxwAdVIEsGhdvjA7y5QCUGx5K3/I5EksHk2ZCyHaKdBH0kC16bIGCCZDWN1NlZiykgVUDitmO8BUFyMmxhTWCpg7MZzUE9sWY5SaBg81aUwI2MsBfERrqtqgxwlxJ1AbGBCihRCSAfR0IjiuzqBJOib57nCTIHuv0KDmi9D2zYZMjyky4shT0JMgXcS+J8JQ8V0R+RH6j0gvivAxmNyED2/WIVy5ubl7vLnRNFNId6hoyaiH0By+SiD/0FKpVCqVSqVSqVQqlUqlUqlUKpVKpVKpVNe1JMvEcV2Rkj2ozu7YacJ2X3Dfgpv8IJK6tMm12mytQN/Yb9l0A2veNv2PHicADT4CBuu4GFNF1jE6EIHb6BwyKExEoImEOGNIMZqSaXztqpH3S1W9PByN6sFoMEzPQ/zCPWEA2SOFnSc6TGC22AyLIjnEWkUyKAqOk8GDXL7uYl+wlgypVDwO7erG+vrGxjiVjVuMm6nrmn1N6IOOOQHLKAGZwUiBHyA7qHRNYecV23vJ0EqEwslEDpoJFKWDzAm2iQmGWIJEJIwox+akPdQk20XfFGzIzvaGGIYwvBLI34Eq2BTglKEcnFuQyQfyJUFcwgjYYXJxulhndH0s6ImU9ku4RwEfyHIhH5HO1pPfRsx1cccGETG64hVBHShQQ+afmL2Iab5BKoO72rlBXQ2relAPDjpo547Rcu2robcDrNEHL82GYktROdN3YwA+Q9OxLcbYzh2IxR8WQx3ESvACQObDkFFG20YeJkMpN1HYjoKKUPgMAy4En1AKk8cME2aWnCn+NGQeE0G6FskIubAdyCQm7sTys4viq8Gfd5F5HFvMkch8x1HHMytGlAF6DzHeg0PsxEgnrXTIiUXr8bmyRJwQjjHwrvKu9jY9Vwgh0TSxJmZ0oaQ3WbsAG9mvZsCx7hIxknkl/V5mG1NNksGTL57s62HJ9wWthOhUiRFBmsmw4wjfyGgvaeCabPtDqJTL4TVG4obw0hAoCyzbRtHhsrNLj3ZhbIpW4MxAEqkNTRubAJiqE30TbMDcnHSLTPPeGxgadOCp0XvHVhBrBDycpyGz6PADfGUyiYIcn41sMASE9clh2XelgCj5J0DuNWwo2yvJ0LOJlc1uKAKpyV3V0t2Y/GACTi2ydZkaaCq3Gdv1ptk92bx6vL4+nUROc/IIHwFOTr6jMgJpzLWZBCqVSqVSqVQqlUqlUqlUKpVKpVKpVCqV6ocpW9xAqDyePTQwecN0gQ8l8KSwFLOCOSZjAZUCVHW1tvt2OtEXwMVNcgEQkw0uXWOCSNs624JpUkkc4jTExsQGjRFMQNAE6QHrxAsA5UGMMTADJVf0i4VEZauBq4a+XqmHOwdLO0fLS/UAU1FqJE4cRQc58UPpneKWymYus3aYRSYwTPZrkTps3j6nlrA3BPIfaIoQTZw0zaRtN8fjvZtr69NpNGxY4a13zEF476nQT5kzRAIRY8AhJ06q4WZB/b1fXecyrYAWRPVgWgwgxtAg5YIuFrSSiRNuPwMfDKCkueAr7+saXU6Ii8iZMF3xOfYO2DWAD1XaiqyEJYMTPiuxV3DZ+IM8RQhwMZ3dA/T2B9ZkixTIwISN3awjuAHEdARM9uIw3OVQoAEQu5USh+R42JFXytAEkGlFmyZbquAPK7cyHOxYXl5ZWq6rwfJoNBoMU8kczXXw3ANnOiGB4IR0qpyzffcVOsnYdZLwTRTaI2dAh+WRCDIeaZQQJTBkdBID0zhU3Ke4I8q7ynOWrl7eo6NBI+iEO7qHUhXHChPz7KFutgIjQe5QNtNwTro39oAcYwpxUjYu9ieBjIpo57iviO4ZNHTWtMFhhyF3gj4bhp1YHBFiqb9qomUqNMAgjMWa3HSMFTJ9CxIwW41NrimCMHPbwpO/wy1u9MT73/HNH/r8Z7/8HcLuOHnMcYTN65/78EN3jP7P333oK/95EXW5s5z2Qs0JkW9b5DxDTjQ7dyzd9TY3nTbTMz/xFepjxx8S+yKkW5AwSbu+/z1OeNKD7vaOj3zxnR/+HJ5qsaopjfN0ZyPDG2w2xSrxVZwuYoxaSj3bBNcan2ZghArSw+BCmrs+3fsydIK4SfCWrzSTW2+JNRHrIQJNorAueb7QyEK/sxz6CfVuj529Tb68yrLpUCHDfjpOzJIg+zOlmT2JcWParLaTqyfj1cnmZro3GcMUGtmymC4gy8hNxKjTiUqlUqlUKpVKpVKpVCqVSqVSqVQqlUp1nctyGomhbJMS9UFxLEYsT0rmRkk66VVDeScHfCjTr13yS7G0kFgXqrSnYj/5BTTRYKQO0QuNjVOL1exUt46O/Co8FuypHMuFd6y2I3qS/SqMUBpUo0wl19q6oauWq+GO0WjnaGmpHg6qCkvcEnJhCuxgZ/M0iLQoaMAC4mReuVtmT7YYBWBiSQtxrZlsTiaT6WSzRRMLg6V2ztDhb/Kn2nuVC9COvTpKMdqanoWAMfPcD4MFYmsh3iZo24HF6rYNLRkyhGnTpOq4RGmAKd4BkmaSHVY8QicVm68wjGEyR8HF+n55nGNGEGgg/xTLFWdqkKfYDt62IiSDUj6ERHF5dwJSZI+JiC00nftIeo7CsPTGWdgTV6CZbGCCUTuSrgOZ0LFcVmebFAZsbKZsouW+CmBClZpXuVE1XE4TZmm0Y3l5ebiEvYGRNRTwhOdOzi7AVEUe5VT0d7ab8fynLbMFz0AutTJwSF6h+UwTiDjhawGHi6ATvjqc43wW4AQshq14qJBRct3h8EoQwgGKUQaCK5zaQ64nOaoF06v4GDGy2Uq+DRCEIPxNzMFBNk9om68HwRKQvcH9O9qhQWsVnGjOBschQaalcCjkTlLTKuZLPM15DtYps1oAN4ggBjDin/PDgwzmE3YQCXrovW5991ve5BP/79ufPuebOBswSqpCIiPGWxx/1F1ufkzThm9+68IwndDFUaFdhxPfHcGFyDYIqZMQDt156OnPetjFl1/9oY99HhEgRLZwiu7csfJXz3z49y6/6k9f+x4Kt7GHroxufuOjjjhoKTZT7HHvn/Rb973jzW/yord+8MKLr6BcIbQGEbcRnhbTaZorgME6dJmF6FpbB/B0W0R3EwyCQviudricTqIiqqvinCKMnjKFNWGfGrrfO3EKovmSR7rXTb0Os724oZj5FDK7YcbNQo4BEjejgp6QoQ5NVORegrHTGMchXLWxdsXm6mY6vdQcTBez2d3G8T3JmBxj1J+JKpVKpVKpVCqVSqVSqVQqlUqlUqlUKpXquhO7aFDp2uWSoPhYFD8Gqj1TabVAGd3zVupkcSWQeQVeBvJYiCBWKiB8QKq5UzAFBeiY2FpojZlaTNVpXWwByOMEApokUM2UvqgfGdCQkrQ1kszCnIN8mx7f8WArsAPjR74aVfWoqpZqNO9wXAWlsjF3gmW7jIzXzFEmM4v76tm515I7ETAVA+vGEwgb7XRtsjmeTts2BGtccUFIBXiHj1TX5hHJsSfSXex3IdYeW1ojDeaeznYe6YjpIG1o8CmEiM4M0GDuB1jORmF7GGZ0yPMAjU2IO0HfG5fdTVLvBODzQWBEjlKOGxnOIasOPCxDNBggAhkuEdMCrnHL/HPZAQV6HA/BFal9mFLSC/owbCbieuctVfIcbWPpcPnMoSSiEBrARgyxZ5ZiskWDyTk16FZhIXrjRnV90PLKjuWlHcPhaDCs03yBUBMLw0wWJ6tINE9vLCrTc2kRaslmiwsZRnSsoGwWAhYoi4jyjtCFpoxrJDOUcv1Y5gQAMITGeyezxkVqEJIhLha2RVx7mBOCmDkBVyKeCBNx2ZHCS2gJb46db1vxgrHZ2gSb6ghlCXwKRmCliAYnkTx8bPC2JQgnDV1AcyL01gCCKRZVVgAAEABJREFUS5B6wIZjjA66+kS86NJMcl7Qp/6oUiARjZ0XBiXPcbNV+4cQ+nvPGxPEgEzNzuXBr97+ZpuT5p/O/Exsx8gV8ZBRStTjfvX2aeNvfPeSG19vhzErdFWmc/CQLlEwV+9d+/5lu/m6I5uTmK6y87994X9dsuvYGxx+oxsc8r3vX2nSzcdhy2tv73mb48+/eAdFKLG5Dk4JsrWZpAOG4G5+4yPvcevjV2obpmO8Bgd1ui0iNJIGuEV3k2Yywf5OH0+PNFOjqQLU0dSEm9Q21nSXrMlLpUY6Bl8S3Uf/89WY+hdfIqoi44vjGJ2DHs1GlzUlB5nO1UnQLBC/HKBpQIAXWQjx1k5ycPK1SbMoUhPS3SVdYwi9GTOOzVXrq7s211fbZpzu9GlXtSccx/HdOGOJcqcHiYA6sBuxSqVSqVQqlUqlUqlUKpVKpVKpVCqVSqX6kcp6qS8C5yzQl+rF6cDzt8zpO/b8pXVjy/fV5eN2H6EWxQQB0xTIEwKLuyFS0VCiEkwHRaRKe4upOrF1mKTTUqpOqrROsHCNtcxg0TZBEknYj0VIBaynC3nCZ1OCYihJApXOalQNl6p6x3C0MhgNqqr25N1B/hDAJXEOb5CMESkhZ9sQKQ1zwk0++2wJYTLvYjv3jRLewjV9tLHAdptpaCfTZr2d7B1vrE82Uw3ZcKrIoKaMlNSguiJrBEaBqMwqISmR4ZjMlHA7YjYQEUxG+A9kGMBwVgvFcSDV0LTZjIGeJXIFfUI8LlCFGA9tqGRc16l27ZhtsExaiB8JIzCRj8XJNVgEp9Ok/o+MkrBDBhvJUIwK8ATy2arA2RyWIk464mgiIJKBSvJqclNlD2JQQkRFdMDGCnmwAcqwYDUcy/JoiYO7cxIDgvX+HBXDB+Z0IQzZialMb0bD4bAeLA3rHUtLBy0tj+oBxjDhcZD/ECZLoAjyhwCJp2HHlMp07Ey+HnoEE9nPGAo6MmKOkdYEnPKUmxKNpCLlk5fuAper+I7nhxGnE19ycIzNUwOJgtI16RM0l62k6mAkkI15shIi5Di4BMTKxrHPREcU5b1HmnHcRHKMMezD06LNCVIxLV6pJla4HClzCO8BaWrXlUX/Dc9YFRERwjBERlf4jMH2+80YY35keIHc2SA+4G63rLx7+5mfX929B9f7iuaoS+d12EFLv3anX0grb3P8jf75L/7n1p28+6wvPvev3p69PWy+L8IH/+NLT3n4r9zr9r9wxsWXUIfTJohV0IHbKY42XqkNrgktISY0HSmVCpqGoZO2nbIzTJpZ7XQaptO0Md0TjUvXZER3k5Exg3TFgqmdqdNCxIuhJp7M47QGuc3TlSjAF0hml2UrEqJv8iW0v36zJsc1peses5kMnhjN6sKnoNEQzk/Dx6RoMYPciU2nPQ0waZv1ZrraTlcn4/XYThwCLxgBZJlOszI7jBBoPZYP5gKeVCqVSqVSqVQqlUqlUqlUKpVKpVKpVCrVdSIp+xphGmiVvNVzfug7h9he4a+rAM7tFrLNSHcgrikD9I8AkewRTBNjA+jEMcXYmbaN0FrETYKFxpqWnQiwoE0QTEcwGKE9JKmlfzg6js88TWXtwPmh8wev7NxRj4bWj3w98KmunFGVbAxSeI7sgACZHYHskOEyaVICHsrZQunW8jV8hgwwMYicG6Ztu9lMx81kbTremE6moaVv/VfOV+xx4k1FHifMEaA1guXv+3cdC8JomM7WZasy6RLYOkPIHogFhWEXk26kGNTgmrS4mxAZQEYkLjvhUFMgu0RwApPFMBoBjMCKeQQvW/Y/kIggw+VnCvTI5jRWom24t7MbhS3JHgz6ZGcOOW40gkgRRoIlemszqiINcIytkCkIOy9k/sdR3o6VKc1jSt3puUiOpz8c1Muj0cpoNKz8sKpGdT1EOAnE8ydEuVagtLObCWg2YtOUcx1/RByTsEsSnMOitpU8nU7SWDFRoZK9yDHBw9FHhs1WxKyndJGEo4gTifQoTW4XhZ8iExmypZFeBFsmbzEyipAvDCGNImQrJNyzc5ikw3wJ0lmmRXTBgUfSK6berL2h0BzkSzCqhkUePnnYycECuhEuhjaL5vQPqIUchRVcKDz83rdJjXjL+8+G0HCL2F8o6cn/41fSneKyq/Z+68LvmzLkdNe59c/dZOfK0qWXXxmma5jh5Wrj/I1veP2lJW9C+K9LLk9b3v9utzn3q/9p0RilPv+7l5k45daEZkwzEyJBJ0iGNZPMryHAFZtJGI/JeMhHh3dDHM42oBcKBozhDdETK1SDrdFKBWmpGiA9KpPGAeeKJ3wjAxq0+5ixL1ovyWRyMys37u2oE1c2orlkyWwF0akWebPI9xAeaXLl4Xu1kIIRm+KnEDZD2GybjWZ69XhjT7PZQmhtapfHS0dCxWw+EIVR2e6nE0NqBTBUqVQqlUqlUqlUKpVKpVKpVCqVSqVSqVTXoazNLAFWNiFX8iQshOrL2WMhcsE9YyhQapOQK99ZDB8IopBfSy2dfESQNYmUYpIKzlOITYzTGFPhcUpflm84W8d20InhbBD82jy5eqRyKteDUzGbSQIuAXOllBvmCToBzCFxQ1ctVYOVerhzMFoeDEeuSssV+Xe48qle7Vua2lXAbQ6T4JSHrtzJME0vSYVpjyitkDwT7g50mhiHNlVax+10czqZNFN0GEFjEccBLViht9wsXEAkiOIwTK7A0mGiLVE7mSiQsIkOgmEzj9g0bdNOQwgyMtDFtmTfjYLPEFeCjiBobEIBKJXj6rH1hQIg1CPmgYbiE2G6FBtJS2IfEEs+N7gTaj11uCxknxjI9AFNMstciLSyDKqdIZ7IaIQsT4zkeJgIZXtSFHaIt3C431hGqgwthtKQPwoCMd4bgiLq2q+MlpaXllaGQ8yDMZgE4y0PBbjO56arzBP4ElLdHW0lKEGnAtsjTqg9GJsTOdmI3WcoEIe9Wgg64SwXk31dnPjc4JE8QUn0lrc94oltQTiGqIBP7EoUjGSjOJkhOKGEszGWrTRArIp6F7CVzo/AIStASAFdtjw8QGSJM8GT95A1wVn0ukCihWZv6q264kAXW6Fzj8H5TLM5skEGuBy5wlQBzZbABi6m162Qp3m+sMtlZ344kptSPPHOv3DTow77989//bsXfj9dJL985xNO+u37n/5PH/3EOec/5MQ7/faJd0zbPu/lbz3z45+JbUPTCFGau97phLf9xXN27V79m7e+NzRTZE5ouF7xvx/xizc7phzkXne41b1eeytevvVDnplmSVo4ZOfKYx70ywSdxLuccLO05na/cOzv/I97sxfJTY46Mq0J00kz2aQ+HWC0WBr6gENYIceBrJCPwQfyNbFoTlRZwU0GmK0DLmJuDls5Wcm1EjcZnjWehj/fzaC7zriLuxuF+ArJap4e1vEdJM2KYJigihRzRZ42eCNz1Ci8W6C7TuUCXj2usXatibvH47XpeH0y3tuMJ9DQ9KiRkMk3B4PuLXS/zbPFdGP/o0CSVCqVSqVSqVQqlUqlUqlUKpVKpVKpVCrVtZLr7DoMu1FwmVe+58+F4VROtMAOHznSxRTCQsALUfl+uiSwMESATgKtFCtjy64O6dixnQI0MUzF7CQ0qYBpY+MAE3aQO4nBpcq20AkcBEEmDcZ11g6WQ05oGyEQqMZK5g2VqZA4GQx3DEc7BqOBdUNwK4PhgGrhWBPFyrnQNAgLMCuS7QzkTKUeK+iJsx2qYXMMjGF+AAR/AfbooJ2R2UQ6zzgOzep4Y3Vzo2mbzbZJhXtM1alqRk7Id6Sr+XLoDY+HHN505VaQ3XO0DSbCsJmHpQgLMtaITUCbk6ZtKTjG5GGVQSR8RGADh44U5ETi3aCuyWHFOHCVqyS3yFL1l71DJHcFDTvYhIYOGXMzDXsgsJVF+nDFsTDE93g+nLMZSzJOImrAc+YHOmaYvusGbSRWHDA73ySFhWaFK5keRkw5Cl7DwTPZA0X2S6wBIykInVTOpmGo6rqqB8uD4dLS0nA0GOIEiZ7dTZC8iL0JHzNYQxM8pLmcJnDqMqSIMBWoJR8TbkEanZYcZyJGSLUWJCdJjGsgn5kRGIcTc1zmTogJ82IxwtgG+6gQARCou4EhACskh2QTceKP8E+GDWCQ7+CWAbedoSqZuwxJRZAeiwYkPYeGl3cV09WJuTkmOPTT4EgdarpzdYXQTk2ICd002EyDLxhuHpnLCA2EexEOog8SlHtL0Y8IM5BJfNJD7plG58//7v1pfNKF87RH/NptbnbMxsbGbX/+hn/6uw/iTf/4Sb917v/7yuWXX0mMnj3qiMP/9uSneuf+9FVv3btnt/UIfqQZlM77C1//zpW71/BugnMgcMQU00PTyXg0rNLejjx05/958sP7TbnXHU9Ij/6a0EzayQRTddA+Zpg6OM0uMi8BF9DjpIquAoROKprlHu93pk6zGS17sONxSyhYCZF6koyFI+0yodT1rt3iUZUHArJVj5Ewpsj/My+FO/eVY4yx+6Eibkc4DSiPabMJq+RusreZrLfNODYt3hVqIk4c81N0I3Y8W2K2T+pRfSqVSqVSqVQqlUqlUqlUKpVKpVKpVCqV6idIxTGBrRCMuHpA5jzk2+22+665hQMoAHdhGbmqXjAFCRcJwZITB7mbIHqSHiak+izm7BiYktlJ9F3BFNvnjNRMXSYwxAkDytfw6YvylliNmMqvblBVS6PRymC0c2l5x2A0NH7oq5GvBpbK5L0P5nq7LdYshpwwynIHLPT6DRbUQZkhsPzx9PkAMVX5x+10bTJe3dzYnGxOI8I1ZGHgrYRReE9f9SfbE/I7YQYICl+S954PInAQvg5QDD7ES6PNnEMbM/xQjAtsz6aFO5KLxan8O6jr9GC8Bt09xGyji9TozrEwDX1kwuQgJgQ96Byovk1BQZKw0ytId74KTlwuoH+SedWCPs5jweVonrgmTwMaOHrR9w1hLCYHRpFdi6fJDHjmNZ74YFClP4ej4XA4GNRYKY8EA4lXSPbToUQYPvvU2yYQ+YF0hkdyhekaqJq2EXsfZ0NA/idEjJAKMWT7EkxUYe+ePMeN9xJCw8BOmhaZ2ODZYMWdxovDD4INRIQI60SdH3nKZPsTJh4IQZDaPcFSFN9D3IzpXT6Mq5DNCb6NlymBCMFICA8STt623qTTALLXsJXHEa5q8rZApxyOgxJ6wHTxU8Z2F5MMfrRl8PjgMzeXHxFqwpLZGx50j1vc+HqHvPF9Z1944fcgNHe+7S/c9ueP/exXz7/4+5e996+fU3n3H+d8/eJLr/jtB/zyu1/9pw99yp9cevlVaXq84bT/ddghO//ji1959wc/TnYiNEiYk1W97K3/iqFJ00mcjkMzJrYOXWCcr62v9gI86ZS/IZQvkh1R4B7vHF2ijOz55383Nk2afZWvvE93Q0ysqYyt8e6GCwObJhxeIxWgrUzqyhr9SzA6x+EFnB7OSmz2mj4AABAASURBVD9HHumqdG2+CjPOkY9ON1haIJjJuHKbISsomfmY2JVv7fITgpCybM/jGFGigB0XrWtN3Axhz2R85dra7nQH9BTGhLlizPAQG1NMj9hnhYAVptfMLIbGUKRRqVQqlUqlUqlUKpVKpVKpVCqVSqVSqVTXtQQucb3YCpvzLozJhIDrck1AII9u+xlBjnsxndFE/la8KVXKyPQJEicxTEycGmg4T8dAm5bRSAGii6Gy9BX5fMhcj8QyK5X2bcFQ+lCEo/Jleq6raqkeLFWDZV+v1MO0kB6jaoBkANZqnekCaUA6I/Ml/eb3uotNAqyzxYzDlFgbK22MXLnnEJU2oHdCOs+1yeZqKrY2TUOZLqk+7X3FH0DkBD1FLGbaIKohBgWGa/ZG3GKM0AVSsYfOWWRGEUIbWsIcED3pha6UEXN5BcMPFIBDZEhVYaQOJVwgBmP4dOXkOMfFBBpCPkd2Gyld75gCEYeOzhGG7TqQO3GuI04Iy/Fi4WJcFB8MG7uuxUQbGaG5Sca2LtwIirzJfAkIPEUjaMuwZQDFAbcE81FwF6kyH1Ob6roeDZA4GdbD0WBAtXDDSUbWZCok26gQiBQ5Lcek6jthPcMKeR2CbNCnoZqOJ2x9EymhJlACCRu2cKdaPLgv/jCYoUO5JOwo4jzNCuSPLJ9NdvNhExHsGdwpdoBL+3XezHhSWHTZyO4zcv48PJbIFb6s03G4kYHaiYhBFEsSvBydaT2ZDdE4R7KMoQUDNaaf+KrygwrtPTxlqTA/Yl25WZQBYECLGQLTH1AZ/4K+daOcURTbGd9sLwFZ9i0BospH8E60PBo89Tfvvmvv+ulv+9DKUn3s0Uf97995cHr3L970npVhnd499z+/86QXvGJjbS1dUI950K+857Uv+q2nnfLMJzzsF3/hpt/9/uVPPvnldD/AQfHpfoNdka5rd8/b3bydNmee/TlLF9ef/s/H3+cut33SyX/9re9eMp1OP/KJc4DSmBBHi+Q7g6gdTSsctkAGQjj7PWJM6SJJD6gcMiXoZWKRHUkra4Aa+KUl1oRufFGMgxjNszn1ylrrZi4jYtn6fTvP+xBrRWQV0lcO76s02enmgYlaPCOdZWckdmpi4A/I38m5YF0wdhLbtXayOplctbm51kwnODfR5InoQUvGUmLC5GxHmHC7M5QkbS03B7+lxSqVSqVSqVQqlUqlUqlUKpVKpVKpVCqV6scv6ypiQGzPgEIcMGiBHUZi3xuj8ynovixP5Utx0+DsEOBqpzOZByBbCAMthIg0RNs6i5k7BvmSqY34YHcTtnPABUt7xlKpK8AEt9NLIgcXUrFSGWKucFMGDiIUWLF1Qz8cuXrHYHnF4cIyEgW1qyoxSekq1R2XYHrQiawphhnE52CiCsEcve35j2yHQa1LhdUmoHnLOLTr03F6bIwnLaMQmHOCPhvoi4CkScXn4eY8XEz5lj9nnBhnegYhaDcQoyTmMOUSmyTq3wCxWJuwU4pUnzNGRIPuM13hal/XtfcCc1AdueeJAmnggKKRDE8JinVhkkG8ZwQ1YJ8DQoFysAo12/E6wjh4l/RWlNga/KQTmqSMRzHAyOwJufDgsM6AQBiLFIxslz8OTE8Zy9XpGMk5hiGStAdbe+JrnK3IfWVY1aM0NQaDKnWJc7m7rOezjSbPF5qLFgKYEKYmIF+SjjkcVIOqTkMpRhAGqmkTcjXdBBOk88m6xElmETYIhLmg0cjv0FkhA8TXJXC2EE46on5iKNX3EuGTpkLBc0q6EPQgj2hcNP2cKOnedEC+dripkQYtOsTAAuZc4TN4wp8QiaF2oYeGJ1+TqqI8HWwPN8jKvk1h2ayx8/lbnXJM0FaVO5BZkPiyVQDzu97vNpTs82dP/PXrH7pzz9rmx173/EMPWuF3PnHO1z53zlfTmT79tNd/+txvjMfTdKrPe+kbU6/+zoNP/MhbXrZzZWl1ffOxzz5tz55VHFOEb2ryeqms98tLw7959uM+/Jkvf+STX7DRW1/f4HqHH3vD629O2iMOP+T2t/w5pogsYmktARzpMgh59gMZ1GBzXbTfu2TXN77xXRegtqa22d0EmRJXxUhhOoihIIOC9zu8zMikxtCsptnJsJizcnXwDYWmlM2Y3KyNCEcwpdbxrYxmjsNLNN1TEGajKe6QcsEOdV3SGXUqMVkIoHif7vGTGDZDu3e8uXu8sdo2E8B7PFR4EXBMWX4If5Jtq4olT2mb+JrkAVTcRKVSqVQqlUqlUqlUKpVKpVKpVCqVSqX6yRG7EICVup7t56/0X5V1XBN1pcaNz2JIwoX+aARDoS+8C6PADypLBvLLSI/GxsZAy9CJx6I6RjIQEMHIgvAvxQuh0DHWxtx4m4vJWO3M/AfU1WBlOBo4P6zq5Xo4dBV6UVS1Z6qAmsvBI+XMIiWfmL7TySzdYLlKTk4QOWhizh+AS6jIKgSLeABWXZvJxnS8MRmPmwYzL1K9mIxEUg8icYKJKj4tZt6gS73pHX/eCYIsNLCryD0DfSrQdiOEhiJ12F9jZhxNd6bU6HQ4U6GxSZ0+lf4cDUfYK1gx7g25kAkgkTVkwkGcCXQ7BiZlbJksnpJjTMZQLMXrsMGH680my14uJTyIDw2m39Redg9kEKcbmpJ3ZAuUBGamvyTxBz1kqN7uK9pJ5SzNA3rHYkIMxutUg4GvHft80J6cOJCYbDFjOWenadqmmZS2YRpPhc4kZaampaoJgXeFBieUlMMdgflJuWWYruSk5RT35IyAXRJFxBE4ZHuBYxqwy3iZJl43T4zMRWEMaLhi5xXC12ibLUcsu45Q5hCzIhjzY1wgv6GINkN44VLClTGVo6QWMl+h+Bhxx0GDj8pRIBCnCAkb0zklzRMnP0HKTNkFl+wy5mZp4T+/+/3zLrjot068647l0Z/9zT8A3Qs+9PHPo4tJmjbpHJ0/7bX/dJ873/aYo45In/3YZ8+96OJLTLqXWU9eRZWvB5ZYnPXNya696ze78Q0wdqfCAx1x2CHpedfu1V+63S1ed8rTDryZ//Tejz73T15dg/ER0tysjR2kZ+RODHnLQG3R7AQzalwHeRkjBj22g446Uyfh1vquJ/lTkBOaEGjj+yneyHAqpWlMUV0lrCtaNlNhxyi+JMlQBZxrvWudTY/Vttm9sbF3c229mbbeBr6OKYyIQ58IpgLHMUDEwMwb1mSUbevwKXqiUqlUKpVKpVKpVCqVSqVSqVQqlUqlUv1kSQrEFkqBktfMGA3Yvr0H51VIMkK24CjYB3mosAVHA+kBgaw5MHPGxBZSDTxMIEwtjC3F6xgsxEcqS3aVU9fzYLFFvQYBB790J4GsQKplDutqRKzJ8mA0rDD5YjAYkJsHVsnFkwV6HIbp3E1yGFDOZLG5RkulXDbrANPF29gM7hBiw6YjZtq2TQzjZroxHm82E8zVQR8Xog5YFcEnjiN1nGP7C+t6Q1Jq93OFWBS5I6QOTf+3BJykPzDERYiT+bHt9liMNGrkb3BxQP1jeok9Mwckwwxb3F9M4C5jQxceD8fdzqiEsDkCUYgJipUJ0g/QYFapCzCCXok8O+fMFtLZ7ARMZ4ki1gjzRWjx5DEUM2KJi+AMIe+tIXrCVT4924qMOypfDWhu8LmXmCibiRZCPyivJk3ZZhzaNnWa9chijNIs+//ZexMA2a6y3ncNe6iq7j7nBBIIJIHILKICARREEFBkFhAfKDNyLwJigAsODPLg4VV5zHBBJokakCBCBBkvcHlIAgZQhDAEAkQISch4hu6uqr33Wuutb1hr76ruMyScJCfx+6fSZ3fVrr3XXsM+ffr71f/PQTy5B3XR+qAZ7AiUYBS72CKjgWgP2b9oDC3h6QStTJM8vgiBK56gEDSc8NjxcdAZbgkL5AAvxRTCo1TfJ2kfSHWimcoIk+4CumpowE3ieDqtGq089hAABHGZxOsrLURBlRYDmDQSW2aIRgGSkIZXB+JezP5m7ZGlEE758L+e8sH/79If/7ibrd/vF+/wpN+47/s/ecbXv/V9Y4GtMbak6Jw4iL9059v9xcmPPe5GN9izb2NUlw+77z3u+rO3/cu3vucD//sM6pf+7qTCeRdecsdb36ws4zRwsd+O3rVz38a0abrzfvTj17/rn/nmAggHcHa//ZD73viYo/7uHz96yaVXqITa0Yr6xje/XwZVhFAZX7pQW18FE1sG0Em8lQRn46s6WF44Id+4TbonpTWRwnB6DEUPvJrUcO0ENiwBj544/ZAP9J6tcyg6C7lCQ8sjG6aAxYozxhdFZ9Sm6zY7d8V0Y32+uRmXDN4qPKwYoGU8u1jhG5FVCTirQr7N5htuok74GlS6K2irRCKRSCQSiUQikUgkEolEIpFIJBKJRCLREaDkoTFkO7bfc9n/Q+uQwYBtdvaQyQJ1c+eJOIFPyne+6wLQEa2FqJ3WhJn2rVGtBmcBLJCz04Oi7+JR7EI6x4JpB7UlVVzJ1gJiRGpTjIuqMnalGu0YT+K3lS0IrYCyv9qv6BqD90tP9jYh+Wsq5iczFyi9dkgYuNA5F2ZtO22baTOLDzAgUWAMYaENJV0CsiZWEyezcHUhIRdhYN3BTQvsahHiKboOIJ7Ym7HBDuN1MBLGQDTGYFyMztYdilgQOLG1NOSjqi4gVydbiXBDuDpN9hWY2JJMSRIGwfFGwQSkZhgSotPF7xmOoGwdYpRsX/JOJfAQegolQRFq4KRieJphjTwRGGE4GNya5XlISTAEwFj8A6AT9JMpjCnjUFhT2fg1PsiCxCS6KBDLRNYm8ek4N53rcAID3dO5lnAhyOgBIkO7Tg1TRuJGPCzSNjArwVKFHEEMIzCWE4gwVAjP6jG+CGgNhz4nTtF4DhAugwEpAwhsAJzwNyGNCy0KpMHIfYR7KBhCCpCQghgd5eIDTWfiS2BwUljyNaHJCZROWSB0UiBA43gAfN8MrQeGQMwRELzm1BEurdc3Zq7ZjMNTVfWLn/7bs3nz52/+e8yXglic+IiL9gY32PmHT3rIo+571/iOT5/11ef+2ZtWx+UbX3LyHX/6Vq994TN/77cf9j/f8b4z/+Nc6BxMQIpj9f0LLj3pticef5Njvv/9H8Z3HXPUjgsuuTx22X/+50Wvfvs/YO/He2BcwU1dmN/7nYfuW998/p++2nUdOgWBX4pRplS20AUEX2kV7xm1VlX8SpQJmjrFGRG3jQ+09gJjg+kepTE0qQe00uxIKFcmzLTKCWIgYmEQNAHHIhfw5qKIZYEZYRIcB60N9JcHUF1xRrVazYNbnzd7mtnu+eZGMwN4hRgmMEWBR+D7fOKUsu+M2t/fJqx8I8M7j1YikUgkEolEIpFIJBKJRCKRSCQSiUQikeja19A0ZGDp0X9GflAFTNXBVB5kgAAr+/kj6PndlAICpXrXtbGKHousAcN0Yj1Th0a5zvq5CZ0JDdS9EUegBhidvBy2b/HS95pcS4iYME50OUWqAAAQAElEQVQVSo+KcmTLEUInIwOBIGUUWE2AlwXXK3t/jcAGJX1uS8geJ0OflWG3JBsJDFNBooJK+QjXhI2m2ZzP5m07bWaztumAnTHWFtQEPBRxDpaMA7JTQurpAd/BZw3Upw5CVoLDtAv4iqAJJ67odDmLZjCGXT/IZUTHJhTIv4ABh9KIRxh8t14acw0FdJ8oF/bwMIEORWYDsH9Bvgxam2xEo0PuOp3SfQzyQTRtdD7c4CKzv0GmmziEYzD0+Sp5ilBzE8vSp+oEhZ4iVg/ahn4yMFsBNylsCfSNLsl5hmkTT+MJ7dTEaEA+DsQWNXOwkulcrMgXZVFVNRInkNfjOmdS3yGEg9DJqCzRxAHOSq9YZE0sM170BgongXCawBE64EeCY4xoCH6l8advIbxqaAjDxjghoTI6JGsWpXu+wKueZYqLD06hIEbHKd2BnYlSaGSCti8AnTCfwx48mjxiEEIYjFc6PE0FctmgJ9R1RDhV4wUCWfKkh9//Zsce/Yq/fv9FF1+B7iawOO/y87d93IN/+YF3/9mysBvT+f/9V6ed9k+f8l1zie8e+t//+BmP/83nPeW3bneLE/72z55z5lfP+fNTPnjuDy7yHuic8y64OB7/lifc+Lvf/c9RVa6M64svuwI60EEUVuCh7ZRzv3T3nx3V1Sc+faZv5kYl0CnO0TgaKpQqVCFUVtVa10rVsNhUCft4YtUM0VVMfgQGgJjeoptIv5rTxqALQv8Uz5UweAV4MmI86H9cTTjlzIBvoW70GubSNITds+kVzWxfO99s521wRVHG+YNGK4bSyZADw7d6vucbnNWeE62WxGlug1FTqg/XEolEIpFIJBKJRCKRSCQSiUQikUgkEolE16Yo3mTblxZK/Wl3es/gW6r/eT1kBdCyASNmWnY38Q2YVLhYgWwVZuto3xk/s3EDoBMHbhmanTYocUTp/Mn7RewDS6pquw+5k7lCEevnWo9sOSnKtWq8Wo3KYOqiqMu6KiudPUUW/UtSlkO2EwnDYJ3FbtHMw1CwEBid4Mf1EV2hVIq5c5vNfGM2a3yHqAImp5jCFgV+zt8YtuFAwxGq4WqzeK6BiQeFuqCBQixXO4fACcTpOMpegfI1Gb5w9ozK15JGOeThtODMAXYrSIaYArtUY/5LPLxNOUHJHiHkIrQOXH8mWsLkDBC2atEFghuGXuBYJC5Lx+fQPIFbMcBjQpp9wZA7Dmwmfw8EVLxn8kQnfEV5x4RH6iuje6uYbNxjNVuXAGcDxA/ANQWmK8VOL7RNSAVfs6FuDwEDZHgyk7NJO5+3TYM1cjhUDchJBbAOWvHQKYhdoibCPLQJwoENq8kXSENeTZ+gBK48SDz5QP0Tx1d7w9YynUvhRWRFwX2GjWOXitx7GkEtjQYVIeTZzDYXukMLDg8oDthROK8cWJtoby2MOQAO8bIKsDMBMsYSFEO4CbELODSaJjqcyWo02hgsPhqINHfTLFRhu1V07UsTkwEONPH+81M3v8mzf/sB511wydtO+6iCHtBlVX3gf73gZ295Qtx33nTv+uiZ/+s9H77gRxcpfA+CSe5Np/7TB//PF5775Ec98ld/6R4/d9s/euJDn/KS/6VNHEDzvR/9OO55wo1vECfrUWs74/YFF1/mGrgPPupBv/KER9wP2oB3kGOPuWHcvOudfuYT73uLyk4xOLg//M8LXvxHr66NLkMoNRqc6FCoOGKwWOI2TEAPQwKrl1dJgo56g5Ol7f4pRXY1prcb8QB/EPBE8WguUNqPNzkAjBZ4hsbAOwctTOY+bHTtFU1zWbu5t2sAL8RbXNCFzxeGUz/QXaVnYJb+hlkcKBqtfOdQ/PcMQWwikUgkEolEIpFIJBKJRCKRSCQSiUQikehaFwVlKKhgYkFQDYr5UP6HjeybkRJOiP+If3KABnog+MCsCZa/Xetc60OrVRd8G2Kd23ehi9Vv4E6MamOt10K2R7AJcAGSgfJAAuMnKlcaA38+ns0zhvYrKZ8Gyq3OV7ZeKeqVul6pRmuTybisSm1H8StiFmT1MfA48YS5MLvBT/bQCV88VW29NwNfCcwY4dKpQ4cMp8DUZd61YHPSzme+a7u27TqgGCAnI5byLdTlATeBeBbaxribXL7vLywkVxlPPhWQp+M68NxoKeQFyZ7AkENgBiPXZiGOJecfkWkBYC9gcGLRe0NDblFAXw80aSFDAROIM2E7BsWgCXJFzCeR3Qa5g9AFAL2Cw0VDmX1qdI/1hJ5YIoICW2ZoNDBIhoeDu90zWKEBOqFuhylEBiqUGpOmoSbgguctkiZ4LRTlY9i+A1TG8n2B/EkBXIVBJiJfQmqn5mAbmMcQgtLN5818Hnu/qMpRXRdFEWcTkCvJriU5mSRjGHy2KGEfTS02gBrR83TBPKsBEdGKLU6YYEKTG+RCQgajMjOkydFHqUXHEYor8dhtlJXDI4ALFL5CjI52BrAinLfAL2CMTuwLiAkykKEDVBSjJP1J6OjU9MwH8ApJTI8azLw0DjrkGbktdHJEAAPY/qouX/fcxxSFOfkVpxx77DEP+KU7Puhed/nzd5z+ha9+58Y32PW3H/7cuz/yuT27d594/I3e/arnn/6pz//zp/91Y3NT6SIe4IIfX/G8v3jbG979z8994iPf9N6Px3VpIGUmnPcjcDq52Y2P9l1302OOitvfO+8C37Rx49ijd93x9rdaashNjj0mPpaerMuyUL4IvjTxLunipC2UsWRzggNI0w5mevYM0hkTy5MsiadfXpADlgNvYR7f6mglUsQY0Sg63q4UWr9kZI/uG2hopXW8009n8yumG/vabp9vNyEwDXgmNHAC7Ar+fvBB8f1IL1uu0Eof3L8WxkcRrZUviV/ygpyIRCKRSCQSiUQikUgkEolEIpFIJBKJREeAsitGtv5IxT98NRf5GADQA8sMrB0GMqfAWJBEKnhIIImF7db5JvgmlsGD66CE751yaHOiGh066z0QJwERFWYmNJY1bTJ2IBuW0Oc4qMSXDDIgqIIJ/iFBj0yxWo52jic3XNm5Vo4m1WhcACYwwjAUQ0XQVJLts2xCX6VdytYJKVQiDPAN5gWQE0CCABCFYHTjulnXTOfzjbadtk3TtZ1zYP6A4SRotIEGJzmFBsNejDFLhivU80GlVBs8NfjGIMLiswKPiFJq4BXQJ/SobBOAVIZF4qSA/BRDLhyGvCyG+TUD8IYxlMChOCnCRiNLQYE15GcSDAb4UEqGShBGRpW4t1RClhJyoXNMBj/j2H2By+UU6wMoC2Uf0d4EtRidpq1ObhqKfU4svp2zixjwsWhwEicW2pwUmvw86KoNGpooDnVClMg5HJwA/d0CJxCr/6q0dVXXVYUBTWj0QiwUGbCEtGI85yIVVWkIF2GbFnRQQQ8JTBLxaVwTHUJYFfTLMJ1Gaz5X/0w/U5LfCU2X4LQC5yDcUNhHkMakoSM9QADKldAHitKcwPKmgLkRp2ZRoOMOTEUfhiRANqUxOs0GWpuhn3G6b1NPwugjhCo5kCAJye3aMf5/fvf+tz7umAsv2/P/Pvdxt7nZTeIrTdtNZ81r/uaDrzzlQ3EJIxaknviw+9zj528XHy9/1uM/ddZX3/WR/++ML51Na/SHP7r4uX/+VmWA3aHO+OGFlyiEToLzN7sxeJmc+70fhtYpJrzU057zFx/9xL/8/E/f4kPve8NrXvfOV7/mbXe58x0+8P63/r+vePNb3nxqnKbnfPdfAInyDsxodCggcEdZMjjJlJOikcmpR3TbGt7R2I8EUT6neJqlmylRI0pD7A9n/nifHJwo0YZuFLCU0n2Kj20MkEzAEKp9bXP5dOOK9X3rrmtie8pKgaeTHgBotDo0xevo/FcNt0JvNzx5Inm1ONnYTuvIn2AikUgkEolEIpFIJBKJRCKRSCQSiUQi0X8BpQI30yW6/8h5fj4bm2TbAqpperTE8LhB4SAU/xJrm2hcEbrg5sE3ATZcrH8rB9CJ0Zing5E6lgw6sCA6sFVQfWQJQAdghZJeCgsODNxm4Ei0V7W2q/V413hl53h1paprU5b46XwoqmOgDBEnRi0apVAqDtWVvWacA5GITEXkbSAsPNMnnogXIiqArFGt87NYrXZu5oAOaZ3TEFtSEOoAPiO6VFCtRZsMpQlfGNpAaG0Z9+DRiOrQY8V33jUtmccQsaByTTeE5aptxoaImDHIE1TQB5iqoxF+QXKDcl8MF4XT8YLXCAPhcx47LaiEiaAvCLyZzE6UoqwgnRw2FNqHGK2G+T6YsJNgndBzJ/SqR6scmlT4JPt+pMmAniTo76BTjZ3poVTGHggOiTwTmvfERwV4BV81ZN0EzgAiqxlFGEXAZBqcUQaf6Nq2mc+Cd2VR1nVlqBOxfwy0Jejk9kOFcD5IYpiKZEOhyAYGrwne5XD80PqBEYHFYWPDirQM+epS4BBPWc9ESO/9EGDEQqNDC3BXIsU4QwejWeLQg6MJ4E/kWqHRiaUPIcKG4S2B5o/m1aFCgtL6Rmpl+s3BFfQYFKMGRzQZENu3Ohn98s/+VNy+yQ137lodf/hfvvThz5z1mX/92ua8M0UZFy1NFqPtS9902tvf/8mH/cpdHnHfX3jgL905Pr7+vR/+r9M++vHPfpnACFrnZJwznzcXXrr7hGOPjkN+4nE3jsc/97s/jNuGb3aQNwXYHc4YWIfM2sE6idtF9gKBtdGpUBq0MMFO9+wdw0ScSgZEgSAnWseBX1aDIdBoPoRH7e+4wMDEm0uHK46WsFfsNIVcHJFbhmAoZg/jkaoy3o02uvlG1+yZz3a3s/U496wJFtAuOI6HXktWPXyH0f3cSH+x7GdofP8agybp9iISiUQikUgkEolEIpFIJBKJRCKRSCQSiY40LWIPwyK47jNnsAxIKTMhl581ZXUQs+Edp744j7hEo/xc+UZBMbyDT9lDjbWzvrMaiBOTatl6IQIi2Tcw9EBFTp0RCrUIWGC5NpgAHhJ1WUyq0eposlqNJkVV6qKyZVWAjE2f0lc93cJ1/MCwDDAArkciBh2iuS8UJ8/Qf5T1Qofpgm+cX5/PNtv53Hedg4wK9AeIhevS2ILYD/RxgTKuxWiO0KfPsNC+RGUmg8CLeDDnuqabuw6ABUdeGmSuEcgMRodFMwAaOs3JJhogA2tLhE4Y6NEEciidISPGF8hixVN8BbQ5cxWEJrCJhtYczAOlaGvSqZCGoBr4wPYioyaEy/SZTYTLYPc7bHBqgwpqwQgBq+06NVgTigE7k9sKtdCwA4pCb5k4J3RpIVGoBIsXy/V5pCVSWR7K7IYK9CrkaJjY3U3TtE0TWxV7LM6ruq50nvmAm+AFeAwzoUv0Lk8qhk78wFNCQ2qJdshiIZ4VvyWUyhMZQv2o+jAikyxcjEojNJgZqUfzKRGd6WLV3/g2didkNsFk0taoQpu6iA+AGooSgSfMeaIDIbWTZw9OJpV9frBRPRmTG4eoN/TEGwAAEABJREFUig3b55voQc7OkaqQvHRC+OGFl7/zo2ed+4MLv/KNb3/729+FICUIdDKmqMA1x2B3gWBiXHjpnr/6h//9V6d9/M4/e8tnPvoB977T7d/0J//9r27zyVf+9fsMwhb4FhsnUJwk511w8Uk/fYvQ+Zvf9EZxLM77/o8UBnSZbM3kgkGELfYykGlsXAJxUGkewzAqGE/ITTJxw7i06NinJN2XQ4acQs90LEAnyXCI4C+YucSJxbZ2BNqBWZSi2U0uPYbRJCBh8lIGrxZrnbF759NL9u3dE+96qgXvqoK6C+xzKDGKyZFFtirTi3mBLDqdbJ03BMKZLc8KgyISiUQikUgkEolEIpFIJBKJRCKRSCQSXfsaVJOzzQIrkQE6+1ModqBgfwUd0J8C6ASABqLin65z3kHIh9Zz72bBt1q1aHOCCS+xMgkAgSsUpZBQugPaYGgq+8NH5LG+6LCgr5fCF6iy2kf8gMdJsE6VRTEu6nFRjYqytFD9jcX2skDSwtresyTZN+QrDODM4tiEw+fcid7ahLdToo9LCSPwrTUBgynmbbs+m6/PZ1PfdOBKosghgLgTC5/8D9AiztMBzxWwGFBOLaIneYOKwNC22KGua6O6hvNYgo+H1JZMEvJbhlVd5k5Sco/GYB0LmTIpI8cCMbINxENuBxxtQ9kumk03tObAjIDNJoonJezwt6H3WFkWEifsIjOcYIaq/7wLe59QHhAiF8lUQ6cGGMgnMSahGhhWhGwGJvEYji6KZfq4XYLPDHAnhUXGiVgblfONqOrtqRstpt/MZrGIvg7AhtZx8ozKsipL5l1MdhoZWoz0U4roJbq6wjGYQmyLpwQT9MZBSih7DGmP8BKROp4xLBV4g3KNkOVhKwoVGABTKWUELk2ReRCgOwWyN0bBPCvA4MbUpS7h+368jEkuJjzL09RP46gS7UNDogcQCXlsYAcNnsqwQBjsduSBJ2mchs+96tRPumazm2+6AHQW+ukAp6UR0Knquu3w7hUMABnexcH48te+85Svfvt2t7rZk37jPm/9x49DZBPMxDjdKg5O8v5TX/jav3/tOyaonzr+2B9deEkzm97uVid+77s/IsjOBnQ3wa6LJytNUQKbpuAowMhx2zQ5CxHMleyGNLMcQQ8QDbpJp4UzlAl8t1UhTRqPE5OieYBpc8n9B0k6tClBAoVNWAydFzk7WP1xJl++vn7J+t7ds80N3zVxRcYVVmPGGTAp0GrDSAlSJSFNh2xWxSgJk4v5nkE3V30IPMmQHxSJRCKRSCQSiUQikUgkEolEIpFIJBKJRNeWeuJBpyp6YD5DaZ8+bq9SeEjojSigCI6YBjg3xLolOp3Eeixke3QeWZPg42MOBUysXBsPKADESkDygs/FaQzkyCVv1ZfzyasjsB8Ge2mo3FjaBbZjjXZSVKvVaKWsRraoTVEXVWnKqqqrqjLo87EUqQNFc7xWD84sTEIQ34J+JD13kirU2ueKPzUKtuCNTec2ZvPN+Wzu2ta7DvJU0EeEmAjNeAYEmkA1OT6FSEw8Hpf4B6xJYLAAKsUA+IDHSRv/i0fF9rmAx6ZWGUuNST2WKBkqVRssXhvmNGCbqAnNQTMhBDZICWybAkehrkB2AkfNa+oNzJTBIQjoIwJF5ZTPkkaHIQmygLFsz8EGJwu4SRaCFz4XkAl4SLE1AWKB4nlCys9J84FAE0gFgkQTaAZOJk4RshZQCwRQADyyZNbiAzo7mHQVdGrGXCy2tOu6+XzezGbxSUBNioKIE+wobE+ekJ6sRVLFPPClEbBDPiSF0yq5nnjK04nH8Vz/xzYY7bkVNKQesAY6KBhc9HyTCQy64NrUDoks2gGyjyyiV3FVxb4CaxOLA66LsgKbk8JAJ1miVzRPtjQSJtvS8MrzGULSC3CGDgskQ9x2fdwJrR26rOTtAutlsN7UfnQoWEo4BHjl4PvsZ4cUiUSGQCWazPifOvGmv3b3O371uz/6t69//1X/47F3vPXNPv3lb37qi1//1698az7rsuHLt879wZ+8+m/QFgVnmjauw+XbQWLNO971MT+duaa9+fHHzmbNpz7wv253mxNv/XMPMxy/pCplShz5OCkrCN8CS5V4lIrWHApvFQB9FJAyFWD+DmCxMDCiMpqXke4vNw1RwJsXWTRpl6YpRYrhfVwnzyO8ZXm0QTEws7RFl6E48Z2xvrBzpaauXW+bCzf27mtnYAuDaU0hGbjQujC46GASLHV7urHjJuZUKVqZiQpMt92hsYnB3C0lEolEIpFIJBKJRCKRSCQSiUQikUgkEomOUFE8h0oGB/lpMjjAJBn8XlOwR++3oImLQDzC0QOjGhzFK4AjRXwob2NtPBYn4XPwAZMiPB4t1xWJd+g/+w5PISDBH75PwIhP9Al9Qp48GypbjG09LuqVop7YamyqkS2LoiwhHwMKvJhqoxkdgBozRlbgMyqovnSuMJRF9f4PSBR4ghk8VtlDejYnnEybdjqbbc5jLbproXwLqIdPESR4aotJL1b3D+IeyK3Da93zMETAONcCvQOJRMF1rYsdC1gB2g0kIw0y6dDUF4qoCIrvCX32DdaL4ZQW8zo0MSpsj0B9i3XekHkJzWYICbCAfvDY1YgNpfek2nfQ6Tgq5LK1oesLOWmGGZ3lqjG9nQfcsAmNoeiQRJAAUOJUuhxDsIjFM8Qmoa8JdQUmoiDqYtGzpCoLPFQyFFFo7YIWFJrte2gCdNRp86gZjGF8cjQaj8rKWkseJ3EMDHczRbLgxGRPGF4uHsZRhTxrlCry1XsOjDKqz8qhOYmhISaZQARKMqKsHKAEXA78UZyfguOjOw1kVxt8B6E9ZF9iDMQ4WVNCjBKk6sQ+KgHIoZ7Ds+rl5BuGFBYMSzQ/nb/X/RJdVljeXvKeOHJ9KJYjgLSxRx+96/Y/dZO73f7EX//Fnz3xpsfEJ5/3+vf86OIrjj9m142PWvvtX71bfMya9oz/OOd/f+E//veZX9m9e52OAUMHzB2RSd4EVSr9M7c64U63PfGkO9zizj97qx1rK/Gxa9fq5874smo7cjqJX0tAT2BKAO2ibUkLQetq0OkFDqDF2xVQICpBGf2tkmUyRpKMqzL1Q/f1lF5Fd/SQ1ifeUW0KvcEFDUsIoROTELa5C01w8+D3+G7PfL63ne1z83glvrCwcI0xxAbqdFsOg0Q0pUJYtGRR5BsU0OAH2h2XdAp14gk5vLStdw7Vx2+JRCKRSCQSiUQikUgkEolEIpFIJBKJRKJrVTp9OD7kPB2VUQH6ND09uBgdVKITFIaBgIcDcCfKxRq4D633XYD6q1cu1sYhbcEGB5E63vGH4Plj7dmSg2uIvUKqj7Mxw7C5YBhh2KsCSqexrF6W5aQeT4oKHroYm6KyZQncSaUNO2JgYEPgS8lFWKoX81UvFDoD8xZcBiUvjgUyB6xa/KxtN6fTjXnTeNehOQil0FjEQNA0wBoCIRRlm1gEIYb10gVDCR+7r2uatnFsnsFGIbwrYiwhJWwolRkIJh9UKkkbxjLg3AZDZxQFXhCk4cnbgsYCWR5M8hn4EAStc/QSdR8yMlgBRzyCInX4oXKhW2dDhZCtTXgC0X9b/SYIh2CDExgty9k32hL2gsAOtoouB3ETHNpCcw6PMwTWGEzJ0UilmMSv5MI3Z49obomP5+q6DpNGwsb6emxxVdXxOJOqLooiTzidZgQ6/fg0i3qPCXw5d0GK1zEt54kgVUQeJxjvo9gvhlvm0cgFbWfYPQiyWSAoxyHwA4vJcCgJGIwo5w2uPLBoKcHMpkBAxxbxUZSFLgw7uVDCie47XS9mr6ScloUVpnuqgW4GahsNwbQDvHqEKQyTkNLaus9db/PQX7zdz97iJjc+ajXveeGluz/2+a9+8ezvXPjjyx/5P15zg1077nXS7e5315++58/d9n53vUN8/D9Pf8wnPv+Vd3/4s5//t6/HAfGdgZGBdQ640Nv+4pm/dNLt6FCXXb7nfR/45Cc/9fkzzvzydGNmmDBC8xL22IE5XWowDFEYuGPInAeFA0YQGaBEKmEZcbkOxib0NxE9cK9KtxCVLjbtazAkCN2m6GwcOAVLHL/BiWvBsQVTdUIYVftm04v37ts9m2161xrt0BOGPFnSmQ1NHyTSti71pWkRBthM4rOGc08kEolEIpFIJBKJRCKRSCQSiUQikUgkEl1HxHVozUwFFwPxw+kmgRlEeyhOouCsEEhNccCaKLI58U3AbB3yPokFfa1aozqM1EH7jZAxk74C2SfmpGds/5l79lzgOu3wLZRRgsE6o6Jcq8ZjU46KuirL0hZ1UdZVFYu0VazCx1JtLMJ24EDARARfBW7hxUBtH0Uf/NcJuAiU9wNNQNwgQTixwu+9b4A42VyfTtvOtYE+5k/4AHyI30LaBuT6GMyiQQDFIGuQvEZSFIlzPiEmqunmLVAnAJ1QD1i7TR1WD+AJjqWg05M3AVibwIktJoYY3EDDC4ibobEmdgSZB3Y80BnACURQEHeChjNKpco0e7RQG0xqF2bGJFecgDFM+bDUlb4nTnpHA3wvFbiREaHAGrQ3wWI2WrAQWWISrgEPq73mfB9dwHXG7yv0cmFgBfI+clZTTpLBKciV7nSBzrXTjQ0HXiZ6NBqPR6M4f+IkUoSbAE0ViGzBaQMgDXq9DKJjFgwlQh6sAiJw2GREhYS/6JQMRd4PhucBHNCnDovLxUFCS1xYsQnaGd9hVE0gzid+LTAuqQArlqIsTGGx98n4J3nQkLdLnmlpnqhD0WDC8aq4Totn9dJTBHP5n7/Fsb960q3jU03bffXcH575H+d84oyvfPM7P1C4jCCZKPjLr9j9gf/9+fd//LOF0Xf5mVs94n53e/A97/LgXz4pPn5w4aXv/vBn3vexMy+7fD3uGd9gvPq3r3z7hmuTz/zLv/+fz3zpK//xzeBaBXdJVQEOBaOnkE8pFOFUMGIlWhIp7PtdO3fc9g7QpK7teMYjsUajMXAwUcPtAw4SOqAQdwIOP9oHSj8ikMwSnEdAHE4YuFl2cfbHO53WrVZ7Z+uXb25eNt2YOudgyVqfEnCoBRqzvjI1opU6wKzJt4Bh+wU3EYlEIpFIJBKJRCKRSCQSiUQikUgkEomuk0IYgO0usGAYBuYb+NUHsl/wnvELSNTBPB2PfAmUUzvwtQDoJNbJHfgwuE5rb1SD0IkzvaVJxk6SX8Qg3sZwGTMMvuZm8tuY7ACuwxQ6Vt3rcTmalNVEl+OiGtt6Uo5GRV2YSpP3A0TjaAy/yNXn/pP/IQwLuOBiocOg+ImWAXjR/Dl+qpV23s/bZmM63djcjKVqBmC463RqIdIepjCG/DgIZqFAmUClfOJ2IFIn9qNz0INd4/AZvlgiMrgWzdK5/5KzCvsFYMtj+biwRGIgcaJNgdwJmYYM6rohBelwpA5uKEyf4cGCYjc5H7B7imIHFMIoUihQGAR1UGEb0Ax0wOBAtHgAABAASURBVMFj6uRkA82FgndCIHRybUjGKpr9V5TS2d0BrU8sbQciTqD/YvG+gIexyNfE6j3MHgrgIdqCmZ7s0wNvgV52njxVguu6tunatmnmsTErazsm45HJRXMcqhSVw64tIZE0Ns2FxRk6JKh00UHlnqdE7D0arL43cMCo0wIyOh6dg3A9Aa8SHx3OK7A8MURYITUUx7a0RVXZqoAknUQFKUcXSpRWzqTSC7PmEPGR7Hl0iJzKdYEWWPbZ4OsK//K1711w6RX//s3vffPb5zXTTeTmEhWFDjK0CMFgSNmua8788tfPOOur//fk3Y/41V/4nYfc57Y/ddwfP/VRv3yn2z/xua/UygJHEvQ73vGRd7z1Q9613s0rADsKg8ldELSF4U8KcnPiyoxf4VwWvoWvCkmOx/3eYx79lN+K21//97NzilgeQvIWUmq70Jm8mVChtDQZB9NwG8Q7oTYJVOO7A6ZMKXIWcjgV26A6rebKbTp3/u5L19tu1jqMsaIbNaJfPJ0NOWSlduilG+uBx0VwE5FIJBKJRCKRSCQSiUQikUgkEolEIpHoui4qS5rkqRHYKkGlUnrgYJG0JzIoHXmcqNAgetIG55THarnHOnnoYtnchLgRss1DRkeGJdMep1Bhof7I6SQLT1jiYjxExlRltVqPV8rRxFRjU0zKalzUk2pUlTXwHphrY9nWAmuii64NYdsaPKUKpX4YthW9WsCYZN42m7PpxnQ2a5uAZgFh0EJDpWrK1jHW9DEvIZMQVNZGBgKFWEPbtl0seSe/AKrteuWGrWEsKOShoU61REjEU1W2KIuCXU/Q48QYThlSSuWGanKsCRQy5BNxEqjwjF/6bJpki8LNN1SvDgvuGR7SeXAD4CSuclMna4YgNHmoUFdQ7lGaDewng9E5KoV9gFuMVeSswlCK0eznUZhk4oIbnCekEx/Dl+Bzt5NJCAEk4MPj2mY6m89n1pqVycpoNCqKAtgVbQZkEhA3GakhkqbvPjWgpzI9M4ROGmtpKRFVExJuwkE6WG0nixuMM4J0Fqd1G7SPiyZODvBvIUMMoG4AJCpMMEgTFRAhZTABCBckZqBoqv3nqCIdGPnRND4qn/YQldfBdVqDJZ7SXBbcNb509vfP+sq3fTePqxEDbHB50fqDfjc42fDd8YbmKafL79u7/rfv/cQpf//RO/3MrR778Pu+5dQPawf5YZBl5a3x3kJnA26icVpZjKRCECxc9J8XnfHpf9176e44hj/+zwv/6Ckvuuj8H5dG//DcHzz3cc+/5MIfH3XMDY+/+XHfO+d7H3r3hwwTa3ExBE69wZvx8rXR9RHqYWBexT8colKe1iDO/9ATajg3DBIkeKfABY/0IdAkiJsYtd7Ndzezy2fTWewg5VuK3tFkMsTTnTx1cMGYlFqkGCvLyFP64tnjiO8cOoF4eeXknB0lEolEIpFIJBKJRCKRSCQSiUQikUgkEomuC9JUiVZcEmSLAwr/YLKBGAIXGCbQaHPiMZkGuBPIAnGN8k5xiAQEhFhIs/GwAYkn3uQ0BazEUlk/ERjDCuOgmtoDIbkciTBBCLGUa4Opbb1ar6xU40lVT8pqZKs6PsqyLOKjiPtaNMhINVBGTAJX6bOPi+IGsL+FHrZjqfQZMGNo1rab81iFnTVdx/wApZoweIBMAPhRWHjgdjoOxnlgx9FFOd85D+k6nSc56hbDdh8hgxnwJ0StZO8NRc8bDsVAAAP5knjtgJpgWEd6lavJWiX7C+6UgLYOwJ0otjAJXALOAIdO79XJBofMYLC6rSEehhGYRLF4NM3xS/Vwm4YhOXEoLlYbtr7BS4DDYbE/2NQEeFYZpl7Iu8WoklkT7AHcpqNkWoUakyOEkpOKx8t3Xdt2XRs7v6rKUT1aXZlUZekBmQoIpvg4jfkYGuN18sVoumodOI+JWpUnUe+SElUEKOcHAn1o5sUtp3qfk/hnp4Bi8NidLn41ChYQGmIEjFSxVWEsYA9FUcS5pFIGkbb9gkp/8NlTSZ//7MkY7op8MTyxDlze1weO1zmS2YBw8D34dkeuJuCYAxOKQSHM1oElTLlOaBQCOWJA/mRPj/DVr5179te+g3gXLFsL96YAtButXvA4CRr4oIDsWYh3xi98+ktnfeqseOscFWU3675+1tfjfnVR+nn7nf/4djzo5T++4uUnv5x8lgpbAl5krUm3hf1cSaAMsPzNIOgqoXt4sw80Jwf3uzRzNd8hrG6C2uiayzc21918b9fsnc1VvKUW8c5qadkmrgs7od/M+VzBZJuc3gElBL1wDbrv/YNr2ahGiUQikUgkEolEIpFIJBKJRCKRSCQSiUSiI0LshqA0ESeauZNAtIbi2A/M1vHwwXmATuA5T8RJ8jhpVYiPDsvmQCRYHwzDBBw7o5k28NnyQnOYDjeEyuYqlxcHVUbv2ayCzAOMBz+PlapeLepJUU1MXdsqPlMBbRL/LIiaoKvD0isehH0uOCNloRcS/2LSR/eHr3lKjsHkk9a5edfMmmbedURY+ERdYDwFupvYwlBohTGLn99PPQBuIGgdg6CJQ+bEIcuD8ArXhaHO7VOJllJperMTABjAFCRoLEYTegH/F+DvohlMSAQGowrch+zcoZElwvFxfS+gMQnbK1DsxsAahgxUUo4QDK5Tyf0GLsnlrkVCSGfbAnb5CCH3LrI1dBXYcVqzOYymcBxDETkG/VZwohB+ogqjYhneps7NLgnk5YCsDkxBJGk8HTO+K/Zy27i2a9t503Vt3L8s7Hg8GdWj2F+u63Tq8Wzsg7NFD5wbhgY4Yev0ycwJPqMK7RkIoQN4zBxxVJHHC3IIt8QVE7sN8qloLZbGlIUpLdJLFgxOkK7BnCYAG5gbSGgNNpeZk+XyPa+BwTe0M68vbugyWsUXyyO3P+DkoF4Uh5TLc21IJ/8ZRf0HzJK1qvDgv4MZR4bisbQhbI3WLHpBxfkZRwhNfwwQRDBLveZIKgiysnFiaTAesuBRE8fcFfCtKihbB3fGgCjwNMLBj7PPGwqPIq4t3nBt/GrJO8RgPJfF5c230YxtLV4VrS20KlG8IgN7DmW0A+ah9nzH1+znYtCLxXNClmp8WA/uss3Ni/ftnsWFA31TBFsE7hdAa/TQ3InOjyBaHnSP3ElsAC1dWgdxJu9nRPQCALjfcdvPNyKRSCQSiUQikUgkEolEIpFIJBKJRCKR6FoU8wPJ+iJjAVwt94lRcN5TYTwWTk3wsWbaof1Jo3roJNYzA2EKiCbwY1BHDOQVQR4eWA0lTiCkArBOb0l1Sk/l1MC+G1CLNbUt1+rJWjVZrUaTApxO6qKEWJn4pSxj4Tdkf4cw/PQ/uZsQ76FUMnHg1nF7dLp27pvAJWoVL75p22nbzppu3iEnAlBD3Asu1+g+TycKAZSehxg0gLxOwN8EvnEBLDecgzb1ZeG+Cdg+kwYkMRaYooJVceYc0EOBsjswVad3QAGzDUMl5+yRQk4kPg4W2Xh4DuVgDgRZFkjzMEPfjtwqnUEEqH4jfwTgTOtxAxN7yDjC6KLQnKGBiSCM7mDsCAEt3FRFZioFPmeh0ZaTfTA6R2M8E10q+j0ojiwi+IaBoaB7NxdPjg2p+8FJZt7MZ7NZ27bxm3iM8Xg8GY/qsoIjJQecdI3JGyTkpB2fpgPPFLNkb4KcSp9hhF8L4/gd5F/jNFTdO4WOKsAuxCkFzI63eH5MLDGVLkaVrUpbYZ/wdeNRcAcegaATxaSHk5UnDQ+ZXkiWUWluH5KvxLLS4mESZeF82++vrmVtbQBOw8UXcBUBCWGCLuPcItgI5xHdGJCAine5uETbuFi97pTxcT/0nImz1Gmcbcl9Bu49MLQFzVRjwB4kqHhDssCaxIPB4tcchAQxT7C4wZcIySsGwrwiVylsKa5CC04nuCJVmtqBHJsG9ExA3yECBQlYCexdhelOeJ/1GNSj0lyArCYwG9LO6A4Xb7wbTb3/cTPb20w3ID8NqMFgbLpTm0y09XRg6lGHjJbKLCEsfK8yk2WMGiybdLFBTEtEIpFIJBKJRCKRSCQSiUQikUgkEolEouu0uICpcpHdMerAhAY94zE3xyF0QvkwDm1OWuUawE1Uq0MHxAlm3xgMMzFULw/0PxfysZDLpfyFmjpZNyQDhywyf0DCAIxBYrW9snZtND5qvDYpRhM7XqvHK+VoUo1jWbaqaky5MPgxe5M/PD8M0yHihFiTJS8GzVE2XAWl7Xi1sbgcL7l13axtp/PZtO0a1zm0bFHkw0G2IJCAgXkc7I/Q550w0AOOFiFZm3Txm1jK7roufoXat2HLj2wcoAYFcq1yGAVl0EBsh8lGIGxzYskphHqsIKwjaDb/YMjG4eB6ExzyH54Pio0tUpndmOxqoKmGPWgUj0sH3AwYnbRd17TzBJ14AoYgUASdOnBflzxUGJwxWJmmbiL3CIBOLKbnQK4JQCcBC9ax6wsynIAyPzo+oFGEJaMU6iSIsYFgnDjklor3nHoDs7Vt59PpFDq962KfVfWoKou6jn/UhK0Ymnd8LE+gU7pkz91DfMfA6URnYxNN8T82P0M9VYAVDvnaaDCUiX3gC9X60MSOA97GBHoXxCEZU1pTFrbCjYLon4Ct0YxoKS7pJw5K5ZEjAITtU/J8VyEvpWTUcnX5QyxwHOra1v4ghoXV3ncghr7gVDQqU0bcyzDNA1g8tS7eAFTnjAcXExMKo53BeQ6+SwzGwaSEofMqfi2QzCgA8YjT2heBA5HgD3L8QScgtgDqhwhe9YCDJQcR9DIC7yRiy4Iauozky4K7C07W/C3OngwQZiQrqB6zs3R4b4wzdqa6zWa20TQb3l0839fE1YzRQp6tgxTzZ/h/GLjg9LfRTDYNLmbIYe1/tK79WSMSiUQikUgkEolEIpFIJBKJRCKRSCQSia66GMPwyBBk1wcyrYBqeXBozgH+HJTtQcTJXPlWBfrqNEIMCBMAsYAV7uwawPVuqJkqrMQPMBSVDRoGFfJeQ3cGHwu4pi6rSTkZF6OxqVeLasXW46KqihKSSIqS+I98DPoovc+HHfg18OH1ABVInEdIxEnuoDb4adPMXDt37azrOk8sAtVTDZaeiT7RhiJpDLMjITUCuzc4UItfATrxffTFsB39JWs1sOBIxWOoV+M7MP8DXT+AXTBImZDfCTxl+IAhZK8B7HoHMT5OhzBMtEhZPBrNEAyFaGTsZejXohRnjYD/g+/itGjatnVNIA8Z9sJQBYImWpWUGxLIO4I5HZgnVqUIE7ZYMYjRAD5jcaIAloHxItif6IMCPjKwfzyRYQQETweUhYPyecozSnk/vuva6ebGbD6LR15bXS2rqixLgxiQd47ygwLzJInUWBr/nrhZmpM0t3XyN+Fn8mgVU40RSgYDdMAQA6iRzobOAmtiq8JQeg58NboA5wwIYkFwK3AjQrKWCKnzaUh1GhiFENLQ8WKwfgYI1WC5XXXpq+SScoRzrtJUAAAQAElEQVSKxhymO86fwASZYkoM+SmPXj5OaeeNV/FhfSg8Wjl5g9AJslCKYqKC1YiYxLsUsCkBtnEmlXjoklYuvMt7ROxMyHeJDDfBhudJSa8CR8d3h+QIRc0MTJngmgzJryftw+48Go2CdLrJpPcyx6ZtvJoumHkIe9vuiul073Q6Vb6Ja9QiO6hMYGDNpvcZ4nHwodUAE+yJLPo28yda72/mDVadSCQSiUQikUgkEolEIpFIJBKJRCKRSCS6Lit5gmDcQaBSrALYpFPobgL5EpALAtsYNdOGQMTJTGNR3XABUhtKbIGCJtRSdV8pV1iWtJpyVob2J2HYjmEFkzwk+JW4VRflpB6PirJSdmyLSVmNDWwXGl0+jMnZDlR8RdJDZ5KGLQyw9ooGEkoPyIygyPQilUDTmVvnNufNdD7bbOfzrm1dQKgDQQljMmpC/w/r8jmTJAXPQESRcxCoA14GAWNmdCgKQESC5iSapfprCktRyeoAepfTc1BFUShPgTZw+gKhE3KYoSIz14IDVdA5K4nKxmA6guNCaTUEm1AMhs5OGYukQSDfmwAgTue6posPwGhCCvag3Xws1bdQ8S6Ai7E6ja0lSIfIEux7aja2GbALQE/wlAabEoc1eIe9azC1CPczGSwautIkawjo5Wa+Oe3iYHVtbGRhi5WVlfF4DGY0FMqjdGERjfKpo8IgMQRsbPrrXbJjwIFQOUyHNnjsNE55VLFZMjniEbMh0sZU1ags2NckNsGWzPYYgkkw8cgwbISuFJ6ta5iaYoaHbIHwwqkzQu8xQWlGOKoqGaGkGcmON2oRIzqohr5A2eJi2zeHa9G2gtfboTfAQ7+CWw/Od5wKySQE7krg7AT3QCROXHzoKoQCxoRuXpRf5TV4nNC0gFctWO/4EtxT4G5UYuyNDd4k9yhI5tG0/HyKSRp6ryirzeKNAG9N2LMZzwiJGsM5jMeJ7UIAC5825G+UoD5ETKCZcAOm25aDtphWqU3fXNHM93SzvW0z9V0XrwpSyrRrO3RmiW0H6ITmGMEn4AZEnkYDLUJzqkf6mOYLizsHDv85NG0FnsK1n+EkEolEIpFIJBKJRCKRSCQSiUQikUgkEolQVL5MtdqQ+AwPdiYOy6SOTCxCwJCd0AKMEuYhNBrMUTqVP0DPhIdmrwr00+gDFzhCB7iJ7WvDundwSAVNnamHwtq6rsdlXVpbFUXcGBVVbQsQGH6URlGkjk70DNVo8wfz6aLYFUJz9gw1KUE3uaSbNpxzs2Y+nc0hWKdr5q5TwLhYcuBQllxGMnaSbU7IaqAnYFzXgS8IhNKgxUkq/WehaUFfWg3ap16zqRc0QScEahQIUNBJkS+IRW6oc2MyjtHeY+QMhScFPCPZfziVatJcjdYLTisYYkNVaWq4Tw4L7KMR3wzpQhAR5BoXZm0HziM4e5DlYEiji3V550zbkg9MUDyghlJyFLUfdoUMD4QqrFHoAWKIR6HeiN8GTDOxSBXR8U1KLDLk4KK5eg00Tefatp3PZnv27daY1DOuRpOVlclkkrkQCmtiuiBdp05fB7lMS9kgIZNSJol2gxEPCaJijxtVzCrPWSbk3lIYCxlQZTmqTWk5fIrRAU+Nw/0TR4OtZO+UQFYxpm9xv2iIN0iYiuptT2iepUvhdXWlzE7CoIOWngzqqtieXDVQ4JDelYiTxSskUsP336nkFkT3PKLN0LkHXu/A1inOTuUCpHk5mMjaB+OC8aEIYHYShxqgE16Q8VtAqkzwYG2iDebpAF9ig8fdCHDzvT2O4XVHt1yeWYEtejRwbx6DlKhhhi+BuY2+NzzeyZaCrwwt9MG1QkM9rhhc8hCXAyliGikacCPacN3u+fTy+XTdw2JVVRVvbwHDw9gwibKmtF8ccMR08mRkQ6swZLXwDmsGNE1O3OFbENjJBM6ROpiwr/nurum6ghPoRCQSiUQikUgkEolE17LWN6aXXnbFLP7ecDqPvy1TIpFIJBKJRCKR6DApllXH43o8qm94w6NWV8ZKdKTLc16K5vK3oo/N0wZam0BB1tOjQ+4kPhqK1ME0lgDBIfh5fkAiAhMjGDrB1V429dA6lyrZrmGQd6O5vs5sClkJEKKiIa1CjUy1Cqk61VjXK0W9Wo/GZV0VgJ1Ya9nWAe0JEkZj6NgEKOTkF7ggLDPTWyjGgr0yqD2aP5cfv8zbFoJ12rbzzjmPF8Y+I/i1MMQGKJM/zw9EDpsXYL6Kx2ii4Nuu88wY8If/dQpGYfplUC4n9ECnajITKhTkA0EspgA2AzNxgqJUGSIpYDABWBm4NuTLHxaNAxMuOlmhUKgN+b+kgWDSRCmVHCxiTd51rgN517o2XpnShLSQuQYdA3o3zpVYeS+pRo9FY7I5QeIEcnKojMwdCs+T24oibkZxHI83Rue50xNFWIfOHQSGFdDNQPfMprN5M6+ruizi/KhGo3FVVwqtUzBsCVpj+gtSvRkOhx0lzwscH9qHeopbgKzPIFQku66EoctHYdYsoiRoRoMJUBrzgcDPBbuJWqNosdEUYMSKgBQ6aDok2kwo7l+FAU+MIqQdzMB5Iqje20elyUP+MeqQNHStYABiMHnyvNz/u69RH4o0vQfMQ97ID04j6l+i1Ct07UAfIKfiCndAmhkXYBs8TgLQJD4YjwFRiFEAIgXmJQBTASflfYE3uLhbCYwUPOKiMIFHkT1OjE9LPwy9P5DUMmlb9RZQw+sjYyK1hRlCRCqjdorsTdK6xiYHSLDSQKEh2qYpQi3eyxvlp527Yra53jWbqusgHMjQLRx6CQxZDNpQBXA3CZmhY3Ys9EgdNUuHZEtFo48XGzLQt7BgeGRoxoZ82OWLzleJmGJaiPx3RmydF+xEJBKJRCKRSCQSiUTXkuK/TH90wcUX/vhSJRKJRCKRSCQSia4Gdc7tW9+Mj4svveImxx593E1upK/KJ+JF15g8hjwgaMLwAFlxYCYM0CROkcGJb71zOhYtQ6t8F0u0sbRo0OQBq6vw8X4qpQPBgIceFMEpiQYLjYHOCgpU4eRyKsTWUGYIFheBTqDaf2nsyJY769Wd5WTVjlbLyY7RZFSN6rIuipI8J7Aa6bFOSrYRmi4qi3NPQgIpcvCDTrV5xdYTjBhAsE43bzvwJ/HggQC4gCXGg8APy8k6igJpNNEWQDWgQQC4JmC2jvOqw68hmRrE97KvhupdAegQ3GEh2b0EyrnhE0CADgTWxEIyXTQ1AMM9OGSlN93oC+5wrpDdIPKeJvkvYC6Rp3Ck3u0F2RrvUxZPLFXHSdA2zkFszbxpHUJFPTOksmlKLGo7kwwawCpCK8j9geHB6ryxBdmEaHICgbI87GPQNgI5BzR1oZ7lGn0+EeEtHi1zwDnFaNc1UfNmHpsVW1qXVV3XsZ8KA+E+UEAngwUdBjgH9bjONXs+B1TTEXkZTl+dXVKQOQFgyaYeXujx/KZivLZKzYVcIMBsrKIj9wdlo5ns3zA4ClEE2WJFLRmL9LlTKr9jSJykZ3T/Vr2FWDh0XVdu4iH0iEla636h6RSkg3M6mx/BVHBAnMS7HIImGKDjGCsp4uzxON2IOEk9iY49waKJCbJUwSJlQSQFTvTEjjFi0k+pRIqofBcIA5OWrb3NpjUDlCdwkg4dpL+8hSFOjizslaILug3EO/em7/Y0syvmG/vambfGUziZJp4JKJNA1iLJJypen15sm06Y3rZTI7Nyw2vZcl1XclLp4ZIkeE+JRCKRSCQSiUQikUh0reib53x/Y3MaN254g51H7dqxujopi0KJRCKRSCQSiUSiw6RYo19f37xi997LLt9z4UWX7t27cfvb3UKJjlwRbhJS3RM9F+gz81CFbcHmBBJhwOBE07exaMmJLZ59IKiomWrdertiYPZc4A/kA4qgyB9lUEcM2T8B8QBtMW6kLuxqOV6tRytFvTaarFUrk2oMOTuxlo82GSnmIfSfuw8hR+pkqISOHZaql1vdA7B0G2uvXes71zUuTurWByzDYqOMMQh+5IwVQ0XofBXkLkIeJx1QK57SMFRfeOUmsLfGloJsb0qhycXEoJsK8AsWI3TI2sWgjUG+BkN13hQcwjYIiqJ7gIfROauFHE0wGkZDqE3GH3IzmXgJGKwBLBJ4nDiMr2nnbRM7xWBYjsdsG50wiIBYDVXks3dHbKQ1urAKKZB4umASwAGdiQwOohnWDmaPpZo1RfzktiVXGOR5fBc66OR2BppO49M7Vnfs2LmzKkua3b09A9JM/VzMc2VQ7jd9IVz37hh9/lDQfR3dbyma++E3RT2q+4lldPLO2WLHgeOaTpbPrgd7at03N7Vty5bqjxry4dMcIyiGLF627n8wbee8ceQpj2nIOS/cb9kdAzElnDjg0YSbHbwEHidsbaJdnPDaeIDjkDgBgxLr4gwmtg6Px2SXLwCNQisUxMzitIaZjXcxo8g4iPdnz6Z0b02wiNf9bEyXMWTGQp4jOIqw0tgeKQVKJXJGqYys5ZsyplHBAzG4uP6KAOFY7dy7y2cbl07X133TxMYX2hRIrmGKjiWeS7OvSPpjAYpCkmxpEoS8W9Yic/ITKUFtCRNjTlGJRCKRSCQSiUQikUh0zetHF1y8sTkti+IWP3X8jrUVJRKJRCKRSCQSiQ634s/bR+3aER9H33DXd79/fvwJ/IILL77pTW6kREekMF4CYnSwBOqQtcBvg3OuDZCf0ulY2fdt8B0SJ5hHATVOz7k0gW0ztlbA2T9E5VcwFAGLhgA6hAysJHnEKDA3BZIrYn3RQUhFZc3IFmNTrlbjtWplpa7HZVUCq4DWKnzsodNDsm5JbgJkYDFsHyWc8Lbmimq2SXDet66btU382nauA2bEG2gyxeqkxBemIqjgq8OC4CAUROM4sUgvFf23+BpoxhIGTYIvmKlDrioWuBOLliHUUWC4EIaXj3Y16WoUJoc4tHOBABEMpAhpYAJdiNGpKj8sMOO3aAIBrXfQD/FKOucdON5gvAuTI2CRkDNeKEcJU0eMKcGRRYPHiQagBB7oD0PbeGlwOQXU62EHo9iawSwYGrAFDZwQXoD2gNWM1k3rwd2k69pm1rVt7J9xPVpZWYEOSr1oFsr6gS4v4U1pI/QzofdoUMkgIrEmSnNKFL+getuJrfRHkb0hBlSQp7K5WnS2SGO/qDQI+9HWc2bWZGB8QfxW8Op6rQSZ8LXj9AmJ8VG97Q/eGAjfgIAij+uBNpg48QYNTiySGoaIEx8KitFBgoNtSdA7CKETuE+hyxPcCrMVSo8vJeJk2EI2PuFnDkUcN4U5QHxdnhkUFfoTJDIDvwAXoyAXCKgtWyhr58FdMZvtnW3ubWcboXMG04AKw4liAT2adLJ6ItMnvXCLVmGQT7Q4CNshUIdfQ4TwmjifSCQSiUQikUgkEolEi9rYnF1w0SVx41a3PGF1ZaJEIpFIJBKJRCLR1akda6u3/KkTzvnOeT+68JJdu3ZMxiMlW4gLVgAAEABJREFUOvIUMEMHv2LQBFQyXfAOUnVcAzE66HGifKOCg9SUlNiiEToxByv8DV1MVCqM6hTNQH8aqOhSro0hkEIj6RALwbFiOi6KtXplrRqvVqOVarxS15Oiqi2ZYrDNiV8iShL2sfUD8XRqolV6q5GcP6KYB2hdO2u6edNM2wZYi9gzSH4oUygM1mGPDoAghlYjdGZHdWzwBYnvdS4TGYuf+8+eHgtN14OmEr9h6cwJN9HIcFjKnUGCIr4Ysi8JsiIG2R2P7QDoBKrUnqMwKCqHM2y87h1OgEywusCBYEsG4G/QvqhpIb+mdR0aRRB6Q0FJmEZD54pvt8akTgT/BA3cSVUUlWHcxOLORXxg7RqiicD4RJcUVoT2EH2YTopf0mhQASE8mmds18VHO53PGvBqAAuT8WhcluW4qsHNFAAqhy40fVrQkMcw/QzUGUAh2CU7oyDsw6NGPFKaMF5xto4akB7LHiIFsz1Lvj/pYKl4roevDBbJ/rS/0n5YhADyccKWaXc9Ug/TLF976C9fMZHFWBVTJnGRYoZO/AqsCdxr6BEULHEM1jHImhRxTgRkMwiR8z3OUnCMDsSJYbAOzE9D7iI69FE3YdiGdCsM2/MmA5uTwQ4hnTRl6gScvcTtJXqF51ayA6GlCdFAndbxFj6fT/e180tn+zbmU4dpWuhzhBE6eChgZwJZNoXBjYgacChTKGwhUfRVJEOW39T/ndG/GA4V2BGJRCKRSCQSiUQikegw6uJLLotfjzn6KCFORCKRSCQSiUSia0Y71laOvuGuSy/bfckll9/8ZjdVoiNPaGoCnASbceSyrOogdAIebfCtCq1WnSYyhMuZSJxgSgsaVBjdf8xebfsBfgpwGOaX5K9cbEcTEQU2K4EwilFR7Ryv7pqsro1W1qrJpBqNbVkBwMDxLGFwEL4iqsmG7HIyON2g+A6uAQxt9M2lomkX3HTezpA4AdACLT20tQq9VTDihuN12P4C5bEHHZiAwBd4BIjX8cQdGJ38UKDirfX28IDm/xSdyWCWD+A12PISuQxLOT9cuQb6R6ULNWTLoejVQDYlioeWkz3gXSb1NQE+ejgA7KSgIWTDd5gQ1Lq29W0b4qMDrxpluSc14SnohWBCfINB95N4+MLa2pR1UVSWuBNoegFICoIdUMdHGxIwLCH0BJxLiEMyjFb0wEDsVrgKSOwJrm1i187ms+ls5lxL+Twrk8morm1RGASXMNwnsTTJBWNLjRo6JFD4CVMmCDFx6pBOqTqKsQ3YGEAOgN7kqayXsnUUAAlmGArEw6vylKRj+wXERGcUIXl3cCRLPotaihTZH4OirkbOhFugw7WYbrJEkyW6LL9OlFBcfTrDHXRXcJiq41zGTQyiJ2xqEsDOJEC2DmzTVxu8xfsdOZ0YzTOJmDuY8fE4ySfJcMbV8E4XCI5h1kQFNQjNYfRNLVxHvpiBQw/iZORKlWLEMNzMMNDCt0Oi+ozzGK6ltbOFM3oe/HrT7t7Yt8fNZtqpGqKv4somYyLlDUw3q3P7hrfokHuvb+HWu+7h1uL0Hd7RFf0tEvILIpFIJBKJRCKRSCQSXaOazebx61G7diiRSCQSiUQikUh0TSn+BH7pZbun+NO46EgU2Jy44AI5nQB9gk4nwXfBdUicNDoAdJJtBUz6aijBgawgQvqIfhhUzLdIDzEQ1fsPqD5NBoqe8ciFsaOy3FGt7BitrtXjlbJerceTqi6KAikMQ94mYeGwOjlkhAydUE038F75JPwxebhoja4qXEuG62+6DoiTZt60TQuxPOAXQA4siV1JGMAgN0iBSwwIzU3APAZBHjolwQwUZKPQf6NHbvQC9hIo74aSdADUAFzD6uTDoQn3CXjqgK4b8MZOMzUB1gw5AASv0uls8jHAgpCYUUpltoH5CI+OKOiiAq4mnevA68XhNSnoq9gC79PFM0mDHifEnsTyvTW1NZUtR0VRWlMGdDdRoYRIHe7HUpscU2S4d+h64tBrYi9y96BzjCOblti7TTOfN/PpfBYbVVbVZDIpy7IuSwPONxqCh6C7Ahu4BDXo4d5cAod9MCfy0CZ/GcpBGkQwqcQJLXhqpHH0CzgTqlioh+9vPVA4Uz7oYGYtEC5bfFTS8/2hdb5KrQbnW6BSDkuNnjgqba5O5uCgShiCGtw1aDz6mxDxVl5xRJQnng4MlCBMxwXrETHpvA1x25v4TMD5pygfB5YZPBPwTucDe5lgB5OpSVwLmjmpMFhNQaVv++wmTr1SftDmoYbPhMC75XtlCAxNMUIGjcKgHRXSwmfaDIPJNHi5xJVQVfH+tc91602ze7a5Z7Yx006PCr5Z0B0Nc4EY8TJ8Prs833Tf6+mr0Xpry9VPbj4ymFfZ+2dbvMnDGr5WJ6FIJBKJRCKRSCQSif5LanMKv+YWmxORSCQSiUQikeia1MpkHL8KdHLEyncOPz3fBYI9AsaXuBYewJ2Qx4lD75NgOPAlFVUp4SV4NjEJHCgRuFzY1w+pxqmXoxdSsknPPXDASqz8VkWxWq+AwUk9XhmvrpTjUT2uysoai7YSAd+svWarDhQWJ4H38Plj8TpxBN4HdhLh6AliUpC0wZwZeKsObeemkNoyb9vWkQ+GIUQCnEesLTJ3Qm4aIQn6EUXxNF73BgSxiBuGQAGhJ2gQkz0NuKngsAGXb7UpLNIYnJVjmDUhHAIuhriK7JYQjM7kRO4Nr5LhB6XVACVESAuDL3qY5gERNlQWRz+Fpm2RvGk94iZk5RICXk3PaLCBDRTffYhjU2k1Lsu6qMaQcxP7SNeFLYwtIRAJXWKUBm4IuybgGZFEYejGI3Lk6eo09QeU051zbTOL6lzXNE08Wl2Wo9FoMpkUkKeDXhCaJo/PFAvmKHH6iKO6v0+eLmnS2dSLlhmTwBSMShgTeVWEnPDhsw9KBj+yAQTPYoxeyYtB7V95TehtntYHeEt+zS8iJkvS+3n+Oq8BkIGxUoi9KRpeWt2eBs5xCA0QdeBuorqgO2/jZHXK6mAcQCfxeesVePVoNpwhCxGLN0VYqToFTmmYoBZvQJonEK8w5j8QQxkCThnC28pOJOgpTTecK977wWXiV555TM4QcUImPhg7xQSJNsB+uTjXrWmVbrpmo+v2NrONtp051wGrp4kXDIzE0N1G00UFRD4Co28628fkdaAInoG38HpTV7OAa/PxCpVPfk464YJCnIhEIpFIJBKJRCKR6FpRTphWIpFIJBKJRCKR6JpSWULtteucEh2ZIl8TtDrRAUNMXBecg0ATzNaJOyjFJhdkuWB0TofwGTzQfQQJlSe3FAQpzGT4PBdSe6sPIgDiGQptxkW9Vq/sGK3tGE1WRuNxOarKqrAFBLMgCeJ7s5D8YXithp+KD6onWpIRi87mIrE4SxQFXo6DzBsVL7ppu2kzj4JrNtbEMxqURmQCHVYQhuB/Wgb2iAFyB7N1EneiVMZsyKWDCqWKXSt0Zk2SDYtnowIFREYJmAlUgKlvsfCNDgsUlJPjdVSmTjwlHFF8h4bytIOyOFk8KJfTYvDAFN2TcJNkGoG2D+yTQnYv8atDKMchjMKmHCZwTxriRSya4oTSqEqDP81KVY3LalRW6ByhSswiKiiRCCmSAtETxGGMTkfNs4NdHnA6eZwVsVs3AQWKxfM2vnUyHtdVXZRFVFmW2GCfKuiU85QtJrIHCXWazrVqmxxBKAWHY3TSZE7EAJbY6XBM7WQrDZ2GkaZfTlDhdxY9D7Sd9PAPxkiMIoBLqwEmgqSQ6kvsWh/EsCS562xzAnX9UFriaZnlzZDtYdiOJ351mBaGyTgQqdOFuO4hSceHIoTCAW6CFIY23lucQLhMgTKxgb9yjI5hzEPnGB014Lx0P0QqJZUtgCe9hjdBbXriZHtLD2w7O1EBERiCSvdSurMQcRKvwBlMRYvPWz1z/orN6b6m2eiaeXwbuSZBoJODeygtPTw1gV0AFdI9mtGZPBHT5OfbrCHYjYm2nlmjsdgf9nTlpJPzVUAEDKOsdPKwUtcA7CISiUQikUgkEolEIpFIJBKJRCKRSCQSiQ5VEL/iASoIWLmHTJjGO0zVoWAd8ABJfANgBlzV1cRAKI5C0WrByWQ/ZXG9sBXUADzBI4CLhi61nVTVjnoFH+NxNZqUdVWUBYAKWF1VUEkmKwtNiS+ZiMjZOoM6e0hl+GQXMKjvaiqUkkMKlHQbUOuxuKrYFIQAEEu0hiZiA5tBfAmBJg6YE5eNT5heUMlXgy1ienggcME69P1JDgtWlXRO5HiI0qCwGJOuJ0ESGqNt4CtWrkOCLdh4hT0gMv7CqTps3KISPYHmNuxiQqEZzvmmjepylI7JmUl9lT1BHvEBMFBXKDUu7KSsVopqbIEKAZsWvDSrkq0KdgmeKeSOyeyNZu6Ds5Pa2J9dO5ttzsHiZBpcB0k6VT2ZrFRVBSX0kI6WvCAGeTVpQiabCYPMCZfX04voIrMwOzE1KM0Trun3DEhCllQGhtjnxjFXl+vhxXbldr3lSexf8MxR3Mg+VSef0Oeh34/CloMvrb/ry4dvstvGYkYXASaZ7eB5D8MCSToKk3Hg0QXj4AHBOl4VTqHHCdmWAEaBbBegF4RjGJylmjkmRZPM8jnDsJN7vxpC77h5PkFpAIckWE/r7YNpEjgThrEyvENchh4Tfhz7SnFkV0geJ5CqY4xTutOhM2rmu8unm1dMN+ZwL4f3KvKCgalg6eZEC2FwO0q40uDOnDpYKQZoDJ2sx2m2anhNB6SjDiImYRZBnN6hSIfwkxxdJBKJRCKRSCQSiUQikUgkEolEIpFIJBIdHoXQAWsCjELwvoNvfRfL/Uo18BWYDqcZOMl5IkGHwef6B+TEUINXjd7+eahymlSohXqoD4VRk7LcWa8cNVndOZqMi9HY1qUpOWoGIAjy82DniWRzkFAPv/UCKQUiZNcRNNcg4kCHZIeC2Rtuc3O2OZs2XauN1dawOQggIODNYYkAYSMMnTxOVHp4boPKrgfJGUTrQX2ZuAeP125zXZZCLmwBLiDW6gLBEMQjyOqgz7IwXBMPPBa6T5CBLcwXQeMVytYh+MIiZDFgF7K/iCbaBuxuqA7tnJvP503bAEjBrgcBwRHFeSI0fANaJDaptMWkKFfKsrK2MgpdT6IKssAByKWALoWiNVpLUMiRGgATIds9QBt827bz2axp5rPpBrA4Ro8mq5PRqK7KKIjCQVKGQCSy3EEiCVNQMGhFhUFjud8JNhn0JHVg6s80w6lt/WSi59Ns6cEAmgL0Ne3GY11sN+czunMV5LdjVvarXJG//rhCDPN0Bq4yYfAlAWdozuHB4wQidTD5KfafcaFwmKFDxAn6nWi8IegeoQI3HFyciH0p2vA423GjdwCBxvBtMbUNZmToG0k3l2zDMqRMljxCaGfa9P0lUbKTwgfScuiwhPeTguOnOAkqeKvjrTrevGfeXTHb3D3bnPoOXE9gEcIipR2dipsAABAASURBVBZwU9JdN5075DWYF6QPw75fAmUSL7Z8OYcHBAkhDA19wrA70w7qKq8kkUgkEolEIpFIJBKJRCKRSCQSiUQikUh0+OQhQwdMOrB43iKD0qoAxInWHZU6s2MEQwFcm6diK39ifumw23g8LFQweR/DeIY2SJ+UEM4yWq1XVkcrq9VktRqtlHVdViUGs7CnSjYLCUtmE1T93yZ7YZDCMfxAv05mFvC+tgNnj+nmZtM1AGfE2q4x8TptURjIhSli6dkCPmM8V5sHoIvHYB10PFEMeWSCoc/W4erzsNacOgWtVIBNKQsL0AlgJybxIvhezT4oFO6hdEiVYwVmJ3hVhmvf0A7V57zk6rDnTTIrYPMLjAAJYAdB5jCxM2Zz9nohNxRuATVhMAHIEURjt5RGT4pybVTHr7EWHh9l/IoVccOVcQUQj8FgDw5oCguWKTQsGuifePrN2XQ+nzZtE69Fezeq6vF4sjIe12WJFA6X8fv5kyEARVCJz8c1jNawmQ4hUti3qUMWZ+9i9dyHAUDUQw1b3kJxS5gaxC9tD50cRAs7outJ0Iv+JYd4qOFbrhci9yC1HECzSCEERK4Cz2WPHidxlDuP6TmKDU48LGIbwOakgAnn2c7Ek5UTJzOZ9BUJO+JOQppBeUkmexzNYTrZgQMXpR8E5mSHEq0yqqIGJM3A6SR9RQen9KpiqIyycCjyK94lbID7NLCCjVZz5WauW5/PrpiuT53raB3A7cikU+uBaY/WPXSi0ysm9yp+1el2R5c5yBAy14R9Tu6TkBicIbQoEolEIpFIJBKJRCKRSCQSiUQikUgkEomudWlK1QGfk1iibINvFaAnLfidxGqs4ZI71R8p4YUtIxQXXrk+mqNkwkKhO9f0F8xOND8DSAJGWFgFheDxqF6txmv1ytiUVbC1LuqiGkGwThGoHWE7uiWoFKqT+ZJtCpKhfwPII77h8X2dc23XzZsmlm6VjXVcjF2JlV2LlV0o7moiG1LwxNC6AmGT4IcBK5TXE99IdIRmExH2ucitS+gOwB2Y34MRPhjeY1KjB8YkSHtQyEUaAK15CHR2oWEiI2S4BR+IRFCuDp5NcXGcXWA0er3ErWY+b+dt6xpjirizTzVn9CVJ3gaJY7HKlLHZIaxBClKxUpRV7C0fS/nIzVgzqNFjs+niMcoEcQ5I60APBaytYxW769zGdLp3356mmcVzVFW1a+eu+LUqIa+HjFLSpMLpg8MO/AtzNstD75fMWfL4pVlihoEoathpijEVon/Y0AQMbRaOiIpXmwaVk56KRXOb4ZAPtdUfQi9/DcuzPl3FUou3uPzQC8sXdhAd1EMCQIds6XOQ4+RzZkAhz31ubVw4Bz4KvQkJraDUIOsFs2WYNQPaC2kw77AngATTTmnnKE+n9BipE8DdJA6Q8R6hE0BMCoUoB3nmeHT4QK7N8I0P5ivcK0LI/kKBbnO44XCNIrYCqT+9cwi+KwQMvjLUAyGjUV71Q2H6pJjePQnpMrSg8om60OR3AreJAgE4DMexvrSN8hu+mapuz2xz38ZG4zpvtMO7D09hw7FkuFgoJUxrPZxZbD6kFu7W1OGIbhlumkuT3uhtoZOFJ8OhME9aL023gZMNNwXvGb7nFrkjD+HgIpFIJBKJRCKRSCQSiUQikUgkEolEIpHoapaHz8i74BvnWqM6rSBhJ1Y7U4FP9+4QZCzBoAnFwaBdRIqGIQsScuTILAoBEorSRzAzAeu5hq0BYs03bjpdBD2pqh3lZGe9sqMcx41JORqZqoRQF8yWUdlVhSNiuKYLlExyslCZ8QgJBuhroIA5IPyRrSzAFgEr2Z13rXeN7zrYzSokIQpTGFvEi7YBwnXgqhA3gPammns8fdPOHfrE5Oo+lmWhJEuny/ABVqUVebpw5wUyLNCYjWEKOA2AGQZ7EorRaJ1CNVcVnGFCwlPVlRxV2MYAdyUoIrckwT1kSmBCD1FAGgeiRnAiyuKJ33Vd18ynnXM4enEmaBdr94Dc0HEAVolNjNcb/wRHE68mxo7rci0OVlkWAKCoorRVWcY3qeTXgKQLYS1gPEHOONoCzYMwAVTs5207nc66tpvOplEO2qDqut4xWV1ZmZSQzRMbFScqojMhTwKFBjEwllzah05JNieaXCtSL1AXDCrqmkbTkSdNRlicYn8aTtuh4CT86mjckUWymcDBIczzjLcLdRiU2JZrtL5+dVhIeHXVlJNryD7EY3SOYRqCVx3AHkT6eMRNgonz2sX55jUQJ95isA6k6gR6BKLn8kMnVsIQf8X3Gzx/MhcyBJMNCJp+ULiBfSJMsjii6cc2JYmZ61mK9EcCxSjpKqFleCnQccyG6QxggG8L4CbxzqV8F/RG6NabZne7sd7O5q4jaAYQL69TT3F30R06bGWd+uboHrlaHgq9tHH1KWUnhSWKRSQSiUQikUgkEolEIpFIJBKJRCKRSCQSHWkC4gRK6Vi3hY/tO9jwvnfaQDuBocvAVq+GHM2w7DSRaqwm5NL/oH4aMFYG/DRcacyoGK2MJiv1eLVeAbMTW9a20okuGJ5Z5w/DY7m2NxcI2zYiNWTx22yMEuu2TdtipEyLWTEKC7aWMm4AjoAWY6gLV4Mxqyb2mnNt2zZtA8Vc5icSdjM4Vf85/oxKUBcgmmMMwRxAYBQGzmWwz23vXMKFaaMCR9tgB1C0DZaSfe7q4Lf5+H+fhbTUCWhy4z1nxnRt17TzOPZQXMcGekYFQrJkUZQBFP+wCmig2tpJXa1Wo0lVAZ4TVGltVVW2KBgJoSygRAThodiiwHmAXSj3Z9bMZ/P5xnRzPp21bRdbVBbFuB6trayOxxOrw7C+v8UYYdDV3Ew4x+ByucpvBrxRGseF4KjQm3x4AmU8kTnecxE8Da7BvCfDXhLb67BAJ9cLXVlEYeAkk4gT2kz2KmmcAhEn6GvCYToKo6IcwiLOxweYlzingTjRBCHFcbaEm2S+BAEuHRix08nIRMFunt9FbJfKFFM46GXpdL9j/yXmORbvTyEF2PBtuAdNXMpyCskmhe+ecdpZ44zpvG+Un3u/r5ntnq3va6YNdkeGq9CeiCHBwKZJmq9xwDFxyM4Br2d4+7gGoJMlHdRWRyQSiUQikUgkEolEIpFIJBKJRCKRSCQSXVsClw6w+Wi9B6eTWKCNtc/0Sf4e7+gdB+glvb33wlI5Emr/noMbcl1z8IF5Q2iDUbqy5Uo1WqlHk2oyrkejqgavjFTXDSk+RiUzk5BkeoeRPpZhGD/St39w6vwxegf2Hm0DxEnjY20aUApgKqwt4oOtMLTR6b3oeOE8JvJ08Z1t6xyQGeANY4bmBbkHBsiMNoyncPkYUy4I5tC6AOcPa9iCgU+G/QzOJeTmQT4xSD4EPezt0HfIYCyIkdBkxUGFdM1Xo4DsUMGRfQcK+Jm21eglwv2GhzcpYAaJGeigAmgLXRowp1kZj1bKuoiXgONYFEVZltw+xbE5VG4nSxCsg2NtHaV9aLtuc3Njfbo5b+axa+tqNBmNR/UIpsFoFI8cezrPnqVqN/vWIDyQkRLmboLqDVqW3xj6+ZlaSmEjPMpIFGBmUkc2NmjxgolBaHDC8UJ9V29ThRfoZKvCIREoW3uTo2qC1ok1Q3seDoxBfkkDM+cxOkcZYE3g1qDRWgeDdQDaIpuTAikTy34nAdkvXMNEfwTOyiFSI61DCrPp6aew5BKi/YBsS5NV8/LGgyCslFxG2LSJ5h6SIYT8wWpUjJ44xEfoSB5sjiB1S2P0FoAwVs+0mrpus+v2Npt755sNQDc6cBYYz2qjE/qSe16z2Ung7a1+J9uNXDKPGn6rrl7pIWa48PcN/1WgRCKRSCQSiUQikUgkEolEIpFIJBKJRCLRtS78fH3nfRt8G6ucUM8Eu4y+8MuVPzI7yc8yTKBNyooYch6KQmvwDxOroJR7QrVZ039mH2w9oEysRqZcKUcr5XhHvbpzsjK2tQX6Ay1GKEojOX5oT8VnrzhYg1J7mOfgc2uu9y44YoSA4EWqtCJR4Z3vfAfEiWsV2leoQFSGthSeYrjQCkEXnlGMQDk9IeS0HqohB66Msq+BCWbAhQSkbpAd4XPAseMeRNYgfYLAS2JbFCXRYA4O4B54+riv0eQ6k2rfRN7kt6QuUNwFWFymnBg4J41ToLAYFx+uY+ym6zrXsfFDEtS3rUkkR2wqnN1qVZpiVJTxsVKPVqqqiM87VyJuUqEFiKd4Jq6sc/d4CjiyTAa5eO62bWbz6Ww6b5p5M49Pj+vRjtXV1ZWd8WgGc3diG02fT4SH8wmK0n11vZ+xwfHOVuUX91MfZ4BBswtK4mRQGKqDCp5sTeJXBXlICg1O2MDiAJV3gU7UFi7Ah4P7g2x3lHQ7SZuebgGYhYROJy6oDkGT+IAkHfQy8Yo8mpA4AZTEwrZH4kQbboo3OiMMtFjYJ0Qp4jGAAKG8sOy7ohfwsrB4uWF/E45OpNmZSCla4Lhz3HAaYLYO7ykOLojvwuxTFFcf3DCsMujhotXcd+uuXW+bjbbZbKZz53Bu6uzWgiiLSb4tCX1R+eY8uIKEvujBZSxp6YquEeLkIFBJuLqbIBKJRCKRSCQSiUQikUgkEolEIpFIJBKJDkHBNcp3Bj4kDyQCfuY/6CFromAL3TkSV8LuFcPYm+3rf9m0w2QMIvMpgJXEmqidVOWaGe0cr67Vk/iYFKNCW4tECqbb4JmJm1AZ+wgHzlsYhHMs7BbSk+QM0rpu3jaztnGY8wJADJSgmTjRi5cWEufiGdrAMAy0QlGBc2j44tAUJJWeEUAZXD5BLXDlsYScsBZD29mWQweMCqEme6oZY096Ng3hs6FJQ0hZQws9wA4nuu+OnjhxSFM479oO7VriF7icPkaHTmHYmSRABhIxKFoX2kyKYqWqR1U5LsvaWuO9sRbMacqC02e0AW6DaRyuaVsYRjRWCb7t3GzebKxvzDY2XNfFtwOwUlWr45XRaFRCfA9W/DGQiHJ5qPyukV/pWR4o4FMZ32cORw8NHgYjuGWO0ht8spXhA8Z+abuW0IB4IYUtiqqwSECF4JPbw8EL3tdJ6ORwx5iELRu0Ug7UfXEI1MBZiHgqRYQGWiNB3BFiQXAwwNa87oA1sYiwGa8K79F4B1cO4mXxWHC7CUil4I3JphWNDj5BE9UFU9arnmTKEFNIdJ1XzGfo/tLSZMSZyfMoL34OuUmMhOP3sJUQuhdpiDjTygF9AhtwfSH5+NAdEDA8WI9EnDRarbfNPjffMwOHoMZ1CPEZtjDBlTwMJur7fACfqMRqab2FnrmWdUg4ydUPvohEIpHoeivnHBoOyl8lIpFIJBKJREeK4m8S6fOCIpFIJBKJRCKR6Loo71odoMQONU+o0gadf8CHkn8fqqD5k/9Kcw1zm1/UDouXGFIBRVCy8SCIQaW3YtnXjopi52iyo5zsrCZr45VxAak6NgDZADkmKQBCJ9LAJ5eAxbNCCWmmAAAQAElEQVQy0kHwRWpwWKpdhvQylqvBp2TetU38DyNUdGGhMB1PC64W3E6TrlWxPQocoYP9PXAaXBlm3iEwGKGZMQl9J1GhlxgOzbuAh4hF4xcyVjEpSsMgWpE8IaCGbCjaRtNxNJmq6NQ0GpSBTwF3gUFTjvxErj57hE46TI7punbWND4wuKKpwTmVB97hySQitqpQKo5LacykLMdlEceuMqay7IdiDTYc8R3VGzRo3SeRwB/xlPO2mTbN3n0bG/v2ubYpi3JS1ysrK+N6FLdjnwTfhUBMDlX7EUIwBB71bi7E23hPXI7PsxIycAYjqA4QHwLuJnrAJgFK1HUUN+TiccqqtAXNCJpjBnfyeuBKk2fX0rFNODSpg0szv9U/NDlwDB6HRAzEyzvwA2eCOoxCeCdbgyBWoYjc6t2KFh+xezueorgx8DWCvCMPgBTk6ajOx5JRXI66c8Z763zhQ+l95eMGPKxTRQhF8DbABrBRwRdKV0oXKljwO1FxilmlcYODa8BJBGEWxJE89Te3WHunKP4m4OJHRxLF5kfwdqP6hUOLCj2F+m3kUvCBd1x8P9yAFTw65Vu48hCvEEA/WFYFwCbWwgqIa6Meu8JOvd8zm160Z/fl6+ubTdsBFGZtUeDtpTD0AGeUEpYQLM0i3t3i2oUHkn75QTcknmTZOejwFeD0wZT39L2AucnKfkMBH7jFHlMikUgkuj7p3//939u2VVe/4t8hL3rRi+53v/t9/vOfVyKRSCQSiUTXkj7zmc/81m/91tvf/vYD7POOd7zjv//3//65z31OXRnt3r37CU94wsc+9rGtL11xxRW//uu//tjHPlb9xDrzzDPvdre7PfnJT1aHQ1/4whee+tSnPutZzzrMv5MSiUQikUgkEolE16RiYReqsbHg6Yz2FMfAtW3NXhGYRIEPqpiCBwlhEJpDKVAD45OEL7CwIIuYBFZ043FiMbUsg12tV1aK8Vo5WRut7qhXR7HIr20NMIPFf2iYTG9Q/VFhdXJQzO0rk5R1kv0RGCaAAmas4jqsWGOmjHNQunZuOp91XdcgYcCMhjEpaIIPhW3oS8axED5vm/l83nQNhnpQGdlj7A2XreFiEYywqr9kDU/CV6wHm8LYypoyFoq1Lq0p4gOMQMDlwFBvA+oRn4GQEIsuDLkoD8/H0jGm82hyhVhiGHS2ZlFcRIY6OoEpYd6CrwkyFV0TLwVCbbCJ8YCIeVAGj1FsxGJxrC3mlpRKj8tybTxeHY1WR+BJUpexjB0HEnxKYv06hR0RmqTo1MraWPKOlfpZ16xPN9fX1/fu3Xv55Zft3bfHu3ZUVWurK6uT8WQ0HtWjwvQsjga7Clegt0qBlIfBbgSkJ1b+cd5Cx2LejUFaKD4K9HtQzkOaCjQDKSUYpbAEn6QiO4xWnBKQ9dPEEj6wRPH5eEV1VZdVFTestYtrRh8YHaEjS7wOiPkvpp2CSnlGB8hPScgYKORgHYKK4pCTJxMZnDgPI+3A18SC00mwQUOYDmZTodMJ0l6KbZIAuvBpcQ6AB4y+IounYFJEzrBJidjq6SmzSDAFRTYny9eSD6YH7/eKEoHivUk7DfcnAiock1O6KEq+H0FL4a4MsEvcp5lttPPNtluPX+O9y8Ds1jA7dXJXoh7MPclLkRdkasYRDGxswcLoLqyzv9bAi0lrJZ9QF4lEouuFYlHkxS9+8c///M+/4hWvuMENbkBPfvOb33zjG9946Ad5zWteU1XVQXeLf32srq7Gn0dPO+20e9zjHkokEolEIpHo2tApp5zy/e9/fzQa7W+H+CvL9773vZdddtkznvEMdWX00Y9+9Bvf+MbHP/7xBzzgAUsvxd8FxgMeFjeR/CkRdTh03HHHfetb35rNZu973/t+67d+S4lEIpFIJBKJRKLrokIXy57gQUCkRR/dAqX15G5CxXkuXe7/UP2mWSgMcnkfcAF0D7BKx6rq2JajEL9Wa5PVtXplFCv8pijAMoPr9RSpk+MpQrIPUFuMJbK1CGXXqOQ7MmwcES8Br6d1runahlJUkjNKQKcTxE+01kOPE0JlkF7xWBoOW1IrUpILVp4B1GBfkhSsYQ0cHOJnDFoqEF0RVHL2DpxfA0kgfaE4HZETY3Q2fiHflS1dkBusKWqD/U/YeaFzQNvEJzvvALBoGzKuSagKdXesYSc7FgBRQmEstW1ky0k9io9xWdWFLY0FCEb3xjKKK9shu+H4xAM5183ns83p+mw+JbBjXI3KwgK5UtVlrLIXhUm0UA5hSiE5ObyIBzoNV/Z3CSZN3TSHU0BK8ptJ3dDPVLLOgOI//lMZy/7wNgvoDRjRgP2MoYmcC/UhzcZtlCkrwlD+q0MneoHbQKOQwboN2Qho+Y4SMp6RdiaHEGBNFFImccPSRucNoCfB+lC4UHggTgqA49gIA21LEHnzGaYDrARO63MLA4MwS/YZQ9smvd2TW3fuXwtbX2bkDvAWzNPBeR2XQhs6uLIuPgeTD11LCsgC0gZhMFjM8c6zCbhJs28+nbpu2rXothKvx1ICmQ8pvYy6jW+CmpZipk+2b/xiQ6+9jxXpbf9+oZvdNs+bBa8UkUgkEl13dbvb3e5mN7vZV77ylcc//vGve93rbnWrW8Un9+zZ86//+q+HfpBDr3k88YlPPP30088444zzzz//+OOPVyKRSCQSiUTXrL785S+fffbZceNd73rX+973vqVXH/jABz7taU/7P//n/1x22WXx25e85CXb/uP3ta997Yknnrj1+fhzTvx63UI3TjjhhGc+85mvetWrXv/619/vfvfLFLJIJBKJRCKRSCS6DkkjdMKFemQI8OlAJX/NG4NKpdZbifj8jx/TH5YKysl9JAU34AHB6mNk7NgUE1OtVeO10crY1kScJBeVXHHWxBiQh0Z2N+lPrXsaYKlVQ2sLqisTROO8B+IEPD9ar3pEgVNhsMiLsEcgBiJgwAckeXhgTrZeueZYnF5Gp47U5BkD3/G16ZCiPNhLxmiCLWIdPKTysBoG+zBGwtBJyC4RWz02uEOMQa+QASsRQuc858ZgsE68egchHgYjZjiwB3CbgKkb0A5fGLRjwYyP0pi6qMZlOSqLcVnR5dFpdEZ+uFU4HNYQytEFH7t63sw2N/ZNN/c2bRPfOxqNx+OVUYG8ibWa6soe050SuZMuPgx6us8Sys8ofItN156sEPiahrMBYnFMplOgcfihDNcie2RtnH8lYCaacZOUPUKt0Qeu1ocU7aTE6SQpmZTkWapDWpVh0ZyDjEZYGsNr+BCe4njw4YJ24G5iIP0GN2Abc3OcKj1k6MA8CIiVIOPBK9OnUKLsO+TJqiQwCpJ5uiHRNnRwSt49YIuitrNBUQOqQyHl4emghsgoeAJjuByAJpAbhPgd5vU4vK25gBZSBm1OCo+GQ2BsZHS8PW803Z5mtt7MN9pZq3wXJzcSbORBRVic5nuGzh2cWt8zG0GpIw3TSH0PkyG5S9EQhGS7RffHhJ4RD6ivNTRGJBKJRIddsV7yN3/zNy94wQvOPPPM3/u933vzm99861vf+k53utM///M/D3d70pOedOmll7797W8/9thjtx6krmvaOPfcc3/4wx8e+Izx+BdeeOGnPvWpm93sZgfY7fjjj497KpFIJBKJRKLDp/h7ObJzW1tbi78OuOiii7quW1lZya4nLTrxvuUtb4nbO3funM1m6+vr8/k87hB3y8fZlrg9++yzv/vd7x533HF3v/vd1XVKj370o+PPZl/5yldOOeWU5z73uUokEolEIpFIJBJd1xTrnzZbQaD5g8peETqV7dkvIxZQfcqW4OcXpBODkWufWrNvAXIVAQrEqlBmZMqRqVeK0VGrO3at7JwUdanB+IMrw9kNAXAMlauQ2K5YYe58cMk+RQ9aQ3s5pfowlGTDQeAKfeI/dM51Xdu5Tg2yGow2+YCed4TnHVImAE+Ax0kXMIuDcmRU9nJBrMQkrAY3UpUac4XQ+CRAehFmvlhlYk9Slo8JidTwnl1JhvQMeqJoPn76YD/4rXg1tI1IZiA4Zgi86AyDAMzBtAnkDPk2XnzbBgimMRiYhME4On4b22kpZgdpEl8YXVpbal0X5bgCZ5K6LKsiPmdoiLlJCOXk4rxP6UJdcK1z86adbk73buyZzzaca6xWdVVPRuNJPSptEU9hcMKYEAzG4YDzSEo5ceTskgZX55o5umZAT5mA7EIaZBM017CpYdn4ARtGySqQRhI67IQ4uDiUobBlCWYrBWUsGZ5BPBV17/9woIp9ZoAOM3QCB91SYT8Ui4dwDXpWbH+u3jsE042yc0ly2FE9ItEn6SBxQqgKPe9hH4c2J118QNQT4CZxxjh4WA+rqAihgAnQ4yGKYSEwEbKB+QWN9xS8zXgiTjR7ICVjEMW4CNBxi9ekBxiKHhixqJ59G+6tB5wSgy0e124XbyRI2XTQKR5vFzCP43qA1WWswwkc290ZNXftrG0vn65vdM0sriijXJzwhU4YBl8rwGzUBN9fPHVtMv3J3Nb+RlBdWxr432zBefAZkzAlpbZ1xxGJRCLRdV6rq6uvec1r/vRP//TjH//47//+759++unj8XgIl1x++eWXXnrpjh077njHOx74UP/8z/986qmnqkPQG97whgPvEIsfz3/+85VIJBKJRCLR4dNb3vKWr33ta8cff/zf//3fxx943v/+9//P//k/b3/727/5zW/O+7zxjW8877zzbnWrW8WfauLvqr74xS8+/elPv8ENbvDe9773AIk8KtmcPPKRj5zNZtPpdOnV3bt3K6RV4k9WW98bjzyZTNTVpn379lED9qcnP/nJz3nOc973vvf9+q//evypb3+7xV8LiFmdSCQSiUQikUh0BAo/X87bTItkfiAlNhxSiW/gToFV3d7HgOqIsZKL/hm6ssW4rFfr8Q0nO45a27VaT6qiKJUtTDHIt9imsEhFffSngDIxelKgcYVfsjkJfXbHQgNBnfdt17auCyqDCRCpgok0hmgFtVgGTcQJnHnbwiy0IztjZM4FkRuwzVDoHxK0BfokGDSOMXSp6STaI1ERKMUopOoqswWLR+Uqd04awrfoocvKUpc5gGw653zrXAubUOtGQxQ4iKahQrrFUKiHBgKo0ECExMeoKEZltVLXo6os0QQEh5cyeRLTQ0Oc/Fdiy+ZdO2ums/j/PD5i2XxmrBmNVkaFHZVxyEexvF4YpDv6wnzI18rPaO11sHmHxQHFKyADGHY/WGAzwlK+ElxgwFTcOJjQC66NMyn+4308qquqwvkKFwXIDgXtDHoRqQHq6u0Zg6XnD1+8TrgSz6rt2rSow1quH5rxLHyfzh4Yh6Klyz0ceIENZs7CEcndhEkmOkjc15PNCQTrGEjSCdZ77RFA8QGnpLJI5/RwiWI7E5qw6OOUVhSvscAONmRGstg7QysNainukBE3zw0e3vYWu4N6IXeGR7MT5+Fu0inMNIMz656bDAAAEABJREFUuxIwKMC7qqIqbOHxgHFnZ3Sn1Wbb7tnc2NvMZqoL1jitXTqHUb0BUsaxhpehl9qUCar+lYWN3hrlQNNk+/fuZ+NQle96Ks8WJr2wN1TK8TIHbZ5IJBKJrquKP2O+7GUviz+Z/cqv/EoswCy9Shb0d7jDHQ56nJ//+Z+PVRZ1OHSnO91JiUQikUgkEh0+nXXWWe985zvjjz0vf/nL6Qeehz/84f/wD//wxS9+8ZOf/OSv/uqvxmd++MMf/u3f/m38F/CLXvQiiN9V6q53veuv//qvf/zjH3/b2972rGc9a38Hn06nn/jEJ8qy/I3f+I1TTjnlHe94x7a7XXbZZfe///23Pv+EJzzhD/7gD/K3n/vc517wghfs71zxV43x6ze+8Y173ete+9vn5je/+d/93d/lbz/wgQ+8/vWvVwdT0zRPfOITD7DDaDSKbVMikUgkEolEIpHoiBPTDzpXXXUKi0HGg/xFcB8ftkuxUYpLndkXwCQgICzsoDFYx5SmROxgvHOytlKPCwxzKWLhNSyiFVh8NMrkSn/IUkEnrATabIxeag2+qNQgVoK/i2Vq37kOnULwehQxJ8ZA5VcZ8PDoi8iBK9KYw+KcD8vWlVgFZdzEpKKoTuQKlLkVBeJQqg5CEipgnEzIxeFAGRmpfJ07gS1YjNmSZ2TUQks0ESSZehl2IBEn0P4AfifgcQLVfx0S3ULxRVonhKeDdsbid12UlTVgTAKQUFnHf7VaW+Bl+kGtnewoQmpt7FMMC/Eb042N2ebG5uZs3rjgx6NqNKpHla2MLWNnG2s4RYmvl+w8OIQJxxx7E4efZ51P0xNDoNBDx5CtTDJAoKOpxE6FNKW414wFmwnATTqYWrElZVmVFRAnxihGXogOMHqpeg6GGH7YsWo70TxBxMcdKnQS/MHK82GbZ5b4J8w5Css0TNDbgCCH0KKD7pUcYIbRMqpnOFTGNHBUQ3I8IS6HDSzITwRgtNRkM1jgAYbbO0icAtwkEF9iO2WDL7y2LX7LpJKyaCgEJFrgDB+wwFHAKxn0NtGYbkXnS3PC43lCQUY/gbCvLU4bTD0sXiEREnrh2gc0RMI/sBkQkYPHdV5NmxYyugAcAZOduGdcU/GdcRKWkKoTd4c5Oo8nqOxUqT3TjSs29u2bT1sAZ/h+ajiJxjAAo1XvMTWA9fYzhjrdl7bBREJ+hu+XaclpRAYXhzhNObx0nTf0wmGDU/tpBno7JTAJjmroThJ6hxsaKfpqyJKIj73kNSMSiUSi64tiAealL31p/jYWSz772c/S9iWXXBK/nnPOOU95ylOW3vXc5z53CKPcB6VEIpFIJBKJjjzFH2nG4/HjH//4+NPLpZdeurKyEr993vOe97SnPe20004j6OSEE0545Stf+Z3vfGf4E85znvOcL3zhC+eff378lRORKFv14Q9/eHNz8wEPeMCuXbvW1tZucpOb5Jfiv58vuuii0Wg0m83ibw/jEeLvrW50oxsN375kLhJPFI+mDqh42APss2S1srq6mpsUz37xxRfHn/2W2rBV+/btW19fjx2Vm3dgrxeRSCQSiUQikUh0bSknwihCHziSQsFn7ck/IlaHqbKLJT/LtUiu7lOZkz9qj5XZWIo0TIFQ9ZC9UozTlS4mxWjXaGVHvXrUZG1SjuMzJWSaaI9lZvCiQD8CBmDimUsIM6VKMRT0OxdiJdpopBYMVKKNSScyueBOFeHA0RXMzMTmO9fN5vO2beKRPOS4AP4AIIymCBujfKch5UdR1I2HLB8CNjxhD1Qrx+CNlPDChdFY1A5khGC4JgoEBHYs9GSBnQwmItg0ChVZqFubQeF34G4Cnihk64IvQyIM2T9kawDO96EdIJ0EzwoPyNOBEreJF960TRcvOvhsw4L0hsIxpQAgsF6IowdhOmU1quLXelTGmryqjC0Yy4FzU82bXCUQXvEOzWei2q6dtfP5bL5nY30OuSDgJhL/FTmq6h3jlaqEzkZnCm6uUQkdYlcdRbV0noTYWgR0Ag1pariyA+MXni+BQB90KklBUZ5QI4RaYnc0DdiuxLGrq6oejeO/si3gJsqjrQaeJeC+UCvXzC1l0EqrVA/PjjiDdaQbmFoQ20Txu4cGnRyiZYk/lP0GxEP/TnV1SC9u5LtD8v8gkgAYL454YYxAEYiWGTJ8l2F2gK17AkbxQJiOxkgdEze8MvHhvA0QplMQgIJRVUhxBUyxokgmIubiSwGXIqzmhELgQDLcpAfONAzQECgx9DjKV6eH3RqyWwjPEKWGtihGDXgyDRSMdngfmQP95boAK1iR6QpkilmD7Im26MOj1Tz4Vqs4Tfc28yuazfX5PC5cVdsUFpQJK87QGnryHCR4Bj2RQrD8TX52y0Y/49NFab2fI6pMgdAXM3gp4LfbhExvmZYDxot3CHlt8O3B9N1OJxPiRCQSia73imWVr371q8NnLkMt7RbrEEokEolEIpHouqAHP/jBd7vb3W5wgxt8/etff+Yzn3nzm9/8da973UknnXTqqafe9ra3jT/VXHTRRXG3m6LOPffc4Xvf+MY3lmV53nnn3QC1dOT4M9Kb3vSmuPGABzwgfn0cKr/6uc997tnPfnY846te9aob3vCG97nPff7xH//xne9859FHH33gBv/SL/3Sq1/96q3Pf/7zn48H/Jmf+Zm//uu/3vpqbPljH/vYpScfiaLt+LvCRzziERdccEFs8wknnKD2ryc/+clf+9rXXvKSl9z3vvdVIpFIJBKJRKIjTPHH2pWVlRNPPPHKvAn45vgD6i/+4i8KT3w9k07BDDoVU6kOy3VTnVNguEZL1WSu3mZPDoJRsuMGHpmTSvAMuguVqSbleMdoZdd4x9povFpPaqr5G4JbuGyrE66CjhcaUmG81whZgEOJcxq4DUO5Kqn8CACIZcyDryukawjJIMB7N51N5/M55KpgeRRgE6BXrE7hOFRg9rg3eYF4gk4g88OzdQTuQ5BHEhdljaLAl+TzoBW5xVilCcTR2RMk9Bfb58vQfxT0k7gTbD7ZKmC9vB+4vkZcGBPSQDAChE13KI/2HvFPLILzmAAPwECOKWI3EEdhdGGrGmI+isoUlTWVLWIRveCBTikkHsiO2BcOeRos+Zt4iqZtptPpvJnPZrPN+bx1LtbSJ5NJXdaTUV0WBXilQDd48G2AQyRehFtN1W6vOTaJ3F9oYtLFMf+Bl6tNumTaN/dM5nYwFgdq1U3bxqHH2BbYuyyLeB8ryoqoKnKdIUsONZiEgwOGoadCQpoCzyHcezadzuC6wc29qqpRPTpM8To/AThyzRhBBD4Xf6t1Pm8giMP73kFEWyamaIWqbG7hkx0KwWsQneMhT6cD9KSIw+gpQEdbDzE6cQIVBDh4PiekWCFFhR5NirZphpExDllm5DWHOBc23Hd9e/JFDdATpfopqlRme4LqGbf+xUQl0WyN6wNuZS1keoHBjsPOwDuEiTe/uO60xVQrbdq4rzXxVjHzbn3WrLfNnvlsGt8Ur6gsqQu3gk7p/rtAxRxQh7Sb3sKYXENzaclpBv+m4b8MeNnlfCQlEolEouuBvvSlL21sbAyfudOd7pQ/xvqHf/iHz33ucxWWJR70oAdtbm5++MMfXltbyzvHUse//du/HeD4v/Zrv7Zv3z51ZRR/RvzMZz6jRCKRSCQSia4eHXPMMfHr7W9/+wc/+MGnnXbaU5/61Le85S23u93tFKIhL3rRiw56hP/23/7b0572tKUn//Iv/3Lv3r1xY2tMYdQHP/jB+Ou5e93rXq961avit/e+973f+973nn766fHs6oCCX8LSZ9C2PE8b27667ZNDxV+FPPrRj371q1996qmn/smf/Mn+dvvWt771ta997cY3vnFssBKJRCKRSCQSHXl6xSte8b3vfe91r3vdne9850N8SyyXveAFL/j0pz/92te+9p73vKcSXY+EziKBSrV6EJYx/Mz80ofXt5dWzDPkHdOXeNhCm3FVr0CqDj7qUfy2gsAWcqww+dic4xCYEAheEXTig2/blvEQZkRMNpzY+o8ZjnvQWMFGdmQ+n0+nU2RYwAKE82SMpUvniwD6IjBgAl4owG2Az4kflqS9HhAndADKprE6pIIzuwVQcgfVlfWiqYBWfUxHfh8RJ9n6w/QhGjxY2wAQ0GzjQh8lAzV859ouFrodwDpY7wYzDz3M7kEIJniLkJDF88bhqMs6DkxVFAV6ycS22PRPSZMdEFLtniCBAJ0cZvPZ+vq+fRsbcZgcnNjXdY3ESVlYU9iCHXE8ACKGGABKRjKpu7iL2KICLntgsKAzUAO+LPyC2a44nlqmPIfpuNi2uD0eVfHKbGyOteBFqk0aC891bTUwueBi95BlCYPRozmi4pXG6503c4c4VFVBJFH8WsSrVkeMlq7kJz8aAWoYShPys4t/4sTIWTkgYrn00NcEU44MEVIayS5NMV0dROqYLlhPwTqAKUFWjvcWXU/ibLJouUOHo+mi+XbjETfBiZIMgEA600M+9UlILV5ATLZcKb99qMTIDTC3dKEhxdJ4PECchHEhxoenhJgQrCkt3fusgV4wyqEvT/zaNM0Vmxt7pptxQs3jFCMgzhrnhzk1up/5YfjFHL5BXtY2GMqhufQcWD2ftHjAwfIbECcDJpFHXtgTkUgkuo7rla985dJHeP/6r//6537u52i7QsWN73//+5ubm8cff3wsOQx33iaDclHHHXfclfVBiT+/KpFIJBKJRKKrWfGfuc9//vPjL6fe9a53PetZz3rrW9+6urp67LHHHtjP47zzzou/09/6/Kc+9an4W/v9vWv37t2f/exnH/jAB+afc0466aR4ug984ANPfvKTDwqIXE162MMe9ld/9Vcf+tCHnva0p201biG9973vjV9/8zd/89pqpEgkEolEIpHowHrhC1/4jGc84w/+4A9e85rX3PWudz3o/rGk+kd/9Efxp9OHPvSh97jHPZTo+qX0sX2PsSk5yYDkzSF/gF4lzILdQIBliRVj+K805aisV+vxSj1ercaTejQqqspYSy4e2UZlUHb0GNmC4IkOnjAQqBQvABmmt8jg2qXecmF4bQ4gCD+bz7p4kJT8Q6wJm2Rorl565TPX4TCbxmF0TBg4aaAxhmfiBK+CStuUCqS5lh3QbQGuCVAO2IHgGmouATVKU7xM6r0cK2OUYvYEiq9cIk9uK2oJOsEDez47nruDGjckvDAY4QEBSW4NWMZVIRa8C2RlNPZEqU1VlmVRxGo48EBFqdGgRVNYD+yT3Bs0OKt4HB60n/Gztpk3832b67EcMJ/NCJaJB1ldWZ2MxwHHsjTACRjiBKDHsEgAAxwMMSxBUa9mtxiKfFIqTw/yvgk6z7TEN5FLSUhMDnwMw9j4fRz12LDWtbEz11ZWxzV462hLiR+aw1RoIHSaQooAoy2cxsIyCJj0BMlLzrkmXv58Ho88quN/I4Io4k5HEHRymDcAc4IAABAASURBVIkT2oBV5/d3wqD8kElgKxHNniADcErHLgxobRIPBt4jsK2s96bz1gF0gtwJHBGydYLGVJ1gPIBmpvcI4ngdXJQKN+BobAC0BY8IKeCHvlGL+wzdTRCtWbC+0QPcYwFKSuYtHnET+B+9gFrXkd8QTXAM9CrgvoE3wNiJzqi41JxS681sz3Tz8o31NnaHgUwt8PQJiN0x58Un3Z/BSQgHHeirPBMOM94xpOeW+JVkZ0R2TyqTdFrrAeMUEtQoEolEouuw7n3ve9PneqPOOuusiy++eNvdvv71r8evd7jDHdSV1CmnnKJEIpFIJBKJjjD96Ec/ir+5O+6445797Gdffvnls9ks/togPn9H1AHe+Pa3v/2v/uqvlp7cs2fPX/7lXyoEduOvAre+6yMf+Ug83YMe9KD8TPwd1j3vec+PfexjZ5xxxr3udS91bWh1dfVhD3vYe97zntNOO+3pT3/61h3idX384x+Pv6t8xCMeoUQikUgkEolER6Ruc5vbvOUtb4k/zp188smvetWr7n73ux9g51hMff7zn3/mmWc+8pGP/JM/+ZPDWLsUHSHKyMbQEIAqwwxDKL1UYM3YR46r0BxxwgdMBidQ8y21mVSjHaPJajnaNV6Nj7VqpTYWEmGgmGrSp9m56q+Bc8CivscsCojZ8FRrBHrD2gxjpPaAQ4JOtWWK/eFG4zXEw7oAth9t8I4aFw9V2KIs4xvRM8UOe4LyPuDMPkAbAhkXUKcQ3sGGIRTxA6VjdAqhrtMqZH8XhccvrC2syX2itrIx+Cl+oxijMeQZk06RkZr9ESdcyU8WALHNLl5s0zpwNwnDPVUKHcJIHV0YTq4plamLcgz+JmVVj0b1yMY+cR3U8ReaxOc3Vsci+rxt4j9aZxipszcWyps5+MdoXYKfSLU6HtdFRX4Q8aB1WRCFw50Gx2M8iUgZnbAbNq3gDsTRVclfJRke0KVojnmiCjSZSjCcRNhN/BLnUV3XKysro9GIspkU169VP9s5KootL1I5G4+P1x8G0Stw/ACGFGAe430c39hdk/EkTqdMRJGufehkgNIc/kMrIjIO4fhpyqfpQzZGTHmxx0ncAGsTYL2AMjEOiJMCHxajtwjXsopCdtjjxAwOXxA/pnmSAUanVH8zUImPCbo37PFoWZMOkr70V4TH1z3ctNwJ+Q+cq5qMTIA2oYUXJ0gTZ0nn8CBwBQCclIUta0WpVLEJcaGZ0Kow9+3l080rNjemvgMwCiN48u2XvJLCYD333cpzzoSgfwKm5CC6xhxF8hIid6gDzeGgxOlEJBKJrusaFhjiP02H0MmXvvSlvP0v//Iv8etkMhk+GUXROeecc06BOnCRRiQSiUQikegI0TOf+czzzz//gx/84E1vetOXvvSlBzVvO7DiL/cvv/zyBz7wgZdccsnSD0ukeKIb3ehGJ510UtwtP/moRz3qYx/72D/+4z9eW9BJ1KMf/ej3vOc9//AP//CkJz1paypQbHYsSzzoQQ866qijlEgkEolEIpHoSNUtb3nLt771rb/3e7/33Oc+9xWveMUv//Ivb7vbbDaLO5x11lmPecxjnve85ynR9VOBHDhgUx+8hJdtOXpPjvRpdJ1iNxhc8YGIk52jyUo1Omq8unO8EjfGsewK2AEZCCDHMWxNCGAL0HWZtIjfGqTw67IiP0UM11n4F9niB+XZboDqxz7Eg7m26wjBIGYiHicksxN8z/BoUOIGeANPvVjxhANgURugCeAnLDlzwEsmARC5P+MT1miIc9HGY3II2ZbkwrCGsncfHMHghSaEJZWQM+uRej7TOQlMMeQqEdB6BK7Wx3K3U6F3E7C6xyEMGoFYDbklBVIVVVmO62pU1YDiFFVpi9hgQG0gqCReIlXINSIC8Gwb/9XXNNPZ5ryZN20zm8+nmxsBPlNRWguGKTVulZa8SUxVFGSpYgEbgIOZ5FKQQQ2cSMEk/xHsivicw04wiW+iPgGLDZ1NDtAnIzmXxBZSrhAU7qG+byHepyytc63iY4Yen0FvlX4G6dRfZMYB/ZZcVOKu4FfhIDwIXE46qG1YrHCUIICl/ILxxyFBJ+EQvCkOpeIfvNeLE+VqVthicxK23YkpE0aD6E/PtjQ0cACgIDHhgnEwKdHgxNsuFM6XXkM/pgUGricUphUYQKETE4OCMyzo1JiEAHk0Hkkd3UcCecaLstMJUyp9Dy74J6UFFAIZqujkq2MIlAu4SuIldY6miutwtRDmEhcC2AiBw1O8ORQOkBkg1rwJ02a2b7a5t5nuiwsp3vgKGwxbImlGvlKYD3E1ieDBrR502gK0bT9w6pCFV8ob+nAApwODGZMBsWHKEu1GvbtEnPA2jxVn65ArkUgkEomuf4r3+fgv1aUn34/auvMb3vCG+PUGN7jBJz7xiaWXXvjCF25ubqoro6qq6LPCIpFIJBKJRNeA4j+Hv/a1r730pS/d3w7HHXfc6173uv29ur6+/pGPfOTWt751/LHn2c9+9tYdvvnNb5577rlPeMITltCWO97xjj/90z995plnXnDBBTe96U3VtaETTjjhnve85+c+97k3v/nNsQIxfGnv3r3vfve748b/9X/9X0okEolEIpFIdGTrxBNPfNvb3hZ/m/f85z//z//8z+9zn/ss7TCdTuMPq1/+8pcf//jHn3zyyUp0PZVBawC2msBndCrmpo3l6AOGJBTFyASKdUHnCTKKwBwcB4cd1eVqMRrZeq2a7BytrpRAnPSxGIMyZsYjgPNA1MMT8OHR0SBW9osy5S2QXUnQQ3hDDcvD7G8A+IoPjWvbbt4AiuEVG35gndoanb8NYEZggK+glngkThDdwBOZ3skFiuaxzwoDtgVo0kGoDTYVXvZUIY4v2gIajWEbaMpApVvP/iNo7MEwBXmdoLkB0CzkL5IrtFif9wtDoHuKJFszQNgNXKbDWCLHVi9IpaTO8fFNpbEIbqhCm7ooqrKs8VHFPi7icxbRECgDY58APwOFcgUYTtfFzmxib05jfXy6OZvNOt/F1pYlBIaAxUlRWwRPAGdRAfo4FoidRysKw+4OgakTuGqPnZtoHvYvgWkJGUYGQYGgybMmByOF/t/JweXLh0ShtgVaKMS6f3vUjhvEyzGQZtIjJljm1kPnnpCCh+AZvGIIeIHQE6YPYg848E3p5rNp08zj/vGZqhrVVfyvHs7JvH0txOvkYKHhM8NZkp9UP5nS5SVQY+G14UlCfjIkBxmV+RPATYAvoa/xYbwy8BVwE935wvvCqdIpG3yBziVBp5nBNyaa3HCGFEOFGAojRExspfsCkUO87GiHhbZyCxW3L5kH6eFlDUw41MCdCTyRYOZqiOMKjm4ejrxcCB3Tytq4PAoLnkcF5OboOLFDp0LTzDba+WWb+9abaRNcFw9owYHIK3aQ0hny69vAk1+b3DqCM2ho1CHoUOdAvuXpbYOmruRUyl1Nd9h8xw9bfLQ4OG3rqdVwWinMPRPoRCQSia6fivf/hz70oVfqLSsrK1ufjHUUckM5dI1GIyUSiUQikUh0DSr+Cv68886bTCbHHHPM8Pn4b94f/OAHB/6X7+rq6l3ucpcXvehF+/sZ5p/+6Z/i12G2Ttbv/M7vvPjFLz711FP/8A//UF1LimWJr371q+9+97tvc5vbPOQhD8nPv/zlL7/kkktis69CwKJIJBKJRCKR6JrXCSecQNzJH//xH8ef5X7t134tv7S+vn7yySf/x3/8x1Of+tStHzMTXZ/EUSZDgiN9HRYa07e5GptSddLLOmSfFG09JGCMq3qlHMXHjqI+arK2Ch4nVWkKCzVXKDuzn0SqjiuCAhz4BPDH4ENAUxJbVVUs2WoyFeCS5DJykcWfgcc/utC1jpJWnEouF8Ah2BxgY+gQujfOANyEmpCBEJNei/9bDVEeYHNCLh2h9xjQwRNVEavQVpvSYBhQ5mH6D+0HKhrTFeXwGzqgMWk0BsYzVOAeVmZ1CjlSqZJLmTJA7aB5BDmEKM6KgXK8hagfDf+DtYSKhfC6LMZ1XZdgTJKuCLuA5kZqNCb1dK7rps10Np02zsd/EU9nm861yMkUqysTsPzAsno8TAWjDKV4EzBMJz4Cp6PAqU3v4pDIG56ERMfYTBTxnMPkm+C5F+naKO+I4m+8n83nTdcQFDIajcdr4zhniJih//DIlvoKi9U4ZEalEQ6D8cFrx74AAieEpm3XN9Zn083CmljRGI/GZTUixIQGBbfDsHKurpV4nTxFroFivB7MzmyJobgTvWKyiqxxknsIJiAxbuLAgASIE+eMj/Mj3jIgWAegE+eRPoHhKoO2mqCRdJeB1aWIOEnzBscgEInC7TDp7GmeQXZPIGIp9MRMYGSDZ1sIKseJDTm2ZEbUO44g1wbNcbgVr6ZzeNPgeJ34DiKuYIKCKY4t4zRx8W5gtNO6DWHatns31vfMNva2G03sFliaBtO6jGI/pP4mrBe9mLQeJjmZq2m0F2lDdRWUbYL426Sl2/cicZKymwaha1sbsg0NIxKJRKLrl17ykpeon1h///d/f2V/KJK/XEQikUgkEl0ruvvd775ktxZ/y3WPe9zjoG985Stfubq6uu1L3/rWt04//fTb3OY2t7rVrba+GisB73jHO9773vfe+973/oVf+IVtj3Deeee9+c1v3vr8+eefH7/++Mc/3vbVYY7PgXXcccf92Z/92R/8wR/EryeeeCIhJrHNn/70p48//vg/+qM/UiKRSCQSiUSi64huetObUs7OC1/4wrZtiXvet2/fs571rLPPPvvpT3/67/7u7yrR9VtcAKT/w7a/Z9Wp2o9FXijv0gaXRcFJg6wrIODCYMF3Utar1Xi1nuycrOwYraxVo7EtiTjRXGhcbAXKtS1VbpFJ4VgKSzYniIzkNBZ+y3bldTSpUBi74jGoB47p0KCCWA8DHEvPbIABh6ejYSZGh3YejlNpyCYkOxwABwNWJFBRNjrZJmBp1aDhCSX22NhqAyE1OqXjYEdzDA5TPrhztsegjQJpln5oVMolCQsAypKHRbzkzrs2/gd/OmJGjEo0B78FIBIoftvCAimC0ElRgl9HVRWZyIHhDVyRh/EMbdsAKxDA72M2n21CnE7bNPPOdfHARQWxR2BtYgk5sYD0xO5BhAYuJmWFGGSLTPJ30QliojYSv6MzgKLU8Pp6EkoxKIC9Dtc6n89ns5lTzmI4UDznaDyKD8rrYLhE5VEE7ACvlY15low5iI9AUii0rmumm10buzReaVhdW60R0MHZE9Adhy4Bhm54ELq2awE6uWaFQEkak36CsqcIJ6dwkk5ITicO7EziV+2UxnVuO/DVAejEAz1hA+xAtiUFGTHBeAfipFTKYdKJSdIcueLSKDMAg5k6lJ7jEVpi+EUPiZPsuuExfofJo2Bsj9TpPl2nh7wUzx/tYTLBPQ0ilxA5gSMlVg3JpcKggtEeGCwIjJoHt9nM984290z3bbRhU4YQAAAQAElEQVSzVuPNyTD6AmFDkD6WTrN4p6S7A9FFwzydIcnxk2tIES2/RM1Qh3igdLTBkdN9O4RlEy169B0+8KHZ5jiqx+NEIpFIJNpexx57rBKJRCKRSCS6Xmt/xMl0Oo2/7o+/6Hz+85+/7Q5FUfzpn/5p/NX/S17ykve85z27du3aus/555//jne8Q+1Hl1566QFePUTd/e53jxWIN73pTc973vP+7u/+bmNj45WvfGX81dvLX/7yba3sRCKRSCQSiURHrOLv4t72trfFn+7iT5ix2n7ve9/7mc985re+9a2TTz758Y9/vBJd/5WQEizRKq308EP2gxJjqgaimwB7gyBBgOEyOYMmlk5La1arerUc7ajHu0arq9V4ZIpCIfSRLDgUuBxw0ZQjKVws8jfgL4IIAjpzaIxHMXzexfAQn/MZtuSKILESOufatnXIjyCsgrCIRbgBAQjyzyCnEsxqUK6DSB0MYQmJqqGkDioig4kJYiqZNvGcMYTJNWRvAFiLsYWhAAyqwYO1C7az73SDPQYPwxQKGZ2wyUm2h9ALbi659k3+D1nkDeO5Cht6NIVGiVAYsDkxAE1A3geUw6uirMqyLOLTtnejYOoEivHAsnRxUODrbL65OYWIma7DujoYp5i6rkdVFUccDqgtxPMgd6KTHwOF5liKM4KrhnAizm/STI8QcYJ7hpSIslDWXnJ5CdDb2gU/nc1m02nXtQWGA9WjGp1xLE2P/t0exgn4hdCTJgGcbEBoacNTnFintnNd24BxynweR7Yu65XJZDwew5Hj9HAeAoJSGC7gJ85trZVfo9DJ0qdyD+OHdENYQGlSDxJxooa9STuhy0eyuMjOFrRIMEMnjpvqgnEBopVcKLwqEFWz3gN04jHuSwXMytEW54rpaThvGAjBe4jnGJ1tmo2nt3x7yYRa+r5nuUJ24wgLgUS9p5Ma9qpmeCYY45yn64/XDlZKGCvG2IRBCyW4h8XFYGlSw8QKYda2+9pm33xz32xzo5k6DRFeJk4sazKLRot+2O1pUfDlap0pk8M20Ft7cFv1M2vLDnl1DffYCo7k3bYCPdR7W2/r/UHC8FzyYXSRSCS6/iv+u/Tiiy8+6G5/8zd/M5lMlp7cvXv3j3/8Y3XldeMb33jbootIJBKJRCLR1afzzz//fe973/CZ+Gt69RPoVa961X/+53/GX+7f6U532t8+P/dzP/fbv/3b7373u1/+8pe/8pWv3LrDiSee+PCHP3zr8+edd97pp58eiwqPecxjtr566aWXnnrqqeqQ9eQnP/kb3/jGZz7zmec///nxN7nxd33xh0AJ1hGJRCKRSCS6LuqYY455y1ve8oxnPONlL3tZ/HHxoosuij/jPfrRj1ai/xLS/YZeKAUyV7K4tyE0hRNSyGuAnCoU0RiFtWNbTqrxrtW1tdFkpRyNq3pS1QbKxZCroZQa1iYD/jMKAm2cUxh8Mjwd4BEWyveaTUcYNMEci74WuVSghGAd5+YYuYLxF7GqC+VMdjjB/U3mQbBgjsQGROvASxBwgQkXyeDF0CVz1VkxduMxRSNwhRhBGWRkjLHJA6Wvv5MBQqqTQlEaHEHIBoETJdj1RPWkCpIfIRdYuThLiSAo8HCJF+u7+I+y2I107YYTe4xJpilY/TZVVdRFGQvcwGcUZayGx40CCBlLe2bjAIcUS9sBszNvgOqYt/PpdH02nzvvjC5Go5pYlboEpxM4qGLcBLgTmiYaDRsoXodZAW1pjum+ep1MTLTexgEnTcQlBkXBhc/ms+lsGl+ZjEfjlRULjbCEFzE2hNRLTlsKZEMxPA5PnTSRsAmd800DXi5xO15m7KFRhf4mxqKLhY6XDXlBaVzUfhp8NUIn2554AIUcnmL80lkG3IBinsCnZxi98NmKhnemHCN6eLy9IHFiwekEMnSMU0XQBbqYWDQPMRlBQkZIg5mI4qWn0FgE71O8MBMRRtdPqNYwfyUkU43kiGIG0AMTJwksCX1mjc6g2QJ0kig7BYYmPt2DVGiazgW6E8a2Foi2xXVgPTIynu56RrfBb7bzPXEZdbOpa+ehC4WhgC2G4nClAJWlMtiXfH2U0skEKQ2EWVos+5mN4YDf7kd6cd8ts2n/TihLJ1rmThIO1i/1IXHC0WnDgVue0jyhVDi0CxGJRCLRdVyxUhL/aXrQ3fx23lef/OQn/+Iv/kJdef3xH//xox71KCUSiUQikUh0Deqcc865aj+6bKv4g9Dpp59+q1vd6ulPf/qB94z1gM9+9rOf+cxn3v/+9z/ykY9cevX4449/3OMet/VdZ5xxRjz+DW94w21fPffcc68UdBL/yf/Sl770iU984tlnnx2/vctd7hK3lUgkEolEIpHouqn4UyJxJ9/+9rdf8IIXbP0hU3R9le4/VJ+rhKnGlz5Lb0L/kXT+I3CAhCbLk4AGBxBMUYzqaqUc76hX1yYrK9V4Uo5HRWWDDYBooM8A1hihfowlYO+BOXEITFC11Rg0DMAqMX303Q5Sdei3ylsL/iHXwhXYlgBxEovB3gVKA+ILwlNYOL9Dfwt6Ir2VfROoCkyH5ZyLhOPEdxgK/dAUcMFwAwE32HJ4SVFZNhWMdbaMIQXO08GLRVMExFAGHgJB9ZYtaaR0ju3o7Q+whgvRHuDoAjgIOy3gI6RivSoQBqohp6g0CN9AZhGaglCjMyegIanEd2A6E3tw3nbt5nyjbRvAgoKDijqAQLaqIVKnhLAeTVdAsUpFgN6NxzCAEujUMzR+wXJn8MVQRgm52hhybmFHB4rDUSnwJL8BgoSIhonj27Zt7L3RCOKBwOME3+JCYqCw/xyjADSbHMFGeXrzJVvDVjshdJ1v2y6+WsejlmACg9MvdhdCSogZQasXSxvbkR6hWEgP+QlL5Dp/GVbb9dZGbN0+pEMvHGepbBMWTs41f5/fjMAXG8sEJCbYQCgDIECcUKSON04ZF2zcwDydeBuoCDSBB6VRaZxJBpO6EOYyjJXgHIPDwQY2o18zPH8XkCKdWpmwMF4zPdOF5BhMGE23Jn6Z1qfK3htKDyEH51WcJciJGedDvG9BPg7CTcCRWcTOcGnFmR3XQRsnlg5NcBvNbO98Gh9NnGYA4VhdFHh8mrRw6WTFwoAWIyd8QwoqWaFwRJAm6CetJNV3OMunr2YwXjrHd/VrPnFfIaiD00q8QtXiuUI6V0iLyy/szZQK/xWgKJhJa2ZudCDeDudSShfzoaceQzJ8Cv2A818lIpFIJLo+6rzzzhuNRjkc54Mf/OCNbnSjbfe8//3vv3fv3gMc6iY3ucmJJ56oDvm8F154oRKJRCKRSCS6xnWXu9zl93//94fPxF+XPvWpT1VXXhdddNGf/dmfFUXxspe97DOf+cyrX/1qep5+o3rppZc+4AEPyDu/6lWvevGLX/y0pz0t7nbnO985/+B00kknnXLKKWtra+rK6/jjj4/vjT/OHfpbLrnkkvibONr+4Q9/+KUvfelud7ubEolEIpFIJBJdN7Vr1653vvOdF1988QknnKBE/2Vk+GP+fkAyZBJFk4uJZjuAoMmiI8eUwOtU+AsWaAMzNtVauXLUaHVXvbJajMfFqCrK+BZymSDGA2v2yW8AkBPvWqQBsBxp6QP9hvw3kFJQnpqQTFJIITsu9E+lmmk8PDinQHAFkwuGABGgGSxQNOxhwu/TsVYe68a+P8GgmA3GGcl/pO8yrzzHCaFFB4dqKAZxsCzM8Tfo1NAbnGgMmqELZAcUwlawe3taAI9CxebAR+X0D1sUgFOQrwlwEq6N255Si8jepE+3Ia6lAtoEHkCb2PhtVdoK9uRugR4PznUej+W62Xy2GYvjXdN2wO54F8/l494FOrkgjFEUmNFDV2Q8GatQTRxniMqVc/AlQfJEcwmdcABAYkKGmYIK6bWEB2GpHS1dKP4GLhYMXWLzZlN8UtWjajIZxebAnOIjZesU1ecFIfXAIwfYClMTxMAEjHaCf3rje+JOdVmOakB0yFEmXlgaF3arUXoYxpIJqB7bik8cNqcTnYAIXqA0TVOD0l4/CdWy39o9ASVhgJyo3IK0JhZmLa1zhcQAcQYerEq087rzpgvWa4jR8UCc0NeC3U1gZ4qb0glD0Yx30bm04uXde15olSgmnGV6sdMCAzSZ3QBUqKB3pqHCAXbMcmi+Cr1o46FxCRJD5rxq0ZOJoDjAlBTQaw4vNd6yiOrS6G4CpE28MGvmrt3bbF6+sW+9mbWKPV8Urhy+e8BzNN0ZLEvwFXsgAf3Gz+hMiXjl1UHE3InWeU+jt3IlPde2QBgdTEt7sX8MHt6nMdKZ+WHahPyE0q0aXZ7o7xKle+6NoSD23qIRDDyQIWyTvyMSiUSi65O+/e1vP/OZz3zGM57xiEc8gp5BXPoq/mR13/ve9znPec4h7vya17zmXe96lxKJRCKRSCS6xrVz586lQJn4+zh1lXTKKafs27fv93//929zm9ucc845l1566fDV+K/p4TPxF20nnXTSox71qPe9731nn312hk7W1taucsDNaDQ69PfG9px22mlveMMb5vP5He94x/gv/X//93+PPwo++tGPftaznnWlyBWRSCQSiUQi0ZGjuq6FOPmvJp0KhYmqyGVczQVO/ni9UrnKzDYBOn0WHexASmMnxXhtNNk12nHUeHWtqCflCMgGBDB8IidSAREeYM3RdR4jSi1G50AKDKILRhsIftGm318vWTksWU1w8dFT0EfAUrdixwu6UKNzfgZHvIREJQTvwIjF+5xZkWuZqVy7aGWRkBTIizHUhVQxZ8MPlX1iQg7HoMMasv2whhJtPFeakyVJdgfPxVlyLYk79eYaeE3Q3IGwimswgANTftBnwSJxAoxIhbyJ1aUtkTspIYlGMZeBSFAcimbegEFM28w357N5O+u6tnNtYGOCYCE6xFZlCak8FtJs8BSm1EXsUIupOtTBcRBTVZ2Ygewz0VfUdc5I0SqZNLB5TDZ0Se9QiIW42LKouGGtrmpgTaqqKOuSSvx0LX1EEQ9tOgjTU/AkhXgQYxCPNp1udl0XLyneAOtRzTPQUN5QyAcigCeNgFYZQ+nr3lxwp2+Kn9TdZIuWquwDax++xKt2VHyYbU+neGlhOk7/ZEhGISG5ViBtEjd4RcGAwD7eMSbQqfiMwYfFJB2LnjNGMVyi8dKM8gYpF0PROT2UoS3l6uDhTGAaLBle5C7om711g5YWGDJRu6E3ydooB2dRN2oTeIN9ichyCTdaR4QcrkAwBYLAn/jeUgMfV8ASg1mCtzw/D75Rxhu13sx3b6zvm83a4OJNLphEp9GsNBgllIaQYCbF9xCT78ZDj6NDd7LZdlb0HdbjVIdKmmynrbY/tJLhrwidLEzwJoUZTOTyxDd3+nuGnJBSawMHMw0mPN0NdUpVw1MY85M0WiQSiURHpmKp421ve1ssk2xsbCiRSCQSiUQi0ZXXYx7zmPPOO+8JT3hC3H7QAr3xeAAAEABJREFUgx50//vfn56//PLLH/rQhx599NH/9E//lHeuqip+fdaznnXUUUc95CEPUdesLrroope97GVnnXVW/DXl05/+9Cc/+cnxyVNPPfVNb3rTaaed9oUvfOGlL33pVWZfRCKRSCQSiUQi0TWtYapCUAwFUNmXyugU7MAlWPheowEBlU7BsEDZUTnaMV7ZtbK2c7y2Uo8nth6VFdpgpKAc9EcJWHmkz7+DsQZktjhjGVDAZIoUOoPoCVaGuWlkO0HyagigKJVSMxAd8Z1zPnAxO1EngSqbC1XqQBVoLquns4RclWVAIlEjms070LxksRCsB+AIHTkRLVqpfjcK36EgHmJO6Eptei9ZcKQME+x6Y4JOoRUouDxU13WeWRkonNNBgNextorlbwNP0EdDKzA5MQCdlLUB/xhDeAeV3b13bdvN57P5fNo23Ww6nTXz1jVt2/jgqrLAgBxI4qmKssL/0IcGLiK+VmDHwvkUhu8wsUGN0VSSRs6GLhKZkgw5cAmd4kWoJ00fqJOAlHkz39zcjBdM0SXjycp4PMLsm5D6zevF+np2H0EAIKBhBZ0o8z1xkvh4jXGyxOury2pcj4w1tApCQg16AwatFxgPJlewG9EQhFeS4f0Pm9PJVg0cR3R2IVE/kdgnJh9wEWtgNCkwreH4OwobCuk1IL2CZjMK4jvQIcQr7QLcJoKyLkEn8RkFT5pA7AB8C7cANjjR/KTJThkpmYXgm9SkhJQx1rSVOFGJOKFnXPDMjChqesKUEnYymEQ64XbAOrigOh/iw3ntPFBqeYJY9i8Chx9YjEDNmLn3m6Gbdr7x3fpsc71tWrihWsRIaPWn28uCf8sCo9ZnzeSRCFdqoDWFBw0nSbjqRzvYyZjj6++xnsPUmKejW5VGlycgxXzAPwfjuK2IEjKK/u4YNl6L04lIJBJdjwROYkq9+tWvjn+jPu95z4vFEiUSiUQikUj0X0af+tSnlgJlrvK/2U888cTXv/719OsOjP8l81QFRsH4j/ccZJO1srLytKc9TV2Dms/nH/3oR1/72teur68ff/zxL3/5yzNc8oQnPOHud7/7i1/84nPPPfcpT3nK7/zO7zzucY87+uijlUgkEolEIpFIJDqCFYZREqGPJtFcyAWZTFckFMDwh/JjjViX2kyKatd4ctTKjp3jtbXx6kgXhSkUFuLT+xR+Rh3+xeTIowMJEYXJKRTqgJkzyGAgdIInDUtVV00WCtteiKbSt+s84BiKOQZNTAl5ICQ+xePH5LlwnYw3YvmbMjSCHnQJgQZUew7g58G9pvMn9VMoBpl8LJdBdeIn+LA99EAf8M9pFxk0yWcMnGqU9+ZKbue6njjBqzN8UPBosEZXtqjKCqJwwLXDEHdSWIOoSEGlbvQccPh2oHTm89l0ujmbz2bTGbAmCGTEvWAggTYBa5bKELwCHifZ1yRuFPAtbBj0cYGXkBVI7jgcCKJT3I9iBx1mQFSiHBg5McbhpfFscW7eTMHgpOuKsqrrUWzDaDKC6zF6yfBGDVgT35uUKKqD+6AouSleXQOeLvP49tjWURUFdjBInOgeGFJbjRR0nod07K2wR37v4YROeB5rPfw2teAw1t3DgGJRidYizEwl4oR9JhJswilSEDwTxwxTdWgZaeBLNPJZQTuIhwF3k/gkbkC8DsXG8PoMtBKSWVAwKVsmsSCBUaA0REoNZlAPzezX6YQ3BjOGMCJNCFjP0+l8fHJggZScoJvOtw7e65T24DuUECmc90VcILgzRnXpRvn1rtnTztZD03Rd4zsHFi6WkByFmA2ROWzwoXvoJC0Zla8oN15fSZuTAWuytLHdXodDms1meBXF2whgZnnexHG3RBbCbZ0NXwZ5QknbXCASTQMY8LA3XSQSiUTXqi655JJ/+7d/ixurq6t/8Rd/8Yu/+IvDVz/+8Y/v2LFj2zce1HY+1ipOP/10dWiKOyuRSCQSiUSia1Y7d+5c+uFnqGOPPTZve3/QmF0W+ZccmfrGN77xwQ9+MP6At2/fvvjtwx72sOc973mTyWS4z61vfeu//du/fdOb3nQq6j3vec8DH/jAxz3ucbe85S2VSCQSiUQikUgkOiI1rHHqxRoe1WGHle5U/YUwiOBDoXRl7bgod45Wj5rsPGqytmO0Oi7HVkF51WaCJaQcDowrAdcAB596Zy8SDM4oKKsdLAJMRlvUogsAfjbeb61IcmKOVtl1oQNfAijRut6jgi0vMAYjYSUEnWgoRMeSdzDUzt7cgireJm1lFsek85J5CZWfzZYO5HcNbE70Is9ik0kKfOsH/iuJO1HLVwssBeEmHYE1eOQCqvSEv5hSg81JaRA0gRgcVPyTkJDkFgPcD7qlYLBOO51uTmcbwJxMN9GuA3qvLExZlEUBHElhixoOB/khpUIOBXCTWGvHgjtcftwNNwxZ1Dga+4wr5aSUdPXMNORvFQUdOR7Rpm1ms1nbzJ3vqqreuWvXeLRCuAV9SAPHSLPxzUK/s28Khg6hxwmiS8YaDNOZNs3MeQd9hbhJFXuLQoA8QSQwVkuV/f1bKuwXADiM0AnzHmkthcXG+cNaevfUe2wD0tuYZN8YT/gHPa+JHUNTE4XoSbw1GPTrsciXwKoAOxPYE7J1IF4n3jhgFVkIygFjmOyYFP+wzIEApKKTTxCeMp2i7xMyUPJLYUrc1O3IDMafBrc2zbAJLc8kE+juRE4uDi4rxDUX1wpmw0DT4hKDxQztR94quSnFRTl3bt21e2bTPe10w81dAD8jXYAJUOJkkqUPNoVHdhDvM2hwP9HpCR6jq2hsY/hoS6slf09c3KEdm1Y4HSBZmXit2ZAGsULK/YJ7PTAj8WJKiPXS1HEQ7aMDBozR9B6uMc1c2pb7X9oNl7QZDppIJBKJrtMinvr4449/7Wtfe+KJJy69+vrXv15dVf0rSolEIpFIJBIdqbrtbW/7xje+cX+vxp+RLrvssrIs4++zvvCFL8RnbnjDG6rroC6//PKPfOQjH/rQh7773e8q9J29173u9ehHP/oXfuEXtt0//sbu2c9+9sMe9rC/+7u/++hHP/oh1D3ucY8nPOEJd7nLXZRIJBKJRCKRSCQ6wgSsBVAU5ErBWQjkOgHFRAQIlj08sA4Ya4eVKVaryWo92jVe3TFZjdsjU4EBBjodEPBB2RUdGmYz60C8SUJB4lcwzygKyJEhB5GEYWRYBKuZWNcklEGr7HmgkocKtguO3GGEj+qZBoYeyGVDUwFXe50PAMSJwjI4eI9wEAdfa8hOLUpxLd5otn7ROXaoL9oOqrdAPXDRlDKDgA6hi2NHlViHtXh5vREDVPDxGBT5kSEIvjrv2w5sTiiqIgpsA2CYDBEn0JMlUBTEmYAxSVHQAEI5GArFfHznXds1Xdeimtl8czYDQxGVEpWKwlKwTmlsaQugM8jgBM9SGEPbUIOP10WhSNhME1SeLTSvCOlgP5vlkjdiBj024B2mB8U2xaZB8I0xVT2ZjCcrKyvGFJ7K2X2ZPtXfQ47X8WmKBoNDitYmvmtdg+WMqPj2qqzAM6UA4xZ2ttjii8H+C3rhSfSGiX3k85OwggzBSJ5JDGzJoUEnh2pbQT4fC3zJwO/kJ9UQ1+D8KDopm7kgYoLmROgUQp2FXjgenEA08lyxm2EbYnQ0flWFZ9cThE5CnOza+4INTgC5AnAA5xsBWRTGFY+fQnbYooYbFDKDoLPhilJhKTCGukZt6Vq+iTFTQ0uGn2cjIjXwOTEAuqBvS4j3rg5cgbRL6T4w/5F7ojkIrkA4/eOlzJXfPdvc0842XLMZ2g6NT4KmVYGAW0LWQp+kE9I9JDVD9ajdoPH9d3SpWybANgRGuk2Fg3Iq4ZDZpa1YTx6L4bjEpew8Txi4syL9RslbfD61cBheOSEMyap8bzVa+4WL2pKGJBKJRKLrso499tiTTz75IQ95yM6dO7e++pjHPGZ1dXXbN8YixHw+V/vXHe5whwN8dHhJsZBz9tlnK5FIJBKJRKIjRvEXZA9+8IPhk2eo+Gu+X/3VX1XXQb3whS/84he/GDdudKMb/cZv/MbDH/7wG9/4xgd91y1ucYuXvOQlz3jGM9797ne///3vPxP1ile84r73va8SiUQikUgkEolER5L0Yt2Otg2Ug4EhMCngQi9bPegSPE6q1Xq0YzRZG62u1pOqqAxGnsTiu9OcR0PuET59+h1xCai/WsN1VgxlSZ/AZ/uQ4YmSwwKV+3N9nOJzUsYGlUyhQBxLnQFK3QBlDC7Q9MQMHUXxuVLlV6k+/4WsRui4JqUMGaQ2bJ91g8CF1r0DisrmGwPrgEHPMfWiM8UQu2LBSyaV/rndIYRBxweO1EHiJH6Fwnj6zL/F3coC4m+sAUOSqgK7k6IgGoSrsxkViIdq2qZp5g1q3my27bxtm3h8QmqIOInvt9pU1sCRIZgHvExitb6kOBHwOCHYRdvlGeKppq4VxQ6Bn8XAroNlmALweejR6cRtTje7to3vjqet62pU17EpAXKFXOpSlfAONew6rfUSPkLAVNe1m9NZvLrCFqNRXVZVYW0Aiw3VY0nZAmNh/oUlqIHnXmpwmmIqbLGfKBYPs70OrdKfZsQWaX0Yiu49cZKWFjMQzJwkboCIEx+YyQqeljpyJ2h24sCtBBKeAECJG77wBFl45E7iwvBWof0J+CBh4A4vimRqErxhUimkZRkCL0dibmiMc8bWtvRDgjIGNkc6Kx1kYVmmLZUoJk/3q3hNDpgSx+eODVcYDmMZeTDk+eTJyakJft01u9vpvm7WaN/FTrG8BBSn9xj2ZQoE99AKyRlbJjVkOVRMLYuHZxFMUVtv5sxncPzQ4jxcmL7qyk6lPoIq0SA0Lnht5D/Ed1m8ARgiTvTy3zhLx4SAouEaTqdYxB6ZydMCnYhEItH1SY997GO3PnncccfFH2ef9KQnHX300du+64wzzti3b9+2PxGtrq4ef/zxv/IrvxLfrg5No9Fo9+7d+wNcRCKRSCQSiQ6Lbnazm9V1XZbloew8Ho9/8zd/8wc/+EH8gee2t73tfe973127dm27501vetNb3vKWcf/9HSr+WHW7293uqKOOUj+x8i9bDv0t/+N//I83vvGNj3jEI+55z3uSg/Gh65hjjjn55JN/93d/9/3vf/8555xzn/vcR4lEIpFIJBKJRKIjTPzZcgYpuLqNaSn4EXnD1T2d7EXwc/O6NMWkqler8ep4sjZaWR1NRsWogOgaQ1wDxmOAyHSEbAPgP/5HSaw6m1jNtVCLNAlsWWgYZDLQ2UDbWToQdhL4A/Zxu/OudRCD4bAKrFSyJFkgTvJpApm4cD8kZMEmAiZV4XWGQMiCJXjGKcgQZuntKfRjodKtMnEyKJJmCsMM3hsGpVy+bJ26A/NwsseJAo8QTI2BZpkSfE3YuqMoITcGi+NG6exa4QHICZDOM2/ms/mcPE7arpnPN+OTsQlxLOLll8islLgN6Nd+uOAAABAASURBVIo1hQHiBCgTKBtbG+AbMD4hbCg5seSGawJK0rZG6mBx1iXUwWfLkNC5rkUUJjYLXGGqclyPakjAqfhwPnemSjV3NsJRaSOTCQqd2uPhkruJrjBNpx5V9G/bnIS7YG0y6HzutsF4pX24R5fxlMWD6Ls96y1qUdvN4aAP4kBBOIi6mpQu3g9ORJfIDIrHeaOI4kKALM9UJDIgNMc4WPeGWRNlkTixThUKCAKmLWDtQSJXnLNFAEOUgqAtehUbYXFcM4JleZyd44CuoMgsZHgzWGi/zoOUXUCGG0Q/qS3QSZzPAScEXpaLLXAAd7G3i6NsnwQ+xLVgigIgGw1+SR5vDK13867dN5vubacb3XwOOUOqI+8Onbg3xZE+ue063VkHMTr0pFUqGz0pXEF5eS1AVZkmUdxzS7/u2dJdSm1DfeilKbFA7SypP7uj4Qj9FPJEmvA9CkAiNENCrga09bdRmenqF2Fgsym6NeS3GCaB4hltsogBEu3sT74ubv//7P17rGXbnt8Hjd8Yc8611t676tQ5t2/ffrmbjnGaxLQSm2AcpCQGBQU5xJEiIRzJfxgh2wr8ASRWFAECg42EkCKjKIpiGREjhQiEjJCRLMVSkEJAEMVBIZFJ7La77bgf6dv3dU7V3mvNxxi/jN9jjDnmWmvv2uecOnWq+/6+Z9equdeaj/Gas7rv77O+35/48euVSJPJZDKJXr95yK8v7m6cyWQymUwmk+lL69/5//6V/Ppf/N2/05lMJpPJZDKZTKb3KPs/xT9M/eqvfSe//n2/6/ehZllQ/VAqhI79M6RESmSGZ8MC5K/pYy4l+0M/vNjffnx48fHh7sXu5q4/DGGogAOX8+kkSbJI3Pq9dy0cOwghlwylFsmmGepCkC4NJxDxCXSer0UV6TkuU/6hUJYlOi3jgivZMlpHhYrRFA+OQudX0kCDTLjwmVbuoxIkXqI52PXE81hBpSiS2G+g2KZIt9gQRTdCg7k4MnoIrkmbWakT9lOQCnRiuCEuy2meIgs5hCZfnbwDuKbb9/2+H/JrPnnfD/R9ia6DpiAdUcxRonAYx/GUNcd5mqdxOuWSdicTQY10ZJfCATpD3w3kcdIFHqfcWnk/79hT6T1QWVldL9JaHSbSheY0yGiWzhVCKJ2V3cX+Zlny3OUuTjQsXdd3/Y7lGUtyGzsLV9NC1HiDK/98KrUbyecT3GSeZwohCv3Nzc1ut5cRk0nOg7EBkjbQibsQ1jAUp4xEjTdJV/0Wui0/9IEJm4nB5i+nNBSzVnIHCHTC77KjCfU8dzkRjkGUCXMnofE4qdviXEJpRJynQ6/sdNKhIBgYUEEsvx35wmNtm6Sz3owmpsueXc4oQCWgijkGtPCXBOmwzQl1GOY0l7vfJ2iNVygjhnN5mKABt3i3gJtdOqb59fTw6fH1KU4LYB4vCL6eX47nhyG0LStPJSxWI6sVUsvEuA375D6XrhAnZzu4z+cWsj6X6U6ul0B9iNJtlSK5/iJHfDG/6IspVNm5NAXbv9/atfOJ+zDvLJPJZDKZTCaTyWQymUwmk8lkMplMJpPph0zYQA/i4lCLoatLB3Mo8ksPnlJ1hsPL3e2r/d3L3c0u9L1WWFGLiISPoLIm/NV8hxqL4dSIghM2gn793ZeonfN6a65sXysr17bzznQprnMScbKkZeFre7Xa8IhOHUrUlwRBaRO1J1GMAORysdan1c1BWyLVYAgrZQJn5iyldnqldAqcWeO93+xfUZgab9IorXYG5KxCHidsc5I3qHbvvQxe4Co4u4HsmN3xPXucSONTMXrgXB7ygJmX5XQ6EXQyjUskm5NlmXe7fjcMwNxB55llcdCFsOuGnomPXDbuKFJEAjLoonUAnTrKOC0Cl8ChsK3+oxbWz3pKA5w7JVk/eQLzIYfDYb8/UERQCMKRSD+ujCkb6BTKJDFORNsM1oxv3rzOZxiIwNn3/dCEe2DrfOG+iIodCC1rYZSucFHdB1gQv+Jggatzht6/BRITkArV4ySJlQwTRgSd+Ih+cbzhOqIziDXRYJ1EiIlXMIPkGWLxEqkDvJH35MUpjwYnaUx8+/PlZKHUUJhKKpTG4xVOYQNqNL/UNwWs26xLhuEQSnqQXhu4wx7QozwSvURBFd6CfDyAvEy8G126n8cfHN+8OT2c4hj5MYOu0CMKY3CmkDxkdCLqs1XivtZGchvXJQVw1k+47PjjenI3qC/PVbvQmd5zqRjfeL4Z+BHFlFJWYPKMknW8cFpyeLn9sM6hPmrP4Kdr7ZURLf8quc/ZfJPJZDKZTCaTyWQymUwmk8lkMplMJpPJ9FVJnU4oMkKLeX61BoG1OIkUrPOiO7y6efFif/tyd3PT7wcXKFgnUYYKV+BBLD9KRA00bhdsjAFu8MQAEFXQfFldCI+WOJHr14vX/epW8QaJMUqIypKK7URSeiY5t+aEMvzRgCZsdiLn92rmQQdxNg9oMZydHeSb+lQ9FXRGjpUerR1wkgDhWoyn/DQjfTH0Tq5Sj6HdY0mfkU7mHjoOrpBLE5HBaAiZgvT9frcjexIuqnc9RX8sMbqmyJt4hKaZUnUeTscx/71MKS35jMNALimeK75UJAYK0+m7PK99n/tL+A4RJ30QMxSv2E2xXxA8x5feSn0eYK2MSwOkAO9WwEYygtK8zJLyk4du2O2oI5yCI0YxjgvXlVZpzW9cU1DnXve5h+IEwwth7vuB+ZU9h+mAq5lITr12nrBJgLdE3mAlbhTaurZ75z48bZNZGgKoxVAI9In6HhR6SWxOChwAEf1MuEkgtxIlTgp3IkxJfkUBtIAfAflPvt0DkgORF5sgBtLYCwVlvsXghNvghLt6ZIrSYzjFhv3ZmibJX2J0ox2nefROU2FwScyvuRjJqqQ8gWQVuhIzRgMS850YHcwIJxfv0/QpeZzcT3FGjg1TqELHNT8aA7fElxAhX2kPKDCbsEv0kdB5ZCLiz7vzReTLcLXvbc6K+Cx+ZbtyNg2j5wgKcoZixJQf7fmVbjy9jT3HK7WHp0LpRVee4mW6y/nP+r4CiRWFhGc13WQymUwmk8lkMplMJpPJZDKZTCaTyWQyfZVStAQ2BTwttyouARpQgzB4sjn56PDi1e2rQ9fvu93ODyFS3ZmL0RqIIX+3BWSuOyfJmMnl5qHr2CzDazIDeypICyTUQi0QHDMCaoPgtrYiyQmMwPQCoQZxSrhwwTLIHqVDiVET+ca91kBr3ZWDb9YSavBBEA8sdiYJqiGKAiu+icjRdjKikhrLCN5fbFxWUwP5BLEJcSlFVvZTKINeJKcTkELfcZxwA6BGIA6GYdgzptERdNJcBgouwIocNHMaxyP5nBzHZUIaQNjtdje7gcckMYLjewd96Pa7XRD7CQrZ6TsmUXL1nMMy8pjwnDCLk5susyVbPEC8bFId1fy+O/PWENxEAJHcrrxnP+xe3N0eDofSfGUDGEWIOlz1cJpTUCcJkKijME1j7mM+Yf48D86rV6/6rqcBJIICK/hTcZPLaju4MpdbymlLOEAhZ7bOGhfqUsIVvmnJpHWS3LvTU/X3dV3qr02X1E1EAJPYuk/IaGBMijulRNOcmKxYsFskQ8dVa5OQ73AK1sHA96yXGzEp7UPYBa0QMg9pKCBYG5ewjBbbjsjfTpK60L2NjRBTIoDmoaNuRMovlFf6ScRJCVxGSxzJBsgt+T5RUxcC6JwEi8nhqKdM4BeIeYmNLr2Zp4f5dEzz/XKa0+IY3KJ7APmOIA8mAUzgkjWrTSkRXYXI4jyt4pWymdTGAgTrSbaj8vb1JM/5s6OucieN/U2lRZD5FQ/NClqBESdOViUzzTsfOn7E+9LmDTJWPHYEAiPqh+fF1fytplVihUNoYCWSTCaTyWQymUwmk8lkMplMJpPJZDKZTCbThyJ2ofDFrwEVf5CsFS2Le/Q9ECdCxMnu9uObl68Ot4Pv84/nunGkUi1jICD2I2thkV/pnMEr6kG8ia/F+OIHoKXP6mFRK67A0Q0bOxHUCAsJ1slXp1SHyDEsWuF0Sg5AMRvxUhFuvj8vRhrqfSCV0VLs5IKxDIREOJQ8HlcQmaKUkttUhyvD4wtJo3yLX49aK7xJnEhq7gynVbi1moxNSZfOEBx7jbBJDG+EviP1oQsMw3A+SKq1+/wbwSb5zzSP85g1TePEHicQfN/7fd+LHwwl9XBT+o5OyYQAGZ/sOvY7AY7JkJgUJ6VfzcmoHifcUx5VBkYQiguIwyZriYYrT9ZETZpyqT/vfnt7u9/vcyfyCZdlkcClQiBpFo6MhrilJGVQnFyEApgSvjnd526KvULXDcPQ58YTRMAjzAucRgNaQATcxjWHDHpCQR1wNdy5InCtS8gj6ghgKEY64ArUtTGZeJoV+bx64lxQ99jcmViPkinieBn5OCl3wpQJgRgQ808SyqSLrpsx8F1YwnTE/Cd5djzixZr7DF75jyQ0TxA3D7Xz4SWTKqfGlyZ8K4LeEtIYhl3OZwKudr5wLKigB11xhcrkivKprkcgnGZJOCfy6EjFhIRxM4ie7roO1YAkv7N4d0J3culNHN/MD/en44IRGTBb6Gh2bxFHFcgPOnm8qtUStrE+7ROO4Tu9713T08JesHcIVMijHYR68nUIrig8MXA8GlcGU57hXlKsqO0CmgkVKE1hlixpvlTeohuXbIVolOUBhfLEwNobt5qaaHgTuPoMpa75dh/nilGNWMUAbLm6d0ptmUwmk8lkMplMJpPJZDKZTCaTyWQymUymLyhGOtilInFt3q11T6rW56JtQMJNbrrDi+Hmk/3ty+FwE/bEjiS2yyi1UU2pQIVCqq8CMOERGPIQ6wD+PjsHV9Sv06vVwtqqUjTWKvL67Xet41OhNmKaMC1xoWAV+qq8ZARpB6RI6QtqwlxE+dY9KAcgKTmrJYKjXBt2OXACruSCd7U7cOrOgLLzFasMEEcVsS7AEt6jlVPtduk0an4PdcpvOq6MRWJHEM9tlI5TVEcgeofICmJNwsAKnjwFuIPkR5HiLDTMskxHStQZx2mcTiM5i+CS25ALwt1AFiZ9R00ITHkQXEJ8SRdyudzRL7u+34VeTCvYB0WdWULtlvI1tfsMGGCJ9XEFJChIQZRWxWWap3mZg3e73f729kYdJcAnZR4QscAPjAApvKJuMED2G4zX5A7N85xXQL5a6ChriAcnBKl9r3VpscFYU36c4kSymUr7kxjuyBS7SgFcFOrdM9RBQ0oJwIXu3L7iXQmfedLCW9RjCuqV6CaLSZYlit0LW5sw+4E+IizJR9dRgA76BUNyndyZkRZQYBMUX0aLM3SQUmmEweD1kPfuvC/8hzShMYNx7TifebO4t6qkr0DhjHTuVzsa/lT8iGj1aEgPLilOkRJikk57MSfy4kLiGbigPJjoYXJ4XOKbZXw9PTzM45IWpdqArVO0Ib42fQPLlQcEL4YmS2a753a6sOkgIL77tXOqYymmAAAQAElEQVT1tMLllB1coQiTa8Yz336U28Vgl/JJ8ogHRnXAu+sWL/JOqpdu6br15gT9x6FMJGzPZrSJyWQymUwmk8lkMplMJpPJZDKZTCaTyfTBqCl2sgsAJ87w21xKBoZOYOd3L/Y3d8NhP+x733eSJVG/oI7FyiJpDVtMLjiSBphl4MgF136pHtu8hbMvrZcv/qvjB7eI69alOppKpTNvLESdLLUv1ZsEOeeC42ggN4xojYLTtPk4YksgUIk4P3A5FeUsAnmUXevX7tteXM+4KKVS3XbXVKr/V94sAUV6OKfMsN+J910IQ98Pw9AVMSdTjSGoYJyr6HlUTqfTw8NxJO7klDijh8Ykn6HLZwgdkxky+BSg05GZTRd2ebA72qcb8n959DCJEU7LmpQF4wqtI7MBhdWohezVFISQF6pRL4Ke7Pf73Iub/a7vQzU2gIvAGlQAYlVeR3HBcRwfHu4jO6NQy4Pf7XZ5TJBJncsV9WwhFGeMizPg5wJGug1fUowb6huwMgfvSk91uAVN+AbVtcKYj5gGJa38q70Ix88k9InNTiIRJwEJOiFrk0jBOiApNJQkRPiJx5QXixp9KJm1DiW/46D2G0tgi1OfDDHGAbn2SqPJhnfP7n69osBuFeySEWDWBCNIahAlL0WMiyvECT/65MbzyP2jdkPyMGOa4vKwLPfz6RTnmSO4CAfj9B0sXNNqquLU40UYFP5QesHxNBJ0U0m6x6espTLOPvqiS/xi4C4evtINbFmQYpCzcmFM91F4V3745k4GSf4CeW6KK1JlBM+6I28mTSRbb//aotqohgc04sRkMplMJpPJZDKZTCaTyWQymUwmk8lk+hClFiCyyeLCIdVHg/MdQSfdIQy3w+7l/ua2Pxw4bwUkMyXhCp1QsZ/DOVbfC/YKIOsMcZ5A+QY8fSb5OKWKupp7XNRSAaDxPFAjAxTnDMzVznlZllIGrXVKV74cD0FwF9B8jGpnQg1jFwaJcuGID/2efW2V+ng0qAmU+IsSBuS2TgyPVkXJsATgSopFHQHc9LrQO/qb2C54pxFAnCBDyIgkFjEl4LmAG6WKH+NymihJ53Q8ZU3TFCMHzTgnqTpyOCNBxJcMoevztPIp87bjCCRK2aGMDHHBkaKvOo6AzhJyq8TaAc6sGvIVKe8neK5Tx9yGcR6xIETD0A+7fd8F8b+p835R/iYvkzy9Mo+8xmi647Icj8c8+7mNh3yevs/toFSg4nOhnNC70Frrh8aI4RmF785tV0dd5qCogXtHzMAjgkeQlpYk4BFmzophk0KPibuJ4zwdT9wJB+hE10XMG4E+wk6cYxg6CSXBpZNlUXATLLlQ4JRjKOhBkvge8f1o2+NWMqVSZhJ685TPh+zZQGH6pt6rcm/nW8TTmo3UfLdQrAs9OhYO2VHLHnE4iuqqw8E3EIHusGOc7+f5YT49zBO5njjOTsrPNWT6RDxdrjSsTsb6jC1z83ZopHlAnG98UV05wVk72ruwTo1vZ4/IE/KKYZqPlk6+0fMdrXcd3aiucEJ++zRM5xcC3D5J5f12B+VXNs9H9xXfOyaTyWQymUwmk8lkMplMJpPJZDKZTCaT6XOIERPvKzfgKVKH7Qyc73y46Xavbl7+yMtXrw4vBwg9vUmIg/gTOPmy+vqdeI2eoXyWAJKqE+TkxV+kcCTYuBk8VU2ucTbyhiY9AFK0yiI4xRr7IJ9xFoxXKkO3vaZuOOUnuJDpfeuowb2hU+W31Zii2DR4jxVBkdr4k2EX4Dbf8MerLhnr4dryes7qRyEfaixJaQwZkhCFwT4wuXgfUVwpeEyJ0hjH8XQ65T/T6TSTJ0Msp6JjKVRHXF+IOIGh63Y9uaYMlNFD3i4UtRMCxSchR6zQcVjGTc1tpHdSUfY6+AjaUY3jSGwakzfGaTqejrk8TVgLtR762gi6gs4ebOZC+B8qbKcUxYMnd43YlWnKncqTe3f3Yug1ScfrqRI+Qi99AW3nN7nPqW6lVaC1PKlJK+effDm1XW04rbKS5GM1IiKiREkMmSaaBJ40EOiE7EwQFgyUp0NJOvyT8kOhQwYx0AVklEugE4DgkqwSvqPQK2OhrAkUfqT4Zzh+UiS3jrIs0A1pdckouIuHRZ1jv4JhG8sT8URKfMsyLUN3Q75lloSLDIEv7jZyTyTqjwIx4PPyz7s9LNObZbxfxuM8TsvMBifF0QXFB6mCSFBufxCPFXV2qVPdwBU1ZMhd6EvDJe9G8nCvN6Yr07d+mp8pZLlE1BrqTQuNM81jnB0WtO7M48TV9VKQEz2VmGR9GKNiMplMJpPJZDKZTCaTyWQymUwmk8lkMplWqQMHiCMABAnEQYqA6CDchP2rw8tvvHj56ubFTbejGjTxF2xQgFFIh1LRlvotV519EGBFbUaEHFkJCqETNF/nrIpY0QqoBWRcv+UuMEPCmIvHM9ucRPZXqdYGcjrO9Am5Duq5jB3YvgUFngANuZCKdKEpUMwepCtQTAtKK7yUlNuqN+MNidOIrpENF28+ZjohuEYq0Rv1/DxKtfjKBic8kHlABwI2Oh0fhgaYG6AOxhgpSud0nMbxOJ6m6QgyI1zVDZ7dS9jRJHgyL+gC9D7sfD4dsSb5EuKeEniUglTe+dTcBtQpoeHRWfHFlqLWg/kQWgzTNJH7SlzGaXSQdvvdbtj5njqay/sMIq0kT+URePAUHeFe0+ViWqY81XMk6GQ+5ff3u8Pd3R0xAqlFF9Y5ehZxcmn6sJkX2U5fjF3pGrsIaZnD5nd8l8SJnrWcsbwUVxFXeQFoPIUoUoaPEuIkCpiBEOmHoLOFrU0SEl8SU14NIQF5hSDmR8C6OOhJgbIGAv/lK3Oh1kDOrdMrfxKBH7zEvbRN7kZYrWEaOmF1Y7o6r/pOeb7oPvye3BgJ1EQlvy7kxkTQCRu8uEjUDJTVLSeg2J1iNORnxNHFz+bjwzIdl3nKCzEuhLF5JvUYattyEzVDB2qbdILKaBTuCC9gC5lHbMkp59pzfFmQ6rET1IGtl64PYvGYSSmWp83GdoWeRwydeB8iDxs2j4L63Hey/osAElvPJDkhlFVQzskAEA3YapSi7blMrDKZTCaTyWQymUwmk8lkMplMJpPJZDKZTF+roKkLS7YEGZQgFft30L3Y37y6u7vtD12us+a6c34bQcvGCV1K7XkU5vC+46AK8TjRgjBidRmRkupaXXbn6Srta60/4/o1e4wpLjFysE7e5HiHfPWSrkIlTB9yHZT9TsR2ZbVAqF+j15NrzbgYY1QPFvVF4cO9nGOtilZfF3fNeQHKl/U3A91Uas/elua0LgKlRa5cXTxjgmz4YtCCzLygOoukhfGO8UgmJ1PemMY8RgKYODGw6XhYiCuii/Yh/3RDfp9+oMuXcGKoQkYOnnkazzVyLv2y5QyPWHWs4fN4qKVqtiMQv4M8K9M0zcucJyq3bX+z3+8Ow9Cjp/q11LGxuBh47lqe2DJOUph2kiqUd19yuX+amPRJeee7u7vcEXZA8WX5bkb7WfE6GyJgnRq8sqNABa0Ry9tL3l3dqmgVuG3NXNbfl8UIalNgbX9xFBHipPzGzIhaijBjlRKBYwnZA4TQE2BTEyDWxHXouqS4CbmbSDoNsk0QuKDWNwyOlPuJoTPa8sqjCAIireJ5lRQo9iYSnxHXggnSjdYLRExS1o8eHSuQxcJSZMS7cm9AZGxCrE1iFNiB/Vg8eZmwt1NlU5CRKhqx6NKYls+m46fH+8nhjHktR+h4xfM+qTwmSmsdEXtiGSNmLeT5JDe3Nq8iYNqv1pOncBnu/RIVZ6BJ/bVsuPVXfROFwwuK3XC4l4sFN4HK05xBQoVTwpKIxstjew/mB7lr/wGQN9dBPm+2yWQymUwmk8lkMplM71l9182c+J03nMlkMplMJpPJZHovmufF8f817kwfpHoo6RJUG+VgGsrWgN53H93dffLio9vdYdfvOgigMACnoeRXLjRCqS5qWZArv/QfOmi+8s7l1CRuHLVS2LpTwEWRUTfKS8E8KBgkxTjNp1w7JqAhl44pYMVLfTOwqBJaSuGeeQut85ZsnbOrnEldTaQCm1DtHLCUShO0zgbVtaJpsy919kpjbErpZ5BNNXGggrhUrDnwSM6Z35Z8IiVOvJeWcJ+AmwSR6ZvTdCLghLN15vGUhynvzJQJjX4+X+cpGikQMOAGH3pP9d3eB8rW6XuKvWEYoQyaIEIChjB14Cq4A2wioVY1xbaB24U4z3NuAyJnMDnMDRiG/nBz2O93+fiYZgi+jr/HjtbKBuWhMSA6Ilf553GapmUZxfIkDD1jTLDb7Zrlwa35/OTG0wfUOZLGnS2VMzAArmUtrY+891MbJ55kJZv4JcW1hfyax1b5j0RoBmcWJSFOyOAkcaoW/+SNnqxN0Me8XFDuG8+cRl5MTJzkqVMoxPMA0CSVxlRbIIcFF6O3E1MnSUJvrt6HzXY7bPBWNAfWSBehxuTK5F8SHRKfpsE6+j7zMlC9hCTjCfl+jzyaM6YxTm+m0/10nDAmvi0qL+Ictq2VJ1i7LS/tKkPnHnFFgvYX9/XhFNiuIKVMnPQ0MYoj1BA97hN2EsdFhGLFA58+93pasdzhH4+NS5Ko0n6uGbSz039ZUMtkMplMJpPJZDKZTKYvqpub/aefvXl4OH308s6ZTCaTyWQymUym96L7h6Pj/2vcmT5IlfQbITvYvwCJSPj49u4bLz6+293dDMO+632uNmPxDcDVfAS2ARGKRbAVgphmuNUGYFu2l9dtKoo7K0C7DahB1WoyF8i145hSWuIcKfMhH9CJH4gmx4g3iGOAhtEMX2rWBT256mbh2o7o6/lX7oWv0QPWxteXC9VTXS2lN5dfwYvmYtyF3CH+r5O0Iu+x8CypXJY8TsbxOJ1E8zTFGLvgu9CxRYonWoDgkr7zkH/NHw2dz3PdB3pzCB1BRQ5CtWPgH6+8jRhIlCI7rC4srqlT5ys6Ku7H3IBpGoPvB2aV8mzc3twMu2FFbdbiuzjRbIrshNFALmrDsiz3929Op+Mw9Pv9fhgG6X+eYVTLhLPZ+RLaTH/7QZJrXDkC8ep2Vdf4c5yfvDm0hq18kZ6sHhVqJCJrA7BCWjo75bJJ7UYIN0kEjvlIFhUh5g3CxAIydxJpg+gTpEXg2ZKCF4HknQBDSfrkIKCJlhdxSADV5gJLpI164IjBCUNS6mOjO274srpZzFugYG2P2F00Y+HqrQ3VtgQgAs5LnOISmR+LK1LGl/aKzNGThTcWwCXGOaUpLffz9DCPY5zkI8ePy2qLVFEjaB8TeQfcTiXqfXPm6FGbu9qBNI4jXx13cjaGnHGzuVbbnpWZq89+jb+hADOZO+/LE965s+dbpXPqmesnsvT57t+06gzB8dsJr0zV10PlmEwmk8lkMplMJpPJlP9n7gNBJ7/xne8ZdGIymUwmk8lkMr03ffs3vpdfb28OzvRBihEDkMoyIQ4RO/JUxAAAEABJREFUd134aH/7Iy8/vtsd9l0/eMqp4aIz1tAEV0I8pMisX0wvtEdgoxHdgauLbeVwLUO2tU5EbKwCStAJFnMN/Sxx2brU1l3BQhJfk8RkBhW6AzfHlygYX50IyhfuXVMNTWuQBNQKMhYXh3X/dQCUFVhREixmEqVmihz0U/J6nKuwxmU1uXAbKVUsQ/9k9X0vYysmLoLXSLIHkTeJhmQax9PxeJxO8zwv80w+KITgdGJzQhwOgTmhJ4AFuuD7Lm9zglLoepksyk6hQZP2+8ZEJLhSN1/rws41WTM8JYkuzd6i8zzlPYUUYcsW1w9DIUvkJFp8LqXtBkzitbTEZaJ8oFOMS+5CPs9ut8sba1F+QyOVQ7+wdC3XzYt3z6b1GmXS4gey3b0TGuaqLoEXXZESWwOp9atQiyG2oZGZdmLowakzed+wUJhOiGxwQpQJ8SX0Dq+D4DQTpXoHccKO86vvDfdc7sk1B4uWEgUpVccYttCBlZQiRAU3D4btU6KZWHzO/Nb7FECxCYDo3BzTlOLMl88diygoAwFWegh3ICK1NfHGMU7HhXCT0zzN5I3Czzm6QXyx/XBvnVx+ojKpgn6LRwX9/CxqqWFNrrA1X4hBuTxbfUhdrmNs/HwuMRRXiBPH4VWhC5U7OrscX6DBQx5ViV4jYqkiRn590MDjgwxvO7fJZDKZTCaTyWQymUxfmb75zU/+k29/9/s/eP3Z6/uXL26dyWQymUwmk8lk+or1g09ff/rZm1xC+uaPfOxMH6T4K/5aKvYJbkL/6ublJ3evbvxuD8Pe51K/9xQoU8EMKj16KSvq9/epNujZKoOIEzZDAFgL8FJBxOJB8JipxIYjqIVjRQxoMxfNY0qcmkpsRUJCK7pANie5wBvErANQquGeeROO0GCUgSvF6/kbYX23lEqhmBq0DEHS0nr71f/1DJfESa2o1gvi9vv8ZxXeVNuncSVOeBElTtQ3Ru1kIsY55p9lXKZpnOb8chynZRYChFCVrqeR4aQfdjrxDBWlPE49hH2gNJ08cH3HJIvzAa+4MXiQ6BvlBKjHia0vaIrVSmOJccn/pbgQckLcSdd1t7d3h7x8ikouUTvQdaLpOjwEQtHEcaT+zPOUP97tyOCkp1AdChUK3usIrHO2Dpr7onr0yNVkY1ORd03VfrN7M7n50yuJYu+8St5mlkj8FdEaqcSiULyOmJ1EWokR6e5ImlElYTo+uo6Jk07QE+6yAmiY2OmE7iJZfYG31dCDLY3I98JxQhdPIB1b2CqJ7yk0V1p7DwVDuRi4VuqIo3dguuw1PDLlTNnkSwOl6mCa8m2CjFR5sj9JPI+yov0KrdGec17ELuWN4zLej6eHeVpASBkaBKVIuCcK35RmViuTdbloF2pHWq7qLbOJF2FO70qf77TV36TxdPKro1SPmsMlz2oljZ7BxkAzCPyk1mgjcY6p7lLuKxoEk8lkMplMJpPJZDKZvqR2Q/9TP/Gjf/tXfv0Xf+mX/46f/SnjTkwmk8lkMplMpq9Un3725pf+1q/kjZ/6iW/lwrEzfZAKxUcgODh0/ce3L7/x8pO7br/z3S50gwueWQxGIqSanSSJAqRgyArNtnPKiNTSYluHrP4gV0MkLuuMWrLmSnqMkfCKeVwWCtbJBdC+632g0qfvOnIEYUcTCYiRlJ/1PHjdLQEVo6ll4gJ2SD2agQlHRIhbE0tcKbzr0NVqMtQ6sxqdXK2aXiumpgIHaBfYfUSsTapbiWsYjiXRUIzLfJrGKes0pnlJkn1BFicUx0Pz4oFSdPicHfguj1joBzJA6Xc98Sx5hz7vTYXfJIfXYj+bQVS6QrAb4W4YMkD1OMkTkX9yE+iQLgxd2O0Oh5ubjjGR2uA8Yr74GdRhIF8DlHyPxNNLQNHx9JB/zX3Y7wdCY8jixbszR4ambP2uSQ58gg3h+ZcSuXdvU+eeoXdAGBSiSQielHSouKlJJo74CyRTE1hi/g3oHcJEAhJo0lO8DhMnKYmpEUhElmbrMEVGyVt8R+QVpqse2fIkMSkga9f5ag8jBAyunhRQOTJuJpEtwCtz4wJypsqdsMGG3JDnXIN86p0aC3nm49zC6El+VORbJfJy1iQd/gl8C+fW5Bsl707QCefpTBjzz8M0PoynGSMMHDeWNDAIt2FgUPinChu55mO+VzwUbsZdAHdtDxCf5+byiPRY+IJY0/ogrjBXau+3JJMbGH3jCDMK/UrRCXSCuDh+RG5acOFQU56e7ryjNEqU/sUtcW1yznUbFZPJZDKZTCaTyWQymb5u/di3fuR73//s/uH4V3/hb37jk48++fiju9ubrgvOZDKZTCaTyWQyvSNN83x/f/z+Dz777vc+dRys82Pf+oYzfbCi0jNw9or/5ObFN+5evRj2O98ful2gaI2Imq5RvoTvNMOiLSoLWyC0h7AEblNl1gut13zcJcI15Ac2e+bCp5AW80weJ953PcETXYxLrooOve+lasm4iavXvVaohCuV6/Wb/LU74qaAXMdPbc1ULQBKx2uDC+ZSCuvRFSRFdpPxeTQog8vhoJEV+ndgawGvbynoQAYn03gax3GZp4U1L65kX5SCOP30uUDsA6bUOeiJCOl3PcXpdJ7OHICJE7YzQfE1kUgiVGMLWBmaddbIMSPm2SDWhDmReYnENISe0nvyjOx2A++cxBYBJWmljnmZZ7lW/pCbn/shNi1L3/fDkOeWQoHqvFSeyZ0vnjPTlHehR85zmWlzuQO08TpvPTPqyljvkCYWZ11hZd8CPpSZlv0FNBGXiaRGPTwa5G8CeZp8ngnHO82xi8HTWk75xzNHQh4nueSf5w8T5WgRa0J2KEw/0QSGlEBggPxmSgRvBAlGWZ0uXIlLSk7MQFIxI8EzmkGOkPXpGVzJu/Jdtw5ce39KYheFQzH4gqv9hqBQUAYVAiqiQhlhLo2RCJLFJdexXUthRAIDXuycwxRVQorgSXial/v8eHHpzfFhnKckzk8zUiuJVoFUViBIw1FYmzpLnu8gKI9LKLlemwAaPiBi3azrohp7MPFTI2aY92DghmAarOOjn/JlVuoFz6kWcOdX4l+BsRz1j0F5uCWEyq0w1aXLjNAlzHd6z3c1IX400i7G4qAjZjfrivXluoL36IooEyrtrw0uj2nNd3PuzOME276A2vm4yw9NJpPJZDKZTCaTyWR63/q7fu5nf+VXv/1rv/6d/L+Ay/8IbjKZTCaTyWQymb4i/fi3fuQnf+JHnekDVi5w7nx36PoXw+GT/Ud33eGm2w+BLCZcTGxtQD4nnG6TBDcRLIIro/zdd8f2B+QbIBVXqZa6UgGtZXQUkKOWQGPSXAUPodlHKQ1CPbg0mq8UYxqnMdeCKcmF9iG6IRekc7F41+/6bgjgpSrMaUFiobEtwK5uJq5+2z6VGjYUXKa2LZUKb3JaXE6yP/U0uFTGDhRMUURmraViMcNYCRaV+CCwuYevDcpFfyAMhGJZaFSDECcdvaUxNxRgAm6e5+PpeJqnh5EGJOahoWGkwrHkCHk6qsvHD13Xh+BTyi/7ftgNPTmHdF0QZxrxUyGHG6ne08gHgQuklA/F9IOaD9JigWjY4CRNZDszUdZSgH4YuhD2+33Xd8C5SzyUbIijXhYymOLEkTydMq+RtCxLPgn5UaSF+p6bLqRMWCETv4FVlOPJHacZKOYpnq0u3qqrPAmutiXp/CPc2C7IomjJktpKCULKrRIDmFymf7vTCTxVOE+lBQ20UNawIAOypQY16BTJoG02BkpsbZLE1CQPNfqIXX7loBugqcSOF29g7iwAmR2J3YSMR3Dq6QMtX+JknbNdysVggUAMJYvrSpc3KTMArbPQZodzNcyCEzcMfqciLNQmjglzeQbmtEyJKSYPDfil7FP+NS/ffJfl9xZw+R46zuMMFK/zZsy31ph08GHFJzat5gt7L6gIKu6krAlue+ueobqeGqLoXQFUpRnYIF/gsDwNq/VIeYjJjprOpA8XgK7vyxwJXiPLIBb86VkNbqGZ8l4lcmC7ylfwCK4FWZlMJpPJZDKZTCaTyfS1K/9/rD/1k9969erld777/dNpPB7Hhf+3KpPJZDKZTCaTyfROlGvPh8PusN994xsf390enOnDVg9+1/W3/e623+99Li760BThS0kRU9KSqNQGG0sPJ9/qr+VjOfBqufWsQClV4LIN2z1LVZSoD5AYl2VZqFhM0Q5BWIaenDV6intAqaauZhjnJ3Rn9fvnqnoquNqxJAxFAoS22Fr7v/2aPm7cQh6pzq6GKMyCkMsHQydqlODpUolTdcaFUnUoUmee8ogomVPL956AFRoUycJwkAdn1/eHoR+GgaN6yFXCO/TVcADbucRSWYZiZrGWfLn+S2YaQorM85Rr7H1PkEjPJ2ZrE+fW84jxxDp4zJrQFfNszsviEs7THOMsvRaHB6+MTrMw0L114i7K2Z9L6emPC26CjREJtks3Nz0X6GnWvJ/zuIxjfn1WvM4ztOaNNLYhWAiP4npSPtR38jSlyHk6ebBpIyTO04mE8HCGCQZ2OiFfk+Q6wEB2ExDYUQKcmvKozYdyJ+DWcKwkYTG4eo/QUuQwGo7gKkPnHh9TGUHvz58CcOF6VEETB4JX1TQs7TlBamRNQlzYiMtpWWZHDi1Y3JYE25LILDqJIHDejXE5zuPDPObtU5zz3bWk5H1Zf/VWvsjKAkXOzp4pAum5i/aXDhY0Z51dXGfX4erlou9tqQvc5vt8HilPUm8sxVu2J5ScK1zztJIkXeVnrNsAQ7IGoHmaF6jlvF3nd86mSeVpeWXGtxvGnZhMJpPJZDKZTCaT6cNU/t++7X/+NplMJpPJZDKZTKYddDehP/T7Q7ejUBMKXYHmK/dcTSxog2vKr1f4kjUA5dGIkvaX6i8CF1XU1LAeKXEtNClVQC4YISBX+ol4CKH9nvxl2Xpz+WdwJxf4ixZra4U9YYStSYWE8sjrGjbSnkINEVaHjPK6viOXJScSYkO6gl9wvo/6WGCuiZ+maRzHI1EnlAEiVEeJ32FexYc8KB3ZplDCCxmQ9ENP/iYS2UMpRB7IWCU4sathnEBL81DwlzJerraNurCQ+cGSlshpONj15G6SZ0GK7xJspEV3aM/XxsLQp/k0x+NxmfJJXAgw9AMtPWJsJOVnnUd/UZhuC9BnrAl+Ia7orWqnrL0osLUJoT+JLFvmeXbNCvzi0MllD13hBfjvpEsqYbsDOU8kdiVCRjAiWZvAgn5hvoTcTTCkJD4VkAiaCA45eya/EnoSQLx3aM6Cuvjw7wRopKAzoQwBhcSAmqxwA5zcts41NiaXDML2HVihkA1YcP44cIk9TQoM11BISW1eyOInb88pTXmR5lHw/fHFz877n3D9HXZ3Kdy67saFvbtQvh9e8MZL95tJy3KM85sUXy/zm7i8Hh9++fj6bzhcruyKq4+Kq5tuNTvhJxe9lwpb6Mq9FHp5mGwWM4Zkog8AABAASURBVFZLnSZS5+zhXgBDd0aclInzZ+/AhdPJ2eVMJpPJZDKZTCaTyWQymUwmk8lkMplMJtOHqdt+uNvd3HW7QzfsuqEnVoH4AmDMJGnIzVplp9iaApVUTwwJmtACdIEELi517idxia0I7sKbnACSj6H6cczl/Fzbz/v3oS+OGlrR1hKqEhrwGHMA7tq38CuscFH63KIhWL+x79x1nobZiCRxG80eSYZDaryJmIDmGNzGduROdSHkGYBCXkimD5lI0DAsy3LKmqbTOFLMUKKyP+Ep+UApELPTRpAf8EMXdqE79AQTsTMNpawAOo7VqSOobgWctEPFe+Bhrx4STqEfghmWOI/TSIxFTLkQPVBaD0E/+bLrlFVjkjNjCECNneHUDo4GmvJvQz/sd3tuOLC9Cx3n14r0lXIzuVqUYCb3ZXWRpyMAQ7MMzkAWeUesTQg6ybX/4/E0nuRNjjAiDbvdc6GTeoHL4jq25iVr/Z5/CgGlWFTS+5Vanwg68Sn5JYVIQEmIjuES6m8Qsx4kWxDiTpC8TwLbnxB34kGsbzggqjjwaHSTrAxmpRQh0pZw+6kRZzfZGRP01hF4dAf+74JL4SybxBemz+OCeI/Dm49+x3j32+Ptz4Dv3W9ddd0h/zj3zfpOSvPx9S8eP/urx9e/EJd7eqs64xRt15g6tcj4Y3ke8bMA5ZkmpNrmEGxPemXW1ie4Y2ekc+JEH8Ugj0qvT8ACdDl3/ui4chOaTCaTyWQymUwmk8lkMplMJpPJZDKZTKYPRy8Oty/7w4HjdbquJ2KB36/fZm+l9htUjmRfDfGkcNCWmkEqiPD2b6dfFBG1Qq1WDo4hhRTHaZ6XRZxCfFHx1ZAmboiTL1advCxrVnOOmiLhGawBt7kQl1FLGXaFWHTsilWEnlA+hMYNRZpNsEhPKRZdF7Qo6xnTyIOAMMclRkq0uR9PI+faKN5TmkG7q89JoIAk8oOBIfjD0A00qYQS6LQxbuJBWZjCnEjTWz8PJQ4IpUlxmem//LdjPqXzftgRc8KwiGYrIVerSw9LAoerHWd3jBgnIojyqSJZuoThZn/o+46xgVSIEy80ga5AzXU5FzzDR+Pz6/qiFcaFPERA4aqZ/WaWZZHu74Zd3/e7/X4YBsddILsa9/zLXuSnnAucusS001RwE8doGCRwKZInCDqfMMTkYwoJusRkSRK4BHWUedLzCgi8DihvKR8lWUh0CzI/JQk6+SNQux9mS6rLD0JjaKF3b2laSUjy7t1JoBZhuARf4CAf8lxJiEe4/c43fu/08u+qt+UPm7zvbz/6ufyTx+fN9//9H/z6vxnH77c7bPgPp5RZ+cgV4oSf8JDyRoHsyliWR1a5r4G9beRpdslLXWlhgU7k8cOPIcWtygOD7/a3/9NhMplMJpPJZDKZTCaTyWQymUwmk8lkMpk+GN12+32/2/l+6Prgg/oJMI5wtQLORcngGQAR2KSGabiax/Ic4mQ91DlxUtAQkSSshxAnFOSyzDEhaNKKq8SJhMLkQ0Mn1UuAJ2JWANwjRhKuOJ1oVb18hFubAFAgZh2H+qZ2oQyZjAS4tsJ7PpjiMuI5zEhMSrqODDLQRb4mEwGejCymZR5nAk3GaR6naSLiBNnRJEgzfDkVBfMQdEIDNYSw67uB0AcyKuAIIh4zB4GrvV4QBmh9WTaYkbRf3G7GiTxW8nmGXdaQz892Hl2biaEzKD+YPEf3VCeafJJZFKe87UMYBsJW8qpzSnXkEfPtgPGMJHwkqqm1unHvADeRk0pcyBWcZZnnPAILmWmQJIWKJixrt+uIF+pdWXhSr38edHJmPVGirWSlkSdJSoUOkBwZvj0ocCqC3GyJbhmKyFk8O+PEkG+JPMQRu+RC0uicvIMHYU3Ip8TzDc7ECS0FppZk+Ok6vky/d9jYmWiDS6uTK/EqspfXVS0k1OqE0Y7mpWkM52Odf3Q2Ng26wmZCEEpoE+QJOeLwvW/8nuOrnwe2aTLlkXzxyd9z++p3fvadv/yDX/s343KPTSKU7IPbCKeYomumwBOntOaf0WteJpq9g83ZghAn0LhOOXcliar+Cgou1nWuawaqRZLgaQlXjOmiwSaTyWQymUwmk8lkMplMJpPJZDKZTCaT6cPRvt/3oe980JQKV2rMUhMsMR7VSCMXCHPF14cgX1iHbYVeKohOXQk2anZbC4kXHyXCE6h2TpEy0zxNc4x0KgItoDidsB+Il6O8Cwp5PFLartqQKMV8o20HNEETK3RS+1WPTc5tzE7UfyFhrFERdX/P5XcdTPZo8FypZVaE/CWkBDsMfdf3+V1Jo8i7LpjiQv4iDyOjJnkr/4mLZOFIZT94ydPJBeLUAeRJHLzvu9A7z8QJQSae2BWFJBxfPReSPREEydf4lOJKQgyA4D4MthD1E+NC151y/7ph2B12+/2eMph44ikwyKU6QDxxjg1wgisJOCmRRwvlAs1Tfof6OezI1qXrPJ0hes7YkMnR4nVKEruRh4p/1ZQfKHpkXT2quoa3byddErBZq7IbM088G4h55B+OD/k1dyQ3++727ubmxnOwEC1FngVxQ5Fj5XLPgk7woqFlZa7VelS2g01NmMcCLsvn9hPaEQkigYghoov5o9Qh5HXU5R+kRnCSDmMlTixMOC6HSQ5GT2iJQOMmAwWu8iiLW7Eh8TUBnh61pVibfUkGvWVWLifSXQxFuzs2aVTUaRpvjA4+HX78Oz/x+104GG5ypvycfPWjv/fu45//T/7G/+n05pfkTdziePJIijGx0RBUFyn9UA9Z/0aHl/AHbHOPzp6b2+31Bta1XRuy3fvs0WwymUwmk8lkMplMJpPJZDKZTCaTyWQymT5Y3QzEEHREkajjQCpfVhfbjlosDGptIgkt/I11ctFY3SbcF7WdKEcRcsLmDfTFe6IsmLFw6m6SmyiFfgp1IYpC4iCoeH7FLeLyKlecFNaSZinut/XYtuB5YVMi38lfOQkmAQThWHvEtfL2un4tueYu5U4QmcDYiS/5Ek4Ig0i5QtNpphiXaSa7l8S1fq/5OPknD4HvIAQ6GXnPdI5+7Qns8L3nM2LqaHKZUtFkFbGxkJaVhJ126JL6GVAIDlMn+X0yUOm63X6/I1cPD1q5xhKiIhyDDqfgGqD94HSeZTkeH/I5+2HoutAPPS23Cijp+LZMwYZoENykOiOox8znWWNXPVGqz0LaAh7zNC1FeRHGGMm2pOtub24/fvVxHoTD/pBnpw39iTxKrqnp59dnxusAX73FXtC5ze20YihKwTBuEhH41edVkRLl6SzOi+UJu5t0Djtkvkmdh4hxEtYEscFNnI6Hl3ATZpMKnJPUXgWENyhhUdDGJsmxl5Nx7nGyfgCPfvTUKKnxhWeOCadIz4bvffK7X3/y94N/lyE+v8XU9bc/8Xf+4e/+yl/69Nf/X/XNxpiEHvf1BhDohCe1IUI0UOkSNzmHB90VP5LNPLOz0+orxR83mTtiXNU8BIr/lTOZTCaTyWQymUwmk8lkMplMJpPJZDKZTB+sduSIESi5RureG+JEBU6yUph1UHBCmQHYQift1ucpK2uwi5QhU0Sq98/zkhYgIxMQ1KTre+/Z46RG+rj6nfy3wS5bLMa9zYlBquvaorN9V3DEFVQCQa+OkuKjO1QEoRg75CI/G4F4HnOCaASh8EQHgB4IOKc4ztNxGkeCTihSR8ALsSEQ+ic46Ak6oXMLwbHzPs9l5/NG6AlJwZ7CdNiIQ0NPEDTDZsVrpBPI9IkYHyhxwrBF3i0PO8X2BLJjya+E13jfoiHUcthwG/l8cZ7znuM4nsYTptRTlg6dpc9nY+LElUrzZqk0tW7YzNv5DLQb+Iyy9BrlsX1TNiQQJwpoMs/jRO4y+f3D/nB3eycBOrVQnnvUUWyRg8bw5rIN3Vsb5Ip9xJYywQJDFWsJRU3U5kQMThg3wRATRCJIQuJ3EAJKpA4lKvVsXFOJEEGNGA/i6Vf0hNAhQU8kbil/HEvruDGJiQ9eDZS3Iw4xCFvHDLdaWawIyOX9eOY2g/joY6KOqdyC7B5Et86S0uziyflf//HfH1/87OdCV344lcf8m7/tv76//anf+Fv/V0yT3OEyEWRkFBfehx6wYV3lfv03AMRpqP6qd75CbND+U5Eadoz3XVcJrw1fqDxdCewrVZ4DckLk1bftgVEnJpPJZDKZTCaTyWQymUwmk8lkMplMJtOHqwB9J2E2Wk7EljjBWhEXa5Omgih16dTCHHIgSPmQEznWoIZrxeFyPYUecnUbKDdjiTMRJ3Q458MA0xmUZNIRXyEXTIqFaDKOf6r4rN3B6M4BhZruIFV337gwYEEb9Aqbg1CuiNoJ2JwtSI18w0bQS2BHEuoOdJJVJBhP+T4/cmwILricptP98XgcTzO5vUROsRGPE92ZIlMkpiefUgCUEPZd1/MY5Z/BE4/SEZ/CO2iFV7qlrIREIFUTESkX53WwxDwBU65HEyPS9X3fefFXoW7RGKYSnSOgTGosYxiRoFCe/DKN48PDQ57N/X5/e3szDMMlI1KGCBlVKHYWW1oBzjM6zrffijfVJS0tl0NC8ImSRajmvlB0zjhOI+9AcM9HLz/aHw673U5O7huUIpWF3ZqmXLake7pBZev8HcTqdKIGJ2T/Q54j4gPECEgig5MQsYuEmxA7Ehlo4sScjliT/OoCbdSFyu0jcIR+8UkWqOP8ojIHJWdJbhf2NkmuZOuUJp2NdR0KHaj2XXfhEFQ3ngMK1d00xImTYPJz4Q28+PZP/wHcfexMz9aLT/7zu8OP/dpf/1fn8bvsFpNqghR4fb4K1CaWOm71egK32pzUlUSPYNTUI/7gWuxO3VA7E1hdrZyiXrz84Oqh9cx6QZPJZDKZTCaTyWQymUwmk8lkMplMJpPJ9AGKHBswSfgGbokTkdiceM01EbuTbQEQS+7GWmK+UlB+oijJHgpMnaTEThPzQgyME08QuiR/DX/1VxGPk0eq1mcXKsRJAWoKKSJ0g3RQqRDYwBBPlMXfCjlUcxOnX/EHEMcReXHUofwnD7/3ZeioQ5QrNM7jw/F4PJ0extMyT54PBCjghyTsOOZWwPf5Q8S+6w7Dbhi64IHDkjAAdqHr81Xc6keiXgLQMAbrnKPUoOO8ILlaUEU4n5aNSTwXo6kWzXiPPxt58U1QPADjlEUtJ+VDP3758e3tbTuwfFm8Tv84B+4t/NBbEZN2Z1diQ9oEHHll8xjM6+10Oo3TmN/LkzL0w263z39yx8t6o5VAeTqw+prA22rgSPk21z84+91Vr4gV9cBUPivECeMmLpJJCZElcSVOukS/eq7+C3SSFwfjJs6XeJ0mtwiF0/KCh6BmnUhboN4lcmkiToRTkVtUdsKCp2jK0RmA02ycEyeXxND5baYr9WygGGAj7iRFTA9u9+2fNOLki2g4/MiP/2f/0C//R/9yfshwclZMfOt2LPBlLjiKC9XOpqVP0EF/l4SmAAAQAElEQVR7q6bKIF19uPPS00AsnWjY7OBkli9vpe2/JvqYaj4xmUwmk8lkMplMJpPJZDKZTCaTyWQymUwfkrgYqN8svygdFuKEcAkBDtoqswYtuCYcRb+VjsU+4e3XlsAOvvqyLIQsLDMFeZBhB3mcAKjFh35dHtZYHwB39g18dG2RtOkRbDqH6r5Sq+1yXl8K/6jGLa4NjpDT+kKSNCdyQt6snYJi1rG2mcXJMoyQMMrBI+8ZtiEGIjo8jafTdJqmeV6WlH9iJG5AHVEc+6TIRORt34fQE5SDQ+h2fdeRjwr2QUmDQMAO0yJEVxT3FSc+NLUPDBYIhBEpXmaeJiZ8iInpyeekY3AlYbEhSRg9+g1pgLjERcrK8zwdH+7f3N+7FHe73e3d7eFwqGhBeU2FHQHn8Dy8yD1XTwMoWKrm6sBRsBjkGB3OFZmWOFN+UOjubm+p7k75TYzY+A1ZJX4QEkiiF4UNHHO1GV01R8HUIBQFL2GcxDlX7yIsVf9ECSMJBQiiMB2KzgF6JybPviYh5jlwPUKIrktIeTp0FbnlgLxP+IzaXm4BD3YifCmVd7kPRNOwtUveIXKGTu0AGagQiqYsSkFhOPEKW0BkXe6CkdQbqnZ4nZXGPEgG0JMhixBgScxX1MsHgAaCnH/YXSfgnPCI+Bs/+Y8acfKFNRx+5Ed/9r/5q7/wf1jmOS9r33HeVRcUEVr/FZCnu2zzvNdnPAgXRfxZ+0zF8iguoJ0T5oSZIQHTzgAWJU5Q15W+6aqrSrtwylK6DqqZTCaTyWQymUwmk8lkMplMJpPJZDKZTKavT1Ly0/I8oxlqgOG4bA3kqMHJCwR/MAvitDyJTSwC18prnZl3SbVOWWNcXK126weOK+zIF0zzPI3TFKnS3dHJc0GUEI3cAI5/oFJ38Ag1wUOL01Qtz+ePVAOlCxEX4jT2wbNph5AtFCLhqvsFH6rcCveJ2yOhMxsURQgJ+VQqpQzAaKXUS82UBwrYY8Ix3wBriI2cSpmRvCvBD/RhkqbH/B9RITjN08P4cDqdFoI/Jp/ivvPJ7xJHwZB7BRuc5PJwrsRz8E035JmhJJ1uN/R5jz7X72mIKN+HojKojJ8S9yppHI/SAJIywyYpKRLfsuQPFnI5GZm9EOuDwIJm+jZxGUpmsCnCMk75VwKG5ilFvD3c5E7td7vDbk+DFVMlNsr4r1hOy5no4mpFbY7uEbDjYjFjbaFYm8gSyhuU+JMXQ0rkwzKN8zyTGUnX7Xb7m9vb3W4INBpQ83dcrcCjYBb6K8jyu+SzCgVViYsOS/1dFwu69SQSc1Ttd5A4ESFOBDQhTKR4nEBESs8h+gR9pPQcmmOCTviVDgWf5CYUYxJZ1KDNpxtCUkycr1Y/sOkF8zm46YooKa0FK5nFKz1By161CBK0CVVXwIBmFi+nukJj/Cn1nhdYHot8Fy4Ov/ej/xW8+Sln+hK6e/VzP/rT/41f/Rt/HoISJ/xgcat/E5Y1ut5O+vdKpYCyY2cWJ1vnmzMXHFjPUdgjEJ+tt2QtrVAj4ueg0kwmk8lkMplMJpPJZDKZTCaTyWQymUwm03vQWj1HsScBeaV3wAlxQiYa1bbBQcuabL6SDvXFQTVPKX4kFwkMAqYIcUIpJ+TtocEdQMQJYS4d0RYcKEOUA1aM4yzMA/j79+Tnkcg+IpYWxVL4Rg0IaZqwHtn4NGwGRnq41l45bIJKpJIrsnbca9rI+h1/hkxKydVrNlEr5z0Kt+PSgmmepvvT/cPpNE1jomIujQxnC/nIA9Kx5Qxw2skwDJ0PQ54YCH3+KISBGRP2NSGDjSHXkde6btOjVLKFuPucsLEsHGiEfLn9/qCoCRmxaKJPTNFtB10WgwxLjDEfnovXx+Px009/kH893Nzc3d7tdwOsiwBbp5NmDrbLaXsVbfQ1O5PLd2qSTnVV6cm2xAt9Qkk/00TmJok6mzu+3+9fvHgp+8jhMW4ZiQYrkXOW6JFSLC8d2DajrhPsyHqkxscUO5NCVmimEVSHiKSeP5QhE4myyO94VOiEmKrIrEniH6RYLHolwsh55k7krhWyizeIBirLFB8bu9I3rLjPihq0jiTQwkFCG8H5XbghDM7kN3+5ZtpW1EHXCPeFvFkWh3OemEqcvPz55aO/x5m+tF596/ec7n/19Xf/MtGE5Jy0TvYaQNaYmBRQT97yTPmJF9TmtKDPUijeN5sVoogJNm42K//0VJiZyWQymUwmk8lkMplMJpPJZDKZTCaTyWT6kFVpAMkfkTwdqQkGdhgRZqIEqShRIYYQV00LeM/EX4Nv3U1WLKDs5th8gTI0ONRlXuLiXMnyKZBG0It7WKkXbMra2LbikmxoYJfVV8Kt9fGwbba7zHWQz3hkzi8K2wo7F/23MEJxBNG+iHNIGUwUjxRwc1zejMeH4/E4jkx4IHfYo1ZwmboBF5zveGQExgnB9/wOpep4yd+hYB2+hCsxR6UH0mQP7VzPcx7307QQhAF8YL8beq8tlDam1DIf5wOzLMs4kmtIbnY+Sd/3h5ubw/4wDANfItWAmzoR7fjzCnFfTPU8imyk5JuFSmPLitzCaZ5yU/O+u2H36tXHu90ud7ZpBp4tzqvXqtvwtkbL/p1r+rweViETvoWUx9ELJMc5SxCjZ18TssPB/KuTVB0QyoShk+BwwPwmhER5OpqGAljvEr/yX4oM1ItedKwEpui7zrnVjqKcA0uylLI3GyefxuLi2YLtxWmAkJNYgE1X8ljMzhF0wuFCUzg8/Mg/9EVXi+lc3/yZ3z8d/3qKD64SIXUpFvro8aPhkR0AVsMf3QMaUxN3gWoZa2IymUwmk8lkMplMJpPJZDKZTCaTyWQy/RaQ1MSJPHBrvZCBjyA+EJf7t39X8xFXiBPnzk0TzlRdRhI5TIj5hEaoFE4jeGEpik1IW9Rmf4RUsh6ck+Sb7bWuAiiX1hRcPNeqa3nHYRPxUYwtWosVeKwgu+5TRqN1N2F8x5ch5WI6UqrO/enh/vhwnCYqtUOx6xDIRrY8mYsQdMIOJJ33u9Dt+u7ge/qVMBQX6PQuaORNgrOulgGqmMW8zKfxOI0j+dlwlA69+lDzaPglPVEUzgsmT9zD8WE8nfJu+0PWzW63y+cBCfZh95R2Or4ikU/JskBjbUJhOpykcxpPeTt3ar/b3724lYlgfwcva557SsDNW9GTz6sun94VdMedm87UW4iSdMilh0EUAk1ickvyCQk04XQbStXJQ0lwCbLTiQ+YAtNh+g4KFaIOKjLkq8eMS76G3eA6ZOvoNc2SN/Rmk+HwUIkZWGEDeI4jzROqdioS0uI4Akp/c/QwyEM2O5x9vk/IuujTT/5+it0yvSOFMHz0rX/gB7/2l7DEpOkNgOIJla7fr+sjdH0INkyiPtb113aNgNt4GsnuNbkJvrDTiTErJpPJZDKZTCaTyWQymUwmk8lkMplMJtPXLCxypUhYUzIEnvCwNT1wAnOI00l5ez2mCRJZd9/4INSNyPEu5JMRIziN0mGPj1BYE2i1nk7icsqVWm28K2odc5P70bzqN/wBtwNSLoCb5m6cI2D9vRk3cG1zQb1ayONEiRNgr5FE45dHMJ3m+HC8f/1wfxpPiREFYgYAEtnMODlB3ptgEOcZM8jvw0DESX/o+rxB1AmTMfk6nQe6GLZjsppctFOw8LAvS8xj1Hf9fr/v+j6UYW+H09WspabDQnXkM+RmjyeiOm5ub28ONwJz6J7gai27nZfPi3QAOHDw+Kf60W6/l8r1NE3HhwcZT/Ju6fu727v8qRrANDiU+LtUFxJlfZ5X+5ZD2p0v+9U10THrYfx3KtuyhiVkx3lkd5NI69Gzu0kgLossQbyjjyhPh6CTlH/teDY6djQJahtDp/R6m7B1iFtTUzg26xqZtVn8ZzyV4lGUwMLNhhKF4p4lKJBCOwyrYdG2JZwGlNcWr/5IeTpuATe5PB5u6j9aXv7Od8MCmYpefPK733z331mm7zmF0uRRuKIkZbXIlKXHDU54f84XA3/xrAeHZ7fH2yYSwNJ2TCaTyWQymUwmk8lkMplMJpPJZDKZTKbfNErQBGYU+VI8FAahfAO+QANNPVA+lyM1vOWifNnsuVGMyzRJ7gmowYbE6lCyTHEHcS1x4poS+UXNGjc8gcPLkJyWgWjzetrzYBs10p5zPcXlaWG1TCFwhE7tiQCBoH4xAcT2hNw/MC4xd33JhfWHcXlzfz9OY24wrv3QMQc9CAL4DikKKP90yR26juJhyOAEmQZADtahOCRxioDiSVGSVUBAlEioS+JgHVL+aLfbDcPQ9X0XOmiMZLaITx1x/XU8jbnNc5m7m9vb25vbfKqzQXMaoLNWkM+2v4xPwZmTzTSOiygukh+UR2g37Hb7fd/30h2O4IEz0KSNvnlOpfvaKLnLY/NHnTszFOE5FhgKk0yMOMkk4izoh5xOPNmcSIYOynrx8lNMTfKNQjs4hlQUJpH8JGJT6pAqGgIFbSlLux3D+rJpumtdfRgmYErGo96N7sqN85j85sTs7VMoImp47jiDWLhw8/KnEfIrLHlGXd4GQU9OH/+eq7er6cvI+/7lj/4D3/uVv9CCh9Xs5LGjsEJt2FiXoD4E+bN1phCg9Te5hPsut93z7sOL85lMJpPJZDKZTCaTyWQymUwmk8lkMplMpq9N1QZEys2+2nW4Sg2od4gmdjQHgsNiGgLFIgQkmaNyJxuchQ0/cvl/Ia8N8jihHTyVoENg1kSwEygWFysNUOrrXLMvyIIWS/M5a9nU1Q3n1quvX70XLwhK9mkJEqnN54I6lvJ8ulb6xK11B1R7E7cmAbE/iQdkhobtW9ApwBNTnJZ5mueFbEKmaU4TD0IZKC+7ETPB5EqQAWMDC5+wc3Cz6wmj6Lo+jxd3S/1JaHBi6+Wythl16CQQR3CTfNAw0IlAKJ+K1zQ1X83MqOQKZSGRTuNpGsd8nhDC4XBzOByGYagAx8WY6Qy04+YKVfO0dN4dticXMxVaBDEm3p6n6Xg6LsviGKM57A8dR+24grmUA8/HBj+/88pZL57YrWuK4tICZk34byDoJOVfQbqH6GNekqmLCBFDSgEJMQHCSmgfTz4oRJx0vMGsCTp5BTGhIDCFr7UCWmST4h4r56PusjnErX1DDUpxZe43n17T04OC+rjAksFCbyX9mzbykChxAi6v0MVB/onezd2rdPtzZnPyVeju1c9/9hv/1jx+v7qYXNKC55KnwXbRwPog1I3raWbrGeo/D0+5p7xFtiZMJpPJZDKZTCaTyWQymUwmk8lkMplMpg9AUg33tWTYmItUWEBiXxhbyNtezE7KLlrprqcC1+TOVOSjno13i0WOGYIQoAtZXUpODU48aLIKH1FfC4UguIBulG/oo3vsG/K0sy+GJP7KCMA5i5A4P6hU8aGtpyufU3rnCybidfyYm2GOhrgHULuW/DMnsjgZl2Wap2mex2mMkU1Zzrgcof4LLgAAEABJREFUImjYbIaTjYQ3yCO+C93tsNvvdod+6Ng/hQ7EJMRJ8afgOCQgW42Ka+R3UyTcQa4VOOwndPJ3a0TAxzVQBbuipDw7CfXw4/H48HAfyGfDDQMZidzc3FTi5HHqAGpLmgldR/vMMgTadA7qejzDTWRGCH95uF+WJTes7/ubw81ut+uH4SIkyF297nZCdePZJgva1Cc+7TSzRPdLQjKxo4lsoMwue5kQUhQiGZzkDR/Z5kTgEqe7kceJW6ETzxSHTrwXByAhBs4ich7RRdrJOgoOQpNHBfXmL/E6X0C4Nmm9peXNmW/p2VGezowQgUZoIujERe8i+Pnw28zm5CtSHtjdzU8v4/crUShvX1s/anhTb5KzZ2J+IG1uZN/AT27d2hAt8shuLmwymUwmk8lkMplMJpPJZDKZTCaTyWQymX7zqcbJAHucOCUnlLQogSDi11HzOGD7NXNBFNbSIbYfrfVr5zT7JkYCBcTrwgfGINQmRHw3XGVEUE67XizVjWpr4sSI4UkCAEsAhGtydioyU8qsG68O2YLriTrFIALUTqPwJkLvBEFH5F2q1gJEh9OS8n/TPB2ncZqX/B/GAnmUOi/l8jA4ojPAtd4ArndhP/S3+/3gu47CdOga0ql8hVD65ZU9IRbGSZJJoXzyoOcNGmrhTSS8yGFLF114E1CjcoPZmWaZp9NpPM3zcrvvQ9ftht2+hNfkHWAbnQPuiiPIc6AFWL1tziN4ZPHkjozjuMRFrE1yX24ON/vDQRKa1JJnC8FcXvcL4xPPV5eH3ZUqu0BA9JrI5oQtSBIIQSKgScIOXYgSo0O2JcVvhIkTilYC4k7yzi6BMhslQ4d/kaQlaPNNUMgUt9IEcF7eh7qa2S/FFcBsDU5Z7yuvyU3PpATq06DYIYmbEMqypTFAScGKlPyEC6CE6URkpxMPEXzyPt38tCEnX532d7/9zff+PdoSQEqfq1dvj+KGcg5nebHI4tVVplrOcolxNSvWnW89XwapmEwmk8lkMplMJpPJZDKZTCaTyWQymUwfltZUhPN6PFe9i3uCUhQXNICexImnyAqGXJb2mRlQ5XKkD8I+gNS6JVjHa+aHg/PsBSl3pgKErMEt7nP08gxEgPrFftwG7jx2isfekcEprAlop6jL+cO4OBzneZyPp3Ecp4kokBTdai+ATUSFZ5hFKu003J0P+24ggxPwgX1McsEePHm9gHiqcBsYIpHEisROMeILkrAMuuxWiBOvxEntiVabgdmOWEaegJVlWU7H3PJjPvbF3d3N/pZ8aVjOPZY4c/5GO/jlgm+ZODG2yY0XoGSeptPpRD4x0+RKkk7fEwEjnXK8wFps6HK+zi761dEnHa9UJ22iwRVPG5q85CKCGJlEBk0chelQpM6C9Mo8SiWigIES2iEpgKLQSYN++e1IXveUYR8ch6t/T7vHOj2xrt4ra70xunBvVfOQYAsWcDHpoLCbEG0nom4oGGoEXOhNitfJv84AyfvoO9j9pDN9ZTq8+O20vgj4WdWSX+3b/Lq52wsYd134+fOrnisw8sRkMplMJpPJZDKZTCaTyWQymUwmk8lk+jBUSIdSaNZqNEjFUL/1DtDae7garyNfZb845bV6oPhhpEQEAyMXiYN1yHbDV4+QtpbNcT6uXLMtgLZUQa2hP4I+1D4CXPv2vvS1VMKvfXYerHN2VncGsoD6xHjPIMCSIlu1xDkup+l0PJ2mZZo5Vwgly6jYVciBmscjp+G/AoTd0N/tbg6EeMCu7wJ9QsXcxOMj19ZTFauPpLYFuWdRiBMabcZEVhsbnsiz+rIcHqOQPQQGLcs0juNpPOUD725vb+/udt3uci7cNVzpaT1RjxaChM+f8iLJi+Z0Oo3TKO4m5LDS9fk1kO0LtF2oC+kyt+g9qyvkTsmAosQcTqhK+b7K2wmYIwkIbG1C9EmXGDqROCLnCn3Fu7GBTgDs6K7EMkCrb0TjT1KHHrbbDtuFjg429EBxJZJ4K8HKYOUG6kY55O0TfLmHZFmxvQtnDlGMDkYHanNCG7QkF+amkndp95O9H5zpK1MI+8OL/8zxs7+OdT28hQVbERN5ZuFVeExoRXj0VLCe5NnU4BUlZzKZTCaTyWQymUwmk8lkMplMJpPJZDKZvlZ5whp8YSdaskSrzNDGJRAhcelo4aTEWJ1CKD9D9oMKkaBEtCxxiWxGkU/U9X3PDMRquyDna8ATqdZzmI5ewrWsySNESGPH8BhoImdvbE7K9Rxy6E1tQQkkgbUmWyJs3BoexE4bXWNz4oTaoBSYmGKa57SQx8k8LpIrxClCyFANMD+g5A2ZUfjAb9HUEGXS3+0OQ9/nXwcfOjaD4WkhOAE5paUrvE4BToju4RGnWJ3ckDzOHQ12JzXlMi0rhxMKtZNcNUbJbZ/z5ml6yEftht3hsDvc3HShe4rvqULP0MIV7uD67m00T0VnuCXj6T4vnLydB/nu9o5WTd/n7ZYyqYdL0E9FT9qTe//UdT+XnnNUV1ev5Omwr0ny6HyUYB2CR7oE5F9C9IkQJ5SLxEuNb6L8ERCPkpcKRfDQdJFriituQqVgj6i3qK5VaSQglDtX3HTQ15AshVCcsmauRKNAE8ejjwK9BmzuuGtzX42CQH9TDgbl3ChJWZEaT9Ym0aHAJQumhbOI6FcxOMmv9BPc8GPO9BVrOPzU8fUvCmVEWNIzQC0QHx5oEpxcfSTUFzi7/+XxCud+R7J8N4FY508JLLwUlrVoNicmk8lkMplMJpPJZDKZTCaTyWQymUwm04chzyVGXw1OVvBkrSVuQxJWPwWujYufBKotgkMlIgp+AhrXQsQJQwRULux854Pv+93quFHOR/YmdM5av8a1AIm4vtaWIZ7zD8JV1LcYQZD6qG+5A4Fl5PzIJEguypM9CXepMhCoPYbaSLYmkeI8sC+Eeod4tmahMySkrJQ0L9M4z3ljSfFhPI3zNMeFgRs+BXMIRPzQcBWjF4JOIIDrkRCTfehe7A77ru8BCBjhJCKhC8ocJUFcZMx4OBNBMwS6EDlC9Idm4QRxQ3HKAawT5NTShh1fqLkxLvO8zCkSdJL33A/D/nDIr/lMoUyUlJDLcngCw8CL7VQvLm/IAGriUknJmaZpnnMD0ng6dV2/3x12u/2wGwQ3qaAJ16xRAaky6WJzct4OXMvpLeOy3edZxezHgZv1/U5NTVKJ0UmJXlGIk+S5zB4ShOhzhzwRJ8CICU0nOd7wKPvE6wo544oX42pdIugJOGygMOVPtC3Y4luVmbposnA+uu1g7cjqIVMpFGyDqa5oO9vQ/MUkkScSpvqaEHcS6EaIyeWlmmg5h/x+ImiNehe6W2f6ihX6O3nyoxgfCU6yXeWXoFl7C+g60Ud5C3fBmUvVpSpx4uSJ6i65tIvD8bHVZzKZTCaTyWQymUwmk8lkMplMJpPJZDKZ3rcoCYbdNXwx7YBSQ/Tbwl7FFNxqlCG/r7YgbnuYVyBCY1648J2v1Qfy3eg3FcxiVLE5Ff2dtP5Z3VTchjvBs2/ON04t5Y3aL1hr6PxO0lQSLBspghdrk8Q1ei9BQk5K7W5jxlJMYNbIER2OtLDBBHmbLBOZu6Q4xYWiYTAmRQK4xN9Ud+s5vSAtDgffv9ztX+z2Q+jFQSUU/xO3ZqQkiUFa54aqtynNhI1wsI/L4yypOmpm4QpOgE2kTjV2STgzbpLFgwH9MLzcvxjIJCVI/ThhJJOWdpbESuOyCnzOcwgXU1NvhIjwdfSCC3m0Hh4e3ty/GU+U5pOv3nf9q48+5sQXUqKmpjLmnmff1WL4F7MteXeCLXQyRWCvF2Avk9xYH8W2hMAkz03leB2aNPEDkU+FZgImoNiLBwtOc8bv8ChWfMad77FpVxMBVTegrLzAd0d7L60bskhh8+aZvNu6rAjDxP2SHRIoKJUXLOXpoJvBLfmVtyN1HpPYnJADivoL0WnCwZm+YlWyh+c3IL49swaKQ87mUdv8G3G281VzpPKmM4TEZDKZTCaTyWQymUwmk8lkMplMJpPJZPrNq1zI53idNl9HXQ8clEyZi6JgKfZv1JQUGSngX2OKzF1EOQeTA2y7UeJR6gG0s1a9t7V19TdRnV3xkjg5q2wqzAFw9u19RihSPaeGy6jLCVIiCmxK7fVagA1l4vXsWJgA2Sd3eFwmCrdxaYzzPI35V4E2fMnH0a/2++JzIq9EKeAA4TAMt+zswYkr8qkTtwivYNA6TClFdkyBPM7iKAN8VJ7bvu9CFwoU4Ov0Ia42FhTGk6JsTMtEjiP5hF232w27Xb/re4ZMUKiR6sjC54jNDD5VOG7QnNV8A9hnp8bozHmcpononGXJF97v9lk980l1AdT2u3ekdxqvs3mzgzmJTw5NIQXoQF7yQbCSFTpBglFQMJTkUYcIoAVQ3JbtIjX8VPX/aW1F3toBbe4lB6C3Cp5fS08Oeim8eChA04qye5KLsNuLmwHn5BaPE23gDGSjMwliAoKk0O0eySIGhPwKYNDJV66uf1VtgHAzhS2BtLEGapdE2belT+qHgGcP88ZuSGEUffyia/CU5+ntcIzJZDKZTCaTyWQymUwmk8lkMplMJpPJZPqqJQ4SFSsRjkLqgNDWrzeVQKxl90fQE+IJqHxMLAERJ1LKFL+KEOgK+X0Avz1yhT+a4mMpSSp0gNCwI8WaYXU3ufRiOAdTyp5XIQaQwJiEzcnd5bH5gpKoQzt4BSmwGRqCTiLH26R0HE/zMiEq8ZH3DZLyw74PHP5DlEHgn877XQh3/f7lfr/regljYdcLyUop0wBNfZ9RFSrnMuCTRzuPMgRK0+k6Gm6KYWlrvaXLhbYRGxpmg1JaaF6AQI+eoJNh6HjA05b4idfQhnN/gwtjDmWVyozQWksRJxYRJ/OUG5Av+fGrj/MrGXAETR+qYBDAh+qJsBbftRTedRwlRewI4SYUrNOh4CZIawYZQWIexTsMiX095K6jVcFOOwiaPlKr8lcvi9i+f8mCrNv1tnGCc6Hb8Ct6yscGuVijXKn28xpZjS4qIVbuCpw5T2cBcjeZ0c0+b/jocfEuynnzTp5WOyVQ5UWZBzKlm+6FM33FCv1ZhhE2/xyce+SUbCVwz6JDzvgV3L7pCk31ziAyk8lkMplMJpPJZDKZTCaTyWQymUwmk8n0nlWIk1JL1MIyVuOKtWq4lpThapXwzOmE7SsqccIeCoHEF0QufLfQyaby2CAOhY3Q8jpHyDzGgpw341zYsBe1VSvQotkgpZNn5ywuHYwE+NUXhsUGKcSqsHlKOk3zaRwjG3iM04Qu1UgaOYsXNxkKzCGgJDjfQf5xu76/6Ya73e7QDzvJj+EwlhLl4/y2YCvzlE+jbiGRrCWIOSGPkz50IF3z3reDkPeFVPudZKbmeab3vSfghDN5ci/Z3iQ6XEdDjnkr/PHY53K9soHjaTqNp9zufLm72ztCXbIoUEhNEDBJ+NHGXOQDRE9Kg1Yco5fkMhcAABAASURBVBOOJP90jJ5Qkk7ibJ3CVzFqlOid/BGX8ZVLYvTES8KMjEOLlVQfogryOPEYqWElhQ+oI7aySnDWXl/sb9adoYGwtnlU2PAISW5fpo+ShuropdCJZ4lG6lDiFMCMbnE4gZOfxcPiXH4/ejoVxVl5zbvKazOp/U7yfudMX7F8ODx6vxIiJRvqWSLPMXVqanXJk1wyUldv3PJQLZ9fNzsph6JyT8WbyplMJpPJZDKZTCaTyWQymUwmk8lkMplMpq9VatzhOC4Hxd3k3FIB2P2kEVX6KobRBjJIOk/1OMnyhczwgTxOhH5A3GIEkJQr2dqciFWCkhXbOuRZqs7zKYSWlxHrFNwiNO0X+4sPCbe/bNBHVB93zff+qVBKhiFIiE3u9WmaxnkkmCOR/wNAqKPDCRMcKyP4ClC8Ue9cANc7uA39zdDfdH3P/h6EIgQsgTyVKCiXFCwDCXRJcckjThhD1wXykyFi5cyqoLI1hH0wDLREcjehM5AnS8wF5d2uHwaiTviixBWkQv/ARW4RB+5cBG6cj+TGTUOXBQs1bQN2A0fp7Pd5kdQ0pdpgcJuEo/ZCDR3hvlphmxmifAVwfIh8JLYhUOAoR9AJCj5C6BDZmTBAwpCHUBm0KDyH7+iGRCZV+kMirOQW2ErojspJSRUeN4hJO1uXTj9lZio99HlChvh+V5sUaGAVuXLky0cBhjQxx82crZMfBiMydJIfEOAj5B3I+4QGBSGiAgRpNUkxA4z3Ie+77RvQvDpZLzojNVxpa67zLtpQsbi3JOw0a8NWiMlkMplMJpPJZDKZTCaTyWQymUwmk8n0gUiqvaDFdLyagSB/gxP8oT0EKrWhHAQzDIsYWrhiE8IeJx6gtaxY021aS4X6DfZaXsQtYbIeXJtz8enFzgjNJSs3IMTGmjXTtlm4CsELOEMH5WJSbWeaBmENAVpSnJc5dzu/jONpKSPgG1pEGBdmDpSfCJ6iVzy6Hfh93wlxMoQuOAxMomhcUQEFoLyD7AAiViWOzUooyyXXjym+iEJ1vFuhj7WDq71JnKZpmef8nue56fuh60LX913gBCRdCuSSInAJXUIHJ1RDjYYs2VApfBRWiihLcJNpHtlSJTLQEwa6KEl2yOr7vuVOxInHbTGUii61K+f54NHn09Nlbaz0hariUZ13NEM+j2BusKTq8C0CTh1Hci84dofYIoZRFF5Zy+6C5cg5veItIPdQuYu83o2wNogbfWbUU2fCuZUYKMTJeaceu4v0CuBay5PqD8RQjUuAEQk3yb8mNkRZEs6QKFgHgG1O8q8uEmuSB0ZMXTxBT6W/K1WA0Znei1rUrjyV670NhU1cP9xQWO/iutv33sKdaAvQbE5MJpPJZDKZTCaTyWQymUwmk8lkMplMpq9fTIkkNfPQ+mJbQ3dtWRokY2H9sBa7FT0R14wz2sCtliGuQRNA9lyb4SqPgg10IjyBcw3iUPgLwTh08yp20Fg5lBd+B7f7VD4GcVN+dc0PESeaRCTtU+iFj8RFiIplXpY4zXP+IVyj4CZrBxRegVxtp2AdBE5WcYODQ9/f7fe3lGwTQv48Ab0yp0KOI1BsZAoMIilIqEFFxGGIaQoTJyFoThIk2AxvKqI0nWnKb4TOk7VJ13VkRROIguE1UAAInbI2caUxXIEztuFs5OVAutxCF8xa4pI/zBfb7XbBdwBCvPjLiTubwasGJ9fn+l3rSl0ct545q9tIqjt3XvgSxDzNBBBVO5NyNBufAP84mmy6IcQyhZcO1/XZsAZbIxOhjQQEAGWY1gu3Q0O+MaxQWBRZ5gGaaUtNJ3Cb3rQVnoEodPWKm+j9RXE5+YfWLEbIvxJcQrgJwuISoSceZkfBOkylUOtjvic4MouynZSP4luMI5+c6X1ru67Fl6cseCdhSjpD3jVeI+/kzuNleX6fgz51ZbHVx7msOeNOTCaTyWQymUwmk8lkMplMJpPJZDKZTKavWSBlO6lJN+W+al6yeVcQC9BaNpSvviOWKBwmDPgr6FgZEe/9BVWAQqhcaxHWb7DnwjRzMCtrUjcSNKku6N7+xfimlKpWCqvFyWqu4EseDTIdQnYmRHEAwIqb5N8rLMMZOZhiOk0TBcbEOBJwMudB6D3H20ibw3n7pUU9+IA4ANwMw4vd4W636wkUSEC2JXRpYg5AbU68F5CEIKGaaUQOGhTR49U3hRgOHxrQRBCVvFse7Ci4yTIvuYULwx996IeeInW6vhBCMsUrpVPGDn0ZvmJtoZkYNB2pRUPI7yJx2pACLqwUqUvV2qTve2hylADgEWQEnXs6bcO51sLjK/I7aaQXyLMgKEgNaOJsquQko4qcTtjFQ7xMUn4lfiS/GUp3aFKROCT2beHWM2C1Mkql2o+rW0nFsuCJoamkVVlpZc0194A7AwXw6qa7uguur2sEVqRsHbcg4SaRAnTcCLRUI3C2DifpzHmf/KYX6ESckegxQM8C4d9ScokyqlKcp9PoTF+DqsEJni0FlBUF4NzbHrif63qP3LSNjVLTsgKmvMsWmEwmk8lkMplMJpPJZDKZTCaTyWQymUymL6PqJYJtZgLI2+j0S+ZuWxz0WuXX0p8gBoSLaE1wdTqpPEGLhpx5nMDqRYKurW5vUxyoSQXmWBvqSn5NAx/UX9c9awmz4WNWV5ayj7h8gLiSeOk6V/4LDJBK8xLvm2Kc5+U4nijhBnGKC4+Ci9UaAtYirsIEbBKQz905t/PdTd+/3B1uByJOCDcRxIC6CcIxOI1cSUJolAQV6gBbyKyD7AuBs3WOkRShRAE37DVCvhiUp9P1XWCTkw5KFRfgEma4rO5isa4pAAadUOKTgJJSUiJTE3Y3yRcNIV+l90NgL5VOUBXNHvL+bD18vcJt36FBb7aBIsVoZlVyZV8p1XchKXTSJeQYHUaEyHdEzWoUY9LF5UoxX2ZRzoNQAnYurSRAWtTarWyL98KytO/59vYoC7/gQtsrwNXR2Si5evPTyRbAhVxM2OPEufwz8nbejX5lUmwhWyUKl0LQhSyNSAyc8E25JIK3pjRL+JPpfaowSozf1RQm1y4tsuZB3QvrukQ8Q0O+ZDseSdhRxNGAE5PJZDKZTCaTyWQymUwmk8lkMplMJpPpQ5SWornyXWECrF4JraDBTSQPhJ0tBCMgqiBGdSu5Spw0l6wn2fy92jCIpcfZN+HPQkBK5R3gHI5ZoRNcL6cERgOcoEbfABZzEqff59cO6hf8KxBTrERSIoxjnOeH00njfiShx0PikfQguyu6IicBtkvpEHYQ7ob9zbC7GYZ9CBCjdMcHEKIgD2KneSxJA4fKiPnS5dBQOJpYVD5qnVwigSDTvMx8SOi7LgTiTijchjN/ysBfqRjDajEgdAI0uAmWRUINzIM6c5DONE35V8FNuq5r4ZIaZgRPxCF9UX3pMzyzoq15Ny36tB5IkSTYBXQMnUDnkP1OJEsJAsceVYsU4BvIS+COLlZid8Tjx5XcnLSptRcrlIYpOev2+SgIoFKPe5rx2R56NcLEs69JtfxZ8q8JoqTqIAFZs2MMpTqgsDVM5M4lvgMqp8BLSJg1vqGmKS5jnGeHFp7y3gSPvYOu3vDlvmUaDreIIt8SJaXs8ZM+U2fQXOOtg6VNBp6YTCaTyWQymUwmk8lkMplMJpPJZDKZTB+ManhNrfEBV/cqelL3RP6eu1P+QcweFN3A6pNBp/Hqv+EB3OeFAEo1k//41cjDwVrYf+Kclx+1RfaWw0ileNkYsjAboUE2Clhg2/mmkZE1i59HWlNpIHilN5g6qRgL12Uh8OEd+N6HQ7+7ORxuun6gVB36lAAQL9iKl2JvHVg8cx+h0B4iTgL4Jdf5z+qwklSCaclNJMCG7UcQCTcZemJBggwtp/YUluXqoKrbQROQBCVVR2kBXg+RrkQXya/53XzargvDMHhKEFJfE/ZB0Wu1iUuXtNDz9VWQK1eEm+wpLwX4qxeBJHdB1yfmjCiFh1gTTkJSk5PyCg1mhUpyCb+DBZOSNY+NF5BCUW3OSdthKOgQrBYqfDzqFeuOm0HCcli561f8pj2m3EhkXsJuJdTWxExJ9Bygwxk6+dfZuzFARP00sfmPy6vBFWMlKE4yvIqYOIkLOfGMedliSvhhuN/8kGjlzSpc51E5E1BbHpkwBHzk9jpHQXD7AZxdqHzYwiUFN0nbdqVK+ulezqgTk8lkMplMJpPJZDKZTCaTyWQymUwmk+mDEPEBWlAUiROH1vNKXbqU/MjDoYTu0Hai/A/GN8QohLEMQVi6gjAIypI07QNlAx1e9T5RXMOzuYiv0TJOcnbUh0RapNE/6Jq9XKnqS+PdWucEJ6k3QtMkIU6cFM3LUEh/BfUoziap5J6QZwXqAIldB4WAUIbMQsSHL0AMh4cIkuEpKIXZDu/lagHI7KF3MIC/6fq7YXfb9R3th0rnUD2XOi62KAyExGJsoXAPYyLUPh8CW2Iow9D0Ojc1EWvCTEwWAScOfReG3W4YemqRROQIdEI5Q06wllIRLs4mNXtFF0exVHGa4uOqeQyRLXSiwDk7fd/nE+bTUtyQU9ohTwFAWE+oDjLEx7itI07jpKIjXt6UDe+akJi6eipFUQ04zu0+nqpTF9sNjVFqFk8peNelhqvzwuVpvMbrdIntaiqbRedlf4/aHw0l4XFXaCnJGyVvR28UKLcRFNQEZBTwEhRSyITtU1C5Ey3hY6fMk4OGnzo7FKAkSGn39Rbz3IFy29CEUnQO0PIkXxN0C+Ds3OzpZ3EwAi6BDFuEO+FVQCObUFguNTGie4w4kyktc16u+RWTRgqBYQXvSwjFHUkftQWIovWC9QG87n8VECuI3FXJzYtuxUX0pmq8rFKSyDN+Pq/II3ioN5GDyqMYk2QymUwmk8lkMplMJpPJZDKZTCaTyWQyfQASfqF8h103S2mfd+BchVJfjI1dA38VXovTtWRZzEIEXilGDGVPZKyEgzVyJd37a9yJuDYkX/xH3Eo+VKZAy5VQCpcaCYRQuoBNg9yKvDD3kNRkAlLN7oHa26Yd2jjPpdTqd0InJ46DbU6mZc6l8lSTJsqIccPY56QAAjS+PNK99zsPt8Pu5f5wRx4n5FaiKTwdgTue2+oVwUiVKBHx8OloCKpQ3nQScpSIUvGcVJKimo+w/QoTJ7vdwAwMBEJCYr4Kz0GesySFZEUKihMFVMqndJ6u7rVFGpSDYv7BjI04xRBkw3gFOnAXtenN8lsn6ex9bPJrmjbIyiwkUPFoKVPW0ipYrWsqg/JYM7BwFps2gINNtIzWx12t0V/pjexGGxSvU98T75zaQPXewetl+grX1OOh0ED11oS1iYClWa7SPO6sJA9uw6c8MhCKc501pp5JuRdUVoY28vNADE4mhzPbn0zOLaA5OxH0fovcRDbAQb1xZdXkQ+ZlmaZpPOXXlBav9z8CuMtl8SX1Mz/R3d2843N+LXrzgH/rVxf3TqVz4ty73ja2AAAQAElEQVQZXFI/PoOAcLNCnz5vc5Lzw/We4X8SUgkCk8eKPFdlAfpCUynjVl4tgMlkMplMJpPJZDKZTCaTyWQymUwmk8lk+poFcL3GeLbXWjts7CVK0kaBQlylB8BtYAV0m3yFt7VIy/Jb3GF1n7g4SeEy2oyRjemF1OarVQhXN2Wv2r9rKS1yMaqAAgbU3SlVZ1moVL7kjbwZF8Jn/JlzBDuWrDQFNZH9S3AI/mbY3Q6HQzd0nmJ1ciHeMxwhcUSQcCUKgNNZqMEpH0u7gW/6VowD2AuDzVcWYUEoWSdF9tbw/TDkQ0IIw67vuo68UsThRfwz4Hz02V7lmpFBKfnmbrfF37M5WifuCxkRtH4nTvEMIkK8X9Of8tjLVdrdLs/zxVJ76pQ5NvBZu6GrGAtW9cTNwk4nIekeHJTkvFrxsN9JOaWuKimyqxvK2lZBNRoTiqsXkzE67wO3MmGxh2haDGf3IV5sNzYj5cwNZoMUlMMGJQkXwMX52TnyNXGJgnXALUhJOgvRTwxGoeBHmyYigwX5s7jM8zTO85g3HB1RXWXeOXPi/ql/4qO/93fs3G9+/Xu/MP5z/+J33buT0nLyyzVCa+t4xHtdNRp53pRtjl0pwZWtE+qouSjWpSiffsGni8lkMplMJpPJZDKZTCaTyWQymUwmk8lketfyXEGXst4jnMFq2ICINeegbPOH1RQF2i+uV6cKdK51pIDNmbeq5ibtmQE2bMw1QOR6CXItZXJACLt/sNOJK3YZTgmZ1SKiuH1wqR4laoUTH5KwAdM8TvMcKTaGvpSPF3BMLZUyXKBZOcG5DtzOh8Mw3O72NxxyE9hGBQpgEwSsqF/q17an2hMiQryvfhpilsFAAFX2lzjPM9kfCHLC+4e+74Z+8OQwkZSMqf2udEcbzJP3SW3Bt1IN4m3Cl4V0dcxbzqM04ItwAzVMpyFLkD1csHocgBA6TU/qsdewldYe5FlNaI0VdDWsy0WNc5qd3eWvnS85IFCtWZTL0rAbLPMMT7fkypuoNwo+fhTPplstXIQ18Y/sDptDNw3SqKeyW/6NbqFEeTrkazI7nDxOQpyw30kEYCop3x7c1sJQFdOhfHBkkIjvx+U0T8e0TKWpqPk7juko03vRJcp3jnVcon6r1ckF8OWeEJ7vQCdKhZVLqI/c+i8BFsokuAp0CWdYotVMJpPJZDKZTCaTyWQymUwmk8lkMplMJtPXqFwa9lLjFSDhzAehFBZrhVHMNfBaJogrJX+sqER7oe2pYMtquBUOuIYyvDXCoXIecF7PRKjfno+Jq91YD4ErJ9IDi9eDJ+cRyp5h4iIx26FKDKM0WSittYak8nCZH1znIIDbhe522N0N+5u+3/nQIQRfUQB2OnFlwD1n5ziCR2SHEILDwmEIFOMQG5SH7VeWFOM6wt4zcZLV8UHeUbZJgjowClOIewesM1KsZjbD2HgQXI58O7lfDDS5ek5ZSBQElKJwTGWYZRQ0MUbiWNrWuoZZac/59kvzXGBN7diu88JAwHZxX6dGuv6S8FCQ6foYnS10hsHO+azSb33zkRujTTE5M6w433UbH1Q2Wh8KVAMjVI8TCs2JCAvgzNDJFNzo3UQGJ0geJxysg4KQFMCAWy2TQbdSinOcOf5pWeZpXJaRnxdAJ6bBCdD4nZjeg86Mcr4ky3GOFzaftAhjXcjCmkg0GC+AGrEEglfJvQ8M/9UTrU8Ek8lkMplMJpPJZDKZTCaTyWQymUwmk8n0oWj9SvlWsH7H/PyTjcnHJYxSXRYaLqGe9LK0ic8GBeDiImV7BUcSwuqQUaNGsNTumyI/nDcY1so+QSfI5iGJrE0ku6aFL1bkxaHG3xToxPNo9g4GCLf97m7YHbpuAN8hBlDcx9NREh/RIgLqFEIuKZ4DWkqDhHJg+wz2X+FK7bzMMcYSTAGhI4OTvu/JGUXMVDi/x29cZ3AdMTkhD4tvUIdqLnJlApppeitr8rm8RnTKeKTVZQYTdwR8COzXktaImudd8fPQMGnD0fCIUVqS4hN1Aaenz9L54o9CLjMgRyovtJ5eXHhayKNxmOHfndsO3Ns6ARf34fUjVsSk2BgVt5/CshRcROr/NBWAUexMPE5EnOAIeQPn/OowelxkVHyhchI0FyF0iGiqfBMtcZknjqYicx5MizQ6Ygr5BvLoztg301etM1jv4vNrmOHFxlMEyGreBOsv6z2wJU5kwTeMmzy11BwI5TN+Ohh0YjKZTCaTyWQymUwmk8lkMplMJpPJZDJ9zTojP4R9ONullKM1Y6OtP575Ybj6FfTiolGOWU1Q3LV4HSkyMlewMah4quHtL6uTAgowIm4dtcqfEFLZ1pQTD1pVF2uW7SDIeQh24IiQyCVOCtNR+iSlLdMAawxQsTmRVB1g4sSHfQi3w3Az7Hbedym/Kf4R5SiQMSpjwgYtjFl470peTJRcoFyURVezkMgOJZHLyTRSMk8IRGb4sBuydl3XlcpsWntWXGlcM/tlzHVs6jymEkZUO8n0y2aF5N0kuOdsQq8QSNcG7ewjjlxRtkcuSC4vIP3ycBG94Wo5+pqEX3nsohfiPXElpfTkhJx4RU50j9Ww4TF1GlMkOTeF72FvHI3H4bM735bvYYWgni6n1+l/7POym3tCjUULVBxGUCnguwjVrYdXEADl6WCaOEOHWBMnHicEnUQgmxNBBtL15uhUEXGyTPM0xmUmmCgvTRoQmidfXHgEMELzsXhfwjPXKXdukINbo6rreuuq1V3qAskrJvEhApcpMccfJbl1xNoEygphLg/ZHGWRBC+TyWQymUwmk8lkMplMJpPJZDKZTCaTyfT1yrfcw0UR76kCI0BT2uaiMhcBpbScLqqPlRhAbFiB5vAChMDW1mHr+8BuHezasW0M1Sxj2UHOnSpbkZIaSsjHCHoZAQC4caUFqfSllsjJmCFRmI6wJgViwHJc7UWAYinCLhy5it+BG8DvfXfb9bf7w6Hvu1xPT4mcSzgswjndGfUr/GtRNdfdhbpoKAvBITSJQowzcuF+WRaHi+88DzIM/dB1XSD6JDd+UQMTUJalVv8LtLBuyx5596S5PajuIG09Gp17nNu4hEjOPmrtRtqJXkGlYnAifadeeC+NX9uo0/MsIKFtBj7L7OS8cC4zytfjpah/PX0GUhfKxdYaOxK7Urki51aPE3jsNHLg4x99MTVl/3JO8DIDIAuQL5JKoFECtwCOLo0eZ3SzJ9xEDE4WD0ScABMqskZx9QtyDA2gBk35OE/TeJpPp5QWeldup+phUY4qt713pt9Ewrd/VKZ5XYCUeUZP6FSIE3a7Wq2dZGcOm3IlUwfF/siYJJPJZDKZTCaTyWQymUwmk8lkMplMJpPpA9ejxe3L4v3KkShekMqe9ZiA2zM2sSyaqABPf9/+qUbmM4SVS4CaFuPZlmIhxw7vpQru1PukGp+4cliubqIvjAbHPaRpnovHCdEn8iV7bAiGUKxZfEl8ybXRji6GIbldF2774eX+sOu73vlAqTpUSs8f83+gKM5KnKR2TDmcpbizcFWfmkFGIJH5jLhEStUZ+j54yp0JIQhxUl0rtiOansjCkBnMZ/NudeL4wlpplUtfHFidVOTTivLU3XIvoPjelNZi4ZyS1J/fAXtx0erazIYscmUt8/jo32/HITp2qUHc5JDgZbPhYmMjWc8e3NO7PSp4xvsNO0Zdl/XNF+c7iIgTdBOk0aeTSzNZmxBxsjBrspDNiZjpiGFPi+3ohuezxmUej8dlmjCxWw/l7UR4lLd599NrelRQrI/qr88Rft59GswQ9VkW+eFaDZ282t1Ii/QfFX4sck6YNK4ieGhmJyaTyWQymUwmk8lkMplMJpPJZDKZTCbTB6G1Nv5oGfEcHShpLCDuFK5xldCyM6zfawdNSNCrlDM0qTStAcZzYhpc05wWbWk8TYpbB20Tp8DvF9OPci0vdfa1GJrEpcV7oUzmeWaPE4xYzBi2bh+FONHoGUomSbk+ih3Czvvbbni539/0fSf5QUScJO8CHcnEiTS0BOvgSj3osPHnTL2AXj0XapdcrF/igtwoQjQINSHWxHuf/26BCT5biU1pfC04OkWH37lNNFLCNRzni6AnlTXZ+tmsJ9y6j2iITzuY3ucOQUsDbXx4fOFOyjvvFE+QwZNJLuv4vIcO354l1KVrTgxXm3pJsFSmSTAuwK+YwWg8RZAtJqjOD9JTWChMJ42AR0xHT9BJdJSnEwHyRuIbK7GVST2FwkGo1im0apdlGU/T6YQpInsPcXQTX5pBldrB/FtJVjLu5H3qKxjt7R0gT6KakkMWJ5EXQzG4kn8SJNFK7KvyPnpIXjbO6WOrfG5eJyaTyWQymUwmk8lkMplMJpPJZDKZTCbThySo30PfvKtcyJqPcDVF5XrWweZMK3FSdsaz/Qpx4lzlJBC2Z/FbawjYQgwKmQjFIFk4eWsR7waHsBIM3AvfZM8IIeFzvVviHRwVyceR2Q6OftAoGgok8k4pGa/UBuj58jtI39XvEA6+ux12L3b7mzD0jrJLQvB8TTZFCXTtBi2ItfvQjoNzc4yeoRb1BVgWqtVSD5f8add1fd93XegIOIE1wmglY7ZJKtBslxlpiRNoZhe+WNF/y5S4hlLCxtdEQJNKmcirU7MDf35prFyEdEdwEF8+e2e1Z5nr4shSyClVM3YJ296tcFOj7vKOAGwMS7SH6Qx6au6otVFfBX6B195hfARTwX1ynT+5vNDSCOmIePJ5Iy7gItAwRXIsKd0qEIBsFiBAHXzIkWc8LdPEkAFxBvlVKC0+sJ1aV8Om4Cvotem6zm6i5wz8Izfd04dy8hpNND+aE6egOQ9V+gCXPc8ytMptxsRScUpyJpPJZDKZTCaTyWQymUwmk8lkMplMJpPpA1DxI6kGG2e1vLRFPbbHFk+L66e8piYzRTM92vpya0byuK6cWeqQkaJn+I/aUQjQADGVSyIS31Ba0BIDqVi2zMtyGsd5npJU/EHtSByWcIfSYCU9GEYBJnKC94MLt/3+xf5w6Pre+56by0E8CEGZCiqwRjwbFkFsSjJNMWvhduZ6fW5PjAubRyiikU8f+tARz+Jrp5rhbWCG0vtmuNZ3iisMwmpj8wV1iWLU07YXanstvEzLmtQdBOhR75HWD6PtC75jOKFc/czBBNtr1fcLEnLehq4Bf1ZtrWwKTQJXelUMY8qi+OJqDmYqJLk1VoqzovS6qBYS1Kpc2F8cUIAOpokiddwI6eRj3ogcuCO3grj7VMakYU3UDoa8g/KanSZO1UlyGwlo1KzP9WGhZwG9z5zp/ehd3ELPOkXzUCgXBr95oq67nqXn8O1IizcJbyKuTCaTyWQymUwmk8lkMplMJpPJZDKZTCaT6QPSU6SICs7sGK4QJ4DuORXI4idBxh9wVmJGiVDxV5qoTINv2txwARLlgWmJsTiTSA1b/TPSJkkHi4uLVje9D/n8+djj8TjNmivw1wAAEABJREFU09pTbpyWOJUKWSXt9ykfTuhJ5/w+9LfD/mbYd0gBPp0XQxZid1Z3FQ4eqfV6t0InalYiqSN94CYtyzyPuXzPbiyUp0PMSfBd33dBsZ31JLlrKZZWX7GleavwC2XrtNXk1j1FPhWDE0FMJAlIOpq325NsrFpcIRFwdcORS7VHuOe3EN5mxNDwGOK2gepxo9Y2+r7+Vcfct1lA8nYn1h24bSoqAaTveufOEKuz8juohci6g79o8ebvOvSuEhzt7UFZOAIY6GKGUMaYInJ40fn80Qxu8jg6nAJOedvhjC56v7i05I+9DBLfHlhv1Ci3CS90vqGSm+d5mcd5mvL6zcvX013ES7OgBhX80qwdT15BOgjvnTn5a397+pkfG3a9+2ET+PUmrPfs9nFR13rzHlZQqHmrWXdQns56e7CzidMlSjdB8D1WUxv9p4QdkLw8bctzlxat5yULbI/S0ngmk8lkMplMJpPJZDKZTCaTyWQymUwmk+nrF7MJqdhKpO2Hj9b1HoUYciUburLZvt1uaw5HW1ou28Kg+FpghyuBPqn8Kq9c3+dPY8QlsoED+NUmQmJAGqaBGAhwkm0SlWugInquko/TOM0TuZ74wn9EOrjLBXpwgRqmMRDka8LwSpfo/ZBg8OFuOLwc9jehJ+KEcZNIR0mIjKtVVO0SJ/9QYE+u9lOuCbuhaHsohoRCTFLKrZrmMZ9h2A19R2MbOt9xpZhcQogjwGJdsRRuAc5mi64F5zPVMiJslvJkrR8a1OJxtUxSa23ii6Dm6Tx+bP1VDGQu1uHm2GrUANUcQVw76mno+EBhMaUIzhxQdR6hs2FeNsURRtal+H+c20AghSi5AiPR50jlc8dIES0bXlTdWU+ue8i81dTnSs+fK6wvTTIQ8hJMad1HxiGv0dz5yAsyAk5AxMkYUn6dwS0Ol9w1ckABsSFh8x8466BwAGoL5AiVWuZlnqa4LGlZ6EajgZbB8zKAvt6dJV4KhLsC97l4oi+pv/Bvvfnf/8XX9w/Y9+6/9V+7+0P/yEtn+pIqUWmu3tUcjnPGKfKycW5755f9V8YMsNibSChPfoYmg05MJpPJZDKZTCaTyWQymUwmk8lkMplMph9SgcIX5BFS39Ey81qah0ePLaoRDVJ8TEScLHNcpPCviEm1FtnWJ7FYtqSS30K1zHz4PM3zjOwoQsRDOcqrAUX9U8QIArmPONj3w23ob/rdvsu1a8/n8F3wXvwAvLpabL0CsNhfwLXOOiZOpiUuRJwMQ9/3Xcfsi+fTCrfT5Nc8OeoXARaNyYr7EhILk9ZtRYKKdIRKcI+YzahnyDXi5Oq5m9e37bURSJjM+hGsPikC2tTjAAuXgsqBqMGNhsQgz3MFW5je8UGL556MTlD2BYh62kJdrS1sJqmiT19phkw9M7ZDcCFkixJK0gGMlKfjZpcmSJPHyeHI7y+5wk88D5RBqnYW0Jx6XUyEBMQY52WhRKiY7yvCxFBhlHJZia1CcQsCJcQUVMAtpPaV6s/9xc/+j//6G9meZ/ev/sU3/79fmP6n/+1PXtw+c42argkL0lR4kQqh6eTDlcWzHo3qS1QcTZgLExMdJcuSM5lMJpPJZDKZTCaTyWQymUwmk8lkMplMvzXVfmedXrbVdg2QEeJkkyVy1QyiETTJPtvrUSGTqtxxUesOKHYWyj3AxqKjhKEIIEARIYkSeeKSpjlXyhchThJ5O6xeLMCcBJuweB+EQgGPrs+/JewB9s7v+4GIk/w2G214ECcS3q90EVybO5MknEXcHaB0J7eFvtKfYm5DTLlkj/0w7Pb70AUx6OAToZR04ZGxqoNTZ+Kq+8aXl1BEucF56HKDK1xyOaGFN9owGO+gAfxa6tnyjpqWFO8SwYoKGXNGIKHkMqHuWBgTKEBQxStkOWOQ3zWYKXc8dF2erdzt1BFbROY3j7Z1czO8Q6uGjanJ5t2VtQHln9RMh9oqxMmUfzzOecV1bnJpJO7EzYDRE4kSUcauMiOAuEEG6KzlnbxiGTeZ8w/dUssieSi8wrE2kwmslNR7xTMWll+8Ml0O3k++zq9/L1bipOo/+IXpv/fPf/tP/rFv/My3fviydr6U6LFX1rdzipqk6lCCK+XFf+sDohJg6+0gq03uaD5BFJIJU5KcHg+fIzDMZDKZTCaTyWQymUwmk8lkMplMJpPJZDJ9UBL4o/o11Dddg3Fc7lwNTjRJg3iL5gzFt+MJMOLqRyhFTSp1RylqgvdcTy+gALrVQ6Geqr5y7ZKCQLISlTYTuHwuOtYX9kDwktIF/Z2dWjrEENPg/U3ob4bhpuv3FHdDWMLQscuJXt4JsSImDlx857wbHi/PH+aaKhCtQsYQWXGJ5MMCEHwgg5OhC/l8tMPCnMrGWsJt1UAtZdyYqGjfrEP9ZeEPxk1k/InX4VaFEOpVztbJ2qR3R73Ua9WL5FHk2U8VQkH0MgrrQt22R1dngroDkk2OF0LKiWENG+osCX3wXZ+nJORej/O8xJhXXf7r9evPjqfTQuzGRePc+1KDnxTySF0jitUOYvF3wegp/2nybnKYX2ePE7gR2fgkcPQUaJJJGTJYz7ESJ3p/ESI1L9M4RlrBc74l6V5q3U3kFMXLaF0f8lzwQqW5yqZ91fp3/+rx6vvf/m767//zv/HP/eGPf+/ffXCmS+HVXzYbCsStxImaCK3pVtceDXo06qMylWcZ51zllZhqltj7vKdMJpPJZDKZTCaTyWQymUwmk8lkMplMJtNVrZVk3BSpH9PVDJj6JtbaszunQwA2RiY1quasMY+5G6x1yVLxdqXqjVzTXNgbhHfwmqezfuF+tamoRyY2F8n/5aOIOJmmWYgJ+W69XkUZE0/eHb4GxFCgioMAviciBDpwN13/0eH2pht2vvNcHu26btcHvlTkr/9XAqYUTIUCKDAIF/HTkpg4mWeKp+Gx7ELoh6EfetCQnuQasw4QTw7Es2HTor0YS6jVB1YS5bFaLV6c5wm1XEseOXlHxif3/XJ/KHXi+us7Lxlze2Bla9bVqP2vY9IWu3ElYJwviArWxgKleHAGkvJUZLTgfZ6kNI3TPN8/3N8f8583eXGc5umzzz7NK7Hr++6ye/AVeLw8pQJz8LYrBkBriFDu2OJwQZw9LN7N4PLG5N3o0kwfJSnv8wKTm2WNGJKx3dAC/Asv32mZJrojE/tSqIOFcmct9ZSPqDFLgHyLed9yUe6r1ycfhcc+Oo3uT/yZ7//hf2z5g//wC2e60GZ64Co4sj6hORkHqy9TedW7cUvDlQcRu6TwcyaBPEnLA1OvgJawYzKZTCaTyWQymUwmk8lkMplMJpPJZDJ96FJG5HPCCKCVZOcrWyBGC7CyB/j4F93PivJ1B63Xg4Q2FIoCExkqYKpYSnJrtA79roYlfAYuW0aNGqHD54V8GbKWFMF3ch4+1MtX8et5lDjhv8jjxEHnfY9uB/5uONwOu975DjDwQYFPzjX2aggBXOd3V4vpXF0lp5A4L5EZjr4j7XZD6LoQQmLaQY5ebU6ksHs2PZpJUewl8FnBOhW8uHwftwxR7mBiEeez9bnxLHeeIdOcv7z7fKcTfF6GRrtIKpGj71ToSEdlHa9i/0KzHsh7RwEpQTI8576Q8w2le8SFrVzyYvve939wJNDk/piXzjTOy+yk14RM0BKdlqm72rcvhpu89SjqhqyN1QECIghlUsgj5EYStuRjnkEk3goDjIAj4gkpYWfGvO2idwv1n9Ebz44UPujSXakhZMgIxK6HLpUSoVvjMb9GilmKdI08pNuFJdFL5O7jGgcgHminDizSB+/wfUAnv/fvPvzcz775q780P7bDn/u/vf7FX53/mX/yk90PR9LOM5fo+V7V8cbVxw3HJ6UkzIl8XEA++feBYEHnVs8bPQVSQhOIMwpl6iD7Qi3smBKh3upka2XQiclkMplMJpPJZDKZTCaTyWQymUwmk8n0NYudCIqlQ1tJbKxIpAiPWsj3zUdwdiqN0fGtmwUfQ6EwaoPRIgQrOMISNxGoxMraFuDoHDL5qHkpckV6nwuTSYNTxObENV+lhxINQu8QKlE8H3JZc57ncSS/iqhlUSzBH16yPgShIF8T7wMRJ0G+mZ+7IX4nh7677Xc3fT90PlCiSwp5R056cbmi6ovFRNRyOvVAU31cHhRfDFXYroU8Vyjeh8xCwm4YiDohywyxSxG3CBm3xFdnAw7mT4rPQAte6ADIbJRd15GvxjOrAw2Xh93WeiC6zRzlj5YpyUjKkvCg2EAlTuqedSG5bS17zVR5O1ByRrxcfCyQU22wZr7QshZzDgFwvFOPDfGsoelml41Eo+3YJAd3+5vdYb/EZZym/FGe8dMyHcfx/v7ND15/Ns20fTwe875xYU8a8achO5quBPdodEh+t3PvUVqur90XrEZb5OrdSk4RHnK75zyvQGtq9kScjA6n/GaiX6ODKM4SzFa1zjF1AsV/Alark7w+4zJPeXiW6cSeQ3S7akBO431UCS4s7ePzVh+gpkPPIo3ejf7UH/nGP/svffeXfvlR7uT/8e+efuXbv/Gn/tg3Pn7hnelc9RYtG8IElhmnZwro0myz0lxDxWHLNAlrwifhWJ7E6NJ5kFty6N6LF47JZDKZTCaTyWQymUwmk8lkMplMJpPJZHqmnv6GO7gV5Xj8DFBLzFpeBlc8RxTguGq5UcN3LlRjdNSTQk7F6TMY5a81FQYQSqFcf13r8VQE955cK4g3yDv6eZrGiVxOYk1pwNKmbZKO5554Se5h+gQwBecGgMF3+74fAjmbsF1DqYhydESbpKI0glvxkNphdg1ZsoL3wrp0Xej6PuTTFpwE6iujFDUCqLi4PFakX0u1Dt7mYgBXLG0SY0lyIPl8LItHr4JV9FvTiGYlfCmVqX/s0y1kQ+VtnUKa7gJL5RmPgL3PM4ZLnpqkqEMEZnGCD33Xe59//cGb1/fj6XQ6nqYTISan48N4ur+/H+eZsmKYTOq6nmxuHAUssRFISQGREdT+uw7eRf8/v3SdJM0nAdz6uiwMmsyOfyAtABPglLdTXChrKg+Wx1BvdhATFc3XaS8jp8/vsx/JEpd5PC3TaZ6nfKtRuFXJkWoOoRtEUBjX+FsUB5zKKMnP+8M7Xtz6/83/4Jt/8l/57l/+K+Nj+/yNvz3/d//X3/5f/LFPfsdPDc7Uag3WadEThNWKCsv0to+IEprjoPVSqgFnsge0EWpnhNrb/z0ymUwmk8lkMplMJpPJZDKZTCaTyWQymUxfnzj85vrbj0AA0GSmqONI+fNsW4sVMii8RlJjBLdmpjBaQOEdUb4PL0VqoRy8XM9tSA0uizZvglikjPM0LfMcKcumADFyNChuAsyXOO1PcD442SADkR34AXwvP3QN8swgIqV0xa1uDqkgOOjKN/b9avRCvZComp4oEwghFNcQjQFq+lIsA8SUBQGuVV4lTuUMe4BHInU2xzm83HmhsCCMWqgAABAASURBVJRU9/fcPGmkW7EhqIYoddYfv9C7Fuow6YIAj/TDoS/5UxpUPyeyhxHbG98F6W1+K3fteHyguJyHhzfH+9cP98fxKGQSLY9l6Ya+HwYPfdIUJ/XvKeCFmKk0Lh7c1+tOJxdz8Jxxgc9XXM89d96tNi+qPBAxUG4O+ZpAHMHNoEk6c15/HsjTJg+Qb3ChhCW8qZlOXsaSeyJdXeZxPp04VScSJcAf69iUQ2jBo6BA0raydGC1wpHGr6MC74872fXuT/3Rb/zZv/Dpn/837h/b5/ufpf/hn/7OH/9Dr37f77pxpnO1NEkkexLcOFmV5/i6O7ga/cW4mL4d5Xc2hxJkJbLlSdJzp6/4UWIymUwmk8lkMplMJpPJZDKZTCaTyWQymT6XasbK5UfyBfRiLqK71+wEd3FcMb0oYR5iFtKejJRSLUG22S6uEBn6fXYyI9H0Em2Ad55gEzY3oRAarnnr9+Ar5QBurZhzWTt/lpwW7WNckCkEilCZiSeIKUJQww5s3By8+poozBKYOCEGJZdKowsBdqE7dN0+dDddN/DOXT6P2kJIyb8CHMVrRQgAqajyZ5GLs8si1AsU1GTlObgUC5KBJAgK1FQTtoiAgqWcm0qs7ifqU4ICYGzDbqBJPtE20v76K5EmmIQ4ISaGYmS6PgwBunXENue5XD7rL3JV9zxtLEyqD81bD9KlxPKeUzk09iYvn66nMJ3TNOa+uJlyj6Z5/uz+zZuHN5++fv36zWuaiLwWgq+sEhBu0jsOpaGWkBENG+kglAHTy/ra3ITiKPNe43VKW3SxYTOtfFMBmb14mlv2NUlHjyPgDC6R+U+u6ue16JTfYtoKyzJldoQhG41L4XOidJvWwDxNp/uHcTxhvrv07kXQfUOBXuqtpfwKupJj1UhQNWzvmverP/IHPvrpb3V/+l/79LEd8gr5X/25H/y1/3j+o//4R860Sn2o1secU/efcidfYdmaj6C+w0ckl5KuXGXyCpKC67Hw9TgJmUwmk8lkMplMJpPJZDKZTCaTyWQymUymjZ6u3LXcgJT5Hiv21Tc9Z9FQiZvTV86sHK46XoA6RwAW3xIpWyIXr9s6owAYXIdUlwXJZ6i8C0JpDKzuKOhWv4fEniIjB+ukkgEEV1EMdjpZPU4K5NEB7H13M+xuh2Efuh1A7/NPCIESfDClC/eKxu9BUyKSwB0OxVyCLpeP77qOPCrE40Rawi4pug+uZXu1B5BddHDc9rrnRV5wNYToUcsTdNHXKi8bySTeyG0j9oKPollN8NiygeJ285hTzvNVsYendmj6gkJXiN9JGSlGlSg0JsZ5WtI8zw8ncjQ5Pjy8OT0cx9P9eKQdPdmihH2fTxIlDwSYPnG6RGIxp1F3BnE7wXoRWhrMQdGsDl3f9f1T0AlsNp92boBLy5qaP7Lm5qxBUu3ptLWJ7CM4Osf7GdLkcPJudm72KXm6ZRtQRFdpe3a+i5kFAawXY6Vlmcfjw+l0SpFWi4e1fUCGQG69m/Qz39jj8M3FN4LT+Cpd9AjPCfP6SvSP/Jduf+Kb3Z/4s9+7f3h0Xv4v//f7N0f8p//gK2faSAExVB5wuxKvZXddOUV7nBJn63mEt9uc1mQymUwmk8lkMplMJpPJZDKZTCaTyWQyfcA6q+tfFVxkuFChH32FOc5Ak5bwWJ1OnCtcxXo2aCryqKSGwhCriwgUWxU1O3GumnywaUIq/EpKwqzgxJrn2XehOnaUU6EWvzleh8AD8GxzokE2uUa+77ubbtiHft/1OyDUhDN3qFTqkSv4/F/FAcTCZbUeoZ5EhTyY5wgUqcPF+HwtD5U4aSgRKvl7CRuREct1fyy0TpNNUcZttRVR44nGVOIqcVJjLiLHFqXE8TI8K33fAzUNhBagk3l/eYZ2JBUe2rrguM+jSpzwmTcfJaUgqtuIzj43GXn28j5J9sx7LTHdPzx89ub169efPRzfnMZTnvtpmZcY82SFruuHHR2SBzHkaURfVkPLWzmmJUANPhpvBuGZEjvQIAUP7feHVy8/evHi5QY6AV3ibptNJQYivmyn4pgiG9KM3J+oH2AZmotqO9TVxY2U/rtEZi/RUYzO5MjpZIE05h+HU34zuBiItUGnUSerJ08Z1EKgoLid0MAq0AN59OKyTHkwpxnTwgY/dHcpr8X3ApKRilcIKdEqEooAVjglqslRs1yStsN/XVYWP/937P7FP/6j/5N/+Tu/8u342D5/6f/98Pf953b/4N97cL81dOYm9ESwUUOAOPViEjYwFZuTJBYnssM2PKkeSIsirf8woOBR/IT1kZYTFvOU1Q1FkURxvnJw7T4wmUwmk8lkMplMJpPJZDKZTCaTyWQymUxfr2r5W7RxWKj+H2fHIJWT8zGlRgypWpBo3oKcExXpIJCDlVKS8Jp6Vu8CF8BT+3X2VI0lKBYnCnGSUAI7hHDh2j2XQKGYOyiYwMXLJS5UB81V8kReF9M8518J9VCyQFwiuI4pFW+xN5GUFUDapJI7duD3XX/bDTfdsOuHTi4s1hr5hEojuEBHogwIETIScsOgCZMzpNwPBW6Yb8lt6bym6xQfE1y5BkkeKp4oBYpwUrpVYwDJJpLfPDRWJNBWZkEsMSTeRE4uZ+SUH3bqEAsZFOqG5jV0vBvEpExP4I62iIla4DQXO/fmaLal11unjrMVtZJG3EHPA5iEBMoLwIMnrEKtNMgkxtH7S55ogiKCT+S1437w2aff/f73Pn3z+v74MM/LFKf8IlMfQhcOQ/AcJRMCET0aDaO9yL/knWSmBO7poOv6bp6m/JPnapmpMt4Pg3BCP/ajP/bq1avD/tCFbuj7vus61wxEGZoz8wx05QZwsv43G3ogMnlSYmquGw3pHech31IJNCKJWo+weDd5d3KwdLgEHPM9AGnxQKY2QJCK2kekympVqwmeJ72bUSgf+pCXclziNE7LPFJmFUVeucaEQm5pmWhpdX1fiYHtc2QdA1h9j+Drgk6yfvwb4V/4p7/5P//ffe/f/2vTY/v8f/7K6bcOdPI5dPbPA7SP6nLPusK9vQVXlJ29kE+o9ii8LpkPVKeTVH2cJAJNwsVaks5kMplMJpPJZDKZTCaTyWQymUwmk8lkMn1dgk2GhtsyCucF7mbnWvLDkpThShSJGhc4+eJ78011PnB1QGH6pFQspUbp18vJgYQaeKqLs8UJe5xonZKBA78WrxMK0bJmgwjkkmLKZfGZgAQkE49cLBdbDt3Ftd4qXSVO2HYFqSbvuZjvBh92w+6mHw6hy9sdp4do0X5NNwEplzIlsOlLkuaXHb33bHACgVkT+SGfk8qQ6BZu5qEUXxXscG6TstK6VSjQoO4jUqv17WxqBAadOrJkH8dt01nWgCSpCDsOkSnDCg4fqyk/AxUQpAbUjeaaEQ6qxNdEqsyOgQrCX7hxshjy+8uSFwmM83ScxtPx+Prh/jSdjtN0HI8P4ynPN42yp4ggDIGoFDGV6WjI1UwhSRoQXTuxZweNFcXF+ND3Qh/FZRnnOV9+6Iebw83Lly9f3N4O/S6fZ9fvbg+H/L60R1ZxVztTWRK8WiQHfGKkNuRROaFEIG324UUXgdq+ALmbUI6UxwXJ5mQENwHmjQXTAnEBchtBB3i2cpRyIWOdisfQAkpYW09jle+hJc7TPJ3GZZlTvrEKulWyctbJrKCJc81Nt9nBtaySjPzXDp2IbvdPNeBHPgrOxBY4xZUorjfu42FssI3IWf+1kRs+Jk71imI+dJGwBWVnV//ZMZlMJpPJZDKZTCaTyWQymUwmk8lkMplMH4rQYZue8HhBr5SPi3NBm5jjNjErzTFq/gHQ+iB4V3IV+Prx/KjSrphr28uSmmb5lTg5b2jJimHKJMU50k/+MzP2Ifk1hFBgDWrAUuQOEnMjITueoBAfkGCUvuv2fbcbhsGHHgQkEGMMITPUfQSqqQWni0g5X6GTGNVBxPuu6zzzN2S6wbSJV0AkOXWJqT0rY3MBLayOAo0tShmB1RYFHsnT4RaxaQXn6UjHvbqt1OkEaQY0xFFTJ96edrv92PKpVgjcYYVP2r3RFauO8sOGK3keXG6w5iWBW/KSiNTyaVlev/7sOJ7GaXw4Hu+P9+M8h77LSyT/dLk/fc9mCingGnoTiAsiWx5yf2HOiCaIbVWg2Nx4ml3f8xQN3d3N7e3Nzc1hv7+5ud3v912gcwcgC5S8Rz58mkZ1A0HsqsdJI7gYqCeHqu6ShIIqdiecxdNATTxk3qN3i8PZ40z2Ppg8ToiTx9FzvA646EtADjcTXZN+UiAgbafyWFASc3TiMC7zvNCfaUyCr2gf5CwVk5LcnoBX7ZLOx2S1e+EmhNKgrw0p+NXvxP/xn/nOrz0er5P1j/6Xb90Po+pcq2GN3s6YGmOrt4ifdOUk5WGEhctjj5MkeT1yTn7Een56NnfLlqIzmUwmk8lkMplMJpPJZDKZTCaTyWQymUxfi1YzksS1dvDrRxrjAudHNGXyhjjxUn/knwT+in0FXPgXoJYXcevB0YAvuZZP33tHJjZcMd4ABke2XMwWrshHLCnN5MkQKV4nlzPV1EIyfjZdYnSAbT0kbQSJaOl86EMYgu+cH3w4dN2uz79CyPX0XM8XRwapsoML6pNRusc5Nc5pUIsQJ/nvfE7BTQJjJrkPwQuJQ/tpHBD5plyWbqFyJx5WGxmdEdj4tbjGEaN9U4AbiYyJjGuQCwwPrPclTIctWFwBU2hIAK41RC58RRVNwcs3Szvk75RQ8YaVYSpRGtBwJ0hJN2HXE3QyqcnHZ2/ePBwfHk7H+zdvjuNpmqeR44FkdPr9Ps9k6ALjGTTEeQ6IQFlzPJJav5AXzsJjiMs0LfMcvO/zkcPu7vZ2v8/T3n386uNXH73a7feyxIMPsUTNUJBSXmbTmJuYNyAi29VQZzrXOHiss4LXBg2vjtNm9BAbmxMUfwknd5kMYfKwOIzBTeRugnPvcrcmRwYns4fZEXHiAo0539a4kh7NdLKRDKy/r0FHbAGTF0sepNMU51lsLfgc6EHZKidndufhOTUfy20HBdQkqPSiuYOEC3Nfh/6DXxz/xP/2e/f3T/ETf+Afuv3WJz8cTifbxblOSiqfM3jE9yVCheOaW/r8fLg+HBCxIIKryr9KK8JSCJVCKcrKeYtHkMlkMplMJpPJZDKZTCaTyWQymUwmk8lkeh8SXAGxKQLK+48E62jwjFt/g43dCJbTrN4H4uKxuomA7KHFSlcMVhpOQlNkuDwOJZjG5WI/kj0JYyGgsAKuRfJib0IGI1QAHed5XmaK/2AnD7U1qT0tjZfm5dfOe0y8zW/tQjf0XQ/Q+7DzRJ/03geXNP6GPUsC+0N49G1FvbRceoILcy+5syGEniwx2EyF2Qgx1cjtZRSCTg1lPOqpqtlJHS6NMnK1Fott7FE7j2e/Zok1iObplGnKDevyfyFwrxp4p9jRtCPmnLQT1jlvpt+1VjnCU7bgAAAQAElEQVQOz8w41n0kIkldTqCEZah1DAMOsg1cy6YxP47jEpdxmvK0/uDTH3z6+tMjeW2kPMV5+KdlZtyEOCHfdUDQU8U7uFYdAsZI/ZGlkIvnySWamjmfP8/LkHUIsHcvbu8+efXJixcvXr582XV9Xj75s+DVfYNq3t73ZWVS/lPCAD6Oc8kiorAegk5WfKuZG/DFI2c7MU+oJVcIc/GO80fUEEbglwSOMBDvZudmgMVDbk4enimvPw/RQ+IwqCRAEzYThOdzWGGmEvXEIUe8limnaprnaaKUHg7hSQyN8c2guFA50rWmRoWKWq+9NbdhMkhu6EKc1HX/nvWv/9v3f/pf+/Tpff6J/+rtH/3HP3I/RKrPl/K7mlwVm5O08iIA5w+jK0Jxc6LFx4dGRvMir7REVFlxQ9JdFWoCOKMZTSaTyWQymUwmk8lkMplMJpPJZDKZTCbT160kKAMXDBkBuJLGAtsMjoobNEwDrKCJlpOxVJy5VM8GG/wr1jNRzf6KuOgoqEFuXmTYoiAmZCnia8aIUBfKnTQwCdUxc208ks3JsrCfh359nlgDjfih6r/kqjjyKSnBP9CB5N34LvjB+13X7QLFqHTJ+URuMB2dQuxIEsjpnIATzJ6Umn2NsEkUYRM9nWogm5OSpEPXBR005kYoVsJf1Nkvx0iO0bIvm5S4iwpvhU4E9+EMHQYEWGJ5AjKfnBGT+4FlvlAGVBAKWN0EmkucWwzAla2NEUoFJ6CAB1D8O8QGQ0AdlLANcMox8KLM4/dwfPjs9es3D/cPDw+neXxz/2aKSz6UxpNMY0I3DKHv8u6eF5ssrfzKOFFgbxRHJjUMs3h2ykFOFNp1h2G3u+XgnGHY7Xe7l3cv7u7uOk7z4TlRH4d8EloyNIixjIL4nbD5Ayf0IOfyCDzUNaTIowV4WIGbsxErYTp5qgqgwSX9RJcoiUT50MhNWwgD8UtyM7opIBmcODjRuoOYdwtiHYM6ERs+bNOe9e4sjjB5FOXmzrfRMk3zOKU4O7oTuPMKCSGuXiblhlD5ErhTVoKuKzbNAI9r75TpKSNzBu28D/3Zv/Dpn/837p/YoevcH/9Dr37f77pxv8WV3GpHApu/SOwU1Lj2CMjGq6Luo5jh+Yl5sfDDPenzkYgTfubTnZboXyRM7eqEJieMb2k2O5E19jVQSSaTyWQymUwmk8lkMplMJpPJZDKZTCaTaaM2tobjTnKVmKrsZKiwBVAKlXHuccGlQy0Iulpe56JgC1i0ZiqKGjixa1iphiTJIWpuwahEJOKEg2gkEIQxiOK+oZTLirtQS2IuiseFoBM2hCCSIbcjF88j8nnYbKK0Kn8SHFEbuZ2B29uT70eXC6o9+F3XH/q+y/skzG8FYl7ILwL4lCEfIhk7jEuIW4lkCHGtPpHNCo0Jdl03dH1+DR5qlAw3IGr9H5NHCSi6Pk21jwLrlLo+nJlKNDOS6rBTS9huJZZsFZmWQHSNhyvxSYoUbd560nZCnAk2xAyxHW37XUVaNA6I24FMcTi2ySAXFiyj6X1u78PDw3E83j883N/fj8vEeUA0oGRL4veJCRX2pfEueOEUvHqnuLwMgN1x8qjng+aRsnP6kKeBJuKw29/c7m9ubm/3h/3NfujzbPueonEYt4mchiTeOKipOOLx0vRR+0SDE8nshCkgGgl2jHHdtWp9u9p55uQWuza09S5J25GVd/L0JjZrSbSI/CIxOi7lH4rXQZxiWjw5oCRZJLxYGCDZgkEtGSA3VZLQKBRaivx48vY8T+NpOp2WaeI3VyMSurkuVu3GY0cTWeg+pieFxuhUpMHrAeIB4+DyJO9B4+z+5L/y3b/8V8Yn9nl5B//Lf+obv+OnBvdDpIYu1GcX1seuE4CE1nwsC6liS+d+J5XFa6NzENX7hp7V/DRU4gRRebtyuPe+bRTzgoacmEwmk8lkMplMJpPJZDKZTCaTyWQymUwfilZjDLd+gxwaPMKDL9tyBKw1xNV0pMSm6M4CYJzzEJqVQBIXD6wnrHKMSoh9AnJCD9W+2Y1D/RUaLkLAhXy8mJrElKZloUgdh3EFHNiTRJgPNsPwXCwP4DsgLwbPfhV9CLt+IKAE3X437PueyJKEgXJ3qPQfUMJaCDFg4gS9WK1I5AlK3gnmgj+l+uSj8ql813eh73uFdmBFEbRwL/QCri4grhmXNsvIbYONylnANVyITCQ5eThHGToEcyzMcwiro30PISiusV0IsMIzWwDm2QVeXQMXHIL60bBZzgogcZwRzVTCPFIh+Ijps89ef/bZp2/evBmPD+NMuTl5MeQGi/0J8zJeOkgXCpRxtDBko0xSouCXvLhoDuYlwUx7Jzzsb24ONy/uXtzeHA6Hm/1+6EPng++JBSrL25V8HLXfKNzJOgbrFOnUMT4RVtRK9+u2o9f6i/j6HhbsqIxRE7gDmi7iYA0bSczURIQIhH5EBwvQKaJ3E+CE5HEypTRjikzhJE2t8a5p3pOzp0AIxyxx7Z/WT1ymcTwe52lE5lYASgKPtBTWKd2q2ApBha28g5rYBIzTKHTiXOuV4t8ncfLmIf2z/9J3f/Fvz0/s89t/W/8n/sgn3/wouB9KKW9IK2P1OGHihB6/vAMKn7X+K3Ixg5U1cYWGcwUyJIyKTwi6W/Hl0cvLw9HpW0rnmdOJyWQymUwmk8lkMplMJpPJZDKZTCaTyfT1q81M0eQLtxaK6z4VQGk9RppCM5ZK+oqqFJcTKIjImdb8BKlFIqc0SMwKARy6ByEGjn6g/KwwRBIHilxbz0fEeU6MV+QaOeeNuAYC4GZ4x9+NB0EuuFIeGB2hC4DvvB+AwnTyO30Ih2HXsTmE56QXL9YdBMBQLI7nonxYgQAJIEmSqcO4DBMtbG/CLwri6CgVu4DW2wSrn4lbP/Pondu871a7lM1QbjbYeIbGYlmSFoULayPAzVocflTonitwV/xSoNl2a6FYOSUK9PGwcNk6j/4c42evP3t9f38as04Px/tpmmS28uyS90xJMkIJtSkgh6dlgz6hICcCRQy+cz4f4vrQ7Xc3h5ubXf5rT6/7/T6/6YjImWVdcFoNguTjsMUObLpGYIxSWe7cvsFpGpErtI96N0ALnax7lzM3V7igc2CdbJ43vYwaQtA94qN3ue3ibiLQyUTv4MIeJ4vLb0Kidc2IllcsCXhZnF/tjHkhzwlJ7JEcFOZ2xnmeTnEe84IS9gq39z9Uv5/6K7oNWVIQtLU/iuFAi7YphlWAk/fGnfyP/sxbiJN/8L+w/2f+yU92/aM7/PVfnv7Dvzl977Pk3p26zv3Mj/W/++fysv162Yoya2W+UeNvqltJEloN9N+QlVusql5UrphZ0QJbn3fta7p88uhi0WS3gjSuxiomk8lkMplMJpPJZDKZTCaTyWQymUwmk+lrU/U4ufrpGX7C9X5AMUBAsXlIpbiMAmR4EDLDN19631yiulyUU2rEAtMa0W0CGiBKyRxK/V2yU7iqmZwG8XByDlEmy7LMZOlBvxarCi1YakFUTEq85Mr4XMDniJzQEXHCrxTTAkPohr7z3Drv0BMUQSEjXrANNVuRUjq41Z2FeYVSRvVKnHTKt/DhOqpln2L9cT4dTngDrdPilv7hd/gCBcvB1nhGNpQ4iQsxCrnDnnpMbfL+HCk6Ww/uKZWugcO3VHux+NjIFPB8CSDksdppOJxTfHN8uH+4f33/5tPXn03zjOJ+AjDs9lJdZn6BGBogQxFIekotbQMXr5cluhAoCIkok/1hv39x94JSjfph6HfDMORtPlme5kBTyJwKugQancPBSw5h260WywGlIYSdwNpPlMGoWEoZ2O6RkREDlWI+sp0GcMpbObd69Mj+COosEQGZLAEyNfFu9rgA/eSN5N2S8j1DWBT59/ANU247uRpsG7J+5ArOw1Enke9IQk6m43Eexzjne2uBathCZjCpJp7Ic8E1eSdQpo1Xi665Mv06ljTa6Bqcrc1PeWqNvlv92///41/7m08RJ3/4H3vxB//hF0/s8C/8n3/wF/+fD+6r0Tc+9v+z/84nf+dv+xozfXgZscGJczUlp5Bw/MThuRIWrj7Z1p1d3WYgz5XnlGSPyRO8/iNRaLViUAXi/+TFIgu82qk03k4mk8lkMplMJpPJZDKZTCaTyWQymUwmk+nrVFPbLTYnm4yEVY27ga+ghVhPsFuEE6gCJAqnnLy90EUEBzaBImvhvnFF8BycI8c7BTAYHUlUEaeC5ZxiwpgYOKE4FccMghPjhZZ0UeYjiN0HvwqC0oHPbzKGAoPv++APQ+9DcClX8oH3d0H8Isg7AuoAOa6YQjE6kU9dGZ1AuS09X0xGRouzK64hZEwDA5TsoXPpgWWSShHfuSaVJ+FGiUWNYeKk6zpK0gH3Tkr5Umz27j9l78/jbdvOuk54NHOuZu9zzm2SSBJCSEISICHyASRgARKw6AppFIGgUiXiBxFRhPf1FRtEsF5UwMKitNSibKhSykKqgAAiSCNN6CmINIF0kHtvcu897W7WXmvNZoxR4+nGHGvtfc4993K7xOd399l7rblmM7o57x/Pd/1+pc3SMjP1Zeqms2S04j3E5wRkg8DMpAdLk6PVycnx8dl2nScToJGmab1P4jtCKUvEnVBmEJwc6BOLSAREcABBZF07m7fzWf5vuVhevnz58OCwges5RH48r08HZ04jERWETDknHMXe+qReuF3Pk+nWkL6TMc+e4wI5fjRSNp82069UFe+L1Ueqr4OEUn1ItOgCBNNsR+BO7GDMYGNnU34xwmsTPXAByTtAU+getJUZSdWJqUF2apidADAiy/INNQzbru+2+c6Cu82Kocv59ZOc2VlYwpFM8TqeBk+WOFoHWcxkKQlPBTIQ4uzpsbG4eRxu99Fibr76T9/30a9a3v5o89P/efPUESdZN27Ff/AdR//sr/4+81Rq76GQLhh6V5x3dta6LDCk8abjy2nPPfSNWJ2kWKCVmOSZUhZXTMVhBRFGs+cyZNGVSKVSqVQqlUqlUqlUKpVKpVKpVCqVSqVSPdOS0BIqKNsCnUjdd6ccKVDIlKpR4RC8xVXIgSSPYBkdK4v0UZqSGSRuIcoX3RPXtcmwA9kDWxwniHOhL8cDvhBCAEePYYhDLsqPUoVMFdoxuYSAuwSACx4xBUxmsY64E/S/aI1rvV3OZ1A/jcFCnk4iLgGydaxhpxMH9VeHBXOOiTDR2ckzhgwgxOPETP26sIhu98v48cKdTJkeWyrCMvRpjzihj3I3PdAypiBEdHw6d95aztyNkpvsWmqwQRYSJR+VOUayIzqzHbvV6myV/23W227T98Om78YwWAB0mjwzsBtZJ8jpIIWHnRTILQOwIfowT8x8Nrt8eGmxPGjn83YG/wFo0jQziOOpgCfxpJH1XD5ELoe6kvIkOmJCbJpK29ZIaA59VIZgj/IpgIio2SU8Sh5JqqJnCAuhU+PcMCjFvMWUwgOLj3VnsAAAEABJREFUzOUxHWwc828Te2c7h9CJM8Gl6G2wPHs4/xNrwrQWfHYu5qpqbpIAFEKWwjAOHRAnGFYVYYnzEWy6AqMUE3FASexbxK6CABRfJtGIiQWjaSWBpTLxMRVxYi7mHp4SfdgHLo05Ob/9ufe7//+XPuf936e98+Fvf2gwT7EefASMfBpvnkq52jtEYKRC76VpTUYrXiX05BHnIfZ/YoKJnkm2Ohk95xkzRDTQoc0JgFSGbKvQK4pWPYNd1siznxdSeYwyWahSqVQqlUqlUqlUKpVKpVKpVCqVSqVSqZ5VwvKi9WYXa0imJH4Y8tWov3YubIqhreBr4cCoIXEl0kleCOwR8evtCKBE+Gp8QmeSKKV3ri068V6wFMdBwRyJK46QzxJSCBijM4QBfsYxYbuopI2VUCslbS6KI3ZgnXHeIHSSq6cx18Vt27qDpmkbN2NTkpSr6XlXMDgBTAH6Qt/A945iSwxRD+i1wpkRUh9lDxVET2ypvovopY07kUZEyFDXyDQjTfuLu4aMNk0Q13YpnoI6myqsxxLmAX0thhzREvqxc+kLiraxzOwOMFH8KfjDKG2mVSGxGjWNhC8c+FkMYVxt1pvNZrU+22zX/TB0fR9iMBh2M29bQ0YehikE9kxgAmOCRMoiOVweAmuygBidg+VyPpsZRwY2OEDogJI48oXK11Q3d9OSZsoJBhz9G5IVsIn7I9el9tgyILH4gZCjTNjHiaSRjdmd+mR20kaoQE8gBhE6zB+lqVBP8wH3CrTSDjYO1o029Rim04PBSQoekKfoSgpTmlJuduvyqUzT1AKGZ2hZpABDEUME16CuG/sebIRgeSWbKvRGSDOxfHGyIDn6hIiTatXanf0LdFI6WtxN7DNAETz/fv/5n3zp//zhVb3xVR8w+7ovvv/y4WMzWA9cHc1TrLye33V9eEz85fessmwYH6mXznRvFHKKKJGyyFLNq5gCnPGbigHE9RYMRerAgyRW67WwXU4WhZN1YmXF8t7umVgtKpVKpVKpVCqVSqVSqVQqlUqlUqlUKpXqdpr8Tgyn5pQCYuIKeSpFP7vjBME+B85KQTBQ4ZvKjjHJ+RmtoK+7Wyl3RyJRCgyR642O655wlmR5b0AYIn65PhcpRwyQgaCWsR9DiPD1eyiFJ0tlYkeICZ7L0EUtemB41wB8AOV+oExmzh60s4O2bRvr4UqezCKm46Ge77GyntBKAuukVDrlngHwkN82zhuOsyF3lh1wp2ATtAmHkYwzmOdh6iClPUygsB6lxEqlXoEewPPFoqlEki//S5kWuhzF+4QnSE5RTbfZud5U1JXZJ+IELEa4thwnxxpWngHr4bKRu2KJOspTtO62R0dHN49vbrbbfhzy2RyYlyAl0ngeVvEyMcJ75MHMp4M5DoEGbj6fHxwcLhaLPImXDi5dOjycta2TAa4xmoRzPvmv2Lqaztk/3FQO7kGzBieQTxSrn4rO4bmJnFtUHGXSheEhqB2vFQZzZP5h8sXbZ2peFOsPbiMFDKXRpsGCnckQ0+DsAH4nYHkypBgcJu8QB4WDmMwdyY00oS5lWfDSjAwSjP0w9Nuh7yLMljG73MoFp0wM7EhfXEnVMdJDYomQyiqzVAZ5QoGqmTJPp77o06+sNvEHfgpSctrW/IlPufwFn3T5Lo/94Pdv3/grW/NUarm0TzVxIhMDYu5jD1mq/EVut/R5N95RkDR6UDLVBUloYElFzy6inWABpb2z1dQXLa6Y9pf1bRqgUqlUKpVKpVKpVCqVSqVSqVQqlUqlUqmeVmGkCMeGOPGVKJ+WzA2zX3+k4rb1hahgMIRtHwKlLsBeZFuCthw2oTlHJNMHfA0EQ4xcdI5GavAcBMOZKILAwK8A5hL5JwBxMvRjGOP5JA6pu0NhE8+V6/eN87N2Thfy1nkLWEDrfONc/nFY1ERcBMGLQASApSQeCNZBSoHMRSx92x8Hp2GPDXI2McipGCJgTOXdcEGFNFX/TGFudrrBMAHhBElSTApukgK9tjbIbFo0F6mAoLuX4C7FtEY2750ME47QSCTiKFGfA5qV5P8CuGPklsXV6er07HTTbbPyTFGsjPOOaAqXZ4DokMgGOtQ5RI1gstoGxj6fajFfHIIuHRws27YlI5m2aWEkQjiXe7Mfz+KmpvPatrYusqeSacPOMK50nwM/QkwMmmDJHM8cy7XEB2dfDS90Y6bQImvFNEZYI2pUmsacgRa8LUe4Tuxc6p0dbewtAShpTHHEnJ1EjjzWTDxXMZnhHpTO1DMtSFRCWxixcIn5nhqGoevC2EdI1WEwRPABc5HSZEFRBmQyhhHiZL8FnPNUcz2Pd7k+ufqLf/zeL/jky9ePwktfMJs/HsDjdR9x8H/88Ops/RQCEJ/2Bw/M0y9rq5sIlUqSFPrfVA+EVDFxcnTJ36L73SYCtgIhgvAqYlQPsU7nY8UQT5vgpaeZQ1KpVCqVSqVSqVQqlUqlUqlUKpVKpVKpVHevqjw8qWRonBPhEfBKSoK2Iiq4wFxVKyPX1dnQhJNJzGSYIfkkYqNSLFWA8bDTF+5HrFMOWKwMMfTjMIZArhq58H9hgzEexLTeN23WrHXeYF2+Qd5h5nzrXGO8Dck74EtiTFY8RxwiNQ5NW9i8gdJvitGH2DsAr+AQTJFhSezkYAtsUkMnleGIFFs5+iTtD7QYn5A9DF6aqQSKKJLzlOmzhMRQLAxFrji0YDHGThkXYPSRdtMwpvyMvQiWMqqRM30wkgZ9CqKJzufBbfIHQ9d1fdcNQ5819uvN5vj0+Gy9BkOTtrWNt4VIsCYf5HAuEPJwuDAieW3kTw4gNmcxn83m88UMpm12eHiY30YMEsrHEgtCVgm2Nsio+nLh6rU8NkgJCQ7EsAcMEI0neyoUuIdCZvB3EkseGUZ2rLmgIt5cRKLY6jdfKzFOBINDSyvSDyAmJtjUObNtwM6mT4ChBAPoCcWTQOITecVwT8z5Ar29qA04gkR8sTFFHMMAs7cdxz7fX2JFIodYM6FPO2c69+zgoZl+1x9Z8pbZnTJb710jM0+vnnvF5x/zOJUP+R+/8nnf9obj3/rd/vj0SSYjXvK+zSe9dvk5r7tb25UnTUic2J1pKs4l0QhdyPvuHMU7GeZOgi03EzhTDZhHFeh2FybwMQYtCaelUqlUKpVKpVKpVCqVSqVSqVQqlUqlUqmehdqtze/YclyIcVgpR5KlB8dilCQTTLjB04S9UuLtwhCiFMutAyoCa+EJEzfYAoSglVyjHGIYhiFg8R8BlBDB58GhucNU+y4VeJe4gt00zWI2nzUzgjvQ5sQ2xrXWL/JHvmktXDGX/J1jZwYgTsABxdOpLe3A4SdECQBlAugEnAyNXsQlxZTq64VdTqW6TgE13PtCkFxIS0geRSyUzu6+rsonsWQww/YDdmpLmdBE45XMOVhg523xOCFfEzoDgR4BgJFkvbdNYxq/3W6Oz1anq5PVZrNen627zTCOYGdCO3gnZWOmdPJ2cDEBdxkubeeXeeN8Nrty+cp99963XC5heAFoaSgyJoRAaw+9OUyhetgfBSma2/VFBovTOqzALwlXHznp4OiOhcFI07AXliNVw1mP/m4qkagJ0zwlukfoZBhdwjY+5OeTxOskCXECWAm4m9jRuM7FLfiaxMGCNUR0LkYbKa3Kis9IQUTsTv+nkj8BU+WWTrw6gZAipGbow9CN+QYLo4XQHgyygigrU5ZWOZwGHmOl8CNHy26yOcHlkhrggyyDKQT5FNbH7g7ixLe85+EFL/p9zdf92eeY9xax6dT0+JJbgjC3ElvFv60pBFZM9eOJ4BIiy8jixHCOWvnh9LPy7IMtewtDpVKpVCqVSqVSqVQqlUqlUqlUKpVKpVK9h8ja/a+cX1RfN0KcMGviLKeT4CfAeZiprAinC1KMp2+2kytHqsuZ4mWCfhGOzp5ctFymRy4gDXGMuRw+5Mo4JNxALTzX7Z1lZw6uhheKAk5EUETTAnEym7WtQycL3wAB4Q0E6yy8R+IkdyJ4Nv6AUn4+rXe+sQSzIL5RIm6wst6ULB3kTqjS7u1kDXEhX5OkAJ+SZMkgLUEBE5VLAPWFU14K90AJLzIfNCl1/MRUvpemTfMpk8TTRD2tp7XQRqXx5XdAyEPcUxAQcXmjAcOZod+erbphuHV6tN6st13XD0PXdyGMuZw8my2axsNxgJjA4EFQEabjYHJL8hLekmfnYHlw+fKV5WK5XMA/SM+BiwKDZCXJSOJ4sD3QeYcgDHfM2x2wyV24epmUMpSSE2MwvH5CJPcUwnEItiheJlOtnM7B2Tx2GtsCD5mC6zRiXDPtlmjwkTghh4cdaxV8m1s02DSYNCQ75t8mbkzqrQ02QtEePHdMZMjF1ue3xabmgmI94zkFpiGCCEcT+j6COQ38pDBaHBT6DO/YiUEzZX0xEcYrzJLVDoY7cbYOwUpmJ2KqIk34PNXGHZOM2xFqqqdNO1PAxEn9ZGBSxE43Cd0INRYHMBMuS0ylSmPETC4C4BwlsplUYyoVNpj43IY36IJQqVQqlUqlUqlUKpVKpVKpVCqVSqVSqZ7lquARNrcoH+1951zgBVuOKqYYVUkb33KlHR0ywihVcT5bNBNCQbX4uvKc0EVhhJI4uJqMYxgDCGqfzha3EK5/iwGLITMNYhGMnbXtcjZvm8ZZD4iMA9zEo4sJeJw0sxlm4fgE2TpQBs01U7Q5cdJQZ5NjWIR4GOfYloX4CedhQzw/Svt1c6ZjzhdP7wAL0PClapzNhH9MwSapVPCJLUhVA2yp6ZdZQVqFbVvIO6TMoi0mLNR/C6YbMfB5EZeALSFuu+16uzk7Wx2tTjf5xWYDUTsQpdM0edDtLB/sYdjhfMDlJI7OaVwDm5xpGz+fzbNmbf4zO1geXjo8aNuWS9G5Wo0Ug5nKzexxAqNuaksZQXl2x7TYoCCB4xDfgco3GC5wFZ3CZSiwKO7b0tBbmFwYOCe+OxfUvid4xNSWJ01pt+FJtJUziRWECfbAVqB7jEPQxFqATnzqbBzi2CUzGheItJKbxUx8VeFdkr1NbX6CPogXwY7Tgs43VBz6sd+OfR8DGtgg5cPoALIGVXpQTSqlnTVPi4lxHFowrt4/yfNCVqqrhowPqUwyjOqZF4NK9EaWRFlttRGWtYIxpVSBSpaJrYBxOoFjo+h+wJVYrH/kgvX/BPis9FulUqlUKpVKpVKpVCqVSqVSqVQqlUqlUr0naCIfdmxOqj2ogAxgxs5RhiqUVW3QckFRjDqSFOZLATFNFUt0lzBsVhJpLzxsCJDLMI7jMAYwp7CYQ2Il80Wq2s4IhYFuKwSfzJpm0c5mbQMwRDLeWY8hOW3j8/a5bxqsZzrwa8ECOZ7TWYcWGoCbIL8SrfhEOAjTYX6CdnMlLaSUWZElYMxgl0KxyVQ2AcbueEBcXFWlVJTaY4IBF2OmUAtjKmsJ3m2PwOCZIwSIfFAcX9ViIEU/EHAAABAASURBVBIjFdbGHbMTxG28ixxGY7q+3263J2crIE7W6812A0k6gBNhkg4OCbE4ZMOCP5BS5ADtCC7ZmfdAmczmy+ViPlscLEF5VGHkHTio2MLPkM0Mh/vYmAqek9ggRbpCA+QY5XCTe0uKDJNY4GbGMMQY81qSBUr/GCYpfir1xCAGEaUUHs00To5HqJBO1aTR76ZkPkXBOMp82QnsgcGNNkFB3pnRmjFZcDpxtrexB/TE9PnTGJK3tN6LX41Ma8n/sTsNsVVjJkgsIuGC6TcQhpLHoxuGbui7fJuR2xAzThSmlApQY43dObOVdYa3gCt2F7RKk3U1BsWpKeAz4wS7mXCT87r9J6qnSTC54q2UJtwkCuWUpttE/iQTiiEKPffJmciQqRA6VBnEnSwhLOzvZAtHRVcuDTATVadSqVQqlUqlUqlUKpVKpVKpVCqVSqVSqd4DVBWoWVP1vWZQ5NvoU6F5OtqIp4NJU+k6JFFdGHfJUdEejSQQEkgc/BH5GPBe6MdhHMcYwUjDuIYvkiI5WJSLCyVAJW3beLcAB43Wk8dJMg3iCJC2A2YcTUuIA1qbUI6LjcljEIyz7MoANieGAlks5poYgik819GFlqmGT/q442riuAgbza52zFEShpS4hC8sdQkRllhwlkIFFXZBLE8sT8u5aj0d6YimcJ4CfZKZqryE8KRSS6ZDHPmagNNM/nTbdRu0Nlmv12frs9V2nScFLEOQAfJNm3du8tj5BsNz8ogjnYMN8OB4AfME09HOD5bLw8PDg+XBYjaD0fa+9X63xXh9WXuWGpxSbargClQTpckR7Gvy+Rx5kxgzAqU0gjNOgEp3LnWDV0gkZCc5VyNAhsENuzNs+AFBK6XqHTlYx7rdJse9Ic9qTOXTsm+Dg63IjaGkqGDTaMHpZMwvXBps6vPvFHsbRhMDtreypilcSyrzn8y+2cv5Sn3iQj9jMjGNYRzytI79EIbRppJ2EnGxBuYMduCpydyCFhXNEYkQM+KBqqeGnZbstFhLg2yFbfEx6mvxLFEqdFReLJFzcwpZaK08fqxkhO0cKq4nYCkU8A5Jhn/T/yCM4GLJnFsCRqgmOZ0uCZVKpVKpVCqVSqVSqVQqlUqlUqlUKpXqWaoKaMC3Vb5BVV+eStuOAlmqGncqv1hcA5+4E4pQoHNU0El9UJJadN4Z6uzwvfgYUwjRBPyKPLqRCGtg95AOS1EM1nAFO+87b2f5p7GesnLydg8/rnW2ca5hQ5LoBLawEgJCNXPLcAnnopBpB6VNuNpNAsmBMpSlX5TuI8YZk3tEOUpybfbKrYVwSOdGaLqmK2V6W+qzAGlEsY8oJ9glHcQBpcqw4Lf4O6L1BQEdubd51PthHOJ4lrVd3zo5Xq1W26FLUVAHh7YijqfNAnTiWwcESQoRQQkAQPKYL9v5cr44PDhYLg+Wi8V8NvNN48uSK/PIfUFyCCd1Mmxh1xCqdJOfBr8zsq6ohB3CQAYNwzCwvQK8JacWtgnZJUBopEr2kL2Nt0IqFja7O4gHRJV2Q78bMZApF9sDVbgIP5q84s2YYu8AOgnOQLYO2JyE/Dai4U4qnSewY7e+nwREseY2xfmUym++IWMeqH7oun7b5VFC9AXvqijoFEJSk2lMocwYF0BzIGcLtzSRL1asYtgJw+6SJXa3UcnuPYO4kUb1zAt4kZgoECexw5I8vBg3kef73nHFGcUAGIZ5Tkh+JbcDdiWjNIlKpVKpVCqVSqVSqVQqlUqlUqlUKpVK9V4hdJLYJxR23tYWBRKqUI4th6c0ZeYkQ0keFUPxWIopkj3FmCAJBb8lT3yD4+/VS/RORVXkizgkSzBbBV803s2btnVAnHiIxfHe2pahEzAzccxdiL+FJeSh5g4sxPFYSDZxYN1hpce18UOq+svf7JeIFhP5L39Nv6rMJjOdx+5PRJTybjXI1VxUDhL8nl65yhag2rHeYJnHKWgMwgw8DmSAEWE0AfcJQ1xvN0cnJ2fbzepstem7buigZsxkRZrn0W2aEnDUeN8gcdI4j5MW8mkPF8uDg8PFfH6wWC6Xi7ZpWt/MZjPrmL6A6JyIETjUQuE5GFkwTFuIy0ma2BBoKQJAAirl9wEFyyYEE9llp4wSh75MaMg5cwVBHmy1rcxARU0VxGOaNJlQI20DNWhZkyavE7BgsWnCfaC7uaUh2TGlwZoh0U8Ej5P8y9v8k2eW+kG5TozMPEEoI+Edmad4HPsB5rQn4iRNt5dLlScPO5EIRCLj4hwNKaRWMS5CqJCMG1gB0eC5/eeIc7vDa4p3RhL8KSly8uxQQuiEYStjKIeL1p/B+SozhTuGvYnDdUSROol/043HK2WHVhGSa7oza/5RpVKpVCqVSqVSqVQqlUqlUqlUKpVKpVI9y3U+luUO+1bwyfRF95QCbcQ6ojM1GsKFxqnCyMVFMTUg54Zc+o4JiZNxGOKA9hT5Iwy0Qf8MNuq4TfsBDQE2xTWY7cJRKxE4Awp98cBG5NdYRAUTh6rLaCeRq+/eOKqxO661GwcYBb1hiAFqr5OfRV14LcSJ8A5IB7gyKrcdz2pkqrPtZbhw6X/3bGISUa64M48MtnBBF41gbJQSMp8V3EHADAR+8kebbrs6W52t16v16mR12o0DWJ6EMQ9O07a+bWlUfTvzjSfwAD0yUmthqFrEetqDdj6f33P5ypXLV+azWYOkAbMLztEw0eLJF3UADcFG52ijs2yow/JY6gaGSXgO3B/tTEYGTQICFVj7jjJ6ttASzrnpXZk5GrV9+gQSbwxTKPscSeXyw1XyiWuZ1iZXz5sE8VFp2sZONDAT0diQcqPNYG2PviaDS7038AJ+AtxMHN/kyoUYhyKfl7pgL1N9znFC/lAKERpOxHyDDcPQ55ntYxiJN6JYK/ZK4U6lMl7iQcJriS2FOFiHZ5axM3GyEN8TS+CKqdarUDz8Vq5sihGL2UG0VE+H6vEWqCQmAksMuwwlRq4IPUvEhCX2qpHTJLqp8VggTgLflHi/kkuP3f1/AxFdhvCjHVct2i3KnmFaVngto0iKSqVSqVQqlUqlUqlUKpVKpVKpVCqVSvUsFJURuR7PDg8JrRCqIh8zF7FYUYhZRWIziSj1wbKdi/URyZGq4iguIFDsH4dcEA/jGEdkB+gkzK9wkyhDhdwRSngH0SmIihBxQgE6Hq5mGjAsQcsIcI1A+iElMbRA54n8D9xMEqTwePAM8RgHgi4TwH0UVoHDgdJODX1iTWQTDSIcVHovhhyl3m5prPK4VWTJ1M1qOnhfNpKhinAqvhJJRoDPyHtY4TT4cgEGHXZyWDgm5gNMNEwaY+rDsO27TdcNw3C8OjldrdbbDeTU5JN579pmYRd5RChfw1nwjaF/Yi0DZ5s1LbnLLBfLw+XBPZcvz2eztmksIx/CISUkVfLYIB3iprCg4olDvhs4FDjW2F7O3okUnQOwBLyMAagTrHNz7IcjwGUCbpyVXBpXzXuytGx4kZnio1LsPGT0GZOwDEbRfAkoJBgJ3CCuKqNbhE5wtUVZrELS5D7ZkExv7RBj8GZr42DC4O3YmMEl6BnFEtnpZBMhxQuitgypCK79MjwZ2CTKN8mfjUM/9n3fdSPkJEW8g2ldJqJsIgWhSCCWYGWSpyOOR9a4KSsKjU/wA8d/CTyTibXMi+EdwcBRlaKT9hEq5U6eCVWPIRNoTSe2cooVuEaPD4KECrQV5SmYjBxnIBot4L5grWNKglKisCsBu8DsiO+l+iHL3BP/nyIJ2FQeevw/AqNSqVQqlUqlUqlUKpVKpVKpVCqVSqVSqZ5p1YYfUt2uoIpSkicegrchcIJWHA6jFYxkY0hRMP8dxedAfAysoxCYYm0Q8HIBIhjgu/FDGMeUQv6PvlOP1XkLoSIuiU8GF8XFY8RRCT9X6D3QEY0H3KS1EPUCsENKHjCU1CDHAGd1EtQCxVCwy2AHDNgBaBWKcgESYnKwsJKqMwWCsLnEVHffeQuBKdYJmzJVSAldsGwkQOYXkWKB6vPYfdcZWxlGEHEDFfwk82IMm69YNlXhAn+ZCySBIox/blo0YEUCo5q6cTjbrs+6zWboT85WR6cnm25LJeQANgdA66BljLeUpoIsDgQPWaJI0Jokpca65WJ55fDylcPDeQugSdu0syZPh7fsg0LdhYFN0iaLIBMiSMXhILKdBjsfYAqSIzgEi9fggTOMYYBDsAtIrtA6nIxh0Npkd0gFD5Fwm0L6pCntxUQz3QLGTAsAB9PuRH3EZIzZMYcYI83JdIs0ZXnEiVcy0ZngzJDvj5h/286lzsG9MtpcmbcBrlS7vBS85S7EbaoOTmj/YijfBExOBozUGYYuhSjl/P28Hlu6MS1HHjW5DatBq0xQyhbxlHE7TeOT8xwUssSKWVB9Fz1FPMF//IX1m97Wmfd8Xb0ZzJOvigWcvGf2zYAIPhFaCO1z8P8BPHH5iYZP8Mi0UwJDn5h2QcPpZOX/L4+VpFM9f+uWqFQqlUqlUqlUKpVKpVKpVCqVSqVSqVSq91SxuQZjAtGkKcuDPq8L51acPuB3iUvAuBHIYhgifCseDE7IZgH8Kjx6W0CFOka7x2HQB2BMYsjfxHnnG9+03nuy4MDjnWFOAm1LYEfvKEgHtgBFENCzAWwbuLIOoTyW9uGquWN+Idad29NUIp+q52Q+IaVhwVEEIuDd7qayfq6yipzGhL8wiGKEDbBM/1AXbDSUUwScRX7t0QcmxHhydnpytrp1cnx0erwZ+34YurE33ucxxKZxIg2yP8Zz1hBcGoKK4CfvmQe8mc9mh4vl5UuXLi0PF/M5+cQgBRIdN5WGItaxKju9E8bDErJAHBM6mlA6R75mRIU4BIQlIJRnZ1UkZ2219BhS4o9q35NzQ27FjIcbsVdiz5/uECcVj7IPdwRyCWLqBFEncWagaCbELQLgWKlPpnMYqdOY3sAyCY6Mb4y4QPCIlBl9rAq73cVTBBqABQBIVxgB6hqHHtCuEKclWCE/cWovX5zpEcFNyiLjeSt4ycSXFOTETa23VhYlmxpR+BGBbBXn8JSAJrV+9Bc2RnWxJqpDIo8IOSk+PTuzgwiZoecbR+pIYg7kdUVKvIoY0cOPTitXqc/Br+x0Myc1MFGpVCqVSqVSqVQqlUqlUqlUKpVKpVKp3qtVORFwURLcJuqImZIhgmEaUvnnIB6pduOO3oYQchW8zwXxfBbK3iATDc4UsSm5QqxQIIvlazBU4QGOgKAXiNRxvkFnjgZycmxj4QcwCAcIhcN4EyIbcr0U2ApHoSGASIC7CWAqSJmQn4fkoVQFeu6C3amLSrBEbXNBJI68LYESXJm15+1Mbj/g8mIq9ltTgkk4ZEIKtoR5YAiOxVyMgINviKMZY9wOfbfqT1ant46Pt/12M/abbjuCAQrYxTjKjuFR5UQYn0eXLpZSHtuZB77nYLE8PDg4WCwOl4f5RQvOMmyAAQPu/RSZUdrGhiVkrLvAAAAQAElEQVRiajLl0RSzFouuIDTXeWnkRQFBS8OII2kLHZLcjhkJB+ucH1G7N4T7xMme+cLk7sGtZbIC1sl+uZzhi1SQDFelgtDLxrKvD8JZDhir3IPRpd7azpnBms6awdngHKSP2DTZheyzMHehGkuhcBys+eO0oUNMnua+G0cYUOqUMZXJTBUTdR7Lqce5vKhBAf6YE3+sACu0mGhIXdU2K6ephkz1jKrQWCUoh37VYBftKLshkWfJxCSKyw5ZngDiFNEAxYoL1h6SKOvB1hSeeVrAI5VKpVKpVCqVSqVSqVQqlUqlUqlUKpVK9UxJStLCl+TiorOUs4OfxYo6mYrRaXL2MAU74HidZLYcmDJC2dKLA0m5HvoiVDYiyUpJGxNw2OMErU1sYx05nQB3kqwnlASzYGhnC5V/rIOzHwkaeuAP8gGGauYY/2PZ5gPK8SGZHUaE+zENi4nnIkEs50VMCMIu4pDEq+UuZC/eVs7OtWE7eWMkcpGxmBXkYUuuAQ9Df3q2Ojo6Ot2crbttB6BPyMMebRoxm8Zj/3OrwAwFABRkchC+8cjj5I2zdraYzS8fHBwuD7Ly21nTNk0TQoAYDcRNPKQgJUngSJyLlMiZxNLk43BGgRgYd0CzjRjCaAIgJzGNCQ1OJH1lGnLrXSGBrKFL+DqehXGGfbanOM3YvbkwVaSMBMZM5jE7I09YT5lZK/MBay2mahk0BGbwvWKhu10KgzG9Nb2zvU2DM8FzDpV4sZiKWnrcBXhLl0dvCQzUCTCmeUS7HqCToTdiWoKWQjgbMk+p4k4spykJL0J3QqFMbGGfHEE3efFUTSg4CiUe7aE+YqZx4bpWPUMi45mUCvMV6S/ljYnZTuIgJlqhkYxMJnDMxHzH4p2b8BHEE0/2PXtAyXTrlI+muLInsPRVKpVKpVKpVCqVSqVSqVQqlUqlUqlUKtV7iEqGAryBIjtW2nFbJEMKt19PLsQJZb5QFkMuZ3Zj6PpuCCPswAYn7I0RxTwEom8SFybpFASdeDQkaShPx4EbR9s0LRAnAD1AIgzkmziPuIlH5w9LUTvoW+Gxro4HsqOJZVZGwndMOpe1wiXXVIr7tLUqmErJnrKHUrEFKOiDdTyE7H1iH2/lPRVPi6lEiwhBtFMWClR8Xcpdz40dw7jebM42Z2frzfHJ8Wq9ChhaM5JlCw57gy4vjcOhNvgGIA7XoH9MnozlfHnp4GA5X+Sf+Wx2Kf+dzZrGM0eSYh7o3AJEj8A0BUwvpGvUqMgBHQkdWJLY4fAAUpoOuCMAITGGOKB9jikVbuukd3zayQekTu2xxlZeIezPIrsR6AMLiKmSGh+p3FCSGJwYMaTZtXvg1ZoYTCnMiqGOFcii4ZnIww2+JjDinYm9BY+T3hggTqwLdro3SqOLMw7b45jHsT6kgh+hMTCqMQzdOHRhgDF1mJtk8M5l05nJo6K4FaViZAL3SqK7Ae1eeDSYLBGflMLWTOiMLO0JIqNzkxtKSlMy1IV3gH3cN4bqyREH5ZBDiUzSdBsVYxqhyugQnMmAjBjQZ2kyOIm0M/8/Y5pWJk7oiWN3o3aMOp6oVCqVSqVSqVQqlUqlUqlUKpVKpVKpVO9FklCbqZgvbEaBT8hVwxSviETBNPjledjiqATOGAdU4fNPjF3fb8chpugaj54apXovvMEuvWLlx2OejnecoQN+J9a1BuEJiX3wCCo4zHFgHgOieiAqhvbJL+AkRJxI9wC3KGVzM2ETpsJKytf7qSJ74RfzCx1RBZYkNiNh3W1VdS9+BNGJQuTwZxEG1RZUIncJEnOGoY9hdba6cevmraNbfd8H2t250YLxiPMuhJBHfDabtXlgEjUbTCtsjDySxs5ns3sOLt1/772Xlgf5deubBrAURxk4qcIVLI4e9j9J2I4R1kRe8OdsxgFYREgB4jjAIwHPlf+OFN/B4INgTAAtpUQWHImXBNuZ8PnLAqotGWScEpqRYOMm4mSXO3FkQCNsRQWw2OnEOIYW6Rny8xDUg/rPBjG2yWcC5weXBpP6FAcTe2fxtRkhVcfyXcHndALJ0GqMhvmqu87Z4bgruMUSMDsxDMM49JCqAx4nKd8wCYcZYRIHuyFhIPNHnFDkBU/oTXJGXEyw7+RcQodzGJOZZhrvYLwfZcMOcTLtBjRCkNPuyJanhuppFBnZxAiBZ7RCzB76wywIY4PkiTJZ5ER8pOcb2ISEUVHM1sXAN05Mcj5rTHVr4fn2Lqfzr1KpVCqVSqVSqVQqlUqlUqlUKpVKpVK912gy8ChFQqwouooygTJxtAJVkPuJGDYwwUFVZqhT5h1zVbIbhn7oN8MA+3pxsZDidUyp+uq7FOUx4YGAEvHh4GydXBefWd/m1xim421y4HSCO4hjg8dmEnEiYACYeDi0NXHsyiDMBtf6qXdkzRCTKdV5O2UMUbk2cSVVthCiMFlocLEViAcjWIvB1+dsYc5PwWQikZhHYCYgRgZzgMRoZo1vmyGXjGMa4nC6Or15fPP6zZtgbZJrwUiTON8kGr7EfEjTtOQQQxxPPpZHwPlZ2145vHRpeXDfPffk37OmzdPs2IkmMTNgpXfcxsDkhQziTicskUpobIK0Q8xl6hH9TSKWqg3FetCwUL4NLYtYsooEEIocgMQXSZJLIwFDCNWUIjb/y3MqPFEi35pCnGCnnKfImenEXCQXXsYyv4TnR7KEIZokDjx2cgRpeptL7mmwBkATZ7q89A2+BY8Txq8Me+qY21JIYvLzWKIwFPSWSDzIY9/33XbsO0uUTSKuJE0/af8URhYr3fO2YD0cX8R9wzO5ymSmzLWT24AnZBpIcbswpn49maSonlHh0gGfkkiZWLxZkpVk5ggJSozhcWxUNLuGT9VijnIIXiMmu2NrIudXzESlUqlUKpVKpVKpVCqVSqVSqVQqlUqleu9VXU0UlVyS/CLKR1L+R0XxcMjC2IU04pfd8+txHLtcDR97qEA6CU3BV+c9DlJV1baSg+Odaz0m6RhIz2ksRMOQbYk3yWNoDBEneFImDXAHgS0s/EC6jiPjjGLkkKpecFCJkfI8MScVfYL8BmMo+dJ7qSBxZ4PF3c/ZltzN+FsrvAWxLY6oljywwGpAF3ybd+rCsF5vjs9OV+vVCn+fbTYhxjxOMFqYeDPl3iAw0Hg3b1pHTh1oNNI27XK5vHJwePnw0pVLlw4Wi1k+OB+ePx8LalQ3PNYRNtjEaCkqiWrVtorpsGSPkjVgFAcAElHK3MULwVH7bBWpI3hDIjsTjNuhlYj2J25ySRA2ha63M5QMUOxciyce82Mo6YOvZcWYRjxUHEMYiMDwyioDyZYnNEF0bzRbF0eTRmt6l3obR5uCsyNGDeUGR2dLvpA0fWro9Jv/xNssjnJkpKFH9CTfZEMY+6HbhqEDPoiCcgh0oXVdVjjgP3W2TgkWQrugfH8ly5FZ1tLUFF8Knh4ZwppKKQ2vDH/wRWQigYgFuzNhZRlZo3qaBeQgO9/AW8o0s9MkMoNk2OMEE9LosZHYrgiWUZj8hXZe7KtwLeQ4pPOtUqlUKpVKpVKpVCqVSqVSqVQqlUqlUr2XKF1kfjDVo0lCFBTXCNm+UzZH1gTOhvYLQwxDCCGFcRz7AL9DjJTkYjhApaJbUqq+K594H+QlXALHhQadORrrm3wK751zeUtDeTrowuLRmAHfEsSQXycw80DywiEgAryJpVQfZgvA6yIfUQr5FW0TpVCOhAVXS0tPLxpJxBRcGZmyZ6wGyVXJJLdTtI4BHsIr8u84jslNhhRxDEM3brabTbc+OT09Or656bZoCONsk4eowQuBJwd12MHQUTaMbX3TwpglGNgGTE/uu+eeey5fyb8W7QzOkeBSJoTIpgbwX2QEYpolMncRRIQQkOSEEjGUPmNiGCGCY8z/YYqHgcCjKYqoOB5MJiOWpnBnhHG9MPyQwDOE4I1Ig0mOHmkHHioriVxYCFupwBQxokGEyZgprYdPSVNOEUFsusLESWlpQTGmQWk2OGC9C4NLAxAnKToLsTdCWSWyfrmw5F5WRrpzvE5ZrLkrgQ1OhmHstkPXhXFATxK8u2K5UCgrG3ffAcqYToFOYuQVHO0l6coX1MRUxIkYBRlaZzuNZ3qBz43rNdCl0SmnDL7ZcddQPe0C9AtlxLyHma7qJi/uNPI/hSBrKOCDMQbwKcI1LYsWcbAJWXQX2NrcDXinUqlUKpVKpVKpVCqVSqVSqVQqlUqlUqme7Zrqzrs1cCkvpmJDwl9/J5cCgwYQUIkMUj6nQj4WtrEIH1Psx7Ebh2jTMA79MESsQzvvkDkgEMKm0gTEADCvR8REgiVkAvgSYEeAGfGeTDyAKcEfAE08VccxAQRSdRx6gXAF3boprgWuY8ngorAgFlNXsJJqxcjFYCU1CQ5TF8eTuQAZECuRZAqGMOkxKZPzU2O43gumEwAt5G6gqQA4DWz7/mx9tjpbrU5P192m6zfjOFqMHbLeNhyK4ujCFnEADNhx5DPRGjP3fjabHc4PDg8OF/P5Iv+bzeZt64UBoa5LpFBMIUEiEgfOcH8LcYLTiQOGCyaJkYkBf5MRzE0QPAGDFlt4H+6olaEVjxEjfAONQ8l+KfvU41oxT9ZcDHIAYSHnyy2yQQw6xDTFRuaU5HCmLcppZaOttshAuOkQVNOZkG+L0ZrBptGliLlP7BBkp1MXgx8ZcC7QV5e9q8K8BBSNAxAnWyBOKC3JOUwtkuq/QGRCk9EPAzsTU0JRVlbcW9DspCZOpHU1omClY2wVg74mF7QzCbqVkrpcPCsUEASbYBEBr3bvMiHvYmS/JzRHwTs8lkCyneVqidCaTKwk1EqnXaVSqVQqlUqlUqlUKpVKpVKpVCqVSqV6bxTHIeznXRizH69Tl8LtdGi9wRBxMkCYTteNQ3KmHwZEIkBSwCZzieo8XKreqew7dKhAqxJM1XGutb7FF8CgwHkAWQAYBV0WwJ4B/DygaO5hkyPzDaJVOC4k/417Xh2UT8JwxRRAYi6Ik7Gm0AvcyHgx7TDV9HcHx9xd4dWWUwBZQ1E1znZ9v+m2eTzPus1mvV6drbbbzRiGXAz2s7ZtoesJK725i9BnykbBWjLiKMbgwCxn83uv3HvPlSuHy8PFfJGHxyPO4/Pc5SNzcTn/gYGKZseQotSmAS5whThwkE8EnijA7MAZ0NAEfqg2HROVp8tAcXE7FTsbAU2m/tudlWgrDmWK/6BxluPs/vjRx8ahtYzlsCJTzErKPMJHjtoTjanydxAgmq6UpkPugIM0Gw8BUsEhcYJMFKIxzGMIslOhNLa6qwpAk3a6cYGYIIHgqtzuoeuHfjv0XQLKxeNHcVqoF2WdlHGUe8CXaCNpMYyKK8Y99rwnSUXmVIwYrtcLr3m3CqHzfm5UT6XyINONOjGHPPvT/wnyAiNepPyfwBLBFNHPCqg9WtD7xjxE8ZU1I3evPNynhCWVSqVSqVQqlUqlUqlUfufV2gAAEABJREFUKpVKpVKpVCqVSvUeL6peW/EgMPusCad4OBttCdBgUKM6AwEBeacY+mHohn4IYz7pMI75J1coWyvpJpiAY0u4CX0HPparc+AGISPeAETSYkTOzPqZb8DOw9kGsnmgrgksBdinGG+mM3uHv+kUYF5CFg4IqRAxURXJ8y5jgO/w22IGcduhqj05KjqmyilBZxJTu0ikacSMKeX5C89ronyIgRdYt4/IQgwpbNZnRyfHt45vrbYbogNyx9v5rLUzGC3vogkxRoJ1kC5pLNl8kGEKusU419x76fJLXvySWdM0mKzjpWEYmAHwDQxm41MQ4gSHZgpTIQMMDluKlj0MAFWJmLgBgUoQqRSoqBwpfIPTd4jkoC2u9jUxE/wgA2JlJLAVE5tii5kMwBGTU8oEMFUji9gOR80UU45SCKfGOG/sLlBlKbkH2IvItg3YFkzpSXckiJrtAgfTMPRhJp6LFxlvkw6m2mXI1kvJTtSSpWo/dtYQxQOF/zCOKYzD0I/9Nt9nMnDFqSaiKUWx8UmTBwmRNw7vCLYCksgj9MnBj3ZZBCvtYIAGp4FxpMmzBRvp0baISS5ni82JJF+V+99ejNWEca3QyVOtsT820doLnGyIN5EwrUjLGWyLgEUzMtvoZkQMFoIogdkV9D/i0+zeiojE0YOe1kZ8zEZe+LhUWkWlUqlUKpVKpVKpVCqVSqVSqVQqlUqlevYIy4WUqrFXqzfOMYBiGQzAwBRL1XKoQbJzhSvFcyAE+iF0w7jtx5BLih6TS5oW3B4wUwd5iFRSHKgIj0ENk+2CuGsA1tDkEngyDSbCtLmYDRiKaZNFN4eIbAlgLmhpgnYdHEcD3ElD8ToTIYG18mg9hz9wCkyWm6ry4jhhpfRquFEJ/CsMllmZuii5JMjNGK7Fc2aPfKsfoQdL7ioowFIkfYLOnsckphF+w0UiUTh5pBLGBA399ubJ8cl6dbI66vo+/4Rc3nWgFiASxxVihDM8DADUcmFOwpAPb5yfNbN5O5u1s8PF8t4r914+vHSwWLSu8WAkQ+YuFgrLkfJ0YEGMcIZIDBCZXsBJyauAsY9cr06O7QpSHMM4QoAO5m7YEIIBRAnG2HIkUyRcAS1u4Hi34+bBLjLCMEyZHcZJCk7BheAMDaXbCMCBmEjNQAmg4hxmJdlopvVN/jjA0dDk4mhZ8jFJyFK5hDSNDIFcI3q4JdJeGTzWfTCmCZago1RWs536WVZUbRIy/a6L6cVr55z5ENX4ESgJYchLooN0JRj4KrUoUdskH6le3MZMpjFJ3E0ST62zxezEmoKJXWjlY0zl1sJ/7HkeYO/SydzJwIUUw5kx9xnVU6kwrvbwDTEgkRuzxGuVBUQhO+R0kgpxEtNOMBoffYf3VrkRlUqlUqlUKpVKpVKpVCqVSqVSqVQqleq9S1N4ggQsnK9Q4yvczDAGVKIj7kkVx1x6HEPqhqEf+hFsTgAooVq2o6QbcbuYaAM+HdkqsN8EtiARCJB/N87OrG+s8x59ThBfcRR0gwBH3sE7wFDyRo8hO+Tc4DFYxpodGwuqrk81T6RdODGCbBoKayLpL/Ug1FYct7FpcFOwiJ2IhXqwI7mHmGJvYjCPheIquL6fB3DTdWeb9ers9Pj05HRzFuLIjAVYUwC9QcwMxsdIY/BK8CnWjvOmRYtJOvfcc/ng0nw+B6sYHD3obiAwAdoTJTbDUCmZEJvC0jAE4sVJI9EJuPwciDgZYQuTIKn0zlKsUb2IDPpoFFqn9jWZPDPQGmSKNMJz4rQnxnrknGKqUE1pWaLG7DIi0ogkA8/4B7uKkNEON5JNSXZoEBzdC5Jjyvu8XMXYhLani51tzAUsyQU7JVN6aNgeBDuHoFYe9hjHcejGYQCLG7uD3lg7NXMP+zBl+ZZ7cuKJnFzRVteV1u6gI+fba6XV4piEJNSFu95ZIayM6ilWGNacOWX3eUNBT6I8FTkmi572SX4jgBLTHYOUrFhaWXNbY5vHrSfpNCqVSqVSqVQqlUqlUqlUKpVKpVKpVCqV6gmrfHndmgsKgSUxw+5XxuUFgQmc/wIlRchViaHvhiGXwENAkCIVMxAAQbynlBPjq7NMliDw20vAh8HXrXUz72fOtx4sPWYO/yTiTgzFgsBJ87kRNGks5Dc4Ct9hz4bSickUo84bMVIfjzHW5M00FNWI1dslMuXC8ud00PlNhov4zoi7RMyN9j4mYAgC2lfkgb1x48bx6fHJ6UnfD5EcK6Cz0KcItilkRcPABbuPYIm/dX42m+URy4M1a9r77r3/ec97ftvMIE0nDyBcFYxJEkAiCFhgDdl4ZwooAVMazzcbAjSso1wYqjmPAcxNQswTPsp4upLTAWyEc3tuHQw6OHfBuNSXKmE67KRDnjBmh4SCE6XpNLagKNNpzC4qZMxUBTcCmMgGgVUYYeEP5fy0ctik5iJDD1Yzpe/Yi9aHjPFtOh5NgWCmoxGcQbQrD3EYxxhCGMax7zBaZ2CuyzJntH/35lELiXkUMV5JhPIkXIW8r5U0HyuNd4UWqDZKB5JMLYY5GaERDKM2fEft3Tbm7siDENZG9RRr6E/piZfYjMgQzgWJSM7w/x+QKoTnEsOFkVx2cHoj82omFb+btPu/k50n6ZNFnKhUKpVKpVKpVCqVSqVSqVQqlUqlUqlUqmeBIlUTsQ7tIXBm8prIZe3zNh68q2UPDag+YpgOGlskIE7GceizughMRCrmCBxw49CexKF/hAkcyhADFq+h9k3xN06SfvLOrfeLtpm7ZuZ8g94e3hnCTTz8kHVKwrNCB4CywEs2QDSQfwM7llAH0F4kIQozsSbYhxTY4oPq48nWNg931IWcSpU04fCfMxWkQt2nUBeAJnCgeiAJwLJis12frFbrzdl6u+mHLoQx9w3jiJxlh48IqUPO29rdBOgB8HuZN818Ns8/y/n80uGle65cXiwP22ZmMJbI8Qny5AccfIqZ4Z6YEmUjw2ZTJLJH+mioCSMcHQB/YNYkWnE4iZCq49hOxpJZSSr2ORbjdeC8JpyvR9cuMmRn4mQO6fBo2ZuEGkMOHdUpbE0Ipd1T712LXjFogzhGFE8Uy4ORajaE1nMSLw+7E9hTAToQBSXnv5P/w20kQAevWfzHy5c8TCJgPiGO49jn5dEFiDQKRFjt++nQGPC87GAolskgZyqshO7Rwp3gpxVuUsbOup3uIbNC/iuJ7zFDA3jeXsXcNXnQbx429xrVU6p++4gpiJItqBI/HJk3YbOTSIhhJOIkYY4Ws2nijGKqZwfd7UqZqFQqlUqlUqlUKpVKpVKpVCqVSqVSqVT/BYhpk1Iop0pxkjr65NpgE5tXQFExUEkSq5JDwoyPoR/A4iRgrA0Vq8XmhPiQvRJkmuABStKxkozjnW28nzftomlba1uETixE5zgPe9oGPT+cwxwZZBwwWMcSfULEiZOcFCl8J/JfQBsGwk9KYTwWP4w71EmlAI8H71ieVEkmMj418lCq8Ly7xQY4g9kUIdo8mGF1drruunW32Wy3m27TDd0I5gKRuQBGAThAxdspccbgoDXOLReLg8VyOV9kXVoc5LfLBaAn+XjgFMYEJwxIShAFgqeypkqcQbMUeo22GImBFO5ARO4hYa4LuJskYoZM6SpVm4k4Sex1InYsE1XCi2IHMTH1aizWNAA/yae4ORVLBZ6PJMiEuRPccMGUVhyGvE/1roRmcDl+5ywlc8nWna8u0pTFYaUlKT1e/qRK8+GFyklGSJwMYz8ECLHqQxi9Lw2mUUtVvI8lLyMmQtjTgmgSx2Y7SDQhZFIhJnjbmon34W2Gl3s9dCVxq2AHt+3shVN+obqzd+SuOueN6qlRjOP65C1yk8rzIKaK0UsCLiFcwuiJSeJuYhAKS9VNtGcodOcGWGse922hUqlUKpVKpVKpVCqVSqVSqVQqlUqlUqmeNaJSOMeyCA5AlUSqbBtK33CFEYD30SKQgt94D1jPzgXIIY79CD9jDJD/gh4jZHYypagYw+klnMyCQR8JnRWQUqGiZ2OdB5QEnDwWnjxOUmvRxIPL5ASauNbDqZ3DxBkucCbaxwvpkShspK5vCi4iHEqKiR0rzhMn+2+xSE8fpN1PU3XaKGYPwklQWZ4cVsCzBNEYGrdhDGEIYx7AazdvnG3X3dDlt2MKcCZJOmE8Bg5Os6ZpIOAm5Ha7xEhA3rFtmkvLg+c+5zmXDi8tZvOD+byByCELARghUPpJJLeMyEACJfOA0UsBbjhQJk1mBdS7GBLFuoRAUAMma8D8e8qhSRT3g+ch6wwewDzBviweHkYKy6EaN9MbHKmEUEkBF9jmhKCkGsIwxZsFYkAaY2oUxdxNJVuOj8Il5TP6tLs2ZE3sHFKgiiQWJOcv1pwnKs5vSbI6q2bv+5Qw8IK3JEfX5FEfhmHb9d126Ps8YQ3cF3GCxoQ7MTgliDXh2WKsgR/IqGJeJ7/xiGpR+A5CXPSWm2HwNgWii9chGQzJ2OC1Eq4iK+4qHOVT96g8CAr7svNoOKeU+m7zwPLwpUb11GizeqdJoykBaLgxz3x+MsHjPwVcPDC1lp8bkRyhIj4FIsJzabpZrMBVsAVjwHYuB+ZKypioVCqVSqVSqVQqlUqlUqlUKpVKpVKpVO9lwlp+rh7mijJUGIkliISEoFlFyhVpj9VmyEzJtWdKVckf55LkaFLIyi9iGCFuIVLN2lSsCXhpWHYrmCrglEwSgaJAbxKIW2mca5hXAaeTZdvMvGtztTtRqEmE9Bz8OLe2samxhnATCNXB9qLBCfaJGA+I6bHMNGBIhAGYwxhTiBS0CYH6+06VvDbb2P3qvjFiDFNMHwj7INMXBGew5GpM4GpsYNMVeA/GDblvUL01YbPdrrebk9XZydnxtt/0IQ/jCGlFzqKdix3BMyZRBEzx8oBxaBrI6xlhmhbz+eUrl++/977Dw0uHy0ULn2HSEAxviNIjHIzkyEzGUwpKIr8T52QoGLlAyoGSM2wi1AHXRCDQxEwGNRGbSd4ZsIEmPYoFCCFHMPAAIWANmjgXoQ+i4awcWAiMnpjEOAqcrhAwkRAlK9tof54Crpgz84DZQWXWyhRH8fDgCU4EajiCK2AVg3fPhGE5MtLBa8EQSAndpjGvtxHL8e1s1sxmdIkGJsXm82y7bWOePKE1TWI8BadihASr7dB1zPFgABL3f6I8ojHpDvYq+AHda66Y6LDZRWVDk6Y1QXPu5NYh5KS4pzCAYyUdKFVRPnuyd+37slm9XaGTp05nx2+1woJV+Bz9i4yPMFkSp7QdZPT2JjCVhcK/nbHmSVONe6lUKpVKpVKpVCqVSqVSqVQqlUqlUqlUqmeN2LAEEBMTyakC3kQiEtjgxDFBwDkrUmMOMQ4xAm4SKLkFQRXLliMUpuNKHEd9UT5L5MI2IBAOfhxk6HjO1oEztA42AoaCNEmDuTsOQRNvXJN3MYSnIBqAFXI06uCGGrbMYPoBoYOY1yoAABAASURBVAUpkEt+RGnVeb7kAuKkeHLw55bPZBFfoN5ZGqcY6NKWHFdghAGoMWBN0g2bbb9dnZ1gks5623X9OIxptK7BsJtCR5jGS62f+wVnyoOV95u3s8Wl+cFieXCwPDg8vHRwOGtbGL5kyJUgMV5DERnkOzOViovtiK1MPXh3E2gyqe6MKyTgIomU9SMeJTtBK5MbiCUfDLbHSeibQccUciEhWGONq0fYTYk0YrsigS2TjQfn9zDzY62tHGqs9CMZMekoPQzF36ZgEVbIF6SiwNuDVjk2Hm8HnF/y33H0QV6XKSQXUvLzGcBD1m0BcTH9MHSnp6vT0zylXd/vx+uYcy4mZRZwazS3K6mTG1DCBQYTEULf99tt33X5tUcwB71znC1WPhyJEvmKtsyLLWvakl0QUDVwc1HaTr4HC3FTWlhmp3rPs2KnJrMdjdxZFHm0019eDWUQ7F0RBNuzt6f0h+3d7ax6XMqLaXv623SfuWoyrQAmsoiCRXcTNtqp3Gts+QW/gxxPS8SVh+/vXRecSFeESqVSqVQqlUqlUqlUKpVKpVKpVCqVSvUsEGQlADESDNucVPVEm6IBFoSsUKgYbaT2N8bUD5CkA1EfaHMC/hxkO4JcCEEn5UKBi+FihmA4DcVZissBcKSB376BeB2ASzymM/AP7slbMDKmQejEC4biBIBwNpZKqGP3ixqViSnSt/R3wlgu5EvMbWwa6AMGWPDsiexDDL92Qks4dpGJAcbSQCrKOHTb7Wq92mzONv0aYnTiSCYWDk4ViAXxyGpQAxD/iPkztIHxi+V8uVgczBeL+fzS8vDypUvz+Rw8NsBYAOxjLDaHklVKpTYlxkKq/qTCZSQJcnGWnDTAsYbcbtCZJkYZNGMli4Y6jx2NJlpbDWPBjXBuHHrAyHbez0zkwzTIVPbe8ctwMrL2ghlB5Mgl2tdyugeOJXrdTIyHrY8vjjGJzXa46E7ryMMJ0Y8nopEL2q7k1ewb7z3YlwQT4CfG9RhOj09OVifdMNy8dfP49PTo6Pjk+Kjrun4A6OQxCu67HxLSEadPBR8h/otycsI4DNs+L6Fx6F0ZFHRAKYiQHAQzZ4X7sIIUiJ8PLYVEmU+G4SminWxFhRSewBa6R0bUGZ4rdmApHivJCAF2kdNJeYjcJTMQw+rs5Ncu3fP7jerJ1tnRr+Vl7JwtSVNGHgSJ0UMOUEtCnBF6ZiJ5naBkFVIek2HkCdaRu1uySKVSqVQqlUqlUqlUKpVKpVKpVCqVSqVSvacKw1IAO7G7RgxgOELwBIMCXEh0EBqThhHMFkawOIHaJGbWiNdIIgrAMCwgeTCuFKeTIzLDS0aNcwyXeGBIgDUh1xN4S1E72BLESwzAKGB/4h2HxYCxh+FAmwThP8lRvgpe3BpK1KHmY3/p6/q1m0MhTupgHcON3y+PE0qQKAGGE0pgcyqVW6RMcv0+jwhEEWH8UB+GoR+6rltvV+v12WpzNvS9gBlAYyThCwwkB0mqC5V/Md+i9X7Wzuaz2b333HP58NLlg8P5bJ7ftm3bQOARwTSp8XhJ6iMiNtVkszcINJnTh1LBjIjCicC45HONUUQ2LWZiRaqhsBVsgAQRgyTEGzkBShxARZhwIzYxlpN2TO3EQfYn0+jzR7ZwLrIVHT2Yf6CcjwjpSISW4NLDBSkn5zUMvi8FeUHuAt1aTCBUiFxwYsjTxX2Yz5vWQ+gPxCLZLg5dvw1j6EL/rquP3Lh149q1aw9fu3br+GgIo/VNN4yJTHes7Yfhonidu4sIme5DmSE6Ysx33TYvok0Yx7yQIWMIMqUiLRortICsJFzuqTj8mD03GCs2RgZYAccEj+U7yexPNK2bHThIpqxq6n5HeLTPj8Hj0smNnzm4/CqA0lRPnkIYjq7+NJsU7c2R4GapejpE5vXSnn/Nk+VlolKpVCqVSqVSqVQqlUqlUqlUKpVKpVKp3hMFRhsIFoDpAZehKXLDEYNhxR+B8IVc/w4xdT3EwcTpi/GcQGK4xBwRxEhc/seq5pTqMnli5Go3Bet48vDwkKfjKVKH6JMG/ScwPYe34AbnyTXDYPIP0wvJ2mLZwZX6RHwIbUOvDiP0ycWi/l5kw5Bqj4bqBJE3ABpiKKiFQllsDCGOfeiGbtttt8O26zd53IbQBxj0QNANwBCVvQVwKil5Kv4j7uEdsCZZ8/yzmC/ni8uXLh8uD/ML4G/IqSIiggHzl7ApkYJ1yI2AMAQMaXHGTHPKH3FdOdJ5cGMgsxNGcBwRHkZ8U+rRSeIoQwvGlvVDZWxH7iu8PnBv3IKnnaxIbjcfBCWlavy5Sfv7VTlGJZdnx6NDXDc4Cwhxk4RtgzF0GGgEq6lp8js/jON2HIZ+s1l1m257fLK6fuvG8dlqu90enZ6cnq7Ous16u+nDmNemATyqGfLY+AZmf0wAbM2axkhLd8GaOyntEyeRFxP61oBNTt9BDFMKbjpjoXRSWf81/5F44mU+zISB4Mh4YU1k+PYb6vaIk50Gp50FJRdGM5VonizFcHZ66/+55zmvNaonTyc3fjnFtayeVH7Rw57jtVKinKRAAEosgU2FNSkgFfF9SVZRMRd6MpCUZNJFT2SVSqVSqVQqlUqlUqlUKpVKpVKpVCqVSvWMK9exiTAxaDTCDhROcIiS1CEuHDGGfhz7oQ8p1jV+KfmzmYXh8j5eQ9wWQCXkBCxLEkXxZEF0CbubUCQL+p1IdI5lQoVf8lGJjDWo/smXtGQMAlergkpMtFL3x+qlNVaAj3RXpctkpsSXxKAFwzX4DgrsyAcAgwKVWiBLupjituvONuuuW3dj141b4HucJZMOgnpoDC0NByW+YH+chJss5/PLly5fuXJ5MZ/PZ3M0O4HfeQRSiDDw0NXoCFeJiRETw74yYngRaYbEmEBybGxiHkdMDYBWYdYh7iATjAqZmlkxwi9476c0JeZfHKAHZOWCkAcdyJ4ucrDdGeQd+5lUV7WtpL5YMjKxssrYg8MK+ML2J9gkHkHspCEyx0aqoqM5jbdorEODCD4Oxh2tz67euHF8enLz+NbRycnR8cnq7Gw9dMM4BhzQIYz4Gkxjgm8CMjEJnGEQNEIrnsY3+UpNWVml9p52iQ5r9u+KafLyQqF1FWA9hRjGPqsbx5EcbPgMOL44ZyZFdo5J7PNDPSZaq7BZBQ2zBHIJkiLDBnlDBQpzlcfJnv8Pr4UkJ9y9keLd3VZ3L786+uVL936o93OjejI0DqujR38G0qNw9sjLCnAzTtHhhUQeQDHA6ibixAqVxieSR+GueEuk5+EdZY15bCLL0sqc3hPUFhU8UalUKpVKpVKpVCqVSqVSqVQqlUqlUqmeaeWqNn6b3bVNC2kwDmgP/MRGy5BBHCOWpv3Y5/L70IeR+YRc+hPUAENuzEQ1GGQ9YkR8gmkK+giREjCDiGFwxlNBHOxMgDvBXBnnITjEgvcJAisYvEMWGZgG0iQstrMVCJ2z4keogBn3TDRiwiYSAFO6P8WtEOTgXDLn0kDsxD3AiWx0eH30OMlvoeDfjUOIwWFv+n673a6HYTsCKbDd9Nth7GMcUx5qBCaQAIDSLg4dWZJggovjVJ3GusVsOZ8vGu8vHxxevnL54OCgbebzdgYuL0TZpJhb4ZCWwCZEhE4iggRcM8ZBiMXowpItC3aKasqYnxMwv6dAJ3iUw3NbMTZhGITq0/xLcA+yywDCIwlfQoAIEREEMKGPjpWsItwlUS8YSEoSAYOjXYxJmEOpbBggfSh3wzsn7UJkKow4OSEifGKhmp6aeZsndIxIm2QFSKSZ+SbAAFnXtpthOFmdXju6efPo+JFHQTdWJyfdhhKjSvkdZxncUBL2Mc1a6mCKxI3AnPqGB4JmMw9hY89X0s+FNdlqhTKZhX9wAKLBYKU8Q+M49F2XV1MMwXFKUsL7CG/hZKGPBNbQOqAVy0NrONQIrF2ikWEzU8zRZGRC+BjfW/jp7v7Sj3pCynvp0blXO3osvuA2Sv3xtR+///mfalRPhm68+0fyU6vyPJIPGHvCmzMWi6QpoiwRz4QZVHQELXp6WV+CXYnuYr6tvetFQRxcafITXEwqlUqlUqlUKpVKpVKpVCqVSqVSqVQqlepJk6OqM3EMTvwqKH/EGCzP5yqjCynEGPsxDCFQngagEyiATxx7jtAWa+1O9IIhSw/BUwBpAOYAwnPA2sR74krAywR+O6QuAEOxyJk4aha8zYV8NDjBzVKqLBVLYiQshXxgLolh6weKnxG3EzAVEcJBIoEsJ5NY8kxxVddSfRnseOJaPrtxQN+8GdO46TEApdv23WYcupjCGMMYRrBaAQcYH6FWS8VSyNBB0IPtRGI+SYy+nS1m8+VicbC8dM+Vy8vlctG08/kCMRfEdQAx8eQ+46xh2wtGbmjSJFInMY9iDVtZCFUSJVXHEHZCXUncp8mPowyNrawuSoqOIxyITFNoCTnZzYoBBu6QzGRLIi4r7I6BnwrDYtApxPBU8dopYR7G0cu8/vJZA+fsIH0RTV5L6D4CjctDDIsWR6qdz/Lq6cah7/th7NabzWa9XW03t46OH7l+7ejk5GS7Xq3X277fDF0IYB2D/jnOiDUJ4lREnBjy9SB7j0i+OgJCyc0EaAdF2DTm8UncQTjqKBoigWII4zBsIaQpt4/AnnKMrXgPWgGJsQAjLjqmCkAp+BD4BiVsb5KNO3YmQpnIxDu+XIV28T32NGqz+u2Tm8+9cv8fMKrfm249+nPr4zdXaJfhlROLtxUAT5FWOL0vwTq85Jy5U75Nehp4EAVOVCqVSqVSqVQqlUqlUqlUKpVKpVKpVKpng2azWYOlenTQAOSCDU7QQyNECFzIBf4xl77HcQhjiIHcK2qXhvqb6rb+k6bYjVLYJiaB83ycbSCOJF+b4nSQ30DKpIHfniwqCEwhQxRHWRDV5SxRLUncPgxXwwU5MecdJsjgQb6KL7V1+mTqUbLi2yGHURU2l2ZDhPosNDfXZvuu36KjSUc/Qx/HEYGEGIkFkeo/XjSy8QsSNdBZSBZybdvmbl65fPnSweFysWybdrlYLBdzDyxQQ6MIOAPACIE6G2NiExlqeIw0IsKUIHphJIHHFGuTSH+p+0R+CFUgETw8VcD6JAlTwQY4thbB/8iXxTBNkohVKuuB5i7t1YYLqoR/gmXuxMpW9C2ZwBRjOOspf4BhRslB/3kKOXMpn8H7MAwUsRMQ/IjOngz95uzsbLulrJxbJ8c3jo/yf6vNOq/nLoz9OIwR84SMDQRdAXOS1753lj1HIpMlTpAQwmUQdkFbEOFj2NfFMXBlm52i/J3xjIKF8AoONI+5bUPfD31eUUDE5I8cJ+GkMl4YgRKNECfnryR+NIknBNYd+ZcQv0U7saMJjSvDWxWGUtlaOLml9y+UnnoG5fTmz7Sz5ywvvdSonqjWJ287uvoTdIdbId7Kcw88fsj0KBJxmIrrjyywojtQH0/pSlDaRKVrCGyLAAAQAElEQVRSqVQqlUqlUqlUKpVKpVKpVCqVSqV6FmnWNI4IEIRBRklYCUMasdyYy/MxRHDsyH/QPiFhKkokHsMIkyHgwFSX3MUNrIkOLU7QuQSRBZu8Q+rC+ta5Fl0xYAv4htjGegYKEIdx6IMCOAHRD1QFJ8IEM0PQGCLSVROHwJiULqhQUpJLNJOFx14oCBffAbAA/5KCrgQ4v412hMCTANYveUyGcdxst5tu3XVbGCcTqG5rqR2G00ro5JhZY6mAm/9rmnbWzubz+XK5PDg4XMzmCwBNFnlS8iEN0iiA2zDqIGYl6E1C1WBj0O/EkEMLhZ44qBzHYJjOiZRzRJQJHh2mJB0xJilmJEnidNj+BSeMvE+QVsAJoxwg4CsEIYlRklgozYW9PxLzPMwA7Yey5KEAtmmCThB+AN5I5gIBCXLWkaYaAJKAEYkYvQR8iPNdiGY2y+1cb7obR7fOuu2j169ePzm6eXK8Wp+dgJfJts+z5QBqCZGsRAyOEfaOrHossibwqQviyRJ5yRS/FrLxYdipApXc1CvcdrdOJxIRVVZnxLgjjtUZB4BOAkBMhPzIapSbbZrKtHMeMStBjIbSjSabk9rOxJSILMYQUjE4uaCxj+lvMq2qp0Tp1tX/0Mxe387uM6rHr3578/pDb4DwKWsFy2MvE2Pq9SR2SUjYmfJYT8bcdm1Mespmf2oAv3t6vXZUKpVKpVKpVCqVSqVSqVQqlUqlUqlUKtV5oeWHq31LwF4BY3QCJq8MEagTIDsoj8P4XO4P1fFWojy43AxbU/nmvDEV2YEmGcAIOA/oQhx9gjydFnJzoPINAArgJrbBHTwWwTFwxyJ3woV9ZwrJUErt6PZAYIMYf/D1d+JHduuh7MdhJi6knA1BimRT7jv8TiEgyYHWJuMQ+q7vB1Q/AMwwjkP+yTV57B9frgTNoHkHkCM+dwu6CfRN3pNok9l8fung8NKlw6Zt8w6579hT3Jn8WIBDIAwB/4WInFA0CK9EZFEmkAB8QMj2IjCKEGEKIyXpUB8nhqOEKzHSEQFagfY5ilVxltEcbIoh3ISdM0xlf+GmWnDiGB0Z1cnHxJjqGN7kTIEgoGlw7sQUBDUBjDciok4AiHgbrBlyp/PqaJvcnj6MeQoevXb95PT02vXrDz/8yNVbNzb9Nvlm3W3O+g5CdwCsaqLzeQ276CK4pRS0Aq1r0MEmz3ICIqpNZdEgYUImLoR7IBaTaCyMqQ107M6qsuZuoRO8VJT7iHCTEMcRcnXyIuuAOHHYAoxTwhmnuZloFTcBBGZqOdyrkn3EbYW7iQbby37I9Uz+NpUDBq2JiR1zU3vNTtTOBZ2awn2eZKXY33j4+573os/3fm5Uj0chbK8+8J0xbssWgkvwFT1gilkO4CaYIWXQiahKaJqQq3iHawkU+ORCIVae2VM7VCqVSqVSqVQqlUqlUqlUKpVKpVKpVCrVMyuuN1sx5sDKegihH4YIxe84oMGJ995IhAqUoUsxkcJcqlKgLVQDZ+lwfo1nrATIk4YyPnzTAA/gZ/kV8BWGPE4QMYEX3nDoR4OhJS5Rkg78s1OZ3JRqvfSpqpCSN0bytcFG8Xvgvag8akvCC4bPoNEEgBo2InECRi9g+WLMAGPTdYCd9AH3oVqob7kkGhObqDBkwdcB05J549umzZrhn8PDS8vlcjaHDVmI47jGezkLpF1YCOkBbASijbAojERGpIazKQa1gRgBR3AEhGOEQLYrJTKDSQAyXCGViBxcDexhYh2bvQiTYk3FphScgM1ATG35YRlzSAL8JCsRR2KpYqqp4PgiysoBHw1I+rA+kZ8I5dpYXHXeBetGa4I1R6v1rdPjm0dHJ6cryMs5Pcmv8qxsu24YRvTP8X23zUPQWwjlAYSGmCk+obQxwjA21lGzcucjAzyugkkSwhulf5ZHagJl6I+4s8hwNtNSLN0158V7YJpJ4sI/eZxAZ/r8UkaCgABblfMZUjF1qk6qLiWgl5nmzxZmC6e1xOvwduHPaOgZn8GLV/YSkS6zE7ZSx2iZp1hhuPXo7/6L+57/6cvDFxvV3Wmz+t2r7/x3Jg12wvWiKYhJSd6K4nGC6VxlWvNDYZcguRgnqWf/zljS45e9q00qlUqlUqlUKpVKpVKpVCqVSqVSqVQqleppVmVJgu4eEeI8+n4Yh1I0ROsNNgSJlV9IKcvvlBqxeJ+SLUYansiFZMi8JJe1Gw+siY8JQ3bANsJj7d+iowntw/kt4AEB7IUjEAAdVQhocPJ9d6rTS92b6ZGIziem6pvh3XkThwLlszmLxXwOLUngJIKZQmmEXwawmxDG7dgNI1AmQxjy9QLkDY2S34OJPa6qsRK0AWX5AAQEyM28n0Oazmw5nx8eHs4hS2cB+Enjie9owGYDsRxgL/I1hzGM+R16zgSsCON8RUqkQf4G0nw4B8OiB0l+i3uPlL+DYTpBAAJji52Fl6AV+oDwEodXRicPw24mhlrEs4w7pxrvsWWEYVpw9CWZBlmMUrdOhLtQPBMQOGD4YiCHCDJvcLsJaEDiZm3IayMP12KZt3RDP5h4tlk/8OC73vbA7169eX3dd+u+X2833Qg5R2OejcQETW46GLwMQ8x9ypfwLaBTAksR7ETGONxnGhYmp5xgFhWLJJ1MtlpAJWNnZ1VVyyylxtxNwV2uzdQUTCbMXhiGEIY8g5ayf3CZ253W1hfbs5SwhSgSCxrHb21NnNjiSFMOmlitclcnWThpJ4lljy15wqzJ3WAJF11ruPnI997z3Ndduuc1RvVYOrr2s7ce/jHrBAkzZdzZ2gRpsAKgRA7WQbn9k/EtYWs7nPrjssCeZMkJhSm0EmWlUqlUKpVKpVKpVCqVSqVSqVQqlUqlUqmeWUFkTAQjiGHM5f1uO/S5kJ9LegG/9O7RtMKKJ4Lbq7Dvgh0U82IxZoaRE6w/AnfiDATHoN9Fg+keYOmBLib4g28IOnEl78MIE2HoQIICXPE2IdMFJE5Ka8RnpHhwcOkcOQNLbg4c3pIg3SWZkY1JkDiJJoyxh79Yot9u+m7YbvtNHpyYQrAEtnDBk0CTiPEswDbYygzDQrnWNe18PlsuDtrGNb45WCyWi/lysTxYLmezGfijODDecIkbCoQEXAGsTcZhiGHMp6bkC3JQsWw1w84gBg/GFKIGLGrGrB7cPgBXoH4CecLuJYatS+j4SWh2Yik2x1TMgp0MTozkzBgBbWwhdyw1xRAIxHBGMLwRT5Bs2dmDrY33edScce28zZuGPOT5TwP8TXIWKB+f1tvtrWtXbxzduHF8fPXmjavXr928dbQeuuRd7s8Y4xjTmNiiJDrhfJCOMOjLkHDRJgRxoBHksFPwIvb1IAOWZKf0HEtNtztLG5fQDlt1MS/BSAYs8rsToiYSjkOFfqCGRrJhAUQmUl/I8aQy9BEGpHgNldUufxxnFPFtKGYs4nHCTcUsJ+aP8K41O5yWEy6BgASLa+tJdLBw5gkpD8fJ9R8f+2tXnvPxEMulukh5JV178HvXx2/GJb5LhxgOJCOeKAV46Fh8mFp8xxQfG6KcO/Qu9GSbnZw7v1GpVCqVSqVSqVQqlUqlUqlUKpVKpVKpVM+wAvpmBIxWGPphO4wjwhMcp8AUiS0uD1x6LniHGD/Qdq5ak6OFQAxkUgLBMVjkp+icBj0YPEAnwJ1w+A5CGGBGgaYdFuAB9scoBUab6PIpTQX3CWnAPRgb2PvKPQfFcMBLAtMWJgfYagJGI6JzRujHcYyYqtNtt33oxnEIULUlXIFOkiiXBnkANAhwhL+gh0fulze+aWZtc7BcHi4PZ7N2OV8s5ot5fgV7oI8Llnsdgwe5yhsc5/sEIA0gHCekUhxGIw7HTQZMIeI+6IASDOZiBNBouPcRBhT7m0yklBmAfSwNBXInztnJ58Lw/BTihMdzv7TL+I7YJiRaJDL4qXjnQKAN4kP5sq5NeLn8GnYAxgg4mNx7hEIa6IN166G/dvP60Wp17cb1dz/68MnZaozh6q0beT6CMXlqeqRxgLCxJgJuYwtiFCyxSbyBiSRYL1UPMShHmowUCS+dJIV18kuxxbzF7JqbTM4gj6V96OTCQj0CS+wHQxOPKU4jNR6biOubiBNbqB9aBIbylmSauMAvtBGQSJNnCTElxbaEB8QZ4Y8EHbKcWMX9tkIewGCVyyW+/Z95rU9+vds8eOnejzy4/EGFqlEZhEVWt37j+Nob++0NtuxJe9Y8vOYkUQw8kfAxEmU5BvQ9mia6gkh2EpeqHTj/jFePGD6ZJ797RqVSqVQqlUqlUqlUKpVKpVKpVCqVSqVSPRvUgS9GgHwaLHiPueyI9WqMJJEqZUn2AAMQ8RRhAgX/iXOEEZsMTugArEQgkGicB9yhccY73J4SACgWMQQsVkIcCnIQEugyUSyGG5KIEqHXhUORXXd8OowYPMiLKFYoaGgC9hdwpohvgTaBXJMhj0ff51EB0CQCzAHFdoQQAPNgXwzOo4ho+hA50wfPlpvezvys8bO2WYKtCSTpHB4cNk0zg5+2cTJinN2SCIMJCaN7yF8gYn4OdzCa4rpBsAT2NWL+D7qhBHD9yD84JRDRQ5lFluJykhik4HGOQnhkfBAKcZyjU6bOWXNhPkap6SPgQaFElMQRAvIlqcxYQicWQ1yL99aDl43B1zBkwNq0yblN36+yNuur168/cv36rdXJu64+fLLedEOXJwCq4CYgX5IXTxO8y73MvRWrjpKGQ4vEprIgjSzARCsrWV5mkU1q0O9F2mrMlBnkcKnud9hgG4y5gDhJuwVwJxvv5HRSyvC49CIxL7AE83x2XQrQS2omfsp3AOFWEynFRMrULFn5TqJzykzTdDpOVRJGi+xyLFu+kKNR3T8eFGotmiE9FXridhXU2jieHF/7kdXRL16676MPLr3yooX7X5byUjo7fvPx1Z/pO8RN4FaJ1ecEHwmzB/fiiAtwBOiEzaP4I8mdunBI9xAW2mQv/kClUqlUKpVKpVKpVCqVSqVSqVQqlUqlUr2XatMPYOOBpcYoviaY5pKYpcDfVHembJJo2O+geCJMdhNc+BbvBKl4k7VJA8k5UN9uBC7xiEhQCZxfWKQi2KykIk7wkuzzIcSJ+HE4+M8Vf4cLf1Pt3pZAiQjOGWMCXgKTbELfj/0QQ99t+/xuJL8QHg/6hj+QEg6IBIcYCA4aJI14hDzAzsP72Xy+mC8Ws9nhcgkvwNxkMW9n7LNhgVQRVoDxHcw2isC4QFNgdB1bdjBgwqYb7OuSctssuaFgIEbekAzEIYFDjG+89zIlMJI0T2i+klud/3qZH7IJodwZWw0mHuEqz4iSoDQNJoIydvqwOpWzDRjWcHgN/PiEpjZu1gZrRqAsUjeO6/XptRvX3/b2t7/r4YePVyfHq9NNtx2tDbkxbYu9yjVvO8aQTw+ZQ8NgIUSobWazEJKR8SHMhWODkLpJU24MQEAGARjcN0j/xJoH2oPBMAAAEABJREFU5dEgwzJ8YoyZqubR7kAdF2rf+yTxyRk62Ttwwk0S9wFtJvJcjpCN1Hd5LbK3BIIlZdAjpxoZML9hw5NUwCsu9heYCD1OLLueOG6WrAaZTdqZGS8Bt0qfeJXKquNLPbmuFeKY8piYyGNzJONwfOvRHz6+/lPzg5csD1+2OHg/51rzX5JiHLbrB7uzd6xP3h7GVeRHGD27Xbm3zX4+WplfsdWp59nafXIk0aMh3mlO5BmhUqlUKpVKpVKpVCqVSqVSqVQqlUqlUqne6zUM/RgCfqkdavIWa9Mcm1JlphhJeSFPFNpMFIgtKnYLYGTiKRnHg7kCFLUxRocq3L7B/JyG3pmCp+yW7g2mp0yl0h2Vndm/wyFdUNXTqbwuUTog7xCYAR+AhH4ZoRu6EMbtsO36ba73Q7AO2L2MJkVCK7h1oCjuEMlb9oBxwAEk6Ejb0ItLh4dX7rkymy+Xs9ml5UHTNHkjgR4YzoN5FWhuAeONXingrgJiawHLld+IIIVFKwwrsStjgD8p9D1jH7kxNKSOsQlscMJUHcA/nHdsvQF7QFusLY40iT4hVxlGisDQI5XwlWr2ra2CVoqBSuKkHoeDn6/QODCxgTkHMAe2eAzTycPnrt+6dev4+ORsffPo6NFrVx955JFbq9PtMKLricvjGxaLaM2Y++vyb9iYmxyTnznbolsJ4jouwjxEYXEcNdYnnzhUh60WooxIwpwox4AKO/XQSsAZdWG3er5fSy/Qk9lXlbYzHZQcL7tmyh+xNWhSYRvEnQBHFMIwoGtNPLfaLS1ZGEW89XAmMH5JDHAs+5oIOWSnu8HKZLKtTapoMF7cxXTH7rWVQQRTm5ykJ8NGZAJ76ns+7dM7pr7zS4gQQSrnngvsbZPierv6zfxjTTM/fPFs8XzvD50/cP6Sbw68X5r3FoWwDeM6jGdhXOUXw/aR7ux3802UHy4A0yXisnCFORm1NLlUJbybjNBv+FSXqB1Zlpj/ZXcwKTocVT2Cp1YlU1KcJn8mUzbtvy5bLpDd3StduJdyLSqVSqVSqVQqlUqlUqlUKpVKpVKpVCrVM60xgs1JTKWOiyEpVjATgjYScRZT4Z3rj5JsYsxU/iYGwnHcDcR5YKSObyxTDw1E6ngwJ0nJUQALpn44QD1crnHaGC1/xT5S6VOACAYebHVRNDgxHOxC5WgkMMSrocRK5O5QiM7YY4RO7vh22JC9xADECXhwUC+pQp/QUyI3NU4pQ3BC+BSyYpwDpMTOmnaxWCwPluhwslgulm3bwoe+RabG4WjYGCi5wpo4wniH/N+Y0OYkIoDChiNWjDVSoqidGE3ee0AmAQJncCPE10BcDXIx+VIAmBAqhDSMcxUK5JMrrx3Xcml8+YDJIQPagelGibKCuCkWaBjv4xjzRSP53wixAJFITQtEj3Mh7+0b03gM1nF5WNfbzenZ2dUb16/fuvWuRx69dXy87rZn264fRwh1yrs1jQH7E8gxSnmobULsArgTACxgXboRE2aoni2sAcESxQrHJqQsKCcHM2iIlLFcU7fizFKVrm8fG7JTyk4XWTbUQA4vtfpMuBIbey5mRGwncFPEdCW8qzBXJ2Ckzt41+PZjviQ5hpIApAnW7BT8LVuVOBqdie2Y4nX4h7iTJLiMnMNPjWeghSEjboe9K1bgMVU8im7/aQEa4kXXsjW2wptonLj5NBdjd/b2fv12C15G6FgT4V4vqTIlO8m6aljo0snzSa0rOAs9bXDlyz1q9+bXmr1OpduxEnV/03nzGFcbDdFApJE/so3hSaF4MIr4YmMhWEto3FTMfiyvOgzNsXzHMxNiBHsyO+1ETyV2/0lC+FDME52zGrfdTVW/6+3WmnMzePEBj1dPcAmqVCqVSqVSqVQqlUqlUqlUKpVKpVKpVKonTwHcN6i4ykk1ZOmBaRpcNt/J2ZDypK2dFHgDgQ2cc+PY18RhsI7xwJ0wdOJoJ7DkcOR2QkVWl8hSg+vkJhVjhVgF+nAJkywcSqjOTv1dmBQqlaKpRYhj6Pt+22223brruyF2WPkP+QcIEMIYEls+JLkioS4Am0S0GUkx96FJLbAm8/nh4cFyuVws4MV8NkdwZEI88PCERhHAu+S/MNxYJoaTJfY3oQ7SGzt5SgQM2wmhh2PwzYA7W+BdIJUIyB5wUXE4YHRFD+0l0AXNSyh2iCxNIBhoMjqxFZnAJiFU/PXIbOyUgWGGwODFJyrQA5WSJw+yblzbRjzAtTPXwNvt0G82mwcfetfD1649evXqrePjWyenq+1mBNwmjUiSAAfTYuwOVvGjo0wcnAAw83BkJWMmlMIIkMMrhafZ8IHV7FsjU1jWJTIUBFLsQBq7C/gCxYkn2Ctw79fRd8cLPmnAVoU+S/tpOLDqcCFYZCFwJcTSXL5Asju0SpwyUFIqcIYRuGaPpql6CXPm2ODElOgrvmH5d41xxFQ32DypeToXSq5AnEP9iTu3Z5rGBzecP5m8iIbtWtjdCJ4F7OFh7c6KYZsg+l0xWIKvgFGOECrydNy96FMIP/CDr+BKvKgKD5Qse0VVB6BpksFHMH4QJ1MSSlDjUaHnD3mcANkUOfqrfqibJ4qE/F7HJNknZx+VSqVSqVQqlUqlUqlUKpVKpVKpVCqVSvVUi2vQBkvTjpI6qJyXJF3Bnj/EsYuJo+PYVYO3wwaPZESTfxvXMFyCrARxEBZAA+/k4pTpYMmkBA1K0JgjgafD9I35hESFR7MBqZmb4svCqASEr0SJjgDjDEizCeN2e9ZtN9tuM4ZhDGNIAfGWSEchTWHBE4EHgCJngFVBkAZjgUzrvV8sZ1kHB8uDg4NLh4ftDAxP2qZtvMOQHcOeKxGMP0Ys/mI2THSMtUTJvoCmycjmmm9udRzHkVgT5FLAmmFKsUA/kwadXZAqwZEnfic5dErBijwOrWG3GewM/SYzkEoXLAOoskcqt1N+j4FZgkvkbrTLeT6V900eTt80ESGQ1DTWN3n4Trfden12/ejogQcfeOhd775+fLzarLd9P+YRjBBZlCwCItZFnjlgjQSIEfIA6BVy3LDFEoQsFSAOyBYIwZVAGPE9uWhV7/2+u0J4yRBJhWuwnFTizu25V/WuB7bhndJuoE6ScBOc+xjJ6yZM+xTUxArvJOATxTKZnROy0wv+ctJadjHhnB2xNilcGJt60BxYV48McQzmGSBOKmjo3C4XHrdH19zm5IQxUYhVYB+jJL5OpuY1BGcrnEUq4Bh6nJxL83k6dS7jBhvBqxobSuFL4OoyclKRzLMpJBObmwiVIrgJIllAwbGbFYFlO7zLDsb1DKgY7yhlolKpVCqVSqVSqVQqlUqlUqlUKpVKpVI9y8TEhpEvtU9WAmYnHsRa8cPgWqwr9XUsfToiMwh5wBfoxeG9td4Qs0EVbiEOYIdUSr7Ik0h13UhxHq6YrJkoCUZUOD+GzDvIDSXm87GzATAdIeC39kMCcmNArdYnoR/GNMAZPHiCJAldkaiRVFEsBWqBJJ22bbz389l8sVwuDuaLOSTptE3rkZrBgAuKKOLgC6zcAgOAle5I0AmZjcQ0VuRAotJuGMeh70MY8guEEKJ37PuQC8PIj8Br5y0DO5bxIDFWcexLYw35yFAKEb2X7kiWERI91RKI6E5TFkOZckMZOuCs0jTBmGaxgCYiO2SbJh/Wj+PxycnN4+PrRycPPfLwtZs3b56cbLpuCKGLECME+7ZtAnYH69scVsNtnvw1GDqpwYOyDlNZgtRuiN4pTaf6+m2q0cWSwj7OUnWVycQzZGW7FTbGmGmpXHTpKQbF1C+4UeBwAu8AKxqGOILZSTkVLfVUhVlFcuuI0aRqkAp2JW9MaRS/dtU+54gTYyvcxE6NFCrBPK0SOuI82WPNRY25oHkFwih0hRFWJ8ACBArMwY0/wRhyXVmLtl6CwqDwNrfb2qdjfPhhaML57eX2wBbiQwSDdfI/U6a2ImvM5FZFkxvlTIjlAQRV5UiVJc9tmP6n8LQvjNtLARSVSqVSqVQqlUqlUqlUKpVKpVKpVCqV6tkhS/jFuY2mfNcdDSgAWgC7CmA7XGKzE0NYApqaWIQa4DVDEY6sUKjKC5QJl7qtBPfwF+mNMYJ/CP1BfhuGbBrI1yOf2XjK7oFYmYIUJOeomVBXHnPNFcCNYRjHEIeQ8quu67sRLERGg1YeVNIH2ILNKpKV0jZ7giAg4b0jX5N5O0fMZH6YdXCY2wEEivNT5ZcYEy5K49Fw4kCtksEM4roQqNJLw7vdgHILc02ciqj5zLO29Q0YqPAleJjJvgQ28ohYHh3jitcMswVUMgZzFsN4BxxNuAb7hUzUi0E3GYeBLsU4gXxUIFXHt8lDY9zB4qCBDJ2j09MHH330oXe/+/qNmzdPT05X61ur1fHZuhtjynPuvW3mwScwl0hRQn0cObtE8pCoiA3Z4Axb61hmSNKEQ0iV39Z8Saoq4xdqAlJw0Ox0tsfSub1qqwdrKkSC/15Qi28IEImTZcgEQyBlAhE7YWDOSLoX9ww8iNTJWygpKlE8Ct17hkkSGhMwnCntt3iHCpvEVi1wq7RVc9EbiGK0JrYnPW0eJ3JBdGSB1vjSfBmByA8fYMqoXwSCXEScGKYqDOc0wXsgn8QkJka8jzAZCgcNhxDusYJmFPKKW0IeO7w0eUAcgRePl2N6XMLzJ3kCs21JSnsLI8jdTv0L4OYSppAmO41YQYjA3MnKIwrjdSKlfZmSPcTH8wIoeVD4ADdltTwj4imeeKFnEwGjUqlUKpVKpVKpVCqVSqVSqVQqlUqlUv2XKjLqMFTWLFuxTmulYEkOJ5YyaBAyoWqsF4uMBnJzPDEPHrGTBgAUDNYxjKc49DCgF55eF7MUysYxiQJosJzYyFHgluKR8+C4GHDmiMaxKQJWYqFcGsLY5xL+0PdD1w99N4IrB7ie5MJzGMYYEIvJp4cKq3APNjEAQj4rCcAL/HQ2ay4dXjo4OMz/zeezWf5pm1k7a5qWqABOqODwiSicDBaIHX6MthT5ajguNlpMv4hguxKGkNtExfDNFrCT/CFgLAiaNE2DTYWDITkHYlgKmZNnJWFGkXMCmjikC5LnwB3a1bHrQ8lOcXYybqD4pEijYdgPhXGOCFgRGKoA49P4fLEAE+Nictev39j2/bYff+3Nv3H95s0bt26enK27fszF7yG30TfRzfIhMBZo14KeN41DF5b8lqbLEzQDWT94yclxgzEIXIu0AtnZJBqqwMOvVOV+GPsYfhMlHoTeRnO3lifp3D3CLwxzL3b3owKd2MlEwzQMQEyGNlTvB/OdGICOgjWDCNJk0TGF+0gHeANDSkZcLuC3c7bY/zhXNVf8hMrdZIszi5x919IjFXuhVOyC0vn+PzXaO7mtWKGqBUIalfacBw4S4SZIU+B7fk28jrW2wFuVr0khTiaIpxgg7batboG5GL3YbdJdoinnhzdhPNjURw4cK6dNQr0kpr+Qdm8AABAASURBVPUQOqEHmZ3WxE5TkplYIgR5EsZ45eNGWF10v6Wy/Hgpyo32bME7Un33Va5cKpVKpVKpVCqVSqVSqVQqlUqlUqlUKpXqmdLkFlEqrVMCgzFckxZ4gYEGtqlAXxMCTTDRBUu2jUODE+QeiEOhF94wekIVT9q/NMLI+S2dx0CoC/mn5D9tw8SIxRqysRHBC+Q4oHIahtCD0NSkH4cxDMM45A+SDXR65yGkAiupkSq2HpJ/LMTwxNHg28b72Xy2mGct2nl7eLBcLJbz2axpoSWGEJI0QOdwzJCCYUYCKZZEQAQgABAdZHJDCJeAvJ8R2jdA+7YhN5AsCbDfy+XCoYsJV8TZicSw4QjQBVZG1/JGjMrh8SoiasMYmUgrg8qzRxYmEioEZ/DgGMPpR2gcALiPa4CvSc4OMfTJXL9589bx8c2T1bsfvXrtxvXT1WrV53HuAZuxLjoXjQvgbtOilQRRRqYliilSR5IznjxVCilS2mnYV6KqiIM/CGNQid0pTBnnveJ39dGToLT3Glt5p4K7ECCmhgdwITTiX1JuLBvTCIYUY/4NP+Q0UYEmFXFSkR8Cr+x2nfAIsQ6y1aIxdGcV1xs2O7FVhT6R3Y3AZAz5FFaj3P8F73jqqvvnznwnkqjed/dA5KjsRPaUoQP8KYCpEUZ9EYbjhGJxQg0ZGRA3OS4V7xO2YzmHvew1/OIMIPs4u09nKuDNNBi0DLBJieESS4/riMQJeihdcH4x/GGyhEEojvjC5QgjhvCT2RnMp83s5vaqxkbwm2IylO+mpMiJSqVSqVQqlUqlUqlUKpVKpVKpVCqVSvVskDOlsow11qrUSDkWToqv4jUCmALZkDB6Qkk6yDl4axqpfFNFHACUBIiG48icZAnR2CmzR6ruw0eOvDwsYiH5WtFNVEUEgoPsC0Icx6Hvu2Echr7b9mBwMoYBMl1MADsThFQS27VEqkZbwR5iGrH9wTe2bduDJejg8ODylUsHiwMkQKCbRA6kNHK5VnJeHJmQgA0JxTwkomiIs4A+OjBOGcdxm5u4gV/59dAN0O4ILiNAuQCiw53jpJxkKFUHg3SggZh8A3YvPCM04s7R/nyUKVYcDASB+0qq3nOKiGXLB4+ThnY0eXxy3/JrNEpxENLStOsQHn3k0YcefvjmyenDV69evXFjdbbpYxpCHnw7WuithSbBT6KJRQsbcKvBiXKpjgKhBCNwacFWgE8OpOhwwV3ygzgeRfJEjKQw4Z+UapsOAQDuuix+N9REMpOHSlWAl56kOwEE9fnpdmqgzE8bI/mHRCz9BxMDcgIR802S2amdMxdguW8OUlQKWVPF+eA68PsJI8gsmcnsxLO7ycSdTI4saAvCy6KyYwmpytZJT4eZxB6ZEW1lQFK6ZW2c3pjbz3ySPCMTUwXuWMdZYPxcwoeYIQ8PdgZxHDCF0TK7vXYTF8dYVDJP1ajEHcsbMThhHghfYJNlzUTsaRwTPlMKN1h8W9IevURsESEm8KQcdz1OWPTAp5Uo0yFjYm/rNPMERWlI59Ejc8GWGv3JD7FoVCqVSqVSqVQqlUqlUqlUKpVKpVKpVCrVs0RJMiPI2yFQmZcqfMSaOMOZNnW4C+AQWPz2ZCQAmTveiY1CA8VuZFASox75pN4gSRFjiUrAyreE+Fg8IxAnEDHjXQIuAuJYLMVIJDuGMGy7MYw9humAwck4jhAWkcaYAqIVEfmPFMkhgurrSJCkgjQYO5/PZ+1iNpvPF/ODw+XhweHhctm0kAiTzwOVWXRPMFxt5gOT5LSggQeVYhEOyYMWTYOWKDHkdg2bzWa9Xm/X26HrIW0Hh4sDdAA5adivoCpwJ0RViA6hPCFyZLGFTRHkAFETh7EqVuAgR0XiREVxRE84uUg4hXzSvGOwcmXvaUseqAH4mO3N47N3Pfzww488fOvk5Pj09Gy7hQSdRHYrDVEpEY1ZksGUI7aB8GyWIhXvZNlDxwJGQCssRclnSuSYs0tqQDcwS0j4h1TtjOcxlIA0hY1UaIi7YFELpXLxpxcLUpF2smfqz+SFn657fi9DzW4Kq0K2EmgngYEmka0p2M7kXMGdTS3QwsKmfZMTGTTLt6y1ptAGMtNThV7QJFMBK+wmw0E2JcNFDE6eboOLC8ewkCiJICpzW/alYlZSSVTiTuD9PhEciab2NrNbVpOdBvPiHeTgp3SgLnb0qZpG6yJ3cRQvE9lFPG4qLiTJs49WIr0NuDD3iBNrirfPrrkIEUhPOoR0h9Olc7vVa0WJE5VKpVKpVCqVSqVSqVQqlUqlUqlUKpXqWSIuUFMlWkrTSfwXnGVXAKIePNuQOHHcgIAWbzlhx3CGDpyKXBY8oSr5I7YMIRAC692WgmMsEiEAUTTO5N8e0looucU2jUf3hrw7JOGEMIzj2PfbbdflvxCjM4B3iCSxxPwilhKzTVTid41rmyZfs/GOLjpr2rbxl69cPrx0sFwugJjxvm1902BDUyh4Cp8Kq7qcXcMcQcCACvBT8dhxQgqGPnRdd3Z2tllv+tzIYYTIGeRoHLmXYGoQoyQ8upbzPCxDGTTsbHbCJgxVRkoib5Gp/ksZP46JE0NsRkw2ollKgglr8sxEOpdH65OmCdbkQTxbrVfr9Y1bRw8/+sjNo5NHrl7NQ9yhMUs+HOZjtsh/INMILusZZykDgUY5JcGHysIYz2EKLCJ2NsI7JHY2KfXzKUzE7mfZJDLFodFP5wGFx66AP74qeV1Ut9ymJDYXVauMqdw4Evs/2Hq3hpuf0HUG11MYYfnGcUyR6v3J2B3i5CJfCv5ADD6sXNpy6AusIm/YnaVaJYU4KaCJMYx+wYkcToNLO+AJD0GhEJ50wuA2ShcNb9olDe58eEmfgfuQQnXyCIcAiTM7EIkts0YPPcdjizddOeMOCDaNzdMzGnzZ+o0tDBfxNwDtRWxbNBIYliZnGjudRFCi+pQInFDqUExml2dK5HYVdlAe8/R2/bzs9LdAgyqVSqVSqVQqlUqlUqlUKpVKpVKpVCqV6tmgYm+SpMBrOR0FLUaILCGUBCxIrBfPDYrX8RSvQ/EVCJAwfZAcJ4oArJDIpsTwFSL5gyQTwD0Dc3caYE0sMB8An4CJhnMJyAw3xpDr9DEEoE2GfuiGvhty7b4ntwj8un5E3qVUTxPhEMBbYAW1aXwL/iXm8qXDxXLhGz+btW3rZu1sPm/bWQuBE0hyAL/C54DCNQ/RFOmQ2PKD0ycCloANNG0chq7rttvcurOzs67LzYOLN77JVwFbE0RIqCjsgKRBlKF4EtAA42mLj4z3ng0snC32FXig2XEccGwQQs4xFFAULcI1eVB9085m1rfOtWQaM4RhtV5vzrY3To4eeOhdj968cbZZH69Wp6vTEeKCcMLzzrNmjGYMoZnNwIwm5mb4xJRCAR54zNn7hWEF5EPqBByq84ujggSd7NSOkyTKxAkh2Ptwci4R5mUagwvpiCcUAIJ3AwMebDgyoVjS4WQLd8O/2eWFQ1tga5OimIekwH8ASxox3ITsZ6aKP13KTIYjgAUUWMBNPiVOEArHoIv13DTrkrwoiTH0UYVTpAvwAWJqJm+Lp4012ZWlqXfUAvyVbMG89nfmSKC0kwREpiaInED41mjwdir3Cg8Rb7A0nIhZ1PyXrUw0GMp5Auvo96QLumvZs2fHtCcJgwHT6jxhZ7bE66CJCawk2Z3tdmAhhhFwPFrshe1JJVXHyRNGhiLZZ5Y7qWxciNAzKpVKpVKpVCqVSqVSqVQqlUqlUqlUKpXq2SAqYVa1PCAqJJUlknFC472j0rVl8w3ATZC9AA8PfAtUBRa5MSTF0LfwgYbAom0+kYfkHbEKwXJ5PmQ2h6gZMOLAPB2gLNAmBY6DaJHYd/2AOMcwDgFsRKBqD7V7JEK48l/8QZiFwC4lgF3atpnNZovFop01y+XsypXLB8uDpqWAG2odOCJAHI8JMVZfpIdaLVzCuXY/qoJiLaBwC0XtGMfterNarTbr1TgMYGBhU5PHoyFHGJeb0HqIGKI2o4dKqW6TGQUCO76hFw2Ysoi1CXIJiTwr2ArEnYu5sJYgGIQhUp4rh5Ykzhvf5jGNzvW5AN8N6+12td4+/OgjD7773dduHd04Plp32yH3q2mN9/mPbd2YbNM2ARkf17bzg9l2u8UiNnjceAujxrEs2DZH5WhbyuSxslmQ2ZaCMTdXWBtCTIgbiIyyMHcxMUpmckwxVYfLAN5BT4CdSI9JqtipVbEiAIqbxuR0EiMV+5E9ifIbw3UKQFSdFav7YgUkPicBpzZJb/luZcCF7WUm4IehGLvjBGMpKQvfpOhKR8EJiIN76F9kn4wU676KecbdqnixyEXv8pDKF4fimfaGZ+cA7gCtHCLE+JOIUAX+zpvxppJJSYWwsDUuZLiDPPHF58XaaS3sjkAZ872VcuGWx+79bbaXeSebE2fq0Ck6UqYNu0C0Ey8AXm+0nPBhLEsrP+b6gFYnFodragOcNEzdm8ZkB1QqkI95UnThadjbKO2NH/eOybv4DFMwKpVKpVKpVCqVSqVSqVQqlUqlUqlUKpVKNPkA7L4CvoTjcozHkp8HsoTScAzmtNiafqACtqWiOVYsQwwWDQjskCTsBbxBnIMsm8ViBuwHnpSoFqxTx0RfxB/7OIZh7Lv8X9+P4BAxBY5QwoQUZakP4JQAhXlIr3H5zPnC8/ns4BD+my9my+W8adBKBENHIIgnkiVCMDFwMZ5tXKjKSyEwiS0scHcq+4YQwdak2/YdBNHk/0aITBmdARYHPEqgR27WzOA9whnQMPzMRgJ4eOi8bSzmD7G8J7CHCBKqFSPHI/0WbxSpoDOdEpEViC7BVdomuGYIaTts+01Yrc6OT8+u3bj58CNX1+v1yeps03Wp8f0Qh9zM+SwfEwlYQXBhGAGccc08b9tsh7ZZMEiQbMDifkOMS21TwiVyU2MYO2sMfxUegQrnEb0YohSyI1aZsQ5O5EUSv4tkaqzlokr1HcvPt/1wjy/BMSemaNpyZzFOQyQSm7Xw5RrD6NXEmgAJYdjLRw5kXoTbk0a2rIGaesK7BS0mEuZbEYJkiu8LpsMII2AQBqKMK7kn6p4jIsNWImmvZ2iGkdjOYnfibkuclCiWc5tF/nbH7Vxarie8WLKTsUfZe28xEUaBHj8IUjCHEswIaVuJWAoKkkK2Bu8Yx48NiyPJ14zwOEj1POILud8E75JwI2kLDYvf7cj+arEXbLtwRPZ3yvcwAiVG+Kp8ppEbTMyXM8XlqawIfFA7WSOIcEF4ThQ4JS/CEU136EVibxtOborUYjJNsbbBo5kgy4sqBiGUytp15jHFT6k777E3dJV7Eo+Go4dTZe1ULRuVSqVSqVQqlUqlUqlUKpVKpVKpVCqVSvXMCuupHMtAtT8p6SVCKBw4lCBJgTQH+VPk3w7REyrfUgIPeoskKiF6ssDA0ArkTHKJMzatm89865v5rJ3PgQL2t9woAAAQAElEQVQBV4IE5UxwJojjOPS57A4KwzAAycFYSMQCKORm8PkLgFIoDEiScW42nx8cLOez2Xw5B4OTFqxYGpT3VM1EuxGwSwEoBnN15DvzWLhnbCYhCOI5oSRBI4YRYn3Grh82m816vYEwnTHXuGPj8QKzhUefkoaYFm4RZckUa4IEWAlTI8DGeDBBwQ+hYpzHEP0hoLOOGBfxmLEhYXIOOkGgswGwKdFiRRgan3Ircpk9er+N5vrNGw9fv37t1tHJ2dmNo+Ojk9O+G8gdBqJecI5T2+ZZG2HiqLANp0xiT0Lkh1A6VUqONbGUiDn95JwNhOzrTGUNwlV0qRdHA1Y2ZSPCNRzPYwhcEg4hEgZUrlnVn0XuNoTDYwlteOr3u/YK+w4b5DFTNjMPICcqyT+ohrxDYBbReANepJLYVAEv1AZxphBPCkZvyOgEL8pWFslSZIzny0tb2GvFUWQKk02yuXilCMMhUEOSF+d056K+raGj2xx7N8CFMZP9iPxXsTx3OowJEuoGPB9gjHGcJQVMdmNjGAZPeOMECLmyvT75OUOhabTt47F+eeIShyCzYy4CSyQvggBWLoFulmKzUw5NcgfZCukgHjBFszc1/OAXrob5rgn7eYbwjvLgSNV6whVylwtLpVKpVCqVSqVSqVQqlUqlUqlUKpVKpVI9DaI4GyvVbIp1odKe9w4SX4wl2ARNRKh43aBliSNbC3SkiM5WxWKoYsI3862JFvNWvDeL2fxgMT9YzpfzWdvgiU0a4tgP+Wc7AmIyhDggDjLm4nGKY8Rv6mOt2Ka8LWFcCSX/OA4GIa+Ups0/7WK5uHzp0sHBEsiPfI0WmZEEhhG55Qm+rE95FOxZkn87Ls0jjgFVWXE8IbgAu9t33Xaz2WzXHWoYIHoGknSwpD+bzfI4tUi1eLIdwUMhXMegDwXRAq54qTRoaILhO0jyJInysVOiByI7lKzjqNPk++EiGVX4xqE5DHEMvp0HG0/77tGHrz/w7nfdOF0dn21unZ6ebrYjpGsAPpQL8YmAFhg7gIii9UGsFNCGRAwyaArzWPB8k/lBvWguXkrnN0UBHWL5XE5UcJNCWbCNTDofUeLq0vdOETzZ21/8sXUhb3GuAftl98SzIvzG1IKdLY1Bc5y8WOIYOC1nsjRh24yK/UAvCnanSHWYk7AjbANiyzUKajD531h20XF702V3e11+m8TcTzrXz8cc0Tvs8DiogCm+x5a1iO+sMRfgDtNgiR9MAHLNQKQO5OrESKSSjI2doBM+bbkEP7IY0zF2b973Zv1pZi8Y5zJliTCuhFxY7vGIbiXkYmI8ZZzhITihSP/FQDsIwEThXqliV4zZQ4eYLGPSrLBdDh805hnUZHLytM6CSqVSqVQqlUqlUqlUKpVKpVKpVCqVSqV6TAH5IHEvhqATATGct+hx4r03YBgCu0fynOBKLhU08xaARMDLhErYFuxKBsAcGnQfmfnFfH5pCbTJbO5bAEFCjGPfjd3Qb7ebYejCOMQ0hrGnmilcCsxUDGfLQLF0yJVWwDXwh/xE2ll7sFwuFvPFct62M+/zFu9ycwFGsZhiEtluInBjI9qbUAUWPi5hOo6sPhwV9vMOfd/n4m7Xbc5Wq9X6rO+7gFYKWKbOjSD3FM8pJ8iPWDahIIbDRUzyaIg/wY2Y7OOJTjGO7GEQo4mOc0WQTYnsbkFmDkQaOPQ8gUKw9W0+ObTGgAnMpu9v3Lr1rquPPHr92snq9HTTrft+AI+UxtjGNE0+wxiBHPHkjgGIjUUGhersluxTDCeGTAV7I+ktbDRQeY085rpKlT9BsVEoqUDJFEsTAgim33WISS1b20xMVit3kfFRmnQXW+5GFGVDL3egk7RDsTSwjGCd53XblwtaU3ucyP4RiRNy2Nnnbir7iomISUboE0IszOTnQTcnug8RFJYmh466E1MjqiiXRFFG5yf4NmE6T5qEqrG7aNI5JQF2OBuGl04knIK9SQrhZav1UQgUmTb8SBgLlDNph8h5NijxtMNvzE4Ckik/XnGhAD+HtwOZUZlCbgm/lcQ8KOGzgteYJPBcoILnxAIDPUMS2M0ymGScEicqlUqlUqlUKpVKpVKpVCqVSqVSqVQq1bNQHqNxqFIL4S/4jXlLmIPhSh+4cnAdlwEVeDl5MUSuhSf03YDCdXA2AgYybw8OFoeLxWI+8w7hlLHbQo5Ojzk1YRh6YDtisAbSbgxyIIi2GAi/EUsSVGhbN4Pz+LZp5ovZDK1NDg8P88amBQ6EWoFF2GQd2B+gm0kIgMQYZz1WXMlThNsutXqLUTguF3O7rhsH+N1tN/ktepr0+QfGCoAR8ClBE5P82pFfCZmCULXf8VCBaQqGo+Sx9MYyiWLR5ITidxKYwER0bIEqMFW+odPQfjh/bpNBSxQKAMl9o0CN3JmbJ0dn6/XJevXwI1dv3Lx1slmf9R34w+QhyxeaLcEaIdmQrw/NIGsTGB0n2RmJEkWAWXBpMpdwlK5xcbn58dR8K2eS8kvmhqgaUUCEIDIGlNIOGWHtxYYaT4R/uDuSwFqzf827LL6z1Y/s24Qw5PUeA3n+cEpITZwkQqqYOOHwHQ5GwVo7XxvDq+wUZeQIXjJopMPAGMFT6NBDO6eKiLlgEFMdkSSoxe1IhMcI0/k9yU6NN9aWRJm7USxYBbEygHEhKiF0Qn0aebJFK1TNDs1T1mk9BtPEC4xjnj6lypMmsp0NP8+G/I9CZmg7M23FLweXU4rCEgGzRyFl9CkxHIbMlFBx/9q7xElMTyuFYwWqEgDJWcHfaj3NrVKpVCqVSqVSqVQqlUqlUqlUKpVKpVKpVBfKG6pSIzOBKTqIVIBFh3cUqQOfei6Cs8VJwMomJtcgawK0CpR1EZMAsAJidJbzdjZbzNpZ2xgwNtkOWSMgHQOE6Yy5RA5ZOmHAhiTMuEGyApkE65LD4mguLUJ+zmwO7EpWPuFsNp9DgE4LPzMImjFUbh2pU/nVEOiL/fTtfpB3jZgdcEhHbi9WceHgvgfy4ez0dL3ZYIbOQE4n+RK5Q60H4xQ2AHGWwnGI1ImISXhDDjHkMIHVf+8p8wR5FFdq60aK+1QzhsMn0MImIgucTTCUgICk5HLJOaTYD/1qs1n33TsffOjdVx89Xp31IWyGDpga10SgYNrUQH06xBTykb5JMTcPi7bOA69i+aJ4ceFgYHING4zYUqZ+kjWxBHYqpZfQEBmQiy5rOTqmvL8N/+D2Lnfh2c4H55wDLdLUxGq/+pC6aYVdqBYWv20gWCcENqoR3kQQj4JLmD13DVsxECXeBHa0Aj2wkwf7m5RZs8w9VW4n0u6JD5NrVzN8N3N9wanuBsAo0yY42PnhLtZAd3PGySAHkIPIjA4beFQ3GN2Z+KlAZfyRI5oCdnfVkjI0gskUE6cnpuIqU9nL3MVBQhftb6SxIkqOHKXSOPZ5XSEckyyNHjkgmVQtJBqcQpckgQJj8dqh89uKtznfiadT0yAkWb9GnpIX4yZKnKhUKpVKpVKpVCqVSqVSqVQqlUqlUqlUzwp5tEtgsxNDfAnZJSSPNU0EUTB4AkwCsB6Z65lgqTEaZBscQSe+mbV+NmsW7ayd+cv3XJrPZmCdktI4dOv1Wf4zjGAZApEjYYCommSJC8EkHUvf4jc2ggmIc00LPiJNO8vF4bZtl8vlwcGynTVt45vG54tgBTtCXA6YZXDSBnqF5HMHsNBgnIXq2hCs4wEX8QkTKvKR47Adx4AMzLDddsM4WkrViVCZbvKeHsgRitGhojAcDkyIo/q3I6jEYIKOI0qnLnxDmA7aVLjiJVHK7vAHgZcom6DW2jTAmjgfIBMnhhS367NtP6w266OT1aPXr988PdmOw6br18MQ82TND8Ywhnwaa4P1ue9AH/gWAB4ywoCr+4IosNMJFKx9SWihSjS+9VR3v3CpPCmFaMJBYuVxUnMIxFbw5QQUKH/5c7IU2YUf7F4R2prCptT0CVfny+WS2YueSRcTLVy5t+LUUoI+nAwhQA5iIEELoBl7sMdJkQ9jrAEOpk5HagCa+eBheSFFOkeSmxF7zuYdFo+fmAZHYwNmRYQ8lQ5PIAyV8utIGoJdItpgFAjkth4eO6k6Vk7/2KLB2pnawp2YXYincsE5d5JqR1y++Yao4Re4idHFiO5EvKgnRyE+hhY3Dh3l7xiJIKqvwi+mS10g+5ggRjqPNN0FvZVuZzBDGWAcqZPnN4Dt0hDHwPcqGkcBMobBZ4zgkDlUCLLgyEBnhAcNWChFXAF5pUYCoSKjJ9LBci+da9KFZMxTIyvElU9Mx9z2kZTU7ESlUqlUKpVKpVKpVCqVSqVSqVQqlUqleqY1nyFbQpEUXORmDCHXwCEKxkYx5phAhmTHGPvG28Vs3gKU4Rbz2XI+y++W4EfShhC6btP33dBtMaemT2A9EshkAUGL/AZbADxGdBhVYwAKAVeRxgNWks/XNm3e3mZBnA44jFiPJX9LYRF0TvhmP1inSKVb2A6LWTcUdgPF17z7mIBJ2W63fT/kHyBhhoEYlFL9hzpvjHAtrHWSFwOl6hRTBgYCyMgEa9w0cmU38guAeBvYM5G/QC765qszIVBCQNi3AjiXAagDl4/ZjvF0fXa6Xl+9euOhhx++dXI8hNTHsc87eA92Jvknz8jQA2TiW6rVWjBHgfozmLgY01hwdkBsANCXyj8B2Y4oBXzHXg8J4SEcrslkoWhyhriL0vP5ojXTH4iHkAUN+S7EibopZ4bxjIlyZCySS8ZOriJ7LSo2MVOKDJMZle+ItIoZC3FKEAJiAg5sYSvO9ZcJmN1LC64TTQ0bGYjXGYO0BmY8ubpEHpm/ud2oOXHFMRyhYogxYS7A8bJjGxhX4neQqnD7ZxUmB0Efc/Gld+r3QkEh2lHGYQcPEoMVUw1T2nVtqZ0/aL+4w/kI40AOF5PDRuJfuzNITw0xayFwDFOZ+H63tHYpbAY4L3L/SGkykeETJ7e7guMOeBIvjHSq14Mx+yYuRoCe+siSWmRurwTWRKk6TxlGYPEEBMEn1zCEMLITD+Am+V51TdsCqsTGU5GILhmQiCemUB2k8/JR1SpMdfsSc3voe2QlXifttHR6LpjasmlPFz4dzu8ZhRWqP8XppKeRE78huRMeY8WqVCqVSqVSqVQqlUqlUqlUKpVKpVKpVKpnRvPWi9OJk++8U8UzF29zoXKIUBVlfgK/Je/A+GPm/eFyNmuW83nbOAzSmWPdOB+yPT053W63m/Wq6zskQ0L+R54NVGSkIrnHF77JJ3TIlzTNDEJzZgCXeAe2JI5CQsB9BVNqkgkp/4fVcyjERipDQ900BC7xI2WCL/LZk4VUGaQFxrHvUMO27zDfh8vQwtSISQlW+BtOz3GMm/iCmJQcD7afmD5w4qEAW72bzkYMClVUkwRIkM0HASi+bZP12xBONtvTPHL99vqtk4evXj06Oem70HNKix2tT43N7Y4ekncoLYDOgAAAEABJREFUusWBuYN1QhqwuQlbmzgbEIzIgwTTa8mZw002Ijjf+CJy3dzczvPh91riLe4L2OzEMAIaNJjK6wVbZ7jYLAky+9qhBqytkYCqtdbs2ajQ3lHeEoNQUmrsuTOULefr2wX4MLJujCnDCm8bqdxPrTToRSEkBKafkI/INOqJzlDBFswdCIMiq8rhpNMevOKTFPx3eIhUh/iUeJ3dvk78wbRbKkwNtaTwBjIgiagumjXqlbV8LM1rNYaJcRBscUISy1SEDhMnCfOkEJuQNsjRySE6FuktESf4ZIk8TnADsB8M/Yg5x0R/8EzRcgdug4aUziBEVkrmQq8T9uDhO5xHtYKZdhkIdrO5DS1haKLxkDE/y1I9O3wLk6OSQUguhDFQnhmNrkUeBTG9AoJYWVdldUVqBHJ5AYmOhK5Qlm9Dy2gLHR2jsD/wOZMru43mvlP32cJnp4MTQWJ3vGTKDgUu4bHLLXI8Q/V6K1NPLWKHI77GRZOjUqlUKpVKpVKpVCqVSqVSqVQqlUqlUqmeKbUNh1CAuQfXO+mr9MPYjzYFdAyAyqBvwDek8W7e+sXBbLmYLefIingDcIhJ6816m3/O1tuu64cxxDGfvwFiIxlv4jhS6IVHFxM80Ldtm8+BoTkNmp1YYk2wrBnEsiRSlTNgQVVMSUYiTih9osRrwG4h0GtIoxjyrxHr02M/dH3f520UMoHlbi8l/mTZvcTRJ17cTQxlDGF+zsSaiMuJEUoA9jGehtQyaEIkAO4D9i6wVyTiQSwqcpdzp3pI+Onyi2DN2x588MatW9duHZ2crfMgRtrT+YSBPpCa4VwuDkeAV6zEhHgu0ZdyrKSLOKpeGy7ZYmEeQQWIVWKYAc9j6ehYYAHxojC1gcWEAEggzL7dw23F1XJLdi+Jy8tS5q/OZk0FxBTiYk97deeyszSPm87ON2byukjWlqJ4qq06znsp7JXTJ9giWVv8RSZwYoJOpHUNLogd644E6UdMKFBlHQKlyKYDVx5fxzKyQGtSiv2lDQR5OAYXkG/A6zrpiZUhR4ghsvuFeQyle64cIHvE1ILZibIxZtdAJV/ndLXBZ4Yr4E6+z5aL9uM/6oNe9n7Pe/5zr+SHxbVbJw8/eusnf/G33v3wTYvr2NITAb13aAgsm2rA2viglz3/pS96zsve97mXDuYPPnz9gXff+NXffODk5AxdmDhWKCKHQXE5YPwDTBg8OQQ6gdYFuMnBMenS4cygq9LpyRo2ecJTCnxjyVDkyuUFszIx8JVk8k9Ot2iCZMlaBn87Ho1k7r1nCQE2IZycbAyBP0CoTQsmD8h87s/O8tNnFLSNYJB07z2LV73i/T7klS94vxfc/853XX/7Ox99y+888sBD19GUyJEBFT7xIELrniuHeUMYx5OTlWUzJVuYuzwFmDREk547Hy9fWrYeun7zxhGss0DGQk5u5TSfNZcuz/Kz+nS1ZjwHAZTXfPDLXvHSF77ipe97+XD5uw898s6HHvmlX/ntmzdPjWEvLHKnyi8W8+bwYJHn4uh4VVbmPqqGq2c+bw8P5vndjZsnhocp3X/f5fxydbbp+4EeYPfeczk//TfbfrMdkGnBNCxolUvTPfqYK1mlUqlUKpVKpVKpVCqVSqVSqVQqlUqlUj19coA6cKnSIhCAX3XPBcoxl18bb2at8840rV8eLBAygdSbGbiROLQbWfchDP22226HPv/pxnGEuqw3LWAkbMCRX3g3z8XhxjW+cTOIy8G0nMa1DSbrUAgM2SCkyP4oky/DZIgQEudqSAHasDWLMWgJECKGTIzDAKYmEEmRN+WDRixaIvIhxWP0AkBTDY9mJt7HmIQhoG1Ml3h8R3E9GOThyPIkYdf4K/rkl5FsYsrEsPsAFtXFVABicbBYnMc9bbfb9Wa73m6u3rzxyLVrp9vtWbcNyQ65vbmAPjsAt5kI9XNCVXJ9PZLRATibcEgMpakkRl1MlSViI2EnuAsEvJAPimAe5MSA+TuGCtVGSBTmUQzbEYglxO+p2pvEcyOKCUQq4Am7d9DVC8UhoUW2Wq27KqCJtXc0ZSmfJo4gKd4Jj9c2gS7kbn9g2d6YiZ2pEBDxOEHzCVvBPDSZRBIREUOONYiTOLTtEdCo0A/WFU7nwqYkwXqiXMWd3w1vsLRYzH7j+7/BPB59xpd84y+96XfQtwjW2T1XDv/mX/jMz/mkj1zM2/M7//pbHvjv/9F3/cTPv9n4JqbGGo+99EYm5dWvfN+v//LPeO2HvHTvwPWm+9++9yf/6Xf86NVrRwjnNIkfEbCiHCVoOSe4A94MkYf0L/7pT/wrX/yp+dVm27/qk/7KZjvCreQaYE8AUrG0EJ97/+GvfvffvF03hzG848Grb/zlt3zz//IDRydbMDHKx1pPq+rXvg8O/Klfftvnfdn/hBPnwBIqX4LzaOJ3/5MvefXLX/jH/+I//ZlffAtBG/maH/rq9/vWr3n9y1/8+85f7nt/5Je+9lu+8+GrR8431jaA14Ux9+hH//e/9tIXPe9tDzzyUZ/51fg8AIAHGTEmuIDCgbuY/Vr+9bd+xcf+gVflDt77is8ifxR0i4kUcOZs/Lq/+kVf/kWf/Xf/0b/57/+Hb8fnR/qw17zym7/mSz/6I15tZGHQi7P19l/+Hz/wrd/2Xe96+AaibJ5W6l/6s5/9N77iT/7OA4986Cf8GbF4IiKnBPTwmf706z/5G/7an8mvXvzhn3d6us47vOh9f9+v/ui35S1/+iv+3ht+8I10z//Y//VN7/fC5/2v3/GDX/13vg1G2JE7DcNb1X0i5zUqlUqlUqlUKpVKpVKpVCqVSqVSqVQqleqZVuqxGEmMBFQxk425hjtv26ZZzOd+3vq2hfib5cG88Z7zO1Lsx/Vms+m3mxjDMPTDMOAJ3HIBOTlkaNDOZo13+W3bthZ9B/JrilOAyiR4HGAT0ggcB4MaMYotBZfqE/oMGDYy4eSIyNE6yGQExF8SQyeYukO4STFpoNAI8qaw/HcK4imgQ5Oba0uwDkX6oI0JG1vAbw7poJwdOKcXaw2XpFCLJXE2woBKcIRi8GgAchnCuBlGwE2G4cbR0c2j49U2j2O/6roujMb7XBTHcQGnDJsngwgQKKe7JAkh4osxpZIkN0WyIGTiEXWxHCIDPaBEHwEdsGOU1iL4BXtsmLqYm9h3wzzxBWbKFDAcZJls2isaM3lC8MkUKbNjnVDDFXay/0i3v/j0Uay2R8waoiwSJ5DNHWR321n2r21O9tSUaxUXlVTST6bTptIRsk5hNsT56bIc4dQUOxUGLCpXCUSHknXmts2vpuHCXcTj5vEoDil01rcm+Q9/zQf8y7/3Jc9D7wrSzaPT/POyFz+fbrMPeeWL/+23ftW//YGf/sqv/+cpNDbNfNMSOJYv/t984mv+6df8KRqIzbZ/4OFr4xg+4MUvWMzbg+X8S1//SX/8Uz7qk77wbz/8yC3jZ5FNc2gw8g1I+IhgD6XDcfz8T/tIasxyMfu01736u77/50xqrY++mUuME5mF3KnvbeM/8KUvyD+f8ykf+cV/9Z/+9C++1eQu5+lw1XBDcE0HdiiuTeKGkh9OL3rhPa9++Qtvnax/7pd+K5IFk7F/5vUf/7f/0meBRRTq0evH73zXoy/4fc953/e5P9+nn/Vf/4FP/tjXfNnX/C8/+OO/kjCkKT/c6Bo0TyaN+VTgowOPGMTJjEVGL1oGjEx9c6U8TXzDeQvuO/SYip/1yR+TP/3ef/8TFFH0uZ/1Cf/qW/46TcF6s33goUeHcXz5S160WMwODxZf/sWf8/rP/sMf+0f+3AMP3TBAs3mJ6aG1E+heTY5pKVNja6nyGsJnNvB6MUjzgsk/yFRNgxlHhHMMXsgAK2PO3Wi3ufFUKpVKpVKpVCqVSqVSqVQqlUqlUqlUKtXTqcYGdPGw3jVEWXjvZvP2cLlcztu2BSeSBoCGMdcuu27d9z2iHSMENow9GUYslrPlwSzXAGeLeRbmWjhkOJrGk2OIm+qDgIxgsb/aZrhmHCjigew40Kkh8t4RoIEEIRFADBBfMo7j0I8RPCNifh0wScew0wGxAXwJj7VLh7lBhkrVVcnYe7AyoXQO8GRBcxOGOyq/E1Pq/0SclAI31fFLudsUcAN2j8aFZLs8fAHgmtW2u3V8fP3mzeP1atX1667b9B2YuuQadDPP1dw8vt7PnHVDiIiaYCCIs4DVAJvjy6VTqeyia4hLiRGNZCgdCAYmcYNggB06nzjcW3gOGGXpiFihSDYNzQzNxg7acRvOo4YpajFaxDYnxWeFg0GmvbydAmskqyjtAyFlH7Mz6BNdxI4t/OFtHFBKvXofqTnfNUuogBXix+FImkKc2DrXZ7pcYzk1hlOEKrKBqRsxeXG0+omLMoz9wO0BFkAeq/v0Q7ARRCMZ8cxIuGoxL8Zx4Ist6FOMQgVI+E6M+1Mj7/uu/1N/5X/OxX4ACFLId1gy8UM/+CVf/WVfkD/9t9/7o9/zH36ST8JBNu7Nb/mdGIc8FC9/2Qv+zTf/+XsuH+QP3/XIja/5B9/+87/8Gw8/ch0eDYvZB7/y/f/sn/j013/mJ+RPX//pH5tvwb/0td+WTwFOL77J53z+8+//pq/63Nyddz5842/8g//9h37054E5wOF62fu/4Bv/xpd8/Ef//ufed+XffMtf/tQv/Jr1dhWjS7YB26Q8OBJ2g3cCjwmN10d+2Mte/MLnGPFK+vxP/+jv/J4fNWnpwB8pOknAwgwbHoX/+NNv+tZ//t2pcBvWPff+Kx/08hd/3Gtf/V99xAfnDv7jr//ij/ljf2213lrXmtRUFjoxjB0zEtaGhDBaSp/8sR+cP/wPP/mmbnuGXkP2m//WF37hZ32sQbbma7/lO97wH9549doNWluXLx/8xT/7R//Cf/sZy8X8H3/9l/zhP/HX3/67j8bkgAOssBgAffAy+RFMzzXIzgkjAWYx4PKKUfglM4YOx8OBzZJrEn7+oa/5gPd73+c98NCjb/q1t+Z93u9F7/OtX/+XYQoefOSvfN23vuEHfpye03nLK17+4n/4Df/fT/y41z73Off+X//y777uM//8at3jOvOmtIqMpCxQcpPxDoyjpTCpdz70yA/9p18AvHAcyLepuskC/N+FUqt4c95hJOsleuLCmqNQKcQL63WrUqlUKpVKpVKpVCqVSqVSqVQqlUqlUqmeWd13/0GLTiSztiV7Et8g5gC1wpDiMAxpAD+RXC0cxgBRD+AgYoL3fnGwmM1nkI3jsXrrwMtkNmvzOSKm5XCqA3h8gPkHXjChwQDUJiOmJxB6kK8XA9fKKV2HMzSAOYmCqeDFE1iZDCOI0nRwv4IOTESCM5UjBRMWxjeNNSWGBgkMJEuguu99ijgG3kmACRVPCQzgEwFxQtYwZJWAMAx2Ar6NjzYryYOnQBoj9Hw7xtNtf7rd3jheHZ2erbf9erPt+r7PvfEwCKmd5Rq8+UAAABAASURBVLIyxe7A2ZuG4AzkYMTCJJETBl1OgAw0A0A6BxMocFyxly53hI0gxCkECrcY60O9iDQyjj02aGrEpEAcVKYB9dNeaOMyLaCJfDFRxtViygkxMBbbj64zriTLCKgjWBBhKIGSWhyuDje16lyBGckMuhSRQ9FI+hIzQAU9KXk6pb2cJJXK4sDkGuacjBFnksrRJJ/Cy2ubKNRG2CLmfMhoA40m2EYnNTJDSfqHQ2eS+PeQP4kjAsrs2LnYybQjpZLmw6CQAC8pmQlSqarwF3iZ3EWJPi/bH/vpX4uhT2FMIS/OfNeP3XZNn/7223733//QT2KgTwOxL/nH4Q/YnKR/9ne+mIiT7/nhn/2qr/1HR0cnRqyT8kr/lV9761/46n/4Ez/3q9/8N//84cHi9X/kD33n9//kT//ib8FtBO3yX/p5H3fl0qLrx9d/xTe99S3vSJEcimBZv/133v05X/y1/+Qb//LnfvrHv+oVL/6EP/jq7/7Bn002P7GWdBtUi2Oik+gp8vrPeK0BH5Gjn/ml3/ijn/oxH/faD3nefYtrN7eYrdMk69mQI0080COP3njjz/4Kr0TMkcm/v8/87DeZ9A//zpf9qT/2ie/z3Hu+5E984jf9kzfkE7hp/WG4zbi11udlFWN+mDR0zj/yutfk39/3I7+YYh+iee2HvYKIk7f+7ru/8Cu++bff8juwuJAlyw05Xa2/4Vv+9Zt+/a3f/g//6sFy/s+/8S993Gd/VUjArHnfTCs4DLCS4A7La6BBnxEwfJpuqcR8Bu0fxh6fK/mR1ILZkoXon8/61D8I8/WDPwk2Kjb+5S/5vHuuHHZd/0f/u//Pb775HZLHBOd4y1vf+d987pd/+z/5+s//o5/66g962Se97iP+7+//KRpvfuYC6jLSQ5LwJnl6oIsMTsu//48/9wM/9EaDFJxh1ixM6xV8TeCxVZxT4ISIyeHNHAvaFWvrKgVPVCqVSqVSqVQqlUqlUqlUKpVKpVKpVKpngZ77nCsNFGExz4MMJqDiN/RdN4y9ozgWKPBhOoMzDVQ/wRekbZv5fL6Yz4GNQIwA+YDyLXdOhLCmVD8TFemjIY4EU3XSTuRIou1gokJsCRwSJugkjSEghRJH2Bopesey/QTbpRQnDDexB1jXtyWPAyrF+XiowzoOz/HIziQIqwAZsklxTGyYyYEDHBiSgx1LeR+DdbjKm9CdZLBmOwyrbXe63Z6s1zdOV8dnm+PVejtGMJCA0crX8gE9R2BwqYBurIyVLVYdaYI/pMBNAISlCi+X2Dk0hzGOqRpbm4/gUclUTiHJPAG5ql4sfwWtIOsOhGaMGKVIJZndTXb4DzM5l3hbm8fcVlbaUO/mOLeHGY/b9is9oZwgGW5yGpmcTWrPFUpfMpUFC8M73KD6LihDQkwOog+VnK0sevhCrvw4s0daTOgO99HsDTQZyuzZylzUTTyRI7IEf7yRwB4Eu0JBSeA5gehGfvGJH/f7X/Xy98ub3/Tmd3zxV/6946NjdmUBkKtxvnV+ln//uzf8xN/6H/4lne3/9+f+WAxd/knAuAyvecX75o0/+6u/jcTJyEYjSLTkA/OLf/WdP0wHvvoDXzz2W6AuMEqGXIDI3Whn0lM8WLaf8Qkfnl9+1w/85L/9nh8xGKb1OZ/+sSlfNPb5KggXJcGSio9IfqoEtuChccgNgDAd//f/8f9Je3zIK18MSTrjFricNJYDI5A6fX40AayH0MZ99y4/8jUv3Wz7//TGN8EV4/C3v/LzaO8v+xv/02//9tsNHB6B0rCeRsk37Q/+2C99x/f8WN7nVa94/w98+QtzZy10dkI0wFYEDWnw0QweJ+PYY7wOkTrTbSBNGzFhJxDyRXfiZ30KZuv84E8kQAvjh73mFfntG3/hTb/55rfRnjjRMMvGNcY23/a/fTed7EM/5JW4Q5jWA3Qe2iNPaX4UR7oWPC/reCBZpRM+EtFfZ6ysgCKCR/SzB42pVCqVSqVSqVQqlUqlUqlUKpVKpVKpVKpnl/puDTjE2Y3T05tHR1dv3bx6fHx9tTrqhzXUT93ofGxas1g0h5cXV+45vO/+K8957v3333/flctXDpZL771Fj5NcDPee6+4VgZAq2AAdBSIk5OA38wOgJeMwDv0w9PC77/rttt9utpv1drs+W69XZ6vV6el6tVqd5Xfrs7OzzXbbdT1YrlBpWKr13Bkp2wMUY9G6BMN9LKXkQAWciuAtlXfB4AUcXmZtAz+wN8QBNQ5jTfh41JSjAh4caN2B38WHn5iGZHJNF9Jzoo2mCckfbYd3XL/+mw898Ctve9v/89a3/to73vHbDz347pPjo9xDlzpvNjZu0WMgYTxIdXpiC+yO1Qr3zkmWSC0+zjDvw5YuE5Ah79ieo4Ibai8Te0fQ47a6/WFkrkLl74g5L5FdTtIeemKE2LAXOhfYXeEEXHjF+tT71MbjVNqVkb7Qi712mWoR1l1orAQycbJQOV1CuxKetcnjxFpyMbFs8ADi+cadPY13XslJPF3kksW/pmZcUnnL5zd3FBIneelDChXiJinmdd/KsbQi8S5qZs7PDFqe5BZ+1Z/5TNrnb/79f5ECBjoBzOUtUhS0jhEtGP/N//3jf+5PfsYrX/qij/6wV/3BD/+gn//Vt6aQO+Vf8eL3yYfnOxshg0SdBOIEu5wfFr/4prf/xM//53svHx5AdlfySIN5TucqC4IoKgId0qe97jUHy5mBYKAff/Ob33J8srrnyqUv+Oz/+h//izc4hjbG5BpTop/M9Bfvvty7mfVzC/vkxTs+cvXk+s2T595/5eUveWEKPXiJRD9xPACPBfZpiimPYj7vp/yhV+d+/Mgbf63bbPOD4pNe9+Gv/dBX5l1+6Cd/+Zd++dcBp0DmDa7VzJ0jaxzwLfn27/rRz/rk/yq//bjXvvrXf/N3bJPnwk2NjAGDssDnJLICrijh0TBvrNo/0gzQyssffcBLX/jBr3j/6zeOfvbn/zPubD7wA14MU7DtyHmFFyGMsSe/oJ/++d/48Z/+pfvvzQ/9BTtY7YJNyUaLQGF+/fz3ufI1X/nf5Yfo6dn6a77xX61X64/56Nd8xieBt8rf+rv/bLsdjK2fHBFxE29tzaNRmwNYEiUJ0dq9p9XsRKVSqVQqlUqlUqlUKpVKpVKpVCqVSqV6NsiaDnNhotRbDfoTuAb4DN82TG+0kJmT3+RqtKO0lEDwCH473TFqAucxu34SjgMY0ECAMnJAWByWoilmr7CRCe3A0TnwFiqcjuvL0xfe6bvvzk3lZnmNaSmMnvAWckNBmgRKvEYoAdrBIpViJ8+IAhAYM1U7vZGyLdVzA3Y1YKJKgI77aNzmrLt+/caj167e2KyP+u0ql1chmqWxy8PZgYWatM/j4QNsg4EF7MRMNdUS0VLRIBd/xR9b4mRIHMZplEOKhYkt6R/Ufk5iqTxO6qKtcBqP7YASKUdm8rABx4hUBV8YGcrApFEkw4MweRlwydhRVlFpg7XSVGE4HsvjQCgLPjPPUOQ2pJSm0JU0jZG5E4MRS2pOvXXHhCXVJW934ckamshYW4ywx0ntlDKtbGFUhCWpSBZaEsmyjUxZGTtF93oC0uM1h8AzAXFCp4zeNTEMtqS6sP1Ji+4jc9fMjcuPBPcBL3mfP/CaD8if/6effdMbf/5XcW0AceLahfMLSuGhHJYUxxi6f/Bt3/PPvuHL8/5/6KM+5Gd/+Tdxsv3bH3zk/ns+4GM+7INf9ILnPvjQw3hjZsHl8MIxjOazv+jr+m6bz+LJ/gRuY2ftRdQT4jZf8BmAOPzmWx/49d94ez7+DT/0U1/4uZ/26g986as+6P1/622POnIKQezjgtVuHRqc5G4ugJ6x0ALbNPdcOcwfXr1+C1Zbfp7lx5YXJxhDLiNJ3FPgxR953Yfmj97wI7+AhijxYz7yg2nn//F//Xdk4IGQD1zFtzNI/MHQsRSHX/2Nd774I//kOHS4u7MpOlc9+sg+xPCjEp7BKTauUFvkJxXrESnLglbuZ34qEC3f98NvDIGcWtJb3/HgR33EPR/70R/20pe88B2/8xA9OxzanIBlVAJvp0///K+K5G5C3jw7F0iWSaj0vi+47/v/9d9/2fu/4OT07LO/6K+fnq7y3q/5oJd86X8LcNLf+eZ/DtAJZk3JdFX9ql2RTEkDM8jyJAVMVCqVSqVSqVQqlUqlUqlUKpVKpVKpVKpnoS5fPqB6JFWzc8XY22IOYjF+Bm1CqMALmTdh7MMAUMhIphuWUmiwLIipFJPbQi4elqIsBOPkWmigb+ZTwg68oQ1UekTKhMwgaAcs3lJlGa+fC8DR8NZCmRgBTQrHQB95t5N44tG/BHfDQ9Awgg4n1IQOL5XNxGABsx10YMIGA0KTW+JcH+K6H0633en6/2XvvQNtu6p6/znm2vvcm0YJkIQQQhekSZEQkC6KNBFEBPQhPsWKggoW5CnYsCAqCCJPsIIPAZEuKB2kJAqGlkZCEtLbTe69p+215vit0eaca+29zz23JDfv98Y3O/usvfZas695/xif/R1r1167e9fuPaur67Ou20Rc6yPNcUph5KbBPqAsMWkqFpi3AekFH0pWDMmWA7l24U+q1B/W2MKUlD8gJZQC6nC8Fo5zZgF1CSGU8DsEqN005q4HjjHXd6ipSf6Y4aOElj9pQXYXdqko2Wri8LsaqAgLm4JVMp1hVN6OK2oFcNSL8cGwZoKRZF7AnFgGdy01WdDzEwFuDAHhRFD6tSy17AgU+PEKutAz7wK29OWWzLsgGBQzGozqcElXF7dXiSHhTiIv9QbZgoMyy+SLojkFTVYYOpn0l9/55BPk+//6yjlBnhbCRQikIGKDkuPwwPXPekec1Ve/folcf4fbHY9Em836LeYzXzjrQfe+yzFHH/HBf/j91/39v7z7g5+9+LJrQ0k0Ffu9oyU+ZNLPyGQyjXEKMFHoRJ7nPHR0B55021s+5P537Q//z3s+Lo/V29/3sf/xA4/vzzzzKY952Sv/IaUWaPfphEErGwGoz4mgM5whaMpF4qNO/dbphHior517Ea/nNFxpmttLZw7CUUftePi3f8us7f7tY/8lqMddTr6tXHnmWd8gOofNlOJk2qzsJMAlgqwXmo5Zi2FCk0CrUJ7q6rEmfotMVmgrCmIuE7KjVGCCkFMOVTYkmZXi96c8jqCTd3/gY3lyP/W5/37wA+99s2OO+ti73/jqN7zlHe/+929cdGW1QNg/JbGbCkoKn5ERk5ScTrrdrd//j6+84+1P2HXd7qc851dO/++zBZkaJtMhp5YFu0GdC8wWuNSG1g8c7jgH5WfkcrlcLpfL5XK5XC6Xy+VyuVwul8vlcrkOhRpO20Dh5aZJ2JKBBnEdHCUmMw/xMAnRiALA2J9NEv3DHAdUNkJinRzkRAl7issBBUE5Hw6n16HMOmxw0orNiYXjlSHQWKZ+kHQzhreoE0iIdpWO6LtkAAAQAElEQVSEJgWKkTvIPYAT4kSjSSTJTjH34DZRSgozlUALOzeS8ATMKABKwo1+KPpwbpdC26YWu1kI6126dnXt8muuuWLX9devru7dbPv4L/WkHyKKWe/oQ/SJosvMCUQuKylzAMocAJqTRdAKa+cFwIEviV2indYvsq9IGMAoMHdQFTEwOFnAJCCWUO/4qypGn88MS6c3cZdJQX0+uL8wpGUCjCvfIoIMy75VHAV1XFKOtIMNFY5pjDE+MjyQgLisEqgMR+qmhLmTpVhDZyZoDwObahjXAZkqQs6ew1YeCphAph6Y1SiJl7hZDY8lCDyTvXeQUtIMUo1kdAntuQLjszCNCKbS9MKdQKzAF+OA2JRDcsGweQkBE32tJ9/uNvL9+RdeqpeRE8kKGXiQWchUSwDsb+6fuIuv2CVNvePtj2fzmzak6ave8M6HPeDuD7jXXY6/9S1f/gs/2r8uvOTKT532lc/99zmnffHcc8+7eNbOqIz+eaLSJiCJsiYTSgOUNwIxlqFnOT3jSQ8ObHfztvd8grCj2Hzys1++6prrbn3szX/gSY96+R+/OXCGHbLewaYehwHDJOsG013vfNvveOBdX/RjTwiExaU3/uP7yzNYLUooeBw9I495yD1Wps1HPvOV3bv3SlF3viNBJ2vrm9fuug5locRJM90Bcdo0E8J9aI/sXzSGk5X+UxQDH1olFWEnGxblJ8MZCnwjLAemKOQX+7hUy75fBkrY9aXc9oRbPeh+99i9Z/UjnzxdOtKP6iv+5G8e+dAHfPv9vvX44279uy/9+f514Tcv++inTv+P07/8uf/82lnnfFOHl7a2YBjWcOAg3P6k4/71//zJySedcM211z/x2b/wpa98PSg3F0P2OELD0Qbbhqy2OcsgEPKuE9JmtGJD2IL8crlcLpfL5XK5XC6Xy+VyuVwul8vlcrlcN5L4Z/MUsmzlN/aBM0FwbLqKkEf9+T6imj9IcocumX1FcTcRQxDszN0iSQYeCtdutuSQAmZ2EkDjj50Fx4Ud0Qi4hvsjmkUFFM+JkiInsyZQSYpqAuQCg/w2HzUPC/9InogQiVKTmUsTBV9ou8TeLk1i2wHqIoAYnGxsbG7OZrs31q++/rqrr7tu9/rG9Rubq31EHGILTWoabCbs7RIBmRigQtgZJUgSHY1VE4FCQVfowNID2ZgmC6IbVqK+ApVTQY4+x1DFaJOm1sjzM4jfgpoVLIjVwnyg1yCEWNmEoInHQ9GOVH9rNVp6HUWSuiAGMXnYc3vAvGSgcEUhLDAvwBjmpNUBaDYcqOvmFCeDmLixPBKUt8Za7UZrxGjckoy5+jFoC8sALSBgzBamDO1ElprklCoeMiUREVReJpUyLBO2CKvXRhEQiumMrLRSWXbMsVaG5QIrOT8xXW4b5CYpyxU560p3x9vdSi74xkWX6nUwCXHKbIokZ8krl7iJzba74prrj7/VzU88/jbaYsS1tY1n/fwrf/35P/DMJz1iZUoJfU4+8TbPfsqj+ld/fOXV173/o6f99ds+9MUvnUfgC5DbCtuQCKNgHjBqdkKr4ZlPIOjk45//8mWXXSmbRn/2Xz746R9/1hNOOO7Yhz/k3p/4zFeh65/Zlumwsrye8JgH3fOf/ljIG2Z34u1ve+vb3Opm+YK//If3nn32Bdo7aBbMjq3AJzzqPv2f9374NF0ZEO500vH9mQsvuYK2PjaQ4l5QGjMdWl1mkV1k5LlPZSOAqgrZU5lQYcZF3iWXU6r25bpdYq6Tnvy4h/T1/OtHPruxvhn4zr6be1c3n/LDv/w7L3neDz398SsrZO5y8kknPOcHn9i/aAquuvb9//4fb3rLe0/7r6/ZyEAYegvd8Q4nfvBtr7vdicf1Fz/x2T//la+dL5uepsvKl6YOU8ucTKrutoP9kRMnLpfL5XK5XC6Xy+VyuVwul8vlcrlcLtdNQV3bgWaW6aP3XTL/Eg07N+q/oDYaiSkVQUk0d4jG1DNiQr+4px/dB0FLOIpNUdeWxKYmUr5YinDYnfOYDFwlLJ7I0e0aKGEcIADEKnVOgQaqAwCoUtVw4UlLzLH+JkbN/sEhW03n00xasnmhpjMvAusbG6tr62vrm3vX1lbX13ZtrF27urpnfWOzS5sJO2gSTFKIiaKrffyaYqwcxm76wsgfhUPGyTAC5QMQwuKQqaUICZUhSMi5bGABUVLfV3/OHiA8BPXwhgH8MOejYjYPWHJchDw+jOIM8trQ0FZGG9k5xhqNuIR1yPM33x1O51G3aNQ3GaECW2hF8hcGmWbCEmVMxsxstC/2IQ9WNWrqTQLzpYqxjl7I305kDmDYBDuVM4OMOp8HMQ6HRpklLNgRVC4vSiXlSZHmY+5W0QJ+Z64ny77Io8MN4soaIzb27FnLjyg9nLGyaRH2pe9zbPrn5BbHHNVff9U1u7RfNBbxut3rL/qdN77sVX/3iFPu+Z0Pvd9Dvv3ed73DiVLybW518x95+mP711+++X0vecXfQmSiKNpjDMMsTBBOuf9db3/Csf2Ht/zLR4l5MkTm7e8n6KQ//4Pf+6hPfPoMTDNMLbm2lJUcbn3szfvXwt73z///+qO/edOb3xvYocQcXxbxUIg7pvG7Hnrv/uADH/kveWx77bp+7/G3vsXq6lowjonBOOsIDhYCJd+hz508utqR3E1KV9YRkBK7ABOC3HSHDpKwDOv0OvX4hPCU7/6O/v1dH/i4Lpwg9Ey8Zteen3nRH73kt1/zmIc/8LsederDTn3AXe50e52CW9/yR575xP71F3/9jl966atRbU5Kc+9y55M++PbXn3jb4666etd3/8BPnnn2BeLTw0/BMAkOQY5980bUFCywOXG5XC6Xy+VyuVwul8vlcrlcLpfL5XK5XP9XqGICNPqKFvIH/im9JBkxaxP68T12ifERze5B8U3zLOFcOXRhJwl0EuIgpI72g31ykeADjrwWnmJgwsGB2Zo5wQKflHw6c6iKlTMMuupv87kQSnQDyOlHyAShD/BS9hLNeAOzvn+pbTucJdy1Z891u3dfu2v33tW19dlsfba5J7RryGlc4iRx/BuhQYzspqGUAIKmTCHopBiXSJexr5mTGsWMnkAef0C1KtFTmVkYGJzMTeJcxHYAUgTJixF1AAbcySgyXQLbg/IkS446duBcPLvyAZGLQ+GQ6hrm2ZJgrMYC1iGGZXFoibAbhCF1YsjJnvKJqkk4OFNQD5xjSKDimXS4oJi08AdcENCv0RS6ZRLUOyjkfDc84tQxhDKpkLPyqNEFcNYYmbeo7ivUraiYTKrWR3ZSqXoabJrtuR20MWxDuKUjSq3zL7pCDk6+3XH//aWzeTRtLdZQjYxxhFvd8uY7VsjL5DxJx8N9Zk8g6vKe1c33ffi093zwPzC1tzjmqFMecPfHPvxBT3rsQ084jvxUfvKHnnjhJVe+4R8+FGjPSWInpHxQNPea1D3riacENla64sqrv/3+dwdZZHzFnr1rRx91xJMf+5Bf3PHajdksdjOMTEVYf8/42tc/8OHPcLsEmqH3K67adda5F37lzG9cd9315NvR7xbNCnD+oEWrlqbqYafc/cgjVj5/xrlXXXUtn6SJPvv8S46/9S3ucNIJMiK8MzJ0gonXV1Sbkq6VlU0mT/TYJqO/bJtOtLek0GFswLYcWWiodidtR/m/FugWtzj64ad+28bG7EMf+YyuRt1kI6XgieG669ff8Z6Pv+NdH+nLOfbYmz30lPt992Me+uTHPfKE42/d3/7TP/r9F1x0yZ++/m3SPmnSLW5+zL/98xvkgmOOPhKwozxBnB9K9mrtZjU+g13MTF2Kl8vAQgXzljgvcE7F5XK5XC6Xy+VyuVwul8vlcrlcLpfL5TrcImMStSTR6CunoEkWugeNHWJQV5PAMInCJRS0pOOui8ydyG/s+7MdXUfsSY62x6jeDcVGhU0RcnA8qP8DDCASjkf2lyH/MQOKAXQSpOn2riwFlmi7cAPq+8DQSSJbF8VBEsflpVmbbdq7trG+sbFr9+7Lr7jy2j27d6+utxhaSpVCiX66EDZiaMkjpQE+08eFI0VYFaKJ1hHU7DFz4XvuUZLkHRSQTTUJ0JhnhUSB+2bpyAwcLhYVOT41YHEmZgzTlMHmyRrcwUH7PGbGHnSWBwOUDulbnAZ1Rc5chJZMx0CTmlNZGBw2qAOGZiI6RGAZc8JyDdZArpRPCAaly6Kah4JhVJCTDjmEOYoAUHEoQylQJzd33gpVQx2rEyeh0BtcQFRLEqy4lWiZorKPiDwn8sho9xYOgeI1+pgKZpJrBDuGuZOHVucZdHKnk08oc1a/B8iT1L+ffKKm4zn/m5dZGYzaQEMpZQyW6mZ45TXXv/eDn3n3Bz79ot98zY/98JNf+RvP78t56c89+6/+4X2Y+pFpUDPjRKGqeDDSETsn3/vo+/dFNE181xtfvrDNRx2584mPPeWf3/eZlFpIXTBipdcXvvz133vV34opCyfxmTIApNY9nC2or3QaJzugWaGvcGDHo+VgesKj7hcot85/WsIs2iDO+cYlD3/QPY+9xTFHH3XE6tqm0Dnk+WHTwrtqh2wD8pTHPWjHyvSyK6/5xGfO0EfJxBtxx3MrNifVdMs2nZY8M4hP+M5TJpPm3z/++X5jC5Zbh//yGCZatJFxnr6Yq6/Z855//eS7P/CJX3zJH/34c572qt99cX/Zb774J179l2+lfzDIJIYquuUtKP3QpZddcetb3XJlZfr6P/7NRz7pudZgKTyPUOYZt0s12V3c/PzRNo3gcrlcLpfL5XK5XC6Xy+VyuVwul8vlcrkOtzY3NiQPjkTDU2BqhJPkhOqX5JI6h7PnULxTPvKP7oUywZjjzBxDTRKtF6ZEU+IwdyIBTgEgmglkVwmpRh0l1GAih/D1MghQOZoMI+nFvaP+NjdemqRx+b5tRLGQvcJm2623s9lsc322uba+ceV11+/eu7q+OdvYnO1e27s+61pOYNH28V0CbyhE21FMti+k4d/6c28w5OQYiVEUsTMJRsFYQ9StIAbhawLW3yqtgLkfAXNyFgnc29dYIRzLLAB4wCx/kQ4qLEmuMrYEmTufT0LlkrLgXvXNyfAHbmGZAbAgSc3gWzsKc01CYWOyQ4/ZmHB6pPqyEq2GquRiwcEDs1X8Wx+Ckvxk4Dkx1+j602TUHbEMUpcLzimjyXqCoVb2DNll0rd5EqYeDsGrZDhiNS04/LuFlsXu51CgRTr/m1fKwSn3+1ab/STt0Se1msd+n3jyox8gH885/2JZ3o9+2Lfd9553aVN4/T98kAmPFboOEvsBEcrVdt0b/v4997jrHZ/3Q08+YufK3e584pnnXhJhAs2U+YxE1EjSwXjSd96vvyaw08nCBjcNPQPPfMpj3v6eTxDb0rREXdQeOLrFcNIZyqHTqCuTGs80MU6BeJQJ19uNymfQJzz+EQSdvO/fTxNsjzPyNF+/4HK5ywe4VwAAEABJREFU5j73usvnTv+aLS5lTgjka2eJc+bc6x4nveF3frI/+fq3fOBjn/5PYD+bugqa9Ea2EtlVec9NHdiDMGpVSii83fc9/hH9x3/R3DpBWKrvfswp97v33dq2e9Xr3kodp+0tMoXHTlWYZm163Rvfdve73fGnfvQZRxyx457fcvKXzjwvSSo21tnnfuOJT/+xH/+RZ/zyC3/ilAfe92d//Jmv/au3V1tZZcQ0v5y3FIZiRDNAzFwul8vlcrlcLpfL5XK5XC6Xy+VyuVwu101Du3fvZmiEw8QQ2fjEPE0kOk5nmC6hH+Hzqcoqg+/q45ShCxouN6aEoQfyC8iQSRDopFGTEvqWw5HqyFA7c3TiLwHGXDR1HpJiZyLNqGP0ocAosSIPpNHsTUJGHTGRZwmsrW3sXl29bs+e3XtXd+/t3/fu2Wg32nbWYcdWGV2gmHQHsaOsGpyjQ7JhSHuD9ERtRSzITckymCfAzItYw0KmUMDQETScgfuAA4oE6j91oDb3V2LtVS3GRLCfC3VYaobM8gSDZBZFb6tTOCBOsDoOC0gXoUtS2DIirKmCDDSij3HJpVtGpWXY6vZUlEmo/D8E3DGSw+6GMqziJFPW0oJoeGT/CKhIEzDyJ9TtlMQ4NQ40ET8UqKCWLiVeOPRMmIMKWDqfCDqvEqFvBhwWk0yKU0kHc+4izb3CZWEBkghTSEKjZA4rLBrL3OKtw/kQBvly9OQF37zywkuuOvnEWz/+0Q+++7fc8eyvf1PgNF5i7NWDUXAHTN1RR+x41uNP7W+78prr3vdvnwU2C7rX3U9+yU89rT/5sc99+WtnXhAhtqHfhpoAK9BMyNKkf+hS97kvnvW8H3pyf9lJJxz7tbMuTKEl/KvZAXGC4pXC9kzPehKVf9U119/94f9jtrHKNFwMwo7wmHzgza946IPu86iHPuC4W9/iql3riC0QHmRmPjTSdCVVrXYmYnaCoAl3mv4rIk4CJ5fBBWjLgx9wt2NvcdRXzrnowovYzYVSJBG5cvb5au7ywh9/+rNP/202AaJMNDCZUl6yltKWSZk/9L0Pkys/+pn/Tt0mbY8VScIORdAvJtqUmFoB8pXq+v2ZNul2lNJMWDOahCOP2PnYRz6ov+a9//ophZnY5uTb7nnXl73ouf2VH/746Wd8+ZyADTM3VGPD7SEHo9R+7vQv/9SPPqO/7A4nHf/lr34dG33er77mukc/+blXX3nV7/3x65/x1Cfc8Q4nvfxXf+59//YfF118Ne35OGKXkMm8pjxPvHME4veqRlOlgR2hOs4zxInMIBb3HHkK9tMxxeVyuVwul8vlcrlcLpfL5XK5XC6Xy+VyHXJdvet6oKh6ipWxgSXcKck99Jf+wDlClJFQhoJuahrGTShdTkNvfdQYY+QY4UQgE81wAqAXBA6eJpR0JRpEl7iiJWRQQsFaChbAh5rGSCjRdBRyRX72X7iTyN4EbKnSte3G5kaLYaNLu/bsvnbv6q49e/esbezeWJu13awP7nappcwxDKYQrdD3gqLMiXsmeX6ohakRnoU+IGMNln+FGZAGlJXBTAsEtbko5ILQAdzPppqNtIjDMJsAGFIodqRThkJG6IxMohYrKA/5O1RNDYMqaw+FUPub2H/jwK56rmjHpMrIV8ZgWZgGeUdAbWo0dh+qCZ0z8UCE7O4ip/oRrxPiaG+HhwmCeGxkBsfaRTRQIU4EV7IPWBnkaGd4WkINfLBNg8IbfIZ9NZoCXijvkcEebVdcUHrphHqbBBsO9cMAyBmmzPAHQjkjRzzEAcvDiUoGZfOfuWmGGhbRrEcoT1qUHCj2grlXqNptLbPGpwS///p3yhe/+vxnS4olgifYf4VsSPqPSV2SfuzpDz/6yJ39xX/21+9c3bsmK/PMr18s5X/nqfdK/WOYWi6fstvEyRGTlSOblSP7g2+5y8ly2VfOPA+z3xKZomDu78m3v/Wp971Lf/COf/1U/7TzbkCMSCyv+M8f+GRgv5Pvf/IjqVmpxdQVqgpAEusQcTLZ2Uz72o9opkc0K0dFacnKEXGyk77lVDthDLtRr5/wGHJzed9HThfXExB/lMn0k6ed9Z9f/nr/1fc86pR73+tOfReSbDvtRjubUSoywpTSzh2TH3j8Q/rLrt+9+h+f+2J/njobaksVepQJKOKBBclzlrqgqKA8xDA39/jdjzrliJ07Pv35M666+jrQZ4H4p6+edYFc+T2PeRCvqMQ7adM0k6aZNpOV2NDr7ne7i1z2pa+eUyNK1+/ec/XV1/eLYWO9feGv/l5/5qijjnjNH/wqFUVOMBhG5isQBk8K5LfSQfuDspIELlGkShdi3B/DFJfL5XK5XC6Xy+VyuVwul8vlcrlcLpfLdUOpJWOPWdv2sc9uc3NzY2NztjmbzdquS2pkQtxGnPRqptPJdLqyY2Vlx86dO4844sgjjzzqqKOO7t+OYO3sI5o7d/Sv6Y7+oh3TlZXJyrS/L5MoJHFCIWCDvEP4i4ZD3+aRAtEOoIRL6xCqWlPwL+ZREv6gxJf7L1tyWQgpNjOADQybIc6guX7WXrln7yXXXvvNq689/7Irzrrwm1+74JvnXHTJxVfvumzP7l3rm7sTroa4GZu2mXRN08UmxUmCaZhMUzNhjxPxDekD7Q3AhKAOtmmAUJxXOI7KdhWo4Xs0i4GADcf3GyFzwIZBo68oviRahWbCQQVXBEUw7iBrcM7qDzJ8zWgczQkmUxHLM98oj5CCumgEjRljCfgWsqUoWXGIddl6g1AEADYC1P/GUiaVJtW8SN0gm3g7I62qfD5yuD3U16qxTPFGyJY7MgOl9jyUoQY+sq+HWo1ILhMGUGJ9Z6inooT4ozh8gGFETHgE7bYOQlQDH2uYMC4QCl8Cc/NTebzg8nlcLpunAfID1iaeIR2BhQ3I12unAP7lg6d99dyL+g9P+e7veO0rXrBj0mCapW4Du01+tdjN+tdPPvMRL/6fj+8vu/zKXX/zf/7Vlmjz3189f3Vtoz//w095xO1OuHm7uda1m0RU9E2ZNJPpStPsOOqYY77/8Q/vr7ny6l0XUUIffTgktZAk+upfP/j4B0nz3vquj4HiIytxsiNOd8bJEf2rmR7x7n8/Xfa1Z33fd9I6J3uQLpQsOXQbOaMQbLGD7p3s5Nt3Nv1Bs6MvsP8qkBFIHEE5eYCf+Ohv7/+878OnKTYnjyRtT83zX/amzVlLLfyLl93/PndFhk76Lreb6+Rokma3uPnOd7z+RTc7+sj+mpf84f/es3t3SG3oG6x9lDxn1GbOVtQhtvSeCNZJ/VCnFsWYJOBgqdCf8JQnUG6dd3/g4zlfjVi7nP7fZ+1dXe8/P/eZT7jjHY7ri2IHFzP/4VVx9M2OfvpTvrM/ccWV11x44aVlJemoRdoW4+RDH/3cP7/n3/ozj33kqT/0A99DWzRjPYXFsuUDB8GMOG7icrlcLpfL5XK5XC6Xy+VyuVwul8vlct10JNCGxCXp9/iMluzYsUM5EhbRJf3r6KP6FyEmRx6184gjjyDi5Jgj+XXEUUfvPPKoHUccOd3Rh2j7OO9KXJn2ZXF+jMi5Ghr+Ub3CJxapb9j3pOE8G5TPog8yNxCh8oEYtRYh1BCCxcejxlk5WNyFZhZiFyebzWR3212ya9c5F33zS+edd8Z5F5zxjQvOOO/8My+86JJrdu1a3dyz2W12sYUJpdFJsSVzigYpuUdEZMIAo0bfhS/h9hSUo47RSxx/cfy/ukNQFb1HwtZxy9e2wqt1g4ABHAmHN4a3yHgBQPYtSRa2H7VZe4IF7Jivbng+cyYKAIVttHbJN3GR0QvmbDLBiJNkNXZofMwW9EWFdBSLBXMSKUPNq7RuwPbC4nkS61uo5EnpQQjZpobXa5NXOGMn7OcjcfiYDYcghOHUjFIczU/boAVbqFyLbE0DAFicPnDLG23sclWUcap5yR/9w5v/5BeOOnLns57ynfe++53/5I3/cuZ5l1902XVdm4499ubf9q13eOKj7/tMTqyzsTn7qV9/9cb6Bnd2ArBy1dW7f/1Vb/6TX/+fdzjxNh99y+//zP969Yc//l+zWUfYR7+X7Jg88tR7/cEv//BJJxzb3/6X//BubiITPTpE/J4INfvBx5/SH597waVf/PI5QW1OppSCh7Lk8HRgd+317adP/+rDT7n3fe5x57vf7eSzz7uUuY0qS46ycRNBT2KzEtQ1KPNHPHRiZDQYbXr+73PPO/VNveDiK7965gV2V9SFBXjeN674wzf880t/9hm3Pe7Y9/3dK37/tW/55Oe/+rVzv7m23p580vEPvO9df+1nvv+ud7htf9uHP/2f//DW99HUxEmdd+bmxxz1I896IrsKNezdMuWkaEyi8MP992/9UJJcV3XDIEwm8fGPfWj/4V3v/4RNn+4vV1xx7Ytf/rrX/cEv3uH2J3z6/W/4mRf9/oc/8Z97V2fIWOCOndPHPPxBf/zynz3pxNv0F7/+Tf+kTw5UzI3mHqIzv/yy13zXo7/jmKOP/P3ffMG/fezzV169O3B2pdwUcyHacqGpxM1m4AY1usLlcrlcLpfL5XK5XC6Xy+VyuVwul8vlch1eTaYrSkNQqJXSyRAHAsKG9GHNyJHwRlEGvqzOi4ChpCwRB4GgeWXAsrUksSUo2RDYZCFp9hl6o5AiFUAeA0GSKmjWEA6M81c5VQnnkQnZnKEvtlPXBjIUaEPq49q7NzZ27dm7d31z9+re6/eu7V1b32zbFkPHaA3CNPV3iWVFFNCEElsEMg/oMjdB7iOxGK1gjpVqW6K5kQzjzsUhY+vAKHBfwj61zV/1q2lB9ovR8K7QMiqpbRmiYXAHlI/1bQAVPJHyN/mqZClftuBOoOY/9l+aCSgzLrLwtuf0MYAxcoofWYHlixgUy4n7LG94LLOZDVbo70TQBKmPHxAewjJB0oAoGXFkAetzAkrXAIRc6GAacUHSo+0wMlSOPXV5pVZJl5AvWNBJWOh9Yh4en/3C1x/9rF//q9//2ft+653vc487vemPfqH/cnPW7rp+73G3unm+/Lrdqz/xq3/6yf/4AghxEqfQ0LP3j+/61IPv9y3PfOLDbn6zo978Z7/WX3nRJVd+4+Irbn/icSff9tZ5w3nt37zrla99Kz/nk0C+GuqSJC0/9QF3u91xt+iP3vreT/K49g2bqlUJQScNPcgpQWzf+aHTH37Kvfsrn/l9j/6tP34z+/qkqsuREbmJbCg8X3E8FPKOZcwlE1h/4ZO+68H9x/d8+PO6LmnznBrQRJvP6/72Q3e5/fHP+t5H7liZ/uYv/EjgffP6Pau3uNnRuYq/+sf3vvQVf2lGKWyKYw24za1v+bo/eklYrjf/0792lNioSprFT+0jH/bAW9z8mC+ccdZF37xc1lvk3nHb8G/f8q8Pe9C9n/307+6vecv//l2agosvP//CS25/4gknn3ScslEhvPov//EVr3qT7TMlURTgonMAABAASURBVBaNdhBTpnjZFdf/1h+94Y9e/sJb3uKYV/72C5/z0y+TtGN5gBFHqwgMusotzkRL/W9N7f2DizKFuVwul8vlcrlcLpfL5XK5XC6Xy+VyuVyuw6Bjjj7aPBaaJnI0sST9mHCwk6PeGquOdoYTmrCzReIQPdlOiCGFwCigIXO0GG1/KAlHMtZAErBErUJCyRgCGtXl4CNqtpmxqwCI80kKkBDa1O5d2717797r19f3bsx27d6zd2NzFqDD0HahJdCEbknUoCaFSIgM9CFvTm7Dlfd/BXYhLoXD/1ZVxmXkY5hjDvQPmv1KjheH5QBGGJdz4KpDs0YGGFuAMlaliaGmT/RgXJ75n1h4PX+h6Wlitt3QOUtpPtsLjFu3qOV15LjcCSEnExl9WREnHL/GMDT9qHCOQb0Zp4CCXuhYYT2t5apSZJhr9TCVD/FKjIUgKkjEcFO2goDCAzUZURFISFgTjtdHCb1z0TEUR5YYanBIOzNo3fYXUfW4NVXeHxge10szTyITGIopqKdFPh8nKxdccs3j/sfLXvv377l+96rcsTKdZOJkbX3jLe/+2Knf+3Mf+eTpgrg1k2nsX5TFZhph8vP/6y+f+hMv/9q5F8r1tz/xNg9/0L3ueLvbCHHy8c+e8ZwX/sFLX/G/5VZOmrPSH3AmKW3Ms554itz79vd9CsTjZLJCaXGmO+KUE+U0O/jMjvd/7EtdR+vnB574SOoUDlYe0zATnQ6bBqgUBmNf7uOkS82TH0vNeN+HTwdJTMNF8a7ayKu/5oUve+Pjn/PSL591vtzbf5+Jk/MuvPSpP/aSF/3mq9fX13nyuTHNRJ1atiNKx9MNvFs4l9VTnvDo/vBdH/h4kOxQxJpIC2X24Xkv/MMnP/uXvmatuv3tjn/4qfe748knyL8HH/vU6c9+3q/9ym/+qQE9xP0UQAnYGEZAojh9w9+97wtfOrs//bQnPeZJj3vYsH2yzmMhvzhtFaeaasq4KtSyBP7CQ7Rxulwul8vlcrlcLpfL5XK5XC6Xy+VyuVyug9Yxxxx1FOXMOfLooyhjzo4jjlzZuXO6Y8dkZaWZTuJ0CtNJaCgI3lE2k9R2qW27Wdv17x0Zg4Q24SyllsGDNHC/UCMQ5BdxHiEy5GFICqfF4MwYTC90XTebcbkdUQWIVpREHiNCTPRquthshriWcHfbXjebXbO+9s1rrv7aN77x1fPOO+uii8795iXnXXzpZbuu3z3rNkLTv9YwzsKkDdMEO2Y42UzQIiSYzAK0RKUAlUwuKQ1SthAKxSKl1GgseQo7vPTB4XH0v//Y5Jek0ZEvYPDD/WU68MApDF+hxk3AsAAYsDJ6aKOqXIoGf/mFjEZkU4UCR4wD7pyUR/7vF0BqU5qjVioOhkGBQbx+FMfPYzi4ZpDDA62fWBYYYlkhYRESMMed0DqM9TQJbiGuDexqYShIUc6eMyoq5lde86lqHo3wCaf+ZNUZWxlRczKFyo0mAyb6QdM1yTAOB52zC4VFfjLzC45RoFIgq5F6OLFOGKYFEkwBmQ+jZFX9w566WZqtp3a9P6Cv2DukmR5B7h2EQYBchqnrL8B2I3WbmGa3O+GW97rHHe/9LXc46qgjrrhq13kXXPaJz/33xvqmGlQQe7ESJ1OYrERiFGK/o2yu7203V7Hb/Ja73PZb7nzSXe90u1vd8hYXX371xZde9eWzvnH+Ny62JTMBIk528mslTnf0Zxh8avv9I802uamb5FxCmEd/wRGEp8SpECSEYvRN7dvZUqc4JU3/pE+A+IlAH1NHg9KfaXb2hTeTncRSyHwNlbqurxH78WnXOxqiNR408TsRWoWXGrm5TPl9QqlyoL9xM83WsKO7bn3s0Xe78wn3uMvJKaWvnP2Nr555/q7rrg95NXN+H3pB08/kbHN9tr63n44mdPx4J5ROJU43lWRBRHWCCUzQIWUd6gWGDIa8zsgqpt/vGh2Z1A9gP4+zfp+/593vcLe79FNw8rG3vPnFl15+0cWXf+mr5553/jcVzmJiqeJg+no6dS/RPGrAVFgLZBvVWXWRjaTkGeGkX31jaOYSo4uCOkb+Vv6hQe4KTTdjRrQdNzHaoyEwHa3Yr3zkDf37ibe9dXC5XC7Xcu3eQ0joMUcfGVwul8vlcrlcLpfL5XK5XC6Xy+U6dLrk0qv69//69RdikPC25bHQlCX8lgQLMaogCQwySG2A9Bt/QPttvfhE9LHHoLYPaq8R+Qf/QVKDcIFNH4jk4gSSCBY4TRKRlFh8H6lkGwhxhdikWGSzMZvtWV3dvb62e8/e1bW1jVk3a1viYCioCbMUZhi6ELu+/mZKWABSBJYdKdjshKOW/fmOQqIRFWugFoCwLoiZ4bAf1Wt/o7EYbJExDvOnkB0zanLB7uWYb01KDIP+2SZmoDj3Y/95ViVaXp1GbBXm8QMzBUnZK0RGAzEjKUlKrqxQcl1oDhlyZxc6yXTTqcdJsOUi1/GNxU1EE3FAlVjH1o+Me7WW7M1OJm2s+YfIMuMFibrUbAAzhgFVFTTEFitP7GPRlOo00U2/AMuk4MhcAYJNXGmV+JgMNSByWMUHwjoLw+sLdALFOgZqcGlgCpRLx1T4mqVGOgsEAMPFU1W19A4g6AFTI74UseFkMTAwcWEsI8jjQFRFc8kV11982Rc+9LH/rI1+1N8C+xkQjxNiQWLTyOPWvxKluWq+evbFZ517cWTHGU08JAZLdDtBGFGT5qwwjRExSJalfgoT0Qk4FYcl4KbK9SE2mgsm8V7VpMi5mQiXwYyJ9AcNRnZUipMoUAXEsBUaxmQJoyGRVmobmKdA2bekwWwKwkUJ89Fvbk0z3dFBgpQuu/LaSy694uOf+mKeSDVuEf+YZipwD7UYWymKOhWaqGnI5PktzzAvi8i5wiJ7OPEDFquUW8omyQ7bgDmOUAvFWijBl792wVfOPD9gGoJNslKNLOmvl6eCt2/bEqU0eqbo/0SYDWNMCouQ0YvQVLqhI13QSFYrNbXSJF4xcUXRtuGY4bJgTj+w7dxaLpfL5XK5XC6Xy+VyuVwul8vlcrlcLpfrhtOsbTFkpCBJnhnNWoJ6LOlu9AaFCSwzS9DgZ6Bf3qd8DWMogVPq6LnUUSAyUtxZ1aW2D+f38UslIfoY7WRCiSGQWYMMBFB4OPYnZ6ldXd9cm7W7du++9vrdaxsb64Sa9HfExHHmxL/+79+7/kUh+0kfLe8jzhjUXYXbRoHMJB4aiaKeKH4N3GexNFDAobKZGJEAAIvTPsBSCiDDNwZbaLGxJngAYMm9gypGpYLBFzmoXCYL6mvNGkRnFDJxgktaWRMD+UBXR86mE3LMG+skJfmgABJ1ORgq6EKBGxv7MopYMRwpQzPCBBkhA2EEspQGWHlqH5LbMxzLwce6+wPljD8kcYMZzMt8+HtSrZJk5RvEIFCV5hOB3OeqcTEM26HkjZrM5CZvgUQsFFaLLyzpLBMD9A2bskSMkx0hcVOZNuAcMZIqK2rSIqae+icLUkNuGXGa0kxsNjKvxKDDhGmQRlkKRm1oI+hSoue8L3Y6XZlEJtgYHeGnFoXA4EqJU1kRbIXTu0SeWl6B9Fw3oZk2UZoqdxEbUa0/Hvo46ZtJDU4TbR5fgwy/8A7BpAjnQlryTAZbu1RaaORxmskKjiDEFdD8Qt8GsQ+SIQV21OkHrMOUmq4jnAK7zFWpRRFZgRBfQoVHbgaZPAnqkfrxkfbS3kePRaLxpz8oqWpoHwsgT1S/0PrRzTyhTTxhgTK/GebA0BgcFnni+vK6QeIhnekJt2dCTwH9u0BX2tNGvZN/O8RAhVk3ggiB/wWRZxDZ2EQXL+N/3DJpPK8aQlEEB4rG/dAiGC9TJ05cLpfL5XK5XC6Xy+VyuVwul8vlcrlcrpuAZrOZpurIwVUOjlpED+xLAHGG0CtGWAPHfc1bIjBiIl+kjBmgumOETuKLEpMEAScoLts0LUDqg6RkoRFm2LWzru1ms7bdnHVr6xt7V/fuWdtYn22ubmxsdAk5402XGi2HItRMnwBnzEkRJcSPQX5vb1YsHMkeh/M5JkxtmQS9x0YiSMi8BjAqoiIYAcH5STBjFaN4qHqsxHmApLblGFnI5PaNP1vhUewl7I6YJ2PJnSksFZpxBmruIxiXA4p9YNIsLx0zJ8k8QjJ9AtYvyJDHuFOQ6QvzGskdh8rQhMLo/Yvi6SlZO4fN1rpxEmPYl5pQwwdaXUrSFKNBQPAnuw6qMH21aKp499LA96Q6Fk8IZSQC5NQ2Uew86rrK9bLukqJBhmphsXqQpy6E5WDEvPKKricXh8fFMQaBTDWIqIjKx0R2yCD/GMIAYuaEyNqoiUjQySQ1HSd9mRl0os4fDJ2IWUbD3hWUlqftn++2Yw6BfHomjeRYYScSXTmR/WmESuHELuS2IkyPVc+Lv78KY9+GFJQj0abm/tqwEZdCmbRiQk1iBIJdGPojyZbMBWQr7oTpENrmgDNsqTmLFRmFmJEFZMltGgbkGuy7QAmGGkrTk5IOO7AfCA8F56+JugUz8NE0OxIRJUiWLjQBHbYt8yUhmyj1d7ONC42XPn1BkyzZcIm1iZpHZdclIKcZBk7YooQfvVQ2Mh2KKAYkKPcqY5PK01utq36YFTqxbxUwwZzohxqGaKBfsGeETVZ4eqOYnQxXbOVx4tiJy+VyuVwul8vlcrlcLpfL5XK5XC6Xy3W41XKItpOMDNnOQTkUi/nyu0Rn5Rf5GoQHzfKgkXn5MX8QRwqsAvwWTlU0hO0LKG/HzsTq46QTSmfRCGuykbrNNu1e3btnde/e1fXNtuvatNkSfdIm7BK2CF1cETiki4rCiDmKxkYxYjQSJZXEL0EJk5qQKOIQfhc02K80gHQ+qZ8DWIQ2gygj54ytgqADwxi9MyM5DD5AJhvyQGYfkaGTx6jlFpcVDKUwE8NO5vbV6EYaWl2Yc4oemjOK3ZhQ/GwowU02OpnvaY70w6ilC8akHEA+o1mOUlW3uLOEknFnYMJQGWpsUZc0TcxtCvgkhh3a5VDbpihWNNe7hV3GoTMLTsKc9YoSOcawSOk2TCGU+H/FomjZMhDjEZdGLoGVlsoe1IVfDT5xyJ8ep4pNgIpJkgc/PwVR/EWoV6mjEbARD7JZCG9hnJFAZd2sJWckeox3ENimHjAdsyaglhhqKzJB8eFgJiMvMANHonQMYt3UOBoZHlpJ2hLLdhXqduaZilssX140neWmmTZRPvL2CJnsiVU5glMEcXLqnzrybsEVSv6FqdpxkYeiCbouwZxgaJekTDRM0HH2MtpjE3ex4fUcc1/UhiYIXqe8UNAtWPsIeeaqodE9mt2g6ElP9VMWdHvlfmEwqxysHH2EMBO+R0yuCnTCWXXyEjPGB9mJBmMndXGr+h6DJcUK1RSMuZOttxaXy+VyuVwul8vlcrlcLpfL5XK5XC6Xy3VjKRtgpByKxgqkqALgdagaOctIfbJkQiFw/7FPAAAQAElEQVRjipRDwhZM1B/eR8Utmh1HHLnZdoHy48BGl2abs9XZbHVjfc/6+urmbM/G2p49e2YUi9QUEEhICBmi9DHZGDg/hYIIQgY0QZmSmDORpJRNIoL5nEioUtOHhBoVYWMGjmaO6ZBQ4uujmP+Q/ahDtMNLFwvC4h/wB4EdFv+YX3gXsKC7DCpH6EGwlYUEBkBhOuabMb6Mj2zY2aMGi9dGWx1jBSoUX5AIA+ho0LWi3M7RV9nSo0ZShBPCChFYMCz7EA6mDI0cytCH2Z+EijpZiGfgYvsZTSYj75O6ZTY0YnliQ0LYQ84wJNRN1AQ6KNllAvISNrOTjEaUosO2ej4WJaKiIs1wQpo1XAfGssRqGRbcBAZpa6z9bE3BFMEk4MTccQw6IX8UNs8gbxAhLZKsXCHZmkmjwxenjCM0QZ06yOVDssZwaY3yCOwgBDlzjS7ZUVPL+AhNJufR6CpQHxFuAeJwSGH52KI+8EoRTZhM65d+EpuWfKMuZllq3OWu7VLH1zRiIzORPGZB0/JAIZ4SMyqavwyZ55kCcyRdR4wLWx3FvCqAlw2nMAuGiaA9YMLu5PkqE53bKVwd8C2BMu8U6KTwN5k6Es5o6DBUXJgsoU9Oi5Ndmar2YJmLwjBRIiH2jgnCPEWonqCqKtjX7upyuVwul8vlcrlcLpfL5XK5XC6Xy+VyuW4EdRKFrSL8FW8hDhBkSqLoCDMjinawnQnFUFOyn7SXADMFFCPKz+DlN/ccEY3yU3j+dftkdWO2Oes2NjZW19ZXV1f3bmyu9x9Tuz5rZ5hmiLMEXV9KH4yGRvEViB0ZBXD4EibmvaLfGaQBZAxATgAhqdcCVdrVPbOWDugF83JhJYgFQRgLA1ruD6Mr+o+JmYHAB8HutTA4hJppWKY6BJwNAhZeNoROcqx6eeGZrKF5wq2BGKwRInNh6ELlPlK8GaxsGwwQ6xlcErjHGMKgmcaulJoTDBsA47ZCjlvXOEF1gItREVB3k2CLWciPkG9Rs4nKu2FYQO74gvIHxEn/PhncGcybQRWz4YP6yciQpFBDMWp+YXXLoBopov0NS5aIfQvD1it5lBstHQ6hZsvGQzkK9+szXF9jk2wMklIL9OSGYBmBKH8Oth1EstBIqetfmLrIqXN0CcdGWDbU8gxQK6Yj0n41IGLFwp1UoEmwZo3GBwzLguwuAzHk522+p8tlXh02FJQNB+fvKxMtJj3UawW5pEbyNSlLILt9BEk8w7cnxudSGQmdJjKPEWgmn+P2ABmvoIE5WB4KqJYEzFFpFZvCoxoXdt9gkXL9gMOrn8DcrEyn5U1BBx8HwBPvl2IoVRNNMT+QnAMtyQjlzF4ul8vlcrlcLpfL5XK5XC6Xy+VyuVwul+twCsWNgH+GXrtskFIODgJ/oFQJSX7+zilyJCUCp4zIEIIwBU0kvxAKKFMSiTBL3cqOlY5jjP37+urG5uaea67b07bdxmxGr43Zev8hNH30saWsEZQEA6FhciVwugduS4rCCySNakaUoC9nokictoLACPq5PDudcOYUswXRX8cP49ICycS5eP/cD+tDdhPI4eGCrgTJGaTX8thU90pYWTKLlLh2Jg8WqYoIQwh1GFcTjgQJKUtCE431gnov1EYG1BRtG/MNOgrzphlYIsHKfEj3mCZCOTB3E8SB10dOGiOKEDKxs7SDBnmIwQeGUjXmqiVarehFbpzWAaMAfyFFkFEnaxpilPVNxhlYZhx1LDM1pIsa2C7CqhIkCzVurt1G8tnBAjMwT5JCgQaoU5Nxh43HkloLgQRGnJSzim/YpBDKU0E2W5EQA81BEzDEUGyuR9MEQyeM3B4rM1vTGBMBdYV2gvOqBNkQMKMXsSHiBNt2NuvaVkA0hiQiSGIdGvBo9fGxpM7Bwi7xLVgxVhCMaBh2F7cxMOMuDDq7ldKConTbwGFhqULJJJlOGgBZCHmEUBICkcdJAtmVA2fjCZ2QSmCuUQE7IO8XwLrfNiqaAUfrCKHidRD3vekwZtgtu0CmPZktS1XLwqLKHJVvc3v1I2SXLQGQ9Mt6lCqWxTK6OXTicrlcLpfL5XK5XC6Xy+VyuVwul8vlch1+ZXqAI32c6MJ+fB4skshxUjpKffyUeQwDEaD6Qbv8QF1+Td8H+qGZTKYrK/2fWdulFq5f21jb2Ny7tr620e7du3dtbb0PHHZdH0+NHUVwoY1NwpiINaFoKmeO4Dwcfbw1gEX/QUkFiBWNETgzRd886MTgBHIyHcBgiAUymaK+BgZuCK5Bxw3fkMpg4DCQmuOeAepgPqpBCtQESvXzf+ND+M/wF/y54KVRYPteuwkWI8/GJhSqV8ACrDslbU0ItecH8MT0YxPRbDlGoWKsci2Vk4KHsKWNMie5m3IBaFA42yRYyTDqRn1XLiJlPgelAbXjBoeYhT7hxTCwkKgHaGBYYklzgsTtg0bvQ7R7Yqh8FAojJNlaqEOC2eiISdsKEcN+C+y3Eyqfm7rNVPfEIvT8TkSF+nmIW4nM4OIcIUr2cG4dG508kftaLlsLlpzZV/B+3hUj7POOGAqzlvQhwQ5TO9vYbDc3+vMN5+iRTD1Kj2nJ/LRbXVv4c9zEBHnVsoylUvebJI8RUWAAGdvSB6fqFlYeHpJEjMAVetIbgj1oUVCCHtsIMOR1r49e3hDmtG1IY5/jXGMlYJzOgc2OoSRlGND2uFAembyj5RY4c+JyuVwul8vlcrlcLpfL5XK5XC6Xy+VyHX61CTJ+EMkrJIc7jSYRixCOfZOFCHCCCImTIqe/iHEyaZTJwMxbAMZmfZbW9q6urq6tzTb37l1d22zXNzZnm91m27ZdihPgBDypLyApMhE1q4bE++mV1OSEYQD26ICEjMYoY2AOFKw+rNsxWMGNiCUSylcnyP3KAVNBKHLGkjpmOrQKqN4HWoBSLJAlKoIDhgcgw0GSbwKUW+DeRSswVTUWV5CUsG5KTgGjYdww31rMrEnH3xNxoul1krAX4aABAHUOwdrmJFReH/uOKOdJATbIIHuH+i4uLqrpSYQRpjIAWGDkthJkykrGnCglJ30QzPskD56kDVICh0qeaPsEiJGmQrTFNOhAXhKh+rCd/h8CbWcGFwFKyy8uHAsWVEu4nv7RbFPHr4S8fptg6zipFUxVwv/1yquKnyZJK5QGWN9C2UMXUkeSe+wO4NxEjOuFKnEOV3fjEzlQzEjkxIEs2nqp56GRxWBLaIyqlUtdLpfL5XK5XC6Xy+VyuVwul8vlcrlcLtdhVWc4giQIMesGogGiBTSBaQ3Ng2KBdoqlTyaUQGfSQGw6/roPhHZdy2FSmM02VteIOdmzd3V9c7bZtondJjDE0Oxsmr7qDUqbEWLLyU+S+lJkC5NscCAHyoWg5KdAPSAjAGlX6iO1FIhNGo0sP5mXT7F0et40IXG/RxFbyG4nS4mTG1IlFFvolxzijTHGglxUOIWcwUyWhIJR4ChMu7w7koSDiJMh1ZNSqhuGwzK2Nz4phPmhng8glxMLzDkgVsdyCRvYpIW4ggwbmCuJWpiYI4leIKtJKkaDYfQ/Ot3VIzq0W+BHY67e/tkQXkoU7WoYOKBk9xvzeUAcpDGa70o41DqwIsfYzpKr2KODdhDOftVvDLPUzbqus4Gp13HGu4w/CrD/y2tbqimHgzHnmNd8YbpjovAmHVp2KjOLiYPb+b2/MhJc0l/edqkL+ZGmxw+EOclZe24kOOlGlG4r9kzIkwtDmOxG3YldLpfL5XK5XC6Xy+VyuVwul8vlcrlcLtdytW1rh1F8MsBcHzS9ASe/sAig8g30J04o28Nkgk2DMW5sbm60aX119fo9e9bWNttZt9Gfamd9KL/jnBpI+Wv62yYc8ycPEmx2oKIsmgcnVMSJ/dSdPTzYBEXMVTCqaUD/p2UiIAUL61It5HkhKXAwDAwFUNPQVNoyclkFwQ8BcVIno9if+xRIkBZEeUV1OSmlSVodOTKfklShKplgEDOYIJmKANLyWoN6yRApIJyFECfDy2yV7Ed/hpYiVtfWdyw7x72VJDhoOAeGJa0c+Kjo6gIrhNekuJhABnXo/6TUgBi85LohZ38Z1ARlXibQRDsbbZigIDBBcu5kkouHxOxljO06KDYCFhEQtU8ElGHMiBYuiOgbmhNsMQXODxSWqfKtMHigH9WU+n2g67rZDLv+yY2xaQD610TqM0cabYmtCoBhc7ZgLGBYPY4RK5gfVb6uRpWys83SZ35cyNAGRubOBke4pY4rIZeXAhIJ10S91pZjyGmrJCEYISZd/+xJGp3QCILXn8OCPWGuEQAqF6WlkuV1aPGdmn05kIJxTJFEowyzEVNdqo3s4Gl2uVwul8vlcrlcLpfL5XK5XC6Xy+VyuVyHS7N2pplBoCvxP010I4hDCE1sQLOT8PlG0tJs9nHRzc3NhGvrG6vrG3v719rq3vX1xD/D79+JGYlT6IPLbKMi8AKhKn2AH0JXOXkYdCKZYiB7UkRlH6JEZNsQOk5xIp4BhpvQ7VQ+jJiVOoqtZiah5j/yKFSYQSjXFBLgUEVp63JgWci0CrL2VTdE21BLGrXMAJmLAXSC2khLAaMoT5L8G5x8RmLTXUnlYlFyqytJmzSYnQ1tLKFMdYthF9qAXh2iERVhG6NgQ42hAoMgVdDAlmQB8JoQ/wOuluY9ryVzjgAzt9EML2Ytom03jgKsKcz2YM7SpK0w/xMwGgOlYCjwBoZcuth2CGAyCXUSHagrBjRABgfogrJB2VomhEOTx6iSkTIQRg+Dnq8usraH4YXanrmMKPO1iI8LZ4EhhKIjg4521mluHR5yXs5YuZoM2xfrcauQCpzHi1D4s0F7Bl00SiMDPfnG0sNRFRXKlC/Oa7esjTwqPFgItmUIqyQAGHU/JbYqGdWeESy0csTFSVxO2DSKc0RlsyHe/SQ5kXZHTXyG/VqgiowJh3JR7bes12jszQLlTbp+UuRfg0xl7YuxcblcLpfL5XK5XC6Xy+VyuVwul8vlcrlcN7jUz0IDvv1xFLykD5+jhD8pLkwJdJJmGpH0Du3a5ubqxsb65qx/7V3f2Gj7cHKSEGkTp8SrkI8D9MHRjmKkkChG29dCZRFhQIHYhv6yDYJZThgmwg4TIcdRKapKDW3JboPIiQydMI8iwWZOsBIkYh3HCU8ARqFo639YriVR2Wxysfw6WF5cFbwvUEt9Yw47G71QbiSmIUBOSBJ0+oBxHjHoEH8XgSMk6F9F2StPAr0/QjbXkAEHpKmR4eJ8IAkHkXhzB6n6gtuOX9fB7jpqjOVLwTtgWfISZQAQQnEMgQX1Q45WC3PCNbLjiHxd405qpqH2MNilVKMgiCXenfstnIJhWDV+0a/E2DT0mtTMyZwhiuA8GeDIa32Rn8wBCeZoEfkUSsvLpaMLYNG31Yzo4uQ/g1N2YbKTURkLTO2sbduNzY31jmC0foQosU4/TiGUZEl5eeCwjVCoHZxOm34Ly8akFQAAEABJREFUWVvdqBgi+SYjaJX5CJNzPMfKJZ1w/M1+74VP/tLZl7zqjR/ia2Je3k/+rvu978P/3bWd3CyJvsRwZbS+HveIe776157+1g+c9qo3ffB3f+lpn/mvc//uHZ/mi6ICM0CWJLxTsFMObVkdO5dsxrxuddiyz4pxWISVtETmtP0B5SGKULyAkiTWCbY10hCj7JZIQN4WzyE/NlieGTwUMN3cMtsPDqSgJxnY0aJqbij3tdor+AAKs+ZyuVwul8vlcrlcLpfL5XK5XC6Xy+VyuQ6foJEoaSDvgT4KHM0Dgn5dr/HzPjTcNGnWbVLgeLa2sbFn9+49a2v9p82umzGk0KY+5EnRZAZK2FtDg/3Ql5o4JkxVkCWJkArCQ8RQnD1ibhMDEBaLt/g8YxDYcpi2f3Uc4ZdEMRJktpCzBDCrBCDyRdxHgBXGmMpSlmIBZbKIO8HiKrIAAFjodILlZ/xBupC5EzaeiVCF4M0mwAbQorKWqYP9JcyWwaocIwQCDySt1oadjyhITgk+6NqUbwdFNqQZtWVCTVkgbhn/1ow/HNyvoZZQfCTyldWYRRuWbGkTColSxaPDwrmDgvmE4qmhrWUTCbGRCFhMRmJlx1Oqq8cb8mmFJpgawTSxFsRM+IRQjGXUy0T6z5AG0wbGt5jTCadAgi1hgqWCakIMxJDPmWuJYdvKnFEZndKvXGAKA78gMYwJXb9vbM42NjaJOAlx0jTNZNpMJ7SzwKCZleIAKeFKd+6c/vXvPeeInZMf/qX/3e9A8tXznvnII4/YgQVKKGv7E6ed/YUvfYPxN1kx4cidzWNPvcd00mA340oaQi9ifNHzHveCH37UD37P/X/8JX+zd++6mj3139IzGCvuRGYrHbFzumOlWV9bvc/dTnzCw+9z/oWXfeJzZyI0kvsqGW1DDiftjNZm6rDbwL7/EVCBGFmFultp1hsk1KtrN/oHTxgmfsaATZ5A0vX0ryd81ym/9JPfP9ffrfTKv3jr+z/0WUtgFsNB4yaHRBlDk60ExNTF9rdqX0M7CErUjRAUl8vlcrlcLpfL5XK5XC6Xy+VyuVwul8t1mARxUgWJI2pCHbKFCH1EOMY24PpGu7m5tk7/b2xuzlbXN9bW1skWpWk6bDZT19/ScWwU2d0EENBS9ARo1FijgUGQnn+kL7FqDrVyFBa4XnUr0DC5pswQF4r+Qi48MbxCpzhNR2WFAMU4geO65DIgYU3k4LjVPvJJCFYLDDGHQ6JiWzKCTuqYKUpU2YKwFkwW9iVyCHzcNqwSiCBkYIWhE/Lf6JQXUdsXKNmIzGkkjJsgwIpk8Gg5uYeUgLUjhSSsAQ2XmxlE/lKppdLTWOctyU4L4+wYOEYgpIQk8IcWiyAry64poJKZViSxtzBrm5gTeMCoYC4xmXlEktQlnAll0KhQd5qqi2I4w1ORMGnEHDuLlONGu96Pm6TX2ddKqjxOsDJVKRUDHGxkvZ6P7RVVE0mLyoOKxKkHsyqhMouhHDFtO9ts27Zr4rSZxMl0GpuV2JBJUayT14R9tKvfXvpCHvCtd37Hn//MM37+z6+55vq+5p9+5qNuc+wxC29YX1v7zy+cebvb3ebRp97r9C9fcPbXLw3CmpDryAYb/SQC5RK+7QOnfd9j7vOIB97tXX/xs894/muuvnZPvzPycms4YRMYVkRWJEyE9OsAr79u14++6LXv/+uX/MVv/eijn/1bl195PYam3+rk8ud+/8Me8+B7qFlQSccD+j72XsqMhdoOff6LZ/7Bq/8P0noTxEf8nqiQ4251swfd7+5hf3SbY4/G1Ap0AlWPbgoi06sR8WdvPExoDk4ul8vlcrlcLpfL5XK5XC6Xy+VyuVwul+smp2ayEtTroo+yTsRlJDFw0G5ubszajY2N1fX19Y3NWdv1Ad+UJFvIlOxHArMizaS1JDkc2o6J0kxwfhZyFwG04Dug/sZfoYfsmjC03xD0IUMXahjAySM6ITMUt8AqasssgvhWWGkWZR9maxCqY8sA5gFkithGaeVj6fTCGgYmHxp45VwkhcmQpEhVuXE0HhRUl4MgOTRisIRFcn8ImpIj8w2pclgh4kQmm6cVc6VD55WqU+HAhiKFPCGjsVCWgb1wEsBWswE2wzDAPMx7ZEA1VGYJPDRkbZI6NjhJ5qeTSYr8pwZoNIsTQIXvcBCfTUwISJh1s16TfQT1OXWVeITkHEYyr7n9EOBQrcJtCq3qME+cQPWOw/MjeqjkI6JsRV076//ruxhh0i/iyWQam0ls4mLroS0fvb17Np7z4r962Que/KNPfdi7Xv+Cp//sn1566dV9LVdes/s5L3p1ELCD733og+7xv57/jJRmqV2/x51u84cvfsZv/Nk7zjz7AuxablpK7SbDF1Mx/jj/gsuf+Lw//bs/+vEH3PMO//Sa5z/lJ/549551aFKMUxCGC2XRUK6cdkbkSgOhm61/+Stnv/h33/jnv/3Tz3vmo37rT9/eF0hYB+e8ucedT3j0g781HKg2NzcFE0FeIH1ryQcn5e0xvOeDn3rxb766v2ZrIOOVv/XC7/2eR5LVStoMYcJwFmcCgkOTYedgVHZDk1nEhGDJvCA4ceJyuVwul8vlcrlcLpfL5XK5XC6Xy+Vy3XQVV3b0Uci2o4h724WN2eZm/2rbjRllw1ibUUadWYcdhycDUqQ4souG+pdQ7JLMR8SgQ4qk76LkJYEg3InSHha3Zu+KqAxJqCPtxJeA2pxwufSRDSgYCwApMKJ4lmhwnM5oygquzgozI5UQitmHfLhRtDCeK64HEmyFJViCUB1CmUSAnG+ihGhxWAWOKrU0LTl3h6bU6AyXUDcPNBeTlFI22qCwOqXVSdrOXO4SD5ja5mTZIOR8QPlAfVYw8z8wTPaCGVICpUAWp0cCqGGI8SgOMrQMUQlJPcTISUcDxk49kjOmdKfO0JQHM0qaE42Lo/YhdZRtqp21ZOnRPzWTME6qFEfxdclmVBu+5HlmV4wAg/nbSqOSR98tn580n2FHx3uJx8m2S5YLUtfNZpsb7SyxMdK0mUxiM40x6tMKVb6hbYmW5q//0dtWV9d+9oe+6w9/5Vk//HOv6pu7OZud/p9fDbxNyXW3uuWR3L82teviboJ0vJG6TWkYpdeJnNyH84r1B9dcu+cHfvbP/unPf+6B97rT377yp576vFcGRrEAGzLrUYip34XabrYR2CYF2/W+i//4jn+74qprP/YfX4Y4VbMmnsU/fdMH//ZtH+3a9dRu9qsjMn4nxif9wUff9qf9RU/6kV/es3fNBj3yBdi1tCJ3Xb83JPZz4js4/1nQp4a7uXd17cILLwmElwkdhmWN5gkKuLp3VbtMCAtlFOIeDeiqG004XO3BHvB6a5EVqTtUwrD18na5XC6Xy+VyuVwul8vlcrlcLpfL5XK5XIdVe9c3uxT6ePnG5ubetbXVjfVZHyEmp5M+toodBzETZXehrBHIeRnYSwCJPYnQ9cHbLsVmUhVJIVex2aBAM2oYtHLR4P9xLptKYC4ANL1EJwkpgKpgOKCPu0a1CCE+oI/8pxgLchH75unXMUjWHY7ysyELW3TUVg2QRjVzDBzNB+TQ/P5/WcqRzJ0suUutTQTyaCyVTOFOEi7HL4SswezUgcW7AmtbAbScLmRsk1I2OSG+hziMJE2UgsTeo2mafQaqtx63QpyUVDKjUHM+SBxtlvwnYLYfoCTKso7TW1O5t6hyr7UBIN45/F/iZCkgPhY6+EHLGox85XvCFhmCm/BS64vZnK1vzDb7F/umkL/HZDgWMHdQPGf4bO36kydJbES2sxjrcbH78qBYVQCZ8LL+cshf/V/KIzIwB8qWK1gGVGkAUHcWaXnmIfJ715FjDi0n8eqZTKfNpJEnWB80bUxuUphfYDBYx/Txd179zuv37P37t38UNWdN/3dzx8rkI2975fs/+vnfedWbFasix5+ZZNjq9zTsNlDT6/Tfz3hoG8vqRWZBa2uzZ/38a97+2he8+m/ed6tjj/rnv/xlHcDSNrr16CN29gff9R3f9ul3vapu5U//2mu/eu6l6gUF8eKLr7hgtt5urhHpgi3TIcjPb8os1xfO+Mr1u/ey70hsYr/JEmfSzmY8NP32JrwL1g3Ic3P72x3/1Cc9IqChZDY8pUk8C7c/6bY8Ev123gXNO5UOirxDZbBGJ0NYvjdg1aKy4DC3GA2oiWFAIOb3gn+JTZOs4/1Ellwul8vlcrlcLpfL5XK5XC6Xy+VyuVwu1yHXpVdf20eFN2cd/Xx/s51RfJZBkxQ69RJpUmVYEtkIAjnQ2Sb+Uf9kKpk0BuVqBghiGrK7iHh7JAvwY4qFQAiaxiWh2G8QtoIaOQbORMJB+VgMM8wsJEjoHIPFsbGFKi+KGa7AdsKsGU0Ry4vFbMeikzi2q1hsCqLpbLD+VL6yrsWcwqaRvxUGoC3UXikwkEfYTqB2QhiVpPYnOYabrM1JsuqYhUKydDEo0fFqBMx2ZQF1AgUWgGFHByHwPETMuIiljcxm7j9UZYCtCHGvCdWcLprNUVier0s5wg0pGL/BpjsU2RfURpAmvjwK0oKlirqTgVelsiHSfhlCMpDAtL6+3j89XR/ZF3+ZGCcV4xOt/1FP8n1Cv4Q5VKAeykVo1mLps4DBkkflLFHViGIz7BOgmUxkLGdUrLp2CJFlazQIEMRGFKB2NfxUo+RLknVFLNvmbLPvKg3HZDJdWYnNRCaAmZ1omZ9gQbULxyPy9UjA26vf+AEGR7TTDKiFu9/5pC98+VzIfh80QZ1CJ2RpM1O3D8OtgH2VjOeK/TLfvWf9cc/53dS1Jxx/y7vf6bZhuY45+si7H31kfWbHzqYvv28bb49qiKNtYUsVVC+S+kFJZNBCXQI2NQn9ipRrOL2MJnyKDdpeRvZPnJcqfMcp9+1fYZsiTigRt0e9RtweylQLxsDUAWn4uM8ZNc2VDMGWpy0++7eGt7EDb4jL5XK5XC6Xy+VyuVwul8vlcrlcLpfL5TokuvK63R1ygFjD4PbL86h+BAyKiLcD/wqdY34AjQTLU6Yf5qwccjxRY4T0MaIZOfBv2imK38dQOw1VZwAiJo7rJ4vZ52wm5CnB4cppEzThC0pQ3cLmIEH64iOiJ0rUsvS9IRghQwYc3rSYPOwjYcz42wXQybK75wL72fVDB5rDzw1ZnfBRUjeKbEsBiyCFUfdo8MxBIMZgnElQ3MNCv0k9Z4QSSL2aPiwNintonVpxkAURhEcpUeOqMQPoZECnFIcVagGw/4yQGMHcawZ96j825i8SDXuoRxFGBjC5Sk3CA8Y8Uc9AQYgYZFHx6KCgJ8a69AdNWcZQ5wPiY6WhUIYwgVnCkJFHS0lf2mSjLPdOQhh4pDBuEg5AFRKyj6uCwT5VvTBc9YuXJS4tdN9gAs4DM2zX0Q9P2/YjQ2MynU7J42Q6qQ1L7C8MzuxLdzr5Nuedfyk1jDJ4NbIkYVDm3JBt5VgAABAASURBVKOhKakYD8LWTnLGroiDa3joEj1y8Yqrrr/fk37ZvkpBLFUog09377uf/OY/+7VPfPaLP/0rf8gkU8OORNOrdu3p+0oPbWyU62BDqBimBLf0WyomJk/Ef0nqo9xgtPFAk7Dfj6JAJTRzUZCgGDR/mLbPPEHCRz952h+++k1BV13k/RlCAaZkE0gv/vkfecwjHqxnDgYX2ecyOgjp8yYV2bZfV55nFbCyTcED747L5XK5XC6Xy+VyuVwul8vlcrlcLpfL5TokWp3NOJ4P5l2Q49Qc7peMHOxHUMcZcRw8HmgYCcwYRGZD5A0k4kuJdJgL4Oguxf4TF9/1If1QbBWwIBBhQelzZ5YyH5ApB7ghfiY/auEgo80gWQTUDSiIDGMnYBdE9UyB+ZJHbceqa6GO4ao/gFyTT5idSRCSAvMLNG0K+1fk2kvWmXHV20xFBNmngcmPQhEtRA4QCscyrFAS29T5ibBgTxW6klkEqqtjeomxAQJNJHEPoIJTC8Z20GyW5nChu1tBD7qu2+xaKo3yUCWZTHmX0a7T64ANlh4lBaQGT8rScdyXKUXOy4NWgY1O6Vt2VJnrYXnfopoRVJXrqe/gtFhJq0vYzrquJYuROGmayYSSM1W95WxZkPPrbENU/NMe94BX/fL3/+Zr/uVNb/2IPCMomY5CyM/J/H3lAFN+FPLXD37AXY8+5ihdLGx+89FPfanriCC67LJd9oC0nIUqcS6b9qgjVqTCb158JR3EBpppM1mJ/YtgvUYsbMgEhxZFE8hCRRA3WigJuwydEFASm/5bxk0iSp4ftjhiOguHKMmAyrj8yqs/9snTMIkdVMPbRVPPckp9a9NznvmkheMZDlQFaxmcDdtRvSHWJ21HDEs4koq1yQ8OHHr2xeVyuVwul8vlcrlcLpfL5XK5XC6Xy+Vy7a+QnS3EKSLCiACoWIh8vorz2e/pF2pgehEMOhE6QlNFEHeSzHNCLTgSxWQBNU+H/ZTd6hfzgHE9i1ow+k1+lUGEmQ4lYHCQtAXG3d6mCoIzR5xkMEKVUv0d1r/vp7gruZtEUInlCcS4z4osj4yAOYJ02EmptgJfxNiGRp4pBZ4CFN8OuZI5ANTmSTukFhvsrbGe8eBocBhllkPFP2DOn5PBCpulYTw5240sSnxjREtFRQh9QfxMImcK4UxSkHWFmsLI8rpUuE9Z4RljEI8UYywSD1QnpEm32c5S11G3QO2AuN1ReJqJNSdWDQsWstdeHjT3pIOyteUDYswXj+7G5cTJFo+BOu6E/HACJwzixU2D1PXDQ0OTQpxMyeZkMglQreNSadgvnXPBZdfvXf/tFzx1dW3tLe/85OLWagaWakBq7KtK8hQbOvW7v/gD97zr7eqi7vzIn1vd2xrqISlyiI/rn0RewXF1baO/7MgjdvIzGkOcxmYKzY7YTAhAIXZEsjcx7aTpshiPYaIuEnjVSV2RXVJ4cPpX05dHPkJJMC81MQEY4Umqo4868g4nn8gXgZQAGcHR/hJ0ctRRR4ZDKE2OdBAFDJfrwt2kzCbUV8lXBRt0pxOXy+VyuVwul8vlcrlcLpfL5XK5XC6X67CLI68hQZKAeCzOE+VgEBCcizjKpWlJ+UaciLMFZMcNMYRIluKkQ3V/wGzCUcWNawThQMOd0m4cODuk0jc7fyDFL7oLjasYKJQgqqb1sVNRJRk5jEiBsG87FqzeA1jGHAm8W/2aX4eAHs64YcmMGKIQKCNH6i21R2Y9atBjCSuBYx5pYItCuEcS3obWmRmeNGngOKEoQygUSLSyKzAoLBlzzrPCqYd08QQ2muCuaf/U+UWPpPR5DAPQGIw8gnwXl0P+JlJml0JHOXYgJRsUo2W0T5Nh+B8zEYS2wA9VxNy8c1IY+OhwZixtgwIfOJy4ejjrs9t4DLDYtuhnFY1T27WzWT9UMTbTlZXJdKoLpCodwbJ27ccg4Blfveipz//zt77qJ//ol5+1urr2zg98Zg4vy80ZPBdLexHC+z/+xf8+60KZkqd914N27lgJaYbYQpgwLyIpwZAnFiilD05W12f9jUceeQQ0K9yJaZzsZO5khRLr9Ktc1l2XbPs0syDiUTDU5kAMqRAPxXtobDiTDmeeMgMqLE83DB69Jz3uEf0r3Lgqz2k4CElCNt7+RhzZFiiJbGKSHsuWukMnLpfL5XK5XC6Xy+VyuVwul8vlcrlcLtdhVgKjTTgsak4U2ZVAA4JQ+I8QxKMi5KuKPUV1CV9mH3N40GKoVEcnkXyOIEo+lIpQUYQgDItcGA3HKvQYF33LwU2MagpROVsMIIeDEdQlVzVbq0C9W+ZvFLSCcBNoGjY1aQg9sVA1jq9eiiqA4h21r0lQHERZHyEvOEuI0SdCnBiUQV1gp5WYpwMGsymh98psIMwHn0cQgKUzAcmaZNYmnFllQGVoByFAOVA2SNdotrlZvAxAGR+mQLBLOWWQLFcbf/Y4sXqYAAgRzHglO7OQK0owaEXNTTq2iZFxmyVN1yKgDgfEefg4tQ3VM6kAI/1T5uUQECeDIYAyE2hrEWpwzC7DxcXs5zOAxedE+waGV5AJDNuc9BeRyckKYRldyw46hHA0Up1N8n7nuDrn65f+4Ate+543/MKf/+aPfvms888+95sL+BLE7Rf7yte/h9yEaJZn33nqvXfuWEndLHVtbOID7nPXh337PUKw5EzsDHTp5de8+4Of7m+8+TFHc9Kc/sldiZNpbDi9DsSOuRt+yopFjzJ3qNOTKRxeiMDkHWeeSrwV80NSwymyr6XhovnqWee9518/FooZFNR2MjYO+OTvecQ973GXcGDK9jGjM7oRVRBMbkWpPVjHxepoSQ1Qr88aVqvul87oPyNJfLDCAvrN5XK5XC6Xy+VyuVwul8vlcrlcLpfL5XLd+GokhNeH+xJlkbDAZbbOGIalMShwoH4RGsZWPqDAJakABnwSBDRJeoZC0G1/FWjUH4EbwRF9y5XCaAK5kVgQ3X4Dvw0jhmEmGkRNlGGx7uw6MYydY31juX1fNVrroLpdcukY55BHcJx/J7L7Af3X9AFscknAaPlsFIzoUm4AFpJjaDPRh/VrGw9k5MICtjnDjnzogibTEb+TzoiTUZdGQWK0LmQjEKi6b2XrWkCsKQgQCxXJo2S4BWr3mXZC4z0MOtEB1TohV55LtlYVB5Eo/jmdYCdq95LSyBABqskyAkOXO0BuL4Epen/qMLVtyw4nXUIuDzpBdgRoSYqdUDlJ/Hp4ciZlMLVUzm3E6E72vQnbW81D1SyWLiqZdzHJCcrPsNmJeGyEChLKC6uUt78NGC0PDOZKhEYvNZRohoxO+mGhlUYwE+edsdrRjIAixP2olo1ozj7vkh/7tTc88D53POfciwepcw5OuQBMHaW/we4h97/rr//0944uO+2Mc9727o9uztpb3OwoIk7ihLoWJ9BMmsmU01W1/coxmM+oEe67NhSZTgqlOtooYJKXeMwMRn7uFvXujK+c/bJXvE5TdkEj7Fq1ZfMGhOnkk44/cOjEBLa/o21DoJ2Rb2uUT7/J+b1CRm3m1DdY7JjU5ymjJRVHpGs7YvZnKpjRfq9cl8vlcrlcLpfL5XK5XC6Xy+VyuVwul8t1iNX00U+IKSSJ+kv8EnAUIBwGqTlgmq0NMODYD4NLSYVEULKDcAcx3uB0K0JFJIZOklEHejejLxyZH/yavcr3UjduQeyxZGkgh4WYHTJAEsfkH+DXHEd/HHOWGb6es2kMqlsQ+40UJo61aYfFSnNA3Jo06AjXHok4IXOTpn/X3DqZdGHgAhbAH/UpBU2ghGsFxJARtoYI8YNmhZKUTcnmI5rgR5OewKI2a285jQuEpa4zwyGK0irKQ1OwIyFOGvYFsdm0xDNV3FzK73LSp3F9AHX/lBLJKTiw45r4G2CYKhi+o0Ospi1lQsTjxAamY8qk7dr+1VkGIjkPtloRyvJPsqwMFJgsGB2FbpJ6r2Dcf96j9F4LLAYnmWPIyXTmS4+SfwgGxYSDaEZmhULXoWTVoQKJw4hBnXl4oEO/AlATSC1PobJcQo/1702/lj75+bM+8Zmv8CZRDIQOjDsBzaGT8znJM9Q3tvvwp7907XV7+8+/+lNPOf5WN//d1771iqt2XXX1rpC6K67eddIJt55Op20niydSw/p9NHW8xnkZaM4cgAUOM7nRVJWiXOpzUj1ai3sEiwvaz35v87qCm1V14PD+AQyou185v6BudVJCfeb0H5y8ucm41bWJT5OeZ/RsWUI3l8vlcrlcLpfL5XK5XC6Xy+VyuVwul8t1o4pxEiT0xEAMNmUYhTAlE4qYV2AOcmf7CMQcRgQLqEMy7AQ4MJz4KyYCFAtIwCCCGVnQAYeVGbRAi2NyIBiy9cU41JjmoBMYXF+dz7wKVkjKABFBzU+jv95nVkIYiH1FdJVNUeIAqHPm/QK5TXUSCW4b8T6xmUwmFKFnlwrICAGUZueQrtSSk2wkm5uqGUGxCXWiCfkgqUmNppxRsMJGwYZGgYwAY85Iy88TwNMdzdQgLB8WDDqZagnCCWhGxi25a4tAlgF1hGW0tWJbh2LcIlYICjMFPYCAwxUBulzBhpEtJYgekKEhUxNOQ5Q6IikoD1RInVqmJL5Xxz4Nx7/WJIR6nQXFYoqfRo08bV/F5iSjUfweKzeM3E+wquyLbLdRFwdD6mQb9IKyLvkR4lHrNme9+kEjeIl8TYgcS2hrq8wtHDjlwmVSjp5+5KPsIcUy5Kgjd/bvq2vr2y9O1zql16laBGK5Ec4656KzyEwl/fQPPfb4W938n9/3iQsuvFhMO65k6OS4W9/80iuuk7XITEzH1jgdW8yMmLNQb00VUMEIWBKrnkzo5UUymOORvu8Jj3n0GR+ssJDFuvnNjh6e2DaeUvagaru3tqdFycxKHbbUBX0b2kAFMTXJitndqdyudWWujMfO/kWBtBipcrlcLpfL5XK5XC6Xy+VyuVwul8vlcrlcN7qwCmsaaQA4F5fEQU4P+T4GS1PD/8ek2U4gJ11QSCJgZzkRNKrKDIRkfKHPUeoTOEAa0AEqqaFeBHrFokBjYTW0fWFMnBRwwZw9UF0nxiHYXKl9LBYsg/IXDGP92360HgVNflLSzVjIXdrM9iJMnCiDIE2FYiJT9bskssn9AE0kE8Raprie6CDrUGOSkx0bdnDWGE17gYU4CRX2ATBH2qCNY+0bk9GRAVyRhzpIYh0MGVoCvTtaCptcdRjPWmEoarBFos5SKpqZTtIhMd+XUEZJK6U/uow4oVE21zGYqR+cruWRomw6xJ3Q/514p6CYUGjhKc8wLg98T0IOvaNaqNgSKEzB/kMntSAMHkvYx7ULPy4mfbZXuTzBTDExn9PR3Op6jnHS9H+xmlrxnBmUAfvmufKlvDtEzn7UHHebm/3OC5/6l2/50OdO/5pegHjcrW/R/73symsW3LugvIyA9WU2NaajXMicJCmV8EqeucrmAAAQAElEQVSXX3Vtf+aE42516RW79IljM5x+DYXUydIGReKiISl5HOoymWhCjHmghpvyfCPy8tl13fVnfPXsYT8HO6Q8Efe9591O2LljVIq9tjv12wZVlty+HEwb7t5LlTKHEtzjxOVyuVwul8vlcrlcLpfL5XK5XC6Xy+W6KWkRTSHpTNIoFmiuFihJEcRSQ3GOKHl5gniUWHwW7XoBUVLGPUoEXkKfFokWuwY1R1CAQMP0wjlQbHYQc5TUFXUIPR9gjYqQgYpFew1GAA4HV93DKl2JnsxnloXmKxuSMCotWLh7/l7BOxrNQsIXUOYh8YwZhYKrMLURJxn3KTYt+p4pAOwsIYWQD2IS0GlsvHgwLM6SM0oqpO0o73XfpdrRGWC7F1oYFWCRO1HGOi5meCwgDljdqmxNNdqKLVW1Y011aIKiKMspqneNsTWC3NDy0RHiEeu61HZMUDCgk/LQWaFUWodpn4Hyid6UMhhkNieIBxfDhyVncPkFqrraPMELJ3s7komn9UQDxes3NpGNQybTSWwaQil0RfNTD82gLjwg6IYNhZ7xhAc/4RH3PePMb3zu9K/m5hx/3LGBoJNr+TK9egtTFYNLgO1S2GtEv4ghO/8MSijk1MWXEdpyuxNv84Uvn6fWQl3L3jgt6APILjjk+JKKi0+NaVUDqU/+cMeqr0gVtJGf3o996vTn/syvs90OpyML/eDHur+J7H/SX7/uZc96+hP0TluJYKOf96+wHW3JCBnEFeabOrjMOCddDGYlBfWGslgZuNn6MpfL5XK5XC6Xy+VyuVwul8vlcrlcLpfLdZg0CuKV4HAdSFRLAMU2cPCLeU5QA2aAIAFnzq1jtiY5rEu8Sg4+SlElTByyA4dUr4xIvgCt/qpJMAgN1823XmDVH9QoeN1l4hP251f0FiHN7iaxRkyg+Dhg7h5qoqKgWUJ6RfY6wQE5o3HhuTgwLom0ZpZGYtPM+2AYxGjps1qhFDqGLCkWWYwM+gjqMlPIBhiPAM5/tKoSFnYEiq0GYhikXRESCRb1LPMxmKwdCTssjI3MJOjqy3fFks5F4/2hsktBpXN4nSZ16qC/TA5QmhSxM5GsPUTP6DqH7ab1mOTGKArEJWbe6SC4k8xVyVzGZQ/ugkm1x+YA3U1qDSGrwKtJVm2/rikDDjQhJ1LiBUjrHAcM0v41oprBZz3hQX1Rb3vfZ+pm3P7E2/Tvl195bRhMfQy1Mw+Mga6gJ6GwbzCqtIxnjPrkfumsb/Rn7nLybXWLCi1DS51MtXoL6YDUD7Y9BdXmqhCIrGMdIEk3k9RnibLvyMWSoQxDvdBRMpQtzHWDNeylN0qeK+R8ZyTJJVQ951AAQ/mYhuORvypjuLBuW+qZpBOIMG86TDfq048w2ESWlqYdcblcLpfL5XK5XC6Xy+VyuVwul8vlcrlcNxVlsIN/6L8EaIDBR0UtQsi/bQ8GV+S0JkKc5DBnqCLGdeR3QDOgOglkv5H6R/iDlDdBzQEALF8K1MSKHYBZYmjo1mL9mMGJrU0QQlX7+MoKsID623y92RpQYBWzQ4ldI1FnTq0DUGxRBrFjcSkBGDhjiLVMCplmGQaVLcbNNjNqc9J/7AR4KNl5VJEDwGFR98VqphoH+yoUVwIZAps+TEHPgsANmHmbCOyeA3MzZeF3/suBZ8zV2IGcSWhrg7qv/AbaWtG1ViZt7N+gVjI2UHw3J9FhvoQz6bSp6yRRTF++3cp5fEJ943ZD3hO9PBkY0z9g2EnNpVHqtrJP+qK+QBkA88XIq2piKIusynIAeSK2TDRjxW6jh1jcctTfiEyKosw1QGQ6IqmDiBJYdFOU9Dp1l7ePv5hPzIPvf+c7nHir//jCORdffEU/W5/9wllt2/blPPoh9+u///r5F/fvF1x0xRv+8QNf/Mr55DWiD5XYgSwjcoakCcD3P+mh7/zA53nh5lv64wlfOfnSmRf2Z+5xl9tzh2bdbPb8H3vqBz562pnnXCyPJjnraGnaZeZIhCCBgTUQCvdBNfA4yliVJvEmAI96+Lc9+/seLbzIne9w2/78Q075tr/5i98Zbmcw7BcVeuq337d//9EfeuojHvrt/FzHt7zjwx/+5BnA3J/OTb04IFQZpHBhBqk45HeKa07eFsjlxXYBMDJR9iZ+HgDyNtj3GQnuCmx7gmh1CrSGCqUoYhX4OcJwoPY8LpfL5XK5XC6Xy+VyuVwul8vlcrlcLpfr0KqzkHU0AKAyrgAjTkDxBSEKzCEkB/HFg4IyTDBukowu6WP5+dfzNQUgsfBE0UMroQroc+SxpF0BNq2AKvJPP72XvAzIgWACWyJY2hTLiMMFaEafIIHe/o0TgWjBXcidKHF2s2bo7FgBErsqgoIXEgMFIS3k62g3SNyU4u9JzT7om6SDRqHrZtK/GqIxJOyrcEWMefxBHDzaLvsM6LBiBj6Y02DaQ31FQCukL7O1TLY3yQfSTx5HtWeR4Y2xRl4qRKY60xfbNJB5oL6JHC9W4AhCQ8sgsXOL2htwpN8YHOZReNr6uiIkTbWjLUILfhsXgkmukIh0nqeUg+wKNyGkqsFI2APzObKmZYECRoyaOIXD2f3ybNs0a2ctJ0OhE3l8tF56xbzWcyh8S/REEY8JVipTth2kY9uqKRhY1ChDZxZ/ezAyfgtz5hdx5+AqY9gX1XVgkpF89pMe1B+/9b2fxtT2G86P/dKf9F+srKx853fc76zzvnn+hZfF2Hzt7At+/RV/HSiD1YRsV6R50ARZ4rB11/APX/rc7/+e73jnBz5jucSqb3lMzzzn4lnbnXK/u/Oi6TrE733MKS94zvfe8TueI4uNt4bUV9h18lxRuimDuVLmowh7ku2TGJ0UY0c1xjjsNe1gd7vjiT/45EfW5+9w+xP7V9ieHvSAe/cvOf78F8789098gZ4HzoC1Bb0BS/PpjHfMZcLhcZyH+DJSp//C4LABuIiCgrBNOsrlcrlcLpfL5XK5XC6Xy+VyuVwul8vlct0YAqEOsk1I/l26sSCKXFhwUG0nYsA6IpjM/0BojEGwUPJH7LMhOZFF3bIFIeJYh9oZ7qAzkCOUiNnbQKiOGLaXOAfBbosSpsbsI6BOBFjbtGBleBIZdwHLGGGBVaZjGrZ/aCCzHZNIiXX2iwPI13ZqKcLNscnCzACIUPgJusByGw1ljI7BHLhPPkCGF0IonIHyF2JyIqMhOXxkyDW+bG4uipMAwGBphDB07CieCPINgq4qq7C8D71wDHmoCAttMxjUI8sSU5e6tv+Pc+rwKFGzExQuBLMNRNhfdEKrnuDAzQK3uQK3r23Yoxgqk/8eEnOICmGqqtKVdEP6T1CtRx+18sRH3Hd9Y/bef/scrztkA5LwtCc9/Kgjd77rQ//xwG+7x1+84uef+4uvPPOci/mr+O+f+tJdHvFTa2sb0EwgNLnJy0bwt37p2f/jaY8578LLdk7j2sYMQBGQ2x537APve5eHPeg+Rx915E+8+DX/+aVzTr3/PU447hYXfvOyHTsm97zbHT7/xa+1mxv8WDWSW4ctc8DQKHX6oSw8qZMy+3XYL0L6ppH9s+3vHT6tsumEd77/U/91xlmBOJuOaJs0699vc6tb/sYv/8xf/f3bvvjls4A4tyZ7Jb30xc87+sgj3vA3bzvv/AsUzuKGhTi98OIr2UqFU+1A1N3ehjgf2DCVj3go/EUWlaBPbH6w88NsQ7GQ87rhVprL5XK5XC6Xy+VyuVwul8vlcrlcLpfL5do/abCPDhVAQUuUIrFKcadQ8ELNJTjJC5bYM4cwS3RyXMWiei23Tx0+hPorwHFkEbI3CIWblVmACKO6JHA5ByXgsNflMKdTscs1/0O5RSxV7H/pd6oYCKEd2MMAjX3gnDES62XwpDE3lsiZdebzGS2CQ0qn6ssQSzOQ8+kkNupo2XqB0+uwdwdfn8b2AaBeI3WSk20QMCVeXMxJBKgIlUtI0AwYZjQi4IncVVEgsEXQuMZKcOgSggMDkexMY/k6zFonhpApCLV+4UC/ICYt0SbdrI/4S04dcraRmUV2wwEBeuAg4tqTIVyDeAMnBKkAkDBmtw62aJvskFmTat3bkC/L1XQo24DpKY+9346VyTs++Lk9e/ZKEpp+ru96pxP/8Fd/tF+C7/zXz3zr3W5/x5OOf/ebXv70n/q9L515IZneIOxdnTFENhXXk0XESVlM/+Npj/niV859xk/99rG3OObBD7zX3e504vG3ukV//j1//XK59PQzzg7YvvU9nzj1/vf4vu956J+94Z8e8sD7rEwn//7J07CbhdjsPGK6c8dOouGayoJJs+jQCoxpIkUdc/SO1B1Bjwc5skxDaKyFqo3N2fpG26/KK664+vLLrwypX64zenWbz332k3/vf73glre42fOf98OnfOcz1vbOCDqBpq/qxBNv86D73+vmNzv6lAfe+/3/9onXveHNH/7YZ7kRkxCnsVmBZoUXZBhtv+I7lJEvhsxStUtAdtc5AIYpVteP0DOZAqA8O/kaJor4H4Da7AlqqMzlcrlcLpfL5XK5XC6Xy+VyuVwul8vlch1umYkJqcOaPKDEMSAOGJz/ocAlOd7PL8ou0V+QU6LkkKCRGHVF9WlhLrAE9mM+olBjNr6weuS8nOOQJeRf6Oc4eFaqcnxUMlRFKinAjP6u3kw5FDcpv/7P8WIapaKUkrlIwKBGMTYAlFAz2R5IPLhpIKd3SR1XtzRum61SwtDhA8zNIwlqInNHAXhOGcPvnOeociQZFivYS9BcH/l82FolRmxx3zyAmTixdYEV+BDFXSJ7YWQ7mbBV2NrgJQFmZKitGZkikuEYETOYsyqpIUdXJpovVJuTjv7nbEv0Kgua3Sk0rp6tdxAGPkDbCLZPcOxDc4NK/S2wCsnfcISLrP1gayIO08GIDjmAIrP4Q096cH/8T+/9lM0o3OHkE/7uT1545BE7fu91bzvn6xefc+5FO6bT1/7O8//5DS99/I+8/OsXXM6Pp2TVwWYyWVb+Kfe/y3HHHtMffPyzZ/zw8393dXX98d956p+97Kfl20uvuPbzX/za57/w1dP+++wvfe2C/sy7/vXTr/iV5z7/R576t29973Of8T19e9727g+TB0mA5//P7/uNFzwnbENnf/adW1/w+3/+5t/647/HkpeMev3dj3nwr/78c0/99vv0x3/7j+988W+8cm1tI8CEiZN+n4mXXHrN3R741B951hN+9sd/8EmPe1T/Ov0LX/6V33jlf3zujLDfYgcnwNEmEre3vvIWGrdthGMojKJNqUBOweVyuVwul8vlcrlcLpfL5XK5XC6Xy+Vy3eSEllNkkdeFJMWRaD8KSgHlI3Cou4PQjW8BhU/m6RPQwH/I1MHSSCJU72HkgBKK5cmiO3PYEiCTKtXv6mGLXA0CgijXIVYvClgIOgCSrCZbbRQupUAGHIhXtoOaGUFfIDYUqBYnI4OWZcNglxecgjuP8qHkXP7uWwAAEABJREFU0OFvOztQJsTsVmRC1HokZv6jTMUyUAEXxXoRi0vLcCSs1dTfRvidcYeUc8IKTVm8CKwWNW7Jl0IVvJYDxR6YEqn7hLoO5QONCmUw6dpes7alIQKxarEOQDHy4JLYMKXmOHC7MMfEmJdUXDQGg34IBUZfVY/LDYecBHuuF3VkkYPFoaoSv/Vut7333W53+VXXfeKzX+lPNU3zUz/yxF/5yaft3DH94Ce/+Kdv+Bce5Obt7/3UkUce+ccv/bF/fM2LHvecl++6bu0h3373jc1u7+raDz3lO/obL7tyV2mu7kPxqCN29Af/8qHP/fSv/unmxkZ/6qOf/uLr3/yB08449/QvnnXxxZcTyxWYFKNMWXH37tX//Y8f+LnnPuXLH/n7Y44+8oMf/cz5F3yTk46lXdft+cY3L1/Wk+wYs2glwGh3umbXdWTDQ0Qe7Ngxfcb3fdfP/9jTv/Vud+i/+saFlzz/xb/97x/7DHdjgoG8UtgohVbt7r2z1/7VP//FG9/xvY//jt96yc9++/3v/eH3/M273v+Rl/7OX5wnIE7ZYWFhI60hSuSp0VAZs30LqskLoVhOLdoUQPZQA74SiJUUU2JSxA26ol0ul8vlcrlcLpfL5XK5XC6Xy+VyuVwu14GJLUU4Jo5Qx9PVVsK8MlAzWQxsGyhxiQQDzbtCY5SFYQhhCBRUt2+dYQUqCgSU1rBwbeYNwrJOFYcPlB/qh3EUfoAsWGvqX/PDsCT5EOpO1AVCFSnu74lBLVP6+DRl1aF3OtAULiWOu28ZVsIh2GDAi/AllDBGiJNE7ib9R6ST6sJifIam+ckx5kG99XFkDGTfwABWkAaWNDeG52gljeE7sDDKrKTTcBKLJUn9cX6c5lYAzR1klof+T9gmbqgRSP34UPCazWEot07HcA5azijMmFQ9rVXqpFDzJttATyaJTC+0H/VkQ/EFieEghMOHxEovLBaMOJTtaQFRICOYF1bXheJ7VBiCEQd0Q+gh97tz//72D36OrJUA7vWtd/qNn3tGf+b1//jB33vN26hqQi5oWP7+HR+7zz3v9NynPeYnf/hxf/Dad77sBT/wbfe4Qy7n/R89LRQPJTUo+vhnzvyt177rL/7mPV2KsVkJ5G6y+zde+RZeHQnIpChQ+huCTiLdhd3v/ulbTr3f3R90v3tcv3vvL/zmn9Fyosc8vvHN73/TWz6klJhxY4qTANnqpHazazdT1yI9szJitGnwvgG1/RI7JEkL4RUv/Ymf+OEn92e/ctb5r3zt3779nR9q2xkn5enrnAScxP6Y+bagjFXTbwj/8v5Pv+9D//FzP/GDv/oL//MpT3jMNy66/CW/9Zdqc7T1TPUbmc1sl4hUC4KeDNfz1lIojPeGheskw452nh5Q/kdJSLMBnVNvxzfcMnO5XC6Xy+VyuVwul8vlcrlcLpfL5XK5XNtXH/OUA+SsIoOQu4SYFfTQE/zTc72qExIC0+CmYHFJCebb6T4WajVFOehyxD/HIumqQSAewYLamrCGA58DPKTEvkunqlQsmhmnSkwjBzHGfFl2KulPDzPSCCSCSn7kHDJjNoL+7yO+MnzKm3AUuT/ZkC9CDHMh162VvVQ6bgNjJRgsY07i8/RO/ASNY8cTof9Zmw0DIiMQYGyADsxphAci1HzPPlkKrIK/nPEmDQP3SJjNkDXJTEJaZIDBJg7z5aeqIk7dVElMTSSWX4Wt1chFmBLkdDnsj6IHSbPBpKz+WoWteJRiUOIGUDNE7UdkfZHgpEf+4vBEnv7CyoTtSAin0TOmt1esSbBFVs4dCHSyjDqqoZPsBhPsWVqyrMdUzTKiZRut4nRR3ezOJx+7e/eeSy65XDC4n/+xJ3/mv8467Qtni48Nlyf0BkwnzQuf96RX/eW7+0fkqY8/9YH3IWBl7+r6+z982n+dcQ478UzjZCe9mglzEX35m6lbx3YTQyvklAIfKEnEOn68dX137aydbbaztVMe8C3nnnvBFVderYRZX2yc9Ae0eUJit6EQzCqJutuPYDdLbStpsGwXEgRE5jFjciAkSgOT/sk66sidr/m9F/yfd/7bBz/8GcrjQw8PyjUEnaQJvVObtULQjaLjiroTTjj2hT/97Jf/wV+tr3chMqHC17PhUuHCsmtOzRWhUYKIubnNwnnSP3MPO/s+6RIF8zXhLzAMXZMYOpGdjlea8XOjIqXBZ37yb/v3E2976+ByuVyu5dq9Z7V/P+boI4PL5XK5XC6Xy+VyuVwul8vlcrlch06XXHpV//4Tj3qanQCLe6o46icBP42/q38GqsmHBFMTpmE0EMybI+SIcnGLoLwJCnZkWIV/Tm9ZLqroJ4cmxTsAQhr+xn0AnYytNDryYshxz6gGGDiATpgvwRouCRKw1m+1cCVOFLIQBiVl5gTsov6gD+IG9jhp+hh20/T/T+SAQq1LAutxaVA+cy0tGj+RMkjBNidBnDrY4ITOEoBCVwWsrWikkdEqglKF+igMJh1DrELACdWkYSgdsT5WbvFy8VaQNRGFOWmCZhNSC5naGyMojIT1srBOC2NhmTxkaBUbytROQkVMpJO0pvoFAoKVIBmZ8PC01D5anv16SBa8VniHikO6RQkcOuDOYLW0+nZHrioajRU5KRDi8qRQpYtLoBM1osg93mdBS6CTmEdECtdiy1xivxLDAWhb0Ekq1VZg0ZwONXSSWuZCFNcoX1oOI/H8YO4kZHOgwWXUCUIZ2HxoGic7+peYhQQpP21i1xJRJ/SGjGpKVhQaYZPa2Wy2udZtrrftZv88AlN7VDtzZoGYDN0hhaLS+SHmpGXopJPN0/ZKo0zICyU/v9QAJDBE0BAxNmKOBFuDNsRLqcHU0IXQhOLMw9nQ1BIpZXqDQZPGCJVtQSchwyIFE1u4upZCJzHG7PEjaBRmG6056IR2l5DHXHcZHCbxkv3lzE/+TXDoxOVyufYlh05cLpfL5XK5XC6Xy+VyuVwul8t1Q8igk++XCDLHrKPEPdldQmCLYgYSOPgnWIAGCyFUocMsKFHUECwPi5INHPWM9o0EV6PkrYhUL9bxawlNgmacKDkWhtCJXVmZpnTqxSBS6KTO5ALBQv/1z+yNXwklEo6dxKyxuJukjE9gbVnBIWrORzGdTJvJhHCTGJtIWTlgEbvBTVsclNeKmC9pLaOO1CqIT6fQCYWTkxEnLTMnPKLVAKJCJ2VU8xvlCmmSBnKjdDNWOIVBJ/PUSUeR8SQmDX25kWuIxrRQ6F17bSOZ6jA01OsjLwYZUsyZnbS73MxRrDlVqAVPLcElFSuTZn1MHym0r6l0yBUCM8mihj4cj1f8JRh9MlpX89CJEFXbgE4mg0/743Izr4W3mf9EcdEJAxeVA6xrG62RfFo4eFAX9w62kUJoG9iNlQNk+EGzwom9Muymm5U2hdaeYUrYYeHGyDapn1C6XQxL4pReQmmwVQw0kyDIlHB2/BWNM5vnAHs7Ce1E7AXMxM2oaRAxKgFFhFlD7QSF76y0AGCMBWeOwSaCQiGDYQy8KSVbMrr/SQuR9xi2UgopP26alycgEyeQFwHybf0K7rvaMKfCDkKyxfXXR4PFeNct8wAMz/EGTVmrqmkVWCsc0ErWTbwcb3Vx1At45wwh/6NTO1bxfN5gi9zlcrlcLpfL5XK5XC6Xy+VyuVwul8vlcm1bHHmU0Dtw+F3MTYrpBLIDRjDiJA1cKwg+EFAkx/+kHP26nI6SEoVCxIEtTEJDyU3mIurZwUHa1Ic+1ahDorDD38WHIagxiJBa4B3MzkKircMgr1yRtLHBqsVcRhIoB9UyAZiagfpyKUWSbpC7yXQyaSacTIJhjwBV4fW4Lw7dFuIES8g8m6sQcaI2D/StptcZAjmUZYZPTMzpRHsFPO7jgYIQthW6xRz2zcOohUYllrSoUqBBIQAZUaDcSmAIDRhqIsBAMhhFRzroQipTLqYfUjR/qcuTwvjCFYC4I7ABDDmc0KuVvChGFKHk1CGiBRfMSl4t3Fyt1zJPbYM2UU3CghEUXmHbZSzVoNmFONneRB6AcAHkpQewFU9zQFYrSyW5ZprYgFib5E1CNiaeo5jBC14ekpcqCZiiycIQjQ6hp5U8QtRsKappD/AiJdIoWi/7/a8jgIPWTEfeOS2nx0nGzKVGlhfNcBPZ6YR3ioYdV4BRFUkrxuQH53AioqlfqTBehGBoC9icZshK1hAyLhZtTIw7QRhhR/wWCQojc6AIYoNkdMyyJx9CZbRyiBZUXdB+FCpPWypNUqeWrEPwKLlcLpfL5XK5XC6Xy+VyuVwul8vlcrlcrkOojsOsmnwENVlJopwxSWKhiMP48+BYwoEoiSr4VJX+o1wULEhdZUuAsDgoiYjLYpTZbiSIeUB90ioYFQiwhP9YWH6QdC1JKZBBfHNxCZNmMp1OV6ZTcRbRBDMB9hczEOJEnE5QEouw40wfVSaEwjxOxLpAk/5oNBnADBUKD7C0nmpSYB+OE1iolzzPQemT4q2Qo96xD/Y3w4oxqHFKqPkVGxxEXN6C6jzMNxQNkqJRSoHdTYg4aVsjThKvoqZMvrW/CrBv0f98xX5pCJ1gzlB18O4MRhsUjgYyP1ATWIdKaAmJ8iLgCm25DfpziCCFBdIdg3gOshUpy0jpEwWSoq1I+SYx16bEGHsr2SrInijseWLzwtSIupYEUOunoF5QtAt2qV9XBDUx0kTwUsPOI9mjiYEmENhME4dF3kyBLZcQO2gS0E6bBEep0y1Zs3HQC5tb/gKjPgOoD5vUke17xlSHTJSiJxV0YvfOrRTbVre1C28tkOeq3okUUMzw1cLHHimHWUhzZx0xcblcLpfL5XK5XC6Xy+VyuVwul8vlcrluokJ7R/bU6IziwIETBQUCJWaYkyzwaZgvaBinj9WVBXSwOCZqDgULYRebk7DgV/HDX7orIxOGqRuMYRnncNCTS0oe1CLYDEiQWs1B6vBoqc7IC0m0scLQSbBAbenJsBHL60UhTjSPhUX7kxl69AFvsTlRJIUvI++FCjnIEWg9tnGrWgIchgYxQmCmIE9Qt3XzuJTGsI3I8ePGajLoBMRUJdeL8j8brQQlWIJkC8nFjsZofpZkidA9xJaABuVRZygwGpDaXpxciZLqYErBps4MbioCyb6wTCVzUxXtsgJX4b5j73rFZNF3WL2HwfOwRDrvNNfcGmIqwLxqoppicJ+IZoBxhqoDEHEa5XHF7O2SiRN5vvLyzqvObsktX9qGYeu20VSjSuwBtmcv1hNWWKvqVFQGS6xQbCLNGyba9aDPQdAkNnwQ+dmSShtJjwOcGCe1s9nGJlkw6fM2gZh0EIg3o5KYO2vy/sl8C49gRy4pPIQNdyXOD5TmA6uHSRcgATKLXGeYK9EEV2H0reWp4efWjIIwTxnIdpHseiFlQo0X5n1M7Jtk3fajEPYl2USFBZKtQnJrVfszygjbFse0CedOCuazlbQ1cgNaQ/J24/r/ciAAABAASURBVHK5XC6Xy+VyuVwul8vlcrlcLpfL5XK5DqcyuBAkjYFFHxEtBqgByxxTltQnFrmXQ4wZKugjiqlEvXOaGsy/54cwQA0g/4rfQAbUiyWUrgxJHae3A+SkKpCtPar6opTPiAI0EiSlUgBhHmTIKIFkvZDzGprtMNfJPgF8ZUORXPLToPw5XOIkxpWVlR07dghxwkWBuqNYUDtDDVhGBTMnILiJdCbxrcKeJIFQmDLp2PCEpwXlAhmHNPL/QKZCcBCAhzwRqB4HfSS80xC8RavVNmVAWmRqw9IMAVgIGCpvhZE/TQK9Jy8VzOYMNJJgi67LMIoRTuQ60U+gNL/CCtgWpV9+dCYmDUf3DVZGp6NwfteKAwUPF+dS6YPdsfR/EKZWUx+1Dimh/HyQBlcOmZ1Ko8B3hk4Wkx+ZYNKP84AIwAKwAKuVz3fEgvmAPoR1SQu5k+14RRDXoM+SLrzRjUJXxIE/R1NVEfaFAuDQ7mWb3IDYcqDdUeE7MCqoKjrvG5DTSuWvYFBy+S5/E6s1AwLHUUqrfsl1yZZvwTLEwEMKIe8UhjNAEoMJ6kH7Vcf+RLkWevTMFqrq6tzcxRFVNz86UDsOLSitgrgKeGOkSfVuo7VgoPaHZDIQyRYJKAvFwAjKlogJDQmCvOOwH4w8bDXiJ2AKcpagQUNdLpfL5XK5XC6Xy+VyuVwul8vlcrlcLtfhFUfwAYsZRcieBhxvruOhFkjMuXAMBtHQbznOcfM6KFj/bj9U7ggwiqZXl5Wor5EL+tmYGAVWxmF/vizW8VI6Ga3JA5DBvg/FBUB5m/xrf5DMGsGyQvShz6YPJ08oOj9hn4PpdHrEjh2TyUTLQkU0Bv0adm8URJaYLGfcUMCBf/VfpiSxA03iFCF0THxI+TZb0NT8x2BYkLIk5cFCQU/KqzQ2GFszvBsLeCDt1WC9xJEr8EeHKRXIJHcW1JkEZawxG+ro4kPjCUAay54H0eLSanVCRE6SF1FHiQ84hw4nPDFXHhiSErVBhlo5zK9PbVqY0wLTieH3gwOmGxY6nSy8ZywcZ3ICHD8aUO63Z4Qph30zJfuUwRlKnoQqtY5dUhw1YH9ABJMuiXAAqnYNO4Vbkgf23bIEMVu3H4I5BMnKoAWHnLopVAsFwB4GNQIRjmWQ6IcID8ahZI0GcxoKsN2BGFFdYT8HH+a2WaGt9s0I2T24/9OtT1oF+kF9HMJwj5D3xeOhuyFvq7F/uudzErlcLpfL5XK5XC6Xy+VyuVwul8vlcrlcrsOhRFFU+cX7kDnBmjjJYWLlI4YB6DByHJgTLPyuWRS5VuePJbcsqgEXhinjopLzUb5zWXEWTg6DNEPiYmBsRxMFOokrk8mOFZIYk0hSCVwS5p6vNDudiOWMGZygeniw00mX0qyPV/OZjnmOlEsa9nFkOlIBFsPxAUkhNMjIgeruAJiRGcY65joheWfUM0XQkEwkzSFA49qFZ0I7kmZiJpaixsEHxJAG/mVqkK0myPelQ3I24RHi0cpZVGAx1HBAjMT+i4d8suyb/SwqjhxYdDRoLBqoTmcfkIOULh9QoGtEnOTlBWHh4h4Xlr9ZduX2RiQuK2dwbouyDmTiE5nH1BQSPRYds044WmG2PQhokp1pSq2jTRXCQQFCB7yO8xLC5RfAokoOrEbLaKXV8k6nxWmxCLYVYGkV7mNwrDGpWhgul8vlcrlcLpfL5XK5XC6Xy+VyuVwul+vwqOsw54FRWWQ0/5x++GN4Sb0wIBXqCCEuyTYSxnYQdmxRbNTMCZxTZT7muP0QbcIFrAmOPy+qAVscxzvJfSQnmLHGi7FIDNBAnE4mK9NpEyM7biQZyjpGv5AyCUuUQ/zs5CHvRFe0SRiLLtmAK6WhlAcYDgSjxi8eBBPH1LXLUm+L6hWSZ1+T/ggKJFYOZYAlCxJkw4JkqI3hKKFCJnCEBxSPAwtPD85w5wIIw5NQ7V762Q2MmVAunZaNI/r/tPmSh2R+ES4anO0JDviCyYGWGAbDFjSFThham1hnsFrRB0IxjDwzpDIO/ydGLITowdqNZ19FwtwxbnnZNmdlWVG62nR5HSCMsaxKWdicviq1/XprW8rgxNBZ5k50PpTD0SQywy2SihFiLJnxBzMWh4QS2t9OQZWaaCHFF5SXORStw6ULhktPKe8XlQPVEigmgpnDDNa/y+VyuVwul8vlcrlcLpfL5XK5XC6Xy+U6nOoqGABxHIfkvBH60/2QTRAYBljAUpT3wW/k54/4/oWEhHIdERb86H1ZPBmqICXwvYNWScS8SgrEpWqinHyNdAvzfxp7L1ljwNw3UpeAHUImkYiTHdMdk4Z+b98H6NUAYYmXSV1X1eWizlxbknIW7HHSv0DbloJ40mh6GnJWqOxbMuCSq1vmtlI3TLpnPiMFNMkXYNViriSiUSYoE63RflTUI68iDQtXEI4kJ+KPOIotQ7mjSqakzbPRIPKGsuiQ/UvXplYwFLvYxrAaIvkqVhHq/URPtotYZDOM/MU8dBK3UTQsubi6QtMMWacALbNSOERKeTsQp52wD+Jkn24TUPUrhQOTzmCsy4FFV4RDKX3cJLkV8SbtLDHiJOerXTHShPABgu0VvHmyMUpS/yRKEpN0nzkcxEnWgBO0NGnbF8A27yjwnb3LVlO4NsxpdRLazrCwRv0bwgHZ1rhcLpfL5XK5XC6Xy+VyuVwul8vlcrlcrhtaA04EMqsxIE441ogLuAqNBWNJ4DCOCwLAKJwIC2uWYC3mtD3Lfo+vZfJlWFdXJ5TJmWuWoQYwYGWC9U+tP5KUY6lg5K2/YhqbSa9msjJdmU4mEp+P9lt9IQCy+8gyaTodS6yTJDJtiXVaM5kQ6xGCLBg60XbGgTVFQoTyaXFd2qSl4ohvZXlSFR+503K75A9ppNAQaiOTMIwG49A9BwfzomQK4MCTxiZ7sLowoyqSVYcGpw/9E3pSXRZl5kY4i45WbdUR9kNx+1/NFzxZdPU2XEBw6TVYV4Mp42CMRNizsJ8ajUgO+tOKS2kLQmrcatxWLYh1I7NBzr5baQd5MGJmkvj8HPRzMFyCPpaSx4rWXl9Zu7nZbq7PZjNMHVkxaaaYGGRxc3PIOcicTswIBXMuHsZWOqVPDqp9B6VqRre8DLf+dt/MSYxx0UWyC+imVsrhT7xJSfotcpfJQFmGVapFiHmzdrlcLpfL5XK5XC6Xy+VyuVwul8vlcrlch1Fo9iYSLkWzq1BEYBAvthQrwdxREHKEfN8GBtmwZMBLZFnWHqhcI4ZOJGFwtbIdMTbc6lSXlmGO+kyphz/kDoaQk7kUHgKZ5FD8QpAOComG6WQynTQrsWmayaRpohAtNBDaI6maAAC0yDKE+V4IPsKBbW2CESecTEdT6nQS8+6D3x27niilApns0cZvh6UYQT+dESbVgCdtBod9xW2FF0VjKwD6YWabE6xZE2pAbGiU+KwQMInHGXLyFnORWdY4GXm1ShnadvAnMnmhBEOJUurwIFGeHXGXkEVLDcOQDWwGzimlkvFEjNpRvW9xwUC45ItJNSs1i1NfGW0l2GU4agfUtajVSEVgGEoTtqlt+d6MBkhhs8LsLOcNFoFmi463vmvra6pcQlAxJ9kSp0zy8L79VTbh6FdyoixO3azr2oBdGKQkAijZXtjZJMb8kV/9xsSgFJdBwIpsNda4GxObwAx2zX9R6dDiMPXKUYxRKyl7CPu/pAy9BduIR42as8YKLpfL5XK5XC6Xy+VyuVwul8vlcrlcLpfrsMsoE8jWFvPGI3JYQtIhDIPjA+nlKUD+r/qN+hg0GXwA2HYcUdsU1fGDclvEAscM25PDnGoIUiiaAsJoGDj7o6Rs+MEgCHt9wDQ2OybTlckksiwEnywbDwj/IV8gDsaxol4KUoFQbEUofwe7S8xS17LPRMeB2MCAiEIqTYTKlKX2DpkfunHEfzB/OU6fx8B6G+xsPV8cTZfcJgnRRhDq3kFJniHdSWgYSkZPzCtHfEmCNQcVc4ogjiaQ8xyhwD88GkTe9GF7Ggy6IUKuGqsxSfPZlOasHUZA0pz2DzoJw/B3HtDsdDJvQBKXl7jYraTkjLJZr9EwIyTCIdSWAxSNDNjCW0WQC71A/Hi2vmbL1ozWdyoF6AW5SXXhBzkiSNmaCL/q+KmcpdQGXqeoDYjKmoCBJkY3Ift8qBtHB5wMqu26VtYqVBvijUqdhELC1cp7X7xhOI5F23qe9y6UBpSDGs7KT21dlO0kLpfL5XK5XC6Xy+VyuVwul8vlcrlcLpfrMAtzBJv+j1twHxyql8O4KJ4Lw3CmJTSx6L8GNAkosCgzuQbInU1dSswsBUBn7h6jagbBR44vL8gTMt8+KIACZiaCP+U3/SoESf4QLaPMNDYrkwm9pisMnBh5kbBuDPMQERLDKENpR8iVJWTCAznTRLDqusBUBSVPoeOE1W/+pU5jVmAuCBu2lMEtIViyjzCMeKNk2MGxmQUb0EQOtQtvArAlKTFcBMWOovhljELfunB4RMhFJWl+DTV/6SgtSRKzCE75Io0NBkvBgUTt98WdLLgjLMiNo70cXjiGTvZV7tJm4MAEpRhq6LdKcsipg46/Z95Kc8IsviZUPd9fNieTSri/OIguyYFzjLFt0rDqwnDwYxGCWYLIc0ouJZzuChU1Mwuf3JKBz5LenSAoDsTrtlMODXVrgP6xuXG5iTGGg4NT1totJ3b/hcs/S74uNLMfgH1MXZ1bZ9x6l8vlcrlcLpfL5XK5XC6Xy+VyuVwul8t1mFQCeTiOXW8Re5wL9cHwg9ARmZKovkEo8X77Mbt4XcgXQb4l+gC2b94A1Xuo/D8OWIKASDkNxP41bYg4mTQNJdUppiyWKaP/GEv0GYPm96kzlqBxKPVJ9vGQwDZl1SHYhbGLjrPqWKQdKJHRHF8CC8xjtiMMVWYPmYmMGiRJF5ST9kBxKKlmuaJMYPS5CvxXJjOwyH2mdlkJ1PFkOZwENqFYPw9PK7RJMmQIjbPIBicFqIHKLeGQhaW3NcI4pCkm2yhF0utsb/6gznGDi2Y9bcs1ZLkWgFqDSvVc9b5M45WaT+rTsZTfWdqyMG6XHuB8Yh2+IRyMqKQk2BP7DHWp3RRqxGovZFZpybB6UOcOIqYQWzJjoWWa8j6Qwn4/uIdEUE3AEDKB7Uzt9oXK2dUblg0Kyp4gfA7gPnP+wJyLDRtXOXTicrlcLpfL5XK5XC6Xy+VyuVwul8vlch12lbgwjKGTnLOjjrGWi4fFjAqMEDN0EnI4m2GBKrQ9dAdALD9e52oX5oJY2pG65UudGtB+Uq8fK+amGBuEIRfSd2U6meycTFdWVpqomTRyLL6xHmFV7ACzQHU0qcsPRpx0RFZ0/ak2katLS0lkUiupdvjKhrwA9pE9Z3sDNAdgoA0IdT7JH8yGNFJHjAUfWlY1mO1I/XU9yVu0FbQZIVutkDNEp/l0CDppBUTpY/d1whzDlEJYHLtZE3oQAAAQAElEQVSvIInytfli7DeQtM2hrkdBoZPhnULL6Hk5GGEi7IExtM2oi6lmwvqgqwsOmBbIKZXsPeW6hpdF7cPcgA9SSd1wqjNUZdXmF2OpW8l+DwxipkPYfAiZQUth3h1Hhx0CjIZLtzIGp9p+OQebpL4QckyxzGA3MjRhGFmFmyj/pa3ezrZie8aiEa8eUaoryn6SOAPR9qdBbK5w0cmM98CNPngul8vlcrlcLpfL5XK5XC6Xy+VyuVwul2uRLIKn+SKgBMENAgmDnDRxFJWM+U8OAVIuFjA4gyO15EWRKscE1B+5S+AyWtmDaHvlXZHP58ZV5hZA9hxhkPWjRhGKq0b2HaFwJpZ0IvJ1IWM0OiwxzkkzETWTKbmcWCg0tzRZrgfrxeDbui8oZVfnExMnDFhgl8gRYbOPUGNKxlVAFXkFA0HyQEGNuWxbWB3wnKcyPjp+aq8SoSH/lv69yiYEDMFklSAwbpVUpXTZaBZrgy2s4g1DA9JSpJ7fCPqxbETWz2irNKUxpLFMvEoGo7T/6El9sxW6XJOyXMsiX1bS3FmjvUjRxqzAX4XQmvMgGRdSa+BrVN1WWCisy6kYrZwmy+6t4KkBkDR8Ehcq7jcusEXOr0J3zZc5OpOGvRtdWuizfsDZi4T5p/4JnW30a1GWrk1AlJFXBiI/jaCcC5iNEOfVafs/klGLcRMi1fqbU+bwDqWWoxhiIhUkT9EcwhZkvy4mKDAwjtIBsm+R96i6bDmrKFjgzYM3r5oJqkcfjekh1oyZHrkE6xQ6DPoA2D5Yr/QkWdoO8ei5XC6Xy+VyuVwul8vlcrlcLpfL5XK5XK79F2h0kemQYUYbzWBSTiL9YB0Whm7zL/2ZWwEJYnLodRyy1suplBQlaUvlp5ILt+KQo70xN9aqxhgLHkHhSRyXjxxDpWQtbC9QetaHODV0mn/gj/ZN4iA/2Xsk6APEoWmmK5PJymSlaSZ9M6K0RPsDltIEKQqaQKPxRNiU1shRsuQr8hLWhNsQWk4d07+3ic52laNDoNg0SjQ7m5IAgPmyVJVkmqcegRIkDmPiQv9QCBolwZEWa7FmYYcgWoofRR+ov30bRyrzol3msZJVRcmBQhU3xiB5gyoUx2aecpoEok4koU7ihsvM8SIwVAXCuP/7IkgyT1M1ubBHg9PbEI5dGIxoqU5P5kGohYLxgyEnDciKMWjaqRGQpWwArweo790/YfVerVqbbLS5hSFUlImTMO7NIkBkAeRwaFTtB7qgMCxq59YqHJaOA+XB0WJTl7r+wWxDKA9h8Sjhp6bf8CJ5eigXZKAY0r3trH+o61YgAxn9rKXcgRtNVSYbmP/OxExNtQXPXyQZguaKqDcPQ3DmygAjyIQxycQQn7Nr+7vScGlqVikeXHo4YG6mXS6Xy+VyuVwul8vlcrlcLpfL5XK5XC7XYVEJWdPPxzEM6RALDWqskoKW8uv+cTEco8yBfflJvUagwc5VIUa9KOgv6+vAZEW0VJl/ajeF7PMRrNhxVNsaohSIRO8hpLCvIDTQz+e5+BimlAADps1kx3RlZTKNktqBeRSpg+tsgsbqYw6OCmoDRkugxbKlVUJRtOyBAGJ2klJrdEUyhkb7iPLT/+yxQOJ2bRFuhcEBapx3+FUZFyxhaAkRR64zMugj0Amyq8CWYAOOuYIoC8tmU8LMMSrHEBQ2ERaGmJvExEnHgzFrhchh1iRYWg2ev3Hqnm14nNSNXNDsBYgC7LOYJdUOzk6WfbFvVc4ZKF4YCyqsGZQQQoD9rKS6fWQkE7R2Tq+0zRL0oTn8KmjZtm/JYFYuQXAweh6RTTjECQbV3UQmRDLkqA9HKUbLECOPlMwRREqp/JfCjS9gXAsqoARr3G9w5fbYq0LtZTYkZKAPYOiQZPeU2+l8sqP66RwgYroHzv2rgAflVeRyuVwul8vlcrlcLpfL5XK5XC6Xy+VyuW4AjSONsUT2jJ8Y2pyUG2JBV5qc8mIU04SSE0d/db+kDYkjlznYDjHGsDA2uiz4r7YfJQuNZHKAQU9CTrijuTDol/bUeAonT5smNn2nppPJjul02kywI/+DOBeFzzyHgSFykpxNQKPVkplCEZvE+WM4tUTiNBXEWSRMivUMswJBcU3AKoK7aNRy0LdqVbEQ0T/SXzWtIMOVsMCpIkKjvFAuLWDYzwBvDQnl96pRqIPBTaI8Ov2oBGzbjgenLcmVDE8Bw27mLD+2q21cDPuikvZDky1Tp2CNzsx/DcZthbHFyCGWQluIWEEnoN4qes2ycdvXeN7IgAUexOTpGlU3DYJOxGqnSxU4YhqhW2LhE4w+KXmH6KlGVOwOD93KOmiNdpllF2zz6UrlrjBcNmj2SPVeMCizAn2C+Jfw9cMKYHAxaOHB5XK5XC6Xy+VyuVwul8vlcrlcLpfL5XLdFKTxwAFKot/kP7js1sp8xH5DD6Mr5s8gbhVtzyWWoqH8Mn+u4q0UJa8OynHJ1zBqT6gjmIhNjJPJhDiTpum/nZCdQQzIeU5wqx/Xj76BitOQ29g4gYiTLnUzDmeHxNAJOyJgxYdIdglY3uDtiMGXmBughjX8KVXWAubbATKB3M04N9r9/ZLkaPuR/TpEnFthYX32gZFiKXdJ/19qZRxa8ziBmCmbw+ILcbCahIOARYRTElKhcnk49DKLk4V5hmD4cXBXfRIWG7HAjTxvMBgp2DaRhLb/yVNBz2nqem12s82unWHqqkcxqvsLDAfHEC1DIlDyZEGV9er/xkW83xqMCtgZzPssVggVLkDemNXh3WrhmoJ9/qvkcrlcLpfL5XK5XC6Xy+VyuVwul8vlcrkOm2BovlCFUPNZ/dV+9iARFxEwY4xS1L7DzYXJGEQPoYpUBoC5YDduP5JtbicxSNS3hH/HFiwxX8/Eycp02r9HS2PDniRdEyNUN85HtIcNDZBRD3Y76YKYmWAfzJ5h13adZuDgGKtYokATR9knDjBOzfl0OLmPDTFXIXNVbBtkUCDkdC4wPKihmbo525kCTQtTRZj7FuXTKGlzJL5PEE7bhU7GQnLygMaXcfs13tQ0CQeiWA/zdm6o7UnCgSpDJzz1zdBMZoSegAEBgEuSsxyuPDs2FFiAqkHT4iJSQdZlrwQKh2HqZl0762bt5qx/VDsy7CDWRDpLlyoPxa5AEPQgcIIsHRV5/pKgVR0RW7yXIWLY0uHmxlG9jW5nS1243y28rO8TDYmNj9j0DFyPom2KDJdZwYmHF6WUbEYF0RgeMOsls2BRKyAnT1wul8vlcrlcLpfL5XK5XC6Xy+VyuVyuwy6sA8QDyAPEZ6EPQmO2reCAIseUNZ+EXAXD0DOWZCjzFWYvgO1EyaOCJ1AlaQmjTDT7ksSUMUdOS5g+DQ0bAqxMptPJdNJMqEOohA3UnWIPkj6eXI8aDoPb6gciwVQJPmuEVeEPNjaRsDQWQxnOTFF8GvIBwD56Cn0ctxsMNUZGBWIxcOH3TluL2WIAooZ1ASw/CMZqiBZM4na5H70kBfFc4QxHWjuIhUf/OZHBSZpRbp1+hED8Vnj0xKaGpwyGOYPC3NTvF4p0yDVa4skacmDQiax3ZX/483Zv3Laxx9xdW904T5zkkzharvYRbszJmAOjwv6QCFi9lAKjdUrWO70IDkN91LPhkib6KrCJHZXxx/x0qwx/gwz3hBsRpBqAcgdU6RbNroBEGgfaTmIemEjPP4xbgnnvs8GXgQm8XVbMUOUuE/RZGGzYeIBr3uVyuVwul8vlcrlcLpfL5XK5XC6Xy+VyHUINUYyxQwHMmVtAUDoiBzDlqwgDQOEgooF1cBPNUaC4KtiP4Pejrpo10YuxDuyzu0OMlFinWZlMGvmFPRscMGUTOdpuPhyg3MZco81DBe0EGx1gl7pEd4unAuEhKVhMuupqiHXgvoRqY+34MehRRjEE5hh+H+a6r0Fay9mS56vEzQMH2Oe5l9pCov5Y2j7XNgkQa1IRpW2A4BsgkxMJYncGnXSJqRSFXgYOLzfpmDJuebxv6KSQClUSllBDRrBvNGGLC7a+tyIAcMEjJI4zgzLi6N766vrSwwEADWCF/blLnDXk6eyUEkv9q1+UHfMig4cU8ozoEeT5gpKpjHLrlFHFuq7sd2ItOBzAFIyzZx2gBiMuxURO0JVHZc4iBUuiMeXRtBGgyA9gCgsaPDgYkkYul8vlcrlcLpfL5XK5XC6Xy+VyuVwul+twCoawyPhL/VtOxSrlTQ6YRgo08pn8q/hhsfORTWEcFlbKyRaybUIYl4AZ8CjaOvg4H1UXC5PIEVJKJsJZdSZNQ6lFNLWPECd0DQTIJgh9RLSGAhZWJGxKAM6uwYl1mKogNw86FqOToUcAsIGK5p6BQh+EYHk9KvW3g82CZOfJsewcjB03zBw4cBwktsEwGwsrPFSWNIU1yQDQPkPVdT1kagI0CBi6xBl1KCpP1iYdZx0iGxjL8pP9XhZM6LJKb/yo/XztOHRn6M9ty+kEzDSDKaIYRoSHupAgHOp8NfmRGJlY2HYAsNjjpFw4LA+WXHn4BPvld6IHmDpenbPUzULXgZJuat6B/Ddo/2nz0CGLYv2E+aFXvqsa22i4RD+wZoZzIwETN9DjsYDxEdaE/jXIPeStcHAde5wkHSBrYeIMRKHiCZNwPbkuM5TR3WcxKeVyuVwul8vlcrlcLpfL5XK5XC6Xy+VyuW50kQGF/gY//yh9EKO03++DhVUpMh4t9qdeIJBNRBg7ocM4rGURQzBsSPYCkBQWyrGI3YjlyFkiKAkXLAHPMGRO7UvZswBDE6ER2qRpGgqS0t9JbCQ3hCEmlJ8Gklgh6MtqmXcBkS80JQ9Stg6CSyQEPWvbFlNLZxi9kCRF/XuXCY/QMDjScSWELDBrglX3qhHgIYEqb8bQxyUjLGV4rKlWWzTAwLKFhCZVnhs1V1SNY6KUPVhbWiyxOQlGkDBxQkuMYBZmb9jdhMmTjt0OrJdAmXVSPWl5UG/awnpZiBEOT9bW0Endq+VMANwgo1CZcOiiHk7kdhgFWNKkwwsAibYG0OhdCRA+I34cvGckpqLarp0RHyaZX/QCyDgEb0wwXygyTaX/y4OP+pXao/Cjs7VN0A0qADjgZTRqKkRYzHywMRRATcANlwqaC5R+GOylQS2jcFR3GPjoQDF6umkATi6Xy+VyuVwul8vlcrlcLpfL5XK5XC7X/8tKKe3jCotOh/xzffvxv4QDYc6MJBJyIXfNR7S3pWIokH8Mv924u9yJoTIL0QPJ5yD+Jfx/jM2EoRMgh5OYs2ZE+jl+LmvekGXQHeloQk0LgwqIUGUtYkcB7G7WB7IpYYcyKNEaCFZ6sQ/B4Zgu7aG0A6wkzCO00OyErAU0q06wKLqF0ytDAcCwKBsGDEoafMhWBdHGqUZw5AJKNZL6kSCvk65LdICSYyhwVh3k1EIR5ooXeAjwps2dzDW5pNfJ4FVacJeMP9YeIfxHTTWgPg0Ah8rXobLDMBEo1AAAEABJREFUmVvXi5ddjY/Boicxbnn7jaYaj1p60aj1hGeJl4ygZoSFdUlWrKWJKmZQlHFradHkX5QqdxOGTiDkp07zclVVg6IoN+nlrRqlBMJFo13jV8LBQYEBB2XJH0tsFMI88oTVR9AUSGUiSiVOnbhcLpfL5XK5XC6Xy+VyuVwul8vlcrlch1njvDOjH7TrRXEUFYwBARYEmTWM2odyu/0OpdaAiAVkx2k79lWqBOyT8hjDkhto5GOUfEDsbkI2J6DWBZApEAv5S2IdGOa7GYn8OTjW3MeYQQLM2LeT0Iq26zbazVnX9t92ldUKqi1CisC+MVWnooVbMbdn+NXIA0AbaRFYhKSeLDh/YS5SHWqEHZKvxQNFwu4GF6l9g6VOKj1eFOk1QxjFdCivRuJIcSKLl34kWuZOiD5hvxMMAlYwViTADxoSFCxAnxfETTkwL1YW85mN9i+9jnzi+HocESf5yoMfhcWOQ8NHeXklhzrHz6EXbhNCGHeR87nwAKfUP66pC8SHYQNjvsz2pIXVQChJdbIvEsaMkWVLKbn6RmR0rK4DXz8LoJOFKdMWXI/5JixJnawY/S6F0Z6Vn4uqEt6ZBmSdy+VyuVwul8vlcrlcLpfL5XK5XC6Xy+W6CWoQS0TmEsxtgYOwA/OScSjcoonZugO2FwbOcW+AmjkJASBsO9ReBz3rFkoKGfU4IcqEnE4IOoHI0Alg0iQY/cGgEEur01/TlbNabCfxz0RwRCrxVOp+l9Ksm23OZjMu2jw/OLDKtVO2GfVf0aZGdbhgoxSkJBU5WDvsZSzxWQw5/J0gu5JA7axhl1A1kUZC8+kEzn/EtAdYFhyZ2QbGPNG2ZnDeIiVRqpE+eN+1Xdu2sy50FMtnZ51BFZWLwTLBTZU7yZFyaX5JGgIEnWzRYl3dGIr1DGZ3oMETOAiyD3I5LS5zdOvw4lzYIA3SyLYClkw5zlU3sJo4YF+jA9AQgQjDDlrrltwKELKHCeeLauVyTYzTdbmAsi7rfDwo9kBQQyhBdxB27kFFLAbt4TRTA2LFGrEdJx++V1fakgOwzTmftJEwoxVuV/3c5aYVGZyCAcegSajb02+UsTJXynu3YHo2esaghdqdRPY+y8XG+49dUPlalettvqgHifJz5QbDNvcml8vlcrlcLpfL5XK5XC6Xy+VyuVwul8t14yubfPTBcBDLCagCluXn6jkHTYmxgoZT9xlMtagt5PAhSO6bYEYXKbuPzN+6uEAtJYScPEbIlygOHuRvAloLASclcIkl6G/vKUfSjS4Ai4CSBQgQ6iHUhjIn/GUXUpvazdS15J4gmTuCcC0pR2Ml+E2DSxdFcgYpkWPzO8FB16kRgKEEcLNpgKAxFQKRHQRwEJoWLw111JALGJMQAAU0CCxlyjVos4katS6FLBx9MVlJ3FEKL2NHNiecUqeliHHHTQIBfTJoFHIEnus25xaoiQuswYsDAxv2Hds3wQAWCDoIBgtAaUhWqpc/d2BS00sLatB3wLL4g94+JH4QQx1m36rVSzSHhY3uGtzIk7LQ1ASHl+37mgNmAkbkyhbAEVajA2UlhcWzDXkmwaATeQDoY6L0T0RF9ZfUjkPy4Nb8nC3bqCNFE54kx1bALkjqKFmotrp1G+GCR0wRbMtCBqunbuGB7tFmyiTvUPcdQmMtH2Blo0nKRklYdqHcWv3Qb532z4PWxCxfrO6X/xJfoFifph2T1EWogI40vcsGUyWn2aCFOX0ZptwYGI6ly+VyuVwul8vlcrlcLpfL5XK5XC6Xy+U6nBoEKNFi7aymuIaUH5+HnPtgwDlowBIK+bE0LKg5XbKhAEq6F/21vIU8yURk3j2hjrYiUxNgDYjaOKEm6Pf4zJg0fTCfPU5ittlghgMUKsBhdN/6ZGHXTAKUaLL5bzBlwfk4EgVP02Y7a2ezRF4AYERIyNYvISywhEhWeKwHDfM4Scg5wzzBossg40S//QdxEJHxHPaBY8KCkGTKAyBgsWNIZjUTpaCM1tDFjTYmwx+NkitKq/CXKajbCrmbdKELHJXuR6OjzDqSgAhtcjTwzsNYY0zjQ6xdEIpgHijYjg/KiObISkPAIZphCVSpPPSMNYtAopDpBU0npHQSiC3FovQ69QqAskyHrcK6qq26E/aDogmLGhPmiRMr+WCKxRvH7OQQiNY9/yXYpO3aWUcZoDomiGQHE8irLJz8gDGvhsOxEp4MZbWHJYN7YBO3tWFUxaVt6TSzzZqXXDOfYQfsHwIzkIq2P9ZXCmSi5lfjB1X8VGDuITf20C4qlNZBLXqXy+VyuVwul8vlcrlcLpfL5XK5XC6Xy3XDCErwEIROkChhDDAf7lxmQ7CdwL/dM6g0hDCX0mW/ShpHItnDRC1O9IBjmGCJe2Cu8dm/ZHEtI0zEmIzETExiKCEFnKWu7TpKqpMzS1QtS1WBccvQPhbaAcUGZVF7IBeIkE/WF4wE9YDPVQk5sl38CzinB5/lnCSoB6F4n6Q8/ggcb0e2eUCCTfhjl8jkwLwfFgi2/Gil3wBKi09DWuDWMUaRYLDmi1MPViM/CdvW/i99RXfCfsqwqgEUAQupl4PQPFR1U1JulXicJCJOui4RKbaZus1+5aakzh3zBJBgW/WexVBUsqmnNV9gtRtS40UK89gGDI7Ls70dYxWrpVro1U5ZD4gkBgujzYUMYwDq67FafDCXiytY8wf/3uRe8VRAKFl4wPETl8vlcrlcLpfL5XK5XC6Xy+VyuVwul+umoRI/LUgGp4DIGWqqSGLkX/4v5DNwlMJjLuLM0dhSZ44tAjMiYY4+sQwPxdhiaQxbYtwx5tKj/vRewqFqJ9FIVoni0hG2I4mH5qCqOJd0Zs2CQHkhOHcMzrDrtdm1ifGMKFkmYGQEM9ASCqT6hb+ZvgQ1JtEmFS+Q3BvLtrOknmwUUPIHadBcv8gpNwa5N5hAwqpZQ95IwRp648Q5NAQpcI4SQU/6E+T8kHCu14dFg9GBRefrk8KTWNA825yYzQ+WTyEPY8hLeyvoZCv8Zz+U6YG03Ts03L9FvYdsbv5vsDxB5euwTd2sowxQBEmBZtdJc1wO1InAtAh9LsXQoysfb3ht5WlSEydxZMeyXQ32dNuw896O4vQC9nzoZlsmnXe/IFtMSWWEJVUVBPWU2WK8LH9O1QmmT2KAljOcuVwul8vlcrlcLpfL5XK5XC6Xy+VyuVyuw6sYBqBB+UE8ZjcSC/ttO4JcBxBHViKhiuNLyBwqK4na78QgD1z2s3aL/mrEPQfgMz8j6Em5XuKW0k0GBmBU3LDpQ6cA6wuItQmqrUEIHK5uOYNMmlGaDoo9UzgVhr/YDyFs3wkmDJphTieWvCKUKO0gKlzexyVk3KTuVP8xUhIc0HQ7xh6Fsgys1wsKHNSe+mg7EyddmnUcedd8OoBmBLMFW3OjCpdVO1hkyy6KhUGBWLwbynSA2jHAQujEniZe01VqoXk+Y58tGZYbDlz/r8XteZqzQY8wZImyQHVd2x/beb0YKmcTfi4iaB4ZqJw8kqbVYd3QxAkODodgyACRkQ6Eg6yjOoeS58YyS8UyOOp2ki2SLJ2YEToKyqXCsEm74nJgyjCT/JDkPwWBPNDuuVwul8vlcrlcLpfL5XK5XC6Xy+VyuVyuQyyNFWb/BXMlAVxkcLEERMDKEmPogjK8ssAlmKGQWLmbhNoGYgmoUWeIiJQFKAYLDEd2OZnQWzMIv/Jv7OtwcliuZd+qjYFEmBFnbdti2iSXhNTxqKE1o8mJJqoypYNxiNfUsosFuJH4OGA1omgpUmSk0vIA9zYgIcAST9c8OrWrDC4Z/AR1Ghn623IynTa1FLon6CQBZOMVFLzCEI39SO5xaIVbfrQzMPQ9gbnlrKFweUTEhgaFNtE1LFmJtnA6EZecRbMzn5gGcd9USPXUjEurbSfCoqdp+yjZYdFglR0C1b497GVCAFn/5HZIL5rSKJm4uM7MYGG1KXF6mjKqip+ZtOwbjDsxOi8MhgTKdwOjEQhznlMYtrKMwsG9C51OrELMBiay47KzlNFmaqPEw2vPEJZdA+oSygmtO+QpkH8luDSZnYSYk3u5XC6Xy+VyuVwul8vlcrlcLpfL5XK5XK6bgqpMKqC/VtcEHOPQ5P4Ep6tINxaUoRgGqBNJyaojXwfOw5Lzv0gZ+a1u5rAxfVFNtFQLEv4sHZKqLVgJ27OQGJuCaFdQbUw4+tm2LXmcdG2XOGLdX9HEQdKVsJhxySMwoAK03nHLUglngxInqGyKmXYILlKFoGtqpx6mQY/Mg6CuS2CKPnaclkJFlJHEmCRxNOFGpi714yDESRsyexEG0NIhIgcOVCPPBKgZpDC04smnQLkPMGjGrByCZQsR0kiyiPCA8EnEOegkKogzqEO8InIL4WCeusWqYIi6/NoMY1AJZj+Wm7ayJZL8wW0uLqDVypsF2ZukbrPdnG1ubLSzTVkPc3OhUys1EnESIeR9JeiiZgwtN0AeCYxa36HU8BEuxfOGGuv1HJsDwbvyaqH9rCJWUFf7uB3yCAlxUr6klkhyMeOo+jOJcxelJHgWf8vPzMK5i1DTMXQX5+Khx0v6HWkGZKN3uVwul8vlcrlcLpfL5XK5XC6Xy+VyuVyHUbXHScyEQBXQhSV3bWF2ghlpYD4CrZZouAgHSPuo4TCzgkVvS+y2/GZezzTmJ5HPUTlUb1UshpxYByoTgHGbcRsBYQ4vcz4dOqbUOfxb+8TBU2leMnOKyLFprjYuHJmMy0RrSdM0VXMgGzHUMESqQRw5U8Wb1TxEjTb2jwtCs2QokWXxHkhYx7L7BshgJgOAjAai7jNt0zF0wuwN9oH8ZCsI6lw2whlRYxOWFhwibafvQ+MGGN1oCw8rR4cYBqF9CJk94oHn5WvUDpM/SYETWo9L0uuUvyN8IIT9JRQwP6UwRrOGfdsG7fN/AWVyKCQABAgm1bWzbra5ub7ezja7rmPOgSkwBIWB+KlCxU2ElOsvwDoTk64atfHAcGN5cOD4AI0+I+3fXrClZJPOPZbRYDxHMg1BbJg4qWis+UYuOMEbq3It1daM80zhnFDoE/D0Oi6Xy+VyuVwul8vlcrlcLpfL5XK5XC7X4Zfmj+BDwEMTfAb7YXywbDN90RyfVGOPyMlwYmywgCaZZeCfxw+ZgAJxMNuR6Q3QRAyRo61QPmsKDAkcG0uxX10QzxeOUCNGyRrRUqC6Y9KECYtiBoBgNioa/s/QhvZp4DSBC4LCUEMwfQ+SBbLTIJ9OVSoMxxtr7wy7opAqcz4fHFhP9ZmQL5B0MSAtR2IpEKorkT0H+iFJlFInsbuHvQcZAkzaqhpqWYAw7TtCD9vyR9nm7A6NTfSTpZJS94W6vMoMRtaDmM0QiMM3FvMT+T9xEVLuJGzd4MF8LWrgtvqRG7rVnTlrD+KilVeV8/9/8TIls56u7WYbsw0iTlJqxc0kyq4S7OlnZaeTUFuecFn6iCqAptiAfEgAABAASURBVBXInwiHEqoa9KB6hPVEUBIkN3g0n1tQTaOMTvmxH91dEScoLB4KdqKJdRY4jsg1si3rFg+1+9TiTmXmpDaDMo8luoi9puD/oRXrcrlc/x97f95mO3Kd+aFrBXaeGsmiSHGmOIiSyCZp6bp1b18/19//S9zHs9u2bHerRZGqqswNxDJiDTEA2Dt3npNnrPdXWXn2AAQCgUDkH++LdwEAAAAAAAAAAAAAAAAA7zZp1KAPBWm67cn5viyOVlHwHA31kCQOPTGaEoq8kqi0ILLXbkN8rK9MpU9U8040f0A/CN+JOzskZMpNgzfJlSqMZi24kbV0jrlM5hLkUVhflMft01biDTl6ONbeRkNhwdhYQlR7TfWb9RiLf87UOzi6WAEdiBS5G27yad6SyOfgtqsq6tlsLtIbQ7hWnGk6u0eaUJXYy+9F9BLPRW5Xu0kR3mfxUhm5douil+LvD8wz1xGhm+IMbq/c010I6cR0+8jMNLVRLwAi7upx98+6hRlQbIZxuUapBV24wH7ZdPI8innaNXowBP0dVT8Zb+Zvmn5fb5o6n7P7boS70bAXSW+RKDOjGSejNy/H8NptIG9oKHm81m2dfmSllv0SvymutJswtna1G5f7z7l3nIjIdnemWDPCGbOt5WS//Q9AbaePpdrkxzAdvQQAAAAAAAAAAAAAAAAAAAAAvD0GGwTzJkPjSRxJljQld5xUSdSUW4uLaBV5ZGinJnakrpcpAk5SZ0YJqThapo1e2Z8qPdr/2JBNMLXCMUuei+NkfSGLuirywhYCUiMRWiIHd7Yaf9Q/Ak6OYIoOq7iaNHigvFw89sUMNhKnmMadw2yQhuQM7wvHGcVVjeub7BDVJ8HdaXuyQ7Rnm1E3pIvK6+Y0KfWG1tGQLuPE9+auAQpTBHdvXy978T3vthlmXHwi3aW0K5jNnSNck05sskadIzOZrO+0YEj2vU+9vl5riHA1X+1n55En4IBDY8PRZ1EwSPafx+h802R7DdsQu3ASN4X5TqTeh1M6yXYChbEsbu1qL+mcFjKaTmx1e7YRPrpvIgAkbqzEL3+4A8vIbpO++ag35NFTHvfS+kW1TFd2H5aEZXC7FrIafnrfyS2URCv4TgAAAAAAAAAAAAAAAAAAAAB42/SOk1enqZYuB+qT8FETJ3wkwxGHR9iF2iPxdZviMYlEE32qfqiwU57Cr1UvLp6EeBIIdYfmfUkIHkMvyPM8lvMyL3mZS9aJ1lWJ5JDsdTg0TcT6QhflfB760942x0nTsUuWiFsGmGT0DfBLXixTfH2sxNJQBrMPF8vLrvVqTLE37jUpyS/FX1FiYMrYFtMJSwSaqB/jSQrys2NXaksNwYl5uDEK6DZtuCXKgpSTiwuRyXNfzFWQWxZL8S4Ua4k2fUqaANEcHuH64dRlrciue9dEf9oFnPT1UOoN5bEctPW1pN2uB1VRPmTKpS6uMcpz8U6Vn5yo+rL0n3qF2MNwIj2Ik9/fXraK20SpFZoydbaL57RXHdsrynRhT3S66Ti3bFRn7GY5PVjR3HaS+p2JWraReHyV3Y3ZnFdE0zryzaOn20/aSL48+z1/qFsmWwQWAAAAAAAAAAAAAAAAAAAAAODt8Yymkz5fpD4Az+o7KbqkuTJMqa1VFbod+4fsq/PBjSYqjmsrbGEn2qAHnEhXVOeiCulZFFS1/+l4K/vSN7TcivVnlmVe5lJSp3pi4vy8vgYz1VIwowVGmuNgjApo51qzXpIlbSxuvmlP/jPvenmBTVTBMCDutnBBubqDqgnDHSM0RrNwd4GKTr/kiHvRpBP3xlDYHez6uCDeOXB2Zy6XhuKxzW4nZP9WjUTMeuEdk8vpM0J9f7yeDtsQssc2mPnI7EcWM1EyM1jrtMgph8/JVXyJYc1dgZtLZyeX7CBNce8/iXJI0mXmrNdHaLAocRcX9NaQ0dekQ7ffZjsuvHdCiRxuGVvwUZt27OKcWh4e8vlrme/Tenebb4c8t6PeDyKJvaCOxBJT6kmVrdK0LCUDaW1sXRvMRWFJNtlr0YjFD+UuAUnkJY0o22QQqXdUDbMJF1kca9zhQlvcLCZ1SPUUFuJqzuqbGZsNx4kFmeTFVwNdFkvySVKnzrperAu42k7I3Sjd4bQTJSzJWlzH1mdvV5LMPtFzPrn/EI4TAAAAAAAAAAAAAAAAAAAAAN4xDtVQOSrN0VtDaPSahGpZ9HgrfjCF0YSrOkkmM4qpzSbs10ogHE/vV/uClZjRjBOeKEq/5FqihEqqBc2m6Ud1GNn0vE/dKOVq/JH6qQuh4GIYmCylo6iuc87zUqJNSm2dpbzN6qDhMLtYv5PJodx0canfhJ5eDTQ7IXwdo6Q2BB0PqdVbvFaNmUP6ai88lpTw0Vz3pLS5FtRlNMRpsgzDoeM1dkjtDkkvT0udWbcpp5/LL7H4Aioqe9Gm4wSZ+gokTU3uBiAG2g0t3WbV2yHZMzt4+9V1cjtEeBg6o4mft0voC7vzwfNqbDzqyFiFJs/doZQ5XBxsqSfFSqK5Ll7QqerhmsXAybMY5FS1/I0fqr49NkxshP7GpQ+5vZS+lXp79I6Nb060yYFtxbwRYj6ReZ7P6419TsL1vuBqi4s7Q/zWVuucVvWyWVD8JiX6aCHpGvc9dNjTEMtBV/wxr4S5T17JfrFbK/evaO+SSuErtCaom4BtGcpedihyh/q/HeG2U29Kf6jYT1chvU3Wd/uUHgIAAAAAAAAAAAAAAAAAAAAAvL9clU+5Q9NJwo0h/T8UeqIMz+ezOwj8Z9V5Uwk7MfMKy1Giiaah7L0vuy4PbhnNITBl0yV6TUHwHIss6jRZNel5fhB9qRkWR81eGoWbJGbRKARx10NxKIh7ILiFJSiZ6IrQ2qq42MFHh8PmiEIXVepkwScmZUdhHc3syHGcnFmExqSJrey9bZ7jtwwduf3Fk/GkmPra7QPeqNmiiGrxoNY5qfOjRkn4rPR3Sqqnteuif3Wy+V2F+f0l4V15nWj0dkH94FJ2uTT0zYUPHDfrfFiWmfL5/PCw/qy3dVxh/b+VPToIGLLFrLzSyI5cYk6y25BEIiRo8F7Q6zKavF56M1ilP42kZ2umE5vhxwtuZCAN37ol7XiGb315Uf2Lm/tNnnJ3AAAAAAAAAAAAAAAAAAAAAADeLbqCCNvP+7fmNXG1fRDcZdh4NJ24NK8WEns7lSo2xXIypTTppxtfhcixyHsQ0OJGirpz97t5UXjVkkWrppjdJEt+WM6LrJ/WPpNs/CRHEmjknlyTR1Wp9lIeUaTGjSZ9t0UGAXxjLqlt0ZHyeykO4GINIi1qYXp91jCYUl2opBRko1TX0RiCStcovSLy7D6JQaDmeNesJ3q8/bTo34ZRatc2P+aIOdHOaHLh9G4ZuQM/UZC95WqiORhH3jTy6rx01ISmWojIc2euxMq0uambW6h8tJS4nvl8frg/n89rL6bUBfr4mpPsHleLm9WDSVytWN1iUc0pHFEpNfgjhf3ENrfcjvSawzla7sgj2233shf9nEl9ea3YS+OYxFZ2q6rjuw3GQepbs8ggvdalIteFzrFNhq7Ij+ZH6VJX4qLG+KbuTJF2AgAAAAAAAAAAAAAAAAAAAMA7xHX9rul9Lm37xxTFE1Ss5RpyIhFz0uIlcu4iGOxFliih4I3bXtHKpO0kTifW8jomdKp2uUT5GGstqxHiIARlc44yKL/iGQcs7O+WcirFcbLM88P6m/JiBV+qCKsnnvlq6MjF8Uz9YK6/FuoHxK0s4ikjPiCy8zZEqYrx1DZvN4kBdgCuG/eD0MvN4ThRc4sFOSxmO9H+Zr1kWWZ61hCH3ljzeKOPKM0pwlxo7yqiPpGCktSom/IPZwu7KTK3y/fiG9usyfR4z9rAnw6+V6WcLij91gl6WTZ319Ghn5dXbPDZZs9Bq81jU+8pS7QpL/JcyuKUYlq6bkzJHSM6dcyWxJuJyJH8Uz+oc6x53zpjnd+3NRbnjbkjHh3UA7+ad7gLLOHIXYqdBocV61KfOHwnOefedNJu5sMZYl4UOvbHeZIJa6mzWp0q0lL6u8bTZWA7AQAAAAAAAAAAAAAAAAAAAOB9oFexq0pfRdXyXHrnGrEn4XMVYbkqmLJpKtPwaL1tnyhSUoimaSqOlFLIQQNPrLzCPsVEjyCRAiLHtXXcY5JFC+mYiUA6z4G+WKXo81z+m5d51rAPOxcJmTSXk6WNdntB6e0U6gHTUsPtId04tLIeJPIEVd4iSY5L3FzohfQv25j5OOUccSbucZFquZDQottQv5rw+4zmlY4DXdsdTuT+kT7CpJ8D42z37JnwJ1nVnu2RzDm1CdM57X0e6ha6OEdra9dO6+kq+6O7bDe46Xq8qtjP/Dqu+iGZ9XK7QS0vJc5Isq84PoHZg07YSnzVWeH3lDreakKOl9QRd7r5fsO8EZsPdPVaP4G9beWgWXn8soR/7qAp6TKU+vt6dxj1BdqQqO+kJp20k5VqThy8Kgd3j38eL3yrugxGZ8bWwl1IAAAAAAAAAAAAAAAAAAAAAIC3zpOEu3igvcVv2IPoKSJGatZIivd6DL4kZHMlJMQqZdpnE09F31THiR9v05RZQHiv+R5YPahmV5QwDz0dT0/xyjIP8/nhfD7P51VOtno+WuuhhVPcriBv0kS6brAptKbUSrPxNCdEtto7N8Mt2SE+6SXyRxAKu4SG1ohF16w9WOV5d9pQ9i9pGQMg7Lo9GgFyG4fT5GWU5SOXT/OXFIeIquJdzSRy50GZBipyc4jgEu6oXF1KeXCXhDQfKSaBJ53oXJziBcWHTJ7cYGN3XGsm5lz7ZFTx+239BDfCfLxIh9YTPqpWdeV27XZhEQ7/1KWNhfmtOAPGIbKojHXuLqWwznJ+WNbbO2fWmz5mcF2CfCp0LZRIj2maWK1wfn9oc3p3SDYjRSxMseLxU0xjj9BfSmkH4s0GmkLUVuHjoekWUO7q2Vh6Uh/Wst2RxLwmWWvfnE5TWabbgPiqSvbHIRrM/XT1X3H0dVxpMoOPXodUu6OXIq0vyxCH2YtaRBDz25hVAAAAAAAAAAAAAAAAAAAAAIBDNl6KjXWDOn3Tn4enwfaRRq9JUz85Aj041XYoZFPLMlk1Re7Qkg1cs1JIDSiykKUI9HKpeLGYcgytkJGFZS/C7rEG5u45fsmLGlZSEaTn+avzV/HUfoijRVqlag6wM9xIsxsV2AJZyNR7+4BSqdoT9pJSvYak9wmYzcE2lhBXhQ5KprAOy+a8ioZ+dPr9ZWXemmAkAgnMW7LoUSa9QHOuQSfe1bwOgBU74mr98WaYnmbH2eD5NRe+vdSsauT9Zvsd+zlgZ1rLp8RQ+0zydAYhnatRWMfdCqPRSapZRGoHyoxIuw6cdK63k7R5Ja2/LH3JkAMufdO18Tg3ifT1Br7xKtqE717IhUNTb8V4Q/BwZ3ohnPXuW+a8nOfz1+vv9W2Z0mUWjbabuqPHlHAtx8vkAAAQAElEQVSavJTMZgxF+u3iwPaR39ItVaT3Xrx0qZ1xfTne4CY3BrcXEuw2qnd+53exe70aiUZzUr/WxLLVt7ebJPaJrvN9z2vSibSebLsnB6ZCAAAAAAAAAAAAAAAAAAAAAMBbIgwYV9TmQ0uK4Wo1mRthLPDi9o2l7dsbI6jW0XEm9VLoJ+rziE9Zhif8Kfwf5mTJnbtgHwEwnmUUaYhtTQvWBIviOHmYz31cgfiZHTd16RD17HphNPeuhebX8H/jFFzVbVYGG7FxzOuJ9P3io+IbBx/23YvXdnStFFLGdYlhsW6KhURY3ofux0cn/ooC8LUhHcVquXnf/XbCbfOY9QctiAzfSJxz1eer7aizlOxasKQTrxjV4N3RLjoy/M6Kflwnbg/eNcJdRMSxhYerj+BpviHuLs7hKdSv5PbL9CT2pzM6jbLNZ16ndC6Ok+X8MJeYk4XLh77I7Dqfye8frxaWJgut4Sg5ZUFAWxsFX+7Vq1NdQXT5KL37jy51g4nominPHXNct9XPu2vphkG60LYcrzIxW5ZxcxavNlW7vb5exo2rI+zNWpcAAAAAAAAAAAAAAAAAAAAAALdhiriVR7itSgrXZ9Ft3+TVb9R2EoaOVUXU2ggSWR+mKloNk/JvKtkQJfIkHnNXp4kJwe71MC28hAzUY+caRKEb5e4J+o0zZq/P2i7SZYxkrQ0xr4K05GUp1TdaRgi73eQW/dj2yt3hWAfH8lhE1LLhlgCVa9mDACRcL62rYeEI+8tBD4QOiqgMG4hsQisONmNPsskt7sC8Mam8iIQPKtJvNvOJJp14Kohdz2eQ16+6KvaGBiF6KYcLe6hL35TU1kZbyNid4k7IrIEZdtW4Dqf+Spf0d3cqXI5kuHgeGyfEFQ9Bb8Vyl1DcciWVJp2oeRH2qv+FQ992VYc0iovb1A1SGcXnMw0051aFx9ecvSAUrf/PUu7v8zzP5Z1YLlCmcbHweBKfdOu3k6Uv2YqT81K+zrT+m6Xds+366trmRrYopeQLpbXwCnfLfnXjqzV06IbW/Kwt1ilK89jA9m23W06X7mma0jRxuOF0sTOfyhClVMextnGI76ODLLqi2Mrpq2LzQh2c7uhiBAAAAAAAAAAAAAAAAAAAAAC8B5TCLl42gi05opZ6qVq96+Aq8ufc6lew7mOK/aReE6p1KzjiTYwusWEbHxDmlSY5W09k2KxaLnr5tRlWogLGkmVVo895yRZdkLyZUGPHc6eL7M06JUbFUy2szkZyg8f6grvgkzSIpu4m6XVfObAmrPp59aLwWNiIOsfJYfyJ7aN9WVRC1/pEpb7OEn0tL7JK7LG9C9OJPRNjiRNuOTAvqadflMdrvsh1P0p7u5ekiXfbt2gS+yU7Y1E7rl89DX5IbuPoBvXydBC/qKedKP46FHK/ESKDZUhSqZNArpfxoZe7fvJ6zujl2UV/6OCUCb7kZSkOs3KbZ7vJ9BZqpaFaKpG704b7yvxYzeJT51GLFuHOsVI7JHUTXV5efrjk2QrKsMcwdevjPiRHut/dh5b7UkwnZWZ3Jbj4qDCTt/rYvFP7ipudxG121T7V5nbq1ri23r266w0AAAAAAAAAAAAAAAAAAAAA8Do5FDrts0ScxnoOFJ6J+jqk2+S5GlquYjLTifpXLOmEVJvUmjrhGtGn6iNMYewD23Pw/t2qfG6NKaOXocacSKe0FpsJyXmeFyqWk8Xl4e0D+7dwRfV0+w27RUSHpvS3OmS4WWcseEP2JpOq//anuRmUK3kndYNuTCxSoAjpGr6QrZvqECrXhKpzyDpFLa/jgrL8zAjR8zd6dJSYHPq+98+E8k0+BC+TqXCKcBHy5mNyPrYjH5o5jnV9shIl4xlstinz4IplyrchetLU50v93PRu3KU/A5/8zxRWsZszUaiqnL7YipFZFvbVgDUnqStbw3vPijN6kiyAKT6XOIwnxERpnm4tIhqWyG2/n+X+uXb9t1sRde6ZY2wh3Hyoxc+S+k5sQR8tfmZ4isAk2R2T9uY8HZo0TgxbkqqVqhiFfCECAAAAAAAAAAAAAAAAAAAAALzbbB5uH5577yRp/03+5LnUciNSZXqXYsm9CvorcS75GGXnKSVNOtHyOjXjRCIrJfRTlsijCHJ0NIq/UARV7HMuuq7EKZh7IJvjJC+lpI46VroCPUVUfarf4WhzT5co7hbxekJiXhlpLpMqu1M85O9+m03Dt7kVrtRgoRjX3olDYatwK4w7TmrGQLdflcuFvaKOtPya2KzVwegk8HYKg2um64UcndUwDE9mN4CXNihFRSJLoZsD1BXikTpKbhW65VI4J8mbDJWDTtSkoCvo3M2bmjvkDq/+XuubDxdYrq+tA2nfjTrtRkfILVwfBx63s8Viig/q/Hi8qldum1iMTy0S1GpabXax+ykvEu6ILHkmWpiWxMP2osW+fAyKCcINKKcS6cFxiBymq3JT16I7dU3Uejsl3IiKqSyWJp/fF06w3Wap734UrqH+vuK6VnQ+MhrOYzvc/aexCGbpKm9lc4q4ZYR23dv8Ncil1lAyh0iZ2cUOogXOYkFIUi0nYWpJxZqTfTHURqMykZjb0GulST1etrtvWRZdq8uw2xXhFhzkhid+hUUCAAAAAAAAAAAAAAAAAAAAAPBc6NP5rhEu7vJQCd7tEIXkQRySpolVSE2hgNdiDaSCoumBpmj2R1k3e3E6mb8kqVw4ccosVl1HPOBDwwNGp0m2PIJVckwqTUpJKHGzBFXPBkmH1aypEmXNOFkPNM9LIa+Kpiqd+lWuJodQeweV/nHYu6DSa5GdM8fQJo7MA63roY2W00jmBUh8Gmp9MPlWZJI0D3VRknXXPBAt3GLdIEuYD4RSLzM3w0r52modZWotWDTBQpbNsHSnrf2U4QOKzBhq1hxXgZsDqI/2aL+lizPYDm7V3qsargp7FfnDj1SV8ewOnnaiPLRHRzWJeKP9swZfeMJNIjffhFmgXgSm7kSaSeiKT0LiyxNdCCzpuuQf0VW4pWX4BzJG+nRxLTGR+wNJf6jjY20sS8+UPrJvaOp8A/bbnA+33mpH1DWga7g7vmidqGWec7nxcy2RVCdJM45U4816F01WAswnK/utYuFAZakcDtr60Vl4uNypLOniWEY/qN1q3lCzRXVbX2yiu75ytJ3EUGTZblBXxradH4xp75MqppMSdRLzJD+6Rsr6N4V9FfN7Oe5kv9HVj2fDG390cldUR8L35tPaW/O78RlnKgAAAAAAAAAAAAAAAAAAAADglbG4Eq4pImQ2jyq2W4kVfb5cnSL9c/CjC4Q6JVdjBLQmg4q4SaXLSfVcbdniUlymVfvFTkYUzWfwvIlqYAh5t1N+m0zZpGh9el5PKS+B2UJcz+wGoEVcNIlfHi/s0NkpyrAke+S/NybkkKLlwqi7YcUsPBSpJ+59mKi6BXTU8tgn3ngJqmUmomhUV/aT9biBRQ0tGkwwezaBDZK4ASDG2S9HS0Lo7B61/xRemcFRML7YXlU3Tkifq1KphqHYWXpLwQ06s1z5gjcfSDUxhdjdHAzmSSG/HHGyV+Xu+vmJnpUn1Wex+i9x8z4+YDfM8rdPGA/2X3S/HbNY2ZTOeZ6X9b95kWVpJbw6q02MbTb7m5X9Kg4783NZi3aX5Nxt3w5Hhx0mpi4eSrrAqNc74DvnzZ4nOOrsrkk8nSbz4uTsyUiPM2YZ1QSUbfeEYkE2l2BLINqtG/FnKCxDBAAAAAAAAAAAAAAAAAAAAAB4q5hRw36VKhOlOsQQPkFRA6QlAogMyQJt63gpvu/KxOY24VOaUrGbeFWE4j3RJJD1rYWX8KEnI6IcrIdU8y/6CjBxIuaY8SIv3D8xX7CUk0XyUkMJaOOgeAXKOCQ9chuBW5Rl6U4mV/FV+o9lUKtJrgUgVIvBKG1HbACFvySbHB9Du3h5naLyegGWKuuGEP/q3KTUt6/H0Wu5EE89Tj1YM65wN4Nbm1nc+tMm9NANJh62v87pCb17FJbuuIku6Pe+bRmpx6v2vEdEXhB3cTV704N0/rSa0lMKaWWznCwLS/Wq2S7JzF4SRWdslqRirph01QtXijU2DLi0eBEOF1zcsf0k2RbEidd9a5u3u9O/bc4MRq1buX7o2qCacE4pnerKYhPwlgMdHaLNTx3eWLQsyOmoVenXau4+BgAAAAAAAAAAAAAAAAAAAAC8baKWgnAepWzuUwCoKrP1LW1f2U7xgiPjRIvorCLuVD5pamN5pwdOqqlva2xIp+N2NWUOFVJh6jJaPBoj+/bZTmvR0jzlxxw2HDEEbpFxs8rt5CHSwyrUCFV/TDOfbE6rfdgGM37luADZ/TPCna1m34etHt0qFFF1rET5pGrd0YPQ4sNDHlug2SyPCNDPSh+gs6V3BrQkkvrt7sV1hu3Fwy4su2ST2iJ+oE0ciiesxLc3VfU4NJ3wxbiOq52vO8UtUBI36OBm4Mg4KXdX5x2zfYmfdOR3iDqZaWPpONpS9N5c5/OSc6mlNZ/PyzyXUB+xwmBt2knUB1tXBxu6slyp40TCOGY+Lcs4oXbLdcuFaHBQrh0b5o8cJKNsL9xV/9Bj48Kd0c1PZ5PgdLhnLHvjenHQvo5SSubC6fwmt9H/zbhwOs29U+K1vMpX61Cs1G9sYQIAAAAAAAAAAAAAAAAAAAAAPBErKKJ+Caa+Mg6lqIMzbt7Jjv7L1VjWAjqlAE/U05lUxTUDSjTFrsqmaLjquLmputkqtshghjiyXTRvSvzOtWpLdrnYfSel6EY0Y1owd8d/qoPBD081VkHdACZM90ka1kNub3nc2IMZwjQjZDkkIbEfBX6YWOxD6gPb8hRityYNq14uaqyxdBPLiZBVks+eSyOmXR9K5M8FR5qNe4MOEw12crbsX2+SV+ToZYwth2mkXQLx16ynXaNx6l4txaId0WfIdbtDz/MlndhtFZezGCQsUqezh+3iNCKViG6a16Od4mV5bY4Wq97UudzK24Pe+s1oN5R6RUrGyXlZSszJugak8KbZ6FCK297rWqmxokR63BFP0q0UG6eFtc1doR73MD1+Io8bUK7ttXWY2bfb++Fi5adorblA7BN6nHVQSA2DtxbWsfZTF5dkXduu+dRvsBlq2yJrhTaq59XqRn1QcT4AAAAAAAAAAAAAAAAAAAAAvKf0DpLBxNASE9ikQN+eSkSG7Wmlcqo+mIo4qDUpmK08RUE1wuI70UQT25Kr2Nk/5N51qfVtp4hWf4lvGbJmtgSPnCOOomy4qOFk1m/0dIoFJmeWsMjQS4zY5n3U9BGKWBJ3OnRn1zlONk1V546EEyK7POsj7wUn6tGYq3wb0Qxp77oo9pq8scLUsJNs1pOs0S99LsPhePgRn81RkNxxIpq8wUP8hnjKy7YL/u3wbsOBVUW6L8T37PN0Ul9KyuNxfCIPA2qOh87XQRd70H11OjwH37RlP6Rj6b+aGDTjoRqJGrk5p3Y9Sr20PHUB5wAAEABJREFUL8936To2N8+twRc7g4XwtY33n23mhhzsY7atvJRok2VZ5pVlE7bh9rh2k5ZRKuW/1HLikR5xhOqEqJ9xLHys/QlLm22w2F6XFpd+davt9RtwRIPwUI6HrtDfGPsxG7wm0t19F9oyH5bHUOlNOk0nTatiXU5z1/9mdSr2tazLb3+CeZh97H4R72bzz+lwqTXQdiTJre+p/h1qlirOajnJt847AAAAAAAAAAAAAAAAAAAAAMDrIi9VkOVS/8a9I1XI9ofpq6jaxEpLRtGKOfbQOWsJhqmokxYpoOV1yBTc8hGH44THOIkqUtZDZWrH8goYvon6SGwj231pLbifIlpYmcV0UGqxGlyqZ1DUr7HDpnpCxDQq48firAugsbEGlSzNIsMSJye9CtzlEeRQXdljSLwnOXqbo4RKsRVQ+HU2ejR3Lat5IzRbWkId5lZ1KKoMeU5DrvvWc92aZfRq7QdgH3bwuH1HUujZRN2o2hmu86Ql0LSr7X0ivzTxycadQVRjSuKTFuQwbsvVgKLa+GKv/QLSYAaQ5lM5bGrLPv6hmU769BHaTik+Np20txI2I7db+avjacmdru+NdwYUusRT7Vc81sISoqvhGt2WL+8SGD0fo1uqbVJ+Fq2WM8tyzvM555nKldbbqNoc9M6z20n9cGxRTNUnF4avWtcr993gbjaI9I6ToyG4Gm0iFzxBo+Ok8xV1ThW752tn5Kgt3q1otDO+8HiT68Ltfg5dthPF1JIDx0wjx9LdGfoGr8+ub+2U2r0Rw7kfAbaVkKw/9PJTCQAAAAAAAAAAAAAAAAAAAADwrLRQE+JWTcckvTSI7RL+jZAebXfd8KCYTsi3VhBBquMkHo+PZg+fVw+h16VUiTwRE5Zz+BCk00EXNWqozaR8ljtxXvXkpr5nf9jfFWTy8+LbZEz3f9QxiJ8uToGoNcauqlbHQ+zoRUM8gcCdEFYEx50oliZgZpo+e6Z/7c0lD8PIvNHBq5yrA5LNGSN780rzzHRn2TXw2KBcCwDpzSscxgm1KbXuF7FawkPSq/jCo+uka/XS0Wwv6T8ovpbspqK4grnaOC42XmcrXT+//Sj1SSedsWcX9aGWDY5aIRdrl8R8yIfhINxa4MPjvgbkwus6nzZmoFc80O4yHbedfXpnLa1TausseqPlkr+UIt2k1dVKETazdnaisoKdeMzeiRvUVjuJPWnjhbKNudvxpU+/C9VhuRxJss9NunK8uL15465qx9o1b38BiNzwIXHCG1Ne6+QYBsN+yx2eHffbu4NEqO9Ydwi1DPle9veFRei2xRoAAAAAAAAAAAAAAAAAAAAA8HoJ/4Lr/90z6qr9LblKiiHQW4yHWxJMr13F3LvppLYT852E16Rr7rGoiO4hdyarB8OsbhBWA4GY14S8RkztYUinmnGSM1VtPiwTfl7jCW+Om7wKyaNKZstXaPEksjQfBx+bEzYnz53A6ifVBNvcJb4ctBRek2l7nDhlLS6y2d3e6uDw5XPk+juMIvQc8MYIsV7gCBNZT7bT96vNhajzNQldyjTgSx/WcAfXvKvJpVlw+iaa1yjZZNoc7vHaJkdGj9PBpruKKhZW4Sd48ThSPQ1xGhIeg9F59LYZbE6vpe1Hvje3V/GeLfP6s96bZQ0Jp4jNBhstTwnRlKZYqMw2N3V+NJbIVWo2jO54mjJSi+/I4518Cltb2bXzbudF0Y80frvpmnQOD44R6b51l8n64Toep9NJ82DiPjq6wvIswSNbR5b+FUhmESTPXNHuec/hPAEAAAAAAAAAAAAAAAAAAADgHYDVmZGsDE5gGmK2agm18Izq8RwFDordhBOFWKvqoLk6UleRYadQDnUX2uHCt1Fk3lw3ZMqhsufwH1SrSezi7VW7iXB3oO7Jfqp+D5VZ8yZ841bUXNKSJ3x4uqf8vbn9U/7NK2MvuBhlzEbD3qXFD+DJBB4w4A2HNJ6iAFIYgTQlJTwzNlYW9MJim6mNZ7gSodtaeQ6WUJnZAyqOxO5Xk3g3wQxsBp6mVvPGEUIv14G6TaajBI56FairgdR9S0+eD8ecHnNfPMmb0fxV7oGw0esLr+wMVc9iA3gqr8cAo7fSYy3Xy6tLyLLM5+InS+vbJHHXc62wo6El6jYjvZt0/bIaPNwHeMgjh5TWsY2d7dKuXOtyvR7Mr9dsW3vDn7RuHLcg5kIs02yaphcvXqgTMFcrW/ED5jCrSDcEXatPPsHL1rIa5MPbcl9vY4oDAAAAAAAAAAAAAAAAAAAAADpKtQJ1nJh+7dq2q9uhG0qURGB7fp49GyAlq6eTvI20LfORpem8VMs4sOc78LZQQx48JMVIkbl9pZ9oigcNjhN9oXV1IiilhgRcKlcisivPcGSFOd43LCZxOHZhNGkki5k5mAYldti9nZEVAwoDjYxitJoyWBK5r4BrHoOOtrdVTC/ly7Wleog5Lzn7gJiUXl6TRLWcaiJyD8NQYcOsJ5f1fWEasnCeBg9hH2WUWrf7ntRjHBziqvegZlS4nyBaCC+Nzyc68KPw5ggvo2d3fTu9QvCHXPhQeoF/YxoY7SavxfrxNnnUcWIWLLNE+IKwsC4p6x2QM4dXJ7lxwW6vcn8Vz1yaEnmdnbD1eDxQ8Vps7FJxRLF6Y9RNVwqvz6MXwNeoy96gej8MN8bhlt2L3nLF3r5cvJeiJzs7GqlfRwfmdErTNC+z/2GwdJejlnJkUNWMFtmbXbZD6clVboszI2C5KhQNeZGi0pp3s7kjLxajAgAAAAAAAAAAAAAAAAAAAAC8KVaxdVdwpmBKYAqfAnUi6VTCNlYdsvw7mV9Fk03KK6uAQEU8THRRebWjVZ+ECY61BIx/aNaNdSM2+VLqZkvOnbRaLTImMHuDVc114Z95FEqPH5e/7qIID4HGvTDvN46jU9o3U/0x1u2mastFLVgzZrgre1R8PeYSMsNOTUyhrh2mvs1w4UREjP9KZeTcLiPRdbkuleeX92JYT6gLFWGLX+iH8VBYXz/Mt3koZCP211gQ8qgH07N58KL0LqnYr/vt7UmERzyFE7e4ie0Z1hPqfUadB0EoLEI14qRUjsobu0kKw0AisZSON2Q3uWQE4u675+iH9N4D6gdqf3Qft3WY5uV8Xs4PlOf1tU3t9Z6pl9udEzp6bhoj/y6mo1uQ8rLogGYyqwVVN4obXNq1Yq0aVXxyHDV3fFWVXU+pM5rsR2lvMWnOi90ONXekfpd463phX8xzvdm7mWlDFy/95NlGZuVuKtj6kpsXx7NT9AXXlaw/hejc5vz6MCOzCNlQal6UlUgrFX3KvZrC3aZ/VspO7gminKv15cmuNwAAAAAAAAAAAAAAAAAAAADAM2N+kVq5g0IFrMqiGU5Skfx4stwSdT9MySwQU/WscIkUKLEBVAwKi8mBibmGe7jkyFtvhyqaxVxS9NZUcjhWzXERzxEIdTc8BFKbU8eJqdJa84dNDPaKPuGRsdOkjWuAezU4V9/KTgTWfkVD1qJ1Md6nrcPEhkPCNlNNC/almWaWLJ0w6zq1+grCpOCjylZHR+0mnnLC1JtsxDJMRjuLfeVBKGSjSCFGxzVN5mXo3DiuWW+oijTHObdQlRDVpZo7iFsyQRO0B006MleSdMNI1tcYQvvYHDMiF40ucSFo0N5LU9or78gk3XYxk3xbPZdOLl+V783k2NEMA9zGoFXqiU6couJS/bLt1KYU7Y1Odi5dvSV3nPgsjeygFN6IxO31c3CLu2ZTwOp10S5u78Pg7cVhu2N04i/z+f788HVeHpjmdegTRwNlBROL1ik3VkrVwGJpTRp2Uj0fbIuSSA1bsvvZX9R7rvmF2BM62vU7svK1LtdzuzDXqtWGiB9JOonpb46qVkGIousxybhZUja+FnYvTufFKmubLju5LTK2b2dYiZNojcRBdRBjpuuLeMe1tUghsvVQ6lJsnhKOhK04imZXdYcgAAAAAAAAAAAAAAAAAAAAAMC7Qa3jQESdB4Ht6fdVSZ2K40RTNkqVA/F4k/I2qSpYvQpuOpH+EfqrLFYJg6gLB9BH3jXOJPUJJZ1Mqo4TFym5qqAhaDLVlIFO799VI6nuFxlcN8M20qVceH0Wce1Wx6cYQXIbr9pRfxI/4mH0YX49QJZS/Cak1STSl6Gw3pjey1quSK8NqZunuGoiCsOPoDV6dKfcPfkvYZrI3mhnzNDu6Ui7XH7ktBmoPoreOdF9aaclzWPCPG5WJWmPtEnhppBNq8MhqyXDzvdyF8dTHtw95fPkp2nBPXGV+4SR/rAatMPymPOC+9Gk/riNUwxxunIfdD3IvXGk9s8iJkoVJr1HonCJu0xck3874vvrdpxcZBfmYo6GvCzz8nB/vr8/Pzys71Jk8wy0yltukJqmqcQ2nU7rDWf2t2ZBo+rD083rP81JNQz9OrNrBlPiiwencebVHCciYn7EX3LIfjpWbnFm1EARaTYRdnsdT5qys9RlpLrLavsDsdn2LNwoFJlCbKuhp6v4Td6qFcXu7H+Z7G7Q0eX96gMAAAAAAAAAAAAAAAAAAAAAeJv0VRH6typBJvVVFOmxJKKwmU7MjTJppRcr9VIVxlSfYxfivXLfklTKi0V/51B4hf34SzhO1laW7rF2e5ktfkBNHxJfVcNFL0PGE/NbaVJqcYfOmeHhJHl0IbRKF6aWtmfutYxF2SfTwZiSPrtPTF1AS3ldckcye8Ebfa32iH54TBL3nJNi8GGPG+h13rIvmxmB3JXQfZsjO2aw6QzeEhbPFWG3xPBlAZevq7ve4Xi3Vcxr/IE5Tqi74r1CPlw49wvRo7Q5oL/qFSxNp6lFRZic3inwMk77zlf0bJxapZsDG8E+K+LYvKKSv+SlXT1znAyi/luzf7x1okBX+X/Jy7zM52WZdXJ3NyZ3AxypJNm8TOvSdpq0VFiklcStoeuMrktPGd5029Z8VJ3rqcju7aOOkzw6zKq3iXlYAET9fnVYuvWi2zcOar6orbPtmM5ZVRdg72ld6K1jfpC68nWFeTb3DgAAAAAAAAAAAAAAAAAAAADgrdI/1m+xGkS1/IeZH6aUJi1PMbkXgizmZP3cMk4iz6ORuk9kdzQv1qAuhHjOPWwZWlhH7RTlN1OUfdDWwo9iz8V7tQv1ePCB48QYVWDpfsjiUrwx27bXgs0WkWjDKF73z/13gugQgmDFbvTU7Mw0aKS3XNR0Gd5owmyyay0zIdFUaW3x8cu7DkSDeez3gVAbHXZryV405lfTxq9q67JpXtrH3VvebTD0zy6Z5PjeVGtLcLHryy6Osxx4kKwNerWzpH0XT+1sQrnfbWjX9eKhTc73gjCWA+SFdfbHlBJH9MFyOEq5e2HjUy55KgknssssIvNdxbLEcTuotaI46nwasdd6ieSOrgc9tQrNy3lHNnvxgVfrJlsFX783ntIjv2fIl1O14miwVc6HC0M7d3d8teG6re8tMsb2b/tyt0Uci8JB2EJqnv9IjikAABAASURBVMO4AwAAAAAAAAAAAAAAAAAAAAB4RcSTQsxgwb3Mp7Vz0imlVZSdtMKLGVD0KXi2+A1V1DmNFQ9UIEyt0ol+qSUayubFd+GpJGKxHBSRFcVIsW4n7qvQHBEVgi2SxMpQUARm2PGszM1GFL2ierrq7HUgWlEI72qirSLMdUD2jeT63l0bHm7hDgiv/KKhJprEYJaaTY8OlVNuT/hzqzUhzYbQ4kPitaYVCF10McilQYlTMx199+3F7bv4gegAtSgRekkZ/CVkdDYbU5g8wlggEaYidV7KQeqIvKpef8yJ+g5eRNqMJBs2C6jxkisSBorEJ7dM3OhH+HCwUlXdHC1kK83S+cZmWc7FiJVnuXRN3bNgSxmpcy7ZzPVvqYvfkAuGKY8Fark9Nd1k85p3bpLDBtvN08748s3qZiXbqn3yKtSkk+r7KOt8SYA51dXWtmG7x6W7q6RV2KHIm5oeiXvxBd1XdXf3lUOxFTOr569/HvRqjYuU9dIrrAEAAAAAAAAAAAAAAAAAAAAA3iZSH9mnrrKL1jWYLM6k+E44lQABnkysTW5A0c2SG0iGNo8OpL8z1diJomLmEN3N+ZIXWsRzUHLYV1RwNplXwypK0INbNzgsBLkTbSUd53nkeKxeqAauRM5Kre2gVhazL3DnraDmpvA6O51E606dXE0P4uV1zA4jIVFrPEnXQqmJ4+V7OC5CjTTRjJNUy19QaODmy7EDlbIrke0hIZfrKS1E2/SOzhGiPp7UBbbQ7uWWjc+h6vKpa39sQwaB/VIkQf+pcHQuvtEsgwNd2WV3btEMmmLiphn9lrW6UIQhxLW5JFH3rpREj7BR/I1kU6f79HQwoNtRqEYTGT5RLOtn40jopPdH+/mWeS0pFNZksx+IXuD1Lsh5Oc+Fh/V/sk+6MWplYkphMM5mE0vpdHfXuz1qwNIYc1J9FuTzOipF9eTHzrfaxGg0mvA4T25M3ZGdrWuf/BFJJLI9nZG4zfz+KSt8mqbTaV2BxA2CRLTtloQD0BZUimWLHuv45p0024qOodroki+DKUVGjV/vdtaZbjocAAAAAAAAAAAAAAAAAAAAAOBNoPKeKrTN91Cq56RSUqcEA2jYSXGbdA+d+3ZM3NVV8HIhmfbqZ9TE0Q2llD7xQBCN7ii/Z5UwFxM6QwaVTpTNodAfqo3SRHy3BjQtn1UeZaoeE+1Mlo07or7ceijqOXZZGbFJTUeIw3vEhoREuh5mybLkvnJPM9vsNWDig4gE02Q9/sIHU2pZon7L2jceKviYnNsPleyPbK6gUQe/KOwOlhHNvMn9lR8V8LyrKNJlSrQXZihpajkdS/BSJ5VE16U5S0zKphweovVdYhlPRDavX1m+HiZcMZ1cV8Trt1KdJVIvfLnGyyJ5fwjuXGLvH7tuX6h3dLkB/e2msXW+6V2W8/ywzHNezjmfixPL8zNENsdT48Sit/C6oJ1W7u7at9IyO7IXweJNF2Mda1e6Rpuk8VDpcIXa+j/sgrctmZ9waWX7Qjb+lWo62e8bBWu4d7RF4SGe7k5aUo3yUlf21Pk83D5HkXNSO8233EccRqtiFGvBV7tuJv9btGvSzirxu+67AgAAAAAAAAAAAAAAAAAAAOAbgSl9iavdZFL3ySr4TcVrwhp2wieN3TBjSkjkZT/WsgheZyfSQcSKS6igWTX09fv60LwX01EPxaqsL2IvSwEa0biBHIaDjeboIukoyw6mEeodKu1NxIDQEp6Q+ny99Yd8GFIbFSvEEUc+OgRHFEv0zS0gLlRLqMzLIvOSNxaL7iT6ejUNGq/Skj33Yqk958g4iQPRZcl6498QCwDpMDuR0C0Fdi59xbU/ZvGoRpP0qJAeI+lBD9V6EfkLsg1xqLuYl6im3tTR6ENi/PSHVIvndm1s2jvdtJOEkM9S7531k1IlZinOh1LciqOwifceWrtfSFuN1K+2LPNDMZ0samVj9zRoGM62DM06rNNpuru7O93dpSm5a8vdXM0ToouX7+hOi51l5GW63iWdaNPdd0x0w31Sp3m1W0UICwkJ39RCWxftLq2uq7LKl9I6J55SXpax69S7bjSRqlpSiG4YFXbbVLSkjhNvK/vfDxm375aOzf3/ntquAAAAAAAAAAAAAAAAAAAAAPjQKNklVKwld8nLvkz6WSoOk3Ti8sP6lkP/i5I6LjXKUQGUVuzGNVb3N1gqR9b6OEte5mIwWbXNIhXblkt1CVRl8paH5+0pf6sZY+EH5LkG1KnFmbwwhsedcAlcke4EMjXfhnUkfBmDn6P3K0houFY3SNM+lupqWc9uLo6TJRwhKUdKjOeklAyO+KQj+zCSZQpYU2alcCsGd6dmPSyfhLVF4oTaFSFpb/3SmXhbTyUVGb8cOuw2PI59inFa1B2SquicW6PJTUdaYKjuvZAcFJuxTnAbSaKWVkJdSaN2knHW5IYnOzMO6wnRWOCnGXG6A23q4LwmTr3F55Fti+PE/QbrVdZ7ItfoidaKRJBQZ3v6ZuJ2K9LApHWw5jnP57KeyKwTeHCr9eNo9p1pmtJUioWtK09K3M2VwcDlu/cuk1dznFw7I+bjO+SRvWjj0rhuPfNmR8uGW2r0RTpNKb1Yx0TjXuryK9WoV/03LXNG+iF69OgSsSa2EsvhkK5fJXhKAAAAAAAAAAAAAAAAAAAAAHgfOJX0EnWZlAIkRVKc9Gn38kIdJ2ZK8WSMZSkbjlaEKtaaAMrhZiD3mrCnEajRpCjqGmWyvp7VRrFoogPRUApH8cfnd4++7/BKEZtPRLruZW/HNdJI4BgdGrTJRJDRdRHlYFLLGuh31wP19pbSgyUXx0k5QRvGVjfH7TG1UpGlyNhvC3TxejhWSUS8CNHeinAj9SrtOj5uw9yf3SZRxptw90OrzkFji3LY+mGvLn3I7dJXB4DbkWLEuu3DqUTV5FRDVrhzDXR1QF4/p+10ukh1nOiVXu+NebbkFnb3T2j85TZM7EknvEmq+cbhs1FvimVdTNafhbocIdlPYR3KNJ2m052XEyv3lTqScu6CTC5MkSyjH+WVZlJUjmFqC8KtyPja6lEdNiAiFz/vfSda6iYpU0l/sUV6HZt1M/N8zWQ3UwyClVXTFd3nYYpVuDW+t9EI8Wb5vHiSly4EX3gNAAAAAAAAAAAAAAAAAAAAAHgL3NFUSutQMZesauBkuSb69L+9HkR680Gsn6TBcxAJHO5oCJsH+TvSGjolv0FmKaEmVjtkkZYpIFVj1ANWNV2s0UfV+6322NwkXdaHP7pf+uGKqJ9FrhKwbLNMQuL3FI1ew5WqsdZckdK0VkXREIZVjJ2LsyZbg1zTLLTh9U0iL65Sx1miLJFGo6gbQV8spf6ERHaIbM57Myp94Z6usy3KQSNC0vFgcnd2w3F48Ojo/3qg4auIG7kJM5dc/GpsrdfOa9ZO5wDg0VoSwTNUexjtNNn79dKX16kFcbY2EemTZqir4OKBERyT5nBQNWqGbZJ/s2ruRJUXKTdLtuUkS3jLroRkJLWcrFC9G806oc14xFKLx4kXem+T9KaTl5xEHHateE/0RCdU87x09ypddnJsplTfjX27ZfEvGTC2psv47WBsKctcttHmbSs305t41n+1XpJ2I/GFAe4/RJ0pAAAAAAAAAAAAAAAAAAAAAN4+L6bJQk0mjTxhtpQTc2CMeRJNHBSzaYjHXni2RNNAuzoVrcDKkj3mRMuHqBejCa7NXDLWi9jmFFSp9lBd7dJMQofljTMmj4/+m+kjcVWW6RK1+EvYUKR9ri8XmXNUCyqVbDKdlyb1dukIbD0QN0+07JP1CqhhxavBiEaKSEQLeEkd18m3j/vvxmM8k4Mtsjsz+iow60Q4yjjZEKkccSLcmUSeKDr7cQ+PF41Jp6e39BJub6lOTsuHafs31ku8xAcmbefndp5sLspJYmBivJpnxz/x83a13/I2yplJFC7SOck718yxyv8mnDRvjp13SSiqWHFvgCrxSVmtbOuMz8ksOGqXiBpM5Y7VO1/Xtmma7qZafadslj1GiOsl6QJ8ouaRLlxmSNH4pvRSnpPqLKtv+bbLJvs7q5vNg9uq7tJXCBrv6ghZ8Z1yBC7FfSjdD3WD414ftaN4NMxRjy6fRXdT62RfIq6mXDDuUmrU/MJhaiP2cCqut4UwHCcAAAAAAAAAAAAAAAAAAAAAvBOksJkkzTfRUjvJhfshJoO2lU1M/1vVXjVUpAjTINPPI+jENOAstcJONv+EqqiuCpvWWCMo6ttjL8IebpubcunFbYSbNYHVYSEh9IdBgK3j4hVL+jPTIAkPQ6liaWxhWrZZHCwpoYjaOfN5LueZ1TNiCQqepBKemt4jYEUqqBOjTVnNdQTEbRTigyneeWn+G01EGVrtX0grTVNfUHW6+BioiGsXojmNhKvIu7sgveArdciEak+9X3TLlevEaLcHsanQre+9fK6zq3kKIvOC60AJN89RC265GBfizbYOvQL9AQ7L6wjxMMm4lC+hct+VE8jLQsssdjdp4hCHtafvWN71810U4J+jjlHqJm402hlCrIzScp7zMlNeuBh0zPGWu7iTJFoSjEs9Hbb6McTdZbDb19Yon2zxbQ078ZvRLGvizp8nnqB1fRse5fffhV12b1pUSXzZfFbm0WhLiUi7Lf2siPxuawcNC09ZivQPgRrdqmfNvG7r3ZiTFf1Sp4i4V8/b6200m1PuA0uKUYUl9iirdJbMWjKq/smZ1DfUn4t+x5qwxe49WXs6lX3Sq08xAAAAAAAAAAAAAAAAAAAAAMCrYUqjSrEmEJoXgeMx+OHh8z4jpHy1mM1AYr8uaWLVLheTcnkVFheRVaqcNZfAtFui+mS7Z3gkHgTmZhvgI3mX+5d20BBY2WXk3M6ihkkkU2TN/6Fvy9aZLVNEpsksIMksFxRP2mvlh+pf8OQSlWL1cX3iEragUq39uKVFTQO1HEfiieJVyKnL5gSz2UfEKvVIzWjx46oLJMRm1YP9/KXGpZTOuy2Ba95JGQ72LeuwsQvOrvKqASlZvRY9wZZhU8M1wikxuCBYWgYCqV3E6iw9ajlRsw9vRPdshprwLdUzZI82ED+XVnTGOulX0HoUiQ7Un206zsexDV/VbuId6jj1Np8BOyd3/viFK/k4K/PSWSo4LArP0r33Djl0CflkMxPbetetQzbPxa2jVrPqFws7Ffe/S6bT3ckyNLoGhSK8oxq2OnNZ83A0Q5XvV90RLw8/x5XdNNHilfRFv47Irrt2b/vywJM5ELt7V4eFjmrdPH6D7zsa61HEN1EsMUPndwfrN4DPBAAAAAAAAAAAAAAAAAAAAIB3iikljzqxx/u7FAX1HbiNo+Hyn4dr5I0urEaAJftz7MuSl5yX9V/KZj1R3bNrZmiVh7c3i4tC7bF+K0NhFoS192sHqEZ/lA81NiIeos+uwB6WyuD+N/d2DfaTb2EA5Syz+QVaNEnizqLRJRRUdBQ5bDAA2uTAAAAQAElEQVT1EHlUivOu5M8+/uM24ZuPRHwefjZVeyzaYIgy8QGRXfYGjWEqN5J3aQ41+cacPXXY+9QGqpK/vsp59CdEfgzF1H20Fort/7x5ISfSIJPxwz77RMIEVSbQPC/r/7UPERHxQdpNhjHhC06gCBkxF0I1Z4hNUpFFHUWLDtzDevf5tfZJvsu10Sin4qnY3Y0+sSzopEbksE0azmpGaT2RGhnyMtfl4EZ9unPjOrLzgqwnsojsu+HJK+4EaYlX/XpX9+ttKH2nd86bx85n35PeyuPDe2lX6f00JULquUcPAAAAAAAAAAAAAAAAAAAAAPBUppS6WhPlF3cv5MiqwGPdlOpKWaVZtZVoRAelXLwYJbxBcwiybSCRQOD7Do+wR+UFf3csPfbfSuRrNNOJBoJkK5hRupLDnaBlg8SPoqJxavaEpkTvS5dQTZ7ofA5eyMXOd1k17/LLjlhKRhC3kI2aVVGl3uo50YofVK0mGt5Q9jOjSQ1X2PfFzRnHWQPXhdjN2TE300kbc/GCNRQCtG/q37Y5UQVjiboZdYRsxOh6Xzaza/CtxOn1o2BFmiwOhXrb0+ZIKkkLjSV2uqPse1LbeC6Tx4k916Hal+yFfZhLyZdi60rFQLFYVkdfPCWpASXyUD4o5JZvx4ot/TJh8Rjlpzi95oe8zGNIkm9X22LNHCpRTmWxs2ot5T9bHSwXScwnR2H+WqdVEveDjW4nvmDfegeplppW2YcG75tvZz6aEneV+uo8Y2Mppu6rDgB3i/joZYnurOvndLir6E2dOvsbAAAAAAAAAAAAAAAAAAAAAOAtM02T1PQP2Qrkh3Dnw7ASM6z6+lJMGKUsjLovyqs5z7PMuZSdcZeG7plMNuZmE3Gka7kebJBHKfwMHHUh3J5QyvfE9zyUaxh28wwVYW6WiKZOm9Z/gPfUBWs36BR7iTps7B9TsJf1Hz4YwN5xUluNmjWl9RzhHSGAb0ci9mkfjh6Rapq5gAVGHIa6cIyCeTVEulwT1n5WZ05nwRlGphp+zA4iPpuuK8ODmyS6EnqydCcs1JXOoRKl4xto7sX61aFGrb3nfHDY4/ltZppnM510In1qF0jqRcp0LPDbFU7d2/fF5HCd3oJTkf3rcVng9plvs86amctSc17OD/N8rzEncZW7uBO7DUXtO8VSMU2cJvVVJGs2a8KMjKuF2VG45hl1axK3u5/4cq2m18c+oOX6xvV+7velzTJkjrhUTSepJr48A16lbGjNq+qIXDhKHeCpXv1xg9zdHQAAAAAAAAAAAAAAAAAAAACAt0xil1Zv1FA9FsMEWFN3O8dJiTYpmQ0yZ4dKqEML7chilo8+FsNtFLk7hlDN1ZDNY+1RnUe9JRUOB4N+nZtBIakxJZuIWeMxqvuE9nJ+fNH5Ifwsqs9B8za0po7GnCyauKBRFVvTAvcQb/IFLNrEJF6psS20s2L0ox/bKzmOst88H+55wPiNZZx0ESYhtu8MIlsfUHWckOfZHBol9nEUfdZBDTXpNekcg2PdK2/ZwyguuVo2RVQOD32J/FidnVZn6ao/5dQNZbwwL45d9yTVc1L7bP6TFK4I/TSNjqutgeB942CO1iCdepWH7Zm64k7rHTeXtUJXm2V+WOZzlNqJhYSsNVvQdPjWAXVTxZSmk3+r3rj1Fm4eMFtGpIv0iYpd3ot2A9IlA9frY384Ccfd4Tb7b3ULG06d5JEPU0Kgko5RsonXl9S61p/+EBdG47A//tegmovs6srujgoHnPSHiwPdeDsDAAAAAAAAAAAAAAAAAAAAAF4vSYsVyJH1otf2esPBEjkbpCEYovJt+VllYJHzqgqr3WRZliwyTVpBJhwn0YhE+56H0Y5SHScRcZDFUziix1w3zlYXw0TLOIfsb4fKPSESW1hBnNBOJ83dSIg1ZsYUZoqiOsLlqEs5vTwvixbnyFqpg61YzeAz6Xwn6iXo4klCSxdq5YHqUPiQcZV0rQqIb8/Ve3PNThIttZHg461cz+V6IBf53VqkLXS+FrdQSD0JvRQ+OP0xB+/OwWFjJmjX2Hwkek29iThYKgfQeRAeHV6vQnOcjMWMWkfjy81xDwZjHKG+zk6vdLe8jVy77ftNaetUOXWnSdSNTDHllNuuTIh5dmdWTJUk3TWNOTSI7pvzfH/g8H+NnpKDSbnZgCxMiTwBaGUmmefz/Xx+cDeYD69dA3PF+W+JvBPmznFiy4aIetKsYRv3NuC6zWJ1uuwm1a+mqL5z7c57RjYXemukkrbQbbJM6ld5NI+Eeytrga5iPVE3zt10Oun0K5FN1kbsYaPqFb9supYhzfmwS8OxmEYbjK11rQqb10oqG6bhHMUKj22XMD8Wu2HrDV0DAAAAAAAAAAAAAAAAAAAAAMBlkuZ4bDX18INIfRieajpIKJL6dlGLyZyXWZZZjSbnYsdYVo1X9VotpWMBJ1PqVfzSRIkeoe6Bd33TuQSKJBniYlNOs1AoqiaAxiP0XIJHVg3aKgVZcYwiek7Fp9IJr3o67v/w4Iz20P6Qr9I9fx+CqXZkXvKqeZvThLRMR+lHCrF7V8jikiwrmu2RVeUNY4cNPfc2oBKMIX0gQGfnkC6ZoHFYZKeYHLIs9iZVk4RJ+WQi79qZReNhPDDGC3Rsut2O58kj1uvsQ3SbFMyUm4PFTyyKFHViczZXC4f5oGR/yCg3R0WUrm3mTTeaaM0bF4g3QTq1TW+/UmfHbU7RWOez2XISm2Tlda5HWQ/BicyKtazzyO4SuTJguT8rei+pdzd3t7m+Z8v6kXoXbzaom+kYZb37i9lL5lK6a11o7M6wQjIU65QZUPRSJ7t/WYNOdNg5nA/lXhBfQMKfoWaH3iZRbVZdb9YmktBrR6I4Tl2db58AvRnl4jbUTrUMjc7JbF4QdZ/s2mSRl5+B67TnJVYxGW7zMbKIdTFKV3pNLXfmDVwHAAAAAAAAAAAAAAAAAAAAAMA1OGwkzfMRX+UxFqK3hqzi57kkfeRVRVxfqAA8l09UTFQZvTWoWRVNU8ztCDL8Q+YRoc77MXS0qaAuEHvhFfJaDS3yJNrkLu6Cq5/DsgyYWxWeKrDmpmnGaLj9Iovp00zlVNeTnR+yVLeKRyrUeIX6iqoHxc0OFtDBZjHJuQrtMqjytiW1sjbq/vBzZN/bzRqLWhZuFoOro+fKNjWnJAR33oVPtLZYnRgt+kTaOYyhDMdHiq0iYkS6Cy1e2iR8CUfteL2QvlfMcuGIG6F6uNi77c2J06JTJCxRm/wFe7cTyU/6WbsLbJaufTvd3U0prffOOolKNtC2BAl3XT3gvbWeVGpMhXHhdNo2Npuy3jXF5SblBnwoMSd5ppLYQa1eV9zcdRKUwjFT8ZtE7RiyqjpaGyvbDWb3NkU7iUfbiR7e5ri/eX+uQO8dqefV+8jYCg9NxaOTa6rPxdXBzWj0WA2qzS51SZBaWSeKGZn7JGY1m6+s+vRG70t/5/KVewQAAAAAAAAAAAAAAAAAAAAA8MaQzuCxlerZvSNmapDOz3Eugvm8fnnO+X7Vf7XWjOZ9mNmDw4nBXVutkgqNR6TepdBiTqjvSPNAVMeJhWJ4eRru0hNShILY69qp6E+rzOCqJfOmBs2Q7eF5JFZTRUQF7+I8KdU5pkmPnTRKgSNUobpMute6O/uQthPxBJU4ycXkb6nlc8KVwp76wabKCkk3bLdjJX42RMZEBLnIqtTbIKjXJfUejqYgU5swqXQ8vDTuzGgbdzvwNjOifmgeoHoZm+8kTj+3CBWuzpHSM7fxRJM7S0Y/n/v56G4C7orpVAMLbU40trGtbyt0c4q4CInptayvTd8vmTOWy5OFUy0KMzhaOreL9ElET0q8eMfYGwiYLhsculvafFl2+ktW11fW0laxZUxrtVN4KR5tYUqn6TSVG5U4m8skarvUkfarmzYLRK59eDQ15M1zS5cOtxmq8KRiOEnp1H25DlTJOzrc96XGoS3cFr8izdoi1QXTbZ+o96Fdnh6RbgMAAAAAAAAAAAAAAAAAAAAAeJs0BfDIwiA8OFFEcwXmvJzPD6squb4+5+LAWMXctYFUqtj0TbnIb01mD3G47AnoDnplm9yJ79ktGh794Xkq5ncphX0o/CgUNXeqY8A71owMnh/CnX5dzndVuC24ZT3HEnGy/qK8/hT/R1KTAreT4t7aEsMbhoHhPGo1DyGRPlAkvBWlYIwmMkzUBSzUx//dZSH0BBG4npqMIzoMd6kcshl/SWQ5Eht3km2uJ8c0rUNV3Cd83CzxwccbC4JsRG01D+WWMML7VknrN1HMmUMzRj+r+6+5+VToFi29nQE3584V2fskpVRLjnuhXE1Wa9J6kvM8n89nnbTp8Ch2JjW/o95X7zNy9IkcRWZstwwvUzF+aTGrRTOWFpub/n3iwybWAZ9K7ZjJbjJRYxXFb6vRFd6gZEuYXinRWBXp77HejfQGsCvudbDGNaW+uOIC8SXmyB7FYYNim5F6CIlFsDUrtD/oE08hta4Of0oGt6NvTG2lPmrsZToAAAAAAAAAAAAAAAAAAAAAAHij8LbmRQuocN1XliXfLw+rZp6ZFlXP3Y7gKjlX9b96TPKFoy1Vx2yKauidXcoDdWrp0iRRsVI+fX/d4ZHYxGUrebM9aoSjUAQi8ODdSFVmtnQTe5XLeS+zFhKyEjyuBfsLVvMAa46IeTuO3Qi9dFuqe0RZj0zVahIFKHqBuC+7Ei29JhG25WtEfygyBTa6897+4aPFxxvIxndD1U7ippsaAJNdnZZa7kNaGsnmkMc9vzQ0rz5kHtAwFoghqlEo7ZPT5rhRa4lzXh7u53UqEU/UGV5YozZiYz48trxnMSeDz4DcRrMha+EXnx5myjlqJ+v8WMqbRa1gMeQaW6JuMb0ndZTKUC+iLpJiq0h+ZdS7U5x0ZlYLsvqBag9tffFvipNKt+bNqbwJwnvE1XX1JMfJxW+prddl7JNZ8JItm5KXrgXubSL2IkVPbpiIol4/f2P2ntpzW+niHJNEpI1FEtW/Pa2lRo1CeY/uBQAAePv86c9fEgAAAAAAAAAAAAAAAADwepAQu1t1m/qV10NwLXbO+f48q+GD5nlWuTZRX4NCjSfcypY0/8jFw9eDSnWJSO8j6R+/rw/wS2dQMdeCpYy4YLzNjKgypVR/gycfCGlJiSqqhvUh0kmyFLvJuZTUeSixCFGVIjqd9LXV5kjd+VyzB5jeKqNLI+/GiGsXu+ElGvJEzI/CQp0uvn/REgeib5PJ/bFBtKeKcu6iX8oZ89b1sj+xrelChiCZjVjf98yGwSuiuNGEcxhUWlIDbw9GcQLMOy/AFS2an+weENkGtcjOY8J1y/jsFDEnWd1LS5r4dHe3bjk/LCUZiO9EfTqmtlsjYbIZw2e4zTZ+/MTeHaSvUEO+AnC4gsJU4PPNrmKY20iq3cm/0mCSdS6ez6W4VUk6KfNS58e6AOkapBunMlt1zKZpOp1O+qZCgAAAEABJREFU0+lOv2WdWl6aStSzljXnpNzBZYS1jFRxo5TFsBTiyQvrIqDldzpTGNFzeh1Kg/nytxwejIl6K8mR4cMsGM2Moit3ai25e80NddYqTSndlagoSlksR8aHvJpbqLWZzTdiF2hKp6MeD/dVte/YbU7qFaxfWqaJDDuycE7qvhJdyT1sRjtK7Y+Iua/Sk25jAAAAAAAAAAAAAAAAAAAAAMDrQNgqpGRzQZSsjuIzKFpsjRJZf88iyzyf57mkm5Rn4bW0DWuoiIq2Ql1lmbUF8vcek8JNbawyYTLvCJUAE89KYfeDWI0L3959J2UPcUeCqccc2u+qGE+285LFurGqyNXx4L4ZF0CzVpSIbqRmd6BwePjz+CTn9XQ1XWXOs2acZM2mWHeYqFXtWXtlhXaShGGgPLdvdhbWAS19zva+JAl0jpkcSnI/RIXsQ0jh4DmpNSZrOZCqUpvDx3TrqGVx0XSyNA8Ia/9Te0vxrzbC1CoruQOkWYJYiyx18Jh60Kw7nlxQvQaqI3OmZvuRCFCx6Zct9EVrn2w5kpfX3RfyiSDi83ADh/1FLIdGmukkRPzcmte+piaM15lTP9ART77J1PVutOXQqUvrES3wMq27rfdQyTghT5kgs05c5b2KNunpJsKjDEE6stmvLEd2E+dlmc/r/2K3h8+satPxdCMtGVM8J9PpjqfEXQpTsVBlqwnlZoqazWSTxwwpFGV3sgi/VWfD/upLTQsROdxGIg6nZQTtW9NlpQxOYvf35RxWqmSrpBrsnsXLZHYfW+Bqf7r7MK5g+yuyOejwtjr7GKYTAAB4Et/6/FMCAAAAAAAAAAAAAAAAAJ6PP/1JM7YjEKQ8Y24pANnru6y/57ys2uuSZS4VLZZVlzyzzOTCZ5eu4W6EnjCgtE9k1AjDVUFVOtZGPfiiF0zFXQj+v0dimJHAkz+4piPk0CNpODJFhgJJL297NoV/Xqwh7G6bXGTYXCwCsp75UnwdYSixQihS/S1eFyXREZEs4PJtpxhHCR4z5UgTi/tdfWi5RdBw951/L9yd9CaVg4gOUxEOP4+DtKPFOMU/JsHnXVubt7Xr0sItIvag+l6GUhtU33V5DkI7SX17+k8gjWOSb9yt+lE2+juPr+sQkV7qk3RFiVIqFoj5XHI6SNJ0uss52RTe0KxbwCm3JOlsWM5LCRxaFi7msr3pwA0LoklEaeLqOLF51abzaGqyIjz1YlHMwUj1qM2/aZNDZ5dpDqbN7y5K6qbSS/2iUvJdEue8+VJi8d3mqWwsLNeOEj2MoCq1mnFYCkeSlZ6yjh3XJSPCPQEAAAAAAAAAAAAAAAAAAADAuwrHE+bk0SNFkl0or+LuKvCW/4rvZKlfDZVWLimEkR/Ql4PZaI0RLqKBKfasvSVWUNMlw5SQcovtqPYTrs/JFy1T00vYUioOhMtRPpYhW6H6Iea8kAYrLJp0UATufM4l2GXhaVWwXZxmtwYUl8kqbjNFpks/qsxNBRZq1UKk0Swocbbb6jmdbkujIPuanAnsoTWt1zIqzeVi3HDk2kL/O3e1PZrXxKNlaqrIIK9rW49o/W9Ajt5elQNj0+CwIS2vQ71hJRfzkkf7WGGXUuJoVyLkG2c6YTeE7GhGJd2McjGcPORlIfdDdJ43LQejr5PHD5V7VasXxXiWWWbFY7p70HfmRDfyZn0n9ebvZ0TvONlvv3lB4a1Kg0mlpBdNdXXWMCA9iBUhymrAyf2k91tTrp39vp/FJ2RxKeQXwmKHekfhjbNdhL5JdwUAAAAAAAAAAAAAAAAAAAAA7w2plDuRiC7R6i365pyXh5VV582LeAqIZziYL0EzQnJfB0HGfAuKp9dz+23qcii8Gz9K2BTES+4MunBslMLzkLWGz5TdprLqoYk6v4twa9ZCUExY7hvs4kO81I/W3ih2E2PRAhPZTzpp0R6OYSiVVdRxkjYN2viQ1tSJqhEmd0um7KeoCq5UV019zn90xpRP0z4CINXBfnZ/Qo7aJjUhYhvHcSS7X1KiIziBxIw5UVTHQ2WyO1Ga7aCPPKAuEmGfaXH5cJepxqU8+noe2Y13TiDetEd+sZg9aGd9e9LkjKzJOHdUylNpJSA+rWdVsjrclXJoMeFHz4Oeus97hvQ3r86XeT4/rD+iZgivgFQHokZymGeKkoV4eOUlJurMXRL1rXRzTimcYZvl5m3TT4wbU0yo951EK9tkEe4CVNg9Zd26I51LzMYr08GwPDZF3RuY1+VLV9HqMXH7SJ33fdN2+683zDt0GQAAAAAAAAAAAAAAAAAAAAAAV+n0xWKMWNafVd+VrIVAznPxoIjplGNciVjcx4EYySzu+tAMA6ZW2IbIBXnf0A0cHm+xvg15MtNQeCVCQzw9xcrvZOncGML1RExPjZM6EEf3RU3EE1OSeAaFUg5TulCq56z6dbLCOlwUbZ4OJGA2y0sMqRVXqeEmViNIchzO0wpCCKdOOA/7DXfv+uEV6T5/Bq9BPxypXtNWtuNgs/0ncqnlOm3cruReE5I6DzwBhTbpIRs7BrchGaadFYW6PAyja+niu/rh3o4SArqWAbl0lCaqR9KJyf2lzEtKOZ+XUqFKShSPqNUhnXwyIMHhAmVi+OKgha7OD8v8IMusa9FoQwojA9m8jTCidZRJM05yDueEpjUZ1XtB7s14V0wnfL3WzGNf3dS4B8BIzR3pjV/9fXA0LLce2g6VWIZ0luv3aixAvVtmXBnpnbhIAAAAAAAAAAAAAAAAAAAAAABF2ONHLHOiSOMlk2G5n8+LZNMIF/NOhO8khcS/N51YMgePAR7Smw+IOi8DazJEqJ1W2SGeiVePhlUgqSJj0UkzmT1FZWaTT4uwn3J0QPy0WpmYOFw50tIZYGIDU7DLHrnkb8iyKtylzo6YR8TU6/Vbq9vBfKolO5i7iACuhhqpNgWKocjaoL/18AUZxi3O0PXeGNqllGHhqpIX9Tz2eGnd+YBoydw2NeaEepvLo0dzs0yVhtuVjhAdqeTOy+KH6Iuc7E9NWlkfHvNvmK/K0NyV5uBhzB9NDPGWZXCf0OWRtylv353WW8nOrtSmyosGRrDXe6FUawrth1V44zOi1I3MG3Cp3DKxXt2eIa3ay/5Du/sy+fown+/XFelBO6cuku11ioQcUW9YOukdW2KRJEfL2RqkUiusXJpCiSoSqiuWTn4tIuOXh573LruF/fHcvxY9JF89BtOM9da+3XhEUufFsWwXX0J04fSbUf8O5HpTkrWT7TbVZpd2y15mvENE5/kSfkBfUmPeU1sj4+q5m4jsoOX3kIrVHaI/dwAAAAAAAAAAAAAAAAAAAADAW2TVBee83J/PJUtAbQHzspxnraqj8ni2ChdR8aCq39W7UQ0lLjjmIuJ6mEUu9XdklIfNgqDbL+oCYM2+UGm+lYYw30byp+zVjqC5IZFjkk7Rk6xt+lP7EYHgaRoucMZj/KqDhm4bTg7PTSlRCus5r32SeRU8i0Ja6jzo7wIHHhJgLyjKd+jb/nl+E4it3krxsXRiazU7pDSZoEzVarMUnV0GQ0TqO9xk1i6JQAuEvKT82l8+tZuUcV2yF6DxUaKLRgfxCxOToflO9HLpaS0qXttrFbKtyJAbWbKWS+nDDGoETj0Id7k6NghywfSQnzYMQk+JTQj/QldRyR0Q3jELxrG3J5sh1XIkdiex7c7hrdgDHd2wO3fRykTnEnOyzLIsdQFxl0JsSjpZs7lOSomWxL2JKSi2kvGS+9IQ94C9tdmVmJ80P56XW/JODpHdW46p5y+sWJhamcoaJ3Y7hhdEst/FsXh2M/+RDu9uSwkTSTXxDLec+Mrpu1uWlF8FAAAAAAAAAAAAAAAAAAAAAMD7wP35PK+a7jwv5ZH0oo0vppDrtxL+AaM9bb5rp2roUU0mIiLYJF1uxoXk+m6Oh+ypqpIh4EdUiEQUCdWQik28SrObdD2RsZPmN6mVbrJpqeER0XCDXGqf0PrDEs/3+5P0Rb+2Mh3hNRGuz+fTdmC2qNRqfpMaKEM1jaU6NngcyP5FlV+HJ/z7g/Z1KF6ZwRRTL8TxZuNbpt6bIhQDrieea8qLG4dke5Ea7IEvUislZff3vIIBQIjaxBlE76FVvrDv5qu6R22yZkys0ymV2k9yShPbF2VyhTOFNShIbGYVU9XRAcdjhTGKjomgi/fCq2K39WMmijKM6jvKejMuy/m8rlHFcWI339FMsPHUVzZbksV4dOYyrZu15EuGhv5Oq16wt8XzphiZt6M6TtSQo066VG0ibdG2t7YmU8Q9vSRSG6lunmHwfTVfR1v7Q0+B4c8CAAAAAAAAAAAAAAAAAAAA4B3gfn6Ycz4vZy1tU3IFck0F4ZbF4AKfuCOg+T9qmZjyRVJzgRzEVFBnSgiXyWKejyhho5kR/hVVCbiWeomIERnERqmKaqOTpEPpN9m+HHm2s9PvNPNgPeU8L/OSrfiL1bfJdp6Wb2IxJ5p7YB1wG04140g9MZerzXpjlUFUOvdTGx71jyf8B8tIolYOJD7LY7KGD30dhNuF19Qf/gipvdmM526z/kV1nAwXrlOacyQXZOk64JcpjaaPFnhSL7ZEjoump6iLIA86eN74dvYMgRjdB8rjUvfO5FAdJEzdZIsTt2l8spIo1bfDcc2En3zlDpHntSa8cbzzOw+JzRlyc5Ksd+dSgpdyv4U1sGuvGCsSn9J0cgeDG9zU4dVhO0zM+4snWl7nrQ+r9KFGT9yRYgpS1Nbxr+wfNeRMU+LI5NGlTzdOHtWzzzZiucnxVcNOwsKStaKZ+X3k0Z7b8popcllqs5cPSAAAAAAAAAAAAAAAAAAAAACAt8pDXs6yzBpzQlRLw3hhEAqjh8GHlgW3niTLNQk/RfWLqKuA3RbgiQP+IkcextpAqqVwrFVx1dmsHq4oV4dAFOihVnCnWhmUHEkrEqUhtG6NxxyosikLl69WTfRc6unoZqvsup6J1Z0o58VTWjXYVZ+dpBhREpN3hkI0z5bZkuvhqOrjUu07UuJSdIvch5RIZ1dhbal0Qfuem51h0FUju4Fezm5Q8wwOFe1IUdlrzhfg3kfjATLSQk2CJfsRm/GI6hht+qcTT8e4OZC8r/VK3yJ/xw63b933IvR59imoZYCkj7axIBY1TJnhysei3iMnt9y0gBrWMlEexEF0ySrDu7d8Y32T9xHeXyCfop5yUmrrzOdyt643hd6xm4HT+3HyLI+UptNpmqa6arntZ7SbxOznePGEOXJoeHln2S3WEdjEydevnGPGytF+12pZPX70bXjM0aJTbp5Y1o8Glt+bwQYAAAAAAAAAAAAAAAAAAADgm8jDMi81YsRlWTcH9Akb7eF/7pJMIqSj/tqGnIiVdHA3if1eQv+1jJMiepaNSu5Jexje3Q/xjndRFWFuqAdSk0uEddQn7bnvjD5wX+whnDWGZJFlKf0phhtrazIdWuMBLOEkkeuzvU49aqdcz92qgRJTAlQAABAASURBVFR11eJVuk38FLj9KzUmRpNXpAsmuKbzPosKK0dv5SVq9XD1KomEJ8TGurxYckjawjG1jo/A/h3zmHEQs4rdiDI4Zl5SDn+J/XcjcyiR17M7+SzPluRTUoA4TdFS5DhsM3oudjBmN3X1pG6fBvzqA7Vr8HnYd6uMVTFnlZu01MOZS9RJ+cRsJGJjF8tRmQvJzRSpJHgYYgWa6l0XmTtEg2XMvnQ30/YWbfsO2z/7WO6ox3oVwwfRNg+p3llmnKO24nfpJHUxLb9zt7a/EszHoxZmNFtyfeStPFWsnBeH+1VGBgAAAAAAAAAAAAAAAAAAAADwXJyXmUt+QJWz7V826bdmXmw05uGZeN3Kyle03bst7Sd3AufwAHy0J2PL7lCINzy4N/bxBGw+lPA0dAcgz9VYRf9Vcy51OrKJqXLWqjpL2SOp6CzTRGErKZaTpPkkHgrgRpR1i9w8JX5oLuaCELl7MdTPmEP/5sG5EL0rZ9p5aOJyhMmA+vP0yIwx/uQ2E0DuBrnTotsQenduMxTIeMlqhkwLoSF3M+V2hHYaHuvSnUj2z32+7RVl87Swx12U7YfpQMO53MJhHRUzD9nrdLnZ8Upa3yV33T6tM023CKMJb/aOj/VyNBOVzvuuae7GxDrYHDndFKzXrV7c3BVU6m7s5+HGdjbXUfZWp8i8iWthhawoSV5v1Xn9LTKXm7Q/7Zq9VEYmtTsi8el0SlPSiWJmFHJzm3rMaDOM+n1Z6EofFomKMES7LBV67UaTemr967pWMg1JLVQymbT3tV/dfBTLTLI0nmTrVyo5TclMdclihMLGlJrXJKxjWudLb2VdONeWuuo4KTppF8674b3wf22BFZ3J5bbQhKfRSahMJTsqiV8ZtgsmRJt0k11iSlmcid7QRQEAAAAAAAAAAAAAAAAAAAAAXEGarWSQsGtxHdX5JxrMIu4kaNKvqr81AkQ3W0IabsL+KhBn8lo0q4ipMikv3l7RiHOJIAlJM6m4WQ6fpOjCReysfdjUamAVSG1fDRtxu0ZuroQifpZQk+Ix4fXFeZ6zFvrJxRqQi8kkJYsm4VJgZ0pWr4NTV9yFcqnykeqJF2HVkyy46LI5isZs5PVSX8gldXvmv0nJ1XCjB1vcuZG6vXsHD7uRQGqBFm/VmpBNGZbQbnNULPF2iphcroVq9n5x27EOldzmkohOs5cuMYtMDs07d+k3lMww4eeodYOSfWeqcZbqOzEVudQV8o56sR8R6UfABjfZcVmsIdXnea99D2fj5X82H/ZbiqSdmyIfXYgl28XIpaoOu+1K/LzcanGKgIyN4SOkd66/yB0VHKfKG9Fdwj7Cu65ceTGNn/SHe0PwYDO4VCGoWbf8vdeg0nt9mXOeNfnCZ3Cf8+KTJyWyyjrFilB+lUtjBoaSlFKyUrTklYVoaIwKx0wvjWTPKArSGD+zGbPXN4R9BMsle9DegVYZkj/MgaerIZeaYeboYJ2vNM4W8dW+BkW1RtZdls164MeMWd59PgQBca22JWEWC6dVPxHtj0RfscxdepvD0bbklV5bSVtXGAAAAAAAAAAAAAAAAAAAAADgTcMhDJto6F6G0B5NDTSLSS21wOYecC+By34ucaoXJKIZVD+2b8WCBMr/WUuOROoJSXNCxM4UomRpKHnQCO10TW9ZH6c3j4yq9qZOi9oXqhVFS+osy5I15iRXgVkjTTTeRE0nq3o9pckepOdIOImR8n/T4L/QYSjnk2t/NtvTaCKoNWLiXMJ00n6Xq5FjhzRYKZo036qsCPUpENuIgPpqE5dBG8mYzXDj17Uf5uoZCWl4+Fr3KfWJxjAG4b50kE+GLpXBfSVpo7DzVtMvno+8dYpwU6nDszJYgwZq23k3efZb59F3knsvTkXqKaVqmCI3Qnkoz7rJaR+U0jwo49AT7Wq4fIPwC9fNTClFmQrzkqO2ztGeyebBeqNOE5urgc1xEquPVueZtYIY2XoTlomyaNhSpbM7u2VM6B1gn3dy+46+sMYdVxdl8snHtT6Yfb5p3A0djx1IhG5z32xb2plVmjOJO49S/CHh4bykN5CxRAUvAAAAAAAAAAAAAAAAAAAAAMDbZ/90PYdFwWwIXUSEewdM0WzGh5A4PcZD0y+ino5Gm5RNWpxA86NIlGho2mh1ZWyUx14trT0VakV67NPsB6Iai7K+LEU6lNxZMZJK1pTcc6KZGfGaeS++1oCNHMOQi/JZj9Z5PB4Z71ZQRTa1VF4ClhvV8i4voMssGH0y+5ZqBIKPvPtLfGNLM8gWFtGbWrbH5l1QQz3mkZ2lO/T2Q914DKR4NvX5wJuy8eCU7J3IegmHkGXMWFkXm3OnzT6XkENjyzeFfk7YOGj40Hqrnu/PD1/P5wcp4UKXr27UwvIYD7c22bSRZW1H702mSGrKy36x0/Up0pHo3eKpjpN1KLKoyWZzg/g2g6/L18d8cNfR1Vvq9lEa81fEO1FfRGPVbdhMiJ0Na3Sc0OEnAAAAAAAAAAAAAAAAAAAAAIC3A98giHcpHd2Hu1SKEJBzVEER1wZ5cUeGWMyJpZ5EPgdLfzjuZWh7bl8uKY++F5ktpuyWm8tEDSKWl7AeUN+a6WQRq4qy/po8KyGlSaHFklVSCnm2P6JLtOQWE3I/jdfz0TI90vVpP9Ld6D1d3c5WuiXaolCZLfHkov7qxo5aPcPYZnC005Rd56tQHFvm5kBSu439znF5wk/zqIEmgnWqdUkPdHT0N49cTB6RmHFWnKVU9ynlfrIVMFmvk5e1OTCd7Fvz69dv9oEo6XLrmURFIX0tGlC0ULlV5/l8XpazhJNpmCYBh3/K0onEbSd5zPDwbKVmK6nJH9yMcC1t5x1DRG7sVD3ryFOy6mBcifWA94fgx5qmVzB5bHxV/VJkV0LG9aL6CmMlF+ruyVZzhwAAAAAAAAAAAAAAAAAAAAAA7zZdykh81CmgLmLWT8x/0IRCK2hheSfqzKC5U383lWu0Sg5V68qg90sTLKXLXKFaR8JqaYhXdakZKuuxStjB+n9eSBMU+oIpqUnPFnhiBXV6iZbG8BIP93AzjauwmtpS0wJGg86e3t7BV7fsz76XwrnafSR8J7SRyj14xobY+ik7NV1qfZ9Ou+W958R9EU3Eb54bC5Wp/htv4YIxaBMYsg/XGebWsOObZ3dRxjFinWp6IUrMiSQdZdYPJxvEajpJY7ObgiZ85HJ453wPT+f2CxdTzsvC6ETKMxVr2vqTE7dbhYahCReKzaTE6TRtqhdx+bhMUFuLiitIq3FRd8eYa4ref8JuV/0ZMYcTx83PvWMjdnvyLbYukvm2vWpn5Pr20ipU2Qfb1b9e0G5p/hDuEgAAAAAAAAAAAAAAAAAAAAA+IGT3wt61B82p1taReJDeI0akPo2v1g91IeSQGpOoeKy/tXZGmBymKRwt4rr8ICm6Ql+8IP239jq7qtp8HxG54d+auL/2ZTFHiJbFMRGavGpPMZikqYSc6JvSBy3TQVpa50DRdGE027lYORWznmxsIUcDaSc6aK9ye4TBZjdXaPmith+hLF6iKI6bDnaIEaPqwhkrnjSvDdXKSSK9UcCOxaEdH2UiyHro1DrGUUHpHdSNL0jq4xUg6SJkknolJrOXJDrZtic6SALqs4Nq1M+Fo7yXXHFvXJ6tFtZThmPRubPkvP6cWXKyQd1OKQ7nT7H5lPsgadKJ5p2IG9psl8g48Y7pilLv7bIytJu49eVt09u77EXO+fr29Ry1UpDezJrmFJswDXknRBbNJK0amlC9tVubuobStQsn/m/3GZdxLU4f/xvQF/+SbqDLlVOrX9+8aD7V+mJKk27iPsFaF6hevrJMv/83DAAAAAAAAAAAAAAAAAAAAAAfGEKejyFdoMVijo4q+XEEfVD2fA/1EGjZFdULrYpOOFVKgZvy29rXTAIT7CVyCjqfiTozIq9AXSLSFaZx74j305V/M5esny9R+EUiW0XV6yVXXwjZ4a2EzipQK2ZAcb9EF3/gZ8beWCN6Ul9SWDy6AIXLeR9PU7V7sbnqvymulQ6gXHCSxF4uu48bhJOomCY6K0+/e/Ua1eELFTkK61T/i+7J3i0fCYkL1NO7ed4Fff9m+r6Kz0ofGS2yU8xVWmGnDCefpulEh0VMQvIPY8Rmory/6Q2Py/+7lBf/1CJztKqOmtKWWebz+ps0nqitPFSHR2/VlIqVSX1kUV7HzGJCsUQ138OYq2MLThfI1I27vOmLwAdxUtqRPvbjNnPFsIsbTJi4hUf18U0ixwsHd61laRPU9k1WCofqSHvejA1ovcSbCx1LPtfLMdhh1Ot3uCMNfxz2Fd3e3/sFAAAAAAAAAAAAAAAAAAAAgA+HmkCgZgKPoDAhNqIAqCuaYpEW5aMckm2VjWvwRXgUKK+/uJk+cpVWLSuFN2VWasqGaaP9O89CWP/LKu9H0kaxoSzqhyghK2qwWHtiL8wuk8Vqn5T/VP1UgdoCThTrwJWAk5rmUn0YJskuZqVht92El6Zoq11axrEwyremnIx2B33bacFVMe/K39QIgrDg+Ody3Pgu2EOqSF1DTaSbJLlZbdQExKEHc9On+/YvndMbl/dfhdEPYHWLyjScWE60/k5Tzmk6ncr8LHcNny7tfL3p95nbnBFb2Kvb6GySfM7zeZkflnnO5UauG3XbF9MVa5bHpHaS9dadym3M3If5lMZm85yVzW0fMeNFmNPsuF1Skd2V71m1HbdrUItd8kJhftJEXc6J0OA46e/9wXkztr9ZGfl6T/rdZdjl0Hi0D3TpjYjtoLbO1qykPqAGAAAAAAAAAAAAAAAAAAAAAPD2MA1PWv2UFjQiLmWG/MeedBIhH0XFzWNLFv6RhRZzn2gURLZSIuKP3ntqAU/eavhOOnGTqxnGAj2E461ENYjQMxcJr4lW5Si/1Q6SrQJOBLSUuhpmjdCck0RhOXHTyfrvVG0lUf6FIljFC/pU60mkAJCaLrjZTXwgqnuHBi2310i52+Qm0uGne/1XLto5HrE3SLvUnllgV9AHQWuZZPKIF6ozREiLZHB/mCzbwzFXMwo318n7wcHIS/EvnUoxHbpjOnG6u/vobrHaUndpHaLTDW6S98p28wSedGHLXcruYDrnYjd5mOeH9S5miYWiNcw+e0qqTgssWt+WWShe4ssXIY85KbY59qWH+ywjrfYlnZXs3eI4GOYC/ZbtVmTaTjCPeJGrTW0npdTGbu2JePrRoc+tuwr9wbpEpvEydfY9S7DxtUkEQScAAAAAAAAAAAAAAAAAAADvGqtO/8///Md/+eOfvv76/uE816eOwaOsuueLu9PHH3/0F9/51nf/4gvzMbwX6KPv7iqgLj0jm33EHBth3ZDi3Gj7et5FUzFXfTebdmiVMkx3jPgA9WaUf6dotNOT3eXBXqOkHsIOw+7XCBVZLPXEVOVsaHmdReNO1HSyVKly0lATzvVhf3ebtMIT6wWsxgLulVIfK5q+AAAQAElEQVSxu0DLBonXDBJP+hAOYwV73ge1Uje92JovuBZeHeleSPzTog3ksbSVoa1NbR1yS41W0qlxNTsVmavPZtunfV9jiDYNXOkSvW2qON4+KnaTrA4aviN5kdIdrS/SC+ETlaATSXfTi49fnB5p2OucfDiyeVc56EnE9moaW+bz+eFBlplJdmEX7jhh9zjpjbze2yWhyHNMdB0o41pWoUXNb2ZUCdxe51aG3DwNIrWAz3vjhVIeMaZ4lhTzUwwaErYy0tEoS6WSPAHJ7vrdcblWNaK8XwaPD0T2V6bzlbR6a3s/kERtM1/d4DoBAAAAAAAAAAAAAAAAAAB4ZzjP8z/903/6P//vf343H/l+91klzq/vH9aff/njn/7n/+X/+MH3v/vjH33/dJronWfrOFEVz7IHqjGkyckcpVtylFdpeRjFmpCL24RmdT7URBDTKk0pjjosPHgN+pAM9mI3UaihxppY3EixfeTobnOc5DzXl32Nlyiak8rRyb0m4Tsh8pIwLdrFfA5MLfdFwnUReSpaRyj6pPV6pJWQ6GTQN3In9aIrt6iV5jvx38L5hlvbciRi5MsnZuUR+8wHqa/HESO37dbuIz54RbeYFN7ygsS719WHNZHcMd0RfUR0l/O0UJpenJiXb333u7/6w29P9A3CbsmXdgDYArLkZbbCOkvO7BFHVFtu9Vn8X7OdTNPprstHIr9ts+ceqa9Hg40Sx7792uQvIljDQoro7dKtfQ5f7dPBn+1m5uNqOulGadxe9u3VQmntwNy/vEIdymhsc5itV8R8i7VX4leKa7YVbUvzyLWCYQAAAAAAAAAAAAAAAAAAAOAt8C9//NN//z/+x5pr4gIcHiF+KqGlrTLnP/1f//n//k//5dd//VdffPtzercxU4V0BRl25XL0FXvVnGSPoNdyMxpmUqJNygvVea1NCwARe+C97BVFaGJq9dERoSLXuitU7SZMVf60jJMcdW18tJk0VSVq61hJHdHiJ12uCcUrL8YRUTQpTV2wilpQ/EawIIQsfqJVp84tCcUcKO7VcTmbb3vCv47vs9xmfUiJdiTVD28MOKgt5E7VtVCXqkFXuV9qBlKK2JLeaXPxgOsXaT8wMjRQ+9MVWLqwS//2VYcxrpq2k4f2/JR8aka/EtPE67wu8+ckdJfXKXVK6cXpe3/1V7/59//w69/8zYHphF96Vb1lPt3QuOQ4C+kSaljIa0MdvZDez1G7I0d98slDnnlB9Q+JVUKJWWXjEHedLHrjr4dZ15A56w/bbRxmk1p0hSRuM52LrGV2OImVzCpv7BDrOjBr0okZ1PRUki4EZaVYihWlrBtlw+VomK46PCJuhV4dbmaasUVbaKgmfdTRqxWCrBvVMRNbsa1c3Dmk2J13yXtP5tejGGM9ll9rMntd9eZw3BRpf77dteDaqLkY2wmS/4mJY4enT79MOg08pYbd7+bmRDvHZCdk76oHkqLMm8B1AgAAAAAAAAAAAAAAAAAA8A7wT//nf/5f/7d/6j95HjXtG0gbtyLercLm//+/+59//rMf/fAH36N3mIXq4/5FSOeq/XmUianL69lQ9io3Rd7NLctk/caiPjRlRCwDpSSMlC2KrJgiIqP6cpaIi6huD7OmhPCp3zF3z8q76YSyV9RRlwlpAknOnkZi2+WqGKsybOEmk0quxTGjOSemWVppnchcEbJyDWTRLZ7k4nop63mZnrrptB2JI/ekfnF8E/V2G9fTN2p+02erj6Ru0MTcFqfiW6WIZtELFKpsd7RhL6IhbsBU6hhGCVG7SciDCJ/8fRnSRNQ8KpvT26QZ0H5MWI/B0u1F3Bto4pNcj2EhCPZlbnEOdKPthC9p1KHTi3QDVkVuqbtOOriTnt10Or0gmaYXd3R6MX109/EXn37np9//m3/8r3/+t786fXR3OlxJX2p5ve3cbtpM2uysJ1ov75UXRGM3hoGsl2T8TTblwsAg3GalLRCkni3WSzwvy5yX87Kc19dmd9CxzrFxIg8SYr8l1GjCxfckZiQTyywSdchlc5yI2VOEoyCPdybXNYmo1otxR8N1IwO3k36Gv5TdgLTWxMxB0lJX6l1RA0uGHBS7ABFIlGJpq/WwqunEhkikv/pa04zqwml/EVKdIryreVYPSzZ069WJWzQWTcvK0hU7FsUsUu9TidFjq3FmjkRJtsZp1kny9mJg6haLOWB0HAQlAAEAAAAAAAAAAAAAAAAAAN42//mf/2iOE1X7Bekmz0STf/+X//hPp9Ppe9/9gt5V3FXgrg+p+r1rsf4xS2xltgT/3HXObI6NzPW5/KkGGbQKLxQ70SBfc/dx5zmxbBXS9IQc35GlqeSiPGqqiYabkKrZXvrGD5r8QX/POKlRJ65W+uP0umknMbvbpIqn9VPxrtiI1cSWndnh0FtxDX70i757u+97nbrfxjrG/Z5VuzXs8ohLwFki86A2bwE2Vd6n/tgTR9oDx+Ih7dghK/fd490L6zPL6E0x/0tHNt18KMAUsQdDu4+NulSzwu6bMEpwzHyT5V1UV9G+nKfNao3GWe+ITJPQlIsh68yUv/fTH/z4N3/9V7/7u+///Kfpxenr8/ndLK/zKku83Lhd3FnNwNHfZezXQZp1ohTWWZbzedbaOut9nfyq5Npg3HLNk6Zuskl/kriDIakPTUv1rMSS0Bs7fIqbHUMr78juvN76n8FuCapek+Hbaj3ZM7p8CtM6ROrKcXeZ3rcbz0q3dHJtorrWLg1I3C6ZOoMgqT+RzKXHgzeP+qOUbZM0a5fPhVoArWW8eC+6EaAu+gUAAAAAAAAAAAAAAAAAAAC8Pb76+v5/+J/+o732R5bB86Ji+TrIn332yccfvaB3kqU+gc5sBR1CoDU/So39KFQXhv/LHhVQqlmY1sv+8Do1mdgbNw2UiB5VSysSzpOi8ZeSGWI68kKlmk8RqrPVgtD4A+uVPeUfVXVMwNTH5kv79lY9BOXDludgkS3FwLLY2xymk6UrO3Whm63/b4tOfo1cgWYBaX6fvmyM1UvycdP/1jO1cbNBj9yTnUOoXJVEvYI/wCK3j4Tw/prvTy6U8t2hdi+ucHmbNkClQ829U6rneAe5BG1IolKVqSRu8FTeyt2UptPdZ59+/O3Pf/sf/v2Pf/3L7/7kRzMt919+fX64fzdNJ2+FwXES9qT64Xojz8vysKjjRLLfgdxq/JDnGBUPSrmDs36hnpOTJnAkcueI1FtZmltNvzALVV60Oem8SttJzLeba944T81W4TJEk5pOpsFT9rqQGndSM2aGLw/30T3UStjSXA63zOr78z9FrQgaAAAAAAAAAAAAAAAAAAAAeGv8b//7/1X+QcDJ6yPGdR3qX//qZ/ROYpKfl2dYlTz2gBGPvvAH1l2wtGwAiroYUYNHFv0yN1Uzc4mFGHhUMB0sEeQCci6P0VsVnTxn84UUE8ysQSdScwtaiZvmOLEn/KOmhlXWSXUT26+enJfp0ZPSpt1ps56a+lhUs34f4H0oSHtPUd4irlNR5z3dhbrrK1fV3L6+R41ioDeo13v0Db0GosyKWNhOVPWQku6S1IaSZH3JJ7478YvTp19854d//ctf/P43v/z979LHH0lKy9f3chZ6EJhOYqHYfto72LK6nc7LfF6W4jhZZ1Uarm/cqGFgyGQ1lrRo1jRpuSuLvfBcjTqZYynz+WqZSLKbpNvMkMEQ805w3axH7VaMtcy9dxFYUivyjB9eCjt5hY5adS8qUUC71i57xvyPS7lA+nfD+tblvPRRKBasZKOR311/EAAAAAAAAAAAAAAAAAAAwDeA8zz/l3/5V7LHkQm8Jnxo//m//PEXP//xaZro3cOf+ue+nk5BnyoXCXMJdS6TpRTSKW4McTE4VF4rUULWnv6+Orn67/q0ibBKeJvWEws1yVKsJ+oRaYUzuJa7oVpEx2NOplJwo6muYTrxvommmKjLRFmbZ7ebNEbVPB3He7yj1HQZqXf6qLlbpks1nbjlyBIKalrN7hoenv+bMq+NXXr2Q4q6lyTpy6TzOZVyUeWTdTKdmMqHckrTXfrkO9/+63/4w6//4Q8//3e/uZf8MJ/vv/5q/UdmSQvDdEIllCjwFB3JFOsFezDGUm7q5VzCTvJcdvH7VdNONrapWlgncZqmuLFjFmQNP5rPa2s5auuUNUBdKu5GaZYLf+HNeoffubotWxPZptLV2N0YWDepWDExW8dy9edtD3DgwnnaAIg7dSRXBxr70u2DPIwoc79i+yc1UaqeyKLLUnf6OzeQvM10KQAAAAAAAAAAAAAAAAAAAPDP//xHewHV5s2wDvgPvv9devdY9Vh1JOjr4jZoxXS08o6KxJoYsLh2mT0UJPS/7N6EVKIgkiuB9eH86vMYBcSBgworEVIwrzpyLlryor9MPN2EjhShWGNMLJjCS+qkdEqTyq7auZSaA6PmAiQrJENVli1Fe6h7yr6GJTw3prCmG7acbvBy5N02yaMNmncn0gKImqGn5dZwGE3se9HcGnrMNhRjkyyHwlp4XcSlfA3EdVhnRPGbyMI6q7VWlMhEdCqVdUTDTtKUJ/7o80+++NFf/uzv/va3//jvv/WDv7yX+X5Z7h/O9//21Tpl5WGZ5AM0nciF11Rvlt32zRm22UsNX1JKepVqWeXmljyvL8JkwtaemAmIYn3SgJPCaeJp4qTmIK8bpX6xpVTd0uWiOCCK36QsB8ltbBHXpF+WuyDLJojlLfxBrPdYXVNt/eHdZjwWrJEuoWh4yxJ+MW+jWnDMUNK9Ft4mjuwafyxkxUc1St+IL27S/dB+GdVrx1Op+8Pr5bKmNJqK951pc6nOITuFd8gdBAAAAAAAAAAAAAAAAAAA8I3jn//LvxJ4g6wD/m6aTiSq6ai2SDkeVl80TESlSvOdkNlNPAFFk0bCZKAFFbgo8vom8VjVwbj0uu9JURFZVUspPcnqOJn132UusnTOtfKGPU2venI5uMUZkIrMqcaddN4XNqdHq0Fh5Ti0mI6ZabaxHzSUrTDyS8nSF6TRELyPntivIv1+X5GtHWSr6FdbSRduMNQV6QehayXsRyJXrTberGxDKKpphS6d1XgKRAehEvsyRv2ZJr+Uzyg2D8K1T2d/ucriJeMklcI6J0onmabM/OLbH//s93/3q9//9ie/+uW3vve9e8pfffXV/fmc1aW1yujplDjTB2c66S/nwfj3kzISL5rzgSM5yb7P7EvKUnxeJZvkoZTXkVyMPeRGss4mFZeEi4+Ep5ROpz62iGotsOyOk+iAe9DqTBevpFWWlyig5PvzIxar10hf7KbaOGgorNNCQShuGzvNfaftfapVdeJu7x0nrVkvsNfsdeKmn1vR7ubOnuhWRelNJ7vzrfbA9cWirfSn2Z9sfyjuu/q0bgIAAAAAAAAAAAAAAAAAAIBn5suvvibwBvnyq6/oncSlWBML1ZWhD6yLmUuyJl6oO6F8uIRFQ8LWwF4sHbqFJQAAEABJREFUIUWYgH6SePMIOvOhmNgprernEJZa3GbOeZ5nrXcj2aMLskeyuENGVcuUtAuTe0y4/etxCbWUQwi7VtHD001IIrjFbChCVx0NHkDwFK0z7zIgZPhn0E5buY/u201/Nm+TBxYMg5wj3GRIOqmGFdumegCajUMs+aV2pg7acAUXdZT0NW6kvqofv4wv5MBxQm34pPaKns5xd3hjOvHaQmyOk5MUx8m0/syZS8TG3fQXP/rBd376g9////6bn/7q5y8+/fTL+/v78/m8rFN1WQddrRUlVmd99f6aTo48TC+r7ofvwXwFUv0QLVpoLmWJ5vlhvRPrGsKtsI6FFXGpfCW20Jy0sE5xAhV/W455rSFMmnKy2IdM1Nxnab3nl5beka0nIvT2nCYdhyavIY9k7CMfVfnq3STTVMxPMtamiRebtsp/UVfIV4rO7HKRvfXLh9fXEHe5iWzqqFVLoL8X6VY99qpJlPPBEW3jWHrKRXwHrh0AAAAAAAAAAAAAAAAAAMA3Fn8U3B9yBq8RE/msgMA7iOmSXm6COUuYMEwAViFSU09oIS2sk0O1NF0yndxuopEjMZn44FV/UK+NECKnaYj6cebiPFjyUoT8ZTZTSOzCUbqnhKlooY2puF2S/fJck/6Fq54UMR71JxffSTG1aLvlECz7J/yPtV1+3HSy2SvL0FrLiLGMAQ6p13feqLTbEVy2jUuiwdhicq9V6OhDS2RvN6Ea8MCtVzLU6wj1v18ruB2odfkJK8nhwF7f3swH1qsafPFUNgve5p4s1V7Kh6znfKKcJjmVsJN1kt9Np88/+c6Pv/+b//Dvf/y3v/zhL3762Rff/vKrr78+P5zP+XyeLRlFBfGkaT0fXtJJ4WlOIjec6H07xgVpU+UeLD9LSTpZLHbI7grzIkScUVlmauKJ20T0Ho9EELHXXodLTSeeoqH2n7JXDluZ9HdEGCck3r1mDid9f4M/6a44ZIhF6VaPm/0ZT+9AF0dTR/N6HJF4saxmA7y5k+Zr878DU7qlQhkAAAAAAAAAAAAAAAAAAAB4ncBx8vp5x4fYzRwq/4naSrKLs14Ow8JOclgQRl+Gu0W0sg1fiDO5BrserRkqUqIOFlnOJTZi/X82jTh7PkLxllCIlaWITipP87uyXFRqyzRI1pfontsM4hF893yYmSZHwElJPGEKFfum5/wfH9j9J9aHapsQmujxe3Dfzr5jEvKtdMfK1EJL/F+X8vu2qEZ9eLMRw9I3telk91VtpPvWD0W3sO3OYE7wtxGJwEKvLMk/1g3xeVyq6qwzSihlLtkaL7716Q9/9cu/+ce//+W/+813fvyDP33553/7T//5/uuvl6UM9DIvUzp5PEcM8gdkOmm3dhv/Gy6FHLxisyqtd3q559VxMq//a2Wc7K26C6v3T9TAG/tME3i0E2wFuezmVgsLhT3KqmvZZuQhPi3bp/pZ6G1QzVz9J5c2vnEl2m/WW/+uXK9wfgyftFSYxzuQq20ncRa/fnz9nMx3YtdEHl0zYimrU8LWO1hOAAAAAAAAAAAAAAAAAAAAAHgXyC78kRWwKb6TIgeb6aR4MizppBoy2EvV0EXFtlZAuOnoYvVuyqEXuV/mh/PDKkRnN4cUq4GXzLHwAtJgE560uoZ9wl5epsSzJI9D0H70TpOiakt2dVpjEXRDTfjgZ/ZfyU5wlXC05HCcJKq6+WPH5kcOJl2VIsOOUrvhth3yNIIaXiLm4uEQfKX7vzVvDUQT0l/bNGx1tb+9oad1mLfn0u9sU6yU0Ujc6gQ925UaJGtuRiUujpOss+vu7vTJx59977s//s2v/93/5x+//7OfffbFt3Oih/n8cH+fS80nWn+XeJO1NUnVFLGO8QeZdPJy9DkWwu400y/yspzP0tVSCZ9If5mTrgPFTDalaTrdTadSO4asmJHeTRrB5L+sGE3ZvBTeSvZ2cze+HadJ34FbHHnhsjE3HbnxqvBIYspQwKZ9duwBiRZHR5HckrnCXQPbL2yVyXLjUKfkJ0hHZ2eNJOqtMWwRWwAAAAAAAAAAAAAAAAAAAACAt4unfWTzJ1jegLlAyqea41AcIf4ouoeNlMIG7lKw95rZQbdpqa2WQrwtFTHWY5XiGnI+l6CTzP5wvnavtL6qzNPplNwj4aYTfT1xR9EuE5v07CfoWQdmOSkHqo/x56JvZ+YuyUNk389L/b9+kv5vnKd4EolEOsxNESY3HY63bcmYFiKbr6snJ05bOp/JmHcS7VtiTCJqbb1kyEDrW5RG2Xy/22OrnictAkXPCbceWdGOpRwy3Z0++eJb3/rpD3/xX/9Xf/W73/zoFz//6sv7P/3rn+dlPpd4DlHTSS5WJ7dA2Pgks1x9AKaT/bXZB+XUD6tfKB/E5Yzv2MxGZbUpSScaNmTGLx9HiXo8TLWwkwYqTclwAwt1GUZ6i/f9KZeQxea73X2al6ELApfFoDNpUAv74EMbxTNQbVNu/rKR4HZPieQ6lMUxt84st8Px4AIbS9LIxnJWVkZdJ8tETGHjCJ+P7BsR7jKYvEHftNl/9tEslkAlXhGp7pbVRmepSpm26xf3P+oYMlOhJVLpnxfvg/mQsiemsEWb+DlEkE2antcrCAAAAAAAAAAAAAAAAAAAAAB4OtkkRys3s75lKuEN4fYw00nRFVXBtfAAGapdUEkiaCUxCiV6QGuT7JGop1OLL6jyXP5bSO5XNb+UyBCa2FJW1g2mVUad7jTURDNOhLtH+duLaN/VUxNzvTZQUTBLYks5yvor5NESoGFZJ9lEzZfUm7f7VH+JaPiFfTamAiS1cPSKaZNPmXLX8lFUgFz5SEI67y4HdxulLrsk1y3i66qFJ9l6Cch04NC4ZTz28cWur3pd3Mr1lIvL+ZHx5j6h5WrMyd4NsftW7JykDQdrNR1NY+DY50RyWtYvTqePv/Od7/7qZz//+9/99v/7/5YXd//yr/86n5f8UIwNmv1TrE2atjOV80t+WCGfRid+XxXx3rJE3O7jflpyP8axJkj3Q3VKryPV4kvW+zeXJaYYw+b5fH+/zPfreLLvlPSKJL9grXxTuWhJPSc82cHUM2JuEnFbhN7k2ZwKVmhLK3ZN7jgJNwPropPiND1joxzD7TJar+tleLxijhX1ic28VJAetKYwxWrGXoNGTXGps8VVsx73jpNy2mWRVsdJ0kXZS5Gt66e048nxLad/AdzfYd6RcH5oooi7QiwuxU7ToqK6NUo9ixdvaA77mMVWtRG2s55S9cd4WTc9b/JbdvDZaO7N0YADAAAAAAAAAAAAAAAAAAAAAN48WZ+iX+XzJaRcM2hYKRoVgFkm0y6pPFpOXTWW8ulk8RAha+r/VtGCpRP4TTEsmy3q+VjFy6S1fM4ac7K+nGU5n2cXnVXfThp8cDrdnU4lNsIsAk2+NM+J5Uro9qaFsmYEmHi5SJ6t/TwXCVr0REO71MOMJgoVMy8pp/ZpuAuONmjeCn/on6suux5uxSRdtd4kk5N7U0gn2DfXyFgbJAobjYzuFbayI/5Nbw/wokh20NybRbiqumYvkhprwjUtpppO9AiXj0/jmFSfRybPLRC1a8hwXu3FZNv5pRYPQKDOW5T2WnNnsbnoY+HmjNALUcxVKU1FPC/xENOSJZ1ecDqlF6fv/uRHv/iv/vCL3/32Oz/5gdyd5mV5eJjndX5md5YUB8Rpsqgfu5w+3GK/5YMpr8OPWXriU6b91JRxosSsLPlG83w/nx9yXmz14IMDxS5cZkFJOlp/Umd8MweTmki0YJbUtBoLRPH8kxw+BurcF4cnOvTyNcLDLa//uBWOx5iizcZUNz5qNQ0mjGZtsRs9Aks2pyf10DX+ZDiE1+e6YO+wAmh+oP3IjR+Vo6d27XJ3t1Z7UbenuZt8DTJ3kX6jL9TulWA6AQAAAAAAAAAAAAAAAAAAAOBtk1WvnfNSLAhJGib0kap7KUl7TL0znNQn8uO9Vz8I6bSXIKvFwCTg9XcqanB+WOZF4wdMnDZnQZUST9PdixcvUkQPTJysGY8n8JgTC1sxpwJLCLjFaZLnedH0lBBbe3NMZzZpnaTajfphv0Xx5dCR72OIJLE+eKYLu5zudoR+0DxopdWqEfLMmEPHSe3hNlJhcxY09ri9YHbTi1fwIPfHRDxMwUw1ZiDw6INXUeE71xGFBSU/qUW55HI4PMrh/nUr8QuhUS68SuBCd/pxUg+S8HT6+Lvf/vnvfvOr3//u57/5u4+++PzfzvezLA+lnM6i5hKKIijUIht6v0V05QM2ndTPB3ZOCPcJ9Bk+602pUzov6425/uQ5PA31ru8XDgmLQTqdpmn9/zSR2syivXIFdEExZ4mvIakYVIo9RSyPxr7OZma6PPNeYZY/FZGtlcRCROylp75wqywVKSBuDdnUv/Hd3KHSVsX+cNX61X+8eV/7MF7K4xvw6pzwU2Azj3ndoMG54g42okP/jHSTIU5B2t8br7HW/6UAAAAAAAAAAAAAAAAAAAAAALwd5lJvJltlhCIJF/+BBwO4vDcyCKFhluh9DYo0U0P3KL2QWMzJoukjsqx6cSl5M696sImIiSU10XRVjaf1P6uUEVEX4boYdNiqUGqIhkrNehQVtssh1iNMblOpD9HHju3Re+rK9GxOe3h3kOfQiafuOAnlViQcO9G+V7noJNhMTdqV0Gvr3jJ2pErD+/SBuuX4lQ0U7RNcslANKrArxkMLVfQnkUHgfjqi4Svl8sawuL3mWWRjufK+uUGqOYpL1A5xklOeNZdnOi2U7j79+Iufff9n/6/f/uYf/v67P/pR+ujFl8vDLHJe8qwT1ss5qTdLy5iEd4j7WlI+9T8Y00kldfk2j1w1n6M7U0BZYYrRbR3P8zyfRSvv2FSzKctj85oKVFJOpqk4TvqyLNQ2We/uRX9yFIFxbOkx34neSXLNdEIvWVXnRup9m4b5+WqerqGZuJvYIpbivpW+ttdzHMsOyMfZNkSxFkpztcUfCuaNC8228xOoP5sP19fLZkUzl9JEAAAAAAAAAAAAAAAAAAAAANA0pc8/+3TVkP74r3++UDQAvEZUqdW6FEW7XcyZIJ0DoYp9FtrhfhA51mfrg+69tmvREotW7ClWE5JFWZXR9cOFXIcu1XOSF82xeJW76VTCKEpRn3I4Szcx+dgMJ35MNWKEz2M9xlyazVZYZzEDSinn0ztOujo41FstZHsme+SqbiueqbKJR9nFBeg2fFRPorZDXeRJdZlI1/mtr+Qq0qWnRMaLH4L5Uhvc+2kkvD4vdZtK0pAYelK35YZtdg0dnoaev9pN2ATsSaNNistpmu7kdPfi089+/Otf/eoff//TP/zNR59/9vU6Se+/EvXllESOksaj5ZKoFOLx0J9OB+8sUG6f+CBMJy1dgsYpfO2itCXDN5UwIKxfrQtALgvAfF6Ws5oJwigx2g18BUqTUJpOSQvrnLRUTKltRD7cuqCsjc3n+XzuVkcLk/kAABAASURBVCi90h5zMpcEFInCVs9jcnoC0pkrpOWRkP1j2UPhnEs+e8Z6WkNrfh9yt4TVTUvNKltD1RtVV2Oh8LCxe1NiwWyhQ5lahor07b/EiO2X0/67Q6+c0N7gGH0ft/SyPLo5yusAAAAAAAAAAAAAAAAAAACAlZIgkPPpNH380Yuvvr5/0r7f+vxTelnW43751df0jWch1dNVv6Wi57FWLUihqVenQY3ouCjzjV8kL9HDrAV81GiSl3Mp4yOzFsNIJTKiHItZqkiaSqrJxGo6WV94zEmTkscjqjbaak1YSZ1lVsdJLk4BKk4XqpEse9HZVNidjaLqwLw7s3wUg/KoDaPPh6HxEf92ULOhsB5CTKQWjwvgwRDD4+6XOiBHvWRznUjKrjinPsTEh4I3R1Chl3dtPhHViHM34NtLKkftv6Su3Dtz9LWVZVl0Rqusvn6QpruPX3z+xad/+d0f/vXPf/GH3/7lr3724jufnc/nf/vq6xJtkiZRQxZlm3+euBOZJ2402WTPfDCmE0/IqZaap12LTWJFtXfxOrDzuhSIzFRsPz7HO5+aOg3KUE+iFYy4JB5NVk+FzDUlVkunFOrRQKPzer9TK7/iVo51zTEXBXnax5vzKLinI+fh0+bvat6TbHlD61rlOSgxc9sSfND49t7u9mhBL+7O013qTc4tgilCUCwFJj/uXDsovtMlqWgzzF0hs417xk+ahwWQY0TMKuRL+VBIjEWrmvWTcB3YVBxJAAAAAAAAAAAAAAAAAAAA4BsCR0zFIff3D6fTJx999OLhPNPlFIUsW6ntdHqVeH08I12Ys2QrRxOqcK7PkKt6aJ6P0dhwbehcbI3fq2ScS4GSVRhe5iIPL5ks86Q4XfyJdVUjk7pOViFxSic7eupKZfSNh5zq0nIp2qGKrVbZKAV1ZskWTJGrDGpCp9k63HagQi8PVR64lZGxw1k9kebJsH93QSbcghpqhEG/QVWDh0gMalWIWouyrYPTp0y0oIkx/kCGSyKbff1wLWNAPPwgiftOOhXYy954i5nqXSe1WgbffO+s458i/yO6ISF2R+gChZ9p22e6ILkfcDg1za2jh6xTRQ8l64knSSdaJ9pnn3z6w+/99De//pt/+PsvfviDB17+/K9/LgK3rAuWcDn/ZK4pM0T54VTybkeX5hOgD8h0ojSrST3hfGXzzifRXz0xF4ha22Q+P5wf7lknX3O0df4UqmE86wZTqa7DFnO0Lk7TKW7S0ppmpjysv/xOL9eoWFTKzV1sKIvexG/Hm2BujF1Uh08RqzNGbrDIufvblsZVr7/Z++Vj+JDVV+PLTJm8Pq6RAWUH0oNl75yv0bn4DqPDmwPFy+auoh1hrFnPJttNEQXVsnjdsC2p/JkhM5NQlN2qjS8aT1VP3MYrmS1RT5PtWpfDfXhFrAAAAAAAAAAAAAAAAAAAAMAxd3enzz775Po2q8D07W9dSy758qv7+/uHzYer+vSnP//bfuNvff7Z2uCf/+2r7aPmpaDP9NmnHxNQNHMke1qDZwlYgZukNW7MqmDCJcfD6scabhOYI/thbbeU0ShlbqTUvNGcCZVXpeabcNEfS+pJ4qImTzxZMR2WiNaodSRC9JRweWTLaHGBU+ZcnC2lto56WtjtLPF4fQjAEo/Wy6bkhLQUk/4xew/L6HwNm+fww4fRabK9aSROIyIAjgYt9ss701V12Ayt7Rof96E9VttjySYDJ6JmuKmGGXElWAMSwoui9iAzIMlhH7YHis7kEJ65+1x6E0vYTeRiUzfbW7idZ/vI6ul4bMY63dyDVIotJX7x2Sff+sH3vvfLn//8d7///s9+enrx4uvzPU1l5mv2S1JviQdkqCGKs3mWRtWeIlTCLCl1cD4gObx3g/irp9g42G8PvRbFcfJwf78sZ61udKElN2iVqjqn012aki5F6mjI4Z2QhZZimLAUE7sfSyiKLiAec1JiapbxGIneHEKeWiRtJfIO5DByyP5+bRY1f3dgXSF3iBFRrXzWmfRs5rvdRDa7WrCJ7pVrTskjZyKP3vzD0pljjby0tZ+TENXQF1vpaLTXRdvhteFqVVun1auYTgEAAAAAAAAAAAAAAAAAAMD7yKoALjnTyyIX9l2Wg89NhrPaPZuvbs9p+Cagbg2x2gVM1GmWmnFynNxxgI2yPVlPFj2SS8DJWZ0gy6r8rp9wlHTwQAiLjijSYUpaRoc8qSD6YkEVXW+ty8U5kK1IjJTH9BeNTsnqbsliQQjsNYKoCpsixMfmjIjA8BfVXVFTPaQdfTsgHCV+hiGyVBGJ6IvtKVA9Ts1CkG67zViH6eci8thXst+YmxpdvR1V0jUfSFS0GPd8wt2z17vjUmTPU6lKNj3Nx3D1qGYHoqRzUr0KJbIkSV6mUyo1c04v7j7/9Ls/+9FPfvfbn/zmb7/3k5+s8vX9V1/zom6U4m3IrSKLNaZ3QhavTTSo4mHIqh98WEknylE1l0evl9QbNjJyioVpOZ+X8z3JwsV4kcVSjg521myLKfFUautwBBvp5dQru/45KUvLLHn9WfQ+K46TlXUlmc/lO67OoNZvGd69CeJmr+ab4ehXuiGPLrubvSNRibqQkP5bN9dxXekOlpXbb0Pu/YDUuWPUFSQaczSsuFszibTVKf4kdJu6Ia6u3lFfx5ZxWRLfJfwtBwAAAAAAAAAAAAAAAAAA+IaxqoB//revCLxTsFWbsfpH7UH5FtvQdEVXS3shdHBjmKckIi3mnOdVYdbCOouaUlR09ZZLMR2e+sNZHR97EXV3tHf1cIlrqAlpeQYrqWO1KUphnbxkjdawOhNkBRlCspQrcmo1QFQ5nXenyq0Sz8YFwl1RlWZGKeVZyJrslVd/Wp+7seuFU+5U306d3nsaxv7TIdJ/Wy8ShUmiem1a4omEDcb7US1bXnVn3+GL2Hb5+Ju6wa2tPRXWQIxJf3Q6FW/VOvGmdJc++/5f/Ohvf/3LP/zhJ3/319Nnn86LPNw/WCWg4mfwkidqGdIpt85VieIl3d2wtQSsUzH8WuWfD67whxy+fHSXZvkq4STzw/nhQXSkLK7kIOeD4qa3W3jy27hZlCgWgqX4zEqOkl4MNZyQxZyY7c1aCEtEc3cNFq/GTfWDXoLqT9t+/pibrFJjgg4+YWreNt453PrF2h0nuhiyXDj4cX/a1O+bY7nQhFR/TTNupZbfwhQlj8R9RFoSiP2vBw81zprvpHbGW3zcCwkAAAAAAAAAAAAAAAAAAAAAeAM050cJF0iRKTCql9IERBY6rMig5VQWq9aTJc1LyTRYihEk14o2JdFE3Fwi7EaTajwp26y/0xTlbqLCTjy2Xw5QDrGoJ0DMdGJP1ZcDl8IniyuUWimoN4bEiVwQeblVg6gCq+wGiiJxp3u2338nL1MTfaVBKG3H5SagP66Y8rEDhnlQ4a/tvnmjkry9FTP1aPEc7ZZfJgmDTW3exPgn+kPEkxrGTqZSw8gr0vhWl0mv6khhrZKjYSecTh9Np08/+s6PfvCT3/7dL373m7/40Y/Tixf3X55LRSaduYuGnMSVTT4SPuyJzWRSRXTr/di/8ESVBj8408nTiekU9VyWXAJI5jOVelpmBMpkpZ6o1iqygJR2t5TCW9zNhFqcSU0nWk4rayUlC0ma9BLkPhfrLToTNrfoxph2+QYuw3Kjo6LawXgbI7JtfJeK4ht2LrCLtyMzH/Qn9uDwsoWNrfwZydLvXjcrX1F1uI1mmlp5i1n2Vjz7w2OHWm/oid9oqSQAAAAAAAAAAAAAAAAAAADwLvPi7rRqhV9/fU/gzWNCoJe68eiRo7IJvvWYm+GvVEQs1W3meS42kyIvc6l3s6gFJIXOWBoqWupk6jDrF1ZXRxtKmmrQmmV/5L0+y58pW7aBuk+sMFA26b9YW1ofmVqkgVf+6YvmHIyDnmo6kl03nxS7TKsQ1KRYpiYoX7FSNC34aKMaWVAtHnK9kUtHOWh6sH9YnolkqakDUj/3Q1xu9AYxPEtnNuiOSWoHEtXUVS5XL4eHGXCf8sI3H2vbR/f6JHetlHo6d6ePPv70+9/5zs9+8Ivf/vYHf/Xzz777RTq9mB9yPlOe7aipmBU4c5qs5xwFkmr5IQs/UW/ScRaGie/nlYeHb6zpRGgXTUE1kmg5rz+SlzKCakvqXTy9Q2v9byoOhXWtWH9OQqMvweqCaaM2mcqSUpYPFlt3/BaVp/Q8b3r9vFjEk6NLm90d/Z2WfEERrmkej93qbW0OLm4q1cxXf4+pIldNJ3TkdGOqsUhpmxDDo+uP641OtiXbHLh4yKE7naPP3ue159MrmtIAAAAAAAAAAAAAAAAAAADAh8Inn3y8qlGHppPPP/tkleq+/PLreVkO911VrO988a3Dz1e+/a3PDr4i0NBoEzOdTKp5WkUKPnpOvreelG+zWAmcoiCuGu+c6bzIPBfTiYrBRRZ2i4npraKNk4UX+O8iKRch37NUuCqzVmahQ1gDDLTpUklHXyzFdCJm9ygKdinNEykp3og1lreP0+/QiinbDXiUrkMK5vYtR+ZFVXttWJ6oXW/22Fh7bNzkSY3yhWOMZ9RE/DAguWdgNwesvXzTHdQcJ/1nrNknek3MKeCpJ0Rj8RM9mFw4kPA4LyR2tIZLQ5Zuss7nUzngOvle3L349mf/7r/9b777i5/89K9+nk5353k+PyzrmlOsCjyt74o1Kt25iM5V4k6uqVffyTrp0+4qWOIOFWPBssz3X3/99ZdfPqfphN9iWMfxDdNnvJhvYv1Zutd2Ua1ikbjBKZ/z/JBK2RubGZNOBrvhudgIPPNkvXZpmu5OLz46TXfrAiI+b9RiRlZWy+Jk1lbLCmNlePRY7jixxcINHNJ12TM3iJr9YelPyxx49LIDlcKZIdlcNalFtOSy2JalUMvIZF8khbWATOLmMSsmmxyhH/pv+PKipJN7VdY9SyPrOUynu7KQ1lmqpYV8Ua1envLh2sI6RtmOWAxnvjZqyxx+Kx8MqUYWiaOzH7wupvV3MRHmvJ7boqYZMVvZevGnlMwJqKMreg/ZMW3nctxS1io+0ZQUsbCttqamMHqVQaaTpBdliiBPCAAAAAAAAAAAAAAAAAAA4JvIKlt99OJuWfKq+9on87y8eHFa9aP6SeV0OmnZj2ta+6GHQL0Tx1+53A2U+vg9hxyovhMznkToiLtLiCwgg7NEBEqOgiLnEnOynOds5XWKXjnpg+jaSFFj/Sn+VXU9lZyTlDwPIZsWqX6XEiJShFGt/FLUYpHIKclSamnM59ArTXgW24uLklq2zM0doG4E1T1NeGV3oYymBRNDvbTHQTWMtVlmT2rpbRBcrRq1oI5Ir5FSf4jep0LjESyBxJXkcGu4b0X3ytXCIbVXdiW63ppZhPIQLtF/xb0ZILqYzWORw6ZDmh3AKop7tABRX8NCutQZGm69KgibfSjbsFRDC4uJ/9W0I1ppx86ia7qWs4kBKdau7JxTAAAQAElEQVQEL62xXlzTsUWDRkxP12pN2rZYekK6W6ecyMRyx+lEp7tPv/jih3/z61/9/e/+8hc/44/u/vz118RfrxNwWSRNqczhZZ2rJ+umOqI4xo2knjy3ZAhN4RALCKIoCrNyfnh4uL9fdBF78eKTD08O3y+muft8M+UlbguffMUltg5Nc0tsm66flNt5Xfjv1r8JL9LdidNkDgz1MLFPCvWfRQ0dvWbmSsmU2+r09FW+M6M8L30MSV066u1uTo5+mw3XHXMRJdWORY8hvhSmeu+/FI/uGBY2sn4231zLcIn1MalnRV2FB4epS876a/3jcZemdX7cTRMBAAAAAAAAAAAAAAAAAACAbx7TlD755KPzeW6mk2V5sYrDd1vTyTRNzKYu5kutrRrUH//1z/vPv/j256vC9ac/f7nf9zRN3/rWpwSUPrTDX8RXZviw8AvPIOi8AXlZzF6yiKxXcCEqZW88T4RLoQvqKtCU8ICk/pDEYSwon1VrhUdVSHgdLEmlUYJNSoiBl0IplpOu4IYeoO5+4Lwwa8dGss1uXBCP2TARdjM+vdHEf9cSONSryEzcGzpaD2QY6t7vIlIdPzJeE/akD6F9m7Jpl8aMkPZqDIrZCepW3CN3pgG+RX2+Imhb3gHVq9BSEKykjroBNGDBf4bhznx8LAkXknlteMyhyTZjskn2kyysNXAmnqaPvv35d37y4x/9+tc/+uUv/+JHP6AXp+JRMQuLuOHHWumEcTaXjdTD706xpj148ERc9vPDw/1XX02n0yeffvri448/ONPJ8YU/dJwMn5crVlbx+XzWwjoWYnHlOJp+dFrX6ZNaCiS71clfu7UpK+acUluY+uSyWYLkNXlHrtO7PWKW+Gvubmo7A2oFqLb77p0lvqweHtQdG+mSYeVab4VvH6gLjde/C/mwc8kr83QjEIe0txos5P23RqRkwug33ciUtV3tYOtsOqX04vRi/fEZAgAAAAAAAAAAAAAAAAAAAL4JhGxEmmuyvigRJqE9zcVr8tFppx/d6SfzLv4EPCPc2T781+heEBP67X0NHMjyMJ+t1E1xnGgWSpNPrXhOUxqLij8VybBU0iF94l0TVlLfDy1lkuO1V5/QI+SlOFw6C8rGBuKdHFTRTGMtGqG+1Is10uID7LeexIUkj6GnNdHEC0+YAWWz7YWgHfvKjrpXcQ+sP7u9N0V2xD/hcXvuq4lQNYSMbUpnibl8wJsQ94ZECRT7KI4wlDaJ37KV6Y9bzuZ7UsNIpKCwGXKsno4e57RORK3TlNaFg6fTJ9/74od/+9e/+P0ffviLX0wvXiyloojbACxkQWpdHvcODYe/JN77diWnxwdqnZvz+VwMV8vy8aeffqI/0+mDKfzBewOHbLwmLbViS1031jt5ljybLS0K6hyz3vPJV55IyylROZNH6JipRNx4Uu70zJKWEn6RUvUY2iKR3ob1xPA0n4m3ISWxhHooEIXXi8Pfl4a6Vm65yF5gKFUnn8c6qdXKC5i1pZzo8urjbo/e/dZ+X9tlRMvobD87tJ4wN1tQK90Ts6gU13HHTPmiLvTc/DlSg1xsiVn/tLxIvhMBAAAAAAAAAAAAAAAAAACAbwahM7nONc/z3d3p7u7u4XymkpBR1LNJRaS+ko7ptud5IfDaSB4t0hJCItZk1fbYHsfn9mWJo1jV9VVlV/NQqZlxXmZWP4DpiqmEnLBZQJLbTdZLO5l0qI1bLYy0fkwuPSZyxXSyOilRQ2fVmIvjxNwn2bbl8FgkczJ5p7uTENueIgSFXPfsTrsVRiELRzD8uXvbMdRS7W1vBwmtU3T0wlxyRe2VI1lXmKpjZCOdcrd1/6WMjbS3Ldphq8MeZwRtelKHR8x09ASlXi0EYQ8g74F4iEr2QIeiTyebH6LOERWRhfdd6fo02mC4OwKZB0UvUypBFzLleZZ8yuvcK/V0vv3Rd7792//2P/zFX/308+//Jb/46LxIOpUqPVq5wzT9xSwJIkNAjV1wuXCmMbZ8Ok1zOeJ62LncC+s6xnz30UcfffLx+qsci+kDLq9THSePTBQ1N5SbsRSJkpJURLLoa78BeWf0MS9FuX2X9crOaSpGNQ/kKCtD1iCMknwkJV3JvGWZ+aSxWHGrCx1aut487p9g5s6452E9cnGXS621qanDp2+l2E3SkJJy1YoRtyTxYz6Ta03sOim7397Ry285YmCiipvU/lGflVSDiNjjXtTPWHxIuVaAAwAAAAAAAAAAAAAAAAAAAB88EZDvetOq0t7dlXh8M52Qxp/c3ZVyCvncck0s+2Q+I+nk9dLKMoR/Q7qvTPbTjIGi2C+Sz8vyMJ+96o0sETxR2tAiCYnLb4028ZwTSzbhMJ2w2RyGjA2uoQjrIbx4hpoEstsW2BwDOcwl/d6tBaEaJxC5LHJcF4JHd4VceOCfI9rEv7X6LK6WDlvWPIP69ti7cLjTcGgNT5GLO8pBmxyGD/Jz7j6h7gSbT4XbDvU8zG9Dlw/UGqoH7r5wI49Qde1IVBHxyx51NoT2B4nrwdtv6hmIh6Oojm/elUwTpbz+5On02afTR3cff/75j/7mVz/49S9++YffT59+vIS5aMlFn67VTiIuh+N84ha44DiJHrigv07O+Xx+uL9f1pVLjRAfffzJJ59++vGnn6wTvaSe5PyBmU5695LsZ+OFsBO/ee2F2rNmkksuQr/QxUUhrFazuUyg8lfgxOQOJtEMpLzMGoJENvnTVBYdXaD0YkrX3Nb38OZY50pNXml/Aq3+jxqyctwRN7ZW3R71Tym71Y8vbb/9tEz7bMar3EVG3c6mzXjLvWUxPon1qHnj+j2JusAoGjbYrcv2v06AkpClfyV4In5Z3wwAAAAAAAAAAAAAAAAAAAB47+g9DVTCS4qPpC9AMS/FdHKapnNYTE6n8uR6LoVbjhXDqjZNU7p0xPWrvRyXJjwdPeA+gFXOi8IOq5aXVQC0wdeggqwqZdF7H87zoiVUllz8IdM0qbqoJR5KzMlJldCUqqKophOvtKNyZ2iRoqJr2ciu8f/D3p/G2rZlaYHYHHOttfc+5zbv3df3fXQZkZmVEHLhkm2ogEJgUhilQGAEJClI3otIhDAFAiEQjSEFkuuHXfWjZCxbliyrVG5KqIxVkstly3bZZUoqLDsrCLIjk4yEyIjMeN2995y991pzeI5uzrnW3ufcc19373s5vnhx7t5rr2au2Y45xze/QRFKyB3L4XTIJzsRrSVglQkwFkWqzA8oqgZYArqgsiHyLRYVYMY1kTvkt05Y8oETrs5iUE5GIWg0eh7hwONpv4l/fani0H6F+vTFV4vzoi781J4HYfmhXGd3T+YFFt5JWDABDi6shJxGpaVlfcDBKx79ytklsXVQvoJlg94iSoZBuczkYZp3KB/n4OZK5CZWiJC85ZojsZgSF9pq6Dab608/8eoP/eBLX3zj5NYj3enJlMJ2t4sUiKMr8j2avZYOpUXp+1ypZ8gp354T3SQR1aVfr4bclQ2rVf6vBHjJjeLepBO8MhcCr3DqFbkL9wvOdWFOUIUx8kQIojVjNJ2DFEZpiFEIa2mk/6Y9IFo5W3yrY+2T+5kxgsQuGru4krIR3knieFucKrpbZJEsafVKVqPqxj1Ye/OPn59Q2l5hh0iHInlUeCfl19ikqQSYweMxvaCIpgRuYMK+yblCje1Y0R+yQwpTxagw0CbGfpaOj5g+ECohsZ5j7dbOb/8eAcf94Xclroh2EPk95EMe8iUPZspU8nTQhOWxJzJZJ3KKe4g9dAPrZznlxOFwOBwOh8PhcDgcDofD4XA4HA6H4zcP1FNmTi+iFUwpuwo5SgXtex+JhrISaRPBoLF1LpQ5AXZm5RvfvHHtonOuXzsJjktRXIolDI2wLIgdkv2AgBwXA0eigUziPE4mIcIEDXarMuMEdNs9fRQPYWw8+uJ8FN8rxdaBOIUROtlyHyQNI92bPcppP1L0DHI1o0WnyXdAC6mj7lpzxWJKdeM8vweKSEoI7dspsL67On875cRoqB0InbpKQ8OVEDoJEq8mNuyE5ilyATYb+EuqitP5QhYHf5ywKHqUxFbXdNEBaFQCRNokYNU1UCUYeZfW735cYSTMxEXaO1/k0q3ubBOtAM6GJOQEFiNg73KyHGamUZyJMpBQAS4FXYRPkpos55dLjRIJGnlEOFAcD6cfTh9//InXXnn+C689/erL1x57BLtuu9/nXzvoA8XhUMZCYb+BUFmMgMK11PooiVsyd9mX1qHxdKZd13Wr9XpYrXrSaJKAH1iELaZp6q9CFAmfBkCRsAnBCEJYa2MlH+DhhUqEmsY07ol0wnSxoyfPVDCoGyDCIZOVIgXTCbH+yEon+QwhwUi1MkYEzkpuQez6RNCmQYh7LfVRuDHhQ4N71hJQ6MpKJ8HShvY/vAdr5ALgBZ+PPK8M/20+WC9VeHa1WxGuUtNNU4PlPiURp7HrN0O/7oYufkw8K4fD4XA4HA6Hw+FwOBwOh8PhcDgcDsfDCCEcpKmGaNiPY3baDn0vpJMp/8XAmhmKYSDSSYm/cwihBWS/5FFiyjAM2SGVvcOHfrfsrMtu4uAQmDe97ixngoR4S8mzS+7fccpeXlIfEad6LLoKxjRR0glF0iGhkAgIZZP8wjWoGifMrxByAsfLQApJQtwR/lCkSo4nee5OLdoJOGeZRKEXqGCJnogzhRIVSmF+jPyNpvuivyas8WDAUt+wWPBoIuHeTlysZ8HhT7OvODvl0N2LISxc7RIMCZvgFhEW9zG+x0IM4mrOZ1PEURDdhEPeWOyh5lcQclg0rZuoqcVLiQCVLQDYkGBEpibfjHgofd9tNt1wMqxOX/2RH3ny1ZeefPHZ1Y1r2EXmRXUi9EL1QPIaj9NpiPqCleVS6u3ifeXguM/YdX3sh2G1Xvd9H5lxovmQUtBQU9CH8CmVVGolZ6ySANbqP5M8KU3u8D56JqaRohAR6WSMzFZpC/SiBPCdU+DRIeFIRa8FQ20ysQYWdTwkYyOd10y3QzlpSodq3+hjBNPW6iCHl3JdGqbXB3oQs8qi9X4iA3TVy/GwvD5E5gDCvbV40Iq1MvLCQYOssmbzripaceamNmTDIWbbYfj0NjCHw+FwOBwOh8PhcDgcDofD4XA4HA7HB4BEwJkaf9x+P27WK46wsw3sYsq/dhwJgz50FDKBBDbG6aJ7SpSc/TjduXt++OsjNynIy92zbWoeKui7bhhOg0PAdJPiuTS+B5EISJlgHEckbYdpYk4I+ZojR7QQlgmTTjSGRAcmbUIOUKUaQKNRwT5HfahwQQIpFvCNidqiEioSykdIIsb8mOOIg7NhS1S+CCrLJGCN3TKPclOlUWKIlhlQJEnohAjt5ZQ1ME/DMb8yXvDTXD1jcQj0NWDui8djnlVY3DbNDiIYs6eel+bvzucfZC1e3XHN8VNqWjj0R/Eo2+01KEqoUWxyhorHOx69ZfsP/zuhg3EI4AAAEABJREFUqF2oozwKHWpCCq4xrIdrjzzx4kvPv/GFFz7/RVgN0HcU2IeUkyZzVBvXpKXBKKmoJGFGn5ifY++GOFGkl/1+t8t37odhWBFCbHzo5Qn8t7+KDsN95PcDAF5Ahzr8G1rOl0BViIiIQ6y1aaRwOXxL5ihY7jd1qN4IQg0oo7mfkoaqyRcKSw3zgNFzbJ1OKl7un1SHCU3VBxaUqo8X8zg19tRCT2tJMc2vRa7ksjtX0sZMtSmKMlWoPeC9ap1Q6GYd1Ieog0iB2OTDhQTB9lFRgzHVQdkkhpK+gHVdKH1xKbQImlfcqRC7h2MApeBwOBwOh8PhcDgcDofD4XA4HA6Hw+H4zQERy2/5H9krnH1vfRcLW+D2nTMNkhLCajUEJqZcck9ROpmmKTg+HNB2mEvAkinhFNjFzjFu8n8Z2esLxYPI0W1iEEkTEThRQZHsBxTXMIZKOhF3/8QiEIUHQq5nRJJAGEkCAdXfyOcgMruloWMcMACK7xWbwB9ymvpwmQGDWIVNosXEKa7hVllHiSZyequGMotPE1SdZZGDcI/svddvlR2CcEBDWWicwJF7lhhG4cDlLe54LYf2TT4U0uJBEnCp/cCIYAoZknWAcQyJJCsQSpE1t23fIlS1CqGyJFPayDWv7+PQX3/2uaff+Nzzr3/xhdc/l5DVTXINniiCS0yQisCF8XiYImVRk0BIEtBmnSUAK28paEid7fn5brul+B5dt96crjZDRuw6CeiiFa8NHoTYh88ItEStDV6VoqDVgRgnLHOSJm5tKVgYqsuuJZoJSl9AvQG1grHwVBIH2AGqX7GLHXSsaZNq+uB4aj4B2gk/pBFKgkVgHZWSKvox93HPch0eXg7lnPt7Q2uu+IHyB+9dGWrCjv8MLRXxwsdzJ5hHHaIXiVKS9MDOOHE4HA6Hw+FwOBwOh8PhcDgcDofD4fjNgp59gtO09BDt9yPLH0SJSNBSUlYDkU62u/0ltxUOweikkw8HlStgukl204+i6JD9xGlkdYdR+CikQQOmV8HBdKKwS8yxChxWp/V6gtFGatAVcfZr/BWc9uOeNVSqWEI9F1EpFnN1CjwixrEUDoAZt6JxzIp/k9kqiIdnFrWA6jU+4lVlN+0FWgYXZe/RI5c7eA9Pu6ezv9VZQBReiFwHwr1BWN4D5o9Ece5edEL7IHN/axZdjYnAfIBKDDq8/REJm1xQiQlMdHHESLym08duXX/i8Re+/OUXv/SDp489McUhjSNFG8HIjARkXosIZgi/RCKtzB/X6ijod319OSqqGSTUMY677Tb/cnJ6mv9bbdbSCOplAIfst08v6QSbv81RDEePX3whtxTKPyKe5H8i1AYJF94IKn1JWzv3JEW0iJCClCl1QV3unaiTKnSn+6LGfDxoxZ0WwMqnCm23eJW7tiw1qXemlAIHBI7yvMPnV/oeLGliVwEeS9HBSXw8ltGBY7AFa/9arFHbYOkXompkpbaHBXsMjTqJxxmKnUUaK1dn7TgcDofD4XA4HA6Hw+FwOBwOh8PhcDg+1eh72uF+GCjnzt2zo+cPfR8jpAkvUTHJviq6LYZpdNLJh4JyKIhfgttxnwKOieOI5Iw1n31HjBNgbZPIvsKo3kLxJQqFIxT/pwhbGKBRGQCJnaARMHZjfshe6B98AtEF6EM0KkOcezjZ7wwHLBMjClRtkvJlRgfRJ1V3cDzkVBgTRYkp4QinIoXK7ShqKwDwEbu5Sy5ejaUyY5ykBW8Em7+XPxJnPJ3jr5QAq+s6mQ+dXcEoDA+UDBYaEjY3Aylbe54qmAjEJR1EBMdenZzQHXZIT82HY8x9wxCfeOXl13/4h558+bWwPp1Clyth4ihIQXQxkgi85EOcEWhqJjBTxAmLAC9GhlBqEiLF0mF1k9V6fe3Gja7rNptN/kt0kzhTQwkW7au8WG4iPWJb949+UE/8J4griEM02hzNIdGFCdqOodY2uS1HeErcppjuJMpWacRpn0jKaB9ZjYSDd2HL9pGASfo4UqmhyyWWEh+jCpU4qyivkElrFHEqMesnCnMBSY9p5CZLMjflNbDpL0pJhY8TWB+n/chMkUnfKjY5C0vyUzigR4XanU2sBmaVNeoDInMwiGjW9neVHVaPEdlPpU2whseCcC/2Bp+amL4mrR+pdSW5iVYq441SDscIonAWJPpa5SNGYYWZ4I1IIaFK2ij1DboYGg6TKGCF3A30sVvFYRV76gyIhPYR97oOh8PhcDgcDofD4XA4HA6Hw+FwOByOhxN9T3v+x3G84vkSW2e7v0zmZLNeAaunfBCfk++OPsAU0tnufLffJSDNiClNEpUl8r5yEjSh/8RFLjFrJDANsA+RtTSMbhLYb9gpCaNETCIPpYgWTKx+kKYxPyVYTAhRN2EPvLIYCoUEF2wJ8VVSzA0KmBKUoXDopYXlPvwaWSW0d4PKHGjpMmUHvkmb2P9Dc3IozvFobx5MVOOwmmEI84RW97TEv0nllVNAaM9pP4lbNgRjWfDX1JA5cmIiu4fNn68u6pTw3ilSYs/syQEtnk6VaTAxAlVHqd5f1rzhDOGMiDM6Tpo/XW4neZdI6IAZR/kDEnUgX0y1q6eoTXF9enI+7h5/6fmn33jtB3/bfxNWG+x7xA73IzNfJuI0iKyL0kxARTI40lIAbPQllJIgbu7CDygvkH/a73bb8+1+t+2HYbVZD6vVar1GVdRIIJUimByP3k5fn3lY0IdZvbzwA3yCcg1X8NELleZQHwOMXCUH4IjiBf2UpFpyhiLzn4h6QqQU4hokpgDNrgsNS61En0koFauQCkBqk7WrycgWVUiD01fv3+bp/PPHldtN1BsI82LFBofFfZUjEipszn2bdUQXpGl5QHtlvMfjDmGB1YK2+HAYZKy9mxZKCMZL1LagNMJIHZY1F+GGSZlTDJ3SA83qmGil9BRQKXZdtik6qAwfh8PhcDgcDofD4XA4HA6Hw+FwOBwOx2cZ2VU0sNLJniVJ+r6L9/BwwTBwYArE1TCLULHbj+We6/Uqfzg734b7x8AkGMQr7Pn/TYBxGidMuXR20zjimDSaDjsKJYAOM06UFWG71sWhyGfZNn6WtSge5bKxH9W3jxMHK0Fmn1AIlDTNPP2hpXvIPypVsEgwWLgUEwiA2cXtmTj3/JrHuj212YG/dBaLF32y7fdV3QPnqVH/aPvPldy4InRRboPMlDBagzAfUkvlmRMBiraK5LMEkZmdsVCcwXsTDlqGSuWwWJiaekZhnMhP8yJSHoG+QtUvketjaMqcr4uFUxSZrYDGeiAnM0ICmPrYrYdwMrz6+S8++8Zrt55/Hk9OUuwDK19QlicsPvnEbv2k8jkdyWrEWtFgTvkQCRQ07k3+1sV+mtLt998/v3s3+7av37y5PjnhRhBFi4HrnRChjuSn3JCiRu33n97wOks0oi4oKjGmenLkVJWmMPUODa+TMDY0KpxTT1qAcamC6pRomxQCkRSDtK6OS2V+adsXfFzkkouwkL75yLlEps9z5Lg9/ZN+5SugJknaTWgYarXDF+5cwovfgAhpFFqLVLe6zkhGweFwOBwOh8PhcDgcDofD4XA4HA6Hw/GbAOvVkB1J+/0kjqaTzVqi7dwTJyfrxZHdO++Xe2aX0zim/f6q6imnp5uO/JWk+t+xdP/uytd+trHd77OffrvfZd8wUlQEDVjBMhOd6Dh0JXgOQkEEDbATTE+iKp2gRMVgmQMME3vrR9KlUeoGqhrKBWm61Hdqztyu8frDUQ8vzC+B5R00NkzlQNA2+xpypZAYwpyxsXAuLxJ2VMvgEtj5kTkmeutgiiLEcihRYEDf2Dzyoaht4DLo0H3hHheC0m5qJrR5ghc6iiVKzoIVEMJctIbOMAKChD9K+b+UmHGS8pe46vqbJ4+/8OyTLz7/pa9+tbt2kvqelEYkUpMEOyKqSlKWjijxGFeBE4AL/k0BP4jj8PDjiSqC+zTS+643m9V6fXLt2jAMqlHBrCmjnCxZE7nmJKa65Huen5+f3bnz2SGdXAy8+IjwchLF6hpHksWY0X20Ji+0OozRsqRXBc5f0riAKDFcNKaMNblE/cxDQkGonWAIc1Ld0U7qap3FIeNEe99LLn8o8kOkh0wNiWMuLShLoMInCQr9C0DbdnsO0jjUB+iU9fiQvKDD4XA4HA6Hw+FwOBwOh8PhcDgcDofjY4c4xXa7nXzd7Yl7ED4chLNwdn5+yTns24KyFzp7o/tVVz7nZOx3++DIJTKO2d83YSKXrnBKOlGngKLDEaET6gPESjppb1LOrFwNDqzBvBMUP+M0TabhoYSAZMQJvYneYIGWqTCLX8FyGPMt84sv81SWb8aDgMOKWF3mjYu3JXmEEC5SFBC/cPNMOHrng4RGbE9QxglEe2JqvPAlLyQUhXwRcZRFNI/wgaUWpPRaZkhpRFjLSx9xmdtXmDRtbswzBGcxmdQRzWSSvuuhH3b7Cfp4+sQjz335jWdff/3JZ58dHr2+51flODx0XcqVCicwoklRM5GgOiEW6gkfPkgth92BnsL0UDyd/F+aUm4Aq/V6GIau77uum7++fio+b20XwA7zlCv5PuPu+7fvvPde//FFcnkIobweZYEEqbrEN9nvlSYSKKJKjBL9SPSKRDEmggU7sltVggVar9DlTqjvgXt2Pieq/oz29XKzphk8AEbCrP0X0klpjfLrB2uWh1ycEGogG/kWHlag0cAulCZBbAus7Wi0kTIxpWOqY9ReMTJp0YknDofD4XA4HA6Hw+FwOBwOh8PhcDgcn32cnW+zf6jIimy3u/Chsd3tpmkap+mSc96/fXeRjK2xTMRr6RCMJOyAUPfNA5jvWHya7MukCDsgpJOwJFVUjRNzNgeROCBnMBEi6AP7hVPQEyziCR5xGqqXuVEx0VAdSvaQnyy4jPr7m9MDILTSCc2Nl27ZrquiOyVezCwizZx9Mg+hEyyITGHA8F/E2dkHr7Y4UnJ7rpBgdBNAra1N3s5wzOn6AekmzR0LESTMSScW0qdEpKlPnHEGKuPkOAUnFDkD5oxQjdATyKucME5TWt04efLl55/9whuv/vAPDteu5cqznbBbrXKditBnpzMLvIBFcNLSkDtbDnDIIlXV0KfO0sBHxnEUPQ5Wz+j7flit1yz5o1yIOZeAY0mxzo45/elzru/jftxtd9vz8+3Zeb5dX+lN98ruTxtmNKkW0WJiIbPOci5Q0K7EPbW1EyEBHWoHhRnvpCFt8JGOQSVBNaSrnVUhZOCDzcnYKnMIWg2l8OG4YBcwToJRdu5R0ypbLTxgGGWRe2ltYbUqadQcxDKgALez3Bj7GHvmQVaJLfw0th2Hw+FwOBwOh8PhcDgcDofD4XA4HA7HB8FHQjRZ4HLGyVE41+Qo9uMeiFJC9AvgT6GIkQQ+qH5iY6NUPgqhdfuhERaIaEL6JsQ7CcEUDaojOVwBQv6AsGB86HNmH9iH3bh0YU/zbncAABAASURBVBlNJYajcS3ioeM7zb+WB2NDNykxIELrQaZALmDhV/AqL8l+aCgRdSopR2gU/OoUNcSc9fLDBSIr4aMDNu9E/zUtLSlP41gyLEiQXglLEZpjhBngoDhMPsm3jqlDKqs+dXHzyLXnv/z5L3z1Rx574TkYVhShaZxi16eRVGCQRHOSROAALEnVQsLCBKGv6UIvPwQmRqVpmhL3J0Q46Ya+HzKCKWgAi2ocVJXIwhbBJH7C9vx8v9uf3z0/Pzub9vt80Wc7vM5ceAOhMLII1IySME6maRTaAKaJIxmpPBFaY2rv2H4ojB4m+UC/GrquG/ejROji8DoxH0nGaNN69IkD8UIKTjh4KYkEFGbEqPt7lvFrSO5n1v8cxN8paB8jHbne5r6frh9MuiYcvcmhoIuyTJilpRGtVKtGyEdUgrB4RYskJmcOxDjp+tyoiH+CseFDOhwOh8PhcDgcDofD4XA4HA6Hw+FwOByOB4vYccQCVqeg3edIvkD5qaWYCKWAwxuwjEEj/JCYPGDe0DSp2zBqWB2jaGBIGKqiCl4mCRIK3YQdk3a+eDNDp2InATRYB1MO+JxkvJelQ7K4WfXpbVCOckLRA4BKdsH5jY56ioskRhNhB2Y++YNL1Act/veUSqig4sBmjZgg0XPKU6BeOkNKH8bbviQOoVFvwGIkNU+66EELBRFgGsJRmle0O6Vcb7goYiBRDFKzCMOwuXnzxlOPv/yDX37py18ablyLJ5s96SRlfzMJHdCbMuFEUlq5QLWcUGLd6BfK2kYXQ0qc9RSmcRr3eyuv3BC6YbXqu0EIWGFe1u3nGC24DuLEaj773e7O7Ts70jjZkrQH3/OzTDrByrsSAMcZmgLxARL3AylN+5zBrNQjHIKcKR0u2gL3Jou7WXOqX4kM1A/cusYpUeZ2zDgJMyGaK1G9PlYc7R1KL1P+tv1FuBoW5BV7UavW9uVyKonl8wfPpfZd7nmXKgRUk9cEOYswv/HyQfIwCewWqTnFPpc55NaZByhW3krwwEvc4XA4HA6Hw+FwOBwOh8PhcDgcDofD4XBIqIpQAuvoX/7JfPUsFRIlkgM7Eok3gEyHYJcxi04kiaiBzFPg3fRGqhDeilA5yh54gKKXsXA38qNNt4I9ybP01CvsvvyLCLSQIkXU0AvFEx3K5eYwFcYCe7stbI1IpSiFpYmD0SZO2QnxSCyL4ke2BzVBXWDxcnpeoZDUPf22xb+6mBtPesnKIySWD8g5WV6GVTVE9WmgPbN1dzfg94U2u1BYRnQghcrlmV3EbCKc0hQo+koPqwGGzbA5ee6Ln/v8b/mRx196MZ6sz8YphoGD6Gjy8sdkNBwsGQO1KoQlSSjIq6QUJGIOqS1gGjOYcdJ1XeTILflv3/dCcjrQNVFY0Yv3nF5zv9vn++zOz89u39nvduN+1OoVP9Okk3CsHhgRAUXQgwIWUWwdDQ9VehXpFCpxJx0hi0ieT1ytqGiGVT+sppzV45QR+KiIMiWhIQXheeGDUL9YUB9K74BH2+WH5Hw0T4XSQZvK0EF8n4Ov969vciQNl1NbmhfEsAge1pBOEssEYcASHknuXi6l0pQKEEmBq6OYVqJ00nFLfhCyNg6Hw+FwOBwOh8PhcDgcDofD4XA4HA6H4wDkR8corsFogLolPqJKSfCfKGwQSEEIG6QWMiEFKEFTDgnCEBAOSyUiVBpHgTkjC7uk9T7bRVDOwXp8BmPGBPFsg7BG7OlCOkjlzGCsDuVwANiTmG2QxqUAAcxTrKF77qEpYAyRI/5l0eFQVkfOyCOUlOZA62WG5aeLou1cjCOO6VnaKt1E7o9tGKV44UWxSVs0Go/9BWxyA7BEYuE8yD/Gvg/9sLpx4+lXXn721ddf/NznNzdvpb4bE3T9ahwn1U2RzGBGExqHofBOLLZOwz4JoTlmlYxfT+Lp5ApLdb3rhmHomG4iXvAjb9jUB6s4pLmy34/nd8625+e78y1RWKbckKI9DD/jpJMFUOhmpF3D/UDikEUmSaMqPm0+BomoAumgoWgnYpo0uWCEDTTm201jLr1cYi3JizqpShN7qKgIy/RU3tyHRdsYlQNVcZgHn0iuHHk1gIZAuERuQkQcYrKSMMn4BklasZRtpCZF/3VELCTGiYxVgE46cTgcDofD4XA4HA6Hw+FwOBwOh8PhcDgeCpSt8hI7B4yFYfF0zGXPfIvURDEhuQhimqSJHcwaS4cgPuQJmItQHY7CDGl8hbCgmFhInVB4IBxB5ZCpwromSU5nVRMo6ZKXaURGoEiaZLd1KtEhmMCQUrJn2iVQ0gWFFBOWKZBjl/mOsZF2KEean4psiTJgqvqLqHlUogzWvNFyKQdmt/1w0BQV3YGgCcDJ2CP39JTzG4nejJBLUnNJLIyTJHoyfNuu76kQID7yzJNPvf76a1/58tMvvtKvT/Yj1SecJtI34KhM8gRkzzQepgaKqEKVt9FcYm4CKyPE/PRpmvb7PXOlSOMkJ0AZJ10MRiRa3tsEckqMp8CVf7/bnZ+dnd0hgZNpP0IoqhNapr+5SCchWEiUMHFgnTExgUuoJkXSopFRqkS0ljxl2c3qSfSBFE2EE0SdjYToYsma0t3kn0j+RIIs3SvEzCeI8qazDx8F6QQiHLaAe6fmw+fLjDRzr3yWYoUmElt7RUMbqn1j/kYkSD4WmQVJxQ+xp8O5kZrWlkgpza51OBwOh8PhcDgcDofD4XA4HA6Hw+FwOBwPBhxPhPx60bgUjW9UPyv9gSGuwknoJsTawIZuYlAFETyyyX22Ib8lnZhndsapKNSBepl9BjSKSVBZE0AVVmiZItXT2caFULGT4j4tT7fQOTMWyDwNGBAudfKKUkM4tus/FH6H6YgcRnIBezt9qIWdgAMZjo9GM0FTUhJVog6lUPLhKl7tEMLxwo4sRRFMKCYKryZ7lbHrhtPVrRef/8J/47c+/4XPXXvs1oRwfr4PfdfHfqTqNRZvuSbs8DEWYSloPVBWClheIhFEpvxhSoG5EKnrutV6LUwGibljBCVo6qTcdcZh0Og8Ke2227t37pzfvbvf7YQYlRvDLC5VCJ9J0skRSofRkoxGkIst5zJrH3FsnSqtU3sWKLF4lnI9aAonlPVgUhmRgypJwCcNh9QxDSXUakoJi8p7ubC+fqwchVkzadVHPiJ1kwCtao8yBbv85x5XfaQv3ZBOrnhB5YAZe6swR7AwuYRkZ++SMCQbl6JE0+mJgWaRdT6ijs/hcDgcDofD4XA4HA6Hw+FwOBwOh8PhcHx4kM8Sq9iJ7qJn3ZOyOR3lf+TXzb51JJ4JhUOgcBr0V1QJoJAgZvv5i4xH+yEs9syHDnlnuwXbCIGDb2ATcUa8k0vvbRFlKR8UkCYlUtgvEvVDHdLqv9Y4DUasKHe0RB5LamjCx1wI9ajX5ASJRZREqsTukJDICuR7ja0aAlrskZqgQy/rRccvT9c8kaEInJRyNgEVrG9yZY95LSD1uEtx8wf6G+W/7EXODuTsPz554pHnf/hLn/+hH3r06SfDathOVJFw1e/3I6SR4mpQLYsa3UnyFI0doi9gpBywoBwWmMk4PSFN026322/H2A0UTGe1GoahH4au6yTZqYricDFhw7axoleBE+ZX5SK7e+fO2e3bzDgh3Z1ctEZ7qvSVq5JOPiphjo+M2ECZm+aHIjK3THWEMJfiJD9xlVHKmLYYCbs1jRxeR44ZC0xTGLlcOinKyPSCEIJSirjzEe4QC9cIzW2a9vmWe6EpUCQkZXhgETihusXElEuy4WPVQIF5DwIQwkFsnQ+gwqKXGJsGOOBZ4A/zfqnoAc0vlCRVSllgkSiElpxz2Jdo99X0egmN2BW5rJAbs3DTIBw8szSfQkqiWkH9mtD6YqzNShWKoOnwpWzzoY5oNdBR2K7IFBvrYYpOjsPhcDgcDofD4XA4HA6Hw+FwOBwOh+MBQYIV3FOzwfHhIZkcTULjYQO79QJH0lGtE9Q4IeywJ+8yistzmrIbObHrkDx+7GYP4vVnR2Row+tcxRuIIlKwOFj4GuxV7bKzEdhLrU5b/o0ZCOwBDeqUhqK3wC5MlliIon3BBAh2jqYQjKWgdJP2uXIpHMkhbGQLMCybzOwbx/0hnkQb4kVTlviTvLNwPOjlIrA/GZpkFIEQrCwKcfsGVeLA4mKWU+EetWtKaPnWOHbNZQz0l2PXQHHiq1sZLNqS+JiNWaAsED5MNAwLLJPAXmRC7GLHlAQkXg85q/sE3YgYN+trjz/2xAsvPPuF155+49Ubt27lx4/TqDlCNJNe2E1BPe0SHKeKIVBYpFr3JH2ct1id2WgZl6aQRurx+p64JsNq1fd9YMESqHyioscwK045J2dvzg5WSZnG/X6/2+/Oz+Un9dzHWqukseR/+iu1AfyoOuBjbIbDBFyV8xCbICrC3oI5nUMoFdiqe6DxxJiQlnIRWu1NpkKjbVZ1aIKWYWEqaXsB7VqIRiL8kymNGbvzfKtcjnJuSlUhI5gkSroHq+PjHe0uKnBoIuzck3dy0cnYVE7LIpg/Eg5pNdKfarNW/SLtAqI1oSNpiCEcsHe444tYWSZoDKS0PFETGe0q7es5NQmsJ1eCnfSXlSGYilUitSQmakuRqImFuMS8PO37HQ6Hw+FwOBwOh8PhcDgcDofD4XA4HA8Gw9BvtztnnHwCkExeDQ9ptA1RaCDlidYXCOQaTAHHNIn7nkNlpEl0OczDGzTaRqGYSPydGQGidaEuPqhSwTI9eo7QdGAhM1JEKeQ0XMbBkaAcwhFJdrNAjsyGcaKJmEdO0b8XsjdaesBMAiAUzQDRX4iVGVNSbDv6U/Uc53SmIhRREmVJipaoSjqpzzuCe7J8kt2wXJ+YS4Baaix/IGmViBdKBAChTS10G6K+YUj8Rtg10jaSOUNHigyodAMij+z2+3zecOP6rReee/aLX3jjh79y48nH9yHtJGmxZ50T81+jOKShkWsAFS8RZo9Ws0J0EikUEKKMvNdETIUx/9oPA4Xp6PPfTitM8zalNBcee6tRxM/Lt9rvdvI3/5emiVtNLMSiUrkLq+czE16nsDpUtuQIqOqoOE8KQgaZ6AgRmWYsJyW0CUsHVaTkWCegtAohv1BB7vdUlhAH1qiRpjJNE1EnjerzKRrNFgJQeExQqPZoqkmEoWoRqQxMmHNTrsIpamRPihzRvWHJK9FwsHLp9EOhXcEldwmXJkzeSDt+UToJ0AWrNTwqgOissASSw+FwOBwOh8PhcDgcDofD4XA4HA6H4wHi9GS93e6C4+OHsAxOTzbhIcDt27d/5md+5rf9tt9WD7X7xUE0LuR/yjJBlsAowgLBRFAEEqYBggVTgKXMCRzE2ak/YWWAQLM/HubXwrHN/9UVa05bVEUTSi5KxJ8w88I2O/fjwaOCbbwPl6CQSAp3xXbn2059lVpZPI4cpMX5jli95JVjscQ9/Kkf3t1KpBxNOWeVkjzlQeIfAAAQAElEQVTu6bUGpZEEETxRjQKuE0oeYPIB9CGOu6nvSFNknDCuh36zufbYrSdff/XFL3zhqZdevv7ooyNdG0sMFq4RqdHLMYIO61nU4raK1NIVGuEMkidJExNO9vt8zvrkZLVe8VlRFTqsCrUvVgMqidwC1/fs486PHnd7wnZLpJP9Pv+Va7uuSxppRNkR9SafIdLJDKKWs2wqhb0kQbdYFEm+BFHX0AZeWWCzOzahUgrDKZmyCjNL8v0mZphF0b2RiD8WeqboecCl0XXC1VgZHy8WFJN7kcUUbcWaU/GU6mE90ZHHhTbmDQa8Qh8Hx7MRg5ZO6evuOz/bmEAymmiLs7tWLg4nQ8q7k5hLteo8+HJ0OBwOh8PhcDgcDofD4XA4HA6Hw+Fw3Lxx/e133sePwnvtuBzArrWbN6+HB43333//p37qp772ta+1pBMhjCTZM0/0A3HZT0w7Qd1TTsERbGO8BroJrT7H/MMRxklYXNOgElbmtdHCnsCF/sXqgCxCACgvUXf+F4ZHK2zRSi8sb5rmDzjePprLjzNVanASfjllYyyeeq84G584oHiBqw+4OvQ57IUcVR0WwFSoQkUhRs6N4z47i4cQB6pTQxwefeSpV1989oufe/6Nz19/7DHohl3iCDpKHgKmL9WsbKgnNbZRo5FjDA/+LaPrOqIlsCRJ/jAyS6Tv+9VmsznZdH1PJJI2mtPFHV+rf5OTOO5V3YTC6/AjmlMDs1JmdKPSTj47pBMLyxIaNYvym2alMYASxT5CaYPJgrlccE/R1bHmamwG7Q5K88jFyf9CLkXTEYJDxhAEuJpwxwNudXis2R+lnlQynfCu9EKEBsfIfJc+vaThHsIw0Jw+O4zp4s7zypgl2h7VvgUHeaPIPZFjkAnpRM6DgG61OBwOh8PhcDgcDofD4XA4HA6Hw+FwPAwQDoT7bj5uoPkTb964Fh4o3nvvvW984xvf+ta3vva1r7XHJaKB6pgEqhOJhQUk9EswJgA0flHegy6e5sueeNyR2nyOhbFQHM0hHMY4WcRkmEWlqGc1JIWDg80PR7zSs9vPr78X6QQkIFF7h6TiIe1B0Mg1WJ/wsPFNGMrwaL8KULkkc2UYKTiQCEFFyQIk+E2KMcR+Cqk/PX3y5Wdf+NIXn3r1pVvPPr2+/ujI1JBcgBGUQiBVSvzpjQCM0oUu9KnPq0quwyPdVkV5+qHfnJzk/2LXpSrTYwwJWHrrS/XD5uu43++22/1uJ3cWbR4J/NTIRyxyRbPp00o6QVO9kW9o8YJmnAD9kkoTYdoHk4BI6oSCc8VQqA0LVpro1WismIlZPKQqA1GiqMg95eR8iE6gsCqRo6v0GS0bI39OSUNnPfyosWmg6fIMIFHLDqp7SlVURMkm0fhNdEQz8DBanjyLa6sq0YSmH8L7yTMhHskdCv2lJPDw/KJStbhLPrW7gGFTP8tfjqMVU+iiKklxBUtQauND2Yk6HA6Hw+FwOBwOh8PhcDgcDofD4XD85sFmvbp549p7798Jjo8T4j575Ob1tQb4eDB49913f+qnfupb3/pW/vzEE0+0P5miSfbmTRQOA8queooton5QQ+vqhWNcEPt4zKtoPs7KNTHSyOJG9XH2q+72D2EW/wXrcfFHtieHMA9wc1S2pL5bFJkGqI+MbTLAlDwW3lZ7dKNfINQFercah6Jlv2gq5bw0S1T2nt+HaMEHQZMMekERsIicXvH7z56e2ihKlFDJpewIBruZxNWBCaWeRGYCAUWeOVkN1042N6899/nXn83/vfZqt17txrTd7Zi20UOIomGBqdYclWCoJddQYIxsJC57rpigQjyI+zTt93tMqSN5k/WQUxCHYbWiCDiYlNoCFjunJaCEpfaEHJ84RAzRTVg0JSz0JBqdCPXsQ43Z9NCE1/kQWjrWzjFUskIrW8JKJKABrUxlSGhLuRUR74SzrCiXxMWdTcEjGG+rah1JzsZGQClpqUtgHWWcCJMoPPSYNf5GuUSOQEPfw9AQR6RFKtGjaQa5orHoB84a8+zmYc4QsicGVilp+Cv2a6FihWM0lJpmC6Ekh7mrTVY3yoOkYSphqLmDJiPOeV71zpgKR1OIMhxGK3QQByYcRVDSiYjqSM2ET0MFcDgcDofD4XA4HA6Hw+FwOBwOh8Ph+AzjlZef+//+zM8Fx8eM7CJ75eXnw4PDO++8841vfONnf/Zn8+ef+Imf+NEf/dH21zEJ6YSi6iRSn+CjrQ8UxF2vXJNy4YJ9Ul2n6rwsvAQFqJu6ORLuDZEzydfSbn+NxDFztuLMgxoONuEvgfMEFPERrK8gUg+Nf71KqhyN9dMkAOYuWKjplMQWn3BoSDLhQwPnbJxjgAX35dgJs1um6hyH5r/6SAjiBwYKuwNR9Ci6foVdzNee3HrkiVdfeu5zrz/3+qv5c1wNGLL7mM6fxintp5xXquBQfOKh4bLMi/XghTF2XfZFjwyuu8Rf4QT0q/U6/wusjrFw8Yem3mIbg6m+tjrZiWuy2098c03Hgicw9/Kj+eTLrT5h0gkc5QuE+wdiqi9FEGJBgqZRWN1W5QyhgeS/UxolClFIVawmQkuCOGD6QGiCxdix44SgWJhHpl2zLJKHGWgI90ww54YwSQL3fXH2i8rMGL1PmyjOCHnCyZtVcVSGyLzW2m3DQZIqKUQETgKzEjWmTzLS36IV6de41MLiWtUQiWoRh8I7ESoTsvYWkROH2OX/uvwBoBPiEtNNcpZ8Csrb4XA4HA6Hw+FwOBwOh8PhcDgcDofjNwHWq9Vrr7zwi7/0bfqCszAIjg8JbKIXvP7qC6vhgakevPPOO1//+td/7ueIXfSn/tSfyp8XJ+zGfbs9Hov3mogElYEi/sfiK1x4Tnl7usTEMEWQ6lKugMXXY45XPPwaIYkUC0eQwMYT3XpZLxKuOARcoICCEuGFT8F6JiQj01hWzBLZxvXBErmixh3RX8VlqwIbWPzJi4TBsdTeu1WSrMSlJ4icxMUEFy1i+XJA3FHGSSHfcBFAJJZBLu8IIdKHvsMu4jCsrp3cfPzxV7/6Q0+//uojTz7RrYZJXl9oCKLcgJJFrKVRg+nAPKQRhpJXzYuUz+T5nqYieEEaJwMhxo5JJzNqSBF0wGM3rE551luYSONkP+52yjhpAj+pHgfU+9b0iCCMClHgpzW8jqDhE2BT7qF+gNpRcKEx9Wc/5lzLuRfCFOm0zhqESNMscl++lC5DlXZa0SRUTgtRilTwArpSY67e5h8UoPkraJNq8i7tEel5g7ayNDHPQ7Q/mpsu+wQMLW1u/jicpeEDZhQq90gi5HBzCnjPu0HzbpEVa6CBcWCClG+Q3tHu2nVx6FddzouUIrFPROimJfM5HA6Hw+FwOBwOh8PhcDgcDofD4XA4Hjwef+yRcRz/xbe/E8zz+qnYMf7wA2xT90svPHPr0ZvhAeHtt9/++te//vM///P580/+5E+++eabh+fsxh2wKAQLmgB79syXrE5MKIwTuUS1R4L+WM6ll7aoJXPH/sGHIBvuk31szuWAHeUgSkwU2fxu3BjjbDR3xZZLIpEX2hSoDIX5yTmsDYTqyZWjKA5gDQ4hpwWNISK30GeUlAMstE9iTdkxAskH9vl+LGBGj75lRT4yEXcCOmKIsPhHPZ0i7LDYQIz5ODFOoMtnZqcwrtbYhxtPPv7ES8+/9oNfefbzr60euZZ/oqg3uykpD4fukYTixvdNqaWVHGTOUS4BkEbKnrgNU/5A6iYkhtAN6/VqtVpwTVi4JCRURksJ/bFQ1lD5B+KvhGlKY8M4Cewux3l9q3GHjM4iiF1kgRVqTZ9u0okIWoTQasJcSDIgllXClAeT/X6aSOkEmJoAEGZKSPX6yhorhRDnfQpimNMzmHNynNRWEvvpg/A4ltWxAEIlXglvB2BGy9KTwjwvw/yE9nazNqUskHDfSa5fuFE1x+MlV0Y4QpaxP01h85l91/e5Y0ncJWtYIYm9QwxEt1QcDofD4XA4HA6Hw+FwOBwOh8PhcDgeHjz91OObzfrnf/FXsofV/TgfBhoWQBkb5Id//bUXH7l5PTwgfP/73//617/+C7/wC/nzm2+++ZM/+ZNHT6PQDZFVBoR3MgOH1zG/sQiNiAO5jZQQyn5+4MgHGMoR0XuZk0rqh0NGAZpXVH5JleYhvkZcJK6961Gfa3OCbrqvBId7OamLW1teqMYT4Z32IsnxsAosfChkz77SDFCIGmCxb6LRfsgDjKRc0LFDGIbTzXDzxo0nn3jjR37oiReff/SZJ8/TuL1ztwsdMTZSZL4CcThQCk4ISkvJAvWht1E7QmETFbkRxHEcURghuaF1XSTnNFFPmPfBbKFEwhsSKcZOFHGS0Kr1RD5Zg0tNE0unpHGcpv24UEapn+1/h4iSCEY+/9NNOrkqJDOIrZOmnHNpCqRaQTkZazwt1e7QC4TKJGUsZdqEdjENDDkXa7SW2DHrQGg+TXCvJWPhgeGQOPIB9FeSRCMyNlMQzglAQ64pSjANV+sizo2QcVoxngtwee9Zb6ZxfChFKlXEx41HNlORmpG6jvDJrCAR65iBVf5JRp6cG33segrfNQkvslQbh8PhcDgcDofD4XA4HA6Hw+FwOBwOx8ODR25e/8Evv/FLv/wv333vdnB8UBRlkMBZ+srLz62GITwg/MZv/MbXv/71X/zFX8yf33rrrT/9p//0RWeSzz6C6DMsf0N1cEYmXsRGqSOG0DJUwKLLLEkEuIhls/j1YN87qMCBkBzsfhyMpfFAi6t57uBVp2zzZfEqODsXG72AmZ+0CJxobghRoiRVqCYqjJFd6V349CMeaFhUZpHlQ8sVyv9F9T7nerNedScnT774wtOvvfr0q/m/l1MPU4w99EQvGKcxBZPKENZPAtFKQTysEfIIuMg5TgySJJIkucL2PYkhUL2FELuOD6fIN6BHU2SSRR0DU5aYBWOaSKBjn/9PN2dJlkJpuOBDFQGRVsMaJ10UdMKO+KyQTo4wJyBV8oEycZQ9kMs7Zx/JnChBIJ8Tsegh0elTubHerFA1ookmHdRIyVog7R3l/hRCRpvITwVrEhYhhIzCZMf5mBAxrLtt9XmEU7WUk2oigx0+7iCgVKMTY/e5v4xj4R/mmqSGdBiOP74k8Rha5ZtE8ZWU3cctCIQXFiGWDtyy4UjkLYfD4XA4HA6Hw+FwOBwOh8PhcDgcDseDxWoYPv/Gy+/fvvv++7dv3znbbne7/ViiSzjuiewZWw39er26fu3kxo3rN66fhgeHX//1X3/rrbd+6Zd+KX/+qZ/6qZ/4iZ+45ORhtQLbVR4qlcTiOTDjROIbtKEcAoTWbQ+HfuniyjQGSYvZrcoRUTGwH7DcPEJ7tqWzRoWJobpxW3WKQ6TF9vsmuoO9i3i7Y1XdCGDvAWCOzibeiP56PG5E/QKHBx8GlIzCZciOOapnWaRBiKYUIgzXTp589cWnX33lpS9+6dFnO35G3gAAEABJREFUnl5du7YPIXceJHIxihBClJhFOCWqWhxRR29YaDxYMkc+pCZtXPNCTIwmPdBnDITQhOfgk4QSFLCpTEINiVpBalGxvsm0y9hu8ye9dVAeyWEepGSPktoQJRoVR35RXgSUengl0slHyZL4iHzwYDI++rVhLSh3SBle1hJqZksRCF+ClHCUGgZFt6QGphJmCfEJsBQKt6+mMaMpnggpTps2cYImIT0E5am1EV4eYBvjcE6zrqkcD/r6RdylEKyYLSJkN2VmYSjqH0y3Y3pb7Y+IkBH04sILlCJD1hyJ5degBCsRaJpKbwfz6ESockaVBjRLPjDNSH9M9kKovbIoUGnPCM2j0QpHCh2b26laEFeVpORGTRg3dwgUL4sofcJqombXDUMEqY1TDZnltBOHw+FwOBwOh8PhcDgcDofD4XA4HI6HDDeunz5YtoTjw6NlnPzZP/tn/+Sf/JOXn9/FDog0wpwAc/xDwy3hffah+O/FcWlhLYQ8cKHrL8EyiAo2fJMU5kyHokaiTkj10mIKLU2liBrE0AaY0J8RW4YEhvacJgqFRo/Rf6M9NKgbkx3Bhy9VxTmghNdRwYVjJ4dQZAVMGmDGC/io9uq3qi2zpM4BiDPP75xtU5LMDuNYvfeRyRoicNLn94jQYR+79er05vXHXnrh9R/5oZe+8IXu2rUJ4pbcyNgPfZpSZNIFR0RKygrgWDcWQMNiHaXjtIs2/SJhMk0jpSZS5JrVetUR6ySnI/KtyEsPwkwZJylXYH2IGHPtyZdQ2BIspW5KNfme036cxjGUaC2cTcXtLr54kVeRCE+Sefm55BvPjYekTZR4wldBqcf9lYQ3PipxDvzI+BaX1kmu6sh6FFEKL+kVRAUYE06JKUmBYi8h0yOwMoywsBCCMHXyX64inIGdEi8ol6UkOMKW6snwPbk4iHEQZnVeWz0zxOR2H+DV7htt+Uo9sbJP8iyuD6ragiIL05A8+DIOp0PMJWHOET1qojhPIYg+EF0aJRiVxB2SJzERLxZyh+ZGSszYSFWXCVU7ikMaJemKAVulE8uZNroePahrqDMppyo3QPktEXkFy9W1y66ME2tL2hyUJGQ5lrSBcdqCEpMiWDeR3zaiEAnzcwfOhRT7gcYp/gzKxZm6Q20uh8PhcDgcDofD4XA4HA6Hw+FwOBwOh8Px4fC9733vrbfe+uVf/uX8+c/9uT/3J/7En7jnJZH9e0COeUgT+RlnvvKq3FC3zi9vURyXzU/ZT4zKWSkOZ9mzr45/9h/P3OTqiq2CK5iYb2IRTaClnoDpi8h9lDhSuAJRLkoA5hIvT0qNHEJ2ZOqjY+HBSPKqEEf15htfBRqPavnh0J0NizvRVZ0+sOTkR+E2haPedDz4kl3VMyUZVXVpuUSR3N7GI2BiD5MH2HUOcRhygXTDsL51/ZnXXnnx859/5pVXbjz1RFivt6xDwvoHwP5t1gQh4o7qHahgQ2g0X+SXEA4ZM8U1zx9zAkQ8Q9VNOIJNl/9fkp3YY04VTNVKlJ0kfBCpelRVqFaERLSIJBonaGwSJTZoqqrug4TyUbUGlloRURMQmkkXJapOETjRh/PHz0h4nQOoNAd/1qzRbEtCy9Fig3ikZEtknFyRJJ+Es8P9j7LFUHokplaAkOEsf4X1w8WTQgD8aFkkHxLWl+g3uPhE03W5hJZUGVLL4DggrVHlZtqGTtzBmYaJ9dxN/4DzS+4PbT94BSjjpLm+iWulKQN9zeWl0vcYw4975q7hAYKyEh+m8nc4HA6Hw+FwOBwOh8PhcDgcDofD4XA4Pu347ne/++abb/7Kr/xK/vzn//yf/2N/7I8dPW3u+BNmgOxZB9k6PvODHnOKXuToa4NKxLmKhlARhKmBF7llxY/Iv064EChZJGke66d6QxGUQqG/pxkfBGb8EAgS6gObRDbvdok7E8PFDuWHFzlTJigkl2SRhBoKARBLR0k5gOL2RxigTyGmLnanJ9ceu7m5eeO1H/7ysy+/8tgzT01dPMMxpHxWZ17yytKoQYga2g0q1QYK32WWxhLIJZQAI5S8YbWKMbK0SVec9TXmDkXvCcIJkcfY4zqJW8JaEkAkpmkisknGqOHD2qhSVWoHUW+OymihW/OjOYqOakxEVTc5js8q6aSCs2nK1SqQDs0upX1KY4wJmHtU1JAWl9hBlJonsiihMjBKPK4idUSUlKC1B5oAPbPQPw8DEPFodcC2E7qCtk2h5izfzvSfQMWV0Dh6clW5OSgXCMDyMXx8GXUYlycWkpD2CbNRJ5bAP0boY44RcUxi86LGK4wg5LTCprFuOiX8NPbDDofD4XA4HA6Hw+FwOBwOh8PhcDgcDsfDiV/7tV978803v/3tb+fPf+Ev/IU/+kf/6NHTvvWtb33zm9/8sR/7sXJkLtEQjwSKwcW/y8/trSppQB3HsxtoYBV2Rot2BRT/o50pgii8nz8wuSTO3Y01rcEoJMgUCvHDstYGLtOMyjUBjmehvlqVSGlTeJWN8wBXPPEAypBopAY+sfAQFIwDoaXfSLZKgozXw9E7SKSG9CWodIh0Ecd8sO+H080jzz7xzBffeO6N11783GsY4wQwEQejI8IHTsQFSEzzYWYAzqInKSzIiHwJh7wTeiZzVpDTJPySfiCYvojFuymnaZ1pY4MoosXfkDNZiQOFcSIyJ8VNXhRNhKQiv0p5ySNIXIVFTYR6EhqhiotYBJ9p0knV02AFmMT5Ne0xjXCs4Ot1tZhQA+boPzOaGpUNNWQOtxK0JhgJCR8qoknF5an60PwIlNZCddRyQAJ0LbRMDh5oBJDmJ/jQqbkYi5unC7IFlfiWmBEmF8b8NdeGTmhpTEWR+hFF2eTwJg9nTXA4HA6Hw+FwOBwOh8PhcDgcDofD4XA4Pm34zne+89Zbbwnj5C/+xb/4R/7IHzl62re+9a2vf/3rP/7jP37wC9TN8pXgMXMdovE2UrlCjjcnozhAlVHSaIZAI1sRZuFmWs0TxNm+fWacSGCdI9yMliZSJDbsCIYlKwQsroTuqW9uAe27AtyTB4JXOHLPOzyYHfqm56GfU9WmaXhHrHeiKijQwdBvbtw4vXXziVdffvnLX7r1/DObm9envkt2BpLECKZEOiJMJkoNtaXNGTBlA6Mimdu8hZFDiP9BYWyY6jEMQ9f3i5A3LSOkxtkoFYllSOoNRXwlNZ+XNbzyV6Ypjfu9SDMIcwUsoE9nwXRwIRd0DJ9Z0omIZzBBSXgDOU/HKe2mtCcOQZTWZtUsmPZGld7g75yPHN8qMqdAqVilA+JyClIAOdel7or+TENte4gCrOB9HmdI/nBeSvMJRedFfwdtq2gcDOHK1foHwrQrjyvhxCrZ70FxMy5vIW0fnuRsYpxE4b6FLuQugL4S6aTrisANthnkpBOHw+FwOBwOh8PhcDgcDofD4XA4HA6H40PjO9/5zptvvvmrv/qr+fNf+kt/6Q//4T989DRhnLz//vuL46o+Ip9ReQmMZfCb5gMeIRbgwr0qvtTZ/vpCR+G97dA+gR3SIoRhQiWg8W+OuBUPk1Zc1c27zE5m/zXqLdWVW1Q3wJL/EUmPpMbb/rCA37thArEgSfkShNzD/t7EPBLy9J5uVjdPn/3i51/40uefeunFx555Zko40c8cJynEnMlTdodPkxCLjDVUnxDkxiV8T0P0aYutZREIoyQXVtd1fd93/E/RFBGNE4mQE4xZAkJfMB2UcjelKAhPwZRRsImqow9NzHNRHZow7sdpHIViItSInACJqtOqm0BDcDlKQHkYSScfCftAVGhSQo2bksZcIDiN+UMILFxBBZuINlAukX+sxEHiHWknACUoTBDaEChnIv+vkxO5mAvjpM36MKOyPURNTtKJl/JiCs0OVcql7S21zwotOQvgsGfhmxjPzmo/l05bL+d9870IU1atK6urEaOanTM//4j4Ty6/yVLSHidJJVC5KyHigcTlIapb0JBLPFJQK1TGoMUUCg8P18jhcDgcDofD4XA4HA6Hw+FwOBwOh8Ph+HTjX/2rf/Vn/syfyX/z57/8l//yH/pDf+joaYVxkr34X/nKV+Y/VvUL8eYKFUECjaDpcqBRN8JSqGO5r14OTUzgSO15qHwP4nawQ1nFKoovmsko1ZUpPJSwlJRA5cksDtmroFFJTGChEB/E/ZuCyak0Ptkqk3FvXyZY2so3OHDpihP2k/CAH3p+Qys8M0uWOrdDCm0mF6c/53XEricVioCr69ceffapm889/Vv+zd9x7fFb5ztS/8je4OwFHvdC4BiZd4CRveWqVVBc4G2SiviCsnpadRmc+bWJPUJO5ox+tSKNk65rbyV8k3EknoPcgskhHYq/unlrDdOTklFP0EKzCBGgaPeEegIojUIpL8PAPnDomXRSM7IRxrlEauEzqHQiLBHJo8D1KGi0o/2YK0WaWLlEohZBG9vKohhpHKxOVGhI76SbdRJ2Rb6V9g4QRFymJRNVpg8Kpcl6jYeMiZAaxsmMkIFQSDKiplOVSlCoFybgE4yKAx21jQhtRVw8TW+ggkJ8KBnVbN5NLLrUGReEy05brWbqjBE21y8K7W2ZCAYDccSiBey6uIGAUg/bTMq3ye+Z31CIJhxnB3MFICklC7EkZ+ecwJhrSXA4HA6Hw+FwOBwOh8PhcDgcDofD4XA4HB8Yv/qrv/rmm29+5zvfyZ//yl/5K3/wD/7Bo6e1jJO///f//le/+tX216TuYKabCKHCPJAkJSFHQmiUBMRnWsLsdKjSBwLdIZ89+FP5bh8Q1GM4tT7QelkN4tMgFkUUdqWmw136+sjGs4ryKKj8FDwi8gANe8A8uXhPpkgriXJ/Ls8mLItqcnwk0SFIeqR9l3Akngb7/TG/JTN/iPCjDCDmETAhg1QFUq4i6/X6+rXrjz3y3Bc///oPfeX5N15/786dFOOw7sYxaZwk+ZcyNyplCTHWh8/d38LvKL/P1WTmGifYdbEfsteaCBtCPSm3KBonQiVRJRLQoCvQ+OIrPyGfONElxnqpGhnkjhe/PLNYKAeC1hKimPDNA1NPylOWEArBRRyAfJ/wWYSRg1BbAn3JxTIiTkzaKtGTZnyuAuZMUE006ZgoCheh9D5cf1BpGRCJoNIrnYnlauQ+EB46islVcdDFcJvCGVFHjoei0hRK77y4NFjEsErcomzClvImB0rtb//iR5yHcDnVToljJe3NPyp+w9+Ig4PQA4VVEn0hOprQ2JByvnRAYXu+XW/WweFwOBwOh8PhcDgcDofD4XA4HA6Hw+Fw3Ce+/e1vv/XWW8I4+at/9a/+2I/92NHTFoyT3/7bf3v769nZeVLnOQjvAGAe4eEQRfkECmMAmM2gHyU6TuGpoN1nUkIJtFFVGlLL8pHlOakcBAyzffb1No17ttwNUhPthZ+0jKsSZlQZwX3xSERq4T4ct/P4Eh8rDlKFrPqS/xJ7AyCRoEJC0hNA/qlfr4eTze/2ncsAABAASURBVK0XnnnmjVdf/YEvPf3yS8P1a2fjRPIndBVgiWPCIjY1r2cyCsEET+R0MHZLOOqSVlEHFr/IeRM5pI6IndDdEtFMqHIy3UQkSYjg0ok7WgkfbbCbyjhJS496Cb4zjeM0Tno2PSKVm3CgHtI4Ea5JufMSl8Qnscd+FkknLYWMGGCsD5M4C9MYsP4SZny1ImUk/YMEzJHyo/ApwYgXGljHwi+VEgmVSSQ/f8xt52MDLNoAvXO86IXanvJohZsR/ZT7NavzVSpFvyKEyjgJ4d5xdq4IxLmgiyT9eDM8cm1RPoqBWUil4CPF1jGJJmE8qqoNU+3o43tvv/fks08eyrc4HA6Hw+FwOBwOh8PhcDgcDofD4XA4HI5L8O1vf/vNN9/8tV/7tfz5r/21v/YH/sAfOHraJYwT8dx97zfeTlAJAVADHVyIuj/e1CTMf4mhIWBMJGcwuwwPCB544CUEuQqbM7F18ENR0ZjdgBIO84Oms4DtyfHo24TWLRvuC3BfFx3Ij9xbVuXqwEt9u5SpKQDL2kCKwIoT2d3Piicxrlb9Zn3r6acffe7pN37rv/bMq6/cevrJs91+O3Icm0REgcT6E5biKH5i9SwnEVAJWjgifrF8PhyQTli3AlPslUHS9RpYJzShd7LPetzthHIgXIXydyHuEixQjpR6EmEM0zgppxHjhILB7AtDBYLdViP7dIf3vyfyJfJo5bFM02eQdNJob6ByHHDML8tBjCSwFdaShsPrAhOWhB/QFdEb604wmCAHcZGEdKAkhlYR476b6cOKou8CVuNFHUp0g1L7nlesi8TpaWROIJSc+3izrEY4UkQSU5oduazY+P2lS+GoOiyAEyG2pC+JrWPReKi2RSYhvfv2+08+++Q0pb7vgsPhcDgcDofD4XA4HA6Hw+FwOBwOh8PhuAJ+5Vd+5c033/zud7+b3XB//a//9d//+3//0dMu1zjJnvdApJN3ENh9pwyCK+h8YJgxU6rORwrYsDdIv2AmgHGMFBEP7m2+6hlhBfT+oqlSExmb43pqQwTB9u4Wr+MjwSHX5DL2Cc6EQETXA7CRZ/locTH7BIQUIGygFLuQ/+vC6vT01nPPPv7SC6988YvPvPJSPN2ELr57+/Z+N5EHOHbM3FAVhULyER+y6toAUz1mFJ+WYyCpEoWFWUqFpQISxSb7jJl9EiwfWdtkGkmVZBT1hGgQZkJGquQWLCF4gl0ehNiiwXRQKCkaT8cOUgiX/NhOwb5uVdYIl/j6cak9oXSWaaJUTdN+v/9shtcJtYahSJxwFk9CMgDlT4gaDjbMCSUEUGcjDKMutjIc2NxZSzd2KnZBZKJyPHwaASVw2T1eQOV6yveZgMeSBoWXPOswltjHxDtpYobFSuNaMk4Ul+uRyJXUIFn4iLlnRUsqV5wlp4TqXcB/8c9/9Y0feG273fX9SXA4HA6Hw+FwOBwOh8PhcDgcDofD4XA4HPfCL//yL7/11lvf+973svPub/yNv/GjP/qjR0+7nHGSsd3t899v/uwvTUn8kbigeYhX3eIzKLUEJDxLGz0Dyy9LAKrYCYRKVbk8MkZVXWkOlcgN8k0+pOpChXLOnFfyQeVLrop7u3EX7mPEjyklx5+4OIKJmQBaDOT17zebW88+/eTrL7/4pR949vVXTx59BLru7M4d1hKA2A9M+NizigndJRqlgJzDSW6jMZaULaDPvCozgMUMYk90k77jiDnKBeGax3Ik+/w1cqSbVn2kBNNpX5O1NoKwHUTuAZkQkTgszzSOQjtBZpwE1iYRB7cE6+F4OqRyEiCGK0tL6LMR80P2u93I/Bi522eTdCLENK4Tid+a85SC7JQYSgBNPB3joATtPZQ6NAibhJgKSfsFU04KqpcCoUpdYGroRfciBD14QBF3aRkj4SLiW4T5hRfe9J5gsseFhLbIYiFXQxGWCU3TJn7Z/Hc5p2iRANPQ7h1Sp8WsHFEKndp61FBMQZu08tZyu4UpgWlgwc/8l//0a7/vv312vrt2zUknDofD4XA4HA6Hw+FwOBwOh8PhcDgcDsc98Eu/9EtvvfXWr//6r2d33N/8m3/z9/2+33f0tHsyTjLOz7f57//1//VPhMcRQkviYJ2QNi4D1BPar4ihOP/YM5jsN9AILOWeJFdg1JC5kzGE6iDFcEQKoFExCY0zt6a3qE5glVr5BBgndnOERu4lFOWVj5pxsswXLQ6wiCM4+83IPSgRKewHYnnQn76Lw/Dos0999ff87pd/4Ev99ethPdw+O9+fnw0Uc0fUK9I0EeFjnCYjH3VyW0jldSzfm0QVXghSAAy8xJGefcvDatUPg1ARAsfHKTIk4zTmD33XS7gVOUEfc8itUcYJQH1dEHJEmpLIpXAhjJKYIprCnJNOo5xEyc3KawkXqDNALAouinG/L6Is/WazWq8/vaQTaNplQ2CgZsaiJlzd04QkRZNGOiJsH8on0qdQrhldTTwHDbwThEvQEx0HIlGL9P5NWXJ4nYk1ajrWnKGcHUdW55FYS0vVoPbaoEyiC4Hhg7fDRSWAuWoJ1/OYRJJFHkX5wfQtjQ/EbU8aRu0xA7emGjSIqTXUk+Zaq1Q9xI4IOspYWWgF2dNFCYZyX7pGlpbCRfqxlNEcxPZqvibNZ2KPAAvacEpG4a2JThLfsBMCWkJ9IxYoIbEgZPaLiKDwTyRSQq8Qk0VRSsF4SSqbJCJMJUlCB6NoQSBaJyypBJVcKPmK+E//yc/lvNrtcvObPMKOw+FwOBwOh8PhcDgcDofD4XA4HA6Hw3EJCuMkuwj/1t/6W7/39/7eo6ddhXGS3XO73Zj9dP/FP/6ZYG5ScdlXKoduite96wKJoEGqBkU/Q7zM1VENtr9fHaTVr5w9p7gQMUlYrzmOi34CbOPsBHFXlpOPkBLYjxnuhUN6wcGt5Gtq3L/iEE6VOoNJ+TOVuCC5Eu2Czm5dmDxw0YcS0wZn4gJVVoRuS/wOchYDE0KA/cbDar3fk/s+53z23JNruY/dZn3yyI3HX3zhlS9/+fnX37jx5JOp77bThHdSdvAP0BHThH3O9ODIbvQJi8RIEk2KIAo0iGMSvkfgSDf5gOiRcHnUIkENtCKO4hIlZxAnteQK8VxUNyMJ+YSEVWJUEklbCVOKpnSiIXXolbvyWRI0jfQiaUz5A/03YewwQh+UD5Tv3sWup0dwao6W/mFNUJEVlmNBpsiIBkf+0HXdMAwSqYeoJ+FTA7zsuJBuoNBr9CdkghDryEyonB/LxCrvoQcKV4AFbTojiYmekpalUkLQok9xEB55Vgrpo+BtfZJQQkkVAZkHEqoA1YaxyEJaq7HRh7m0h2zvdG/g1U6zc8utuU9rjgtJBtt+rukPlQGmLXd5s0UWABjFUZg7LH/EvRp/EHUlXF6Wf2c2DOy22//i//xf/hu/+19/7/07j926GRwOh8PhcDgcDofD4XA4HA6Hw+FwOBwOxzH883/+z998883vf//72RH7t//23/49v+f3HD3tKoyTjOyey3//N//xf7bb7gtdRLUN4pH9/EcYHO055lgsW+jZgdzokzQ8CnV68h1SmGmoHMUVPaRXdqR+JMC581boL/K3knbCjLByUQJh/uuxD3Vzvz4bDn3HRMERQQC+AjsMaZyyL5e0SWLXpzj0J6trjz362HNPP/nSyy+88cZjz78Aq9XYdUh8kUCyJuOEEiqFuEAYiQwiHBEiCdBXEHEKCrEkkWrQThaxGa4AIKoWQYUIKlWgkE2YTdAJz0N+V76I3rFyO+S6i5hALQ2iEFCINDPRPfh1cBqJy0Luabut3g2I/wDzkD2Xk06gYbrIB3mcfO2HwaRTRNri00Q6mdcmbP8RTYumgxAdHRbCYUoPV5ok5CPsjuegZJ2GTBE9GSx8k/JYzlgLo6PspMCiH4jwaWGcFGEc45ngoUTKAjWoGF50z6QaJQ8Nlh0QCFWoHLNOQX4rJ4Xj78hjDBbFKqkokXknJBFzcAmI9InhP/5f/Sf/+te+en6+c7ETh8PhcDgcDofD4XA4HA6Hw+FwOBwOh+MofuEXfuGtt956++23sxP27/ydv/O7f/fvPnraFRkn+3HK7rntdvfv/oP/7fK3A69mdQQuT4H2CCw8kAAz0kk48pwP5kJ+mPyuF6HwQ0IrD/CBMXO5FvWTRufEjot7FjncD2lKJOji0BEbpov9MDzy9OPPfemNz//QDz73yqv96bVdwvPsoyUvP04UF2aiADREzgDRn6D4JhTWA5gfMosmI0FKmNtRGRgUcYacxxpqI3JoFJNMUXkT0rnoulw/SzAdCeKDKnGS9D76Xmj8jdi+PeiF9dFB7sUUEI5xMxEhgugQVAKsGlGD/kChhhhBpKWbtJ59XNBfjERD6ibMNRFE1kphCY+oYXf4rR9+0gkea50iUYPHtSkkUA7F08nvL3QTCq9jxUxyPxpWi6loE4nSBBayAC5+CqyjtTWCMqqa55RC1SKJxDVJhQWzpCM97OCG2MGFjDPpHSLzVIyZxSy/NLW1UA4akeUBgXSqULsZrP8It6aSbLAquljwHMR4ccpLh9ZyzDqKxyMVpRJypE4YzUy5aYEZKm//+rv/t3/0n/+b/73/zttvv/fEE7c+PRXE4XA4HA6Hw+FwOBwOh8PhcDgcDofD4fgk8PM///NvvfXWO++8k73af/fv/t3f9bt+19HTrsg4yZ667JjLH/6X/+H/8TfefjcYmSBcjQgiXr8ruj7h8HvxXatfGu5XoqSmEFJ79GFyM4K4iY0SEVgE5YPLNECHGnuEv4osSOPaJd98LkeO7sOCEKIKQcFxeuhX62snp4/efOa1V179wR949nOvXrv5yH6a7ozjmHA/TvmkkaPPpHHCKXFOVqc/mJ9X5CfQ4tekVOMrHakM/P7YAFhWJNdMiDH/zZ/yWcR0MfZGSyIJzDsxJzu2yQCOaMPnUGwNYZMUdQy5WxpJ3URYLEI6EdEV5ppQwlSPpAmpc1zppHzlVJUUiiJLzj85P7+LhNQRIou+Bf/0KQ2vM2OcMBkCG5URNE2ZXMsmJoQgF0mV9EEVhKl8gqY6aTAVY2Yd6XNyNkcupJqbob0kfAjK2seFGfvp2K8qksNfi2CRfcHFT/KCfDcUtknUIDMPtJc7kLda/CiveZhIqwYXDhtonY5Qbjr+JmyzECx6m9Sb0gKVeSI5Rc/4R//r//TzP/S55199Ng9vjz3mQXYcDofD4XA4HA6Hw+FwOBwOh8PhcDgcDsXP/dzPff3rXxfGyU//9E//zt/5O4+edkXGSUZ2yWVf/3/9z37xf/IP/netJofhKs5cuMLBC9yjgOolvPSsC/BwOZobVBmI4lLHRokEW2EA+Xw/L65b+kFpJxQ4hlyxGEkiQQQlgILhqANbZEUg9sPq2uaRp59+8pUXX/6BLzz/+mv9tU1cD7e35ywsQiIU+W+i8DP8nZgefSEGRKN9qPNbfL0mRlLSVlQIMBuWAAAQAElEQVRJFj5lZAET+Yn4Jl3XDwORTixkivA2SFtloW1RPjQSB5qfKO8alfTQxLjJ92HNFJSPLSEmstAEc0w68mfTka7Ewakv0sqZNK8RzNOdUzvu90KRyTcbhkFySTg0+QUtLEzFp5V0AtDKjyQ9QcKfCB8loXJJuCRml5OASeRqSRdGKi2qkvkKYV7FZdE2D8ZGGKfG1pH4Plr2xxL8YLCgmNyTcRLCgUxTFfcoPYepBoHmcGDGSewertg6SheyFInqyDKFHDIHLuUDwvxz5P+CRuqS8jYZFX4aWiWZuB12sUbS2Z1v//3/4f/i3/7733j0yUe///Z7tx696XonDofD4XA4HA6Hw+FwOBwOh8PhcDgcDsfP/uzPfuMb33jnnXeyY/unf/qnv/a1rx097b40Ts63u1/9znd/4s//ve1uz+68mWcODp25hxvXAY6ImMxPw4v8yhaYoX65Dzw8pBM4HnskgAk8VEUGYVAgViLEfXFtmGtRo4sUPYCAUSOYSFSdRN5d8suKi7qLJ7ceee7zn/v8b/nXnn/9tXi6Pht3+2mEszE7cnc7kjbBFMb9yCIVrESSr+n7/Cd2HUc+oTIlj79GrSERkclUSYQ+UqkhjcCBXCV6JLEz9L2E1FGpAtY4YaZIWogjwEEUEdJxwcY9n4rkCxbhA0rhXqRNUqGw5Mda0kCi6QD77gvjpEhptIyTQrUpeS5JpT/7PemXDMOwWunN7VaHjBP8NITXEQiro2p1KOnBFG8mYg8J12TiuCbEvkEcOQYM1WvRJgldH6o+BX0nxgiySgeFIMp1i4Ruur5DI16JiomwkwqhKRokqEz+0HKdrHSjsWEeJBZEk0VVFsRGS6pUzWQENK2FzBkTsg1S6KJE7VNPRgo1czVIR9Omp1C6PgyMzLbUY2kfVPt0K13l2i3UrHDRdVIV4d4mqiASscRirih94Bqg9QmhCW01GZ2Ne5nEoZuGXCXef/v2v/vX/8HX/8ZPPPHsE9/79bcfe+xm31016xwOh8PhcDgcDofD4XA4HA6Hw+FwOByOzx7+2T/7Z9/4xjfefffd7K3/e3/v7/2O3/E7jp52RcZJ9pl///ukcfJLv/Iv/9T/4O9JhJ1j7IcDr6n55su3mdBFQzVorwnHHZ2p/G7/3pt+0TwR6n0gHNBlroCPhrUibtN48U8zH6z+wAlGy4Cj4TiKSzqwHkQTb0YdtXa5xHwBZDZG4ogxAH2/HsLQwbo/efTRx198/pUf+NLTL75w4/Fb/cnJRJyU7NsfA8uC7La7cbdnukb2JRM5Y7XebE5OAteTrovyaApVY4yTfOqedT5EgqIkVWVLLLBGvpWmmgVFhmHomGtSmBmFv9IIWMz88scEHTSii/w8jaw2wrSW/Fe4IPm/fBalM6DSFexupHCSX4nVTY4GANHzLbKPXItNUgsxJWcS8N0kPBA0DJXY5Em5/6dP6UQ8+00omMD+/sBxjCSs0aTBdDh2UUpKAQKo2j6NkBFV46DCOcRnoqqzeLJU5nmspmOVQB8xYyM9YBraB3y61OXKyoMagqgErzJRmXBfDLVy/w9w1SWQnF906TWB84Mf4MFElhNpE86VSPWGOgz+AMZglIFIOU3tkEA8Fa5auU5+71e/9+/82//en/nrf/LVL73y3e++fe10c+PGtRg/ytxwOBwOh8PhcDgcDofD4XA4HA6Hw+FwOD4VyD61b37zm3/8j//x/PkrX/nKV7/61YtO+6f/9J/++I//+CWnZQ/me+/fvXv3PH/+f/9X3/zGX/kfvfvunXChY/fwyIHyhLFA4EPFL7iSR7VhnOCHvNUnhYZw06boXg7qBQElNbooEjIHJUwJeXWJ+UD7+0MXRDsEujD03fXT9en65jNPvvyVL7/6A186uXmjW6/Xp6f553G7DQmm/bTfb0fSUGAPb4xDH/thLVokgXy2pDsyMdtCKRfE7MCiLNBZfBwwEYqWbCEaBH1PUiDC5FDFCq6ERZWkhOkJRgqZVaTyuXIYkAkmpoVBRBNNYaIPEqZnUk5CjKrXQ8obxPqg+1ukIDDUp5UoQsGC6RjdhILpmH4JcyY6EWshJZgDaZOjchLw6r/1Pw6fGBCvIv6RhDISjDKgiiYJNC5UaWwqU2FqMiS/ESTLpzGRTk7+uxvH83HaIo6xUqYG1d4RLRMJshNhWK16Lo8AS+UPvhuWOsHnM1GI65CUdKPYscjo+spwBcbDh1H+OOjvriS10l5VCDrJ6jnEUiXpe37TcT+KoJDGJ4qxZ84UXMqcwBLCq2YVtNS2ZFGQqPs4YMzFORnIbpE0hA5/HqepEcXheyYjJFqZ5kYnb5NMlgmW1MLE8ZjyoUrAU5YJpiHE02641q02/bDpujUHr4pcjTi8DtUQCnPFdUL0i/KDc9d3Mqz62Ak5Tu763/rv/hs/+kf/rdNHruXPq9Ww2azW61X/kEUpcjgcjk8S79++m//euH4aHA6Hw+FwOBwOh8PhcDgcDofD4bgCOApBOt/uzs93u90+H/n+2+/+O//+f/Af/sP/S2giVByqPiwdqco40S/l5odPXCid4OVKJ3wb/u8yMQiTkZgab7jdB+a3RQ7C0t79IAGo4WfuG8fe5So3YoZIuRyVe3HRnRdaD+3BiJGFBpDSL97kAOxzzd7jnhy2XXf9mSeeevXl59949blXX7nxxOPDyWn213JIGPbS7vfnZ2f7cZeQGCer1arre1HsECUScVbv9yNJp3DoG4l9U0Q+BLFEvDBJj6JfItyAfMKQ775e93x/4QwIsAmQ0t6WWR8xNNwmftNKD5Bz8z/73R6Z+MAsk5E/G4tlSh2nTSUkcm3oiOcQJAIOlFeYRduAWFz+IIQYYdjI/aWwNNQLM06Ec1OKBg6iAi3wcCudKNWmhBFKRsxpfkYpsySMFP5fMo0LIUlwIQkhyq6y67GEkCGdGegwzLsb1TgJwriQAlh0SYWgdNAIPzzr7ZMBmCaSZrVxQ0TsRGSRohIzKKdVUSRaFxqP9NEX4oPSaa56+yOHrJAVYCxFnB28DMB8EjSBE4kPZiwcQBODSdjo8VSJIe7IKIenNAXrVvLX/+d/8o//P/+P/9/v+e//zt/2u35r/sqj4J3gcDgcv+nx/vt3g8PhcDgcDofD4XA4HA6Hw+FwOBz3iTt3zv6Df/if/nv/8//97dtncsR8dnCMdAKH33Sn+qWuzwXp5OD31B5H0K+y5f5S6YHLZU6upDXwgABCTSk+/IPXlNwvsiiQDvKBfweSAkBx4ke9Xd9HpnTEfjh97LEbTz7xwlc+//znXnvupZdOrl+/e7YbxzHkP/txe7a9/f572+02u2+ZORFX681qs+n6TtQkgrJGRGSBRSVYR0TUTUITQ0e4F0WYpHBNJouVQxonq5XInLDTmJJsugSpjafTCpzwWUlUSIoLO2FFvlGakHgg+1GYCfvdLo18ogYSodAt/ECQHMxfu17lI2JEMHbJrGaa21q+ybuMxGVRiRfSmBDJlhA6VjcJTQgkmAeWWnBQBJ+W8Do4lzk5fg6GCblqYJq4WialpMxr7aIbSAh9rnZcGiXvlvwUJqkhlTr1B0LygZkgSviMQTIcGgLXPO9nlJpPA7emAory1NWSLTQVYZ3lUu84DBOzT2ZILJ4TLK8036hlUjfW5h4SU4eEds7unP9H/7N/9B/9T//hl776pa/+jn/t6eefuHbz+rWb14b1EBwOh8PhcDgcDofD4XA4HA6Hw+FwOBwOx8U4P9++/c7733/3/V/85X/5f/g//ef/2f/9v2p/NS9nDPd0CxrjBEr8kRZ4j0sPfzfX9jyECuouf7RfTA9A6Aj864wfgPd8+kOIo8orYc7kiULmwKX7WbgrxGqI4qiOcdWfPPro9ccfu/7Ek8+89urzr77yyNOPr66fDqvV2X6PMUwYzu7c3p6d77f7hGm1XgE5Z/tV/rRexb4TcQqWkIBpP0o0nf12x4oViBqLw2RIgsgPEEmFv5KOzkT6Kfs0iQ5N2JyerjebYVjZS2H+WYLU5Nu1MXSKuIi+PKaSQ61ugnFOmO4wJQl2QxI++xGZ72DyEFjFVyTBMfarvusj0VwkmIgQGPRxofmsairCZSniLoFZJv0w9H1P3m8rEYrd0SijhHsV8cNNOsGGEDXjdoEQaBCL0A1XCA6Bg2lKOBJJQKLu8P+rvoVEQmkYFFxblQKE2ITCmfU8YNwVkJApKv6hCUNOzDRTzuCnNK9w78A6Dxwm01EOzDrJoulDujJKAwr4IRgnl1D58ANmV3tD4X7gPHRO5YLc7+gAEiuMBIqYccLdQywsRf2DpT5IN0mMMBTWWQSK5DRp32PUlBCIOvfNf/zNb/7jn8kHiP7UdblZE3ONwhiNHBtI+jx9GZAxj1lP0W6Xqx8qSYj0snoIQxfX0G+GfjUQhWW3353vtttxzy8RE0AaUVLAbWaSviNBvhGrPqU9TuOmH042q5uba6f9qkNQMSwidTEntIurdT90Snyju3GYqhTS7bt375ydv39+njvXMYRt7rsnHBNu07RNY+LYZ7lddpC7oJxa4grmI6RmlA/lxmh6UPucDbmDnqaBB5dN6Ner/Dz6cdqL5tM+J5ZyGFIH02aAR042j56ur69yT59fkLh/+edEClHjNCaOw5Xb+XS+3905v3N3d5570GcfffLWzUdPNuucqeM+d7LTbtwJYzQPRBL+LFroo0LD4sLGFGG73Z9vz8/Od7v9KMHbumGVu6BcJPtxf/vu2TY/OMDEXdVESaBhIhfTyWq9WeeHdgA1iBqVcqRQcGfb8y0NeFMXKCTY6Wa96btrA6uAAXHqopAWmW6YE0mxozqgXnAa8wjIgeZgHPN4RGHGciZS5k+73bTL5b1ZD08+8uhjN26sQceP2MVSmUXZq89lkcumD+tVT0Gmcjql2VJ3mFjPTIwf1JpkJkJpaAGbz6UpYXwIO8NFIvEDEQmPXlRvVcZpMyDOt/t/8cv/4qmnn7p5/RHgmF/VCsF7J1JMr+Zg5QgWqmkRZLsc6QrnXHgfK89cR/IIDKshW3b/5L/+mV/85V95/pmnf+sP/vBJ7iRQuZwUhIwYoVOoTFjqMPOFu2wM7rar9fr05DT3CLm9lveSl8qNIvcGUaItyuVBI1wWO6mGg2twtHAXL9PF/s6dO9/5zncef/zJ05MTehFhBbO9YffpRLwqd4LvvvPOd7/73dw3PP7kk+v1RpsNs1LZ6iADMHe+79+++2vf+/XVsLn56GO5N+XggfzOZMnF3AfvxnR3m1tliqRTN0gHr8HsQpVbyzfHYfXOuP+Vd9/97vn5eehHJC6jRJbk0YFvyVRyMkd3u5ynfYy3Tq89dXrj6es3r3VDzrUBKPQlm6yIPZEfo4rG5auSjFlUFSe+JUW1jBOE27l/2+8w9wi5++G+ZpKxn7oqqgEJ4l2c3p3GXzu/86tn797e7nL+JaJur7jf6ImxmbN4s15dQ8NoUQAAEABJREFU2/TrdewHElfEoi9Y7e9iV/fr/tqN02vXr+ef7t65e373LhdTtzk5Wa1W+ZTb771/dvcOW9Ao9HetFfm2+3F7+727b//G7Xe+P23vdrCnkqEhRlpIlEymuQKZ3zlTcvavKL2keUchA+ndQWXONFUcRLNt5FKnuculCYeeU9+g1LeQ89NatEUVpPFWav7EQzzy7TQvZGAvXHLJGwneyTdJJaP0tsn6llLTWZdOaLK5F19z+EMeWyL33NJqkk5suAPPr5BHcu4KyHKegor4JQmKSNaLdjnafKBtXyk0syPKXx3z8qCeLQbqG2gsw1xxoZ/gkW54/sat5x576vrmZLq7xf206VZPPfn4ozceWUPHWcbDOvO8pUUz157VMbNRgeN5ng/ux/O0FzVD7QWSSB0iGalhSmq1ozKGU8hV5+bJjU23zk0jt51mVwiPZPk2HVk62VbYppTr/Du377xzdvfuuN/GkP++t72b6/ZEwyzGbIms1iH3BgDnU9olbjTZThj6brUR8xBZGpBTQ5fk1jScrK7dupn/bnKL5N0VZDD0NJfLRZNNiPfefvv8zp2T69cfuXXr5Nq13B+y0B6WDE+lPwpazXBKIvMo3aBMcGR5Ai2mJyuyamFDnVqGZpTgGffEmUd/MCfjznvv77dbnhjJsC12D5XDuN1t79zNv0plAdGVpI90NsUklXpuky/pWES/NhwHLqRWQ5nyae1Ciae66Lylu2WjJT+MZsY5V0EUCSUu52Jm0KwuLRNTZnXB8oeP1CmJrgeBCWrqO5NhmSgQZ67zXGlxlSgc5yb/B91pN5zE7nTd94HETCPvawLaZxO5AwplpEkyCeXaK28qeaKtPKVsFeb/6fKCzkdlDwToGgioMmdo+irNNVA9UOqxtbagbKGhoMAUNTVNJSNYnjdKPGAquy6YmZqNRRuUxRKm4SDb4+fZzkzTnmtaoG6f+tMVFUfP7Zf1ZqVFSm/E22/yATJYMVeZtMuzjmypTqPsHRklrRJINdAcO6F+Ru2d9SW1KtMagDzdREmROjzNKXoblt4F3Ugi1VK0iEtO8YyBLPWe3hkppuqwvt73jwwnj63W16EfchGT3S0lkKhAqa2nbBx0XEOlvYJEU+bWSm3cNtLFsmFBjLTEdl+s9tXCZkNenwra+ZYtdot6C1OaylCqe8gWJk7dFMZXcHvE+cY4lLWLZhyZmsS0qdJKKQsdPO3IPez5uLuzPbtzfn7n7Oz22d33d+eBdvQMkbq5PLfNdWEl5Veq6GQ1UlseohTQJOMqv8bE42uiDzSjky6FLTRVD0YqgLjP1hSOubfaAq0BTZHMBaD/aDQv28lwEea4qhaXw0mW/0AnON3spbVXtW5UYg2r5m6giNq0TjepJRDoA7D0taxX0RxNVJT5TpFNfRin3FHc7FZPnl5/6saNx69dXyWS3qWhiPe/lSWDRf1oS0TWCKw1lCJbdKkyWELZjAVNKG7tfOQ+XPQpJmmb2UbN+T+ylZPH4N1+v+NNdrQsiTzFpp63Oz29du3azdP1yYamwLyakHLPkM7TmJv2dswz6/1uzyM5F7T0ILZGWiePZQsg2LxB9GLFnpBy5LWNFU24+zxIZht8IxK00qNNtJCRp7u7Lelj60Q032TgTUPSTeaKlN9lTwvFpLedxzSd/lIN7CRstDQ9GcHynz5KidF0OF+e84EErnM58pmRDWbq+3q6UV4YyDemLZVS4zva+JgXOGQMzrUkL8tk2z+vHWx5sk+94cCr4Cd5/WKTbykdk9rkbJpJ/2fDIpS2zENJot6XtmfSWnl+La6h+aEDx6fmObvssxT57YkaGdkeA23HzH/5VtoztvGyoRlT2IakdZK8nrQ9O8vNi/J4u1cdXwRRbLeLqdLb+jbYbrWlASBdWkCoxrZVYK4oNHvkhdrcjXRkrHdsZdEo37OtznkvWt9d1LSzda9GiBnkkxrqqQx0YgNzNYzN4pyYyaE0bbaCtQ3LOlBtfTRqsgGWePzk0ZT/Y3Nddona2j3b8JN+mKS5yVCunzTzaDqHbLyIejeNlPnFZdTlJamcxI7rBs2JRA2ehahTNWDkOajr4JbP2ajOC2Asky5P4kdHK2RdsaT86Grp1PQtehONfB/USgqm869dCupeZDvFJptNZ6srRT0s7LRwZJV2+fh6bvtD0uXDZgK2AGJ15OnzQ+kP603NvKgdEcoyXtJlsJokqbmkuS5rjEGsAq6J0XxIJZk8wlE7zcdoQs2TVl2B45WHnhcFBxb6B50Ryk5omhVKp9TLUgh1a50uPOaZB3RDyr2cyHKzTQh97g+grg5pWqS8oe1GrLUE9ZIkqRj112aKZyYGZWVZPoI6sM9QFwbnx2UeCprRKE9pygHma1mpjNNomQ5QU10eAabEDvZM3ZgOZgGj+o1K9cB2MFWDX7rAWUUUAytYo6D5u1mkPPWhoAbZgqWBcuRRzuIxkE3A5q+tedDwlC/kk3lvPNet0lyLJw9iWRymh48hpVB6oWxzRenapOmqfwNpRSQ0RZJsBllbkFqDNjvkQVVyVywcmS8kM8+CzfAnuyhZ78qjinbTZtPKjUJT6CBDc53SWdSCxoaBEBabeY8uhGpj5TG13u2CD0EWJw4Azd9QK1XJNjEsdTkhNKESwEaneu2eGm29VgaKRWcFZl2Xq9EM4WDZWPolezspEVRb0wpXX1vvELgvoa9cLbhU6HOelKUyB6erelm41/ENrJnrsyw3ZChE1MmdpK7MhaXWcfHapAmtlywZIvYNSrLF5y3NvJ3glMfFsMyn5vuxmC2LY9afLVCG83rC4YeeVpK1Vs66R+v9Y82c5tZgfadZFzYrayr4kTQufoHSk7bn1Nc8GL64Gs7OLn3jkds+XADpJ9qmFkJxAajxqMfsglAcE1ZbbGyIstYi67g0LGZ356M3nn79lZd+4EtPPP/8jSeeOL15M7AfLe3G27dv5wXk7AYjM4xMNcyThWzu5iuz5btZn+QBlCeY9LSRHK8oBhtbbolNwUlnbToQqx0ma1pk9ok3kiVM8rAs6iZ5WpL/Bo6nY4NUQguNIjFqSg7w3SJoUJsQsK4kW/u3mSo3cnZ+0oSFRpz9xHkxSZMy+w9p6g1lYagXK1ptGagGea16qPMCFAvVZmEisyCGh6QzlLhI1jtIHJhZkR+joXyipBOrO/fVHhbtpwSCmZ+E0u0iLXmNeza/aQmLiSCcazwVB7UANRFylyizNdBB5UgUHnbhiPufF6/IVlEnOxeQWvPzN6vX4yfXBSwKWGbnjaEbzMicnYOYzIawMaZqnICNDRN/TrSGgDINlIWwILMZOOwyj4NHumS5LaZK7XqKIXfQ/4bL3lqsPoCwsA7LrNn6i1hOiICp6cs5aQdPLEt4OtLn9VFywbFnkBcmeJrHi/SUh1GXkZgQwKNsNCuQ5xSYWH4HtBx0kppzFGwsp9+zw4OnqlPQ5VlNDsj4p0aG2gZqMciNsotRZonUAeVFj0E4HbZyR/YiT+v5yToLkrUfXqsSQ5zflefDxGmhrr0rrSXpuEAn50aTV107YTugWpsaJgzVWiITUv7KFEWqWJD1C7U1yGoHtW+Jfkj8ilBUhPLScUceTUp0h+bFiTTpC2agAxd0XsrLA1GP+Xqai4POPGhBudO6m11FRJfRIqDSCdlflMcFssHoPSlnOjbQYxnmzInNPQmv7lcbAaSX5cm/+mJoFYQ94tKSyEVGxl9gG03cZghKZaEFcQoa1hUBLFmWDrLQkYc5KHM4Wn4ANdt5pOikcqs5H6SjoUB3IekcVqt90KUIvnUyD3qn01Vd7OYEqstTFl8i2NSri7mwI9VIlNzgHoXFerT2SYFyN1gKTv+Nhx0DzEa5hwZLe/CqKTwYVtPFP+m9eUxANjioBhHxqCMrv9PH8t90zHQ9kpfNUS0amVKb9XvsTQ4TBld6XbjwsNmLEbSb4OUK9gHSe1Kb6uwpYFxAaAz8KPEnMfRq0eCsK+dr1cQLMmOSuqq+Zk0F1hWi+fsepnj5Mjazx541+niglyFJu1uRpwpq/2k0NVS2HKWuWDji6qJJYl6YZmJxYUOTEzSJuYayBmy9PPuoyEvPnZnNeLEZDiW8IrsgAo8aHdFCeLk/t+6Rewb+LXFSrKMLUdfLJOskkdKbKDVWq0rJOi61gNp4u5GbNo1M5LETxmmewEYe94F7GyKdsCNzYjFCnknSalpnPEl+RNIsY454T5PkxDwQslZjCGUSJ2XDPVZ2u0jvn/gz/SwreDExz1LrvHZ3chtxCFmvxmWaWFCQk6RGCxhPkhcKIy8VTjzgdRIllHOna+oJ2jtAnSmlUFfbdC2KTH+ZVthCmy4l1hmT/NNh2355TEs265ooJmnszRkdgq1+h1CY1iG0s2/rVXVxQFs+yCIXcR24Wkv1DDqXltSSlSw1JJL9QPUvUWo53yln2IqWKZAM4HWqXCcVYO4uGbISO7jFRJLB35ZJ6CWze/Y8TXfH6Wy7Ox02Q+ynLi/cTHd359em01UvtTrVx3AGyAOo/qeJ2AQpcj3MDjsxIWQIBBnhyOzhLmWS6LbEpgGubTFXt7jiYJrZoEgJLffM3CKuam7sQ/Zcxnwi/XeexGSi1pe9M9mfU94msk3V0+ohTNqyoq3miJ0nbVfXYXI1251vu/Vqv59idi3CkH/iTRbArqt+fXKSHXMTO8PWtI6JUSaOTJJqGCe2ekW9QLT3qD0qvw2C1VxuPvw5WZdpnTboNId9GzwLpiYZw/r0NF925z3Yn59L0XOFT9IJdjRfX5GLlWg/0cgYkzZ3mMxUKKnV+s+tr3bRZVVRPF1hvqRnRr2eLAtui6UdM0FC+yiysnQmvDBKpIuGUBU0NbP0VmhPBp3tl7krd3fRmpltReDi5vkG52sfuZQTGU5qUHNXl1Myddm6XWXvGLNSpEciErgZ+XmcJF+mun5lWZDqOJeYeIniatjks/e8vIHaIbHOIpuIyUZFWLxzeVPr7KMteiYqOxk3A/eLWJdAmRpOb4jzmaOYgPwh6biTHSQdMTezwbs9m1j4kWbKvBTPl/cQjGPHP4pkJOdC5A04ZNMOVLnyaJLXgKi59hHymwrZRfpqoaDosqZ1oGTe8uK7lKn8i6jmKGq/ISOeuEig6VrDbNElBHHA5eoz0YyFZh8h7fPYNkz7a6lfD9RYmTIppjnPajCIf7D+H3TooxlHIlnfdderAzs00zYdijuUZWMrMyjtRWugOOalsgktKTYpF4ciaAxvXpOKNqsIDauD+/3i4ReDvwbIxbKsjXUhJGpNVCPMuhx7B703n4iw6YlD32PXpdjT9Ld7f3e2D2NuC9NuuxqmFaRVzDnYyStwPcpdKOgkvlh0QYaRKNNGWTdjaxmV7G9LeDyDoSlq4iqdS2vg7ovMgz5fmX3Skee7I3ltxZyzbg9Kkw/N6q3126Wq0zqSrYdoAXVRy09mS+Rs0o6CDL1c00fgSGf4uH0AABAASURBVOFTyUbEUhlkZiYWIi0T0gt2xBna7e9s74y3p+02TLdOrq8Q1gFOhW0Ry9KV1hiUWMcAJdXS11t3B+YTyhlnFgjavEKm4jJaawXjNiLHqNXztDrmQS3y3DGeDitypDGPdB9yJochxv2YtrAH2uZFj8puttt37+asyIuh42az7lcdTd/J9DqBfsB+FaZcFe7i/iztd5zqVC0gxMKgtX4ZQ7MPLGGxD8VWz0Mk0dKC+hFzma/Wm9zIcick9TF3JxIHXfjrdCkxs7gVgXpy86JsTztnaLSlbYgah50oP8rBxMTWeyc2PxtLukcx99Ubtv/3uy1Tceg1OrEdEy3RboaTIe6zrbIfd1MSLib1P/mJPDZPm/5kWK+IZ9L3XbhDdsWU9tstESNO0rBeUw+obiZ+9wjGK1KnCmrOUUp5itTRnIDYlrk/Jl4Qez/HbCzlNWeewmB2TwPZULShJ/+U1zY5Y3PWkOOabSeerSQzKWWkK8Nl5H4+d97DkF8yP3l97fqd997bZSMh99URtRupfQ53ITLYqFW0mKlJz53Eki8jrvbbyg7IjSzQHtLcW+TWFad+lZfUx9iPkKsUEVB67Sgn9rZ3sW4MlLLi23FJRupsOYmsHr7lOmELUWq+0JJeGRY4mT2vsTUzS1u0JAZSfrrU1rwEJZa6LE5NXMFp0RTF9hPyCtGccuaTB7lYGKAjCUiDyG8XhHoiC7RpZBa2We48n0m04QuJIS3Lmx2TpdRaBK6LKUXt2EGIRlyQ2RSZhM6TzFpOvNwn3aGMUp1lh1oGlZESSunIHhIdEWrOhLpPIyjjM1SADjEh2NIxpTZZ1oP1c2XiVC2PaizqSHXwQ1lhDOKb0fLDZmYZbIWkDAXNT/Ju8sdmpVK2KVSbUUhNqOucIGMV0FwqMJM4KJ1IHpSs4qMNNLLhmHyemsYolUZfIBCVnu4x7tW3gWXx1doD1+r8NXd42X9G4wN37bnZnwZqDESwVen/jnZyQ3E/iVY3KKdOGGvQRVvqjI1llII1IzKIZPVeh2reLM1DcrAsKO1WrMZm2cXcU6FMCXpz2Vl+B1nSLY22lgbYIJFaw0iyUoe4wMuebSnK+/I4UGepnP9R7jHxjsRgFozUWTRzSaw50PLjNRvxNICO5rJXcyJOJs/yEgrVlMYITNvz8y2RMpN0cImHB1QzvtiekMxEkKdPvCTMLxbtDZFX1aV3sMlfWVqQTQ3q49IGEcOsYWjP0nwHrSlhUkPALqjrwFCNWSwcRxqskxgwdbIsxjZyNkvD1olSWKwpap+ATclahWlwtXVXsMEFtFLxuKY2lnQNlWIXrP8rswUIoVZN7QZADUGzDXWiHNRILtvONQeVW24mMxJ1XhjJQbJD+zVdihLjRvNarByxxMUAC7aqwnXFksevogsPII5EMdutcXIyEjs7U5Q6oI2RF/yxzJKsDwuo827t2SNNUbUC2IKqTAati8ZSXtJrBV5uNLaQziB5bUYHDUuaMP8ArLcX50Uqswq4sJznVKVjhQ+LagNNpYDm+6w/sJK1mQ3LVQCWX5oVhJZlIib+Igmzq9Dm2zqHPppwPTmGOoGy3IuLt6kr3zC/XG6hq9HYbEWRobesnOj4uUhIWSefvQhescVdBZfcR5YKQtCVWq3l0oMrd0EI6Gx62TASykBAdibnc55YkOG5Wg/Z7CHq7DRcOzl97JHHXnj+i7/1R249/czNJ5547Kmnstl7vt1mE+v733/nnd/4jd12m8u6H4ikvs4TE2ac0C6vqBtjmB1Mi6X7Ha+sMPOiLJORcgkH4hHXhJhaZUNgETiRffsUqWdN0ilsZusCBHWeEnhnLGtTvMYWsQy63AaTbKXgZt4zazigbADlnjgxPxF5506+Vf46Em+1rQagf3RzS57IkBWgFhDv89RlOZSpXmxrRf5sSi3B3jRyRtl2ozJNDqE9Ur82QEN78JNVOoF09VOlXprdh6VZQqmqBTSB0K2YoPUVdPOZmjrkiO2VnVrs6LbnslzTrXw2npspFLQQUQpStlmrbYU6VZ5lLLa7BOBgYL3Xyx8rvHD/gIXdMR/wl48IaqzXQcYGllCG0gZgnpIQ23HwXqgleeSl4sXV9xBlCKn3Pbjq2G2wNXPl0nqryx5LLZj3+ukcic3ZGOuySGLfWLJWppZijZul0zDbgVfeQ+yB2lfU5PNybFTboVjaoczV1QxBpePqMBZluZ2Sl2Qompn/eg9JDZh/mm0PIT3ounWesE7U4fDchFfWbCN5FG8lsLCUTFo0a2U7pCiLCB1b3rCua4LuY0PExkxQ6wuOloDuBpO5K/LSgK5Faqu3e4gGkW36tAdaEUc1plsWGGgBRd0LGXRiEYq1JNmN4soCzqM6Uw5QW5nt1ooxmFWnG11KKaMaGrL4J5uTJGdUbMDqIRE8xhGr060YpWYf6+o7H2w8O7KbueRbrUhBLxHTn5zKwLpgtq89aOWpVdKWIzQjpXjko03445xAHsPBjCJ8ZAbNQ4G2cd5fnzw7m1hHvGuTahstNurNQygWYFncv1qyQtM5HPsdPtgIcmVUqx+UBMC1mLoHYFc3PT1Jv2RJCmG2eoAqDhKK6s99PL6hnrSGDtaYgve+YTGkOBoaQhkOw7Jfnp0frMmXBa4mXUFn+yD0BZs01mEQm/0i2k/xx0gEjlRmMvU19dF6d74w6mwWbYKJmgtyEtiD9D3MWkGsE2zAI1kaxKUhKyUplqla1DmWLdjpABj5XaomXFkG0QRnJ7R0wwgLe6mpn2CjUTUU0FbZ1eSwwSbITsKEhUms51A3XrtBaPp6xMYaQxsbwqxR88IyquMLwnwlVUfAUKuW1HkiL4B0pmzZK2NJDX086AyhyZkyDs7znycZPNKBkWdlrIdQXOaWlnLLmmV8a9D8oHtMPMB3s33eYDVSzb9mSGb/BC1UT7yymFBXV0NoOhuYGWy27KO3kZuHMkHX9TcaXUnaZQfp7n68vd1dX+37jrwXeen8bLc7355voKvNTSiYuhGLhjyxUzCo4By77HmdxthHMqsCZvXI4pGYY0xXAtp4ndJ+mshHHqqVwFOwFNW3DcKWG3iMzH4zmp4SbS6ueuJgjeL7Be2nwQg1zbpFtZtLFnG+UBzWuNv1220c+mk9kWxCkF37RFPI/1tv1rvtOk99d7tt/tuvVmod6iJqaOeIpU8QwTJoxoLa50vdSLPEkNup4anYslzUPklm19nipf0aK96+vxfVFrV82PTP5iH9R8sGk1Q8XYFFWSbA2hHxYkosjbAkq7iZZomejVd1vTDMMtXMyHqcSHqdLIO2ZnUZIo/04fOOXVd07DFQHyHHgs19SrPBTjlzuoiI8qbSmhIv7O6RqmI+/W4aBxbA6/PaBO3R5tkDljGBq6hukbM+tMx8A2gtgkRe1YE61CnJsgTKigmvaWGypYXZS1mX2nYWUHnGwJ91iURGlpaSg2V6Yd21mJ5SY5J+gUFUGcLmbLdnDlO2RyfhSko4YbG1WYRAlA6EbCmL7XT3jppBbmupk6XjRGpclgMyK1FT9CIDSVqvUNNtGVxL++BEeTNsv9femDpALs0Qtmns9tgnvNbFDYlRRtltOjetZvdH7VPrWJ+YNgfaz1oHTt/FLIpw7I3KGmnQlY06MYdaWyP3fN3s7Zp2BrVFpQCzFxXTBqBhUmoisQ6paAJhNU1GWCvPk1af60DsTlZrIeVO2Tkcw/vbs+32LK/5BfJu70nrIcobVU6nGSb1vUvdA9QOX/YkdsySxFkG8aUapjrkpR6cukkba2ALIRn1E3gAkZEkNvNA3YSnWSVt7QKj0RpLkOrL9+h0E2/pLUCIrOT9zt2DbhozmwFas8LMJdronEfp6Xx3l0RBzqbx1urkRrfqib8QoWwdluWmSh8tFgRWkpEN4iAMYRkUMXIaY2JaQCdTVMTSswQ1iMBGbrqeNscyl4L06nJN7SGvmsIe9zz7H2LqUswDw5ZGgGlP+lbj3fNz2l64252sNyfr9dBv8hwnL2OuEinl7VmjgZ662+9D061ojQwBKvNEbD+paqmSTqTGR4mwno+PcepJx5R0TXi8WrO0EhFT85d8znnY8qZAujQxGTX3nTHEaKuCK15Ynbp+5OVjGuJp4+I+UFD2QbNU9wlIphPBmrfcxM0qL2DHkSVTRtJHI2m5yFQ+0uLoshGRf+0p/DrdNU28Az72PDkiv+8QT9iCzKbJLjILZNqxGkcunfXJhjfOJNHy5irVmX1fpzlNBoqR3HUriuzcr9Lu/K5spc8+1jzXZFnnnnsgolLFMe6JakPMlPxh2O9YmWjg7TWyDUe7CRspRF4xyVJLNk7yW+dMvvHoo/tsvN29Q6Hl96J9o3uyVCGiGX3no7aMlVZ35+aAfFKlK5RqwGTW3FT2RHbPYwmQZN00DLTakmhVg7RshHgvOg9syhkrmQ6FzlRded0fyFmsmzt1c7jyfMq+qDoSlnmhdIGtQczdAirvP7GxFHuUlSAdUlEZGtN+GkgjZ5fdBpIbrFOVeLm/6RuSyBFAUoJIaLypfMtd0iPMIZgiTz34BYthUxZsxe3L0yVZ0GPu5iQClx2owpp2ByEEbPqoMtbAYq4I1UDRjqdMJ+TKgxIvB1P9iRQZU1hORMeD8RBwZsRB3YU660OgzDrKXpCo66T6zGBbEmGWJH2JMptJzXPlA5RvMkxA6cNSs7ioA6luFOaXrYaXPg6JeBF0kmZGPFe++pIqstVFJeHrSF0zgLIsUg+crUwputzWz8et7FGTDg5400sIWqOFMkerxLZ3mUPGi1ITS0VxMfPEquONF2yjKJWLiCw605HhpXg6oE5BhbMIMg5im8368vnivZi+OmzKn/JFjQKswkI2tcRFvcRlCQUrDSg34aunhO2zUHc1GOOE/0MVitDnBN2cKWv6E6tAJtU7DawMK6LgII4gPiFJ5aN979PE1SwE222JymMQa0enhMUCx6bqVPHgILXZEghKe4H2taulrzWNMs4yhLsQc4wFc9Uoc4lf0Ux6lBmMqoTqbIf1h1goBUTvUmtyaXOgV9XVAEnsgfEUF+O8Pn+59nRw3aEVVt5ZHXbKDrHG2XA65BnagRtjnVMn0xad0BbLCYWJZ9+0zeogi9b7Uz0Qsp3Zy5pQrjpmnssNwDqVmGhHcR3pTPuo0rcl8SJrp2t0QiLqsDDPJ02YLtsLg55O522h9pr8kGj1xMpFdrDJg1TsUXNCE6CM9abrLmtdlj3B2gaWLlc1KyX5pRu1YbGZX0Ot1odl2pQttGo3cPyc2uFDrQ6zoQGauf/sYqzTonaOXCvv/HxtLofVEtoTQjjif1zeJdRbGcGpTXcxgQ4vr20EbamtuRCC+dqssqm/qZ3ThY8UcPCyFz9hVjag05dqDAr3J8kkDmWMktoV9QDN33Tbyenp5ny7Oz/fZ9N2c/PG5sbp06+/+szrr956+ulHn3lqc/1aXrD6jXfe2Wrogd0uhNXVAAAQAElEQVTdO3ey5d+z6AjxTU5OiHFCyn+yUi1EkMQCeCQdIh/Qlq0ix4XQ4YIhcoY9C4ttz89ZBHkv+ZxvTgInq1VXtNhTA72tiv6p7G9sq6jZ80IiZLFGm8Oyl4DTyZF0VCpFV+SwdMZa7dWLwesfMrQ3lVMtbq0YKdUFOtU+LDwYBfG5Lyj0S2pFnZvMa8bDHV5HgU2TKx+KvapcE3G724oMvafsV0Dt+GIZBbDl0pf7WkYvn62sEu09o7B+2CnV5Gn4bAHnnXf9IqtmZVUl3qsKtmgsUn7GR5Bpba3AcKwY4IN7W2eNh00N2atfW3Xbb5Yz1WqxgU1YGYtFUm3PsjaeVCtWfqgjmJocOmMsNRDqmtbB9E/rP/fYUUXpgzYS3mlRTU5NdckctY7s3cWN00ncgRJNCGePEhOlLL8H+6JPFCFBEWpvOC/lNtZPztpcqSKlcZV8CHwX4bgEXWcvNrxaHVCs6taskKXd0JoIOKsxUDkxeFCXGqukjA3VJILisQnVwJKHJV4fSUXHwE4rcydeC+EtB5zhxYgkJOQpi80UeISIJQJFWe5QS19ZxKVs2sSrun+waRODVGEoggTzc1R2ddGWsSlSeYiEoPtIWu5vMlzQB+U2mded1uu1NGuYVbWr4rhh/UDBbjMZl6HvmWNbV1wgXDxeZosnmsTcYZyFC56Fi6/QEFDsBLhi9sh5Siq94JoypogRSXznWFbkShvUc4P1yvoVZg8qEzftdJoHGnn2YAZyhdJGbtIyK0UMzeJjWSWAi4bLehO7UgQuqCvLK7qlD5zdAHS5i434YnbJMFc6f6iGdbgXZLLUfGHXgiVdpuXIves0y2v9f+tILvWgJlrL6uCR4lurwWRkfscsSazbg49nmgzpsvFa9qsd1rmFNVLGuFJ7jrYM1BUd7YfnC44RWYLugqvaiTTtYw3CYZXx8/BxWCfBkj+RL0CT+Wb9k9qaMDTL2TaqqQnSqHHQjFJ3/WmybJN42k77O7uzu/vTFUUJhXGP2Td55+7qtF/L4mdoWoHmsnQivK1PhR5TOa/mM9i/tCIoHll+OZ7IkTTHnmQn40LXVb5G1fwj0ZueIujwhggKujPl+s9fJ3IjTboCo9fKTh+pOolDS/EqrvgSsDH/WAxzv9/uu/Wu3w9TfvcBEsU1isjs3tVqsz7Zpzu3s0+Cwo1t1jHG2u7afqa4ipv1nXuvMuh5wbbABmutoM7Msu0pr3flyfV6oNC2dGjiLX+FbICRPVTC/bJuDHTZjLc8a2iYdh2vmFfC07Jsn9XX+wFaD6vPyv48UhkiCUHRn8eD5aCLH9ScCuJnO2iwwYQPOu1uQL3h9ppqmeYKSnk7iq1GAaEoWOSKgoCkDfS5+q6Fc8L2GQmfwEK+KKp+E9/TWh3J3pBoal4Nhh3LeGsUnol3V/C+Swpm1anHLKptWRa25g1fGguaxxoumDFxLUklzoj16XZbLOQFmjMMRJMibQ+Op0PX0jYgBAotQfEpegptzNGXosYO4WHX9JDz8mz2JK5jt+UIBcrytpofKTYzm6NlQNFSQ1sqD+0bYlnODVhGXGg4FmHeeTR1QHp/3VC2ncZ+Sne6Pi8s5YWtnvd7Jln44eWw4hMvnY88G8zwEY0sLkpUCidn2WF+HzWzdWWjGdPLqsVs9nGk+HQO0r5qubYszi6K3nrRIKyoji/VSWRoBtWab1IUVIjDajilcoQxUPCh7OQfz+8mJHWoicgJMA3Qd7K2GGuyYTmUyQhXtvqKpzvpJFfTKgvvSmYt3tTcPLAbo24apY4hlrQLyVYJlFBf1uxGWHhyjqCx6aT5BHoy/TuJlzMnkwYNrm7kDCY2CV0Ua0mZbcW9pE6ju25EPMsZdXY7W1K7zXW8doP2rIfVCnrmqHH4aN43mCz/a2FAZfDpH3Hol2oeS5IVsVQOnJWkKBuJmSD+iTwblRi4kddN8+eRmMjEZelIoSlRx0bECwrkm9dxd4z9eHL9FE+6U1kFkdsyA4DunEeOHVuMe5zKSuesAgTRi9V6aP0YDePCaJZZAgfd62T6kFeY9/txRUSQdUcCAD13R2y/SPg3UnEdWS07WjROXQPIHRSzQLqRwzmRDIgsQ5MwBGvqxCR+3MTbbuJAe9kiawdkq2APMJ2l7fku98x5hVsSSpGd8ghBYYC6fur2pHky0t/djmbgAwmzDPnqkw0l4LzfUjig/Z4YIGPCu6RfO7BgQR9EvEU2PkteJdusH8wYM1tRze9cTGs4ZSFu6o9zp8uczFHYorlUeUm64/V2ElfbbScYYRjHgYg7gaUNZTkrWn2va578AN5YwDs/82o+2UVks5yzWMuElX5p/R2WGqUFqd1GfY3QDqap0GrVAhSjS+ZfJHKT2MLspi6vyHd7EjbP9ghNynidHZh9Qpu3dVsq1AUNBkdDooWlaR/ZfcwCRUk9j6DtEq2TLA0MytCn7diqq3XR2i1r71BmHyB0UOglPNAwCOkkn7ZnulNuN2gNknbFlneOjVHNLT3pKhOWNmLzLsr1KUF5TcS2/0cxmZNoVQQlY6OwW9CSHsQ+bPnpbMfUfQRWXKmd3SVleZciRu1KwhyIWPdp89WT7s8vExO9bVj2BqmaHoFdsrUoSo+MWOuq7a7TZh5saUByJjXdXnlVrAaBmEvt4ijWDlfoZ6xZYkd5Fik0IU0fdxRYqzHXiiqkDE0FgtpMAtgeVzAJk6h60UF31pfKQKRdliCXNySvUW+uZRSFcjKpbPIPQcxXi+qoLyWqKRaD0PpiHkFETqzsCtfYZJJQZPJm4QUb28e279YxNmHxAqOII5T5b5O1scYZ11XOMpcLpSYHqGZMSb2u9Mi2j1petjGYBfaMLqErJJWHX/7h6aYSTwI20wFZEbB1gaDa4kE3pgczHtA2OqORWEulkqTHQi7h6HWl8mHdxGJZBOW3mrcwM1ZluhWwyRnrNkt9DDI14Dql2bSY1GBJntjQWCaFhBFxkUFh3mOrxQyLPtyWEJoj9fQWixWuZVdxDHU6eWQdw4SX6pIEVyztsstupMkkXEp+SPklTDMTWttta2EHITTyr2KfhmMLO6FZaQPzWFipVLNMWwAy3xKD7CKwjValv1H/QLBqptublMwEUBQkQtu16KdgaVeDO1wZBzORsgLW5nvpx+QLNP/C1Uq0fWJcXALzBHPmGjNo1hLa75ytXXfpg2BxZ6jzvjkwfDjcXw5cgmZbvr1w0zHWKZEZaRCOzgc/YTRlo2MQLn/XFiIfbC4mC1Qy14+iMp6tvOxUGLJp/+RrLz/xwvPPvPTCs6++0p1sus0KhmECIHWTX/9+Xkbcnp3zWNadXr+eTdPVet2ZYodEjxI5aiadjBIbpwS+CcF2+4dgqob6ObChJdz0vECXLyNXWl4QILK7Mk6CmDQMVMJJ0Q4JoCOszEBL3dCNujohTFgTI116klCmo6SWu+IohrJlI4ZCFFEGKfVO4sC1p1sXplfow+SlhIAixnxxxJTgbh+08G2EsYr6aSGdHBzizGb6j65pWrA/GVvDZCqZ5RIxRQ9YbHBJhhbGCWIrRCEGm1KE4IG36IuBED6i5MFhKZQuu1Toe6cHy5iLH74jD7MlFy36ox3s/GC0PZDa/x2cIHfTXWihGmOxrM7p/lpZAOPMUVsQZ8QxNdxj2RnRHIRZlmIzhCKaacGdTlxkLyfJMr91K9nUnut/VDV2rqtmpAR1JPDSsJCX69OtN9KpGa8Fk2ZbBNO9kv/LtqcyimgvZ6lgSUicahCmoOR8m7i3eY1qBuvUommIqgys/D7bi8XxKCAYKbtZrIVoZ4CsCAGEKpIulhf/lKR7QCi0DbZwbG6nBRTKG5rRRKtTNM+KYb4PR28CqoCKxfYDSxDDqJs6fpLQPYVA4n0DpqVV5rpaM3QyJo4gMsQ62U5bpiZY806mdmBrCDYZbKxWpR0liXnPazIa/pqfHesL08XJlh0CVEZOXQ7UmhKOWVNw8OHAaoRqmH7KAPOXOtbbHD9Upxc29Mrk8+zu2cDro81MABb/zhJwLMehSdLBs/Ho8UNL9EolctlwAm331alePvb8amUtwuoVQJg55iVXcs1k0Tvx4aU5UazOKdq+ouls7X1h0Zk0v16KCLGdCFJEKWxvIK8BdjehxUDfqYGm64y28lESUba2lF5KTNmaH9Iv6jvq99IXtQsEchf7FHnZUOlKbe1B05Srk2VeSZFevu7P01+b7iyUYcg6P62uQVVh60w6amJAZgky3Oi8WjzQADbRL/cEDRQONjqxt0ItXWyWEtQDat0y1rU/6d41RI6lVm4vhZdCWeoxomWobx3m7apkHL1XHrUg8XZp3gVLnGwtc9krJHOVFI5NmYLMlGSF0bRm2nbX6YtAWc4KB81Qaq6ukfD4psFBzAIV2yHIRiZN+kJuyupMmYSirG3ld0ONMKM7rjS9TSaWhQnNQGBHmoh7cQ0PutqHIc0sFv5YdM105JsXPv8RKXFxErICBG7TeHd/vhmIdZLnZ/upOz/f7k52eQbXkTOLmuFEahJBuUasdSLBDGnXbtcxrWTSZR+tVLJu3rHuF4iyei195K3GeUGfVeLLjCDKMhA3X3l9ctunPMPNc9VuFeJ5ygka8yGm4gJH3RAyiUpVROHX5Oq/H4WIECxEVy0UqVGkUEGesnE39v1IkZSimX2szr3ZbChea57U7rb5E82WQTIeZuZqazOFI1isnml9BV2+gppdkgNRF+om7kE4tdlUyF67aZgkRDnotnntpDiS/IrpXz1vJZw4GomsC1ltxJqaFNQli+aBVwekWMiNRbfov8Oxl2s+YREcTLYBIdg6bFBzEC67IWjHPvPfa89pT8Ni8EnrLd232P5leOQFw47c68YIoowdJax7tqCpWtFW+Xz6Wux5uXkMRataiibVeitMLXmYxE/MnoXVyN2N+D0kXbLLjasTfzDDMxShHJzltEzK5GsESNaBICyWhmx85/8644dAtegtnk2ivTXr9aaL2fO427MyLT2SpAaQ4gqz04L52KzTwhY9aFVBcq1iXJEuCoVRCBJeWAf/JGqFLLJTdiRCO3ZwiVCHF83QKtM8iqEQuePgrUtWxaAUqxWqDZwyYNpei1x2Z9N0p9uerjfr2E+8DBbrYCX5pnJuUDs/64hRwpVxPlv6QBcltO8KNpRbEYTSNkPh9Vmx2XDAp3MJRrj3CiM2ExiwZlYyvxxvnkTzjoAlIpGmCYsse9Os0EY0oc5lG5doJvs48t7Z22fZIb/PTWHqqYPpRByIdcqTJUanosHMxaCWItUp6vQ7Hr9StNm2ZokkkGdnwnfrmBIWVdVN9AVUbt8qbpiZzWaXioA4HpBLD03KUEY3umlixpd4CxJPQnvecAESmDjX2aQS/VSHlTcjQaI4u8rS3ET0DWJFjOfvb1kIIZ1M4+ba9dX6FAepY6qMaVGKxSvC+89Z6qnuJgXtc02nRvsEG7eg1l4NGVZWMcTNUwAAEABJREFUBJJGPuLeRs1WXvDgakkbFqAbMO0mUvtgDbA8APRdXreNSPpcOPIOhzG/CDKNe0VDWC9LmUliEMVuz5IeZyPrepTxzWwn6dCqMHeAhsoaRI8UWQSEE55zasxufN4MmEf4IS9Br9OmIwoCLQdzAFPcM/uCbdRJ+j4VO4EUxY6HvIKcm3CXk951076L437i9RMOfCYsB11hAOrSBhCdbRI1IV2YDqc7u/yMsGd7sRe1bOJ2sLboKq6GaX+OZ+d7GmdJRmaIvAc5roc1xV0fVrv9ltgHu+123J+fncM2L6cPw3rdU9gqlvEIbFBSXe9R5AJKJ64ZGHRIyt1Rfvd+oHA4xGGlIEKBY1vyVkiahhKxpGPRFYq2s8/LNyQLM6ZhIOoJiyBom6FWTxGWQLYs65byvpMdRpGlxWn9fbXar86z8ULkmnHUIJQ6wBKEcKD9jHSA5oqVGl5r4mz6s6AvJJQyzI2LTKmcy9uc2tV67CXaDpUlhRXqBo5FLCYZbdhHIYxq4xddvYGOR+xSJFOHFUdiu55vS2PqEqsz0LK1vaYVoLit5T+Vxi6vyKkhs3Il2unUX4xC1BpUHoM03QeO/jOSTSW3UD683CUGiTXNn6UhJJmeiINEJ9VMGVQ51QS2GwFQ52CsZMEb9zV8jL0A0MZamz9y+y8trymFWDNIP5mJZOOD2oFNuUnyy8wD9DZJo7g2JS4dfDPCzPtg6f6lbsb6FGieaG0C1PjmClCILVi15WUntRWgPk3mY2IWij1RxWagLurKUB2M/CmrwlxRosX9AJt5if3fTvFD0PqhATjlnYANlWhckFC2JkO7cqKBUjrus/TuEUYQFUaQkH/VNYVNSRkrwsyrIJp5VGDJel8s5Ugp6qXGRNVNES59JEXJmnWaLFOQUqtGn21+aO54dTSy+iY2WKdC8jHpdmKw30rdlESXQi19Qu0xdCiRkrHlCDGzMMjCqITy0vwoRixatlQ7a1bn9FOaWdA2b8R6Mk/8UAM+6jKJGWdNDa47odUwD7r+E7B5oQODbNYn8q7CoPmR7OyyORjL6SimSXtpCLZooptqaDTssEx81IJWe4zLrCaE85KKJoX5W5V8a+1JleyohTRPRXtseavLIBaWNW9NWMkWM6r4O59lquzqE+EPqVo9esG8l8HFWxVlDywZF9qVUf1JpoUlTXyp+FwkualZH6GMETMxST0yikkoV6PS+VD+yMJ9UuPSFuKKgdQ8uipqlEYJ1XBtLF3lc8/eWKfyReslzFA9UzhbVITDE0qmXArrH2azisOTaJtHPDxhWamO36M5bFO/5uv9Vb8PAbhgd8cVcKQsmq9X2qv58UAVry8/Cdr2xe0i6WIQL5Fjoa2Criiw+g/pXK7XRFofVo8+duvWs0+//iM/9OjTT26unWyuX+/Xq9wQ3iaBk2w1726/836+xWqTFyFONptrIkBSSCQAEukmL0gILWQvMW9Kd1FCydQyklYqkxfS/N1LPJ28+rXebIq6STbSS7Qa8d6KCEpSwTOw6DwsSVsfwR2sKGipBxl4rphkB6fkFJ0wjUI6MS9zMSs1iR3H1eRNcsodJVlACwnEZyZoNvSiOplTcVtLIJ7COpVEcnQhiFd29GtBW+4tqnqPF9eMBwoz1qF8nf9sfTKvy49cVrLtVW1By0run3X2aqZ0kOFPbZWOIxzW5Rt787QQo9ZhQsdhuZ84xcPDjKYg8f6LtV0yxur2gNJgbBEELhslQjv8f+CuNhxWA6shGPDC58pD54dheeyCtFdjK2goaaaxZ28GxDLS2wwmzm8WSxbZqiiLLbbLJjb5miej6bI4tPBhxh7Laq7Y4vhjbgUf4fiu5MtB23uumkvBTH25lAORckrLLEbmWnqqngY6MrQ1wVIEJWWJ2X2y0DfJAqU9jm5GOTfVwR1CnXA0t8IGpTcQs0pqYvnVpjuN7QCl10iNx0Bt+zLTEOLJgm0Yyr3wgJ8WLARP6eV5dkN3mzj0riyDW7n3tPNLlWxio1ATbP4bdcGjExeCeQSCrMarChda1jemopqekcz9MuzMq5FOpBTKig5qaXMqRWZz2XIO2xHolpk6hYCaSReizqgf9EjykQLNSF2YfFe7emkG56+3b9+59ditvu8lP6Fl1YcZ4QDnPux6k/BwQaamOaW0WMZLsQeDN+jmuWqU8GEW+qXQwwHawfcD4IPVOutPtCDU339wDlgNYI8Zlo3aPGdT76m0SBAFNttqg4dTGtnOMJ+wzZxCdfAtfZfeXSefZsboLaS7iDbLbbIkXBm1h2soOLr81HSKaF6LWJeJNTiZ1oH2jmDDZah9PmJouvHQjibSRS8blk7YdfxKKR3YEqgpqyuOaLeE9h7lKfLdhgf+zv4j0XYB8Y9occqsncO7zZ/LNSbyW/AiPml+l1eXYiuvVo0SrG9YChxCY52gWbgW7q15ItRRvFYUG6JLVqARjyUW/UReW3Z62cBvY4U+V66NugdLvenkHKStPYmd4uwsazyXWHOu5kmcJw3bnNKFWfJT7cJ0nva3x/PNuMrOikAeG9yl6Wy7XWc3CddxpeHLVnu7UeRNQUTZTDAphZfKLJaI2Traki2k7I8gdZUOk1Mqe0Noo3FntgeaNceX8+oLc20gp+Rks9qdTf1+ZK8kLwfzC/O+pDz2jxGHyOdLlAtW6tzTTmLZBoxglC0EVTUDMpN2I92UFPhJRSU7TrLLSQqXtk1s1iyIsju7e0YLsUMPSkGbDQrhUgAc2gVg1kB7TrFG82rvJOHdWTaa7JjVZjXu9qpsx9NRLEK9FCag76Y1kvcse6yMrhplIT40Da70nLN1B1wQzprUah27+BXrtGJ+Oa1ijBNzw5uthtBsbLSHapIOxosyWw4hLHwRaH5aDYOj71XtZ1VnkPVcFjjpOOsmCgNBpnbi6pXrNcUHSFFYcgPtRg3WOSZbQDQrAIwTUZsrO8moxhAfQgYDtu3EsRS48povhBM6od6d72I7hqF9a10ZmbCEAllkSVOOoV1NoPrMuV20KIDDUuQTzkcqC67/JD+ePYJs92Y32Mg3zb/y3qAYS1ZiUC473X+faDe/RJNMKBvTOZ1t9Qdru5iKiV5sXumQuAIkiUJVStNKGWeZUH8MNhmihaDc/s+m8e5+d9KvNhir0iPSlEYo4VIAffWEQPH5mBVQapBNFoKOCgCtVj03ktgWTSjtFpq5eElksToQj688Lu7A0mUxVN+ZtVUw7z9YKas8VTmF91QFdbeWYhACmRDwI4UsGW5c6/Eu7cMGDnZ2dn5OztTs9+fqHSmw9mCDUX1HUF+VJssIEfSwnnOZZTGYQB9a04aojDz/5VAk+fahm9hM4ATzAC030lXFtnrX4tKG3AAbt0QonSpahpYbcLWlNj3J7TuyJLgp81647AukxcoyF9P47lY/+V8rDsAd4vvjLr37G3fu3nni9Poz12+FazfyAqdU5GDODmhSz8uzEJpuH4vJlCzlEErER6sJTYswm8QCmrAOgvQgHC6NeIVEnOPBlBb/uz31NBwcDsPpquNe/5zYCxxrgEaEu9SYTzebdb8iZkbsc9HkBdqOo6Js9xLnI/A+9GjrzFYaUjfEryWLdiXLobQsjS2ZH7ibRhIjpidztcLUp7z0HGj4pIA7ecl6te9JiYNUP9LE0jHcZauCqnK5oqqeEHZAii2139WuhbIoGxGScZ2t1a7XKyrIu2G/31GubIi/IhMeznw652S1JgLObjdy9HjcTdizqBrHiefgNv2YrYPVkFPKPJHxfHeeP242p6t16vICupj41gsE01dr2nCdqlBN6+Oq3xB1ddiR5UNbNElRg1bL16vEDAeJlQz7mGspCcfQwjpt5iQ5jpySYQVKOyaZJuljkCJmokQZI5KHxJTJmbwecn4PRJol6kn2A6RRN5YnszqVyIQlqKoE29AqmzC1rRKa3hjCqNOdZE7W4lUm2zwv9E8kKrPqWZeHiECbk1Pqf3rprbkapTIWijEdpaMJRDqJQqPBpBaoZK4220kDpkBsOgq53Gi2oXFl2aSPxS+iBTwAYx/wKC13Ju2Zoety/ZmS5tXEG2qJtykk7RB0nTuVGWA7dNnGMukc1JKNspQ9FuoA0jyAGXjSQoLaA0FlzGrXh8lUA6INBlzxxJbV0uAzEtRpaAi2oyZY9wKHnijQu9bEF4mCWVkTmOlsMVwPll72IvajpBMAzdvQVrNy19lQD9WsApVaaRPISUyBN9lVZTIiXst1dUYpNxUNG51KSiPhn3X9EzG0yx3scuBwLUl6fShVR2sWqKyLzbW0vmg3EuoYhKpBBcqP4YhSmhv26tAYe5oMLcEmt5XlbEdkubCOF6ZKhjLGmoFvt5mttaPZTXYklry2gmnODtZTZZM1EeshJImOJyNQCT4uNP9iHIVQ6j+WFmXZZbPnYOYNBDOpdJCbSi22pCSbptVWoD2EXg+qBGJZCXWhAWQXR/NWyqvn02j+PE1mWNnWJTN3miptQQAbI7Ex1KG+TtDXDsqh0ddOZpHp/gRoM3nmkea+xCZQZslH7RQqmkZRKrzasiE01prZF3a87nuS/0clfoSwsK5KJZpXiXIQcPYhaJOqeSP3b+Z2+tAkjO4m23gmbsnX6o3Y1gCpSWH2zjKwaip02thpz1k6q9Tcwowy7tAqrY075Gg3Ug1Os3a0OfJSQW1VhcOkZVeMO/pDGouyXoCm5tokezmnXvozrANvj8165FBeBdvbhrDoggPObt1knVWduqNyUfKLR9WOCrFefdk1l9wsNJ3/ZSd+iPt/SMBs9lTz9FCKJh0sj8CBLKUyCeat5+C6Bw+r5/yFpV6TtgGjuWutlL0ltH0gm+nDyenmxrXNozde/oEv3nrmqeu3Hs1zy5Pr106unWR79p33br//7nvnd++OvNk928+b02uPPProanWSDWqJJhcsfMxE6rBEk2bLSlyfdQuHaiig2nBly35uzSzcmoRukk8gJvt6LaQT5alAFUHfsQiKXC2/LhRHNDf4bW1dAI16ohsUWGQxiZEMfFumoeCsBaoWCQfr7GVLD/1fnhILu1rn0+IKtk6yLKDpyZ3MkpZlNp/mt+lfFm4z6ajX4mzJqD967cNUU/GCg9pQUSOaCUdI/Mhi4Rm9iM+zbUViVBXiD2WIbFQGswSDjDFYjBasCw1qDwAoVUqlb+Cj6IAeWoiZjrqoqVmBVdw4XP31EfEDdvF2g1AHr6v2p2VBTKaITROMaEEMdGRfQkdgIfyyZG9kxokkBHWmgG369Etnq4Ew99KR7HcljVrlYffbTGsilHNmSWnWvCAcGY1hPj2xnU3KOkhWma1iM/cjlfmBSrWJKSQ7mpDj9kLX7O+INl+sXDjrZaRjHTW+EJv1Nr+RHRpTUjdrgEW3WWdUs6wPoewqkFVrPRFbOpqOYqhmuslahsVYXl589oNkaBkzmrmGuhDE0IQLKq4u4VrGGi1FN5HYIrN0Gvido6sAABAASURBVLrbTE4G5gN1wQYMUWyyYubtnQtbr6aibXC6xSKqUa7lHnSDn9Y1qJUnoKrgCNmODiQsiwptXS4LMlpbZhbq0bYHy3t8FlHqbW2M7ZzxWK8EB061YiOenZ89BrfKorA1jfvIw7baHlZS/MSHJlv2IZpvXlodONR2xzUsNvXDJoaazCBRq6uw0wepRYhYF1run0g+cQSZwgtm0smRR4ARyExYWHvaIKvzZcqrjV2s1tBMweU3LMEdtWOjBa6og406Fpo5rT6ce2zuypMSy3GxrFbuabu5bJFmfsqFOHhnrWBtT2bReZPwcI2PqeuyOg5qbzN7hYMCETtKzIu5IX5hogBKeJ38/JEXqmRwqDsOQxlkJWmmjbWodm0/GprmI4MlpH3kkBdBqzRPTqIE5m1HL8tnAinqM9k9VsVklPWs1M6EcZkX99Fz6liJZYwDUI8a6LuoHcyqWmDWhrDngaLsdMw7ibIQA3JFScFs2JGdehLhgr29SQyAwvepglpHtnLpcak8Acx9xWckjup9dxpX4+502nW8EyEbD/spnW13N05S4Eik9ZUtfcSB4WTwBCaOHCcuO2862veT2H1n+vNUCliWCi3raIds9r3Q7mHe6AzVj9Uuk1ItylO37CjL08rz3S57ydbY7XOtmKbIHokkkziaEKJGSded0CG7tLpxT3R2ciVBFVKWQks47sbYj132zOzIyZS6ATrb7MCj85DdJsOQJ7jb87PN6Yarsa31hsr9Le+lfUttA6E1zMqP9fwYyqaS0r8Edr/RG7EQAaow22p9Qh6oXUgcUFarnCgUCCEmwAbilprZyBMoWnTv2Q8onGZ9bplq6f51q0VwySQ2hMs7rmZFBopxy+sLiV5FbK+4tODmU+gjty2WbdkiYzkUtGPXPkfcAhGK895aFNt1ZEtPrIKQazNOHHKIRDfIdUYRe8fsjou83Z7FsrS7jrY4OesUrNMAXXUH3pdC8WZo5JrEbuQ7RNFOCGbBFi6jTpS187CxMoS61lNWxNtOLsnorXtgmV1ZeQgMlnIl05WmC9wGWM2gC5vVdruzyTTVBBKk5a2yqIkUPRgOtGTr76KwNNDrrcOONpZYejScTcBg+7Jrn2MaOzYQmBp6qBXMKOfAO3pDcbMJkQXLINAKrcktiCwPeD5N7+/3q353OvRRGeuxnMMTJ3kLKI46GSWDbJJOonRPMTKiWkSgA8xyTJjx4WeNnQsuTUk85TI6ByttnLk8+eBiV6C+IBM3GvvBjodm1zIsrgNVyIBkS9w0JNjzEqpbQfQ2Ign5dDc2J7L5IZI2T7x7dkaGVtjKgJJ64AAX7KJLOiMufRRoZyldnnpuuxBUbAlmq29gI75MvXryqsaRJKXKXl07hx19jWPUrDUtbgzNhK9dRytLdTo5avJGPH4o60tQhnl5HRoguk4bN+2r4yUm81HHlHSOiWb1jfRv3PXUOKZxe347ne8p8MYTNx8dYreKfSSB5QS12MubLPtSzc8IxS2jGYt1YX++qM1Bo6KpujVdGo8FKSgJhN50ko5EmyMRZU6GIf92F7ZjYi7chLv99vad98Zpt+7XGyI5bNbDmv3vkSYIMUr93CofhxShErbrJlLL2DGv0y1p1jLSCss0mAePdcZGC6Mz0DJtPrY5DT2R3QJVutWKqHDnFDJO2LjSfLQUIoeQoD2DOlRlMyEfG/ejDkY6kNFvkzwsL3PTTsdevO/5/fIJ5+dEqSG2yjQCEWGoLyOFJzZghm4dV90OOOZN2iehMkRbnR7Wqc9L5/mum/PzbA3l22xplXxLmZRNhmFN4iUk3WGvHjk2G3L0pWIqcRHz4EUBEoX4lN9tytfSaL7d7vecNua6BK2u2SyDRFEB8//HaU9L5xkD2SoUqIiXsUEUnYTSULobWt3qVLMnp6XPa/EUQWbb9R1FE9zuCy2GOploI5F1I6UL1NZqnR9o/VbGbTtNkPqPWKZb3M1OtIWViG0sMJOHIxxx2O04ktGqXw05PSgDARNBkD229iRauucy6KRaI4+qxFAa9zq74VEMkmiP0wE2VEvs42KXt5S8ZD0Mqq+y7IhtOpJcQETt4s2TzPrFbszZPkoHkg9Oe9npOobiOp1ka6VwgMRA5MaIGpFFUlIcUiByavmMEVF1+MSqrtHSq5XDkmDYROuQeTzUuZR0IWJdiXVJPf8kK3VBUyOGAtTpir45hDJBlEUqnYVJ7x90aQuaUhbqjc2ErXvgDJ6CXWWpSs3UGMz0lZ69+MkBqvXD9S3V28Ta9Ye6+a8DXS9TvR5pYgEAbReayN6j9k1ygyQkuFLYMsGkf8kGmFR9jeztqJorURwOzFmX0TapNReK4LFkQ8dNEniySzPUKJuJoazFBLRg68pk0Ha1tC1RB1R7aXLJ85650Ca9OOVCSYJWO6yGwxySx5fswbe5ZF49zv1/0umMMX2kTHQcWNw5NKsNoY4aZairj+dcD6BVKNnqf7BayK3SEtLkCt9BX7qY/61JpT2eJkfvXjJDsp33I8XGgJdmoCsmGGwGJ1P7xigJIdQgm3JveznUBEIq2lFmCaKeJpUeOQ/RxP9KqklgS59kz0A1AKsNEWFulWK05oglY0pa5+bYDMnaWs1bO3O2SgnzM5pa2m5UsBzBMoKUcSLY1s2WxIb2ylPty5rHKMcrBDUsazrUEaIH2eSHMuK0Tci6GtCiRCytTZOFAReb6bCprlaDQyoTyXoOlKklDzpAs6suhqYnLBZTMVNnSiTWV0SxMi/BwY9YzOYZ4vwcnO/QA634elEE5Q3Cwc0lh+Dg2cU+rb108zrLfmD+CqUsLn3TY1eGjx73vCeGD4EyJTn4QViUCxHQB4KmHmo5x7ZRA283kTagphhNbEkZELqehDv67vnPfe6Rpx9/9Nmnnn/jjeHaJhtf2STb5f/eff+dt9/JhrGYl+uTU1YfOT05Pd2cnHQ0GZG1YnrqlOckJHI8SRQUCXkDTeUCQ8k0lLGbLhiDtazVej0w4aSnNcShiCcl44iwQvHWQt1ovBu9tXEerZ1G9c6aiJ2E0WH2iQbmYQJ0sl+ZpFPsFs49mqz0rLQIIAoaNd5daLr7oCtjwYLpyDsHFjgp8XRCyQFc9Py1IuHFtAfE2RMPh+y6C3lxg4uOf6K48KVktE3FY44WZAdq2fMUsTjkotmywZZpZDeM6LdD0/erU9h89LKHjAUnSCUCm0SkBOZxPiyAeWf6YKBGhn2FY+mBY845nPGVqh3EcxxRvWvaZ7gHUENUcUmldNR9P0/Y4QmNRWTDarQPxXpEi8ZXV9tDs2jCWSIGn5prMvUppsqx3l8at+QjD/UkEdvrhEiNn1CtHZ6BFfvcNr5HbELhyRILiuUKrEuKPAPTbqLjdZ1inhQpJFnVLVmKCC0jUtsE6mzKwnPSmbKIk2SCqiEHgsg2YWp4PHXDOt+Q96ywXFO00DhafOL60G0bxV4AEc6lHZy8yYniO3PZ0IoK7fKk5RA+WO0q3owqrIuSBlRNcbDtVmWOqAFwZMInNjONrLTJUCf2WoIp2JRXGmpA7WQTs36kztPmqjzqRFXHlUmpsTq0eKN2wGXyopMxyaG8OJRvkxcBWAZrKlxj6XampLkeeZ4z68NNIKFTxgm5dibdciVr57S/c0JVRJfYOqDbI+wZpWE0dn+zhkDz5MKfwzbQGJ1GUen7yHUN2tpebXTgob9KjdFtpqadapfbpMUe/0A7vU8WtLAZ7hdQFrNSXk0kmRNtdXNn9v0bo82qTTNpwQ9l1H4A5PlQbmx7XkPO1Sy3siFGrVKcyNw0uqa/LQNukaGTsChYXgrloIQbKwPT7NUaWyeED/TWtO1yu81r4tl+iAfRQNE2QQa2HMZ9Yq9PK+WCi0cD6OIDFlIdH0ZjlqD1WZPOnkmLgjZBRFvHY0u3EVCpQ04lgbSvTbdnwwhmMmxoXsZQchtnr6Yao7JyatNb6Sqwvl5S1630tnJcw1NTH5mKWJ+O18GealOKZrwKtmsElclKyRD/rlrTpYagzPm192XDWoLyiCkinqr6SHts4QSjSHSozG5j29iHoPP6trj1ZUYiaNCYLEMru9ziwby9GpC07J7XimOby6iDuPbGx+lQ7RGjDHKmSG7I3Q7sN3btwdJ0WRif5X2Z96kh6oQyKwG5Q3O+9fY4S5acz54NltxGESHAWkTVvFRjCYMxQW2ds1hioImcgJROtmk8m8ZVP214K21eV8+ulbNd9lGtZL5oRDRo1l4iL9eSyTFkDwk5LllfQeob1JBMPVtNph0J2pp46M9+l7DecBRB83QmUfqMGqiO2212UpyG1dl+WO+3u5HCf/RCGKWs5LZGcTt0rKaN7bnNSpA/0u3Mc0ERxeNH6OIzqV9qGMKRYrDkE2O/z46fZBJPpDBCKgD9fns+yp4JfpxR4jQn0VzR2LTSUui4LFYx56V41d8gzAkpHfEx1GujrA2IF2x9co1nwnkKTDoFnTLuxAlBoQty6nranKEmGCqLgINe8FbdKFan9aJcu8UfbGxiMZ6T9ifVYjoyHzBiAUDpgNAEtOQAxxGcJjPhRN48tjkTxXN4zFqZWVlzLRZ7DqqSKgSbUWIpHf5fZy/BVOsgeUDaSWKK5p6dYlEkEUZRugn1NaLqo8uf1OrUxpDFa+0tZWcdS0sAVXISFyT/papMaZNMzGNMREvhpUphwmGZE8m/Og+aK7rU7jGUa/hNEoiZbK4nKb+EYD4mda/IXmCSI9qshpFXTnQUkl3kseemR+5QjjmSn9DxREEFM0Rol1gn2eE5JtWf4p45igS8voIUjW5UpnEPtEKAZi13xtQquzL3lzV5le2xaaUtwmA0qbCi0igVByneT7g7jnD37ukJLYeF7DSnRp/UqIPGuY/mnxFPvTY1cimSsR/ZT2kLq4WJaMnDYs6rf4JDcYA1Ch2GpYFL68m1kSVhAKqvC2a2PZT5YTD3KUqlbRZA2gW4UuFDM4jIh470KuvuTiyXQLVVZJZMWg/kkuc+k128d87Psq89ZymV9x5J1Eo2gzGrqauvjaL7C7ISZrUzspcvZ3Kn8zg0uzdoaSHJcoAw+2nxEvMUDSF7arvsOJaMp2ZhcQqaPJ8tRJT+U4fvubW56GB1eFLyVtlNDbbmMIkcRs6CcQcTB3iT9o0SYgwXhUU1N3Ww5+3w+7yMeef98/343n779COPPXZ6bZVHIWaaNeUVUcbmuZ1gXW21Wf7/7P2JkiRHjiYMAmrmR0QeZJF1dPdUde+M7OzKyors+7/Tzj/dRWZG+GGm+BX4AKiah0dmJMmqPmSMycwIdzvUVKHAhzvcWxt7dMBDw7dGp/hl4ujViPy7tkvt7pMyKgmNV2dTLQW0nptOvdPwjmWdL9frWlQ8Xi6nxvAufDrvdo/Hd/yejsfjxJ6g/X7at0U5L+upSVhLPVw97sQu9ugifU7sUK/v2RcOQQQSsWOVFis3tlpDM7tGmpVYe66Q9Kl3AAAQAElEQVRYKh/N07prImxJe1RHK5LydIVNo9FnbaK5yWILwFCZonvN6kDwtEYXb9lZ7zCrQn14aFbp3fV6PTVr+HLVtikNSGgR7l2bN0OJGudxnKZ9Uzou02W1MIll1UIwthPaXmlscy9Vm/vNp3KaLg0JNErQYz2szbzeWOverTzsTXDJexDe4EvbJuDQk7bZmXf7ab62q5pl/HJZaEc6K6gXZ/bx9bo0Bj21/WJV4RZtlLMe6qHdQCueWP8Lq1s1dn9G0BUILrlm2beF3s+78/4yn9FtxxouGXe0Ies27D0rYcyTEsXyAPn9B+MQACvcCVi4CypdxgkToIY1Upm7aI7q6VlTXqf5cDge2l+T9d9pFAvHgxtZxNkBoZEjungpwTtLkuhQjIB30470LRZZzIhU4uVpJEuP7Rh2t2SZE2zGdGqiQoaruO2TOrdR7/fOfESDTuaLdkiqBrO8S6NUhJ5AmbKNUAi1d11AMHv8iH22QIBMIPpR0xpGiBcYpBPkhgc/2FFCZlEJyIHowB5aFNQXSu/mAC7y6afolpWT59evEeoVQ/IrqNu+Qu3jnPceQkvkqWiZXYcWfeyBA6mNjzPguYIRq8GDkMhgy0CshCoHyb9hyAClOgHYLK/sgILdqO7cxqtfr4g00uAZ9m6DFlO6KBWiQzvowvIAq5sl4b5jkK+javi1IDMLpBGCOjc6vwsnGcUdEWexA+wDJUjhDBcRKOlMyTPth9p3DqwSkq4H7otlezV49ksNWKibWasj0uL7IsKU6HaLgV8E9BzvdsMBAUk4Gmz5mhS3poAQBgKhIGx22i8+Qok2pwSSrP4tb4pG28SGZ8HpBo1T3MqcwxIikQFrBekZdIX1mF2ZphoakY5/TZOhVTCUzv+MIjceQzCqtAH7F24lj62EXVhfTGAdQFHk8kjOKbAXeq0NiFHkRq3iuJpiAnjYcwGjOOusOz8htKulkADbeNReTaU7c/BJGMGov05/1MbnQQbDk3dRuIfyGQ7vPbg1gvfwholAwqsjafXipP0QbEKDjSkAcw8hIiMmJGAVdjbjJUUVHzIolngQd+SuERr8RL7ckqs8rsEtD35ZQuPusb2svPhhg13zc23VFGscpofbxzHf0IkJTPdzZHzPi3G/+IBp0EF+4fHmC3/5IzbHLUyLhqUZmQQuul2jGuGmQYV5M9iSXRZiRwWVvD5gvrMmv/jg+7/eGkszXZNDMMAeNfvbqISbD48PDaW///GHd7/7/sMffv+X/9f/PH58//jx43Q8NEVKc7HOl+fPT+2f09OzJlBPu/fffXx8p7EmDd+iYscVESbLmo0jDCNZ5IbCjcl4Ts25SCU3fmOFrFe9TdUSrXpoEWLtdGmaRHjHcIlFJ1vr7gWaOHtJi4zniDnHZvAGOisM1a7tWi09/CAV0SYIlPFwkz5z4AwKYw3KRrgJTqkv9ztePWL7DRRmKMwG47ygTBmYcnw7zhJ+lZdlTu4dvdLJeNr4oSTc//Ihvxnl0g0A7KPyXWavVOM0cYhSN3EnozpN5L5bnxQHNsyRWcABdrseDg20Rk1FkXFVxrru/O0Z1X/Ho8uk/hHfEuKdy/r26FndErEjTNRVTVd1fwEX/gK3k/tSRu6eE1k3281AA/Tx/12M8b174VbyGgs2DaVM2r5WU1bm7nyTEbXls5hf7OUMmYnTGFXKQ3wQsmdAjW4bpjQHk1Edd61MvLSFjJwFKyGoKzCxu+IshE6Z2xK5UUHkuU18S/jOgYVCG4VOh2YmMSuN1D45Ekn6Men6nwVRQCWwFsgaI68a9OpmQQ+dq4E9MryjlIkdcCrQ7jDO3qbEz24uLq7GiVWmJJTGAjEwso0ZORseHBPKXeo6loRYkIjRvpjEE5sKD0E0sHrAbG19RrmnDTgLYk4jO6zoOoxZc7fYVRCBSQIFk7WOApCB6aKl+Jgs+EQnTFzVYa/Hj0wJJthINevbinNp/KerO55uxW50HmnVPQi88kCWg6zaWyVfIzUmR9sU3hp762LdVdv7qNcst0xSyw3i9ecyHLxf4wf8DfjuP9Bxwyr55l875cUneeEwUbCCVDmdng+H/ePDQxcig+C/Ean++S1+uzPVsm3reHct7l319ePVAEMeycBeoWrRf2/QK755g/kaxW7uxcGD3fnQ4/bIOX1x36g7hDsB4hQgFYmoLNmKOX6TgAKfQgIBh9M8H4GFmYpn/wMiaoOPWQOMB00cVQFRu3hCmzH2ilGZmitYzypRWYG5Z9fav3iRdQ1sJ1BHhdyzOhBjKOic62PTrREia1IU/mEzmkg8sc9hEKgn7BMNGMC3dvAIlJGtcKsUjg7WoVo3ZlZS3Gb8SHwJzokkY443S62S++jdX5uDweDsL5MX4sCcxFkmBBtqUK9xc7XIYFa8fgPdUcCCJof8HnH0YFb1ivBkC3oaxDxMh8w00mGINmsy4RIn6Stld3hq+OV+5ogxj/3OowdJNv6khF4QfyxRg4JW8m0AzsM+Nsxb9vhD1Am8vHjpxHXwXMSsxtBgc3FHOAhWPCJswGyhjdBWe8hx6jl6HzXpa07kWdaLLGpbnhQuXNeqQSfn84fD427aNYLyVoZbFjohpLb5pTTkQSWwObF4oQBhQX14+8qu6GGaGhyyJON1p7nWNUFYZA/5ZbMai8uu1H2ZmuO0Oceaz2WvhVWa64kjikks0MScqgSroVjApybd1jqh3qW6WI2iDDOYU6V9iUx8eMd2qoJ6EyuFm029PVz3mtx6ej4dHh735cDoftLV5K2mN9L2SCodz9vMeF+YMP+FGcM+qoO0koBPCnx3h8Puoi4vuiweExgQTYMMZbZAk9p+9tIOqwOGYMbj5svt70Q8/EEURvUV5C9JJu5+X+Lsm5KCUhyeGZeSVABlCOTKp/eRyVDjLfkp5VB7JEyYf8gFRkkYmxfhThN5CY1VLIuzvd/iwWv8DDBrnM7zpm2g4KoRJDM5mVFE19kDgP3hjFBEOxv7XdG/w4q0mu1ZywKZA8P6eWR5rdLVJNwt5pPHmQmVSnzXpi4D9u+34GTdICHyoiHwhy7RKL6GRgbSQao4rLegJSGH5RABbW+vom03ZrY+Keq4EXiqSkD/GOFIFx4JNMAAX3BY8LSAkdt08zoOwwIRlS3NwfRpr6jux3It8lzXn6/nqY3goD2EqrrHdWWnnsKFGBhhHowLjD5n+jCtbjFxSK4tcxvGjJeRZONssTgDMgrtxr6803Q5WHFaiPIZgxUer5eH0EYuBXMRGjcwUFDUSoreBz7pIR8VL1khMm7GOtPLNIBjserD6r9v36rbrc5W2dcqIbO5UxC5EiFc2I/iKGNFJITZIVQ3GQLq4fnxGSaeVUfSHjeVrRGKKWYWiIWKzogSi8kfkI9TYP6OEN4hANc+iS8DW1mJz5rc2PdVOBAMtVm7t9kkhiGY5MIeM2GOEqOcig1uNVK0iZl2d7o8//y/Lj8/P//Tdz/8+O79u/1xLru6Xs0vCNs08JuvJkI6sGCVursvR5hZK9VRqVBfZY6pEHjqqseBKXlMydDF+E/jMJN2uZgwH8vC824p2tLmqhEXbfLXa5MddNXmLtqQTpdnP++1RETRZf7Ih8tufdjNT5fz83I9t5OrFwzIAjo8BiJE4lAHjjApxN6xoIBFOW571lmsu/oVfWIaKTYlukkz1hwYLdy1Vnf8+6pZbQuGr9Z6pGuZEjUyiw1/Cdv1Kp7TLhbeiF49xQJH1O6N+tufnj7T6bxYQ7926/aJBv+t7r1qPx+PD9O6uy7nZtyu1pNIG+2gWpKGdzTQMR3m/flwfDqdLm3jaHD8pVHQoU1421bkhhfxnnacqMv934ir4xp6heKpZsc6Pjw2iLFqsRUFIhoRZWXL5rk9cbZsmrUhnWWZ2tTVRc6nc1vEeX/R0Bk1vevy2UQ5/XMYCiQ3hvH4NnfUpuLxYblczyeNLGp73IKuPKDeHlfdh1gCuMEW4ewmPFCd9W19utI3Ma4ViZQqi75owrcufGUlx3n3fHh8Px8UYZkQFrAC1T2niaiD+oD4Oimy35kHo1p59iVa+oiljemyTYB5dGOOZ2uut0C0hbImMcrOT/xdgnfqU3kOXhv8rdFWo96rlUoijyJ3654NQ9buXKmrh90HD0MQn21hgZbkcwtJBdhJNGIqn4Ju3uSC0Aj/taTSEbvQyiQhioiHlxvkSf90kLLgXX0l+1cD+OqOW3bBl9+EQQGczQHy+NDEKD6ZYs56nBawcRCruNyjEwNIZKCJ8XnoZtRVtEn8xkj3izeMB/q+dMU0gvbFQYy9TEVJOQ9BFl4R4QuTuwaOmB2Blqi6PokbMmdTqW1tNIjXjaCIObHlXM2o0ueIfU6o46Bhov0tIpLN+SviCyjTfsL0O2jwcSsH2wNhOCQsuaGFx9vmcg04yEF1LJ9IhgOMC8v0kro4Em63uDDPFzcRpdkCts8y8hAjjCA6eJAsjF5yPS0omsj5VJf6wX8lbBAEbKafe9E7YURJe+UMRD6i11I1kcIejxIB3I6K4eSqYe4iqR29C3UFyH4tuUeUtLwyZT+CIDdolwf9JQlCAoA5kHEmRhK3WetN/ywnoWFhCpCs37CPYbtMbtHx+cVXq8VhjTt+gO1x3fYtBBssGImzsxQscS6+Lp7k08mBB+altyoRZeRG/YHegxi21Mvj8CJKLSZzYPq+dgOjnKwXqz6vbPIcKEKVLBINxslhcwVUG16LuiwZRpMFtb/hMG9E3xXdrrDZdtVhJ233MFRWoeCetzfnPhxnHMmUXGv2r24ed3sj6ZrC3/Z45RFMfP/j4ZBcof6xDH/nJ+XeGiVcT6q4u44Ss7Ux5L42M/KNtPDFY/uIIbZu+DCAesptM0Q0M5g3hWFTGA/78nA8fv/xz/+f//cf/+XP3//pT/v374vVFDk9nS7nz80g9umnn9bl0i45HB/evX/f0Ozx4WGvoLTJYbE+NLIsVqJkWZANSR2blaF+LVolel66iOcOeSceizhp3x6Ox/anwd4pioJ46ErEAyinWtAws1pZQS0gaDffRJx0TzrqmCwCIBwGZ8kOKtViZaRncfoi9rop+pN5EOH1NP0jih7k+gKCBN7G29mHZRhYgNWb9RwYk8iGVjgDpf0p+SD8Ti+OnO355f1v7vySbF49fjPyvX8jCWHXf7ca875gfStuZBg5jLZQ702j0Kh04kwupkyG2ACBnPEJddxA0eNNvjrkf+dD3rZuL447TApUq9up26b49qK/3yQkSq0DJ79RPxNukKSXZUy6dSV5SkX2FWL3+2lSO8+Hed5pYTP3cnUBYIRSYt4sgdgSouPmHQRbqrb/TPjdy+o4F9Hvwnv04uA+PPGxKa8q7k5KSc2W/GseM6zcGrY5CQOTZIx/IDnpPXg0Q/HQbCY7a8NMCb63g3khPDV9NyL2hLzCiq2TRPmom23s92GMenhNgr2pW6lDTbBpW12K1PiuuvfLG5h4kgAAEABJREFU6mZ3bub4MPUV9llPC5y1m5lKL5fILhfHkYSSO0xgoAU9G6YIMmPcrBXBUCDTo9aZNugQN1epBGeUJSFURHODWeHNsSB2cRTMyk0Hv8SAfXM5pGc55gxICHg/TZ1jHmSTVwrdWRQNoPSSD0Et/c3vHINWQDfo87/k8WsYXpufn376eVYj0tyg0vl0kXQg/BaD6lyR/66r4OatFVXNWc21ySNDaJZbaZFqhxiY02zUWmVUqOg+knFdK2X0rzmcJZruIl9bW83pbzZZLmAdWU4Ve9D2gZeQCLPfIC22T43esy4ohG7PlFB3iTo8QUQMDaucRjg8sWN+SbV31D+7TYDDqDHanvrFt4HqHNEtL/S+TVhlJLhhLMlt41t6+ZiAv5sFDSwbBVEYHClhOzlijmoiUShrKHyFxzHUjNf2RVcI8QtyGld195Q5JwrkOzxkc6uuU3KqJTHtkksYI9oSbMcs+WtgjPsT9fLaiBqMOYzMIh+R+qUWgwpci7uNKhypsXCWco31RoaVmkBW1HMUyCCKTD3u5bMCUeC3cvtqkOwZweC2Ljy2oYXT9fJ0Pj2W3YPmp6t3rTk3Pk/N/3Saj96TVBw59VVjQRJ2Gx7vy2zn2GJJBFH2mcnHEfCBKWfqcDpfLuZ8AgKrYVP2vQELiGX1UvNTaV+DpnSuy34t16lc1+bDiN50Gm9hO9Is7ismTN0TS2laqrUJoSgBHiqleoO0HtTlqkCgwcq1FivSOKnWqqnQ6rVaj8+fPp2ent69/3A4HFAKpbyIdJd79Ey02WgdHofVGKZhLFgYrYBOvdpyKERWfql56w7HffO6aVa2OKxGuqVZyEqdmsGgLsW6llhMhbVNd3e962s5PAAVvkfP33YE6+uYIzmWKSwNG85eaf71x438h7aTmXBKwhZMAHExP3D59n4q5AicvIEVIr09oMSZs0LqchX4Ba2oLLv83yuGRGU773MhUvtDNUE511483tjebKeVBujKzbF2lerbcfXCHxIrDjjKWVixerlxXcRKnj/VTSTEqVzX0HJMxhVBkRbuSdt9Dsl2BGIftRALIsP1XMB0kq6nJIerHk7gQfd2VwtcZ5nbP6vusIIUTzS2kYTgrnx02UgjePCTgsdHmWd/UOlMbaApuqftqEVMQ4foUtefl7NmFl2be12vz8JoeLBlkRJCQcyGBfuUSzTPk1jVST+VcHW4klhvHrtx6bDH5aT8Z0pd0t/USAQDwTDEnScdhnwF3LzcH+Iqx80ccf8poEOizzir2uZXXxgfqHg/T20B8vlyWpZzG89VWfiEAgLzbraTOBwUkUTUx+EPKeH5gIlWOp7x9iJgQ8VayakWbFllkGCodiVaw8B5At2iGR4sv7EXhtcffmSvZWITN02OXrzzjZ/mcZ5wMGop5J2+nbmrV5BHUka8lbsiPIZlKhcLUdFySadP17r89Pz5x/cf//Dd901/4NW6dpHsrAJHOjF4+z6SE5ZzKdsXFlqHxd2gueGHcBYSomnMZ6MC2PpBmHNukkkjPrT5zo7UBnGqKm2XikYly0rqTX338Ngkmvn524zwLBrW2XjFfC2Haf6sYUkrFNo1FigYcWxvrhmNyigSGhMOe8WKghAKFa1EyPWscSfLfNwfm22jGTjWddL2Nou2M1rCrIcVVB3E86zaX14hpdmcd1HGri3q5XzVRmlmHNYnWv2SujQ6WFDMtPHkdw/H/W46acSGhtwou9mJW43NYqzhgvreDQI0ULC0kwRpPxooq5lOmmjSZqlZnqb5vLucL+fn0/lyump51GWxb9RIU9BqLfO7WTud2fg7+SpgmqyiZKPC3WHeH5Y2LB3b+XJdrAuPRddoJxo1Y9QVgSi7q8Wb6vo9Le38dsLh4ainuQU8usF1kgqYaMqU3kTjyvYN06xHhRDtue2/9kOjlBryO6PUYWnMBTe+5cbbMIF0Ig+zQ3hZjEDMWBs0bIALE6ExvJepLYRmw1qrHdhSNOZNa8sdkDDK1uaEhmKRmlRaZplpWqe67mrUwK7azMfrtTOv5gIowVI8sbEnhQ+4dFQ4QLQ0pA0QhK/vRT+jPR+RQeRVh7zsitdjX1dkyiIARf9Zw56HDziiVnWO1tzSmP12NipoEKHZDg9FKHP40JGj20z1Srmlq54cPJnCvIgTOzMp40wMUyDB4MevAB9dersmGaohd2mT0Um0ZXFx+y9JPZ+P+sJohQDwwVHLyRZtLMUHmBCR3bgX9vH0rtUEJJzvxNakzgVadQAweSXKhDau/SsWRFDLjPw+fzEtGavqiTXlKdYMc7bPZ2VG7kyqHtECJh/qW7QyIIfQXW3iZLbjigUf6bsyJnQaNLOQ2iVGXlKkbaaANnghFgJLGokoUfJAr61Z6IO9HiKl9CcLxuVhPe1xfis8LEItO0vRFZ/TauxJO740ueWmzAb0KHuHJZigAHtJHyE/qMdH4Zw10h4CpLKn7fQiJbpZV0HKZk2cIxvK6/ugo44ASBGJZLGv3jmRYq2HdRzm6bUdEbelTtZEYQjyPFkZmBnK+/FANbeIij1D1Cemn5jneyxNlKuX2HVcqTenjckor46ZbnBOSaryx/GWP7jwQNE2Hg1Ecb50OQLaMBvF5mH4BRqfb4MCjhe9Nw0tSZK/ncKbkTutD282GM169FMYoUIzi1ElIs6jStnMxP1ju9HvHGbEG2OK7PSSngh/Frgab+auJN/gEMu3fgZ+YWuFg515M7AX5rKX7/HrjAj0667+tgdtCHCw8iVlfEFSffW4c86vnZtvO3ohnFEt7YOxr+CpEyI0lmy4uvnNVI2YpuPD/k//8//xu3/84w9/+sOP//SP+/fvpsOxsf/T+Xx+vjRr2PWkCHlptrvHx/cfP378/vuDRXJb+qdmf1gLQgWrug3X8Ebi6WHfw07nQQKqwdYLitTsPmPB2Q+GDNUA1g0j4RC3Cq6ScSc1mqKgYQ05BNarEA1MaNeokFEAIG0UXoxwXVG1rtrPS3YqgH5jOd0okjhbvAmqlDJvaukFLdkra6kBC8Ffo/gK7pBv/atoI/18kSr5hXNj5uV+ex35O27Btx0mGVhefCghJJyIHJC+eHeOo4YSYoYYlKYc+EAXOc4J3K44bGVjhii4mjL3P9hs/UbHXSu2RNEXtzAG/h+B2hdudbMyN9W96pB8M348jiJ/2KhCd1gtvxgDbWwno/cOppPuGssbSsJUtqbsk6VtWQsyHirR3UoReC9Q9CKRoieT4floJZtma9iujeBqJ8GbTZkvkjoapUaJ1/M9QO4vCRVH4jWqG4oyFoM2hidx7x4i64uVwyjTdhxMWYExBzPqG2q78XJWMRgHbbaleFgtZ1fbFcfIO1nZS3KqAvAYWeUpU5uFeVRq3KXlxmVJ8WI+7G2gN7a3w0CmiMJholsl9YaSeoZNyJkQYBbgqAVCNLtukSutblsvtwi8D2LDr9jrFIrBOFiy5nmjJ2ze4B6n3nxQN+dIVGv0smAOYvsr8yCUkTrF8Z7kXLgbAW4eJeFVHBb0P54k+S2Pu3zp64dOkSGHz58/73d7cgtXYfmGm/zHPcwbUkNwWuuFsrUjVb6drs5QQrJYKf0XsiA5bYqhvCo/pF99fPUmCF8wIx6Dt7hMrEKRhSJwKOoHVZLTwaIXGqpp1N4FR9xKKxLZk3zn9cdR3nyVEwjP+vYcGa8p1r8IHsRUe27en+88I7n1IIsku3DcEi9ehilw1PZ+DiHoleO1ryDlyOVkjaxmiQFngp30X60UAEvUPsmmANsBxItZyrC5sbSYhdW1MQ+rCZrJJMYQvMluDPC3w8yZt9j73cdcQN7evMvL6S0vZ+AuMw2JO4pTcGCmWx3eOTgyUWr7r3hvmspW6p0ISevIaPGsJocGzvJj8ZgigR83NrsZu4MtxfYAyzCsAbBkHq5/0KR4c6GdLtfzdL3yddeM/oWvVc7L8ny5Ps5rs/Szb/a1a3FILzA/2WyFSgr2Tx0sp5wFCkhGCw8jxEqsBVjzpWhYbU41zgfCAeQgMy43f95hN11Wk++rVkDZsfU+QDEJjloVbsFSnVRrNHDTG+dYL/fNChCZ/aQBHNel7pobZp7a32tBD1flm9qlVROKL/NuMZeP4YF0UQfHczqst1vmFSaWSwFS8V2QeL6mAhXIyW5l51Bz0uyOh8vlbG+XjfkM6jZDnCY+a2kDG1PlgJ0JNW0izVuSA7TbIzVENrTNwUBe4wNMXzKvJAdDFZFasLle8Dl/0eAG8kU9PLWecK0YEZkLu7lZtRnGjQ7kW6mEMzmbBuhlixmgq7gmA8t68789lOnBStuZsrqCrYRKUFxXIF9FGXablRqcQX6XBj7BDnwPB1cjpF94nop4sXTvPyUyziGlx46GuQ5kbnLKLCzEFPU3rAAFoy0VuyHcyteqL1NLxVsMjpeJrRz+0Yh5JPbQtuLTq4H+6tOUq8Z0T8ZXtXCLFW/BLrb9VL1rKPaVb5CRPLBYHtCvv6zG0yd10+O5JezhG0bbVQA04tGIE8z/M9XduuxoeZjWvdWhp9BIq/u/rW53StjmPtZ6SK5lqf2gtOmrhT3tFmz6jlDAOAaoI4N/KAnNJc923HybAlpDkaIollZCM7u94ctjlJicOzTvGABsQzZYC9FU7NK45p79kt0sP9VPz0/qGG08dTdbU1bNFpi0dsxm5aKeVBeI6GQq7uEj1NDxfjBK4ZrrZjUxNd5k1xh2aRtJu52pV2eaAB80kGmtvbhmV36EiPOJX0WDsg3Sii0Z4l9iCfzuxiqb+NCxKlk3Zdb7PLjS2R0cJbYkZLRRkXySejk/Pa/ak27dlY/HxyOX4zRrgADiRiJOjHkoZ8N9EfGQQY/rXw0E5LuAY8snfdWBBoph3inIWktaa7kfuvK6IBljtua8tV6sss/VYNv5cvnrT/92vpwfHh6Ox8Pj7jCzhm61P0c1HO8Pu2Zs4WeU9airB6smnuJhlyaoSNa0NZugenUTWNqCTHbWLGYibbuGbuhF+81MBT2AvUSEFt+xmmQuZA2hWxgE0hxzeqc9X6/LRCaazUCsUUHTytqFr1QNFtGgU63hw9MzczObL1ftPW+BHJo2SR57JGZJnmYtljo3WLJaMQ0Ncite3E+LaB+n/f6wv+guOl0ujaC1WtDU5lpxwnyQhiEkvKcUBk6ibmUQK4ABEVztdXb7o0at7HaX8/l6OS0WuKASeSpWuFthTi0rysFeL+iPo/1d2qGlcA9ayVwLrlhPUIrQVacZdE4rnfgmDdvZNTm3W/daOO2yXHVOFu0sKmlhB1TKNm2xHzqT4s0/gU2pc6Hh2+7mZDfXVEHoicY4WaWYxkx2mk/WZreWGSuxy5s41qroU2L4oDR5H8e8q2uUcdf/oJVYbpkFNCqnQSwabXg4jepQ326vcRv2ZVTvilUtExclYUcEma+oGVO9/ImlgCGpdlkZFO4RbpxEkVtF+hQ3HsoaRrOZZi/DQPvGblwAABAASURBVJQRuqYEeNs+Z3O5MlGStGjJjsEZNfaByENjc5mI7uiRHXsEJeMTUIr0R9+5byhoG6nez8MXXkYi2N348FGhsaTsNayK7COWyV2rXuiHyeO+io8E9x2ijrgiKtSaVEp49I17GCAjj+QRC7KV0Mc8g9HUUbucvKborPhTUd1k8R+L1VFeaJ3NkIKOX65DEaqrGn7YLm2aAct25iVG3reDS3nH/zYGYW8LD4xdPRYRj+GY5Yy2AaEMupqg1xJXGsCII9UQ6saYMQ1WYgQiLAtPpCHbmF+VgS4YvCFzAH2dmSn7MMno1EAVQONBbFvA7aEeNJrIcwx16pJTihuGEerrPknHE+LDRRyRhRZipSsqE5kih+iLxFQ2y2FVwoK4nVridly3MQwhFW8+Y9rivFtu84L3DNTfiUK8mSaDEVCE42z5schmMIQsnv6R3MSeSUScRO5Qjsc0CBmVEx6R+eYp+QN7HDmIh3q9kQj/JVerfJYkzqvb2/nKA4G4aoqEOn8IBlUTobvsrX0YCbqCwfN25PlAUCBiDwM5p6oZvAply3j7zmOiTbzO13Drl44NjQSjjF/v37eDR1+hwbvn9TUldf4byy3dougM5JKtu6k/YcvO7xIu0Vtn4M0z9Wvm9E3HoDUNzDGYbdJ+/eKYx8X6uv5y5/o7Vpe33ISH5480zttzmLxAlG0eq82llfwP+4ePH7/7/e8//PGH//7/+/8+fHi/fziUedcmY7kszVfy+dOnp0+fkaN1eHj44Y9/fPfhw8Pj48Pjexuz13hbUeTEgJIR1cZVINkRBfuLkcCFfqdAcRDCGtAxz16tsMFjywCSzHK0YOMrum2imqC+yuRHRpxk6WjceQW6NmAGtyG5WDa2j8+XGj3qUUvR4TPewdsyeFk+lFFhTV0IDyZYHGAhWZVImCjdT8u9asS40MPmfRu1DKoWv82SH4iR55c8m78aU/b3PaA5Q+44+UYyCSUolM1by83v2/sRght80jIyMe/jsRTDhqmdZgNz5IP4b86G/p0PF5f3TLHSTdKUeshX75dX3/0atsNbNvXGcYaqw0Pk8jBaSqXU6SjTvoAT/EluiE9AFyV4vRRyiZJw7NG+6eC7pTrENJm9osqLMj3gYalD8WD5uzH+8guIYZZZSy9ZA+DGXDkPi8PYWuYZxDJyxPXLBpcC+5qy4+o1dcfkMM9YIuY+gUABAo1GtPyoJhnFef5/QV9Z3sKjyj1NkEOJKJPj9YTPpZtVsYXVgItYWo5ingOVxpQBgNnYCsMczJY2AAcVT8Uau0k0SwTCnyaJqDKObqmS+pLd2mxPvjhM3hoJ/X1m7dmumdQAt+bjHeI/2QF7ycgPVywzNMcfGK5KRmunySdc4oE2IDCwgPwcdNLZVdCqzyT4fkGFBqNnitfypZW4D8qKWmcKY7boW0S5fsw3u5hj/W5Ywe2vRPx2nPcf9vgVklJRi5V9+/GPv2/ApjkUFToMXrz+94tLb4Zwb3bd30RfHMKL39+wIm9cNKiOxlsUgM0TZ9hFOAy296ouViMaynw8zkCcn9n+4A6/+LXB4cvN98xveDuvTI6Sc+NT3KvCNDydqG8TJ3gl/TDxki+No4oC+6MZf0i8Xm/1jY9+PG2Klm43KMOzyOsQONvgVKfuE0kPhrVEvS5uXYgbt/N6pdVHDq7Sl4hH/gHWTa48UwjYmBnLcYSTMfMU3fW3YRb2TfFj8vaTkdAgGQjHGJIl5QEkw6glxm8nRjMJyDXbMOyN113obwnZ+Zr2X1ki1SkV4S14EyTweT0EGHPVmCpoXY8FUP8nWyOFGhlWnETA3Q7h9XKcvTPKLIgMUphIvry//W74tYTxMb7Le9icexeNWGW/vIfiSGI1HU3TZKxwgEAe2sqxhzNI6W4uB0L6ICtrULw4ARoDDBE1hVDqwqk9ATX3wnJuO2HPKPLNw7DP6XJrCvRlXXfN9zBbn5wmP7Vbkuw8qEuQQOpqYpgYrTK7dmRYXFL5k2Cl4pjA4rDCIaAEDxIrBTFPUqwwnM5XjWGbpQVJgo1a980LofnY2ihk0l4yRZOPi3VqsGQ4CdKa0NUOkMtCl0wn9HrX1h3CjVhIUdU86+s6aR54raH68qxODc0NVn/QoX1+fj5fHs6Hh8cNPHZ8RxIp8V86Bj3zDvdkh0pmv4Qv32ZSywTY3tTid5o53bxT6/UJ9d3BEBgxI23ym4nbO+wYVyxaSqCgLlB1Mk5VC4+bInyDg7Bpu4flzmiDO4Wf2MbbW3hDrfMwPr+9vshUJl/ZFxJERO5K0/68myopBqHhdDV+JYUj9nCUE7lJjecW7uybNLc4EjgramfJ1XYCNberkpfX7ANdYuQoI1SjtwduZWbKSXueqQNoVmFCyHQe1AlxDUg5RfFai8OEE1E01XJYa0EvAi6S7m+KvyuP2dvieZXsqBKBfglE4v9ioUo6H0tqTpz/KTvXKUVrCdBF2wFKO5XXmKfVKqJkByZjSF1geWnFgvR6m+YhOQAOFOMnFd0oSPpLZTejvub5ZXQ+8nrmTM/rdUflYdJ0KquL3u4+Oc7oymQZEYvZZixUDmGlqLcBX4YmKdNQb7GTJWRYSHsAc6utE1Ud4INwb5fv4k630pECD0KZomi4P3F4dBjX7x35hcgg7smlmf1cEdEX9+ojMb80Tw+Thq49HHVCl7VxtXW9apAV7xoNNV7YXssafBi3rNn5pUOdhBqWyI0gUE/mFkZLjcaAJ2NjU/PjWYeSaUG2MdxHwzy7cOk3t3m8G/3zOoMdFP/OHzT2Rfe3+7U6oNPYIwvNAP0qYzDUJiDqQsMV4v4mndAGEBeqV+IT0Xk5nS9y/iv/eH76w7vv5of9jtADdyLu8Zf00swiQwBTfFYyNiGnxW39oRZ6IK4eEZ6VSw+DisVYOm/VPkmL1MU6wang2GnN7La4TRZYg/T109P1+Xx6Pj8/PDysj82+/H437xtHnMgEX5Ma+2NjgSc+NSNzkWXRTSYlmFO8y4B/B12smycYHvnV1sK63WnppwWhiNogZtY6k03EVm3TZ3Ur7FEKjaIwnpbprtfGgdAqVEpn84edtgha1rndVhsJLTpI65dXtX3tqhEtjbg0iMEoWt/o/Fw9R1Lpdt5NDuxtr7dZOu7Vxt1UwtPl3O6qaK0I6nC0V9vzft+QiLYi/Gzd+S4NPPCioau7626dr7vjY5t9iMTsOGc4y2IfYdHinTJVtZYvZggoh+PDbn+4XrSiSTOmX67XNkmrFh4y23tjwlXmeWmzpW2KrtYUUO3j7ekXtcwftAZc+7eNE83VIlCjLWQ16/iIa3lqJ8quXXbQvkvHy+l0Pl00MEm5adQtI6Ief4XtUDgTrIww3RXDG2KOfXqrDFSvvEsET3hDnIDxOiBaL2XaXVbtH7RvAyMty6QF0jnaGbDvLxt/8Th7qxkjitLguNBiMFZRydBxtRrpJqIcWihTQ2GYOxvztsZV32JJ16PpLcieU4q5XxvuXcgktH72oJPVjHLiqb9qOoTLBHXRQly6hE8VfuOmDiUwzZ6ycXZzxK/qGNdA/4bHqgzmxl7GKtYqs8deOwSYtIQHeKNY3kzaNN4KlxFvvfK2D1w3oU49G4Oos+wMVkbgG16Qg0Y1WooMmXmAcE6Ev2Ioy/jbyt6s1nOX3KHsyMBUjwlswe/hHLzXunNm641zyMqc8GK18ZRnNv6pBeGUV+uvGrGPUDaNkkeL3ygbYQrfQHKhvdqAhhjFnJouLKjwUMbfjQB6hzknMV6pmz1BC2Pc93bVJpvPOi5cx9JWOlGKF3VzHO52mUFk9WdF/FmuIHRb78MCRGvaeYSEiqsSjMd2jblY/RGvAWjZgOiB5/qRG8hrZApRhpqy/21a3VJ9xeEy8EHXofq4X1wM7vqLyyDV2LUZ2Ff05tWjejKSfdTs5LVmizfUvfnu9hg2xXjKSkDZJfQvWXlzQsiaEVBoIcMV9OZbvgDalQ1k9VeSWHrwOxmGJ1vOzi/eLPiX048/MmLKY4gcD8tL3FqTq5MDAh0LGp5iXFG+OXU9h0pgKB5CP+gWDCUwMm78xPwFvI3cbOouyBgAMKuQi9M+gTlEGSmWe4vP3/iwlbppo+S4McUw5AO2UlcWuvYitNUuUjHqmguP8Nxn0nnT8OHAoH7l8evv8BvfmeOvXGe+c8LbbsW/1du98T65KZMihmsZ6SkMU6KJoIb31UEwPxw//ukPf/iXf/6Hf/mX7/7w48ff/3g+n9o5y7Kenk+fP3369PNPcFk+fHj//uPHx/d6aKHEpmKsHlhRV9g8MnSNM8OaQsqCS6NEX/uwgefL5fl6OV0vFz0nQjoMzWrASfTTsQzsCC5BBImmgVmECl6NLYYb548zkrEwC5r9rBLhJiYszOgBnAYwtl79hqngcxiTNc5knjBCqwlrKUNmJHJ05La1aqWIjQ0VWEPJiqNMsS6bTfcLj9EU4HMdx6iLMd9cMg/M3j68f/evkdxbmRy/fuo4YH+H+HubUM7eDjfOlBDYEjEAIvfge3qCPGR0mH1mrz+LMxEZFPJSwjQXvHLE9/T2d/9PcIQ5wmRzzAYHvEa5eNlWOgGphZi5Pao3lE1MxSMLvSlz8pYBvvrLcNwZSQdPW6uxdOnt6pWLRUA8p0P2YAIIXTfBcPycTxCPnPZfi4cGGFxelbe4jdGhsybWkLvKJDo9lZG8+pvG44bRyiCbYnId/uu5xcuDkuufFLAlAmbz8twMMhwuOoLsi28DylpxOKxFC7+w3gtSPiKKT1w1gBjlwFk0YuQYSi6O6QHIkhywIkYk7muTCDRB2Ekqrcx812IYUEjvrZt8xe+TlxcxXgNp0Eu5bvm+jd40xsh5FRkSvwCvLAug2R8WS2nSxAQvYmEqCziRQEQ1IUUydNQWd3duRh7qnWfZkKcdv6ynNy4C3Bn45eZLEFsJ4JvPTfy4xXMOE2Fe8c8H++8rI/DJ/uYt/p/y+JaXtHMXNSlq1tjD47H92nYLezfogYx/8Wj+XedczRrWTJEzqra/UJXB5D0YjfzfLVx7BYx80fQvCFL+pViqM0B+9em+6we3HzmL7vJFzDTf8Y5vLefAmyemYh4KGYVB7SVjJYqWkGHdcE/A9jwiGiSbfxpJOrfEKq+QC4dh8MU3A432NDMXG+IcJUTqmOZhpBCRJZyiy/8euKgZ4CAc7OSsSBuBKQwbfZVxSDIITeBCFMBmBCNE74ixB83m7UwIxBuBTs1PXT2xdUSvvXXOYKMUGVIZ9ZETwUlRBW0lOEPCReRe0In4CDt3NX8Jy8vT2K1uHaeBxti9reK1VsLzpFFu8Wi2LF4RdNrBjdAehj06EWTcDV5slgwbT5FoBkIp0v2u7NUG4tWkj9eBxvY1YK4zND/5PoBXoNiamZhEgDiqU08SNWixBHhK9YxejfWsnhWC3vVmj5NUIsSlWJJcgCKHuyhmM9heyQsS0Gw13+YpCiNqmKyEil8ZAAAQAElEQVQ2Dmtu0sX1WIh+tOprRl5FfFbqSJ1Y87o2XRQNlzw3HNtWK4Gua2mW4mW5zqV5euayXK76pEWtxZqnCNdMkxdPT00J3h2O3KtrUw6VvyXb4OYYP5QugmwlJ1NrbQMi1mfXPGKHw+W5uYiuVPvzsTltmma5Vg83KtX3QCM+LU9hPliPMdu8Ag2UPb4Zuz79JpmY3ggERoFWAOytXH/BrpYR43zt1sz3Q0sD/lGoQvH4jd7kXBhT6ZOKGQaZ6ZVaF9DSqKUxjAVJkdfLwnIojWjCzseundidp4JkysDyeCN9Qa3wr4GeM8/6yupqQvwPkVvGbWZWTb12MLliBSX4TCGq9JV5todrUIoFwylllNSMPFi5/W8xWZhB2zWWm2vKCVzL4VuERl4dMmpufIWfoLjmSY3w1bqjgXKrVavQL8VZlAfKMXfGdbuCvtSu+oeMLl6tjDza5OZ86qJuhAS2ZkSnujT/wFH4Mh1WC0IUivRMC6OHMBgzvNWNbQF/GdQGHsCW8xrqJecYpDtvZHidKPdO7kIh75ZVSxRoGnl3vIaMkiIgh61N7fQcpEu0ZRT55vTigBjCEoi44lxQJcsaoxSO8ArlyetsPUc+lAf5+D0v9V9//uuny2mpWhey7DTS0KJyyqQVrqBLkVF7L9oh/SUQZ9ZjCD2V1jacbToraW9OuYnV8baoK9QydYv0F9u8ZoRA3bwmM20Z6avAaTN1xcOjYiEMI7kRdLLCII3r1/VczCm2Wo3ANC345ghvhlKMWRsbwH7SUlOXy+e/ns7Pp+fz5d3pd4fjQ9kf5l0BwtEVWIMSOkgZXtVFYLLC3oiLBtZFJANYkpAN+LxKRi3rlK9Sw4oi1nPBzJwTT/uHZli+zMulLmcVestZAxfkyUp/1Ovy0JjIIzcT87zjncUGzlbeY9KaIdcz02Why4sZz33QWb8xG5MyrqFHiflqCTHwlZbrhZ7k074eNaZzrRpQarEVBtsZ+SJkFmG0K1Leg4opJkcg6Cx0T0MSNIKiaEjmbl7h3G9GX+0bo+1p5nleNfxm0uZB08Oh8ejTcjE7+fV8qtfrfDwik5J9PpVxFtntjqXZ3GfrSXRtGqJuK2t738b67vGx2c3PzV5+5tX6Fmn4yXpetK0P8/HBNSkh8HP2eN9JslIFxJNYMQyzXrdTd/uHaXdYr+f5ckV98nU97zRC3Po+czPEm4dgrxmezUyv5afau101OGa6NHByQegJefdGXyVFnoWj/VwPF0allUm7/LRrT+2ml9PFk00bQ1idKpHdJR5dN3HGRSDIiTe0LRnP4E+K6DfsKoQjVkHNsZptMoVcGizrdL5c95f59NyAjnrs4UXQqUcY5ZrtyyI+wKlfy9m08+Yq5OGatnQaoNNRP6QgSbQe6LtPIh1rI4BkVCvItzaFQtJBbChIhhfCTKShQdBf1Bezq7uAvpFHWy1Td0UJetezvFY8Brdimzm66XZDfyQj5l8oQY23z0sg5lpJKDsp8JPDiv/FdKNj9V84fx84q2xho5/B/W7jEQI+iSHNUwGq+i0GswRzYluI2wq0Q97gdRxJsh/XoJxZQlSUGy5cwhQYShsuhy+uSH8Rl0gUlrTErqurTzqU6jBDo5hB9iXuMNempKgqsWer4IP+7RZRyBbFwTz44THbw5y7PXlY9wC1k2Nde+FSZhoXxkg7wpop9G7e0LZk9YOhS5I/qcQKsVsAbEZrNp0fLBMcVnrrWNk3AoVuaCsaMAG/pE48Fc+Gdy7Afq0vgJeDLRq9AziRYUB6S4s29vR3b29VQxdUvdpNIms2d4gVlAgYrl7cKV5FmZCqvx41TVGJgxJmWSomu4klhxs0O/BccDvfuDWAbBYXyfO7CM0R3mwekXX8UMz/Zndc7U18Lsf4IgnlJEFnGITWTkejluETzhGc4amZONYxIsHO5rEqdIy56/LBXRI0Mm/qu29f1E0poVCxbM0tQhmmSDkMDgLzrqkSm1RfI+l6mMl8qJ82bCdHzUTkBqstl5PBUeIMiZz1CwVdkE/ZMG7maLQn8ffmvfK8u16E8dRkbP3O0sWN+FaNnI3xhYPpp2IROl9vaCADi881veHn/GJM+Pgeteq15fb0LxxMbz/4W05+9Xg5rrr9gV95OMc54+atcU956xv/bQ5b2CIvBa9/UnyLhgy2PnBNyWuQc//dH//wx//+L7//y5/f/fjD/sNjE1PPT88GL9fnp8/n0+n56Wne79797uPjh/faTOd43O/3rOVxlXtnxRGK7jb9+Z6QEVtALIlRkEioHTefP3++aHSL3kvNaxFlYi0md8D5YW02C4Qmxy3ZWIctMLmkVXroXEPm/ta6huh0GFdZEkLkG2AkqICCJp1uRCpe9Bq7CuEsatZB7wmLU0dguWPYCmFpUgi17SBXNTGOszKK60RepI8ojVe3HN+X7gtH7t/B5LW9h8SJ3fRgRfhkvnvj2w+F6Oa+TN+2XTc3HlErxkee65x4p3MfCe2+xg9rxI3TGFVNvoyMJY6e1oDg1O1/Lh/MJa/KQ3HwQ0iMEwqFIXa1eoyNvVrXWram0hV5XWVQaWR4r5tj5Cn8i+btFx/3xIm8OCdnz1k8x05lM4eJQSN3ooG4ZfDtsUdZbqg0SU42wQVpc8UZ9WY8dgfTBrWo3Y38Yso+kbhzOPDZW6jWe+8YpZ4de9awY+sISpgh/dFB59wDda1RsSih7AA9ippVJlRS9FhnhyxGjwB2luJJCFNBuswKLdCqjqvtEV1X02zNri4yVNlAi4ievbGA9U2EB0N38fEbqc8OkIrETbLURV3DXmblIS0zLDNRCls6kaCzel8tzXI2eBWsw81TAzR0SgBGs/wJVzTI3H0+HstR5N50mEf3CSreBfzUwqyScQ6gGUkawtOhgIkHqUMnQBiMWAOkqItLFLAe7XqrVsKlxbb5ri1VRTlFZfVanpSqLy33yRb2d7WRlFyCoG5XIoun18KdVCMr0uE3I5rNQGxT0wp7XiaW2U6qLkksjxja44RyLO6sJYTMG5GJPcznI03NQMnqX/MUY49ZsTz+anOjmTpTYEdDndggHO6B3OlOmLoRSi5O7kd6ye6YIstEBiGxPcstGjcX/jaQ7hcedwXn164JpMz8ZcAnoZhxROA1yrhcmhGVmrFN0RJxQvtvG4KMY391GG97u1+BWVPrMuVjISv7zOpE2JE7+dzcGXvXNMLw8tsZRWuwT2bG9eIZlKiINu9bIuXlxSgkMBDTdl7eMLOYyoY+Z+7KJbSirR4YsW7VKutygYjp6mJ7FW35QZSQJnRgt3ECWFISjrD3Ctla5tKqtZ1nIYrr3fAjEFyS7+GGgcG/LuaBYImcvSAVgWeHI5MjbiGUkz6smf3qfcpMvmRCIqG9CViehD2Krar5rCdYCYop6gHyADnab4skd6fgmJ7jj3O87HmtGqXH/ALpWtp9HxeR9xUTrRpg8zrBSlbNCwRBnFgiWJo4Fx9WQeB5cJcoMkUZZkFc5DEEwdJkYJCNClDnkDVzVqH+6qGNjmiH5WXeUGgyCreWprmrnx4/WeHkvMRH7k0tKLRRzDbiMPxqG5ZHhRavEFA4MA3eDfThljeTb+rQMTDAJEPIpcVz2O6umCOAM6fVENzdcJprrc/SLGFan9flQZYdaZRP06/MXa7apPpy2FuAkDlHTCyyeOVlpl46kqJiM6evL3ACkTOi8AGaMNMk5nXZaUdZT0MT6dpEUJhepxnRzTcy7Y6aD7s23fEyGVloMY/VfBjeKgUIC84FC5gRjSOZdty8ac0rtWohOL21laFAHIBGBiA9tekW17pe6zTjlawpRXvyrvl5ni6X8/V8Pjw89GFxMrrExrIlhg2fvOWZzHc0u5Imck6GAzxkPpXDw/vmLruqFq4atbM28/s276L2Pmnrp1tvifnPpzvrKbVLRN0F7iAb3d48MswOF9jBoQw6BQUIg7EPod2U2yz06oIyCKhb5/OAdU62bZ9VctP21tBJNz9zxppQt9VLx01RHZEcHPoeTs4KvK3uL8VLqzGHRhrNtPC8rM91OV7rx319T4d27d581xO64yBsoYHqUusg/WtqWiZImiS1Ok3N6bm6IWIN8SHOKUunItfp8DtecEyzqYk0PDwL8SCU3ggriIQUpoCFAhHP4tEkqI/gLmruJmlP9oWNtiIuxbgje7C7avzN/FPbHjUUsRpzQCsWPG5FPDaCUSLtD+9ERJs8A58DqBq63+wNy0BchEiFgRrLpoyQD0ql6bPUn5frX8+nw0GbPs9GSqjHZVVMkIjk2g9g8YRqvvCjgsDbnp8YHZqDqDPUHXsmpjRsZ4ANrhB3whR/3SBnIA2UboqYIlSvuUXmIyAvXthzQ+4jkgqac26Lu08hb6J4ixP7lIKq+tltlWZznn48PvB3v1Pc8TM9LeZs1hqTq1LyqulQ86RhmxiNenFc1OrkxgxAgy/wu0DBX7xIGvYd6j1ozOmkKVa2dtazW2zQ3hbb96PJNu7CljlKJYWvt7tKTXClNTOD6O4BbY92i93nCJDhrZu0T/hy0RQIqxVSNsk4EmKokeCUP2oYR/viVOvl2jzk1/NJQ9ifP3z/4/H999P00DCSTUK+SbVOtIlztoyMgmwQntCfzNTZggSKHjxLtlMCLxk1sHNEiehVwxhk4TWNf+3rrr3haV1Oy6VNytnqoTYR/9Ppaf5raeKtybmHpgWo3XdXFu1Bw3U/H5rnfyl84XW9eFt0a2w52EBoiL9yuY8prumA8v9Zr4WDXa0f1+XaAEDTwrSg2Lxvg9RgJ5o1bGRxG6LZegpWUG3VpFVMzDRUtAeJ0Zf1jtLxXhe1AamFGUVuyDShWbTznFqy58Nh3/aYRpHUqxV9WbRrs9a1mlFqEYGu1j1CsfMs2rNOq2ig1FOzjE3lsNu34R73h3bJ+XopV2tD1L681nM9tZs063lBIbYyilT2ZB2RkFe+I1aLVtT6p+3u+6O10pmalL9eNTdCTaVWEcWs19oQttjLaM2T61XFi85W28LLNF+Pj1UDbLQqnHHUQuyZUIGr7e/A2bj1cdrP7R67Q5uY66LP1QY4zYYCnC7srdEkKBY9S7EoydGMFQWv3rCsARp1gBsUTu6d1skFRWoJ9zLPJwTRauDv8WF/PBJ7QADqL6IwWN9PCvmnCr8/LIfavMkycQV+aSt/YoatMqG0R4Is1+ls27hzrhfcFYzbowV84qBwivParhG4RsexJfUmPLlahhlBNrCGpS6agBvFThAmLY5F21VqR6voxlR8hID55INHkxnyeayS2pMMrCIzI5iGPeuoKSoRkFceS+yXHMrfn92gR3GHYXmHd7/DgIMABjU+Byk3H4y3wgfSH1KyBlYPGwq520VDJ/Pu7LLYtcScVNO66ILUVxhazPAKyd7CyR0VGsMWJ7A6wopiMwg3OE0mZ85V4/mnpuNo8BtPntqodKyR9KY4qI0x0tDILd6OZ3AGjQAAEABJREFUgI3ktC4yXgNVMa1ea6JfPbFReAGXzJdO/2kKklj+wbgSxOD3ofAXdwe/cy3HQSVXzfedwH/tU8Kj19YwfymoAhoSIKkPG8SjuQH4nMxwGur/VAtP893pTRxNmIr25/IYbq9XXi0a2gfgHe1HXEXsegewgK1yHUjCXqf4bmermmPvbkRb2WEf4rcmD9WRhIhJiYiOAQCraZn0JQC2ySOCfEb4WIcsSsIrFPZiStVpdB0otHZT1Oq82BGO1Bs1LXb4DbjskgHS1gcqw74LvERbvBVKYpicBrbgBDxua0YGCw2HMdl8SFocu5qMijqqc+HhXmCoX+EUhWfA3dEnPSCfb/GgY3+GXVR7XJl7KQ2yc097pcz5HZ8LDUwypn0Uac4yXir2dw8ezKvbmYirfHuFUwzA270GrjP6SXF57OekrFiHcqdVzu0QOSr34MpBxZHtia++Ur05j778wLcd/JWTxffBePO7b2pvMnyzVg9Cd9dnzxfcLHr8bIY4mJf8jPijH3wlXeTuMZoh/R+nbH5l+HS7Fs6useTDV2aPNYk5metUiwC2j3cPD/NxNz8eP/zww/d/+uMf/vLnH/70j7t3D03FW2Q9Pz01XH45nU/Pzw0HNij7/nff/e73v3949+7wcER1EzIDhaL3BtbOl8wA7Dv/HhhohjaYVe2q8+V0an+38RyOx4fHR1QV7rEm4WVAcRTtA9ssXhfFpWK1AzTgZPZieExhMgrzd0X15mVFv2wfoffNcz5k2v9iEdwrSrQMbrVKXohAbY/F6sFYHlrkbXpsZLGCdRWAxAqcCDLoG34la9qQtizKvTkct59s2UZ+e0u1bp3OnR7ni0M9ys3v4hHVuPXL+T5h3Xz2UpOWb9uwL259Swx954DpOMOKT7ynW/UzY+nyzUN0h9S0vknGOXsp+JAPAn7d1rCoAyMCFXuNstLlnQTxmjLmUiP9zBSOgnu8he8zqV84ccy/cLrfcngH7RicG8nssc5HXFMl31kE7Wggtfs37pgAzzEOWUuacvwYIU5IuPGuWF1HYDJEiCeeIlexxpQi6iB0oAEKCSmJ1m5EGVZczBHIyIvRitXaLFNppaAItQvmsLHAeeKJxW5xZmdEMNgXgWZbIwpqi7qMyJziYWiPlIHCfIMKcL63oaBuaraXsj5fbNa04IAoTwPrm6UzcUw2SYgr7MCVEaaBRBBb/hIA3WuDY4dSKb1ehu+VdMJbF2UyY1sl9EzHdFVUPxhf3Xe7+6wcYoPaJLrPcuop0oWrG6zTwByKOgYalLt1ZYob+kwF9FcuKPwRGx1J0tKlOMA0o3JN7goaiKn/cTt39QB2lnTKom4v0qzZYnpUWhWOYuAbwq0D3y6IdHPyJnJjmiudzc1TtYT0iBKh+VhCeq3iGd4UkSgE32EpKH/un7GTYAiLtCh0WUWJQkYB9lIyDBvtCyxL6L/CwSlXvwZJI5XCbeO6yOfzGYljVmBtuME3svpRQ3ztFPq7HmxxJxp00tjJlCWeSTKzyKMUibrNx8yIxdsi41znPOSUdsMwaQxqzhNEfvnLMgohxHgopYg47ad2D9hhFhuLdkgGmFADeqHz5+EZJh8yohFdSQDUhu2Ck8jZLvyUrGEs6S0fNOwUsGmf6uiJNzL2RilC2y/JTb2RhVugkiptfuETYBYbuBhqaC/eWcOvE2dpWkURwMuhucXAuXZgUmpVr1AspUVklmS4kto7h5t8eJV0k9WK7gxF6mABMZ9P0TTWVUH5sN0SbNjMTNSlGHuSEQqeriFcQ0wg4Mbl1HZWgwDZp5Qr8kuNXcto5KwD25BYbnpxt/sKQ6wPUOiIYXArsz2GJhaWDfTmACABPZtR3yxcbj6+YT7sxXtd7AvqKXitQTcpZWFATEUNgiwjxos3rxI7AmZDPK+Z+j9fntvCTY+Ks/e6E7WO+/P1vN8fKogdJZY7rtK3LJCns+ZGaxmR1Q1y+iT39eW8+D9hM9a/m4+hee1Uz5x2tlRUMoLH95AYjGke0Km5Ha77i9a91zzm62w64WT97OvqELQGsaLVanHSVtGvwa2mSagwNtcqWVabeB9aAzxWm329rHKQoHe21rK76brTeifPz7M1BbAJFLS1YQe14IHrYK59Az90FWagWo5wqNtLgZ7acA7Hdw/trc4WKOEzRXhh1XLhLEFOiU5oSSTk7FyntHYDscDQxuFXwiAc0jo19zE486FkUDK8plAJ5WFQamKbO1JnM+1MXYdI+7mT+o0sjil6RQMPHuWmaQ+sGCOqZbtd7TO4Borb6YWXYv0ptG9CM6aszdVXmyt6Tx92h7akBzOB2B2LdZa0cq+ZZyjJTDh1EPYA98lKg7CF2FtXGe524bRxOJ8JYXKzbXLsofyG18R2UxmV+oHBcYc9WWcr1AoOvgtU4A/0xvWJQMXdBTowxcxT2dGMcMLm4XQLOmfQz4BOeXiJ0AtQASlxbBxWnsnJlWizG3BzTmRvD1gp6L25HZ5r/elyfpj3zQ3cVmcHPUC6KVt6LD1BUvn7+JytFoteC5JYmTdM3hXeeKFBOIQQzff38ME8iwUkVlJUQClKVk6dP0gQuATrINrqnDcAjPqY+k+RX6jKrrfjJIgHyXUgdIQlbX7TvOIfHx+1AUU78fnT0/OT+uB1QmoT1Yedznubr9lqRTosK74N8e5mo2U0CcAKVbwhDEQFgVEWe6H39GbS6sVWsVcZoREcO8ezk8r2FQN1xGvmyjGP0lKGScUv4TexAfLoctTSK/2uylH3jWHy9eqeBEPCFHq97xOENquQc56kT6hFnlRqXJbnuk67q6VbffeuSY/p0NTL8HNbJBf6HlFQQtJBvJVNKoKkDJ0MXJAiVzpeM7xJI7UKoIiFhio7mhDhZANV93Wb8UkxrOkFtjK1nJmulZa6/tvT59Nyfb8/NlPww/7wsDs2R79GYuzLrtJuqvt53yzQ58UaulhSWTaa1EkB7+1bgnPeKLdDULvxOMuuubS3XpBquK/7RjazaJmV/U5T0c7azgh1Nnxhk5K9xEWhdXWEXiJ0yRpH7pTverlsRQbtTkvx/KJ9YxTKlKdlnYq+0eVyObdlmg/7ZhMoJcrTetEV79irwLmhlWjIoHdgTXz8+O59QySn87mZz63vjf5nN6izvsZkrXkn7vLSuK+GtKyxiCWnRVcHbYKLTn+b/d0yt/Gpqf16affY6zFpd566Fmv+t7Q/esxa+Yw0Nub5c53ni6EUTRvV6ZnHHcWj4IbsMxppp5fd/qAovb3E6XzViWnOh6vvbyH0MfMmQepO9jLtJHnXmuQ9EC92q4ERdkGJX9kVNUcaYCBi1v9l5XVBSKINbf/cHB67wwNr4LxOqaWc7qAC5OSatsFE4VxVeNjWSWGqtd1ZETYhWgy4OotC4pnPR8hLDModywPjFY8s4G6sCW4g8YODkCB3ckDlKCHYCluMkXZamktYvPxv84WYF6QtdATMeA/P1SNUcool5jygQbL7NfQlyVEmonJYZ0BFYvMOYpuFRsTli4SgshRmMvBbulGOpN+MN+H43IlicLc5u01VKz7vGfkOZXrZsg51+tsNt7s5rEFpfBvcc7yJU+WgsuOlJc4c3y4GVZ0pW+yORy95kt3iE2qtypSWHYFBC1ciPqsomcwRoiFsCIPpZmcv4d9YxZW5BIRBdL76QrJ7i24HKZzyn0wKeKu1lIqpUqSJZBCIRgypiTgRDy8tUdbO5qRJEs1+YEJDS31pMxRX1DJBBmB1ZRYyyLv1aYQbeXKFdVYlVx8UG2rUp5UD1ULVyC0OrVbgdbBttVRp3HDxgmlgG46nVx98QIoxFiyizm3p7blBlbWf7LsXxOCQ3kpfhXkG08AjBWaV6i4Q8Zs1rpc+xwJjiP8kHCVyOsZAWAYCu1KTtTD8CDt3WMcdwLvKUCQTUPxW+KKjKTf9JxDyseBt442S2W2jvai/NV6c+oYmpAq5kA/EF4pQJ8oiFGKExjvd7lWh4Ry9rqRCIpsNS90e1BAIonrjk4wTGXlivuloy8yv8vFd8emybKMV5C5CySU/kWi4Mztq29Q/ecmVyLOmbw/evKKPEBk7HXT1wRBtw1QwE5vHxN1kfPHbl4ofJPmw0MuBfel9bmfqC8dbz3vjcSupv+0IgSQhnm61rWGZJCKf4p/4+83BNje3Dr7bLxzSqu8NdAQkJSmIc/BxrilYRaAQ88y7abIKI82U9t0//en3//LnP/7zP3//h9/vj4+raQHaH2BdzqdnRX1VbbYf3r979/HD47t3x4eHw/GgliXktItcLyuKhFSv4dz3XxJhYB92235TNy6XvGqap4f5sd3z4fHxcDx6OZBA8ggcIS9kVdeIHbF8bX1AGSqI4PkodCXb0ibob9gnbIjrNRy42J81Uwdh9y7FQaZVT8m+9Mwc5iyAVshrnqzcyxknYWyo0eJLubGhEX95kwwG542CN54jbyB12PXcv2VC2AJgZvp7HJI6n/16G401mvL6D68RvKMKX1oJ+QnmaFr2Ki4IuaR/P6MXXSp46ybaQNJ8vgqQmlXRYpAhacMy9/I1/5Mfd4QPu/8eWXUuMpNqR9vJvUM2U+WKn2/LO7NogCFcVjdxLb9o+G+7zP16925hIywI7CRXxwt0NekFf9mzEDpE2N7EDZuBzuB5GWEGZdBD2kWGIWxc2t0FhcUJDgRniY6tRBsW+yKYW1QC1RQal1KB7Kd401iRcILecBxopgE5yYupI3eeXb+LFTcameBYtDupdVB7EqySZgD/5yWGAH1ksc9syebEF0AtfQW41rRoK9nKCBAL86H7VpOaLfWMrNaTuoK0Tr4Ze/wxKb8N97sJLv6MUNanCqPEWqDtGr6J3iLkfT1RhNECenbaSFqNOoYv3fogSMEnxABJiB9ogGY78jZAQHSemuYxN5ZDiVarvPZVCDUEf3nDCevtWly4kYQYS20QFdD9ZTBn7BrfZpmgvdHt8fVtyF/Guf/JDv4q5x+IhilClJsh7927x3JTc5iIbotJbm/1N5umt6CI1w9QOofHkLU5twUaGIlV9k0RZpUR4PYByBxCmcKmP1KmZ/NEiFglTw2K66NEGUofUX8Ev23esntaqcKxn8HJoEzzYNozx4aW1Ga3pcWagXGGSc0tFuz3jw0Xg0M9hKgp6n9Cb+XIjIndxyFARw3PXXayed+RL8YN8a+VwJBBx3DDJF4dN3dO50xTKNUKJ02OR+HGwl3/DPPhjUrZebxfV6zOYV25g7LNCsED7ZHeYz6aTa1DezdLsFfmEmOu0PQRuJeJd0yz5SA2D9dCGo7cZFe1BufJUWE3KljAYbgWxKxFEiaKdTYC97rtvdXjAE87mTjWlsniDPBV/dJOCxn19QPahmz2Ur+ymRLVV2fVNLzelVu5hOA+geFLY5msW6nx8jruk8w76wRbYmlFkG4eTk09R6dJQ2wslBLl7GNYnbvBHO8WyKAWbZJ6XuTzynVVvQAAABAASURBVI/T/uFxryXlmU7Xy/G6r7u9pQxrH6DJjPQCg6juvxWawK45cXhviuulRg4QE+X7bhkOxCgq6okm854vu+PkKf7MCcAsbKAEdRbNw354OC/Xw7qeznVuPmbWcJmK8mSx4sVr3DWktV6t5nIT/80VtENxzHluBmErxijIKaxWQF8Lo63V8ylMv21jbCe3n+dJUzF0is7P59Pp+Nj05BlsNndxrJHEn24Qk9f0lfFwW5jg/G5AlsjChCXbSEAzQvb75bBXbVmuskIFcznYNHktr7GqU8rc+dpkvlmJjXxWQuhzhetkhXIW+nay0Vwm8lCA0SiH+K2OvVP+8pDHBu9KtFbwFj8R+zCqmuLJbOYbZp8wZ3ADU0omPowu2XHyQx1VeEN9JnMVyFVIJy03uDYCnDyMvXrIShMq6okXfmruw6sKxYYSxEplNHX9oN42fR3voIUocdTQc6HT1S72TWu1Bm2FUXgxF91+CiYZEcpuMGVf8Rqx3CJRoFykK8GMtXUOHuaf9tDKKZY8Mrw4QEWaAzsfkLB/Y+E0kKbMIjlREEXWkWe2x1kK56oud2cj7A5FN4lKxgXUzULnzaqJXPyDYKdtzid1FuwfhnR0ZocF1L3b7Emf1/On6/5x1/b3DkpEgSxhsfoBRqDVA1coYI3N7xRBeGIMT9VKqyk61BanQVXcGojT7Mu34CbtFDTSsGMzoo4O3Hm5ZQ4yWup4mD2hZIzMI2AMgEGBRBQXieuQ7lLhQeqx67zlsCvfvf8gzZI4a5jaej4tV+Umbe6uCEHS8hF7a6ld3e9ipDdF+pE1LgCGskfXAfl0SKSzr6kjwKiOuJTNAlNq8YaMikMlr2EuAZv8wRQsxWXfaEykAb4FVPEvUMOf4NR231jq223h553yeZWDEaBBGR+6Cg0s3L3FZUXpXwtWetb+4nX99G+n6+npcvph+fjD8fH748OhGXkXRVnturmkb8bJu3oIrLF46Ja2ZOYEdp9h0IOlvtTk1O7k8gi+YQrYIg8NYYCwuYlIFQAaHoOyXtZjbs+leTJFS2jI5bxqP16NvOAm4/h8ns+n/eX9u/eH+TBPO81KUXt1OU7zZV2fr5dP11P7eyUU7iNz9mHLOxoJ8U202chEHU8zyospgVYzW1to6G63WLJjm615P8/t7ou1R8A0aPnaSDB16yPovGpYQQTM9xby7bcV9UnEap6Y+VpN542mNXbTDA+XclYAcmmYYPZUS61yVp1fFRRk1tjWdrLZy3V2l1UZorZwnCxBc7+7HC7Xc7vP6fR01Zut87JMu1n/zNaXp8EIl7PFQ9JSDhTwIls2sxHDytWuPfBxd72en58u51N7l6vGYVysigkaF5bdoQ1g1Sol17Iq3tGWLVdNsVmnXd3X2m6iYSpeWVV6JRKsELt00WQ0Jeb2og1nyW5/bJBpfz6dn7QgDubbKEojawwdmUivUKFQ0Sa5F708UqKBDScIRxUr9np+HEENQLhoBagEcmovdb3s9+c2k+1SBUDW61C9ILjO0Yu/nITE14m1Iotq/EKDcqt8QpTv5Ey4bDRoLAYjpNMNeO5zrsy3dexwD/bYDAru5+/aP+zxHxYNjEZO4Xj0GVKppigU1Xad1NEBUH0kswWdLLZjUJF3Eud/MgB9yUcCOxUeU+oDFw1Am3y6SsrgYOHURTPzELuBI6Bql93UOVccQ9mV8epeCZ83RtZXjyRdKHb5Ol+/0kFEj7QOWtm4o25kcciHwcgRL1olzRJOF87XOWNVIH1N7SReVNc2fI40aFs2NhNno+hdXXcafDIhBwZOQi0PJmn91rtNmSIYUxHBKAKdngZMUDqOiiiP7UwmqIjpyLlxL3/8HnQFZZxxOy9hjrGgolrgUqVyGEHRu9VO0ngzJdoo9V29LWpEVdnli7aFtrjXkBQWYIVCPy4sK1oiBOFK0gNxoA/sROC+rm5gosSD0hCcWWIFKaxdcQu3rerHxctC4e/JqUAGwvJRFEf5/ifgUlKO/QM+IuCfiFUaiC3ibHwgjVuFWtV1q7EcnAAFQOGCrcgTdtwJEduyMxh8VLIEVxk3nowT0s32zsDD7FMdfIzkRKNtzaatc8PCbpoit8y5N4Tc6jdWQIGZbry5lE0g8njkziwvzhlhOX6+cSm+drgF0X9+9aQv//7Gw20bm19vT5Dhq1w/R/c9hTi+3moYcZcX43wppfnuj69+9gZu/YXjG6/mb33aN5y/jQp6wzrCvih1lHq/bDrk1Wfyix/ikojs4jQaO0GAUMBdPEKeJksKM6ccKfiR43fvvv/zn/7wz//t93/+p49/+sPjx48NZV6aTe30vGqBucvz81MDWg3RPr5///7jx2bsOhwOVm1O0XK1njiL1RqJqiXdBzAqrakySRwK4BpAPp+1YLY54CzZbCqA4nOa1IB3KkJbHOhHpIHC4nlGW58MN8l9XTM+ZV1liEChDqSsw7Td3U+OrjrFw8t7uAkqIxZvMeDT77xYonQeIh4QRrOuDZZSRJw4R3oR5HCngPq944X67z9RmPDxSm4E215nQtXNuw7TjZTU0GyVTv7WR733q7x2AvYTZ3QdpbaN97eEDcuDzDhUnx3HBL4URLQBatvNafFME2ewLTAC18R80ZsvPPWlpFm2f/XCXPPikEHZdUnKv4g7/LscAHXkduE+iSVQJ0565egMUbqh6vYronFxXx/JW2fNOSjfTcz62mX9AhHvVZwniJcPoTQWedR1jl2JNnL+HP5TbEHy3Zok5KEM+fS+xYOL0RsOc3CsRr5e/YXd1GVl2T0b26Jc6P50xKbiNUblWxB0n3C1pzhauSFthFH6kP1MffZqHhVL8BGvFhh+hVBpN09/ieYkdVPfgNT3uKNtDxTsACYIDJogw4pBaYrqxMZg6lYoEYw/tP1uRY+5HQfKr1GgSL8uYhEJt5ZbqyxB1cHyWIu2iSQ7FeGFofBU1Cp0XB8+jIB06bTzOfQlyAIJidxtaaVuZym81/2NOKoXxo7m/tZbLPifiHn9Zzi0MSFH0cL/KoeY461elQEohZPp17PZF5WANo1Gx8OKAUwcXlLmr8vX8fgNiTM4cbfh5SHhlwXMGDs4bk4Kzcx4zMp0n4F43vWAE+xP4buaW9y8A+rgKtJVh/shCy6B+q8ByCHGqtclp0zPjYsCAnhv59t74pEBvoQoEzQkQ4H7lIzTQ6/NyXDEKvQHcSoGNTIeX2ivcOnFDDHQG7KdVLNQK8q6bKQ9hbSmuH2+llnJrXmneQDm6n0SCnuXuJda+u3v1mGuMKI+A8xCbnY7Th/C8LJfwDApMZgHbs0hxSJcyc4YQBa+yt/U62IVtMnrPqTJGzQ1Amc8dbAxOOfCXIVjBjeJgfdnb+YjXivgkIHpRXmG1rpX87zQZW2+7Eub+qt4958JyVPh6ELVNhgRNed0omVar2tBbrHZwDy1u5OCk5NTON64qsfuuqgbYUde2MD8hDlE8k3X6Ogwq6tB83+XS3v+pJkpK6V1MGgIkWiah1dRMk/zHua9+VUmC7XyOXKdtFo1fx29+ofUHbbC+WpZyso+mxfmcFysmmhzxLRRzBq8cqvxsY8/aYTpW1ho3iRXqrqXcjDJs+4AdY7t95fTuWocyaq0YInThjubttzGP628IprD4wF0VTiUu412oG1livdWj1T1eJqz4UGJKFuba/xQR6rC26P4MCIL7JFaz2IKMOmaYKFOFZ2l0VdnKRIpYhgUd6hWzN7N38O0DWKFMiiRo5iw0gm6lKghuPGLmc/Nw7aup8vTx93h/UR7KXuvGGW9F2iFnRs+VNuc7KhYtoLL6ve8SB3M2YsJHGK5R2uv3yIlVAZlid8hfLtqWxo0aOKAqTbbxjFNRWp/FquCw+gNzxbVRz5ms2DXPlGBQ4nNM85z83otZZ00os4isxAlAw0efCs9HBzaWqQoIqbQOJ4a/dd1sdJDiDpkdxenfXWYxpHN+nSwFTuR+lzrX5fT7qJ2nr3xLrjzxZKM3TeiVFi8VYxKEPF1t6w1M0QZNaJ2UdlKRuY32Blu1uuV82QrLfNdElAgUuqFtnhPEvFwDxr5n+0Gj/kbiqg4cvF1igyGHZd3x8fVogDatZ+enxZNedNO2KL1nmSneV7WzcQeE+GKKDiv3BQ7reBviwadsjh5zI5tKR9u+6o91B6gGc1k9SLFIzhWHVPNgBGOeXWzVA8j8Zd2l+12rsYPhDJHgoK3Zf8ypshnJzMxzNaibBFrBJYYRsbp7oYFUr46UTNv8qyBJT9JM6rWz8v5p/Xy6fLutH73w95qRjdLVzTpQAQljIGcCPDmAQjE8Q45ff2DWLpcScji2wWBVIhqLqUBX9QO4gqrgZd8aZR/ZM13K6sGT06rnOr1ol3l6lmuiyblXy+G0Nbjejw87MtuLgXd/w4q6K0JDLPFnWB+IhrJSoelFB75XSyb48VYEDABo6sqDT8s2ltld6jHnXZxLFbWWicPRl3yMm5u+mn/rmiYyOaa7Cmf9oPuZE1+qSt8n2zVxRc60+SmZJot17LxjdP1Cns6DNA7jXoBhLPeh8h1MmNyLdVa86yyrCphreYJ640OF7XMtysnNdyv1nlpue5WNazP+92kzUt3enZBISIeF9SFl5XkgGPSrF364MPx2O7exP21+QTOp3bTuWqsi+c2ee8kzfVZLdjU+hIpOl+vGqhiyalVh7bfGfuX0doAGgR0qJD/1Voo6ou0/+Zpf7QufqvtVu3mI9x8FBeFTYovVmwSz84xNnHDqnIPExG9UENG5un7ysP40ciYHaaZC+K0rKCeRrjX/W6/ey67nefvWDCuvuM0d17qG1UpA51NrMISHBthOvK/kBAKSGehL26WcbYnkQexfTnqyrL0ZIsOlujmpd21beC0eoSYew85J0PLr8Lt7sjL6rdXRDstgn6Q6xrOFbQYEW/IN+gBlIqA7hAPXBBfEwgCl/s4yyJWK294by5h/Cq34Quxl+/KvhcfSjz95hFfE7FRFpTKmALxtmvtXHAdoE3ZjvBV2Jkr6FMrMfBAxBzyd8SizD0LEDEKKAmGz1ZYqsVKHZt62zbehbS6WGnAyngbgk4MWaGTW/HGOva0ktTSlap+3NAolrZHGPDtVy8xy0CupZ+U0X7FW20RIC9lfyabqArfTfV4EUnJRYu1OlArE8NEUENv9SBku1x1yjDd6pUrmqb2WXZUCnN+2PkhUFPzkPybAhi50AymJ6gXKqONK2wV8ToDlYDoJjMLu/hONpU6IDvkMvjlQN0UEsNOYOu4N7hOddFpqZVSwqVBzqX9LQukWwzRUYHXWMHrF28g3vdgZm5wThgnGHNYHtj+VoFlmENgx6C8iNxAVVJ5rNBOS5it41REAvm0S24H0yoioNilj1u+EfiS8hDqgOSLdI1a7iBtp/ChQt4LtMzx4V0edXO8gZnEPX/FkfFgnHgyv7rZkrxllc7csxbLVgEQh6Z3pDAP2PhD4OEtAAAQAElEQVTLnJfp5Vm/4fGNt+W/0TC+5Xh1DJi8L3sQbtfu/gOGlQmW8rpI3aqk8HwalaO1LGr1qIauLG038353fPfuww+/++Ev//hP//N/fP/H35fjoXHyi4L+6/Pn5/Pn51U7Uypnenj3/uHd47uPH95//HjYH5KvXS4XQ5dLAKeelwKE3GdJ+lGtZrKWTba/2ycao31oNz4g7LtPDrQti+HIk3NeoujIlJmQZMlyCB1BWMCK+ld1HXypTN7PXWvdaWueVQCSEZji7Cga+thhsSZeSw+xI6Z61Op1uNx5uSLoxAIgZdL6w0fMRi++wjwaLu5p8W89AqkO9aY6vJQtfbjBzp23K/ywTYqsz8+n09PT36XSyVf2bOLjDUN30SaulQycrcAti5B/TjgAM48tBA2pOrh2pB48I2QYUzaai6lzuR2CXCFaxPc6oNmqK19+Nb8h/fL1/vc5GDuLw8cVsnpEjW/g368Q+oCP3zAxt8v36sG/yTyvEbnG8LUhu8juD9utGblGfw5RkotIN5fGoGLwUXB+qxP6WazpLKvDyp4i+dogHYgFcKTUl/2JBJBT2VO54yk3rMeGutVOkYc+mSYNNb4/MJTFeDhFwDEjg3DRLWgxiAQ3hGro2rDaKnYGId1TBbfrhkIC+LEg5VgfaiouB9zeXsVDmxwzFqgdqSAxQqiP2t4YqNvNH1NP7AV/dIELDZ2/vs0B5wujNhdDFCDQJ2YHViP1FKCGi1kpLOXXfmXoEunORoUVzxUVi6GfiV9iD+kMkFIbjYXtbKwPFCNSw51jRldWchaDIXvBzGCi9H+O3/DARtgf9vYLdbX2v8SBhH3lj+E+AfMMVf2+VFDkZLWL+VWpQX/TWYLc36K0V0/28OQS3v2tWHRjamZmgDlgL20VLul8ldy5G9L2a5uufz2Ap+0pPtl+Ng+CQMKCJWGLT80mjJimTPgV8jJs8cbKN9wF7NcZfYAfiUnpEvCLB6eu3uGHA5DEJARgyJurxhGZ5Kjs8XoGaaYZDHvdnDiYDDiYKTio1e9YtVpxgR1+CnM5e7j5i1kPS2vckL0+GPHwgNtD4n07k/8S531tH9gEiWxSrDiWIz/icJUgX0G8NTjB+AQ3rp+XaERQ+h8hj0DncPeO4MF/LnA4D6R9M0Tx2mBe3MssfRolepH1Ksuu7JpnhZfpovXa13myUE5FFGuzdu/Sguk943TEzTd5nZqnvlTy8J60ciUKj5lliqIWmHIomaaCUtoHecgvwCS0l91N8+N+/7Bcn5bd+Vo1V1v7cXo+nXj5MSt2EsvKIt7ys3ksdpVLqMfsJWMIxU6aFnpZyrSYqqlRKtY7VkugF8181gjF5Xq4XM7n56cmOCYraWezafHvIwtKRPBLj4EH+j9ScnX1eepfOWj4TbUF8ocV2Bto0gz79g7aMEbjHTzSNg2sSjdGH5281+r5u+yPCfT70swHkhwrL94qvTH1G6+3XoByKzgpOMIt83hN8GxcN/2y4smBYe4FDSyLwrUy72LKfEDxavkpwyvg32nrlknjmDRBqAHXRs7LVdbz8vRMh4/z4XFW//Fei+hYeAcWvVSnOwfrK0qgjK+F+laohmit0DYpd/i59l+T9/ocUedpjmqTOcffNT9xrjWwGmzx6EWsH022A4tnfCo1WJC2uK5lnLX3uwmfmNqHmkmm/WFt1qEeV8ilYvEslt1aN/Z/H0DtChcjPMn+MZJovksq7hTx4LsNb02BJS+1NtZ2FNe5fpLLdOLjPD9M8BabH6M6fbTLbCe3/yYPg2Lw2jTgaoEX8RnYxNrGZG6GxF2w0lcBUdD/y8+/AOs9FOHLevetRSWu5SwW5JFAFn/USSIsmuLVsvZl+nB8V8T3++fT81md/+u6U54w72cqZukTkKb/kzcqsfVMoqt4Vq+1ch2wGdN3GIubGFTX+4wmqJZFwZ5yzGFNDcbXWYQDjzDW9zeXO9K4fxD0M4gecziRp1IQBIiBBFTg1EhKBRxu7PKiCRRMKybRcwut2InuJe1uUteTyPPnT0/nc/vz+fj+x3cfrOSJaprNBjzBm1ScIMahid8/bFvD4o6fE434JZBQfG7TLA7ira4DdGnTBHQpVoIkEdW6Z97JdCzzca999M6XS1v0q4Yw8qS9aJeny/n94fLh8fHYNpaxD90+82wKu7KU5+UqIQp8svu0x2sOlNkXxc0YnKC0VhhevDLsMi+76aAJkFp3pDHd2YJC1Hyd7w01x4gJDKSkLu70WZxwtThHZBpdF71DRV+8qex2Dc48TNOsbYO0Xs3aJHwbzW6/88ZlCD9i72is9K3tetgc/taCZxU0jpgOkzYg02YZ8+lyasdlvV5Ol/aUNvBmZN/tiffFFQHTSIwxuxuxKwqII/BZWc3wPR0eHuf9ov10NC9VD7ZKbFbEG8YMjZDViMDr1ECBvqbeR2Npn9brvLNgXa3jsp92M3QE4wFedSCUER0BwobJoh/au4gWTLHaP1pEpSGgXXup6+XceITVSitiNQud0Ii+wBE5MgVvWF/n7eL59KBs1CKokOva+8ubTml+6vWyTOdpRotUbVKiybOHo9a7Mp8BT6E8ebE4w71mW7MIKgHWhJMDlRbITVuWoWU5GrY6zO61D666HTZ1iE7i5OKiIZj/BkSJ6yLF33kcZfxc1MONa1f9RKuZaKudojGfq4Zbe0avOT6sPJ91RZNofG0GMI5IFIptSjEuN0pKbEAippdg7PZXoVfk0csPXxNtPOC8URe/e9vNTbKV+I0E6OrSF44tfnzRCiFF+f2aCqkCb7k0I7B1ey+ovWVQCHgh1GHytDRCtB3+s18tFLgWL75hUgVhvDqgMpG/OTuEHhQE++UlNIIzr2vu6OX0paOjnhr5hB7ELGGKEaAItoiNqEENBuL1c7mbC/LlfVTQVJRg3baZJwALASiyB91Ir//hJ7FPvkW8CDJQ/S4hf0b5Qv263IZh5QvTNkvP4fDhDG3s4lZpMOm5PdA3IuNDxqcmYRAibyggSw9wAQG4xpJA0u9SeJLQ0LvSVlZ/Q7PEV1jJyfkFy4BuYs6B68m37AgTcsgc+DDUCX8D6hJ0u61kLAGowZET9UhgTGnJu3lfYI4fDH/jsVtWU1EEFmw2QnENo/kr1dQABi6xYRf84hOirjEQbWwjbzi+xkzuPe7eKfzFL0MW3LnV5pOw4MV3hWUMJu+Kede83Pr3YgD8yrCZv2WK+G0z9OrF33T6N57/Cx4RR5W3vdXtafX1B5Yu775wuEzLPZzbg7cnBdiID4x3uGSwfeNmHVOBqxcln6fDdx++/4c//f4v//THv/zlw4+/e/j4vpoy0PD+06en0+enZvhaGpgq08cff3h8//7hvTa7UeQ3Z3wCG+RUePxyRRhhFlFqSLYNcTLCo522s2QtRJxYyeFBO7DtWi26WK+4XhFggJoj+oOVIYyEAX0c8A/OxCMHVtylpBmb64I2Oooh1Q2apVCwI/QZ+ro7FBgskdLP3bjqNm9UR4EygaCTNhLtjrfzq0R++d4Yj5TpaWpPa8+rNgEgT/gUogPjbtqJdRE6fXr6t/////r5X//33zToROiOv3b8pDLftYaM9ccTzcCWAWfuimAiDgFFXgjNDxLvbTFwuVf2XuSZ5DjEUzatkBv8FCW92RRehq+8eGhx/1kPUwugSTOihVctfwlzL07gtzlK62D9lOFvCoc6xcaMdeKA9r9wAks895u230aOYfkkCu4YuLR66eYuKFS2cX4yIuawZPvgs/JSzFWJWAe+vUPcRWJjJ9O58xrGASoK59sCeQCeJbKwBxrrtliREm4bDc6OsCqFjk3pWjJFOLAbO9n3zp2JoRR2RDwdR5tVJPWJUAaFiHsuFYBeIQEkLKi3822feX68113kToeM+MJQBSr0a9yjcDqH1ZxeNCGS3OhYTTjYNAA9W36RuPPM7m/1siYtCuPWGLSuhUvMKSH4T7kVxZbGSBLO1gKHJEMLd/s3eeKzz6WlyrjjyRQ7S7qUYgZROKFQMD2ROX7Q+P4CW5GbBjiIymECuUPbdWO3n6GzaYEpycOnimVGWdAmjYYMrykIzYJ6d51QlF5CxhcMQN6C0u7z4n9XfvnrHs5fvh7maj8rEgpOl8v3P/7A6ePMpRxA/N1bfeshcudO8lvc+e7lXljN/LCT91HpVIrNAmP7izFJ96PingMQJsfC/VLflhsYJJScc2Ax/LaXw0WTcRzxWFXcxXsFJxoH8xVjL1abBS/o6R14dK626f6QasOLEeUuJu9Q4G8MRo2XKtHGrTgqCm2A3QRPlCVeA57iT4FZzxkkce5zzveIBXD8Y1iHfTL9DLF4N38nYN6hHRteiVHUyf6C0RdOtZUGC7D0eB7cvgxiU+MNijZ+jwhg3Ldk++FYHjcNea0Dv5U774vZIK5s5oggM8H8sPhVOp9apHwa2pKLd41xeE1Bp0hGN94nq9Wcnwejj7mprPx1rEjfVP6eJZZ0KDIggJwck0I3BOEP4NdNq9KXOk8bZoi85LFHxFZzumGx8HZuD6ixLtX8bqoErubjYm+MUUqKhaB5QA520xgV76HgxquKRxpuFt37riUlAbi7LeciZ8emv0612UbP69K8ZYfHnZDFoCCzUmXjtFoC+M7UrcmaBJonopKjENY03+mKME7L5C2IQJfbyTQ3N4yq5q9rBvPm7zH3T/H60eRyVLDUHmy8Nm/3cXd4PCyf1ZWyzNIs8c2kWyrnflCqK+bmLO72YlUSi9k8l7V5sVS9vC6X6lpuMSlt1U0Wnq4KR3ZyPatzZ39cWNvwlanR3p7m675prpfz5Xw6qXvDmuxIhr7F0mLJtoXrXF28oSd8MlQGlvFz0LBOIbyauWYaglI0W+RxwUvV6+qdABkwgzU7vWlqzVh5baRgS7IaX63Wlwpw3wKTB0oGtYBtBZvljaxKvVeC9edOiVRUCbpKY6hE3WcEk1vF1zpZ4IOkO2hLlh1U0fjaGyQf/L0yasfXmgl6BE0RLeej5wPebNMSxc6d8Oqo2GqEp1hPK9hPtpHU2dkm+aIQthzINszeyif5ymaCMzi2bWjrQAI5oJvZiuBXa1gCbl4qp8JLYb6PT5jGNx3grr6DNcmUEHaV+nUK8Yu1jLRzi0WJbCK3rMCH33MultlsifyEShdSI5oA8iZq7esUVkIOfJHd1ChrdtfoylesQSiUCKypEN8mNMEcJHUsG5v5a0WidKVzSAuct2RIyU2BOvHpo45tYmVaxLuHPq9L++XxNH1Qa9YO5jb3X1umCkhAw4isKY/WZqqqDFRIadutuvwThcSpHNmTL4kTpFS49H26xXg1JE8n1+5ESbmX4UEIgJNQ7SHeaDwtiRbQyO1Qd9C/i1FG9BCLZ5CaWIGw0OCgmDfT9Whv3vn5AWiq/F8//fXn58+nRXl/c5Z/fir1SMf90euMgtu75ad6dAwCWMwZr2OUyE91L5pxZKvbpM0ua5Q3cQAAEABJREFUxIuwNZhwxWygVn5ZrbGN92RGR8gBjXOK8DCE1IFFlDHKq6NEUrgE5hx6IomHwUpHN5oCMFlRSis1UXlmdDpBJITplEjLjfwE4DPTxAmFgrQD3aThTQtpvbDr5/rpdPr58vwP3//whw8fdsx7jbctvKzhoLY9FGYOZ762B8L1yH3/eh3gjpDAA3jALlHzXkdZgMl8yErGqIBij1IM2d5WixUVWrT+hkru5sB/vl5O2humWYjraS3Whc6C19+Vh93Bkr/0PvtS3h32CvhO3FjjFb5vW4vKGbdoc8tRmEACYLPH+sQGAakaZNWhVa2roex2qRpROe9rM37vrNa1u5aRakluJAGEslSYgmo6Exh9Eg/PstMoGquLYntb66OoE1ZrLLXfrJTPXot6zPPpqrE3KBwxaVUX2HXsyWpvx4TrZ+0ei3gbXnTvmnX/NHTBs8WytC3zbNEZ6BB0Pp2tDABNO9U2tOxSGhScJYCeEbZYURRbPFDJmvtO815jKvZaQ+V80ZxT3TgquXQKYX8qojFBWtnErf1oXdQWVuNF5vnw8DCv2l5YeyUWdPrVdJzVg1CjYbotUwWYYuuZTFrQRT0RzWdwPF9Op8vzadFuL+0xZ802RL6+M/LtUX05JKJpht5LE+TCGnk+WXgU9k99uO+WDrRVTsDRsAKKlGVildGXa2m2lYbZtHL7rAgN3a4Jmo3ZypB9BG5mCL1M3n4Z2qKDarIUSjRhDFtceJo5rYMcvnznyS7rRkOb7d0+/NivEuKQKEVAqlgOvYAfjHFZmL4KLkMR2niFJw0rNvuizDWq/acZ3tZe0JcnlBoJLkPBEEc1tD/aJRFXGvGhXlcDzfP9ZDBXiCg03leOnIR8+OYpMaWVtmaKEAecE0juXfnCs/yKbqPQI+L+Ov68c9RhwXIE4pdTlLKICfVI4vDBu9LpKBXPgjQOJdJCX431rxbnMXvjLYFkLmG9nZjjaSh2wp1w7K9ksl3wrYu/Qsg83hT0devC+OId28ePzEtM9XBChcjziutVIjPPBBdFMSoQHXdRbAplQdQMu6nUjAkez0XDC+WQBm3Cv+6dWaYaG8xmE6Or+X4UHCO3Wde/Alo5lBtXqsrmzP5zQAjExJjiJBEbF+eWwLjFsxmcfBId53tRsnzKSDPyWkQ4So9x0ZpfKfjTRIP2uZG1sqFh1GDL8cu46jEB+bOMP5tctYjs2kFvfuuRIBYaxHPXWmMDZgUCmxXODUaj9a2j2W5qChICaiUOUzh1SCxbVsAyxNoS3VGuafj8tQ3eTxvuzF9lJl+/ydtvwaZlJR80G43c3vaG2XK6XMifVK1OoN0guMyoIIRn66XV14lbyovP7o30Vx2/7Hqh3+54e1jJTb8n2l7Ylbj7R/JMK9+YLx54l14lFQ8TG0QnvzwxCJ4QAOgQ1MV3MQIwMMr8/R9+9+7HH3/4b//4h3/5y4c//X7/7l17sUWr8C3NiPX8fDo/n1XuzPOHj++Ojw8//sM/7B+aOkgIvzAQoQe044oyE06QeJXI4BJJ73+Gm2QwAEW4ibetsQoimAeccBukkuEm0eAGfgx3raIbmxUmbJAWBVFseDVLjATU0Vwy1DlG0EmANBM81tAHTb3bo6ygYFZeYS9bZ3+sL7xU7+om6KKAWoOmO0waDeMqzeDOe43YXvKi18lSOhr9ygEDZMZ0QyToIq71/PT881//+vz5c0Pq7z5+9yuCTm63wRf2dJ7Z86s46m+9OOcLD5RcXS9NExAqtgHsuHUE3PE4Hh4DWemwK1BBjQdsmizmtdyDGFxCySts7GZNZcAeX5U9/3EOjgmUyAKhISxXfsV7pP4jL2Kmvm1+XGG5S3ldcaDxp7tRWkKJCskru9j/iAYXZDdruLdrkMQZqjQ+oUOQgTKskUtOm7P9pHtxU7UFkxsr9WJNrnhvEbBsq3XH5amlWsFTLZcyT2hZrs1wESQVEc2x6RyIIbXCxgAXZfJEQiEOr3bTsbc4nkDaTUHDscgaFwtF153JEeimWR3eJ7Km2S3en0MnuGEmoD2YEZ3x2nOsXZDZYwDN+WbJEQ+EX8S6BNONgGU341cJypnMNmAtd2LefYPzMJgX8x+fxIwFUmQe2YiEcZGyLjSH3RRqBvu8AsODu6OZnH2O+0yDypGKOt7M5a8JQ7X7pULoBkWh7EGRWNYtGGHsppeb0By+46dvA0u/JT77r3yY+6uhEG1rZRG4tlqV/i7S4W+/SEqIwG3FvIzoSh35Xk6gt4pNNBQD1sTP9wgT2nzwz0G8cjBP+hXqiYK5Oa14NBhxiAeFyZAfFi4hgX+j44+qnZBMDSNqT4AwPkjUETEBAzbpCrZPEHJ6U1vnsNG98lrjIDdDgYDg0JspxV90LBaiIV7FpQP5B/50CWaCSDoK/9zAuahzQmuqZqY6TrMLjXaTfo34DMOvQFRuuLmrBPDLjy8bHJpFNiDMfSLVHA9CIUMhQdwSZ7M4mZHX1CUvUZHvnm4hsqdHso44CqprgQxJTFjmotW9oNuEHUt/Gho16N0Qe1UQYJg1vOhmJePVXbgPU5ezwiGEu1SSFOfdqhW/xelhoJKb28JBzSgxHNOAXKd6L+3Ou5n2NgeC7AYn3Y4QI3DHYXPoRFgF6pEovqX1L33sRdbTulylHubSfO2fT+cPx+vD/tBcGXXRndR0uB2tXHYa3DBRXdA0RQMvZg2mnLQl/XVFPWEeyGYw++YkUZCFbtKmFWr0KXsdcxolflAHq89bnWQPZT6UsqPm81bzGgBQ8xYiQ1TMkDNpLetoxw0PzLJMVguhOdlUibmCTDU+QaM3rs0BN8vefpin5XK5nC9NEYXpVIFK82Scp5W0w87x4bLb76jP7IajyguB/ZKcOvr64mkvDlOHS5n386E+qFLdxksXWsNWbIGsjYvW9kffv+20SdOx8VCEKHs8Pyc2Vt5hha/d2V+lMxj7f8BalIxxfJdBA+0sMD7xqhLIWuDiUTrYHNJv4v/SK8fWruofWdMUbASSKBpg0QZqa7CwwfReFblzzxKjqNotxPM2J7vdIm5I50uVprIXuVb11dLavItcUL8BYN1xJ9WoFuLznTIEgTHpRM7kXHiga8wtYVe+YO8Um6jPQ7qRcC2iBGstESxoLGS0PevwNL7SXFnWTKhY4IwGelSPlBAHuTYh+lkBq4cupgpGM9UcLOisKri4ymjLEx/9BK+CS44ceBei7m5xrFwrnJD6z+RM0Pc+v0oPKRnN8XGW60/X88/nc3OqNnWiInbIx43VRU0Nt2gbpUxYZ/KMGrdfiL31KAXGbco36owIb4MYX9PNeWsIts3PITtyekJHozsmi5R6oI3XeMRwN4ZkgVBkDj7KXQCyqYqznjN/PD5mkoM81WcNaFvgzm58dT9reSdxdYajOJc5cgXCStDAAmsGwjH+iyAUezEta4NecpZo4LqpC8aazU6FqTvz/LXyr1jVAGzUYelYHp8pw9QoZDF7/wgx177kPrNbobhk9eoKRTuXIUiHpPuTsvhcCKY01WDa26Yp2plLZDlf19OnJnJo3fH38/797oAMkcmMxUhGtkpw5nTs3HCUlIPyG6uLDWKhOQh7qnj/oXUEYrfUS1SDLDmbBNhDryTaFEgEH2t5Dq0rrSzh3Jz3ZkYwobxUDW1Yl4f3xyZy5h1qNh+bGKZDu/tlXc/X80kLo4mZHSIQxH2DvgLxKsIe2Fg6U2Ccv7gbU/UIbfHH5+Yy18oddT1Y15pd+3q/V2V8tdIa7CGNwdwqSDty+oMHs9mUMXkw1zQgMHlF1bbIgoij9vYTuosaFLm2xZvWnWKN9vBZ41m8ghteS+d2thchCtvlatb+trxW/KbNULvydG0g4qSm8arhqm3gu3ZjNb+3/9VyzdMUizx5AjxNuV/hYTQDPgJB1NC9Px7boBY0u1ndwqSFTxQ+NWwzWVUMBTjTddEnWy8WnWItkK49SXf7g77u3NDNXkM01P5ueX62vUNOmmHK5HVAMhW31kSoTcx+dzi0G2pw7qWpV2j4slTgkOrLy53ne1wd6CGFnbNZ6Bq+ndx6rFVeSil9K7jAwHZjkLmnArQfJg1XaqNdpvbKKHbifywYqL0o+quxS0pGOGPR6UV2HrQnsYTK1V4BP4neQzw4FXV1xL2jnhgkMvTrCTrPnTtYpShspjEnQ+og/B/jtATqNTWqWDLVsiLMhS3stdYJwaKYmVLEdcWqGb1RAz4xgr4a4oxDG7ZgOje4qepbax0kDofiBs11I+VuVrBDxRBqXzzyNe9812HQHdGfz+LhufKGJ768j9BrGuDwmPyd3aAgabp0jhb9GSPeKO8zCixKShfKeCNJFd8IUhXZvMLEjps110hbcKySem7nrYEsovlRLmIlGdHF7Rxsf3UC7VC+4zU7Aa8lEBoYSfX9ywh1BNCXMAbEzKhsL2OZDGASMkAZDDUft6WizdqWlLrkttbYcEnSFJYPjrI/1GdaBljlChjT8BhZ786RDFQpEXGSlq4cX/8hxgFoQU5vmKt4Re4xVXhxW1nPCvBqFmkQ6dQu22zeUOw3bhiJz6UzWGya4dq+Bwdlz3iCJJOVYLVOlQE0MmaoI5MSfCmoxLmgibHNVspZw93T4bf6Kun/hbg3bJVkWTS+4/jBS06Rsma49h678S++fLM3Hb/oJrfcUraz5R9ulAonYNlMC14z9oBfJcMVJF0bZKI3c8xfOBkv1+etDxzu0P/vN3p9PNVFhnz1jl957laeyCsn5YgIzCZnKkPB/YccUpDiIGFdkgZ+jz3BGzPvdhG64JXkgqpMNEgmFuXSLHH7d8d33334x//nf//jX/788Q+/339414TIIuu1QdHn5Xw+n55PDa4dDg8P797t9/t3H943VPnw/h2ZZu9l1KyZDkz6ki13oe4gDwphzqgjbAcNwSeheLDWMO7hI57NWGuNInMRpojePeaI0YCTnR7eCtO2QHSzWRFKsmg1zhWhwmSJE+Ry0IwaBn/8nFXBckXYbiE00fFmPWjYY49z/A81gj1CBsO76h0uFLCnRCMewMvgzeOqyUtKzT3biec+APJ5E5H7l784FyYTjE69Wlb0pZoT6PNPP3/66efPP/21ve/3P/z4/e9+97agk5cjk2/dwC8Ydihr2bLo9SenqPZLsPIUECzjYK26gNMQR6QlD0YWMuNaaALhegVkjFgDJFDRGBIxmhoDx9zwhe168EtbLv0nPNwKEfBetoSwsUB941GH1Rzu8623yvPlW766c3Qs6KQpARmiegTiTiyvnV5EuYgMuA5IndOqXmXMFYv/8YkxvhWlAJzS5WVxlHilwRHil9tekAqjj4Cai6dwCCKz7OWK1XP1J+INEfyAB4Wn1niWmf7Nm4ZyroU9L1jhefEo8d44wzag2by9Pq1V94Zuw8WB4zA/45KMs5SokzmkaExmgnovYynOAzInGSAJ711cBqay4p6lnFLcoKJvgrQm0XwAABAASURBVBqZJytWoAlIoSPo31mtKxq9v+S2UiPoh5AWAwhMod27mwEVwMWJypYJATs85M7GOerYhJiyV2LyrDxXnAb0DrWBBhYl/Vv3Y298CZhGFP/XKEmiUbV1N6G9GSPKp6QtVb64j/5TMre//8HclYJmBCSbuIZEZqTtkwOWkIl/+8FsD5Ffvo7j3bAdVrMnW4ZmLWntYMezg5fI8U0NTImgk9BUOxsEKfLABnPYeQI2383shb3y6wf4ivXYGHQq+6+UeLI9FhEYhSP6zdkadl/smnh6M9TteOcvuwWFkddSOSswMfc4ta4qfGVxwvkRZ/fP/e9BjfQdfe+G9vF2eikUmtUEzajXMuULg9UoK2yrvphFPuUcheMz/g4VAnl7ggzFLtRwYBERrd5ZN3OsCw8qPefou8YsHkPoothS5q3oFVva5qyplUiYobRlwiIbxau6tKWISzF4CQNd1D8ky1Ku6RbNaOZYjaRhkwaQTSgVQPQmbf92naJNk5NodVdHX7VErf5egTqcjfMmsMb94/pj9e2pcUqTpRFFqdl8dH8p+MXCEooJQ2sPF7KxZKO5yj/EKWEftYbQWobCYnGurB12Tstl2h2ap+nn5fPx0+7dw/E47ZFUaWreDqzCYnUNCcRCaxWE5sLUOsk68mUYJxxCMZLEFM5S2mCW61p3Wky+kwG+6sln6qNskrM5TJqfZM/TjtTxM7drLYYMvmz4GuEOmNizEVevNL/WuRqQtFL05iNB8Q9BsqudU6Zr2c3qtbk2ZfNatGS+Agmtv7nbX68XrTF/Oh0fH1CAtIoMm5zpW5g5v4k3buG0gzveHfeH+qhJ4do76NrpmTVGpnmVrPinetZpwapP1mvDpt3CDfB3R6HmqCdnGYO18RZjDMTdPypmHvcBEg3KY4xdYZ4GCwJvl8Co/WwaBMr2SZtDxlQgLjn4sUWNuXQNtbqZh1+WYWcYRIOPissQRCs18p6NjqzxVHPTCn1Se8d6Lcvjbt9MNTsD+5r9r881R61f7kb1YOf5EpPVIYLfNl6EgbKrqwZcwu40ShLqSiC5Yti3UeSPx27zRwvCi4YwDp85z6xjFDnXLwpPUXqFfSeJP0MiEKf9vK6girkt4LwTVwSkhq1+ZD6DXBg3/PCDfoi6EaYuacSYxcyovJcgg5JvzwPLTlcYgH37pRH40/Xyv5/+emhGrodHBMt4eCFEuiXur+prR2mFyBGzDqgpkvFSVrWLZKsqUc7PDRVRZ1A9IJ1uTB+u+/D24htSv2dUGjX0O1e9PJ+2g8t/XULGtMQmsinQehCmir2bcq7r02dNlqfrBeKuuV0P04hkXOyoXohwTkJRsxogxtm+eAkRvLw1EdD77UrDZgpsUAHIX9Y1tW5Eup2iYf4QBzUK3B40IynmbtYL9EfQmiGdvLoutD3l9Sg1oltRSb74Y8iAU5BwlOIDcQfoNJikAPpiIcBLvdSnny5UPz2+/8O7D98dHvaTzdFai1ec17AKQ0Z2eQScjZR3f2VdRG7QdbLf+AhBLZhYnzo8v/12VR3VAmoKINXcBPlxV03Myul8Uby1qOd9WZdPz8/fffjw+Phe64PoQmscyLuHw3GVs6b6LedlOTV5inA/8fLeJFG9g8edz9w3hYsJI40aznot7KvK+KIFveuh3WxXyqIlT+Z5v6frVd9IW4iapoLQaN+BxWsYsGyEJgzKpji4fbzx8nleZbdrLEHreWj4Rzkc9u1ez8/PK1qWLHVaNYK2SX6yhJvcv5NK0xlWT2ZvzWR0onSlwEh5r9qzC9SqZQIIaeLarNnr1KZag2iQXuTrFY2frMgx9aaa4Ocai2M3ZW3+Uyz0xEzwVtgAkHuy2l0aHdJQZNEZa9OoYksTPVVD0DAiizzQzoG7/eHhsNsdNPSENVYVBJUN6y2KHJaaYv2x0P7RSqXM0/6wXy577cW1XLQk+uWicSeLOxOwI9yOt6FQXxQJ/pYGQHyI2gcCNcJEQHE1oAuB5IoOxQGwLVKkUSE3wuWMlWmLvNsf9+1ltTWcUsIUNYmVKqyITlNIPKXZnBU6SVas15Ov0LNa6VbjNmE70sWVrOyZu9Vxk5ekAqmbbJNR0DAehoWNOPq41Q26wicWdYQYJ4cIWnqgEW3U9BXXBbSy16whO01H9pAUxwjVl9XgMr5SdX/NdZLR8N6rOoUO7GMTGjBel1CpY9JLnrQ5Bkn38lsZ/xnLiQ3n882FTK8KxO1tpd/Df9pKh+3E38pZTrYvvYSkv6t76Hm8D05I7EKeUck5o3hSSbYtFOp1vBVKXvgN6+bN9UaVEtolpIxL81VgCJJXvTxvOAaTjqR3NB/BEfiRq+PGJhpMpmGGli6heRuq7/Tj5989pP+QiROSFWQCVDoQBRjOHedYl3xcgubFLoUockdvTX8OzwHzTIPw/eMdAR1gxotvLqUkL9/xvNnSKjbWXLvIpqVELGnDGu8OxDWOj6MK7/bJdLMtgrdsseuWwsNGKF1Xj+ydQWqbDWdzbSrrHOPmsDVmoLz0JptdGNyCmlyskVhLp6s+0JvjbgOEG7aw5Usvzv0Njl9wE9kuHL/hthLnbshJwl4anPlOWPqNJzz2H3/9mb/oSD5K33xIyEd3VpYvCpSvf+XKXSLkYQ5Fvnyj12dHtj93bBIfluCcKEjkOEFubs+brRQiakPz8pIIKgENGOto4JW1Et/Mu8fD+x+//8N//8s//o9/+d2f/rA7Hht8uSyLVvDTf5b1rM2s27kPj++OD+2vd+8+fHh4fNwd9qs1ogGEQngHVPxhFo31uEjqI0LQCUqhYD5hQPbYDMO73UZqexWXrFG2kMPzYjXqekGUEhEq2jDSHoHKJZ7SrYMo2Q8OKicgjnbitPMt6tqLkOkwinrfpii74n97/j4nN2evKVsvmnumHS01Y222FpZxbQRxccRDy9Am/g5RUfDMoEX2q+4ed8lymHMZUvJ4wMRwYbY5ODU15vPn50+f2hf74+H4+O7D999ppUP6LY8hfKSHD9btoKnLhUEwf+2oG3HvFgFxm49PnWpUniQdIpYIzdpgby4g2WIZFdr+tFgKDGxOiuxT1jrdanGFCVobhi3hs5YvjFVuKyJEiNZ/piN1D8G/t+DgbsmQN93YptGNJ/1hMBjREF769jtGWtIrXw+Y6Stj7hZg/9U6orApuwUUM5H7B+NwlIJySJBMSGyUZJF2THzzahizSMbsFu7JCsPgN1ricKSJEslek5HphCrnboCK0+ws6TLJAyBlLCGXU4QImx4TaP9AZ7BGu/6J1lRliWKefh1URquy4nwIm8qB4mRN6zuf4kRlASwZBa9DF6hmm3WpaJmaoMawzg8qlCdjoNqJl4PHvpeo/JnKmY+gIPgDYSXMbnBZ4+QavUF4g24TUOsCpvpttfRtcK42q7Y2uYSXTPzXkzUne4agQS8fV/vZgm8W9X01KbVoGGOE3Zh13qPr2EchqL5d0FtUfxP2RvGh8lCkdUkJStYvZvA/ZDdk/QmUNPeFiDc3x0BWROU7O+blx19nC68A239PDvmtTOfm6i8P3bdb9YpppO0ML23ZtFYw6gb7LuCEeGGuunuzbzuY3wTqf7WAcv6K3GUXtZPms8kL9aNEJFqiZo+c4+AtsJd1U2FoJ4NxjZPBSpf33k3r1gzHvU3YF15AFu5R4kQUG9n11AGiia+RvS87t3HFmNlzIFPxJb+kn+PWCDf9oGStgOdoq1q1SFLcDa/VfI/VRWRwAH6VGMKhkdyVOz8m9sieQbngm3eyhFQOUc2UNsHg265wBvNldYsK/KthAXSDivGinkLnER32b41AiP5ViTbzfdrMZOkFNjA49jbWyj/R+0AyB8p0rCqxcMV762BADEeOZaE3D9bKUeZ60Km8sisk+QpfVUmPhWksbR1m8MZm8zXMojE5i9vlMVtDYrBjRzWY69xMgmqJ8PAkmb22mqNeGVNl8+8B03Cr0V1Ixn45jM06hZXd4xb70ezkCEgtiD4BO9JiC27kYQcQuaFEAgnoFJgpe21TtIj38bPNXX2wAN6ckUNAArIBbLhboWasv1I9izavmbWmfVlO53/9+a+///67+ti8zJNctLKkqjR7Ucai1SQ0tbX5KNQDMzeq1j/aB6kRi+2xxV39Gz2rP3mjuKoyrGEcUpJ9YK+1W02IUVBsw/tpepx37+bDEz9favO/lKV5oDRd2cqrWEV0xkQg6tR2BmJK2t+zNcypkw5WLOrEahuonrpeuO4udZ6bZ8bK35f1Wpt7XQM4mm9KXRfH86WpoE2F16ThpiBTgCyHGgYAkpwcPPrHdPPyeMOujeOSLSHmt/2EYkWaGoXsyuEo14eLdthpevhqU7X6VdOMLI1q9dfUs8Wo4WAbavVgKcMgWgjF6KE6xOlZ5FOYGdc0DdAIxyIrjnjDudc42RMJ3Htm8Ug657oPJq6TVkLQiyanVR6tNjyAvT4lQv0s7BfbHQWQkqCBOhREexHjBpYMxOXlHseqeGC3N6diCm0adWPEFKN6Vd5R2yY48/VS6H1T5XmaMWHG7iZzldrPkDDrzTKi3ZSrYJH0uEYkOnwOJZUHFCkzX4P0+3iVGAiN7BUqqJjIXf7KKPnILTKcN8FX+qOVJ/ImRRLBiC6yQ5eYoOlrPj3jmvbXjm1v0pVQbQo7oXogXSbdBv1D2Q+DFTuMJpgUYCpo+3IQnINUgCsGrBGeGZ8x/RECqTk8//XT53lpek793eHRYsvYV9WutdpL6radnbWKcwmYG7jkRrNkBe7VehMJiBsibFDWYIwdHaHCDQ1gD9cOPXpivwwWz1sDvMeP0lZT3Y7BF1Pq66g5bqziBRdI8hlvtBNcBaW5MR+NxZXd795/sMrBOnN//fypcTqjSfVvtt26s97VxJSJvow4Up3hCrRh26GCBQP2FYsLNNLUSkGLFQOftCwEw6JoHQ0nMEnuHABTzRHNQvIChcYbl/6Jz2C890QisWhgVB7J2jEgO7pZPeAr/OA6LkpDqul2NgiUnaDYXsbhnXW6ywS3mTTY8XJ5+ny5/Pz8/Ol6+dPH7384vPvYOLfuOZlgF8h6JEbNCAmrpWs1GLD1I6KQ6fqmax1jnChmDW10ULnR9nOxkCD4swjD0/5BbSerZ17l31LQNrYBqx21sbXtPE9zM1Mv07XhtPPaXuK8yHKl9f2799O0a3dqDOBht1unJi2nQ5XTcp0v58/tErN52lOMsqz6TbOPhCAEpfc4XcQyi5vpkl1Vq6iKzjHoFsHy8LBvNKNZKnux6GqPiq5waLH2vHHROI+hwJNbwNVMbCH1dEWu5LJgfrVXmtF408sf9scGNp4vZ91iq/Z9uZwbLKL9YSchAZ0BqAGhc2uTzCpsZ20nrH1QtAGK8ZC2ay7L9aKFzS8aJtKM/qilUWV3qHM5cnAJSB5woeJNQLBNV0yKVSaarJOzhpc0CFx37V2uMItrlbYVVlaC4X5nsWSc8gUrAAAQAElEQVRLWdqPGkhT3SKFetV1PbcfrvP1cNzv9lpRxuzyxWRBMb+DD0bjj1bgRg3SnTRgZdZu9gcEnVytksrVug+etVacuRPqikBxEB8yFUGViGWUEnKRs6AsDV5Vx1HZpzjMPf5dcoOADmFaQyBS9TO1vdD1cmr+jNkqlGnbHYv10egZCyXWOijYPopE5rYkFnmCEiagsRUJZvr/tUKJ02JIoTInhw92nQLA+vq0pZz9TeHLcWnrxbWME1UPGU8tM++RwaltMaV67CyUX1ceKyzwyrSQ79ler0044r+ygIM+cPX69EYE7lxCEqn+zc7sfBNmwf9eQCp+qKFRO83maAHpRr70Uvfn0bQQgqh/1fnDoHO9wISTj3Fz+StH0o5fPlhI+zgTZLnUub0B9ThN62CWo5Mb2N7FdJg93W4BEe/pupI7HkFHvcp7oG+oc0nxwyQZFsMwNXDz5etvvMm8naKvTdbLY80rC9q/STQBgUjF+7tQ5AivZQDgmKIYWIxEXjEK9Zkf4VZ0D4ndH6q54KtpsAJ6GVDKoQWy8vn0p5Ogf6SERagrIIXvzFKo+pwwbLPoeVp/urOCIsP+CdIw5G64xuMzbVE3Dx1VqlB7GD3q+zk+7iAkHldaBqhJsUbbwW6KTsG8Q974DfHDLvI8+dfOnSbevnBPbrFHuHQU9wFL+DJcL6Cg85oviCtoXB+MHx9tdMv7x1e+jlO+etpgO/rCSW8wZ9LLAKb7z3t58M303hxTH8Yb3vrVG79402+921seSL/ksE0ZZFlClIpsPvcHvHHQ3OPbNpzwnuC48YHeXcVBHsHlXe5cwYW7BlucLQIRC9V7uoxIbuG88EZAuuu+WKRs0baQDW9qVcb9++N3f/rh93/5bz/+459+949/fPjuQ1veBseeP2ubR6921+4zNzhqIQjffXc8Puz3GpHbLBntm/VqtUbIs6UxEk//Hidt7bme6FiDCA+OAxgy4I//kOmL5Phz9RoqYa9AMEe2qsHTLY5ZgaoGTlv4CJGHsucyNH7otT3M+NXOR5gIgOtqA7PCfgFu27Qd5jEUBvxp0C618rH27hmb8uh77WcrvpJv6q/TS8PLQANyd3dzt8F05/IvPCLcZJxYQNa//uu/WsTJz+01P3z/u/cfPx4fHtrgNR6Z/n5Hat4upr7pyC2B+gKxUr4nGCgfFRbqsDviKjIWR7bl1N2relARl48+T+5VGYQ1c/qrZDjeNNQbzvWf7MjABWgkkgIZh3wLN3ccaD++OhtZxLK4Kvet88ZfvQTrwW+nvAD+iIQoMAZRh/N4rEArd8LuJfw49HVC2N3w7jdDKLH7XTPxqXIGdJeE2Ktg0HhP5lEBhhsQNnfUw4/841tMEwpFEDf6pKEE1M2EDKpaJ3Pxf81WZbnISPNkD8kn/xPvdLNSvA2Y7Q8j4aAED32GRU/WjQRyvBh71boPI8LTirTclPIn6RszPKiUszloG8Pwbj557RhWqiDXGoNbXYT6SLw/HHNXJPvO4rVGcr+MzWLrHdU0Mm9ugDLeMr02IpTWYZOvGmg5T25sMZBfuraZllHUYinfuM3/z/HqAYXLIyXP51PDaog8GhTZMBj9DdD3Gw7+rRZRbZDr6k4BS+9zKEtEwSyFNh7g5JPfJDGZN9OV/Pb2cP78lUN6xOrtI5xdkJsjDbCutH00jZx0eLu78S7QjT2gziVC8la5/waUYbYhIXkY4TBi4luYIo6PRL4kXDlYsXvsRm4YyTxfOsbbeg/yLh9uz/sqlOJhWDdDBo/0m6nrI+MdLTOxDHTgEywuIBW5o+GFtWJbfTj+gFyB8ONY6jhTZjGyV6FXR+OEREbiMJZ0ABkKar8hamIX8bIZ9PVj1HzoBU/gITarbiTXFjN4WFNMBN8md4mvNeoSG06wZt6VpIRzKcVLpFWZLjcI1rA/5jNTGemP4UAIw+PNVV98d3rciazndTmt13fN7bWbtRDncvl8Pj2cD++m5mRQilrMbD5brfKi9SfVDM/ralnIe9IIoPNivsfiaQj6EutL+rUxJeBECnJFf5BBMQgsnMZG2hMfy/w4N+/Q/MzXHWl3mUm8Alyjk2K5X1YeT2u/4HbKMq6XdXdATXtbwTbXvHoPqYpynOt1r94ZaJu1W7SbStwuaMR+OB70vMv19Hxq3goNY+rwwDkCDfP8Goa8OWKXeUjBDbgMzka+rMWTHLXnz+HQFOzr+Yxad97yW/dX7e0owwwMkQB6jL2QyDOeDppy16sE6RKFv/ZmaK+9XdxT0kBONstFg07UGklTGmWEvkGjCeUIr+OsW9w6g/H5mNTp5ZUznK78+pzNcV+blCzRUTHSSvU0rYYoWsWnEYTC64ss5+arW/jjtHuYJ1rUmQlDraUdrdqgp65yy2R5ZHO5puyh6mFWy+H4xHwJGGwYlIvK6gVEKBMNx1tuy3NbgF/RtHjsEfgF9TIvFQNbMxbRiAkXt48O6vwlVs8cnbTSztpTejuQJYrFt+4evYYOOuyELIrZsQAxNw1EOBNz5F5Q54fQilFCwVyByzrtryw/raf9Z3W1ftw/WAWOJBFdV7RUYbcRIgrcWSkGbKnycAq6G7h404INREjHmEuj8IjKi9WhLy7c3e2Dl74rd/pk3b0n3TAfTvni9xlWJbVBUE5xTKTL+uH4YKJc3+uvnz+1dV2aU5mt6g/XqJNMng/LgFIyRXisL/QwUuMsNTLl61Rtn1mQbzZj9tQ1p7pqRQhutP0RDd5MCO4YZ8In58BeRg03qUrd3tFSNdirZWUYqdrnkyW4EDrYWuBi+m5NMJWALgLsy8N2jUQB68ryaV0uzz//dDn9dD7943e/+8d333+c9zsNEKyzuFsaoXFaG9tbTd8JpX8JQgbY02kJbMi8gxTx2AhVdb42eVSr52o3N7UVLjV5zdojbyFqzvkrT1eEnlyXNlU/P31qTuw60cPhcbb4lNnKRcy2Q5DQOM/Xp4YZ5Grdebx8iyUlVeKR5Y0GlpqsvAYXI3977R13sX46xdrWtM/3cijWkHdW+VFQUYMJ8RTWKs+CcpEiOVqHQ7RRU/2UlI0/t9+b8GxMzAyyimvbt/udxqVaXRJq1udLk64W4bLbRwsecaosnGo+JlgQADern5ZhWyozXavO1Mxrm7G1/bpo6yBZ0dhSl65hK6TsTFPAThLp4ko6ZjcLTPGqFwzmbYK+DbwZ5mcLh13qZS2T1YYxLbfBBIsaE69nThqPYHUvRBdXbfqXeX5u7of28s0H0Y52nWhbGrKKbwaHEDJnMqI2++2KciHFetkoDbc5vO7mab9vuPGKcjQoSmnFY2VxFQoFaLFqrn9F9yIvxJiFEhyzWtkYmxWLe8QWNXktwJfOWSxN0RQwTdzClHl+hb3s5SoXOBg8m8nyfxqC0nmaDyYNiqe/7jQcxXwWOgGoRKAwUWeiRqV3vI4HnVgfH99uqCLmFFgQH276gqGyoEWPY/Fs7qjaS4P2EcHtDv1LxA6i4qLjBkbBwrYwi0k20xctxrgi0jI/VGeVBrdM2Jp1Vz2pedF4pgpPUI/7ROV7R0ol4dDIgkINxCUDB+7HS3k1ylG6EXPOF5KV5T14fGw/PwtWpVy4JyC3KGxAKDKeskG2dPdITDWO+S5Cw/hTgG1GtX05Ig9hgZ047najrUpMLW8UubB1yHjzG0FBIyggotfx5FcOk1LdWskxAH+uvHiQn8C0RQPDvzcAZ1BPaXtVyOktyuqEMcaqEHSO6kvNPBheEq5lCBGN00wbxNzvL/1vvk8o251BacuhIDlBZcGaWCxiswcbdy/HyHJDhB758YKWcXKo0qM7NiChg1PXo++B0pCSLi5VNfaNSRHXzjTY1Ia30r/Soyx9fWrisSEG/Qa69bdJaEC3r0yhc7wCpjc3GD5+iav564Qvb9wZbzhN3nqvtz3r5TZhuuu5eWUwt6fx1y751cevf8B2R28V5Bd3f0uIz9/iuKEqwI6MO8ntxob0hxpWXV3zH3rpikzQjq9qdOZlt3NYW7JJi/TV/XR4fHj3/fd/+B9//v1f/unHf/jjrqlvhRtOefr8+fLskROqCTSk06Dtw/H48Pjw+O7h4RGVeldtkYnYjjWlmw9/Y8zszB2m3myjUyNnFfVCvH/NBnX7FVJ7tz+2HjYFaN7roXgUSDvzalHU5wwfqe6+cRWz2eKWFW0SLarWmoE2+1700YYwmgzdFS9ZUKLZoja3LPZB2Bgpn2vP0mCd8/Nz+xGhKu2rhorRJ4h/9c7Z2JaZ6ZcyitRoQjjJVTt4rs9PT//2f/2v9naPHz68++67x/fvjw8PkFor1b9n0EkfKv3CQ4Y/wAMyWLpAVjJCgpSfYRK0gxMDCUoXInyeqtt408RKqA5QvAZFNn+6u+bAr6MJ8Tdj+n/fI4U/RQ/a1XM3u8T/NrJPoDKwx7R50W9zgD9uOiIybwJ33/okHv6VzujMruUTAzMXUbaep/tUbdRSxmaSlDeNCATMtmMnfUxBct8989bNQN3ZFXIjkCS5S1es2H1FkZOQIv3R+L1L0MTHxSuolonLzbSxO++YcobELxZTEavHTLhWYrHK5E4V02Hg1+U3rEZObIaeuMFDE3W6x9cGYHvN5tlKYrlxOiaEEXLj3l+G/AWelDTaDHBaRr+vSZvy2goMv8jmn/GLod9uzLBHJ3Em3gh13cndLTXqsUuf/f5GSTO8VXYSGOWO2+oiqOiaa+fT6LF7ftPylvW5fUv6P8cXji5UlIA/f3raPxzSRWLl1Lf61L/PEWP8dQdMfbDlOq4adLqbvZSMDuIghezNHe98GJfzELErr5/5lkGLhBW2q8EBzjKjHu3KEVTDN7x9o5YQwsIiMuH+U7stxxkZ8+27550lx2e2bfi97t83RwLOHLWqfW6+OD0yyIVAlcl5/KiYJE49396Ahu8z93cbRONTEab4l4yGM5XzC/tgWGIhqByuh5BnBHdbAF6YU8KJFVQJX3iK2C0rhwMn/Fri6ctW9t6LhqXslXBZdEMipf2Li1c911JpgvLiHYjGyr8goQFr0Q2nly1q0tgXD8V+sagwk5s5NO9HAVMHE5y5ia01qtZPR8SJSNbrSbYQKmnXV7FTJB7FPXoWkbrr9kXpDuVxx1tibVjOddnX5VQXjaiY5+Vy+fz8+WG3f/xgLWMt57M5NsyX0cT9LBaqor6fqv5IPnBz0iDihKMSp5Dnvw9z0/9JzqzK4rJABc21mBw69XlonxxmDTp52B1Oqifb/w2UWB4YsrCqiW+fFtPWrXkHrc3F0jwMZep7wFXoVbO+q6dULJfp8vy8O+7nww6BBpriUNqly/74cG1+uOV6fn6ad3PT4LkMbGqc2K1TOdnXOP3OJAaKSl10U1RkAFv4FWWNGvkdjof20dKU5Cc0xA1DI7ozolSkxdlG1QNOspau0N0pVQgW0+krt1qMSgYiJrllGAOnU4L3nFlLWq7WC77SUpozLNVEf0aB3QAAEABJREFU+TLTuTkSBXMAWrm163ttDbHkbE+UDCBeOkIj3yE+K4PLlwOtorWiVitSMLu2jzSh/3JatfvC7n3ZMfafUaBRlsadaFidrNG8koi6jRlz6rzRVosyTjlW2lnN68JCRqpzvQCasu7TSSt6ZM8h3koHpogoQR2Jtm8QNeCN+bxiIIYjXjiLvX2mawPqmc4+O+dqdQHqpoLShnFxTjQaloCNO78CxzZ9Dg7GOtlboT0QD7b4MgSuiDmP9ZHXtXlRz/NufyV6lktjXw/KKGRGoyALPkO1y4Wqc1YUxwEDdjqiCJXwLlTddU08tHTz8q3YQLFh6Y3HrTEOFtXOEfmugUNeRKiUu/QQP8SvW9GGyQ/x7EYA8v8wkoaED2X+8PDOCibokv/09POpWfh0CtejJr/u57Iz5RQp+llpnslNo4gowm3B4IaSjirrlBdPVu5xcUU+2It5kaMhS8w9RX6CizsfPCUq81cfuWUuVVb/pTDxpUUYQRFGc0iWErxUPrp4S0AVDUtAP4AujWJiL+GgBBROZo8WzbhPYQh3udbr6ed//bfT088fP/94ePfD8d33TZZMs1xXKyzji1b7Yva3eQV70+sIVF+swKLhb095qlhxVg2bYa3gpQzP2sNYIEOZSDfyfl+WuTY590x8spjp8/V8Oj3Xf5Pnh5PmSu6Oj+2ved+2WCMKLUCieZdaHfuJTucmQmWx9nVak7WWysMQNq/jvN9WxeuBOos0LXxtW3sp62T1mJSb7tdZIyN2Xrq7yZKptBOakVqrfIhxe7ChUoKCmAaFwjiGfmdNzwmlutUuP1mlKl4nbcIya4+fxseNYvTmzZ5bVwusmWCfwfA97o1DujCqsgVj1wfr1ExWOnU3a8jCeWJtMq+xGLJov3ixdnhNGGqdGW8+3skbdXMm8YR4L5bETi3GupDGV6ymyaT9dLTwyYoSJCss+TApaZSIKSJtzVb2WjGrqYvrtZyfz40m9of94fjQaHN/OGiEmb7vvJTratER1rNFr2huCr5K+AsKglu0sEqzzh/28/XiWFvUgr9q751LG4xtLziuhTxQLMGdBFeD2oRquS6OkURRvBENglAgtCPE0soTWEvB4hMUdhaILsGEoaYWeshq7b62ta/LuXkhTkp/s9ZDaY4KFGDXqd1NdWIrElPbi2mRP53bunqPphWzYcRbtEYKtBLELFr4swGwYozDtWxHI2ShOt6MStwfU3sVag8ZFI8PxujLYAsONc9BTNFukzV3mJSVanL7tHBpFJRrcBoDM1u9kxlsAM13IiqZrAbKgm2CByYkHdSTW9gGKep2LUMadHtwLPErxyjGbiVrye0cXK2TDW1g52ZQXRTKGKURXDp/ujeUPoLAqDx8+3IGrP7bhtENmm5eiTHXsmHg/qGHYPozX8RZbG8U1sP+CNm+XB2mpEovvjL+kDvxCz8ECaFoGd057i9pT5u4edWb09N6kxEKESMxrF4u2KCb3CdC6sYgDiu8dPjAN2rXcPXLd+NBRdosepLx8HI5Hi/01isBwcCUpRmpktfK4mEVUH6yvEaPkradvkF4xD++MROpAkIQ9KDNbHaI63iJU+dIzYM5uan/j3XpW24g82En3WjDWXhxADa3HxDJ7TYZ5cBrZnEmut9dZ3vI6/zmGw/+7W71Kw7JeKWvj4Y3/xB9vZrLrzk27Pvbrtxg3cT5ubeCL1C+ORjBHQ4wnrahurdlAeEo/NpEOaMe993weQecJceJJEAwIL4tjTbsoJREnOdAoHhhM7tr+3hqEPy7j9/96fd//Od//tNf/vz4u+94NzXI9/Tzzx49qm1WrMpa07TmaX88HB6OD+/eHQ6PszZSVFgrg9kfExUKTlq8uxyi+ND0/Km/s4diG/Pa+lvxeR1iTXAaIGMkMPRacWs00NHg6WVB6IlNhJ5NPtSwfHorHatKohj9ihf3+BKtxqch1IgUKR5qLFk8x0GVqf9INVks00yxucaJT8g0I2/PMvOtK3lTJgo3ozccW/XnG7bJeKHBQkeM7EpofX56+vTTT80y2X55/PDdu+8+Pr5/b00zYQrTkf5Ng04SaIxAJIpYfsthRClRNxef0HbeJKNOAMvKrRSPWwU+Nn9RqSjY2EdaE0jb5SmtyXtMrSv98mOzT/6DHNjH3eSEneCIiGN7byjbFMgB9P5C+Vc5jc9eYve3l0M8KPx4Er/hKeh74oU+BJEBXIIFd7kpIpF87pjLe7Fw3gfNa3Mwkmzmdpj9npRZ2S++5k3+mQyCAlb92ylMlA7DLtJmeRyP6R7IoAI7ZuwMT2KgMqhu+YdyDHa7rAEtZhti6CslA10Y33EnNkyro08GHvfxpgTdoJT8W60zqmSrZ4h68JjNNrZ0QZSPpvZMnt0keed4QBgFzSkyTaE+Fi9mI8E/ul7JfU0GFOFp0EAlzJHJanr9FNKOnSW7Jzt9MfgcZBMqnt8tb8uQU+pdm2iwZRb0BKIoLBhXFcvWcqMQR8UVK3Vs5zAyybx+tSCzq/pyFH+H8uJlk8wG4nqla9jbNvHLs/4Gu//vePAXP4avBDYqE9U///zzn7//OE3dMe8+yOHau2Dgl8zSVtNORe4lSP7Cc7985MBN9rq/iMEZilVP4L6dXYTEUzg2MOr/wGt0H0DJfV087Q/YBeDbnRV+y5QxKns6tA620+/g5hIUBEYLqoTp+VNxrdiU82bUheLNvQpWxkQkIxn5/R3NVsYwuDA7daNV55Euvru45hyVTRTqz786ITkm3E+IIumM3RdlyEjcKhjM1Vkho6WK+0zdONRHmoIYfHcjCftiFQPgPW8sRe7Asos5CDhbAJGEhaevGXlATLxSiUgCDTOugTxKVJtJzZGH+XdtDY1TVPJ4iHLPIuhmycbQa3fhxdfdvESWfSohsNRKHJrqaKobqr7zQH3bFYtJQ2M4HZCYCToEYelzn6c6beibT56kSUMNLLstB7AIPO307PXnZWPWAnjAgphDQt1HtI47XW6IyS10+GRK9Y/SzalF+dUpe1mW0+VybP6kfXOJXT8/Pb3bHfnj70ya6UWGxFckEmjYAGtJS7OfElS1eVot4LV6sl5k7kb207BDbCZC8dZQ/eZQEkoI3MU6h7OwaZCHQs2v8bDbnxThrRfhk0a9aH8E0K6uTDHvJqLTPI5Jk26rZmuzzzT15HVon5o/cVmm/YryIfvlYTbMMwOt7NpEcHOg1Kf1cjnPWuxEXbAZFitRgFnCiMjxknVA8tsDOEJGisbs3J4X21lvPXntgHl/aMr15aT1+5fLFXofUKQKOGnrIap2ItfcCwtYOrA1FEfe8witsYmcU9Wh2REjRTnsJvcO2ZAoycB5SIJRFPE0eG0UsAOdcrfhvpwcoi/BGh5geUi2JGzBe8vkhobO67nHCox17BAeZVMonptoa6fFTKxwBiH8rdlzTtfmdWtz2Dxvhw9ld1Svm4CjaaznqjFkvBJmmYaga3LlDlOEIDNzVAruvjoljNa3zkiA/PUft29ZXGkvp2dnFyspUzZh6+6B5h5L5Je3v83PubuAFJsXdJgQSWluDmRbLpgS1Hk3t5142LUvFi0IoTywiHvj7W0MEbutENx9SuKSLDKRUYlWurd4BSZof66qSKowNAB+Mne5kehV6tNymeb9WebPl/PD3KxNDzjR4jU2GIk0OxM0UIsHF3QYY4O3i9CFCjFblHNpO4EjeCXwVVaXzAnv/JaH2ezfjgdvfhq3AnciGMHDHSAhmx/sHpNIl3HhwEWwDDRoynRqrz0jWj59P00f+ME/bdNw+nyqzal/kuZ+Zeu6MM+YFJRNZw/psKgBr29hTk2Vhr7hLJ2jySktclat1177ej/xVV37RF4cxZoWTTJMo7drQHiP0Q2HTA/tPwJk7HAnyjBjiNehTjuYJOxHv0UIWefG8M21HyZxpRrpI0CX3uNXvPQCoU0O+e5LoiYv6uBlXehprc+nT5/Ozz8e3/3D43d/+e73Pz5+OKAXDNDvosIJrDKiRaJXZreVD94ve71aNz4EK77lySLVYUWRjOf2kp/JIRVVrRZIx9q6w3rEmNjW+IXGN3fK9hokINlfZTmdn0/Xy7RvfvnHS10f9/KuCSCClty4gYYdNOvs6XR5ul7O18vV5AuhfVYxCcTdCicInZZEJxLGEEK911hADUU6n1EzY9nvFlk1HqKJD1Nxym7v+FTLRlSIWoOntpHLkIKpW0IDAOoSdbNnRN5EsmbVTn1qtp61ZWDjoe1d9xbRslyqBxrM0aDX2yA7PE5lStLQijK6pHVZpHn2G/q4sEFPGF1gV2227isxYkCWebffWXqlV+MQBObVcZM7dgN/AZu1LtQW/7E7tGmaFzPZa5Way9rklFUXnOddMVjAVo+wlDpPC7Ccrbx1RNIPzqfTdb8/7/bqpVDDfRvT4WGyeAjEWKwaC3TV1jzXpfBVO9TMaIauHWu16sphL15tk+fDtSGT+XJuf9uQFiB5qRmTz0OGj4wReL7REDJC3LFj58WFEBhaCVXn2vBgo8n5Ql0YLcwzTyF83XWrsnnRuGKwjvbVuZF8e5udllJnb+/OpjLUeUe6NA3drkttVHCNbN+oFa8bzdwgIRFAxoZip8HPpMB5V4KLuWleJ5dqpI7Z/EQfCnKfkCq+FWTsKhN2N9iAKgueqsZay8Yiq2CTF99tCGqx7qjTZDOrSz9h31lMvkkGr3g6ixXCqR6ZpGGlqwyQLDVE85FHEra4YKX4llwU4lWGA9FvA2EjhAqiJFcoT4h95hvuRj7a5SI3IDqJhPu9MM6yHY9rsnh66Y/k7X0GQR42AXVkAH8GH6MeYR+DW7qu13VqU6KzcvwwRSjuXoGLOJ6Uo7qdxGGA/lnEDiTGzVmZwkNfAibjB48h+OIPHAJuHRHNkPnp9hmRdMeiJXHg8e3KCLI4NthnXMDIWKCbuKUgZ0CBIn1dYlEk7wYS3aKmpJ8XdPLVQzxk1YkHC5fYPM0dY2aLLYK7tMD0ATDMBV2C7yEkTtwI0rWhQUXNuNYAmR6aB8vxsCOQNGvG5x50MgKT+AR37BfCEEgAHwxQpAklMOxhEOS1w8kwur94sjsfchiqhq0Y+6HEJ64gMA9fyya1xv59W4DHSzAs8u2rOzz3K2e95aTf7ggT2Z1Ir/BCyGBwg8gbTpKbf32VCv0NRvprLk4iyg+G++WC8pDlmCdWVAd+eQynRRDnLyKMO6PlOw5lBLgGx4Unz36ZvHaf4kwPAohrbodtUbNuxCYIE+xn61yjWHueHr/77vGHjz/++b/98V/++bs//r7BrfPT6frpaVnhdYPqampJ4QbjDg8Px8fjvuG4phaXWVdfyuq56JFoGvCgTC6WOSIzetRIpE+mFSVNdSOzzdY5gzHaxLBVDZkirhrRKoDN8PCj/2ADoM3+Bk4H07Gm0KBToXW6r8h9typ67Uz007FZskATa4JTkBW326GACgqwCNVRGUe9Q/vBnkIAABAASURBVGs0ucY7rqKVbcvheJzmeVhrf1F6seQUAtdgbeWNOLtDbKNK/guOtHJLLEkDaW3G9M/Tc5uL9qrf//4P7z5+2B0PzUAbyqA/7m1BJ28anNzUmRiOWxQmQsxfutF4bSpRaH+uzb0hmkoawYXTZgs4i6a/FFa11IygRLCb/jxwXx8SVr9sq0xuQIROBzWr9nRS3ryW/yADz6rpCRkIgMLo/feVGF88MGR/j8xxLF2AJIwdV03GIGXKD0cBz7HfuQv2xGNue6yZCZCQ110dNwTCCeXGR+TPt/TpC8hqyvRwFglo8wotM1M3i6nFwfQf2+mTKj96TpFuOBRP8vAXJUl0ReSJaA7+S5oGzcBeol2jI8WSNS8Q649Ggy7es9zlIPA8o0KQtEn+ZmaYREV3ditBIWOhXo3FnRD+ljJMVdrxKYCmNYHUjBmnc9884lhhY6i1+5qZhBZ0OKZupbW39yWneExMk29DirXnre7SqRLfZ3q2R4YhGa1yzD6hXmkkBEqUrI5lGcyE/ghGAX50qYThrvo14UxGRVDX/GpqPc51EbwtcTMqUQ3fwsndnEoSzMCseSq7pqFNHbgCmb8NRWHQJHoyZMDeI2gA7uTmSe66QU5e9bxa6oIWSp+jQK7FCKRko0JaI+NBFz31jEDooV6ZQbhS5rX71ESUzVg7R34Zf3spApn/Vnzyt4J992598ztnLQBoXUoIqzQX3fFwnJslMAwyfO/iv9WggFHoFmD/gmmJS2R8mJunbTsGg3GUK+kMHfMG2GVulQyHZR4S2+1BtIX5/goJNIO1JGGHwEJpX/7SKwC52i5Ey2pHvI7kcoJMYdXSX9nEvZTUVHicSh45rM3JUDshWG4XYeKmjqCCcruH8O4JFqtDaZNCNLnJOfGGPYLRM8UT5XGJV0iksdprrJ/01YjdD5jEWem04KlDy2LcuW+oSInD1AF44WWqsySWF/qoBMYDEzUfSd1QlI/KlslPjkAtEhq6gGnQEqxAPZNNJMUcd2xhIGd1oFLC0MgJ7VwVCbXHLKFAmshWpMCdndhoqFfVnQBJTWqQpTlKLdAahCKdo2LhxvnhzSzEhmBMdcZGSiAu/a2GXHYpxSF280wKJ1MfMJYmOuZgVaKAA4sntfiQfGIjdsWz1dWUTSjnQdIFE+5tGZfCXaKQI0BftSDHdlbzfTRnwllDGK7ztGvul+f1+tT8R+tVIy/tBTXsdFlmaI7qpVKHPFn+KptvQ50Z5s2dfEtpme98dGAS5MLLwItQ7OS6d6v6ZmtLbJFGOFrspEzHeT5M6qebUejdmqnA3otNprRsot3sbzOU1TZ0PtTEz+TtdbVgfPtFM54v53KZyqV5Sc77y3lumhvN6mrSNN65UfjhcLyez5q6e25elKsmVQRm4ZAk7IX5KKyqI598QUtbzn+fWSam1VAtAAjzhFrD2sNDMzo0b5M2eHctTN9ZnVDt9ZrWXZuFYVUua1OD4KRicUI2Q+7VcCyFMYfcENla5pkG5imuBkqwCeNRoDcagKRzTluNCkJUPrOupCNUO0xOU77+Vrj4dG1nlDojvJmrgcgbvdB47jjnkoD8ZtZLh1WYDfcCW9kDNYVQnfmsvaaaf0+Wmb7jstdc4zr7FbofWQkGgXzdMoi7JAgApyqq89h+WMWpg3P2crbzNTIxg2hLT+Io0babQVk3g4nr33ZFNd5RqLOnaiYtXZlF92oNhQNrpTAV6r0jebctqT510F5Oc9U2V3KWK1Z79YFlPnROvnvq07AAwzecbLZvtDqCIRX2kk+DmGYXqRHlkGRhZrLGCp6X61GmT+X0cGlmtrap5+xkiYoBs+4BK78ARKj64WyqjDrcEiVAtLnEthkrVEpoNL4lHHsUX9otBKEXx6hFEoUqJzx+SMGU/EMaSJuJho1Arx+DF0EoA9pkK0PyVhOHYoEcW12GvTppd989sLJWCyD812ctwry4q6ce6aF5X0svqEYpb5t5dTWs5sGlrtdUm2yYHdTTNhNgqJ5yNdkhiIewyNdoT0EQkQPGkIFnJpZzqbjZERRjCi7EHTDgpEoD4+pPkeK7Uv+srumi9WSxiBqXsZkrB575whXB7k4HxVofQhWPJ5b/XS/16a/t/KvU7/YP747HtnumRcsT8SKubNOoWBJ4hi1i2bJJk8lVBoqovBE83fLCnuhiPIb+b/b+bEmS5dYWBAE1Mx8iIjP3SPKQt86VKpHulm7p//+E/oJ+6ud+KKl7iofcmRHhg5miFFiAqpq7x5DJTXIfVhk3IyPcbVBThWLGgitw2nclYDkKo5wV6QSRMc3lTbuytcZxPufDk0JUST4v+fR8PBsGwvlOd81+3G0Uc0TZz2YcZaOdSrx48XQq6kRbFR3QgskSzxFM2P2WhZhjJk2T5IykJ+3aXmT7MKpwO53Lc9PxVETb3f5+mrRBimoao3qWT6cl6jazVajpcs+zIEWkb18C0GwkDIB0tAUM+hLJgr7tuBwecp2KPJwNQaT2AZwmVGom6Nudaq08ZTHiMr8CmbgtW00b3Whyj2ZWsVXzZcNnMeys5VyC/OWDcbPJ6IyjWT8JqeQckir+80I/LH+ovB5nGIcSWtCM4Jx3h6cnZJbk5WQwLUNyH/ygCzwsg07rDCpF9WT5QJOLNO32oE58xT7ZjdPGYMlHlX55GPOornorRQXgR7KcE+u3BPeV770xbYYSBdiM82keTqe5kMRxhtGJfAY0o/YUKfP0MrWtWe9DXqHom11qe6OqWS5gCoaVZITjO9ngXcpsW/iBvNqHgr26nDOzp2hCs/ZVOp/OSlGo27A6IVWe5rNZKzprEUAxiyx7NnO51Xw6Siw7W5oIRpcCKYutGE5TxYcRaXtuJ2uqpSgo0BJ1UOi8DByi3L3lMlOsPFKtvJGTMqcBMApMFAh8g5uAZpIshN1HgSboTQftQUv15zlnLUovj5Z4Z8GgeTnJKfU+PE3qzmGUNUvVY1LuMVugrgSzzJYB5TfJrssGVgGvRdxKrQsFQqovsv/cXobpotvpjZNWMnV18I2Tgwib0L48+eKJsNZ6jiehVldNmKq7ux9h1GDH82oaVmcEu1VZp4aban3zdaovJFT2qhDI+mUltOuLt7v+JYiJrg9XQo2/Xl13eUEdg9xeDffvt00aN2TunUt2puR+wrk7NQZWf62fEN8c/2XoulPF3LKscj7ZNkfSjgSkZvcUg2alSzqudMDw4LaBmDSmjgYk1iqHCu3Jz+1lONCOIgMVagOHXVHfIhRmv7ax1uosk1AxxZmAr0yq14fOhTzS7LrFDddlpSnXuKTV86wCDVez3Cap0747J4l/Sf2Iew/YqzelG0v+9zvkV3z0FbOII69tCqbOU3Q9JwBk8/jFC0yw12K+4vhbZ7b6RqpEqId7ydocXCQiQWall9hI0CF+6D9ZVtzET7q6PK2tiX5QcjVHbi/UWI99lpHXFbLQ7hm4PVSlJf5xY627r3kjrRE5bMthM+0e9tv7u+39/b//P/7vH37+6cNP39M0nYqD7stBZrE0X4QyNa246GJQU/f3d/cfPkybjfWyGQRdcShyTcAPAuzEdY/KFHziZIXWbRK/B//sz/SfkQ+ASUb/TW+946WlXO+WDb3cOheq4m7alKAxJK5m8mxyzQkxBJTT8wEwc0v0wh63m822qKrbaTOZvp6IGj4o+3iym/5ObeguCA3WIVKm3VQmz75aoEeaRRL43NKzG+lXC+/ay6obEEwcAV0nKOeKK0Fzee/6CGpqk/ialL+KsvrLf/7l6fMvZfT3Hz/dfXjY392Zmj8s5wWR2Vo282shnYiXnK72BTdFfaWj1G/zS7fjNeVnVysFqG8QAh7RMKmTwzEkgOwc6ryzO5gBVKEpTuilNEC7DY+lVZM40Gd7MhovEcGroIaQRFInTnAXQdNBpfsve7VBizZh2PIys63H3yEF8MWDa9RZMLGer4NtazUuqqEDrhz6CLNPwguY2JG7E6pPuLeIgsWwJ2Q5kyHzNugf4LPpdkMT6akIGo5LA+gm7oes0wunNgKYiS44aq0PQ5mUFeyxh1tsp0Yd0mCZHElwF2qqszm/oJj5i1oIUMw/KP46KIMK+Er3zXCdH7Z8ESuGtLJIg97Ey8AREuZRTWliqIu2OriEwo7xVzUrEF8ujsXC6LCMCiTnOdDt1LS0zHH70Fhxiv4v7HgllsvQhBJHaNP94nhDLuauFaD4Rko+IRklTNSyZD064iUYBi+SXAxWf3IsNVIukIEtPsPADKhF9ZrnMkTGCRKmfIqdQ7RO8MyRrpFtKfGingmEQnAyFuLzq5wCwcaa9hSxXLMOki+/QUYZnjOb6azTskRbbeUv6nUgm1qeFJx38BpGSy6Z81KNn/pLturPES2CcZ+wW9gKqS3UDGQaqza3nSeBON22DDuqKt4eW9enwrzsKSy1yq9TlPJlEBFcSVwJ33UUgk+TpKk0EjHN1483+d9v9OiNYmlmzOVp6fIaz7RIyMg6n+fNuLnf7NWFmis2QJeE8ase8s7P5dtXpdp1+LPsmqJBofQwI6rXPVNWngfMoyWnVdXeVTKU4ZH3TUTrvAg2CUqrxSMwoO+irhWHMFLmiFpdV330xZipN57Z6t7HoV9Wr2Ixu9o+TAw8Ymq6Mr50jhM2KkYVz8db+CR49VinBWRjUYZDyF49LrRSHAMbvunivcfCLTjLieQAc89okwKbAZXofs+MdHu8O4erLeIXwSFcwkII2AqUAA86dntNDCbGkwztD40AGY4IGDhb5rULf1cqcoTG4BMU6fQlFFV6d/W8+ORm1O6rmTC7bNaPimJmDthWxR5Tyi6owkMK9c9cygLRlu12JWSlKDRLFQx1OptTAqqJqzRVd4OA8/xYiJNkSSTMFB3feYh3xEhMWls9f9F0BIsDth8WeL/g3WgoTKMYW+j6RisJNQGRPekzAI3UM7wo1BNfUsQnII87bRxy3a+kxRk8FhdprtHO1RGz9UeCbKVZ2ljhRIZROECJNDIzbC1baPcqKQWhDr69ebYFmbPWyR7mebfbbva7Yt395+Pnvzw+/u7hg4VsDXZesSqsMNpCziXsruNYsgUXtuepBKm05Wq2YLtbav4PVD4OkSfNb6a5DwqVOaq7f/QaVna1ARsI+UlFK9iMw77YmKfDIS8TcYmxnGbFn7AKLCuTNCXIAZywr4ypaYedZfZKC0oL4BbFFE07RUsnjodhO5X4Qbn9uN0NGluaZbTg1jCi8tdsXQ3LqDFvmgziqaFtgzo9P02kAzqWumEqeTfR06T59VHddnZrwwnKsBmGzWb/4aH8fno6sGe7WV9SVW8HiwVpgIjYy7+htyhMDCrhQxQEXF8OtQsKa00G42ZDUIR7nZk7A/PggydtrJT+qGsuo1bz3hTyxbS9MfZy4sQX5ufF5DQLBN+vrfoqnvBlMN2BXNw425V2eyK69JmGZRv3YGjaIFNk0TPQS86FKQ/v4+o6AAAQAElEQVR0EjnNx3OWj9vtjtOOaAoRotZwCS1Z5Y/hdJqKmw0kA0LFYAmYpHNWIFIG/5GElRcpYkKtsQM5m9D0vQye4vyOPH6oNd/or+Q8sK/4tUYzslAVeuW1ymiHRdUGo7LBkS4W1bVN+gZ/t6VMxsDLHXZaUlTmQhsRnCSfLL/J8wAVpwrq/RI8EVnZ4uOFazkDuAfmMKwdpElxfadYsuy9L907meDQQtSzeK2elnlzGu+G051hNanxGCg/4UaEJ5Cj/4jZT0XV16EtPcmh24fFUMVT7V05EdjIwPPA4FJkTsraEbymTwo+sPq8J8Auqrc+srQLxZozXN48lK3mMeTmB4hHtU3kWKqS3QeBGnqV6YVcJ0mjwigN0yKDpeP/52z4BqcD4g378uW4pUi3yc3BJil0EhAZaA/BC5sATa4o4c/BNQuVE4slI5jSFxLMdUtCEQ5Xjmn59hCBTVtwumZ2z1RlPfFFqgvrmGigK2ZXZfsp6nLOEgw/NflMhTBxvFjmHFSBaqOZnRxrUCM+0hbH5FjSbfCkW/OUP//1cF5+uv/w8/Dpu+39ZkzjeU6GKOzuHii0ZkIvsWb+AygRseKWLkYBt4AcXLhiqlbS/g0tIxQFwAUBBEUEXt6ZPJW1OF7GUSd6p02sZmXdy/mgDVzmL+cvxd153BzuNG/mbjdty34rLr7NVHy++tMAMA5Ph8NxOaPPr49CHAOj00Kpnyzz8Q4w9BkpPwongHh5NoyigWdwtT1vCHknZUdst2r7FMFszkIPiBtMg7u7B4Ulg1JAgb63AFtbH5vdmQmiBUCIrbAMhtg9FjV4UbE/W2aOprOU2UmALOWazYCsujHy9uBAClFURMJGEZnyfJxV0QLA5IL0hCxF/1nyOQ2bsvusW5Ghspq3RhyuFTocKmLdPYXKGdPzbexWHAoK1aY7CtSiPXcAVUIG94IMDAZAik2EzixkVUKSvP5+Oh60N47qOdNU/PnbnaGAFPVs0sVQp/9p1qaEColRAgKWP+l6BMc+TuX88iLTJk3Tot17fMLLVchuKVMJzgdNEQ+X2EhcNSVaHW4ThC0pGbkeNgvmpTM8Z+1kz0gWkxlkkL0OwaOhumrZdXJNpVNKWM7Hs9lu+vyikRY1r5CVKo2DthxSyJPJdVTFfrRWOdb1VYMXtdJJArmk8E0yUZIsu7lMKCBt1DK1l0MrRGwPN13t6aYtGJxilsJwAfMJc9x1e0sCgulaFqMEn4zWHfg5cYX+JFPw2AI5FBEvrpJAEzItiSRb2mkyvSdZwq6J3KLcL+MQoUE08MWrunNVAkJrqB3XXBABGsOXF07jlkZoxgmlS1kJVuFJe8EcXK+Dv4G5RljbpKWoTrugk8u7X4a+vfghr+OJVU1PXP10N2VzO6BUdKzM/Rd4p3Ag6JwE4ki8IArf6gBD04gh4A4SukJTgW+qCxef5vf5l/gl06O7L9NLt+IXfr/9ScsZpuuj5blX22N1LzgE3IrMqau47u14emmQUtUTXp0m11dJG4ip6/DoUu2jUbW56kmsX4QSIGl9Kz1S/yczdRpTo2kjgtGDCVWH6CaBw/HL8fyBavFUb9dDJeJQrJyd5qsQ0ghNAip5P2NBQvZ/7hflwpXXvRTf+Fxe2z+XJ/tjBnphLTtN+fZdV4ovveNgulDN5X0b5+adVvehbz34XdcyZonb4+SKmt0WkFf2uNCbHODisX/zcbHogKBfMeHLyD18OR0bBFG+SCP1PKoqdbes9apIoA9RdGFPVVkZT2xboFeyqVtrdwh7QrLXeLBqV+TGC3uwqbomyJ2yhls2JHf5TeP+4e7Djz98/4eff/rTHz/9/NN4d1dE74lU+XJYEXJPePKcvKSYw5PC1ZVjty+W3AbvIoYKkc2DUTFSq2+zvmkNENgSZOlZkKlWtZLzhWmvVrBmeNeME7fBIjHcHaqLwyeLwzoWVXvMMPTRaCWTppooVJ5mLWv+6+GgRvCgydnjblPUs81+U1SyEY0RMYalZb0ozVi1qtk6hM6BVGNz6iMbMVTHX+HBhQOzm/3hkO3tKrrkfvzGprgSMbVSlOgtrmHGDC7RPBnNjS7q+eHw+Hg8PBfCvXv4+PH777f7faxRxAk65Llft72OvCxlv43jVX4u3nnS8tLXBrr7GzOiLBezz+uRKR43en9yKzshZLu72irB9Ory+6Ykj5y8g81J9/O/wNFJzcYd4WkjcseGJe204ra3VcPVwVQRpKV91AlT/huI5K1nv2uojb373nb/o+cJm/1l7ilaSZbKJdf3coOnP/Xd8/XeE+GYlqqHrXkGewmCp1z1I5EqA2Pgi1cxIHsG7oveFIm723/wyXepBloU5sXQyAmzDRpe8sr4Q4fFAKSF5q28YqHcP69jo1I/seWIdFRL+kOOmGXEaEWc4tlGUp0F5DycJBaa0rh2QqIKIXeNB/QvDjxQaUPAPmf4hbl52mzAKSBMxDN3mt4vcDZQTTrv5z1pHsmwMbRYi7go2xnMZ03wFtVwnN0wBW5Lqjq2p8m4aop3tfEnqmlJXRIxHFtAG498HTRlsFVE5ZtbQMzukKVK6nijujfcHuk3VLPI65/vIuB37Un6+x3feO9Li6QZ5C+dBcoAPVsxcc7H06loYJZn5YjKdMuueEmU/saOShu+2UEdecnOQrEToSJx3UuNjXr1JDQneDbjJcN97rsLxMWBEmTw9NTFXKq1kDz9rA1PrrxAdKnXe94I8yUNr9QJfJfFUy24ctpQMChuomolNHvh2LDNZof2iNgXXwoRnIBmQ1IVS+faNWBfrTN3cpLrp+EFlUg6ECTAsn/AUd/LfdCgTrYvUR0nYVKrxWPvXwueWlQpcZzEUUQm3MRG9wzjP6CIQZsShDOvTkGyACNuC+Q6RywLthsCzaYoktbr3Pbr1f4IyeCLrhAAivEosCeqchcz2PM1doYOIQlASLG0RVGHuWfwkFfMskTnMfZUPacsrKIX4A6GkMF1CdeGePVES1O3pEnQEKsa2FAwjSr0qlWPh0YydEfi+muybA2nC65qHrnY0xVNlk2ELkipBZ+aawn0hlctc1l2hFuADHA1UL5PqPhjONKYsXkCvVuciO0ceJKlxCgUG3+73+02Jd7w5fD0v/3H//hY4g2bLVvXGitNUJ+wtuUYx2XWsleyuEmx3ooBqBmw+awZpeHeTsgqaRqTP7OauDCMSsxIMdvHMRLNrNQXk2/TZvWnJUg53BVTej49i0z6nxqNJzdPfO3DzkrsJeoljl2MNZ7PmxI+0SJfRQOxXOSQJloFPmc6nYfjedyeS0Rk3D+PZ8XaH/JoSfNDCboUS16h9rUS+LDZbUu0i7qlMcrJzpy8TaSgggSJgNXxx2sG8G75YtQMGHNjZdNmx3dlUkpsQ6Fc7P62O7QND+dCIKOD4wOMzx6cdQZMV1xEPFmanRFXxhfDWu2PGANdl601xRXqXpUBoMkgXrF63mzVK5rgrTVBiav/o21+vrK7pR8P30IIa+aEf5At9QFXpet3ceXr1iQbv4V2F0kitu8MYcY4pOZtyFM+lz1TyOnTdgtIqo1B2imbmlDblMtugPSyfYa9rtkinh9PPl0UVcBQkqW+4IpC1kofeZkzgjHYztorypIC85JGrRry4BbVe/l8xtqEMFVcHJGOO4RiK50gqRnYYGRC2zEthaUX2lYSBGPqfYcCHu47nlwZC74TGXEuEbEhlQGUwfN6vLQiBk+hV0eB5aNrOb8sz3n+spzv5vO2cCLWfJjU8hNM7Dg/HarWAW9SuJdqVB72d0YrxtS8/Gv7iOnm8PrT1prO1XH52YvGeOMY+Q2e4UpIcFdaSWffOOylOxINY/Sb5HfX/xWmKnf3iqNpuEp/fX7UhAM5DVJUBx4kbYorEyLGt6ELKQuHZsuEJS+aAMGESZccCkrPHLAtMzWtiD0xly/mxJlD3RXV8iK3xjgUVDgP0K7Ft7nnyVEn+AFm4XzM6QIBlrAKca+AX2GeDapp9g1SqSD2T79XO9ZHMQwYdzRn+cvxuRgjX45PT8vx8PGHH/d396POyjAnYUdhCY/hKt6eANpjEKcXxBETUc1ptcJzzffrJ9OGqPkFADBCIyC9JRtOK7oAmP2eiqeyiJek2ZqSx2WkAxUyUD3hdH6cFfikuIDv9h/ud7u73d04KSiYYpAoSMa42YxPp+PT8VCUCo1jiydCE6oO0+WO4KBeagCK6tpAkgB5020dXtFMMLmbDdyKadxOGvg/sfuv2XARpTistQ6lnLQkMh/kCJ5hbmvTPJB3YlOmma9zTgjde4KmWxCaBjKMxzJP2jlIveRpnhWQZDMNcE+FXg6+Uj1WoDvQjOYrEE1Fb5qWzXI+nkYDT0H78Kz/GeqJ5g+cZsUIsSQPq1z0vTFY0MVKqFhqGLo+2RVQzKxMW+uCuGzm86Itj84nVYTURMweA/BcKdMAEO0IH5rlFuuwTwp+dzweh+32NG11UTVhYkA/n3sd7qnQ8sFQys3XsRBH8YzqbIGmvtmPsvWyIe1sczqCfZ/TGVlnFoHIDrwhTTdFnKmiAdYdnKO4KFRi6XxWAooxnRp474okgstrx08wJXYFPXnCPpM2kHRbTyzDXiDyycyHMgMlnjNafpUTreFt8aZooyNMFXsZ5OWUFU4wYHSN7dXLmivrUVAdHSjCJ4iXYAO7IGJ3giLJsEjyWnNMyMDqhIVV/mp+K9EqSgSLJiH4YwgutQqZKr34jYbqG7EdYkqjDkprf7W9JFoAiSedzJotlK3r9gJoNUUOynUzeZaETy95eQxMsfrsm1Is9DqsYzSERT40xJermlxz2dwjyLly5AidXzLKZoNQbTDHN8UuvyJiLwZ8OfKXD66qzsWndDEGrjUL7qa6HqRcX3XjgfzOl/hHHpm+8eDuPwqtXo83ZmGl5HPI1J4C35gl6UBzKcyj9ie1e3Bf/NYrMS0Wm6L4HEeqqjk0lMRNr+jbeDRNstYGd+4TQoKU03P3/J4zduHki2Pp2QLkR92HLZjwj6zKfu/uu3m8tQ//ZQ++/eGbc8nvmTN5163edbyHL0mXoRXK4RUBh9rzaz03dSek65P56kxeJQe5WDKnbGgmOEuV9+zZ/mQJKPA+pHAfFUV3VJzgjWkE22mznx5++u73//7vH3/4oTjk9h8fyhkn0+Cy+A71UbgnYDAP57DRXJNywR44bUzVAEYXHY3F1Tz10Cj0qM1x+p8X7MJ1p7X7pf0OD6r7WgckgrjoR4I1uulYv0A4sYFMCKcrOunoZzPGKjXBoiihi/ZnzEipURC+7b445MqvKIbsXbTN+I00F01VmKU+naHlWwoxGHvnO6p1YvjT3cKu2UhULWDPyFfQ3tvH+mYroRXg3GX8z09Pz1++PP7y1/I2+/uH+48f7+4fynJzWi3KSoGRXznp5O9xSKiJ9oe1dmx+MDd3HJKRumI+OMI6o9E9AgZzkqpcTar7diXXNtmOpI00KQAAEABJREFUVqcoA2qqBAyBHranYH7cVCVj0NJqshu36p1Ev6Vj5byKA19Jl+IjHUxZR1LyOvfsGYI/rj2X3cPy9z8qYdziUBGag2tFpDG4ICMvnHfTH/zdmKZXjSKYkuq7SdBAcGI9EjpQp4bpxKuDmk7VsaoWf1qzlTp0d31x6rKCcAfpzUG+mumOu1nWIYbkpZ5cm8rEmdWA9J5T1ePoec3OnN09BTG4fqKjE6xQbCxdrPFafx9ZE4mgtHtIkJSLRKoHUqXNIJZIs+l4tvv0loAmCR8ueZJN8pKj1ezHm96YqNXsEXWIo3XsbcmCoUDMOfBAYSiT4tamFsOs1zlNtTAJx35M6MLnsy71LcHS0npph37aZZXQ4KFa1Pu7pdAsCKNj78zTkW3bJr9Fs/Gfc6yVO7n57eVkSRShHg6HiuRU9/m/zNQyirDNFdVLE37JoWITgEpAZ7AhNfp9F1v+Bg26b6szxTuSxnhuPZy5/4WjmuFlcdZWKQcU3u2TuRP+7Wl8+5YkvZcYW88ZPvUlIyKR1UdNr5Y6X+ATbZOGTE+pyaRe6khnwfcakvEEP9MdoTfnAqhOmTsOaMjo9VmuUEHuSJ1unwemfgdcTlTQjM+MwXrQSkR4yYxj4MVUvjBUajk59S0FaIvFA5ssKhAqANpyrBfLvlys+zWsE+uBwlqYZ9ZUkE2KuCujmLmldHSrDyi+wae30nmt4F8VxIe3b8Uk9KcjnaREzbHrTzHIPgps5KqCeoTPFyuxZ2jb9TmH90vr7BWlZTF7dNGC50HqivbLRB6PwjvZ47Kr3WHl+ml2YpZGcdLdo/3pLlwdZxlEMexGK3HdbUbabubT+c+Pv3w5HUaF2x/LqcUqLjGkZZy1dLgEe8ZxOVuD1BJ5t9yMcuZJR7Uwc03ZCrwy6halTjX+Zw1Ws1ZvjBWdyE7y2Q7CLIu92W72y35zPo1zeVw5fTFMoeIib+Ay7A13dBKA6aBh6dNRkYOS5R4tmCQCMVuUlDUGVMIzxxJMOs3H07Kfx2WyBglaCCvWKbYYuuWkYgofD88wXJssZ+qpxdHyjELU0O1207cclag9X9WfMWzGzX5fQj8L6oax+7luOdfyJPZ4tcmWGlttKkZVwKv2UTWVCBtQxX8K7Cjq6L0bbCWu6kXF9iEFGtPZsMJ1cjA/6Z/VxhF/Iibqw6C3jlAIczB4qsLt8rQb2r1lSUkUJQr4tmPFewmTBfakxG3H8VkRgo5l3s/D+DCOJXY8wRSwe2kUaEDQ2vR9q8zMta7J3zK6JnWOniYn6m5d+8pbKFIarxKwP711VpgENkTHNKyd0ZjtHDLMXF/gy2VshYrEV5iaqMyEPqK0WmWdoaWEUdNunAgmfJYS511YpAZNQvR4mqDp/7lDBgQ3tGqkxZwMWVPVB+1FMIxDv6DUiSj7w/Gm1NZYpMRUH+k8LadpPozn6UNKkMMplOuoZtYpTV6UDejcZNBjV/X0Dq7AvdbBYYz3VMRrC72u34U/6/rgK+J7xyGdFuV8vr+fmReewNSYcGP4eoI14Yp8kfDhiHVGMwtL71Scn3fb3Q8PH9UtWD5/fizhdjmXOOxpkDFNSjFiRJEk1aokXaAcIINQQlzKZ8sCFKRCaJeqwrhJ47QL7CucaDkezu8JaJ/URWng+ONuSrlXd6nF6tY7HcgZ7jfsGZrfwyY1IZ1jdQcZWWZH7kkLS6RwJXTPcl0wuCA6RbnNS90Q67oV3W3mXGbycJyf/zL/9fj8bx++++PHH7/fbNSGzNqBpfoXcu01AGhM7rt/0eX9Yy7ApQEdRFUbND1k8GAs1PYEBgg9SN/Qe71qr46yhpOCGOpunPJQpOW4lKnQ1I3TWdGwFf2GSgg9H7Tf3H3xCOzlLiE9c6Atb1RSlwD9ODw+P581I83yGNQIHgTOw+arCz5PBOdXKF6WUAaccbiJzI2IxjTQbUo4vHAJ6KrWc2dAH5zCQWD+lxuZakHaaa4s57hRwGUFggQMMy/hakQDOPIkAUFvePscKdaaZaubZeHyxvpGy7LpjJcQr7726CdmXFoBMUzLs2SvoUwNam6S5Gkei6JRvOma5TGbTqxJJ2QIIpqyMCpamWGWxVN05AJILDfOsPQuruxVlNcueVYiGBWFRlNYzptFceh0csoBmJOaYlhtFEFSSwX9AghUPj/PS7Ggh1FROsp/m13x+W80L2a3HzdlE+cSFdD2Q57E45JNgLGBNoSWNkGms3Cext1ixDT6xtGkWcVlsRSUpam6nhg3rCTihTCvKrGrB6E7I9GTKvw8ed8cTzVJyLXSj4aWCZUCsQ02oSYYQcro0lhh7vmctFsSWXqGwckNqvu6kIWotqZRBk+yydoYR2FyyjjYwXFpVnBQ/e0sZ6vItIVO4SevxoVVjriJofgifgyehC/wctkrwE9HiKx4KRpulbz6ebT2URfcQ9ibmolrA9mmyeHG9dD9OpBjcZVDozfJIA8tNKDYf0gjXjzxhcFxMHDxqJarEplakWpF7U8dB+vImBoz7rmsT3FgTlC1qbgZR9GMrEdSke7GPhojA27ZKt90dML4zaO9w+qJ3MnnylJcnjb15xuG9s3mxtWdvn1+vuV457C5/duN7kJDeutu/OaLVf3D/wSIlVycIa88qMloul6SZj9Wl4JE67T+nnWb5JV5hEdTjiSs1XFFOjdJ4pLC+m3ik8u/Hi39nY+/xzDrvv36i95zcKS91yN/857/uxy/5px+DSE1zZCvPrx5YN7SrUfcfC4Tr77tFuL6VhfOKyKSizoEPyuF98qNFohieBbMpmVTBZDjq6VcmlJezKrtOO6m/aeP3/+333/3h58//Pjd3acPu/1etAO1Q4JEZalpKMm1U5fwGy2L2u525T/NxoBykKX6luFCD6nbKhPq9m85qWHJ9nMlle31Too+1JVcwYJnTCNu7DqL6U2zIPNEIQmJqYuuuuGZ0UNHEfROmp57eD5IZIooTvZms7+/mzbb8qaak20uC/g42n0YfScJ+ide2VJ1VFMRQ6crDj5k4ibNxE3t9damPXVOaQ6jdjUZbexff/CtTyRUkypgwoYvwy92x9OXL3/5j/8o3scy/u9++PH+wweDtdkQe3rNpQ8t9KffYtLJ5cT5BrRIj2SERasEBBVXgqbYmXB21o3M0XmDwh4DeoARXGZauSahX/JKjZB3als3TvsaRfCffPhcOWxRRgOrq/Sa8CK9930cmY3+CUd1A8nLOc3i9VjU9H+hGjZxQ3WtfxMqXyRqdz1WVCyx1DFQWnvQMWn05oDjF7DIHLLkip8wWlZzLwdB3w0Lt/pM3ngcWLZ3rjE07NSSSronUuijyHXQ6EgnF+FbYQePdnRr+G2E0QlJLl6T6MbOgqtFuhgV1gjsmmqErJcxRAFp7NVU0vGGACRE7VSGiRoD6SN/0r9s760TqVWWfpaQnwD9HP4hjppwiuoYEarC1eYNYLXmXwD76Y4lmtbFbcl/uUiQr9NIveZxaxrthzHHpqYw94YHtXlo2Dn68Ush9f9zH28xPbCRi/oDcYq2GEdxmT3f7XdFQnP42v61Jhog8TMcLeGG58up6zhPdfewYYfbVrEtII2Nvj5DdReLA+Yz193TlIHVITUWAo7N7jdl91PdfI5AfUQVI9DwXhhQ8NS6U18Ze/WzyUt5XRxyibocUAo1aE1sOJ+NDZvP1CGgu3fqs0kQNa5QJuFaEnDA9b3tKuELaFaUFsNzJY6WlcLFAq+L9BU5/dIEq5OLNeIIm2WDUUY+g9SgWp0TODzTuwLA8czQCorHOaHLBvsWbWG8yze3LzPyTpAFU0jcxJt2Vxdr3COhSHInIqSDlLBIh0VtkkNY5TYv+lAkBwzN1ZukI9FbdhchGkmutlHOIfn0cH+1VN83VVLqSLSegyYF2WDttM5WNW0rn3WNe7iiY9YmBWBuQR3ouCbk5Mf9c/vp6SOmlQk4fS0WYSihgy/nwy5Pu91Ip+n56fTX56etWnijwfHrXJ3nBT5yrWZYBpiS4Doa9mH9fa5Wq1CV9dcE42zD4BBKzGEqe1z7a3rZ+mrmyaMgRVHaaY3DJh2OyTE26mqQ59KKB7nRfHvJZnZoGGcB9kM1zcykBZiJtgLRpJPDMO02WvV8XmSj0C6W1qS2TIm5FNf9eZqKZfz8+DRazx0rWgUvzL0hzVW7dUjV9cv3f71jHyFtpGpEzntFMR8s72Q7l9jf47J2F3qURTxjOBa9KjDY/tmpKHcuBeIaUe3V45pxQsGvHaijcTkGs+osXuoVdjHzeCnUBuwRdPlkH3IQq8cK+kA+XziHL/ZmO9OVStfjPbIaTKhqbcbZr5T7uoWZwp8k1ZBiitYqihSg2UuFa8zJcAAW9ZGcl/E4DPfTdtJwJQK6mpgVyUCkbZ1C6w9J2HRC9kzNBQMNLsU926/TamuULGQP4dFOE09qAeiO9xdhZzhBTFLlqpOftb8lDdXOCKcvmhME1Z4jJa/ztOCfEnzfKBz/ULwapkTPiCdrrkdMVxMcvgCXFRS+QpZ0oi9FlirCqGZn78Lpb+G8jGKlk/bjKLtTi6OOTI90Hs+H7TTxWDbsxjBzQ0SaxGis2NOhbGJS9t0UVqdYGpuyk1YWz52wfu1YavGWyE2md31IB2f12mn03iPMYQ/D+f29AN3nMXEnKWMckQKrU3unqUT3FBlEvzw9zye1Bo+a4UMKwzAalI7BeOhbczPYoNCx9Lp52DiWWzJYBseIJrPwS/r3Wapi1NRLTGYW5Ln4Cya8VnXRYRe4E7hassFA8HlAga6TdbjlZdV0jcA5GcErrNXvDAQVyrMkhbHLuYp3gKtIqty1thIOokMrIhkTiiHm5fj05fzleCgy9+nh0/ebuwdRXaeO1UnRdS7HdKuEUJe4X3EKDizeIohc5QNlx/By8G92UG5bFyDak7WMW0IgaA8PHfAwaUZpkbyHk8JdH9iAKSQ/n46ae1JE58NcHN7juAVmp/JA2zyFzA6HdMzH4knWW07J2iJK43gdhzMgr9BS0R5Lkycc5ICtaf2kCSXz+aS+5Gkzqwwei3oyDQaVPdhjrV+7eGKNYUtplNz8Es0lXlhW0V40Zo6lC4vRUBsICwEYyACs1iwarY4czkU/MKBrtPeyqs5xiHalVUpj5iWUuYSpNz10nNQOXQw55Gz5IMeZzpa8hab15R2HRbfYqOiAIxBYIvtNlDc3AWGEDegaj2SI5oQFCjVyGvIyLfMynLUtjiZ5WAjD/RKVU8EkNDQyzXKAw7HQ+kzaRnHOy7iM02LhgfNuXxTDrU66wcMOs80KGu7YnTNgzclhVLzCodDSRvnzZH2hXQ/VRjTFl35cDEIDTiRbC//JOTay0/glq4QdF/sm2I5viVDGS9RBE78cpjHrzAwVOcC0DkC2YRqdBSFZFgZK1l5jmc9nSDEDwNOOO2nyAqUmTRM62gz22DmdBn01d88J4ijQP3XKSBsAKQkNA3ao/VcAABAASURBVFX+xrHccA6DpCySY/3tkpWZmFJWe+navKHtEUIsOLTFkqKu1CzkmCWmIcqRYx8GJlxzpNbaEjaeYAkouhbAzVnScrZfxFpF5ciJRzWXaHqNtXYCF3dUmvDNuafMbLQQr6tV5bqa/mcFtPagYAWb7OwaofVVvr5XBmZIjdoSlb7ywEStde43jj45LO6iIx/qLQWZwG8oA+9RK0jkPWN6j8/xPff5FQvk6lK+/7iJw9HMkKv7tw9vDXu1TFzzUyn8WpyvrxLpeBQ3VnV5VvdaDkzKrXQBNwDr6atn65E7F/3qdnI7UyF966o09YNYvmop/s5HN1f/oGF9AznKq7N+QRXpykz4h6LK3D5+tc3c7vgWT4Pa/NY5X7nozL3C3A43idppdbuFPnzjKvbtIC8M3pUHcdHFK3u5ln4zA5FuMeRXTWifpruPD9/97qdPv//x4acfHn78btxveKNV3c/nI6xRzfVMY1SXQ1vj0TrLmD9sUwFOgCe6RO7pgkYDgBgJOBNZJyg448pvwFBdZKU462Q/ImvWPUWGn6QYaEiY0VQTRNryyutttpOqDgYifFJkvcPhdDip5qA5IoNlOcPnp5iDCjs4eIaueWLR+Fj6ZkCQ68ixtolYME7VsCz7Foh3FcG9OhBfYykr0uNvZasxf7fljmsjMTOENJ3yHoenp8fPn5++fH7+8uX+06eHT9/df/iA1CJzqeXr+1BV8uhXSjp5SZx+492cBFG+lqtvHQUdbYJBnEJuWsHPHRyzLnk/NLdq3Hq5kV0F7xFVX0hcIxJ+1XdJl6ofXH/+63PPX+lwd23q1OWKu4AkOfsmdxrPG8LIvUrdJ/8wwXzriUyvDkBajgiUf2Oo1u/Um7YQ88XysZ/LVzsgiOqmlnXpmrk43mA37drmRcTIAuUfGmfKkbBSN0plVf3uMKFjPpsQsbW9qbl+sPYUUPpCztAHmxYPMpoXxZktZsmg1/1hCyBmWzQXoMowO9dy1H8Yuqa0TE/Dtc0U0ZTozIa3cFdycuucE3HnblOsS83PAdo9bPcKi4n2SYodyFZxF8yx+1nNoM6nJu47xv/cNehn1byfGlBk1KdaxZIVC6XBMblDb7DNhYbKRUBXGx99SZI7axLXlLk2IMwkwcPE6kFjzIAVRUOVMX8rmvtYSWaKdj1a748S9cqsYs9yZJ7FCuTGTPlitVZ0/C4Gx+867W+Vpa8d386Img+dG7r164+JjcpWslM8vPPPP/1uu90KQnB/25v+PWfpPUd7RfyN2NKyZOydZKQbZZLwKlakP6I+gyocXFIJJJQV1tj2OtF7vUMpTPHYHxweImz4W7Z+HbD7vcyVzL0U6K8S3zH2H/QN87lxfOq/hlVsAmMV9+ALxhKv4GczeEns8bbJEggNNej9f+IyK1Tu6mWAE10oMi1dO2I4tPpEN1k51+TSwGwbnLvXR0Qgx3CEahCO29xyuwPWFzF3C5mTN6vz3vbky1cnn3tBiuH7UvZQ3utVCkoJbW412atwCJs0sMbmoqGqGVDfL7GEII/Key1VMKMnYx40vXO0F5bOCHSHqj8X2ZChUypb10DwOKczhzCChXsh9z31yo764s2XFNzaeplzwMQvFM7Lmg1ZnyuoubRcN44oS0yfRynYyh141DByNqx1bw1B3KbIyI5DV3cgDa0z1+LQWgRZ3MimtHvQ16q3c9iIVG8pFuvzkikTSPDun2R+Ph6fTsWC/TBsRjrNnx+/3A2b3aRQ72UFy400d6NEL7ZwuSNKo2mpVvEpm42cl0U74aBonbxJSZ+5ZdKz6bLYUGUGzudz8eCXGInHLKltEsya9a7mEvm53+7+/OVLCRYn42zWc1uCZJQ7mRtPYU6sEpTYI6IOhMPR/KQEUkpUbVBzfirWfzFST4fjdDyeD8cSA5k2U56WbFWkqn6Nm81WL1GBomAnT5vdxppGDcRUAUiEOn3Sfmh1r0fRv/EQALc4hUf+mRhN06RgJyctNV6O6H+IaJNF/6xtCppYIJfE9AyLM2jB6sJomGgGX1B7rEowoZ6nIpjqBG6BPVzrooU8NyhEQzuABKD19Br6M/WsxJJUeZrV71LuM0gw5Vj32N2+j5noZcnLrulyGymMglxJrYorD11UQUpyYT9a9oPlSxvNDNj0JmkFnRltvuYStJEhH0+zggCd56cSKEzDw7aEm0rkU6GBWJtWDDW1B6ga2sdCkMmNV/IsH4odmmSQuvBhSUBxRoa3835lAkiDHwwBywB1GHlwljuoYiwNUHfjbY0EIvxsKQV+d4vFOhBLDrGBa8X6CrsxT1UDSSZBNhZgtvquojRo1HBB86YmkIAY439ZusNAkTSfgnmRO76svw5pRwp7WsMLqf93CSwGhKQ3L5vYACRkniR9mc/TfN5s0lazGnxxWYKlJ2/CBSFqN8QQqBop1ERADEyoDqOy9572pIM88csv1Yrbx/XdXjqq3tCJ+hsXel9Fj/KB3ydsa+7s3Nig1bkweJuZiJ0MPDxMu+Fee6iqFSV/+fz8NGfSqv3iIlRYjsLwyUCgrKMXhCQL8l+t9l9vmj0RsuWkAJdvxEawfbUYAhDG1b2cqwA+cmoU4JMODd9bXXRNqah7R8jN2rI92Y6030Jxg76TPVCAOTPjUK3UZJsR+TOaM7uoFpJG0gh85h50v1MSYrm4aiB4FwALmfhVB68yjdNT/s//7Zfnp9/dffhfvvtpR96vdjDsGV0L21YoLlFFMHNdX3Le0eajvnXV34Dxo/qs1NV2tKwgVGff1vlI2YLldqjiIM4+PdS8SdN2M+7H3fN82pxPB22IV/6/HM/H5YsywPvlvJ3OBgemUBDTMKYiqoe7/Wbz9DR8eXw8nGcN/APPdUDHJak0SuDJrslm83QEq6aqC0K6sXmYVeQVqbzd7sdx1uST0ZJJxsRuoDiCjqVBqIV0Ph/hSCkK5EgGLrGZigz0ZvM5Q+XTC1RaaSM+bcrT4U+UTbHfDaoWLHNRE7R5UOD0sSmlvvAdEbt2ytbKqJC8qjq6HIu6uYoKleZxKryrTNdB+xvOyeSqnjAbEHlhbJp0Ym1YNLeGAs4SPRjBNCsr8J+5Qu5Gd7BBdeCsPXc0w6M4988KCeONGX0vJWvDZ76U8rCGz+jhAm2uspzmPJ/mdEjnw2naPBcdSe+pLc12op3WzuXmmkUTZoTHHtLgDhWdxLJGxV2+lKG47ZBl2JyHTSGrk6VkomXM2ZKCxVBiVC+WFiwZuHn8BCRtVjBIyHkI+850kzTcjaGcY4Da+dAhyEytHm3XAh+YGxsCNQEHLLsJoR10zqd50Nwg0zjZjW+zUk2bcYocDCYHVZraQ6gQzulcrtb2NWhOlPPpdLKl6vC9wHUYUDfK6abtVvO6sXkBuNuJKrxXicpYZ5/ZYPwIcCTAtrdO19QkiUK5FO5tkt0GF3flsK+T6RjkCHtpiAkky8POWgYiG4RHYE6IeIahAQeW7ZlmT38B1BXFPABFxzWfxXh34uuyK6HOC0hIV7PRhufQ0WVkZUz2mnaVhNT8Hk3w9VddHvLal90AqQ7vXeeHS/SV0HLdyxL/8Xqo/PrIv+YQ+fXu9OYpbylDRNQL+tdvyL0qU/WY9Sm2d2+nAPgq8O2n1MnHg0Jzca7gJlg8GWJVA8i0HvTKDWJHc6nxBQleDtJS1BdylwJdHnHjLBE8eOk9/pbjyo77FzyYViUNbil8y674tXYS89tT/ms9q38s/d2O97zRegyrKruWFb6+6cUsXAT/GJYiXxtrl7dCru36wsshhb83uA6sh7WTQ5AaXhUHNzgNQc19i3q9ZftKUT7vv/u0vdttH+5//OMffvq335c/i3urGCiLKYBwi5GWWo2q+Bd1VL2EihunatQ47Hb7EtTQ1oc4pgla7BL5FtGULyzZV473EXyoUChuDc/Y4NoPwaAKZdpw1xykvPUoiE4HSItR5L2iCy3qeTsdj7Nqj0WtUii47d3DZldeca89DTeTgfyZMw29xLji6PYvIdb7z7SM2dNuBgxxBHBgB04sb20iEeK/46awR6x+CZUVLRqX4/Ph8PT0/Px8Oj6X+Smv8/Dd9z/8/LuHjx9d5UsdmumFK7vDYvibkk46C3OlZ71nYuTFot7Ogs0Ags4IW8ef/mzXfaRB4xH1CVOrBRL4hEyNRajcHyRyTd/cH/4UQYy5n9P2p0j/z/peq9/5vbvpH3w0PbpuYfswuzcspe5FpJ379o3lhrJ2SSj/fC0C7ysRbscaAckDcdMkXP/UDuokrdSHgN9Y/SYXr8O3Hkfmqsi8gkHm9Xiofh4Oi9x/Hud63Z//DtnjuBs4jWH3SvM/uAsAeyTc+nCx5Cpf20aCNuxasQ9v4NTLVOdL5prKcVXYdM61nI8l00zd98U+4QYn2+8iprZ/E0uUauXocu1pE+6q9eqL7E4KcinQ7VXs1sZ2+mXinq1cLtOtXe3lEfW86s3xL7kB5UhzFhOSZRz8IToRhRMKc9XBUsG3FMXTbspXx27fgkG61C6mflzhNgv3tGoMKE+pA6+qitRFkQ7Bu58WuSAYprDq/96y8Ld0SA3lh5V3QSE+21UxrbQVR3HwFE8ogexxMsDT35rGa6PxN3hEWVE2FZAH16v69EPfV7TmZhyRoLrx+tsykstuvjemTiTfSo5+Wb2tlkOvJ91YhaarBFeqA049FwxyoFpAFekpDK3/8s7OhIle9LXYe4E16the0DDsK88IbFH9HMW2uAYKP4WGjKFWGrafHFDWjB5wzOFHXjFGwKtzMAWHFG7uinB2gzm3kUs8UDyv18sNqSvukn6/uFgJ8yDama12Faao0pSADC5mmltWkHtIbRYU4sDGMEQesnBUqjWalBo/gi+1Qi9Use3XtgUJ1bRXV5M7+m0M0dWNeFXXTPFQHzQRrXd9P7b6bba8EMfqJgXqzu1d/FJsRvsVGZIc4t85uQ/AYcKMWgbLR4TaLQ7FaevfuUlDyvczRtXAaC/G8VeEA+vC1GHY22BOsvl9Z8qH+fR8PMjuXiMD2+3hdHx8fnzYbSetD7Crin24DGP2EknzPathXBa2BE7ysBxSmhe4sLu3DG7sg0xNguNn1hpNLTuWCwMBbwf0F1EYlSkNu2Jek+XgWv7RHBk6SSNFjMxdLHZG3o+umOXhtuxPqlpgJeoS7SnmrkZ+Tuf5cMpbQ4zPigxvCPG8jINmouiNFO6yxNxKiI1aAA/hfuknG5a5+vJz8Kj6dmGEd+/6qpTh1Q+xvidpGofNOO12xcVf4lN4uoU8ktnnyeCFLCogiSr/sTnQQS090foIg+xjjNwPzIvjpWmdRMF+guR69t5M31TTrQwntmj1CGW4BsxWYo3KWmdo7Ep14M6JrGpAQ9nuJ6hlBbY3ztDt2ouHcOH+wu7OIkS1kxHScdixoVQxBjpsie8oRq6OWc6z6tOn4uc4PZU45MNmu9HwUUSIrR8OR34UUt2yF/xHT7AJC8zkAAAQAElEQVT+FWp7pmDqYRU4W1ax6+0aU3++eZcstwUBJ80jt2Bac9D7DswcATr9v+1fg5zNaHGRpHn0TZhQtUh8lOyEYQ61EufdpY1O0rms6nwywP1GGvEOuDDX+1ZbtQo2Xd95mbWjAgEAsmkoXOcpsg1t9gmhaVsFWZ6WeTcfN7Mmxe3LfjWMioF8piFes2dGMbLjbWWzZYNLLD5MAz3fYnWXsCU39ymmNq0rQ6SXL5fnE32NCweWG73v8C3s14XIie2SwtHQiTbNGsqRzIqtWmLFu2H76a6+CH85HgrvO2u3sly8huOw7LabErrnWmjh7AnrA62l8XlEYvX+ip5RqE1zQUfTX1O5H4I7UbxOVTeQID4hWVeB1/UgZ6Vclco6xVj0lvzB1GUyMZAVkBPQbooNz4adpem+ia09htdYKPxVOWVuIo1CN+lZdGctlp2oDU0wIg3pJ+CklE9/oeXw9Ndfnp9+/PTdzGmbxo1uP+SX2LWofK/7h/iCDV4uPaQ/GE9s/BQbGEN0vALXAb2JnQ7SPA2w/a0FTtJovzXYBq8p6zVsh00Re/P5eT4d7X/n8+nL0+fC0A7T827a75btBuBoiSdzkKe7O13OxydNN04wmQ1+pK0fdWJYOhKuXAS7hU9ZxsAuVbc18eHwOAybeS5Od8UXR+pJvR4GShj6YlAQGobPU9Futop1QWNOFTWCUGpnJ0JQnYuuwY5VhqIfQZsZJeOTMpAl3NxDaERJwl9itS/kiaI21YLGSXm08iLjaUu5rrzUmOaUzudlmNFfx6w67Tmz5PK0PFjPIO3tgp7l6DLJ6wJ3UB2g+IZuR3iy8wBccU1fmc7HkyUOzTUe4LaKeP5FJW4QLEp00GVT0UPP8/FJtOVOUQ03U4kNlAgB6lCXZTMb5EnO3o4TSOeD5RGq3qi8dlTmbZ1ZTJXeWCeg0WFxtd2iIXZoiltSLI0lac+gsAJsF2TqrZfQQkJSulxwjsBo7ZQ5Mg0JlbsZ5jOWNw2DW0nACXLxylHCm0JhR386Y0cG4J7CmYDFGaw3U/nzrH/pnIzK6Rgyq2zybaEgBUnzqJJBnpzOUeZJwIS3TakvM5+ddxVS0LuNA19lZ0A3YUvpIfK8YkNjsrjO+YSiFCKS3BFMdsSSVuvIzXYrFoDGsXRMFghYgrXB68eOzpxActk5rRi1Z9ksW+0rtMwLYPWxOk4Viycj6Tsu1b2DMrCFqbcAopEeNSVVc/6g9lz4ArpDxE1fclJBX1SxSvTw60rfy75JV+5+Xt738nhxAG+d33k5VhdXs+7i5v2F9I883vM4V+y/9uDbKR+3nliVC3KHRG8IdDerjo2ah/eC9nVxjxuD88JgX4h6vjTSWG/Bfs1k/ewLZwW9OlmeBteOG+lJarvFLTzvpDfk/FmvvZ4P46JKeX3d29f/HQ75ZvqWbxkxX83TG89/RWd/x9NfsR3q8WZ7nQt7pP+QvuV4z1XvWBWh6zg+d/7blw7EVq7OuRwVrz+TpvO/ctz4nitvaCelfpxrd1/95Xp43A0oQbpQOEeTJNfVLT9CC1BgghbdUXWdtH24/+m//7dPv/vxw3ff//5PfzzNp8PhOB+eydNKVDoMNCwGGAb9JBUH1LgZt6qBFqVrv7/f7bYjmuksKm0hxwNcZDaAcHop0FlJSEQuuAd3FRTNfItQGmYMwncYxwoI6k0tTeUwZUY9EHndoR6O2BwDPh2Pp4OimxweH1XZM7VNUd/Gzf7hAd2CVANP1Z5tc29A0+7l9gZEgXdSBzxaSZi5wVYZJ/GaNjlVZZT6YTXbww2D797BmV4h9WZuX5Byd3HgweiiPz8+/vXP//vx+bl8M2n+zd3H779H+yRyyG3KYSa3Z1zxh78p6aSfsaav3HxH/godoHe3RcjBkpTqE1TJHtxbqxRjaHqGEFj7NjU7vyb3azaWNbys4HrwL0feE0dxP5bYaEtPRp9IQa2JLJ3941LF/gnn1eotbqie/yTR+coRfM0dQ07hBol0Vg9HCkeRb2++FjD9cc3W61TwBQw11ZDXrzknqYMg6LjSqty5c7VTeLLjA8dGEqUWrZniGl4zbtVHTdyFgDdMHelWUCkrB7E4gfo3HRuzYyKrn8AR7cfsjiSzT6QD4IHDor4FeuFEGAuyBzCTPu824uCSKylXfDHFbWcNDJI2CYayOg6FPxoCK3ir6R1m1LmVCEQpsVDWbMId7c8Wi4hYoah5Em1vLWhGROb5Nv7TEE5C0RdpTMK9EnD+10IBdkqRcFvoB+YCTI4hWuJMwzR4n2Z2Vw3mTgu52F/F77DkHFSpd3Luehm3zq2WF4VO7aBKTvCh+tqZ/l2XuDIZMkfaZL2Llnmu28RCwTq8bjSuPSCQCOAtm+rUQrwYWUi0uusqDRsAsgU1zZPCQbPm4hkNyrU3g+DhobqyQYSmuoT7W2Ql/+LZvzmO9vc9auCBXs7YbSGlUBwgaBZROOjTSZsjWkWYsgjzLdHXHD0D+S0cPY8Fpm5yvZkhVoAWeF3jgXgVWBm61UhTtajeE/kStx+qced52mwWcci+C/EE6r65SPUX5QbWnh3qAQi92vR+EwbukI+nPshaAYAlSdyNoqxxNVSRWuFtPjJO3r8gxlsNTlzMUQNdOUO91jk9kic8au9PNE5tOMEQhOJ5P9C868s3TsvO4EVjGgaDRKH4RjTRLwk8eXJ0pDqYqg/VbI/g6f4TOkaGZ7Ys0+TvaqD0HMX6JdgzDG26QoHNobvX7cbVE9nXExuNme6bEQMNRGhU4bsNCq3RenFw/MVo/FGFrESw2KNKwBmwmEHqMKownmKcQP4HQfqVTmNc4WZaNpIu3ai1usXVbpheHnuUzsjklC4WndZLVickWW23G0IaARjQ/smSZXKdqdzcu5VnewtSbRFfZ8Z1Ipm11YuGURe7E75Ftx0IIUEoV3qFSu8Gt28OdbfzGWmc2+Y9RKiHDoQ9Ouo1gOjHWu5edIrD4fS0e/4wbEfFLcnP5/MvT48qou7uR/XAD2c4hgnva28rmhhcyH6z3e0XxVlHCg0c6j3HNpLTAAB1dEVYqZzPp9OmGNXByqQiKZotC0iW4qQuoaxP9w9P59OGl3MqLN3SLawfyBDb0lSCbNg+phGdT+eBNfFQrU/QK7QL3UHTaNOuClx5/+Pp6fm02853+2k+0XYUh3kgqzYeh1khTQsRHp6fi+Vf6Iojz88q6SVXdwjzbfOs/1DeLqdgBy0I7wA+VF6khbrFbtrf35nWwefnIxqf2reGQcraIWhesIeSrVQOwBLfetaCwJvbq9rmmG3DzbHELmjKY7c7EIwYHOoiUuiqgLBOUjrmMooE8llSjQ0Ahp9iw3acmzvJsJ4WWQ2tzo2dvRgK4ATPj8k67rRgXqtRTT+PzQX+wNVkip8uYV1wlD+mEiY2RXyhEiycD0/nRe552MuwMQXSenNI8mg6WfTLjIdsPTlDybVRJYsUV9MbemjjI7bHjRnk0CVTfZ0hUqnNgIdkMl4+UPMW4exOh1S8mWSbSCmcMazqb8qhtaIfiwQ8mnEMuIgiI7DEe/VGM+eTOo/O4WmSUM3YcSTc/DOgEmFgPlr2JdI0jaeXSKO1vfYcDpfWWBbhCI2JQQlOu4XPBvaT52F+XE6b87RL5x0VTjMla3uNESZvrZ1d1Tb5orBwTmMu+bH6OXR8yy1cGbPUUSBdCYj+c3pZaeT6g4jf4ax5+4yL+3emMYUx4QYdRHTnWER7jgQeihAipA/x3bQfP26s6mGgxy/z0+OhhEtDlTqddBY1CTAQNIhk7bOVwWBUfPOgVasLANXIDZIHNb1k6U45DR38KzCsVO3KlvMgndYWL+gJSb4jqoOlKXkSbiC2fFeVv1UqRVbqwNHOY1krAbpfne9aoLQEfYvrKxnUAVgXyvgpdRl93RLY+FNtLkviFr0mWKmsV6dPEbL/n//f//dP3/34bz/8/P20vytEXYSKORBGS5pbfG4vjOU6TX7z7M1D04UC3rE7tkyFHLm8rncROvKY6Wnb2BwBatUmc+0aXlvNQi9Ke5GlKE4zYKN5OX55nDUXZVs83ad5u99tdlZ7ORqwRUqboXhLn4t3+Xw8nM/W/8Y0KBMYsN+jmAfjzJ6v6S16bbfqk5N5ObBj0atnWOaj8hvtCFPutzVSZchidMixKJ6pAe50gF/+PI6Otq15AqYJz+Y6yYGrl0y106+Uj1PKDlpahlgUFQUSU5+d0fBpVlEL9WIcUUgCswMQGd4cmYAoYwkXWT0dk7GxQn1pUh/5qbyM1n4m7eVimC46WICS6JBPRcmyfj5o7WfMK3H0CI6of+Pwbl4xU63lNY+I1n4Ws9F6r1hmhipAgPNGcxxtr5OqMZLRsMnkEfJyjODno8KajOUeZwVQKVah5VhMRUECxoZmEs851AXYC2JOMEZ8wXSPPCgUiK6BKWGLamPFF3g+K0YIlHi910ltxiyG/GNgYp7GG15BvB3ZNBg8FyBxna5quombR2ayOYdgdxqRuYkWR4k3c8byRA3OiUJXEnc9QQNBdkgS96iVzxaOdHO9xVmbQBkennMgJCaNwxZziRfc7LZaDnUG6E6ZNMvYWGpvRN2sJSrF52OJx7CnnDI6RTG3tMjqTQIBKE7VaNk82XvfiEgF0tdWS0XFVSHoNrXtElSVFlU4D6dzx2FcrR0tPWgYPZNXkGpZLT2Gk0x7cmkKjNdehDaCxlyArVmsu5C+JkrnQLqDzYfrAta4PMMeUBejc/voeUShF7aW9FUi57XMjAZutASxNHwDpuYLBXylfK24fflY6QZNboUe5K+QO+3sZq3L6pbdzxeP971Col/jCBzHNx55qQt1M3Dz9DgLehSFpZDk8rY9mKHbwO1ZNShqJmt8WO/cNP+rAQxt2J1lUZEdtdykPlpWeuDlm6zcNNeHv9ftLytwaf9Rzr2eIZGvS5Ia8Qi9aVpejpP+1Q9ZzYqt7HpNWkvQ8A69e1L4HbOdesq0Y3mhO8bNm0sXcbj45O99yNsnXOuc7zkYuhn+uEArcZS+RphLu3nV4F+zthr2ZDzrhinXXyWrx12MczW0jndV7sBuIQPs3pRxQWWhYs3RuJ22H+4//PT9j3/84/c//7j/8GF7t0vjVHxZuqBFqipWMXQ5zVbJwJ8z7DTto7Pdbe/3m+1ekT8U08/yZLXwRfOUI/Viqc31qJMC0jvI2Uv9vLjlVRJqE+gYJX5EoMw0c3/sjFkQYKxohM1OyG44wCN6zgYV/Hw4HJ6Pz89Fq0G6iaZCl1fc7/f39+UXfWNLNwF0nKfisbsVJMeEQ6FBgrPFCJKnVrs713WTK2oUafaadLl3K4ecPYouDbuvO25sVXhAAEnolRj6rfYuNayXcpSZefr8+fD4WE7f3d8/fPruzrJwkmZ1L3VRmG5URV74Jb4x6eT1d+6Vp/6oPk/mVyTr6j7ucAHApNsqsW5NrwChwu+V/d3beyqbTqEByHe2ygAAEABJREFUm2q8jghR8/X7vCRvT6UqpudB51tctYr8fxCf/bsc3DlGCMa2WR8WwhMPRgvzKgTyxhHJv+xhSHsO3z7z4si/luJ5dbxDe/ZDgtPDyEuBh8vIQBGWqwuqiVX1S+ezNYC05P7mdUh1WuRVn2C7hDqVk2Ofe7iEO8EjHCsrKxGWg6VQ7alUWSdiS1rvZQU6iQKmI2YEflcNclmNuJmLeAeLJhbzVLyIoNYLZA82uuMc1SFWHTPAEZJu2VTSBWjrZ/iPV9NGIXL0/6Oiq6ZUde6YMonYj7ifODrGrVhFk4OoZL4akfRDuRg0rk81JgnvWfjdDb2cop9EmKdxYXZB0t2QHVmHQy9sGkk3Bn6P4AkbCT8t3XK0BZT4Wipzw5Z9xy09IfMrjYj/2odA6nTT8xI/uf5UqXbUKT/N2jJ5t9uJKWUx7e+yyS/UU/n2XPK/18Fu8PtmSZXsmq5JQf0dV7ILgMGz1Ingr5GrTdbcXJPXtVgfAq83Wh2ahjfcsG851FAoHcdlPWTnI+5yuHQ68LfaZnASVdOG1npptgoqcGm5eOGa61BPX9/Wtcx2kaAxxloUr+yZmwOsbpmqILKXmDO3AXjaoDVVQDIS18SIOiQBW+TWGhNfIk5cGY9DTFv6vGXkJ7FsQ4tzs7cUXTztabW+KUr9kjrkCTmIK28Mx9RKfevk0xVOy8Xlu0Di+cvY+nJegU7FeCmGXu5bTDXUFEIw0gvb+WKb85W1D2pEZ1EgHA4yeJ5WXQrj/FGzDTBqawZdcRFDGnREIO5jtpCyBe+FVjkJVfTHwJBca/ceGCoImm74LNFKQXFlPgPnrH9lnyENd5/Op8fD0/39Jm0mRfTI85fjYVDc/BJ+3FAJuSl21OJC1nrSNUodhu1mM54Oy9EjDYN20TMK6eeQPKXGVcRIdLNm9LOiyaeBeLUAyXAwkgLAcIm6fNrvHw93R43C5Nksz3MW4G4iZdXmTvuYoLLaHPpaeDpO3s7Vc07h6dc8FgvDaBDpdHp6Ou+3p8Nu2k4lop2VyoFwzpZ3UiJRJc6mSJ6n06mYyhsr3oU2T7f0XkapdORUXSszX3E0O9khklKxz5MGKEv4o7xjmZAMcA3tZlMGZnEajala0qwGWqzxkTlMrQzHSJTdHPG7U+oetXoyeC6Ta7nl3oO/j5Nc3b2yujqEkreysNYqOWXv7GTkzopMsXaVcpNl/A5dHWkoSBhwPdDS1iIxghxZsLs/eUp46OcuKQMiyaYSOmPomORZC4NjHEKxSxqRzOfls9aOP51pOg/TnQUGR8160F4veqPFpVPyuulFP2HXmak+O9wS3aedTAmXUX1r6i5FGNfhSM3Nk9myr5K/eJUxKQQBuRADnQo+h2S3yE+5fGFBpn2uLRvCtDEL3gh/W4JbiMwt2kVgrtsdYeyYczj8s8+8BiBbfh5CU0oUi+ei6EOdGrnj67bbdEcqsVpoUrPdWEoY9Pl8fEzjjkp4tkz+hF6eWCRr6OGmDpIsvagBJwii7VKxmcjzdKlO1Ku0J/1y1N9lLcVFroR6Z5TS33askMKJ3jBXLnZ4HMndnU6D22H6/uFD4fyStDdePjydrC9HUaePSCpksvBwCn6ut7YWcYkjAT9bnpnvL1tktgygooMOYN3KF5D3wRTgbJgTwRI0sBvcJ3f9V6SqftdvyQ00w+VeW/E2EyJO/4O/gmZcuQGNDStFWVZaXXT/zdgIdosc8WtnOvA+w7fDdZopDGRx8espXbpnN+nPhRWcvhx+oc+7Dz/tPnwYN3tOE9MoIy8Zveoymt0yedLyFdVxxfG+MQnUa/rAv6rOJkhhq50Tf1VNO4BiSsjGWlzjLYNFEzzNOymrfmQ6KpTCcj4eiju5qAxFCM3b83ZbbC5tzVcmb7fZFA1iu98cT6fH5+fH4m4+nudF2y3S4OCs3PKWqPY/WssTS+Dwv4YKE8eW4Fv8tKZroPGT1TWiHwgjBbzwa3dNm7DOFtMv+obK/aKzoA5yM0xaqqCpJALoLU0BAGqd5bAkL7fRH4qRMmhVSV6QryFaXar997QbfVk65KuxSUgM1d4KOG+WK2ItjUxdscJWLZnSrkSnfD7M57mIE83gVYjyQm9FvGsaSgnjz4NsZsrbcjoCEkUn0UdYmqU1dAuxviJ0jtmy+dXRJet0Y6SpepBCnc9WNmNgGxQGJQwWqLNk2VVL03aE5pMiop+Op2kzbnZFa9qgrqNMgkGfiOUTayAEOQfAx9BowjiVc8CSy2rqqcNSwgvKHZQvDJrS5HtxGZetpsgU8YqaxKwpX3ZDGwyqbCUQSqxmgd1XjK3vdVMZ4jXKqGrLmZAI4gjHmn2ZNYPEdn8FzGWuLaGYuiBZbHnL5l/iA4UsWVRTHNC62dzhmjRkWDUiIVfK/8es2XueJKQJOydNCZJsODoZJnAhB2W67GapKcqGGo8RqJQ3yqcw8JIfA7gDuFAOHOTCs+fzMGtKcrgPNREWwPjmhT/PYUqKw/2UU8+czkDMGcKgTJ5Vyz7RjezUS8ghAcSyi8S0IF2CcTEC16QqrEI2Xor/1aJfCfVAfy7I8IkHeZ4yTgjUOFNTcnspcZ3HThpiJwjRmlO+IA27097QP986uH/G2qfEzTaiS0X3yqDg943k7XP+Vm2jf9RX3Itf/eTyRjEb+bUX76unjPZBT814kesrLiY2pAzz9WjWC5LE0ShW45GAgXR9U+iKwHIfvrwa0YK7dEkybbD42XkhXI3s/Rz0Kx035op+e8f1bo3f+eXAk1z+Us3W1S3klVSTb5oL7lSvi5VPtyZcrh5ZXdHtnD4+Umn/tfu8MDb6lY837fRXLr36s3EW+yd1At0rp6rqSzceLQ3X6oUXDT5MtFqIN1/B5LZwdhUVNSWAskMtRhI0tFM82uIL2O0/PXz8/U8ffv7p+9//7tNPP253G/U8mSw00Se+waG8qPfGJLfpUOXFt7v9toQx7u4sxR8Wjf4AXp1jy3lLnaXzYfL1wLvZCboRWZkS0HjSRcuh6tMNtzwet3j16ToYoPqsO17Ec0Rmhcd7NpDg08kyToro19TjabO9u9vu95qsXnTxzaTZMNkrTq1uPgFWwLUjR08RlO34yllzQINBTEPgmthLZXl9H0hFEQ+RITE5/OLUvf9gvrVnPWU6i+vZCT2GdGKenh4//1Imp0xsUafvPxa6+Xh3f6+qMvJwQ6GXkDEXryfrvJNvRzrha3blX4S0vMjH6YzMGIS8cGf2acATBHo89L0IP/jO8E7MEHrZGiZxB/jQq1SeccId41hxyUahTiXITUGhwVKTTjrNrGc+7cDIMv2XPEKSsBsVLPV9Y/L8hPekP1/Jpf4hL2pr9I854IVxycC+uZMjccBjAzwc9UONFUHSCa9pj5aKn1Hx7jywklPnf5FaP311vO+N13o/hSFFnmIn66wFWb+prwaHM79ZfP2p8O/qew/AQpcIVwp841LtEzaASN2iFjtA1Y6Jlwy3EeqgDVC7mWihmGrBNGp6UtTEVIdecA6/CMmLDAdzRpYLNq8nBSfz3VoejNXMpOr5K4JiMddVkpbTz14kxm6BRudgL6q3yxh1k1wLGKnNGEbJlb2JAxE460XBlI7O0cswxYweseBDcH5WgPcKYJNRyur0iG/xLzpO13VnqmOjBvZZaQJN+5qQrwyYkKY5oKrTvHgxFr8buYzHo+VNcuT47+LzN4/3bPN/GCt47/E+FzxfXtDeoxD74fC8BervPFdzMDTUeh3dlI5865ffwiStxuDs3WAxAJUtuWeZrjg0FdRUHc3FMTXZLVjnnHxxX67XtwPRdkM6A4sR5vXA+B06OxCLKwdvzD74nn5QXH5j3SbgY55DVhOYxUNKNYxPrn1c7pUQqbGjIXGcQWL7NScgmV/YPxCHtnJXrjm9pHNxCfeKD4ae+vfh2O3wk/lH4m+VwIfARhEJDoFot+sz8qQuZfyAts1ozu4V+AZgmDxbxJiwRAMyZcFLVxzI3X9iosXnqk2LBR/Nux2Biho9SuzlNerKT5YtBNdqd3/2UkMAKwbAoi7lktscWSmtk1qwR8yYRWoHaxZRwgAz4LirOCaq2ZIciXmd2hTrgt2hOB1WAkuxktzPLK9RJcNouWQM6jVVTO0Bawi3box8tRU6q8X5Pr5G5KTzgOivIKclaig9vhv0FWRrlJ872BsJUml1IWr5psjKWYLwk1OICXfxcG7twufTnvJJ5sfj8bA7PewUSX85zc+n43iYikk4liiBLMVILGYuq+O83BOlDBkyt2hk0zjtFH1fsR8QyEsWxw7PNYdhQXV66y/qVD+fC7u22kmWzmpg8kyRUUM4cjdtP2w2j4fpwPOCYmIlEhXpo9FmxorbDRxW5ZxlKEFOsWLkMuzi6daUu0WxugUBmPJZCZgNp+n4dNg9HBWWfN4l6wPBpvAUR33OG3jEyxtqda9GWkZAzZl0T7WJG8caYdWwjXJk39La3clvSV9EKJpQxLbSBVDrftrtNmW8dxr802A/TLcybM26sVRLTua8R0Ovsh4jpYUdMd/IzxSnwD+oujStpA1GmeBKYEN3uuVd5fp6wRkRUAywCtSqligaVEnoaZ5iHgr9Wh2R9VS8oBjESKBCqy5cwoJgsZWhpA48g/AyGGH3nAokYkBClvbOUWXh729nDpAQNDAUZe1hzPlRyVFLyJ/n4cN+vys+o+I+ENpqcgQlC6RZOoxRhYFnRY8LDt18cNSNkFheW+5ZNfZ49uTFysfJOAA40oLQ3BKiZKBo+dCpmc74udkDHqYiawtRmIlFgxx2SrjnukQB6m3drAyepdxoSuPd5Pv5lL1d1oL8jsQVIEeADsF1kzutmDGDWvbsOrnbA2ZndCo2+00ciHizodPJsAB4Piznp9Npz+M2pYkmjfdZkx2smhKeUb0Oe8SkGvuiJkFWfWK8fxxTxCNEVvVz3Hnr0kutwde/ciPX9cF89WmTJ+/Rhi+4SKUMzDQmDu36iKjC1FzxHoPcYagj2j1uP0757kF9qjbdj4cDoJzLe5eYYQnpW9mbJ0uufLfuHiKfJBA4RU8trUgXNNkpup66PwakprhFhHV2Duk/xQU6NnIoh9IWgrt5gJyNvrpS2Ur74f94G9nQzQy5FLzCWZjhJkU5VYmeWkDcwt1WZRXF9k2RlVbtELpXiPpKWXr6YnR+yPk/Ts9P8/Gvj4+/3D3/vH/40/c/6+QtyoBSdj01uYrEXtlhngKR6v7qnmZH6msaoNWKZ6gG0VoUGDc3SalMTAzkQ5AVUcGojHPbS5TdtNP+G+rQHCwB5CRn5TjzcsxHS+bI6gw/z/t9oZ0paW1K2o7Tdtrst3e7xy9/oV+ejicIkQzoC3hMMOwQPZW32Z/ZVE3jTKrhlDi9WLMRXFx0hxKhX8qw8jSNYmwoWSsexCoWAPAlT7E0JnM2l731LZmKh3fQXAxIK0sIXHLFCbcchnJjBTMHXRgIDI2aKoKujkcAABAASURBVDHC7Q50QxSPFa7nLhdLUiGKGaeYd2o7RaIqdtBZlVErAoZzHs5z0bVOC6H3igXgz9p7R5MPpjyM57JfpmmrpT+FIgdGux2DqQ4xWkmyPjbskaJJaaGTzW+h9mQIJYo8odkO5QHaGYUdFc/iB05RQPXIDjkQOm7RzE/lf0s+HY96bwXv1USjsYytKEhlsTTBQBN1y+3FQBbHcRk3G5h0juk4ADbD+iJ65ouuliYcF9Y+jqrm2eezwnRoPodmZQh4WY6s7cUzthmszlKnIhs/xUy4vh5KQ4gWN2qhb+VO07ZxQlsx+KtEzawjGI417dtvCuVKi3SDmZixtljGuvsnkSiSvF2kY9LYB0qTSz67FmwKp6U2ZcMMRmcg0cwkKHiuUM9IkPHMKIvB+O0Gd6km90Lq25TVMdKdkT2oAIV6J33GWbsGAid/QcW4cg9jg7qxZ8R47J4C9cKrBYWrOhF4+jZNVpltqYbsuiwvs/VUwhuSvZTjoNuxGM2cMQqKaSAnc53lhZawU6t8xFw0PIxqP7uK11SOXlLQhQyUpsDy+vObuvrbwpmZe8Ho7J+6yJ/fqKlzYPNy4+7pzSe+R1t471lvH+kKhevGEepTFVKhyq5mmPnVW3Hws7rE7K6b9Uq6H6f+iqetXtjYRrr44PpxRFc5CO4Md4WhmmRVP3zJQOGXH9TufePiq/IYCf3IJQp34tLNbqK3Qkb0+iB/04evy/V6ea6b60kXFN4+Bp2ZdOijS6Gn0kotvrRu9Se0u/wNU7y+Qi7/vLH6t4FAKseQ1x7VX7HmNL/+wd94a775O4wpc2oFJlmDoQEC5ZuV+Z1YeG3H3TzhldvC3cduqPjWSwAWJdOpFgw3yeb+7sf/6U8ffvfDw48/fP9vv7v//pM21xM5GryHji57Xxg4WsnsXlUyJ4P+2GjXyKILoK/KNO3IGuiYlukabE37IGc+HT9yhaTbCZVcZGWn0UWtXUCmdbca2gWAVXF1F60gBcoM+zEw7HgHli46w/z85fGX//zLoVg5p2NezkVl3d3f3z08bHbb3X4/bVVXJCujNaQ9JOBms0a4Jps4PEP2vhJ4mOXeDuTqPndbQ8KKvH7jGx+u9ubKkP11dk04Bj2x21IdBG4ShR08nY7Pz19++evzly/l0zI53/3083c//FCoANPiju9QVTkYIDJy6NZeKHf+m9rrxMAv7lrfB8+gbzxsrap9HSthIJApNSM5Cj0XK0+5vkVNx3TXQWoOSFMwmkYpxrKRj0RNWkfUXTqXSa+iXB7y62lO/8DD413CEXcLyI5IstRS6lSF5EvqQ7Wf1i7s1S5azeA/9uCohq9DELnwv+mRUlWelAQTJeZ0fSunLaeeLLWXmKx0wvgeeUs3tHN+RUyt3Yg3zyBCmJVZ+HrXyY1bslNzJOgLfIB2vaHNmwaJIvIc0A4+kE4hEvcmqKfO4F8V3NaUI1CIpDZCkAU8CikqNaiugZ/nn4g4/hUcFfhpqV8Z1t5Ke7e3SIY/k2uNEkbq6h5LdZFZmRGlAfMZRN6vQPaPX6XQni9dHOZOiNDHWt/HCFJUvnBdXDtRgV9bqiSFYUxekXwpZdqfb0KTNNuDauCslq/eOr8zi9aon9Ld8LXEwf/rsAMONYeDJmum8/x8mLab2Zonr12w7z16xYt+wwe2nOlr0rsDe68FYLKNNDNAca0OPjTOCAbTyzzwYhK+fU7k9uXhrnImWHc0OMdqRNyJDwMzxMaOuBEYrtDXGNHhAPIKOJHA8l8Nsf0Td28gqwQH8tBeoraBkxoD8BAIvZyC/eaYQ6RGMsna/pZOYbPnRWzVP+n5pH8StOKp6zk15NjgQo7bLCCzjk7qeBu/wmdQ+jE8zdRWmWJI+obsGEiSJHJDrbWLUKpoi5vQAj57DkZqce0XhPVKECCv3Kmos7+4O+f6FmsFZnWapghXA6t4/NXhjQZ3cnFP8TCaV9jDbBC6rEpHwqmJTzXX7A0NYQDWrbu4GcYQ5tZVR+vigRsm71SADT2o/7169SCi3d9rbkLB3oGXygd6pvy8nD4fDnfD5rvdXTF48uH0y+NnleXfDSOPaSx+/qWEOCYt5zWwa5q9+ECNAu1aWzzc89LqLThsWkw+1JjBQkB9VyNtb2OI7ENRGJD9Gn4ji/mow3/UhHQNUpZIy34zbs/pnEsUmZZYTfTF0GQGh0PQqm5CebkhOCL1HxgHKGsux6h1n2W6huWkXX6OT09PnzfjroTINuNmQMKTYdJraXAUYh60HPV0GDfj1EXuuTagjWW/oCgnia8RK3xxPVPXgsL8LyWed3evc3eW+fQlawUJPO+GwW+9BlwcrAaF7XzTd7bCmiJyFSosDo78s14FjpTfYHloushcoX30/0uLH8hM2TAStF5cYxtxpuuJ4B1fL7Jr86wRReai8QvMg7+KHqm9mc9EqswxfvqYu3QyvHPmKmJ8ZsrNlzQpozprvftyEJqED8f8sN3epdGy4PNkUIPJkrk51xS3CwJIFUBUA/kEFIgagDBhR0sVNh39wGz2DSUGgcS53byQr40UwL8UFpRJTNPgU0zGEl2QkJSWHVEpe0KKzxhTSMHy7WAesw2qAUaTeiX8qJXpQRYVxaA3OoQ8bdTr6cHwE8r28aHShj4FQbtmOwiy14zr2lmaDHeS+Vl4w8Pnc5o4aTxWc6/EHIAmUQS+Oev25lKPkVnTRw+ELsW+dNVg9LK8oK85LuzWW6dIHc/XHkFYWCKpgi+vnezVMrq62iQUEkNF+4A8bPfzJ43ypfTXL0/PZwOE0O1sSSfjhtn7uNpyKoyRTvtAgNvkOQrK4Go1HqyB61EhJVjz8WRt968sz/qRiPfgQxqN7VOrfQIF5Zxfm5FuHkOfFCc5T4XJ3beuXIE68VrmljF8Hc2PWTxsoU2qIoPKtYoG6k9ebBNjWCketiJGbWVfPc7L8fT4eDz95+OXZTN82u4/Dtt9idqXNVNsFfKkQE8EWSrNOHG6B+WKozRZEdMgwdhCfw0maBnMnrWYyF0pGTh1o16ZEQTZJLJKse1mHHfjdJpOx3MRh2eLis/Hw1PxoZ616dVsrdm3o+V6jgbzwNsdFSlfOES27ivmCimi2HIFQK6ZqaKUtiMrVmWGTV+khypIasFb+1ojqnk+ajM9a50DEIhh2CAxeGTAYYAIckiubMJB5Hwuf09T1r5GhZdM0zDROBvqSQm/R0miWH7qEAje5SfC4UMUVlq5qWbZaaKBMUzDUBsB7gFSckCNfpUUCksMQsQ9gUWjPFkH5vKey1DeedYcmDJM0zPN+7NAvk/b07TZojwULS47XAcscnsaxHF1vFUStKSHLFZYW97UOOlpPh8N56U8V1tgrRfDuad4EqsZNJodM/O5vDWfaU7jvGyWzXanAC6ag5I4ghJAgC+KliLbTRpdMWnnCnA0cRtsg9qaqRi0it+Q54N2oJn5eBryJuLYSMsoa3V2ZRMYRKYuVeUnmLxXELjxU206Tdb3vYFd6r5rNKYkg4EyfNAk6tRKPuAcWRm+07QFJQ8eJVMZhSCwCfElz2cbU0IeOKm+q9tjpADnAYaiQnUtlWnJaIMoG0ZTPs7n2PgpVDKCPFysd2fiwDhJkYAyDuwVzNWYULk/ag8cRghk4JYCPnkoa7HG4d6dB1g1iymahQKTm4H6E/83suIqdPT9HOHFAJvFmgFZw0rnQlSr1nRV2TAK3WQEoiRt4IiEhaXbzXKLlqiNjfemKvEitroyYIN2GxWLyNvKZdXxuN35PcfregIRoosQxz50/GvlMz3Ke7OD4pSc6B1qhrydBZI40a9xWMr/O6YmmjPWLjBxVZOV3GTxjetBmxxhEUhV9xg5yYWtCz1RVlyLI3HVCadJZf8eY7h46vWLyZrS6jPpRS2uf4NwaL1wyst3CIlRM07q+dX4JG8l6YOS9lj6m47felH35fu5ibseNl/8Sxdri7oHojDPe6nwwpqsZeKNk0SaVUWtEdXFOW2/gy5fmu7eTq9gsC+trXQ//eCrT4j+RsqIMXz7bdK1E3jdfSHVKB5TlNV1cL8vH9UcfmGo1Zbk9VcXgNOrR4TmbJVjanmgCZehdVoWvdLOmLZ3u7tPD/vvPn7/b3/43X/7bw8/fuLiSUtkmdgex0JcXTyHEmmbioyqKRRFbdrtJ23MVzS7jcLpmhSHRLauhbNF6BzdpH+7muJM33T0Hjm+UPmgBgEHzdQD9LGu/i4OzqhqjuZGF5PAYU0Oj09PXz6fDodyYXmp/f3H7b78eNjd3Q3o82D54zaJqXbNiR0x+9/ISs0V6NFUnNGhDc07cfniNXxAr9nstaR9/dXqRr/SVqmmZUYWuWqtxVOiACdfPh++fCmq3f7hofx3/+HDw8ePBmyjVymkoscrqys4JNaqc8LlKL8l6UTeccLN2aiC8I3Lw18Yf3lqCHWEi51Ww8wVDpe5JjH3FVT2ceqiNRxxceRTx3/rYRBFBL1/Z7ggpeUg+iuvJ+C/zgFPCgg99CO4yeFdJPdtfQ2FSzf19Y+6nuSLJxLxj19p8/zNR7WEXTArtzLcfiQxXGnE1ZJpuqbfqKbpsUO1h0+2pu9dbkt3etbQ1VuTUu1V9ntw3LDR301CRCwqntEvlblYLDvPP/Dbw84MS9gfVbNGdODRwM2g1P0Zyd3kyTV3N5bEmvhiLrPQLcKS1lCZKIxcAbIsOkjUInRqll29nKuqT9VehyMaNQ6ND/buzV4M1LXoD16VQWKczp5CPYPdEv/5d+0r2NigJnzGbnaQSW4tvEHspK1px8dpba50A7vSRF49pErluG1nUkrnTuVLFXH11N/Kpv2tHdJrGdhgyduMlP8fT8e7u7u+YomaXHtjSnlFAL/R+a9pTYTau/i9PyFoT38y9fICLBfb9SvkKGSJ3+EbZ6ZbN26vcKHO5MgIthBq6zIuAZrlf8ZPadqM0Ff4iK4GZ4Zmjtz6ejDQuNYio85F6iY59UI+RNYL4+Fbn7yTxxgPIQi+TuGCIBFnmlQH1V1oggkJMnVWc6TMSzsrygEVzHkcz+eTC7Iry1i6CPQNO1KrgwvfVYgTynLN0ICcR84kSaTC6Vulo8E0KOS1+a0FnuRwOL200r3CKAZ7buHtHOqA9NNBV8RcRcnqVVyCKPi2g2lp43R4sprajPF5uNq9hwa+HTdhMsiHfqua02MxAa8u/MEdwNzcYbweCUPGmcXrMdFBfeK03vLJgE88XBeD9BLAqoQ5ECbTUebPp+diq2zS+P3uoSz74Zcvnx+/7MbN3Xa/KEAIa3UwDOQS2D9n8cYmGhjbWEFzsYtz1yWTuXaQRaBCjcchemsHWyZrg3PSSFFyfUZ7N0R3bTS5GaxUsjzifrN/OmmDnWLFn5ZZXd4+5R7RtHfX6llZbYfshobT+9kKOpdi3Rf/+zJK+eN0fD4+Tafn3em4H7YbBjS61aMWIhrzuCyTliJroclpOp8toDbQhbxBXqCdAAAQAElEQVQONlFf0IGohG/S1dtHJ7XguK9abhnZZrct5ur5eD49H8gcEgheLNbo1uL4q0cakGtmTxyxClS53A4WThiqLhQKKUBk26C4GtK+0bhTbDDZ2NFXQkaDKHMZyJAHTYMcrIkS11BzPf29QsY5biD6WGFuQpQv3DG92UDtzwZKeKV3acqCUSOiTjXNzvi7ZoW5WMA9SnRQY1CF+kuAUIOu5fTN3tiBAtMMflNk2jsGiBGlb5bKiKTlaZlC46sAWdnZ5rQShTVhhTudvbpvijsr4LsZAoCMY4DZNkXduUpuApfAf5uq7Jasr6uhPaAXG/PWGmQpKpBVKwPhpAZX8tqrYGvG/k9kK2aFkspGokMoB8D7tfyRiKx7Ziny/xXOccjWg+HpfNrQcBg3B5KNIgFRWsRjgNlBfRTWycrms5cmODUE6cX8BdXKFfZVP13xRtc76DehOVZy0j9E6qaltdTrRw+fgTcksj44Uxo+3t0bLoVu2c/PX7QfmTrSF9Y0JQTe8TzCbkOeJwi3GXTNRLRzhQbr0pVfqXGWuAxNdiQEl/4KGQqlRF6bAQpbNfVyxzZW8lLFUOKkTorUyJiKJBjSg7FxVF4s4mzU1FQJqo7uL5ZYI82tZYKOm47kJqc36iM5mk/5UH78r///7+4efnf34ef9x++nrfbnUuSmtpThGXtNjvTfOW9EAqLTuW86nx+PnANnTGLLG+SDANcijcmpAjM1KsDGOA/jeRp3ZdinIn+QdKex9eMi8zkfjoftcbvf7u62u3JzzUndbBQUbZoej4cvp2M+KaqCOTByUASyISs5XLiCpBogs3X+4XF0lAV9rAJNFet+HLea76F4HpqAYsCOCrkKUvLuiArZmC0RVp6enikdxtELTMslSljFFV5IX9FQVL9b4hjtsOYxjn7hzSU5g3PW8zMQxgxvAtAQKRyAUIc4/q9OnCI/CDCtaVOkRdFJqOytIhzHhct8zuVdAb1CSH4tBPO8FJ43HMu8Kuia4s9YJ8BQATMERI4ER5fQ3DR8ChMmSot5ozAl4zyPy3y0zKFM3drQ2lPELvEJHa/0T++PZnWcs+aVKooMjs1QgijlxU/Whklp3Up1LaOXuwNpTlrl6o9K1dYx8Poy9woyt82aZWLgYea+t3jMaGhzpBqPxkXWuC/1balllflu9IjWSrW54N6uPGcUgC0wRlomhx6DE2hZSYKb0iYbRWHhxCOy7BCYEkV1LcNOOgkUSJhmbSUKhHkbkkHtTdvNRl9Ts0LNCsrRiQZPRT2wKB5OGR/5omtmfKIYqpnSIxx0aLvNClw4opsPWLYSgmaZqRSnHLRqLnxHmslLtx11gBkmW3aWkrFJo5Eea7IRWhetTa3gRBQuXP9XtwspWpktmOU/Oa6+8VrbtD0yig5MsOF64y4IFhnNbRFvZnJK1aycWsIz2dle1yz3FSYsIjc1ADDw6uGsp0WevbQsCju5oR28A+aEtGn7QG8fb9/nPXaKgcUNF/P5gt7jGpbDgEXIlpqFC9aUXngOr29VLdxVqmU7i72wudOW6avVsT601X0sV598zfFqt6Bbh3RuPe4+xZ/fkpX8r3LcILR3G9cc1iuRR+L8l5qRyUiJzVcPBfn9rfPeKLP/5Ve1Gb52qF/1Un8H84Z5HXm5ZqFYIH5r+4R5+s1rtLp/Vex9J6JowkSwc6Ehbfeb3cP93fcfHn7+8cc//uHDD9/tPnzY3d8XHaVEIhYgj0bBnubyJsWEU/eMZzFz0bs0J2P/sNtt2XoTWk+HZBkeSySCWiZok/nNYxBDdb/Qm6vTTNrOmG3bwW6C6EmyhH4HWfEas9w821AAIjN7Ps2H50PxRB3LT+saU/x65fNJcVv29x8/3D08KAYelJwohxD4Md3aJvTuqSGAWBFrKDnA28ZQKltjjG421msndLUR2oxVUxQnU/fPt1J3T3Ur/wCUs7OqqqJ4cufj8/PhSTNynj5/LiTw8MMP3/3w4077DSm2Ta7JGJF10SRlNGqgW2ykDvxbkk5iwLlq+fHQ9RBuXWmJwyRuyw9E+Zoda4WXq9qG2uf9YtsisZe32ikevV1SCyfXNjqgGf/AQS+tltHqL3WC3AKzyWrZrVVxgN8gS7dIORRRezivvCI3jrXaQ7+lI9RH/9PnLvAtmSogxrtvWDdYfMI3vAyCVeu0LTwkexGTVHX/zemSt77tNDoOfmRluG21ouoNv+eOa2pRVAfPZDdK3ctS/w6Mzi5rRtmuiw/pHcfFWS9f1ZzO5ckTOkt1UyLuWKsGytVWrY/jsJMCw4o5MiPaSb6y1qJFK3kKay1O4FncoYWcfzdiOSByvHlAaKGA+0wp5iU2tW9Ad0Ykcdxe7rJ7ZWV0Na8kwDMHWMVuaxMHCbsO5/dnl/vJn8ZodRMOXSBohdp3AUPh1RggDYbyR7htyp2IYCthDeYo7FDgLsdHg5JRiPkaaUsMV/hJGX8GEIqFBFAR4paMDz3c4Uze6t7o1CqQKODBK6nXXRbZLYyGQrDxPfZf453kdenSk+7a0uyIyxmE+zA6Il8ZRHLrl9bw4vXjTR3u249vvPFXX+aFDQ2MmvN5BsYxNpzbFXlVXgJH8pst2npV7J97xD6L2IFtayD+Wp25Z1BXsOqKQSRU3WBBmekirbv9wo2V9V/7xoSW6NDIOL/j/u+QYra5mKvCZ+OLX52LkGrm0BlIrFZycCqNzUit4wDGxGgb5OPhOmjXLJ1d1bhH/PSNF0X//Q7MFv5y1lkjjhLeIdf5wBkEyTGx3Rm1EwmQHSI97awG6cYMBRfI3NgpU101/6UuKzmX9TfiCj2gciBSD1Gka6zNcJjDWKIIwYIgrLDVVQJysLFaCqynIRudzjH/jOiFO/wocETwYglCJaAFfGTJPPkyADSR3jpEOpFC1i/DJluvzYUUhs5hsLrQ++ZgbqR6ES1toEQhkNahd4ODOHfu6La5YnIu6wagszDU0fIyromMRhELFOS2Kaz5i9JAIrPILPOgwQ9Uk68NgJAeYPWdFvFADAZvA/HbIBm6xiXC0R7F2V2QIORR6JYA7xlqxTueLBytUpjVQp5Pfz3P+zSVKON2u9nt9+fH589fPn96eJjSfQnIFOPzVB602RYbGSn7Zc4NEUE207Rd5tPxlDU7hYIeTToOhOx+F2hGLkictUR+HeD5dNawBEIQNiPoGoYZMPC0VMT63TQdiv16nI7zWOT4wXJOQvexfZmAZoJ9YbWo4tPmO0iQ9VM86EBA0dSNQprzSfFP1GB+0r6zJbYxbSfEHNnrlpdlms6n4o7XNkKaJTOVYMooErvVtbJL4wxvlOP1yYnzHcwytnfciFqvE+/HZNG8zaZYqufj6VQI8Xg05WwwTHhB1HAxDtCWnQ3RnxGVMcHBof9wTdyTC6UamvjatE8gnRii3+TCHGGSpXtfsGIFny9rN+Y0CVUB4HRj4drKpGPC6AXFgF2fFAody8ATlFl0Yq6qRoaeJDEVHhuJk7qALteAfWw75RsCfba6olxuFKeRzvhokZniVzid5XywrIetgT7QBIwfduAN3SLW7IJzgPmzRAumukY6tFmc2xmPdvRsBPY9q8dYjU+raeiRa8uRSoirqw4psVKVX+GJ/taeJeazFiUL2XWGZEX5ZO1Qa/w0Wc7QpK60sn9LwHE5R/qvIUEkdFYipNrELLucy1XZZpSol9fRxoi2iLpURsRubVROrfOTBTD7ZfuWKV9KYPakLCLvTpTPQ4mb0ahqPxtkkV6M4JghOLjHTeAr4Vj+1b/6cXKJTZBwLurePEKzX33W/VNVJebXsOUSdaT68vESK8ESg4y56S+hNL0wapktrGhYeGVyJqDK3d0rDavAn8+nZ0bgT7GWNb0N5fRcm+oN0ZcmeulSqE6oghlQmyuG3aPtXayBhiIDjKZERdGzNB0TvNVmo4LnCCCuoGI1mr31YtT0pJDV3TxTlfXSX6FWHqOLjufPtRMXZbLavMy+XsDeK18gQC00Ec/VGyNSFSx9L0dxS0XDYm1ZdPjyrCF7zYng+4/7NN6ZN8UH1Xcqb7tXJ2IxGzN56qXv25Xx0jaQa5HujYDfQK/RnY/GX0UFUdaId1VBgR1IllNg2cDJ9LqUipjcbudDca5r6smiQKIKinAqO/J4POT7eVC+CSM7bcYxKZrIlA7D43DUS+YjHhzymy+ol1abKYcYSKA+dr6iaX3W4VcHDMyOzbizLi6as4q0UeOHYkknAwW6QJH6pzKM46nI9nIULUZ750UZpcKdFGd6NNBR0b9k83iP1TBPltxpmozqlsAMFIVhA8a4KDgO2p3AuUGgJaFV5b/dyhnsYplOg4XcByU0g/g4O4ycA/BoGOJ0pNM8zdoCsSzEkBxEN2SUsHdLD2KxDJcWlXEmzCgL9JYsU7nzWPSf4itxNPV56ZYgKCeCKEb12VouimvgwpbTqy17xq1W7066EmOZqc1uV8jiVIjleAw5BYS7MVQPW13VKk17Rt4L+25XATeqSVgCGYFLqUkno2ZjzEUF0pvkpWiTshion3u1vfOsfet949TCa7xc6CJjnisfqMAwKrI8NX+BwZlhUZMbPo3jwzluOI+DzzO2mTGMyoWyQYrwrImTuI/lag7O5aoVxXyej5pvM23yYElH5OYJCu18m2oqdfFvLVYai7kVbbvoGrfhgg2T+9U013fcKLj9JLmnQvPIapNG33DgYUgHd7hzo8Oof84SJch+eKOp9r9sAB/Wwaqv2l8AiqyRpGDO5CJWVSZPlNFHDcG9jCMb7ApZahc06ij8VrRCJNDUPHtxKwAiHAKwJhhe5Tj0ESOqqjy/LGDrhbc+DFX9pnjvr5HOEJW1wG/s8D16wHuP114ndyitb9xFWWnw7ZDIAVcg1MygmGafELbNXpkJphi5hnIxNne8tESxrg2KL6JL9jaoSOsUqT4bs1JjDLdeTW5O7c0p6D/MslKkXtDl+rV+BU3hxqLUOA/M+o5b8WuX/ese8sKiyOp3aamVMfeXswQXaLVj2f3sTbrh83QbPaJbaLndakdWidQvGftBzPWBb2w6r3xYEfyNI8I6611xddY30M572MI3XCgrhmfiKfZVWMP4dvBbvcxvKZaPU5QcXw1F1ueT9OBYV3lvIpX/6P9NucpVWbVE3/1PH/+X//f/80//83/ff/dx2G2LJ+3Ll6e/fv7FFRRVHQwruNxoMiXLQp7D1pKFN8WXNmw2WvtUfgH8G/T/RREEPd3ZuvG4n9bL8+uo4LpNcA44/35xcU0ZSB2uSfexk41pJqj8LH9q1shi2a76LXD1EPQPvBNoOEV5fi7ewr/89fnxy/lwLIZA0Tb29/f3Hz4+fPyonXTs1XIG+qwpkO6w5bAt7AUMZZCiuYotlGrxijdcDIdhwGAR33QTRtXF9iIX1N7Pkn9bc0xDg/1bD6mkIhdTDVXZ84ENrG62jJPPf/nL4emxvMX9p0/b/d2HT5+0y6OfTAAAEABJREFU5dB2WzzVaj6QwL+MaY8b2pPEQx8d36Dr972VdCJvvmmVwcyryBg3/KimGXff1gntoT7VuNXRo6kkTJccDutMrkwbzS4AuFQgcZ/GJVDEIbPbyLPH+WprnpgF0Sk2k1oN6EJOShaKkYkMQrOvinEzDO4zmBdEeBCbHgZYY2iBnWMmZT1pPahOr+L8WprZew/JVVrFJ9VnQb6nzMOO/eMbWy0trQiZJcNrjyzzZJDyN14BFKbAg+YzrfzC21z5YVCVioqZQZ3UAkhww7uR6RZexUymxnldUqPSC1XRjbjzDdnlDq2oH6pzYITmPbgEYFk+KQLkaBMMyfwHaMFuCXAeRUW5g907mV/GnOdtd9voM6IeyflsEw/KEN2Ky61ts89YpyeE7zG59yd4GSI+YatovbUuWZEYVoI3WWn2bMUkhvFungd9rAmDDC4TbivUO4AQtHglooFm2lmZVKyQB13JKwUStq2eP9KAZDnLdMTGttiKTp4EH9K3DJcDunJnsZCC7SQ1DschIInNlSQRr8rAFzXa0F6veRnNVrNlcj6A+RyMGw0e+1z8Dc0DacaiGg/4PvtQdcYS5LREgJkZzXG1Ws5n3MMpOUqIADJuSt1iC4R4oVZZ4TlmwtsrULAG1xEtQ9MISWAH2YPEUKq4xlcMRoGGwu4mCtMlRK+uYrLwrLnhol2PBhAt9snIwVTOlTl4nwEf4+WsLYC9i5WTWiQgEm3ckSyG15yiDsY7SpBbcdBpVjjkgZxpF1v8o/5565eFKb2HGcpv3myJJYsX9l05tO9N6lmAUxnt4fFLCUE83H2oesaCLeUiwi25jglcPe/ioxek+9/puH5WFXOhZ6BA02Im2jZ6MBf1AIcmgobAM1iisX3ZDWUDlMDwxT11h6ZLEoIe4FvV6UOchs23ZQYbWRGSdD0gL6zo5scPW9njmd5n2urItUBQHKPB959tnBK1W9x/rkrC0Jwu7PVAuAUrArU3FPfOHYyu9JYhQI7PC5aKfgHWfMQzDxziG86DyLQz0GD18HOIvWUxZ22CkIHMWCyuIm6IKOT1WWhfnIzm91Qfq0ZUFki/eHura5fcC1JmeE89XmpXmwsYaBeu0oSUFW+3reMblfvDL8jWy0xd6hb/wWSZ49ASkjTUp2DwUB7CDY00pYyuITG9AXyMgnMdgwkEmT3umHAzMcjyAEJM9iyTAkNCSlDAK2vrcdSys5volhbg9XCopzUv6qD83jJDmAPXxLD6C+FpK1AjAY1vZvYuNLhn5WDmnUadtWte7sFTv/84FZIoXmni6LCSa/aMIsizR22pNxsuTTe8NpoQFabijd5Z677JlQk24BKKoi6qcBdWEIq9ZZFXTA5sEigHZEvEWjELXm9XwoEb9R3G6GxciyBpYDAZtZjwWfNJe7iZ0ap0iPtHTLXKM7tQWWyPqfBPNJT9PHN6Os9Px9PdblR2MZ6KkfTl8LwpFnKJtmiOgM2ghbmL4bwgu8leY1uIv5jcmv0wp3HUYOQ0nRRV3BQTD3wYNjlQRCIwhm6uJRBhNcpjs4or5AJbzX1ZwRPvhvRxu9NwVYnQDalENigsSRoYKSxKPKjctsC1oq+7u9m2htp1uUQ+NvOmyH9F4xlSeTkNkhxO58en4263v9tLUc7HpIUpZh1P46Q0s98fiu6nvXieDdxTOweIS3U8OlVr0JlJNF4Ne35ZscfOTuY1oAJ3DhZQUwpZVDvtlKeVGFmJsG3vtoV8TvmsXvfkFyiYCLtWEVqzb5acvdAfOdSpF7ISXI0AjV+Ha2djABxrh3FJjRd6GoepRA5yk1RtTHVriafd6xIU+tmS7U5wBuNjFsaIHDKh2AoUVsxaZCMfw5Ns3PItFK6w7hYlSlmb4GCCja5y9L0ImxF96Rz9vdc33IGOlUBbFyR6hcZnPElDmqr0YpnJGvocT8tfS3Qt5Yc0HdJ0P41bC0iWy83YGWTx8l+JxDCrrMuuhjsDK9vb4VUt+N07ApIHkd2wA92b0Q0pYonR5Yfy7tOiRfw66dmVz6IPWJlqaImuAIMjGyxUdirRzzMF7BA00ppVWOPa+rWx0y2NHzY7ouPz6Ty788q0FfC57HIb9Q8oNUlg9Jjy7N710RL8yQN71Bn7XsrCgUemMchhmvN5JjlS/pxP4+FJq8M3u5EShBiAo4KG8rx4jHBMrnuDPByMwjjpwM5+lLkmD9rJette/NIQj8OmayfUFGA/gbgWWvGLWvpt5fzq/LZB19oyd6psJVmYe3wLXwSMS5GHxGvny+xt1OwpKhNP291w94EMzOHz8fEkhmsx0zhy0dUGK80DmEJwdp3eYsWj8aVHgL3PmTl+FIfGDCugnbCPbfAsssCwglCu7CUUSce+MQeAWNoTnKCuePgNm9rZzZxw3TpesyjxmG7uzaC0ntIuJEmbayxQnYqrIluXF3MqD6gIFPFQp4pjuB1ACH0OX3PRaaqEuEqpKkEhtELAfz5+KULz+aDpnr+7//Tj7u5hs0sGzDGOhccpQ9DbZqTaW7Q/xftYhFZ9Jl4ABCaBfEevdHD13gkn8qdtA2aktyL1xL00DtNkZyTktaDjhXu+bWrSFrZ3LsJ40YxOjQLPy/z0WJjP4Xl7d393v9nsx82ovXmKuL1/2E7bz8cnfk5FX1isD5rJmiEvns2QfONKlyEjvnhiurzxLrgPtOuKWgBJDPhC5eKizHBbiDYNLvhSjdlosHux/IMylkLxlo9SXOUK8bGd9oZ6MgHXxABOhuL/L846e0UqvxpEl7fbIUuFMDlQ9AUJ4EDxLiWq+FnDnWwJMCHXsVq2HO770JqWWZX6csmkDhPtf1IiEtMwHcSaq5CmgcxYfjhpdQMo7pp+PM927oR6UOQOuprn7Mgkis9jc+NirgnGs+0STTPfjjIpgFRRdZZhNmQRmJeJHOPK7RZ49gyHTpfEDIFsmZ/l2zFr+GHWgEEJq9iUTupY34zTrtz8fDqpbaE61pJQBWTASTYqz5AenKMkGL5Ui8BMkIimoasSZqmKqSxSGaF2h1wM/sIrdFVBVzwMczfBQHAYNCSRQ093Hmi8Ktp5GIIHuaQWYDRURuQZNroPq3PJbRffMDnYkfcXdXcjOANQi1BKdnKllwuznak6271njVL2bNlMFJqh62imL2EPDqMsJYSlb6ywQ84qlyIXZ/FcJVlORw4rd+G5ON4XbR3prr8qPnQ5B5AQ4Xzo+erYKws0Wi6omz3OHCRSUiSQLCSAWPxd9JMF+SJQKk270I2iHQAX8G6LUFjtdA4ThaoFZfx6nNQnV+5k7U3dcMbTC4kZc7POPJ6KDoIBynquqZCEnq85u+ZjnDJZ7R7k5IKgjyXYEfVYdNSJ3RahvMbokBDe0cw0pLN/XrNs3P66upp81UIDdh5eCfD20X8n7RduSku0ObqhyVB8GiKXVwO6eLL+EbLhWgdxHRGggBfv5hNDIYRTFcbru3BT1MMvTvGXPWC4vDM7Lft7YQS1DAtvrY2BLl/86unU8BGl1+Ruvsmtvy4Hhuvjb3sAXD6ggkhu41t3M1vWB09hElGb994ikmt18hUN02/C1wMmknStfl7cCkGZNw9+6wSpBPbqqZ5Osbow1ztUf41EahE71le7BPZscrHLlcjEPQg+tQELuQKWA6+Ox7lCwp2XiC/G9ho9rL5iz0XOK0K8sXAwnahPpehIWFD0n1sLAYxZ0uVKIhbR7e4svYX14rBv2SOcEr11yI3f3CzCQLxaOh5RuX7/PH8fXr379YAkYNmuRys97KplHof5XAeXEpxh9segto8qljMQO3Z71TunYbPflf/uvv/uhz/87sc//v6HP/5+s9sWafJ4Ph3+/DnDtwLq0oI3q9ROKCTXtBLD1Nuo18kzkb2UvuglJxXWZLm+M8SptI4zPmlSfUIurMO9LJXPQKXp5K/NS6vYh7UrxF0CCs5fEFBWz4lmc7YSVhfC9lNb1y7Z2i8WNeDw+HQ6nZ4eH58ePx+fn8tNhmm8+7C///hx/3CvTTanDUrIMmD9YMGzI9MjuUR9dE0gMlSdEV2YreSr/GcmArlAqTNiY67sY1ncDUP9tq/UXgUIhbXYnXH7kNtfNulJ7I0WCbUYoS2YBmKZwCfVoovZUKbpoC11nr+UENVJtey7u5/+8G8fPn2CQ03zzfMSJmH4ayvpLivhzy8wdnz4LUgn/rqX++6dR6O8EExNbYpbw/TMnvQONJvuWXWJ0F/Tljinys05+II0Ox/Fvo5KTR1jxvyJTxkTMKsTyF3bwC+eOVGNypCo0nlB5eU35fWfv5VDup/+iUjd+cU6Rta2hYcS+oS9rh9Q0Hp1ZF89sE5jNQi6BNnLg98a/lfTHnfP8jLAnuqqE8ipB8oU+LMRkaQXbsumvac0pPaA7tvgsK6pX6rHTWmTmzfvdQ8OM7Q7g0DdQ20pZWdkjwFGXsvaCykuTv0eiUIhjq3CV9gA8a17UnxbwQVtm2iJCGGtmKqWiFQrh32qXcTClqvqKnxedYIsTAcT2/tgXehD9iPBD0tctZ6m19vpXtOvv5uzyHxYCWk43usGl64VM47lpzZL3cMhcS+MI3YYD3+6k5Qd2fBETcCTW+bd1+Hd56qq447X9IKHr8YaM91pLfYxUy3UpTpKrhZC3JrpLUgj55h0xb3Bv1dchOgdrO4b5MZ/kWO9PRv9m0Uth4M6VorT8PbFTfewv/5LzlL/7tx/WrVReJziLD+nBzjhF0psbx3pQha8KaRePEJv5s7DdeMsqR0cET5Fogm534H5gvoF3YWbt68NtDuL1/z2tXeHiA55kit8gXTbUz2uUJ27jR2mmyfs1FrXd1NZt+tvft2cOuT2KeQE8NCd7WePKmgACcFJrsoYvOHsjG8lsKDqVpWrn+SmYDkAgG87kRgA/uZwH7RyZBN2yfvjeD5zWNn0AhRk0/cwIss0sVJK6VS9zmVk7gU8rjIEH7dBE4g13FDPv/mU1y/UZOfFYDjky+USVXMO7UWLlz8vV5IzJrGufyyBo4iHfUVIHY61FMuOoiGC9DVlwEfYvLgmOj0/W3ztQHkWGNCQBOLpHAKE5VJY+ciGQEYrJxxPx8+PX77bbPeG+bkcT8/Pz0+77YaLS7u8auqNIUvs8AYymhdix+mgBnOJBtenAJilMwey4wbY0y351ms6tAxEd1fmiJpgIcr5UzHYx7yRzXa77E7bp/M85azRew+luJu9ulRReJezdR8XsSQhc8tYPq5CvJ9OxTweNolR5LtoYcHp+Xh+fj4+Hbb73bAZdCEiAab4C4rKPpzHYjGiIGOaNcbTWfIrurzJY6uiyesUk5uXBD+v9CQiFypUCc8rjr2WxRTj9jgRa72vhks1AtfAkyi2quWzQRTkqlzVqW4Dk8YV6gDa9u9VI5Hud+7LEvhFXqYkZObPCdKAFXFVA2tRgiadltmueeFwrTz57PmLII9cmmdQxGVZVbH6ocZbdTzWp4K/VK8AABAASURBVCXYvpu95Po3mIvFxhS7IcUOBL8poUCaT0uJuvJR+K6ELrfF/WSl20kS6N9CWqNnVLdMtVBQPekC+Hpmq3fEYaRgCrcXfbdFolXfHIYby3CNKhSp8WhpbBqMhoHt09mY5PMh0nh1CLUmrHwY4GjjMOw1jYgOJQSYsT25afE+b4yOHsCf82wwzZxLjmBhNVvY1dXd1r1jt/aE3auGUdmWz/NpYiAb5LS9G0wmTezZ2x7csIBpEsTSYLQE0VF9R0ySiyowJerqI/+Ww3Pv360W/DoHrL+aytpbGxdnGQcZTOgsgLEp1t848t2+BJdPmjKSvxye1E2o4FcnzRUoIXfNDEUulDUbiRuG1Hf0D/8QdMlSRPIgKGxC3zl2VYaqHsU338R5VOvgVHPJTJBxt2m57fW2gYw1rIyteFZoWb3LChdA4NrvviuooYrAIEeRjmVSrdTN1QZ1oY6M0irRxfZ42TGPy1G1tJMCMs8f1Ne4L6F6i5UPKCmxrE8sIAqMMAup1zZ77/z6LauwaZNRx2V3MQUkeYNL02ORvOrrZ42WwLMcNorH3WZnMlaRREvIu7C4RXNa5+en8+moUCK7/eHDh0/FWW94SEVsTeOu+N8Ph0PRLw5FfBncsd1b6pS5ftaWvX+P8Gmw96FYoAuBURQv9vH0VP6cpu1YItWKwZRCcfNkgLIKZRQDjfDyz5q6sRzzweA9NsVdPmkl6qQ5y8MyD4N67LRrverQswGelxi45pnDnwOsQ8OOccU4oxFINvQHbcwYoYdaacphaZi1o516lC/pxiqqi2bLKOQiq3QcpjScis5i/WmiAbKvu7Y+ydawZjkPmi08aWpFCs2kKY2EXIdGh1TtFaecEAhiQRFtaKNpPJoYpMkMwQvDJKxeprowrrobE5/PWkKAnsbnczqkabOdthvFZdEElGFS6LjTErNvVJWRdwK3kVUHiGHCYHj+NNu7Sx2LWBHRMG2wAIycl6w6nnWFWbxsNnMKxQAWZt2WnaKeeiMSwq3bONXGrIZSKPfx/5y81I+AM0WuIaXkulgkQKYqAUJUu2OvJS8u7pwSk3DkiV4UfVeavWKAfKqgF35dePE4NTgQq5310sHK/dQMLPvlkM/pzM1dCRFJStJw5rsD0hNiKnWQBcK1zoUaX03aJ1HTsGGBhlFVNUix1LrycrNrUk1v5AgxoBBAC1GYuVc7XWdgBph/TB24g47QkImGWDXJjSQ93US8P8Di3XlyEEUOCEoxoCGY/WozVHWvgidSqC7+WnUcLYMzrICLXVZJhQNmKhTJIKxOzGWSLgm60lZHlFfR1uDwTHRTq+g/Z9foeb2iQcsrttuESK/k062H29np4pZtFaVZMbXQEg+l0EPl2lxaPWKlMOVONNeThG9oC1AB5MbAXznC6umvYfqWQ+hynikMllBN+FLErZ+2mi5JvYSPmgD9meXqHu8cobzrw/Rt7/+uAfHFQ7mXWW2jyOVFtYoV/3p6DjgtbgiBVLmFf50CArA+g2+Ne/1p4Cc5gpYySFkut377swqPax37VUp8zzT3PgHmhuuDI4XbRFBXTBfLeYNLyNdsjhjDVxDExcmA8m07NtxcbZkbu7makMZQb3weYZ4bZNdLFKq6PUtA5kNKsdOIiyLsMRV243YzFUX84e7hpx++/9Mffvrjvz18/90wDUVZVGvIkjtVyI1ePq/VTIbP4ajIBmUyeBvHoXO5eNgNOSbeW8ZhShvWDvcS8eqlYvlctlye6O7XOKVZ/a0JLzSEZZFWqN+kWOfiUqxLy+sslt/h8PTl8Zf//Mvz42d1phUXx91+d3e/3e83u+12p4VrcPqKtA1IUJ9qZQNys6H2JM9h8vyA5IkCtRlGJXKpXglZea1xea+ZrWglBGS70bfyNO78XF5yGVm27lZDq6C56M7nMlFnzTg5PH3+fHoqVgndf/fd/v5hV6Zrv9ecaQrqDz8udb7aKBp7UbpfH9+cdPKNB4cf3Y420o5km48WQj8IT4hXHsacQV55RTSmMceks0jAf3eRclrlzUk1IJ2/xNmxu5YXHCA+Vh/mv8QBS5MMWgPUyYhdpCTve0msFN8IiEi1kupMXlon/8BDy9Czw+TKLakeux7WemuQSrfioXaSJSrly88pLEnqVJaLEzhqM18TRe5iFKbq9+ru6Igc7FJSGI1OK7vnbtBND4goQg4rPcJFtUmNz5Www3I2jli3i51jxQAVYTZV6Shh5PZc1AsmI5CFwnUfY9tserlhn3iDraiB4m4WhxTg2CTmEPLqyCq0nd4wMa0ffDgFk/eP7cMprnFb8aXfxC+zE3PUf0p9ycZuO9xR11ha5FIRoUfryNGsDIFmI6lJ2+rFTjXdGWPgjsMRVbOAAxugV31Dw1mpSXGfqp9HgJbce4cr0VepjpJWR467d+nx3XPfKSeZv1me/lOPFxT01Y4mvqkhs7pL0vF4LGcXx9s7dXe+dZ/f4MGrf1G9KNUJ4qLXPTDgaYZpFLTH5B0rQO8SMZjOmm2Sgp341uySw2BjDls3OMAL2QPrkRMeyLzaaLH34nOqmRzBpVBax92WoNCzIzXEdYpaL8LN0NSiZe9zzVURYu6344UejgLbCGt4BV+rTK5vI81r6dcaA83Bdho/sLhg7XFwwfOch8c2hw+iV4olHueD7bwhmoapAAwiIQjEU6SxwO3F4u4ZAEz26eLrruG0DCOA6q19omoCX1XxITS8TRhdvKn9l+qyJq9jj8R/CD6rdH79cFva+sCZripS+WBIGMNaNLB3XrmxujQp8XK9ZOWLQwphGcG3/ln+cisy5k7Nql9lIGYaqLsalkaBGta1tYramhXL7u/n6nFsHB+D4YoprEsJl7DhcCVKIU1hhpDb6uIkXN8WcWI3UpNthzoKaaE7CfCiq8kuluagAlLnqoS6vjw9fSnRoYeP42Yjcy4xof3+eB53xZstmowvVUexXcSW3WRIo+NQrPJDiTIp2H0S1xY8NN+mu6dvd4mYN3pRpHgsK3m835dEDPG72OpTLrGqzW6z3ZzOU160Mnix8J5mzvpOZe8axdYjKzkUBiJNvvtLdGYukbBhMw2bETDfS9KK5/PxdHg8bJ+ez/d3m/0WJq2xPNUqxryZNiXyM2pjCY2knDUTRqNoLA5Pk3pm6Iym21BIBGaPwl6wlBWZVRWt/3K1bOYyKKs/bac83y3n4gaY58NhNsB/RnaQgDwMONCqnjCXdYIB0CbdraVlWqQofRcfl9QXpOrJ8mV64UhdZ/o6M+boNy6rOBynMsZpW+J308DZKwCdV6ze+FrAxMb0jeXbJGSH86vgnFxvB0a6vnlTMXv2Gkk2+F/HCMReC3wmedMuw/+yay3PTpLmnNi+XI5P97J54M1uKNFP68l0kpGt3Kr61Ji84syFmslnNJKU8J02cbCaAFjIVUWtVoTEtxlJJ/rVAOkvgtgG6KBptJYvAL3dYuhu33iELroJXC5F7GXdd1OZiM3GStU5z8cwcmPomF1sQgTPM3ng0khDQ2UZsmnQQHEasVpue7UN0ni+mRhl7s5nWZ7P5zLD5c6jYhqXUO3+bhyV+XvSg82p8BIOzwE11BDMbktiYgQVORTi+RUNJyiI3+9N5lv0fPN8ufVhf8itm790u9TnulHb+H2OCCLn2ZUyZE/o95tx8/GOj6ywkbQsTxqLLnM1L2WZBk0ALAFv8+ebm5aqkolJTOuUKeeNTNHSDx0xQk1ju4W8MkewVjl2dG+hsau41TasDKi6C1bTVDW4C0xhv5ENzHGm2AhbG1ioOj0geLFIQ4TNBokZpLlyv0j/7rBvY0u4cgdDtUjPx+V4mo+/PD9+eTrMv1v+MP34MG4V78RAZfQfuKqTQ3u5ny+KdHOdDEy9s64k1GOusIMVk5v3bRdbGuioMISqvaHapLzYbNmxtr2819cM6tDFKj75XfGqK2DYPMyWSKv5BDbU58NzEU1ldj8MNCkXRP77hu+H3bbI8s3j4/NBkUZO2+2+KgehXVZh2i+/A0VIoBEY/oHBySXQuLbfOdGz4cNutOCUIQprVa03PGZD704K4zYpHoY12jvLUd9u9NY1Vmw5WlrsaGkn2RB/8LPcbynBBfJsdddwy/nuUlFAicX0iEWzpw2wGHCPxlUMQofNvVP2gG0AW0e4Y9ii1MtQBErSek8dyKxNVGYLEICckQG/zAbtoakxs5WHTuZ6SZVxejpyWC5IkKw753J3kc3XiP6Yk/axsZ70KJYL1F1TtwCfC7lV8VKQqSDuVVIRuegClZtMWuarDYwmw7Na0JLudDQFUKcYGSeazovBo9zJXiADfZmkFicC3wurCDUMkMLZQJt0sidrAQNJpnGdBetHy+J93yWa0fp9U20U3tMbX/GGizOgb3Fto6lJV+AJnvBJ2unJ4W5CJbEUK+hZ0rhXx9KDTeKOeG6tdm7/eBwHE5Y0pmXBmzzkZRji9cVjIZIcq1+W5sCse18xqCypRAKGmAQIdm7EmdbIre6x7lBtHDAAYc75uMto14HtRnkCnwSViaO0kkSb18UVUtd5QEgViBoOUA9NpVSniOrOY2TFtWVzn+fiUNm+IuZLtR09w4uLNBSCjWxxCcvlg7WYu2Cma1KeCHXhrr7aSSI1M8DV0kQtOwJkvcR6pjrm0Kr7vdk0qJvOvabl5vVQKvG0qbs1UqqEFYvcf8ftEvGlo2u4NMei6MdcxU03zNVDqWkifPENv6LXyHVslW4oafa2eXWp1DtUaXhjOt883lQIKRQTuXpn6QyON++/3qHtxdc2DPPrt3vpKe/+Qq553rc88IWnXRq63OB5VnQXJwDvXc0ZtybIDZCeORsxp+ptjJmM+vrQA8PAW79atSLrrSLdxM+Qq5SSq/mIOp83SSVMI+4+uCQwvvpl9W0w4Y4nc4VvfMchVzd+m8JvcIq4W+9PbpC1qytDwq0uuRpE1Y+dxPmt1+jDA9Lu0u23imwQPMZsXJOMqI2W4NY8MnSoElG42//wp9//+D/98cc//fHhp+/Sdixs5Xgq/qJH7cg8DNoeZdoWh1Ay9cYyTjbWW9APgPnRivOQRPYjnGDeva6Z/N10vfLS7ZI4uxo+mLqu6ZJ/a35jlHtZ8FRMTaUqV03JDxwUaPsztM7itDk/fv78l//xH0+ff2HTN/YfHrb7u/39/cOHD+NGuyZ3XoJqpOEff+PZuvbUrBfEIeGLwz3hWKPeZIt39LfN+YXJeIN0/xa+1RG2e0bgdKXIHs/IRy/axfmM2ranL1+Oh+ezpZ4Ul+OH77//7oefymyxEQm5LdhezeZsNdqvLVD5RyedVO3DfuerVIYAFw1vQw48b+/M4faqQ/ZiL4hEcRJMF9zag0hUTUTHvQ0ugY6Tfc9HsAwfW1f7iI/8q+pMkmhe8ysKt3/g4RpkjF7C0YL8kpp9OUQVML+j+vztczy4M4CEzd+wEtZ0s+lXdbf43P86E74abXigSNbvwOWHAAAQAElEQVTeHqRz9N6i7ulutgf/HRje9Nw/4hWxJyunD6Zi9e4vXOqV2O0RrgbFrwDUN4cHOdQJX0jUOgoO4F+Y+nb3qHro3sEv7wwojD57ewgzF8VrhMUVTgYqm3dHMDnC7BUIMevNXqhcjVwIwa1Rp8pT9XwwneFLbYvHMKnXmxlYKowyNSBpmVeCkNViOyHRNRgf96YIczMIHY25hgustCU7jNVFhFuqKmmBumrjgfks/mo58JpQRBk2Hb+tV8mtxEiJyipaMVi+JkhpBIPJNzGaAJ1aFWtoPbRys8qV+iXyDkPnX/rgVXJXsBRTlNQjqH24zyn9S03SBYl6Lqw7QfD2aKAREr+vRDaChGI3du11qiXMvUr34tEUvosz65/yat7Jxfv0V11/n7xryIu8PeRpp3jYyYsjP1Oim+bLS8PxCtWOGXWZxzB/uRYcZffwR/A/dVxcrKU1ZjvBA8MCePbE/tvFo+lim1dR94IIrrZEtpovhzKWAK+vF+pv4WqEWd0chmDZ3D8zbJyIgrC3k4DU7gNGeOXFNENPPXRLvy/BCQtHwp5bjcDiINbwMcvFGpuCLTl0esQK5xLeIc9FcC1RpJb4R5SQblCgdNStCTqDt6yT5CFqiPNIoHYnQa8wMPOFtiQOouCd4NSazFoit8hS5VfiWgxKne5go8nVnRE3bDVKeuOF8tFCPtZuxiDcvYcjV/7vxQgtd8G0yuzBpuTLDz7Q6Z8VY8AHwJhQwF2DUorYPs6nX56ePmx3+3HI0zRrjv7huN2diz1tNcTzMlTsNFeNDAV/1HDzdrfZ5PNRLVj4hPx/DTiBudpsofsna3uqN160YDFokSsWg3UnHMsCLpZmoQDwaVpSCS3PSlzooBHIm+5MgJ8b74YQanbKSQpiP5+1CHvalljqCAhPtbvP5+PT45f/HLRcY79L45QTAs+aD6G1K1OJlYyqWJg9WdwKaiQPiSPjracV6cBanDAsQwg6Yw7Xf9X/G7G+yrtavpQ5yrXIdbfZzXclanMuxu3xpIlBhTXM5lxJ6BZY2ytx5Zv2xKHqZY07oAw37PwLnZzXim6ogv6aWqTNnUK8DmnEBLG3kLLZWE4ngSq6M8pObhBcbefLOak6XHURxufwTi2WYbC0EuGq1HKm65sLrXX49VrYDVJkp1EzVcnKsZdqWOlICkls9AW0HUJezvl0OJ4e5+Fh2t5N0zYNW6t2R39JBNF0lWwuHbrAsE+kZiXrzIKfhnSIArZcxVW/ChT8oQqy8CmNA95CG2wiNMcIUmfu3t1bC1mgFHqpsRSfo8ppEVzy/KYEF4yUYDLzVOZkMtY8n7RvWDXyozY41A8hqYvjBoiumT46YFfGtNodHJRnjMI6nmiSBHLmaHmcNWBcOEMZxo6HadK7pLhQogwaBeco4ha3CCDbkwGwoxuwwg24u4I4dhG9ruq8VxH6lY6qf9RPrlWHiyFV0qoEP3gsNxI2jSAXdIhQCWRdXDTLkn+gD2VjaTeQL1+ezoczJsR0L81hGFryh9Fsdl8Tu6VJjX3pfilLOJRwOtNM82LBdzG2EDUZvfTN0OwsobJ1hXTrmaXuWGwhjGC1V19ynjgeEjVTmVxzFugjQEsyBBO7w6CwGZr2il6r5f+zaRbWcAeALTJkqrUrOfS8HC5UIrjmpD4Mb6hu11k3pxxZkXvyUZ7+1+OfH7/8+0+/+8OH7zTjZEZqmkrc7De2Gei0RrBXdv4s2HWpNj+7ogoJh4LG7KE52HcJzM3wMdgWN4cFbTxKBgOOWwyCRd3tRRbO45nnEus+WyPOsmXOliOhDthfltN82t0/7O/udtvttClO5SHLtJvGwg8fh3R41m4sSoTqigU8koQhkNDv1yUDFGvvwQyHiqKEaNsQbX2j779Yd01NDT0dFFujBADGyeDukNKBrPwUPN4UpzLcaYAyXZSDIuDVlXYcNXRQ9AQ9Btry6XQqZibyTuBXWE6Lu08TSlk8CdUSYIZe1geoG85TZQdq5IB8uAgaZRCSv1n5VjWG8l6FFc7D+FweP/PJcllMT89QwCFsVI1S7PaT5nFOI4a1Sj4h9oqeKGqFzZgdDw6uFNt4lrGKNHKFjNlYjxRt92MNh8qTFtyLjCCRzugNkrxTkv6qHXTEOtzoy8/n5BGZojtNhQ6yAsqMOqsKfHLWxAPDmE92nt6jtd3xuill/mzpioUGy6InKGgQkcasRJtI6hjE0dctD2ku0oTNSEvWBck6L0eavt86E12AAJkIyLAuxSsn1tpIZSw1xTZRF/0HQjEyHTHFZG2jTTQxMo3II0PA+YCgRFmWoMV3cgZ6gdzMSBNhA4wYPEHH6dnWfOBm42ksRKH7XRVK6HyWcyBRhRakGiT6brtXkZp20fwO7Mk0nqfmOhtTzV2gQCixvwcias0ADNUpBmbN68KAsg5SufNbwgJnChx9TKwvGxQJuBkzWEWzWEH7Pk7NRqnS0mnVCq2RcbJ43omJENul2pfTctoMyhk9tXM169xws36+nWZCKwbLNYdSPHbni1P1H7nuQJPrElamfqO3CNdCAiezUK9r1xvpdAGuQpkj8tKPk9xu5frRakTS3Sey0MmiDOubAG2yTUXL3qqS7uWDL/dUU2243SHI/sb5lDsfM05HA9Ersc9xp9UXzQqjpmbSC0dt5/n6kVKb1JXK1dlN3Su8cstuBanX1bF23pzltfltD3WGv/r04jRXiSit7L3+hPaB3H7Ki2O5mLnO9GrXcFNsK026lsodi+tHKALw/HYP4chupmDlUllI2E15BTvaXgBRutyqQMMUgzTxCIV0BHlz9URuWrJvLJRpY5S7Gel3cjst2qNEBA2xFrdoXqZQrh2d7HyBQiX9679lR7S9cutV6pmrd2+FkNSpXd0lsVAXMA9ghRLni7w4fVAHCYvCQVsur6H6YJtg3qiaDajTMnVgcfVwUqi37X773Q/f//zvf/rDf/9vH378Pu22Mg5nWQ6/fC76igkVBcFVZLz9neqJ263u+DQCpaOmmVY8vFxRvfyfGbnLCskWOBn15LYgtwxPF5erEPtKOVmzirhck06lJrsAiI+85IXYG9G7MTV4HTidjofD0/Px8Hx4ejo8Phaf4Hw6F9fZdnd//+nT3cM9gF2KwpkcbkRiRF7+hB2FHBfLXM41OcBfV9FhRkwaYE6kIe86efp+rIAi68ORbN8MAH1Tgh7Ij7sNiRUspqsrPra4gNYrZsdBM+mfjuXH42NRa1lTcz7cf/z06fvvAXBSOZJp4CLvj6G8dfzjk05wiDSdQ3pdAhaCSyqk+uZoSN0Z+V7EGHB/ia8mJNiGXjik5ilwt4VcxNr9QP+dnkPzhaz9Bnr4Zx7Xkl5uJeHi6HxnelSoa5H3vzW/TprVvdDre2DmL4/rH3XAgc9t15tfw2FOQC8rzcb+bwWdK+1aLtQ3IncMdX++Nor19mZ3SlHlcRxO825xuxs62ieFNSvEcqEBNwutujsFAVGVvL7uUp1E/iB3oLH3lQjdg6xJM8qpkKYJmmGMRVY6eXt6DJY5nH3aoy7m3K6HDla7cXg9ObanSMC7SPb6IH8rIerrI91CxpPFnBfZz3cvxi0dgZ3L8ovrQtSoAsmgRa71GnwI79zskOhd5H4EgpeZLLHO/6M2Xc4jL6waurAMTLJTVKe4hy6sN5c3zh/dKujsl9URuAl2Wjj2mS+4H/dDEZHVn/S2XfF/nqPOC/jGvMyH47FogMyJ/pWPKKGCtL6QpzicgzmDyh7e78wz7NyvkbZhZH37Efr3qyTcxQ9X9mL3C8buXkBjZBW9nVtR0k0z7cWBgbfCdjQOiQ5o1ZkvQq3nRCKJEotWmk+uG/eqV10DstD4m9ONp60EtTTsAQwVt9XPtGO9abrgc8ixo5prIQG7EhY3XYVyb64IO4WZV9fZWljr0gYp1avKKXoXMF2wccizaLImvjFzNR95DdxafdbSpWtaLkbWyltl7EPd2yjIFlddSeRm5jt5zp/irrC2gTHZE3enS8EdPFz6niO0dqO4+ZNRvmAp+SRnjXTIRWJgo9xUl4DW+km01XANBP3GF+tpWgK35R8rO5TOt9HMx96cNnCCVrQpnswCFPa6xFdb3u6G/A6F989yXJYSTfx8OE53d8NmLKGFEjJ/Ohz2JUCQhiXQcpIWkuqQiis3W3CxrMs0jvvd/mxJGWofBuQ1+5goguWOAVYnX7Rk3qqkLdWGmslaR5nL0pXJGGetgS22qQK1L+OsOPQGauJqmwDgJLmSljP0XiZ0A/CUlEGrYc8a57CC4HGrPoJFGzCdDkf5yy93Hx52D3fjdjOUKBRwLNQVkMy/sLWa3bOC3W9O5cKNYdF7AlBnzvDamdXoR1MNsiegrK3NILlXPT71/k5Tit3K9/vybK2uOM6yPFuvAl1RzbWy2gFDslliKeCSYkJpb8euql1d3Ryx87tF7If0uqnMfC2YRk4L0qcF2iJrPOhcYlFWWKTmpFWwdSz0BR4OFaz7w5khPs8I8SnL8frOkJkv3K37vRq37YN6ob0Tut44w9F4oFfqEgNnZ5z13JEVyH6hsolOGsZcnubpYZq+G3e2eoPbPsmaL7A1o6FmnhMc6VwHsBp2LcWTtX7o4+48yxy40GWay6dal881OJQB5YOUrTBbwE9S9Y3V2wutLTR3FrjEA0hYeY3CEHcjXB+JrB8VJqvmxlaftSVF1YpACo1F6501bw2Who4EPKEifuFyDhOJLWxV7pQPWTtwj8JbTofiC0zTmHl0xgdrzAGgLFRnwEi9+k7EXhaiv3rPA8/PuySbKiZu+gT/MQevNmf3M446Yb3o6KS5X87UZAq+TcELslthunO1d9L+wSAjmJ/48XRkQH8obWlLcm9w6roYx6bzHIt1cpgqLcmAsgYrnlDsKvaqimobCl07WJy5Y/GaVuPsiCLD7oUZ4xXgcxfzqI7tC+7L1UqMfQXnGHI55oEKiWXL3gLqll4QCEXSPOXEa4dC5USuVFm6tWVIDca3mR6znJbD81/+x/P5+Pnx8ef7h4/b/cbTssNvYVpM9CggV516evA3qG4LJ4mONYdmIb6pBrB2G6DVumQEcvX/LF7JYSkeWhsq3oRSUx1UYA6zAQgUpnfEzbXRm+oEf/3yy/Ox/O/+/kHBpTVDVRMLNsOetsN0vpv/+tcvx7O2XEHKNodzg6IYpr4W/luMLwTXy8bElM05kWsAuwiWfJ4Pm81OdvvNtKu73MtPqOq3hKgVgYCC8Sl4mOaYnHbb3aQpbON2q0kSlj6haRezgn+cQxIAkdddoiC2IVKxxCDx3Keq7aTUpwEQcSjJA3sVLvCXrE+TWTRWP6m4bjzMBoR3KuMo5q4YOAigGATp88hE4YjoZ7A3j34gO9l5PPebq9YKwmIIYycQywO61+BLhu1mkxfrmnM6Lehfs2TrjwUXR4OlSqli7JZ/ymCLBq6ZKnM6LqftOO2kTOZmYsvl6+qvKAAADLVJREFUPW82p+MRAX9ULs1n7RM0EFVwizRM1HWZtpB/8nFaq64gawPvszeIHVDUCw1jJI0sKU68jlgnb/G6Lrc1FkgfQbaBi10UGoQKK9zJgraDOx0KL09Bv7UWNkrEcHWu287+zuxGAIP9Gk4knp4Cdg4z7EkVodgDd0S/y8SdKIN5yh2fyapcScCPmU4AdByP5eAkAYSkJUfTLbkmVTRYZx8bg0hX98Bc+WWSzlUY6o6eZQrGQq1qbwhlePGOYcHQKFVeVflrcD7otKot4BKOGYCoL2s++QqSuHPQEY7Lfxoa9E0GohdyP6snoKCaA2SWaw8E11sJrZpwZpj+NaaOVJpoWu67yWVbH/NdRcBCIiG4bpaMBBjchUjzxequXQkUpnXJcUu5rtajVHi8K1l5qbNzl0rC62JSHzZG05mZ17epd6Ov+PhrTl5nY9x++ssPWl37jiEwv3/M8tpn3N/y5nPoyor6m1XNmxpSL17pQkO8suTo6rWk+0U6Q4G7367PRoydpSsb4rCBeDU5oizCfUeXbitXf3LdFxiwSYrePsKGJk9xv6BmcsXYQzpVS65Wh2+pqoDUL2/P59cc0jZme6NOTY3NvbJ5u/GHQPdMihzBqStSuUk6Vv6QpZ1xwy94eUko3pfuyu5JPnKmkErOxaVK5lgpkcrv15NCVC2Xxm1ubKhaXoWJS9w2jf6ewuR0rRkMNVWlJ4JWlkUyFtX07vuHj7//6Xd/+uPP//Zv958+UFEeEh/n8+HLc9F0NY95s2WDV+fIO9G+gdNUvLJ0GYCAX8KhTwPeA7/M7uGkuo6pZwk3eUedZLnmC2uR7VSBNM322EwO6ZWpeXoaooatvyKXzceikZX/Hx6/fDk+PT1/+bIYkN727v67n++3+532C9ruis+OHWJNANYC3S90XYTpgCHmidq+Mo7GNzi6neHbUUfV0vkfGCi566TJC/q/QbGy+pW7/fUNx8XM1x1rK+nGRnEhPj8+PX7+RdNN5rlwt83d7v7Td59++GF/dz9Y0VoGlCrBLxds54Vh94N/z/HPSTpZy4vVL3DH2V/amjwa3CxB685e3dEeaUpNkb04ODhfGhqX8vu7ThahhdCB6q0qC2GzkyLe73YPRhwtNohe0iH+qceV3nFbkLsarn92236lOsjaqcW36nLW7t/GqVeP4+r+XJ/wN6sp33DcfIu1r0O16gt6XZ97qZLjVOmyTJzw5MaFvWJxMZLwO3F4a16krxYakXZdY4drGlg59XAVd5mbZC42RJHCSIi6LApZb/0LqlgmN3EdVNejoWpCxWblq1e7JCbyKJQ4JskKMQL+lpgOaULdCnglRU6FOWSsJ2fyWUV2pITJgRLjCqjNnmFDvDJ+1st0e8tAJehBEersJolOAbGTYhYc3Lk2iSdf3shrzpf7KxSVWvJuX6XVSK52JrlDzoS0/WYVVr6Cvn6MlsTUGBq5Ju8EWd/+mupuo0H+X0c9xGPGVCNeWjs2DIeiGx2ePj58SONA/8qHRMVNj5Mhr5xOVSe7AX5GN1j0q8+mbz2YUfnxoiTyfZ3hewrDhxtrasNgty6qTSlhk1HUw33tIW0Y6ENAVZDSZeNmCW2Ko08h8u0qMFfVmI2PM98OhKDvV7uh3ACtXQ2N4iYSBidhGIu72uM+yu2GED4YR4gcvw27oemSwb2QMWyv7HIpF++DH1Hv5TOAhbICXbpQSdy7ZwwRdeXau1PRwislhY10Q9ux5RXDwSiWzGBByDQ09SHe/XK2wkrF1465xYZwgr4vOddT3tSKOHLtw6r3R/uHSQtWy+/6w7PvW2yEAXlSES+oDsoqCijMX6kuA12LMl3ly7N2TzWg+1HhCYYQasLCa6VIn5Kz1qMLOpc4AH4AsFt+K0VOxMpk5/Y2Rk/FB3yyLhW/HJ/ud9tt0VSmYT4vj89Pd7vd1vLzT2Z2jslxyK17jmVUEW+G8WQdZ2Zz6pe5Rhy60zVIGlCLR5ZghBvO+pynKWvDjJWiC55QqGczDiXys99sno/TZlk2g0KfnDJrnFnjLRDMVvQLh4I1IjTKR1bUgpkrzmbDoS8G4jxOi2aVKIr8tETjnMe/ft5/eJhKUEyjIUOZVkASAjZ1nMxu0rjTDBs7bB9eUX9oiBc8k+1GvSFwRXL0Ain6v67YM+IQGskopuzubnc63Be/gPas0X5SbAWyKS4w515y37pllEmvBV1uhS5CfKHT9owCP9OtETelp1PkoGx73rOmQWfAHpW5ONk22GiAIa2zwuk13Xw9eLwuAQIwL0YM3oDrLQPoypCqXkduPpxOY+3ABazDjjhaiFjUaNGMqwQQnkI9U6HvQ9k559OcZZu2yp1ZvQPWDiabN5XJSsKzhxsX6oJbzP2+Fel/a1ZRjNs1I+lYDiqiFpiigzb5wciR0ZiSJ7K3iR/ChdRIFOkEnNoTQ9DG/OvPQbeqDUTzTthQgZYUTr9KbAzwCvbG47lThq0IQeF858jsNECfQeGOO8tFXJ/xCnS2/mllN5YocTrnvfDTeNzzuE0bzwQMpBjjhjJjTspl44CslHj3FJ5Ioma0GxNJLLeoqG6Q2wbvNx0+mLfkUzURiUhe2Cd5hefc+/b9CCvL2+D4kzlKx7IhMZjw2JbJ2rD3XTDO+vl0Iuu9ov42kZHGUclJ+99JMHmx6nX2Na+D0q8GUlRMJUdWBWaZbQzZkwyIpLqLutcD/0vXO5bD5Sq0YhrcZZGuXpncOuZQ9S6WHbK57q04PzvVKsLOqN4zsQ+0Q0rV44ScIfj+Czu9VzPbazHQ41Cmb0+eTZrnUf/4j9PT6c/nP//y1//53/7w/fZ+QzShrDcrwoczU88BVqwgCkKV2DDVDm2yw9868sDWJBf6BnAYNK8UekphBwO7TSzG8kxVzlhPxRKx3MGirp3Ni3wowrywvUVD2wBaKO7Y4pd9err78OH+4f7DpsjT4rlOYxGohdL++uXL88k6k5n/QCxTlFsZwUX6tfoXwkAX5JHUqU6Wi8CWvHBYkJZqSa2aO0tVXrvKnl15YAaoDt5RwfbO1lqmvMF2s9VqTgMSsWrMaViKrTmqqma5Ekros0F8DLIg2drb+PpKI/cD7ndD2pizJ6Ba7jK6xNhLGWtS0rD+oJrVaHHvXHbKMHIZx2kqyst80sEVUcELMn+wzoUD6yJRnq0nk8HyzQTXvq0QMlw68ULUvPbV5qEVgYZANEViHLbDVDS9TRlCeWVTOYArHmaG6FtVCGWpWYyeWqFjO5d5XXbncyGBNG4MRU7R9DRH82wHCMciDaZ9lQemiWrrHoOq0cQHGxKxI/wY6FJ27DHL0YEClJDNjCQBg+sDTo0YRBGUsWTTvCyOe+GwPt4OJl7FKIXWTFQiY41X2xtoUe4acibt5+e66/wTm96UUlPLoxzM8ZT9aQMyLInQIMnz+GWhjrcMBDzdlPq8ethiqYg796BSHgx1b8j1JMP8WHLXr7zagHETzyixWVscXwQ2tzRok2DGC4Uuyd5nNYVDv3FXjhgVdcokuFMOXMAQTD6PuYEQGLkKY8FgW4A+dKKKRHFO7qA/FE5fDhgKTfsakmdIETlalbE3rKOla2doQxi2J5RkzNaCvDv3XBifA/xQzs733PJxcBRhogtZHUSACXa0Eus5IBwdQXrb8oaacSXWe/XPddeWT9ZOEEF05uLojLbOUr/+FpRg/Tv5K/Iw6pD8l3eeSS+dz5fmS/uEm3eBX71Jzw3Xd7uabeb3vOxrY26r8A6NEaKbrxzR3OU9v3/qmW8/s2kC60/8U3ptnHI1S9UeqSS3UsNQ9wrFO6qK2wDWPVncDNOfLTm+J232EA/XGlpHiPdx+b4irkb5a0ew2mbC4hfwQQEmk+HN0Tto950Hd6q81Of3MjrmsH2UArGjhnVopeReEAwuynSFrhQ3rkdyl93lxf3cxUhyf2E1RxN3p7l15VqaKwBxK2jJ6QbNtUXgqveF8rkmxhX71HOq8dtVaNchVg2YOvs1mZtt2Ez7jx8+/PD9v/+//m+ffvfz3cP9Zr97Ph5++eUvbABtyaopisDY399rM53BCdIyklN1d3Zzpe9u2RZQKExRNIENvZM6uWkXdgmJdY908cZ+IfoPr5lDnXwoPRYq89wPWi2lAeoZinADQcjy+KW89F9++fOfT8fDYlVkZfT7hw8P33338OnTdrfTd29PoWg3SWaXRG6NdzaMAXhVkJ0FaBPLNQG0SX068jirnuDbzi56fffK60VQr7OwVw5uXpT+KVDvdXxlgk7n8/Ekc/78l798+esvz58/L+fTuNt++P6H737+eXd/VyhE/VK55sRLvRWjaK3fXC8M/j3c5v8AAAD//9JRwjcAAAAGSURBVAMAnG20Am9cZ5EAAAAASUVORK5CYII="} | headers=HTTPHeaderDict({'Content-Length': '1637112', 'Content-Type': 'application/json; charset=utf-8', 'cache-control': 'no-cache'})
DEBUG    selenium.webdriver.remote.remote_connection:remote_connection.py:468 Finished Request
DEBUG    selenium.webdriver.remote.remote_connection:remote_connection.py:406 GET http://localhost:58403/session/8dba12f7f2101de3d0887b6e3334e6dd/screenshot {}
DEBUG    urllib3.connectionpool:connectionpool.py:544 http://localhost:58403 "GET /session/8dba12f7f2101de3d0887b6e3334e6dd/screenshot HTTP/1.1" 200 0
DEBUG    selenium.webdriver.remote.remote_connection:remote_connection.py:439 Remote response: status=200 | data={"value":"iVBORw0KGgoAAAANSUhEUgAAC3wAAAYgCAIAAAAfwTkbAAABLGlDQ1BfAAB4nJWQPUsDQRCGH0NA1DSiooXFlWnUJGI+UAsTNWiZKES7y+UIYhKPy4n2af0R1naCjQipbawEKxEbe0Gwje/dFReQFJlhdp59d9jdGYgtIYunoN3x3Eq5aNROTo3JTybkgZlW12G0qer3Lax9XWF8m2rYXUv5W+G5elxXNsTzzZCvfa6HfOPzled44luf3aNKSfwgTjaHuD7EluP69e/irXbr0or+TcLuHFeVa4plylzIm7SwWaPKOWeYohR7FMizrrwj31CkyUgpkNUuRYkiOa059qXkdZZmN2BV+PMMn+x9wHZ/MBg8RdphH+6zMP0YaclNmE3A80ukRTN2TNcMpLgiZhfhZ0Gt3MHcF8z0pC76xyN6Nf71anBAB4tVUUbdpMn+AQyUTdocuQPoAAAQAElEQVR4nOz9WbMlSZoYhvnnEXHibPfmWllZVd3V0zPT3TMYDAEMMAQpLKQILUbSZKYH6Un/gJLpRXrhb5EZaZLpUS96pEEmyYwAAQOJWTDsmd6rq6urcqnc7naWWNz5be7hESfOvedm3syqmmmvWyfPifDw8OXzb/fvy//N/+V/07RNNilu3b1z597d6XxqLBhrvWkBwHuPnwaLN/yP8WAcf+Jvjx/4f+s256uTk5MXL1/evnXr/v17NsuwEXkcH7HW4qdzTn7KJ9510qD3zvi2dT/6qx/duXvnd77/u3meyUvx3XgdX6R9OLjIK/gLxO/G29iBi9XqX/6Lf/Wzn33yn/7n/6tvf/vjLMvwIvYzfsaXehm5L1pjHeBYHc7L0y+/fPni5I/+/j+cLG83tvzRLz79r/+f/6//77/56Zkp22zqilkDk3x61PgCbG5tjjOBjeQ5ToqloVsqYPkd8S04D1w8TZShy3w3w8eyDCtbm3mddC38zfKI8AZ2m1eFigOuSPNsh1MHpneFmuEFGp3H5MduHReev/Hidy/BTid3ocL74YPejTQ1rNO6/gWrQ6N3eLDaUDobNNOeIdfQenGHPb2s2VTbjW+qqTfv+fyjrPw73/r4W3fvLefTqt5uqqppmiLPZ7M5ZKZt25OzsxcvX6y3Vet9nhfFpJyUJY503TR102LbuKz4srp2F9vm6cX58836lWlPfF1hr8O8mMx6BgYCDZtZAjnLkIOAUxjeirjmAbRwr/luWnxvlXWD4H+8f7FHRTkpJhNugaGz9dW22qzXBDRAOwW8DdAoawK0h3JbTMvZ0dH81tH8eFnM5p73orEZVTKZubRIh2N7V9S8tHguuzV9uKLXdZlH9suNFZ/+wzuUJwWGlbz0m+uAb9x2tT57+fL85cnm7KKta+ygJ8CQWi398LyyLSLypqoqqkDg6hQdSJNgZCIcITRLgDZb4Mp6Wi9CI4P9Fet67iU/6xnaZc6017I8SiJ4mn3rFVXYjHBWnk1ms8m0zKfFZD7N8UuZG8gzhE6DKDHDJ85evfzyk1+fPH45Wyx/8Md/96Pvfy+fTV89efwX//Jfvvjs8Xf+7t/+g//oH5licnx8y9fOZ7ghvGBUfm+v29QfBnJ8dY6tZwxvgsyvABV/CCa7BN7SOTFv0M61ijf+8g1yeEGEcXUlhgVgCkYUnKdaiiABvCJkCb80DI11XSkXwRUmXHDVXGsIU3hYnV588uO/+sm//RNkQpZ3795+773je3dmy8V0Pp9MCYUZZiEYUXWvDkhHwS/F/Ak6CusuoGktbpCL8/P1aoXXZ/M5wr9AiBlbkdEFHVm45HWhZAMia5j/2W42+IffEa8ibBKqTjZdx2ulRSp4D0m9jjziVvOmgMm/+5N/+/mvfnl09+63fue7yCyUJQ4s/+UP//Lnf/rn1ZevjqF4mE/uT8tlXh6V5XExmWXZFGeuqZrVGppmOZndu3VvPi1xzaq62qxW6/UF3i+xoRwniRgy3PqWOZYXF2dPTp4/efXy5ebiZbW5cA0SvNqYyrVtBrVvcY+aBoRV6ZgQbyK0SN9zHr/MH65CBh0dYZQja0p/TksrVxCvdAQ6ZfaIECP4IUGypc3KopjiPDNmx/7bMIV2Z5Jdwpem1NAF1Jcuomfq3700aUy7m7TGeBkh3TCOZm40ViOOjWGXUK9Nx8IVdRYyyJnJU54xY2SGw8mZYBHvZuRxPxhXpJ/d5PiWV8VLgzj7hKC5BlID2pW4H3lA1gSEzkyprJp8wfqZlc7w+lELHoRHRghB0i53aYcyi8CkBaQDOHm+FYIij1Bt77AOMhqzcjrB9cpyvIyskbBVCDVtW+PPusbPRmY9IP9kTxAuMbGTceBxPuUG3/PUONVwvK2UHHMXqUvIQWFFpBzz6RS7VBbIXeGEEL0uIJvNysVivlgs8AuNqdli15yrWtwB3HaRF3gXh2MDp41CTCDDwtW7rns7nG6Eqw750FVi2RIY8zz7iECo8EaLDGCKBtO2fcRlZlCgT/ejpJdWkbYgmW5zQ2UfXfa9XiEsIDXZbrdVtcEhz+dzoQIirwk80Ca/kqq2N0ErZZc4hjciKBdIU3BO5vNFOZ0bxdZATJrMrXCzvPkJUHn9uR+0mc5Xm88fPX789Mt11bZgGySJBlpvne94V9w5JOCxzAwiU4M9mk+PZovjGb61nOVFifiuRKJCPHlGMgECGmIPK4ICvUnl8Q7A2kC4B+OLUw8sRr7eWnvlQsMrWFhodEDKIPIP2bmm5Y61StNs5QCFoo0ztcc/eHW6/fz87KcvX36Gqgb8XSzybJFPZmWJRHxK2wCRGeJ+ByYwJCiMedrXflLYSYYSiUFu4gjyI8gW2eRoMjnOJ7hREetlFqsRfgw7sp1mtjAwRWxkqZeEpIKwDk63QoQk6ChLN3SeVeGFTFLX90VUCPB0SEnQHYMQ4rFBjXZkrZxPNj3hU94tST3LpIGWxPeQjKKalsfTuvbLZ1/i3707d+/fu4+stZA6axSDZgyTTApYwwGZ0Djjuk76HUlThrW7JweCvMx4INMGWcr1dot1kGyhHDEq311S3M4LVbhBplQQoE6bEfIgHLZIWTjnrfIhRIcN88wBNzr+n+kKKQNMLdWdbF4i1Ex4DV0LIlVkAlkwb2UXGN6qQsnwo24aRxTAK7mm/uCPjK9AVhSoI6LNhdxt63FznLf+WVV/sd18sV2/dPUWVQ0ZkW1G9VbkOEaXWeCjHU5p2xCvjjdxT9B+yjPpCfawm94+SyxqhMh+9z5pshw2iZQbL6EaIcd9WBCXR4PHjrqmZU2EzjZWx9dvNygzoCRrw9YIxIb4JK970GrPSSFmWd2RM88ijJAMiSoQiSRJkwgl13E1yiOohGlrZgha4RYYLbrwuhFQtMmQ5Qs9JcRcOxdZOOkbyBemTRmRASv/Z8I4KSOQ5UwgENU7IQ30xci6g9ddLhsEVIjxqXrCGZUatOfKHhNgOFDUQ1DFaBXlsW1TbXCKkcFvqw2+AXdxXpCEleygwIgy+TGqP3GMyXU2IOF5eSqCkKX4UW/32DPPvBx+0oS3qKpwxMsRc+dYU2F2ZlgXWqi84ZXkNSXAzTJdAqaFfQSrDXSvlo3Mu9CYRPkZgBY1tEZbY16VKBVDEMIb83AqIYKookDvRq2Rspn8uPwQoDJZwstZw5vXJxwf7fWWLuQmQyGrsPksn1juoOjphHYS70uaHVLueGH4LW6jvMiKCa4ezokntGXDRoloPMoUKiyraq4jwFnQiijj7EmDpACvI2FEnswmz4dH0QNpj3VuPinuLJZ3l8cTktJ5nVDEwM6AI3IQiJ1MkmpM9WWN96mklTDDAKoGN8I4ZbK1Ca8yCgYWBwmgs7z2blO3tJ+R2NMVovekpZfhWtKL0iLyu2RjOkP7EV9fgd/iH+IEFF3BNPgsdZSWX3vmBN+gxNJsNqtv//737rx/b3a8yArSWTnqByJcxCQt6TMZJFikp7nLiBHr7VABLR6mC3sFUp0bq1968K+yTEcoA5vBOIAAOqxmrOISwiKvFri3wZQTdzqRICB6RqT0YlWttsAomVlP2ma2ZQaydROTzWxha2erOkcRjxa2RaYIOXLbtFlLKKam5qg/DuUgC7PFDLW+KIFnZS4bwTMYSJfJOMQQgYQGebx1XV202/OqOmu36zJrSsTZBUInkkZiulSSzAOKsbLBGDcQ1NtgRrG6v5zOnm/lYlZYsaGIzUVkVtINolYjIyUlS1GZSK0mLI0LUyc8H68cBGsLDygAquAphGgiLnW9XV+sLi4QNLD9cjqdTKfzxXw2n5G0zTzwQESFgWEFwnvDdfnZLZwsk7UTVl6RaLwlSopv32w29RYJLqndWuIZcHkbwcm0DxA6i2yCOhGUsieokp+hrUGmhUbPdBJkgnUaWdHqVXLBz0gDlO1xCRM3FBPCvVQI7cmQwzJk+RJBGFJFfXJ3IOO7yCDJg7hsrQm6I2ZFmgYr1XWDWriK/rYEP2wmia8QyVpIjDzI+nIh5axutjZqFI2a8oReeAhd0iVzgqoCE2hYl8EciMCA4+til6FX81rgQlg2gJLirZxNUXk+KUhZTloywiH6uqynOeQGQd4SVZpk2JKucq9aVu7hXeLecXSt8j/KFNUNf8osUX/yyQTfTqQJ34yMQp7LVgTW1+G0IJjJ6KotshZoFdoITiTYE3IbZFiv1BcsQzWjWF3fLGMC5JJ9QcjF8wygQawkZSn2gReFJqfjgWHAdhIG4J7HHRrmoRUqhBMinARuMtyqtBANMqntxfnZ2cnp5uK85hGR/gcli5xeOlsu58sjZF+RkeQZ6IrzXheXZxKU3+ptcGWJhNwLDyCQwI9qHValKQqSYTL4BV7RaBupgCOj68Q61qcFziRCnewK+oaEqq69c8N95Dp9Tyf9BZ3ALrLq7VA3MJuObW4/wlFfWfzYU273dYc04pPvzEmM4pkRM7H34w1es3S8Yihx3Y3pNDymP59yMRIgr/r/ZL0FwF+3V9ctfr+IrfgwIE8xBBllRZxJwMsYheHsv/iP/z3SgzLUEjmaTKza6II2KtV+hn/EvUERGiE32nbr9QYRFxmqi8LHyQodSqmI9pJ/tk64BOrlZrudoqp3NlM5PNZ/3SJkPvmpexLbRw3ms2fPcTc+eP8BGlfE70QwV1JdZkrUiJ5bc0Ia1usV7lfU+J2dny3mS2zqR7/45WqNLBdJSJ4YoMzoethA+KGTpwLHn8xEB4KKYwLLJaKQVk4aMQZSEqsSqqwPdGMYzsmu08kBM+xHtNZ+8PutlpGBHPLqQ7ak3xVZO41YpFzDKkZRP6SVxcwCZFIlUlfVs4wktCnyD5MCwrsytYgTDVMiHVTJLK4AMz2oVnS2dahZIbUKu2uwQEWqWyeqLa+ssO8sZ0bpnAAPKFWDIJrDJYSgx+exFoypF0EwUURtKuMNIJZAG/ayNwY6SAqKSNkqGQ2WedmgoTFXaFkBUqeTq2peVXbx/uDZiJEObPAmiofd/ZQWXj6hmAQMjByQL0Tm2ShmBmV9ZbGDhG9UPaQqX5NwAqDqK5VVSeoSSSwAynhHete9CdxUejepAibSbxWzie8hv6UgjbNGOuN9wsxlTsylq5vTZy9QY4ptHd+7m89LVBEgo/Tq8ZdtVc1uHd15/z2Ww8Lr9M9FWEpX2bPHA7GteS71LxlgMlJzZbkEPOA6IHSDYHZTLQFcbfvwXWVIaXp6xSaqjeBvqpTcKPui2mFtzjOL7M36/LxarQSP4cKJdkAZadtb5VBsh3GSYvrTmyJAYPM2fkExCT/ReCldFeoPSc/NngUdWbgR9GIHRFYah2AoJZxP6gATr+zDUUPua6fgJkfZb3HrGIr8xZMnF2cXd+/dKydTfOXy6PjW7TsoRZ2cX2w2qGtGsQNRcYl/rE6kDYp6S2wEeaGWFBnA3jC5zBYui0iVivnVScIwMqflQ/1TpzUtKwAAEABJREFUy7ITa2vEQgNO7Jou4U5E42Zh6IjTY4dGlo8/B04dkSKPmwe6+kAGVxbg9E3WJk6+Y5O8e8uPvcIbP7LlYPg1aUywtXKTqY5QmLrRTil/0Y3ZREyvGDB8DWpvZ3YY5gFuhkAYjABocFvxzKGKbckyPo0rsTMWE5cxirhy05s4MXJN5hzUrBURdqd5irXUk4yJUaaav9h/iDPfeSwFfrg3YQpq6Y9RjlEV/z5VhymU6pzTW+Vd3EHL6kJqizWr7LDLmzlTPZ1RVbqI6K2oP5hhCjy+uMaFxRh6zIwWSDa+zjRflSUU30/Vv3hxOgEzgpn6P3cvjV/Z25n9VV637KXL3cUgrjLmbNsIMN0UiSXOji96r9yYhB4IHDu2ot4KJV9akyjlGe2z/GMg2k4hacAztwRkgiMvc6QKzrMXGWMx6NQRJipQdO8RN8hmXSA3LxUw+X4WtrYawSDw3T7YP7QEp6RLFrdH+MxrTFKqqujgOZGptAvBui/gTgN3REO8ysHMLqA2dOvaFarUnSEoQGMhiiFZYcSKgGYJPlUiRjQTPH98kIyt7GR+DPcmGvnIwQ0UQzEB9hEa+bViQVL0CAGT9Qaj33toR/GWNaGdSyYIzE5rV1aWiTM76jPTKXj613brpOvq4XLNYESriNzQnLKttuQgOJt6sToEVZB4AQSVgE6WD4QpvNon35KXwgETEKZSSHDDSlXFv8P5v6LsH21CEjqONWJtz1J2tLQwuESeWXeY0hVg2BeVru/4liCGxybEdcLa6LttgrAS3g/65riVFKXIDZroLJhMWm4Fpxut01tnztv2rKlXaOlgl0k1HyuwKs0PFNyzE4DjE1UgKvCOjAc7XJwKE6c6aIDizHcwKdZlciqgczuk62eWnl4fvXLSRXGNY2sH9gTkzIsJCgsj20mHQJuYp408b4GdTjLxnonmHwiyA6lS4qSREwzh2NqoD4SAUue131NRhksDLgi6DaHyLfSKDSABQXMn3EpwoADlpgXBsC80RLAxwTvZ6OEQ9eGAFGsncxY/pQ1dLnWC07sMSsyno0FyixbeLdrf8HrO1qdo1eihBO/7OKEzpw20Cp3qQIevXK4xA6bRKDPLHieeJT4Za+dxkv7PawjqFE2coVGYtAEZy4u8GUceu5OUsNxxXrTncRdk4tzNi2SFAAj10d0bNoXcVf0ab8RA9CF5F0Q2VwmCVeZNhkielcg+ABqC84l6kIg7AU8TeWezWxb52ouZimYeYX2Ss4c4n9fBFjNPTYEXjxDFSgCxcwmfDr35jV0WgY375nwKVMnUgHjY0TMuJ28vV1q7LMsjPrpBlJhdcZFIkLeAAIn3JtEWQQAt4ZS97/qiOCh8TVAhmGgICLp4JnuASsna+zV5nDR01IBeD+pdBYaP4VnxnXEyN6iS9VjBojRbGai82YDfWtPgH+pgLbmdEjsB4tJBWlni2glcm2ySvffxBw8+eri8cwS5Jd95IEYUjbQixRPCVASk+zzL0m0R4JlBwtpgpxbpiD8CuhjuxD5QK3SRYjDZnt53ZtcoIplEcIr/CkQ6dugXpYt4nDTbmhzjxXvJQeZM1uKfLzygrZUcm5zPGpexK7RlpTTg/FSNqRu04beklGROICMFwnQ+nS5mk9mUHEciwhRfE/bjIcdHsLgW29ad1tWLav2y3p5bV5VFPS9cmfkc+bpM3PbSHarESERFOYibKaoHNsnL/BNBxP8Lwm8ZOWeR0Ro/ySeIlO5kQKeLtOUyuRJcAXnigt+d4gnyd9LXp7Mt3QAGlc1qffry5PTVq/XqAuc1Z3eTW3fu3L57Z3m0nE5LmyyZ79hMs4O9wHX4sCOpELlO1Vax4aBtt5sNmsvp7+Tk/PQU/zarFSltyKmLXF3Zb6EsZ5NyPp0tp4ujxeL4aHl8tFguZgu8NFN9TyYHQ1jKZsU/g1HkSsD75NQBS/bcGemXIp6UsYJRc0n/24El3Q4AsPsFEt5D4JrkKEKcBlVeWzTUnZ+fnZycvnx5fnLKE3VGvgWelH7kR8D2SvrCX+WkYkDzVqqwXkJ8k+SkR84zlkWHEwgyaOwPqaBJomvEFalhf47NGvfbBhEHe80ZYQWwGcSgk2k5o0VZTHFd5vPFcrk8Pl4c4UotcQW5e+TSprJe6loTxi4SAQSeRK7EiZOqspPo/Nt6c3F6evbq5OzVK5wQhFucKOwhInDyNZnPUXm4INCdEqkh6iSsAujhVh4LTiyNaL1eX1yszs7r7Ravu0acib0ax9LFC51LJUwb9rVQWNqVk0mBFK4ssRvlbFaK4wvvU97pPF4z3DoD2IDALxoGZKEEno6s0pGOeltdnJzR2F+dvHr+DL9sLnDnkqmF/LFw8u/cXt66g59Ht28jNsuKXDyBxCdYDkGJg464g0uf/I6nVDr/nd09gAqDX84YCfFUIU7A5AccDnWx3tSm+CKWsMHCdChdZcCPrjD8Pf5Mlds98avf8l4CdGV53ed2i79BXwrfkzVHGvbDIctMRgFB/15rWnYJesqMDbrllUHsOaNAykDpzTCKG5ylS8u+UTAVFjYmONOHiupxEjrdfQKduS08H9hCWrVar8kxczkVpaxhauvGzkL5sAaynrgnS/IWmZ6f07kvJGlWDj3v+J0EbNgjUOIFcnzrFppGVher41vHPXfCG5s5QQ06QQ8/eP/hw/cePX7y9OnTKZUZ8EmE1OMrOfPlWNpxoktYTKcP7t/74tGj49v3Fstb2XTx7//R3/kf/uLnr/7sx5vGtESoJsiOoWRHh82IeNsObozSdpwgS6coO2rdUayuC07EIzEWh1rmqyjxrXFRrDHvCOi/NiUChLCGAqISGUUY7CyblKjSdG61QZbaN8/rTXaGAFB/9N77y8WCzt8Rya7pLGxuZyXyGAvyaFuhNrVFagbsjMm8dN7mvPykt3Emz47npc9sszF0YLnxK1PXYFq1tKU6Az45BOSZ0hqCsUxkGj4EKWotr3uBxzDYkglRB1Y1IvNEFhaWrQyfzSpRojC+2tbkLg+dUlu9avmYVtvQuaJsm+ebArFKnk3oCA6EbfWuAGewofaWiNBG4w28y9LNv0o4iE0QSnAhUERsqk3LIUwURdNa8plWlqtJhUWr3Pod9XMCHrI+uDo1LmvBkBE0IUl9VVk4nRBaaDjQ2VSZK88xChAEERWWFcvbgMYZBG8UWw2LbYbOS5Du+NaD+68ePX/1+MWzzx/d+9YXpM+YTd/76FtP3/v85OmTLz/79Ye//TEZGoppKtF0Osm+ECJslkUlpgTpeSfFJw7CXzEIveVy4J4SNCY1yX2ev9HZGk8OH9YWLBgAqife+/AhnYPMs2e//vXpl196Cn6gB7Esh0Ew4r35utNLTsSdyAMoiqOuDLHTycuXKHjLOdF4PuDtlYyDkODrGnazR7ElyKw9Z5eriyrwgpakyI4Xt/OSzq88/uWvfvJnP/ze7/3g6GiJip/84Ueth3w6e/LDn1bn21VD6iNUHN2elpBnpPS1HnWYeHWFtryzE5TPbi+PM5iRbEVGDFejjn5Lc14iqrAsubUOpcDj+dxnbPGwcLpB9V3N4YfklKZpTNymQcTx4IdstpdISnFdIOoolW31EJk2ZnH5VNkVxfEZu9aTi0BDOlA0TWQxLFJkwuIUpv3ZacyHQHfmkqXwyXdIWGyIPlgs7bPrFZ3TatVmGN0KLwNpjg1C5Nx2bvp8gDwYkbzSXuNTFs0PecVORyGSlNGz1LJD+UxUS5jZ+OiMYhKONHiPuaD1NUL6han3rOnlcDbAcRq4A0yX+PS7MYmSTc7G+lTMCh6uqK7I4zYUgPAc4Y+3Z3KMjw0Gfnhuw4ztINjxJLNySkY7Je0Awxq5MJKyzhLLXtV67tP4ckKKAFSDUqQtU9XuYi3RwaZlTopMPsJLffU5u2qhym8LUyCdZqbHmlkJKNAhIsahSEwASUxDrRzLDtRdNYK9RYYkCFAK429Kj75aeiZDZKVfjqIq6vJyRtoRU7zT/oFPsQgKv/PlvCGjKXH2rErKvIYEM9K9wF5DAAMT7DLkuTeflbeOj+mMYrv2FPNDGbsgAfsgYNB/LvhaooX2fLuh2EKyxywxVRQGCs1DhGtINYnVM7WIiVe6SgopPoOdUGnOJ7E3dhHlgZOUPhfHb8TKFYYGShhSzMk+NqSlt7xVcLeiFL0osmWZ3VvMn6GGE7nglg7eeleAr60rMq/aciMeYKCeEBzXQbzjMzIftb6y+GcmaJX3buvcxHoxMnEICMtWJyMe/WE3WXYMUsHFqA5or7pHV1owV6JbTUNzvXnpKROuKDaJONajEdpUXyc0II7QXYfZlGTVF69erFaro+NjoxSekFIulsIoh3YL0aew3Re/M5x+l8amF1R96JgtDIeGrQO1grxtxrunqAlXRopV11tx0CTNEdqNWTeguuFB/UieiMgylyAGZiWVckazE7F1MwUzUF9u4ylHFFCgJcNa1UbrjPJEJVDpO6uw6cblg66AQvwYiC+8dG4vkwVAG4zK7rj6iWo1RrNzKZQYCYPU8SFCCWW52WKjHndyBeSYdqwJUb3LwRWc+ISqVC18pY/x7AajiNyC2eHMIX6YToPc35LdtYS5lU/QVROUkwCS4jAXLBiDF3bfB3tH/nXdrIX4beq7wkKXayuH5IU8I1tylcxsXBTfW1zfqdqTV0R95D56G0arM9YHFdHaO4l+w9p89qnQ4MGpWABpg2JrER8jsSebxNrGeEAhfHdaRguohNEhRLF5qV5fXZmteGSLE0EwETMHrz4hCfqV7SHOjglakwr9TZEcpnXsJ5kVHEKPxBOOdJIFnRzVJGYYheYQjCfE9iEPlRJtgNkk4xY5Vqhihx5KCpBmlJfoYFTXDoQJl9UUEBdaZ0znKaLIHIJbBMVLIBcylKpMmefzyWSO1nvUVMoOkiin0UUp0EszRnf2lRH0yK0IrhJpiD1I/LYhj5OaBA3bkj8DSp10JAsZcoohxA9y3CkQ166WnE4AK+AfquZrTwFOcLgt2BY0nJX6q5LWlOSC1tU47/c+fP+j3/6OycWbRg7lS/QCPo8Ham6xwTgotmTT0cKABBSqZFW8eOBBjBWk0ATGXKFaCVEEfIiBYQYxz7zvxSIyYXnVKkkHXijOEP6DtudqhQpln5uM58JQqL0WdQQmd1Cg6sByGO2mpggoFJWHDEKmZqUex9cQx2dHoURIEprPZmg7R6BAtXUTXBjEbwg12xlNNS6BpfB14M/q7Xlbn7XVBldpWmSziSmC9KnQakx6CCKCslITz9PYQbcI1IozwMcQAqKJyiQqViZhTvCP3CDDErSdaK2U1ht1S7OBTnk+f5DLT/I6atvNCg3u5/UGNfGkVsKBl9NyNp+yPx+wIKCUV81lvIBxaXxPaA/rFX+HjRhJJ6tkXF1vUXlVbbf4t91s2Pgt3rDMdTByYfM5mu/LnONkkEUb+1aSOZ9HLeiPI5cAABAASURBVMXLkW/tTJQDVEQA/VPwMb1N7HVmIARQDNYyPm/kE5vINYUHSBMsRBjuF1kC8TdS3KseJzQL4g2wOl9XW5olgXYf4jbx1HCsKIISAZfUuS4IXTKZejxSI09Aoq/zykdEZka0zi27m9TkcVLzOQIJ++F18ykAZ907yVhYlsWUgtxT9Br2hAI14ibnACH2qjtlMjpR3YKGHoYI962EQt+u1wg2CELSoOwSDp9VcAeoIChbDRNOrbXsttrU8kf+FhW3gMPEJti5phZnX5P0YRePOQ4ZGS9biqHo6aAE71N2uSj48BGAAnEOKXsKYVx9gIk1RKco8h8LXRqjleIi1HQ05Hy9wk/cNrhvq/WGo+cS8iyQBk/JEws3SU5uapOsKATViCAvgWnCOjp2p5aQZiaSyhSAO0CNfIHtQm4LshIfJiOa4ayz3odRRQpuhpO5syUkMpPE7/Phuzwi32PN2A4kqs3LKc43vcD+n3HcPamzc/gwPfXujXQmCTjXe503CeZJOmDMQIruU4xOfjTvtqTuzHpFOEvvTKpzcC5oW1V4yP7P/+zvsa6s4SBSRIsnxADb7nyiTxo0kfoEBkk2Eb+YXC+JDlbzObKjExfomYnLCdGxWkQs4t8ijfGs+8Yr09k0ZybGiIBorq1KSOoHkS+hKezPbhDDYw8fP3qy2qwevPdgebREnAI8Rzaq4YJ3NXDgXmHYifcEmM/mjx8/xal7+MFHhDdt3kL2k5/+HCcAlc0UJJmCf+aoAQjiShYNaRAk0KHPcuwxhYZTo4usAzPB8pA6lsZGwjgDi8At9fQIg8np7x4AYw6YXqG70Ilb8QXm3ZSRgRwCFYfg0iHCTfikjpp0iyPvTmbOR/kMgt864w0ULk1brWdFPqVDdTBhZ0YJeCVbjGmqYZLNZ9+ZrxWnSqR4hbUS6443iyMaXOROPRgpMFgrnB2/3kcFFLH6Yp5hq6LNwmFjnrLMmoEzNYQn4/oyN2qiABR0EPHsJAvkGliY6Zn4Y3bSrVGmVGUD2jcUzDAD1ThLVGZv9vx500Umv3yRD8QMKWYcfTzMT4Ln3ioSDxZYC31+F9L96FWICllFOAJe7Vo+HpTu24iayC+EhGFD695H2MmgJLOX0AZ2p7UR0CPDGooe1w68uE8iHnUYIH3K+wSQOHAeiAOiZWjPOMyJOEgG/3pDXucF/qg3W9wK6/V6eryclLPZ/AjNOc+++PzlF4+mi+W99x+YKC/puQQvkU7SdbQhFQvuMuBgJwBDvnB8TQ5Y8EOgAg4AoRuErptqCQ6IdGL6EDK4YpJxpUfo1GDsnJ6k0mhMHFnBkmt5UdJRg/nR4vzs/OTxY44UyNFAObmLRr9MhmkTviI1YOzOfIf3whXHUEGJpbxfnZ8jkDCzke0OcLdZM7pwI7jF7hBZ6M1MEGLwTjhDsEetzztqSLAjMPMmQ10HyoDIuT148BCR8bMvHj1//PRotri1OCY5ktLMTPGBi/PNalMhr1JtKiQ+8/liMi34iJvPswJ1UZvtBruE0iaal3KyWZAchHrPqq7JF8FqYF85nQ/UcxKd2dRakSsFZ7YiS2frTJf1T2mRMYluNKho5YbIRlYRRjfFghPDiXUqMfhTj65HLjymF5EUMEb1qD1ZzuyqT5I10sZjwzHan/550RL1Hw439QdAz5UkgG44gG98UKlBZCl6evcIK/y4hGLsMR/cBRtC7YcILh1P7/s+FqDsQefcE5XsoVGJoSueXR7UMjyUZHwQhnzobxfK2/B2htS12kGnt9LAItI/SJp1wTBvNZyBsjDCY5jYQdVTgO8djwYFEUh1lP2QigktM6kkF/CPICNmUEQbH2Ly6LFUr+fpSTDKTCArPiixEMw4+GsOMkrnVUfZiheOJdWm+BtBhO7Qg5DFqAdLSW/jxOvxbZ0PH3knr8F/ZQaihrI7CtzNvzHd3O68cufKSK/MWyp76XKKck2AtahAMxJET+IpJLEE4IquHiIOHFBk0iVTABE4ymjA3g3sJGVDQHno0hLJ8qvfVFQXGCPOW2josviF4mSHYDomYEs92mY0d4nTzSQHt2Q6iIzKcT1OI8Oih9jDXLD8KHR4QURxv0A6/wEDQ8CwNiV85tpFT0uEBjsQlrtqAYcI1REWBRWx75phs5uzDiWmYrpcIClCKrZao90jR1OHsXygleOXSK87ei/OLOqDAnreGfjENh9NpqdyawIa9OAEFYkCm0/aUlR3ngQfT6lb3elGk2L4CJi+T5a4HuxqT3xvhtJ/rpzOqEjhmdwNOLzH96qHBKK0Ch1qDeqh5M92bRqlubQibrVaIYSXyFFoCrX4AqL+XQxLAN9ZeK8eGVw5B2BSqtqKEM3nAfu44uq53N8hMVlBVykwIsaoZ2RCW5VKmTiTCiIdJQrd9pwZ0KlmwOg2gKAH4/3bBUERnRcEimk1X4+HuB8DrVeClWmaQoFJDi2SN8jvufakrS9c01h1NRGbelSBJ2KeHn8P4dnzcHRf9qTdgds4lQFyEjtNnD2vkU44GhPRUGtsMIQ4H5LdaYgFVmfUFHCl7UJfgLCKsZeR0GvsMTH4ZlEnFpLeUEoOwoSgCQANa95bjeYSvB/EASXxejGKLZQ8B8G3oykD8qLcl9AnG904bHiOdDlgQqR0Js22i29ApkF5TXDA5VBqaqNQ62lEmeG9WeLHFYlIzL8g1Kbh6y6kxXENZVugpMgoXFMsCisxaCHMcs9GAkE5G5a8iwnSDTyijxDYVC3oVshiYDVVlyOcvsTsYA9qo3mEUgIB3aQrkuZGiIfSSDY218gxfNxZTjdFVgc66t/HAAFrBJgKxUpv47Jk4jUgSgmGmUzDVjCGiYBk+Gw6dBKoEYdjk1r6w4Fs7lbcF2ocBbblT1gbknP2Dz5DDazW8WjGp21g2obXwKsnByoDsxJNcjafWKJ37MvmA7R1WiRVKCV7W68bSOkvw0rI5QQmrFCjwppy9QHuONayVVcv+kOwXkzKo+l0Ru7YhI45OhH/2fTseuIWHBYhWayI9ExEByroAYSoNrq1cY5broJKUkRoW9eu66aio+sWARrRXWVYf0pRJibsZcJJhyzFO3HklUJJY9DKWlnY4ifOswVyVeE/L+wVwxSHKrdIXrabVbmc3v3gvYcff4SytKH0fWLMayV3CeuxNFqwRi6xPgzNB3hOxZNYTd0iohorQIeJ27DDpSneM4oTjYavT1mPfolquihQ0tHilmzhlEWtqjaIELYo25uGHYnwr/aAf43LGj/xUAIdQYDa5bWZ2pwSseDoN7WvG4uwSYeIfENhtLxDIJ4WU7SILJdHt4/KxRwHWrGahREEwwZ1kBMbWbsy7bl3p759icrxDKqJ9fOJmRWoH5fkrDEmlMi2MQusxrcK+g8NbpWBVceAkMxVglBkGqciI68o9jHIM45qUQTbthj3E/432TfdlfAloHqCAZzAi7Ozs5OT1cVF27TY2mJ5RHFElhwcopTIELL6sgW8pjwTHrWjrWGVjLIKPixumtiipUR1pPvdIPt1cXFGQRpOz09f4U9JCMIk0YorBfkLTEtcDuzP8hYqgeaoWMPv88W8nJVoTAcbOBrdiaLbUSgL/RGMbzWQiRKA4EfSBQCDKIBG5CfMoE/VVmPfBiVOO/Soba9+SqcClqAThhURtw1q83BRVmfn56enp69O1uer7WqDk4ZIAtWIlKemxKUhn6CCssuX4r9XBD8PyrMT4Ia1j7kExtHETBCO84fgxCJ/S+EkR5vtar25WK0v0KK4kpAzTSUuL5raFxvjpaEAHhTMA/EnLsvx0fI2BTWZzWeUJHUiEXiEqRN3h0joUwlDJsd3U0Mpvxitiz8Em1/FHWS72UiXNBbOhpIYGnE3yUnFij3hqAEzmhfOaEPpStlXg+LDUdYomuENDpAyb1/gMCkySsUuNQ2dooqGjBCViJnVoAHzHRsQaYDYRXmOKR4PxXeZzhcItwSlU14XOuoDPkjCETyEqsa9apXKirwFIY+z5GIzyP+iWQE7rHFuTl6dvnp19vLldn1BM2ahnM+O792hrO53bs2Pj8r5nGKNsLOL6uskNDWnuCMepnUxTw0kxExZnaST0KUEFZ7eaPCSnMIv0UJTFBnWH02KjEKe5AJ6JjpCJfsldY2KxACYA+NAJpK0UGiTOj/5pEAYTwpHkFDnQUlZ+sE23FsOq/X2ih9TofdEy1EJeUd42WWf4HWHtvtwROyR0RLoGFyEANV0xfXYS9Of6Tfq32sVQYbpfoydF1znNH2NZ7dtySfYQV5ellPkQ6ytEVS3WwqVNJlO5qhgzWzkb8aLD4iAPjNk9JbLJaK4Fy9enp+fc0ixEKesdyJNu6j7MAFrrD+bzSTSu14UquxfZ0IBIOK3lCeLs4PMxwcfPLx3/86Tp8+fPfvyvQf3RTzorZ/X5XUgYGFCFh5q/L337n358tXz58/vPvhguZz9x//4P/jzH/7k//ev/vumrcAWzM83FKDOa6RMrxr2TirzvmPGI2zLD9OpJJQLERwGb/089m/K9UoEMIjxMw2HasyzBprTbf3l6vQoz25N56vN5tbyWBIxcvoPcuyeMAdUFOu6thQXDnmUvCWWB9kppsyOMzKLmQENsMuyrJitaJxvXI1PSFyT0BdjgubY8ZE9Mr3bqAdhEo1CK2l2HDupywNU0m3SwSc7qmN3RQ2G1BGCkoUS3QHURlTcfWUq7z6Ow1aZDWdqz6D0UCBaoFzR3h+girzZctAr/VdPOKWAnhpnoGqp5zjz0/l0M59JZDerTmky1VZOaeNX5Gc4mZ+DoCT1mtLVRHnCq+hK0YbzpqUjspkES4Rdsg39gFODn2M9F9ylaJblD0PpujeUfdzSEbyGfaeEI5P42ORRvrh7e/rsZfX8+cWrVydPvzy+c38yXczu3Lr3rY8+/9GPf/3jn7730Ye3vvUBn13JBl1IMaoR4CyKinNVkqdWkZvflBstg92UwoxP6si6oASOEg1SdlwOr2cjSDQilwWLeIwzzhf53ffuf+cH38ffL588fv7FIwq9UFjxNzcGJcPM2Bi6PGEQD+C3FDYSUQFffXTrFn6evHyJYjx+T4cGO0qHNyw+JfGBznuJ01hVeSHxhuz4kztTHbkj+YJwLo8jGnjwwfsosP74T/78lz//pK2a9x4+XM6P3F1jfgtnunjy80+fvzpFa1txcUEZ0m4vjsuc8psal6OihNwf25OTk9zA0XyR2TnKPy0d021RstzU9HbLwR8ntHc5nQHSmAXK2xVRLkQnrFxqGWORE0PwEfBOj8H0ODElW4p2HJttRYLziRUqkht+urV81CqdICMsYvw0yjgS+9W2GVEe9rEjKVrRnzCt3vsh2ZIP8CnrCP3UkPuWI3YnvKRXREfDSBt8WL/YuE8lwDjqBBt7Cbcuce/o8AW5XzjO65sCA0AXhMHvHoLpVQjaZ8HT7BfYmFa7ansGQ+g06N0YjdGPmPwbAAAQAElEQVQIftwtzWqeKpcdG9mF2gCHAJdJMElPgrwlNiFi+1UXa6PuQlwuyRLGE4WYvJHgtKH3EP+TS4NRp3OoShADgW6qc+6unYJnmSYVwRqVtKJSmbAe07CBbLPdsiM5xYGekZqmlEVC9MVu6aibRVVgRcfdTK4zA7twcUjpmBKdmi72Jx3e9BwGRoP2q6ufAkDSgjxvrjbuXtaNtLxLPkl3tR5+Yv5ZRXcnx8UjML/VUAdpYajmyASG9wsy8UiwmMRtsA+oRho+MGSbVJNIvn3eTMtyuVycb+ptc076emMDbpJ9KClgjEaQULcvOtePBsY1UpBszRH387ZwDe4hDmDUOh9yLyVeJmkXoIcDwyyPA+lrs8ayB0WB6v2wSRsjGTAX69nWx17zJqeTtxQp1HMsjYk1JcCtcnprUp5P/cuaY0Y2dZbVaHrCnYB2OWfBJowuv10igXs2MuPkQJOjecXXzm1ds21VoWy1L3LKPcP/WgrC5zgHeCRd8SyHRKwZzkof/Hx6L2gj36gkbM9ryk8qHe5SrEsLCYC8RKiPns/niPrOz87u3L1LZKL1+7sKN4wkAhPlWV2OnIh5rVm4cvIAYABDJlnKsMTe+z4/o5I/+M5Lh23AQbASz/tocIojShshlti5QQ8z0qWDxDqKtBt2AEo5S8rrzAl8M85QSTxCG58KrIZRoje+QH64270PSoWDi1cNpIK+zpne6ZrtVxfrhfcuulboXEVHOYDgJRathdDbXOrIFgKfhFE37NEiica9SscjkBCxH1ksMtidmMDmqC+MSXZ9n0tiz4kwBAhhb1Rl6rsAdc4bTfajHvm+x58Zhqde2Ii9M86fjpcpRj6QkAx1hZSplkgQjtMSQRQgErOWLgS/zCcsok9fsFtAjhLtYEJ9UM7dsiZaExCazuMHes3wB28RE2w54Xs4g9TVhoT39v0O7p2nwBCGxsIr1FgdeMPwqbOQcr5wGNLpY4auW0DeNLQ3MwYvsqGzExTy3g5EZUwxTtpgF+JAf1BwIh6SgREqHQS2H8I0JdBiegoaGaENQ007JlTAydYOsdCD67kYEbXr6hsl+VU5zi5OFdnI+GAo50yRR8P0GrXVCQXQK8FDIvbBd9ggrmMKcopIOXSiIlsK4ZsDinUVBe1pa47whu9v6JQVCQk4sy64jdGu4RhwlFjHUzoecjpB0o9WfFSrWs8JgdQdT2GDX0Iegr4pl+Wdh/cffvuj+fFi29aGo3zirNRVwzlnOXIGJ3nhZYJoBtWJY1iRnEqggdvAiAtC30qfgFYCOX2OISEZYe3ErhocTzsR1UCo1k0pjappJc0HRVndbhs2xluyJ/CZs5Zz3rDQk+PiejthVwREYeTOy1H83HYL7HHCobfJouvwDqqqy2K2QLU0mq3LbFKgtbNq60hC1HRNi9g0WbZp2zNoz5H7yqCeZU6O+GfMHAqTa+OIowgIPZmus73yt0xHbDWmpDg4ghxy48MCELKi0CczdCIFSg874Sh8RMqeUmcC0Zo1iquLNWs8yLcPx7w4OsahExcvDuh8tJKD9xtOc6Po0QSfs/5ydeub7g4vcRWYIuCLtpttva0lugk5MTjDNjJHaSULzREjLvik7SSLwhRNCrQeuCK5xKswideLCTPLkah1A0Qq1oX3D6DlAuTJjDnj+7NmOsbMjIH04SVidUhUcHFm0kJ58qo1he7gcC8XZ2eUfb5VVoe2J6q0phP2Ss0oCE0xkYQ4EdvQIXDbpdaLqxKogBbxcKS7fKDThyLOJg3b+DkM+Yp+NE1Ev3zSvFA/FfGPRuU3rwtHtsokQ1Mu3gYcUcMo6TQpnkwnsXchLogyWazQSIoJECuxSVpO4yo+gRRbhYJ55OnWoPOZYaQSZIvCMSPIsScDJQqiaJzkfuE1oEAnmEOcJjPCVukxfmGErAxbNqMlxwtanDghsiU5RgkxDCYGGOtNQoIPlUjoxHDuYU0fRu62m/Wm4qxG29UKf7LqhKS6Yk7eP5MpxW+ccJgDYeooYlbt5DxUWOjWtwn1MpHo9vESByNWTyQOPcWYX49cAp8wV6+lMOHQY3W6QfWbFYbTxPEpbISIJppJR5irEOkkZeoS0mB6QB7GsisPRW8I8/aLf923jD7YF219GMn+p3YYkh6wXc1RXrufQdJJEI83fb7IK0+ttHvk5Spe76Dct1QGrGO8Av0tYEy6SyKbbZJ5pC/Z//U//YdytqphnS9xk+J4Ja7rfRQsTITST56rxPmKZEXcSZsNms/r2Wwec82mvdQueOMCoTK+Uw3L0RkKMlWWfPh4FwquPV3GDDk80VriFyTK6836iy+eFJP8wYP3cOCG1ejdJAX9tLiNMFbSiJSEk/Ls7Hy12dTHt28X5SwnqmY/e/T4xdlFTazahBg2PtEPIoIGcQaEK00lmR6LZdJoSOIPGKWx7nBFYMdiT01kn99CpJOk8fBr8OXgAv1y+FNXXhkph2zJ4b7tcaL9l0D/33QvqU4hziankkMJrbVNm7eUA3VGziV0IJFkGk6fTGf42Feb0/8RbTekMMomwAcgOGiDkBE5Qes4gSgrkkhwp+zmIcONSQAgYATBXjac0vDiaM9qnZ7eZMSg4DT2loyKeRqNSyT7Wihn0N3oYXUbWfmoC4Do5KaenvFs0CVQp/DdA/BLal5dLkHNEXuayCXDCNK44SKaJLNn7wFE4VIwJCccodkl0ZHd8mxQG+kjTiPTEMhQpBNlO/jsdcDioXUTlFsMO2IEBVEgwBjfw8XrR9wZHYqJ38EkGsBOtUi5IKy4FdPZ0pwxWq5qDQZNgksUDJB7unj5ijvnl7fuTOZzrDbJi+effbY6Pbn14MGdhw+MDZ7NrIYFY1McFHtFqSJC3vdcYvRdtaCHLPghUDFC9V6rnQPLTbV0aKQT/hzoj4bDSX7H/ZWJWKVPOUU+QtVIR0BWBApuc3zr9NWr85evthcX5KLEnHqWhxzttuN1ArYF2NmwQzCOHve8TVQQ1cMuOcnym418H/T5kpZ7gx1ehF17S9olEBcTT0KdJNwE0512PaTI7Mvkc/402sEoKiJ2Rg1IOZ09e/L46ReP8W1Hy6P5dFYUpZzYQxns7OwU0QXqn7AHCzSYFzmwtwcSp4wqrFClgmLgbFrKySGRoxoOUkon81hiUs6N8slZOoKDSInlHvyNhoOqaVUxBlGAMek+VZ17p4dXWwIIwerQVTq3PuDF/gHHMLs+4a80oq8c4GEdbZEXgjEjy2o65jYiMDnEA2YvGgyjSBoxqimAjgAHpi48QDc15iDvgTADJvZhCHJ+RNxJ02AoFEGM12ziMKBfZxd6rRx8BIj4HIJQkcUTK5G/DC24rrd65FpGbGN0KxNmQAwsgXgxiMZzMCaZbtWwQNL5DLrjRFZz8kIyyk4vE6ZWwKzrZzgpZ8yA+Y9z27sapHmZGBNObskt0RqrvtxJE0heRcHiRafNkNupM40qmfTEuqA+5pTkdQmY+AOZZ6vW+vAsdBFiTNApB1VMuuA7KGhcGthFaDsXlGFL4Ps1+P7RAvvocmAgTXd4QIAo+Cc5zb1tTQSVMVQ81urNlBANKDA8iP4aVMpR0jQUDQvDvI1UHGzKXiPKwJBBp0KkTNHsWt+9gX1Ggq6r060pgIpTL+mbKOgOB0YGAUG+Ly8LwOGTw+0JlIzARFctvfQaS97bZrzVkzwQ0aTXfzljDj0fqkiDNmHtSPXXeLvaopiUnW2qBi0ZfDcoLK0fiME6Up5FcnMm/MMm+YwFaTrAzecZJfipnG3nL9gUhV5wVCGzqSLCQtxxAZX0xitoM7IQ6cJ3M5FuJHPoxA7AZkTf5PvN7jwOYxhnvL7vMfusBmbbA+6+i9WFM+74+FYgVUYsb0K7w6vs4ZFOYBcL7cpr3P2OPiohMOJuZ/qs4OXF7+0SdExKXCWjKye0W6LYQ7gyjH/uw6QFpSJQeJgQGcvEw9sQCW66yyD6Eysy60YU/BFMN0xQ+BZJ3CQ+lLjKtbHnvn3V1ueuriNpMJ01HXqRToBCjLDKmpdOIgF11j+ZCoAdviidpWSCo0HUCaIWe0uMD+HFz8J1ulc6kNrG47lyXj1q+MNcxNBW5KMe2JQs+JdAxCVy/l3+BH2Qi3tbC9UQWmlM367TUbUEMQYZOxaZMh84BACINFciQYRuSHw9G47eg0Y46LgkHnQ4/ScBy3zHMQSyCOr3YDo0nHYnksjeHx1ykwC4NDpOnEiWpy0aoPCCnP8PPhbikNdH84FBlZhO3SyN7SxIIptCly5EyWIAW8Pr7TjuTavBNdjrxqbYUwKNhEAQsowM3KIpsIFzt6bn9xEVDummTvyQfAJD0Fl3NEwChwEO0JKECwlrH5i37lnWcyVxMXUp+lKw2ATijMpkelC7sKF8OsHeL3ILzU4dPU4CcRFYKYCO5NP5CzouFvIMaRYXSIl1HBwYiB40tgurkFAuXhaJNR6iKjgIYnImimZtgQNMyFF/mlmHAt4ky46ms/mkpOyl5CfgO6rnfRTvutnw4VYit3YKok7WSXqo/1hRVTpRWJG/iKlciyzAluKBG9SLtexVx2kqUG+aNxpNjtgdTweqrLMU2qTy+AmUkdySQsozvfch5jDz+oZzHKGoW81vH338/d85untrfrxsxcEUjEQRdiqtZ3kWNBIEJDYgbYq4wdDLVsgoEPCqaCQkI4aOBFx1dfpDh77/ULdVdJb6GCzeE+jozT8uc8XG47bmBBubratbiv1CMU4MzxEUZLHISshxEif4szUTk0/Ir96geb/ZVK6qEI8Cp8eiY/U5NLnxBWTT8v79++L34NlNnwMtZ0a9jwgh4aKs23bl3blpz43bZKae2KawyGB5CTaiwZ94lnRHSnCsEB4mYFDetVYSUqhxRIA+ExMvcWwcooIC5UpQk4IjCoiGJ5N4SSrcmUALnEyx782aD4idjkihVQuVJxdn5zh7eHG+XC6PjxfLJYVkkEBeWQj8xpiTlatGJUVqu/NhjFZgHxGFIAGnrnscvaMmS/lmc356ujo/X51fbNBqXm9lx5ImlbxL0FRHqaIpRsWMoptwUJPlfLmYzafFdILKGqEw0IFMZDCgi2iUiPP657vvXnLeeR94DtOnBt6M8JAuooMEE17Nm5k+OwRpvymNlOh03fnZ+dnJyenLl2enpzI/Td3gylOGGvyblrg6JYWcmU40dgjFulGtQgwHxV7mHY8XsH+cje43H9gXlkYy5nB+bPIBklQ1+Nc2NYfy8soNMM8zYVesCf9NKdIMqeYozAmaOCcc4qLIxSYypO0huG8kXYHGmMAsSzhNvSDd44NfdIytYkcTBKD1ai0JmMjDjI9iUpdmM4pqMp+z+wtH/cnZ+4QQueexkStPteb4KNjAeoNNcXyUreTTCQsauqM8uUCDT8ificunU0KZe9C8S7FVKKgJzUzJa1RACJbm9BCzjJ/DG/uBRBBIXApYrBEhlpPjsuAmszHBPwAAEABJREFUpcguJycXp6fr83PsP4UPQ2JaFrOjo+M7txcUBOh4cet4MqN8OiYw/4FrJW5F1pqsci7ACI83RqyySYRCr8G89fQUp6I2EkhGvN9iaBObBcoRE/nJSKz6v4YJjO6woHdBQ1843QitdI88n2KAk9al8+9Nz0HM9wkKpGz8sAjZDvN7tRh34P4efdMhrV+/US90fY+RIn17QIr7RhAVMntupwz0NTooTfeGH2mDUeIRS9r/7uxgenGsmDcuu43YncQ6SWUZgUuO0PogzCg3nP2f/hd/F/EOKxQ8blbcNZxhh6Ibib+DMoKgxmMlSSZBNkImUZ7JcpJwkCMkzVk9n89jt4D9NqKPquwF0eXE6Kiy48g05bwYhBRwQNoPEm7HoZpDZmwwcTYJZY+vQNXJ08dPTl+dPnhwf0rEKVM9OEikWNWJi8BtTWosIdc1vPH08dP5bIl0f7U++eCjh7/69ed/9aOfz5Z3nj05mUznRsQDsreBRowUrRqzAoJ3xAIXTkLImRgDHZEW/2PhVoOgqAgwGaPIeNGuYVJOwiTchBmZOO8Hf0NgCgJw2or2wlz/L23bj/VH9bAw7Piw1zDo+B4AuKKdwFn0tmr6zUjg1ugl0Bkl4jwHRsBIyjpWTjGg0GFUT/mrTFtNi2w5KWaWjHkkW5IHvytEZ+Q4RSYHxcpYtMmZYVbRsBVZV2Vpdg0nR12KrLWtKGO0SBqWg1yqQckplEDM6u1ZCsokiXqw6NBa00ELOXJDk8hhPrlyEOblz3qJFGAl056eSab4sd7q0UvFKhB3jR5n59Di+IlDCtK+8Emt5PrdNXjLlS7PagDD3bW7arnBpPTVjLcAHafb2zg3WSDw4TACjYFPSEkIr6UPGhTFj8DyDOnQjA9e6p5PHYAVXh+ECU0OzNl4iAdbYoWJiBGOm8IXyIEAE4WRwPJ22QzkmC3DRFiTLqC/iaTABKOiGptZ4LH0UvKeIkORxpez0bxpRUwGERRRllqfnW3PV7PjO0e37yK85NRO/eyzX63PL+7cub9YLBHqbZFBTgndbD/0UwBs9rkJ7t4cgppD2IZMh90evnTB3gQG4rNxFd4SB/A6GHj0b6i9HPu7ujNjFcKncNtRGc0MoROWOmOJnbICL8nxfFNtLl4+X5+dU0CUTA6sZGLwsfHksZfjg526xxiTao19UOxKiaFEolFa4q+2dJRkg53S8yJh+/sxjc/4kIcE1KSz1oc1FvOtuE7RK+SoRNByQlQDsJ3MD5RTQomSfrHU4iCcTyMskRX2+Pbx8e3bL188e/Tpp4vF4u7tu5TKPfeLW8t1vT7b0qEM8lZsG4v8noFSgtASR1PgdZx8ytdTFNPZxCrzy4Zu8vd3synHKS0mtMMpHU8hPUF1FicZB0HereiXjZGkgqZjPH2rhzoDzZQpkqxYplPgqleaAegHAA9awjAnQTMfOUQlQvqk6AfJNhX1yhpdyYjqCb84a3pWfH1t7zWmS3IDMNgKA6iIKF69L4wYjsUa0ONWxDiwK3SpFBMCk2jCMN+ZneSsCGNWRbmBdkAUjVWrwtNpI6JO/oyeJvTRHJJT2IXI5ECky16ZcHVFdXqQTdq0HZ8kJWXGeCpDBGpZbc9HFuXAcYxILQ4fEDS5pMNjMEHwCfG/nZfzHQIGuhs0cGgYFPQpUey69DvMHlWNQ0imW9W44MLMy24EkfMlgYrhg6rY3zbSF7LlSPLDIrybSTLzgfLerAvJHiE/gArsYUxDlVbT80A4C+0jp2+SpZRig/6fA2GYAbPBAxSK64PFFFLANV3jCfDH7eV7m+xmyo70IVOa/EFgLyMWgZatpKzS7w7y6iYNfxENx9k6pNNdRtoh7ev9Tjao0dlmNLXZUjQvRKTRCGe0pqAt6HZoFHOE1+VjG2gdRNzLJ/akTtZy4noOddBHO3RAwshmYx1UYymoGMeDzmymqdD4gC1RCKKE0Sia4qsB7EGAj7BrereSl3tzVQEl8PyVZ6rtWVH4wH+33AYCV+klNbcIUEzbmhYJCgkgTQONAzQgr+tqVW3I8avIPY8cMggHGWWGM2EUAl7UQCY5yElYOoCLAhOpqnNyO7F0cFdsm4TRiEVB9pJ3rpVJEZkdOuLSgSUEusLv6gszif9MQCmwIzlfUnZnWg7hjdSU3eE0Hq8J1l9rUqGbiULy8j1NmZ5IHdIu4L+kha62qLXOhZsnOORPH7QbrEFIdhuke7cTSvg3Hw/kTe5M9wVMf3qgQzzyAZZO9xk6syiyDAuU6QGMsZncoySIasce1TIJRY0aQs5poAyJ152bPKM5GlyXNYSPnqjQYVPHaROcGGwwfBqvx2r1/DpfdEH35cRU36VcAaHb4nBFRKuVE6hoQzS1tadt/aqpzymDQggowa6QSqvVrKzxjB2nnkGTtyHclYWcNTJ6SOZ9OD/CWHgXlGYC4bQgLaOlms7VZJRHRKGfHEDkQK5445CNlzxOpPNeBMfgNMANBhW9KMLEZpQZhSd2Z+30RYYhASTrhfAiFNCz3eoAJeoGrWYT0XrKn4c9ow6O3Uh9x8PaZMuLoxqPnP3ZOHgCp/XJSECVOEkgbrNZcPTJxECKFcUXw7EGh2zqkUTxJgoe9sZ09HaH7voQTwIFeedMkn+QzjVvtxT2f7PmUyvAEg9lm2BUxdtUQgzIuDok4YL5VWiW135E/jNymCGxu+Izr/YhfYxQaEOuFIYT64R0P2FnhOB3XUIN6KaenXhIbA/5s4SgBcqVJFQykRr7uIoDziekdTUxeQKntCKXQn5dBp0Jz2o+dNLZGvFbiugLYj6UPh6h28KMh/Xj2F7KHIj615IfKpnTJ1mJlvoctb+Ok2d5qDkETcMClqhtOCMJpYTBmpRPh7NT5+LD0OPh1WQcYcSGHEBZFHLDRpL0QHIwX/TqToPQ+ECebMYSpZzRERtkLoYvas4SsDb1xGbH8/nxdIE27Qn3KhP2VH1Fxewo2NxH5V9kLEPiKKtbOITxYSTOEcc0xxNDnDzhTcNwQ8ED0b7g3ApBGwE+z1ABVFOmG/IxEAWZl9DPFEUVKKtOnm2MWXm/BVNnWZtTth3PW1BNEmzmZEGbFK+44Lce3H34nY/vvn8f7cSQW0RP7GtCWtzteoMVcknXwigp+iSJWGmjJ7TgLIhSp2LciEdS6Am+uAFwAzsLSRns+15yPZdEcAzAapRIkQfDtqIQfIhm0ZBcX2xxoAh7mbdZC7YxWQMlslGePE4oYWFrihomNeRb72tis31VIwdm8Sl6E0nLTW7awli0oR8tyNXh6CiT9KNO0sBJRcR4RePtuvar1p95v8rsOoMteZxkvsgco0/htzSvhOgqM42bKWmqGLeK04nJQmiZRJkDIXACJ0FFGayU3BxZIalDSjH08qbOTCIoomxpfWAtgr9xn+NlnSEa4DdrZHnIsQDrI+dDmWuOlrP5jDXhAquBx7NpZkITEYL8irpAcvFyIpzyex1F0EGLPoF6xd4tpxfnJ5Qs5uL0vKb8aChWtDSkCQc2IbN9OV1gT46Wx0tyNFksUHU2m0+ns7Iock5XrruHGdVI6STZnNphLWSqVgarcrZsXAfRvNKxQQl8dVK2jNSrJiP8xSx1OqXJ9KaNxAnXW5JhhPrtlFhXVY2fSMTIwePi4sWXX3756BHOCf5Vm0qSk2L/p3OcC5yBoymljaZkMcWE08SIVjmkRgKIznTeJLsqgoRwkszbq+TOpgrHU0bRPlB5htCAn+TawLQVryGpZS6ADs7l5E1CTiWc4WiJe4MSxyxm+HM6owg0VAfROSfz4c5E6dpF/Q7jT6ciY8jOEzQ2SqhkDSmOGQcwwtlAEJI8OORrsqbUQqw5AAqnMuGsS7M5/iGoTMoZR38p6ZQCM6nk2Ne4GvmF1WZ1sVqdXeDfhtrZkq8J2XUlKR6EZY3LHzlEL0yFU1rvleIzJ4OjnqDWsJwgfJZzisGDP3M2uYacWcKJOhAZQfl4DVkHGpkmU0NIDFETtjNeRaXm6vz8jJyQzs5PT/BvfX7e1rhnCW8UCBXz+dHt28vbt+fHSL6W5WzKKalyFr3Jp7CpyY0D6zcUmn2Nv4Mzqibd46hCuQ3xFJiye0pYRqGP2K3ZsHsNebypi4nhZO7i+VSwxwkDOR8d78TGDsnLPzY4WascL6JHw5Yf9ihqg0MMRVUJmZ50uwZoD1xrQEVD6ac7dWb6Er1PPRqj9uSq4s3VSUn8TjEHlK4z+9+dfFOljxDEwBE7413qRyDtOlFPmMTNTreXwjSkms2O77K97+qmnFbQv8BFMzp1nVuhd4mWSysYo8ktDYTzbyZ5S4+8azLDCPvBmbX3ahhMzeuVlPcA8cKMLvSJoKwsvWnF5TJKARzBzMqmlp2C+hqPOwQ3RV1T/HTcd+v1ppyuigml2hLprlMfKAsZfoWFccpfm2yChorZhsp2tVojFYA0WJYP3JBRb65Mr8k6SHxdkmDJlM6ctjhqedvJfkbFH/PacwesshcIRkT0ve//7l/8ux/+D//9n/zT/+gfI6mQaqqRFggg1VgmJ9o0MjhH90KUfffW7efPTp48+hxJ/3yenzfrf/hHf/ijn332Zz95cvfWcdVWDIgZRQ0nRJCLSOaUR2GTf9wFRkRkbyKER/8P2XFOZs33xhJGJ6q6HnzITEnla04XRJyfXhqp9cZl376A12scrrww9i6/Uw92m0kk2tBpCHcUvG1Xm44x0GUOYOfPm4uX2/rFerU4PTm6dyRh3jhkF9Kpal4uZ9MpH0epWPChULCbDfFLSKXIOChEnF3zmS0yLrctFJyzztnN9pxTjTpOLs89i/FpUbXaCvPC7goZszJibuOTF2JN2ZkdhZl0GjjeGCu3W5u3rAki0ksHAQumHk3r49lK/Zdgkqg4bQIQsY09r2yHxvu0BPYtwDXK4NEu8QrAG7R6+OuvfIv3EXeGC6k9JKBKn4Adc6a2yFAM1gTYdVOvG0lwIDoPL8kXSDDnlLHsrEFqxJi2lPnWznwLqoz2ogh0yNK13kAwQULsrHIw0mefilKxQnclzLZJUZRorImp227zcsJgQUEiUafiJXEGnSVoC2RHbx0hY7o5u3j55PHR3Xv3HtxB1u3We+9Nj4/X5xdPP/3s3v33YDZBbRo9afe6ghryYMiFFUOhEX8WnMRk/+LAnos3SbNvvIB5FyA9/uorx5VUEO5cKC+uC/H0lIpg03C0JyS7eHdCC0SJqt/78ANOY++ef/b5qydP1ALl/HS5KGelMGmcc1Rxkg+OJxw+hF4nKsfByqWk0zPmlUeOb99GaQAFWuTm+XyCZNDz1h4U+uXAMqDY2A3xrMUvKCU2zH1NSF0+if1UpN/1vAsNGsaWSGdeE+3SbBTZ4vbRH/7xP/jkL3/8o7/84Xaz+fjjb9+9d/dscvbR976LRrYvf/n5+ekqr6ri7NwjTr53fG+6NIVx2yZfTHHc66p69up50x6zsDzPOMPggggAABAASURBVFZs7Suc6/P1esaLNeHIcChz314co/qU1IJn56beoo2lzYiz2VDM6MZ47ZR0OTI/gyJ2C5YVohuZD4dHTdB3kK6cLSdqmCKzU5wOn2wHEBxD2kXHUcEki5PVcyVAsXC9j6ytj6sEBvpZJ0wIxZduNWtSNngM0uSpIDd49gcMxEhIpBdDWfeIMSkHaCLPrPeFspPwxP6G4owqwgq9SCLp9UA2oOUwh0JoUpcZbzqBlIYsR24t20LIiKIiGOiDfQulD4id7CWUCKO3rHE9JQtTBuFElWVTuBP33HTSBAq8S8TRlHcFVU4KyFvmo41J5eYoMjLLzm6/lhXeYMD3KS7jEDrj5zQ6mAZyYckvyYBpjEo3ns/3IWyj7tVRiHPixevGrbYVhEz2hk9TocqvlfjK3C+UFGQKSdMUNF9KH70J/ySL1p9G730iakpNG85I82CjVxur6VpKJGVRHS87LfIP3JYLVmEavVhNzQHl8JpvofSc7ILsRuf3q3pLvmQm08WiHF7g04Pbgz533MuVZXSww2cjWyRfEZ/7mZmhIohib1Pc8Z78JJuxpzhQxo+16wgeMJ1ki3mJ+lVEVnUrxlckQ5nTw2MCC+HMglEsQstuzbatV+s1qvIKctAkfJ2HjSCBtcVnXXyo4uMAIwO2/mbWOoqQQphcijoCYCZYgDa1aFwIMTrCRZbNsy15DVN8dtzzSJyOy8npZntUZqcVClZIOklPXSP6cVNWY2dGQsUbox6QqnujnqCsgxa+DRErshitayhsPSVTBQU50zwXijfVeQOFLyLWrKX2jHZEWcjYx0MgGXHEvQ3tA2UGnYtOqBoirSsm8hD13K6k38lZ4a3tMHmLH38fqJXQMQ41HIMKp1bOKKI++9XJK4qrM82NG7bgwrvdGCz5gPWMid4W6ggjlIy/jcwJ9iRX+pggZ37AJSoiefV4iTL8a+iPYtt9HYtPWpPldwHwIZWDRJMVPAlifa3jY+K3Dpz8kC7I5gdxSFFlsFhzhcQBhMPbenyLjXcSNxeEAQt8BSRHaAPb5DUuZsd2XA8NgLInVDobqri7dcySjMx0bIcamNkTu9UT0jFiUWSbu31jk/giCaZXgMolrEpmw6EaPRFKfg8a5iQYuX3gzXZEyHRLJ8ODnmAcOhO6ot4JLNCCVU9c7q2GFVG/ct+RgMAphsCyOotCEsICdZtkz6zzOFthDIWfU1cbMkQheqw8pyNMuqpjSNQvYIxLVsUofuuxwcFCAMJEBA878Sw3EctJ+6q4FXMWeyBplCCebj291EOC8jBPlAbcCOENVLCJXIyHVAshQV3Dz24QAiU6ixxXUicr6WXYcrZ3ajpMDiQJ4k0KG4MVUN/1gNKEyGo/5GJmw+yzsZFDcMgsEQYja1HbhTPTAUu6E3KRJCO8erAaYdJjXztMs7slwqwq9YPuCpModTZRTkDbAfFiZ3Rq9ZSltimkBLkaNJzOyX5IB8ioY54DOjMKU5uk8cl+NaqY8gPZIVhfdgiQbE4T8JQ38TAc+S7VzlQtp+2kFHik3kGRmbwKIHN0Ls5z2BHj6KiDJScV71H7g3qGhn0BNcaOeFqxXwhqJRkdanCg+fHy4be/vbx1jONHVVXTVli5oVQN5KZG5nz2b4imF2C/BJl4H+XUDrLMYFEG3L0xkSkNzINg8x3k6xPiFY1w3ZZU4FM+Q+Q1XEE0hW5ZvYAMJYUrWG183YoLM3vokFMzxTiBjIKaAHFItnZQUzoig18o01NjKCwKsT2t4YTtmc9x/Wfk9IDmHjTbWhbbLLNzpNdj3tVRG27d+rX3G++rImsyaArT5tYX5PdDXbXR3Yu11BAcC3k40fPPqNwEAffTM7qlWCZkXTkJoKRdmhQcWVJ1TTaLbpoKWYEZpNxj4s+YOvBE9CC5jzkxGerjqSZHhpCwGVQUtuWZdH/F3RWXOCwRiSm84RUTgUXNq6JR5+stGr7OyQxAyrGaA1Q49pnA6mi0z9lroUSbdp6xzV4iZkwkXRrBsGIshufeeSXZ7BznNyB8ozu+VxSRp+CXIDTXv2j6XGy/HYjzqR54ZvCmlHiH2RHbP8dscHH+V6yao4gOnCYGb0znR+VyKjlZZHC6KEVugnTNfjMhszyM9Jmd7rq9KUsp4xdLPysJ8aUcl54z6bCXyYaM/QgPDFeUIIYQodUMNYwgcvakKGWxcjbJCE534v3fWxgDSWYD6oNNMG4HMBGeWDNjRGAh69F2u1ltEGRYnwmSyE4qi4uD9CwPysZ4rI5U/q4hpQTu67qlJEWUiWbDM+xaDvQotiFQkdEqY6aISqbKd/NnNEhwiB8m86OZdCal+gDJyUOjJEm1OD6EDXE9riyZKDlCEzRDGkfNiIGJ3GvRmH364uXZqxdkYwI98UO8IM4Cxb+hwCo5J/GQWCNe2uIUSaw3aWuJMtq0nMrZcfhA2mmKcOSBmGKJzBlOwaKt8Tc3PrFyxE3j3lrpbZfVK/ABQtmgO00XgIL/sRzfy6j3ZswWpGl0yNEkpnkKkBO4rgBH8mIha315Z5eB2b2+m+Lz7ZXRF6Wd2duTgRzr4z8d6HivXvXSavjeP33Q0zD1OrCrHkk6E9QxEX0ZCOQgrdyZ3FKqLYqbIfsDELwMzG6BvoSboPHxEhAhvPZS7nK8EIcb+bxu2knaSo6H8G2nPL/nZDpo9sH/8hCrjJxE5RQyxYxC7qSmmOzmsGJ92C3WzmazzXp9XqFtYs15ciZG8Lio8vXYjzLxu9MB4bhYRlxtZm60+H6uOPm8f/+9+Xx2cnL26NEj8kWclri1xxfddGwyaZadw0m7e/f2l1++ePn82cf3vludr77/27/1j/74jz799X9TWXNWN1tSlDHR5Wz0hLj5yJkIJyyUM4HU3nGvrGqrB5ylBNU2IVvqKO7wIUCijNC8YXnjBsZb7WTdb2IRJkY2fE9s5qJuVCBH5sgNl0TKGqoz556vt4U5v7PcLGdT4oUdHWcEJiqczgA3zpa9UGpOp7epJyUztzZrLYfr8tI67qWSPPo5tAl2B79uSBBzhiliFs5YqBTO1hKkPq0X0VuEfQYTYvQlEooQ8VRUNIHxUazCe6LxjTD6lPlTopZkGSelAMkRFFU50UDFbEFjKqBjN+THJjwo+QTAdTJKvGF5E+T7VZZEqiROKM9LxLDLRUUOyDWrmRgVWD1BJJwGn3PxFo1jnMVJlzGupaxOArqOGZqsc0tPe9CrG9FLXFxIDaXpY4m+UJXvLUJ1lW+3k2qGvKDnKyZzrJQA5BtRXkROfXp0VG22p8+ef/nFZ3fuHR0dL/2DD+99+PEXP/nZF598+sHHH9//zkeNFyt1FrxrIe2MfJLDMSdPwS2FogJeYZ9C46/nfmRTWevwMpiTdwbn76xcazfFcznqN87G/5qL+FugaFCxKIX4BGHgwQcPRTF28vjJydMvKZ10295h75LCTlCQM1YZHx+60pvhTtm/t/PKpiP6zDK0o3DSU01wZg/ASzNrFpmZWAnXP6jtB3QBjBlyiHIfH75d0l83mc50c5vIyvTZmu6eOkyoGtcLFxrc0hFXT70py7/zT//Q+D80WseZo4V5+FvmD78jXIWE5NJjBaISlmNiXP/c+DOnZ174iEN3i49U8uucRu7A8sC5B/I9hGP1wZ07sp76VPjUg8M+Rq8IdeL3jv8RCSyoSftcvInMe7yX1Nr913SVhzf2F3/oxf1vNUmvL2/rWoQqoJi+UBIVS91XvQFJhU6hrC1A/660EFWp9NPGhsMb44nczqge0Z4JinwIgTUgXDFRWR6uQ1SGdaMQ2SLvD7bDq8Nx9S4ak4zHmE4c7ds0d+v3Wg59gv5Ux6lDEnsC5jS2HGeDv4Sjp2Hgye1YH0xUNEFXDQwkUl6s2S0TmGTquhnvfTcJBEC39OkCJMOEdAYGE7EPI16Psl2r8v5GSkN/WJrL611e/OjX8NPvXOhQS7iqiKgTvQv84wuN73BSRFRdC0FeT/AcjegDbx7GNju0GK90ndrtTNrhmv9Gjx4FkNFfkMJEAhyQrvwIbEACRuklGH1hGFOYkMEX3pe+m5kkYE2gaRMPOLEL498z8HvJdaOKNSP2a31LCPAfQwf4IUFOv+gkoGy0NSZsoAl+qcCcaT2IyM2A4kCbzIkNrch2t1ot/jDQ7dduv3eoBczotoMwoN2uJ8XvXvDjtXbhxe99yuu44g/kVubG/Jb5blclPOA4jE36oJTWjBefHDobuTd2DfqtRQzQq7ZDW/2eG35ni3vJ5RAekv9hpDUft15X2e/CdteIV7jugDY0IN+VcXMdSIdwSyH6aLyrAQTCFT2W7JNzfIR//JEx3zfme13YJq6jOlGtKUqu0L73MapK4J2crq+PLzUBm4Wx+G5awjCVSxtZkx3427m0hzMyBzJfHSbrXUm/jmGnjjzGKkPiv9PeKGU5lLYN9snulJiRKfPDB7vJ8inEJrX8DoCbsZqDjeCTz0u7v1PGiM34nPTEq906sDPPnReOMQN+LV26/tolFdI2knXuWE6tugtCIyRy+JreG/twBjtfuqqj4zGmowuD1gad61GTkZb1C0BvNlOGH/pdh26kPQZgwAb0OWS91B+G1vGhMR8a9EYNK3q3s8CxL3pgZ73RzskX9unQYLtRfpCgvqEmfwk5FtXXVK8oP93509kwDZ28AUn9KNh4ZQfoMMgE/6XsfpTQ3G9bf1q3F42iYU3OBxJ+QxzoNKyVkv4djb1XdDsqDNq0WlfBdz97143pJGWJH6NWZUO2WNQMoz65Zhe0izV+pwAnnJ8s5+CiOSBnZUtjc09OJR7tpxVWpkQ8WWPk7AZrbIFs33xWICvyxXI5W8752AydEWETLnn0SkgjmqK6rZl9Qr3bxrotNjHJ2sy4HFwmvibsSmETuYd/S27I4E4S4cmnW89o1Hy6Tsl0MqD4H5QcGEhfPikyzQjFGUPike+OOOvvLlxK0GHiFc6pQapsiSjAXk35bLGYSGqMEPrASwaNbmO7jjmAyA5AeK98V180iqygxmBSfXDinvVmtSaTXLXCN7MbEw+MwiqApOeYlHSim0Jl5CW5V0jCIAnhrLTd8pFtr7rgHorttPHGmHegjUxfNK4FTW+JTYWSPjfk+8A5ayjDC2VFoQLhuNqEzJLk9yNODJoTsAMhG1uOxCDitOEMqOukeAb4uEMptg37uNR0DphggE5ISl4fpxwowpgk0BG3hlySp4jjC5tTOS8cWVYR1CV9mTFdNLh0ihReujnpcAVAL8Sv4bjIEhpZksXwvxJiQ/04aQo4I7nlMITiHZUHU0sW4kyrY0/DPhM1nQWttjThLWU5lGmTNQkUQD07waS9YRc+1r1qaI3oyUfW5Dy433AHaE5ytEf4zpNMVsXaHmAIqk8kkY6KyxoRiCMaq9ne5dGMvTq/OD95VW+27BZUievPZDYry6kMv+D0PRLHmk0NIClpKC2HY1ddOtetLh3B3RJ2AAAQAElEQVQyS7SVcogqYpUMNKBIq0sQYI/hkpzxJUmQPCUbU1BEjIzSQ3c6yQqNCnsdVKiviRZeKB++p2aXwS7rQ7L31zxrne4R+R3A8mtdEmLY4+iSG7tucz1acDMl3R9JB6CLYmR8UkbeHQjcZQy4Vhx5ulv6AFdXNXNF+xBxqY5jHB461KBYQ7G6D9iG3bPI56St67wsSxPTfRUTxD2IdxD/bDabgnyZ1TnL747Q90kqzxPQ+d0cTThoNUTEvV6vmSz2A3VeNlDxrybCj2ilmJZy8QZL3FRxbSaT4sMPP0Dj168+/ezhw4fiwWp6tMEoEES21QhdR4bN3D46Oju9ePXixfzxolgulmX+n/+zf/Lzn33y//nXf1rO79VoZwWOKZGJh+kE2TxxZLchdYYhVzjvAggy1wIm8YPjU5NWuE6pYw/AAmDMawCcjwD2lku6N74hpZvR6BTb336BtZJgvyR8oD60qY2zRbmq6sebLQotd85fve+Pj+ZlprpVImLIs5STyWI2wxnZ+hVeYvZ3W1dAWRun5ZYPrAAd8Sb3c4SGwrpp5pYF1LOiRZvspvISYYt8vG1Ks2XvU9xdOdzP8XiVAMshEGM1r6tPRtKXajjnE6VGwE4R71QyP0fx5MmXBfkcT0dOXUPBvmSaXHBz4HAqyA6skRkpJJ16Q58+I1lOENTQu/8GmeOUIJlvSmGEz+7FEA+AMl+OImMxPz6q+RiTc5tA1ZC7lZxONGfizkTIO8uDRMqkwErgK15pWWPmtwAaFpQzTgKqjLrSZCE6VlMcmP6i9IJ8mu6BVMwGdqySeyjKbi/WyAYSC1hOOAsl7g4+YsH5cFCgvfv+e9ini5PTk6ePnz29d+vODxbHtz/+wQ+e/frxqy+fffbzX9y+f8cupo5DvrqAsqQICyxsK2dVtOy2TIkqN7QFDDKH5rUW47Wwqbkuz/c3oQhHjkvMKfygZq8g4cJR44HCAcJ8OZu9/62PUMb+0b/9syef/PLFo0d06KCq78EHy/y4yCmmOvD6CoSZDsuBD94Y8Vbk6dMSOQF8O0Lj8e3bq/NzZFqgrik4Z1EMGDgT6P/twtzK/xot6sGMAhwaYe7SFl+PLxl99Kqmrrj/Bj25TnlHr/kKit9LUf03ida+u/IWpyVt+jez/5vyzSx/fXHlSEk1KHBZrd+U35TflN+UtPwGLfymvMvyZgwlvHGF6z1wrebUOH3ljiJfDVSP5XYB5q7JW2+er+sXVRvCWgeXGFYT0Gl/m3jBQsqde/X0GhGneypQse2G70Fl4TqrlVHLhPea2ZZfRTpYOqa4XW1JSdi0DVpjUPm8bYCiYaPSNiuAtcBADjWlyQpUpTQeWoc6lna7ReO2qdG0CVKHMxB5UtNYn5Wof5zNj5do5UEVL2cUg9xTMBjU5jWtqxqHU3KBpmybbTKoUI9dZA1Yh3OXGUcPePEZ4WQ3SW4Jni7NFWCCG4qaCUEnTePHcDwUTpNIiY4yzqc2ESs7Kvw0i11/zkUnGeefvVqyTBSYGX9hd5OG3U0ouokEsKFQLpwdQ8JnRSNQnH/VLekyyOmawYIG/RNOcKuKdrEic7QJt11vLs7O0ORPb+Rz1hn7DXBkCMrGUk5LCZuB1nN2dOBoSTJN9DYNWiROWqCTF4fsU4gawNgO7I1ugksO3fn+4zu3Ex1aT42WWDTVA4DimNTbzeb89GSzWpGrBz9LKUkmJf9RKpaM3TvIZClGfT4zBuxLIS/p4hP31VXRGE+GD/EjkFQRRs0ihpOqEBhwGGbcONERIQbzI5jlLCmWz8PLGk1YW8gRaALYiftL9E0ONjWf2ouCaU8cKcTQanqeVdxnNtfKp4R+2W4kGEmbDEryIUqIEfU1wZkCCvzDwX4YDNg85MX4Sy5oHEWm2pAZmE/cqet+POjiJRpH5xsRDserJYDqO40b5ATfWU1AQ8FFCHLJCSOzXWZhk2UKNWKAiJPhNKWDGCYgqPT1f/aV8RKSBF+LM0DxZtBCzLOBfzXPCYLEfHkkHZjO5pxlqeT9ojFHaQlahTRZa56WBkImspxD1QoUcaQTkFAiUpP9VGj+aPIplxLt0nxCSz+hGEi5wF6KGcT2DYlLTQTItLK6dghU8C91clJXJ9cGN5ewFmoCjhuaG3GJq0N0TX+D8hUaZ5M3g0n9rsfq+iubElutMYFK+tFnrsmEpPt0Xwu+b32Mjidm1ONkrO7rdQlu8Iy9uF5F3ATdBKZWFR+daH0Aaz7ESzGTaN9UaPujv6YlpxPcuhRKLs9xkyJ41xSqaLtdU9o43L3i/tD3EB1ZHXmLhEiazWZERy8uVqsV4h9sVoh6lmXpQHoEKV7XaAzAXp8VbuluQG+sSt21PCHqOFouv/Nb3/npT3++Xm+ePXuGiKqguPFjjweaTibSppXopdPJ5O6t4ydfPnv29Olv3/6+QXxUZP/kH/6dT3712acvLjJTVpSplp0EyCFYvBVk1NES5jkUSiRscknPOfrU9cyHo8aXDtBHP7jrm8biPhpcNm+h3NiueBclqgfjT8/eAK4/OTYQEC8BIpArIR9wsFuzfoGkbr29f36KlG0+m0w58yUTmBr3xiTPlrMpkhdk/B1HksctixuR0tEVKOHkFN2dc766NlAUoEQGdQ4tTMj7saLcyI3zkpdWuRxxfpdUypS8x2UUjK7gMJ/WK69j2IJL2Uu73djj2Hgw3LJnyYQ5f5QiMo42wR7qlMmAA9VzOgxxeJMYrYYlJcQq7MHGcGkld6cP1GC8+Buw2e99/GtuNwZInDySeLW4cKUlqW9zsaq3lZdgA+IYCBJtviEpseWIdYI8XHRM1pRKTpaIi2dxy5iQi1rjRpoekxxR1c6E+sSFM7XuQ4JKNLkxX8A+r8/OkbpIaESURoGCncjJBQpSd3zvDtKqar1an7x6+tmvb9+5N18e333vwx/8g3/wsz/9009++Je3797+7h/8np1MKhRsi0nobYf9NBBDcEOmaPxVhe+1TOaunzZlsPdfp8Sl3KXWf+2L7w6FdC4guNCUgwBhYDKhjATbLTP9Ik6TEiE3k/sfPPzu7/8ePv/4k09fPn6KyKuYl4B4klAiIx1IKFaKr4xGFWbI4Ary0UstQkwRZ/SkexTvZDZjlQMJM3gFO9OnUHBcmHsTiC7TjbEVh0JtWCz0ficm4SUg4/dU6gTV3jlS45PT9CbyTMpBm5Q90Bnng2EawU8OzDojyQuTGCca4s/F+CVGo5g4jVvP1SSZqwPWlhjJOhAuhpZ9fJC7EUKhaFDtGBnFmxBTRbst7Zj0in4z8d/4vfMU0i/duocZ66t8umr75hx2lyCIKQfseD/2IzkBPfpAr0/jda+FaxS+Ib0SRPaEzIFcD7WhfytwtirsR40dJK3JTtFk7OE0fwgAIFtbdySE1oT/gH4H5AtAv/HwuHYJhs2G61o5GVS6xXtf4vBDBwbrHmqmdWB4MaVn0e+/u9R1SecCIOl2nBDoDxzC8APBjJrW7kEIi9JV7l00prs12kOAVAoNY9Ind6aoDw3hazf1MDq/6a/+9eHPK8u16h9U+apKfufrLqpI9my6V1MmOd6Mep6ArZLnO9EtEeZCVR/b8cmzQb3XowDh0yTdSHDg5TMw3CsBYHpasQ5LRFwB6bMJFJn+btl9dXgozkTS0xihxEQmkfUWnIlMozgY3024SjSuawdcb/LlRRBnycc0Ij7Ft7Cz73tbIt2scXPZ8JSFHn7r0J1WM7vXIcUtitZMwAYmbj7ozyPE/o5fv7QM6WCEmf7FHajpXfDD/XG5vO77m8fvqbT/125DV9XcuburUvBdm363nT5/EOv3BuuTDWvCvz5pPIHqrkY/ugnzUnwrwrxscw094jtQj2FFXHiW73JMy1BBroQU5T5eaY0PG0QTrgjSaLXxLiZKaFZ3k9PO+NBhk+Qc94PwJyYgqE5VkEyPTwXCnVk1Pl2NEajyI996VS6Bf9i5D3v3zeA67GkkIX+7T4G5PpGjsgOE6bU+qHXVff//Pq/brUMyfx2cpq/wO7PuRzu15/vuz8vKDqsRLo9SjUhlRsiU6ZGdjmJBb+0C09rD5wPClTA0w1WEHrcIva4N2aYehRyS0UEFEwhrcseMIPzRMSf83W5lKrYbfvfSjuiEAUJCgLoWEjKU3IJ0FrqBdJQOunojExlOusJwnkL2HX2DQh6/2EXZXDJyJY9wiIAkDgropxJ3G2IviroLQAKW+JRpHn7hpi10yyb/2zgpYFLmmS3cwH4HHIx3gtr83JoH8+LurHi2aU8b16lSNcxGCgtSehtth1T5ATCn1VR6FqOjJKSQ76HOgPMkM0/VVJttva1bVFGsNw51ZR5yk6HerTTkd5I51BVC7k3WeFs701Cgibaq0OpO06CpiiVIg2ktqpqNnRTl0ezWreNyOqVJ52OQll9XV826adZtu/Vmi6rozNYZbDNocmgykJSElGPdMC+VsYLbGvFpick4NGqxFlqEFAECxEC57JaRiQdAzo4mZGlmDxbLht7IZgU9iYpREJfAsxVZjFaOg1ug9XqzWnOqFJhMJqwKzcWnQQOKBMNKp4BITtbJCvo9TBIngqagJpIdg8xb2812XTU4cTVpX8loTblaMiPRIkgfRY4mkwl7XZQS10TDcgTLn4k7hnndLtdGgArdEP4Sq9HIDbmS4k+zp851i4BxK++UvAoc14T+QXClWxxNpODQEeQ6QKkSIKjpgD1/rKR9obXjXNjGSDpN6HTOoveDzu8EAKJDCARNnePjsJK7R1w6RAHYhgDMVoLJcCIjyZkixXKqXGAfCzqcH5JCgDHRY8KAZOUNDCRoxzqtQUw7HnuuMOVcEuKiZo8ciXtRs0MMaec45I4OzGhOF/JG4l7yzYyCMAnMc7B5yZgjmWgkikxNm111a5LUKloKAlHToD4xcr72n/vOX5wENqHERhbEJQiXjKZL1Kf9TeecD/g17powb+G3GAvkhULa2tbVG4ITx6FZ1qvVZrVCtOZFgQkKLeSVNZ1RMHg0OZel4eRHRthpTYpD29yx202MUyLLSBhbaSA9ELJuOdmwCA6u5WBC7HU0mU0F4dDnhMKcaKiCILp3ZDoM3yfiRHfPQOS+SYEs3i267K04mojTSfQ4CVomUFTDCyUq1h3MA3t27s6GvLwc0srNlsDZRnPJKLLZi7d6t6D/AAQ6G1GnNz0O0IS7fuyNPdqdArZe3zmD3e33SDJ0oRJmblS6effTrq+F3peU344JMRNsZgJj6UPGVgLi1kmMk6aShGiUWYeQNpkVHEUfokAabWtbR7gzLyoOeo/0d0pbt45+p+YqOiN8gufYIYvFAu3liMDX63XB4acSYtnVVyoOIXRSuIuIs6FAW9vgdOLtW1gD3t10tHq5WH73u9/5yU9+/stPPv32t76tm7mPE7kXRlAScO7YhtIckp1mPiMP1BfPn997eXLnzj13vvr7f/sHf/GXP/7io2SbxwAAEABJREFUX/ybnLKaQmty09bMihYCd0a1+sxtBwLEb5C061bD2TDiC9wDh4bSHDsjxnh48ylKd+jw1w2Xq5Hd17FE+c7tXIkFAmi3nJ0th8K0jWk9+W8hX/PF+eksy+4h455PLEheBMrhXuTsMVkXVWUrCvtAnCgu83a7cp5C/rBvLXmmC8eVAac+B9NmlrRO06kzVeO2F7jhsYb4ghhuw0AgTi4KJwUEp3Kg4ITkRsoRNTTHpO8DAEMfhH2K/W2gprGRRwyI9JflwHZMoAiMRiNcWq9ewoQZHLEOXneXZD9pTcayzVeEYb/OxXd7EAI3CirzgC3ni+N7985fvmJFozEmoiwrqm92LsHLFPOE8y41IXcdR6yBxIXZM09KeEXTDkpcJSdcInGXI14acLArpVJiXnZOruSr9aZabVGWIojKTXAczgRO8e3T5aKclauTl6dPnj774vFv/969TVU9/PZvPf31549+8pNP/urH7334wXyS22kekHL/jQlPgP9jy8gTs1/0VoJY7EGVQx6iX+w+XmR81AmK9jsxM/56lD7vdVnZrSOiig+8NyVXdpQ+WNQG/AkItQ8++oB9VeHpp5+ePX9uC3JQQhhaHB8VLFeMAkCH9HZQi8JtojWQ6xJObLFcilyHwKLnFnSk5qMZzHP6SWFjDWxXF9V6rQHL31KBy8CNhw4mugT7K5qAsTglcGjwkn6bMMa+m31vNoeMxFz2vgN33UhF5deG15VCHd7OOy5feQ/67N/r13lHxV/Cu37FpevMTreGLBZc3caVVd9eufqtX4tufhPKV49gDis+4YlebynfDgx8U+bv4PF/BVvFH3Dlr0n5azGwQ2Ae+llTvznb5G948Ttfrqr4Zi/6asRQGPx7cy3KD7iyygGtvGYb16j2163AG1GvXZF0zy8wYzXh2gHkOyOKH78zUrwYSzm7BmoHVhe2mMzK+XyW20nuH87zRe2eNl6OwdiY5UeejYf4u2uX9i9VrAU1hUsiUUPi2RAME8mZVa7cVM12tW62NQXLZmPtBFUnYAtvS8hLW+QUcR1y1F7UbYvVNpVpPB1Va2psKisocrVvWo5E3KDCJS/z6XwxO57PFjOOgG8NpWsH2/i29Rwxob5Ak42FKs9qm2/AN1nW5LbNTMuqyJz1e5K5QkKVGI02AeobbKOm0Wt+Y4jTwAZX8uZBPbOVPCYZf9jwBXV8On8y/8GtcUf/w1o8PgYjFvBgV6454rjmBJFkHNFm3PdmUL+AvlqvZdW3G9WJiS16u6HT3JzEhHKasB8AKvl9UeZZyM+Sc3YB7MCknJLxvsjFi8B34NDypwPoHJsSl5J4OhsS3t3HsL87nk7RMcV2QKVj2i+Opr6m+r791qhgcwU2Rzbkn1SJe4c4EFDqc4ZvHOlsMRf3Dk4nVKKK2Ib0K2IhNBJdGwYvAh8cCJLuJf0IuZrUus+PN5JZptI0OuJ3YlgzScd8QzfU7WRCgUwMn1qUY5mQ+kaFHmrkb6/eUY49CYISv/NG757t1s+HjC1efU04nEmaySWaUC274ITQO/guglcJa8IxcnITFPs0XTrMij1peNBbAneKSuT0FLw1NhgZITgMdknGfcIwKNCB+ufRyWNKblXQjBWU91zmB9S/RzTmPoUcHyYgDgdSoBInMDGLaVJuL6GANhcXDTsDVWhF4jO1FNKloHfxti1Ity9BiXLJqwV8rs6rA0eSm4aDJGUm2KwTMNEVZbewRv1y2JzOKKuQwDbsH5ZRvCE0enHIJXb7cqnOHwarHFzXxREptSzzMXKNqSNeJoYjncSlJ9jm+dDGvOkBediL6R700c63U3ZtEHutEl+1VU475hSjajcv7RT0vziXDo39DexAKlI7m4+/pCr0XjZwNwlfd1K4+P2jMAd1+6bK5S8dI0/j7iZJzUhN0qcSv2K567wk7ZIwJw3hVUQ1hPdjBjpCTxoViqg2BfLaYj3XbNfbTbmZ8Hn0zBbRp0cOQAw6LXr9yMch3pnNpsfHx69evVqtVmVZIiIq+GRzHvB1Z+zZmSBFBIiy+QAxOTPeNPRHFIO4Efc1DvH3/9bvv3jx8vPPH//y019+97e+S+Zy8F1olm6HB7rGp7EorgSyZK65c+vWy88f/fpXnx0vltjvW4vp//I/+Uc//fzRj794cXKy9nnu6hyx13RaWqCIFR0yAtORQ4+DDd5vMpngI6cg6FN8B9lUr5YmRFQp/6GjC9TikImLPZG3CN3pc/s3Of+HbMKvfRnuwPDTK3JUH0/K3Uh+RxxjAVepsfDlZjU1ZoZ77cHD5aRw5FxCfhzgKPjIYoE77uj81RlyY5QKy1LIH6RTRE0zyo4CzkwzW5EzGe9hysVJDueEAaeWQp24qjFWkg+SH4HGRGspfwkDBqIFsfIyT02wl+USfwxaArhaI6nolubRSkgX5ZwY6BpXI7gSG4ZdsMLYEq6g3lTCOemxwM74y37F281WvNWZt2Z+GgE7kzRe2BfN0ZgGx3hnJYgUHYIaIOK3U2CPA0fiaSeW+dhLj8j66M6tex88fPXky2q1YZkheMJSLBtebEoLyjlNm5qcT8LT0rLv70SJd2Ip6pUtisxYiDZlFnB819UEHVgNbBjb9jGEZRQAfHImQA7ZIXSgJIxCBcFL1iITLS4pJtClYjq5+8ED5PvOTzaPf/bLhx9+15QFvqxcLsvF8vnnjz/92S9+cP9WbstG8DATJSR2kVEOBFNnEN/FfGSF28rM55PJBKIEJv10Ay7Nw4iG4HUI0cC5wbxlWPp6ll0uRyhgkectHxfwJJNvKOIOmALxZMsICjmPWXn/o4fHd27/8E/mjz/55NWjxwQ/yKE8bI/v3oEpyjlGAmYiLAmDESQlmnKrO4udOc2QjU5z+gLzGyLxGlItEajIT9QJfDSzE/bt25qMTmaszt+uu8loAXNtpfPII2Dixr609JmHqMJIHgwXIBVKRz1g4kMgbOpBXPios0iHmGOTGtRtz7AGdpgDCvQ7cXU3r1v2LspVl95ZuZRxvOzm8J6Kc3DYy3o1E2eyCDtvXN7JpI4O2L/pAC5pYPdWvBJnMakz3pIPoXSvvPjmY/kbUq506evhxUPqveb9y8olwHNI5Tcpl3d7HKO/8Q6Gm8Ine3Cbf50Ao38Nyg3h1es385VRyXdR3srg4Gs8aV/nvt1IufnRvVGL736y4YBbbwOBQvK5//417g3N2eYrKl9PduxagJUoR8Ifz++IjL1vqF2glJ2aNw1WdGJ+ixbQTTVdTOezeeaPCjux5nFDKlHqdrDYx4QIELjBgTkwNWIlENWpl72X5A4u2rPpru+eZcOs5N1Gra9nP5G22lTr83W93ngyT6DGmO2xqOj15HdSkHuJm7Qe6na7qegoICmOfZ4BGhjoNCMqRjjmNqmWM8BHZ8vZ8vbRdDmjNBoUYtsUQLZhOp1cNRuHf34Fpi6yapJXGdRgGtSoAJ2MlKDahs8ZkjXHtCAnHqVYE5xOOmWriSGaQ2gw0upYk03yKR0bE8UmkAMKZ7XgdCdim0ntICZYUOIUO6ORAjJRa0pkCwlrQaqe6VTCrogi0SehTfoAECwyIYJvCBgkB6iNJIyOFSR3z/piizoutGSr+hv8ZFpwqAwOl8EBM3CqLUcNR4uZZCwRI0+Aihhnwhi1FEZDkBkDqlgxzInNtCnfG9aYVbU1O2XX3WT3WbLBJ02LOk7ykjScQIciyqzXfM6RCoU3zjIc+HQ2m5CtMJepk2RG3Gdx4KB4FWFFtOX0LQMTmFrKjDpPgKxCTW4XpNLWuCacLIWt+8DRlyVyiQTqyNl5Qp6VfEYmxNoR1XKq4oZ+CBwBALnL5zjB9ML6cJwfAnAneakoGjeF06CIGpxOJUTjiGGB2SwS9dsSdoUj8Uw0govJGIiKtvE40RTXBJukgDpbjt3CTk51K/iBIYA3XIKUFOnablbVRuDY9gBeTylT5zmwPbm/SHQThFZKM5OuROJQ4uP1+FU/1dFEXWR0GmnT0mygxXqz3mwuLlbn5062UI0Ylsy1+WxObmGMRCTMCa0dByWy5HHCa2G85CRqOFWWNO7iNFoLKWZI1q5iS7mkfceaBbnU5Gwfl7AMuS6o4HQeq5NgzwkoKm5jjCeBHxSfxE1BZ8NpsSlVkOyFlp1OqCa36ATn6/lvSM3/3pgdo7m/jl01tUqMPPh2TLSpMWjQk0GJnk+x4LxA3080hhXpe9sYQRocvNsZPzwvHVJTKA4FPbrZq3J533pticfbnmqj0+ulB5c3fNj8v4khaQAwkBo6x5qFQNqMTpCLdjfP4C/k0FOUqIqS9JGvCWMhtOn4LswvFsQZViIkyflvfI7Q1pYIxHa7rbdVWZZoFDJCwlmDL6kK/R7NKmMtQM4Am1qtVicnJ7RNuQxsPD64tu1apGIdRVICTFFpekM7IlAFGtFiPn///QdPnz77xc8/efjw4WK5pNj7MahaqhyUpGOULMe2xLgYxHJILm8dHW1WFy+ePTu+dRvv/vbH3/rjv/u3n7z618/OtxVQmkDkvSqzyieQT3BKJUhgtM76ODGCYCzlSSMLLEezgM6yK/s2nf30ezqTB0MkjPDr71aK+QZo6Q6DOV1J2h8cxcS3Gj8CKXfuKeaNP6v9k+3F9MQuy+mHt4+X86mrag73QbCE5DtbztGSj0t+fnGBnBHlPGmRapLvl82EGyb3A6S/RJ8QSiyJCqbA5/22aKtts8a9HyI7ixUfhSHyxWZmnxxXwJBLu9Bn4YTE8ZMH0ZpGnlKvTB5YcD+RxRLGwNXMQE+mJQoD7MFOWN4hr0bumq3iJAisjRHvVRRUtjKjHAOp4ESp6oAsDlhw7eMLN1N2glIH7JTkAnvzstuOHw9cxJ/JFRFgVfIgKCiWt261VX3avqCTCpEm0/TRaQLkYoCyspI3EEDjSP5zXt1JOvqsfCC79yJXB1CRUxvifGnQKpLsdRCi4y2k1Oty6qsv5e+bi7V4JdscIYUCbwJzWcTOUtzMbLpczm8dn79cX5ycPfr0s49+73dRsv7wu7+1efXq8SefPPr0Vx/9rd+9tZzKVnNevPFsEOmjBOKZ1yfedDaf428NTnh0hJxqN8tvgce6HFoijTPf5PIa/Q9iiHcBfjS3pfEo8BtOpIpcP0ueBS8e/mtvP7z/O3/4t5C1+eLHP335+RcI8xIAd3n3VlFOgMOhyZRKwBLTk3GGjAokGQpNCpxCZ4Fiq+JFOf2AbX14VE4ycshbe7s+fdVU21B//zi9eWuKQDiEGMFIrd4lrjDWFCiCYWQo/3ZU7fr9eg2nj9RUu3+we+703wdBS9f9AyOLc9CUXlkObuVmXveOy4EQHaulJKO7uIdvHX1L9/0t7qaRco23HVZ1QD2vnIRL3mZ8R7L6bpMHddGbJFHzZRWvbOkazx1abn6VUzxwvfL6W/T6T17+RIoOv1aI49Dluv6y3ugwg8bOvzmTN0RIbwSwVz38JpuYXVsAABAASURBVI37S39+zcvr9/abR1S/XuXrz5dcH5F87cvrzbi/gRqHVX5DiIDXunWz5ZsABl91uZrcwJV3g4oQdq4kj/vx5g5ao3E3lKu6dXPVegXVEdv1mUND7ny5KGCamw+MecwxhE3fpKfeD0FJpv8MRWqdKxey5/ikOBdtNvEMqlhqOVw/26YpmnHdVpxIut5Q8JK2aiglji1mqCVhj5OJs5lDVTFYyvjeNJtts9k4sXRk1M0iR8sEWqjJ7GpRYZ1BOS+Pbx1NF/PJbEJJj+mIoGu31bqmYADb9Xbbuk3mK7Ru5HlV5lVht4bOADk6IMnBX9gwB5I1BtXi9CZW/sipR4594viEkEyPmL1Eg2G5MscZAE2cMZui4pDt5U7SnYhSOlVG+TFoFu2upLLwcizSSxIACrSsJiqy+PQtcF2bPUyYao3iKmsicz1yqeuF7VM8j/VawqLnnJklJ0U/WsSAPBzKsqAcOnjJcmImn7zFxVfEEUH3j98h2kFXE6GlG72PqvvUKWQAlgcUv4eV7nS8ElNCXuhqT74mW3G42XTBG6ylTCxTXM2JBBSRCMc6mUnnvS6nOPFI6my9DaLr43f7EGZG7YxAFg0Xgofgd1RuU1qZahuTmHCyFF13DjNThOzeuXhy6AR1OWUSXX1/FhSoEttlBzwWgquKj1pKE/PncMQXz8me6IsAZghtIq1ZPrSsC2xjlADxOik0NRVFx3fVtiIkQJ845xwapGJPE4p/jzU0nk0cTALiyYaBEJlJnb3YbiSR7fGPTz/zfrQ6bxOcwMKlXhfSLkCvZd/XGEtwjm6lReVotitKtLTdrAlg1gIzjqPLgDhmTSjbVJlxTCByV5L0RiHWCH42wWNDA5xwdJNU2xyMyz74uqjPkKRWj5HX5S3YPsc10bA3wKnT2MwerLepR0g0lIX3EThl1gV48K2mSKOIM5uNvlHMuyGWlQuWcavmYNN3TTRXFhhotjso9ePGmrdgAbnk1VdVNZ0lThRcEdvF0o0PUqdCE4Bassn3He5iDhj+v2cEuLrzZk9HtTNKkzumJz4YbfeqhOiMqmZIs95JUeAPW6DrxhjV6wNSPHTNFzg5mS4rfaXErcR/bCmxX8u+dHgx8j3xCx0TlsxkaBDPeVLKckL5dfC5zWa9KcmijBYgin1GrnlgYdSyEOdbPCKQdk6n0/l8fnpyulmvq+l0xufajQu8RRgPdIMw3YAY0YE4pqmz0ghuvMGC7/rwow8fP37yq199/tlnv/7+978vJ56dG+dyxbbBeSwM5RaE/MOHD37xq8+fPHk0my+IjlrzT/6DP/7hzz55/OL0gtJXoCkX7atbSkiSlcgJckClTEhp6nFHjUcnvA5/h+KCS2AyETcwJR3OHLn4G20OlwNVeV62siyrhBGMBBz/rfPi1XZTXKymL585035gbi8kph4vMxIzJGpztL8e4dcGCS/WoWSbZGY1hc3ZMYNg0yJ5NsSsTIBf2XrczU1RbJE8V5Vllgoli1r7IW4k1nMMSArexcw/O4xzv9glHZlhQfBA/lTetYn9TkNfuG7XemLjnF9hq9NizhiCNkNRQMu0VlJmMoQ7sQDz1kba7uu1s8ZvkXtAVrsskaIz10gICb7hlvi3V8CozRTUMGxmi7lx95C7PN1WGtHGMPrI2FfWZLz4RIQJYtgzwytt9GmzWhDgmpopiC0mFExFFt13ZwhGnN8PX6+I5BGCXdNuV5tyts0oGWSLnJxDKdW0lCDWUv9tkS1v3341fbW5qB798pOjB3fuPLz//re+VZ2dnTz78uTp06effX58/y7zwrRl2lalvhDeVPsmzjTCo6OEI2HrkNsjp5PolTCU3MzbIjN/s8soqAQ2gPyj/KREnkX4GEJRFE0VMZ2tXXPv4YNJ8UdIZz//6c/OX7zi6CaUzmt+fDRjOcyF6G0aKklb7iKgKo+1a36KAnrwLSPtBsuuyLp85xgZF8SesGr96uQ5yjHjY9sV/w8imq9LWWHs0f5F32n7/Ogtn+ovvDDlbrSLEJwGD+svRLZutH/BY019ErXpxLul73cSHr4qbMCVfep/P2wwo+M4+I2XLNHulxst/s0xmE+1BSOt3ewrxm8d4iDhk1U6RB7/StjZwUD2dbU3rt2QCeG270WBea1VGJ3BK2u+yVtutlyv5bHaXwEUdHqP13/59R5+owXYt7Ouwgz7mumKbO2o9Hl7XjWhQd+/eOC0dLt254EDWhgFup1NjZrO4td/WXz25/nqGbRbcMSBm2zisolfvNd8++/6b/+By+x1Xvzuyw0t2lexJX9TXru8IUt2Wbl+s/DaN792xb/W3dd76i2WcV3i3trmpkqiVx62evhL4MBr3RsPvnxYGeJ5uHaF65Wr1Mmjr0s5hPSO36lp9l2Bvbf9zsP+ykEmqp/hl/F617o1UuqK7Oh+ebw0tszhvcY99Vk4/gTiNCBeIkH7EUm5TJ5LXgzRhNOKbT6U1EuA9cmMecUq7eWwdtZUzer8okJj7XrTVBTZusjyaT6ZZZNZXub4frxYNY6O0tB5WajoRDJ4N8mKYEz1+G9bVxebFWoLi5ISvi+PlsfHR9NpKfYY7Fe92W4u8DX4PNp3TWXNtsjqPKsnWVNmDelyfetjJncW+Q1HzM8oaTKfDtNl4fgRLPlrIAmJWuqCXcyyjpptxRknnZkWqDMmM3CYRQpZom/xIQV2p2fq2VX5f542TWMhRmiKvg+QJFP24Vkf9UjRf0hf2rOdC09npQ1euFriK7Rs7cbpRkMaqsoLtKVNS5tN6bzghFLn4NMUp2HCVm32yOGEO2HS0rdABBhIfvJ5rR4VhgBUMLY137yMtwZBscPz0YorhehaK3U3oaRCIHEp6By7ukxwmJccbC8gASQn0vl3pgYVn25qH507qKLTGDamczSh9DFtkp4mfmGnnwm7mOS68jr/4VS8nrSMGGh4+j9VJ4ZHNFS7BjJJfDl0dLSpa3EuCQDYuvDJCs82mvY6c7qnf2xm8+B0Ytlci3UkvQ5ZZr0Rs2u1rfGv5qQwFMKnqWgSWslSY9jjJEySNyax+Ymm1HdjVqVfCEekLi6Utia3FNeEv5DxqEtBhfajgUfLjqTTA5jAPYZ8HE7ifDTN6gzRz8WWAYbCJLA+ljNpZTmHw8FNlFMKDivuHhQuXb3H1NtJnWwEfwbfHRP2smAWtZTTQVuafIFVcVshXxMK30IJgzJOrwRskpCpMGDiGunQFU3YzmYbZs1yQBiOg+J43XlzcB8rQr8UTEWjsAzly95s9SJjjPHch/pzvP2y4wnyJm2N8w5hqLu6QehpEnanpPOC8sNrvUYOn0yvaHkH117iZHMlR/Ju1hLE72bsRP2u05I4y+hdvsDKEdlBgmNbz2BdbymTV9tq7B9I2DnZIbm4dGUhfRYi4ul0uuUNUdcN+QVWFVHFouhmQv0JoactikQxBpcDM5/Pj5dL8lrbbBb1gn2+Msmc4WHMD0vUPKxhsbw9KeNDZgPW7kZ8c0Wbw41/5/adDz54+OtfP3ry+MmDBw+ObqG5qQTNlqKD6+YgjFrQDU7GYlbcPlqcnl88efLFex9+Oytn3/rgwT/+9//ok88e/fLJxSyfrKptnhXOVd4jq5dzE0iGc59mH/Q6DZ09JqCwOFvsS0thC8xN7e0DJkkG+vVBbV/nAlG1rAtEf+RsxSZ8Z6dr254aeFZt5+v1DDnRBaWXIO+qArlOWmncJUhbm2ZOiUia2ogze0NZNHk75MSnZ+TbShFU2NjqLDueFVkzLcC359uqRvnCQ5MzVfSZRkci7/PMSAZBirZG4oDlJCzUW8updhAuiW+laCthFMqvBxc59q9np1zkGKotMW/ZZALMu0Fuo0TK7BR/J+ct8JKezRNrXpvttlwjG4FbYrqYA+UJUujyX5Fm9fqn8t9eCbgg8EvCfOq/Jhhqi3wyn5bLZX52Xm/rmPmPW7CSCMlrfD9cZYqV4ihpq8aE5GredEwoXSFhrK75idyChrmk6DjewUBZkMo6cIlGJlCdhGiRT1JVrc8uyJU4K8FZcJnRtJh0ggEBsURx9/7devvl2cvnTz771a37d3xZvvetj+9+9Ounn/7isx//9MFHH87v3aKQkUUhnlcGFNI4oo963BgbSBZlfyyQol2cn88XC/weoyD+pnxVJc6+40ibhCpaCjfCsVA8Akk2yeumKYvJnfv3fvDv/cFsNvv5X/zFy8eP6qZCmLznXM75Xx2o5Ok5MqdN5NiUhRrIjno9brMgmSAEltbemdh5QYmPVw5WJy+HHieRIfHJz6+yxFQ3MK4GDJ7Nya6HsX7D3sFAEMLVndwMmwq0r+++An10EbUKYLqofdAPKpcslR8i5uixErUzPpE2hkicXxJnYK/apC+Iv8FyHvDsmzR/3ZLQUg7ErKxcuhV6VQZbJF2Hse+7pNqPpHQZbW9fnSvKtR65WU7CB2l2l2r4nX3VXT2gzfFfxl8rwppsx1TlCqOLd1kHzMFdfbO23ry8y3ftlCsNrjeyxVNkBjsE5+aKfws5Yd7W8kBQiabuOymOv365RlcvrxruehNS74ygx3AFNqvpv/tvZk//R9j19Wy3Wbs11dnk5S/cX/y/q/f/oPk7/2tTzs1vyg2W32gz3nE5bL5vCr99dcThGmVE4eB3f/iDHvwGlNQh5JIa8q33T3prl1a9KfW66vFB+7D3x9so74bRGcsVN1yCHclhrF/74NJ3Jp9eNQDjkzt+0ALrG91A9dT7aQ4qcN1b+x/ozxTaK9dnJ3B8G1UO8xyWdXPqM8PODd0Tw1GN718xrrfBOh7dTdS7hDV/LrA9dJFN7a5x5DCCCpGL9WazrjeV9XaSl3NKOzEpfT5xdmIyVNXWF1Wz3rYVZeC2nB1gklOKGtUpOo8mIzp57x3qZWdHi+US9WRzCkiMil3sGBpJt5S4Z7XdrlHxC9blWT3NtpOsyU2dQUvRUajdpqZQFmy6ATIX8584kaj6j98nAKWGW7Zy8G2rFym+AyXvyCcFKiPxj2Njc4gQG/ImQ5hZsGEG+9axZHLVEYYjRXMWF41pwe40LpxWCg/v+Blcbv6QCmR3Y7NZUzdiUWYdo+EALZPpfF5Qqg7LiVHYTyWLqioXwmpLz90Ov9/ziTHdD2uGAYBuEl1EETRmlN61UDJcSm4Qz1l0avmU3C4yM2zIp9AmElCEvRh60U0Gnj1BkRVsB6qjC6Z968XPo3tQnuEOcNQQjgHELgUS6YRTpUy6OCE56bc5tHHnvBKHnPZkYPzqZPLkwdTPQP1PQoPiZMCJnLaSJUZ+UkQNvivzyjKYnJjsIFDz+/BGwGZ9ly1IHFuAPTYIXbQc4IRjnDQc4QMH3gbfHR2EGl3DBGNP6eCezn8cl6rUyAQgsXc0oAlF+5B8OrIZM4mGbsQrrsdNR+k49dOy3Cj2lU610sw7SfpTbbab1Yo8kzYILVXLG4f3ZmYnk4y8kgrcPkWhgYxFAAAQAElEQVRZTjg4esa+ShICibw4qHoTvE3aEErHax6TuEAqNnbKEVkCtJHjL3GSIvP3nLAmB3QhTxcB0zB/faVqWHfZAEmcAPVhMwGsDYeQx6FRvhGOpCIYPjTSmQsDvJm+aHu14TV19TjQSnutyl+TMiT74f9OZxw1j5J4AdK70OHSsJWNEvPXRZg7NMJ0SkL67lyXdynZjF1XUy+Zd1BSxGUSGE6NdLDjZKlYg5PoxN1kxFhH8UkQsDk+kHecTwfNyuRXpzNNvmjyFsPmX5MrXisKidJm8gztN9PptGoo4VlF/iJb3Os555dL0+qEznZuX47DAXGCDCEPMJ2Wd+/effb8WVVXFxcXx/mxhA+5HNQhEBJEm3VVE2FCe7YAz01vEJk/Oift3KScvP/w/W9964Pnz198+ezLo1vH0lFEuaZVQEp0uB4CRtNwLK6+fYwMZ/Py5aujO+/Ny+nm4vQ/+Sf/4c9+8dmzf/7fVRmcn239pES71XZzTgZSKDgCWCuOnJA6S/V9bIWYRY894Wwk5EwmOOtdFbiRKMV/A4rQEq+Mo0Qps5wDzPoCYaC5APd0Wy/Wm6N8fa9cmEnmGvIjEW6aoo/kWVmWKAD4yAszW0ce6RRQ0LJlnoJ1IXTiayaGfE1NkcFiaqml5mxT1Y1H0u0lZw0KQuJxIhKLo2BibD2kDDcUa4QpH8f3I+dZcpVnI5WiikAfgwtUyDZIm7RCEJ4ANlRyIBbgWI30palNG5ifKFpSUBZEx42r19tNscIXcLyTzFprvsICorjucHFy/Sspgf8zxmjMSfCBxLLM1dLlPJsdLTcXy/bliaRA9bpPhfJZTltERnR5sg2IVMX8oAgQRBee8khKbNay/5/yqoSIMn1kxHd4P3LYZW7YrSR3rdusLibzqZ1kpkGgaUiwpU3iKJJfOakaf+fhg/XZxcmz5y8fP3r55Yf55MPZrVsPvvNb5y9ffPnJrz79qx9974//Xl5ONVgiZ40VxCzBdXxgik2gplSBghBuz8/Ojo5vcX2fcmz9+R/wmb8pr1NgTEeYENJuhkW84VzADHOtA/ZUIykiJyxy9/33kDlZrVa//ulPVq9OXiLemBRFSZJkAZQvKSZR3geKAytuGsmMtgDzJ1IH9Rz3+XTBxmfr05eXxTj5RhUYSV+zA+egwSdlZ/uhST2taRIz2lBfOHyfeM9FaQr8UK8CZsfGmjQVxMbOY2XYkyBaHsQq9hqAQyse3OL1yus/6m+IBfR7xK/D2vcmUVt3j+w+HMMHJLeCeunqN/n9qWqu6Jy5zAB8QBM++H7ubV+++cNE2DAQfUAnX7jFjrpqTTPChux0Jb3Q60Zvdi8ZsuLGfo2xlsxOnZuBwGuXr+zFoQxdb/fjnegQeGDDh6GD+MYO+d1AGZ3WPUt+yNZ9jWWCnuLtkFZ2R/+683FQdy/bR1dtDlSUTv/y/7/87F+Da81Vxfp2+vjf+ac/rL7zP6t//58aOqFwWf9uBgTeRvGX/Dr8ud+UMXZpf50rG3kHBb75i3gl5b+JNxx431/54FeupXsDrQkcfHG0Dlx+O/4Iwkl3CcYauerFXy/GR/jHS3rV458P7/sOA5i8sTNDdDVh7+P9Z7WF8F08EoxKed1TsLdDQ0ek/iJ3oWxh51Ho33mjdUSN/Ob8NLO3j0tzOzPntWt8xNB7HmFBGPrJqUn5RY/6gceJWH18ciCedX3itkGW9dXq4uL0bH1xkWfFYracFlO01k5tkbfGNhRiHbW9blX5dW03bdZ6NBdnpDzJWANG/aTQ+HW9WV94cIvlbHE0P7pzNJvP0f6Cmhc0Dju0Lq021cV6hUZiA3We1wX+WYpuUlJwa1JK0rF+YE21K9BSTgZjNt3ajBeX1MOsyvRykk11h2BUNQdiiLVqVM8MHyiaTOdlXrCpW7PAi2U3cr48IXE5EyDjuPCi4YE2SXlDWibJwRKUk8AnoinaRNcSDBSD8WenNQpGTXV0QBs22v03a1StA59cIvWUKXIKmkAhPtC4xoE9IESI0Hwf/F7qbxZi2qX6q8uUFBAVOGndYHsdOAJ0kAfpwC+36cThD4yRqdmSjI+Vuphs+VNs/ziugqNTFEUB6ulBOjWgADMZD9zFNsU1xHSmPt3Rshu6zoBhP4BO0RddDchzgD0JvFgtvMIV5JqKhX19MrUHsw0DyPrmo3I4TnKnFg5aqpiZRXxW4vJBEONlXKJSdpxFJQRYIajgLCpNDF9kQt4NfouN7iV8wYlnjUSDifPM8e1ZtU2eNG0j4T1qt2VHk3qzRaW9Y5WpeEE41yFOr/qFBA/yhDhwKph6Y3233BxPJVPXHDmByol12OmkG7JN7I/xKI5+2nFYcrJYZJuuqc8VQcxmtUboaetG5gRfNp3NCw5nQo5xZYmICD+Bf4pDjzcasqhiNw4fQsWIvYM7ZX3nL6VA1oWPEh+pcOi0nM1ySXElviacTEcCvaQkD/o7Ig4KYnh136EUGmajHcPVrzZbF+NXJQhEQKWvl4ZOk7CzN6PYbczQju4H/g07ZWDs8D3F7Nj365Sk0+NOMDdtPh6hrXHP8ut0O0ciINjDqI3dvwGPKu9PpXxFvD28vTPYYOjvMCrsX6wbL+n23L2eliEgEZ70AXy8pD8QvEZxlYjeNRxRSWM1MXHvGuv4Q/6gKAl0CVFMkYtXDjIqRVlMqkldr7a4U9YbyqGX5QUFU1I3E2M1AlUyEgsxCVnoK+7b+WJ+tD16dfJqtV7NZrOMkbU3w4NVYdjexHAIdNZZ4i21+cS81aIYybm7d+7+7vd+50/+7Z998fmjBw8eSAArsl8miDUBdc0Xwt32OGcI2CeFPVu1T54++dZ0NkWWq7D/9D/8Bz/75Rf/9oe/urO8fYFUp/XVFrKiyMtcmaCEngaKZ+KiWZpXw06OTEi9GOM8R6GI531fv6TMfRjVQRIjvNaWfWcb7IYLuWDHSIn7fCOY3412tJDvhDFdxvNKkSMcuYZM19UGBYVZ42aVuV8uyqygrDeOY/qETJa463DL4K6siHTh3myRKcX9YEOCOmJKnEoo2CzuEsqgRaAyIQYe0UK1bcgNgeMPiXuYadlVHjjJjkE2hZbbNkWm3JJEyECWkB00OUElNdTGCHjKLHcCIVHSakuMPHKDQN7DmbJQ+kStLqfqpKZAgEBcbzd2Ra8ryqnFrZKB18g+JgL2OwCXiLVMn0Dq3cgfjPnEvN4uOLhn4sAXCYAxPcsge/jkxXQxnx0db9eI/TcpoxJGxXlTedqRw0RGsm35fAAnn4VE4I9zLoxR29T5JB8VyiP3IIx4KoqMDMLoNHUVvNEMnI1BORkKWyLIZAj1LvOE9p11FDAHN4CB5f07yJNevHzx6JefLG/fKSbT9z766OzFs/Pnzz/5s//x/rc/evDxt1Aipow8JiN3S04SC+IgQ4WATxy3sORFsTw+Pj89ffX8ORK95dERi6/2K8FLfoxFS8vbha6vrnh2UYW+PA8MFMCL100IAa0EPWspilKWTZbzv/UP/t79hw9+/Gd/fvr0S87ySiBz++5dSvOp+oyIf6+gjpfwwUfQIFQ2AAh9Tb09oLF3WaCPGmGgk+7F+0tvplbKwXWTCvzxoljCTc/E6NNnYeeTmSJINrs0BV1GBTN0e+n1X1lE3wn8nWpl76CH12E4eBiZjeSJK1rf966eDBgqXvaqK5p73TJgTLtpHa8ROM9dBOOvgnLfh4U9j3TXRqvt+mZc+d6bK2DMNfjmsZqw/1byYLIPY316OJ36/qRcoqM2cUdpijAh7VHaNaPGhnGHFdU1mkQndSnPn9a8cvCXg93lJe7Ut13eYPMdsnV361xrwysOMfufGeKq6+qJ9q7Kwct1zf16xcqC2d84BJnUj2UmGgx9B92P3NrfxYP2wHDLJvGjLn9SVU7b9fG/+K/K9TNznYK6yfKT/9Y++0X1j/4PfjK7Fvq65o0bKP51K7zNTl1dvtq3/6ZcXt4Ve/Auiz/gylU39lZJ9QY3Va7VFuz/DQc9cNl9GH1i14tktNrlr/rrBWnXoNSjVXcuHngwOJEoBwJSfD7hKs3gkhne2tVUw9DjZOf7bn96v+GNdkafZ0Z12Xa9rvL5JDO3wDyn/OGpVke1iKkSzKue3xs154AGryaVYy92hWhMWWriQ7DMy1CEBEe28/Vqc/rixer0HJVm8+NyMZuX2WSK6jPUH7aNaRqo2+p85Te1rR2adwpS02YejaoFHcFC7QqqjCmz9rbKjZ0dLW7dPZ4dLyYLsvKixQInfrPZVher7cW6ocjb0OS5W0xcOWkmWTsB6gV7dYhggRNbTtGCq6eVgQ1HTng40YUbSTYfFQJs1SA7h9GgDjlIwAi0AZdTCW/A6TxUtOezSKyPNz3hBcKfkRjPcjTSBa+CoLlmsw3nA0nNon2LPOwz6PYsqeL00LTriy356wTLsVivJW8Oud0UE4lokgcfAlKcAmvXuUFWfeOzli3QtNbSTzOGwZJu+Z6eZwCdHYYEASeesqESO9qhLy/QP68lVgc2PDjxOCHrY/A1wbsSkaIoCgltkk5y4gqgP7s+QDx+0SU3SMwNbLeIZ9LbNngPOHUDEhW2FYel6J/UFfERia/z0RzNfVIgsX0LB3dDktpIhBSxvDCYd3Va18qkNK0WCfESM/uwX5F6ksVRaWaVZGL5Bbkm6emS1+h9tB62FC6DnBgoukdLeYzqqmkquqgTzBNgoA+oRi2qRlsDnU1yKGFQx+5BdKmR038c7YM9Tzylu8+zSS6ZKtiW1JJhyEs8A3bHCQHF01ergcCoU1G1JSv1Zr3ertacBqiWpDhi852UJXm5IOjMprP5LOO8V+Shxc5bRnYuB9mXpDxdciIX7Ny8YwYDF1NDCq4yDxL4nIGUcFVOofp53izHIbAhULwk/zI6YwqWwVircMXITAzouvxkhufucRwaSbYVFlpcglzcEoO95t1IlnNzFRXf3ciX7OuEDEWtUoCTsYcOiqsX6Viy0/fWvGwwGgMruN2EyynXMNYh5+Lmsp20Tr2y0jNQHiLo4bruvS4jkFi+1Hiql7vrJujbYs8TtdtVgQ5vugjWusSuFDFDCptecC6l0NGwVUZc/Jqm2W6qDeXTkWPe5HxF/hKOsQEILlC8HRrP/sv/3T9lCsdzxC2z8pK9PdAg3bpM0A3hAgqI4AXVikm5W1oQF1Zx2eMx2VCPnFMqsoducnZ8pcXmxz37uvB7dXAMtMKLeL3O7Wec6IGiRJjAHOzqk/bMobliEQxlXwjVkD+YzxcnJ6+ePn02nU5u37pVcPo05ZTjPujp+9SRpzacxiKz223z7PnLopjdfe/+anu2OC7RhvqXf/Xj7YacR0ym3M90tjCQt+zmpqGbmF7I9EWyEEAEBN1CRHKQkEar5iGxJatFWfkruEJE6IkG4cLAJUje8drFJ3+wv87OK2+gvI7AHZWWLum3ShAJUztaGFlqWCeX4G8w2KSaOQAAEABJREFU4WkvFx24BlkV5KqR0Fok7t7Vk6zgnWEDCCiHRGRVwN6KEc5xXD6h7RLHRPL1qRQDmmuPopA0rbhMcZAMZGo53IpsXNlNDFS0E/mUP3sncKQTr1udPdwkSFRqJ1Z0KYy94SgrIAlMOAcej4Lz7EgSHqNpTlTWMp1GhBrPJIoZe774HjPnA46Bzi0tnc4h9oQDQQd2vgeqEFpVf72edVQvmh4/GkQD/bgEob9OCYFHFSGGzSl7n/2JPGVEQqGRglo1gsCN0jNdr47v1MuOF0ygLDL1EHCwUasxHyYAyeikdD62Y+UzkfdcOk8mWZrdJeGG1LVfhAaKjkOO1ZK+0hoWq7PJxDVEKxDAVq/Omm29vHPr6O4tB81isXjyy89PHz/FHfH+tz5ClhSfUTEFiRSFbOFjF+SD1TINUlRJITEKEgVX5+c4XfPFnFybKWaQV8FeWXLZ7R6Gez5RnuxZ6EMAYLTO4RffRjnkRf4m9JejjezqR2Wb8W4LsqK4Qxk/XyzuPrg/v3V8fnZ6+uWz7cWK4NACyioFBUUTjGhiYlWI8mSqVrA2RguVtwYHfgJPxEQPCgKJtTPrs5M+HXnrKzKyFLDzpbsA449rnJ9wNXDbAbaDhKZ35VN1W+F7siKJAKBMYne1IyYm3lI82b2xP4dyzikJoWKMmO/SHustRcw9lWOCrrufWrObmYiUzWDKBt/2rChc8uuScjnHNcSPpidMjdQ86I27PFs3F5C8IPrZB2mgXx9MpL5xt0D/rokLMrwYf4Z2IH1drwP9L9rH2OO0A5AMLg4H+hsC0jGkc5JcTD9TQNl56f5ngzxm0nkD05s3MB33LtfjhEAyw6noF76kdDgyQUEciAAfb0V8BvEtsVuxVyap3xtdbM4MBjICjJDOLOzunsHXwY89Vy4vN18/qeGv18CVbcObjzdpBy7FRtdveLgnBgsMYBJg0S8p82YCxCbbogOmBDbgylfvVLnerCdHove/YvgiMIPx9fa0SXdDnJ90s8YtE0WDgH8AengsPpusY6wQ3pefPLn9L/5vk+rUvFbJqrPs0z9t7/2OmS3Na0LZ17XcAGt5Sdtvs/XDSo9hGrs1+D646Pst+P6Xy7+PPrV78ZK3j36/tNz8hMNBd9OdD/sf3YcNBugDhnRw5G3X2IV+72+/W2Pk0qGzegmUHdLaDawdjJMaM04sIL27i8DNgF9Jvg+v9DB5v1p/LTve0piUjA1rQq/Z7uLgyQHVHpAcE/nbtM/pj+7nkHRB7y1mcLf7AulPgD45TAgTJCxr+niok8B0JGQpz9ujdiaZIf7uu6mBtAkDQdxMngwsfvqaTpjwkZNO2VxjRJ0TxtBx2D2+2YIOyfZqQjdaMDb0O7w36UzCxHeTlYyzm4VuOGiHgbwscyitP3GxT+MlsUgFRaNXjxMxnct1nggTpk/M6XIgEC24dbXZnp+enr54jsqxyaSYz2azcjorykVe5mhErlq32tSvzqtXF35VZ63Lyc6awyT3k8yzDwdFhkAD9na93VygNWZ+PDu6vZwfzSwOAyujOq7161MKo7JZb2s0oaKloyiaZYl/7fGsneeU0t05VDSj7ZuCH6ACr8ims7IsKXO2FcUwiAIbwqTI/PIKi4IXnCwWeSqUBQcFIUswe5xkrBuU1fKpIwadfmZHlURRp3YKJ/o8UX4CpMqfABkGgkE8rkiwmEpTYqe0ov9W1aDRxBmtxDWp6y1atlY4e+u6qgw5W+TT2bSclbPZdDqfohVpMi1pFDQVZP/hUYvFzSd4JAqBvts1xvSRQUDgPtXEMmT41FTho5oGOhxCM+37LfIP24GjT0CaAZJgzcoCQmdy42bZjt5QdBMc/nq9uVjR8NlnIqeAERTdhDIzLebldCrhWwBi6hkIYB/DfhixWaqvSYAJAZPgBhES61CgQJz4ho7XU34WMupLBAwyN0o8E3Lu0Rw+6jcRfDjivpPwGDxbYWIBxHIhdUMaHnaemah3An6JBg7pkDiVSN6cmlIKVfIncV8ajbzifRrKQgYI6kZnOY+E+EDw2+h9knyIp1/sJmTOaSqENzSmbtHQW3MynZreosFdTIfkTQSSTvqnn06qsJmJTbh0W7AN3ZWQPPmEhopK9clUf+bcL5tzIHyboMVuZ3mj3j6dViLktaD9Q/OBkHJ+sb64WJ2d4RcJCESjpDgqGe726Xw+Wyznx8vZ0XK6WFBKHdr+JRqG2DNHY4SwcZqjETSNBHcfMixhD8mggU5Nk9sHBeAJjnE0xdNpSX8cf4j9XWh00mfQVtkkYYO+RkBI4VHwWM7QRke6OWcSA0BNSY4qDgLBabYEABTt+B0XtwQvif61RzXELCEeKkkxgxLNPbLD+9bKS/5MUN2+SfE+QUqpVtnAaE0NPtUhKj9AXeljAOOdZE8jGTj0aiuAdh+Rm9DvkfURbxBeizij+n0Hm46NWqqD76HkMDTpsvNJz9m9rM8VXDL1V61KMusQORBnUtMsz7XyS+IR0tcZBh6N8QvIO7svgXSjBbc14r3ZOnJ3Y9iuCBFtENTbunIcsRV0zBCgz4TAAyA2FrJYGp/zP7I1qXOUfw+MZF/DUrktbldsnWLYz6aQa5C0yNkztknIZjiNZOX17MeJbSEDslqvz1frrChmi3kWVp6z2FlxbhScYphv9bF1IPclzvVAQZ2S3I+92DijyxNw7eULJ3xJ3OcOsdDDDx4+e/bi819/8f777yPOYxYhG0odQiSjAUcQN5j5rDw+mp+8Wj369ePb9+/60s3m5vvf++Bv/eBb/+Jf/QLXj3JYgGm2Fvm8yWzSsHsvL5X1MeCP8kvyg917rQfZXeocHXYv5bwQjO/EYcXE2aDEKFcNf0+B/fMW5+FAAyT0V6dj20MZbecSZv2Sp163DN7l91wbXNrtYsvgKQjVDZ6RRmntcL0cMuYGSrNq2pcGPl+vJ5PsvaKYI33Ni4CWyNsbv7bEtzSmbnzk1ghcye8kp2w45BSLm2Tr/UTZWAIKfI2flhQW0VfnFccpyUwDnCfKdEDESAlZmcoKG4XyjJKMjD1MGaoY1DteDTk8Yrs1Gh3t3LY1SNS3zrhKnBmyshBKjcyEm+ROYkG2Rj1Sw6SQ61xNjhKb7ELGVszBFuLTqkEReyTYQ8BrN1uiZrnHdeu9+PLEdSM+F251wvXrvz4pvm99N6F3YQMpgqDMiCgbGFgcHbMzEZy9eNHWksBSTkMLQRemX1x2QdLoMOrr3pGM2nPkDxSotrhqlDWJxLrcBLQThXvpVTctHe/UG1rKYwWWiR1BKKksCW/VeoMdRH7X5szpFwRdCC4ZtJDb6XJ5fM+dPT/dnq+efvrZ8Xu3yyUi2fm3f/C9n5yeffmLT1/83uO7H380XcwNOa/gdOTE00PGDHYrsymUSemTMYvFwt27//TRo4vlfDp7L3EvM0ZDnpr+BOnA/MEreK3yho9/c0uPT4taGNNxFkGcAYmMYoiAWgceJaIPfutjFDt+9G/+5OUXTxBiWdItURKbzmfIv0QdV8hOtqdA75xBLBPEVgYasNuL8x3Hc2VPzNemwJ6D7spFJDvUi1uIYCxxxUkXQRk4MNElJIZfhWRDBGSRfIu3Q5PDPgXFhXqW6NtDX/TJNL8ICLnsdh30xxTI9Pie3HlshxEZ8+iHK1j9A1536I3xe93MvvMyRHe7UO7HwnNc0pBXphh6F/sxTkbeGtmDCIqiawSzp+IV/dlT4Lrz/Fpv0QeVwsJ4U/2f+isMWfQV3GMwYz0K9c1wmtKFSBdOavoxtDh6uRfKIV0/v2dErz1TaQvmOo1cXT/06SvZW5eUAOGXiDQwQF/Q5SUzCRwfANCHLszIdtub1sofmlDKXG/yd4cDA0ozPuTLxhjEBziw/vhOTTacGWzC8Sb1t92c3/rX//ei3Zg3KFm9mv7r/8fmf/5f+Nlyt3PJP9+88o3tuJQb6D58pRzAN7+8IdV5h8WbsUX2+376fTUP2vO9u/7tw9aY6vVAERfGfqaf+xoaqbm33RF6dWmjcFlV2P/42BPXBtGU5LytMtZ2N+oBjwfjz3qzZ81VwoRB5cjVxtpyUTR+iSEppasc5c+EGBkgBxF2JmfHnjforzeXL9t1pzpwAmhbXa/qYjnJYWr8GkaiSnQKMZmE9FCHj8Jvb5qBQxR4znZOMbA9oKW/2dZFVpyfvTp78dI1LVprj5dH06JE6/AE8kltmvNNvdq4Ve0utlntMsPhGTLbohI4cyan/7CRptr4usqNn87zxe3l/PbR7IjMvaifI8suGpUuVpvzC7ItoTatKCpr22lhjmbtNK8LqK3BWjVb3UnWI58DypxSTieBmIGopI1TuR0STlyiCOhJS4pxgoamaTmbcIgU0Um7xIyoc+Z8f7F88r1bYZVjYtL2MWOt72Y4nEpKnYG4cSum7mBRRW032dg4jc5WXQochZ9ZHh8XE4luQsekKXYC6zPDG0wfD3PrCiF9WXYM8gcdVjiBKK85GCJ5GJwT9sEWGXvTG3sUMpzvzJKSogUhjxdO89c4t1mv2cKusRyw5JQPZabJg4KnCLkTcDqVZEp9TG/ifRfzoye8JlEKkp77NrxRQlZIt+ULznacnuQ4thpSILHIpgAQLc1qhJY+cy4ojhSixXL7EgZenCpa18b+t8k8eP6peVvcTmQj0zmBhC6Rrtro717WHgkboplY2MeCA2a0ksNIX6dBVFw4te91ChQ+UqwLwVkrIsbOTi267nyCr85pBRGAxdmGUsxwmBOV8ZQ9jcbf6Ekj6jjV8/TWmkzUFZuot5sNJRhiZxEyIWUZ7nJx6eEVZF+lktzNyArAmMqp1xdEoInNElC1ThGoXg87nCak89CgmsB5tgiySEssLkWiLqYYPN6or4yFeKrXR2NLZGWE0viUtoB4ZLmaUvyIU0sX7IfhtIdwaCDDg3M9jOD3QcwYe9dX1PQxi99HwfyYt8oh1G73wZ4hOCDHeHN/Q3GYgQr4vbxt0Ffv69KwJ31uWD+CbQ+Gr6DWbcQ8sc9qGhsWGB+M3gqUJfEo6rqXPrvDkIxys4G9MZcUsf/vKOt81Oxr+2ncpkDggoZelE4uUGObLKlsIqc7iCM4aVCrzQbRkGAkvOed4jrFaGqlhjRUm77c6sLn2n0u4rqH69Ag4zIpptMpe3O2m+2WMMK2KsXFj+OjRY1LZwmP4za9SaUEXfN5sVpTsBPyXplIfUmuBiFglktof9cS/4doPW8bYO8yxXTmBgukzAd+vvfee/fv3/35zz/94vMvjo6OZtNZXOBupyXPByj1QqmO54s7t6onz05/+bNP/uDv/+2Xq+cfvf/B//Y/+8/Wp//8z376yxqJlkEr/+rs1bO75Qw0+0mgwQ7YG7ZDb4EBkHByXmiHpLjTNAStk1RnoSM2srMH6wJfp1h7aOwTgRMpe3HIOGb96or31548GP3dAy2QKDS4XjnnQTTtSbMpt9WtlZ9P5+NGn8EAABAASURBVOcblCMWaHzHlc4ziTWYTacT5DSEqYnuUfiLdnaOjEFOjgfEBtmW0+s4isTMvhrTCULTpvFVJfTZSFwymxHICZ4gKmgpPeDWbPFKUc4sMwEUK4W6ykjZUXwz8nHX4SSpVfCPURajowa7SbXBlBl7uUoEs5zoeuNrglRhj7wP8dC8I2dVtzlfOb4996ZcLJABAdstgB8c2f+KSkJOAuO+q5u/8ZJyitwLvczXWmW+CQMc3TrGBUOSsDo7Fa9EquRYllABm9aRg18xqZHoNQPuQYtmGWxwzbcES3nhJb2i0ifVCkAgMFgy792VixTelUUZw3PoOX/hytkMwa+1rc1dZjlaHVCKUyg4R9ut42fnT14+evLkV3c+/v3v4csffvfj548fvfj815/+9OfLu7cnswnFC51MBPcJfycxgITuQ5KRFAu2OZvPn3/5FAXs+WKxZx7eVrnyFfC24eprUPZNAgwclZJbMZ1TzUlzP/r4Y9Sw/OTP/+Lk+fPnjx4h/3Pv4QMS9OecLtA44a3GOWZBp9KTeDH0asZuWgjQ9WZtbry8DnxBUEoll8RzOkqXvkdGIfE2UV2Gh36+muQTUhotjLI2GwUfr5ItROq464+SGEfB9B1QFGf44etGum56TJmJDQcflTBAVZfEAHjKHvm+VTZMxh4mY3Dx8p+HMiq7PdhT7ebImjeHcCx+v/wElz0S+f1UPTZ0KOlqX5WuxcN4m4cUHwDUjHf18NKb/tfsTdfUFf3wu4RcGRsdj/67dwKZ9Qpf+xl2/IBipI9H55Wd8fXcBYZv9JerDsYVomD2j/Y1ZvXakPF6a3dwuXS7juIvMDvubnJbsKW/GgOAnMLwu694zbI7SekGv7Ly/gp7Gj60zz76AV5rmLEyjMlsyTQPX3c5gHbU4lAeX7cn7Js07279y//qDT1OpGTNuvxv/+vtP/s/oiD55vBwQPE3UONtV34nE/HXpsDbnLDDGz+kpv+6r+xr07aU4+79e8kjTLXTijdCEF7j1uUFRr+G77Cv7t4r4zVCc2P1o7VoUNl0B4vGX3wdremhNa8DH5eB04Ggdnm1a7JmMPp4EnXXXL6Ewgb57mK8pc4lvoMz2NdC8C9JbqeeJbEbPWt60hSk7UFfu/IGi7gzd3W1adyy8AY1+2seVVBlBONosEQOzKis/6da6n8cBftooxNWhlOZuG3TXGxXF69cVU98Nl8eL2eLGZpsWUlXtLB5dtqebevVxlQtBSkg+671Gadt5/zDGdmwm/X6oqk2qPEtF9PF8fL49vFsMc/zDKs06+3Z6dnq5LzeUmrhbWaawlY5uEmWL2d2Vla+XV2sUNvctBRfmQ26ZUb5VDjORBJVQoygfApOF4t8EdiJBiSeRA5k3i6yspyXJQUewC4ZgQtwMvCgnIG+s0JYXAGy/hoPvqQTHq4Ml1eNJhw3XK5EHwlJ5MGfdAy0ovwmVczQUbK9nKNqAIWFyDRQRnxvX3dzHXxwSekASdp0g+H063o9PdXzJgswGltJlG/B2E95kyisCwfwoHgeHNTEUAqCjHKhUAIhBLFJMSkGesuY0sQYXTifvEveEg1JaiKBkLHdy4MmnXxxtqBX5zlHRydbpJXoFDuMgrodRD+X4AgSYpnw0VkJ5hJiWEhIFODYKNIl9kbg2DaaNUfz54g5tuGfLniZ7I4uVSoq6FuAaNUDDaRh4w2Zf+ed5uih6Bn00rqJk2ASNCIaeBgoOXV/JBeDb4jc5oeSrFTihIEATB4nnLCB43+DblU/mNIITgBdgACxYsZcQvjvdr2OcV8kCrvlqDO4WyiUCqWgKjIOtyJLCRxBxAtRCL47PatrcOvxCWwEA7kXi0bMZ5SuBXmZkBMYWZ/FxYQCnBcFn3z13ZzJMbsuIERP2RgDtwREQx/sfLaRiCYceSVdl35h65fvT6ZcH1Tcl15nWG0X4I2/5O6bFD+2ua68MtqSzIu/3ttuDGUOW42bIkD14ZYX6KcG6z59iB7x2ktwGA/KSm0fFIARf3afXCnrvDbHwBJEBckmQ4327tn4yyZCSXnjOJEOp8FCfgGhveYEFmLDDWd6Jb8K0xTyxTI26YyR1Cvaof/yf/9PZMrlt2DfEHgK1K+wrSkGCmJ5OoxOMYi8WhthdxhihQx7Ujc8+wlShCVEnByuKocQ/WoIXyDWbi7JPfJBpCBUgikBDs3GeMjadc6RRnLpMX9wcnKCHZ7O6D98uQmv9PHdERnyNLCLqBjiM0QaF+fbs7OLcjK5c/cOmk8/ePjtpnI/++Rnp6sLme+6RSaQEj10vLNgbuhoUpjhjl4HE1Cn7RfCZUIEnSgKQM8wfOkM7VQZe2R4JYbS6mYv/O0WE/oXNyJc2qXDd/5bKB2d6V27EuLGYXJ4UaZAQp60SEN9UxiXu3aKlN74Ce4vTvdBuUb4cfIc4HBicfJs2Fo4S0Vk7iVGXeRtpCa55XKuTPoCrVdjhdFaMW4YOEYiEk3OBj5GohCZyDPZzpAR+ackXJ7uDw6MoowdBFcbY0LQjQCfvjNmRmGMtzkjB9nh0Jk8Te+fgF924ARekzqNC5RjFUFfEVBtD5tHrPhWS/IGWjIKTOIcLgVOnbDFjLe9lR3HcWoCLum+9PxwNRWiCl5KiEy3WfXYAURkISKUxiYLYuEV2xZSecYrg0QfHL4Lgqd5xvG0mNGH3FDAEnJ9ak1FQQU3yIMf3bk1mU/LOaHm54+enj57dvvB/aN7t6AsGupWpvoJlq6hg7iu1HVTcCTDl8+eCnkiP6dxejy4NH73xvEV9OHqHZSvFOUOS9hcptv0gSxGPk/ktKPFYjafIxv06umXZy9fEkosS0sueyDMRyoE9hrf91IudwqTW6AYlpsDrUSvMXvXZklHdWUD0j18JP7ju9fKDk6wiDcDjYjfvS5aMNlQPjGl+l71cAHCN5PIdH0u3Pcy7EiVYHKHEYXygM8cH39aY+fKvtpwnZ/73rh3HfbzUnDlwwdCle6W4UsDfwo7F5UkQ/9ut+kiogfTuxsvDuhe14dIENTTz4T/tCl9b+gxQErPEzIUWk/7mVw3/b71e2CSL5BU6M9npFqD9eheNLBOBPpnBlMKKbo2g1a72YaEdzDJle5LYB8g0NXkbiSvyS3YaaFjTaJsEr/HGilU9JBhd6s/lfEmDGsOqvW3qBmW3SuHlOs+Bde+ccOlDxvDmwf3YvTxPfXCtr4aNQ03CnQbJAXYAUhHiIL+O+NG333R4Apc2vvue8/GEhnNtPIOkHVEBSBtM6kN8e7wYjoOk/7ToTGA3vx0G9NEzAYwmIXIFIf3zf/iny9e/twcUoJy85Jim7XbVu7h7+6576+8cHPlZpp+ix18t2WfptEnn6O3BtUGF/2lXw75Pmh2cBF27qZvPxhpvUUkC1ffHaCGS5DPEAPsaWfAU8GeF15z0H7vj53r/opaY+34jiUfQOO72GQpmTCmT2dGpysSriFLD4PbSRUYbTrlWJP39bmZgKhh54oZXA+IPX2XGdDKTvkxGFM6CylZGkDaEAQHUJVOwW59SL/AsIXhz4QkgRmy0yYypb3K6fgT8hfb7Y2sv0D8S+VASCdJI5oY4e5jq2AS3tckCZ7jWyGpxp829Fe0hcO0OzoMiD9Txjppp+NiQh/kbgePAD2ohh1WIllWVCXNJmTXOPfpsUwf7ejREG5MaoXnwPAazpVDOKSuFdxhsvxs63qzXZ+cX7x41W6qMpvcXd46ni2Pp4sZKoMr315s67P1+Rcv/KqGhhOXcz4dMy3oLGDBSkHX+KZZr86qelNM8+Xt5ezO0ex4Uc5Jc+LaZrvarC9W5yfnZ2erde2qvGjmk/Zo6m8tzPHczyaNNaiNu7hYAS8VPlVQKpzppJyQYi3Pu2F3GMgaMXSH7AeeMoNbyuWBz85Qm1dydqAylzAnQPayZFGMiWsJ/U3QmRQGu3BYIJGaFCq8doV64+LplWjaENOVJwU8Z0/ZbtdbSmhSYW20muPcL4+O+AAb95wiQ1CYhmQvROWTh52SgscOzb9iKPuvQ/9L7x0meW+nsA8qskGvxHxfcZiK9cUFfpLHA6cmoQRItGSz6XyOwyd/hWyQDQAkJYh4naiF0piBOk4cPvRPHVAg7pTgwEDOFlKZzAMFpZ8RpxNxYhBLIq+bjWOSuXTB7SUNsQIxtEZRSk6Hgj1m8lySpbCVM3RJ+il6dXE2wgmpJawFu+BI6A4XnCGG68Et2GANCe4u1Di/SlxnikwMqxTgxBCgceocjhHCn1XVUpYW0usH0Sjo1rqjc90bQ5Ib0BVN3VxC2iDLwMq+F1nBsQDoj+aBOsU95M3tfcoAQggw03nwhEVtsYOaYagWmFmdnzfceey3Zf+kkgFmhjrbxQLRBb2OVpNiqojx3AVTp+tHNxm4s/i2cySS7EbpL5fCTEbnD+nV8/l0MUeTwf/E3n9G2ZZk54FYxPHX5k3zvC3XZbq7qm01uhtANxrekXACOEM7JIdcIEcjDbnEJXBpjZZGsyT9GP3QzA9xxBlJwyE59CSoJgmAAEgQ3UBXm2pT1V22q96r51/6vP4eE4odO+w552bezJdZpsmoVzePiRM+duzY+4u9Az5WQzDHpFYBM12EaSVLzkKIXpDEuAtxkDOBwQJqwEnxaDQdj3l9QTePbnScJdB2eaO2tfZutn4/sBAdYGXe7iT3eIsU6bD5U/IggRlol7dPupTWZENtPqH21QL51rQJW6jv6NFrXjgrhdLl6aY34gZrEUMiaxghXIk8RR7gW+HbDncNhVQkC5gh5zeEG53phE/kDPz5pRlM54wh3EQuKVAAD5kxyzuP4uDUuq0CgE6wsMygGdCsujxgBZQuSykqhEOYv1TAOJnnLFGV5ZSabhAkHhfv0XjMKUYk6DuxOVoqrdx7isPAiqsEIA6SSpXnggN8kd51WEMsDKfCnIDdv7/O6cjq2ionliZFhxXVmVDZsJwXAeIU5xnlHNv9e+vLy70wiHnCvOlu371349ZNcIkDPkS84XjqATA2pJrN1Ty/CLruxqKcZEQpamx0H+i+oJSauXSSoJN9kq35WBVKoyZp7WdqDThw5p9ksIYWtZ4dOOIWAp1IWz7QMwEtAEXKl6+Zz4qG50WUxoA6IaHAfsBYYITfF2i4AgkaGs5TRMLXM08YnQSDJ6hUFEQB/pOT2gckZpFLB01UOlohAmUMMDKGCkYBLxDgOI3Wk+WmRHMhOAaV10MF6BZsAo/O+XNMTE9YzwtUWyDc2Jr1OMKZRAgCjRE+PIXxHr2XIHpkUItRoDXjhB5xKaMHdpxN7qhNBPRbeXfyQ9dk7nucuYLWL4gCAEFX8n1pzvdFekmSWyuiO5WIa2kDUIEQ1V6E6C21pIbCRIqPbKiuO9ZUr9oWKdwnMBtDRMxY4k8yYb8L9zMANfd8hMqIMgMQm8cd7u5NBoOwGXeWl/lve2lp6+5Gf2ODeax7ejlsNWkQU+ELCmzN+a1sAAAQAElEQVR5gSUo8EtWJSlBIADyHvh529nc4DuNZqttbcZqNmCqxe1eoNVrdhio7D6BuuPqbQjvKMmtCSXWQj4Rhhkp2v0Sz3lX8l0v3/5ms3x3Y7O/vcP7PeL7mTginjDnU7BST1U7jlaIyXIEBHIwnnDmhxwuHFcz0soFBKTStfHcr9XhMloWX+uZDUHyruZaSaypsXDMrPP4Tnzc91oibgt1YsV3CSkj0sNOudwOZXADrSzKLtV1b60I1E2k8oC6b+cGeuCD6tOFJtQheKgDkyk3qREOu+oXaprCWa8scTO1E6TWV9SI2dVDar3ViVoxdR5Wl1jLOLKvREW0i2ITAbvUxBEXEMMcmAj6ufNVzYAwRSwlTqxv7eFlFnorC0NGVPXsRMxDYl1I5p3YjWW4eV1I6jQedRqRELeRqCVa19WipXRoqcWccUor7W4H6lSb1Mepuap9fZhw2K/mTc9jEstYnXDIDxf+xvS5viVzm50ekMU+c4IYkkkcptYaVfpJOXO6/3Cpy/rACMx9Xl67ytWm7jN3iJeeOATDjkHd2W9PC0rtVYU4M1lHk/IclQo1NEQ+9caD1Rf+ySLjL37yw4/96y+OXno1vfba/jG9vdv55Y+yMNonDtvnbpEvjhSOaZItlNSD5HWM5VwkbTbvBSkjPEhF3sDcz1ndE1IXpxpZzy82J6bKkdYWD78lDxgO3/R0oQjUfULnf11LEKrplHltWp/hQg3Cai/NMzYnsvu4ylEvdMtqkpqXxQMFd9fsLDIWxXYi0FKs0iJDSHkxqiRtL0O0kl9t/OruvbIyumk6D/Wdxf261bI/c7g2N6naNalcf0rKq5R57kQol5BaCVJLEFLin4lW7uuS13LghLg7Lnvdt2RB6iWzOlAVyjSJ2GEqKiTKZPnWMWuvXlxVFkqUbD00DHfpuUetClPD5ptoRAm1iDUuKDWZ6iaz2t6uvNNXELgUrpnwRZnuKu/2UnFrafdrgiHBQkaaFw4eRZkEBkcVw/Fob8CjrfRWVrpL3Uar4Sdh4bHRbLzTH9zf2r27TSY5OKrhYpAk5i9J5NPYyymeWk65bDCbTbhqOIy9znJnaa3X7raTVgLObLJ8PBjv7ez1B6PRZDpjNI8T1k5Ip1l0G6TTIEk4LbIx10NNJ7xgcRSDtj4GXxXgmwMsFxgbJ6rToVUYql+pVHd5AM7wQl5ALrsRwIWkwVOIPB+7slCMl5HFySCSlOJqZ96VbutDVfhD0FtTBXjBpEMZrmvjquXhhKuWZ3DmjUvNk0aj3e2CfZlmI24kQp8lvaN4aHyOMarGHjU7OLpgIRcIdM5D/MfU0dRy8CwgBbFGo9W6sllgrAmsyXg8QpgF/zbhHdVuJwJuEnNdRRj4vgaLmHTwErABINS1etDWGSD2QreRCsyCEzB1HhW/FUdifWE9PXBHBKHUmNmQeAWVLxZL+IsJ8MQ7mONJEoGRigHyILAf1AKFYA+isQ2BNEmllZc01XY7JNZEG6Vg8ji83Qiq0lZ9BeoDTaros/cIHEEow4wPsuFoInAMoLJJM6yTahbCNO5EyveMRQGnC6gincrIASOKCoLdD7BJ5IONHl9ibkDwzv/BmU9MDO0YKMLkjCWmXJZrnEcGfrqmaPZjwinHCMaMjyAe0drNdpv/ExAl8N4VghcqNC6jyQVjpDwaNcBFIkm0XZm8ENpxZpmZcQgsFVqtqMkzbsLx1GYzaYJM2IOOphIgRa0lSbQMU+TKwhvBX1+YYMEKQx3HfGKMYWoMh5wOAhKrMpXkdKPWeoM2plhpwtaFfYELBvRwojuYOZnuG4kcLjwYIXwQ0Alxu+nAyNVMSaVNBONCFgn06DW3hPiS2DCTquZLqMJOSTdhaNKJEUuWYapPpXcueCpnIaC4csFszMaTGV/sJxO0uZTNZqh5IcK8kCD7BbWyJe5BdOF+ipj2EUEiP6SqDDGjDDzSsaBgIePEgmeUzjyeoTeexJyxSDIq9I/gycNdQ8sdRjnjIJwyiJZJmo12kQ9h5Z6NxxMk/ZpkIyVUim+uQi1oIWcpJorUH0CIYu4bJ0LHGnCN4/Xji+rZc2fv3bu/tbWzt7fXbnWJIEm4uCJ5Igomi5/6Qt3L11hexE4nOX8+7g8m69vbL33rOx/5xMcnw/7Z5c7nvv/Zmxv3r93e4KwfJ/m8D7PZmPNcTI0CwTDIfrK1OUQtFrCSFtKNBRNeJCSIQLhOEQsYUZqpRd3fHHuwp16pl2pmNTssrTrp4Fl26nQbsqPuxqndh/BbIDkArowGPteiTjO6R4rNdJp4Xnsy5YxcBCb7AMQLfi49cJDJGRI6g7bKUGvHpHtTThsI80LJwRCgFQWRwBKRVcsPPJ7uFBgnvt3g7AGPnVKSAQDFQ1ZJuCIBvgdtB8IJAsEdaeUhAs8FBI0ofg66LQcDGxDQZJEHnr9gt8SZMzoeUTFE+TznM5uzdhI8S2Z5Kuw3SdZGjFxhyynnTN14ko3HwMqGgIshRFOAQpx+NzyxmqyV5qYnQBdkfuzkEj9CwHGA3C40qOBBokbSWuoOdnYB9A2+2NAolRjSuBECCIcvuib3iS8YdL3gyIDrAfxAssBSwk4VsFAemLuUqCe16Cm3i/Jb9ZDM4VTE2qx26lShjaAexWQwDsJhnDT4mOdjDlBZLAeAIx/isd9dW9rb3trb2L5/7WZnZXk14cUJrzz51M7tW3de++75x642l1d8GnJKLDA4vJw+g+Minie9jxGNcOFl4OOUTzC+bR8O+v3dXX7BmW/N/pb8oc7tgpOhXe+qYXZygdY5vnECcyLDH+1aVVxQKjwFh37v9NrDYlG+/urL965d40P2HCXdlWUAd3pyM6J5DGZ5ymO2EzpLliS8e1FOx8ihAzuANaklW/MCrYlbyoDpbVMpKpX7EjHjpN8ZS17DNOun9q8iPtXuKKm14WR2LhKEQrXrHKTT8lJxRbgJZ4q0MJQZMok40b+EqnxVbsqMCvKwTDujZfCx/EhXS5Zcu6Cgcj/O5rUeiqzIAW3tfDmveWvJm7sxcBx418Wj9kEtVheFLjBcDhhzBw3JOfHqb8t/bE85VkSmrLfi6CB0buq6+jUFstdc9/vSV3ZqdOEausG0dCUaLRXJqR0xld0nA7W5cQpDbNeBaihQ4rj0MInr1PfJRS3f+gtN4JjOa34aKs4cXsdt5foUzJZowVF3AoEtNm32DQcnYLP2Nq2c8zm1XJXNS0+1at3K6NKnhdx37RcOohnuGFSTeE5Sx+fK1dQSF4FKZ7rNd8hBRqVHOnKIRFyCV3lh/VpRXLrY/ua/gK36AsVb/Yv/GVkseFzU8PXPzz71x8jhw4ONnBMIx1Ggw02It0/s8G5pbGpdHKpM9JjrYBI7rg0UXfDZuyGUrP2VL+xbZt2xfZN614yxmlanpb/1r+m8+32z2y9rWvlVS6z9IZ3L6S1cADr/1TEFybA90Co7b5FTGnHJeFRelYthUrPONZBKTGYuqIolc2HU/YZqmRBVsQixcCHiK3nMkuGmz9II6nNUzC4u1aUvdZE7Gp0BZFe49KJUOeI2hPM2A6fUaG5XyWlBAY/26oWpUGbxyNJEvXhWEOEn3bIJIXTNRBwfzEDfPcums1G/z9UTK72VVtRoBQmdFeOd/nR3ON3tZ4MZm6ZhQcIoDhtJ0Ei4+NgL4PxeHEXj0WA0nnC1NoET+UVzpdPsJK1ut9lsAGiCyxBzNhtl075AGqQg+ygaMWk1/U6DtsB7NZj4AAMnQ66R4pXiwkY/BkUOmEwALbJPLKCMNDyj3QSJ7hP6IDgPxnXbcYOL+qIoBq23H/pSy4zeJhiIGMHgP9VoKIInFi13TKoZqzt6C1dhPXO9Nqvr0l5HiMFB28QbgKuWeY2lAtwjEcAsuAY9FviYmCJQyqjoc+GhQBRZatIxE2/eQDqxUC+9NIpGIuUqVFmVKOShVnkQsRDoB94EfDB7wvdKIxQmQcBHSWC2o4WxMGFnhF6Q8KGwvm/KY6NeDKSAGbMW+Fz3jjaob9eCS6TxGs6UKasbiEtgWsjLiIR3CECQrwAr1IGAeMYmL1M2NtC9gwI6oPmKLMPD/Uy/0oWRF6peRkVoY5jwFZVAEKwUKlOKQqIoIC9hTIU3u/QOg0fNmdzrUdTUoC6ZaYsCsgw52MK3OpeoA95MNTtm74H4H7RLQmlE4dietOniByJh4QYGyY7qEa9Oa8ccFAj4w4BmkXZNPI9PkKTZ1GZduLYXVeAog0VXOFKUSFD0YSnF7WEgGh89GRm/M4oGOLgfkY6wFyPUV74fN5MoSWAA4FxFZZPaKWi7RrqDkC7gOMHEtSIjnc7Q6I6EH82UXROi0rCmk1zSFA03BIeZ3tFddbAYnJBF4jz4J0cINtRmsS+ovUfGJMSfoiIaO56wUCMcraGs3sQggQHH0OwVEYVZ9awnlMmlTzpuKsDEuxzVRFFNDzkjnCWKKAHtJvaCJGwWwGDlUzlnBZosAsQJrIBSP0dyKcASDIzwiyXBZ3qw41O6L5onqDwSa7Ag0l7AgrwAIKAfpMUMwCdiHQLjaZmwZOVRacTeJRay6YXklGl9AKWxMK20t5eNRqMYWI0I6YWnXN9RS4spg5aQCk12JlzHkZMPvM6rK6tnzpx+441rG+sbvd4K5zJ4xQtx0lp7hjA25oFM54LQcW1nRlnKl+dTp1b2hhDeeuPahcuX+CL4xCNXPvnRD9+581tZNovCJI+EExWWEyoN6koVmCWblF0qOWfomZwp5kvSZBhQTECOwCkTQQ87zOLf38lgT5Q5ex5nmSHviqDm/OHKQ2vX5nK9JXMtaAGXHHpBHoajIlufTfnwagR+yPkAZJBCyhdqvu5xpinGA23gQjNDM4DSFJAYgmCyxKcR8XM/YMWMv4uEmyrwqxPxMVkQ38tYxtXx/PUUOSthWEQUUYC9hO8c9FKICzYYM0I7KDDHvUIMRhhlkHsheBOAzxRq2vISFwCVl+YjYc9CJ4QKP0HSOyD/CFFuYNNCrNma2EEKADuZTMfDETBDId+UhNQHthasnmjxCyonmRLNlzuAMO1jrNybDxpKybJ3AQaFCS+JAgdSIOUHU1RJ0ui0p+NxwTJ4BLwtReIhaIYn7NwwcBkGLSP9U5qRqrgnDdQQZywA8QQ2mcA6CJN2dXCNwUBrdLD27g6D0vojj2axxSLvPM1no/FsMIbBVxC+XsAuLgD7YLwUUbu5ev7M3vrWaGd3/a2bK+dOZwFdPX/29MNXb7704o2XX20vLZ977LEpZwcpWH/hKyfL0VyQR5QyDssFZFzsZfhIWztz5s5bb92/c+f0uXNJkmgu02barGtLYErmdopd/SOEd2Rovf2092g5CnSl8fQJ/ep7YTNZPXca6Gno3b1+ff3GDSBCV/PVs2f4iOWcA98qM7XLpXgso6Tr1ypBa+vIKkVcrFfY3LgH1pjOj2MxG4SV7omEijAnBWtSoszORJBCa2N0xwAAEABJREFUEYJoQ6pQJcp8mpTsKTogvQ4yAyvRWBMiVfCSdjCVqykkMTgSQmyQCtIalYVOXENVFFDGoiyUlJ2CUstKHyMWHoaZq3ktWLp0b+wK6CfEiU3VznW/UO6tg18cObCFBui8WHIEqNfVPaDuK+IONGo+V2NCPjFSclaJJq+Ztf+WY2iBKjga8QXrXUmk5qvjo7p26lZ1iRwycnsqF1k5bWq+Ng1uT2oVyZajammbScTqLJMVobpjmEyBzgWYuG3kqD2q/V0pfE0TH7mryCE/PK45pXJ+sPT2S4BSBcGbsyBamLo5CVFiCO8BodwBzN5p1n7AbGLvfuVSgyP1N7NGb82csYOmt7RSbDVA9NIiv7XfljMlldG98AhjLsisWiR7CtB00tre12wJF9FefTx67IneL/1K+9lPkIVDuPlqOhuxqFn79lhnwLyRtXAmx1uaxQOrvXwPhP1pDq2LVvpkn1cH5lmdXO9UOL4l+eTCwaSDlf5KSlZ+uO+38o7t81Lesv0SWPTVocO8PavF1dHal3NeqU+1Ys8kRCtJ09pEaN0tte7pnMjIApdqJB9apTmZcIiVaMEEqxxebR5yGaUO3cC/TLeW0wpWJIVBkTf2MSaLH9S3DOEDtr5Pkh3qTAwl/VbgA23RxF7mqTuOrB6m+kPzyHDFiwe2f4fb2xiwcOJbrLlxqeO6tCZK5c9ypg7r40PxlknBKFfpcmneeDTKZjMuTW03O73O0lKzHRZePpyw8ax/fysdTfLR1M9YJFxmxO0WoEACoUsuhBn88cSbzIrhiIvyAOXRiE9dOhu04Ox/yMvINaqjdLg7Go8mEy66LcjMD/IopN2m3+vSOKARF8Vms9GUx0inEy5KDJMoasZ+FAo79ngYmCnrCERIDZlWPwmL20Q4joejjFy9HUZhq9OKYnCWgupw4XuHyW4R3JmjN5WuN3TPuYybdWvkOvK23M/MgpvgE6rtZHAZNDrSETYb8izlz+MkbrZbAnEC6idxfhKXR+SMC+wmBBvozkPkBzXFOLYZrVhlWfJqHUvgg5KGxSKnVJhyERJg5cgmzzL9FpySJIl0aiOMVmgcACH14jvw/wLfSj0AkYfs67c2CuYhW94urf6llhkVZsBYQgooABvSrAn68hExJNCBgRYjQCcyysaJNGRiBcIIaiHxRpcEISeZMGdCFIBG5UBqW5taQT5Xr3zhMRPBSEoBJK10ILwpzxB6kmONiFU8okgekfJ2W+9IbMhFdWDrHocJCk0AlvEBdAJedcBLETST8sPhC80mZmsttQ7DIVRHOSJjwOKLGDmycXJoeQCXxADJ4v+IwhhhL2Ib6c7SI5CUhoRqZ+0oJxegE40oEtMNwDOmcFRRdWUQJwijIAJtMaczUGGhI8Xj+iYDNReoBWzCdoCGFRZloDtEpwgzDynWNwNPOoVcivAoHVM0SHYa07AVwrDAKk/iTmBCmNODphFKofTwQLmjTTkXjXmYwJSanlnU4OCkJIF3jswwrQbSMY5SoqOGQ1Zfl7Z+ZWEnXXTdTIVcaRXvJJinQiOg9PSl+nCmKJ/qMmtBAk8aivjw5Y9ToykgPfIZoEwL9FxBmXSJILW28J21smjOjtJaYaLVLJbvPWT3qDxNigag8kB4PoujHOwnZZPJJJrEwnSBLxCpAlTiUQ2UMPmhygAtEqnFhX/VarVms3QwGEwmU67hCyznf8RdQbXPDqlgFxNYGTvxKDmRYYlkBwvAafLq2ur6+sbGxma7c+/8+XOcnma4thGlNdUfMuShQQ0PhIlmXBXW6TbOnlt76ZWN27dunjt/nn8ZB94nP/bRV1797pe/+fKMDEnQTGdTL5wGSSjbiMg1m9ki5JIKR3WX+MvHi4AEAw6A+jYjxYoFz+u/bYERUrv5scOCrBldbMu30CCpIRNlYctCdJnRqnEZVlYlEOQbBH3gv3ySRbwLZxndLabBdNr2x00/9BATCt5CYpiMvsdXTwEggGUrA5SSWsXUUkdB90qTMISRmGW0AJ5LeMGSkN68EfPRGZF8b5rBSkpAJ18wD0W0YgkhMO5geRdYE0xUrsaI2S8Qog5LeC5B+GKg4aCFeMIGkigZ52Vpmvle6gOPLlzoCU4h8ALOamQ5OL8Alg4nuxy3nMZNhkNe+8KjDdoE3Amc6GNmc0kFqsST9MbqMUk66sbFsbH7uhAHPnmbglxPPMQ+C7ILDoo6K8vT0Wi42+e7WcmnCpslkn2V9DVAs34wFEimxfaoXsalQ9kgoQXvKwpuLKPYI0RTX5fHtTdY8xuEoklVyYqZ9YIIapXP0slwxMdJQmgItv88s3PxaHt1udXrjIejvfsbO3fWVy6c59vmC48+tre1vnNvff2t26unz5EoKGhOA4/PEl5gL/I1RMspgyhkGASNJt/E99Zv3+bkfe3MGW0FUWyfnP1Pacth5B2knDg5pvCOjat3R6itvmQMzP5ZcF68dwK/vdJ7+MknOL9y7aWX7l+7zhPg25XuynKj3RJ4czxlJNB2ajNk0mUl6wKQLLgFZRX5xqIEpXZZWZRtoYsoEA1CteaptjxCFGtnK64ZY84qR6mSoSjCqlz4MWJskyDEUXK5SCcYsXAkEoDClGkLzIdRZcINc7YTIUSxwdSycWKKSJ2TbYwos0yS4lBJRiSw2eBOpCbX0lES0wV2GqTULSWJ68GdWOW7K8nt35dUA4Yq+Rm278jsrtmUUOtWvtLdNPcjUh3tzMYv6Ng4ApzWoE50N2sr02ouOATdhmXU9bdXymX/sE+0RVJwa7pfNCye5k1opS52bUvVwWZUhsfUHkruAPSSWteRVgIyO4s4WsB9kR2tq5uVGjPGh6pGbOyS7Ncu5kG1nAv22fGHAzI+4iyjBmNHiXMOwVBfN2nZ3lanzCsP0SC/uqLSeTSsHA49S/SMrsRgdM78Y3O0MvsRPieCSzatgTnvWzsCdQ1GyZTNVFQWsgh19QC0rrwVw0zl0Vylc85MYE7xWHT7FbrvWu6vnHn4n/5LcvgAZxduvZo/9CGn+M7fmsDmXB85OAkelCJ7sIfHG6EuzrE0yaEDPe6M5yd49KwcRqpCfGil9+k71ZrHE2rI2YKUtC6UJOmMzL1zZPDWAlD6pL5pSyqiOXkce7fQmrZBNn7fj6iJaV/UfFRNiM55W8Gm2InS6qdzYuo0D+hwWvPkKGNkMUapdlHGTA/6tPKUSf8z+wR60CtaE40qvkV3hMXuMmn/wu5y41jHNL0jYEcDAaV8qJMOXlgKYFbXMZWr/SK59zYTXF3zzUt0M27iakchSpVqEsEZWjA8g6czQY0mERZQeAwuE5sOx9l4ylUxy0vLvVa3ybWpzB9t7Ey398Y7e7P+hCcSUT9uRnEIvtlpFBIh2oPDglzQW2Rc5wLeTmYzroVdWu62l5daS0sF165mRTZOi/50tjMcbPdnXDbciFmz6SU+a0a0k/idRs7FcrPpeDoZDQdc08zFcuBTppn4USBk1R7IB+VBRNkWUgfJxZEUJczMD32uCObfcsUSlDIKkmYM1rx9GQHlMzV9TCSSxaJmzKg2ZI7VicJ0++t0TMGsgF2Guv/ZdCqNTICMiMadNhe8J2CRpQkll9YskK1XxZHDVkkxDPHR537ZMSJOKrU01dwHa0Kk/ttpE7BLAT4TUn1bCGsZaAsEYSb63Gkp8WoBiF63hEEQxhyypPwYELvZiZoazLI9bGuyTcmta+EyW5jWKNCviiAg4iwZGtUIxBQAxYcvA7rklnpDVQwJLylkmgIkRRB8ozPSznpKynW7be2Sy18XhiJrZ22w0W8DH2jCZ0WKoApZIDRAgOgtbQdEHoErVJPK7YxuSbsAeFGIg3noKoi3QAiQKf5HuCUCJY40UAQeKyylrT0xLESIh1kj3CRXiBO0A431BbhJHPnKyxQOHknT1DjBjAw8iDF7QNrDg2hEDrrOsXwt4VgiTCUoDkijdROh5gJgDSjV4hgqK4aE+oqC/XNTIoJaNlh41PiWY9/3pR8lcA4AF0zZvlHN63nyzD+jerVX20u52MmKlGtHKqE0g2opBTtwW7VYYBXVjJmMRw30MCZVELGgvpQFwBt1oYGL797AinJv0gOlOccYlE0PogElEoiLf9BikDS85A4nnHqiAkyXFqxW5HyYT2ZAjjgHAO7DuFIQKJJwpAUQD0ZstlgBUIjWGOAbhxJqMlIqfmBWQ1URqWbmKywDQwOcR8niyMtSVkz5LByPJ2EUCbtMHhAjTtoF7oSoY+vU1dxIFSPyoFyV2Go2Z9O9vb3RaMSX8263q1cjfbbYsYEPeDa0+wJWX/I0y/2MwoH7t2NYrqysnD596vXX37h949bKcq+RNBTkEu2nGSwzA5yfWCwk28EX74xHP3tu9d797ubO3rdf+NbTT3+EFumFU6s/8tkfvH1/841bG1yvyggncBM/TjjRLsA/Tsi5Pq1XozaZkGsZeI/IiZy+wq1GLv74itljxChjTC+QEw5q3JXu6wKtfqbevJ1T9+BgQ0gKstCIo2o7wua8JUz57qGAhkf8WF6E/qRgO7Px5jTtxCkZDfiK7wu8fBCBHxHh/06YWURvdiIBppg7T0wUnjJfcBs0hrGZpj4fKp4PXnT4yAloWgScsPDZmnmMj7GUczmc3Qe2oCBeIEaaGDUACAUOiGeuiQEVdhEBTCUIA1/XwdoYmPaBUckkEAu+98BSC8mlvTWwzUfpmK/R4LlEMH/Cmwv+K4Bw5Gq3gu1WAKg/B5oH1jgSr+0FkdxNKh2KYBjhkVSKYJAaFfKOBJvzY3Uc/0kEs+GlisAi/eRjoNPurq5OR9M0n1A9qUQrS0t51Aduk98UwkwO7wIvs+zGKPYOqTeMOmHhc5YKhj4g0rEPEZZuNK+AxVoE6CbPNFAcdsygfbN0Nu7vAViK+nxjyre18vQDjGGPTfMzD12+9eobo93+/es3e6fO+L3o1KUL67cvXH9x586b1y8//Gj73GoB5p68DEGKYRHQwOakbRAJH9Kc2HZ7vWF/d/3ubc6Xr6ydBltWAhNNpb0E1XylOpx8R789pPu9G5jSo4r1t/DioNXrXnn0ET5Y3/j2ixs3buQZ3xfRZqslcWow2uXJiUIYeqphzKrpV2i5NKpIDl1e8sBByfqpnRozsj2bD5YF1TZOEJ3hunyhrhkSSVD0TkBqEpDPpI47HKLgKDIRdA5JtLETok7HaeAHJbZvHafUWCxRPqIhGEaRaPS6MiWb18VMDO7ELAYa/eI0vG4lq7ksDIzbjPSAXjvo/Zz8Fv/66KHW0Ii5YwuMYKZgRcQRsRLFyhCrn530dLNLlKMBGZW4P8fqCTlcqEutdKHhLub5ETKqz888n6eIL39NTINYnLI10p3NUxUfokcrNVVyjZ24lqKJhTjRbcK02SJiOCo3L90lDotlilHJhezbrNVXR+sDM/KOHB4k46MESYMPM+1dWmweEr3uHCSTOfIuau4ANwvCHfkAABAASURBVGSgHLkyvo6QvAnzmqr8nB6uTxaIPrfqVZrBKtae6se/mmLx3ZfJvqHY2Xjzj/8yXq/+hV/tfuaHyMLBu/OyAZ3UcysLhaMP8QcMx5KxPJe0ePwj5/qgxaUn1tT7pLwPQ0Pdh8dWvHdsPMlAj/zyUMHM+rnMhZyUrPpQXbLqG1aXE6nsQmsjL970bN8nh+vC8kaVVq/LEUrmKapJVpKl5rn1v/OclmOX7qlTgPmR6792qkJrvzsonSOEGu69jhtih8+MzasncVuKaL2mfMCspmBWs2vItJWOaTk8xqbLj8pYtYVUHUolxAS5WuQ8kHFm2rSm03OUUnuwltAqyj4LJaW60tLfOc0wP1iNZ7HazNKkoq4UrUcwS/dImJZ1i+8KcyiqkHpWeMglqNPhaDIac7Htcqd39szZpVbbnxZsnLLhZHRjfby9V0zSbpKA+J/rWuPQC33hvz3jepOQK3g8Mh6PB8M+4D8iP+61eyu95RWeTIdr6bnqIB2l091x2p/MBuNZwbIoyltx3muRbkQaAQk9LoaeTGZbW+vTCRfkEq76iRtRs90IkxiU0QhLF4p1IwkUNrOxo1FWy8XAYRxE8A9ctMSNOBBnF9Gpu9wb4QZJjpbC6gdkopln5BKWjBH3MsrnqdVvBZG2XGW7K78n2BEGT8D1ytPJdDqZcO0ywhTAkUwcJw2u8Glw/Re6Z6FUmcQQI5eV1adYUyxtoQuJqi1y8kHKT5wnhngiqEKBKArtFkda8hC4BLQFQtBSiIBqaGGpTkRlxOrEoeZXBE8VQM9Aqa9gypSILjnaltC3xPVsgv6qsNvQ8gUpcpkC6iY8XwJNAjTJEqKHFIEyobrAcmaJlCARAQAT0CxpRUPaOMlzZoEvdJVt3Iz2oaOL7YMJcKMTVGAdZS8ZlKPypDE4r0jzVJjNkFnnCDGhymuQzMVqXEmCmVb9EMfAida0ilgFKls8ON6LKAoaJxGXp4d4dBns4kMPA5alcMA0pV6A53KoEPQso/3p8EcaYuIHaJqfz5SAumZpTFIiFU+MKiaSJRplItwr5Wo+MjVSc9VftsTeCB/ENkzAo0TvB742bONh7/teadxKfTIxRAK1IQgmQ80pL8lkMgKnHpMp4IE0NVYCGqWNtfeDCj3DSFHPoNW0cG2QqR6JeV4s/WPgRo6elBoR1q94bHueZdLyNjmWsECbLMg1MRsUJa1h6PrQB9hRLhygwQvNxlDFAyp+Sq6EFI9o+0TuigtElTHU4SE/xacB2lgSM44rg+GwfzqZpbOMXzOmDnCyQun5BMSDCucZEDyVozqkrrRhbnnr0UhBuVYqDpBLj8Es5qSKMwp5hmDdqQhRwrmbCGkoyCWFpw3DgKFURreKHqDCsAPXADWaDa47H48nMV/aOcMk6AIYd9L2jtQvFIKAQQbUVKDLM4C8kBMM4KxGmF6Iwmh1bXVnZ2drY3t7a7vZbPLyCkylpA2aMlO0JKBYScGDZZzEj2aTS1fOT6bpzbdury6fWTl7ni+Yj16++P2f+Njsi1/dGKVp4EFvj4dxK6Dgr4hJ6zCapbcoLN5KtpspH03CjJ0A5pZbhf0HneW7LyBzTOUBaGSZwLMMCYtJlt+fpc3JJAySZDL1hS+TkIDNskAs6UXEUhEEKldOdioRbvJ/zh3zFZi/ysAsUhH5AAvjKvzMy7PAZxmbeWRGihmgVwjz+UdBDtxboLh9XhaAmAi4fU5g5caRJb3xISnxQyAdiMQn6hyCwNdptywMcSd8XE5HIyhJo4H2FdGDDxVzjCLUpUBSjuxmPpsybzjiHCT/FzeBjXDVLLKuSmEi+ULyjgSLqmomi7xdU083mqQ6BNBnfHFB3EnSbgJGaZYJftfsuERTFoj8ZjA4mLAIiob71DKGW2NIj+bKrQagnGcpiQAobVeXKQMzi6+8DlIb2Tm08lXk00kRxGGUNMCVW8rHH984hySAZYaPxs5ab2lndfvO/Z37m5u378btDmcwz1y6uru+tXPv7mvfeeGJ9kfjbgtM5TAe3UMLjPayIkYmEaZhIDv+kC9CF68+9MbLL+1sbvZWVrMUXvGFTxTwHaaf/4GG7x/kfhJ5I74BSfwW7Vx93yP89sbrr23fu4cbv9Uzp7mwo0AXUYTk4F9JmxMzBEwGiW/bJ1fx43bLwZ30oHypKVUdo0yNhx2doYFgqN0MCnCUk1iFC5CUVMr7iEF1WJNcQ0ZUupLfrMGUUMfYibS+IONIoSEzRSLmW2nyhFiOdQz/o1rAAUqrglLLBYWumWo0Sku7ApPFAr1SjeM+UcUxAPTKJwZVUJ8fdQ/ql/IipOxTqCYcvHcqyUjtN0aNqg2KMDkNHJMkrGSzw+FNnb6sZGV9LEeGtqNhYtvdrFrDNa2h8V7MBUqodCipUf8s0st2WQ8VFCinBiRiJVdOWurxGXFMmOh5SKwbYhZZ6qRVV1yDFpM5uByTArhQKwFWdbIzp6etXIwvczIHN+TcVYt6pLZ+oA/N9zocPSF7nNW80gSm9Er1Qv1H1JwVoKQClXPBJlWSJj2oHULOMq8pVX/WT7FyXDOvRQy6WE/PmZNaeeASAXNrJrl+Zye1D7GuyXEfwmC1EamMazNXzcI5B7lFSDi4R/YNXO8xffEreD27+bPkMMHr312ItB02LATiWDhndsjnhw4n0gYnFw5zOFB9stggnxdh/+eLL5HvwXBYIk9rL3Vg5i8lZcowP7r1xObQD2h1G03F5qRhP2Xux+XfEwqVHSpVz63rfb4ufVXzhtYlT+rfqn6hpFIUWs6GWgk42dP6YlOT/MmEg5bmOYEemOAhA3U/t9tS3WtpNzF6A7sh7SvjN4UQdUSKmvHBKtHkhcpRyTgJ0elQ00lyjbbBKG7nE6tizmihdeVevL2sxq2yRhl4Qi9s9XmpEKIGcP5eyICF+AtU0qAGAjMOaZZP02yaRiRYWVo+vbyy1Oh6k3yy2R9sbI939sabe2SWhp7XDCMu9uUaAC7OZQLhAZpdMKCQcxXxeDYapZPlM6sRV7x0251OKwJb9R6b5OloOhkMpyOugJhNWJEmYd6KSK/Fes2iGRQhzdN0stMfjwaz6ZQLFeNmEsVxGHOVUOyBhRJxNEtSI4a7jUKaamTqyDVYQxFQlThpcIUPWCAAbbWPu59CbSUsMaLsgyrhwmbcr3+UNLjc4NgdVMECUKXNK8UfAtxkCj7nudSba6aSRsILyoVFcLhaGDcRpczkzlMIRRScoqRq89TZVI9UBBFUHmA7IU7IppkGRkCVayfhEyS3dflabB6KwYA2ITQux4ab0MWYFWrxwTb5oMZ4Lgp7JaxAgzMQGFHaGlHlh0WCEqQxIAl3QEgTfCuRBuApJhD6ArSzIdPEDJUhE/SNQrQVE2GRiKvRMFltc0VVlmmqQFUghNi/5gLxDHWgEwo2s3OJ1cAuAIMhsjuIFIB7uO2zRXjU2vHIAkn7ChiBVTsApxGl0pBJEERUOpEHSycIJFKUW0AxigIrpwFAdj+DZwlhhQV007lsfMwHB4yv4Sbil4K4XYJsbLM6dpCgGSRxqEsSLZJpBzrSTpQcJKpUDAdnrkynoEcvKs5C807nmlZf2FahomDYOGgFp7Ql0+6NVMcaUQaTxSgmozFac5FwE3uIYxuVkSUlaqPlyvDjkogTDofdVLwDoQaB51AYRVjJuynYiBMcmnJqsmNgBuupa1mWgJnZcQtKlR7ZfGHLYuQ8AC1rIRF2FMXz/C7N0smU61rBdtEMDC7x/zj3AVhNxVXpqlGb07E4acU4o5y/ug0gtu8P/S6wXkvEsjZY4guFNItjXuYsl0aV0OwQ/4cmlGSbIdyCWHyhxYrZReFJc2rYarfGw/FsxrmhUShCbhlisouk3GgAwAatnsHh9TynFjTy2IN29sFruLS0dO78uf52f/3+eqvVOnvuDCGWoJXa/DLzhW4GxiMYtUp5NzcSP03jpW4n8Jsvfee1D8atzmqvFXmf+MiH7m3t/tvnvk5Am1rMxiM/jPzYg9PX0h2G6vmK0hGJfl6guZNCGL8Si6eaz3b3a5RAdUCcbNC5seOI9h4LYvEnxby31NAFmB+eH+WcqQ1IHrG9fHB3Mml5rMHV3l7QCNM0yWPfB99UsLz6URSC1a+sEN55BJdDpKSaKucCAkUOo4CvohHAmOBMfxEGjMR+DigCwG/h0smQIhFjMR+5NOSgaQ4sN4wvT6EWZIcBEESgX1luYKQiATCoSAViGiw1iYL6PA4lvnSMRRFeplqjEIyIcBGlfBmCGFa4WeH7E88Hp6GeJl7KYhkh5O0e0pVQ3kaWFDcnP+ko0aaX1BaWdzWA0Lyk2Wz1lngzTtMhwJklBJJgByNWEaiHMEhHsPGJ/udsAISNPliueHdPJ1MkyOCdR1XU6H3h4+LARZhSpZ2WHDTu4tB7FPDks8k4nbX44JlNpl6WR0DjArC9EwVkViydWpkOJ+PB8K1XXu2unWp2O0m7u3zu7HB34+brL69eOns+eYRPFLGR8oWPVh+5ZL2TIcCSijVE7E4Fyj/p9Hp729tbG+tLy8tJ0iTWzo2YwUarsoOTDu8A9X4vBNkRah9Lld3FIImXz57i92ESv/Xaaxs3b3Lhwmw6OXf5UhBFsHFypFcVidTiTV3aejiCq+MLlNQqNrXwpUacgVo5Zj5GIIDGdFCq1JNUxZFWj5UGTzm30WIDUw4q02cSiqYQj8r3jmKOJKCA6T0FJTXgEr2xl6pvamnz8IJJntbIpJhBv6h1QMtQTE7ihxmXPQvgTmTyTqNT90WpV1ipp4hWDdNy/DkGCkyzzvnyQQKzNgzMqkaJ7aK1n+0XR8Zgxv8LqbWFYA0fDWeZWwwnl5oy1FjdqEQk1ZTULVvw29LDapx6JXMljtmwlfYK7k7VbiU9HcWX7AjGTkzXVDpDTxlqK8yJfujWiGnCUONkh5A542lOlPpo8z88INSP2qMl5AyyuVNvgTm5T5TKq/ID2Zus5kOyb850PsjEleKWZlt5nlJ7V2sesjraULKfVDfr55e8rpXKKag49eODOgUmhgiVEFo4C9T0sxZMK6ED5rqTjzvorLlizyNZCmrPDD8fkxMLXjYhRw0HjegTDqz0t/blgV+Td7weDx7osdbBZWjYYROnJ9SgCyd6WIHzA68DD5RAZZFmNTf1NWK1T1w2kVV+a1/tk6b7mu0Th825PiDM4YLoQZ/QfWNRUn5NzafyjpZiluErxIqrBORkoUDnloZWnsyLeVA4MvuzWLKs0gylCNWHtMINkQo/WF4giWtYhBmdhGl1pmNS66QmbiNRa0Kt7qVSF0EodauAKRtkieR5rTRlJajuBDUAqN3/tDSUjhKYSsZhrNT+TQR1ktgxLqoiMilzY0Rr4uE3B20QhFnKVUEsKxpRcm7l1OmllbDw8v5kuN3fu7u+u7416Q+bYQwIiTAEiwZc9OGj7AJMXnOZ7hTsd0zAf3lIkpXNxz9DAAAQAElEQVRWvNxudLgGo8WFJHAcMcumO6Mx/8fjMDblOog4YO2ELDX9pSZphFxkyIUm4/5gsL3NZSZJu9VoN6MkQSsSWAfVT6iG0A0Mj4R4GOzBh6EfJTGXWjdazTiJ+edo8UJYIsFtO8QX9g88fGi6kugIslNZzSEw4a3eHrdCIUUosY6gUFEkH93owLHpMW+bCa8fqudF2QBPE4RcRMQV2KE0kyGFmZLSinNKNmnU2msiSTfz1Khk9ojQsZXQ49gXWGN9RKNhcEQJiAnDimvRJVoWETp7gUTw5MyyYRO1ck5mhdIrpzSouGN6aDMFxDGFxA+lxyK1V9FZ295tbB8r+G0Yx762zcI7C23R8Ep56Iid2uphSCQvjCENhQMTWBa0mcK08xRTa6YXKGq0HgIcozEKWFVf+O4hxoi4af8cTekIYBOAGHJtY4YUhWpASQ1EhraQGYmjLIqEOig8jKQzsjG1SRcB3QG78nzCJUkYxsKuM5SQD2xeevC0JWar6hQUBhjQibaIA7geToSmaO2jEBMU8SvS6RI2vgagiMx9okzUCCpNHWkF1gPxPxbySeKBxNFQ2TjEGaU6YGXRdQ666RJQH7C77wW+xC1RS1pJ5FSjaoLaKxOUlynLO6h04Frt6Ux0k/SmQ9SOUYuaqdKP68FtzwsqjxHVsFlyObPmFDssm3tgsGalDu9KxQFVRFWX1inmfizq2xvs9tSgNBw2hFh0QQe60JmfIxTE/JVZas8bnsOUSpsUzKyeYK0EoF1ETGo+SAUGLk351BYesgTWJAMbPbksPJqzUCwS1rKQLBoti2CpVv6p6MR0Z70/msBBhIj4HmqXRXX4VUQjXodZOguylM/FdMYJ0TQcj4UZskBB85CpM1kyK00muAksHBKpdqfD53V/r9/vDxDYYdoUYptyG8AEmMMSa0mW52nKFxpyYtOJGrgibbfap9bWhheH9+7eu3P7TpvfdzvMqqzLg1NcXWGAckrO0jhuxrOgu9QpimmR9a+9/t1HwofjpH3+1NrHPvTMGzfuvnz9Jk3gLWeAElgkgH9E2yV2YRyjVRSJrafXVTERPKSFgipq0CV5zwXNM5H3fMAuK0NPwLgEERYkxJSkhSe6VwynENj7vRSw7K085RNv4vuzJEmpWGCJsGQWgvG/opgUOFULmjPphBLZFByVuGDzZCfZjIH9NpoAMj0ALzkETGHkPMIsYykD9BL11VpcCDgdxblWoJMRORdw4Bk+wBOw2ZwxuTZLBogKF2AUIAkFEy4AoXg8cpjOgGII9LjiRnNhYgPYFoDBMATkAWSfk0IyHgsXXpBelDQo8naKOzPtaSQN9B1crJi2Wk8M63/yucq/mg4D5g1pse91l5emw1E2mkh7gXpwULNpFJ0o+pQ3P2dJEbyEw4DqXiVSX8gI9Iu4DyI+AAKmNmFaSb2QaRDdUVQQukKqhZF15uVMZ+PpeBQ3W4XPgqLgu0AYeB7zoyArSKPb6p1a4eNq7976nWtvPf7hD3kteuGxR/u797ZvvnXnrTfXzp5Pmp3cp8LUDl9ZiR9EvtsjiNoGlAKVC9jZixf53uDezZv8NjqTENmJLmKvwji+K7m67/VghDcEZTfyQc6E167CC8LW8tIVLkeI4tdfeGFvc5NTOT4jVs+caTQb1DeePgkxeClLRHUkSsL0DybiPD+eUC6XQSowUuYGlSxG6TNttTbEtoEb1LGrIEV7SGyNptrYPxHXhCgLSLbTHCyhMnYiDSVSpZTTG2lKbRSCysiQKIQpWHSlpnVRGa4UjXK/ZzHB0vwJJqvtsZRbUxbJiABULLPhn9P6ujJuvDnoEW2KZd7Yoo6tlsrLBYdRZRzMi+dau7DvjakSpsaKTptIsCAh1J6FzF59LbSRSbCumLKPiROBLX54oFIMzJ2SumaQ1uVq06nLTg3Axb+QL4j9rq4cRkhJiGvsxHwupywxk5Lah3JQj26BwSh1H8r+sIydUKc4ml3Zp6x64tU72bF7Td/sP/zmt8ZRwoN8u1iwZ91+M5CWDCs5HWnICSunbGidmylxCQfem+eawlTKNJe2OMcQ3eA2ozU8nf7EoVQHLdO9X6IW5ZLUL1MHhTLN1VWYi+KrycImTezgApTrPi/ZygclIIq88POUnFjwihk5+VC3HWdkwcAO/c3CScvYrP7x0YPN45MHCft+TR8s9cN/XmUfa7iiA8KDtQchJyOVfZtCiQhYrNE8BCor3zD7BZsbFR/MmTqLjHdmKT6OfX7oQPd5ZrFxdP6H1P1Lzaf6Da35TD+gtPS4LJal9Z+ZvGg1+/pi00p1aruczrmuD/PXFc0hVllc9fcIQbEc1G0hO33icHvGZAwj7leqDdVX1P1LJPOJTD7FPZqMj/aZJayEyk5iAlCCbKk4hySKpKIxTJqqrEvjg9Ka7qIuHmFOi1FaelOJxhTrUB6KZZ5HPsP/KypJ87BQml8waoLHRxmaFphNpmCal5AkaTSixqml5eW4HWZksr23futuf2Mr6084IwZ2Q5rNENSvIVcicckZl+KFBOwqsCk45iHphCftJUG81IxbSaPVajYazSie9EfT/mjcH+djnhlY9c2jMG/EtJ14Sy3ailgU8u9no/Hu+hYXiPG6RXGz2W4nLZ5dKOqDVu/RMboQFYA+G1TqQqIopNnC8DrXUCsnNVxTHIHhbg8+owK8gapu1PYU0nA7KZFRpQDC3RhFVAqV52xZqa+sbZS1CdfeVbjQfDQaA8xmgpYnuK4kTqJur8dbEr2NUOGXRNnZYdhReoAXyiB3SejH9GRQFuhdKSizC/jgqo1SCghkwRoSaS5aKh3Qf4vJG4suEAOUmidladj8QA+weqJ5XhkZDZog+gUVpWhUhVDqJMUMRIShDx0BkVFOcAqDeEC3MYB88Ln8Gb2oiPILjZjYoiB2IZdWXaRxFLQyIvPQ+BLIXx6mxaOwTLeeoz2V7UZVgEfKww4GfSyWKTs6oNDNMkSeyfEm2gaHkCepAbX5LyqM3jPjK4rN55bkV6JdPDT6AoeNPQSdxGCRKEoEBoV4WudCSxwf10YTx/ESFDtTrjfgD+huPO23CA2oBMzyU491huPH4q7kEEe3JMKNwJSTwNQxZbcGHRvpkaCcSJjxZt8KiFGYNJuBsOWPvS+sm6AnLSUR8hwTEEyfSCTK1Aq/yCSeCbuG/4IpBYE4IabQzjBgVsB0dcFksu66IfS2lBR1eyerynaP6rfl+Atza6VvT1Q98WCkDEd+UfviWHjTBwyl5Zu4N3ObtVamcyxBgiyY5hnFA7Ti78kImh2WDr3A15ZgpuREB1CrwFzmsxkQyWwG5BExNHraeha/aeHG+GRj0mccU3529glCq0itJUOlFJj10PxQiwTAAuwV4A4sjmM4NC7snUzAw04S5TmC3QiehnfIkPhf8/OSxAF95GVpNpvpdDYZjSeTSb8/iAGUF3IS4LliYdOA1MHicVrOOSNCnPN9hFg5W720QCg3H1M+2/hVGPrdTufihQsb6xtbm5s7O2tcawVmHly+H/XyWFPp2IsW4Nwhy+LQv3rl4vMbL/lBsbm1vbw5OnV+iaXpEw9d+onPfN/mP/pn/XzKy5COBqkXejHxI+DWCEU9PwCVZG6o0VaSZlyfNG9ECDqNEKYO5NQg4B4FEtrHKozmEhzejSwQaigOpQdTi33T1pLxd12Q0vdKgzkXlhqF6G7xrHjIHgp8uxx0nlj4C4EJo5TPpmZrPCH3R4NgMsuDCaF+EkYxfwPMhA9/BQMAmBIG5pU4lyFdFRYEuSJSyFU2ELcR0J4MnNbAwgwjIQsTPqW5DrYAnEdKMgFrLVIBkQeukGDnIguLdn84saICu+4VCs+kPDLisioYXrHcewp9AhBUyFzwFkDpgGH0gzjW0hCYZUHAqQqRbBgTiBWxY+B8WsromHLSE4ABQD8UfrjcZmcWSTQ7Q82NEcIIWXAwLxKLqs1k3TuqSsYkb7kPg/6ArADTCGhNhJgn1wJh3kPwW17caHZWljO+ydobzKaAY0T0vqoJInOx4T2xb/SFg1XemZ6wLYVqKYrcubaUBR57plzS7YWxp2m0MHUlFi+9VKu6VgqvXjNGHXUlw/UhF8DM2Xg0HQ+I12TgeS2gnJ/mYz0Hj28soK1edzIZT8fDrVtv7V262Frpxc3W8tkLo73d7bfubF/eaPdOeZHvFR6Pzdlnkgt7jBZ0WqDcCwG0hxHH51Sj2T1z4eJ3v/OdW29e43t0vtlnln0/URXN+8l5btXN7mjqfHXUQC0LVXZSJ8pHvs2hdgU/8BM7ttjiEIW4E0lRyqUpnF/hooQoDDirde3ll/sbm7fEwaK18+f4sAXTqZoT8nQLC8yUdzxo5YpI5NCBuqrM6nNWFnZZsDf1BVPxmeQArQaklg5OcWgqN+a8Vcpngy8h1q9USuN/rGrsRI9lG56iGBlFAighRneuVktqW2Bg0n8EFpdRu4ry0vpLbBJEmUafVKZqGXfitndd/EPEczuO1PvdMAzyfsCUainLYZ/VrjJUlPR3ngDbghq4e4RysmQ+T+Q8tI7u0LryVV+ZxU0eIiEEbdfMS+Tg2WagVYedmLW1M5cqXepGsqogLqiaUfXGTtTUpKbtS8osAygpl8xpde2jRds0IRbeTE80ubiYGc9KKEon7UqrsYrno3JBqh9Vm75+/C0W2FE/PHKgDmfDbOhD6ZV94c5bqnqhLmlFILD3mEsnLA9e7gfmvsR2Unc1q4hEavtjn/7DZyVjJ6WIkuiT/VMhdi2QW8aqyMg2xWfkAMpLK2TKLlj5k/pQO8qtmWwea4KkmUALoGUn8vaPz9pQN9pOLKODnhzu/RGyPOgle1ua4r0c6NsyXN6b/bDQlF4IpMVqblztAjO/zInkvDKZLtKgx9zo5a0brT6mcz8pX1D3G1pJl1p3tJxNJZ9KRLtwlSx1HrUJ1VVpQdJ+4itAXQZHWXlq01GsiE7WaT/TgxjPaGkVny0RJ7pLGZFWNYnSn2B8da3yMxZQqMuPSFsmTGbnDgkpAcD7at+SSiXnPS+H6mvm2gWsDg+Ubegmk3v2wtFh4Zl60Afl8CKdZXmaczlsu9le7iwtNdtNLyLjdPfe1s7t+5OdvjfLIuoFURg2ksIjqQeuOcBWcQHWjEEbnOaz8Thl2bRIWeg1WnFrqdPudLg8MCERGRXp3nQ2mI32xqBV4eKRmEvT4qDVYK2IJWEKKWXj8WSwtTPu97lspM1L0WnHzYRnSoW1YyLlDD5onhieGBMWNfJCHCmEc7NxnPgBWFxIuJ4oicAoPuq98sIS8jNlmsBqOc3VacbaIo0oNcDxZzE1cixaaHuP10KbUkC9cn93VxicyMIobHU6jWYSQ8FAjQ3GElB0DRLMAocgI8rnuKIgTJ9OsgixypoqRZKzeNqcOHGNQLP6E2u0TKJr1xJWumZSqa+QG3KRYBoU4RO/kOgIaHIPxeMKIuOkpsaqIF+5JAAAEABJREFUYZ9Limy7sjiUETyhB7bW1hEiwQBYfXHta/QGU35YJNBEeFdBLEIm7bLAh0EYgFUNrgXgf0CHAC4YEH2CDSbQLcT4ZWFoLxuhH1khrWhINz1MefYRQbpbcapXuZVIHc/HU5H2S09t5ZTJDPiDWBNlJiSXwi/UC6DMSzYUk2SqUO2MGwh1SWSFSDlQGZ+Ly0HnEoCqhYs0gwhBORQNwPghkkcq+1qbeMF+F5mj+QOEyCAcpIC5Al5mqDSEA55rPIT7COMyQhGgBOO6X0XlsYJUF5pq0b5ApRQC+iM6V8xK/iRXHI+sJVXbKFagPoMJF0oILcJqQZBKZ7C37ishhhyy6vCDkRKhPle0jC9cjoEvEaHLTtHSgxhyme1zihDtzMj82ksFI46igypkG1HLmAamyF2lveW20AzkmMK8pI6cxf7glWqybM5pY1YStuGktuxUKxJxdDapUhirqRfYf+rcyz1U6iZmMSvmaym+MPeLFJjUFlj/enIE6+yoHNnUsFUyZ+qMSutoEUOiLCYjchfgsI/P8RS86U0mLM8Iqm2ZsC5CiVpBFONCdZEUDVFrBlXoYaKZHH2CVLJ3niyzXDqpPQoC42PJ0prK3BiuUoRTtDiK0zRFQ0achM+EvRPOhTQE6S+EVxi7FT1kw6RJA0uXoEhgq9GYNhrgYWc83hsMlpa6kR9Qy+o6kSAOWfvcmti8AJxO+J4BndhTghFLsnbgIDD0ynSw1LXiTcGSKFpe7p07d+b27dsbG+udLmfDegCRkRZZhK8QJipLxGhAVIEgnPwfLJSh/+j7rkxms3vrozfeuJPm4ZlLZ8OIfOzJRze+/+O/+4df2xpzNW4xzP2o7Sck5I3MtftggYIzcFBAQBgQtPqAwEwG5gkK5LNYIWkkONzxJLiu0PplXqgc1x7rWK7sdLHkChrgOa62KiSmpuWqdOcA3eEc9p5aTKh+v8BxNGXNbN9gcT9zwyKEQvS0b2pMay9q7DdXisgHSoYVZExq5lTb874IAbIeNXf5Kjgbs1lK2CjxvCYf60VGaAJO+gIvbiQ88nQyheP7MDi8QnAJPg0E3l11q7B+w6eVGI/MF/pUSkOAm9AiB2X8jI9eSmZ86zPlnBIY5/EEzI3KucMUowQBvZMUaDoPRpOwicSQQZCcuif4BFEZZFkIyQQghm8BZuMJj5rkeRDHFG008sLAFJkVwkej3DB60rgc+NhLs+loxJkNRK96YEnSIwZTjKBUZKBxO4tJMKtvF1rL6iJ5B0WkNc+YxasfeRXdbyqp/axe5pDASqiPsCsJ8CAmIJB+d7lH0nRLsOAEGU1JpGQZCRiawU9gnEirNr6yZECQt5OYFpwqCoueBwKBzqQ3S0l4FTNtbV0sGYVmTQrp0AeXA+kpSjKuYq3M0tl01AcDJT7JWZZTGMB8kHNiSgKadJrdrDebTgY7m3duXLvafqrw2NmLl3fvrW9cv3nrzbeWz11srnY5r0zEAQzcCYRi84ADjApfrZwTDsS449UZDUed7tKlRx699sort65fj8D/bJzjyFQrilwYZL2cTvb0unkcAadcFXdC6QOMqn3DIikfI5f8IMHRonlUHecXr9Rr2NRwatiILzx6ld+++eJ3Blvb965d9+Nw+fQpvnWBAzeSi4OF26MqkWLeocUjFdW6Puaeo7ZhEsKqgAQpoNGwAsU6C2bVsvjLkGuUA40pKyHS2AlR+jQEjUjYiqSzouGUoVyNKbHYYuPIwxLaKM26YZtFfIkJ0Yp7xfEaTpcRasqHhdQxdcEIUSXA2arZYr1FKLWjSo1WuRDZjtTej9CSVtfEI7KBrQISN0uNnSF1hVCXD4A7kSWw2GFHNFo/tMtrVeW+5gS/eap7mJGSRxhmMNJyb2bDEnCqGjRJ6dVi80VvZkym8z+sizsvzgFJ7PtY7Qj3Of1s8byWiR43lh49eiSpFtISKz25iYSMEEXIVTTq4gN01rrzjJEKfMhcH4F6grLygicLycqbL1Luv4OG1/yHi4TFx8rJfG8HZ27SEniRlvkid/hRqxdKaRIzBmiJnhFSS9NIKWX9q0J9n9i/xJrZ9d/YXzN6TE3oDnireyzKUDLFREzZLDsoDmlgGh1EK61VO0sPrrqeTaULe75gRrkfevlJ2SMpuFJKF2iBwBZ+eLKBHeHNEeOyt7F+Z97/+vKVjd6l8fIlknSPzQf0YCe7f4Pdf6tx+43ed194ZF59DjUFq2TD4VTmP2f2xKxFaL+N44nWXR4TKVok6OWYODLimmj6D7Me1EezknOTdq5Z/YcYiemHrOZTsn+f7dN/1Iowb8togAdz3lE3tdootBLfTpZan1eiV5Kl5dT1c1pOsTKIaDmN/Qp/7AOPPUCazK4YBlqOoFc/WlctZrEfdlJKOu4mR0spS4aRqPQZNSZPFOJEmzkhUvKuxHiSkaSqDm7HSj6XEpVFqZEkmEF/RVVJKK3paav8+/Qpq6Ew1rPq9Jc+Z4S4Ek4ZMnGOywhNQVRXoNiekXSaopoz8qNmmKy1e92w2WbJdGuwt765d3ezf39rKW6EUTODE4NgZxrEWh7NhYqBy3OzWTbhcuMJeI/JQ5AWL59a6a4ug8OYIORS52xvtnV/czSYAC7ET/LYm0XEaybhUoc24wnJco9MJlzgOtzZ3JiMRs12p7e62l7q4k6DCc29qp0nECcUhbEFWpvlwukgjJIGzzBpJmBqIQ65wlpYX0C7KAUqIgiRyAWxOHvu0NHzTp1sZMRW9EgOkHrYnfrwo9X+Hti85f+lXMuWjkej6XjML/grrpjvLi01W81GsxHFkXRHIuV7IgvjrlwabtC6VOZu0VxRGHNppjVO1KBS8Zl+4k4fvXnzRK3L9FxnynTjSbE8E1J33IV5QtBr2grtnTPpYcD3XC0PynrdjCw1oClYOYpIEu18AGet0CFElc1qH9Ae4vltHPRGeoJwEzR0gcAg3keskDZOECjANYxBEMRJ4gfS5xHiP+wyCfscAtTBJMZI2e2Qtk4kykKbMCmYtU+WQm0t4y3JWjXiBIP91rQGmjYphMJCgjYA5pLNUogpEGWqaakazJIwoUTLGi/itKgY1bnQHup+x6wUrRanPYUoG13nwL8I0Bi8tXWpVR8rcZ1GigDKpECrMlC8XBr84B0gy0Z9AfTxwziKopirIyEVZW8G0hSUqhDSQBte5A4TKY/jH6aA7UgRB0RlixVC+AOjUgM7sJ9A20DRTDIWxRc+fXw0soJWW5C2K/AhU4MLZ4HhBVghfWvI8ca1ZuPJZDxGa1JFbgabU3ibGhlFi6PCJvrgLzMfscKqPJW6f3uSM2XZxqTjttsDCdglfXRSWyTB0sg/8JNSBEcYWksha8w+2eelWXVrbXtUWLAYc2NZN9XVfd52WI9JkwyTujYli7PZzgcJhWoLPXoQm+iZ0skBL4e3POBPCtXaVK9bBBcSMbixzDwuIKtmAl/FGYOUL4oZQ1dWBbpE8VR34IySTUBV24knuEbLSGIYW65X4Kkn12WAopqyCF2bYHp8YxcqIFZFiTpuSlBeomqNnnS4Bg7NnIDvqwwsF0QJqOUM5NAN83YkgnRyxXmj1WmPp9PBaDgcDIAvarZ82XbOwoc3CG2hwnkM+N+aTn1WBMrOCj3A6tdBQZeUOYXXE5iT3tOnTu3u7W5tbC0t9xqNZpLAMX8mYX2S8qkGVInxhTMQ3GWedbvNM2fXBuP7d9f3Xn755agRcq6Ss3mf/OhHN3b6f/iNl30C6GSAD6SzyAuZAh9BQoVSQTCNpaVEr77GF10BrlvUksaY1uDUsHQqSE975D+EBcJhSYzkFKrP9F4OfgolLlUUxPNS3x963k7OkiJdCmZL4ynqoWLmC7+YIXhv4g+msHbyNTkHnG9um5IUqz1BrEYShvx3mmU++NPyErld8QsCsHRgVacpLcAaYwYW+XK5l4PV3xdbIx9cVrACjBQJVSMayGPI+wvLioXRhTE5WMUwBMbR94XjnCKdzpAhTPiGqNnwpJU2QsNomo2ROWB5gaceOT+FwzqdzCgZiGKQuNUMacKLgxy2vXzrNczeSNetMm9fcHiUYw5U7Xe10s5+bhXAg0brLvd4t06HI0SDq9IIK1YUYYmFgI74eTbjWzUmt8e4sEnGyZFYgS9MzrHlfCgis8UE80k9c9rgQHpsUXmp/6KC1EHynOfO8tlkEk2nQRzhNhWKnjGfFsCBen6j3emspqO9wfrNW0trp05dPJuT6OLDj/bXdzZv3bl9/dojvaf4pndGPT/09d7GR+EHrNJUAgMBPujjgsijXbh8eTQY3Ll+fb3bvfzww/CJQBMWYl6IYe1ZrU11mxdKsnFC4QRG0TsZSqz2g9QOyWdFlSQ2rr6ftJpXHn80biSvvvjCYHv31suvj3f6py5c6PSWwigk2g2nZcSDsBPpR7YgPRJ1WWkmV5bal5ba7Thoce7L96hSCDOJ6WAaKsIUa2THcSiywUAbIIBjusSKpL9Vz+XNeAIm7vYGw9v3Nq7fuLuxuSskJAZrIhkgorpEHrsnlq7bzhbNKRF5vINq7hMpApNOYWVShrsy4BOi+X7F+lJ6+sK5xz7w+JX3Pby02mt32412i7zTYdQfDPf62xtb1195/ZVvfPvejZvE1hm7QbH26p7Vvz9CKA0/uUIzuWievXTh0WeeeuiJx5ZWV1rddrPTJu90mA6Gk/5wuL29/uq1299+ee/OPbWxoXrHWgrM0iDLBbKiU7baYe4mtNJW9i21E19aGp45219dHTcbeRQXUUze8ZCllPN6s2kwHnYHu73ZpE1KZhmIu6VUY0BXjLmHOCVDRw/CndjpuKHcXzz91WXv4sXwwnnSannNBo0imzRYEQ1cwDW1xNzkKanEKQijVvHdOEb4YeKPx2Q4zDe32PWb9M5dluXEnW8Lzr1qNIvbL0czssG6+FTTObWX2A2b63FvO+lOgjilYeoH5J0OYZ5FRR5n09XJ4PS438smZqiZwOxq6ae1TVpqrlIcm7dU1JKVBFs2gg0v7oYrbzYu3U0ujGg7C5oZBayGXDbwx5xs0/t6hiIeKpRDqHdRi5F+C8uUwE/bz500/2r2P76f3iEnE4og0dnp6pPjC3tevh6yjYDv0MiMsvTYcBRHD2FOuHwkyclK6q9OSZt55NjC0bm/xsr2s3/um8uXsDDH3EztXtDukYc/yDfoGxkcxPirBbtMHiBw2eNwMOIs3O3bG7//hW/dubtVOw33aYlqKx0L1/zw5bMfe/rRZ564cnq1t9xtdTtN8k6Hvf5oZ290b2P3hVdufOWb333zrQ33fZnWsQMnI6u9Z6UH87+Ub1qt5kefefzqlQuPXLl49dL5GJ1fvCvDdJpeu3HrjbduvHHtxtdfeGkwGBkOw5HVaJ2svnFjWaGcgANMoPp/Z0/i5sX/nxXhqIimLM5ZwGgojn16KKNWv8r9BBoJQK8K2qGDvJbW+2nl19ag+1gAABAASURBVIoj0zEpE6IO/Qthr0qf5imcMcsm4Xg77K+H0z6pW1AVM1PTMk6M2if0gDiqI8QyKqXhhGt/L129vHb69NqZU6un1rj4Hb80u0v7uvrEupbNz6xf9+2BKcxNWaTGNb/rO3t3N3fu7exdu7s+TdMaVOx8mQNVDUFr+X6nsUTmpd0Cs5PBDbsSV6IxhLzgehQCvHrKJV1cD5SLEiZx49TKylq7lxR+tjfa7a/v3t/ob+xko0kizIYgb+Pz/3O+fxba2VwI49J0Mpnk0wnnSMLIb7ab8VK32etwfS2cQ8vYrD8ZbO+NhiMu9Z0ROMLIIp92Eq+VZJGX0WySzbg2djQa7e1s8fQ6KyvLa2tJo4HVEPooqRYWO/BMWyhAhkfgS4I4aYLdenCmE8CTEPURmYIlKE5ct5zTXvYMVe/qlKBMGjtR+ntpCJ+L7wqhoJryvwwAAOmE65hHYy4FajSbIA1oNpMGaKyUAq/+SKrdm3bmDyinWiSUK1vR7zK1AkirFcr7DLqYESc9DVLCViTTkiZIJXlAAWoCtXrHPKz9UGsGpbRBQpdMyQslmNVGQbDMvI/42ONSO7BDI2xU8JoViC4gUt/HhAV2RHhgImBLRyUuDqcXTGnHTN/ZbWChSqRSwVJleoo4C+wO1RsP1GIgqyi90KBvGkDMCNsqaHu+MnTLg7n+aDVTxpyczpdncZkwJi/bQ1n+iAToBBoK7Z3rzxTYAvEP0hoNV/EwOKQszI2gcw20MQPNLjSqwqxMiHZNYDx5VPeUo2nVuy7GtFpBzmGhpQWkF7jwkC5smPIcJGWFtuSOEKlQwmTRNomsFOBqfPAcJPwoUeKgamRBKkHDUkQWqVBd85JMhqNc+A/CrHHu1A7dfWai04+s+n6/pBaYX5hqeeRU4xwXLbLTKXfKvuHgaKxOJcLc6wWO0b0NgSnOQ1EPt7sLc/yeHFvLu6tPDXtiHSyiaA4A2kvhtAy4SiWgCGwu/EQI22mg0JtNZ5Mp/yNgeIWwSWHJWJRpcqLoKtGvlF0HQQWpK2o3hbRKLM//W40JMZGGeDTAKRyYEnvUZgxktpIGAP3lnESClpHASFI+BaHmOIoiJAqE2J/IG4do6jN04iFPMEmSdrvFaTNndAb9AWdVhEMQT7MSdpWEJzjscqAUs5SE4hEwvijcsXYg7AHOKoOi1tM1kd3By95stc6cOnXrzt3+zt5epxMEy5i1ajPVxCK+D2xejvuKMAxmWe75wenTq5vbfPs6mc7Sa2+8eeXhh7rdbtxoff+zz97d3M1vbY5ZwFmkKIgBBugFiKoSFQE1MJU2TRBk5Isr3PZ4AnmCJiYKgStm1Fc9oRQ0lJZYYULIyfJPi4Z3nuCcTLAno+2yihrDgHryGV4SoABeEUSccd4rWMxYe5J2R1nAZyzN/CAThnM8yvmMIgJoal6g6TBC9O5a/xEYNpsqZOC6JATPT35OvTwEuie4NhivfGnGVRhOJHiAWWM4r2jBxxkycDynHO2ZiNwACgaGMQSeWloIQMInmTzk2ADNzxB8lc2m/MMRn+dRI0EGmfC6hWHOeU6F3RPMAnhTEfZgWDpLqTfhLIigWZz7CAD6J3eEZjBb2+l32Qh/WwOSWU2JvajRLHpcnzJOp9NsBt6TmDI9h8hYQeCAqwY/ibCBneIgcBIFY0i4FMh1Snh/TKlA0yNtAeid8Liqd5DzZrb2k0pR+CKt6RGlFpciN54+3zGGSRwVTQZjlPLN5KwgQTssMhiTSysrk+Fkb3PrzvU3kjYnpY3Vc2dOXbl8941rt15//dSFc6tn1qgS5TCxeFHhAVPU2MetDoWtDt8gR9PplLPa/MmFK1cm4/H9W7dW1tY42UdLj8KmH0C7zErD9MEZapnWPNi00mHDsTI633OhdpBJFBMMSdiwdFsXn3jEi4LXvvHNvfWtdDRhGRgqa6/0xDoKQzYtci9AZAe28zFqMsqF3b8jL/c6n7x0+nQzKX2IXBFTLJo2iMFspIhl3FI3jC0HJMSCa5Q0uHLeuZpa66YR87kY9rrty+fPfN+H37++ufOlr714/cZdIiW7TBs7Mc50CLXlohIvQtVOQxEOC/Cj8jOWTQghFpiG6PPqhJhdL6T86Aee/MzP/sj5qxfJuyw0O4Dh4OTofc+8/0d/+Y/eevP6b/+jz7/+zW+XKCQ1w0Mb/6gd3ftQ1hqhKKmDENjhsWc+8Llf+KkLD10h77IQt1v839K50+efevyZn/vxres3X/j8b9976dVqHRaZVvOCNebKaexnwIGR02d3nnxys7d8/AT/AUMQsiDMkkbW7U3OXLg/GoYbdy4M+6tIFHDm6yY0mzLcLjgvZWBmptbjTqzkrO/rugnkepcuxh//iL+6RgixsCBEYUFKY9tYKKLz4xA3HSs1PVvknXqrv7QQLY2EcCnn2ip5/DFw+Xz7dvHWLXb9JpmMyb6hZkJqqkrnmySp/Uw/0u2pLu8lvde7F/vhO4+iK4XUD/i/YRhvNbqvLZP2bPzE7t0zkz45ejC8/H4edqjZcTOnwZzwWuPy15aeHUZr+rXmMJ0nckXSKynBtbKE9bTHDtPASGqhMytpvt564v2jEwOddM7OXw3KgdVczQ13/eyVJBuEC6f+doXUJ2ACNCBbcfZ6m7Rm5NFRsJaeCMO2YLj8fd/60C9vecHbUYYg6He7/6c0+7mi+CVy1MCVid1u8/SZlSefvPqJT7z/d37nq5//jS+R/XkLE5woi3yyiBD72Q+970/9/Gfe99AF8i4L3U6T/7t8Ye3jzzzyZ3/5s6++eedv/ePf/+o337SiuOufvKgGVvfGkAxW99DWzdqvPvbhp/7in/5FzlqS90KI4/DxR68+LqxO9gfD//5v/cOvfuNFeOFyCLT0V11T542SEYl79aDMksjX+m8ljPJoJ21nLEJxk1SGUeQcPP0t1TwSSufULgxFFYJ3YsKkt3oiJCxE6Agl4kTwV9LghU6HEEvBrsxjifSZH5Eg5uxv2j6Vnn7cm+zF66/Gg41qFfROaAEGmO33XvFsVRmD/uzyQw99/498piFQCPorGcfi+tQmklDridb21m9FpDTK/BJlmAQraF8TYlImVsrExrJwqXsQnF9b4f/49Xg6/dfPv/jG7ftW3qaetG7MOU1TKm1N5PqNgpSIskK2Qy7032h6AazvUjDGMZtlYNAatOydVrfbaC23OlFOZ7uD0f3tjdt3ubCCy1gDkM5xmS1ILSgTMmKxwfYKKjTePJlJyqV7PuMambCRnDl/Pogj5vuZMB0xzbLtja3xaDrLMpIEJA75P9qNaCsq4ij36KzIRpPx9tbWjKt1wqi91m13O1zrz0XLoKeC/zJZbSlfYEIUxlAiy4XScQKYGK4jCuEAMXrEwHmKZhHUgMCZIAWAtVPWoY9aBUit3nWOq4mzt3ziZEK3nQob/Fk62d5YF5r4qNPrdrq9VrsZCAmeGIOF0B3ROR4hzGpVMx0WU8fOSbbC7lcyoJXTeoU5VIx/AQXN0JsMM/MeeVGljBdgNmNB/XiEh3ohspWyUoh8UNWooXUCBCAOr+fShw4E1DDykcSHD2o0AADhWebsFeIE20L4hSkyZVZE4DwQ0FKogtrtZpVHKEXUQ0/a6Rb4EoUyobpe8kNUpsotpTjfhQpdYcAD0BsMETAIPYFCUFFCmYLsILJoI2vrPVRONhSzY7PzpgGLJpFEnIh/AA7BSojRoj14yTGTC8ojD14qr0PS+kiWY+LCmkjgowMd6YxGnnMT07/QkBFDiNXQQmPn4OgLbckoB0PCdI1sFl0fPeuxawTKh4mzsLqnwJkP2GeKwPuVLx3oyO5gxIw9TRaoZ3UZRkNfOcwTegogC+l0whVJ0HGFgS55QrFVnpk24AD/FBWmTY9GYnFmD0AcasPbI/l3VJPW1F7wK7zB76vRyoO/huRWF4JjbkZVknkB5worETj71pEbHE9g+97qIJlTvCT23NPiYSXNkIqAQmJYhTOdfDZNpREjMQfRihLVbDFamvM0PSTC1JaDhtOssdO/LuLFDFTK1FRF5BxFx1ge+t2Da8//tT/2WaImqkhDDyAjncRU9RTNBIQNFHjgZIsvEpEnCKJi8KkWX9q0yZRW7SKogIxwNmgynfBkoxCMOXlo1N1KSM8EJnx4FAhpFAy9Z4ysaKseki9yirJ4wLayWkM3DS6KnKEZjcEqgzD1FApa7+n2UzwAI0rkxEdCBD4a4GSJuKAbG1s7u3uT8dT3gl6vx5ONkyiJk+F4sjcYzjJxoj5IwDEE4ovQHh+sYMzlzqnaJyj7VLK34QNFpT3lfAQrpY1DeGq9kDRhf/c6qmkOarz9iWMNw/9AYRFafOzLwGEDpYS6jLJVarP6yvVUyZiZOAMOmvic+IzE1OP8cuD5nKvnTAbxPeJT+K/gq3teqAmvWBxPaa3ErRg1nnLiCOAk2A2Im1zscQvcIRuGFrczcnOtfS6oEls8mVy2iSaNYPDN0yNT1hthUBIvptY0sU9FL4nimIeH+xgmj7xTi6XFPb7c3gQBpzYeVQbW9CaElqQQlFTb+aRCeetES8/rthbHVSRaTtBkKvkA5EeBCUwFly8XLz0mKdFsgeg22EzyUeA5VJxKXZPhLbD5ZSaeR9R+Tg2PSglLpWY6ZZ2PtRkQa6iAFwK4JIqTIOKTgAq+GYxk4hIbJ03Oz472dmfjId+wx+0m7MeZN9jbGff32r2ldqcL7KKHZr6YXneRz/agWYTLT1hNIGvc7SBrvn7zJl+bllZWON2mpnaeJp7EmddqvBNKjo9HrN25nRAPetKs7bxMNeE6tmBMfBHkFvlWgxPMpV4vjhqj/mD7zr3peMxJSdJqyS2N4nnUQk5WwIIP6Y9GRL5QBSbHFqpJneu2fvzRix8/v9YKBZSWWBJPVrFQYu0AFSDDcAWqJYj1qZaclq2kaJZCfKt+ZfZiPVKAD5MCY61m430PX7py8dzu3oDLkes1q67pUPxlFaWFE2xJIlHlJTZ1N8sQPrvy+MO/+Of/o0/9xGe4gIm860N3ufehTz/72Aef2lxf31nfOiA2rX1Wy0vRuj/yxv5A31x98n2//Jf+3A/8zI+CF7Z3fWj0ulef/dDZJ963t74x3t7Bh3pUUGL2H8RlNp29UuWXEHe8ObfldRWp/Ora3rPP3n7sfYOk8Q6zl4uEMCqWVnba3a3ZJEzTht6AYdC7CbvdKou4iUmo087mbWVUVsehd/5s8rnPxs88TZsNSixXJBY8TQf3rQNhk+81ebLiuO9qraQ46du5OMXlrMDSEr14ns1m9N46mRNoqXXKOi5a20C05nU5DTvKRtT9Ru/R653zMz8i7/ow88PbreX7SaeRTVt5ar0pE6tK9SnZl7I5ka2+dqJR8/56cuE3V3/ku72PpH5TrZUSGqmRl8j8yrdyw6jXG2VWSyFRXAGZxEXqr3RRzGornozT9LNb/5YsFpqf/qHm08+CvoJBAAAQAElEQVTs/sa/TK+9tkj86WOfZUunF4m5oJSLhw0vf76VvtnIZ+8CuyYHhtQn95JiMywaOW0U9IDYDywQqH7/yA9/55lf2uRbjMEw/+YL9PYdov/t7ORcZtZsHj8YxfdeZmzG2AfJAwSxX/e4VOHRRy8888GHv/nim5PpzMiHrZjV6/3b8aBucMIHn7j6f/jLv/TLP/3p1eX3AP+2utz53Kfe/7FnHr51b/v+xt7C39WOPFZz5TQwsx5Jxrm31PnLf/6X/1d/5Efi6N1r2mSfwMW8n/r4h65cOv/SK29MZlPxDJcDyYtgNCVmIFXEicOh1Cy8jijIfKkSHufh+qTbz9poX1wlRy3rJpIjkoIlx8YJVb/S0on6xecVSydiV+WhE1iqLJ0QJ32vmq9IX6YTNbLehbR7msxGQTp2GQxCLQFE3QU13Ky6pG57acEhdTgTJU2ktNVsfvYnfvij3/dxruwkTosSk6JlcQSfsDm/pRR0X1vbUGsPuI/tk2rKekm3nETyHy41fOLy+bWlzq2N7VSccaeqv6ndNBaDa/7akixnZFaDebrUafGbu6NcfiN8z6Cyk+uBUB86m82m42k2nXKFR9JoLC0try0trzS7CQvS7eHmjdvrb94cbGwnnt8IIz5+/NAHya6wZRDgwVMu7SpAgT+bjLNsxlUGzaV2s9dNuq1Y7EzA2MckGw/Gw70R6KEomfqEdhrxSjdc7vjdhteKWOBP0unW9vb6vTs8kbjRWD19pre6CnJm2OYLcxEEZbdEKPIBtEGgsbnyioVcNczncyNWPmv4TSgsEVMl41NG283IUmNN8nu25WAjHqclL7ayN3VkpjXoogEmo+Fg0N/b297a3dril03eEqsrq6dP9VaW250WLySq0YXaSNp3dxEJpQlErVLV9/eCwdaRE2sUla6th85z1HbZKTAUoQiGFAaGH3gSM+ErYZq3sExtUXZIZC31R9V+qQ3UPWpLhLnoXBxWRFCCtkoitGAJmDYBn0xcvhuhEwPZH56vZyoz8A7AUkgzJ8qjjm1DBRUO1pxVF54cBgJdgfRXYk0822aVii93BOiORhoFYeDugesCJ1x1OUHTJiBaR3shTJrrIBadsSkr1f+sYBqN2Fsb1OuBL3gEhaCzoaiR8LkGbcXVkBFagpHpMDzAKRuKoLoWW1t42ZjpxkfQCW8JPtOjJEEDRSKHwAbfFCqoscfsBpWrFZZWOBiCjAT2KxNmTiz7karCxPrV0gc4J49QIy9uJEmz2Wi1wKKB8K1jl8cdkET2l0pOetLJEcw3m3H2gvfReDyDA7eAsEEVALXHsDxeUJ72VneUZ4lGJLCC1byyP19wFlaCVhruP7/IcYTSgD96XrJjnUf21fEU93DBdG7NOwuuUcbQaNAJVSoBs7t/sHrI2c8sMsBK5AAz1AyMeUxl6bCUEiuCmlMARgCINZ3O0sl4Np6A4bLJBIY98Dzo1wkoCaasyZBmE6UtkxJhkuyoJxZyGdWeLkr3J5Mg0o8AYENAuwvzNxT/+CwOhMkT3/+1X/lsSQOg9S/EOqNKhcErKlxpALpQ0BYm8LmwQghmVNaDEM3sGykbsbtZxuNl4hST80JZmk1nM5azKJSLjf2d9qmHzwUdKxDS4cuVQ88ZZ8RLB5JHGRXlryihiAHkFR+Bj8AJX9YTEfhSYOw6KOpEBTgmEy7roNEImL4Ht2tRPJpM9nb3Znxvn9NmsxnFIefTVtdWZll++9Y9nnbKd/1hwwsjocJXgi9hI0stXj4ATQizSZIsgCSQkgATzVcrD4imQrqm2MbvFOjkAURAi0z+dxx0oiek2j4ztC3BZNmYtbVh8hA37wuY/14hfDtytj/0JPYI/GTGoWAxmC9AG/w7vo1BxSFVElLIV2tRNdn1kD+gygw0ZOjhlKISxcFLk0tyq2eTIwPX9pb0BlJiv0B361OFjbXnL+6qKaWywgjcVv5B0dUkfItNUIg9oYc+UAiCaFV6njAoBzy2sOziaapJza9HHJ7eFOMEQ5lPMdQOb2voCT3mItkJyq4R5M/DDibSIsJ0MhUrEIpaPKpHiXLtBC0P7HWuktQRZO/JWzFIBOsmVxuicELUcPnyr/OnVOaq6oARqpcS4QmWP/LBXmdChNkc/g8MQQkTgAw0aslwb3e8u+XFQWdllYZcK+NN+Q50c2M8GvXW1lZOn03zVFjGEXsV8ETFN9oCeunDaAE0KF99WNFqt9GoCWfH+TWn+Bu3b/MtdbPVwpNMTCsqZPXwf3vPTPRoJMfBZZXGCXV3UNVN7DHmddLh5LKTw5SakeWHAV+IOXkSKE8fPRan0OkE7MCGIRCowBdsnIdDciWCXwU6kUUm824eLGBSrTD88ccunmk17OeyIoaTsWyTILthflR8O+WSjROVKrUMktifOSmoRHGOG64QU1BolXYzObW2fO3G3dks1QSDSMAtUUy/tjtAjGpOvVUZMVIxUCeNnRC1kjBGKkxMZ7n7C3/uV85ePk/eU2FpdfnC1cuvfP1FYCZVcKtGyX7DjLrRK4NzzgO9pHdXer/8l/7s+YcukfdUaC4vrVy+cPuFl0Fca2gusf9SF/9QHlR2U1ifWXwDqaRsPkka02c/fre3nJP3VAijPGkOhrtLRR4Qm7Mz1XfAJHLfYDedtS1zour3dmz7PV5zqfTnPhusrWECrIwXqeo1DVWjNRsFQ4uqcdRTavM3ZdpovSWkJnWGaNUL59jpVXbzFlHeduoLUhcq7XFwtEqbkokff7336CB61xk42T9Mg3AnbJ6e7IXMNgVEKxf2jTNe7PfzBwApRSMq5p7f+e21Hx0np6Tqg1m2TOzV0n4rx7AeLbg3kqcC7NHC6r4ilhjL3gftts78xJv/c7DPCLDC4UAnlE4+/HPUOxAbcohd8ISw55uzveCd3jgfMnB1Wj9ka1z1pmX+SjZXG59V3rGamAc3QmNl65N/4Rp29N17+d/+Xz7x8isX9L8Xvn3xD5+7uLE1eOJ9E887eAT83he89fXiwvmFxopHX82LjxFyDIBROGffaT75+OXf+8I3ra2YCQ88GrTarPxwbaX7a7/6i49dPUfeU2FtpfPY1TPPfeO7o/FsgeisbjDOaWlNYJwhadjp/+Iv/fGPPP0EeY+HC2dPXzx/9gtfft7lONT/Dkdnrw9S1mNFIYdCnGSFvz5ppyykEuchxRdUCdyJlliVnhPc7NviJo1BEc8d3Amtpq+Lrl/TunyJm6XMN2wUzV4wuMcFFtThXamupNMKkvV1WsksVqU4itmjJlXz+yM//eNXSnYQafmaVlEgWhJV6phKCqpYbundX50aIyWutfytXXTDHvIdfbe90mm/cvNOafjoljYDh1q7BjWMqGpEu8zzQkc4db07RnirWI8KPEVFUq4W4nqgIh8Ph9PRyCN+q9VeEYiThPn57mj75v3712/s3r4XZmyl0024UiQMfK5Z5nLf0OPSKx/SBEsXJM3Ab8RsmhUZF3G0ex2eUNJuho0IVDQ8E65pHUxHgzFXvOahl7di0mkEvY7XauSBNy7SUTrd6+9tbG7sbW9xLqLV7na6S51uJxJesxEvpU/PCoPrKAYDJRaXnvGSxc045grrBleDcyV4BGcCPTQiUhBpOl9U2yFxVJj9oRVtr2HfKtIhz5p6IpKQ5nF55mCv39/dHezBP65a5sLhzlJ35fTq6qnV5dXlVqvJFV5iFmIV8B9BM/9CzknqsrOK6vKZJRTFgaGEF6n9kLrwGlsdXtKGaiokcBPEk3Yp8Bw5KPoEPgNplz5ldEAB6wqsKQdeOC1PSD3opHpBpJwfESE5WjfBf/weLHZwsW6jEQvEQ4yIkzBQhJKomvqYIyaSI34CjlCiER/pywahJqXqUENETfCMURNEngSeCtQ+Q+s0Ci0VIJ1OZUXQsIo6SkuQnGBzWVI1qVt2e6ROfougLvkPE+R9G4KzKphoApCRJI1EQLuEWlcWGPc1WoHOhCcN0ewC/yFBJwJxgnZHhHGTIBHtHwodrm4EoqBO2qtOmTdWq5dsFJm4ALLMANqC/nTQe4ZsQbUc68ZSWoNcIOqggkmzwf/xOgIlCQPPl3RaDUWTuR4k2hwLjjQuzOdK9ylg0Pi/CSjgp9NcwE2KwhY82p1LjhCqesVaVWN1As7TSJaJwALFsokheYDgrJgHxbSoU91ru0hac8+OYf9w1CDXmPJTZ0SX6awGFVkxiGEOHjBoAmGGce3IQecVslVxXmr7FpJFQVgZDHr+D/zoINaE8xUINxEOyyCmJzkWhsIN61A/qkw9m3rbdVQMqsMVU2G/BPkkqjCj6ADIIquhj3aYwDZHQAHX4aEHSQCdYEOUllckEUguSSFV2Z4AnaArBE56OTHjtRbgu5gqv2i4TikMhON8XTOCVPYjqM35Q940g8GAMxBRFCVJIjyTIQ1l5oJqKA3Rtt0QCCL9salGdbqXHG2IyH7VaaBjT14pXllOYvv9/nA05oxWq9WSroUMSZX1QxhuweBoProB4k/DGKzC9Hf7nCxzNRePwQksuOnhe4og2tnZuXPzbsZVrUHCF2TI1fcwfwFPAsgnkQbBPE34CbpxUrADPVI8ZTqMaKptBpPFH4jCvgOgkwcmQ4vM/3cedIJKP0V+hTySmeFCiNnOqGewVAsWWYwdAp4gKAkAnMHXZk9wGnxogLslX6AwcD4QtT3QZIy6xzoxE65u5+wAlWpBhuOJCTc7/DNwtiNwH5r1JNoXkGWL0JgyQeQ4OtsjhoJq7krTAfVKynCRrCPRQFNuwtEmJwXgvUsRVRELmDph8YJocoasNnj3IVTzx0ReUNnmVE9HU+wHXjBqQynVUi4uET+hkrjrBP4VI1+AiYBUCstJXMFZyLOn1DQXMdgdwUfmYldJlA85uQaDFRp52JgSIs3sy18qjdwQYjYrTNfebSGmyuu0Cw5PZiQjTBaAiP0JX2MiTv3EqYp4Op0AOLvVzABNEmSzyajfL7KstbwaNVuc5YwCn3PBg/X1Rre3fOoMER45iTD0h1yywBnglg2c7AAaejppdzr8dm93t9Fsdjodvgu6+cab/FWn1wvFJpww21A+jn/PtDcl81cctk9/7d+ttcgSnEGLM4vvzkAdxuuYkyUW8edkgvM+fJGcTqe91ZUwSQa7e6O9/njQj5JGi/d76DMpKkTQCVuJ4N4FnTiZOH8eOKwk8S+8/+pyIg+yS5mdtt5M7ZP62saJdQ5bskkmMKb801BNzBmxrJtQbeOEGYIuuRfrhtXZOKHGVSL8ch7m0YcuXXvrznQyI5Y2x6ZJRGv45HJXak1X7K6KRcrR8A9VGkB66tzpP/lf/KdcxkTeg6G91P3Asx955esvjIdmmLlcUl1jkdKz+jFInTfOcOW/py+e+/N//a+snj1F3oMh6bQvfviDt198aTYCvydq7bcY3FKzUaeNLL7eiVCNT50xDLfd7vgzn7nVar/rXOosEoKw6PS2PK8yogAAEABJREFUBrvdIg/17sa0Hi2POLW+mBTsDcQiuBMTfaXX+Jmf8rtdh465jrV0mGfjxMnJIlLM8aTjpGzFIdRNf66NEzcOLArdjvfoQ8Xd+0SMt4PmYw3ZqjJnlRfuF6ov+kHjS8tPToKEvAdD6gd3m8tnxjuREfjVtFNpBJWu1crhcvOKuuEIZcTsnvDterTy/zv7c7OoJ9cSy4eUOatnBnCdpRNxR5RXHSV1YjpfxpSrqZJGwVo35Vs/Cm6//kR2jSwQDgU6ma49nl95hjitVr/hXXAb3PfYH7anI/+d3jUfKaQeuR8VazMvtDa+RpJIjhIO+qr47P/+m2FD6q5294qvPn/pZ3/qq3/6j9/64c/e/uwP3H7m6bfSdPT1bz6+unLr3DlKDgr/9J9fHQyDDz09IgsEIYX8SlH8FCEHp3xg4HufdrvBdRAvfucaPinzZAslU9np7Bv76sUz/82v/ZkLZ1bIezAsL7V+4ONPfOnrrw2Gk/mxlPyEkH0QJ8x9XIpv//3RH3r2J3/40+R7Ipw9vba+uXP95m1qGAqb5cB7m1qbDa9mP2yGRX9qLQcODzPLwzujTs7wkKTRL6ptqLJEYgM/lCaSSHsnuPGHvKT3HHk+XgsE1C81lk6oFLC46dv5Ujd9ZMjsk/cgBIyz3oWgf9fLU8NZWQ1n8zFUNgetsMeG0TP7Kd1cqj21aOHJD3zggx9+mphWVRHdX7XOWteVX6dwzKTD5tg4sa8ZOShlVRWj2S2lBriT1t5wvL7bp9T6zO4LMw5lU1Bqc2nWWHPzLYWlNlg6uTdhHiosxElZkNLnBaiqp1MunuK9y3XIS+2l1W5vpd1tezHrT3du3Nu8dWey02/4QStKPGFTBE4Ic/UB4k642oBzpeLIvlAhc5VyFsZhs93srCwlrYYntDvLvZW9rZ3t9a0UtuQ08720GZFO0+u1SCOakpyLU/043N7duXv75mhvLwKPPBdXVlfb7TYXdmmJH/oBytA6RZ4ilARPMMdJZKybJMLoAiAGoPpckUwoQfMETGKOGSNlLbtmmqzuK7ckpfYsRmZMAE6g5rPhYLC7tT3sD/iTpNlcObW2emptabnX6bYbzYQLivXRXBAgU6Ls4kvfNCgooiWe3Lme28f7yKxqESR23bXUS0IVLJQJcb/VX0kyIU0+GKk5avmIltg7cBCyQAkZq6hXLbIBAdsK0SO6SPsoVuwqM+FpBX0eAVAjTRHEwMvPlX2AM+BatCTh8lhU5FmkgKL2CrcOGvAhQ5rrUOh/0iCHPB4pQDjauI1njIEY3AnVuWCBPUsLZtWCCKsqMAUE0ETgKhA6lmdaqY3bCLkDmIM/0L0ptdpUbyWIWviVhyAJjQKnWlz0zSXScQNmGTixEgZOsGoKJqL7mqEZJd4YApeTokWWFBxOCWc6oqF40mAxXpiW4X2gTZvYvSbmWJ5JazQFs5cETT3FofpMwVly3inCrEqhHPEweXRY1h8pLZMeiGQTcaLhR2EAcn34Jwy3CFUC7vo807pYOt1TJXMswrWWqC6YNgELNNl0hhge1R21qPKjbQuklku32GE+ZAclXJ6SlNKDy1lXGMbYgWWzqVBparM6bBlRlqpZhXzrZpa/iLbUShO9qWbVsld2DfNp1yGDcaVUyYgpWmGX3lwrsbksjx5sDxpozSgsR4F8PYPx8LD88jiFPEVOJQ4OYV6ZsOUjQCcw/vn8J2BTQH2lcqG6LoonRfpBqmIYi+uhqJojEixNJBZD8rpMNpEwteVpX12+NA/AyUvgU8tGgP/X/9gPmTVNNaumLIShEyBpvB0XDEWkPE6BObERSUsFnuINjB0OpqpAVMlkXamEz4A7A0Imk8mIS94Z40sQJ6kFq9jFEjtsfOKB8QNwNIZpocZauhzTXWYa79BBNUL5CfpN43SWk7VBf8Dpf6fdjoTVO5s5ILLWuJKIxUMo1HH55Issr+z25i7X7U8nnPWkfJ/PdehczdnrLI/6g63tPRY2wb+Fr7tD2ilROlkJJSHz6AKhiiijvzpdHWsc6U9wtXx3udehCwVycDjcenASgdosNZW0Q/LmarzIM1AWDFbjhAioTGcCrYpmhijJY4C8c0FmgBOcx0RmznQ5IVS5ESHUeD+RFAyvEQsF2wcwrMIoH51FjjAPQHThIkTRdJOaxwxNtOCWWzxgMjmAVokHGE+ZhaAEfSiK8ijHiIiSUSTCs/wq+gjtYgomSYnw9gJ8HwVzjpBmQfAjiamTOF/Jt6EzIenekmjgg25/chKhlKrpRKqbvfzFA5dEDh1rh0AlRZUriLDIJ+wH8iaV7sC43r1Ip7Nc8spMtKFPtHUcgg5oGI4XnDvaR6ZNFZEWy8YWLCTCrolVNVpXU7kooK0vIruZWnt+UQpCtJkqGAECdxKEMfiWAhuDws5Wysd+1Gjw2rXazXQ65nQzaDQ7q6swmQoAfmZpNtwbRK1Wb6UngJIw3jKAeqfg2U0gu4kgzjyvUb/PJxEY7oo5NfYRAdlot3c2N0eDQbvb5asS59gFwNEXxeNJUtzvCZgUsUyeODUmhJIHAJ3sQ+ronNH1Lg+1lVqYoldSm7+e6Iw8pjg9wSF1l5eW19b2drb7m5t8M8wHUhhHnJ/wxF4GdI15sRoD0Hg+6ISUsn2QPuBE+I88cWU5ie3UcMpp0ZqjScXXYopSYjSrxK07c2ycSAaa2ogTt/ysdEM1m2r/ys2kXQYCdhTCC2dPv/z6denV1cxkXCaQyyDW3oiY3QlzBHvE/bRMXNUfCvvV8D/6z/7UexRxgiFpNq4+/tjXf/85feiqGhzG7TCB0vpkOCn7M3/tL6+dW8gpw7szhI1k7eGHrj/3PLpPJkTKNIiqp7NpojWjyB7WhM69tRs/8ItPf//N9nsTcYKBr3XNzt7u1qrckLpTjFJzr1uVVKSy5ZXdbVwnNkYO/OZP/ri/tIQPNBaklnYxmaITpy6YOHxp30x3fVr4NKSOFx4ZpyRtcvEoNaGaAp8z5NQaef1NUhTVctSXj+73ZE7jOdu0nHpf7j0+fm8iTjBknrcRty+OdjzT1LRyYQdacz2HAtZNa/g/pcGvn/7ZabhMFJdJLZte5V5HbpNVLJ0oIb7essnxIAVShGqhqkmHaHinvcLycr5+6ukfu/73FjF2Mvriv9n4G/+PRRAnfCM0/dSfYqHDNlRD7Q6Y1V3zefRcc/YeRZxgyD2yHbBzM3Fugxx7RcoJXvj4+MqzN/Qtgk6eeN/tSxdxP0tbLf+Rhyb/7gvnwnD8gaemJiHG1jfAVHAUmV0D38Q/99WVRpK+/8mB5xlCOhzm2zt5q+nVbSSnRfEIIcdjJoRvfM6eWfnmi2/s9Ud2hRcYtofnUBiJo/C//qv/8cWz72H+rdWMP/C+i7/9xW/zvWHlJav7U7pxR1RZbG/FF3dnTq/8lb/0J4LgveD1arHw5GMPfeG55ycTYS2GGv7N4uNEsJ9QE9VmVez41jKqY4MQ/s6wnbNAa83MeUW9JUU+smTphEhJKZXmgiGe5xneSFmVJnhdkz7Rgjn5gZWpRreY9OVbXRNttdoPs/ZatPWWhulTDROxK2w1Vok99iz5jKkAMblZtaJLS0s/9rM/iadArY5wrqm1TaSL2zih5jmlNc9ZJQ5zU6umXCMPcd5CChdOrbx883aaFUpOJlve+k4+MMlYV/ovrctCh66wdHJ/zIQenQmNbMZ1QuPRcDwaidu02WitLa+c7vV6UbOReePN3ftvvDW4txlyJQhXvQpFDZTEh31uEHMhAS3EkUCGWvcMjucxn/JX3d5SZ3k5aTapL2RTOenv7Pa3+5xXDcIoj4KiGUerS2kSsEZUhEHhUa6Vvf7WdS7a4vm0ut3VM2d4IjwfJrEmkFMGjqf5vwys22dgncIP/SiJ4kbSbLd4/FanLYwuRChpJFLFh76qmTLYYOxPqDkm/VMLwbL4yggYbe/z8FzYtCY5oAwyONKdF1w0t7u1de/WrfW7dwd7fd7CrW5n9fTaytpqq90CrXwUCi0dQ7sRmIOnRdaWxpoZIaNNbKn7zwm1wqvaME/jq0SgjrJT6j+toDX36iNfnTQ2unZNU1Rq9kRaJLC6YlO7/CUNdG2NbHW1LDpqQ5UnF0RsgLFhZVpD2O0AAxuov0DEiaqszlHiXUQ6ykqHcKyDbSOwJSh6ddxpCZdDvoZlUHUe3rSdJ8kvsaiwRpzo6hQC1wXgkoylUy5jns4mM4E4gWoJ2IQnxhf2C7M6wCLu7oDRljmI2GbI8U9yJN8MxWFc9RdwmWQIloQaCZ9ljXYTABngtcrTM0bPHXTcxtsjRfyH+EX4BcBNhF0Z3LFwSiKMhicB6gMU1sdTahfhPEhYFxd9iM2CSgRi5q9QFChPSehdSFhyMmYCqF7+FG2VFS/k8BB2kiL0ExRJ0ya+tJSAdMCxC8jUFJY7L0+gUsBVWQ59BJim8WQ8HKWTKb/mxBZxMiyX9mLQ0JReT3U3E5eWHyLMQWbUdjqxps+BmdGKvGJ+VGd5qxIctpj2k1ZE8XUoEHvFg+FtUTCHB+AdJbU6RLpks2tTLdAcIkmOJVBqLy5WjnaRCtOVDp+imEh65EFSH9z6UknBbBCVPXioAhTIBi0kxo7B7JvBgBdAEzB4Juz6FAAoNc1OqewMezFDsxWS9qhMnPJRq6hUneoxhNQnkk318LS5wJYIZ1icRIVohClUBkF8yWehy0jqBYs0ixkCqmmSJOGUjVMtzruMRqO4EYMVFaEFL6RmWn1BDsjBE17K2p02JxnT6ay/1/dDeMIEHJIIxsFOBZeRvPD5asZ1ixlUOMO28KobvKMPFWcC52oV4dopMEE3GHAqNxyOtra2QgDoxdRyS4S6HiqgJpzqpZwysnEYsTCKicfiOLx04fT25uDNN+8WbLq3FzXbyenW2Y3d3XNrvR/7zKd2R//m9c1Zf8opPjii5m2RQy0De/yDit+zXFmKltJcgpCGMcFvIeNFld/EQiVSqNZ5JwTo7AHevpeDnMF6j0UtcZ94oMHKgqYL3tT30iKgIdvhY2AyKkgeRl5DLNFxKFG8nH/jCy1nMhSVRHmb5kOpQ0zBaIo03BQID1AeZ61CP+N3JE/BVQ9fMwKS5lx1P2XC7AkY8iPI2hbonrYQltOEpRLBROBChemL8x++MHWnBfSKkCKLmZEcNWychpDJBLHwfHaASaYo5CUXfAOTvAIRjLAHe6CMzqbC7hIObziuK/khSuyj8QbqVlgeQ7+nA9MGs2zaB0gdZfXKC2LS7LanozFsIYsZU3JyZPLUUiP6VOD6PEAZEtHDUgrmLMkScZLjHjIHFAjPo9Tac+gvNftQTFlyB/Y6C2AOoKL8cTqZjXZ3+XY34DJaAYzmnD/fwAvQCd9is/MPPTIejnfu3W0udU9fvJCHYWupN9obDPeGd65dWzt3qtGKeUH5sgXo7CLnA4xz80TQTNi1tlq8qrvbW/xJb3lFTISmxkkAABAASURBVB5wstPt9a4+9r6Xn3/+bqNx4fKVEOg8lcPdE46yLEM+ZL9Av5fp2jsa2EJxhOiDMuGWDCbD0qnVJz720de/9eLO/bvXv/3isL934eGHaVOQkyD0vEWIhiYyrDTrDhs+fuHUqabULDI9FZQlEjEtHBsn5rn9q2XVlRRwXWE1Nk50+kpWqBcgc1bbnPivT0GVbXVl6dmPPPUHX/6WOgQO0idKC6ZMFQhKojlJZd6Akxla2OYJxH/O3ovqFUxxv7jW/OBPfe70hbPkOMKdPnnhPr27R/YmZDCjgwkZzshwTLmuuRkVnQZthaybkG7CHlul7z/N4oAcVzh39eIP/8JP/ebf/2f6CXXGlqaQld3KgYOflYcjPvjcL/z02csXyXs8LF869+RPfe7Ff/5bxBq6urq6AfVtaWKyfacqMyuTifbEU3eXlt5jXnWqIWnMVs/eWL/9kJLCGD0BsQ1CaNJGmGMVWLUIm2O9GSe/bj5+E33kQ/7KStUGiXWts6t5a1ECq1AqTs7Vt9ke36JtTm+uxhcir1mXgv6+3g6KPZPmlIF4q8vFhz/IvvL1mnknk5G8u/1aS3D2n61KlOc8fLV5fhA0yXs8DKLGK93TT+3eXSSyXo4MT6pflVZcveM2F3KZ+P3us+N4TQtezGpY6JFGmdwLi/FdqGVPisCU77mC6bdqlZSrHv9BlQkzNlwgqnhC8K2ZVYRlrTOf7/zYLw1+kxxfSM89UzQ69pMFWcx50V6Os35QLxDgEuyNO7f2trd2d7b6O1v7QCRPNHBhT6e3wln0zvLK2tkLXPJSjTOM2BuN4tHh26GYv/Tpg12rpClsMi6c39NPnvsK+Ve/9cxsBmbtTp/e/JVffPXc2XAyLf6r/8uz/MnGxur/8b++8lf+8y+trQbf/k72u7/38J27p/hYSpLpww/d+oU/utFsONyp530rzz9MjikkSfwTP/Lxv/k//Uv95Fi2LlYiJrE/8fOffeTy8fBv72B49OrZP/Hzn/5///3fE3esvsFY7Y0rrWTM+sOs9tIrJPnExz/IlarkgcO37+RvbbHBlKSgVSaKhlEhUCG+B67k4BCSOh2CDp9jnyw1ySOr/sOnjk2o0m41f+CTH/vn/+rfECXi1/yWy1vgG/UfIeSQiBP+d3OSZEXAsJ5MWBR2djRazWC4C2pZWZNyEqkapyiDZWjLhDGDQYGEPJ2+fivTN3yC2Tl6xMlX5aJqYtIXHFdjaXTuyfbtb+um2YeVZW6Tzo3sqq+IKsFDjz7CtZOyIdWX1OwQCa21cVK5LqWg82G2LZOFU6s0IdGtpHQ2c79KovDJS+e/9to1VQhS02huyvYbOcasV+VjtU6jelw3BKefZuDlgiuEAHEynXFdb6+3cmp5ucOFUMwvdifrdzZ27twtJnxJgCFF0dQ1AJCosCDii4OAYL8A3ENzGS1I5nLi06Wlbm9lhRNtJo6WFUJ2OhiMuDQ4K5gXhznXpMRBEfo5TySkfP89no4H/b29nZ3JaJi0WksrvWaba7VbPBcAOoD6GM6ZZXkKBu1BvczvUz/wggjsUkRJyPXEiBsQ3t2FCo8V8nAhNknNgkErezLqeqZmCmJiMAz8fzRlMQOHRHDUrL+7O+z3eR35baPVXllb4zI64XPdF1A8ZOGAdNVuTWReNZpfOifyQqFWr1lWpmqpSkXLyizQhv3QduZFjjXU6pVrgrUUlZTrRBZb+yfyJeDEcnmTi19PmZSmCvQAVv9VYJZNdBmkXxcm7fcLNUGhHCyoplIjBzSaDPUAlr5W2IViNRrccv0YIXKJowpowiQsAmsAgBmudZHDz5joYLJxTMpsgU6iWAO1G5VKOvkckwM1Km8mgJiA1pYrRHiLSVCI3LvgtJRtAU0tS54LZM4MICdTdP2Tear18Ri6bHxPmV/ic4sUpvGVJRtsMbQ9L1qTqEYp5GwvpPMehJswOaLkEuZyMGZqCAsuXLzqR7H0pxOCRD8S0xF9NeAHaOpeLw1UnBhlapZBDoD7EVgTcXgZTtLOBLYGm1R+XrIpwZhe+rHjsTOod/jJpXp//0lUfVvZ1D5YOBLEpC4ZtlCcMtly7kS3UPcT8m4MpYpYI6Ea8cTCXLW7IoZECBPELc5AMS3UxJM+rdLphP/jFwLLxcCJQSGWYTzXLVLylF09XUFFD5H2MkJq5HiKZzOLtSoG1XfoLkec0pWmt0QU5qF2TExWZAYs6RY8UbJzVsfjKwbYs0usHGkI40wNvh5MZ9PRaAy0MYwQk1KdkIy6rK/DBDO+EnW63el4OtzlesIB0CNOiVDpKJlFarpE8O6BH2RehivBVDznn1ANySG6kkcLrEKvNNtKea2XuOw5z7e3d+7dux83GiurK1Qr3YngFbgCFvTA1PfAMgoniAQOdsRxHIwm4zNnVh55dPbWrdss8wajwebWFo/f7Ha4yvbqhdM/+yOf/duf/7fj3QFNPK5mLwLfU9ggZW+CSU2wxi9QAe9U8Fj+ow1G2IyQanq7asfMzTxQeHcSqWMNUotngqqzdCElV2i5DQam0wcECCNDWGlnZDKNR1EzGjfjJA4zX5gY4v0dAGcS5WLRpUTtlBV3xpC+MCRG8FDgTgqvAH0fzyRnXhEGFHYagrEABpJ4ADuB1T5jwJlA+TxPOOABykYJf+3BY4FL0M5ogVYgEI5vgXKKFia0ZBYJExpcRAYHzCQSPB0CtvW8ABw98rczIizECZ61kNhmmsNXUyHthRnGR3kI9jxC5eREVlu2rGzo7+lRRTUDJCe6Yt2QyUOhOYjCCyEQT5rNZqedcQGn8PxlhObMJAhLBgwqtYEDjAWx40iHS0hexMkZNHcJZnN8wR+bXQrbl8Ko1Q/HgnomvyqYXuR4IWaTyXiv3+x0ee6AdwzBastgd7u91AVbPaG/fPbc/evXN27eaPe6URwxvpFe6g32Rjv37t97661LjzzMBwyw85wGMzYeczI8Flv6gAjBEN9Iz6bNyWg8DPutVhvsqWRZq9PJZumpixfffPHbjWbr3MWLVIxGHnzPLy/VTG873PYy/XQiobrjfa+EUpkZO7kmIigwEnI7IINhI77w0JUgjl79xjfuv3nt/rW3ONNx+uJ5EK7GJIjCxdO2fg3TtHjoxfFHzpmzngrIoZi2so0TfWJbnsbWmzzmpkBNCpKNo9RKQTUKsdEqhGiBJ34rf2XVHLyLXl8I0do48vT7H3vl9eubmzuiCfiqUCgRsUpEzwzFEDLNGBqEClZYcZ+EKhkv1SpgfrV8ZvXZH/o+8mDhzW36hWvkm7fo3qi+09KU7Kbe7pDoXv0d8XvlFHv2MvuBKyw5DvTJp37ic1//wpfu3zJ6WVpLPmjdTm9+sozYbkXk1dq509//E58j3xPh8c9++vpzzw/ubdgPqxNwnynJLGJN578loB0ZP/bokHxPhLXT23ubp6bTNrF4JsUzuriTunaxtpEmshNB7H3wobfUjZ/5AJEyIEYMykTRDRHUSC7ZQZExVcLUigsxx0W6nQ1yQElDSTant5fCU81gqZKC/t4pg0u99VVtGcSLDzxBXnuD7OyWGoSavfKcJ9Y7Ss3OlFKnNPbDoZ+82XzPa2QxXO+sXRxsd3O09ODMOTpnX4oR1E6mHKd0IWWdYsxuBMtv9D6kk6BEr2XaCKL2mCNZX2rZQcE5oJPTb/X4VNiUyleE6VwYK4n14dG//Pj/7pnf+epj3iY5jpDGy7MP/SQ5vjCg+bU4q311//aN7zz/3Gw2Je904PKe3a11/o9fR1H81Ec+cfr8pWq0m83i7IS287Ls49jliO3VO9WH/UG4vgF+uPh2fH3d++KXLjebo6c/yNsWcDBf+jL55//iYx96+tXve3aTb61+419f/Rv/w8f+17/6tdUV/y//xT/8u//gyW5n9DM/eb23FAyG+d/7Rx+/euX2n/vTX1pdpa+86v/65z/eWxr/zE+O7ewofZkcX+Bb6XNnlw+O98ANefHc6s//2CfI90T4uR//2L/+4os3biIf4jQNq3tgXzDnVv2WViT1e/Xi0U3afPt2/sp91p+yyDK4JESpNZHVQ2dd52KojSH/V/y7N7hshp3qkE9cDs72DrXdqQlXLp5XomyiZdpO7tZbnRk1EZw3lqSZqlv4m+b+3jQm1MZUMNfDDrEwpp5OUwmRUCjn6b0VtZD98jmiWITsVSJOPPWcOPkSqW5XmyA3X8V7yWXGTV8I4U49km69FU76Vv9Ych83ONwZdZ/XsXZ2o62dXqumwhRzSDSqg1SwIGozbLJwuUSlUDTVrUmNWIJ3KzUnZZkO1b+EWiV0U8DrUz0HqXng8HV5YKZHhNN6rPKJkL+BeBNcN0+4gGw6GvNHy73VlV6vkzSDgkWTwpvlOzfu3X79zXww6rTaXJuAnkL8QCiJPY9rn3lSs2wGJiPEUSh0iR61Ei7KarTbNPRzMcD4OOGq2NFw0t/rc5aYhL6X+KQdk0bEfJJyUZ8YmePxeG9vp7+zee7y1c5SL2rE4LUn4NJUUMdh7uIXLCYQYVfe972Y63uazaQJSoyEy57jCMYhQyO/0pqI0wJS/sBszYhsG8UTGzZYTTVUX+DEEXNT6Hems/FoONjrD/t70/GEJ9heWlo7c6aztMR1UKKLmcAxgJ2GAnV1MI/kCXKZN9MMY30nV5486ApHK+ZMJErAspVYkoDZei6c9WLis7qyqR2KomA1WuHSN3MOCZRKbW1ZlOiG5bWpYSwp4RduU3Jt3USY1kBiKJATEXqEQX2ntj6i8Q0K8yAdrzAFWMEI0ti2JE1USLOpvsbhR60gJidxoEWW2rNSX23ghKACBXEzWIZcAL2E0FAq17BdmOuKYUHRpdoyKFi9cPgOt9rTj0CZxEkDNIXgrMrjv6AByQvEnmpTInxWKoMyOdqSke6HUvA+IZxuZYFwywXmZAQqywBQRDFkN1nN4tRCdRM+Z9KguewX2Rqip4jaRelhozTAhJcHraTofvc9sFYeRlzNE4DhFrSQJDIoUF+g9lyGMWLYPtLPhjCsAmQQ7biI5mRo6V83skpCDgvJhFG1kqvuloLTCnSjXi5tR2Ok+qF+YtMc5rZt/Qp9ouFoZIwt9Fxu483hQOIeb6+PTt7GwOxRZDgGtuBXJ9BXUoog07f5FvtWzDhNzsQcgbUwF+Ncklk++kdjgTgpBPSjIIX2v0OU65Ky/X2cFnIkCsiAKo/LJLollEIRic8TD9DRhGBTqPQ5IV19YTU1SKyCQyD+r/2xz9K6yUAlPVY8neE4pUME4bODSOLF1cuERtKrn3iufYdgMxtbzuWAaMZQkMICzq+POFlrJOCQj/jGXVC5bKIpxdomtKqeByQMXWzSymJzyEBpZVDKOsuuAg+LjHDubTAYcBocJ+Afh0h8MtWOj1BbAmbx8oKTRXDHCAayCHwSt0bj9K1bd7guczrNhsNRl+tTCYlDX/hNDHb6u5MiE3QUIMZoHkpbGtG3AAAQAElEQVRoYhiRgGtnwMrWxpWeiIEgXSrKgquuEP1PTZVkD7+d7nWOKSyS3oLcwIkHPX7kElg6KeJQInEteqoQk4aBJpRPk1SAS1mWegWN+BgkNBGoWOxDtGdHNeUiOB49tEhBkRuAF1R4iQKzFHzQBjBW/EKMWc4RgPHGAgCwOLwK9G3CEBOAnJasDpW7VqYViWLI+8ZwqJKdVLqJahJhLehMTmtpkQkmtJr7gEQFm1GC8ZPcAraYJ3ydamMnlksvszuV9XaI+zEHWq5f6Xk13+MuiWeVhalZjUSIIVyeiQUJqA8FXnA6HgMzTYQUvqyDkYlIiZnmnJxFQHwo4ZTMANDBRHNALWRlbU3VcJc7AyRbeuXFhpNDQoJmYP3gxY6bcaPV4ttvQGH7ZDblcnCWtFqzWcqHxnB7J0tnCVgjbBNejIJOBlxNWHD2tNvr8bWJoSscWNi8WTrjfDPfC1G1Kw6jmK/lm/fv8yz4FhvRLeDpvNvd3dlZv3Wru7qWNBI+RqWyQTW7Gu+EStaW2hVxKq27abEBsH80OmfL+u9XoJWWrkahxPiYs+CzvDeFlIcNd/dG/T5nPJJGg+/6eGqnGoA72de9zj4FqlzNDz/+6KVeI6JaiqDsixDqnvVn5nCZlHsS+asDMyf2NEXV0lJqp4yNYmIQpWa2bZwQ15KKlQKlzilApkSpfAXpdlqvfvctYu/RdBkNCFA/ca9phZQyTcTL4Y/+qV9cPbtGjhp+7xr5m895v/kd760tOk0PPXF2R/Q7d+i/esm7PSSXl0jrwU6f8nZbOb32zT/4SvUVnfN38UDd8fgrv/pnTp3/HlFmc1amtbb61le/ScxaT/R2RlNhQhTPa39rkWl7jFVvsQGfffZmp/MedqzjBErCeLS3fco0lOFV8Fc3p35YXl5oib2p4/P4b/K5z3pLXVq2XEJK55CY3NQIeuWeMHZiqTgZy3fy4W42YsIAH2D8izHnEyb5YMbGHt9p0aiavp0LqRR6Thmst3yD2e2Ak50Fp6HTirrRaPWakNJWlX6t8/AoaJDvjUDpIIgvjnb0femiNLJqrimZQ/vKDz+/9uOjqKdvpQbLUpQxBUanVK966hq/oNLSidzhIEJF5sTUZJCSEPOVrKh95MaMHRBueOFzZz/3ieu/3qL12I7FQx4ko8/8BRY3Ky3CDvtA3z7fnA0rjnX4NuGFr/7BGy+/kOfvOgtPvEh3b17f29leWTsThA5KmHfMyGfnpt5istOjh6d+9lUu/Ne36F7n2vWzX/ryRf7vua9cevE7F3f3Op/6vpeefBxA/7NZ8bf+7gfPn1v/039iY2nJ7/X8p57c/b3fvxgEO489mnc7/pe/utTpjH/g01MuwdnYzDe3yc/9zO0L58Mk8S5eoC98J04z+pFnHOwjpVxi9nN4XXBZ0vXrtNGg4eKwaSfw3TeX5/3W734Nb/Xodod5zc1hw1/7i79w+fzR+bd3VeBCi/One7/7B98uPbfZW/3AvVC3bN4LzUnD76/8/I932oezffXWFvutl/LnbxTrQ5IzcBFOHjgEHokCmhb02jZ77s38re3iTNdrhEdMmW+7fuf3n7NWApef0E+oxa046wY9EHHC/94dtrJCe7hBTa2NOJF6MfmcGqUV0Z4XhBRCbiSFqXApcEYvvfK5V/r1JOLEzZdW8qVu+ihTkCl4KkeZLxdB5Ekr3rrhcrmu6EHxHvY1/mdvCKjF/6mMNUdHn/3kJxpog1NnUPll8yyR6PbXv8ykY21DCZln74TUp8ZcNpVa9hKImxrR3xpOAB6+8OZNNTKo017lkWONNJc9c/44VxC6YpK+tT2dTcC6yXg4nAwHXPi20ls51VtZbrQ7NG7l/uD2xq2XX+/fud8kfi9pRWHkC7syXArK1fTNOOYqFV9YegD/MnDwji/DBdeM8E5ptpvNFhdWxEL943MdzGgyHY7G/MKLou6ZtbDbDtoN2kqywBvlWdBIBqPh3Tt3t9c3+Ce9tTNr587GjQScYvuwYoJ2vRC2EtJpnguHJtmMNxhXWnOBWItv7DvNVrvNP+ESEqHvQGEak4PXbTEUddtjHFtZdSFVjS4nr6XogX9gXGU2Gw9H/b3+9ubG7tZGms6iOFo5tXr6/PlTZ850wOF1oAAH6LpdGHhn6M2n8BXEwd23yEyxJEqOVxt0gQ9e5uxcWK0Kn9RruO2ySdk1Y26ZKasBi6C0Vat1cNZ4llJQS19JqTCYVG3ZKloJlZpFrDAywi+E/yWDc0BPK8go+sLyDHpyiaJIGzjROAa7Ri7iRJ7kR2iOmeBYGjjphwgGCVsRvz72vjptT7Q8Vg/BeUEoFzzMXXoC0v8EhkN5siCWhNspvPYJRF3gSzUQeehLNa1c2+Hkp/CfFcaNOGkmwv1QjM50OF+BimGwSIKqRUV4cqFS5G3ORMmhD4RJPYnZEkCfSBxzRx9G2COmtbPcrpGuF9VOjlCoX0hzJoB6YQVicQptEEU3hdQreiUqCepwyBeORsO5aBgMCf+PF0yYUREWwYSNBoYGV5TdF+mqi0hTYUQogFIush+P4fTpcMw3JmDmJEOMXKHGq+oEtZx51LPcyVGtCqKOWayaGVEOuq0YsfZ39RGJSl/e4j/TxOTkQnnIMWrRsQf9J1Q0zhNauSDWa7tYmiKRxap/fK3kErqiuh92p4B1cVIdRY1nxnJ/OSVR/UcRvpqn4EBnClMA/oEnKU51icRWaNLC1NciI9+zRRNUzwDF38oXuq525yEvSjX9p0Lh6kn/Gl6ACDYPqDoqbT2FMPPUkBDXjpUFmD+Bc0tqFlk9f4jVNlSYfeOaOcQGToSxkwanKUks7KJIPIq9EtN9lncKMI5Op52NOW82mEwn/X5/CcBwviyAKhohhoHmSkTE9iHwBQ150dIBo0MHZkkk7adMmIb3BCrRb3DVY683BRN2+d7e3sbGxpmzp5NmRK22AwcVFFyWABwnKGbg0HEUhH6j0065cqsZX33k4mvXbo7HkyhqpoPR1ubW2qlV5rNTS80PP/XoXc5nvfpdCvjdmOUZKQRzJwmaxn5LM1nEWp4RXC8BRgDHESpVZz1QpvCgI4uTm1yHCw8kwXhvBc3b1dZZr1E44X3plcAHZmxczHZn+dZksjJLG6NRIlxFcNYiFFwd58sF3pNpA2yCHAEpwIVZni5VJphwVebDKuGDJIMMszASGGVKZhngzsHMKuFTa1ZkwlObLxF4mBRwC5702Sk08dQah/ypL+DPvEgwKQu0dyJ3hOC1kNIcHTTyWaxRDnycRpHAdfFqAyCg4ISVy0p8wZpIjilPp1NgTcIgTGJPoM3AtJAB9RWK6hV4vOzfz4AjiaLtKbEj4w3VaDaKpaXRbj+bouNDI3BHQiCpBVoxEUSVSZCPOgAqhfeYiTjr4IkzCllKAFcXCWc+pgzkIB6icBDW+D/DBRMNtIgHfEM8G+7uJO1WDB5zeV18vg0egH+yVsCXopS1uks763cpGAwGK34R35X3uoOtrdHeYOPuvbjR8KOQjzzgyOGUBsBFp5MJjyVWRsL30u1ulye4u73NC9FoNHFPw7cBDz/xxGsvvHD7+jXOxbe7Hb5eQX1JLncPJdU4c7Vdtdcnynu+1wI7YWigYrvMNRUwfL4VOnfhQuAF/On962/dv3ZdQCgu8jWarBxZ4Wf4B3bQ4tpL4iu9FrG0qYo7r9o4gWa6N8zu7mWDmaUCcKXVTEY0+TO1eRNp2l/IZj/V8p88C0cA1wf5b7w0cNJkpB17V1fCD19KLKGJ8TWguV0Ncbl88dzycnd7e08502HKgQ4hdU52cCZIvR6615GGTsBQim4CYtvoo2z1zNrDTz1KjhR+/zr59Re9veHxTMCvXfO+do185Cr7Y08XvYQcOTz2zPtPnT+zfvueflLixGnJIIIm1ocI7NT5s+975v3kZMKbG+Tle+TlO3S9b/b3/Hetwx4/S584Ta6uHP80P/fU+zpn1mqNndizz95B6MsDp6f+ttMenzn7oKrid1Vod8dRPJxNWza8Auc+tVQCsiX1gVt7+2jiMI1aswP/wF/uhZcuMKQSZio7Nk6IpnsqN/22cnYP3vBFt58PBvkU8aNIl/Zme91AcrWzfJwWtwMatYKVxG/rbxe3ccLqrKTgc+/i+bzXpTt7NSXTm2WkV/a6w+y/soXtj0vGTgZ+tBEtkZMJURg0E75nCELrkHua5dM0G034PvVExvlWo9MP4k5WspZRMwVdDzuMWOAkWprI1GIvhSXHjXB5q3nZpK5sllDHKgnRR3BkT1WskjgoTzMmTZbuS1UVQqppMlzHxeSZtc/9nz/6//y/Pf/nW/ToGI7CCwaf+k+IcKzjNl+Fui5MbgdevhHWIOpe/Nofbt6/Q97FYf3OzW8XxUc+/UOl59sxG3pFs7D0KCfAZNI6WMsPfvqFD35ggBnu7dHvvtn5vd//4O07N/6TP3n/3v18PE4uXti6dj3V8ZeX9966sUrI7VI658+Ff/ZP3udc6ls30u1t79bt1sZGr90uw6DF2RCS3bo5/fV/wr72ZciV778+8anWf/qr5EihoTDQhwsW0zjvlQ4Xz619/OkD+Dc2usl2XyXTLVdpGJLmOdr7AJnvd2xrwl5ez9eH4HlNP+SyiFMt+sQpfyXZb81P33wlu3+TuEZ9aKcXXnzYX9sPqvuxpx++eH715m1jx6jSDqxyIWmGu85UzZyYcPb0Clk4vHaffeG7WRTCbj44MSlIK6HjjPzjr/NVo/gjH4xOdw/NV585tabpuZHvlp5Q85xase2NdGlLTa00Zrk/yQKCiHwhNJVrhoU7EUFj/R1LJxqFD4IrRohr6YRI6ybqiSekCdrSCabv5itlgFo8btCuMn1VHMV4ecbCivSk3j2TNtrhZGDVuJafNSZBSiJ49ZiUv7JQHd1eh1mpqo2p2mPWWSUh7rVTLmry1bnzl7e+dvvWN+7wprzw0XMXP3yOWXGY4tTdLtLlcRSHOi+zF6ZmcdZpdppJqb6lFqgfwcwW8lSZXVK95cKl6Xg6nUzzLG8vLbWa7eVmu+nHZDAbD/Z2dvr9+xvF7ihmtBEEXI6ZCZO/gQgRsGcezQB7wcWdoEcQSqCIq27jpNVsCuSH7wlb17M05YzbeDLLua6Bq6yb8TQsMp8WIIYtJlk2TWfrt7eGw+FkPEra7eXVVS7p4mpt6EShZc7BN8cMvIkIjTuvHCeYQQKglmar1Wq3G60msIzCMoHQgjMp+MVpQh01hBtQxTCXLDAmLVUwZQUEDBvPpns721vrG7yhuG6ot7a8vLbaare4mJtL7wgp25YoCvSno71ceRZnpoOnymtoxlEWujpGwlYzK/00sz/ZR8alG62igCw1mjYeY5K1YtJ56nPmlsS6LtFMZka3FVMfIGc6SFhIpm1s4DDyBbYAjWogykE7qrbLppPRRVK2zJkSNTsDSVaTmjqiS3c5/JR8mFp4CZUdqW1unOD61QAAEABJREFUIsaYros0FiLqogujoRUC90C0sx69aFPTVtS0msUHVXNmlmUXqIPP1RwxV3MKZ1VRxGe0ODpvkB8iaIsvWFPUgHC152w6xTILswepJ3xM4aldNDyAHYGrBgMbIYW0GYPNICeCGQSy0VQPYb4Gbk6dYYwLH6ZMLKQFNScvOQERm0z0fgUmCUK+ewGMmjJyVAjvOLI1qVpqRRlUL6DqlYEzHU7jptOM08MMOTtn64PqbbcDpB1oRsw+kVVwNqQ2lFFZ6sFcKif71762W9skROdSwndzqE4lWrllc79FBhd7h1Zaj9Yvn8cRyiPWKo8VhxzQJY7Q4XgCncetigLhuBWGxAoBehMkajrhzEDK2YlceNmThaKyAXHqMb2+IWqZqiM2TLJAtKYYhq8hDqtmyobYPiq9dCHOFS0XIf5PTw483K5pgml+q80N6ITu37aSR6f2KsJ5oziOkZLNgCBMsywDsKFn1hh60BxTKwoBR2bNRhBFw8GwPxzGrUYQg8cc6d8Blx2qSRPhuWd+hqATlhvw3YPNajan9hR9VWDevNWTVmNpuTeajO/eubu1tdVd6jQbLVydCDgUxM0MuF/kvyFfiSkYLplNZ1GcxnGSMXLmzNLjT1z92ldemk7TRqMz6A+SOIxWunyILTX9T3zoiY293dc390aTgQfWLBIQLkggIJG9LBcwU0jpxkjtLgQowFMQBCb5dzPGmBy0xzbH54f3JKU9bLCYktKzusgWEURjgHKxFk8LC3gC+9WC+Mz3p8TbnkwjMu4MBnGRN0jBtd/h8lLY4EPH8zOvmKS00EssFTgDnymPszg/clIgcgxGqnge+2JJyFjuByQC+0ac0PHvuXKQD9RUjGLhpBwpF9/IeITK/bAk2ujtCeegIyWQZvQIZiptYjBEzIki4TYDWCiBeBVWJeMIYDYhwJYzpFs0oJl0Hwi3YLbSmwzHATgWDRDlrEEnOElEsQz2Qb8k/54FMBLjaW84BR8P7aVOv92ejWANA6i1sJFIjQRfUBVJTgI4ookiD7CAJzzyYJcpGQt+IozkEQEgmvlBJAmgKIBadIyqmUoWxOoLw9FLmkYpcttQMFAvAXbKG+72w2RrrdkQqMcgbjT41nQ2GSeNFtdGtXvddDrkMQHHLdaqlVOnB1ub+XS2eefeqbNngyRhARP2exjfnM8mU06Qk6ThCee7fBwljca5S5euv/56Op1duHyZc7pgCgX8EZyePProd198kW+/g/Ay+pJHDTk4EqDSH4gRxzhBMtj2o5MYhYustt/LwRJLzQsMBXvWxo//nDp31g98PnJvvfzK7ddf58/PXLpALh5CvFuXD9FLLJnf3RJxYkkwGVFyRsvGCSfCX781/sbtaX+aU2J7B5DaLOFxrPzcSpkQon/L3z52OnzybMwfbA3zG5uZjGlR9Jduz/7Vi4MPXW781FPNatk0p6trcfni2e2dPQVm8xDYintRbAyq1NuOYFju4RGhAudPwNCXWBgt3AnmRx958jFy+HC3T/7Hr3rX149/jjx/jb5wy//p9xc/8Rg78lHSx555/8ade7W7O2Zf0Pq384K9z338BBAnf/Bd8nsvk++8RWfCYAwaHaPyaCj8XvPoV1+Ha87OP3mRfeph9n2XyTGGs0++7zUBOpHrkStbZzUN5jxnxHIxY72zPzx7tk8WCFnv/UX7IeJ3yDsY8r7ff8Pf/c6BEVvd7dl6C6tvm/Vg2pqS1Q5sH9wJU950Km3tcUIqIpKypRNFAKRsyEZ76OlO9Lf4OylmY5YOsjGh0vUqYFIJHebj54dvnO6/9IGLP8WkLfoiI7Od2Z3QixpBr+kv2elYv/uVwVTTtYDCLpynnL4tFkxF1BW1ECfIKdtCEHx7N+yREwidRvwTn3z/hVP7wVneurf9W8+9NBgfvy+V+412p1/ysOOEfUiZ5hgrWyw5csUFeb1xxfkKLfxR4WhSLGlypdGrbaH2LiZzptYy5XrSjAoiV2eZJkHOWW+oWcH0V7jCCpmJuJZf0f7ak//5D37+f/Pv/vzT9BY5fJg1T48//SdJ0jb1V7O2HPXgB+bJ/aCm4W+88cq7HHGCYePebV7USw8/Xnq+GZPmmJxoyPNeEJT9JfV60wvnlaGRC+SpJ3khvvOHz73/zt1bW9uwIj73lSe+/FWnwZN4Vk2cS7Z++3eTr3790fE47nYHFy+sdzo1/t2KYmX8+V/P/9k/4le006Uf/hi7e5sURzfKJU6QHzgZrVtar93ZJ4UDESfF7d8hr/1dgTCsG7fNU94zf43Ep6offvt+/t8/NxvN6nNuRvQvfiJ6/+kaCEaxtz3+nX+avfyN2g+nnh//6C8mH/l+Mj987OmHNeikJNaec00kVbNvmBuTMfsrzysdRp8bfv1bGae1SfQ27QdbAOXx/+Hz2Qcv0B987HAuJxuJsBMoCbMVqPvjxFBbiXnPzcYCrgYz0ePS643agZTtOGoRPHU5FiWFMyo6I+PC7aSWsKHMDZhgJr3t6Ld2voZzEul7xMlX5aL4A5O+KqeQ6aadMy7opNx0tcFdemtYY1tA7AnLuMQqsl38mid25YjFalW+wifD9fF3/ul3hlsjLuXhO9uXfuu7175x9yM/92RzOdkvZZOmfWD9gPLoJ7FxnmvzssToX8xtjby8viHLrQhhOh5PhiPwMUG906fOdJNmxLxwnLPRbHB/q39vo5hMQeEB7jPytMiKwM+LIgnDJAbPGJTfzKbZZMLyGfG5PBT6PW5woVcjikFHTYTBg/F4mnHxKZeORn6cNLiUeMD1yz5l4EXLm+XpeDrjkr5bb15rryz3Tp9aWVsTGm442gfAATCjkAHcBE51cTV2KsSzlEtWG61Wu9vhv3HcjJNQIJ9yZUpEaHmJMp5qV9+C8DI2bwWAYEwUeFKvxH93tvh6fmfY73NFdZTE565c6fY6XC5HQUPEpZG8VTI0UEEEcgCNOKjcmOTqHQabWBCEUqfuV7xDBWbBKfCeWNWfp/vkyrJq60lLSKRK6qneL2BNrc2YTkTRQTp/YTYFZu6t/daqlOxuBToBSNCsECZO0OMJD1zkC1ApOPwK2AKUIZcOgeOFdFKjnhQa56FaDKxx2xTcqpcEXhAhVlIPZdlwrqtY6i1KvalTKyL7A30xFbm0cYJmPJjl/8gqp9nc2noZ2dDMEc/Ucz1q3Ek1JipKfAKuqsS/KA5Rn4vRUZ1JhQsrpoAO+B3M1JxMxhPQgSjcCX8egUERT/iZUppSIscBmj9hiOjSZ4OR3OG2xG5wad8kx0907kQaE7JGAjPudaiezqjshmPAcFzTA8yJOOYJZ0I8q62IGMCAJ8FsPYnKZGJec4LEsFOIsL+UzTh1mmXCmovscYerQu1GOTB3GpLyoCLW8mFtw8tzwSUclNZ2b2HlJePUyPLmL8wPHBijpaG3P/k9VKjORlZXAsPAWg1gk0TxqurngVaeHFNgWnilGWqnMAs10XF2GhXzC6rseZIayBdCgoZQMFC/4iRI02w6BSNSACzji3kq/OnIVY8x6S6CyIkOo5BIHIiPuVHDuaiKmxyVrg2bwh6eVGId8FpQcmGzCHGE8J2vPWcxtSZpKm0vdqyyFQ3sKaQogdU+eCGcWlBhwYQwovQchR8GEYk51cGVZzKbjUYjcHgBNhwV0Bt5bYpOB2sWUp9IVTSnL1zZfO7Shdu3bu31B3Gz0Wg2OQ2VJkyINDColkCf5xr4Ye7DEphlxWQ0DSMWxzEVTnkKIX7WNaB0Ln/hEpHqKi6e8gVC9iL0Mx8SBbjIiVqtRnepwxeAra1tzqR12m0+UojP+CIWRaEoOUE9ebORTKfplDOAGWstsaQbtH3viScvXrt+7e6dQa+xNp5O+8Nhq5PwdTDmis3l5o9+7Jn0D5+/MZgNx/24xTdyIRz95RwqGH5AwxJ5yYIMknsJjSxy3FaJZUU43RH4XySNCk0JlfJ8ajeCzSHVtczcYMdg1afWQKP7fszYwZmxxQgqXWSXvoCAZiEqaNgDm5/TK5nFDsroRFRbr3qECS9/YsogqgNcmCCCE6ZcGPC5Ng2yrTQPBwOSzqI8XY4bXjrzEpL0QtpsD7cZCBskKJUnGjCmjFUA7kOwMoShMl+KUKGEnjCYCBn6BfEivsfxtmczvpUp+O6Fs0PT6YSwmbZkBpte4wpRnr8AM0ACWMCkDz/NXVJN/BmOWA+dnPheSLxcuA6FkmTTlLIhpx8BwE3gYIrAAgON4mSXx/GLAHghISkusjwdTce0D7CqjjCu4YP1WKIsqqE4WFyBRQrIUe0qcVSYHmKELjK8F+AYWN1NzVD1jpJ4fZHkmqLzct+jURvkjcF7UgE+lfzo9KWznNvbvnMfOG+WiWHIcAQLsolOvnzo6IJTnlyQXmjBAp8TAEpxJpc3LQMUEqJ6IVJGweKfH4YAPRFuoahawqgk3bAyKmU1E/TKY8ZEHiNS7s9g2OIZIUaFdT8YPMOdvdZSt73ssdznjzjVnQ2HIUySoruyPJ6O9nb3Wr3VMCKcGY/iZOXMhTvfvbZzb2trYzvp9YCX5VUSZhgDL+Djam97l+/k+TArcsBecb691V7q7+zubO20Ou0Q9tpgZWjt1Jntldu3Xns1aSSnz10Q7DZvAlqIZcljUjolNA62KSNmAbiJXoUck2N2bzqhqI6cEqEuPUfSbQjKuzg4jAelcxadBcJiH9mJw/ZA3MLuTTTb0qnVj33mB/g4vv3a67deeY1THfb+q/iZLiI5dDDMtCaDpXC122F63yr3UeqktdJ9jnPyj761uzHAAwdVZAm1d1blXZbh+/WvykVJMLF8lFZiUmqLTp6/Nn79/uzPfbLbir1aGydUEdLLF85+89uvMc3JCneTBOYw8h7K8Ik2eaKU3KqlqC0oVMpwZJslk/zwE4+QQ4YvXCd/5yt+fmIOUvgC9c++4X31Bvvffj/rxkcZyY994Kk//I3ftfdzla0dXXS4z83iSXJ84V98i/zjL9H+QJ6ZwW2PI1lm1gaTkVlKvnmNfus6/Tst8tMfZD/x+APVRYczTz722r/9g9JDI3Q2+avl34520BO8PXNmjnDfCkXQKpaeJu948Dv50jN08KaXH6BxbXf3tu8rbImqtpxsKGVTLWge7oM7sfyV6BBcuriP/RI1mmttnEDgZIIv19MinbJsUqQKOcs0lePxd7LhV/uvckbkzc1vzvLxM5d+2qex1iFlLO2n6/10I/Kasd+IvIZP0RXWwWXQgbpvvUvn2LdfLk9FnZAFWNHJUWsJKF3YCRBFhNfj4zdzkkThL/3wR5ZaB5hjunxm+Rd/6MP/y7/+6rGbPFmPu4/0N6vP64gac6+Rn5Ebw9oGRFXgDRd0gpJIHAlMESZq1kGZHHUtnTAdx3qrvyIKZ0kdlKeVjiyZ/ON+BW/zZPn//qP/8AMv/b0/e+NvrHo1aIPakHvB5OHPzh7/pI3nVg1Uw03OG2bmnRXuBytb7qAAABAASURBVOW+Hg36r77wdfIeCbyop89dihuO9YvNqLg0di0uHi4c/EmeX6qCTqphdQVI8XhMWk3gP/7ITz//8Y8ezE9++zvFv/viB3/0c1//5CfSJIGK/Hd/owbOOHluK/8n/4DwLc1P/VzyR36eBodT+e8T6EH0an4Dsf0ff/SD+/Fv7P4Xyav/8z4RyGi9+Np/RT/+f6Vh2358Y6/4b7843YfHG80Yj/DXP5dcWXJ24GwyGvx//xs2nA8tLfLpb/4DyvVDT31sXpSPffChf/Yb4CGxpLOYc22vMqz8gNhs/KGH7m98OxulIAt5m8NKh75yj600sw9cOOQgpPqHOIJC9QIfaWm5dUfLqVQ/J3SUhkyiQKRJfyoxHLaHHWJhXh1LJ7gGMYlnJdS2dOJZlkjMtUmfKYGg1JY6bLFMv5RvHcvl5CvktzRfOkvWX2f7bk0NO0bdh25TMVUWKSLTfJyOUOYDZSJ6m2g6wy4Qc1IwalARdbwzeeHvfWs6nDGKckM4ZTDYGH3x737r+37lA51TTTs1J2WZjikxkaIlNZEs5r9aWh1odcBVbqmshcUfmxhsTgIycJ0wl7itnFpb6a0sx01/Mkt3+xt3Nycbu954xsVeSZQEoQfiCBAzgdpE2Kz3hCOdopim6WRMwVA04bqesBH6zThMwKw1jyycrbMsZVOukeXFCv0UWIuAp8sAVQNwkyznTFy6vbuzfud278xqb22ts9yL4lgc5xMDFKxGc5UuT2OWziZ5nvqBB7iWVpPLvlqdDhevBVEkvHKD8FY0mmQ/BHUSfL/idqmlP8N9gufRwpWuo4JbNlghP85STl9n/f7e5r07WTr1g7C3utzudru9bpzEwlEOscmgSBNufaG/KphtN85yNU49W/slBpDagDD98MDgIBRlrYlRVzNbf6kYS52tUgkYPIFVPIGCdgePdFpe4m318U6LTcUcRVNQMwuwaGhTXMGDrJI7iSodQemEkrTqxFR9mICGEKE+nAnFv7J+QQFrIoAmaFgDL+wcbQAHwpXs5sJThUpDKAkdsfoFI9dALZl0vqNbRuJRnMUW9BCF6gwha0JrOhLmwisCc0jYEbC9tDAL54G/nj5UqKFpertHtVzBk9gOqwxmHyiCAKsLPIZwfxPGAYDHwNeMpyLkRIE2sMXECWLoTixeOs2m47FwrCNrAXohwK15gRBVU2HghKjRKC0i2EPUlEoET05nCbdRKCLdIHqQUwFZgdXNQqLoggmrB1BmqBqvVRwA3CQM5NgUzSOOzRv1ovrrqc/9ohBa9myWCZqUpgLVBDbJMyhXXqhsqTUNyX5zmOo9II6B8rFMSCovSEmi4Qyi8qwpXeho1MbiqKlFyoEttBFZIJJFVz2LddLQAiYGJFOGpvAlqy2PFghLiYXmSlQcomUbeMXMLdWLLHHP1erVl5jdt2q00opQLdNC2zW2rzCXmakoxjOzUneD4iZpbZEUfogcLbCSvExeoiK+UFxnITg6zxPOwcCcyZSv3jAB8zQFT1KcDRCJAJnli3uBGowcE1QTTEhgpR08SJzKQzWWUT21n5AUVbSzV8NHy56iPlIID5SwngSzKOQAkx2lWkYOCYa6PKYWLJsDlMzToTeohhArEhNFERrbmkwmw+GI6+SEwwu62Iqu6wiEuAgCvjlodzrD0Xh3d5fTrl6vF4AVOFY72/ErJLLo0ow/Aeiwb1x5HVMoL3tA5YOg2Wy2222uNd/e3Go2W81GE4sHjKM4o4/sFdq54uUdz7LxeOJHQaPd5J3Q6SSPP/HIoP9yv7+bxM3xeLqzPVha6eYpa4TR1XNnPvLk++4+93zIB6PsRF94LxTrkHFmIoOeZsoFqTBgIJgYPkr5JkX65CKU1EyDdz6wo07sd03Aply8Gp4hAxIc4Ikzo4IUAIMjHOGIE+eU8/3A0/hFFMxytpund0azZj5bbTaTRkCbfA74nH0JO51BSmcjAL8TasnKkWZBioXYuTJihLkAIgBDjRCB55sVM6BLKRBFrwD4SwajKJvy1T+FjQ64FfGAIoWEIjNG5UKBXjWpcLgipzXQQSbQV3A0UNjc0HTc82UB0nSGQ5dzF5zmBnEkDDdBGnwXREQJZRsJOgorLi/NLJ2wsTr6z8JG4mEcz9O7RWKdUiWH653vmWCYccE+w4Oo0VheW8un6d7WVj7LPKq8ZjqMOy4xvlhfEEIpnOmoNIUZAxm7QDBTQcBXEgUXNuiPzJOcDiNajM9q+oJS97wv0R0oN3KewIaxIpsOx8PtXb4X5Uw2H+d89Rn1B3xzHgRc08u6y6tb6xt5lrfacTrhAn2v01u+59/gKWzdX28sd7uryz5a2RGLF+43+Cofex7gb/Kc877LKyucodne2ORD8cLVy+ALk2V8Q3X1yae+/sUv3HzjWndpOWomQuTAPLHCq+O2ihFWTBuVFdBMv2w76+qYA6XvGoK+cGDvEOm3c+Vsw1Mf/TBf1O9897t33nyDkO9zozq7/YUXTWZHZaT86Vo7kTNCie6Ya0dkmpN/8M3d7VHOmD5UVGPjhBD93GjUqMPtSXxJ9VspT2Rm5GobJ9SIMaCAu8Psv/03O3/6U93z3ZBp7Zo+NY6VKNja6rI4t4COt5jwDMhorZMdye8zMyfQwAnVE0duajAJPWFOXzxDDhP+X1+hX33z7ZDB39yk/+Vvkr/8afbYKjlsOHf1IjF6UfnQ7AWdB4cLmticv3qJHEf4ty+Tv/P7dHObSrsmltyZKPZFX1vjkKApwMGI/P0v099+hf7qp4tHDt9QpbB88RyxJheOYXuWVR4cMjCy3DvYHQZrXSbvksClO62L3t5r+8dKGlNJF6iUxeKya4kLDI5EP5yLOxETtmTvJDi1SubbOOHypCFLmaF7MoUJA008cJtCiqcojPS1J+CwIADlT14b331tdCMvspYHNrdv7762OfybH778M6utqxhTiTLJNB/MeG7C8p/PNbReBEJ+pUzwPc46erNiDFssyqXyLVk1q+SFuvZWV/P6Vq+fmYJ+Oe+EjTRHciMbRcXf8+c6jzhy+NiTlw9EnGBY7jQ+8vilL734JjnWMIjtStlMoGT3zBJrEUGXU1QrBUYjisKoJ7uhY/xA935RKCYUe1OvWa5VEsyCytM5tvxOfYUro7KeIomzwprYlk5sEZ5abQtCzLHIF5/8j//qIz/7o8//dz/f/3yT7ic+GzLfO/eB8dM/xrl2ma6cabpNyqyFKwk6OOz55QLcu3XdGNZ+1wde1NtvvfHQ4x+wHw6CQy+Uhw1Z/mhMvrF/HD5Ovv3SuUZjfOVyMIIj/cXLr65+/KNb+JbL1f/m/+fyE4/f+dxnyq39jRfOtNvDz/5ghpqY6bS4f3/1ypWyF570yzukfT7+q78WXrlC3iPh0cvzXdXkE/bq3yYHhlmfXfsH9LE/az/7H74yPRBVzCP8T1+b/Zefcyjh6N/8+n6IExWmv/kPo0c+QON6KvrIFWBKSzqLOdfq1szdsq5KS8znp1AfxinbnpB3KrQb9De/kx8adGI4NGr94B8Hq2DFJ8RoU/Q1rUUSzHJPYzWIshRCXEsnMkdGzH5KWTrxNGsrhVf28Whl0UTYekXfOuJXpu+VLKmYFcwwx1bdmXmrK0bL+RJMrWHMoakFjJUYXS3OOQT7K+HGVgo2boPNeULKuwCzb6FOOng92Zu9+HdfmAxmvHFzkSGeROLX2ST9/b/3wg/+8afbK41qyrTSa7rZ2MKldaurRlGpHUroGcLMOGPO98RBn2imhXFJ6sMPP8x1GjTNyXDCBrPh3a10u09HUy8vGmEY+D7yBJ6QlEmLH4JxnXLt/nTGNaJ+SMFPSSv2m4nfiGjgg4qKy2S5QiqHYUdiLtAKCi63CryUS1lDvwAlSJgNp9t7u3u7u1merV26ePr8ubjZAMfSaKCXgK59OptOJ2Ou5YVnoM9K4kbUXup0up1muwkneL0AlZe2Gl4NDKr2lZSxelahpLix0wGVhDgfyyMNB3tc2jYaDHg6nd7SqbNnu0td/pZr3FQi5aztjjlKOMR8mBuUJlsakLCV9IuWohJZa+aqMfWwL8WnSkgjekrHl/ognYX+cJ7i3IpCqGvNIkM3OlmGKAdhJsdD1ZsHozPATzzlF4ZZxkt00koNycqZWbUjuDmqK/aBoZSgfoL4hEIF5RuoQJsBQqpc1JbKCXK/ZvYsFZab6RZlqj+UlExoPoRfiiAUcBM+0xqNOAG4CXoFwlIRRcDRmrhe04QBcTByMJvwOTEFQYofoAMd7fBCWSAwh9CgdgJEgg0i1TG6fbBvSa4iS49CsuMKpx0oRdWOKhgOPFGrQLryCQRkDrAvvIJBFADgDK2Ky9bDTvWsrlFrhdg6pdkMIU2z2SRLhd6db0Bw84Va7MIGLriMlgGWlCQ/5TFf07/l9UDLPA838DRxM9+y/RGhJxLUcVb9i2JPti+ptO0GzYtG571hjmSjJolSs5yohqJEc4jdF5UIOrztShPFzUlyh5wnA5goH/9gnYLPBqROOZ8I4KxAoNWErNUTaje3HmZeE5EkpYZ1NKHuC2JLXijqAT1FygWGzVNudAj1bBrCiM0VMJ0qq2tkuy8W3RvQiqyRKXwDX3IajUYhUJDT6XQ8mQDi0fds8oesPNMcaF0AtxrCMFe32xn0+zvbu1ubWy2w7RbbC5iuNidJSHbBz45YDvkvnc2EpjTSkcnJBJ5dEPjNZpNXeTKZbG9tr99f73a7rWaLStgHLkJS9AllimhBfU5KJ4BdmuaeHwXhE48/dvvW9uuv3Chy8NrjkWBp6RRvPFZ4jZA+/eQjr9y6/QcvvLF0ukO9hIAxBwAzgYk55lvsPGHWhkR2D0jaciGbpVITz2+UvUQZ3m6SeECe70Rx3rFAkeZAX+XmGfEZWJokrLCeibEEKjxY1uMip8NsSmdpY1os7W4HcUiioBHwhZ4mUSPsBrvF3mA45NwU50lYbnGZ4gfgxIW0Q88UN+VJCsMvQzAtwVd/4RFHHC+l/BmgVXIyzrmWAAwEoP6Qgn0UYUZH8CNob0Rwn/gawXFy+81rALAaoKRUi1uocBTGSJChnb0851ODMy5R4hM/kIYjPHCmongKKp0tQgl4WtOJReOiRiI0KMwQRqLpK5Pbft2uJsa/XwEXiqTV7K6tcEZ2uLvLmx1tohBKbLEFok48HI1ycyWTqKrx4BXnHQX4T20/AkFwtIBGwpJr2Tl7n6D161r8BJ7CBN+az7LB1m7SaiWNJoNxEfFVYzwaNZt8dQw6S929nR3Os/p8Rx8GfCi0u52k286zdLi3t37rTtJM2r0uAQtmmaClwi6U4M7BDirUMufL2cqptds3bo6Gw+FgyHfgYRzxxaXRaj369NMvfPEPXoui933o6aARz6azOIikbwGw9ENKzJk6hGpWZdlUGkNwTCtUiZ9727mo937w6er5s0+3GnGr8cY3vzU/HpM/i7awHg02SZILHXfHAAAQAElEQVQ3SYBiAjXaJXpJaWcp+f+z9x9gkiTXfSAeka58Vfvu8W53Z73DOhjCEcASFAh6OZKiKIoEKQoQdTT6dKeTPhlSOt53lP7604iiTjQCnSiAJAxJeLtYAGuw3szOzo6fad9dvipNXMR7EZGRWVnV1TM9swaI7c3JyoyMjIiMePFc/N6Hn6qvtUOtwSQKp0Sdx5xcLGCrlxjMdoxoQpTmlMVlyjzySflUukzME4Tsgw/W/+k7Jh1bG6I134yNoGLfhgXb1pRxDJwpQb0G16E84YMiH0EoFFU1palkRO5UkShJRpAdgUpKxktBRP7vL9KXlq7ers92l/7q5+2femN428L2HhT0SqlP05udVJL9nbxHx1vFeFdztSO5vLTeIr/yUfLcSUuylbJo3D8qWZWYsDFCBvxO9FNrdfLLf229+9boB24hl5MsN0OK0bNMihwsJsymwpIOOUllcNxoa+Y0apNXTKLR1uFRFEWJowuRlN8JAR0G3QbeSbofBQb4UIyTgLB62FUFoNdyrLCTT1GCXibo7srU8by/9mzzdEeguUjNKAGH5m7QevDFP5mrHrh+4S21wi7F8mnbv/Bl4Yo2P+iZ+kJVe5Gn4NS00wlJxNyRqzmzLbMVA91KpIecSfiZpG3pE0Li3yTu/IBmBIC4nOS5zq1H9oyf/87r9j7y3GmuAyE7l5DGj6ZUdJTSS62TJGHS0qNNbFqzc+YjTCGUaHaSGOud0giThKaCmKYq+VlYjH1iIJ2kqsoMFnegzNhgoD81/+GWP3HvP/9k8L/tO/2FN539+MHeSxOkWaM9fm+T5TZI+SX30Jf3fOeZPW/81ekvG9MLS6SDPIjRxK2TmSugKcpH6hvrg48cOXLkZ//JBx5++OHf+/2RQBQvRxqscKhhBcmOpIxifP+tUfQxy0oY+V98aTKKNvC81XKOvTh/7tzCt7/tMS4rVyr2ffc8+/WHr//GYys3XE9Onoq+9JW9Fy7Ofu97XxJyN7fZlzsXF6fOnb8wP+ccObz6/LGDTzwVHb2Onj8f/tUnD/MM3a7n+5HrShLkn+m1H8mdWz1d/fhH9/zYj3NNHHk50mgOZPBuqTiUf2Ot0yQYKyoSrR83f/ZCcn5jrE99Zj3qBpz3jq9EZ46P8yDrdsKVC86eQ5l3ucRparxTj5LB30xfZyyZhRn8+rAShqUnz18xNL/xUilnnV6N9k9vg+VOeJyYV0ydpqHESuooMgvUD4j7OoSA4j8lE4Pb8xI2bJqBdKLYHQYBAmQ5lkW0FC+RTiT2iWWWz6Q2I36vLMeoOovFHlm+qo5itqwY6QT3soo8kklIkG6WyadSfSvVMao/1WnC0SJebIyVRXtvxNygKiXlpWF8UlMzza/43eCpP3qivdkVfB0wZ1zPF0HTATeXBP3wgT979tt/5DY3Z6dKZoNIrqpWRK/1xjnRtTVrEvfCqJRWz8hpmlSuMH0w/xUnu+YXJotVWyiv+my11VnaaF5cYZ1e3rILbo6TC+RwUfWKYJGiWlHELU69PmfgQy/vCjxez3HyOSvvCo8TCxlMrphlXa6HdSwvXwiZoD7iaRGHXShSm5sbyyvLa4tLxWp5bs+uysREvlTgj+vPEUBsjr6wXbS5mcv2rGK5XOBKtVKxXC2XyiXXc+QooEPNr1pll6luMk02BCwmeIImcq5uazUa66urQl/HVdml4vyeXaVKyct5uM2Y5+RivjL9JIrSzNWVVnOlrchK2IivKCO9vq40psSs8OD5sESp4kIzbmk2MhpSVUZivVBczzF7CX1bUSMqYueIAAKB9kXACuQLBcTVQI8TSuMNzHH0FnCwjtTPRPW05nN46+QsUB86ysKhTxtTs9xxjNuiV0S8GIgag/sMmQivI1A0xIYm9e22lQZ9FYjBe5vDg38Q8M2xC8VSPp93xQi31F56+Y3i8SyjE0gPC9BLh2KattoQCEuYPYRXh+vFnUBjM7MsDcdkhG2ULi/UMEUbwzhiyg0HDLUZ/SAzWwMDD0zgtrDbijlrOx6OCgCnl6aEtCZLLZfiaiSRXEKIcATkCCKJCPAl4YLCYkgGih1MEy9PVXKw2kjByaDZenS6hMHwikiSiRxYnCANpwFbEocxqNZYl65sSpBlPWiTFy+t2EtYZcw3aobEWC4JOJHY0pWL22OF4VME0On3Or12N/ADBIGisAFGzl3NxWRB1sjCB6+wDFaZmpNCKW0lA2qjE5kg8ehNRmNGkSanUvyVtbySXB9ZokPU9fGcTiBKAtGkCp3kkMgKBsIRO8VYgRO4drvTaXcBOcojuuu1NZFl2NjM1QL9TkrF0vT0dKPe3NjYnJicFG6V6MJClKucsSxhoBkgsIJocuIlYsuFAtmDXBZTQmUvDrsN303UtlQKgrDf7zcbjbW1DddxczTHP1WkViFhyYfEzeuFnMNpaqPd4k3LFUqWZ01N1A4e2n365NnA7zFWbbb6Z88s7d61K5fnlJyynPum193W7LDj55u5Spmzn12/w23xtmtzhnOwdubCI/wEKYA+hBLvxhL8noAfiCkCmoKuKIVgA31Js7NddTL1cqW0NK4d9xWnaKGq07CciMg1wmuDcyHCpGf3Q+LTyGVhqd3x6nXq2rtzOc7S8O9Z9IpBni/ZQVeE5+QPh0TJM8BXWhEgLwkFCcw8PiAECBonbSC7CQHIsflsCpjNOZbACgHuRLyXj6BI+J4yzo1Sy1X7B8UYB8Qnl4qcKMkjFBN653FNv2BkkTOSMHWWRt4DOBPXFbscgPsQTq7ccMeveQiYQdC+ZaOQJkLxhAKpjUG8BhEbxsfRA654/C9vUZcp9h0uD4wt4eUjXW5f+6OOxfoGZEsQ5M5y7VKl3Ot0+UrX73Rg3XHUNk3psy81JhKhC24ArbYSSiJxxZZAsgQi4Qh/TX7dFXHfEPOJQodvrQ4zKDaeIVyYoF0CexCURt1mu7GyXuYS6mRNyN2O16o3HSfnuqTb6uULxWajXmrVgEtmXPU8s3d+7eIiP22urzVWJwqFgvDTghFD+agSUocIG0mEjUwuWzzP3O5d506dPHns2NFbbkHVAG/G3N69e4/ecP74C9XJiX3XHObDmiKalKisHTvrx52P3RKZfaVUVewylqfsxAzMzystkO9gGiUxXq3EBKGMipPVQ7fcwBUxYzywXYehDOUgRnVkWrdoYJzwK4+f71xsBBITMtYmDMM4Me/GdSSEsMFnYxQT5S+ibK5Egh6Z/iiJtnb96DPPd+6/oWiY51gcgQIAhJDcgHZMPiW2A4IWArYZRkzzz4I8SBAUeY7WSeVxQmnM3UpUBiaiO5MxUi8g/9cXrLOrV3sicM7r179o/9Sbojt3b2NUc2ZSnVISG6VTFtb4ZODHtl5xKemFi+Rf/hHtdiXPyJKeJcrRWmmlDZ1v3IDUU4T89VP2M4vs59/Ciu4lUgDbcdP9k/KBGLnIs0H9xYDgDrEHhyartp9WDtqFuaiwm7wykuXeTboHWONktHlmaB4NPg0LmFbcax8UeWL4ncikyEnS8URmllNfEjjEEU1jnBhWFoKQkEx6hMS+HZG+AptAKETb6Yb9072Vc72VVtBS3DJBeFJU0uGussX6qaXG71dyk3snb949cWPRmzRQTzQNjCyF+2pe1+Kz6f5m+gIK3T3JmnqUmK4m6ppkvljyHjD18QQnJIGGEtEddpK776YDnrsNRxbPde66Yf+DT75Edi6FQ2M5yw3lg3c1hggxMpjSJHJbagkT0otZBI2xTPAZOfoo4pQMIJ3o94GzO9WPqbERI50QYySrxQmQTkjSf4Wot+CzRplqxSeR7Z0+9K4/OPhOVUO1Xis8FRuBrdNEKfanSVwlW6WsPNEAJ9PY3Bh89Bd/4efuuOOOe++9h5+/0vxO2s166grbatm/xPUmkYpB+Isu/Tdm/z39zJGnn1G3i+35+bW/9f1fu+1WOfu+452tIHjhT//sHvw5M7P2I3/noV0Lcl2++85zH/n4zK//1uv/tw989XW3R8+/cPp/fuhuLv14Xv/+dzzhOKf/4mN3/t4f+P/w718U9fejU/++tbYiNF+rf/2RjQe/vO/9/3TqnnvJ1Ur0UvvQG8G/NU+R8RLrrJlf+MxGOGZleLaLzejgREwroo218R4l4eLZYU4nnucYbyBZ5/KKJB/KOJ66S4amsdrnXfWoOqnU7rGOfxlzS+972cLjhKp7+rZ6wLwCR8UQMhlhh0q8k8S6r/iZgXWfGApnWZDy/5A4KAyRTogU56TOCRFQ1F39XoM5luuaRRLvVW9RTY/LV/VEIEHLHtaB2PsDAT3SckTqKaM/49t0K9SQRIOIIa4MPIVXAj966g+fbK92hFmBYJhvwEqGfQoMd+8w1qz3HvjY82/9gRtTaxw1QRG2qs+wmquBlGp9RmIskZViL5pLy/BVZroy4fpR2O0HjTZbbXaX15xewFVOeW6jtcXmO0CqB+w9oWDlWk2uqQ96YSAwDaKQ57Lynp1zvYJneQ7nViNwheJV8kO/z6KQq2Qdi18MhBIq6gVBrlzqt3tdv3f+3FluofZK+YUD+8u1aq5YENAmGG8FH+/2+lz11+v5IpyNVapUJqanCuWCl/PyBf5KV5kvBM4F0TMjocSneoQke0GwK1EUGt9LHLlaAMKC+Pyc29A319ZWFpe4raZUrZYr5UqtViqXMM4IV/RRYVtB/Aywv5N4IuDJOCqjy9QpaUYudUL0STJpi/5lat4MBR5NvFe+QrK6Rj2pcviItI1/sIKDjhpKj4ROMxKuBhFNEHOCKbc8x3URrV+Y9pIxdIgqh6loL7pwlu4oRrSWiUiD4EBfMaIV1rIXyADknkXpoA1FfaaI6gvotCFxTcDXBFuHVRVzRkd1Nwxng19Q0m041ddSdNTYGC9jdoPHITddOjbXTee5eYb/nxP+Ig4EhZIdr8yq+g1QOd7/4CIjQ/9wS3Sv24XVhKu+XF4CopuYlmPeLtWDqutBTqHqY2Ui8YB7iorhYwwzFsellNYThcUic2jHI946gdwi/E48MOZAw4i5wUSJdzhCYIQj0oxA0OEWHx+9THy8QsQO0EC+luHeM7U+xnJcmhvSrWKGtUc21siZislishjx88mkaQ4ZkobSosujA5eWpHJXEky2FdNIt7qlHhf/WuYFkvERgANPLquXSoS39xS+ZdBx6lLfnlE4Jdv4mhkERDGHMqCYJR2e+fDn1rKg1+93O0Hfx/BSkYwkJQ23NGZ3CGy+QhplqTzUeFG6AlShUcSxqaT7GUwvzIO8q4RKElZXTmPQ6SQmjFF6ZsTBZNQoQxIs949peqa8D5kikNtDOiFJnk/f4imXyyPSU6fb63Q6+WJB0lYjbfn99UJYqXAmpLq8vLK5sVEoFoqlIjEXBiJJA74aw+uAR2AgyJXvA1F2LmntT860EfmAtvJXF4tF3mqAWrF4bTmrNFGrOQ7GwcHJL+09iLDF2bp2u91qYIAUuAAAEABJREFUtISVNMdv+bsXpg4f2Xvi+MXNjc1KebbXZZvrrYmpMhWhHO3r9uxp3UlbnceXWkLNyk3FfBiFfkAhuMmwNsTrIco1fBWwQSGLntLKP5UNGCl3ZJZuK8mZQ77pkqG1x3GScACCEWPJ4IUi7I0FQWbEl+PMUug4XRZsWtYSN5S2OjahOccrOXnPcflnznleIVcIGePzgRK5hVTJzEwguoEPC/a9pYyUuFgh3psfCqjGQPxx3bx4yhfuHZGM+EfBkSnig9ARkiK66UsfFIvB1BC73TVnKOiTBRFSRJv51BQaVcuAvuCqVYydCWuG3+vjOReA4DmwTNgQ+hVBKBmVIRaFqBqGPum32wLozQZOyLEZIg3SEZ2Pvf1ya2iufJLfXa1PTIkmlHcVHyjFglvM85WPc2PAougVFh1NYIxCgCPxBZBXj1iCFUkuexYoXCA8JBdXQ+S84U40giAPkh2pGNIaJMFwWwjxF4Rhe7PR2mgUKxXH83iDyhM18H90fL/Px8zm+lq70SxWyhSC5pRq1cbmZrfV5kt7c32zXK1Wpmownyisq5YvPKwDERiIkRz4nfAuqtSqtenp1YsXz50+MzU9XatWOe3lgv31t9/SWFk5/o3HpienCpWiGLwWWjswNFZm60z5/KoS2C055pc9Xf0VJzMJmTsIqOtUZ6auveO2sZ5RhqWxOdKEmMrkawny5imME94tXzvdwWVAWqHSRzJ4NDUOxlG9Rb2RpsrB67JNZpnJtqrSHjnZuf/GIkFTH9PP4voiolYojaoKshPbcNG/RIXXIeoKoRBYBxxNpC1Pr1ian2FEIaiQMZIfkl/5AjmzQgh5eRyw/utXrPe/Obxpbtz8DniE6PHECEto+Yj5i15lMsLTU2fJv/4j6vvwelVLVLBj4ufXH4xu3EuqeVLJi+Nqm5zfpOc2yPl1ulaPfRcTWmBGTi/Tf/Mp9s/eTibHxa9JJHuIBUtPtsSsUyMqdT54MmZyDr/b3f3t5JWWqrvwX//8Z4ITf5WZBbfeyrWJKmB2w9KCpIEafiemI4YeqZgSF+VjRHMeKYwTohFEQISOFLXR+RWuidhLsOw3VoPGWr/RCtt+1FPqRSXZyiMEHQfKAqpMsRw3ehvPXvgS/6sVZuar18xUDtcK8zZ1qdrAgGIZMb0KiNaQGbEpk61g5kbGzHk4CHaiMyONJBJ6RT5uCJ2U7LwstH9+6s6j+8k20703Hjx5Yf3CygbZocRkhw/NYHYmpSRDbw7FaDOQuTqly1VKECQ3qrQYs4SmcEeS6+bgXbnSUY10EvtZMqUDpQNYJsTgEZKqyfjrG08l13dJIWmIjssDdEw2lO34eCGcERr04eDpa1/7+h133MFPfuZn/hF5hfmdADh/ZFoj0r6346WMvGx0/qNh9C7H/iQ/37/P/eV//XBWrtg8zE023/ve5jve/rXFxYiLGnv3CFWVvnv7rfbNNz7Z7kTVirj4439vabN+odWKFuYdsDrT648+TFWBJ397eeUlW/Nr/sbqi//mX6y94zuu+dmfIzuYBjgQxrLpnhZuWPrxwasj0tjDOUgAzFj2NmT5tH/K2JGkRsw28KRh6ewZJRh9kvqVWCvZ6HKGpYJLuI27UnwZOF5MixuhOeDHTlLSp8nfxoJIjftU3TOuU6MU/SxIEdpXg2kZXK77MdKJZnAGkU6IovOo6Fd2dMkXxdctjUrCVMwdK/O9imnWC1nivZL3UgtVsnyJdAJ2gkyWNk7ZV2nyDWY3ai2F7r9ERWRm80jUrKdZdWEJ5xn50hOfOt682GQWYJxYFC3PDGwjEZWoJ4B3whZPbz72xVO3v/lAXHdtvFGlEcMQSQdrO1AHaowPsz8G+ysxDlnqqsl6DJUtrU7fYXZraW3t/EWvE5JuPyd2xNoABSrYVIwhTnFnkthIF0a+2MEa0sjJeU4hx7W64HfiRdhR8Dpuhe5yrZZlk7wbWJbPLwiQ3Yh4TqPTWltbXV1ZCaL+zJ7dC3v38qdyxSIfbsKgCyo5ASrQ5TauXtDzeRnFaqkyUZucnipWStzUxMeVA4CbETNlzZR1QPVCbKUeRaA0x87tzPXNzY3VVW6j4bbqmYX52kStOjGhjOgU/CYiDBbCTDvVQIFj+p3sVIK6RAnTJpHmJ510TrITKUtlQZN/ce2GSLTZSbcCzgl6ZGDYGQZY45hNRBCAwYrnaIC01cb3VDNB2xtDmwz5dtmfcvv746JYb8+MbmeUGe4u6OKAUB/8J7ftagcU8YBBScx6muNqwHIsmR/dFqCf2omB0XgnBsP9jFylkxPQJtw66nq5nOT2hXaZqWUFa6pfZ4HHCVdj+/0e/99Hky03bfK8InaNlwOnHxtDXchhqXvAmGu6OYQkRA8DOUaJzyxueKo3Ym4YKwc7/G1HOpvYMDxglIj/iIi9wGLNIWWxFAeyjrAeCW8SBv40EW+h2O/a74dC9a48ZmCDvGig5Ip0/Y1ak/RQine0pOi20TOj0sgMmaMzVeZVI0RZSdHkeN5fWmXip7KEICsr4xVL2xPZmD4SOf6vWkoNAzI4WFBc0teFswnXbvGVWCBK8UnQ9bt8LRZzgRNRAtg/YDylGBKCyBWY0YGhnTkyExcpSWvLqZrpijmWydYBdShVcbtigqAoVMwHUa15YIZyjM9TS9EfDW2inE7Uhe2F3hy2OIA/hYj0ViqVQiD0/V6PAhAIMeo64nE8YSowXqFQmJ6ZbjabDW47rNcLhTwxnW4MT2Ptd4JeIEEUoDsjAfMz2XZKLdhDF0NcNgCJxuINn5yc4Gb0ixcWLXudt5rXn9NnCIiI+lNK1eBzPNtzvXajxRcWbrH0e52pidKRI/sWL25cON8oFmYosVvtLrfETM9P2MyuN5s3HNi3vNb+4uPPNv2O4xVArrGJwfqRAb8qKuOaoM+blPlx8GghKm4JYVeTgRtM22M5XjtJ847akYsZBMUWtMmiSneNWQAEhX99x4mo24yipaBftJxC2yqtrVe4vX1yipMPbjjPef12n3PuOPrkl7WU1zkjsmCFggeuLYw4KGAxVrQtLs+EFg0B4IQFNHREdBzhhhKyQFRGBNlhsZBvERucQMQWQnQvEWYAK441iJNWckHANFp6hZBAJqjMEpwh4yQYuoV4+ZwltpYqHwRFKwl4n6BxggikCr/bbNoCaMgTVigbnKssBD8Z0v3K2+Zl5BeuVlJkTapa5JrOedhSrdrttvudTsB8wQ6HShPC1IqltvpA4CSPxbCEEWPmNhAW6+yBwYwim3OTYog7jnJz0y7qW3c5Y/LdWjVCpewnZIt+p9uuN/ggsUsFPq6mZ+dXlpb5ii2GCrWZCIHZl0ofzgvn3MrURLfd5iJ9Y32jXK2Wa1UiYSopOmz3ex2UICxYTQAhh87Mz/OxuHTmDM9aKhZ5gcVqZXNt9fDNNz39lQc/9z//13t/7EfFZh1BjCMR74wZnZ3R/0S1ZEAszORWxk6mjKTPX1Y+eOtkVu8VUlUxqvnYJnRu327ijxksQ8lAbHxPaHOU6B3PCYwT3iPnG2GzB35aSVsUzcA4MSxq5qoufU2I+SyLkUhp6hOo5Scuk6od4ckyGZ/WLy33Ds3kmGKItROB1AdBfEDAJqBGkB3QrkUYZAd9TQhau6Ee0vsECpS+KfIpWYpxOkb61S9Gp5YsgZFA4a3gspbQWmaliXJ03Ry5aZ5Vc/HXOrlBn7lIXlq2wu2Em+Ar6699yfq5t0bXTJNtJc0HsOSVrFzZ93Y8PX2W/KsPUqEZoAa+t6rlrjn2Xa9jb7yGFL3BR+UEWe+Qx86RL79oHT9v6H+hBF7YSt3695+J/sU7SDV3iY1RdWExs02HZtvyoqm6GzWtOYs/czd5BSdn5q5hTidmkvpsquItjud3wpJBPvCi5B2QGhAyiHFiDPAIyImgPM92Ly4Fm+iJhsd+5LfDjo6nA9dl/GmKyimKAKSgLRUu+JRqKofVxJg7jG12VzY7K8cWH+QPF7xywS0rvwFslzjeduB7it6U7AEtQicxTsgYaXA6ohg2DARFnxNC2BWYyzccWLj/vhvIJaXvf+ttn/z6c8dOL5IrlTLmmdEHyMlkKKBochElsQYkzgG4I/HKiAVSA3cEz3vtxV7rfBT6Tm6yWD2EDvJpVBIiQ3YauCmU6YhLZpnGuwgMTQq7LX3/TBRtUuLa9rxtT+lJRZWvf1ym8jVJorBk9NS4NCqlFyNbJ65Izrz+33/nd3fv3v3e934XAb8Trmr5gz/4Q/LKSJzlpzuJD7SNeRiGP8pYznU+Nv5TlbLN/zJvcZtftRLfqlVt/mc+yI9BM3jp11dWPy8jIDDcXAbWjNVP/VXn3Nkb/+2/t/OX5MI5PI1LAYc9Lrm3bemTX9WJZV9hiVvGLy1KpJ5lQ0obmp4/5996yPWcS5coLzkdvxC0e5fwgaUaSf8TO3ykVOgqs+lxYjxJzHVEZ2OIFBJjtsmjKRPJUpTV0OSDLO00ISWIWI5g8sg++3+nPY/v/xdfZhLjxEBSYUnGV79XlU9MNWAsrUjIR4nUYhk+NOmOZMlu2GJtMHqUJEA91FM0Cylk8FxXnySrzwyfD36+emxl8bFF8Dhh0u+E0hBu4zb8ULjVyHN+fObRC7P7qnsPT7GUaVp11bD6xBUZUtu4LLMTU/tpB7uLGbf0MBnIjydWq3f+zIWg0Y6a7Siy8p7HVWiWbXFLsi1CxOYsFIW5OA2b8WD3f58rTi2Pq/lzXjHPdbncWiDiOYIozl8XMtqLmOXmmGv7FvO5zsl1QnGd2bZ16sQpv+d3290DN15XqpXzpaLY/idi+Ebdfi8S1l1u5ep1Wi0fwpJXJien52drkxOFYoGbxmG/WASjK0LG28Ytf5Fpo9FdpRseqQtJTiOpldpYW1tfXe13u6VKZXZhnjdfRFHnmup8Hu3Qyrql3M1FWAGpyIpn6KXqtS5ZxYRvZ0a8GO10okOWJOxz0c5ENzNRXfS14ZN5gIvO6ihmOM1gc6JQembI3YTQz5z94zYsdCmgKkxYqv/NjwJFxS4mjOmRwMwxMNBAqpjprRjY7MbG51TuXpCrKbYuhNhA4GoltspGAcNmijdalg6sZlqsteOFbki8OihpQC8osol6+kv3OagEjFs+wvNiw3zJ8RwlkwKoAKzw6B+jhw0Ddx/UrgcizoYvwhv1fYIKav4tIE69sGkyIvTejmt+SioV7KrzcbFJqPuS4wCzCax4ahkoXyTx+YjZM4DHJBKEB3LQ2yQ5OOOBoU20OgOOr16nA3j2gDjjizbKoWjWEDSIck9xvDRru7sU8EkqZc3vuC2Xx3SOph7mjCAvQ9IbWCBJJiMe1eMn7VSQXGjhHWSMRDPLvFKWCJPgkOGNHaHs3ZFapN6GFxNcBPyQVyyx3AurLKzEwu4mAH58rlIXwxt8TqSkBIRRTcxYwaGEXGSdMgReRaCALFJKjBlE9HKszjGYDkE3T5jgBO9pveUAABAASURBVOLfEa0H06MayjD6XHOZUE8k9cLjJDJoQEQTHSVJxFhOJwwLj9l8ZSZR3jcCqMDiNueIr1XFUrHVbrdaLd4k8JV0IsRHo3TLkYsmaiawZdjMzEy70zlz5uy5c+dL5VKtVuPl8PI5pXIsW2NGoccJrqAWRI/hCwvPg6buSAXYY2xbVj2F8T48yaEgdASC8haLxSAk9c16t9Pe3FjPeS6vMAGXPbGFGi03UAH+fSvlci8IV1fWeKWm5xcsx7vrzlvazbBZfyIMOo3G+vz8LM/bbXXL1dpkqdoI2F23XHd68fzjJ057hdmQ8PYKQD5ihSAU4d4+kI6gsRGgFsIGmoBkfEw5RWM+SQXVIAaPmADv2n7STJDxzzZZi9Hlj1e3q7wM0KRAAz81IplCOQsTvHiKpwQGAHkSRX1k9wG8ptzL5VhWjk/oiASNsL/Y7ZSIXWy2S2trOdteqE1wkaZUyHEuq9Fqhqr3KcxWPm5ChujdYsD4gvwF8lsjNhqLXM7fWKxEHBHAhossfSGMUB9ATPhfnzeB83NhXwWz5Nctx+UCEgryokBBDyNgaeLlEOMKwuxGhxdE0QD8RCSy6IVnydnX7/d4HXldbOoJ4CIixCoiJrgoCWGmEF7FEg7ChMtrvVbD4UIaZVxUywEEkQCqAhYQpsYgjY50z5PXaFI6FKICBitdPnADnIOc2bWLf5f180uiO3s+/xJc6ODsOtB2CzFkkfxHgl0HYit+2xAqOea0kL3gHY5jibOVeAIxdsC/E0Q20KfH1BU96wenc6w44MPFhtHC5OcSRNV2NlbWWt3WNXffQR2bS9RcwOaLOF8MuGTtFYsrFy9wKXpiejoAH2p+nYlYuQFhjY2V1XylWJqeoBBok8GywgqFRn2TcwCu64gdiLYV8HI8d3ZhodNsnT52jBd7+OhRv9fPF4slL3fkhhsfOnPui3/51294z/1cSc9ZBr4qEYzDZw/1c2IMFyOCsZ6Rr9ALLMv4dmTsTzz0JxnCluls8UKw/XddQhoUachl8Kbj1Ge8kmGeAHHud3vb36qn7d1j50eyI52rmAFuIY71TkBi7xDdikyME10gMSQsmjxHjxBCkh4numOA8qfLzCpHHo+vhAdn1FupUgEq5pApHSnoU/nyEOHMBQgAIs9QXhfBdmSj497TTDIq9cAHhS8FgiunYwlAH3wkfP4cxbgBDFEQALNX9YNkSPXgOborumU3uX2ezZUzSrt5jr3nOv5v+NQiefwiffwc3WiO9aE5Cfy1B6x/ez+rjOtLQZPcUnpPMTWZd+PeeL1yien8mvA48f1YnqEK42R6MvrhN5M3X7d1IZMF8rZr+F/06Dn6Rw+RlbrcLUrkrk2y3rT+w+eif/VOktu+rzgbsltKil5aytLXh5wbT47HEfDlzKuSV3CiXm3EXRb7ieHPDL8TEn/xTL8TDV4POYnhdyKvMJIxaGMVFQHftFbY3fDrCD9KlOpZxs2BKxEulPIuHCO4jtpqMcct1RIlnEqUe2KaIDp+i/8pwhdb+IKoJ5V0BvNN4xzJpTM9SzN+ZPiZGJeoWvXVFfNsBxJXUl67d+7ma3bvmamRS028kO98/Y23XbvnqePnXzi7FIQ7oU8fMrMGKRhNYMGokUUTwjwbVq5CFqEJn5WYouLd1uYL7Y3n8Z7fW+q1zk0svAnizyotj1o94xXKKNNYW+MyiVqpifQQDbvdh/mr8C1hdNGJjjjOfnxYFWlUTa/1ZplqTpFk5xmzbGeGzZbp3/3SL/Mj+p38kw+8nx9fOX4nL2OKor/d67/Rdf4vy1onVzhtPt548T90+xtCdyeVe0QeCRh/mk8/8eQv/NObf+VXnUKBXF4yl85siifTleM+Xo2JjbzBsn7J9UhRhVRRCV59y9QPyDde9PfPOQuT1tUhCzy1uuz4hYAfyaUlw2+E6mNc+wR7F6uiVTaaVVhKwiUS74QoaSWBdAIJPWXTSCcs3hKGKhSa5IgYtTK0/0xuepGqb/O9UhMVc02apZLl6yIkf2bFCCvS59uipuBHk8eMyqjOIsTMQYme4KqrJPJd3Ha1+o6PcULjAqm6wm92671jHz2GaLDoa8JkIGcRAlwgfUBxiICCoXb4lS/81fHv+qFbqxP5wfawuJMS5yRm99I1SSpoE4kOOR96kRnH1CmcLb50hjS5btYhbh59l5jQuAYi4Ibn2q5QmEaBH4V+6Af8T7ioulaRa51KBaeYt7it2hGWDnCs5kVynaeQlSNbhNrpc0Wq7YYCp5qXGXV7vdWlpU67UygWD113e3mmBqE5Qq7w7XLLFrdjB71Oq9nrtHttwYpM79o1NTeXL+a4UTxfKDgqNJi0jlsiLIi216Ys8eok0VrJsasMoHZjLm+mbW2ury8vLoZ+5Lju1OxsqVIpVcq5nItWmyDoy/dCMcoVIVRgJzoOOzOUFVbi92Ukpmzq5k880X4YhCgzmlJtpJ0weA21Qcqyhr5oZIUHbahYNXUfnKGZDgcT11wYKyOpRNVmY12I9tohykdBN00HhLGMhI4FGtGEKN+auE9UacQAfdG2RlW9bLCQ0UllZlkKSamGUrcI0lOqGotJbIeUu84NXBOsIXiE27BbW6Hoyv5JVdJsBUkKFbpGzODe1aUQWH7GB3mhVESPEwHhI7Y0IoY4UFUqNb56NxfgHQiAIwwuEwE0C68//xIuV0Qz6fTDyQXiXYk9n0R+CB14SEvuuiuJMQZIIoGvCUWVvi2dhWjcKPQvYUQ6wUhHE+EdlgP4FgehBJQOTbY/YrHDPVyFfgb8G/wQAtSk1xd4hMacgjCmRAZfkDVPfwLU/JufSQpESQKUaqYwMxG57d8sbZhufNhFPeUHOzNj2IxDkUZPCGNmkbET1CqUCANUsSxyhJp1zn53wvtLFig7yrQMK9E0UVlDDGeD6g5VfmL5GEq3EwQwpicpUymLKaOtJ75ZwrivS/TANsiUkaIUrRCbKQVdosjXKMqJ4w42n/R6Qb/Pj9zEANAmgkxJRTlTPRxZiqG1QTemKJ/hlgBRLyQhS7UCvwJVjD+3wwLxjOKKYDAL8DixgUChHVbPDqQH1LDt6QWEGJ8DcoZMjQokSahuYwBIAPMhIrFNQ64jYyOdsIyfVI0Txc8J/4+cl+Pv7vV77XZbRJPhpl97e5IPWgN4javVyuTU5Pra+srKai6X81yXEzFh22NMTwZsBq6RwsGFyfhtPNnCO/ASwE5kwWRsQZo3k7+6kM/XJmrra2vtdqfVavGfnsdsh5hDGvfncQIu/E76fZ6t2G7m8qVeLzp0cPfZ08tPP33CdSvFMifrVd63tp13ioVK3gt9/9vvu70fdF9arltuNQJYCCIVDRFRHjADjbATbsiabRreyHGm6KUnlq7mFX3bKz6xUUuQkv0MUg4wlEDNBD2iDr/t26zO2GK/54QhZ/AL+VyR29qLBT78gA+1Op02FznAUQDsb8J/XDhkCZ+7iCAgLEpwlFK1tTXyuNTnOpJNs0OBB+kIJEfhaWtZUZ+yQIhJvgA0iajDQIZkXJpiqBUGTDiN1GfZTqJdyKxZpgJZMX+iaiKIH4S7EM6A/FYuitxcHlliZgPvJQIy8rs+kZWWgnO/07OdOn/WLeQ5cyRpacwbJTo8U1r8ZkgyDBKR0obLqXSl2i43e822EIxDFjNYaiWS7kA2J2gOMJLoyaGDZIhfkeJDGXLfQuQlRC69BMD3yPiLO9NHrcgQ9VFMLYgDYRA21tcn5ub5+i3cnsAViedwvRxffnqdLudxvXyOz5ViuVydnt5cXOFsfbvRaGxs5spFvlaRQPgFCrO2LeLa9jtcQu+4OS73F3gLuCzAB/zCnj2N1bWTzzzTb3f3HDpcqpX560q16p5rrz399FOPfu6Ld73z7W7B5XIDH7mcJw/TRO3SGJpLT4M0nCaFapNvuFR+63JTWkh4ZawEYuxGMOoujXGQkuX4uTMwTlDP6MsYq6bfSQIQi8V3CTP3okkJIJGHylCfJm6K0ieqye5YVEsPA2Wm3kg3O2FMvVlsu5ZoIiikWTTpa8JUeB1CEHxElCCvGAF3UKmrOGy120QjpmyZHjkbfeZpJv3b5AhX2mS11jB5JXrDteS7byTTRTJOunme/7Efuo197Sz9syfJWmPrrdXtLv21B9k/fysZO0EN5VoVr/5D+FFs2pVdwf7Vn5BeT/GYLNYpv+3O6P3vINtNd+5hd+4hv/N18qXnZUF6EK3Urf/69ej9r7/ExjBZQWQv5NA1b8feEsMfJwMZXsPMgWSbiJQJtB0F5rnqTUqMzkSSMZ7fiVYixEgfiYfwZiSt+CGg5ClfE2AioQxE4gP2VaKbmNgnmJ/J2JQUpWtLzn0QgZncYWz418gBF4GELJCX9PZKSRmyMU4YSQ2fUXMycYZTWhakb1PD0VK64G0b7KSQc++8fv8NBxbKBW+t3m51+5zZqpTy1WKO7FDaM1Pjf/eTG+rtXqPV5d+rlPemqsVmu//sqYuPPHe62/fHLmyEyKOmbfpidop7MTNfjGUSGW+U4xKGEldP99obx/jVak3Y5uubnShsdhqnipVDemnEp1D1SRUCigrNacwXE+lE44ZCFYPgHHqc3HXrPm5mevAbp4LwhGXNcqY7XruTZUYKhYXodZwYHmBGq8lwqmXcN37sBC17dfmdsDGuEEKSCtMxH0qlfX7wa5SeoPRhy3rSss5w6ZzsUOov9TefaDWe7Deeor0LdsRMxZ9S7ai43Xxot44//+Q//4U7/tOvkZc3vYbXzqGJjboYz0Bm/JJ0Rn7P9FOX0olhRF66GJxfJbunnfkJ64r6nmy22Pn1YL1xWR+bqoMy9Zk1Nl0FEgLrQFZ5IWUuZCyJFEIzkE4YM19t8gDEcGGJtVVE6joQPzij7ViyJaECkkgnLEY0YWh1M96r3iLbTVUJShaS2+WJleJSafqMpJcEvXbofaqynzTzpq4o6cOQAYec6xK1XGBKjuaV5//s2dCH8AnoX0Ik0kkE++FgEx34miAOirCWiO7r++GXP3Pi3d93g+rzLerDBuqQqm1S4WGYWfDA0v02eurQ4RetVt+LhO+G2EpsC91mJPbPCasP/49ysyhgwge9PjdEic2jLrci5LxC3i0XbM+NoE+EQkI4QVkiNoUIcU58R2w25arPQGyRFozvxma91ar3up2J+ZnJyelcqUBw2x/XwAahMPZyG1e3A8Zmli8VJ2amJ2dmy9Wyx40qXg42xsIQleo13TVy4wgzLtCEFy/SLBlGihkWU34lCPrLF1frGxv8Ea5/K5Vrrog2ImC4EUxFl6F0GonCkwZFlOOl8oFcmcTMpLwrUlObJj1O9FWyY4kN1kq/KGV2NeuVyklQuySjr4js6GhiPk7NhOp1o3XqixichjqyhHlYjgGzSuzSGc34QUM8SlByORLQY0m0USh9ufVWyJABoLaE0qFG+jfAxKeG9zZNvI5tVSEtq+oRqHVVsPs3AAAQAElEQVSnqu3Ahdmu4+WEF1epUuInhGgk9ViOUOu+BvIQQb0B10T4nQhjrRYOYbenUUHKDOQPFjtjmT2TTBnDkpEkDIPeEZzscOWHZMvkcvOr58E4EZWKwsj8GGpIyNlLlYK+2+6I8DkieD00UMRmxrBLytyToibEqIxcpNiQuTX44ZKSDok/k9lF46i7B3vS/OhDs+2IcHVZiekDMYZoOoNMyRvputP0FdUDV5KRNF7GRtFUHHIqSMMo75wrZt1gZvmUMhLrwtEzQ6ogwekNqsntpX7P7/W5WYqv28LNlN8C4qx1RFBwiuJRkuBmLcWjIb9imfRZPZAmcFAZS2a3LMdzpYuJRDeJWW9FeowWEk3bqR4D2pRMwFionodsclt1AruISXQSBDkfz+lk2HdjzFS/ScrOKVQ+n+cXgNr0eMPyhQLZjtATSfs3rdZqvGHcCri6ujZRqzm1KmfbuJEU9IUx368HlqCOoR17nYiPGlnWpWGu0vGZG2w1T5yzajYa3G7JzZqVYonzWLFwQNUKAp1WKhb5QrNW31i+eHF+195CuVCrlW+55drnnnt2faPh5V3QQ1HX7RUs23No1WW7qvl7bjiytPxw2+84jof2fNB2gWN+XFlLU2oMLIp8B9qBxYywrJj4KtKtuRByddPVft8rKSHLssVSpfZ/MIb4bXrbJv+Qrogk4tpd5q+GkdPv5zrtWqddbtZdm5ZyRQH2QW1wgmac2KFoKdxIUHjAcSn8WIQsAkkIHUJIFv6vJGeJ+FjC490KxOuQmIC4GKF7dxjRKPI5oweMBBGAQ44lwoJCsQKFJwDhh0LMUmwyjeNkRZIJkO66VFWLAAhVFAIBZ5wjg/zU9TzhRua6OMGFb0pkM4HHGUlOMuKqFr/X7lCICOjz/AISwyaa44TJSCTRkJ+AvBK4hSuZGEvxbbj9RkoPqKbMFQuliZrf67GupFRa/68WPZBAYfUSYCcWYGeBTCptTppB1MH/mPS/dzj9scyoOuNNegbOK1QDBck/8PaWO56Dfri5uFyu1Nx83nIIZ/ojYf8QUSc5l9yqb/KxVijtsvh8KNCJ6dnm6qbf63L6vLGyWqxVSnZVbSURnVIo5HmV+X0uozvCrdtCeSZfyM/ML6ydu/DCQ4+snr14+Ibr5/cucCl6ft++iy++ePLxpyfndh286TornwN6HCjzLBm7sd9cVJACkCyea/J39ZeeVJLMmdTxXE5lxvWNIFKvh5rH2B+YSNR9QpJ+HoQkJH/jSPBIY48TQgw/Fbl8DPipGDmlVwohKY2SLpOaR1kToqgEEgIDQ0XYeiMaW6hlh3DlW4SQJYL/lJpKyCSuqIA7cE7V3gkJc0JiXSobqSbo+OS/fcmPQkXzDUuztgXihUqR/ONvs45sM/YNpnv3snv3kj95MvrMs1uzly8tWZ9+MXrHka2XGVMGp7Fkk5AWdVckiqOEMrL1C7af/vvn2cVFyV4yAzfifd8Z3n/LpU+TH7uHHZhmH3xQ8aJyJyh58oz11b3hffvIdhPT3hJyhKDQB/eyfE1G/8y88hpMOB/QGU35neC0xxmO81v7nRDJHYzrdyLPpTSr6YZxjPWVDPxOUAiXxyj2KUHYaolugjKtfB7ygFM1Cj42tMlAPVGIF0brLOVxInMiVyFbjZxMsp5EXo9bYU7A9GQkWmd2iWAnY6a85/7g2++cqkqPOX6iz69EqhZzpi9LuejdfcP+Q7un/vSzj/X627GvJ6ZWxjzLInjEBDth6jsRzVPShOaFsJj+G0uapv/ibq+zhE//j198z3Nn1/7Zb36Gn/vdRVY5RBN2xPgpVZoaISy+G7/RbJkIx77Mj17O+aUffgM/uf8bp2DU1gnLy+mjTSlq/aWGz0qiMzRdS/aasTKOIlk7KOb8u1/6ZV7J7/qu9xDwO+HM8//4Hx8k30qikw/zvyj6myPyLP/Sv+4//QRRG+WYcYwMu455S+V0tWkPjxFjsTgEl5TfCWs8+9SxX//P1/3MB8j2UwZBGytlUkE4uTLMySsvsREXDeLABu5uoQi6tMnb84XrydllMlWxJsv2VGUnOZp2j6w1wtVGdOnoJiol7NySX9O0jBo/aPqhpAsKNctIZJW+GnLxl+h6CaQTqpiaQaQTydEAdpqiz3LFQRXrEHgDhuGwJV8K1gElMVm6OZrD0u9Va53ixAbeS7D+g2PC0DqotWCwe7Ifibk3qmqJNkGSPhJD7NMPx+WkfDuoXMTOPHimeb4RgSYJ9s2JkDJctgP/EuqVcsSmrWaPUeWJAtcRI/38ufqxZ5eP3jinS2PGu4yuSpwTMvSY6q3BXtETNFMtseUswi/j9oKc7VpiO4cl4n1bwkIhglSLnV0hC8Kw3+eG2FCAnYRO3nOKOaeYtwt56sj4zrwgrl3l0rAIoAO45X2b/wng0ICxnsAvESEn2+0mr2h5YmJm1/z0zAzXkrY6LSJeEkIIC67yanXbLce1csVibWpqenamUCo6rgv1sRBoOhqqttAWFmRUokFiBSpcyWmHXCEchWsrK512m7euUCyWqxWuQyuWKqo81ByY7FumMZjhX0IovjJqIlxvNbRJpILpmF4Z8u1Ka5+oCRtpIx0vGTpqMnqIxXDRcle9dPrBXTpaMAKgCpWiGNgk0ShpebRlqCArDnlveAVR3UWKMTErs2MLe0pTHWuupDRH1AiMw8qgChvsfeJ3CDAnMvA7EtyISFAPpXKSUixR+iuWNlpTg4oS5MuznBXAriY+hDAycCtnqcTnFLqbOK7YzBvwyclC3ecYZ02y+WqwBUGoHDICpVuTFmuxNqEvO7QRIU/UxnHz62yvjyk1u5foFupzHBiIaAI2FwfN02qNU5Mg0u2ycHCByQaYVUHY+gK4pS+CefniPFQAJ1FWR6fqSCRoh1QeRJlcVVriS+nD5EaAREvpEPfQLdMODvIrmJDBiP3Rt6Yk6acHz80eG/A4uTLEGFNkvHaAf1YIqFt/l3GqeCkfV9JY9TNCXZMFlArj1TAgwREEMAv9oM/NSr2uCKajg3zpCT/qG8mVVy1BzOCE9V+8LLJ0ZB+GgQGQtgOCAHiZ4E+NbqJekuyNWBSNFamqx+SaEgb6TepfKYBq2S9mMEVBYvqPjXSS6gmtyk9OaUyO4+RpHm1LnPqIIAaeuy3nDyzZzXnVyYlavb76wonl5WXHsStlzriEYkGxqTlSgIEVhkMB/URpEHBOLuj3qMsLcV0N1HblWBZ+5CxdsZiv1SosFJvp64WCx1stlnOqnIEQbl7QaCo8VIrtXmdjs16ttWuTs61mY9/+mZtvOfzII882muvcus7/Crl8tx0JzwEaFPrBfdddu7LU+MozJ5qdllUsxfbdRE1ilg4dlZlcIRhVSxaVMlQoUXquGDNHyVBdA2PkirzyFZ8UChpTsWKZ0UkINqmJaizyIjmRN4Wg4YivyVd5y/Ydq8H6Tug7nU5ubcUOQ5dSdyJnc97HtfL5ArBjIpAel1WES0gUCDqErBinQWJbTCSNCICSh1GpMOaOJaBFZPwmYPFC5toh8yJPrAt2ELSCqM8lI142t9/zkoRZ0UG/aSYsjDC0QopxwkCQAvBqKjeIQGQuoryxeemharYUORivuPA7EVFaMMpkAAZJ/rhDbOJHfl/UizN+4PAc+Z0eehkK8S4iAvLEozR2egMIKBrjGKT0uq/5ROUowgUrQlCpXKFQmax1W61+pxuK3RSoX5CxjMH8Kz4MUA6B9OdxSRUYfFhFGA4lbkwmLDJ6Ezs5Al83cDZCZFghzo21FiiplEqBFp2HQLUAIdvEy1urm+ul5bl9eyI/BGILXH7ECqXKxtKSm8txgbvs1WzLqVQnypO1+qoA4OH0eXN1zc3nCuWCCCSkorBxJpuPom6nw397OQ95bf6eXXv3NNY2jn31oZMXH9+8uHztrTfvOrR3em728C23Pfe1h5/68oPlcnnh8D4Gi3oQGSs0ZdQYW0xRbH1C6U5A1o+RzCU7yZdcbTLMDLjCq//2oYkiueF05vKrZFiHtso3iHGihS0ldQPtlWicjCS8RhJClJbSjfP4WX1FPktlgLN4Z3by2WSZiWMsvDED48T0OyGxnd8IryMXGXFF+pdA2Bx9RuJzID+8hoiDkvBQGe3R80cP91utCNtlQew2CnvmqDyX2Cf758gvvN0peeRy0t+6he2thb/31a1RcT7yFH3DflJ0x1xm4gWJxg5Jw5Ypg1XY6VVstUE+/HkJY8v05kyL/Pz3szded7nT5O1HiGNFv/cVi8U7TcX1//W4dd++K0sVWVLOUyNrXPPtayhJ8A1m+J0Q5UGCbKfpd0LUjMfO2tLvhMlRyUgio9I0A0MBmCWctwwB9ASElSiiqjYMfU0S2CdIeeQVgnlsdAmwUA8IZh1FM+XoivRR+p1grZj2mbPk0WxQ2jpIxxwag3ORmm2nsUbIxDKSYCdk3PSue2+8ol4m46SZWvn+e2/8yJceH/uJ5EwzUkanUamJTumFqEGNMh/E1Y0SrdiRI44aCCK2LYOPLG22b9o/BQsEXzJySqOafkprWvEFTJpDEmXCN1TYKhRXHOGmc+3BWX68uN5WT3vE2DSpNeD4FhPpxJxJegKSAS+6q0+4/t0v/XKlWnnrW97Cz9//j3/mYx/7+Pr6FY8ss4Npu0vlTqmd63/1l9rjhJCEr8nTG42Pn1t8qdU9WMq/e9fs9bWS9iBRORlTG2SPNdqfuLByutPfV/C+fW7q2nIByolAGSbHzPm/+NDU3ffO3HMv2X4axk0MXt9ez2yZeeJ6MmaaOGL+OlijLtcHhFs/V8rRQxMJCZTu2s8unCZjJHf/NWR7STaYpZW5ibupzMb5iMzjJt4nixsR/7OEpzWtFKxy3qoUqLt97W+jw5pd1uxE9baIxLujiSacIrQSO/5BCTGU2/ETiZw0Y1lRSCHSV0MhhSQlF8xJpLXS5AGkno4oRQQxkU6kL0v2XGEK6YTSJNKJyXtIci7Lj+8mWpl4L9F4JyMTi/tOP0fSHYalGZ3L4nbSmOMZghoyyBDRJKYInjeX2qc+dxJDgACWiVDio2aEes6t3374wK1z/PylJxYf/fxLMpIi7tKE/Pypr3z51IEjk/mcS0fgmgzUFms4WJ+MvkqyrsYN1S4zd2rdNVdf9U5+LFNXqI8cC1SeqPgUGjSuqoqCftDtc1sUEfjQlp1zc5W8UyzSvAfxwaH5EM9a5OVHygLbCi3Lt1kfGF7H87iNo9lu1zc3uDVkYm5uen7Oc51+2OfcsO06vV6302522i1u6+p124VKqTpZm1mYr1SrtsNtNMLjBKodCR0wVUB7ZtORMxEHrbYiROEC4qjSqgB01OAG5kZ9s9mo87q5njszPzsxNZXP52GfIFOPMLXuGdpIWX5kXtcGph1UE7EBn4k4Ga4MunWJh6WJ7ooorZILBNN9rjpZe4MYlRbsJYMvEl9SfUhZjIEmn0QlJxogr39F5QAAEABJREFUpZeJPNUuBdKEROP9S0x/7jgejyIosbHzsrkjrZhSziVxBTToDCEYcJXErUJfmojw8QYA3DIz0cSZaraZqkAukXk1NeKxbXE9qNSJgRMSOjLA/lboZyICSNlceQ4AJwWMVMVnPO55h+AxjMkQz2KPLsONlISiW4bwGfNDuA7KKrkORAyDdKCkHUn5UFivER6FGKo/XeFtp0h91hjTAnFNwNnE5TZcEXpDDxi1URBeT5RrCkV3JewObhAIBGpL3/d9YVwXDnGR78OJkpvEflelbCfJsWR81MQcBZE8SlxS/LA+Zs5IrXg377KBkZr5bKpYeqneKi9DohJpA+fJ9sVBSpSmVwmhybXtCiU9wdGELaWiES+l0oZC6WjqMw61vrSPC8M4Qp0SUlIKO7ER2V+gjPkC0SQK/V6nyy1r/KfcbQtacOUMR/V0YlIvrzgxYxBK7pHGi0JmnePGCsuwjfB4lg1E3obQaTZGeUSQlKQqXX516E5c00OIHCA/jbFSi5uhUsrhYFO7iKXFGusm3MWY3hihdhpfotOJ2WyqLCXyM4CTMjdAetyAF4kIa5wMCVdAyyLjqUS0ewq3hXOiNj09tbq0Um80XXfV4/bOclkMN0ZDqjsqHrLguiv6mtP0qN/Hj+eAs94lkeZtJOFqk8tNTk6Evr+yvLK2tuZ53OiZ41y1JYJWMrViYbSziNeSr1O9XrC5sVksrRUKJT4+b7vtmsWllQsXup1Wq8Et5rmC49ks8Lk4zZts9f07jhw5dXHtbNvvKsJgcMAJhlqybdrAHDPI8E+EgI3xsqqeuuLk9dVCvV/GpACUqLEyo1IaJVhgUogrLO9c2+5aPmPNKHKDbq7uF8Kw6nrVQq3k5viY4yMQhdN+p8cHkvCbB+WUDeOQisDtYsJIDtVCIgNDSQqeYlIxPpdhDPP6CBHIZqHtRJ6oS8QvhCEvWlChkMtGwvMXeTwY8FFIhG9TINyyqfDyt4CfBrJM4KIcl4KGRZYjzQz8rcBkgQTKiQgNfKsn6KZAoLAwkJZglIVhUrA7BFdbgbMX+KQHXjUW8jGKQZJxy8zh/U0/EmNAvHyxWJuZ8ru91kY9DKM4xJvicqUIzztfrFsCcorSwI+km5Qqz0IfRyR1MFqZ3/cdiNRkMVtSJWusnqck1ibI1UxWSRH9iAadYPPiytT0jCu4ZDcSjLLg6YlDvUKBLz0byyv5fIkIltqamp3rdjq9dpv0es3NerFadj3HFc4lomwRecq2c/m8yNPp8PdBhCbxKi6g79qzp3Vk7eyzxzcvLD3Z+Gp9/boD114zu7CwenD/6Seffu7hb3DiX9s9G9koolNjcCUW9oErVyklhr0hxo/g2rcsZ7vJnH2vOD5eOjeRiO7Q92HjbH9JY5wQrWyWigN9JMmjqrTxNhJ7jRDjWTJQDjGO8XVjYaYDZQ6WE9trU+UrzSmREXKwW2H2avkFLHz4KgQ1IUr9SvS5qghVjzDlgzLUZe3MevTZJ32lnuV0AHeKhGKwhURrmW/aR37+7e6wQi40yAOnCFdvvusIy23FIL9xP5nIh7/+ZTsIRmXr9uifPsV+9A6yZVIyFPaa4U5CEwpQliQxyWd3LP3GJ+I3KXmHfN+bo8v3OMH05kPkxCr70rFYp8mbUG/Tjx+jf+O6bbRE1ZEZinI5jJi6rYbW0Mk9KJyMJa68mhPTG3Zlv7Chfie6JyFpHfUWfifmAFb+FSxRAdRkIYqJ4OIi6UfCUKiTjCGex+ooqYbkdZ/Jz7959u43Td3O+b2LnVOfPf2nTy5/BZWWsdVB/GMx3HnM4n28MQWzlNWfmfVMT6/UtEut8RlXhyx5lCS9JZJgJ2MOuVuv2XN49xR5BSRejduu3fv4C2fJJSZmKLZoJnGTemA5iozr5vNJPosqhBu1uhGSRCVx85OWVYyi9tJmZ/9M+cC+6ZOnVnKlvSTxieRTaqHTl/VKmigztT4KtayzEIaLtxwWTicXNtrQlpJFqyT2LtVFMqXujsvU95UGUU5Ftk2/kx1nta677rrX3Xknni8uLrbbbfLKS/ojXX4xOg0uu+Mnf3mp+ce/TwYwTviVF+vNH/7qE8xxDn3vuy4S8scf/sQf3nXDoXJR+50YHifkZKv7vkeeY67LM68Q8mcf/sRv3XpkfyFHDKQT5PWe+3/+w32/+4dOoUCuXmJDfjI6xpJKi3vJ1PVs7TmyVaIHvtv8yfnIdx51/vKZYMsH33IkHfA7/+bv7PzJf9nyQfu6W+2ZBbKNpGc2S11JZWMDC+NA5h2YwHxR3WyxzRZfZ8VS69iCy/VckheAttmfhQlABdLvs67P+lt37SUnZcSEc2Ky/0rxQGKxYNCDIuVxYigklNoA7zPJx0pfeW1UU9mVF34S6UTJy4wgowDlICgA+JEIpJPf/sSLltKoapsBgsqir4l+ryzHaIFBzi21BuIN5dNvxUgnuHOHxAtbeiEYnGBs8LKCDCGpFQSXF0Ncw4ss/jaqEfEzZOAzJF7BtZTP/8WzsHddxOCOUH2JyAOufff33jBzsIYlH751vjyZ/9yfPwuEDoPLYE6hufzC50/e/x3XsrhjiHke90OyDqlaJSTLVC8xzUUkMD8yJsbomaoSV8D6fM45dmQLflZ4OlGG+56DXp+bnYnY5iRC6liFnFcu8CPjxgLHDkPp/RBw7RlXt5LIty3fJqFjiQ19rh35/Xant7K6wm3btutMzM7WpidL1VIgYBO4vq3LX9HptDrtZr/XtR2rPFHZd+RwoVTM5bnCS+xGtMUwQvBqqSBFNjvdXMPjRPUSS53Dhmef61077U671Qp8rn21pnftKhQL/A+BEMA+nYhimdWVg18kvmuY5S49pRQp0r4dixUimYb2xMNJjZlZMbKdtw+mLduV1FjjHmbElkB7Z9wWDa0hWVChX7Gs5H6zVJJNUJ3AYlRIOthd5OVKLGaGwYEpYAbSibAcSIcYvUJQbIGpM9FLiTGqCDU3bsXUwVg1dBUY7pYUb3E94bPl5XOFIv8rCkQQW2y2ZxhlIQoRB0B3JkgDyvwaEXTO6HX7Ai0ekAek1MBgMy6lJEoM0bjv1bc2982O3YOJpFon/FvAJi2wTRyVxO5eNeMSnz4eJOJxbnnxIz8QjiYB/wLddpsbLoWXCdBSNFozrWFmg+yQvj58CjA2SCSY9IfLKFC3lg2PfDdOGvHgK053DWlIlVjm+p/1FDItWbfk0rhlDQi7BDZ1YEGBj7tlOWzw8auczOHH9NYmbiHlXE4Y+r0e/wO8H74gC1QyrVITUz5eZJT9XZvbLJrSIMlj0t0xRZ0wgwyOhufChcwSESEsYfxS14X3GBq8Ep8rResIzjtIirTG6j05X5mavSZBJWrIKSgXC4LwAB4V9tilO52kGowVpGBOoIygBxzsRxfGPPE+x6GMjDV2FVHDY7Va3bt394kTJ9dW1yqFUrlYtAC0UNMyuT2Wm0Chd4RN2nUZxBwKRNBDUQgno0TFGiQ7kRjLAKPjn7lUKnYrpVar6feDTW7XLBYrts1vqFXPAr8B8IeiNOe5lVJpo95YWVravYdru6L9++aPXnfwwvmn+v3Oph+VyuV80ev3iOU5pVyh3evvnpm677ab//RzD9CCzcClyvDmVEyjnA1a1ELcaUVTmJrbkbT+MmaKOTs8h2lquRvHEvcqTpfSe+rz4cfTOBBUfcQ4rKwpAosgN+ghwg39juezsBnZa35Y2KhXLG+qNJkrlATnAL6rhXzBirgAI2aEEomlu4CwkFsO6PUFu0SJ1GwJ3jbitnsxUpntKA9qETInYOhawPPaTAzpvhA6IuHxIWAkIUBFFMGKHwkETQygI6ifBZv4lGoBASQjIBtUxn1BoitcojihlPv0ec184UoC76RuzuMTTUiiXApzHTBY9IGiQU8KoS4Muj5lHUlUZXhCgXEp5Szd8yRbbFefI/2hyGsiGfMd1x7RT1zWLVWqnVq702wFYZ/aLpE8uaCbSshn4qPgCiQQT1zO/SM6jja56I2earywEBcbSmzmobtlmtffKmmLIUENiJImhFG7H3Q2W51608nnBNiUeA3/0jbn6Su1icbmeqvRQMmLD31+pVhZ8/uCA+i1mu16I1fIA34gU2gtYuXiUkS32+33+q7rwRst/pOPtCNHr6svrSy+dCb0/YvHT9ZqE7XZ6T2HDjTXNs48+czk9PT1E6VSaaofRKbWyBxIhn8mzWjllU+xAJB1/eq8nVyt120rKS4MwrnIaXHZXyTBz2dmSCKFqLzSTKaEMWowemTAd0SpH2nqSIfho8QYJ2QAZ0WfjlGm1mUYGCey37SCBl6geTQikAiACUqG15EOJTLSN9O8K2pZ5XXBMamYO0PSHz/UJcAkCy2twjWxrESd7zhCPvCWoQgnvGN+5XNWoyWqd34jet+9Ww/Um+bIP31L+J++YPsjlfIPvkjfewObzI/KQ2PVSuofeRgCU08vjfEYnY6dJw8+Tq0kJMSNR9jfe9NOUqq/fxc7sRKdX7fMCffp57brdAKjKHPKDlxkRn/RgVzxyWucUxUJKYKevMpWovgzZvidEMktJTuHxbGz5K+U3wnOZ0aTGCcGRRJCLVEqb4CMJiQyUEyy0U0YKib2lw68/8gPO1SKsQuFA3/36M8/NPmZDx/7Del3QlDOoUhxYtUAUBwpMltSiJLHxHQyaJrRFjJGokM8wJLuC+BlkgQ7GWfcT1ZKb759u3vur2B6253XnlncWKs3x8vOEoNpZMrsRiqFXEMFY1JAtcYpUVgSTxYlUUkspzp/T3Pl8dMr9buOzL7p5n3L9d1ufjYuQhmU9FPqHfIuTaKSMBUQTl6BN7rODGNH337zXp7h/FqTWlXPuVHuelbcIcWZorxkoohR04MzXhFJ7Fe3td/Jzq8IOh05cuQ3f+PXyuUyP9/Y2PiZf/yBXq9HXg3pCnbKGGnjd/4b832NXIJHBj4in7i4yk/mXn/n23/p5/n1Pz99/lNLS/+wVECrLUEdoHros0trfKCYmT9/9tyPHFhA712FTC0y91ZXXvy93zn6U/+IbD9JLliWpeYDS2S4Iv159CfJI/+K9Buj8ux6E528NXXte673nr4YnVobBZO2f9Li2VIXvcM3+re/PnjswREP0vk9xXf/bbKNpIkFS19h5k+WEhL1dSNz4spOJa4cD0LW6u58ydtNUk+Jp1RfTGnVzX+T6vdkhmSxUpZR3iGU6bXeoiyB0ahXf0lWazXve958jXTIBfXAWr372Ucu/ODbDyujpiDFPT/40OfPpGqJVWQK6cQy3huLWIq2WyTxXpRTdGlUlSBXIqYwTuigwoqm+jQzyQ1BCT0EZbEWmcq6DMcUkblY/OVMyZEknzr7lTPt5TZXBwqQArHHTDBeEGHHet13Xz9zsGaWPLe/9qb3HP3cx56PiAwnjhu3+fHFE+svnVw/fGhysD5soA6p2qbOabLDzK6iibmZoUKSY5MAABAASURBVCrJ6EqWcZ3Adr4AsadgI5TU3QqkXbH7X5iFuOW6mHdKebuUsws54rmW6wg6D14nvAf4UtFnUc8iPqUh51htgc/GtXONzY1+u9v3hY6rWC5Nzs1aroUeJ7w+vX53c3UVhPyIK0srk7XpuZlKreJ4DreOOy5ugEYGSfqdRBASNzVoKEl2k9Ehyswm1ibelo31jXazwd+fLxan5+ZK5RJ/ETXkdDRbMxUkhRBT6U1ShRuPMKLGv85wmaojZUeLiDrB6Y9oH3JWK3M7IWS07ZnsRDLVYoNFopQ0AA6NXyHSqJCyu6TnENF7RDB6TizaJVunrw/WRPd/ZgewHYWfSZapQ7HHjC2TcqqE90CVsowZFMXIO7pFSGmx+jSxVpDUKRuohCnxsfSyjCgpNF/I54v5cqWSy+dEgKoIjM3C2YLh1mARa0a+FgBOwBmFZxDBf0JRf4irFRDpZ6LssMzQo7HU0GOEbK/DU5TJmI/iRKjiheZNeLkBwgk6mzhUBVpiECgHC2FGbdCNKcIWQQCdPhrXfYEv4Pd9zaoq3SMuJniGlAcmnYTDR9UD9n02DjrqZZPbYlJNTJ6o5Y1dErEwB7++kspAXqnJnNeKgx8KeYKuO4nlD68nMxEyUusa52OpEZeda0i1WSzhjOPjssPEZzspnkdUWrIimA4RbKQX+96Fo0mvF/SEXTIATCOMEWCp5c+YEFQRLqJ5XmT5kVDjP2RgucGOihdHcOukSO3BxAY2OuF6gPF0dNUlzR/Sg1p2lPRTTwRpOWBSS6UrgSq7JDseK0zQ84zzPCKQmIwrdFlOJylugAA+LUYGt9SaxwmaD8G9eE94nifbnVGWvANseCIH78XpudlGo3nm1JnV1dVapVIsFDhFFM75QJuV8YQbyLmVmoiQbuhcwhk1CJ0Y2WGk8GX0F2LGp94yWallS5NJomeIcpyntFyqdCrdtdUVzorlcjmb83qeZ7s53vkQ8SOSL46Ix9VehUKrXl+9eHG6Ws2XSznPue3ma8+eXn/00WdyucrKRiFXyjFa4o+4OcpHrsWCG/buec99d/3ZV78WOl7IDb+FMoLx4QhlgB6muGn+FSBcgAx7IVZivuaJNUUYjynoe7WQoYiTWtp1X1G6bU+d4Zza1gLuVSYnWzJPjDE6jm9jPK8zrhop1ZnM0Ckw3BsuZSS5WFt6HSQMvDcEUwM+FpZ8go+8nusJMtXvWe1OcaNevXg+79qzMzMCFMgmbt4loUf6fZvb/UIxV4mAZBC7+vmsCWGLnZgdlh3Blm2LDwxb0Ct+y4E81HYBqaQvWQfWs3nBLLBg5PNJ1xLU1eeTwOacS84haLYUbbKUxjYSkXssJxIuJbLFuBtQRqhloYjEQEPUDtuOK2LrhD4ocLlsE1E/pFafl2yLwFUIKhhxdonmiN/rByxQyoVIbCMQ/i6oXBYf2M3n3JxwsBHTLwoluGAsPnlJbT9DHKpYC0DAILnV2JTEYSCxQf1A/ABcGBhdO8TTg+0le+RSGc4JJ3jEKUyhMjHR2my2o7rwpAbekH90Js2dITV9MKF+wr0PYtRJeUngz8Anh4hn8E0ZIKKIUHZeLsoJ9HKLRBHRqAdsmHHPTnKR2tVE8pPgvsd5XxL1+yeefuZo4fZK3ut2WrlimYErel+MIrvX7lw8e3rXvn2cM67WqhNTU36v227Ue61Oc72e47JDqRgxiG8nOAI7Aox9vlgIJ+5u3yrkxXJCIzvvFEtTh26+bvXieT6JVi9cWDo3U5ubnFqY3X/t4e7m5jNf+7pbzt3ybfcJNRNCpwQhrDihYr4ZOFRRUxzQJBalFLqVT+SljZPBpxIL95A8mWnHRc1XSMIl3VICrrp2+aXiv0MslVQx/syMOqHJgrzG2OBRFaCAMZJHRpQ3SXyunlJHXRo1b2jN3bAyqVEmTfrBxC1QQiSEyKGqJUwxyRaiJjP0PiGSYIhcIvCOhaEfJbI1Rvey9MI49KucXgu/cdwnyMCEobLhId6JPL9+L/3Zt+bI8PTSGtmsE7T9Pn6akjGcTni6dpr8ozeF/7/Pj9p9wonIR56hP3rn1gVKQZCpc5JQHww73/H04a9JZjzm/hj5mXeRHU8/ejf75U8Qk8dsdekXTpK3HCTbTVuDnSSX8NE/dYrYUF+AMOyTV3aKoiFVj70f0n4nctYP8TshCQODtH4zxfwk/U70WJYfIX43IcrXhIADNZMQd9rjxFBCoDoK/1E+KMy1vJ858kPa40Snu+e+/XT9uYcXP6usTeDKrDBO4NyW15npP0c0g5Gupxo4gwgo2RNwxOQdD+yEbJXefMc1jr0z2yd2Kr31ziMf/vz4QXZSSYnjhjkulWgG2AkbsB9hVvykph+kccW463rl2sIbvnbs1PfdS77v3ms++WQrjIj5feK1j+LSKL+WXK+TZcYjhCXqcNvRgwdmK/z6Iy/0cu7rVN3lvIgHy5Ay5bqsWqaGYrYDlO4HIz8Zj7MbNx05cuS//Jff0B4n//An3nf69GnymkgsNfvJTq6vnWef6T/2CE7/QaSTl1oCKqan3LaCbv9Cu0tM5BKDZTsFngJm5sVePy5ZZcOzM3/6hwd+8G/mp2fIJSVzOI3KNugcxgZOxnxjboq+/j+yc59iK18nG6dQSpW3vBKbvIHueRetXjf4IGcW/8+35R86F37xJf/4SmSG2uEKiSMz1rcddO/ek82kld79d3p7DvuPPxgunSX9vtkwe+9h9+htubveQrYh+xiNZ4krLPGTDQw5lpX5tZ60kUR1sLHJKr5t/DYeTeSgyevKzUD5ajClPcBFhtIY6QTNlMo7VlyfqhZ+8rtuMKt57Fz9gSeWfuLdibG33ux9+PNnf+L+I8kmkT/+7GkLEUoG3quY3VgyMt9LNDvFtOSiylFIJ1JjlujD+JSl+Nhk39DEia6bepASwzOAsLgTVfUH3sESTjKy+njsrLRPf/EUk5glFIMxo9bplvuPzB2ZJIpv1CXvOTz5ujcf/NoXT8r86KFCBRX47BdP7d1T5dp0o3vMrorrMOxIkvpnzakOm9ixnsR8KpEj4yl8CWclhB1IYP1y261A6Qy6HQFYHvrcTGEVPavg0XKBlvLcNCJsA8JAQcJ+COYZ0otIi0UdhwQ5py9cpCPXcrlqs7nZbG40uBWnWKlVpyZrU5OgHQ1QedFuNZr1Dd/vcityZaJanZwocYtJuVgoFoV1wqbmXGLEDAUt24tgCxLXAX5or8cIsOdB3RfypvX7vbXllfXVFX6Tv2JmerZaq3GVGuIjKCZK47exTONZRufpM2Vk0Za5ZIaxqLH+ghjaQJoHI/R6SoOaZBn2BupHx36vpvVZ5bAsvw0VgoAgLreU3ZT6GNFNDNZUaBfDwDcszTBfoV2WSlQHNIGysCTDCklSC5BWEKlqW4YchpWTM049yUzd1PAk6TCJCY7se11/JHSSEQYVETaTGy1xWym3XQoca6HjJyFsoCdShYwlImlhSGOpElnVHGbmqqDboU4sg3tnaIOguCsWTIoim23l8jmuMq5N1hyX295cdM4QpUSxpVwIr4BgAhp0UZYwQ/e6vt8HMZeBmCvc6iTkgDDrIDy2aCMozxlT+zQiRZZlVwM+vO5Rs3PTnzCeISr4BdiPCFiFbcdy3Jzr5tEtCbeDog1RFhFG2K6IMEINPlAYZUL0Nel3e8LTjdvXgwANi9SQg0hCkjJHslwMo1BXWNcdI+8kKBI+otUYUJzckk1MMZqxWEIiWwWfM8o3pk/iSjyed4gPY6reo1MUbR1dWtrU6LAX4T9ptZVS0+qRSglN1ihmR9VlORyi1FJnki9NMsBAiXOMDSJSZ9AHJTaY8s2QVXcgjfNRYiKWcU9RL2NxGRSnickgmJHXGKKH8F+cOEWAMBYGPf7GoM9NR/xnHyNM8fUGVjBLL3/UOCOEJEixvKC099CEmHrHzlm4/zMkRMYk4FZXEeNFQJjBRMatsxZRyhLDfi2RUJTpU/JOCMSHJROJSgKfgoIhEMtQnCklSj9hLJ3iD6oE/clEwAHxF/jCzVaEEvOx2Aynk8GFcMRaEg87uQhqazlF7C/REeAT1+8Lgut5HsVKR8biQ2Nygc8ytXpg4YVCYc/uXZEfrK2sXrxwcdfCPGehKLqlxq+XXqIWcDciegg0EfBOAioHCE3KK8klaHhK9Imsqpy4jCk6x6TRMJfzCoV8LpcLw06z0XBdr1StlrnFG9Ynsd1XrqzC0uJYVrlY7LS7ixfOL+zZzZe0Ut674fqDx0+caLd7zXa93mzabp7b4sNW280V+ZjyouD2aw8/e/b046dO52pTuH45to0LAuzoU10p/pcqV/NrMoSypulvDaA8MRUYk7vaOiW5xC0LZeM4uo355nEG8zjNHMvvxPRTpgMnOlnGoqrWZqpLoEDabLOrcNOeqggqx5UjELNQZuWl+jZr22HLyy35QWF5uZDz8sVCLueA65sl4jR5rthmFQASiTD9IflgEJVPojPxhE4E/B+AXgOnDWoJLpVPZRBTREBWj9nw6ojLUJz8WVbk9wWOih/6YVeE7xEeZkKQIozpZTyCDegQXleyNzgrGTYysqRkIp3WAJRSACaJIRzIAAaCGXMpp1wenwvCecGGraIiSDoVgCtMQlNSXpmu6Bm/63K2Cgmn63mW46ilF8iqMjYkhwpN+gXjUrxTo/Lqp8FZkB712NpStTa/j6wtLrU2NzmJ4AOHSQhHOAEgEy0BimELILMwoJkS5CjChCvvCqLkT5EjFP4byPhS3cUDnU+Sl+WBqZWFoEQCBeCSyb95fXXdyeXcvMelMLB1i3xeLu/3/Haj3mnyaZHze/0CFximZnqdTuALX1R+vbVRL5RLXj6HZA9NZuApxVfK0HYCRyznDqfAAY3mDu85es/tLz32NOuEy+fPTe2azVd5gZPTuxcuvHTypSefmd+zZ/7wAYH8I8JSOXJewaDFTkKxaji3yAi9gsMskx5ui85vRQNftYnG/1+BFrKY0aeJy0RhnCAzh4OcH47M5CYKqP0xfDvk+FSLkXmXJixhEdO6HjUB8RDFe/sgDy16IHhE6fypI1UYJ+YVNoBxItkwyXoI9zIaA/Dh3OW0PQKsN4I+JuqOQkOhkTyHx0GHgk6z0sg2bLB+/ImekJMR1wScVeA8wqCwnFIVcuyfvK1IRqaLDRk2mNev3SbdgOTHc8y+aY68/frwM8+m8LoT6esnrb9zW+iNBEZVI4GoTQgscYfGsgnLeE4LcTuQHnzS0gVig77tzmjv9M5TpyPT5PaD0eOnLGK868svWW85uLXsjUlzUVTONLplfmqyXaOKFXmCkOHWuME8tLlOXtmp52d0I1X+jWruKjgic7eoIklSRzTc70T6+sZsgV7INNUihspI9b2kdZHUcas9aya6iXGOXimg/gA6dsvUzR7NDpL1+t3f+fDS55VIGGl6pdZfxFbBIF+R9j5hbNCoYlC25GyDidm6AAAQAElEQVRU/ZhQzmTPvIE5KbtODzActaqULdVSu2cmDu16RQTWMdP++al9c1NnltZG5krOuZEz0OwfNtD3iU5T+c1iJdKJ/oJ6kCtUErguhJFjp8PNdlArOndf7z74tG8+RSXuCJE8m1baGVgmNN7WwzSHjLs8oA70u+4VwU26PvvGc12pNcI6QK2Z9spKIaaod5kMoaJIOCClex0b5Cm01nErErfdhB4ntWqVvOY8Tq50an70z7UHCSGaqMnjwRLnTNY2H3/mL35UgJfwk4WDu5L5iRZZ9xdzZJWYmef3zDKZU3NikbpCTn34w0d/4ifHr+pIHpgZx3ROSuPFeOijY9XAoXvfzf8y7mz16N177GGeJaNT7tZ7+R/ZgRSrDhhLXTF/sqxbRiZGxsn2Gkg0/ZMal2nSRpjgrpNXaLLA2FjAECkkZlNoLHlpvEYsjcW220xH40HWnqUXIp1TY5wYSCpMTxLJP33362cfeqF1Ya2r1imDM42N9EmkFsvAOxlePc2+Gv/EdSPGa/SDWreDSwjTXh0GZz7IOtMsTBF86thHnwevEbGkQXhu2G1A6fwNM/tunZcvip+VfXXjHbvOndk8eXIDdlMSXUKz3f/S1868/dsOpt7CGMm8QkacZ3fTQH8OOU+kgY+PMze0gGlgxGUChV1YIvq+0GZajOup7GKeliGqjufhEkAFaghYr/pc80R6Fus5NHCdPhEh1Hnq93udVrvVaHGptlCqTExPl2sVEQOaM7B91ut3up1Wp9Xgqq1coVCslCZnpmuTk4Viwcu5yDYrdj3x7TJaLT6EHHsR7NhFYAOuR+31ehTQhBv1zbXl5XarxSswPTddLJXyhYIrMOYxp2X2SzwVR3WwzMkMo6+20CUzxyPWbM+g3V1GYJE2D216j1VeMh4BSXfEdtVcg68elsy7Q3IadIyiOkLaZFmEwBBMK1v4UcB+qzoY1ky0Rg22TrOQTNdBd/hglRR7QsxFTdVwZBdhOcZHgmqlR4XJ2cC/3IBlyUA06jrEbxIJu0KElJKeT0o+oHHTTGErpdLHPFLOjfsDYjNg9C9uS0B5U2ENgteIeJHtOvl8IV/i+uMit6q4nouFi6gREfjBJBFVRD39ELFYIPwUVzb3MSoQIUQr9EhCxiRojwhR2QWlRLofEg2M0NhMslI8ZeSoIdqWwftNvFsYgxxuihXGWc5oEQnzA3OWEh1djeJqSMQzgE7OW9LvdluNRrfTCQMB6IBIM2Jvv4jZYcuBSZSenqn6xP1iVDQ9qIxTYxSm50h8I7XoU2KwDXT4opy6kvLwMOfCqyslqs3UeJH/qg+qewU9LcS5laFxGOgBGRjBZL3SPcm0Pke+WgJUZxDGDIotK5wQJsjlp0srj+mBmxKs9YlwxQpC0GLzBgf9oNcDdJM+Eg1wNwnRkmQLuz/VxnZqtJoa4R0VZZBVBTOlIoBMQUqgOyd+TEsEsQAKLyevgAkAWy9whpH0saOa7hFNSJRqTc9V+Xp0CtHIUUQRZqTe8QBTVY0lFEY0nRJhxYBbiIQjGid9PeHkKUiEpH47E14nM+mVT6/xyLg4nDZZ1BwO2VPc+NycsnFCv7B7YXVl9czZc4UCp/5F/HjxfJHspngTegYJl10RFzEQ3EYYiUgg+mOTIdzWWA3DSsfTBrtSxE+CD8GNlIVivlIp88vdbndjc5Ova/lCyXY9gKuymaW28Im6Us4UlkrFjbV1/iBfCXKud/Tooeef3//Ek8c5Eyli9JQm+Qhn1IlYL1cQEFgeo/fcdnMz8E+vb4gX27kw6tsSGwCHmkWo1tnJrxDPeTDAyzgXKRSTVyfBfXWnmC7YmqFMMmdKcFUSK5xTqVRnNuwS5//boe02XbYc9qxur9Jo1RrNOVIsF/PC4Z7PCs+hYShLi6SLjIQzk2Y+QbYYkYETxQtsR+A2EepaUmQGWibAHAjtc8IWkiCgVmAJGB7heexzsQk9AgS2k6BeNm5eBwEGyLEo0qIxgaVq1opSgXAplxOBkeJAARD3h1OwqCfQmtD913VzFlBizhYJQgb0mLEAwffEUbzdCns933Kge8VbHeDTSaSgHjWLMmpRoq/hacGkGCPYWL7UVScnBMBMP+DcJQYOJUyFmaN6gUQEAj6mbOlrTsGXjiL8IFCRUGYOo0ifWHywUPCoJpbkoIlcs2hKX5LV4UoYVlsfROA6Cxyx6fryMh/eCwf3CS8oht7ylFPTvtfze931lZX5PXvAmckqlkvliWp9bY3LAd1Wq77u2o6TK+T50GfKuI5cuFg9fN8CJygY8lZ+qrb/hqOt9cbpZ45tXFx+6alnjr7u9ly+MLEw22o21s8vPvbFB942OeVOFAFAHfoKQuihqoUyJWZdWd+S7aVXKZP9ak0Gx0JoQqAHy5PUi5VcWprwks8xau4hMLhImpouOkt8PaZvLO1AidpYEmlL81CME6LPyRCME1mCEm+0NhcyWGrLhYRGkK0gsMkkQpJiUGTZRi1O0mQ7EokL6l99rivmfYie2jBhEcKLAepJGP6t+wrlUSgnIl2skzAgujda/XGdTnj6/pvIV0+Eza5laEMSVM0PyEPnyBv3Dy2BJq3Ryu6pTUnyQGNTqvmJ6TBW+hLSA8+Rfg/icRq7CX/0zVeKZn3/zezxU+Jd2qf/1DJd75LR0YjipD1NWGKYSLATOXYJodnwALIM1VISDzH5r9AXRSxz/0m0uUhe2anXCwcviliDlqGrE/8wNdyIcsDQPWqsV7qHh/udyItIH5K6peSwZYZPidg9qYyqWuEYARuI6CaR1GvAJX6ytzhPhqSFwj4ugnOpT5IdSfHAv4QQPazFuyxbUbaUSEjN2g60It2ewXPzd3YeeTZwYav05jsuN7BOo9174cziyQtrnGx6rl0t5adrpX1zE5OV4uUU+5Y7j3zwr0c6nRir0AA912d6/Ug9qckjMzfCmWAnMsW0ksSdqtcyGJnU9J603E88ufY37537oftyjx7n6iM15JOD3FCLxWTaXEk1YWbG3esPOfddJ1adzz214vu2Y6eoeaJM9S6NTCZrYhJh1VNMymzxlqO4r9S9ZLdcdjp86JD2OFlbW3/fT/10psfJL/z8zx05cmREOb/267/+1FNPk6uQhnC2O9gnY6agvtl77BGSQC7RejpxeM/umT85faEehCsPPsp/Vh37PQvTZn4SE0dy//z0n59faYQRZi7b1jvnJowxE5ePV85/4uPbcjoZJ8nRq//fRp9e/e6/mkm3Lta3xffiZYSZOZLPsswrY4ppefdKMWnjp1LuEuogCfmOeZwkdL3yGpP77ySDYiKdQJJcASKOWFki+uBHoITQ7JwMAkYr653xXrmfm9JbjpT/wVt2/YO3kP/8iXOffWIDQQVSllpYoSy1LkikEzKIdGJWyVSlUL3ayH5hyTygSqGp9qi88gIZdMdNvkt/BKaO/MqFb1xoXGhylTdDBQhB5BKSm8jf9h3X6NKM5sZaoDe988jFP3yy3emD3wkCZYi8jz29fPMNs3MzJV03xhJ1GHZM1I0ku4ukaRIdcj5mwkdgF500EvP/et1OEPS5YimXz7klEVXHKRbsXJ6PEl8E5uCK1KhPonZX4AYwblZ3ncC1+ImX9ziz3ut0WhuNxuYmPy+UqhNTk+VqyfFcrg7td3qN+ka7VecGHj7MuHFkcnamXK1WazVuiRA8h2JiMVFj8KdrDqMh/hDcBA7aVAWZQfu9bmNzo76x6fd73Ciza9++2oRAfUCmBdxNhG37ZdEpmS/FlqI5XGOcWJaJbEQltMPAblK2gxtut58M2UckdK5AjBNpmITxytXy2qckpWjQPxGHQ5eL/8S8rMEhpN6ebr7iJmnMFw9WODWFYsKr1Z3SwD/wmcC1Q/lXyCsK3A1SIMIlhCzOzUi6FrFUQDO3B8OQh7EdmjKBitZCFeIwL17A5aKzoPBKt2muUChVKqVyWbubSGcmxcFBmBiirWwy9Izva1idgDfA9+NxhYPPIrpFEmlAcXiI7jQysdGUib8n1EAiONIt6rgOgTAcbs5zRFh5sJ0QBdYCRxxUTE4Z4VET4f9h2Ot2O+12r90RG4CVkE6VrJRSq2TvDxuPLGQMwiHfeqeSflfGyHk5SNnWacv2MxzkqahpNP0kY2OUltED2YQikQNnEEvKs/LZ7AVC0bcdpb5aaB68TtO5RiVGtOoLQZaAavG5Hfr9AAJLBQLKCJopph54miASEtjZFa2WMFR6HSIptlbatpQhjeKjSM9xuz6T/oQ2TGvldwJERfJz2Ikwo6keCqoR8C84EWmSS4gMESSCBMmXow4v/mSaJZCRqWE1QHImtlOH0tsmAnc0AdcmndJC1OwRRRN20OlEKmwplTFlkTQT7QICFQLWxRKemSmmectPTq1KtTq/MH/8+ReWV1emZqc9JNsyMEfG6MePEilmiEZ2zHPsxKBOU30UBkQMHatQyIeVCv/V43bNbs9uNrmls1iqCMAVYknLiyVtOHwZm5iY6HS6S4vLOS+3a+++Wtm54/Ybzp9fWt0I65ub+cLGwq7d3a7v+4Htuo5LHYsdmJ6++4brzz/wZWHkF13hiqVLstUR7k8UzD5NeETiSsknCghBnDn0oGstfZuQcYXbb6UdShaQJ3M04dRgCbJOqVKVijkO1EU4kkCwpkj6LVqUC3gtPsNzrh2yU81u/sIS6VXd+elyscCZjCjnCimo06M+Z7wiCwzjhEmMCgJIJxT8pvkgCcDM4tiAnEMtB4McCEOFC68WERKEdwLnCAXSiXSr40+2Ba5ULxJIW3zyCX0rA9cEMcwkWonluBZEWZGtRqkYSKojMTjFsETDnyBUkYiUFYJPccB86QQAYFIOnADehgBVYlZoAUcIjeC03+/3WxZsuhfPISvveB76JePOecnvyUgP8XdhepXR3+U1lBiLgXkYhniE2FtcRi1P1HoCOq/d7bYtdB5iic6BcWihQVd0n4hFJIDJAZQAlyoRi0cvBNhzclUTjK6w/lDthp9QmBOS0DoNJKWbkmVbgrXhJK1Vr9ueMzEzlSuX1MZTsUB4+Ty/3Wo0N9c35xbmCACSVaemeAMDsaek1+HEmdPmclmMIrRTwWzgxBHDcApm3bEFnJpj+yzMVYrX3HLj+tJyna9DZ85Nzs/M7t29++Be3nmbS4sXn3/+2KP7jrzuZneiwseqhb41kr/BHazZDZOrfIL5IN9KVzNd4WUvQ0pk2mJEiDIwIUk2dt4jxU8hi5i79AwrV0YJ2m46UIIyTin0FLn0b41xQkiiZKN8pQFUGkEqBR/hU4KQA7C2CMhedR0ZWQivgzDSmBOrRsBxUQITqOtZ6esvcUZLRooV+1TAY0yE0o4Qz4DNT9vfftQjW6XFTYl0gj3Z6RMyth3Wtcl33UL+8KshRvTAxjBDqODHB0/RN+4fa6DREQNy6D26U6P4S8/GTgTwGcg1B9hclVyhtLtK5iai5brF5N5rNAAAEABJREFUDB3004vkTQe2UYgk+jDCKKFsPMGcZGVL6djLJYdVWLa01PxdMjQlJoguzSx5zPMRR/NNmef5g27Gdc60NZUykGlh2vQ7UeoIqmwfhGqjCaMJdT/W1CxMEphhGCdqelMit3EopBPUBYKviZg6BrpJrNtE2OWo0W+SIakf9RHIXaIkScuNzRTwEo3Zae3nR5NSpFnP2NtvHBwdM8nm08T+u9i9wByBOsvI4nOuszBVIZeaGu3eJ7/23DA8kj2zk992+5FLLn+mVi7kvE5vdMCpLeZl5kjGPtN35IfBoZj5hvj7qX8p0fsXiQE2C9pf90NfvPDuW6eny/YPvsH7g8/1mJoAlGIoSKLWO7m2in8iiYOiq6kxS6jCLOHGl3/6XtGZ/SD64KfPUVqU8wI1PnJBxCsDSCckHp8knlCy+XE74xmndELGvZ1lId///n+MHiebm5vv+6mfPnXq1GCe3bt3/+AP/sDoct73kz/5/g/8E3LVE9uRLJeUWg88wBhLIZ0Q9Q+/sruQ//17bvqj0xdPtbr7S/m/uXduvphHWGONdAKQjuJ8Luf+xu3Xfujc8plOf2/B+55d0zM5l6lRCpjulKmSef7u6vLqk09M33Iruew0yGHQeMJ9K+lOiLW18T02+HPwWTaQeXsdO18h1SKpt8nLlWaqZHrbvova4yR5lSZuD/c4MQsyL+O6qjTmGilEcrYpmUhx6Wp5ibIUoYNSOSPZKlMs2YrxTuL3al7px96yGzN/4P49nmd/4pE1tVpR/TKqSiBE1RP3AGFoBt3IoWmAYUn2YrweqwgousxEZUmCk6WGLyZNXYFzvxOc/OxJwatZ0tckgp0FXNS763tvsD2bJJ41HB0gFYvu2+4/8rGPPI97iiCsOHwRan3ii6f+3vffyAbeOKw+g3XL6ImBK9taOjMzh9JXEOEpuGaNOI7n5tx8qeDm804hR12hShW40cwSESsY65CgyZWnXHvGlZk5hzm2U8hzdeXG2vrGykq31eEaqcmp+cpEjSusHNcWgcQDv1Gv19dWgqBbKJcqk7Xq5ER1crIIBnLLxuEvrfpEDZlRxkIZyNZSVihu8Oc1dbkqbH11sbFZ58XlCrnpuZlyhZvh82CHkWCB6NGkwAMSk4JeYX2WachkOkELtGdAwkUjEXRm5yujTzL9WlLZzCvK30K6HeDeSRZbAyhu3UHVK3Y+GhsTMttA+THHSxgh27LysESEO5oR/mOYqZ7pE4ajzkp9JrwPBk+9o0DCnKht98JqCbr/eO+E3v8xbFCNHGxWciGmkepqzT9DgAQuL1LHdXP5vAhTNTGR5xNWBGYV1lQGUztisScQN6+gujgUcOswbbgdBKqtxiJVdEKeQNug+TK0CFrnZCdvlVhqfoGESzWWjNh+FYW2LeAQxH/CbugIgqDcx5hUtUvPAIKullQCgor9vRKjJYD4Ob1uu91ptzkxkONZQSNHCVyErGpefmI7Ukp2inmFzEl6JV+9w0nKEwbrwxJLHWNKgGQ081kjZYLjklgcN/zW4iNa1AZASZO9ilOamXQgwa6hrD5ijWbp6+N+ITb2op6kn5Z0wKDozA9+FKGYXXxuALoJn+rgZRZKm36EM4vo5UYc0ffAstS0MxhVvSrJlwOgAJ5b6pYl40JgsDRB9bnBzqZUO5tQrSaAhoJvcqwwgIgTqJ1gyhcN10cth6KFVfJJlmTHlU4PFh2VE0oVTIKlyxHxw/pBX8S5AI+TEOKKRZFUpjOigniQzPA6l5aoOjD0EIeVSbHLoltEQ4EDsHGju2R4mWwek7xx5hwXZgpbuIzM75pvNZvNRmtpeWWiVuVMDyekJKYaCc4D3IwAiAshuQKBEydCHpglj+fTGi9Q6heT/8U3KRYFeCf5fD4S6DKh5zV6ftjpdOr1hu14hWLRhng3kbR5C8M7r1OhUJienjxzurW+sjY7O2sXrcOHdh+97tCjT7zYaDY362vlaiWfL7huvt/rCxuoZ7tB//DC3F033vDAU8+SPLEdDKNjx/VRDcSeUTYmQqQ+lzJmqt5eTdT1lZroOASQGcZ+RWoGNRHMpNTxcqjEVqb27qr3ipihIsiYwwWVQse21ro+7fbI0nKe+hDTs5TzPEuVHVJfiDgS5FmwWEjPxGy1LVdyRCCkMBnJy+HSotoEQqmDEbA4dfEZCYgf8NzCBZgAek7UFmB4Qu8fweSHbeM2oE8IzzMRyhAwoMAkgG2m2lAqRQLUokIkVxs466gLJEyMXU7kfYCfcGjOEqFPEDhOjGwS2RENqQ72GAVhv9PFwEcgaTDbEZhUlmMztd0kXoRNaVx37Gs3JWVypnx8LM5nc8G1227xrpM44Qw/TqT5AkhyxWQqgAWLzAAfSOaZZUAdi68noFMCSwR9ImBspjTBDlCSfIeRYrULkcHMJCBBRMSGhvZmffH02b3XHnZdL4TATH4QOo7L8oyviBurK1xCrtSqIvaTiHfbaWxsBL1+j9qteqNQKpXcKuhdCFG4lNBqsYjyVziOLZZkPsk8pzo/vee6w/x6e239zHMvVKcmuBA+v29P946bXnz4G8efeKJYK+2/5Xrq5YjEhrGUlU2LChJgyPwWRAmE+EkYG0f2+FZ6FSXFAhq/Yp6dEhLbeukLy/7DZzsyo8ypbbjKc1w9/56bStWc0OJ98Xj79LrPjKcSb5EcAGNGOQem3LdeV1QjbxjGScJWp8sxGqXh++T0Z8jaSYudCTGBfiRIciwiw+tAgYKK4BWRH8CQ5DloWCP0e8wSiMjDL/UiQDtkocQ1ESQoBEsexJr9ntdtBXICaWmTRgYwRLtPtpXedph++NGo08PghaFqCOzVg+Pxi4JkDY83G9sZZRdTkgF2QhK8Rort2BFe7pmXLK3DRRX3m28mVzTdtZ/95ZMJivf8Mn3TgbFagsRVe92bi3YG2El6Hg4mmiiZH8HjhCUFXZpxjB0URh4zn73Sx2QdONNUTsTTIVRJN0yvPkxBeSpqQTL8TmQGEktTisrIjkr2KtUCFI3tqeBxEkWK70UVHXqcGMCd4l8htaIu/7nN5967+9szv9+Ta18DzYUNsU4k0omYSCDzU7kQx1SXSGfuDAghZhyJIkZ0YLiw1LkxyMxCzTxqdseXFN8zatUv5Lf2nBuWTl5c+8uvPN33g2EZzi2v//GnHn7rndfefu1eckkp77lbOJ3E3ceGT8HMW2xIZpLmF5OEUmlVkrRVPcCvOLmJbrPxm58684vvPfg3bvWeOB0+cTxQunL9lElVZTnxXV1FFt/l5f/0e6uzNcH+/u7nzm2s9217LvZZYcYQgLFHMpBOMtrNBlqthhMb7DVGRg6mbaZjx4698Y1vuHDh4gf+yc9mepwQgYCytrq6Oj09PaKc48ePk1dSYsOHFhl1a+vkry4Hq+vuwnz3ka8bvJOKDa6IHV7ZVSz87NGDSOa0IiuFcULUqJjNee87vIcZxgqzZJYsmR8vPvDl2v79/YuLzvSUNzNLLilRNnZ3pJkTlqCqr/HEkhp5vGT+ZMmfJEGSCBk4J+N32/Hzje9/XeH3vhxEL0dHc/Xn999pv3ihcfPB2jYeo8lD4kiyPE7gmLwQaxBo+qL21YCjtM+RJNIJlT6yMdJJpndpJms9RIfMEFmNaohizTzBe4/sLV0zX9C5f+ptC8+d65xe7AEtVyyUZF1jpBOKApWVMPvEXAdJKg0GORWSaBlTxg69UihWSSqNEwUaywljybtyyymRSxkhL332hN8ToJHa4wRsIOzoWw5V54pEd4YsLamHhxL27qvdesfCo49dBBdNLEFsTbiw0n7i+ZVbj87EdTBKGzyadSPK2df8TEaPMLKF0kXzgRmJJk9gbycS7shngVvM5fI5L891947FbdSex1Vjfsh8wvph1OaaKMa6NuFcAueirEKe5DiPTv0o6jZbjY3NTqvNHypWK9ML817OE25MlPT7/Waj3mk1bNcqT01Pzc3WJie4lYEbmLlFANgJudMjNBxBFIORbftgMdshlIKe5/l+sLayvLm+0Wl3uG5wYmqCvyWXEwK1JSD9LQx9jpY5DChymf4cprluWGJp34WEIROXRIIoFHCCKmJi+J0oPTMzX5pSvKeujKhMOvOQp8xG6czajSOSTvYMY8qrktFdRlQY1Ka4T1WaIBEGKZ78jMWTk6W2BbDBdYQNmMB0zyQrqTnSmI1Jin9moSSeUoahIusbiTIQ6QRdbAmTOCKIEcJPgiDScDVkq1ExIlG1P52oKaDYJP3pRF2EXYEreV07l/dKlTK3nfA567rczsjtHcK6rC3mzGg+Q9QD2MeItfV9X1ebZns4UcnsgbFCCwXaJESz3CC2GotMxc0lrstNji7ETuAacQ8MH/LLoj8ZU92C70IDkDAf93gjusK5Rvib9Pn078PueSbmtQ0VjtB5hTHpd2MOFyw1bqRRuSyehA27wNhoAnWJw2B4gQMzXX/fMSjAy5zUHNVaHHlZKXDiFjAyIClm0ITUFXOlJvHAp+nHWEyNU8UaEz9BBIxXUOOoqc2wOhKDmzHrlrqZ+p3JvY3+uMC1kFDOcPAsE1vfuemTmyG7PT5BIm4FxU0mEGzEoJ6SvQKnEOm7wiKq1yDLssxqIYlHgok+JvIAJ/IBG/4gXAx4lBJ0PcT3oWcelagESFOMqalJtwIawPlL4hVHkh2V2+D2cGQx2PYZheh9Q5AWAKwTJxq8Zzj5ROJNoTm23LCqCwF9C9nxZIhT5roukm0LDzrofcEB6MXeGAuW0UPyHrALwkzBWLlS2Xdg37Hnj19cXBR+fJ5rI29l8quKUuOaLF4Ezoa8l+3k5v5xE00reuTTaYY+Xoz5cEC/k3K5HNabgR+0W61CocCXAD5cUGBgKOKgX45NKuXSVK22sb6xvrwyMTdbylfuu+f2M+eXO731zfpSbtXdtbDXdUt+P/DcyApCvqaViqVbDh85dvLMWtdnNCCWh++WXYpspVIUwNjVjjKESdKDbrRoWKY7SMdfa0nqBEf3z7ZXJqNA7PxIqThxiITZr9EeJyp+QMwRCuQHEeGp51kbLHR7/ZlWe2Jzs1IsTRZzrkBUE63w+Z+QhMAHHIaFcJVSK4EwsdsWN+GFEQ4hITNSzAD/5y0RqUzAP+ZzofAnYyGNrFCArzDqcpJk90krELSZccYLgo3BvhGGNM4HsuRGnLHzCLVSqw+V21LFa2GTKpA7PmlEnQTkhvgvCLioJjxHbM/G8Q5uf9AJwuVQvSoSG004F9XpoE4hR4QURXIuuDsoqspIUu7+pkhskBjCzyAKbGpz4XbSn+s0W51mE4CTtKZGJenHZgPuacgiSyxCFMcw72XkSC0lBDFTGBNhK0OMskz1CqcrEJefmFAoaNnqVBaFa7GIwuRYfOVbOXd2cm62MjUlvqkDi7RDXJrnjwZ+b3N1nUsRYkmwaKla63U67UY3EEF2uNjeyhVLAn4QZ6XYFy1iMsHCGtSUX7AAABAASURBVAGcIGcpBEIPF4Yszzt8602tRqO1ttZa3zz93LHDt9yYnyhP79u9ubqycvzUiSeeWti7Nz/j8jkRwein0sMvIhlyhPlRCNHqo6s4GNl4zpffSjuUmKn/iwyMEKY8PJp+eHZd4HwiSWaxDYwon1EoCIh+P0RtGltuhWfWAjM/0buoNSaK4ubx2YJLadKbRB/pMIyTDAyVuP7ICYELWqSyQGNjfxFwxBBcs0JQEiBDEm2Lqkhv/ApF9xd5V8IWZAoJz57uYdRAcFQUlCqCoyjEsooF8raj4zmdbBDEAsQWbel04kfk+eXElZv2WA+9aEp4sKOdgVsetfyIfepFsicJJTBTJAvxlUxVgyk2ok7YDLaUyEkMB6BLSz2fLC1LP3b9Zd9yPbmi6fZd9C+fTGjJzm/SMXkqtXqosUfIKLATdZUZooe5sGU85aTyZNhGsEh1pMkjSR7j+Z95fplHMnBOtMAZHymzY1aSmm5NcoorSZGReFqC1YOM7XeS7HH8OgnnGxQNlXI8ihCJJEY3iY9UnkN+yHqmcfLZ+vEbqulYMxELv3j+L5H+4NY6wDqS3ickbh2TJdOYjlmUDtQ27kDTdW7byZzWVJk+jIP6f4vSxX6aS0rfeOHsFx59YZycn3/0hV4Q3nvDAbL9FEZb4kKT7NFhnGUOaUhUcUfMmKeMpdglFpcV445QjXQi8UUIxVHB+cG8Zee+8vjagzfOvv6a0j9/T+GXP9J+8kRA9GqrVmE9FqiBSoKCG1G6bLnZJmI//d3lt98iFp3nzrX+4nMXKCkCHGn8bDzGlCdKEukkosoXSjbLtNKp7iBZRGB4X19W+s3/8lt/8ZGPLC4uheHQQdjtdv/Bj//Erl27RpTz9NNXJbbOy5f4F2x87COtv/pYf23Fh63WIegaOafngs5QZkJyloiho8KJwe0owa0R7Y9iYqUwpnQ54NOvyTfmKee8oudxspb7/KdOfPqvAiH0h7Q2Of29P7jne75vnLZQQga5DDp0YWYDXZE6GfLcQOIav4v+5krQMNHt8tTZ602XrS2i7vHhuV4PWt2o1RHkqFSwSnlrsurY9ujnCLcSr/WYn6A4tOyQijv+JGIDJ6ZOlOjvNvBIKn/i1rbYuc8/cuKH33jNH3+13w/I1Ux5l/zwG3Mff/DY37h793afpfqgjnTgkpmT0sRN44wmc0pdKGgbUK2kkEKSSCdEqRw0P3DizMYb3/dhou2FFDTNlvWWD3wcDHtURs+Bu+/4xc8SYuxnJRJZ3UohqUh6Lv6550gaOfAn3zb/L/7kdEyzYzMMM45Yc0KHu64zsz9pRkcz3YeaE6ZUWyiYZPdovOLQRKXYEEwRps6bF5uLjy2KqDqgNoX9ZsL7pDxbPnLPHpJ41uj/BBcqSrv33r3PH19rtH2I5YwqaiE8fu6h89cfmfJcy6zhYH0SZSavJ/sDG607LzvRkT8Tj+JJFIRYYa4WFZglnlsqcAUUXwB6/UCgJYQRn6DcRt3y/Vbgd0UbXbtU5Nlo3u1za06v19qo19fWQz/IlypTs1OViZqbz3OjR19AEXfbrWazvuF6dm1mZnp+plqruDkX9triaMHu1fs6xk+4KAkj+mazxe3NXNnFGZv53QulcilfKKANHrIBiry0fUhfyh0Jr2Mwy3TYrcGTRFL2J/w3M88Oar1G14rGXFziolaNxqu5oSyl8WZ2uXSJTws9DwVapn0N46QMVosMUQeM3SFsYGQPPkiTEwLtW4MvSjRWPSivRGCM4qOeYVAaADgRtyBIw2DdlIF2bI7C1IkZSmm5vZaiMMhyhXylWs4XhK+Gl+P/i91cftgnAZpmMe6Mppyyz7vCSyPgM4WbJtDvClEEku47yQqxUZU3bfC675J9lsyvlwMEfbctL1d0hLeJC2OG6lkgGw4/ZPgP+MIiLkYYcqrSabV5Q3zhetLz+yJiiDByCxHKQt2aXpgoUHVpwklWKXNeZYytkV8P+V0y0DOXTV2yXpQoX66Q5DJTaq3ZuWqbAqC6JNdvWXe1dZCkO3mgUYyRLdhyRhIq4sECYtqVmce8pdf9uELGUNcEjWYxL4Mv3ZFETerFYp0X8FwYIgbCxESAYyTi6QRghfQDAXMSIIgE0hTZColQIsrBSDr4AsExKnZVT0lsjHo5fjaFamLpE9ilLzxOVFQ1isotMoBbw1B0RKNdrMiLv7MlYAYQAAwFT/TqFVltuecMa8gSXUSJCnkGUWtCvw/+N4JMMwBHEoo7EVFQqWWwQyDMElGTSdjlyJVJ8GJqiosyyE4I6wkgkJgRdlJUNP4J/S/YGugBx3Fqk5P79u996slncjmvWqsW83kRrge+ixwrpiWfCmaPgI6SQWQ4/g8nxDbAHUoHPTV4x+E/IlknNZvNxIjWo4q7XJVVLE5NT/Hh2mi2O51uvV63bafKGUbXEYygxe36gQ0xxXnK5/Nzs3P9bu/USyfLU9O2G+7du/CmN971oT//q1a9tbJKhFsTV1wVat1uv0AdEQeF0alC6a133fWJB7++yo2mVRcCmoDFNEKHR0qSAIqq8nq9DhnC5CB6o/AtsHXXGTSXkR3TXL0qk1xf46iKw1hYsq3EjNmIBRBjTU3TZSrZfKUBlcG3xIbwEAGhLQhYyM3jTuhGPWJvsPBUq5lbWvFs252Zm6qVKM/gOTYE1mqHHawAeswxiJqDji98ejrCRyug4NomQTAsLkVaLqhJ8wIpBALs8OlJuXTE+6YXcZ6EW/o9D+K0hF1Bm/pcIhFYmvwZ20L7Ar/sQ1A08SLHA8Ie9wJFXBPQ92LvIBVEFz/QG4v+CYOITxabCrw4ThZwUAsgI9cVqrd+xOmhIr+8ZL/fpei6x8U627VdgGQRyEAQDk1BTsU+b4K5TLphUXKlwBhfCUkv9gTxYiwRZKc2O8ONHP12D7QtMmAERSVCZBJdcAPBQcSoHNPo5SkRyCGBmM3/hD+Ho11+iMo+fg3VBOS1cpCbwfVelL909hxntJ1CkQoFLxrRrMhx+AcFEb1ZKBUEvS0UytVqp9H0+yL4XKfZapeaXCMgHAYd4cjIKwpE0eLLqzBk8WFucdmD9wwNIcjOgZuONtfWV0+dWzm7yEn6kTtutlzryG23tBZXTz31TG165s53vIVxFQCfKaFSITswSoVtRs9xzYqZtEPyCQbP8K30mkks+cP02CBER66JWQnN02utmfY40flx/lHzCssoIXV9ML95ZdATRfFKUiSQCohU/cU1iyrcJEEbYkbQiCfOFHciuwRJAATioagfQBpiqdWBEaXZSNPheidaXPaxYNmfIcUjAeyTN91QIuOl9Q1qStDt3hb5XYt85gXy5JnE5LWz2WqpHP3ThxJXcy75l9/BMnNji024SpNPpmRrmnlp6cK6lH30l+VL91SZXNG0p8rwc+u03CTbTVpqMKkmMzT9athlc7RM7xCDn1RNxBQDnXU+JsbJy4J0MqQmKmTOML8TzYEqAWlsvxNCkwt6aizLo5RLiTS18wUXZXwtHIPUGqk8cpWH6xFoCNl/f+F3f/SaH7m5dlS/qRU0/uTF31ruXgR+zY59SkCc1qYNya4wouCIFeNtdJty0NFtkHfRRTs19UZPzGFXErOb6kqNSo0OVwQGOXd7kvsTL54f9DhxHbtaKnK+aL3RSt168IkTxZx3y+FRrgODiXNSzXZ3O09kzsLsW1R6ZCY1aKq/kllVT+q1TH7rhK8kMeIrefmZbvPcr/6vY7/0YzdeN5/7399b/H+/0P30o32TBiZXyXSZTPl08iulIv2p95TfcJ3wOHnhfOdf/M5zsChMkXT9aUKeSyOdaE4gfoCxeCU0+2hw4o/qystI589f2DLPBUjk1ZZ2UIm58Vu/2friZ4IoEn9CVQknXBoOIz8Ky7lcxcvF5A8Vf+oor6v9QSy+Lv/HWg4imrCBK7uq1ZlSib/aR+R3sd9DWHP8leWTv/VrrfPnr/tH/3irpkhmKJsusYGToTm2l453L/7WxQ91g0bm3UOlo+9feK9Ls11I6s3wuZPdbi9+9cq6OOZz9PqD+Wo5+yluA35gibxYj8J0lcXvkkPeuYfO5racRno6s8HrxgnLujWYXx63OzC/9vTKRNn7l999+I8f6j51ehwvwB1Irzti/8CduT/+3IuPPre6XacTqg/qaJgc1KKtbiuJOD4aZzobJRnFSaQTzeLoeOt337rr13/u7WaVvvL0xd/48FMf/D/fYV48dq7+c7/+tY/+8jvNi2vN3g/+6y9/+lcSj/P0rv/jS7//C/csTCSc3f/ef35ibbOPIsyR+XQUohv3FPfM5M6tKFd3pnYLWDHSiWURU9yKGzlwrnlgyazRVF/K3JI5ppo1JvrfTAUwM/w5MC9TR6rOT3zyeESlMhGQTuBo0ZvvPxJXSJYmVsx+T4CC5HIuMcsU7gvWm9647+OfehFVkwQ8Tvhfq9v/6hOLb37dLnMs0IGjrhsx6mbyaamTzJTuXUa25tIgcXrfDXzqOtwqNbdnwcnz1lkBV71alpvPtzrcruv7vO2UdrnEmxOugcRz7VyB2zm4ds33g3aztbGy2mu1KpOTs3vmy9WK7bkU0ES6nfbG6kqn1WAkmN93eHZhtjpRhdZFYKawlbiDLL7sZ8OkF9tJImUdx+mAJnP+s9VsNTY3u602V6tOTE9Va5VcvqAGUCweaPKUVFVd7mKa6WtivjGhkRjylG4mau/NolInI967raQ1JPpKCqJj0PsEDUAYBoiCJ7TMjaHNwe9ED2j0HMAT+M0MfQh+cQV2YtTJaJ0sxdSjmh07pPmJiDqJTsMHtReGkWfYuoW30BVKSHFCFyoU8Ai/AT4ngCei4uyot5hkX3760Z/KbI4sSo0ZFToNQkCwCIIUCcVvsVyYXZhzHLGZnR8R3ACBtJEhj6QJ0OL8HHwXEW5HeGdA6CthhY2d0U0qR4yhob57pFyO1CKmom+kB6FsSGLbQty9klSCB6QAqncR1wRC6vCGKE9b2evCMAxyr4LJEfZjcDcJAK6g1Whww0rgC+M6bLZkCNRtyZjR8RLCZMQgKjs28bmT336Q5o6cg1cnSdZaQz5cXjVYFsWjyS9OtiIvuhpbV0ZzmZJJpPICQwUNhD2KB3+i4+GjUVVI6l4UNyeeesJwD6htugRp1kl5TZjdyNiAw5CmxhJ2AcYPulAwVTHFhch5HiUWF4qTF3VEyP9nLOc0cT31XVSj6KCQrE7UbjGC+5QYN1f2+9yCKBwrxLzwceePkOvCUIXPA2ZSNigun1rxm5j6k01BfsxSyjTYcyLphgUWeaHBssVme/gJDgCQLBp3h9F0psGxgCADiYgsS67+mgAKXBZ1jrKitGwih6U+uMFhwiYIQY8FjIAYCpxg9P2gLxzsQF8n97xKDjvRo1Gs0VUs/c47nRhdLPeEMeWgjYhMGPDM1s53yTrqyqFejymGybJQVysi1yzs3rW6urq0uFKtVksIVGx7AAAQAElEQVSFYi6Xc8CmmChMx9IDkEMcBxDfL4oZESZp6ND5vSX7oSZC3AD1S/i7OE6pVOpzVVzE6o1mq9XyPK+QL3gWNg537wHIhGXzD8mbNjM9w/U1q+cX9x4usbC3b+/Mna+78TOf/yohXNe42agXHTvPLaq9fmDnPL5YFCznwNTMTfsPPfjMcyzwLZdLOGKPCze0Q/9qoSuuMO4xJrFCmalJai6WlFB6mezXKyGN04Qt6bsuZPAkVdI4rxvMwpgpU8trxCQqmqzor6PHLAV/ExsoBkZNAPgmLuD5Nmu59gW/b2+ucyGm6uaq5ZIlQuNYjM++fC4XRD6nHWGgai55QeEYa1lO5KjgihHK57htgw9X8DuxmGNFlAtUkc8cP7S4jZ6GdkiZneMFOb4o2BfhcHwCfno5ijhVAiBQkMPA7/GKejniQBQS3PuO0RYEm2PB7BQNkiBuNgQ4AZ9DqQPja0GPCB13Lp93PBcZR0fEScUy+oFkAZlNbE4x+z1CHcHFM7Hr0HbynoQZcFQEM+ObGPP6VT8LMlMG5cOOVdAl1LYmZqc569lY3fC7XQUAkJb6JK2wcFcL40tjFMEiJL7bAJwernNUCQCwCybChZgyrduUvS8XwXj5o5QY0hFRzpwkXs0t2tpYa2xOTuRccPHAzUkEnUX5SG5sbHBxQsCTUqtUqXYnO4319V6nyzn05maDs+u5QpHEzJPkAPC9ESy5kdghzicJmTuwr9/qdjhVXlzZXFpbv7g8tW/BJ+Hua699Yf2R4489PrtvYf7otbwODjoMEuwhGTdPajCUcJKkQthyupOu0SPTa4DUv9pSzGGzJMYJoZleIyJPJu4IlfuhpRCYfJYRvVt6SJk4GFlsV0tgnGA9U28khn8MTXicyESRcse/pbSAAXfUNSbD6zD0NRHknwloqkiZ5jEQDzHPaZZ32omlvoRZAlwTxDgRMhcc+fR94zVjxaRYa5EwMHqG27DHCK/z4/eQf7XGNluXOIN+5B42n/bnoKlAECgEJdXMzDxLkvJRLO04yQ9jqov9UKlcbplbppxDKkXW6MSkqNujvUBcHyfhskHTsrVxZGyQ9xpY5rM/It36fBTGiZKj9bl8dvQ5G/i4W14fco59EyPjKOcJtaqSLf1OkHSoFYka3WlAfxgdzLQaM+7+pMuLLBR0CAQ1wsh9Eq12iagWi9XsJhIHReRcKO15w/x9f332k5889+k7p2+tud6J+nNnmsf3lA7ur1x3uvkCARLAZLUQNkkTS027JLigVHyAZo0Mxzhh8YcalfDzxwMrY97GGsRExjHm2RcfO/7Ou7eBO7TZ7HzxGwmPk4Wp2r03Hzy0awp/ciHg9NLGQ0+fWlyv6zyfeei5Q7umy4VtRPP58uMvRlsIU/GqNypDNlnDpGmjGojwVFqrJtlBtarGSCeGlA5rEt61naLjVf1+/V//wfO/8mM37Zm0f/wt+W876v7GJzsXlkO1qkoqHEWDSCex/8rrb/be965yBawzL1zo/O+/82ynzdUdU1Ts8KFJ7XxcJpQWe3bGbmERy+wwg2QlO27gfFj+b6UrlHqnTrW+8OmAS7hcjy+QRYSnvXD7kD4fbK3VFk4nkrSJYwLpBMaUiWWid+gyZSzRd1k6D9PmCP6tp0slEWKb10RYTqI+WHJ88IDh1898+E/2/cAPFubmh7SDDSNEY5CouIxLSF9oPP3hpb+M2FA0nZdaz//bsx/8wK7vm3ESkHG82SfP985c9DOf6vbYY8939u/yDuzyUoxAO6R/fTZa7Q2tbisgHz3N3rxAr6mQ0YnplS1xRZ4SMkzdZGRSqt7U9TFToy2a/4mvnX/s+No/uP+av3P3xAMv+o+eDC5uXNLH2Crtm6Z3H3buPug+f3r9n/+3J5fWuroO20+SA6IxKxabuBL3Yl7JPKOqFGoWRzQ7gphnyiUWownQIfvHyJAJkCkoZ5aQrVoGngpZpUohw//pHbfUHnyhCc9SLn2cX+1R6R+jVxm1qT1VlUziTgdPqL7CYq9/tVxKHQuJe9HgTU2JQHGJSvoz7q4eX9s81xQ4xZyvg1t8JnPd4a4bZ6f2VhhLWL758cRzy1/9zAl+/dvefc3+I9Op0q69ZnrP08unLzQM3BTREV958uLdt8zlPdusVeY5GzinwzssszvTapixZhLj6kdO+z03N83VUeVCCOYfLuC2uCKSWE2/3+GmLNviOSIPbMUC0N0SuNHC/BvWNzbrEAC6OjUzOTeVLxeZI7b5Rb7fbtRXFy/yTKVaeWHvrtrURKVW9XJuyJWtsGsUbYcxb07JoBk7QvA/RZQY+D3YkHrd3vrqaqvZ5OeFUokbJkqVMleaEXD+lkhdxjowqLy6nDSojDINmYwl1I/EEDZShSj7OE0Vy7ICypCBtKVdIJGTsWEPpgrXRm4iELkkJrcpa1HlCYc2Mg1nYhSv68/0ckMNxCDJLgwkyBPR1JaCgROWSBJpEhlUsyw4xr/JQJ+k+kE/LzkZsC4AhABBXBAIp8NnDMGoNInHY7GAZMnxQxOTjik0UTHJScmD43IThFssF0uVSqHo4TgX9BanPZrRuFopRPwSUAWDnVV4yITCUQO8NPqq2sTo7filmX1CEoLgwAoWX5d7xHFdQCZRD2/LtsA/yaZARbxcDp1OYlkz1ulFchs6RtPgOfqi/j0RPafD/wn6gvRggAzGiKVnuu4JQrQOTrKZsRR7KSk1d65aYlf4pWn5S3bgqEcyh8fIB8wTKaQmqTxhsTolJonGwwz/UJJQ1Uh44ahhJqsW014tazBNMmK3iUTNYp0L0mXJWhl1ifUf+BBIxAa51xPBLNp4l54cGZScmu012Uqz+5iaVkSGfY6wOUJi83t+4HcDCJsl3LMCH+7B1ANLK4EoCxBLUZggqSXfYtmx04kiRBahxuqDuBAij0WkvxDAFPEnCUbSsbndU/gcA9XEquvPqa/h14v3a8mPxzAQDtJvpumdgI9CbQMhJplSvi9SHYFwA8gWgOGVhf0wQBIdRRBjSKvstFY+OXyZpFuJD3HFkE70W8xKgGlSOp3w5IhgHxmrFjMfh1lkq2WYU0N+5nnevv37VlbXl5dX8oXC3NwsEFP5ClNUoOgIaltSpSmcloI+Uys6kYPNymSUtuRJIYOcmYSRuHPxhrjF31Iul/uB32y3Oq22azuFfIGvC3L+S0MrEm6e2SpXKtN+cO7MuUK5Ortv70S1eM/dt75w/PjKWqvHzaOhk8uVLSvHDTBu3oJYJtT2inddf/1mq/Pi8krf95mNox92p0I9qMFmKSkDZ57BMqZjaupzS5Ee8q1EYhJMs4RVquMHjCxi2KWxeVxCYnmWSkWqNODDcELiHtms77pNGl7o9+zNtem1Uq1Wnsx7jiNJGimCurPLQoGPIgoDj70IcW+EbZ46gsYKpyn+x2V0PuQcJKI2FZgmfAyGlgs+yi4VrgacMolIOIFrdx3L71PxNKNRrw9PuVTEPAuY8L0VY174nUB/Wo4L3ixCNJW0DwmWBfvcbUB1o4L+Cl4JcZxgWfJ7PekyLRzCHaQwPJuL/mTgxguxIgEEkkX9DgW2UTyQj8pusSCcaTDqGLWyPgsj7Jtg6OMaCgMYvZeRijo5rzojQtU0Vjd67Q7BKMViGZM+gcjJEFhnGZWirgV2X0UidfhhmhATIUwntQS0ko6Ppu4rC5BiVCDB8BA/9BRjBidBqbLX9LvtzeXlUrXq2TkRe42L8eAS47hWEFiddqvQKTgQ3tLz8lOz836PP9Hudntuq90tllw3RyxL+qrAqk4x/jMaARxhNee8vYhO4Dl7rz1cX10/+fgz7c3Nk088y/l9N+dOLcxP7V64eOLksw8/WpmbndhdAjnThsZgn6AGTLeLkaQ6kn6L2n5TJNPbgxANhygxS9KqA8Y0g5jGI6HELEE+JecSizd9m3d1maoiJFUmycA7IbErtWQqMsrE8iRCCVE8HKE64A5TUxuBkxDdBN0NpS1b/LIYxiwQcyY+JwYTq9PZVV8a8wDXRPRSCBKRiD5HPZcc3TWW6XSzTaJQN0Gk1hj79sseed8byK98ilxCuvcIu2+/eSFe12OMz1ioVP+PUTKlly7LY/AEprwK+KtrpUstaztpskQanYRSaa1Ddm1l5iFaBJMqEK25YaZUoVujZLfEbflEqtiUlEtiDbxxfCVjnGxRTy18DvE7kXolU5UPD4i1nib9TohhgTB6K66CkTEWQplCOYHLoVzflSbDQDdhBH1NQIS+d/4N79r91vncLM99x+TN/+mpX/vL0x+16CpnXH/g8I/fOXUfv77aW/rMub94dPlL6F0jkE5E5WR7mGwz4EGi5YlIrpqOxDghqv6D03D0xKSEsME5SZPuLVSS4tHp6RMX9s5O3nBwnoyXHnr2NGfh9c8bDizcf98NZgbPda7ZM8P/PvfoC4+/cFZff+T502+5/RoyXjp2ZvmJ4+dG5zEmFDOknmFuKPKqQRPJgEqL6tupAhIrmhyfWmTTq1h8183PhiIKrv+B33ziR+6/7rtfV7puwf5/fqT8l4/3PvRAr9OJ11CacAmkmnnbv8v+6e8oXbcbvd7Jxx5Z/+2PvBiKDZE5y6rBG1M2TmPtpmoK6lrFazeeaDtDTB71qBns4cweNYb0N126GgsYpO5TT0qPE4gkG4AxRSOdIPxJqL4vU5xVpNWrTFNI8zrRGtYUJgoxSjCvcyEG64B/0utFXcHzlcce2/eu+zNbQbfZY4n8A0+Oz4r4LPzE+oMjPE4wrfcufKnxzPdO3mtebLTCYR4nOp2+0J+ZsMvFhL3/+c1RHieYOEf5+Bo7XB4R1URSiMHLA8fMW1jC4JVU5i3SSkOi8y2udv/9Hz41O5l/823zP/GmOa4ofPRM8Oz5cGkz4lzW5aRaicxXrZv32rfvczrd7heeuPCLn1zkGoLBOoydDD0w1b+lrs24RdOZ9TFpr0vxddpXgxFlb8C1nlpGsYN1ylqT2Pg5M2iwert472Y7Y5B/9x1T/E//bPejr7/U+uBX1utt6TGDSCfUiuUoMqT2ZMRtGns/S4WENDgM5DTXbNPcq9Ztor06lNBx4jMn0DsElfIQmVts97rxrYeIuXjBariy2PzKp17E+Bmf++vj7/07hcnpYqJMQt7+5gO/96dPI2IKU8d+yD77yPm/8YZ9RI8Z42jWjWj9k+IKRix/+H3i81FpqFueXMVta2J62snnvFIhkjURfjPtfr/Z7XIzRMBtVXlXRKVynQi2RuEy7wdBo1HfWF0J+v2pubm53fOFconrR/thv9duN9c3mxsb3PQ1NT83uzC7sGfBdh0R99nQro2nswQbFw4i3BYdsU672eHasI6wQOfy+Uq1WiwWuVpLGSwjw1xncvhXanU1G6VP9BxkWbMx5WuiLzJ2pSo5ZtKLNWLJEHA6iT8A6K5N+4Lm+OBoTjyiVntUWYfqQ2TTnMyU6hDzp7RPSqCR5/C19AAAEABJREFUSL5OiCk2UdM2USWW0bXZvS0NpcKCiV4mgY/AJgDAgUZTJscvCGVUM8ODHO1WatIUCwN79ONtkGIkU5vkCoVSpZIv5IqlQqFYhEjOQJYpUwZbvarjYgH3hDzF7Rd+p9Xhk4VbGQhhykUjuwcYG+ymSBNfWcO4ZWqasbSLDVUikbBuW9IsLZLnou3DcR2F4GWlfXfkfkfcryk6vtUQk138tTsBN9gQPXco2EWlt0p2TysyQFmi9hkp6/FXwpS8Cgk/e0IpsjPl6hOq2ApdNDUGf+YixbSGOVVV9QSDwWlSHkMmHTiROEgsw4KmbXkEaqkHkhR1QQ2jmA85+7EOSueC3lFMR3TVtFFOZYo1J1vaTMwMiqzpjovQEIO+VmLmS9kpCLhNvccN+D1sL+AiRaoi6ApsSzcDod/GDdhgZre0xkw72ohcFKM4MLXvWNosLTn1LArBsGwI3ogz3IqY4Zil1gvZfKaOUnSU1QRap1cKqLfCqlJsY+wpQuR+Mvm5RD0AqhwIdCBAj0KfC6/gcSOMvVpwVWNOm+lY0qMDb6aZkSvrdKLfLcFOwAlDRroJAvDRszO4eEM1Ii1y0L/wDShEEKQTk5MHD+4/f/7C0tJSqVT0bCefz+s1m6hAShTejRd1rGUBj+PbwupILd0fKao/ZsK+J3JmMwMWSN7l1eAVq1arzVZrc6PR7XabjWaeL3H5vHCeJNoXktmW6BnLJhMTExcvLF04f35yfoZXsVzMvfWtb/zUJ7/cavvtTpP/5fIV4jjE91zbE67RhO2emLjv5pvqDz18bnUz4DdK5UggOISGryYd0NbBQOVvRA/6ZLu0c9b2u+SVldgYV8ZPg4xsouTLWEENpWLisvkyosB7Itz3iVp/YjEtiyGLoCLDC1Jq293IYTRwo/CFzbXicv662ZmpUskG8dV1XaEGE9QpRHKKb+TklgDFtGw+Q8CFAMYTFa5dIVJDAdzEiGPbRduJPOHQD9HmxZ4qPqqK1PE9T3jC9Vg3Yj5XvvWBnDEB+8CJGZXYD8KPkPWZCLFDpX8fUD6KC594Jt6zLnwAbddlAgtXdLYF01msC72e5dhIr6Gv+FtsB3xWQtv2+32kNnxlCX2f3w0cp0cxvA51czlx5owInSPXGPKaTjEhVDxMBDtDvWKhMjMpgPb8ftQPmPRRlT6lOowr2JRt4aoZytWUKasWTfpmos5EfDg/xHCQNmDFG6wZTXFnIyeWrIdUPcHuZi6Try0uze3LAz6WAD0Dv0OBgsNb0W23PS/HWXOuB+FiRrk20euK+Li9To5z3jxPjg8Hz0EVj6TuyHJFqEEhwCIQrjfwPPfA9ddefOkUf7y10Vw8ceaa225p91p7j17b67QvvHD85JO775pbsAr5AOLpCN9RihMtRTqoIcx/K32zJDaIcaKwTKjhQWLkwSuMJPFImDRoynlGtIJDnFKSvk4TZcosUn6gW2KcEELjEmLLtGqRAQQqcyCMSezcjv4oTFJ2IgPwKJ6bKXKr1jehBjDPB0nxmVXOE0cyXjvW35LLJV+69szkyXhpoxM7nWD72+Mpz6+bIe+6mX3yqe2tETM19iN3Dl6mhrCXdDExkBbQGqmFF5ZWsdDLISbMlOLgFblt4B1cerKtFOEnY+6Y1Q8x7X3CDC2z7g494A0XCpLqcdO7IvkWmn1kySMlBsaJeWQDz7LkUpe6sq0jGTgfOGo5JelCoacpMTfQyb5QggPV5AU7cNDvhBj+c7ID5fKZjXFCCa6G6O9OgAVliG4CkhpBzSNsJ1AyrrhL/uaRv1V2SoGaqFPe5N+/9kceXnl4pffie/f/7b3FA3i95JS/9+CP3jp93+8f+4+c1yAINsvQw1+hm1gIQ6pt/2p4xOMqrnmUcNZJDJvMNHh3cJ4aA4/GvixjUJFPfO2ZvXMTlWJuy5x+ED1/elH/3DUzkfI4MdPb7rx2ZaN1bnkdfz594sKYTietbv+TX3uGjJWMmTkig0ojiBtN5GYDu7yMNU6hkkA/R5qCyu2bamDnS3u7zXNh2P+djz//wLO7fuKdc9fN2991e+4tR70vHes/eSp49lTQ7TIWo6CLcnbNOjcfsl53yLvrsKSS9Vb0Hz929qEnFqEWOcdZoFQFkWLEnKY0oTyKfWJw5aIK6US1Ty+ysUHO7K8UPRnRx+bIHGO4fZOmS5Pow3bL9DgJFLIIZ/t92Npsg87FjI9j4ppoYkcMjBMiF+U00glJoqRETO0+pLQfhl1hCyEDHif8KGvi90Y51aYpGBuSZ5udNHq8He9dbPRXyBjpG83nTKcTbgZ67uRYsb2eP9W74/qi6TtyqjFWG9Z6bLlH50exk+ly9IxWPwczMyPzkKcvIy2vdz/0+VP8b+988XXXTn/H0anr91W45L1Uj9ZbbKkZrbbYWisa4V1dKdDpMp0q0dmyNV2yFmq070cvnG8+enz1o59fP7fUJjuTgE1SJjX1m8Q/0+OGprKRmNdKF8sQKSTGM5NHtlNIJ9k5adZ4IJpIL21uLV0UPeutRyv3Hi7/1O+f7fYiidRiabwTluyjUUVp2yE+g4aejEf0dRqXTBP+xIkrLHm+9NRie7VDLNhDQNFYLXin67/tQK7sqtJkz/e6/uc/egzhA9Am/MmPHfv+H7rFcWyz5Jmpwm03zT7yzDLE1sGSOffJHnp+5fU3zU3VcqkaDqvbYCvUV0l0Q/YXJkMJ4LCLTj5Xm5okrh3C2wWGJyObjXo7CLu8HaW8XfBC1+ZqTQaqS143v+e3Ws1Go9HrcU2UU5uam56fLVUr1KZBJBSd68vLrfUN18vtOrBv78H9ebGH0AapOcItX9RAvEh+Vfzm8XVEZaAIUhwxrgTrtEUA6l63yzXD1YmJMjfG53OeJ3ChQomHbcW9EXMZl02khqd4TYyXPDpsoOvWGR4bL0MyrCeEGJXX57ErgLquPU5MG5a+FetyCFGCLApliEmg6Yw1Yr0wPUUkmY35yTihQ4wObQMBGtTufGaUw+K1X6hz2eACJ1+heoMggAmRBlCMpBPH01F78XFLv6oYJTSNXqCY/62/L6OGkM9k8Ak5XLl5QNgSPLtcq1ZrNZcb02ywGkeBEicUGAhBky5ouAHvBJThYts8nymddpcbZaGXEI/KIsagJeYSnoZcwc4kA9Mn6QdptJOpr47+IDa4m4CXiSs28NsYIsjGmhDjs0pDKLqbEMAs4JXvdLkmvN0CgBNuV/YDrB7kxW2WUTy5Y5GX6GFwmRNsB5iby0j0Cri8pAivqY+9IomZr9YndFgepXpRtaJZ+WSd5VKiXU+Y3PvDND0zaRphA6uA4uSoYXxWymatLGIxAcJXRExB3mJFIu3koV+HuCDUojIojFzQ6SB9g5vYEF2tTFAAqLwwXTJFkbhZMhBhZPo+nxr8KPbOY6RmycBRC+Hz0c0AIjMIFzZNrKT7hsnPMqUChGKgX2C2QluEadMC5BREugJ/L3gqEhY1Ehk9DL1DZLtklDJDScYi40/aBSLldGLUx/hSqA5RnS4KiyDaFnjbCNQBISyGoLUXb0GnGmmkVVxoStIZkkQVr6DTCTVUj3pAcAMEZ2gCaAYENNQYYoolNLpEkzs5bBXh5z9zudzevXv6/f7y0soSty/OzHDeSHsa4uKNZVmKCcO7aEIX+Aci3JkYNZHBtw/tMPMzscy7VM3nOCuYwIXJpVgq1Wq1bofXl/OUrXwxz1udswUwQwgKVuA4cS20Xc/Zt3/f8ZdefOG5Zw/fcANnKV93x+3PPXvihWNnO91Oq7GRK5QqnsfZUwjbIEarF/mHds1fu7C7We8sNdrECyg3qYKdRwO/ZBDZWE1hDX64l3dJ2Kk0zsL4CmkoYybTnFjqCX4ONaGACySKDScSoAIC2EsLH5NOKDxrYHnMidbCzovNDedCmKNhMb+vzAWJUJgW+WTk5IWB067wBUEyxrmSgFmKh+FaMr1BFVYjITxZ4A1ic4JoOUXHpQVAwKBWiP5xlh25HhXbibhk2Wdc/eb74EzIWSOP2cD4iJfZDKyFgR/YDiiDjRBo6uPhDg9x3aYQ6Uy8H0CiIjAARIQ/7vf7nPfCeYQdI6qObCKLEMaQYNv4QmL7rpdnftBrtvnSUiiXhJNmTK5IwmdZr1+vhQmRnZIkF3kBGFguJ0cu/1WolvqcSQ1ajAufwJaqBzXbgPyF+LKg3LHR+1PADYShRjLRSEsCU1EEZhJfjQI8YFwZSmJBJV6xdWJJbl4MTfBUklc4Wfd7vaUzZyemp8UA9jyxzZkPSMDWEnF2222BQVgocLrHV41KbYJL2q3Nzb4Quzs2OKMIZyvHJrHIBO6jfkQjanMlgh+iVZsrcKtz0/uOXne89UQUhEtnz1fn5haO7GfFYmV2emPx4lMPfLU6OXPtPfcw2xNB1ESnCCcwFlqUmk0gxPASlVzAt9JrPdHEzmbpM4EeutokrI40ec5IGu+EEO1vbBwJG1oOpYkyTd5RlRlPtGR90mUaLUJrLgUDMcbTYRqiRA9rfLNWAsdhdxio5hiR1MOKcMEhTLqqEEoHZ0anF8L8VFZtgXdCVU+ShckMFOvMtNkiwOHHvdcay4oh0g/cTJ6+wM6tjiuJ2xb56TeQfJIBT017auxmZBlZrhSV0CtewoZ55VOGQDR2G1ncHUw73o+oPmPjMoc0aSI3zmOUilcdxok8MpLQUTODCZXt1HRAS9yxLg/9ThIdlfQ7wSog80gNFkp/VA3lChstQ6LQTZjeYyb+lwjP/Jl7F9745rnX//npj+ft3J7CApZW9xv7yvsKLulHsRXnG2sPTXnT19duede+H/jr038iNAJCXEYpUsbcEayypc/lsmsOCmo46Ay2YjClB2tM7zLFRunsoz6GAiocb05/44Uzb75ta4+Q04trfhDvqP72u64dnf+td17zB594CM85p3x2eXPvbI1slR55PgGmMiIZ02cLyqK6OpHH4JqMQtJ0UxECvT5SudiY6xoZxCyhTq60u9s8R4h/7MSFf/bbq7ddv+fvvql63YL9N27L8T8iVgS22WHrrSjnklrBmq0mZOeNVvTHD2x84sGTvo/bJfOOPQ+IXrJWuv6Sruu3a1pPjNg66q5eylOa3kEqx7J+jk5XZAl51aUd7IVKxU9Cm6jYOhEioNTyedPjBMcDMDpEG6OI+uyREmiZ0jXq64QkDBuDZa60mhOFYgrjBD1OEOwkPzu7dXPY6EsZt2maSm6jc0/0FsfMWffXzJ8b9aDbG+tFrXbEM0/VYt5rc+xoMKs9Np8flx9K6WEHCBcZ6BnzYkoDd7kD9Oxim//9xZfP8PO988XDuyr7Zouz1dydu/OztXy1OFQVvN70lze7yxu9F071PrPceul84/zy5SGlZCRk/WIGUCsKlOLYuEOM66n/B/lHmZviP0yCjOw00gnNzJlFfSVPJd776MnGd981xgTko64VdLroHSuRTogVO/snWYyBrkJ9jYJyomoAABAASURBVGTZ0BSSYH3xNtO2ECJtvYQaS3WKW87EOIGMJ79wCv1CGHic4G6D/ETh8Ot20bg0uZA98IkX260ewtxFgEOzWe898KVTb337YZZ875vu3vPE8bVuECFuSkQxzg775DfO/+23HtIGhMy6Ee19rph5ZniZDJ7gmzNPyRjrqU612Snbc33YDw1b+1iv31/bqLOcW5id9vO2z5WrXJsEVeQKWK5/ajSarUadk2evUJiYmalM1IrlItc6caUlNx40NzbaGxvcTL5r/765hblSuchzApsQ4seygLOlBty7SURo0n7PtWFojur3+o16fX11hb+DmyqmZ2cLAt3E4xl0GdpNAT3Cr2ZiKhHVnKSiLD4ZbQenV7jesVk0iRpinuj6pypMVSJZtTUnDvwr9+XoeWQsNCPbaGhu9VORimUjd4MLFwpm1FMgfyhfI2YWpDRLcbuTKxY2UDphoNkzBH8H8U9oeJ9EccEWlbiUOHtTI5bE/uF0ywUxrpZaSNAEC9AgVr5YKJXL+UI+J9yqXMgcKVoh9heYGCEghlJ0lOn3ha2h3xN2aG7B5A0ScW1EyIjIMHgaJ7GubGAADgxIZUV2jF4mRG2YB9unMJFwy4aDECeu64ioXDYG4EBwBDbAGQKgjugHbu7pdjr1jUan1eJ/Pb6oRGLjL74LGoI2aqZt5ji+BsFMqKKkjF0uZ/KypCtUbZbp8KfvkgwGwpzCyek8+k3pqa7YgJS8HM9Ky5g1LFHlxEdkyosNJYm49CQdzuZmY4JmlJbgN+RqQuMy5NCKwEgnTHVgrGMaQAULVBYiS0Zap3p/kGRdjJ5ncWSPgXU92c/QWACdCsDXRESNiUKuMQGnE4D6EPYsS6IuoU1fnCGqBTgkoGec5J+Q5umt2SQx7SnQQ7FKI4QJOophd9gY+EV1jAT2Jdokygb7XGUFfjL+QBFscFEWTyY/qO4HmuwUbTNQEceEDyCncZwd8f1+JPYtRBD4R1AJC0mQEvAS3PnYXlxXA+kkTsAV6fUVRxWgJjBKaUrXprW58RWj0/kJZ4x2797VbXcuXLhYKBSqtao0FSNADqBB6BcRBEqB/Ul9CO6DLi+WMSHGI0L4ATWg/WDC/U8W0d+am/Ztu1oqN8utqN7sdruNjbrYas+XC25wZbjjCqJa2FDDkJUrpWq1cvr06drMzPT8nkajddONN587t97ucuto3WuVcsWSQ3J8OriccRRWd+JS65ZrDjeane6JU30+UBzKlCFKqp9EZ8o+IbDdnhC9eTrCSJDmWj7+GHq5Eh3ORLLtPPXK8SbIXLHM2wYtJxKCTs8KC36J/2QgEsRasmw3ZEGbOmth99Tmei7oz9VqudqkAzPCcezQdYBf4YpWiDGJBSswK0Bs42NSqE3FIBV6+wi2lCPWHp9QgUNoiZvquSqNWD7wbjQIgEY7UdEW6n7id0UoUq7v4kOVWTnhZpxYiID3FLgqjNM4W1gtbdVOG3lstGIKHysHMgiop56vng6FQ2LgWzZScKZJKafqHsnxYoS/nvgL+ZsFTe10eB6H0x/CfMfJua6lPX0GF3OaPnsNJ2gksP58aYwIX3lt18mXS36n12/1eK+LWDpytaaKxIERVQwRwYKj+hQICC5OEq+KKkxXxY0z8REh4oYAO6HgISgXas2KDKaYw5C6A+WgqfHW+BiJ/GD1wuLC/pztiPCWnJHhnDl/CAClWLvZ5hYuiwByjpcvVyf8fo9XptNuCV8TsYIXvHzedm3AbyFSKuN8STdgXEbJUQGkA7t5+AJ2w523tTY2Tz7xjN/pnn3hhcJUbWKquvvIodba+trZC49/6YG5I0e8Wi1frNAQVidLNmEYoUJG7VvpNZ8YU0ba2Axs2sYIyPxECn4JxBGFiRKHySBKqEFLMiE0hXEi30g1Pop+i1wEtRYj+a4ExgnRW69prPaMS2ZmrAoWKy5FoQBoQg0lFrMQgEAsUyT2NcHQPOCHIu31KGaQ+DyZ0B0e3huBcwpE5JFFpx07RqQNDK8TM0HjIp0QcJv5R28g/+avSW88A8Z33cYOTAy7SYmhSdaMMOpEaOxIDDl2FOzk3Cp5+EX2zFl8U8xxLK3R//dzUbVIv/1mMlUiO5vWOuTBU7TVY6tN2Qz93s+cIC9tkJvmyEJ5VAlSdKVKpU/lFYNdipcUE3SEmB2tTsxi6cBFUyJRdylJIJ0QExIjhXEy/vmII9neOXaGJDLGEfIovxNizGhKiSHQq0VbolXGbSbSq50qdZsajQaXmolxYlIt3EEC8RQUBKg0m0pfE6rUH56d+8ED380vFt1CO4g3WDf6m1P5KcvatdZfO6wubvrriHry1oXvfGLtofPNl6ilrfgRIudBzB2NdGLE2TFqrjvebIU5GFJzzLyScVejqiTzXMJcPX1xndy2dbaLa3V9Xi3mZ2rl0flnJ8rVUqHekmbFpfX6OE4nL55dJdtIaooO5auZ1hex4d1I1GPmOJe/ZTYiV7pIrW74ZRWCiIl0ggwqsdxCZX+/sxL4m1HY+8bTLz32jLt79/Sd19TuvSZ3y16nlKf8b/dkwtfk2XPBU2c6z5za/MZzywFuGeRcnj1p2zVKcLVVW5KUoTBW28i7qZEmGEWqcVB0m2IzA1F2REKyqBZLds43eWJDzq9EKhy9HnBE0NeExT4f4HHi2PZksUiI9A5RCCXS4wQrCIIU01eYzDxwnTGmy4kkI0UU0gnPs97ueCLCKE1hnIhzgKuevvFmsr3EBk8TUy/mOkmsINtOj9OxR2sYJZizeiskY6dGO5oyqFp/LH85SGzc+cRiQ6D5c8z8qcw7PGbRAYW8khIlVH/7S/U4yRaaTd5FYoTQNNLJuaXmb/7Zk2iTBRabnFturdU7//Wjz2rkcZ5/rd7l1sbf/qtjVNnkeDE9XwDv/vYnXoxRCpQW/k+/cq5ScPAcTS2dbqgZ3EePbS5u9udrW6MI/rcvriDVpypOkKi/la0sVPQ/XkCJ2Wuq5+S/NP6lH1RHzRMaPW76FpP0+flHL3YbfWH0AHSTCPYy80rf9PZD1JZ9opWcJ19YOXtynSHYnaXj5rBnnlm+7vrZ3XsqZsm5nPNtd+3+5FfPwLY6yZXy/E+d3Di32t4zXdQdz0ZinOC5wavLm9n9mO6vcRPmL9Yq/TAQSznXG3W63X6v0e64uRytFqK8G7g0sIkIV06ssBc26/VGvc6t2VyHWa5Uq1OTlckJr5Dn3YW7oZobG1xpWalN7DtyaHp2Jpf35DZww9JnWulSieeDvdTSmm4L4xnj1vN2s9lsNPu9Hr9SmpoqVSrlSlkYJrTBOQr1h5ORRwY4i5Sx4EoYDoyRQ1PXB38O2OdGGQt2PKXebv7EVpi7o80TaqjztXGUsZShFPMTtDQxZtihtEaR2sNqJh8Wxl0xeELY1o9+J4EwuIZmGAv0ZgDsDGqCrppmVMnNqv1LZpLNidBbA0y44nWg8xVOJwinwTQ2A4W9iEwFDFBmY9ODKt0U1RUZzg/o6o39iYOZK5m9nFco5XP5vDgpFl2hdha1A2uJ2ugQ97Yg2lEkb3ILQ6/b5XORc/iBsMVSsEFTtWc7kFGCCB0YAEkiq3uO6aUu/oQyOIcyIJsjhFMGgDYBwHeASACnEwdFBrWUgflTbuAVGy2gtiFqCxfPXeQzvdvu+l1OmUKKfCM2A78lNl1vfEiJGXGTCAvH55nMr8ZG/LwKybQgkytRARgsw+lNxguH1mG8qkkjiBwzBnGU0yaeYNwIZlQr7geGQ1xO2NBQAhsQIworFASRgUoo8iWZIjmDzLFu5iPGq3FygXkljH3QhLDEZCwsim4OkfTwkFIQ1SZC3RyJTIHuKbIOYmqqKO8J6hGhigkIUSSoIRI/TgOl9wmYagCETRi8bHQOkVDMFGskF0AtoUOwZpNzJZI2QJ9RjJYDwXQIUlVp8FK8C5jsI/wURDEleqCyeHFXV2gkKY3auyVmJcUxiKRead2QrZXaLyYtpIqch34kPGwEuomPdlKg0j4LfYKhkaBT0YEQ9vlLWiOpBSPEoBgDAz9NKK5OeJ30KVi7HR3WztYWaFQBEX0qE8swxot1sFKdWNi1e2X16TPnzhVLxcmJCVsUy9QjxhuptEXDImrzHu4HPhUEXICdyK1vJBaYU1BYLNFxEYmX3zjwlRomlq6gWhiFa6KXz5VLZb8f1DfrrXojD7h4hOX5sgGTKLIhqhPop8TAnZ9f6AbB+XNnS5VaPl8+dGjPfa+/89Of/kqrU881i4ViuVIpMpsKN6SA2z1FA4sWu+PGa+rt1guLyyS0I58RBJFhiGMkPK7jEYm+MyE3wzJZdTkI0TXHEOWwcQOM9yBR1frooUlNp8tO8Vyng28YyGmmyDTo6k+3ZRrUaGYna3QGxkbheZJ0o2j6BtMXbWGTk5IsIUwrYS2iqYH43waq6fHv3Imc5X6Xrranz1603cLe6Unq94GfdHFHuEA64YZ1oI8A1igNEbblhMS3wkjyJcoqKbFBZIQEvgZ4JG9FnJXkKv1uDwaYGF7ghdcjvZ6gaFztFkWunRfTzmaR9NDilFKAnwi/EuGggGYAdJ1RGABESdoCTsXiQhFnwAJBLgG3mJfb93vtjtir6HmW5KCE24RovU29HPW5ZimUPFnQ51S1E/phvkQcZvVYU7BxhTwBZBZOnjj15SSKIEMmnRyx1UhbqP6UWWNnhFAkbcHjpKvCkCmjMhiPiBpfTAbYQO5Z9IBXLFZmaLfZbofCA1QZJOPWxWKVRZGIC+NwhJZfrehBsC+IliT9pAWf4ffFgyJAkiCVSvqianuFqRpBosRMGUNVgym4NaHBENg8axcu8qG758g1lkdgZxAwyq4n1lPhpd7rdDlddl1PiB9BdaLZ2BSXHERe4X+OhOECr9SQiR0AgdjPK2I5cfafwDLMV+nIJkduvYn/e+aZY9x2dvHFF3Pu9TNz+8hN0TPt3tq5s8e+8fVr7rqb58+5hQh4KxtdLQluvJILNTOII8o/ghBbim3BfhkYPTs1Tq6mWP5qSFenN6THCdHStdrfrHhNzZMkcE2IOqf6imS7CdHChypBH/GNTO7wJnF+vE7i8k2RjA2UYxzjXtLTnGlJ1ZIuuEyFtUCzLQUYU/liSphGQrHABJyopljRZEAEyuLzVJKCE47hENj3kMbq0nEnyGZLrIHmFRVoYqw0XyY/cg/7bw9sPXL2TLH3XJ91I2YOZLWHcQuqVaNaR7fpN/zZJ8mv/k/q+4Z+RHXh+gb5s8+LBf9DXyK//7PM2zm5oeOT/+MjlvDUoVLPyRjRQGMPnbAeOkEcm/zYfdHde0ZyViRWhZL43HQxYebIMZR3Q4siRoH6unHcEt3kFYxxEiOdqP7QfidE+pFoupJAQ9ErjlSCZvudECkREcPlRX4XQxoGGZsCTy6EYdzyikuf3LdPpMpVCElv3fW2vC3QJvJWrhPEm63rfv1A+UDJzb/QeFZfbAXBhzomAAAQAElEQVStqiftim/f/d4PvvD/RxwRqCLYLSxwBIhRTwz/GqOGxKg/G5uSZKTMmUoNl7F4CSDjpJWN5jjZWobf3PREeZxHpmtF7XRSb43ldrfZvDQTJkvO1FFZqSGuZVK1JJ8tt4VQAy8k/rL6inFXLUXisleYsx0ura9GQYcbfc6du3D27IWPfoGre4sLs4XZCW/PjNf32fnV/tJaZ2WlHUUdpaETL7CsgmVNca6ZKEVEvETHIyquiZQKEnrqVN1I8lbihCSJHknSATJA0L6VzHRZkzorFQ4d9o7eWH/6cYQ5QQ8PPOFEbVe1QgxUEmJinChuy8QyUUgn6etMlWCUwwZKZsut1mShAPYQLu+q+gDmyux9b8pVq5lNoAmOMbGwbpnYFqv0lUrN9jasIPXmNjxULiEN8F2ZP9mIK1ndeAV77+VNUv6R56M9TrQugCSyZVA4/STVvhpwBJqMUcUV0sn5i43f/YsnpXwNIj8yo7/3sWfVFXmdHz/4V8cVs0pR3cElmj/+9Cm0doDhQe5P/fiDF4xn1QkoDq7ZV/ree+bG8Tj50KMbz5zuYQlKoJHxQ0ncRQMknhon1Pgt1TNUuQ3TuI+ly79EOpEj0lhlpERA5JEmj1y9dupLpwUPZ4ERVOKd0Nqe6sJ1U7IAxUf2e8HXPnuSwS7aGBlF7OERdfjM5176ob97CwRHViwbJa+7ae6BJ5canT6j2kNF9PNHHzr30+++lpBE3RL11Hwp0W2Os+hppeWuwS7cMg1KpOLgciUR6bf7zXqjHfT6jhUU8vm5yaCc79o0dMRYCkXQ6n6n2apvrgvtk+uWqhOVWq1QLnpejgVRr99rNjY2V1f5B5+cm9m1d+/E1AQ3PYPilYG6TBiQ0GAuK2OaFpWukqCaH/SbwqQW+NyC3u102q0W14YVirnqBF8oCohvrQowtN5yM6JFjbmXWCMMt4NL1iQNE1cpNVE94ovjl8AMjeGIFEU6rkSiKGUeknbNuAbKr2J0TcwCqVLimSfGc1ZKao8VnbE5D81VTJWgej5BCLRclw66RGH7aBQIfHCxEVTYfSMMPoBOJ1gsuCVxHShKY+IxVU/pRa1rbWmcpEiNGEU7xO7QUOwt5G9DqyY4ZkRgw1ZSIjEmHiDjErM1xOxGfRrRuCugTbHvlf7QEVO7GEQImlwuz2dfqVAqCxQfsBFA6AoRNgJ4KxBD8ftGQu0qLIPCdxg6xhexrXr9bk/47YrNt2AAjzufyQ8n2Tgq9V2pWms9hGqZ4XOCrD7GZwhVngi0ZQISQcRAQFwT3hhHbPEUphmxyRbhSSLl7wJGZREAXkDPc4Mjr3an3eUUhn/t5kYDXmaDAV90gaWqFevaiZK5E91PU5yyGnE0fWn4FNTlJDIMZh9jnpLxmCE961N2CmNOsTFfl5Fo4kVqSVE7/aheZ6KxOWecFFSaM1iyb2iqzVSbDRhsmJGPEBYTAGi+MtjpmYmvgBEP4LIsnq66SYg+xOT8jLQeJtZQaI5Ljxzl3EViZRA8oJw81ZSHE/BEExQBJikcQwznJGNvYXRlCKgg5hqR081SDlUSq8KYXhFLeSXSBOKXmmvwxdHLhZOlvh8KvCKfANSKMCbCLWEqYnJaoKcINMsyJG40mTGGlbTUVzO+F1X9hE/yKSyC6NgWUfwgiR10qNr7SQcVQECi9TeSnxyoDVG7VyLl7KRYGvX1YZWI3RugOPB7juTo4X3f73aBygVw9AX5k0Uz7ERcpSQraDSKpJgnkskzpS+NpTymYzARI9iFwStMxbthCuxEczI4c0mK+Ru0tMHGVtdxpqanFxYWVlaXFxcX8/l8sVjk3YacUzxpgbgjVrsDAThCWGyjXs+Nohy3UuPYlew303UwZcCME4UEhu2HDf0JHiJm3fjK4Di8epVyOej22u1OfX2jkBPhEgG7zJGMRiQL5He44XNufval06ePv/j86+55IyP9o0ePnD2/+Og3nu10Gs3N9ZxbtvLM5kpY6oCFhdpRsHt26tYbr3v21CnhAuAVAgCLt0CXizZ7RljchP+Pvf+AsyVJ7wLRiDTH1ylfdb3re9vb6enp8fIjIYc8PAkJBOJJYp/wsGJB+1veon0II+DHew/28ZZFgAAtkhYhJI1mpHEa2zPT3vf1/tYtX8efkxkbn4nIyDymTtWte/uOia7OmydNZGRkxOfj/5FfX8+vXg9WGkMgpS+NjqLY52O/jOz/tGKcMsYo3E2hOa4Gnkk+kswC6KR0MWVm0LZFCddsPqxJ/SM3XUm/EDKqyGwTUkdIYY6Uhecg0TBpB9ELjOOAlFK5FqYOE3Hzy+eu6g9dmSjNlQpa+fOldsrneh2UGQWIYRGMSYi/oH3tYidKif5yRVZ7gfQNRRZIZaZJdE555SAXFX2MgIERB356XWEQqiKE5AFORBxrHUs0PV+rS7lQeNLIABHiZkYQvIh10+A0ryOJg/PSd73B1DkkcVPAdlfbgJHw5pXK5fNaErNyOHe6fgXIQAT7GG+tmU2kK9QtySndoi3gLoWc8JG2+ugWtVBFLFN42U+Z+lA4s5Qn+j+kJQQqoxG8vSVFYtNMA/US8xOC0gO/UC7NHdq/IuXW6rpmVAFnMhIpUYhDhmjoMVsFFyLVxgkyzHMYtYzlD+boyaoaaQQIlI2tIOGgONqPS4AJ0vymod9pdTaWV6YXF8uVPIZneqxKoU2FsNRI6NRSfGWiqhvRaDTazWaQg6xCQafr+YGX96zQhrCGAdmQ/dhHZgzBMXrkFacnD917qrZRW7l8KYo7Ya5UfeSxiZm5I/fd99qXPnvmueeKE5X73vkurQVAtJU0SiMyEcNulMgGiSop74qB8vVy2wrKiS5GiEqWkpkjeJ1KrqTFTeSmi52AJaNQCWFYY/peOpzJMpBSxpx60tEnOO/4WVZxsO+Qbn9KE8AbCHeEeDFhmrA8zrHXnomG9jh8nAzEsQVHwU6QSFyE7Gf6oc8CIfderAyqASx1b429jnW9LhlXRpESJZ5/Xf6tX1V/4/vGhfd49xHx0nX1hTOjpq3mUz/yWOxyk22LlVWIVhDYiUw0f9dzvcty9rr4pV8dJKvZ3sAW12ri9avi0SNir8qZFdFqC7OEgA8qlZKSepH4V5/xDv+xaN/E4Eq4c5SVfTiAgF8he41ylvIk4mLSn9mapVuPs1XprRQOuomzTSofsb+Lrejb79saDVX0Y5xI1gQSmVRZGE4bR6LMAxztmD8QHTWMKxt3IowxQ4osxknqJZgiofkD09DijTF/RLR34nVx6OW+49C30oco+sXVdpJbYbO9MZGrFPzCF1c+Zw82onol4OHy8NQTM4X9q+3ryoS98rtJn1FPlIMyZdoJFK8PqaW/9M8790i/kiKHgZ3I3Zu/RpTYaV2vNxYljB0r2Yi1s7suhpzIgSf6fiiRWKbds1yoKmdK40FGArNIJwyTxV/WRnamkU6ENNEesfKDoucfjCNttdXibkOrL6DBdDevXNV/6nmRieejukGQlF5FWyaENW6ycCqMdsbTMGlJbBmqNDipArl8bNtmRiC/b2YNTqqnxOAeHdTdX4tF7eDo7svBP/fTq3/5Z7sxI53A0AHDqjoyNVkMwkzUiHAwTuzxNNJJsp/JqpNcifeT2VWZrT7S6fVWG41SGPYwvw9hrkQwmsWjP/vfifHLWF10G+jXV2Dp89hkjKMuixbDLxj286uxWH9mRtZK0yzZdyxzV+aMPaoAXYCRTqwt9M//yDt++vseFXd3+dUvrP7WFzcE95Ch+xbvZGCRA/bc/lD2l7SCrP0AbAY3q9nSLlPpRG/07V9/4Xq73lEex5rQgi0tfjzyrSeESLu9pXjpi1fb7S75w831sNBM4f7aRuvV128+9OBC8hSIRJfvfWzxw1+4THch6rK2bauLS/UzN2on91VGtC2z7wyMpHvkgF4b2buDikPIRavRilpRc6vebLaicigqRb+S71XLnXzQQa+atiR16u1us9HY3GrV67lieXJ2bmZ+Lp/Pa1dFu9XWfxvrK3Vt7S8X5vYtHjx2ZG5+NkazFVF9+lpKpELoFB93GoTybYTLU/Un0MbS2uZWbWtD7xdLpfLcjPbHUy51ijgxAryyH07wCMzIremeGTjwkp7ZJR2TqYiTAWAnQozlohr/WfYnawRWBnZc19s+UfYt+ehzDCVPca9Kn5fpleLJyBXsuMQBoFK34yxiTYvFSzDBxugUQ/cuhlDo0un0SI4gMBIeLZ41vQqKqEGTPAZiMFmwhiBeeEmaNUX1sVhCS8p74F3CiJZeTNkbSMlzFXyWUCkEQyVkLfVvWg1RmR6RsUooHPVnD1MZwPLUMCyVy6VKuVguws+AIgUh+EXRwl3uLGVfGaYQJNaANa1dyKbTwZfoCfbyYsSGdNkLzTJjyOLvIaXo+2iZV6DHGipslk3G5sOiXy/wNUHQTg3tQ+SYMO055dggi+aCleB6asgAolRX05Vmo16rtcCmDdm50ETm4WiR5H4VglzPkWUrIjNoiW6qzGvYk462FidyaX/JSkQJ2ZVikM6yJ6W/MYnYPMb83ab0SSZoI/EoN5PYyVv0tVPXYReaptU8cwM/0yDoMBegVazJfU5uGqNAK8duZLQHg1qh1IBW04lYJaSfXaqeO4cNW/eS5yqaKbF02szxHBRmQhhLBLOEoSfCgJKyt00QMcNANnBjBphcwXAiL7HHmLdT5jHpznTpiMIgC4RU0duentgQRtah3DGc6MuGaVqWxxllkCwyjApp5soRHKS9nLoCzhG0CU1UWKjs06RLvoGwATnSdJIJZUmVZEm44LyFiiBYOBooJiAMQ4jYwmdpi7QOAd2/yOehn3uaRrTamhH0UKKgr4Be1MjQeU/aHqbl4lSbl+X0ju+qf1plj9zZ9DojOfHO6vEYm0tT48NHDjdbjatXrhcLxdm52VKpRF86VrH1ULqSE0hXWlpFbqiHvL40QGckBksmhtRxWiHYpCSEsfuLlERCtcRk6S6VixDH2QX4wUarqYW+YqWs7wn1o/FWcM7CTTGM0MCbnpxYn6wu37x5+eK5+X0HZ6cr7376yctXri/d3Lh+Q7vz81PT8KWDQAR68PV6sHq+Fx05cPAdjz7y6rnLza3NoFhQvsDF8r6giLuY3i9O4twZ10h4AfYqiw+GCe3sq4z8uRdlILfIHHGlmb7JK6ypnM7jNitoit0Oy3FK8iylxO6fQhQF4k6cIyI7cD0mxJoo9IRsKy9U/lK7/srFi6V88NiJ4zOVknaC54CGAyiKllbasqsvxbxg5PADJuDlYNJEgUBYOUHBfVirZ2Q9CCAIpVemRdAoLIGw2oO4Ez22YuVB7GCrqe3e3XaHdFovRFyWHpwksJYYUKkxulFF5LxM5CGcREhmiUPKgBJm6TNthLzTEm6zSZbcAGKZUThD+qx85cWeHwbKFIE5UxAcBSZDCFEusuhV/HyOAa9jEtCMpIJ6rh3TlVDNFAAAEABJREFUOx0eSrIB+u4rg4ZNIn6Qqo4fIvDKk1XibI31GgJIoxpj5YDY1CdRd/A8xVw+wnHu62+KZNtTKSUJ/ecKB0BsQNTILZ24ViOO5snqtVJYSz1Ls8ZEgde2m83la9eKczP600de5AehbnaQ82XsdVotCL/vdIDyCxhyhVJJy+aYp6mnG601cwgqx8hyXbmPEgNIS+0erBkMAKCLQr4gkCWO5/ctxo88/NzaarfdXL16dWlxfmZqamphrjw5U1tafevzXzp49MTkgYOxNIRXkI5g2I0TcaIyvFzejePm62UvCn1eJ+JECJFspXPARoEIYmzsJU1EVfbgCnMofe/geuxMlHIQxolIZHiVrdN5h1R8jIllSQQJo5EZpmVxjcGKwcB05hARVg+XvGHCHUoYhwHDgqd532wo5SShikqKxZFCsR4N1Wq1QoxXcpr/RUZQN2L+C6/LP/9P1f/9u9S3Pz7WNPzxd4jTN9XK5uCLdSvbtfq+ieLQ++VgsBM5VCaVTE7ce/or2678+uezPauUSNl8Td+3e2oPZbvIWGkI8mkErfvIafkTT4x6F5VmZtI5ZMeeHHhDX0UO7IJMX5jwJBuOwDr8Vw7GCV1lY5N55JDaO3bciTDc1nRQIpurpEKRjjgR6WYqleSVUMmaM1KpWc5UFOt2onoy7/Gy4KKfb3Xd9Dqb1XDCl0E7TlJbaZu+LxP19n37vvW/XvhVY57wkndL0NqldCJOhBsZYN5i4FAZWNxpOGzm2unNqiP3ztDolkyplos7vWyj3hznlpWNut2vlPLj3DJZKY0DdjJoAm5DTAb2JNH2wZSNjikngkQlA16ZkUpXyjSaSMI8jZ4IazcKCwqUBW0+b0ZRG9BBYUj2SPTTqjpoDhCbnBeUzDnhmcI8JVWnQ8ydp5uLlBv/ZM7Smf64E0svldM/Mt3V/TtfL+OU8djm4DJx772Hf+bn3vrnv2zy2oAX4chktZLLZ/BIkoVRrJWytm6O8AVO+CBbFu1W9GGcZI6DTTGOAwBrVBG1R6kn/urPz5w8NeIVnHmnhp/avpduTyjdgKItGWub40p6+mJxu4pK72SolEpfQ1dkT7nmqL6dr8Iina0wlvi0y67PImkvG0TVpHuVFVk4VkMQIZ6pjsXa3pbyxrXmS1eaf/jK1s2NHnkIDS9DFECVWDmoZJ130jnhdo8kuUeOELNJeiS9TWbuNVuZ3qfnXPzcZcYs4YTYsL/v3rnJfRCw71pum43u689fi/DmSBLGSYKMQo7dzz5z9cH750UqYZF418MLn3rxxhZEqyjBz4KF0B9/demefZUBbbNdZeR4aTzyA7pKDC2jOmv4lc2VjWarC4bRSsGfKqtKXhW02UhqV1e3q42gbW1H0m6AVr2m/V6l6uT0/EKpUimWSyAKd7ot7TLe2mzWNqtzM4eOH6tOVksTZTS7RbjgT2JGyMi8FknjDuGwZMVo7j0Cz48iSLHRbPh+UCwVJyareouKeCzHCqq4o0JEn22ffqaod78cqG6B57gq80B31UA5inn1yGpH/BxeVJ9S7OpgnlW1LO+X3EhMRWECrAHdGQ224OHV9stOB/+6cSJTCGGjsQVHcIBjMu5BoBJ7T31azW18zDL1PtgIZczz5EvudiIacpTUKVm56+iQ2RdG6bgvos5LXn+IhoQDmDBxgfwEOS9fKJYr5XwB8+kU8pheCpf5meUNxttOXepDI7mdUjuk2y39f7eHfWegeal3yf5GreV3tp04St4ZRWKSF6TltCa3kTZah5AJKJeTJjcWknBasa+IWNMCfoIH7XV6zUajvrVV39pot9oAICEpHsWXvgnrY7scRS4y3FeqOSkNZnBJD/hRwz9r23RuErezuAYL+6Hd7W14ZPLsfiY7xkOle9ng8cKvYx5CeoEiuiRVapW9sqohz2unHYwDwmELqTFMOZ5Mj0nDYURKIlMp2uh4zU2rJfvfVdSlBF64aJ1Dz0zQSUywIirBNyJSYkVChbEmMiMAWsuMlLxSSNgxrKzgnSyApBpjWGoOeXQwh05PzxQ9zWNtNZJs/SGlX4BlWt/rU51I+jyhnG6338jKl7ZhFF4gPRO6J5hqGvyw2Kh80jPxboneZr8bEWEvmSAJneGMREJRRA/HiThfHLGOcCxgRiBJhAI9/ZzAqIdsQLvA2s2Glgo4UyMNBkPZ+seeNEUMOiXGnlN3OuiERrRI2ZHMJ9yJa83Wod92amry8OFDp9tnVtfW9M9ypULxRJBkwdo56ekYZAWnfM+PkU1hKjsaEcICyOysGKNh4ktFP4lK2V71AyCBXLGguaB+8ura+la9VtjcrFQnPAhgpBnOc0YzDt2WXC44cvigZncvPPul935wMl+qnrzvnnc//cTvf+Tj9UZ9dXUJnPaeX9L6MznqpeaUXT/0Pviup2v17ulLlwWOJz30YkJjVMnKaPM1PNsz5J7H/jHpsnbVHXesmO5Nvc/Qi3HL5KevjO+budtKoiewimVJoaRxyMwigNCPrvJbIvTj8Hqr8+L58+Vi6eETxyv5khAdfVBANsdY+BCc0elqf3yPpitEJXWVNuBrShqi2z5m8CUt3Gm652PsCfAgLxahp8pBEOcBMKurCRtE88PI6oV+L5eD+KZO3NSt1LQexR1E2MHQOsosh8v7PMzNIoRVj2lFPLJCJQmDhCa1Fsq0NEZvTSnZ2s2WvrAoRVjIewh7xQRbi2+Q1zQm/EB9h35Rvd9qNOFNtITnt/3Qz0uEYMH3IoGc1ikKzxMp064YSJb7P9BAy9PdXxz90x4CGlOeqnY7ADPYrneCMDCp6FFXMO4TRDBBmQNWovgIXhCnBRTjoUIWCf8THQbsHJ9EYJE137P4SKKTlAkKmTQed7bps80B9CTNUNeXV6bXVkuTk+A1pWBEPQr094ZcmEKrXrl8HjB9okgPpEKxVI+2IBqx25Nep0UAWAg6Sh3iB0GIApMeZqEKg1yIsU0wzYJift+xw6dqT7zy2c91ms2Lr7068a6nvFx43+NPvPiZz65evfnsxz7x/u//3txENVLJomr7cul1ukKKr2or49cLFnYDD8I4MXQmizsipU2NwbYkQUYi4c4podJbadZ8D6rT1CCzzzJ+O8HrSMyVltCpPowTVmc4KsY+DuXn2Ex3Ai4R9pXNu3osRysboyJRRPFigjhBxKO4n8gWcwhMRcBeNl8GOcSVWFrrjvk53nlC/dbHbRRBsq3X5T/5NfmR59Tf/mExs12GikIg/viD0f/2uWCg6NRtNKNOp5Qrja4kM/2tfMLHs2An8tZdO+evZ5srbQ8IIZ31gnteFCc/o2DToSLnpfVRRNHIP0YPxB2jISYmLjP4dgJ2kgoWdVWyBGRIGDYkk/2U3ryL/cxW7Gyfphq+amprX441XocJix3FnShr6iaywmfTij83KRXsIpyOEgiCjPdHpITgvTDH8bgyK6jih6YfshUW/WKjlwRGzBfmKb4k57tupNQwenjqid+++J8Y44QBk+jdYju5HKbcH6bjvE2fmDcus3aU1oxAKM0wHX8anzg4N85l+2aSDBqb9ea11c39M9UR11+8sVZrJil1FqdHXWzLPYfmnn39ohi7mNkpRx6zP5RIWw3MQS4W7IR+8OUG6cTWoPrwRZiXWb0dV7XiVtizFMWIeZgnPL8izAxRCTekNMkGsyQ1HaFSFaejomlucaZXF+nEtqEfhWXAuHPkhcGXpLpvcB1fE2XsKbVH92E5/L3fV3340Qu/9ZvN5ZWF972v91u/GS0v9UecpJBLBLllYOtgnEj6xWfd6xXZILlOPm5oi3u8G0W5/Qcf+PGfvPrpT4Wzs/f+wA9N33NyrNdQYx1PuI8acect9ee2pVzURqtxJb1q2Re3pVi6PvBl1aBTartTYkddFwa3L55m3FLM7bh7Scxk6Um4zgX7yxEMpXPpgKpkZsfwesUZdlDoyYe3aQzsvvzpf/HGVgNNXWBukpypB2e0x/mAHIwT6XaUKUN6RPRzBxNaQi5IhjaRxn+Qdu/I7bBDbryy1NpsR3hpjCwzQpPQPe86KNMYJ/r6l790Vbt+tLQf4aEkgoTWHyF+Sa3RfemNm489uJB6ohLveWTh9790RaDDRhjR9M3LW1fXmgemi9u2U9nBNLLDRhzPsPcRpVNrxdqaVSzKaimeLEaFMApkJ+q1W812u93YqnearW63oy1IE9Mz1ZnpcmUiDAIKDanVtrY2NqKoM7M4f/LB+ycmKyAEi7jb7RI8v0jkeWwUuan6tRfBH1TbtCifjq5cW7HKExPFYl4740NEW9dnA8RRSOT7u6k41si9FGH6rbIue3Uf75hlzBG6Pub0d8ZBO6DNmbLzvlVWK7W39lUiHWIgJVMOABqByA9YRtclpy8stNa/0fMKhnxBal5M2WEoFIFWWlKwv4e55n1YlMoirHU9SvLFmgYYryh5l9GnDEmcuj2DJ61cf9jwVyWDv3ug76J+NZ2W8kUKKby2SweBny+EpUpZzyltssUL2TtL7lhKsCFMo0zQBuUXgkyE2sjdgXBd8M+iLyUR4EF0jzgPdHoC7srOL61Vm98J3NYBlhAK+Dj01uEFFtaX4GTwO3hRL+5CoEyrWQOAk3azyegmGLlCg8KoM4nCgL2REhikGKSE7uK97oJiZkVCPdSevMiQIeyMgfSagFRhuIiBNRrb1RiNVIP/Z0bAVwwUIB1fjDJx7sLkxsL9OAsTzE1zlXDk6TwwDNnhXWnOQwYDzOJFBAfRHo3mgnRCGCO28dqk4jc4mQHFfSDAD4a8CZPTkF7ZjXdIgbtI0rpjZVSnGFrS6ejZTXgnAHUfxdK8HHuVcBkS/7SCZ2JTs1Z0Qf5yaqDkFDwguVEaHcnOppg6L9Hd7MdjJNP0mDRmBf4kRssThrwCqpn5xFKpDIU0ggGOQLRd6UYAnQdOgAAzmhO0O/p/FXE+HWyksLGU4LpTA2k0fwpxy+WOBp0oE66klOUuxIfMmBv7lWIC/EG4MN/zFhYXGo3G0tLNmzeX5+bnKpVKjNQ29XTn82p/MzeF2UyEyZb8MeZ6v7xp7Tl2hqrMb357T4a5UMt52mObz+danfbK2ip4P/O5AmKuJvA1kqzwslTMH1hcWLqxfO3yhUNH7ylVqg89cM+5c2fOnru+uVmr1Ta0xzQI8z4s3kcvqxKhFuZD/8kH7u+22pfXlyPhIy4RJiMVbM8iyiYdErJn5NjtkttQZFoZ7Ts74sZkJ+1FGPqI215u/UFIB6xGZ4edEDa+j3UzGE/g/fc7MvDj3Ea7eWWj/sbFK5MT1eP7DuS0vqEJUwDhf/pCyBgaBEq0o3ZXGX+jFlY1MSWiL3pM/zzEO7G40T4QRF8T4JLv93JBp5cDPtOFrI55pSpgicgBve912hAeoqkPzHwv7xHQBTQeVrQjtXT0aqsv25ACy1QhWUngBwqWwMZtpKQQd9LESE2ZgzRVMNMxPyXzc4GpVUrZSa4AABAASURBVBDiCwEAtVDe7rTrTf3W3XpLv1ShUtLzNJkPCuJTEjHNeFz6P4YYXL4y5bVkIijDJxVkHRJRYaJSmqpq5mVgJyUJr9aejgc50SfmS4oxRyZywjiylSvGukeFAEG9Ysh2RIZTSfnRbO/1zxXTPCmcRdsykfshygiUrVZz9dp13ZxStQqQVgrBgZTWTHICEMYgta0f+hTLnysUuoCoCAgoLDGgU6pQLNLTQDOXUt/ShQhZPQ1iTYEj1dPthWQg+eD4/fdeOX9+/drVzRs3lq5cnl/cN724uHDw8LWLF889+/yBE8cfef/7uwbs3bKOjBBqNOtMppI7RZe+Xu5UMfFSWYwTM4zT2CFkZlJ2m/i9pBx4PLWVCRJJpk63hoxXg8XldG3Ssb1INSBfj7JeafueyWWA9mbUBGJSnmEhxhNto38Rqipm1ZjSeTpJf22Zr/rs2ANSFLFgw6gn8upSS4xX3nmPPHZInbvkmBOc7ctvyJ/8x+rPf7f67ie3mYlasWltNoqTWX+tNve06/ViQRbDIQYpa3YxZM+VNvt+pGXRtGM/OTyeJ7vb569RKmXtNZ0q9rzIZFWiiZoa9JTOqGXMyrJ3IayGaIMhkivU2MJp/5VODaNwRGzEydu03bZtGcgH2R93IjjMVyTBM0l3JHZpmu7O6BADP55Mgl2UM3CJwsQJ4UkSDBtfLC8vA93ogen7fvvi7+gbp3KTK61VzaSfW35uOj89U5j5/hM/QA/6kcP/N/vQfcWDenu+fjaU4cHS4clwarF0+EbjEnJV30Sf6Ib7MSWjEK7k77RQqOzbJHaD/qODjsgBa/PcT0YTzM7TccanlsTfef/hMS4Uh+an3J9/9PyZH/nmJ0Zc//lXztv9XBgcnJ8UY5Qn7z384luXe9H2uXiy40M5Y2xIcfvW7hPrGKa0GtnSUj8z6izvM2zK4Zj0FZKzmbtEtk5hR0L/XaPqNLanIXel2+YONydSWdpJ6momDgF0Dw7c+Xpxywg7rxK7LJMnTjz6V/467V8+c3rr4x8VQzBO+Hg6siTuO05t6Uc0SWoQol+Ko+Oz73jnie/+Hv03TsvHVlmVs92bcjy/MOaV0/n97s/ZqaCQl6329o3Rl01VU5bP+by42RbjlPniqNmTIgt0YJvmJJ91xDViJ+XQbEm83WXf9FgoXLaQ1M82HiEGRZw4VCsVcSIH1NNH4myshrISjpSNdk/cTeW3nl3ZrMfWV0ICsWANy+P2G6QTWkU4uCK3b1h2kyzdmK5Ujl1B2FAMexC9LMqRm5Vz2cDthc9ejlC0inEJGubKkdV9EzMHJ5QDm6Eggr/92gvXKQuPQIwTwXgn8HViijvBtQWf/eK1h++bh5TvyrrTxdMPzn/ipaVmt2eFNmibJ//w1aUff//RpJ1WfzGKQRJrokR2RGU6b2BRqf3RPJTP+kE4VYmrxd5EoVsI29rIGnUbzWajUes0Wt12O+71crl8uToxOTdTmCiTAb/ZaG5tbm5trGnpd+7g4tGTJ8oTJX1jGAZQLaDqRokgTeuTB+VAtLIN4Uy0mtrh0NZHtAOCgBO0wVP/6cu0UQvXick7Z/rebTFGjNtVUnYY80jeulYPx9GpnGLPO3cP3h92pP/tOFMwnuS5bT6UczFZ432e99hLEG3S1ubMrv7uYNXEpXS0Y0woesQFio0vAEftAR64jxMTpjLlg0DzOeeGsEv2JS/D48+B2aIUgheABZ4cygyv4nSLcpc8DynpPun/2NI5bq8E6EEBI1l700KENsnlC2GhmA9zgbnB8uaII84hSEVQShsKlOkg+gugm0A6ncj0dqJWC7e/TRemvkHfy4hxinGsU8eGeqqHEDiDk5QFFUh+ZB+EaUroYlg234UO39qs1be2GrUaLfMFfHFgFj4NBidnkTRbJvIyo5Cp/mVd20+5gbNSOVmxzOPHs0btaXGF4dv6GLHbIi2rNnWlzqbXqLg2XhzX0rA11X972nsgObUVL5eyM0MqZdXk5FXsTCTQeprunjkY0yJCG54CgVABKiAw+Ag0SPtRtLMPEJU4JVyEtXqJddkQV+Y+EGfChIV/4rJ02MEwDkzw5VBAeu9BIh9FeUAjcS6gdz2KkACqXoSaEgkpMEtMhzBj5xAUJ34gWaImKS4DVyvxd4O2mfgB5VmkEwrMYy+SSr6OtHtm7WjfyDECjOEvFN3CWXUiR7tX3DjBVjzM7qKStWWQJgzibPQnUBT0Qx5ZLT7FZhjg+xtIfYxvFre33Lmgk349zBovEyvmToqNYtO3a9K8b9/i1tbW0tLylatXjx47CmcjSHzACXO81LTEqD+aSlCATeKYJi++GIvoppkfz2Jlr1XsdZGUGIJor35CPh+GhTDfyXV67Xptq1AsFEqFXC4nhDFG4VJdaqpmJ5PViftOnnj9rTdLpcrExOS+hZn3veeppRu/t7nZbDY3ms0iQ29p6QG6oudJ7crvndx/oL65ufr8Wk2PM5oyAHKCoSx6+PqSFQ+jbNAgR4Ayj6QcJaxdWQgxwCjjTPu+XhlZ1FhXif7HZaQ6d8BY+pVppYvSpgzLo2MYTiEzIpH7uFSblRiL9W53VpmaB0qo41ZkGwkbj2JezedgVz1XQxhyqArCy8LaAtkLASF/s1U/ffVatVT0lTy+fxGCM7QG0gMtECil54eFPAwa7VyHbx9rXUdFmGVEP8j3YuY5zPFIigNIKli3EAPeSeirUk5iPIESHaSuvghDIJ9dIduaCsZRp41iiYcg1WadoGLTGkTwMmiYcJYiE3yJR1MEx4EXeiHBX0FsL0q+WsUiWh3k814AIC2+HTa6E3pe7GNWKZTktJTWbbWbPqyTJbFYlooeEwSPrcSKpzYuyfCkw+12VnYx9O9MSTfMvLJIAn1QONG/C+XS5Pys7r7a2qaQuLhFUT4L+EeZzgERhHuT0P8YeVVR6kEe/yZcinxNqCDDt429mCwfDGzg9WUoFM4cIhCa2BAkeCQGHVLsqdhcXsmViuVqRX9MLX5omSDusYFe60W1zY18qVAsFnuwiMQrlsv1rU3Np0HLgvkTa+aSz+chIxvpBnoEBCHQyl7UqusBLLR+4+uawZeuwnLhyP33tTbXa8uNq2+dnZiaCquTxx66v7a1vnr1yiuf+czcvoNzx471SN7xKIOIMBxE2cAAwdqssK/q8pttvuRdbzv4eqGiBmGcSGG0XGTCdJa5lUVGMYqBFUwlZaNxkEuEcUoRxklSm4lTNMeFc1YIG7mCbcBreNi5dbrPdbdcp3QIJK0vjDm8xnioUwSHh72FP/Bo+ZuQNlbGTG3cz0rFR+YLDA6c+OrY2wfa+Ja6sto5OJPb9nPom/7nHxf/5L+qL788eAa1mvKf/2f58Rfjv/VDcm5iaD0vXYKgE001NA+1B3XPNNY2NceZn9y+JY44Ig3fSYOdiIz+buL3BhAIOQ7ZGEYz3C/m6Et7WezwT0I7dxjdosxLMjORzk+RNVAJ1neVGU5CGPO0sJ01qAEy2SqzlemtcNwh2a3q29/FVvTt921VepvCOHG3SVcIITOW+iRbFr4mWfbNlcLIA/YaXieh2EVvRFzb1OQllBMqheIjy66UYFtR/AdjPzDqCXHCalj91oPfXPSL5ovHl7YuXalf+eKNz1+rXy2GhVypfGLixLumn9Zy22eWP32pcekfvvb3NLvWt3zT4ocerD50tHLyevOyidLmuBOzFYSQZFjnCIwTNf40GDDxtpuLYxrlPvT0g5XiWNkBcqH/0PH9r5y7Rj+v3lz/wy+9+S3vvHfgxZ98/rS+wP68/+hi4I9lgigXc7pJv/vZl8XYRYmBerYccXlf5znkL321NPgihmTGwmCWxA6CiDLz33BJwjVMYZbQXQkXFqzXK16yxqgkUri+AWqDMJglwj6RKAtxcIN0EjtTPDacNN3OhC5l406EQy1diif7+nTg2a+pogYcUWPO5VsspYcf2fzER2Mn872LceLgmqQQSlJ4J0kmMnZ50HYg0okya+zs8YV3PiV2XAYIFKl42NS5Uf3o1jOavp3M76vm5jc7N8V25YnK/e5PTajuP1Z4/o3tM4jpyzJU7XhV3ry5/TiYzsm5/LZTR/XtuD9TDGVgByYmt6+pYnSCdMSJFZlk+kJ7eX8F9mhyVhFSSBLTDNutxri4OHem/Mbnl4k7JBQ6sXOmkVrMlu+0/2aMlsLW4XantAoYo5uY48mOdOt0ojeG7K+dW6vdrCuCi8ekHhRBcurdB22rpIlRfv35GwiVjDRKEiYKSZCKaoh5QY7canReP7P60L2zwtFBwsB794NzH3vxBl3DCPtCvHhhc/2J3nQ5UGO0uX8OD53VauTZkcXfNyumS91C0Mv79U633e70Oq3axnqrXu80m74nwaQ/NV2cqASFgja4autZo9FYvblU39zQvvOFIweOnzpRqpQiWN0Eq5TBchX3aDyQzCGyRCQmhx0dgwV1He34A7SJCAHdi6ViLl/MYaoO8qmB+OHJjFH6tjtoxy6ZltwJ01bfu9vOSRRwcw2lOxF9DbMeim0bvG0YRn8lig0c3CSJ7hwkBmB+IfAV/cU7rRaFm+htr9OL2PMqOIEMNl90MZSBUZRYrcXgFU95VLkMc3kP0TIYaQAbhQKJohXbip6JYNWcxAdhKynaCSeex9qe3OaDSpYqxvvKbFGGLtH2/Xwhj8M7n8trh1gY5DwfQL9i9CR4bnAQK7HkXUXMBeqlTgtTEWrPbEQGarT/s6RDOqkBqjAfQkTKOsKkqxsPa3IqbZAdPABtEoaQyh3y6QSB5zPWiTBjTJon0pJc2AP8gl6zBVFsuvH1ra1OswWxJoJDhRBA3gPXh41RMoNNiX4j3JCiHDylEZ+CzY/O91Up/9pYau1tKGaODHjRjMtvp/Xaf2WiSAohTG4B3h/4BIV/LIMCpn6qSqYJzp1KjvgG5HROQgXipImK7k3AXHEMGCRbQaYV1GD7KIwkmAJ+hKTwJCxsW+JYOFRkYf0tJMnpIk0gIIduzAl09ITqCWP7xcfFplbB5M1PQh7B70ZPg3gpdOGY9eccxJEMXIvIYWCHKCez5EWblEYHGgaYSz3MqRVh+Ivp4thanCU9QOCEsZ2edIigaF+4yMdITehxXNDuYdYu6VPWRraEx0hWkk9EnaWEVefdL2SfkXxuNHARehSb0InWEbpMYmFwxgn6Y6XzlTHuR7WbsEAa8F16KGcJZmESiY9HWcmEdgILcOyKOK0Pp/xuZmAMphkZEWJEuSNBJ04jWVsWHJPhXhCbycA20ZHcWhoyymlxhJicnj5y5LBmHFe1K71anZ2bBaeycX/ontXUHKIFHUGdcBt6EU6YKNJkPgOOMt67KbvrBLXg4KfhG6fa7IdBqVTSvK0FKeN6LUi/VtdSoGY5AmPKiHYLiGGMYBZ5YnZmtlpeOnv69OTkzNTigcMHFt/5xKMf/oMvqFiLr2s5KPlcrqiHnS+gPKBJAAAQAElEQVS8uNspBnnNDB86fuzaytKbN65udbWTH7KV+DLxn9MEY+2Gf7C1iy0xfUEemWLmg9MX3niygnPTuDc4zUi4iEp4Z6ZaMfCgc4TJrrvWTRgq2H/9uJxJiu0sBbYndyw9D76+ryMzMhzmiDHjEaS0SKqWHlKI3bbSaZ5ZWtJyzsLcXAVS5+RV0FM9pd3nnu4ZbW/O5zQbafc0/8AEOhiWpIeolowgWDrCtQ3msysKSsBQO6355TyvnAv1SUrnyJ4MfXk+7MK9vWYUAfpbrx21pZ9DqiADTF5L4YnQSiEolsGwO+X0Iw1moxP6YZjDTiBMOQWJSzuAiQ3xLCZMUgBUBd7tQbpK2UOdC9oXdXvtekPaMMpY5UtFXSf4JoS17I4tDX/lF/c92Q6OPBcifrQJdaIcRzO635qbm/pTaSrKSYtSFSAxAT0Fo+k1dWK9KFJprAKlKO+Ncd/FBj9Q2rjWvvGPVcsUEZIOMyYxSSFaiurU6/XV1cbMZGl6CvUJj7FlpbCIigJv1jwi5/utZgAQlLrduZwW2yGXUL4tizkTlSi02BGqEKBOtK7S0mMqB1FQGNSly9F772msrZzZ2mpsbF47f6n0yGR1ceHw/SebW2trl2+8+rln3je7EE5Wuij4YKx6D+U7jje1eq1wFV3H5cxvOIwo7TaIc0wqt2PC9fUyorjKgEiJpC4UAY0JpfoiToS9yR5XzhGR3ndjSuwKb8cQ4CiNpmZlnQyD6hwYy5LoOuxcQyQT9OnGiRCrHIFWKTasetY5CGl0UIRXSHEowpH07QG9eGQ+j9gIFO+iDGNnoqGn/DNv1r7/3TNijDJfFf/LnxKXl9WvfEJ85jkZDULXePkN788R5Mk7B8+F50439SvXl1er+xY9g3be2tjQsplu0/6pkZJtQsWGAiS4BzKEwMp0Y4os2xblmsH3turUYzhcVmaeu6MqiFGb31LZzC/pIKixubhtgnPLmBgnbwveSRLSMRDXRKT2mckYH7cQ1jrvxJ0IQxVkOu7E/TrGCckAzG7cSZo18y9XZqVlVQpkA8n7jLlqNEXDAXtxdyKXpLbSZOHIxFH9J8R76ciz68+dr5///eu/n/PCxcLidx343n3FRU+4EPoSY00UKfMIk2lkG5lwTFaAhBiNTrLTkr3Nkk6rejjhhqOreuqBI/cenhdjl6cfPv7mpaVuj2nZS2euXFvZeP9j9xzbxyRReyUuLa0/+8alK07EiS7vevCoGLvoJq09cvxzL50beVVm8tmfzvHUJa6uxsXuW1Nq6jbDurhLHQ5lBvwAfBEhUiM/c5YlL6vFpLieEP11Wi7MrCjFl5MPnRoCvB3YTiUczpemjJb6y3T/ub3Y38vK9OTXyy2UHdCByaffc/1f5kSnbVDd8X6zVWmME9oOxDgRg5BOMnEn/ceD8sSh939g7Mb2ESs15HjmLpVMPiFG6Sgjila5/+zid/+zy79iVmAPLtP5/d83/a7MwWrFP7wvvHR9VDCBvkBfljn46LQ8v6VGI+KFnvjG/eNPGTvfk59DOi91yqFmYvgtYzx+x+LTXhQkYLuiK0Tks8qlG8hrfzt+gvT9wx9sHBUUqyGIKNfq44Hb3JGCMCcAmEqMgY9a+czzDEdgpBM2fsh+9ml+Gi9OUkwfyQTRhA9KyftuGApZhZll0XR2tsLZv/jMFSfWhKNJ8hOF/admbRtYkY3Vm6/cpEw6FHFCi4pivpcjThArBc4+99rNh+6bFc4TdXn6/rlPvLwUUS5WqgHv/eRby3/88X3SjTIRhv86+/1dMrDIXcy89KyN5ivdUtj2ZTPu1RoNDDppN+uNdqOuKy9VJ7XPolgu54oFLZnVNjeiXrdZ26ptrOWKuf1HDu0/fKhYync67TAXaIsTBhE6cdhCWN6QajaOb03ztZut04EUIYQ8oX3a4I4vFLThl/JxoJGN1nNnrUxfI0WlMHjU0Itoay6IHW+ie9cubPs24iTjalHO49wibbNxiPFHo48Oi9pj/OjaKIkxFK1WD2KOeuhyjQQ5kygmVXEie+Kx6AcDtQgGRuz5AeWzkLR8v1AsSSlNuAl6cxEmPAZMEx5dukKbVQcDTSSFSlDeSTGol4YUVz4VfZ2TmmD0+TCZhadt9YUiBZ2EGCHjsTagBnAGQlPA+BLdZTGhwei50utiEgp2LnlGkmdWDs3g8HHptlal4tiITlkNJUtulPMRSa3WPaudMeABzOX0JMVVvdJ2OPUqRaWQR59ou2639hxq16H+a9br+lvj9bo3QgNaACgnJFtStnuDqqDSyntWK80eNCLd6M+mRsygt6M4s1a5QnX/Nbf4CJEWehOpVzrXpIrbkbIPZiZVZer4NkRFmT/zXB665psnxjCrtBL5sMSftU5mDeQ7IUAdM6h5uFOVMe3grO92AeGoG/EQjSkWLbbTRqIrR5kZwEMQIzYE5pOSBuaH8X6Ai/k2xAQ9cukgEB6rSqasAPi+RHgofQyAAEXUJKUS8dq+kolQMZ1mlyxybYY+I2AETkMf5hUmUuAcOthIqjc2kN3KZF2j1qc/b/Z72y8inFZwRB3bAhgO3Ngj+LsY45qZ1bFhDZBMAkBddCe0IRANMp1hOBrHl/oeg7vQF9A0z7Mu4ix95m8uTP+PmDVjTqg9CzoZxktIZsU96i72qyklUmTMmCvlbnUl7WyemZ093GqfP3/hypWrejBMz8wQuE3AnmaqW9lx7AObBbiamKIyoygwbkW1cwnMVRZS3cGYjnzA871isahZM4Sc9JRmdbXalvaYVyer5GNVkR5cFCsAIyGOtFMzPHXq1PMvvvzyi8+/692Vgiceffje5bXmF599eWvjph6LQZAv5Etazte2WS0q6IHmBfmJMPf0Y4/Gr/kvnT4DuVF8Xw89SRlRhMv8UhzIWGBTIakZVmQs+BSasrvPtYPiCnOOyS8pavgt5mdq3969PSUfXmd/2Xa0DODoI6/c/jJ+rr0+NszJflGJWQlI7+LQ3p7vtXrSzwUq9i5sbmgv3bFDRw9WqgvlUihFq6navQ4TNz0dQogY6KIUKUTizzaTiV2HkPQAJ2+MQD2aQvoqymnqnAtVpRgziwMkjLgXF3yv6+F9SkL+nrijIp+mCOhB8Ci8XsaCl7l77C3AV0qYujPH9EEKBYCoRpZ3MYFZp6MrCZGfCZLkMNVOjEBYivYxRhuiE5otwY4HBrsDp4XvmUniBrFy/44mVwmK2W2fJXtWUoYdexBfE8G7IB4oCINydYIS9XW1vCuk5u+0UJkWgErhOAago9GUEMNYVDYThnDpicPg8dOR4CEBt4n9x32KC42omO9X5nG479voPVS/Gxsbq9euAv6yn8OP7zNVViBH6CdqOhximHkvioqlEiGRkjFY395qNPQo0Fo7qegeqwAgDXTb3bqqVacmZQCymj5SnqwcPXnP+o3rK5evrd+4ubLvxtyBxfkjh1ZuXLvy2rnLr791/vgb9z31eNfTwoCIQTlitV9S9Kk0IdDDSYWjt/TpveRO+3rZk9I/u/dWs1IZjBMpRAbFJI0jovrP2tmWIBIJo5AT7oiwgn4a6cQcF0K4+9wok1ct2xKLm5Jmx8lTSGeGAe3R8gei1IR3Yi70BD8A9rWJkfJo8IUsMiHiEZoW6YimIuiW7mP45YK3byF3/UYb9BxKycmMgyqSH/3y2phBJ1QOzYm//UNi5dvVv/+k+OgXRLebHQatlvznvy4/9mL8179fHphOnXr5cntlFcIZ9bvXllcmFud1Z7ZrjfZWnb7UAwfCYc/lsSCMNiGV6/uU/WAnKeFHDvPy7FSUtUW5GCfO/h4XldRvRuaAIkdWIOwQdIVbZ8fUwMdoXI8CO3Ge6Dx6FMaJfVx6X4y/n9mKne0r817SCZuwuCbuftInZt5LG7GSNkhZm2ECsSAsuRKu0VbYuBNhffPOC6kEgIZ0PYnwcyhUSO3SC5AHMq4JM0RhLOxx/KWbX/q2g98mhpd3TD2h/0ZccLr2hlHraOlJbO0s+lmhl1POh0vPlv63GFD67sqeG3WBW8XI+aVp6vsevUfspFRL+W956r4Pf+5Ve2R5vfZfPvlCtVycKBUarc6aJk195QOP3zMmmIotTz947JlXzkfxNm+ZfcXU723ef0QfJjYY4nqx5XdCCMutDO5XnJ1GTH8cfJGEIZnjCR+kMcwIZH1IJ3gDnuX2JPUYMid5mY0FIjKEJcFTcVuSmu/OzuC+7O/EfpIoth9rXw1F7frknha/VKp+67ev/s5vCUFaBQvvLsZJQvjYfGnpJzp18Ep3Oam5Eo9TXm4y3+DWvf749/2QNhGJHZQBPZMai0PK9iRObT/k7skv/u0jP/1vb/7BpeZZROROlVxQfrr6jh+eee9AOnz8YH52Mnj9fKs/z06p4N17NN8fcULN/q7D3meWxJlNQAbOFF+Kg2Xx/gUfYRRGF0s3XFFs4F3KGETdQwNr21mZnwSifTvMckEgD80VDy/kFyZzM+VwsgRZhzea0Wqtu7zZvbDUvrzU7PRAkt8/u7P0OmgOSNlM+ZjZCkey6rvVqUNkauB9liqVQQpBUe/KzZq4O0qt1fv1z92UrujnBFkQ5/IYjcBgnChh0LvTPZLuHmOw4s5Lc4HkOP3ijpED7KWpSI70fn25uXpunaJGCLOEtsffsY8WDbs1nH9rRcsbtG5XJFtlVvJyrhw0GEL9l27Ul9dbc1MFt56JYvjQ8annz67bGijS5QunV7/rkcXAl3I4xol98/6ymygTKkN0q3YZUuq0o+7m1lZ9s9Ztd8Av1+35flCeqMzMz1YmJvSbdrWDqBs16rV2s9Fu1rT56NDxY/sO7NcWWn0K4J5Vj0RzA15lV4rjACA7lfGTKUZu6KErXT8RFmRr9wCl6gAQBQ89gKiP8+1GMnGVr13rjHtb7oB/YftCLr1Bh4XTUdavtF11IqU0DX9m6hZBVne40TMGFvbOYrgJpM5ptzv6v1YboU264HOlGBDygIJUyfjR7Gozz4kVpmLBhZkkrAK6czFXKBZDWNIcsE8T/cvUMIg3waANSFdhBBfGPYmNFKOsbpm8uRhdmP4pvlilu8IiQINTHOzKuXxOT6V8MZ/LhX4gGSYBBSptpI3NjdQBUBsiBFHMDIbmdDjxEKb/EOQVNJOCusgKakiTLDOS9m2U81rUZOVYbNIvp6Q5RB4UXXL5fL5QCDGfju/z0xMbGpdYIoIMzOoO+JIbWzXtN9R2aWp2EOT4AcjjuHlKmnXgnjkbq3SXZiSVZKi7o48E1tSB1Ntx51rje9IXbycBUc603XNSpuyISvrBcFemA/GQhyYE1pmGIq3eDWhw38xRqcOEr+EwN86kY4FjnZtIETYCKM03bDMFfvgekhhtftU+cUaL9z2fszol+CUxUQSA0tKsLSIEkaTbpXBGgn0/hA6i+BIIF8MsBAJ9RNIEneClDCuinFd1+yDpOCJtSG0wjY5g2CVuy09djAAAEABJREFUJ8e+KKt4YGYI1tbdSBhlupG+p8TYLwusAo57im6DpdPQKb5nSUB6wljDlznqMmj3K9pP7KoKREnZH8RVSVundJ9D3S04wkW/aURJtTDetNVC7h+xRU7xUPMSEmQkZEndTKy/f+yZsa1GmL6E2MkUu41IJzTuskccWiAd3ilSNGI3cgZmcFALiwutdvu5Z1/Qw6VarWq2SXV6mPyMhotIdxAQeuTNEJmhZTIOLbfcRWwnjsrkX5JqzZsYnYDsXzyFIOGTH5SUakMoaqdW79YA6aRQLBU144kgTYUfARg9VefTGAyC8MihQ2+8eebi2beOHj2+f27mve954sr1q1euLDeb6+ur+u7KZGWODcO9DkzAXndxeurhkydXV9eurW9qVUATBhHCwEOFBWKpTOwAtY24G+Ppu/wyox6rgY6B3Xw0Mf73dkU66YBeqITTJz/dVlmG4B7kKnmQ9tPzhKfal5XpYTOgE8brATnOdTthkY564MpM/DBlEj+hcifx4wY9lWsApokWTRvt9bWpF1/6hkceXZieLmi7QhxpP3ir2yYZKwxzofSaWoqNOzSsEakOEyCgdBMbecRkVVFeDDFTSNdjT7viCwVkITUJACr6eNyJvTj0BcYg6uGmpWXlhYIpNTzVCxAeQ9t/MPoDbLcxsQFByW2NdZeAweAnMkU4FmhRmBLIYSiJZB1LEnKdwiBF1KsVR2zGhMkFUWddY6hC7Q4ekivkfRmi+1NRtIqDN/VV7tpP8cf0Ed0ZYT4/PT+nO2pjabnX7rCQRXxLicTvS6KMoE4HjigRmA2/nc8QoWhgtayQ9kgZEp6VBYwe4rTHDPjYEUokouPAJZ5gUVgPaK2PbSytlCdnqnPziiATyW7jU54m1W23fL/k4WwJcxBcAqlP8Xl6lLYbzTDwMAWuRy30g1DfG4ShbDYB31DfXKloiQT4fhxNLs6dePjhVr29sbx87qVX/XwwMzd58NS9K1dXN5fXX/nsMwsH95X3zwLCShiQ9GnDqwQpJ+lvoYx3P0N2lGODtj0ivl5uX8l0760rM+YLkuggjOBELIg9Uspx8zpKozI6hDBjRiVVykFb1ulNDY6fLKnTPt3dJvVkYk3cOoW1XvEUJjFVKesdo9HtUUgLxh1y9AmxdVJ+LAQKBq3wQyH6hGIb5SDC+8Spyu9ea9D0R8OK4t5DtnL6bP3CjfbRxZ35UGcnxF/6bvFT3yb+zy/Ev/kpWa9lZ9Yrb3p/6V+If/PXVNmp+PeeqymMmdPd0IUUiJv5cqm+skpdqZv2rhPjN0M66yZ4pLl6B9mP0iuJRD8+yjhl6EC2n9e12+5dSakJjnV78JXDKnFDJUTiwk0iHZRjITLXbCOIORco069jb22f3cntzttmbxNKyCTuRAhrQVIiE3di7nfjTuzAcHvboQxuEAxWjs3wAYaEIj9Uwc9Dbj60GZjnqnfue/9PPfBTdMuvvvFvP3Lpw4cqhy2NdItmzjLMJaMh9RVFOaj80dIn3jv/Te+fg+X+6931/9fLfztBPcGXLoVlaqc2J/SNtMFv0V/6J8eA6WIPSZmhnoOvT5dyYYzkXH3l/iOLm7XWZ1866x7crDf138DrHzt16Mn7joidl3KxMKxOYaiInVeZn5nrMj9MPJ4QqS4UDhfjy2WCEZL0q5GU3LPC5YY8yKUb9+fwXPJZpoMCbT0y5aGRQiVcWyg16Cwpqk5MTMJns3Uqw+aFcJwVUrr940rHtvNUnwzff3xPaflXVhn16uNb0MYvC9//g6u/+18xj1hKbDdRI2Ru5K0wSCf0y71hGNKJGnQcvrUfPPCjPyp2UYb3wWgyRWfTXbiz/lwMJ//GgR/sqN4brWuRg/A85RWP5RdG31ut+E8+UF7b7NVbcb0J95aLXrngTU+OyhUWSPENi+J9C95qW3WdxmoZdCEvfBJcxy6uoahvRwhH1u47JYY9aMwhuVWvnzg0cfbylr3rFjXChZncu++bfMeJiQcOlre9+PT15pW1rvaHzU7MirHL8IiTzKHUgfQFMlVfmvQ5kaacmkDvv3p2+xROd6b80u9c2qr3sA9M9gorn7G2lSCdkGaFZiwi+qYW54WzhkkTR8J+a9vB0lxsu1MaYydfZmQ5kWxFenv5S1ci5FdOxInWwdSxxxapUmXYvN6++epNhpXzMMpEGowTDHlRgpakwiMRBwVm/stvrX7jUwfcJ+p6nj41+/y5dSVszXCi1Ys/e37tG07OKKNoJt6V4RHzO401MXLxKBJID4mDQLuI61u1+tpWu94EC6OKtCV/YnJmam46X8jrr91uNlrNVqfd0TYkbVCa2bd48OjhA4cOavdWq9WE707GMsdx6AgGrtjDRbulAUa9BTIYeeX1n/ZrmxXk0lbi1jCC390OVng3lIwlLdMh7mWZ49Z75d7r9q0Yo9NU1sJncUS4SudSIQgjNlW7nhuUQQ9y2bSbkGWlVW8hXEcXk+l0WWyFVnkcbMAqoBE2cWAJQ1XQk6rNmEUKgyiU8sViEc6CNUNwdh727NIibU4uBJbaiFzSrilC7lCzsZRCmdeOuRuM/94sMIT4mGKpVCyXdAt1O4PQx6cZKQipPMZmecmnwRxVWI+nveQt7XtraadsJ8JUQNxEz1NJM6SpDXtJ2eaPYWFVymgsffdAOwkoAZAStAFZv0ihkHesajycEOMEpBf9VbQnpAOA25paNJq1ervV1kQjQjcH5uLxMHmcyLB6d/Gh4nq9YQByQ0fsoMP9XTBg+rx9dOMOkCyVjAcS0HFPRqkLBhRpcGikczv/a7bEXIjIx2IIaTIfQKV+4Zwmv5Z16Sb30GIMlgGwTvRzeT7hzLOaK+mhEO0dEwwCzPpuD33KPQRP6kZdjOeAYLco4tiOiKYbN9is9+PmoZBBDyJQE4AbwhgOEjoS9sQuJGmbzgvvTAqwxNBnKHMcIUARpitRhiSZxGeUL0ZliLayGjw9K5F6JIGXeBgQI03UCx724YTPgMyScfaV/YSGvJgPlPlqyY7zrYS7T9/aNs+sRyAXK4UQKStJ8VeH1wdi34UwoB4AnABx1v/ondi61SABG5IwBHlyTBAMOON8NdO1aMV32n6LSoRb7kh6HaewayUzAoavbhy/6OGre7lQLM7Pz83Nz968uXK+eOHE8eOaLSkrnaefQscpWgUTUfU6bRnqxgDijDCez/Gbxmw1IQPDSJ+UxGwqbS0gRnqA1Gq1EiR4rOhZCDZPHM04WkzCLk9OVqv75mfPvfVWpVRe2Ldvupr/wPue/Nznnj995vrW5sqSXygfqfgBuEtBiNcyhxe1N9cPTk0/eeq+Z15+5dLNFa9YlEGgiLHGiiRaGm5OjygywAnnA7kkkt5t4JupIZ0y8ve4ZdeDZBT/se7tQcft7t0vdksneEu4aokwXjy7kABe2I+DsCujWOajUMhO95XrV2cmp6amqsdnZ2Uv76soxDxoChAhwMGuwrgJUUwA0mQeyTKNZ0g7jVUw2EvIjuATW1aQzWQiF4pKGTOhAVZGhGI0ZI3UjKzbE0glkc7m0C7ASCWeCrjtHkZ7qEQ3Nh4RPmq/lg84dZBqgWguBYDzXMSZrHmJgKQ7ug2QJ0jPq9jjGAgkApFAZBTXUhwK3Y48vK/vi6/eosaYmpJXdkqMB/KCXDgxM9VutbaWVyMV6b6FcOzIo/AmEhGI0xkQM4QJk+hnEtzJ/GyjSWneGqHzSZNz/aEgbMkjJ9BQvodQbMrJFOhOWPiyPooHvVZ75fLVYqni5xDvxCFxCpOQNmq1fAE0LgU5pHxthsTDwKf1XNCCPgSjSEwUah4RBP5EdUI/Y311VSt907Oz+XwujntBqbD/5PFarX7muRcaG+s3zp335NGF/QeOP/jQmRdevXrm7Iuf+8JD73uqMD+lR5+W2UABAWoMwCfcITuhOTJtSvh6uXPFoUS7rsFasKTxORntW1k7geqPOFHmXraswf5CxW/MBK6/SjI2iXsvWxlof37CJw2nlJc5jICyWCYiFVNi9lFvnyp57nGZwj6B5tg0N0ykPdZ5rEstITnWjKcnQ0yrvE2sCgkeDC3I/uGBVsKn75v4nU/coFg3IyPbFeegaf+HTyz9rT9xWOy8lPPiT31Q/sn3id99Nv61T8jlldQU29wUn39TfMsj/HN5q/dHz21aOqnb0Fxba29uAXwdtMebmw1mKyP4SNolOuy0cNyuqSuTX5ka5HbLToZSDicKZNtKdlGkSD6XsAs4Veq59soRhUZ3ss5DJDZz+xLCDtn0LVbrl3JAr0pTlUwekcU46duKzLPs/i1uRd++s1XprQVREOmtY94wDUziThwdJhN3kjw8kRWUG3fCU1RacYuvT8XDOeEvKEF6kQJ3SyVXVGy2RFOIpGjgZLT92H0/8eraK6+tvMwNVMr1ypTCkiyWXTWG6NvN9o1ad1Nfed/E/RRxwt9UesrGEEhZDMooyRKWrDs9HeonRvoZhpfMWFLDrjERDaO9IH6wSyn0XQ8erVYKH//Sm20QiUeVb3zy1OMnD4ldFX88lDU1YDqr7aY4l74+VJnTirFMYneiSAfpxHCx5F7mkma027NEySWhlZg6zZjoQzqxY5yZTxqzJDmbOI3wrth+fxeFxd7l+jLsFE4YrT3nzlmnowb2aer4XpP0u6eoIftvyzvn5uar3/Ct6x//CDtQ8B8bcSIEW0YJ48Q4GY1FZkgOHeXYJvl4GulE7574vh8sTO8A5m3cokYcV+6PXYsNORk8UtyNzKY19bnpYE7suGiLw0JhLCo0vAw0F6n0FQNOpX0PA28ZqxPXNpsfuL98Y6VZbwKdT8l1pmlj6onTE8Gf+MD+b3hoauy82eLkvqL+g71uQ/jarT4Wt3IduMIRmZKfqaAS6f4jnSPZysxPRUghHKvBSCFLNxs315vzUzsEZdnr8nsvrL50up4IpynNCI9KFrGEXQpo8U4yxekY8t3YMpS50nJap4uNRCiUqUe5cSfpfdWLr760JIzDJIZFxJ7eHnpgPl8MpdFkbT3Xrm0B4UIsEwQ1xrv4jeAjMe3CVyW8k0tLNdmng9yzr6IN4Ku1rpLkNqJllOrTp1c/eHJmYJtFWtfYdkT3MVKjQSc9uk1p1hqbm4BI0G62o25He34K+VyxUp6anSlVStpHpp3I4PxutzqddhB6CwcOHDx2uFQu6xZ2um2B6U7ikaTTuDYkpQlHnyCAN2iGEuZChKnIh5Czg3B/s1V9RRi3b0exAlj2eByPeaVb9tDsNsAXIQwdwDkZARC+vkx/aW2Q77bb7W6r24a4pXa33YVEEuCGjNn5ShACnpEbFScXU/a9AEcWMqZru7keeMVyUfsBfMjx4hPCAUEFKEYxIe+y6gCwAcegoEcaUqarxNErhhAbN248+97mfycYR1mTFSer0G5fXDvq6aaWyiXdWv2LMB6Uig2d8YyrOKGAJvVPhPDnet7pCYfJdBDt0nIMG3CHBNoAABAASURBVNplJHCh7BJyqyj0t7vvw9F4iI2iamw66FqnV8DURXonr+3FuRxMT+d7wcJcTF1EWeb1d++0u9o63Ww0NCVpNZsA344LsfyA3fy6/z1X8xrwEaQRxrYbq4MFkO3L3UNJ3h6ytgMaYK0nQ69w2z/Q9amYnsvU66a0Wv7c1mBohQd7nO2rhrF50sR+wtEYF3urXhe5SrNJwCER0JYeTjhsAM00HI2UBDCjdUmPT0KMCeej8U18iaFugG/iU9tMg5NKpCMFpXtGMWYRwq4QwImyM9ZIHlJS4AneZVNB2KYLI/ggxAvNUERhCSDoxHMM2iRMSGM040ekvpc9MnL4KfN4+kB0JZGe2DmlnLY5xgO0M2D8aoRZ9ABrKoJI0y7QaLPeXiDOuH4nTJ2TdKPTAtNSYbpXygG2ld1SgxHlTgedZErm2/BY3N3rIc/TY6Y6Ofn4448+//yLV65cq1YmDhw8AJllNPn2PekMFPfREicF8lHQ+QNgA74d/ZjxLtVMqmBQI2gasWNe9REirJPiSIT2bgK8Xhyvra1ryTTAHDlBIQQDBKVlRKmThqVuT7GYP3L44Lmz58++/lq5VKjOz5+857DmREs31jY3GxurK2sT08VitVCsBGEoQGSQoe6SdvfefQdbW62NtdpKvVHIBZgUlJQWSvInMs3MCAaDuFT/uoJB+2J4J4ndDGKVWjQmB9Y8PuVPTCGJ3U6MX/ZQ0NyTkqIpjhdQ8HBTZvk4RgQEfizzcBTyF8i1uPPMuTe1/d975NFqgEb3XIjW/x4tRwBQBz/QLngKb9ZcyIMwQOhvSXoRYfkQ9xE9YiCC9UHgA9VCHnKhwbObmFIEyaeH7oWo1+j1qAJ9iYi6sQI4ICOISklRC/o5sZemEDjdnBfXoz5fDDxASmm1Wy0IfuxFOLl74EzwMVBREPOQFNmN4h7GEjJIVVd2GHpLoepLxmU/lxuuuI/+Lin91bb7riqZgT9owjuOEwlWPf2zJ+JcsTCzf0FTyK3llV67Kzg3aAJDiHFGUeIDxm6n5c3OdDW6AUn3COSoMO6EIptQoPGzTkjzAOOaNuG9ySJRgx4B+Z5g1G5ojjA9Ozm/EBRySFZdAwKjF5IygHEnHqFTEvwJJNlptnTdISyrpixs3Jh8vtDwas0toOHe9GS+XNCzJjdRPnDyxNrycuuNWm1lbXNiolqampyfnz2wf+nipTPPPT8xN3n/9JOq2y0Wy7G2EnRjXE8niSR7nN5YJa85Bs1RexG++fWy42L7XO2Gq4lEpExCMkhTSJBOhBs1Ymx5yokmwXu/8VRJ3GvFWnfaKkfVUX1aGdRzeDr8O98zM/oN0vfyE8i/a6JYbNtMtkzJP4kISCGVSvFcutAkmU4W+WEaS0nJLNnTR4TUG9DEpx+YzOel1oysdcVaExRAH8mPf2H5Rz4wf8+BHYHMJ0UbN773Kfm9T4nPvqH+4yfFm2eTWXbUcW78rx9ZZm2EO0bEPW1B6AiavCr6wIOVEU+R2a/mapT2sOxz4qRkGTWq7p0XZYxFciABvtWirC04SSrGz8r4r7cZmI4gq4QDdpK+XSbnhcw0YjiDN4PPVnz3YJwkwRD97bETL9M2YbvCxJoIYeJOaMSZ/pIOzeC7eHWIPcsESiYgKI6WnqCD2IdKJyBGhH4O9eR4Kl+lKBN2p5I4mB7mD04/pP/EXhRUyVkw1i2ZKswJwTCRvnSzXyUfXYw3f4ZOsyEndjotm1rK2m25/8jisf2zz7x64cW3LveirHm9WMjdc2DusVOH5qe2X9E+rGj/yegLiJwkzIh+poBb+6chHxkL7MSKf1I6/DGJ2syG9TFXtfTN5bb8QFubmVA8/G09WX5q6syctXWSXGojO+lSxzxNNaSGhn09OSDuxOmxDJlL9+aA/R0Nvq+Sogbu7qjsjpse+Mk/u/HZT0IKWztChmCcCMFyRP/xfqQTNeS4PhJWJx/7mf9O7Kqw9pQuKefKoAE6qnz1DzY16Oc4BzO331JP/fK/+ejf/ys/8H98+uqFa+m8aUY5ZD+ElCOkfS1R/9x3HsoFu8Vzjbvw5+eFXxgiVQ0uJLVZ2Y3+d0Q56Vwm0iJe9odrhqB/jJzJkX+/85kzf+a7HhZvX7mx2fnXf3DV8D+F8fUipU4y8HaCdOJ5DrtKSqaLZdJRdpdcJgQYI3l1r3I61Jg03IW/3BzbqMz+1ZeXwEYCSpnFLIHGHX5oXlgOaF5F/wpyQUfb9xDgTgmKLIFrCCWXXCVkcqQBql3irW6yAliYdb56+46T0x994YYwkSt0/c2N1oXV5rGZotUjhaOzKHdgpYqSQyi6o50P7miRlqjdS9eWV2u1OubuiLR7OCzmS5VyqVLJFwra6R0pWG7aajW67VaYy+07dGjfwYPliYqWfTudDqLxwio4z4Fmx1TpsRUNiD2QrYyCAGLUoH3Ip5NDR54v2dhPa8SlYx1yZQExwk379nhwb2fpdxaKtFfIfeXb/+7SDhzk+FIwvfKEDThWRMrARaUN2hEaKjttKM16vdPs9DrsdqWEHYCQYUWIWGHQCVoVwQHbw2wTCk2qnh/6BQAL0X+lUrkMiDg+OJvcESUE4ZpAGAQaywGk34gmimIj7AIBY4FMk2F8F/tjKOeTThdwwVASjL4CWJBcLlco5PN6UwhzIWCui4jpFpJFSiWUDHKCW9eWX8g91MGMU5BMBwJ32BptF/mhzkn4ComT0Mb/W5G/7+PJ5IrMITeACX2IUrfZz4WYSQdydejpCVuPO8fD9yGgT46P0aUL2Utqm7VGrdZpd8idor0xknAskuoZsTtpglUYEiosrY1OOINcOiuWZXrAm9EnhnHwxDR1N5XbOGedz200LctRtn8qzW1z9TiNpLEx8Ep255nn2uASZWxhKiVEGebHQ0UY1wkMuRgnkMdcVEB+FohriKNuu9tuNjvtVtTtMPQOjibPqK7SCg305wme73iYAjggPBYDOTwKOsGwMGblOA1h5OPgF7YrhTKCoJlNTNASyiaIPGE8GUdaCIuSK7jfDGU1t5AUZGksZRTyEAHEwyQkiBrkoQvRcl5qQsTNcBSspCRUg79GWvIU6dGRYkCWSrj5mBT1gYhpCMCCeEUQmTFgTenvQugmisLpAG+mS6IAZdLyeF7GnhWd2CJuprn5kyzU0afH7xJnBZ69nU63K+hEDSdDFPCXOSLcz7OroplSr92GCE0pZ2ZmHnzw/rfeOH39+vWCdovOwDoP6TxaOYUOUjI64lt6n0Q3fhc1Rlw0NiFmpYEzqPUXig+jyjTvKZc9zQgbjVar3dnY3KxUJkItlYeBlhLI46gQcQVEj0hByLI/cWj/4uuvvb505fKpgwszM5V3PfXEynLjC599qdNuLF27PjkVzcz5UAOGf/p6gHabldzEY/fc12zHXzjzeosRV7ENEN2ieVvgBUw4HEFLZWZ7OpxDpenniC4x3TCyC9V21SRUMlv9NvNBjTwu5dCLbJNSPDgtf2fboxJaueMG7UVRVkOSLlaHwtTiEYfeSoznAK4BcCRxr92N1YbfllH7mdOvhzJ+4tTJ+UrZw+EDBK6HAiyIp/kAB3Yv6sJkQVgRjKULMA8k4/ehT9HHzCaxJDw8wwHLuXw8EavAi1s+kzwPUpj0ulJLgi3NM3qR8mP6qDGbiSW2PgJYFI8iqYQwPZ8hMqRT6cmcKxZoFYiWyxUK6NQzwFFCajMmriOZ3KPIaBv1KaJeFxrf9OBrehwnkdObkKjlXSZh3akijRGBZVBakenJUnWCIkNqK6udRtt8ISUSIz/fykKK7nnMs2RMpMom1AB5iK2mgtQehGuFoYoZ9OSANiUHPSTA5gzSJnoiAFdFMOLb3d76jeVKdTpXkJj6MrY6Emhhvh9h3CiGokMwEmpfkaJ06XGshxMOZ02iQz+E6D3iFmHgT8/ObqxvbK1vaOWmcPSAni1R7OWrE/uPH125cjFqtjeurkxPLuSKxfnDhzZWV5rrG+deeungqRNTRw7oVhgPIXv7MIBXCW8oTxwhsCqlvkYH6N1Q6HuNrfMoxy5m3U8cw2EU+Jg+qFHphcHtVyn8Emd6JjVIG5QtZBaPxDDPFEKJcmILlMqcHX1vUoMxVtrwkUTpMUKucG9ndzgDQhqvtqCQE2GPkL2YUg7392Tgyw8+OfPhT91AvUcJE3yG3wTnuZK/+Kvn/vXfeEDcWnnvffB3+pr6D3+kltbkBx4WJ/fzqc++Uf/8izV8KTQYeZgciPqCv6P81kcq2z1BJhaY1AFz2nx0e51MuYaIZyZ9vyfF2qdvh/yi3OWd5vPKvhiXbQRIZ3wlB/Efm2qnf0gqliO2Bzux7aP9gRgn9unOe2y/n9mKne0bkS/Z585IJql5e5EeD8qcTsedJEzVqs+WfnBvyOSpTGqkJQjm85kmOQ0eEBBT8EuNLqxk9aU/XZperd0UwlK/wTjAe1JkQh+Aas0VFo3IosWTwHSP7cAExyITHzG48r55lxlLSafIxHXETdlO2Wx3utdWt/bPTIhdlUIYfPCxe55+8OiZKyvnr67UW51qKb9/fvLQ/NRMtSRurSxv1LaLiVHbzuNxLhxF2Rh3xOGVWJ00HDONdEJyLLhqYtI8DHeTNtbEQR9xxoNIkE6Ey21TddIQTtUZW6QTEwcjLHdOIZ24092d+KO6TxliZMxr/b04gEJ+veym7IYT5ianFv7Ej1/9N/8/9hhi/nEhrEUV/olZoosdSS9Ww5FOVOa4wTih7SM/83O58u5jyGgsDSmqbzvqyh1LI1oJ3+rFta4rTctQ+pM5mR8dCaFUpyY6GyJO0M4BciM3KXOV0UO+G3euNa51onbyRCGn8tPT+RlPjofhpJwXGHg+dVj13TWszh10XrPR/jv//L/8xR/9BvXo4ke+fO36cjbfmUxs4oNr+MkPHfiOx3eQH2do0T0ZdUW+Mh6lkU6jpP3fESjS1w24WYpBp1hEQVersjK5J//jh197G4NONpvdX/hP57QBzmNfjSMG2rAOllUQqcWmMjRrV5P3dF9Ymj/84cB8iGzHmCuVW5dzRBl5ONEK0/tXXrgOeMieGy8ig3yw/8S06LtL//NdP3D/Ky/fuHxF24oaJsOOpGgVxkoRjFmi9b+56eLRg9Un7+NxmKnt8SNTH31xCSmLZB6KffWps2vHZotuO4UjlKpEmM90B9FPc/2gfh1W5JD9za1ap9uV2lZUyGvraaFU0H79MFfQ1p0WQJw0IsxXoM2V8/v3HTwKGCfoUYoUm2qTdqCa7Bu3Fn0gaK12oMfG7SQBQD0IgtDDhdpsM/ecGkzQibIx4kwKlBBihP8l458WX2XF+gudA0IMNbJl3FXeeNh+o0vSsWQOpQghBP2E6QDORPjQ3Q6UZr3ebrc7Le0QhjQKvU4Xhz+FLNAiOxgiHqweJSEDp7KWLSlLnNLGUJHLF/KlYkn7nCYnKhMTuVwOZeAYk0AhrgmGmEAzSfDYAAAQAElEQVSGesE/KegkpjEaRdRFMe1Q7Fj6lfhdxijKkUS1y0GYgUrRJHpIh7kwXyzk83oe5fUYx9QckoI0FMe8sDeKFU9omH4PWPcPCUF0P3WaBH9O9hnEdzG5zEjQMohPJljE0l6qOW37kCPeRSVvRSAODJzg56D9AD5Erm17B6viILNFuhkxILV3IKio2WrWW23M364dMUgmA3RxeohKQWYl6Gf93ThriUj0BNVH5JRD25Tj7RM7LINvkVK8fcShfwrfXkrF/nnzi8npOE9kCizGLiMo8zbFNf0IzzxaWm5AaCW0MBgwTGDm9/R+q9GEBed6zncBTEn/66E33DphcMwZwcIjIy4OQFzUjf41H5K6cCadAJFO4D8jmUjhmlGk1VlNmz2XS+MuTA1FXiGm2DEDIHFeZqe7krFtrrFHKKaEGow5c3witJhjxPP4lK3LCuhpWUFZW4E9whPY/mZiknmN1NeJzFvH5qKYe0MZT7KiOACF2XN6cRdX/ffAFRV1eooTUkMN/Ckg+ldQXxuW7dluESIhj/x6TP0imRYSb+vUuW1IJ2rAL3gjDkQcoELs8D2zxjk9MTRNp+o1d5yemVnYt3D+/IX8tevliUo+x0kNiT/Z4cJHJPtJuFIMKWKmp4YPmz7NxnoN6QlGfGXqZNUdSfNTHwiE5qOlUlEPqa1afX1tLZ/PVScnWexnGgH7Eh2ielLMzs8trMy//sbrXrV84MjxUq747nc9tLa8dOnizVr9ih90iyUvlw89VQSjhS/yQV5GqhLkHzp6vBH1Xrt6YbPVlGEAPnw/AGOvdCzxsBNhg9HpL2JaoCyT0alIuEm/OBM2OXDlhEx31dhfeaCYS8e2uTPjGhn+RNaF3J/m0ew2MwcTfiqHvYqzeG675o1x2RgXsWvJ0g/pcD2XBFNtnnU7MAgVvawfKFnUhoHNuNOr1165cW1mujpZOlJChKkuhp2QXih9FSit9gSxtiJ0IY2K1JQqpHHsEufYU2D28thIDywNInO1E16Pdy08YuIdcMdFGIMNyRe14Ayodz1N+6LIkMue9AKoCXQwCgsRjOjFaEHElqyqTuNTkGauxdR8EV6102pFUDuknfUDiOz2w8AER5NEqNlNDFmAJD0B645iLfQB4DortFC/n8+RQ4JNgbgMPz3iZfr78JfYrchw5wpy0IQM2CiQlJ7Ov5OIWsH0U2kiNjU3rZloTWx0QV4RxowB1JXlCxN3Cx2vR13MSZSEsIAkqZXNbEsFlBRNpAJFKWhEnJB9HvfMuXmdtqcMdIKwIjgsAEA/hP7W9fX1tRs3CpWyF4QoN7GKAR5i8BMAnqSW+PX4gWiVwKcgWgK7As7faXM4MKLkCKLPvl8o5fTR1eXu5tp6pVqZXdyvh7yKcweOH125dmX5wuWN1fUbF6/M7l+cmp+ZO7zv0sbazfMXzr/y0jv3z7VgpUsp8HKYe0hE0KOxh2/BQqMi0dAbSBMsQcoow7ep7JUof7vb+XaWnWhfzlziWUPTC/XwQRgnLMemI05MtMfNrajejlR2IbcxVKnMg/mEIWgqe9L9oVK7C9WgWmBlwUSomPoVfV0roVlanU2yQ2SdIs+VETJUOskO03ZlkuwMX535fe9b+L1PXFcyksLEsdAjzP75C7V/8duXf/Z7dpk5wi0n94v/8UdSA/jmZveXf/1qHKGvUQG2k+YpUiZ9q/fvPZbfP7WNyM1dkaLG2TiTQSPMkVDEsEQgo2bc6KwddoyND7Q+bnFXItI6VGVjhlIXjlhz6/SVklZsc2JKnJfI3jW6bSJh4ncbxom73U3bhJFkUnEnwnjQ072mjFXfilhEjIQ7OhOpjHiwFM4wlEn4S9KEsj+xKm8Q9VisLK7WlpCT0//qwvrp3zj9nxzCY7mPIXz8MFEMi15lRqRIVSb4Utnb23ETIzqNoVHKg6UjNE4CLy+FtUUqrt1S3eQttin982/wjNzu1MDy6edP//A3PyFuoWjD7YPHFvWf2NPyqedOj31t//xOne2bmnzEjcpxqGGK+0gH6YRvNagkSmU0yiQ63/BQvstw4SSS0jJp6Zw1XFs6jgon4t+5i+sk32dqGpojScuzd7nd4c7fgWAnSmTpXaY3+aca3NFf7WVHU23vy/4f/KHlP/hw69IFlRgqUb53IkhsHEnmeD/SiRhyJW2n7n/o3u//AbHzIlMUz+2ywZJFctCeU+JWurq33K5/+LqqDY5gC09Uyt+yiMCQ2aI6W9Fb/0XUrw2ut7zfP/V9MjcgYq8Td37r7H9+8eaXId1bX6nmpv/UAz91qLxNrp9BErTbCZmDmf4ZeMuwI0PLuaureru12fzFf/nhe0/t//5vevTYwRPPvLn6zOsrG1udcWr4iW/ZvzcRJ1y0gac2sM/ThehYwhRkspXpa9xDUqQvk+kKec/EahABJpKtt6trzY88c+FD7zoq7njZavX++39/5vpK2ypBuDWyB1N5qzt43H6DdIIZgtLEexA7VbZDUblSyapk2wuSb5W2/6S9Pokycbb2UfXlxvq1mq7TRo1gxJvYf2IKb2YmZrf6runZ0ge+8bje73aiGzfry8uNVicyhjJeZ10qBQuzpcXZUi7nSPx9tS1M5qvlcL3RTSJO8Pu+dGVTPHUg+cgiNYbSgyfrRUgJrLdcWl0tZ2qRMsiXCrl8TvvOtSkrRvCCdkv7kxvaRlSqlCZnpw8ePVSqFLq9Nn5TMDeh+1nZJbIspNPbS8ZjiNHfrt2CQiWibAA4CgGFkhCHt5aWQaaboW+buXhbc81OzULjXD/smv4X2Z1VaswYGjfmJnNcWJHPWD1EigVnrs+0Vjrtp5elpJ+GEhrapmAlZNzrdrQzuNVs1uu1dqvda8PiT0EJH9lrKZk/k9UDHVvk12I3rfKCXJAL8/lioVKtliYqpUrR12ZxjwVokiDA/wwLNWNK4gAgKhjVxEgn4JjGPDuJOimTXXpP1S+9C+EAt9gu4d/GiQt5esAM61EKDsAeCPx8ARpcKBbBe+CR45vczwpRmViFxXWD4HWlCJlup4cxNDH5zrHNYMWXnmmFAxVhstvQ/46hFRrmG2dw0vj+YUPE2Ti4zfcAsAcfoE0weQKkMsjlwsAnixlHwFAHYJC6ds53e1Gj3mjWmo16DT53o6nfBiFRfDhvRotgUU+Rz59HiWkzNy8dJivdZhtxjSFFrT4hBnw2R89IVZZcprI7w0qGigy8fldT2d5ohWLnE+26wvTPFHdQziocO3UG3e4qbnZps9t/tm9ts2nuxzEDHPXXmxXC6WtbesH/+lhdBNGKPMW4c6Tg9XsApRVBWEkcdXHOAK4OBDcA0I6J7UBUWA6n8Jg0KZxJhlCZgBbf5+ASPXs9Hxe2++hjCxy+6/FqC7OmiEMhlZE+kh423cHTiuLdYsy1EIFDh07h5KF31s322CmTzGghrauK8lv5CFTvI+SKRxBE5Aqk6BlLCUmzsh+A97hP+saGuxqTSATTwzRsiA1/cOZMQritxAKvzBHz8K49+EpRB1GaulEMvIAIWo/lN87fAMFogrvQc5mRcOiWZ1zBkmUuT6S7PDWszAIzQ6fEdmX7K25X0MkgCUUmwYSZolK3jOeOUu7rmfhoQdKn9ivreXbw0MHV1bXl1dWJG0uLiwv6oP0ANvqEopyQ3fMHwwkAvBa9nDBnlBioBfY10ggOCUXva7FkEZAWQMVaNqyUCr1OSQuhnTDQYujW5mY+lyuUStqnCYiFZgxTLJL+8PlS8ciJo504+vwnP/OBbwwXjx3fP1946sl7NjautTu1ZlPV64UgLBaKfpCrYExYlAtC0YvmK5VHjhytbW2eXmp0ZaSfrdk5kjvPwNdbhaOHBItypNCQ05cFidAgHPuW825isB1RpjdWNtlBcaO03IpVmo1JjnbPzJtBFQ66IOO+FYKthESGRo9KY3bfLrA3o/Q4FZh6iFh5ZiwlpDn7OKbdVsJw67XshyNnkD96xCqlDYcA8hdoUS3KTzS6zagQvbm2PHHGmwqCB/YdLIR5PfrbUnS7HSFjhBDSiiUAQPRIElXd0MOwE83WPOSRyDGRHceeMN4LlOlCpceTCmJgSF3tIQCEEwqz9LTSSdJsM4bqVTeWkErFUz7ItSQ4Q3gK1oYLBWMCIMn2H6J0eth1mn/k8iEQbJDW27EW5aTqQCohkRP5IAyQ63jAOBnKUz/IhG/jU/TztNiqRIdzuyDWSqFU8PVsgohxZXwz2ZGpsh9h1zLPnSxZb1z/WMKl+8atxCRTcIil5+UK+cr0pOaCNc0VuxGsXonMOjNe9w/fB+FvODBWil7iP/DQgkjQIyKx4OuBJgRmp9OkmBU/nuA8uCSHCtr1BlLxnoqM/K98iurV0o+WqJYuXazOTU/MTgPAlWJdHSKgpAG/waJHR4g5pGKV5MvUL9htCxRdAoiNhTh8yoUW54r56vSkltWunLmU1zrd7LTWNbxi8YF3PPma9FqNN25eu6o1jkIpN3/4QGNtdfXq1Vc//dmJqclT73hMMmyqhGysAYaTETqLsmJdJtDeSKlphkodK75e3vbiqBHbXEiSrV3F5ayZVlmME8OPUhEnxAlYEf/Ym403rraFSNZSG40xe0Qks0wkobepOhWFlPXfq498zxPF95wsqT6ME2o/jVnzy7ybJF802SQ8mJkITqSEkMlLuMvZcJKDduRBaCJLKSlAI7fcf6R87z2VN05vKZayCCcGM/QAnDNwkP/84WuPnai896Epsael21O/8O8u12s9MD3EirdkTfZAfRQ4w3/wvds+F5ttsUqSw6kgk2wQihRZsJNhYSfDy/H96syFIaTDSGxyB8FUY5dk5CNDUSjJD5IkD02NerZyw01EuuEqATtRjiBqrxEU4WcutQKkTBkOlImdtFuR3ia3ZPZ3sRVjHBfJVpmtTG+FSGOcuFt+W5XiJla95A5JkSYhEhO2yvSiidJnAiDt882nUdlgKthWgkmtdsXAfuNjU0ffvPFKL2ZcOj3tr26du7JxFu0vCHoUM3AEsWncRQ1JqWp5urD/JJlqsGLWsKSJhzM2DlTmFAc3UQ0HykdCAP+Dpuf8otvlaghSi9hdkYlopdyxpZweGWOOXbm5fu7a6vH9M+JuKldubly8sbbNRUzns9KmFIP6NTPETMlMh9RhqismGTK2naviDNKJ8wwe5MjpDO8z34Huio30RZo72TFSiCmWa9NT3Cc6b+IinSQZ4wjNVFikE5Ggs/CLkQZHblJTm6PAOpaqQZ2bhG66B1NEcs9p+l1X7qo3PPkLf/eV/8dPRy3AnxiEXBKjIiRSx43Byr2eBmuc7PKVtPWL5Q/80j8Suy0qI09kTw+9+NZL+3St+fEbIhpaafdsbbPWK3/7Pr+cMmCq+tXojd8UvcbQquvXopd/xb//h2UpFW+30d34lVf/5fX6lWH3bXbW/tVL//T7Tv7oE3NPih2Uvm5Too8JZ0y9t9qV2jRtj0j59AAAEABJREFU999869ovvXUtnw/f/9TJH3nvPfvm5169vHX5ZmNprbm01qo3B4TXPHFq4ruenBN7WoAO9loy2Ca1pUyIkokWSNF/2WeSkKLvloFFEVKIMrKd2erj//zXnv3g44cKuZEx13tdWt34b/3q6ctLTVptL12BUcqUwE1KvUgjtZjtgKqlEEOleMlScOLWFsZ8JYWxnQp+ZnIkUcikw22kuP7qTYw4EUnECTZxZt+Eqy8kypxzJMz5hw9VDx2s2pqFSnQBkX7WwDbo/UNzxbWLXYE2PMZHkZ4e/89frz22r8L3ilQb6JBSSY+L9M6uy4B564tcLl8ol7XLHABIcDVst9luNuvajBQWwurM5OzCfHWqms/ntSsJjZ2YYRYSwgoWxK2AIcnACj+1nIARAD1MwwHL0HNhjnxqYGcjTGiRul2IlA1Z7ZZk9xmiqV/ltsCE2maWboayrr109RnZ0D5laNnpu7hROHJkXqGB+2JQJ8j0iE3MNam7Ujfhn40yoXnIFlYVKzPUY0yw0gHQi0atvrmldyBdE6ZfEWz/M4vf7FxmKQIN5pj8HuyUuaBQKZerE8VSSf/li0WIZMh5PEXQ5UWQKlEPMtE4Lt64h1EmtG+e69PrsddNJHE5mASKhMpst+Er+44KRkcVorADggoGiGjPsZ8Pw5z2QBQKuXwe0P8hksoHc72H5iPOjkr9SDseupoF+c6197zdavMI49gOL4CFNTwpEp8v5XTHD2jMyiItLOtX86kzhUxmU/IZ8XKb1kcZBUN7Gfwg0O2Hv1wOURXA6QAuc3okOokxjTssZ9RfudvutFrt+lajUW90MVEpuCh8CivxaLRQAzxlP/TQ8d9/3AVxSXpOiTT9M2TSs9MEUjiktSZDrAXTbvOsbemow67ZbJglAmPOZjlgObptkSS5OfvQ0U0afoLxLEWmkZkYHZWtKukfQxCE6GcUUiY2hiREABbriswSF5m+m+iG1RZp+qtERZTonfGE5eXoslGEjQNRWd1Os6VJi3ZpYLhXRCFauFiOfNlm8a60PkOJ6XIoPAOcLrinOI0OPAKT1GCsCYwfBjvx2YLG34hkGc+dY6hZKwcZ1PIHRZNF4DzGaJiYXY2pT859gMoTTWTm8NAOH+E/YLGzz73Nq83puO1zzq/FfUufLFZJG+lxw2cck45kQtDUMnNDSjZxKs7nQOSJTee0OtJ0hUe0BIhxp9NsQ5QJLPWPIc8OtgHAmrzAGQzUSBNbZJeHCdulCcH0Un0f28Fnpwx9dzucjfVBjZ5JpI+K7cptQzpJF0PGtiVJt/iA1JFypXLf/fe+8fqbFy5c1GTfx0LuQ3Ri+hQM5ZHE7MgfjCGGRyhfTzQeHdy2kQ5ZouGo/ZphuVxuNBrtdqfZbG1ubGhGtaAZbeDhwNJuUZjaMct20E4tMRw9enR1df2V55+fnpkUfnjq5JHV9Ud+7/c+oevb2FzpqtyU1I59zfEKWjSFqe8L38svzsw+et99q83azcYGEjX0reNniQ3okmldTPEotuV8mMaxK40J533G7YbxLusbLVn5VOzZs4a3QQx9fPbKsYKmx3tqwp2c59Nk9sZqzaDqHA7sM4yNILakD2hnvIyC3Fan9dbN5ap/tuDnj8zMVgp5TRM1dwKRDVzsLMQBAlcHJg9E2WsioqU5PwCzWER+yhhFQrKvSuRgJu7OE0EsJnJ5gtaEmCiIcPKiHlpquz39pAjdn1p6VJJcldolEYHQ4yFBpWxxkmZtX4gPipggm8LcCsJ8LsaMVq1WK+pFqtXhFfaq4AcYk0nynK6mS3qeiCnDNkZNEhKG4DBqJMlRVKyUw9AnX6yw8qmUYo8+/l1T5PADKY8JFT08igjj3G21Gxtb+OU9PUwA45FWUtPHgx+I5YWhPBjx1jPijEROSmzYPAkQxCJUp0FeUDwlKYMGxWmacOAhUxXFdRiFGEaIwzeKrp27MDE1SZYVL/C6kOWJ0oJKwpYERhHm8EZMp2xEL5QGYy2uUapCUNsCD8EmAaGnUAKEoEurZ86/9ebJ3IM5P9By3cy+heMP3L9+/ebalesbK6vKl0fuP967/0QUd1bPXXz2Y5/ad+jw1OGS8imDr9T6BwzuXoRj3Rv1aYy4L28fY/16uZUit/cgKpFx60rXJWTFb7sv0hgnVs2geUA2IHNcJcSfjyunNlMn+WWljTgRTg1JPdltEmvits2oSdIQCSmM14vlVoO7kIosIWKqrBgmBC1NNEl2FC8CNyEvwzrzx77twC+8+Ro1BBUlUtMoYDfCR0T/079665/9lQcfOLp7zPn+8v/8T5fOX2xIRDcRjHEiyPvOyIUqWpzPv/vU+AksZGrReyIUJAfScSjC9Vf33cU3jCjf/7T8g88POK7SYQd6mwv2ktqYCEFBCHrJcEhLP1qC/dDJoVPJaG0paBOV7gf7NkIkxm2lxlJKnOrlmDgid2o7CuNEGMaY3ucizasJA20ieJ6RcpKKO3G62lRFM5QGpe1vJg/SfZJMhcIIkdqKydzsavu6wMjQYzPH31p6XbD2a7Uxq/wrTnmtEqMDqdMALyxxRZpHZlxf2CdK18RJ+8q0Vu/7903cZ97Iw6ATKZzWOt2VeYttihQDFBY1YL//wu3Lp547fXz/u8TdVD725TfFHhTlDMztZ6ZLDe3vdJRkcmQwN2aupwx9kw5Hk1nyx4PbuZJbIF1+6rQh1UxlmH0SoWIYsBhQp22bqXaQkEsE09WWmRjaTkzHefV39NdSUQN/3OGwm+KBg0f+4l87+w/+Xj9yiTJHtj0utrv+vb/498sLu4cyylAlmSaG/Zc51w/ozDEEYVMi1fnymtjO4hYvtbqna/5jqSje+NozoyJOqPQa8fVn/BPf4x778tIXRkScUOnG3U9e/uijs4/5cluraYrBjTw4TrnVwdlud//w06/pP73/+CNHH75n34ceW3joxMnpidLVlebSRntpvbXZ6G61uo1W9KPv30OMk6TIqC38wnCKQ35XS8TNIfen+8Pe1rcz8IA0wQtGEDDKiPSuL9X+6a89+/M//pS4U+X6Rufv/cbZC9eb9g2dyECPFUI+YfQsNEKQCkRIJ8JzZlT6XbEjSYeSSdSGlH096ISVGFOWjUfhK8zdytm3ldx4c4VWe+JWkC86lqo0lbfNF07EiXkhrsDdt9xI9m2FCfhUpiV2/9Bs6aXLW/jG9jWBkX/58ubj+yumb52nmEMDx9ItFtm3XyiV88VSoVjMFQtoO4w6rXaz0eh2W9ohPbMwP7c4PzFVzeVCbQWNGcWZhFuqI2mmNT1FCL0bY9LwKOqCHzsI8vk8pT+QxkqVbdvdYSC6a+1Uia/Xet3kCFIl+47ARjk1WE8wbr2Rz2Uh0J2fMBgIUySKtjY2Wo1Gs15rN5uE263Mh+ZxLRmHA/Uku5SaFRb9F+Ty5cmJcnViYmpKO5t8TBPvQ/4LsIpAM2LyeUFYSa/Xwaw9HczxTW0gwJDYqFwUr09B1cK2WaYm7XZdTa5fom/4G6Xc2IPli34QhoVSUU+cAqbUwamAiwPRWq8b5nvK9baQUReddgLBGiDqhLBDiOZDo42D1liQ3M/kfKu+9ppPg7YttriKmKM3kuRKtL4X3coU++UVCkU9zUM9vcMQXfESvY1QIUbvxNrpHeQC3eftVqu+tdWo1eq1WqfdibqIMaOUntqM3BBzssX+zpXbdrW5JjbaUOpV1ajbR01Ylfb6j1n2jgKovuf2z+K3twzsvcFMOzlGp2PF8LP9SzHi9CPsJ2AumlSu0FrCeiwxj143ign4Xc+RVqPZaTZwSbm9i42mkv8Xwnp7TSyWzeLk4eDE4BJcWQe3YqgjQohwDZ5lXvweNPposVDSfuToNpQEnTQxsTmCqBdC2Dy2mEFMuV2Q7HqGNPkUYYZ00uMcOhQKQ0uKhSed2Echk7VJ5pBndpynC+EcTGtH2cIWTDPp+MOxbMX+MOFOZzyGcFJMW2DNtObyPQg6abUhuxZZxtFSwQTXM0Z70xOKH00vjg+JeyI1FLNTQ4rtFYy95dt3KOjk1ssuqIim3DMzMwcPHnjrrdM3by4XCoWpKdZRjREK5yatzHUAcmnUa5c4uBKJuac7XVnb9c5fQ7lBG7ijeVKpXO50unpgNxvNtZWVcrkyNTVtzKzCAsTobQ/886pQzD31jsefff6FV154/sn3vjdudx995IHXXz9z8dJKs1WLvQ0ZFrW3dCLUdAGwlSBLhepo+fTo/v0nbx5sX2itdzroz4lhDTHBOlrTCz4WU+vEPIAhNiWyWcGGvdro/tj1uE3FuFh17BaU+FtuxYCiRgZN76KoUYcHadQjCw/1xDpJiJ0KI1hxFIRFLXLWZbDU7T139Vq5NKGl0mPBnA/paMJuj78vQGWFuQJOii6oPVEHA3JpmniM/2nkJA8FMWwtr17Gxe15PSZlPi6LHsQ2tUCuzRUgqCTubEVRG5a1QjQerKIwac88WKoSqAB5gSfdSSGETLqA1Wzyuygt1OUL9G2EFqMBSqzdRU+gyBc8SKHiUTQNzUqsAYi+wpW1HkR/9zTphzhQYnW6/b72ZxQwpaTvCYP4wT7UOzca38aSEVqNbwaBBItap5ma6rY6nUYLhwOgiZqwSoIAo9hbvAOGih4AvqI4d9ZB6LPaEGh2BgAnjiBMBTB0PNbLEVTAbZfTSsVKgrHbYJQLgZ0ptXHjxtr1pamFhaCQ70Y9Q+FZ4oBHRZ4fx0Z+YuwTzKcDrYFw/A4EzSg9ImVIbSYKoHWM8lR1fenGtQsX9x04oMdYV0XTi/MnHn7olY1aq9mMl1emN+fKszNzRw421rfWry59+eOffM93f2duZqoH+HS+tj/w4B4QcSJTL2sswf0E4K5V779Syp71nxxlbleDMU5kVgK2cR5xJuLEPWtqcAwZxn9v5oDIYpzAXbEwOrhw7+K4OpG5K6lNZjFO2AHG08EYCVXGiei+Mv6WiALCdghWbWySHWntsYpu8MSIJVXf+MTsfScnXn9zQ0rCxGKpiXsPp1W72ftLv/zK//wz9z39wKS45dJox3/n3154+Y0atZdwTSQsZ6F91qv0/s9+5/x4VXI3qIw+kB5I9pcU/V4f/NWHljK6nNwv/uqfiH/51wYbyOwnK5fF/QfFHpajM1nHrmdtzYayBYH4yafjA9VtqhoAdsKHCGKHahVCDPC/ChM+IjLSlUr0ZRPcKN19W5V0qt12P7MVu99nLV6IARgnztu5+85bG6iTJO6Epq2NOzHmCyFS34hKJu7EFS+NEWQoxoltxkxucbV9jejG/QsPXF2/VGttSpGgmyBVSZKiosGCDV6KMuLR2h14to8xalIZfKOEwDEEgDD7gpISHy4fqYQTCmOv836JVunZ+CXlDKJMKM84RY4WCNNTN+maMXjP2lb9Y19+85ufvFfcHeWTz59e2aiNdaliucWZ386JQRf3/UhFeg2olzBLbFSHJEuNdIJgUHgAABAASURBVCxH0tqA6HqRRJMkH4E5oINoIkTC9eIhx1Vs2+BGWXGdzpo580SRcPY00glOMDKdO69vJAOZGj489VzKN5jWDe3dr/4yPjO87VUtfOM3bb3+2o3f+vUMTokwcMyEPKdwSNHaWRtZIsyl7pEYBytdr4888rN/8eC73ytuvahhP1XfNnPZjrHWqPSW29Fae5wrO6drBTfoJO6p9bPj3KhW3xInUmP/1ZUXx7lxqXH1cu3S0Ynjo6sfdlCpAdco5f7sv1cNvGvX5fmXLug/2tdWxPm5iX1zk/vmJuamytVC7sB8frEaittVIoZP7iuOaEZilWUM9h8pssRKyuy96fqcYvUgxghhSslazG985PVvevLQ0w/uF7e//M6zN//1Ry+3O7FxkDB4ozCCpZEG6LUS/QWtKEqaPEGoCsnhbzy8kHVFOqxX2tgUrspGq1g1zVXZaL+53tpcbugfkeDcOsJslRVm5KgaMvtuA5XTASPumq3klDDiqo2zEeKNGzUhsmK2EEnX3hauZ9mt2S+VK9oc5Ic+OcURraIeq97EdHVmYX7fwf3FchHh/QE4WggCsKGYQSGMhdaq6hiBEBHEBdpdux6AL3vafeBjPh2r7bqG6Fs3BGVq2LWJ222Sfa87WSy2fco5bRIxjOix8fpQuUzcvXvEPUiIkNqhDSSGRXoBfOMuwHVo03qn3d5cW9MDp9tugecnpnj62DqlOAwEQ+31MMKUOtrhGmD+by+X18Z6yKQzOTtTLBX1aCR/kOLcTBEhzaI/GnLSULINjGeKOIcOBp0oY5xl+sxjTCg59L0GfV8y6MbCMfDqh0pY9Ao29MAPdQtLsKqT8tEgtrruE1+yJYpmuOclX9BEYmknOiK1KPCjQeshfgVvInnJmKnTn56829vxVbO61egGRDBJJwUkXehE/R9MRpyJPk3JQrGIy3F9O370QVpRSQvgtSO5vlVr1Bu1jY1mvaG9y9qlgjmAPErvDs+MyQbuMeXDHvC2G5BJ/6fFi4FvOqIutd2CRnrKDoiMo9qIWyAm29R/y0TPoeI7enj2daTzmpmzatBdRIj6/VrJ5TIx6NA0Fu7oVLEP8R8EfQRTXMCacYgh6+EfzXFA0OhB4BPyFWEZv2QQE+FwSPN9LS4RXQSOQEAKwbgTEieQiMX81pgfwCjp9EaJXSOl3gqanTEHU1oHvDLYD3TE7S+i5Aa2R0iZSEqQwAAnF8a9eMRGTaAMkhGiCzLdm/1FGYIu+NHJZ7IWbVdsJ7OXtQ/F9rpERTKgJsJQQruSCumolgy6PU3wNQnu9eBLKcwiRI4sj2a0Mnk3yHzgYBAoktYMpgYLA56wgWrGPznCGDC6qL0Sm75igk6EGMrhhl6P33Z2dmZ5eWptbb1YLE5OTmaEMwFZPhiOUjpxJzDYMeiEwFGycoSUe0MsccxrxlQqllqtdgyp+3p6Z2tzc6I8IQNfpIk+DlVA5gkAbEEePXzw0rVr5868tbD/YLVS+tZv/cbf+/CnLl/drG0tR8LX0kYek/ehHSMC37p+pXbv4Xvu0Z7zly6c6UjRAXdvhHZ+aSaYR+Y56fHAll4yspn3D6Dpt0WMH12seXvAqTHm0O0ocq9ZqbIMVCUHeG+8pxC1NcKBRzTM6SEixFqe8VVQEEXZzLVvtltvrK2W87mJQuHg9HQEYHUROScAb0JhWjTfR5G43cUiEO8EYC24Rqa6sdWiQH6Ep2pOpOWyvC8nZV6UlY+qs6d8L5aA7AWBmJo9xuB/RxS6SMTQaB8GMS6xBrEbTRfGqUB4fZICP9jHKlCFI6gvk09IddqQr66D8IA+5EeUfg6lc0S+S7oMcC8km/yA73V7eqcHYqVE6JO4G+e0QJkLvNBnv5M3UrV4m0bj7Skp3kMwI8TPIXxHyImpqbgbban1dr3uqWSK0lVoZCG+iKkzOe+EMLGfpNoQpk5sQnkgoB5EJfj0AfLRpA0jpF6SpiQmfiLkMolRufpfPZyvvnVWt3dycV4GSBoVLyAkcwzgHXZ7KMJ4giAdEQIHn+NBVEoP8p7i9R4ip3KMrdYr5g7s21pduXL6dOiHh+451ou6herE4tFDmzdXzrzwigyCpSs3Dj1wtDo/ly+XWluNS6++MXto/wMfeI/K57Tq5xFchBxDkk/UwK+Xr8gik1gNIRJXsXJFEbsVqj/iRFiFgWuw4qiLazKoNmWF4VSd22CcGOnZbSHXY+yMNNPoIBEH1Z9kh8RxWphGvm0l+H8l7E2JlxupOyTiECYV4LDyP/25e//U//Clbg9ZA9UolV2qQhO41Yj/xj955fu+7cBf/eFj4hbKF9/c+oe/dmltrQv+QkQ0oa3CYGVCPSER7oNPTD51antslTSnYK+lw6rtF08fSG6+JVbz7U/IBw7Fz56TSxt25aU0QdKwrZbEtz0q8nuqNEwWxF/6kPrUxejcJmhU900Hc3n6TAx/M1sSjyyK+e06j8eNEv3BJRkLgsqcVSLt1U1M28K4t526vzIwToa1U5iuUKbTpEjHnQiehxZzlD8/0SYn5Iyr6o87EUYGk0KmQ2HsY4XzLUIvX83NrbdvEiL0E4ff+ek3P8bRxhQiqtgzK1hTF04MiuKsKHHMLFj6GHFCMiGu9eB9FEQZ9YRkAy/v5R+eegi/MsgkhaBqppASqe4yq/H4+O6nmDtjb1EsfPH0lWP7504cePuT7Fy8sfbcG5d2cofKSC38O/3PmMWlhsarlOJWwvIyaYRCkfBHe31CXRNBNIlZsU9TA87acS6SIxmkE8sriSM4xIennnTqdO5K8VmHsg3opYSQubupq/t7dmd9/fWyd+Wen/kLQXXy0r/9/1uEEmG2GcwSlT4uRl8vxDt//n+89/u+X9z5ogbSNDN6xyvR8lgRJ7rEG93UY5pLtKpvjDt7qrHkZthZ0feOV67Wr2wXdMLNGX7QYX9q1C3jd9ruSqvZuXRpRf/ZIwsLE9/z1A+NefsX37hWq28WQ4CM9iRYaTwVIXipmigEhdCDBLsRuBMozfHU1EL+0ElRHoz2J52dDO26xYgTQVqJsllpULfgGA620f/8//vT/9svfOjE/j0IQx9WVmrdX/7ts8+f3pTCunCsJc6Kaua4SmRT5E0J0glJY9KTA8aHNH/2J1Vm3VeZ4A7Bgh5L26ZTmSnI1E2Z7fK5NX0RZUsG0Gy8K8ba1m42Dt87K2x0SGbrsCfi9oMalXRD/9bWcGWjZd6R2wvXeKLVji5utI5MFpxBkvA/KxO4AvXAQJTt558cdSQIc7rennara584WEo7WqzNF/NTczMHjxyamKxqNxMEkdCzlBOhar6ickIiEIqiR3aqGD3cYc7PFwraw63MSg9xFxe3eXtuJx+nWKuFNafYjs00bNjPYdXiN2OdyL7UoKponrk3p3QhABrptrtkWG+1GvW63vbaHW2KhLCkWDAevcfqKRtUpGR9GRd5andSrpDX3p9CuVyqVPRfERI8AfgQoDgrjrxBC2eX7PSYxKFLIDrddod2KLYJ3cDWyopGcqssmwknh6+2lYlEaiRQUsEwUwz2PDTbR+81AJwUi5DCHp1ukrzGSCA8xncSklIQmVZpPx14J7rddqtLiJgYvwUGfZFMKGm+UfLJeBiMNwLtIgdjDYB8Ior1UGXXJxDmkN5C0AzEz+R4/a0ZcopdjZBmq9NqYxAaJE1qNhpxj3LukAFCUOoB7D3PJWLKM10aj2r5Hs4sO132pkgp7uys33W5HcTU0gbcxs5xldmRKdYlRL/VAQORaMTQoDHCBCSh6cEI03SjE/XaGG4CszuOMIMVABDADTDLfBhPDv1jepLmJpJcZILPELoJhp7oaRqYGA7YeCY9jTSSmRRpvVO6/1OUqmKeRvORdpQNdLN+GaPv2GlrYFSSkFntxQtyGIKJVMZj1FshDJASKeaCrcuJDCL6WJKThNc4T+li5X4WlfxjfDFsGPOEkSuSxhObEIbrUNwf/eEjFUT7aTlBf6xely6wH8WMAV4Xxr3sJppnchHbHyJbRsy7OzolvzKCTtylrYnNbjuqIDErjfaFHziwv1arnz17vlIpz8/PQxyoEUFYxWGeKjHjmoUR49Bi4KlysCSx4+IEkSV2fenlcmGpVNIP1Ry03e5A8GOtVp2aQhQGEOWJt9GEpNmi3+7Y8WM315ZfeeklzW+PHju1MDfzwfe/52OfeObKja1Oc3Pt5jVfAF3Rc1DTFzDLat99LKp+/uHjJ3tSvHT+jG5BD9KR+BICYI0VLCbmGjvhJqbvVcSSxx0p2/b2XcK+bof0nObOsVWSmHJZurcNF7cUX+IKKBfSOTkL57TdwC+IfNjq+FoMPLO55Xc7E7lctVgqhLkgUpqJCVORriX0sGA9EBXd1ZxMy7twDCplsBOMK0BZCtdmKIw8hCmmh3UOkHhCWYJ1Hr5o6RMRyMRKtXtgpwD2iG+OGYBQcoxJ1vbNakJWi7V/AnVyx9Rr8L4woMWXuTxh9wupRb2oF3VbbX1CM+GcdjTkczCZYJ5hQ6jXDJwgshwtEHZiD2BZRExyboyzqaTnFnFfIZzuHP4ZvvoKKWxJgk0p8sXy1DzEfG8sqV4TDIhJtlcDcc9WfiAyhBgrUaGiLKQmQwKGpzCLxQhA5rOBgjyXSSDn6AYiwfUVBvRLWCcAsSvwpVu1+o0Ll8qTE36lFNEosyMKm6fFNv193fmlCBMKHwoQOKLLuZhkzuNQGGh3Lp9bOHz4ylunr108n6/kJ2dntHKRr5Tve/zR5Ws3NldWVq9crcyUJ2cm548fidq99lb9lU9/fvHE0bl7jkQwt3zgN4q1GW/gS6UKS2MireOl9b3ty11us/gKLsNJtFKJp1YYT5i0yByOpyqNcUJXwr0Gj4R4t3LOJnXGWQSUpE5LmOxZORzjRGWwWKwVTzmObeVEQiUhACbQhMclrSlHm4UddWpAkh1Tq4dMILG7iuHl0Hzxz/7gsX/5H88YPYDj2hht0K6HU+q/fOTKHz278vM/cc/TD0yJHZb1evTP/s9Lf/SlNWFWT2J/oswZC4t6AhzQkxMT3s99z76dVE/qSuIpdI8nP2x4pXAd5Cl7qtgh6zkyL4/MC2HN1dntbSlPHlJfbHUnS1Hoyb/wKKkkytluXyy5M4KRck3ZRtyxgU085GVKp+cjapABWiaGaRfvJOka1be/h1vRty+MEcIN6TBbMWib6kqV3pEW78RebeO/aH4b3uB0q3KGhMoOD0MtRmOc2LOLhSObnWVa1TJdnDqxcOr09deEE1mCFEYZeoV2UkI3YWoWW6VfcW4dgiOOZQqTCXmqx/go+p/Hpx8P4GI4UQomOT57JMaJGuKfuLWSCi8bv/bf//wrP/wtT8xNVsTbV1Y3G7/3uVfFLsvo1x11dhB5TNYkSTM1cGAY3BGVmgrScMAU0olI447wYqxkRMhBSCcqU6cQDq8UwqmTn2ViJ/lIBukkuYuVGn49h8q5nZBlEzTFAAAQAElEQVTsGBNbpvv6qcrXVFF2M+b1d8osfvRHfyw3N/vWP/77VnJTFuPEtETZ4xnba/o4Xe/lC+/5e790+P0fELdYVOqf7Ek18GIugyamOTWOx2H80dmJ0jd6Yuxi8b2ptKOW2JvSz2yFmZo7ukX0HbwTY7LVajfa3VJ+G7CTt66sdtqticWJldXeU7/y/6nMzZTi7VO569L83h9T9z/cf9yw1L5ok7SglRxNdsYaLoqQQjhWwyCFOLJBvd75C7/0h3/3p9/79AM7EtTHKqv1zr//1NXf+8INzsUgE8WJoyVc4VE6RNqYJIQT+U3HKYaGb0p3AnOE5JhMLrC1SudIKhpAkN8pYRbSkfqc/dVLm2SaU9hoxREnel55L37+Umkyd/KRxUwN/fvpbkg9a8RdtP/xt1Y+/soy14PNxnzcGHnsiVduNo5OFhJmZ7qWrpcp+paegOmO6+/YASeyxfLfGJGSIRlOp9PRxsKpuelZbaafn9We9Uh1IR+5oBQCKGbE7NZzfJPoa1cxAZwoEzEQBL70tFs7IMe2Nf4oU+7OGBS3nWNevKOax7mMu8V1YabL+P2WuIrZO5M6i3AUXsYuZ7UqUwVHj1DO7larVd+otTUVbrUw9ATWu/MMl2Rn9vgjC0pBLlk9E+DmyRWCMBfmCnnITYMRJ3qIaGsiAmxw5D51fg8DNcC3hX1gf+pfHUQEFxCJAlEnYlBvqGSgJnKv2y2ZPjTSSkwaGR6LMGM6eolzuSDE9sNOiAtFBYK+eOzu9gR6FRBcBOYMJsiAvVg3vAM+WthXHJxnUKKl6m8YbkUiSamd8VVj3dIuj57nJVRF+w8KxXwur7s+TygmPiBlx3ZQUDN6tHy1223Wm7XNzWajAeFE3SjuJQHxaKcCooA54SWhHwnby3JogwdPrsRomLnanBe3WnZGZ26PaJ195Vsue046kxZai6hV2qy0TY4SZO0qMTThgSzdEISBI2lBHXIIE27SxYQsrXaz2e20IQUbMXUpGMXEo3/oFWMMoPJ5YhiuAUD+7PylycRyi0lVg1VImp0shJCpVXDog8yIrsYH5BnznEFuA+s08EfB4ZUcgQHOvzRxll4iInLwiw9OO46A4eZJiqRBvwyDZ7t97NB/4fa8FKllmYn+4zZASOHIChmJVNHQNmvVzbeNzaw2lRPRoVXUEErYU5S8DICmIPQP6TC8u2cQWrDmSGSemJLZpJutpW8+xk4z+8uOmGwk9qLc7UEnyt2xP+RYfSUxGU0YhnPz891u95VXXr948XK1WqUgSoWj3EnJhkPKiGu0bh1mA3B94Yd9Cu2uyJJ02kZeChrWQRBUyrCWEwLU2m39t762ViqVc8UAQiAF4o94njVA6SNaqNCj9NiJ41c+/8zZM2fn5/fnc9WTJ45fOH/t+rUXWp0Nr1xpbG4EMixNBF4+L0RXxUGoJRDh9WR4av/ha6vLF5ZuRFooyeWFlAnYCeKJoQLBSUZg9aAyzRbZOTe2LL7DvuqXYxxSJuWAIUCzPc3Xbpfk3SdNOo8cT6oeVWR/nfTU1FPS5wYVFqyM7TQho1JY5UZ6EeRA8SHZEjj1i13fW+t1L3fab968uX92/sTifunpMz1ev2peTQuMYQ4zlSqB4HxQiW9SvhGrAuEJokIQugHVMIjsoOyGevT7wsvlPXZhejF6CEGahoySPQnQJ/oqaWkdRMbAvbCoBlLToRvR81IYU4m7APM8Ek/Skq12K6AOJ7Uor5sat1oxovgAmwow5ZtPcHwJ+yGBjfSJCGTdNjEDwNSDJe0Qmh0HmhkGRPcV1O9lPYEyJTWK2zci70TJjmrWeI0QQ1JyWCxOzs7oLttaWWvXG/iNePgqAssXPD7wnkAPEBA+RE9QEAdSXpKwE68SjlIFkDfAszzhD7UxKkf+RrkC0W5wJxYUBhXCEa9dq6/fXJ4t7dfDNlIUUG8URZwwqHQJ4XAHs4VJAOsDyDEgIdCESDpKFKoyOTkxM7167cqNS5erU1N6wOWDXHGqeuqxh1/81Geam1sbN1b09fuOHo0a7TNffqF9ufbWl5+rzk3nKhMw1uANfQcmJjVmHFKs2ENmBlhswNh3QYIc0vqVPELvziIHm9tlCrsi+XAyiyOS7NP16X1D9qQbSkjHjC/NEandOkW2zu0wToSljdI+JAWlwK+UxNaaBjEFsKAm0jOJL+g4+4SJBgsO4kcWYu7Dxw9k/OnyE99x+GPPLL3x1oaJx4mwPciFhEFbwf3lpeZf/8cvv+fJ2T//PUdPHSqJMUqjFf/OM8v/+29fbrcYSlJFCQIc7YMtEYIh4bBmFH/9R46W8+N6RGRKzuUcOQ4zcQeMyAwsmayid+++28vpWnylBjz+5OQuA5qVUc7xldOZdIyt2RidkwAp0ac92tqESiRMHndDsEPejq0cE+NEWLOFebXMfrYLlDL6MfZkEoLCWEPWYCuTUDnuVV5pI9kwlyAXJbRIuPIDMTFqZCCDA6UTl2pvoPSuHtj30GptaWVziXm5lQHYdsELPqyNhlQ5iBimyBKok0EioeGeEg6SBJASDBG9b/KBxcIctSX0tMG2LCx9S7rIDegRysFBGbP0q6qpT3Br677a3d6vf+z5J+8/8sDRfYV8cG1lU6BZeqKUr5YLYq/LZqO9VW+R8XpxZkLbTF6/cP1Lr11qtjtix0Wl3Wt8cLuQnsETN+lSJsOpCEuRRiXhu5lcJGfNSYs7kkR/uiTW8NNhdWaRTphcmzotf7T1MNU2hD01umw7nQ4Sib6n+qmXmcFmTfwY5RYG4FdwuUveev+HvqN84uQrf/fvtK5fVYIlNJs3h46otPzWf5yOVI/d8/5/8I+rhw6Lt7N8bY6mbUrKMDHg4OCbxB0vWlN+48KNJ+49NOyCm+uN01eWjx6a+nJ55nwcqKni2W/43u/97V+dnp+ZrEzk1KjQE+X7PTFqyRqRK0O1ZOa4sz/CijL4cDpWQ7CsDp4Pz55dW2/9pX/w8R/4tnv/5o8+KfaoXFtr/adPX/3Il24IQe4Zy/Rs9IkQCdvD4ykCb5BOvATphNf8yzRmmum89NZ0pbRbKUywoznEPWrCGa32L1XSbUmttmmrV7ZY2MKYe1LZYB/AK+VnPnr2ledvHDk1c+DI5OKBCWk+m0pjnLh1Zp6lzFY6+71YnVtuvHG99uLljeWtDpz12LdMXhdhljGcXWsJdzQoU6fYRuIyWCoDpp90Kht+MilogdSmxq52I8SqV6lMzu9fmFucL5TyCmw1PaThivAkpP2Y4NnjyAKUbPECugYv8mltHxpbFSbdyVhs9jbipN+OtDvjtgUUSdsi1DiP3tETMxcntjszm+w1nKbBOH2s6WxEbUOemDkgraE3VRtLozxUkX9DIAWiJmuDdLNRb2xok2mr3et2lJVoFTuDjYxIUPQ9Y4TB6ex5+WIRQU1KhXIhXyiHOQDc8AK/h4XEUUo8AV6tbo+cX51WE+NdOhx0IjBOqhfxmyOFzEqZrJClNBvbe6pvtRv1PJrMYVWphwZ5XAwN2XTyhUK+mMMjfoADm7D8PYYx4A4zqZEUueRgBSwsCwQ4ar21cA/2Q6RkZpuPQyXqrOIJNuDjDfviph/oK8ZoVwYyDhgtQVgql/W76D43Oiu/O3kbBbYhF4abm5srN282Nmu6w2OC4I6UXWspKVWJYP/ggFnMETMpq+/AxtPb2U8lHJ0loW5jUIlh8zTj/1IDvN1Da+PW7NEETx3cOd0boM6r8R6aPqJUdig5/guVrVpZ1pYVCw2fNltl2KB7Ca5+JagTgkfqtFrdVkvvYAIdiDzpghMt8vWUCkLP4JSQjKF9XRBAQF/Qo1U3gicxIrvrfT1Dac22wBGOV3qYVsenFd0oliSdY6wr7JYwx41Dx3l9poJaVvB4bsYGWgkiyhSDGNGCEEleGcY6EtQYymDALab55Vnig9qTTAw5CSyIM6FSxKLv46pBI0wZ80BilDJjTRpqyCmN0DSFudWF5FFAFAonpSbdUdRtQ5wfI9AgIeMgP7gMwoC4TnwjyZEswkxrkneMAy3dat7GzOmG2J3dwWRI+YgpKBOaduvlKwDpRA2wMo13o/ZQahaLIvvC/n3NZuvChYvnz184fvxYPp+nIQjcyEvxSBrfseKRRZxYz9usJLfz9gy4CWdLDC50qTlusVBE0IjexvrG6upquVyeL+Q1k8V5FaBIL5QJpOrqcR345Wr1sSeeOHv+/Jkzp48du1dbHt/xyMPrK1vPvfBa3K5FstDYykHQ5ITM58rowBdRu5fzvYXJqXc/+oR85cUL16/rXoDUeejoReIGsxpyy3nGt0vykfAcNcZ1pW/z1jvqp0Rec45IK3049rbMM7hJKnv8NhV3MGTiYwYe2VG1ZMRPeiLtALEy6/YVG2QdVFZ9BtOz0j+npwFhVHBoXSBkV0tBDT93rVV/+cbSZLGip9Hi5FQ+V1JxR1NHZHmYyFVIgnbUlXO4XrcHgFsYWE2RW8TSYoybCgBrBdIfRhBtgihE8Gw1USgA+/Jbeqb1gJ0CCmDciZpamvQQuZVCmKWelREASvVw3mBWHWTFgQ1CpAzo0DTAxqDuw2xAev7kQ1+WAy3qBq0WhBh3O8hH9V35ImDiSQyo9vU8M1RRItCRIUDASTQnbzfZ1tyq1/RLBIV8WCxKjGvW/RcpXwqHt0l3ncjtG4x3plg1yPlhJ6znc+dDYE8UlorTCwuoIQCyKIepxoRq6zu4YVJozRl8tAChhD5SIyHgQwxCGhAmgJiMOUUTSeVmcmT7Nas30oCXikQASuajW9rttC6fOV2YKpWmJ8kBzsIdXAiilVZofGoDCz3GFmAmJzKI2MMEqCCM+YymqEfZvqNH9TBbuXatUCztO3RIaGUk8E4++lBzq3H2pZdvnr9KIJn7jh1Zu35jY2n59c9+cWpu7pH3vFuF+dgLe8qhdmrw27EYkpa0ByoJ4+gD41zz9bK3RaWxQ9yIk0reoyFAa6DN9XyXvZ6+fw/ilHySbd2zdl8IF+PE5NUV2dpGYZwYUkb1TOQ9tocYhVNZS6g0YiwJ6DxXlU2ygwYUSnpDzUGKLa3gLthv7ploda6KHd/jkNFf/NkHf+xvPdNuR4nqgRPbIciIgIIrbz77xZuf+9Ly9Ez+nQ9Pv/eh6RMHSyf2pwJQltbaF5daX35r84uvbZ45B/nCqVWEcc39BnBNCpFOECKO98Uf+8D8u+6dEOMVmcx1KVKO1EGXGDFgWCX9O3dn+d0r7LT+lsVQ7Lao7cFOzA5NAfzpmGNomKiBhp4MxomtTTo1b7uf2Yrd77MuLZ1gCGEMB+7WvrvzKtl9nhwinWTH0ADGeJTsxLaGHTUg7oRrlDbuJNX8RLGVqcZziEw1nJvMr663bxClePrE+z71+h/UmutGhQZsEphZlrUxDoqxGlPFktFNmJubGUp8m0x/RKkenDx1snyU2uDJoBROi1SwjlBDME52EcSVVHdWGQAAEABJREFUnX3DajGy/Y4e0Op0P/PiGf2XOR743omD84+ePHBofscwTplydXnj+beunL1ysxeNtZx9RLGTYgcXDr8nM5v4Yh4PLKRZLBMH6cRyE0mIiQZ9JEE6Sai6sIOcp4t0sExovnCVCTKKEg5nt9NBOWeFg5hiz/Jxd3SglT0VJGcDv9Kd4PSGcmlYiu6lt18z5W5mfVCqJ0++83/916//k3984+MfEWZhGuOd4Md0XSaxEe+VE5uityd/6E++86/+DbFnZVCnqaxA0j/1Bt66R7bKr5SiBv3MdkHGyi12VuftKnpYFURjdbM5Uy32n33m9cuH5sq1A7O/GuV6hoRsPP6uf/fQ48f+8L9912d/Pzx6fCYXDosKrxcn4vX1YUEnxtnmHskc6D8is3X0/VbmvUjy5ww7RnpP61xw/Df/4K1Xzq7+3I889s57F8Ruy/JW5/efXfrMa8tnLtfIa+s5z03kJyO2eUawTCi0E4LBDmPOB2SkGiGyDjYp2DJo990d/mGPmNATPmt/SmYfjgydarJpT6cTcW4d9D6Bj8OTiFWLkShSrizXb642vviFy/r4woGJuYXy3EJpZqZYLIaTk3nVj2jSd6TZjeut7mazd32jdWm1eWWtdWW1AUHEYGRCuTTZJhgwtL2+2XIHQf9bDCvs07XWJTqY7meZOjigOjrUg3CTLpg2PX9qbnpu38Ls/FyYzxGwfgS5NlRS8Bugi4hjINAb1cOIkx4NAM+kHeH8Ix4zBWfd3c7MONterIY4mzNHduGOkoavjb5mnMoz1yilkiFF3xKLG/XCgT7GsyBNsc8V6Tfdrg1SpBR2M9oclx8KhJR0QaFVHMI7IOkSJtNpNVrNeqPdardgkZ5CG4JvhzR9ZBiTPt1IyR+kH4T5QgGgTcrFSnWiVC6D8T30IdzE49ek0cIiRKwt+D1YY69nL+Zz0SZQsHHjQSNmxPa5DuVwiS5ZzdVQh6ZgXzL1BZjNwava04+HhZ2eyOVDaCYgg0CUBg1mDKICo6tJ50MWV6iEfHCIhIBrW6GAjzaKYquB4gcnP7TxUqnko5MIbT6isj6acYa3+42B1KBTGUFavFw+74ecTMfHiB7znaBm3+TW6XUgd0G9VtvaWId8Sd0uOkQkO5SFZ/zIHmvy6VkpHTJtVYaBZt5h7+IEAaQ1z3GnrXIvHvjQ3VmPxyECI8ouyM6ISpi3jrzGPZQ5NeIS51iimGmnGSt9xmPE4gEPZhrDdBylB8oeDD0GPuJuq0mhXBBdAhEnTYwk6ylKWSVhabf2WwPsK6z7lsKsJ0RNFRZiC0TSSFgjDTNJ0bE+p9RBkYkATuBmCkPBCSccG9rAr89JQhSjCuIViOoJdlfgakglusJgnFBnoo9bwFwIuFcI5UhS+IlP6EfcLfbx3KfSGscSwU/YWS9SPBt92smnp5OOxbCPMqS4vkqtj5HWHUtkJjY4qPgvYkvgpI0xQqij6T7m0OlhmA0incF9MYl1kMkBXWLwsnaAScOUEo0+aWHamM970nm1AcU57FgRhxRsfDrlzLCy/erKuzroxL6i7ckUUkxfF42ge5rJzS/Od3u91ZXVmZmN+fl5PSU0t4jQpuPUwBqIZ4QVYofgffR9V7YTdh7tScHoplwuV+gVCsV2o17XfGp1dTVfLFSqAPsc88ila+HVtfQQ5vL6jqmZyWPi2Ok3z+j5++ST752ZLH3bN31g6dr1WlOLMBtK+6KEzAVhzi+QLVnLJEDUInVkeq5x/KSe/ldXVqKoBe5c3wu0TAyAfwSphMv2gWaY6U2obh4LWH3z0rRvUEksfuN0m8rMiqH9RjXv3ZfY47JLvjj0JoJlNobHbV87W8/AGyQuEkUNErKyad9/qPLFhoquNFvPXroq4uDpByr7JsuySwAPGGRtBCA9iVAYjDtdgIvyex7OFPS98aI+cB4iW4lp/gQYR0IkWrPTwFPlfK4nRYTZYYGnUXqzXqQJcCx8TGbTRYutB9H+qucRv0R0LoI8QaLsG87KvkwUodH/gGKtn895GGENywvqutE9za1pVGvBPQhywFMhaEYQeFhEZB6DXhQFMcaaXyhKQAWip08AGjKQIeoD5O0gu4qh9vKuHZs7LgNGpXKWP1MBOcZXvTgo5CZmZrrdTrS2EVNuJg9Rb1zOhUMEg/xiQZllUKzHaFdhsdtcURsi9Dm7EuWzMAiWA5V/hk+w1hvAMdEaH0KawjN6rdbq9evl6oTWGiKFEKaMasZGIhKJEXCBlDFyVEgWcGIMwgdVqBeAlJSsmQjCYGpxodfuXDt7oVQqzywuFKoTvUbz4InDa0tL7XZj7cp1rXYV5+f2n7pHm2y2bqy8+cxzszMLhx95sNZparrfMQuI6RWshGWRtgUbrrI0pl/OGIcKffUM070p0tnaooRjXNhhfYMCBBL3cCriRB86OBkY0Zjvc7bcNtpXxpxmlRZhfV0iszU1yFRt6a3KbIXFSknqFIdng8RFKpM2cNUkHTEVVgb1367oMyEgghbJOYvemZ6gxGFxUNgdnqwG3LYcnC/+w7/26F/8X56zR1L9wKYmxj6hIJiV5dbvf+LaRz55nb7VRDW/MJ+v1aOlpSZ/PjOzOC7H4JpQkBrhmkCoIxyP6Ow7H536az94SOywuCNsANgJ76TGYd/Z5O7djdY7Vn7jcudmE4jsk/PhYmH3REhZTdIx3rvnnP5Rjt1YqgGTnG+QrMSOQBNxHQV3bDsm0klmIA0YCMqFgRF9cSfUC6m9bNyJ09PDRHbl/rajV5kXktzh4lDp3m7UqvXW9b4W0z5w/7d88cynb65fpSkbk/fdqEEsPuIiOvxpkE68xInBqCfOPuXYemzqwWPFA/ZDl8NpX/oZxfvWMU7cMoJn7JadbFN6UfzmxRv6794ji9/5ngfFroqu5KNffOONC9fF3pb+yZkcy0zHQbNz0HgznEg4pDJBInHsy4bL9J1N6KrhcYahSYcLD6hTJde72Cdm5Ciu07LHpKF9Z5OYJ8t57VPsaxsSN6R/6BrrRh3clc7+7Rh9d09RY1zx9vdAWCo98rd/4cRP/tkLv/Gfr/3+73YbdSXYN+KOsX6ME79Yuud7vv++H/2x8vzufeRDC88H0Y++cysVfi0VO8eTn5mzw25Uu+2rQwuTYrdFG1002Thz4UJwz4lqKWePv3Dmhv6V2z/5n6NcQ/XFjYS589/xA//fpz/4nt/89/e+9lq8/8ipqXzmkijM9V57Sb7j/UOeLAf+lNlD20ecDDxqYzWUMEKLlCwPJFI9SzhvnFv9uX/wyUP7q9/7geN//H1Hq+Xsuwwsl5Ybr13afONK7dWLG6cv1dB0IT1CKOl7rkkFRWqScMQ2c9yKs6wVmnoM0omRc8ZpmhQpx6Uwfdl/iv8hDmO98DLd9cRcuu0ewA1jJ8boP+V9wagnsRG59JFr17euXK/FyfW8xR3My2O25iz9eZS8GbcYziIZywTZJsdDsy6WbuhGvZO8kBH+mamKHRcrcIj0+Bv8AUx/amegthCWyqVSpTIzPzupTfPlUgw++C5jLLC/jVUTG+sQY+lC0pMeBQFg1gDy/ZEPEC1UIk65JO7uMiZFy1w2Ph10/W3KgXe1O9SrGYe9pN7kXPEGD3xYzSOLkwrbY98RmoIVOyAljww0cHba7Waj2ajVO9pL02x2Wh3thsRFm+jclb6ViY3TkRbs0aBRQS4sFPW4KpcqpZx2GZWKhVIJloBijg0BueOVJ1PKBSEKQKwGLATs6GcJQNnp4uHIvng62kpQ+81ulLwrvKHVxTgnjCT/OKXJ4FFM+TLAVO576LCCv3yYDyFiw3iymdbA4n3uKIJzghWouHKR8H4wzVSEoScd8209yY0R/V/JtZuZkUBKI3bowHv66hAod0n2yiNVk1I3Pl/Q5lvtWAOEFt8PSTiDBbXoG0fC6rVbrUZNf+Z6faumt5BBAz6Asmo8p3vDcZLtd9n/Ombcjjkn1BhHxqmGaZVyW7K7KJPdizW3sypTo9jNK6VKwiiGlyyF8YwVPzlE9n6TUgt+0voHzRR6vXar0W60WrUtANCCiQFZdXBUEO8VDEaCXwnnlvHyS8/wSZ/pCZ33efYhjj/99CgND+mzMkGVN4MUDSlMYJTVE8yUMsdo+is2w3is1aI325Dinmm5wOQ4MHfIvUI8juadCYyRnCGI7MZJm0TfXE9O8RF7YtDHyUQOKavxpATQ5GUdY4KSiQNMmRAb1tAgWg7Iay/uRUi6urCavt0mqmvvSDRxZaRBClyT9rlCGsIuRNajmDaX9L9e/6BWfa8f75I07Krc3UgnrsVEDj1lrhBqUBQzrZUHbKt8fm5+dmN94/z5i5plTE9PA+yYg6/IFUvylyehkbGJHSMBZW+JnfHGCJIsA8xsV6lUer1oY2Ndey6LxVKhVOz1GHcI8RiIzXtaKtXUIx+E8/Ozmxsby0vXr146t7B4pHpw/tu//Zv+23/7/VqnHubKrdaGv+kX8+WcX/T0F9dufP0Weia04kOTk9GRY816/crNG0Gp5AU5wcluMX5d8bov00VJbJdKbIXbACKnXna8oS2TznG/Cz13wHUj2J+VLMWdKplnOeRsR3yaF8nxje6Q414n+r9Nd8IYjt1rpG0hqbKCvyDuYFgHxjwGKlfUIl5D+tei6LXllYkrV4u5w1OhDPywB6Jqz6y/hxmhRyy1SEuzGIYcoWpk8J08L5QS5EZkNR6G8gFD0cMY8ByA+wQyLIc5JTBSWIDIDJGAnS4GOcuep0Dc9XsUswmSKEVResoPA8Hw6WYpiWB5EiMCkLBDoDQEHwIr1rMnF+TLxSiO280m6H/NFpt+i5pXB6xr+14gQjIxx/QPifMo8HY7/F08kusRkCws+ATslfmOZqKkP9edG497XOwQNmYKaTVmOkCCBSbo8nU/T8zO6J5rbG5FnTbcHPn4LYUx8xgsE1CRIG0R4ySwyuVIDIoPIKYICSSe9dM7YoIzAQ3hYu5tXN8wYAAlB8MNVby5tLQ1N7t4+GAL4ocjyqwW80JYdt5DXJNnbbBGsmQ5EAApqSUxvI2ndT/UOLyZ+YXWVv3aW2dWry1Bus9KqdltVudnH3/PUy8E4spbp1cuL5WKldl9+3VdZ9e3Vi9ff+1Lz80fPlyZm6s3mhjGlNhShENIhENL1XZrd8QOCeCdp5lfOWXP+0SJPowTmheVgn9oOri82uPr2E/G+9JEaajEf2b8aihM8Kpre1aw/0zFTkoblTx9FMZJun69OXUgnMizNiTNWu3EQspzxKHH1t3GwoIyS0+SC+kYx3CYOnhaS8eR7Ek13tKIpx6Y/vt/9dGf/+UXB/W68eMh04tNf2KPMUbC5kZL/0lGP3L8f4ymQEIY4ZqQ4QAC1JLVk7F67KHJX/qpe8QOC38DIZw4k7TgJDPRS+nfJKYJlanw7iwfvd59fhlG+EzB+2P7bwHmxBlHdn5YtdFwYB5XyukT2XQLGzwAABAASURBVF+PGjDLeRluemsvdD6Z+7jBx8fcir59Z6vMVqa3Ir1NfXc1pN+Eg52AQqc1JZiJSs4NjkoxzC8Va2qmiLlLykRByAxA5byoGyITo8nySOWhi7WXt7prEqHG3nPqg69eeeGty68YyoMr3hJ0E6PcWxFXyxIUGwrOGYXsWwlnzuZk+N6px6phUbKKL0vBZODllHAxTuz7g3VE3gLGyYjSN7dTB/awvHnxRqPd/aFvfEzsvPzmJ164urwubldRRpnZ/StnpoywDFCw7cZBOrHym2JWlMYsUQ7SCRrKJUeBcIgzIvfGiVgYO3B9ZJtz6xSiH+mEYFXcd8ezscOjDe2WacSUdB8l/eY8yO2NpEsshFj25q+Zcht4322oEkv5wMEHf+4v+6XyuV/9N0a2Vyd+9E9X77tv463T4WR17pFHL3/sY6f/46+QB0DLLff+8I8+9tM/I+5gcai5spu+osa4/auyqFs7OH6dQ0u5mBtHJRxYGo1evR1NFPxX3jy9f9+BY/umLt3cXF7fnFqY/GQcXotGmYvV9Nxn/9xf/tLZt77zN//3qzeb84f2hW1Gm4jKE1tLK3JtmVbq9xcWFGTyS4oU3ZLONrs78HembWSrsXKh2bqalzAmGtIFrlzf+he//uK//I2XTx6bfuzU3OH58uJUqVyGHtAuntVaZ2Wzs1prL292VzbbZ6/U2h1ynDAQvTBIKp6XQlLhpzOdVkImIqXhTY4I6cS4S6v+mOgTsyRn+GujvybVi9IqVu4paV5dELeQ6dgelcY4obNBKWy1ukoKJ9ZEkoUaPGCejSBBHBShkggV3EaCI0XoiLOPx9HpQhgF0CrCPyCBM4k4UbieTfGL2GgedKf5gWe7M6VBiuTt7EuqoXQpxS3TJmhpa1BDPoE2o2oLWGVqcqJaLU2UtG0fPITgIIwEY3jEibFFeSzNogdIG/y1d0prlz6m/w5MBnDIeqCMh1549qOIr/mSWCATesLaIDmAeojnQQOYMGPCMKRYE3sl17DT/lTuQDFzDPdxQ0v1Pcoxo5vRajZrm5v1rVqnCUZHSMEE1nGwO5MF1J1/uIBTUewRommEuWq+WC5XqhOFQjGE9cR5TFeDIOIRQlBRSJrihoFTGgFCAHGkC53QaXcAegTORxzckbLfZnvWeVPFPWsmVEyOAApKIMUPvK2E0BMRSAl4tTBKo1TSDc4hzEmofVv60m6v51QNDnSa3wr9buRNiAAaJCJwGtM8Q7DZN6KESIXx0SGjNio1wBktjfythn5Us6Mfq3uYCAxgyQRBZaKSKxT0xBQc+KWtQAGTeHRpaDdzbWurvrVV29zq4kQGSAMU8CkSUSTYTF7/OirzOeywZG93zFqCMuK9Es44FyOKS7acp4w/1L9qzcK2A+TwU2PWpFyWkpS+PgNehrEmLkIGsWcwZ/gBH6eZpMdSrw0JsLRTrNtuddoElhNTOAa4QhjrynNGlTKxJhRBghzDZqjBRdt2B/ktx7cIhhHhJAAZz7glc9RqNCZzaiueZRwMIkk7VjRhFWqxKk66xr6yNBSS3Os+e9mlx+hHLBxJDOdKWDAtgBQDe9u2lkds2nQjHbvV0PGv+nYkt5nsTvSdSLuW9ABFCR3QTYge2wiT5mgnJhDlTidmkohpHDhZGHWobWRCvZRIJC5qxwCR3oYu2yvE2Kp9/4DcbqwbR5/7RLG78hWQXseW7XplyF2mbzS7LpfLMzPT589Dkh3tKddfFLYeK0LuEFQmVpOOe0GSU2ovhby0qKtr1mJQPp+LikVNYVqt1vr6WqVamfXnteCJ4y9GQ6gA+hJTWJrIhYEXR4cP7Vfd6Pz509ILZ+fE0WP7Hnns/i98+XUVN8LAb9RXN3P5cmlae4GRSEVKM0IhClIenpltHb9Hv/Bqswbu9MAjFQkj8ghJiXAdfLdPhXWPjfGKu+ybvWNvOwz4uC1l/AbwiEhoozlsDIl8dreDEERbdsDHVLGRJLVmiEZPoIWBCEsdIZcbDbW54Z87N1cM/OmpUrGgh2JPdjWRJHVaC1MINBfq+dJpQ0aaTqcFiHNBIEgAx9BgGXhRDwAlNcUNhY9IOrDSHHgJEvPQ8yu5AJ0FnsQ/TZy9TgMwJpEdQ/onmJCAPwJBz7C0XI/VUOaU7+cEpEFRRpfmKBFBIh0tE4FBD3HKmp3pOVbEIyT0UyimfvGcfrsgFBjOAEEqGJsA+CsYsUgcETQH5CLQa8BJunmCftFukjAnMCaMtIykw8XbPPZuazEivm+skBhsCyoW4ACUqhOEz1Zf39AjQzHIZGxvprHHqUMVr2T2IFttHJPp3yj1xNwx7AdtCxDLNFbHQtYbZcD5qX0+TaBYj/dWbevKm29WpiZE6KP4E0TkHuAJqIgQIvCbNIMqAeKjsCktYHggYKGgJH1AW9TqSS6oVKrFiYm1pRtay8qXC4VySRsc8lMTJx66f2N5ef36ys2rN3LFIwsHDjXv2bjwyhvnX3q1PDv9LT/wA70g6KJIl+5pFlDMkdsYoPpVq2OMV0Zpo8MsVLt6jnBseSZqhLffcl/533x2wxxwIw9tRAjvO/ElwthSE5XbVslRHslDtsM4YX5DIj7Xo49+56NFE43B88Ga9BIRXzKPkmbYEsQjD2G2cNJTXOugMNu0l5uv9HAFnRizfMMTc7/8Nx//m7/8ojY3Dbsm1UtGxGdNgprL+8JYg8gFH0lr/TR4JxB3YvYff3jyH/30KbE3hTvVDjvpCAF2oMqMiuTeuadDdpzy4WvdZ25CJunjE/I79ufm8gO+2a9f6rywAianQuD9meOF/C2v2VMGisOqpi7ntV0nhFBupIWwqrRTSaL3pQ7Ktw3jRCYO6ZEYJ1Zz7R8M/fuJEUEkr6R4OnKsiZAicTUoc0Im3WikR9vNMtXjQqU/QfJa9DSne4Uv/SOVR85tPd8AvBOpRa37DzwyW5l/9vRn250mGzWQcQthIk7oCGQDxXyLCAlrLIqoS5M7Q3hT4eR7ph4MZSj4uV4pqOb9ohPEYztcCScKwbYz+z47KakJmNH7XJn/NszSyzdWn33r0jtOHd7RXZ9/5fztiDhJz7VBkrFKD00s43SMzF7sopIIh6EZfqT6kE6YP6ZjQIWLfWJ5q9PeTJ3chn6kkySilLk2M2QHByUVIZq0LUMNeFb2dVmqF00EnkjTQDmI6PWXUqXaqG2Kr5wyOT0rdlpuw1zbk+Iimmjt5dA3frP+o1NX/uiP7FmRpkt7WwbOOHPQPaNSF2fv2XED/dmxgCV08eYL7k9ZmBuXgHqBV5x3DxyoHLlauyjGKIcnjopxi53+yU/eU9nL+m/M7O9ID7sVpe0zryx96B37p8v+1tq1D59fevz+xfPzM29GuTFB8DsnTv2Xv/aLc1/41Pd/+NemTpwq+7I3OdU8c1ZehgRw3v4DYps2s/SSIf4iQ/DcG9MXD6mcrqJYDcEsIY10goUiIZRJhAHHz1xYP3Nxg8xKtNBF8D4XNBAT1i5aGkkC4YgT47lJP9fgllqZyUT6Ci8leBpDqyTEFJkgnQgvzYSk+RPcumyfpOSzJNzEuZBMdaY/pfEmCdEfcaLLzKHqldOrLroJGPIgwbQSJs9OLNM4KCJBQ6GYEuWxDoX7gvw5sSMOKV4xxBEqpikCJT38UqYGfH1pcVAOzpW5hqQj7f7gFayuWJL6V6ROZwW54USnMjU5PTc7MTGhTfqwMA9X5bFXCuRVlXo4NAoXhuPScPAp4hrXAHJ3gJ9b8LjzUnqJ+Oo30YxpibKXkWJu8TkYycMBlZGYyQXBYxL0eqtc7K7IRHsQPOxkglpHcS8A3g1pMZp1DEfottsRINmQN9ajHelKsVQ8Qfln/CDIF4uFYqFcqRRLpUKxSOTHAxc1YTdLgOWGxlCotcAoF8qf0zMRHBQLAkvvJa0oiFM8ur+f02A6Cb2ADFFJ6gGJMCQMJIPBPQidH0jdbN3UYllbPwv5PARqEIFS6IB1fJmw+Af7zaAgxCZWpmOAAZLpRs3w3FaxdUalpm9/xIlE4+84LrzkGpyKGP4FGCf6r1wuQcSJpDUOxLMg5Q6hm2yur9e3ahBU1Grpr4xkk6AnSNqXxpbn0RKPtEtR9n8CM4QE+WYwpEDstGSJ3thVSA7FlLu49/YVefcF2zksQrqIJqnOsiFabFXlVBs+BUnCPO6pHubQ6XS1m6nTanbbnaiD87dH2XMwH4HP6DgskCvLGnhySHYZE9PADeNjCdoRklNBCUdgsLpsxmdqctlgmBc+jxZREA6zcswysGPWY5iIExUTFougZ1JgrkRMeY+7hLrLxFol4bFcUSIEOh/dPoXukZmuJnmJhSt7UnE9tOe5Tn8xvBgl31jPBZMafFX8FyCkKG0eRph1IwAq68YQ5IfBjtBdseJF1c7zjBQgXQnNIVCGQvaBOyRCYoa+pfnY9jPVbcc2l7nzXvY1QKmxyMLdHnQyjKqoRHIfWoyZlKUNimxd2Lewubm5sbG5urq2uLjQ7fVygZ+5hRWJOLa4JsopLNbsIdU1QisEnQRhMV/AbHUVTWTqjfrKyormd7Nzs/TcWBgjlvaGY3CVdqlqPl6dKM/Nz7z15rmrVy9Up6c0sXr44XuvLq2vrnXCQEWtTm1rVQs9WnopFCsCOXwOA2u1l+TYvv1+Lnj+7JtLG2uarvmAOUGF1nvRWmBGf+EgNaWGDudBZ+40d0g4uHi7ihWCd80aldmovX4PMzU4NBITh1uKQYqu9HJ5zZ06vWitV7+wtvz6uWCid+jQwQOFMIyCbiJvIscBvJN8CGEcLc0q2z2MX4YcjTLRbn2zzIU4in5wLoCtJsi6Ni+WgafdAKFXhMgQzZR6uhV1v9Oq9zDIxMO1q3iKAgoRqE5RYk5tRsoJik7AgA8X+YJGcWzItwLYMC9fzEkU0tvNppbAO602KQm5ggq0fogyJnNi5BJxDx2e+CUg8AFSVJKY3WOWK1W+pPycr4wtgj7aV5lOmB2Kylos+E1jkcw+kHMCr1Stotyh6mtr3W7Xt8xVWTbG/UxINIopIke8SUf48TDmDsLnu6g9BIEfhJnZpYZEmElpljpJQuJHAwWQUNHY2Lh+4cLUgf2VSpUMuryKKCM7GdkLxoFnF8KSzAERIiKiF9VyI40bMTU7U8g/9MoXvnD94sVcuXDgxFF9Sa4YTkxXD9xzorXVXLl6Q1d47N7j0wuLtfXNzeW101964ejJB6YP7xfFHOiTpnedvo+FK5B9vdyeQpJvpiROJXNA7KjGNC9o9HqlIFD9HimcVwcng3ceK37xXFPwZLFWP953tzIVa9KPcSJ4wTa/RfbeYXVauyfXI+QHH8wfmAqzbTYYJ7rlTYgSZN2YVBS2biTOeupBVrvMxdw0KRPfOetBDGFI/BDqqjda5VJhnC5/zyMz/+ivP/bf/5MXtYVn+6uVM+FNHAmagiifqscJjwnXxPSPJJyYZEVj/P53zf/in9szkHjCAAAQAElEQVRxxEltY1Na92diW3F/miIz4y41sOyNAx9RmayK21z+9dnWuU0SD9Qb6+LcVvtn783buJN6pJ5djT691Gt04ZpKKH/iRG56XE/TgNLY2LLDJzEuO1ZmKUQmyoSKPSucC9xiaoMQI+VbzXUAxsk4+5mt2Nm+6tunCSaESCGduK82ep9SZRrVw+00ohdm8PEsVGalLkf2COH2mErQZZIKVVRv+uWibbZ0oFncMBrhnNUiwPGJR85tvVgHvBOIO5mvLnzTo9/56qVnz187TXYZYbEr3OgTsoshX3domsBcud495UMPlg7ZCBJP+qVwKmSMk2wbxIBQnqTzvWZH7Kpk5mTyk/eSA3nVbcvdA//0l8+/dP7hYwdyoT/m9a1u70uvXRB7WnJRL/mRkiOVIfSib47CT2msRn0UjXhLMl/CuN71ysl4S/BCSFSLLVtR8SCkkwQZRQgbF8KzIoV0YhogEXCbw7BMHudkegqLZZIgnfBYkwYxxUU6EQZtC89yO/OyM6DHDACKbYdydlIMlV5eDBAX7UW5SHTSQ2NicuorK+hkYmomcySMhBpy8bDjd0NRTLRwzW+f6YAsL6SMxHfSqtL3qNR83GFD1jZq05OVgaeCubw/k49W22K7kjuZrsELxPRJsfbWtjfK6XvgYqc8PPf4OEEn86V9B0pDwybW1muDDitnO+ys2NXZwaVcZMahdrXU6rc/c+k9D85PFLSz27uZ9/5DXGqLHVYi5fK7v+FfPfbUI7/57z505bR85QWJ2LBq32Hv0JHt73a2/T8zv2T/STGAU/iAQsjZ95SDOKJS8YXWb2G0oSS82FpybLQKH1HGb+F55hoKDLFIJ+as+1wjbrLY5onUc81TWMCSSf2mnYitKOL28P5zf8lUbzoWOcHPSy6QzgVWObNtMG8Nx5/4jntW/l29vtVB6GFJK41iZbPhoC9KOjElIsEmERzRwugmoCN6HBqs6F7Dw8zWxPejYdJGltBdFH3i9lipFP7UY/ukSHW2ct5i4IB2menoIsVY9v/KVHVyeiqf1zMJmCu4+ZUxF6kIRQMyIkHAAbmqlIpYTtC+AG0e1YbNAJzdFOwkzBoD8wY7nt2jywB2s2vb9R5V5Ti0bNz7gJoHVk6uH0LIkGwmDmgBPUWcDLtx50VabVNaimXcsT3tf9T+mG63UW/CTrvVbrZ73Q7CANgJhTMPzAyumQIGB8CCFCF7DoAlF4uQSaeYh4gHSt/AaAIoRKKBgvBAEA9fMrpJDwp5wWLGC7HhLSMxTuhNOL+87dXYo3XacCMvzdYznMJZFAPJ6N4N/RALRmkUCoUAveC4npC/jDCGckV2Y0rHA+tSOeMPbeMosr3stMpVQiVLRcl7mA2ZbpOb+ofQIMUifSTA98Bwk4CCTgBwiCkTC2m6lc16s6E9dltbtY2NTqsFQTUxRwNIu46L2swL3RMJ3tYjZVZJFDzC8YEZB/NtcC5k/FbKacOIJ+7RPBpVVcaVtodPvLNFGVGC+xN1wBhWLmN8lf4/ijo9vadNlh2MXej0COBK2NgLwoRGooFAJRxEwlOEPCl+wEAhhHQiEOnECi6uGGBuR4WXB+GI5rPVJVZJmIRiNVOlzJDsSddHfbMWiHB9JLXQE27QiZ282DfOMcFOvSyh748iHTQ6U3EqtzBkpFMb0NuYiBgsgkYcLeIzEbolge5iSp2e4ARDlDPQXb9l65WpB+AeWg/INGUlTyM9Om/iGCIS2jfISOI+TvUdo483anZnWjq8jNW/d3vQibRLlFJHx3o7lcxqI7tLWa5UtOf87NnzS0tLi4sLhkH1kXKVonEsPjgX83RKPU5kLT/bvJtIxBRJ9YJsFIR+LhdCqoZpT8sKWxubmsdPz0xjsLNuEiza1VNVcy092AOQnIAla3IyOzvVOnzg5s3169cvnzx1X7hee+The597/k1NuHI5L47b9a31Qq4gIfhGy7N+t9f1lPb0y6mJidLhY+u1rfXNWqvV8f0ckiiFLiN0okrFQfBZDZoPSvtGw96V8KLGGrjjXnYnS2a4DRyAw5oss+Nkm7GbMSCO054RVcXbDETmVFhhjEkDYE8POYU4UNIPu6XS8lbti2fOl7ygPDe3WCoGcaCirmEJzE4whBmU7SjuRkb6DNClqthfz6IWIjgozFnnI/ZI3Gt19BWBAhE7gISIktAmtLugpUd81O7F3S6JnzEAV5CaGfcg4ylkgvNDfbPgYaOUkFmqak7YKed5Qa6QR0auWu0WQA622uxYwahyD2LREGBIkPoCJAAfDFyFjkHkacvoQvpgLApVPZ/y2B3opJKOnJxpktP/XyFFGi+yJW4DpqmKE2+0lBwKXq5W9WiBcN3euoow904yMHkUQbwJydVGjPAZuyZZgkCyCsJFRvS9/SA3oA0uY08FjdKyIeTlIOUJoThSffnKlerMTH423273sDEeSzLoW4Y2mLQ7+gyblhQnILUfExOgCS0m+qEX+oEeVFpXmVhcnJqfr22sr1y9Pjk7M7s432k2w0rp+P2nli5fWb5wdXN5Zblanjs4P3tof6ve3FpZ/9Rv/bdv/pEfmD16oCecTqInKekyDu6fgR/L0RfSO7cgeX3NF5mNG7ml/mz3oqLviwzGifWDSvGh+0vaN//ypbadcSR9mK3q21I1ytmaik1L3RpMndl6RKqGpJ7Hj4ff+WiZph4RdWGut/7aRqeb9BZOOGWWq7Gl1VwryfhoxzZFuEpnkKdwJYQxH6p2uztm0IkuTz80/Su/+NRf/IcvLt1oiLFL6t0R1wRSGptIFLacCotxIuKI1bef/IFjf+Y7Doqdl8bG1vCTpsfs1HdkhL4xOfBWKNoscruDTt7cikzECZdOFP8fF9uLRW+zq1bbar2VnF0seX/6eH4ivCUmWN+EflMOK1VD3C3KOLAdUVRlok1st7pFW73Ayvf2YJy421EYJ27bhHmLgfv2pain6LWTuBMhBiXZ4TGG8qKZsXREWskqFZUCk6Ld8ctFO2gTT7wQNpJDOK9GZz0Znqi+43L91dXWVZqCgR8+euxdR+bvefXCs8tr122sQKJqQ5YrAvCzzg62XhwpHXiodCgnQxtN4suwnJvypT+oDaKvhSrdgTJu7ICMDC3p7+GydL2XE1Fb7GXQSafbe+H0lace2N7nR+X5Ny/3ojEXt49bQq0ypKapSJH+MWqwHGzY5WHc6XplmfC4FJaJsOYne8QyWmFxR8xccNBHrAW7/y7hRHZmz1q+KR2kEzsX2EgnXJFCulzYtLwgWkyULBt0OmTskurqTA9qy0InTR6qU9M3royF/XCXlInJycyRcI/H750ro7FMlHtWidtW1DiXpMlY9pbUWedkvdEaFnQifFn85oXab1wa/XxvvlB4dCpzMDj+x3pbV0RvFH3WtN8/+u2Zg99w4FteXX7xcu38iBtzfu5HTv2EJ4fG7a2su/KbcrapotSos2N1+8jix83pmcraas265YTYgT2t0ej90998/X/4kw/5nnzh+tXZQpBbONCRO4Sha9Tls1/4rYn5D3VeEV2O0fR+4meHXZ5pnkwbFGWym7ls8L77kzpA20shTzNnpRHGCJBCOklElzTSiaG45C5IEEeYR3gOEkmyn9RPUpERN02siUwlg8g8F3mHYJFLDnguRc/IbjP9utLtBslrZ6XtB9ck4uy7O+bixGRuujGVgAMuzJdz3/aTj7/xxatvPH+93ekp6aKYQDyzMjElNnsOxqNAGI6DgyIIDUWZa5TRK+2RJL7k/2LvT4M1SZLEMCw8r+9+R93VXX0fcx87C8zuECsQu1wQIASCIiCAMFEyEiIAwWT6R5NJpEQz/YDMCANImkTRCJgIowmQAJIL4iKwOBa72HP2nHum7+6q7q673v3dR2Yo3D3OzPy+971Xr7qreif69VeZkZGRcXi4e7h7uAP3KrBZEb6WDD2FR197+dwfefFcJ40cEfa1UwDLFpgVkSx95oav5rmsZPQ2N5rtBin6OMABc6yosBLgMDt59xWshpd0IpytIjIltbc6OfDVhaA57bM8+frJSTxQOZks4Flz9g1Ark0SMjrxFa6OK1tOSgNNUMUSlK2YSGCuCSK7LSFHHigVVoLlQb8/Gk7GIzQ6kXRMUZCMvVALRfv30M6VOewFfaBglXKSpt2N7ta58y2MTZOiy5wIPaaoqlTXUMCu45UrwM75yJtCI3jWfpZTuTmbg7CzENtZBiZmM8EzKauOA51NdVyqLcyQqJ3zGB8qKitrNFLy7aPa2mq3UwwmELHPJ7Ir0ZjTzJRmyKWphs9yok8gNo4xQ0zl6RC4alCsN0dFkes2GizguHHGVGX+qTR9TgcLHvCIAOOh+VeWocVPs4Wdovjpkg7WYlRYPoD64N7u4GgwHgzUiNtR1V6vpFNFCr1vNcOov+m5W+Dzsh4Bq86IG7c6EF2Hg4DjGALvo8H35aksWc8k+UNkwKY0tx9Dw0q72RXJY/xI26GDyClNGga9WijFA0bPmc6nk/lstJhP0cW/IN9qAk3RCKLIu4lVrIjYUnlaKYTbEu+wNIaZiyM+hu1MFYPZx2uHEiXHtfCxooVdgyXNOR98kksOE+QVM500VEq4eaH26WBS3Hf/E/xd4FN+3ClhrUn9PbJuqJT2Wc1ceMMul2dKWac+gYpEULMbbAdQSMZ6SFwWiKrod1ZQUDF8gZ4S8hYcUyviejQAaKWgHrEI/KErtXJJt+zh0qCDbiSDvgQviprEI+A4UuGLxLwLh2RXpeI4ZyAikettWz8WRAOebJhXmhMjyHqJQmmLGzGokOcugptIyS8vXbo0mUzfeOOt7373e1/88pcU8eBQIIxPcyKcuBJ53fLyw1N7FJ5DRooJEOZcL7OzrHXAQBw1XCBU+mSmhOATLEtsDMXiOGplDaWJUurrUas1GU+GR0eDo6ONrU0UmKqmqhYq+hzZY1IxE+RG2rx86ZKq5mD//t7eZqvV/ZEvvFQsit/4jW+lSVdCMpqOJ+NBmma0XBMaj6ghotlgpLiEz1x9dj6ev3Xn5nAwSVpNkegtK5vwazYjQq9o2NmCjNZ5P4GnRnjlyGPFYD7uW5YMra8ZRI8Wl9UFASTXrN+14PyYJnkcjMUH/gUEr9TzcMu+UP2chlj9sAhKyQAl1KWIZFcSVgyFJUIxO3ZQrOqCMSLvf3ARxNlEwrwdfyDjX7x19yiJf+Jzr756+Vy7mSI0jac07ZCjJxDcGyvurAUwnU7ZulqRJc/fiQS0S0lzHdQM40mmGIYkUhA9Ucwx+ZxU/7XTVLY6it9WUIYx0cawWMgjJbOO0KWJlLjFJVckxKBjiJvpDGSSZjo4nCpEpy7oM9QL6++LdiNqiWHYV9zVxVJtFoZiPpkpwj8XOlBuQ2k00b9ljCSWLBvU0lfjoThM1ULVI2s+jx+fTNHWVEZzMVbfyjoFNJqIE+JYMokFawXPTSjIUMyCTP1ygJMKeh51AW8SXQAAEABJREFUwm1BCfzLCZiZ1rgM2MUi7qTiuNXpLLaRME8GQ9pZm40EkXFbITM3Upvc6l0679CjOMI9CVnm0R6ryKfzQs11nDCipjbKyLmD1HsO7SiWXUlKYHhAsz3J9SEITw76t958R8p468pV3LyxYEhbGqHBsNpDRsy/IaeFrdNiJXYRS6tAcqgdOaMAvBRrB7DN5y5cnAyHd996u93pdNtttQtUVWZbvc997auvFb91/73ru3fuJO14++qV6Xg6Hbx9dO/eW7/9ja9eOCc7adzOFCuD6HWek9UW6GE2fLf+ujcJVb6gSpeoUwFyKIzvIl8gtWTDcwbpIRHyx5isstpm0O963YHAQODecLzdbEgjwhRasuk0WAoG/+0vdp/aSP7Fa8PC8KxOL2V/hafTIs7QXYPxcaK3afYrwOe2a+vk1SLA040J+PFX03/7Kz0rbxVQ9nHCOrPd4YT3EyzSoC0JS12l2WVLp8d2FI3OjwEvKjA7Cq39NpiShx7u3Ns7t90Ta6fnLrf/u//77/0rf+vtn/2F2+JUSYMrj5v26lDw0SJhTkleudL+j/69V77y6qY4Vbr7/i0hnDBC6kkD4TljsKmS4xWzr4Ul1cUH77x38anL4lGmdwc1nPmdYaH+/JyNLPqpq+mPbq/remFF2vkQ51SGPJi5lR7vFgxFiV3jtWWKaosi5s1V5nQokkx4SojgWxB+/dS/onJd+ZXmF8JfYX4DqFh2zWk2sogMyvyrFDVBdtzmU3hSyjIfLoSTTM1v3UvPbUqvo76JDErsvJywjLjW+exmdumD/vcXci6p5EZ7+2uf/deu333jrfe/O5lO6Evsi7EwGwvGmZpneLpx/tXGlV7SAudnSTZixbr2yKEat8FfazXt9CbFtHznUJw2lZatuw0fnC+G/Xhdo7o10++88cGrz1zc7LaOLbl3NPrmmx+Ks0692bCaKWvZX1m3RClBHSTbzMvTO9eTbV7zRejLRM8rWF8mvs8SnnHts0QYrySy1tOJE1t7LKvnMcXQd6awhfmi8XRi7Jk432zhQdilrdedq/NK3C+hNX0ZODvxbTM15vLlwxqXBeOpUYfK2pxHozjwBHbthVduvPX6fH5Kpz4fcVIyjSvXni9lduYgnsDkW8IVFS6Z79nHyaP1dCLr7k/2Qbms/Otvf3jt6oVlryUXGhv/7vPDX32QfzByhx1NQm+on9tofeVcDeJImskX/1x+65fkzutotldKcQMufCa+9pMiLtvzqbXzZz//f/gH7/3Mdx/8Ti7LLvFiSF7Z/swfe/F/uZVti+Xp3ffvmkvdZisNDguuGMTV47vW6H/qpef/r3/uX/8//uW/V7ijqBo1rbl1u/Hh0X/5D9/6C//zV9Q2/c033hRvvBnHnay52bt0rndpO2lmtW8pyftw57B/f3+jI2/f+lByoBnb9D/1H6Rf/MpxX9baEn3jfv12Q3h/TJ94k9GO5RHxCOwjRHsKMUyMJ4vQpw1DHoD1Kroyu0MRmlc3Hk0o3g1rGelX1x+5r7ClgDB7d+dIBHxGEjxWzJl+BN/VbNnk0L5t5B96BMtDYHO9wbOCWONHTKuJSkMOFR8ntmlZI/ni/+zZz/z40x+8vffOaw9u3zwqaNZzqlvH1qHhZlsTOhzprE+EsRqx0XY01w2Rtinh9oD2myLKlihs00N7zAieu9z96jMbP/ZUL4vcMEtjS2174e8j/eRkonpwwgGs3MLxqxE67Y5g0g/klRwxdkEyKO1pQmoBOrYKw4jnGJAUY74ohUSaQBxpLZyjCAxRQpSk3aeSydTqqE7x1qklOXKlnYcwIimn9fQ1oLLsokPH06HtuUCTevQvomTQaGuSpngwkRQ3WixPBg6+sxPQGuDcl0n4atrAEECYtUwXtNzZRgLtxvLFfDadLZQiWf3MF7PJZDyazKeKmZqTQwNJXrTlYjEn1FHoxcu6XuIYsbWNZmejqwSGrY4ieEmj0UDfU5FQ9VEXKThOFLHHcbbGYI0wRueYT+yRezUIeDbSWj04TQYvC7uhM70rLCoxg0CPCy2JBSMn5Ay0FFlMZ+pTGEmgkXEwnXa3m2aZHXk26GbvTNoEg5Alh6LgGWR3LFIvD/7HNkKDfcHrJUIH/xoZK/EvscpmZXkqWGa1gf0j6RXO9VrVOK1DX9zkojIBym4xNgLKrtttNf6xsViS5E9GTa5Sc8ym0+GgPxoMxqPxggJq8HToUWXM6qzUWKodmRu9fya1i9mAisiCVmmlABjmUJpMV6zMnlXpgBA1iupjExjdvzkyXJPk2pYosqK39V80U+7031JvldzOSbur1ExaSe6w4m550l7Na940ZiJQparcD21MKv0OMi0GY6qFJXgbiG7asdlYGuEEYUihiKlSXmEMnckE4R/1Sgsy7ChIBW30C4Kj41jIibRZLGuX6BA1B6yhY7nsRyQG38DO1yZpCq6tPCRviYV0+bagwRgFn7sD7VhJ6FWMenHWChl3Pg7FGsM2oLZFuipP18MDRmMb6bFzjLPh+9lslxRJAWYW/q0xyZSud7w6ClKdlM0ggETNkZF6SY0DmRWihYgL3IACGwMjyiWlKJ18X6g/MjpB/d+cwh7laGVoOkW+68jjVKQNdZhuqzksMBw7H3UOoApjOdjXOVCSjfwmWAgntfhNcmwjAbLUL3FcolqkZiVcbrGsHggvNFds2xl+UfJosWXDivRYezo5JS/DSeNwj1WlKSZ9c3bl6pXRZLy/d3D9+vXnnn9O0WZ2yYAwUXixuDyjTqY0SkVtHxlQ18cBIWBET8MFUsK6kOOkL7bbrfF03O8P7t27q1SeigVhY1JpeX9hpKR01e60Ll44f/PW7bfffO25F17qdi898/T5u89dff/9B/OFaDY31fKYjMeKNcoaTYULKEaPAoJEIbqNtPXK08/lEF2/e2e8yGmxU2u06S2SdbTiL0iTrpkBHge9pX3IGTtpOvUQP8wnS6vQv5B1JjdQp7hd71PHt2RlxXoTt645vNuoCU0JIjqJoEhenCgcuYh7+5Pxm7s7mzcanURe29pqtpRYPBqP0L7EYCPcY6dZwsiaIzvysjI2+0RFNUumqKKkYHOymSlogym6qJoBhreT7Ux9VM6jfFzMZxjpSs6H6jqXi6gA8pWSFlyZQIZ1rtc6xZqKEXaDYbfXDKPsulht6uI0zqBBMB6pdaHIitovUPOKrNVCJlPBeoxRaWM0donow+hrg78riEkla5Ups+pScdjEJCSK/7b7d38KZC1Of1LSMQ22GmLQQgE2zsBdgeLfu9ub/Hh0NCRIMciT/R2wfEZYvKo/qOVEoA1KJBgVAia0M43ihHEQzzFz3z4rG/AcYOwVpRCealaxEYP9g93btxu9XtbbUBtGFIN4ezLmfPSERlb0YDX0YOQI6CB1KqcK7hO1EJDpKDbPbQ2Pzg0P9h98eHNje2v78kW1MtQmePPqhc/+2Ffyxezw/oP9uw+U6Lx7buv8s9cevH/zve99/8qLL5x78dpG6xyLl5FyMZSvmgXfXtVHUX6OI1LSkMdgEu0mXEoBTxyIfkQJalyeiJNSwFv90afOkY2C01SxSENvL/nnq883nz+f/vLbw7fvKg5XiMBGRAjv2m1H3bVrl7FH8X+lWObjRFuWiDSGzz2b/YFPt65sxF4R/xCZpwIHcbc/4EUsNWcrmVzpNuktgV5aIMxxTL2N0M5OzF5XIxJngExlbt3d+dynnxMnSa1G/J/8mU//e3/k2f/qf7z+y79+T5w2STs+2LGcsf7Vpzp/9t967o987aHsOT58+73VBQIGC1a53IEAt7kn199850d//9fEo0wbSxw0KKLeTqJuKp7txJ/djF/snJlJ5e239Lhp2KwYQ0gjwBAVOrwmv37nVvPl7Yn0mO2P/HeVjxPD/pcA4Jjr/btN6fZJ4DYw0oq3QO92NXPodFd2LN0gm5VuWEjMnH1wp/WFV8OuCGs6Y9Tkzr+I8Ow8VOqlFz69/a980P/+4fwBO3RUDXj+8qvPX35l9+jejTtv3rx7Q2gJiBa8snJkO+18pf1cL9ZBmxhfRRC30s00SmTQBh8SXBvAlPEGzeCgu6fHHiuS34bLxfBGfF6caZrO5n/nF771h7/2uacvrrKK++De/j/7zddn84U467Q9HvhQHaZS3qrbkNBKfyP8wuzD99qfMZTE8xciPMoIhkGVwbIAjwKajb9P6cp12kZU62QuVkpPnC3L+MbVbyxa5JI6X4x3hIfKhdf9KtaStZmOj9M02SfeKp3P4zuhqCjNGp/+8u/93m//mngSkmqqanApc3u2EqnL4J/HJ33mz/559bfs6Zf+d39B/YmPNMnlmbKuYAltlpPK/94b7//B3/8jYnmKuknvD18VSn/2YOLrKaAVJedWhuJLGvFz/7p49qfl6J7IZ34+tC6J5Qc5sij7ky//u/+LF//kndGdmWewonb7z3SfS6Pj/U59940b/u1xYp9VT6UUJV7vRGm7Vfxf/sIf/kv/zc8praupAWzN4E5JEt6rq/17b+7+J/eHV756kSXEeT4cD4fj67fvXxf5JM46bUDvY5l6V6lMoqSYT8YinnG7+/u6kqhh6O+f/vPZH/3j4pi0Ti81n+Nujk3U0U6aH80TbavB8ky2CImcpxNdGmo8nUgXrc9akwhWJ/A2WXs60b5PIr9+yxLZ7+p6vB5bG3xbv2mOMe+NnKcTqp7Ynf4DsXKgggECb/BAeHrlynDakkZ95AOP8JrG9EOplV/87MWXPndxOl08uDu8e6d/7+5g73By2J8V9KFcSOvLhH2cVK/xVyvXIi24pGZI0CohEVicYM7WRuN8r/H8+dZL51svbytpXeTa5gbPXjuLE8OohuPlmFg9BgFzUCpXza9L6JRCMHdKKjDQV/4Wki/IIwVq3CmMR0peOWLPROAjSlWUZVt7JlWJh0iyamXie4/jyCxsBEGJzXeaZPTATuItMJdV7zI0ohd2CbJOORL+ZOkcI7zUX8cwoIuZmsWF0kJOJ7M5Gp3kswn6I0FnI9MFxYjRsg46vadBUCs5BVmtFHigUQFAq9PpbPR6GxvNdouMHyJW6WrLD22RwZiJdKsylzqWENmaoP0GnrvnLFnoYDoQ6pPrBxqqe2UGYsEmGxRQYsHdyNFMCtVVCaRxmjSaTf5L8ThnHFlNs2U0+SAimRNJdqOvw09IjgQkpBPdalU/9ZJ3pxppkVWO1irz2EkZCr6kxW6BVNj1xg6GXsRgeX0DCUma6r6kKblfj/kRBkiScjadTdGWaKT+ZpPJbDqnY7pKSJtyVWSebkbUXaDuOhDdOFAUekJF2VT3RAvn4fFFzedO0gCnajmN5gvc7HFt/COdTMEo2Y7Fvif45PKawEGRLwsHKzfx96WkVJIU/c146OEdHDrJ1XYnYo7uMRbz6XQyGk2Ho8Vsqu0YCm2PotZYnKqFE4MhwZoAcrAcRhp4/lWbJLLtCBUSdx4AABAASURBVIesIXOTWOgLAAgMYsCcpPJWmNZoUh2RMUewe3Tpndngkz2Y9Kdi4S8x01Kmo7p2bCm2M/L7YZrjtUyWRx0qgCxLPLEQENJiV5PUa1qLtUt12waiRyg3/cCu7BmpsG0QYRZCUDn9uyALO8Tw+QIxrlI7Cmm0nAWxM5pvZHxUGBIh9Tf1eUUh/LFymkq7z4nqIFL3yg2DnhlZKVa6r4yke31ZAu+XLwrTsPqvnCg93uF1HhqDWoKjTZi0TXHeaDUvXb40Go9v3rx1/sL5jQ10Oc4kUITQLDxKpp4rXSTqz5NEr3UtnZWnngVZ10ugYCWK2pHRSWs4GvWPjrJGQ1G+rJEl9HUhy+fXST8Lil25cPHCO++8e/vWrZdf6V28uPHjP/bl8fibH7y/22hsqrYrqkkNj9SeEf2mAG+fckUPz3d7rz79rFpE792+qVgota/Mc/RyFmO4n5x2UBrLQKDUNU4mH57ifRJTiVd+ZJ8xF263dBKw1Bsj6TFhrExnB1/xeDZDA7/DYfZ+3oqK9IUXLm9sNrJsjrztQhE6ucDlQyaWkeLTFE6foocw5H4TZPsxNil/KmIbw0IHOkNbA0WWybPOrFgAnQ4QkLcaUS/KJrIxj1W9OTJ7k8m8mC+iRB8PjGk/AGIxywUx2bHS88sMXeBG7KiId65uTCxHw4udAukkQslGJFqbzRQHoDYI5OUP620i60kmpmpvTXGC6ImobF0UvzyVqJQq4ihnG3Ba2bhgYvJXIIwM2WPKxFrT+eQlsEejeZolQYWiWGo3tdlT0z6fzvPp3M6F5fgZR6N+Ek9B8wQWlkKadQRW36UGWe3oYoyFlEj9QVcqFH6C/ZLwvmbXpproYjE/2tlrbz242t0oIC70vKGHNMBtJWnCGagK9Nlj+8uLRneCYXehWj/HD0UoQ8marQtXLg/6hzsffnD7xo1Gu9nqdBW8RlncuXTu0vPXRgeHe7fvo039Rqd36fx4PB7u7n/rV37lxzf+8NaV86rCOI2LyZyWZGS3hfowungkSX58fhSflAQgToPRvdduHw1F4ClE+CoqKYwcU8ClXvQnv7KhQHFvVPTHuQBf5gLn2xEzr59/unGph2jWqM8c9BfS6NW8E36WNedS0nryMDVc20o+93QmvROBpRpYKuBqFvL2kYttz13QtQlhygq9/RE+BBtzE/Cid7Cxl4mJQgscX/vg1gN5KoOoZy+3/9L//nO3/uSL//Xfu/6LX7+fP3QIiWeudf6Df+u5P/jVy9HDrRU1ejd+8CZfuz2fV4BM8+xJeMrxwK8MijUvY8a733/jUa/rL24lP3d7XhrXn3oq/clLZxkuxCbVnQ9efzPIEb6eoEZ8JkrGKBUe3IKqTa999/LLn7uhpZbeC7XXco186Td1rWtuuBSixseJ3+x1r6W48folb8ikb16iFyW4QRau77SmHbYQTlLh2qsvFh/cts89zYrrFHjdcTjQa1YM6QsbXxnMd28OXx8vDumreDTwXO/iuY1LL1/77Pff/e2dvftUWkli4Eq69Urj4haam1j/T3hmKIkwpI43IavbUO/jhO/imw9ldFJmTKoPQFxZHEF2KuKyMvXH05/5hW820qTdzLJUyYrd2TUlLZ/OF6PJ7FGYm2CS8sLkiK/CZResvvJSXDvx4L06vfkLxl4k8HRiKamxGvH9iwg7+xD4LJGepxP2SmI8nVjrY6EtVHxPJ9b5rX4r8Kdiv+jyHRWmKsOWq6evJrveMBrD7kqNUDN4HrL3bdMM2NnXzy2i6ttXn3n+7s33H9y5KR7vdPnpZ1VTy7lSbB/vpeUUK+ys1+TjmABW9fNUIxC+9O0fvLsWH5JAcvV4z0w1SW04O1fFyVMaZc92nxMnT6o73/jeu7VPSsXE8jpqr0/BrH3qpeeFuPE//Gd/5i/9f/7lr//OO/4jq7ezGf5ewPsu7O1PGg8G3cr4x00lA8FAQgtjpYa2PXVy8sb2dvTn/0PY2IpfeFEcl8K9veOdSlgJgovjhsawRxtZcWdEuDpyHkeM0DL0RKLb4PMDulVazwygsTfaf2g/KJI9nQgjyqAw09oDinlqv6uZdbBfEZEIvmu+IoSnJo8i910+m50O74tlYwnCH0gftQO4wXNbKPCHEzyjl8DHSan5pZxGI3n6uc1rz2/a/H5/eng0PRrMjvqzo+HscDAbzfLxLJ8s5EQxHLTPZE2dQNkyTg+FQkF7lAyjzEdZpmTPUaeVbHay7W663c7Od9ILnexcO/HZad34aguF0yIHAy/qWQ3f9ETXZ+m8N0BLBr0CnejqjOKMo0gzojjkTjvOVbODB9bBo5AUrU5SKym18/VoRcePcZIV+5LSUzZZMCYXOo6Muk0zVJSgroQMy5QMl0W3MjRSqH7RAr8PDA4tmq2jtSpAjx0YamExGU9Umo2n0/GUnJrI+XShvYxID/A83MZWHBiDhwJhqP1LZ2Oju7GxubXVbLd5yfNH0MlHLkoUMyLLLeoxxbdBWTsOgL5Y5FJKj7E0KOU4ymsgVL9lNAN6sNHoZDHnTyrJNwbTydATixrwdqfDVhr+cGnXJtRPEM4wiIxnity4PdeHvT08ZRsZRbb9VqzAbmm88+F2prwuy2q3LDozKB25bCuIjiLyfo7qCoxjlGXs3cSOg5I2T9HEZDYaDvFC6SPQBIUnl6TWkjhtWQIi2zOwAjQrnRDSAsfJKf1jlvwVugRlre6jtGRQBrKKR4b95Cp+FuoPFgr3Tnm/VZBDKwLUgh174UFldJvBbuJlMdw/HB4dzpWmCX1kLJQ6K+aAOGCsRjAagPDNYcH5PtDhdfBpRFaJxq6LrEwiClkQiSjcInoCmiiKgnkBU5tDdtqqgfuu1zzjLzsoZM8n9Bp1Dqh8ptVsSiNTCpYMY23+yRJUrE90F/RxbyiVdq+ZNSmNBxpawjgIiFwWOSNVitFG3k0ogA4bn5AGkfkXYsyCj4Px9mERlKccj7TZidf8E2nPS9uEY5bGCTiHjwr9PKZGJ1KULSqOH926SnQywCUpuIZaMApoOt3u1aev7uzsvvfe9VdeebndbitKw3rooBKP3QEKvjOfz5X4nO1OyKGXN1lMSE7HIFrlOJFoVXnaTJui2Z61N2azwWC4v7/XajW30m32HKH7I5yjelT5E73c3MD/9vd2Hjy4/cILr45G0QvPX73+7s18PoYMXczNZ6Ddk0UN5owVzkqpIxdb3eLqM3JevH37/ZmQaactUIc6w4jpBoOxYyLCNEDOLWIppPwE0MxHl8A/P/cQQOIlgsjSF/gqWCpwQoNTTXNcXUDuLgvRSPO4PZjD9fEwff/DXrOdxMlms4E2l2mMukJmdxUnukD7JPVUpljPDDlUchFC9I3ZRdWmmJyFMcVKhQJdIC1/MVsUCzkFtQWLkk4ULaApFIFTjO5M7VanR+gvUWH0mDxKFBglikwBJNJwxBmF2rIip8hcXMycHRtqEoyS98WiYFZWtQspdZoIcrcuh3I2GRezObKz6OGsEAotpDomZZQjL4BBKZiXNt6zQfv3y+fTqYyULIacKCJZKpKsGctYNUNo6gRmK7zsxNWTz3cymZfWH2zElzjsUdxQW6k4UhuziZJATMYUqSZy2wH2c0DuldiAH8jAiPdcfPbFowRkKzdXIq9pksk4SyLCUWxMCl5rnJyd+QnyS6Kmn9lDtExm6BQwH4/v3/igu7Xd3tzkgymCTxgUdNqAly0HJpSRFplYbVuhPbtozT3aMM2TOJIYEyprdTob2+cPHtzv7+3dvv7+C5/+NGJUgJlYXHnphelw/N63vjcdTDpbW71zG+r1nSje+/DOO9/6Tu/iZuu8kuMUfNiBuRiz82U87AMNP18dtKJE4JivfWRs/ZOa1lqJsMrfxPFpOJ9d3z96YasnvdgoVvxrNtJatSzJXO9CJ7rQjX1LEeH0WOLzT2WANiL1n5PumGPp3aBMNRvsOTPTROvjx6nAqbkfHBwNp3MeCZbYSnt60Ig6+RNW9GG66dFHw24tcXYi+oPxu+/fefn50+gVVHr6Yusv/vnP7v7pl//hr9z9x79y59at4UlraLaSf/XHLv2xn7jylU9tibNI73z7tf7+UXVeLCB4t6UE4W7PE5BVCh/s7r/+ze999ke/KB5Z6iXwp59v/Mz785kRCT3Tix+RxYlK7337teH+EVh5PuYZIAp3geaCwVWA0d/6T0W47K23j+EIhgdReztwjPFR/a7ycbLM30l16ks5k0MYjfVi5wXoezTR3TeSe2v65moBs669AQtMoOi+OByM33q/+erzntGM3xhnyQHmqSw3GX+76blPbf2+++P3bg/f1BiEjpP12ts//oU/qAS9o8ms13r6+WwrA09eT31KI6UNaatfUdcGqG/D8nbeuB0Nx2fIptUu2C7Mn1oc3IrPBreU0nS+mD4iy5Ll6cLosJGfIlaLFPVjXZ9/XvafGr9zu/mSDLySSDePRjoGJU8nnp2lfWrprzCeSMraWWnqhCV1gk9PQTgI9zymGHpn9Ct+y8Uz8b0tmAhNBQwnq9k/CZ4Fir/qoTJA7tYiQe9pS8KFebyTlf3ifubLv/dg5/7jHGQnTbPP/shXq/nnptCQp1mlJ9osz4bjVqshPllpf79fzlo5JKWzLYaYrnhHPtg7+s1vvfnjX/m0+KSkX//mmzu71qjuDMQ7lYQV3r57/6krl9Yp/amXnn/z3Rt/7o9+/v/87//UP/zlH/zzr7/x4c3d2pJWscF3/qPdt/pq39u5fBoIP7+9/ed+z+9Jzm8fW/L6+7ct66Kb5P0GLQ0KnGB1NyJ0djJcJFLXYm1HfNWO8BiqwNMJI01iK53HEfCsGHV+ZL2SSBNzx+SH3zXyH8uwBd91CFpa+35bv/Z0AoO70bzMh1QUl9b6BExvbPW+Blx3n8p4Zj8g9g/757b4QKZulH8N4a+uxBrMCLHRa2xsNILmeU2rvbYcqKNQdSVlCUjADZuAUms9HyfUtgcPDgz5hlogAnBkNHwg6tOSfFMJsFmR04Ubfw9W6U7nWDO0AjY+TqQWVZn+ra2SetJToEG0Gk0zdr4uRtAAssmOusbjjWThwScJM+Nsg/WmeVHU4WQOxcPHCh0DJrQikFWFzK+5UAdxFKNfgnnOrOViPlMM0nQynQzHZJEwn0/n5L0AT8gbMQefUSvAWTwV7JwAQ/yIKGuk7V632Wq1Ou1Wu91sNnVJdL2/0FyjRlnAKk+sDkXgko7eo0KUAtTnekCkN5hG6Que3YkZAVYeeyAcaeG/sQXRqI+teTgCDmmdlTxSyfBT1eCGam6rqUZc/Yv2UiSv0XpZKXLje4YdBpjK2dmJthZyH8fwEyD4YKqFBz6FihmxniOy5fJ6ISkiiXZOAHpqhUMPLFsurHkHNpABi+cdIQBPdGNX0NwkRXMTp6lhByfT6RiPAw4n4/FilrMPGzuqSsiro7zyFxmTexBXAj5f0mUcXAk1UnVmAAAQAElEQVQj83Jp1bIPa3QSXDBk5eyZkI8iwTH8JhcqC15PnyQH23Mz5z8z6xXKn9fkvLD2Qsaps2RBfU6eMOYYhmmqVFdK2TEZoV8ThTem44mqUKlqYzI148qAqURUdg2CNUc6MgtrkASZibDhEn4LVyLaqkQxPwOmdxpPemCgLU6MpYjuoem0sR3hOFjSbTgdCtTBerQHo8g10i72cPh8N3KGNTFf8ce6RN04XPIxFA/sjDmKEDSAB09GIZGXdlD1BEo2c0VVEsVHI+9QCqWqWVOzp/7yBbuMQmVhQdFOpJYGadAgJSAZ7+jxE8Yzjx4FdgnDpIDOq/j9ZXsXHleT55/Yk0s3FFCVOZw21Qx19TSmXGddrpPi/+hP/4F1yp0N07NeHdKKaISv+4aAaZXr4CVYwbQlSdLt9RRI7e7squter4sWmsuNQJ1ykco4Y2TLoq41JbBsFGyukTwxtomYNs/IxFJ9q9loIDsV2QAPAMaPAuMUtXQUq6WI53Q6GY8GWUP91+r1NhS6UxyRktEwDiEDYcJYUUpac0SaittNIW5QGk8miroqVXqURJKt2yLDu5DaVdqD/xDZtpQ7Uzfyq2HpZHz2WUDlGabVzfGxw9oLSosoV0CXpnm2cPAulHDccUkrtc1yk3rhYeBVBRyRiGPF0k4mU7mY9xrNXquZKcaTo57keBqjYLaSVPNkqRFHhiyxGJcJonb9RbqDiNCtQs2RJr7aOZ1C8kRU1TfR+pPsyZG5xk6iNSjZUEfa2aFmrEHYaHYiYhsXHgG7Z5DeGufnmoLyisZdIJk0Cs2gagNSovugOV0ODMkS4MJSBcGRQtESxfj3i5khQOJAxMY4WxVw/P71bFDux5j0toc2WBw7MyEOCQ3jcD5zMs3RfL09VCq0jjrysInmftywaSqPZdkBGsY1QqMTAdJyA87yxO7epf6pYSG1hAjyOe7xNs6fy5qNnPd77BWTsL7HCxpWEUxjOJ8dtETa3x3fqJdTipg2HA6mZCPf29puttsK7tV+dWv7nJI3HO3uH+7uzqazRqvZaOLxsnF/uH/7dvf89qUrVyIymjZhjzXvuYIj1gPgZYlymXJGFcNAiebazN8FaZvMcfuj0bEl6wZpjXdM2pvMPnN+KwL/JJyxDhGBHxGA4FeI8ik96Z0/C9RMS971ZXfeuxBslWVoCwJgV6hVeBvZKJb/+Xc/mKBGswa89D/M23nH+oJSBrj1I2n+tf+Yxu3uHX3hMy88DDS2G/GPvLr5p3762k997fIzT7WjDMYzOR4tVcc2W+krL/X+0E9c+XN/4sX/+H/76T/wlQtXLzTFWSSFwf7Bf/03Rn3nIaaygPnWGu6I2ucQFBbClx+b+7s3b3/1J38CHtIxy8p0oRH92IXkfCs634x++qnspy8/KosTNW7/9P/9/530BxDynmAJhJa6WwIirPAt5FjBvCg8qsOZmnLsPWi8/Om+j1t9wbc87a/wajguld4Wdb/rJSm+/UtXJ6MGMVJe/0XALRrG0vbZwpHPxQTl9Z+FOMUV7hw0v/xpO5gB3mBdjjlPHLSv8lT9dtLtC83nFAMxKfqLYm4YBpQCX+pde7Z5LdFhp/n8scpPu9lWM2nHkEjPh0rVWMf7SqkF4XRJmfyLX4smMyFONt6lBGs835STt+MLJyctj2NSffjC/XcaxdwAmgE3C0zuN8zznlZIBXjVu3Rxtvvt9hecLIbIjZlZaambsR3hpHV7TIDsU978WOoG2vTK+yisqhOCOt2yBSdx1m/ZlWeov30q/2T2rV40E9669HGUrtDoFu0wQthEt8YDkmB7gBcbOdxq5CVWMknTFz71OcWO7j24Vw3H/vEmxfB/6ks/+uUf//3qovRIzdxnD6PsGKOTNTDucenSF19qbnSiR0lMP+KkNHc3bz74+te/J7wBqo6UFq4GWbKmECWoy33/1s6/8Qd+9JMxdEoq8Rf/n//9wWHVdjkYE2+E5MqSwVOfAnzqlZeefXpdS+sL57bU34e3bj17sfOTX3nuf/Vvfm37XHdeSHQzOpmvU0M+K/q3x/3bo/k4T5px0oiPfUWpTb/y/At//se++qc+99kL7bW81Hzvtbe//wN0x+LZO9SwuP7Tk1JfVbqZFnuTBDxxUGhxwsnkW+5RSz75rD2Ksphzpl/Q0XO0KwXOj0q/kbY4Cb8Lle9CWD/zr8ZJg/mi/q76bXzw61ExA1MDjY5RSplarUxMGCmX7rS9ELblEAo0NBt37cqFi+e29AiGdBpqfIoE19W3pO/AZcl1UFvlVxiCFfAKS2vTY+F4OKr/5of3bn7IkYnsRqAGYPS/HnNbA3VQD4kbvY767W9ustd9S/mtBYUstEMO1QIKqZOxg5MoivwtrZ2RurZ9POkj02RD6EzaXy38iE125kovSIfRJdvupClqL5pNtjgRwipTy+J3IwChW3vSWOqlwpfeWEcsvWbd4WK+mE2UfmU2GY4H/f7gsD84OBoNRpPRZD7B9hSLgt5nnwNmTsEoZnnBRSJtpK1up7e1sXX+3Pb5873NDQzp0sgwmDsdiRSMFYy8hE00JLs2WRR8Dp96P+fIPtooRMpgsEyqG2Tyq6AZVMc58lBpICUvKpzoeB5G+m40G51ud2N7e2t7u7vRa7ZaatTV4PMaKyjehPa/QtYqOCZsI6PdpRR2XiopMkgIbIAevwc0+0WkfReZ3KJi5mowGSsBLNZldKfxMWgthVp9rTamNGukZHESkzZNjeocjU0mB/v7e/cfHOztjYcjNECZTNHCqSBLQEKpasaB3cIz6pRmPO2FcEIH12yjZbDzUZ6g6vAs4R18rCE+bizxsInX34q0JhaSHjFaWsbbHkHlfdsexgnOrgHXI5/d18sGYR5d/pMBw2KhwGY07O/vHu3t9fd2h4cHk0F/Np6oJavwvEL3kYY+C+doKocWh1HCLAegLxPSSyUYKiBWBEK9laoLdYvRrKJE/6E/HgWw+C4hC66aoYAB0iPuwgMQvUXmqFlkF8Zr0rhtE2yMha2KyUiGblj/y4iSt8YG4cR1OAeEv/WUwl2bwStNEBw7+4Ixsb20c1elx57xCnj/Ssav5K6JzEoW8yk6LlJ/0+lcYfbxWF2rSZSIZxcK5UqKoiM0GeBwZ65+0C5SfLDRyzJY3IaMiVWJtWAyqCe40NeRJmGrx6oC09qrCpRqW9KSZWVKSKf+W7XpcfR0UtGhiTNMQMpr7XVNyqeeempvZ+/e3XsXLpwPrYwDpoeNPyysKDqa0OF3LYiynIT5xIk4M1kzd8BSL7XQW63mZDJuNNL5PBn0j5CharXQvQQpaITnKpx1q4oAzuaLXqdz8cL5t995+97tW08/3VBS1y99+eXDw28eDffjpKtYmrxA/yWLWQNgEaUiZp06OkyDhpCXNzY+8/zzs2LxYNjHgIGQU5MiqZVCtGLx67G3ouWTTukeRZLH+bI7dbK1yjCH5ZygL+RasjWDhHzH83S0IgLDtOPmGeJZIfJG+zCO3+4Pt+7eaWbJ89vbvSxTMDKZY1cT9BUomH4B8aZqrY0n4+lsWnDYM0gg1kxfzDaVxNFHEv1PopkGBnddcJRO9EZBHsPidkMUXWRg1fIdj4n5pTMlYoGl1JcSDjBBtoj5grYcoEXOjOwjYcWmvDxVOZFrbQfS1jRWHL+iMYp8KIYBeUqhLU4QuJOUyH9cFAsM1sb8q4hydLiivXuQYTuSsZkkG/pctYya38jIOoZdpBRmfj6hiwXqSBgxVjwqiuHqnttSczKbT/B0wnTBJrpCuy43vAMxT1KNNaK2WBS20ojZOmOnAnTcYZ4sMmDrpLpGSS/agjBG0nZjQ5sH/JBCgGq+d268f+GpKxc2OvMC7fQVL1VoEz0n7sCdE1sKoIEUwqmR5tC3GB2T4ewCHVAleRR1Nnqb5y7Mx+Px4eDeBzc3NjfVWlAwlQvZvXj+iz/xr/z2z//L0UH/8N7OxoXzzY7a/6RHDw5ufO+1a888s33lkkzI3IlMWDDcD45VpB3IVbr7Q1T88SUQa+FcnfbHk2/c2/k9Vy4KcEdtNPb2fJwA+H6wjVZMs4/u19qOhJtQZ5sitGG4ZVG0RA7s+bAS66JZEefjxK6fko8TVcM3b90/HE0c/0NoUhfVoTPMfpLWulX0mv4GBi661yJ0dmK+vrt7+JvffP1rv+ez4qHTi1fb6u9P//Q1dT2e5m9/OHhwMNs7mu0P5o00urCZXdxqPHeldfnc2ZiYVNPX/6ef27ntxewA4anIV8ETON7fzOBx6d7N27/w93/2p//EHxWPMjVj8aPb8XEulx42/dY/+hd7N++CM8/SScO0cc5RwYaOKVuBKMNH8c5u496H8eVnXViOR/97rF+TGh8nnFZf799ODvYUTxLzujMkzV+bbhSk4QvtePIQCq2JD8bJHj4BI2LIH+yNvv6t9k98xVbt8EbQBT+5YQDXBCyTRNnV9qtX2q/eH797b/TOvJjQ8UGh69F4TzbjVoa2JrE3nIGQwgyvbrWtP8CJYUvw5puvxdYNwJnQWB5bb6nbsdguJp9f3P1+ekpnTo9Vem7/dm8x9jJqxy7MdHC59BUzbgH8P13sfqX/m9/s/Tg4LyOaqoo6rySOrmnyaXhE53vM93QS4tildVrqrJ1ph3TTUmSf1tvWunp+b/zWU3G/OgTVsfBgWwrhqdm8sqW3fGyjUreInp8k77VqbC6vvfDK1Wde2N99cLhzf2/3wdH+jg4y+pEnxS1vnru4feHi1vmLW+cuYmjUuvTMADr5ysV5Rpqz4YOD7WfX8jzxpCQFeHfuPPBzHCk4mzHTdd748O7f/ge/9L/+4z8pnvz0//t7v3j9A451YlFKbVprBOte11k3Prz1+776I+IkiULtYHrz3Rtf+/QF9aeuX3j2mffv7t/bG3xwb//Og6PbO/39w2F/NB2NpuPxbDqZN1tZq5V12lmv0zq/2b56ceOpCxuXLvTGmXzjAXJcd0fDGSEBJTP5zCVcAi+fO/fi5uaVblucMN28hayvBbPadRtanJwmtSJ5obXYmWRkbFHj6YSStacPPJ1YS31zJD3wdCK0dxOTQ4JlYT2dcP3auYmx2hc6YoT5qrXB1fWb5hhPJ5HzsILHqe6/nkz7q5RpEOz/7DWAnwMmR+tJ+cJT0sD93cNPveiqkh5FKdmX+Jwkc5Ei6IT3deuPROgaxDL7EnA8qS/t9KdL+HV6rRJu1gyZM3Xu7/Ut5yC1/2FdWWkIZQCUa4CeG14Qwm2lPZaaOU1tPSCIosUcBUaDoqDwkUZd92hEx49z8pUvvizC2p3oW/K6gV49UGcheQy11Y4x3LGvh4xZ8LXgu9KAm4VU/qKMdGGcNnRtMlOqycl0MiLXJhOlRpmpvCLXpcgwQx8EAgtfWjlLpijkmEA1Km2kva3extZWu9NWXciLheqEJCm24LjzIMhuSeMQttUo5tr+Q5t0oG/xnAM5VQfT24YcSwAAEABJREFUwFKgifDKOfcAeohMpEisccH2IjPr0luQj5Os2ej0ut1ej12b4MvoAVzbkZDYE81f2P+KbznEvzZVmHxhFPDmNqCGjImluyq0UNg4Wgi6z9Z+1VRoLQBwWBMgZzMZxQbKsoYw0IL2TNPZ0eHhoN9Xs4x2PTjFOQcYMop8wfIFO8tO7lUZaBrbopTlSeR4imXw+toJllyXkqzjLUr6qfoy4iNMetalFdPrfNswgDVZqTWTNCvUNYCz/TL267Q6tR0qLWngK4Ua8KhyrqBleHQ46vdnZLWgYIb9RCdpaiwxIuY98BQyLXShzasS7ixFz9GcSZQggUDzFDQuiSyJJVsxxog+c8TLShNBlnL4S4yN1ijYn/MwRM42SABCSg4yKNHG4GwNQ2G8zGY2AFHzGc1LlP33W9ziEtRc8cg6W5PqW7YUlO5dTYZEB8IkLTHTbxVCx8YtBPtiylEHjk6rFujUBO328gVFAMvxV2n6mCCgmxOgQIAyYEPYokyUJQKeRyvdNrfA61JIrexvFfwKWxj0VLtXln+iulK0ZZEpL5evpuWrDNbKqk2PaXgdThb2mNoFAwCnZ8e0yzXEBbCxsfH5L3zujdfffP21Nz73+c+2222mryUrE2FIkWEf5GQyQYpLQfUi7VBRe3LzWyfX26lLt/CY22SLKqwkSdJWqzWZTBUVPDw82t/b6fU6SXKOvC9QI0mVq6GPADJFO1l56dKFRpZ+/wdvdLubW1uXLpxvv/jShW9887V2Jx0OFRvRbrVb+XwRpwWpWpWAlrSlxSKNE6VPvbi1/cpzz4/ffevm/bvt7c2kBXTsv4iTlJT6KS45NIVV7IZ2OxHFjiP0OrM0PcQcPjGpBEJ8UUUQa8JJNUnLzAm7YTSsduQbIR4z1CwbNYJ4YK9TQrKvvRz0jhm1SEUUDURxczYWN+9kMuqlzVYvjQo8WKrgATl0DNFK9ZEjiiSNm7KpqlEcej5DHjQBJJ+AkCsjYwyC+YLPdpDOHjF+PlsslOYAQ/ikqeh0VX1KJjqPYDYZzfJFIRJF/6M4wQB6eaTj5aD59wxNofM4TpsRHoPD2D+EXJGWFnb7wcQWBypmB5hJI+vGm0mciqOjBVnQKwEMyYqLrKWamim6L0SmRkkNAgfqi9EfYGGZD1Wj2hPMC0H2W0VE9uxN6MVZavYzGL5TkP0AkQ7mXXzNj4MX8QjSavp3ZglC+Yb+KRTWUuOv5rO50euh1zI5ORosplN0ecJRccjtaARImIh7MscrHV+lvTQxj1WoHZhEe5HZbAyxTGI1O4gVhd3uacaVZTdIRfK8sFsffkQrRUE2pDFgkJwofuu3vzGfTy889zRZKMbz8RzbkrJhrz6hUqj2RwUKvnM0jSJfQLy1I0MU47oCLVIkbguzNHnmxRdU1q133r715nsKuF/9yhcRDhK0X+le2L726VdvfPf7+/d2G83O5vmtK89dm09H995779f+8T/9qX/zj7YvXVANwKg+ea5W0GI2R1Rc5MARo7xR97aXUTB4XmK6EczYsohPv4sTlEJgLsfSoTrqZJuib97ZearbfqrbEU6z5amTreQxsDvRkjQvv6QVKz1d/a6rweurkagazZkradVVXv77+0ffvv3AGwFRHgTzkttkSO/eLnC2RwHjrlJLHEHHEmDxIYnxfuN33rh25cIz185S69NqxF98eVN8hOnd77z+9f/p54TwrYWqwOMyobTdkuViYDlnGTy317/w93/2hU+/8tLnPiWe5HT9u6//1j/6OWHkudKDLyE8mTjf1l9Iu0+1lYgQW/IapK1A+vP/9JU/8b95s9HyZd3HXMsK1J/kWtoGhL+2jf51zd639noxgt/5xRfZszRv1KXXZv6CtRUrGfT441Me6oqRgN2gj37tW8kzV9LnngIz1KF/Ec/AqjJssmKVwjmXWi9ear3Unz94MLq+P73FQxGrbUnUaMQtLbL3ajCdq/o4EaU2lMx67C98cDv75g/EGaXjKQSIL+V378fd+1FPPMlpe7T/8uGt+md2/Z2G15XLJB9/ePRbHzSuPUifplJ6Bg1XBlaqbvNZEyC8px7k6J2ReYuhpTAMLQVVFIGtiRCmHr2LsmTV0EodAtJ+y+kveRGxS/On4O4fzN7xbS3Nevc8tzBkhiOx1mgGa16nVybJXlIcpDUeTRSXe+HyVfX3knjc07mpeH64Um5/zMI7Qbr5L797/lPP9rY64pOSxuPJz/+Lb4jTJ7lmnkp/6+/90uc/9dyXP/eieJLTd1+/8Tf/7i+GeashTK7IKQmCStv0f/GLX/9jf+ineic37BCe9YkgAxT1e7Gr/rbFS8dHwPHTv/Gv/j5xdmk4HH/jW69ZEYFln/x/KxYn9Wi/PKyVYX6qNR/l8WiRgDFtCHdARqBf5j10A7SAXlur6BxJh2Ak2peYMmwYInW0HftUOk+WllvSKD0SwXfNV/T0g6ufvtu/07z/emUUvDsfaKCSV5b8uAeOzzN6rO+9+d7v/dKnm43M7S695tfkiIAVDNhC063Vb62qrcLkuzrLb5k5rbR2Mp1df++O1+1SZatSeeclgr2s0PstJ/oirR5Y8CEdOYm3SEug2oPH17OMT7ry5JblcrJksCPEaQXFYa1S1hkoHCuFlnIpplpRcv16rPyqMGoU6TSjklcTUCB37XgDZYk4enxgOIqcQ2unyTP9kjVSMi3eoa+ADrItgBUqrAZS2t452U9wVbPJfDIeo9HJeDIdK5E2xssgV8vsBEVaaTyZThTSHBlSMk+0RFPi7ESpn7NGu5k1s2vPPwcs94xRqKx6QGcpve1O4RrPemn07EIxH3JycOKZ/wJ3R3oCfzcI3lBbMJPaswE9lRq0FosFjQe7JMmnU9XBmWL/0ixljwuNZra5vd1oogv9ONIBjKwRDFeZkw+W3FicBBPKiXbUzAyjnwajYhd4JhwDlNgZNzDgmkpqKt0jpzjXW1nfm6+wX/RhD7ReH+2UFPBYP0NZ1kCFWp7P1cSORsPBQP3OJhhlQyWhW40VxJHzDQNm/xxBVPqQjrfujbxkWwovUYWyIrYtTxm/VF01EOD1MlksV1LJL4HHsleORYziuPW+ZjGHglYLXU+CA/X+Uu/h6x5HhdsNka7H9FhPFikNiH5oDoFMjiQJ0NERDpoikQXDYjwYDg4PZpOJPvy8WKhy6IPEJA0yehnGDD9kXRZrPQQFn+DGgAm/pWpIGxk3z4priNYYhyQRoRoGJjtXoPkNf0gZiglnuEGEKPZj5VCOURxQsjTSiVXobWP0BXqYvRgCwkmJ1k1SypoJoidmUxzWB7kwSEMvamGRPZBlCTvEyoW28sFIZRThC7EU4s/ZLJ+hrQkiPZlj6BztjYmMfym8mPBXmebZOEZOuEJ4SLQfCKHnR5gazLLG8/WFDO1i7LyYicX+FMuAnGxSuZz0v+59ovRCaTtvXanJ8HfZTEnTO1nKri0rVm28dXocw+sUlfIMWKeqbHlbTIWKnsZJfPvW7SzLut1OlXGp/jKAMaNj7rTSzlL7ZZ9du+GapLFAirc0FFRP6dKVclzpvzOWdkXkN4zRmHAfJ68nUToajRTV7HbazRbyt9PpuD8YKFKrFOJCKkaizYIytBMQVgaN+nClJk8yJX8qptNJjiZghbWtwTAWxLGxDRnH+tEL3wdogBo22hv5WqBa/bRmkB6n9AiawyNZgxQ8bkRrT9xYy3IFNXUGyYCtsH2Q3nQyXEVkkgloVBKj6xtkeoeTpow2O700jVHzr/hmKpsXuatUsK6fA6Eg+0jm6AnuEQQ7o5MWWwH77dJEghhNIh5A6xQPBMTqQ7BAQ2w5JyZXt5jckWmqSCbhFEEypyex9iVKromYq9A4lIiI1D5dIgrlo3kEof21FEIbeApyL8SGn3xBJEhDOq8hMonXcmzygcE94PWBkWUiaVibwAQ1gJuTwP/JU+2SPNMPlP7lj9oss4PCCJoKiaUF+aJkB2/Epkfa9Yg09sea0tP7NOIWFYM7pEIUn4abptt+EKRZGvyKXjRSlNA06A9ZgFe/RbPb7vU2sDFI6GM9zR5VMnAFpnd622OFD7TzJA9SRNUwuhnuG/MH1z+MkkTEsHXhvNq4qnFQ7VRbH7W9Ge7vM4PVbre2zp8/3NkdHhzN8vzC5UsL1Xw0ekb7P2xIXL+hWn0dTsmKjCVk95ECz2OTOLzOcDoNRnhl36FuFa+Z3j8afurCVgrGO5NwC0aEPk6qH5XVE9jmXaizNbH434qzarZ1drEAGORc0sXqj/DX+7P5P3v7fSsC8NcV+BjBtxTXyFevUtAf0rkgwKdw+lPSyQoZl9z48N5nXn1WsSriyUyHu/v//X/21/I5ny/3V6wPAaKS7WUsv4fl5d763mtf+Ykfy5oN8WSmo939v/uf/1W1bzSI1uJ4TPaWUTH49Ae8p0IIn9+075oHloiApg+LWze6r3zmCCJRWk5r/op1rz1Vh1l6y3/XnXRMOfzaP35mNkPrcb04DSEEMwpmzNxQOGLp3nArG6A8iJqY6qHGv9n1m83PvyK06a20uKCCeAIcVcV3MizTiNtbzafPt56LIdnMLjbRiWMGTjRS9qECzkxnaRuqZfCuP8p+9pcgL2raexapftakuCoPbyTnF+JJNQhtLGY/euet2FppYLJkh+/4B7zfsKCPCyvYzlvxQXplcuM77c/mgPDGom1pPYi4DzMvKsSSp/wWE0i7p9a2SoY26ZxqnSAMk2nhi9l+pxUT/hCEdbZg/Geav5mgub/wVIFgF1RpUMAsYTu24I+utzCDwSpTGbg0j2+ni/yJtT9u5OLL+3F0zLKU4ozSfDSJsnjj2Usu2vKTnGaz+c/989/+xjffrCDGsrZE1lydJn3ju+/+a7/vS61mJp7MdH/n8P/0n/6NMQdcK4/F6tuaVOXDQwQidu+93x/nP/57viQeLnHkndP9iTNNf+Nv/6NvfePX250tYfGYflLGUt6S9h8JH9fBcQS5ly4O5mkhdQwNLW0CsNIE82t0MH6+EDo4DQsKOMdF1QEIIuzU1K/f8x5D3XdF+En/uzAft278KjhnGMK10zRAuIzIvG0vjCgPNJXQ8Xo026c95luGV4nX+oPRKy9cs6Nu6FfwK2RIX/ypqnI2PmWCutrE8tq832ptAYiEUXVsPV//1e/u3j8M+a2lIOPNgFgCgJph9kFPCaDYLOyg17Nl9dYYWBeplJGQoqY7Zf8cYCHBbAK8zUyF6RFnkCz8nCKtqWB+2HpkcILXxmpRUmcOIsN6XGtuYpcD982qWuv16Law4OXAqyXSTopJ5Ycy5AUGWJlNZ7PxRKXxcDLqD8aD8XQ0Hg/H0/EUD8oXFAbHylRAK3ALOu+O4eVZeZxA2ko7vXZ3s9vd3Ng8t7GxvanUOLQctQiRJd0GojwTFq0rLuZT9LCi2oNGJ/h/YeHF75RFUOA4QaFB1EjaqVrOQckrx+mhIDiFvtqCjoQAABAASURBVM4XfO46UVLLRqPVabe73e5Gr9Prtlot8r4QSRt9Z5HjrKCeSMfTMUpibYND4tnABkhHDvGiSpFXhcDViZTGKNwSQcnkgMOBFNaMxnSc+2n26xoYBONAgpWIvpsoZZjqVIahmJQyDa1nVG3T8WQ46O/v7u3efzA4OkKdNA2FxgJGx2YmWTcXqthHBmDmpaJk8FFXTLfYDVwFevU4+MjJr8QNVc36qi66aktkrTDx0aezQiy1yacFQT6vNcdoScN0SToApw/nsKcLUiAV7OA8V+tQ4YFBf3hweLS709/dHx6idxOF3/FMJ8EZRsOJEx34Br3ms+98jFaD+CbGYzIYNAd1W2mkyAHF0Ikxfg6F1EnoNiWTlKhEyyKPcwBvtkG4HR9YcBIecvC0WLQcyPrKNdJYgPk0AvxkRrFKQaCG3i9L9dJs72lJdMPVeTg8su0QxuIPEYMuiSEI1N8C8RMa6s3m0+liOplP1cV4prDoiD37jdRTdOtER6BJ8STAyakh0pADpe4AeBt7O8BWGxgt6yaU906EgD2LE93xcGjLlEtfnGy5wPJbWblY/t7JvlKTHjujk8KWDDnIM+S9ZOhzTNHIbqd7qNLBYafbUclfX86xmBsEnBhmIrX9GlcYGXrE5esRKKzRcDaK1/sD4NCh9AmFhKbEdqjrZqOlSKhl+kskyGwdEH0dHOxPp+NOt7XR62aN9NbNm/lC9Hrb8wl1TpFbVXkhTQVoWlBwIFIlyo3onH6RT6ZTkCxfQ+M73U+pEZij7t4QiRBtue75y6ba+ZVPa4bzcUprNqd2WITwTQVdHr0g69ABGH8PGqgitzsqrZ/wz6JQl+OzHZHlr/R8MmBIa1bJVt349dl4BgvZaza3tzeTLMrn04iQvja6kMyMc9hEigNnTZ6JxUdDabIYlFqsC3RIBM3B6bA7Yu4Fgh8K3SPJITtT9augVXG2szn67wOzZ6b9c0S216hQIUxOHiwTDpulraP469ZSWLPCgncKSHsVEVZkXnKEHDQXYLtQdj4Ws3F3RN/Ro8ldFrxZ0XWCtiPXfDGR9phcqtCcGWQh6qDDAok4bdKrUxpnaB4TL84KmS/9tv8vQ4+1ygYw/BBby+FsxrHauS2mc7XH0dKOwolfNBJ1knfjfcF+LdLyBUu5iX0iADAm5AL8TabdB/koXQO6Lk0fVezIYj7bPH8+TZQeSwkH0vl8RvyEZwUsWHwkPeZOt8fuHq3OgMUNqp2xiAd7B2pLowTWrV6vSWfn1Vc3trYU/3ewtzs6OlS7nXavmzYzVdVg/2A8HMgkufT0VRmLtNGQhWSiIML4fLBkJ1N1fGcWtv2T9Yj6GLbyE5s2YxyQ0WwmiyLElI+k+4rpfWv36EKn2ctS3lQLUeuhRBj2wOrJ7LWwEithSIkMTn5YH9E19fiNCd6SxuM0OJ8BYJzH8u/to8E/e+sD9rbt74KP7zaIcmkrKdQ5xkuB3cYL40KBcubz+etvfXD54vbmxpN32vjDN9/77/7yX1MCrGNLQuWmdpRr+anSBf+j9svf/vpvPfXcM+cuXRBPWrr55rs/81f+6gwDOeGtxsPCInsBIcrXpSzcl/INiXDvujEzNfOljGbz+OZ7nedePEpSB6on/dV1L7muS8GyrfyumxYT8fWffWY8bFBYTCOa4xEJgcqNpiZkHmsPPmfoUU3wyAUENWCuovA/eCe5fDHe6grvDLGX3CCVThh7JZyPJb+M2qa0k010IFdTT/BubQ2iUqY0XXD9VvZPfhlmc1FNJ5sBcXwNwXoWqZTP53t7UXsIT5592Obk6EfvvJnKhce/CQsv3v/CW55enrBgCf6tl2zhALmp34ZYfH78xvXk0ijeAHfi2Zk22vm1aEJTWO+p2Vyz3F8IYX2dmnpW1ClFSLWFkxMzhRV6zVsotfVcEA/+/ezX2zC3XQS37Mya9cbRqb28oQvxvrcWyyDmvyUSAU/N0sO4mMQrEdJjmTZn8OX9ODmm4Wcs2D587872Z57NOs0n3e5EsVLv37jz3/71f1QVQMrwVog1pJ3rjLJExwM//2vfffn5q1cunczfxuOQvvv6jf/wL/63h0cjP/PUipPa90ocXaPV+8H3vvHqpz779NVPQlCn3/nWa3/jb/zNC5ee99G+h6jsP/4wQM1VmFbQ5BjkZjofy2RRRH5sHSOq5JxI+IYfpK+keskiQ1uWIB7V0XMid/LEWJyYevQ5acMoler3vwth/VqiZc5K8RdHO+33fzUq5vY9c+Eq0oxXJIwwWugT06Z+zc8JahpHBPZsUzSljizPCzsHRxfPb53f2uBpMJS0/ro0YeD7KQEhKtera5M+r1By+VFXmz+bsq6171+//e1vvFMDR1ALOd7OofIkvLDEnGAsSbrtlhIF9jc2bBFtdGIipKB6MVOKRuecg6qR1olZwDyL+o+fKFXx0ikw1SMV/sjgOBl4gKo9zi7Q8zR6nmC/1iYwURKVjumz8LMoHxZfbnQijBwYyOE7nhZU+ko0pJiRkcd4Mh4q7fJ4PByNjoZsbqLUlnMSWgptusHrHfT6jnTd6J9Vic6VWjlLWr1Wb2tj6/x2t9drddDTPM24MKsSG8bWa75ekmxvyH83ak5Vg9DiRHrGNKAtNtwgmItIC151DB3bX5fD0m9VN57zp8SWFlQ7yhjR3KTbbSutmNIebW60FWS324xRCmOfQuYv6CfAWoHwv0a0HpqsMr6LUPbLBkNaz62HQiNJ/x1neWNcA5KL/dBPM2hDE3svIDDti0jbgGJcJT9tKplrS/2i/BnQZ/lkPD46PNzf2TnY3RsNBvPZTH+Ykov3YwKaKM2aNkzU5wFq1kXdYinCp0FwNyOc9140g1axOAkEzss+58wQAJat3Jq3QiMtqEF/jyo9UqMTIcTSngCvOf2nwBptF5Q2h2S/dNia3KsvFoXCCJPJdDAcHu4f7uwM9vbG/cPJoK8ww3wyJdcmEZmUaKsRsuTQsiXNKmijE4qwRdZPEVmWJFkWo+VJphRFUYoP0G2r0hlZQLPE3W4HfUoB1vuOEN5m0TI5ZhVE7OAnSmLfO5QtQG+Au7UjFGJXvKo/AxmApFiapBArXpd+Fba3jA2FgXzDowk8DM4MAeqzGe8Q+qagOYTEx7PxeD4ZKWy+mI7pd0ahDHLBSKvg7b39HK9NCy8gfXYBHOMBUOZNAy4l7IsuIoM7QaorLsYXmjmLIm/W3ARZhFZTd22yI1ieDv9W1pR3L54oHf/CY2d0IutKypqpeyjey04bsTJztfQuXrxwcHBwdNTf3NxQpIiJjb/2yohbonGo+jeNNdPjHXjSBeq+v1bDwbnAkT4DocBvNpv1j44mk4mi/VmWRRTdg21BtAiLtw1MlqKo2WxOZ9N79+5nWdrb7Ha6vTjODvb7k/E8iZvMJ0Uc6YokYYgiI7TSVZ9TWLOZIVKMcjEYKLZrTI6HWDWfWDm4ZOMT0N0zKKFu0Lh3Hv6q6fvKpzXD+TilEzVnBWb3EnOL9TiaeKDIvif1rXRYZl0i7lGvEt8DngWKLsjzHosiUXwp+qfKZ+1WutFrUmiTXOsjyeYEgB2cSEXj1CZL++JbzBX3FZPtsTCsuRXB0kfICQpt6cl1mYwoQk4sFMFUq7MRR6mqQbHKixk6Gyz4kxDrkHRkdCLYg7yUxACkINh3BuPvSC9+N3bYI03KKH4eb8bJBrxAo0m0Jyl0gDvBbhejyPDH0tq6gzGUMOPHNM1si5nxIMOVOGLEFpIuMNjuDJg93kaIkAcRZ4XMj00e3TJMk6aY7ItEjarifRpNpQMTc5xHhYkZeGxIQQt5oOm+NZO33AnDjz4VgY8UT8chctnYxwgOXMdpP6SZKyE8gYMj5BIHbz4fHRzFcbp1XullFc5LF3mBUKkPpkiWEURRiRtjwYGMTJeF/iTt7nA7B2q3qWZ/gpa2iFR7W9sIfHGiuKSs14qbjcHhkeJrW93ObDbpbm2qgenv7EwGo3OXL6XNRtZqUagRSaYn4JEUalZI4MyDWqMTP/3Q6CRIvRQ920zJTaifz2C07K3wyckGal4Ub+0dquG9isekNLjKso8TEKIaSafmi967wmAVKBORumy98ZUO84tyhIugDd++s/Mr79/OjVTDa4ArHmoLrf2Y/SSw1AcMhtQYOXCLIngT7egPH0BQqGOx+MEbN9Q6uPbURfHkpF//2V/4x3/9b6udj0ZQnBuMUwnOoOZKrMxbmZTU7Bu/8psKEb3w6VfEk5N+82d//p/89b/FvmEMTwIejqcrd2vXq4fqLUCC8GwvwOJRj/cB9wg0EZpOkze+v/XU1cN2T8pwDa35K1Zdu3aaa70AbR3edWldrbo+vBP/yj96fj7NMOgfBGjMCC9c9315hqUt3iPH7QOYAQy4Rz2k9hG2eL6Y/eBdocQrT1+CGnbW72ANtpJ1ZeqSLrPcx4mubXUb9K+isL/xnezr30YfJ8tW2IlXXv17yxa74nRfyvcWItqJu+LJSc8c3P78znsxe3gLjU6EXaEiBK8Q/oW/TINSwq8qvHCpIeY/On3jSMC97Cm8D32ZWFpjbE0Mf27aI6Xn6cT/stRPGUCq1Nk8NU7vfLqpzZ15f2RGwYgKuM4vRW/+qew7GRRuMRrU5I8ihOvXYgqv1uA2xI01A2cv1Mb+2ixZCHmQrrt7fBzSM4PoM0dag/fI2l1f8f6bty595RUgWbN4MpNSZo3H07/yl/7mbIaElftpobKSpNurnyzVvIJ2J7/6HTV0X/j0c+LJSX/rH/zyf/pf/Y88XHWp1FOnyqkvveQpQDmn0eq9/ta7f+D3/VgD3YY9wWk4HP+Xf/Vvp1nXx1ceHg/JRCX/GKorl+aqncJ2qgQNMM6TKKrxREL4NPR0Yvkcd1gIXDwdYTydcHMj60dEuPp1le4F76OGo/Lq109N71HWtPNW+/Y3ldDEMF1eo3VDHLtKeZHhX8Hri9DHdER4C7ZJZtdvXlFV37q3+9lXns+S2G4KLfvnX3v/uGkDn96YHBleQ+jjxDHDldqEKNdmnzoqu8THiUJxP/9Pfwv1TPxyUCGU6vYzobSBLZPMMiRi7JRWYwFxv+sOQpDTZI7LzFF1UhNVxzXb9EvSiTtRD/7HQv6SJL0khKiV9qxQ+pYsNs5EClSqxMCpF6xQWzAU8/kczU2MgxP2kMEn1vR+w5N6SXOysfot+wmTbcRi6KKaJBAiIluTxQx1lGhron4nw8looIR1k9l4MpugoJJ8MwOwAjlKaBGhwwBhpZyYjT6Xle44a2adjU53s7N5brO70Wt1WionTjBSNpbXliq6v4WWZRbs/plMOtCoAw/mUcB3lOjie7EGmYrFSWmCqqY2Ggb4c4USxiv96ywn8avEY3FzBtGskTVazXa30+ltdHuqAx0KBcUuwHMbQMe2CttFtWoH3wWfJeXPMnqU5NwhZs03+0oR4PCNaTDFv9CKWPOnG1xw4BKcL2lEB/pHAAAQAElEQVRFW1qorK/NmIKW0Ou/iGXuUaw0YlmjqSBItXM+X6j5HfQHR/uH/YPDYX8wnUxNTExBpx/RMMDanRM2jY2hSaQvpDOtMwNdv0qN72BubVSdIP2y2an6E8ofAq/DNfWLcLdhLlcbc5RApRaKzmC1e8nZS3m9kDUnrh/+S+YCKhfeh/lfMvkk7yYKyShdDymCIqGnajGZjgeD8eHhYG9/eLA/PDxEc5PhUK0ABZaqXKzhK6ILAhMOjmMc8KM1ifpD11bqL2WLEzQ3SZNEEdcU/xBpJHQWWxumBGoTZi1clmBQ1NpXe47avBA5DqOUhPC4D1VrAtZtDyuA/Wv6IwUGeQCxpnUaQiOzuqPK7MnaP69P/jWvoKCYma6CsAIbtOkz7R5aoMhCeV4o7dFspn4X01k+nc4mCl2P0NBkjBHR5tPxYjZVOh2B5oT8h0ZFWmkKxv7Wskrukk0IqYhnfAJlIALS+RjAdrtwHwQjYdY1lFcwdU1/VTJp8YalVNJcnGgHBj5eAlOPuYCSM5dTbO5szcekJ8PohFtQqun4yuTSfCtWVT9qyTM7qOD2SGn7ZrOtrU1ffFDLnwljvMzmYmYN+l+p/fxaDWdIAC0K0/Ht2J+Y+vQMWbCZoumtVjNJUmHIWOFidmgGi3qBS2E8HintZjNrKt7n3LkL6u2D/YFCcrjc8HlivJigdavQJ/fR20kso2bSbKSJos39wUB1eEHEIcI3GN9RqELieaQwOxbT/eraElVSepKnNQP1OKWTNmclN+Dvc+qKEePFBdmJiN4xngZfVBpujJeEnkTTCL0dUrCBFieKK5vn+Xh4OB8dbrXSc912KhgStON3pAyF7iTzfQpUFujET+39gPddFHmNZPqSApbRnisi6wGKw8b8q4JvRb2RVY/jLIlSJAPo70SqtTBbYPRItlTRTCfYhaYDc5IhA3lS0SZi4T7SuDPA/JicIgI3D0OYkJuuXMMjgn+sHbc48LZclFWNmh2EMMw30QjiuhPaLOmBXgbnho0+ZSLb+MViNmMYi+wsnjljV0pVPs9LbKrBYTsZUNjRG7k3lGrzI9Cu3MYs8/dLnhDU9UEa8xRBYZgEm6Ur3o6ZKccieH3XagYI8/XGDww/gx9TOyr1n9p4pVlLAZhiEAlKCx+5ReYrJrya7rr7hm6fZFebXH2r01EcyNHu/mwyLiRsKIqDfKuiRlGj11Is6XB37+jBTu/8OQXyrW738MEDtemNkvTiU1faWxsFRSBUL0QWzqE84hBINE5rdFLNetTw83ikTiQVilkIUMKO0iOGmGUvrjs8S8rd7g/f3e+fbza6jUyWI9QG0cdl6ewXJikq/lEMRQDz1HtXestKaAQM4Jm0lHycEIG3bbg/HP/zdz+4sX9U7hEs3+FBzX25tE++WElnml+KsOMKS/Hhzftvvv3BpYvbvd5pAt5/lOnmOzd+5r/4b9747e/UPrWLOcxZeru8kpq6qu+++9qb3/nNbzz93DNbCtU83kmN29/5z//aW7/9bSGEr2e1xg0+wrKZoGXGZgl5b4GT9gvhcQwWcXvIDsxaI6Is4/fe2b73YfbUlUGSlXB++ddUebLrMIEIviDWZwzU0p0ciW/+wuW3v39ZFolvo2zGwS7CULgOPisurKjCfwR6fHUBU9KWMU/dLIj8xq3Zm9fjy+eiDWtC4WEnz3+JDJ7V+jgR1Rr8MuZZ1ceJq98vE9SzdwjffTP9xd9Mbt4vz0N5iMWZp2qVV4r+s8XBXtQaw+MeimJjMvjy3TeujPaEt6ggRPMB4fIKgHsqbBHw2LjwU6txG2a+Or/18uStG/GladI19iX4QF8LYagks3zOZ4lHJTVVNeX1UwYTPqlhPufqFFZx4j+1+jBp48fpOlXOedj7d+Jf/3J8RzikJMDDXcIxqv6yrXkk/P2P+bFoyn9v2cWFRXx5FvcTOYlOLX76iNLGTHxhP7o8XWcdPpK+5NPZB7/83aiZNi9ucvjw4Pz6Y5xIW1Qo9f8v/cI3/1//j/9hNl9Yoa+oDFaAMMvPlpddLoXz03deu/7Lv/mDl567cvH8pni80w/e+uA//kt/819+/fvVR/I08LXinfog9/dvX/+Zv/v3x3P47KdeVtJL8aSl8Xj6t/7OP/nLf+W/ODrY7XiBdYTDQgFl8MYgxHnL07Flesmil07HRZKj+tZwMdoHSdnTiY46Yz2OiMDTifnlfOfjRPspIZwfRcDnXNxTr/6o+l2OesM1TA4a73+90b/FTJjhpkxcHLC8L1g1hc41KirwLoTfN3NrZBnmqa6aJRugxGvf+MFbSu3+zNWLHPtCMs2q/Irw182ft1eVlWtZvV5CrfSNLH9LS56ZmldaNZvNf+PXvv8rv/At9EuhSSQE9dYuMwBR4lFElV7WvNhuq717PIuiYbdT2ISRUCSfgMdD8HFUEqQ4km9vl7RtHfivJt8OA5aIcZaJo0v5cg00Vy2zTHDka6B9Lwus8EDfG2Rxgs4nAJqtFsdDSdDjtRnDig7bykzshXYMXE6ax1P/sWOU6WQ6HSvt8mh4NBz2B5PRWP1hFIaRUluiMFAuCi2O1iJVcwidXGCzjBnNT5WEupm0e0rf0t06t7V5fntjq9fstpMsZtfI3v4mSBQVniPWoAHIAjs/p4hC6EqE+UkTXAusBNJMJx+/s2wnlGyMNH6gsbVxcGxUHS6DfkBaLSWfbJF3k3a322q1G80mudWXJFOeo4MTtZbIuwm/K2VgQuH/8uDrGEOkLNPeTawHKSEDSDBt9kHEZOtHwfHuYKOqu4mfQDG+9oVDan4KbRJFJGdeTCaT0WAw7PcHh4eDfn86HuP5H26qYHtxNjlAlzkA3p7ZsthhG2uhe/lKgeVraMlRYcnPlrzj4kmt8/Ul73o55TLi+LTe59ilUF3FuoOnQ2/L2lT+DmeU+2eE/qz5JDsLclFSSPT8M54MDw76ezuDvf3BwcFYQctolKOqolCFEjIOQbDRSiGg49Lsuszmk48dPPusEFeMF+yiSekpohi06/xI99/EyLNbSU2+RWka4gAahSPjq5NXg9saiurILYE3v4bSult3eyU91Af1r1hEDt5buqt8gLcgmzkMi7PIZ+h+Bv+m6JVqNh6RX5Ohus3RLRZ5K3cOy42pihDG6EVUxHX1bQKvLITcPpvQSAgpEQhXp998XciOQ3A6xXA1tQtBrrhbkiprwF1DhbGRa9SjX6hf75W8GmRy9Pf+b2KNtGQITpbkGnXo4+phSSabfg6sgwflUkpgl5/UtrSKiYgG/aObN2/dv3f/05/51NbWFrMpJfs7O9C58SJAUeGaiDJi4ZseaeJfNWNcKz63ZhRQk47hTKTmvWZocLKzs7O3t684j+eef25zaysmBxIFA0FkzF/015C0K4Ztb2/v1q27G5tbzz//SpS0b9/e//73buzuTYt5Q0BXQkuR6UL1V22N0KdTih4lEvVIKD5HYcbRdPbunds/uHF9dzEeyAU0s6SlRCxt2s3Eksg7tpZ0yYKdvjCvE0U1MFdGVSd4GgyQWI8YflRJypM3x7CHzFVxXojBC/1bdnaC3r9ylBHpUxaSbREN76d1dXV4oQZZyIrVrSHDhQXFPNdWhfQEcvRUkcg8ngybw51nosVPvPjcV55/9qmNThbFixn6MlFFJ9MZLi6CeTJxxjU1GAwUdVBcYKNBTokjtJDQjFxusbOCxmQu5GixGCkIRjMVRWXThYxncTKG6HA+vdcf3D7Yu9Pfvz8eHRZTmaUiywBBNxUIkGS4guxDkmWNrNkk9zxou8y95D1NQWtUwT3xB2jTGZPfRiT0BXpSmaGp+3AyHguyZsUIl03kwhnmsc1kLa42RmZ7yc5FDOpAQ1LsKvqo6LRa3Y3O9kbabjq7E+0WXt95UBB72SdLkpxqkC/KGVaUYFTOmI8FmNrFSZNci6sEn8iaF4VlpflpxKF/CLWpUcqL+WQ62D84eLAzPhooXoEsgyQFNjIbEsEuJRUbqH238K4UwGxFaGNf0EkINdepmiDaJiEPF6rhTYAnQcb0tn5qykJSUCUygI2i2WIRp9nG5SsvfuGLCizSVquIxAJhsUD7qYR2mXrHJ3nPKa07XADPWlayBYwsWEVRNFvZ0YOdO9ffP9jZbXbaL37h8+cunJeJyJNC8aCDezvvf+sHOzduJmnUe+pis90c7Ozfe/uDjYvnv/ZH/9C1L3x6Hileq1Cwjl3xCJlPYn3Bt4Elf57KfDcbN4rVk1uHzz+R6VwitxKYCtjf3anCvY+uq6kkohEnKmcyt1utZzY6T3XbPYW64riZxMtfrVbsR+Qp89Oy3kuKW2lecZJxmKzJIh/ni+F0fnswvnXU3x9PRWmja6QGRkwgNCWif8mHoeX4JZmZ8wXTrgLcERzB3nEph0Mm0y/atEtwOfr4i0ZN9MqFcxsvPHf1macv9TY67Xaj1WqKjzuNB8PR0bC/u//BW9ff+/6bDz68xfnSKnf8UfSFB9Ltz0pFbL5HtN2YW15BepAqg/lwT/n68rNPf/pLn3/xM69snT/X2+y1ex+/W4VRfzA6GtC4vfve997YuXkbjF2EMWnQEmQwsnhvL2UKMALmW7PF9t7SxfhHu8p1Gl9boVfMnG8ihFlsbQxeffXg0rVJq1vEGYoC/CV38l/wjSSW/9a8K0zfi4Uo5mI6hN1bzRvvbg76XewZE2G3p/V+vY0u2BFwQg/31JOHaAFmqYDdxJsa9IRF5sZOXnzhXPTitey5q9FmB1pNaDY1AFfAQLp/YVkZv+xJazC5UgwnYjgUO4fxa+8kuwf1X4C1M9dL3tr1cbSXIYOSe9C8HW3ci3qjOJuKdAYfv3OFNF8kxaK5mGyN+hcmB705x5sA4Q0MiODOgz77DLzfoOA6RicyuNa/0kh5FOq7FV94PX32enptGPWmUWsOTRHIx5mlNOMu2S7EoU5hnkof59pr85Zfp/80qEdfylTOMjnpiNGzYueV6N5TcCRMMGhfOkgIRw8L54OwCEqPQogP9RMIxsjVCCHAhsXK10dRvpPK3XQxBjEHOX8MfHmkuUgK0SjEuVm0PYPeorzkV+EHWV77wePa/bJ+JMLFavGIe9DY6l3+0Zc3nr7QPL/Z2mxD/PianijN0dHhYOf+/vvv3/3t3/jBzu4hAS9uiQpzToSvNfxqZ57MWuhjzEJobo4ZEgv00l8BXEB/1sNwSybpuWcuf/VLr3zxM89furC1tYFqL/Fxp6P+aP9oeH/n4Duvv/8733n73ffvihpQ0aPhQ4f/VAaws+LF4NGKzdbR3u2LT73wqZdf+PSrL33m5RdfefG57DH2faJEOO/duPnu9Q/V8F1//9bdm++cu/Q8OARWQkqWCpQGIKQOJqs8cCViGuY57pcux0XcXzTGMs0hLZT0Bzh0eOjpxP2WPKOE+UGEHaBLfeZe+IUFVDyduHrwolhAMYN8HI120+H9ZHoETpzAVCAy+4s0GQAAEABJREFUfJfJ4s97LK81OtFf51vwaIiXr2uyRicmR7gK8RNpmly9fP7apfNPXzl/9cJ24hs8+ZO3jJaEZRz7WgVyqK9gKZXSdTrGWOnGFXK7f2//3t3dnfuHC+3gJKzLqneh/EkpPeJK/+hVXSaWZa5DteH8xYuNRBykjf1zW6zUZ8SqFN+NhlI6JhzKAYLRAF1HSWuFKaS4ch0tSk1ibYWtHOr8mlQdhJhvytXXVaHQMl8jpRfZuMS2if/V0kuVplM2hmClrPNuYmqz2hmpvcjoTH7Lt7cga4PCfFQ3A91d5AXJDwDtJ+b5QIkflQZzjKYnc4qniXYW6PlkIfmwm2R2DLR/Ad414rE5/KO6C7U6kyxqtBsb25udXjtrYBwlYbxka+ELT0ERDqaU8wV+FA1B5tqbiMy1vYXh70Sh4xibGQQQxiDDBLhhybMzOuHyiI6ksO5JWFytriXKM3WsjXavlyGUZlkza7ZaasyR8ONhOfK+UmAwHZRxq4Zh4zHIDs1rRGf9pR1z6V0b59AFIxmWTErHKhdGWYY/xjwIK9d9YiG95Ajqep2JEBTBwI+ecX2WUWkDMh0PnTswR68uaMgzm1GcpoLdtABFP9dyM6XGcntfPTmCYwZpCKJ86XPi5kSUl+y+IMyTIoT/8LkzRvGXFFdVXfhSnw3GZhsXOLamauElLJc4vuSxOMeHtJXlImknuw5v6H3b2k09plEWCUHpG5471SIXpjGkukQf50gqC6k0EaP+4Xg4mg1HaMGQF6hMQHSBr2Bcrzg2WMWIOcBE4kM4J+eHcQpk8BRzIDAi3UYXQ5y2UyLwiEQoWpKRGVJpzVGEN0Rk5qU9Z3A3Sn0sj+0yVpKwY93YLZl0rsfJeHmmagmH3RZ49csiXLbS34DrIsLfHjB6QTs8/WHEcQX7PEIXUAuFymYFKQjJWE8hzIXxkwTsPxsNyRi32F1+Ydcat8CHNz/gnSgPltkbAQQGM1paYE5ocCSF4HVzp8XePGhczMivvWGpXRoiCLymJerHJuka7zKgXAZKhSu1lJdkndFJTc01HXkcjU5EralfteniuLRiRozwmrQbBfs1UYO4u7v74QcfKFRy9erVixcvTqdTFlPEUVkrLynEoHoXo300GkmSEoC71uqtenntglXwr256ZODR8RNolirn8/nBwcHdu/fGo/H29rkrT13pdXsLItXodASZioh3DkQFCz6aOZnOb926PZ5Mz1+42Oltp3H31q2jX//69+YztY/YENCEpDFTSh/IZJQCxhjLMCIJEuA5IaX4fn/y5u2b7+zd3VH6YYWPk6TR6qSpUr1HyJOQqzQrzDeDD8Z4n/pheHiokYN5A+SzDisGyAzn45M0B2iImVh+YfkmWbs/xpzC7kNMcBa7SzG4ns3qZOQhP7+iwvs3cqgfmBIX1Zb7FUj7XXMjdDO4TglIdnMEkHwq+0eb8/zlVvvHnrn4Y89d2WhknaQh0FIbvZiiwQiFqIjZowV5OhkMBuq3oVjbNBMJmpTOkfYbrIWS9IRPA+aFGE8XE3RnInIRzUW8gGQOkfo7Gk3uj/o3j/Y+HBzcGh0OVacaWZw1IMpUQ2PF+KPnQ6xSEf44w4B56oNq7yKtX65CcChKvRvXIgVyxof+/2JVYjGdTSfjsWrwFJnUSFXTbKQNVRX66CMWuaD4cfPFbK6Ks4W+QcDEGahqVcfTNGs1mp1uo9fpnNtsdtoFOV4BNILRojtiPSJj1nq8x6ta8DdMneKZcN+Wo79EQKuTZlN1STqFtITgQN5xa2k9rjIUzJbeLCxjpReL1LhCDdpiMunv7+3fvT84OKA4hhHtZ/Bd+qUwS1oKyrsUJPt6z1MQO7DAfLWHiNOk0W4mjUyPZcE4Ry8+K+BzmgCpTxgYsatko2d07FnItN06d/Xqleef37hwQUbxeDJWUBOlMYJYnOj5IleZvLEMjE6MugC0AT07oyoUelWs7eHu/nvfQYcHrc3ep37kRxqdlmjg2/PhdLY/uP79H9y9fr3RaZx/9qnexsbtN9/bv3O/ubHxk//OH9945rLIFNFSABrzxo83pWYe7QZec9MhyXEFzC0NiHbCEhYNkTCsd4LzTLiFjze1I3klAwUL+8PhbDyuFgg548pTGRQ8tpArJ+XKUg+f1p4a/8Oymm0pl0/CjKWjW2LS5ktpdBaF0BtLjfcKyTm0lqU2JZHO3IRWvOay6QIQ3gv6pa0D7wTYDKXQpiqYT2YoukJtxUK2kNLkCFO/lN4FfY5a6NnBSF24sD2ymMSpIoMx0o+lNzhS1o1gKUd6o+qGUngVuWEV7g0HklIGExJIOPxF7j4kKk1ZBbi1KUAohr8WHkcM/iNw2MqaLgi91fL4SCMg59oh8koK7bUDKzERtAEck2lvwfdFBa6t4Ait/0VhZHseliwZndhKTC8ASp0Vrvf+I6gbLy+zgn7r8qvIFWrfhfryRrih3wTbWmMSYsc3MhNj58YOjt0V20lykwh+GVcDF3JzBN7wejBhW+e3UJg2eC0Hr+8iALdSf8s5IOoqEEtGr/Jg7cz1Uold8vFoiFqFW/LS4QkZ4AlhxScWA/mLP3jqsXMGyTkSVIPJ/GY4TAE1fdGpPPDgIwP3aycNvN+g4HKjE1f2WKMTLqn7Ib0I3uavkGB7V7gLzPSMk6HQAw4GuZuvmFUYYOZl695DGGZ9uTHh28h7wUNNBu8Jbxzd2nWoz9Uc4ig/X4SNq14sJwIe2MrKgyrYSr9ACeRFzTNzL+vrKL1fZpGWNNoulaUla3c43oIKWi5L/zvoku7arVBbwBfT0mbGfZ3YHFOm0K+whQfZgpgFTuAqC88QpOA/LbykR9LL1+yUNiih100+vZ4XzLhJ/so6RifCyDwtLpFuVHyOxA3FqjkLZsFeHoNYKxuNFeXL+MG/LP1TLcCXMihUA3RyKfckS7xWuQFLnq7aSHnPQCyjWP4+r4xFHT4w7Fo4nj6mEh4rVIfJg+9YXk+/4OE611IP1QfIyntRiHrmJSznpXAeqyvdH2V57Lq2IC0rHwkqqZ+7sN3C62qYD45XBvCGCMBjxzTzZBmtNYxONIvmTF7Mb2Q/QDlGwRoFrwvhmxgbsmNJkfDa5zVQhMTcJ09uHGzHKxQnyCQ1rnetrwAqxGuJHUZpedQ81xQ7LMCZUgRgK1xJKUSlN9wy/G0029ub3TgSd3pbwyxhdT4dfEcRfZrGHKDE4UuQYUVlAKnKUmo7e2wyMiJdqVhuYuJ6VBJQSClEPYmsNvJERicsgE1S1DjMZzOlOZwqYeDRkbrubmyQmw1I6SmLZzGKu2VSwdXJn7DtlJ6PWDeJ1DAKjI7F5vN8Np2hpnK+mI4nh/uHBYqrld5DqzYFywZzrk1QEHbj0924lcW1EkdKuhwl6Ms4bcS97Y3tC1soHk7sYq1N2sZYYgghsn5AiTqGE5rPcmOOoyWKkqwiyHBE65vpiOOCDk4WPqvE1Js+SlyCW6ok0iR7i5zi1vMvOg9vJFlTiaebva1NE/sG2CUJTRCrenPtHwVdpOR2oqlVMY0GlmPTEDCmQvwPORoRUrg54iSERbSAbsUjtO3QHZE6Nv1iziH/pFGycscCaLQ4D8eUHJxwaDNyNIGCIjw+OlUS8elsjKPLdjMhLtcMjRYpS/0lzfHoplbxtwU/3jQsC5pj++QzEazwLly1so6mSSk93CM0woMK4y2DfZqoYAq5BqGqbbqUx7/h0Bi4j4BddNLUUtjmCrEEl5nqaktA8L694c9H7ompX7KtGASUXIpcf0mBMfK4OOMKVBQSmE8n0+FoMhpOhwPyE0/QPl9EFNSCKWakbQqwf/oQNh42AgyOg+72keJSlJyYDxFg6Bx0t5Nq+bnlj0iJYRCLMI+AdLh63wqexAS8YZMeVbWD4JE8WE5T6ge0lORSoxN+alafHlHezdjqiqAVemftbI1MOVLbGMEEhTvQq4MM+3jFF0XOyAqHCg3Q0HBsTkYnYDw2zTWqJDRtjAgE+a3xDFGlVUGTIFnr6YQRH7qOC9MZEWIYP9a9xgz8LT1rUpv+yJpR9T4gPI7CSF60DlcHI2bmx1tKUdWsx5fsrkpgP+pnrXaQUK4WDN61VhNe64//OL9rLx/L8DpQlzyWFNaqqfJC+LLl3xWOyMmAU1GnRqPR7Xbv3r2nGqKukdGhQ/k2XBX4xM0kpqm+kTIzIkIzPcx1gxOjHpeiWq6WKpbamhUXm1IpKwzXbDYVPpNkMBdysHqroPCqQoGdTleR2cHgaHOjl2SZ6vZkMp2MxowHJfE2ZL6FcS6ITyDWpkDjrYhU7a1OZyFgOEceTSnZWZVLQcwSHiUTtlS4rajZSHFnzKYKggaKcieXP6yWFo9PAttBb85rL7yS4O/MfPiMPMAHs9O3gdMcFwnC+3Pg6YZexiEElnamDFQhlHqAaucUpNlt0mYQmChFrNyLIU4jmcWyaGdRq9FqKgYcYhKiaU/UkeSoYXiLYe4oppVgSGOkTThWRy4xrBsVJpsNjB6FnEvBenviLxLiLZXucV4spsVsTm4teI8ttFMGwzMKNFrA2JjEPpOxPDlH1Q+ZG2YWXf8P7CYlQhaWTpMC+tpgFtsYXMcceE+YAJPMRjvFCbCYkCtU5JJF3QVhGzRDiRMBTj7HM+1kNHrgPfarwolBPRxafIltKfS+julxRHtgHXU+XGJntZbK9bjdhRd7SLhB4v8xzmfE4WIEWt+rBtvVoTrAh3CE5c9CMZlB5cTf0Gyi25qEd/tk9eMaZnvtdd8sQZYFcIMYNhSnqHjO6WSs2tbpYIxeBaIZ+rlB02WykddrRtgYiHYgwKPu9pdWscKgCdr1Jei6Cl3DTVVVzW6n2+tJqjPNGtPpZLGYzybTxXTW6nUb7dZ0OJ4MxocHe+euXk0xLmyqgAjlx9hp8Nh4NnsRrqOVCfLyojW4kNJ4CbESOa+Fuh/vlIt4Iy6QoqaN2WRcX+hJ7ebJmw1LsmBJOVj1ZinVsOg+J2vQo+PFnS2e0ROC3WoaBkhKhzutaMOCua2T/9Gv24rASQX0j1zSuPV6CesWDD9aLe+Gd1k9sGymxNkh+CVfFsJHdSXk6uOEMt4FD41b/tGid/O6+YS9cLci2JeX2+DeAtcY4UiI3QoIb5cRvu84p7BJEHbW9dCbIv+RPwNQMy3LllMlE8TxJcHvbPgEXCWuF5XeCQiG3TCjpnI3ppalFHowbc32qXBcrJlp4ebdvCj8mfKByesIQNA9D6rCbgcjURogCMovSUuxO6yR85AJ1sWgx2KEGigTpZF7mFSqRIaLICgBlbmq0VOV34JwnqHSdKhclJtXN9FLp9Z+14guwXbMz6/UAHWZYum69xBGzXqypcwLpS2Z/0h4CEqYtWwXir+Gygg5bKJYb4DWSmcCWccT3Yet8+NNsnKx7HpZSRk+kp683eooqvnetWciIb16ZFjP8radcDBPMfbHQFJlowEnqUquuITgOwcAABAASURBVFtd9rgkV95WSsvaMiwKXf6avxtbWjRgu0oXIY4FUR5P8B4Ix01Uyvhvmhv/Ez7dBu+q3CAfPwXovtwBv/AjSrVrrpS1phIPk+1SFV5BBNwrhOyWN6AQ/qN5K828cohz96Ypg8nF7hFWpOLdCiuDAfe6sEIkr4DPAftSFEd7AlAEnzy5cfA77o9POVNWClQsTqQuJupGVdROQJAJ3hMf+koTFj5yF1CqXw2ykuA0MxR23u/2JB/HLqQSEzaaKR90N+NmFR0Sgm5H3jBUl2Tpq2slreizgGQqPE5hVFPJslRtZLV8KD0C1x5Sn1AMlFgJwwZHR/s7O4N+Xw1Vp9drdzopmuromCxUS+RkrV615QsDxh4fxHkspIsV8IxHk/FoPB6OxoPRqD8Y9gfzCRqg8AE3+l+ANxHcWlLP6GBZ6NdEoB9hJWxMs6TVaW2e29w4v9nd7CZpRDYo2h4DRJ2KkI7bkesRsh5Z5MbCgwS02mIjtlpuNp6WfM6u0BpXMgEpPBsONwcediK7lhl6+SDhqla6qmHPGg2l2Wn3lIKoi6PdyMxQC47QTi1c0OVCO1/hZvDqc9Oqvx7pMDqx9Z6io4eYSfdNI6QzTrL2N2RukvNAaDsW3RtpcZuZDfMhNpShKDpJitFL0izL4gitvqaT6eBoMFay09FoOpnMpnN0E61jFbGUXcfc0H1hizO3TNBgzPNrAqI+OI60a9YDft+ZUkTIinFn5Ba480LKoXvBHBJ2CXyUAyzlriA5TY2OWdRQwi+1NmSlMuumSFpltN8c79yVkMWxtQTGE6Ie+8nwmZH/W9Jh/mGEAZ5NDDlHBzKuBlrnaC2ioGy+GPeHg729wd7B6OBg0h/OxpNiPifrbFzj6LaErEmsLSZpmiiSFp3Sx4gT6NYkJecmCh2kGFJH3WIAnoTOJ8fau1hklQaWfJseaajjY6uWvpeYLIuLgrUg7DtR5N4CKE/nerML5ZKFVQEGuJ1QEev2jO8Qw7iC1CaakSloJourMVSdHMCb3ggywCDLd8I7Ssmt1qzSjyxm6NFkQUe7KSKYKFi/hqfZMQQBKbYoSoGmJmToBsKyMj6hNSYwetEGtEk4APLt34lYmzG2g20pjHQjDauG2Te41CjdMHVEmCJzmK70dqVKuSS/9AdmN1hqi0FvIrwPUijssAdhDMKUYm3GALzRf/ICgp5xkprCsDGp+u12u9vntvtHR/1+nz2g1Abo5VeY0itiTLwB2HqYgnH1AHCK3XbpW2RMChTzAS1jNjY2VM6D+7v3799vtlvnzp3z9gM6qqXQB1YKhQIVWsiy9Ny57fHt4c7u/YsXk82tzVdevTYej/Z2RwIUGCgyrPT6Im40SCcu4yiLYolBg0QsKUhFr9N69qkr8xTEzr3d/pFC0wsxVZ9KKMgOcmCMccBZZIZDbdHMD1OQAKA2V/+rf1ywKABYe8Nw+vG2OzL9RUMNiRtmtoJKYDiTVNGk/rS4vn/QyRaKh22lLXIkScbPEVproJGS4vPUr8wVCVYcIVpNKbpubAuY6nBESyBDdraiUvlJgg8LSMUcQ0kig03UTVEWtSO5mHTncV4khTjc319gWOoiQl+WBP3szIMII4YjipgHIo8rWcQbBuG2QNIwtyqfzaspEJ/iHxqipbqI9GCGlviLYiaIX41TKZi2of9GdUH+WjDpmA+FnS8yZp9JtMbEeJiqUegnqZkBMiSJPkcihOZytR+bgGCBNaMWx7NuiIho4NSX5xyfC91F4q3ixz1KZjel4hElB6vSOCHU4x1pDTLTbBk12m0yEkZfl+PBgPw6guaxBfsIAWO+AsLY63gCMYWE1SYGOBhZNE8S48vx2CWj0WYUCeMuT+HzQjNRcj6e7N/fabY7565cbfe6RQxT3B8u8BwAuz4gpIe7QelYQAVyURSoti1RUGUVKCuu9PLT14pZfnD37sG9+2qP3Wq3pcjREV8zuvzCswrSbg/Hg519BWPbly9tX70ye//W4d37N994+3PbX1XAB5G27DJbTLY2sZazYCegvDk8VeIjKfDoYOWxSWrujnKxlYgGyGmrNR2NSgXgYcbxY07r0WGAtSypqyNR+yIIP+CW4YYN5pEragW925H+TrN67RJjCGNHaCiohwGAHdHpp37NsvrL+6CQO5frDkU5C4T9bthFL+fYSk6doCrLkGcGyMcC1dIC/lyWHxmuh16uqUFnuQ1suMFbcmvfklDz3VOzqR8Nf7vuV+yYyBri7leix780lKUH2jDXVeRVa94MP1Stb2lL8cVSi048kGc++NJgqY8i1a/Ck6MCX8J23Nou4engFrxlWboI0ilHfflrp6zwOAQNwaO1cV6loA5u9fCpjItK2f4q9JZV7Vsr8GfwRVnP5J/hwpEPXeARfPPs34Sz6EjtwloNxsd+Fx7JCK+fZOnfE79/wheXgfSjT7J6K0/Va/nQE2b3lTVPTj84YH+WV1j/0VJbILxcpkOHSvEVH1vWrZXwX0e95NJCa02LXLfsI+cMa4YNVpfjW1me6crkQS1wwaoG8D+wvPBxSfrO9q0PsUqp2qqh9lbqvh47Vf72b+UQluFakJuTZgNVBgdxssgxTgrqGSNIsxQPmOku8J7340Fbp0vy4ZFUWJs0Z8ZZh6I0iEM8AjuZjMdK0ahymq1WlyxO2NMGvga+HE96p9eWJ6fBpS/iEUmBQRjQgmKqtDbDAYZNn0+nixkGSJ/Pc2CVv5MTRNLYJphR0KG3o1ifakPpbZa2Om30Jd1Wwu+20rdgiAySNQMYGSJVaP7VF2QxkpOf7MLq8ID9c6SxXns8XoXefKFfE4rQYIO5l4xvzGRJY0FB1VKYJwook/Mn6LhwpNqsBln9JZk21mBHJejsRWhnANK4hjUHngNvJfyvGS4dPSdiYxOI/Bn3g0EYZbu02nQuwp5X9DHJolgBeBC5xCr2yJ55pm+pyeVAQtMJxmliWxnqTkWGoM+K8o1t1ElTnRNoX8GsO25LyiW9k6fjnx61GH9F8mVrhXReLuSpOgICquRS1ot+6miMT8qAUQWrYnD+8ZRmXpAdCQrr1fLevXMbVUOLxXSEhz/RhAv9/hXku5zNGtDtvTkFrmeHdJ4K4hK2mcPjspFeVGzzgV72I7YWi51LXl6nEOJ/6RCCJ+2q8Eme3clqIXwFFTzqVAJybz8Kwb4btEDWFON/yYOSEIxuFsWCTOhyVBSyayX2IYTqb1IEodEfhi0SdJyeP2Lic9GRX2oFu7guKJiANmrhMkIvPKII0ZoibtvNJYVLW/HVtUhRGbEKN/F4pGNbUqw3eiVY/d1udGLYCuc3R5HLy5cu9Y+Obt26lWXp9tY54yQgeMun9KjWnc8TqdiP2JJkIe0JW6lvQaz2l7k68Qab42gyPR4Ox4f7h/fu3k3TtLvR02EoENXqSFlKqYkRJTFKAGr/W63WlSuXb968mSlV/aXGpYvtZ589Nx7dGQ1HcZrMZpNCpGnURFvTAn29RdAiy16KAqJwdL7YbjSfu3hpNp+NB6Ox4pVmswUJo2OZxVmC58OB1K7sQ0IEAjrwkdEP08oUrFIwLh31ponNYFkZxvyxrNtMcQ1hEDCquXAMkAwLB8kU98uwhwxp32B7b1B0XIrxQu7k8Nb+oJnej+eicW6ro9T2izkGMU3Iax6yyjr4TAwS7U6QD0bbDuJSY7Y7wWJ5QV4MjSNEotktwFh3xDNibEmVtYA8ieKtpgL/rVYzUUArDw8O8GFOkXNykc8hSdXmACTattM6R0YUpjOVVyBjHLPxmGWVtBU5aUFyCgSL9oeKg8gaHFpdra/ZfKrKqSXPxAsaDbRjVZUV7MFlwcFeJEgfUUgKGzkvZrx4J2i4kze7XQyqgpYrCRFS0BsbTMvDp6+BSvTuJY7JxESI2ZTsTshYhj0z+VHZPqJFqXGAtJIMT5yACDKGpNXsbG3M0a+dnA5HFEaRZwiHjTpuI7NqKzZp3atGPCoRuV0r1E5D5WXNhoCl7BdU10AcIfhR7Eb1iwwoDeNkOLz/4U1VW3erO5M5wQj6eMpxtjkMB8fWpO+zDz5gRz+RbqrpqsqKs1RxV3IxV3h76/z58VF/Oh7u3b3fbnfamz0FQmmrkbbbF55+etIfzyeziXreHra7nbSZqvVw49s/uHDu4jOffUUKEy3EbGbMxtgQKY8BXcKnHm/A5Ab8d1M6zOONOE8AGq2uAkiOEVZOcCK29fFJ8tRrvtzjQErnXQgwRMq7FiFfbh5riqJ3DKw4ZZGEftWuHGGFTYheJZuWkN9DD6vI4Ltm6xk2+Jhe6YKVfpYeypWV1qeHL1oz2JW7FV9Z9ugEDVuZpGFWxImTfsuroVzPsnpL+atvxXE1GKAx8rV665RHkYJJWNrZilystuQxY6Wp5xJBVd3Lmtn0pkWulNBJY4IO1TqXQInNOa5hlVeXz/HK2T/9w6CYOBW8nySVlyejLIMRZW2ZUpY1SalWXjJAWVGhqOD8oPoVSZ7hGK2DrCDQXtW8uD6SPEM6r7dxJxuJJS942aeq9qNKZ0VafpjCtCYpP+nwn9V0feTT/vALQNZcr9uHk/b1IcbmTJVLEPyzqsiSh8e25hG0dlk68aDK5RlSLK3vFHP9cINw6tmpKeVkL+5ombkwOWvVCUtBB8Q6WeFTMFu16rUogfwSkwNYcu1nVtnrM0FTGHa72UxIIrvbblkeNU50DG7+pLdW1hW8PGQ69sDV6nTmFicFB70VQkl/kzRV16Ph8HB/v394qJra29xUf+inIsvII7UQVl94TEd8rb+k4WU7FXQBRFJlJW9bTCfT6RhdvCvx4GI+n00ndI6xQDmeBBezgD2lSj406DH4QGcWkzhrNBrtrNlqN5oogG4oATR6NVCPIgzJwX7g/RWnXVPk1oBDGnk0WrugRYQ0JhRGb00GK6phOGRoniKpqaQUF06HqoPvsK61sMYrBX9d1S9ozNlnCbConf2BpClbnKi+EFhimxfTOWl9C65TSq0SFiEkSGtIws0gExZ06sBdEKBtQYSQxg2LOZ0HVnFuDwSi3liPAyZjzmLmNXLxLyITvjwid+nWk4rdniux6nSmZnU8Ho6pMnJqYuOPB8p+zClCGxRzglH/L4U8FdY2e2N36yAoGMk6cK7CeAnNBmIzU6G1h/h4Epzlx92Ymzq9o0dWWkgd1uOgQcs+NK8XtJIxEgP61V/MccHN54vZeDoaT0aD2WQ6G02EJPVUThZnYDz/s70Im0eh7x97tJUawx6IyMsO+tngyDoxKysirEXE2us5sNJNd0ZWxSbanI4v8R88kmw0y6ZfNb4PlrFd4dGgMwQJC34hHjbDDjraGNgZEfrgH9vZaE0NhyozDp2QFpCpGRvfLdjbk8AI6tq+TduvRTSbatxiDo6GKEdq+xGM9oXITen40DNNLihIGc6osC5NLNY1yIuHR//UjFJ56KBeEEJFxUOkADM8FmmN7ljzPhFgoV0ZAAAQAElEQVRCqa5gqbIJ02MXXgfE2oYZD8nDB9aage2Yumi1Wvt7+2pRbCgGKE2JhEPJvsx/kY6AC1obMTjjzaIoSvMB6wivIWwn1y+k8GLk6cvxZHJ4dKSWV6fbIWNq/YZpoogo/Afz7or1VVRa4drZbNZpNRvNrNVMRQH9/khhu3ku47hRUCAttDSTOeDbSQQJIo24UKtdopuEVCHgOTEIOffPDVsE2hOjiclSsumDcATqoMqfBXGikfokJX/RapxIPGvgwCACF42stAkDYTdr9RgERFn6ekx79CvWLZxxneVejRKIo9lkMRkMG0Je6PV6aZwvJmksEmY+yX1HwSAhJbsRKsg/oCAmNU0w3IyJYMOKc4Iqw5jG7HFQsEVAjoQJ8jgSDbQ1x+3ePFe7iOk0nwnm22PmD7xBAjuWpK4kDlx4BMbYm5oXJK+nSDsKjJHiSTYzz7XXP34MOqSJIJNMcByKGWAd/IodUxgrN20bq9esXrkS/DkSxhefqw1WbPYria15sM1kV88BsbTDRl2J/rg4s7RCkq/n0wAO83T0dRMokQJ2KZCBApmQBY1wxMwCcYccflww8wAeByGMEgs3+bTb4bqNxb2/BQTju07jahZv6Hl3+cRBSs3hqp3MfDaLs6jRakUZwtxsPrOd5do4oI8QGgV62MxVTt0sKIKZiGk61MIZ9weToyFRnI20meXUrzRrtNsd9U5/Z390eIQxzrrd2Xg82D/cvXO3t7XV3dwku6eA73Zu0MD45bO3dgQghE/ccK5BmCwFPCG0wFlC10eUMEgTQDMSCrNAo72Yjs9W/vJxJzhZGVjxFEqZUoQCl+p7zPILT+inNymBIxCz6zeldQ495R2cX1IIa+fLDgDB5vCndGGphcmB/xLv01DeunpfXzEIfh7Ul1gfa6/7pY8yyeOa4KEaH8VzDrgCEAi2AfxMcO/4TkVBM45MLsA+1dRDWDICfgNcJjiiqV92r1vq56NKhzPB7x14nwDXBRHS+wBFumLhOvHrrQxj/U3d66tKetxZqTw42ZrfWfuWmQVwQyQcm2Kmw42afsey/UJ4Zfxq3X+uclcBCO/Hb4/pIISTVDOkDn7Ckahbh2usxxrCtXRKxMMnWHJdW+hkH4T1AOvEqVSRjyWCUfeRgaisEWFWdPhWGYuUaylVf3zzypl2QyVFbWNXTH91rpYVLpf0F4HQ60wIfz1560YI4a0Y98hfs2alBkipgnYCXAbrdemTkp4Yzk0uz5HLb+WSi2NvGfKtDkOG9cslDZOVHKgX3IqHS8fCYHVjsSYeOF3LTtmfkopozQ+t2jOV2GtYguWgTOr8a/sIXOEQdXv0vbaMwVrgZUGwzbRlwpaG3IfXmEq+64nfsvXS8pKr50Ku88hKjMQxVemVURo720IQntjBjozlM+2vFhAJ/cQKjCJDE7hkpL9jikZcwJATDsIDwgShNgIDc2sEtyyNAa8d3CbhvmxbDH7HHHfskfBwikWJMIE/FEuu9ZjYQS2Fl5B19Venv8wxhpylKxI+dcyAqAFDHtU4bvc2Oy2U5e2k6YCCLKDniDRtYLwSLRi3lUvpjkiUmlhp8roIrjatEFmsI81YU+JxrHjHL8DONrjmyWj04N69nXv3lKCv3e1unju3ff58d2MjyzJ2USA8BQ2Ol3QVcpI27HtoHsBCP7Y2kHhgVo6Hk/FwPDgaD/vD4dFoPBzlCwy0Ijmmu4xJaGAjp4BDZsAyyTjO1HRmjVaj3W11NtqdzW5vq6suGu0sayQUuBydJrBwD48ostd7qk2S9+GCw8YUkgLj5OPReEFaFJYwYw0QW86PbU3mMwyIo375FVLKCo/N1ovX77yJR+P/6qJqYJutlvrrdLtqnDtkccL+ZtDwBn1w5zp+vDubChYY/Do5j2WeaHCDflISljaTQNXYrIQOS1hX78WZ0lWjWcx8TjYiudXJg4knwBdsaJKQxQxeUNImKRhwIJ9OJqPhaDSgSEkzPNEaBgOikdWKZ4OVeaKlj3KEQzZr25xYKHXCaDdugmv2BrU2WQkV/4VtsnhffyX4LhV4hCyuXHFo0wMwoWXlKzDbSRqpV46toMRvRhYNhPySHTf2ZUIEEP3qzxfT6ejocHR4MDhQ4vRDJXKfTSaIAgpa/yi5R9MG0qxSHzicDqpAE6CALVGiYC9Rmio0eFK/ShmaZWi/lWVoXGhtUFAfFGucrwAYPHmHP6WGBIPR6gqKjeP1y60+zrEWV6JuLgDgWFS81sDXTDer5cHTlHkSV7oSAfXUTwmZCOu8yNjPKVyjFMhqvc/Zezpq9EBbkqnxzJrNLFPaD4Vts5jG1TA9OoqgsUFkK0bjHmnB4cYWhGVzraETBnPRLEspTNw0X/0Jx3W/MC3QSKTKq8CaI+mffwTWE516ytZYTRD8U8kP7wP8U3nDIwT8y3Mcrvcy0Pqv8xuPndEJplJEqrq/E9S2rC3hYvYzMdadYjCydGdnB5mhdstEh1qNfAvgcFqcJbUHOIjctMNS4Axrq+SQetWhIcZQOelflZJ9Mp0qPKe0/ELvQaLI7UHQX0TkOXlrNhsDRZIXC8VBdTsYyU+R6fF4rNZ+I2tPJnOKzYaLVr2l8CsalKlXY7IZRM9GiCHTJFVfV2R9Np/r4BfEmenPasxoWLagY1DdoCybF3GKkfqkpLD7yxgLb5+1jOdYzeUcB5DgK+wJRZIVZwQmPKEgcKNgZApOIvTvMc/FbNprpN12CgWGY0rIEEMB64IYAbCKQ7QARUqhoBOJeJoq0EKzRbZL1KCuOZlI6MB6gohYRHaPEthhYh6ToViWJOh/ZzrDwCiRYOMOjxTyBgJZCVo66JtIsRRsDunZdvjjL83+kNY2OUdBaqdDfmqXgRxUkotZszNrNc8suJCOSrFjROa1abnEYDb4urF25yF8mnQs5ahOn54gjP6DuwpkwWMKfekK6GV6VmtJ1jYDoIppHX1yRwowuBJQVMREjWU+n+VsElsYOafZKtD4ML8iLZox3YWYjEVoe1cowDLv6I/ZZrkWBm3FfyMjdlEwWRQMtlJtahSotza6SSPLZc4N0r2TNqoyaJ8nptvCBN3xxCcIEoo/VYwXfiBGuJ0qNNwftBRS3uhJ5D8T9UVivxrjwXC4f6RebbU7aZYODw4mQ4w6efHKlUa3hYZQQvgClIAlqucARLj2j/cpCdXhWhtmzoZ/+MjTpBDtSKaIMwQ0WvPJuKZQ7QarDrIes7QmeT1N+wHWPXRdX6aEQjRzG9zaAKOMat0ewm7xzaECEKVH3vEVn51jxYB0DQA4hqsvz/zJh8qXep7svZW3Kx4/HDge+7bPm0NAdw0sBRjJvOJlasrAPxZp2xrA6V8dN+mKgWuA08Jq1Gvq0S/b10HYyoWHoU1rTIVebV6ZEm6FsF9C2L64p8FIrTOmS4rA8eyA9Ia15l3765GOYEwMhydElVMwok477sEsm1sAO6XCUEBwHypNhGsPCP9DfvNcP6E0NPbronZkoJLhg+GSVIPdlxU/diJP9NLatUHdK7Asp+amTJ3XgKvVD8G/CG6CmRSlGYDqDLvGOVAIZrxUfU0jatseoHaN8gPgWVqtfSxF2PaV5asFwOtXzXoSwaz4+Xah+Osa9HoKug3eTOrRDp6WmyiWZP4wPXxafzDl8hy5/FaK9YxOZPmp8DL910vXQhxjdCJW8kqnhaVj36tuLE6FndcQ3n70CWCtZ7C0qIct3coPXxQB3S2RC7C7xBLJD+ryd/XC44/MC15J7ypoUPm7pYYKrx/ilGndF88SEmS5AVDDmYNH4hzDZVkjQxOMeMiMMF9bESt4TC7+x7YmJlvw8TQQwpV3nLGpUFiRhSUmjueLvJmDkFcHnyrb9poOOqIEpV77IxNmVpQ6VmOsB7ZUYame4L4yB94Tn2svL5Qy0AW1g1+hkq11elvtptI6SiUeut/tAWoeAZ1hNFKvzuCAK4haby0VdLY2gvOTDJ1SHFvmIRMAHFtAmoN29rsP7t07OjwcDQYqf/v8+UtXrihlhBIC22L+gWl9oY8BelVrySoJfC0QsYCtEPPpPCflprrYu78/OByMBqPJeDqbLtD1AbrZ5ggaKOczthbSLFYtd8bZVGrlZtZst9RfZ6Pd3ex2N7rtTitrZaiT1jBakAiZDldGDmascrbgwBF4LF+bjwhykJMqVVOaodtkFm5LjgFUYLPR4gTbn2PYeD5fxsst1quEK9d2HWANdYTWTAMJpFGRS1YzSjneaLTazWarof4aDUFDzdYeCwosQnLpIMkwgT5iDaZqlH3H1vhDOJ8rNjaP0I4hUMZPunkd8IiiA7FzE7QOmXvRfyxVMR+KEtZGZ9gDtNAhHb/+YiFnSjKr5vagrySls8ksnxdsvEJiWwiWnVWaFt5nQnASpZyTpvIr9YuacUCQLerF54I3HAbhSul0+l6xj8hz0pIkOQxK7RO7SteqiEliKZcXo76mMgY3ALAvHC5iiAUPU75QmYvpdHh42N/bHx4eKMn58Kg/G4+VZkGiitNSQiOpIA0X/sVENBOUznPQnIjgPMbjphmZm5CtCZlbaSuTiPA+q8O4ufpaNxsi8JPOiYxbIMZaCpFBDCFgBm+tgW8fQXICXelZPJlH0t7ps9V4U2gbO8lRxAodPIscnDCSjFidTD5j2JIMY5YhTiEVDg0OF+Cq+aCgsWARxopF48aCUCs5OBEe60GgIvWFKKRw5nSWqh87noyUvFsR8DAmraincMjFRJ566HlcAzeVOJZy/qpyIMSSblobu2oLgrJgvP37mY+l0cma3zrTdefMaTHAAi6Cdru1u7s3GAxarSbbVKo1U2apPfbI6E3BEAZpavbdJ8A67a7hlrXJuvsuaZEl8wmKWisSqtiIDJ2yyDiicIlu/yK05pOUs2pZFxjxbqwWqmI+ul2lxUwe3H9weDjMsq5S0aolHIENyEc+32JyZU/GK6pnkUTLVpU9nc1H00lesCs2fio0pmCvA9pFgRAilC/aQZclqgvhw6UFDGsiPpHJzJtNsvLYTKwdkyWrBgKCBVDnohCgpoxP4fCfghXsQptoMA9grXqR1yYfYkqPrrjp+TjPJ2oP1kqTRhy3kqRYLBBiQSq+0nsRE9tDIPyQtYHQocIQvNVHI/IfxPCEkEW3MTUoFy5ImyI1jbTRarQSiIpFPpnMpqoZZBwiHHWhhYnlI7aAB+0SjZ6z0tGNr/CYVG17TcbsTAyBTbhtYRfML3bOAMnWUtrtkuEjJDsKYysQcp8oKURoQnsVqRGF3kAU4bTLgC9eA/6lCeEJ5NCSST42kwJ1gRMffGRryQkpwIRmtYao3GLcVCXsVS3msJxsjEzw51PrwkfFHksXkZmd3tVw4FW0Z6LKnfjA7zKEa0kPv9QxavBFDD6o2KHpeKTuty5eQBhN2E2Oxvzqc3EcGfW1Ly/iRlmZEjvxozcZ1hO0slEdHR4cKZBBaUWrpZsoBYoulzC5fwAAEABJREFUsnQyHB3eu69oU7PTUlhf8c2z/qS92W1tdFRB3kDmxYIawDyWsO5slkxuKJTmTi5PJUGGs3R2EeUos8612kcIXWecxgW0Y5kiVwDQaKPZVmVb/mSm08/I+pO5ktWFVVFfyyoOHUuLt5tuA+vbo0iXwzgFwkzPHsXPAV/PAva2XiToUa51BwHEOi/Asru1PnOGq2tJVXLVQ+9tcOXcoje41t6DPyieZYJwknUvH7waLPFw0nlTJXhkzHu99Jb3sp8PQeNL1YqwNtM8VywQX9vumx5CkB+O1Dpjuiwf1ijpCHy5qB0KxxsJ3c9Q86F7zNeGJ+KnZtRsATvaYMbHTC244QbvQ14lHicbwE+pea6flo/wBwSEEPV4ByoZ4K6XpXpct37mmaRHV/PJGwDlC1heOhh1CNQFUFojQoTr2lUGwYyWOYlKc5Y2RpYK+8p18wtrVFv7qL5m71G5sEV3NitcTz406yUJpliAUsB7Xbh1bQfNX0MBQhZrtHJlWkPi9aiT27N9NN/y0yNalHJ5jlx+60t/S9erb4Xw95Pla6EZr+C7NlMe1/ITJVmvblmdarYaKwqLR5LkSW5PkGA9wg9iOZXy+JPqu+DKlNCDCMmy8ITzYRm/mHsnQOrlX/NVH0GVyAt4iFGESPKjTHJpRu2aOCaFI+kyIRhlCFkv8IUIljV21wBeHkDwGuZHxoWJsI/NrZ4991bllr4bRV553RKPqQQIgcIToOgO2jkPaCSEt6VMMLFS3KMSp+fTdVlTW92N8NoStLZ2oZThLuiDo6NJ2kAfJ0pFEMuphPc7HRlDlrEnBhv3pCLEhmIJNFfQWbi0T20pYoKcyJJcvZoJnmlI9XMrJPZ+bXxdkPAtR18ChRbVkrJg98GDe7dvj4dDpUfYPn/+4tWrm9vbrFPgt2Qg5RMIDlY6KKxCgZ24RyToQh8jdFqexAOFEoXJ2XQ2GU2PDvp793d37+4Mj4aT0WQ2QTMUWZB9hjndCKDjvhccxhuPk0n03J3GFEknyZpKItds99RUdzu9TrurbppJlqAkOtJug6g51GZydkzTTuEjCnbnjWJeff6eBIbo2ztr6EBCUSIpzARJg9kFwHwxIzuQBcq5CWZiob1Eg3EhUFAobXYlwCpe1LnysiUxqHagwlcKIskQqsFDzfJHm0hxq5tNwnZBDdZxdlhhbKff+B3hWD34CS1JkVolLI0XAtDKevIOkejvqnais/zZTP1Rr9FHgekRgAm7YyMBZdTmFH0HaesWtAeIMb7GdDIdDcfjIbquGY9Gql4+EcpLyYh5nEySxEKR838uUd8AIXh77huCxbJsFdQmUwbKOnphdIJsHmQG3ECMTyOkt8qcqwkjZ/XEVlCs06STJk95B7XXQcl1xmQtimkddTNIGR0K2XUJDZo4FgQJkixDErItKqRaLAr+lRx8Op2NRoODg8MHO0c7u6Ojo3F/MB2P59OZsTaSYPmSiMkceSeKaZ+KbvIj9GvSyBJE5hn5OEkRISjkrgTyCiDZu4kCaVTckK0Jm2YaixOpj/rTtJFatELGNLGUwhEeIyyxRQxR9qkqPCpWyKLuyifKAkDG5OaRJI0z12DwEpbJpXEkxfNGnZMRK5jRRAedxxBu0gYohLUEnwnnrvqrgIfTLBd98JsPIBIAFjRekW5SwcRA+M6WSHGJ+CUiREoIOxJrDMyyO2PnpxVGdURWhgZhbn4feh7XWE0ljqWcX1NOVhQ9Wo1a+TSzFGEvoFyo0s0fGp3Yb9LCNpwYU2uVM0djWHzK1M7Gz7NjDc6G1zc6cU4OuJlGpAXrjCTUNc++6zYWgiICIuGeEXMAzVaLdd5O7208VZgaEJsqRidfyEF/qLrT7rZbzUw9OeqPZ5M8a7QXuULK5GtOWxYQTY4iu+dhq1WFLhRKUbh9ijaD0iOyvJYFUwlhNlHEKgnrCsbnxetwKYR9r1wD1I/UJyIFQALhBlz/YzeQujzULRsNNMGOUgNtmMSKMvoLkr/KkmNqk0WptL2VGrmifdK8WEymw0U+azbSXqudFVFG9hqFKBR1IQwMbJwozCco6iQ510mQhS04/o3pPGvs2e4qYggktoEtFwvQFTaitKn080mqmPbRbLYQxK8LcJH0hI7twt0gbjwx3KiwGxvts9Rwe/wQjDs3Mjshj5nGu5c26Da8PkTO/sEtixAzSG10Qr7GCMmgYYR2sMb2K3pGeM2BhQQQ1qZ3bXByQIX7B2LxQWiPSVpq8MiXEohQOKD5MrM5sMhDMNdGkVPjlDZj6IQt55iLtiNgeFILt179YHZ9ZAxH2JwC5Rg0LNyycvMC7l0N5DzqBmLIuVReoJsc9InZ2egpSKNKIubAuCWeMxa7uIxBjGE7gWMd8jYD+VTsrNqSzabTwf7+ZDLp9DYUU4u15VKRnlYbbVBGB4dqW6VmrdlpqTdG+0dHRwfNXufylauCOADtlQoccoSQW3WTAcdyIUtmsQ4bgx0zzxJF26OYIRZPZirQ30nUiWUiBLo8abUROy3mUkp/IMSTl86uzbDsVpN9m1/zyWBnAY6Nlj446XshXGQcc8bHFrC/hucw5ileMT4SJcovetJkMN8W/vz6DVtf0FzLzZw8wbH5cPKXT/mCZWaXNgpcOY9Zc88MPjD5oJkZ4ZhbjXAFlAobTGYE2Y4k2mLg4T5w4Oe/5b3s5Qsw5TXqDqoVNbV5/fT6GnTflIEg341lTWbtmC7LXweFe5i3VB48hYDlLAT4hFEPhR0cAQ6Xu6GwBSDM1ATRrwrCqoQ3726szQwGY2qbJ0ojK0SlgzWIBkRl9MVaC7Qeta+fuX56yNeX13R2Fa/zNT8HKjeluYJwHXnr2lUGwSQvZVyCfKi9DNtSReie8xLfb+Sy4YTjMoPmlXIsurNZHu4CfwEKvTwtdgrAvoTuLLaxwxtgJFjZpiVdWjOtTRcfbZJr5j2uSS7Pkctv7a+sXK++Fd5F9Vqs5HvkytuzSMfTxurOZnV5+l3W0o8LTuq/C8u6AqsoWfDE4ReovguuTAk92BuLUkoIydblFRPlzSY4bCQ8lkF/1eIwCNE12Kb73XANPtska67WfOGEBf0h8jMhGGUP85sMMPceh+z9WLbXyBqEl+/xZ+C/Zv9MdiR0ca+AsNJal2PK2M6Ao1te/yBkxUrEBcJJhzDTujmRnpTLQZ7Z31VfF7UQUiZpPiyBxwO7heKIZFDWrw3/UXKAZrvb6XTbDaU8E3Mp3m/3cjQ0kazU99dcOK4rQLmCzk6I4DidTk1uP1eraD/pW0BKE85hF8sL+v3BN785GY1U5ua5c+cuXNjc3s4aDbZUEBWNF9fkpALmDKEw8j09HqiBiVk+vJijr+vhYDgejEb90XgwnAzGkyEeQpQ6dIz2FcGuTRwzaKYpQlVy2uw0yLVJs91roWuTzd7Gdq/b62bNLEljFBujGFaaqOnaIMRncYU2ETC2BRZ6IuOsnpL6pJJtzucz9PUxnaN0dsERIgqWOppkojQ50Yc1QBDOFkdXid9icxByC0LiRUp4uJGeFmwEwxYnZtiNcZLQdiiF1qXaym1tJFP1DlebCZLmwCr3UVul8HlKHZh+MTPmJr5q1gjPtSELf4UCVDV0y2MT5T5JVLuUsHQ4GBzuHwwOjyYjpb1SU7yw42xm2YCQIz9RCRGVYFg45RRb4ay3EFyx0gINVdr1PJP/ypKIPhbNBqtMDx08AtIownXNNknCwlrp77S8kyybl+GdFB7foCULxt+8QHMHYIf76u0c/V3gn5r6ophPJvPxaHw0GOzvDTGGTh9j6Iwn5ChIK/4ZGAnSQJjgc7oV5FQDD7yi6gFjaaVZkwLoZEnWiCmMjlr7MS+ihE0nzCF7y+8I4W3AmANi2wbtBwDCJITwaKp+24x/8OfNyUef3DoqWRf5Hm6kNbXj5QbaVYkJjhVrjIDukej8NocUiwxrElm2JWI1c8Re62OqItYhAQT5tjHIGkwsESmtu1Jj7UMmL9xwTYG1YNlHx0KsQVSNpsos2CAgV3WPtKq+mhkPP3VsDaWiKxME/1TybU1+OWdAVkJ+3op35Ed4FLm2UyVUkYgfpjAxEkC7rSi6ePGSutnb22d/Yt1uV4RcEWErqcPO0Wt8tl5HtrPFzN8pEXNdiiTGuGm1Wp1OZzxRusjx4cF+p9vpRRvCBf2KzEc5xg5yZgXG10h7GxsKXY9Gk/39XcU3X7y0denB4IMPjkBO0ygmd0WxQPdUcyHzqFgkoq0YMWLQ0ECtFUdF1n5qGwPpqdr3J6MZuo1TbB3DlfpuAn6YEceLaSZPe5aQ/gqTay61330pMt6ZRMgpBayS4c6l893E4y8qOLac1kCWTOTR6RgTb3IhWEi7F0UGVF3HxRyioUjvTCf54RFasm9caDfTFEPbKShCsiIhB7ZZ1c4ScXOyEIJMn2dEZhRJUk1JiO/l3hWxiHlrTB7L1A9WViwglzPtJy9XbGa+kTSirXMLxX8Uxe3RwYDYWoFQDwVaxqAZOy5WtKaU+ZxIGXp0jHFJ6SE1Q2FBlphl3DGhwwMyGc9SKhDJ8RhtropiOp1S2ZRtywXSykS/ayz9wTpA4nkh9n4+LpAlUrsLEatll7Yb6lGsFNxoQKB3B1jSMyQ7YeJlhTx9o9lQdUyR659OZNFS0xU1tExJwiNafPV0SIatIxB3vCtu4HJsXKfVyTdVe1X+tBhJtUvJma+wuwiHjy0S4Us1CxLt5SRa9qjJIwaRuWeIqk0C3rlSdaB9n2paIIjL4R0mutqZDIY7H3ygWM+L154mSOCGc+BCalfMHlBoAxbuKEpNlTaIj0hbmxtbly/N1DZ5//D+zTvPdTakKVaA2Lp04eqnXrr5xpvDo/7Fq5e3trZniqPe37/x2mutVvupF5+PW02Jzk4KDkllBvUjSXJldB55fOyexznNpLw5g0uJbMXQlrkSOqSN89PRaDYenUg088SnVRwMiDq3JR5FX/JyfXZYm7ewK++Un61IUD2iAR5RXXcmT9SR9Z6eouDychD4ETtm0k7BksrjOImTLvWHYftKqCWs6ni8IzXP9Lhhp7Um5lGh1ZXj4R5KKx06qyatPRGf6I3CsXNfj2qr76+sqPZhCXWcbXpEk7YmDntEXTsVBj19qhnDUlZw+1BD/oleZD9MD5GeYJ739ED95HX6YVfv2a5+OEHuY58eAhg+DrQKqx4sb9DJ2wnBPyeqAZaWXjXYUp7kGxV2dfXQLPuwElFmDQpQggfgkbUYQHJ3ozsnKV+apRxjwXyClJkgn1RYP21i84XFfM4GBHu7u8N+/2h/v93rNZrNTq/X6XYbjUZM/iqElhPKYJ8POj66593ESf/ogsJg8DF31DsvppPpcDCcjieTCXo1mM/QoUY+pxNrwP4tnEyMXD7b4OqA3pBRHiwjDKCRNTtNNcUUhUZpmtHHBsXR4NPF0vhc9sS5ptVUs/DYTR07g5zHF8SIukhD6mQ9DzMAABAASURBVHI+y5XcW7VcjVU+y6W0mvjImSphxzEQfKRNQDyTEyNS1sYmnjqTvZuwFYfNZ0sT8wmrKXBvcdV5vtAWGOAbvkRgDGWoC+TEhaxXzJusC4jY5gR186zjVZCQowMKSU5T0LxmjicJbZOF0IpkFJyzZYnxoRJzPexcnFo+n6DGazQcToaT2XQq80LqwEOxaT+hEy3LNRp7I08/FgU7Ixu72S1rX9elAMGL8njkXzK/cJOi5OF8yWoXG1rpo0jkRsR4a1iy/QQ4s/g+hVFc8cFFVXVhcQDNMUrERc4ONShSVaFAYjwdj5VUdjFD460FhWrSoCD12xxvikQUfKiAFEdRTJ+QxqIK/W/gGdAUV73C7xz9BbSnErBnj4VwqjVhIlsF4g8w42UsSyhr6SiFaHBpqdOR19UfXS/Byke68YRUub/SIgpTLKYxkP7XHV4y9l5SW60IXtSSnDnxbBaFmgp0KI9XqMpjyzz0XFXkeEAXIy4odVlO9oA41BbBWaxqFWLidMlMvKVBtcth9QyKx5Dz9aFKt14G4vVl2ItmvFTHqvRDTycmyeDjhgqieWi/3x+Px2maNpvNyDj+cq1wmgwbgEZTUDB12ZJCwDq9W7YHCMgRlSK3N2ghopiW8XiiWIs0yyI2LSUTExFsBHgFkgkZReKbzqaz2TxNM8KWyXg02d0/INSgeAXiBQuKlIWuk5B3kcSx8YJWenWFkluNlkLKc4o6mFO4LkHWZ2zjxt92PCLU9sphpdBQR1QyK3D42K3cs0m1S3tV+QCzu8y6GurC67jKl5TRrL6/K5DMxLkPGYqLACPQFGuW59NZ0UganWYri2PaQDCvjuSbiUAhNNXhlVWQSywPYshBF7MOzD2az0SmywUZrOt1VSCHkXDER/TrmC9mHE2OuHx00hgJG2aFGRHBRqjGONyx+ALKRseSo3ICsdXEx+uqaBEW0r5sYtFhJdoiVxofcTyGhfOqhDQyZ/eOdjLtFkKPvBBWwQN2CGA1SAhwp1Noo8XhhKhOdmmovZmRxTqYQ0mgvyf9WzBAcCbJmf0btsyaSdnBR0CJhPYPyf6l1Cghl1n4gG02d66lIMCPuKejQtGWz5jiEdI2F6J0IcAAoHbmpltHZrOKFyXfkRg4aTIcNTuddqejpi9JE9z2FgsCYBDC7qO0r0iq19fIQfiDrSS73gg3yhiUdJ5lGEE2azUUdhXoxzVV3HABEhnryXRrcytpZKNhfzoeqbW2ub0dkfk/BTrV7bfYdw3ksO701mJjsKAW4g1vy/xkY2rVq34uFgIakUwEZEKgVKLVVjsTBNVI+096hCq7R5IeflLg2IfHf0N6vyVKFOzYhd15CqkJgXNhInzWWG8MnKcTRi8sQvGKhd+yrXXsXKWV1euTJof2Tv36aZ8+fHJIckUBSy/sotdo3nTdogOfslh5osO/pcJQLimEh+bA59xLbTC8g80H99S7gJCKiLCphnq7t4QlmsLrkbCf9gbLfyq8fFHNr6QVy6gKTNVyHpYu5bvXvY7Ythnq4U+Hh8v1KIGdLzcBlhoIP8ebDDPTLlOY2oRHt4JKvC5YQCgNTTDipUEI/jHvQ/m5qBm92ty1Mx8uwcrbdR6dvlGwRk79gwCu9Y2WGJbmCvx5ARGsa1vQn+Q6RqJmbZWeAtQ0rJp8vZAs11+9heMylzXPdBOEpz7xVpBDaT6eAX9pgl9v8Ja3lv1MU+GqNp0E3p4sRucxSbDGuNXILyF4VNqrl35l5Xr1rfAuqtfVz/kNlMseHJfWZpOPxV41Oxtx0rRuY3xZeeWZXPfd5TnltHTPBCU+YklR8BCpW/klmudhoWAsLZUWDt94+MrU5VNsyxs4MmxRN3hE239UQTselnPtLKPvk6dToKszxnAWOZe4ELCZEGJ+y2+ZewiYWT/PXNnXTL7dgAv72MsRrpRhxaDyim6b1zSwzLRriekPhJBU5Yq9XpdGplIguChBHuNSWS68aujddS1zUV4oPtwBn7OmQB/tdndjY6PVTJsZypMWQtxrNHe6HRJNYfzlrJGpX/B3DpEsLx2xTlu9Fq4osV5aU7kIcJrqvfnWFzqqDoXXGfT7d2/d6h8cKKGjUk9cvXZtY2ur2+uhgxPSGosK7hHgszPcAeEBDgGrNIGkpZjPFpPRdNgfHO4fHu4dDvvD6Wg6myhJ2hT1EhTB3MCsGQo6yshRrtXXk1RNXNpoKrFO2uq02r0OhdFpt9vNRhP9bWAAiEiQ+4zCShzArg23FwFvwMFiPsfK6ZBVwphfoKHMbDJFzx8Yu9mMAQsP7YrHXyO9pFc5mA7rsMFISineDR971FYbkfEO4lmKSKvfJXMRLWAXxmmKsLGG2GsJVc5+RyhoVGLrKQpZxpMkS6ewAPxxLFygsHnBwXQWlHI8RlgYqS+dI421s2f1Ivs1UaDC8XTw02Q0o8ZqNsGkJnpwiLM8n86kPcVMrtA9ULEjCT5J0s+kHWaHWW0KjU6sfs9nAKRv8RO+bgEguDUNi8IP6RLSONaVdavJ9QKC5n10SQoRkqBy0oXWqKcuJyD3mg5KLccHLZ3Da4pWhYqcXC6ms/l4Mh0Mxkf9cb8/6h+NDg8nw6GCELWo0ChBa2aNMlITysiGnCNHGtrIiaI/ZWlG5mVpQ8l1UZFKUXXI4iSypQ0EaQWC6RCU/wWHDBwyqxs6YSdaWiVIkAIwqIO0s09VANO9dv0J+QVGatbrvADfAk7r19hkLeifdn9CZWITBYywVeK01IgXUrxRc5SlCUYyQJczGOQow4BHNHek8iOkp+MMoL4n5mkPlykjbClFwOeItYbF/upZkzJgp5z1yfH12R0YlOtftwax1oqD4J9Kvruvb4dBUPr/ajUgIeDmjz/n/ENPJy7ZUbfOSxRpbLZaGxs9sstE60wOssP0mMt4rwMTDzxVTzTS2Z2IUzJzdY202At9Naj2KLaIELNc3H9wcHCYqIWoNKBZyiYjGAhQSIMrtDs41DMncSHyeJiQe4lFkjUvXzk3neUPHhzM54MYnZrEiqsjFw8UPSJeSIWCIwpURi4lEpm0IEo6XZUzU+yA0riOJ2h3MltIDs+jY5tFzNURqSSv9Sbgj9DM44lHRmp3BI8M5z6Gyax7l+o4D8KDNWWF5WiOT7Ie4YXhdArr0k1r5DFbccII8nGGUZ/iTKZwezr77fdvRwsRP335UiNKizwjGoPWqmggR+aKVA+Tmzl6y8kjY/yOfEOMrDX5pygis9lk/juNoQVprphadDaSs9lkjgVhu9GMzp1XlcMCbg8Gg/kCw6JkMdoLR7FgyxEFzOpjYq53DjFTRdNF7xSvZi7J4FKggQgONHLFrQZTLjGezAt2HJjrmDVs6010lAk0RuRQmxzJ/DrxQwTFXPliOh8XA8PH06CqQUrQgCzccNMqWs/pic/n2I1WjEEJG+jfcIEcPD9PozQqkd6aI8tSyrNacdYzj2tiwEkToyI5ZEyStrpdUMOSy0k0mIGg4DaFxChgXtBE00TGLGb/hBwl7tAwNupCMSXcK2lOZEsTJc3KT/UOUbeRuBMg4z30jxIRGErF5ajvT46GOx/e6nQ7UrFDjYyMTiCfK2ZXsmcsvV/R32L0F+xMMaPgqUabGBnLRre9efGCuh3tH91+77qq59KL1yKFz9F/SZF2m0+98mIsopuvvXW/uLd56dzGhXOHDx7ceff6hatXrrWbao/d2dqwVicffQKzp4VweD8BSXVkkItRAZtxsZkgVCmgUAxwL+15pWoF07KSszSddD/5cPvPGkJR+YCoJxuy2injddOzF5E2X7iwtfrCiD7wGIO2nnWBMYGXrzlAo2OxETuizRXpjyUfLDHhQKC0oAp+BchHlK3WPgoytQPGwvtu+Cf4jEchtK28dJYupQtRcscaBPcJhsLelkdSeq+Fr4ZTLb2Jkd5D39OuFP6l+5T9kcFHvXLhtXvJ22yLSoLyBTiJruH2QBeAahlDftxu3WzI3SucwzQ6sgxkINVj7lK7sgIjwrAfj+yu2eYIL8fKTMHts7wC9ovmoeugKCl9a3dqy9ZaXb4Ux7wVUr7SIq39qDcmLgPsf+5F22zQvBn3y+7Zva6BN8hWcyHAPhLaED+Y0AAYPL4DnFDQfsfdCq/lZe4f/J6WSoqaFBZZOjHBCJdyzyxV0esK2mGxRZApAiwrDD6QHmowkpegKofAhF9SV1qt0M93jRMVq3WbH86MN2wQ5HtTbDeG4btByVJlpQH0HKb7GFLnF6bBUmNIg+AF0RObadCjlwP8rgzwuv6WHQqbqb8Ztl/4WNB1RwtERbBsPdxo4d/k+5WWC3hvCRGgP6iZiEr7gkfBNHupCqHh42rJKkjXvSZr7+SyyuvqCTmicuEl/FKFZq+o0itviG2wEt0CKq8UaRcm3RaWCnvAxrVyTiHNtXRlCvtU/+q9qaDyhStAB0E1bEvOLwxXoIsZp+n8Cn/OlpeWKzItLJjxkrZ30u9Rqf1mfFYNfGmqKkWOxdDH7HOkWCPJZRBVAjsHI1UQk+X3pKitxD2WS5/b3PW2TgEpqxJFfVlZ+GUWTASY11H74CMWRYffg5CUW0QE4ZcElMlyQAWEw1oi7HzNOJSyVk+0DMfbmaJXpk340KvLhLc6L3il5oNLGuyPT0AJRKB+csyPz08ZBtmOc+lKuKIsKovAaQotB+0ULZqQMMus4wx4mY4CGdIBZU7OdQcCchb213bThyjhznRJS8JcYSFtDeaMe5VUOStRGdYcDnx4b4tKEXCRvoN5CeF36FZ604dHqgXsZdlRd3Mh8/kM/RxnpAbznDdYrI9A9TGJZD66xMIfCxqNZvPo8PBgb2/v/n2lO9m6cGFja2v7/HkliGP9oi4MnnzSWzjAody9DB/SOOGpwjn6CBn22enFbD5FfQYFPC+KXEd+YNMB8vaOJ+aN9YaS21F9MQbTabTTrKn+cAYbrUbWzBo0m0Auog0NtEDOF5E1OxD6oGa4mdciRL2ABJ2fxCO85J9BtXA6mSi90mKOQmvufbAD9dYXfSfXtRYUK4SdwAiIvKAzYFyM0Jv6gLTFEv7Y2mvugfS2CtyFiEZHpTjVDk7sW9KlgifRIhphFMlxFOl+Kl3ADBOa1OSa0RakHorJSw16zvfsY9iZuDU0YeulBTlBHw9H4+FwhvObq0lXsxzZKcAdf+T1TgcfEGYIHMqWq2iFr502WSLYR3kjUDek/jhDWLOoamRh+UVdq9z1o0v+CJS6LER5230mqQSNln0iuwEqQMhAqQByBUGz+WI2n09mk/4ADctmE6XLoNWXcy1xBGYby/5vNEpSPwXJ8Bnn0JFh8q0TQWxOKQvgCDsUPQc1LxHhfNQgEACxB3HwWu22Yppz9nkd10FsDizxtWkXuRQ+/xOMzKMYdptqILnaVo0AIxFyi/SvDiRnttGgLeEEWPUHCWMFqnA09yUNOOFsRcyu6HcFO/HB8dNulXDKkrSiWfX0AAAQAElEQVQp3TexBkKh5LaJcKnEwAUzOmGek297zFzM0JhPAUxOajuF/S1ZNkTAl4ccD+FS+izxJ5ygH5tK8LkmZvqh0Ul9Il0GHamXxfb2tgLZ0Wjc7/dVTrPZ1PS2KPyNAtE80hkjYKIG2h6sfzQtRJBXtFldd9EYBBfh/Xv3D/f3G4pfQqcssVkYUnDkCG2UhDlqsWdZ2u40+/1iMp52kiyOi2vXLo5Hs+9//wPVXcDgICljVeQeFot8PucAWkjpCxmTVwm1vjtxcmlza6L0+nDYn82marWrsoTm0RsdaIJtmSnH8ht0B+I42cEyUZGXXYvT4ZODFhiWjvHNJQzrz5diPanLmolq5h0XUybDRxWcg+p2MjxXgN+QRTSP4mkjvT2efOvmzSySX37myrksjYs8JtKvCD1FjESCU6DyvUADgSIm240cjEshxYsSt40QVEi9J5Y6EgqyDk0RF5BGC5goqCNjBMUppFJsJI1ntraRb0iyu/sHo0LO1TYxJusFwfpIpDj5rGDmJMkEoL+KiCirG1CP/dJG8grmYY55aP+eJg3RFGTZiYZpixysRw1jEh4p/hn3Gop7Zqk1rSBcO6gTjZjwKQI5X0yHI7YxbxPHlLZkKjJcyMz9oIc9vXPX25M1ppe8EmJzIdIsHfpDaqSKkVeLej6d0IS1FDoQAfDUJvkQhDbyKnGrlUbXhRTV1cvIOKujUEhqkDvtYr4gvCwXk5mczwmX0TyCYWGIo8GTE3ySgPdw1CUe1ZzsmTQLGvaG2VNuXXlcNT+oW4yvF3q3PNjdv3/zTvf8dtJIIMGYj1JSKCWcKgVsaDvF0daQIY2ECUclhUPEAIV2uaO6FqXx5sXzWZI+mMv+7sHdDz/MNtrd8xssMU6ytNVsimvX+vd377//gVorag8/H08H+/vXf/B61mpdfOYZxY7H7VgSgGhPd9FHwbmasXqUDvofg6Tman8R7S9EK5LdSKSRjEmGEX+CKM2TnTQCEceixxOCql/dqqqPQ6E/TGeTHoYULXtZPtlxwIK0YnykWyVnum8+4+p+mD7i9EPUdbL0SWd2frigf5h+mH6YHir9EIF85Okhhvx302ydtK9KVjNHwU48jaJ+1hx3UEpXUFh5QaJ40pRHgeVE9CTxBydl/mx5Pn9rNfHqdzQcHh0c7N6/PxmNeptbTz33XLvTUeOjBizNMrZUQGUhB5phRoq0LVRDpDlR7zQH/5JGhlWOSrBWTMeTwdFoPByNBsPFDI8dKhEru06R6AQE0C2CFjNSnYV2mKAP3pNHECULbXZarXYzbSRpI0uzJGsqCVysQ/FQ0GzSauNvYZrHHQczDtRtbRRQGMM0kpaTRQToeN0shCwwVvsMY8zM5nRcV2pvCoJrYSfZkZZSkrKcBNu5PpqjVOCkHSejjYhP+SdkcaL9CxijE630DWe2xOX7E2ecbYtYx+VBSXiUaMmtDaMDnr9/a9QSGzMRq4go8sV0MiG/JloxLIxmOo5i7oJqaZqm7JtfVaD0/SSzjExVOnL9ZDwej0ZqutWIoe999VvoaPU0yhQVSfLQR0IbPzmbtNpxKMGwHYrS03pj2UoxUZ9sA/S1lNr+oa6ksbaos4+R2kKrsIp88SgTn3013xYPn5YOkDW5MKYigtSodE1nAMi+Cg2XxuP5ZDpH90Xj2Wg8G0/R1xGGU5GskzQ4hKspwLi80AoHhBERaXcaQJ51yDdGot0CcXAnoZcWecQ354LJ6ToPOEO+U10Y1ERoH6Q3Lc5nEWsceOWtGMyPQD4vKwa0vil1AFRW7eX6CiLQdwf1Cn0UnKuL2NxPT+tiISWjdim1yynQyN1+NLDJBG0sREYnxk6osGZtuulknMKmRRRwirAA4Y4kKVgRnzfSdDabT8nuBD1vCbJHlDwnzsokPE1dlYNIa2ICdi0DxU+wi9aUKqdCuBYT9mb1k/QLQA0zctyiA1ERPpxa31vTcBafr1udNMamUQWGiwpuXNfopIpVH+EKKZZYGJQ/eAYNCNG6l18wr4CEVjFJ29vbCnQHgyH5CciEGWXmizRWKQwkE56M+FyJthf3mlpYZLQ0PEZRT8NKI27sNSKMdNPpttVi6h8djceTw6PD3uYGuY0qvAUumWSplpHVCD5SvJbi0g4PhmmStntJp9N44aWn+oPhzVv7GJKkaINsgkwUF6cYJMmBedJYjQrWQE4q4qJoiuh83Mk76PwiloPDYjxGxetihqspTTK0Y5OkiOWIO848wnTCqHWldy+EzzGUZ43tDtkA3eqNPzk7Jun/A/4FIz5ZXQye+lxo9zZcRZnMyOrCXe3BAoyCXhjbavpWZA8+WfsHJvzk9VBp2RXhWcxg0c8WNyaj1v17nXb2uUsXskRB1FygcYfSsCdowkFxachUmZxKqPrQLYk2fqTNgaTIbRy7CS2aSe+PXnzUC4rVbWNcvjiFfDSfiXwBtLWIVVazqYojmM7mD8aTo0JMKeqbPrqrYU4xNAsyfSHb18SabUrTVSlMAEW2QisWxZx2D4IchygS12hxIBWBuwgySWECy4w4MdAZni0r+Fx+ZDYmwkwHOzgp5tMpRr2RgqNlykUBbZk0mlECXJTHX1udUsAXDxNXWAE3ucbgg7+rBi3JskY+w03aYkoLG9AnIjrwkLjlALv9MAMlzCnxY+jQ8n1rYQqYuBfMdWiKC8Y5GUMssyxSjz96z8maGz3FNahdGncBPStiI2Nzug8o2CUaMxvrEX6VYBUIoxdkLUJyAQZbqdkAZh4K4S8bz6s1P5bskS0yjSzy6Wj84MYHageJzt66HdVItfVb6FlGEydDJtByhr6gzwnJgi1m6AfM1pSitKipaG30Lj13bTIaD3b3H3x4M4qutTd7Ee4qcQ462xtXX3lhOsWdtuqamspmp7d/5/71117vbG5tXDivGCx0i9LIVCMWsoghsXtj7qBPj+yVrOyDDBPpc6Jy6f5q2TaMTDNPxwt9FFYyJskTClxGOf7547e8bA3CFSfYuC5N3gtAIEcUgupRG3W1Rceot6MRbvsxqnGhiLjaX2XN5sbW1ub2VqPVjNUmX5jz2JrK+ISk3DappR6yJMUILwLyvSpx+bjaIV2D3kWa0WITrjkFbc3xxBKYYFL207Q4tR+pgl9hsjXPp8V0vnvj5u033h4+2FU83IWNjXQx7wh4urVxMW20lTQxLyK1RNUeSUmCFvMUcWKq1hGGd22maTMbTUYH/f6dnbvD8VgRngXyefgthUXR161UvygNmxXziRIqoTwS7QpztJpEN11KuNJO01aSddSSTRsdVS0SAx2rWDBBZUZNsHhGn703GzY9EN4JaRIVMW6TdgcmhcNjjLjYLamWXukyjMMovBsadGr3L/qtnPlYtWFEF77mJDQ9NRHEHGDoNksHAwAB0ytJYsWfti8W5nMUajvi35TcmCphQMIeOelL1mUgnkKhIwoxsQsx0mySGBCuSjEoN3IRiuCmiiinKVt74lkIdFWIB6TUo0aj0cwaiaYCmuQI7cqVDKxlPlUiDiXamCGJUR9A/54KFNCPJzlnJfQdheAesTxUR8tG7iemdqqXGuh8UE02vpyi26xIB/kjv2cYss2sBnApYltsjsOHE5cv0D+x6kVRJLH2oMzm2hETF8EO2rAhEZNVxTkB5GQBORfFMJ8djAeD/mCk5HeLeStrtJvNRpy0k6ydNVpphqBI804BCbXbZYqcS4dKcjOHgqWPUskSCpLM5DhiinVRw7WI0HEaqJm40O1ttlrdVnOj09nodlT3hQn+qmkQ8GEmFvNINFnWY2o280a64dOvMuDZ3URUKWUfWVvlJTiJmQE+r4dz5kEveMc3bU79cSS3QoVef5EWWkXIqRKJJctfYc8iY8rF8el09NN7X3qoVVr5Hi5oEtfyLtWMvmLA8Swlz3lOy50OMJgzSkLjWAZ4nC7CHbES7Kj9587B0c7B4V7//8/ef/1JkiRngqCKGnMWJEmRrmYLYOYHzOBl7/Xu3u7l/vR7ubvf7R5mgAEGQPNiSSLCmTHVFaqm5u6RGZWV1dWNbevqSA8PdyNKhHwi8snd3WF/xB1Hljju6GpZrxbNCi0lT0Y/xQRwGa8Xqy9efHqNvkHhYYzkLDIZp9xpGnUwChJbPvoB/U3/eZK1ALk97GYXEDEqScNqTbME4noqDV7IP/jQI7oxwaOFfhzR5PO9K7roDmN4tWv//dWbP9w9HF3Rl4tysVxfofFWs+wDrdoQNJQZmwt+5II5JaiQY4wVdfErrircmH5VuMqPFaJnzFQucpKHB+0656wLpZBRjzRtVPBXsXyjGjIWS8oxPEEG+UClUc2HcTJ9nTvBHSaD5wJynlnNWtNq3k2StDi8h/0BX9WLhkHChG4Z8btAtIKkxDTeIjTUccMT7nYPKMqaRXNzc025+0LS/A5236jiwmcM848eJgDsYyCvu77f7fb4YrVcFXWVl67GqSBESyvtKgKK6hgYaiRHoToIeBx4TVBRBO89ZR5xOh4JTCd7A73cwOV8A4lqjtGw5gRE9FAiA0Zm2n44YkSLFgS75JTHj39ijVCWA5S/Pxz+pd1/A31XujjxUKcc+8g1CS16XLRhjKGf7oHKy9HGGQIXLkPCbZgGUhZBiHHqYEqzrEYe8ehTZLag9SmBNR6i4Myw1DUEGWErh9+0kEBO6XU9pHx6rx1t2TSB3K/UuVDLUO+Sr8Xwsxa0SFH8HJObIycs9IMsA6o1p9Pgt4aoNpV016V4Bd9JIXFNuz92AEEJK5J1podE48S+DdR3AKSDgxp6Tr+lRexiE4EqLI73aVQjqTA1RvRtQf5sXwdFhqdOBM7CqFrKolytqpu9KU7vjJfeSlt5kxJsQe0TvHQRCQGtGRRfTUTIw1Ujl49AhDnrc1Sn25XsHEpVq9o9iZk9pniN0SHwJhbbCXS58TRQiDnQgu9bMnIwMIVT42irOy82liwPKcPzcu7E9K5r3mZb7UDn1PrM1AqrgZEBao0DE96gNS0Dy7aBbydM4BgvKmnJwQ1BXDKlJVSiAVxyBBzKfxy0m2LxYrF+sVi9vHq+wkh4WfOsFGLC4O2MnvZyIGphQLxp23b33bAFty1dV5fxuimumuXtzer2ulwuMKgrU0VOUz9KJIimnJtxEKlwjreTKCE7V+umhGyCi7Ikfh94YJktO2LMDmPzRR19xQ+DYotXAkUH2y50I4pL14falyuor6FeQdkch/rY1e2A6tB3AeejJEptXzpZd6TecNKqArUb/nWkxTt2ZFj2LVHb0iiS4EODk/YWWs705Qot/oGXdCw8M2lTTRtG8sn0ZQt7hLKDqqtW+2q5LesdlHfQ3Q0HvEsRiqhcm1W5ulqsNkv0i/G/mjrnihTPIFBeiEzfQPwm3DaEMk7qhjozeFLJASDpqe96XDBg4gX0+/3W4By+e//xlHPGzJyWS0Sje2cZRlzCgXuF45j86z/9E7rOy9Xm+cvPwAYdsAAAEABJREFUN9dXTUNpHNFyTYi/mU/k1N91SQyqbA8Z6Qd78IwY0yIcZdB7KmLfb/cPdw+IwuGSEFNDWrsLmBeFFTVoIFn8XZKjJaC2JHeuWSyWi8WqaZb4H3rnwJ0ayCZz1gFHntgJSiicJ4YqZCPjkoUwucLRcD21+/DOJcuEuU1orAggcFQEKIVL5jrTf4XA4TKwqWhONJeqAckwYX6QxAsCXGls/qPaXqOxZ2d+lNpZeL6BTIkRUkDZA7enl8C8YCcs4UZDDlhSieb1ett05+x0U7NpfsCBgRp2uoOpHoYTWT9yyL/Q3hrUU6cqpWM9JIeQhitQtLjvHx627fHQ7o9yD05ibgYiC7IaxrTggy6oAO9ezGly4wzdOvmYSws1KQuZgqBQeuLV0MBK2vvxtPdQ1HWSgcvZApN7dowbw2P3bHaybIqTv8OFz7/vAAulZ1+xpgT8hrk8lhQQT66TvIpHrjXxR/H2dCPMLudA46dsfpLZS1W7aF9RHAT9UBeoodJu17fHgYMj9JeeymXxXLRXUeBr8zKdHWPt0ZUphD2yTQRCd+J4caoW/ucUdkj9d8QGsmQ1uXmxN5NTIKapDAlMY+Ind9LlroHVZzOe84hkzq6WuVjvn8DsDNGdrQF27tKCjClPK9h+ZztfoxLB7nnuA4ow4fVMziZCO5pbEtS7CeZCyv8NJ5LmAyIDZeKMeAoMRybpJ9XA0aXYlJjROWsRnRWDbnPUhTMd564rW0qyG1WhkBkTnbBAOY6pyeYFhcn1kaN5xxqjji6m5l+ycmmlTkCD3L7NqgZw5Dwmw+2egol1p4NhbQ7cmSeuz6U2I8iek3vwUeHeFCaDaUtOe/JkBmXzRvM40v1fWCizWzCXPLkqert+fqNO/pK/e0EKwFllzp8i08nF4fguu+/j3ASYA4r3s1gsnj9/9tVXXyPisNlsVMEriUeaX5/HAsQX9eIqpC0eJ8ABHnuoRyXN/A9zKYVmx3K5uH12g6p6u93dv70rX1BzDpWVpJjBrEVdJ+TyldVmvcL9jHIdt//1bXF70/zt3/307uE1Puxi+Sl1i/DXKEDIzmcnEEENjMGQu8XSuqIANWPMKxdAt8Zw3JNhSCLliHeNAW4zIGM2ANy00F3Md4jv3BR88wBPWhTvP9Mf+wB4/w1NFlG+TtLjarLNyYnU6s3fZTE3zx64JOiMmWx2l6dviIEwjSf3HREjRec2JIxDQXxXUTsaWGxj/6/b+8Vvft1E9/c/+XxF+cykwErJG/IScKMTMScEt7EZhdYkeiMMFEEfJBHahLGMAzV8K31NNgW6C+2BQoAj28EeFsvwjDAw/+Z+3B/6kTxMJurx6fuReRodsZfg8naM3wlmY1MhwZeQfC02/oU/pGkkrcTVlaAY3LhmsLkQRwBjVrVcTrgfQe0hiM74Cb2Yk9Q7ptvtRXy4UQxnvKsGXQFnCchgajuBb9OMXdoTGQ+k6j+8IwwzkRM20lY97g/4erFcofnPZvR5xsnHOXRZXzyl9eCKZgDQ70HvmWoBEA1w1yg+9vDQc9WCeLliF2Tm++kVwQwH9VignDoLpm9Nea9mP8j7E8urU0tUbQj++BgO9w9vv/x6uVpJD0KEHmBkThY2pkCWtPqoQoZlUavpvHECWGXgi2JxtXr22Sff/vb3u9dvHtarpm5gQbfdIZoTx2eff4bW36//+z8+fPMK3eX15vZw2L396tsvf/0banm4RB960eOAlhUU3mRJspjp1lNGahqvS+aPwZZmYYQY3yu9Lnlu/3Ga7HycYzJDv9fmyiW97BI7PXBj6ZI2EJr+R+Y441WPevy430tLmk24Wa+vwPvMiLl4q5C3T5A6G/fIRKcbOH//0hp41NSRn5DHW9igp7B9TTLKMWUiMawWEk6I3lsIg7AnZ68tkwyfvwjLm6tnX3yO8Nju21fb/nBdlcMQ9+jOUnIswa8le45UDhFAwB70U1B8IjJTI5he1Vfr9b69PqIPzM0NERBl91PIsUpJEiDcBkgBBZD9rveBUgGlf0ku9dgXY7AgPMwHPJn64vueb7nkbKkjAsqW5RhQF0p8GzV7IUqTSzG8OOeUoxfEErQsFkgTRoFhFVRgqX82kPaxME3M9FOeIE5PM80nwMyAmC/fmAyYFItJaiCtn2iJ3FGfnaBFz7l8hRUBsfvMKZsU7CYY2LMZgZM1MjiFIhS/iaiydIAGTQqU7EAB4KGua7kPhM0icaQNTimBKzfFv0yDCGRiAZJcEzG/GdkylIErgYIiSs6KCFg1iW3cpiUANrSBI350f4STIGBLWa+k+DyZ70Up3gani0jUKICb5QcAwfp0zlBUY710Syq2O3ILcVQnY0HpRuilNJRv65PLi2MXpE+cgAAOEfyo4SapuWK6OC5pQfO/DCWZRLgbiLKN3Z+H48Hx6BO6W9XUohPdodJLGpWFx5xZBF6aD+qGiTEmqQNJVYItz3hBBEWXzmYfs9WYXPzHtJDMB08pc9LNWqO6cxUW83NN7zMWmThmJToTU2Vk1NwgN/li8qZ7TDymqz8lMeVdRwaYWmmEjtQk2PPriejKdQIkJZGt1mh6RxLBUWw2VXm1XGFIYGTkeRj2Ms9k2AYmvQ0yuLo+2+54v39YNBjArznbhwBHTgvWJDwwHeBsq0yxiOz53BPdPJV/s5mVc0l6BGixGuRXkorXJLaSOBLvVZ4HtxETEuJqR0N1saxaVFARx8H31I62sCazchMkAQqu3RLLnCnwjMCfIjeAyoL0xcBx2UAiLd0BA6eUrzAlScsToQVKUBnl2I2Fs2ak+iy52M3HKp69zgxpOP1EBqednSZDlyaiaWVfdxr54NWHCCAnTQSED/Ir6iqdwC2d/SDDnMqhWTTXzcLvD8fjfrFoKgyschIjOGWXvGRqRDN+n2J3Ja9KzuRNlnqpqeTMQ/G/TBCBPkPaWWmhsiMDwTyRNHJxemp1NKI2f5I58qZjIcMavTCNe1Yi9klIAkccfA3kp3mPBs4YuiqvvFmNikcHPQV/liPskhMPrBAggdaWQjPZJjpNFoBxGl+3BTSJa3BpESUrQXaAaa1TTxbSEOkQx2xtTp/h9cETIpNi9kqMkwqI6ekhey2r1R7EngdOkRPOnRCjQxDthGUlok5W25YKIkmzPC+gf3IzHMyZAcfDTn0EyGyNQctm7cGypzQPNQ3QtNYnjBFs7EAhDMvhy5+3OB0/l1lvIKD/5ACCnktTMZxtd+mRIXl8Mv24N0pKngsFZw/qwEK+TAy+krQgVTPy2gwpFqRgAxAn8z5tXt0vPEkRQ7gtghihP/TtLrDFRrVG9mC6J1LGiYesd4xMou2ISRHDbHBc+iREKfli23PsdRlxTVQ8cWc0shg4EUFUpYJIzkx8/RiflFoyB6hGt66qm2pxs9wsMIhC7zlZUwWb8HyVgiMe0nOYqlw6iAcPR+/Guqw3q+Z23WzWJbV60Xo/XrWUEs81N5qfFJ3UQemdeG6kwWhWxYttlGR18gbk+UgMsmtEmaQRrc+qKRwaftzUmsuxxm6/745t6EfXjcXomlitodlAtRp92ffFsaP/BrIWS1wwgfqwl5agxdWMKMFD4UJB1TJocmJ8vh371o1hsuIol1ySiPA+cKWUMsGB6i8Lbu1Oqjh4VesjvS4GKPuiPBZFV5WHCDtUQFxDiXA1Z5xUy/ViQcnXqLybAhVTIbwSyZpWXIgpJ8iyIXp/5tNA0KziZAXxT7OVDgbtPO2A+XZ3j2Ap7oc93q0cc8NblB0lnNXUjGYoijev3n79+9+//fbbZrncXN3cPH+2WCyJELqQ5B3W0YkA3iqyzNtzykTCh58AOmJMdxH/c5zTNOz3h8MeNf9hv93t73echV+y6Wjt4ELSiKLiKElrGFpKK6lLnOiGJ3p9dbNYLhGyw4WPUBmLlsEk+qT9TZC4SW/bDYvBH804yQzDyYoKvC3wzEdKjqFDuVg48U32m+h9Iv8evF2pYLmn3NjALSgofZ0gc+1EI/QoXssaky5QBCEm3RSjy3zSqIkskcczqoXGTA+O8pWpQsK5FGSVSK3ehVzApw5SjMyrTRac1AK1x2PXHZ2UJsRgpil74ZIuIxknhabOSGMdfvySacFLqSza7/a7h+3xcOhaFPAjR5zE4p5qith+Pt9hYtJHuLT30vKOj6JS53+aPgOTlXu+N53ZqHDxA+7RnaVGZpAyAJjdwyUhkH/r8eP9Vq6aJfNvzaI8Lnl+76schNxxsBcxNy0EilGD1rFjTElIuDGB7PkGFwbKenSaSPdgSJLyyXaInvTdkfKizBxBBVZUZbKCZLs5BSa8XAXMatVkdOYyoSTLkkp+PCeWeWvyZberm50SMdVojH7KTI0nI5aMa/sBp+ORDWky+9yZhAf4WBIdThZqsqrSbShWZFtDl6tgX9PSButspqU/jhNPNeQGhCgDJ8uKiEbjZhxo41O2iaNEeM0jCdpEjFOISHIHwTHoZ2pYpp6+eFRmxKZbDhZVvzRERqxC96ZTZ2vVaT4yTI01oiTpRzMknOYO2tCcjKQZ1bYArMdDsgem9cCTaCH1aeunv4tTpg6avuBP+ehMVrmYzPQEEujl0i259H52i7M/FfN38vWQ3ZCUOcXJ9j5bu2DufJyeB84/p57p9LXLCxlOhvfPo73OrFfWH/0QO2+1Wm02691uf3d3d3NzgzaWaG5Qc2OyGKPZUmyOKDgH1h/X/QBHsjVurq/btn/96s2333yDyM7zFxWRpDkVwaNidsC2MrsyGJRHyKasvvnmWwxbEq1cHW5urn720598/fX/2O+2q+VSmiB6zojrDse6WlSVFkTKValmpS4xiv+c3IUCiooYFI4HpkFrW8ZNMFCkVIMxzjAIuf+zB3rsSXNAH9790Qs6/8/pyDdw9jp/3HjpW5MkylAVlxmRH/WASegwj5nuVL0NRn8wtuabet/2//72vo6/wU3xN5/ePq+Jh4H64BSeSyhiDyODDR4dCCrQimIN82m8nzYU/+OECS1aHxW0XbgxpGduH/xQH6JstwUuy/UG/VIEOAf3dkRDFvVjWXCWPsVMQtTaLqrfkm0M0pAyZrBXTKZkDmChkU1zQ4kahDyjcyUFIpJ3UghiLr022axHu4qeNHSC3bHbT07EFETha2GgK+yoal6GFZ+6QWcAo0JaaaQEXS7mYA7kxjc8Pl+yhfA+0VGWmGrftkSEeNgz4L7itkcJTpo8jY8qumKKNZ2+G7MVG5PBINrNN6sVeVrOH3hJ9McW54yq8kO0fuWz0+kjWz7LyCEPYhdg0zP/6Ewyg+jvRx4Y9EYpusxBusNu+83vf4fmzHPEMNwSkXRc1aN2JgQp7qSaK0TkrG9U8igEpEg9yBIAhM7Xi88+R0fr1ddffvXr3zSr5fXzG16kg3CHvPj0M5y734PfvX572O1xeQ2H/utf/7ZerZ5/QSkpTbEghpOJ2kcXOjyVdyTOrZbvpYCjtMlZ7j4AABAASURBVKLjtfQDKcE/vyOHYqMuAPehB2SxeSeNdcEjpIKvtwBtOBJ209SuRw8ON/vh/i1HQZxfrJacD27OTzI0HzMh8ySA9932R59uASm4zapTsCoYYeGk75I7Gs315ZKssrh6fttgnD4Mx93Dw+GwLK4wsLdrj3uPYAulIRgUTpeRynHAIGggQ70feoRZF01ze32z3eO2e+s4TyUJSRzxwL6ZVAuNVHasVd4ifyITMQ8wYFh1HDm90honT4PvpieQMMXM3bVExpAhA1EDezFK/y51DvlP9ldN90jC3CkUxB8KLh81MV/lRJbtbsMK6fai5JYmt+jk/s8O054+TsicxhBS/y+RwjqrgaUWf8hPTF0J7xc/SPUUv0MxoYLvmNP9KE+aiqmkOza+IMonXP7kHnfUBjg0BDcWLvfM9InJTWzqRt7Er+CwokIXLKMspYyYPl4oCjZzvMwhoCAxbTDOMRLckAyUEQb2lyUexaF1G3/LUAc4G2rudM28atR/kCwETkgtrJcfSEaRfcsnMCXbFWidINYK3B+QkEEqIKVSU9T3FcqKqvZFrdabJg0TSjjyhZhJDKPgI0oVJsahNz3zOco3anI0Yo8QvgUo9l0rfLNcOVc0oVg3C+6QrrE2vGgQGcQ3y+EY3rOcapxhU5fXknuaeEnuWJJo6esnDsgkzZjhMm2W/KcszpmwNaBmdgY+n7pYtjUA3uuy/LAHry7dLzxrRT562WtaRxQEZTYpeWSWcozoeTKwtXG2dKCVL7DdXNdogAAurX3bNt2x6rqR0R9cN91A/TaZ2aMm7URmf+iHASMHx9Wm4j84p9i9Qjkwm5qJXtFlMu67D8OlN5M0nVn4aeBOPNb0tqMIAC5jYDIHsk1LX66bZrNa7e8fjkw9Qg0WQyIH1tEnEcdutDdCA614Z+oSdNUxdNoHQKGDeDuNueFe6dKjAbpys8DpL0F2JjWS9LgjTTw/eaAg2eYxeSX5dnvXF927rEUSwCzu8SQInrSxk76TlK/vUimeDoNL2UzTvMtJJdJAbVUdEVk2Dw9HPIi3P0pkWr02eNx6+TBcQJUsB3eEJJ9bG79nYGX8MhnsLOOF65ghWl7ChfuMcaprc2m1S9UbTfR02JmnO3XuUqxicqgstUqihijh0ZKBAMK5xolZllmiy44TnySpN3Kh/2iF6bmIFoIHZwmDYHrecaYyifREkiEDA/MRzu92ak4dk9GimmkyfWbCfFqDcfbU8lV16PlOXMKd3UxDvudI5gn/DFExBiGx0FNYxgkog5teLOfN1P1ljM4ai+X8Tt50mgURT54kbWR9ZK1cUbPKpXijDYjPHT2zBtNWPn86/qJmzCTuE+fSib3C7ukdfRh7JHbBzRZWdMJb8S8AuCz4Mc1UVCWvoiZmz5keByYVnHSwfAiHHu2549Adhr5Fqx6DlaGL3LFWhaPUOiuTkBJFiVp2Jx732T6yG9EItGSV8DQp90BMBE5RqGojxHiySPghg5oyvHCD0xwG2QsgHyArl/Rx5YqmrKhqBINwmrfk0nQ7zjjjdF9id+/HiNjNEWLrY1dQxkl1tVzdbJrNul4uEHiKtjCJ7U9Ljb0rlC+Hb3aUVUwLxpfixsgYyJQKtIKbRrIiUU6Q2Vc64jjhwvEos4Yf6fr+cByOnetG6IMf4yIWG1/hf6tQlO0I7VD0QzGGQkkVxXCgJ+IYIMUgiWPCS/ob3Vbft0PbDl3Hsp3zUpx2RgFmO4yUlCN+ktEgyjCRfcHmAhPo9c4PZdEWvvOu964lCoU2VuQw4Eerplyu18t1vVjVy9WCyLwhWUlp4+u6C0K00feI/5FhW1VC4+FTc5MnK9s/wePcIDzX/skGlnQEHMD9dt8e2+3Dw367xX3x4vPPr25uVus1lbFpk3Gl2LxkJ+cv9F+7BdnDVJVI7FqHbrfdCXsr+S9tFwbGceWclgcpSapmoEutAL4eF8uqXjar6/Vqjf8Q32VVYyyj5Ho/rSN0LjmyZuRnVpeeP8kf+5hTqzVOn5k+juqy58yJjpfxNKoCMsiyUaorPpWmiShbQDDvOICw4hXsRxbST8cxOZC/NIlTHV0aYZkvaXYz6twxLl3X1GpEe8Lz/Uh3Cn1YuVfvM/oByZZJ71AizYDP1/YMfSPOYbaJWbWyaQkk14wZ8qMt6cQJNw+Lz/1xhxbdYbc77A4tAbyDS/a+SyI2Zib6yX4zteUuuDYnNkaMKWSRvpv9o4I8PH1H8/nHyUGZ39v7TgPz88xe/EBHlEUST51ieVN1c3xH8Cg9Y8j84OxBweS8EwM0OoVwQJNJ41gSbBO6Hc78DsMQQ9ujKkGIsju2ghv75OlFKUXW5aQbRfYNcAmXd4k/RzglrZ+OdqFy2lunENMkmcRJpsnt895PZqfaIWljw1MconyQ46mNEcx4/lja4tyIjbnhK6aSTAZMBlhM1lyIk10eAwiJiHqm+N1RDBWaLYvNkXsauDqcuaeEyyQIQ7+lyikrn2OjA2UMl2w5TY03o5CY61gNezD0LFGdxnwTZUM1LbJJMbso3Na8xFSAMSkT329ggjROSJavmT8gv9igZa9tE0ibBUlqjwnLEe4nHkuuJdL9rtdyTv21ad0nk1WsZMeWIP0jHfhSpXdadTGzSLOZjdmDn0gUcOd+jK5gNyWNTfs0ukdX36lMhQtv5jdihz/70BimFgfyRH8eSSc/+iEi6fb2FhXk3du71WK5QPQ2TivAg2XWQ+YZhejVC4nT4v44QibdWHL+KOi+WCzwJnvuBPT27dvN5hpgsoOTRxczVYZbvWnKm5ureHfftQe0wKum/uUvf3b3tv1v//03Y3UgspZIhNlE/Rvc8dCiMV9IEglI8XugKIsrNq7uF8t+GNtxQMfmvj2iKxi6vuM7LNC8c5OblW0RyOwJfePP2nD/EznUaFYJdtFoSEWZTxhu0KkTSZtBEhre4At4BR6SxU9k64i4lq1b3Pnuf+72429/WzaufP78xhMmyrynRJBWcjBDZC0HWISyO+SeD1hkkaL4XmEQ9uPVW8DvLcsqVAhDDGhTMz3PuCiK26Yebq45ugXf7A5b9GQLH0oqjIua4olKM5JzE/X2lW8NnPLmins8845oG6GhTYXC1B2QcI2Cmp0snNPgltrdHC5ynEKLsU28Z2rkyWwoEu6NytorCoc6HVAuyLE9PGz5YbnBQQzlUBVV5csym9CJOS3tbWeaVP+k9p1LmQ2qnSmrHU+FYWl6CrwMeuL4KfTGCu69mqY45tGIH+aIk/njkmSIcyeAHzEWi3p1eyV2aEwkn0yJYh1GXGJqMQtYJQ6NJA915b0F1mAaJv7GOyQ0JAuC6g05ViiNA7vu4dUr4O6km/i8Wi8F05LligAFMGQbR6btiZOqhzwKFWOGgdLfqkX9/NNPh9DdffPtt3/4ElfKarMmK64oybDz8OzzT9Hc+30/3H/5bd0s0aPe3+2++vVv1hhZ36zROa+6YblcURkBzOyD727pxgvmzNO/HD/4uv/Rjx94QHAjI/TDWx76ljLxmHWpQlwAPbot3HP9jFssl+LCAUwy5B13mCwc9cTe+XH4SHkn6aK45QXs01bBLM28UEWZXZFc3wmgAI6XllSHvnn5/JP2Z1//679T9weU3oO7K9rKV9TpBOXx6Ll5Apejc+sQBEVRcvjec38rWC9XL54/3x8Ox76v6ioIHQRz/+owxihpiwUQ9z0qFYRqRxa7THeP0ddy4Gbglc8cartNGyx9mcMBALM6+zgV/WqACmA+e/zRINpBokdu5lW5k9fmXTt2hsZ0EpcX+EutJ8x9ofjOiYtOtarLcDdpC2FPxwT0QRtoM36QuUcgzpmWVDE7BLCnHIUOQUM33npJhCB9dYI2tCAG7chWaEUl9py3oYVWqubUjBHFwOS8UKOlssTTHYjQlfNOWJ2XUnamSYU+nojG1ANCRo2Vd3Ck7iN3rS6lh0IwqyK3cARszCNukwpm0qy6quUr1C+o5142VU1h76x7XeSW0XrCyVukdUDrrW7CaoNPdL/dcnOGsY9wgK4uW08Jk6X1CYpS008xBmr6EeRs7IGLoy24JLPCqaFXik6mwhfStSh0BvAtq79wtVzgYy28oxZ0/MyycUCybkDbMWhnZfdU2QhPSH1773enw6AaHUpQC+tEc6Upm1Sbmz4GUv4YnfcXniFmn7eXH0E8PvkwwZHuJ7mnbnqoyTdLuIeIF/4lFZ3nn5AMlJLaV7n1uDwe2yPlN/a7YxukhQUEjAt6xKOJzL7QhK0Yu6E/HPYLLhYuR+JMjm6IiURBJvcMXfkhDtAsxfNFMVtgYD6P5zQxYQ4V9gDcX413i7Jc1/WiKA8EwHM9KQm0wgSaU2td7PDA+1XoqoCr/7jhGSqITlp+FiT6SspFEd4JyzuUMKepgSB9dkjecXFZGCkcV/DtiZxxs7U6e0CX4eyPH/FDy/JOFhWXthZSLG4VBdnF7UYnlyDOqlllbeAXay5S5iBH0K7sjxvvirvFDzNl1UNjCVw9dEfooWyadEf5ORNw7fRddU7PJVUiWc9GNT16eOwxbNtp/3n7GnfIAznp5RCBjLO4iqD35JLTMSlcvjobWpwJYeJB6xoli4q7GJyIN4BEppEWFOenpYRgS6BkwWju1CPzkZkberNOn2viwHLTYEb9zz4bz043O7PhcvOtnsbcX/qqBGhG4b+T4WFKvWDPq7RWTrk0zDeXsRHJogPlktAFW+YTiHISPLBNkLuqnEHhbWRmVOSPpeLJt860j/6eLV/vUiuixCAvy3dyjs0m0fCDdLjlLjrc7M/rd0KaEjfXc0l5yG1rhz0WUz7ziu2FmGiQT2/kPjdoTmtXP2o14waPYpOUh0tDwTct9Pmzmw9jNjAxobYynNkCinEKJ0vHdIYRKEg98BoKLmWVaQK6orLaNdqJdZQ2hmFuaU6j+P5on0a0v64Xzc1quWkWGgdOe4pHNypPNemIcaDEvQP+59yx9EPtC/za7VVzta6Wta/KqP2A6FoUY2apKYCULB4tRJbeR6n+m5W7NcOk6kSO3ziN4ZVkDOrqJt7MyOBbHI7dcXvo9gcMuXr+r47FOlYb5xfHsex6fxyKbqhcqIKrSFcSNo52QMlVRMS+AqNnShhPneOogxWVuHdHNiYH0MwW4cZWUNuqr3QFee4sJgEzzeej5DxPHCdluQc4VnAs3MN43I8t5XOWhG0XVbFYorZG5K7gXkZED0NdrpLMMaEtCpd9Bxz4gUkmPGUtJOLzODmeJ0rhz/GAGeCZrA4CJ7uul5xLfN227cPd/d3r1zhbq6urF59+evPs1jFxRVGU6evOBNRZgwkJ50XxJYDzU3hjUbMblCU4/4fdYf9w2N4/4IUwqkAe3CjrtpC+CdJgVm5aJY14P9QECue0xLlerterq+X6GjdJI501yF4y7SQupCptSPmQYBRkdrNSDjEfpZOxkuclBJgtHOpgfqRsjORydKKwAAAQAElEQVTreeUt0nwLUb7sODF/PAO0ajM7zgUFaSLL2Rqll6pIHF0AY92MKRUmTv1l5L0gqtwa9HJUmFPqeeiZAZTa20jjWPraaB8O+TNCwrKzw1G6CWVgtS3uia5rW7xvbmNS6reSkpLbp4sV7AVbfyBGxbk3E6UV4cmOhwMTnOypoUaG/GawiE+tDM+U3QU3Lft1+qkvzjbo2VdijE/0RPOv5f885cshU3cf4sl+8HHZ/81/ncw0Oy77tKLKpvNlnqMzm55yFoC1kCcinyC9cqjsdU8ZJ91hP3T90DE2xq0V6or7RrnJVgMzePgXz4UxZl4VXFzEGIvALMIFlJrpMBLu5AaclQYBTJI6yna+ZEd9n0m5iB6kP32s6Y4xXjoVTBEhLc/TNw2Xsz+p2UOUBKSEhTkyRKuai8xcOorZw4km3CmsawVPExeBJAlR/hPrPzOmldz5syykIXQpfTZhGmSbO71FMIsw3b1+SOJx8WTxiQ2lOR0q/9QilebkAcGtKM1NOVm075npRPuVmxWe/AAN0JvYdGoIjUHwRMtr1GxjIJZrGUwha+FEHZa+JooZToyWZCw+Amj9iRaLietuJF1uSv+aOq7luy8bmRjP/Tw4+y1OBXv2ZrJP3OWll3QeTIsH3uVZf7cF/Jekk/ccai3x9C+5bliSbalKkhX1BEW5CQ5IXgrXBAaY+oO4pymh73aP8pMowWNcLJrrG6J/v7+/v3v75vrqmlo/1D75vc6UuHwLmD9ttVoMY7/btWhvoyt3e3v193//n+/u9l99db9Z15JZzyCqbw/oBgzLzbqqF06gfoYx0Raqg1/58rpp2nEdC27pc4gtSqeulyIZFkYK4k4NawU/0WPi7nzXA39MTqr/2IfW4b5TKoh89O88j24B51KJlECvwfzqmMzvmBF10XsYI4/uyBVUhMC27aevX183i2q1LjR1gAqgMCwERERPEb9IbIzgxpjK3ZJl7ybbUbv4eBXo/BNDGq4YSorKdxIdYZWzAv+iqYuba7yDYhi/3vV3bXcMJbq/kXkV+QEJukRfAV+WIZRVQ86k2lIJwnAWnXUKfAyjPjrjoAS7o8G9WOA7RGDP9r2jnq+NZLVL/xpnmf8yREbsrr6CgqPocx+Ojp00vEp5PDabZb1c1oulGE+PWdhwYX5zu1mxPxlVCprGhkrw2UeS+6ekE5N7cT7sP/xhZobdOf8KQkgj7lS1WvIj0MCOVPM9JvAhajaOLFRbqZbs5xmY5UbeIeNtz7cIvPvWYFrZfJOemWXJEgvbN3eMe8AtWl1l4YKUfXnLqeXCGw6vFZw3mzw5ly3p9LyCTtXrxSc/+aI9HF7/9vf41i//+q8RGeFpo72CUb7rly9GzvK7//pbCvstF2/+8NU3L57fvHiBsvq422PAYrFeuTjPdPlA4fmBKyDfvH85frgD5qwYjhj8iZa2WSyI/nAYC8qFUBSAeFAPhwdZDJHzTgp/4g7lp6afmvTw6EWdyxfadIbvOfX51xN6JZ2MOxawXoMZZoIBGPMiTF+j6IcfESXzUK6WN599un3zNhz747Ergnt7bAsoPVpKTMjJSSfU+5lSThB4RXQUldcwIEBJqb11fbO5Pr7sfvfllyhJJJgF1DeWysw56kfKoOAsFOo8woKKYXnC53tELePYUVvqvhbcyRBvyaU/CfS+e3AyaUS1ksFNcttNAtQGRp2HmH8A0iDHC3PLiSAaVRW9IWsrvzF4sk0L8+skcSqyWIT3ON2aqcVsAXBsVZiQOcuEhasQHIs7aGw1jhu/j4KvO2YK0egfiX/znDHqOcU4ZALk+VTLk6NMTW1Gyj7itH2PghctB9bAaBT7WQgsf1BzgXkAe4oC028EgEizDCsLsL0V5xM6zcE0vJzVqg3ROXW1I3MF3bhKWWSz61tsyplRQXdUUBKOv1qsgHkR7rdbgkTJVpJUYrdaLKuiLGyqpG6Uexp6imkHJe3xzL3AxOsWXCEcieFjxin6gTRsOwZoe5ti/BrVuLoF1GzAiGZUJHqMlhrrIVEh6pO4x1SPAf3gTrTnpcMwq/e4D/Sw2rkCUlT14lfyK8YsRGofjs5GfnqO6c7zF39MzQjng5mEwGRap08rgZN+UMRTzBFbmx+pGyp95dCgXq2oDhv9P2bcPoZuoABt78bCoxRFwVqCho5wawzDdrdbU4lxgR/DrRUT04mFzyEJ9sx2dT/UMckoneITxcqEDZRKSE3HHWguCPm7iHQ2BSW+47Osm+oYHBF+Dj3uVVz0AkglWgIRXSzQmJ9JroP7siBt0QcKv5UDdB7NPdy42mEHRBTr/TCkxnCrToKsRk48wZMU1kYjqv/yCMiUPnIyCh9jKOMk4VUWxaj1iBLatAw7ZSiOMdv7VqFnNutsIjBagquTygVYVnOCg0tG9fwBTdXQPx/SrApMNdRNHbex7dpFQAfWCI0frQRNOme27wzjVD8lzqD6mGvvXLem87Cin7BbAUkdt2sV5DM535rrcvHW4sxGiJaTmv4477Iqnq8Go7N7m6s/mP2a3BoPkF0oB6BObubyMUnLTOrEzBo8KRO88Kz6/Xh22jjDKy5ffNpschjNxQiacZKex2vlCKfIxsziSrtsmg8JbDI1dxrpyTqagAez5t2E1EPW4EA31vt2az4xMU0fOBtAFj3Fu/3fSR3K6Es8U+rtCklX0TY24LP1nn0vEwVRdCx4mAgidOzstqYPu2Sl8QpDdGUcKNAZxg5taTe2Dn8OXaAMhejNt/d6AefT0KXNkMR77vI4l9GXu2nEdNrNPuVsjNkGUTJ0zry08T0bNjdt4em8nGlBlHF1cLer5uXq6vnmao34WFGCs3wb7Q3EtSuOhEoYHSJPx55oTg7g2qoIi7K8WlWbZbmgXsxxWq5OqeadRKs9TLCDalKJweMPIVJw0osH0TjueEgqJlDjmkKYRPQ/Zoag5GzfHY7H7X44tLEfEZjwY2xcsfH1OsKii1XXl8ehaHvKREHnixqHUFoJnhAB9KqQAiK02xF9w1EdRIqFsR36I8ahKUsfkkHFuo4WGXDNmbQLLcTlAk4xkfabgnsGslrLwZdHX+wKaAt3LMKuPeA6cQQxRi4SI/Ju6q6KRjS1e0vcNy4XUmkBcI4jIU4VHzR0hdENwonX7P4jHbJ5JSOBmuaU5X6/f/3tqzfffivpJp/99Keb66uUcCAfzsCfmJ9L/j0h+pqcIEqij8wTN+wfdm9f323vHg67/dAOzBbqlMuVEyVD6pjAUonFI/+5LKqmon5JqyVO8WK1wP8aBjrU39RS9UgonnofuZxUfShaNHPQJiH22KFdZtpOq2KENzE1pvGS4WWcImbN4tKKwQxcXsHCSMRJur7gADwXSUi6iTvZyNMoBtWxMc81CVbaSH6Y8pTQbTCQ4u1s3DQqKSB+05hOEruJWCxU9EDpJi0+KVcZ0PnJPaX/q2aa6H+kvYmknFgrHzEWuH9KdyD2GkpbaY8tAlN4co3RUnNYnyIBRh7m4HK0/r1bbr4O4T2hkdN1+7ihMK0HU/WmXP6spED+gJNPGJ/yzfxR1UPM9Cf/E3AJU+z/OKCCoUylI4Zhju1ue9ztotSOUjZDLClRoRy1r1NQXebE7HEwrR4C3Xg3cvaY10WGS1CpnotSF6HwnZAl4M0F4cwy8LntnVlUM4MqjMF9jGO+T/Ud95GO+FgGgYu57Ep+mIuWWqC+Fk8fNZKmkIYkW/C/1DsPd3rXUgKoqDj6A9croXwG2vW0r4lIarlGYUv5cJx5RpCoJp2UTNPEleLRu9ytYQstsWCqZIYkY3XkKc3dxPu0HnWj6dNLTFleRckMxtsLqrMC58mEwZhaou3Q3FSyBGib/aiWPv90msCn/YNEttM5tFw+cihIBk7TSFiksySOlnqC3jxIjiRbZpypnHtiMkF+PoVnkz0N4eRayFjYBL/zOHfT5n81MTCXB99LlCUJ+aeedBLdrMgpd1b/+LIcF0pTVjdXVw8P27dv3l5fX2E4x3EwI9EhiGzUqaKlNYbMoXIf8TD/OS0FtoOLqiq5E9Dm1bevv/7q677rXyrfVNqgo4NS0/skTBtGlPLr1Rq1ADXZib721e2z1V//9U/u7/5xHN4WxQ2GerXlOrX/GMJud8tJJ7x3ycpHDwCh5GVVYUylW47ca5O8gofD/ohx0a4Tj6mMQnepty73HS9BEBdH6wdGG/+8jxNr+On6TByEk5Nd+pyfYKT0eeO7cxpm8eLXG0EXR4YwZtcsh2J86Eb0UP/p62+uEbpDV3e5XBIK3UuBMhULUqjOsVNXCAybP4syqjkpJKXuB2pSCHMvXY/alzRo2fSEunJpIMWlPN8eMfvdbKoYqFh4u32DaHgBHF50YhaTK4/6b+x6IjPED5VFot8XVcS2rt4RbiRmK2HmLlTVsTATp8IgkBM8nRIte2YHrZsGqsoJ30lTOwoacd5lsCUtp1cebQKicN8AHLnxT18cK26nR12f6yXp9ZgHUUQOyOykraNKzGZv8vWIr5u1OD0VGgehqSJfBU+PfgQLjNLWBszO8nEOUPBlLswNIjWqN5eWlmFP1BuHgl0ler039E7fUtEJDUsh5qh38+Ap90rgmWWfL5EzitGRRWWBk3B5dGJOqXly55MJLsEXgmgoN0n4Tl6jaVUvmvX1FTVqjULvJlbzyE9TyNm9WQYeTp5xMrPodgLOdXP9/Hl/7O6//vbLuv7k88+a1TLIJINf3mzQoBv2XbvD/3d+dxxh+Obff33z7PlnP/+ZryuU57gFK1wwhTSABel3iNFwRb/eJU5lA74rHe3pQiam+gsbPvd/+iOGj+PMpAOy0I69RW16mwZBkJZwgRAIFQLqAUaEqMfjg3srtYoLEsblbKOfzBGcZgC4RxbAfANCfAJM88RDziYgDnkyXEtk2JZKZjA9lb4C0iXEc+0ULPG5++54/ekn/ev7oXs4BNIWcGwp3L4iuJfbyxCffMFuMO5tX9QD6haEQjhYXhfVs5vbN2/vtoe9QtvJZxIY3QFV9FMvatI8XfBghXKIyvYDQuT9oW1r8s80D8jI9idXSsH5LMwWYzxHWyTJIkXSTEsmHG7+ddNhkBkMXDniDIFLkyU1hclH12CA+GbB3BathD6bXLtJyAQmD5QBkSeylcsTxRCZOs4yhRUTZFPCEBWDyiUTw0sALUKXbuAMIzI5gOSUSC2bafCEl3G/WfRAB2E4TjoOJFYUBQylAk+ukKnHUcE71DSAkSb8P4UEpAjUx8xISWNL1gcPGT7UKL4rLw1q7kdailnB2f9WtlHgjBYumuQnVK/B/grTGHLjbXzRQSt8J6QQm6pIUB8vecm/yeeFwXgaLkTX18u1qP+H3Q7tEwQPtogpoFXg3aZZoZsjUQ4mM4xMzRKJYI3bfPgg3kfkklijeuEJQLChqSo2ZDyTX4/4vL5zW3d0bNpwW1+MRTSIoXI/IG8PNw/U8MBwsgsnjLRDMgAAEABJREFUbLpTsZMNSCJ7ezSWHOeJKeeCKH/Hm4krB+faKOgMl4Jn+UnyIsgE4AJnyOlEZE68YAQ/ihpMVqwJAThxuHibqEGiTPycJ0UIFC/HqKtMupsBJx8pgoUfRwvcrZdtGDHA0/YdBQp6BKjw2x2GlspYFdRliaj0ORMvHtvjdrfDbxV1M1jHy9PKpmwLvDcV7zsNhTuRROCyGXL5nyH7x7OswQU/as4Hi+8Qm8KvqnJdl5um2Q+Bnr5tR0Tkijowvcv5IUkkWrTqKZHFM9kLSrEWlQe1rMI9x+1PzM3Kb9/MaCbn4jngWxa8rHTekq4B4PFmO7mvcAKtnyig9IWnrNzcuAWjF0RxSlBkVWGIgfkgeXfABPdEHc/UgERIODT0KOwCjlJBAUOG+23HHXY2zmVtTlQypBv+vgtmgsyoMJjuHBe1155IkADAKQ6tSjxmztjkr53NQcZ/oGkLIaGIdgMKFc/uSrwkN2VTqPjPp880k7NbNOfHWccDvf3oUpUHK0khHmCXiksmAOMBUTNOZLWmxwj5yc0Yi55dqqhgsbSboYQoULYydQrc2X42V4ijdBMIoFdMH04yWZBbyZF917K0p+M1JcWQstrjHAAJyemfS+soQLGbja6FL6y1RxSVke5ZTHIRGuzUORFmfEq675FOKsxpaVuJHwhiZUXuo8CshDDlT+ieBkjlFklgvfOQZSRhF/m6M8tV29Do1JLoj0J8Uuhw58/NxRsuDsBVsgV3GywpoOlKHrh0I2npKa2LDUfyVuw2nCGDSqujKfJJ8ke1NtF+6wb0ibsjKhYIBwxjhaEdCZgcadGW9L1C1ht3XeF1oR0ohTokGgChanmmBTzkckMJXVy05s4cV1CzOApcIys5GgKja0x+JlzGioxS+XhUyMxRi8M1FNd1fb1YrjFUzsE0umF286OtBEtdIwsfx76Lbu/isXA9gkPrut4s6/WCep17yWZkfaxNsmSIhZyLxoITqdlWZonGvCoSkLNQH+edsDPFi5G+Stn3LImYIoU7QyPscETwYb+HAe1zKIOrol8X1ZUvF/1YdUPVBowfFuj2RFdH4TgJFJYqXUVlEKTmeEmQ+ek49YRKqPvj0LWR2YKp1anuH+mhA+wTlEqc7YugOSheM1EKNhyhCL7qfUEZJ77YF771bhcRiR5iFajVZeWqxjdLNPA9InaLJZq9FcNHo21eFcupr3fKksQoW1VT83qhiPDzlO/ovkNLjj/O8RhQM6FhZ8fsiczxlEgkynCMgLx9/RpRhaKsrm5vb58/X61X8j35T8Ws7m4Rr6kcVz8WQm5d+MwvxHnCJbB/eHt///b+uDuMvQT/HGe1JQWRCcupKpvSkBpOMVldbZarplnV9aKi7ufsbdsTBU5mSDxVTjy+uQBNu9hlt63yKreF5NvSeE6612DkpWsPslqk87vwDEl+kmR7hKl/JUd5uTLB3HyhQhF2E21lJfIwX2w2nrP5C1q4MYGdiekEBDbh6sdCyLn5ZzRzQHS3V+EpxdJ6OVW1cqMUhG6Fz5ufouB2PxrcZ00odHSuKCn8jOaeZBdK1grdM98RZ+d0h91+v9vhCfE/Suoao3YAtG2vzxtE1wdBhif4mAMOZ5o/2VouX8aTOepSjeI0knCGbkUr0kwrwF6fQGXpTz5fPieL6fFDNot2XYlPhlU/wjHtG+fOr6saJ8zi4NHeT/vPifENpjGd6fpompH+6w7tYftw2G4RfMEdQllZ1PGE866szTABMozfFBVtHdWySTYk6jLgkmCmNUFRTgQn/J8iarpH1D4XURFd8sLVZHLOwZyPVOgj5qJv9it8kGSf9ulZkO7DTqjOaeoSyLjK9L7KKojREtXJ+JD9A7MK2yDGp7QLiEzO1FMh68BNc/qB6dBG7ilHcRYQknjtlkaBJJQky2WzXG3qxQbxVRKzhexzLsOWHFZiSZHRUwpAXSUS5HF2O5BMWz9zvEns9LYpgjOCEl1eISb3y9nTm6k2yrNTqgg/jtps8wOcFI6AbmMwZ1yXGjrhpXZk1HsMDK95cQnM1jPiZb06/yAaGElE0XwUvTMa3lESepw6Y5w1w/+THHB+mpAB+fqIMP0yve+S2559AgAuAEyyTALkKfhqkLppGMF+zdYnPCLD3rWAjSAzpl//bJhO/phC+OIhkCLKtM1mg/uQ+E72+4KTwymFw7msRjXGDIdOzfMAzrTgY9rlCU97Jqo4J5TC2WQXXm2udg/bw26HMnmzXi8XS5TjXAlk7QOjonq8cwvcGGhFL5rFbn9wuL1Di9bDz37+8s2bl//yz79iO2eBO9hTvjs6F747tqgxEEljWnvtxoeCf1FWeP6B/G4KEoxxIJPkGHrcZF0vgYyqbjQsZK5XVP0FbgKX44msP3lY95fjCQePs/BqylSfYjtnL9JxGg3NRJvqhcxbUNwg5NShKrGkmpHSSQJRRId9DL/Z3q2//LoumqaqSdaPYUHMEI7bSjtLZGWJKW46l1qLUtA2CtEHswdZnAUxLFjwI6TtF3VNlZVEbk0GbOVoi2IwsVwuK66CxwXZ7/eohDgQEhzH4PmSniPBQ09pUk7iVHw7qgQmlSU0K8CZ7JLzGIjLUcjx0fqmjLSWO+mwjS4SwGuquHN1RcIh9jPrOY2nIR7ohgyO4fqhL6pCClY4U7xxhkeYCWg6wm5Pzzbdr85OVF5u/SCercbhYqY7si66zrp1kpcQ88Kcj7nv5qeadnpeJSx4KszMYqFs9tR9xsVragDZ9+3hKOTlkqjB1TlJgQbQ8txUYadeXmRAMypx6CNu+ZmehZOiB+aPplToAnAMt6/f3G02COHU66WTDBhwqZ6D8DJKfyFcJKmDmHkyMd0h/RdkY13fPiuL8uvf/PrVH76qm+YlRuyqgj/NrOx1dfvZJ/2h++rff4PWfNHUu1cPv/qHf6p89eKLT2NVvn79zbOXn+IXS1L3hZq5M0daX7rLR8hH47u6Q7mRnX/3KSvpx9b5P9iRr58f4vS5PwiUabFYLRElwMsN7ONRRlRFLh35El23u38QAldo/HmT+OyuL9x2Dr/EODNT4zxD4sP9q/lh2AeFQzD8Q1uZH81wY1lpIaNP023FVNMEq5SIR93cjvvuMDjEOjBqj9FBUkN9X49lUVcED6G6GjnNMtAjDJTA4JjNgdMjwTd1/ez2FsdzfzyioxucKCkaNhSfKAoQbIm8RxElraiOr6BrAMFLA1EjhW4cO/wYxmCTW+wmHNw6eGWjmTx90FYXVPGsckWCT49T69vYOcPqkoGVsky8tCNW1TP5OiIukpsDLp3kcvT3DOiZZCZYIIHj8e5kiwsXvwMI1lBWKvtHPouwrchP81s4i4LNgJFoBuhXmuQYpBcPunQC7IkVImZKIXS+3OOVM14JQRbEkxOHJkpCltyI4Vei36kGh/JOCNPzI6GIWoUfIakWGTG1tBQYlXmlLJOB7gfjJSO1zHCllKZLDYR64pwaFTJ/gQcfdOxMilJpmmVf4WN0aOeg2VNSKRx/yoMFydRWA5tJp3FZtJHWi6U85f2O+E56fKq+KxBD5oI07zSEJtV4wNYAcBUxMwsxBMoTEkE9aaEjQLwBoXv6Vo8AosPholpe2mMHiSBSzQuetkZlLSVxBWhysvn5TtxUbr8D0nJktsBOMKD4iDiFR9Ld4uP4u34rbRAp1oyQWKDy706fv/QmL06tL2T6pMJlvnd8fPv88EdmwIsEUOk9g+QcWHCUb1dneDIAwE3QoyTcyQ7iBCF0Bgu4Wi6u1xvyFHF1UfwKVxgDWqHHCFQlhD3c+wpF4m6/W6P/WdWBxayb5FCcG4DRRKGY/9NDfQzdkgYIYrqQvqNHNM4KXqwMoYE22/IieQDqwi+rYkXZJ8W+66ggH9VuMxYUkstPlkHebJVzmhiH+FirjtyUDd1t7uFBJl9wIeWUiIQwuwrsvAqlRibXCpS5IhGA/Pli+mGfnf81XsAlvtP4nqkAu6IuMHWtnMQwBL+7cB/Za7A3JgVJB3ouKFao30EYUQDKSNiouGlxP35vT38mJ3YROpJlRbl+qLurmSGbjHk4BXYgs8jc+f2koY32tQvjP70AzRlICImde97vRteJdTq3OAAjxhGUtmT6Mqdiyp1KGEC9EItyycNFsxDAeLCcEgskya2LU+/UyY1xqDtC4S1pIl3WucfE4EXj0509oZs/tEgHmEUlmQhHegZJXpYgv0EapgTn3qUR5C7FF5sEgjLfqHkjmaGcoFPYbc8or1zaqaqaubhExl+63epUMVcdTI8g0tgsRMsTyUfGuWR9wAkn07S6FMTOHDE4GWqGJ7xdVKSw3QdIkoYKDtZtnHAbxOx1nHTiKqpmQyRF31FtoreXZI5IKmmloaFCn2yUzPJxqYQvPZ6UhrIT3Un7iji2+N/YtyPjLHK/XPSsPVi41Q8noLiTveomwTkNVxrDyIXX/G+wYQ5cycoM80HJTiZrWfe+TqSL0WywIGV5s2Hncj/OoQk4jmi4LqC8auqrslkjqCr9ibKNNt0bx0PwL4hbdSF2zh3BHfBKTdVcrZurTcGUuox6pa2qqsG6EpCmCskyoT4dwj0ws3BikJZw5kxRFEnST9VSJZQZI859f9xi0LiN3VBSlkdRR4/Ax5UvVqMr8M0WXSpXDpEpcIjgjAlOOHWE8kPYOGQ3ixBAGLiz9CAcJ+gjFHm+NfMz6LoRHFseihJQCqpyY9eL81HQzkb8uex9hWDWzsEO3L5ANA5Xy4BoIIXwC1c1ZbNcVAuMk5X1Ekew4mbX4cS95aKGoMKdA0vc3VVoJ3wCCI2GzH24URcvfPdDtdU7rzO3Vy8ra/uTrA3aaiwUcNoPh+PDl18/vH2Lf71+9mxzdbXarLnIir4181zScorS3CG6aU1qCsvIZbmUsiDeHHk01Pz0uDvu7rd3r95gFAM3nDR/yvxXObN6TUzCI05YpNlcNFe315vr9WqzJCabiuoBR47LRk6bVhOXoWO+VZfyPic1JoMQZoshzkAMuQ29H7xzSpvoOiYBCNL1D4wjBGSlqoyd+F1iYg/j/Sh9uXnMmR7AU0N2aeQEGhZV9XVxNrMBj1J2kfLgZV5KZspMhzOnUDURD4VXEhS97VRWKqFTyqdhjpOeoST8DJdAFDbtVg8ixBNlST0Qid6bZqooFLGRWiEhSqGMk+2uPbbSjSipLxd1vKSPK8zY/d65KWKchPE0PpB5Li5Ocjqef3U+qjFeGmQ4vabLr6KWSTbLJy8u/jo93g+w6y9fbrJw7A7Pvwa6gWeqeNoIZla6qKGLyYdnjTkG3BTd4UCkJoc9vWhb1i9q+cCknFN5hgkQ6Tlq98RJWJJOIoUt1GSqrAlu50QHzjUpzMYEIZDLJpJuP8gWUzOd85rOXZ2T32aNJL/LzDxlHuMlrtZ8EcJFz2tC1fIZjDId7IZzr+KpDCZYApCcLbC3ShPkkz1MHa46NKbwJ1PODGe+5awAABAASURBVNbILJqBE6JS4tLh1edl2Ynf7ltuJXZUuSEGs1NHOtqjTX1jxC7l8EycnAVIvuH0qI6Jo3U05B0RzGmvJPNSvUu13JIoEPqRcSoJyGu5xMqNlvYYrZ7cnGnQSJHVrWlxs8tVAw+IJaakJaQPwi0RWBoLP4qwyIzWBZwSUKL8ZECPrYkgiYjRcoaUgypZmk51T7T7pCfyIGAd2CK3ZDh7FKftyHXlmZvh8lqW+VpP/maS7e84/CMpDfkG+rNqr/O+B/5BrimrkK0HWb+oNVcraliAaNJIjOu1mu9gWXU6PSpHJOkkZzVMx2WR9F31DUyKDagQB8OOzWY9Pn/+/NWrN/vd7vXr1xhkuSqrmRNoIILgP/J2XTcdgSldQdk1/pNPNv/lv/7V/cOrP/z229XiqipXkZqJYCyF9t9++7BYb5pmwSIjon2E1hya7cu6GinE4igvbrkeeGs9tIFy5sip6Gj9laUkKjqrvnVuCn7ILxen28zZ2a9/OeSAU2WpTrv+KgJnRuebJOQpmcGlNRjTNfjHVNvknNTEOJiSJabAtqk5xj0L3xfVXVH+89s7Kooti7+6uX6OVjWpxwhCrIkOY1mQhcMlGlxUotniAlpxAIQCP6PepkQ7VI3RpQuoG4x7xP2Rth8/DbU3p7bopYNV3cdNF/sOdS4qSOoKzLcYmQAEVAGjYYw3QraRL9wZJCGGGHAdjURHpDK6Zyctsr2Od4wbyjHXIskBdKWpnY0Wt1NkR6A9R3rIAFXnzJJQ/0qwDmYvPNxtxUWg6dqEqlmwWoV8vuaQrLOT5quCzxpnT1SwbxPMnRCkpqoaUZnTIvre2w0ydffY5lWMLBjFWjIpLEjDi43KrxEpWD+7ljSO7nAcGQgyKZctcmtNra1MOeTJJNGxdBVYBPfifehL9/jj8P1pW9qAgbbuzR++wl9ffPFZs1qNfBVqhOwsJMDBS67EShUGE841syC11VismnrjrobPPn1LXKavl5v14modQEIcBGitrq8++fkXOHFf//p3I0JAwzh0w83Ns+tnNxj36Lr24e7t7YsXlEJuZSIxtXaaxVNmDrZTgzgbBq40cdkXzpXaxePDnKj/mOI9xh/IpcyPk1lBmbO5vsar7rdbFGwoDgV0kG2CPsb+4aEk2AioEZi3oN98ck9uOxcgZ66yqul3eU0f/Fww1TR5LpiOnIdvf6XsMwWVnEvgshIoEVY+IoTTrNbdZjMe+/6q7QfowhE/VLZtWThq9YwSuiwR+3LaBhWEWQuBTOp0RlQxVNX3ybPnROL21ZdhQISTNCC1otD+WVqiIRK6Kj05cDDwzuO8k8J1cTyGocTTll6700qajhl0TpyxpGFDSGOq7nLy9yWxNIUdM4coxbYFr0oh3NOB5Q+MSXHzT88JH8DyLaOBlCtEr0iDm0Zb/xrzn2CHS2YxfyUoXbmbeZiWCB0nH5q+x+iBunpOK6AUMwjqcemwkIXKg873TJE0YA7wGLVgSvpYs2FO0BneYeNq4RbPC3DT6BWsxwWkGplvlIjQerrRitA5bTnszCxIjxPFsoraZ81xZgxC6SBJn55KNVk3BYH2nDQPijpoGawjEkO72spBdKZsqLSxRaUNxC1YCKtiAYJ/g3WKjhd0WXDEbrhYymrcHQ8D+TPjDi0iXimbeok3GPgGZfI8by1xWZkrK3IVn9ARUHcH67RNEQpXwBKgxXsYEJpEHz4g4n9su4JTfDBEQNhSDbWEOrgoTlHo0RpSGADoYYbFz2bHRik8Qhl1gubkS3QuvuZfUnRGXXQnCIfVnpw7ceenkluXZS/IgT9JuYvuR/Fn+dBFZVvSJdUPWbQAtLEOgdEg7au4RFO+Epx2NLHvMjpI8bBRAD/0BzGOc71a7Q/7IxUwduPAYJjUMaPZTLa47hQ8Tcc94fuROPwYuQiFsiupvHOz8LS4jSYJ0zvfe0jT2UBojCbgz7scFuS7YQGonRLxdRl9x8SKGD9BsxKdmBpBdgrYhIhyhnSEsXDpAKuzQcvLp9wydcrJTOXg4uCozGNkMYGfC0zyy9Br1MnQO4IoCc1sHbsoimakfClrj2bSxJ52QjntjZN/58fZPnqS4ZcUQcxRVD6T5P/NMvYuHYkCQqJyee0UhWOKYuTKMYwseVtRalGHmCsj9/1MEQ6+knVBETLa1+P8JrOUshyRz5TkYxZU+pYudcgYWwwalSGa4BGDVO2LTObAnlFMpr2cNuEqqi6Fq4QBZKYDBQHoNRvDJZQ4qg1oNe5BpWLMAWTRx8lJzBaSeZrmI0igPbuvDP8BNwMrnz5Hhphm11XQATR/wla5+vVpJfLHpWPVhSMmfNXMWhIIhvWKSeUhpQXwD+9Tr5iYcODZQDlJcOGVY/qNp0FZwy3grZ9nretcVtpuOSd6Vpi4oMI8esT5rNOYnI2afV9eZb165H0vaQ8OlFhFxO90Bb5rAsoH3nJczUAljMD52pxRINmiuj6NOiJMdcVyTaXFTw8lescW+WT+SuWRXNcR4VxPFj9ZYtRhZ+QAr0vRZFAHQFPn1aSNWfazNaCw6Zm/MFkF0kCI74XLUmnHDDxfsnWiCCdbUfKwEj+WTjga9QoxZCd3vPjJJaEciuDQCtqU9aqg/5ZFXUrkjak7lCvVVqKAGF0fD/24x/A/xBZRsaas1utms2EG3EoeJXMAvGKstgqlyxvpHObAL7OOjU5W5ygPG7noiDATxNMQhQDPJMSRT4ECFy1GDBV3gw+cahz9EvzCwQK9yD5AO8ChK4dYjDRxeIGSasYilaNX0nY4gLC8oI1NNzsyNNL3xHHRSQsbWe988575+QuWc8YPCBxlodbcnmA6KnQkNHssHCIsPVRtWR2L8hDDnjq9O1wqA4JziDzW1OKPk07KmlNPmkUjGSfOTYtEdqjw5Ueji+DUFyZvKNmDVvmsGsp9L7PuVA3GHwAoyM8Zs64r8AiZ38jRR4QH8Z39FlH/7WG/Ry94sULvYXF9e7tcrQwnnMzIk6sQwBmlwSzKDPVLQFg0nK8q9L8qqndrqSXN8XA47A77h91xh4HqjufEPMSkVaMKMD0NzQvOCOBUrq+vVuvVcr1ermpKzi9EKw4AE72fRC0zbRXcbOhP5jDaDZj6nRS96GE3MHHD8XjUzAkeVs+FPD71tJrKkqc0Du6/oB12pJ+78EyXVcXdA6dkDhP7Mcmxk0OnIGupI1mMYG1umDRFM8w0Gw+020jSCI65zXJHwHHfH9qVTHUwalMJ/hifipNXvNqz4svRuzit5XQ5O2Gkwqexo+Qcnuj9oT0cOQsh2CKcnHDJ3IPJGzSpdu6xnS1yMaOndRgV85z7aM7NrLUMu8gX8LkKjZMSdRf+plfM/gqnf80u96d5xJm3awpFN4/CMooUsfHL5iXlDJFUZPOAUhJ3u/39fbvfd9SDqU8Oo06PRO+9LjxeOWVm+OqSFECPYIVSM7FAAAl+h0IqRGDstEbVQ0w2M8QsmdXkkrRCS1byCfaf/L/5WMw+oF+F9w5gfJ/3AY+z2qSvXzxU1UQJW8HMlwwKrAFp3Th9ngyakZvmRY46ce7DQDy88q2B2JmOPW5G8S3IMzMfRzIZ+L7m9+DwDO2e4CPEpJwCRU6nT9KJxTcAtSw5H8LrqnHaSUdGQv7lr3lNC9ErKbelwn/pBWTvZPcGinqCutLRpewNvUScGdJ6b1rsAanUfAJLNVkxNVqS6ybQSbJSQBsjmGKiR5LusXjKiqoZ+aNpUcvwae8eEPtC6+GoGJR0A1HOYEhu0PdZj/Jc0UYjXpUprVCeE0PwxPwjES4UwkxLJgOt5jNIEwrabkryHLI8W5hSvFwGh0qy/jQhj9Q2OucueLUnH/izSjrhI2YmwB/zkNZhMoLL5RKnfUdcJ/viuhSd7jI9pbpTJnuk0sjRmtulEyaJ8l7hdfFQ53/GkMPblSPu4Fds0ISvvvzq9es3K7LAFr6qeQ+AsimrK13wc5FKrut6FZd39/fHw46pAPqbm/rv/+tfbR/+qd/vuYMl8wlwYjnuiN3DFk+zWJRpdQJzbK7rWiOmKLsWo3S82GIwtCch16KX1cSidlqWmVxoWdNmeD9lWOJHKp7+j3rw4Ig/KfumUF2iOuhjjV4yCnUOgUumAabKoGD4cCjKYXX9anf3D6/f1EWxKqtPrq6LPhC1Ji0UKmOm1BIqKh4F10sGumho9nC49+oo9VhO4R/in5Y6fVdSq9h6xMt2USvcSXFRDAVK+OR6SZKvhPJ+++2hexhiS/3PiZx6lPUNBVOKdXgyIm2jDV6qSpuna4yGaFE0ijVzYK+0ZIObU7yh42LHxLWOX8C/cpOdBk/ct51Tj4zPyR0FnCBxYrKMkorjunEPXqk+KRp67ctGlHoG7SUg/tGJlfCAc7mF7Skbhr5yBLQO2ewQ67Bh1kRw7uMax/OSPMXEnY2qY55d8ZccS6dCEnVZ1yVDigyRxWbNg+m3r9928ejYmuI6H7F2NIYa1bOaUE8axp4zV/DBnVD2KYbPhmgM72h9oqPHK1wqPKJTFsZx2N/dcRJrfPHTz+rVigOckG6YNwtZD0boo5Z9WlNyb86JAU+nJv9tubh98RJDpK++/PLL0r384ovrF8/QQiTx7asOxma9/ul//huM2nzzb78qRlz9/W//8Z+ff/ry+S8///Qnn2/vt/dv3yJAUIZQcpakEF/LBpWphvfr1Atr4KJZ/BeZ/Kdw5BNDxEu+GteccL3bymqnRVeDxN6PCCShkzj0N8+eLVdL6TkSDS82yCAm9vh4IXwSz8xNl+TMx1oS5gmrKSXcsGKkM1E/iIXii8qc5eTUSWKYU5fUQ71ed7u23LTE6+yrAQGQML7Z7yhHYb1ADVJwIjqxthF/Btd0jgWV3zE2hL8u6ubFs2f7/e7V69fEZMAsKKh4KNTHdr83igSiV0GLyZfUrJpQF9yiYweAvpqw3QJBmOwMqwiIqjGt1oPHkBNZtMlhzJ0/SIzwBguIWkgZHNMHY3jH8HprlhInf59TNngkJYleIapot5omZm7cnsxacsScsxQBC+wEU4vyJiQ3kFNGuBIGCkU4mD3bafVL6rrCKQHMa8JfHZUahUtJo9PAOd9yohR2rsHHxYUfpPldTUwhVVkm2n+jWaH7pn55bOMfMXo+DoIV4t9KX50DCidgQRR2dHYIOYlnPJJhE/Gr6KVThw5r8GMJnj6DvGbmfVSVo8Y22uNgwDHejyB9mpUrdbp2U5lu4X+4PIWwflTuqzXY3mjRTBn6+z3BEcU1ioyiknYpSkyPJlIhD0d9diIl2Er+jJDDRU1D0oVG3VIi9A4ok5V8oLBru8jxMOkUQkW75CFznTS1JiSPnulkBvJMvQyJwKjOT7AzpF1iKzRmluZsybnHj/hY3kkqLuElJxYV7trCHKaTz59cBS5xO9Fq4SpDnVNdtCdI949z0JaHoLv+ZBC5cQJZXj4Ix16Unk3cQoIlvuH+uCsMAAAQAElEQVS2GrR2Yr6x0PNoO96sl4fDsu3aHYYRuhZtFSqQxoXmi9FzkxW9KMURD22/6FvchAKLjGQFGmiVvNUo8kwofPjS7l3G7ocdkEMvfKSRKWx+vUYuA9dva+uYilepJ0EUcKvg/lyVqAgCl+V3ZVyA/D3dL4sGFt2UKhepaFcicNRkh7NIHG8d11Ndh5Nyr8hUFIW3TEORpoqf0ohydhhN2YCzNoaqBNnGlJDnMjkNFxMQP6a1n4RhvtfU4FTydhF2zMmSRoQB5JNitwQoMt+VcFQ4lIGL5XK3pUhYLcSrM3VvHqKbhPP3sUTMBBKaCoJrlWOZA7SpIgzSwGp0TOVYNgIx6dikLkB5HSXML2tEqxDT5WUPiCp1Kc5EaiUNF5zd84UHjlZgLRo1WqIJ83xZVIDWU0hgW8zu5GTHJVaHdDlBywTM5UcYQVrNFdE7KySY1uEFP+KSXJ1/ICmbFBdJjFhJRUyzcbKfw9QISWwcue14IehgGoc/qj+0ZN9WlgLqYpcSJzw462jgsrr2OI1WnK6VshbAzj6BYOobStcbF1PrVeUjBFtGbgYVA8yMQ9OW2RPJmz5pUrmS04Z80+NMUGs0VSv/kJdN/zGFeuBmKVBBUbEcpBJYFpAiFm15Mx+BdIzhnJOSuwkywK/3lnCBHNOWTOPAzE9sJ/mBE38l46SlrsBUIsobhixujtRSDJqktYZXFQ3IxFHOceLmhpZz02dTQbZ09xCmE6r4EIoOm2KFUsBgXfpnCrBl/FYC0nIfR7yFMrplUa18sa7KTd2gQ9FUi9rXPAXEjecAZst0jC3CQO2w6+MW3B69jLpsrtfN7U3d4GlK7vCmtLu8rvR6PKOFQrROkobJIEmNdSTi4ahEaiDKWyFp4HtGVwghZYRZ6ANUXsUBYrQUDx2OPt5lXTQIAdd9XDm/QMwouKLr4dj7fvT4OnBLHcIxONmjoPx8WZAFk7kWEhAmUIRST4ljmBSoeHle4o2SOwCyLLWzlw9e204xxwneCI0Yul5oCne+7IvyUBSHqjqMg7Rh4lgcJ51UUNYIhCBGR92QF8sF3lbgDshqU6R9zpQ2I2caiemNlmpdV1Vd+ZTV5t7lUv3oR26OXnwRz3x5Id7wieOEjS5E+7/+w5fHw3G12SCUhDGFullKmI3EOwCcBVDVO7Nm6EYYSYuTM//J7K8amomhGw7b49s3bxCIOOz2lIhwxKgbG1rk1cieDJw/wgVpXFRO9WbkG1CXvfXVZn2Dd0YZJ57YdHBh46oeQF1GyyF2k3A/V4yJtiR/iNx4oHpHKkTxzBGgVZGaRcHBWn5+hpnZq5FhkaUShihZFGiXJf0bpCa5YHpJ5mvhl5VkiOCzywdEmanKAQsvc/n7JKtk22dUPYmwpJDz8yXg9PHZaGRLPFeUo+WXCPEMUSBoFIuoTdxcQYtZ5Snb0HFLIHJOiUGIwM9pSeB8obBuj8cjJ6K3BDUPbBsHUxPsDmbLMjqtGDSz0F06lE7AOaFZPEEfcm/RnejBlEabW2Jzi3E0FXuyKvSaJtftmjHlPdvHjKtj+vEjSYzL2TPuZMnPTbtod59GgClPwBSqmk1OzEW2BoZu/7CjHjptd9zu8cXYdZL35EYx+0FakipXnget92FOUWkULWmJMi+F9M1hcimFyzhXhb6nnad80Pyq9IS8T4QJfnpQSPm1Cd73/nRJxffZok/3kC4K2MdODhnBSTyDlc6/lz7MAJoGjCTjBISWRlrqaEY3CQtOaOgldSxwDx2UXlzYPVIaKTXB6akgTmrI9VEFS3Qn6TmiFJg7OjJFyuB8p2akfsKfACzSdssMZhlGcFMqoEwRl98VXjwde1blOOZd5lUOiHHpecfBJNfFxLHIEUgANMrIuARlW748WL7JfJomnqfpncLMAg31OAW9+dL84S5hSrbMvKahcPBfpTG46Te0Rch0ll8l45CerLQvMhxF8DbT+Qu/FDWHb4lUxvFEci/CXtopOta2BC+yjS0Vk1E7e7PbESAof4oFfpheWumDwJsBlEtJAVlAopLZuw7OUk8uLPSz/fXnkXQSM0Hyoxyp1ShYqGO5Wi1X+7bt/HZ7c3tLVvs4U3aQVbGz3TpKOjD4j5UwE9N4TFdN0Bje4WJxdbXe76+3Dw9v3ry9ublZrMAC9ixHvAQ0ovQd5EbzvmkaNKmPaA60oUZT0pdf/PTTv/vb43/7377t2vvV+hn5vSO3bCE27na/9VXZ1NVytLvAc1LOS1G7BuIgBfn0AsfwAccLzS2g9DoteeAIvTuzBhy4vxwf9QCT6vFpOvNkAuLsL4+scwanRSgXzJGfZFdWswsYE1/HK3+3v/8fD3c3X/3hpql/tlwvvCxEyilJGRgpg16uJZ5woQUG+GapBFTU3MRPACqDt4766RQRgUjlqSKnA0OINcAqxhfrRSyeEWvR/fbrh+PrNrQ9RgYoCCJwpijvQHz4JTV99aIkff7g8pNvOKgTQL7NwB4JyXVKOpEeEC6KJz/00pouamdNNMql9xtxCCkbmChNVfWKMWtGZ7ulIgPHoA9qneXNDZ0HtRZ/WuqsLk3fydxOBfI6u+wrkTvdNHTunnvW4FsLdvd98f5zfvQDnHUJcC5LObV1xJ/gbP1yudg8f4Yf3/n79mE/ovVDwUoHyTDScZyBc4KzkNVVBFDezvn1H89BVnMpr5ywbSVoUbs7fvPb3+MUffKzL5bXV0HnT62o6IREVuVfMuxcIoVT2S4P7Jh+HHxTXb94vt9vt2/fosRdLpfMlUMCnPA1/Pti8ckvf9rud8e7LS6Pw/32V//4T9ef3K6Wzebq6usvv+za46c/+QKtFum8CnMmpL8c/4GPyDnRdV0jKIMW7PGwF6MTjASVGDuOx/sQxPBF4AZAYsnvgajyA+bFUvn77iMd56cSylZGSvusleHI5FlO0XQ0pn0Up5sVIfkPZbNorq/RbNtTl5XA3YX3xTgWh0MNYX11hTgrOclBsQImAxY4jnuIU11HaMrq5e2L4+GAOJmKVU+RMPTd2Deh/EnhZybMJ5SsruiUCOEQIeg4lBiMpHA0yVifIjYK4c1UrY5AxlwSTyzASTZm0xQzrCP7FMCkMCEDH06uB6qPplxFXjn6V8/kKLMLXZrryfl8JENerQaCEYNELLQwWchdmAOtyIp3XYLfUt4JGQdMxRB1+CiPlDlPChHQvJYD95YiGE59+4oqCYRLk79WFil4pykUsqSJDKysRsFPAzd/IYeP3EPnIEUq3EzpTI8vf+E2GYHoC0Lg6jBusQPsjBsuJl6EmDoTcsXWhZTsKeIj40/WBdUgHg7kmeKfGnVXXUzO9Nw1BJ04sXLIVt8slsBr7wF1B9r0eJ7DwXP4cdMsK5fSX5mckMgJHBtY3KlNsI3EV2gsyAXPIMLJkqNAJRs4bl0vgKjlJ3gm38JTVOIbCXkcDdQ4UtBZ2J2zlKSLB2Qp/rNFFd9j5cb3JsOpeowCLk84hV03v4eTW0rXj8IizsgvXZEjQAqx/ki6N4GtbhI2Yt/qwss3rEpQJ2E3/jx3y+AMa5fwGpBgZRQGIxIMKHOXVXW1Wu6Oh6v1ck98Jz0XPAdOE+wKKpCmxVrQbnUtl1P2y+C50onz4zQZBmZB38mZkbei+8i1B2bbu3esoAStJYEL0sOaY64oRarCVS4uirLzXIc/EB0HypHoU7BaxEUQ/JATuSTRRHeDY14NirAirlRWA2WpcZtclV1OZy/DweTmudNbFNORJGqg+G686PTZ/H3cpZgbz5f2iy46Sc2Up8lYG2Q84YLSsr+mP1BLwLrZw67lRPl3Gu35ud77mUtfS/lGZjxfjLHNDn7QMzVrNJbg3DzSk74GmUKZn0/3g9PdxokhcUrQSSvXGbib2wk2wBcGid8JZnJEDnZnhp/+fwpogTsVXylik0SKKj6QPuzBGRkwzJJW4mPToadwZ0NxydIwQlX9+2PL2cZVb1W/ekF3TFeIKiujEqDGqcImGLptFbveZvkcP4HJnLC0OVvKkDIi+Kr2Vn4iS9hNwhkATE65dxyQ7Ss70+kHZC8mwuPk0KaBgAmg45sK0ZlDKyRYhZCdoK0VE6/3LERhE5lObSkEYNW6kIwovdIUndAUHbrkCI5a6oxj7yIC7QcMZwWqA6V0OimplxIhbhChrY4EeY8hPY7amtlo5AsgpqkQaCYqrwkXQaWYbiq9T8KNT5YSyyaYLOPmT9MlnlcIlfMLX17V9U2zvFpuVvUSQ+X6yFE3YbA9jAelbKL7hv/54uihX5Swbha3V4urDXDzZfTjdKxcai4AuTAxpeEwJCyF45MoM/Y/7jnpGSVw/JGKL91z/jlDT93YH/ph3+KLRVkjElEHtKTDMkDdjcXQF+2I2FwToQojKp6SQtFQlb4qgBs3qqnHRjbll1K/jYDav5UUB6/TZr1IvCwx6vzhnGYtafhKaE6KYvScdIIhT/CjrzvvdxH2DvbRoS3bcz9LV4yc88TdmSsqka/qintrRs4uCkIKo2KOnV8tbLPp81SkVDHHiVQoKePbpeNHsu2efEzeSpyp1OkdPnD60b395stfbR92OCYY+HjxySeL5arinilRqwH9ubIy+a8V3Bgq00Av+cSe8io4FwK//XD3cPca/3+33z4g7oixamFDmTdZECkptEOUCcGlfVXVNIv1YnNzfXV91SzrqkHQl+hIo0M0QMQ2cAFbTMIyS/md3fEjNgGcDJowMTEt9DAyDEsEAW1PTKbWV4L6k3qKiKdx5iHiFWW5JsG4PaQHjQDCFIThXBMb/5CsjpjrCHFlBaO2KKLljU3coindJLXUObErzEEUacnX08SgUShYJKVGZrPiBLWK+zJDRrViw6IEJ5IYkOqCJA+YYRMU1hhY6o77Q3tse0rTGXQcktTMLKVM6Uwryl0wimbS1WV22vtcrNOZffxjue0x/2O8/LZ80awMNSNAKTai+1AT9Ic6zK3Kj0knMh4hKtml4ZVWyBT7GLkx4zBSgGPs2/bwsN3fbxFOjJyVhRIXF41j1lnnEq2amsaST6jZIawQGFKRtBK6nJfVS0uvTIw92trRAvymLTVr971W0blv8p6hmUmN73DAI4jo079+/ubcEmYZUnjNIGcKPdGtPElSK+c4oaTn7FyK7HByCfXN4aiTFIwEDplF6VpkluXUw+biA+QOFy+JjFiGjgnCipxxEqj0W4E728qp3jhteT7l6FVkzoYiTnnvYGipGYnpH5bAmqkmRro7kfRxMsTsBuW8yYM2Y9vb/UvVnEsSU9WbhJaSJW6n168rduItLDcx6IpsPunWw6+Yupuor9FYUl4fX6Cdsmiubq5BoU6aLzZzHYOXA7PEtqyGhELqOCCSIp1YCGMetM8aoRD0jJT5a+hGwcWVk/tn5etJtJtwOF0CAB8oxP58mE5yR+jHO9JeQYP15SeffPvNN2/v7nGh3NzcuMw3zrWjzK60w3Nu6n2Xfd4ZhAAAEABJREFUn/CDjhMTL/mH4nn5Ykm5vbj2DofD9uHh/v4ehdNi0ehVaVmJXzgy610hZgf+vNpc4ULbHrar1bqsGlz4P/vZF1/+7vjl7++jW3kCiKkmQ0BYXOy77c5tCtwWIWpRAq5wBJvXZe3qpda1UAAAQTV/3x16YuUchbmxpNvx5pM6cDlA87RRmHnFfznODgDzsVX4JygjK6LwZ186t60SCBXdJH1nwD1bnhATowN9istuJUVRLYKCAnkIv6+Gb9rtP3z7ZdEd/S//+qe3zxZNjeLTh8hE7eJyTrSNMtGcIKVi0fP/RilGYbwWvCCtFA6MhPxCU9V+dKRjAa3pkU2dsSFxjx71Ajdjhd8YYBiPbw/EZo3CfiSukTCQXyGM78ZPaMIyN1lAkGanbqsL6rKGjDKRLHUejCT9dSzYiiorOu8ACMcP0mcnuqySaYI4nPDyxti1fj/2zOKIkbAGHa0GVRWNFaUghLmudm5K3k+mvcDeI0wQrew7cgVhCS2ApsggfMDZ98bHGJ++MZ92wGMnFOfNMNBJZkZZ0U7Ki5iBKvjFeu35+TAEeow7BDAM1gPnZhJFB0IaA3BYHdU2rpHMY+GriPHhIW/pmm5gOlF2T1Yi5rj6YuwOxzdffYMD+llT+6qRDjsxKtmt4yQANABK6kjmTa1Hw0OjSwidqI9I5cOLq/Vnv/jFN7/73d03r8cufPHznzbrFVoWaNPjifCEzz7/FH/+7r/9j7dffn39/NmX//PfF1fLv/lf/3714vn17e3dm9dvX7++ef6cQnp1IXSfXkyHDzUg/nI8emRY1YU3/7iHeCZ4Hw0sb27pjtDzT6nfDKFB30f0GN++eiXCdrla+nmfb5dBHvmRyf+YW+Ynf/1YR8ygXsGAiMdlQW3+MPJk0frBx8IkoRgYQr4lSXncNaco6s0KhWGPJnrbUYOHfUQg7RjGfdcjro1YKlnnxBTKFcdUwU7oKNcHcrQMoK6bm+vr7f52/4ctyuYRHSsqyKjBV3gNalVGG5fqMLhLczEWwhVBCupg0FqN0BmpCE04SMJIGsScPL6YSWO2WxPKfP5JNxfZ5q9BCnRBBjhEE8enoI4223H+nTLiKRLEBB1M34BUc6CfYZ6vAOZBMpoFiS5epGiQBPqYikzplCN31hHoChTd80F4ssSNCpMh4VKfHcPtSDWXIWZkIupPRtkF1FWhkRvoWklA4vrM4IRdZ4bsm49pD5u6mUkMg7pmIGoJxLtGOGMA5y24RiHEVF4s1UPymplmUlapmkCqrtC2ocqx9oh3tGgWZVHZrMD5HCiLEWgSQYOiYbFiyiCKq6BtccBQDguHUogTqQCJdCUXs3E56TgwZ3ohViEl+kBJjAxRAWh5/IK5lUUxHonsDaGOQQKbjle+KEUaImIrI+Xoo9f9EUam47pgZ57/Oi0n++vJQ9uH48XvnryjUFH6wnTOKDg7ZE7c4/INJLFVNpvAuGzR0vCHfD5+hEPuX0Bw+l36KQh0JWI/PSNncgkjRWBYQom5wUlNmsLcTh9GgugjG5noBhYYFLterwbcNP3w7du7gcxkFJ5DG1ve23VFASGK4eCMUzfpvqegDiNnyg0YJJNM7CJtHpM9Cy/l78dgcXKcrJ8TH9OWBxhnj0gQdnWUXdwhPo/xrLocqtFjHKQfXOpOkhapm7iF9SpMkMBOShQKaRp7FGsdBzRGV0jPyUiNukbgeAQNT+AyEs5ncsmeN2ea26ozjBttgtz5xoGPXnwJ53irQmYps0GjFI7RLgoXOsvAnp8qKoVApvZtzUVudoNH2xEHVV3WpzdxxpDxYUcygZzxq8WUwvhIhbebSQ8309juVLrI9y68Bk1l1dYwdn7K16H9mH0Upktz9ajgpKlOFSY4OZuVhDBKaoqlvKsSTI/FH8hA33PbYnqQtBMzta7sGbHI7yl3yc7mCNLhbCGdf8b8RPH1Zq7ZzEGL6RLZTL1nWSgeZSpDDAqxPphGIko3+wTIS72B0z8kiMDlw8R/s6UQTXa6PAwVTaA5w6ETNuYE8XBzjFt/N2cxnQXe/WT59y2EA9PtSmKAet9ppGgKRykq5q6F3LawiLpvtaTCrm2+s6gSnUG5V2EgOb8t+ennv6Zoa/CuRcUx9PuxO4ZuPwxHjKA4k8VeOrB4zVQg7EXPZPXYqSx7Movm6U8x93fMXjSOkxgmWcJvC4O7zI4alnOj2vF0J2xALy4ZJGSbUn/GZVFuquZ6td6srhbVguLNo45l1GUgesVFNTnRy4DeQ4vBdXQbNssSPbWylCpvSZeILhmkZxuB3uVYCiXmTEHoyCaKsrJ7YjchYMo7CocXnoukxQIiOpL+2A7HwVG/uKIeie6vQURhcMshlF3w7ej7AU1pYhN2scagCdEsOE7VkJgLw3vSIYdwEAxYtpz8jSCYMf+JZci8NdpnD3RYwFwGtkTQYATqPYc+kZim4DsojrHaxuGhHw9oeRbUdkf4CgiNq4oG3bamqZcL/CGpwGazS4hOOmYHAd8ktC9uMnPDlApLTojon+6RK6ZzPRUs2iQfdamAkNEx/Cs13t3tEDXCgNZqfYUgUk2ZOoQ3irko3VWUfTlruQ6WlDByXobjIj4A6cZC6SYlVcr53XZ7//Zhd7/dPWzb40E+ydIVpq2pWcV6blJ9FToG6DNXm5ub2+fPmtWC2j/VFZXDun7k/N3UsUss9vk8xeynHI9WAsvXnctQ6OiEuw7HhABdboLA1eQqBZnqwyScfYt3lr5IHXCk4IfojSgHilw2rvwV0Fu1Z2ryqMsxToelwMlrA5ytRl/c28Shcu7g8Cv5nV1qa9aQsljkM2VV+Yyn35JIrBMFp/oJ1Y0lnUyyPVpOTNcittRSbQ6xmyDUgls+MtFCgGlH57ZfEl4wnzU3t+j8+bzqF2UJnRp/0wNf+NLlBfCuj2Qe6alRrTMoijHKOyGz7j6+yf3eA+bFMOldOnJLz8292hgz7cUaXFJmR8kxOZI6wHD3Yd8fDt2x5RU7oRPicXDXm+iF+8dP8BORGKVmTz5fQ6LKoWDmS3qvzLs+gRa8TDduhTtZdMa5WbAmPWAydfSLejwyHZD5TN9d3sOT8uCf9C2YU6HwKIY0JswMy92cpTyOGXmlsJZ4SKie4yg0J8KCmR5HHHZntjSd1gpsskuf36HLUGFzGZKvIZ9RI9IZ2qCMKxe3FKh1lDT73DRLhBnJBAM3WcK5OTz7TYzTmb07Gdxqsk4Mg3pmvY6udpc5VvldCZYcY1Q+HXqAefXybJmpKIlwuiaV/C8JQK8Z4Ga+Ou63Rtaa0Eex1igoZZZ+LZvF8ur6puL8Wec4rsRxxoGP3d1b7tVDKUdMIyftC8egnXqYX45gc85KGcPkKoHccOJtim7O/Q/zkZ6N3TuPP7/2Oj/WAfNth3OFttdqtbp7eHjY74mjr1rI9oNzOHJka52Y/4r8T/6D5NHjd2hnlo6z3i9Xq6t+vNnv7+/uX79+g9ZezYntzA+vu5espZKyT0b6t2aDAVZhhRgxZXl7MgNfvnzxd3/r2/afX7++Wy5fek4dZsZe2m3HYwtuu9qgp1LTJgvUpJNpF6BYrBhMJglS8Isendb+SP3egE9QAKX2axgE3F+Oj36Y/EhvWJwiOmXNvzDsl5blZeML8rRiQa4oczUqm3zwEyUspG6NNSIWQ9Hsof3D9r76+g/Pl01dFV+8eInBc3RZUay2XpuQgzGhib3upBbTrEa2SogJUAuQrVhH0A/Ow2CYH++lMGCNS7gK4jYtYLEsrvBUZe8RrNw+UNCSFDYXW4PY+RwDovBQzRlSgr6lUTJYzEkElzmAFH2gGEMHwl8qzOpgyRxjP8i4kUFfUCsI3Bx4jaEjSy6Ndxa2FuY0SUuM/ZE6ApAHVx20Z2cDVGvE7PdS2RQvGAqiPxLJWAYKey5RJU+DUy0bujC7i2ix9Exuhpu3FNPQ/SDHdG86tmYiuvQgqqGd0IXRgPgp9tis1vCcg2QOjnE/tp2135MWF1PHUGcxEvHuRN168JNVkRwDjbYme9yp3Q72IprcSq4EU/pyelA83m/vqm+Xm/X1y5fkpauSFsp6zlAKlAmFE2dXlxmJun6t3ZKaAezhbW6v8TNf/erX9998i9DJ5z//KXHzCJcPxkxXzSc//+lxu9vf3R0PR8Tx/+3/9w/XL24/Wzab2xs81euvv0V7ZbFagV8Yp+Gf8PFE5Xiy0C9+C/64TxozoOMsxgkfVe8/8X48p8PjxdebTeDWnogB8J94cTH8QejA8Xj3+jX5Hv7lYrmAJ/tZkHyO6Zq6feCjDr5gOFNqHWM3vibbg5GdwQgyfIYuiS9FkkygEkqzraoe0aLCN5sNIpfb0aHbjI5ZHzDIN+yPx9VytSYnmVLEnRZ1aYvrUCldXMHkcNebq2/r+v6wQxmJOCba9mW1wO0JJEVZICB+F0YEXgmLVcgm9uz+4V0iLNsgEsfutalnjSOoh5QNYHLw1JnnsXfOJeJdFW4Wz5RRSDJKvuisp2mc4SbTopzYVJJvYVcKeUxJ+TFn837iwyWrmC2EYGznIJItLRq1U+LpXFsrhZjazsd0r/wsfnIjSQl7y93TRBLH+T4piTMasZ+mtFL/O2pWPQxSfoYys5RKGqtBN8eR1g7OYF1HIgC3ACqnfnrJn4hSLTINzvxZxHYIMuwksfGSVbDcGKKHKHiqSCEJF4sqvPkBFs0VqE4YjBecQXJkMgm8z0UDXJEG5/MiLxitpycSrn+CSBcrNF8G7/r9th3pPPfbBzLNN9eUdyJM9RI0Iqu/EOYgRkXpKoPak+SbShjQW107Mb2BG8Ah9EFJJ31r3Q1iOQ6FqOQaXShipA66WgpG+4NCnRkgPlsb2Zjok+Vo4uOSJ/0pf5HO5eZvKkBoK8xPLTymuTiZoHSDUsMSKUJHODUiBXnUX57N/WiHTFDMxAzkTyS3J5w3bEuTD6sZAlpsnNcjJp9SxpDNnDgu6+pmtcbvt1Qa3e0PLecdDEMEYpiilgBa+4bLvu27Q3ssKgxTaSxfJoDFF5dJcAtLufm5XPyYR7B0TDAvmd+O2o5ZQVhuGS2bkP8qEQEmBgQEhBYY0uoxGtd3GJzDnYUxU8ulm3pBx8nQZYNQ5QpLsKnTGbWCZLIc/lXXzNTqTra2MQPETEc4ToOnjhCcYu4EczihdlD/LWFpwV2qbLtgsbxv9E/2xaRc7DWHoEoiVfQcnFU2MkuyyzUT/bwMCqOIkIANWrxN1ciMpBEIM8YUmN/I+4/zp5bdgTEzauoxjuLZ5cDr2TlMGrjMJtRZymF0+Wyw6IuE8UTUqOoN2VpUaWyl1fMb9vJ50nKyl4PZDOac5hkqUeOFJtPcVCkIms8A6RkvDsgUCrNZE2WIMyNrCZRD3YtPfz5QkBGmqi0JOWQxfSXmHJOmBMGAW2fuk/znTSHwPzE6o+4DSYkgfSx7KUtpuRCA1HCRPqMWguRagO0Zn2XsDrsAABAASURBVG7+bN2EfLdEo3HTcxhRmMwTpFlwarU4pVm1lA1D+nRM8tmfGVRniin7lvjyJsDSI4CKqNkXxWB0aQlI99iCmc8KZr2iTjYs8NlCEFISmEaHVZ53ulyl8BOvXzg/TeJ8vLzLZ1yvjTJw37eHodsP3Q6jW9SxI1A0QtoKeshq/OW+uBlHlCYpxO0sDLjTgMiaiTGzKZXfJJ8q7nQrqXIigpT9gs/GfXIkGylLanEym9rRI2bLmueV/4i3vKjqVV2v68VVs1wvl8yNBbbfueldIb9O7TxGyq4oBu9HDL2vF/X1Ffo+BNtId87oXBISXOLidF94ixEJq4FE94TmhNgaEgsvCTfEiaXtTgHUqJoTH7nVG9VNdYfjcOyKWJTVsiod6rhqcKjgmt7VfSi6UPSxGGhQENdA12ZJvXmIjFU6o8DUL4OOkSkjmNU/SBKMJaHTrHJjKc89wCQSTziybnlfkhFKray8ZCxGyoIFNH875zpAFMhtw3gYUG+WQSNPaC0X6Jg1y7omRu+a+1/zxAkPjmUJKLmNbXT8k9BRcAdOS6oG906FcqJ0fszjxCqema/2btryYt+iJ3E8HA77/W67xb+++PTTm9tniAymei1JhkCPyUVnSWsFS7XRgp2DXTri4qR0nbqh2RwoHnrc4w7u375+c/f6LQWqR8lpku1pobuYJFYwredw/NdX683ts4b7IuF/lqo6UPK/C1KxGCQBAxR/BkU/TqSyQGya/uQuVFo6l+s+TjtEM749HjFuFyWDRPCHQginI1OVFAZCg+Rq8ShJ3lpIao5KZZqmYo6TlBcyxl6AXxleXmohaV7LVhm1xfoYXeZf0wRQbL6wpmXkG2otvckFFXdz200yVuRZUvJKgqyluZvXDlynXSok60jaL8hryUERvcVl+BjvpvbNuJqOBLCQ7iD2lChuRSmqOoWSNfKc4J1Ml2ZiGeZzNHv1CLSWTJ1Jvz9m0jzpmBvJ2UlMJkR1EdJdRRfnK3AyGj/wHr77ARNYdPoH/fcEawpRJXYaKE95DP3x0O737Z5+dscD0Sp0GNcj4IIaZjE5FuvfdCqS+b6YbM50QckoAck1YaVDtV6UM1WYtGfjrlAEyJwiawDDOi6GqXnl9Czzx4H3OCzenU7Q9z2eMrPndwXmZYQszA8Xkvhdssw5hyAwhWgfuAMLp3JSThwnmgzc3ax3cQBtQ6jC39aDnTjOYBPey+7RYRG7mydaxFEU71SNDojzrcsig6I2KtbN7koOUjILzDhPhi7p+HRZs+nV23VO8z+SF5OGPGjT5/QsUR0aO9E0kDn+4wwQSe6GrdeYT9L001o1mYNlTpBjNnozF3Wz+0kWgUvxOJ4OMr45ypmn/ptnkZng8sgY+iFAiQ+0TBpUhqsV7qLlcnlze3t9fY2a5X/55S+IDpn1i2fyb1Tr7bHdPjw83N3jj/bQHbsDMaUcj9x9acC4QOrphtuqoySVwbspCcblvmS+MKJtyVyGnJVtf3jSyVOk5Ps2+SNnfuS1y1gawH0c4QBPOw11XrdRnrw+F3Gar2+ujziFu12xKQV5Ts8Mk0vPAEOIkoaWx0suSCUA94SxNV/aftXZNUif1wjEES3rm9sbtJO2D/ecFdVsys2k6nQQgJ2yKHAH/m+xWFyNG1mC6Jc0C/fLv3rx6vXXDw9vY9wCbCAWiBJjiJ6DMRjhbd1+16wotxbUO6ZHxl/QrdqwkeFrKAJ0I8L76AkgEEdUh7GHohwLKHRHTQsUMhYm9xjeFc8h4w9ddR/lOLnNH/o+nrJ0QeSmfj5OX7RRevI2OjPZ09SYaogxVwTyGcX8wH51HJEnlmmoR1g+LNzv4/H//3YXl29gdfUCUUOKUJAzo1VAYOQQcresYIPYjrxcvTT/o+h9TCxwTMUv3wqMrMSCDafRaWNb3saefOb1As0cRADKcfw6jm/R8cYlSm0EKX+fuYnwfgt+GRI2FTMnTe1vLtJ1RDghGEfklEO964LLI/Ck0RgR0cOX76JicNbkgv7kAz9fsMuY2a2+FyuwgfXb7uCpO0+Q2nD06PA50LETi8wZYp1QDpcmQvM2nO4yFTgTzzNCBLGOAZWQuI7sbKEnI0yk8zXwPdf4hdWXWTms1eL881ODTKnsYd62OOCUV+vVikMX+PYRl0LbuYl1XClzJF3JGzSv66rrMOTF7QJVw4BZttPwmPebPbtTWadQk44u4vs40ZJQfNxuv/r3XzeoJxxiQ6UYaKIPZF9Ilx1ciemcFKBSDs/JI4rmEaNFstqsbz/95P7bV3dvXjeb1c2L51FBmAJvrlounv3k8+N2/+YPXyJEhEbXP/6//t/1aokydrlcXN3cfP2733/yxRer9RUOEwbIMRCYiGLd+4+5bpqEsPweNO74x/KgXGYdpuPi1RN6IZ9wf5TjHS7lRxyiJ1liBBmQMJKC9tV6RYSwXTuy2JTENSLk4AA2iqb7N2/xndtnz5rlIm8IKI7QuzVsjOevZ3f42Ncff5BT7173RFL9kYslmPu16whDNWdJkibEKuNUSKAwNqctCnmQJ7lW+WJVN7fr4bDs3rT4xbJzVTzWiOY2K2qA4jjJz1MiOMqaru1otzU1xQIxkFxVN9fXz589P/Qt1/HH/X6/XFIyCv6JY3hsXnH+OrU58Cl4RLhm13dHXx3rDu+yQFTOuUn2JLqFHCUU/Btcpli15FI+7UFY3yFmijcp/+Romu3nkgeXxnoCJmY+VubVq57X5T37aC6y0/oP1gbYSXZmFJ4l4//Wypfki4rjyl06xDIEF6dgEkdF5ySqkHzNVO1Ccn6kFqZkSwg393RXUZEtYeKg1FIgJx2RfOoIT++D3b6MOa83TlpFqB/xanTSJF2xAMqgrqiSkp8jaLKPB9O908qFBJ7izQ/ERR9aylIt0GjgxCRfePO7KZrig9SyRHXuL3oWjp8CDRjE0vEXdBGJ8Nn3NfG0xxNvQmM/UQvoBdyVRBk0z1fN4ta7PhINC+6RY9+92j44IU5suJaWzBPpFSf9jhijoK0VccsJFprAC7nDyIVM6PQuXc15F1wr64b9EUooKplmel4MHMSKO4sLiAxW7Bp15BRiiUKomLywCYG4aEvM38ycpmjpRJrDOm0nLytMTSN+N7oMMoh6Dy4jRLkk06xEhoMn1DO5HxiWJWNMohv+3EWA05t/p4H1nR0ONizhwtvybWXOCFOdqEqIaJsNBPP2RD8CJ+PpzKBkq4gWLMGE1AGgQcTratFcL5dcaYMjjt5fMahhLV3T6RuIUbdtt0DJyYEx26nTc1qdPwgZ0vTQ8URePXqM3PfH4qIQDbw8G2z9XQLEkLC09IB4EmbioYCr586aowJaqIvqAhZFtayHYx/LoS89teXggZTdo/vX6sCc0XwkyEq0A4kTJZnhHDUEdWv1lXOvCqJSFznbc6C7XMq2tUcD25SSUzABi/NBg2yPaKtsyevTLIVJb7zbystEjm0cGUrV23oWFg4cawlg6Eq6RLD8GtDRVxZNvRFzbjhAgpKj5MLZKMHXJOEnbTq/rXcfVtVgWsUlOarndRx1U9JKHkKhJp45RFGhkDjTh9EpgYF3bnJl0nXkIsZwFlVOkMsHdnWXzTyvOGkmakdQZ0SH3TP7pVwB14PS6IPQkgvpgowUZMkFPOCenRHn0kqB5JHp2p2slaS/03qakNw4IWZaJnA+3i6lpcojqfCx+LQ8S9AhmQcSoo0t6KCD6SUXs2GPKk14rqbGkdM2SpBaluogL6wzH5su4jpLNa8wIAjcBprxokLTBtduMJ7cRUyz65TDJrqcAcZgBZeGQoZFdyXYXE015blBNBtcOBlqyvqIYMMrNjJAQtvN0JhGPiUVIXhHTCfotHIBTIWCLkLlfAnJcEnDpvpTOVuSchUI3S5tk5wNufjmshxFhFHBHgZj427s7ocjmtnt0FN/eyKMY3gIgjNqE1CmcsYzuf2bLcggJHozwzlbfjHbccwwKPLfKv7pv5HTn1UVxqjxLRuc0akpw+akG5PmgoyNzznNy0HQZ4luR1mvy8W6apbVoiQzKmpXaqbz5QdTBUwpxbRuSRB0JXR1ERZVc70uVw0CC7605NxBzW+TsZB0gS0rthiNcAJAM6cpkdoJnwdl1EkHaykuJxJ+RjMogNV2/aGN/ViDX5ZF43wDoQpj1Yd6jL4di36oRiIyRusTL7Coy4ZaTMtQSObWCAriEIdk7NFepWQXY6BXuhytiCG7Wu5fEDudXRyfIH2cgOuhCHsrRl91GFNxcHDVHkqMnLRu7MRiLLlIkhhciFKCbooKMEs5n/TxA24MqIsvmJyRPSZ0ETwqKjSm7lFP1SlP8NPfj/x/J9wgThpreid/MybTTaQl/0q5v22732532y0ujMVyeX37bLmkfrsdLRLpHSNiWqq2AhtjWkLL/MjUDzCVclEXp6Lm8rqCIqF9v9vu9tvd/et7dKV7akwTFOpVe0/6KnK8T+QFO4gYsa4XC8Qubp8/RyCL0qE4Ex73BAvZ0eVCzalNqGIoJMk66XSbOoupyydgUsYyONLOQCoYmLQDnb9eyNrJWSGhUwo9AyjtNUjaEqdqSThY8k4svuil3Q11xC6JGFWpOB2JR2msIwPAZ4n6GNIeIQ2Q8ZHY0qFx5pEuNfMjNW8QyZ2soWw9QMJBuTZ+pMQykK4pdCoQJqRoQCRDQ/ixQshM+Cq8KbRIg9+nIgKEmgY6W49xH4xlHg9HDHO2xwPa9mrBmI0Qla3N7Bn64WeLNp6v+Xj2Tlq8hh9Y9Hn6jhpF2ayb4LbJhnzXZKdmHpcYJ+M3nXF+T6Yxp3tKl4vpFmTA9QMR7Dbc6anefUwzePpL/u/0Ik6emTPzTjAAOPt2DGrqS7Im50vJEuC2LJTN0LeH3f1Du98PCLcJ/2UYC19WC2EX887yoSe/UQYHbPJTnisuWNJfqCuIV5iyAAvprjN12Imn6eYaFUquip062a9ueiP7VoxakpSPNKQBcvkyzIblNN0gDak7vauT3xU4OgGeL0yuQRvzC1htg1qcqhc5hsailzXyIEl+I3OZUMcv/imMJsSayd3wRKSBpILZMk8USi4ldII7WeYqiLSC6HTTgdk2mldhPNL6xzn6BSaSQV3cYNZ+wjmimyiI0h/0HOOYpwuLhWMl0JACxzAZkS6ZnZr0KwtVTMM0GfLR4NLwgguTPZgs6ig1NHpp20Vu8ovyIYlqi9MZu6FVE9tr2taUSKTmttio7OZ5s+6dd+ZOApMLqrMZ897HEEpod0cW1/4Q4luE/VDR1jVw83BpRIVgG+WjoP5erfAH/nW5WKLeWTSLq+ub5y9e4pvL9VIaHnNzA7SwqTVKS1Y2ERjh6+12S2xGPbfsGbXtGi28MZjNpLKUbXlvaakhTEmWk0r9U2Q6OSe8SF6Jc8kn/EjXeloVrjqO5o+J6iDK9KrcbDZijxyPGGlYgoXJidPWvLiUJUodNxG2rqXo08PHAAAQAElEQVQAzq5sH8s8frF73qV75nmWE+1gEsSOSR7quloum83VGpfT/d0d/uXzzz9fX11zN3WQPvHkBfBX8Sm4ITyt1/VyhUsNDYWCgjTH5br+q//08tgd/u1fX5VF1ZQLSlitPJpeR1yIQo8bYbnalHUl/qJsZkSDMKAz9ggvQoOOFUuKb7Z3h8AtHseIRicleJWV1B87yWsU9e3j3ByZ3Gw1xGZT+ZErqt97nFwuzleu6ZsPuaWnfOtp3kfyjnTnO5iEpZ0npqzTSSPDI2c7vwcwRUqnkeBawhlFyQbI7SyqDBm4/qQYYdU11RtY/m8o44rXvln9188+fb4oKDoxniSfW9YkWUHUlYDN9kr9E3KPC2qwKQ10aPi8uNPmeTPuGoUon0swA4LhKLSpy2y9btC+XsJQY5TnYev6Yd8PwLwiRN0ZBAMMfXt0itwq1ad69DEpNtYVXlLFxSYQf2WoYi2lKKIhmP2KO+kwaMnMQ5Za7tGZIfb6lBQ/OUSWJEbChFNZ8U9V06DHQKUoy7HEsJOwp5RFmjHqLiBBlGTw6fx6vXX9oQa4/C6Eij3ZlERgTVTOBc0kl4ZM1rn3/sKS+G7HhS9Es87dqcPs1DJID6GqueBIpi/XqwYNY+Lw58Qd6AkxEYuIqoUGD3YqfsGoMQqhzrWuqjBM4NOlZg8E2V1llrx6c/Mbj4z0Axt1qKpxon/3z//z01/8fPPiGYrjdAaV0xTgI0PMmivLlHi1ABUUkBKykfUELtWwutoMY7d78/bbL3/vy/LmxW2PaCAvlAHc6vb2s7/5K3y0V7/59bDbt8fdr//3f1ot1i9/8QWaGovV6jf/8j/rxXq1Xg+jYGoETKsAhXwKEl6Wj4VLU5YRJEd7c3Tuh6PDmW7MTejATOy/S2l+96X5XY8TfMfJTV687ke8mSecihePjlLg/In11RrX1MPbu/ZwlH3vuU6G0ubC2B2P92/e4u1fxxs0SsGS7iEjeJSz5S14EoR1foNTiOtdz3FJv1w4QPdGdifSsQz9V6AKJPLFgDorK+e2orYkOcVBIfYSho+pAAvN8CNaPuumvFp1h/146EhoDK7xQwPxtqqJTGvogIOjGB9DlYAinFROWXCj4g5j6j/57CdojH/56isEWWgbdn2lNfxeuCAKaYAgMXyqnaTtjDeF3uHueCBEbkV7m6AjMYJYFhj9Y5REAWspb+EhPgXrNYHoJwCDVTOYho7mTMYUWEojLghZzGaQOb7U0HV6L/pH/VgmIc01VI4K5xRKsbid7lC9AxcTGqDYnmkgbyczxBBYLKFVytEDDn2iVJVkjmkIKKKm/mEhpBKcFBXEg2VHFYPbLP5pLAtltwpJc1FBTYnOIdWCRARVyaxFSL0qpH+8mLGyl8nIJSwEpSjZA12LPlcP3OciCKU7n1DWueoql5lDIti59I2HFn02jOHgOlg4plZm04LjDMGBNtOhLwYF3BU2tGWffH6Gbqqa6kij9N1D3KFlihFmsbbFknwMuze5U86XpRtuyuqKDJ6A6v5+v2uppu8QthyoLIplQY0AlX8l6rR7J50QCXwUnct/DUrm47RFHVHK+GJdL9roEBUhNDK6rdpldAdM1x9hgbdAiJVUJnPliKw/xZh45/Jf/LT8UskMwASPwsUao2CLLs2ImmSm+VTF5wlbEGw+6U5GprWl+40pG6+45H1EHRn9BX9FbdvvDngeykEFYaEYzdVJX5prEDObMwtkOvL07ierk8cpnQUTIYBVUrYdJCSGJkrYErzN7qAR0JhMJIafxkkCBd7AODh14TBAtanKm9USZV3bH3DscOW31IlwgBG9wsCAvUNPsuXG77X3VaysmC1qMlMKiCoaI3etLUbieU3NpcNTnxqLXutjywsSIdMIg5zZstel71bhVZzS4xYiW1E4FcT0E8S9YYuSqIMwGLgoRjSda3SYMbiGQ9a13C8A1MuV1csV7VQrxgqWS9vx/oIkWATnqetnoIDn4FFgADedknE3oEeaD0XnVVlMKK1OKWd0lYUKtOBSUD9lwWXjIdMuM686RgWZ/lXHCuLjwOskpkyJ20LWwJJw3guxA/VI7YNjwVhI2lmcYBanukwfTS4Q7K8mHIrFcuU4PqT1Brp94gXalqfYS3HqmjH/Eqm5kbviMakauw9htKC5puZEG0AQ3ZtISjhhC7RrGARdY6MNbaqU0KmzS0sJYTlJbCZonJdAU6AXZ9prWqroJJGuUYSlfMX6lzEnp4pUSmtRW0Dj5lFayKjkkcdg4FP7ypnSlxsNUnytbCOqAKf1BBqqZ4UQlPSDaDIyk8PUpi0fkCzDbO1Y+eOZlBSCT0nh5aCdjSCfx0YztQwYnMYYlZTU0HAw985WrlCVh6mpgfh7JmdkzpQRXjvFaSpsjMnOycI6whUhs6XniTYVbkplEJBB5sYybWm/gFPeDlbZaQQmiaXGF4+Ay2hObPsozQzjbCJK9ZBnjkSlBFr+GpPicSnjRNJNUI2VPHmVizXaGKMvtBKTlxovBz8Nu8rtyDaNV5VGCy5oC2UJsrKLCzpfIp1l6dH2cLGNYTd0D8NxG7p93w5E5yaECMLh5Jnkgtv2FNY1UFB6foRRDa5om3RCMKbXIeqG5RiaSxtr5AZlMmXBwLSotxnVcGbMZ1olNr+2ful8IMtFl1oV3QrKDVTrstnU62W5wN1TsGkjZpHoCN7UaGLGLjqMK8QhtB6Ope/RUHp2VWwWpC8K4GreII4GywqvPlfMhKneOs0OpZvgFDC1AUYWBuZdr5lejHMrOHTOGBIT9aM9iQ4QddUJfY8zV7tq6crV6Kox1EOoKLEy+HagrjpjLMZQxlhXvqH/nNcUXrmTyCKGklYxUEYm9NDKvgBrPCxBebX5VZIGjoUXslJFM8o6k9U9UqFPMUB5dLCLfu8rtC13Djo8T0G9vFFa+8qjo7dYUcylWpBpTFUEzLitdqMmY0dpIBXk8pFaTlMEnvJvbD3LnkjSamom4i4dTzbNkhv0ro9MeuEJ59MPx6w4czpDjCkWxPkT+v5uu7178wZtMASIrm5u8OdyuS6sLWwaAf4qc/KrbOh5RindZCQCO1pGVUV2HHdooq/fYwTizdv9dtce2u7Yd4dedgkpKKGUJtOGy2BEw0itL2oCjzZzvbm5vn32bHN1VVcNKYyCvXFSjoM4VyFogI8fz3gLvJAhp+aDOg7OOQWw4szOjmb5iGGJpx84i4Z5zTiIM4xMMUKbiwhOfGITkSCOJs0hIttziE7OyVWLhM0yX44kapCvD7Y5E8WIChFzpyf9E1JbHhbWnAfmGAkXihHOvLWEE0sJikkZikes6azJJ01CjKwFHKNEjsJfotJPDjI6oXey6DIzK1HuERQq/VVxUCASpQW3ycRR645dR+kmLZfL9ymVNpOiLmaUdpLMf7KGnTtxfGwPTodY3XIGmPR/ZvnFyaJNnxQtMYMrs22d3hldlrJ0ekyK0p98JEZDPFwydPTqkH9GDzCr+eIGh0d+F181eZn5PyRGZ6eaxKnqVicCwE1fA7HWmL6I1hQQMNIPLSoIhAQHnEnEkw97p1W1TFsljphPbf8yu4ITsnhvSm6f4u2y8mm9soygilwmtqT9XhTRmC/dZFQXsyFPDjE4Nwui5ruXxZs/F6czLz39Mv/3ZPyjebj5N0+iaPz3CC4LjmSnMhgYgqmbyUXiv4GbYh38ZCC+tIyokHUwDCXt89AlHAdqU9UeORNooFwTYgujmn4KPesZiPXZSwKE+hqSFRSm5zlLDTnBMZzN6MXlb9+COTSlZQ+np5GxVMNJ3swS5nVG5UhLF9JqzW9S17JE4iZHY475aIDOtqFtRLGLcszFTVeO07DA9PeJKSr7hvHepSEUkNzPzqZbTqjU1MZ3bvo/r1IbQMnAE5cxpuFJNCpKtDrd6AiE17PFSkYdt2JgVxo1pmCfNNq4Tg7b/Z17nW7Lc9qjty5s+LJeLNZXV4tFsyQbCY2k5ub2er25XtQNd5NHONSjBXg8Hoki5f7t9uH+cDjsKDfluKdjJ7xoGHtrGmoYh0NBndT6Dr+rhrhBNn9+7XUA3J/IETnmulgscCjv7+9xiBdNU1Ras55vAJPBnFQ+EH8a2WHUq3JSE6aiPuYBjDsjRI6riJnnd9uH7bflt2hZrFbrYA0mNFGMKqmECILUMNGiYDybWdfa42F9XX7xxcs3r3d/+P3r42Ff14tuGAutEiQjfRhA2vMtYUnBbwEa2BVHgx3vgUAJKG4LHytiWvx6e3ekmDxaIiPZmQ0Gcao5sKUKx17mD3b5Yd1fjuwwC+Pi+7MjOSTuOx6SLmUWPACcX+/sWqKNiKGCQhmxRHd6fF24f90+rL76aoXhuxfPbigjSpmBKf1vlHgn4Wmj44xxUNL9ROEeY0yQtDyOGCQQmYc4KE4TmaV/jM4oMiOGZdBy/rReENVxWaCLMG73A1rLBNsVgoIEaoQAoT9KLkbhKURI6YQE9OYcZRGkQsSNKZ9RiKqAmEvpETDEGQqiaJTuuW7QPjvSBJQENDOsgMd4T5eNs2TLQDITxVvr9geuEhCgw0mOC/5SQW2NjeM5NgyZOQRiw7GHEjXKyYkqlIFccjXRMHDTHVQVA0sH8Zf+GNvtwoKcDE77u669KB47jM1qiYPORm5ot/IZWTIK4oEl6Nkc0fvUCwlajnJykrWT/Kl3i50LFqqVtUkGEq+KEO5fv8Gljs7x9YuXHgU/hZVN5tMHRsoYEXuQuYfV8wGBMg0gcALHU7YyWgHrzQ2eff+we/PNNzghzWol/LQoi8u6+uQnnw/tsTs83H+DM9h98+vfrG9vrp4/u3n5fLFa7+63X//u9z/5xS/wqVfLJdfCBriQy/ydDvh+X79wvFsixTnNVa5wT76YQrPuj3U8dic/5jG3stEupDwnB3fhTde2AmQIgO4Yauzb9v7Na0FeqM9ONtT5YOYPCPMEm9z+cR/hvk8vd/I+cMVzVVFzcEKKHQGKkkIrID44RYVob3KxO+4lBIHQZG8PB3R9F1dXw35/JCa2AYZ+3R43Vb0imKgOUUhMnCSsIAhF9YWUPeKYz6q4ub4OPt6hgXX3CjcgVwUOaHshXCkpHEp2olyJQjVfcHLaSNWDRbeoEKRF/1uBaad2o8ZBgyJPTuN2JmeSJxPNW5XhEAmdGjCISwgmQJ3qR1FbEw5XSBchSGfOZ1C9yszvka9GfxLKzqD8fHby6UxZAvYU059mX7Sor8sKVGKcnZMnRYJtIKpY7lJcW8rAQO8sKIwRLLNO0EHglg4Is9VFeaRWqAO39aMlU9SkkYVJ3YubKzZ8pPDtZrnax4geV9QS6JHZlekYc+whf/Y0p/hJKZ0jm5s+7yoGYjDgSs2YOAXQtpu3F5CdLZrm89mbRADOTf24Lx6xYtJEVITj+JyTYz7CYDCD5x57i6K+IdTR48LsqLQBAw3t2/t7vKVPbp4hODSyl0xfEqdWrNqiMgAAEABJREFU281QTolYFiH0F6eJRpO4WOg7IwYwiEGNWvpJZhA3zKK/rTFYX3IU3esKZUUJaQAEQsGxI90ILsOL5a9PEjVzqQUnQuz8zVzuxYRLnimgk4HNGKK88F4fD0cEYSmug35ifJI3mz/e0//0YQeLpoKoQBhgVhTRJIQ0qRo4U1XSvtykeS/clFRSUfQKZ76qVsvVZhjXx+PDse25uyBC1ChJSyilcJKIo2CscNUhQl3VgXvRipUu//fRAiW8z2N0iVpguvITjnzUbSedjuKJoklTr74FuET+wnsnSm8D5TFhix0h1Qr/V3ZNhEUACtihWukHX1GGuS0zp88mw2zpgUTyBJJHw9KVC+epEHXE6Bn16ZGYnM8CqOCMQ2QuulWSBKFaxTNT6K7I3epkq0xPezIcp8aMzviHqnXWwjae/CsFAPHuiglwh7NbmOsK+YweEnShsFAI0u1m+t73MPzO10C6f8k0kM7Z6m+e+kQywYKNOsNko8kKUeaaz2bTmCnC+ZUzd2ESTRO6PyHvKaswpqQCZwmk03C5kw0Aac3kOylJQsGdmTJszBm/k1TUQNajskj8S4CMDwPsD+50nCcX/uwsaUDTCPmU+Q4uJamcHjbswfIZYupZ4N53RAsABmM64XeDFNUzUME2MxuZ6qe/82wnR/7H6blVyMwHQSWx7ISLttKlK56eQrlmuCxnkgJ8Sgsb6ddkxMByY0aJeRDAjUhFUTT4k6Q25zxw4CT7pixoq5mW3BwAn0E0GhrNHzM3aSVDgfELjKXs+3aHAZbAln1IeUsQNNrFNfl6AW2/4qx+NGpwUTbPJWlghorK36gpDZxIFVJ2UJA+gipgswIzJayy3FS94jS3uljI1ifMqwKoCSaFVVGtqmazWC2bJWqKGLKFnb6R7B0OOaNpha5aj8sNsebNCjCoT3QzLPe1hZZwxOhTpuElMxc0dEdBBm5VQNzpGBjvqN1hwVXmFTPy4mBSRLng5iBE0cZEKLv90HZ4/xhTWFf1Ivh6jEUf/GHAADv0/N8wAlUnQV1BU1PnEOmYZjYBcH4JR7ApMo3WZSuGn4JgUmWoB1nBozXTIziQLEXacRQeL5g1lmgjC8pywZ9Qdr5sg28LOIA7xICjRByCbDmiSblYL1frVYNjfYUANRH2negYERFWUqyKkZo8VNSW3hs/j0rjj2h1/TBHnEMQSQ9Olu3cDIrsK2Ho6O3r1xhHwpjB7YsXm8116h+XFE06oYAGnJZEpYAdpS51wI1j0Ngr0A2uaqZZc/vDXs78+ptvDrsDr1Wv2bNapBQZkKP8Ei59IcpVEqtluVg16+vV5ubq+vYGoy2irdhMCslMmCEPcZon2+ynYjZ/8Py1lOon2pfIFCBDR/R70nxKyvGkQkwkTpG6fliHGhWXw8C4SuDOX/SMFe6IpuGWOiXM0aqkaoNRcEWriZesnkxzsBjmygqgqksqrWGGE046KXwWH02PdtqkIx0pP4U5WSH9iufHqWToF6iHGd8Ed16nR5A4pTwXV7VL3wruAkl9Gtr20HLeCWWcECsMF0LQ/XiXJfw5zaF8ZN0+tpKzp5uUZYzJ7j074fw8mVyOMV6+4skBT/njmREtp84v7TKtkOy0k9PFCO+6yqU/PfK3ZCiptenm2yHmlrYotiCJD5Hx/UgddA7H9rDF2TzuDgiRMd+VJkM4NsU4DgJ635CkCmFYTADnHaRuaLxhWEmR+4u7oGmkJEwUdzRPLN09aDXJqcqG7J5tCDKZJujTx5TP4C4xIVwyuOLsCZxz5p+qva5ejMYdRDEn895umtEkZs1ldkvmTKLqpKAkE1yxPHREaoK7LQw9vym9/MhW4VGX/jkZTyHfh42ksorpLWd/dh8wOjMMxE0mzGzJTVvgZG5mWsjeO79KTrANiZU/zrolTnIBkpNp9wS5vTYLij0iNuZHjM7Fx/94ZlVOuexJ3s2eFE7u+8zSn//2mL0BZy/C6TvSljy69MS0qsi0TS3tRPF5HTRK/JJMlHKxJE4UypIs6uVq+cmnL58/e77ZbG5vf0G8KZT5QM9+PKJ63yOkdzgcvvrqq/s7Onbb7VHKL4k65cjs4Er38ueXdPKnc0QtMSxwAkjPbnf4UxKIUgK1y4S72hAY4HQD9yBlbsOkdQDSpnmvFnziwSF7imRTZJG40caHvt9ud8v7e1xSzaJxgtBbw5+RsPmRfRMQoh7h20Fsve7RXG9efnLzy7/6yb/8jy+P7ZuquS0xkhrQuyg64l8cwJU4DHjRBXoDFdllTEdH1bsYe+nJjnSrQLVcREYQ3av9w3HsyNIHIgTHv3Ib0cJSks2WVNTDzfQ1TLNgD3sqXP7YR3QfZ9q+0zW/+1I5H6IEZtkHnnTayY6a3gGJWUaT0aCp3xruStibVwJTateKmDOsF/fD8C/3b8pfU0rGf/n0szWFXrhfJuV5EnM77paeI3Yxam/YcaqPocNq7vXXlFIgnxk5v49KEsmFZ1dIjTJKhmp88Xy9JNJ7KtfycffwBpc9ZfwWnpPUqQ2FZ1og4uiUrc1qXeobLSrHvpCmZTinZVKUU8B1VuIWcF1w4ZSXUnnDIuedKByAGwnDUGjBczaxTgoPOJhnJEgYaQ/oe3UkIKV7s1zCCJHNU3TaPXmavKRDJQx7tni5qWeoa/K1eChHmjKNJ4kj+qMdNsmmja2ujP5H/SvQYSaKfDaRR2Oh5DBvKWZK1HzhaLKW3EXynoahsEcT+R1nVz054DFDBJjwXDOKKSNvvP/2a7xWWdfr6ysqdqQWx7oXOLhDkWtqjUoFNeyRGouvcXRD5iPRAqoXTVE8b5rVqy+/+t2//ttP//qv6uVCViJ5jBBuP33Zdz8Prtu/uUNk6Tf/+M/NZv1/+b//35qq+uV/+k+/+9VvfvMv//I3f/d3lLrUUTrqmSyJjwkKp8tcM30Ni1FR/cc8ciTFZR71xY/FP27eiZsP6I+pmC4dYsSvNxvcJvdv3uIaEFBVBDjihajQ0VLc3t0zQPx8sVwwqhIAziz4s2irs2dXcGRqygO5cvkoY3JiZZHd0jSd456mktgHXrqlACSxoWy+XHbuCRxbNOSzrYjsxGF4cBhb19/H4dvu0PTVTUX1egV/J3LROUpl3w9cMIjb1uO19rtxUS/RKN/ut4euL+sSB7AcSqmELYjYRCs4KLmxLCgVgqEatpGILuXYdTXBm4T7EgA0TruJIwRcpsCNU0FKJfRhYjRv0rBdFZDJvUslXtE5yNyPaVPkW0bxaz29xA8kxhj5VGO0VgswjTtkKNpFjz9OsBCAiQwm24vnszn7YjKswJSVZPCIOJoqmWPwWq8dbZwd5xsSPQAFar2fgY2afU8P6EnZlaEamRSaMoqoUWRZ2ow560bnuLyWzlZQTjYi52DZQJTzV2g2IZxphpl1GtXtHURaDT1fhPy8QKwJRNZcRlXYUVgemMLFiXFlrMoAicWOfvXMktOg0U5EJxSAxWhAQQ2DrLUcXJ6XzJimTzS+hNV6ZDb1+92WOkB13duH+xrHY3ONWkeYV9CDCWbLARFXRLYKIhHwoy9AUwExzZ4qMY/BFReXvYOh7/Ap2mHwLd54KyYLtW3uiga4rlRQUV4rnNmjt8+dmiJI0N1idGlc5fVjiuB8meWYiLpscIrGuxO9yLYD08O4hIK4tBXSQpnPe1FI6/aSuoseDkuRtFYd9yhM9h4BaZvAfb8jv3O6Yx+5v1Im6hNywtsriuHiRMbIqCk+mC18Np+0UQG6u4umvgqrq8P6/nDcHTuqTmZWlW4cikBec+BkbfwVV0UXhjpWpYQVeZuLJOJNAC6zidxHPSA10j4FkaIkZYZZf4XpOXWlUA0sSENQ1A0VoquFqzA+VxXl4LohcGmHdg7widxU/VxncU/OiVcpRwIycPog+swt6hQilScXJCYPRn1kq98CbszDyXPqlJDVK0MpFAkiStSfcE878qGOWerbd1XikGecqBaw3DnOZiLu/pirr8duiH6ErJW7SCr0oDC4wzSHzDiYCd7vtFpOnjddRX5nmMdLDXTNfbUTFZwziBLM9zrDNWNuKmebDOKFR0zfOfuy+j8nxljM71aoKySBPmltynTFlSqhcnZAIjNrwOTUO3V+YBq6XKL6CyWk+X1kL2CuYvJhPD/DTHa6Rz6j+QT69I9MqyoLvuUw1wUJnXj3oUra1LvKO3usdJ+mg2J+2mkZuMllihY6DHEKIroJoI8TqiC5AwCpilz/ZNed331+OxfGISYlLIJbOdXAzEZnik8phMGsPtN+HM/gBAxHxTfUV68iogHPVcnqyOqdCH2y2YpgXjRYLYeu3NkCiPZDNxcYUxMaQRjgOsZxP3ZHDINigIXKfyQtL+lNsF4S8lA+GfoJSo22BDN1r4tNQzWi5SEoo4nTNBMjyAlpY6gjrrwmyTwQLSd/GfMob8yiiKhaEDLFUNsiwlVZX9fL62a5Qd8DzR1hZNLPKoOHmbZ0k2g2tGg5uHAo0FCty2VTNAvEdh33tkjxwlzSzIwcm22xjHlX4mii/OqoezT1N6C6c2qPrrPF7OhoRXY9gV+ouroBcdumqNa+XqG9PI5lNxRtKNqOXuCjDURwgrFr1FDcxKbw6TkYxwNzvBwnsfR06YEVIUflo3Ma+nBgxb+ah+OFYRBXHOVcUiI+sDlPZGMlXhAt785XR18h+rwNYRvHAzV8jCNa7h5Rl3KxXjSU27OoGmpF5Ji+2/adKnfmNpEEcjF+gKPsZd3Uwr8VL7cm/FM8klo8kXt5yiA+YIcBC8qqqVCNHahcmeqVEQv6yc9/Tp1fGApL0b5kIUuAQ84mDBZ9N4i6IN5+DFM1DfVFRaegG3bb3QFd4u32sNt1x2N37IUAKCr3qHklaTNSBgtVT5UYlV4u1lfrZy+f3dxe4yQKO1qczLNRBJqHBPya+M0FMag/NpESJ31ks5+kko4S03XIM/ZH4m6h6jviMxOAduICMedAhblEhKWtDn89mGNHxn/VCM2J9NNxuT6N8yBRZKRFX9s6NaYuJ2pV7oRuqWR6kkLEoNZn5pOerwqDEGXbgbRgkHGSBBKJ+ODCwP84jOXD6NK84wNUzHXtNVFAxZQwOSFehNNNbXSOHU49EzDg2I1Smmx6LjmbMlMQM+j5xAA6Hx/5VL6MTYFmL7MlD3BiRL1P71/4gFqnFz/4YeLgfZGip5z11KCaHi39xdzhfHRkJmMKigfnLdUI4X1KoqYOuEN/7Pbbh/39A+7ZwG3QMBrDgQfWIRMXyWS9RpHtTOUOGrj2TjpgMbWCbB7xhYndhCMdcsNyZ+rCgEvGceqhc2EI3WTY5y+mteQ+krROhDXzIXfzNZFfLmY2jZtycWR1BtHGCrc6pdSSb0t2l8BtkZvejYyntEfK+OzbjhIGRAoEhgJJWDJFF1OrTyRx7DqCZAPbnamx5+Z+1UdSaOw4x3xI5qpnevkOfzFt9ymTPEMr5x+L8dCWHScAABAASURBVCw/Kzo1/WKcHjrdTG5zxpMzfu8je9iLImv2ziPuT8y+7WbQkovT7Ln8HGfnOasctmqGaNRfdEjtfCT1waIjWFa9ppCOAo2iPcCuiOM4KDAyTRYRZU/WFXGEV9XV1WZzc319tbm+uUG9/7f/5b9UXPqJl6J8w4H6qzw8PLx9iwjiPf6HVsZfkk4+8BChK8sIJ3C5XPbHFsFENC7wdfpMwmVk06dpHaQZni/AuZm59PFvM+IKoL4/iPN2FEba7Xav37zBVdM0NYDTMFJkZscoOSLiqpKpX5JzQcLvcNjib8+erf/2b/+XV6/u/u3fvrptaoJ3yLuo4hHlIiJq1DEHnZSio3YlnprKi9In2VcXJWUR0EXis8VGlNar3bYNzFxHfRkJXUSrR1gflBor25+Zw/joEf/okcX8+KEvHONlmf7xjsdXYoS8nQa/M9FkZV+ng1ND0kTAXMRLfSowKMGUq1DiGj16+MN2N379zapePb969gt0OTynjhM1NJkuzGcuHjNX+HG8KufJT25AiquZ005KveQSZiFfDZz+B9LwnDU0GttrT7kvQag78cO7h7cDFWRiUBKYE5/KPmDgZetdWdC9S3FzdFaryEWJYEz4AOyriBsbrdBdbD3GfbwaLhIcjVylJ/njLDoqikt1fZ53kmSJE3JZfgY0EANRPoa+7bmHKB31clH7xvtC72+6yXyq4NxOdya4iLK/afAXatzIPd/M1lQ/yv3gx3vlImQ6lf8l4sdS6p6Y8ICGtg2UDcyYhtPe8eLFqWyWUxnuEILTnKHZn53ZOu9lQE13llGxUqxhj+r3629wHTebVQkN+4aCn/LwM/8miJ3IdnfyGEyIpqtz+Bmfc0Hu6+b25u7bV3ev37z8/DOM6bEtRsTd1aq5/fwz9B1w+o53h/3dw7//7//95tmLz//6F/h8Lz/79Ff/9M9f/fb3X/zi58Ygnd36uyyn7EWciYQfUfCeH+cW3g90e+/QOH9SA3Jy6B73vlksq3o/MpgrrNKgLqgHBgf3D1tpqkWNXx6PNsEEvus7J5CB/SqmkPu4h/g8kWt3hNxP0B/8k7RPtg9mBeuUb1IwpWyx3KzpDH1brBYFaYEw7OJd3xcdrPoFwjpLxObwOwPF7yLLbYSi8FEWZcWpJx7FNO69T19+gl7gr3/7GzJpPEZT+6oiTjuEXwqKqsYCQVBg+iJE7gbx0CnBAOVT23ctWvMjmvYNVX6DVPVOQTX6Se4YhLwiOUuChymtw5wN9sC8hX6n4RLH+KLy5mNGXjIPTsKsJ4MD1bfRzeV1QirzSXK5Un7CwSAVI4sqAidkPdh9yge1IQ0jH1RexkRpjpNNSW1T0on0NcjvXOjgyS5AQ3dJWa0IhbeSd0JN3Jk5+fxORSwjfBjq+nhsBaYGYvxT7SzU6PnnBZ3hp7ah5TBPYG7obhyLocf1WONqoPuqfEZ4M2lw6YaZ76ws4MTZM07SBwEIKx0DUbdIAo14j4/tO9mT3DqHsm7xwcflSlDX7X6HaxkdyNf39zi+t5urRV1jABwkj5NbNxABbogZzTIlUSrIG5miy1QZsQNVtUTdKWRLxXE93RZnzJBRQR2d3aKoiVRNCPsl+mkNBeYaWdEqZ5QCMOWrTzhnruNzxy0/j86RjbbL3TdZ87MvaN+KafzALhSt5uvMpmLQtuLu5i3+2iA0D5o1bUG+C5d63zFJgg88Ypw7WcAchFNIJvsgm05cyZAX1GSjJh1D0kw5y6QgMdfUzZUvnnfjvkVw8x5/8rWFwCOMnkx5Sq1gS5u6wYe6LKUjzCRYAktElOcas3DOwUd2u+CMpDc9Pqcm8wST566oVyJb0ZihxKc5581zdgiu3NLDovId8WVxuF8KtxMwoN8FlW4aHIaR4WFpU0V0g2EsRlcPBUqJMbDKc9rX2qYgyKBrww4TtyIeuGWP+PYigjxMLdc//PgIHjd/m105J+ZvQgUvaolo0yP/SlSMwzoktwuulnGWjpDcw4sa5304YHaPOZhDfZYIQKdO6sPAl9Ozgca3kp4THXPKGZ+EzMXBiNnn3Dv3NmT3HS3yZr/On0s6wSuyGUVVCuLjpOusWRJgIfRTMy1qqgSc8mFceITppW4SSDPC++VdPtT75gIuvJIJugDCpihdmDoWfPcjm1E+q1cFkV7osEZLHFENEhWSmO7Xk8KP6QjO5SFPLTeUsI7MLpg/CGCSDiAPb+hXs4Wgl5pu3qlROIkKMxKnd/KFM0bN8QNxiiXjhDpLhogCrUJ7KZLtkr6vsUy9WMzUmZNBSg0o3GnRcExNhE7vg/NZujAehu4wdkfEQiScy6cITguaeXwKoWh2RvPh3BSsitGMj2QYOJj45TWEE7TnYczTTSbegtwnNttZ8l4mryZOE5I+5tQiYOOPSPUc2jawgeq6qG/q5VW9XBLvQSHNpKZBAY2gRM2tpJOgCjh6PyCus1r4Re2EbRc8zDbhZJScSGZ8QI78ebaN6eEo8Rdt1kJ6oRAi7exupa567NuRck0Q2R1r8qSqVdGsnK+H4I+Ua1L1oRpCzWujiK52CPP6pkJcmEFcJwmT9AgFjT8TBQVyKgeiVxkLW+bC8y4xejdtKCdmM0U8mFqBTUyS6ZGVKlFjuWpEzNjXnS/24B8iPMSw82EoYCD+MSiaolkvl5tlg2broi6bglNqBw9uJjmlp47sSfYkPWsUa4CS/KfvYWj98Me5wZZep/KPaGKcWMFQZYaAsaWubZkbf1iuVuurq9VqlQg5mbIAjP5H9am4SLhEOm7zHbnRDK6hxXKJgQVyeCl+3e8etm9fvdnePxz3e1SVUqOfh0TcFJelLVYIKApE5bu5vb6+vdlcrVebVb2o2N6zjm/RxZRTCydhacucS8iUSlc3leTZZjVpmsSvslZKaxhGZSOxXHMzHVz8jCRU3koKgzabU2kQOdNkoPYWKqUqyjXWg6uM9as5MJL7Jvn7aZrsZf40IDURQnBSlFNRjX6EM/7dqXOUVgUIQYtIDkObNWOGiEqInqQTaJ1PXhiTCh2Sm6JTx3jRyJ3kcT0cdntKOjkcefQYTVUChjTsSR9O3fRO1cGl49xlm38jrQFI4we2b927Djj5JT76MXjXN+0+Hr1MTmxz4ZNPgpQfu/zlIh/npr3Cb1huaFpjSj8WqR8LWUeoDtrjbkBRsLs/3D/gr6CMrF6ISlnRax6Vrltv7DhedxmvLenUzcudkwV58XOWCe2jIvGjJKtJx2iyKm1K32euXdgbuUXsfsBjkiAXL6ZDHy98Q7y7KNgT954T85KDN5Tz1dNUkPJFJ3gcUnpoIHZY60ZDHVOLZM9LQMOZL+ligBOnPnsd3SzscbJ0v4c3lztTkL2WC4FLzZgufjlnB5niCkrLyH0z81xefHvIbzxOAlAHme2+4uQ2pk/MzTX3wQ+d34Lsug/++nQzJ7dbuEvzErWUPLP8T8sWZK2lkyYH1iWZH4LmlwthI1qolF6ZBpPXqYCg3F2TMkzhIKuVSQGsrRZZj2jcrpabDXGSXV9dr9brxXLx/NmLn3zx07/5z/8ZT9VxMuNfkk4+8EjmlxgFi8UirNd3d9ToSMhFwCSg6D+laCDWqpGb7AyhH9Ag1sgCvEPhfd8DhTzim6CWUdgfdrvt/Xa1XK+XZbXxyrQkSdzWlpdvnlo91SUbV1QD2vfHuto8e7b667/54tXr1/34tiyvy2qFny37QD1MBrT8a/pk2ZZ1xVpK60DwOWsMWZEAZe7ysvZaxBlfH7aH0EmCFTd7pewAjOaDdoOLSVC7p0mGaIGx+L0E6J/EEb+33vyA7z9ueL3nZFOsa7Ke5X1jGVaD0+hIpZyXANgxFH5owuux/W9v38C//Xv5s89/sl6XRaWkpiDFWGxvU59zaxPLQLCaQekmnPYWBmsaI5yDBVfHFuASSS4oeEGgQ0ElFOUnywbihhNUxmK3f42LfuRIlhPh6tk0xxBhxUm4YlBbJ2RDVHTLExOoGL1e5DslETsFlKalqZadtvH1sZD085LqPOnWBuoXH1KDYLPUTbzwSPQjWfldS35guai7Y7PsB7hyFQU2CovQwcycM/vc5bmv2QwK+uAYUCW+E4rgBu4lIabmdzeUv9uhg3q2BaJp95llYx/CW6ORROC52ayD4Bw0unurkLCeE6lOVWO1zGEwcrejgkmbwWUOolzrKZUuYKelU8rJpQCh3x9f/e73KPZffvE5ycaKYppg4AfHFPEePXdX9bNHE+CJ+lbLMvNgueFoyl/dPkef8OHtm1fffP3pT34amQnHc1RmcbV+8bOfoDv41e7X6Dw/fPvmV//wT9e3t5tPnr14/mL7+f23f/jd5urq+vmzVM6S2YjOPaFbgQlb9Wd+LHkb58kQMX4sM/qpV7/4+k/8iMyuhDCTbOruiABSr2ITUY2iHB3gjkDAiBDPvucGz6scHLl4GFQKUjfjPvaRZvns18g5f467mJVD0fOOpkBhRWDv1IgNJLQujFOsl2rf4J/69lgP65qZAI/DuG1bfGuFwrSSkBY1HaMNXSj3tuv6gmCXwG51gW+uFstPn3+y3+6/ffsm9sNI3wtSMkc4Ln+UcU1Ka/Si3VA4lPQOXrFs+7ocKJkXDSTJyZQ6f0VsBYTlBj9TYNunonYVWDwJubJO82U1rOTJhRMvLHP4xWn0gpwlX95NWlyIykRXxLzgAMBd3Hon9UYuFYq6d87yVBAfuZZDmo1xE8goDlZg+HkWg+Fe79EUPf6/p+Y7XFLJli1zTE0Ah7zCc1GlZ0OWQs+AI/6scNYqowjLblWSeCi9qapJ8TI86ZgmnNKb4CTLdiYTQGJjANKvnAtKIyJ8RFiGi7IsIyd00lqzYuN0kjl7/1TNoX91egMAjYwYPQXC62MhNW3ucTGYdlPJSgttjUVR3q7XEnfZH/bDOG6Pe8pshfjM3zTA5ySLSTlFKC0YolaqRlq1bZD+gPQBya4QVWi9PYCSbSipNh66XkpZKec8akCoYa5EhRwyNMJJXQ8IOZuoWBBTUsSOfvZSODlmYePzNxWpFMaOM8hmXkISpZOQk0weaVJqRHfxLAwfLamFEvQZ1CYHEAFcYwI/mQ2d39N33GMW+MdUOXIuaW55xkIkziE3YqIPeqPYCCoYROxzZohKBRHItFFLcE1RXC0XL65vcYd1/T1OP9B0F13o/eh6IQGMrhvHtqciL2K156zcoPaU5ceMQZKvHGRvfp+HPjuHGcJa+A2QIjWyIAo1ROkThZJJK7OIo03NtZ84igjFVAVgjJbaDQTuKuTE1KNILPvbU05WkqYRlDRmFJkKfuQaty7gtsIgn6MACGftB4HlTAaHNE8uk9dOY7TSMNobmUG0irI/vtGWi0RvN0waEjQZPN/3zp1CuomCwlmyF+0sHJ921/VthLXkVfBuLtz8AeEdAYxHPpZs4+RoEH0r81qleoLLRmZMnmZSotMIxCTYYpxAagmWzM5SrIGBAAAQAElEQVRxeYNbZej8gpeUalre4leEqA5hTKh/CqtfvFLkLRinT6r1MbEFqDEC2WmdWQ4qtU9EonPvCAqI1/OUw/yzYjJhLM3EDg2XxuzXdJVHzsrbKDuN2bSBR2+itJHmAvMbNsfNfg3BnQ3r6bOBjpD+O/uDIfjR7uTdp8reEUfeOWcOo/PpjJaKIef0F2Jo0WiqWJjBSL+h0EXgo0HLle1DgWSiNzst6oMnJQxaICTcGmaBwdnt8qoKdn+OG/MQzQm4w9g/dHsKhRE98sgCNzNnfc5ycopIhMQ/ksb4VKtGFSNpGevzSrpJMBhEHkVWe1DamzjbLQYVnGwhMXX5+5Q1iJaZWxflGorranHTLDeLRVPWhfXQjNl/clbWpMS4O+C3yyI0ldss/dXKL5ZEC+c1xD7dDMzZWbOApBe+EE4gQNHIVAQ9E1pTFziqeqVuoYHxKKL8o5/Hzg1oQAbUzuhD1eBXzlf9gHhv0aKD1VddaMZYBmr4hjZ5XRSLumiIywGIEpF4akYvnXIY4KJWwn3LVUxjkepr2JDAm2N68Bn0AdwpIEoJonR1JrsYlxOCyfilIiDcA3gXfje4Bxd2zm1h7NAVQ1sC4+Olb9bN+nqJwY+qLqqGIBdKkKH6MbJjbMp0onnOGU4k6JvqKf1JSg8vK/ejHufKS1f2/P0Mg42nv/MhifUYBrq/u0Mt1iwWCA1ReSpl/4SK8wyC9ZbKw1QjcZ+3VNPFnbbKBcYRGsEDS64sPR7b/XZ3wP89bO9evz1SE/CRCDOc03w9vmu704nOpiiJxn9zc73arNZXKwpbcFbVKJm3oNTRnDbl4qkSSSc0kxAMWzsZwKyThTMUUXSZxnw7babDTlUhiRZOw+te5IzlmgD3vBit/ZpQJXGtS1nWTVU3CykQT9wo6anz2dGocbI6eCFKb6+srwTYSbSfDgVSqsJrZ4T0OBK7DXECFidMRneVdM9iYSBnxMUg2fDt8SjFBpxhUzR1Q5zKZSWy1koNfZTqaSZ9xZf4xcOeZhyXU9/1TJ6WJsXnzzXN05QtkPliNMfjyXqO8SSvSE2qR+zWp1oO4oo/+tl3n+TCX0/Fwvk+FWVzchNn55k/LDzm8YGIakgVC3EiaMzwh6RdJYWUP898Qlw95eMQ2v3hsKfSRHTGu8Ouo5yhLo4cqsjasMiwyhoAwX+kV7QmMqplwRknnpu+cRcqL/mCnKbP7IpCfCJJ+S6eDpLOyRNn8OLIZAhJfJeN913OObe7zu5OfJVoH519KFnFAlMQyMODz2p2IK9uEGIlYjQZhTvxyCVD1DeHmxlpoMno1lg8FNZUQHgMuCKcjAXvEm+MFO27MygjfxRB8j7OKHkVDrmFB/DO/RiTkx1notpuM1mRckJ5IjPOYzGRV7kcDEvXzubl0pKaxM9HePoPP+CS3xUvftBeGKp6OrOXdg5MTpn61KLNgL0mpe5TA5KHYmTqZdF2HJdPgoVhkCBoM3AuA2k6KaunJozjiCrg9devK7Sd6pr3d0DdQW16mhqNhNVquVyv/pJ08oFHNDdWuObw5/rq6nCkLmj45tXVVcldCRMY4YXOlpNhIzc6QrFC3QuLwvzV7yFo33mfHEAqHFf/4BJ68+bN/f3Dw8P9er2q0bKuKT8mcg2lbj++STUyuBt3GJtjRy3vnTu6WP3nv/k56qn/7//nH9GsKsn9RL8iIjjfEn0wPRz6UHhmCsOQR14IRozWEXXoAEm1x/PXsL5Ca7LFNX4MlNLXj14AIqK4COxTqc8I5kpFE2mZYonnNndyM9V3hh9VqHzHI8aPuBKe9uC5Qo1nOlY+kbdPyxRq5iKaf31uSugZdFIE/hQc14nh5OuxQ0Vatwv/u2Hsv/1qFbr/9ec///zmFj0/qoAQh5+VDu2kIYp/HBT21WpIu+1Uoko/OcYhDX1I0mJUByMlKC2ZBpEKdtl2onxfhMWvisqvlsTvHEaMD/hteDOGPa1JptjnevqBAlJtxQaW2XsUdFHXQZwVrxni9JJCZNRkR/p/kymWhTDE8I/MaihjR106WeKTDGkY6h6c2YtuhiREyaehIWUaoRFNRuorIakhXJXZIDxh2DKofsuQCYBkyiTXxBkeA1xBiEgJXgV9CUZjyCXAoSvYF0piMLcz3Ec44CIy+I6tAaIzBRDlVs/VohHDBaGT7thKSYJVR3AijvZoiCnrRtRnoBYHMi98TTcrvnTf8TkkOsXGNN5J+/D6NXqhLxYoLyu6y5IrtLzCxxykD1qqoDi1h5T6QlEGYP+8YNJd4lNocLmW0A/d/v7+yxA//elPSSXJlvGuWa2f/+Szw6vdwzdv0L79w7/8arFe/1//n/+PQ9t99pOf7O7vv/7DH9DJxxVToZVgyHicO1DZsAOchJXZOU7jAxDPsb8Lo/Jk3P+9nznFVi59N2YpKR92xEshzHd87KMcH/ds54eMCUqa1XqNL3awDYy52DLQNmEDVSw9IBiBM4vgnXUxm06S3y0kHhH9kz/HwmAC6NPcpbO573QYZBMnjR/F5qGbJ5uY+U5QHiK4yps3pPiRfBOEEqNwiJVWq0U/DPWmxff7Fj3w47YbXnfHdV1jDL5mmU6blChKODwUMD5KkpYZYByiM2h710X58vnLHQbqD/vwf7D3Z02SJEmaICYsqmqHXxGRmVVZ1T1DszRDOwPaB9AS4QXA0/6M/Sv734BXEO0DiBa7wNLODKZ3erqruiuPiPDDTj0YfIuombmHR2ZkVXWjNC09zM3VVEVFWPjmjym6LE1DyBlHUWZSw0ZursCaFbKC05DFKXw3T4mzFyjUuu+PS9KrkuJRe8JZKDmK4Z+z+pRUfHrkKolNW4DRJ/c4lMUqhooz7XmIveLlhotVm4IpFSEbnNP4AZ7SQ6q9OlB7GMo/vivhOUeqLzKau1N4S6MIaYaTxhkOPAfaVxpKLdxoHjh2ftPcaqOW5O4ODcmqlqvuQvOyLVnicntyCns30tBPIcV0Tio/manWXVuGaNpmNWWI5hOylx6aqmQJUhrlOBKJSpp2A53GNLKrvXBG8+GaUeVWZgdjaQWhsKMH2TM0rrTJyWqDzFIczNkJs+0Hki/CkDwIq2757uZOg2qPT49sUh6P8PRIs/T1zR0rBsjhf4M2mbSklZUWFiA599IMXO4E3ntCFTGye1quqOCgRGb85Wna00bJx2ztIFTi6twa3iEqMJ62McoQs6IqZCTtB/OJVUoXTYP5fNY/Oc4xc1zZlijbJohyQgPCRwtN6E+ck3FcTClNOpexjtZzX0SO5KjqNWeq6eyA+ome+evPO9D1o7BbXcHzyjZZlZyN3U6nktf4lSg9lsmrJ9h0acE0vL1aH4+3W1LJNlup3+agVY/QcpMd1lp6TpaSbK4UeD/8z1QltxYJcpL39umn/IRUPQkOVB+qqjOJc22K8AmiNnxQ5UeHw6ZJFkulzUAGzCKz5btrWH0eysbTK+NZpSMq+5WCNX7CUdukp1HSHUGTBiQRR+F03SHkZgVErp6yQoz0+qTsCM2Srsbxucfz8/hZ5nY4SXwyJ0NbVWYu10sm2GdbNbR3Y4KirtC5PcMnTeDRZpzX/H3Wce5YKH9Kph1pWXz1BLPnUrMX5+5NyVqAEBOu3oNJC33gs7tCSTNVMZNCk3E94fQxNSJ9LsTTPNUt5HgKse6OfywKg0+1CbsJUrEWE6ZaMtqSVbfT/00EV/dNnzoqXTH8B7M/uwS4dMGoCrHvJyzgrBdvPTdsCnurxEcVLPQJP1130ROmXP9pNvf223y0vglCc4bAOElBXRdvGFQKALN7OknEd+UymnaQokbHnftg5Grr6w8u4UPBOEmCZgELyTjp9M4GUyK/YLk5WAMmVbaxiZCU24kKcJEurYWwd1Z/+wn7PO7H44bioaP0txDl2bRYAAtfKYx/rkpjUw6FLB4mzfbabBJVmCm7FR4/ujaXik5naVqjwi3Y52jxD9kYqPH5OqtJL2JDnkjO4bKBVYLrprshF3xHEekFd0H2W6VIQgVzaiFDLeCBJCekgaz+qyXcrPN6yWCIjaYRKwNEl1E1TaVYfUWPTtKDzJpO0Rw3uesEMqFRq31E0dU4iXqQtp/9UUq8UjsiaaUrxG4cyYbp+qklF9BxbIepYapgjN6uabh9DT0Q33BUtQ8sc2m0KD2jp3BXncaW0YlTs+EN+M0ZjkTZUd1zXknPjfrYqGQDj8Y1pe6YGvK5b6fpaZi2XToyIFhKjBlILqBufbNarBaLJbf74UDt2LNinYPO0WKw1ruEp4+stYVgVCiog2WJy/mcZtGkZ7jHL3u8wC3P9dvzkxvBLNfOQUl10XH8xz/8gez65WpFwYvrmxsKDmkkE8BCmqzsJfMSKJqFujGPB+77wGkVy1W3WGZzFHBQg8v0D8f337/fPJDT4EghbTqTLBJdQBuY6YjJGJKYtBSbvr67e/OOXm/W5NTqsja6YeIZJT1W1BixnadagfEHr/iJqmL6+YniroeZDPayim/Ew557ytAjGKJDk6XdX1txYP4pgd5Ju/BowHhyY0fQQTgjhDsQLLg3U9s2LqBrmZJMzbOjCFk/JJI3KQKcLoj9T98y6EptZSLlu+LKsAjiZJnRBuqcql0mHeYFbUJAZThxVjqQ08ptN5sdK+Rc9UBRIcHCJ4pYc+Fizor9ZOa+bBh2MzMVsLd587TdPD4dDwdR4IyRzegwuO78g4tE7TTsv52mc4CLLzhd1FRd/EyLP/cy4XPbaqYIpPNQ7nkqSL3v4BlnI851CZe26Yxrw+xLF27k+k7STQECN2OOj+TlDw67Z4Cj6jFJItNxEOuKvtaP28f7p48P/XHPvKE/CDyw4LuHpGVvs93X6F+AoKRmUvLt+Yf1eNIUE8U10YwT8FwEhUQRjD0TxEb6tUr3E2wSU0Evs0ecmdWfdd342gkNOKAw6GihnAeVbiH2m1pxYIqq/M+RHuKiR0m/ZMSvgVPcjgxtQi5Cxknqdfdws2aWnBx3y16nLHlomJObmcmiGFZd7TXPCbR+P1ee2NkkuK6fpEwX59P52a7yEw3TL6L/ugcYL0ws2uqdYItiKs6DJOqcPZTfDQQZPu7Fn054seQVZ+YUltF+Ho294sAzL8TFaYQLNbEXJwfOrm9f9/dwtrjnVwKpWsTyNwgsRl0vFSimsqoLgaWe55hKShkG/fM1sgMYk5LFON+g3RXog4Z29tLIwNF6hm61IhHx+IAUg+NAJl3xf/jv/7v0ix2nRPC6Zb7oQPqJ/OI1B/yUU863sSb4H6QTnsJEK/qCOwUwnfBa0Z85HQSKxyX93Ec5kVgJrFFrUqcMK/ETMnoacTrOLEkMIu7Yl+Y5s0ulYLSCwofHQ89ihEHd8tfffPP9D999vH9Yra64PLMRhEU65yil0tJjFKQLlBrQriOYxtlIpvKgDbCbPLHCKhnUZFr2kyo34kKCeqeloq8muLQQZ9Ph9tsvQzyvuewrdpZjbwAAEABJREFUb40/e+m/1BHq9YU/saoX5Xzq1kup6O4sCoWSStCxZovh8uCPMPwnWsVtBictfJ9gOw6PD+9JtF7d3r69uuNE80lq/5wMzNrWolgMh4ubMLUOU28KEfqQxS0hpymGvWRtTIZkkmDZ5Lv1NfemRUUh5azUQRCzJ+u/Z/kLrLrbQ0BtL+itY9NZQY6YeYJmXCQoqMtZq5Ar332ydMSkicR8NUvy8EnzW6SUagGE7ppnlUXsIk1Qlz7SSbJkNGRV7p4gPB3V0lfvRafhcVjdQ5KpD4S9UyL/AntNbw7nDepOjwSl5U98ls1zJaixy9WSzhqkLytK+W0WkCVHB1B/kdUKgKR2Ct5JDhRNmClVZQzzP52NzFaqrI/OC118+/S4WK00Wik2qtQ5gSmA2pwpxaNZSa8dKlLcmEQpDGYfCrFoCpIed1syAlsydltNJ2WETyLyccD94/a4O1IUfPv4iB2Z97fL6zUZ+T/84z98/4//cPf2bWOlLVOtycXKzmmzvJK528zawqpiI6XZ+5N1TK8jg/RHPGLM5Xmqp0h/Tlz6Jxz1bg0CFv9MNrTWruVNcjjq45e2ZdL/ixwKtDHYoSKFP3BWBxxHjYHkqgWkiyoTnKo855Ryps/Aye1OvGxQBVR0kOoWkQTalLweESznQE7Lxg8VHZflA0ghuxh4rJPQnkqwZocq+Y1HuYftfXWeZikVNcYLuZPNuNluD4c9VxQBmCbIckwhpEHaXopvyTtoin+A909mBy5NM29h1Spz/cgYLhXbjWFFKv/XWNykDg7QnLcq8OZ59Sa6jdWYtDK5hGYvp4rzaDaHioz5qrifA+xScx8CQNX/DmHm6FEW7r7dC1q2KbCCRWYmcjZ4BVWv45ZgnCk5Y/ZnFJ1k8lQkhUQjHTZbA3k+MxfpYU+sna3FHTeZhixPaoPU4IckKHjtlz2RpKiAqRpKjmjmd9Tm2aM53JtqHUx1UtvGRp/pSTYjk2gt+WT/VrMvjzDbJ9a0FfkpBm1RnwqtgE2jgC7IxTC+BZWUo0+lXzhvIgbGHkbGIuBbrrpuvVqzboOeT686YSmmzoqvbINUKH7ZgY0pgfJCCUloxGcsqYESRCJHtaI7txNAROBC9wEbI7hQitBvkchGCTjvUVVRWt2x3hfG8pZ8a5TJhlrTtVFY1o5dB8xfgjiLBcZ97elkxgRpHLlUsTlVpYKEyk4oY4ZLLorXH2e7rGKXyZVzG60K96mSBTIh/OvEmhLHVotTyXznrlvKIvosSCSQIcr5fKmOJKfE/nCUMhplElK/LF71BtR6ZkZKfg2f6VggdwNargeGj+qnqQsOGK74dv7sUFYBsvVu05/aoTzIzPa1LP0owAZaGaSmySgWxECm8cAkwm2pNPcrO/N2J52Sicok1fqSXBSzGykyq7TnWrbCQWdVz66Yl2Th2S7XtLXi/pTEazUumrDFavqsSf2Tx8k5JzSsx3OUWoHfa36M/q5RpSaXEsvTVUVXMU1D86nWS3E87NjLBaym39Wc9PKjwfM6KlRHioJWEffkRaGPKGjXhLEAFUWWjewby60CBR0oOEfZ/oQmxmCaj0Rr01IqC+S8VkSVOEyyVpRKNlLcHyXHRXVZCbDyX0fINO77oX8ch70UXYpFrUPEuCs66B1TjjpneNLHig3baBBCW56REAW1nQuDhCBA8QoSzMQVlgz7sh10SvWTUxLVD3MzVZ7o5BEdq4uGmY4qRDPWFvOlA0MuyaiYeCavXBdsInQtiGGARVw2RWbaMDzyEMAw9ozJAbqmwP8DpYRUHtTWW5rFZCtGBwjcTZhrV2rROx8JaqkJR7tjaHBIJVoSrPKsDfyCaCFYtTJz5xuTJBeSwsNoFqmDZsWVNKxRNbJoJs5lHQSvQl3VhmjmK+dRU2OyyYFjT00qVZsUY2uAaT8Nj/3u6cj9g6fkPXp02NLlTUJc2k5XHyGnCOWK9wPxBLSseqtVm1wlLPFUVpkZyk0YtvXycOahfV10J6Ell4SrRxRGJz+HU1Xz3LUc2uuLlG9yd9Mu3i6vvrq6uVmuyf5etEs3NQXRUOLKaJ42Fqz9MB7GaYtp16TDohtu1ulm3V6tU9uhpd4yYRsyVoLQxHQ2vaxcntaEOAb5dRxb1vYcWdsX8vdJXeyHqT+OxEhJP0FYEItLeTWlJRHAMDT0+eHYHPqWzCLydePYAnZtXi+7q9WiEb1SMIEmDkJw4/QhTYPUdfec8zGNIrnQEWpsiE6fRskK96sIYihWFm8HclDIvuBMGFiMqT3mvMP0gOMDUcsiHRcwdQ3DEC+gWy1WV4zUsOAIeqc6lxPABCY9RoeVMOgaBqXknvGN8J+kq6ECVEgsnR8AP03vuHh86lKf6YvAeT6KPilJSc4w2G7pYa+ur29ub+m1WC5bybPR5Ht/KNu8Av1IkdGj/DiOA5lF3Wp9tViumYBI2yeSORw3D08ff/jw4ccPj+8fdpv9cOgnQes0sei6nsyz7HVa0q5d31x99atvvv2r33zz7Tc3d1cLoqJOrHBJWZKZt9zJupeUS4S6waBLUygQwrHn3Q0H4b4AD2eO0keYHo1+ipMWQL2H0hek4S7qGd3zy5Ve4lIYJMsmGvFwVXfT0DSSy5H8e0vaDwtyGJgzLefCoj07rfguihMtIFOmwFJCRb4W1wsfYpAqxoRCTKCLBcuSM0GWZvnuWdNhWr1CJ8W/0HNHlf3m6enx/v6w2wsGSsstlm5uVqu1VKgLzImWdID66oFxCg/H/Y7jSPvt/unxafPwyI6jcSos0ZXyDCf6W3r+1yh304vkM/UvZPPJpov32a2JrOHV+riwYxDrcOPzew/rt3B6DaWs5F5ZPevC9jzbs/nSkOYDeQbpREwVc9KYYqNKsWYhQCo6IIfnR00IIeX4uN3uHh93j09PHz5++MMfPvzhHzf39z059wYG7FHNi6tyOUZHPHNBRpj2hRIalI5OLbPIlnOqlvSTvM3dcrVYr9pF13CaFfmu+EP6SZTjqXvalCrLRsjhFZyLZng9Iy0aaPX99DnH5zFtwGKAGdsxkzOpkRYmBmeViBEm1clk+HE5ziAilSzA43H/9LB95O5FtAT8eno6bMkzvxuOBy5mkypoK5zR+jII9Q7MUyXcTe5szg8LFEgDL6npt6QysIKduRad4zqhV8+S5p2vQr1SaW4HnRzVrFZ+vGgqGnpQhXoS1IkYIQRVr60lFhr+GPhfitNSfwKU2hhz4aVZcOLCkeEXPZ6HX3qW6gTM9NJpszOzW5FQ/QoO7xd8MggUoHJWOTpXbBq1xIo5afHHsN70MkHdfLnGBbfNo6U/shuE5RBod0apsxdMI9r6i8X6anV1RW9Uhi6YS3Ci9V+STl41qtfcG5IV11LkZmKjlBcBZsWRQQ1ujqomoKlERiM/6zHhgpDGml4ls5X8X73goW0pnELS4+p6JeFG7QPttbJmgho3Je/fdrcnDYsTHBkvjk/4+7/7PdmDFGS5urqRHu5qvjGm9yj6fdctpSkmKNRtNlgtHou02OVO1aD5JZik+m9UpDpxVxsoippC/lQAJWT+yelw0+uXIZ6Ty15mQy8er7Qc/kTHCS19qprQpNe5oxzTyVxNCjUGOK9mU6uCMd9yut89khCmkMft6uq645ae7PiIy1j063z+zdGS3CN5Ah+t0lNVhthu2fQGYcXSJpes5SvBHKUTjpOk9wuyqxZ2icFqGia4d0zCDxhH0rwWTW7R5HdRvwSLf3Q/Qyn9Ur4PDnUVsQrfLlDTl/7m+Vj1s4W850cjTsSQJxaxAvVL2nzEFgrZhCerltx1EiuTxYM+qHYt7K6U2buTBT5X+fvEUaQsPrObXBtxcenqfhGiHZtYZBUPx/0h6RyhJwin6sJi8kjJg3/VLUVMU1Doaw+fmVhil+H8c7/d0squ1+tWLDqNLadqlYsr8nQqygSryin4u2y9E4mR8Nk/bej5xRjowKDL82p1RVLm43ffk3VMdHj/8cPNV29v3tyub2hvrb7//e/JfP7Vb36ThFE7lAWU8Z8vSDxlvX3tBDgb+IVZg1fQCXxZWnrF8dyw8ZkEi39CB5wa/85klAcq5mrbcrUDt/rmSIT5/T1hnjwy26cn9kqsr7h/E554f2brHu/L7npmJPNBnn7wOVvOHizuLk2mkoRLGDCwXXQKNqCJApqTUfgXmrWnDvEsdRwDeaL2B/oKtwMcsdUUMd/breYKROpeSm75sUb+8PCw3ZK7OJGJLgp5m9TVJZgQUhySpcn1GBdUeF7yg9NKkLtU5UEufg23NXV7umaDqYKWMXwmr2aEC30GY8uKDzCZhVdsDPAP3G/hQidiZrawYTeexcnmC6g6W/GWurWJXvCqbDjhiatGM3XMiWb8WCWZsjXA4JlyerKMGHDm7w+uM4eN9PXLkmKVNamzNq2EdiR+Aer10zI2VVwzRMUAQIpIgRnn6O1RNRSFhjCvuqvvCNdN4lePCejza5sMds2CYaGLsoHJ2tp6sQuYZe9Z7Db+U0asUbEkGWMMouYOCoASaip7NfZv8kkBo66s2NBCUUPPGJpCvZyOslx0JkDVihWKQIk8cWtB3npM3qaoyfM0jsmrd5O8BY3lAGoVjylS/A1xU7E1C9JuMwmiSI61zq67CP15ZTnEA6SK5KoHnb3Bs/qY6tGTX+2MZc1UTzvHvawlh+nkXifvUTFommivni59ZUbhX+J4xYWqsss0KVeEijyELCdLUdJsG4sL2I6rJIIuhsx/Yz1JGulLQp7rYbff9YLJZ3q7TZy4Jpk9Ngv2kRPrzCdFRChdWOEkCIvBTF54XXh+mH3r8nRhlWyuMTJFQKrO4vQp7ihguYfWT0prchlsid1LMEhiCgBExDfp0/oSe9KJMU3VAy3+IieSU6drONTbKe5jKp40i7PYvJh4mDSly0oB6q0OjeXSnVHYK2jkfLIuEjy+8P3qi7M9Elu7bOTzAys1uLoLpIFDzZNeRDI7yi2MLC8O51zzeGbLWaBIkvuPXLWPCykFDppP7jaJmfYHKcZUSiH39BFcKmobslPTTo95wNOSPxmwc5DKZrNDxVnicwLiZvHQuzSAkvBp3id8GIcHTjqZrN5CpZpWVSSbfpO3KBCXw+hmtT5PeX8it1U6afa8BRo0RqZED/YDq/msZs9Zh7vMqz1YTyCkklNSXRAgJDrG3KZknWJqU26+qmfRnpQCiU3bqSTLNbDtlc3zWsvw5JJLv15fCj3XOVl/lmQqlbQyS0U4q6jUmIElh9lOPqEHlwwnT1LotmQp6XfVomR5Xi4I2W3ESDFXKQ42A5xlNMHAPUnoa0ty/gncX04hKP1u/rjZa+0sq0AewdJFKvQW1131SSwL1lYww5jxkMbNcHigqCbZI5z5Z55xf0C5sqUm2KO55jBFBDdVMxQy33BBkiS6qidS6o8lOqRZgqH/6vgUyswa66DlyU7u9DDhUK6fbFcIE2B1bkvDlLUAABAASURBVAHNddPe5O5Nt/pqdX23ur4hj/xynbmRIp87leRU2rNZ44fjlPppPEy4b2DXdvtlO94sgWFOlmTtO8CVDDInY/gYHF1JwFmrTTZGwJvbfyw6iV/bXIiSzvOAPb0GbnkN0CEsJliOaYVpPUFz7OkFx77t+5ZimaRUw8TwLcuOXoxywlcbwWBOxjzRSrJXRV8gKT7ZE9SzEQW40tSUXQAuzbN2bWyTVHJK0Vg3ckuddg/NBuEJ8AHHpzwdFjB0QGNqVl23ainGIWEOMqS0tHPyFGWEskJ8SIB/Uoe8Zqh4xlvyms2XDvhyyll6XvTOpCq+akgnGSfaFufInXF6KcPIjHFyc7O+vl66CAPwtg2eoUKrx56z3ZZCBjgN0o+JjtVytSa30mLBpc10zaeHxw8//vjxhw/37z8+fXg8cj4xGtgWGp/SiwdQEEWlF6vu+s3tV7/++mtON7nhailOwha3MMjehED09IdKRUbox24OK7vLzvPAsB5mqoUdat1p+12uwD0cpSpNwTE17Ub610gHG/pEmwpNlpvCRy/T2DMA06QJUvSNjmhnKXlOy4WW+NqQ04QlnSI8xCm8xToSLXoxQBpBOAABxm47yRVZtBrXU1UvZ6gSWVyWln8gVtNlqw6TrrTIHKga9rvd/cf3D/f35NWh29KNaE2vOAvphl7L5UrwVLJkv3AHIbL+ONmmH8l7ud/tiTHvGNB1s99seeq8HDGFsVVLp1BpZlIxnZCtqxKQXtLGLyhr4VSovnWaHnJ6O8QTmV/x73KN8g/OTzu5WBE6em1T5NPl47kHjL9OIT9SuLhnrxiYTqxyVN0rmIuc5MZmbAMM/XG7ffp4v324336833zkvIeD9L0SOEUmD5Gm0vFdm1pltrtz02miCUmLpmst3WS5pOCxAHUt2LvFr9ZiHGStt42lQ7m3psij2bMXjQ3qDz/Fb5NLvvQljtdxbyVtVeFCi00eR7C8CRB42kky38fjkbgt11Xs9jTzh6fNYUM75Ym45PbxgbbMcc9tjChGo/hqaut5Vq3UX6g9J/UaWVOH5XM13VQ5VPSj3Jgq6kqjvaklKYS6eNLATlimVZXMha9ZpTZBpvG5wmb8tn6VDQ9FCQkFL83enK4eVn+PscZ+T7Mmuqab2T6rrwWnrwuL65pFrWJ8qQNm18LZ/F2gtFJHB/NDzz69+FnGa8X83Q46H1JpnakVYGhLXq6RZxPofbR8FZSl5oBJ9Tf6XV/3erGChJJao6dD+kvSyatG9fIpJvC8IIz0BWI1nPTadTXBFU7l2axJ4jpNrguVftYBz0sycOJmUPdx3O93jJ7IwHf49vaOFKXRcWLdeerqngZImsVBlK1gXDc3d/Trf/wPf3N9dbvfH2+u77j6jQWceZI5CUVxURoF6LOJUBe+tJFgIU26H3HQVpKOc+LsE7H7FFRKShn0logzLQJeQRG2e38p4jm/bD5LpZvmXDG9wmD4czhqBuj/5pM/1b9WX8Xai6SfzL6YUskQiF/srdIvY2kOaRCgQ1ySub5Y3CxXUjCBWostKBURgKi0eA1oVB5AfZPPnkZs8JJ36XEcrTnm9rStNIQiXWpkpU3tAfE8SAmidi4YJ+PgrBOIvVwvbjD32PVgEakYrkPOyRc1IcwnENAiV5qT6pRlFfP6ZVfb0kypY0erfMoWzHEQFBlNv50yzCrKTTMGr3M/W1NIljqvU8d+ENmY2hrASuvCsaENgIpB+LOOWC0XYxfPitkOqVkENipMrnCy1XpNxhbreUcu1xNXPmpBBNb3UgdjMoeIWml2HzVs4VQ5xueS1avZTMlVOFMAkNXN47BYrRfc9Uzq1VwlDGpN0yWTx5xH9geQL2qjXfoLXY0brHJXzoEcClmQSFupbCAzePP4SCRBAznutkTi3/6Lf0HcldaM3EXf/+737379LYo80nyCUBbDPNaHCm8eFoMNKjsAUqVpnTGH2fqmTx0/n4o+96jvePHuf/whfanjZOQl2upoBFyPIGkZ4l7hgKh90UIG/Dm5G4jU2LnSLcA57YlEOLlp9fnpOXBBsT794ESfOdluNcsqlwBTdTWvgJNZGf92UkvYaXhWB2MxAS0BlBIjwcMiH+l42O2O+2OSBvbi81F3FusrrfPvetwafCU/0Y67HG9HySAZuQqKOcqExWWg21O7QMs8y9OK4kSXpb2cJTzrfXbMrYBq5frEmKMHkidRJIXSssk7O1SqWE/OVElqc+2VaXSHgC1cFCTEwug3XVaZ0/ryYoEvTbjHYgaC7aUq8lNZgwahErVroFBlopBA6BBeIu78x5L4DMDAYywl97IRH1H5gj9RmiXHaL1rssRovYzNf/GXeNLJaA3csgakA/JjPv8uoGzv5Ij2FHfVpCXR9kfrkcDfy0FvGMUjOk94ApGqayIk18jQRsnmFrkmukQRnFot4ew6gTVIQ51WVIAKdihlqXfkkh20znqkty9bbqOZKpfAZD4svpYI4MmxIHwyLSalcyG0Y1V9MCqEs2Wai0VAehWXTXDallXsyxRBsszfVO2Eijk8Q4dO7bEsiAVeJUj1VHj5ks2kw9ltJpxld5k8rG6aigAtNMb8gZP4BczcUUNsAEW8FrLxT36yEfEK+YXV5i4asuiWycurp6S4aAwNBY1yhxgoxH8VHzI0QolG078U3xO4zUHKIzVxtjFcQE8YIM7ZSdpJQiteFwL2QlZnJ5WdB5V6dvF14fnn36onqiIVZ3+6L8XJ29SKvMVnpQPP6A+t4oSeeKDIzcR4JwNK10POl8tGatnSSnSSKjXPmLDyMouXSb+eBThQCfpcBwMNMpWsDEMmLGQDdk95Wc4/zoi10Ly/8Bliy/O5hEsKwLNkCpc/Ur5XMU54/myVSsmYuJ2vAAcj+cW1BAhchOWQ+/MxwwUmHdGgC8qGJ3gq0klPqoWUDrdpxlVMI5anCdbs/guHAg0wbCyuOamY8PvNB3Uh6QSF37KqJlJNi/1Qui9ZLEKTTlxrkMrxTIHfQ0qPgySd0NfNC128uDbaoCaGzBoVmQliXEZYJn9nA7VJNx+4WGC+az2tF84wz1LZiU4GNgmFV9eLkVxti60vwCzgdd8aC0DPERojJvYCBzyPiYmbDlUpNHhMNfgFhkRx7EAhPEQ3qVQeiOvYICImiFbFDiaAsDy0PrmWBZvJb1pL9eBlW8AFFdqny/mhfF1rW1WnyCmMtNphVS8sggZCpTKM/Hqpo1B/ytxOW2xOi7t4cmVdj92ETmyZeQXKpYGC/WxKzbkCn1kNOOK0G3uKzDwd9v002MJU1CKXs9JegzUq84IpItuzLay6HP+jCcvaWkJ+WoOMyDjxsehUWSK3twv02iqwe0RZucVudO9YxJCjRtxPp1lc5/a2XbxZUZCfYQQ66XiOGCGfJJ3FxTUqwo6GdRynPeK2gcOqHa5WcLOG9ZKsi2Q4uEnzlE0BxlShlBmFmPYi51vzMlE+WwnwN5D8ayzMkTxunHQykqHSQXTVgfUEywE74jP7fe6Hbpo6TAsBs1lkoBDkatEtxHNAGy2nibuHCv2AppugNgVQdFk0thCgmK6Xmz5d6aLK1lLLtbPYKBRZN8GiT+0uN0+YHhM+pmmTcddOxw7HRaYBtRQMXS2W69VyTS6Wjl04WTN5kunJ/mNyBDOdImk3z/F92w9hOrx4fPKEzzk+dSm4FMY5O0J4oXWCYV3reDhsn57IhKfP11dXVzc39IPcRJ1gl2o2sK6IpGSM2miGvtbzV7WfTrOUxAQpl1oywMnILWl+/O67999///GHD9vHzXAUvITU+LNkVy4iWwubLnfL9vrN7dtfff2r3/76zbs3i2XrcAKTopukKOEuCaa1/g1nukXIsOTGhfG+k0kdtdRjGBS1hRNHOPTOtNYKNgNjt2TticMlAJNPh0Kb0Fz0gmevn4PkhXAeDueacBsnzuXidA10BbUACYRagZrQY34H1PIGS4XxQ6FJFlI/xhWQjkCjReZxyWR8ESsRcXqYsSkOTbotRX8+vn///ocfnh4eyDsinh9eV17Z1ZphKpoWXF9icBcy+3oiBXpuoSIKn+92e4qmU+DnwOSB5gk36gvFoCzY6R5xRj37VSwOqGy68tfZJxWLfmm/1GrJXA4Ujay+Asy/XL054aanV4o1gJp9pRcVjZO/4qW/O8nUi+vnx1ypVS8QNPzZqKWTzMlxBGSEou3Dx8cf3z99+LB9eDxutoftbjj0JPSywaCB4vkonEmy5IcW9BMy8ImDMuakJJcwiMmC2KvknZD1L5QpGScJZv5Alf8qPuMBIR4s5uei//y5mbOL6BR9Ga577hx47jwHspD1lQ6vjNPJYg4FzmQQaJNh7A89bY3d5rjdHTZPx+2Gfu42T4fNhnbOOHDPEQGVQc+Sq8pUjCAbRxnJfkT+MZQYVhQth/Sspylg8/JMvFryselofDdDWq3YhU+Fe2KCldYW09mrfG46h9NArP8ce8i/IvwiO5vKZR5yDhDQXO0Xaxulc/fMWILK5g/m8xbDq4nzSxxwMh/xKcxll73Osk188PXJPqmn5vYJuZ6+d1MqzcxWW8QUA4IU56qfDu3qqZiAbjMVuRrCvdrOlwTPrDDA5NZfkk5eNarX3FvNfQlKZE3pEBy0plBenGpZkVPsY2sPfBqt/+wD0rOiTssQWRlkDycI8jYrUBPXvkPHBQzZvSUp/PEpoQfOGdZAO/gRIdHJt3d39KKH+Pvf/QOZMNc3d6SR0tqNZrqJI5zzTkKeuY8AuE8i/VU8x8w3FsRkkfNOtBFckg7xdC9jRh6qt82DUNxkL0+V7YRfinjOL3vhRlXSCeIX421f+siF75wezrvMsxdZlB4mh1x+8vkzL1Kyr9TXA/U5yeJOyXzTaKZ75J0A5y4d9sfjbrdq2ze3NwypqZ0LlQRUKKaTPpkGCAxQycl0Znd41Mjc4mLbCpRHFoVHFAr2zmldj0Bpk+djZHxIpkx3KmoQEQ23H8KDk3S/gOXERKJJGZsUIEocCB3jJCSwuILVDAaASpOzodunrvwk9D5txSejZo10GmXkpYgrK+qbKRMmumNmKpUiF4sOMaBDiggx3HzUcjaYkT3kOQH85CPEpEnNy2fNmGuI+hD2LOe4AIeMQOlKq5ndqJ2q5RvhlUyVZ1CvYWFB44feDO9U+z9xTCcIq8mXVH6bZczRLEm5yZFC2Yv1klEQim/RPEbWdSB5JVW9UDYhLDG4g5LcihZcSxkYa4qbpKTlkpHNhJaAYT+v1uRxOGzY6TAe++X19c3bG6LTxXq93W5+9zf/e0un3NyQo0HlEV7ukpjO3fG2ze2piz500Wt//v654xfi25+8XbWLZ2/+yOP5ssdFaZVdmxc2x0508YCwr5noU7mQ9uRSPmD+Fy7Q56bFEo1uK7Tw01l6bsawAlSfD+l0jCm9lk5md3fHzeTdmgeFfWLMtjbN1WO7sewy8x5b5ZugLsP/3QodAAAQAElEQVTEjrfdjkzKBZve7FAyOG8UrWiyDIfwtaBYjeSeI1fpZrdhj5L6tGRns0NHMscts5aFiFihoOiymuQ3saNpwWxLs9605AG96LYg84tWlZ3naTGmPbsjiU1YYB/dzcL/R1ZbAFrGfp1qt4w9Fz7jIeAfDupa+GPwVVCf/TkTN4Fib+dOIUd+kgcA76NjhTNeCF+YPr9yhUEJIdN1YeVbSfqqoaIFZLvBjH6SKckuBoMByOCaJqqBI7BlIkPwTOVE1F9bv2bQRHFiQcj1rN3ucsTOdFEU7I/VnAwW5Q5NVsdZebhAa22jrjsc6rrBxY6nQXG3INnC0BjIi8WhUgrOXWY0lsgdIuRYUmAHdtWSkzFNGmFZsM+pjXlJbmgkv3XD5F3qg6MADLxUJ1s+k2pEgnHvMVKwAhfGdugWndx/igp58226ZCzKJ8bv4NQ0M6xqHnUu4/KcmUC6zIFg/k6NJrC7V1zl/It+6FiJmbp3iR/UYSbj2kpoRXkI2qwrkeAzBNMrzsQTZbnMW9CV7nYmqolzjybXV3Oo/XolN9eM7UgAXPMgBBdE4CIGxScfpS+4Ytq3Vvgsrcq4E5k1uLFsc9esQ93SW3NbHu1M8MxrZqGUB3QVzSbHpzWeAzRpO4wGZWupifkKXsD9BFxZ5E/EDqb4ibTXoUgq9uKilJRtjVPXfChBce9Uo5Nfs0RLKW5Hzl1yK7TajYC3SwooeXC8HCgJBMEWwBhRqGdm3/viQLpIry8YrV8q6UTjoBj3Ajwj6YoCbaOV/WBmqFlVBntPqi9RzsgNAbNvKTi784UD3QqAMzUGXITpG0Z+GrRkvPE4ZXCVFFuWIllYViHCTJVrz2UDVqwJL8znWdKJUI6EqzjOF0knE9btdVD5qi6y/JspUHZMyZBOStJJsmhYzIBPK1pd+ICOgOE8wtQOvCDYHQpEniK7MLVE0Vzl1pzOcLDfF5JOLJjh4zEsEDRFQom/wh1VlQnVL5Uu82UdRn0jnrtRe+skzWLQqIM+WPZqEOFH1lkRmvpS+or5lPwDQGuvo+6OkPuWEyKe9mjZY3ViqcLBmsE5pctaffU2ewqQMQlfEU3qa8xu80EU654V4DHRinOWHFfgtAy130gkyuSOdPYRDSGewQsmsqFB8dGY7w5yYMtV+gum2mei3JxY5bA77h8Pu6fjjkKaIeeNi+ktNBXeKEGgoDBYGJoiZs2QNc/VXI+FejWgKrq3vAyNAFQ5saxhTw8y/qSZpZp7VILKPt3VKlgKDKePk/S6zu1N215De9cu36yvb1YrClCDQOKhpHLa4Az1RJIXNekEpwPArmv761V+c5NvVmTApCZcRskYjacNZ4zt48qi6WNaesSPo3AHEsau1G4Q4DUuhjnSAhDPksY6eTGlJSOdQHsc0uGYj30zTi2OC+5DDeSaW3XNumuXAuvdJGw0u03KYJDVAw7FsdCbBAthmlLx3oYvERjVLmuDIY8zqVssM4IrA92RGcSudRpXN8Jin9stNI+p2eT0CNO+S8clDC1MC2gpaL7ulqvVaq0YJwCSx4C6moYlbPF+g5YU+1cqKbjNrNDulOCyxghnx6dEymcdz14KT9xTZ3+qj8ngKSZLlYhsieORLPab29vr29u1FGJ5e1AzFlDa0WqGimRjWKsX2mGLZUdfkS48nTTgyIf94fs/fP+Pv/vd48f7zcPTYb9nK1Z0LU06kkVuTLml73QNEcrqen331du333z19uuv7t7era/XbFhllCw+2VbZAGbQUnnRCTlPJvqhVN4X5RJmTrJcaNtnjg9WNaU3jvoxhEVIUW3D6c1mlEnfE2IJIyfYq/TjibBmOgJGoqKHJnO1XvtrxQkiXGRrYDGFOYBzMCzD8N/VQVEWUZNK1LXSacaJ9SjxnhpeIl+TgG7zotw5hVjMWlFbMhABPD0+Pnz48PDxfr/b0Wnr66ubu9v11fXKFrdttAQOLfeI0w6ZMfSHHaPj77Y7+iI5GAfOuB3NlRrwDyqPwbf1OX2faGHgcLOVnE/puT2li26zWpN99b5M+7PKZ6rOfYVa6NkGzz4OmITCWm+8pDlDmnWDmv8purbOfSGVfm53hPgTeD1oNs88aCn3xAt22Gx2j4/bh4ft/f1+wzkQU8/cWB9HoHla7ZlTN/KTRBPeDfKzaTjPlG2wRtLxMu9hbp3Db7Qxm2ZoWbsNw9lIpRNHbVzB7HH1GaapmkyoDPjn1mI+9S8dAK94vYZ5BwGYXScsg/cv0b8mZO33/X53eHra3n+kCd8/PUqKyfa43x4P++F4GBkSqedWlqAtRMHNYlWzs9URZM378ahrtjyMGAmafyGJXxAgkomTpRTrcENLStq0LplSZt+w7Ya+SU8xS85flX5ez++JHCy7GyNNwWJG4Ar5id2ZPIbkIcVTz4aVV6jK3RiKtOfkANQRyfLyRB3nh3AiweeL+wWPc2189rmM11TDWb53OdDPzzUb9z/VrwQXu/2dsJdqXSq6P5+N0P8hjDu5JzjqSaoGNgsBl5tcWgtTWErzp+YvSSevGtUnT0GxJ3V7ZoFw7zlmg5pCCJeugJUqZBw5lv+nPitclmfGXNGVEq197wUujfQKUhaJIXBlbc4TOiRdaA3C51S0jBrEHnuKWq4k2fmrr3/9d//ld/vdPjeklN4wZAk3rmacSs3DHDgmCnRD1YoErY59g5xxoo3iJuAesSP7zloBfyOnGtu7NDbzn2jswARycns1waeIwjWCX4h44CWD3w50J86f9xHDfm6oM96tB87b1ftlwgKfsUuoNZDK36QCTdsng11BnCPk5UhSW7/bEbGRS+/NzZr2VaO5KaIFWOqKXibyITQKUethLuNSeCNSKqtickCTTvxkspikXkOLL5cU9JjyxIUfie0OyVNVK82tBRf9lcAvMzOTKyooOdrEtdGaWZWMb8TEqXDGmDvPSIDoCWCxiHJ//R0skKzfFCfJaBBB9HfN1xe/Uf4Ub55hkILpNeBQAXwGB03la/O8E2NfP3vP4aUrnNFnCbbZUUrTRDXkQ4JiFMhYcpgcjqQgHo9qrULlMFW6LDsBS+jTJwFqlf98REreGKm481PNj6xkQs6ZlLiVJrnFWw72E+NzhcwJyT2fOhJbRScKGf5krku1/bSdp3QAoa+TpiuYnAvBeCAFExnr5bg/7vb9dk927m77dPPu7fruhubn7a9//f3f/27z8HD79i0xdvVZzGRJldrl5k2C2YP7G6ycehrINxf2bDpeQx2/CNf+5HGRXf9JePiXvSni7JWMP8RdFHODLE0K2NDMH/cHbgIlnAmtY0DWFBPaPsRGIEthUFMwFrAikvq28k+Km8ZgoBrVZdWncgrML3f6ScXjRWs277CFs4ksxYXEtYw5cG+r84tDaJwE2UoD4MxD2AtJnt/tgTZUl/PVMi9JOLVZYNq5sb2ExzGVOGgWv/Gk3Z03T/wft4lmk6kVa7FRTGueQwkVaTN5lWHJdj6K1sRIuLlWiMOXIlLEpky4r07w5OjZ6SQGoyLb7BWPHUFZOJ2LXMXHUvUmWDGeqZhhJCUP/FR/MrCumlMktTPLrcsYqq8aL+UhpWgMU+oeZImTy+ri4GiMfyYzgRz0S/osoJZ6Gui/gtlUao3fuPL9WTS3Cg7pNEJFcyX/w7qNSD+LHOM3oVAWLplcgRMNyWxk1J1ofU1yinwE7zEHMeF8+AbOJ0uiMtj8+Brs08CK+llNe3FlDAtlRcCyKDLeSSBLAIkB3vb9gRyy6rVgR1TbpYouTR9jjsGeLU73NN/qZP7+cPjo5aHRsACr/bIVR5xM8tmcoySweN1N4G0hlgoOpyxfKZsJK0UGU1mNCOFUNFeUl07+hFjcfifcJ2YaywLbmZOoH759CrkHuB1YilgUHzcQAzOJHxvvOUGAF9++eHxaqGIqY4jHmT2+lJWj57fJuiJ4vTJ6fNAKV7FAA2mWm+hnWVHWaLkfNo+94J2AR1sbsOr1xnyjEhqB5NAA1qUiNAwfeC6jfeHhzmbKWRrElk5FXrmuG9wJIiMxY3wd7CuadDKa7EkmQiCTvXCY8Dim45SGpFAoyfDWLWvGqsCdbrFsJOFATVKIW2Z2JHzoJTFfTb8336klnZg0U4XQItvoYtKwT8qzJ6dicNaUJKVscsJ3oO+z10nSyUXK0luffVism5QiOFwjkPFja6aEvCy3PvnV1FTyZDUTZ5N0rDqSB7g/EvFQ2LFYXs7Z0otAF3F9o+HKpokPnbzt0Yae+6+xO97NLnS6NOJgNjsVDSNpzFPTP2zO0QAW3V6FCy4gTHW/GIs30CdSWTCZ65ajdihOE7saSt3rKDmkk9EZk9qBk07GB7KvuQdGrB26X1jGbjxVMRdGtXpTzGaysaZU21Aq+XKKNmgp2h54JgVoaPlc3KdaaL6YdGI3r4SvfhVmKo0XdyVTCDXVI51y/1SFPVJt4IxJ04591hHcb9940ol7jrFKFoM0Cxu5rmDSTPMvncuib/LsGkSO+KJd2xHs0gk0XTVvs3UpnugmXMMlB8T8DKYdVXNXhmuABIIAwl46EvHAgaYuNxSVbRXcRb6ElbpUHM3SRs29/uoawMYaNbmDxUONyQIMRe6Rf2V3PDwed4/77a4/sioEuk00lpmSZ5zkXHKZ0Bm17Eys1hGTM0Y1BLDwJE1DGiz70ZJOzLEkaxYuCIVD02yhaJNR/1vx2MrmFZT8Ztk016nh3jrL1e1yfbe6ogg1TacODgQoLksNnl7MtQKaiuGIY9/k8Wad7q7h7iqvOnXEWJ2vU5SJ6ElAgCspBrZLDFZBV58TK1rJi05FcLFfl2Njx3F/JKbWMLYNLLmTTVpM2BGXOxzz4diMjGLSIpJHbrloVm1LQcklhymzJ0GyoaWBfZlbnVhJmXSwxuDwHmEy9Rac/OUThrhjWm1YHZCm2/yi4fS520PzBPkJ0iPirknHBYzSWAeWTbdmjJP11Wqx6BrBFDPsmOziwxPz+VfNOBGMTwH8CLp23yZi3Ucp6h1/iSOMiuf+ZvJRP1B0wJlUKS+d81FyTdiRPgx6BXpGzji5uamzJN2OQQWu09yUwb+iHKhjFI8l16ZKEcRuc/jw44fvfv+P3/3+D08f7w+7Ld0oGT6o8C5FnQKXDkjxhe7q9vruqzdvv/7q3dfvuLnz1Wq56nKjdu+kIkb1FpOYUMvbpOpL7EsM6yVinD5J+jf0h0KHKmGqtGbp4sHVh6tjmEmHkhTZSwFR9MUpJwzpwYjCCgpDZs/1zfWVNCcSfJSsGTyq/qNRjk7ApMV+XsoyoBfDWNoTGtfKkW4iuSYKPOzsMUgxVLKUXPwl5fJm9kmkGXUDyaPJmbSyH3/88MMfvnt6eKQzV+vVzd3t7d2dPMJKMgvaUF+k+6ek2Rz63Xa73WzJHaRIOUeGvdEeQCrLVNhjNaqZ9uQkXPNMVXesYV1Fyd7Erjpmatf8jPKn8x2TTveqnT/bEEVD+AAAEABJREFUOKmocrWuOrsenoPqnN0qeYlg7bW+9C248N3TT4pPu8gaN8IwShL1amA6SWoZoJp3b3/YH2ilHh4fP3zQdJOJY5HWikHMaCXVRrORwJsESzhO2ulwcRU3N+VmDau2Wy5aBjVxsBNyfnUiihuPelTGU70W+TQoDudvgyrKQ6Znkk5wfgn4Mnw4lB88o6KwHcDMKdaIcOAOEZZromA/2x1N8u7hcfPxw/bpkd73nJW1nwZy7/fMMRiZdZQUZdQNnqteZlJo30Dgz5lqk3SdNAk5ic7pClwoit5zJw4WogVzSKo2Gs8ETlG8DIBzpa/E8mA+q+eTA9VxaTLt3+oCkLw5iw1DP3O6TfNXuHPk6eYTleubyxRB9vaWs7/VI6zjxPphITlTGRFf3t+fcZzq5z4nUD6vbIN6GucOJIjOEslVJpNPboPUyzcfA8w32uzZy7TMdH6TpzoXYm9UuXHFWXx50eO5VZ3VbG2cjcQ1OnmANv0xj9cpbJoc8cc5oFTK/dxDi/jY1dg0V1dXitvG0KtdpyfkbBo+aBN0zk0RTcit3JaCPey2/mI7QI+aUEavSLu6Wn/77bf05p5Uxv3+w48fV8v11fUNZzhaurxLbVFASB1sGeptSZbN/shJ0AeKmE7t9fXq//jf/rv/+//t/7E4XjdwTTrtzc2SdLS9lK+NQzoOZDSSnOqWy8RpJoYjwXcgd3SLi9wlDsCOwoVG4iRjWmZ2lIzjfuzHQ6/0TAIvpVBpEGaAS5841I3iXqDZG2cIv8gR/ot/Hkdx+RR8CP/dWE6K2YTwLly8DlSXk1o9NjOaDFZQyBg5qVkMHX6Ydn/ztOl++P7b3/yGzNC27xscGzVZUSI1zNHUqDZXA1e0p9Zrj00XUqYK7m3IxYOj2r7B8KhbxF6IbRpv23Z93Syxm9ITfWegfT30FG8ZsGHQk8ywdmSv077qFqRStIoiErcV97gMzi1aFZcJtU32KKNNrYzKE+1l74mDQ/3XKioYz1x8+JyxMIlpJ+GKNPfguaaezBmOeNwdGARuGBtSHa/WnfRNJUPblwmeW2xRYbKZ63LQRgbHXeyJwx2O0mqHy1Hk85QvJl/+7CO8i/XGFZhi/Xt5BC8I4Cmf0MSpYkm1tze0CIcdKeU7Yruc0e/OKve4JxGQzCSZVY595sXRHtg8y9pJYC7T57MnGVPJq7TL+F0d0VkSpx7fcHP/qGUTjIvQNqmUCqPpgqnSxcvtWEeVZlOT1KfkkY1hUKReWqO0bnabJzIOOetksVD7trta/uqvf5uG8e8+fhjJr/fDj//xf/p//Z//+jfEzJsF/NW/+df/+f/zv3788f0VA2x26hf0qdG4oQwLL67OrDA0+B5WzQvwGdyUP6MDMVVc6899tD/7sKWRp1SnCP1YLhcUraEV33G73ifunqCwNxbsIffcggytxw8fuV5OElXJPZKM1wE+Qx9xu1B5lSZTJSm+1ISrEzlHF49Emkem7YWMd9LT4BXsJM0XGgQml0zK1JKLnXy9A/evXS3Ya9nf4mHo37+/P+5vd2SPs9epk/aq3DWH0VBsk4p/YtSkfjJKSct6+/bth4ePu74ntybJC0Yekr4kJOIaB4khl9XYtJO41ZFLoBjpm7sZkgs4L9rkVgd6WFKMfZ3wJMi2Dthu65qqDWj+LOcbEA+uwVL9rse+wiarlxKccU0IJSXB18rscrE2NNticoim2lLF6pfsCT8e0blg9qOnE0xJIAWwpEdMnBHaqve4kdri+NqUSlkIzjwbkzjGUHJ9pj71meefTPJuLv0wSEKi32zYs+d/kGry3vrspChSFpVD55Y9MEJX5KJ0Uk9pZgHKibyIqMIpef9xU2eh0dbeCpFAugbmw8QNNXikanwmRUDRkhtPkk0C/oanXpnCh6VtFuwwsebOea62xJxPdfL88kzZEyez4y/SG6JSWF+DZJD/cI+7zW6DT9zpQx6UHK9+VYN2GwW8h4MuZDXIMe578yMOumIsgTkBq1uYp1a0Io4CHXt1jKScw9S9u71as/oxFYie5LzF43JmtgRxyhLksxjnyZFrxsUzOau+ismsGBScX9Ds9jjF1rcaJFNVtvCPQGd3AhaiPFYb7aVwg6j+FtX8f0RZBL49zcmhg9Kt6sOgRSM/vKgeSIwqFzS+ai+mKs7o6tWUzG/SLbvrcfl0WKo2zvEyMhmbsc0LScNhpzfRKhEsqZkLLlpgbdTM5WniKjvjClpNk2X3Ny/KbvjMeURP0bBtrvUkYBb7KJveuBnaJpZcZ4nrs3DImi2RuwlWLW7H1PSD5ChmbT9riEGNMeRJx50rhW8+GibubJAqhpvg5pQ+mVKcaf+iv0uayuhXMGNYugCBNjxoLC0roQe0yuUwOMyFuZlOwTd+4qH0UfZfbLS4M56c79+YfMNhMlAvNFCNQTrOWMdSTXI0511OVW3li6OCkzfJmIu9YfcZl8Yf0JIoo6onRR5SOhFqtoiz50HP94nnh9h080k6Z2FT+APnl6yfAmRCJpXCGiKQO+SaWSEEapd+kEvbt8juq921z24k0GCDmVIpMkBrSzPXiR7VF199TJaMahOlqldQfsLCiPXjMdwVojLFLFU+iPkhHdxO3Rc5EovVZa6TGew6pVje+C6k8JaoYPIcMBtbCgaZICbK7nHhsE2Jz/M3XWUdbIDbKwnEKqS6BLSeLn5jnd/tQ+5xhtmxJqSPcM3nMTAO7YdetPG8lGxnyu3kF2mz4pOsX1CPh7gmSbWjcPe2P+xIUxHweiNY9FwQ08y0Mlh/bWxNFUNLobVslU0jkhFPlT5o+q6i3CdrszLposck1+GBaolrKilvWft1GjCVids05yU0V5Cvc3fddtfLNb04nNxx7ojw4Fa7NrIkTQqqY0BtnNBGcWJMfdekq2V7sx6WLZfmNXUYRWK2tbSQmZ4xBBflKKi6HDvk9KEyESwMNLLe99zOh9xEI5k1iZSTPEy0+vRz2h2aAzlDxhYn+py0SfEi0eBTq1nDqOgWmjIzsWtb8oehGkb2bWr49p6oappmZggvH2rSLg9sEEnvKk6/Zj9MN2E3pMUx4T5NW5i2eTp20JMrjhvvcGm+VC62AsDH6oJDY4A/LN958q5zyuUaifGLJTdiVUrnhJ3NRNL5/RMdOOcyL58syVSDWJBHNbJIvZQyUel3H046cCkvTWe0VvZ4OAzik5TEFHYCcSmoYKLQtNE1N0+b99+93zxudk/7/WaPTKdar9+oukBsYoxRy74jbY30vZu7m3ffvFtfX9HSjFz+IcV3rPf1SdKLtRgPLXMKglWWfas/TdXOzsMNd0DyVGczlgLTRjFOJOKSMGohnJvkxqcUZOomTdaJ5kQyP9oUIwk4BE8jHeurFYXoxe2pY0DNxzaTs9Zt3DzTqoRpchUfY6h8tOJLaSTxJMgw59ruSMI3Ch0Wrm4bZwp+IMwijdIr+XDYP3y43zw9EUlQJId76VwbuknH7j5rni6lxZOyXn7yIT0+PGgekmUj9VM2F3cdik5oIkPbu6OT1SVVHGaPnBLOVT04O/tFzvv8AVCpVXHHmVv2C29ngBcv+Bl3w2JNunFb9WkM/ct3B6bDfnvYbvabzUieI3FxD0fycuTFcoGT4sVmm12AXAHRoLJIrvmW/xsBmlQ438w+saZdKnQrOHBdAFuGk0e3E9b2wkV5CXj+mCeThi/pPp9/4Ce+GXw1CvB0Q1UaY7KORZNW3LOg1OSefk9uwSMX7xObHY6JRQnP32ho+GZxqpqHColcYTpq7myK83KIntHsn9jZUY/sqrgwZnSKM0dulfeeyu31BqHZzH+NbVv9CT4pXy4eYOhS2jjPLu52aNx0lp2Nvr2LcQBWeQFgzyMfW1tD9R+4IyzufJZ25r+5GYZl8qZTGfqaZ315QlzXBIsq4inN2Q7G8vuFK2M5gxfTHx0s41lt9wlCs2UKaNJPOk52XFjbaGU9sRSAvhaSuV8Gej7+sADAfIZ+ixLSsk9+WaSTS8enWQdUmXPlhT/h5T0Zn3/hZZH2+U8FZn+q06cVNxKxI1FHDFVGUvaNZtRsQy+kUD6i0R3jws/zSvwEI8X6FYBVplKpIcqZZyAxD46h73cHTbfltBLphSy59Jaeprkyatppy+3EwXC5QtPRHL/7+hvyFv7DP/5+v++5r+GCW5KwycQaKrl+GjYn2RRQB7WClgAaYkXjhR1ib3BlnPj0JJVAPIw8O6PA/EmWvlRP5BqHBeByJiponBiCMVd2Q2F8wfK+xOGtDaORUEqXARu+wAFf7qgI5uXHm/9r3/ayVROmo24824H2J+vPiVhksV2pWMxgZdQo35UiRyKbMXUPw/T7Dw/3j09vr2/eLVY3XSdu1FH9C+qETQF8ItGlxtR0zHb34sd3w8XWHVwcWgWM/spjt9oKInGyvdZG1tgBUgRoUIwgy1UfKcqpNYjimDH5oBPkePLmIA73k80MK3BsE4DoKz6v6lqpdUztwpMCPAxA217oFcz140hsk2G4gds8yZP9j4O0e5QWM0ysir4GFtADcEgUGUYqh8QRk6XWSnKuTZTCnnuDCT2nOMWwqHHps4+5BIA6dzI+zDbewumTlhT4RXJwZlPeuvb27Zv9ficmdJqkXFv9VIjVpQwpMCsUOlOi7RRdEFcxwD0a8TLlFeoE5JSKZaho1/odnp6RFdnt49Obd19JB/rcrRYTmfHZbAkfudGo333SkIWq/VpCDAqmp8ALXNCf1XLWjHQyGyRxMDNg56K7//6H4XDcP23Jjvzrf/WvGNd+wbz1P/8v/3ML3c36mrOLGINBCyN50Mms6NlzxaPpHvQzHNNPwx52Gs5lU/l6+vM4Tp4o/dTjp6nsX/C4OIDLT1Q2E/9dqsuzIHDA9c31+uaaTNlhUGwzzFaNqcoMHvd7wZbnNBTN3uf8M+ksE8YQTng+BndJlASU8wFD5VX91KE8Ft3RM1UXB9HSGZFFapXYpThKiJdTB9CzuQ3Gl9FQpHxQ8wRHCStOVj+IU8/P2wuHkHZdKWt1XtTgsM6Uk6dGWHJtu1yQRvPh4wdSjSZJrZU6fnnwnIpeAlL/JOJEC1BFuDC+1qLhjAEGOQ9LLlC1tPqOpaEaIjzxWtCsuY+6ENlxDt1x35hMTBG/rLQgk4iovBALijgfbFZliLBZtjY1KvEUjcOEm0hn+6Y73ExFiE/A9LPTV9bCWKc39WQq0hbLdunGyH9C65rRVJqISXo0xkiOZy60tWJYHlYjiYbZ1otBZHWtsiQp+sSiAGynHNPM52d2aZtWKfMYJoZNEpr4VFbpQjiXdCt9eAOpjxI07x2v8VHSLkYt8EXxUaq7XXo5QWuCQ1Usx1pQWleCEtHje1uVYNBdyd5zxcpGiKbBjbtLIbkKhFZoqDgxvq9UpCWKNKyWS1Lu2XI4HOhELrFKqD00XewrNU7qP7CMhKwt0iU2gxA13uwYzS7tLBrkblPQptEy8mYAABAASURBVEleBIug9daCHYmuYfk3+bfJOcyk9jlW6oe6hrFSXkVXzKauTgkCRB+CJ3pRuOoWdZQwZ6zqOZy4AAJQ1J7KaEDJaDIFw74LSgDEFwYxcEB1Wa9kcfPQdasLrG+uC33q9Qrr2ycejT24Zwtdm4PQxFAZgl/eptV5qm3CZFNv4S2d+EYUUPbgE0cd2LzDXtBOcrM0Gy9pmTive9toHamh45vRUGlrNjDhS9b4x2RBzbtC9PhsQpkOibUqDA93v9GwQWjRVRa5+pTQqwadJpzGJoXKslgbkGEAuu9SwwAnDHOSBs4mYx4g7XUbAWeYLFdOmIJyId2KqpK33IlU++mMpF63XIUonmEWRazetSqVpyCFFA8OoXF5WMUeCGPsxn1SkbanQnceIYjKb6irUKXIXfGZlIlw5TKckVyE5atrmm9LVFzOGFXWpxOcPbMFoQTyUUIp9l4/RB+9xNtUJV0ul+Bqc7zBF1+hxsMzG0NXmRUJ4TCkYh+OvSCNd8YEkhYOOeepdSDwAQT/EyZABKO5aAbeIN8ujZfkfxYIpDsoZxVlDQ0Wa1SIBgiWo4sLYTRJswAxIjnbiUkp99P0MI4fcNiSBeICnC8tVdcy9MmeJqHDVKVwK4tx6i2rRNhrWkGWD5Nl4SqkhnTOMEXBjAfTALwToIy4aVxLkV51VWYCQNl9NR25gqHFncm8LmFlR5ehaB6YJCA3+cNKcqcKO/dU2OZW0Au9iHSaSRohSMbiA9JDN23ltw++YXtCu/M4A0L0UneVsD4lFnuwfkQilgEiwSJV5ONWrrHjQrV+e5dEJkQaMDkGofhZxoYj4fsNIiRnMAko2BAtdxim4HPTslcTWuW8aFPbpOiqIJqZLHljAHymC6n+mZQv6s4Vf4QmtIDgNU1oDbb2w3EzHHc47Kb+IL0tRdsEBU1ToS31u6y4JdaGWI9DmxCB50TP6lVgGtMgXBfF0SEiLMVEGr+wXaCdl2TiTPSglvzIksq1UfkaiLIuv06TxcyKfBWHAq8vMeol5Gto3qTFu7x+t7q5WqyX3PdlBaxzZsf+UW1cc1Aa0v7JCiHmtu+HPaZN1/ZvrvHdm/FqwZkgjWT+cB8boTzV7YuMMi6qXEgpVtkQcl91aJfcNCGqn2y9BdBgIiNv36dxIn/Xik7kDALsiFOQC3e7b/bDcsDlOF1BXuV81TbrbrFaMNvjbCRQP5dIsoG8TMepp0tJO2q0HWRKuDBEE09R2s3OCaKFRiNxgnGSpVGepZYxy0oL8gQOSK/VHprHafyI/SMc9+3UcyIMANmgy3Z5vb6+vaEZbtyCUMFgEGBoyQfoobtGOw15HgaIo0QZQSrmS7pgosxeX/B49mphNdef1IfBefBi9opZctjvKTBK1+y65Wq9vrq6XixXjbbDsI1vV6PvHQ67/W57OOylNALYIbQUdJOF9mGC4+F4/+H+x+++//G7H58+Pmwfno77g7Mg6dVV56AqcCFMnGvy5ubu3dt/+9/8u7u3t3TNRnoncqeuFoQJu7Yr1RqzGcUUKoo78rOQ2WTKm9ldSXm4in+bGE/14HtIFsXQRxqbgUemSSGCQNUWotOhJ7tmPO7JtDmOpJH2WvTHJbA6LbR9r67XCzKBKNKxXDDSa2PQBSLhsHrVOlVWyAFUGBUTQYgFEZirV2iqF4wmI9vBDdrGkU6ql4Nf5uxqHp78VXLaF0myb3eb7cPHB+mnc6BLr6+vb98wwMn6es336xbCNc1VQDuV/BDHA8XRh8Pu8HB/f//hw367ozkRRQNcdbS5hUj5cfFUKY+udrp/QZg0RhTApb+KRddint9cfhqeK6iqPoU6kbTSc6rU05msrF4neSdn/iY38bD+kqgNo1kNojKkUAKi60S1JI4soSMod4zWn6qWJ5tEdNFcDFyHtTVVzZP8Bdxktz9snjYfHw5PT4fNtueVGrO4fBV/SpLZRZdW4JxsLm5Q+5+RS4hDUOhv2a2Ih3YNI5pw6h559ojNs83dtoG2nnxYrvmFDR4fQ9FFfSZsspOzMjfS3JysOMcFButxiRlR5FM6ATMz5b3eLHt7V9fP3DIN7qdGnkFxCHmzR4grTgcunyJmSsS/3RBTIBbJoCaPj5v7++39445me7cdjgeyN5IUuYVgBQUmEYyuRnoS8qtlt6H2TxS4GWmRKr+aXtwY+Fx2DbNY/qaNm1POeJ5FuBHrTn9wQuGFxKH8TWMEKUVcOBd1AGtSr/eAXxvOjoodFXQ9t0gyREchu4kjDiphe5ZeYRfyXd3s0tZzlJRkRe4c3b40VVVCW9IIjV8Mv6S47ziNjm81yCdyBe06pyaCmgBozDNhSs/bhUHfMSNKvhVJos+mElyoPX4iWgB0Ru/1TVK9cEmVU1upYLbOR3JZkBMOabpAxVHVNI+XasgTpDCV1FqzCS3b0LxndpJD/cw6u9XGSXnvhu+Ml1bD/GMnnYQB+dzrZHxf4m6fOPBMgP3Em1XzLnX1JO8ZDkTR0swsm93XVsVlVRJ8K9N97Yov3u4Vx4VqS/k0aes+LbPbbnZqZpN0ubm5YZ6YwCIjqoxI1acOLJuJwRtZUspZZSFddrPZ/vjDxyVDyq/Ykd8u6ARyx0zCFEfOaBEFzQIEDp2KamQrHKuwH+L2mjMPFmiYRCcmL7dObK5QouKJztfZPYG2A16gN5uhX+KAC0rMP+HjRBSd/EmdEboWZXXiMH2j0vJmLMm9+cHDpeCWI0FkhzOZkCk77na3bXfN9QysLKXJisRSZI8iVkaF+yhS2C31ZsfYruo0sPqYwoQ8xqB0maYll/WTHtJLdkmi3X1k605B+5O6MFiLaHI0WZ9PlruinCtbXLAcKs6dvE0KKhGJy7DRHFIDri37qNK1y4zqwB0TSMU6NzEVyFxQdVceubG89YKWfTp0cFWj+kwT+dXTNzlWpDZQR8SaGYbi/CWOC+LiTO4GFcXNlUW4c5TTt5kLjUdG23QVJBLZLKaRja+oAakM2QKfrgheygg2mgN8iamU7CtUwBOiquORTFmyY2mJGkV18kJBt6uTMz3LMXIyMgUqab6zvOTMrA4lIlRrcyDuFOL8ZDA/3d9zuEeYO5nR5Kkhu+Prr391//7j7//mP63evLn9+i2ZnyC1uiBo+GIj53NeWy20DuLkYUMHmX3TI6Ppy9HGzz3+fEbypzpqRjJNFhZgPsf9dLR4ScwHAZHqGfKJe/SxaSqFULrXBKohrviJ2yXPmZtpPrO1eOWiYPUzvpgxPMkJpXSJA5zCQat6rxiMi4/EPjMt95mk1o47k/W7PRc0jCM953q5ahnViiMlxtLBQJUsrzt+ksgQy2di059r6TJnvrUmL7zi0i1hnnLzJEkisMZcFwq0i57eb0kOLpqSx/CcQZe5CNaRTDinMK8CtQQtN0XPms/mS+qLOexS+GUhfmJIr1iK5AwTUpHGKZ3YOWU5AmbJ3VlgVrg6M1CjCc5u7dYa2bKpcB8Ye+50ssz9g+YiFxezUbMzWnN7uvPCBixvNE2kAUh1xXM8nT2N8eIcMA+1AEoQxQpWe1zLKe/hG5PB/09RD8x4J6Dp2tmUcnP0pFnb1eJ7cO1fD0XGtjEq+RXfVanvDK+StToBr8gJ5czyVFgt7/ujZktwsnm3KJQhygCYAzTbZXPpyRLr7jezbFqP7ajU4FZxEpARtyxFFthuyU1k14ZJnCq3iz0z1EcoDIhhEfh/sgH8DE08cpWnrO6cI0GoABe4U8xkdgdDRQB2geQbuVHqsnpK1Jy+4gyqVJc/1QEzmPRTolLtVOKDuoXyXHH037BsgcSVXAZkM0kM8nA8sqmokOfsj7OAEUMRCbkZznjylDJV0pRsdIy+S816MGsiQ1EFa9ZoH8Ds33RprZObI+VDsZUn8GpxAGNFyFkm1uM+HDni3WkmbiDV9BTVwGlgEwKlnxR4tji43WJEV0hWDkk30QxANj46rUVUAGJtQqTco+LJyawXdJaEs+eGYBDKPbxx1WzNPnHAGdDJCZ3DC4RbfazcAKJqQaAToeR0n36lcGZ9U+5uijeH3EbuKqq4jKkqTHm9infxRPMQGhHy6LgAeH/IGjjNGiaNXJyY6zrpEKv0H91W+uBWPHpBMdZJRd1aGGJdU/NISxgkQVW2iDJzmIogSjohk1EwU90IiSjwcRjfp2FPF2i05ODE7eh6u3BYKRCPCVDKTCcFNVBtJZUr0t5CZJfGPOo9p2voT9q4QYvJkhTjomXfhciICQoHvLemTVB0j+pZqhZR1V43Q9WfVLODNCFBXdtnygmiFnHqOuUcYFaGAwUFMNX2IP+b3dlnjX6SJeeXdMwU8l5/z1EbCtVUXCTJ4H/u6NeIMs97E0jsLs4tbmRyPxlbLj58JRvtgzdpJy9JpwJ6GTp2EICnG2N45CTOkkWIGRy6L9Jk/AxCWU7es48/lF5TSLxxP/YMczL2h7EfJtSYkX5Vg7qah2a91ySFVNfF5cIU4Uyf/OQcwCku+EA4LiZreAQ1SnsCdByXSmGJlMcCJ8AjkSRmgHJrTg2EvMb2JnfX0L1drBhVYL1eiJ7UuOoq69RYtRADdTUkA48C7tXjdMwt3q6nNzfj1XLqOOMEtbAkBESQRy2UM4QCZGMUocqNcNo2mvihrG9iZDnOmxsOBxwZQneRmhU0CzJSSG71CIchH4bFgItpIlfvmmyfrr2iWLW6jVAQRrKmO/O1Ro7bD8kgItykUhEDhca9P4B1RxK8O6kltNYCHrrKDemRQ27G3A7Q9bk9QPc4jg/j8QH6XZP6DgYyw5ZNS+659fLq5np1tarEPqYTzdDj01n7mHTaVSf7tsgzLz3GvMbrlz4u32KmMD/zV4nQsb9HzM1Rcpi4ldJyxYlO5FnyJxW9S4BNRz8YuXx/UNBlcq92nP6wWK1uVqt1w+jSHCO4f3///vv3Dx/ud5tdf+jZohVPqKebQNCgLjm5s67vbt796quvv/3m7ddvSHE3wBrjVQiGoDwl50CuWF8yOou5gGbRQlFWgtSjiLcS1K4nYPIOIpZzI04tmEbtcy4hy2HqZftpZlJcRHUzCndIz9xVx5VbbIpYUxLjveaE8946aGslm4Cj2KMWGI7iWMBqnAZtwkfXzMRfBTlWSKTWr84O3UHclRdxt9ttnp42j/RiQGXOmLm5vrm9ubq+Wq1XQg+NJnrqQPipRzwees5W2u63Txt6SVOhyYKzOuEIwXnmAh2ef4kKg5dpu/4NMD93wvmbi4dJNnzFhsXLtHZyEhSjsh5SrX9CZUxAdc75wM5HhfUnsilQ07nFqg28HN1a1vxO+lBxdtTu4WHz8cPm/uG43fR7FptJ+9Cps9qEfhNJDJZsyrkmjcTpWvZGLZiy5bVoBIirlUQTfmkv6Gdm8iczRHBh+fpvpPPslOr+7qeBynaHUPmUI4GrfF42NTlNS81w1q6uLCGkp9ThuNseaAs8POwfJaHnabPfbPf8czMNnmqEAAAQAElEQVQce06j5XQTtKiAdsIRO7VprHuRpP002RoZNZ7tl/Nsy54SBVx6eDjZ7zksJDMbLegE8fOEIM9MMfewmQqMxoXh0v6FKIySgczSCQrBQ2QovHgYyhNqerOBSWH9kryRyfHnNIFs1F/1h9V7jyL0uGWAdW/2ZGAxwxX4rjLGSqAEZk8XKXsA4UScles4eEMg5qruXHRAnM0FpALxlp03hAKa0Av9Lr7sgoXVuRBTf/yUYgbtGauXCRtdhughOD+Sq8sp4qFq2cSiGv+cPdNFWZPOj1NOWSg4jj9B0skrTkpf6IDX3O5LJp1Uv6qusNttEycad6oNIJYE2CQqUtGKUNDQPO/Ervji7V41qqI0l++Flcva55hI3ZRmQAN9TlqmjDZKD/V8K6lU1il7jFuboQQj6eNvvv41WSh/8zd/q7qmaGIkxhaPT1uK6ko5Ait8XSsVWWC6Jyhgu7FQyfhjbx0npGm1k9i7zLVpFNKLcWT/Y9fWAarKa3+q4yTzQb2C6r4EyaGHrKD2FuGXoa4/4wOSuXJqcGZ9c6pdFQO5/ouyev+mxDO0WCMLBrD1CWVpf/9hmfBmvbomE4oM8ihnT84/0alWV6FwUYsohabvt638rqZ8hGsEwII6ydUY5BakLYR7bjhK9fwkiVWC1DpJzaL6DUHFlQU5YorMG5arA9QtWMK6ya8AJoSMS8j8lJRa0H0qxTc6wamoJmVfeGHA5ELePfb29CkK45JzomoZobjDXL92fRGMy4n4H8P9FF+oyeBVnP/F4yVRNz/x7Fv61urhtF6BZuN4YMtKuyGcjFCz4aoP3IXo6gOe3aqMDU6f9kR+y+WsBxC4l/Ow3dBJnRRPtOziyx4GdVsFUuQjpUoVSPV/ybRq35XCY1mDQ23mSX/VDHYKZT9+uE8cTJ/IuPz1r3/z7W9/u3varZbrx83Dj9/9fvXu7ubtHWl/UkcGoyCm5JzPWWXN7uB0Vkwfs81Vz/Bfkk7+/I56I+gWJuI57PfcRcvCQqIwS4Js0k7gUlallipEGlZMJH7iXhgx4PnWrt6/flFOXAh6/eLl9MR3NlnUHxcDdh0sjFMLFCVR0sQDnTjAzvVPPTGHVvreki+e7dZpCkPN3UXGKMV8In9pQ46e+/t7NKcYatKbCS+U8npJXCTf1ySFx43F6dUdzfDPrXjYxTmaAtM8UvSrewYMidp11ezgbKbC0qxXYe5JueyTUY8IuBT3iUvm1ACIO2OK/80SdivXjgkv9DGxp/B5jHoZV2V1nv2KAkqlH5vhKN+DCqDFxZdzb4kQqG4mBSdNFBUVFoYXSLgoL1FBak83y6NFjLJ9qEg7qN0VfvAClEpqZPNWKASGW4YMICSQD+oBsgZG/qVwes3ZbqqnzG9k6SNCh+AOyph5KFa0nw85bHH0kUsuCmcx0inEGYaBKwg1muL5JZX25CxFHKFNgoRVMC8MIgAL5hkVmvWtsC0gpWWce9wqNIuknVRotLUT0EarxFizl/rRcqCQpHOZpUQKUCbE1dNapTljS3juEsXypLHWeHJLX0qPE3BGrF8fXA/8HC74hY4TDqyGatkhQXX1X8GXq3wxSEvlvwFSCJcITOB86AfyjfcCM6I02WoBuDtKufhT7L4y73NZUS2kh4Rt9+V6GCmGnsperx/67NnrP8n4FXV8xMCaztaNOwk6Upq8kmsyhTGLeCAblgKKcMR0FEirMZLTwkOlrbt8v9TMgQ1mK8WzFhctAy5KBDInRQDIlYrlHMW4TdE69R+jSbTaM/npHLWo/Z884BXddeC5C9X7zTdpMMeQ2qYDh9et+mrZbuU6KTxnYk5NrcIvpbBJ0uuPk3Odac8+ZjeIVBYl6V9QOq+djLZwD32SYoHqP/LIzyadgAJGuesoJKOSDWsPUogNBpShBoUz2UBDsbFwTIfosEdUpJO9QqshVvvYHVLOHjWCXKsGwbpq2VGJOmOe2RlxLvlfTt5QFssAG8D4w3NJJ3jiSwluU9h7zLi79SoOnCz14cxNkVz58QHJVwzgJM1sNzUhU5GbRQDNh5bqi4foQcuTdE2injMTllZP8hOSTmIhwjnQ5AhwmMcgV7fMZ0JPnny0jJOE0s6Ek07ahUBzNK4fKj/NJr7L/epwSkop4iK27i6pszAkTTpJosxIGwekiNmuP265vUfPyd3JC8/s+URJM9icRlWKMvyKRRTneVk4k6EGc+JoiBbVmGKjhMaW4aLmyz8mrx0K6lD0hWTf4WLcqU2wxPYKmutmcdMtbhfr66ur9Wqt6fmSXAtVboWOlqeEpn9PDIXRJvOwXMC7u+nuali0Y+sZJ/MdF084J44Z4STOOBEB2hjLN70uKfztkbFJhrFNmUy4VW6uyO06IXeC2x3zfliMjHHSDeMKuIH6FQfcGzDwkkRx+0bL/VkP5E6UsnEKIwHnvrmOtWkSc9blbPRvba4jo4JoYRknzRGaY9P0uX0a0v14vMfjtk3HRZ4W5M1pmhXHTXmKb7iDDMteU9E1f3FyGWKhrMw9YTvNONE23M63TkQ/fpbI+BLHM/c70yST80N9qCR5gYO2SRq1sqLh/Ig1d9VZrVciCXOwKw3TcUESe/57KU0imZC7xXK9vlqSh3WxWggGxuPD9v33P77/4cPjx8ftI23QXntH8LKHQyw4vhoqTZJ0k2+++e2v3n3z7ubumpxamjbr8ASuJclzJGPXONPIL8xMcG6sTirsN8yrWhWfAvnT4r5MaGJVJQXDIEYjUCg8bQOjm0hjHYM7lO3NYBDcSY/hTeTFZMN50I1RTYXLFWLUfq8jqZoPpIX4GJU5zEIDbqfa0OUnnJh2APWH8avgAfKQ6Fn2u92HH3/88MMPOwqQDz19TjRwfXtDr7Wlm6hl0Sa31dUFfTgc97v9nnsrb+m7x/0e5xaLM5uibcewXn6diEicieZ6/p5NOpmd9/xRSeTX7N5PnDN73NmQcH4VmP1bn1xN1hmfNvrVGTKSC8JgGSq9AJLVWAi77o+7w8MPP24eHrf3D7uHxyNXQw3qSJIcCPMd+PjBMjMt34ulTMOdyDTRpNOME/Y8L4QIOdFE0xNb4cT5wvPPn+AnHEa9r42OqQZxOuGxMq4RQyFOpQGFaxV25Q6ByRJZBUMNpKeDtLMeuCjtuD+SN/zDe8YyefhIc7vfPFHc6bDZHLbbw/bQ7/aCFo8OQhK+nqzSTDJNhNVqQo9nnFiuTw6VESqhc35c3k3n54a+4jMSl0zOSUo2dpymL0xRT+WlCQYSX01jmlE/+C5GLJaM2wwoVsiFY4wUEv3VdC5BL2Hjxd6IszTOCrY5+q9yssKaSE6JAw2pIWvwsVKCwQh90uSWTG/p+6dhROkB6D+1t0ajZeL6XnCEm+df+t3k+fM6q2i4QVpHJvKv4O6nE94hm9grjtVvGGkm5WUudpvbWqL5fMc/dlI6WYl6bdLJxxiKUPxE91viRaaJJW3n8i4uZ+rpaimnGEb1Dx9t+svxhY5aNOr71Yqlu7RWPJD2d3I+eBoKevK1ao3ah9hdHD9T551JC3DAHNqW6nReLJZ3t7fjrxn1/ZFk2Gb73Xff0QAoRqJPobjuqLXIrUIegarsA04UtCX1rO2uV6vpX/7Vt//1v/2Xf/u3//jx4z/e3v2aAjrdYn1zux4f9hxIGXC3fWSVT9gB58YH+0VVCdmuFaCv3GG7JBuInLDECxpNSOeYy2a3O+z2XFW5WmoA1dh+nrnLZAH0edMf58DXys5/TgdUWleO+JKkiQiNYd21GV1Ez50CZ1gR4N4KQzQVzwfFGuiq43L1fuz/p+/+sO4WRCN/ffd2yRVagxadkFpGzoxROgODpzrKpZKatyFLk7aURq1WzKEqovhBRofSZcvKHkSaynLAY1hB/tU12bjcPXaV83LE77bb96Smw3gEYNWlwf7As9G0q0YLSeQxsla9gnfYEth8ddFocwo4HHqDfxySNe3L8n82BD8a70B/akawljgaR+VcruWCK/sG9T2a4oCaSKL1W+Fnk3qiYX/YjpzRv7xarfprXE/NciQLNQvCsWFdY1mSsjy5LJ72AqNdSrvT8GzpmodjWnLuGGZ9QN3gThxfgKGVixSPxjMb8PReoHMi/Cbnqzc3Y/81MdzH9x9Jj1QwYU94EngYTn5jDxmyGwnEf8HgzE2VyIZ4ZkQ4IzK/rY9rPkLMqvMhelU189qHH94Tp5OBAqMaLjs0iCnTbJkIYIrqaS0LB4tEc7peVtNRXNgWVhRpwpZKT1ybNWB2MXftr//Vv9rtd9/9zX8Z9tsf/vbv/9/d/0g3+vq3v1n/i78iLfs//c//z9/9h/9ttRYI0WbZchFnywEhgbRWhehkIaF0aYdLekuYBP9/yCr/yRxlN4n+Tqzp9s0bNQK2j0+sL9Jml+QIOoHhOrgmoH/48LERGLOr6ystUy5M42y/n7jM8txx/PP4A1QC5YQtoHTuJm8RGZiMKnTY7cSX1IG1A8vaR8KQp3jjTN1yyf0MhiOOTV4uVnc33BoZcXM8/Pj4yN9cSgp8eA0UddzBUjWfhIa04qKx5bpdHBgWggGoj/sD6TCNwJyzLEgNiYlmYhginW19DHJ9HYZhOxxWI7kEOCDprLzkRoQpqZPO4kr6HM0UP+FUOSsGFUweOcCSu2BXPeejHouccbATwa1cbPZVLGOs+OGFBTth3TL5dgV9MuFjjd5f0GLSjMMIbokY/c7dQVo0sheWOXaroCBZIh1aAGC5fiIOSH6Re59R41kpsMAYVnPhFKmCjAmebsgdb6bqMfUL1ubJtHosnil3JGh7l1KNx48jqnjJopY1zG4CaEMoEk67/gBiItPlFuzxVz+BAZ1ldyEYg8V00RUk+jyr7sld1ZyP2Lbn+y66G4QVWjQoEX8tNFerNUc7+2GzeeqH/uHxkT5/++YtBV8nQeiZZhqg2TvsvR07fijxwKL0mqPrcBmveF0pFKAB/DGxOtQfh0zxj9SSaNvtj495q2gCC/bTWlmq0IVa1zZmNStKak7ln62XQ89OJsnNoWLwJCpypdjaHAO5woMBrDmbLjao00+cyCi4ODj3MuYKWdUHwLdUb/iYR0GmP0qKWVd1V3xuPX/xw7fn5HPmherJvV0ozQ182oUiobARmOmRyZIgQgeW9mFkJi8Wb27vPqwfD+OW+CVD5Y5939DGgI42KCe8jod+WI3orj4w8yILThwnkWXbPFAWd4J0niFbqWf43CPLKLMCv9efq8cNHDIgOaUxteuO1NCjpMbkUarAJRqZJRklc4gOibgZM4DISjLF+S9ol40L1psR0IK7+qukyzFcCnk+O84+IXO6mZJBBSBDfitadArlFIyuTW8bJwulC5lOzrelkxu4egxQCRh8Qce+eNSa+WuOeGSbPUE2VfUVhbvj81qjW5T2U+E4SG+ZuOBnfzgexPNrmfHK3sf0Uw6bhPq98NCao8qkaiytsL4puWj8acrv2toCSAAAEABJREFUs7M4Jmfpuk9Z9RpHaeOaJVNxxBIMM9f4xcudr6yOFM33mVyKqandgEnhs5HCaaTepF54saGI9dnA0ice/GTaU+UEj4DDp44prqQnu3QutCrj1yJ1w7FIc51HsCGK4TNphYzJ/en8jqAQGyIr3Pvr1hOEKLmwU2znzuseXnkUae6x2WxucUPI0KdRVRAqZUFNeBSzV8IjavsypyJi89TeZK0oVXIBpBnmqk1Umc9aP5XCHIUNzQ5+owGInrwXTTqQnjMO+7E/SPUqYwRCpe4F4KjRMqsTU3RVMHYNOrepUDXaHrHV9FC3OIBUCRIWZ8FpU6J5c4Hr8AZhqCG9dBpr5D+F/0snh/sAQrvO7XVe3DSLq6xdxwWvMLfsfRVMLzQ54sScM8W7j9ybhvuRj8RVrq7G1XJsm5Ehgxp9KphMjGGQrlvXZVQiAG2iSEx0HGWMWKR+m87nvqkHboVDE8Y59GNepLzGvCS21o9p18P+2A7TYpi6Ma0z3LbtVdssiCS4H7QkQgozZWzLkU3BaTjKbFhvK6WYXGXRqYbrBJlCm5LVbHQB6QMBQssjJ53kqckDZPJeHBGOGR7T8NRMpA33izx0MJLiuMhJGs4tV2Tftab1BQ58BSWs1EL3EkgJxTiBasZ0AYMMbD+lP4MjHiHJppuqZiL6YPF0ejIFjDkL3Pq/NBpTCHYn5w6aaDIwuomk+bZL+rlcrlfrK9LF6XNutrM7vv/x/fvvfyDHu5ekwzRM5vI1oyCJzSKhVYY4X3TL9u1X727f3K2vV9pDh0svGvUeomwREV5jCl+achKcPmtSUuydai7AO7CUMJzVLiY7nx6DK2VG7iCjW5YtIXaf6lyOzO40psAzyXA4y+VSoU1y4710Gt15U+nY4GmhJS4bodMxyG+M7FJkcDLQxmF8aTF/dGbSRVPlRUNGTUh6pj0du/2WrLL7e3Ipr6+urm5uVoKx1ElWARj8Ha/fyFANoFFhMrWOAu5w3O858e/I+TdJHXtZtV9noq4nun6PkF6zchfcoZe0ytd88uJtKhfQp4f0Ezf42fM+f7ealVy0y5Oxaz033DMJzDrgJudc3cUNbY/H3Y7cR7QfJ+4bIuMXJZmiD3LxgMkECyMAWHVJ41yXk064dQ4nnbSlhLUwPUMmVdP6E5OJr5voL3DgCTJxcmuFfw2DWn9J5qH25H8hVdB+0cnea7fXaWS6J7k7HHuaWCb+3YFmm8SZdhRheHjLbjBTnTeReR5anX+9aXaw50i/VadBMvVHTlOzHlMdBjt5ULjMBwsduSUKNfU6r7OxhF7koGzpjNRdncZAhzKywwuxFbWh4luKlVXz4HQR+RI9mhR6oJY3oPFXhPSSaalZcWUY/L3sRqq2cTcjN81UzZIDllzpmbHOVHknX6lju6gJAyIFBpL+imo9QLVSkC6EQsZYiKJ7xxsTHgadOB8eGejN3Ir8RNWHqwyzY4pLu1kHClNrc5jUSIvzX5wfrM+JMzVmljQSa4HY8te/JJ18wUN9c7WGDdfX15vNhuSFtrM5+YJlnch7rJJOpGLmyx5YWYV2O/pJo1pfrbW2gpSth8en/sN70lK4m6NkyYDIPe59KCqjOlroQ1Jlx6bbI0tC0vePx+31zer/+n/5Pw3j//g3f/O7cUx3bzIZWV9/9aZtVw8P+82OpOX+uF90sOyW7Czj9mZct2DFI6PY512b26FZtc1EZk6miLak43BqcpdWN0S9B1aL9jQMitmAJgMkt4XnDwx/FHGIr/bE/bM/8BTdHyruXH5Csi4CwfL8j2DOf/0tg53KEpFk+QjLFZHD3z8+/S8//JBhOWH3L99ed6oLsJVqDi6m0FGjBOxIELIgc31S81Kb6AROb3IrTuSiGUA6sil5/zOjrKllE6O/IhP+ak28nwKS3YhLNmiGDyMb23ty+g0c3Bx6VXmAgWnrFG/184RENM2BbWB9P0qKvdgAKIUpjTJzNLBfYeCclIKs93Dmh3au1Spihm3kBhBWzWNH8b07o5kE4HFgI+Oo+aUtRX2mqeV+q53U0sCLC+2Shu6KDevF0j2MBq9xLHYGcThhhhLpYZ2fHlfGV/uynzlTycsIjFwUt19/pTrT0/uPpL8DBoo6FGUKtdMoq53WOijyLWDmZQ3lcjaSZ1iQFt9MkwZMpYMNoyX2D9+/p8t/RVHot9J9s9WQdtYsdUzWthLs2qHVgfVOFMNdR6Ihau4G0jRDP5LFwjH2xVJDsEQ///K//rfD4fjjf/kd+R9+9x/+09Xbr67f3LXXy1//9W+n9N/+/X/89//lf/33/9W//XfXX98e+0HulKcJvfHoqw+PBCen9/SX48/10O2JUWsBabFcfv2rX5Gb5QfIm4d7cmZ03SpLkI0ISfoBM0jPh+/52233W4ZJ4+3/vFg0Nm/UCwA/W4bii39yyxSYo47kyh15L9CLxrlaAzkeU1hP4Ga75GiQZU7O2KZfqI21uL3hwnJMh/cfHw6HxWa3EPRiiflkDfVMAbslVZWSStvQJqdI6tu7N/dPj+N2Q67eXnzBeckewQ66pPnxgP2Ag6WM2Nbm4kFyxA/9sltckRYkZrDA4cOIzhPENxDB8ZjoBtLM6LDUkJnJMuruPLFfU1krnNsVGLb+yWk4s35TSpA+z52DLvrVXwguLOTnpCDAcsLEHfcEed2au0I2B4t/3YJH8dB+fTSODV6sisM0HsbBSonkAuD2aBinjVSHy0g0zpfEL1l2irnfYs+oIcdZi7PqLk9GsYeSADG7JR0BMexjs6iLI483FBzHcdsf5Im6Vh5ZWb90u0zBmYs2DFWOQ/gXZNhqYkwOx61AjNWpUPklfZ8mAeuXEnrQXpuY1us16f/kut4f9k+7jSakv7l7I4ANZmaqczMVN6v4bNDCSaNEudTPqpWY4oNtyD86UFBE8k6OA3KiektP2rce8h+R4iPLqki19BmcJKWIU6ysi8FM4sDMk2JTUzwS/rP8eVJcuHSuusCFnGl3qwO4G1rCYDWcTLKry8yyIjeK1ti0rMANw0gOXwske1zmdabML2KJ+HTpyGuVvjhvmMU1k6VSQRlqVQcmcyIcKpumzX7qRoJ7RMzkFP/q7ZvdsX/aH0gFpmUdJqIhbdTcUEiSYiPENWlSltJcXEqyzFOm2R6YcygXlfp3cd6gkgsnR1gu9fBPJwQ037f+2oTR9plDLwx3KH11Um7UvyZdOGmrknTk2uwMvfSEzwo8iFnZ+OTxS7tVGZR57iS5hC0T+nqP2KFgPIuVkP1UUNecUh4r4SNYmr3yK/Fky4U1dsSiRPGlsax4/cQWU8F6TC8dP13Hc4MouQtVd5Cpu4ifuH3lVtS64X4YfyEL3YaJwPXyC6LO0dtdF7H1yYtcPkPYRX2Szj3MaRFTMfKytV1j/zLmPKftei+UwZdr4OkesfmPv/ta1BeowjovPWYl13zpAF7Dy2YXmb+Bec20jat4O/0fcwjXT33yQflckSpM3lVO+nodI5QlnDmjpwtcmMAytuCWsXdPMifKjgIoAOkAnzlH8+OCjz1B9UkKxoh2ulaWca4HMZTsGCUtv7ImzVjI0bFaQ7fwhwHQ3jRpdl/Dg5lMiDhmG5cEK6YFJultMY6HhNup35H0kx4to+Z7Wt8788wEir068z0NZHKdcZYqVBYxxfOibRPUaLFgnJimWPXiKceU0Deg60Kn9dZFm8CYBNL419DcNou7ZnWzWN2Qr6FbdowP0ubQVaqgh/7LAUWGnWCxQCretOjwaj107UDu0Nx4Cof9HzQXwg69Q5nqIPY4NFvSRgEURAGCQniW++NhJLcAOVvJIYC5m9JyggVjnBzTbg/742IY2wG7aSKv123X3Sy4gWLr4oOHoYkOAtAoSSe9zznEk4mLVwrBa3xCcOWmQuIxUSkbwWeTNho9ftun5gBpl6ZtnnZkcrYwdDCRD4yGvmibRbNYL7pVq1lMrkXrXpuch02qFgpqxSLAHmIOXyXb/iSHkpeL4QFNzUU/IosdBO5CkhiWiuTStJZwqVfSxBQFOGGEQsnspNBER055bo3FSOSkch0P+91293h/v3nYPj087ja7klvh7ClMBJDmTR3N6GpxdX199/bu+u6mW0hDZ/abkSJPPtFkCpsOtcCcgK07gG3zz9Zji2jz+bD3yW+gdK/wQpJfQnTKCiWFmVVv0gJ8zp3S+HQuoDws3hfaUkdBcfiyAs1jEiOSTHyZbJ64PmHQlhAwKZKpHNkJXs0dM8e0fy5bgsVcvfy0FWOvCVgbJO13O3od9ntu49s2N+v17d3d1c31YrEAmF1ZxykQLygtAo8ccWfs58PA1Y9slLh00ryTooEYnEsqvoFLSt/p+MMySn+cA1/xp1fR2usI0mTOZ1EvYpHA9onrRyKQlX6kmLPfUfiMcyN6QduVhPNkVCgni1hxOw1U+9e+ApxRFtgbItrtfcuOhOwqoj2EcsucKw0W4OXH+twd+0WOM9jcehihd41hw0UrF2nKMiTv3HLYbZkZHhkthnFbOSbCfvOkWbkk7xpG2tTrSpylVZxU07LqZFtZkZDJeKbEhWIWub5wqdDrsoZcPrIkl/i0qKB83ck05LlmfHEK43blCWZaQrzR6a4Gahi4qVJgk8GyxrUttOHzb1xYbzILRs95glfA1RospMJsXP0Ba89WKovkwjp+V27nTz+/Jpzds/gFZmM2/VKzeKfqLNeEtTLCcUtkOfwBsZhKaDsJz4LV1WGyQ1t81kPHU0LBSxuvDDdFqCuuPB/RM8c5H/+UJfssSwf3Ds2v+pekky925Awn6g4d4pbt93sS6QdBXWpSZZWBVqIbpSkkLIuZL590AimqZMHtRZTwNpEFaSRfvXu32+8fnjaHw+Hjxw/XN9fL5VIGZWFvMVNGcb8LpK+EcOhfUlWavsPlulngt99+/d/8H/7Nw/3DH767J1Pg5rZdr77Ob27ItCFdiKsiSaeBLe2mBbfrdkBgpVpMJB/pkkuO9PC9BoEjlmJIJt4Vue+ubp5ypnH2+yN9pVsuJEcrp3Nn1B9FsfmF/Fn/dI5ztTKgf5XN1BqVMuhk3HlWBJmK0NSvehNkzTAVfweRXIvLazI+/2ZzwD9QkLO7vVm/bb0LujRPN7DSSTWNYpWRjoXRVD5WzZEmkpbryGdQfBOji5XRolhE8wzVwz6Fb5bLjjzL49QwvMpx2vZkeNMdt2PGfsGjZvCvJBFJ3cuWXSBPqk5yTfyfKkx1/kDDMAOOjXVKldQqwZdnaWTdQBkORfJtNVU+Rd4BTYs2uVPMWD4yRvTKtrLMLTkKDtsdM4FhXPTDYrriq6xJkkvvVTDTAurdpbpUeN8kVMITBZKzLxax9MBqQKJhYd44OZRQYvoJx6nQFa5ZAVuenFXrzPocgtOhA2Bvf7Nc3Lx7Nwre2+b9PQxoJfCjzRWG4BbilZ6BgkOjKLXJGwDDbIwQSc2FyKvGUrYQqE5GLmoDZC0AABAASURBVEeUk0ZpwXvcbu+/k1Kz1Nx8I+1yraTE0nvVE6cDg8Det8o5cdQRNTRKu5mhcZKmNIlN3Q8scDgtithzh/vdX/+bfzMe+w+//wfizX//v/3722+++pf/7l+vbtb/1b/+1/ThD3/79zfXt91q1SxWigGTcKzAEWDOARyh4BJTjM1ehXH+2TLPP7lc+GkD0F2pOOoapVA1m95f396y+D7uH378QLS1vrpigIJpjAbCu6cnoq/rm5u7d29R8pxOR1K5PGo//stDRUyffBScbXjf4PHXVArxFeqSy5UoqNkz3Aj3rmZkBTcIHJxJPczqsW3IMk94JH2E9KRbYu8DedJ2P9zfH3a3y/W6XdCeYDxStlNZU2mkkp+75KgNMrD4IIbx5s3dsT8+0URxsRiSl6dlFC6QRj+ZIrCIxEunRTuF4Eoiw8g7+LTfcQZavl447jeIF2jURxT5pXBMPiHokzebP5RkykpL9T3sbCz4cyWNz2c8PXeYDHW9rurrgPC6DY/w3N1ccFrQlMt/BA0Bc1xcBM5kmcim706CrTkaxjKf1rqxb+nUw8DuUU3rm1J2lq4+/gmSx2tIyGXNaJi0oR4ma+aNemsbqbP6bJvJ+tkZr1bXhEQ8wN24ojipYa+OY+24B0Pm7ArUuvJhmg6SJEoPvloQ1alZb+dPttSQK3O32nT2mZaBantyFmbDSDtBSqAEU82qhKWSUgYH7sbKjp4gZrchOnC3+H692HJGOf2RnJ3jh/f0t7u7uza3udx9Sp52wGjB9N/U2F/QMFN5gphviLbDtbmLrF7tqaehHHp62kGaLg+43UoOKBsMXSuNV7QOb3KnM2AhnFnRsy4c1J8EbJj5ROdE507lgvN/SpXxu9t+9UU0EQgltcLySPz88D2JXsesablcML7vgWdSUN+b+l6v4egAnzgJf6rM9amcsROYZaTZ5EtdVa4UP+MzKQWxs75KUUYGAsls45F2smjy3d3th4en3fGoXcYo9Em6Sz+ObR4OxCGHYU+e1iS9yAVH15icBgY55U7Wf5JwVSzxiXNr9kB4aTYw9OPZo5fRlyKw2tgXbUxg8eQXQ3QWXmGd0oTzkmW7apvjlPshy07m80clGe3IrCUWprAa8ajCpZgkdLFR4GEGMQWkFpz0ViOmpIqlvDXcviRcyuKsyiEaozsdI6ICehMblXon0y993qB6eKznI/1UcrILzUV/WGr+a8HQUVFsfr35deJqaJSQHN1e+C8xC0k6ObEIfuIekMPaZEN4mJnUGXW1HywyHRp+ydszl4sJ9BQPNZ+WIMoqu0RZsLYpz95QHMtLbwBafW1tUTxVrVzaQ/Ypue1tZi96ClPkV5VxxY5mGpqmGUt09uUMAF+cVERPMZTr+tOmky/ifCZO5sa/q7Nfn4w2DnSCxNOdjfULFUBVtYlCX1D9VbYaFtutDEKUgeRdY+ReU0Fms8mOPJtpJgowyNOeJGeoHfZVHzBMnsHw8sSWaZmd6X2YUgWmojzI9bNCDr71BMZ81LZMyjY41MJVJewjzsHEdWxyO1V90LUt7X2m6CNOHqH+JVPL0Z7VGgkwZTCQ25DGTd9vSSXngCdnnEyAvkAxZ1hmiQ/dFpF6OPmNZusuz+8rnqL7fSqI7aWqeBKGOXlChCT0CfEbdYU6NCdRk4OqOUluyIKb1HRXbXfddldNR/FqaZ/BqR3SSKYxJiLHqHTC6At0cOAbm3Zqu5F0q457ykxZ0d0T5Ei38txoCBvKdXbz26DzTmtmrrVOKhGkV+HE6cL9gdxWDTmfaK0xdSkvcGpp+rcHUubS4UAceEEyK8F1214zsqX008k2asmkFBRrcjdxk5JJuNuk01RhWCoxKEoQBMmq/9tyjyx4b7zcR89tcsbUMNLJlPbkpZnGbcJ9mo5k7jBp5mbZtsu2WzarNb1L5ONIro7LTRUBb1KRJw6rRkAlmuwtMouucsExhT9ZZfoph/HSkxHwoXEBSzRxXJPk6SYBKtx4622B5+i0aC3EkCJtDNIQjgF1SN/uctcxnK2k4PB2J3/UbrPfbraPDw8/fvfjfrOV8Kt8XTpoewxJQn6yNRiQfNFd3V29++qrm7ubjkvXtEaANDjOGhpl5E72AUqoTxopbbV2ic9Mjs3IZMXiuh1z0R6mwnKxZgY6h7LXOYv90B+l7GQcpiAV+alJJ9qIR1qdZjJEVgqKIzQjSCRe/4emUU2QQhYknWdrBsFojpNzqaSYVwr32HAagOEiRDu5MpIQHM+EAGtCRW5s1e+2u4f7j9vNRjwPFBxZKsAJY7QImCVi9F4UXLSBrD/y6TA9cKrKds9tlMnAHG38XG0hF29goRMaTgGeyiLL+MFz4Gu8dJyLeyzO0mp5L32xMtngoi9h9sllb8OpeXd662cOvJBzgaeXvUC6ly5eeaY8E3N+LSsZZeQSRpoZ+TUcNtvjfj8ce2GuQtw4eeMbkQVNtswzFXkCotsywpV04yRjnLNM2JellA2N6R5oaoGup2q1IiIsfDAjv6LenjwZpD/KUXn10nk9QKWg6h5hhwNitCqRtEjJLzmODDksObZ9f9htdZ6NGFCNNmVKWoskXRhsnzITULVA7p/TbCPo5EXqMJwOPFX56KGMndHJxfDISWaG8J/q4V1koquO7ubzv55eB9J5RoYD7mKdLJ4MS7jom6JfNrm0gNTPBcsKzp/FHre6raXqyEfZk+eqgVWTU8Z8qg2ji8tqdk3XUHTFZMyksL7TSQBLHUrVQtWsA2ZvmjQblOsVdlfEsCeK8IGgCbuKoPJeYE6Vw9WXEk5sZD8FX2BfULnZT2/hn1RIJxekSX2p17HHdPG78o/8yKeAs83/8N//d+mPeFx8vLOT0hc64DW3+3JqpVlSYPwcYveO3CrvoECs4YxAR0bVUyfvXqVJJ5qh8sKqv3KS5jNghURYMQvUUH3TrFYrGsHDwwN3NExIwRjSRjMUicRZkwEjrAjSnPHLeSGJoRe6fjje3N7Qm+/+8XtGaTtOtzd3EriiKChKcjEx97FpF+rD5UC7KCu2X4VZinHWJEnC1Zma3L/OyZqCj8IgDeTlQevxoayCPSPenFgfLDeNcaVPksFnktxL63IibPBLUdcvceDZm886ZnILitDIYIIpm66qkgZOTrwwEAj6lEZsJvnZNSHF5CTvc3McKFw+7nfHu2X75nqdZJUln0A7pKB1TXPRrv4CJTkx+cX7P031HTWk4ECxmsQuBc2gajFreJPBP7ac6YSw4p4J5FsA9oIvaKyCzwjdJC1Ck/v/uJWUIMKrBEHLBi1kATkUObR2xdqEeyJvzGjTCJze4adN5sWrKE3hatFQW6AQIWohuFOsPgwGDiRyMj4FYAUmWiKnqA4U9WcY/YoKVVt0flPlXcyqkgOD02gl5aX4GSu7wnhdzLw9Eb5qk852lv9aoZKA+zLKBMBJPqv3vbBhiURspMWGt/C2VmKmRIjba0JtHygc22OHWO6UoNIYzgddj6g8+Jmu2WjlPmmTw3DY7jaPD2+/+QbYxQNatC19rFWv9ES9CV3rKvqi1hO7lOErT4IDJDa/hWporXcSupNev+3u8aNYOIkM8Xe//TVZo8Sb37x591/+w3/8+OOPV3d3b7/6etIISnI4BVWPzM6xxzLc5bOllN0IGPYV4ok6Vabl1cTwl+OXOKDsHOMBySEltcMrxUQ5nU5y4Mh1Rx6LbrGQHKxMttzT4wPRiXSHaHUFLSpjdWxQ3wILx5htjfC8nLpTXxyzvjMjfMYlFAtKU+JkO48TGBQtV3o17AvO2qqKaxS5FsqSAtVyDc2E9KJJIPpH7jk/siZD4eHcErMmpx1LKu4SktmJLnkCFZCkGHScXdIcpY2aPiE7nvg/gZWWvEoaYccZKDA6ELSKKroQnctOa1W5ZDYN4NMeO2ydZB0ukn9aWaQGgWXsK0wh4XbC4MBwdF121sTgsx1GmrJEsEGUgi+9p05eOIr0pNpGrCkhFj0yB8JnDehuU0gu8jBKYKP5gmm1al5qhqHMi6aTVGxf61c81CqjbpRIpENB1l/n8iMSl3zsaJcMVxNadoo/WeAdlkJDr56zB9e+e1BoXtc0h2gWhs+bb9JRq/7A+dijNKXleiXVHaL6uI7J2Npq0DqePvmCiuuT3g7SmE/Kn5r4kj42g0v0DNrWNopsgqYMOD2DhtQlI1fBqXmPjAKF2DGafEwHFoaP4vbKCW2bkNVgPF/nq7GFF7h1i/5oK6Bktrg8MTMklo2Socw7NwkoIwqVh86mloCGfM00kDUKKHI3iRyvVkNnoZnYTyW/uRFuxFDkXVEDsJLRvgxYSUxw1xj/XduIxGYfB8YVk5TiLGg0rkh/+vjlZCZE9ZFPgE516KDqWRlk+bXiPVS+2EZ6agQbwFaB96hopHBgsH9yCnK1dJZQegvc1y9LspKQaCsO1AbCxWOBVZ0f5fxgS43GVgHP1YnQMs51NjAtylhAtpdvrjl4u10LDcfA5KWSItutlgWvDaeZYY4cvGERQabCKO0mJskq0Eh2kkrlItFkNFkS4BA8tMFhAI4qNS7Zsn0bIroPUGvumi7FF5dQbnI+Y7w+oWfpJ+/o4bKyZKr4X8BL0+F1NjM8hwAMp4thROG9A9iOkK3BVMCwXiPGRvNv4SwO4cF2pzH667HviUkuFgtp5Z6fV9NfHmAZoaEi6Hv5Vz02w0i6BJLDRHc4iPIwihUXRoKKGxW+Yx1ZUfqxtMhSvmycykvaBdkqycykaMLuPyXuGLwdrJBJ6hcm5eaTIz+TjCfXyRHT/dC/n/od82u1E9E8PWAbIJ5Og5xoHUlqHqjTOVuFmD2Q2Ecl1yBWLcxzcOT3apYql7fbc8l1DHDQC7GKGiyqjZomiHiywM4m0LIMGAc1xVNIL6oMqdI5J2snjUFgOjDtCSJhXRZS9v2pEm0Y1I5+sO2o2Se2ofhQmDTj12p3K3KSKtL2yoVvhh5ygUZV4kOsG0BsbWkDUTJNonhfwdEg7Dmp/x019UGIBVMH3JejRS56EJANLj7TJdQ6XyheHvbBmW5jVGDPFUxUaVuj5vSwjPlMajMDoOCeoj5Dv+mPj/1+1/eDOEEZdlTgUCQhQYPoojMYc0vO54tITTa9ksDqSQaa6yPVPaCNLUZp9S1NJdATUFSp0K7KdmEu/4/cFKPWMTBwMdK2LdPFk07EyiVFZJ3bK2jumsVNu7pqF+sl+VbXy25JoT/n7drZLEtYjCt1hlE5HLdlG8hMWK2Gq+Vwc9Uvmr4RZD6wCiRwNUX2ggcpQ4XIxmFAoOM6xq4VgBXdzwy5iAxJIpki5M9iE4YzTmAx5cWA7XHMu13e9904rsjHNY3LhLfL5c1qoYWC5CLK5mCjKRqs+8DYo2SRai0Nu5MVkI4rjyTuCcVVAiFCslKiKeeo+ltW/Bvy9dGdmiG1A3n8oCFvxXZMT+P0iHhoUt8CLpu8bLv14ubN7er6qutl1gYSAAAQAElEQVRaVkHZVSNSJ7uUmCzTiN3vMhusQHCTo6K2xXF5i32JA18jdozZQHxFv8UO+alwYv1DPWYFyRBbgVacgTlI+3Z0PTespKJ11DD2MCofExCcRux73my0O7ZPmw8/fvj44f3D+4/H3Z4+UcHLBEPULosjzIk3Ak3m+npN8//uV19/9atv7t6+WV4taZK51bmoPGC62Kj2H6qFB+iWZZhTlaLx7JyrmetmptTGyOKeagLgBqCbi4LpyAndPbkvDuQ4JhuclOx+ckycsFjFTGuAUVu6xZr27XoloDiGUi9MQMxP9RBP0RKlrLLOMyt/nCeUdOF0YIKPkjiKISA0quE78EkK8Vhm5ow+dbQVPj7ZaP1ms316fCTfi2ac0Opf397dvXlL/xHfCSJHxVyZWBOYhklatFDAnSFtaNH3u91w1HYtSbp/hwIMUTaZimWTwgtgDgjjt/jcK7zHU4XQc0r+RZbX/p80m5M48/y7J4RzcspMV4gzEM7E7JnUlRawafZAk4FsYR0BPrulqTOhnDoWghn+OppJtDTJckhs+/GLuz/vHp/otX/aHHf02o5iiUdWaEB7iiRO5v7VjtHLZct9tVrh/ktud7Va8ks+B7IvmtZoUcWJ9YKx5juiKchfzY8BttqVE+XnHhGje50y7jvIrBKVHUnxwSOL2zwwin6r7yVNgFWwgev+nx439w+b+/vt4/3uiSZ2u99sDtvNwMgxg6wCimanAisbGJE46DJPJifukD1qWJ5Q/GCupwpbVB+aNZmtXJEVxwNTesPLFH/0I5/8PqfrSuFMTtLoKYlS8qEaQTbboBw5FhSThQmyqm/ypBoeM+Va32eFRef+oU0n2ZraYqxVvaKVn/Y+C0PTc+S0PP+1UbgdPc36lLFXuUkaIHPLHVNyZc9esm/m2HopxSz5WkioS+g2zq1dl5foMJjGp8halURztNUpA0rGJkPMRWDUHTw8WEm13U5eoRfZ+0Y8Wtl/ZlOTwGhH5+f8OjItGao/FX3Rv6L+N3CFIXu7uPrlNshnvgCK9RHWhnWqK6+/JJ2kL5V0AmdVmsp0FMiadB4IWyGsMvGwxPenuZV7zm7mt3vVoOD0VLAwSP2JOWMm0slIFSFdiVh0PwzcnHGxYN83lu+atBNWIMkx0rORMavYV0gK2lfvvtputh8+fuyPA/316upKeoUsBgZBGFCcbsiAe02zCANWRKcyEEknbCOPTp3Tod5xFJZVInZvcg627WLdP2mqIxM6YEyvobrPIbmXJeVs1eD1Pq5f6PiT3t2Iz22J4q+z1cGZ/nfy3cm/M7lc0ZINjguSvUARkcP24zQdr27vyEhQeaUlhljuD9E0N7wierVC0bpkWVJZKy0/idMwVaj4UiOoGcJZfcGMIQni+8rq7xiQy+A5oJRMC1XtA0KQg9F7SpWBpA+qnNrSU8T5YmU3OqqqUKSwrKKVmJaTDGmj8JCZ7EvO+ZPZTgqjN42e2AwW4pHs3hYqAzhuWJao7DITq1xvN7mBrMUZiDHJMeKTS73M6L78EbsSJcbFlT4tcgHEgaaPfu/7o2Zm2KyCW8Noy4San+Te91P+AhdvKf+cqI+xE9zUEqeRwJIM/W6zIT3v6uom54jVmGoD4FrM3CxN9WQWgw1zBIH0AphW6zXx1f1217GRerV9euo3B26QBPj1X/2G+C8Z3F/96le//9//7vH9x9XVFcfm2xxmWNGoYLa6Fx/z7HGrr8IpPfyxieEvR3XMdrd78VVxlC7YbMpuHp8GDovyQbQjObJs2NKWOGx3pDm0C26BHHU88EzG9MmHz6/7OX19YuTPfQvcryN0nHpG8p4U27bSQ0B1EfnG5EFi3mrc9VkczOy17inMxOV9eWQf0EIsr4hRW2qac3qwOB+IL2vxtHmiWD4HF5Pgn2qOI6gpzvUYKiq42Tb6k4hzXGw3qbdKxtbVkaF2J7r/TKodvBcv1r6QWYg1DC6crYFHX8osnh5YroDzT0LKF2MczA2QQjF7TiNRRQ3rsShDmF3d3R8zyZdSwV9PLuGUaVvdd64pwTV19f2AZaJm9VQ3nr2n5pq6McBvmiSAjOGrKqOdMcKKG1sAvvokrmb6UAgQTZKY172p6DfprUH6UddWs8A9AOO2Xq6HlGZuQdEKfFmKNa7t/NRNU8WOwlDJGvKJwds8GJa7uBHY9ZAE4dk84wLetlhYP3kdpTkQ5fYG+8F5JFGpLLCLPi7fuUY0k4TqVJvnq4m/jB9HgIOT1cta+M2/W0i48AF5JDwp5PJtauuWClXXbqOY2mBU1WVTMdyeMxCEjaY5o3PzxE7Q0JrCM+SItKV6VV86fmmxWRhMMjrORXab6ijZcqlxWJd6i1TcJNdrHBFbsujI43o4HKxy12LVrUoidYcoSdUWrLtz/NdYnfm6njyKC4iL3AjgxWbJQckePDdfktS9ZSh9NxQzLGuE2evlRbkbsefYqnYFklCvDx2aHFsXytO5YzK5o1hAXzgkLDEBqIB0TEmbm8KeEoMxOJ8lmytbzbIuUJW2mRRzz5pe8FXHa5JOTqc3pcjuy1JvzL6RqbTKgmoVZl80fmbn0PSPWpwtrrUEL971dQPE+YNr+Y26dxJzvIXTlWWvKcs1kgCTU1MI2IospyoJwwYQKyRnW4vNZPILK8nOQmGaSsKIJJ3oaCeLFGrJP39dCgKaI+LjOLwfOekEaxiMkBHMYKUVgQWiilbgHGyWgpnSifaozyJPXyWdnM8n6OHStlzKt24sBZ5op1WajKsefmYhDpukyJox+D5Hc4t7oitQ9rNCnIEi09WPkH1gae7z03Fg9XCoaQFeFI+2j2KlLPSQMQLx5iXIr+Lm4NLdaVuG2KgPGfIshSWcwpoAFxNlP9FSNRhOCaHLzVICAq2AbDSp+JDDYWF8CD2CYlNV0b8rE5NIhVGq0xZkHiyW9PkojSM3/XE7HunnTjFO2OfCsyWecb9aTqaiZfPngAtctFbCmKoNAUXsuHjV/BLtcsHo+go/MPn52sgnQKZca9aMasAqkdo+T8ktcv+KykJyDy1Sc5MXd+3izWJ9062ul6urFYevOcZsM+hRKSFgU5h4fDBCHnJ76Lr+anm8WR1W3dg1KIiIybxWxqKDPHAWbnexLN6blgv4pCLIUD3kPlxlNAhi7kSci7xp3QSLERZD6vopH45513fD0A1jOw0Usr4m9wAZdGTjJC2PV3WeU0wEhJiZ7MSZpmg4hLr6UI7shV5Zmo1mAazLEfxoTMPh0TcqPcnhzCVexKYG8sbkdqdJJxM8IW5hOtLfF7lZte2aBrdaXa9EfUdLSMsKZKskoQVaPKSIjbH+kILZfGqXfYbE+NmHzFZokmBVYZxxooLM0zFrRdSZhgGc2OF7xNDTpU8ht9JktHLjDwzdoQA8RP5DP24enj788P7Djx8ePnzcUkR2u+sPvWYhKHkmJX0uhMOWtvGK032+/vZX33z7qzfvvrq+vSGFX5LnnI/YKIvcuPjMF369POeuEMUGxOoG5yo3mMbCkB4UxT8cOYO+P0rGCaN8aHaoaZmS30b8biGlhBSzWK1XSwp+kAnD2Xemz6L5Q4qer4dnBOlU23o58oTzLqkuYWdDJ6FajrzmavMWEkhz3abwXXkvV6BdnXsu8nm6//Dxkbseb+l25Fu4ub27e/v2+vaWy8k4fdmhCzg5TDJv+qE/9nta3u1mt93S68AQGkdWSUsOTRHsyN6MwOpOs/p7qHyS1hfm8lFcDa+JhiCcu4bS647ZeZd8Tue/vuLaeHrhi0+B5+8g3CmxfCFxTBEQ5PJGdDzuIXo8Hvf742azf3rabzY9BeOk1VFkUSjHKh4gle1SDc4ExpXiXbvg/BJ+LVYCY0R7lV7cQwvnWlYCw1+fhWVq+ZlefNCfcdR0/jJRQDFRUniJNIU0hgP6KIZVpjisLK363e5IPsmnx+3949PH++3DfU/UblkmA1rLMCvZlTKWVpMwStBdgWG8JFmHZO50J3wdHRbF+PRNkcyhGlUnnJPTc2Zp2ZsAxed3SpAhHbKndVr+BycTSJ6HZpOUlJo2R46I5YXkRjNFuM6jlY5CTbaME+nN5AK9lvOqWhoQoJn42XKTxaS2n6WgI4Hroliey35WOIRumFQPF0ecNWEd4XCEW5hzj9pLk86n7CceshWVDPFT6CDwaYYjFzBbb7auZ6RkXLh+AZx8YkqzTzjUtkyKT84m5BXH6a1r1RRO1dT6+EvSSfqlkk4qnmPqiMPTBZpQ9m7u4HQbGkxSesnFZ312u9cc+VyAgCMv6QnJdrrZ2jpObhB44H5ApIGRiuPfM+eUZslJ8T2nANI46StHaRJJqhTpsd9++5sff/jx/fsPpCSv1lckCtertSD7cTL64diLJxskUtPYvKmdLxdnJHnQtvVq3YF0XJzUU9xJiIjLxViHRpMNCYqyZPMJ9QefmKfXzeZrdKYQJ3ZZ/DLU9brjj3mvOCpZaL+i86AQKBBh/rOT3ZCoPuDVU3tfObqKLy680ehFpugfeaj3B9Ip9u1qdXV9fb1aU1QQxFs9Vc4xI+5kfbKdZXtCZeG+hQJiP05aOql5GLwJ2yIV5RStUpJX7rjBAYNKMPiaqIli1+uDaOJo4/4mzKHAwHwerTJSN+moVqbZRdkTHk3NUPun5MSerApWP33ronmodErAPEmS4GKYncDDR3Tgk6aR/NNppken+Xsw+Rfmk9V21yheqVIx69G+Shx86oC5Ef7SLvCJUFtQXX/ypPyoxwPDS9olptBO1CGnX1d/ijrnzZMCcPYU58/kLtVUP36ZPT2wOoH/PTw9Jul9tliupAMCgAez/UnQvDz1XcocqEEcarqFSs19zEvMnXeaBacMkEH+8Icfyem3e3q4fvNmdXNNi7e+uqbL//C3f08OiHfffHV1e8O53lV/pVTH4So+8Myygms5VaeJ07X7y/GnPGa7232qQmdShCYJGrv9fvPwqDy5EYij6ARBW+LAhTM78n0sl0vwnNrsHQbObxd3fM4eeJGiLj9Emil+WH2uMkhZXxIvTI8MKtB55SB4REEVD2sQrvtca1KSVqYznBWnnkxSNLboJEuWNthoc2c709ltFt5LrIPcWHTb3W43SOsrlQsiGcyO5dC7+A/FDWRxFs3ko9266NRpykayuca9j407wiMWhbOJVc4MNhH1GiQ33DFWXSUmXOak8SFeTDoJuVBUH2N3c5FUllWvM8FcGgYfxPoTfZODgYJaVMn1PXFcO75BsskHKNBUPhfJUJkUjQwUTiAbol/OXiKQKuRPFR45uWIgbBVCXUgz5cCo0KVh6PCKRqBn4NyhZY93VgaUjVk65oulwyJ4fSPUdTMJI96c3HC13YC14sXXlFgsqI+U/teogO4ByxdJMb3FEHV/jDv5uRCo5a4oki3BtkB/5ETzhqh9kQXUJPtC8z+5eCs8fG8Kg6/k3JuRHQ6xyspPoubxPhH0n1RZyMJlNwAAEABJREFU1zrJlTeqYgjFX2zz7cHf8mixGObQmU1Zrfz4F+cm5LkHPK7cSIZBIQ/nDuDYQlBCzvxBhQGQXmOh/MLyM6J6WO0iu7EFIBnUk3mVtEmShz1V9VMKvdMvobxS57ofB5IfEhrR3ddqwb6kcjOslOjajSADXGBOvkDBEWTi07n5DOG+vPSk8HzSCc6i2Wqte055WVvr92GrqjsYrbEJcsRjxCNK0gmH1vIYLFS2hnZU1NnNheUFASeLKWs9FKTwkrr6lUKmmoaalL0rcmTNcGzvlR2eq4C6Swuf0/KtMoufev2UpBNnldKqSXhU9AVzPpyeMcax0pB18pmtcbrn4lVb6MUBnm5sh/VDhlQ50u+cdOLuGkYW5KiumW/OL0TSnSWdOKRkYUTxsOiUCsURGckR5RgF8d7khKQhqe6vPnW7jlxolDKOPqX7vv9x6vc4YK52p5GHYiUqVgueyKM0X4hUTL+KPRo3080AOZ8lnWgGoUsi2+/24J7hZywyuxpVf5v/NsU0mq5yYdFcvkyFfflM61dz2R/+MsMKZg8rFQq6l+e7TQ9H0TQ0N7AecJVGpo+SVGLwpDTmlM8Wks+RF5Idfhxqo+7ssN0eao0yvgZy+ZZoMqWAMhXQLA+ZjtpiS4p2MDUTud6apeJ/InRJA7IO/xautuSpN4VkC9FaGkoOMBKT3qRRSCMP1hYozrkdjpvhuBv7Pb0o7q2eCK3RyeCqePI8nCZmHkKhQV9QDTBY7BPKvpGXdg7SFATJ8dDuw6ias1+x4L+m0FXMUYTe5cyuGXneIZplfyJN1xoazjhpl7ft6nqxuqLo32rVctpGaK3m5EGpTtItJpZGpnh+3zb7ZXdYL/r1sl92Y2fdcfRGdTqHDiQ4iabdej0rFyFrxommPVviQM+I09NAjImzRhpS0jjjJHVDop9538P2AIdhOY4LwCWkm0V7R8F3IobEuZ+KjCKR/FHmcATzHE1QlmBOE2C5T7VW55W02eSzshf7hHnXlCTjhCRj7sgNvQF4Qnia8GmatsTRO1IFmvZqsbpZr67pn0VO3mFOFXvrZmJLRo9PviwKxUqOhWCcZLcNPikUPk9o/MyDmVD4zVSX1qY2oVXOp9c2eHmT7VC1ijMgeulVOFpSYhKItI7mQvxK0h2bW8FuHncf3398//2PD+/vd5tdf+D6UPGuiyDWJRb8ElK31zer23dv7r56w4Aa726vb6/pWqSWSSTYdBnIabZHU3pGPYULv8Izk5OC5jWLLyXjW3h2KigECtvo3EXqSBENTriQrAtFdXLmirRNtPkVPQWnm1ytl6slJ9AoUpS1HDVeAbUV4DZJSTlhxKJxjHK7lNWMYlyTTlJ8hALbVpOr8KLoPJezuqaFKrghzv7x4fHh44ft0xP9SrchJnN7xyuyvlprcpWyCMmuo00/cmMRzmoY9pxqst1ttof9gWaDU5GmqcogbSqlvdiwqscW2z/FMtkyO0eyl6szAb0J8b3nDgBD7Lzw+TNvyjnnVFMNUc8A1xSgOv+FXJn6UvWaP3fO2bvSPMjJBp3PqfksdRfTNBy5gc724XH78HDcbvsdpwElSYnwJbSnBlcUUIckSdm5UQCnlhF6BNFksVKwE6ZsBZZQxX5CmKnvEPsNKrMuFW3jotLxJVgiuEPgFefa1ivvTR9EU6slnTSJRJu4Fnnf7zXR5OH+hx8f3394/PBx+7gZDgdu3Bd0KXqF4W8obKrVcznUh6UXu2nlGyFXerKArbiFloy8Qj+BCzPlf8o+z2dJJ7IS0+WJsJaGKUR/7YJzp58nLwuMcpL0Uwe0AE8Z8edmc5pirY12kRD/rn2eFZJOPsyOXFIgtc4UVNOkfQaMck5BLtLsr1A1Xgklv9J4Lx+1p8tNPRfl6p3Ash4u56FiQzBnVa8+cMax7R5heADMLgaXX6IHPfvX2avIBuNc5/P4iuPkK3qdasj2p5N1QrzwCCcj/9SNoZqT2XX+knSSfqmkEx1AKmJS1RHJMCt9c+pFSg4zoOkVuWiQUJ88V3w+MSgXKrNZnTmfU6E6DW1OjgrHBfHLFalfpLTmoOBIjOSovAIDswewlxxa0nhIi/n6q3f7/f49HT/+SAofPYKWPtPZhwMFeiQkjwwS3nFydOueWvOBiafJwILkH8OJYmPJ4zTkRZIOlBNOU+FG2Wz6VAv611DdK2bzdQKyiBy77C+bdPKLXvxzD7jwBoPpFM+Wz08xoFMKyBon70n9UQztKrUVyuYEGJZ/m0g33uNx3x93x+Pdze2b6+s8MF6ouE7YPgonXamFSenc/NFovH6Ono1lmqIFVsysd+seG0P2Yk+WJoYuMveE6hBadtMwGCVMMFr7YNX1pO5fsU/BJ6YiFZ0E04gk1sBOS/ZLc4AJzPZIxvo1EUJQ5aHyMKklVtNyJXhSXRAPJSEoWcRt5HinAO2OCuouf1C4MKN9y6/GSuwYdpZNo8pUOKFLf0wMDHmc/TH97GO26V7YFD7ZpqukEuxpFV+U8+2OEulBwfOH6qvqzEtmpsDcXDQWChc5Sc207X0KqH/1dqH5oexz4RvQHLZboqCrm1uSGf2x1wRlWwNzkiZboBTby+KrSiJKG/aYWTNxBWJ6kmD5csmuwK65e/vVw/v3B8bnnJ7un371m99e370hEvzNb/9qf+z/4T/9f8lyf/P27ur6JmJ/vvK2owX+zhLnT9YUTrQR+1DXyurJavb6RUjiL8dPOGYzr6viGeQoSSeCCrsYxp4cFlov2EjDYM2KaxcdUSk3oO2PnRQKMSEr/zp3EzhPMOFfZdbiLACTP4Me5leYi2zLMwyzkzb48cBgJ6L5AP/nfigTE8pmRzV62UEsDFKY58jkPh6H4/5A3p3VaqVe3WxdyAxzyxqFuOSZZA7X66unzeZwOLLTVmL2imdIf26y+Q75a5MWQXIOioVBmqzOKzEi7UkN6tsZeywcKEh1OIKl1B6M90Gypl32pFMxX7Fa/cv+GGU1tbMPy5IqRwDHVS5/teCAooAZmrnzw8QY9BeZxmwQxb7VRE6VNpKho2qiYX1AADhjhNC8TqUwIQtOcNWKgkZLZTfrDU1jKURm2YWVqxqq2/X+pBAaZzrlXUUuVwQ5syUxatyNi86uo9GWNIFneKDSH0pAKzv1KBpAkfUuuCtxkGK0aX6ogSHdjXuV+1nxupMmp/ukhTfDpNPkKkTSEIfGTWkCB4GwJ2OAxihpUt0Mu0VWCA0DUgFLxtjv3DlIRwXZxJdHzJiaLIgKiJ7RpWEWhiqTXJliK3kQogRiTeDH5Bvpopedh2iuHDu6odDnrlpU+zgiAanM/4Uj/iSJAtne2cmT7kmfTMVIUKrwdKJ84pO5/PqFjwBLKxsaoy7A53VyWEqo4sauR+kEe5me9ydSDsZwEdMkDHU/cmdJA/+V7pWaYMFMzxF+sw3Bt7GMa/KbJFG1UeKexk7PlkZJ7iKHg+dSJcB1abqo9i7RaI47KMVjyW1BZZ9ypFPPz4qX5c0UGLT+OE4iAICTTibD7rVpsyiHdS5LPoOYUqAlJgUhEARp3rAytOx+uByMwB8WzOLIjhGcZu4zJ1E01ZjDz/6wAMWLl+o3rzlek3Qy2zhokI9KSOBJJ6O1iYFUlvvS2ulTpFJaygk+FAxeLMEzMuF1DwCXro3zX4PHHqVJ/IKbGtgqJsVn0vZYl5JOsL4geGJiyNCKy+g5GQw6bnLQjmol1GkTxoWD9etXZUjeAp57w9K0HiZ8GPsPU79LI1Zjc2LQy2onESacSD2BSoKqTLwo+8BYmTGnIgL8r/Vp5Wr27H4pNY8uNRdTAy6iMQkAL5pebvPGT3DjD3wAEc6r7GP+fPJqy3hkknP2S0BPYf3EpjLLjxH9inIzhVvQHCBU+vTUzeSZBMm79vh20J/4oj1b8iR9FpVhZhM14VTRP5dABVoOhoBe2CM3XFgDC2g6EqlJMMRSwc62m2kWnzUd8+HCLEO5ruWNtiAovSNVVSAVgRyB+7Hfjsf9RDFucgoOEUnWhBWnoZh8C6Amk9q2XqrGKnEZ0Ru4RSpietLCaEVhHZLBtDg/EfIB1WtwclJJoOoWojZPq9mGK75g+1/G0GBaQnMD7Ztmcdcsb9rl1ULhEmhGG81PyZIiKHs3T+LcMWjYhEPKQ5uPTbNfdPt11191Q5eR4RGy6TM6C77OyVZRTXssebrcv0PCkJ6aruQ+UXS575HBTKUP9YQtpsWIXZ+6HheHKe/6fBi7cSBjZt02193iatEuOy72oknmXoyCbiJQMeQtGrhMf9RGoK4iifKUq0PDW6q+OFWYYy0YhAIh+YKx5GGYk9RMTds3zS5xxskDpkdMG8B9O8KyzRRavVmvbtYLbiBiPikwt8jk+90KHiTjhBZhoU1SYM7GnE5KH8yae/zyalWsIqbKEYKCcTJyZcKJOQwVB/YPHSWp/hOnQPS+q/gqmgHRSYmDlreTtT7snrZPD9uHjw+P9xTz3vaHniHLMdV5dTqNRFHLq9X65vru3Zt333x9++Zufb1uJTlDnVdSCajQMsU6xNqgxIphVhevDogfF/4UrtikvbBd1BqbyCk2NeOYysH9dPb0D0cdOPlGpaTGVhoFh1iuVhSeYDSiK+6nQ9uVs7XUiwkpWg0kc+8JC51Kj8VxNOamuSYOa5W0JkdyvzoJ+zbapkcxqFLlDoWKyHAeGIr3+if2ruz2nDPy9PT0+EDuC7rU+oqO66vra3rDmN92srR+E11h5GY69M3+eOBwPH39uCXHeS/5TFCYmAneytp18krF6esDKuCLbiqd0rSuFMT7NH93fjjFzCakLH9lHZ+8gQus2b5UX/2iJH3FBsdKKTrRX+rbhnvFPzAax1Juo1kDku7Azn3OADruNztNN9lvNvR+2BOtHhVHSkWWy++oPbEAAW3lZtF2C2mjw2lky06yG/mjroPsjTPElPeutLrIMTn1dnMjA6NByEuLlbyJ2087gqRfcWZkfU3+Hry/q2TVJ3Lk9eTLG/b7DTOxj7uHx6ePHzcf7w/bHXcmYlfbJNgn/IyaOKEZEgpzDg4EokIsMOGq7WkUD4oNU/RWiDOT56ikE15t1q4+jTnqvOOi2onFEEOc/7kcZfc5a7XgklGdgZe0lhTiaSXQWJaJgrmoKue4Jq2eIAFVRR3Ths5+JtSuhxnzNiMzXiZEYabZP6OQo0s7a+vqMni+cev8Blfyq4to5Ze9RbAu32iBsRTZyJJeiOYosAvi/CXWk2uUz7xcdHkvJ0lqrFcHBT23smIv2EQ2L5g+8TIzwiepbASo5kSGPZ7SiU9IOqWgi03NMKynkwunao1c1YZ0Hlw8/eLFJYdTR9Vfkk7SL5h0gi7GPdFEnaphgUOVp4wOxhDrnaJZY23MQxERrxlU9c3ZuOpPxT2nxRYU1ejEuEBS2Hb7Pf1V9LCFcZfstr1Ur6DCXmsHLXFLkB6jV1hyGAY/fvj4+PhEqsAz4N4AABAASURBVC9dYbVakyUkDYSB9B/SBEkdkhTg1lEHTM0VO1/rJKolhDRaE0a+H2tzi5aYgGQw95NVSFT6nCpKeTZpz8/TJ/6O+FoimSmRkBJ+Geqqx5L+iR1QfoqEQRXcJ1To0tnMhqmxc02Y5RTYHOJknTJ3kR0g7bbkuzguJ7gjSiWHC6kXdiEro1I5b5qbupzCVVC6R2tdkmPqhkVnlX/yCV0ZdJtbEY4F9bnPcUN+BRL4neomwuG5TGw01QDdGVwNDYIJJFOpkzNyiahJKEw7TNdxqWBrEGZbZX+ix3VCfSpbSC3BKcUlKg1a8hEU8WSywgg0YOVkTm4Indd3JISXUFWMMFFCM26S4xzMWFGNdVE+/AJ8/xP7FGZ6U6iT4hABchCRKiYwpL25riqPZFmmUAhUQShVu36L89vWVmWcVnMJwQ+PFEOJBwt1Sd7JfrslU58YqBR1W6cDDVemWqeFeCpx3pRDtRMr77AhKC1QkJVVz1bUzjwc+939w+FxTwr826++ImFAduu7b3/19HT//d/+Z6KcN199jdloTG9W7W5TEOFVUnemQwLMyPj0878cf6wDztwf2imjMBzGkF8u12tx5zAoq1goas1Jm6rEjc92T0+0jcjLwk2FKwUGP7WmcBp3h5Q+E2017nXpW1DhxrH7mbUHxRzWHaC1DhbwExaprvkxmStaDF3SfEap+hlG8hTQhcilqXAa6qNn/cREWZFDkexCdzr25PPh5r1qLBkkskyzNmA3/sL+3XECr+JErXHPUn3QoIdcwiFukkduo7H05BpeCnlbMXL3R6YIrqODIc8dhrPDnEx4zmzr/YuXkk50YCn4FcBZFkC9Xjp+LJ/4EatpskSD0N6jOEagxrrEJMy8yiHDdHWVNK2NfNLgggIX1Ezdzg/fW5nIyhxWX3r1BbtjqvzISYtuU6qZJNryQvWtqn5RAj8N2JqaRxNiVVmckxtzwVj4OczAZMZ8WS/7MV8yS1oU3AirsNS03ZyrhOBqde0OKUSn6hGYJJbSZI60KyjhJKDr7F+T4mbpMaqCA30qcvgs5PExmaYDvldCztjK2ejS5Hjf6jiSaF2jWUfqLPZRBqnZ1qtLiGKydQ2gmqMyb2kmWMvizqkVYvvNP8Q5Fnoq0jlO9VBDaE8A4R8Qi0ow/hqAP6koRJ+fKGCsyMiXz0gLRH0cY7eluZqv1K3xQv820+EwKeWg5D8JUxbHvVJWJyADgiEtBWkWrfLRpQTFhgAnTguK+pknzKpwo7MDXmiv46OG0dTkyVtRWc1D0g4EuqEkO07cpRoYlaQTTsyaDvTCaaDrJBiqftXSDSF4ijNB/Vvy2eY7caqcdL7AxiIjqbGycQlTlmvYPtDvqzOv5khQ3cFosxTXyydeFhyz8/rj9UgnMIPCsrCVsOJsHCPYvi3ELE8RqtQYtfj0Qw0DZcGlx6rN2StGfuHAC5/wvXrycajrwwFvkroydcKfQTqpZz7cPlDLuZCb3l5H+N4UwjQenCFkiwO30T/VwkL7vTMWmxStU2DxYRzeT/0+SaKlDGi+xMVZKb8EW04xchtfqhW2eCCVYjagUy/W/LQQJv5EsZr6RM8mnZi0AIuS4EzrMx0qdBx5E/zfZtfaKsbJOrVV9m5KRWGQsESa7cjwHhaHs8e8zUPtg7GfmGKJsyaFaDqRThOYbhNbd35UBnu8s4tZrpZATHkpKniJvHfs0pl0N7J7KEziOcxJXkC7SArqYmjoOVXi3mZOJbJkoZy5KO2+QdVy0EmiCbSTlKiRDrwZjo/HHQeEJ4b102lM1j7AZz5bvoJ/UhMDQsC3+hpXS6YzFq2opEeJdtjhraBwUql2TpzosxCE4D+VVFLoE/OloCutm+au6d60q5tmcbNYXS/XqyUFAhcpTPtS+p+8BbH+m8YGhrbrV91+0R3Wy2G1mBai+mkCtKQsKt0UyVc4iTyy4F81Eudu2agvgk9wGY8kXEEyFBvAZkrdhN2Q2n7qjrjoMe/7th/XkK+7dt0160WzzAw1RkKrFfLIHCkdWAkbaLiDM4cy60k9sI06vHOB3tDB+S8Wd9c/qBYoMn2ypWxRkE7Gtu2bdgv5AfERYJtgTyNYNe31srtaLG9WZIe2XaPWGfhsIMcmc3KnH83GkjNOulg7ncOgkzKXl47PEnY/7ai2iLV9RMc4ccCMGEwRykVGuLFQZ3oNArmhGgiYJ7Dh9rhtR59M0jZtt9nff3j48OOH+/f3T/dPuyfyo07S6yOzR5NtjlYzd1dX66vbm+s3d3fv3rx599W7r7+6eXND3tZOE5tMDqiNPFk/9FSUMn9O/+lsNaVzKXvxwxRxRLNNsQ7amF7kOrMZH5J00h8Pe3FTDJND0gmtaR1/u7paybFYrharNaeHCWWKOPZ2fsbLzXVhItChTSaZ50FsnWGKvE7h45plwqAjmmmS3Q+az2kv1Utc/8mdMNwZhx5EG+Jsnx4Phz39iQZ8fXN798b66SiRu/GQJMlmlFpgmoYD/eilewv9ZM8u88AmFaPQkKyC5GtVGiveiJXQmy3QhaN6QLQwEX4qIIJT+sQJeHqd5/foJbZ+csbcBHDnR/06v8NLTMHEjmp9qWAwiAiSleFO7sf903b7+LR5eNw+Pu43T/2embPGdtV5b+6L2ENGPMDNBaRTmCSXcC6dAhd1qyW30WEV1IN1LjQxtEu11V56CrN34Wcoya/6oquYrzgTaz1KdwOrwBJ8HDkPa9/v9uQnf/p4v7m/328euS3RMHB6JVvQhuhhxmC2jBP1W2YpaZdfQLvHgQkt8A1hmixUxW+uv5WUC6/8LRy4eFDckkquRVePXT1+ZAykdKnaC+q7yz+Vh18ySBR0n4FtWs4tbBj8xjNOGu+e03p+SbY6LTdWUiD+pZnUk/DZhN6v+1Jq94mFmipWr+fHHsKKdQSbsSeacTyAGn0xuSipry4fYtzVeAKeDEX0Jr0vPpdTMuEncwBk94zoaHkhr2v91sQElkwRDNsJHZyryK+XXuXU2bhOph7rliXVNAUhnXA2V1ovHnDyvBdPmAn0i1e6sE5np/0l6SR9kuBedyBcGLgZRYiW1YHWubzukg7ggRb3rKrHij9pFUx9btHZm/Sa45KhP+Mcc6IGUOg32iH7/Y4OGsiSgkwrBuITfMs8mZFaDFhlrPoPRaJIHK4ofJvh3Vdv6WFJsD49bTrOOSFbZtm0S5ICm+2GtCAGGGXAuSV4SkHSlATmEpZhbH4L63ErdUsy0TQ/2h6RvH6cnS2NRRUgK5iylJbNdLjnDqzm63S/KUd6NU2G1NExJPwy1JX+yMdPuiFizWlqhU+zRor8QTzPjS4uJ34/ttXH4kBG3UtkMSMbzYxLbdXn+8fNtD+8WV/fLpeNJlCY41gyY8EMCKXbcGckL/pDgNMIWuXvUxIKH6jKR1EolCyk3B9YmrfQSNq/WD5k+HnUALVJg1rUEEW6qs1gEdHgOS3yW9baXUhheYrNY54vPVPsKA132rAV+Efn37wRoQbXmqe6lkNGaFBB3OVqQSk2s2tXkp5vjiebHrCOBQnLwodJnzSPTUNAvh1TMtBmzNWuPNWlfsZhSwhnr7miox+41msKtkSKp1ba/R72e1JmdZzgkwtlwEErEVj2y8JlRlGUznKOP7vnjSSZseRKg1B8I3Uq04FU6v3+6u5mtboGxw83kgU4lQ7Knk0FtspYDQFO2sTaAkGm2ZByKpSZuaM0wO5+c3jYkQm0XF19+6/+xUC36eCbb3/98fsfvvvbv/vq19+2i0a1dnRXr25nI141Ek7XstI6y5uTpLPkFtofqbron/XxZYSOKcBCmcEfUVs+rZbkziBnxiCtNGgJpTm0MSJSc/abDXHmq5vrVlEQQiTCyThnyw3Vbg3G4M0y0M+Hl59a7Ij4Sv3nKOpR1xFqD2Z6ELX2GUNEIwHK7yfzY0lBQskVl6jRmMhxMwyH7Y6rKKwJhLTLljJxLZpALRlPsl1QYt6ZW0iQZUjun8PhIAwItbWqDcvj8Oxz5HpZSQQUZk0+pDZn6+fWNMHgJp90nYJg0b6KqXCKkH1JlChEi4Kk5ExhxJjDIs9n5pS/sLbVXHJjLAQ6mlcpSKiXxMZuOXPPyQII1ppqT2tOJuKT1hA3DnIJqSj9TrwYOfoKgmJMRtdHbO2czNWqUjJpW4dGmxQkT5EUKSH/ajPweP54gqpe030IqgBUBFryPFLpIpFSqiOqqu66YFUEFzMftFIPpeUdSIJC4nBOXrA3WW4x2VLV26Q2gs2cLTa/0YTW0Qu2zqjUIs3vs0gNPxlKzk6luJiCrIU2EkJhpAo6hWKx9PlisSRNHcOfp5qQ6yq5YPYokgl6jq3ex2FR2PpIWuU/Khq9NCrK2r8iQ6fKv+ahyCdG3PrQRoonDMGWAyuMAckTmJEr+JoWmoQUipR+pJK9lnAJPCZqJBKEWYtsdLhey1TQ1UfOZ5O2B3I3wzXCUCCSWSWnm+oTx0+2RXRc8XXXIVR/zK4LZl27UXzxqPXLVYyt7GPhCJPi6MjUSV8mvobo88OeLbrAbmgMyEfEUAsOFszbE82t41OY3Ib2JXNNt+JdLmMKpzo7Lse5Z08BoPkxinPilWGABlvHImLye5CS7o50W9kj2Swj0qtnZgLjZHQ5SS1H6JWpKi81n6m195A3gnXUamJOTtKyW/GX1X2aZtqUO/Hc848ldKMqnBtHTsmggFKysTlrL7BlapJInzrg7Jy474Wp12FpZoatrRUoTDpGOL1OsGDbD8E2nYUIjACHWlvBXcuvGLMPRO9iv8aHODvNEuAYpp6kM/l5jfoMLkljVlAJY/MpTl6p7XPkeXRFJMb55que1HKZPGXAJYycMyrkTjJyV7ZJlxzkmpMLa0aiYoysfJzS4zR+GI47xivwRa+UNFWABIfBh1AxEJdVU7WSc0tEZyGLnfB80gla2oLJbXQLK1QUk7pnhyedpIpoTexPiLFWprBJ1bBOgN+22BpyL1WFDIPG2uKkXGspiprk/LxQRfRft9trebJknESFrhO8LmFkIJjekBtLEpL8Kiji5hlFt/400mNNplZVqtqGS/6aY9KUq7B/YvL2S1p+zSkF5FnJbcoLgTnJYtQ1nrQSCkrgwnhfFEOsq3YGWgYeeHRWqF3bTNBfKRh84JY63F7niUKhnFet9GZlZuZtgMifEdZq5GBPL9nwpdbX/f6uXxVtV7OtJldLtI2w16Sl07K0yg2EyY2IIizAVIlKbdAO5Tx08lhdQ3uXF7d5edMsuLfO6pp744oFVPxNSetibXNp3gljX7V56Npj1+1X7XHV4Woh/Q6zqRXKvZOnPSkD8KiDBbUl+bbV8JIoyTLzkjV/7Ecyc6apFfmbR2y5nU9qB+z6aXGcFgPmw9CM46rJ18tuyYAY2OXUkoghGSwAPVmC+sAIXtzOgPU32zIpkgslvc811korzraaRpi6bZMp89ntB2txSQ/0tRZ0AAAQAElEQVQ+5GZoGumtkx5xeky4z+lIrr9Vppnt1ovFmoKsnRprlskcNO06diPd3juGOJH6rWj2CoWzh2qAiGcK0pfzRbyge6lMCIQMjH4tJeOksn2Kh1oZbMQ5wbl2kqQTTwlSdgJCFx07QzkhgxEvHj4+PXx4uH//sHvaHXf9NIZMLUC6iTsTtdd3t2+/fnf37s3d2zfXtzfL9YoM5VQ4bsVplZ+oHRHKS7EAZ8GWSzMCMP8L+hP52EL6zacwqbRie15M+uFwOA5kfhx6mQpP688KasCRA6KK5ZpzTSQvBAQrUbaoJstNpt84SJJyDEuLF4FLEp+7ecgdOQChM6D2KbccXXTtopV2uM7t06d1ppnVJrcbxEexp3jM5mm33XDKiHTaZYCTawY4WS6XROSKgaQh0VFTloaxJxfN8UDOQ+6kc+zJ5dAfB+I1SQ3ISc1Y1zKmXIucoDI1dmZgqHi6QJceqn4Ql5exduj4zOiY2+iQ2oH3g5e0x8oIuXzMlMRXKKgwpZndhm7OYgy+GsZMybl8wRTbM75jpKPNjBjLcfO0ub/fPT0edztaIZROysrAIn/W+WPC0IgAtZOOdEXvuEPWSqBOFgvuuyw4OsJs0b5iLlnnbPORQwoQXPWl+B5xZcpjI/FEM8330oN/amLqX8BX+fyoP5RSlIDSUAWYpeUobYkOR5pDzTXZPT4etlvul83a/mTI2zIFnuoobzin35Ids4rXxvHig8smW2dwlUP3tAkoKNm4ujBR8nWeaAK1JuIOEKev2S6avTtNOqmgOl1h1cS50gHn/8fen0DddlzloeictZrd/M3pdI56WZbkTpZbDMYYY4cLcTxsiGN4hHfp7zMDxgAGJHlkBF4cO5CHMwgZA/K44w4SHBjETgjBJpDQGNNDLtjYlnvLkiVZjdUeneZvdrfWqnpVc1bVqrX3/ptz9J9GR/PT1j7rX3s1tWpVzWrmV98seFisYhwc9GFxouqJ8so3rIGX6O8mHc7wMSFJvu5r7nFA10AtvFic323CMDh82mLI+eM1z2JOAfo5nNj3Dj2fJLP5VK8QYyKfIwzPTGzWY5J8QxUzOdnAHT5zj2OgQyKfe17/rNg+6gIMJuZlD8Shnb96KJLzpy5UH8Q4S+O7wpiO230vC0KD2g5clrzVJYj7YWcriAuFYB4Xm3SyCNw7kXteYof3yCVh78+O5W6Xjwp2ea6cLj4ahsrDyogUXLDOfcg9oLmzOIYHNpG2ktcUiphdIBkvE0xGsXs3fR6dOhBPUp4Tz4Pp2CVC7i+yVLXtsZE+nR0SNjRr7Jq1Vp6LDQDPyJMgpcLAHOShDhp7mauOX7WxefbkU0+dPrPh6MT2OhSPW+XFZFaf3dxqjFs5bf/jvhnPCVAO8PQdz7Uj34VnvzlqJP9kc6dn+7+2sa5cX8re2I1DnA6ndmMmDCWg2ytqR5hJSUktTftnp/2DPRFrZ7AX2DGYgHhuBXwP8zR35aWf+Sua87jPuQATzwQCtDLv/jus2uYxKrmrSbo90Rd3/2ivlc3vD327GxpI1/qrQlHAByz7E4DTW9u6qdf6g/VBv2CRHHdCoRWtn3Dzvt4vriEaWyrDLHbu1n8o03mOxNAbUuE3vCaJR9SZac0vdQIMOGYWZrYoc91g1zxA45knbnGkCxGlHaEkp4kVN11JTkM/pwrexRUqGOvoAcskOiiM0WiRfW/csEPSWQqvNAjLB58iz6f5XMW2NQptCHIwI26x3YoW7UsYD9e90m7oLAYdGd8b5j4uDXubmArfSPG7jy1WmOWZSzC09TTsOae6soj2dN01+OkgInSoXc6g67uXhVMcdgZEsWybmzhtfEnlPnkYXrIgjV9jwtdUGHpJiRVJnhHDy/WtU/gJIe2nArY/0YuzkwR11ZR2MsjJyZIj0J3hgyqEMQW206C+hCB68adkbOmuzB5rWoNLT2rNLymoOiFaXbvDzj51SvXU0WtP2DJrhzOHjxx/6pFHv/SZzxw9fPj4ddfZcxqa/1Jcxt10Kk0YUXQp/zbnP9huhOLAyQi9Tt5QsGOLuhT7nBh6moXpkuAA7fL5ILResb6wR8f6tzKWBZpNZuPtkbNLmVtkk2WlocDtdns2mWydOWPnZforQzseZlsGoZRyQY2st9QUtG2oTwIac375QLcwcTqMipaO83JeWcGvM3SOdjvjrtjKRWvpl76y40KHaS/q4rjA49Z2uyWbM03ucGvUrfF3stVZRiQT+oTlJuSANaSqQs4ope2UGDp5KTuErtEPjsHXWSA3WmP8SKYBns9if7xx1BO3ooFWP/Ll275MyDqf1dq0DYFqO26Gh3M8b60hDA29cQpWEfhZWSQJaSUOmrYHStP3bLToSC4wnGk6+F8x6G/FiwfDRh5Xuo2iNjIsFYPQPvm2xrfALP/l5suCXWOqD7Jni8ROlB+w0mS7L10xuaG1ak2tW9NHRizG8kW6U54VipeH+FXD1BE3fszL+cQ9S3ahJ2yTmHlJQwx+2sn3Zug4hRkGQ+fXxDNfj0N1GD91xItSeFpe0Xu39atxBSbM0VGA5zzLwuS5m/3k8EChkxPmO0zrjgup9P0pP1tqO0tuKtUlmBsYDhpNnZjaHWPorRqTOALbpp68SqX9wV6kqiuuQHbD/khhuXK6UYjTAN7tytMhLNdPWeEFUZCmAykwkoKoVKdC+bHHkLeUpC846gGQLHZQu9HMN+bnBvC9i864ve2fYOidqNBJ9bv8XHPIMO6MGl+Uw9gx6LSG4aBzcgV9CLaY2gTvYCiTzB9SsbRA4tAF8DflzqlBrzUXeNtGhfoZOcr7bN0UzHdO9vsJlUaFuumHzp6ZgNzjdT+R+r7xlTFmsX9GPxr1A0kOHEYvnGQsoUFTkQN95sK1ahc0wLig07bo5NR+FEjxBjIfTcmRIcLSVNc/9863LPQu6c0q70bhvn+Y0PUvz/dJsYO2dCRICGQYC6oOxKnQCWZDS+Fg+DA/9Rlev4FKm6mLrYMzHVoC4llQCHfyQFP+qiAR1poaA4EFbVx8UWCiCVLlybLAWVekdILhImGYwoMfDFNNIS4SYFqOHf0ukMCMJwP4GSoMUx6YltKQN2k+QWfaYYExgKHOLXyoWdLA7md+QXEddXybc68kmF36PwwSjS9qblkCOWCIGKpcixnMr2/HWeLZLHRW0wnM+DDhRhgKM/E3XL40xDqxJSDPS26PaLkA+I6Gt+acOz5iB4UpiU4sT4Zgigc7j0N1g6CBz9s+4A1GzUVnEpAYWj6TDMVjs9dxKm4+z6mCxuAHdhoKcLOuT1fTkfUehxgcTIrgng/nkfbkKRVMh4oro4DMECLEiGuc9citloo6Blns1YehDWdG4GqoLBTR2P1TvkJCEPcORc6083X8niObEL0PP8768PNE3oCfhvbFPnQ1qbngcTGl3ziBUuOZqADBR0pMDhd5hh8qMH8wLEuGVoTM+435mxyWCHHqnWPFeRX3oKzH1VyF5k2lPYklVaf9wx6bU47zTJjy3GUM03uqY0J8Otu5eWC9esOGxfZa7XSJkzlxg8PMR4LjFxDfXLT5bZPgX1S3seB4kfbbFsDxZGrfim2jy6JnTbed2BxX1QTM5nS8WU9sb7jWTZiaCJUvRNgJShjxHl7sB+IjUJtu+EUbTxB3xRh9DYXQXaegMNrXpdj3UW3/h992UFvS4SVqX6S5gMd+AWeI8h07m6zSKKdxgvnRrHc4Kwd5bzBYzXt9LIrGZSnXgsw3e0DxE2zvyJDEl+1a59kkU9NBOVrtTQZl3S9M4cLkxCQScZ17J7HfaBLlORZXUCU5n/gR/DDKaZy4PEYKAOTWdWvInZCIyeyUQgX9ypRVo8azwjFOcLUsnDaLixmtcmJROqUT4yS13Nrx2uczt6U8A8who5C1S3gAFYsFUYi46SVTEKOVML+E34OfIXN2zGCTZRWqKsvHhRohbgJsKbOFemLzrFD5apm5aRC3FrIoMj/iAE4QRE4l9UWz0mkAFLZp5Ma6pb4Z022/2iq1+Dk/zA1ajVm+WEKnuvdUuSJJCwDm+iSIHR1QhiLFcSq8hgfLtQvKgzxk8m0/zezYpq6aNdPJbLS5feaps1tntrY3R9PRrOFWQiuvoOWv66aX+sPe0auPHz52ZO3w+vqhNTtRb/3cLKSFgezDsQFD/fEjLJOucgDf1QDfgne6lAuZzaUWuRZGqxAZ6eDtALRNPalB22Lu2GyT6XTs1E2q6aypGs84odtwlCXnpy+zoudkX4hxkrG7NtTotvsX2BSIQa6SmTRursBPG1CcqZa/yFOCLg5Rv29vUGTBBidFq1MG0jdLLyn3pZQmApx3va6njm8yHm1tbW9tN3VDQY6Gg5XV4eoaKf044QvfYNnaWWubCc7F5AJVziajsVuxZjFxmi+1Y8ZC9DWTYDgkE/LctYxdN6Kdmpamyc18aBXjaAhwefn3BTzpCiLO0fmXfM53tmfxrCXLjhbHNbwzDItM7N4nQgsmHgbgx3ne6vrKEvUi0Pe3jZsis7WyocUP7lramuDpdDaeUjCdjdHG5mw8qae10zqk18EX9L0+d7mMh97WjDntCseeKx1ns+z3Biu2AFhvGqudFGXPRf1Tvu9l2idtOyJhR6im8x+dfLfdVN8Smjh8TnrCi9m5K+LvyJHv6PXYfKKxhlG+08jFyVCHECgEPLtFGt+DqmvrQbH1YbyxsfnUqbNPPrV5+qzdno5G9WRGElw8FaM89THLOL4yL0IJLFy/PEBFoZK2W4t+LBU6NchUE+79BQuVLGvHWDKCLWs32QJDqFTeesQpCJ+5nPHJYANiKQsda+TGlOLghD6efe2Kg2y7MQ19kBKZBd0VXijMx/sFcX7MTlZLeyIduXpCQYmUQ6DIsAY6yWpfu+kiGn5+2FgiYkU2YeYUvSnlZ/QlMvTVDXTmpXTsvfsl255sVPMCWtdNpwC3xkRKI7RzW6GhSdvPbnvT2SDohUqByU42g4u+CYRObYi5lGYdJjvD+90Zpmta0R/PezDlzce7xo+Zc1iH8ug7rNA2Z8AG3W93reQOnR5jkiHA3DnhhvOby6502ZFOYFnLcB4ff6H9JOD8ro/tC93rE2oj/UEOjoas37yESewQO7IqjcR45MVHmsBK4+39PdzyrG7vFXOKN1jP1gXZyanHYzsvtpM6raoZ8Sp7tlcETpXThIJHTZ03PDSbRzMSLvHgfJm2P7eyulrV5vSZTfK2IEv82U6f7RJPq2Yyq+zjDYfDPHNdZ5rByXh03jYhnG9au3kd6rwbWv/rhhaIrinOKFXEN3a+H5qHZl8LpLzX2Ejsr8iBWehR4V4Z3LVz83/yu4M9O1X77XWp+cnS+ZuD2d+19lOO93WZORvfvTjEWpPxD3yKZzXyZhBJDtdILximIN3ByqtmUVQS+8onja5sz6OqVnq91eEQk2GLm5imQsMS/NxRzEKh53YzM7wq068a5xJiUoaLJwAAEABJREFUkprihtbaR4pByNqnA9+543SxlpkitTNbDmOcbWonfePu+vFIRR2NavurfDnlffDUVVKe9ukzj4NzhWzsNJi+e5CWb2wjwrRrtTEIo4TJZy8aF+L2xffCeUvfbuWqiwvqaHDclUEIxXiuXKR3xNDpik6fJL/aDWPaE8PWbi3WLsA2Q7C1aQtHzddpPtY/NOR2LLqySvbEaWdSX5aKJTF7fL7TJQxymHlgXhC2WT1Xcluj0u4xpr1r+1PLaEZsOzDUM3Q6gtYe29Fyrzdwx2YqeaLwSJ5f5PmuMQsCBVvRUhCaew3L+AyrobpOKQUHzXM7OrJD3Go6PX3y5Nqxo4eOHpmMpoeOHMmK/iN3f2Fz82x/Zb2/tmbIVoNfIw7IxC3kobdJnhqWGNe2wLdNEixaZkTYuym+gkknlx6JAfQvx5Uimokoi9L+MXO6rVNbjPKi54JoMFnWLY0zbgZoNLJWhKcIW7drgFn2VtpazGXZzP8K+0AYECXRNEzW1hLjFQjCZDQbIh18me1hPCT0FpHHwMrtwcZwC+Tc6tVMu/mtys7a94uco1W5ySm/no+HuBBn6l0dtdOgpNZo7z6bTVym+RGi95pTRAE3k4rBO+ooKNScsYoxtVaKJpiTCZCQZxhkCeIwjteKcs6axLx425wMV8ziN/2kIY7s+C34fh/i/BDK+M4gWyLKZ/QNf2hc+Q9sY1/QMWE2rNvxMP7JPJ+A3VeedOJfl5dd8oaHZsBDroUk+amIGPyNUqAyEyLdAWWom1t3U4WkeePLa/DmgjJzhdPEERgSARHaqQcTnWrQ2uFkuiZ2RQEx6Za3c8oQn428vxAcceRRogV9NU/0u1MU5r4PrJHd8FzR1IIHKxmVhmZoPk0cGifEe6JJbZZs1MarnoT1JvRcnNEQVtC0LqKa9J2d540W8zqaVJ75uCjouw5M14gWwVdaXlYX1knT9VXScppQ+rQKrTdlruZBEYt7GWOCPAiGMQQbHwivL/yDbQcVfRlqe6BtAcJuKx5rW9rSYbiQCZUt3jPpE0DM+OTlxIXBJr6KxKeufNStti51P7Hm795Wdvsl+0B44pBL8WWZNh+Un7lADAWPw+ukmewvgeFlRFMM4OVrwFNDODqT7ew0lQnBoxzv11lHIFqgVzpRCdfXxAknvxPbkhmneNDEThpCm2uoAmUseeedUpLWkXAS9eR5FArexodXTg1EV1SnjUXunKy60mD9ajV78cA68sh5Q1SlLEjlR34JBCuJrZOU2XIuFobLE6p3uafaOAuWBbcexFLoi51PDcSVYdGC0bOpJAvCHaGbX7FUt12C9jHnM42LxFwx3KmkeaLIfN53j1l4IT5pGKtdONvzA51CmDNBOcmqqoWLJI8LEGf7TPcxumlpD/bV1LsM0a3YKRS25FrwxLm2xPOw1RfNOHL0Jcqwz8kzNkKdDbM93D7yupwoNMUJVWFGO9RRXu4QJaNUNK2GillWAW7U9el6tm3LoPKFAiFOGBgvBc9EjjnLFxoy0kzw1ph7Ar50eolMhVFzp2NP2sw0LDxgvLcvdhFVW9J9pUuarfCueaez8txd8qyR0I9p2GmWamKH07kFU+EV8hQ8u9i87himNlv55fHohbRSx5hf8e8n1on94pNm4kyxgcSgIEdJCY15qNXtP+3YqAtjWsUS9xU8Icg22LNMMue18dv+siHbeFAfi543AjQxgtTzUQW6Tx5iumBsdz1Fyp3IViahgySLZOjjJj9c9wmdpBMtsbOvuHTOUfeaZnZGsamtz22rGk+dA4RD+abGCEKWt08Rm8nWqRCtjc/nNow9cOQ+xFg7g9Jn44M3uDUzGeeMUmnl9i8TfJnW6YvA9qDQZyb9J8o6tBOa61gcUuWx3spa4QLr9PqDrCyJGMSvKniu6PlcXA5NCgl2W6kZwqyfzYZFNejNeqUu+CVkgXXHN0RuatqcCrNVXHzc2mY3/lDRTrkIIE3Fkc+dVImGjD55o/Na9zSWjenNdO4C69TWg73W6/Wsbx6hl7m1UwocIS2zgx3dOLpJTQInLhRQJOUgeLY3chQDZJ52WDmufJQHvxlasOAF9AMCfk3g4juprLGDylxNlZpmahtgC/Sm0SPQlXWR55gPez37GfRzkrbjcItEpUEfQdg+JvUP7IQ1z8J5ZhV24tqnZQmSEoDdwce+sO8TsC3GZu5PY9KV2QBJu6daNZPQnMft7h1j+ecehG9UqPthO+PT8XR7a3vzzObZU2c3Tm+Otx05w09wgeKlF/bYrMhs9q6sD1cPrR06evjo8aPDtdVevyh6uTuOFDmhOy6PKxYWjfxiRnUAi59wbHe1SSzR6Mmp/m7O5truogulM5tOJtXUxa31yiPadwjtExXOYU9fvZ51QdCMBNkkXu2axaESpk7M+CC07K5hoglLE4VXxh4TiuHhKoCDvXLQFIjlbcmjY+T6h4duHFuImlXbRawqpptsnd2YjEd26s8W5uHKyur6+soaVVPrRqHbEH2NY3U1jm/iTK6djZg5usl47Nw3zOB26lYhd8MyzrmkdTtnbd6Dr6Q6DMZNmjmwrCqFMm7Sq7AwJ+wMs/OFlu7Zrb6Z+X7n4if5I64+xIUHNMkpMQG6W/1M6KjHQzl0r1u9OR1vb589O7Kfje3p9riaTBo/qwyhlxP+oYQgLS7hqChO0cSW2H6/tJ/BwFZMu1G4OFB5IET4hn1JhzWtTLBPW7YsI5ecHLMtztIsHJFU5iQdPDPsa0/b6/dn8Fuh1sprXriFLk6uZ3trvLk52twYbWyMNzano0kzs42RdUx46Qt23yw6xJh0ERbZe72T0P1yrZbvH2PgVSPGIWR7VKKDAr5Gh8UtkPZS46yaf8ImENT8WhqeMjOBnNyellQ8H34u48lAruNuWEHmJWOuSZa349xQDEMhUhimH0yEjwyjuZsa5MB8DxBiYw4AIY2cONNSQXRLTFksH+F1GpNKQhvfK26PDKcb7l75VOnIIPEf53bh9siJ7lMn0fDKQPqRGSfB2cHWB7nryW88tpieVu6ndJZ+OiOX+IajWWzFDdHMl60wam6tyWI1gLkGGnAp46StqoHSt9xMmpjjS39e1pq2q8PbqxvuEcU97RvjX2OJCpcNWd3eCBdLQmsOEdsO+gIuR9LJwV0aLiDQ7DvhHXti/7Y9A02zuiqE94sbEToModA7I7I4vPAXhXNGWoa62e7HubEPxOMEcnvY6T/rf5wZknRzqxXpJ58eKlkm+C2I6Omp1rQGyC10sL2kohycfOrsmTNbvNLAhXbtD21z6uY+nOhjbbtQvbIMswCK3Fq0mJhHWbQUpuE1AeAc+2QnfAbZY2wb7LT9EUhZryJxAucNtd9t5z5pHtpM2Lk1Xtr72TvTw1Ts3KCie4jZ8eRzRHr9nfpy53zRA0UsabiY394uxk2MMmKImByA8efkSAfF82QZS3Bks2nteCeNzijQIa/1okUXdn7Wz/6YUAjcKNWE2AdhstUYv4aM72Ta3hanyQ8hTNR0Bd/gJT1rL+DoegnKxX5CmtKh5pIWrvOaKE2LhgOhlhxuKixET2ZpwZNDQ+5Rh4GX3xPtI9nfmY9BlWYhT+q1kZ59oxYqO6ZdagwNRlQCcF0WP2ljb8j9oLQjyrdVSbMZX5AJWeLnSzDk2XzYTpw7cemf+0TbI+iUfQTYpbr7iV2emyhyO1uheOmEix7CyxlD8QiPZiDRNDG+y4wYZ4n2SHtahtqUzz0K8PCGfrLpmU0mdjxZ2DEI8U7cHEHSGTAmKaCxagWwQ103Jnj0IPZguIcMtGTcBQXtlTNr8Sdj9/i1PnLkyHB1hSeyrbV+4sGHx+PxkeMnhitDnpUzvlMHfrKOVnnD7q8P57MHu72cuBf2hpBOLi78sMrQ/CY1zTTHAeDHfLGXb49xwYTHY1uTVtcP2ZIF5EhGWsQDCx1ZRtJzhaUVdj9mQXeDYYN3Y/iRWBg3YpAgZl5XCMkcyAyxCw4A0E50KdNQXHOaFlPu8Std67qa2qcqlRNL8vnUkmpoPQGJRflhaeaZBDbrRnamrKqRF8GGpY3BsLO4hLMVDYaltDS95DgQyjsaOa/8c/FaCvBOsJgJ3iQAtBbDS2WEQWXciMe3g5tkNjRpjduLQ/ftxMVSbZMApntk29iEXoHB7mAr6ehyK8ZXjpZDxXcaD/NDbj/AMp37IwZ5hZhORM9EAZ6S9knx60TmWiWFnQbO52LIMxWfo4WKnUBOklkyVuQHY3pH+Nl3a7sNWdua+xbb+fXDpTPFM+5A1CAiqYPxQjs8Q5u2Mmm2xP0mrLB2pCrNC+Liw/L0KY/3tU9M6Di01w3vhbo/XEDI4RGU7cHQLK9zAuioXMJVzK9ByrgNdjMNdR1qDne36EWrNCgBsEaPjlnm3y+G9YUQGuiosRWcRf49hyT7FtzzSubmzzBMDXdba8TuUCLJXM93ckdkPKthIBl5mVCtTOhWplfEQDrh+hgrGpdWxPmFgBifIS7S2xX7MZ67wSxsxG1OPxUVF+dexwFrdJkk2R0e1E94uFhlPmqVW+LkFgbayXPySWrFnAsV/IREu2Il4ZwLBNUX01Y3X0R4CNu+UB+8ARHn+5lhI9m3tOmBTpPl109zX8qHUkK/XDIs/uKVuBD8c+6fmsROautrtC5YcuG54ONICkXAKiUevmWKKW5NIo1cSHeao7J5TzAYlt7Lg31CXPp0mob23nbFY7DtpYcajn7ZR9pha/25EBM1l12p8VxQOtkZbdkObRMs7Rb6Q0KikxqRtLi+ASIboV0L65SQCgyVK7nQ4qWjxd3xkPiLL3V0jp0XzdiFhbFY+mEaxDm+BdJJvIExvtRk3n4tvbMJ+ROaZsqhBdKJmyTprg7iDHUzSkQ6ASKdTB3pJKNLdB+ZnfUmzLF0UxKbhtD39okKhtWzKmJPJm3LkrxDvxwfksYOQ9lLm+r2vtFIt6+IfBShj9Z2T+NGu1Y7vTWEyhxfg/GablFlgA8gCirzgaEjk8MX9IvgmfHI4jUAcXhloNvotz1k/7RxbK9iHix/7ZDs5pYztEGJE4VXtWaoErDuRawXJull0WwC9xIyJ6ChnI6UY0lgplT6RjBJQFgojKlt78zUcF6RqLOtd0DayWXZs0fZCbppPRvNphuT7Qk5Qk0Ue+AkhcC7iqXv41Rkcn/TDXjgnkMnbmB6lcHdSw4XR9GtOCgfeuoM8rIjNV8kwaubABf7xDmUlMmkp8fCOlii6gMeynvreXlksLLWXxkOBnYgzcsFQwWIJc79QwKJLt5PrVSTQZWpqldW/bLplU2ZmbAgG6FtNpOJBf+Y3CniqpZ5af3wQqg4u3UzFFTIXUtT3E9tHOlEm7KGsjHFTGezumx0aWC1Vw6tL16hHYT0kGROdJ1T+2T94aZqjJ24pquF4QV6BjGJrHgPWeaLh09JJJ1w3NLg+eOCFGfRDZO6lRMvthkyRZig/cYR4HBAEPkAABAASURBVJbR20aP0dRuiWGeD3q9gVvD4BZAunOjwInhJdGu+aMlkvY7Y8uGcXCTNiU7tynnin2chQnSG5k2lo4OrUJ7fDwyPX3Or8qP4n3PvglhC8xjQ3eGnb0bbY/Go8n2xvbmhvXdbk/HU9vJ1jXLCXDuOdKCzUnHODk0PHzsyLGrr1o/csjO89jM5AhXGjq21MThYzSacMBIBrC+l8lPxzuZCjKzPmnHrnCMEyK681ylozbZQuLmgjkWiaObuI2e9d+XjoGSZd6zG1qoEES4I27BXlrNkXipZ9thnLS1jzknJOo4R2/aCRj9PnRYEF1t7PzbaHt7PLKWckqdiqI/GK6sra+srvb7Tt3E9zEAvIkybshkrW1TUzQep3RCFJyZkzzRtW6H9/65vKL1Yt8wPc63/m2T518ALJy17MVp053n7cxRHxB2TQGeU3nEThd7brpCdY+kXbH+mSA4aUjbzEUY1dZntr1xdrS5tX32zPaZ06ONjZmvcT6KLF0+deH7Ikg6q45loIos75VFv89EE2v0ChdMp2CtDgisVYht4WJJOz9rtjRz9vyhnQufT05aXEw8zo9N4uChpQhRlFZHlqxn09l4NBuNx5sbo83N8ebWeGvLxdBxzVDLhuB1uotsk0jdj+omgVsS+ykKFcKcLU1GQADtKAND7yY1yGlOcHI0M9J04+lpjQd44+yn6WKnEJWPEWkrtI+VQ8pLTC6J38xoC1FyonoSdBIJkWUSSQStIJPmWLDac8nbxMQptaRTFVuikBVoFn02C3MRbVvG94qpCZbE7XR+3KBTUjObRC/7tPt13MP0lMAhpx5NGPXT6w2MHBK5CSJ/Jp3Fhd0LsX+O7mOm+xdNylwZaCXKYO6iph0L7NEozCchnr5w5H46HqG7GvtZwTIvGZ7Eyy52P2AfwCVDtiXnCunkfIH7N+nY3cJohlRc1aRUx+Sh7wZyGAUM5lMlLCl17vmW3mKHbG9LmPLjBmMHR+PJxNBSRZIpKYGEY7FV5olDI3I3hWGka0Az27HLV1bWbEP66KOPbm1t1bULjGL7fXnp9MHswZOx4/Pa82xv0LgBDgm5G43JYMtQetxEOPJcJq2vZW362imNs9KYW9VUO44wkERtRjMv6cPGkUcnOxawo4XaK8uXtV4LF1+0KHBeXbFkiLLHUZcB4oDZpFNloSn3h8RjuX/SIp0ebfsyxsecAh/pRGWzqjm7ta1rs75uHeX93E7tumVdkKswM01tvAlhjL05xtYy63BfHcdv4FPqXCmAQZosTt+QZHWSeHekcnEWctt5BD+bw8c3LqA2+el1ZEazfq2TRgzTbd59ov0stPED98wzp4l5xZTSJkzDJdnadokgdpKQLUiWzc2yYOcFhJ5HrM9hoVuY4jDMdFdezINYPzwz3Cr7ta2VifNbSSfIBHIthpVgYT6mTdLS7fPAuZ5Nusc+1Y5S7JzHxg7bSJHaS0hHPwKTThAxDm1CWQq+xrRuLjUDu/3K6ScD60N8kPNZGzuYsT7uwYobNmvvZjR+NZ3pZBmalEneeq34BfBcA78t7hBCkGPuD4f2epNtJ1o4OnXGDumvvv4a69aAHK+74abprH78Sw9W1XS4OlQ2izKKjKH90MsHFQnPuOMrwIW+29ImaV+vUEgnFxVxLAfUgekP+nbD6dnOpsYxUVwowLxwdE8uCC5K32Rqm/zB0E0WmnS4kgxPO00ntr8tvrj9mAWt5wNwYhuMPml7ACBaJ6ft5jszmefnhcPj4IwGt24gxHWLtMztaeQmrXRVuwAQjm5IguV8PrUZwMrRVOw5rIYJUR/s7LP9kGFRuZ8Gc9dWIdwpa9trbhEgtKFeQTqnkG4+F9N8aSPVzHUUggWGYAkgTDqGWb1kxgXDGWEPK32ZucmpTkZH095p0g0sdn0Q2kE92VNjlpBO2uliLha+hfJLJoMuGPC8a1RjhzgdG2j7nFLfLrYTikGOxgXZyfzlvNPFG3zO2+jjIr84YJhmCtY1pjLoFXcflG6GmEze+WLfum2CdjSX3rgoNMSMQG/h/bBVIY/hlZPGb2onrNOKv3B5b1Vrw2r7Tu7H962T+Ug6HTk+CAdMYRWToBFtDPPGVGw7wlN7DytQnB0kSTTQTRCjdhHGkZQAKAQPxpgeAL5Pzxqw7vqun9Rov5YskDhpATewhAOlhvKf2fk02vcDEPcXO+5blXcTCnjbICazPlTkY8fJ+zXTyYbOPCxXtFavA9OGF1vDgglNKV4htUqpwYPWrGFsHWPeQhxlcTlJXWH+3MRe7oqn2afyXUF6lPDAPKcT66cDyWQ2Sdcz9aBjuBDGRT0pccO4RQuOdGJ7GjVxVzimQeG1TWjKjaI35BkTIgwte/KlPTq6FWLo4ficVDA/QGtzbyGfYFnTEysyhHbDx72lOouQaAdzjUX06gnGv0Dtlkbomeu7Y22wIZteu8bBNBQ/1vayfJ8+7QlDLK7U0TIs6uDGyJmv6LwokPRgOHt8qYa2YELk+WCM8ZIew207tJ7feBK/HxObam6845SVwrl8S/P2nEknGGSqIG0hlmHhRQIz7ME3QO67dgKV1nnqooPlPAICNEuMM+z4DLCkswqdBs5dUxNVjpanFlzg4wCoJVLA7qST9voKsmhNkpbZ3xZiAmB/pBN6lfyHdu2XqtFsVLPT9WzLFkB2zSYPSNnXsKkPs9Lx7rF3kJScOPbz3ZB25OnNZVR/gU6eQFhwhW3NxNSKzuV5/INv6CeDqOFsA/L6Z9DhSdJkpy80WixgbWFyGXg7AiElPPGWLJ3kG2g/9IYsvAnPNQlG2xsIbJ8UQ+uq2hW0LFwWVNggbUeWAdsNDizCgeBIEz5QTwC9qATH8WHzF9sW33DowDemeESKNJNyp3RCci5R3Q2jtiuEl8WdJbaugHO1M7x1e5Ztvyezmc1X54Ml1o5t061PeFLPNiaj7WpSc7zKDiHAF+zIOInFATCdpghzJQa8ALs2gWXeytSwG54l2e1/7Xvx/sJA7lNxPGKiIo6OXYRuhzW9iC9dxg0CBpitYr6WlWsqX7UDHfITKrdCjx4j83OY3MXhKcqaeLV27rKyOZNndS+b9ouqLJpe0RS5o19wQMk4tjfBjEA0w5wtpDLi5ln9HBF3cZCaJOf+8f1RzFnppIasMWVlikpnkyabzMqqGQCu5NnQeucR7KdwlByT60bp2g7kVN3Yl4fsJUroyFmo6iEKJdNC/XtjX77nWBFHKriBQnumuMHBoN2mtMpqF1gHJ0qNALcBxghbWtuNme1LFpmy2bo6oGjsOSvwBVYnSeK5dVyqIJ6Bnb0JvY4mlFHTbfqXtfrn1zvqmqalh5gueSJ+N0E6I5zdit3Csu5KOnzoWAxA8P0CXtqqYiwAe/3xaDza3B5tb482R9NtJ31hSIGQqobjY9m34MJfDfqHjx06dvXRQ8cOrx9eW1ld6fV7FLrB1qvGLzEyun2E1rqGp4cLjhCF01ErbDWaTadT65Yeje08g30a7ubTCAVIdMRRlBwPJCidOPaJHYAwG0y1q7T8M4UOenw49iFH53FwKmuI/k7w8vBZK8C3vM+DyehjfpvDw2kznU6m1h8yGlm3CKkgZb3+wM5lr62v9x2PzTlgol107pKa2Nm163uQoonNEZZImVTTuiHjR2+KWn+OHGdi5yG+r64R3+k1mmBxFs8yZv5YbRZOX9jztLFbeTtH0gm0vaqFZ4HY1fUfFTv40C5WcXNAdnp2aue7xk6W4+zGZHt7vLU1G48du6vxQQsh2PM4+0Klxza9RWbfb1m4aSBrwPr93tC1JHmvV/RK15qQrC3fNR1F7mRz4GmO9dIr7eeYpEhhm4lxbtqEzqo/Gv3iNNao0jTRXRPxysWImo5GY0c0cVyTqavd08bRpyrqzLSdg9BLhtC/UrEHQmRHjm/k2TlMRPFnsjBrWIrmE8Xnxp5out9XjGB3TUKmSGYQA82j4S3gUs95opIEKFY04QDObg2/IhUTCtvgHEeRMcyDOT+XoXiFkp+botyF8Jpj5ERf0SK/BEzsHYF36EDrkAFox2jepHfqqX9xYYKlhfcMJTt1d6lfuJbxFpPXXtCKa06GHxiTP62VIwxrqtsiEzt7vhfIejUIcb6B56dU6P0G08rLCNM8AVhWKczuf8/9iTufCHHiExYsRnLA0l9NdzmSn1ecP31J0rufVJDGeFrkXheBtj2IVckXWvQ3AZy/QMf2zyujpJm82KcS0sl5gAe8MWP3bEqxe6Yzc9zRbDsrYcVqW2cx2gW/OJgP5sKouj3RfQITPTd/Os8mdW0u35UTBm4hb237QBSVXNk+m+36sIKI8lFRko6yDpNErLPEK7HcZYoTJ47bbtC2Y+/aCTew3VsXlK7Xt3a3aWrbvli4wBG9vm+aeKaCPlzamcIWAuTyHJ6/EU/SZTlNtblldq5rqOL4sjslFq0S7lD2zC59I9wrg70R9BMtiEsLh1nYOAckBWRfdedc7mGexq87npJObvqWCDA1gsvHgahDIw8+YkdwySRjfjrXS9q5Gddaw7RqbGmy00frK4OhG12EMkTvvQ7Dd+9H5K6pd2FQHE3wTRsZfj/r4Gdy/KrCGOeSOn8YS1SoROSQcKsyFGnVoheq1U6ZorITzp4n4GlV3AsJDk4Ez2nA0FL6iu+Kt/EJR1r/bjzrM8bk42fyXSXjO91hoj3ECYV2Tg8SOxC351pogJhh3nml/SyP8YeZ0CNPRyNg5sp4uLIxPiZFcnnfRTLeJwdxSvb87LcxqRxJWgL3OMudSGGJOYucWKxbTIPci6QeZOwwAndwuwYbQs8vVP72+XiNPqcJANqiTbsod7VJullIs9huD/WkFL9JcNOiLmqJTU7ZK5hmx12G0PHkMXDYEyan4osltVnvLKHSxWn2Q21eM+WCouWu2mw9ddpO2W2eOpWVxeqRQ+VKfzKpeoOV7Y2zpx552E6brR9ed9QcE5oNitMZs9SP5pchCh+Yjj/PzL+pbv8pTOPOvzrYBy5cL+PCYT/l9uLDrX8jyiybkcKtIyrtXMdoa9OODJEiE9tyynKztjbRrG812tiwpY0VaFmwDOJ6pYWnNPF9hR54JwGwF7guBxsSqwgkWRoLZ+Dlk3fch+9DWjRKfiMdpwbY9Ll0kTWogQcKSKGvqtoJQtaOd0IS19YfmrPgjxeQcKEDfZ8xLMR0TiEaEJrGG5iGNbK8SyLzh/O41HCQW+3nLdwkcqZY441XMbK5831THwsoGRqH7NRxYERtCZMsg5FO5w28gTJhRXysQQoxMXpdOonno/gBEGAbjDS+Wei+z6QJcl86rqhoW/n2/mHwHs7zqqdtaBJuiEOPAOPDYTC4yViqvUN7QVTeNR2UTkLh8SnBJG1ROsXb3jY3/EHRpGMcybVDB18AafYjTjSTX0Gb1uXB5/JVdaQLUavAOtc0rvaDa/Srxp0dVn7tNIQU0rs0SXWg1paJLk4sAAAQAElEQVRnE0xkwzB915X+KPxjqARG9gn3gDD4acIrYuUSX6iAPWluXimzL5Ti7GieYUcKcmHBnQ1+aTxQ9uUAudQF/0/wjiVtg6eSu5Ki/GKXuPAp9imzsFCYyQemDQ/lE9wtWSbWFOV7pz4pcT8ihiZIq273JHYU2z3+JrFu+LatO9eDEPuPECtYuzTHhxai/Zrnj9r7+ZLE8z6xYO0Jsw+kR8H8ZEOYQ2OHb3yycFSchXJmza+syNI8j5thlZIO3VzvOLL/0YpSZ1ArCtQKYWbJbmREZaTJN690wmWSr+E7qdHcQ8h+P6b0/vPk3Yf3P59LalnWpU8RZtMo9jNPowF2ygVbE+37Wjq8LxLesL047T52LrpqoHLC5+Q4p/ziBlDFfht6y2zazq3vCBXtcmZvv3J07QLrO4bZcBNG08HizHnH46jdG1W/O75KDNpVXEr9LHL8Rmj7653PjgPgpTDQ1qLWnZUok+18Ymp0lX9JGBo74+QZeYUXr0UGwG7PgN9Mu7F4syW396PZUD25EddN0HmKdRpT1iRwECXwQ9l2SrRtpSDMIihIXpovOVw3MZ2h5CqKjfZMRU82d4EnmHTiOXTeqrhzVQPKjkK3ZrPTVbVtq6kK7RSXCk6VRmNidDOEoDCRJDYs8A320g8qo14phAY6Nsk+L0y4pkOkM2I7IgLE9j0kHYG080aDUf8dbSr3aEKutEVjzoiB75r5G8V5eT+x1NYI6gdyU4tx/o2tFtvddlTn4yhBu0ze05STkpAsrg0y7+27hnbMOAfT+Ycv7gfzRnvriBgEcjAKjHvt/baxML7IcC6xp8cxTph0YucY7Nsg1RNM+0nGl3NOnhPTgEjtS+oPxoS4nTOHSrnRpGvubXpr00zqans22ZyOrX+YmSM6cDwwTLJw59t3e9LhoQ6BLmM3zLBQvG7l67l3ykxdqivkKa6JURTk4oBzyFfSSIozgb0aCOtmJ6MT+nv0rg1YgzLEfF0VR/P+ala6mU0XjKT01EilAqkCWeXWKRLYrLHV0+ZShk2mmjJvesWkl1d2I1eNomgx1AvCqC0Rq1jH48hyDpkjnRT+iXxtIFe50ZzNxvbnbFOkXFSdJq90UdXFuFKTaT6tBoBreT4s8r59WaDtcKKwV64bpwQMjdJa2Xa80Rimbgy3CCGwCMZIIm7yhKV+uQRiLA8qlCRsv32NaOuqnblFVaOaKZwo2AazZcyWdoF1xnbCvEQ16OWD3mDNzuoVbj1hyxBqHGPTi9TmTuOkLJJeX7QAbU00Zt4gPC2EAmlM67EzOw/evSkOcSe1X//TvlNI7OEcAmOtdbHRsxlur0MygOKIu573bDLd3tjaPrs13h6Pt8b22+6pZxV1yZ10uOvNKtUf9lfWVo4eP3LiuhPHrj6+fsjF06GRqOOakMmoKWaibutF4sv0+9MZQN/JMsmjnXOGx05Ea0Tp6Zwki4unY338Ts9jOpnaiVVe+x5cxuR1IFGTwaBf9noUbqlgIRLyFHBmpt5WHzuGHyoKNDYUWNxpVAR/bXhNPv9jXJ0si0F1Wspp93hM/4Q4AqIphamF9ZGMRjP3duz0ghvdD4bDldWV4XBo7QmEfnlt5xloyoBoN+7/xn65tT2T2bSiDBnbnAlqECYUkHDfmLf+33RHbHY5tb5NDUdg26mO5y5/q2ZZFdtPATD72RmFMZKJiO7hc67znW4W+w18kVT5s92J7eAuDjL4BtTt4+9qMplsj6ajbafMseU0OerpzDQVsAV2SdKedULf6Nd1u4ihtlDmpdOvdqFz+r2871gmRb+0DjFrykIgdUpq7ECZmMruI0AnmxafF84R3CEM3dD5H9uP4WU4httokx7ge8qGO7wQPUEQhtNupFfXM8fXsdlos25iM9BxTUbVdOykelw2erYUc2RVGNpTP6qNxpiQg1XspPj5nRhEtdMyqUgaw3hmli0ooCB3vTkHKcSc1w7xRJM4YKbpMgzdRRYmyVgBzDFLaDOnj+JwOT5oDlPWwlOEHmN4i7EC+06Mz8hO6U9bH0jedeelt/3k5BUBJMnXYQYATJA6TF5it2DMFbcFzN2du16cJyGeOH3yrN12f/o441HWhZ2/XkvKxUTzwadCUDMfhyg1sGG2JOkA74Ddf4xPjcmQZGfDpvdld3ZFeIq9rxPaoPQzjwW5KR58Acyb+7S/4VvbJBlm0cRC21eZb1xgrqXrQkgn53fltgt7rungxQ3WXjnlSYod4ysNr9EhAwhgIlVCJ307xHaV8Xnk29JT+LpzqfXjN89fR9vLcZ1U6iGxs9P5O9Mr+K04cva2zdoIHq+WebG6umInE7c2x/a57eO7aA4Fjc1oamIyHlszPhyu2ivr2KZyI03Rdty/mV/DQUn2OhfkFnHEQidL5sJ8uqE3yeC5tU1YZGE+ja4Qepm4Qx7u0SrvJ8v39VrOzTAtTdQ+y4DZ5a8LjrY8pJ1daGcrsLudHALzgo3BXLaPrHgJCQLr01PPJ7MFa1rNxqOR7cSsDldW+oOclwDSubY8NRDl8Nwick0S9J66gr4upHY/lBTkBeg0yREVL7xtTqeDkGazMjsZgU6ntHDRF51bhcL5aLes0XsTfD8U/BSUn6+j0PC84DONQWtSJpPyi8wM8HExwKTnQ/iM8w0/JRNVZMIyx5aHRtg6XuLQMPRKfAZQ18OL9PsepmEPkgqTXBiau1jPvEkJt27nJb19CW1a6Lnw3CjGaple7NyBYVoI9t3PNn4cmI42aDbHqTHR9I3xRSR2Tn0mxYWp3ufgXSioVNIE+wFcMkeHnXEfdqpzrBHcg/d9UO+MsF3eZjq2VrTq9/u9laErl/4arhi39tynEdMXyuRu3snBEtha05HO0cjTQBwiyp4/szcaT+0kWbnSt2OhvDfoDd3Ci83TJ099+aHB2uqRY8eRiF2+gmUawgAAfPXApcMVXIhBhrv2VHb+yeynmOCF62Y8q+Cn2iFO1iIN0vLSNvR2iE1xdqgSUIwPXpPOkaGmm2dOW/fz2uHDQfEbd30pwf4svN19vsqkD82tw5K23ldMP2XtagT/xMMZP/jjIgxxrtBZbdu94JUKPA/hwojYDpIdO88qO31vZz3ZucXeHhf1wDhRa17badscRaqaXFuJ1++CFXIYalqNTZPZGCQNkAUc7LSfl7ZySdKkI+30JPOsHSMEq0sJ7e7gmRKIVEv0zOCOUFD0+/lHjfYzOFjYEiG3SBDVXVm6wku+G+aOYGrvQuPi/1bhYq2RDMqPC6QTiK4bxBgiI6wbwSy0GMyy48bDhCEiP3R0ZSWXVaHNCsuBkX3ZrCDtmstYcuisqIPPTg3eUrzEWGEMgpYkuvVbx+7EsqKLiQF0Pi3nueSHCB0Fbrw5F0Mi+DxWriKJEeRhtpuBoRkKYyc2uF3xPV/oiIukCcFk+jUVX+SlItzYZVknEqiJVHjPzqEIdGExLs/2uMVbtg3NMrubNd7Rzdc0hhR9/FpV5tFimtV+0axfEOObTRVsgddcUZ6FQB5cesuapI05JqJLizNByiQ9EcDY5rbdTs5NE8oJHWowNs2x24md1xS6O20Ghl4aYDLVEtfaGTPf844XzEL5SqeL+LUZE8MEcBuNsc60k24h3xDhfLtL88C99idWpt3nezHck6DCQwbNcBPge54+c7qMJR8sWUEY7jm2isGq1jPPVwJjWmUjBRzgldaHEfkE2t4GT88hpy9oRSG/XDUnJ5AmPYH32eyeBXR93bKvja8p3JkPrlduXriA0p/+sd2ice0ETuzA2rFPqALQwMSwRgUk/mnOWr+yi5/T21wTlndRVB36PWOld0Q/5AlxOyD0tzkZoVvoe9+xKeQ7Qyif0cpRgwMYur9dW8IvMa1bEM01nBvmmonO0Bd3GK13evhBaJBbE+Ofzb8gRS6iwElsP3tWnZ1+DSU4aruSqfTr7nxsX5M6WWEnpRM/9gh/KNX2or3tD4/p+TSQtObgXWW+nWQLaDzpBEM3xD+KIT6K9XlvN/XpajaCxuTR5HTy1niSq+vpeFFRb6F1aBVDk2paW4oQq1gyVmqtZ5tx6G1FODccyhYOFt5BWhQgeDAgWUiL/qUbTF+OnzhPB3btv+gn12kdP8QIF8rXMib8qjjr5p0OGEpWS+swZr4eYHhF3drkG81oJTDa9VAFcfHROxucbTzrYXjdJ5OUaZKeI5y1kvLYshjDP4FjRI6izAn2ZaRxYr/blSntP7TBT8pFm42RWqiPymtauBtY16ftrxbEAABSKbae0u16sj0d26kZP5xWPsAlW3bwbiB/k8SOJsWnU06ZcQTBc69VOw/BhYGZYJoD6yC3AxjpPp1WPLpd0mzHjpHzh/mRPU3S2KvkoFYxO5SVR3uDlaIc9gdOH8I5iX1b4HKbiID2YUmNwOnp1HZwDVArVfWKpsxnPTXtFVWR2wGAzpjWo4Jwy3wxMG2hMnbOs3DByQv0DgYvGqZZkoSKJQ1A7JSUKWpTVKZodDnT5WSWTxzj5FBRrrroR6pA6NmemS3edZPZU3RjJ1KVYyZRhB0a+sXxAvU/IPMCD95gRScRl3KMvVXVKej+LSrfmWbVIKcNqXI7rJoq99kGs21gZMAF1ikz6JX50E53DOwMBEmcIZsjokRQLmXKuW4pbIpqp3n9St/Q2HVihSw2KIt7zhU7TTcl+0OHoQ0IFW8dMmxnzP2sPdtWRTKqj+1Q2SG3HXTPtjc2N05vTkeTyWjqCA2TaUNyNUTHciHnyn5v9dD6kePHjp44duTY4bXDq3aGH12kIwDvZaWlGM42NjQs4vFUy6vgHF5Mm9m17d4fVGj7OClu287tO3WTiZ3lndUUwMsOvYHDerJAsf2v5GWtpK5qHflObSnnQT0k3XhOttYx+gyXDU+YdtTnmsRCgnMZINpv9ngqUljPeSyTZZFphfOvLJ0TCw0Bb9vr2qex89Xj7e3J2LFGbAKs2ewPBsMVa0tcNCn7YG747xLT1LPKzT/YGQfPHCINSRdMxwnKViQPWFc18dV4gheD3h8GsmAwaJ1RSeh6tWocyFmRDPPTg3dXsDN7zrvuVAfPCXPGedmPe6Qi2TAQSnLS1QHfZoQ2Hf3D06GO/VRX0+lsPB1vb442Nidb29PRmNgSE8pKNtK+3x879LzEwv5FdJPCFlZinPRcRDAXAarIeyGSDrpRvIkPRPfnoorBhHKLZhYny562NWuvtMsPGLqysZD4booJ8rCmHS4g99FocQFFn6kcB242G0+m264K2Kybbm8RfWrq4lbbNoiW2ALlOUBovn2XjJZyeTcEeLkLFd5PsvAm/sq6dVwfmRmZdHLCRFMcuvlc9NN/nmHSaJ2IHrFaRwQnr9UsYVIEEd08tSLP2RZ5FgW1VipyCenm5G4wbYffr3hJBEJ49p4YO2GGwcQeTHw5S+vgkhqHCyS5UNL8x/OA20/QX1Hc4eRhr0oiw6IfanmiCBNrPHfESbkwB/yLlgAAEABJREFU8yZXNIGpIhGHP5QttkPK6i+qcCGHMJxIHVWm7HgyjwoEzFi8ugVUwXxXrvNZgAkXa0c086Oj5TCQyICZVsXFd8P8eC80ZqkCELOdTdJRiRu7fmBuT/Ju5w7gS+p2SLLzY2CyAo3Piy18p4AYs9jStZdY3BkgpJPzv/K+E955VbFPYihcFXI4c5VIHXhPg+8cm2R6ztfk7jBsF8wZHbMogxMujZ1S0v7JBtR22rgTNqumdl9OUccQQjheGozQ1HtsdLxpQj+R4paC2Vb1mhPHH3nk8cl0ZkdeDY07M4q7yeZ7e3vbWnLr0nSTxbzsAIxOlojZxocsT84KyxVZfvaTUOSvhrqcbkK7MQ0JWFZAk5I8mx+WPvo6DgvDjz37SQdRova6RXrorsfiHmUgtFjncscLh2TOib3z3BFnpxMm8y+h146xtwBp8xAGrW3nmeasNYauQ00CO7UtTuOZvXy/LFfzvFS50hz52bWfcarVLy40JjQxbTymMGPIiXc3VVGF1ddT9M/VNsW+BrjJCJqPsAWVOKyun6kzQ9Pj7oY0D9JA0vIANf1e65V6+9h9ZOYH+L/pH+6o8PRdmHiKE5ftWkZOcacwhRxuO9GMMHnqYwvFTgw3po02Yc6KL2IPDq1+HLGY4DDzr81AfIlt/cI4xcO3w9AiY0yIz+bumHz/hS3p+/LWXD9k2Tlz/wKrPbk+UA68JiHwfVlkmDt63Eb74bnvZ6iYv/wwCNH1sfRxkG8HbcGGMCj1HRB+hfYoW5ZIAhpsv9zu66/0c1r34zqFro+vQzfJv1zvg3FvFnlw7S7rVRxY8i4qiiLwpBL12O2NVtfXxnYQZccA45HjnfT7K4ePOBp+YcfA+tSjXz77+BNFfzhcWbNGuRj0wHmLZtZCJy4MgKVjS9z5re2Apf0b3x86oIb+AnZFFrB3W3N5Ilgj8JXK55htd+38iJtrHm/bppjXXHJvwDbHQGc4ptRsanPZHmmPN34C18sFdXog7U1gP2936YuLcUhCo4+dP8OJrcSuX9ykWdRNqaztMHAyiO9F8RBMO1QhK1yTnKaboprZQbKdJ7Bmo/Cr/xpHNczRhRohBWTnXo4heYE7UWRZSQXcMWUzpzOk4iq9UJV5LGBoGshEW0QDuExhmPszUeY0xjDiFsmECxjwouQ8mgUDSXDWxAyqKHyikkyg5i5up9ndFgf0Z/kd2DrUmbmX1FnfWLiW16tEGbN8NioMAI3vIkCYEYLQ70SvLN2eHPqfJo72YhRYVjBF331NWxsVs9tPLbGwSFiiHLro3GuB0IcxcTRJ980w6Uh0ZUfbR8NQBroP60euOjbfPjm+E4LU8obuN3cZQstCj6d82k2Ym3FUGhUl9hGTV8lbsSy3Mx/oO0StUG2YncHYMcLgWADfCYK2e8atldfOyihz9ayifr+rXxlNBGfsmtXMWYktHbJjizglQVDDd6y4wU2WLlGr56knPFqg0QfwxHiGfn6JmJFZeHmxW+f9Ipzt7bRdKywBcazXNqwQO6ed4hlnC0JR52BzOP/eeWaKX3xLuQnnhEOTN2VMMrxP57URsdNv2bX92qFazbdE/OrmkgPBuvg/AHyIyeBsgODcjtaHpziYNZUFTWOtw0wZ+FLCF6HC5SN3KUe/c4vf7ADRDeKIrwShfLbTczl5WbMstDTBGMQXlsjpI7RDb1zSl2i3tY/nky1mC7ulqVB488m/sCZVE0PKUqex7f0EgUbTvk4kt4+a1a60Tt0K4swWYGbDN8SMh/CwfBWVpJie0aDn31CsFODHptV9QEIEFLtAhRgSPh2skcjVCKIV9uUCugUevHMx5B96e+6ZhfT0jQnL4kItSTrs3IeHfc7V+UyOo1Zosy/dTnp9SQUJ03z+PflnMZxxxI0jMl9du+aHuibt7YyJGTA3SEqx4zNQAqI7yqct2C6e44ssKLYskXRiQr8ny6iw8a+xXfTef+/xodpgIHR32ylMn80QWxgMpGDbTeAQ6iGHfN648DoqqwE2p7NT1XTkQrP5AQCEzgGt9pnLewjDMp92CGuMQk5wQQk6HlTP2sE8tOPcNinxiJR3Ehv6JN0QCmewGL7d1iYuLfQvnSug8WOxFtpobBNjfGvWjkJ9jeaCHo0+zZln0Rp7yaKWuRVGdaEs0GnpysL0oVVoaVtuRSjGoUO1V13Btj6GxVcqBtYhTVXMiX2CadWANg8aE+LRKMO8YRcdhgVZcwoEnIXFwyEP0Gd38DbEZ4DFpo3tpDEsQ4BuiVppa5xGY13Ek3pmBwBbTuakYfPEXW5+LdyAqCT2ECTrfX2VZwOUNIvkFq2ZYGFa1Re/lpqmBYl0Evq9sfUMdD2IBSCRumnNkZcXDTXBdxC5kNLkjc2uoSrWsThaDg/3htZtaJ3FWdlTJHHLHRG+q+ug2LS6HpC18ao2UOWqKvLayZxksyKb9QpdZsZ2/tmLRp4mCB1637jyaD2oUdHCX+fccm1r0CXyXQ9PbyN6upuP0nmji7opK53PmnLaFJN6CHCoLNesdx6gVFBktjAYW8qVy8/KGp0M/Gp+7l3x8/vZrsyrdAOGPknQ4eCyksXOkp+misMx4IrPvp3Gky9sq+cUmKpMzZQaodoGsN8TgKrItH3GQVmsWNdsqahtbXsmdGVy3+Y956nNuXqzPgdQkoxpks5PbGEQl3Ti9m6t9oPEu2NCH8CERtjb1biR9FLU0lTFY7hyebtvTCKlb7w91tjUup41tfXYTqvtje2tja3JaDzZHlcTWwMndTXjSHO2VtrXvnp47fBVR49edezY1Ucd3aRfkAAQcLg/Ayxz4gUHQyfD1z6AQAOZC4C6DOeXsXESEkj3180uTWej7ZHFbFoxJ4RahThiUEWZ9waDlRX7/7DvNE6KoD8SS17ScwitmQkzka4cuhsZz91pmrmxWxSYcROf7DPl1fnYEprTDcT4TsOkXMwT5VZ5jUejzbNnt7e2recdabbEJntldcXRZXp9DqZj7z+1vvmaKdgkrUcyJw4z67KvxtvWST9xLByK385MMzQqjBC4hxh7kdQF9IQ9gEC8DCdCGAzH5mP+ZSZdAL8rMKiaqD+02Jcy+5vyMvs5celCs4V07tJxS7oxSc867AxvyUuZhs6w5vkLRWSohgSrZuOxo0qMR+ONzdlkTFVs6oLpOGlbb21CQxoznwaAbqVWUQ4G5WBYDvpFr3S+MB9dJcOgggYt+xYhvRa2JRnb9XvJgA0ADsiawZJ8NOlgi3aYdPLHxx+kPhanwhVHJsg7pomL6sV8nen2yGbadLQ9nYzrybSZzRpHmfLB98CPWcLkgmej0oV8BxnD/IWKExS0k2ko7UiK9UsCYaKtpFHTJBq0ts8YRNTAC8MFuknkFqQ9IxY1CcolOTNOvIEI0h2em8ldHZ9mWtTbNhXBu2TacRkt4Ai9HZqj1F1FDa/inAyCkhc290cYCadtSnypJqxIpp4g03RYEqHl9Piuk49Q5nPUMUWAAu2FzM54VV7GOgD+4+Vekj3KT7V2P9zHCFnr7bvfCIC5T/qMEGuHakvwTp/5Ur1DFUiIswzl+8jctdbaj9F0t22ejx5EBXtJSCEIH+ODETVhY/mHuxXh7CbsTI/xQnfJeC2MnyCptrDwYRY4Rg8XAHQ0kl3txnYmIWZi2sLughwEFxE842bfTVkWAAPbYFG3xloxH56aCwHVKFAB1Gc2wdpornD7mMzZJRlJsUNM96AXkW4n7Pp9O3mx6jp5TTMajzbOns3JathunS+CfgymeVwd5gCcaTU8bDM1FV3d7xevePkL/+zPP6ZhZsx4PDqdlQVCubo6sD9XVbOxcSYvB+uH1hWtj0SI4skkXmwHr7nrFQ+K0toy4q1oPWm4Z+eyqKrtoM3+ttob2IzdnuhqMrNpKXqFi4fn4gLo1oNiOot899klOufs7f4CO/S/X/3SW//OK59/y7XHDq0ODq8M7egJBAKB4PLEN7wA4JtBIOjgRhAIBIIrEbjXr7i/I+egd70mOL9gC0Oy/Jc/bMp79DkPHAOBQCAQCAQCgeBKxRrANfs4bAACgeB8MZlWZzZHZ7bG9z7y5J985K6//vg9nlgCIVhwSzZhN2giN6IDR9+7XiPvwQde5DCMgGFlO5NkWgZQcMbTNZhMQlQ6wzz9dLrAhLVRbjvE8+LVNJGtCMFRCy19CuI3s/Q47Z4ItMTnmLDfsmRRQ+D8+tPao9rFUQmDswNODmJKQegcFSgMOJ+QHfylqntu/NeYMNmCiwnwtzbsmDYAHf2PJUh94bA/BMqiDoxPT1HimD6BcreUwkJULV4b5coRO81NYBLzKSqciDttIGlPYkv8MskB0OUDprNHeoFoE49feEboMvKilmt4ioTAkqTNc32SB17whotv+6Bg9lVkQ+Eh3klp38dkMqnrOsuyDomKOV7EF/NUOyK71Vhlmde/bhevnFMqFyRx2vUjyS5sGc1gE8E6dYPJpKrr6XR6+tRpm6Ti6iIfZJ4lE2wfQqTDsNA15wzpuVKKb775mpeevu2Tn/ni5mjTVr3Ns6rXW8vLwdrqoK7qk0+dHY+3+hTcTpFeN9dAUpFyMhFAOplO6sSotcGAIuvUzkJnoIjbBU4CMOsXvXrgGorN8biZzuwFyn4PMGgDpqaT0spUHriAWG5Wh8Ped73pNf/gdS/tOxKSQCAQCAQCgUAgEAgEAoFAIBAIBAKBQCDYL/q94preoWuuOvTCm69589e8ZDSZ/eYffexXPvAX26MRMFPD64SxxCz/H+gdGki1xPnvtWaxo+Cx9cpvWSCWJOvYIWpZJYwNVk3hmMhEb2HqQvDh830jdwHjpehfbK/TYQDEpCqTrEmh373M8BL/ZtR6UW0oTz4wBE3GcM/IoqAdi4vqW6WudN+iR7UNfGl25nqYVscoIVLMHW8W46WfN8z+DvMvKP7tVXi9ugmJi5gQKrC9ciIXG7ggCZMDiNDEf8TA4jq543LSifG0FRWoTNC9ckI6Mbr7CGmutTIwe7m/I4dmnu2DkAjltCnB7rkdCOnk6WOfRdaBjRUT6FBhWeZNk82qqqkrx6XI2ZA5VbtwfFRAIvEyinHDortOzuigHiCROVncz/KQRVkOh0OK0r09m003zpxdHa44KaksZzNHND93kjVgbfqZ1+Xrgy39jcrq5z//xtF0ds+9j22NZqAn1cxJJxX5cDDsrc1WJtN6a3tzFXEwHCJpGjMRkE5nC+3jc/dVbvoDuvgIpqbm4CANGfIce3kJQ2X/mtZVM61mgEW/dHLDBhJRaC8VDBcQO178m9/wire/5WvWh327XZZFv+8CkrIGFQgEAoFAIBAIBAKBQCAQCAQCgUAgEAgEgr1Aofb0bFpNpjP753e/5TV//w0v+3f/+UO/9cEPR1ETjHETEfz6fudv5dgyGYeN85GPjD84xoXwAUkIO8iBuJB/rIShW2YC0QigpRZQ/FaKLEQbXmQlILS14c8AABAASURBVJBO4g52Fzas64GoupIfaQTe+TAonnXiwxqqhGXC8YmZ3UGPpWvg6MYGlsZPWUZq8ZfrhtEwgbWwo2PUXUm3xJSdjsR9ud5NQubZiVpx7uyVqDFjfGwd+phEtTaheqB/qbiQ6JARZrfbLN8ICUgYHvSemrnTu0+M4XVwidL+ABN4RJgeOS9S4klTLAPhOUaLoil7C2FkP/Htb4BLiguoMHHBLuwrEy7bu9PRBOOjJfFTGy5wFGDHmQyKPoisvmOgI8jRvYJDlnllp86dEnBo2yWpmWOWdJ8kEVzhKD/Mg3PRypyoiIvF5oIpOm0RlZVFmReFQra/JC9F1Ygi3yWXCtEMOQJuXuRHjlwFRj36xJOTSZ1lLuxZnhUqK/K8aKpmPJ7VtTussBdXGONK0VNxNHRE7WLY2uNdIB504aso+KgJlcgd5IIA5bkJ0RldhPU0OP2CFd67KC4hC3awcMLy/O/3y3f/0Nu+9fUv7xX5yrB/7OihlZW+Y5xQ9DQQCAQCgUAgEAgEAoFAIBAIBAKBQCAQCAT7gHWuWRebdbQNh33rcdPWiYn4+q944YtfcOOf/+1d1g/LflVFqibW/+i+HKyX0zobnevR/eS8dM5R58goLW1jPqrIojeQtFRcxAqgDTDhExF2tjFbYnyfqDCREEUCWcR7Rb1fWfFmiJSR55xUlWXh3yx+q/DNf9Ip/Fw+yA7fhNy2MVTPDh9OW3dPyIv202ZLSPCSD6tqJFGHwuO2flb3v8I9EdPc/rnwOW+Hq5MboZdKWgzsqo9ck8hx0Wk2xJ/mgQsbe4HSHvzsEDVGOgmgRLYFqS1NnqrCiTZhjzu0TeQCeUCpeUoCS/j41PgCsLcnHTd+611wSYEXhnQSuFVw0DCBsxRNTEsr2+GUDukE/CPbzQ2ADYSJ1lOASqkGr1iFC9RQalNq6DWwUuPVE3P96U39l3/1yS898ETRW8ds2O/bb9sM5NOZObsxmk51UfQOHV7vUZwd4p0oEqFydtG9A40FZrXBiWnGzXRzNN7a2p7OplXTVNo0OepC1Y51g+NqOp5ORtWsQZ33CvuBTAGm1g93J5106V7LHi8WBbOckpbi6uNH/u2PvO3G40fyPDt6dD0/OMUagUAgEAgEAoFAIBAIBAKBQCAQCAQCgeBZjrppTp3aqOvmwcdO/tD/971PnDwT1rU7WZP2OAo5AyZooGDWhrNJPPkApvun3wcJiQRC6Bz2OCrEKHTC4ifs6jSBLsBH2dSEhJBf3yhPCVGmJQL4CDmefkD6BT5KTqps0l4n0TUI/Az0BAQTmR3Isixomjboz4Igwt5O/NZJbryGyc4qJSb8mt6rc4t5WY5d77xXIIskcNAeF8EoLsKvy4kZ1E1dm0Y7vQWM0iORfZCSTvwV/GbnaVomiD+xfY87gtQpUt+xhnlCQvfw9n4pe2jhviEEyBwUBhEgYAaSSlLYsoUQ1J6F4YpVOgnEn86GWdi/a8FNKVtJYfJMrIh2e4dn8XpN9JkhPoHwMOKDiE8hbiNOlaqVMhcmGy4XIDQKZxmOCjzbgy+v4BfWysevOZFNanX6zFZdz5wGiUJr2Mper9ZmOmsm03HTmLJ0YipsqKKJN+DiqtnSyyF9FIUyc2iCaXRKKJ6HlSkXjM3pndTaglWk0AmouH2JqBTOJzlupW8cu8fg0iK0ow1bGfb+rx//9uuvOtLvl8eOHs6URNIRCAQCgUAgEAgEAoFAIBAIBAKBQCAQCA4MSqnhcFDX9Uq/94avfMEH/+YL1udo/YUdXQ12phPvBBEh2QvMGPAEDBIwcaIXuvNx/zl2AuuctM5BFz7HRAGRSEkIt1AYyC/WgdluqwzRhXDwMiSZ4rTxYaRTkrsoQCrzHydhkvOp9mj0ZJU8RNvwK/lbsQzPrjCBXaGtsxUDT8HxYZCVUHxSKSNU1BNhNobxIi4dt3m8+DIRjTYv6csgLPBj4p7WLW+Wa64kn8Dn2JWlssCASUVW/JsK7ztoo5goc0Lv1H2WsVuCPoX7CmGPdia48HN6lkGXCdIhqrSKGqn7OGG9YPea87cxSbbwR4ePoQfRYWf8lWQefJp0cgsTHwl9GvzbahktC9lyJYfXwe42Lv0J93M2dMr3DowTSNUz0l2+ylYIDyrzJcRNwAqe9chwcqi/eftzRofW9SMnq1mdGcxsfuVFqTXaT1U7uDg+WWZtaxpjJxhnzwdzNpAsQKMpAJlS1kxqCjuV0cdZWSeXol2jUDfOqJFJd0cEgznHpvOswVB9OoUnijYFTS3ElLKyo1Gx9v/nfvT/cdv1J/q98ujR9SubZiQQCAQCgUAgEAgEAoFAIBAIBAKBQCAQXBJYN9xg0LPexkGvfOnzbvjDD99lzNwKdC/44fyF5Mp1PBLnS+R/yElPcXOc7kXTON6J22l4g48G0w2RERUM2IkZYuOQioqL4uNZJtZlmOcqy12UHI6VkxUUDCcPkXQCsozYJLxHodc4iRuQ+MCTjU6wlYTVEBU70ASnNwJrqSh/ZBsPp+smbYVD5hycCflgKUUkWdePc6IscxwUf0cSF9n940k9CAsUgM7bnWPBLPHMOkGaVHbFi9YQ9cR+N51sXLiXCRcNdBZcSIL/pJohrZs5OrwRutfHuZvwi8M9HmYx99MAHV5kxv8ZtG/aXIR0K1wueMBxkdDxrCKdwFyZXlrQ93lzNPs5aCnpBGyJxC8rcx/iaL+3e9bAZs81R82rXtQoGD34WN6YPmJeFsM86ynMbH2eTCfWmBdlQUw9cFIlZPlcUDTXErDdQTbntd3plE/chrX+trg7+RSqOBy4zJ5eOyqigcjSM0mtSKsHxhRGVgrOxQRj82cC/WU3DhvhH77xq97ymjvyPDt27LAwTgQCgUAgEAgEAoFAIBAIBAKBQCAQCASCC4d+vzeZTE8cWduazD7zxYdpX6QHkBoI/0sMkqaxfsS6qRvrTbTeSQf3bV2Otd0IYXRojbtpo2swGwR8BAZa8R6IJkG5RKk8sx+nTuJW2meZ2874FzqG5E48s8TYy7gYQOhDneASJ3dId/hEEQu/3wfP8SGBlsS8wRhJJwSV8aF32iPJvxoYDyYGA9kRHZ2GbqAQCEIyEB20GEgmKvzUOu/14sV30H3AlCIzByDpAX41rc5MQuiB5IHTfcaVA1sAfHSN8ECwNAFhUy0esUMAoMBxaZMQCT0YflfdvIxHJkVhvwyHRbYEtsSokE8JqWSO79LeMYkwZZY+XA6CC4sx4D0IM6Gb7IIyxze8Em6/+bH/9CGczAZlX/XtLldirRmvJqMtwGb90OGy7NuDiXfiCzdQPWSGX55ng15hKtANOjET0FVdQ9WwnXJaU3kJ7gIw1XU1q2zroQrHHyROChtTFo0CaG1ru7GI5BjYk3GyujL4vjd9td04JhonAoFAIBAIBAKBQCAQCAQCgUAgEAgEAsEFhnXJHT2y/sSTp7/vm776f/zFp7ZHY+9KZx6FNsw48RQTp1ySnu1D0YAXMzHs9w8EBedVpNXtnnLQLnenOyvF8XEUcAAfpQKBQC36+GM4HjqMU05r78OBu0t2zLkyU0USk3BOInHB8VEwBMrxBAIn4+KlPiCeaLpsg0XyB3Y2TXSzRk5OQvLhx2RiR7gvdhI4f8n2icye8hBmma/Wv5eFq8XffSYRE4MfU3uZG/8MS+/rj44XmA/ck157PjmpskFnd2BCpZompntmzNYlQidLswjj6+iclmTLgoBJPIDANQJjiTJGYZCH6aZNSCcXFmcA7tuTjiBgnDiqfvCbH/vAn/ee2FjNsqLIVZmppsxms9l4a9MW4/X1I0XZ02T90QXVMbFWM4utLIuaaiIHKZtorJuK2gHHOswLNcgK0xvAbKJrU09r02goSszR2lZiummwptz4mDtL6SaxTjMi72+3d0y/vf2bv7ZfFivDfpZlIBAIBAKBQCAQCAQCgUAgEAgEAoFAIBAILjDyPBsO3ar0/9dbX/vz7/0jZhgYJlk0hgLoBJaBpxF42odp/e8c3wZY1wSCYAaYoEHBSicq8ggoEg4EVYmg88FXgk5gGaZfQBTKMCFQR+umDFFZwgEQdy5FUDeJhAqz5FcTiB6m1dkgh6vpHmv/VCnpJNy8TQ4G0ZWQVwsbGGknxueJF9vwDJ05msN5Yun5O6qvtA5f+yZDhpkkd90rZgc0PeO8b5cj73T8yM553U1RK1MT94QMiQE2mIZjorvbQet4O52ca+bkY+Ye2cUAmUtAUqq6qV8kmiS8l0TUxrQH7P2WhHSyH5gdtmFnipPF4wgPg+BcsDLA//0bH/i9/3t6z6MvKhD7pbW8pa3s01k1Hm3Zerd26HBZ9MLhGnyEHYcsV7Zh6Je5s341Ua20rlA5eqIxlW7qWmcZDorShSdDGM+mddWAqTMoMEMnVaToB1trdSJnFELn4GKIJV+/ouARLtGnoh1FUfz9r32Jveb6+goIBAKBQCAQCAQCgUAgEAgEAoFAIBAIBIKLgvW1lfF48tbXv/T/95//uJoZtwqdFqw7wQ9mm7B3n7VLPGHDx2xxuzIWLGnlTFwQHP8nhWtRzkVI2iYt1QC9bIiJKhFogjsR2/gpnnhhAkEkEBVSOkP8JxAVOiSQnRzViyvmQzQJSMQqAp8Adfd6UYKl8cvvtQZm0KR8BwQT+TR7IHIZTHSsum9t9j55uYLJfm5n2k1mupjA6wmXaQMHkZvYRdhwrzuzfuZwnSWkE+v7hYR0QnIJy0gni8kOmTcvThN5HQYyle3omwZ+C+HROleevx2r7CT3gDl1lrYYRXkb0+qvJPItKjwQp4pvpeZuJ6STnTBHNDE7H9m+rkRc6HHEL4Pg3JFl+E2ve/wPPwyfuf+WXkFkQXARcPR4OtnedAHN1o+UZaldGC3PhzNEFcmtRc+4/pHVdQ2EKZVx8de0UXUFum5su6Chn5dAtLVJNXMx2BrNhoRZI0wxbGudSazSEuyq5xR++ooXP8cmfNAv92V1BQKBQCAQCAQCgUAgEAgEAoFAIBAIBALBQUAp7Pd71qP3ittv+puPfxGgIe+eJkpIEDhRxCBRUZZEMZ8k/KU8ucJ7+oJoB7NG/FHKx9mh/3x4Fs2shYSYgXOaG3wKa16g8UFnWkSXJXa9krt4KE1Cp0jugzuEYFlyhZBYxNRnCovMhlTnBJZpN8yla/FGOP/bkqPMbjtwuRvfvydPozBet8VTTOJNSWNEk68Z/Q7FEY6iJAx7kI1ZTLNSrSgOBuGWXUA/O1UdSJgfMSQTv3fjtWe6UiMtAjeoS/nA5IXNZ0HYNN1fU7ka08395KeYjFje/fEJIcbvFdLJTjBPQ8dnUxgnTxPf8KrHT50tHztzonQqJEWW53XdjCez8fY4z3tK2R2FLcSNZ+RpKuxOuypTmGeZoXBooJuZblSWUZQ0o2fWUjjVkyLPIEPHnEM1caF2GuZqOaEkzeakW9WDYcGlca3MMnPcNQIRtDZFAAAQAElEQVSvveNW+12WBQgEAoFAIBAIBAKBQCAQCAQCgUAgEAgEgosI66Qbj6df+/Lb/uZj94B3obtF7ypIRHBElRhHJ5BIFLTqJktkCAg6KlgYLyJCx4BXOWmpKombHwBiwBnexpYnsfNjGOZJpFIlALBEVGORXuL5E36xfef4cDHTvVpLU8FupJiUB7NMk2XnvxefDeePNdosPEyrvmI6JBPT/t2NPpNcL9w06nx0lAZMSjzq6FCEnYtyIKmSjX8RztFs0mg4nVsnz2FM05BmzCLpJPCXwJgd32akepCMQvclKoQ5Wola8mqWlJyUm7JATPJkE0xIMGaOECOkE4YBzxtLgRrOH1OF94Hg6UFl8M1f99B//mC2NTmU91ygteFwYOvYrNJbW5v2na2urxHvxLjIamhc1DX7leW21BdFrhqnYqSLoq5t1dAZQgGFKcFUFUlluWA82MsUVZ1xNTUuaBvYhgWzjBlkrpJTQ+IZcEsYSGbJ5g60s+ffdMJ+54VwvAQCgUAgEAgEAoFAIBAIBAKBQCAQCASCiwq3Ih3ghc+9Ji/tRq7IN+y88sQzaXkliKlXnhkkqZvQK2Z0/IaK3InEJIAkFk5kLZAT0nk0s8V4K8QCMSYqccSz6R/TPbSlR5iEHEDBffaH9Dlalov/BdE7Rtvbtw/T+ZeeJsq5+Ig/Cwlefn/TPaxumkgl4V8ou3a7Ah/dzSLTcmLciwgcFUQdGRzzmRszswGSH4GECBIPW5QGmWeihIvtTTpBvqpuKTs+AJPnAvliZpYwc9ICGa5mbMJTWolp5mVocGn8DZP8jDpI+GQ7JDtmbJI/XqZBJVd0xUe84Ltjv5U0oFbqi1w6BU8Twz588+se/I0/umVW2ZJaDHt9xGI8ribT2db2li27K2urRdlzNVh7GpvRDSjFNKJcZb0irypd2f91k6EqstyxFo2p0VSaIqsVPeNEjMy0njVVbU/LbCXJlLdWRDdhSldHi2hev6qLZfuPrA7sd6YUCAQCgUAgEAgEAoFAIBAIBAKBQCAQCASCiwiVOSfdsfWVvCw5Zg4wzYKoFy4YQlf+IeEWYKAwtGoRC+7ARAdlBwdiDKywBPMEBrN0c+6UDsEFYMn6edzT0W0UKjMfd4UpBUlclRCgZi7qT4gHE/7Tmgkru97TzD8fB5tJnkUvUzpJbxu+PVtj4TiXCE6v2UllIjJcfDgjEyQ8PDGE+Sis48KcpDY3mSCkzTylBA3iXo+Onm4CQTymDWMTZW/Q6SrMPa9acDEz3cRAR4Bm/obGLBYLjEfyQ2sXAMSYZjlDxZ+BREhqQ/S0kYoSPQYhnRwkEB8DmILggHDiqP6KFz36vz71HIQiQxz2BqhKW/gns+nm1gZmai3PkZoBW9SJ6WO8cXIKWCrP816pGXa3rQ29vCgQZrpBXVeuwmbDvNeUnndSV7WtzhnmoFpZJKZwGROFr3BRNqjFDsbEtmHuZpmQTgQCgUAgEAgEAoFAIBAIBAKBQCAQCASCiwpeGX5kbYgZq5x0VD9Y6GJxxXnHE++VKDx7xASKQmSoBFkUE8PThIvswA4J/ImWebCMOJAmo3sAkxdgOTi1McXJDx2hFqP5FtaTip5sYjrkGjrAx+TxKTKBX8L0A9rUJh4ZGAlLo0h4ukOE6sSIobztUi5w/rEovSa+wlaVhUQENO9ibouee6HzEgMs5GFCRqlOIv2vwPySNGxKKCeYxKwB2Ivg0z4RJn/4+3gWEW9hUDyBUKh2Qjfv5l/2Yu7FX/jbRRoyTnsFWprR8ptgWp7C83bDABkhnRwgKoSTIDhQvPIF25+8R29s1wYLW4LzPB8OBhp1VTWj0cjWtMHKSpZles54kWVUSvXK0lYWZWA2m2lnLZBEUEgDSBtl7UhWVD2jrUWbwqypdd3Yg1SecWydoJHkqI5Uc8gQ43LOCdmypfXe5HkGAoFAIBAIBAKBQCAQCAQCgUAgEAgEAoHgooO9e8N+CcpFJeEwJy3BwnS4I+mJbYyZeb4EQIcOgmBaWgZ48RO+picOmJaPsmMKY2ifecaAFyQBFWOyhP2Q+i07vAqS1uhcR3F4B+KIENekMRwJiOKnGB8px0T+Aof/gY44iSbSiTbgyScm0kSIn+FSqmCJxzSSOSLhw96h1iZyZ5j1onWdnhNFSaB9PmSnrdtSXjvAnkfPG1kRhnVMuuos7b/ti28fLZBdjMKWZhH2LaF+GA5I1Ll0F7igQ4I4HwSnI1rDhyifI74gAexSbPyVU+ISwI6aOt0AQFQYPAnJJAUuCeKTFFoOERIOSsIweVx60skerLFLgjZF4S3vI0WIXwbUIDhQ9Er4ihc88KcfuxWhbKBGyMtePsA+4nRWzba2TJ7l2XAFqX2oOVwVkdHI2Dm5oaIo7EZj/64bthwubFtjD9NKN7biDorSBWyzW7PpZDbRM/ubgoyDbzlj6mKhOZ4XOAUUjE0Fpa9ltXWSHf/CfYdREwgEAoFAIBAIBAKBQCAQCAQCgUAgEAgEFxAGg25H1nX2uzA7cz77hGrB52Cy3fHsEw2iZYN44YwQASa9HO8L7IllUXGwo4cRFSxapgbMB7oJh5pIbcAQZQY6T1FrDUY3Lu4MU0ca50F1ISPcev4urcYEkRaigoSLMVeHI9AAn2hPBdPR2dAYHrMDx1dpaTrY5jXfmh+aFFMgeaT2GdGTJlT7d2OIomGC9obyVBtmdzjlk2VkkZafoM0CMcFADZ5eoTxBBQKLhsRBwjUsmjahsISRtIT7gRT0J3kxmL5ejJQOlmBRPg8Mzm+k8Y/A52J7gL+WWZImzuE20cy8CqeZWG4h3AKZq+TP5TsmTKSg8iJKJ0w8m0fKS5qvjztghngaBBcAr3jB6M67R2e2clu5XMwqpQa9HBXozVldNZub24hF0SttRVLOWjX2Xyc5otGQAcwwMwXmTVOT5eNAXPY6JVibYd+0RpVZ9POizEtocNrMHO8kdzw8lSExvFx5UC3tztcxsirac+CwY02iTUB4BrBOqqoajUZnNzYff/KpyWRi86coiuPHjl517MhwOLTbl54HJhAIBAKBQCAQCAQCgUAgEAgEAoFAIBA8PTiGRNg0CXtD67DsXHUjlEAIOxMUJRYIKdCVpfCeedDzUgXkcMQosQHE4OhchWUwWCMl0CjS8z0ZxSQBe9AnCXFhgbxuzIKoBvFFtHV6Oq9p05imbizqpiUimEQPhBISY6pA+2ztBV04IaIpJBm7k9AGZoqlVuiq6IkjyBwLygyffUm0F0SlNSRpaJ2yIY4PRaLwZzSBBGG8lkB47LmMwKA6sdwF6r27TUiD7u6HJe5fl9equ2f+CEi5Q/FWnPROOlwWJcIt3QhMi4nt3qPlnrSaOCYI+SSFz/9rWm4NH2A4MRwSREEb8wgpTghnfczYtpBLeJ3d0dqdPY5zjJPLn13wjESe4203nPz43X2lcg2qMqosCqUyaPKt7fFkNAXYXF1fHa4M0BZ5IuRZo0WsK82GOUMsVDazVol0nqBpQOXKXs7WGWtvMcuzvMmcaIqtGxtjHM0mum5QZRq99pWtRRSxx1szTIxGUkXn8MwoD7ZROX369Ad+/0+fOHWmIxSFMOiV/89v/rtXX30iz8VQCAQCgUAgEAgEAoFAIBAIBAKBQCAQCJ7ZSH1hZif/Xse1bz2BQdDCzPn356/MeiHGk1BgAcSrSOgFIWBCJFj4o+Zv1d4wBOpJUxdkU4LmhKMIONYFBb/pXEC7ZfmZykgSRVtvZ6O1OyweaeIliXQQyTYY1US62ZOqrqgFhstCDvh4NJ5igSEAkGYNjSTKhEk0N3SIPMQZ5lQCNGURdthBJoYn8gQLVhRZyimBufy7OGgfb88j0bNO/J/7TyR6mRuYuxdr04DPNITg3TYhuI6n76iWi4UxKlQsl6aNhcTkFH9LgviSDwYIT1fmRPevMuU6YA+uMJgpzjbU5CQ8DTz3+rMfu3vd6BrVqsICMQOjemVhd2zWo8loorK8KMtg2pgg4mRRdKgVRVH0tR7PZrppSJykxsypZlnDmhkni1K787LV4UoDqBGm9aypG1uzsjxHz66jmqkwWNyUrWg60lb+5/jrXvbskkLbbBmPn3jqDGK0IGSOwUym1QMPP3Ls2FEhnQgEAoFAIBAIBAKBQCAQCAQCgUAgEAiuAATVB1IW6e5P/+B/u/5+kxy7wLGIvyXfC/eeo0p0ziXXfxKjJ/XchcQEhkCHheAVU5DjMxiOUKN17WLfJFdTqIyLAWE9rk1dVU3jBE60c5yaNBKMSp6jva9/4Jba0n14XMKyWZIFJoS/YTUTE57ILItMYubv5J8c425KjE5DvnB2hRzrCns8E7A0+sTTDknBmWE8HymIxPioSC6rNL8ao5lioikbtVM6IVEcIK0Xz4Qx9ObQcCUIQXZQfMkHggZgG84XRhXV1a+H8jhcwZg9WTz+56grOC885xpcW28m41kDU9UANnkGJSjV7w+0wdFoMhlP7J/D4TAv8yxTDRHcXCweDQ3JORV5bvc1ZFybptK1U45yYidZ5rWF7P8KISuaQd9F5pqo8XTq9E6Q+StIfC3lOVx0vLXNxP8ybQuxQBxb9uflBft0m1uj0G4Bm2MI9LSzm1t6Qf5LIBAIBAKBQCAQCAQCgUAgEAgEAoFAIHjGARMuxG6+/OU/WSeamiOF8P5kTxCA8CoRycnR9x9PNEFtAtrwPMlVSbCDIpiQs44PY1qJieoUQBIm1p1HDAATeCcNmIYlTEz7QM43ahOpG3t44y/kVFFIP6RNp2dsIAUDstcGr9+C2Aav6eahT/teiHSTNmeMWYgxFLZ8uAmiNvCZTfcFmi6tBGFHktB8OmDHyDtXMlghJpQ6LzPTliVF0jveZcwRQFxoEVKc0a7ku7OaqMqAmWLKEEs1COnkQHD26YhZNIfvuMIZJxblcfuY+ak74bygFLz0+dmn7m5Go1Hmyn+BkGfaqCzDwQBBjaez0fbI2r6+GuRFQUIdPrSZv4QTO8k1lrbq1I61V9d1ZS1rbo8mO5oZjmJmhqpQfeKYaJw1VVPVKjeo8ihxFeWlqGZq6CpfzRFPnibx7EDg2ougi+WCDWXZ3AGb22NINE7Ctvsej6dLL9g0XklMEUAgEAgEAoFAIBAIBAKBQCAQCAQCgUAguMzBtBDWw+gQDlrZBgcfSSTEEvGbLoTODhIa0StpdiCsAHrpDpOwSrSJJ/PfWof14cCMELcrXR9uwASigFcC8QIpXuYkpMtQHIeWzmIvYb2jadwW6+BzP2ntQ+jAPAGDHwlDWIk0DWlywq55hRdcrnTig0e4BPO5lKXYklBCMCMfXsdfVdHb4RATiCllxCwkPcaj8VQZ2An75Mpc3kEtGCZEzGmjLM0FVzKhAEZZGO11cWyeG3YMY3StO3ISkZQUanTBmCgyU/uiXPmKr8j+r4R0cgBA3IKnAT28Hp4FcI95vqQTixtOTD99t55NAJi0dAAAEABJREFUocgLYyoKNOaMf5kXOBzaMj+aTLdH22irwApilpMMCZPv2P4aDrLTGGzsaTNodNNYs2X/cKInTlKqcKm0h2UKFZQu7Nr2DEazhikbxObT3nhr7QNiOTtIhh2ZZ2eetsDRAaNpmvF4/PgTT/7V337yhmuvfuVLXri6umrzIR5Q1/XG1ha2wdMgkccy25OJF6EKzZvNjNFo9IUv3v/pL9z76pfdfu01J9bX1xeJLAKBQCAQCAQCgUAgEAgEAoFAIBAIBALBZYZEXCSsNDcmpTJA8C0G7QztI4j4H3EZjyHoicTDnJTIspuzFAk5OYHWeKcMDrfqG0lixKfSXqWxLk3t48Ugku9Tm/AcgXehTVx/7hPJMVPibR28nEkIiOK4LJGXYNrQNdCGuuFARCahcXTRSrZEwo6Zz5K5DMCoA2NMZPZEoRcfb6LdE7gU2Gaw885yMqGrBRCOmCdb7OK93ZdXd+mDLLnWJXIRp9SiGGppKTDENKJMpHAexGlqwzCRvzuUKnuQti5gW2xcoctCiKVQwJ02ilGh1BkhnRwIzjNqjIdahWcDnt5jHj+sXvHS2+6++8mTJ6e6cbpPWeZEOxrTlHkBg4G1Zpuj0fb2liqyrDAF6Z1QgJ0Q3YsC4uQWTa6aWpEBbuzvCjPixynAwqhMO76K42P1SDsoM9O6IXqgrWea1FCcjbZXtvVHsUxWwkmMuBy4J0wQ+fwX7vmzD39yMp09+MgTD375kb/7+tccO3qU86eu683NzTNnN8EHOZvXO9naHjt1mSyz2aaUqqrq7Nmzf/3RT33u3gfs77/3Z3/92le8+Hm3Pffw4cP2ABAIBAKBQCAQCAQCgUAgEAgEAoFAIBAILleQ3INuaSdEKgG/AFt5FZSgMgIuIM28rAn72BE6QQ8oBE1CoPABbkzwUUbmApFDfLAcQwyBlu7BkW6IN+B1WJCoIXy8S5l1YWqT0gr8InnD4XL8LuaiKOUlL7BVEfF/QlcGI4k3NJ9be9AtWrGY/fEyIGH6zN3AaP4zBvpZLnliElGUdleqdWKi2IfZWXXmMsd5aRxwBqYvQmGSL9bPSyyjwNixJduYDJ1rnBgjJOYQlE/iZVzsEIq+ZBqt66b1Izt6iqIq4xMsfuIDAMIMng6emcX9nPH0HjOD0XXXXlXNstnkka3NWsEUVeEkSbBEldmPgXI8ncyq2Xh7uxwMFGn+gP3JBZyyLYjiWqIyyDJl/7O1hFNVGV0j5ODEOnJ3IUMEjMxkYPp99271ZObCnpmgUWXITLd6V64hUGYpz8Ts28YeOJrGRSP6+Cc/81cf+0zD0iwADz/21H/7n3/89a955XNuuqGqqqdOnb77vgcffuxJCIwT6OqdbGyN/vyvP/qCW246cfyqfr//5MmTf/bXdz55eoMftm70X338s9OquuNFzz9y5IjonQgEAoFAIBAIBAKBQCAQCAQCgUAgEAguXzgqA/qwLMyZMCFsi6dDkKhIoIl46gkEGoNfn+58jtiJvKN8nBcv4WF006SqH+5KjY7BcShiDvKB7UGG+SjaM05YfSVwBDhmDlNUEoJLEK1goYpEpsQsEjuid7OVdFGwD8IIzmmHLDnEnNtyfM+P0ZGBgqa9mX+O+aMhVaMJmht8cORbqO5Zzw4XfEDCOElfEUIMq+NdwJEpYkJIJGNC8CLHlnIEJn+KL6ukuFPXhk5BuoIJhdNfVEgnBwGsQXCBkWN14vhargabZ0dfmj5FLKrcGXZdOxOS9coy6xd501R1NWMaYpbnmFsbl7lIOejpfMpAnmdlWdROkapqjK6c/o+y1qhwPxoKzOPqSk9lrpYV9jezXc1mtjZpkxWOzOJqF5G3EtEpMuKJTAjjUhkzm4zxeHzX3V/8Xx/7rGOc+HBrLp1bo8nv/ulf3/H85546s/HIE6eaECqIiZtR74Slveyv9zzwyN1feuTE0UM3XHPVXfc9NJ7O0mNss/qRT99ts/RFz7/t8OHDwjsRCAQCgUAgEAgEAoFAIBAIBAKBQCAQXKbw4Vo84wMoxEgbqoaO4H+w9eK3znzNaJogB0EKJ84RrxC8QARHuvHL1lt2hGbJE4qE0/CROsTEiTfUpI/iGSTIpBMVF4ubECyGyQJREwTaqDrhSjt4KHFuwfz+HJn7W2J/rgvxA02mm+2mpZK0R7YkGY5M5A8w6OkSkV4T3p3PCM9t2TXCzuWIc0+wmcuESM7hfeAVcJi2g+EXf5PIPqFDjTKZSVzgVOBrivNkf2yoRLYljK9qv4R0chAw9bOMKXUJoKCqpqPhoHf7C29uqvreex8viv5sNtY6p7A5KsvLtdWBU0SZjCbj7aapy/6wP1zJMmycfaKYOAZthchR9cvS1a0ZTqpp4wSbGiYNFo5o4oRMrPlRxpQIKi96qAZ5eXY82p5OUCkXZsdpDSmqtak9v4wIc7b6P/LoY3/y13dGxglgS2GzT/vJu+4LdgQ736Y1MMkeePL02ZOnN0yyB5hk4/41f/OJu/q93ouHw8FgAAKBQCAQCAQCgUAgEAgEAoFAIBAIBALB5QddV0HRxImeUGgdH9iFHOzzzAkTKSnIrJJGc4AczSekUXW8xIkhHRTAJtAqyLemXbwbE+RMvI9xniRB6+MDEcM5+EzLwGgDAtFeRz3RzLwIYYD2j+DgxCW/nBt8rJ5zPXXxxq3USbbTIaxoQvmhOEzMAuMkciww5BmzNxZzR4Ujz/WJLxICd2Q/vmcTZAVSukkKflgdjm692gkrKgnB5DKvYSETl4G24CqlskY5BZTcBdYxxJfSoUDSfYV0chBAfU6HqyO35jd8g1q5DvMV++ezyEt/41eAo+hs6+1H6of/SJ++91xObhA0Yn306OB5z7u+quHJJ6YzIqdpqLSegXb6JavKKVs126PZdGLPyfMy6+UKFFsq+62oStmq0SsKstV60rgGpXaqKY0z8irPiaKF2uQGc8j67uDcWnnUelxXjTKqcGwLE6S0SNLK18gUnmx4KULs2Jt++q57Z1UdY2txOlMtk8iSC7Im4dcFvZPkLG6H/DHeFFHj+Jm777/9hc+HZz7OnDkzmUyuueYaEAgEAoFAIBAIBAKBQCAQCAQCgUAgEFxBmG6POUINaZyw3InxwWsgoYNEpx9LmmjvU2PdBwqOA6lMB+uS+Mg6zDvxSic+JIzdzHLVSqH4EzCIdzjfpGF3v/fo+RvQP8HNmQSxCf7HeedkkiS1E6EiobvM71+Kc9dG2Q/OjfDRJWFEqgNDGyP6EPNYyBGFyswLy+zwDoyP1OQld1SeubgjOjcufojLaxcgRDvuiWGSlJHwOuZiq1OoY8/rvegH4FkMzFeyQ8+zn+nnf0k/dc/+TyQLXdkifPz42gua65984rNki0uE2jQ1kqBJrywAhtbubI/GdVVNxuNM5RZBt8PVJ7oUZKjKomdrxmyGY13XpnZSVu4izpbnmGUKsTZEqTA9d5+BayXGmwD2SNXUtb1wK7HFFAyzhHhySYycTc5zb7zu8/c+AD6uW2ifIpukVTcBaEW50HP/AgcFlhzJ9BqMxErmoFx/zfELoUy1RYCngaNHj5ZluZ8jP/ShD/3sz/7s6dOnb7vttl//9V+Hc8Sf//mf33rrrTfccMPiTw8++OAuJ15//fVLwxKNx+OzZ8/C+eLQoUMiPCMQCAQCgUAgEAgEAoFAIBAIBAKBQBAxHY2AuCNgXEwD0CwT4sQcPE8kUR8JHBGTMh6apgkXMxiFPoxKTnF/8Bnuf6K2OK8bnUiclHA1+o8ZLmjSUCgQ0pAG+wG/JjzFEsmQeJUdf4/+zE4Mmx2O34lxcr5OQfQr+iF9vJS9E/dgkih2dMbV8hhZN5Qf6hK4/C8K9h9nJwiT6OTd4pxUigGTxt0xUaGmcws+JSM3sSLNHgjiMRRHin5RWaad6E8TFGow1wcnGqMW3uVcLiyVfFjMqX0ediBAgP3qUBzQ/fPrvwEEBJsVs3MinWhNtBFriqdHrxq86MU33n3PoxsbDSlG5aQgZQ193cuzQ6urGWRbk6muq8lkZF3vWV5wo+EaEUc9cXonGeh+VtQ5mKmZuVqoa6NndWN/KjNTYFbkjp9i645GLBSu2+sUeGp7c1TPjDJQ117fBBVXeps2TMNeXTrYxvHW5950+0OPfO5eR3dYUDcxu+wBs0TvpLtnXu/k2uNHvuKlt++T23FO+M3f/M1f/MVfhKeB97znPS972cv2c+TXfM3XcEfhi1/84mc/+9kXv/jFsG/8z//5P3/qp35qdXX13e9+96tf/eq5X7/t276ttqVlB/zBH/zBVVddtbj/gx/84L/6V/8Kzhf//J//87e+9a0gEAgEAoFAIBAIBAKBQCAQCAQCgUAgIOjZlKglmhgjWeAx6CY5JqVtmI4mBDkbTcvoMNqTHRAaPsKfazqu7VSfA5ziBFIEHpOFtd/xYA6cA+0d29PTw9oDFv3crZ/SwE5aIib+qzukhHNhDZgd77sjQvq9cksq3NJepumcsWQjqG+0mWqiNkzUp2GShFKR15I8GyWDYyrt64H3y1JYdjUzzxFKAv20oVQSARIzd1PU2qRqAsuSp2CJEsySeEuYiN+0xKO0oIZEMJnK1RG+DL0xw+GhQoZiptyi+nD2OcV3ujKBe30OFmp4LQgI55wVJEgFpgZssqw+fmL9hhuPHzrUy1Sd57ZaVvYnCm7m9E5WVlZWV1btCbPpZDQa1VXr8vfMQeN4I7Z2ZBpLzAuVo0HHOtHQaFPpxm5WhqK5oSc22nozLHqHhytDVRQNqtpAbY9wLEgDIeRb2vp4fa5LAPuMw+Hwa77yZSeOHUoUShKrZDp7VoeDW2645uUvuvU1r7j9a1/1kpffftttz7ne7sRWyySeFa/m9U5Whr3XfdXL19bWlsp1PINgy8x3fdd38fZv//Zv7//Eqqp+4zd+Q2u9sbHxIz/yI+9///vhQKEUyfXkud3Y/x6BQCAQCAQCgUAgEAgEAoFAIBAIBIKLjzvvvPO+++6Dc4Q95eMf/zhcYDjlBu835w0fV8erntDHJB/7p/UTdj7kX/cfhIzoDyRYknyW8QMwQaZU5hgReIFkFw4WB+c0D/Ib4QPn+SGYyNa4QF79ywLnWEI4H9Q+j9uBFBEvgkyDcqwTn9tIOj7K/+pYLMifZ314nYsOzIcgIJxrVrRyUy5sFB49ulLXMB7NRqPNxhblfK3SGkzh9FAc76RnIGu0mUwns+lUQVbCICtUDJxGIaZctcgUFlnhSIwGqqZxNBLijDl9E8fPYh6L45HZ+xeZWi0Gagjbk8m4mky1rh0NTdmaZBwzQ7eBaYBIGZfOvuV5fuTIkb/7da/+wO//2XhaQaJ3EmPi2O9jh9a+6mUvuv66a4bDYVEU8fS6rkej0cNffvTOz93z+FNnF/ROvMZJnmev/6qXnTh+/EIzTm644YZrr+2wlE6ePHn//ffbjePHj998881zx991112bm0V+NlAAABAASURBVJtLL7WxsfE93/M9S3+qqoo3fud3fudv//Zvlx7z8pe//J3vfGe6x+bbv//3//5f/st/+aEPfUhr/e53v9te59u//dvnTuz1em9+85vjn3/6p396+vRp2Afsld/0pjcB6am8613vshv2djYZduMTn/jE29/+drvxL/7Fv3jLW95iN37/93//He94BwgEAoFAIBAIBAKBQCAQCAQCgUAgEFx03HnnnX/yJ3+ilLI+kec///n7POvuu+/+3d/9Xetkse6nV7ziFXAhkehbuLgIbTydZawFZqfs5O8jpxs+TcGMZwTv5BmKxfA0z5Tc7iqX7I0L91yJxkKUUUm3/X2FdCJ4xkAp0EQ7UY4HorPcHDvWr+tjs9nsscc3m0YrtaKdkpVtFLIsx16eNcOB0Xo8mUzGY2tU+i7QVAGK+F2aDtS2Diit7GauMjQZjGdTJ3dSG8gNKhfPLSPpIEdT1O74PuRlNuj38m3Mt+rpqKkqUmCBjGL2qP1qMV1oWONSluVVx4695AW3fORTXwgKJcD1n5VLXnzbc77qFXccOnSo1+vNsSmLorA7V1ZWbrj+2js/c9fHP3tPq3eSfD/3+quvv+7awWBwoQU23vrWt37v935vuicyMF73utf95E/+5NzxP/iDP/jRj3506aVsl+Whhx6CXVHX9U7HXH/99Ys7+/3+u9/9bvvTr/7qr9o/f+EXfuH1r389s2Rc6dBOBefIkSNpOm3/aZ+kE/sgtgjbjU996lO85y/+4i+YcBMT+bGPfYwZM5/5zGdAIBAIBAKBQCAQCAQCgUAgEAgEAoHgUsB6nazPyHpGfvd3f9f+uR/eSWSc2BPt6XBBoRuOvULePOvb8tFcFjVHsPWo7+wCC4vQ9+8avKw4EN5tuCsMwOXJ09gnLWPusEUayuWMyyO1GKIEGfYw++2uPMpBkk7MlSpbI7hMYAwLbTjLYCtZ0wz6xbXXrRq4pm6+/PCXT2eFop+U/UlDhahKxKYsrc9/Mqvq6aQCVfYzdLHSSPFHu2vmqLi+KpVB5kLuTOpZrZvaXsM1ME4SKHdSJiqnaDKOhmIUQpGVLqBJ1ky3mtlMOzUu36okrdClpZ/Y5rmu6wceeZx1SiBqnJDeyctfdMtXf8XLOCzOosFy0l5ZNhgMyrJ8zateXhbFhz/xedZwiXon9pqPPHnK3uIy4dlccvzwD/+wzYr3ve99P/uzPxt1WR599FEmnSxlq+wHv01I9/zar/3a3DH/gwACgUAgEAgEAoFAIBAIBAKBQCAQCASXDrfccsub3/xmJpHsh3eSMk7sifZ0uPBwK9MNe7tMSkiY83WH0Aa7e8FMIgWxO8SRflmAmRzi3NwvKKd8JTFzZbjNwwNVOsFL7WMXXNFA46LekPUH0jux5kAXWX7zc46PxtPTp7dm9dSYMle6sf9VBlWeq2zYK3NUCKNp3VTVpCxLwMK2WxRhx7UnLiqMrSfK1RaNeZk7TqOuZw2YWjP3rdFGaSezgjkFGMso+k4OalD0jb3f1Li4LI2213LyKbFJSr8vBZqmeeTRx5946iyAZyEGhRJ44XNv+OqveBmzTfngzz85/cRjky+emjUGnndVeceJ3stO9O3+LMtWVlZe9fI7xpPZp75wr78C8GPiaDK96577v/KVa4oiz8EzCi94wQve97737fPgj33sYz/wAz+w52E/8iM/8qY3vem2226Le97//vfzxgtf+MKlp8SYPnN47nOf+y3f8i1Lf7I9sE9/+tNAHbWXvOQlO50OAoFAIBAIBAKBQCAQCAQCgUAgEAgEFxfMMtkP72SOcbL/cDxPF97Z2JCKiXepExFBg3dFzh+99xX39pIJ6eRSIpU8ufwZJ5eJIovPNGBtiEXGyQVSOknez04qQou5s/hSlx6zn8MEVziMpkA3XmmDykVjtC6L+pabr9FN9vE778uLwXQ6tV58lfWbqlFZnmV5mauVXl+palLV29vbw+FKXhTgwvEguP99O2I9/42GUmU6K7S9buPD5pAqigYiPBJVxQmoYEaqJwh9VUA5sL+NZ9PK6aIYQyJD9oPqoloEriNN0/D3bDYbj8d33ftAqm7CeieHVgevedVL19bWmHEyrsz/+Tcn//SuTfugWe5kYD715ckHFLzq5uGPvOroauGYPsPh8Ku/4iVffuyJU2e3wmW83sn9Dz9y6803rK+vl2XJF+RIPQcbcOeee+754Ac/mO6JcWQeeuihuZ8sTp06BXvhnF7N/g9OGSe/8zu/8973vhecjo76tm/7tvSww4cP88a//bf/9jWveY29vu1L3XHHHXaPfXef+9zn7Mab3vSmpbewBzDp5GUve9kb3/jGpcfY8vCJT3zi9ttvd0QrgUAgEAgEAoFAIBAIBAKBQCAQCASCi4X98E4uCeOEvWnOPQgQnc/siU4FTyKHxOzDQeTcg12n2P79g8+saC+XFc4p3/YZi+fyQUjqhU/wrv5cDsDkxBusr3zXtByo0kkCCbUjOHBQYChDRt6ROrQxpK5hmnoyGAyfd9sN29vVl7701Gy6mWWHlDss1xozdAocpmBBExzP6slkVJp+XhTGx2zTWZaBQu2ET0yuVA/zGnSjdW0aNBoocI7mwDmOhtI0xmQmY22Pwl4/K1UBhcrGuqp0U9tTlasCunG0FHOx9H+qqtrY2Dh95uzG1ujMxubpM/bf0clTG6xK4m0Tfb/yxc/nqDp2+9OPjf/VHz5+drtWNqcUZbByilLWfHz8ofGPnnr8h77y8CtP9O3pKysrX/Xy2z/4Fx8Jwds4wg6cPL35ob/8yKHVlUPra4fXV1eG/fW11fX19eFwCAeHDxKW/vS3BLhE+Omf/unNzc10z+te97pv+qZveuihh37hF37hz/7sz3jnd3/3d8+F1/nGb/zGv/qrv7Ibf0awG9/5nd/JpJOnnnrq7W9/O+wD/42wywH/43/8jxjoRyAQCAQCgUAgEAgEAoFAIBAIBAKB4OJgd97JpdI4SZx2mNBOWn0TXsYNTy+8h/BILk+IyMX5gZ3du+fUhSKdAArvRHABYLhksZaG453Yzaap0Ez7/fzWW67e3NgYj0bGjJwYlskM8UUwywqFUOagsNa6qmfOpihg1gVHhckQNZjCyXw4mkgB0FBUKh1iehnSOmmc0pb9NkrXGajc8TTQfedlnuW5rib1bNpQaB7QpIty8arB9vb2f/ntP9zYGtEDJeom0KqS2D2rw/7NN13f6/X4pz/94taZzZoVZIxJo/C4EEab4+ZDXxq9kuLs5Hl+w3XXrK4MtkYTMO317XOePLN58vQG4mO8p1fm3/S/vfammw6SdHLZ4i//8i/nVFWuvvpq+z0YDO666y7e85a3vOWHfuiH5k58A+Fv/uZvJpPJ3E82Dw8dOgQ7Y2Njg4vl+vr67s2hNJYCgUAgEAgEAoFAIBAIBAKBQCAQCC4JduKdXLKoOuDddsw9oJXuOwiNiHdFIGAECtbuNKwLRjoRCA4crixr9Bo/pMlBvBDH+1BNVW8eOdx/4QuvyzJ87NFJ00ybpgBTatPo2kCeK1RFkZeOqDKZzqZ6ZPqDQV6gUhlxGUEBFrkyjcm1KQEaewKo2minWeJi65C4Cv1rmPmiHSPFRfBBdIwTMBlkZZaPm3w0mxpTW4d/wxF6Lgq2R+PN7TG2rJFWj8QHoyNq5jXHj66vrzPhZnOqf++TZ8LxzCMxCljphPeojz88eeyO+pph7tgkvd61Vx2954FHwjXp+omSCu+ZzuozZzdugoPEG9/4xq/7uq9L99x5552/+Zu/aTe+8iu/8q1vfevc8e95z3vuu+++3a/5+OOP//zP/zzsD0888QScC6666qp/9+/+3Y/+6I9+//d//zd/8zcvHrCysvJzP/dzk8nk85//fF3Xds8111zDP9mNP/7jP97pyvbg173udVVVHT169A//8A9BIBAIBAKBQCAQCAQCgUAgEAgEAoHgssQi7yT+eQkYJzFsDn+5wCJe4ISCIwS9E3Mea3o1nPcyYCG4CJ75uLCkEy9DBALBgcB4KhURIrSxrVGmDWjdoFHKxUubXXvNmjFQTb/85JNjBI3QV2Aao01TgxM6yco8a3RRNaaqK5hiD6DoZRiuqozJ7WlK9bLS7pxpzJq6No5d0lAgHirSttGwG05pQiPrmVAh16awjVOW+3aoNjPHUtH6YoXXmc0q5PhD4Z9E74TT7fROjh05VBQFJ/JvHxo1jVGZIi4nUmgd/02XRI4k96knZ9c8x9mKsiyvPnHVFx98NESYW7h+UECZzCo4UDzvec974xvfmO6pqopJJzfeeOPcTxa/9Vu/tSfp5PTp0+9973vh6eHXfu3XbMcIKMrPT//0T6c/3XLLLf/sn/0zm84YZGcnrK+vv/KVr1z600/8xE98+MMfTvfY29lr2o0zZ858/dd//eIpr371q9/97neDQCAQCAQCgeBZgxrqKUwasMOeBsxFGoAIBE8XiDlkGWQ96OeyJkogEAgEAoFAILhyscg7uVSME4C5EAU491P6FY+ZI5MshmgB1Jhcik8w+x6eB6ebQHB5Ii3JOxbUCzyqR4ArZr7L7PYLcjSjJPDXTgdr3YAgYLfSEW0xEh+ic5LnODhZDpWR1baNkz1jZv+69ppDp546e+rUabutqyFCjqi0I6coUCrPVK/MQPUm0+l0NrbXyMtCqQI5uoy2Zh3KTKELu1OoBmZGO4ILZMpA7fgj2t0c6XBoHOMESfiEUpsRcUXlym41qOtqlqGPB3QRMJ3NWurlvN4JE3Xc96BXxlM++tB2kqVe6QQVK52omNUff2zyd58z5AseXl9NrtxeHzrRfGxiDph0coBgWZGDQpQnOXbs2OKvP/MzP/P444/DXrjjjjt+9Vd/delPo9FoY2Nj6U+2T7b0J3sKCAQCgUAgEAieNRjBaGLGIBA84+AEQmuiTE37OBjCsyJCq0AgEAgEAoFA8OxEyjsBF8Tg0jBOwLv42GXm/H+QOCTtrnYleSCCoAuEgEsv08KwPorzkyl2DOI8vSUc6W+0G/Yp6rC7+1FILIIDBO5dKA+YdDJ/q4Xivh9W1z6ZX4uHXSAWGHI8lb2SYhLqm9E7hlRp6hkIAppmx4zCaPFNKMpI2Woovo5T5lDG5XRDJImazsi0C2qjb3vBibVD+V2f//Ljj2zR2Zhnw8pF2TEqzwqVYaac/Z+aRlfT6XRltefoJuD0UuwlvewJ3QLRSZ809id79SKbNbVxmirYaM2iW1VjjG4yVFmmak6owhKLIRFA7PGzi0gzYi0TjPwP1h1J9Ui6labySYu6Jl7jBP2hPpTRqGpPy1w0I6+nYiBG4Wn1Ti5/rtljjz3GG7fddtsP/uAPwjni6NGjcCnw67/+6zbBuxzwwAMPfMu3fAsIBAKBQCAQCJ5N2IAztYkjDiOzSoJnGnyhnZhxjbN1OAwCgUAgEAgEAoFAcCHRHw6ji9lo699C7Ry9fo+sRIdpAAAQAElEQVQ2HOGAPGXs99IUF0D7hdccFCEsx/brvR1bBRvao3z4HmjcKnaiqyjnT6R7eL6L9zqTK9JE3zKEnbA/GL96HBLHXLuxzyXx+/HJs1vwYHA+F8KlFIB9pXwfmTB3xFKywVLqwn5pCV3VnIStZHyEj/lrG1ThYAdNHtgMgiIOF8+Dm/5B3DuTEMze9ztI0om6cqe3dn91TmdDe50TZpvsUv2aSpagtdiJc4LorTbZYccaISETk1ZFkuLw9sJwmBvUjgaS40qRHTlaXnW8t7VVTcZjBWVVu28DPa0xzzO6nGOTTKd1PZ2O1VZR9JmGSFFmTEaJsLfNlaJ3qhVibfejakgFhW/owuto3WidqyynVLo0GsdKybNigCprqgIuEumkV5aGbZzPJ2acdPVOEMeTlvb0vBO9P/sczCmdKI6q4/e4TH7e0YKPb5rm7OZWuJrx6imp3knYU+QHY1t04G/90R/90Ze+9KX0p4cffpg3PvrRj77rXe+aO3Hu4BSPPvoob9x8881veMMb4ELiu77rux588MHf+I3fsNu33377133d16W/3n///R/84AftxlVXXbXnpd75zncOBoNdDphMJiAQCAQCgUAgeDZhBKOEcQLCOBE8A8GF1g3GbWEe4Uj0TgQCgUAgEAgEgisSd999N8ucMAMjxtm5+GInvcGwXfau2XlGrkbap8n7Fw8OFJPo9yWlArvTzAsS1I1bpO68hMozURRzVciZ6J1wbjk9n+H9ykoF7xoHVdgvY8S7KpN5gMWNA5sj6LhnLwEw+b6Id02e2TwN0k2abtPu2F04ZE8Rm4PNjYO5mgTNPQBYA6SJBUcUClLW2LnwVVOJfNGirndXOjFNg5kKtizTTufK8yhiJrecQOUESJyNt6ccWlu98cZrppOzjz66bd9LlqvxdAaYW9OuHHVEqTJzoh3NeDSejOsZrDRZWToGoqNZIIf0cX+ByjLbICifIJWRFgoQt4R1WEylm8buVIXjp9gDNTUpqIrCprhRQS/kQqPXK1mgJKqbwBK9E3N2c2s2m+V5bv984fEe5yF/s9JJ1DvhkuwOO+oj8tR1ffLUGYjX5Ht5hTGTbEOvPBjbcvLkSd64i7D0mAcJsG888sgjvLE0IM7B4tu//dvt98c//vEvfvGLDz300D/8h/9wbW2Nf7J59X/8H/9HetjueOCBB7Is2+UAvbPAkkAgEAgEAoHgykMDtUTVEVwp8DNctkj3sMxkqkogEAgEAoFAILiykDJO3vzmN0OIs3NJeCdFr0AOsYNE3QjKA+xqJD0ST/7wEXNSGNI6YWKK8YezWEneNHVVE2FFuYXrHLzBuo69bkEIv8PXCRQTz0HxS8EVp8X4GEA7PEBCTRFcoXhGvloZyR8AGm2axnl8mdNmduU7qckmCAKqZsescko9TmTImWXbCJGzvTGK6Q4KeAcwOzDIUenGkPRJ3UCW58eOrdVNXjezJ57YLJTdwKqZKXuJxr2kXEFRFGpoUOvN0Wg2spVhWPSGGToBLKYiKk6C9pVb2TbDMUjcbQyomikwqGrbhGineJJlLmyPa6CIzGh/zSC7SJQTgJXhYH11uLk1Bk+6DIScjt4JPvrkU+PxeDAY2O07rhnccfPK5x4aRaUTIMoJNW+syoXXHspfeaIPxGmYTCaPPvGU57IEYlCy7b/LIj929GBUkaOcyQHiYpJOGN/zPd/zjne8Y3Nz8z3vec+P/diP8c4PfOADn/70p4EUUF71qlfteZFf/dVf3T28zoMPPvi2t70NBAKBQCAQCATPDkxAhO4EVyBswV6BVRAIBAKBQCAQCARXCuYYJ5Ficql4J4hZKt5v2OlFFBTtl2XHn9FrTniPmf8pIwWUEIWHDnVBMaz7sLFOTevEtB5D48IkuFg9zn+oa89gafyVaa89oIlxCsjdFpIY1FX8tbuuVIxfez3oEsEMs+wowcUDFZQdf/JKKKbzVubeEO6ukXIJIaSTA4C1Ic6MsOSJ4SAwO77reiZKJy1ImGQ5SDPD2XalkDRkiDvhjlegNFc4E6y5cuv8DIeGsSdoxwKpixxPnOhX1eHxeHTmzEaZH27qWoFjjKA19y7EDg6KPF8dKKO3ptVsNLLvLu8NUWXBZrtGxiYg85xFVI5HoiiAmxNEaSgAkMpdq9EQ4ygjW6BYaaqx6VHmYtX71dXV//2tf+/M2Y2nTp05eer0aDzd3B6dPLNR1zpVQNkeTx946Mvr6+tlWSqEn/571/7gbz508mzFSieQsEnsww176v/zNceYOFNV1aOPPXF6YztG6onBw44fXV8Z9IeD3uH1tauOHj60vhb1PJ4mvvzlL/PGL/7iL774xS9Of/rgBz/4r//1v7Ybb3nLW/7JP/kncyf+43/8j++8886l14ykk1tvvRUuGMbj8WQyOXLkiN3+xm/8xv/wH/7Dgw8++N73vvdFL3rRG9/4xo985CM/93M/x0d+3/d9334u+JM/+ZO9Xm+XA2azGQgEAoFAIBAInjVooAaB4IpDc7EC1AoEAoFAIBAIBIKLgJ0YJ7xxSXgnTRMGHSGogieTtDFtTPAQBg+f9rwUcqMp9vjHxdi0ft2tRle58hoq5LJsmtrF0XH0ktrrFTiXIXoeSjVrdB1uSQoqzhepIUYj8ESVTjyWEGkG53ROzILwydOJCCO46NiZZ2Lm/sbLVuFGSCcHAG0ceeLQ4cJmpwm6Fil/LN0uhg8FC2GEP1ZdXex+AFrrWuPZMzMXr8Y0LvwNNEhMDyd54qWonPlWRPVrbLvldqLBzP5ZlNmxq1aec/PVo88+Zs13r1BVVYHJAHMnV+K0SdBF2VldATXanjWzyUSDKsq+YT0tRzdx2ih2J8dccxQU41iKxH4k0pm9MWRVw3yjRrt4QCZnyRPXQNUX7S3neX7o0KG1tbVrr7m6rl0DNp1O/+SvPnL/lx+HVInEwMc+c/dNN1x35MgRe8pqqf7jP7zp//zrk3/0uQ3mkSiOqgP4suv7P/ZVR1cLd6Jt/7a3tz/+mS9E+mckVx07vPqNr/uqlZUVTkNRuHe6eyCYfcLelEkn9rKveMUr5igX/X6fN8qyXOS47JKARx99lDde+tKXwoXBmTNnfuzHfuwtb3nLt37rtwKl/9/8m3/zvd/7vePx+J3vfOeTTz75S7/0S64oArz1rW/9O3/n7+znmjbZEl5HIBAIBAKBQBBRg3T/BFcghHQiEAgEAoFAIBBcMdiJccK4VLyTputMCcFqwK2BZ8IIBIYHemego4oo7wB2DsrE7Y/Ku98cccS6EL02gfFUFEVeyBAUwboSaa9z6GR55gRRPDVEM5q6cQ46H3SHb+6lLThWQUizCJRcEWjf4pXAEBLSyQFAa7N+PDdDk1ZyvcP27ORfhG0nO9Hd9kwU3t7fN5+Tbj+jvgdze+afkXNjvSy3TlaO7aFNpjKjGyIS8s/uQPuLAY6PhuR6p3Od1kizMiiee/O1purdc8/J0faWM/TaGFUodyTF6sG8l/fWhkNQs9G0qiYT05i838ty1RgXHUcT1xFzZee+7Lmu1aEgShmFXGuogcmxaEDXjpgCpKWiM0XcGCItwsWCfZiM0Ov1bArLsrz1Odff/+XHmWvCDZLdPrs1+sidn3n1K19y+PDhPM/LDP/R1x5/4wvWP/HY+N5TlW3QbjvWe8nVvZed8KwOZpx88rNfOHlmCxKNE96+6bqr19fX+/3+gZPrHn300bp2yzef97zn7S7ysX/cf//9X/rSl+zGDTfcwDIkB44nnnji7W9/u73LiRMnmHQCpKryUz/1Uz/+4z9un+jnf/7neecdd9zxT//pP93nZX/lV35FwusIBAKBQCAQCFrIoiXBlQhjjMyeCgQCgUAgEAgEVwB2Z5wwLgnvpDuYDvwOQ7F1KMhNoHeQ/9GwAon9Q7P6Ca9QD5cKEXacf846FCOHHol34hkocZ/zN/JVsqzIcuPWs2seAblV7S6ghgYXW8HoEJ0nd2vhTVPXdkcksqCPF4FtGsiXxzvb5IWn7ezhtIDgMoHZkXEyr3ECFPnj8oWQTg4Aa0cc4wS6b34f22Zh27Mv0O/B7nfLyeDteLXIOIGugsp5b5t97A9m+GC3mT4YGSfgeScDs3akOPXU1BrSXr+f5TkFRXM20vFMNKteOePv93BDYMAdWZt+mT/npqurmZpOH5nNJkQlrA3JpRitamuyMSuLfIUYG+NKV03VTE2JPdtCzLTjkVibXtu75Ng01OqQ8eaEgomaWK4FsXsa1xA4copWTaayS2W4HZsmz2++6Yajn73n9NmtNiocpfTz9z50ZH3l+bfdwrwTu/f24z37WbwOM06+cM+9n/7C/QCJYgplc5Fnz7/lprIsL4Sc0+/8zu/wxgFKkrz3ve/ljde85jVwYfDHf/zHvHHfffel+1/0ohfdfPPNTHlh/PiP/7jNOtgffuInfkLC6wgEAoFAIBAIBAKBQCAQCAQCgUAguMyxH8YJ4+LzTrSjhrQ+Vkf7mAfO/2G8v5IIH07RhP1kzOowTDpBk5AHiPrBRwWSCwmYqMASIQqKzR3M+Eoms/+xu5EYMI564oIsuL8bt11XFQml+JvOeeVSLXzjQxWY+JSm+2TdXYJLiD1fww4Ug33jYgbjEdLJAcAM5klx2N2e43DArtoe5/W9Iy/kmfa94zPqvhltbTHjRDl9KnuwCg0Cf3nFq0hkcXzDhjebtbW1m246PplM7r330UZXiKWCstbWgGfaqKZx0imFte1lkWUwmc2m1ayaNHmvn2eKZE2MbUesMefWxO6hNBilM2vJcyCBE5ueLHc0wswpYDn+oaM7GoWXzHLbHCjL8sZrj5/Z2DbENeF2iJubv/nkF7bH05e9+AU2c+xhi6FbXEi5ut7a2vrM5+/5xF332kfils+/FKJoXn3sMMfTOXCMRqPf+I3f4O2XvOQlcI548MEHF3eePHny937v93j7m77pm+BA8dGPfjT98+Uvf/m73/1u3j5z5syv/Mqv/Lf/9t/meCE/8AM/8B3f8R3f/d3fzcGJdsepU6ckvI5AIBAIBAKBQCAQCAQCgUAgEAgEgssZ99133z4ZJ4w53kme57fccgtcMGDq6e8qLUY6yJJz2pXynmcSLsAcDsMeySBAQqQTjrET7mCQPbrG80aIdkLH+1sTpYV4IgpVBiY3ptF8Tet1VFlhSAzFsWQcr0Rb56ZPj+YIDX7VPHpCjL/53NN4Dky7V1xLlwgJ98csLXXPNAjp5CDQFbPBhW3cbb9Z9o2woHGy67e/mll2x7n9F41BAgvbsPd+0/1uI+xghtbpfuTIEet3t09tvzU2jgLInD/6B73iCdNwKAgOOIogOLGr6aFD+a23XXPm7FOnz0yruslQaYONI5MoZ7TrBjN7PdWztaJXKDATexDO8kEPlK0m2tpwxyRpuIlQqF1EH/fmUTHDMSOKYwMhyA+zYLRjqsClgG1eptPpI48+9oX7JGH1qgAAEABJREFUHgIuKsQ1CZbLNT2f+sKXHnniqZe98Nbrr7tmOBzaXLVtuT3GNlRVVc1ms0ceffzOz9198vQmRJUUn7uUz4iPPHHq4UceW1lZGQwGB0uX+8AHPrC56e571VVXveENb9jz+Lquf/EXf9Emwybmc5/73BNPPMH7Dx06FI/5r//1v9rnshu33Xbb7bffDgcKZuAyvvM7v/OHf/iHbX5+/OMf//3f//0PfvCDo9GIfyqK4lu+5Vv+9m//9t57751MJu95z3ve//73v+1tb/sH/+AfXHvttbtc/5d+6ZckvI5AIBAIBAKBQCAQCAQCgUAgEAgEgssZZ8+e3T/jhJHyTuzpcEHBTsioYJI4cP3KawOw4O+ac4HxaRR8RwcOSyCXBGkT09EjQevS9Md6165zJ7ol7slZKiNno/GsFcxycoTaE3WWFyx8Qoc64ROsKqeG4m5jvEe5vX7UO0kpNula/iTFgksA030zi7/PvZxO6cLLkqIipJODQHizqRXaxzZreKTb56RrcsVonPh82F3pxFrMsxsbyiPjmGW6pQcycQ+ZouIi53hemP1LK6gNTMqyPHF8+MIXXX/vfY8//vi2NcRFVmiDmrl/WjsFFWAxE1jpFfbf7dlsipD3+5nKETSFWnNX1qA0WXDFjYI7z92rpjtWThZFuehv1rzDUmGuiwFumP/iI5+cVXVUNzGRzOT3wFNnNv/0w58c9D9//MihtdWVI4fWsyw7debsxuaW/WlrNI78EtOqpEDgrzjb9uFP3nXs6OHrrr2Ww/QcFN7//vfzxvd///f3+/09j7d3/8hHPnL33XenO48cOXLDDTfw9ng8/s3f/E3e/vZv/3Y4aLz+9a//7//9v6+urr7rXe96wxve8L73ve+//Jf/8thjj6XHfP3Xf/2P/uiPXn/99XVd/6f/9J9++Zd/eTqdnjlz5j/+x//4K7/yK695zWt+5md+xl7B7v9f/+t/8Sn3338/b7zjHe/YPR/spXjjk5/85Pd93/fx9mtf+9q3v/3tIBAIBAKBQCAQCAQCgUAgEAgEAoFAcOHxile8AmhJ8DkJljz/+c+3jh7rMeHTLxyCbHzitp/f3NOjT4vRvbKJ8zICdngA5E1DCJ41PsUtZm8ZAwaYsmJcaAUIZIKmrq0P1MuvINJPFKQnc2CvMFNKip51NFW6bjgB1ulJH+1pKJpvtITYEJNpDAgub+AO23N8pssFQjo5SOC5bZuF7Z00TtrtyFnpbsPT397nNxz8tlnYZurI3DYeWl+fTKdbLsjOwP5Z5OiFRlxmqPSx2lu4+Gb29MZJlaDGrLnxpuNZ1tP60ccfHwP0MqUarRrSndJN7QgnzoTb76xfqhpwVOt6WmUFOGteZADVrGk4cI4TxmKxK+PYJxQezcXeMZBVWrOyiIFLY7OtubEZ9dcf/dSZze3IiYTQGAUeCR1KPJLxZPbgo08CnGzz0Ldo4SzTOcvzV+iPWVX/xd984k1fP7QdiAPknbzzne/8R//oH9lr/v2///eXHmDfCJMwYnyfr/7qr05JJ4cPH37Xu94Vk2Tz5AUveMFHP/rR22677cBj61h827d92+c+97mf/dmfZZrLddddFxknNg2vfe1rv+M7vuOVr3xl3PN93/d93/iN3/jLv/zLf/AHf2C7BjZ5vV5vdXXV/vrwww9/+tOfnrv+PffcA/uDffXx9Oc85zkgEAgEAoFAIBAIBAKBQCAQCAQCgUBwsXB+xJELGlUnIiFdeIaJSfcv+PIxHM0ruikmDoWuQdQ+nM2ibAUdidB1EftDmPVCPytNK+Otq9H5F/kAd3V21VlvpNZKK7qZvwAFzLFOUZWpIiuhJE9oQ1917Xgn9opEPnHn0p+a1sbzJbTpPJfZB79GcKERPNr0z75IT5h4wi8j4JnfeiccENSlLpmXitRjTnw4rZa7b++h53HOeidXzPfeT/3EF247efJk0zSH1i0OF70+c/tQZY2x5jVvHHMvI7OpmGnB3BBn98EoZX8qQPUnY3zwgdN33/3Y5oY9ZDius0qruravqGjAHlU4iSpr6AGrRk8rXTX2ZMdxwDyz2+O6qhzrxBFPnEIK8ckolI9pwDFkauPIhPbbWnftAgOp9/9fTmriumuvgouFuq7v/NRn//zDn2zZIa1OyeIed8q8lkl8KQkTM+7h4HKQXO0Fz73hdV/9FYPBAA4O991336OPPvra1752n8fb4nHvvffy9tGjR2+66aZer5ceMJvN3vGOd7ztbW979atfDRcANttT2s1P/MRPPPzww29+85v/3t/7e4cPH97prMcee+x973vfhz70oV/7tV87ceKE3fNXf/VX8UGeJm699dav/dqvBYFAIBAIBALBFYdT5ikQCK5EHMVjIBAIBAKBQCAQCAQHjUcePWm/X/Wt/zTswOjEjaIg5FRUC6e6IAvkQAP/Kx3Hbn8KZOPCHpjg9QwhBLLAWPG3sueSoknkF2D7W3IMLxfnw/zqd+zwDJzDU3mvOImaIGinb8LCK46H4sgsZjadNlVdOQ9oEMYIN8ckC8jb564K0JD3z/gjQ45A54xdcFA0CJzbJkfk3B3woFgBneuEN4eBNGQ4Sw8KmLKaTLuzS/8Jh6RvSXUugcsSv/SGF5E7IaSTA4A58WE4AOzCytj17skRu29fhO/0SXbfPo88mT768tOnT585c2Y2m62uHTpy5FjZ67lYO9bNj0pToBvjiiGLTWVk10lDxmuSIKmelIj98Ujdf9+TDz5wcuNM1WB/povpFGqdTxtHTFG5452gE63KtFbVtJ42tf3FYKaVmjR62jQNam3bBse+sLbb8TcMRV+z7YrjvljzDro2elJNNeAH/v33w0Unnfz27//xl778xJxySVqoutVl7z24wK/DpPE8tDb81jd/w3A4hMsbF1NyimMW7vPgOcKKQCAQCAQCgUCwO4R0IrhSIaQTgUAgEAgEAoFAcCHApJNXvu3/DZFd4HYvOL+6pBNkxoMKbjYfXoDWwIezHDGhmbubvUyO87uW+KeY1IDx50gn6Z7Y2ekcoYZYMJ4gEiJmdC9LQicuCg9xUNx2VXPwHeUfLfr+4tXZ3QohmAMvRFdz3sFlT6EPjHTiPLxzaMJd4s3VBSGdQEI5SUgnGLP66cHQ693zqPkCCJj4a1Wa5suKdCI+zoPEPvgfrNuRbp+3xskVo3ey32fv9XpHjhyxtfrUqVOj7e1eb1CUhVOIqnVelPZfR+2DGJCnoaqk2OgbsnakedUYVQ8Hw5tuPNHUzWj05XoCha3ieTaxVldB4051MlRZXuR5hlmmcmWrcGVmMxerJ7P77D+VhtrxTtiSsyn3lEbiHIJrS1DXppmRiMpFhn3yF7/gloceO0kNiY8P19UyaV9CR8skblOb6dVQdjzGX00pfNGtN+2fYHEJcTHN6zlliDBOBAKBQCAQCAQCgUAgEAgEAoFAIBAILih0HeghCZMjlY4wXfIEcw/Ah8RBrwqSgYFWPSTwE9Tcncy8Wyqb81JxqB3jwws4XoP1uC3yG0xyFvoYP07cJPzs/dB8Ow4CYV2VqnCbRrtoO01d11VlXVEUb8cw9cTEu3vmC7uwidagNAaHtpnjmZj4yBcEixemjCUGDDybgcv5PpcNxM15kMC9t83CtmG5iGS75WFAoJgl+/3VuttwfttmH/vZYu25/2lsG0ioIryNfjt+u9RZF35Zluvr641uNje2Rttbg0E/LwprE531VJnRjT2KzH2Q3bF/kFX02lZKZyprmlkNOBz2rr/h6Gi0/eADZ+rZbFiuKGuBZy7wWa0r3bhAZ9Zg58oUWU9l9l+taj1zBhitcSOmH9liohwaotd5sRP/gO4rz0t9KUyAzasbr7/uta988V9+9NO+OWy5JlDk6pYbrnn81Jmzm+PIIwEuZrGR9GcBM076vfLGa6564JEnKhdtCCIrhduVF9164/Nuudm+HRAIBAKBQCAQCAQCgUAgEAgEAoFAIBAILkswz4NXVkf9ksjfCBIXrWvPLcMGH1jHhT0wzgXZmMZJVgSxE+ci1AY6ZBHv3GSvG1NBvC8xslW8moi/C19Ke8mULjvFrwQPf1l3qIZOFBa+vl8y7oU63Ep6t7Q+U5BneZ4VuW4c38RmgfWCNnXd1E2IyeNcosRGocyBOeJN5y/s5pjgQuKZRLMR0snBICV5LW6ft7bHPvROntHf5/jUhOFwaL+bRm9vjbY2N9bW1lSeO3ZeASSmxLlvbWIWNJbs6aT7ZJj1V6ksN3pm/zh8qHjebddMt+snHh0rkxdY6EzVxiiV1day6lrPoLaWOIeitCa5qAuTzZy+CUCjHdHQ1NaqG+bWOfOuif6SBnKzVtxcRGmNCM6oF73gttFk+rHP3J2qm6yuDF7z8tuvveZEVVUPPvzow489+eiTp6u6XqplYjP0mqsOX3f1Vc+/9WbbMr3wtrP/90c/fWpjm3kn/FJuu+naV7zkRe5FPBOUTgQCgUAgEAgEAoFAIBAIBAKBQCAQCATPTmCi04FLfl3u50d2NEZtAcPr6VtyhiOdwJxEivJHstOtvV+MEkNL8VPBkpZs0pU7YcaJ8Yv0mSfCXjlWSYkOvnge/2kdlypTjnGSu8AOlEiXaF076ZOmsu5BTWQVbRpt9+iGqTPW+6nR66YsUTpZzKIriYIyp0aDl8LPG28OzxwI6eRggLtuL3ybZd/Y/YZdvs0OVzYL2xfhG/axH5Z/m2XfuNO3s4xkQIcrK8e0tntHo20DemU4zMuerfIqK8iaGlQKmXIYXkRm7SXRQdyvprGX0U1lL3zoUPm85123dfaejY0zBldytWIvowwWeakNVrWpqpkjsGRFppQ1ydgrVN1A7aKgaReHx15N+ae29t1F8wHNiicZmWKFGVwaKoa9+8rKyqtefsew3/ubT3y+bhqbzBuuPvZVL3/xiRPHe72ezYojR47ceP2pv/jwnY+dPAOwRO9kbXXwule/4pDNprJkIsv/9rX9Oz/zhfseesyebvPkxbfd9LI7Xri+vi6ME4FAIBAIBAKBQCAQCAQCgUAgEAgEAsHlDPQEErfNJIy5n02XZeHjCYAyXrWEI9FADG+TkBL03MUCScWt8iY1FHeAc6iZhG6yyNeIF2z5KGbhERTLn0Cib9Le119cE5nE/ZPlmfObkufUHpwVOWYqL3JVNbwQ3TRVVueN9SbWM91QsAf0RBecUzrB9AHnncIHANM+Z+ehW6bOhaW4GNMlA8Gl5Z08YyCkk4NEWp2SbdbqSLfPW9fkCtM4OTe9k0g6UUSn0E0znc22t7ZsVV/Ncu1+qlWWWeuKGjDj7NJkdjPtrJ7y+hy6MeiIKdbU2q/rrj186rnHv3Tf42fObmud2V2IZWbvlOdKNfZqjZ7NplWpy2KQZUWRqcwJaNVo6qppvBAWWdUQc4beFNkie39zCQ0R00Ruf+HzVleGH/vMF2689sQdL7xtbW0td4/mcjLLsiGkFxkAABAASURBVEMWa6uPPXkmKpekeierg/7q6mqv1+M9ZVleddVVX/vqlauvuv+u+x564XNvuOW5zxGNE4FAIBAIBAKBQCAQCAQCgUAgEAgEAsHlD0MuQ/5vkSjRSoakx4NfIO8WnQf1D4OB+4A6BsyZu5VftK79Mfx7Y/Su6cOloWtaTRUNIfXoOTPEO2FfdCuUwv5KulRT11o34CMHgfWQKucMRcyzMsv5aGPyvGmsK7aaZE01q6oKwUcEsumloDz+XvF/T87wmcB7wiGL6fc6LrAnjGnvtAwX2O1qLpfAQca0bB+vmuOBME8EuiwgpJODBC7fNgvbUdEk3cauxolZpmvS0Tg52O1dvuHgt1sztKBxErcBWqUT2k7UorIsW11dq+v61KnTo+1taxjX19dBZbppiKkHJHxCEc3IVKIh7p5ROnAXndgJG0mzfePNVzXGVPc8cXpjG7OMuYrWsDpuRuZi98xmTTWd2T96wyIr86JURVPDGJpmZrSLcKYoO7WB2Ei5SzdO/OTS1nr7IIPB4JbnPufGG66zmVaWpf1OD8jzfG11JTJOADp6J4N+P4Sv81ezx6+urt7+wuc//7Zbll5QIBAIBAKBQCAQCAQCgUAgEAgEAoFAILgMESLdkKSJ0aYrpxEcYgkbhaPJhMXmXuhEIZNXHBRwBIFwYnursAuJFGKc/xJgnlPSJWI0Tb3XSm8nseKW1ptw08QRm3pg00d26/FZE0UpH1qCeCeAFLjBPoLJwPpBjfWNFnU1KyrSOwEKxVNp637V0Ogkt7zKSrhBfJSDoGwEKk2C9MVcBN7J/J5LIDCAe/1pLjf9FSGdHAwS27O7tsfT/N4XR+Ty/j7/HEgz3Nq/oiyPHDlitx97/NHR9uba6oq1s9boOYkqJ2LSlKokBRK7J0O+tdEZMu+ETDE4zZLpbDQY9m9+7jVNjeN7Hp9MRo2pTVOBKYqil2GmCsyz3nhcj7a2m6YZrA7LslAqR+hbs2ymNWh7fEZUF2L7uQRqaOW3LrEKiG02eoSlv2ZZtjLoR9vkM5ybBcRhv1w8xf7a7/dBIBAIBAKBQCAQCAQCgUAgEAgEAoFAIHgGwQtpeMoIzrFOYEdGA1FP+EyWP9H+UIMUFsGHPqBv7R1tQNQQ7zBEd+vFq3sJkPiD2oNKYFg9hfVa2tSxIxXDxcyCYgf5/fwPLiyE1kwc4dA8/q5GYWYK1SvK3PlAjVGA1WxWz6pqVgFJodDtTUOSMOgJOZSd7eND6tTlEDwI+16k758q6sEo2P+5VwJiGVz60K3TeVGV59JCSCcHA1zYXvg2y74RdlQ6Wfq95MpmYfsif8Ou2wvfZtk37vwN7bdx3D2tY/g0zPJ8fX19NBltb22d3Ti7srLmREgcu9CZPGsEVabA/q1cFYy8OFbAogzVNmOHK0Vd6/Jwecvzrq0MPPjQU1vb246aArVpGlB9hKzMFPbK7WY8nWxrPesN+1m/N8jVoX5pbzGpTK1xpnFC9tcabEV3Mtx84GVtCW2CV4Z9iOomkRlH34fWViR0jkAgEAgEAoFAIBAIBAKBQCAQCAQCgeCKgHPlWX8jLudCYGBrxP0Lfn1PtujIeiSL57XXFEFFkWLSu+gFIoFnjphWLATN7vF3/DEc5AfbfT4ZHNsA2mR3+R/uhtaP2jitE5c4dyXnntYhGaiN86ySEAoQraFUfeuQzcq8sagaF6yn0RySx19b7cgKeTrCJ+mpCM9W7JqBlxXvREgnBwmTFPpkm7U6OjofEHgVzz6Nk3PTO4HAxSHT5fhz6JRLnNITqszuK/u9Y0eP2h/Onjlra9bKygo6RQ9rCZWTemKDaM/KIlVFo7e1diMz0Lijc/tbtbZePv8F12WZvv+Bx8aTDYUDOiqz300zy1SxOuxNZ9OqntUzjVmDZTHsZZgXRabHs1rXRjkLq5m+4QysTcNeDcMlh201jh45vLYy2BpNuPEwoUUa9Msbrr+2KAoQCAQCgUAgEAgEAoFAIBAIBAKBQCAQCJ7hMMZLknCcnIVfccGLjx33L4bF5vQPx81xfyqWEtEJbcUzTmJgHjDztyPpkfYPuqAL6TCX4Pbg+Aj+sl4YpSWgcDgD5PQpCDuTy3m5FuM4J7RyPlyWTjPW+6q1O9etSadnxUxZJ6nKMwrT09Szqqlq7RgoDYXggSgAs5T+cN6ciPlgPZFFY55VHBTcPQsvFu9kb4UCIZ0cJHD5tjch2G5HLgXvYXOA6bbxe+K2v8LBbs99wz72P41t1jXhPbzdxs3ZSeMEUr2TlDBoGsX5Y3AwWDl8qK6qajarEEf2sKLsZxRRh0KUoSMTOrETDqrWYKI3xfbRGkqtK1D6yFXD58LxyWzzSw88brRjpbjQaVA2pslKlefWrJY4ndT1zIybQvWyot8vMlS5Bj0zDerYblCKHTfwIIKXXUjYRmN9ff2bvuFrn3jy5PZowmGH7H+Dfu/okUP2J1E6EQgEAoFAIBAIBAKBQCAQCAQCgUAgEFwZIKYIO0336bDH7pbxrkvjXcDahdgJ/sxA8YhuzRhhZzE0QodQwttIoXMWU5DSUyJ1xMJ6QpVjjvDpLkwOR9bxQRkiGyU9N7BUEHSjfQ4o795s6sZF21HKZKQAYDf4igpzlUFRZHneVHVTu09d1dqibowxB0h8MJAG69EGVCTPLIbvEVwmOEjSidnHG8YLyT1aiE4FF01Sxuym7fE0v3fkiDxzvg8mH9KXzMpUSqHWzpD1euWRw0fObmwS7wSzrDDEwVOZk4iyZysikCjERhP9Dz3/kAsJR+PJUIPePrSe3XDDkc2NjTOn66apdV0DVgZzx0qBxl7SCZvUjW5ms4nONGTlYCXrF2WmjDWtMxf/Bx13sbFWULPqyUUqhOeNoiiuIoBAIBAIBAKBQCAQCAQCgUAgEAgEAoFAcIWi5XnAopjG3J5AcFhgi0RnJUOxN9MA/+f2syMTOhSJhVthlKlI2Cc6MmL493AFlW6gP8WpmjiSCgafuAkpatDg/H29BAr42DjOYRpXnkfhF0q99Zy66BPKJi/jQ1y0IMdpUXleWP9rlhdNXWe5C7VTV5XznOqaokFoH8WHxReMj4NBzl5KKNAxbSYkueKpPKpLsPHkmbln2Q/t5KActGZ/CgP7oiUsuRTO/9WWUH80hmRg1NfxGg4Y9i+5Gu475fMJ2uFBdr/YwZJO9sbl7n4/X+Dyb7PsG3f+hmXfS65sFrbNPvY/zW/Yx35Y+MbARlr4xp2/Ydl3e73A0GuMcXbOmCbPs0OH1kDhqVOnNzY2s6wcrqy445wIFWhj6noKjpOXkx0lBRK2UYoEVHzgs8oeqDC77prD9pi7737yiccnBvMGKu1MprWfOWhrUnVmzZ1R2hpSqDJT5Ll29L5eAVicGW9vTyaVM+7uDVrjq6/YUi8QCAQCgUAgEAgEAoFAIBAIBAKBQCAQPIPQMh7A+hnn/Oveadjxry+TKAHoECCMysira9pzKUoOuYATGkAqbbKUEBDC65j2KL8dk93QZSMxw3NNDFFCHJGEPdJIESfQB6MJy/B9Ury31dBlQ/LIsYna3SdQYTQqZRptFEWUcGv4lSH1E3KUWsdpoR09xcXZsajrym6Q9kmjQetIlvDPEkMCQUZZmlJP7EGaHcIImWfYYPtryByID5AwaZaTIQ7SO7sf6sY+GCeUp3ucR797XtH/n73zALCjqP/4lN19791deg+k0EE60qQpVdpfVFTEgiCoSBEFBQsKWBGpFlBRUEGKSFcJVZrUIEFaIAFSIAXSc/fKlpn//GZm9+2r964kuUt+H47NvN3Z2dk2r/y++/0RI9pJaUdkfNCksGmUqgQi6Vf9kYeoNhtGwyYxvU5/IlPXfyoxl/XqILGuooceJ4Pa78Qeh1S5+6kdgstlexz0DZX4XEltT0JgWIsZOnRI4AddnflCIZ9rayP2JhRq5TCMzHjruI6WCMLoRUEqR/Xgae5YM0ZFnuduvPFYKTNRtGDRwnwUqsHSJTIDllSM6bsYJHwSxk8RQF4d7mRY1vVGOByWy6Cr5AvtPaVG2gGfYAdBEARBEARBEARBEARBEARBEARBNjRkpQqA1SwlsTlIM+oujnM32AKlldoFo26JpR/J9iB2WVYYNNhGeRUV8owI5WZHpGS0wiWAVYYoZdwTmp5FU1s3zis0pbLR3QR9jIqKqj/CHcKJFp1QBhl3HNuuBOlJCAl3gtAPwPtES09gDwWp9F5IdsCEg+PXdlG1yqGRliM9v36d9To8m5zE2nO6rkDRSX+SFg/VlGXq5knfW+WyjO+2RGVSUyZ9L7c4Jf1TljXlRE1CGnmckIqybc3cL2ndnxH6CSET7ynQnQwbWir5hUKpq7Ozra2NcJbYQYWQhCwwechADqJXVuOilMZgqnxPRtJXryZMGB6GMgjmLlu6moRtQrAwoK6bcTiXhEVCte0QIUMwjCrC2pFwPKfDdaK2LHQ/DH0RqY2t0ZRSCIIgCIIgCIIgCIIgCIIgCIIgCIK0Ak35Z1RKPkjalSTlCdII2fRlaraJDescKBXN1Ty1DkvhcXaRxFuNBISQqjwpNNVJG3WNWxYkybMjhQmwptYUNLYTibsQa2Oodhupu9uqHWn7K2XIQdwCDjHaFkC7njD9lL/DqMu566hoaei7URRBzp0QLFAgJwU4osiUOMIcF6qtO6QV5MQeLUkHJMFH+5shtC9NcpGsIVo8BSg66R9qvD36OO2xRmRgT/vnmNSO7LHHldXZMUI81xs+YoSUK/L5LjWAdQwdwrljR11JgiBQA5rjuY6qW06DJY19lhG1cBhxZSgD7tCx49qDcNxcb9F7i4NiIVCDqBSOpGYkZREk54E/IiI/KDIROjLjue4Qz1UVSaFIw6AkIoGjIYIgCIIgCIIgCIIgCIIgCIIgCIKse2Ifkfgh99QikxEmbbbRb7H8tCygiURACEGF7aI0IUzG0n2hRiyjU0PET+ULs4AYWUdZ/lLzYDwoX6zaI9VkstAKcSp6CHKRlLIBHE8i81LohDlCCs65Tp5DGOegQnHUnwN5dyIRBWEUhpBTIgx1zh1pPAGsLkZFWllie8JIbENQPlDxcSD9eCYGLTSlWpJrW4zT5PDb6xNFJ/0DLU9lvSltPCX1pqR2Klsur4UpqSk3ncp60zoeJ02nJLWv+gVkNSsPi8a7iTHeAYl16LKlS7u6utTI1tbezh01vIGFFDg5hYE5ylp2ByNZyibK2qhQGVE97LXlnCmTRzEaRMHy9xapMRFMqmDI5VytDB4rhGovFTWkhlEQqNY9mstmstyFCqRLjfMBQdUJgiAIgiAIgiAIgiAIgiAIgiAIgqx7UmE7raJoWllUJXwxhiXVdWAOI91ukFr1Rkr4IutV1sIQWt5k2bzEdoBWNB2bohj1Sdwks6oVkq7CbZy2YovCGghAOXFWSQVkhUzcViB7BKWR0aAwWycSERieqOCpio6C0IU7zEZPuetFSxxxAAAQAElEQVSq4GkUhKGvoqiqImTdIaA+oSbvjiTGN0CmwuJmDqpMqqk89UCSCYSsM8qbRtFJP2I8OSq8PUisq+ihx8mg9jupcxy6nZJYhVN1HEiswpEg7lP3kqxKUqUWCG3rZCycpPZnymS8ocOGqYWdnZ2cO23tXHs7gcwkBFVdoJpwPU+91venWiXWtcSCQA4CvUi1m8k4EyeM8PO0uGr5ypV59XbAHJdIR0J6HRiatXpQMBhyhYykXyRcCieTG+ploNHVkICHIAiCIAiCIAiCrF/Mzy94cdmrc1fNWeWv6iytUnM6MkOHekOnDJ26/chtJrVNJEjMe++9t+DtBW3t7Vtsubl52dHRkcvlSN8Iw3D58uWqMGbMGIIgCIIgCIIgCIK0QFXU3joKVIg/qgQPVboQWWnA0Sp6EzSxEmncvdieQFboTmTSV2ofodeP4rMkO455OD/pVPK8fbrpZNNxIZZ62NAu/ANBU8j5UO5nqs9m3ykBrxKqY7O6TbBnUYFVwYXWnVCbd4e6DEK4wo3c0HFdsDwB4xMVqQXUFPQu6aORDhinjwkZqKwZtUd1zidScYiSOnW1Jsl8KWsugP6Hrieik3Uq26lLWoQlY8kZJQ39TtLaFJIoLWrKpO/lFqekf8qyppwoSxp6nJBqvxMik2MZtx9EoeM4rGx3RZM3AnPnqDGN6aHMZayjLSejUM0pFLpcl2eyTA1zavhjQv0wF0CmHG11QrUDCoMxkQhJZWwapaWAoLJTY5/n0MlTxlHZPuu1eas7izJQPQyZ26Y2C7oTrXiBvjAaSRL4QSRIRjLO+RDmkQzhokgQBEEQBEEQBEHWF/679MX759+/PL+kav7y/Hvqb+6KNx6d9+CIttEHTzp4l1Hbk97S2dV147U3fPLznxqunyioYsXKlUEQ1F0xk8kMHTKk7qJisbhs2XLSK9TXx/Hjx/Xuh4g//e7Pf7/+lh3fv9Pv//q7ma++dsrnv7r5VltcdOVFdXetdf55579++r2ftHe0PzT9IYIgCIIgCIIgCIL0GFkvKi9bC9WnI5ktQUkLShWQclR6q4iKREDpb6Um8Y3BZuGJl2rxAYu3x8wsY7VinuSPqwktT6FSsJQtSkTUHzXVQNdiTE2gH7oRaRYJFXalyTpUxUcdISIrOlE1XNeFhDucgw2K40gVts0ILT0JQsi5E0RBCAYBQmfwkSYyC7ukE13YbD4VR6z1r+Q6KL2mlATdG+T0G7LBFZP+daKRAGUNU23tg04n/UONz0cvpj3WiAzsaa+PQ51jYlADENwzaniCI25ylemDL3QGMGnldQY1gg0Z0uE4fOWq1Z2dq9Vo1TFkqBq51HyXOKqpwC+CzxOtSEtmJCfacUoadRCjTI1w2QydPHkkI9Gs2e+sXlVQo2kYSu62Q7Y0VVtrEzllkgquhvgwKHVJ18t4udzQTEY2MdRCEARBEARBEAQZPCwpLbv+9ZsXrZ7fbc3l+SV/e+3GR4c8/rktjxmdGUl6iPrKdvrxp73y4iv/unPaFX+4bPKUyVUVzj7l7Beem1F33RGjRk77zz11F/3v+RdOP+FrpLdc+ZffvH/3XUnPcRz47SXwfTV9b/G7XZ1dqvNf+vSXfnnNLydMGE96S9hAdoMgCIIgCIIgCIL0gUbxe5kqyMoCxC2J+a8ft55Sv7SqKpDlZlJaBFGea/7ilD1mYh7tr6wTS2S0+4nJwGM9AJiRQkgtvUjEKzqwKyCwSvWD+kwv5ipS6ziMMYdz4lJIrhNFUeiGAVgEiEwkwkjCvFCtq5rU9gI25itTypOGu9mYNa7CGHDuGBUkYfQ10XbduSg66R9oeSrrTet4nNRMSe1UtlxeC1NSUybN5st6U9rI6aTBtHrQUAMRgdw3DMxIpMl8luoBMQnA1BR0Hq7reJlhapVly5evWrXKcd1cro2rQY1q0ZwasaJIjYjc0XnFiE7dY6VvRnsizIgLuhPiZzJk8pRRgog331i0cmVBJ/LhhGTVWKfGYUm5HkLBPiWEBD6+WhGUe47TkXUJgiAIgiAIgiDIIOf11W/d8Opfi2G+9VUWrZ7/6xeu/Mw2n91yyCakJziOc+TRR77y4isL5r99/NHH/+raX227/bbpCkbAURe/VCLdcehHDrU9XLB4xvTn03MU0+6apqYf2G+vYcOHpueYL6S9QH05JfEjaPt+aN9r/37tmV85a95bc0/4xAm/vf6qqZtMTWoGQVBqvGvqO2Yfk/K89957s2bOUoWttt161Mgei4EQBEEQBEEQBEEGO+lIfAPZQItigu4b6kfiVA3qq6WktI4GpU7WHhVKTWfpSO+YUZBAgp4kNJpoUOKQLjyeL5PWk02Yx/bjqLiNEJtgNwReBTU+JYJBfgn1RVj9zzh3VDiWUfVlX6qyq16F3HWiEHJWRGHAQmbS7qhv3tqfBSK5SZfL3U660ysXE1lvZi/PnJXsrPHzXkV8GTTc7trqUp2tON12DmmZJFeOJL3x81hv/E5s4q9UuWfTZASpLMPPjqEefdTg5HA9DIKazro0KQRkDZPGCYXAjSdkJNva2rry+a5O9X8+m825nseiiEoaqpEs9LUEETLt6BGSgW2JHhVBvEK51oCpXknGZUSjXFv7pEmjgkDIOUtXrvK16ET9uVIwEJ6AagXS6jgOh+Zl2FXMu5kM8VB0giAIgiAIgiDI4Ob11W/96aVr1Fcs0kOKYV6tePx2X+yp7uToTx+90aSNzjjxjK7OrtNPOP3Kv1y59fu2rqpz3JeP+9TnP5W8fPj+hy/+4cWtNH7BRReYwuxZb3z2/z7T3tGezFE89tBjaqMnf/0ryRbNHNJb4OEHQkolqyZ533bv++31V33xk19UZcet+ML44+/92Ahc6rLvAftefGVLO9iIx//9+IU/uFAVzvr+WZ/67KcIgiAIgiAIgiDIBkdKwyDTchFatbS2fiWy3izzWDu1rVe31NdwvGmxstuNK5sop9aAVLZRJVCxfU4UHWVNCYn3Amwz4uX2mX3zQH+iQYm3SOO8K5EK0lrRiYrDCidSU66Bgucyhwvhgu4kckI/pDwI/UBSBsl9YBWqtSwkMY+RsodCk9pjVLXbRiPBWkhYsbaS6bRIk3w60qYKSTrc7wqQhofLSV9WKD3pG9bXhFhHEzOHkhqPE1lRTsawdJn0vdzilPR/WdaUE18TUuluki6XpyRurbJMPK3eCIIgjEJKOOVMez3Z3GDpGyyW5kHBy3gd7e2QHSzw812dw1zXc8HHSZakzhpWEoIz6kDWHmbHHzAuoSLeK05kBDl2qIgIU61N2Gg0JZk5c5asWq1GvUASDoI7yIym/onU/+Cd4rBIyFCqbUZqHDW9Wt3ZgycCEQRBEARBEARBmtFO1hpLSstuePWvvVCcGNSKavXTdjylp3l29tx7zz/f9udTjjulq7NLTe9+9O72NrvbK1asUtMx48YokvpDhg5pseXHHn7MFN6e+7aaqvaTOealmj7/7PPvvfteek5dOru6jj3i2KBpppvlS5ep6Vuz3zx078PSW1F/Jx1zkip/6vOf+uLJJ5CUMKUuff/RJtG4eJ5HBir43RlBEARBEARBkLUFrSmQyqBrOUOCFWdQEassZDIhlSUSO4mkmjJVutcuQLwTHoyn9dttGVnepiqKuD1eYfSiH+CPX0Um3JmOzZovoakjUG7TLpKS1PZQmr2HOLBOHKFFJ5A4h0WMwbP7HHJFqBbMV1SmZSgs1AHfEPwHQNmgV6dWZ5LSwTRw05CtHNtUn9c/qk7K2qcsOqkK2yM9oTd+Hg38TtaD6Zo6DplMRl2f2mcpipOGlRVbRj3HQI8Gyb8o5LuBbDuMcLXi0CEdhWJJsWrlKvVDJFfDmDZvCsKg5Jc4DxnJcKL+gz7E2cGENj4B7ynIV0alGhKlDIcMzXFnVNEvdL2xMALTFNW3DCWOtkRRfYgkJCpTPSFqpAzUz6thSBAEQRAEQRAEQQYt179+c4+y6tSiVleNfH37r5IesvX7tr7095d+5TNfOe1bpyWKk9WdnQvmg1hkzLgx6cqt/6DxzZO/2e2cy392OWmBYrH47qLFpDWM+qR2Tr7LilrO+PYZJ512kilfecmV/3n48e122v47P/qOmTNy9MgH7n0waeTRB0Eo09XZdcsNt9Ru66Of/KjrVvtuZjJWa+JlBq7oBEEQBEEQBEEQZC2SUpBUz0++Y3YXxTcOH+Xn6aWsF/tv5SurbF5NJg110xityEBjXEmsAQZNrWvywNpv07CU6R7YCtRuqPHuxz4o5e1aLUt8WE0AF4K74HTiOA4UmYZz9edmPFXB8dwwCKmaEwRhp8842JxIIa37io7A2r6IiiNhNkll3a51d9b6zDpQViT7VG+za6U/opHZiSMjnVuJEqGTLElmU5WsoT6JmusSNiRJLzbWumRpzZP4mqSntPGU1JsSktJYtFJeC1PScjk1lZVT2nhK6k1Jo6m6ehzmZF2vJHzQnQjhaDWcGRDBr1jrt7TvCSj14NbiLvyfyWUJk4QXfb9QKrI8z2YzlMK1rvOHqcoyCktScqa2wLhpQmj9Cfg+SaptnNQ0Un3kXLZ3uFtuM9rLBq/OfLtY6KJ0KCFtUrp63IyoGjc5cymDf0CoYi/CIR1tBEEQBGmMeaoVR0sEQRAEaYVlskDWCv9d+uKi1fNJn1GNqKZ2GbU96SE77bLTP//zr9GjRiVzbr3h76aw/c47kJ4wZdNNvvuT79VdtGTxe7//5e9V4Uunf2nM+LGNVieN+crXT95sy03rLnrq8advu+FWVfj5b35e92eKjSZtbAoTJoxPZg4Z2qGm4yaM23yLzZKZF//w4lrlSt2kQod/9PBa0Ykbp3913IGbBxY/DSIIgiAIgiAIsiZYvTr1NAXVT7YLWaWosCKJVODa5FsoB0UlidPbsFSdOpuLv/3RdOukBczz8Y3W0toRFY1MiUVMrartxo3IVH4cyPNQs8MQp473mpblGxHssDBNMdLcWcQqQqxHANXbpoyWu2WKQoZ+qCKzESwycVoahp6byXBtFcA8xwlDxhnk2dGB3qDkE2EsY6Qt0NjpJG2rEUsNkl5JHd6lFf0UpOIYJ+4plFTrFASponL3aVmUU+/E1z1ELVeTlVtjJHUY02e56jSKKG4tbejCzKkgPSTVpeqCXiLMbVG1VkV6HWs1gX4nvaQXfh7rjceJFcylyvWnJFbe1Jtvj0mqHB9ZO4bDJowITl2hYRiFYahmQvav1O1dVurpYVetxxjLZDLajkoWCkWFowcvoqUqAvR1anAWUSSNAohCvm09EOlMYxLSeVFz/4I6i4Wqx16GjZ8wvOSLuXOXdXUVOONqbUaZdr3SAyoYp5g94QRBEARBEARBEGRwcv/8+0k/oZrqhehEkVacPPPk01ddepUqHHzEIen5Cu5AbtOuzq6Zr8zc+n1bpxf5vv/KS6+ob32TJm9UdxN+qWQKkzeZPHrMA4N7vQAAEABJREFUqLp13pk3X/1tte3WiedKmp1322nn9+9MGmBEJzvvtsuwoUNJH9h6260T0cnMl2cmM5MKixe9W6tKSUhkKBl0OkEQBEEQBEEQZIOlJ3Fwmcqt07iOEbH0A0ZB0VytYAOy9faiQoYiUq4PRihTY0yit5UIA6QRCdDKDZFuOxSHjNMvwKfExHtpajGEXk0KIYiqmm2oKK0Tua7nqW+sYDfAWFAKRBhq0wEa+j6VFMK1Ov2PnljDFru71GhpUp2xyosK+VDK30Wka8bzJel2JwcArV+4a0jskVL7VAO/yJQz7KDipE808jgp6zBIfE2bQ5woTgipuON6XZYtzE+Gxn4ty5qyEZtVlW0vzJCWnpK4tcoyqSqDhwnnnucxxqQsaTemyOT9qqsX06OW0BZNPJvNqraDQI1O6ufEksNds5ZWeTHCSBRBa0awxzjMivSWKZgAMat2VCUQ7IWhpJkM32LzyW25obNnL1yxvJPSiFDPjJEygnNLmRo4jREVgiAIgiAIgiDI4GN+fsHy/BLSc3Yev/vuY3e54627F69+J5mpmlINTmqb2Hzdm6+/+b3F76XnfOSTR02ePCkIglv+essVF16h5owYNfKs759VteKOu1jjky98/Aum8Onjj/3Gt7+uCgsXLPzKZ75CWuD7Z36/eYXr7/rrFltuTnrCyFEjTWHl8hWJ6OTxRx5f8t7SQw4/uK2tB8Yel//+sqT8xyv/+Ptf/r69o/3Pt/45mfnC8y98+dgvk4of1MqU0+t4KDpBEARBEARBEARpiZaSb/RAD9B8W6R/AvWpTlNajk3rwG21GECWnU5I37sEYgOrVTHWKdQ2QmLPEp2DxcSMRSSkDLQ5gHB1/Nd1PRXDjbT3AISACVEFFX4VRJggrQrmlsUixoygMhRrrT6MnUByXuzx0IoTmvq/UjCzHrCuxB4OqeqEipI7rCrDzlpIejTI6ZHHSa3fyXoz7fVxqPU7qVbJkNQFyR2HMqZGn1KppAYhGkWcEDPu1JwZmGhnFLUGy2VzIiKrV63q6upSc7KZLKhY9JqSqH9FpIY2NVZpSyqQqoA1lnaasnK8CAR0YAjFXIdAIh5BJkwcqtqfP3fx0mWrCe3g1CWUUxr7NsmQoIoLQRAEQRAEQZDByYvLXiU95wMb7XvUlMNUYerQTdKiE9Ngt6KTa6/6U5VXx177fWDy5ElP/eepRHFy6e8uGTF8eNWKY8aMOf7k42+5/pauzq6qRaPHjv78lz6vfrNqtNFpd01TG1UtH/qRQ0lTho8YRnrIyNHWOmX5suWTp0w25euuvn7G9Oef+c8zP73sJ6RXLFu2XE3bOzrSM/WjFEDd35hcLxGdDNz0OgiCIAiCIAiCIGuQ9SVsl9YWJOV0TJ8mgdNyqNX6g6TbqfzyKOBp/fRWyqv1qHNxv5L2jeBEhWBNuiL98D70UMB8FZ31o6IAlQlXOK4LwVvXNWW/WIqCIApDUKgIiOCSlNcJNM6ogLisFbskaTFkWVaiTQOSg1POIkRBG0FMsouBgayjgan3Bb+ZeCNJCULWIk6dTaZNK9Yvac8aI/E4MVNKGvid1EwJqTzQVVNZU14LU9JyuWYq601p5ZQ0mZIGLVdh/E4UaugRkGPH/qaWWJ4kAyul5UaM7qS9PSdE1NnVVSwUXMf1tLcw06MbpzykURBGUo1MQUhdvYKRrdhxCWybGJxRwSgDlYoMsxk6YUI7JSOFfHflyi5K2iT1KHHAHMUOboIgCIIgCIIgCIIMQuaumkN6yF4b7/eRyaDbeDu/4IXF/+1FgwceduDqlatN+d67pyXz9/3QvseffPzMl1/7/oXfr0qsk/DVr3/1pFNPWvDOAvMLS8fQIWZ+e1v7aWedZsorVq7Md+WrVnz9ldeeW7psux23/dTnP1XbbK4tV6txqWLG9BmrV61Oz3EcZ8+991RfK0eOHGHmLIvFNAsWLJwx/XlV+NDBHyS9ZflSEJ1M3LhCxANWxZr6opM4vY6XyRAEQRAEQRAEQZANGAjkkYgMQmScJaeRbUScf6bmW2HV4/6k2oFCv7Rh1coGuxEMVGsN0mYb5SQ30m5AmhRCUufNkSAiobAkhOVRoL5Nu6GjDQhULNj1PDVVweDQ98MgAEuUCIAMFUkuFxXolbZhSupILmxRJ+MhSdhappQmdfdP1t1T1E7UxzFiH5KWPsmyCCEds0ca02uPk0Htd2L2pfceJylfk3Q5PqY1ZZtIjHMKGb8EV+ONC6ZLapwJArh+PY9VWQbpzGCMxBe5MVxqb29Tq+fz+cD3weaEgWSPwYDEHEYElaE2caJhyBxHmzKpZVKWxSwChj4mYPSLhOuyoUM9SocI4b/y8jxKmJAskqolTsEKReDtgyAIgiAIgiDIIGWVv6pH9ffa+IMfmfxhohUnf3jpmmKY70WD3zr3m6agvpelRSdEa0pefvHl2TNnzSazmjcycvSoLbfaou6i313xu9tuuLXuosceekz91c7/v0985Nwff4805beX/bZ25j8e+8eYMWNyudyIUSOXL1029825Zv5D0x4kYFLSvu/++5LesuRdyHw0aeqk9EzRVHSSaE1cTK+DIAiCIAiCIMiGTbdCisFFt3lLbJzTek/E1OTZiWfQ5m3TeiumY7vJ5mS8EWNpYuvZSmqm0MkjJHO4FqOABiVSkV/tcQIGBOBBwNR3WPWn5vulUlDy1akTYaS9U3RXYS2q47dxV/XW1YqxQKfccbPYepvYa6D+lTAYr4914nFicBLFSXK9qMC8DsSz8kxKB+VxXXskjibpMm3kcZIIuirLpH/LVVPS/2VZU46lYc08TsplErdWWSYNy4xq1R7YjlAQiXCPZrjrFApFv+TTKPL92CI4kZ5YdxJ7GTNIkAN3WjbrRVFQKhXU73G5bC7jeaq9SAvsHJerVUOtk1NbMko6eOORAoR20Adzv6iBUVA11BE1CPpDhzrZzcf7QemtN5bIiDLpRMJVXeWUC3Q6QRAEQRAEQRBkcNJZqqMRmTx8s61HbPXEO//p9Fem53erOGnUYI/44ie/2Eq1Aw87qHnamhGjRh521GGkOx7/9+Pz3ppLWkA1mPiIvLtosSk48Zztdtz2sYcee/1V0Mqo76F33nKXKnz4I4fmcjnSW97TopMqpxOTL5ZoK9DaVVzXiQuYXgdBEARBEARBkA0SHZTXgURVYhBzhIhibSwvPYeRtYeUTVO92KwxNJUspi6NfVAaVK/apkj2WvuShEmdpGaN7iRVNhVs5NxmhjAGJ+kYrplrvAMkpM4x2hFhKqtIrU7EQzPZrPpyrSK2PJNhDleh4dAPwiAwxie6KrQH2gYTgi77bMi0qkbVsxku4ADD3kmR7Cw0UOXDIa1hguqc6PaI1T3ardSpJXmYJKH2C745OLXzq87O2lSfOI02VuUYgTSlNz4fg9njpNbvpI/T+ioZUlkm8WVphyqdZEdNMxlPjSmBGlmEUNesA6MON3l2hNCCufSVrAUjnHH1054PgCZODVT6tpRqTSrMIEdDENaB9oSbBowaTy21A5IZKdUm4R/GhOvyTaaOVePS2/NWlfwik04YSV25B2M6giAIgiAIgiDIAOeIKR+e0r7xDiPf99sX/9DprzAz9974Q/83+RDSVHHSL7R3tHd1dnVbra7kIs0e++xxxtlfI92xbOmy5qIT9Z3RFC781c922mUnU37pfy+d+KkTic6wY+Zsve3Wjz302KsvzVTlhx98xLR5eAuql0asXLVqwfy3CYhOJqTnh2FoCsmm0yQiGNdD0QmCIAiCIAiCIBsoOvQvIb2ObBiQrFNKMQgi6OWkNt3U01PaeFG5pbRmohUVQbXGospzhKQPbux/kdpWolVQkdwoDCPXdVyHMp7JZl0XXE9CFRv2gygIVFFGQntoUO1dIMudLKf00Wcc9CWpc00rTzXFoG7vcRKdSxSV01b19KLZ4GnV46RmSmqnsqa8Fqak5XLNVNab0sZTUm9ap2VSU06wtzy1h9F1XZkD1V/oq9EFfl/j+udFAalt7OVN4quaGeEi50awolYoFouqBZC/ERlFUktZOIw7MFxBVjAYZDjTfj+6NWMRBXsj1FQ3KIT6SZOHQ4d5m242nhK+cGG+q6uTsQyh7trVPyIIgiAIgiAIgvQbHZmhy/PvVc18dOETn9v8k6MzI0/e/iSjO9ln0v5HTjqYtKA4UQ2SvvHQ9IfmvDXnmMOOUeU/3PyH7XfcPr10wYKFHzvgo6qwz/57N29n2p33qD/SZ95d9K4pjBw9Kpnp+74peLHIY/OtN4fuzX97ydKlV116lSpvsvmm2+2wHektLzw3wxQmbFQhOkl+26mfXifWmmTiPDsIgiAIgiAIgiAbFCKWPVT6Seinz8vuJhXxyTrfrjaI4LlMFXoW66QNWqpRnECctdG6yeaFCt8KQEVuueOYhDum4Hpe4PuBH4S+r5ZqxYkOBpOynMZ+O5YmHU/ap0AbHVTJjap1J9rpZNCe77VpMuJQY1mT2iTcY5JY5Q84s+jQegxqUOph9Rut+XmsZx4nPfM7IbEiJy7bY5IqVxzT2nKiiNK6E6rVPdR1XXVlFoSMojDwpRpMHMeRcS4v8EsCExQrPTEFNSBlXC/KZru6Cl1deVUhk8uah+Egcw+McY5aLVAtgu6EMuZwx9U3i06sUx6H4I8ZnR+Lhgx1p2w6OpPreuvNd5cv73TcYYTgA2QIgiAIgiAIggxKhnp1RCcvvzvjZuYes+lHje7khaUvHzhxX9Kax4lqkPSZqZtMPfCwgx6854GrLr3qyj9fmV505SXwcuz4cQcdelDzRto72g//2BGkO/7z8BPGUKQRixbaTDrjx49LZoZBYAqJtmPbHbY1hQvOvsDYnHz9O2f05QeW6U89Zwpbbr1len4YRk3WUr/HxQX8ooogCIIgCIIgyIaICgKqr2IQDJcmz4GWGfQkEw0ZROHypJvd7J+sq6NJUvnIWI5jXEPMtGaVmlQvcdOpWXW2YhUiekuwRchiUSbeqJWehGGoXjpuBvJeOA7llHGX88Bnjl8sqi/jlFvrUwnJZ9MKBwdiuVZpJIy3gc6vE5WdIkxkmSZ5dtaFrYBMHbf+uMrMtb0Wrtiy2yqtye1kX5opak2aUdZSkAqPk3I5ufMqy6R3ZdnCfJnuWeP5fSgbBZqZY8qJmoRU+pqUy8TOScqkpkyal0l5i7AWDBxCgqKNc89zfV9GYVQq+erqBQcUewnbU0NifZXOvCPUKm25NjWjqyuv/tSCbDbDWCp9j+NEUkZqFIsg1w6B5FiuybVjW07dGJCeh6kNhUOG8CjyCoU2ScKufIGKnr1RNUe15YekFEr1Q6KQpD+bRhAEqQeFkZY4jGQc6jn98iEHQRAEQZBBw5ShU+eueKN2/oxFz6qp0Z20rjgxDZL+4LgvH/fgPQ889/RzDz/48IcO/JCZ+cyTT9//z/tU4cTTTqybXCbNvgfu96YV+doAABAASURBVM3vnUW6Y/Wq1c1FJ4sXLCJa5uLFeg5FoVAkWteSzBkzZsyO79/phedmPPOfp2HrB+y75957kpYplUrPPvXsk4899fVzznC1e8qTjz6ppvsduF8ul0vXjOL0OnVxY+eVdG8RBEEQBEEQBEE2ICCuSNUU9AbCxuPjkDytVZ+klg4mZKU7h+xewBAbg1RC4SDF3gFxqLhudLKlg1RvIzKJtqqQLaM6O45RXNDYDqWsmZCQ5oL4UTFSX/tdV4V6jd8JaInUX5FJrSfSUd04CA2iIi17kMnmedxpDLX2G81+hbHKFxukhznxKa9Xe4MOQ7Xq87F+eZz0cVpfDUMqyw2POPxHbUIvRpl2Q4Kfz6QsRsL3QXSiRptkDEpGOsZYYnliBqmMlxGRLBaLhXxezcvl2qjVnYA8zuFwj0QiEqCeC7RXE9fvRFr+KGUimDFjIGM8ImFbG588eaSX8V57bZHsp3tDDaJ5XxYCgiAIsjaRMAbCXymEoTHnkjb4/EYQBEEQBNkQ2H7kNo/Oe7DuokR3or6btag4MQ2SPqC+l5knlrbeZqsP/9+h99497ZxTz/nj3/643Q7bzXxl5uknfE0tmjhp48P+79Bum5p25z2PPfhot9W6OruaV1jwzkI1nbrZ1PTMFctXqumoMaPTM/f/8P5JTpzTzz6dtMabs9784Xd/9M/b/mFefvUbX1XffOfOmWvsUvY76INV9UslyOwzYtTIuq1lPO/jnznaFAiCIAiCIAiCIMiGB3MckCQIndhFRkQaUUUsazDWGqn6fdYkVOo9bHOUNNCByBbUGy39PG8fyyd9h1o3AfMCwry0ppuxFqWekQnprn1KrDCExr4AOqONjubGFaBMY+UC9CCKIvMTAYhOFJ7n6H/8UikMAhmGxIRzrdTEeiBQE94tB3fB14RWaGFovxy0NU1rIZpyrbWQZ8eRZjNmyzqKz0woXcaHXGrLHKb+g76A3Ywwy+yZN1eQIK3uXxWyfKotbPAJWNIeJ7V+J6Se30nFVNaUZQvz+zglLcwn9aey3pQ2npJ60zotk5pymsShxJRBaKIHF6YPMGec2ke2oFoYhsViKevazDuisn11Y8EbiojUuo7nZvSoUyqVgiBwnJLjuGqIAnMtShx4wt+NKPPDQKgBjIZataJvAsrsIEgikpi/SBjgslmeyWSHDhvGHPbaa82eimsRPyKrCoNilEMQZD2nEJBiIIdmwfUEQRAEQZD1nkltE0e0jV6eX1J36YxFz67yV00ZMuXJdx5vRXGimlINkt5y9+3/eOG5F8798ffMy+/88Nvz58x75cVXvvbFr333J9/76fd+QrS5yOVXX5oktWmCqvmhQ/bvttqzTzz77qLFTSosfBtEJxtP2Tg9812dc2f8xPHpmatXrjKFQ486bMrUKaasvofe+8/7Dvu/QxMPkgULFr7+6muvvfzaf595Xr18a/ab6s8s2nXPXV3t4HLNVdeaOXvus0dVf9Tva2qaa2sj9VBbOecHZxMEQRAEQRAEQZANlY5hI6IgiCIB0hMV+Av8MDK5dsAAQ5t5CP3Mu5E+SB02Nz4fNIlp0+pYdvPQNk0VaNXM2thft+HAVsQDsDvw2D6VFZusWlOmNsbqdIBKrf5Ix431I/laFCLLbTJa/xCk9yTlbBHbi9BETmJOgA0js0p5BPhjQMg2bsE87Q+BXiJBeRKJKAi9jPDUbwG5LHedwPfVX+hDYNecPAjw6j0R+lyXDwfVCiSitSnwnz4IQpLu0tHUycfU3f7bOi3Heis0PamsGlYWBQ4KVIqGq+vLVMW3U43J+EVq32TNtmq3X/eCrD0CjtTd0eIhGotcqrLswH9UmMZVpN9eDel7wl5rsrt7ar1lQ/M4SZe7n5JYhZPkxIkFGkk5Po6tlGlKfWabsMMbYyx2N5HFYsn3fabvHzVTMgoeJ4zJ2KSJcVum8LubI4SnRpwQiLTiRA+RkE9Hj0IRdD4IQxKFkdqQGrHgXqYRaE8E1al14p1Rq+hbRoZqxVEj2zbdZBzpG10+eJwQBEGQgYEaj1YWZbtH2/D5WARBEATZADh40sF/e+3GRkvfXPaa+iMtN0V6hfruds1vr/3d5b8dMWpk8nROLpe76KpffPETX3x30eLvnfFdU/PCX/0s0XM0Z98D9/vBT7/fbbXzzjl/2p33NFoqhJg1c5YqbDxpo86urrfnve153soVK2698TY1c5PNN0lqXvfH6/74mz+a8tOPP10oFExanHlz5//kuz++7urrrrnlmo729sP2OXz50mXpTYwdP26/g/bbY+/dd9n9/aqCmvPmG2+ZLn1gv73GjBlT1aVCvqCmmUz9D2pLly37x613q2N4xMePHDN6NEEQBEEQBEEQBNnAyHYMEVEk1Z8kkR+EgQ/5E0QEy0DGIKQJ8VGdCUQIo4FQs0Wci0c3UxsRbxIjTyKbjFRLRmhNWdBu4+0tROT1choHQitnV7w0sgVWrw0RKwusHESme0CTjcRhY5bYXJBuu1+nwzQppAPBRi2RCFZYHIsth47hxFBaKhZVnJc7HILFKu7rOFEm8oulUrGgKnKwtwEtkYoOp8+AOb9S0kSPA3VY9dGoEuvIRrKgbtVANW4j9dI5kW7Orjna9gR0u0XTaAtXTO2qssmVUwcnfWLhetCmDRVXTaUTyWBMW7XmSfuayEpfk3SZkJSGo7/KLU5J/5RlTTlRk5BGHiekomxbqyyT1suGiuvQ6EhglvYngd/X4LG2ohpK9DNeWjvi6HcK68hDK8YLuMU9z1WDUT5fCAJIYKOHI49YMycKLioMbIG0KsVnksTqlsqRH3ZUxLIc6PWIkW3ZygTbPaUUouIEQZCBSJevPnvRLPqdIAiCIMj6zi6jtn90yOOLVs8nfWP8kEmqKdIrvveN7xspxqjRo9SvgYmRSUd7+8677Xzv3dPMy+122n77nXZosc1pd97z9ONPd1utSgJSxTNPPmN8UDbZfJMZ058/6ytnpZceeOgBpvDnq/985SVXptu8+bqbj//y8ar8xuuz1XTpe0vacjn1HXOzLTadrre4574f+MB+H9h9r9032XRq1e8wf/j1H0zhlLNOqe3SKu2nMnLUCFKPX/78l0aw8tYbcy74+fkEQRAEQRAEQRBkA4Pph9SJA3kSZCYTBoEb+lEYQkTcZEkIg5AF2u5EgAWHINauwTqfWBuGXsTL662T6CkGXPw9fvhftravsnf5GhKzk0bNVobHbcFk2EltW2hJiZo6jAMwVYHeLFRXJ1eEEWS2SMsopMmtA54F0jjbQG8g9YuMRGXfzGaN/MUKj3q5t+uKxuewwWxWtbSVvU0Fi0SFuMQKX1JV6x4+1KBoNgSPk1q/k15M66thSGtlYn14zHheP/UU1bm7VMGDXyFpSZRC9T5BiEtBJqKboHVa1u8x2WxGjUfqF8wgsEOGes/RQixdpsxzVQsScvAEgZCCE5czB3Qp8UgENyHct2YwUndU6GVyjtv7kGwQkVVFVJwgCDJAWV2UPEddThAEQRAEWb/53JbH/PqFK1tJoNOIrNOmGiE9ZNXq1aZglB+HHnXYt88/xyhO1C9JD0x74NKfXJYWhbw048VPHXbMGd8548BDDuj2x4qx48ft+P4dSXc88ch/ujq7Gi298U83maZ2/8DuURSpgtGgTN5kymdP/OyOO++Yz+ev/vUfbrjmr6baldddefUvr7737mlXXXrVTrvutNMuO01/6jm1aKddd+b6m+zxJ3/h2BOO3Xm3ndvb2utu8ZGHHnnwngfM0dhyqy2qlqrvs/f/60FVGD6yvuhkxbIVprDonUUEQRAEQRAEQRBkw0OnzdHJDjin+il0HmVipxNQnUBylmIpinyhNSgiUguF8cmI22AVcoSKfxtvNrYtqCGRUwzAgKCskndULS1LCWzc1wRMeyYeMMYCPdr55FyUw766ADmTIhAO0ZCqeLGrzq7nhn5QKhbV1FbVp9IIaiihdeQPrCYvTO/kEAPofNrMUD3QdfRcBuWwOAFVek1tShN7WRCSklnF6q2Usw3qTuJhIu13UjUltVPZtLyWp6Sm3HQqK6e0kcdJzbROa6TlcpVwLLn2YKYWo+k5IF4z813PVQODXyj6gR8Rmclk1RwQrMUDN9PXuc6DBX3mDjf+xkEQGr8TLwMeJ2YskVqY4nBHjUWlQERay0JcymOxF+gdjZsTdEMSRrT4pERoRHpLIUDFCYIgAxo1TLkcPwYgCIIgyHrO6MzIz2zz2T+9dI368Yb0HEa5Wl01QnrInX+7Iyl/67xvfeLYT6jC6s7Oh+9/+LYbbn3lxVfMon0P2PeUs0595IGHf3vZb02qnb+9f6djvnDMfvvvq35gatT4Lnvs0orVR5P0OrNnvfHUY0+qwhe+cpyjufvhu4jOFW0UJA/d/++Lzr/IyGImbzLlN3/+9dixY08/+zRjzXLml8/8yte/cvffYZU9993DtLnbnrs36cwLz79w9ilnm/KXv/blqqX5fP6v1/x1wfy3VXmr921ZtwXV1QVvL1CFk077IkEQBEEQBEEQBNnw0HHuOLJLIPinv8G5Oq8N+Ho4nudmvMAPVSxQiy5k6AdBqRSFUSI9MUKMVNKSKuONcjGJqBNS19/ByC0oXSsShQbJXJpRTwZQ3u3UnIrNtK7S0F3qqVSFmthwHDi2Yh4oCtBKCClAV6RPFtieqPhve3vkhSr6q8K7ajWYSqGzKekdpJQlHbenqlKNIq1mQiZdbq23Ayl2YkPq1MbT4wh7zSmWZRVAeu3ud8UhQhr3CFl73SSvaKJmMacOH2quoltvj0Htd2L2pWceJyRW4VQdBxKrcJJrtcflGulJMh9emgQ6IE/kWhvF4dr2fSGEH5RgiNEuSWqkIfEgpIYVCjNh6HFclhEZeP/QaXSo+nFU5+7ioD3RiXMYdRwOQ5EasaIQ9sj1uE4Apk2ZGCGxAIZo6YkomYxVvUANjKWQIAiCDGTUMKUGK4ayEwRBEARZ39lyyCbHb/fFG179a0/9TrJO22e2+axanfScEaNGmunPf33hjjvv+Nwz0++69R9pCcgmm2965ve+vvsHQLGx6Wab7H/I/j8992cvPDfD/KkVP3PCsUd/5uj2tva/XvvXRx541Kw1b848NX3swUe//NmvdNuH2a/NUtOHpj047615Zs5Ou+54yjcgr80t19+ipu0d7YcddVh6FfVtdOmyZT8854dGkqLYfe89Lrj4gpEjwH1kzJgxf7j5D2eceEZXZ9elP77UVDjwsIO67cmbb7z1jS99w5TP/8X5G200URXUMbnuD391XSfflZ/+1PSk8v4fPqBuI7vsusst9/yNIAiCIAiCIAiCbKjYtCo2AA+Rw0ROIPXT5cxxXXDJEFEEUToZCccN3IwXBlEUhGEQqgVa1RBHQInQYpUKhUHKAKS77sR1B/Cv7FU7Z3YqNYeao9c/u1BXCVGFdgGoPN5WRZF0DiJ3v70kAAAQAElEQVS1kFgniiDOq4K7Doewr+OoOSourBZp6YmxErCrm+xJNiaexKOtMMXuulXUyOquDsiEO7T2skp0Jw1WYaRWcdIaTpKXiOh7o/7lIMvNa8FVpALxNPZG0dYR5iRssEGnsseJrCjbw1lZJn0vtzgl/VM2iiYzx5QTZQlp5HFCUuWkteTySl+rPS0TfRGmvXZMQQhhbpLkFKgr09VZH9T8IAyEkMViUcqIQ6IdriqZVXQbImmEc+p6TiTUMKT+U9FUtdi4nUCKN2r8Thyuk7sJqaoF6v4DAxXYpNAXQ3xspGofVCgB6RU+Kk4QBBkMqMEq6xIEQRAEQdZ7thyyyWk7nnL96zcvWj2/xVXGD5n0uS2P6YXHieHgww565j/PnPGdM8aMHq1ephUnu+6561GfOuqAQw7QeVQtUzeZ+tvrrnrisSf+8vvrXnhuxvKly/702z8defT/tbe1v/bK62pOuvGuzq6qOU1IVx49drQpLFuyVE2POe6Y2lQ4mUzmzVlvEp1S58xzv7H/Qfunl26/4/a/+fNvvvv1c40ryVe+fvKokd0fovv/eZ9J9HPKWacc9n9W5tLW3v7ko0+kq7V3tJ930XmTJ08iCIIgCIIgCIIgSA3CCAUg1K3Cicw4XsS6AaElBRRSszBOuQMhSiEd14NlKmoYhkGxFAZB6IeQAIESGUUCGjDPnxvDDZGU4XF1mQRIy1lHWtFV9DvWoyWlNqA00Ve02EYiKpC6zEjfAAEE0bHdWPmR+HA0z7VSx0slyexT3kFbiuAcgY0N064n4FPquoHv+8WiiELYltDaEz1RwWBVGxLF6Miw3VdCaRIzl5V+IVaXUkemIeMO0HUkoYhzfcQv7QGuPrb6JUu9JJW5hUi3p8NWW3bDd1Kv4nh+LMmJrzxRJUbRh7lcW1rBCu0XCRMj/Xbk187tKsc+09jjZL2ZtupxQrv3fYnPDqmjkiGV5TRs9QeMkUn5yJcv0XjdshhFX0aCCaEGE5AeKgQ4KUUOJPDyTF4csDmh9lpOhFWqfrFYhJw8agn4LnFX/ce5vuqpehNRo1MAzYaRUHWoo0Ypx9U3has7JCiIsiDLm1qiXmd3/6pqd+KE0aQnrCjIoPeZeRAEQdYSHifDcv3zbru6E56cHtLRRhAEQRAE6Y5lcilZR/x36Yv3z79/eX5Jkzoj2kYfPOngXUZtT/qPZcuXn/XlM/c5YN9DP3Ko8flowgvPv3D9H67f/8P7H/6Rw9XL95YsKRaKpD8YNnzY0CFDCCRmDS792WVf/OoJY8aMqa323DPTX/jvi8d+4dMmi2st6rvjKy+9on7m2mmXnVr57ULV/+OVf1y1avWZ3/lGMlN9z739b7d3dXYFftAxdMj4ieP22GuPtrbB/WlqJB1FEARBEARBEARB+psFC+Fr7H6nXGSkF/pxcogVmsC4jrtDxFLNZ4zbVwCNH6xXYUahYoOh70fgdwJik1B9GfMD8ETR4hUdJDTCBB2y1NFK07JQEUm1uViyQGxM0xarutr9l8Tu7Mf1Ltkn882cuqITm9yH1pGPaCWNpLEcgGgBTtJTPYeZZeU5kplS3R6VW07PZZA2Qm+Ixo4jLHV8iNlKvHpcoJX5jJJtJkdT62liCYrVfjCNiulqFQUEetX/QakI0WctPbEZX6RIDpJtCs4d9Eck+ZWsCYp9ERcrxCfxphslmiHlFqqPVHdqnliS0fw6qWpbX9zp80VinY76nyerxNdwcqHqk5Lyg2jYqQrRiZnFWeX1JyURNftCzaWDohOiRSet1kxdSrXajkbz19DU0Ejh0Wh+vVpVe7CmANGJTGRh9lYRsQwlGYAqTIEkN/eHqhaC71UIZieEOA7PZjKcc1idxUOzlRWqIUP6GlC+EUj35TCXUe66rhqQVGU1ooQgOYnUD3xqSILBGJyZXM48YqR9qg4B0Ql3uGo1s1tvRCdLOgeiExOCIEgVagAd3YGiEwRBEARZ26xD0Ylhfn7Bi8tenbtqzip/VWdplZrTkRk61Bs6ZejU7UduM6ltIkGQXoGiEwRBEARBEARB1gRGdPLBUy82cUOYZdKxGDUCZyaVgU59oDMcxEIGY4ViJAtSP5Ou45VC6uCjX/QjFYIMfHj6PQp11Bw2YDQHug1mbDSYdvWwepSy6KTOr+trSHRSq3BgVnWzzkQnxgPGpM2IdSe8p6ITs6TyoFFSNicxXgW2q+AyEKso1L9aNuSLKLI9M+mX4AzKZL8oxH51R4VI0sOUC1Z0ElWJTurtLamyh6mjOZFrSnRiV7BXjhZ3MKpzTLHkAgC9TRyL16vHSqCKM1IfJ611qNdpIklL6oMNnHp+HuuN30lvfE2s9sveXknZ0pty+QUl9YbFeKG96K0zlZWQUZ0TxwEtiBAl0JMEambG89TIIpn1YNKjg6kOqhQpHaJzfYFuUYbqdosixuFGZ/r+Iw5XbxLgu6UT8QiQuTlqqHIhDY95y1DvIoL0MvMV3nYIggwScLBCEARBkA2TSW0TUVmCIAiCIAiCIAiCDC4Yd1VgT+s/VEhQVD3rrn/vFjr0bk0urLSCUeOAQTnjWqlh/DC48JxMJgrDoOSHvh8GPggT9GPrOm2MKKdY0VukRthi56SJpSEt/OK+ViwXWqTuvqwLksNqgtJGNWFDzBWHFFLt6MAxOApwdTLBnCDwfSMokYk1CrPRbZAcMRoHq+2xV5HjOOWOTr1hRCk2WZDd0AA6S9VYQwdpjxC1herge8/2wKlYtfIi1ZF7UvagSdnFVFnxDKirex0gCLVXnlWZ1JRJ38stTkn/l83dJdNlEitL4impKpO4hcoy6XXZtpt2MWkEpeXsa0KmZsMI4nleJKJSKSyVSqA7saK5+JKOd16NMmYdAX7FkU6qo1Vt8I92wmJG/Gf1bjp3T0SkqtnGmKuGGvXuI0B9IgiCIAiCIAiCIAiCIAiCIAiCIAiCIOsax3WldEQU6TCoqMioYJ7Ftw+/yzgmTow7BGgSSAiOKEzPkFwHGB2HOKpmpj0X+kFQ8mXkh6VAEQV+FJqcCsS4blBtFELjvCY1WAsKSjegwHuiwkml1+llO3ZdGR9HnedIpo1YDFZfYd1u1PlUl4SK+oKFTaBOWBDrVmKlBIl0mhaZDv5TFkeipQ6cM2l0J9RmVUoETCnlRnfx7YFG2sPGKgcqVSJVlEUn9sCk6tnkQ1ZyUrGB+GAJa7eSSE9kT1Uv6weQbqrG7aPHepGBN+2Nx0krx8EetQbluiSjQpXupM6VnbwNwKivK9tsUHCWQHfieuplqFEFh0AKHsacWHei1wVHKRC4OVrNSIQee4SgkW6q7DZFXc6pXRiqd6ggKKp1GHfNWxWMQhviHYEgCIIgCIIgCIIgCIIgCIIgCIIgAwvuOLE6QUUyo8TYgoCsJJRxdF0/am6CjCAqiKJQBxuZlKGKFjLObYYWeEhdxQSlChY6nuNmPbU89EsgQPF9EQZhEESRiHRqhXhbNvOLETaUn96v0igQ0iB22vu4Yz25QDdSCJmki6BrVjSRpLDobv9ko9lWa5KKIcfVYR9kbFhgAsmgSIlCAqIT7rium/EcKR03CgNHnTiTQcmuImmt/CGOKdOykUSVtUey/cQfodtY+NpHJv9Udc6qQcqykEoBSV3diSPjVmh6C2XrGO3qYM+HTKQp8RZVMbL5mQgzVSQlSSah3h080YpxECG0hZuqe1cM0k3+oZaImBpkSNwlmrojypdaC+W1MCUtl/VU1pvSxlNSb0pqp6RpuS5Ucn1tmZpM/1vHRMR4IsWN6uQ2yemFYQH+uMNBC8KpzroW0EjqbFUyHhnMnqoaqibLUFfVjhSBkGEA6cg41beFGb8gsZvDuIBUPOp+iAL1tiGZRzkzVQTpw+CPIAiCIAiCIAiCIAiCIAiCIAiCIEj/wByXMWtiQYlIEotAdFw4ItLeJ7AMshloMwyoqXPpSMZiV4ZIQICQc+JAOFBnR1ABRK7+pEu457pRlAkjEUZhWApKYalQCEqlCBL3CB1IZjp/DzMCCFoOvqckMBDSFGk1QDyfkRYfeJeVvhKE1IbNtbsEq9hssshGY+NFkqbWIrUyjO4ComVNDa0WONiwvw7Upv/S68qKDRlBCKtU6KQPIkmsDAipTNMhyo3BHLAU0IeUM7A8cRxHrxaoM2f1InDWRSwTgmOij6oxXtBXio4Xq9NvfAzMstQhpUlEO7ZOSe27VcNU7qroNmwujS1IK0KI6jWrGofeayuXuK/JvxUXmQ54lyPwQlJGqs64Uz7+saorkeskKXTMH43nRObSih1UjMkHrGh8Y2B1Gmteeryrg5LAlW6k93Y98zhJl+tPzRoN5leMGn0pm4OsW40lYzbjU50LrEJ4ZZqiyeWqRgYwr2KEcTWg6zE9koIJqtPpiHhdVTnSYxVVC/RKTEa+emuJoogGRDoS8u+AlQoxWb+kdlUJAqrrhGHgO46r3m30OxaqThAEQRAEQRAEQRAEQRAEQRAEQRBkHQNhPZP0gEHY0EgxTCRPxcgpCU2I00hOINAndSqWSOiH3YV+QF9Vi1R4HEQGIlKBQu6oPxVzF6A+Uf9RzhwmXVc/nd4WBWEmm/NLxaDoByVfhRr1ihCuhKwtQqhGSKzkKD+AX0aW5QvUKBjUlHe7p6allHSANlCW0HgrtQ3omG+iHKhpvlIdwrqPiCYZWyrmpCQO2j2GkCaeEdJOaLMIbCKLMalh4lfV0htqsvvobBaCRAxUQzzX3q5ivYHvh74xqokgmVK8LW14I6WVyAhzcvSJhnAxlSZ6bbRENB1yN2mVkv0yIemyawgt758k3el3ZKux5waHsSwBMW1RamQxsfyIVp1cGU9TvSTxTsU4VZukaaWIjM9Y+VQwLT0xfShPSazYKa9M5YaiOFH7GgwlpEjshZO6aPtcli3MT5/n/ivLmrK0I0u5XO6RKaenJG4toS9lhQiGMPCrYvEFVkfnVU+DYnvCmNYMUm78r+AlUe8U8F4RgnsStUrG1IWd3CYUlCfc9dwgCNW4E/iC6/7BuxI3A5+6kTh1YAU1AKl3hyhUbw/UAXkjIwiCIAiCIAiCIAiCIAiCIAiCIAiCrGtoKk0MZRDxo4mHh4wYd4kNwFMOSgKhPSBAliAhTQ48nQ4FGYHeQDueqKijijQ6ntTxR2k8I6zDhn50nWc87nAvlxWhDAI/DEqhH4YlncNFqNZYLF+QsacDtYF/yuGxekGrRAi9fty9ngShWVM29t/Lra0ptNdAq5VllVKmThIcmEDyIzjLYC7guI46bV4267guSE+CIAp8iEpbUYSVTVAr/YlMU9rtRkeZhTQuOjZsLcylRCixgW0jNImvECKEldGU+0bXksaiLA+QabEAiYVNtCpcnziSNEivo/acWscIagPzsnzQJCHpPD3UzpeyonU915w1aSRBZIMiGCvJ4vXF4yQ9beZx0srU3q31VDKk9lJtOj8ojOIshBxptlKPko1Q6wAAEABJREFUR1R798YXM6OMcJ2HDW5/9QahBgUeO6RUKLMoWCKpGaDQCvwA9IdhqFZUfWH2gidGDMlBxyKMY4p6nwlJSCEZT/diQwRBEARBEARBEARBEARBEARBEARB1igV2RJqJAmEmDwH8I8OWBr3DgkRdEdF1QWPtPAkgrQHsZsFhBrDIACBCXiXQM4aSsueJEyrUdwMpznuiYyIwPvEB9eTIjzKHkEWHi1AgeQ7VmNi3S+MGICZwHyqrz0MkTZDVL2WFcVBHPE3Xa86UlX+BSbCK2MbEsiPEQZCRHAiucM5N9KTYqeRGglq7VXSgol4XpKhhlmvE/tnzp407iQ6KJ0OoFsnBNvZsqBlHVB7uhNjhYouVYXRE5xYNmWOpiSx5MTmsjJCkkR2khKgqAo6kVWjbm1A+D5zI0a4HZkSdQWpmcqa8lqYkpoyaWE+qfA4qfU7obKBx0l6Shq0TGrKpOl8GdJiUWQzxl2Kxn481eqqSqWIHeUbLVWjhUmcpcYNPwDCMIQxhMfiMlqubVZXg0vEI53KTarK5maD2tbvBN5DtKUKAWcsGHwEcyRteJsgCIIgCIIgCIIgCIIgCIIgCIIgCLKWKPtM1AbOIX2BKAfCjc8ClfHD54zqFCIq/KeCgGCAAbFC2yaRIBwJRaBeqlgj/AEgRxAQaBTUJI5RsUa10PPcbFaEbaqRoOT7haJfLIHWQcgoCImurOOyYVnfsDapCPAOZlo4bIkugnFmPAXA1kYIrqUiXONmspT5NKQCLAyMAkMHf0FcwYj1YrDWIFZxwYRO3JPekPZ7iAPmVuZiNChGe6Jb0P1Zp3YGyUGzvaeVcxviECr0naCrm6MgaaVgpU4rVl+VmKKYTUtzoMtyALqW74F1hBocaLFDtq+OHT7Wqqak/6ZxUilC+uxrki5b+lKOutrUJozIiRm0rC8tQKxVnCTIiuxc+uanlfPVa5+EYeCHvho7HIeZjG7pdmBbjDCHO4KGYaTTe/mSuFzLVFR1GAsYlzpfl87ABk5YAtKwoegEQRAEQRAEQRAEQRAEQRAEQRAEQdY5Ju+H9Z5I/DBsaF2LUZIH7CECGruOaEsLph9Fl4w5VIUMXRsBFFGoouRqqjCSBbVuFIUmoKmCh/DcOjQBKR3A+UQS7nlOxnPCyM2ov6xX8v1SKfR9Rkuge5AQY5SS614Ikn7Wf42hxRdJca1scgCgA8daHwEnE0K9IgKnExCfBKE6k47jeJksdx0VRo78APIraYcbKcw5jUhNhBrSIqnLTESUg6AE5BTCHtFybNs4LNiwujT2OGRAQaVVDdg+s4r0ODWAEZBdT4fJ9TWvM4+YPbdHJ60EqIMO3osK4VPam2h9V58w6pD8JJJ7hTKrOCEpPUdfyk2mpP/LsqacOJo08Tgpl0ncGqknget1WbXetXw01douoztJrklKrJeJJN2I/Cp1J4lI0S5ioCn04PT5JT1YCA5KEq7zb8USQp1Mi3NmTIAMkJRHrU712AFaFqaWS6H9ToSksWwNQRAEQRAEQRAEQRAEQRAEQRAEQZABAG0Yv4sTnJRTfzAbTdThReuPokKIDudSSFMBApgQXoycMIjCyIQaRRiGIlThRZ2rhTmuA9ulhFMudR4Xk0HBzXDX86K2yC8Wg1KplC9GfikMQrBRoZFWQjBChUldwqxCQpJyRNqGQPsYjZQVRUk2MIy2guggMpxx43OjA9PqXLiu4ziuih0HlBMVSg5DE7a2Pg5WipEol+JrhxmVhjDuDXoFraYQ5a3CVmgS6iZWC7UWqRte132Qdp+IrM5CVVkzyVflxJeNLDdia7Dy7IoN0mSH01mv9KUurBkRxN1jb6INALWbfuC4pazMFVvRiwzsaW88Tmqm9VUypHG5CaVVTmen35bLGIuT+PKV4EViZGAmDRZpdsUbqq7JeCY0pFp2uEM8yJujU+eoiznU0hOWZOrR8hTQH0JKNQNoDcEwi0lOoW9RfEmATpFILcUaMHfBm+9Ff3i4+N5K0r+MG05OPiC38UhGEARBEARBEARBEARBEARBEARBEGTAQ9PaEqPboLH0wC5ORRXTGXniJ9Wp1RtQk0xHhd1BihIKIzqJAh8KkIsnjPQfdx0mjHwEYvpaQUI5d9TKjuc5rhvlFEHgl0pFSLijClEQqpZUUFRNtWkG09smSWCUkiTIn94122XSk8MR0x8alsFI2bNAn1c42BD6jIycyHG543jZnJpCaiXfj8DVxggqpLUASV0t2jiFWncP/Z/UiXSIDWoTK1XRwWtrtGBlL2xtan5qvUtiEUg9U5OmV5RDY/lIZAoCjDsqN1KrDUhatOvGGiph3S+EukWctDBlvQcy7OQ3IblXSUpp0ai8Fqak5XLNVNab1vU4aTKt0zJpWm7Ce28PCQNRpEV1Rbmuq0btMAzVdeWCpIyby09tlVEqumsy0Z2YtdLpeah2J3GIq91NiE7HBjl0QHzIGI3VXLomdRwH0v2oCpCdCuxOhJCmM6oSp0ToHFUwGMkBlFvnwVeDflecKBavIA/NDI7bK0MQBEEQBEEQBEEQBEEQBEEQBEEQZOCSPERNTRS0TiSbJg4PJj5oH1BPot5CSpuSgZr4PPiZ6BChihZK12RribIq2CiiMCiVtIIkEJGkLIqcyCRV0DYPhDuASzzX9VSZZrMiyOWCEIQn+YJfLEaBb4xPQLYA/0ktb7DReRnvB9NylLRPhmwhRF+lN0grTqTRTsgNTn9S7V9AVCRYaCMC4agzpOLT6nTBVaTOS2BlIqZy2iOBaqsCOCfMqkqYesWlZOo/UKtIa5UCYhSjzdDtaLcFsg6Jd5+3EshPZRehjgnDV1yCsSdE8rKsKqHWKybdVroFI8bRL4WJ09dNa7L+wZnjl1y3q42059easqS/p8anpGd+J2btVLklX5PWy+HqTBS4UIgi6vtwyXJ70TJwE2HUKj0SvxNCCElfwGmqLvWqUcPM4TrVjvE70VnXpEMc44aSvs5Bs0ipycum/+D9RQsZWZz9J3m3GSgU/TU1ShWDtT3+nfut0xcvWnDRFb8fMXIUQRAEQRAEQRAEQRAEQRAEQRAEQZCW0cHEZhVs1Ltc2RR1YDSJtROjFVAVI7MK4SaiSCTnekXheq6jIo++H/oBiWOaYGEiJXddGolQQkoe9T/YaTAIfjq5DFNrZTN+oaRWDEpgfCKiMAz8KNRbNU/im+icFp+YrtqOWSlKz45HrV1Ab5oZ4FTtYrcXgFUX6VOmrU10Wg7uZbNUR4RBd2JDz7R29VSZpKvpS0tanxMqTB6euh1cK6SD83WXQYYP0h0OScLt8Zoy1p2k2rPOLnVj+YnupFzdnoFYpVVZmayfQPYuf8UmbvYVyhNVGSkPP03LsoX5ybjRfH4fyrEgLuVxEqtJSKXHSblM7JykXHEz9LUc0cKKKW1tYbFUiiIRgMEJIa4EoxHGIKkNKL8cm02tqdYk/bJKd1IpozKCEngbECbbWgRvEurkEkY5SVLtaBWhHk0YU6OMqglvBzr9DjOpqYxuTcQHc0Bx3H7ePlu6pM889lpw3WM+6VeuvvLyWTNfqbvIy2R+/ItfmfKihe+88/b8KIpqqz328AN773eAcaypYs6bsy/43lmkJ5z3k0umbro5QRAEQRAEQRAEQRAEQRAEQRAEQdYn4gh4CmOqUC/6DtHvKscTkmRPgUQrNuKqg6umFVjKGKfcdaMwIyPztLtUwceAgU8GgVwOBHLw+BBq5E5oHm933QzjzMtkHddTC4OS7xfB9SQoqb8SRCQhACmIeWBemCC+sQbodSA+Hey1DQ24AGfLpCLBdeem5tQLLCdVE/mEOeUmFgzz1TnKeBCLNLoTISo3opVJLBEApf/XEiWTigckLHAWKdiixNoMnXuJrCWkvv5lvMflgDuxXSQ2F1Sj9VPWJE46V0/iw6NX1yFbmqgRzMuq8DxJO6DU24wwnhRkA4AzR8qIrdxcjHg90b4NkmmrviZNp/XVMIQ0HJWaj1bQYmGbbDbjOeqW6yoUC2q09YPQDJeOw+NbT5pMaUmDVsNXY+FD4hHBXufxIqMi05mlzBsFLOJcjf8uyNb06B+JSL0rqO0k7VB9mzDznsGJriW18YnJyMOpScQ1IEdk2k8GLGtCQvbWG7Ne/N/zdRdlslnSHfffc/elP//hvh866Lvn/6x2qe/7ixYuUIVsLtdtU8VCwaxCEARBEARBEARBEARBEARBEARBkPUAmQpb01aDeNToO3R4TSbzwOSE6ahbBMHC6gfRwZ1BBQ/BGYPr59gzzEQnoyhyPA/S5ugkDyBZoETFIiNfUAhbstCLHBWn9DzOHepSx3PdrJfxc6A7KRb9Ul6tGUK+nshGS8vyCJMSqGUbCFONEhvqrfRJSQQEZDDSkyBm+byaHacV6hswnzHZYFTIOIpMOFidH+46HgF5kDqPWvoDiXNILNTQkg59RmjSMrwuN85BrMR1y6pBanUaqhyRdQpl+mLWe0RJRbKRhMQJIgm4OzI9N6mlA+jUSrJiCQElVu2VUhOk3GDKWzF1TVUqteGKUQB0H3+P74jaBTX3RisGEq3E1mvlMr22Y+HMDUptzsqJcvjC5PqpVWOQNaMdIS3MJ/Wnst6UNp6SetM6LZOaMmlhvl3atXFYzKi7VVDR3t6u5uQLeSFkGIamgsNZpDUhnmfvdhGrpozMUMo6pibJDZAsotQOpsRmg6KxrsVVZd/3jexQDfkREaA7iW8W0yAYm4DgCF4GYaAagHFBDStwawhQaw3SsXidctlvrhk5ekx6znfO/OrSpUuarzXnzdm/ueIiVdj3gwc0qTZ+wsRrb7yTdMcJxx5lFCoIgiDrCtmzD8bVCNlvKsPmW2FrehtIy6jPLZ76YIQgCIIgCIIgCIIgCIIgSD1kpQuGNXVIXseijRpiFYZ9Lt2sBlFB+69tjhIam45YZwcWZ77hQugH2lVU0XUYc8HXxHGN8YnQ+XXCQMdApQh8P1IB0SDgqobnOipm6Xnc4V7G87MZr5QN/WIxX4RsO0EoohAimZHdMxP3hJAoqRTJmN+b04HTOKif7KJMiwAq9j0layFlZYrVEtjGWiAl7OgTtPvlsjY6TspODPX6JpMzWbsdE1ZmOleGQYWomZaQMIc70tPJd4iONVvXEymopMJam8ARYqRSvQHniFGjTuEqzG2vj/rnoKazLcgk6pmG1K1FhFVixbXt9Wyz5dRTnMRLy8uYTv+hAgZSGNWNDcbDTaLnRfr2UWvKsr+QTccjaSzSUcchWWrMVqg2l6H60FGhvYEENNmd0KA7JUJlxW7/1jJGfhAWxrKuIVVqj1bUIX2ckhbmk+oprSknU9loavYgGVFIanQhNYNQL8v5EUFxDNNaDs65Cp/kFNmcw9WILHxNFERqJFcXqbkHhbB6ERAVEg4qkcoxw9wYxreK2LHeOFtpaaJWKIJjirm69cjKGWjUGONqK2EQlUp+yQ+iuNAS4ksAABAASURBVAnVvKCmCzAoOA7YozAKRkjqrUGCkZZaURhXK6RHjBw9Zuy48ek/9bbafJViofDT879TKhY/9snP7Lv/wQRBEGQwo946vntr/phfdz47JyS95d8zg1P+3Pmf2XVaKIXk8vuLZ/w1H/ZZM33adV3HX935wvx1LL5eO5x22mkf//jHly5dSgYeS5YsOfroo/fZZ5+ZM2eS/mP27NknaVSBrBc8+uiju++++6mnntq8mqqgqqnKpFf8+Mc/PvTQQ2+66SaCIAiCIAiCIAiCIAiCDCh01NsEvqtC8pJUGxNQGz7U+g1mo4k2oMjBdkFHI00gUL0wc7nOlsIgYgk+KFyH2KFAdaoErUJQ/4KQJNfWns215do72jqGqGk2l3McB1QAkTCik9D3i/l8sZAPAjDmZ46TbW/rGD6sY/jIISNHDhkxsm3osEyuzfWyjuepUKXahNQhfHhSUG3LdthsH/Zddc3MYzYcLNQftRH98nGoOggURBFM/+kCsX9aJqB3s0ex0JrKZS+QBjoLmkK/ZCYJRkvbkrH2Rp92LXxITmRVKLliW8mmzRWjT6jpohY+CBFGJmIMuhMvm3UyLnfUWWaJGEBdEhRsDdQJJUZzUd5Ne0XBmTJHlMa5PMyRLkuhUjBNi/YZrQhTtEyEEXPRSGPooCPfwtwdwig8ateLb4Zkb4iT5BihcbKclPQk7pCsuMesMqvypov7lZLM2DMjaMpuKBXvZw32bHDDYOyQwapNXfKmaFsdmxI11H8014s0Uav0U1nWlPVJrCgTUulxQuycpExqyqQvZZkfGuanMuoYKyotC6OZTMbcS4V8HtR+YUj1s9WcOcbFKLn/ZdN7qFbV1aS62pwan00dIbTaJICrWL0NsPiOEIm2hRL1ThBRKvxA94eZNQf/Rb3OuPCH31v4zvwrfveXbmvmu7p+/uNz58+bs932O33xK6cTBEGQNUApJD+4LU96y4QR7OsHd58mzKDeQt63EX9lvvjnC/5uUx3SK+57MVi4nCxcWecTYcYh7ywXc98Tj88OPrSVS3rLq4uiBcvk0BzZdiIng5nLLrvslVdeqbtIfQL59a9/bcrvvPPO/Pnz1eeQ2moPPPDAAQccUPerzuzZs88880zSEy699NLNN9+8R6uMHj16ypQpc+fOvemmm84//3zSH0yfPv2b3/xmZ2enKp944ok///nP99xzTzLISfIhNq9m6rT0xawe6vTdcccd99xzz6c//WmCIAiCIAiCIAiCIAiCDCS6idinI/pJVJ3WNBG7m2hRAqGxoUV5sXnKnZKUfIEl0VQdP2SgQmHSJAuBfDoZzy8UwyAUYajikup3rCAMqNE3hBF3uOu5kNXFgcw7mVwu8H2/WPILWUi745fCkq/WlVZakSR5IdT4aeisJCb9i87YYIUPtsO0+gCUtQHd/ULWkgJiHUFrCj3ARMerjkayMM64YcQgruM6UqozQoJA+H5ZamFj82k5QKp7tlnwfZDmUoDGuPkN026iJrlNaxYmrdOrY1PTASeKRHywEhkRjTPsSNtpaS3ajXjIemHoXYzFJjRenWrbCZOvyG4Sbhd7Ids6dqXa3RjIV2XLcOYQQUB3Er4rhi6IxxoywKbGPaiP0/rKGNJauRZot2tiWBjLucMYxNhkLCpTV5Gxi1eXULFYitTgCgqyyKTU0enQuIgiIz2R8V2aKD5qpGrVvUgL1sxtHEvGtNUK8SgFQaGKMwW+viccl8eBpURKpWqaaFMUqncCyATUr/f8gGOLsc5Go4J3lq6pfVy8aMG8eXO6rTZ/7pwfff9b8+fNGT1m7HfO/5njdBOdVSdxcQt5c+rGFBEE2ZCJBHltgSC9pRj0qDr56M7eP/4bvPCWWLRKjh/a409Ib6+QqrcOJ4e8r76m5GO7eBctKE77Xw9EJ9f+pzhjTsURWJmHl0FEzrqpvhxneAe54Kg2MuCZNWvW888/X3dRNtu9VOjuu+++4IILDjrooAsvvLB2qfrqt2ABvO/kcrlumyoUCmaVukuXL1+ezzdUPh1xxBGPPvrofffd99nPfratreFhV4tGjBhBuuPee+8977zz1IeZU089VX3I+fWvf33GGWd897vfPeqoo8igQu3CHXfckbxU51pN33333b///e9N1lIV1PSJJ5547733kpkf/ehHu/2YYTjyyCOvvPLKl19+ef78+ZMmTSIIgiAIgiAIgiAIgiDIgEQmmXFsYLEcymysuah+4LxCnqHj7NbBIbU+hC9jAYpJwKLTrVgvCBMK5ZRm29tUmNLanED2nEBne9DpdwKmc/AIyLPjOiqW6mUzHFLvuKoA6pNiQU3VWvAcfSSMMCaRx5g+xMF9E0uNNRXlKCkh5RhrvFbj0G6Llhs1qzVfLHtUu68dSJ3s9LGqqF55kOx6qapGZKQqqHNhqqkzqE4BqRQf2Y1VXl7UpJCB60GnjgEvHDAagXC1gMQa+ik6LdtIdWZtIHt27B0jtKGJ3gQKkH3KHAIbei+nKSnnZkrrB1JKgrIZEY1zViXiFaM7ISS509bWQVnrcOZQQYP8WDdqF8NmU742dCSkablmKutNaeMpqTet0zJpuVxNRGXnlkHQxphVnJDkzomVJZ7nmauoqCVeScacEBR/apC1OpXkequ6xOzMxnOSstGOGOmVLlOZejQWcqqpu0YPHCnzJZp0MqAB6BBFBGYtA/gy90MyZ0lUPXhLsvEo1uZ13+/xw+kPPtr24CvBolW9j8L2kScff/jin52f7+rabvudvnP+z0aOGt3tKu+9u/j4YwdZwAxBkIGDw8lPj6kjHfjB3wtFn3zzyOzYGoHIm+9Gv33Ab9TgjHnRnKX1VW4TR7A3F4urHylsv3H9OPcOk/imo+tbjNz7YklNd99CvaWSN5fUaX/cMNqRI6sKYta7Ea+x53A5mzSiekfeXSXnvgdCFpZa4jkgx1m4vPqNQL1FBxFZXSSDiGuvvXbMmDHpOSeffPKSJUuarzV79uyf//znqnDggQc2qTZx4sS77rqLdMdHPvIRo1CpyyWXXDJt2jTSFN/3jz322CYV/u///u+8884jTbnuuuuuuOIKzrmqqeqrOerI/EjzzjvvnHLKKWTwoD4l1oqB5s6dW1chVMWtt96afnnkkUcmopPTTjtNHYom6xr16kknndREALTRRhslPjoIgiAIgiAIgiAIgiDIWoGRynQh9SPWsadAT7DPqJPqB+OTn18pIXG+m8QMQsqkE5AGhzMmJXcdx3PDwAuDQCtIIAeEFDIMVNlnnEYhh5gpPJLPM21trueq124m42aLfrEQlEoQplS/z4JVBGEV8VKZRPelTu1Ss99p/UnlrL7TUkNrXnTSGFq3XO9SSI6KiSarE6TPBtgTqELo+/rcRVKQ2KtEa4vqpIIxipZ4Ezq9DaRD0mmAZCr1iFzLxyKhtQ07xO5lyiMHcguBmiYJ3icZjEwFLUNI7oDUBm0IAtJBEckS0x5jd5IITahMSbu0Yoesj4AcTdKw1OEs3Vm2z6JtnZKuZS+T5h4nPfM7MWvXeJzYq4ymLoXelNXYXuqQxa3Urecwh9DqSyIepEHS4bpuNpvVyg94ZtwIQcIopIJRncUqkZtZtx79oixHbGA90tySBPxOCDfVAnCmkkZU6KizzCruM7N1FZCABiPzrjVwVSd/e7b0yMth7fwdprLTD6oOqc5dGr21RCzvkqPa6aZj+cYj4DSpvT94W1dIsq6467a/5bu6PvbJz3zxK6d3+/BxR8eQPffaj/QEtQpBEARJocb0LcfW0XkY3cYmo/lGw6uHfT8kTXjk9eDfLzWr8dwb4rk36mtWTtzfqys6iQR5+BVo8/Dt3WffCq+YViIN6CyQb91QqJ0/cgi55sSOuqt88/Dsnpt1b/awsiC/8LsuMqgYM2bM+PHj03O6fWcpFArf/va3i8XiZz7zmYMPPpisFUaPHj1s2DDSc1asWLF06dLmddQnnEsvvfSmm25SH7d+/vOf77333mb+EUccobb7rW9965prrlmwYMF5552nPpKRwYA6iSeffHLy8q233rr33ns32mgjI6ZpxN133/3OO+98+MMf3mSTTdJNJeWFCxfOnz+fdMdSTaOlraaeRRAEQRAEQRAEQRAEQfqNiqAWrXi03ObKictxdLQFZFnIImsWpVomxNqPlK0vbHjd/CvMEtAvOJBGJ5MBp5MIjE+iILI6BnjsPQr8kLuQk0fVU9W9bNb1XC+XCUo5v1QKfD8oFEM/0A/Si5RVRjKhTYQUcVDfukuQtYEg1hOEWnVOMr8/tASSkGbamRZ0FbXWBmnUITaXgMnOwbJZ9Q8k7gDLk0jWy5LTqCMGnY7DWiQIc3CMtwdZk9iLtfJlazjxAbL/WoMTmyGHGHWOEFKFloU+GUwrSpLTUpaeWO1ARaeqj7xpO7YVsgdm4Ebk+4q6GDhzQZ2wajM3L2nbLJkrgFdSvNONdCGkhfl9KJevyMTjJFaWkEYeJ6Ta7yQ560mZ9KJM1T1SaJf+FjoxDmi/SHdqORg3dZ6dQiEPJlJhqG5dEIYxGgQB03DGKafmgra9T3R7lWmu6ma9So+hcRnGCJN5R90OxlgliiJm3oxorGwxykXt5aPDEqp+OJAv8EJQf7QoVgY3F6yQ1z9RnFWZVOJ9k9jn9sqOGQL7x9bdTn7jnB+89upL+37ooFYqT9x40nk/vYQgCIIMPLabzCaP6sFH5xlzwwXLGi594o1wdYFMHEm224j/bz40TnrIsLYNNxb+3e9+d/78+dddd123Nbu6ur73ve/NmTNnp512+trXvkbWFieccMIxxxxDes71119/+eWXN6nw+uuvX3TRRTNmzBg+fLiqud1226WX7rHHHldfffUZZ5wxbdo0tdff+ta3dtxxRzLgUR/JTjrppOTlI488cu+9906cODE9s5bnnnvunXfeOeSQQz74wQ82qXbFFVdsscUWpOfMmjVLHUmCIAiCIAiCIAiCIAiCrANSOhBaGc+m5fQg5XILofd0G6kIY/oZfJimjB5ohelDHI+lZr6Z56gIKHgciIhzx5UZSMUQhQGER30/UGWh/3OF47pgseG6zHG46/CM6wZhmMuW8sWgWAxLQRSEMgwqc+mYF7q3iZxCVtia9JPaxO5nNxUazoxFOb2QFKRWSkuLKgqJzCIu2O3JWA4hJWktjUYUaXGPUZ1oy5NQB5cjE18G6UmqZzaCnVwt9qXOOWNj3GXXHG3EYJYlfSAV/e0fKEnJCHrYsJN+wA7EJSw+5NCczrMjBPQcFkjj4wJyIlktXNCHoRzXt52K0+tIGRlFTrqDyTWyHqMFCWo4YHDPr9rKLQiZmUPbV0smGylO1ta0VY+Tmml9NQzpbn416g4rDZX+JkHAzI3XRB1WVoHoAnecLGPq9iyIQhgGws6HO1YNv5RYgRQFA6o41Q6xysQqiYmuUJnMLB4sKvtjs1CZ/D5U607CKIpoCBJytnvpAAAQAElEQVRCNYJzrm4frs1QiB4GwJGKM9qa/nFd8f7JznsrZFVGBNX33VKPsM9eHP3qvmK+5iH5V+aLn92V//qh2cmjOFl3jB03Xv0RBEGQQc6+W7kf3rYHvhGX3FdcsKy+P0okyM1Pwah98Pag0dxhEt9hUhvpP657onTn83631cKIDFIWLFgwZ86cbqupOt/85jfVdOzYsRdeeGG3nijqU0OTvDnpaqRXPPHEE3/5y18OOOCAT33qU6TnrFq16qqrrrr11lvVp6lJkyZdccUVkydPrq221VZbXXvttV/72tdmzpx54oknHnrooaqsjgDZUBk5cmTvdr9byxkEQRAEQRAEQRAEQRBkzSDLMghG00lSGtSnPU0vk6pfIeBgyTPc5dApjTfLyn1LVjcBV0YZdY08xvHAKyIKg1JRq0mCIPCDKBLqHxWvdDOeikwy1815npAkCsNMW6mUL/qFYqD+SiURRmp1iNdLmdJYSNOf5Dn88sbrmA/0lLJKImnOGniYdDPUbJvEkota+YAN/PZUBEF7uayCtOCkbAPT+HowuTLMOiA+cRxI08GYOviyslkj7khdfmVZjCkYZRLoM4RUoXSjDYLG407I2HmhH0kMHXpxyh2anOuUWCd1X4EbEAWFhBZJmN5LK5oxeXaMCqdOtwipVi2lxDYpEVBvLpTBhZWeENAlyMIWoks4rk+cJcRbSdyAOlGP9CKkhfmkZlozX1ZOaSOPk5ppnfZJC/OBiNPAJeFwGY0JA08NaupP3W6k5cMoUxi/E0XJL6m/bCbLGRNSUGHv5KRmXevy+qq5ps5IRrziOY70YG3f90MRgPOJXotzm3/HGCTpZoTD2VoyneoVu0x11F+TCn5Ifv9vqzjhjGw3hY0byhatFC/OAfOx1QVYesHH2/lafB7+fzOeUye8WCxC+fnpQ4cNr1tt8tRNjRjlD7/95b/vv4f0Bx8+/KjjTjyZIAiCDGxuftZ/eym890wcVjE6S9KSMp12J41emZcFv/uGBvLbX995+OGHzzvvvK6urp122unCCy8cPXp0t6ssXrz4Ix/5CFkzqM8ev/71r19//fVNN92U9BD1Seauu+5Sq69YsUJ9M/3iF794wgknZDKZRvUnTJjw17/+9S9/+cu11147bdo0dShU/c997nNNVhmALFy4sLmZjapAWmbevHnTp0+fOHHinnvuSRAEQRAEQRAEQRAEQZABjSCxxwmtjIybMD+p44bRPzR1p0jEBESLMFi8iv69VnuuMGqTrXDHcVwvyGT8EkhJogCS7/jFEu0invqRLpfzMp5OzuN42Wy2rV0tKnUVVM1iZ1fo+5AJJhI2pEkETUlLynH81JQmthNNYalVavc6FX5l9RwMKg4FtRoUFh+ZpLD2FAU9VRoZ9P7obEZgawIRasdzQTKiZT5gdmKSO1lpDWhUEuMZcH+Iz3t562oOkxwahYA0j2Pl6pCAU0h8RZXtFUj/UaX86Q4nuawbpRLS+6vdTYwQQcqKO8FqbVhZF1ZeBFe/2XObf4QwkvKrKB8IUrXeeitA0Vo4rq4tIlzit9P4OWGamhK4mWDaXOEhiKjbfqPbvo+hH0r7x81CpyLTbiU9aa9qPDKXmjqM2VxOjau0kxZLRfWX9TKc8AhsdYhJuyPie1Un7iHV90QPLjRq5GZ6DeZ5HtOXdynw1T0eaFMj1/UcJ0kPVO7woL6c73/FX94JhaxHzjwsu8kYe9peWxRdcU8xiMjiFeSR14IDtunB0/l95LKf/3DRQvuk+C9+el6jaqef+e3DP3K0KuQ7O5ctXUL6g66uToIgyAaPGvqO/mWd0SDSb8un/7mrdthfm/KLucvErU/XtyH51s352QtFty0cu7d3zG5ekwqnHZTdc7NuXD0UKwvyC7/rIuspN998c1dX12c+85mvfe1r3XqcDBkyZL/99iM9Qa1Sd/7IkSM33njjjo6Oqvn33Xff66+/rr5CnnjiiaQxbW1tY8eOHTZsWDLnpZdeuuiii1555RVV/sAHPnD22WdPmjSJdIf6IHTSSScdccQRl1xyycMPP3zVVVfdeeedZ5555oc+9CEySHj77bevuOIK0gcOO+ywpUuXjhgxQpVffPHFn/70p2r3WxedqBU/+clPjho1iiBIH6Dwdbv7gR1BBhfJT2wIgiAIgiAIgiBrBBM6hFhjKLljYt+xrQdN+1oYG5J+jPLVixjKqqWyMqJrE6zo2LrQegWTooQy5qqoKOhKPEi1A4KSTlMISn6mTYVMM+rPcVwV1ATpg+NEYVsmlyt2FfxCl6oDIoYo1LqPOP9D6rFFGidy0Rvv/hikdTpNfw63goPy3tU2lUTNZSx6WRMk4dwaiZFMzaC01UBvWQ5hRUwS0ulIOFPc5R7JqkVRGIgwBPGIkKZlSMcTSym0uEdUHRNzaoxOimofFRM0N54IJmRe1njIngpFGtKLdZ34CEhWzhGVRMrLHROw81pMZa6ylK9LtdVP/Y7RihcmqYnBeG2AWAJ/WUC6wdxaiYUJASMpz4ReCsWCEX/AuAlKMUHMPaYtT9S9R8HvRNbeq6kBlDbfNPxjrFMIdR0XbICk9H1fbU61H4ZhLtfOHUff3dqFijNwqSIDFz8iby+NjKhu9BA2vK26sy/Ntyb/R+3qJYoTxVbj+SE7uf98Dg74i/PDtSk62XX3vZYvW/rc9KeKhcJue+zleZl3Fy+c9frMzbfYatz4iUm18RM2MoVTvn72V04/K93CM08+9tPzv/P+3fb8/o8vJj2B83WZSAhBkIFDR67OzFVd8ImmPUtq3bXCiHQVyVpAjee/vK8YNYg/ThjB/KDbNkjtewFSy3nnnffSSy8ddNBBrVSeNGnSpZdeSvqDMzVVM9UnkN/+9req8NnPfra5iOHjmvScX/7yl6+88sq4ceNUswceeOCJJ544e/Zs0hqbb775H//4xyeffPIXv/jFvHnznn766UEkOtlyyy1PP/30JhV+9atfvf76600qnHTSSaQPjB8//pxzziEI0jc44SFB0QmyvqEubIIgCIIgCIIgCLLGYBDci3/DrRWVJEFw0jzw3V8PGkpa73l5G4ynJg2JdviIdQmEszjrAmMOyzhcRcqiXM7LZoqdXYFfAu+TMAwyQZAJvUzG9Vyw28jCg3NggpLLBsW2YlfeLxX9YkGEgclyY0P9Kqia+n05zvPS3T40lQlUh1+rrLarV0wdWJOZY01am8juWm9i99BC61rYE4WQ8chzVVOBzyPmq7MTqZhBLHXSOhJ7KVJuzEvSkWsbc7YJQUyUXAjGOcS+zZVgdCeyfw5Vr81BHGnzJUGnmdHUlK+e2NsFdlZEEHNlkLXE3GnNtyhpcj+mwvrxQlL2OUl1PbmI8SeGDR1Z76nw9MxEfaLuKNd129ra1Ey/VFJxFwIGPoxAqp2IOozo9FYgF5Cy6j0i0ZEk1juJoiW1UVIXVTN5stkPfC07iRgreWB0xIw8TQ/OjK7J0bCP3PJs6eGXQlMe1k4uPra9qsLiFfaufN/E6se43zeB/5NA9HLhijX1S3fgQwq6qpmnfgMiNCd97uPvvD3/a9/83ugxY+e8OfurXzx2wkaTvnv+z2obcTTpOS+/+IKa7rbnPoMrEQCCIAMEl5M/f6mjdv5nf9vZVSQXHtO+0fAaAd+C6Ny/Fcia584Z/huLxJAcGTOUvbm4enA+65As6Q9+/3Dxuie6f2szuvv1lfEasnZZvHjx888/Xzt/5syZ8+fPV587xo4dO23aNNIC22+//UYbgTrzjDPOePDBB7/0pS/lcqClKpVKhULFtZp8LrKPO6RQlYn2R7n55ptvvPHGNZc8aE0wbNgw1fMmFf7yl7+QNYA6WbNnzz7yyCMJgvQHDnFC+EDeTz8qIMjAQF3YBEEQBEEQBEEQZI0hwpAxrqUPLP5KTWXZbaHszdCMyuB34nJRt2pSK712nRQiddaTVf4bOqGKCXeyJL0E5Y4KR6qAWjaXA8uTrk6/WCx25cOiCrN5bjbjguuJxx1HVco5Tra9LdueKxVUnc6ulSuliIj23tC6E5ruVotOI80f6rfNxGmCamxT0r9jJ5k/aqVA/eBe0eMfUHqtOCn75RBtKBNS12WcuRmPcUp9tSO+CCMbmE73SsesEw1FhW9CHM6m2iYk8Tsx8XIIhtPY9WQdkXyZt/eC9S2Jux1neqEiEjqCHuc3qUq/JGlNXieatGsFOCkSxxo7xZ/IekHa3GcDgFalZKq8Aj3PgzQ3vq/mh+rdQqe/CaVwpL2OY2OilLsR0Q47xmYnMfxJ34oyNY1dToyORGpDJDU6g6ORlqkJSMIlVfSFgUuS62pLjEh7opABTN4v72+p3uPvbjxCFHxRpQYrxvU9vqb2cfnyZcOHj+y22tRNN58wcaMnH394hao/ovv6L/z3WTXdfc+9CYIgyIDht/eXfvdAqfX6tYqOMCI3/sdXn9S+dXjujhklsri6ghq3oxY+cHochDVN4Iw4LYz82ilr/dGdPPfcc+pdXn1ZU+Xp06cPHz68brVNN93UiFGuuOKKe+65h/QHRx111Fe/+lVVeOWVV84999xG1dQnk5/97GekNc477zwjOtlWk8y//vrrq2qqXd5nn31U4bHHHstm6+uW1Aef4447jiCN6ezsnDZt2h133DFz5kz1MgiCj33sYwRB+kyWZIukgF+nkfWMHOkfmSyCIAiCIAiCIEhdSvkC4xySnjgu9+CXUOsgQohVRhh5h60exxSTUHg5yK2TgyRh/oaKhp5KHUxkPvFiiaP2NPaEiB+oj00eqI7eQ33XA/cI13PDIAyKpVK+GPqhX/Idt+i1Zb1sJpvLOSA9cbQAIgPmKIW8iqaKMJCh2pIw26+VyVQF+quUDTJWldTfFb0v2oqDEaaOI2v8uzGt1NmwVEf6xcSj7CRjZ9CGyppkl5sqihrULzdNTeTahJXB28PzzAEOpS+1WgTiziIJfycdrTjK1ukkFS43dj0QpwbvBR28rlRBkbWOI0SobQCsN4uKnavdVz3TDzbqeAHVC7RZfASOOqG6C819RMunQt9siX7EpJcixmPCpJomVbsqErMKWNPezjbKL6O4HkmtYufYMwZCoBaesq25ak16oG5cWmS9tdYWlJAmuimRug2Sox/nReplz5uPFK3T4oq9PJSyUp5kR/DyeKMCIVEUdXV1hVFIAqpGSM55EAp1eVO4a82f1ejZe9JcDXZgTqlY0vtRvqFl/D5ia+qsaSoy55AMXPJ+EKhNFAtFT90mnsdVUM5c3mzg5o16/xRn2Wp73jYZW6efE0ewZathNx+fFW42tiII+eQbVnWy0ag1soOqWytXLN940pRWKu+59wdvv+WG++/5xyc/003Qa8XyZXPeekMNcb//zWWkBfbYa59Dj8SwEIIgaxCR6Lx78gZpVB9p7YfDyfjhbL9tnB0m8Ttm1Fnl3Nvysxd270117N7eMbt5TSqcuF92z8265+eerQAAEABJREFUfwR5ZUF+4XddZH3hggsuWLBggSn/4Ac/aFTtO9/5ztFHH020yGDJkiWkP1BNmcKECROOOuqoqqVPP/30okWLxo8fv8cee9Su+8Ybb7z00ksjRozYb7/90vMnT55MNmzeeuutH/3oR80rkD5TLBZnzJjxr3/968EHHzTGMOpcHHHEETvvvDNBkP5A/VSTo20Fme+3H18QZF3TRtspZl5GEARBEARBEGRN0rV6NWMuc7jresyPHM9zVIGZZ9UhkQJhJgZL4zwJ8FLKWA8RleOJ0rqipM1I7P9GJmL1BzogmYrG0jjmWf1dvtLuwc5Jh3GlFZroRaAziC1X9GP3qp+Om5Gu53gim2tznQJYnhQKoe+LKPLzRT9XzGSznvpTe53NuJ43cfPN86tXFTo7g0Ip8gNtQkFB0SCEVgIw9R8E7s3v11JW+CIn3TZ9kxV7Yg9I4tphIvt1VB5VT0AKu+9QK/31kKaPkjTeJ7HzB5H1fxWJTxNpktCHMlq7SmUFVrtW3Q1pTUTlluJXQuH7IDoBsZO63hz15VedF8mYTrUj1H9WNkG0TqNS+AM+JnGAO86/owLQUgfKTbyaxil2oLfMGjFE9TpZQVUCkIbIsNsqjr5oJDX6F1l5ms2uxXoQrRvRVi0y5A63q8T6rtSKtEagVP0TmEyd/NgHZR3avQxKzH1GyXqYxLvXl4LJltLV1VVSo6dwdGIWMxpTxqyMLr4btZIKVmoouLEXZQOBWwLj3AORFlQMAsiyo1P8UOK5Nh3VAL6yd5niqL8mFfbYzHlpnq8Kj78ajminR+7oqdEyEuT2/5amz7ZD1Z6buWQNsHLliiiKWnEuUez7wQNvv+WGaf+8/RPHfr650Op/z08nenB/6olHSQtMnropQRAEWZN0FuGd/IzDMh/csq/D6Zc+lNl+44YuJZNGMdHCh4aR7Ri2rMNee+21dOnSp556qlAoqLL6yLFw4cKZM2dutdVWEydOTKoZ+xDFOeec881vfjPdwmOPPfbtb397zz33vOSSS0hP4Nye06233vr73/9+etG8efP+9a9/qYKaX1d0cvzxx6vpF77whc997nMESbFkyZI777yTrAHUZwx1YTzzzDNPP/30jBkzggBEuuoD4T777HPUUUftu+++VVn/EKSP5EguoKWw8kcEBBlUlH8vcijPos0JgiAIgiAIgiBrmGJXXsX9VRBRhBEt+YyrV5B6hrsOpdzkoKGx90FNfoSGr8tOAaTvWD1KjzwRtNwBdAmMQfoVFb9sG8ozbbms314qFkrFYugH+VWdave9bLatoz2Xa3NcJ9uWczwv1zGklO8qrO4sdeVDn6qaoFvQQXyI40M2IrNvsuy1kqL6UFToLihN7QqtV78Stmafq+lh27TXGXbqoeKeIgLTBHWZZXI51XgIPx7SSIYEftsxIiJWkSgnVjaVU3lAl2icswiuWaI9EOC3IZH2ianYC7LmcUQUSYczyRJhUhx5l6Lck0RSBEIcs1zbnWjNDa20PGkALacgIrExkYw3JxKHHYIgPcdcXY42JlKF1Z2rwwhuLvWmYVQgYFvEea2nSyNVV5V0SotP6lc2ujx4e4L6oe/7asgwKjPpKqikg/iy3n1T97HXwtcXwGBw9/TgvheCUUPoktXSj3Pr7LgJ23ESJ/3HuPETp26ymTqVr770gno5Ztx4M3+jjSfn2toarbXNdjtsseXWs16f+cJ/n93p/bs3aX+X3T7wpxtbCjLdedvNt99yQ3tHB0EQBNEk3xlef7dObC/SH5veWhJ1+dWj/tvLmsUCuyBhCxnZ1g8P9TZRnCjOOKh/ojhXPVS89rHuq4lBKyZWb+WuWy0A+va3v62mH/vYx+bPn3/uueeOHTt29uzZn/70pydNmnThhRfWNuJo0nNmzAD/mX322cdoZPuFiy66KAiCgw8+uK7i5JlnnnnppZeGDBny8Y9/nCCV7Ljjjj/+8Y+bVFBn+YUXXiA9Yc6cOWefffazzz67evVqM0ddSO9///s/8IEPHHHEEWPGjCEIsmYYSobnab4oCwRBBiX2g1OW5tpIG0EQBEEQBEEQBFnDiDACRwYhZGgNPBg8RM4Z99TE8TKZXM7LZikEFanQ8T71U6d5uJ0yImXacsP8k2qdrg0nUlphCVEtUInzkFCidsdhPOt6bdmcHwS+n1+9qpQvdK5YqaaljvZce7uTdR3PzbblPM/JZLOljkJ+1epCZz4olcDvREpmLFu0UwUYaJRzcFT1p6qLcbXE4hs1AHE+lsiEsF0305ZjRabOizpSkdX4tNhO7KWjUdev1PINSEsjytlCkvotZgjqI44IQsE4dWxXwP0BTGi0V5DudqX8hVnLEyGiQDIHnBxobF5TdSQqZUz6H1neQ53FCAxfaNxC2Q+oyf1IuzWeQDZQTNoqznl7e7t62dnVCX4nUjrC8TwPkkVFkZGkgMeJyX2VXNmNrycZZ0VLnH5InGnHrK42atr0PNeYp6hgVRjBW5Yj1KiRddxB/DxrEJGNRzEjOlGUArJgWcVtPn4YK/gy5/XbHXnGt75nCtOfflJNd9v9A++9u3jI0GHn/bSb58I/8vFjLrnwgrtu+1tz0UnHkCHqj7SAHuXJ0KFDCYIgiGZJJwyG6pvI2Tc0DOxd/I8i6SGrizCuDm8fBE7yQ7J0hFbi+d176QGq8ojBsF9VLFu2bOTI7n22Nt9884022ujhhx9usf6zzz5LtOiE9BP333//U0891dbWduaZZ9atcM0116jpJz/5yba27mN4YRguWrSodr5JCqN455136splxo8fPxitO9SHwwkTJjSvQHrIHI36TLjNNtvsvvvuu+2220477ZTN4iP7yNpAheo96pVIMSJRSCKCJqLIYIGq36I4JzyjvjgTNIJCEARBEARBEGStICMV4YcEMkGo4oMqdCjAyYMy7juuF4WBiMLQ97nrguuJ41DOIDwuJCSaMeEySmP9ANFCDDPTyEBoWXiiA+/xVmm9VCEN6alEoNy0zolDbHYaamKczGWu2p9sxnHdYiZfyueDkt+5srNUKGaG5DJtOS+TcRjz2nJOxlPVvLauQmdXUCypSBkkfyE6w5CK50ud710du8j4bKSMtaWsyXsi0/tiY6yDR3qyplQaOg1OJNQlyOCxxYxntBhg0REJm4bDSDbsFRYrSBJ3D3uyba4PIagxU1AhciHsQZdCz44Pu8lqY54TXXPqE8cv+mpzXsaz+YFY3HGS6E6s22nKqoR2kzFE0vqyLtsqlbG9OzOSsPi+TKojSE9J0uiom0oFV7TdSD4IAuNxYtPr6JxX6g0k1uGZtFgyzvFUQfJEe+31KBt0gDvcJa5qTQQlta0wCEu0JInscdRiAKBGnodeDf71vL+66TOT984IH3klPHoP70Nb9WeSnWKx+MxTj3cMGTJu/MRvfe1LUzbZ7Ps/+kXzmNZ+Bxxy7dW/efI/jzx47z8P/PARpM8see9dNR0zdjxBEATRLFwOn15yHtl50zrD0dOvh+oz4c6bspxXLbNY2SVenl8/sY0abN9bCe8qazqpzfQ54eX3tiSIcRj505fqmzydsn+W7F9n/rxlYvLIwScuqYv6TLB8+fIpU6a0UvmDH/zgDTfccPfdd3/hC19oXnPZsmVvvPGG+tRx6aWXkhbYd999P/axjzWp0NXVZdL0bLXVVvl8vrbCtGnTpk+frj4RffrTnyYt8Pbbb3/iE59oUuGYY46pO/+uu+5KJxjakJk6deqpp5666667DmlN3oog/YsK2DskHr3xCzWCIAiCIAiCIAiCNEIKkGWYULX2SIDooVTB+ygUEeOOjERYKqmYn5tx3UyWu5w5XL0iUIunw4kmC0ocSoz/rxdGNKH3FmlNFiBT3ShrTnSSHZsURsbVpI35My+Xc71MW0dHsatQzOcDv1hY3eUXS242k8lm1P6CCqI952a8bHt7qVAsdeV1tYCQSAqbtUSaif7HdNf0x4gc0rvR8r5U7tYA+Fmj35QZlbtTloAQ63eiwtpuJiONTweNYt1JnF4nFpmYlYmRYFSZzdCkt5BYCU6Dduah9tIWWjNkctckTguNOtgnnDDw1WbBAkL7NDCIf9CqZEsSbr90wqXElwT6asL5qZ2OeylrhCQp85bUAYINkH5NiYRsmCR3Kee8o6NDvezK59XLkl9SZRccR+x1WDG0SysrK1+c6cRidXWHNt+U1EMANXosfS9wbchPhRRB4KuZfgncVgaj6OS250r3zmjpSfaiT/76mJ8vycN36Lcd/d2vLlny3rsHHnL48BEjhw0b/syTj19+0Y/O+s75dUf5VStX3nnrTZ89/ksnnfy1i37yg19f/vOtttlu48ktxQub8Pb8OWo6dvwEgiAIolmwEr6HbDuZnX1oHeuCz87p7CqSk/bLbTS8eqR6aUF07vz6Cr55yyI/JOOGk/Y1/FYRCtJZgDycTtOUaKozvJ56RH3WXVWUI9pg1/I+efrNIOfSPTcD8c2tz/nXPeYftZtzwt7Vh0XVvP2//sff7+X6U5e4ZlmxYoX65NCKc4nioIMOuuGGG26//fbjjjuu+feQ6dOnE+2O9uijj5IW2HTTTUl3/dx9990feuih559//uijj95mm20OP/zwQw45ZNSoUWrp/Pnzf/rTn6rCWWed1eK+ZDKZ973vfbXzVZ9nzpypCltvvXX5M3+KXjiCrGX+8Y9/PPzww8nLJUuWqOmsWbO++c1vNllLVVDTa6+99u67705m7rPPPh/96EcbrTJ16tT999+fIAiCIAiCIAiCIAiCIAMYHfcGzwfOdE6OKNIJEhg4TYRCvWRqjlrGHBE5oe8z13GznutmuMspF4yrH1iZjf/TOEUHOE3E/iJx9pt0oJySfpdTGPlC0nrZSILYh/B1NqDYOgNqMAZ+LQ53GGsH7UlbqVjw/ULol0pdMHU8x814mWzW9byso8rZTK7N7excvWJFCEHPSILTi5EvwKEz+1/OngNSiYpE8+mfE+v/fDoA9CX9SXe7kz4I6kpTp4k74I/AXUctCoNA/cEFafJsxKk2jHWNoSxbMfYm4GtTdtOR1GbdSXxlwJ4njoonUpaaLvfPaXCCks9VX91Ihpy66j4S2h7HXPzSZKoCvVfaA0fvhb5ywDdC7TJTEQxjIaR3TFbeSCYwT4zURs9RW0wyXmm7GFnOdaJ3Hp/NGmjI/rNo7semqppNzHiEvuR0nh2aL+TDMAxYAKmgOLXuJqmUZvrdpVpolr7tZeXVqFeI0+5QksjMzD2v3VZoNqtGY6fk+0EYlko+GWzMmBclihOXk322cXac5GwxjicDlwpezlwYzZgXPjEzNKfz9meCicP5TpM56TP33H3btH/eMXTosC+cdEo2lzv/Z5d945QTHrzvX5OmbHLMZ49P1+xcveqeu2+/49Yb811d+x1w8P4HH/avu2576cUZP7vgO5dd9ae+hMEWLXjn7fnzcm1tG8kcbH4AABAASURBVG08mSAIgmgWrIA3ji3G9af3++uLoM2tJq4lP/k9tuTnHJZrUuHjV3TWnf/fueFP7izuuSX/9uG5pV3yimmlkR1kz83gkfqD3+fe/5J/57NhxvE/s0fFwPun/xTveyF8Z4WoK9MZUEycOHGzzTZT790vvPAC0SljzPzJkyc3yU2zww47bL311jNnznz22Wd3371ZcrcPfOADd911F2mBm2666YYbbujo6GhebaONNvrhD394zjnnPPDAA3ffffeMGTNeffXVyy67THXjsMMOu/HGG/P5/L777nvUUUeR1pgwYcJf/vKX2vnFYtGkBPrDH/4wSDPFzJ49Oy06MaxYsaJ2Zi0vvfRS+uW4ceNIP3H11VdnMpmPfOQjw4cPJwiCIAiCIAiCIAiCIMjaAgKDPLEoMRYgEN0nQicgoSr6LSi4NYRCOFEQUp+GPg88yE3DXTXxmOsy7tjwPmg5uA4RSiLjeTbZAjVyD2bdR3S+nbLygKZyjFR0sNv+186qXjuZYyQKjBP7SL4qCIjTO9zzHK89V+rqLBXypVIxinyhJhGET6WgnvrpKuvCJNeW7ejIr15d6Oz0C0WpAoQs7jqkHIqz+lhpA7MphmxKl3RXRap/faXfU8RUh4YrX9r0NN31qb6wpjbZS+r4gLeJECB6cpjLPHVe1PUXFItSnQntCQK6KFWINy/iZDKUWT0Rk+Z8MOtiwvQLfR3qcLm5CqU5L+a8SXMhVma26bu5ixOGUalUUpvMMc44t3IYk24kEX+YPEzVl2xFlL6edUR6eRyYJ4mrT33lgeyRwRCC1CMx5snlcuqKKhQLQeDDtaVGUMeBRFk6SVv1aG6TR5HWSfsgxbcNhQQ/nHBH3VBMbTsIAjLAeH5u+N7q6hvwY7vYSGHBl9c8YlMwcEZOPii7w6RqKYnDyU6TQWKy+Tj2l0d809bfnyntMKmN9eH2XblixW8u//ljDz+gyt84+/tjxkJoZ8TIURf87LKvfeW4v/zxqm3et90OO+/6xqzXFi9aqBZ9/avHq+GrvaPj+C+dOm48ePuf/s3vqplvvjHr6isvP/XrZ7e43Ucfuk+NvNlsLpPNlorFBQveuf2Wv6r5O++ye92nuhEE2TAx6XW2HNcP6rqEGfNB+r3NhIE+1Dw2C5SI221cZ9+H5uiPjm4/+6auvz3pjx9GD9gaXE26fPBu+cLe2efe7HxiZnjPRv5h2w9oP4xzzz3XFJ544gk13WuvvRYvXjxs2LBus+F8+tOfPv/882+++ebmopMhGtICvg9aVbXpViq3t7cfpXn77bf/oXlKY5aefPLJBCHks5/97KGHHlp3URiGzZP3VTFixAjSTzz00EOzZs3aeeedUXSCIAiCIAiCIAiCIAiy7kibKBAdI4R0JBDnV8H+QFIaMk6jkIHlCXcc1wsyrpo6XoY7rgoIqlAgEYwwQaxKIY480thfxLaeJFuofF2DtYUg3dAwli5rXpaNMFIpWeKZ2fY2L+NlA/WrZMkvFsKgVMoX/ELR9bxcrj2Ty7oZz8lk3Ewm197etXJ15/LlkR8wLZiQJPaRMHqL+DH9muwmgyDZCV2L4oRUYpyKfyB4zbmKNTueazJsgGrEeOhACLoyiGDSOqW8bmwTiaoDrBg4XMraLMRm5ylf70b0QuMl3dDK0XFUSyGYMZRUjFxBJQP3BhbnFGGExOKTtKjHbN74STDjxsPKVyg1+ZzqXUMy3ndKqtVb1iIGdSdIf2AEJeqSzuVyqlwsFNR1bi5g9Rag70yp1V3CaL5IylyoFWq1h7ErkTRSRhBKOk4mmyEDj//NEeqvauZHd/HMXTf7XVEo2ZnHf9CrVZyk2WcLt7NEbn0KImSLV8j/zY/6YnZy683XP/bwA23t7aeecfae+3wwmT9lk81O+PLpv/v1JS+/9L8ddt61oN1r1PxcW/tRRx979DGfGxoH5yZP2eTs7/7wgnO/OXLU6Na3O/3Zp+6/5+6qmZMmTz3upK8SBEEQzfK8fH2BcTrpN4FI3ifTZ4fqM9eemw3o9DNhRJ6dHar3iL03r9/PMR30nCNz3/tb4eanSvttAXWO+23ndlPYBUe1nXV47ty/Fa552N92I2fyyIGurSkWi48//viQIUMmTpx40kknbbbZZhdffHFzUcIhhxzy61//+pFHHvnnP/95xBFHkD7z7rvvkpTVSotsvPHGJ5988t577/2Nb3xjxYoVZuYJJ5zwsY997Pjjjx8zZgzZgBmjqZo5d+7cX/ziF8uXL//lL39pchIZ1Lebr3zlKyNGjPjEJz6x2267raFvm+rT4vz584l2rCEIgiAIgiAIgiAIgiDIWiQtw6jNvRHrRiDoH2cEUXFEEdGQMT/yg9B3uVtyvcAFKYZHHIdxAU+6c+13YiLdJHZSSckKkuh3Ra6FBj8+NflRqgc/V8manYzj/3F+E0hXwlzH44y73Mt4fqlYzOeDUskvFv1ikC1mvWzW87KqSm5E1vUyas386tWR70OGotiiwoRZIbtLooEweXYorejKIBCfrGEkITWeKVYXYVLlCHjun7EMiJkoCYMA0s5oKx5KREqnIanNnURlhZiIJDIN432ixUFaRGXy0sQpe3Tl5Py10O0WcGAzkIMp4DzgTgCyLEfH4IXOxgRXiZC05urWt4uw7jkRsdlFWOL7oHeRiKbbNrskaflYmHg9SF6ETpVSdydRjoK0gH1DEFZ3okr5PCgVmAau2khft8Z0R1qRSpPQgslOVj2Txvmk9EsGN3D5zlMbch1HZgbKIDplNK/VmtQya7FNrDO8nezRQhx0/63du5/zfe3nMn95n0Qnx37+i0veW/yFk04ZN35C1aKjjj5m6NChBxxyuCpvt8POn/j0cdtut8Oue+5dGwvcc58P/vyyq3bYeVfSMp889riNJ00p5PPFIoiTxowdN3GjjffYaz/XHdBhYARB1ia3PVcKIrLRKNqR6fEHET+o/0bw2KzAD8kum7ERbQP6w820l/2CT7bZuFk/tx7Pv3dUdusJjsPJwpXwSXjJKtjr903gR+/h3fKU/6v7ixcdM7D3k5CLL7743XffPfzww0eOHDl8+PDHH3/8hz/84QUXXFD348HKlStvvPHGL3/5y2ecccb3v//9Cy+8cLvttpsyZQrpG3PmzCE62U1PViJLliz5wx/+cOutt6rPIdtss82pp556++23P/jggzfffPNtt91mpCdjx44liJYWqWN1/fXXq3f8qVOnLl68OC06mTt3rjqYzz///EMPPaTO5tFHH33UUUfpjI3dUyqVSGs89dRTqhvjxo1TVxpBEARBEARBEARBEARB1hk0/ouVE8Q+ZU5AVFE2h1BLVVwxCoW2POGBW3IznpvJwdTzIAcCqE84Uz+PUhMz16FyKwIwRgxSZ7fpx75392trxfL6v1FT7hi9CGQO8lw3k/G8rIqXlfKFoFSKwiAIQpGTmWxW7WE21z56olPoHNK5aqUPFXwQGYD8RPdF1N1E93HJFjG2HGuUtel3YtG7ZPPgkFgIoq4j5qlrSB3hoFjSz+FL43xQqTvRQWohyrYgZnVmXWjMS1jOkhC2sT+RstpupXknSSs49iYSUl01quvQNuNUb5qY6wOeSmVGZJMOqENZZwSyOUqkifPbV43OirR6qioZWUU6o3QrBEH6gLkOGWOOA04+IEOJIsm5MPPBjcSkMbNvGFLKFmVN9k6WMl09yaSV1DG6EzIwOHR7T8ULF6/qZnx/811bYdfNnFaORcYhO07lz84CEc/CFX1688i1tZ197o/qLlIH0yhODCeefHqTdnqkOCHa1GTSZ6YSBEGQBqwuyvv+B4K8T+3Rmxwx0+fAusM7KmZGgtwxHULUh2639vLOzFoYXX5/sUkF9bmPVw79hYD87Umwszp614p+BlH1urtMse93L8wHHeLGo6yvyTG7eY+95s9aKP71P/+IHQZukp3bbrvtjjvuGDZs2KmnnprL5S6//PLjjz/+X//61yabbHLCCSeka65atUpVvvHGG7u6ug455JDDDjvs1ltvnTFjxre//e0///nPntf7fXznnXfmzZvX1tY2efLkVup3dnY+99xzd9111+OPP27UtJ/73OdOO+009bFnzz33nDlz5pVXXvnEE0/87W9/u/3224866ii1R7UeKupLS9UHmDRJlkBVaJJyznzWIgObFStWqDN1yy23LFmyRPX2y1/+sjqzVQJTdbrVyf3Pf/5z0003PfXUU5deeuk111xz0kknfeITn2iyg5tttpmavvDCC2+99ZZqoUkf1KGePXv2FVdcocrNUzIhCIIgCIIgCIIgCIIga4QkeU1FOJvaeLWMrSK0Z4I17kgSJuhgfShC9VtcFAShr2LrGS+T4a7rZDzHdbng6mcyylUEnctke+XpGt+1Mq3F2LUWxqQiUQFTqX7ly+RyrucF7W3FQtEvlgI/EOFqVchkIdVONpeDLEMZt5gvFDo7/UJB/YnI/rpoj6dN8FKzMdoPh2EN6ULWoNyk8qRUHYM4Nk2qtBOQHEf/bmmWQnQ7pelJ97YqNUdiNkOtpQhl4JOiJU86qq1FHZLq9D2VHWhMayfOMaIq1a7v+yoqr9rmbjbesQpLlbIWJNmEudmEcSux5hKpPa3XBSntnZpqt6ZavKxVAcDgYf3bo4GEzdCU0nNplyCYqeIEKqgA8ZhIqDsz1Jl3QGcYD32J7oRU6kgqN1DPZiveXioRGk060yQ8s/bxONl3y+6tO4bqB9E9t2EahVpUzeffjMKIjOrA6xtBkPWQu2YEpYBMGcP227LVgfHie4sLlgnPISvzYuFymLNX5aB65wxfzZ88mu06de2F6pesIg+/HPZolX/9z19VIFtMLPdz3BCq9mt1gVz57+KE4dVvc28vF0++BpvYfmMr23c4OeWA3I/uKJCByooVKy688MIHHnhAlX/wgx+MGzdOFUaNGnX55Zd//vOfv+qqq7bffvtdd931tddeW7hwoVr0hS98oVQqdXR0nHrqqRMnTlRzvve976mZs2bNuuyyy84555wWt3vfffepT+C5XC6bzRaLxbfffvuvf/0r0VqEup8fVJ37779/1apVq1evXrRo0csvvzxnzhzzAUZ9zjnyyCNVb436wbD11lv/8pe/nDFjxm9+85vnn3/+73//+x133HHUUUedcMIJaenJ+eefP23atG57u//++zdf+otf/IIMVNSpuemmm+655x71fUe93Guvvc4888ypU6fWraw+v+2jUYdXHbp///vfF1988Y033njKKacccsghdb9/qkM9duzYd99995Of/GRbW1uT76jqJBp5kPogeswxxxAEQRAEQRAEQRAEQRBkbRMrSoj5CY5axUnaLQGSHIA3AzV14nw5Or6tNSlCqghkoH7dC8MoCECHEXiO53FX/TncdbnLGXekTpuSipvXC973Z2CNJgF41UXtthK/kvGz9Klt6sioCWhCSRrLDBWOTPS/AAAQAElEQVRU5fCEGVf7kw2CUikohmGgYqt5XlKlMNeWy7V3eJlsJpvNq58qBQn9EtEZXOJAq+mGSJIVJVus2FnZaB9oNzNpf6hXGlApdUjPj7fcQ9KXVTmrTWpB1cZisQjMB/sZSKxD/WKR6GsO5uufjqXQBgv6SJS9FSqPs86wI6C+kGYP4rw6cFKY2Zgs2/k0oZXD7cAdJYUxgfBLAUTsGfGykIZKGL0WUZekMLF806Io77M9QBxEMbTCjEXD4j0zq1jzEhnfnKkDSMwxMf4TsduJ3T6tt1u0pYup9qIwPUyvzFq4m7vX+DTYXMXS2v1uVK/JwmR4oCy13UbVW+p2i3s3KCgPl9bLBEpqzFdXuBoDwyCMwrDkl9TSbCYjokg7nWijKxqP9ZBbSl/blFblGrMFM9ro459cTkLn8iGxIVBa+zKgdCet8OUPZr/8wR6tQbbdiF91QkvO8wiCIIORtgxMj9vHa/IWPW4Yy2cFj4f8UR3k8Vetvrs9Q3bb3Nlni7LoRH3G+9cMCH5/+YAMW4tqva0msk/s1syH46d3Vvug/N9O3uqieP+Ucuc9h+y7jfPgi+F9LzTUr4wbTg7ZtryhHSbx336xfVT7ABUmXnfddQ888EB7e/s555zzwQ+W3wI322yz008//ZJLLnnhhRd23XVXk6dPzVc1jz322M9//vPDhg0zNTfZZJMf/ehHZ5111ujRo1vf7pNPPnn33XdXzZw6deopp5xSt342m3344YcfeeSRZE5bW9vOO++82267HXzwwUYrU8tOO+109dVXq2395je/mTlz5q233qrqp0UnjuOolknf6Iu/y5omiqKf/OQnL730ktrTww8//Ljjjtt8881bWVGdi1/84hfTp0+/+OKLZ8+e/ec///nAAw9s5Hfywx/+8O9///ujjz6qrpMmbarPh+oi2WKLLY4//vitt96aIAiCIAiCIAiCIAiCIGsbGT9HLqRNgWMEGbEPRRzf0/YmuqZMhwnNehD/k5GQwo+CUP3oE4YZxwGzE8eDRDVaepJhrgMJdzilnIJKxVpLEB0JNw1COpJ01yD82OBnVFkOkWtVR9JCojMh0tq4UBOdlOnH5imt0DzYlWEuM/tEba9MGhvuuIw7XibbFnilYj4f+L5fCsJwpYq6trW3u57ncIdBKhdeUj+cBqWgVITH002KFNCvcGplLVYcEYtPyiHZKmri7NZ8hjKaqpCsR9Mimxp0/J/aTcp67es0SFaLYw8RsRohmT7npPIYJ1uOi6Ty6mhEjWQhkYbQ1AyTiAmUJXAgOVMXkbqc1LzQ99XhpcT4KagKPD5CcBBs9hyQGsV7UdadEC3x0H8s2VsZ7zvR4irSTddb+GmfTv/GJ+MDCde0uh0cl3vZbCbrqT0hXKf9oZIZzwbTqWrpDSieoPsMDgEzR6Eye5D1haGxhqTG6cX4UZjGHWq0NdChlPapst/qSm1BTdRKnVZEJy3SL947srU2ZAtBKn1Pk35igConmitmRGTFS8IQhuqG9ANfhR9gFORcxUi449C0gofbJ7NlarjQpj7lUV/aO7UsOonMSCnLyqtYhaZr7vU1NZk4oQeBKMV7neuPGAhBkPWbMf3kcrS6E4K1QzrayMDjxbejxLqjFfI+WdZlh/EJwyiveRedt0zc/7J/4r59DfbX5dcPFf83Nzz1oNyOk2yfVf//8GhppynshL2bbfHMG/PqjeuST3d/ChaulC+/E0Y171QOU9cD23YjzgeP5DKfz//0pz899dRTJ0yYULVIvanfc889hx9u87v98pe/3HHHHffee++6yoPp06fvumsP8rvNmTPn4YcfVlsvFAphGI4bN27SpEn77bdfVcKXNIsXL77rrrtGjx49RrPZZpu1ntRG7cu///3vefPmHX/88WQDY9GiRbfccsunPvWpRtKc5qjPjbfffvv222+/1VZbNa9pPm82qaC/Kg0yOTKCIAiCIAiCIAiCIMj6wYKFS9R0l4+fkZpH0xH1iuh2Eg0nTKZjt+WQoomAgzzALGcq4uiAzQkk3HHA9cTJeNxzmcuZ62iVgEkiUn5wPiYOdurH2gmljSLOiXgiHdmsFERYrOgkTs5AGhErMsp+JOm6Vp8gI/XzZaBQIVZfxUtd2MdsRsVYGYOn/QuFovqRM99ZzHeJUNiDZzUw6d/KqJTdOThULNVKAVp+1F+fiMQmw8plGjTIZIWBQ932bSC3nEcpdSjTyhhaFZS3vbA1Wo2OxMFldWpkvQxE8X4Ru78m0qxPQlDyQ98PS746vBXCFyHTHizQTxa3AoITksp3BGY0MvY10bY0xKTaqThFfTCqoP896xj72ygV0qYIYq4Hl4qbAR0WsYIQI3XSZzQJp6fuPQqnHFZP607SFaT1MrFXRC0oOjGg6KRHdCM6EUbSZxNTqakMo0CPi2oQVOfL83SKNe4Y5ZO+yOM9jRVeZvSqIzoxdlR6xSjZnipH5bvT3gt7wxsYik4QBFlf2RBEJwiCIAiCIAiCIAiCIAiCIMjgpZHopMIIJLEisTIEFR6s9B5JCxm04Ym225BaIQFaEBUo546rLU8yTibDPVf9ORkXjE8cDroAG0BnFc3ErRuhQTcRZ716uYekzkNQadFJeUO1QdWU6ITWdMjWN/YuIlJAop0gCH1fNQxqgmzO81xVL/D9Qlfn6hUrS115EYU6O4QJ8ot0/pduw83pDifqCa07Mf1ZB6KTJN9Naq3ei07M+S8f1np9Mwl0EnsDAiYLEYS3i6Wg5EsThjauL5WiE20RQmOzmwoxhYxNcKRMOSiYgiAynWSnt7oTR2uqZKyVAb8b4xyus+ao24LpGHysrxKy7NZTeZSMmQQVBHRaUjKdryetOyHa6YT0nwgCQbrF3HHJ3QGDPec6zxrM0ndoaJR2DvidWLmfvWiFJMkc0o3sjmlhi4zFWKYRLUCJOOd40SMIgiAIgiAIgiAIgiAIgiAIgiDIusUGDcuh+iRLhxVGpBQSNiqfqFH0HKPwSOQMAsqJS4iI4Nn0MApLvpsJoyDgHpidRIGrXvKMR7mj/qOMkfLz7XZriRCBkm5MDqCH1HSDVjmT1C1X7FF1WyTeOVpWG1C7KBE2aGsVeM4+47qRF1DOIrA9CSIRhSKXy2Yz7Tk36zme17lyZbErH5aKkHUIYqdEp+AR+rj1yuCgHOpdU+HWxHymSm6xJrwB9LmjLbVt8uLEcgvuOCQDYoyIBCKChDjGecGITWic9CktQKLJxNSh5VIiPNHGKNIIgyhJ8jNV08qhd8AygyWRdXs96zwkgRM4wnUZre90U47N21NtnWDg8qFcTXWPQWhiXGJIrE1p1p1upVuDn9oj0OtdTjdV20hZptSgQqOmmjTYvMLAxAhB1EUo9DXJOHNoWU0SRZF1MNJ6lGREjfcOrmAjw6sYCJO3okRGVSOxMrXi9hEEQRAEQRAEQRAEQRAEQRAEQRAEWZdUKEh0KR3HS+J++klzOy8RoFSoQSqifzK2HaHEek/IoOhHYcjDgAduFHiq7IQ+05lpHBV/59o0hVoBguyRokIHOXVYXaZmVYcjexz8rdg760MBUVJmdg9sKnTqE+lls6HjREEgwrCQzwdBkM0pMm1Dh1LO1VI/XygV8n6hEGllRErbQ7s10kg7d9Tu9hqB1lwU9V72H9ZWpGGoPUmgE+tOwLeG2bi0D/oS3+bKsaYm0mT+0BeETFYHnU8cE6ekysjH6k50giit89B5w63CR9brT3c4qYq6Dd0ZoSLlRATccb2QURduN0bLbVKSaL7iw1G+lI3lid51wqpSwHRndEJb7fagJLamqVVvmL9Wr1yzuhBVopPqocBeK1bgZA9tA21KXUFJhaioSsLSi26nO9+iDIOWO99LZEpCkohCGAX7KhJfwNoMKjRuJdzqTpL3j/JbSLrL6QvV3sAk2U7sdCREYk1EEARBEARBEARBEARBEARBEARBEARZp1SGHVk6qwxJx+bT86qQJLEkMa8hYEpsmN1uwiQJgewiOi9NGISB7wQec3mU8b1MzvE85riMc5uoJQ6+l1PbkOZ7UdUv2WR/exqpTNeXtHoRY5y6jDEn4lzvWigiWSwUVdF1XO66bUOHZLPZQpeX57zY1SmjSD/jz8pZcRr5acRdrtgdKWvMX9igERTUyctDWiIOwZuwunXXAUGPTs/DaVAoERKLTUhZg1G26ok1ADaaHxv3kMpwdlkJREHWoUUDDBxGqmjheDsV2W90u5HuuYqYl0pF7nAGDhC0nKFKVVLBdGt/UnGZUvtHTUYlLQ0zuUZobHIiy+qauLG4QO1eUpqkFFpzCqI1RPObVstxoIaIJRyQbIpacRIhshV1RaIRCWUsatDAaUpJfIROIWPEeXorNkVY1VZsqibdMRHLSkxFzlg6k5LQm0vkKeCgpK8+StJXJ4nTyjQ8GjLZBdJQfVJOO8VsnqxeqFuqt5vy6zGdZJypgY856r5UA31UCgNXqw8d7hCdeScWqVB1aGjlqGq7zaxXSrnTKelVVQFBEARBEARBEARBEARBEARBEARBkHUIpLaJkSIVfW9MlamCDXqTisChjXuWpQIySbgDMceQ+qWSE3qO50Z+GBZLbjbrZrJOJsMchzGuQrmEcqvLSAUXVXOi4lX8DyXd9rx3oVUbmq08AFXRTrVYddtxXBU9jtR/YVAqlrpWd3Lu5NqzruuoAnfhT8Wn1TIRhFEYae2E1LkjmLXxIPXVDDRljVIjQNEaDEr74ntS4zIi60p4KKmUNfSFGv+WqrNTfbKqN6wtT4h2Vsh46sCqGZEfiNAG+MstpALikIWHGoca0wVZtSFKY2MFI+zR0gB9dGmFG4Uk5SxQjXEorTHb0SF2nWQnKuTzqpxry5r4uzBKJM7Sfj22W1ZllJbo0LiXVO8h0ytFVZujZcsaGssQBpnWpBWM4oTkhrXtcIg7cuNF//xV5HcxBuOHvvN4j3QnoZTDDvhK4Z2ZK155hIQ+SJrUgGQ0GvoQDnn/Uc6wsUufuS1YuYjBUqq24ECFynvGKE689lH7n1Ja9vaCh/+kTj/U53CSjU7FXFi0ffTo/U7IL3j93advJVrjojOOMVPHaFAotXm9jMOKMZ5KX8HWo0V74eip7kPlcGIGCc6p3gTsk6Ptmlo8OFWk8lOReHBPXElgDFdvJ5zLMIyEFhrC2E1F4okioItaFtTgTCQ+KLHhD5WV/eyjVgZBEARBEARBEARBEARBEARBEARBkH6h4uH8mkBeK8+Sy9ito/wsemohJakoetw2KAOYCIqRCMPQ8RnnvFB0sxnHy2Ta2txs1nE9xo2owBo/SGvnIG1z1KgOaNLhcvhSdrOnTYKVtGkam8RLokqhYWLDxLhjQGhVh0zBwCAoFksquupANhWvTUd4C52r/WKR+D4kWtGBV+3PYY5ilfAi2VissbDeB+mN94OMoJXoLaV9c1OpPPippmiLmywrYxJXBX11Ue0XkmnLj6OaRgAAEABJREFU+ZSFxI+CwMa+pRWLpPZOkpSBSMVe0+R/HYLnVOi4vk4MAlcrnFYdyDdXYCvhbqd21zijMhbvhEFYKpVc11H1tNZE+z1I2xmWDuinjoEO10vC7E5Ath173dOaQ1kxx9w2ZUcKsr4R5lfyIaNZ2/Ahu/7f2w/8Re2p5/KsC6fbdazuhDQ+b0a5EqrjOXZLd/hElh36zvR7iYjUmckOGx0WV1FiL4JhQ8Z4IyeVhBqyfNWwy3lGj1M0daUZjVIYidxme7Nsh18qrlidB9McSlVn1FqO1qmYysPf937eNswPgxWdBQIXCeOmgq4DZi0wvGhRC2WqkzBsCBKlMp6pbmXHbzpqh4PSPiiNnE4W//def8lbGcdRx0ddpLVymd5D43FMD8dqb+Fu4VwEgfUsgb1Tgz23Rym2cql1ekon1rGV7Z1cPomO46x/lzGCIAiCIAiCIAiCIAiCIAiCIAiCDDrSz6tTQRqJANIPmNcu1ZHGJJZv8zyQlAeJXiArmpI6rUSo4rohzORO6PvcLQSlUqatzctmvVzWcVwS2wJAm1RHW2nKDILaECSrCCfTGuuO/jR5oMkkPaesq6EqEM0yDnfdwC+C90mkDmuoOuU4vH3YUNdz8p1dxa5Ov1gUOs+EVp9oMU0kK3Un5U3RWkGBzWpR0Z2B//B/hRCkNSFLUt8mGLFzK06Ck/FM7hJtNhMmV0jNZRAbKOiIf6VvQlKC1B4QNLeJWsp9hmxKNUYkjXBqZ6lGQxN912IqkFz5gVYsuTSJ/Zu9FSmhFiU2XVV8XzHtESGTXSKEdGfys36E5xM5RdpsCIw9pAzCcNFjN298+OlDNtmJjnl81bxXM64Tem5bFtbgzOS0qRE30JRSRN2mkRi+xZ6q/O5Lj63uAiuathFjtvzoOVGh842/XaCqRtpGRFUo+n5X0Xc5z3pSy0Qks2l9aKJfCXluyGa7q8pt47d43zHnJs4dxrokKnXOuvNyNcBN3nRXNXfo5B3ed8wWca/KfXvvfw+tmvWs67Bxe31qyKbvr3tYZk37vU8zubGbkhYoUW91VzGX8XLCgSvLoemD0EfStwrVairXdfUBgYtdK4CgmuM4ZSUhaTw018sDZQ6hXb4eqqcQBEHKDPTPdAiCIAiCIAiCIAiCIAiCIAiiKT8tT3poZ1EVzifN2q9UgZh8DoQb6QREaNWrIATfBtBohH6plMlkSx2ZXNYBKwiXq5grZcYKBOKMKZ2M3YpM+ZGUo/OVhiR9/vGeVshL4plp74h4OcgIuOc4HIKtQaB2KfAh74vnuV5bjnLO1TI3XyrkoyCkzIHIeSRBTiOSZiv8OcqbSHa4Xt/6jj2SlWYqfSXtphOfne7j3LU2J5KYDBuyqm0d44bsRbqqL4sijFIVtGLD2OPEJaIvOuMfYRxTaruU3qIxWJAmxUcc665vmhLjmNA7iSPx5b3Skhi1cdWHUqkEkgh1CXiqL8zmRREpqxNiz0nSgk6fIjlJfF66lwyYna52yUnvZ73yQMNogNT/kdBOQvo4EC06UXNKQVRcNYdOv2+j3Q+duOeRc1/5b9Z1/CwkdwkzrudEIDqhZbsXGICYzeJlGo9Ua+0js+M3l1H41nMPFQsltXTYlqDkWL34rc6Cb8R0kdYD5YtBZ6GkBic4FzqVD3Ph7jUXG3QpEsN3+wjlbuQX1ZiWGzZanXI/36lGONgZVY25yzsLm+79UZ7JRUEpElGmY5i6DlT9wC8l1jvFUORLvie4n18ddC7X63K3fajaSHHVcnNkVq5anW2H2vNm/PvFe28IIceX3Hq/o96331GvPHrniw/drveX7nrkcZu+f/+uor8qrzYHg66jjUdkLJchvYJW3t5WnKVFW6p5uFI9EmizE3B/CUPJpRZaMTteNhgL0mYnVXeaJFLKPo1LLCXrQhAEGbAwVJ0gCIIgCIIgCIIgCIIgCIIgg4EKKUhdZ4hm6zRplso6wojk0XUKBWaSmRAVc9fBYxVFDqIwZAEYQIQlv5TPZnM5N5vNZLLchXwQTNeUNlcGIbEggFTkEpGV26yd2Seq9p7G+2s3Y3IAQXBbxXPB7UJFVyNOo1AFXUWxUIRgt+N0DB+W62hftXxFftWqKAiFgLW44woZxYKGcnC84vA17FbvdSe0G5uM6g31qOlyObbkKKuCeuKwkNad2GZNOb4YIB0JZSDYkKSUL6igcjnjkoZRKlKmKURbVqTrJFYjJHUB27wp2iWD6YQh0iQ2aao4IdrpRNbuA+csbdUSBiEIR1hAmboLuAQTE9C12Eu6vIXqptTVBL3SeYAaHcay3VD8snxP1uiAUvs8EJUnVnGiepgdCj4iETgIRbHyJKIiIFGJRPNe+M/IrXYfOn7qiK33WD73dQaCNY84Tsg5Z0azpn1u1DhSWKXuStfh+rTCeBSEUdtme6htLZr5zKrly9Qm1IKhG4H7yJK5r63sKhpjjhCci0hXKVid9zNuZM6pli8RVTDjkrqhs1vt177xdmEx//DV5y5a+M6Oh31++32PfP35x5647Q8Zl6s/z3VGbbTJpPcfonbivt+fv2jeGxO22uXQL3571bL3br/8bIfKjOu0Zd2sB1O1xXeevvPtp+4s+gFpH7vHF35QWLXitp+fpuabRDxTdtxLlX0/WLW6K4jgsBRBz0QKJX/5qtVEp3Yq+b4qlHyQy6jueo7qhpNRYw9npJ9IGxkZ36EkmY6RoSRSIYc71OYOani12RNWdkQpi1pModcXqstJKSQIgiADHIcTBEEQBEEQBEEQBEEQBEEQBBn4VKTXodVx8vTS1LzGwhSbCcRWJPUoVy/HxHVkUah/IlidkiiQkYrH+35YKnnZbJjLqWmW5FQQ2T7qrmUrulcqBMxNxgrTpg5KVvTYKl1663VSEfxvoF6R6eQv1IoUtJsG2Jow5nFHRGEYhZH2QBCSccfLdAwfpgKvxc7OUr6o5oGQoOJA1exGPJ/WSTrRD0KBOmmJ6ris9JW0IKn2nJTzbdCG3aOpq862oCPaaqGb8WCpkEGxRJJq0qpTyoqTGK3ZICaALbTNSGIdUk5eZNxQYtTVJLTuJH1P1OqBTNoSooPsFaqO8l1mfDsCrbPiYDpBtaqFMJJk8bHGKKnGBbFXOdUhfHXtM216wsoHA/41YpTkGMXH0xy+ZPeokCLZCdLfiBYuG9byduHIDB034qCvtlJ5949/hTTl9dsukSsWZjyZcU3mHRJRZ+hmkOnmjSfvLZYCdd4YpSMmbaPmvPPmq8u7Ckb4EumrpKsYrOoqeS5Xc7g27VAn2nMdOB2MshGTR2x3iKr28rRrli99VzX25D9u2Hynfbfb69BXn3nk3bmvSccbMnryVh/6JGX8xUfufGfObD+MXn/+yS1ffHrT7ffYdr+PPP/A32GU0B4qYcSlU3Z5IfqUqX86iyAi0doRHmpvnyiSBT/UohNhxDFqsCn5AYEbhBqPFj8QxVKYcUMfhqNYA9JzWlnP3AKMMUffDibDjh4WQTIFR43Tui5DaYzGy17Y1rPHSlG0Y1ZvcDkthf04piEIgqwRPD7wRKAIgiAIgiAIgiAIgiAIgiAIUkM6vY4xkjA+FPZnblr1L7Eh65QYAWLesrLBeJGMZ8jU2uXIeCwFSFpV8UmYo6KlOuSuQqhCxSl9P9DSkygMMrkcd131Zw0zTCobKzcxggA9lzIT3I87D74jifLATqsVNrGFSoVpSpmGUdHYvIWklRBS2mf0rTQGQqycuyr6qpUNkB9E/e96mY5h1FF75HQVOzv9YknFr6WQxsMlWV2Wj5Dpnoh3ThLricG0eMDIJNLWKAmiZk6dPUqJLWz7tdoWUqNEobKOXInUrpiW7FR6uNRswap4qpcxKitT2yQyICpsf0F+4TheW07NDFV8PQgZKDmSwxV7pOgJHGqmTXfiy9QKUMr+NdAPkCQw6z0Dm2dW1pS6quvsiqOj6qCGiaKIJO3pNVmiu9FrRmEYBIHrulRCzinIzkJlcsalPQ1lLx37L4TrwaxFV5dJoqD4AJavRUKT69p6Wmiph8k1028uF2sUc/OKMIi6lpv8NWqO1zFc3VaFVcukPsIyNhpKTow2N6Hc87Idw2QUFlatsAMNJZ1deal1Seql68AxbNv2AOpmls2buXTBW4FusGPMxpmOoaqw7+e/nRxPdRur6SEnfh+ccsqyJLJizv8WPnajy7XdyeI5YvrdEcssfH0GZJUhpFTI/+euv2y394e9XEcYRlO33/tDx3x17svPPnj9ZW+++EzJD4x7x7//9rvOlcvnvPrfSAj408IRvRNU2+xQhzMZX8Mizi6UHCU3194+clwImhOZaRui5mTah7SPGg/aN0a9bDvRLixhpO4LERrXEet/029xzUphFzUDs822o1P5gOWTxt4BnJpFTdpMMmDpUxyrqfpgyOOheQCCIIMBzyEIgiAIgiAIgiAIgiAIgiAIMiiII/fgsEDNQ/TJonIdW5DVC0ic/kPWrVmuX1cLQaxrg1kghSRpPxEKrwUJfBV9DfzQLxUymUwul21v516WccdoBCTIAozFiok408SswjZjcq4QmupWfYlEpaaiIscKadT9il1I9kmmDmOivaE6/KplC3oWOHMw2BHH9dxsxi/kC6s6ZRhBiFXHghlkXImf5o/lPIlyQMa7l9oQbdGZpKwvqZlJSB1PF6vVSU5urJiI015URoAbyFkq20v9ExeN/qMZDcLjMhbV6LwbRMXmnYwHlxNcQObSNsfR6jfiE0RNPFtqlYfRmFBtcUHsNWuqQxYQI2gwR4Lp6LlI20TU7LJTlpjoiHvVgSi7nggRERIFYeAHrkd0rhOjqJJJ8h+tb7AnzCTgMa4sarmIBDXSI57KaEUr/GSSM5m2PyFWZ9XMZGJAoXYnXLHo7dsu7Cr4q/KlzqK/xYePm7Lzfv+956bXnnlIq1JAjQJpd7Q5hhoUHA4akN2O+MwOB378lSfue/rOa8B1yOU5z23PekNyXhBFrmAykO7oKSO3319tZdGs/xX8MBKSMzp1lw+aDVOeethcHy64AuL70FwjoSCdhVLGVbcyV0c6mPtqIRDtYybRoX62FKoWly2a8/Atv1NVx0/dYumiuUGpMHmb98945B9Dx0w0uiBzhmc+/YD6d9yUzT2HeerK6XxXnSBHjQSMgx7J4UKnWzAz1Sqew111ueuZm+60j/pLH7Qd9z1c/aXnqGs21IcokZyQNQBNZGvx1aXORKJHEaCniSituCnii93WqWt/EndXWilhb69cdZN5nPgRQRAEGbBkHPtpEUEQBEEQBEEQBEEQBEEQBEEGOBVyCqr1DKJiebwIpjJ+6j5doxwGrG652ct04/HqMgk42s5oSwMVRgbjEh2nDEp+UCz5RT+Ta8u0tbuZLOUQXFb9NoYr6h/tREGlsDkoaLpnxkKk/m/4lHRjcEKJTQSRZPJJmW10H7qNVQ40sWaBXB3QH84yuazrumEuR89PfBgAABAASURBVAnPr+oUYURVTFsYzxMaO3SIclqW7lUlPabKPkDWbCF93HqkU+hO1VAVz9dbr6s+sXNpxdGWMjkeaQkId111rEPmh5ApBSxN1HrGkcXYggjdkPWcgTlwCen5EsROJpNOcorjl2ZdUiMmsQZBKW2JQyr3vOoSSa8poygMgtBxuPpPNUqtCQnR3a5/ps0+w/0Bu6WFJ/rCpGlxULx1UTZNsVmgtMxBJtf8INGdJJj+zn7y3ik777ftBz/ywmP3Eq0yUQfQdZ2MEaHZC5ptucdBar9fePjuYil0tKYn4yYHn0TqEDruRvseaxr1g7Dkh6qQHTZis91hxbt/9e133poFQhQ1BEl57LcunrjJ1n+68KwFb7zqOiyXcYe2ZTtyXkcu05aFVD1aCiK3/PCXvCEju92Ro065oMnSruXvPfK7b5trnIHyibnECbkVu6itq/OqNuk6OkMQISsXv71wzsxQm4iM23jTsZM3XzzvjYVzZ+kjRidtvu3I8RvHPjFrTnBShtpEY+W7gjMeMfA6UX8sNtmJ5SaxEqtWs0b6//rsyNBl+TW8/wiCIH1ADVMEQRAEQRAEQRAEQRAEQRAEQQYDsmxWEr+Ic3Foan7xXrM/gSc5GZKtGUULKE8glKqClSHkIvELpaBUynUMzeSyzPUoB8GA0JlJSJyfJm5RWn8LozjoJWkLkHIQ1W7CJMFpLYJLU4fW5OcwYVaqwuUs2zF8uGqlsGq12lMVixVguMCtsYi2xTBmG5TG0hlax+2k0YYbLqkSHtWjD64CvaB8/mhlB4xBic6JU0fqFMtmqJHyMAqJUCDIXvLB48OEs8EsBNQmRmtikzxpkwwjNSEmw44xUtDJd+wJSuxzKo9G+ryn7UWc9FyzwNiTkMo1TX21KAgCMKxgnJlAPdNuDib3Tyq3kjFpMUmu4HKncbuU2jwm1KYCSmlPqPFoSYf/bdqd6jtu4GL2jzOhjpHncPW3asnb7815dczUbaZuv9ucF59V+65mZl1YZEQY6pRO2P4D2Y6hb782Y/mid6gWhHguVMu4jutwrq+ksXt+zO0YYbbiB5HRpmyz75Hc9ea9+NTSt98COYtWk/DY0oc1lemI+JJ449n7CvlCZFPJyCT7jxF8xMnMiFbNUb0FYk6G42W22wccSvww9AMeukK4Erqb2jSNh+4kq9bit15+9Jari2ofIrHnEceOnbz57BefeeT2v5j2P/y500aO3zidnmrtkFZvge6Ec51hp3w7pC9LalKjVaxC1kRfOSNDsnR1EXUnCIIMRIZmKdqcIAiCIAiCIAiCIAiCIAiCIIOFJHZqouw6UwyR6ygQFz8Vn3ZASV5KHbUHVweQoASRehWpgGwxm21rB9cT4pHYg0LKRH8gKtpo2dKhUTqYmnJNh/U80pRYMKHlI/CUP4XwK+hOqNeWG6JTvhRXd4FZCxWxMECLD0SqD9ROaWqbcVd67wxgrFxkzf7QtCNGy9cH7f5w0+YrWtFF9YmjVYUqPZG5mBnoeJiJX5cKRfUPJ5AmRR1zKVJGJuArAooeyFSjJSnEZECqOhCx4QnREpFEL5K4M1TF8Z1krWSZCrdXpOQhJi+OTZcDohPIBsM4gWwq1pKFxU3QCl8go3ywKiTzl1juxNqxbkVWtt+EEDnQk+xQfZbUwXE5y3pOcgjnPnP/mKnbvP+Qoxe+NsPhrD0DeXNyHghK1NIgjLbe+1BVeO0/0zwPLoZsxh2SyxhvkpyratH2TXYctvmuajBZOv/10VO2CaKoFIbZjpFb7XmIOiv/u/9vkJHHgSw2JCU3cUH1AhYjWc/NuI6aelrsYkRDSfdmPnrXsiVLigHk6zFyE30BwBRUF8Zpx2YCYhzWZeZE5DqGbrfP4WphEAq1th+F7dlRw7fcHdbOdEAHMtnt9v8ogaxK5I0n/2VVLbVnXMYjVMWgusYHeKtiFPa6Sk+55I7jqKvd6E5kOiVaXE02zn9mBriU51PvyTok8mjeR90JgiADizaPZhyCIAiCIAiCIAiCIAiCIAiCIIOGlHmDLjMThE8WV9QlpPx0fnmmDrqTlKtCa9qO2jC3UTxobUWceUGK2L3CqAFAH0B0pDIo5KMg8ItFyLkT+Nn2dsf1mAPx+iTQGkswbFsthtUrk6KYBmTd3latlU6400CZEduuwI5QY9sBEVewM9Ghf86M7oRzp5gvRCreHITMts8IM+tKqxSg3DagTTmSjpDE8KOqCzTuQlW30+eria3AWpIlsKrLi9RoSuqhJRaQjsbsjqTWNIJyz/XgyJLQ/3/2/gTOsuUq70Rj2MM5mTXdQfPVhIQEGkASQgPYj3kSQmAQxjb40di07bahG+z3/MT0+LWNDQbbtH9ud7vb2Nj+gS0swBhjQGYWAgGaJTSDZuneq3tvVeV0hr13RHSstSJix97nZObJqqzKqnvX/6ayztlD7IjYsU+lan35fQvwO4H2jUy2IFj3V5DHFAwohEHFCV0v+YA4tK9IE0vFca0FeYy4PrUmrZO+XpRvpUsOvXLAdoX+BA8fpWrpO63CbYUHUmZzn4lLqAH/OBgnrVWlpJiSIDFwos8dGszSAHx041pJw7slwXAW3009Qd8RreH7zsfePb/64GOe+pn3PP0zrn78T+uq2KrLc9OqLmD+9R2Pu/T4p/kDHvjTd2zVYGxyDhUnF7cn23VZFv6J0o/9vG/0R777v/+Uq87f/eTP7Iz1X9t3PlqV5Qff/DsHl+8rSzVRBdicKFiaGtNtpnUxrau61Ocm5fmtyl9xa1JNKv/xA+lZnenvr3/1dd/1j9AkJd4Kl77Fjwk5CER69Y9+t7Hh3nX+E8BY/6WnFx/1gq9Ks1FOtl74lX/RvzBt8+7X/aI/TOADED+D0qwJMbrtfkkpeaPv8uqHY3qh4N6R+srQYRid1ru2pKgqeqLyRyU0LoJORVw325UoldxdnJXOkmEYZoD/XLswlZUWDMMwDMMwDMMwDMMwDMMwDHNbIbPSugoRJjLYP8DmFeGCXGfs4QYF1fUMNBnp2FDvF6ttxhd9vT10SRrhlC+1+1Kl7ToLZWL/X1dvbdXTaVFVoM+AkBRQCgiZNDF5sT7+Kv64S6ucoLIpM2nASCmxeglUe8isJzA6VJ/IerrlS7Oy0MvZ3KEjArUE6RvOZVIaFy+k+qucUDngki3MoaM6yRScFJdPsNyo8kv6IxnOplby0j35Ufi5IhsFqVVR11LrxZ7tmiUqPGSmHiG1CkxxNMoRYUEqknj0yzVVunv7EqVClk1UkvTxOrnWZBggIvucnWSWgoKXrusEGqKUJSQDqf5uxk7IpIBJY0eZlu9yB6/8ublQZjTXyax/fNdJqHILm51E3xZZKOUgh8aCQxBO+yff9ptP+8I//7lf862/82/+gVb44ChFTiePf+nL/fePvPk3Ku3PklUVbU5AIAK2Mp0x3ezq5fe858Nv/u0nvvRr0uUe+MgH3vzL/+GT7/pDMCDBKJ+QxQOxLPCw+S1bIFvRW5N6a1KBvUpd1qXWeCutcM3+ZWtBSeHPuutxT/atPPiJD8VPurEYiLKO/Iu7n/AUv7j9UcaY3YfuP9h5UGBIkP+a7zzwsTf8PLwuzz31RV/RzA9e/0s/DaIqJZcQpwMr6nFPf+4XftPfxMPFo+/5NL/l6c990bmLd+IEinue9myaSRUkVzf8hsuha1b6tPV3qQBVkMScHTB8iV3ptBbJ8iQ91i4GTPUP1HWanGRUhbhzW+4v3NIIhmGYM6TW4hyn6jAMwzAMwzAMwzAMwzAMwzC3Ib76BzVSMBeRsfiZm5+sii7GlUoXfu887RYbXReOs1ROd4ONfcNixS4kOHzQZaHu7t93dumgzOrrl52vIZtqMvFF4qIse90M9lEKPerAYb+Nv7JFHj6ENbig2lF5HI5bCTCB/BepSKoQJ1BSUdZXZCd6S/vv21v7+upyfwbJL1B9NqhDkKRSIKkA2cOExkfKgXXWJidmNEwpTq/eO75SejX0MUhSkpizk3wTXL9Gk6pj0KKGuQGxjtDVdOKXiDOWpikcneV+OINmJslnAV1p0jyLXJ+lVNZVIbKnphed5Kk6Lnqh0D4QTZBHChaXrHAaz/QbO0/bdiUA5fmQmBOVP75DstdJJfUJHmNCfImGhQ7tq1C9X79ScYTJSAjGgM/jpn5AN51og4Gv/dgK0OVY666++/d2n/nCO5/46S94xbe967/9W7+l8w+KtZee/WfOP+nZs8v3feRNv4FKFD2ti20QiJSTqqhLsELx8/bAG3/p3g+8XalQ59NKUkTOe373l6ZwmH8MQXFSliA6gcSr0BmFziukcZHog9Jrg7RSH/zl/2N/tlRm6a9FG3/2x/9/y8UiLQNclJlMDT9G/6d//Oqynvq3y9nez/zw35qUxRb21nfAzPcffOfr5k1rt+5+6ou+wjf1xl/7BX++7+H2tKZpufjoJ/ivfNIe86Sn+a98i8YoHxwjfKkbqT0ZaMGCMCsNX0WLIEc5O4j/QBSoR0EJnourMxNL0SzTyVacjiDON39hKjsjGiNaAx8R1t2wTzmGYZiIxM8frUShZa1FwQYnDMMwDMMwDMMwDMMwDMMwzO2JLnxBXELqCNTNC0EKBthDRhF40FCc4VZyauQovmGwK56V1dyTmAMEAZAaQ+IM5awdXih8l+mX5DMzDBSrYGXSmG65tG1nfbG+adrppJxOti+cK6uqsyHOJpar5ar3RGqP4hwGHdi4AL9OsOJPV1GNY9ecInpDlJTMQqIf6mhZ19Wkpq4uDw5AEgF7NaqDoOZNKoVBMAdFy4B6oI/XSf4d4kjGEiO5tsc3jpSqI+OiC3YmfXDQ4V1w6PWCKiRLa84al90WCUqMqm4Lvz6WsAGDWqCWjTMZnEdIzAN6JhtSPmxojareLobbBDegvJhug4lFuqQvnRfGmDxMJx2dvBzyqJUUNdI0TQEaB08R9rqB7oXchlKzLk4MXQ7mUuu4w4lR7NPKzOVNySxnZ3zgcBTijIiSBXhd6GJSubYz7/+l//uz/tL3Pvn5X7B3/8c++ZbfkrKt7njs4178Cme6t//n/7NdLrVSVVFMq3Jal1Whq7Ig2xJp5fLeDxRKT8qiwEnz3+sCRB5P+PRn+22l9nOJ+gwQlYDGhUQhdzzuKQ7UG3qrLrYm9aSGU2S3bHfuo6XjD69LbVxJJjIiqExInyQwYkapzNLDY+LHn9/mW/b9nNTl9tQ3Xk7LooJqpNSqc2HZCZK5+HZ8Jx/44Dv/+//5vSC4MWbZda2xz3rpV3zWn/mqt77uV974G7+ooEFF6plu/4offg3jBW2Nuim3crRgUg5UXFQ22QRh1I6BAzAhKizIGLjWr/moPjlFilDxvVVVVwzDMAzDMAzDMAzDMAzDMAzDMAxzS6JUCb9f7kuZrq9qu2AnEarVgyAIeXrRBq4viNP7sU0FfkvaASy0k0ajjyUJghjMoGkdSA26ti3W5V2tAAAQAElEQVSXS9/u5NyWQDcCqKuC2cRRHRG5n0Z+/euAIkEyF5hDD0uKnGQHEMU2crI19Xv2tZjvHuDefAKiiiZT4vTfT8IZ/lZ/dEOIbwW9DZocOZY84d7hueOd/Wky6TN8g0VZVpOp32yatus6tLbwtf8w7VKTf4KlCBQXZB6OJCfxcihDQYuK0LiM6TorFfCiruu2hSututyIOMhUd09KFBAfGNM0TYneGlprit7pzxHS0pqitZJpV3y5HvUyaMERXXRyQdNhSUmpffJHEZlBxWEHn6HuRETXEz/KUqu6KpYHB+/6xf/red/0t5/95X9p5/6P7X7yT1/wFd/mb/h7fu0/PPDxD/npKkHDoeqymJRFhZ4l9OBoCOLx2yErh0Qn/g/foOeL/+oPHNGBl3ztt61u3PnYuz/82n9VkE4FO4b3KCzYv/JD/24g3Fk53e8jRYtCMxLfo3PTatt/1eWk8qtBGesmrmzLoIyA9v0HRFVCh13b7tznPwaXTbfwX2232N/xh812r97/sQ+i5sb3BzQ30NqWfwmilqB7ETcJOdQ/UcgOvu7oMbEYcwWSHb/s8XMbly7pTeIsZboTwTAMwzAMwzAMwzAMwzAMwzAMwzDMWSOxvOecstZAYI2zoUovwu+ZQ9VP5f4XK6W+sT8IygXsRgXBYQERA2dGGTQupqlk7cWMHaznYsSC7z9m6YCzSWehZu/rl13TFL4cW0FARlFhxzLTjGgxQD2OepseJU6JUefHe4M7Sbg2OZeAJ4LToYelnqgtDT4F5cHVXdN0KCdI/iUyvwEuXEodcUl3tChFjrp+w1lxzSGDmWhII4RwR5iujLxzgiCHpErpfHqtfB1/a+JncrE/W87mxhpNNXAJrgpKKX+qs5IegWDDgA4L6LoQ7SiEU2Bg4+B4cdQUFWVZUnbJWt3JisiodzrxL9q2bZoGnk1/t30jmDRCrg/0wvZxQtJAn+LwqXJvrNIyJO9EtxbaPfacoGdVyV770ocPicO0MuIWAJ4TKYtC19ZOqnL3Ux96/2/+p2d+6V/83G/8zvv/9I/P3f2ET77/bW//rf/qjykLVWqQklBOTRE0J/D84F5dl8W0rtBKBBxB0GVGfuLdb1RDGxCLkV6Pfsqzqq1zH33/O+b7u5iqo3yDhYYXBw98bLZsQAUiRIk6F7hT8TPu4+9/h7+t4QaixUg+k31KElr8VKh9QY1ItQWiExCIoLTOBTsOCXIT/2KCtiV+aJTZRFfsjM27TsuPPFH8eCu0PKF5EGcH+Z2kR4Dydfy69qOUtp8fFEUqyQYkDMMwDMMwDMMwDMMwDMMwDMMwDHNL4surDmJtoGZqTOuLqHkgjq9xQqLNQGcytktwbuRQApVxlXQqaU8fnROK2vQb7HnxfbV7weIE5QCpvdzXw0IPhULBiqB0FeMr8G55MOuWTelryegEYM20qKe+yip6pwa1av1AvhFHVtXV2qycw4hNaRFCIvJriaGjhKWhUloKaBqcI72EvzeTrS3osHWLvQPbGuoJGanQ9+yS1OZgpqjCPpCbZJMoQ1LR6DYOJ+EmlnxDxIsU/d05qadBTOgJih6y5wEDBaUntQA7BbFcLIyByCJfgIeiNiZ6oK+CE75m35mgWLEoYXEyi7ehhWeD7mRoBJTmqcAyPwie/IVJdyKCRUfv9zB6kSxJfN29M2D/gNV2GdN9aHXIkdUQdQ3MVhw9Kc74AVintEo+EaHvFpe8FINu+/Nsf3U4RvllTnqzQz1Prs1nYrWlQ2yTjldDRLMTEFJMqqLtyvvf9lvbj37yPZ/1eU987kvmezuv/bc/3s2WdVWUEKejahSXgDYjPCES5R0CPUV0Z3SBnw7UoG/5ja/55yGFB2QQYD+z7MyiMV/2N/7Xxzz5Gb/z8//uY3/ybn/ktC7PTeutCZiI+G5MqwLcOnzHUOThp9FE/d1v/NSP7+7ut8aCQUuQfahMbgbxOpSwA04r6HRSlUErU/n38AFtQBlTFHRK6T+7hXvUEz+tufLJJ7/gi6vtiwIilvzKsU3X3f3kz/Bvn/QZn/WFX/+tvhsYr6P86W65/8C7f4+ydVDUdGOf7FWJIqm3RIhJ8p/avhsw6rbtcscdiogiFQ4s22g9JHqDqyC6YxiGYRiGYRiGYRiGYRiGYRiGYRjmLMGiI0kcpNVCWaxb++02JpO4XhGC4R6jQqIcReQEV4i4NzsuT1JJ0TOkYnEpOIfySkTSTJBWQ6VKu+vb8f+zVIDEYrvvucYipXFG2E50y2XXNqapurr2W3wxGWrUWpGQg5obCGb6YWXyDDmqmpoN65yrhjD01RfZYy7K8MAYJYRFdV/uJjsAP6ZqUl+8+w5fqz64smMNFGJDHlEoveIFYw5MHITr25dhKHnv3VDEE25HECUMtUSHSAzW+7jEGz1UJhxR3x5cyA2adUKukyochQudz7Uc8SRfvK+nE4V7l4s5uCoYEPEE2wUFQgGBNgug3Og60l4pUaDwA2x/FJmh9KEfg1Gml0XXdaQ7ofdH+J2kBuhZAiGYdAbCcnwXFC1+vF7vASND7hS8VmF4cABsNegVofEMihaKiw8XRDKBiS4/sU8uNA8+KhghJEmkEmdT3AjWS07ERkgckJ+usrCF1vV0O01vWU+e9NyX/PHrftnfNhqEP0CTgicOmJ40DXYp4P+hUY2i0YPE32RQafgvEBY5kLZJYay/NcFBBBQbaLUCTifgdwJfKF0KUhjcroQWpGXxPPNzv3g2XxgQK0k6QGXGTqRBs3i3fFeufOTdysywfYqBgmNdZr2ii+JZf+Zlz/jcLz5/92P+64/8j0/47P/X9l1PWJ2iJz792f4r37L7qY8++O7fSz4i16w52UStsl5RFP4WiQvQOvJoob+EKF7H7zfwWOpwt/wTZ2y8c3HhX4vqiWEYhmEYhmEYhmEYhmEYhmEYhmGYUydaOEB9vIDyqsOiOgXWkMZDGMj3yIQk8dfVUw3d9RIBYaPPRjg4/NlvHAhRRPT7yPf0OgnsAMXHuF6FkI5ykjQkjqQJaNKAERTUPbNsG+ugR1ZaI6fnbFHXsgAbB6jLBwMSmYXprChRhmXZXntzxIRKucYFAgvagvqafktfkcKGLhp/8z+7kCOXF4HVZihTT89hiX3/6k47X/pytDBQqMYRKBnPGLpY0J8WQzvCPpkPYfzn8SipVoZ2CElm5JIFy1B0ke5l1qEoegmrBVUg4hjSjK+8oAQd/B9IMvyCUVrXW1skWVguFl3XkXVEoQush5dF5VxRyKZtrenQf6EQLsgIYMnAyokyn5U7HcdRNE1D4ThFUVBBHevo/RCTzQl9t+hyEeeBVgXcdozHseDSQ/X37FqqN2EhMRYsa0FiI+v7LlAHIcg0QmZOKkl5kQmOHD670IRWKqySW7iyH8KOghmG2H78057+BX+pOn/HwdWHPvq+d3zmi7/oS/7i//T057/0df/hfzdm5mI4Dsa4oDkSrmE/PRbHq2Q/8Qp1J37CK0iiUSTV6YyDu6+D7qMowD6lLPS0KqaTcmtSTesSzFSqsi6Di4lHO6ej6dOf+Yb/cfPR/c5P/djsE++loYXR4idreeeTth77TL+h3r7woq/5Vn+PP/6+t7Wdfd/r/vNk+7xAx5Sm6RpjHveMFzz52Z/7J+/4w/e8+ff8EMA0BVJ4tDLL4TSKMwafEQQ+pAy4vdjUsSLaurh1sW6CYRiGYRiGYRiGYRiGYRiGYRiGYZhbglBbhrIfFrulixVwhXoOq7ECbVEioUQsjsuxC0ioVOchNXlYz/iqo1CeUBUfCj4Gx48aiKYNDntMJXTQnYjYMyy9t13rR4C+EX7LxBlfGPYVZfJuUFm0TX9Bmb+T7pTqstESRoreSSXzbckEOINTMGqHhuJfVvW0LGvrxIHdMU0nUJSBKpckthDphmYz1stNxNDgJB1C/gGnXMmVm0lajr7oKfQI5SGWPHGcKlRRFlJOSdkxPzho27aOch9SH6iiQLET2CtAzI3plNBVAVqT6P4RRDEiGcMMu1z4RmW0WynLsqqqpmksqLp6rUm6JES9qBD+ROopOgykEgY1X2CAoVPOTmohmvb0+hB/CTIMIjEVWH2gjUTuPHO0d0zubuQGC/dUbsZ1Eb1r4IXBSJrWqvPP/+pLz/4zvnOfeNcf/vZ//D8eeujyH7/hN172bX/nyZ/xvG/6nn/25l/6t1ff/+Z50xUlKEFc6cDXJJq5EDLabwhB/iWyUJDIM60rDMGBxKVl25VNRyKSaVVsTyq/7/x2fWFrsj0t6cgKc3P898KvFSes7G16/tu//MG9/VnbGQ0eKhDqpJMghRR0eM9f/PK//Linfqa/7/6KrQG7HciAEuL8879m+ynP9wvTH2za5Sfe//YPvPX3PvyuNynbbtXVJ9/7FlidaMeyaNr5oi23Lz352Z97/8c++Lbffa3v2KQszm3V56f19rQ6N61EuNzZa4rQUAs+48Dgx/n+B2EWKbRItiXE2BMoO51hGIZhGIZhGIZhGIZhGIZhGIZhmLMEw0IcVqcdChjgXcw6sCLUZTH6wVEB3cpQnncxI0fg7+CHWBxyP5HjaJU1uoJR4dtlaonVHJK1DKrheTpO8k4BdwPr2hbsDaCI2VmzLCbTclLpspbSSF0ISiEh/5Y+mKZv8hp0GIedklwt8kCio9qXIiZRxCgiTAs5f+mSf3NweUcoDNCxHfidZJdJli3hXWYOI2JC0sg1Y7Wv4vQ4coxkvJLPyeiGbtCTzarnkL1kHeTpYC27rCdTnNtmubQoYEBlBixmP89QBa9Kmoem8SsHlCdSFWRzEi4Kh5MvQ+4uA5qngsxlBKgHDES7oOWJQUa6k2RzkjchMJEnKFEsWECA6Mg/qOjDIWRaFi4fXpKqSDoNc3qExlygbP2FWU2SJyHcijzIZU4uFHFyumviGiCfEkgQsgCED9391Ee9+Guri4+xzeLdr/3p9/3Rb3bLdlKV93/gHT/9Q9/xJd/yHU/77Je+9Bv/1r3ve8tHf/8XD/Yf8Kd3VVGV/gvNSPDDKp9Get78ZlCQlGBk4r9rdOFYNp3WDeYviboqturSfz83qc5Pq61p7d+CjiTm5oBbjO0dZTyf+sgHdnb3WmMLv/JKXRVFiTYqaXQGFUnNbB9eG+sv17Rm2bS174BfNMu5/wi78sG3ffK9b/rgH795d3d/2YLozF9Vq/HzlV+XXiQvl6TeiCYxt4DwJIpLtPb3F1x5SJuFN9n2rjyjZ+yW6DjDMAzDMAzDMAzDMAzDMAzDMAzDPNLJAzdEFh+DfwYLDQnCFCrOGilV0KDEsA8ZXEZSg1jHtE4cn8xxaAl7c51H6GoKrAmuE04ktxUwuIBvprFL23XtslgsfJG4mm6VdQ2VWEXyGXV0l06XTC4zqhaPpo28OSgPRJFSxFe1hdbbFy8WulgezJr50jQm05fkDcnD5BhJcdJbrxztKnPNHOWeImFtZXvjIFVYhgAAEABJREFUOlxj03L9pEAjkCu0nS5LVRSVnJL3SLNspHXgByL6IBrKpQENlu0sGJ50vlsFhPBoIYZynmFSjYCwnrJM5f3OmKIA+wsarTGGSul50k2K13FRNOWvp7WGhBF8LY3RZQFKhwIULeH4zNtG5vlUtAPidiw5RZAGptc9ieEp2WznFf1BklKv8LppT0p+cZSOwZcx1fnJU59/x9NeWJ6/y+/au/eDb/+F/+vKA/f515NSl1pZUTrXveE//m/3v+8tL3rFtz3umS/wXw99+N33vuXXd+79wKQykw7UJJCDg4ISN9RswR1W5EeiJxXE6GAKj7Qxx6qCJJ1iUvm7UU6qaqsut0AbAiISCuABIZEcCMouPeYJ+tzMGKe19A2W6HcSrZbwM9WvS2uLeuLfkrFK0xoyO/Fcefdv3/vmX94/mO/Nl8oZWAUoNqHcHNCv4Ke1f64hUSlellxbdJSc0FojXyRa984Ng9JuPjJK4bTS+JeJ7MBciJ4c8jshH5R0xhGGPQzDMAzDMAzDMAzDMAzDMAzDMAzD3GQyN4NYvKaCtKPgDov5LpKqk5QBgf4h0ZchSFUkuSzQJqq4imFx8PDfS7/euqGkiwsXNQBYY4fEHCpJWqxrGmddBwXrtmu7rm2bRTM9f36yJXUFOg7srVVSizNH9lIRDJ7QqPWhQfpCsfC1atN1ZV2W5SVdFE7s+tKspTAKtFfw5WSMYQnxHtGrAr6lu5B5BgwVJ6dVxpXp+/oG01oZLQxy1Dndzrjc8gVL8341iK4rylJpVU0mvrTty9zW+s0KlpFSKfXIV7uLuvS9auUSDmpbmFCNcz3wqRjohfzroqoq00HLICboQuEcmsMjyMJBRFOK3M4hOZGQ2QPocpRs29a3VThbVKVAMYFvkQwhVAxPwpQpErJkI4eVD0IEqdD3h5QQ9ACHSJnwP5KU4GPeaxDwUyBMoZRSrKibbg7B48Tfjic8c/upnzN57NOpD/v3f/ijb/6tj77t9U3b+v1oT1IU4DQSNHQPve+Nr/1n7/q0F3/Z0170ZXc95Vn+a//Bj9/7ll/f+9Dbp8bWlatLHccXtE4w3woTdkAXokiY4j9VfPtVYWnkpEcplCwhUge+Co0SkugwgjdiMEt/7rt+TGyMf6JTvA4IjPwdbObSWZTCqKl/+DVo0EhQ8kX/y7/o5yn8CSvX//mSr/zzL/ryb6Bt6Y7Orz7w9lf/A794sO0kPTkzDYcMjxx8dLv4FwhEWnUdOQP5jzqlVPpbhD7UVj87GIZhGIZhGIZhGIZhGIZhGIZhGIa5+SSlCIVnoKtJ/xvkLkpJYp1aUfk3OiuQr4iINiEp0iWrWQfxgRxW5/PXMqoB4Ff9swNd+nYseZE9qizyk6nnVqA4xoC8wLWNwdK9qhW4DsAeKZJBSna6HDd2WqqMIyu82T6S74QuQLyOdUoXEq0BpufPwRFdi4KJ6F3SaxliUpAkwdAg0cVdc3rQIeNZ2dK37YZ5MuIw2UKmu4jVZ3FaSFSShPUOoTedv/9gHTKpnLBt0zSLZde2SsBGpTVMHqoIClUmOwqUpxh4TjTlTanc7ySvg4OvCfSf9CLWLJeuLAvCV9B9QylSZ+xxIkK7qGJQ/s6C+gHkRYBvzR9GeT0ypVGFbKsQU0LyMZBpUJsmPq0a7VVUmOJe2yLSs9ybBfUiGBK1DO5EXFc3N+Wkesbnbz/nS+Hy7fJT7/mjj77ltx76xIc7nErw/CiKqtD0VaKUxD/obWf8Xf3Q7//XP3nDf3viZ/3ZZ3zey87dfc+nf/n/8Mm3/ua9b/jPgiw2tMjFN4oicnD8aH0jMYRMUG4OzQ9IUiAvCW4R3grYlSJsEvn7D771d5dtC08vuo/QwfnRaBDlHvf05567dLcQYmi+EkQwVam3RVUVxuIN0qTViI9+FqolQGIn0tbMnwZEaabtbFeAsYqfuiI/4IxIC0kjAhY5TAhowYztJORMlSXIrXIl41mpZBiGYZhbit95f/sff39531Vx2/HYS+Ivfl79Bc8oBcMwDMMwDMMwDMMwDMMwzO0MVNnRgwGLpmhkEH9R3xe7KUwHVSZYCPflbF/rRCOErNZM2gXURtgUGRNjQ9ZYaKQXatSZler1icvZK+EsLtbQrYTLSWeg8u7rmMJ2y9kcbVtUMZkoDLzAQ2AS/IRYO9ZJjHp//TgS67h1bYZNVqDRBVWS0azC9TYovg5elFvnL/gjDnZ2Fgcz2xkKQkKnE4EpMC6YOPQzI9FM5fQqtqtTRJIROdiC1x2mubgk1Qh/RuGDiL415L+wgf3M0QqepKhANYezQVBhnVW4UMu6mp7bAh+QtnOoKwHbG3goNPmGFGUFRXB/omjJFqUIzVpSD2TV/gB4YfirmQ7SW0h3Ilo4okTtia+so3lJmxwm4JGzNmaNSJELdozThcaIHHBNaYzRmNYTDsgHGWc0yGtSgAr6WhSUUWJxRaD0RCmV6U2EHAqt+g5Qn0iZJvsVe9MUJ/46vtf77/ldeekJVz/8znvf+Qd7e3uLFqxkHM211nUJUTgQeQMTrFAn55admTftvOkWTfeJt/32x97ym49/1ouf9IIv+MDr/0tlTalNgZ99/hJmsT+7/EnbzCo/s2BJo/TQy4Zidw7u/eB8f9c185DOQ8qgdQ8TbfNtHNz/Yb+g3vyLP7G7P2vhLij0RwnWKHGAoBHqjH3eV/6lx3zas2y38O0XMYJHSxUjciCax6BKiVQr/sR3/9T3Nm03W7bzZbtsu2UDuTzwAtN5UHokqqLw81NX/rufomIK7j2iN686O1y2gMmGSKDuJwh58GPLgpMTBFQlbYpixQnDMAwTuU0VJx7fbd95Fp0wDMMwDMMwDMMwDMMwDHO7Y7rWgJsC/Hp5UZaDyjVUpem9SjVtKM865TDYQ2A5UFAdEH5/34VkG2GFHQtKhiVx4PC8nWzHtdZDjz6PskTaRUMFzLJtsVZdqcnEF5uh/GtIpUFWIQOTk1N1BbCpt4e1mXZR+EmwnwAVTYp/0ecuXiqqwu/1ZXOQy0Akh0UvDAl5KlCpVoOoIxFGNpinU81NWVeDF+tGJ1ePv9E18FCuxiuarpNlKUB3Uk+27HI2b03nulZaVaAAC2wXULgBMTsT2SrllkvTBbUDaA5IiyClyJRYDpJeikJZECSQ7qMDiYm/3x0YVNS1VkFAZG14lqhnLhqWCEpIwsXozysl6Ez8ddumcfTsWPA7kcNry8wrBr1sXNKcQDMGXDvoSs6grRFmwPSPfbYS+6Cf9F7E+C005RDrCv+5DOX0ZQGmvf83fvJg3rTLRqDywM9/0HCUelLSU1yQXEOgiKfsbOHfll1VtqTGeOD9b/ZfZaHKqkBtVBAx7L339+97++/MlstJBV40oFzRvbVJMjh56K2/sj9vbNv6a0GwDh522EgppudDv/IvLu/Np5V2W7W/CWCe4/tc4gPaz7ZA0Yl516//zDsxU2l7Wk3hErrEboACSgpaNrk0yD/ruoMlVGrTav/BrC164vhTQJ6CCTp0RYoKQqGMoiuTCOwWEW8k55IQGgUWMhrXraWNxhiSBwnUTSnBMAzDMAzDMAzDMAzDMAzDMAzDMMzZQ24Ivp4nQMCgqIpNbh/hiFAKJC8G1DsIcA3xFd2Uw5NqheEAXw8M1g/Ry2LgjCLziw+QMnmT0HtHhXNxDOkqfTNHaBdCmgjUM7sldNK0TdHV1kwgK2MyEWQNIjR1gTQAQaKR1AqnSBCVHLqf5lm6UPUP5gsydIdSgabntx0GhSz3Z744GwQDGJjUX0fJfApGr65xVOtsTkYvsn1iMCohV0+0QTuRrRZ3WnKYvlYf1B0YLeOnC71t1OTcNmTSdF27XPrV0UEWihVVBRZAsOKVLCjLBKQkkPthhTQYaBMzbSS5a1CV37foFFymFBU9QKQGattWot8JPmxkrGJtPK1/8vAPUD8FGwxblAW0CB5EEBtjC1TE4JzFcfVTCWV7UF24kKxEXiedXwTBmwX0Yy48p3SOEnL0rI2MTMJjHJUackWYkh8/1qycEphio6pCWVdoDQIOcg2py7KuwOwEo4hAz4ET44+1ugCFx7LSy8Y/6W0L6VowOSW5iMiQnuNPnFR+Pmtjwf5kgmqSKM/AS2PGjb/WpIKAJAFCJDUB7YhUav1I/SPom6qKYntS+be+ewbjdUiMIoeqHViLlixpqHtqa1JN6hI1NFGhovMMJozaAtcTv7C0XyBJX2KwEb/XouQorlG4qIZUIN9tlOagm4i4NaCbQhqp9DiFdQtOJ3a5XBYF3JX0SaHY7IRhGIYRkFBzW8frCIZhGIZhGIZhGIZhGIZhmNucoiwNKk6ouiegqqulHNaaRR8y0dc7sc4KChF0UxDOyMxtgVI9hqYmq/E6m1haSHF8kIKTh5+dHRW3UeHcoWlL1xrbWf+9W5pmiSMw6PpSYO6IoradUKuRMacLjUEeMSWZICHpTlDW4/9njVD11tQfMi+L2c5+u1gGgUocruhvYhI1DAUGIobwbI5coxo5cgByJY9FBvlMuH7e5PBI505j9odTIKK8BXvlb7ufQyjVO1CcmM4X8p0SCnYUmqZQaVVNJl3TBLVKVCfJZImhyCBIFr68L6wFmQgE41T+ZCNblDyA7kSg7gRcT8BaJ9TaheiDiGIXe+mGkqrQwuJZlPEDnUZdBKhPpMjNToLuBCUFigxMUFwmHbjeCFJJgNgCLW8ULPCjc1ZclC8IK1yIhboBXiaHg585ulCurvwnVFWCxMKBhAJcQxQ5gmgdVCJBBeIkRBw5zMrRqi5sWxYdSH9gpAWqVcoiJNfQ//xrCwE4sih0VWqlsslEY5XSuS0hqgKa8FuwhSIKSEbPAzmdgJbFOmisBdGRpWtpTI/JjyeNiMUPYtKO+EFOq6Iiy5Ve2jIwjcIINLJskSiCAUkSaU3s8IaSNkriwGF0oNQJ83Uz7+NaRhIlDHKDT6gCzFo0ZQ/5gXWiBactvM/+MOtfCYZhGGZT9vZn4uHICx4vXvDK29cAq93bbwXDMAzDMAzDMAzDMAzDMMztTFlVCgvYjvxOXJQiUOVbUQDDsLgsQ4iOw2I5bAGJCWVumGBLEWM9ZDQhcdZu0J1NjjkGd8zOXtjgSBoDPe8a66ehUVr6Sajq2n/p0heTKWNdhjiHs/+9+ug1k6Dp9pV4EBPIejrREMIh51K2i4bUD71aIFlRJKXHuHlxwr5sSpr0dbqT/pgTbL4WZP8/coGhC8TJ8bV6X82uJnXbtKYzzrbG+slufOXb71UalRmoXxAkDFDw6HhgUEWR6Q7IFQXcVILyA4dtJaWEoK9J1J3oqDvpnYXSd0c5O0GIAvkqSvhryxabBQFL2/o1OplMfAsGg5Ry3QlpF9APw+KooQ8gGUF3HDIsctKiaiGsjP7kQ4i6E5RhpQUjU98HPhzi9IDPIbxmCQKPotSKFBWk3ii0DHIT9POhwCOHn1QK3FyCyBg9CXkAABAASURBVMMoW2nlbGFsUMFpzOVRguYXRBsFWInA5Si4R0cxEd1aOB40G6pDwRHIffzVg25jXbdBFaTqsvQHtGhzQtsVfbQOHyKSWdgoFUGNiwQ/HOiGXHsN0BRZuAQJU8AAxgq7IjfJ+xMkL5rWE0h2VJA5ndmn20gsFVZsnKKyhE9hsKVCo6CmadDgpxw8NQzDMAzDMAzDMAzDMAzDMAzDMAzDnBEKAzrIRIPyRKjSjUVbCQoGqkeSbwAFgPTyBYliElKWKF8vhSovlAFtX0xNUoPNupPyVQQZMGzmhoJl9CijkCqKV2hLdAeIeTSxZ1CbjeIaAckWrVjs74HFxXTLj6o0Vk6ELipxWi4bQ9xJG5Sr3h+OyrTWGshywcEWRVFPt7qm7brOjwkUBSQ5GF2OonncIeqT02bN7AXhjxh3a8yp/eZqb0Xhku4EVoXt/OzBOjedKYpSl1W9tUWCDdN0puuCD4ovc6sCtQ9ClVXh11nXiqalMCMbRQgyyLREgTIGiTYjYGGhdQlyhrpulfK3x1iQjRhnSpCraIx4Aa8LGm/oKagctKQIGH97O0yTAV2EUla2jfEF+K61QfxQqHycudooPbFKgiIJOmRRgwIHgSrDf7fxXOGS8KwXIoyq+0rgydQU5mz1eU5HLutVlcBarYMbmq5E4ZpEeQiIS9B4xgWDmShPALlV1iC6/Ah68i2oTyAdyU8BuoCEnugoKkHljd8JihJ62iGsSvVrBlsW/rJ+pi2EJynqFsXW0FErI4E5BiEMimUK7VbUFaNJjtKfzPOGMn2OUITQtID5h1Vloa3d6GmmeaPEnsOygW4OND3wKugUw1oKa8AvWVjvslk2KDKBJ80/k2FyNBudMAzDnIDz57YEwzAMwzAMwzAMwzAMwzAMw5wee3vgsY0+C4WSkDhRlIJEJ6labTor/F4s7fVl5WSaIHorEwDqthJ1I2DpEAuJVozDE1KNdawniJXbpEdQofx9vOLDOkcpQGAvkSkVnIiRNel7X89WOrQdLmgtGBgsWzjHuC3rmymdgKInVvBx1IJK7lh1p35hqZukNnF8TqyvvQc5zeE4uZqwE5vvN8j0p3SkzYHME99/UJIoOdk+r4pCldVi7wCCYARFbcC9IE+DPmloTV+PmerV6vpqQTwqJkI53wVTmahxyYKWpOrvuJQWT0L1Uh4hoo7XnciT1s2j1w02r4ICgTJ0VFFNt3zX51IuzJ6ftLbrrOtKacFwQoPtAkTqFPCHLvzoOnRGaQpPWfot0LJShS+Tl1VZ1bUvkvsjnDDKX0GQIxCUzsHwpAEJBGyVFA0jyDhFDGczqUZkNFLxV/JYbGS5WPgWp9vTqqrSKVnS1SC4JEhKFAVq+TdGpAgZGR1p4poYnZtaCNoUGqmQJmYARfHX6YPto4AmxAMNd8ljVgA6i/hPNyl0iv4K52ayEiXd4GmQQwsQUDkoFKCpPnJsVTsyvrRa0+f8+PHdWTf2w5xIaBedRNINEBFtQBS+9K9vQWSGf0q7riMHFBnz2zazz2IYhmEYhmEYhmEYhmEYhmEYhmEY5saDlXdfl1VQxwu2DS78Yj5aOGiM1JEyaTiw/gpRDqFyidU/Ca4bYKggHGpPHBVBXbAK6X+L/whSafZElVBK/BnrWrIXKfUnLyoPJRC+m2hbEbQ14GUAUyLRRyA05mKrspfgjA1I5MbeIeuOTFdYf7xYuZaIQgGoq4dOTba2qUA+2zWgRkE3jlhcJosaeW3RFGt1CEcff6Rm6GbWu+XoT8AF2Q1KKOJsKlVNaokLYrE/8ysapCBtJ2UjINsFMnGsP6MAkxKBaiVrfEm8wwbAdMJPbrG/f3Dpjjt0VfmzOtFJ0LZILekuiaZpTAuhVl1r/HMEFiuo7aLQkKQaUWRJIYLoJJpAwL2uqgpCdpqm7dpmv3HCggVIjPlZ1ZrIPNnIYWAJjVZE0yIpySUoqk/CRVcnEtyN4jIaTCg+6zdIxJB0EnmPotjlZC0IIXM3kb4dt+b40Za+AxsoNo7o8yFv18z5sfOZK0hu7hN1Q5DDCC7URWq/sEmnlZalwb+lGIZhGIZhGIZhGIZhGIZhGIZhGIY5e4L2wtfKwfIB8kR8WZkqemTKIGh3kCzI4GGBJiJ9pAeEiECCh6LfQofQD2ctySGoviuGrhoD/cf1D+J6Kt1REgM9N7ZrW/pFemtQQOImRVX7yZHReSVqRdxAx3CUWuSIfq+UzJMy5CT9jxXwpLxxk+lU4aTP9vZI94ORFYMEj+vn6Gl37paqgctDexMcPmQQR4ECRVWTSdB5HMy6pgVzEng0YI7J/AasSehoZxrrC+LGLxzyQPF7i8uXd3xzd9x5R11WZV1BeFXXwnxpcEuhGwBhTlhKx+uUGs4FoUneNVSCxDfwPFpy9SjLoC/pkNls7jtUTyZVVSVziPxmw6hw/eLj6ai2r6SGJxozsuC6FnKEnAtLqpd0ZPNGrYG1kCVxVjRIkTfJM+NUrpJrTUYbNzl3oFbb+HI34uCHJSPBEzxORREema7Dh4U9ThiGYRiGYRiGYRiGYRiGYRiGYRjmFkKCn4IEvxCQJhRKge7EYSk8HQNJHMaCUYMMhXlyYhDBUgGzXgyUAiWGSUBZEFQsFqwTlAxlbpncOUSfR9NfY/C6tyvZpAh7zSIK1ys/KK/GGWtcA79Kj/VNa+xkW8pKyDJE9EBMBwgDSKliUKhwfATMoaxTmbiTlZ0pugbnDFUnoEwQoqzrc5cu+rs4398HwQTKfMiqwY2kBDIpio7rbHCsOU5ukrd+SGaI6KOEUBDTd+PmEi9KCUoixEtZrWW1NbHBVQG+hPNzqFrRSFHpovT33EAajy5gcci2aWzXNY2hJ6OYHRxYv5Csveuuu6q68s9NK0jCJaVWBSQ3QSKSc61/rpxfatgJrXU2s07KfBrpHgvIIVJUiddOVF3Xdmi0cnAwI/1KVVUqPNKHg83RQqEEo5ib09+F3i7FrdGdhE8HF5aUiPYqg7MGEy2umdORSDG3A2vNlPxfIWUF0Vb+bxe/2ukvJ2NYesIwDMMwDMMwDMMwDMMwDMMwDMMwZ4wkYxIqKtuQOIFpMtJh2A4dBvVlm9xKonlJsIcIDgf+D0uHkfCBnENgDzaixnXjI+I7wkVXXhw6CrEB7vAjnYgOIY70GM64zjrZkZcDek+AIsEpXWKwThxZ+vNWqYqHkUitQCXhbFFV5y5d9FsWBwfg4GJRxoB2NCAD6uNW4oubovoIETEo8YhKijNSnAzBejdlFCl6GMpJNXXnrBXNfG4723VtOMbvLLSCrJxCaRR4SAeqEpR/+GMKf/Ritrjirvrn6tIdl6bbW7UUbdv4L6GklkWUkPgvzNkxRoHdkBbh2cAUHaVG84KPFSq5sKe6KKq6NtYskFSwr+s6nZKEIEk/Ep9fMPZxmIclUXFGcxCXdHhxtPVOyqlZuzcL3rl23C2xNpibR1pUubzJPwtlVYJAqhFt1/nHKiREMQzDMAzDMAzDMAzDMAzDMAzDMAxzhqBLAdbuyJyCQicUKSpSuoZFw4dMJkJpLrGoTKVpiUVqGeUoUqMliBOKSoexop1dWkRnhHUdO+T12gOvX/IRxuTCuCWZUNjlfE5ZDrbrnJmWtSvKSmg1tH84Qs+yMddbVe/zdchmBjJYQCcj6snUwmCsmIuuaYKfB6kaSD5zWvTWNGtGM1IOSJmOdCsHnhlxNTqpBOqn/OpVRT3ZOg8jWs4W1vi5bBUu8lKUqiy0Vv7pKMqS9CDtEhNwrIXsm67t9rp9EjL5cU62Jv44VPv45WRAX1KEBwNNhKTxbXddWZS+sJ7CcUYmIkntZYNARlR1jbIXsb9/sFgs0kiKwndO04m+NWNMui8y3g1jUUvm92iSVUUJmkiWOHFq6MmWcRd9EFBkD9r8SNTBSNnHb40fYXdSA5+eTeKgjjVEOuKAvH1OtzlbcjXiav5RAVKvujDFcrm0HYtOGIZhGIZhGIZhGIZhGIZhGIZhGObMwYK4wmKxQxUJVl+V0lhTpu/+rfXldtO1/nC/i2wa0N5ExUQXQSVngRuMMwJtVPAKWLB2wUQkiE/QcsOJ3klBZL/Z3ncubj9mBMezrg259jgquisVXB5Ut1jatrNtazpbLtut8xd0LXWhKBImFNOFI3eXUCiVG2knNqlubzS2UUvSRlMLEDhY56rJtCiL/Z2dvStX/UAcqYpU1H0M5AHu6B4LsSb2aCQoCXdt1MXB3kzYkIXJnKYC5ppwJLRKihxcDkpLXRbVdOLftvMFeJW0lBUltRS60OAcI/yLgs5rmwaK48YYgQKU+WyOlijikrs4ndZlVUHWkRZd1/n7oBAXp8Mf3/nHTICYJWg4hBBZGd7l8x5NSfwzOZlMus40CD1Ik+lUkEtPOsXiinVWyF6qpURUUNHTiRor9KKJIpNjl6mL+jMZ+xSCqPA7SziY6yP3vCIFVSFEp7XtjGAYhmEYhmEYhmEYhmEYhmEYhmEY5kyBsAJfY3ZUZVZRQELlZnImQK2IpcJ04SzmcXQGvRUUnShckF/41lDlYAdyhDwtIb6VsaLvesGCu8kmF6sKh1DhjzErfnAU4GCFQcsTIbbssigqTKiBECIlnXWxMi8pCULefOFEryAIhAkXvRuN0np6btvfu+XBvGsaa4OxDeoT4B0KJtyqviAFttCbYxUI7kR7B/fgjBUn64Eit1ba6rIsjKUZMJ0B4YlzpQRRh1QYUANPRFHWMIq2aQphjMBYJv9mbxcUW1gvv1jXldaFP1lrGLFfYQo0XS6A1yC1idZaRu+anChxSj0EiVRZVdvbzr+YzxfL5TKpt8qy7HUnIfdK2WjOE3ResGodeqeQQ05Ui2ymF5GpfxZcT6SNaw5fMsz140SWRoW6E7+wDYtOGIZhGIZhGIZhGIZhGIZhGIZhGOasURgOIoL0A3UjvarAYjkad4Dbg1TWWaN9DT3+hjn4nID0JMbyYAMW3U4sxbhIqDvbvHbtUnCHVejJkZQH0g0SfG44x9inYEeVCMIbUBnQHGmt8Mtqp4vCWgo5iZ2XWerOybnWYdN89VofmlTXvwGVTFVP/X3Uupjv7TfzRbjlcFeDAMWJ06vhykONZPJui1sXHAAsY3iliqJARQ5qjVQzX3Yt/OdgFm0pKhVsSST6ncC6AX2WXxSK/Evadn5gdwv/GImLd1yqJjU8S9b5heRc4S+ifTPGQgKOhmfKWouiFuevizZEim5tUDbF5Ct0DArOOv6YejJBrxS3XC7znJ2qqkLvQtIVLYn0Ap50i6sHDIjA+Ejh04v7dNCgZCqmZG2SGRM50q0IBaoTiVZBKkljkpYps09hmGvB+IcFlxOk7FSVYBiGYRiGYRiGYRiGYRiGYRiGYRjmbMFfGieFBdiZuDzRRpP1hVQYweOryQoMM/zrrm2tRUmKggAXkDIUmkI1wO8hWmY4jHdBNYML1XKUQqA+A1M8/CVwa+iZCPgJAAAQAElEQVSLcjFmJOgonOvWdTmli/SdPVanEt1UjtwlyQJCxQvYYPiCrXdt49D4BPMddDkR1gqye0kOIKQMuAbPFnd0v488FVUuVuSuJDHiJ2zRoaVS1SQVMMZ0y0akQJlgeqJW+7I2A2iwcRydc0gvN4hpuSUYKKTAB8jh3QVjmzIO0FldKP8UtO3S2s50XT2Z6GQpomABFLhmgmcJ2IhYOzuYo2+KvqMo/BMDLjqgOwFtiT+jg3q6C5E6IEkx/inzzRVlGdtZP39JRwL2D1U1nUI7i8XC924+D2qTqqqKokhxJAqfPwrOosVNj6vvEl7divCh4EeaS5lkXG1izcIMuVkog1HSGotuSDKFArHWhLlGckOsuODhQxgeDYZhGIZhGIZhGIZhGIZhGIZhGIZhzhSZ3AtkClzpd6qhVAONMcoafBN8oR1ydDrjpC/Ao3IBPBpIuiBBvIEFdBBxWNJDCCqd99k6IY4mczfJpBKhY2Q1cuPVCr1jA8lMYmSIjDNEHfOjXhzMLFXVhShroYuKCuspQkjcfMiOYx3kfCHCdMNMFnW15c45axdqZtpOWDK2iKKQDdQya8d4slSd2w6JQg1f6NbalVbbAt1ulJ3Zzs8h2oL4daCrAjY6pwv/TISlk6xJlDF2MV9evXKlrqpzFy5gyI71zYiCkm/gcMpz8q8M5ljBs6RApyKD7CT6jrjxU5EeraquURHmQBKzXFJMDyX1ECj3Co+ii2IlMC8h8ZJ1CiyILPngiFxj4jITH7l+lkIKSkzYCf10KYGLYa6LsOyD7oRXFMMwDMMwDMMwDMMwDMMwDMMwDMOcMUopKnOTwANKxFkhj7QUSSFCYhHhwE+BsjjwCxBdp1WhpA6FZVSeYMU5aEaSnQIVu/EQMggJNcT0wuWyhl7xkbrkRi9GkN/Cqq2CW3m71p8j6ARcliQiZN5nY8ziYOZfdcbV293WOV1WBdphBNuVI01VbhQjEYKLSoc8zYQ0BlrpajIRcOv1bHeva1oo3YL5iRO9RuKUOXuPk3Bz1HEH9fqqnrAIYTpBU2IUPCUFCFCssUs79+t/uVz6I0pZgz5E+b2lfxiUiO4+6CMEETZNAx5BqrgipJ5MK9+GMQJUJYVWQjVxTUu0IBGQueNa0ZWoPIEGUIQVFSDhJlsUjkhBMheIf6proXW5t7fXNM1iviyLuiyMb19qXMdSRPchqRw8/zRYWMPGKtjrr6b66r7Ng3WclMffz6A46yAtKGrKcH4x3wfsj6LQjMxhjmUTMdfqJ0IcQnovNmHtJ8tY4iMOfVKyJ2700SIe3jjnblwuGq6SzURxDMMIhmEYhmEYhmEYhmEYhmEYhmGYm4cjO5MYU4NeJVDGJu8MUpxAxc9RzIwg2YkvJZeq9hV3a4yvU3cIFJS1gIJ8oQX5lWCt1tfpobgMIhWb/E7CH0Nfk3gGXomK1OF6su9u/COr67q+hbwePsoBGZaeZawjOxstTeiise3e0cFlpyHGtMvZDGrn1ha6ArUNlM41diMFBpkj6qMyyFqyLSvHuMEfRyDjPUpShKFiIhTeHRnXoOZAlnUNeiNjDrqrpBBw0rrkdkK3qW/HZtlBou96kh8kW5j8qhsU2fMi9XpdwaZylY2kC0LYEx0T1gKpcSCGSnSk0ALDn1KDm4nyG9plYzrTNp2fx2pS+4fD97pIE4BWM5RmE8xI9nZ2/NTfdfdd29tT8jvxT5HWunQgHMGFRZeL/cBNmlZY0jUFJVR6ekW6Qwq7Np1OfR8Wi8VsduAb97uqSdln5Ui84cMbgA+fDW4r9PQqZckHRfULMi6E1aSr3vAnrKoU2YMuSdTUTcWtV4BcJ/KoC8Zj5PrtzElZ/Whwok+Vuo146MC95k3Lb3xhfdf2w12CxDAMwzAMwzAMwzAMwzAMwzAMwzxioNKxy4NARC/8UFIlPwWRPEwgWAbFIODloJ1UhZRd1/rqMqhQpNTGwiZqWikqvvt6uyXdCUlKHKW6YCVeyD6bRpLSRca8l1DaztQJIy3J4WVHeeTbtFlldXMnhXCHnxm1B874oXbLZilnfhT+jHq6pcsKB2lp2qTcoCDqjjrmJH4pctTJcSvZzaOL+lHroty+eMFfYb5/YJpWoMAgyBgkGmiMlSQDMxXysElvSPKQKRiON6c4yhahlxk5uVGGhrzO/alTo4EkfQUqoBSG4eD6RW+bsq7ItqNDB5NmsfQbKyd0WRRZm8HxRIBeyR/tHxNrzA5N99bWRGsFoix/R0QBQiaLvZC9dQRG3tDSCg+Dil4bcdXSXIU7pNCnpK5rf0TbNovFUso92F7IsizjkUpKETN7qJ2Q3CMo5QdtSOIzuTJPR8qF+r0wFuyVUpRC5LLjN/EvYZiHB7NGfO9rDu6/Kt76oe6Hv3H7TtadMAzDMAzDMAzDMAzDMAzDMAzDMA8PMmEB1peDAwimaEAkiAzV46A+8ZXqEJNDEgRwPYHvWsScHdxoWwH1agVVazofFCpBi4EBG8ZitI4/1FJza4NNUvE6lKdljM+xwyq4XFcXvxZkusShOLL9sMYYt1jgFjhnoiRYVUATdrXVeK64RZBSC2XreqLv0P7dfH/fdp0byEpUsOdYczJ8c0PBQCZKEqfbU3F2yOFrP0ZMz4GZWcxmXbesqrqsS1RTyKZZghSp6ZRs/MHFMFlFBvsY50xndaH8Cj7Y24NHzF44d26LnEha26FKK/rV2Kg8omQkMCCRJAQZxSmN+427dFGUld3e2t7b35vPYaX6B3D73DnSnUS1CTqmGCP6xelc7CsIzCyYrgwn5XCJyeHbJXQeEn7EUKjEMI8Qlp3bn8OL+6+C+uSH//z2HVv8CDAMwzAMwzAMwzAMwzAMwzAMwzC3PSorKNug/CDTA9EHYYSNGJcBp2gbDnW+lgyGKLqAerYvK5sOHCAgRMP/T2lqM1W3c48DX30m8QY6IOCmLGpnrDXpM1xGBfc8WEeMytziZORBMSNib/KgHXA1ccZ1TbMQe37MfnO9teXr/CJpBg7vgRuatdw0XBT3hJsrZVHW58DvRMz39owJsSrhYJHUPLhIpMtyXLI5p43RHaQ/5niOcIM51sfmZuOiEw+ajBR+MpbLpV8C9XRaT2tKn+ra1k9X27R+Aei//Lyn0Zm0/sPDAyk1Dp1LYKuBdQOmIxoReRjMmOQSQo+T74hMDwPm4AxmM2wU0DT0Ceg602mtiqKAa0F/wMsk2JnEs0aCrpiMk64rYipW3LvayxDKlTKWZN6cyKOXNtadXJtCJRrwZJ27VjbvwElDX1h8c22Em/vkl/rv589viVueaSk/8x79G+/q/Ov9hfjDD7af/4zSbxQMwzA3nqZp/fe6KgXDMAzDMAzDMAzDMAzDMAzDnB57+zP//T/81lv6TaGuLElkkKQiVOPG7VjbllF9EMUfWPKG4A+K4/GFdIzuiE1SEkjMCqFd6VLBXiWV0lP5O+yRIpeepKp3qoD3VfjU0bjlRF90TSqDD3Qn6YrpHQkGVHD3QNcWzFqBudFFEXQ8ecF7ta4oR8qN62KjZiixRY76gCoKcD2RNkiNgrBBRDFDOBKNb0glgmPPrh029hqS2PAx/Yq3XSSHHZEvhgxxPEqcFkN7EzfMGIpDJFsfZ1BlpYpClwUGLTnbGWuMsK7I2wytZIvLGtdJ/6B0+/sH8MhYt7091Rrye+hJ8csIrhBjpyzGHSmSiUWlFabWqHSJkd+PhMAeaG0ynfq3B7PZYrnY3YXjt7a3/UoF26J4m4OARYxFEGR7gqKqTKGW7u6K4QoKa+TgvYzt4LRhIzLs4YI7cx3I22oBGSt+7k3L9Pa+K+B38g+/kf1OGIZhGIZhGIZhGIZhGIZhGIZhmIcXVOO3QVjgMEpGQraOSP4iyfJEau1r4fAS69VgqYDSk060zhlyxqCa9riSD1usgrMwvgPFLNCuwqI32qigFYekYrfIytMu+yMIWvIQmCPsSo7ArY1CyS+YpDBg4hJEOdRB8jtZQNCOH7V/P93aUhhgQgk0Q+MDOXISubn4btvBUOiFkvVk6l/MpGznCxBA+NuqgmOFW+3n6F5kNicnLALLW092MFqr6GAS7Tps0I7AHE62toq6mu3td8umaSlnpyLNU9e01phiLF0KJiZKxrfWWIPL98Dsg02QsNvbW+BEAsZBsuswagdsgwZSEArZIWEYCLhiflXUtfTXpC1Kqaqq8K2bLWaz+YweOb9MdQkKKRs1LpDn48Jog0YEM7MwdEnSgxg/AmDpj0r+RykAorsOtgKaNJoGWGfylvO0YZhTx1jxw788e/OfBi+puhSLVtx7RXzfz4Lu5NL05q3+j3zkI9/zPd8jTs7f+3t/7+lPf/raXffdd9873/lOcXKe+cxnPulJTxIMwzAMwzAMwzAMwzAMwzAMwzDM7UyvCMn1BcnLRJD0JLhfhIp0LwBx0aSiD9GBoJCiaJYz0xmSbwS1SiqKBwcQhY4oeRU7tOsU6jlcMFlY7TBG6tChaQxBB9MH9CSOEKC4Na2vejfQ5DgRM0MUSjccCmWCxMWarrUzsLhwtvNf9dZ2UdVSqzBJA6HJSfJnTpEgDEmOIDaY18CwlCp0PVVSyQMruqbpbAtqBulitg51O74YyQRk9vqkXRL9XZDq9NxKTotMMeT6sKng91NXhQGXm64zrbZFWVbT82AgMtvdt9YWw5Zkkq/ITEDVNp3R0jdgcan7tXfu3FZRqALtQPx1WtcKa+VQ0oEhSWQcFE1lhEjhTyO0hr5WVQXWLMLO53PyO7HObZ3bLlEeFR4qRy/SM5llbUmZnrXeR2gdg4cn77OIzkAWQ7mCH4rMP0xonhjmYYax4kd+efamPwmKk7/15fUT71I/+HPzRSM+eVl872tmP/yNWxdvlu5kuVy+//3vFycHhZXredvb3vb93//94uT8nb/zd1h0wjAMwzAMwzAMwzAMwzAMwzAMc/uTuXAoGUrjYpyYQcYYKLPoZRN0YCod9xE0UpZVJdwS0kEga8Qp/0WZLLGEDQoD2A3le7BXsFGS4lJ1Go6yva5FpNMznUowOunlC8NUl1yAMs4MWec0EiJLsrdRECEOk7FItIMAAYBRSzPD4YI9xOScqOqJ1KAeCLlCMllmnMDlZJMEiY2qlaEHLrWbXwJuiFNlUVVbU39LQBZgWhQfWWcHCp+8S2vdTZwYHr2+x+mmyIGnzAahPGdISEzyXVakfJJFVeqqtItFZzpI2NFlNa1BZTWTxWGtuEzWBOM3zljTuKUDcYnUWm1vb/l2/R3R2vrvXdvkSy6cS2ou68KKiilEmelPdKqBywmtdV3X4CLknC8ez+dzh3qj6XRaFAWYFI0HKUdNCWOCnVGQd60E66yVa6VmR0f6wYJyB7xVUhDVxg8Fw9w2GCv+0a/M3hgVJ3/zy+svfRYovX7w66f/68/NF6345GX3vT87++FXbl24iX4nT3nKU37yJ39yw4O/+7u/+21vy4Yk1gAAEABJREFUe9sRBzzhCU94+ctfLk7OU5/6VMEwDMMwDMMwDMMwDMMwDMMwDMPc7qhQblaYd0EijxClIaJIIuTXYKZMUHe4lKgSDosWI3RGgQYKbdNYY1A6AqYZeToPnhX+VLiPlBsiL0CDJkXStdKVoqYhbnRiRRMRXwxr2MO0k4HHxhrkugYHu0UaM/m3+G9+sMvZTIZcIUgPKeta6kIOOpqP4+b7nQw0IUkDA3+CPqaopxMBy8B2SwsCGqWlMIJuSzS66Rs7he7nDcqojMlxt4oYId1zEQ1inNNFUU0mfqK6JSpDrKs9WxM/gYWJSyNrIYmngmxKSgXpTJh3YxbLOBvyHKiApFLgG+SshsQjl1Z+nA5L2VOKdE1Cje+GzHx7/LeyLJyo6HTyO5EHaNhS16BwQfMWXMbB3QiSd6zNGyR3lRQ4dLTKZD3RvMipMBAZkod69xeaKbeqs2GY2w3rxI/+6vyPPhCeo7/xZfWXoeLE85mP1T/w9dO/9/PzZSs+8RDoTv7hTdSd+Gfq/PnzGx6sM1HaWp6LCIZhGIZhGIZhGIZhGIZhGIZhGOaRSazt+rI2hYakpJus7CtDeE0fhRKlITGDI1bhY4yGgHq8/6NrOwydARcHqGur4Hcy0hHABX3RPNa4Xa/6iNktLmxPx4/dSmQosudNr61WO7epiMEdtYfK/L1sw4UZcO1iSRvIoqWslSxU1trQJ+WmYlc3oYogSIL83SnKipQpMJHNEkckg80NapE2n73NGMWx3AbqApmWJAozqroGO5huvwXdiSjLqtC6mtQK51GKwZfIX4BIxTpnYNlb40xnDvZnVx+6urNzdTab+V2+9aLwrRUK6aNt8NroIwRPFipSQgxOkDvFjtLxYbcALdhkMplOJ2VZ+jObplkgbdvSYHx1Wa3QO9ughw8U0vPL9PMSLFLyfo5JD0GEPjOiAEWk6KD+jFNecAxzk/APyo/96vwP32/o7d/40uornl3mBzz7cfoH/ty0xm0ff8h938/N9xa82hmGYRiGYRiGYRiGYRiGYRiGYZiHBX2dfFBDJiuElHeDKgVSquTGIILiZgS4qPiCeQFxLc6Gja6vOmcOF9i0koPCOkXwyKFVxFCgEDswPOs4+mJ6+lpbJZcjXw/sdRa402+KG2C4uhDOds1ycTBb7O/7P0FVEBwiwjBvvr9J6N/KdXP7DHK1kH4IVTWZbpWTWmmcf4Wdzm76ya+zKbeBwCAa/NCyAbMTXUynW/Vk4t92bbtcLLquq+o6xOvYoQVJUFeQZgqFI5I0PxYtRJxdLpe7V3b83ovGnTu3jatVC5CndLnMK0lPhEXzFYVqMbn+DuOlQDUEd7Tw9xcw1mDUztJYS8Ix32m4FunLoItWCRXcTZLIC4Uu0gVDlNG4YseiEC0zxUmHBW2KI1sl5+LTZ0Noj5NaySzc59gFxzC3IP6h+sevXbzhfUFx8te/pPrK51Srhz3n8fr7v3b6939h3nTiYw/a7/vZ+T945fT85Iav+Q996EMvfOELBcMwDMMwDMMwDMMwDMMwDMMwDMNcNzJVxOW6dA7aZikAQ6b8HNwtcKsiwQIW4ENoDeTwONIeOF2UflfboBQFLRmUyNwTgj1JbE75YnQ0ZgjFbuWCP0fM4gjBOPGcoXJCHDXUsXVJX9pG9cDaY+KlnRhaOzgcceh/JgYI8+iEadvZ/oEvoBdlUU23hYarCTKSOeQyN40VmxkcG4oJrDVK63JSVabulouubcNeGbNv8mlw6/Jwbnh3103eDerD2hAksvOx0WgHLUKmW9t+Lcz29me7e27bbp1ThU7Ly8W20uxJel5Sy4rEI36DteLgYNaZ8HZrOi10YZU0TmKcDtiMUH6T6HVReB30oZFoGZRUJvB4u/6y+GyCrmg6qf22tutMZ1oLz12pQCBGaiyaYhqgDN5FvYTEGri+367xAriPHlGL9i0mPKLwOCuXRi7yqZR9m0lcEqOfki9LItegXAOZHG6NhMUdYtly0sPctT7Tp6i0YoHOLYJ/dv7Jaxe//96O3v61L66+6rnVYQc/9x7QnfzQfwHdyUcftN//c/Mf+oYbrjspy/LJT37yhgd//OMfXywWgmEYhmEYhmEYhmEYhmEYhmEYhmHWk1QdUVZBReZgawHfhAqhF6j5UFjOFn0YRu71ETYpCmxBiYhSuihr1TVLZ1G9gtVsCKdxlEAign0KxOtggRz3C6iwU1lepf6gyiVkvUTjhaBCoBI2xcSEbqyoaDJ7koGNQhBVhIScVWSUvKT6uxg4o/SqF0stoDbDtMvFfE8UVSkhtaZUlaaRod4ApzF1RxzKjSg9ZgYUVP3HLqkwHhpaUZbV1lQ2up3PnDV5wAqZXJCxhjz2Eqt7ZFIebDK4KKzopQsWl4TIUpjk6c3TYe0MQpEkrgISbNH3alpba5r5fLFcLmczrVQxkuO4TF3gguzEPx026afoTzAScWIxb3av7mLklJhOp1ppof3LzpFuCZaOjX0JspLDuu7Cs4DyDlxyvnNVVUN8j5TLtjXGNIvlAuUmhdJKarjBUqSoLFSWuFx1Bd4ozvo+yDiO+KEQPjxEL4AY+K/I8UziEXEGyE7HrQwl+aPcyoQxPILZRNDzSMA/HP/0vy9+LypOvv2Lq5d9VnX0KZ/1RP29r5j+g/8yb434yAP2x//7/P//ii1xI7nnnnte/epXb3jwX//rf/3Nb37z2l3vete7/AeIuD601s9+9rMFwzAMwzAMwzAMwzAMwzAMwzAMc7uiMj+HXj4SBQj+f1ZijT84gUi3ohUYBdNA9dmBHYL/T5OeQ4F7RimNwQwXC3tBO0D1aulidTraacAFyF0lFjKTJYlI3hqxzj7WnYhgi7DOuGU8zlDrT3vcGqlKXiWP1+3dYdDzgXxd6LpoByNCldw1i8XOAw+azpy/8w5f0pe6CP4owdYhXnhttfpmFmzJesM5f6MEzqkuirKuYSimbZ11YL0Bw1SKhkzzkPV704J7LkiQG+lOQpBLOlLnfhlRrXCj6/357RL946GCZ4cqCpyxql0su6aZ7e4WSsrRjV318Mje0XMYpCT+OZnNFs7u0Kra2tqC3Ca8Qaj76cAxSNgjhi3XzQlJQ/yOsiyh01pZ3Nh13XxOshNVTyc6BilB6g2lLuX+Q/QEu9BVXzCOarPo4qLkaGxrGQjWqG9KgiyL3FnYtIO5DfEL+Md/bfH69wTFyV/5ourlxylOiKc/Rt19Qdx7BV4/tCduF77zO79zd3dXXB8XLlz4zd/8TcEwDMMwDMMwDMMwDMMwDMMwDMPcnmRSjsHWpEPpbSaEyMUW6c9c4UGFY/yuwqGWDEhEUZbGH9114GRC6R/OSMzZwUCPPn8DCtwWMnigwG3dKNJlbczFyApBrooZ8JK0z2UDGAknxNocjyRxSbMTUM4dphYJfif+9XJ2ADoUmBA3gdiVotfQ9O3fEvS6HHQ6gaQWsJ8BdUG3aK1rSU+AVjTi5LE6fePiZNyi8gPnXHxSnDFGFaremjpjFweztu2KNbY5vZYirKeYWZWkT9rProIp9y3a+WKhr+6RVOv8+W0l4T+L4NMhRHTdiQ9s6FN+I4fqD3+6ob0a5UWkKWnR72SxWFIiT+kcSElQn+KfQ4rFyseNIT/WdKGyXoDAhlRU6MJio3XSBnc6b5mMgugBfYS7hjC3Kb/27vZ33x2ei2/7wuoVn72R4mR/6b7v5+akOKlL8de/uBY3mPl8/vrXv37Dg3d2dg7b9dznPvfg4ODwU8U73/lO/9nyrGc9q6oOnYrt7W3BMAzDMAzDMAzDMAzDMAzDMAzD3LZIGeNL0J4j1a57A5Bh6XxYzh77OPT2CpRAEnNwqKoO4pKigKK0MSRloJJz8l/or6IwgMZCFRpCeTLdCcXrhECc0P44fGN9qkOM8gi+DOsK4mTusGpIQafLQYaGWnt63z5G6UDNXumuafavQEFRqaKeToMiZzVFJIp8zpA4n/Aa7GmqCjxOQCYjuyVpCiBeJ5ufk/mxPBwNLByKTjowEKlrUhs181mx9lauiCmUlDapt6KAi5KOLPqdzI2BFBut9Nb2pCpKkJv41WVNunZoeG3XXFSlhBeoGLHBIsUvxMlkQot+sVi0bQvbtaqtreu6QC2JyARUqU2QpmDoFulOpNS60KilsjIEX6FbjhZHT1yfN5QSqkTwUrotInUYZkT+N8fBUvzRh7q4XSRnnxRVlZ7en39j85FPwedsXYof+HPTZz1OixvMfffd913f9V3iuvln/+yfHX3Al3zJl+zs7Pzoj/7oYx/7WMEwDMMwDMMwDMMwDMMwDMMwDMM8bFGx/CWz74RcXzqP+RtpS15ro51pSzBBQMsTTG9RoFrwlW9jwpngeuJSlZmOh1cKxCcu2CdkfifBv8El3YkQfZE6Kl3cqMdxPO4omUSIyJF5YMhADSNSuI48pAHKW0GFjQO7ClDQSMjZOdjZ8a/POVdPJkqXUg46cjLtxo0hkygIWgm+n1UNWiRnrGk756xyypp+qoNeYrPuP9xUBGkhxFwZqVVRV5Vf2bYrUlIR7IuaijRxQdoDiy0dZvEAFUxDBFiMWGPbptnf3cfTLilwytEaVUvkF4RHWryC8ndp+EymGKC+D+hEJGxa2VLWdU0PTNM0Xdc184VyQqMJkcILkZIsupfQyrZSQLeNp21pJx284oa0OmuOAomyfmbKmF70lLkn3ZLrZuUjZk2gEOtmHml8+bOrd3zc/v57QWvyn97QnOjcqhA/8HXT5zz+xipOLl269MpXvlKcnLvuukswDMMwDMMwDMMwDMMwDMMwDMMwzAqYl0LVUl9kBhUIiiqg7EXSDjxKxXI5hF9Q2TwrRDvyaYg1Vywdg2DEQm0ZDtFQ59bx17uF9eV4p5R10mFwB15Wain9O2hKpfQWCOsJZXIRpClBDtInAGXOKwPhS1JF9CMlkQR4kMRsExGbE7Hrqfa92mZkjcfJeFaDPYSiCr9wMJ/tYnFw5Yqzxt1xcTrdFhAqpPPoIqq3Z8YV1IwVZ0AYNRi1FKUEcxrXLpfOxFtgYRJVCiki342jCuy3cfG9N/XJBB1pH7mX+MVLq8ZPV1G5ojKFCtIQMjAZpN6IXreVvXUKhQuWroNrEVqAnJ353FhjMdZoe3tLaYkGKZp0Ks6BCmTVJkeu6D/c4B1gDWRcVVVFj0rTNMvFUvubDtoW7b/nkpr+O0TowKAofMfTdZ0/3nesd0aS4ZPgEMbPlaOVFVU0oDfDy6mY1LUqAbsG1psgXVMLq/ZKbmAqw3KTRyL+L6z/z1dMfszN3/A+c6ITg+LkCTfc4+TRj370q171qnyL/3jx36fTKb31C3ixWPgFPJlMxEnY398/d+7cJke+613vuvPOOx/3uMcJhmEYhmEYhmEYhmEYhmEYhmEY5mFAbyogoXiN2RZY+B4dFV0dpFinw8hqrGSUAQIRdEjAN3AVG9M9QoiN0Fp2tsn7ZqcAABAASURBVI0mJmB9ElpwJAaJMhdybAB7BRCMgDCl7zge7rKxZIE7I8uTgSEKRe1Yl5+fkk8GRikrxeMNy9aQCkQjDT4TcGa7WMyVxOK8quqpLFSwowhJRuJWgyrpqoCcnXq61S6XXduCnIA0R5bESgLVES7IDJC4rB5WlfeUURPMe7LBubBQcUJKXW9PlRySz0a2ORxGG/3ayFdhTHsChcdivrh65erly1f29w9MZ6VQSlKiTTQziVoHuc5zQwaNVVCBZL0K6qiqqramk6osjTFN0zbLpvU0rUvPG1kUoQrEL2CtAto/x06azp/V+I754zEU67i1jD1JA5fxAXAJ68S6ZzDtF6eEXEFcE6feMeY2xX8g/n+/cvrSZ55APlIV4vu/dvrce8Ip9+64RStuEG07bvqLvuiL/uyf/bOLxYLePvTQQ/7ty1/+8tFhv/qrv7q/v39Ys37lf/M3f/OXfumXfuADHxBH8prXvOZbv/Vb/9E/+keCYRiGYRiGYRiGYRiGYRiGYRiGeVigIEUDK9L+BSZqiKzIK9dVZEeV2TWHhEZUNIHAjRjSIkKdHWvXvlqtNBw2MiUJpefQOlX3fZ3bf0nqrYzl8vha5jX0tYXjrLp9WHHZZUNbbXP1WmsPGB6ZZgiHiCEopm3n+7M5KAcaSQkp1oqQIXTtBWt5HJs3MpiT4NIBOTtlXRf+q6zIHQdjg/LpUpt0Y5OpG3+dHWlC6BbGyVk7q6j1EIL8SIqqBDUGaTLSC3jYVFSfBA3KGiMdCdZAIn0pdBbxq2cxn19+6PJDD10+OJh1HSTpgHpJ4p+qiPdArh3GSPIy2CUg+8r3rCyruq7Louyatm0a/30xmzdNA/oPG+KvlAqxO2CFIuGppInwi9iASqU1xuCS8R2Wxy1pPzyb9wd0LS6Tb/gHI16arr75Ur4JuCH5RnEalirM7QvpTl78jI10J1Uhvu9rp5/1xHDwp/bc973m4O/94qw9mVXK8fg1+e/+3b/7uq/7usuXL4sT8v73v//7v//7v+mbvqnrurUHvPGNb/zEJz4xmUye9rSnHd3UK17xisc+9rGvf/3r3/CGNwiGYRiGYRiGYRiGYRiGYRiGYRjmYQAZDlDtWKisqoxyEKFimozcJFYmNQp2ByFugsriUhW+Ql7CWxW/gtDFX04LSdVmMM+gvI5Qc4aiNMTQ+POVLsLpUmMpXkv8yuvsvZQhywNJwgExVI6Q4CaobdboAcSqc8EmhWQIPomZONG/gbY7iYlCzXw229052N2zvn5ncb81aCSx+QzfVOj2ldWkqqdFWeP9gi8UUYQVEpQGwTuGolIOkQc4TJKhL7HJ181mpByQvdSK1kx/WJYqJai3JKgSOC8uiWbkqtxmiDxE55VtBDHKcrHcubpz5fKV3d29ZbP0u0j2EQx8RFAvrQ7pWK0Gja2qqumk1kXRdWa5XILXSdP4MjNE+GRN9NobEQRVNGwXHl7bH3TcIyOzZ5Uw8flfJZuNIFRb3XujuXVUL8ytjH9c/+5XTj/304/5/Cq1+N5XTD87Kk525+4Hfu7g8r5498fsD/+3mT3VRe2X7nve857777//x37sx8QJ+cmf/En//WUve1lRFGsP+IVf+AWBgpKUh3UYdV1/x3d8h3/xT/7JPzlMwsIwDMMwDMMwDMMwDMMwDMMwDMPcTlCt1pHRR9yYOUy47It0G4e1tLZuThtWrknOBQp0JCBACQfnhWOXyvl5jb4XkGxU+x30ZOP6XWharnH+OA6XFdlTao9AnUV0yrDOdt3iYHYAupPdtlkKa2kvKjXcmabsOLGuA3QblNZlWZWTSVFVSpPQRIwjUFL00eHztv4atzCOxrnS496oZKw+AfrKq8xyZKKz0GCfOMxdJwpe0oPgr7dYLHb39q5e3dnd3V8slxZUY8GtSBxJ/kzmL1QQmsFbrfXEU1fO2uVi0bZt14DuxBgjXBaClQ1Hx5Cdoighnsv6Y0E34uzY/EOsk3EdNuMD3Yk9Rlly0xQnxOhDYfQxsSqjYR6Z+A/JV33V1guffqgIAxQnXzt93pN6Q5Sf+N3l/VfD67d80L72jxtxqvzdv/t3L168+Gu/9muve93rNj/rIx/5yK//+q9Pp9Nv/uZvXnvAzs7Ob/3Wb/k1/4pXvGKD9sRXfMVXPOc5z/nwhz/8sz/7s4JhGIZhGIZhGIZhGIZhGIZhGIa5zQnVYRclJzEcJ6BSGA58jevqfQZKOpvKr1ltPVTDUaMgeveIGJihY9U6mI4cJlZwoNbA2j+WyYdF9sPLu0entEgxsjYZilrCqEfmE+OODabEhTigqBRw8Tqks3DG+KI8THrXLvb2Z7u7zWwO2SZChZL6LaTFiPOCg7FkW6NQd1JXRVnCenCD4Qe1xDFKHZVUFeJWLcuvDoHuzMBuQyTFyfC4uN56Ax1a3pSuc+hK6t+65JPT9wbMA8KS9FuWi+XB/v7uzt7e7v5isfBbCq2Pm/dBg33LYLNjc0mH1sWkrsuy8B0hxUmzbMj1hIQg+RyFPkXdidalv8HWiq4zJE9Jy2NVMpJrcfLOa9EnbgXXI+HS3rXqkw0HfiNYe+kz7A9zS6GV+J6XrdedlFp8zysmz3/SIILnbR8eOH+85aOnbARy5513/u2//bf9i3/8j/+xf6I3OcU/az/8wz/sv/+Fv/AXLl26tPaYX/qlX/KtveQlL3nsYx+7SZv+Afmu7/ou/+Jf/at/NZ/PBcMwDMMwDMMwDMMwDMMwDMMwDHNbM0gSSYYiWC3XKq8Fj+UFq6XzcRU97g0HorgkKEygQk2qE3xXKkjP6avy+RVTkIYgMYuKYUAQy6OSBkUOvQZkSH5JwxTyCHuNXHdyXMkY6/5rC822D14h45gsZ4dK6P4PaywNp2vb+f5sMZ85Z1ChI/NcglvHCyTdaCchUUcXRVVPyroG3YkMuhN/JzFP55iWziQr52jkOvK9ae2tP52+1t0t1WupBGY3hZCeQ/xz+msEtRJdNth8RAGHP9Fa13XdfL7Y39vb2d3b2ztYNo0YLEpqwaVFNPSWSe5DEhtU0aNF4RY/Fulv8nS6XdVVa7rlEiQnfrG2bWNM56/vYqcG7aXZ9O8hJgv8Tpxx6dq5V4mLNkb4ERA6KDNTIEpVwktBxBZGb0HKlqR2rBPuqLuSTeqYTY7ZhNHpdrAFM7OCMUz/dXQ3ToUT9Zy5OZDu5AVPG3z2lVq86hWTFzx5HFUzrQZvt6vT/8T86q/+6s/+7M/+5Cc/+TM/8zObHP/zP//zb3rTm+65556/+lf/6toDrly58m/+zb/xL77hG75BbMzznve8F77whTs7O5TLwzAMwzAMwzAMwzAMwzAMwzAMw9y+YL3UoB7C9okwWdmdvrtemCKoyD4wGgll5T5jhCqx6PwRSsmxHZEiZKjcjFYiTkaLk1630bcDlWuZ2agIVMUErQlV9UNBv/ctiT2RfR/DntxhQ0YFSW/psaofGElJUMCSZefEGr5zCpUt/tIq9gGK5yM7DFAx0Exbu5zPFgez5WIBBXoU/cBQnTysMuzcjVajyHUXJelPEBQIBTk7RVnosqCQHTwoO359y4OcpmwQ7rivU2ZVM0B/5F+ZBilbQ/TShaVFj8ARvQyLoF+nQXEzlrfEmZW9Pw4uIyH6VZsOB+2WLlAp4haLxWz/YHdnb3/voGmaYBzihCbDIJfLqNIKJ+1LsC4CeYR1wavIhUcSxwbGLEVZV2VtrFss/RJdLBqQn3Rd52wHYhDpPzBoqgaAoAy74Yxp2852FnpCz3DUj1m8mA1aDSfpS8IXGgvBTokfSdLiC99Ja4WBF8rSI+SEvYVUFFb0DjB+MPCZio/52EnpEYY8JcRtjv+c/L6v3nr+p4WPy0KLv/s1k89ZUZx4vuqze9WJfxa+6rNKcQP47u/+bv/9t3/7t489sm3bn/iJn/AvfvAHf3Aymaw95p/+03+6s7PzOZ/zOV/4hV8oTsK3fMu3+O8//dM/7T9VBMMwDMMwDMMwDMMwDMMwDMMwDHMbg+VfYXxZF6rSFCgTkJk7BWyMoTkStRS9I4GLpgRR5yEVZWTgFxyL6SBooOIr0pp8GdIBSlHxHapsKhYZ0dEEBRqUqIPXhhJz1I6ESn54Ha4kxpE5UKWnL4Ff4er0WsEXuK+AqYuGiyvZ9zv7ynN/XFQqkOxAkiuMJC+L8CL0JGoJnOjzfUIJFTYpX/JfHMx2Hnxof2/XQDXfl+FlnMPg3+Jw+lyYRHXNZiFyU1KcUk9U/YQvP226LIpSF1URboHI9DjYSRknWfQzr+QwrSmYhBz3JdPSECtZR6dWlT5K+NLnR0VhQeyZzFZIWGapq4XMbrlzISAG02xs2p7fnkw/IUdClni6jBouOLyzZr5Y+HqtNWbZLO666456MrG2880oVYAriTgGuugoqSaoa6SsKqh/W2F94Xm5XDhyGkH9iC4VaVzSycmlx0UXFJCddK21xrehCh3X0UofVrb4pqLWLCjdjDHShg8gj3VO3tpChHT/3NAeSjCPVEh38hOvX3zgXvstn1ePUnUSX/f8qirE697b1ZX4+hfUz3yMFjeA5zznOX//7//9L/7iLz72yLIs//W//te///u///znP3/tAX/wB3/wK7/yK0VRvOpVrxIn5PM///Of8pSnfPjDH37ta1/71V/91YJhGIZhGIZhGIZhGIZhGIZhGIa5bYEitaSsjbBFRkuC9DY5naytmwZpAhJLqy6dFbZIR54ojhrMirDhtW9bYy+soboztqFGF4qvyC/E9U1hmTq4Kvi31opDGNb3B9st9jGUjIfuHU6sn5xsjPncoKNLjg0zmFqhs7pmuXfF4HX19LxWWrt+QsRKP2+I+cexyGGIkr9P2hgLXhilaTvTumRAQwKb0exdHy77fgqsL/1LKTawzMjUNcm759CDiySHyZ4KvyytX9zGhCWeDhhLP4LrjqN1kLkARc1S0Hm4tmt3dnfm87nfceddd/rqr3MW29eYQ7MyADkcBm11LkYJCVR1WFx8tij0RNZ+R9NAyA4+Vv65khVYoQhFEhjnVJBcSQyUsSDCAgMVZ1xnrJGdP5aUW8rJ/gaMpm4kwUnTJYIdU5irKHyLY7hFhBzZahhPL8MghRZ/4wsmxx72sudW/kvcYL7qq75qwyMf//jHv/KVr1y7a7FY/MiP/IhAz5KnPvWpqwegXm15WMv+QfYn/tAP/dC///f//mUvexmrshiGYRiGYRiGYRiGYRiGYRiGYW5TqNhtrVNUc86yVJKQAivREqrJWAFPXgurBfxsY26Xkv4k4Umswg+cIED2IqjCHBQAMhSVY4pG8nqgXZK6FIeRri8yX4l8jHSMzXUw8fJZNkZqKZ3cDy0PZZFRNSI2xw3r/IIGIa3pFvv7RVWrQtXTbbRzCP2QY/2LO8Miey8S8q+0UkVRVNaCrMDE+yX6PBo5jBS6rguLG8Ho3p3gVq4aksjBZmxNjJ2PYhODAAAQAElEQVRO6AUoTqxZvdiqwiv1qF+UQzGPkhTmBMlMbdfu7e75xi9evFDXNalVYr5LPJme534toQBMQxhM/0xLkUlh4JvWuqrKtm1M23UQp+QgQEcXpSykllHW4tCQJgxQhGfQaaH9YDvTWWd9O0I7WWjs00B0ls2aPGQ2XFK0hU+C+DFwi6AwnWy0hWFuHf7gD/6ABCKrULrNN33TN9FjZfwHuhA7Oztf93Vft/b4V73qVS95yUsEik6e8Yxn+OO//du/Pe19xzve8da3vtV/ClVV9aY3vckfc+eddz7qUY9a29TLXvayV7/61V/yJV/i+1CWNyRLiGEYhmEYhmEYhmEYhmEYhmEYhrnhxBo0lI8hYUeOHUqS0COKSXK7kbzSLpMfw3GmEfESKtuCfQhmBhptQkgBY7FQ3nuwpHI0Hq7QUSRpZdaMK7xza+NKssv3aptwukviiazBVYuUUencbTD2dKiv76F1g+7adr6/V03roqiKutKgpzGQIuIr+C75xJw9vRhASa21rCq/bKy1bdPIcBOyYvst/HvrA1uNk7tSyMxkY6Q1SfKQ4rCTFSRKJXcT0nyJ1adOyOH1ohNRSCUKYVYuScNmB3PT+Zvh7rjjUlkWKsRN9XKVYAHU91UmDUc+Coh4okQjWIWSVCZFAcPxN9s0ppOt0Z1WZdJGBQ+W6O5DsUN+n8ZVa6zBxQxzolGvFBVcFh7gVRVY7J7oF1y0MsKoHZi+lHc1mH5x9hxngMMwZ8J8Pv/4xz9+xAGf+MQn8rf+WTvseN8Uvbh06dKP/uiPXr16dTLpHVz823/+z/95fvzLX/5y0Jyto6qqV7/61YJhGIZhGIZhGIZhGIZhGIZhGIZ5GOCy6JzVgilKMXyhNxW+e6kKHT9O8Vip4/d+ISFkBsrOyevE9ZIPaA19V4T1tWubri+EEIcIPnLThL6ErWWSichs16GsM7rIC8g00pC90wsD1itsZAwxyS96iLVGqK3btl0c7OuimIgtKacuqBGsvOUK2BhipKTSGkJVpqgHsCAqoO/hoA3SajYmN5GQ4ronJNP9oLWOOKFjTWQo4sjbR9HJKDonV1fAswQXtyKIp4JHCE5in1AVdRWDRaRCkFXSYeA40FHEv9rbgbty/sK57a2pSHoaaCcMNTQznIvcQkWpEJSVJ9r42rCGTCXjV2TnaVutS6nScEajD1dVSlODBgKkcHBgogAvSc+ltH+t1s3gwKcoZfeQ6ESgy4sUQmSfC9d2C28ALn0DVgyXbpl+3t64THx46/DGD3f3XrXitHncJfW5TynE9fF5n/d5v/qrvypOg/Pnz+dvL126lL993vOe953f+Z30ejKZfP7nf/4999wjGIZhGIZhGIZhGIZhGIZhGIZhmIcvucNCrHU7kSI+8iKpDI4IUsaQGhFq5tGCIRyWwlZkMibJfSWSlmNoihGTd6iuLgSZmFDoTrpwIl2ftoEjCEpXUO6xVvpANf3VgeesnCjplQzBI9l4Y2RPXkruG4zd6NUwYgUHmSQoLXHQfWMXewdSalQdKF2Vchjok9od27TcYFavZW30svDdFUVRVbpqfP8tSBJMHmaUM665X7soZVU6cQJyfdLo/BOpAuS6EbhMcFUEEUlcIqvX0FJbisCRfVyTcSa2Hy8RxFjobhLBFBuLlim4EeUdprN7e3ukPgF7kqoKdia9DiRXiwnK+gn9iRZG/kYO50hq8CepDEKik9lsYa2cuNq3UNJKpUWhggbFxYAe3wsccue/4fpwykJ+lNLad8ZgcJdcCcQKU4xCnPgYwF6LsibY0jowX9H9h5dLn0NnQfp8YG4m7hab8h/5xYU5fc2J0Er83P98TlwfNSJuPBcuXPjWb/1WwTAMwzAMwzAMwzAMwzAMwzAMwzzCgOIdpLlA3gWpP6QKheBQm6eqalSR9CYdTqxJGYHzNXgrxFJyaCqW5MPZNhTlscCOihbj6AClg+kDpohIEY1D8hSQeCnUwAysV6KgRKbXGP1h1xul9DMwfCEGqpb++DSW/ph42CA6xx0vXyB5jyCJjTGdM/PdHWeNH/5Eni/Koo9r6VNMzpLkfBHdR5xQsijKemvazJfWtnDfSUcBaojj66/HKzzcYe9PNherF1JBM3XUMZuTy02IYm2jo8yq4D8C8it4/tIjl44ZltV7pUs8UgSNB5qa4CNjDmYH8jKYi1y4dH5rawvcQazVWoVVGbsr0nM4EkyNu6oxYQc3CNW5VjplrWkWS9/nsiz9iZWUuijQhwQEKyBHCpFX5OMitS6stZjXE0xfrDEgKIEtMAUqXGAwV0mvoyBGS4goHENPHYs9K1CyIm282BlCHwnurB9R5gy5EYqTG9cswzAMwzAMwzAMwzAMwzAMwzAMw5w6yW0hZMioQ7JDVt4Fb4tx2Vf2YTxrbUVWFQXBMSX6F0DIDpWtQ4rISgODCn7egZHrgaPWjvvF+Gjgktfk1xPCTcThShC55vhhl6g0Tw2Ad4y0omvaxf6B72rhy/nlFp6gRe8y4yiLRYyGJm4qcdJFMIFRShelKow0RpJuSCQVxvU7EYyWicxUTm6U7HJUK7mVhrPXr985zOYkAaKTwzw8Ephlg2k7mDWFyowoxYqKjbW6kzxeRoQYHWijUGVnzMH+Qdu2/kRMxqlx8fklZqVO7im4lsb+PwN3I9dLxtCWB5UhwYbIibZr3dKSk0rTyBKbyvUr2PNeY6Pg08SvcuOC2AoPA6sfNPuJAxfDLoXXcSXRW/I76boO2i0gxkgJGYOS1kzyGtemGwA5RRkxEsC5scyIOSVuNZsThmEYhmEYhmEYhmEYhmEYhmEYhnlkklWFZSychuotFp1FX8cdpuj0uL6KPWo7loEp9WZVZUK+JjK3LQk+K/GAUJWPAobwHyXpUAuHKC5c32CMLsmuvtbWgTxdUnCQEIeqOfIq8vrS50p9OalL8m25rCe4TqAHRDNfLA4OyqoqyiIlokTLk+FNOTMojwW1DpSWUmjTaQu/lL/+9/KvMVhneIOj9ihtO0YeNEjMSXYxa8r/I13HMcTVlVKewsrNb3LvdCLXSa5GJMFXFm0z0Je4oWvQ6unOWJRWqUIKY81yubx65ap17o47L02mNfZTDfrfP80y802xwz6QrseFZxXjcrRfk9a2Xdu2nVINngMdKAq/C0dtwVootjOSCNncDwbMcEDJkq41eCGCpEkZ61aTsTy+BzDRRZH0LqvkJ1pwfNHiRqJFkNGEDzt3CzyqzM3i619cfvQhI06bJ911YxctwzAMc1r4n4A6IzrrfxIDmW1KnHSZQl/0VnPk9Rhea/+lZAE2bkLxDw8MwzAMwzAMwzAMwzAMw9xeSHI2kUd5PwQjhZSqI3uPjiOL6VR0DrKSeHAqwZNkIUukcfTPr7Fl+KdbDLIJNWnZW4Icet0kMshlBvkusVLUzs8atSxX1Cerhitri92b/hK+ymY1nOj/kbprF2bvCnhKnLt4SZfl8NaABY04a5Iegt75riqtVaGVMZB84pLM6FTMTrLrkszF5aKT4wxpenI90QiXtBEbqgTkQHEy0AHRi150Qv4ckAKTBQ6N7DdUUKzAwfGwpNgQeexO/kIMLgnqDYykwjwaZxfLpb16xT+AF+yFyaQuysL1xY7YQt+mDaMIi1Lm4ioKu0Jtib/LpdPW72zbpm07v6fMVCOk6kg+LL2cDAK3nNYFPsKh8AJ3z79TIp+KNEuZR4jKDGBwqMqvNEN+J9CBsvQLUNxiHPHxOLqhgjk5m2i5bjL/75fWgmEYhnkk0RnRGJCYdBa0JhsSheTZGyHa/I0A6Yn/0kpWWhQsPmQYhmEYhmEYhmEYhmEY5tZGxjL+JgfnRg5BopGV/Q+rAAZPDF/UJtcSmVwV8qZjrA+dQfjjbbR18KdgMXp9JTelhgwLkVg5JwuTTEAik3mIG08ClLdlrgcYDUoKcazURqw9ZmVLrDWPm/JD9v/Zg9m+/4dmpc7fcVdelJZR4HCG5dYgUkrOIbgSlC6KylrjpLF4p1I3pTh8Pjcg/xf5a6/Oy8zz5roJEqyjDyqSZYi1Nvc7GUoNZN5DYeG/oDuBHq+1NnFCjOcRrUWcXy7OmtgsSDmaZXv1ylV44u6ADqhSQxZN33kbxQ8k74LnxPW/gBueVEyzSSobOMQvzKqqfD+bZtl1xjVNUoSAugR0JwqdTTJZDA5PqRLjcUzKyzK+w6A6Ab8ckS0RajBu9BMI80kSE5H5x1DUDvisKLhw/zTlT/tNidfJR2ooN8iJaBiVO8cMlG7M9cB6HYZhGOYm4//ybjvRWv/dtSsqE//3UoE/IkOUo7WdMV1nW/jDGf/Tj3XGkEJX+h/yNeRTyhJ84nShFXq/Kf8DV4c/QkQVizvAlkvtvyR+Zw81hmEYhmEYhmEYhmEYhmFuPWRyeVADC42B/YZLlgNUQpVKxQ1g3+CCaUEUoMiRSCAkh0AVWsU9chjDQi1rcjeB99Cq749zmQZFiVBiFrn4BfdI6/BfZtcVIlP2SDp+Ve5B8gj/D8Dwr8RO9geOlSLCGCOOrXW6lTCdtVtENlfxNQxOaefMYn/fD/b8pTuE0zjnsXoe3TVCCVvcdMgRRsi+LxCw47QritLCP6+DY4vyS8Ol8V277kRuklFyc6rPTuT30EU/j/WXLpJmglw6SHriyDNkTbxTSE6SSWXi0gNpnMufFYVhN70NiQgKBqxwqNCGQnGJX6ztsr16+arpzMW77phMp7pEKUwQeUmwRIFnjmKrLOmzXNDKOLLeQZ0YeMNLLf2xMBy/ES7lyyRlB+UUqKH4Ool/MjrfokW/E8jSseSKFCQ/qtffWIrJgkWkJI2b9ogoLiNhiYOSDHav89s0SlBoMhV6IKHoRHSt39KV1aQsS1Kr2GjlMnpENll817aYqNO9Gwu5NtFFg5PNOqslIfO7eT244x+TWxGcMJe97bcfcdY16dcYhmEY5hoxViw60XRuZGcC/7/G/yhiu7bpZvO23cztxP/YhOoTK5YiWJwMqUo1nZZFWSr/A5VUVsjWiNaEv/gKJapCTgqhz977kGEYhmEYhmEYhmEYhmEYhogRL1TgTiYHQ70IRX1QmTpmaVCpNDo4ZI4NuH+cTOMr8OSL0ufpqFgoj44ZWJLGg3wdVpG9gn+vRaqqSxdyNsK/srokaZBKitAebOnjOGIVWKLgxWV9zCrEYZT+n4AppUQkKUiuMsCjfaW9b1MKMYosEfHsFQeTdUVSiyX+bE5AXeC/dXCoFc3sYHGwX9Z1WdXSzwP8DqT/l2ob+wX1ejhLmnUyhmupQKvjU+T7vlIEC6hwSCojdVlV/kW7XHRtG4ruNvYE5QGhZzGw6XicdKPrrh6Rma5QxzZrOkcddoLrVzRdTMTbHg8IEpF4ZHxRgDBC0fPSr0iy9EgJMm4l6klBNg5IqHDpivgQyDyQJT9lYOOhRiIpv+a139I0zf7evu/6+Ut2ujWt6irYFJH02RgE7QAAEABJREFUC41GnLRBAmFT4yTcoEdN9Yk8JPKCqbCFIAOStutMOs2V8KeWinxSwjlgVeRCetYQUqKIzA9GKiWjwA20L8rJodJKIQbDnOAXh8Fcx29vJOb7KNSahGbPBLl+uXKeDsMwDMPcRvgfLuatWLbOZD+8oJS4axbN3sHyBgkgm9Y27VKgJkXgj2Tnt+tqUvn/E+J/rgITlMbNGhCdTAo5KYXinywYhmEYhmEYhmEYhmEYhjlj5OilTOkzkfw36PN0i1iWHlRRU93fHXYdmbUrogQh2JfkgoawPZzkAlBKFitkxdxk1xLVMJjlQ/oIKcThVXuxrhw82ut6dUOvhZBrhrhGHrC25TX/Vi2TPgEa3Hnooa0LF85dAOPtKPLJ3TZuFXMDiG2B/3zR3xqllTJkkEMmGnQIaZFO3uGNzrhxpfyolUnrfc1dcysviq5rlaKsmd7IhAaT605E5lbSqy4c6U7Q9cNJ0ncl3UnmbtIPG7VL/XbRHy+M6RbLhd1xYJlijJIXJr5uAXYj1joZVxE9bwIff5lfK+9qJp2RqJAR0vrDQP7hv6TsyMUEHzxdqEKIofoMNSjZwMPkonApTAVNgb+QTI9BWEIuny4RpCfa4fVAeoK/K1yWZVEUt7jnh7u5iT8PS3jqGIZhmBuE/5Fi0Ypl7msCwveumS/3Z421N0Zpcjj+p4bd/aXYBw2K//noHApQnCyMFQeNO2jA+6Rm9QnDMAzDMAzDMAzDMAzDMGdKLC6vz6YZA2EcVqETQTh52E4oJK9pJuWBiPX7XGpMumi3AH4nttfBSJQ25LqTVHnvX4QGs7q5ks4OOzkcfj+41c65PvtiUO4/ZqLGiRnrnEjWn0k6ATjFWuPEbHdPal1Pp0Vdyaw7cbziDOklEBImWUhNBjVKa9nhKOCGQSQLeeHIseTEiVP6Z3uZpc0E65tTqkoHT5zVTeMOjF8U88XCD7uqKq31aleieiNXYPRPCOyyIAqR0uAGjJixdnjJoWCK6gz9PATTEv+iKCr/0LZtu3dlp1ksl4vFpUt3bJ2bKnIHCiZBivyFhHGpTyHIR7q1yiyttF+ifm9RFL6fxnSYPAVH+2aUrHy7WoPuJDzEGDY0eniS/iaIsHA9qXQkgfujYQq5++BepwowVFF+aOB4AtIV578quC7sCCE7N1eBEm2USMhz+GH5wQzDMAzD3AIYK2aNW3ThLfxsZTrwHZw14tbAWre7txD+S4hz29XW1sTpgrxPDhoxKcRWJTl2h2EYhmEYhmEYhmEYhmGYm4xLtU/Z16xHhVCo469IKChbh3ZnsSbRvkT1W8b0ghE73Ooy7UiKz7Ex9gfVHhacFZTWWHG2JG5x8Ryy1kiijcw3ZWDVsqo7OYJrFy4cq95xg2PzuBa6MI3MdF0zXyxms7IsdeX/HTm4rEj0f8Ahn82/LA9nhvQAQmnlrC3KwhjtWhN0PzIN8Mb+amguPRE3huCVszY7ZSghKPxNc+At4qq6LIsyibRy6YiUhzwjIZGIXE7I48eIYAk0iNQZLOWhBEwM/XbgcbFmdnDQNk3Xdne5u7bObYHmQ9h+BQbjk15P5NaYFgmZef1AMBe6nliwPLHkWdK2LebpmKpyqijwOOefZBv8ezLXG0dylN76pfd96dfLwBeEdGUgxFEyTqlv2K834+JnCml9RJSnDD4LhiM5LUg3l6V1rbmzcpw9xjAMwzDMLUHTiXnrGnRe839NF9LM9he7+0txC7N/0Pgv/+LihXpre9patejEonOVFtNKVlowDMMwDMMwDMMwDMMwDMPcGqy39MDcD6fUcG9MxMlNEU4gMwjhHqMyugrd6IN8Uh6IQv9rF/QoydcklH/7TtHpo+L85rqTdT0V15/hnocHDfQnpCiR4CVDNfquaRYHB0VZ1s6VdS3UQGVyam4h1wSloQjZz4fSSvu+lh0knoD1hOhlDHSEu1EdHqgLNj9r+FYe1f66I+T6kKPCWtO2DUyOEmQNpFEtRR4nETF6ZOKVXHL7QNsfEJ844ZLuRAxNfsIW6s/QmYciqcKSwiehWTY7V3Yo9+fcuW0wAgqLLg4om5P8CV772MgY+uQb7LrOH+C/B/MSDaqQyk9AgVop60hP1ovTskb6TKmkYstmY0VqEzpHB/vlJpTsBGpeUPWCWp9aF+N6S97u6S7Da9CR3DhtFMMwDMMwG7Joxax1BmWrWgrTNQ89tH/Dfli9IezsLv2X/7Hrzju3ZVE1RjRzVyhwPakLwTAMwzAMwzAMwzAMwzAMc1b0EoE1JfVQ8s5r/PIQbYqQR1ieJPcBF9wPslSUrKQuZKrrq+TN4tBJQfUmCElz4ORqSVusFPePjb85iuOsCqKfw5HHuDWiHInxNCAkcUEqI5QD7cJ8PtOF86V858rJlKZOhsk4W9kJIdOApFJaa1uUumsdOlCIm447SbxOftQRqyAuu2NaSBRVVfp+LJcLa40/sSwrvzXYb6DLh7NhwQf5SVzBwboDX2utLFqRKAXWPngxZfHMQaZUeNAGy9jfCOow6DnwUtZQpI/r2nb36i5pTaZbE1n4ztjgIyJUVAlRM0Zh+7Z/Wl0KSvKXAAsWh0E9CsZoEWNss1yKsqTHshJVUZa+25CFg848qEmxikyUJOlp+oQdQSY+wlHP/Rkyv3q8Hf1tln4ERSVF0zT+6l3XiZAwVAXtTrJR0npwR0HRM7BRuU60SIofGsQg+mu0vvK8rpsmQNnkk+60OuNWLpZvuL3qeQzDMMzDj2Un9pf045UolDDL5acuH4jbFmPdAw/u+x/J7rrrnCqrzordhdNSnKtlxdIThmEYhmEYhmEYhmEYhmFuCqQYCGqG8B1dQ8CZICtpu77w7su7Cpwt9MhbIe3tW8+KmPnL/tJUAQ4OBkr0YhUX9RUGqtKWxCe+SG2i9YmG4A7yf0BTh2DUQGEhjlqj9/YIs40wZKXykCAxFBlQ0ViKjVwNVv0zVmUuLuQDDc6KphUuOMdgxX85m/uDdaHKulZd6yv47pDkk5uBi6sFwYQWXCou6CJ0oZ0rjSmMMc4YkemO0i1Yr5O4PuQJ43Xcil5EHiItIU1NsNmJBiVR+tNbnbjM+qeo69qYrmmatm3n8xloLyrQnZAMArqoSHwRLhHXusCgKdH7eiip4MmIxicpfmloKbR2KbjhQvYtocZC+4dzsViIq7DR2IvbkLOjSechR+OOs6mgh1bkATdgTyLxQ8Df9tBN/0CCQsWazvgedzhLqpWt/7MoCwu74Dn0JRAMzhrm5uB3EtzE/uMLS+INFT8rxrfZ/6GVKmUh0GfFX9v6b7gdUqmUxrgvnDGXPm3EqJEbweiJFwzDMAzD3AIYK/YWrsUfwyol2uXi/ssz8bDA/6z1wIP7/qebR9257X8YXRqxs3ClFudrqc8mkZNhGIZhGIZhGIZhGIZhmEcWmbvJCVhxlQgV8+MjbKhS7sgCIGzqm40xH1F0IkPV2QaHFQrWSTIX6ryvgoPuJEk5pDzUmyL/lfu0Wdx0jpvxKExxzXy5KGdFWZVF6ZQVGNjiZ8Tas69lZ3chxSBhngv+67YJpjgDg5iwNk6j75la4/rawe+bxOskxYnos1/C2JMkpCjLAg1OirY1TdPggF1VOaXqXmMhew2JGIpW+hegqlK93IS20BPW9yx0bWjbko0ornhFR0jQdiyWC3E1tLS1NYW75UTqUtJmRAcUYZMJCupOgvYI+mahS3HqtPYDl9aGpBt/AOQsWTuRE4VGL6CfoYd5VfYTRTn5eDHOC5oMHxkxc0vm0+QESEuKUgnZOgHXbjvok/8qhfY7ZfRUOYOnnGEYhmGYWwL/w8VB4+YtvC78Dz7t8t77b2N3k8Pww/zUQwdSHjz67nOiqFojLs/ctBTbteSfgxiGYRiGYRiGYRiGYRiGOX2yGneUC4hBfow7XhaBbhyOXDlEKHYn54I+PmKsQQnxMC68FqoXvfSikWSdgn9CPdpKJ1ODMkkXYtWdDnRUke79Ila6nUtsgi2KG3RtdaDiDJBxcLbrFgcHRVVOJlNwlxHKl9JXrFLOmphkBCktSqEkQaIViqVb4tZJZFZ0Sxtx6pkkchx/kj0EIo/XkYf0J0pH8G1BS9HfqgLtNzowPVHU6aKoRJBRyRTEEt1KXLxQ2EJpNoMsKxfkEytqKSey3Bmx6q6DcUdJUuKMnS8WaEdj5Z13TLe3FeVX0bKKNif9w0ZnZSOmLitVkH8JeQpJBXff+bvetW3bYSCQBvsS4SaTiS59iUdaA79crLRyK0q3/DkkuyTnLEms8DMC0ofS6PKn2K+zUkPjflPrBE5564cGv/NblkVRkOSFXGtcdFKiOXMnX3+bkGyTuMDDMAzDMGfOrBWzJfzlrOAnlfZT9+09vG3I/Ojuf2Df/7+GR999vpXFvBWL1m3XcloKhmEYhmEYhmEYhmEYhmGYG4eU7pD6qBWhKj/ejXXbzGoi92/It/VV3d6vAaq9Eo2g46ax64iKYRqW7A+6dJgb5+D0xWcUzbjkyUD1dTJnkHmkS5/OcVzGy6Djp4c79HIpAcRRZg36htjOLPdns2oflAz+n4udcjIqe25YVXt1alYvpsHRBG560pQo30Xt6/zGdB2KYwa3C7NlVNp6beX+6xUJyKGm5ESNJa1PlC7IpDcJSVHgdIL/ot86Pz0C9RNN0xoUW9S19HND8UmZtcjAHSipPegCI/+PXi0xuD39AzSQUEXvIYciF2oGDwZfoOVyube762+hdXZ7exuTaEITYqgUG3ZJBI8TPFyhKsTvBQkLvMWkLAVRObAFcq9QYyZlBe4v5RGznT4sIL5LkcVLELKF7lib3y4X1SchBkgpP7cWAbuTtnXBaQfTgJKljAgTka56uiImObgZrDphGIZhmLPE/4B6de5MyNOxDz24538oE48M/A9i996/O62LS3eea6zaX7pFKy5O+5/4GIZhGIZhGIZhGIZhGIZhbhF6dxMxMlnIRB7RYsH10TeHyC4O2Zx8DcAiQrpgr7BWGLEm3Idq773KYVhPv9mGIeRVsboR/1g/Ir+1XS4XB7PJdEqihdDO2f+Wphy91IX2/6gv8E51ogWzCpBd2EFVf6MMpuPvy3VKBU46eVLEGB0pViN50miKotRKK79Q26aTSnVtC5YixjTNkrJl4AjMHxr7kSRnEdnbBAmUUyTRSbQAOdQ35rC+jxVDDvKZmrbdubrbdcbv3T53Dgdmk+IkKDbyLkVbGBgIHBmbB6VIkqWB8KiUkHQDLdOHg2zoD798+/aHM5DrbGiYCssivftKNulxqBS4E6ZF++uW4Xd4W5h2kJ5Qm9WkDnOIDx/J0KgXN8LpRGy0gBmGYRiGuYHMW7G/hL+NSy2ag9m9OwvxyGO+7Ob3Xr3rjmk5mbZWXD5w52o5YcsThmEYhmEYhmEYhmEYhmFOg77SGr0CDhGCyGQpQHVoEZ0FVqE8kOzEuD3E2AzrsO5wuw8xNGtABZ9xH4cAABAASURBVINAoYlDyQmW7uP5YPphg45BJFHAMSXfVENP3dioQCzX9DqO06YK+OhK4y15XkoMZ7HrclGiMgNNHoxZzmbN4lxRV0WhpVZ9XMqNJDegcev3y9Rbie41/maVZSWC54zfZIToomqCiv4ul0CsX06HmESsBMjYYRjO8cNJ5jWZR4k4dqQy2zU6Pj/AU1RV1TSN1lrWsmtp+XaowCDvDYPnlnAAaDXSkMJTiKoOC9oLEHbAK3K0sZgxg7Ylfkpl8i1JwTGrc5Tex4cve/qk8mvIb1g2y/ZKu7e7+4R7nnDu/DnfK9tZXYL9vIU7h61LFy1Wgp9QmD8bPzSwOVR+kLZLgRmPH4IA+5POtOD7Ak3CkwrLF1xe1NobT4+x75s/wjdKFjr54JLLTFhujj4ZgmDF918hAn7BF0QnYLriD9Z+UZbB+0RJkQUTuTiRdJYYatOuQZIiyahJHPpsyijRu/5nN8mANurWsa0lN52jjjn0xFOn/5DvX4RdN/Zjj2EYhrnN8X9d7M5dg54mpejuv3f3FlBqnyUPXZkXevHoR19cWrW3hJk5P5H8lynDMAzDMAzDMAzDMAzDMNeJFHk4SAixSHuzAryMniX0fmjNEB1HRKhqJ+eQWAW2YUNezYwhGamOH8w/gl9KLG6nBA8q9YeAEP8O8lmENZT7g1V4F0wooikD7A9aF5ldIo3KRbWJE9GKxR2Rs4JjcSsaDzcM6nAhimjFUcKtazGdg71dK01xmcAC3pqu2796WWmxfVFLp6MRRH8k+misdlKctELr1hWWh5OXDYVkBnh3KGcHuiGl1rhy7NIZSNTB0r8liZBEkVAMQnKHa0XWzpwcv5XRuUK5teN0VrheGZMMebIRiYGc5LCqRBKj5PtXRDCiIGFW0D5IiBuaQ8qMpSlouzaeoJLfi4zCAVxQVkQ9lAy3FKZKwfpSIZxI4QqPu3CQNp+U1Gx8yJN+Ii6I6GICz6O/aZ27cuWqMeb8+fNFWdjOwYVR9ZIEYzKT42QWIXQHHGqLwgyjpghDbeB0+IzoOt9ielzKQhZK4yoIc0+XiJ8auErwdmCST0zZSRd2wzEObhJCdkANApd2KHlxrkDdCd4IET+v5GFPvtxsu1sXQ3XsA7dGm3dNoO7m+OvdZpW29KG8+nkqHtk1Q4ZhGGYDOiN2FiBb9T+LNvPZQ49Ig5NVOuM+ee/Vu+/cUtVk2Yn2wF2cSHAoZBiGYRiGYRiGYRiGYRiGuQ6GxdNh6VYcpcAYpH+4XteABVyRqrkCgjLkMMtm2GyoWWfyF2o36jn6jkiSK6RuKYr3oKIrlXnRLsSl3/uPVeleTSCHhd7MIKBXa4RxDXopXPB3oSsmk4U49N5CAqUPw6kLYprBFhnDggbdGR4VhpTa9RusMYvZQuodXZTT8+fxDIMD7Xt/Db4Mq7ij+jU4Ythf18tnJGbCWK1UAX+ixATtLUR/W+PNkYdF7ciVav7K6PqZlMcUozNnn153ko9IrtMBDAxERG+OcoRWoFCgttAOBRswfKWMsRb+Z0k6hAsI7llRVFkH01XClUlSFAVa+DiBYIL0JTLdnROZTAwe3X6Q8Mjt7+2RU8jWue3ClyCS2ERYkeKpRNKvYDxQPBvWINqEuN5oKDgoKaFAe2Rt13U2Gb1IUSqqcsBnBE10rnSj+Jv0JMfnru9DeCbT5YefSsnsxF+3bVt/aTFf+H11nIFC6y48zSLPM8pn6SZw0y5023H4Zw/DMAzDHMX+0s1R31tr9+ADO01rBZPx4OXZdNLcceeFpRFX5m6rktuVYBiGYRiGYRiGYRiGYRiGuTYGRecNqntry6Oj4jUdlyJ4oimBGJV0+2PF2isNNA3jS8jMo0EeWm/PLR6cGMdP9P3BArYFcw6xIUP1ygbHrznYbTzhsahOohsIG7GLg9lssj/Z3laqcEN10BmWsOVwjqEnSuiisNZYY3y3lVKouQhHKZmf2SuZEsmm5ob0NlxigyM360Le+SIpMEhl4l/XdWX8LFC4Dr4QYklTQZ4c2ETSUQCg2XHrnV4IWt+rT+CaZ3Jtd40V5C8Uj+3abrZ/4KxrmubOO+8sqgLcVEiQkpRfInkfDUQhqWOCPk16ixYb1EUQJORHbhqUsFBzfux+iQgRwqVkyF4KbTmXJegMB0iZO8GkBHVtNF2jgWutqwoKKeR3Iho4Hi6KETzCxCqUi+IiLVfzZW7oQ7XJzXoEEV11GIZhGOYa8H+B7Mxciz9oFK795Cf3BLOO+aKbf/Ly4x53sbV61rjWiItT/nGEYRiGYRiGYRiGYRiGYZhrYZ1phDziMLc2BcUJJ9bpTuK5oYLbiw026JgQFIVx6BlJ4BD1CmKkaAmJPqJXm0i5NmAinLXhP7P2HhQplojK8DekSkrBIiL0PZT4pVK+dD/fP1hcmG2dh9K5i6YS1sa8odWOn2IH3ZoN/SVlmPNg0SGh7m+07zPk6/jbCkIhGw1iMumP6GNfRm0f2/UT/xt5WjsnPvGoNvudBdi8aJXraPws0BEdZutE6cky7SWRiozTFtKu1i9aMbQVCf0i1cVhIobsMe7NPFw8N7mmtG3X7u76TlZVdf7iBbT2sTHCiByInJKZAiVruR8vBAHBZbBL2glD0ilrQ86ODLoV+FNHvxP/zhoLuipaQUqKqPCSsedBiYJN9fOA6TIuRmyNhl+WpYhaH7+7azt/rt+IHizBqKWfnBi7gxlR8uYYbaRxiTNVjZ09uZXO+NOcYRiGYY7B/zhwdeaME4US8/39B/cawRzJvffu3HlpUk63WgNTd3EqFf+VyzAMwzAMwzAMwzAMwzDMyUlygU3+iTGWfkX+y+ix0JyXxo/SslBpVa3IRIa2KymvRoqj6rBBcpKJHqSMJXtnM60GFpFzbURuwZKEHbGH4gjkSm9FFt8jTtecI8pJbCyL+7q5xiG2TTvb3a8mk1LX+A/EQ8OLYf82l/tcX2f7i0PN2FL9H/oGQSdaORs1NNQn6/LZxP6PhE2n7IaetCb9es3yXA49a/R+g9tbiOjDE4x2nECzk9pvbJrC38UO/uv8n20LHaqqUojSHyP7gBgRFRSDh4fEFlprevBs8I7ps2bGvV2nNRGiFzHRvijmCPdiuWweevChtuvOnd8GIxYQNvlVpnHi7Kj9w+xYMmGRwgwd34qiy5m2a/0bp+GxtK4odAqloucWRSRrRiFWVnP8pHAp14eOIVEOnVuWMLcw3V23XC5kVOeQCQoMIftgCFYtN77o4tZ5QK0xg3q4SC7yoaWXg+d9qDpTMumcGIZhGOYYjBVX5/CzZandZY7U2ZjLVxfTeXfxzgt+wq7M3KWp1EowDMMwDMMwDMMwDMMwDMNsjq+9pl/yd3ajf5ul30GX0RkhZWkcdcqwKp2XUA8rWEfUMFRncBm0V7FRqdBHbcBLNClwI/cRGarJsTWRMneSkYI4jnDWoNW4Y7Bh5NZxjVXTqD1IV5foHIGXs2YxO5gfbGmop8tsruSZ+AKMzU5wlcg4t1JrHXQmFv0oxMhfJlNEpC3rL3TNJfi193ggQjr25I0ppARtkA1uGTBwaUF3QgYbxpjC6Eaqpll6aPB17e9umcusZBBeDBdcFr4jYwaNbxClSTZXXeQGJG4lnkYMpjJcTkntu6rQeuTg4ABVMaA7qSeTApxaLNxUByFJUskkQJFjBZml7oso/giBNf7jBtt3aGPRtq0SBWlonC11UfgB+X2q0EGCBGfopLdKTj6Y0mR9QaR68uWtp86KO4WaSjVR4jpqJL4/1mprq667az7//MXyC8RthZ8c7Yx0jWoP5M7H9b1vE82BuI1wMVQJXWb6v1SciOKlgS7nEe0HwzAMw6zQWTDqcCD7tZ+6b8da1iuegPmyaz919e5HX2ytBN3JlixYd8IwDMMwDMMwDMMwDMMwzEnIvTE21EbImAAy2BrMBhDM0BBrtSZxozN2tRE6hrwbxice1hMl3Ogfll3I8xFrlQSZ9CBVxlNz6XS5MhsxNiTPgRHZiBQm7MTf1D+lf+qO+R59jdWX+o2fXuimapfN/tUruirOXbwYrku5NmRakY1tRRVwHRzexrAoHCQTxkGkjnLKSkt5JuD+4eTqDQphLyLpTUjPIEaii+t3gnAuv9XUglibGSSuNV6lSDqmKLkghRO8JZMSUg+B+mK5bNuWTsOdKqXk4BYZ1Ruh1k6Si3SlXtIBMTY6RM84K+PGTF8iB8E6Lh+gzGr8ivrrH6vlcnn5oStdZ+68u/AkZyEVVtigtSQNyW8Y9NavAHI6iWE+IPBAVZI1ne9i5xskQxd/iFb+o4FcTySJqYKgSYYQLyfUpN16zie3nulk6fdrcRpgCpTRel6WH59Of0aI13TmecZ8uxAXxe2GfcxTuk/7PDu7YnfvVR/9Q3HwoLg1OMzpZCA9w8UQX8PG9DeJilFtp/gJyzAMwzwMaDqxs4C/GLQzn/rUDv8VcQ10xt5/35XHPOZS69SVmbs4kVUhGIZhGIZhGIZhGIZhGIZhNiI3HaFS/Lr6/WpAx+oBveAg5F04mbff16NDbdqGWI/0LW/fjTQBh15UhN+ET4V4CjSh2mVv4pJidPIuxhcy/eZ8PFGK+OcKUeDS+5ukarvrhytTKMpAWnFyzQfm5gw6Y9FrgiQdfk+7XM729qdb20VZkaTBioGHhTwtrckJOj1IQhEhvQQFJ1pp4f8Ju0Pjj7RmgueJG7h6JHODVR+d1eGcQBkSfUCop6G5foZySZFcGc7Gk1mAWgTSaMCcAx8P/9UFiw6Uifi5KMuCFlDbNG3bSlCcFFUlR9FNUcxBuhPYRMExLmOcs2Pxv+EDIIZPcnhoZZp/bBy2KBETsKxxS7Pc39vT2vf8wtbWVEmFfirpMQgKJ/qDBoiylX6a4BRL6wD6bUnyAyE6gh7atgmTXpRFCW4owUVJkeZKpiwu35arnvmJ6We3spInuusnxxb6LYX+js58iTHfLEQpbh/8XagqJapHiUuPck/4zO5jbzUffbOYXxW3LCvPlFzRNirS0+EWt5KNxTAMwzxiWbRib4k/t9juUw/sCuZa8X/P3nff1cc85mIn9M7Cna/l5Hb68YdhGIZhGIZhGIZhGIZhmNsGOcx6ERuTat9yGEdDVg9yoAtxQWqARepUc19llBASSvOxXO1sqqofLmBJ0pPNWKdEgWr/sLl+dGIox7k2YubE0PolFmS7tp3v7jUXLxa6yjvaK2zOgqyv+E2jSEKADQfIL/w7+LIi+J3IXOkRZEiObE7c+oL06HIrmopjySe091kYHXEdFBgnBMoPsicHdQUsSpHZgQitlXNloa0rIB/HdGa+mPsj67ouipICk7KcHVKQuLVdo73pMBD4COWCHUmandzaRbrw4A0H7QSlATm0XZHCSKGapr1y+cqyae+889L29jbU/2UvCcDje+eVZE0T8pWwy0rJ+PBQJ1W8AY60MhYihmASYO6KQkn0LwGpio2p7Z4mAAAQAElEQVRuP0KW3dYXfLh8nL7BcpMcW+hfk/KPu+4HhTgvbkOkLsunvKh44vPbT7zDfPgPxXxH3MIouRK4hR/liv5iuMnqOYZhGOaWZ96KfVKcmPaBB/cEc93cf//OYx57sXN6bwk/u01Zd8IwDMMwDMMwDMMwDMMwzIkY/mI5bRr9OTSFGNZ+5aHpPANdiBsncmRBN6FcvblKg6rwFFwSryJ7nUemKbl+8UdqT57wF+xP4dLhkqTAcL6CjzV+tHSxwrTdfP+gLCZlXYVDsvtyJmXafMiogBAWnQqUlUYGZZAcGhb0xizC3bReD+J10sYjjhfH3f64qyBvD38BculACxql0KgG4nVQdGGNRjkK6mtU1zatWRqHIozpVJVlOVJUiWFwUdqV3FOS40hvfOKvokhF4vLRjtQnqf+UXwNqIGFjag+IP9q229vZscb4VrfPbetSp/PQdsW/MZk+hu6xzBN44ijo+cScJSGoZzAD1i39KHQHmptJ7YHDjKPlA+2d39/+onv1hdMJ0zkRWt0ry/+lbb9XiKeL2xOpy+pJn9MK2b3314Uz4oxYbx6Vf1K4uAUjojzaqrbrKr8ehMz/PhpYSDEMwzCPSJZdUJzIbvnAQweCOSXuv2/nsY+50IrCT6//ObbmnB2GYRiGYRiGYRiGYRiGYTYns2BIm7I9wKA8vXHJz2UpH6PckLirj/VxeR9OUlNM1gvSQbVakrfCykVD18VZFCxzzY3oJRdHkKsB4p99XRZzR8BJY7a7X9VTcIhQOo/5OQPi3A5sZgRZXThJiSmCHDJQd0DyGTKtUb2yQpD44YQ3yfXao017uuYa1zF56dRiMZ+DU4iUWoPKRIMoxMLNciAzkegpAgk8eP+g3N5iWlLb+S9fRlGq0Np/ZZMYJzSzPIlXpdl1vbSEMn1Id0JROzJ0b6gvyXQ3o7grEohJshvC5CljzN7urlKqs910azqpJ7AnkGRDKaAKnU4QVNWoEIZFTcqUhgWaE4exVdTbpYVUIN8wrGatg1NLsTwrxQmh5LIs/2Hb/pgQd4nblvJJL9AXHt28/efd4taqzKXnNnxqoOLEPwhd0/r11jSNX+H4rKhRXBTDMAzziKU1YneBP7HY9kFWnJw2992/+9jHXmyd9pN8aSrLM/sRjGEYhmEYhmEYhmEYhmGY24DVCn2+5ejKnlvbXEx+SS/GjfdFbtySaS/yyuMmHRBBeiEGp4jxWyz0y1x6Mi5ZJg3KxpXMvHgfGj48zSbZT1DP0uZrVr1gXR+0Cs4a/8IZ0S4Xi9m8nkxKVVMWj+vNQ26KumadUCONGlUWuDq0UkYrDQoDZ1GpoGhJRC1KdJM5UVl5FLR0LX13wcUkXHY1wSckyWz6UOj/4XM+U+K68wMsIS+GAmlkXPYyjjqoNuiy6PphLNxXUeggKcJyezAJSVdxMmhDqN9BtpV/D7ZEoeeZgifcC5E9LYlgUuJ3qjALJAUCSx0QA7iubZsl+K3XZaWjZ4uEo6IiQJCNSdB8USaVC+42It3f4GpEnQn3O+gJQHyCShpUGvgvu/3lHy3uPONyh5RGyd+z9itxam5X5OSCvPh484k/3uDD9SR7ZdiWf605af1FXVi2JF5C4ZR/CLqmbZd+rS38d78mlIwSLRHWNbT1lJf6b+fPbwmGYRjmcJqm9d/r6uETlGKsuDInxUn34AOcqnND2N9fXjhfWyGXnaiLJA1nGIZhGIZhGIZhGIZhGIbp2duf+e+vecN7R9vXVu7TNkmFdypLy1Qul7FwLVLxMJ4mD202NkUtxbNCxE6WozA8V+ZWDelKoZydFChYtA5ikFhZd7EKv6qGkVlgg8w6l3/Fw/ptkJyCFfbB/lCpj0271IVYlk26AbnBVzYNcTbif70wx2G4kBC60PWkVpp0PC4OWah46WNJ5zgxvva1AROElhYiriJKU3Eh+sWlW9zf/bCFTiFNxXg+suaDaEHKw1daNrp02tqu9k1mBw0aHEqmxGpzsadFu1zCMiy0lJUtrNa6LAo/aqW1gZAaa6SBWcBkHBFK7RhsoyQKOxb7wm1NTVXVSpVJnOWr7s6KlZG5qEmhcBwwDlFa+T+VkAbHrYTCnB05CNoZjJv0JjaXQ1Ftv9eCOWE6M+tm1kBjFy9e0NtTlevU4pNEwTsiGtng6SosR6Uge0gFpQ/22kmMI6LcHT8/i/nCT1Jn6qqqLnzO/cWjdRyoe+cfj8c/ndrHPFpduPE+KErtav1vjPlr4nZG3/HE4jO/zLznteKU2FwftubhjFFM/dNJmy046/gHYbFYtJ6m6doOVHVF4T/mpEbxycbXZRiGYR5O+J8YrsxIcWIefGBXMDeM+++7+ujH3GGE9BN+5zbrThiGYRiGYRiGYRiGYRiGWc/Q18QdujfTUAQdgEgCFJEV/3K5yTFXDAoPyuVw2WZwDuntTzIbiLA7e4fiEkV1cjEwqZBJ6EEOD5nLiBv0hFxD0OECyvm9YmQ4tOhTIkIZXaSLyL52HkQVQo5TcWSyHslGMopIOWy6YidkbAIiaWzYSgIDkNe4Zj6fz4rJdl3qutdv9Ki+uU259n9ZjjPobPQgIR0CuVeA6iB6WIiYHpPfGznOeDpmmuRm40o36NjOu3UbRVxM4y3rulE4Z9p2KVwpwANElWXpv4FXQ6H9W19Qh1nojEWNhdZBMKFUCBLxVfblYpE0Tv50OiDZASmcUBuFOTKcrkhTkkxmDByJS8daX6u3YFgShCci3RiXHh/Xj2w4JCl1Wvr+rs7mM/ug7brOiUtbW1voSYKpOfA4KusMOKPEbpKYBt5CA/5//u5rjNdxlAtkUXmDfQvX91uapgFDnHL+6OebZC7iT3r1z75YrOOee+79lm/66ObSk8tXug99WD3pifZRdxdiY7R6nTFfL8Td4namfNIL7MFl99E3irPCiRgTNt4jSUhn/CKy/tFolv4//9X6xeZXha3rwpb4NMkTfpwxDMMwDwdIcQI//zv74IM7grnBPPCpK496zB3Gge7kji3WnTAMwzAMwzAMwzAMwzAMs4b1BiQJd9hZ9MfhjVwTQ/8FkoQc03KI6wkuDX0/wDwCa90Yq0NeGyEeJLk2OOuGTckNfnG+TzTJOzCaALdW3ZE29cPcIK8lHHe47CK0ak1nFwez+fZMl7UqFUZW9Bc8C0+AgYIk3Fy6TSqFzUipZTCgyaQqpH+IwgkZJ+C6BzGWVKzu3IhNlnvhh2chJMSIBsJByN2kKAvSl8DANcTnmM4k1QXugmOrsvJ3z5fa27aB3+PFlVoURd6FsI6dywRPQmQ6EtC1gAhEovTH+WcCngP8r9eYjFxPDpuaqFAhoRR4qFgxXyzEVdhl7rDT6aSuIG0HclGMQT2RsrbL+kvyKBKqKX9YND7plwV6sfgZc8k+qWu7R710V1XTUX+2t2d//uvfQa+7Tly+UrzrPY/78Eee8G9/qvif/+ZHxGZ89GPy537hRa/46jc+6iQCEj+7RfEvu+77xW1O9YwvWD7wATG/Kk6VYxRiqxKTeMLgExM/pv2Cr+q68zdY+rts2rabzWZt0/rtdT2ZTGuZ0nYYhmGYRww7c/gB3v8k8dADV911/2TIHIuf5CsP7ly665Kf9t25u7TFqhOGYRiGYRiGYRiGYRiGYW48JxSg5KYmAv5h01JgjRS5U8lxl0zqitDmQL/iegcUd4hgwKazD0tNyS62buvY2mTQ0FguEZQy106ysYgXcCQraZfNfP+gmkwrNVUQQJGSTtQpKDZO3s1MOBJsT/CFVKBJCJE4QfpDagaXxbqcNs4dLxaR8gQXPvrIAgeHSULOQcm864IHSYWSDHIrUVoWYYJId+JL7aTbEKL097TzlfauFXGNk0tMfm0wi3H54pO5rgqtZVBzRJdwDk63wjiTe5ykc8PA3OgpSG4/InfnATuWrtu5umNMe/7ChTvuuFiWBS41kxJ51rSCtkJBUQaePZ2MchZcp+BbhGoxHEhtLn1WLVYnt+g+/ekDe5KXvviT/9u/mN53/6MuX/nTO+84gXPJNaDke4TYFeKCuJ2RutRPeaF5z6+L02Plo+/QY8RwDecHkL6pAHWWqhDwO2maxXzetK1/XXSFf1i6rvOL+bxgGIZhHkEcNKKzoKe9+tCOZcXJzaLt7P7O7rlLF1oLt2C7EgzDMAzDMAzDMAzDMAzDMLcImRwB4mEGKo3MO+RENipDNcbgna/0k6LlkFOp1Dnow8YXHR9KEpAb+ouAo7FhlR8iKZaz2fxgVhSVVOCjEQUd0o0VNTeczIhjtB0zdnxF2UKAhhMmBBKhDEWMkl7OArfBATF05tBjikKpkH8EgBHNfA61cn8vyrKUiu6NouQdPyng6IBNSlm1bStEVzqI1AGzFNPNF3PfSoVuIlFPFJ4NPU6fCroTyIqSwcskCX9IBOOb8K3SnYjZOmNfmuRuMhg5tAwxVMI6hT4TbdtcveK/BWVMBWNBWYyz5OmCMTrRKwU8W5wlWxOc50IXeID151rErwyHnfR7t5+ykEUtNkAp+bjHXn7wwTv3992dd/TbP/An3Yc+Mr26M33iE3Y//end3XcFPcrb3mHe+7674IA/vatpr770RV1ZQrdnM/OnHxR/8sGLRWGe8uT9Jz9JXDg/zuvxU6LUH1j75eI2p3jC88xH3yYOHhSnSu4+MpAv5UZWmVFWH6WWZIN+ijWopQrlp3rqF0NBIpTZvO1a/zzMZ/NGLfxGFp0wDMM8cmiNmDXwF8Vy/6DtrGBuIvNFt90sRDnxt6DSstw0zJBhGIZhGIZhGIZhGIZhGKZXYQysRIYyglG1+gRtkw2DGGg0UtvORYcQuZk1SCZSgSgRqSlMx5c0ldg0RWTQ3upv5MeOHTfQUDhdI0VZe6Ycjvyw/rg+iSQIOlTQGEC93hiyiljOFtVktnXunLYlSjkUxa+gm8vZyDhQc+HI9UOArwHmyFhInLFKCiNi6A5FsFC2hgiJLONpSV4KJ5b0bHKCW3uoHB4hsyMPp0C7HiioO0yJ8uNtGpvGU5YlqpUcGb5gMA2N3SilfDU9PU6t6MD5pOsa2fhjSrATKUHPMVBIucHj58gWReTZO3QMqUxA2yGVVSAJEZlURWwAtenvoaAn18HQDg5m1Pj589tVVcmsc7mBCrq/wC8o27BLOAvSqGTN4lugVUL92X66EZvRde7jn7j7/Pn9J94TZCVta3/hv15669ufobWZThdvwxdf/4o3P/958KHzR2+65yMffZx/8d73PeX9H3Cf87w3+Rvy7vd0P/0zL/IzdNedVw9m0zf84Zbv9Su/7o0veP44xUWpP3oYiE6kLu3Tvki94zXi+nGb7t3kOUwf+EGUKGU9qcuqLOuqXTbNctk2bdeCDZBgGIZhHhn4nyR35vDXgjLN7v5SMDedBy/PHvfYsnF6Z+Hu2jrp/+9jGIZhGIZhGIZhGIZhGObhzEkKzYQ86bmrB4d/plz3j5V5PAjWLv3aSAAAEABJREFU93styWGyjNDYwFRjYJxCeR7C2uDo4MLuTfuPR8d/WpUQHpLHSEhsXKz/Jf5smxwl7ED13Q2HsfF8DhwBoCMWLS1CzE6zWID0pJw4GSq2J9TbnBpJ6+PQwwI3CadCbyBMRqkwcLqJkP1i0fckxiuBYQeeNg5rOb1Ojt7LQ16nLZtNZlSNUO08fLdYJl+QUCgpS0hsATIUEE+AOEhrnTmOaH+O6TpjOgsttDWiy/703JgkNzuhFpLQJD+Ycnas7M8K07FGRJYt94hSmhxcKAnLGLu/f+BfGmMuXDjnu6fQuUQpmTpDXibUkt8Or0PITtCapOFIlOD4RqePXf+LtF1XvP8DQXBgjLj/gfpd73781asXvvblb07d/o3fnrz17c946Yvf9VVfPvMzfflK9+9/+tNf859fdPHiGz7tqeVf+yv3vu0dH/9PP/fir3nZm1/yIn8KXOgXfum529vzv/Ht76SAno9+rP2XP/GSX/utz3jB898/6oCSHxcPC9T2neK62UQ2lz4+czHfoU9Tb3QVdFuwkJSqIZlK0RNTaB3NgRiGYZiHP7tz+HtGC/epB/cFc0bc/6ndRz3mDv+z6u7CXZyy6oRhGIZhGIZhGIZhGIZhmOtgRR6x+rtuKwXrFYXHes8PUpmQTQMVyrNaZrK/OJ4+nkViaAsVN60x1Fbwa3EuNRsal+vbGphIjOQPI0lH384wlgQtLdY17kbnHlG7laMDev8Z52uyvrBP4Sdd0x7s7k63t6uydFAfl93Zxd6jMAGcOsCLRSktVS9vIIGBihNI2gNHWiPperXGxkKPo3uybvG4kYvP8Ii1C9uN1EKHHOlr4tKCJgPHYKB5C8qnrmkMTcFkMimqKimw/KC1KIRylIADDj1KWhRoiEaGeWw7f5yfS/9uKqekU4GFFcJ6aLpxtfXuJqAIIc0HxdaQsUrQfwgyBIK1k+fgpBerT3KcLbpFEvVY0Ommaa/u7KCBjbl06cJ0Oq10ifY6IWIIWwsdw2vhelWqv6gUURIGT75fDdWlQqzj4GDr3/7US0YbH//4+5/+ND/RcMrurvm9Nzx7a2v+sq+Y+Rvht9x5R/Hnv+H9//u/fOkb33z3pz11Z7XN+cI++tGXP+MZnyLFiedJTyyf/KR7P/LRx3edK4rR0liIG0PzJx8wf/onsiiLz/iM4gn3iBuMmpzvLjxe7X5SXDdSrnGFEocot9aS3K1E/kKSQg9O01LTSvZrw69q3bWCYRiGeQQwa0Rr4S+ayw/uiNuK2v8wVGqtJKYjQrikAL2sNWj4Z9AGr2k39XU7c/wPkntXd7cuXGgg6khsVYJhGIZhGIZhGIZhGIZhGEYkD4NVHUM6YLgl6QPEddpN5FIOSWVFkGWA9wKWGFNNnPZu5EqSVT3hF+Rj1/PR0S/OH97CsIOp1eytwLgeNC7Jy/Eyk6OsyEtcPGqdWOFEhjHhlOGNcsHrxVJx1nZmsX+wnM2renoN7Z8KuecM/KM6WBI4aaVTjlQ5IVYGJQexqBx1JxbzddY4kFBI0NrtJzHdGc1eb5azRnfiVhfAGoXJGkB0Ii0qp8DCBbtpwlLuum4+m/tqwwRydqrUngIqlG0Ykp6UvlLhixSgHJKw1XSkPlkul3QW2aUMVlzo7sBZKBifyKDnQg+SEBlD9jj+wcvtRsZ5PYfPpRTKCYOuNdL3+OBg3nWmbZs77rh07ty21gXqSCT2v0tNgqaMooUE3G2cItwULFvAFcXvLrbXO51sb89e+XXvSG+v7uh779t+01ue+eP//O5v+8t/9GlPLT/2cb/s9HOe9eGmdaINU3Hpkp5OF3/ywccLsaZkNZ2ob//W+2ns+/v2ylX70Y9X995399oOSHHKcgfz4APLX/0V+7u/KdrQsn9i5AtfPPlLf1lfukPcMIpCN49/wamITq4B59ZHjgVBYLLwIdkgbVPS99k/Gdo/JloJhmEY5uFOZ8RBA38FLPf30RDuNmBrWk4n5bSu9AZ/Vfkf+haLZrZsZvPbwMHLd3I6WYhq4m9KVciC/ypmGIZhGIZhGIZhGIZhGCaS4mxWt8ssqaMnqSjigfk5myoAgqdFdiLqTlyMZZFZy6kDh0koUtwM1azpF+ShdmljwgsJCtan2JxUltFHRAysODIPj0yBcjqs8UQZ9Icq+1SvBdnCYjart7fLusaZREnAzf13erqDdEdAQuTfZv8wTUtLRA1NKC7HGJbUQhzdKTC68/8Pe28CKMtR1/tXVS8zc9a7ZV9IQjb2BIIEZJcdBFEIyCO4/x8iCsgLoqLyBEFRBETecwERkB1EfKigyCJL2AkQCIQgCdlz97PMTC9V9a/f71dd3bOc5d57zrlzb34fDnP79FRXV1fVzOlMfef7bWgyVor4GN6xyiwZnZYx6EQwLUjKCAVBblNZn/Fk8iIrQVoipmZEq9VqioNQeqLck1UzpI1rFYg2WkDyTNnvg9lGu91OkgR9gQba2XzdVkv2VlQOQs1eFuQ7gv9ryl8q/cfKVxx8LEgcYFC8Ykyv1yNVzY6d23fu3JnEcQlWPFRn/V1e0KmAJAnNWFAwBZIk26x3RVyVF5w/ZILSPf/cL//Dey79138/5/n/88bde+G7t1/6yt2+9JXhY13XrlTtvv3ll74y9ZWvndftdtyvaZpF0aa/aNxCU//d/2A+88nRp+xXvpifc9fO454oNg0YlM4JYktQ63yjRWUUirVwatGxCnK2/NSNVCwTY6I4Pgp6OoZhGGaLOdjHd/syX1zKxWQTRXLH/FS73VKHcu8aRWp6uu1+3J1ir5/tO9gzZqL/wO3d3z355LSwaqFnd0xv1H/pHD7dbvc73/kObZ9//vlzc3Nik7nqqqso4++UU0457bTTBMMwDMMwDMMwDMMwDMPc6Qm+BmOeQxWAlPUCNcoIpKjNQsKK9nCFxq7TKLrpFzK4Itn0ylgHcsCGgnI/QkADLWQriHKBTBAzrhnrPVl1vZWLiq9Nhnpso0nr82dZlxlJkOes4tRCQ2XQPaDfW273phPMb8HIlXUbxmwcKCghtwJjjVFGWQnyF8pRCooIcuqwaLMRee+TYHPgVSkrcGhfr5RyzPaou4lvuhxz7Pr7L45U5IYK5CNwXUoaKWJtC6vxktDLpOj1vE1Nmqak8xBVj4Tzo1CqdiURDd1JlmW00x0uVSRWMGFpBPhAYVR7yKb0hDxONMbwwDBU8qQh+U89e4Z7QVHcTmUNJAsEt6Nt2+bha76ufZDpg3MRXzakSJLu1K6XQG5i6M3AFfNtE9IY14vr9Zy/8IIojsvbb99l7Y9oztz3ou9dcP6B4d6A1o9J7bn9jvIv/+r+rjkX3fsHdz374K5d5sQT4re/66TrfnDmaGErErER5Nd9P//rN4m9u+tdJ52iLry7ve0W+71r3G/xhfcQm4yNNuZa1kl44wyzyDT+CjSETHIo4Mnr18gcBTRMkWTNCcMwzPFON4c/E+4vwd69S2KCcTe32+anZqfb4ghwN2jTU+1Op7W41D+42LMT/Gdu756Fbbu2uXvaXiE6W3ofMYYbb7zxuc99Lm2/6U1vesADHiA2mRe+8IVLSzAhf/EXf/F5z3ueYBiGYRiGYRiGYRiGYZg7PXLAj2MNTQIu/8l6QX58/sa6nU4Gq/ULj5CgQsqWMRWtkMZgV2yF9BYgfi0zrOZjPaPqDdsIyZFypbpl1V0GV7AVbvjv449vkhRjOyt098Di/oqpJnVykKjyVLx7C/4TTCLouaKf9bu9dmcqShOp/MVuve4EGmmMLkpD0gtwLJDNdWTcI7wFBjncwL4IZDK0Mm3FGqFIh9qeoCAR41VGtcxlJChpnUIiRwzRQXgBpOtS+KVXJTVYilirqsSZLOuTLChNE1hHx9llKJMnihWKTNwMi23cmFVWY09po/v9PnlCpK1WQ7ZSXZ5vtfUWOHRxQlmtGyYoWITMUozQ0pIGpe4vHJLwWO0btqGhkbSGVAHwSlhYWCqL0rFjx7ZW1FYgi4HrhxeMe9nARFAoY7PSh1aBOMo9+LcX6Ky2ipbF+th/QJdl3On0XDtP2Alfhu5nyb3uMRDQc90PijQdf/iXvjKrdfS0p37lPvdyh9CPOLgwPb60hVWl7KabshuuL26+qVxasN2+6S6bXg+URp0p2eko9zM7m552Rvuss9unnz5aR3bl54q//T/17yefml7+C+nd7k6/QVV5Fs1vE5uMkdH4F9fqE30dh8hVishBhV69EYRNVjbeIge+8h0cpeSGGUkxDMMwE4h786dgnf7y8iTrDOdnWrOzU5HamD9K7hZxfrYzM9VeWFpemFRzF7ixz/siaS9lthVLxX+PGYZhGIZhGIZhGIZhGIYRghwQRlbTSZ8BW9VKs3egEIdDrSHx/hVeZCIHnwbJASyjSxQbrLnCT3qL4RVQWhyHVBNagMcqDQbvVPVD1XSwqaU3A+ug9QlEJV8RJIJoaD0Gy8vGhdigXzlUrFjHgb6z6DyRX8e3lVQAF+/zXq/f63bimSiG7yCa8Oz4MwyJCDYM8M4oNSgaSiMiK5QICSoqcmMBxhbKSqMt5eyQPANtaSgbqV6GpqMaZjLVjFqHJCWIj4ZVPcNzJwiAGv3U3FjrNIT7AD6SmFyjwLHDoO5ERRFaesDwSJqNugTdCQqX2mBYEikyN6HXiDugukCJMgg0FMGmaF26ri3do9DUNS3UnZhKGVJPT+UX+KXrfmMxxMYI0qI01viDKMuKAQekoaQeg57vQcTU0OFIaWuPFjzWdHv98rbbi6LcdcKumZlpOgZth0B0og1oT+j8CgUobq7Qm5E7j7uWojgxSX4g1kFZ2v/4z11u4+4X/sg9nnmGTNP8uh+cXpZ749if4rvfK9/+rgde+mPfOfOMbj1e3p9FdHvwIum06xG+8aZi9+6dY0+38Pk9t732qd4Aps4a8nO0uSeke6Vnn9s+/4Lpe180c697xzMz/U/8Z/kPf+erS5LoJ5/aedJTmqdQnY7odMTmY4Qaaxh0xJqTFYvVkNGObJYfkMXJKnyruSdMucP7Q8QwDMMcKyxn+E6v9dJSJiaSOJIn7pxNklhsNFEkt8/PdDrFnr1LeiLTdvbu6554cktb6YZpts2qE4ZhGIZhGIZhGIZhGIa5U+PXl2Ep2uB366QIDgg2WHr4b53jZsMMZBy0Hqhk8BfwRcm7obHDuyEIEU7ovTosNQNXa4eFKXLYjKUWgDT2W1KXwLPop2BJzUD2D95EBWMaBC0SS8z6wBMoOWRAMrIca/VgOk+tmWk4R4BSwg52km0UDieu7VTqVevGo6gMAUI3jbQmbNHKraJrRCcMU2S9rN9Lp9rKRl7IUC/VHv6Hw3LtpeTQNvA2saUxBThrWKltbFA6ISiWqA5+ceveRpPPiSDfDRBsaFupM0TdPXVHWDHQaWs0Sg0bI8hGJSQMIE2SaPSOHfFikGJMiE1TG0PEVCiKfOoNDAimxYDIRnlYBsUAABAASURBVLoFFOOnpRFFllvj3XKSVgtiQ4I+CrJwlJGqsIXbSCLVPLfWpStZFIW1frUedCduAQSlIREt2FPelaH1CnxhGoNxNvVVBk2JGwFoobVDOTtC1Ak7tBFcVUb72VbiMXdud5H9fr53916tdb5z+8zMdNpKwezFtUHFcFFUtpLV+KlAYhd3bHbfqakxopNut/Pu99UWIN1e69bbdna7U6eeevtjH3XA9frMTPTIh1/90X+/71vedtrDH/Kj6Wl7/Y/Sj3/i4qmp3sMeskguJieeAFf35a/dJU1/eJ97yXPOOviNb4qP/sddy/IHrZb97+unPnflvefmFhcWZq/7gT7nbJWm9ZvBwf9Ydp0tKgFdrTjBng/TNXSau67+D69zP/s/+hG3Z+fJp8yC0ggvfn5b68UvjU8/Qxwltt77iGEYhmHWpDSiX8LGwQOLYiLptOJdO2bVZrp8tNPklBO33bF3IS/Wmza4lSwdXOrMzbph6hgRH1rk5Zbi7s1uuummHyK7du06H1mp8I033njNNdfs3r3b3bzd9a53Pfvss0888UTBMAzDMAzDMAzDMAzDMMyq2DE5GSTKaJYJFh5h19ARg4WPgCq4x1tL2HV5WAzLIGrlBy33yyoTCFfSRZXm0zxcDieSUAV2xfOt0vjVigy32TaOxfXrkQPXvPzB7BmsFhbTrZFGG12WVUaNDRFGWwY0xqB4AeNcQAuhNSgaSBwjycsD1QsU3iK8MMNrD5ojY2lKHH777Zr75RhlzyGdr1k4Rt0MzKEoiki9gS4uShpVSaW8TgmCcnSZ9eEi28YkrTROUmFlwxAmijFMx2gbRZWeyxvDWOxeneUZViZT9z+lgjGJxY/aq1+F9/WpjHvQeUV4+QuZqdA7ghZGecVVU3pCOhhrB4RXTVuUuluxWjeWrv1FWezdu29peenkU07evn1bkiYa2mTiKHYzIlRjUTRlvLgMZkeWXWLt+0flVkWRfOvb54Zfp6Z6J5249+yzrn3EQ4vQPw95kI7UVz76Hxe/7Z2n0p7zz7vh8Y+5dX7Ofx35lJPju13439+79i4f/KcTLjj/i5fcV91w4/e+9vUL/uE9J7hnZ2eXnvm0r7nK3v3+i97+rkuf/9wrTz3FL6fYwnSvToTXxVVGL5W+pNoUtcQL8pLqZ7e120FxUnY6yS/+z6OoODmm2dI3M4ZhGGZrWezDH02TZ2VpxOTRSqNdO+e2IFYmAjOVuTv2HsyLieuHbq+YmXX3+JEbrO1TR+HP8g9/+MOnP/3pzT2/9mu/5h6f+tSn/u7v/i7tuf3221/wghdcd911zWKnnHLK//pf/+thD3tYc2dZlm95y1v+7u/+zt1XN/c/9KEP/aM/+qMO+s89+tGP3r9/f3jq75AzzzzzH//xHwXDMAzDMAzDMAzDMAzD3IkZDi7AlfCG6YYcd0jYOebZhnnH2P2rIaVsKGAsLZl7I4pKQTLeZGKF2prPkjVDZeWCYR5u7Rw0EKDGQEsJdYTf+V/l8KFmD6xWN8qMHr+eD3CroywYtRhwirGGVAQoOjG6SkXyFhTNYzaL6lQW/DgA8u1wG+7/MRp22NrPwzUYRkCX/jNeUE1Y4x7qD32rHhx1uzmURo078BCUQmvWX1dRG627lkdRFNQnSkZWeg1ONa1hJrhPutFbxEy56RnFOB1FmLEqjqyGcZWRq0EkjTPpotQ40ln1CknSJIp9A9A6yKsljDvczXstTJ0hVLn6gMQE9UtGGoOvFg0HWhSsBCuUcE3hBSlWfm0rlRirsYAy2mS9bPcdu90M2L5je5qmKD6STcVYNcBeaoTql1lj7xbJa0KdbunlVf/7K2JFZLPbf/yB4n73/eqtt+puV+3caU4+KRkal8t/dl+3u9vNuplpkKo87acWH/6QL+zZI044QezcEVPhl/zmNw8c0CeeUB+47z8OCp16j5OgOKkUbUMeJz5OqNpjrJ1vt6me5Sy7be9e/btXzD3wIaf93C90Tj1NMAzDMAwjRL8QJDU5sH9ZTB5pok7YEsUJAbqTXfN37JlE3cnevQvbd213g5WVorXxKUNr0BRGNwn3t1dfffWLXvSipkyEuPXWW1/84he/4AUvuPzyy8POV7/61R/+8IdHa/uv//qvX/qlX3rjG9+4c+fOsf8RwqZxDMMwDMMwDMMwDMMwDEMMrBqvKzpllZ1ycPG9kYWy/sbIwciZDcLXp6Q0tXgFdCfCKFQFhDSd9UhkVj/T6s+HdfyBS5SHqwWRZGJSB+z4JXtjizzLet0kjVWy5R8EV24Xbi2eluPR8gQzW2TISwIpTAh1omOqWCcwOwEZTSXMqIxBxJjMo0n4sHdQbRW94OH3FZU1CD2ieUklDMELctengn0Liizwu5UQCYW7KWYIK8EjQMKAkUVVLpE/2GJMDwy4JT2TjNyRUVSdRfofOqJuQrWtmsIuVadVWQrBGtZGDf06NI/rpChoiSK1kTvIDXxelHlegCwmTlQUi/rtwQZjIhneAtzG3R/Rbl8UqY8d9usxjuX2bdGJJ6iZmWhsgSRRrVY9oaam1K5daqqjmjW4Y+v3i9zc/KrC5GpAcULvV9UL2K68B2a1kO0kOdjr3b68TDKo7KYb9nzkw93bbp+7931UmoqtpdfLWrd8WRybyLMeJMCWZkowDMMwK+P++Aow50jEMcIBtDnJu90sL8WE4W6vTt41H0VbGifjbqSm2ulyN5s0eYNrz3QnsioqtJhKt0qGU5Fl2fe+9735+fk9e/bQnnPPPfess866z33uc+9733thYeHyyy93j/TU9PT0Xe9613379oU71S9+8YsXX3zxaaeB6veTn/zkG9/4Rtp/8sknP+Yxj7nwwgtdyb179wrQ1uxdXFx82MMe9s1vfnPHjh233347VeJKnn/++eecc84jH/lIwTAMwzAMwzAMwzAMwzB3ShaXuu7xA1+4VlVZHLiY37QSaXyaWpmgDK43j9saXh4O8oJ6pXvIsCQsfYuhmBt0AyHHk9UtFcaqNeqizagg+EacJZEDiSHIC4RW/GXd2hU/Nd0QfYNf3xcDch0w/BipfL2f3oYurXpXRpWViJJJ2gLnCwytkWtUvA5DmvWUgCGxSiirTW9pucgyGEeUPsRJHCU+nERIEqbguBiUp1jwa4lAi+G1KMa7bFDkE3jSSDE8lzZOdCLl+ix5hvaMNiCWjSGhIhJ0ICB9QCGGBH2Jxe9oGhAnGBx+1wX9Xg8NT2y7DcqR6mQgQHGD6Oavm7KujtjGob3u+FJoH9OT+Qa1VZvkHsF7AxUkteIJWoJiqzqJyo2ZVFbZcJ04h6yqgrhCHFez04cUJ8GtiF7zGkRGJL5xCxK61+3t2b3XaDM3P9eZ6qjqpV2/HLzihJJ2HCcac+8o+qaYDPZ++IBebAnhE3MGPE4sTftKX9LM2ZFoM4OdtrfX3dPtitp4xyfyHPjEvy98/SvnvuwPZ88/XzAMwzDMnZV+AX8WlbWLi30xeZy0c26LFSeEO+lJJ8zecvuCmDD27lvedWKq7VEwOznllFP+5m/+5nvf+97/+B//g/a86EUvesADHkDbf/3Xf720tCTwlvSKK654+tOf7jZ6vd4HPvCBN7zhDVTmta997Xve8x638S//8i+0xx3+pje9KZzine985+te9zq38ZGPfMRV8md/9mdu++EPfzjV/IQnPOF5z3ueYBiGYRiGYRiGYRiGYZg7PUo1PzWtTRBIrtBYTZaH4lly2JYdQlQ2B2D2UFk7iAE9ih3rqiAaETxjq63CZUTlowKr4OFIiD2BRW6rUHgzkjq08dQxRBtU/UCble8rCF3p9vLpftpKIdcFl78rJUc4sG7PetQb65Jl2MrmxJLhCdYNshIQllAGUKjN23hUcUgWQ2aiOFbwkX4MqgyqRZIhht2U8dgoqsaRq4j0pjPo9SLw9RZF7tLiNEnSNAErF5TYBN0XGcJk/X6v282yflkWBgNuwmszwuNdLe4nhkrSJE1aacvViW4ibsTzXr+7tLTY73bd+MNrCERVBsU6gk7VUH7BjFcVEZij1L9SGTBWoYYOHFhrwURl6DL4bgKjBkoLipzBUYtQn9FdWt69e8++vfuWFpfKskTZhqs8Qk0MaotoilQDXernGdMRE8Dyd5f3vr8STInK46SRs2MGFCe28QhX5maBCEoUEdQ+9Z5y395rfvN5N73n3YJhGIZh7qx0c/i7WGQTqTjZNZMkkThKJHG8a8e0mDDgzl6DlQ4N3ITwwx/+8H3vex9t/9zP/dxll11Gd62dTufyyy9//vOfT09dd911P/rRj2iD9mQk36544hOfSBta6xtuuEEwDMMwDMMwDMMwDMMwDDMW72AiZGPdGwM84sb6shryMlmFYFaAa9n1T1iBh4wP/BFiNQsTWF5XsBov1qf5WEUtESq36JMhvDsBnrdaKAfLk6J0C/bkRyAGLBs2Gil9b0sh6+gTKaQY15/rqM+70FSHVEdhqIkt8yzvZ6Y0YRHcaB+AbhvioI29XkOuD7KqV0OwjkX5iClLbbTAzg9NJY8TgeHsRZ6XReF+hQkQRa4YJfKQ8mFQ+xCuVK2zr7YM1RgP5XU1ODaq1nTAzqjaEaGHC12eu3g3astLS1nWdz3mriyiA6AcakOiRPqNKG212m34iaKYOsJoXRT50tJyv993H5H7fkLZi0TZShzHUeRPKZtN8ieoNSjVLhC5BN3JKkKphgxl5FVta0nK0uLSnjv2LBxY6C51dWmwQnBywX6L6A1E1meZLcpXWHsUAqKa9G/JbnplaQtlmx4nA8oS6/148AVgazOfQfXJgMeJtQP5O/B48zve8p3f/x0zuObBMAzDMHcGci00/mU8uNATE8bsdNpubXUK3hDTndb09MTFJO3du+Ru2twNXaHFhPCf//mf4T9snvGMZww9+4QnPCFsX3XVVe7x/Mpnzv16xRVXfPKTn7zppptcDdu2bftKxQUXXCAYhmEYhmEYhmEYhmEYhlkTWCaOBK35ei2IGlxf9ooN/xX9sT/AurQLa6oEhpxL5JFF3tQaBUkKD6liUDUE6QOqMTT+GIof2XQdQ63ECbKYDQYsNrQu8qwoMkpxkWLzrwtpaneqlXXhGlMWhS4Ka4wKeiMbWotGKG4ESu02pFdVRMIHwohjiLgZnARyJ7Qwkej6QboS9xCrCLJsDA4JSHK8Hgg7xWb9DDekbYskiUn/AWIclGYI6EwNcTh4TJIkGrQmEhQ9qC8py6LX67saWq0WxfpUr2ppvexKesmVtVRzJbiqFUzhlUDilcZI+NEdvfKxCrKw4cdVqSzL9u7e4+ZlXhTuA31qf4RxP5JitYQt6zpOKcrfTuJXVmFBW025UN74v7tmObUN8UjwOLFDmpJhjxM5qjgZ8jgZqmHhK1/8xq8/98JXvLpz0smCYRiGYe40kFuGBtGtmCjcvcn87ES4jGyfnV5ePiAmCfefTsqWWsZu+OaYxxtvAAAQAElEQVQ7E3HDfscdd4Ttxz/+8auUvOWWW9zjZZdd9qlPfcrgLfQnEbcxPT39iEc84jGPecyDHvQgwTAMwzAMwzAMwzAMwzDMyjTcBMBrgD7fDeIMa/waaK0mkUcUnTO+DY1F6rCKjSu5NqSKrKeS1aQn1TJ5ZdNAPiORNWDl4Fbc3YeldE5dwkJ3nMQDXbEZNHpSipAjZBveI+uuyla1DFZPmR4g9SiKIs/TVjuKpKh7eMOSfUZp9hvJamBl3VhTGqF0WZRxkrqPp2kYRHNcQKEh3Cg44hTsdiBMpiyNxu+9Sl/jxstzjozReaIaP6NFJbnbRElMoO8IpczAJECZh3I9UfTzfrfb7/WKojSVVQmWcBXHMk5UEsskAvVKFCUY2eMtSVBNkudZd7mbZ5nrPnIp8Qk4mF3VbLQRwgYzlqpkMEHxG5K8VtRAuYY4a0SohbE6zR2YtmO1oQr7WbZwYHHP7Xtuu+W2hcUleL37RnhvmGa/WXthXrzRmDmx5SxetfSD53XLO9J1epwM7RmnOBnvcdLc07vxhqtf8Gv9O24XDMMwDHPnQKNVhvvzvzB5Nic75qfgNnoCcDeNO+YnInawyYH9S4KMaoyYBG6/fb13UP0+BDldcsklr3jFK9rtdvOp5eXlj3zkI7/xG7/x7Gc/++abbxYMwzAMwzAMwzAMwzAMw6yIbPwMYuVgMSWOADlC2F+fsKmHONxTrFmm0jZASUgOiTHDxSsBKIYE7E4OsxGTgbeIqVJdjDa6KMCrYqyMZoXxPyLkGFmINQA54hhjyG1DVbkxtd8M+p3ostS6hAIwPpEcMoPZ8AZvNGNeLUMhQHhVPjGI0muiKlGKzGEwHUmURZH1c9Cd5IUwNqhAXOE4crM3ieM0cj8oOgHdSZJEENQjyFslL/Jut+c+Ty/L0kt2Bl+Ew/oRVcUYVT4zqImJvDgG030Uxu40ZStjX9KDL0g3cF5rQnsj8jvJ88Wlpd279+y5Yw+GAZlKdzL2HWd7Ub6pKH/KHS22BH2wvPkv9tz0h8IsR3bQ3aTWndDlNfQixqfq+D1kDSVW8zgZroHqzA/uu/qK3ywWDgqGYRiGuROwjDYnosyNmay7cHdXMjXVFhPDVGeCGkPkhYkFhOuQV81RZ0g+sgp5ntPGYx/72I997GMvfvGLTz552Gfuu9/97gte8IJutysYhmEYhmEYhmEYhmEYhjl0wuJvWJDewNX+9WhEQskjLBDKNc+LdgpKxTGtoYuQBUMhL5v+iakd/7tsNvYwafqMSNQwgFOIsQ2rkHVlEh1BA8jARNiqVwWpSVDNQ6cXmKOiSMaAaotKdeItZ0r3+bUxgsxOoi2SGWwUcfMXOeTDU+XYkB2NkspKC8ky2n1ab+h1ZqrRIsVQIazrocR1hPJqqRBcBB1nRekmsTEgZEmhD4uy8Gk+1vbBox7OPhUl8AqGKnx7oB5skXdAobbBryJoPlw97lmqjYrBq8O/iuzQZJIrOg5JLCXJUUXJCMbZWJqQrvL9+/a5ObrrpJ3bt22nWld4AbiWPD3LHx9FfxtHX908yxvT1Xv/5eCBf0zKfkcMOJoMeJyYMY4mA4oTMcbjRA7sQUOnYc2Kf1b2b7/lmy+94qI//4uoPXHLSwzDMAyzgbibggxz9Q4cWBYTxvxsW02S2Nnd7s3NtBaWMjFJLC92W7Oz/VJMw82tOLqcccYZtOHuXa+88spoff8hMT09/bM/+7PPfOYzv//973/5y1/+1re+9cUvfnFxcdE9df311//rv/7r0572NMEwDMMwDMMwDMMwDMMwzAgNuYYk54l6rTdINCiIpVphlpXuhAqSomCo1jGKCls/N/CvqMvKIImQtvGrl4nYcWcadyHj5RSVDEIKWvh2q+1gG4GL2CqWUsOn3SBxgFKwzm6t3FwzDd9Llf1E9Y8d6KNqWX6tmiqqGgeTSdyVaQxQsdWIbv6XEEkLISrZic8TqqjaLQWGtlgMOWroDKQpdZEVURzFaRpFiYm01dg30h6+CY3c1AEdwItOBntakljEgK6g0nygGAd0Jhh5Eyl3kdpoLYOWwwrjukKXZVHqUk9NT5HniLsY8AUhcx5wgklIy0JKE7ejKHKtQbtjpMhyNwegeLvdTpKElgIkvhigOb5hqApRXjHhWkS/KhlBC4WPlUF7miiyygg0riH5ECmF/IG1+3xzvLEjvOALc3cwBgifRIWNWVhYKF2js3zbtm2tdqLtKv7sM1q/SGvXgf+p1CeVvEPIXIrySDQoNjPlQqkXdP9H+eJny+7XO1a0RTNDR1QqoUE/kmGHkiHFyRiPk+E9ZrRO7CvquO5/X3vNH7/yni9/pdg0ht4P5Ba+TkiQ1vh1TJmtbA/DMAxztOgV8BgJdwe4+Xeph8j0JNmcENOd9qSJTpa6xdw2kWnRL8RUKo4uZ511Fm24m9VvfetbF110UfPZO+6440lPehIlV77iFa+Ympp68YtfTE999rOfdXfL5yMCw3cuu+yyW265xW27elh0wjAMwzAMwzAMwzAMwzBjaX7lHha+G5/ySlmJA0B8YWjX2EokCgEGd8iRE1UFbG220TwkFBQkOakMFND2wRsEuPVv9CAxAwda0bQekNIbDxjSynh9jK0XvWExV9nS4mK6UCKRVrsPueka0X4BdABKGrKUsMLWOSRkCbHWEiitwK9VaIUCTQUJ2FhEa1YVUol8zzWekZTsYXTRz/JeP0lSGSkZx0GXUj+IoUE8fNAOA0ZKglkGqB1cC7BusNgwGs00ZIQFE6ONlBEMEDSexhoHTwpdlnlWqijFCrGMsVCflzvBtCQFgxHr6HAh1qNWWU8nrOdc8dDvTalPIyvI+wdRpVbRTiiiHUb7wvihuPvVLsNFu0/GB9JtMIhHgsdJWjqEoBQe8hRBl5vSdSWmRkFN7vAkSSTO7JDEFB4VbpGvicBP6snpZOj6q8ZWshJpKc1n9KrDITAbGg48ou4N0Ly4Iq7ti0uLuWutMTt3bk9b6SqqE8KYn3A/4tDZ9+a/yT7576bhX9LYTq2JsYFWruRxAmOC3VtdXaOMaJYRYnyqzvCeEY+TarbA9t4rP3P9+95z1mXPFAzDMAxznJIV8Icv6/XFhDHdSeLoiEJGN4M0jVpplOVaTBK6yIVK+4WdSo+yYPTBD37wzMzM0tKS237rW9/6ute9LtzNuvvVP//zPw93rRdffHHzwK9+9as//uM/Hn5tI7S9bds2wTAMwzAMwzAMwzAMwzDMysgRtcIKWHE45h+k/DCNX8cWqJ+VKwggatOEoC+pzFBCYkkoKVZoSrBr8UIW8HKIldJSuVX50pJvA9pPKCvJ/kVsjkfGSlUGfQK4Tqy57j5QEW3Z8EAb7lrKoiyLwpIXhr9wOVBsc6icLgwZzAiKLiIlg628I2hQJF5vZZ8jIGHHqqLQpVYp5O9oUaIASPm5JDe98UdC9MJHXCLEkJXQgHwJH33cDBUCIQnm3TS9fXCSS5QP2cJ1B35EroAoilRdv8TDqxeTkv501Pc0o7WxISUHXEZ8M5SoEqeoEunPX2msADskmpHhXI0GDBGuYpxTharKNNRg2EVZ7qZqCc4tSaru9bCpTfhu8dJnPt39wLub/iV2vNfIWh4ng2VsdS0reJwEbVhDcSJW9DihZ4MNyIGvfWX+oks6J50kNppeL0tv/nJzz7HkLHLWA93D7OyUYBiGYVYmz8FFpJUmYlLRRnQLuJU4sH9RTBjb5jtJHIuJpNcvxCSR52V7qu1uVdux3LKEnTzP3/3ud9O21vq6667r9XoXXHBBq9W68sor3c4bb7zxy1/+8vz8/I4dOz7zmc/8wR/8wZe+9CUq/9jHPvYpT3nKzMzM+973vn4fBE/ukF27ds0g3W73L/7iL9whVPiZz3zmueee6zY+8IEPkJzF3bLefvvtP/jBD+55z3sKhmEYhmEYhmEYhmEYhrlTsrjUdY//+KXrBlfAB+QVcmWaBcPaa6hkcNFSNr63L1bIrFnRQ4WWyJulRg0jRo+yqwXxeIcJUdm4kAbCgLNEGS5EqsbVhjQSuT7VzeGKIRp9O9i5h0plURN8FIwVUZK0plpRnKhIkQsMWTkcqpBozSVp7C5Jyocyz7tLS0Wv72N23M4oci2J09htKPJcoWeMBY8LXYIhB0okBFrauOFP0lRCmAy4dZApBh4jZL2Ov4FszEfkYXFChukY5nFjBosgRnHdQik2hi4bn8uLHJ1d6GUAUqwyL7p2mWpI0zTCiQoyIshOcpUk0oJhUVEWrpfdkZG1qZKFoyxc1YUbD7Qk6UxNJWlCCfdeFBThuGkb+lNWlieu5U2/k0oNA5lUAvcHOZgYmR+1hAo2Bt5cYHBBT2PdsJvSePMaY5eXl+HUWm+8wsKtRiwtLr7tzYZcSSBPSw74lNCe6jLdY68s3vOj2z9zx77vLXYvmJ368RO2X3b6iR3Xt6GMBPedIY8T3DPsaNLX+kM37b5y38HrlvvnznR+bNvsT522q4W9WilObFNxgu5DBvfAs9f88Sse9M73CYZhGIY57iDthDSl3dB7ug0hTSZUrJMmEyeFKUqTKJsb2S/F9FYl7Jx44omtVivLIGzoYx/7mHt86lOf+pCHPOTpT3/6hz/84euuu87tuQoZOnDbtm0vfOELafvyyy9/4xvf6DYOHjz4B3/wB6NnOffccx/2sIfR9llnnXXbbbcJDNxxnHnmmc94xjMEwzAMwzAMwzAMwzAMwzCHTvBGEA0Dkgp75Cv3pE1B64tahBEWr+WoqYkciKUZozuRlXNA5b7hw03Q10FF3jsCFA9oagA5OxrW02XTF2QLWV06s64aoOHKG41oXeZ5nuVx6la5E2l9jlDl5LIpkGuM61LUlICSRJIAxq0pGOp/EXx2pBJK1QONOUrgawL+HNZG4HUSybL0c8BVN9lOJ8obuFiSUkiayM0NVXW8DN4ikXJ7kySJY3AxSWCLcnComIhU5B7Lsuj3+r1uN+tnWtfGJ6SUiuIohuNSPDqG7TiJXI1ujkfQ+24a9BDwTaGxoYZhy5QaEJepigigRyCO4/CEL1TJtERDrTa4PWaioXGLxIAlRc13bXWTY3Fx6ZZbbhebwP43/7XtguCuSsPxcU5j93z7wOJTPvONv/j+j75+cKlrjHv8y+tu/OnPffM7BxZFcCixI14pA3XSae13F5af/aVr/uaGW7+12O0Z862F5bf86Laf+/J3r13sNjQugx4njT1uX3bHbdf93ZsFwzAMwxx39EsUenZ7YsKAVMrJy9Yh0nQS/Vfcf28IUBFt3U26uyn9mZ/5meYeugV1+9/2trc9+9nPHnvU6aef/td//dcnnHAC/fqc5zzniU984kqnOOuss1772teGnJ2nPe1po6djGIZhGIZhGIZhGIZhGObwCFqTEMdRuZhsyidvvn45ov+QY5o1erRYpWYFNhMqJuGJIimET4FBxcNRETccguLEjsgv9ZAsxQAAEABJREFUvLRBkMaGngU3iUpmcIRylnU0iU5RLcEbL/TBhBdt6Af3ChpZhbof0kvEsWs7FDEGBRtQB/idJAmKkOzo1U8g0Ysecf9KX1IZ5FT2MwSoikQjekZChg5Zngi0B8cMnMh1kSI/EigM5QwKeYxX5ZDURLiSoq5ZoTeJpvOFJB1BpibVWLjmRJVkpPLxEZEY0I5Up8BEHp+FI5uakgHqoJz6GkVto9Qs39hTq6skWq54tyR3gac95rKNjdfpfvMbS+99pxhKxgkitUHXk1zrX/nyt2/LYO3khB+/5OF/9tL7X/H/bb/n+dd+/qtfumX3T526K6r0QA3NSvUoBhQnuTYvvOr7u4tiqKrvf/5rX7t1zxNP3kG9OehxMqA4IQ3Zwau/ceJPPDqdmxMbB8frMAzDHPdMeLxOaUTPZ+ssiwmj00mmOy0xqfQzd7cyWXfCWV5OTXfcXWZrCxN2Lr300pNOOmlqamp+fv6888578pOffNpppwnUnbinHvGIR2zbti3P8927d7fb7UsuueRnf/Znf+d3fuekRmqhu/lxxe51r3vddttt7ij676WdO3eSi8krXvEKV0MofNZZZ1100UXuv0xmZ2fPOOOMn/zJn7z73e8uGIZhGIZhGIZhGIZhGOZOSYjX8b+Pi9cJNDJx6sXrxmq5DGXGLUcfUbyOb08wJ1m3YGKgEWHJH+uqFBm+mMFrQWsTygsxdWtVlWwi/XK7WA8b+Onv+qtaoWnVQraI0yRO0yRNIwimDy4b4lBFQmt2QviIWVpZFHl3cbHMsmqXULGKkhj9OOIoSZRU1Eo/shisY8qyLCANRrm2JjFYfqSpUBKTZ0AuMRCss8EfaG9QvI6VA0FQsspzIkGDxJcEXTx6wNTiJjrKfd5NfhluyNwH33CEpmNthEkuRZ67o6QF4YhSiTvW1WaMrwXEKwm0Af1PDIp6oiIrcpkLsIvR7miNJ52ank4qWQnuqHUwlK0j0EmF9tMGxVGRUAOuggJicAOlLA09GjbVmDCLazkLNRNbaym+B16Z4MxjlAABjbFabDSL73q7GFGcCFKNBMVJ9ew/37z75n5GB97vV591ysX3dBvnPeERN3/hqh+85//96617nnL6SUP12EYVtjFF/+3WPbfhgt/Yqj52x/4nnLzT1IqTIY8TESp1e/77bW+91+/8nthMmle0MseOMIVhGIaZbLwrhi7E5JFGkZhg3L10lm/8/dKRoLWNpc2tdMM609qiuwV3Y/lTyNhnz0N+9Vd/dc16HoiIdfBjiGAYhmEYhmEYhmEYhmEYpgFpO/xi+LjFxIZRQr0nqEGaBYR3Q9hgmgugsuFH0PRcsN4VQ5B2pLl6Lqool9rkQwoVKZI6oOWEiJOkLPISzQiCaYsuSklr7hjAIw7JgOTI8BfV9MJYEe8TUR0Z9sLSPh6OLTdGl6DmiLWxUtr6qCAPsGPbIAYmwNqXTw4l7ge8TPCk7keCQ3kEBha6tO4HdQu+QlAqkC4C2qlwKgrcrfNCF7k7xOgiwswZY1yZgi6PvoUIwg07cSvgypsAecmVWKlzm3KMyk3Ee7+QX41CHx504oHHpmeIu/5ev7e8tJxnuQ8xEtixoM2BQyPS9kDOTitN01Y7hagdjCpyVbjD+z13+FKR52iBYtSgYCxk61DbKFinsSHDHsrZgQcVyaayRNQuKdUbBnbLUGcERRqqZURlbyM2lO7XvqpvvGFYcSJlc48JBj1CXLOwRAfGO7efev/7hHrOe9Ij4NmDy2LI40Q0VSP1hbky1y72Vqnq+4u9pseJaWiPvNak0cLb//NjSzfdKBiGYRjmeCEv4bHX7YvJI44nNFuHSCayeaaEO3UaVoZhGIZhGIZhGIZhGIZh7oTYlffbQ9CSbLwCwEd8SCVGsjvWd+ba2CPoVGxDQaNwUd+tzyvMG/ELwIY0ExoW9KtQEnHsUety3IXosiR9AmkaxCGyDgXMCKS48AvnRlTpLmTxQevz3khGSaEgZAbUC+5TfnDu0GWeF1lWliWoECIJU2BA/WPFRA6KqsRYCn/Gz1pb2ws1bYJIpaHoUC/xiFyHRLHrF8whirBK1wV5nne7y+5//X7fGu2deSBuR/rMogidZcAtBlxuWm14BJMZ+OauO7zodV0Fy3mWuZlhUbASdGSVmKRWloSdQWcSZCjuBNBEKownrqZdfWnVZQsxkLYjhyJ7DmeSrYPFD7xn1JXENPdQ66wXfXxv0Zv8l3v3f/s9/y/U8+U3gl3Ktcvd2iWlrlOEPaKhPrmu21ulqh8s98SAx0moQQztob3//Y63CYZhGIY5LjBWaJSNd3uT6HRCkvOJJYomsXmLi303oHpCb9EZhmEYhmEYhmEYhmEYhtkKbFNiIgcXh8UYVYccQWwO9Xq0pLwbfFT1gv7QmQcX+umf0Wcbzi0KY1+SiPw2UA3hg0SMNpZW480xoDsZNDwJi/7wi0bc9QwN0uqjdlhKADdMtULIe+IY1JqQ7YfR1ssbDHhNkDrDBxkJFFzgKLjmFmWRo5GHsDg0th5payZ2OOJ+lgW5hiTzFllFUlWKJ9lIqxJNHx68folGPhAmpLwnikQRAxm8CGPc4W4wsyxDbxnjzpOmiYIUItAoeLcTCKwBOxjrnhAmERBTlOeFLUp8wpalXlpcMqWemZmRiev6iEZCVKk6IpiyUIAOvipEEIJB2yJ4jVAGUPNdwNaRVN5eyE8EumiamrpZoDHNFIiSNo7ed64urv9vMeRxMpiwIyvXE2rN/bbNfnvB606++Ef/Z/d3rjv54nt894Mf3fflb7g99902K4LHSUNxMuRxQnvuMz/zvaXeSlXde36aumow14b2iKE2u0657eMfPf+5z2tv3yEYhmEY5hinwHCYSJrJvKPbtP+u2RjkRGpiuv1y206RlTC4aSwYhmEYhmEYhmEYhmEYhmGOIgNaB1wg9ovy4VNpa8d/FlytbTd0ErZpbeLrGTH6kGDR0JBK4Io/5bwYbUIZsWleDBuCpViSOu/IXbjyxg4GvSzsQCjSmtfiE4jWvRhAEgvUOAzUb62GZXSUnIDoxFDPyobZR21kgp4bIEgA3UmZa11Y2wK7jyTRhR66hAkkzrIsjuM0TRtqLOuVIw0ZB5Wuf0UDE9kwPrES5E5gnYIyhEjB8GrhZSixBN1JWZa9Xg8seuxU0kpJGqIsjrTwITeuBujscCI3GiAfgQc8vOue6nQ6SdoaUpCNDQaiL/7SBipOZKVBUaA+AREMKbas8elNlSZjSMQ2dvzsyk8dLov/78Oi6WgyqDihKzQN2Yjb/6TTT3rXj27z3vB5/t/v/Yj7od/cAsoTT9lFuqEBxYkY9jihx8eetOMfb969UlWPOWkHKU7sYG8P+bI023zDBz9wwS//f4JhGIZhjnHcTZ17pHjLCWTCpeaT+98jIFBWubZpPNmyHYZhGIZhGIZhGIZhGIZhjimkD1AZNndYrTz+29wDK91uDVuuw25kXAFcwZfDTRL1Qn/l1ECWEr4QlECzE2/BMbRqPrF4p5rGEraxuizhR+soScTIsn4QBoypbMSIYi1k1XWWNCuiGTniDWOs8Cvp1ROoOPHZMSABAH0F2MxoNNIwOm21EtvKe1ndGjyP3UhPjI1B9bN+nudlWaLMhxqsVpg7lbkHWPdQMk6t+QiBNt7ZB/9PuTaoL7IoVzBFkWNOzjIZn1iQWUVC+u+/ouOJwmAeEO6kadput+IkiSADB05YFKU7ttftZf2sKAoyU5E+6KcWYYlBayMK1qnao6oYIAB+90FASlUZQxCcJJtfya2nW/OSBWqTlNiwL+8Wt91afONrQ74mdkjV4VtUKzzOnu787Jknj63w8rNOOXO6I0ZSdUJNTcWJG4u7TLefeuqusVU9/bRdp3daIx4njTrH+bLc+M8fEgzDMAxz7ENOJ93lTEwkKPydXMykNo9URDS4DMMwDMMwDMMwDMMwDMMwG0WVnCKHFpfXwq/j+iQdXAGvVrFDPeuqqtap4Gq59P4PfuncLZGjwYaqk1vAqcGGiB2K1znWvqs32DlWGFBuaIvpKIcXUr+23KfuQVKV2IEviTb9IOoFdn8cJSd5bQU2jwxpBBqf6LJ0v1ZxNYLca/AUkzgscT/LLZiL9LW1U52OazS4j0CAi22ILWQtxCIHFLhgn7yDohtlvQTBuF0axVFQUuH/owiiktArRrvRzXMD/iWmY6Za7baVNlIRKF6wX40p3QEw8yMloCGxilI38fvdXmEK97tG3UmpS2M67nApEkGuPpVViai8QKDbmwKRyvhEVK444ZVJr3gR5o0kCRJNDHht+UoqdVRQbVghNlDctfy5z5pVPE6Cjc/Inuedd6Z7fPsNt8rarsc+64yTfuGsU13rDIqdxnqchFlfDZ/4xbNOcRvvu3l3s6qfPmWnq61qST0rxrbQNlpYLi3cduXnT37gg8RGMPSqXs+789g3gtGddqTAut/6x1Q74e5GDMMwzKECf9FQONzPSjGRrH3je1SZ2OYtLWeduVZphi3uGIZhGIZhGIZhGIZhGIY5LmkufleLvat5MQQHCyi9QrINGIoYNf5cEo8au14Jz9Q1wgK9UpXbSL1sLQdzXuxKjibD+2GNHpaIrfK/gWUK1u+tS8gDRcJCfGSUMtoUVcoHlIHFfdA/oHRA08r6VgSph06uvVcGN4JcoX7KL0xL+namxSVrrAu3KuuRda7/jq7z2nEOFFUBzPAxrmYDnWOkQYGL98jAJpCCB4qa0v2oOKGmoQJBeMVFJU/Cw6OyNGWu2662wqg4itOWhk+xrYTRNJhwMnFWJ7GbHWQZYkApE6VpAtdTXSdY5qC3izeBafSf9NE5ttlrrgZXFWTZoHhIGMqBipRRpS610K4HDObsiCxDgxOZtlruX6Wk8V0qUcICfitxHJP/SoxBPKD+cM2U4CfT7/cNyazabVc2SRIahqAmCRMiyIIi0L74AYhjoTWVkTgDDGX90FdxqVAlyRiYWD7ySojNWD3pfekLQgxk6HjvENfsUcVJo0yk5PPPO/PRJ++6ZmFpXz/f0U4vmJk6b24ay9SKEzPiUOKDkhp73Ej/8tmnPvyEbd9f7O3Lix1pcs50+64znYbiRGIPyeDFEtoTNCiy0ebb/utTGyU6ObaY8PU/hmEYZv2QE0YU/pBOHqWePDe9BmU5oV4i3V45v13kGoY4jQTDMAzDMAzDMAzDMAzDMMc3siEmWVdseVPjUFciB0uMUTMMLBRWcTZDq4dDupPqdCucq1JeWL++a4fKDZ0enCNqtYaAT7hlJYTBi4KV/TiGpX10PZGQ9WL8UjjEkhtQ0ljbqHwrvrjXvA654kY9KrJav64kKT4RRQzoieyKZxu5JtsYKSmlWMNooJ5GviXG2kqQYGztj1Et9AtSIng5BEgZIgqBgRFAhYZb29el1EWhCx0nMBZxkhRxYchR3MrqcusWiwkgnu5M97N+WUJDXfOMaTMDmMcAABAASURBVLdaLfRpQc2ObbibVAlDYkjdY4NaBGQfwU0kiLDqlxB0C1jylJhCpLXVpZ62Nm21VBxBzo4QjVemokpAKaLU1MyMq7nvFgfK0miIXyIFCYirtG6322majg68rLRdQzIUvFiNv2qDOhgSGfnTBXHKIJsqIygP7C9/9MMh9YYQdWZNOPe4MjDBzpudcj92jAqEjhpRnIiGasQO1HnX6c450+1g/xMUJ1XdcuAsI+0xjZydOz77X+K3fkfciZFeTccwDMMcq+Ql/nXTE2pzIqCFE50QU0xw8+gO3Q1xGm3FfzIxDMMwDMMwDMMwDMMwDHMnIUgfwi+2Cl+RFK4yCglKmofbugIbsj6aS4/eMUKs0oxaQhHOSWISpZIkMUVRKqVlFeNuBcomRt1TqsiQyU57GGqe9c4WViphxxXYoDOCGsFYQR4ZQwVw2PFnaJzASQaTdSKFTh74tDZalHk/K/IsThP3VBwlMEygkTDVRBKTRjw/P68W5XJXlGW2vAxiEEe73XZNt9avEMgR0VdTUFJX1lCf0P5K3gHbUaSsjdysdjtLB5ypV+rcHdM2ut3pxDFmKUmFkg/oWDCrAcMVZUpNmhJH5rpYCo3HZ1lmrCGnFtcYV4YMS+ikmElFjcTmGe96Ql4s1GTXKq1hD1y5mwpa160Xw4EpweZEjGhZDhW9tNj77jV6/4Hy4H7ZmY7m5vIbrh9Wb4x6nFTyBQwj8qlO9ZNe7RF8TRqpOvT0iOKk6XFS11kpwlDKErxMhj1ObKM9Q/oY0VCfmKWFOz7+7612pziwX3e77krjHTtn7nHPeHpa3DnYVK0SwzAMswWQjUhZTLDoZFJzf4h+NsGaGHcjKOLJdophGIZhGIZhGIZhGIZhGGYTkMMaADuuyGHW3dCOjApHDrWigTXrdVew9ukw1UWh04nwUSe4pmwxv6WSa4gqHSWYdkyg7mSlK3Wr7VZjwI1U4xUOgxzupeFhoLPQ9eK9+0H/EoN2HCiBCJ9EG1JV4JEKVQ3gnEE5O/B0WZZ5aVACEcdRnCRlURiTi0MY/3XS/HD88OOT4k6nA+Y5Uby0LLOs1+t1SYnjLiyC6TXQ6VWQzvgQqYaJiPRpNVUZizFUSSyhZ4Qh7QZYnhRlr7vsutntaHc6aZLCeaPInwI8fJQ0RsUggIjjeHp6utVq9bu9Xr9n8xyUJxlUAtk9Wrtn3eWIWjhmG6MlbaUicvWHFB7MWBqePfSERteW4KcyOlPlusOfmuilxYV//ED3E/+us0yj2Il+aJtmFHSXlGkc1xoOPHbYTWTQoWScZ4mgfghV1HuqqxlTg7Ar76nbE05QK3LwH9fy+XY7ieD7wp0kcVex8DdvQicZCPzSEJFkRNra/tgnnv7M/xHPzIjjhdGXA8tNGIZhjg9IkZBNsLCj1HAjEW1+oOZh4O7SyPZvMimKUiQsOmEYhmEYhmEYhmEYhmGYOyVD4TabKaXA9dk6T8eObchaLVhx/XFIQFP9uuJytpePgA+EcmvwaaKLwq3igiOIbx/KTWApHXQTsB/sEsik5ZgxjbZ+ld9gzzf2r7zELwedZtakaUgDq+GgWdDDpzMGUlxgv5G03o5aEzweH1BxoiIQANFOa/0QWExriUF4EkMl6DohNusT96E5dAiAHctsknSmOlESH9hv8yLv9fog9xC23W67CyCDizVrlVWfqkoJFUbLVLE1VqKOxEQWTU3cEoTWZVHkBixVoItlR7hmRFFlU+KVK8qiCARqi+DJqRlUxCjV6/cxFkebviGljyuTJElT8lK3UEmaWdKqhnrDkgaFlC500rIsVSXhCjKaoDs5EiVBdt11B173J8X+fV5lQoInWM0CTUbpNSi4jasfs+32FFjOjPUUQY+jprPIah4nQqzscdK8LttMzxnYM8bjRI74spwwM3PK7KzrrrJSmdCVWro64bd1r3f7h96/+1OfuPB//9HsXc8Vxwuj6qXg9MMwDMMcu2j8c5kXEx1hk+XFVLslJg/XMDHB9PpFK2lrlokyDMMwDMMwDMMwDMMwDLMJ1CvL0ssM6JfRiBS70ooirpuHCA4pV0hXGZA5iPUAa5hu1R30AmmZ5G7dHoN1Gk2HhXVUSFBExgQvelaeFLKp3LH0v7Aiju4JYo3uCYN0SBeL5heoERFBJuFjRgTs1ca71EhD7SRxBdjMRCjkIacTpSCYBXQqguQmpjRaaVcsTpI8y0bteTaUUPUhD3Tc6/U6HTCkmJqCuJOFhYWs3+t2l0ljQboTd32VNYgCT5jB8CdZOen4tjSUQUMzz6B3iOvdRAptXF0K1SFZnuewNo+dlNqWSlMZqUauFNSsVASDQMk4SnWqNuR5gf1t+1kG7jjod+LA2CQjKxGMGHBn8eISfIQzo5TFq5BIgAJO66gYcBUKpcLLOGgIyAHlkF5a+sC+/a/6A93vB1+TyvzDNvagVsP4p/YuL8ezs4lSQ24i/o1o2AelvsxaXyKbdiRDWhMR6hzjpyKGNChjPFdMU3Fi7Uyrdfr8vK7UM9qrr0y4Oo06Mm38r/meO775kt/8sb9/ZzI7K45HjkSfxDAMw0wIxuvBhZ5sYcJyL59M0YlrmJhgev2yMwejbLzTIcMwDMMwDMMwDMMwDMMwTIWUG7nGX68sD4TmeKwdLNM8rvZHWA+2sbFqOIOXPkhaNod1/PrsfgFbaBDLRCqki4gJhhQ5tZKBLt+tTZelVIkKfd6QOjSPps4Y8qFY85Kt9bkjGmy/UV0QWoPPC0vBO0F3IsNxvhgGGAlMoakUKRj2UpQx+lOQRYhSkYF1ikk07o737NkzNTU1OzvXbrejCPxDDh6U3e5Sv9ezFmzk3bNK1YKMcOTQBA1ahqC0CgNgMVuHHn09rkINMgY3e12/qxIMT7rLS2CngUqTFHUndEY8u5/EslJ7qDQVlYqlBNxUsSReoVa5y1GREtXcakphhKR2Ki/MqoQydKDGRCWDRvD08kLjIP+sahjXH6qk4MA73lb2esHXhLzmRxUnaEJP+gwoudDv75iaEg1PkaG5bkiD0mjSivoS0VSKNMs39SVCDKTqDLqejPdckVR+5/S0DvqShoOLDh4nAvQocF1wpfBsuXDg2jf/9T1e9L/W04HHomWIfzkIhmEY5liFgleUnfT8lW63MPN01zRBlKXp9Sc3lkjA+Fp3w2g0DLSKBMMwDMMwDMMwDMMwDMMwdxKqlcfGZ6pyzNYGnQUYWFyWA7oTX2wkVMEfiIvUlZphbbOLplSmWiaunlr5kKoN6GsSDBG0kREsq4dgICkm61NobHaQJcigUqiVALWxgw1PyTFdXWsSxFpKgGEpjxUKk0Mgm8XUehd6SpLXBiyYi6pRoDLxJVH0IxQ+hlNbyHqxWrsKaeW+UtHUzjdic7GH9CqI9+870F3uWSN37NyWpqkxU5Qz1O93+/3c2q57anoK/E4oKwT9QeSavRw2SGviPU5IJIG6EPeU+4jfbaSJq9kWReEGIcv6kQI7E3cVrXYLut+LPMCxB8U9MnjaJK3WlLuAOHbHQkhP5oAHU9HutBOUnVi/UBR5BQCtx1gKAxLUX648JeyISiUDSgl3tZVihlRDclD3tP7hNP1+78rPkg5Dk2XKgMeJNzgZdgSxtlcUoulEIhv+IiMeJ7Z6x2goTkb3DCpO/LPNPWH/UM5OOEuzPXWZNIr0gK+JbXqc+EcT9nsflFv+/d/WKTqZfMLED3uMmfRFSoZhGGZ1SnwjPybez7v9bGaqLSaJXj8TEw8FaGojEhadMAzDMAzDMAzDMAzDMAyzaQwpHipZR6U7aXgfDB1SH1U7BvidY08U9AmkHBi0kRh7Esz+CSocaUl3oiG7BOQQYBNt6wonkyAc8aYssM8GW42mTcD6rkCJdWK9vYo7raltTqrldm/oQOv4jZV5P3Yok1EKcnbgUVkdRkkHuw0U+qjNMWhozgk5uPNQRCdFUWitpdrnjpqbm3VtbbVatLKSZ/08yywE35hOp4OaDLc/orGRgyIakv3YkZCd8Dj0KgqdEoEfSSLgu7ClO1eWZWUBdjF50YbcnzRBiYMJ9j6uwwX4kUDMTZwkuCfKUQsDThpZ5i6n2+0aa/Iin5ruTE1NuQJhrajxyhxoG40mXRqpT0hkI6pIHQwA8jU01U/r1J30vnN17WhCzh+ovShRguLzdGrFiQC/E5xKroMGXEaCXgTkUGM8TvDdZkRfsobiZA2PE98VK3icyGpbo7aoJAeXhtMJupsExQl5nJAwDq+31933ne/suPvdBcMwDMNMHhq1xjbcKU4wBw72pjvtyfEFc3/m9y/0xDGAF50wDMMwDMMwDMMwDMMwDMNsNrV0YDReZ+M+3q2X8NdayvbROhCIosiSQ9BiMVgymEoPUO+tFR2TxKggQ3pBh7+kIFdYk8PyEKmW5O2Kz6OviaVOrFRHqESRwnU+DQGZnchgFIECArI3iaIojhNduoX3SVytiF2by7I8eOBACY4admZmOkkS12h3OUvC9nrdbq8LUUfGtFqtqJptTS+T0UpHg2BENZBBTBSEOSj1KCMV2cgfledgWdLtdvXc3Oz8XJImJUxoIRrpNqR7ESGKqSFQIhnN8tKyq6Hf77gTTU9Ph2QfUaub/CvEZ+g01CR0jWRHUqLgwotscIMEFt4KZd3o/fvLoDhpuICMKk4MWYBUio2YWi4GPEWE8N47gwoS7Fhb60u8Qq5SnNhKIRMUJ9XoyJU8TsRAnYOuJ1V7wrO9sohQuKOr9pPBSVNx4g1OBlN4+vv3CYZhGIaZSOjvoT4WJAnuj2y315+eGLOTpeXepjv8bQhwM6JM+A8nhmEYhmEYhmEYhmEYhmGYzUGOJIoM+TWs4/AqPacRFlM9PfRvFeYy9nNaW5mhoMWDwh/IfGmYr/iF8erU0q8vb6A2ZsOwg4k5KDUBuxZ8HHaRqdxHxtcTcnYOrQG4CD5O+yKDxwkFitBCvFfxCKtcr0eoOKGkmKoZmOyiySPDHZAkCXrPlGUxic7scVlq1FiIpaXlKNpTluXs7IybWK1Wm1QW3e5Sr9cD+UVZpmnirtFdUlPDEWh24fCgNvyCgksK9Yf7NY6rXBtBsTMgVHDdtbi46GbA9Mx0lMRDdcYxyWXAesW1Pg3qJAuROK4O19pSl71e1xXO83x6errVamGRyL8kaqcTFfQxJCUxlWiL9lPeEPjBVDvRqkQcku5E64biBA8b9TjxjiANjxD3ON1Kg6eIqDxOQAk16HpivetJ09HEjnc9GeNx0nA3wRChhuIEw4mqF54Z8FxpbKMPykG30JW2qqsD8Yx3NMFRRQcUa7zTSd0PGsOFBMMwDMNMJF50coz8qdp3oNsGlfDRv+V3PbZ/oS+OBYy1Aw6TDMMwDMMwDMMwDMMwDMMwm0PzS/4iLH+vLOJoCErksGBFyhGvlPCUGF7Ft4PSk4FqvEcDKDMgIWbAr8MYLY0U1bq5mFSqdX8RNAsomIG4ZDF5AAAQAElEQVRr8VFGKEQQQaZzKFqftc8OsgEQhJAhQ7NSv5RPtiWmEvQEq45GLotvkpI2LEegpURZliqOoyhK0rQsC62LdbVpvV8J1Y0gIWrbunOFGsRYC0yjsjRLS92y1EVRzM3Nx3HcbiuJlfZ7y/1+H6U0HWyhTdO0EpGYoZaTB0bdrjC2leYKnzAKO45EG0qCQQZpOGA6R5b0CUWRLy0tua3pGdDBqHjArURgNI93QIm9KkVatzOCrodLUm5sl7vdoqDIF5UkMaT5kImOqnQW2DBZja1ri2uWewTtkNYRyFikKTU46wuUZPgTuWNcm8U6F6HibfNQIZl8iGGPEx1cT2qPEB/rM5WkYshlBHyLfHeH/bbxbOj7puuJFYM+JZVQKyhOqmdqxYnfM+SwIkY9V3yZxSzLy9J1JV5XrTihX+l1RIoTujrt99j2zl1ic7DjXk5jdo68oTQUfOJQTjd0rB2VKzIMwzDHFvQmrotjQ3Ti/s4uLHW3z0+Lo82+A8viGAFuRyPBf64ZhmEYhmEYhmEYhmEYhjlM5DqeGv0E8lAUD0GUgFWFJWC/EA9LvSZYl9DusHI/uLuBN94gN5DK3wFRtIoL6+SRV5w0jxFmyO1kSz9d9UoR25DYUCOsHJGRKFz7buyz4YjQH/7R9xepgES9Ujz2o2NbCyPI60Kg/QToTiTV1TyKdDzWK2DwHCiTqLJ0UPGDmh/8P6gJ0DWD1AK47F5Ki0YoEY7SRn6cHY1eG3aBa6SprnFkoo5M3ThJUnTyAPWGu7Rut1+WpbByHnJt4k6n42o6KMDvJMtyqSjUCUOFMIJHeL0CijdWeT1VwhwBdiECo4dsdTQ+D34l0J+uqkRFRVlQNEue9anNaZomrVYcR81kH9eGcOHkv5JEsWt/4cjzHP5ReVlkeS4Xl12xqakpCA+CkiTXwvEPRkNuFHGwYbhcE0FjYpX7H2hNDL66rLYa9Cqo74F9Uqj1aX3ad71r5e0xoDgpQZIhdMPjhPxOyBPl5JkZMeAvUnucSDGQqrOGx8mI4sRYM5qqI2vBRMPjxL91WDlWa2IGytyxtLRzenrI40R7+xpQ/jTdXEzldLLz7ncXxy+TLPpjGIZh1oT+MJpjR5KwsJRNd1ppGoujR7efdXvrU1tPAO6ek0UnDMMwDMMwDMMwDMMwDHOnoLHQvHEr93Ls5sgu22hF7cYxUHQ0nKVZsrY2kaJhp+FtBJoyjFojUlXT+KXC2FpQ4INKKtkJruIbKwbq9KvVvimbs/4pV3YKWLPkaO+Hi8KKQk/5zpDKkj4EJkPoWzkiSLFj667bR//CUjhYL2jftOa5sDNRABBkJ5VaCA9XCq1MkjgutYkjV4/EQ8DXxOgEZDNQexQJbOm6un5w6X+1AVtPmTWJ3TVouHgvntDa9Hr9ffv2utq375hPkmRqatr1sSvW7S4VeeH1EMa2WilEB1XjIxsvzpUahIlJAs/lE20ovIZEOnEUY8WGQpVKED24fjRZlrndaavVKopWp9Nut5p1kvbFaukzcSIbuYqIosjyTOWqn7mVj647kS7LVrudunWYJIGfOMKcIK/doj4l8xUyEQLLDrwyFUfYSTDfoLsMalbQqcWIdX31Odl5gpidNwf2kQ4jGJzgBukz/E9I4UnjePvU1JDHSa3wGKM1oVN5/YdoKE6G3lgGPU7qNwtTK04GM3Qazza9VcRImYUsm05T163GG5w0FCfGVtfrXU/o17kLjmfFCcMwDHOsQ3/mJzEjcWV271s85cRt7lZFHA3cnd2efceMzYlA/WsktlaKzzAMwzAMwzAMwzAMwzAMc7jL/BSHQ59a24YNyVhTlZWW7QFDa/x+ZZwecR1Xk+LE12b9aTCMQ8ij88HzobHa90jtkB7D/z50YaFP5Xo+O7bCLY3rsgTRCZl1BEEPeZx4cQC6bqAvBrhjSC8eUpGC6Jy0sFCJJscUd2L4tyiEmJLSfYbthgbNMVQk1kdTr7MeiVWdoHToYxxbjxaV0sKdsd/v79+/V0o7Nz+XJEmnPYWpLybPM3dtWdYPWiDSfECn2NrDZ4VLqp1QwuuH1Ce0TaoRaaTrWl+tlGVZuP15nmutizwvytLN9yRNmkMPleAvUAPIIPAlEakojiG3B6vq9npZnrlSRVGkadpqt92PEK0kIYkLDbwPe4J64EUD6Tm4YCNxCKPQckNRPNhgyDlaH3OPe8Lt73q76yfv/4HOH6Q4Kcnzo6E4cT+nb5u3TY+TysWk3jOiLxGjSpTxqTpNl5QhJR3sMaOOJkPHDrqeeB8ULLN7aenE2ZlhxQl6nJCvib/G6nrPfNwTBcMwDMNMKoPKzmODUts9+xd3bZ/det2Ju2e+Y+/CsdVdWqPohFUnDMMwDMMwDMMwDMMwDMNMNk3jkw0wa5GNLekrJ/8J948ctEeR1YL68YC3bPFr7t515AiQ8Dmz1kUBJiUknaiW6kPNBgwyNKpM5JA7Dmob4jhJXA1xEuuytNX3YElSVEmLDJqk4AnEwGA0nUGGZkUtJVmB1V1FVjmu2QJwOkHdEnSE3wJUlmd79+3VRs/Pz7WStN1uu2eWl5d7vS5qP0qKFyJQ6ySHmjLaPmvr/iNNSbMMuZ6A84o1VK1AIxpblm4xwD1kGUhPXBOnZmZardbA6aSMYgWZOKjhIN+VGHs8VNXt9fLCNR3SdgqkjcYn7baqtC9kvlLHVhmQrISUJxMyjcjjxOLjeqVEQux6/BNvfefbGooT21RmBMWJxj2nzc+nKhryQLK26Yo03uOkuWdQfVLXMKRBsQOKkyFViljnHlOd2M2M/d2eGyGycrFoeaJRtdT0OAmuJ+c8gUUnDMMwzORyzMXrEL1+uXvvwq6dc9EW6k7cX/zd+xby4lhyhXGUpUmPm/9YYhiGYRiGYRiGYRiGYRjmeKTWE2zYR5nSx8AYsjXBNXL8PBkNGhpuF5XkQR6pNmProEtbV1fZYE/hUz7EYQH5NxCGYxrVol2G8fIgDN8BiQUpESyu5FeBRtD1INVwP5DUAioF2KtCMpBoxJCoOEmxOhMMaZrCCbKKOCJF0rr6YaD6uDLzEKg4Ed7yREEXZFl28OBB1565mZlWO2m3O+4aBJiFLGR5DsoOEIjYdrulyA9krTM3Tx2EJuGxLEvaUHgWd944juF0rk9KsskQeV4sLS5anOspxPskoTZv+ONjZ8BbhsxJWq0W+aa4vX1M6tFauw2QspRlURTuKYrs8bZA1ip3RjcWCl85tvEobIReLPSDs0TqUon1kc5v2/W0Z9763nc2PU684qThAuIed01Pb+90RBCpUeeRu4mpPU7WozgxZoxSBC4CRCCy6Z6yfo8TU7cH8qNCGVGV6YLPj0hjyksavjrTUJzc7ed/JZ2ZEQzDMAwzqXhtpT72NAn9XN++++BJu+aiaL33KkeC1ub2PQtFeYwpTgTcXuopzC9lGIZhGIZhGIZhGIZhGIZZk9GPEg9PpzBkQbF+w4kqycSu0sR1NEmGCryPAwaJlLIYPJfGBBhLn6FKsRWfNm8QpKoh/YwcMG5Rjfgb0ItYiK8xjYEcm1S0EuiWUjnEuA5SoXLrXTlQBGJAKFIWZQzikqhSdShcb0d3DBVjhAvui5Qk2Qou96PkRwXFURTFkOKDT8jqUn1bRibGmjMqFBhwDBmopFmDGdkDxAJCZEj5oQQpLtBfhJ7O83xh4aDrgBkz3em00zSZmZ0DucayzYtcdRVNf3ALwZOvZONTX0zV0KDG8kITpeqoHVtLcqqcHVjJMOgRUhRld2lJa91qtzudTpLEwaDFPcYxBAa5ZyWqhmx1ItdCsmZxh4O5jdG5wcieoohidxIFBwovLFJgYWIr7xMYcVcgqMfweVDqaFIqRYewRnGXn/vF3Z/6RH7LTcY2PE6M0WRVVClOTp6drU4mBlUgorltG1lTYU/1+xiPk7DfDCfs+P4e62gSKvIqk0FVSu2SEo7CMkt53jEmiSLdtDYZVJxMn36Xi5/7PMEwDMMwzOZQlObWOw6euHM2TWOxmbj7q9v3LOpjU7hhWG/CMAzDMAzDMAzDMAzDMMyxAmoZxgapHEmFQklYNI8jFakgtaj8TQQGdlh07jCy8o+oa5jMT1ilb1dDp0DmImTFANKAsFCONgt0UIjEWUckjfASBfdPWZQ6L4QPZam0IM0DfD4ILJijfkTR06DLgH4FWUIUJ1J5dQTF7mCaSC1OwtFJUFkgN2b0Ry7q8ADRSRSB2oM0MuirYRr9aL3uBGUo7XYrTdPZuTn35OLSYl7kFpUmynVAFKP1iRc3jRqZUG3h2SGPl3AgOpEYEq+QJAWfjWDktaVSRVGAW0m/n/X7U9PTMzPT4HFiKCFJNSVI/njKysECcQL2JlkGOTuu/aUuDUhTrKsnjmNXga2UMK5b3A/KJCz5o6CmByeEkWi8oqnJ4lC4+yv/+Osv/LXywH5SnJS40EFqDFf7mdu3zbXaYlThIXFF5FA8TlZQnMD4BuWaaXic2PV4nJCSbdDjRI6UEZXfSax10J00XU/cVbd3nvDIv3iTYBiGYZjJhm4xk0Qdc6kxhLuJvXX3wo5tndnpjtgcFpd6+w72xDGLG1xx7NhCMgzDMAzDMAzDMAzDMAyzpci19hzuSv2QBcV6HClq54DmzsPWCuDH3yjFAIGDipSKI6FCNI30y8u4ziu1dr9EGFRS22DISfxgdaBPyLOjYXNC0TGNxXBPMPmQohaerH4WqhBOp3XR7xd5DgvoVhrp/VVEoxGWHDaMibwwRZIPirD1ar+KoiiJZRQJrevjQrYRECmpClMOtmOFaz8s5GGNaVz7pQTREio1SFxBGot+P6Nudb9PT0+12213OW5aLS0tZVmBEo2onbaSKFHKgm0IeJZgTcMBQmOuMMhNkiRxhfM8dzXQ9ZDgA7x8cE8sYggmQnkGqECyXBeF0TpWqtVpR3DiKOTskCrCKhnZCPUicEWuSFmWcIIocufJchCdLC4ukjlKZ2oqwUoMnjFYsLjrcM+SnQp1iKvPXSL1lKYhXzdTp51+0Z+/8erXvHr/t79JOgxQcrQ7J556+raF/VE1ja0UdsjjRA76nYigFxnUmgTXE9vUoFXvGE19ySoeJ3LFPWYl15NxR+XGFFrPn33X7q03myzTmN4Ebi73vu+lv//y2VNPEwzDMAwz2dDdp1LHtiZh34Fer1fs2D4Tb2jUTlHqvfuX3B2ZOJaJKB2TVScMwzAMwzAMwzAMwzAMwxwW65AobMRZGmKCZorKkekMJCbmmGphH0UXQYwiaBnZrfGCCiLC1epgICImFboSijgBcYcao6NYp7JkfP2VcUa9Cu/WxPPCPYKVBrpJBCOaRiCMIN2JCIEi0LIqvEgodNcQcZrESUpZPGTWQtEjomnEIuuRkg25jL+0I9OdjB4bonsGFU8DxWKyMKm8ZYb61TcoipTrpoMLB4uisKg7SdN0embGbeeg29DLy8tlUXbS1gWb2AAAEABJREFUdqvVosugxyAoqc5s1UiL7WCYDsTcaNDmgLGMIgsWU9fjRkFJiKOxXmPVW+66AnPb5mdm3DpKhCtD4B2iSBWC4gtlFSlOgiSldKdJEveQ50Uv73W7y66SPMvhAsDMpSUELS+RmMligo+rKUL5kcV2udZafAUe8uLN9BlnPuCN//fAtdfu/+412cED8xdceMqPPWDff3zsjr96o6i9SaouQo+TetauoDgxdkBxIlbzOPHakQEroSH/kqa+ZNUyolHGjJShw+56+S+c8dCH3fbVrxz4wXXp/LYT7nWv7Xc9VzAMwzDMsQBZ7eGtyLEtrehl5c23HdixrTPdaR+5hkYb2+32j2mDk4DE3jjGZUUMwzAMwzAMwzAMwzAMw2wKo6v3k/ZR4hE5W8ima0klZah+bZ6DxBWiErv4Z8k2ZCKRFIoybri8nKYRn3IY+NgW3NIlZK1AApFSVpthOUu1qq5L7X5Ec7xss8GUL5MmrRJtL0pbl7KyLmXwsjDphZQe1sqjPQqxNlqsbJMSpovbKEu9tLwMCTVx1J7qdDptt7/b63V73X6eQQcZgeIM2dSa0Hal9/E7h0w4MHHFnyuCNBZvXx/2U51UCYg+aE4LEPjA/7oYfKPLqampOE3JaiVMcVBCKBmJSFRCFpK2uKGKQXqSWWl6/V6/37NlmYPgpEWqmgRVKRC4Yy1YqIDKhGQrIPVC6YnC9kfisNh2/vnuJ/w6fe/7iFGFR+VxUs0YfLbx1rFOj5NqW9pRbYoNYqoV/EuqZ8UqHifDbfZlqM5TH3Bp3Omc/uCHuB/BMAzDMMcUJDaJjhdJwr4DPfczN9OanmqnyeHcw2R5udztLy7n4niBBpc1JwzDMAzDMAzDMAzDMAzDjGXEt2Hw1yOQfBwylb+GD4GxG3BuKassnWYkjHTnAK+Q6hSkc8AzgrTi2Pk8VVZ9NbBPNPQc1XjKoeOqp1cgdD54W+R5iQktoDgBLYPrIytlw/gDB02XZZHnadlWqZDN2mXtEYIJO0nSApcO0JooRU4Z5PdBuT0Y+iLrZgxKf/yerSUW4xUnZIMhhTdggXZGriO0WVpeMlLMFrMzszOdqY6K3DWJIi8cfdGjmtI0bfqdhEkvfbzLwMsgFAuqqBizoCBAxw1M5U6DATcqDJ5CHUaJPihueJaXltxjlmUtUMN0Ou1OsAbxgiwF8heNuA1IS3LjFcVpGsOlSZnlWemq6JUZCGjKVrvdaqVQU6tFQ46GNtCcSv4S+mpjvvfcOunk+LQziptvbPiFwIQUa3mc+JKDHidy0OMENStNxYkUYkQjMuhxIoeUJbSnUWaM+mSkHve4/W73am3bJhiGYRjm2IT+4kcbmkpz1FlYytxPqxVNt1tJGreSeHUZtDE2K8oy18v97FgP0xlFRRyvwzAMwzAMwzAMwzAMwzDMpENr3AIXq2FjYxQnpGGhBWaoWqLHRGVXEDJVKo8T/zPp3+LDpq5DORI+GR4jl1jlIO+doSilx1i0OTG12kPKcceD00ne77dnpmMsKVE9Qb0NiSWWhA1xnLRgbR+zXECiEEfeagOaqah+HCU51GCJsTFboTipPESqE9uYWlbpM4KoAbeC8EQoSLQRoKxxvbW0tJznpTtkZnau3Z6C+a1td6mbl6Xo9QXKnHBtBi1PvHKossSorTFqKIGoFjfgLspXMphfZISBeBvY0OSlgu1xL63Inbx055Uyd2sgWud54UZLeeWKN8xR3mXFa1A0TgKDr5/YxNPT06AQWlakO3H/y7LMVVXkudXGXUCSJO6MMlIgSJIaPPahJV4NozZuFWr6kgfsv+lHYsDjZIzipNKa+D22WT6Yx6zhcTLw6A8eVJAYO1zSjFWZiPE+KGHPqQ99mNgEhtxcGIZhGGaT8Decx2P4irvfybIubaeJgqTIBPzi4ki5uzFdGnfL5G6sQKJdGnH8QmFDLDphGIZhGIZhGIZhGIZhGGaUtT85rFfYN12KAQIFcOdGFw00aUALA3jKBo2FDe4l4/GNtc0FV4FL9ODVgHYaoG6h5BhFK78G7SUi4XN20BGhOp09KkbSQ2vEI2FAtGEwtKQyyGiUaJaVQ84n/l87LFlpXjIpcKC/olIX2n2Gjm4a1hgwspDDx1XNMVXCDnRoEGYETxR3PHmd2CTBygw6tajgSmElWbdEsGgBIxVZUXpRhA1CjNqfRqyqnVn3Mnt1+qq2wRcFnDpGfYxERUFjQlRqE5ynbuqC5gKNYODcsARhswMHF4WMpqemW2lnbtZdq1pe7mZFrpdFWep2u5WmKZiAKHR6oZ41zWsI2ULSDomhSOcCIpNIQoyNO2sE7hnCSBgAnPQkGYlA3eKqKh220LA8olEWZNvtdpIkqVs/iWLqVhW5hRQBAUhGY80letuIVHmXmqzXz/I86/fdSOOlip7ou0f0TunQVJXWzxFfJ6i9DjNeZ5T5Bz90/z+9f3WPkzF7cHaNakRW8jgZ402ynj1reZzIFeq5y2MeK44e68yvWs8LaqgqFrswDMPcSaC3f3V8OZ2MkhcmL46fxJxDAm4mj8p/FTEMwzAMwzAMwzAMwzAMM+FUZgkD+wYWDUPUx3qqWosV6gln9HEiSlo0pMacFVzDb0bekCWEGc7fGUrksUGLQeYU8LzSaKIBKgdSY4AIAleBlbR+kd5gzahBGRAfbNYnrKOrvXZYQSJGC1QYCERR+PF+EGKEI/EyMVZI2nGioQENgx14hKV89DiRIjJlqUvI1vE1QM+YOtOHetlX4tbchSvpfkBZIkx4rrnUDsqMJIaTGDeyrqrIPYNhLDgdQXrhBiVWkY3iQpc4hIauguwqRGPSrj4u65m4cDkjO4cTp+IqSgUlMqiEChKoMOdkZVfixTAKXNa73Z57Xms9PTPjLnt6dsbVsbBg+lm/KAtRh+aYViutknGGV+rrtKHRluJTVZYNVOXOZYzQoHmBcBwLwUUyjiPXPHdSXZauvCvT6/XcY5ZloBQR051OjK8NSR0dx7GyIMUotdTavXLcOEHgjtufxkkrz3tx0ut1y6Io8IzudNToOEkUAlVFSmob2iY2iKlzzolOPtXcdnPwOAlvUWM9TsL2gOKkLi8HPU6EqAdgBe1IY9yH9SVyTD3NMmPaYO2u+9xv5pRTBcMwDMMcsxyX8TpMExXBf0optjphGIZhGIZhGIZhGIZhGGbikRXCr9KKMS4r69ASBHsPH6aDi8sKvLAjtNAQVVgM2RMoobxABRUPUkz+F/lQ3ABXFIOFBOhnUFoztuwYS5D1+Q+QeUmRF+B8ISohTnC+kcNfeCT/EgdKSKRf/LdyRNck4ySxotIDKVU1ChRGbk8Ux2DWoYwGFxAtRtrrHVw2h1F3hjhNkxLNXmSwjm/IQ0irgcIYEqVYUue4ktro5e4yuYy02+04jjtTU9BNCybLMveUK9BKW0mauLqSJI6iCLqP1ELUJ1Wf2aDyqRJw6qdCgAvKO0rtdRiVogXlIHHcEq0yjsmyxnV0nufu3xIMS0BqFSepK0O1ogsNVBXBa0Yl7iA3E1xRrRPwlI9IVtJ17Xd7C1DPKAnff221wLslIekJ6p5w6oiNtZvf/tgn3v73fyPGOpqsoDipHuEfs5Kjid8jxIhSRA7pS8SYMmKtMs1zkYiJypz9k08RDMMwDHMsE+Pdtdo4YzNm0nCDq61gWRHDMAzDMAzDMAzDMAzDMJNMEJqQ6GSDYxlklZNTKRXcGrrwPh314j6KCrzixMsaIBtmIvUnPgJIYt6NDOYoq6sxalcOvyi/YrAGJtpYbVBqkOdGg2pAopCCuiqsmFPpACXsRCmqR8hixoegCIrPGdBphIY1PFpQH6SiODZay8IrAdYrk9kc4umZ6azfz4u8kZMCTRr64B0zeCRpOFRDZJDnOW20WxBnMzU9jX4kJs+zoijyVj7VmQJVSittt1uuZ4xxn+wHtZRovh4ogmioO5qjiEoRhcFLtejEgKUMpCUJUIGAqkWhDMR1cd7vL4GnjWx3OknaShLIQLKYEoPfZpU+9wcsS5RGXHVBy+L6pCzACQeMT1xted7pdCC1J01ITOQbv6HDt+MnfuKOd7/d9HtC1Ok5witL7JDixIY9Ax4nYjBPZ5zHiRBBKWLs8B67yp7Bplh8uYiRo6jOdNuOc57wRMEwDMMwxzKkRbCcvnL8QoMbs+iEYRiGYRiGYRiGYRiGYZhjhabZyUZUhv/WthyVzYlXOqCWwpusCDkkf5jED8+97YVf+EeZzuZIMozVuijcjzWmOrO0ldGH9B87S+EtYsBwBeww0BFDiRg8QbxfjS8YLkAEmZExzesK+grMQVKgW9BwqUFq4cfIbs4Fr0DcbiWRa1BflGXh2oaKkYF2hw3sFyWNaV4PBdnQ1Uo5nabp1PS0299dlv1+zwF6lHab+qLVSqVV5I1RZyM1aFie4K+DJSBvyUbNhpHXiJ8s7v8RmMfYyGdKObKsj5YnZZLkSZq6BsRxTGdXstJnCBXFKopizNLRdE53rlaZFnnRzzOI2ilyrWkClO1OO04SWY202lDVSTwzu/3xT9r7T+83ZkhxcugeJ7QNVixjPE4Gto0Z1pcMeZyEMl62Nr4eFADVey64/OcEwzAMwxzjkOjEsOjk+IUGV7HohGEYhmEYhmEYhmEYhmGYCWaDrU2aNfsFelj6lujbsO5DJ/STcxJyVMocAP1EaEMcIZI8SST6Y+hSlwVlrShYXq+bQGXDMUJ4ExPQLpRlXGoQGsiR4HfrvTrQoAWO05V4I1xMsEKBFJdIQVaPNpXSpXnWrSO2VqdpZEyKMhrXNg32HjS1bMOMBJ/zj9VVGcyycRQ5xNB4KxSlOp2OcD0MHiG9brfr9usCbGKEmEmTlqDayGtn+LUxYH8y+soB3UmjDIlOpKRgqUhZ9yyoZrTVVHsJ54UycVzEcWxmpl3b4iSWDd8cfPVApa5yNzA0sm47RpIkLkvXfBKcFMvLOi+KtJW6ehQiN1q9deJTf2bvRz4s8qzpcVL1TkNxIoY9SIY8TsgKRazgcTJkn7KGx0lD5GJWLRN0Kun8tvN/+mliQ6ntjBrmUWKraM7GrVWGMQzDMEcTurt2d4qovOU/AMcb7taPRlVt/W04wzAMwzAMwzAMwzAMwzDMAKsJSzZvYVRWYSSoY4glroDbyi5EUCSNX36uonTIWKNSckzi6qnFj32bITVehGLrAqI2WSCbkCAVGb2gIc2Hx4DyhEQUthJ+VAdUFieNFqE+AoQUBqQiRnqbk7DqTbYX4QCMPBr8xiQtkXubDymV+4xbq/os6uiMRYyNtGkau/aUZemmUKQgp0aXKCkh5xxLKSomXAo84uVSro3rmjwv3PPukHa7HcVxZ2oKNRyq3+9nWV9HsSu2JLqdtm210iiKLCUUQZVGVgNMDL1ghvaQzoPGMo5jisXBndY1O0L5iXvAqB0sqE3Wz8uodK1BLxPTnuokSeLaFkcJ+nnAEoGpYaAAABAASURBVBKMhIrceeI4kR2ZQA+gxQlaoMgsk4UsysLVavOcegaidpJEbDTJ3PzOp/z0He9/l2g4muALtlacGDuqOFnD4wT7YsDRRDb8SwbqHOeDEsYi7BnrgxJadY9fem7caosNZYtVJmsy2Jjmq3e4kbxEyTAMc0wTK1Ea0enEy8uFYI4vpttwL8fZOgzDMAzDMAzDMAzDMAzDHHVWUgsEnUG1qk5SCtzjloMbkSuHf2o6jRVJmriVd1hWxt8lrekLWv+0DXnEOtp91EHNBtq3SOo83FurR6hMsH9oSFKG5QqDh2nh9RNSg/NGCcYc9Vq2pTCfgQyiagsMPTSKTuBHqSgh4w/oc113Y91U96Ps8OD6KB1U1SipIkV2FF77Ul2A3cJxiaMowvZabECslIFtSP9xfSRRe+KLkvJBokhE4BgpPMZW5EVuUbowhaoOhaoTd2FZv18UBZUxSLvd8gE9xijlw3pkCIKi0403OxnwukCPE+XDmOC7qooqAQebSChjoyTOS+1Oq6FdNsugvXlZtNvtTrujWpCThKoJReIb+n+SpDY2JgGnE9c/ZVmiDAqsRzTKjtwemUED3DZ14MZy8tOese+j/1osHAiXbOyKHidVFw14nIiGBqWuYdCbZHTPeB+U4EgzVpUybs/UKadd8PTLxCYzUQIUhmEY5jgmItFJK2HRyfFH2k5sFaLEMAzDMAzDMAzDMAzDMAxzVKGF+XoNNHhBVN/Nl14HssGQP4Z2q+3GKsrXIRUDtUqK8BHqZpx902iKEJSqYl78k95jRAxe0BjNyfCqNHk90No46EfKssqN8cIdOehIEPQo3hcG8lyMRfmCDN4mtlncHzTQpLHXp3w8SHCqaQqAjlyKtH5iEm2gOARObQzMGGVM6ea0LS2IcjQavUhJLcM55foALqHS1RjsRNCd5AWpFNTUVBzHJMxx19jrdouiMMYWRUkakRRFUiKK3MF0bnQwkUGlJQZ1J34sbXC18UoRbHwUhC84WPhqdA8K3EvcrlJrVyvan5S9vinKssi9a0mr1RIge/FCDpxvEUq3MAMJ7GpUqUsZkSbFylKRcEbD/CkFKF02XnQStdsn/o/n3Px//6LSwazmcUKM8zipFSdND5IBb5KV1CcNHxQx6qqyQj1BfXLfK35bbAZb9rJgGIZhmAaxkpmwKokFc9wRJ3FhYYgFwzAMwzAMwzAMwzAMwzDMhCHl8EZtnLHx38+XVcyMrP8RduTMQd8QPAs2oS0bBGoMvK7DmHqpubrSQ4OkCpioY0A2AdYXkJ/i/iFRBBVqViwHH6GUQcMMDOUJ5aXXK8hRk5WBSKCheivdSVVN5dZS+UqIrSIOOg8STyhllUjAwEPpEoQWBhU6IDoxVU+5hkaNCY6KE2mszyAqy7Lb67sCaauVJMnU9BRUK2W/3y/LgoJpXD8WZZrECUhPIhlhOo4xpPlY7aumtlb0KJoiCvNxKH0GRCEK7EhQbwXD7ZqeRBG62IQDbVkUZamzrMiyvDPV7kxPJxAvFNPLxh2lqpFTMTbORLLyU1GqQLMT8myBi3W/ik3gpMc/ce/H/rX/39/3k22cx4nwYikxqE1pepw0pvdK3iRjn62UKGIgwac+41A9YcK6zVMf/PDTH/ggsQlADpZsvrExDMMwzFaQkL5UsejkOMQKGN104yXEDMMwDMMwDMMwDMMwDMMwm0XwcdjY7+yvVNvAYrD1mhe/Qm2VqD1RJosghDANvYlf/W4oOdZcfB5YDBeoGQEnD2m1LotCl5oUJFUAke+gYS0OraxLFF+UcFSMkgMZSZQyDHUgqU+MWOsKVRSpOAIRjGyMk617YGtcHeKmUQc5h5SydJMjMkpJ0n9IDVoRctWppAzhGEuJQfWcrnQnPYPBPGmaTE1NJXG83O12l8HvBN1QoEwcx3mRpIl7MoJ2RH7USXeyVniK1wgFkUrTokNr7fZDIBIm4KAwxRqKmCJ9itE5qI7KrMjd1boWtlqtWEUUcjTkmuOqSpKENvI8dy0vQLZSGpxRUm2WIftdfuPF17zgf4pVFSeNPdAhTR8U4V1PBkvKgTJeNTJSxjakLqYR/jRGszJYT5S2LrniJWJzwDcxL6kJ+Uphm2EYhmE2CRKduLsKd2/UlEIzxzpuQEscz5hFJwzDMAzDMAzDMAzDMAzDTDzkPiC90YmsTQg2lGrpFe0AvOzBrYvTN/jEZOpLxoKpOtVKckM4Ig6FhtcDLlXbIAQBm5NKdGJDaIsIoSKiPlUlREEXD2PdIe7AuCyrXrUhR8nYwbCdFRotqwuM4sjomKxT6pydLceLTsjGI2qoPdyvcYSRTSrq64zsTgRFqYiGTsYLmSJwAqE8JAGzriiKSl1lOo72XKvVcuc6eGChRIwxIN0w4BSSJHGaJok7IaTYWArNCS0ZkBRYZYUOe6pcnlr20Rx10gmFZpKNChqT4Bb0vC76WT8GjxMDzQDnlRg7RKKURlUGJ14RIyFzxzW72q/hLJsmDpo+55xdT/6Z3R/+oBADCTsD+g8xXoMiRvaMeRR1pc09TcUJ1WXWqids3/t5vzF94slic4CXq5K1fK4hfGHdCcMwDLOpxEqURszOtA4u9AVzvDA323KPyWbph5lDgG/nGIZhGIZhGIZhGIZhmMnFrvLbFq3yN1fPN+0ctDTvPjD1zhT1UiwKUMSIvsXrBsRkIaslb5IHyAFnFrI/CW021cWuD8pesZTZI40BkwtTat8vI4NT7bZDbTNa6yI3ZcsabSF0JWThYOPk8PWMdLtPLEFRTaSiGOw4bGG9P4pP5KnlBZuPAjGOhfgc19/gbaJUHMeuaRIidKTbbrdaU7NTaSeJYikjitkxlS4FrsiAnQYm3VihDH4RGPQ5RhdF1u9n/cw95mWmEjUzNzs3P5ukiStRuiEwZb/Ic0i70e4nK4ocN9zQ4GhBrhJE2RgLkUhG0JkiELgogWIP+gmSkvDjrstioI6KoziN4zRJWq0kTpSHJhJZ3xS9pcWlgweWDh7sLi70lpf7vZ5rGupnlLsUODmkA6koitvtztTUNP7MzE7PzU7PtpN2JDfxu7Fn/cpz22eds5LixFR6qvrZ2uNkYI/3OGloSlZ2TPG7RNCaiOF6httQlTnx/g+88Bk/KzYNJchZByecGxWUBlmKUYJ5MuAvZDFjya4PwTAMwzCrQmYn7VYqmOOIFAc0iY6C1uGjH/3oYx/72De/+c1ig3D3My9+8Yvf9a539fvHmC7K3cL96q/+6kMe8pDPf/7zgmEYhmEYhmEYhmEYhmE2FVhlhh9bbazjJ3xxHzMmMF9l4GcjVhrB7QCsE3ALtAzudxF+cNWzWpsX9eKmbK7ZHwYUEgIbFnUCoGAQNnadI2WCy/G4xGxgYdZUq9K+jSS2cAu1uhSgnFjpunzXHfZ67JiFXQqyaRTBBlnsLLCdAMD5A4bbXRksJoOAAVtDS8vQGmwxdQD1Q2WH4cUG7qoNrkRD5ZqqhR4gTYRVGn6TMDQoY/BtoDV013V+YZ4EI1bi8ja6e+CpJeW1lO4H1vCttkLjEjhUh0oIOj0uiMOjGv2hs4M5iIpdm92owREapBzY3mq6NJb7D2uJXKILxxo/8aAeCnoRFu9BZOF+jSozCS/wkaoElxfhneUlDQIOGWpuSJrjRU8gpylKGi33k7RbURLPTM+4HUvLy0VRwJWWui+yAvJqklbaguPiWCkN3ilRJIObhWxelUVjGRIRSVkPvy9UpfO4jVjgCz2KDL08y1LTBvUjxQe5Sdfv9fI87/eSTidvtVu60wHLkziWaPSCepbaVcU1LEmSMk1dX2Rx4o4Vm8m5v/17V//6/zRZFkbeDnic+A63YmWPE+wOu4LWxDTVJKt7nAgyURpfT3v7zge/8tViM7HkXmNJZidIZeL9kAZLmuoapDgKy0gMwzDM8UcayV5hRXScpLC4G5s4iRJ3TxMrd0MaoexYwv8k/IoiDK2tpnsmvEvXKAV2P4XWRaGPD8WmdANqRBKLraff7+/du3d5ebm58/rrr//oRz+6+oH3vve9H/SgB43u/+IXv/jpT3/629/+9tOe9jTa88d//Mc33njj6rU96UlPevzjHy/GNe/Xf/3XxeFy5pln/t7v/d46C7u5d9FFF335y19+3/veN/bSGIZhGIZhGIZhGIZhGGYSqDJnxFYuP9qBUJhghuH/sUJsjOalhqwyVHXG+nThqsPSPa4b+9XbhlOHmASgPbS+X7mcHKHnh1+px0pRB+TqVLUSyCtLBmM67Mq9gYPpPnC3low3fAiQFHI9rcTrahq2oKOLUoaUNJZW/rfUg2aM6IRaQCqeyEauUSi0iCIVZUXuPoXG6ByvOBF1qFCzJpKGSMrQoeWKjpBpu9Vqt91qhnuq1+8XZZkXiLFlVLjCJMUpSljkSMDKXgV9VqP2NTpI1SFBClVCwlSISsITcnMqJYPQ6HvjymRZVmrdQpIkjmK4fBWp0DuVWYp0z0IgkNrcl07ntNPP/d3/fe3vv3RIKYL9bgd8jaTP8aKXzKiaxK7gVuJFak3FyQplVqpHpa2HveH/tObmxCbjB1Hiq7g5KwZfssfFQhjDMAwzQZDTibag9TbmWP07027Fnba7HUvSZG31TBTJaGWRTVHobj/v9YssL8WxiRvKEsIjRTIxUqIbbrhhTe+TZz/72WOVGe973/vc4zOf+cw09X48V1999Xe/+93Va7v//e8/dr/W+utf/7o4XLrd7iGVf9aznvXud7/7c5/73M0333zaaacJhmEYhmEYhmEYhmEYhmEGobXgQNA3iIbTyQaF7zTdMRpnHCggKlFFHf0yaTk7aFFBGSlDYoNDq8Z7oghv24KGIhD8YrTFDBc9atkQzjU0akLUoiXI8dDalNptKPwiKBm2oGfJWh1ZuXKES3NXqptajS2X/sQk0ag8VMyAPgp7SAoJ2gr0ZYkKKO4uW5dkS4OFlYgqe5ZK1iRJ1UG/uXJZnkEqjuurpJUkydT0tKuxn+euXJ7n8I1Z8ETpk6gjTmKQQAhpI4r6Ua7DJfqSVJoYsB6xVTubHUovsEpTArIg8M1BjQg9ZRt2Q2UJl+FTjfBZrWFgxZIoctDDpEiSxCbCpkSR9UFKKooTV76FahyxyWy/3yVn/sZvXv+G1zY9TnDBSw64njT3DHqchKdX2SPG7VnFK8U29jzkNa/bcd55YpPB6YltgVmFfkj0BqHk0NtE/SvLTxiGYZiNAHSxUmgr5mdb+w8eS/ElkZLtdjrVTtqtZAOVskkSzSed+dmOMbaXFb1e7h6PLTnOtrm2gFvhrftawtLSUsi+cdvusdfr7dmzh/a4O+S73e1uf/RHf0S//vu///unP/3pyy677D73uQ/t+drXvvbBD35w7J3nzTff/JnPfGZ6ejrYnDhe/epXg5a6LJ/97Ge7p97ylrc0D3n961//hS984eyzzxYr45o0dBTxvOc9z7X/Na95zcknnzzwFuwbAAAQAElEQVT01LXXXvvKV75ypQq//OUv/+AHPxj71FlnnXX11Ve/7nWvu+SSS8YWuN/97nfe5t9tMgzDMAzDMAzDMAzDMMyxwoAhxIapDEhg0cwhsetvxlGD2tBoqUXDb1hEVuT4YUXw1EBNQ6VCGW18lQAjgz1KJZzwSgO0SDBGF3ne7+s8byp+arFJo5LR5ro6UGyhMQYIAmowv0gO6YrEKhfrL9MGqxt/ehsKbOnH9XGV0iIaPTZUBvNMlIzBcB0EKK0izfMyyzM0V3cDorQ7xoTR8hU1JTyux7J+DqNnZavVStMUZClx7D7LXu52MylLV5fW7oN4VzhNQcsBHR27zk0Sd+a6KVXj/GywQ1YoTU0JhC0JSmCRGJIklIriCMKoLCpR3DPupBTFVLkQgeolL3KN5FmepIlrcIxNTZIYKoiiSvsClxsn8RZ8w/eUxz6hOLhw01v/pvI4qXvDekGUqYONRrJvqH8sBifZFfJxyPlopTIDvilVGYn7H/zHf37qAy4VW4EdksUo74XjxUe1oG9C3uAYhmGY44g0Fr1CxK2WEMeG6GS6k85MtdrtRGwm7k+xO5H7cdvdXrHU7ff6hTgWiFup3lqbkz/+4z8eSs/5AELbl1xyyV/91V899rGPpV8/9KEPucfLLrvsrLPOoj09jHR0N6WjNb/3ve91d0E/8zM/MzMzE3aeccYZ7jHLMoFGgOeee27zkNtvv909XnDBBWJl3FF3v/vdR/eT8MVVeOaZZw49lef5KhV+7GMf+6d/+qdVCnwKGfvUb/3Wb7HohGEYhmEYhmEYhmEYhrkzM2TX4bUOQjZdT/xTYp3ftRvnTjIQ8DLG8oQUKXWUDB208vm2/quKtVwAQuUVNrVaLh+OvBlq9/BlSFl3R+0oA6ITXeYgOincJ6LWSO/5YkcrGhoL6W0/LCS/lMaC6MSAFKPx9cjVfFnG7ZeNuBZjSR2xtlvKxhKbcMIgvhmak1UQE63tk+uJ+7wbOs708SutoCoxjbLDMx5ya6wpC1AJoDAiSRJXVwz5NLENaF2W2tos12WapKVJrPEvlSRWdW3eU0WuxyZIVlkzGK8EgiYJQTkaNSPKPeUGsCiKugPwpUFGKXmWl0VZFGB50mq1ytJtxyqOXNvQ+IWItmy8zrzsmSpNr/+rNxovEWl6nNgxHifNHBxSjQy++EOZ2vWkKjPggzJYj23U4wb94W/4q1Mf8ACxNYS3NenngaleRVbV3k3C513ZLfzqMsMwDHP8005kz93LyInJYlkBFcn5mc7MVGuzEwBHmeok7kdru7jcdz8TbnxiBAxlJ9m6XrrwwguXl5dp+7bbbvv+979/+umnB6+R888/P5RcWlr65je/uW3btqA4EZV8ZGpqaqjaW2+99QMf+EC73X7Ws55Fe/bs2bNz5066SSapCtx7N+j3+zfccMP8/PyoVckWcOmll55zzjnrL3/llVf+8Ic/FAzDMAzDMAzDMAzDMAxzZwVXb+ugliGViVRKGCOG7BvWxSFYYtAavVx3eX8COmBrPipuLhdDcolbyVfkQyGEHReUMao4Wc/Hxah9QJ8SXRZGl2iUgMePqH+Gj6TkFhJUGNSdgNmJRvMIcM4Q4/pqVIPiT1RlG5HgRNIPZdts+WfzPl5HNGahxRgccpihC0BhCsTdUJ6QlGgYgpfWzzKpjbsCt8DgusWHvsihIYEdbqaXuuz1ret/027HqDtxz7mPyBV2Q9bvuafcnqyfl9qkmGAEZaC7kghidmTQntiquV79YEy4kOblBPsT2wjfIRsVtx1HMfmWFAUYwksfnYPDgxcKSpjSTZeeoFFPjdSRa2Qcx2DHIknLsnVrFaf/1E9H7c51r39N0+NkJUWIHedNIoL6pNFLYqWjVq3HteRhr3vTSRddJLaKYGcCY4GjZY0WbtzdzICUpIGSEo13pFSCYRiGYTaCWIF61d3pzM60FpcyMXm4m6Vts52Z6ZY4qrhbq21znbnZDkhPFnt6IqUn87Mt8leMtvBO4dkIbf/TP/3TK1/5ykc84hEveMELRkv+4z/+Y57nT3jCE5o7u92ue5ydnR0q/Jd/+Zeu8POf//xdu3YJFJRcfvnlaZq+4x3vmJuboxwf92vzkOuuu87dDI91MdkCHv3oRz/lKU9Zf/mXv/zlLDphGIZhGIZhGIZhGIZh7pw01Aa0jo1r97jSTfvATMF9BusWTBsLu1KuqgyRcnUZiKvc6NKYEpeUfQu8Zwgtw7rDQXZhUfECn7FadOtY5YRbABmZNH+FtkmUiGAeCxpPwFMW+w+dNNAXBC6BPiluHF9vKrRigAwcktCAKALydXSR9SXJWVCFUp9aybAKTxkmdUSM8gWgPgM2JzovozjxOTlVOItYlcHsF1SloMDGuAuET+SDSEVumfwkXvU8trlBig2azaDYSOJ2G3JwiqJEtCjdRZReaSWGPsL3Ji6uHOk3khQgy5AkSaamOm6eZv0sL0vXKUabzORetuNGu9SuZBJHCZaHBgUpUtDKrGx8EnZWaSywYSrBF6qGZJEXhlQK0ssVqibDnjzLcdKBR0uBaUHuiQR+S4bELpvNKY97fDw/f83Lf6fhcVI/2pX2DHmcWLv+RzuiRIFrn5l75P/52x1bb3JufcKO9OY78C4hcD5YHFaSDtlVTIcYhmEY5nBpJ7Kb2850e9JEJ+6P3vxsZ26mMzl//dzd1fxMe3aqdXCxt7A0cYFE7elOaWFAxeRxyy23vO1tb3MbP/3TP93cv2/fPve4Y8eO5s6rr776Yx/72Nlnnx3kLG9/+9t3797tjp2bmxNomiLwHql51DXXXOMe73Of+wiGYRiGYRiGYRiGYRiGYY4pZEgvqcJf0CfBrxyLDcCiiYEVY7N1xBpGJyP5NVuHbchpQBRAzh9S4fK/CZIU6y1RauOYNeOIQLLiNSQ+vAYX0XV1Wjus7bB+WIaaJ8J5qBHGGorXMRaNucdbray06t0wViFnDSUrtkxrEoibzaKN4CFSl6q9ekTDL0SlKeTjJInO87woSnAMEcYUemhCy2pKUn8XZakN6omklz5FUdRqtagzRK9fGOxaK4qiiFAnYuI4MtpaMAaPfSaSb3OwMBGDoh45qOCiAs2S3v5ESAOJO/CTYwCQMKQ8gegkKgBljC4L3ysqQneNEIU0aFe+BZzwwAclf/6m7/zhy/L9ewecTqg3vDPNeI8TOehxsqIPyqoeJ7N3Oefhr3/jzMmniK2lHt/qEa2H4KXoZpKlXxW9i7DihGEYhtl42rHo5hDLQpYnE8LMVGvb3FQUTeLfPvc3efv81OxMe9+BZXeLJyYDd5ugUU/ejsWksbCw8Ju/+ZsHDx581KMeNeRE8r3vfc89nn766WGPuwN/7Wtf6zZ++7d/291O33HHHT/84Q/f/va3z83NPe95z6MyJDq55ZZb9u7du3PnTtp51VVXucd73/veqzcmy7JLL710dH9Zlu7x6U9/+ugdV1POzzAMwzAMwzAMwzAMwzDMZuOXvy1FZKyPtRUJQW5iV3x+3AfSR/dDauyGRgSRW+yHyBNZGY1Ics2wTTGN+6BYrpiqQ04IYHNCtgjB4YHUIhDbUgbHhKEDvRyoUuH4aKJK20Br+lQNfKZKNUhRSSpWNjtpqGUa0giSN3gzHFEpk7ZSeVJ/1h7ENaPXgP1A1hGgBxKVx0YUq8iQM3kaJ5GMUMLhPseHlBzpP3S2stIMWYw8wcwarXOoV2prWq1WLF1FSasVRSpOk3Sp1y3APgX8RPpZ7rq600qVUrgnaQn0RyHlCbaqdhCi1tZGF15oMnrZlvxY8DrAaiVNojiK8zgvC2i8MbZRlYBv68JZygJ8XKIkhpZrXSTQyHbbbLXqRIht97jH/f76767+37+/cPU3xKB/iRnKxxn0ODEjahKxsg+KF8QN1nPWk5566e/+njgahGWM6t3T1lowY9EQyb00QRUmURUEJauv9VpWoTAMwzBHDGhUQa8gts139h3oiaONu3/ZsW26lU6edGKQOFIn7pzt9Yp9B5fdfbg42uzcNuXuHaKtzdZxXH/99WF7z5497vHgwYNhZ6fTWVxcfPGLX3zzzTeffvrpL3vZy9zOm2666dprr3VPfeELX/ja1762bdu2s88+O1Typje96Vvf+laapq961atuueWWPM9p/2/+5m+6krRNohPH5z73uSc/+cm0/dWvftU9BmHKgx/84Ne//vVj2xzqabJ37153Wzg3N+fuyYeeKsvywIEDgmEYhmEYhmEYhmEYhmGYLcSbO6xlcbEOAwzbdFKhFJT6LAMFxXCGj/VeI0I0NuxWKFHsqCRAYgTK+MQf6c0NVo3OsPXqsqRFc2NJHQL5KBqECwX4lGgzVtzRuPDKjaTyPhnSnRBirDMIHTjUSFdMSRLBNAfUDhYR6xchbQQrrlKMeoc0n7Whm6WI49h94hyhUAO6VcpIKw0bJN6QDYMK7zQCAg78iqQ2RqlIJipCi5tWq53EiYqTDIJ2sjwHCYgr2bfGnaGMIDvKkk5FRUN2Jk2nliAWGSOgGbLxwDmlEHeKuIxd2/pZVrjmGRwwXxKu17WF9EauuVHlleL2zIujQGvb9vu97o23f/Yz1/3N/81uvWnUv2RUXzLG46RRZqwPSrO7dtz93vd7yW/vvOACcbSonIj84OL/VNVmfFniVSp4fdLbRZh7W/qqYhiGYY5fWpiwk7RbQhxl0cn2uam52bY4duh0ktM62/Yf7B71tJ241SqORrbOM57xDFRm1/wzQtsPf/jDL7rooptvvvmss856/etfPzMz43b2+/2XvOQlVMDdrP7Wb/1WU+dxHgYd0t3Oj/3Yj+3fv//b3/62q+SpT31qKLO4uEgbn/3sZ0l04oqdjtD2DTfcsGvXrrENdrfcH/3oR0f3/8RP/MTBgwff8pa3nHnmmUNPXXXVVb/8y78sGIZhGIZhGIZhGIZhGIbZHIKeoLkOvg41yfrrt8GBQnrvjaESR9nRZBWstcFlAZxOIB9j2IhE1uE6avTwSiMxVGclDfGiE2tB7qBhcVqE1faRPJ0gavGL2VaMlBjW7VgrgqHHysE6vvDQgUeVeCjUZ6VtIvSypEX/8ICD1naXZozKZVlqqUrtOhpUJRa7m/QbylZmFeB3YrTQMutn0kobW/cZusWooRb4mkjQsqh+r98HhxF0ltFAiaFGstNqRT6cXqLkqjkn6vQVsTJhjGWlUXCX4E5qrG2hLAYjgHxJd3Kyo3Hth/QgC8k7AhRMpTmqX9g96cEPcT83/POHrn/7W/P9+0T1HjMkrBFNrUlVRoyUMSNlaM/sWXe996/9+uk//hBxdAEn/KpxyqrqfU4GpyFEWh9bJnF7ZBILhmEYhjlsOgkk7JQWbPm0Pjq3cUmsdu2YTZNIHINsn5/qtJPd+5fMUeq9VhoVqJ1ub7lV3UMf+tBm+sxXv/rVpaWlSy+9tNVy957inve857Of/eyyLH/6Zw4tIgAAEABJREFUp396bm6Oypx77rkve9nLFhYWZmdnL7744rPOOqtZ4aMe9ahLLrnkxBNPdP/ttLi4eNlllyVJ4so3/1PklltuoY0vfvGLrnJ3r7t9+/Y3v/nNtPONb3zj2972th/7sR8TW8grX/nKV73qVesvP6TUYRiGYRiGYRiGYRiGYRhGjFvKPzTlgV9zHZIukMDCwLqxMGKFClf3CDlaNO1CvD2Fkk3NQDAywAKrXIGs43csiXAsZuBY739i0aLEoGwhVC2bLRnvjtEs4EUaaHFhvfXCIeDXwkfGpxmys5VClEa8TjC3QB1OtWhPgT+qdoywVXuHsVGkWu00ilWRl0WhdKRL92+h69GV0POKNDtoWqN1kWttyrKVus/b2zJJaOTdakqkUgWSAZ1lRlOcEYydweczV1G71XIfrAuaEBYzmsD3IiKDC2plJQQKniiVPwsUs5V8CLQu3g8HC0ZJ1BKtftY3WqPipJqbKLexpRQxzizXPlNaXYqjzV2e/NTTH/uEH33kn2/60Ad7t95kyI2HvEyMWcPjpFFGjqTzzJ9z3gU/9wtnP/qxYgJwbwwwP/HVJ0M0UNCdGEzVqV48lZGRJQsoMkSxXh5mhPCvNwPylcY5bOPR7wk+PSM7rV3xxWrtQIUMwzDM8YK7R23Hol+K7Ttm9uxeFFvOdCfdtWNGHMu0W8mpJ2zbvW8xy4/CTdT8/LS7N3WDqLb8v4n+9E//tPnrs5/97O9+97svf/nLm0Yjl19+ubvddTfQYc8Tn/jEsO32x3Ec/lul3W6ffPLJtP2a17xm9+7dz3/+84eEKe4U7vGBD3zglVdeedVVV11yySXNZz/96U+7x/vf//5iSyD5SOVWuF7cJQs0ehEMwzAMwzAMwzAMwzAMcxzR/IraELhOa6tV0BD3IYWhbBFR7WlYcKwsMfDrwnVqSGUvYU1wc7Bea+LQ4B1hNDmdUIqLqNf7fbgJrSarhjFE0+lAbOpiaSUeqf6t81DwSQMRJ7GK08SCY4Y22FJBqgC4Ulml61i3+OzXzdHuQAq/1kxChkplAt//pPwielaXpTUSnSpIR+GeHh7K9XwE6mp0H5karV1/ezmLa6eXjYwYpzR6UlZqIVl1glKuIUrjcY0ZQevkozMjuISIjTJsiMuybJqdSGqdrH/zWyMxSEOgUQg4hUBOjYqjqEBjErfDnYG2odMwh8d4qwqUDhgLH6wHDUSSJG50IWsHurRFKqMsy4R3H7GukjzPXddTd7kzWaOsMqqK7pH+IqQNOSzV5eBrQ+H1GnxsqnxkkCvQhbRsq9QlJgFpUb9QUbmk0ZPFndeq0k7Ely+jVuvsn3m6+/nWa//05n/5p6FsHfdP+4STLnzu8/d+8xsL13536aYf6X6vdeLJs2eds/Pii6979zt7t98qguJE+Heyc5562f2v+C0xQVjSDpGEyGtlqlGUlReSbERslbhmg+8sEYWZoSqvegU25ocUXsIi7dCbYPU2NfCWOBLb1Hx25E2UlScMwzDHE1Op7JfuFiBxt3HGbOl7/PxsZ9tcRxz7RJE8+YS5PfuWlnu52ELAn0aBgsENojga/Ou//qu7M6aYm7H82Z/92fvf//5VanjPe95z7rnnDu38xCc+8W//9m/3ve99n/Oc5ww9RaKT3/iN3/jmN7/50Y9+tCk6uemmm66//vrzzjtv+/btYkugrJ8/+qM/evSjHy0YhmEYhmEYhmEYhmEY5hgk2EiEHXaDDCUqDwUfWDGSC9NQmoj1ulgMZZ40vTGsT8mxg0+QeYSlCJDBsJFQZ13ZUYcWiNFxxHuH0Mo4JZz4sPLgyCAbQTe+m61XR/jKpC9vm6k66PtS/SrDSJG5hdewDHSHDIvXY3w8bHgCkmEgWKUEUUWQIvj6xvXu4CnoirxxSyWQ8E/Vs0c2pCmbSJxlmetuDDSqm3J4uGMjqCtySzCuQgrEQdGJ+78uysL1mhtxrUHVQYNCSzUWdCe5NX7ckjSiAu6x1W5LVKBAsk5ZUupNUbjKSm87kyRwRqtI9RJZPxsUmV6s8CVWGobqZaaCnIdw+6IodqeNdKLB7KTQGnQz1idX4YzSBtUN8D8xSaTbt4/1OIna7dN/4lHuZ/SQ//7g+8Wg6wmpT9K5eTFJ+He18PqvJXVk7VLrTsK7p4ZhwrIlzA9UHA3EL42ViTEMwzDMKkRKpJHItdixY3rPniWxVezcMTPTScVxxK4dM9HB7sJSX2wVO7bPuHs+N3zRUXLN+Pu///vbbrttFdEJce65505PTw/tvP766w8ePDha+Nprr335y1++bdu2P/zDPyQ7kMXFRVf4Xve61759+3bv3j0zM+MqfNzjHvehD33oGc94xnnnnUcHfupTn3KPD3jAA0brpFspd9f9ne98Z/RZMiy57rrrlpaWRhspVmZhYcE97tixQzAMwzAMwzAMwzAMwzAMc9gctsxlzIFSNEJ2IOUDfmjpnGQNQchRFZ88/HIwrgMr0hZEcZwkURSVZNnScPWofWLWezXeOYQ6CcNwBPin4Ko6PbtehUXViKrTrdG6LEqDOgQrKrOFynNhzau2g14loJMA4wyKALL1E5v/5dk4z4skseRQciSKkwCl1cQytlUUEgxrpOM4KrXOMvg+K0kBsOd80AkqkHReZGB9YpO01aJj3VRI0tRtl2WZKxV0J658URSyJ00JbiqkVLJ0cqWqLgYJQtOLu3mBQ7oTWdmiBEiLg42PtI4K9Gsx4CZk/IXipJJiEr2+7VCGzhpvPnIoVafaFpOFD2WqvJuUf9WZVXOubIWAVz6Ik/ABngoisubEsCOvO8tOJQzDMMwgU6nMe1ZEqZSHf3t/SJywY2bq+FKcENvnp9zj1uhOwGAwSsTRszlx3HHHHUO2Ih//+MdnZ2fdxoknnhhibl72spfd8573HDr2iiuu+OQnPzm087bbbnvBC16QZdnv//7vX3PNNf/wD//w9a9//dprrz3//PPf+c53ks3JBRdc4G51nvrUp37wgx/8kz/5kze/+c1uZ7/ff9e73uU2HvrQh45tp8A0n1HrlMBLXvIScYiQ6GTnzp2CYRiGYRiGYRiGYRiGYZi12bJPMv0CKfp6GFo8raJzpP9O/wR/i9+v9gZhDMpOJJpe09IyPQwUHrdMXCFHlouhCyx1hLUa3TKM0ZWWZWX9SnAbWWkPKk1AfkCylsOyu6gSbXDMlDLKSEPOFGagQONyxEYTu74x2pSiRJMSZeQAoYVrVtRUbOAwuWmoRDVUQb2B1iba2lLAtyctWZigww0lDIGLietWd0jQnUA0SpKEbZ/TA/FG2n3C7v6JUHKSoFgpxdB3EKBYEfx+Rttfe8s0ZlIjW8ari1wL3abrlzhugRKqLIsyL2zhxRl0kJmIeJ0mTe2IafgFrVheVFceEnb8UWKisDh7yLOI0qysaLqe4Ctx0CTKG7fgC9XNPwjXIaWJwuHzr9vmISO+Jyw4YRiGYUZIIhErURqxY/v03n3LYpM5XhUnxJbpTnbumHa32G7gkkgcFfr9/tLS0l3ucpfmzj/7sz+jjQc96EFBdLJObr311mc961mLi4vuNvWlL30p7XR3y/e4xz0e9Sgwt/vGN77hHi+++GL3eOGFF/74j//45z73uX/7t397/OMf//d///d33HHHpZdeet/73ne05htvvNE9zszMPPjBDx599uMf/7i7K37IQx4yaseyf//+L37xi2Nb627db7rpJrexa9cuwTAMwzAMwzAMwzAMwzDMeEaze2pRgThiBjxLbNBX0FmMoCVXiixRqLFohKXYcXKMSUDW+ThCRipKkiiOMblEN5rc8CCwFJ4i7XANVcAG9RJef7AdAQ8RWHO2ZVHk/QyCWYSPVFljYIIwZbBcM0UnmMl414wqZWc9Fx5aK2gFfcR/ZWgBfVDzMlqpOAziVqvl+kWXGlb03aq8lDGOARmEHNLcDQIOLxgivUgckwW3xLX/dsfty9x1aQ0Tl9xMyDskDGVZFlmOT8TeawQuLo5EpUsC65GiJNcT9682RqsIo3xitydNUzf0cCnG605CJ45RnwzosmxjXIVopLVAT5EZjIJtDT48IM8wk6bLoJYHtxK/p/Y7WfGokZJ28i5NlyUOgfKZOHbAlGTse1xQqYE7jvs/zh6QpoBNSpWKRpockr+Nm+/eEIXlJwzDMEyDqVQu9K1MW0Jsruhk13GtOCG2QHcC94Bx6v6YH0Wbk927d7vH+fmB+MLnPOc5JN04/fTTxSFywgkn0A3bjh07zjnnnPPOO+9+97vfxRdfPDMzIzAc51/+5V/cxiMf+Ugqf8UVV3zlK195wxve4Eq+4x3vcLdFL3zhC8fWTKKT+9///q985StHn73yyisPHjz4ohe96Mwzzxx66qqrrlpJdPLDH/6w3++fccYZ1DyGYRiGYRiGYRiGYRiGYUaQ1aNfvF299EDwzaEzsjQKbgvw4xby0QqABCfBD4ByRrCBW+UBvl7Q3oK0BJijEoFsQENGCmabCGryOGsTMtAY3NO4NKy1DuKAHjJlXhR54XrJy1bW/ZGzrWI9wsI0dW44IWgR1tOvg9YpXqTScBWhVtHOVSbRaMMPe1BjhSoTjUFBZDFCEhD3a+SW52VTYbMGTXOUql2WVCPUd1CzIlmNLEutS/c/DVYrBgJ3KtMeeMiyXlkWrbSdpOBfElrlmipdU2FqwImo2aQnQmGB9fqVFjYbTH+GXVtskJOgJobUSUOUuggmKDgLLUxKHBUwU0ldg6OiKEAbNXkRNKK6RuNlUI1dKx8gmlqTWus0WTILU2oRgdIHPEsi72ISdGvhJT2gRHPDZxt94Cc3XKGbHlbRC016lVT1/riCkxLDMAzD1LRid//n/ii59f6pffu6YnPYsW16+nhXnBDb56e0scvdTGwOu3bOuMGKJAzc0YIya77+9a/fdtttJ598Mu181rOeddjOH+7G+K1vfas7nAJ6hvjSl77kTnT66aeff/75tMdt/8Iv/MJf/dVf/fIv/3KWZT/1Uz917rnnjq2ZLEnucY97iI3jmmuucY/3uc99BMMwDMMwDMMwDMMwDMMcLzTWYMNK9yBy6N9VazM+aSNUPnaNd1g2QTYZh64CqavBYxUunuZgV1GCRQVanYDhhpJVikgVtoMmKJBRsbL1w+YxZiXXrf0aWBeGyJUSXCOUijCXRYnhsJYBvxPfBaGflfLPCIPaA02iCYHf8UMtjnGrAkYbg13UqGcd42vrDvfr0jh2GNkRHDqqvI+GWCScKNhhqIG8GtJIaBtyhao6vFzGrtge0Zg1jclQbRzKkMbka4LBN4ZaDOE1lcIDRB7YsvrsDdFGk+ae4HdiSVpDYTsYomO1SZKEtt1gq1LDuGhXSGMDYPjoUrQu+1lfGw0WOGniX2OoFGmejnQnstrAp3L3LKTtiIj8f6hzg/ZlMD+o4bZT4Q4UOHWoH1x7sH80HY4xRFBhURTWlpPnCDKcldFZQ2gAABAASURBVFNnSa14gLSV5ERMstMJaYwUzazISiPwVaNIW0fKpPrFSn5HtmEOhX5QbrZZSbFIMsL3GiUbBkV+w9o1lF8MwzAMM5XKpczGaVvJrtmEPxnzs53Z6Za407Br+7T7U97rF2KjAQHz0bY5cdxwww3usdfrvepVr3rDG96wSsmlpaUDBw4M7XR3nqMlzz777NGdZVm6e/gPf/jDomFzQjznOc9573vfu3///na7/dznPlesADmd3P3udxcbBzmgsOiEYRiGYRiGYRiGYRiGYVaiaT2ynqXakdiUsEd6S41qZX/8yi9FzOC383G5FDZ0mbtlerSRQBcQUG+QiUh9VOWCcnRWUhtRP2Qp4FsGYgOB678QegGaGTF44SNiHd9J4VnfXWJ4rRytDVCgQVYl2vjEHOsdRg6hK6wYUKi4il13F4BKUhWLKnVHNhQqI5X7PbLZKWREU0sgwDTFyMbad92ABrLaN6Q+qQUH6/tMHWQldBrSWLiNLMsgsgZSjmBgoEAl0RgQ7KxXsmR9fFIUKbKMETFoTByR1rEysCXL0n0+7h5L64U8cK6yzI0pqYWhnfQIwT1JVQ+qZKDpruO0zilLxVrQnUQqeJbUDWo0vhJlhWuBFipRW+ig7sTbooScIJSweBGDNvpoLl+MwafFhKESlcBqJWz1sqhzeSZPcUIqH9QqQb4StFBZ9z8SjtCLBwuG1KrmroE3aEpG8pVK0K7AsCsvQTIN1ZgUYVowDMMwzDCdRPRyoa044YTZ2+9YFBtKp51sm+uIOxm7dszeevuBUhuxoZy4azZHm5N2Io4iX/jCF9zj+eef//nPf/41r3nNKrdbz3/+88Whs7S09KlPfeo///M/3R31K17xCrft7p+f9rSnhQJu/5/8yZ/s37/fbff7/fe+972/+qu/qpQaqmfPnj1f//rX3cbd7nY3sUEsLy+79rhbuIc85CGCYRiGYRiGYRiGYRiGYe6srJW3IJuyky1YoqxkFOh54dbF3bK7hkcxKI2QlXsG/oihFm81jVOSRYu/Aljit24lOU6SKI788rEPr1Fju33V0TAD/S+9gMF4I4wB04fGsrRYsdW1582AbgFcSkrQnaRgrILNlkKsqmPxq+Gy3q5OgXFC6KBBmS1BF7G6LqY555p71j//YvqgOcxvcj0BuUkJk8p9Ni3g66GR92EZbYEcnveyih1q6FQqDQ262MSgFUGDCQVKFBCfGIPeISUIgzR40ghbv4rc9C7KDNRIKhL1ydB0xE0X2K9IeuL2a/SfsWCgI9wVpEnckq1wgeFTdbIwAe8TYeUKF0VXjOISheY5OE5SVUZGIWonlnaDl0aOhPbJJ227p/8KKcqtvA6pc/KpKx2y/cK7p/PbqFxw2HHHTp9yipgYlDVFoaPICi+n0xLfAw05CCk18rqqN8mBqJJ8+XQtX8TNFJKrobjIqpCkJQZezevSVzEMwzB3Ombb8kDPapm0W1E/02KDSGK1a8esuPPhbrtO3DV76x0HN1D+2mnHhQDt8lznaP41dzfVX/rSl+bm5v72b//2uc997vvf//6xt9bnn3/+wx/+8FXqmZmZaf66sLDwLeQb3/jG17/+dbp1dzW8/vWvL4riKU95yqmn+jvApaWl3/qt3yK7kcc97nEf//jH3/rWt1533XWveMUrhup85zvfmef5ueeeOza1Z3X6/f7Y/e507qmHPexhh50lxDAMwzAMwzAMwzAMwzDHB6voTkZCWuTh6k7suo6ztGzqc1ZQc1KSzUllwRDCQ7A18qhoTFYDmorGCiRRcC2M0zhtteI4cZdmKhcCcm0YcDEYrIQ2Rsdl4CkI8TFFjvFDhvrOHtoash2qfMDZJmS2rBnWMxBBUz1WK+GknlAgOfG6GenVJ7bZBu9n0rhAcSTEofVhfqdp2rg0qzGdKAJfctlQY6xyWkthOqLxmgnFMZvGujmKOhOLdialm8GVIgRlKxZyUtxQkcLDFQAvFKnSpAVlqJ8reYQiIhWb2BWjj9pBNJMXpnQtT0GboqIqvqiGzF1Id1J1pQzNri4zzEJDRxkbcH2iKJxI6FJMDGc98SfdzyEd8sCXv0JMPFYXVYISDBOMnEJvG5gTmKCEMV01g1OURpIcX+j/8ICZSRImHqTzWPQ9wbQdW782UZMi5eDLnmEYhmGQJBLtWPRLMTc/27/jgNgI3B+dE3bOqjvrH50kjnZtn9m9b0lsELPbZrSFYYqVOIpcffXVS0tLj3vc46anp1/3utf9yq/8CkXYvOc973nwgx98wQUXdDpgbPNUZJ11/vqv//qVV14Zft2xY8ejH/3oxzzmMQcOHHjxi1/s7rp/8Rd/kZ769Kc//drXvvaWW25x964ve9nLnvSkJz3qUY966Utf+pnPfObnf/7nXXvOOOMMKnnw4MEPfOADbuOXfumXxKHz+c9/3j2ecMIJzZ3u/vwd73gHXZ1gGIZhGIZhGIZhGIZhmDs9K7ogD4pMNvC7efidfju+KZgTIcDhpCgL91NSTM3w8ZP3Ff1BwQa1maw+wAPD1FYxa7R8zUtDEYiCnBhtiixzvUQOF2OLYoPGPAMxHmpMzpFXJOCCdbPwSsYZK7XRwrr3QHCPaNiFjLTSN/RQHU1WwmfWDKgxhIhA/FNLRjTqQoJugwQozVp81NPgZdpGTFSjGEBVkejEdaCbuG5PUWW7gODEGPTucfPb+6/kee5qiqOYRCZUSTgLNFtZCdYpKoTtuEd3lEHFTJLEtCdB5ErJVdTNktwuzOAeki34k3r9A11X0RfMZlP24e3O2sKUJrLgmYMjDpIi4+YFOAWheZIfqeqlDjM2rDHR2yG94ML8BA9/1DzBjJRNIxQhK9Xb6GyhOW8bv8p1vCUxDMMwxx8zLZmVVks1O9taXMzEEbNjfjqJI3EnZqqTTk+1lrsb0Jnzc21t4f5gpn2U/0ZTts6DH/xg97hr1653v/vdb3zjG9/73vf+PeJ2zs7OnnTSSTMzM9PT01NTU2maRhUCdRv4PQPtbm7vcY97PPvZzxZ4++GOus997nPRRRddfPHF97znPV3hAwcOvOQlL3HP/sIv/MJpp532ox/96E//9E9Jm+IKv+Y1r7n//e8v0A3lT/7kT37nd37n+uuvf85znvPqV7/60ksvdftdk3q93oUXXvioRz1qnZf2B3/wBzfccEOr1dq7d6+rze155CMf2Szwnve8x+0///zzH/SgBwmGYRiGYRiGYRiGYRiGubMSvA1o0XKM/mDjvgGPGRfr0RLI+tEIkFPoElJnQGOhmlYU1PD1tG+dWhn/nf9Dh1IsvKcGnRESLaIqTieqIjBqqYIdCMvAkCBwARm/tjvUKooewqwVEBuAiKEowUTFHo49CJ3RC2TkQJyN9Be2sgakUZquvRJXwEfHutQSxgw+T1Y+B8RfrT82WCzYkQobzSDnD7oyGXpjNUMSeIjdR9hBREKKE9dHCnYJjfIN6D6Ljjo4s9xTssqmkSEHCGszdarOQK8NtLLqe0uGE+ArIUF0Ak4v1JFWlwbjkCQmRsHIgfOLG768b+PENQ1ymFTkrWXAfUQbMiJRrpgSUrtdmFKE/asLDAxK3ARINBjpuEPh43tsh9splfT9ZWu9CXleuMbRxcsqewheYNR8GdPccseUt99kTj0tZPcwGw68VHbf7GamxXmiMf4GhtrrwUCiFRkhY+UGl/yRqhekbGpB6N3HLT3RtKadZJrjZpFEgRn46wTFlcTUHayidsRBr6TgQGQb85peDrUaaSMFiAzDMMyE4v4CzLTkYmZbU9NL7h9xREx10pnplrjTs3PbdJYVIAw9Atwf9aQzZTEF6ajLQpeXl91dRlBdtNvtK6644mlPe9p//dd/ffOb37zppptuvvnm6667bj1VnXnmmbTxile8Ytu2bUP321ddddW+ffsuuuiiX/mVX3G/fvvb3ybFyZOf/OTnP//5O3bsCCUf9rCHve1tb3vpS196/fXXf/SjHyXRCUXtuJKrSGnPOOMMd944junXE0444V/+5V9oe25u7hGPeERTdOLu4t73vve5jZe85CV8t8wwDMMwDMMwDMMwDMNMArVYYa2lvOZnZOsyJxl3MvrXjD2XX2mvxABmwNChSuQY/W48fKHeVsvboZm0EhqCI2zjHIKUGeFMAxcg/XonrvdDG+jEaCJh/Zf66Wv+bpXVrcfDAjqusNOa7JAvBTkEVGeW1WLqyHUMJtwMHLL6hvXdUvl0WJ+SIsHmhBaLBXY4XTmpLWi5H8w3gveHDC211S/GSCWr5V5qMRicYE4GuCO4lWMQCKChQWP6jJ8AdlDcIfHDUhJl+LpJEAIVmmrlulpetisrQyDNo1KoUGyOBp+avN+P48gtlwvprsKPIYmFhAg/QWMkYRzFioTRwe5quuTI5pQL4xJnWZYkifvUmLJj6Ck3SSzIMqSFRCJIMKGKaTGelChVpV6qUv3WuN6Rj6opr0b4V7J/3q3zu+kqSXEjQH2SSwrcUVKXrph2B6L6xJ25LAsUoegkTVF3ghoBmNTe8cTSzNdu+CFLyZDmyILkCLJ3ktJtF2WZpmmrlbqDXVWxjBuOLNTrtjlsmK4S4od8V0CjlT/r4pc+se1el6Qpf4y+WbjB633zE8K/7PHFFrmxw1dD6V6fhYmMjcHsBlRHqN1SqCtSgjRFA+/OwUXINlK48AVp3D+admLaFUmj8E2qoYWT9RTxCiSKO7OWZwDDMMydk3Yi+oUojNi5a27PngVxuLg7153bpgWDUp5dO2Zu2334nenYsXPW/YFOlGjF4qjzohe96Lzzzpubm2vuPBsJvy4vLy8uLi4hRVFQcCR5nDSPuuCCC2hj+/btoyciC5O73/3uZJHy+Mc//uqrr3aP97znPUcLn3vuuW9/+9v/7u/+LoTpPOtZz3L13+9+9xMrQ9YsgZ//+Z9/0pOeRNunn356EKMQ7obqDW94wz//8z9fdNFFgmEYhmEYhmEYhmEYhmHu3IyTuXgZAjwrhoM4qmCSkUPIvgPVJ14gUDuHyFqfEcwt8LewuF/tML4SWGMlOQWZUaABgJLeboK8IwSaSAjl619FsCAGvDRqMxKx3kPW2CCrktp2BdZuJSbWyyhK0hblrYQD7EAn2spAI8gv6J+gYfDX1sgYcmvSCtUg2qJfBh6gQOvhWzOCHHNhthYo1ZYXojqh177YMYFAcqQiFDXQcCsScLiPkossEyaJI9qj8RuAsTGwlO51J+SrUNdHk0Gs3vxRWVGzSOjmuN/P6INs0J0IEqugqAIv1u0E/UeEPicVpE1xn4NHsLIf+e8sNh1O/DnsSl+RHPILakb2UPKOBpFIVBRus6SqlJ8c1n38Tg2G1Bz4UDuiwJ2QliIxkSeqzGTocHJtgV+tpQ/x3c5Kd+I1NPTRvKhfw7UiIbygQ8t9V+Cx5c0/LBb2p7tOFMzmUCweFLtvDL+SAIrsd9zLXAvtxg4SoAzGdLljURqqAAAQAElEQVQpFKnET0j/OgirNX6aoWVS0JGEyQO6PDC5QcVJZJVQPrrJv1mLUEl1DD4vGtYqjbcW9jlhGIa58zDblvu61kbx7Exrcekwc2Hm5qaUkoJBWqnrzPbi0mGGGM7NtqwC9cPs0Q7WIdytxZOf/OTVy0wj4ogZSre54oorVik8NTX1/Oc/v7lndcXJKDPIKgXOPvvsF7zgBYJhGIZhGIZhGIZhGIZh7tyEVebw6Fc9Q4GmIqASnZBHhjhE7CGuU9J6OnwFTutGc+rGoPZEjUoCjgJjrszLDMB2otVGsYG2w+0EmxOxGsYn9pCZSbBKEdWir0HJQakbmpvDXAxepQtX6dzm3KjsR0hNYoosy3s91z4wG4kimDeo4bCWrBNI9aOGTWkOt/2jjYp7vZ6bPa5/0jRxNF2vFYXfoG+OW3bHqBptKKCILE8E/BpDyyNZqUzkuACqMecfKSYlXbtI09RV6xrlurso/LlEpRugeUxf+gTNRwyRKqQXCbIVvDI/+0NIkEChDDm7QOwS4q6aDnG4Z0MbQgt9nYMylFBAVFed775jmkUnm4bdf2t7qiNwBDFyyULGkxJebOTmA0rJpAV9lNsZiUiTVQnq8nCkvCcRWZXgGwa9sLxuTFRCInjpUYIPyfiiSGFRb89DB1dv7E0lmJSHmzzGMAzDHPtESkyncjm37ZnpLCvzQh96DXJuui2YBtvnprrdTJtD/vOaJqo1Pe2Oc4MSsREZwzAMwzAMwzAMwzAMwzDHNoeq81j/Z6ohw8dQcIj7R1QqkzXPfPQFKMKv0YKPRhynrRYs8RtvBoILwt4/pEpk8dQ5KEOg4sQ7H1QqIBRtoBsFRrLYo74iTMvSYfFbyjLP837f7SvbrRgWt0moZILzAgV7BLUL+ikEM5gNuJw4y/reubtspWkZx3GSpl54gf4qof/D3ApSDK1N2C/xkHUqTureGFRykOaD3EdAOoAmJlEUS5WXRVkURSUfQWlARZKIpliEvFKgEjjUaJDU6OBMTpeapimd2vV/kiStVhokJrKhz6o3ql+D9IyeIoMN9+vC5z6y7bwLZJwIZqOxupBXf2JmdsZNh263V/qQMjR4ghimOo8KXv66ti2B1CWjI4XeJ2hZIhoTGGUiMGeGVrLcM94ep9TWTSL00pHGvxvV/jdiUITm33a9U5VgGIZh7nx0EpGXELKzfefc7bftF4fItvmpSbg/nyhch2ybm9p7YFkcItt3zpdWJBEMCsMwDMMwDMMwDMMwDMMwzKRxSKvqoxEr62Ed9YNJhiTHDONWXku3sm5x+bWWY0g5tIB+6I3ffFBoIpWM4tibDEQhYWcl6Ywcuxe9B/xKNO2Q4I/iI1AwTcWQmIV0LWPicLaK5iiAWqjUWhW6yHQc+eXzRrHm8Nk6mShE+6x8FrEu4n4vSxIIzDHaFnkZx1Gro1utFuXdoG+JrwySdKQbIGUCEMIDMg56lgYvXN46lU3N8pWWRZP0hLJ7XP2u7hw1KOBYg/IR6kBKyanEK97shI71uhNjwPAiAguToiiosDua2ux6P8L8IAH2KkloDB0ehCzNYWjqTkQj98feeuOBL31y+4MeI5iNpnv1Z7M9t051Op2ZWRUn5LiT5/08LzS+8QmMzQIBCqThgA2Kl6BB8JmKIYUpRjccRbqT6tHblWDQmf+FNFaKnHXo7bV05xAqQrco6310dCUsaaqRLIaAiQ0RgzEMwzDHIO6PwGxb7u/a0soTT5i9Y/fi+o9Nk2hmqiWYEWamWwvL/eJQnGNOOmGuxD/Jc23JOh6GYRiGYRiGYRiGYRiGYSaB+pvtcljuMPQ55qofa67X2Hk9ihPrnS9o1dvoUmO2jl9LpXVT/G6/8m2WYkh9clSQsIorfVdIsvQgEYgipYC7DNCgyEjI4CYwILlodGNlhSJ92hH2G64+h+gjEFJYqw38gNmJlZR2hGvHVhwNxUklrqhcTKhh2pTSLaEnsftfBN4LxgfxeInM2CmxQY2PtTaYJZIrVcC6fBxrDNBJWy2cQgpVGtSzQlZqjGoy4cK+tUXp5qCJRSxCus2hMCyGqvRGripK/KEzutahHkXi2Sy1CgwpytI9xrGXhhirXEtq0UxDO0IiFaW8x4l7CqJ2ascUdy5BITtNT5fmiyeoapp7aGPxC/85d98HR+0pwWwcJustfPk/ZJG7SdDqdDpTUzTiURwp1XNj6MYRhsCA4MOi7gRUJAJeVjBSGoOqhIwFvs1EVVKXbfqUwCSufXdQrALSE5zf7r0VqtUgehKRj9FRguKvrH8fCbZDvLLFMAxz5yZSIHQ42LdaJdvm2wcO9td54LY5vn9YkW2znd37ltZbeL5dKrgjnW9LxX+XGYZhGIZhGIZhGIZhGIZp0FyS3iSvjqFqhxwNhopSsM3qNYw9xZF89lnVj44g5NZhSgNWGQUusFovirGQKxGuQo5kmIiGPmaTOnM8/qReECJRHqLc2nEUBfsSFNQ0mzRk07JK3dIYt0ZM2TpeZoOROuDIoQvdkG5QZo9dUc+xiUhbh+OANQPoTkBrU+q8KLM8itqU+DE4LlKMmWuH13JbHe9/j91auvtFa0qJ8UoOcO8A8xK0h0CDCIGKE59aghqOKtkE+hG8Q9zaPKYlxXEsRwx2QqtHlU+jczGUUdKfkRoHuiRNeyyqR/zrM6hPqKqgeiHdCSXgxFEsUiExoIdqcw+kQXGPRe66v5jqTKVp6i6Xwn2acpOh1JSmSia03ywv7fn3D5705MsFs3Ec/PyHTB9M9ftZZkgYhHNyenq6lSZ5nnW7vTzPy7LUJWRradAYVW437n0QRF1gBuVeaF7bpqqQHRFmqR38AwOPEl+rkuae+5VmDfyooGfyehNSudH0s7aZubPF7y4MwzDMJJDGEOnSK0TSmer0y15Wrn1IEnXaHAOzIlOd1HVRvg6zk047dt3u/nJPpTKJBcMwDMMwDMMwDMMwDMMwzFGBLA8ELbuvvK5vB3Un9bL0ESPXkYDjdSRu5b3UWb+X9bpuUVWFYBbwOWmu+NdtPspmJ35B1lt4wGW6ZeE4SlotiUEoIihLGs1vVrBi+1FDYr3hiQ02IRg9VOi8cI/W2GqN2HpLmC3W3GBD4epVteVWyIXQRekaoeNYt0BCpJJ0JMtl6KptJdxZ3zxpFBvtP/95PJ0GhwBCZ/IsF+AdAtjEkN2IaAwAiTkqixB/Dq298QnF4gyKNuR62lp1UhW4o3yKEDWABCJVeYwEGoSmuG9YAmIUL5qpGu/mmzEaBAqoshGQDQSbQhRglwJ7ZtrtVvA+qS/BhzatdiFWit63vnhg10nbOGRng+h/67/sf18dxykOlszzsii0G9A0jd2USFpplLj3j6Tf72e9PkpPLAQwuRkIcTqoDrGRgfG1JZigwKsvbSWgJyHZGU5SQx5RGJpDw105EZExU2VqQrW7eRjHAsOeBiYDqKLImsk2xSasO2EYhrkTMp3KQrs/PWJ2+1y+ez/ocldlfrYjmFWZm+3sWcvsJI7U7LY519mxElOs4WEYhmEYhmEYhmEYhmEY5mgwsEKP7gnr0X+shfdcqHQOXlchjgCsR1n46j46NPR6eb8vDBiEQDCNP5/3+hAjkUBVe46CAKXKi8FfcNnXrfkm7VbabkkFAhEpGu0n6jaqwYiiKszCrfRL0zyLxHAN7/miTZEXeT8ri9JaWx/k5QRbLTnxHgq24ZzhZloJuCXsIgGNRytNmiPmxpSsPXAF3IjKLMZas44Trj3EMRk2VO2BeV+WULU2Oo5it0IvVSuINobmTdPyhDQcJOYgtQfpTiIMNFmP9KR+1oohoxSIM1Gx2x9V8Sh5DgqBoij8EZVYDG0pNO3BRBRIDFIV2E5FLXdgz2u6BLfR74MHvtvVarXcdcQQ0RMlSRKECMEaZ8h5yVbmGI6Dn/5I67SzO3c5TzBHRnHjtb0vfcwNU5omNEzV/Cy1LvM8S9K4GiCRRJEbt16vj6Y1pXs70daVMrG0CtUhEGKF7wLwRqMk7XSVu5ccnY58qIJTCb5bkXGOV36R0QnNcItmKjEKW4KzjiuB71ENA6WjKvJjGIZhjhbuT8lcWx7ouT9GYtcJ226/bf8qhZNYTXVSwazKdCc9EKlSr3b7u/OE+RIU7RCsI/lPMMMwDMMwDMMwDMMwDMMwW4Qc/z30AWeI8bqTIwxmOWLNB4aDQGwMLMG6pVCQI1jZvKBG/ZQSAYup3j+iKa/Z2s9krReeCBTFCLdim6TgVmB9q+ThOAN41w9/cV5xU1X1/7P3J/CSZfddJ3i2e29EvC2zsnaVpNJi7ZIly3ij5bYtG4OxjWmgaTNjmq0NTOMGNwMNDdOfcTdjmGHYTAMGmg+4Gaa9gG0hbCNveJNkW6slq6ytVKtqXzLzvRcRdznn9H8559wb8d7LyqrKUpXk/y9fRcaLuMvZ7n2v8v+N3w9qxAPFD6lnePTnSpRlg5+CjTSJ3Qpq6HUzn2W3mhKEc/re6hrJFQqoDCQsra7rdN9DRb8foN4/LNDWvJ6al/Bzdh/BdYjSxW6EJ0Nrz6YjTIpwrol6miquPiZFJumqquj4mKPC3icUu+MpK4dYE4xTiZyxwk3CdeYqbgY/IhZDUIkxfd8P3PGu6+Egbds2TTObzeGxrivuZpVtLejKPyVea0wGivHxd/7ATd/x31cH1ynRM1V/+YnHf/pfVz7UroF5Jloo+dzkaCS8BaY5NKaGuapr51zf9cid9P3AUoMJBsOVrEbehDA0A7sEgvdoAWubcTA93jaLp0/M1kLwikluSjEMng2VeFHmvB7elG+yBXETsxORSCT67Shr1Lm5fnIZh6hvvPHcI49cPGvL3Z2ZEl2Fdneai5dXZ717403nBkpxhGE3RolEIpFIJBKJRCKRSCQSiUQi0edKuaw/QTGuSpzM8BTb6xPRMEqpq4502XRSyEfgj+BzxdtD3dP3vYeyagzpA/qUF0HdMunsqfqfPsY/zZS5xh8BvIqDYcBNKcFSwddWlascvZjqtlBInjTsav/JmPwLSjvY40UhDIH2BlCc9pGG6Hn/zKNOD2S6gtE/6L7AyUAD1MnXLbU2kItJ5AXzXJuxuGLtsDnu7BoSurYNUOmPaur8UegTxaEiJGvZskUxd4LPaDphW3iF/SRO5U70KSFA26FKGVaKDJ3QBp6ZEi4saLI8IfwlMS8hKCIKUIa8WBgfURTWw40kLsUUYImAFdjSr1arfBBiVmAv6jXzDSpDZyVXaGwnXX3D5UsP/NP/+dzb/8DBW9+mRE9f9/7ST9zz4/9yb2d+7tzBnlJ10zhbwVL13gyDYcgpxNCT5Qm7laBLkLWz2ayu66Gv27br1m2n2n5gGim66JSl8C0yLCF8JIWomWimOVAxmyJpNb4CL/B648wdBp5okbMbCq0KM0aZpVXMwJ9IJBKJflsqcSer6LW54caDRx+5dOpmO/NGia5Ci/mZ0AkMr6f/bYABAJq7QQAAEABJREFUt0KciEQikUgkEolEIpFIJBKJRKLPuUrVuNSd1VUkgTzVMc1z9PH23KpIGMAwdD3UxTkeRSdMQU3rp+pZK15D6kHH/FeEIq2xxtUVFIzRxSAboDzdNjMvkNqI9eSJYwr5Efih9/1ABgRs98Jn+RzgHCqeWANp8mIO1uHquQ8EyPi+XQ9d64d50Fcc9mvabldcdzZPGctcQBPX6xW0tqoxzgQq9lXlJqkiuGXO0kENA3aJMSA/QAkA4450UNpF2E7ZsoRpRIqhhNZXudbgRNbZBkr8WOOPfT/A2PGgMluCQEK+mAeieEoAiqOoHTW5SFRmUAg3GV8chqFt12ygAhuoEJ2zMaJlxuQCI8Ap6uK1k7KTcH9/8V0/3D/x6IW3f5t83vbqBfPwm//mH9/3sz+mje7WK/Qr6f3+wX7dNAa9bizcLiKG28Asa3I8iXAbhPmHS32gLCWYGudwfcIqbWbN8dGy6zrOxDGR1l8wOmgb6R5AHiq4jIg/gpOGFLLDeWiK7xPFy4QCzHh1wbcIoKBZURwIZzLGYprU2Jl4VSyeSCQSib6A5SxGvVxaR/jJc+P1e488dri1wayB363kp8VVCX79hF9Fu27Yev3GG/c9JYyem2tnlUgkEolEIpFIJBKJRCKRSCQSnaV40vlj+g+0Y6ZM2WZ8c5ozM3n1jMPGjWPlF8ddsjbryNt8QVQnHEoSzRJHTduaquTjvmoCwJQuxLwJYgoeKrL9AJVPLI5G+pw9eTlA4bNUxfnFk63Xp47UabradIirJSFizBEUxlW2qqE6HIu9wGYbr3COLUCCIy8m20Q+Daev8Dm3E5FGVEWdIn2y3VSG5sNqndMzrhx+U3im4lIDsxWpIfgQKAhG5UWBxiJdVw/eVHbMCdJldaWHbVpGb67POHldndKLrVfcfN6w7UegppS9eVDZCsIPvtMdltgJOoE3bBWxtJ9tPxL2pKj2rodB9TjseMCAf0IcDAWiWGuqyGTARhfKMj/DhGfCplDUDpIFFor8ztlhGHoMVOngxN5D+d8Td8I5LCmKBZoBm/Eqs8ayNQsf1hH0BAfCo/Q9MkA+wKHoucd8IT80volNE8jsIkJZgxJdVFoGGlGF7dFLY338vl9Y33fX/pd81d4bfwecQ4nOFszQZ9/zs/f8zDsP7/2EVib4sDpahT6sl+ujy0c7ezs7u7uLnR3nqgiXkKbZhunGtYseSgOuYUSFYG5wTo1yNWxrYY6bvlmtVy0skaFXQ09oiiMSyQScOeXtQEvJKku3Im4Q5UcVNAoxl8BYn+WbB7ymaI3BVawUrDdcNpgFhPCKpQuc6RQdXwAmSyKRSCR6vlQ7tT/Tl9fR2+r663cfe+xo+u7OQmxOnoZ25vUWdHLjDXte469YMMiVECcikUgkEolEIpFIJBKJRCKR6HOoLXcTdVrEx4nyPAeDZIBjc/scoqDP2j1FLWyCD8Wjg4v+5eWUQBIzdQB7cfETY2IwwiFQaXxoO/ginwyugBuq/GMN3Fibdp7EzWyMQGmYemo924JpQTB0qsJyUooxzlLoChIYRmvOnGFW5hSFDDaoEn+hUlZNzKRO4KSdFGCDjhs+cloNuqvA/oH5HEYb2P7kJIdBZwnbQzAhVHQ+cekgDTGZXIxmJiqcPAYGe0SyUGCThoAvJFcRiozpe/jSzqSjJuAk5jiXErCkyihptZFYE6fEi84bjIzU9sy7CxcurFarNVTl247JmsnloYsPClT429hCOT8Q8lRRT+q6TqNBOzGhUlWVNYahDVrYCAV4T9k3IegQsOZPUT1lWZaz6GkHN6dkY56oT3AAa+sqqyMZi4lT3hvytsDR5YsrYygx2kDMQeDDMoBSmxqDnqq+a1toOdulwNdA4Sx0QA+dhUPVdcVNYGyFu1yenPRN8g/d8+RP3nP5fb+485/93tlLXmkpBsaI9wkJZgGGtm/bJz7+G3f92A8c3383uTZZmDSt4DHCbMCyPD463jncOX8e06fmiwWMIfJGFfqZsFkQzBDmaPVIfkRv0ArFKF5gTdMgewLLbd3Cnx69UwbCn5gdQmrFeAVHig5dfxil4qmE4yb3HuJLshcTTm3IplLEvNDFQEY7vg28GssFFp9zRyWRSCQSvdDVOLVb6yP4PcvWN9yw9+ijo9/JvKmV6Kq1mNVPXlqWb2+8Yd8b/H+J3UY3AveKRCKRSCQSiUQikUgkEolEoudPcWI08kx1tW4g0zOe9W2BBcpn7KEqmjM78uYxduu2Xa+hRo5og07QQ6qN5lwITjxRz07XsmaK2IeJ2cLFWEMNNpRU8QzPMlb5M7iTjAWwZDxQ8oYnGOVaik6gMyhyui3HJhmjp+uM94MGD2ijMUTMdUmHheo1vGJDhWBHTLksJ9dH3GrMs5hlt7u3V9UV1dqXsKiGodcq4TNkE0JcBg5nGmK0LUFVPPK5SK8KE6QpBkUhFGKhbB8J/ihmKlzL59E4yZ1cYbWd6GTmjyJ6VjQYv0LqzGAsQVmcqRLK6fgJNyYhI9QANnSBJ5WrjDbNbNa1rdZDIQ94FxgZ4hVmHLiDaSqTVCE1IddO9sI/+sDlH/vnl5WqXv76+Zd8tT53A3Q+4Kl/O1pgYBIYLv9h+cBdn/25f//kR95XjJlUwuTgNhGMZr8QBIRWq3UIT6zX6/2D/cXOom5maJqTM5405eQQ1DTADCAkpBXPcvBoioIzuzB1VcEUrtt11/UtTrFOgIjB5ii4FOlYFR0Tab7pbTW1PN2eTYH60pJnCyKkqwZMC8McJnScwksjaPXbcZZFIpFINNUcMV191MJvLdX11+8/9hj8UqCqykq2ztMS/NZZOdMP+Jv9DTcceIO/cO42el4pkUgkEolEIpFIJBKJRCKRSCR6vpTK3Cmv52r/1XdMwnmmmqbxnCi16/FFqvtzigNzAEyjQFF16Drf9QpdPLBYb6xm2wY0Qsmfzk90wwvoH7OpLIt/Q0uhtGuTO0jgAd0w8DhVU2canriYk4xK5pLONIKn4BU/+Bi3fWieSdPL8tCJDrEWuR6O3igNVGOsxinNnhwKS+l+6ImJwbq6IniCjxx9LEYsOWlpuv/26jsT1bjSIk3vOWh93TTG2nrWLI+Poa7fwtqiyBBqVICCvEmrCQN2QujVEDmMpq7r2ayZz+fWTg3NNZMYIUUHja1k2ggP0fcqG41kVuhpESeqpAnxjlpvOqoPKto4PS83hqmXQpkojEXR3Ph81ZAdT4Ubw/rhJsN/8JzRE/LVmA2DrxDUcTarECdTjGbafv62v/Njw50f4234gJQNhElZ7MXCQtCMdimOLJy9BKc3RFrQfcHVdQXjX9UV4y9VXcNsVpTjg7tEv1qtlstl17Yxi8JfDMMWjmT45mFU6X7uaV+GjpphyPMFIanC8eQNPJvK5DyjkKd++zIg45nNt0677RLMYfg9eOKx7z1dzgMsz8Vivre3O18s1HwOncB0JOi+sjBmfU9XD0FhSOMlmAsfDWYowX8813hP5e5giJK3MAbouzRpFd9qNfJWcJsN+YWxiTzfxWiI79cwioEwJQr6scZZXaAkkUgkEv321rzCHxOX4WeyddffcPD4Y5fmjbAST1vzWT0cr2EAA/3utz8TjxORSCQSiUQikUgkEolEIpFI9Hmq0XiEvS6eOYKyGbjDvAnDGWrzs/SaY3eoxouf5O/64LniaYjcUIybqEKZbJU6N6ueT8+b5RopswWY/gP1cecqnRmZ5B1yda0ag4hUcQ9JSTI8XJFYnEjuFDBavEPM4TTPWDk5h5kSKGkjsJF6YPRkkysSFDpNKzudBErYQZgDCtUY7xF5+ku9nF1anul8XSHFJUMnDAHUOB+uqqp51x1evrxcrRi5SNtO2sN/9YHCi6hmzyEmo+cH51DFtP4GpBXwbMH7ct0U7gSewHmnTiFnaWtMGe+Y7BLQ0KKCGn+jN7Kv4NFQHykJhXEkUklRCcFjXAtZtvBZqqrmDjNrwsxHEXTcWQddJm7DwtAxPbPVyBFhmTQbz5BXSRmxslnZshytHMpai+zL5BUYz65jcw1vKbIInuBgkk8/YhhaQQt3d3e7uu66bki2P5FcgHq6a8CwwPhX6CkSdW4z30ZiaVi6x6lkCQNXlommNDXkFCl6xWx+q6bzRceHrlm6cGOh95j6Kz1L/cPTBSbtrHHktKMwIGe1Pjo6atvu4AAxnb29PfqMOONrCvqCGTd4zfPMRq3GGaGxtwuoVjX1fD6DMSHCqgtIKBkKkyKMJCiDNJGxcFlTEzV5mQS6OKPRYyvJ4wc9TjSOKdsfBZqSwIlOvYYVAptJdoJIJBKJQE2lzml9cQ0/Su2FG8+bYVCip6mmcc3O+UA/is/NdWWVSCQSiUQikUgkEolEIpFIJBI9v7ry5+0/B6dXkziODE9McZZkc8DoAfkEQC0z9Otu6PqIzghcybUTLiDTJy8wpcAWap6Don7ToPEAvxWTYQm3+yRdEU9Gr+i0ZUw1br2xNUEniHEw0pGBk/gs3U4292bSIEXgXO0BirMONs8T0qA2Wh5S/zksyDyr9l5NMpKbOmpUVfLMAB0vl33fEVMCzTARwRqGPBKEABX9PvY5MSfUdcW768ynMCoBT/EQ2sMuWIuPI/nBLUhJN6TEkYyU0HgxFAYiNVxHRnGKUQp8Q2e3OgFIGlOA8JshH4fPrrN/SUrbIWBDETyTBC1x1ikkT3Tf98WyhVkZ5E4sMjdVj11mloUDd3JLVOFIiuOLmmZBlTgirUuvXe/Ye2PwYwmqHE1TFgw0dZgsGnQjwYcBMS5XzWYz2LpPAwW9wiF1WX1SRxcGzN3A8A20papggk1heAgNMdMbE7NxOjvTYJpMJni418RNBW3GvCSGdVS+wZXpw7UU810vXfkbxBZsG/KpyWKESB3M5SpRT+rypcvHx8fnz5+DFbWzs6hx8TmecWRUiJChI+rJKuLlgjYndW2bBk16QOu2RWuf6GFoMDUKxjZEh61yjLOo/NOBQ874iGlk2E0lpsAtvosh2mIsBUrh6303IAAkEolEIhGpcur8XF9c4c/V6Kp+CJWTHxNXK/j1S7k60I/nc3PthDgRiUQikUgkEolEIpFIJBKJRJ9DxdPK76OzQEE0rqZK/4xOFyc2G1P7gy2DA1VKsLn8S+YmyFAoqrGrMOCfdu2hdozJJ1xF1ViQVdnvRPEn7vWEsdjGLSKXkJ+q2c9+QLLrAz/PNICxhuCESPBB2SzRDHpsWoFR4mZWidryvGDohmcyZHojsFXCuNWzQnFirjpzGyjJiECMnKijtsNkzjoQTRq5IRAWk3wacL7QmgHbHHh3nfJK0um3D6OeQldlj2L/3Ne8dWMnghsqQkigjV3XITGCMIEhuwfNFE9CQ7jzFCaCrhJmRCgYnuJvN4ASlZJlymAw+lByZAjE0NP2lCicKYGR0piojwUWUeTwQRCJdWxWwec1nPjDUIhKCyTEfOYwtVj/F7gAABAASURBVBiZQjBwJPhTusR4DaEhnnCnyMeEvQtYMOnpxqhuTdt0A6ZzKO6GiB8ELLbxlOljbmSCbvDyoD6kWwb5qVgiJphWM1l8yJTtlDsPvYEHetGnmVUbQ8rNy6NH3AfboUS1PW5xDPfaGoTyLYfwlLtcXhOZadImbY4LiyN2CkxnuHka/VRi3/fL5ery5aN2vab7niHKxuJU59bS5WPQ8CfF+qSDGc1bUT4SzrBTaftA1M9AQxLy7YM9pnJP0r2KMTo9pWamPU2rNmKSAmxQveY/h7f29hZKJBKJRGer69AFram/wENn4Ada43Q7kOEY/JgYBid44lWo7YZeW2ayzy+EOBGJRCKRSCQSiUQikUgkEolET0OHR0t4/He/9mn+Vk/YjZMbT6qc03JnepKjQTbquVv7n/48HVtPDjv1I0kMhD4Dasg7suUGenDw69lAYeQUpkfmhAl62XOhWAUPNe92uVofHvVtF4aQK59Yso34+XosXVNxdqzUqzMGTV8ZwXjGuEnZL6EYahIRhPVfV7l6NqubBuu8ye5ATawIlL5i2/RkZqfEjiaLARgk6DfGv7Td6ui4W60ovCZwOd5MJlCfHYqk88hvvJKfYG2dzQygI/NZPZ9Dl7iErnJJPZ449MSxg+1cQnu8PHryUnt8jIwBJs8gPFGDZjOohROho3mpTLJH+DxXNTV56J9C7mToUAyhmc2qprGV1dZAaZ/WH9XXiTQwMQcA0ffQSsriWWOeUe8rsjypHC/ExCcgDUD2D33fs8cJox4cWIOhLRmDwKSYKrmtFBxkCjHErYvNpBWEhiw6kS7EnbgS3GMGgwk6eH6bqZEh5uuQXkFPl7rGxQItVwiv2GL6UuEHkXu0FenZDmMYF0Q2utE6+cRwd6boSVmkqTs5OmucUk3QEUIWiENYqKKsFJyRo4umU6Oz1wh3E05FSBrRHz6QZ0cHPZ/NZvN5hDmgGB4EHzDiparwJkLeIdwEjz2CoTB+wK7BcJFlSFVQIRgAOEXmgUZcjt1WvB5MMJsAnS5zimuXiCLuddms4DuqEB2T/pVbYJmdvJSVGVuRJh7mcOiX63V7dLQ8d+5g/2B3Z2cX7i0w+VoFayiQaChn57WKaBQCUjAOOCh2PrNwM6q7vkV18CcMnkeyxwGpeDVnCClZubCLCfr9MMy2dRHRSDFCE64RySgSiUSiLyRZg34nl9ZxCKo3LvbDDH5qi87WevCDwSFyRh3M9bPzAhSJRCKRSCQSiUQikUgkEolEomcivWkuop57xRMYykmOQlPyRilDnyadzT64xI8ZEGhz0nVQzUXCIhEMVHOnqBcmTvRTeXqcucFzMzj0kX96YrSrZ81sAXXhQD3j7qXTmkxVnG1LEtl3YNwxluSegK4GET0woNQNReTlcuh7HVNd+5r+4zSFuFirjI454kVnJ5fUzis4q5DtAgab4OyrNGFRp7/DZKmq0w4Sr8bB5Gp1SoUD1pAnzmB3b6+ZNZcuXlodrckAAmNfELpBD4iALg7GMEABf/q+gw2gVt/UUMRvZrNZwheQAkrDAd/WdQ2bwZOc7TIGrzCggKxHZA8K/ARrQTfG5p1yJU0eN+03HH4Mtta6h1YMgyfyCVkKOupA50+Ck3dwXaHZhSdvD8fQCTaHZ8M63NOg9QsiFeTvYrpOZbOWpgnksDLueBI9mT5P8xzT7Sm9Tk1sGmiz7lTncxMLTxPHyBs8PDpyUGtgUvyA7BIadSBV01cV0ifQnhydo+uq0uwhEuNA+AbH68Dm+DWw8Yln4IaGztJJdR745FLDdy5sTEiMyQh2qLS44aQMoGzBQzRHCVnanL/iIaLzuo+TLfga1vkLIR0DzSPK5fh41bbdE088ee7c/sG5g/29vdm8wQkeemsc4S+W3GCgmwEaxsMBL/vIWA+6+yTmZu06Ak4C2fz0fV/hq7aiSDBdLGdM5p8i35ImPaH52QCklEgkEolE24Lfp84t9NE6rgc1aLfyscagQLE82Rb8ejIoPdDvJPNK7Tbyc1UkEolEIpFIJBKJRCKRSCQSPZ/i2u5TAhlPSzHbFugTJzqxpcpV5asAX0pShma2JPCH/8PQd+v10PdYZWaDk5wBQa4MNllxKAqLUOqa0xZXUHEcOeWtzNygC8N87ir0kkArA5MK8CpHVZzFw8RJLEnBTXAQMp1hKPiF00aGDkaphWp8rgaPY35NBoPtFkqYzGY/z5zcySKJYQi+HwJSEJQPQ6SEzkOh2OThjLbqa8OcpGOcAp0w+UFNiVBrP3f+XFO3y+PlarlMDIQeq+ww6AhhKE/1d3IrgVI/2YHMZrOapOh6SJ4QMbJdBI8du4YwsMA0Ax7eanIiicydMLgwNjxzKmr7Qio2GXmktKrqylLUDjRJ6475h6ADwScGXiTSJR0HnirVw/PkvBJs5SoeCqY9Kl3xqbuuI7QDORUELIzBTvc9DFfTNIyewBEKgMLtGfmV3N/czg0HF43+MobJj7ZtKYUpTDo1cc2hYbAK+wOTwq4jXsUB7WQGODm0bT6fQ5PK9pVzzH0gcUJoTOCEIcrZUV3kZsO+MToe+dwFXSCSMn1p1nAoPDdqi7arqpqAnoHNUXiV57miK5kzq8q9I+bLRG9RXJPMLYTL2N9GhXTJBPahgbOsVqvl8dG589ft7e0a4zC3QBkYQ1o1lgEayhHiUxNSY3Ab7I/Tdm5qV60dgicDTS48gU73PvQhMpsC08tXQIHpuNVajaDMeMNSIpFIJBKdLvgZsTfTda8O2+ijXivtuqGpxfJkFPwo7o2NeawaGRuRSCQSiUQikUgkEolEIpFI9HwoXgFkeG7O9XQ3O5VQmW5eNsJP6ne976Ew7DXHidBbkXI5KMDEZNsI6jE7FGyU5dli4GwfjuJE8Ix0+igzIICQhq2bOdTjs5WHiVSHzk3DgCBt4lWBQZiZQ1X7bAMT86ki4QKBiuDZTiFZMFxDpbI7fpX4pPGtK+8b0enEDwQ8EDxkxneI9ChhPM8aL9H5ICfifvTZ0An7WCgCSpiVmc3nhvJq2jXKZwYiOT1Q+3kismHJOsQUlwNiyxNmL8o8Mc2gcuhMoTFwUDpFwS6B8ZczGK4N9GS0oEjdRiEtQfiVt4Evj+wCEkzgS0V5j+jJ5OxBa5/oigkUUo7vrFO1yqRDpGge3IziaTroKaMnaIxRV3HiuZK6jzE4IY2Ayolb+bIsIAMFEqVwImqyP4meMAqDWU/OJIYFD+4VOXsE/FhwWK0CO6lUxHlRio+GeWx0Q7NsOdEoheDQgCvys+HjcUpRvqds37lG2xUd8vOSxTNaS+Eic87YnlAYTAgrc5hGdTMwigbjtKWfmaJCt8EQWrwNcu/hWop9NzzZXbx06dLh5aObbrnpwvkL3HhcaQSd0IxjmhCsgcSOcZSP5p8TijkhS64nPYfsIE+EOURtlxKI5vN5VVV5UfAFWwAavgzGNl8LQEwkEolEX8hqKuWsPlzHnqN2Bj9DszGR6nzoDA5FZZA4ERcYkUgkEolEIpFIJBKJRCKRSPS8KE6AhkkJ9Lk6l9ankwf0lnqaAAGlwmhOlOAKbEC7gK6DCmg6fq5wIvkApXn8S+t88vIhfLUVYzHhTkpTx6G5dmMUp/VWrvyiD0SNLhJQdzZEh6gQR8sGvbn7KejJ1OwArTNCsUiJOuW84GExJ8RjlgaH18TM7ehrVgEmZsIgR6Py1D4tqoVK/EScqHF6pmEiaiuA5Jm28ym3OB06yU+TPYmxZmdnsVjMV8fLw0uXV+slrEQ2JiF4QidaKe8Ib/UdmmawFwgU6WezGVMUHKwzxTg4jUVN6JMU3qP8JOrFFVeZs5ZFAlBGrEVzy9ExBQNmkHHx5IcBTYBHzV411vMwQVPzbQIxFKZeYvLHsAWwKBAMPMJBJskyDKD4ofeOiBM/NDDFcM3WVUPUBRFKBgEI8lYJtDbh1CnhBQ+VwoHoqiD2oq5raPUw+LZt2Qpn2mtagTyUGlc87NhHbTJkFPFKaNs1pfCEpmmg7bwvMxN+lMmN72NOC6JwIkdnROLE2ipfQUi0eDWCPjBATDf5gVilMSdIF6+U0uwBGZ3I0FycmLZMunbGrTo7pBDqRMNj+L6o2O6JBhabDa9evnwZNmtX6+uvv5EQIMdwCvXdoXVUoCUXMXFH2zSM5JxCTioGRr6qrIFHJE9gpjv6WnV90/MyIN+aEYVhdCZFhqlxQYrTiUgkEomeUpaido47tezioOwKfk8OQ1P99rX1aPvBY0Ae/uq4U+tFrUQikUgkEolEIpFIJBKJRCKR6IUgvRlhoZ7CX+RpaTzOWS4dmTtRp741eY4f5EfYQI8f66daKJb/MbWEMlliTqiIlA5BuAlWdnWp/GM59uzeZe7kZANOfVE/G5+YTMFgaZpiR9jrAZ558mXQZOowOVPcbmHyNdBj+TZV1E9tNgV59N3QQWk4FBCCHkLKwHh2ilRfJ2cZtpYx6aBxqyUbK2HyJrEkYWw/FLxp2nniEhekroFJwpU+D5qtX6LTV7oMtFWIC0S209FqtphBhd4du9Xx8bptoRZvMdKJJziqCcekyPwDIY/BMVbSNFA9qWDoLHEnCkssFqr/BqNKfNBQWSDcIQzJDyTgqib+RPe+t1mGcBC0MImjGUyq/vOFTZNkVOKQkJkg2x9DuTX4pTtYDcMQkQAJvDJdT8LTD8mKAyaXaRLCXgyjJwSZKOwIgUewY+Y20Guj84O36IASiVcJQVVDFYOBXRwMtbMaT6ccHtl6TFkKinAW7D27g1BgEWa+pOsCvoGLBR4tLe1BTYxhKJpGM94FXVE+OlcheIFHNDSSMAvQnRXyauu2mUHDYRNnyQUGGRgYEm+Ctxh/gy9puHZ875kQgie+DzCBFCsDFy3G/vB5rebGEVPiDLVG4cYwsziMHHSl4JIn/CwQNVTBfDtCRRjW8QmyQTxJF0MizZSL0iEzKTH1kexlEpAD3/FZDd4yDV8vhm98cOQYLpEeeeTxG2644eDgoEFVcNHCQFe2ieQFEzEuCk6N7Em5eyZHFBjY2sIEwxhZHLOq7Vq4rcB+sPjhXtzUddPU1lUqRZrlFRiTWQtd4+FZ3T1FIpFI9NtJO7Wqrb68hp9iymsX+lAZ5X6b+XsMmGenofv0Y13tz+CnthKJRCKRSCQSiUQikUgkEolEomuk4lmSvr9CJY+iVUbnjDgiFKNPhlZX6+qhlT1xslhSW8qR9eTD7ScxDixBxjA1tRgLx8WSJBEnFE8RY7a74CJm9F0/rLuha8lTIRZAgXAFlSxOoKlYwid3jw0mY0RtSgPUaYqnGcJcZdm0ZE1MjwaPbDaBle6qYiMBeBGNMPhcWPhHICAdQefkFyo7q61O6GRzoKCWCzVnKOniv8SHNA6RDCQ8QifB9yqyj0jUY6zLuBK4Sn6SXKFwk43Vkt9Q3DhyeKC6ONTEo4Vm6LHRZwyaHp+wJcbQde1yBWVvKFcj5itNAAAQAElEQVRjo3HSkmsFlsWDh1GLRF1Q/g4vjTK6fKqn/if4uOGdcrqu6kO0fMEQ4mTm8zmU22ez2fHh4dHxsUdEI8EZpctscZFcSyi3xUMJgXJnZvWc02c4PadYnhQfFBtsiANzKuyTwZvxKznWRBN8oOLE5iQtXb4oogqEmsDJizEJXiU0IKFC9omtPnTAEUdjD2KI2rYdiD+g9icHDnjXBWQzcBEjZINNrVwFz6kTSIMgsYLEky/OJYl0osYXJgZTfsgchuKmjCPiBC1/KCMGWZQQU+QLj7lOMTxN04SqwmQgjAfq/VBCahSDIAzH0OnS6zZqaE/kPKEQOg23EDeb1U2c6UaTcQw+oDUKQSiYfUMshsrxOjyZaQRcqKzNSUloDhL4zkNFoag5MCg6awdrezgxndRkGyJmdJAEsthH5nRgAgZCw8g1JK2WdFejm1/McBTdX3VgGC2jTWqyuuMYRqWJMkrY3dHRUdt2Tz755IULF/YPDqD7VV0j/aLx0jV2gJmH5cbrlDLJ6LIx6Y6OpExdUdqOr5uq7+DGhQ+r5bJdr5vZrGpqmBpnneZBMGT6wi5F1PhrCDeKRCKR6AtelVXX7eglWZ54bXxUVe9rZ387EIzwg7gLYcj/37UggxMhN0UikUgkEolEIpFIJBKJRCLR867npdx35ZOe8m4cQY1NToGTLLASq4Lv1m27WtEn7ePIMBidUzbMBLM5XVczGtd2xLDarrm6TgV2TWAIQgj0J/EjVk3Jga0jTNuWgjWoMB1deYF7HWMiE6AqjKMUuXg9dRihsz1tTQGU8lynInrGZa5eDEKsDo/b5Tp4z93mLBKlstlJIjGSS4x6TpSK+VcFneiJR5BziB4gd9JgvX15dLxer3MSTYabMkSiaEf056CwHMwpaYfZDHZtDMMLRH5weA1jE+wzkc1DEgABj3CQckznnJ4YwRDMkFZB3JqrafIOcSBWWWZQ4KxwTDpLyuLJNjhtJCuOxIsQekLPB6ZeqqpmSIK7AK0mngLW9xDjmhiPgQcEGuEdxbgwFIGXQuDQn5QWlAeB1jRhCpozdrKdCe0Vid4wmGNjGMTxZuiI21LZVIeayivH5FljLgn2jpg4BRPhex8wdAqOhYkz1GG8d+Q0IoI8NDmq+HIvCEnKGwujRX5FIOxUYuwC5czgtWAUsTuG0BMypCGwiy97OLhFE6eoRwTMxHzTiVGP3cHxoitaq3FKs3uNTte+HqfaJOwkydKLuHicNX3fXbqEw3V4dLS7t3vu4Nxs3rjGwTTUNfrHRFhumPnlY8zrLdLhKAYMZ80isQQT5ajzeq1bsvnxx8em7dZVWzdV08zgTUO+JwztqAwDPmvPIpFIJBL9NpImy5N5pY/a2A6q17YfVKW+wNN22n4YtIv0q0vj1G7zdH/BFolEIpFIJBKJRCKRSCQSiUSi50QvKOKEAQtVsmPO2n3Mf5mk22DB3bfLVbde4gcA1UY4DpWLjR4xhSt9sv5zNiZxUvRHJwlScqMIVH9W2VNFh2nz2LBAn5r+k50jItbP0ctiK3CHbE5833W+79Eg5Dko9Zb6t8Y4k9Sp9MbV7E40A7SyXa380I8HLXY5E84mnhHVdG11ddBJNvCB0UeAxGDL5nP0LJnPZpcvXT48PIQyPCEpDiacXU7KvvAKmWggtOEH3w8wR91sNqvrGuGFzROhXUeMjuJYmN4opy4GKvCK1SblSG02soyfHc+uGU+yCT2JFZ1lIOCDfUDgRJyWY62p6rpDv5MEXpRTK+RmmK0hAiRbG2FcDrYmGDI+gXFgaxByJAp2sD4E7jJaYiCzY11VaZNkmdIgmiRmQx0EZCLdC6gBDOXw2SydEtEHrcv45BFQauOa0LxAYRuLEwfNwctjSbBIbBpewNAEPAWezSjrdAMHt7rt6OCxrPnsWDNUHrav8cPY1jIklWiuMGIf6AZDSVoqX7GK4Bc0KELUhhKQEORQLoRiikPNUHQkxlmw5ck2JLEpOiaHG04XMrmjbAilC5BCbidkAIP+JRbeO16uV6sWVurR0dHe3u7u/u5iZ2duaoMRUjR96EZFE6fT6o0qIUAJkDK4Vo2roGvw6PrOd0PX9UPbdys7zHtb11WNSBKv3nLVGPmctkgkEomepjhZpvfqsMWfoj38wByUUUPjvtDQkw5t4pwnDNoZxE0kT0ckEolEIpFIJBKJRCKRSCQSvaCUS5Nn2UVQmMKooPVVYRmlmKg3w3SuvK/ONWSVPr2fmnhas1WKmyEGA3bpW6hrrlMFljJ4Yv6oP9WtDRXfzQah8XwVOieVfypCGyqRWyiuU8k45MgVyg/BbiaTC0ZSaOc0PmygMGoS1YIhRHpM2eDTIT8AhWAuxD8jvGbitBLP2CCf0kQadp3dVq5mtCkvhUrwujQ72TmU9rIzQkoXKujGczeb7uSBTxu6OHHCwIFWDIgYs7+/P5/Nm6a5dPnSet1OfFpKy9lPQzEpFAObiwTiV4a6rot/ydbllO1HdDFZUUQwJMsTwil0tlTRhT2Yup0UK5zMZaVX2Z/EWo+ZMkG3iP/AYYmiQArEUUAMReZgUEwhXeAcLfp2oFkHOYXolJqj2LskxjkOFOxFBElkKASjbayt6GgOfVLqOgbmEkbChpiX1FPFp8icDV00aCKSOC3NQINBa42BzpWIDZVjhnj88IABlqmG/2DRWWu8Nxh70/UrjdlO0IWqrmAra1NAD2JDMAjQhLrmMYmjEwkRKFENPuo+TTF7GI0LlsdoMn2J16HeBSSBGAFSJhAKY03YklYcykNrTnEXOBeMDVJ0RvNiTt7he+SYq5SurMhzU96AYYTJGI6Wy+PVpUuX98/tnz93cHDuYDafWZpB5zD4B+YE2RzYlmPNaFUFOjDTfZXGoDCYw77r29Xa2hbXyDAcHS2NW9cNzG9VN81s1jBQJTYnIpFIJHrGwrSdhV736riLPiqEM7yqlK/sFwKX0WPKnvUEQMP/EezUelYpkUgkEolEIpFIJBKJRCKRSCT6PBelO6RPuF9puyllMn1+BfKAat853GWy1+ZGKp87ZtoEd4G6crde+77PxENUJWUix7xoY6Yn4+3U8y1oWpyYncArgQ0gKF4HvrXGbg/aSAuMoS78fWSvBDgCFvQp8kLlwjJHo8Cbg/f9ANudUul9VrXf1A98Sh4XhDtgxV1NIn42tz/9MGzGkizDQ6pI6+zvQkExilmGeMYUXrsaNh7JsXXEU25ock5NzjbBvTC0BR0+zN7enqsqqOcfHR374MuO7L4zrnaNqSPwItMYA06XL1E7Kl9R07QdtgBRbJhB4rCeQNAGmpNMXCVyp9SkAbqMYywxNMyJkGkIHJ6fKIJpDKIdylqo5rjBOmpVyyfF1UzMk1Idm3Cw1w2bYCiaxaZu+KSY84QxOwOzI9DhHr98VfdNDIkpg3NjHyM5p9jsVkSEBi11lcbZIBCn9JRti2k7W1WKMoJ8fqckCmGDTPamDzT0pZt9C8WrMPQOmuQcHKRiQoIxGuhOXRn+lgkh5qqK7wslJXUhmlrXugwyp2flW1cZf+4p38uwMyb1kRxPdKT5Rfcf6sTkQtLsZhQL0kLQFgX2xDwajOapcqVENT0vn4j2CuPVBKderdq+f2J1vFqv1ufOn1/M5xVlBmEGmPJ0eNgfblOGcpaQAcJ7lg6OcR+jnXYw8U1Vrdu6bdsO/3SwHTzt+g5eCX5nPp9Vda2VvpbXrEgkEol++2lWqaZC9GRF6EmrbOdVFRE9ee4t8a69CGD1nbbwS5BCdzQ1r/VccBORSCQSiUQikUgkEolEIpFI9ILU5DP/V7tHfvIUe20f9jTo4LTdNiCCeDp6opPVBVV3sVAb/NCt+24NVVl8Aa0ANmEEnS0hjFYvmH96HivCqWnsgRBDKOE6nAri2IKC9+JKsR4ZgY0yesxBHHR0NH9IhgiT4U8V8SFc2yD4lFuS/Eky6ZMSVk63OckuDJO5ihQM5Aco2GOjA0NI2igdMCiE4SHNxhCaEahTD34ti9jRFRuP6Zm2nusTi75swOsYCvY7OzvNDB0elsfHy9WK0RAQmXkEWgREHhD44X2gLw/l+cWw4JwdxkcUzi1H35hCORDzkVxP+FtGUkCRIlGqqjKWIRJTrHRwezOyBqXB/D0aaSRkJLLpSN9jCA7va/PRrHPtet11ZugHin3RfPbKB87KsY7ZkwqmFKYP+oIdDEF1iEMMlN+jKXMIr99M4OARqlRgQQMYG0aABt+GcYPnsfdewRfcB/I1rhhI8UEZZK/QLgi2tI7sfTwxIh5NaNCHhxZZvg/CQ12nbkJH4b80mPjKUFUOWs4MDZuR1Lpm4gfZGSS5NOfO4DliZ7QLgxvMwMRJTiAieKi4i5TrxmQwxKgxIIkxNN4RukjblKAhvKrxGkcERgXNQAr00BBjlu8vdEjDn/YmOiTgWDK9p9M4plVENxy+DeFyhi4fHR2v1+0jjzx+4w3X3Xj9DTt7uxGnLfJNy2pHA4ckWxi8NWiKw3Y47JpjbQXN27FVXc38AiYqwJAeLY+6rl/3re/80Haz+bxuavMF8Xl0kUgkEj2Pgh9d8wq+dDsgetLDbxnK9l5Vxmt4/DwJpOkHr6zuPPx0t/DzFlq9qHT9hZYXJBKJRCKRSCQSiUQikUgkEok+P8TlwxyusCmdip2Mbehp1svGVgl0OI360FtV/WlyxfTbjZ1jvLKzCFVmY8Io2PtgjK0YD5XL4bw9FFt9u1q1K7Q54TNjlIUP2qRQFC7NZ5uTQgdodU1tTthz4coyE6sVNmKAsrirK4oTmUH/+m4gn4jACTOp4o92AenfyeNYjd8YE2ZWPNXZPZX703B69jvJuSv4ru/RYmDAurePIzfx9AajTOu010iGUP0c2gLjDyVoQxV/ruazY8kGDhQ3ngR+Bu33HfrWtMdLDNZhZwharbggQuAxUVsZMSebOFI7V5Y5sWPM5fgkN/XqmW66CW1tsi+nMS+wDhvXgObzub148ejwaPBkSZIdO5g3sUpPzoiPbdemy4I4DJ3FOzL54ZzLvFIsnihsl1I2Ntl3RE19h2IO2SpX1ybFg4EyFWIbOKf0SClNcGQ0IEFDC2vrqm7bNcxa32GWDXly+Bg7aACSMt4heOIinpnwgoRukMOH7ns4Dru09ANxHjEMGHIz4GDVdXRVtMjfMISBI2ASTkVWQZGYDUv7FU6Nrolo+ClfcLQkDPEuirguwtFMRr+iTp5DdOxIziI8pGoYLDYIPW+gQTajP8lyB4kiOzjr+xSAo6glsEe+m0WdA3QUYS9bBJwuHjnYm4BXTqR7ADVam/HuFcj0JPUpUvCWD7zcDKVwGTKYiSrhWuWWseV0MrU5KXhK8SQiag1fCV4NcBfx4YlHn+za7uDc+cWC7UmqoAlgQYrIqUpDZ/lHCl6kPsTMPxGbYlztXHQwKPAE9nFu3baY8nV0dHR8vGxmMzhmrUQikUgkugZqwDqCOwAAEABJREFUHHzhz/rjLraD6gL8YqWIRIUfVapyL0T6pIffGZTyxnplFdnhzZxa1NoaJRKJRCKRSCQSiUQikUgkEolEX7A6O51mizih6ue1xDtyGElMURJIWgxD1wVK0ICKLvlF2FRCp1IvV3OnqTTXljh5Osq5PyiNpVgo39b4Bf3outb3GRIgXwlLvgtcnh4hgZSYQ4eb4BBU7qZgHSRvcrU9v40PATND4AvGSo0QSG6X2h6Vp/IKiae9lEAnbDP5QUxOciojsklxUDIPGoqv1t26xXq6n3A2yd/EpN2ugZ3Jaf4rJ15zU8sdfaZVDtfrM0Zw+ia4Xo0xi8UCHquqWi2Xq/W6JL+wIQp2WyciIdDTrks4Qx2wNI85LxTZU2CFLSymPLLpiCLiiWEUREAytlK6k2bmhB+RyceMlGxkHabKsGVI16ERCC05ytyxtmlmsGj7qus7D295jokiwbVpLRpgOJdcTzTlSXFcDbSq927gCBzOkIGlavLuaDGCZBYbvZB/Bu6efFqSuwk7gqDRSKDBRAQqGvimAB3s/4OOGuQagkDWBC+iladjTLUduvRqhk64I/BXR7FV8ARJMXJwSZlHiLyQ/QiRMWj1YVKgD3mSQBcwqYhMZQw1gbKKciSOnqAneO9C6EgTc6KTGw0tdsOHCOlORnNFhieGrUt4+7IK04qNQU8Wr2HbFDWu9dHjRhN+gwOYxiOtyMETBOfD0fHy8ccv7e7tXrhw3XXXX5jNG+gIBQthAywiRIkTjMwNRSzuwcvBJCmEjqqdHd2gZ0w39ANc5LCMlserbt2dVyKRSCQSXTPBz+L9GQKS616thzhQZqVCfzX0SISfxC8E+gR+XUJS1ThPbYMfpM4gMTOr1LU1JBSJRCKRSCQSiUQikUgkEolEoudbU1OQsPniWPPfrsVn4qQ8XlP0JBEnij9VPwwByt9QEfboExILYkJBLBzIMrXY0CP28TnWFAxgNgaDJ+rZDIrxfdelZB0fDHImyAZgkd7ZaU7LWcxDMoeh+vgI2mwkwCgo33dtCyeCzbgKTqVr9VQqMTind2fr+5jtIjSPPJe/9WQCzjgITRL+07sf+na16rvWsFtJnGSRpCo/2yiop8pK0s+ILtrul2MoJB1ywmpsnkqrDGdEtd005kIMfV6VuRM0O7F2NpvVx8er5bLt0BSE84hSahR3MhMkfR8ZaBj8AGvGWJWCZjZTfhhoYE5CTRCwYsXDJAQOIj+SDI8ULYp49sjxjs4VWw4kWoJOi3KIvmlqojFabdTQmwxtwFfLu6JLTYVrGuET5zD3hSaVgQpkKgbsZoTH2KPXSV/5qq8JOmmaJlaVYUAkAx+0wjhBxqRBNiZdSCHARaTZegRGla2TAobRGG0jmiSF04yc0jBi5lHAOBgePR5JnqNItjEJgilTgAYejpeogmvY9LAtjQAxcnk0K9fY3FRcwfkTzKYANGgYFHmR8GY4IGQYounmhq97zZYuCLVwuk6yP8H1guen5YOdLVwRL0+D8Ira8Owp9wEGkxRvgF4wdMPhDYcegRso1MGEty1cnquDc+f3D3brprZMgTHfg61Mi877ntATTN/BMcOWIoOCKwS2M26wPawA2L3re7gvKZFIJBKJrrXgR+SiRssQ+Jm/HlTbo8+f0m6AH21BwW8M6KGHJmqfuwCbvh8oQs/4aDxRs5h0p1VT6bmwJiKRSCQSiUQikUgkEolEIpHoC1VRbQehnFbqnxYx0zbxGnicJBuGjVYkGxWd8mKGoe3a9Wroegxgwfq5wZAKJi8Q7Cg14dzy5IGiT604f87EpW12ncDqOvwbdO9zHZyK6uRxghjAKUDP9sAyrYK5FiGm6BKCM3JJHPENj+E6yC6wswGTEVdOPdL6qc1EqNJdwBQCfjCGBS0tsAtnHJyiOSYHyTwTltthIPoOY0aMhVJ25FyUsqk5yXuc1chnsvwmniapSe7UtzfOk71GSqRI+bbsRSxIYLeWEoKzt7e3u7t7eHh4dHS0Wq5wCXh0oTmJtkScXCjkh67rq6rF1Jk6sN8Gh84k3IHEqTqJYco2KiXER2V8BJ7bHD1FaTXU7MlUlt6d7DI0gF/3KqT+Rkf2JSHv1MMfaknMlidx8KrzvXMV/gkRARaDAII1VcSLVnMoFhqlDCTT+6qCDoPgEqnqGt6qm8Y6B/1n7IOHtAy4pgsmIVfoXaLRCiQQTxM4tYqjd7SHCpQfbUBisg9JmAUxMngdwal9smHxyVCo7/xgAsFBFhkcQ0NHtxzoCo1kjdfv0LZdBlb4Qon9MOTbENE2fGPLSBYjVXBgfCtzQgwSsS9LoYg0xQNBCygKaGRu4GVDqAjK6JJSFtMiikwO8svlusk3R63GECy+zvjmw8gUxhOQwU23WraXLh+eP3/+3Ln9xe4OzIs1BJcUaAkHI+U9hcSe8I8DZFRgbJyDO7N1xtVV3XXdfD4okUgkEomeM8HPqZ0avpA+WfUYu4O/VtH/Nii0P1EOM/n4l6VrbIKCcXtMVmsDz7ymXyzphzz8rG2cmlXaSYyOSCQSiUQikUgkEolEIpFIJHqh6NojFCVuIktf4SzTavtzKKqnkoGG8kPXt+tuvQ5DZhOwFIsBElDILq4YhV0xEypAvQDkqgoaRLjJ0HctVNWx7djwiq0ckJ6ZbJ8ar7ZxGazpowMGfHmq6yYIgUrrWpXMi8DwBp5hYxrjppvJ0xibU+xPuPBunLMVfsHJYk7IOTN0prAclD/jCZ1JMT30Vygt5NlkR4e8/zOey9PWajy5gTtrz7KSUiTSlDhJA7+ZWaNH6xHekkGQ3d3duq7Xi/Xx0dFyuep9pzaPz7uRdwWiRXSoDSMTZg4SaZExhdJU5h4UwSgU+IIuGuzkETkmxlq+qLCFIRqz4Z5yYpiiSgE0+I23gS1ALCMOKlYEUpFzCpmXMHRCETUIPQy6hWXaYdCPwdActDwxVPKB5YLXKM2tJ6IC1HUdO6bgQbKZD5yCCZtkqsMeIezUwS9aw9BJIO8j9PmgpCJizZg8yQMY0mCWO0TqJN1j8GK0mB1juREMUUAnQhjazvqgoS94qVpCToJOIT3UHuvqGi7v1ofsN0NOM0irhGgrW/GCsWZrDRvmxKg7MU89nXfEhhJOhh1MKy/ZonDBjFEPWhplnZAzis4LRpXLMWC7st8Jn5ruMoYccGiEAr/LdxA49tqv4dbbrteHR5evO3/d9TdcjxCSwTPAxh5DzhS5ntCAU/5PWore68D+NLhobVXD9DezWT8xExKJRCKR6LkT/NTdbfRug9DJEFTvY+/xiY/8Pwz4c7NDBkXxrw/0S6hK/DNxpvzrhKWfZelHfPrdjn9HpZ95+AMXfvzpAX8E2tENUGGATmXhS8Oj+JqIRCKRSCQSiUQikUgkEolEoheannPaA6XP4k7Sv7jG8u+txT7gWWXrbFIQxeOE6uOR0kYwmgGr0oqKr2VHMnBIbh9k6hHNxJHjeVFU2+fXyvoh9JSsAtVYlarJ1lWOs1NULgGrkuuSK8JqMuNczOWqtNYmb8xkTkwWDmyUgJsTgRDV1Ti98P4pySg9buXGnNhHo4UHMg1oZmAnxjfToTgxNuP5qCSfFLJ5SowbGE1aUmd2II52HeppKEyf5+GNLtUbSlvRSsPoiQcPnAZqFWRLw+1SJWeHAY5I+Ba775SdmNVQVH0vvh1101x68iKsCZ/mMjLRwnBERisC7Ael/36oqipUVcTYGgfPMe0F1wG52FishwRqAjEICGMhNzD4YK3GPBRsFG5tAoJKeMFYLLegDQaNbhlskyxsxvAdxVDFzDDNBH/a1bptWyjHQCuQN4A1YLqu13hWisqBNbq49aU3vOEt8/PXz86d746X68sXL93zmcc/eYfTRL8YU1nTzJq6cn3vhr6jNCHCkLqOOSOYFngBugqNqwl7QVMddM2wgcCFYhJD/EeAt5BDy7YhPHp8qWAbLXTWRxqcdJHEjYMwLEGuRLCaya8lRGgWjJ3Xdn7TS3Zvf+XerS/pjw7Xjz20euSh9YP3WxOJiMGgHJwV6n6o6gDrZuiGdTfgFMQ6VNAsuNKhASk4h9EZ51IsTlQjDBaJRCFOSBVDF0J5cCppBnDuYLNyTQS6xgni8SEyDaaomMbwCs1vWtDZ/SlOb9w6p6Np3jv5XKVLEFpyeHR8dLy8+OTFRx979NZbbzk4OECIyGDGkOcINFqEikxhCvkUoP98BaX/kFGzG9eeSCQSiUTPueAHFHw1LpHp8KO99/gTc2AYJf0UnvweWZ6m30jKq3pjA/5BOmEpncEv+KWMWBMlEolEIpFIJBKJRCKRSCQSiUSfL0quBaf6ecTy4gQfGYvqxR+B686nlQLLxhjkQMkJOmyd/pS91GjEMOVjNliZBEZoYh0wZ4KwAXYjKN4WWN1HLgHqv13fLcnmJMRU6IfCP1o3uBwYwSCAhepyLL4GI8RyjTCd9O/SG04eOWViyj2w6UCqGsMDmiB4LMfHTIlQzRm9HxIuw5tnswuVXCe2uZ9IwTpk96KmWAYUqA2lb0DBt12uunU7dJ2iunFkZ4HtFTL9NhWd2exAT9aF4oJ4alU2tSAfBO0MTRyaVlj0Jk/ATG4vu0owPUMWIbg/uplD+RzL6D74foB2wiuWBg/e9ViUTyNa1ZWtbB6E8QOiySclTntCmFEc40FoL7O93kypEJTXw9a3Lm4PEjcnllOO/hDZF4QWcdQTViflnmTXnRJtkk0scN+Enhh7fHy8XC7ZmAQES71cPIlB8biMYO3wGYmlwAaUqB1ymIi48skwg3N22KiDgSw+lML6SiCjEzyIjsk1hMJfpoWWsgb54IYbbDUVT/iBlt56veZmUISKc0NtXbdqu5ve8NbX/1d/4uC2l6oT6lfL3/q5//ihH/yXpl3NkZyxsPwpsQUKNG0Xe25823XUVDws5wc1TdNTzhDsVGKGSsZQGTE1iRPKATt8i4Rue0ckB09BSLhN7ivPcIh5mrDTCAPtn3vdd3zXhde8iT35p7p03113/OD/dvHeO5vKNnDoqAi+Mq/9K3+3OX/9fb/wkx/7N//UKOOY1aF+2ck4s/0Md0TlVvKKM7p8uHojwinNY77UDP1RyaKGHhPClb/N/c+XROQjR0KQyg8EHQvxh6sYrmmfwKM0OHgTpj3atu8ff2K9Wh2cO3cedQBz5+AKTr4+nq1bTPawSeZFvIwZCYyZiBGJRCKR6PkQ/GjKREi2AUNXMyRRPP6OOv6iWRDuEcNViSnO6XnwGxEiJvBrsDPiZSISiUQikUgkEolEIpFIJBKJPs+06XSitz+et/HWqc9PffcpsYzJNvoU7wy99fG/tGEuzW/FxChmTiiQZftIkTEILt9DQb3vuna1HvqePEJSPZSPjHVbl7MdVCprqgkY8DQNMJ65KNFiow/URP4mDH3HhWeCKziRwyCuYQk6SYOxdUR+mFA7ZNMQBg/HMZSUookqiPnfxFITmRsAABAASURBVFO4iQ8tAjoDkz1IFCRgQj2FdNhoQ8w8z+gjkt7WyYiD7QvwP0rx4Dwg3jUfMqYZM+kf6G3A2jQatqBfxnKJSUO8gGk7nHH41/u6rmcz49zGoIwLcLpc07xPgm149k/0rryk1YQQSV7p3Fu37U+jdeZNJlV/dNSIIRlqbKAPfBo9BZAmUUN5RaYnzrm9vb0Z6ej4qF1DSb+fEgbsIsMYilK+j3HwuGzg1I6zcozhJ3x2hi30JG2nPCffjkB0UmDWgV1q+BRmMn5hMnJ6K3DHMEOEQBC/0HUdLjlPzVLWqeaL//h/96Kv+JpxzL1/7LP37Z6/br63D99W88Wbvvm/eOXbvvYd/8+/9MRdn1rMmjlMdOWqGjNrMMtmGDzZGvEIl5QbeAUGp3An3OtCn+RJ1SVTpuTUTDKLcIkVkoOnMs99gqVMuhRx9mB256947Wv++HfXe+f4DP1q+fh9d8/29vavv8lU9cGLX/aV//e/8fF3/finf/zfLOpqXplKjewLjHWHrAVerUxswIp3nAQ0sVfhdhZopgQJTSeUm1RImsKd8HOvPa0Q2NdivpDRwYc4fmjbsoMOeQqpcsCNs49cSnrTqpQblb1QYIV4WtV4Bzs+XsJUHB0fXz68vL+3v7e3U80asjlx0Ec+C/n2+HxPyofW3EEpyolEIpHoBST47aa2+CU/oUQikUgkEolEIpFIJBKJRCKR6PNIY6mXrSaiSs7VE5Ag1fqj8oNvl+tutfb9EMj0gUu7kyopUg/j5w6fU428wunvsSj7RrPrhkIDgMD+GyGFXZBJCxTO2SPE6Nx5vX28DasODNbxWJNPqSDMfJD9DO1OLgaBa/bIuEStryZX54p93RL70WiVLTKMtph2UriLmA0+pkeZQisYf0Ll8qHruvW6a1uYU9hf+cgxNexqUtV13TSWInsKHnJWb0YbksT56GQvckoHQu4ZFe4Dc02Rxgp3cpuO6qlLagO/iGgrw99SEgpPNqE9dOzC9+jSuIkduy5OLORWos1sNqPONpcvX16vMbZm7FiMMEpsf0KRTJEoC5NsM8gIhLfEK0CP7Iu1CYthImScu3x2kFOO0oMyaJCtTaaUCeIpaBwUk99Mzh6yWrvazfTMVsjE9D22b4jh5d/+pwpx8uGf+vFfe+e/u/cTd3TrDpq7f+PNt7/pS/6L7/4rexeuXxyc//3/y9/713/xzzxx/70HC5iJ2ayqKgrQcW6AQaBlzlk71scwoNGR7XvkTvxs1lejmMagtCDDvVDT+wuSUNhundxoKAIpoHsSTwsyFHhNhmyTknglePXgS9/2Rd/+Zxgk+9i73vH+d/zQY/ffO+Bgarhw3/gN3/Q7/8if2rnuwmt+9+9/7J7PPPr+X/GhblxK9uKF1tEKaQwG0AS6+AcfkouJMbAZu7kgfkSXED+fQiFq4ndSOKfil8PXv85THxIlAq87QkwQBSNih++NcBAztakqHipxCzlJJ2dEh7ARTbwSWRUZOkbXwfV7+ejw+NLu4XXXnTs4dzCbNa5BExp0muLxhUF3PNQEvNCsYDZQVJUSiUQikUgkEolEIpFIJBKJRCKRSCQSiUTPr4qlxuf2I3nXjupIdhghfWRfTY1SJmeDt/p1263Z5gQqlp59O2IukmOxmeNpEuSRPriv9Gg68FxrTFahkJXUAO4gNRJbCzX59BJWto1VhnAN+KbUmGOmEybtjtmHARNUKFvHp+HKpgzItKDDA0MBCKb0Xa+yQUksbiVXMxjx7C6mJJkUscMGBhZG33G2Tir0x6kDeUquMbEMEdT3ydoGmQnK1vGDp8ydks1DmUE0odokIwZ1tbqyq03c6h5V8b3KQ8xOM654xmRGpqAnG7umJJQJkpLCREZCRpV3U+P0BnGSWAGCQuCVpmmuu+46eH7x4sW2wz9EC2RUJ++VXS567wdDJij8LkxCSVphcXrLMAzTAWDTC1WAA+yWLd9Oc3ZGx47ET0U1sfHgYcF0IAJirAtdPyxe9yUv+sq3w+vrw8vv+l//Px/95Z9fdd0weEYeLj780Id/+ic++b73fsf/8v99zZd95Wx37xu+6y//wHf9SWJ+dJwF5E6apgoV9Gvdrru+G7zHhBulBgVtIAsUzJaKddUPVcXoCeX6EMAFq1AnCkMl4ERn15mEkiA9wQYeWlNmDDpv0CDrEmgVORhqtnjZt/1ReHdYr37uf/1bd/zKf+pTYBGafgxD9+GfesfdH/7Ad/y9/22+t/8Vf+y//bE7PnL5+NKidtAgnqk+hDXMCywpzRe55iwxTysNw8pwejFPCKETHxw52Bi2+pncvJKFU/bxZ18jPfHRYeCMly/7mNBVyoYiGg4Po6Z1Xqh4Xk1rYCShjNbFtiehRyq7HFHwFt3DTIIAOb+KKBLowuVLl9er9cVLh7t7O3sHe7u7uzCHMB8w+OjvgkQPAoE6ETN4t3rmFJxIJBKJRCKRSCQSiUQikUgkEolEIpFIJLpm0ieePFeKJ80lno55RvF0oG9OvBUzqUEfx89ZJinrBEu0/dAuV33bRoQtBvbX4ANhugwUN3O0SGEOYs6pyc1MNMNVNnVLVwk9TExJ9MQxIKa+qFQyhgdjjcFQHWQ1tMmeHONhxg7oNBxj89DhYhgoUciRp0AydwgR6v40FMhRBN/3EQEdLBg/rfWhn+KdDGfwS9rASau6ggdFNEPp/nTQpl4tNMWGbU380HfrFe4Vk48G1L6hPg7joyyXqbG/bOIwgXH02S0slfp4xgbEN5RNNjESnjcXCx+TdioWJRMHCpURk03FTAAgecS5QpP3yitTnsNM+sNhMQfnz7Vtu16B1v3Qx0QnFMcLRUkpA7pcwBy7wPYnCb4gCqQEtbB5RjGxYBiDvU8YMjDBGCIpysYwC0GdSvro6YARxBCIfDIUYYOz96Kv+xZ+9+e+/+/81q/9sqcslaqysNw1OXMMg+8PL/2L//7P/NUf+anrbrn19jd88c1vfMtDH/0QOfg0cT6PtcOTQHdms2hs6Lq27eLQGzpRDys7hB6NVVzTeNt1sPqg0a6q+FFzJ9A2xFLqVDBp/jSb2QzeZ1gCNSDFla9QJFCQBYGuDMHf/A2/1+3swp4f/PH/4453/2JHm8GVWztbmZSQtHzkgf/0z/7+N/3F/8k1s5vf/GV3/txPwHEqm9xg4BxtP3ija7zO8ZrHBUAWJZi3g145if6B9g46GLq5WZ3uCGhoA7thTxJJg84o2bemmJQotEuJQbFNkCGuJrFrjN7gYTBTibOECIlD5MbwdccrP+TYnTSVUcdNlyCjDOI6KuE85PBD6zAGjj1arlaHly8fXj7c3d/b29vdxdCohnxbsAseQZqIOA22YgRcRCKRSCQSiUQikUgkEolEIpFIJBKJRCLRF7ym9AT/dXW7TUGKU2AOijUZLSRiKL4gaoID4Bt92/btCkqbCFtgNoVmTAVKsVxmp0qrOcXKI0MDnzNNfDbI70RNI180+wdoztWpKviyVZXiY8IIMOhNFkJvoxH4naG+c6IN18/Z6AULx5pTeAJBEZp9CWjPs9utrm5OGevhAxoq70NHaufqGqr8cdJSvdn+iULuBNaq+7aL1M5iosEeDRzPkxJ8THIU0U/V0Iw2xamZyPYm5LFCTjMmWeWMYSyej+58YpSyzwR2N+hkwXJqr8bzc0di9oSZWoPk0+DJp41Lq1SP8FFd12T50VT18uj4uF2vY5riyISHSgErmBRDBAm+UmM6TR0pckXRElH5yGo8xdhhQkAGEwwzEnEyFkh9wO4mESqKaBjGaHKbC5MQ87dqdvtrdm69Hb596BO/+akPvlc7W6nYwDpXsaYMqDCEfvBt3y+74Se//x/8X7/n/w0bf90f+87v/7/9cXLviW/+w39s5+Dg4Y984NHf/NBtX/E1L3/7Nx286KV+6B/6+Mc+9cs/9/Gf+Q+1tW1va9fXzvbDgKhNNTT752786t99cPsr9l/y8mG1vHjXpw7vufPSJz7awPqEBYoYB16K+1/6tvqmFx3e++lHfv2XqutuvPDWr9q77WXz628+euj+y/d95rO/+B+HyxeRuNHKqmh29m592++B5q0vXXz/O3+kpzFvajd3blZb5Fy0gmusHfwD73/30eOPNYvFLa954yfe9eNreL1KZjkwLR1OjfYhaNuYyjb752/8qq8//+o3zq67UTu3vvjE5Qfuve/dP/f4Rz8EM+k0hhZdeO0X3/SVXwtHuO9nfnz5yAMO++hgLusLN978Dd8Gc3V4390P/MJPGJojiwtAXfdlX73/qte3ly5+5kf/dwarMEdHk/kRTWAO4bH0FjMfgUAcdn+JZZEaThcKKcgqL060ZdG4IEKCwxRbAQWLiJIa4DoewtJjNtTR0dHy4GB1vNrfP9jZncNswRLQNAVwvyAnFzidVyKRSCQSiUQikUgkEolEIpFIJBKJRCKR6PnWtHL9XOTIjLjJM8E34vb2sVAr+a+UA1GIk8AlTahwGqIN0NOj7/v12neD74eAn/CPXPknHAE9DbRxCkuldmQE0tmK58VWL56iv8U+QOVRPQ1fOH3wN/ZlL4zJLmzRApVfYzEMxKI7g2EyRRcDjwLrZBQDLQWYxsCoFAzWweIx1KHJ6YTSPmLMaRvc3CHBHFEVm5OY41NO9EM9pU5fWhEdDCrH3AzGdxhT8mQY7UhMDMcC0TvJXIMxDpjbdesJNtAl2AMr9V5Hg04VZNyy3eaY182JSRmDX+j0GYXIoUBpozwa3qdekE2MIqoDl18k55Ayn0qV3JnxlXJGPqopL/J8lZZtfjv2JMapf0puXeT4HZUJnKqqZouFRqeQql2u+x79bTgnhU0plGLviuRO0SfCRdvk/GN4AkpQS7aTSVYZZXceBhjwiEdN04b+GBFXZ7JXCSMWhZcehbSozL4gVxH9hbf8Tt7gvT/8rzxMvzYLUGVn1jSUGQPXcD/4VdsdrdZ3/uLPPPbZP3f9i178yje/tQ/xuO2sVq96++/Zu+Gmw4uXXvPGt77hm35/GZ+Xf+VXw9eLf8dX/ce//T3Hy2Vj7ax27TDA0rvpjW/+8j///1hcd33a9Nx1u7fcpr7qax/9xMd+69/8c9utYOMaLzQ9e8nL91/1xt776vaHX/ft3+lmc97j/CtfC18XXv8lv/r3v0cdH6KLiY4Ht95u6hre/ehPv2O5XEEPa+d2m3p/3iwq17hkJtN2w3HX/9s/90dgemAoYeD6lHuW8B0MA9J6CHHwfu8Vb3zTn/4ftHWlX7s3vwi+bv2Sr/zsh379Pd/3NyoVoV+HTz7+pt/xNnj34n13PX7vXQjW9NBTs/uy11x4y1fB6wdf9Prf+skfdRY9VxpnYSZu/urfvXvb7fe/5+dXGFWlrYoOM8d0wk7YIqkYo4TxzlxueWHTewSJE0NX6Xjh6LTYs5NKoDVGawfnOqbLKhwfr4chrI5XR8fHuzu7u/t7i8W85jlIbkQSsKGGAAAQAElEQVSRl6hIJBKJRCKRSCQSiUQikUgkEolEIpFIJPqC1BadEMbqftBXzZ2cYm1yEm9ga4zsOKFSFZtq/wZro8GjGYbvevY4SdksDGikj+6n71JBXG+ALhu0AZ/wKprPRMP4PMfcFKDkDHqDd9js3fQvqgDHzJEwEsDHnAYDTQ8SUx4MYRFEnAxQ2qYgFOucLj4FRA4YdHzRMHRD1+Og9X3M3iN8+KfCkjaxDLXd+MlrKYyEwnUwJAj7FUOyBzmxQjbXDOMV1PaAkSqRTDq4oXFyzpRGUmCJLbOXCU4zvrrpCJMnMbJlQ1pqocxs4Vxi3jzt4pLtQ5zaq2g2GuHdk3+MHnuk6DpBHKQMoz77Yomn8Fvx5HNj0OykquaLRTdrV6v1arnq+jXF64R8ltQHGK5h8DHCrGvnIi0uRRYXaHiRvV9C5mTSXvw6R+0E4zHPxRt2y8EAJ5JGfIEDdLDZgdxW1Aj4pAb7EJvrb+KXHvj0J2C06srszmfn5vVuU83gIFoNPSxgv1p3l44b544fvfOT17/oxTDTBzfdcunB+6FvPBlv+L2/f75/8NmPf+zjv/RzD3zijltf/bpXv+3rbnvtG173td+4PDr6qb/9P5PnUZwN4dYvfuvX/U9/V1u7fPLx9/3Iv3n07k/vXHf9i17/xW/8xm+54dWvb/7sX3rP9/3NdbvaaerKGU+Tt//yV9/wxV8Gl8dH3vnDj939mXqxePlXfPWtr3/z7o23vO6PfOd7/uH3zuuqMvqG62/mDj5yz92e0otmdbU3R+hkp3aNw3GBW9KiquB16My6h555dI5RGBuVuTrEhIJBkxi7d/D6P/Hd2rrVE4996Ef+5YOf+gS8fsMrX3P7W7/q9rd++Yve8mUv/V2/75P/4Uc6H5d33bl84rHFddfvv/K1F3/8B2Hw4XTO6Jfd/ipuUr130B9cOHr0wUVdwxXU7O/uvuil8PpnP/y+1RCcUbVVFtE2xPPICoUWLiwZg/cK5PPQIicH7iRPoZR/hOBfWp94AZh8HWlmaZTP7+EaybcXjDiDS5mWU8AMtN4f+1Xb9suj1dHxEaInuzvzBQ4tbErEjhKJRCKRSCQSiUQikUgkEolEIpFIJBKJRM+vsreFosdwJRLi2pyOivebwSPPTCNpEfMRM1bAOIaKbHrih7bFr66Dr+CHUjDHz+9zLR0KqMac5tZh1DPWBHHYGtGJkckpp9RP8YJmTwxCACy2kIwlMjeQwAsmXHJL6D8sDWP5GkraEcMpMNMGnV2oqZqyaCKlqWD0ivdInAwdGSyY3AjDyMWJJscznm+0P6E9GW9g9w5yOtG2cq6q9GZcjNrkbeIklYUPwZ2C6YXidBhymE1qBPl3RPRNgUPziqBRUpNoF7VlIaPUaA5z4mUmlSbhUJtNjZSqg0Ye+XXH9XVcnJwJonL3dEGndDaowWYE3DAdzlNvS0t18Ue5gseMTqOs1DarZTBABTOkattUrsZIo5Xuhz7GdMFzx1jYpjh00AbvCQZyJhob7dSHh4e4ZPQUu5SSSMTmOXmkEkQU2bDFqDxFgfipPIA0pNCg2Xm0Gzm++ETXdZqsQRaV2501B/N67pAggiP3/bCedZi3YszRIw/yIW548UsuPnh/l21X5vsHD3zqE//gv/kOWMTO2k9+6AO/8qM/9N9837+49VWvees3fdt7/+3/8einPzHAe0p95Z/+bm3to3fd+b9/93ceX76kKXHqI7/ws/f85ke++S/+tf1bXnT9l3zFZ372J7p509SV54ic/XOXHnrgJ//e34AzGlpVv/Urv/Ctf/1v3fSKV9382jetognt0FS6uSFBJxcffRhdZ6xd1NWirnfqagfRCXSDgXEkQxf0FJkNDvO/kN7x3dDz7LIJETzCic+/6nVutoAX/9Pf/muP3H/vquuHQd3/qU9+4Cff8Uf+9vff8kWvufHVb/z1H/nXNZzLmHs/8N7XfMO3XP9Fr7vcdnChz9DVyFx49RvwmH1nqnr35a9+8O7PdN4PdX3dy74UeSg/3PeRDw6YtIS8iSIwCJkhorMCZiUZmCS88xBWgpcvxtwYZpFwFZNpDdnd4JLO2Bbfj5NlT05oSiQbrz96ES4byxlQ1jheaT2yJ8N6vV4dr48Oj3Z2d/Z3d2aLZjafOXE6EYlEIpFIJBKJRCKRSCQSiUQikUgkEoleeCpRCerZ6dSwmGerzcPoXKsuOSnJsYTjGvgT81DDbXvfQQm3xzCUZE2BG6PVgtHZgyTbh0xP9GzHYAoEpINPDDNOO1OcmF9si1gTpEzY3wSBAMvJJ5w2sX3yMc6IjQfCgKYgvoe/oqssMg+easTkFsLtQ9MRY/q+RTcUj2c64TqiT2VlzuBRyusmTnfmUaDwI8QaOCFIFRqpnIrwhpBmNibYgWM+MOdDBbSFwLSgCTwVJyYmcFiM4NCntFyf1hXaMGy1Pj9M2kY7U1OCStjFduySSQYysfAc6YDlm5TEc2LvvH2Im3vmmJ+NPpSvjW5sKiMuCor0s9kM/SJ2dmfzBYy8SoM5GrYQmRT6ruvaJHja4fcde5nQ2jPsX+KIz0hJOrQ7bzMMgycFDIaBScIvfpHcdgLPawxjH1NPm4VtMLDm0qMPQYthhTdVtWjqRVPtNM28aWZ1PWuq3Z3FuYO9687tX3ew1z75GJ/9ultuDYgaZd+UEP7ZX/nuJw8Pj9fQhR5hjrb7oe/5q5gsZe2X/4Fvj9b1Sn3R27/pxle+Grb/t/+vv/7AAw9ePF5dOjo6Wi7h64M/81Of+dD74a2X/2df+/jh4ROHh5eOjgefxuoXfuCffvbuu1e974m+gEvo7g+/DyfeOr137rDtlp1fsGuLUpcfe5RMd2xduVldzZuqqava2fyFNiSLutqfNed25ud2ZnuL2c5sVvgeCjBCoKmBIz9w733vf/eTDz0wBLJqQoYICbQHP/Vx2Hj3hpsuHi4fu3z50Scv/tYv/zy8Ui92qhtuuXh8fGm5NNfd0Oyfa48P7/iln4O3bnrtmy6t1peX7eG63fui18Mrj3zyjsOjw9UAncJbgibixBidJx3/xgsW7zzwFqYnUYYVPVi+LdETy3cSvMKRecInhtclNVbzxa/S39QFXkkYn5N6lBYzXUF931++fPnxx554+KGHH3zo4UceefzSxcvrdatEIpFIJBKJRCKRSCQSiUQikUgkEolEItEXqDaq7CpljaRyo9LP0uaEjzueKCZYg+uXXM3kN7Hk3XVQboZCOHMOXPDUVB+lCqhRjMXkhIgzKvksfbUoSumnLiYUKjMOUamryujZOF4xBSBEBgq/dQ0F+RptCFLIDnVcTYw5iv2JSq4eWLzOX5hKQ6wGkhs9ZY0Ez8RDD0X6tosEGGzO1FV3f7q5HkdD5SgjfgKNh25UdWXIT2U8ti780ORoidaJ2RUjsHvN0PdbsEqkaryj6rjO9Ws9sTnJiUonjU7iCXImTh6zmw6ZMiRcI4bCbKgJ7+FG4igi0OQ1enxopZMpD1sL5cvEZBcVnRgi3iJm3mXDgOhUhivqsZ1b/E8CncjpBUZ8sVg0TbNu18fHR8vlMcEhQ/EpyeektUI99MSXBIf8Fj7zGLlSWAdN1iPwyLgJTY3na8wZGzBIhycr8HzDkfGRmCGtTIgpaSVk3xVuc788RlcUdAcxcJwa/iQSIVr02cDzLuZmPYS98xd4l+WlJ60brS8ef+Cz937qk+gkAi30g8bFrC49eN8TDz1w4dbbrn/J7drBsnMv+7Kvgo0vPfzQxz/0QeSsFJxOESsDdwz/8V979yve+mXX3fIivX/d448/3M0QnIHt14eXP/XB93m8Qpwzrqnwyrt0/z18ajffudwPRsfV4eXUnXbtrKlgudOjowsLkTGaGHhSO+Wi9WhnEmHXClGpdO0Z8g4hdGf41E+/486f/fcDZvxQDBNa+Sjt9d4NN7/0TV/Cy6CNsaK97v7Qr/u+t1X1oje85eHPfMr4cMNr3wTb3PubH/74+977hrf/ntvf+JbjtqPJVDfSW3d98Ne6HiZYB7K2SRwIOUIlIxzOxUJ/Jc1OUGR4Qy96tEWii8HQyqFUJl5LKZdJh5iydAxBRzSfHLnE4BxskEKdfEyJbGSjQq5GKqILzDHcndqjo6PV6nh3d/elSiQSiUQikUgkEolEIpFIJBKJRCKRSCQSvWAUt6vwk4SY8vcJQ43NKr2Oo3HDhDvZ3v5U6CSeHc5yYtNsb1JsThINEFN6CVfPoXTcD33bUVgMFoup2uk1Aic2p72MmSzbDMJ22Ivm2v7GsGzGm+RvN8v+Jf6GSvnqtP6c1tNt9oUcXNhigG1OMF6HqsCBLTNKD7TSeYhSayPBESqmbaCkTgkpUPL3aGqCrUppGVDeblervu8UFZQnU5lie043NFGnNX+zhyrHa/ALFKxT1U0DfUk5M2aDMcmnyiOrN4YYugDT2q3WQ9fBMY3OQAqdAIYHjlzVtbF5fgu5EbPrzGS69NTPJDcxuavk3ceGoV9OnO6Ru5cdXKABvC3X3WGGTPa4SVX3jVWh2YAnO1swnhNLoBCiGwla0hxloraGestNSPPxoy5eGRyPQmlJ8Keyzti5g7+qCmr4q9Vy3bbeE/URdXJACUoTfmEQGYk+BIS0vGHuxDqys0D8RBuGUJTxBDDROtOYEWQQK6E2BIRu4NUaYQM4hXEYnhJD5IuQxwZWaHd0GVafbeZ7FExD86qdxWVpCKSARc+sD7TKGAzfOXfzrdzpo8cendXzGAYeqofvu4dQplgb08CXMjUBE49+5tMXbr3twi0vgv45465/6cth48EPX/+n/iy5mESiW8hwQ+vzt7yID17tHTx2911IopDTyfHli9gGrWtrFrXbbWqrdIVZPTT8xg4hdj488cB9L6NXDm66+dJn7yFPkIzq6GRQZJT1kV18iCOJ2roYB0z/KpNJ7Jf2PsLgVkTJnbvtZede/qrdG27ev/4meLzw4tttXaftLSJpjbOVVp/92Idf8ubfcftbvvTDP/GjwZhbXv9m2OCuD3/wUx9EU5a96y4cvOglq4cfOLj+/MHN2NNP//p7emRHLC1KYoeoUQVkK1c1jE/MYVmEjuANd6CMHWuIx+J7pUr35UjoiUnEFgMsdI/W06tGcV5apBSmmC+8yFRWXskD3NNR3dHR0UuVSCQSiUQikUgkEolEIpFIJBKJRCKRSCR6XrXFVWTHiFJ2H9/KT2IJsskEwUYNPDk5bNADerpNZj1O82s4QbSwt4WatHMs3EeyR6CIEv4AvU5pJgFK/FTo930/dJ3vh6HDbB2drE44EsJFhjMQQ8kl+5OUDX20P50QEYQEB2y0R08alh4KtVA2o2PpxCUkFCRO3y7YQK69niFsO7ZZhQFRADyXyTRHVKWYneYxZZioZFuBgSceNghcuYdDkN8J55zAUdu47k3bdz2Ha9DhsDAcQ1Bbnh/b4kGZEjyTade5gKxSlZlQfjx5zQAAEABJREFUBePqylYVtbkQGFSsTrwFxSQZiubBwbfk74CtwZ70Q4Dq87qLPhIcorlP7GCiraXUHsQhsGOJ4GCTFe5DKEux4CObMFHiV8osFqJF69FvZew8b2s0I1eOKaeADhtswGN52NN4xDid9dSOaboSv6DzFXkGmKTG5k+/T3zN9PLVk20Drdqqqs6fP+e9Xy4Xx0dHx8vj1WpNHiTB5NwmDnbBBYTYCYwqepN4uIS8cy4aEzhnx7B3EM6Dpkwd5FsGslBBOgoTlCp4f+hhTPxgvHXwurPOKBP5VJkVi8ePPbz/otsPbrxZlYtFJXsNcvPR5GODF4D26GKycwNG2CCwcnhxvpij3wb187F774XJt9rUxs6cm1t4YryKT95/L7y7ODi3XreDddff9mL49sKtt33Ln/0L6mxF445WS4tmGzitq8NDOCN0YebsTlXtNY0zZlFXvDH7gsC1eenBz/Ir0J1Ln71nxE0Ur0IcrsC8jVLzl7/aHlyA8X7kfb84TG6O7AxSEmde/JVf+8Y/8MdmB+emzTt+4vG+W59DcAT9ZIyrZk3VVPaB3/zAS978O178ui9WMPgh3vYGhE7u/PAHDp944sG77rzlZa942Zve+uGfuu/mN3wxvH75kYcfvucuh/NhyAQKrzx2j1Kj107ktU4rJOGFnGamDDuccJIWTGvGAWm+4M5jYEcz3qeYIEnrs9zvxsshrYhkqJJTogjLwfsVTF/bSbyOSCQSiUQikUgkEolEIpFIJBKJRCKRSPQ8S5/y3Sk5HhvsRN5sZC2mph4nj7rtjzGtfqvtF08aqZwm+hx9KvvrgntkckTTp+mh9N2t1x1Ulrs+DENpALmcOEUmCHraGK2nXhETrGRSD9Vbr6gJYRInO5/yNKVSpFpzCVOZbDZaX+iT6EnxrAhQ9Y4KKtpQRk4YhGX7Cz4wwRraki0KFrMZAYiJMgnJ/4LEGMq0hVC6JweKwOEaOpMXOtd8eQhVgW9SbTjm8BpGTZABiGP7Y2Y4iJgxOmXrUEQQFO4nGT4TOxE8g2fLjjwKgWcZ0z8C5ni0y1W37ryPlhxfRucRDgbJ8UmJHNHb01LK2+wzMoV+crPVZHCyr06hoIq/zuSYfB540a1WrSVfC+yhc5nPml4uuiyCmJcS5wzxgLITBv1nxhUwki+abXNOAkrF+CS5u2R2i1xx4vQtUF1jRFNVIRhSV8v1etV1wzQ3B/kJWCWE83h0OkGgx1g07cHYHVJyByH7IBvsMAxeY0QNMk74tPdhcJwqQwBFUJ7WMObNlH5pymVZPorQia3qG25/+ZP33RUKEzU1w+CZ06o+OHfhFa+B7w4fexS2qmpno2OPEN+381kNB5xZM3O2caayBtq02NuFdx974P6+G4KFruEYPnDnp371J9+JWA3G92hyVaHrIbKpTbz/kx/v225tMEVIUSRV37YVdDYqJFqcrSvXVAk6wQknL5hLDz3Ar9z08i+690O/HhI/gv/xGlUMy8FIGX37t/+3drF79MA997z75+H21vmQ7XM0bYkz8upv/P1v/sN/gnrXPfhbH73/jt+AUzx+/z2P3nv313znXzh384vYQgSZEeuaunr0Yx+Cjef7Bxde+rL1er1z/sLy8qUHP4OpQ5/+4K/f8rJXvPLNX/LBn/jRl1A0z6d+/d0DTDDxHTQCyX+FiZMRNiSRz1IybkIIjGgXDERKfBtNmy7P0kLiuaQdiy1RVHoDuOOblBrNiHRZ1QSvoWWPxiWkYZkpkUgkEolEIpFIJBKJRCKRSCQSiUQikUj0QlY8wVNMat/TYvdJPOWppU+eLZ7po7G9GT2E0W4i5p25Sg9vDV3frbp2te57jF/RlASiqYLLlgkls0FRmsTpzRsHIE67S49h81t6RZedzWkt11SyHsmSDT8KXT7Uz6+yBYtPDEo2AgloPzFMmkLGJekADFNAWTtljKDTBtmCJB4jQycqQydobGE0O6UoTrdB1oCCeILORh8cgcKeDJorzMlXJqEbmmrHJlmZJCcTo5MlyATIMBzKgpBCVdcV2ZwkKCW5fOjtOWAbG5OoFjiaH2LoBz/45dGRH3qdsQ2O8+D9Yj5YLA4hJyCndOKYDDVM9lKIaWbLCvDpu8w1cXbRNCmpXAuFi3CHh4fYQ4exJwRwaKJtRrsYPdqj6EJUpCScHCaSM1g2rhW9GaYTpx0/7eKcbqmU2tqX96rr+uDALhbzo8Ojy5cvBR9hgOHkFYIUcZJglZcj+1ogXQSry8N0EmaR2oCcTTCDx+eevHT6vh+GAd1NQMqGAZeiMUOj6hhwPfDyt9o8+YmP3vzmL4fjfPm3fftP/YPvHYbQ9ZjZ4+GS9qHG6B8278Hhuf7LvlpTGNBv/Mx/gPGttSOIBft+2xe9ejGfmxhmRs8dJuxY4ov2Kbjnkbs+g94tQ3zk3nte+vo3tKvVz/7/fwDtfWJo4DgWKS5oeQf/wdXmEXSa1xXyawSpQK/7tu9hWmsXhsGoGbqq5HQow4lDWh8++iCiF9p88e/61g/8+387RFi0oaOMHoe8TrK6gdMuXv1mu0Aa5uE7fuOwG/QEvyorttrbf9Mf+A54+vjdn/4Pf/OvHl68xHAS5VBFV9WTaWU3IbV85MHDRx/au+HmF7/hzW2LviB3feSDOPJaf+ZD73vbH/j2V3zxW6HPL3/z74C37njvLw+Dr9jXhL9orTN7lLqWfGlS8BQRahjThRFKQVmbEoIIbwvGJOupENgyR5FjEt6DEE8KenIjT4envQxdWuUuGcclmzBBak6IMIZKJBKJRCKRSCQSiUQikUgkEolEIpFIJBJ9nituOHY8R+dIf/On6DlUR20HnCTagY0xoHjad13fYrZOxByVVCpl6iRXLlXxFElnGZGRrdNTXXdkEU7tb1AbxwqTA6QC7cTjokS2mGIXQi+brQZMrD/Sy9AjldxS2DfB5PCabGZBwTv8PZmXBByx5KUSRzwhm3/kGaSQmpwcQ34qE0Ai4RBUQvY5aif3IXEpegIeYUeoao3jrcgHQ1OokSWjGYpkMZQTFDi9BWv2SsUxcYjNVXTuaEwYj6aqNeYC9b5rOwKPNmgKKuQT8kKWEmoylLo0seAyk9o2T1CIhfhQk7/SLhycQgFAFPQxyddJaI5Ki8stl6uqH6rKDZizs2iaWhPXswWQZJeTvKpGO53i9XAmcTI9vdpUMTLZenGkwzIdwwckYxhOykGtVsvVqs0mOUEbNck/iYSRIEFi0IwmATjso0PBRnwY7cOgJ9FE8Lzve09mKeVUMa5xPTi0J4k4XfqxD77n6Gt/7+6Nt7zqy9/2qy++ff3wZ9e9X3VDbQdLhh/w4EPsffDN/MYv+xo4+OrSkx951zthNTljZtk65eaXv3I2r01UM6Nq/NLKR900t7z2DfDuI/fchc2Ow0N33fnS17/h5pe+DPaOBs5SNcY01hB0MrzijW9+w9d9I3Tsx/7O30TPoMFH9vaIsWvbSsWurrp23TeVMyMooilQCYegG+746Xe+/ht/3+Lg3Bu+/pvu+Ol3tP2w7ocZur5oZQ2FgUFf/G1f9p/zvne+792H6zVeJlpvLEJtLrzk5cahmcoH3/FDly9e7Ac0AiKPGZzH217zRpW4LgbvcDRqax/8yPv33v7NL33DW9qugw0+/aH3R/Qp0Q987CNwKe9ed+G1v/Nr96+/YejaT33w/cb7eYVtg6ZZ6hH03ZCfTVlOyQUng1MhXUock4TNgeWBzUC3FL66010XbsQeuaJit5MvpWjyPUgzYWKQPlFlQ7624gglbl4pIpFIJBKJRCKRSCQSiUQikUgkEolEIpHo80elSD21djjxofxrqmJUwcBELOENceoGoHNDoOIKxWE/DH3XDX1PyEVqJxUvTfIAUNyRjZq+3oQp8tPka6JzqXN8U1+53RtHOSEzBR4YqSjMRWYDsOCfjqYnli55r9RnRmImZ015JCG1OJE6Kll6lBZmZ5hsjQCntyndZTS5icVsIIEs5GgSeCv2WUB2pBAn+G4ZH6y+Y84IZrdUFv7UDXInaCqC3gh64kYS0XPFZCeQvL4iVau5tyWRw3uc33WnaTnAdBO9kIvfdGI8X1WRaUIsdjJxEyg5dVZ0yrWJOq+FECbgj9aTHJ8RUzITsxymThzU+DlgZhg8wRtz9D1R6AgS04RRZ2MBoPI852kiCxss5cdTGzlV6dn2y9umJmOnqZvIBJSMHnwlusodHOw3TTObrdt2DYJ+KDSxSHt6rzDbBMGugQAVtDxBH5yYXHRC9DGig42BniplnePAFL5wkWby3lHeEE7PEL0x3g5ogAJPArpkfPydP/Slf/IvwDH/4F/7W+/6h3/r6K5PHrdDZRFh8ehIo2FA4+7BK//rP1/t7kFL3v/OH163S1i6jTMz53gk9m+48XVf/XWffu8vV0bXla3xvtB/0Tf9wdnePrx71298CDaz2n7k53/2y7/598339r7im7/1l/7dD2tdW2dgohyaeTR/6H/8nutf/NI7P/QBPfS0OrMpT4ht28E2q9V66dyxNbAi3bots0gMj3HGfOwdP/ziN3/Z/k23vO2P/Mlhvbr3vb+wHvyyH6AXNS0sr9Vt3/od574IUZhPv/vn7/7ob1gNDVDO5hsEuwbBIqvnaeqqeggwctHh1YFwyc2vfePBTTdvLJG8UB75zQ++6u3ffNvr3sjOPJ/+8PuN1RVM59A+8MmPv+g1r/+GP/ad8PonP/T+9Xq1qC0fEL/yvT5kzoaXHZudZK8gTXdGwlBosdJKNEwg8VDwjiaabIgSCnSCLEty/OGFakJk6xdv6CAE0QS6UnS5A/HtqcqRVSKRSCQSiUQikUgkEolEIpFIJBKJRCKR6PNIWwEduXqoT27z1NLTXc740DrWr2OqyW95WiS/k5ACTxgtiRGK2FDLHKDkv1oTdJJAAZ3NNqhyCmVyQykxZjMkaNqKqMYslDghTphZiRgqgd+GkjxBVigxUyAFXzAj2EHmH1y5Lfk7owlJzAfORV5KBTIxH2q0A8j+F9ErHoiMhTBxYZWeGGcwiMMuAsX8IiZQgfIxsilLIg/oZWMn0zTGayBuklMxthAWBlK0ydyHjoZMTqCIb63DVkUdyKVFWXYEMR6Lzmj/ESn1KOqYooSYY+BzBgrzIOMSbg+UwU0wfddrZVNBO3XccPsx3MRU0IXkoWB40izZwJRImRAnviFRlfFTahKlVPpXQBymQdSE/OAgoS0QxHk0hIHli3BG3w/Q3L293QZpgrTq2HyHI4MwNIhwis0xpe7zOkx917FE8xCZs7UxF/hzD89koiYWN+Nj8rGgSB3oUl1Xbdsg8gMX1TAwI8IIQr4MUlxTogqM8Ym4KdOhmEopVigYVhMTsIIWGsZU1vARyCZFD+hyoR/78K898JH33/qmL10cnPu2//F7P/wT//axT/zm8eMP96t14+vdm29b3Hr7S77+W+v9c3Co+z7y/nxPIbwAABAASURBVA+/650wBY2186pqKlv6/fv+/F/9wUsXH//Ub2lXw0p4xdf8ri//o38aXv/Iz73rjvf8IpqyaPXxX/75T/zqe179FV/1B/+7v/jEgw984j2/PINXg12cP/97/sL/cP2LXwq9+cV//S+Q0sARGKGw4IeuVSutV84cW1jZQ5OhEwZsoCPo5hP9+37gn7z9L32Praqv/9PffcerXnf/B97TPnyfX6939vf3X/rKl3zV269/3Vtgr9XFJ3/xX/3jLkRnQhXHXpRZfOzuO/nJW771v/zN9/xSOD7EdVZXr/mdX/vVf/LP81sVhezA8CO+Q1f+pU/fEfpu5/wFeP3wyccfuffueWVrZ2tr7//ND77oNa+/+WWvVJit8yvsS4SIGEUF0VoMdI2Na6xkSqVrbXxrY7mhBYvVxJQkMi5/GU5com0o2SszdPky5H3hpJl04WbRe4mcQ9Zlg3wUiUQikUgkEolEIpFIJBKJRCKRSCQSiUQvBJ0Ki2y9qKelalNyEq50hGfWlPI3W41kaxM+CX4anj0aqDSJJAdVtnE774fQD0PXDW0XfGDYIMWeaJNzdow6NcJmw1Miu2ao0YiC8lnM+KZOHEmGFjDaBmmCRMrYtM8YmqMneSNctt84bcqcwEycdGYVRqOXSYE37ZVwk8kAJRphw0NFJShHj6gEt4I4Dh0Np3dgIw1nc5S99DgUE+8RlVmfmM7MAFBksiUVkYmeQDcTP0SPCTMDWRssCWiB01g0P8AiPnyrKXbGcXoKN5Jig9iRxlAUD2xjKTPH1FXjlK2MPbd7sF6uOpprT2I6ghAj63v0TECwIPM/MSfZ6Mz6MCaTXThK0M1kYFWeJhrd4vayCVrpBAzp3H3oDDQhkCsLOnOEMGBekRrmja9r5zBQJto01kwaqYk7xYi6hOTFoymjRE0iV8qKVJuaEmHqqRQnaTvTHQk6gXZihE5T123X9l3P4ThppHRANIiQKN4RIRJaQejrQs01NKuM5LA9RttiZA9CGbC5R3RIURISZS7ZEBkmCC7EX/2H3/vir/+WL/2Df1Rb+5Zv+S8VfMHuly9V87khroJ19wd/9af+4d8MfmgcEieL2lU20VKP3POZC7fe9h1/8/uOLz7xODx/8e07110Prx898dg7/u73UsaTgk0rbd75d7735n/0Lw5uvOm7vu/7H77nrofv/PT+hQsvetVr6sUObP8rP/Sv7/vQ++u6UjCVxEWxAlFFfd+uVqaBKe67+WrFbw39ACtROQdrtLL66J5Pvf8H/+Vb/ov/i22a133tN8IX9uXosCGbFtaDH//ou/7R3z66fIldRiqHyTh5eSRgbn3xsU/8wrte/TXfeOG2l37Xv/rRu3/jg81iccsrX2OrCjr4iff+4lf9V3/83E03/9d/6/t+4z/++4c++F7yIIIr0D/0Wx+99U1vhUPd9ZEPIVNibeMcjNUjd3xYqe/gBnzy19/NcTwVf9GEaaVPriKO2qHQslOWH9+AyPKEbi8xWScxrYKUSVBkQBQwXSumu4fKmF1J8Il0I+VzpYUaR8qFTm2VukY/b0QikUgkEolEIpFIJBKJRCKRSCQSiUQi0bVQjGPhe/qKOuOVGMYitT4z3GPKbDzd9uRwG51CdehlDo5JWR3k0oGf6E8REJg64aHmC18hx4boYmeiJ9hHNhEhlfZtQielwMlPN0xRsl+IKhgAxdNkpw72VskBFAX0SIYlzKnweFMFXpXP+Y9wCXEMgcd20/+C2JfyCn/w32id0QVDNipxAhLQ24ykTDvB0ElBHdJITFwwdLGQKXxMibnIfYg+EHDiVSYyEv4zOl4QpUJOF1CpJ5MPTQwM8SvUcm4ztlGb1EbO5jHaWWecQ3IBI0v4C3GNWT1rdg7U+di1LQyT977ve0xU6gbPQAA63nCukOfsoEQAIfEyaVsKEcFFxe4dbKSjdZ5gqp0T6TQ6g2wu1JhK9KoMp3KB4COcKPR+QZOPY2jP0Hez2ayqZrOmaWqdGZ/MJQWVTWwCrwAafI9VfJ2WkhrzdrIxDxNKVl1jRRjn+XwO7YWRPUYdLZeBsBNFA0zDhuSA1zmKxSY8CRcjRazg0FgSOlhQJIr3A68VmLWBhs7raHzQlH2Fl30MLqpP/tSP3f+xj7ztT37XhRffzkhUs39QGnfxgft+7Uf/f5/81V+CA1bQzrrabep55ZJFh1L33/GRn/6X//hb/txfPrj+xp1z1/Fen73jo+/6J38n9O3OvIGr36KtiG4fefAffccf+ua//Nff9PbfdfPtL4cv3vi+Oz76s//8Hz3wsY/WTV07G/se2qsN+8HE5N8y+K7tlioMvdtdr3lHmOTQ9QrjlNy8xnShh9/78//hw+9/0x/6jpd96VfyNoU46ZZHH3jHD37op34MVghs3zg3c3Yxq+pMz5CJC14AlTEf+qF/AUPxqq/+BuuqV7z1y+Hdfr36xK/83Lt/4J94pV7z1d9w3a23veyNX3Lvb3zgUUR54OLBCXn4Yx9k6OS+3/wwtGdOxAl8Hd97J7Te1s1j99+7fPxhOO/MVfDYELtDRFjklJzCgqRsnbJEJrf4zZ8BOjs68e0CRouSrmDdJFwJSSy6j6d7Ww7xSTsrQ7k6JqZ7GYVNhcI8jn4/IpFIJBKJRCKRSCQSiUQikUgkEolEIpHo8156YgTCT+J26MfGd+q07xJ0sWnTELmuTsYKRANgoRqrkwScpEf8y1P1WwcfMMqkbYeuowplyokgtwXLxIFK/hbZ6yKzFBsNG8+eoiH4VT06TXBXTYJidDE00TlrhfmSkKNvVAgFxlAEWChyzohlg6gm3idTdw5VnkyGXCW8gzZL+TGjL0lhSBJ3EscD5h0VoRDMvxTQZNLCbSXGCFNpMnvBg4S1Y8RjVCynooygGLaPQCVsrRNGhP3PETNxYwooT4fcaNg6hGiEkJ5ZnE2oSFeVraoGBJX6qqoQSalmc3yFCCXy00DDCT9gqEvASje2lIGUPpkrEB9BKR/EtLClC6YWqUl8RwkASc/1FruTCvGZu0gz9P2/+22G8Qt0v0mjjhxA5Zq6Xsxm8/msruuqciW0xVCUUIJ0JjPNJFBZWMnxJBu3ZPMZszXcT1mSP32DOEbk8Fm4V13Xr1ar4+VyvVr3g6d1EtnFBBprKBKFyZL0IoMD7C9E3Al3k/xoYAq8yvBVGUTa3cJLfYht8Me9X/qw7AZVNedecvuNt7/83C23davl6tLjD3z8YxcfvN/jusM4mFnldptqp25mtYMDfsVf/buzcxc++FM//s7v//u9Dzfd9pJXveVLdRgu3n/vw5/+BDcAlrGNsSKiYRjCquuXXd9cd/1NX/TqG1/+iuXlS4/efdfdH/5ARZ4086aeO6cjQjKDD+u2W8FdZvAwm7U2O7WbE6OhrG1D7OGQ1sAy3N1dXH+wd253B7o2hHDUdpdX68E1uzffeu7WF9U7e0/ed88Tn7376IlHeanBwq6tWTTVonILomd6H9t+gIbBgMPg0Uoxbe/rG2/Zv+1ldjZ76JN3XLzvbrYEQvbLuQsvexWc7sl7Pj0Lfn9W7zZwSA0TdrltD1fQ7AEma15VMFzzCsZKt8NwedVC2/ohwHH2GrffNOcWzV5dwXqyenvBlPmNDGOpqXvShllO+nvyF3FnKWgpJGQwkGNV4gjhy2fGhe6YHgklxJuUQccUvPFnqI0bpL7i+34I/r71luuVSCQSic7W4dESHvd2F0okEolEIpFIJBKJRCKRSCQSiUSia6cHHnwMHv/w3/2P+QVdrEHKNnFCQOSXJofQpzyb7hhzhX7jvc3D68mrU+uUvEkgRkFxtVIVboNMBqhOGbMYavDdetW3bb9eD/1ApXBD3hkmfyUnErWNwhDxULIzUp4KRTyg8QKTLkw/5LI/u4uobKFBKIQyBVRIFgDZkAUjZhibUcnYIm6ayqgMtYxjQuYlafS3TDamG6Zgl2yxoibeM2RUELNdSeTGqxRpETnqJB2i2MfEkNw/VCwzMrJBOtuwZLqEc2eUSm4smuGZlEG0za/ocrBi5zLCEmXIDOcWUXeoyqwC2SL4SKEeNOzoi+GcrarKYTHeEtVgrUMExVrKhbHGJMYoEN6gh8H3HZTXew9fKZuJeoTRPTrhO7kRlGjDg8OjpUKmPHKNPXM9EwqlONY4mg5DbjU4ipgmpKkHbRf6fui6ddvOmmZnZzGbNTYZdJykQHSiewyuf8Y5GAcpg7uxZp6OpkY0W++otCRiDlJSMKA7O7t1PVvP1qs1qO37PqbYlKhwoL3KAA7DCSnQCBEe7w26oVQ1zg1mJRG0QcvQc0uYQzCGOCiFrNjckTmK1p0fLn3mk4/f+ckRTkqQCjrgzCo7r93erJ7XFRzdhzIsSEXYqC89/NmP/fyjM4cLZNbUGJAVYwVLB6GT6PswDMOq7eq2Pb70xF3v/eVPvvsXAk0ZXgPe48Lxtq6rWd3oWHvv17Dk1u1AhjpO08wM+FeEF9C5A51bvNK9jkcqwPnmTeOs20UgZnbUdkf33Pn4nZ/wEVcg5eZwwBASJ9CRnabGHsEi1hoWKS5qZ2GoodmULqWhj+0TDz344P0tDKBSFe3LRkZw8sPPfBz63sChmooMS5Bl0ZVDyxml4Mgw2DN0OmHoRLXeIuziLPQGJgzGfLdGsxNsEqJx01v5mKOkc8yY3rrdnLaiyj0HJoCuWyKTYMZNNMkvhnPREEExCcTj+zzeXVLMllfF4Gk88jNa9iKRSCQSiUQikUgkEolEIpFIJBKJRCKR6AWl8VPnemIOcVV7ZgQhJvokHWr8tDxjAVjixNI3QSfpjPRt8ANBJypxARFDTMKAXzGmJBXFuSW6IBLjN6OJyNjmLQ5FMz1BiR8mcjoNF1sZiWDcBHcy6PSByIIOHBxCyEbuCPl++EnnsvWFGku0KZNkOrBRqWLNoiZ+ASpXclM7jck2JNl+JPCA8hjG5A9wgvnItA4Pfhpa3tzok+PBZ2BfkmS+QhOXqBG2gcn0S1BqnN/yV5zMvpqar/DOPB5mQjjlBprkF4KwDgZvcOzMAGugbdetIggBYQY03HAEI9D3CJ8gbVBhtR1nx5nK1VV0tFDQRGH0XqA584l2wXmObMIS47TOnd1xOAcmgSKIl0zwHNzGGW01z5Nxmcwxms16lO66ngOB+HE2q+fzOUXkhDz3OpFQKWXKxHKp6DRJKntCPJuYkbgJXxmkJ2IxOIkxFKiGk40Qv5jNDo8wbqdHdmTAmeCclLyk6NJL882DgLlKtFKdY8bCKaeRpUD8IBboRJt0QRplnVZz2E6bVg8wmj4SgEQXIGzESUs18hlu3mCKTe1gwNFThK8MozXNgW0qO6vtzOIGjqAN+KqNm8ERlPa977t+uW5n63VTrZZt3/Zdh0RJZIbMGuWidyo2sCMREE01NM7B8hn6XgU0TYEp5c5buuZ1tNYPelBDG48uBj+f1TBkzWzhjLOzbghPhlV4AAAQAElEQVQdTDpzT7S0sVXO1tbOyYBkBu20cEmrynvo48wHT64klvLAYMF0vmpcTwdhUgeHjZJ0Ev8BzYYWNlbXiGAZT8AHjEOHZEmAV/BdV8H2tfe1hdGroDUwvg3axtgGySCc/nIB5+ybWOYXxgHdg9LFO3InU78TY8zGjUrxSgkEtKiynnH8sKfEnTB0Eogyiwxa4W7QflodcXSHilFHJRKJRCKRSCQSiUQikUgkEolEIpFIJBKJXjiK8apqeGdtFifRChMART/loRiYSGVEfr1YnqAXwPbB6dErsg1hAxL2gcBKZT9EtiRRSB9wEoQqiR9UAB8ZiHw2LpxOPzifHDJSHR2r7cQLWMph4U1N8guJOpEaiUvhyBqv9LTNPBpMqxQPEF8q+zq7SvAZN8Y36mwfEAsjkiq/GViB8ncMYTqqCToZRzIW6KRALxN7jol7QFBmsmPxWjlj+goYwTk106AlO9lmo7VJxSIhbVfe3jwjbsAtcVhxThwPlK0dh9CUIjhSJDj5HUfRpCQQ/KPQEAVr7xUhEzWaoaCJRgWLAkETDNWJmPiCvFLKQ4o0h0r7yHOEbICeOJyMoSIqg0FbQuyF3RrSgsG0kICLJANHOG0xHnnfdu2incNmVV2R74XO4UXYY7Z9CWQmAg+UJ0UWKgQAKZUXZJmJPK4mquw7kwc8j+ypaFhaW4nzSdOPeTcT0x5GT2azhlOk1iTmTkJKuuKLFoGsSJ1N3ix0RKQ0YMDJ18WQU43ClBtP8+fTwsXLz+rgnTawnbUEjvAlRZc1fs/WNtbUCE/oxqGFCsZrYT5L6g60Yd7UcNq5q3Zq/KoRP4J1ZBtEMVxtEK2AM/ZdP2tq/KqqJdJAw6pte7iVUEaTo7WsfQ9LyzRzZF2IC0G4bejRwGgYwhCQYKJuOiQt8PaAU9WHPrawykI3qPngmmZRN/OZ9arqvWPohLgWOKSuoUkwttAlnhw8BKzZ0HtYiVWaEUQ0bOd9U9kWk6MSFWSVdhjIM3ofWbpEKhor2IhBE0w1ghE3tiauBbasBxgEP6ss2aZEuCYqQkWsVsX5iC+lOIHGtmgkvn3AzJQ7ni75TzFu+Z7QvdWwVQ/fljTedAycjbgTognpCmD7lkQhkb8Rm6yw45UV4kQkEolEIpFIJBKJRCKRSCQSiUQikUgkegHoKUGTmJ0w8rfqarZPNfOTmjAOMWyYbeTCtC7uFlzzpTpjBjW4Ks2hOpRZo3JlkwAU9kYJGeYoKINV7JLARwkxnzq3Cav3WNtnG49JEZ+K/ljuRAsNZRJ0wI2Hoit9Il8pxWYNigve7JjBSSBshkGoBIICsQTd0Hmx/FqGaxy9sUbLLMo4GumAqtAjPCAxpeiMxipq44Axt1qVtJziecLAhE5Iis7wAvu3FF4gj9OpM5sCX1SuPkc1MTvIm0xYmphMTtTZ0S5qI3ZpOgqKJjflGmFojVY8ijGPhU7WNZbPAK8N/eB7KOAPMJXtqkXggMJ3OHrJYJSLhqI/1LEDG24QIIJWKD3s7TmXiWrghJ4QDKI4+EfpAgxppaedc2kEItTIE3FD5fYQc2INZ4pkvxN0jZjPZ01T10214ZPDdE1ilwKfxmQXiRCzmwivYKUKIhLw71BGNNJe6oqiIfQ8KxNHnWJlo8oCqCp3cLC3WMzX63a5XLZEaQw+aI8XjLWIICAloE2KomJvDB/7OMB2xqjkRYNIhIFBgA3gjRSaZciuw1LKCwWsBCQTEmtTW4OQSe3qqqosutvQdoj4eNgxX2AUFuOsNjt1tTdrdppqVqFTiUMawzhDFjha+4HpFgurAkkkZ7q+h12SV5HHDB0FVzn0ux/WYUmRTnVFvikKN0P2BBrekgqdgzE27EMSYUj6FrN4Btd2VQNfMMXNrG4w/ceiO4tBRgRzcCxansB3gZYZ3qZ8wIQdvsZounF8Kmd75E6YCjEMWVk9zq7mg9Ld1NIVXtHRypzyylfE0Rk0EXEB5i6jHiako2QHoMh5OHynK9ZM7KxULuMp91YaotJNQZcsKnpkpi/dqXFWYaFYJlRwvHHhOEPgkEtXtbaIotCllHKbno29j0gkEolEIpFIJBKJRCKRSCQSiUQikUgkukYaGRF1pvfB5nNdPCoSmaBO7HoVH0FPLESM08/Pp53pBf6YPX+yH01BOCnGYxkY/8ZaMCEpZCRB8R3wDhWsmb6IXHKFR0Ol0kRRcMyMzlX5bLNBYEkqjPMrupARBAug10Gqv6pUmw+e8YtU6fVUL1cTtkJlF4A41mdjgXj0WI3VkxHWcRwg5gdGSCW9E7jemp1PYoFKbJojrOBmP40c5JN7c4pStxP6o6dbcv8SalPwoMwe5MVQAnHSaeMmmaLNSGOc6O9WU0qTtjZI3+ewJF1al48cUvyLyaEgKSeIyAecaKhlw6R6bQbTKSJOMEME3TKQNSDsgFxGOJhH6xpWWG86TEFB9wWER2DGsFRvTMxGMdyeQOxOLINJLXNToCZTTFgxT1RELKV65Jf8atX7YdEt9nZ3EAVwVhX3El1YobHiTws/1eBzQT9ujt3WdG+MdTlQzGtwE+s5feOtgznnqqqezeaz2WyJWrVtOwxoEILeH0OPaA9SJXxtWVocCAHh9UvLAgd/1tAFxoOOfidd2/q+V+icgZc7piVpvIhTzoqKLsZKR9htZpPfSWUtk2fKe2fN6rGH+/VqOL48r1xlzKJxu41D6MTZbLLCJ8fbga3QIgSWAuXJeGf0MdvK4KZooITIEt5r0MukbztCkTrlgsXuV0ZX0KAQfIX4iOq6HlkK8nGBjg59T8YdaLECt6e+77uudSsHY7azs9ss5jUOYc3Lw1AgU4aN6J4UA/rBZCMdut1ZeAPmtnLWJ5enNOsmBz2lG0IyH8I7aVmUBMPwwdMVC9cEjAOuwUyfKbqaMu5H91ZEsLza+GmhTpJlfOFn75PCSpUVWlCV9Hr56WESl5fWIa0Yp4hDCuhgxKemWzl+eTZS0UqgE5FIJBKJRCKRSCQSiUQikUgkEolEIpHohaj41GYmJ7YpFe6n/Px5nJ6AuZVsVVI2yCLXBkN+EAiUBD/QkwGL1oOPmQBBJMQqKHJ7qvAqBANcRAsIBhyMSjVSm706DKMtlXWjCQQ9mlLeVewZwYEuaGZAriuRnALIzsTncr2yBQHJ7hfTrm0U90+M46ml26vQ5jiXAqxOR2NWZsN4I6ptWxG9eeoEwZiRX4gxFs+TkUPQmn0+soHKJtlwoi9jBs1Wg+nvaSrQxjvZJUSp5KFy2jHH9k82MBn0iRub54XH5JIavNJtYh0ohQkRA0sOKGSu4WpQVc2qEEM/9AOSBwPRJ8Frr2lzhAJoYOAI5WRlQbliSZNfoUJ5mjmdnXACLzpoW9u2lPAztEO3M5s3sxpTnSb+NYHAJy7ro/lHiAl84Vmh/uVJHeGAs67H04CyMzfbWij8H0EJSDvM5/OqqppmtlouV6tV3/UgNtWwyb4CV2AguESb1Eg2EUFWyjLggd4j6LIRAnInPqf1VBHNTAw6DXFgFsIZMRjvle+RA9JOEQqk0CbELhp1+OP/DEb3glJf99qXqezNMi7l9Eq5PDQZGRmK7DGzxi3m1Xq9hukIQ19Zu9iZwwbY1mHoGmgafsF6IAeU6EjYgTlsplvXtV2HbxHtRrDTALelwesqBBfQTwemsIPBgFtY16vdnQZOsZjDQZCkw/mFnmu+y1hdcBP2buKMG3vKjKipjdGZE63UaBqkaEc4IyJ50wwzGhs+Y3FGYR8hxW/TrvlbXW4U0ztCzjMrLd9qW7l9kPNU0OXHhyF6C46NyUvGBIP/RbQEgn08Dkkk/itYosme/q1TJBKJRCKRSCQSiUQikUgkEolEIpFIJBI9pzqbGpmWDtNH2Td3nBYWzQQIGOu8ad/8bXbqIPJAJz4jZj6ArU1C2gChkyGxJsGPxAkfCm1PML8iks0FV/YpXiJS8gSfFyupuhT8uTSq86f7+WjonkL7h8jtDxR7ktuoktkAEwDcY7IdMAwXGJPwhlyKLWO6OZIjJBGvAtOJp07G5GmxB9n4VufJLJvGcas0blFtvzs9lIpqusGJJlyp2ae+W2ARnRtQklumG/F7KpWkiyHCKcfc6Hss1fCtLZMvQrHx4FOT30bPZ+GcE2tdn8JglHUtYidNbSvbVHXtkD4Z/ND1rR8GNFvA1UZxNsmPgprKa40m2OXCemkFgwSJ4Un9NKb4i8Bo9P0QwrLrulWz2tndWSzmFVIwHPKUSCgd8/gEWshme2h0STl6mtKToZ8c6hTohK9VGDC+SKAbzrn5XNfOQYOXq5VaKuZO0KtinG7qP10ndBxEaiiUBw4VCDuB41Rs2YHMB8JleMXT3NhoVUhOMxjH45ECQq8R53xFgUm4DbuqnNI3tckA0dqOetKXZMhSVWYY0PwENl+t1mhyEmONjiaY4hNVxdQP3ILQlKXrKB/JMzRDnFJTte16ve6HPgw9J8jgTQRXDC4g29u6jr0Z+g52H2CUaEO/2MEsIMaKsjNOnDj/aHXiFrw9dye6XWxs1Blc0XRyk9NTwaNOgcWGdPc77RpT+UeAHgEsM/qbbC6ncVI2n+sEZTFVRUAMHMPz+odvmK3ScL83jAMagU5EIpFIJBKJRCKRSCQSiUQikUgkEolEos9XjVXO7IoxvjfxmRhL6phxoqcvTp8HtjUInK1DH34nrAQTc4gPiOh0Enw/JBwhZpQkO6VAa9AXgEq1YQoqlCiU5APBYIvS7BqR+RE+W9gMEokqpfoopbZ4G3S58CE5mmSKgL0nVKrcpnSUU1CJdCB15fFVT6mTh45bJ9IjZ3H6JttvxckI5NAcNTUNUSecC04rT6tTN8hNmrx+NtKSt0/ciz7DEia/yAlBmv9WcaueHVP5W6sp8hLDwFYO0CePUS69SR4xuu+Gft11DUEN8F9VWWsr40ylow3DgK4nPvBQIJqknVF5YfAwuTJ0edUrjnMqZjrpAXmVQAQEWvHAIh+6dt23LfzVtbPZvGkahy4cRmcYIPEqXOOP2lhNF1fyc9GTy4wHTV/NYno6KhEqPHwczOIsDEJjjKlQbr1ar1ZrhYk3IQXs4HMPDfZ0gbLNjOKLHPkS7SpH3Iit6xls0XVdSJFWeB5mO5xzOOKBv2Cw8MWhcjxNdARKSyJDlXiaG89EiXArK72qkHrBcBcHbXCz2ez46Bhm4XjZ1fC9xbPACaBJfe/btmOwBtrJVjm4RKoG6RTn4MX1etV1q+LlQz4mKqD1C2xvKYHIwyPM9OHR8c7O/GB/f7EzLyYiCYg7Mfa55eNclGdbVzdf+uO9eHJZXIFEKddI4YpAMKO8C89HtlNKt8XNGzrTJ5kKTAiJzi5SJ++GesoJpbNjrBq6nBQwDgHE4K2x+LPCIoMYBq8oeUckEolEIpFIJBKJRCKRSCQSiUQikUgkEn2+KHkolAJjrpufLOpmd5Pxcdw+fbqeg2WQijl2KgAAEABJREFUL8mPXLBEuxH0BvBUcPaBABQqZAYsPuuYQ0Wm50AZIgssle/TOXzg6iiHjzCgkqRUqliWCilLM7mSrDPw2xBz8Tb3IRMsXBXGeqo6ZaioTZPP/U/tYfSJAvEVxnzrlU2zgG1zihMvpipujCcyeXJ3Ugk5eQ0Uo5bpAbcOPu3W1NpAndznxBmvSsV8IcaN8KDpu6Xl6a2Md5TeTAYqGZDQ/GZkAl4JUMOOeQyIPlHMGeGKGCL6UGD2iyOMooJn8Bz5D2ecUdZq9vnAoQ2lnk+MQcR4HTUdZG4BrqjpaPUEUkRtaG54pVmNqUMezTKGw3Xb7e7uLOYLp7Wlyn3qmpoY18REdSG+ElU2VEljwYv+1MGfOmGcfOtULiG7oRBCQ8k4SqXsFZot5EuapoHX66qCDdoWnUwotcnT7oTOIEyAl5z33lmOp1JMb8C7dVOT5UmdHE3wXkADS7cExFYIhrBInxjDLw3D4Cz8V/uaLU8sJfHoM2KlFLNm5XXyVeI3qf01HBQOA22Ax+US8ZkBfU16OHhTw4umqtAIB3N2iD8KWd5HzgmqcAu7WlnYGf2S6J7GtzwCZWAROXhlGLDXcI6jw8Pl8fL8+fOLnRl1gaxzjMooWGroxHtmhDWyQ0ncvsbGfo3oid5gPDYoszxASpeLaoKnMPujc+YO3yeKVUqhT9KWtC0fjXATewXDoukdSBdOyiTbq3Q/xjwpuEKC8gaXegg95qRd1T1UJBKJRCKRSCQSiUQikUgkEolEIpFIJBI9dxpryifcR87YYQzcyCVP5DmyoUkurheYgcNuMvNRvsXCORkcBHYsCIk4UUSWhAHqtAO7myQqJRLcoS25WGTMI8fiUOpD8i/BY2isd6LviPJcEKWMHK8mVVGuk6tSjU212PRp/EQzaMrhIQcKaG4KjwhTjCTtmU6SivsU7aMneMl0h3H00kvT0b0aT4rTMJQt7kSz88rmbqdyB1ptWJUodTUNIM+QTCxwmTg8ZSNHa4/x3XillTbWolNlnV+avDWSMWVSMoYSdZqX6WShuw1zP3meVOoIoS1xWoA3iKQQ/jQYTG7yXYv9Rt6EcASHuTcGptzSUfyIVPGKi+6kBYXGgJCNibE5Xkhbq3ABIbdA8IBBkKHH0Ci0xOhD09TwtVjMtbGBKAzYjnJq2GCHzp19H8jmg0+qE4YyIiqjTl9tOrm9pHHIAUCbu6ReMO6i8yTBeZHJUaqq7Wze1HWzXMGfddcxegJbo9OJInCEDDCwmwglEHHD1izrtrXWwBhbW8MIwybRcRgSMigwFMg9EOahqkrDBsSgKLyaaWrhDeRRIluecLoW22xM57dcu0i0TRiMtIa0clWa5bquVk2zWq3W6zU0YN2uETuChWDcfD4jmgShF5wuVEvnRUuU2WzGmUHsiUKLRFFkjPU+4rcuTR/0ETbouvb4+GgHtAv/LebzxiHiZFSixkJUJyGz6So7ExLawLXC6ZfcuGVUp16VDNNAZ3lJhLwRW5+oibdVoNtBIA6pXKLQcRgN2JAdbsrFqXM4mSrECW2eLkr0pkJQS+OE6jjAlQLTDBceXIruNNxPJBKJRCKRSCQSiUQikUgkEolEIpFIJBI9HyohBtvoyUZdOm6V/Pk5lbx18TUhEwFN3g3EYejkApGqmelT8Iqr/dnCRBF0kjAUfMQPtcO+lp0pKIWDuBOFdhP0GXjaE4u3WPTkqA1Pz1JHdPQxRUHEoeAUccKdIE3CSu4NI5jBXdGTOjVtTC8bajwaq7DfQKFoDHc64SspCSXbjBRNrT9OeIQ8ha/JWdrapmAVU94llXeveJhpGkk861Rx+lY2UNFbO+iSApM2UtPdEppRDri148aLtL4msM7W49j28eBEwEw6m6ebLFqSe0pqV8IMCC3S4zLg9nmCKRA56ofkUqF7eKVH5qCqbOVwMaJrBdTDbdwsu7tNm5WtNm4TQLReTKSomoh8k6IGYSvaroOF3K6bZlb3/bCzWDiHbYKToyMKWe2oKfWTGIA4xiOVsz01UfQ0FTf+2tJ8MVss5uud7vDoaHl83EFH8l0Gr/iog44mbMYmGc0mKIRiIJsAA4wbGEXWIMR3oLkI3CsGtAxBAMRFB7tYBmDoXoBTC9tYmh5r6BQIrdlxoOKZQ8JeSWQrYioM1TF1XTdNtVxWq+W67doepqEfHIXtwCO8C82CKe87e3zM6Al6oqAXSl3t7UED1+SJ4jFOp+8pb8h4TOcaoo102zDQZu7Zcrk6Pj5eLGZ7+/t7e7sw6xWsM5xKhI0iurvgAOIQkEye5WyiNN4NYnmeb1E6PvUdR23AH+MrsMoM/UTAu7pKpldEwiSgx6e8sVgu7/KYLVIMG6Uk6ASpKQq0UmYCOfEhxosmbQHNhyVhU4YWTKm2LlzFvVEkEolEIpFIJBKJRCKRSCQSiUQikUgkEr1AdFqNX2+/m4mEZDgRsEDJuEHwPhmZpLIv5YxkdxPNUQwDIgYGORIsMmfTECxNUrZOzGYQdEyK2/CMlQTVe4y5wG3InoSTGUoraddc8U7/qZMMBqMsJzMqtBqLsOnT9YnS0ckjpVivJLKFDBYIOonZZ2HrTFQd9upaaEIXlDYbtYF5KHWG1cn2FqlT28BKPqxKFWB8FlR2StnoSJwkLhW25DR0phi0JCJkgj1NF5snqmlj+Y3ICtMtMefvTDdJbNDEK2WbM5j4RagQ8jvk3EMQkUnGFxS5FDXbN+CD70I/DLpFpKGqKgdfruIjwUtGI4PiJgOSz6mj2sCa2Jknpn7ANAYq5Wta6LRyCJvyQ+f7yrdtt1qtu7bHwJ2dOezgEYuJ6P2gjNUpPYqXnUoTXi6Bk5zO6dqefDUZ6KnOgjY2zoAnrGp37uBgPpsdHR8dH6+6roNOuQopAkzF0XbDgAQHm/N6yFnIWkW8gqH+WWs9mYfk2J3ElYVA5iEVJ3AhgoIQikVzDWR/KMDHMGIWtxt/CopFqwCtVGi4DM6yms/ndV3PZvPlctmu2+UKOtKCMHBnNqurujIV2Z+Y5XINr0M3oXdaz8nvxC0WEb5dsV/KqlXk/IF+OEhVJFCDx2AY4K1j2G61bo+PVrt7u3t7O8yvGFuRPRMeChqF3U876gwabTGDG8958ZnNCd2Cv/hmlyOoxrnlSB2YGlii2upyTySPK/QioYHS8fTrfGwkmUBllA+Pz+s8su1Nupg3JiLBc+VKYXyGrhYr8ToikUgkEolEIpFIJBKJRCKRSCQSiUQi0eeXxgJl+pNTO/iT7bm+TZ9+R08BLABzUZGKwYqyHfggmsuOnPYQIkMFUNa3XMVUViXzELS6UIFdUbBWiaQJPaWac/BUeFWIJnj67D830HBLFH9on/1N1Ign6OzNkpqsNzsYxxezjcdEYfLBfEpc4byIxDboDN+o0RLkNDeBwrBsvvrMqqinxqScJAeuwudi09nm5K6xuCXo7b10qWLrtB5SFXuafVNsVGI2q4knskLGV2I6XcibbW2QCtmIFMRTuxDVFBiKpQFcf988uSpZIDF1z/CpdFromLjD3AjiIRgC1WuN9hWuH4ztFCeQ2LpyFebDqNOGd+vvfDaV8R1NgA275ND5CJyh86k++n4Y+m7o+wGWftM01qL/h2H3iRRTEkuYTmSLGBWL105QTy17stGnmmGoM6XLo6HoHxUr9oShsJjV2q7X624YFI0Xh7BMEYfoCVBQfAUhckJ5LoGvMkvQCfoaoXNIF4q8hjGxth+qAe1HhgqBoLqiOwUmwri4FW10BSXWJC8XdpVB5IX8S9xq1cK7Xd9DR9btqutbmIsZTIdz8/mirpu2Xa+QSunhC45QVXUzm821wSk7PITZRcOT3pNli6fDWr582FsH3kI/FB/aNZ5iebya784Xi/ls1jgYSW0iu7/Y5ANEN1ifULqTndkEQeIpl+4moVI8U6amTGjsBLOJg8Abe8JQsvMKZpqlyCSt4mlBPwVLLDYqmUXRiXYLfMbAxAvlJW0SUHTodF/VxUlKJBKJRCKRSCQSiUSi501Hx6vHHn8S/3Vg1cL/5CuRSCQSiUQikUh0jeSsnc+b+ay5cOH87s5ciT7PNfkgPH/OfOQJSjl/BAti5gCiYQ8Czs0hLxOyNgmMpGBBnT8Xr9mDJFJ4An+kHTfPpeQU4RBTUg5+5B4tEDBLxyN/wnYE+fQ6pT5kccW4fDpebVX7Ez2hJ5YbPu+oGTfR+RhjTZzeJ/MSo0cXjfJBfegQ+S9ATfYs04grjfZ21fiZ1VVzq9Qz0Ih0TL1FJu9OqsfZ7CQhHKFsw84I6oThAlkkpAyO8urGqQvsM5458xgFKTKmHDlTLBzIsZFklPmSGNJy5SykyPYnUZ20X9FTu4fS78w/MAvBfFQoQwKdxrAXP/C3g/WD65EjUFejuFE4z7NG4SOR6aZclqcLgdT7y5e7rl3M54udxWw207WmBJlCVIyEUBwHTlPq1TUr0m+u1HBq14InPoeccOARmQnnFn23PF5evHxptV7xMNKVEze4k3xwjmWxxkRj2PAkoSfwUFWwH7kbpfuAj4Mf9DAE53zvPJwLL0Mf4WeSZVOMGI3l0J6E46grdlFNXTpoOVn88TavMFGnbtuWjUuWpL7vZ2R5gtss5nVd9UiltMTCdXCQqm7qutnf11VVrQlXgUkcKHEHxof8VCzcfqwh4I7QE+/bvh+Ojo6ryxVM987OYoH/wcGbPLfJYYlia07xaDrZq5Mr4OSwnxiHxGpNL7yQrFkQAILhxZu3zzPk2cYlBrarGZ2JMGvNl3lmuIqYIgSJDP6EoFPw9unyzkk7GBdFbEpyV9JXnj2RSCQSiUQikUgkEomeY93/2YcffPgxJRKJRCKRSCQSiZ4DDd4fHi3h65HHnrzl5utvu/UmJXohazNd4cSbm0AAQQFKx6l1BP5N5iNcPo5sXpJBE675a3KI0DEVMDmkBKuLTJJQZg7V1OmgbFxAYg6giA6JbfDkdkL74C6EEagU0VKiWDRH7Yzd1Gd0lMvPpdCtksGJUZylg4XzFEoB9Wos7WLl2jK7oHJQRqZysPqtOaZHPW+fxD/FBCCeVVPe3CrEcUmc8nauHef5SJxP6v2VnDTiuNKmjjJkXjDGneip8Ud5bQuW0GxCMX6v8uSf3kFGiE6a1pyMJdpIX9EcRkIrrgxJihcypbFopTEMxImQ0Q2aV2Daizu1IRttpr8TyzWFa/KmbO/BGU1M8XDVfxjCat0GH0r3TF3nvfVYrd9AqK62RB/VNVq0SAsYuJDxpkDfo92IU9Yt6mbmanfx4qUO3UJ6ohZA0ynXDC7xhPEFRn42iHrBU3YX0roi1xND6AkDaBHvHMSU8BGGYcD4o8qRbUqsaseYgzrFAmT7VmiI/whkvoLxPONdADpim6ZaLBZt2x6T2rbD5B3b1nU9n89n8AfxlHa1WkIz2nYNrZvPF7PZ3LmqQaEbStuhcQ0chBJzkDuJzhkcC1pMZAoYDY0AABAASURBVPrS9/1yvbp8+XA2axbzxcEBJe7sLnDINK8Xpk+YrhppqaeeolMhpLj1bl6hE2chMjgx9JjQHHi01nDcGd4CPd/EVUjIYMg8VyCoMB0SCRutfGQOUZMtEbmlJFBKZxMlxT95mHTkG6vZBAxFIpFIJBKJRCKRSCT6XOqOj3/meLmCJxeuOzh/bn93d1Fd5QeQRCKRSCQSiUQi0VWoH4ajo+WTFy8//sSlBx967PLl49e95uVK9MJWjFFtJKiMb5TXShTKdiWSS/L8KfuQH2PQRIVo/pg8bWsiV8QDO0pgYgi8S74l8Ij7UakSfSMG8jEpJIdK1V4yNyG6gbwmoDoZkw1JKKV2qEWGidNGkUlwxPQ1yh7JPSQW5iSQAhVqzdk5FHmCkARXh/HsUZXKeKIwUF6xC8pkfFXaJo2vTqCLzlYabHFRki0mteOnIABCGZxJn8qz6WvxKX0uIhfm4zZ3MFkOyYskn0SnfcLY8XIWfrLNeWx9i7k4V8QcdHJ0mIITU1OM1LBEDeUJxlaaSQM4WSnozWYw9LJ5qJgtahLBFFPFOxur0EaeluvIrHCklGEMJZL7g3eBnm+cMqf76AzqkH+DyvV4ArU4WiRy7d3S4OLLMZXYYXNYcGoYELOA62G9Xi92FihMX6kpjiYNCQFTZDsTh2xAZDfjVKI6MSVs46L0lMCIJ1aONhvLzmxOxuQNU/CcvEioY4udHYzaWa6P7LJte/ZDopb55C+kC0qEO5l0YUNXsHWB3EowQUcbZ23QI6eGzijKKsLSyP7EqzAEb8PgBuu8b5BAcRZ2S0Ndesp3sjgur5AmPgUt+QRVYUONVY2tKh/r2jVN1TT10SH8W9Oy74dkR9P7yqEjCtwpVqsVNkqprms58KmuG1dV8/m867rj5ZF1pu86nOgQYUfj0ZEF7zxW975PzJSPMFwY2dN3x8fHe3u7c5j3pq7Q8YWADRihxFXpcinGbAdUrI9KEFUcKbuYVmrOvlJqXCREd+mQ7gsq2wFpptNoT5NuX5kWweYaPJENNQEoQ5p7wkvo/l3Wk0m+KXi/JpMUuLSoy3SsoDN4QueIhkBGhSFQV+NVIxKJRCKRSCQSiUQi0XOizz7wCPwrAPz7wstfdtv+3o4SiUQikUgkEolE11rw+/b5c/vwdf2Fc3fedT/8Bv7Ag4/cesuNSvSCVEiGIBQ4EpJtyFjKw7pfiKNHSMxeJWpSmKdKMqXnGCzhajxo8KmWG7LHRoiEbCDAQcAJ2oFwnRjxksBuKdGjNwG+hlV1dkRRE/8LAlpCsq1QVPc39JrRiZlQqUJtLWfuUMstNSKQSYtK4IRhnIEtJQJTAFTpZBOEYPAYFJNCBINSKZTDWfrcQiQnhUSZkOcKfYZf4XY2syy53Tr5ZWRoIXm+aPqc/4bSO9MHlY0wCoISVCFl8GU/ddAoaRZTloBf2+QNNgJuigoxkgKLyv6KSr6pD37jEDDhwad+IocTp0hIPJF3M3IeDNykDabcgi6uH7lLxXvmdBF1RKVpeyJkhvxp6ExWTZ17MhW0QbSQDUY+Jq0gmlpNjzEHmBjDqzty7IrK8Tea1xOGiihXhm7q4BFpHakN1CNudLy0KU6YGCYHUthIwVZ813XDMPR9367bcLAPWzjnTJ7sWFKCIocJ4XplniNujMBpYv+ZjaHcWBDxadb7Y7mvJJsjM18sZrPFfLF7fAQ/Jo5XqzU3WzPnRWKkK+oSb0SHQm8ZT69Hi/RIkqsqfDdZnuAFR9E2OvjoEQOKxvpu8BU5n1Q1/AW7ciZWpr4Ue9sUr6SREEqdGLuj6C4DHcHzw/GaZrZYLaAvbdeCurZvmno+34G3FotF1/foh8NWH3jvwfsIfkEbnK4xcAdtX/qu9zk0TJsAy84kTxeO70Iu7xhGa7U6Xi53d3f2iDeazWYw7xa7Y2mgAjEucaPBOKGh9DL1q7w39cLR22Yn8WxHEb2NI0U+Kl4hhBcFw8/J7ySaFLtDPBDdEwuyl7PUEjQWNPXaMlpIWE0GmPTZZxeJRCKRSCQSiUQikeg51/Fy/cBDj8KTV77ixbs7CyUSiUQikUgkEomeS+3v7b7iZS/+xKfu/uyDj547t7+Yz5ToBaj8cXaVgmnGOjNX3JViUiNbcjDZwZvoxJQYesQKKT1Hw47sM8IQBcEMVEWnun0g0CSgAQFUYgd2NyHXEArNSdE5qoAI7A0SsiELn3ZqFVLak006ctF40sVCGGQnD8OVdQYFuLwcguE8E9iKq702ZYOY4tzBNAY1NhEsMX/ivzQktTobnGzKjKN3+nzosbX4ECaoRKkjFyZlAx3ZOIza/m6rdpy9Nja2KZEa2cUmWz+oVPhXI4uwgZPknpeK9VWXg/UmdkH+MZP30rGvXF821m4fdbo917VDiBsF63HLsbZutE4ThNumUjkUzkNBjDgCKo0XXS8jn6AmhXvHf6Wt1Skn0ydSb+J0yUaV7UbYkYPIp1hegd0dOUSEddt2fU/XUNjd3anrmk0yItp+ZHca2usK9MCVdWIlx6cxwSfEM+5Q1Ww2RwSkwtSb5XLVta1JDEk5NSW5KCJIiERgrIwcWaLyIVE4ZD+Eth9a821lQHqt58gdWrqD8Ua7yG/2fV+R6Qk5hRBtpreX9WlY0CmCtlLgDsIle3t7x8fLw8uXj6Ez6zUcq5nN6qquqypYSzRJ0InDwwVgjZ3PFs662WxYrzvM20Erkx5uj35AwM7ScHDbiLrAO48P6vj4GLqwXi7ns/nO7g6omc8qMlaBttDSDYTsFIeSSGO32ZkMgRUkbdrbZ4x04DWEoIlBzDAyosUYkAncrECmVmr7BuT550ACAweDzApyhcT6WcLZzCmZWCKRSCQSiUQikUgkEn0O9cijj8PjDdefF+JEJBKJRCKRSCT63Gh/b+f6C+cee/zio48+8dKX3KpEL0BNqsmR/TuSH0GiEhSDImmLWMiDVAdHhIR8FLyyRJwYZjLI8QQ3oyOSmYjHOijVGj2ZmcA5qC4cqNSIR/XMlWhyRZmqOIaYjLPoEYrYTAJRmx4MU9iCqvybBIBKxV9GTzBywxlH0RbJc0FTbgUbl4Q0AIFTdXi41BWNALip5WxXWfOfsDKRoJNyjJjOGOJGP08wJRxnoTZxk6ltwSTg5ezicraoydEbeuNsmAxTDEvGhmRnjji1VFBX6ucWs3KGlcEVS+DQXXPSBmUrysdmO5yt42UOhAikHItElI2yNJKE/Wg2Y+DvFUY9sTXMOEE6rQY+qouZvEqgTjaAQfMN8gRK9hN6gpeki67Y4pA7RdQ2m1IQNWOhOs+mK8RKsEtEOF4t4dpardY7OzuzWT2fzzT5vwS8rgK7ZSjeKWpTSB5dEKKSOTS1vBipLvZNecYF/825xpwUhYOJGEjT1NYe1HV9PDs+Oj6CLjB8EKOlVmu64rj7iFFwgBb7c8C3MBG2x4kz1sJ+VYUISFVVUwcbJsiwGeSx0Q1db3uQc66eVQi/wG4uGWmYNA6p1Zx5RWs92c+wEIVJBh2emQ1r9Ww2g0PNZs3s8Oj4+Hi9XvdHHfmqVMjR4A1MJYsPFTiiCPaE96kJTV3Puq5bLpdd33VtRzdH9H6Cm5L3unBwzGH0635o++Vxe3S8XMyPdnd3d3bR+QQzfZxViYeyUYe07CeJY1FtXJ4MJ+W3YnG24vfVJlQXN/4q38StV2m9BR5NitxBtxnmURJ5p0NZbTHN8SSHKd9/oklPiafB3B64Hp4N8yQSiUQikUgkEolEItGz0XrdwuP5c/tKJBKJRCKRSCQSfa4Ev4E/9vjFFf02LnohKmXYMD8ychtEO1AxnKJUuOadPifPoAIXDjlgBEr+UBKF4i/5nSjFRXFF7hKGUkkilIM9/Zc8CJKpCVmeFMQkcpGXKumJ0sjeJTrHQegQJ4XxoIwKE/iCCv1TnkCVZIyJ6wQ1Ho4YyNYimXlAJdc5izVNDPewvJ9hjw9D5VMMfYA2T9I24nbxMztZxPKNGk9L1Mx0YxO3arfaJBYk+WgQ3qJSsT55bGQGKE7KxAmLUSNUobOxRcIpkuHFpEE6586o8XAxZFKCOKE07mpLmovwCc5g6kIl+41yuPTKdGROO872+G2+YPQIK4xF8tFLJT85y/2gnHRs2yZ0Mt1g0ig+ammeI0ICrSIwdolJHEKROMEpXxA0U/kKchuGGTo9i2rL2SXpxEIqDUojkuNyYMkQd6E4/IdPzeiJOl4u1+16uVzN57Pdvd3FYkaGIYywxLIa9WgPVMgXlYiUDZaJm6pVCYs66dzyNFUcNeghhIHzuBRl3UCD53t7u48//tjx8bLve0/hK2RzEjhkpowVDyUdCjmQAREO5ICII7HOuaaulU6BLIoW+nT9MdgD9yL4a/B9VbmhrnlHti1Jw8TGPcXqpywaMnPaILZ0wbuwqeg70jTQl8PDo8PDy6vVer1eVTnUJ81XvthMDu4i3xNb1xU0oeu6lV11neHbZejxsHh/Jews0l2Kzw6D2PdDu+pg8ueHh3v7+7s7u4udORxHKcNDSLfFghJdaRJjNosqN5cwoifbu2SmJ554RW2ei09HjjXUZWvJsiaY4msy8Y0qcFzaE35AwLn7gJegIesTGyzPjjFnBm6JRCKRSCQSiUQikUj0HGm5wn/mFpsTkUgkEolEIpHoc6mdxRweBTp5wWosEBZPDE7MoRwZzEagkB2dC5GaLRtwByy6Y+oMFI19hM0MGkOQMwMGYlBWDhIlnm0LyNOEviFrE/huEtiSjTdOcAn5I/bFUUPH8rLimmbMvYhXMBJJbitqLBPTR+7RMoA/kY8focdIEp2KzTG1DprJx02WH3gQO7WCYLOLkSUoDdPbWANtWYxlJujBxDkgFi+ZkNCTDAiMVgPFoWTcRVmt1RUUGRLR2wYBJVGEHvA7Y9zYi0z7bCWOQHF8snthldJEpJPEkRIp3MvJhm2RFdN3RmJGP2VlOV6h+5ucw8Z5r2iewgBGIAccQ/2ixWP4kAhY6VQp56nKqyRrEzpR+QAIcPDw6JjsOtJGefzGpmp21tCn9JdHh5ZuzMuaEYS4Wq/brkNoI+w3TY0eHjyzOvFfMZMBmuJKyon05LQq92Vy/il0csXldkVlVoPHICTzFXqnctbMZ/aGG550Tx4eHg59SmIZQiAzEscDna0+TLqqRzMfvIz7LvQ9Ym0IkNBxCU3Iq7IsRJhbJN8Col8U7GIpnYeVzlC6GjdYpDyh481LmRgG3NZaTofS0GCkSKydz2er1er4+BgevV/7ytd8fLpQIkIVHqcGF4bFszoNu1Duj2vbGiaz77uBxsL3A+bl2IBJQnR8zQFLfEP1oW279bo7XhwvFjv7+3uzeUMIjdmEZsKpF2O6BSt2dhn5nlhWWN6sDMTWAZTacFuaTHg86arEJlIMmsA0WG3I4CSZxmjiuXRC5wJHW0EP/0/2zgNQlqLK+1XdPfGGF8gCAoKimEUFMyvEs1F6AAAQAElEQVSooK66q7KiqCDKroq6YsI1Y0BcUD8wISZ0RcVdAwuGdVVQRETEgGBAEJWcXrhhQndXfSdUVVfPzL3vPrLu+XOZN9NTXV1VXV13bp/f/E+SlJpYInhICRJSIpFIJBKJRCKRSCQS3bEyhr9QIV+EEIlEIpFIJBKJ7jhB4AweIQKoRHdJYdTaOFMNF8EuybyEcBN+AoFAzdYgivPpKE+BWBeHRr8R3gsjloip5GVpIVqMsVI4+xgxRALFFrjZ4CM6h4RYsDuOD246KwMycqhSQvC7djSuWeERS4ANS3acopcpm0HAn4ppokMiIYqRlpQ6Q3uswLtEjMh6U5Z6GFaHpC26CuCGf0MmE1WhKthT/LvVxnFa631TqrhvZXAynimm7jWga5FyPV5y3OcDPUPqY6hHXmrnqqK9y0DksWLC4dT4XmOKmjT+rrY2tC1dpr/+rXLisayt8neEORIKhYKjU4qREH8euMtunmnl85EoZ0pjSk5wg0QWklauriw0t3SjRleRd1yhmDp5xNAT1+iEkABdgQ3O9McG/xxEE9DAgk2BoNuOXTCU/YZRBjSH2Di/MMiLqW6HXDeaWcMig4GparB77CADxQu0kVCcroVumvCE41PrXYOMPyMxi7TZ2Inl7tjaQDNzU010uA7b7fYWW2wBjwukwWBQIFeBv0vYgMh6CMS1Bv0z2MnGMqWCjFuep2nWamDqHKqeYYWRaxLHFqexIdMRgw5NxaAom7nOUkq4k9EakfjmR5M1yndE55bz7yh/DWB7YLyzrNnpNKemOt1ue25uvtfr5XnR6xfNZgs9VVJCK4g4oX3caKDhUppw0p9ms4kjgG4mOT4U3L8SVqcEiZKUprjG7XaocgVF+v3BzTevg9rXrFm9Zu0aOPvQ8VarBVswn1FCqZ3QAUUHwMjwAqPZvQp5HOg3I1XMJZWlQSTGXReO5PJnLVXRylyH7Nwy484xpVfjMxCxYOimBb81aJhTnxrMhr2UB1bgAXoXJk+j2eDbfCKRSCQSiUQikUgkEolEIpFIJBKJRCKR6M4UhK0pyIchvhKdB/Cb+vBoMP6n6QnHQhOOlsPz0jhPB/7ePO1rCrQzMQXZEpQl1FK4b9/jlpK+xG4oIgsbLAEfFCX37AWF042t+3nQv1GuhyrcWX0T3wEqga6onuiwO379IHV1UFGM6KYZlGnQ1+Vd5hpQUlrHm5TOacMH2LUPCXN82B3cAw0hGs/AgHb/2DgCm0QsgacZiKTByKlhCAGfV8AJppWg86DCXkgN1COtPutIyql5lPe88ONQwSXjQM4E6IRQBB2nq/HWLTZkKHJZkLz5RxWQj77jMYlJ0CMpOvQoPmKtqhlruOPbJbdUxhlJvb1RD8NUQReFakvlsqMmyLqT64gohTHx+NyZqP0pPS1pBxg5d3ayWjuYLvJ2JhE+UyvBFg/jJ8pGj/TMhf4xf4rbnDhXDlcIEbH+YNDv9+fm5letmp2ZnVUtTG+SECtAF61Gmw/NY6e9NU0NnAr8l7XBY8i9cdtppLfoDsKERKeDxAz0YW4R3VsGed5ILXFimXbzTxG+EO1MkAjTM7D+9I3JigLpjgyveJctS3uLHj+Y7FWC/A+m+rK9fgEHGWY5YR/NDGEX4lUcJcfDlEQYGNnhaI9ihLbwnLQWjt7ptpM0gX4tzC8MhtCVwXCooPKUusM9MaagSxWxEJgHiWb0BEajidBJnpN/DT4zSO2xx4lHPYi8gWMNqRA0iBCTm3u9Hgxjo9mYmupOT880GplbmTwQ4iAe7QiosI7Z6MRYRsyso6NCBjCCV8KMYD6PF3MTT+2KrQuEjqotBjRo7iwkxBMZuN6US75TEgpFacbcLwB+HPQH+TBXIpFIJBKJRCKRSCQSiUQikUgkEolEIpHoTpUZ8FfHCSuBGHTpwuwInRj8Cj5EGJPgb0GRThfwJusGCu4aokpMQbgJ/qBBCHIb6G2CQUN2V/CWGBgedXYArhHOvMDlr+FNztaE30t0zJ2EvZQPdo73S2sVRX8pVUbiArrwjHJOpJrzYvgIqjO3QPzDVkeiNzCrCtXh0shErEQANKzDO1QVSa1cHeyo/QYHdjm/irfhIJjBuEaoEKy1LrbuBkljzD24ALiIbcJdtN59wB1O+7GI6YsJYzWKPoSuKx9ltyoiGiZgESuS3eRuWm1u1XozLDcSRxcxcxAMY/yRY1lrR4xV6o1PQgoapg2Q52DkwLiasrhOxlc4e0gSQzTW5RlRgZwiokrX5nndAChQQNUW7owJ213jSswsMyzym25e1x8MZ2amp6enGo00cRwSTyu3OyMSNH3DsZlBMX62VtcaXxNq0xo/mVZvooxmkoJ9PlqtVp7nrU7v5nXrFhaQPYGBb7XalAGHzZEcM+KmOm51Vw2xNWaYm6QssjKDVYmAlcSntjHeaQMGJGF4hak4KID5aooyT4qiUWJLWk0yJvEDR1SIqsEuitP0KFVLMcN5kFKdZBl0pdXttDuddr8/6KH6RZEPsVWYJiajlgUSjerUsESlzYZSjdI0DTapGPbzPqVPConKoF8OBMHsQol2y5gqTL5QFL3+oNlYaML/3U5vcTg13e1228T0ZM7bxlN11lb4DpmvKJpROiJrdNwttqeyFZxS+ZkonzxK2ZHzqwmO4QlFA8WZ23DyMfmkeRCSJGPHIGhHUhLfYxmNNJxpiFdhU4rTiUgkEolEIpFIJBKJRCKRSCQSiUQikUh0J8sOy5Rya0BgLzU2MfRldIs+DYkh3MSqkF3CRuk1jOFvxhNtUkA81NA38MnUBKETY11mhMS65DEhhl/hFBzTNA6xUMZTJ956xMbhdjXSDAo3c3jWMhLi6ndmBPwC4sNIZGBEN+WQc0ppNjiyTBkfTEUYeASlsjXx8V9FcVj6En7lveJsCbhA4mO/ujZQtMUGf4BoGK0OUVnjn3rSpm44EZxFEqJlUh3lrAgHisfJvRvVQrHyMXjCVgBDODVKR4FmpcbhAp9oKPLF8M4fUSG1SXnfEV3bpMfKrECbBCA8TVFNkigN0TItdPFxn3DGbab56aP1PJ3Z1cYY7T11srBPGE+6MCwFzDGjTeKJkwgB8UYOMTOldJXKyDoGyXMsAXhSylnieBIDtyYFhedLbRcWe/kwJ2KjhYRDojDbDvJcCc8vym/irnTrZz+zaHw12uqyssnKzspK5EmmMAtMotNw2cO1qrLG9AzMeNVqthYXFvq9/nA4UJiDppGw9Uh0TvmfJE15sCiTV0nOTLmxZR06ceUzxFFMljHJhVcJLGieszFDg+sarHANEqEnqcPY/AziRzYgqhEnoY/eXqXRbCTk4DI9PbW42JufX5ifnycLkwFDNo0sqzpCEAk3CZYuy9l2GgjctGCHwQBWXWzasKTsQLgMJ158WMxlg1nOzDAvBoNhv1/A4brdzuzsbKfTbjablFoMkzE5VIVEXjjsdJJYnzxM1S4ffwE4rqRi65S3UfHIiaErGtM/caeSxC9bNMQ8kxLlUBWrPB+Htk2GYD+mUKjG0hT0e0UpxBwdDygSiUQikUgkEolEIpFIJBKJRCKRSCQSie5UZbnKIPSX2BRC1PBTKnL/QKcTCAUig0KRPQ5ClhUmYgqLhgQ52ZxA1BOjn/TFe+sDirCf8YlI6Cvtzk6EyA6MV2IWHorzwk5kE+CMTTRDG9qhDHhoMxrkpoi8sS7knCpnNIKvEwedWO2tTTCFBebWSFlJ3XSEmhgyx/i8JcjbxOBEykVsPTNHHLzWjh9RcSQ68DFjxAk3nXJW4BCXFHpVqbZqpH7f2tRvSbhjaRKi3jiAATVQLjQcQAUVW3t4TiEk5VAjA1ujXbTfh2GHqrM8RhX4UkdHHFdUc4JYMjoc8B1VeYrYsNExUJvSihASjzsFOEHX0Zh616Mzq0YaPF4v/IesCSUhKR3MECce4R19b3mmGMtTydYGb1JPtA14y1J9DDVEJRwW5DgAlRflTTfe3G41W2h10Ww1m61GU3vOhaxbyCikstpQS8mqFfmc3DKxdUd4CU1q6iyZnZ2anun3+vNzc73FxeEwHw6HeBWQS4him5aIQmCAJPEUmaKRJwClIOgk4Q5qXH1wjciyElGcJGUqxRu6YNorhDLQwwmdRjJSWmaNZorckHc3Uf7E1U+fu2wcVeecVHAdgkqazebU1NT09NT83MLC4gKhJ8OyyLOskSJWlgTzHO4SHAtzgaUajt/M4ew1YRdETxpFkcN/RYJURuV9EugTogCLsiiHw2JhAZP1LCzMtzudLv7XhXngiDzvEWNGkLcKP3ILuOacUja4jERTjrip6uIx2iVNc+mfwihR1zzsohOfb8yG0aNljtNEKaZcrElURgxhnuvc5taIzYlIJBKJRCKRSCQSiUQikUgkEolEIpFIdOerazNkQAxmcmB/Awym4jueOCHnBAgeskEDJZ+xRVkOKbpZGIu0iUVzAMO5YYh9CLYIzJFYF/PlKCHWQJ4P7tvz7m3tMsgw2aIdrUFJFcbQCBXldKBILgeRNUWMEw7UJoRlpM7WJKWIOnu0GO9NYDmPTQVPOAuS6jBM3KgQMQ0GHyE8WqXZsEqNerIEGwcdF/Rf+GeXC0UJOBh9UboRAr7auwb4ExLFdjEsHsLrOs0qGxXf7nDYqDlqBEjYtPzI8PFDSF2PACi1g0w6wvjh4mD9UmXcUcbImLiWSdtGax4tsDQyEeqrOVaMHyVKNRO31nIEnfbJqmmxhCNDBaX4lEjaEzxVnaqak2y/Ee1aHdqf3wgrwleF9peOIeJhfrHXH6TNfrOFiWua3U5nzepVnoYZGRmtHNOlx/JX6XCk8e7EhTZHVX0ReYTrSULpgOiytp1up9Fsdtqd9evXLy72BoNhkgzb7Xaj0SJEQSfVXKG1Bq97X1V0pOoBzWnIEsXksDylKfwkGfIdOvEeMDw4RVEoqsaUJkGEQ0M5dltJdBI3uzp9vk9+2eDFztmiwH6dDrQ863Q6M/2pfn/Y7y32+708H+S5Qi4lbUAjsjRTqaVDJP7Cx1Wu0WjkeQ6P5HZSDPNhUZrBMC/JpoVtVyrrGsr/VBpM0IPeKMM8TedgBnSmpuDobUz604FhZNgFU0RR2h3HOtGEonXYWRy5eeh4GBudeQJKwrKJCzfsBy9LN3e1WztgrSNvKBx8Tp1GS6vjEv2vBOPXHksgC63mKZzQDPrCv0OMcCcikUgkEolEIpFIJBKJRCKRSCQSiUQi0Z2tFsQlIYpKyWMSCmtqDBVy6NBzExgDxKhjQWE+eMyLEqKb+N1/gwBKifE/bZw7heMzlHeqMD7MirQHZmXQjH14fEMpn0rE5w4hPMPF7u04JOBdCPgwCR8x0S7ZDUVOVeK+6q+9aD84dFlyPh3lj+hSnFi2nuDWJy5mrVxolUolbBoREBDHeUQheW8SEDJ+aE8KJFF+CZfcI+SusS7dSmSXohWHsZ15i3LDGNEPuNF4xgBa00XVjQAAEABJREFUZFTNg4QHP3ZccMMV8Sg1TsUVU8EvosoJ43wilB8HVY2pa3OgdXTd1aM6lis84vUS3vIvXBOt1Zu0LanbyVR9XwYWqSwb4jqiKkMRl3Em2jB+aFUF3Ou8AUfmVaYqq5PY94ZHjWwijM3wcqNLAi4/dBpKyQOC6ASufTLH41gGxin8Jj/5fHuTJKNjGlcQJ3VSlLbsDwbDMuv3Ns7NpY2s2Wg28JpBLoWsWqzHrRK+shg4GGmCHjtFJmAFbpSMWvYs8rmflI6mDL10Q+WXhUaSZo00m4ZRyqxe1x+uN6Vd7A+bRrWgGxnjH96biUgLm+Byo4lHQfCtyGG9ojWCODpNScLoADmsg7qAK6+ZJpToJvPZbVAJmSfRUlckmNBGmyHsPUjTRrOJg5jU2ChH2tE50Yx9kKkRwn1+zbClKtMs6aatTrtZFEWv1964cW5xcbHfGw4G/SQdtlptg/hSSrwFEhd8UtJEZym6njSypCybTF8M+0OEVnq9skAkBvmYgrNe4WLIeAYcGvmUvIBVqNcfLvQG0PputzMzM9XtdlttFNQJbc6SFJdp7DkNoDYqTaOFG3OvOTYlyTz8UZ1857CDI29iCs66d9yMgvNAnj8VnFcZH5nEMYsB2EnxCkEXqjSFdmJWt7JQIpFIJBKJRCKRSCQSiUQikUgkEolEIpHoTlULA7wujUOqXPIbRdFJQ4YOmPrFqtyavMiHRV4QYEJfrS8KDEpS3NYyJ0DhwsSlvrEu84vzFYFQLzMVpgzfTufcFJxlpHTBc//leQ5Gc/4K8j1xdhEMdmiVsntAolNLAWZCTCg3hlaUIyPmGSjyDkdnTIPNWwJy4RkZncQR8Jq7BkMiDjYxOhgWeJ+Kii7QKkYoItcDjAKzb4BWMW/jWmAdZ5K4sD5lO7HsgmJdKN86JMYxCeztwDUYrWp5anwTtGX7Gd+gypXFxcDruVy4Bj8myjmaGFUBGzxOCRsTqABgxGOlGQGKABkuaSIshsxpHNpSdzqpYShc2ARso0ZgkNcBHd0S1bMpObMLftC2SqUUAuUBtHJBcK09DqVjOwfPDIQBUYEniZT5HDXOGiYU0g4Isq4mn3UF5nAgSNgJhxwe3OF52CZZpjhjiRqPEsqr2qBnWeZIKWuLwpa6vOaaa6enplbNznY6LSgNF7knhKAFJTIDDgHRwfSmYpviwR17pAldqpVJj/er6hGOCl0PymBKL8RHZmdnW+32zPT0ho2guYWF+eEw7bbbrVYT++jzy4TKw6xKEhiB0nNZnnJwlzBmRoLZPoTDGJMWBfkmYSocWFA8/0VJe9D4hMoizEEUS1EQp5J6psyNcnUKqN1s5MGXr9J+KlImsCaSP2mr1RoO8/Xr53r9Xp8E+2IuHqiaMvskyoF1vGRzuh9uPQIjw05/sQ17DgYDbBYTdh55InZGpzrh5hVlYQc2z4eDfn9hcb7dQr+TmZnpzlRnpttVqYIjKsZnNO9FZ4FBJ2NxJB1JFq7YcM5M/cxWAJyZRJzRuubWykRVOb34EtXec8edMs8P4XnJljZBEolEIpFIJBKJRCKRSCQSiUQikUgkEolEd4jwG/AUgSWvg1JXqAFuLDGZhBkWeY4OAfhjKIlOSe4mZJ3gcuQYjk6iXwhWy3gHfzG+dMF+6yxTrIu7e8CBZV2o1qEnYbu3+oj8RFQVuk/of/yPeBN6WbmbONMH5hWMHYmE+kZxne4xnRD+DuU9vWFjdiPQHr5CZ9+glYqNKSo3Dl11ItH+yNb7fPjDuVOgHVdRby4NV2KrIzhcI3AnvlYXUVcRHhFKVsequjnWZeeXMcqyuEa4XTxhEhpT521UzWqF30udfYG2ccuVUuPmKwyLjPqy2NpGP45q4ulze5i4QeFchI1uwD06FI1s/YlS4+iHHiFOQFloZ2TlkrK7h3JjZkNGKkVXCztwjKJAy2rpDtf65lL/IDpgrM+VAm1Y7PXyPO/1ep1udwrdLjoNBreQJMOhd4TRJo4VDhb7lqy0CyuQ1R6VgManKeIdjayTNdJGM2s2GxvnNg77/YWFheFw2Om0W61WEo0h0yc8rhqvKAeaTCB4+ETAm6UpyAAqy7KyNI0Gcicsyoyj2YCDh7WgBGNsoNIkyxNnwFSDjcLygTAO0yiJ4140OYXgytVsQX8ajWZzOIST0l9cWOxhwp18ODQpGksV7HfC2XnY2CkcIsFFEBvQHnT6sNugj54mlHzHwU6Wzr0xYRdMwGQ0VJwXw95ib+PGDes3ILkzPdXpTnXb+LTVaHCPcIVViTsHmOAG50bqBy7xw1e/DvE0JLoi0IwOyXR8MdwloTxjJPfrKOBWbAVkedfKEIXOKRmtiEQikUgkEolEIpFIJBKJRCKRSCQSiUSiO1VZSQFYMgzB3BruS/8Y6C8wTQNmoxjkBJ0UJQEnlrxLnH+J8ZwJBBIhXGh8QFsxcWLcC2sD9ODcRDCYGKKfqk4VaBUMHqz/fn4UhadgruVENxoisPAfhF4pXp9oR2xETIuloKVV4xlCYtBhuXj6aEIW77mySTAgNtEYe6eqHx8Sz/mEyKrjHpI6CWIr8IUD/fhuoHrshGQlo84CXIYD8bE5SvxY674P2at69Hyp7sfnND5u7RA6jAsyNTMdtXY27TR0lqoMz+fkitXtLGoYIUuY5SYtbQJzfn6xvO6m3rp1fbWZYuik5lRCwxAIrMoMw58GCOSXHFDnxCY1K57o5I0PfZjJoS/xIzNGCV5Fhg+kXcYazBgzLPJBkS9gYpZed6o7PdVttZqEGvDcMi6hUoXh2NAErZeY4LetsP0l+b9oTLqiTFk6R5ap6alWu9XptDZu3LAwP9/r94b5cHZmptNuh6s6zD/CvGDJ4AxGpnLdcCfJYV828X4dmFGsZHQuTU2alimzbQmdI7RgokUHTxy2EI1FyhJncJowmeG9l/w54MHSHr4iys6ff0uJu7CPrXaz2Wp2u92Zmam5ufmF+YVBf0DGJdgAODXMJ9E1DEdJuQOGlgHY3ukSizNsFnk+GAz6wwGZUpVlUSrKNBTPH2Tx4MgWl+OyULDM9xYWNqzX7U5nqoskEvyP9Emn1VTotxJ8ovgqNcQJWm2q3xvK+gGnHtka6oW7G0rkZD2i4k+O1hXtxes+Vkm/krStXfzOWCtCw0QikUgkEolEIpFIJBLd9bX8HViRSCQSiUQikUj016umSkrKX4HRwUyVGDrFOGteFAMI3xbDHGOVNrcFJWtwuW2UNyXhR/p2OgRhDRVwwXTjuBQVey7wN/wtO3jYJPytYeOoOaWf8MFHoznMGbwpKNEGBDMh5Arh3SyjADAn19EBj7Ds5DGRi4gD90sZbCwlHZEk429VZTieGhoQcyURjFGzBXCQjI3j+36vmFxQbIvAkXjn/eBORUTtqMrvxAXTw1HHPEuWgk5iJEXVh2hkuPhYE/9qjCL+7nV4CpH5bbdItppJ05UmybC3K3pCZ63EjkH0nVrebrRmt5q621bTMPuvvG7hT1fOlVVyqE20JPMZXEKOFVUROT5lSOLsYmqDHrwolIvI6xjgCRPXDUZt1P3zyMiFwv6ONMAUWoSIhXNKCXTwRVGaucXFxX5vYX6hO9WemZ7pdNvNRiMjukLZqJHOJMfNZl05UNwSWRvhNVUvRweXc01p8oohwMGQrwezHY1Vq1Y1m41uu7Ww0Jubm984txEWrW63o0bnH60dhLCxpYmt2R+5Qwc7DeSt6EJG6q4sveEH0h6NRkrpyNB2BeevPwItkmVSuLnKOXHInkT7lEnehUhF9FbVQsuWJ5SHR7U77UazMT3dXZhHJKi32MPEZsOBRguWJhSjyhUb5PBo8BmBvVJMu2M6RReWcdglz4vBAJb0AhtIQCB3mVGVeNidk1U53+/1N2ycbzazRqOxavWaqamp7lS32WxSh3gF1gTvsJBJZKYwSQJVpgkY0RVtY+htcr2idGd+iQkTNpwKJHBoemCNvP679RGbbpTcpRKJRKK/MR1wwAHw6+SMM86A3zsjbx1zzDG//OUvjz322J122ilsPPTQQ6H8KaecMrG2iy+++L73va/alP74xz9+8IMf3H333V/2spfByy9+8Ys//elP3/Oe97RaLSUSiUQikUj016ZnPOMZ8PHmAx/4wOMf/3h1u+nf//3fv/zlLx955JHPec5zNmvH6667bu+9937JS15y1FFHwT2FP//5zy960Yt22GGHz3zmM+ouoOOOO+76668/+uij2+22unWCerbeemt1SwWffs855xwY5z322CPe/pvf/Gb9+vWPeMQjVlLJgx70oEsvvfT3v//9WWed9dGPfvT0009fu3atEolEIpFIJBKJbjc1FJIaJWMi1hTImgxLTC5R9AZDNDvBILgqFcUqLUEnJHhWUoASDU4oBm4ohY2jIIJFQ4iKe0uEEDQPnAJ/R97RET7yy2YmYSflqsJUOqlGBwGIhpPrQJpw/JOzWnjRV+FDXNcFxzmg7wuM4iZ0UKPqX6ofC6mPEhtjhV2hyBJFxYYK9Z0iLsa30LVZ2+h4Niru0JLQQbIXKJ1rRrxPZSjCviY83lUKnpH2LxXDNWVpR1PehAPpSV2pIBU+XMwVuKMrvdVatf0WELrHksO8HOZmkJfeGWd53aax5qUrw3QlSb/RWJjGtDNTO99tdvutpy6/auNVV89ZazcZ8Q7pdRzGQFOQT0GimKVCYMIxSkEjENZYPJ7qVFU+qIpOUSN2QN5Kw81hOD8llU6UyzUVChMjQNc5AgdmsT8c9Pr9qamp6enpTqvVwGst4oIsoTI6Pk8xNWQ3l0GxY19zGZ8E7jo03CGe0EZbx1MlWZLBWeq0V80ON0xtgLsYC4sL7BkDZzEkiEHHJD8yVAdMtyRcUJMbpxFN0cqhFYqwEtizLMlbKUuTAjPdJAyWJMjEwOiWOEZEVRToH8J5ebIsq9FFMSamYg4O2SBaHnFYKLNP0sga3W67P9VdXFzEbD6FGQ4G0B94mmUFcy28Hmo3ESw9h4OmzWZWtJu4sg+asLgP8wIfkD4pRxbBeAFCcxT8dVAOBljn3NxCl6iTznR3dnYWroiMCBw6iqWkQymm/3GcoKtSjyJRJibeYCm3vHKl6LOiwkDw6U6cE5JNwhRwfSPiDk/gChYLkUgkEv3V6KabboqI9ZquuuqqP/zhD4PBIN54+eWXw++yiVW9//3vP/XUU1/wghccccQRtc8wY9q4ceOPfvSjPM/55fz8/Nlnnw1hj3/+539WIpFIJBKJRH9Vuuyyy04//XT42/2hD32ouj31pz/96ac//Snce1GbqeOPP/6KK6743//933/7t39T9NHru9/97j3vec/NquTxj3/8unXr1C3SmjVrvve97y317ic+8Ynf/e53b3rTmxg6gY+aBxxwgFqZPv7xj++88878/Ctf+crBBx/80Y9+9IUvfCFvueCCC/77v/974o5wS+ctb3nLyMaf/exn37jYYKQAABAASURBVPjGN3iUgv785z/vs88+8PH1c5/73LOe9Sy1KcHNH76JBB+z4RPvP/7jP37nO98Zx7tFIpFIJBKJRKLbSgl+iRztSeAmbz4Y9pA5IejEmMFwQAFdzsOirPeZoOAr5dYx2mjlWRNt3J1iZ7bhnRh8ShoVnjvZkSfa+zvoKsJOYUaOu2MpCFNmKQR6k2aWJRj0TUJqhjG7BBfMVy6mr3wiCzsOW9goEccYhVAvz6HUJRTXU7EqenlMwmVciewr2BfFN95zPu4l9YPwhbhVZnJrVJUWR3uFXk+wk/BB8JgR8WfVht1UsEXhvVT8j+dsIqkotG0xUYnafaf2qinkTRb7xfxivpmUQuQec+tll6yJ0kOVEJxf7A0azcW1a1Z1Ws3dd1qzZqb5m0tvMpuKd2emtDw/OYVOPGLEnVjnesK9GXOYGXk+AqOM9YInThJxRzqgIXRKDb3r5hezF4SgkPeJ9ugXZsRSnE+r34e/Tnsz09PdTrfdajYbjTQhYiahnEiVkQsfT+sJyX0mh4JC1+yKXVUrOEM7QobmaAU1MH7WzBqdTmfV7Kr1G+i/9fOYp6bThdbrJIE1I9Ep9lYnBLBQXTgyfCY890MUTnRyag2G64HyH2kMdJWZQyFgYcrSRpbBIGXoAuKxM2MxpU0J+5S2LDWl24GFixAg4xymotVOecDFVsQcjnmjgWBJq9XqdjtwvwAqvO66GyD2psvC2kZpyowXxEDhudaiaUqKuceQXYH/22W7yIs+Jt2B/9D+pESwBM2uYHelOL1UYvwSwIQHVNzvD3qDwca5ufaG9o033gSH23rLLWdXrWo2mpRECK1WsqwJKzQ1nnEWE9YgNpaBmi1cFZF5Elnv4JVGGZ/ol0f1O0S59hDSZKuVGTkgcksphTkRiUQi0UTtueeecK//s5/97OWXX/6e97yn2+2ucMcXvOAFEA/4zGc+85SnPGWHHXZQIpFIJBKJRHeqNm7cCH/Bw9/ga9as2WThk08+Gf6ihs8zs7OzajO1/fbbBwx3XOeee+5uu+2mbp1uvvnmj370o/BknLHYLP3617++4YYb1C3SVltttfLCcH/jO9/5zgoLz83Nhed8S+fQQw+FjUcccYQi6OToo4+euCPc6uEBOe200+B0v/jFL17qEDvuuONhhx12zDHHHHjggR/84Adf+cpXqmWV0n0euHkFJX/84x9/8YtfPOqoo44//nglEolEIpFIJBLdPiILDF0UajDM5wYLw7LARBKUJwdj7vhlfYyVogeCskVJfhnakiUFRAZhO0b+0GnDhDQiVK9VVZCdLUYITLGYGcd/4ZC+sM7IC0ZtE1eYnlBNlF0Boo6UOCdBj5OELAP4a/0Yp3QRXw7rq+CTUcW/+S0MkltbkRBKTcgysyKxGUr0ckQjQISNg6W8JYqz11xM/LsOaymd+wI23gQLBDeYAVRhG5cJ3+D0o1/3x9C1vkf5UtjHwY4ZbeBzY1TlUKJshOlYn6QkICmhwrhHcYWtpt5j53anleSF2TA/DMYzm68RwOhWaAUQSz4cXH/DTZ3u9NrZ7tZru90HZL/67Y2DQbHMLhnNSHdyEu3ZK8aR4gFyJ7HKweNeMgWC+W8CH1SzyqnN4Mp4RPtCnjtx/XPWG0oFUyF/fMpiwgf1vBQef4B2GPmgP+i2F9ud9nQHQjbtZrNFawZNJjoA+wuhZ4iOGuBq3rRG5sdEVYRUoDlUPFqa0R42dYHFYWpqSvFKkmTD4bDf78MjJolpNJpZI1GY60YzdZMk7KgEKmnF83VXU5oT4wQIQ7kLAFZJeCzCWYCbM0UjK4qsQfQJ5v1yOY2oNmOK3MJCahBYMUSNIeqnE1310g9ZjdXCVZDzaSmyS0l5IYOu9Xq9wQA6NyiQESrwPTyuSWzCOcd0ZKSEpikZtK1hW7rVaucdHBYamOFgCDUUji+j9FK46FJeKNzTIJcC9Sq6VTG/sJD0FqE2OHLnxps6nc7q1aunZ6ahZrcs4+AkBNpoldrE8LLMvzBKxwl5Ms3xKJrzqWHHkiSs0dpfLNR+Sh6kMK0SnznKsmSEOhGJRKK/Wf30pz8988wz+fkf/vAHeIQoxapVq0IBCMDAb663v/3t/PJ+97tf+Mbn4x73uE9+8pOvfvWrzznnHLjRf8IJJ0xPT6/koM1m8zWvec2RRx557LHHnnjiiUokEolEIpHoTtXzn//8008//cEPfvCFF1448tbRRx8dgw4gTlJz/fXXv+51r1uqwpmZmbe+9a3j22+44YZloJOl7OU2S+985zvn5+cf/ehH/93f/d1Kyl900UX3v//9l3r3N7/5TZx4cZP605/+dJ/73EdtvuAoy6MnT3/606Ex8ZZnPvOZsNfTnva0V7ziFRs2bHjTm97E29/4xjc+5SlPiUu+8IUvvPLKK/n5e97znssvv3wZ6ATuhECZe9zjHi996Utf9apXtdvtww8/XC2tAJ0oMnGB8TzppJPgs+7d7nY3det0xRVXfPe7373ssst22GGHxzzmMfA5fJkb6/CJ/Vvf+tbFF18MQ7H33nvDBID7SCs5CnyGX7du3ctf/vItt9xyqTLwFwGcnd/+9rfQmK222upe97oXzK7tt99+qfJwyZxxxhmXXnop3CGElj/sYQ9bJqsmFL7gggt+9atfwXnZdtttH/CABxxwwAHL2yiKRCKRSCQS/R9XYcrcmH4+WOgPexB+RIsTw2lOSuJBSgpBQ3y1pDhzSbl0XKYJrUomSTg+7tw6dPC60CEAXscdOGJYwSfaJdZxweVgXoC4SQqvMZyKz+hL/JgkQ7PHSYhess1CZVWQVLk/gmVACBmPaKkPxuNUSm13W/mIhDKj3i20eclqrbePifYKfIzWyj/zCX9C2D31BAJFtVU9448b4STyI6HRpveSOMSvKxsYZ2dSDdHE9CbBn8COOkD43lSOJhUmoJ3NB2bRSO19dup0Wro/LDfOD9RtptsCQBmx6Rh/35S9xfkbrVo9257uNB947y0u/PUNRWnGGSZWZj31gefSJ0/SCHKpCDsaPay32GDWyLL1hXaeEZYwiSTQP9GBaQ89TnpwI8xYtzzw5FEY5ZLOECmDoANuL0vTt5iIZbHf7/f608OpVTOz7U6HnC3YcoevNmyM8dhMBZ3YW346lhE33fd1wgFgTKamptrtzprVazds3LBx40ZMKoP5ZEyR5ujZgoYkGV2xltk1ukqcrZOqJ3nCmcwLT0UHYTaZGHvhCweOUmKOmaSgpDa0ZCX8Rz4ayCB0YaAiKMPWIMTKRKiOJ+aUseEVWR3BCcnC0dhYZXqm2+m24LQszvd6/X6eDwtYyfFckeMJ/p8ReJJoT2nQQRM4Z/CkiaMAD7AjjExngIRRPsT/8BeANq49xvcPRg8nHuZUg+c2y7KNG+bmNs7DSM7Nzc/OzsJ9q+mZKZfnJ9FZ1mBDLIueMjTpcZnRWIFW3j5K0+xWZC1Dcwjxp0JzGrEy9rbRaFFjSoffpAiopDbFhopEIpHob1RwLxvuCMdbfvjDH44XC2WGw2FsM7777rtD3AVuxMNt4iOOOOLDH/4wM6mb1GMf+1i417/nnnsqkUgkEolEoruwPvKRj0xMcPOf//mfy+y1zTbbTIROFhcXl9mLv4hya3T++eefcMIJ8Nf9scceu5Lyp5xyyote9KKPfexjL3nJSyYWaMNNn07nL3/5y/XXX798VVtttdXd7353zpizQsE9CRglZnfgvkecAOgLX/gCHPFVr3pV2DKRWnjoQx969tlnwwfLN7/5zfvttx9v3G233R71qEfFxVb4ATUWfFKdnp5+3vOe99KXvnSXXXZ5whOesFTJGDqBA331q1+Fft1K4qQoiiOPPBLOS4worVmz5vjjjz/00EPHy//oRz+CMxhDOXDP6DGPeczXvva15dGTyy+/nAf5wAMPXAo6+e53v/uyl73s97//fbyx2+0eRRpPJPSJT3wCtt90001hC5y7ww477EMf+tD4Xd2zzjrroIMOuvbaa+ONMOCf+tSn9tlnHyUSiUQikUgkmqSFQb8/HCzCY5EPirz0SS9KDLJjagiLkUZMSUHpEsgQQ/nvmFPIHCOKEaTAIfNxeW7D+0roKvAevu3PmXzoHQyWYuiUftA2IEHQBGQpIKu9YQQBDQkbPVTYhAmxXHYJ0XYJJwU9lmpn5KWNM+/Ehh9JzUVgQqdpY6JdQpOJyAtWXt8WkrYEgwqtayly3BOO7VeWAYZGL/GRZW11POaWAQFbBc1R8HdHaFVARmpUio6phjqJMprMiEPlsX+HCWPoYuXW7rFzp9vW/YHZMN8fG6q4plujTcEjK69AjdYEl8Sgv7BO6TWzaqrTut+9t/zlxTdaZ7oxulsWEyXKwwqKrX4S46Pu/hDVKDO1of1OzlMEUQAql/hUSTYCnSrzIO0rqSmJ/Vy8Cw5fGOUI74IJdNiGwxqmUIrCluWwyIvBYNjvD2aRO2k3m2jnAfONTSziw5vwXGu1Mr+TTYngDD2pqrFtfJ2kmFGmAX89NprNTmdqcXFhfn6h1+v1B31kT4xtGMOXCqWVYeaGTVtskuoR5x8eHW6Cu6JH5mxSrTelLWCimLJIsjTNms2Mrkx/rsg9itLZkB2Jto61QywscT3SsUWJ66Lx+Zl02AbjDzdNkiRtd1o98i0xpmAh2KKLBC1XkD7h8pTFhg6Li2oCgwMjgIwhgjL5EF1TBlDPMB+agn2uHBWHQJPxwBMdv1AFP4NjwY2G+fl5uOXR6bRbLRjtdqfbhUeaHpp6ycNpuB88bWkAE55+OKm18StKNeDM3IWRRegFx6hK/aX17cA0iUQikegO1H/913+F9Pb8mwLuSsPyfp/73AfCDPe4xz34rf/3//7fJZdc8pa3vCVOeQO3oeFXGNwj5pdr164dqXzrrbeGG+KHH374dtttB78xTz311JG7xoq+1AuPf/7zn9///vfH239IetazngUhCiUSiUQikUh0J+mhD30ofODZddddlypwzDHHrDBlDHzseeMb37jUu5vESuAP/4B3bNiwAR5vvPHGyy+/PC6zevXq8Y9kCq1hcwjtw4e9I4444pGPfKTalCCuD58JofzPfvazpaAT1vve977waXApQQ0f//jHl3oXhvfss8/eeeedwydP0L//+7+/613vmsipnHjiib/85S9j6GQp3fOe9/yf//mfH/3oR3vttdfPf/7zsP24446DDn7729/ecccd1S3Sc57zHDgFX/7ylx/96EfDJ2T4RD2x2B//+Ed4fOpTn9psNsPGRzziEZ/85CfVLRLchzn00EP/4z/+Q9GEgX7B6P30pz9dt24dDPLU1NSBBx4Yl7/wwguf/OQnb9y4EZ7DB/KHPOQhUBhmEQz4AQcc8J3vfGcZM0I4s8s35txzz33Sk54EDYCWwGUCH9qvvvrqCy64YHFx8a1vfSvM9hNOOCEuf/LJJwdjmD322AP+rDjnnHOg8Efv1JRuAAAQAElEQVQ+8hG4OTZS+HOf+xz0lL8zdt/73hcuQJjqF110EQwptPyMM87Yd999lUgkEolEIpFoTHPzGxcGg0GJ6RVKl72CY9wYIDf0BAKClswWIFpLhgolkxycPCZkkAhyGziCSB4kLsJdJf2gt1xxDHIrlzSBo7kYqUzp+/oQ5YT/s5QNThLnDMCWIAxMkI2DJkOI4NQRHEQqAEGPm3cotsTTSxl4KKXGwAvmYaxVaoxQGYMcLJMI1nmwGBOgD7+7cxLQfm+Hx9ioQu1rituQcKB25NCJl06SeDtC7Y4p0TU7E0r6MRLAnUjGTOjsSD4df7SKbKgLdt92y2ymmxSFhQk3dojaq6WsZ9Tm6VbTJ5NqsmVR5oP1c2rLVcmamfYOd5v6y9ULY+VQWXRgNzLOwcaSQUOdE6nmhHLYgSZSxPuekE8E+/XoSswZKeI80igFj5rQaV1/tPx8gi2ky8pCbBPmQ+E2JEVZFgvIbczPL3Q67emZ6ZmZGYIeXBU8wQIkYCmjD5tWqFsnl5lI1dxH1HgffRIcY4JfkG630NQD/vTtdOZRcxuLoqDENAn8XdpoZPB24tLR8HKQEOBBoIgyI/OeB0XxzLfaA0dVN3l5wzZgjjKb56WhtD6EziUjVREGgkci4qS+rDgSpWLQ/PSpj4DWrVYTfpqtZrfbhvs48AfzcDgsYJYWucZzlqVZyfMEFlJN9Eiq6LA6bbVa1lsd5a12p5tPDUj9fJDn8A+MZIHGV5gph7ICwTRLiUExvg0I6MBB+/0+LtZZhnNjCubGVHeqMwVtancwpw/lV4OVCFrl6Kvo94Gt0k9ZVTNuck+SYGildR2LUyKRSCT6q9Z1113361//Ot5y8cUXK/rq6lYk3jg7OwuP97nPfe51r3uFkvzdzeUtSbbddlu4p79mzRooDHf2ufJxXXvttaeeeur4driPL9CJSCQSiUSiO1Fvectbli8AYf6YllhGEDVfBjrZpL72ta89//nPj7e8ixRvef3rXz/RyOQNb3gDfOTbaaedjjnmGLUpnXzyyf/8z/8Mf/W/5jWvOe6445Yv/OxnP3v33Xdfvsx973vfZd6Fj6P77rvvc5/73M9//vO85fvf//6//du/7bXXXkccccSb3/xmdSt0f9L4EX/zm98sk8xoJYIhevGLXwwfca+++uqR5D4juuyyy+KXt8bp5Ctf+QoTJ4961KPOPPNMTny5fv36/fff/yc/+cnBBx+8/fbbBysXOIOHHHLIxo0b4WbRF7/4RThTvPFLX/rSQQcddN555/3TP/1TSKYZBDeOLrzwwpNOOml5Mgbu7L3whS+EwvBnwve+973wFwF09h/+4R8uuuiiE088EY74mMc8hrdfddVVr3jFKxTZ3px99tmcaAnunr32ta89kbTjjjuGpFQbNmw48sgjoXL4QwBau/fee/P2H//4x9DyP/3pT4cffvgll1yyTF4ekUgkEolEov+zmlucHxSmgFAeJrNJ6Mv9CJpg6hxiIgg3wUglJRKhjAkumYTl7+cvpRjUgGL4pX6rwy7aGYFQqgjtv0RPZElK4ESWIHNCW3xsnRKT2CgpjKNObKltYlS1wXkD8NGTyiBA65pDQQi4B97C2AntH++Y8pHluFycKScGcfi5CZ4ixnoTCxMl1HCbuDaOXse8S63l7rBJBaswqhPTM1SxcbQLRntpp8QG5iX2OAl7TejrkiYxoxHfqInETpj4fTiT22+BYP26ucEmIYS6o0q1eYnimww8280sv4maimE/TZvrNg62WtPZ+W6rrruhX5Qcha/hMhlfJArZC3LwofPtMSyyfIhK66Utd/g0VXPUOA8Znr6eJ9A0sWyAPZxByngHRo+TKOfewafNJWKyyBnAm5nW7IdjsGSalMYs9Bb7w0GvP1hYWOxOdTttFFpq0BVu3byk1DvLD/ZShNJ4QeRteLY79KRiZeq8Ekx1HhC3QnmiC/4UzJCH6ExPd+cX5kD5sBxQ0h34H9qOXAiJzTy0A7fclOY+YZWYuItOoKmud3eetXuuqbj1Cwrm3ClKgk64fkXeKtYdwLMk2vcFWk/mUXW5VQG2J9WoeAAJXlC6nKwsc+jHYDDEdDlFWeQwMW2RFzRi0ATL7ioIkdCqmiaNlLA+naKdVEd1zJSBGx/9/rDf6y0sLPSh9Tll3ikLOLaBXxWqcISaIwIpRY5DqSzRKsP5xYUb12WtZnP17KrVq2dnZmebDeR7KNeQLcvC8zm8vvDAJYozSXFX4ZcOufPwuyUNPEJA+CvJL4uTQEKRSCQS/XUJ7jUHS3C41w+/Yj73uc/xr2x1GynYccONZvgAEL/1hS98AW5qK7I6hxv34/vGVuoikUgkEolE/5e1evXqwE9ACP/mm2/ebrvtwgetm2666eqrr554I/VTn/rUBz7wAXjy5je/eRlnC0XAwdvf/vZ3v/vd8Jnwne9850qAj8eS1K0Q+95tvfXWYcuhhx666667nnHGGd1ud7w83CEZz9syoo0bN87Pz9/KRDabFBPY73vf+ybmSwK94AUv+MEPfvD1r3/9gQ98YNi4WWmGRnT00Ucrwla+9rWvMXGiaGJ86UtfesADHgC9/shHPhKgk69+9asXXXSRIjiJiRNFN3Oe85zn/PjHPz7hhBO+8Y1vXHrppeHzNnxQ32uvvS677LLhcLjJllxyySV/+MMfFEFXMYMOJw7m28Me9jB4/p3vfCdAJ8cee+xgMICjQ6uYOFF0J+3444+HxlxwwQXQnte+9rU8gd///vffeOON8OSzn/1sIE6UN4nZb7/9Lr/8cvib5cUvfrESiUQikUgkEtUFUUVMW6CTYK9B5heYWYOTcnijDstWC9abZqjwtXTvxRCbLFSmHFrb8JX22juUXiFJmCuA4GUjSzktBuySckIKtw/Fwgl3sZVxQmTZUbfGsI63cEfxMV2dLGWgoWtNGnlr1AikojVUoDZqfIlPbaJDoFhPAjucU0wVcp/g4sAJSpgnCfl0FB8hiU0rdOQoEZLmhJYzD0GJKmqUiRobNFvPJRQ3J7xQSyi4b/jXtZp33BpC7mqxXwRkYoWqpzCaXGSkIWpTVW5O4YkV2DzvKd1Z7OfddmOnHWYu+9NGns7xXMyss65BpyA+lvcP8eeSk4c4WMG3yIXTHXXkzVGs2125ecM+GYnzBsJ/MPOIdWeYJ2dCZjh1yCQZcYDxDbCEQ41MwoTQocQRJzyFKMdJUZr5hflevze/sDDV6c7OznQ6bcq403BV6BSpNayfk/XY6pBLnIpJA8370EDqkEslwqDs6OVDPEhwHyFLDRrARNskS9ppq9nCnDutZhv+/u/1+jmJMtKUzWbWgB6gRY1HeTihl8cilPeh4ZXBpGR14kE3v0AkMO4mUXTOiadTGi5JU8LUt0laQIUZWo+k3l0FSuOZspRxCWTo7GntIAs3akYrn6/I99a6/FrWOU4hA6KbWZJB74pOiemQhjm6lgyGZV6gXQkROQifIPsCB7LYTKQ9kDxhtA/TEmUNqKHb6XSnpgbDAeYk6vfJ+AQNVArsCBq0wCOMDUI0xqUKorUGPVOG9H0deGthcXHj3MbVq1Z3um34abe7lNEIjtLEnqKHikNLFFGPPMq8qBlCfLibtkQrmDCJtE+mpvXmrSYikUgkuqtpCxI/54/dcKc4NgBnHXLIIU95ylMgsBFvfMMb3rBZHysf+tCHxi8hwBBMVtauXft3f/d3SiQSiUQikeh21ldIiuLZI9azV1555VFHHaXILwRC+Lzx4x//OETud9xxR9io7lQ9lcTPDz/88JNPPvmtb33rv/zLv/CWE0888ZWvfOU4dPLDH/7wpS99KT+fmZlZpv7rrrvuoIMO+v73vw+VQG1HHHGEWoGOPfbYL37xi8uX+cd//MdlDGMYOolTFMHNi29961tbbrllbEby7//+7wsLaHT85z//GW4hvf3tb4fnjUbjTW9600iF69at22+//aDw2Wefvc0226jbQtdcc81Pf/rTeAt8ZmYHl/jj9IgYCVq1atVOO+2kbrUuueSSX/3qV4qS+wTYiAX177///qeddtrpp58ON5EYH+fzkmVZmCRBsIXT2UCZcGpgVJe3bInFOIsihH3krT333BP+mhgOh3Hupy996Uvw+OAHPzgwMSw4gy960YsuuOACuPrOOecchlTgCdfzuMc9bqTyfffdd5dddvnjH/945plnCnQiEolEIpFINC7L9iL4VXUXzbUUaaYMCJReByOftjSIoXBM2wXWOQLrwrGJC4dGsXO2THD5Qcj2gKPl7GYCEUmLUUsKV2IUMqNwqOaUOrrCVwzHdf1NZWYpbHUoMjQIzEsVxTbK0RrcQYxGGz1qIWHd9+V1iCongSmJatMu7u9GTFVPKvMRDkdbDt77Tie+qf6r/dYGqINi2JVVgWuNr5kir4TeGAfnwCAxG0Dh3TDy4djWW9B4meBJo6okLb7nYRDqdhuKAAMdnDVcW3QAYepD4AfHPUZgTwVfWAhMq61WZXDMhcVbbh45jsosgaFsFoMyTj2sCEMxxVA123MLg04r226r7p+uWhgOC+XCJe7KcNAJA0JLHQ0uqsSO00428oxxbTI0PdhSw+NGyA1oSp5kGO9Q9br06KlS9bOoq0ZpzlLljFII23JeROTJEZsAwfxLVWIp6wr8MVkQ2dButWamp6Y63WarBX+zoQFGdXzNMIiytiK8Ah2jlqGJrEc8/IZoUHyza9J+VbK+Bs/wuEsGVhdKtdOZmZndsHHD4sLC4mIP7iNQ7hhEJsqsbKQZrWkJDydefOz9pBxcAlWWaM3BVB5SXTGVRmSP5rVSVxcfrSAGLYBsAWNbKrqs2foEM99kGcNDzLuwiCbhJzoYK3nmpjrV/A+cEG5tEwm+hm2prkHbkl5v0Ov3yLJkiCl/yFPE0DIM67rrE667qdb8qNn3pdVqldbAH+r9wQDBk/6g1+sPBwP4Py8KzpeDJkolUizKGVJVkB0cCXaB427cMN9sZu1Oe2pqenZ2emZ2uoM5d/CQpS6JkmNuxkFDtWXcGmSntGX/HmVT3uznw1hyKJFIJBL9Denaa6/9+c9/Hl7y/d8gZtW/+c1vKkoS/6AHPYi3Ly4uXn/99XHJ6enpkTvjir50C7/j9tlnn7POOgtefot03HHHwW9kJRKJRCKRSHT7CILlnMbllFNOGXlr/fr1/NbBBx8coBOIbUMgH4LlS0En8JFm/HPORLF5w7jgE9GXv/xltSk96UlPCge6+eabFWG74V1M7K1GTXx/8pOfPP3pT4f64XbB8qzw2WeffdBBB11zzTVbbLEF9OhpT3uauqM0Dp187Wtf22WXXUaKwafE+BPmO97xDniE+0vj0Mns7Oz97ne/z372s094whPgc2Y8SrdYP/7xj5/5zGfGW1796le///3vX34v9pWBz8bqthCcI37y93//9+Pvwofq0047bX5+Hrp8wAEHwJYf/OAHbHZ89wAAEABJREFUihLxrFmzZqTwfe5zn2222ea6664744wzAnSyatWqOBPQSSed9L73vW+JtqjYYmfkrSuuuIK9UnbeeWfe8pvf/IbP3VIt5yfQGIZOLrnkEm6kmqTddtvtj3/843e/+136LpbclRKJRCKRSCSqidJIYKQQg3mWssBwhBQpFEPECf2oKj7MUXTLEV63hcPKgYXQKo58U9RXV14YCX+nXqfafe9eJ2wKyN+0D19kV95ZhA/kt3h0onJPcJHdkJzGBuMN5xeBAVbjcIqaKsBk/B/flzhuH8Le1qUh8bBHZBainCWFJWhHOduKUIF2IAzhCWRFwa1CsMWwXwBZNBApY1P2mNDWAQPWmxwEJxMKl3vspOZuEo1VFJ6ObVcYflFRap4k8SUjz5KRjUTvVKrFvgPC4I8BW2Y6iDUt9EszyWTlFmuJLDyjpca23BYYClwRZaHSRn+Yd1rN2enmjTcX3KTAnWQV4sPTgKdj7VxQRXxW6RQmKmH2yJoI5rHkJOHgBr9R8+DakpIn0XRJlUciCORyrirsleIbF/Uqvm48XBR4Df62sZ8YCdFYZdgXoYWUUqpYk0MLFheJSRgsdBanp6bgz9pWq51lsHfGM5Sr8KgJu/NYbTcF+OiKNBsd/5CgRbnW1s+OG99EV1evjspBPGlqClPq5LOrNmy4eZHMPKDOgj1P0oypi4QGgf+GxHWLHznpl9umie4yJH/Vcdu0jiGbeBrBZsqfY4nZwCbCsfBZ4pQRghfay1YqzpGmVicrpFuKzi4tyGmKGX2gL+12e4DgSA+tSuB/ckPixddTbynn3DFJxjeDONNQonSz0YDtrWYr7+T9zmCh12v2epi/B3GREukTv9xA1e7YxNPYFBqA+ZhKMyxMAX/zz22cW7++NTU91e122+3O7OzMVLcDjYTFWZvw60H7+Qx/vWu6bYWcXWITW6Fs1D1xORGJRKK/dcEN32W+lhpr//33D9DJhRde+K//+q/xu8961rP4e8NB11577Ve/+lW4W33ggQcydAKP55xzzsknnxy+jCsSiUQikUh019e73/1udes0Pz9/8MEHb7LYj3/84xHoJDbY4NsC8f2Ks88+G2L8c3Nzz3ve8+Dx9NNPX6rmP//5z/vuuy/cCthvv/1OOeWUTWal+cIXvgB3GNhE5A0ktQJB+W984xvjjnq//e1vVQQoqCVog5NOOqlPOvTQQ/fYYw/+jDoRVobbKZ/5zGdmZ2c/9KEPPelJT/rud78Lz9Wt00477XTIIYfw89/97ndwLlayF0MnbNBy6xUO+ohHPGL83ZDj5i9/+Qs8Xn755ddddx08eeQjHzmxtoc85CHf/OY3uTALbvzc4x73CC+Xsm9h7bXXXlDgpptuetvb3rbPPvsERxm49/XKV76Sa4PP+SMtn9gYON1wk2pxcTE0Bs4yPLZarYmHZqIFpvT69etvE6JIJBKJRCKR6G9JqU4orGcpIgxxZQwtFxZ+TEnRTs59wM4l3m+hkq5i1JqRBvfNfJ8aJsWvqWu2CuEkDGTcAfHxJE3pq/6U2cGbkTjnjwBPuHQ+9DCGLHAGDeuC8D5G77ckVXSfnqQUQo3j10TYaGe3QFU4kiSEeuMgL+Mk7NjgAX3jQQ/XRh8gDnFvTpDixClTKBjO4dMQEnch/oSwAcxqQolMFCX3UOwwYz3PYkYcTYwZD837J0mVvCV0IoJjFNcfowgQ7g61+eC5VrGrguYGRofTY9l5VOzBYlZNNSjCXqjbTSvIwlOVHduyuRgKCuLtSZrluem07OpVjRvXaVdYM+6DWVpigw7rJ7fjtbxhT2XuQPlCjPO1QLm/2MMkClPTd7XGQ5XEAhG2Av8Y5/Ljk7AoFQCk0c47XCzwWvEb1chagi5UuLrQXQVztCA2Y+jqXOz1cnLFgCfTMzNTnU6jgUmzFGFTPkeNdYuNCQCXWmLQba2n1o6XrvCO2p4OCKu/ZZmn8XQY7phB4xpp1txqqt9fXFjo9fvDfFDmiGUwddHIGpgTJ3FJv1TiRoAvCQZE+KTRIdA9pCyr+yw6Wh2Vv6LC0ujsQKA8QmZwd8WQ8UlKzIeFOxdZmvluMhNY6/V4x5WOMTMywkGORGFFWdZqNbvdDhmf9OAEDYc5MUx+TJOCgL8U7ZkM98sob7uSJrgsNLKM+JVWMTMzyIcb5xbgkqbsRPkA/uYeOhcj41g2mzAWQp1lNAqOON/r3bx+Y7vV6JDxyarZ2c5Up9VqsztO6rIakYUPoo+IT1ljHJbn0w3VCSKRSCQS/a0JflV96UtfespTnsIvd91118c+9rH8/Nprr4Xb07vvvnu4ZQxRCriVH+8ON6CDFTbciQ45dGJ94hOfgF/3hx12WLibfNRRR/3sZz/79Kc/DbfRA78iEolEIpFIdBfX0UcfHbt0LKMbbrjhrW996/h2+Dj0kpe8hJ/DZ63//u//vvvd7/6kJz1ppNjWW28dno9DJyNOJ+eff/4BBxwAH+qg5o997GPPfvazx48LNzfYDGMwGDSbzWOOOea1r33tSv7S33fffeHx9NNPt5v5zbanPvWp/JXHWPAJUHlmYn5+XpF/yfi+z3jGM5R373jgAx/4nOc8Z+nj4DiceOKJc3Nzp5xyyuGHH77JBECbFDQPPqby85NOOmkEOjn22GN5/GNBCxk6Wb9+vbotBHNDEcgykcYIk4E9RbiwWpod4e0wJyd9t2rTWr169Sc/+cnnPe95v/vd73bYYYd99tkH5tu6deu+/OUvwxa4l/Xe97432AVtsjFr166NvRLvc5/7wAhfeumlEwv//ve/5yc33nijQCcikUgkEolEI6I4NUaAIVhZ4I8pEDqxpUaywngPD6tCuFZ5BxClYpuT8AxdLYKrCccQKU1M6l8rtjNJMECumTdJOKLtnEo8SxEICVU7dBQZ1yoZ+2hKtWkGOGzkiUCWIWQiYUMsNNFVAUY9olwy9Mjf/695mRj2prBxWhtVdxBRzPDoQHskynk9eKOT4HnhWueaTehJBXm4YXdHs2byyIT4/YitSaWJ0XnfTc/s1MP02jvXxJCKP6g/uiNsdDiMq7dqPm7rtrH7eXFHOBOszP5kdKf6yxXthlAWdIoYg5mpzB/On1EdQSd+oxuOwCJEjbYRtsPElPV/d7kRVw5Wib1K/CmkvUtVM5hRDvTQldejrrUo6q+eDElxuzVngnLHCSSK1qm14epnIM3kRZnPY8IaeGi326tnpqemu61Wk+Empq5CdzYhrcYJmIrjiVrJrZo4xcOxQnHjnUvwsqGyTWhfq9Wdmur1FxE96fWL/jAnmaJsNBpuBBN3XfLJ0iqZAHBR5dWptGqkteQwYhHDQYjFpcuiBFqKjFJKeETXk2EOxy0bJiOrEpXolf4R7laqYKvj5qLCPLVZo9noWDgtrU6njb40Q/QrKeCcGTwxaYqHoDNlCIXh7mRJtYbrJrEwsL1TtjudriGUpDfoLyzAyCG1U5B5C3cZ9ofm47AlSelNn6BFEORbLPN+v79u3frrEYXpTk3PwH/T3W6r2aRdkgxvAyE0A+NkU/ztQfmddMJz3aUtEuhEJBKJ/gb1H//xH6eeeircHN9vv/34F+juu+/+8pe/nN+FqMA3v/nNPfbYI2w566yzRqATuE18/PHH8/Mf/ehHr3rVq0YOceWVV0I0ZbvttoPgAbtnK7pz/aY3vQlCHW95y1u+8IUv8D16kUgkEolEoru4IO4e+0Mso8svv3widDI1NfXxj3+cn3/wgx+Ej0mHHHIIp49ZSuPpdfj7cMH5o9Vq9Xq9ZVLAwFHgQ9cvf/lLRXlVvve97z3kIQ9Rm6NnPvOZRbF5X26DGxdwC2Jk44UXXrjzzjtzX+Aj6MzMzDiYEgSfLeERPo5ef/31MYUzUSeffDJ8mn3b296mbmfBIQaDwcjGPffcEz7fwpN169ap20LjpFGskEOH0Q0uvMnycAahebcM3Xj605/+wx/+8NGPfvTi4uL/ksJbMHtf97rXjbR8+cbAHwgBOoGp+OMf//icc86BvxTg74645GmnnXbNNdfw89uK5hGJRCKRSCT6m5J12AGCJsrmZHZSKBfFtsGEgcKZbheO9XEsO8p3oNgCIUn8dq1dKh0MW0IYUUdbU/waf5XvxkdyvXcI0xXOHSHO2aJHOPY4kU8AUDiVh8tAUnXT+xTYCv6gjA26imjrUROB2E7CWm84QplF1PJD6uty7ikU8k/qw0VFvRsJczGY78L5umAEGu0kNFMmygevDTlLREMQLCQizGKJgGzUWd/NCBEaeXeEDYgSsJp4YNVEhMLXBAUbmSZWx64INqB2qdtCtwhAUUs0cgLIowgVgMdWI/Xj5tkAbesemzjQiTUVOeVGh8vWp7hytJSixDqIOcCUSDz0oPz5CnOCjYAYF7GeM9BklcLOFwF3YsscOvx4DxM8SZTtx+XDcr4S3DRKw6UDH6M92kDJn7BMyTZAVmHCnXwBE+4MB/3uQnd6ugu3MFrtVkpJghzH5Jgmk0w+2dyAKqFPPDUZBFOjJ7i6tAKZxnYdgYnicsaUAROh1YkMl7Jm1kjhtkgX/lKfX0TrjsGAcu3k2ugkrSgxGheT0NhUSWF4LCjzDrfQXQUmgYU0JsXI70OnRqWZdjcyEp5O7myWeKUYW+R5WbDbCty10eSAMnZ91rquHV2U+NXTfc3IpRsjgyloYzttNVuN6emp4TCnnEjDXh+6y5hNzsMCJTDrDe5UMByDX5qh1RznELm/wFhxVqFGo9FqNLudzmJvEapBkgXtTzD5DkwF2Df1jeeZA4coSlvmQ1rjEEbbMLfQugmNWODuTwepmMbs7Cw8geGAZiDlR2QOTT8d/YLQm3VZi0QikeguK/iVASEH/qD5kY98BH4VHHzwwVtuuWX4HuFtKDjKe9/7Xjji4YcfDr/C4rf22Wef/fff/1vf+taxxx77zne+U4lEIpFIJBL9H9M3vvENeHziE5/ILyGc3+l0Rm5EwOeoG264AZ6EbDuK6AEVQScPfOADP/ShDwVKONaPfvSjI4888vzzz1f49ZgG3D/YeuutN5c4YcF9ieOOO24lJd/85jdv2LBhfPv69evn5+cf9ahHwXNoycLCwt3vfvdl6jnnnHN4r9e97nWnnHKKWlbQu02WuU0En5/hpFxwwQUf//jHH/7wh7/4xS+Gjfe9732vuuoqFSEXt1IbN25UEVwyIvgAz084Nw0XXnn5W6Cvf/3rhx56KExRRdzSLrvscs0113BOn7e97W1wjo455hj+tL/CxoSWvPGNb4QTBxPjmc985qmnnvrgBz9Y0f06eP6KV7wi7HXrsyaJRCKRSCQS/e1JUziPvx8PfyGUiS0of4vhAB+V8QFx9ChxcXEdgs5VehrNtiXoYsIvE6ZQUh/c5YhsKMgeHz4gy0iHDcSCctF3HXJlKAdJcLiZA6mJckFlO4JNcEgyztJRwSOuFUkgWkLEX/vEMXjfmx8J72IAABAASURBVN4OcEnkLGKDx0HVKkW5bOhtHwP2JItDBChjDvogqKoz7G6iXNIcyinhYtPkesCAixsX5X0WtNbVKeGUQMqRAiOyPn0Gk0ABWsCXiVaRxUYQBOSVHtlSxlyLG0qtgotLLO+UUWEV8NhAMMHxGaOaHDTeJJuy2bHmzcm/M7mC0dd0eiCuDgPYzMYNd1RWkR26IoZqbYnqDRhEKOgJo+pMqZjqilw3rHe0sJHbRzicoYvMsU10VcSHD3NRVVdU4KE8SMMzUo34pCQ0dZHBoJfoScH105WP5efm0ThkYXFxdna4etVsu9PO2IbIXyDGVn4hSTIBp1AeHqttdbm+JnhdVFdpbYR1tDGxPs+RJnYsVYkxzGeoZrORZWk7bcDtErjdsNjrLS4sFJhAJuezxpgIXZ9VY1Je4dxipCvAwvJJ0byI8LJCPiB8keNakCac9suRMgT9wMYM6RMoXJiiKKFMs93KSDGeZJ0vjmfHKsMlG9bPmFMJM4Xz+GSYK6cNNyb6/cFirz+/sNCHs9UfwJZhr4++KJxQBxPf0ALuSCBLE5A6S0mHoPtQktLldAeDvD9EYqfXh/96eT7Mi2JYDjlxEJ5xEyxbMJWXReMTtFWBv+3nF+aJX2m0W821a9esXrWq3WqbpqEhxamG6XdSzPsDZ0c7YE+gE5FIJPorFvxigqjD97///bPPPjt8U/D5z3/+C17wgqXuCN96wU3588477x73uMeTn/zk8Xdf//rXw/36b37zmwcccMBSGehFIpFIJBKJ/ia1sLDwgx/8AOL3e+21F7z8/Oc/f+SRR37iE5/4+7//+7jYr371K/gTftddd41dQ/hLLAE6AU0kThTlRjz//PNh3yOOOOKpT31qyKJ4C9RsNqGSlZR873vfOxE6Wb169c0333zTTTcpb1yxzKdQ+Ox67rnnzszM7L333p/97GcPO+ywW9Z4GGe1RBKfW6YXvehFihiIj3/847vttltIlrTNNtuoKLnMrRT7poxbqrCCnwqjSFx45eU3VzCFDjzwQLj7tP3223/4wx9++tOfztt//etfv+IVrzjrrLOOP/74LbbY4o1vfOPKGxNaAnXC7i996Ut/+9vfPuQhD9l222133HHHP/zhD1Cs0+m88IUvZJZohWmtRCKRSCQSif5PySZoW5GTzYlxAAkSJ8YGOsLjDsrqKC7siQLlA60YasXH1OXKSQg64c0UnIzizQxYcGAW0904+4MqlMvRUozOOhcBv2EkpB7xGxFxEpod0IdKrg/axYV1iGsrh3e4kLDLWUP0iXYYCtdYkTiWd+UodqKca0h8MNfk0J8qtk4eERQ5teQoYdgLwThHEB881xTtt/65jXOk+GNE3Q2drycbCRCPgxYId4mIEwf88IDVqATfcaoh5HuxnnuxcSe1TqLj2wDdeEpiEkqyFF7iDrRUTHkZKmUTYehRp5xbHrWuSBI6pzGghY/ZpD1sVUZNOG88oaqxY1JB2RSj9abCqTx8FBFDtWln2aiETw9eXjqx2MYkWKHE5XX0f/0dv9nYOs3BYFIgyBzNYK03QKEpQk4peWHy+cVhXvR6/XarOTM13e60m020hmHnDoP5vJyZiqomLh/cYRz+gL5Rbvbp5c+1rZIB1duuVFjcaAyNn9l43CxJslYL7lyUZUlpwFS/18+HqKQo0HSEAIqRSwuhKgQqTJqkurreGbMjXoOWiQiswfFDwouQu2hpq9ZVyvhloYwph/AAh4ZWYXqbNI3WFbd06mo0bNywqJ1KsY2Ndhgb4jJQG1SL2YWm4fZEr9fjLDmLc3OD/kI+TBrNVtGE0WjwwuE9S5A3SohA1JQEx9GGWZKlsEezKIputwM3oRYW5uC8w9AVpoSZwJSdN8nyEwXXf2LtitKUJh8MoQ3z8ws3dG6amZ6amUa1Ox04MhM/UEeWNUqyq9ECnYhEItFfs2AZf/e7383flIX743AnF57A7V34fccFRsjoW6/vfe97n/nMZ9rt9nve856Jxunw2/CVr3zlW9/61ve9732nnXZaaIlIJBKJRCLR7a3IXngz9J3vfGe77bZbScmQFmQpfetb34Ko/D/8wz8wO7Jq1arrr78ePq2NQCfnnnsuPLI7SNA4dLKUDjzwwN/85jcve9nLIJYfEh3eMsHdhqXS94xofn5+qbegzQxnXHHFFfAIN0b4dtB4yQsuuGD9+vWHHnrov/7rvz74wQ+GLvziF79Yvstve9vboACUjzdeffXVsPEOQBZghNUKzvsKxaM0kd0BMbijPIrBhTdZHj5737LP20cffTScfThN//mf/7n33nuH7fe73/3OOOMMODuXXnrpO9/5zle84hVwTyluzMSkSNyY+Iwcfvjhe+yxxyGHHHLZZZddS4KNcKHB4b75zW8q+jbX7UfJi0QikUgkEv31CqKVpcIEEAWaKoQQuIv82ppFhHPKiCJ9lPHD0Sap/yf1hArRJxDZ5OhnuG1s2ddDowMAO0aEAHE4hlI+F4/yvEZSj6KO34XWjI14PEJNIE7YDySqwDqehsO37E7gQqDOQiLyX/GN16OeD9X4uCe67jrhEnvUYuTWuFw91lubhAwcqgo90+H1hG7o+DnH0EeKcZiYa9SJs8sIZcLBYq8MepL4WPb4gap2heg5AxL+9EVggIrj55svGzMcocYRTazarqxY/Thc7tZGsH2bqZ5sxDFGqTjxkFVL+r64AVWq8jwpnZOP8jhPhF/Vmh56oI1PZcKzmM02MDmK87qhs2ndJFPVCFBKK+snK8IMRqkI5tLIpKHlhbdvcRwT0ROJ9kl+qAtpmtBMK3qYxSWHFWJ+YWFmerrb7bQQZWi2GhmsGH5w4nEKDdL+qDXIY8LYKhOfe22JbDDV1RSaz/3UlI+I1hy+Ok10reJa00CjjwziUkVRzM3NwX2Hfq+3uLgInYW30iwL+W7CacV8MqpgAC9Ls4THCkmLVOmU8uwwkVddd+hA69vg/IjQOiXl5dRfnGle5MN8AC1oNpqdTifLGg7z48FIEp8FTPuTbuOhrPNJKuBjASiDxk63pqamp1evXg33mOY2bpibn4Pe9vt40FarAa0j7CNrwGlrNqB3RsFdmCxNEs+aYTYn27AwMraZtctGt92GMz0YDmDQFmn4yoJShtEkhAmZo4mLwUVKudUfnWAwv5CF48JUmZufb7fX40RpNGZXr5memoIZ026B2pQqSG9u/maRSCQS3dV0wAEHwC+C/ffff7fddnv4wx8+Emvh33PnnXfeP//zP/MW+I0Mjz/84Q/DlpUnU//jH//49re/HZ684Q1vgMMt06TTTjvt17/+9Wc/+1k2JxeJRCKRSCS6AxTC85vF3f7Lv/yLuo0EAXV4fNrTnsYvn/rUp+61114/+clP/vd//3e//fYLxZaBTkZyF04U3PE4+uij1W0huH3xmte8Rt1GuuCCC+Dx97///Tvf+U7+0BgLTgof65BDDnnAAx7wnOc859RTT/3MZz6zzMfFhYWFD3zgA/BkpJHXXHPN1ltvHWyMbz/tuOOOiqxl1G0hRlhuuummgr6RNfJugE6Y6uDCIM53My4uPxEBWYm+973vweNDH/rQmDhhTU1NHXbYYUcddRTciLrkkkvgT4y4Mfe85z1HysMfIPwHxUhjHv3oR1966aV/+tOfLrroIphpe+655y677ALbjznmGHiEOXAHnEGRSCQSiUSivzqVGoO18FhiaJuAC2dXoOib6D7crB0Goqv8HhxOJVOTtJGyjwlFTkMoVPlwNfEILkhNlAnWZCKWQ0XGBMoTJ/6NJHYyUS6EGodWyQ5iRDrKD6KCCQP/Q+1PtHIOK5rsRTiRjWFbh5IIHOvDw3G1/gnH7qtUJ7ruxRJaG+9l0Q2h5Ei4Mzkg8sQYl2SHDVMo8o0jiidDjaYdGUlrYytfjGoAOSGGw1YIOlGe73GOKvzcjRunVuEWs2lCwoehCHjFryBuklJGpoiBUBNi3IpdNeyoj8ctUwXu1Dfb5cpv4rgTAJOJf9avmEQJ+Vb4iDYbNyGJp6mN51JgbKzRSxww4p40X3m1qpj20L7eCh7zaEgtIUuiyDclUY5+IYjEX6JRBRF+VD3xsMvIaJHNkeLLnppK2XayLIWHsiws5osy5KPRbzab093u9NRUu93udlqNRqYJOPDH1DyanmLSlKtnxOOotl5Yn0cqHjC1xDhy7ifrwTTLa4l2R6FpZRJc2XSaJI0m3jGZmuouLi5u3Di3uDg/QIBmkOQ5HB06wvRJWZahYXy1mMzCFZzqrFox6ZKB2ysxZ0Z4kMPc2MwmCB1NwpqS6iIv86LoD/pFUTYoM06aJmR84ti02skYpUxGR8bTeW5FtrQssFFVp9tqt7davXp2QKYjc/PzQ+pznpcEEqERTKPZomMjlwPDxEgQ9DPDjDkM4sBJLzvtVmmnZmZm4KTDAKKNymBY5EVJY25MUZZDGmqP0IQrnZxTYMbMzy+sK9ZDa7s3r0PXk5lpfmy32tCIyFtJJBKJRH+VeuUrX7nJMjeT4i03ktTmCH4Tvfa1r4VfRn9PWqYk/DaCwMChhx766U9/+slPfvLd7nY3JRKJRCKRSHT7a6nw/PJ6yUteErKHLC+IrJ988slLvQsR+jPOOKPVasUpCN/1rnc94QlPePe7371J6IQTl8CdCnWbajgcLuOE0e12zzvvPLUCQfuvv/765cv89Kc/hcedd94Zev34xz9+JHUOfDL84Q9/uOuuuz7mMY9R5LRx2mmnveMd7zj44IOXqvDLX/7y3NzcIYccEuchUkSBbL/99ur219Zbbw0fZS+//HL8ktitJiQYuYAT/ctf/nLPPfcceffiiy/mJ494xCMUOZ1Ar+Gz909+8pPxquB+0W9/+9tQeHO1ceNGmK7wZJwgYd3rXvfiJ+xQwi0HQWMe/ehHjxS+5JJL+AbaeGPg74KdSfHGn//85/AI14USiUQikUgkEo2pTFSB0VZKcWNcvNnHrt1/BFQo56XhtyQUTCUzkhRDlSE86pJXuKinLa32MdCJ8fQRjwbPMoT3k9AC7fN5ODcG6/JsBC+QUVMDHTsfxJYtiguXlEvHWM4eYsnTwfpXtqJkqjq454njWVyyCBX7sfjMGCO9Y3sXQ/Fddp3wx6gOFfbzAXQGOMbYBV3nTrT3qhhBXqwbJVJZhmawpwofxvhovkt9FD3zcIOCSLJLkEPxejjnNgAqrkpVFkU1aJzbhSEMl7XHhm6tSKPTZCl+oL6DXqa8XmbnpctQubGCevRAtl7OeugknCE7sqdjfIjqIssQzz3w8IWrJXEoRo0yYngKNruTouoIiI4eVUSfOCyDaRDDFxVUnapUjzdRx/smypmIJPVR0AE4quw04mvBkqcFrhH4Lvop4SQ0prB5sTjo9xcWF9qdzuzU1PRUF25MMHjgp0uiVJVsSHl6So2hJxMV5lyNzQkDQ63WFVpDw2tCBh+LM55mcFk6H5ck1VOYZDw4AAAQAElEQVTT3Va7ORzOLEC7F+b7vUE+zOHv54zExThjEF9iaMeKBiImJRFUwUCZ0c4cxZFcpckjOyUaKxqpwJ1AMUxck2ZZ0SgKTEIzGMLa5RLucP06iZC96uJUumZVFA8Gz0EC3ww0JTVIBeFxU6IGm0iWNGZXzaztD+bn5xd7aFYCD3B/YXExV4uLaaOZse8JkTfwwyigA9zI5wabRV916nTa09NTC4vT/T6c+f58r5fnRZoW8Mi+V7go0uLiZr2yhUFSiRE5GIR5GPdeb8P8fLvVmup0ulNTq1bNdrtTK7q1JhKJRKK/ZkGQgNOxg+Ae95FHHvnUpz711a9+NW/50Y9+9Na3vnWTlcAnjQc84AHwK+kNb3jDJgvf//7333///detWyfpdUQikUgkEt22mp6e5ifXX3/9SFqcH/zgB2rzddRRR93jHvdYScnLL798GejkP//zP+Fv/2c84xmrVq0KG/fdd9+HPOQhZ5111rnnnvvIRz5SEXFyxRVXbLXVVnvssUe8O/ylr4gCUbed4IbA1ltv/bznPe/DH/7wxAJwMwQ+tq2gphVZsPz0pz+FWxLf/va34cMnHBQ+ds7MzPBbN9544+tf/3p496Mf/SjfWtl1110PO+ywk0466SMf+chSFX7yk5+Exxe84AXwuP322//d3/0dnPGLLrro2muvhedc5qCDDrplsBHrZz/7WavVut/97rdUgQc/+MFnnnnmZZddxnzGVVdddcIJJxxzzDG3gEF51rOe9aY3vQmewBCNQydf+MIX4PG+970vz0a4YQVz6dRTT4XP6gsLC1NTU3Hh733ve8wABVudzdLs7Ow222wD48YZkcZ19dVX85N73/ve8Lj33nvvsMMOV155JbR83BqHWw4DAn9i8Ja3vOUt5513Hpzij33sYyOFoQYYQ3jyxCc+UYlEIpFIJBKJxpRjBFqVaF7BIV6K+aG7iAt/a+UphMQDDdabnDh3E83RVqXcN+5DehCOhYeYsfZeKSxTLhs4ZupFhfgptcDl/Yi+xs+JMpgjiQLuruFReBqNQ5zFCKV4UC7Sa6xP+KMq2w/LtVnKtBEn+8Dv1idaVXhHUBzttz6rB4e/KZMHBJdLtlWgUTGO68Dma8/NaD+6aiTwr9xouEENXQztqsZtkvVI3MLqHDiOiMK8ifOpiPxhvLsEZf9whIzzhinjjsM7EDwOEXN/UJc1iZ7X/rjYtFYKhNR3sCPl9WiBTVS61GwcQ2Ds6BOFfwuX9apsNlZ7dCa8WUiiR+vjuUKgBjsO+TQ5VCAh/xDNLkJ+ItiYOYmAg0mclytnrMtYY/DCx6NR5h3ubkU3uUbY+DpUzolEV/PMnXiDZImOfH4odY4NaWiIsSiYQhkO+8O5HDGG+YVOpzM11Z2ZwfQunDe3mkl8QdBFGnCT0MfavN8MqGlUIwNVw2gcpIVfCoG/5KGpcIeo35/tLfTn5ucXFxaGw+FgMEAuhVrOfAnRLkkJ62qpGUAhS5LUL31VF9DbJsmspytCG+Blnuewo2NxtIXdG0SYIHdSlvAuNyzNErQcaTTCwqrq08CdswnEn0NqKBcan3ZeAigTU6rJm6aAg67dYvX0sAvdhDsFmHKnP4ALfnEwHObwM2jlbYjJZWh60khS6KZBEBH7mjIShZVSoiIYvcGwgP07iwuDQQ4dGeQ4fPkQnhNnA7+KiIKBISwIA7IuLRQ2bljkw7kChn1div2dRlxpakclEolEor9xwW+ZEPzgG9bwWyBsWXlsA+6SQ8BghV/AhfgNHGvSb0+RSCQSiUSiW66HPOQh/OTCCy98ylOeErb/+te//tSnPqXuPHF8/YUvfKGiRD/f+c53vvGNb3zzm99kr4h3vetd8BKeHH/88fB4+OGHj3xMWlxchEf4q1/ddpqbm4OW/PCHP1yqANyjWKFVxg033LB8gV+THvnIR97rXvc68cQTn/GMZxx22GGnnXYav3vuueeuW7fuiCOOiP0t3vKWt8CYMNYwrt/97nfnnHPO3e9+93322QdeBrO9d7/73fAI9fONJvjMqW6pLrrooic+8YlvfOMbl4FOYL6deeaZ0H6GTmDWve9979tmm22OPPJItZmCkXn4wx9+/vnnv/e9733+85/PuXtYv/rVr3784x/Dk6c//elh48EHH3zqqafCuMGH8A9+8INxVSeddJIiKPxJT3qSukV60IMe9O1vf/u88877xS9+Ac/jt+BGEieKmpmZ4ZSaMM7Pfe5zoeMwq7/2ta/B4IfCMMc+//nPKwJTQnoduFf5v//7v2eddRbsMjs7G1f+nve8RxHLErAhkUgkEolEIlEso00RRWy1y++ifeICYjeUI05sQt4FuKlyxohcPQIVQX4HttroHhKHkagV38L1iVp0FHi3HsrgeCY5lETxcO3Ylsj+hHuKqIS2topoGxfO94RIyLDha7NcU5xDxzruRE0M43JEGb+nbz0L4J65EdbOt4LKYXM4Qg0jaqsxVxRppywl0Ogid2NZ50eYVohG34x6uYw8xTddZNy9lThrB+ZOXGlTam/EwDxMieIcQD4sbstRqKVOnCBhQ2WsS4Pk3giNX7HCmVjuzQmyfh+9zD4rZFvs8odxj2akGCYoGkFNlJ9lDhUh/InZp+rHEVDuLXIL8YK5g65EWrkfBwJZGwCqqp4agxEuGB2O7ueks95xPjy1Ha2ftmG6OhCDqqFSCU1ZylBlVEHpUhCIQNMMy4mk8HlJ+FJCCWvSjGcbQhJJkhfl/Pz8zTfddN21111/w41zGzb2+/0ytuVhAMdfyWM/NliXjJ+6JQJFblfKpDUya7nL2hVwcxphMTJKMjkmhimg8a12a9XqVdtsvfXdtr/bNttuMz0zDQX6A/TwgD9NB4MBjQEKyg/zHH76/cFiDx4Iryj9CWUbD83ICnqZYEIe9kQhv5OiKHLYfTiEq6kYFmVuYLVoZA1Mb9NqZRl+U6fISwJfhnRMhuj8khYmQ0TS0HFdT61fAAyjNRbpQyaZoK8uEReeSZM1sk63s3btWrg3sd1222677TZbbrF6agpvJ0G/4SRu2LBx49wcPEFDEuxpMRgOof3Gp+miKZC2W+3Z2VVbrt1y6y233GLtFmthHGdmV8/Orlk1OzXdbTYbNNIW9hsOc0rog7OGPbUyAnoQVzQWjnDTunV/8V9eEYlEIpFoXPB7+YwzzlBkmg2/nLIsCwndN6np6WkhTkQikUgkEt3m2nPPPfkzxmte8xq2TIA/nCFg/8xnPpMzhtwp+sY3vnHuued2Op2LL774cY973JZbbvnsZz/705/+9Lp16/bff/9ddtnlm9/85oUXXnjZZZdBzB5uR7ziFa8YqWHDhg3wGLuk3HoxKbLVVlstU2bdyuQTOi8pxiD+8R//URE5se+++8JJmZub43ef9rSnnXnmmccee2y8y/bbb3/ppZfG2YhiMUL0/Oc/P/5ICaf4c5/7HIzzE5/4RHjrX/7lX+I7veecc86VV16pVqbf//73T3jCE26++eYRExG4QfSjH/3oXe96F3The9/7HpxN2HjWWWfxu5zs5sEPfrC6RfrXf/1XRaDGoYce+rvf/Y43nn/++fvttx90BG4ZBTNCRQlo7nvf+8KTE088EXrNXjjw+NKXvvS//uu/4PnrXve64CWzuTriiCNgYOHaedazngX9DdthQA4//HDu7zve8Y5g6PLiF7+Yj/Xyl78cxpmH/brrroNG/ulPf4Ln73znO0MlMOcVXZiHHXYY3JnijfASpj3bER199NHx7XWRSCQSiUQiUZChmK71dgZoceIC086bgBgTn01G0Y92SRCS4JfhYqjO2IS8CVx0W0cWIOyJotnrw6hQRxQx1jYK09sAK3jzEf9pnKLQyGmUVRQ9HMT9QEdSKqdDNcY1E38KaAHRLNRvMm5w7VXsp0J2EkSZwJtGux8qbQM6k/if1BmgcNQafgw6P3BCHUNheB6cBJ0fLAxCyruhJ0DSSCk/BWXJQNcYakVJA1pqh9xY7xpj/KPxgILxqID25i2m/uNMa6BiqB4i21kjgSBymkGoWztnBo5PG06A4mPNEPXOc/whT4Mix5980OeNGOceDHLUkApBNJ2IA4sJQGo2IKOkgK2Ahok/S+04oZ7xXeoarXbJI23qcJuQ8Wci/GR1q0oOuvPc4kP5K8bnqfHWFz5PTVU2sZ7ugevFxOxI1DCyFVFKBcMUTv5UA5FMWfPziN62dBGYBPOhBFcR53xi4yPxxYVzPHUJqBiWwtmTkDWF9fYsnPYJxyKlCqGFaOzBBIvOsoT4rKKwpen1+8VNRb836HbR8qTb7bTa7Sirk46dfyJjEqs8ZGZt5dGyXJRI2/pJsfHqUy9q+bxaf8SE4QxiaNB2pJVkzbQNLe20yQIEfnrDQV4MhmlRUtKbLKHkODgy3uEJrrcWXewazUtw+YMrxq2zMFB8ZARASq0rWCQfFGi5lMISZBwsxt5EPPKUHYiWGLSsoV5aP3h0YpIk+MTgymgtu4hwVex0pBhy4/w+xlYDT1m4GBVKE1ypWu0mtG9qdhr6C/3u9wdEmQzhWaPVamRNotuyRiPrtFuwthHUwpAU1gmVtBqwHf7PW43GVLujyGkHFhIYxg0Lc4MBLi22dL8zyDbJ8qJPVWha0pie2cRtI5FIJBL9n9WNN974yle+Em7HK4JO4Ebz8ccfv3LoRCQSiUQikej20Ozs7HOf+9zPf/7zELPfcccdd9ttN4h8b9y4Ed467rjjXvva16o7QxCJV4REvPnNb4YnW2yxxZOf/OSnPe1pEH2fnp7+yEc+AgVOO+00pjee97znbbPNNiM1XHrppfC45ZZbqttOTAPstNNOSxWYmpr67W9/q1agHXbYgRGfiYJ7EZ/73OeUh05A73//+6+44ooYiWAQYUStVmtihXCD9JRTTlEEncTbX/ayl8F5P/DAA7Msu+yyy37yk5/A/Y9PfvKTzEaE1EvLi+/bnHnmmXDX6aSTTjrssMPgOVT7ne98R1GaJPb5AL3+9a9/whOeAH3/2te+9rGPfQxaC2Vg0B71qEepW6SDDjroz3/+81FHHfXd73733ve+9/3vf/8NGzbAFkW+vx/96EfjCQB9/J//+Z/HPOYxl19++Qte8AKYQnvssccvfvEL6DK8+/CHP/zf/u3f1C3VU5/6VNj93e9+NwwjHAImyT3vec/169fDx344m1DgsY997Kte9apQHt49/fTTDzjggKuvvhrKw5isWbPm17/+NQ/mK17xisc//vGh8H777XfwwQf/x3/8B4zkBRdcsM8++8AtsbPPPhs6ouhiefazn61EIpFIJBKJRJPEwUfO8+KSdvhQo3YxaxslxUkIQYlYEuPTXPj4M3/Fnqw7mOjgGCgFqm1Si+BXxh4OJtFRKptQyOMwvqTSdSeP0rqMMJxxxNkYOCjB8TCEAZhgxOLdOXw+Hc4hgsWxfynDKYnnaZQzaXFBbaO9bvfv4wAAEABJREFUs4KnaXxonUOiyGwoMoPhrhh/PMyow1/Z5/g4EizW+bUwEmC8u4U3QTDWZTaxnivBDCXWJ0LRIbEK00Joy+CHxTuXsGsNB7XxwAb9BtIktJaOG1LnUAnDmXE40YVB1xJjfO4hcjzx7hvYGR/ETxJnaaMdhJCEM6SWlF3p5oBALFW0hhLoTVerxzeNvrf0zhM22tHadabUJpvhOIDwzQYdZZCZaAzjL06rJmT9qciVpaSjy0gRFYXUmUt8g3WWpdGMW43WXwEq9UM43APFSM2kVE+EszB3g3MnoVmSZQ2cPGlmijIx6OqxEc0y5jZu7MAf9qtmZzrdTqPVzGiyuqYzPOUwHVtd83al8EEFmPisXXFreaNRbiSD9YzypynYO/FywhYlzWZzenoK/mxeXOzNzS30FhcHRGMVeY5kF8FAjH0UCKMkRaORoulLkjUbGdIneMiQhAjbkKbaJEmZVD4lbGJicp0mqlRMr8CbUIffD9EQbLpHMbTLmQVXfupgDa1d0rAoORGfeq1Cii9eBUYVZpf/PZA0m612qw1najAYor3JYn8RvV4G/UEPaZZEN8tWWRbNfAgnmrMOpUkjVEXtaqZZZsomnz/TNq12sz3VWez15hfQMKXEBD/o+AJPUq2MM3Gp+DGRSCQS/c0IfnUuhRJCJAZu8vJzuK0Mj9dcc03YAjeLx3eBXx1vfOMbf//738M95Te84Q2f+tSnvvKVr8BN/7e85S2PfOQj4Q54KAn3yn/wgx/cgqz2IpFIJBKJRLdMp5xySrvd/sxnPgOfWJjV2Hrrrd/5zndCYP4WQCePeMQj4s82ywjuuiz11uMe97jVq1fvvffee+21Fzzuvvvu8b0dzqUCn9Yg1t5oNMYbedZZZ/32t7+FZuy6665qcwQHhcerr7661+uNpOaBwfn617+uKKvLUrvDp8eLL75YrUDBr2KioEcbNmyA3u2yyy685QEk3gs+eXJmnKXELEKsM888Ez7BwmDCSIamvuc974GTfre73e2EE06Ynp7+9re/ve+++8IWuKfEPiuxggfwuL74xS8qyk1z6qmn/sM//IOibEdXkxEsnJ0HP/jB8HEXZgU87rDDDrDxec973rHHHnvcccdBL84//3yYZnBEdUsFH62HwyHUBnfwLrroIt4I0+PDH/7w+ChBZ7/73e9CI3/xi1/A7T72WYEP3v/0T//08Y9/fIVZL5cSXDJwjuDjPXzmv4LE21utFmx8/etfP/IJf5999vmv//qvl7zkJTBWV5IUgT7QI2atYkHz7n73u0M3oVo4R7wRCsNUeetb36pEIpFIJBKJREvIZ7BQLgIeAt+BO/FhRoePVB4I2hUK0j5dSz3sX4V3/X/+0L5AFMgOkWB+N3F4ht8nGfUyCHFaayumhOkN4wLTxoWkQwFHuITUP85RQJPxCKEnOsRtfWoIPzr83fv61+yt/+J9iIcmvqPMsYSAdRgH1/iEa/WMibUQendhbgfO+J56uxfsSuxCQQyQ5spxU2op6Qn2NqmgEx3MMdjIoEQnkjKk+WC8haibqFM+P463PyDjF4x224iOqNKbkIFFFTe3CR800d4qY5wnWo6PiKfDEpFwvcSLCbjG2JHs5F3H3lPLlKsVt+HvwcQNyLFP2HfJ/RxIYDUjGeEIYbbFXNXodUYbx6Ij8Y5aMfekq4M5dsEfP4wRQScxigF7cYqXMPV9tTa+eqt6rK1VaCsExLFMzkcJf+hPPusnCtInqqRBIPyFMryggU+WZs1WC/7+nJmemp6ZajQbCVEajpPw4xKmhTeL2TSHwH9zVuPCrfSeMq6DfhLbqGuBukg8yoEMna4BQ9D8fFj0+4OFhYW5ufnFhQW4Q0EERtLIsnAbiAAMXCLI3CgluyFKHaOT1GeQ4cvL5z0ylDyLuT7FraWVJUmQWaGzxQtBuPzoOddOx3Kch1bRtNEuq5ZbHZSzgaF1KHS5GhzeEgbIoEELVkFZeXD9GuT5/MaFxR6mGVpYXIS+M+ZCLcngfHY73UajRafAHc6vTJapx9IUffJM6g8Hcwvz/d7A5CXmNDK5NZhth9es8JsG9KKvYdrgu213W36bSiQSif72BL+U4HFmuqvuYvrLX/7ygx/8AG7g/vKXvzz99NPhxjQ8hnfhJjXcBV5JPfvvv/+73vWu8PJjH/vYJz7xiXve855wj5i/gQpPPvShDyn6RiyEQ7bccsvZ2Vn41Yy/hgNRiiZ/JT9yerv73Oc+cF9eiUQikUgkEtX10wuRdXjYQ+6rbql6vR58/rn88st32WWXBz7wgd3uZn9O23bbba+77jq1mdpmm22uvfZatZn6zW9+s9dee83Nzf2///f/XvnKVyr6nLa4uAjNPvfcc08++WT4UPekJz3pW9/61sTdn/nMZ37lK1/54he/+E//9E8jbz3sYQ+74IIL7ne/+z360Y8OKUvgwxhUxRjBOeecM9GZo9FoLIPRTBTcqxkfZ/jw+fSnP33t2rXQx6233jp+Cz4QrpzP+NWvfnX/+9+fnz/taU/77//+7w9/+MMve9nL4OXFF1/84he/+LzzzoM2f//73w/dufnmm6HXcNzjjjvuNa95DZMTMzMz8/PzMFBwcnl6jBxozz33vOyyy77+9a9z6hzQCSecMBgMHvnIR8Jb4yQHnJoHPOAB69evh5qZ/Hj4wx+ubp3gBP385z+Hj/HwEfpe97oXnPrlyafrr78eCkNPd9hhh8c+9rGbCyctI5gD0KPf//73MCZbbbUVfHp/0IMeNHIeR3TppZeeffbZN9xwA4wt/BHB5NNEwdBdeOGFUDn8XbDbbrvtu+++t62Xj0gkEolEolumW/9RXHR76OprboTHxz3jvT6k7fO40AuPKXDomeAB68KZmn0WNOea4cJMGKgIOnEpQTg47r5O7/EQLmWqELhyGIuukQh0rCSALorD3r4VsWuDI0CooVBtSQltfJjYeB8KHQMfWHXizEj88ZUmVGLce8LTG479YELEkJQKgXUqmLjcQz5zUF08SpzYxGcFMdZVZyv4pDp6Fei37uSkScVzhPB0OE/ae9Zo7VOweJcU61PnuAMZG6k6FT7IXjpLguBwkXikIWHrlMRHpZVy5i1WUwIlCsqnrv06ecBO+Py6m+bVctLjQ7Up6aX33mQBvXzxlajVnYXH7bZEu83vnHNZqIUHMwuoiJ7k3ELuHc66Y5zH2aRq2EQk55Ki+D93vpgCse6Qdfwn0X56ULXUmBJBLfb2sTXuxLMQ8TUZPI5Cy7Rxjkmumy4jlHZTkS8lzlNFF5TjGFJy+6BZCVOv3+sP0TmjP7+4ON3tttrNTrcDf+1DEROcitw1Td0YG+XRa7g2fDrUYD2V4zZbB+vomutMAFTcxUMXX+2IvBZkjXQq6zZJnU67t9CDLsB6VJQ52nUkKV3zTK3QslWWBVwiackoC0W/EvJHSRglwTXJJs6sxI23dVcy/Z3PzaO1DMfUUTU6WjTpXded2JKH8Q0/FGG9iEA3Mz6YqvqNEGAUy1nCoOmdVguWfLjZsWH9hoWF3mAAf5jnOAJwG6DI4aeRNRuNZqPZwntJ3DByXkrRDwYOlzabGgogcNRqo2HMsBjmOYzecNiHKTEYDoqCwBNjrFW34MIRiUQi0V1K8IvgAx/4QHj51Kc+NX6XfyHtvPPOe++991I1XHnllRCKiLfAzXQIacCv1Pe85z3B8/yQQw6BSk455RS4Pw4hAbUycR56kUgkEolEottcnU5nb5K6dbr44ovHuYSJ+uMf/3iLP9scddRR8BHruc99LhMnoC984Quf/OQnQ4Fdd9315JNPVpuvI4888tWvfvWvSePvvuhFL1omF0yj0Xje856nVqDTTjttcXFx4lsXXHABPH7wgx9cilTYaaedOHPNUnr605/+m9/8Jrzs9Xrnn38+3BR6znOew1tg9M4777zddtvt05/+dNydtWvXfvWrX33Ywx729re//dBDD73oooue9rSnhXfvf//7Tzyz73jHO3bccccHPvCBYUs4KRMFhT/xiU8cdNBBcAZf/vKX33riRFEynYeSVlgexvZZz3qWuh0En/kfRVr5LvckraTkjiQlEolEIpFIJNoc6Sp47b/pr4JZCQetR6O24bvmOvbSULUkI9H+ur4v71gBILWYtydKXIVGB9MB66iSqsrgQUAsRRVjVTayMbC+GXZJqiC4HKioUz58H3am9A7kFkHcCREnLvztd2TYJElGw7ccFyfGhc0fjPN24GqN8YhMHEX1pgzV2PKopM4KwQMmWMblCXJQD7YPcR2P45TG2aRQZNwqz8rUYraebyG2BeU8ERJdC2HDfhA5T9isoTqlNnQ25AlRm6dxZqD2sm6FM7ZLeKrjMuMFokk3Kr2s/ckmpKMJx3OzYvxNVWhytTy/b9GoVQpWHNab6liPFbgcWktxPESAYAolYi4411Nw8gynM2HUSI91InFWLNxtfEjpkGyGge1JiawqnWML+wLRganJKae5codBVw8qgN83NnBToN/rLywstDudmenpqaluq91qNhva8zpKOaMhVSV0Gulc7VLUVeYg9HhxQJYz8FBscwRXuHb0iyWMLFEeO7HeesSoegqbCFWD5612o9lavXr1bD4soPGYLGZhsd/vlSaHwkVRJF7ctpRdXJA+SRsok6L5SUaXOq8nVtfTyui0hqe5VU+7RYq9ZJRfxdjyhNGcsGS7NThiU3Q4j5UHlAnTINTmLFDcymoC2qadZYmZmuq0283BYNhb7LHxyXCA3xdHAqXI0+GgMRg2GhnvATcIGq2shThRAitLQyGhZnWaNbJ2u0UAoYVx62P2IhjGhcEwR5BlOKBvogt0IhKJRH/d2n777V/3utfBkg6/Dvbaa6+73/3u8btr1qyBe9mwHe7CL1XDL37xC/hFE9+Rn5mZ+ehHPwrbR27T3/ve9z7mmGPgyYYNG9avXw+33eEXU+xuMl75HnvsoUQikUgkEonuknrYwx528803w62HkcQ0SwlKPvKRj1y7dq3afH3mM5954xvf+P73vz9sOeKII3bddVf4GDY1NXWve93rKU95CtzLWGr37bbbbrfddoMPaeNvHXTQQQceeOA555xz1VVXxdtXrVoFH96WscSACtvt9qc//Wm1Av3hD3+49tprJ2ZUPProox/+8IePoM8suGfBSWqWZxQe/ehHb7vtttPT0/wSTscVV1xx7rnnhqE+4YQToIZ3vetd4z4ru++++2c/+1noLBR+1KMeBaPK2+9///vDsEw83MSmLq9nPvOZf/nLXy655JJgjvLBD34wJr83qV/+8pfLOIKIRCKRSCQSiUQs5gRqngxRmDb847OzeCjFu4PoUJzrMJ5BUbUwesyRKF2LbKrAfPjIpooLJ46u4JCvb5q2Y4Ki/OV/zlriQ+OYlyIcuPJi0RMZh1rQX1dOLhh/dlwIBp21IzhG21rjLeJH7j87KEAUFWqBUKrytBs/ja8AABAASURBVA2bJ1QjgZ1OXDhbJyo6IYn2EIpVcQ6jONcKxfrJ56XEcQotp6xDkV+BToJTQNVsXRFGlkbRu6lwp3wAGnN6kN9JlLkl8vNwJ4GPTVtX9Pfv8qqH3LkL8fu6OnjEUNXe4rdrZMkSCIuKIJXxOsaa5h/jGqx+7xP3rZVyGI8O7aAwv51IgtQmIlMR9XIOAnAV13aJZp7layYATclYP2xUMxdLmT3x0n52pJwAJqnlZ+Hd+IXL6uTazLMpcbMAfXVKP8ut6xQPAi0mbmGgLDLYSJcQC/Ys6DrUaZagP0a7NdXtzsxMtzvtRobJaNgtCA0/sKdmtG/xgLj/vOeHdjmxDJ2FkEPGsVdV4hkc6mDxGkJT3lzJcSdcJ1v0U5XKDYbVZYkJd/IcsYler9fv9YZ5DvuGkQzYCjzP0hQtSSkfDWfkYed/v/YFMs4SU1a3cgl+R8pqXZtCKVUbDuTOaOKy/LgTTduVh9FcRzxbU+UbcydQwaDEq6+fl4oIJ0MrRwLnvKDUOzAivYXexo3zMBSDwbAoC2ijn7Y2yxrtTqvVbuItKnQ+QfCJ/UyolXDfqsxzytrTWxz084WFBXjRG2I9L/zPHypJryMSiUSb0l02vY5IJBKJRCLRX6PE01v0V62zzz77rLPOWnn517/+9Stkm0QikUgkEolub8lH8bumOL3O3/3DsRi/JGmXEoVjlvw0fqL1mM1Bolz2HAYiOFasNQegXaWqCvj6gDu9YUNGC19tHNHmMLmmGLimHCCGvRicN4EzCAnBUItRZBcIVprtCZj2wFwUFFNOQlaOCKdRthavT4NBgAuNk0rEOIxx4ebEDwoaE0RMBtWgXHU6iXgRrUJtBlNtlC69jRtuS4QH7mIwXUbC0f00CSYjLtRLqAdaNLgh9SyB1lWGFKRNTO6STyjK3cN8A8fCKaRPI4qOD/BuIE6YFEpSfoJci3NUcd2wYagMtsDPETSxKBkKcs1BukBRch5kX+Dth98X4f5Npdepxu8WSOula9NLbJ+8YWUNoFKtDqXX2Qq/qvHdH12q/KTlt7NgDhGC8qbOabjhtTFHs0Q/9JLNsiFjiq8GTypnf3Hz3ahlOjKCWUXNtR4fUgQjWJia6DtUBkKiYsS4OE2SUCFm6EFnjVQZvjyRQrCmCOZAzHkEPoIOm2KVZC+i2a9HZzyGeWHyYrDY788vLG6cX5idmYafTrebIQCFDhmUk8fZAam4Wc7jRVuHwjj7F6McAqRV4Vpt3OWE44VzmlJFYU/cAMb2JIYSxpRlaW3tFGutXFoc5exGYE3pdtvGNLvTnbKc6fX68/OLiJ4Mh3mew5ISKBCuuaAlIEmKIcEuzJ40sgazL5WHEl+AusK+tL/QmSghYsOfC2PgWNrDQ4yyVKhKtH75nroFEvP6jE2PamC9s4uDVfBsWpoECsE3bAC0nLNwpd12d+3atYu93vwc5hwa9AcwAJg6p4BBgH/6g0Gj0abMO0nqZy/CNxofETnK0qzVasO4wXj2+32cEnmuRCKRSCQSiUQikUgkEolEK9bjSEokEolEIpFIJLpNlehUuXwJmvkF3OritLWQdOJ9QmzkHVAVII+TJM7V4DgGDkKqKq8JB9wTXdkQELCiowwVfBTLWXwswREYVDYcF+b6mTihWLL2nh3Oa8CVqXIE6SrGHbXBJ/mo+mh8fJnD4IZGBaKizkOForCaoZOaCUhATbhrSWA1/GGs8i4J7HHCBwkWD2EoG40mhFwTB7648dSVL4zVLkDuxsolytGOLDEW6me8pDJvCOHwhMkADw+BGhDSda4HGhmXVEMwHfGcxCMlVJW2jgJwVWtiSThLEIbo3TtMAlnOP0QZW8hfxUZeIGpTVIdVm9aEGiIHl7HaIqYjzMHRCqum2RUd1I491z4En7AzicqKoggtGonra57XitORBPxqRcBL8AmJu2WVjT1ceGb4CuPjLluzdTV77xRXI154yvn+YDeMu7ZT401yKgcVZgVcAWejgoCT428UTDGeF2ShYfmq5GxQVD0DJzyEOJESnnzEeRhTFOVwuNijhDsbN85Nz1LGnW631WoSZsEZXlRlBxLOuY2uRl0NCY1a4lA27Y9r3aCVpSXGCk2UNGWuoTQ1WZYmNkV6g6ATRxq5q46wMm8JkzBUQ/mo0kaC4Ai0d3p6ut8fLC72FhbmoS9EXcCVa9LUsgMKetJQAiuEPoocDthslJ4/SRl8YTaGOuqXWlMNO9WQxGc8rK3QZpiZTRS6lfB78fRMdFiaw7TRFXwWuePoZZyCaPoYW9AgsNUTPmm3241GY41Sg8EQTmLf4ScDaNJgOByWRTYccq4ha3AiYNebDWJuEEDJYP9Wq9Nt58PCeuRQJBKJRCKRSCQSiUQikUgkEolEIpFIJBLdiQpRQ89fsFuBQzSS4N/BgWUCS5SPPFaV6MT9i0UTn1qCN/kq4pi7otpS5wUSotmYTt19xd36AC6xDOSb4OK6HBs3LoQawt3kS+Cy0oTmURTZOMMSQ0HwijyYQC/4CDIf0YXFieNwz50jQWRkMhJ+HaELrM8tYnw8OjgFeCzF0yu0a4YBV2q/cRQBj3XsWcAbsU2Ugp7KlVb7weG2e88JZ7sRCCA6GL2VkikDYTQuqxL9ZKk/nDOUocEri9wyZULQSen4Ew+dlIVhMoicYIwjXohVsCPMySaxEr3JTXaZ3ZagT/yONe5Fj1YYKp7Af9hJR606hlPXm0Fw6ayM0q+4FlkbV22VCilGouPYpXsXP6+YrZE99KTSfh87aXirFmnHSVSWJ64/2JcKqnJdTdKMXjKjBmV8Vq3QXcOXDFsPuUuW8q9gkilXzNmlECVjecZoh6ExvcTVI4NBvAO2sNcb9Pr9jXNz3W5ndtXs7OxMt91qNjK4eGiZMI5zYGbL8T0MAzmqxnmDODskz1VYE/NxjrHgtcBwI9HIx6TcJ5VlmT9fmq90xlAIUsNsSu7UW8XZcPjqbXfa7U5nemam14Of3uLCXG+xPxwOi6KEH04SlCQmSVJcrgqdlXD5lXCsotHIKKkQp8mBLZoZJ24BgWM0hZTxdB7mGovYEXoXsxHB4eCJqypxlk3KE0MqmspKVTCir2YUZgrrTDDd0bpewhKAYpOyxIWk2Wy1WlOdThP6i9DJYIiP+SAvyjzPi7wwCOHguWgkg6JoD5E3aTQYukmzZtZsNppK6ckXi0gkEolEIpFIJBKJRCKRSCQSiUQikUgkugPliQNViyHakA6GbAAcacHxWOd/Yir3AK1UlWcjpJ7xj87Gw4clXcySt8Yt8V4DitwxrAc1lPPuYEsEx5pYB6pgcDbl5A5sDcDOC+Fb/USZKO8jUY+368AgVF/dVwETgdgxlaEwsQ0B/qRK2+M9Q3QF5lR1azZKwAA0JtMhPkRVFgquQIrsjeY2s7EBdtYl5XA1Jwzc+JQn9O3+0vp2EutgXWqLCrgwOqT4YOcVlymHEpE4ZVhM8wQwznSCvWo0Zcxh2xJT4KmD5mNSIPRI8KYvHFnHc8VEDw+d9T4r9bHenNDweFm93O4+yY+tsRyqZnOxxCEcalPVVBUYxTjiuqyqYUvauWq43ge8J+AIiu0rqh10LVg+MvnUEr0c6YCJ0RM9OmpVhdG+Sw6ju/LCVJ7YihoWw20uaHPm32Z3DeROyGSFxLO3ugSDF4dSGXuxWH/+aAYZsitBaMQTLppxKOvIk4wKmkaawBzN83zjxmI4zBcXFrudzux0tzvVzbKMZ7mqUuvoCp/wW/18sbo2BZIwd+oj5NrD9kpFgZmDkH9Iq+wzIfkOgWBITSALxkObcBvo0iFcDYq1WlmaNTrdzvRUZ4AuH8N+vzc/vzgcDEu39pkqZZJ2DiVuiUsQT2s00AYkzZKAtphqKtrIBKQ2wfg59GIwGDB0QuYtNkUPFRWX9Euo8TXwpiptmK7wQz5NOHw2uhqZYPScHaYBS1ONZk9lrhSDLlmSdlrtVidvFWWRF8UwL/JhDm3rL6ADSt/mMCDQwmarVTQa6HrSajXoFCs1+eoWiUQikUgkEolEIpFIJBKJRCKRSCQSiUR3qGLvB8vWIG6Dtt6lwP9UuyScqwW2xrE/rV0uBa2jCHfwG5iIAFQ8BXuKaEyjg1lojKHvuicmRHzZr8CFTfH/FEmTFAPTjIP4iDYH4U3VPWWj7CMjIXobxdihmsqXpIrdu39SBFwwvY5SNY8TbpL23bAlph2BfwtGNGxkOqJ9Jh0yZlE+8VDCTI/F4dOxSQP6R/hENRgpLktbuJQ6HBXmodW1UDkBJTxGVgeqxf3r0BzuENq/EG5CgfKS2+a4Fh4HU2A+IEu9gqMXpXdzcH1VNNohJG0dhlKZ5MTnQI1LT/pndIpM3KX2tq69H/EndtLmeGdnNaIm0i7REegfHW+tPYFQOBI55HfCJ9il1+FxZ+6kSrxUHZ6pqCrJjl0m1U49g86ExlqrxvCCegVLjma4CvxcjUr4C09F855ddQq6UNOIWCGvJPbqIAQlaq2bgirgTajS01RRJ0x1tmzVBOXgN5+zBpYGncJs7A/6w2K4uLiwsNCamZqenpmemppqNJt0dfDRdBg5Y0NtLp1QPAxLYTkjg0jXNnS8SJn4QKU8PomjvRJcyYido+MnTJ4wTMdMik5TzDaUZd1uZ2qqCwPZ7/c7ncUeoicLw+HQQV0Ml6kiQZsQ486OtnAdZ2naRMsP5wECKwhcmTqStaOrsKpPNl6e+JLOyizNNOcns2FKaGcNE9UwmlunfqCakQ/vG8oT45Zwn0oTpoRFo5W0ZWyDATZoTK83WGzDKe0hhEKLznAwKPLhMM+aRQ79daRemimRSCQSiUQikUgkEolEIpFIJBKJRCKRSHTX0UhMPXAVyjuchMC7irAIAlV0gCWUUqNha0dRjAXBsZjBVBuGM0Ig2qCQNSkJfLAUXHbci+KcGypLE25MQqFcNAtJtAdEdAjiu464jeQXUjs0UyjeF8BvZdii6r7S7GXAgVoIECsfDg/8AHXff9k/2AMgl4GhXHRzcNlIyEPEGY6wEYmmNDjIhSQc19WVT0E1Rj4ATGNScpoPGzmTKOVwHA7y+1YlAV5xiUkc7JK4PCdOJeUFKaz3ZYDm8CCYkokZ9DjRlMwHI9PYI8ukkT+FZGpgXfIRHgu2NfBBZ+VphEmytX9qU2OpTXaZMuO1jQEok/iWCD1Zqp6wQY/uRpqanmYnmPCYlQSdKLJ0YO6kiSREjRYJmNc4cRJOJA1uREwtI+1siZYsYGvgitunsnDhNjiKiSvCxDLk0qPCNezysFi+3krGs5TzQNL+5COMQkxAuBorPgufODyCLzferNxFlDiwzTpWTPtpzZcPoxIIXTRhVqYFpX7KYcznF/q9QW8wgJLTDkpIw8C4a9QlNPIba4SSnwF20rja+BQgJoZJp+gUk19Iya4h2MiEVhxcmHAkkBhxaxIvKPiucZl2NGWqKpuNBuze7XabrVZvcN5PAAAQAElEQVSeT69atXp+br7X76H/yTDHogyHaLfKkTMMXJhFnufNvNlql81mK/FnPk1gpcpUNYXUBNSpgofwOVN+mXV0lHZpeowfKHeuVYQTMj6kI1jKjxKdVku+JjBKdN5slaDHUvUpIzV8XWBWIxovzsdVoo1J0m62Z6fzwXBAuYfyHC1Qch4N6DhfU42GUSKRSCQSiUQikUgkEolEIpFIJBKJRCKR6M6W5tB2HI5VVboNHZwymCUJvieunE+24EOyCdtzVLH9Kg4+8vV7S9BFaQ05gsATND0gb43S+FA1HDmlaK6nWbQz7VAJmYLgS07lMJrRxfcEo5/oOxAlmwjwgI18VjhyakJENaRDcc4McEwModYcUEIxT55UCSksEydhKEP3XWCa+mExHq09r0M2DDWkoWoSeQOUhmxPdB3ioCElk5mEbUxSN+yEtjAaoxPnWEABccv1kU8FjHxBaT9KRdBJUTAtUyo2WCDWRTOPwr4mejxPi3dAiKL1lT+NG/LN1AQ/DrtEGb0siTG+F8fRJ4ApS6Anm6rQb2k2m7rVgoFFUGA4zCgTk2YfCXiEMDm8wWiCxplE5wyGliaJv8ZUrVna8V6Oawr2H+M2J9UFqYNjiZvMNjTTJlqP4jam8qLwU9Vonx6FZ6BLcRPhGe5dSh8FTxiuga7B9PGzXKda56V7iQgUXepIPDG+kLhrKdUOx0i1MwsxbuZVNj5uH5yGRnuzILjGUvIQQrKErInIhSdfd/O6+bn52ZnZ2ZmZdgeVZilfDjQWpTMfQXTDBMyOr3AeqqQ+QuzqonQ18g700kxm2MLA2jVUOY5ASFhD1yEOWppmnLEr7EeXEoyqob5B23XJyYUIyGiTut32YIAAzeJif9Dvl7lLbaUClUYnGi5UKAYX7SDLibDB5qVZ1mo1syylTEMVcEZDWC3HwRaH/VHwSYGrDAxt1nCuPMTWYGvZ3Qj7RdAfUyMBW1GBPvEXaqLDwDKkg2OFu/CYmzL1v1AqkEvrTDMhaBtYvzLNRrvVbDWb+TDPBwVeVYMhTo/S5Dn+thgkQyUSiUQikUgkEolEIpFIJBKJRCKRSCQSie5UuXCz8z/Q7MihwwtFX0uPDAAoG4JWlecJZdLQlByGwoUcQcwg5OqMJXQIKVpnK2J93NWyKwTEptlDg4txKpk0w9AtBmWtTnyolJ/gFmckoMhVwQXFracGLEMPTqkLGVvjwrWJC5X61y4CjdFfH9LVcUYI+uo/1mfKhF1VlAtEG/qKfoWb4DEoZo7/MOTBiIn2Tg0u6YilwzOs41NwqBALxpq9/wWWZd8XbquhDifuBHHlyp8TinIbphRwuFLPzoTsIgaC7kUBQdxhH8YenU7oeBjHLQvOKkQuLSVBAXDYws0PZT0dQ9gJd1fpOr6B7g+u2c5joTr6OCkRTcLq6eQSExCR6L2a98kmmBEV0n6oyc4WTC/pTVZT16DfTzHKj2F5DPenrazRbCqcMyUF7DGczxOFoROHT9lRC6AqhM9D6+0/4gB/rXDIcrLpRuqlzkHMDcQ915MGNFwe442JLp6EUje5dDPswZNUk8JdXbgbsguKzD+czwldhQnOcj5KwDTYFsafH12dyXAW8TKGy2kwGN48vGlubm5mZmbV7Gyn2220mgSCuIuMfIBofpcGF5lNjZuqu9HAUdJqmBzExklqONdORkqSVDswxa2rXCwihPAh8fAK4V1uCYLdG41Ge6rbnRoMB3l/oTcA9Qdk6+JXN+sMSAqy1gnJjKCnRZ43W1iHa0jE0BGaFs5vzackEHhFYXg3VXk66eg5zmpTsUqqSm0WXUvu94hVsaVK7MTDecfgIKVVNeCKl/EEf4vweJpWq+yYIYwEep7g8gUPpbGbD7OJRCKRSCQSiUQikUgkEolEIpFIJBKJRKLbS2QZ4mPgtEVX4fAoJFiLxo+GazlVhqYnnNGmFtUnPAPClSXlz7EUgaWcMaXhiCRFqDMKVnK0EfPnWB/TTBwtoj3JwtHq4Jzi2lCLfdeaGgKsDu1g4kSpqoooi0jovXdDCL4jFUaDIe7SBsOUQJ/40HYS3E2qqmzkrOFRFe8d4W0VCIjhEprYmPCm+7E6ZLdw5iXaJh5k8CcNW1sSBGOJYjFUVVkOC7QNGKDHiTN74TLuMHRq0HkGT6A3LyC6JAypIxM8ehIUTDY2j9mIgsehhvFSul5kEmbhgtyT9lrmwKNkhVVRk1bQFSza7/UQNmikjQYE+tMkTbM22p4gV5VDiLwomDsxxCUQDoSuGKUymYOn4tk5cux6ID8qFvEzmzB8WYlsLYNMOKIaH0Sta+mqAlUQLgDjU8Gw7Qd0nd2K0KtDBw6Nn+qqXy6ZTkKgWOXQYjhZk1aeO1HaehsYq3xOF1zBjM/TA0/6/X4+zBcWFrvdTneqOzMz22q38NwgEGfctZOoTWkzRpX5D03dxGw1aBiSRoyFHQGMRvZVfnGAOQODhjMpTeCxaBdTne6gN1hcXOgPBvlwkBdDt+qYatoYU61iBPHlaTrMsqzZbLD/CinV0Qpkolxi7pQxHEdtUH4VZvGZCgQcu7OE7sTLXAyy8GoalmO2ThkZhAljwjweWr/gCGB9DYUUTtkuCpPnw35/kFMnlUgkEolEIpFIJBKJRCKRSCQSiUQikUgkuivIsQohiw2GP5MRhCHKwqHseKheRRk+HKfgvyCPj2QAgmF3/FI+ZtBxlhgUOEWxQQD7c0RR6VR5v5AKhhltvR15Eb32cAn5CLiAuEc9XGxU+0gpG3fEuIl7dEf30VLH4ahQbRVvt8oHapW3NojqcV/99/FiEzXZeYdErXWFYgMAgoIq0wSleWSY1+E+GX7GtRSGLAkwgY7CZDpM+JiCMnXk5EpSJ3CqYTE18MD3OZhNRO+omKNZVpvhS2ADSeEGcNLuVlVE0Oj2iuxRtaYu0a5J2XZ8S5hDUksVCILBHQ5MkedphjH+LCN0wmFUCtOR5EVBUXukLzQleklskiMuxEdSgeUhAkwZXfJFlCgHQ/FgMJLkToNdCRezGYoZqDHXE+dOQWmWEDIwphb1D9eAuxLoQmL/D64ZumX9quIMlBLn85EwkkIbqnw2ingTrC2hhcLyKBlMV8ScCids4eUJrwf2GNKUugieLS72e73B/PziwkJvampq1arZVrvNoJamPDHWZaqJu6G920boe7UcuHlnbfQW1pamKZud8COTHzAN0K9pEpkRRixsD3AZ78IriyLnkgxtS7JWpzUcQnf6w8Egz3M0J6LMZG4ZKh01Qq4xtigsGaDgcpsy45SgDQ/WlmbcirBgqTr5kVjPAxL+wktzaHniXJA87IJPDZs46aQG8gQvkmqeOKsTj8XReY+Hn08ebSNGUXFCJU1tSGja6yIv2p3hYJiPTD+RSCQSiUQikUgkEolEIpFIJBKJRCKRSHRnKFFVEJiDjxyHDfiF0h5q8PYiHH6uWAAXU6YAJleqE8edKGc9oiBQWFqiTRj+wBwtbsdUcVCR4qIYtnRBZOUOqTkBhVNMYVRAgC5rDhEUmvei0CQ/ko2HR0yUA0GsrVc8aoGglY7zgSiHjpgq6w2zLBwx55QUOvichKZSlLdUVo1kheAwsfce0I7DMcHghIL1HJ+nkLXBOGwYgtKZPLiIv+EsRTTCJboRlJQ3ByPSMPa5wTNQKMXhaQZxFKEqPizuCQcX9bcqZPzw4XX4KdjFAgLjAZeJ4vKWXQqqDroA/kqgk4n8yDg6omsFqvOnR3fVY1VNOMpSnEpV2PvXjBSY0CN07TGmUDbT5B4ED02NGU3gxHAqJhxyzSNu2V4CTpmbcJWRCY5X4sAtZ+BBMEhFPKnbX9aOIl7OaMQ9j1GJibu7a4NRDLy8iWbj/C5Me4W1Bp8Qb6IjgIuxEhg/TinD3AnRDkaXyrn9VOhTQhwJpqTSnOqJmgZ7Lvb6vf5w/fqNN9+8bs2a1bOzs+12O2uk1hgd1+Eb7hag2sSK52BM+vCiaQOtxosCZqYqStjOzE14l/GUGEOxNX5FUYGEmo1knruuVELMSLPVarTbrWGeD9DyJEf6BBkyokv89KAV3NVZIGpW8pnCFdYtsyx4mQaYTvvVCocZ5m+qYN0grk0jp0IKjimaLFMU0yTGnWtsgql5n7irxq/F7rdM+A1SgwMrrCq0xA+OO7+ECtGrRgb1ZI3M3iFXgUgkEolEIpFIJBKJRLEaWZYXcJ+zgCdKJBKJRCKRSCQS3SGi7/Yr+RB+11X8HX520XDMBj8ycaFrpSNZF6/V8XvW/VhK72L5a/95nrtELwFkMT6HjtIhgYMLvhvOmKHpS/cuSOlsAMacJyoEwL9lQ9oYclcxbAZgHY1hQnxT++4rF0lGk5Uo4hl6HdevXPi7sk7hkhDA5WHjjsT10Bg66sWOpfKpjadlisV4/5ewu8eAEMBJvOsEh+Yx1syJNsqy8JAN1FBg1N2WlL8IaizY7MSixwzyPpQhw3iIoRpDXZ3Dym1CT4BG2KAl9OI2if8uVYmuvz8ph45jX2obq5D1kkepz6RlC0epk0YFEXlnGmPcScw8MEXTSplUeTMMLFMq5xVRZUVB45B6EN2xD2QmQSyWHvHeqOECt1H8XU9MpuMPauP0URHYxS0Jj2FfpmrCdkQeiGMivITNRsIa5GfdqHuFhRlvrMNArANPjFZMjPCK5VJz0b6OCOHzQWCKoYvAIgYyt9Dv9W+68abZVavWrF7T7jSarRYdfCnPDBvwOqUqFCZNYkbNHRjpGBITGLRAuFQ7OvI44SfhygmnMrw01kQn1VkxWecuo5O01Ww1u93OcDjs9/uDfg5PClhf86G3WrFxhegKkyTcHoP8E7rxYP6nzKEkfF6qFlp20/GeS7RysWVK7HrCPjbc33Ag41A8U80EXe9sNWF1lUDJKqVqBkqUKqwymFLREkO5xXSWpLpUIpFIJBKJRCKRSCQS3fHqdtsbNs4vLvZXzU4rkUgkEolEIpFIdIcIPoHD41S3rUR3ScXfS/exQIc4JJ4+sTpgJbqOnfhv1iMa4jawODoMYcq8dN/Dx6AvF/AZGCiumPgvz+OjcjSHi+1ylDlGP6xWkyL+KiQbcRSGF4X4XQw08dRKxQ64791rF+vXiuPFYVh0HTfxPEfin1QhY+VDyW4jhER92hD/aCcSFd5BxD3niHq9sIuoo2GI5mC9ywdiKxCnRLyHU2kUOXSazDGCEQtZnig0OKG8KAGdMZTqhfw4VGKNH59ohH3b6qMepxmZ5A4SbGSi86M2n0qJjzm2r9VRkZgL0XGTdFTS21eMVlQ73GTupL5DHRviGrJGQ/GAU8IjRdAJu+UYoiAISco0v6bvwxTKslEMn/ZSWzelApRAV03JFx1lWkIXD2aabKLcNUKUAM7vyA5oItC0EmnnujN5V+uysWieJNonxImPFY8Oz/3ATDglligpnSob0gbpkHTG8nghd0D5ZYiDs8pbqjCDhggK/m85hw7CdbwF1AAAEABJREFUDw6RSxPGfiwaGqUMoFEtWAG5pJjBsBgM8w0b5264/oa1W65es3rN9Mx0s9mkivAcpu5YtsJBLI+MqjCraC4FNw5dXRiWaYyyrAyRAnTmTF+Ys4tGXsVYD1fr4bISpkfCeYbcugU1tNJ21my0uyWm2inLYW+AKWfyIS+48OCZm7QafAJwoM7UwSFIk/DhoDENUNbwvlWhwWRnohFr4fWaLU9gdLM0Y+KkYlY8dud67akpGyyJfOoi1xrfe+V/Zyg3r9zvHlVbQ6uFGRoFV9QtmOEikUgkEolEIpFIJBLdSjF0csON6wQ6EYlEIpFIJBKJ7jBdd/1NCj+Nd5ToLin85ruu7D3c1+odfeIiy8pDJ96NAPfi9ykA7GPv1lmAKB+yxJgmhCqLHFkJrdxh8KvyaZZkaN9AyjBwqV2k2CLsEsARxU4DFPDllgRXBW6wiWgTxkwCpWK904lnPiicHREn5JKQxMl7tNJxHDOO3dsqSmoDKRIjO+FJ4rrDZenBFG709IhpDLUKrUfcsciPxEX2Qx8RMUgC1GI4gkumAmVpCoPpOxQm8yiYZRg6ioE9SzR7P2CDaBQ9JMC9zUJeJM6JwwUcaDLqJ1JHSbgx7iyY4BPhAtZwlq0Pst/SHBgTd6uDLFZVnfHbo1Q4Oi4Z/DSWOEDwXdCb5E5qu9F+pixgVrdaLRx68pvJquqUY5rcRWAxgYoiewnMn1JyeN79Z70xBp8SujYJ66KkJkQecPfq86/eJl23G7nNpd0VpBgvWL5wfBUxiMDXjzHcNxVmOl+Tyj1xoAleUbQP9t+yWRLsitSEdi+Yb4Oxgp3ZusemYVGDVUZlNBfputKpMxGyejDMb7ju5rmNC1PT3dmZaVC700lTzi6WMFwWLEw8FMFXny0L4xqvqpOhbJhEfNJdii1m2XhBhAvUsuNLmjYajTjzjlJq+bPmy7B5jGK0haxHoH7VabSGQeh7MginpkoDZt2EdatzUcTQ3DAbNhpNJE/STDt/GrfuEDJoiGVB+gQzBKUJO6Vg/h1K/kPLtJuehNxkNoK4XCYpW9k92ShJUSBOVKBt6uCUDuulL6Crw4lEIpFIJBKJRCKRSHTHaast115z7Y3r1m/cOLcwOzOlRCKRSCQSiUQi0e2s9RvmNmych9jQVluuUaK7pAJx4gOnCcMhLmtOFfIjmKDy9oh9Jpwgwom5W3wuGw4vQsgSopjKfRmeE+gglsG+JroKJU6IHuq6RUb4vrzfycYGF6rGqVTRWw/LICGRONcWVcsmEZMgk2KYdtTZohYJHd9IoV4/RMx/qFr8lBUMS/iVM8zIIqsVzdiH9R0yjqHBCDJmLEIfDJOjhQziOgW6YmAOjULZAOo4tw8XrK6ONfJEcZhX+3g8bwzn2BvB2GojW4hoXasNkSEOc+tgoHBba+QMBXuSumFJbXh1tWt9yxIAShwq1ytoDD4ubFzfanfS6Q5E4WGSwanIogmsnXOGUmTSgVedgrA9ZmlJTGJc6hPj3GlC7WzdQYF/hsDQjcZRCrY2CONXkL5dTSBq8JQefzNk1eEtPH8TdkahDlarTmWSofwrzCBlI9OX1Hctsc7BxyZ8FaDokiiJ10Gsx6NtXA+OYGCjPK2G5hwp5vlBbqvXG/R6/Q3rNnSnuqtXrZ5dNdNutZG7SLmAVs4JyRJRheCatzli7iTkfbER0qQD48TNCc5IwXOEs47BFs5WoyOFpo6Mt7+6FCfQCWsxrBp4xEaj2WzkeTMnDQZNvgj5WMSKFGQAU3ej8c8RYCugnIFiOIk1Q0WEj7APlTM9cf4oFs9Ozq4njUYjTaszzpwN7o5Qmw5bsFO2IvhGCBs94vKiRlM1ue266oEgJyKRSCQSiUQikUgkuuPVajZ23H6bv1x13eV/vPIeu+wg3IlIJBKJRCKRSHS7asPG+T/+6Sp4ssPdtoFYmBLdJcW5FEIAmMKkPtNFEtAKfOExFLejcdYMPoBIoVl23kBbAXLaoG+7O8cHeMKBVeVBD2/twMHHmlvFUooJD1OBJkqzw4ozO7GVzwjjF3y4KhbNsW7X8Vr9anIYtMJZrI2bGVuehKrIVQGPYJ3DygTixB3NmaZwPXTERCsVh57JF8CoklkTU1ComhGFkoPuBtETQyUNpchxXSZywgQrBucewP2q3DysI1RcKhib1JoXRb2VIzYQLdEUfI+wn0Sr4AKj2QKnyrEzwg4tr80lJSJ7Erd3TNJoXdviU+yoUUJF1UxRJtW/qYaZMl+cHw56c1mj0Wo1soab9wzn8GGdgwPH4S25BSU2tSoxOkHDGozl08RWbOhBkwMxE+VfoYFMgyZH6ZPIKJ5rtytiMi5buVToKLEOT1x28rBxVhQeI2NCihnr8+mk3tHEwwR0ySWGmCF3uSZMRGmG4pxjClFrZMJRljBvq2Qu1ChMCBPn5nK2JaXbnV4kOqU1zubFcGFx0B/kvcX+/MLi2tWr2512x7meYEXh6qapTzAQP7q+O5ACbZY85Ia2LKoiJ5i6MJWNjbc2Iu+TAMGFHF2OY/EHNh6ysATQuEVHsbOLW9NwscUUOVlZtqDOdrsdoJM8z/v9fpL0S8RKKmOlYFQDByeSBLmTNM0DBJMwcpImzWaTAJQqJZClxg8GA8oiVDJ9Eqp1XVbIC4XalP99o5BxKbUnxtzqElE7wZUlLMGcwM3/rmFLJmFORCKRSCQSiUQikUh052jbbba8ed3GhcXe7y69You1q9auWTU91aXvhIhEIpFIJBKJRKLbRsM8X1jorVu/8aabN8DLqW5n2222UKK7rlzY1KMg3vyjel9HVhHWePzCOPzCOaBgLJPip5TOBiPCEIJkbIVTQOBLFfLx2Cj3SsVkUFjZMRoOAPEhSf6XQ5HuneAkYl3SGOtMVipDFM3WLQypKBtHdfGJDV3036j3T+KAZhUo5xj/EvlXQsA97OdpEh0irTyGzk8kSiihqzQpnDiCqQ3rLRTQHsKQWwGMMVk9FMSaOADFxWedqYnlCLIfK0OZSnR0ID6Y8cFb5cPa3C3ja4q7FjfYzQKlAitjQ1YdBCzQzcBQr5cAOZbTeOEV0hTe+UCP25foJV5O2KLjd3Td/mTZJjUb6XA47Pd6qqeGDYJOHHZEKAXtlYTkRqAU54rDnzRDCgYpLWNLvkDgdFufeAldg6yCq4vj+pSPys2N0PE4WcntLVsfg8BVxC9jXCtcQvEWvmCKskx9hYSGcZmEWROHb6WpdifXXcwOayBmgk2T2API0xmKIK1gMaQ8L5fwNCf0hOAYHHXTzNrNBjIX/cFwcOONG9dv6HY7M7Mz3U6n3Wm3Wk06TdZPaE1uNmZksjosxKdxium0mDvhlsc5iTj3TeiXX6Ssq6S2PKl4GLVzgqHLzjureH7FMS5cstnEpDmgnPLuwESC5dphTLX8NbgF3oQLHpdHtNUpGBcZDvNGM4Na4A6aX6zdjrjoE7EC9YdTw+cFcwlBy8qKy8MMURWDwqu6nnDRaz1x2aiW19s5gZRIJBKJRCKRSCQSiUTLa4973+PKq6675rob4Q443wQXiUQikUgkEolEt5O222bLHbbfRonuwtI+/qerjBAcMNUugKpDbgeCDSi4ymRHJFVwpgvK/+K/IZ9xde5HxcklDMMXo62JvQm0i6iHZCc14sT6VxzntTpsj+ujfDoqfMs+fN9eaz2CN4wEypn5sBFxwiFsO8mSRWsd16zHcu7E1gYTT4HrvB8EGmZyL7El2pdgRLeg4UXoBM1OMJ1IacOpYFjEExcW9gpv8SFcdFdVXhCTNeEtHxBX1eGqc2d9kD2QQ8l417wbhF3mqLoOfkRDtbkYih2pZyzJjh1LnWOXqnm8RP2VjUpaCMgrW0JUf5gP8mKATid+1HjQqyHjDX7ccJgyncIcLtGQQ7OLjUJsiTOaYNoTnt4lESmq0XBoAg538MBQqp6T5U5RDDGEi0pH+WVMMHEhQcdKXjIQcUClRC0QqOVrwJRcyg9jdbEpciuxCVwkqkyMNgmRJJyjiP2ACmqK4hWJPHjcS1u59PAYJinnMLImL8uFhUXEJ9utLoInbUZPmi027CJihjoa0AliWvCs8TmFf1J6wlYtI+OjvVmLjYA7fsl0nutxokZyy6ixRYSWUqN5jUrp+iPAjeqxge9h2CXLsgJm52A4JPaESRGYUYzsuJZQAiNqD+flsewLk+Z5UWRFs+Ez7+CIZhmn3XHrY1hAQ9tgevLr0DvmagK5EsMlOsrOo5aV3dQaIBKJRCKRSCQSiUQi0R0guOu9evXsjTet6/cHvd6guL1STYtEIpFIJBKJRP8XlaVpp9OCGN0WW6yZnuoo0V1b/mvn/IXzkGqH36yIEw6fG/91eAZTDEcaiTQpMO0Lbs8wx0NCORnI2oSCyJSVwn9FP0q8EtMWcQBfeb6DXUt87F7F6W8i4iTa1ddpOP6rnX8L5Y9J/Hf5CYNJxggDDohz3aZqZ4iouiHRtahoTJxM1BhxsgR7we4mpnKCKMnLpER3E/i3KDFvkTM4QRjF5dlwPiVu0HzzFSXKKb2Th09e4okTPbGdHGsO1iU1fMQ62xVLdEtS7wtG6p1HDtM8FZOikmTT8eFAX3Blqs6gbLl29gXP2m+3XbZr3UZZugZ5cekfr/ncf33vxps3qmWNT2otjEqMC04TxOAbzSYMIwbyrcm8rwmlU3H+PxxitwQ/cIIoo0I6K1g9FXnEaJtAhF4lBZJFcELSlIw12L5miEYVpoFuKoQSuBOHM4d2rayLxltplAn2ErQhGS3h/VLqbEOtMud2Q2xWGBC+PHldUNV1p8kww+JUZB7EqixLojw7bFnBdWlDgJVKFaweeMGRaQ/0sTA4IC77F4E21SWXkH+JtikMry6hloCJpVlqC0WIltUIcJQ8F5E9SWhBYL8YBCt8o5NMYT3YuyEsaQuLvUE/TfTMzMzs7MyU7dDiRismGYGk5OPkEo8lmPTIki0Nnm06mC5UwDI86GbrY8pYlvaQiPH0huZ+EKORWl9MWUfM6VAd1gzXmeYlz407Lm+Wt0A/EfiAhdk0TNlstlqwquQFypbIneTDAdwdg+IacTVKjYZQDjdSlc55x0L5fFgEnxKd6RbU1W650U5TKAC1ZxknP4KFn4xrosUx8oyiU8f0CXcq0TFLwmOoKFGXY1my1AFvNG1KzlJ0ZyNWIpFIJBKJRCKRSCT6Py649y23v0UikUgkEolEIpGIo5TekCSNMkIon5YCA3+lQzA0Rck1whDsauJcOCBQq7OU7E0gjphlsBEChhD2zRoNbThcrrxLigrmFzaE+WP+xBmcaDIUSJS38vAeG8ZW/IpvbcK8RWX0kLJTCzEplAnCYTXwNHVd804gOoqD6pCzxMU3DaXCwRCzib+Er30XCM/g2D1FsumJ1T6HDmEA2u+gCdShGDElqVFsVEFAgUoSZ7OikC5hF4LhcDjoLWL42JTGAR/cVJtgvZazENr8d2YAABAASURBVGk92UakYkN8B7mhVJb6k3gPDgcuoN0Ecz4m7ErAgFLe+8Z1MLL7wKh3LWstZ9ZxZWJMaNPSI+DHlmtnP3ncv87OdNVtqvvsusM+e933sNefOMadqGXQE7W0w0KBjIKBCd9sthUyKEXGFhGuRs3IU7W/1uywoSMKwY2vN/SAKZF6hAAmhylKRZcdXXo4P+BweIllSJ5UbI/1XirJMiH5uC128tub2jKy3UZXRcgyE5WL4Cyy0CiDhY4rEGgVGzLIQHWYmoWuGcXEDmM2njpxaWgcUUUbYERmd9lpzX1379xt284Wq9tbrOlsuTZDNkJzGprosdZ160a+ViacjbHtY/vVH8eOVTviZh1rub2GA7swZ+bmzcJ8se7m5Kor0+uv83mbAnXHA+sAQwJ6TMNwHjSkXMo8X+gt9nu9PMe0O/Af2SrBNKOFk7ihkjxPbJFrhofg6GkyGAwa/YZLn5akjWYTPa8KXAvwdYpbdcIeM9weBowUn32Ys3Ash8hEUp7RqVgn75QTxkGpTRuiiEQikUgkEolEIpFIJBKJRCKRSCQSiUSiO0BRqC8JG6wKiVoU8wcUKLQ+wQqGvq0XlG80Gpw3gcKMFBUmm5NEJbZAuIENRBwson2yF0+fsD8Df39fefjD+amYykmhzpm4Ur4X1oX0rYvSOopGcZyaK0g49K+9dwv7mnhbBwegUECV8wjR4ayLAkcognNaqMZPhdQ17NnhOube8XUHe4lgI+FC8y4aawnNMeR/gc+Hw0GRDxQn2VEmMs6w9KiIamDLDKOqjgTWZMxbYRJf4JCeMOycUYlJFJ9Ph2eEH1TnO1P1ziMM7HPh8Qc3MlbVrGg2JVv7V+sXPGvf25w4YUG1z3/m4z9w8teWoEyWQ09U9B6PcVEUiUnYsAPRq0Yz40RTUdTfZw+h8eW3+GzHBI9CjxO0JGFwh3wyErI5IWsHNUScyxqiAooyTU1mSk6eQhlkKvBjSWhmwtvxC3+uN08TCQBbZaty13kollAOHZz02lkJxdAMEwbKD1o0oVBIORCmkGj2EbHworXl2i0e/uAtHrTH2vvcK200bG26u1ee2FBWja0lVXnHf9g6RxLtNb5f/FiVH9/L1o+lPWkz8Vh6JXs1W7rZVGu2DIAX2uBc+Rf1pyvSS3+f9ha1GyKCnJKw/tBSzosyrC7NRtZsdrpTeQ5rzmCA/zi5NV6hkwoviwwF0Y4GjjUc5gSdkPUJyjnwwL8gnWqiT/CKcPmg4rNcGt8tHTgiPLHOI4fBQY9QRdOMrx+7GcuKSCQSiUQikUgkEolEIpFIJBKJRCKRSCS6HYWeCEuFmd3XzjEIzOYKFASkjBXWJs6EIUl91gmObVJo2X1fHfe0bJBiQ50TD0aJKWqOI9Z65sSuyC6D47Xagyz+YMxMVNFiFwQPjiuOhbHGh8iDL4gvHB9CJ4nrI1cfhi6iC8jCgtiUUEn8hHEaF2hNwkZMpYN5dIohvMasF3mf+m847whVYBglUT4+rSocZmRkPOXjKRI19m7oq/ODYWZHM90QQt4m8YW1c68g7kbHJIv27bBxxgsbMnTUB6EazCXBh9BMu9sud1O3m+65y3bxwWrN0JM2BunRR7wqIIhe4Hii2Q9cEouDPoXhM4r6Y2fTxJdVfkr6iagiKkV5BxrGBTC/jpu0eEJTnDEJX43wmMN0sRnyK5hOxlIyK4ruc6YbXRFFjsaqX4B60vU0snGJtWETsmMZenixCFtcHhlGtKJxwJXCBPBCl2FfagfTKmSjkXBqrdbs7E7/eMCOT3gMjPnm+pTUWI/by+MkkCJW3dJj+S3L7esmK8y3ne+hdt7FPuoxwwsvyH75c9vvV0gHyZ0azxAmlgxzWg1j2jiHi6LX6/X7/cGgPxwigAJbVJQch89jSRMUpmCRF1ybUoMkSxuNRrPRbDaKRiPHuYjEScI4SqvVCrQan3jC/twECM43XH+SmjRJKyaSzr7x5KEQJyKRSCQSiUQikUgkEolEIpFIJBKJRCLRXUSpTqJXWkV5Woy3GCDipCTihFJ7oPGG30FzVJHSKNCX4BOqwgVEKXuDIsMGRhi8+Ugtkm09EMJhaNyUaE9+aB+m9EUnydrwlolSvYQUDdq9pBp0HcWwIfzNnh52FHHhMKsPf3L2GRPcPRyIgQl4bNUpy0F/t7uq2zfQS0o7kaUQ4zVlThmKytLAk2GeD+H9ktIWUbDVEHcQPGJCV0fGonppoq3aRXcnin02DEf+aaAKbTwr44xK0BEhcAHI3Lh+2TB6IVcRpTjSHGZ35xp5GbWUbIUhKTXZP0K1Gg11u6nVyAK9Exo1CbKob5wEYcDJpHwlllEQDOJD0L6JA6LhIJyCRPmUS+zx4cY5opaYK1H+wuO3U57IyFxktG9i2BandNckAz95npcJ/kcUmPM+cfPcnyv3zC7Xk4mbbxl3EnFYFXnku+/mlK76rkIZG6ACD+dAC4xlMx1KKkWuQEmntdMzDtj1aU/MWi3fTu0JD7WMd0jcr4jXmOxxovxeK/c4GfcpsRGkpSoGZeXt1Eu0U9V64IcQH7Isefje5YMeUlx4QePnP9MIjpjAylUt4VWtSY4xhE4he9JpDwfDfr8Pq9EAHoeDwRCeFmijAvObADnr8/UEcg33HuK8hJK9BA1piJHC+dhA4qTZ6bQbzXaz2UgcTYLXBOWKcmsQPSnDlMkajTTL0iRNbOJ+JUQZ1MZTOIlEIpFIJBKJRCKRSCQSiUQikUgkEolEojteFBmszBYoRk0RcQ6hE4xRYG4dFBfiUKP7OjoJIuwulknpRbBCw1lqqqQZ2kVGK+wkxJ1dCDXYgUQNovioHQnKVtyFl/vivlJVIHdEdsRgpfqmvPVf4Oe4p/sWvXURevZXSLV3cHH+EVWMXLuQes0QhYkUG8kfwsThdXgCMVqI6yIwYApjh2VZQNSVE+goVUbYCseLzWino87qkbfcM2/0MjYiPrRvw5BXiXVc2h8igTxZwy1PtEMiGAay0dDz2GOnOENQPSi8THx4UvjYqjtOY9yJnsidqOWC3D4VlHVjajO4hHK4ZnI4ryaFH09mUXhfWcOwUuX0gHMIE1IhC+TOBL2jmLLAaxVJJXSmgKlhytSUBcybsgrSW4KVOIoPhzN0tBQvzkAQ2YmzpOqFuu0Vm1LExEnYonhNUeEicSRGaIzxNjt0BTCApaa33+7hR71qdoftAtWxEu+QavVRy3mcxFvUrfU4GTni5rZzZPs4E6MncSd+32ZT7f2I/F73Sr721WRuI1/eVtdoH2c/o3lqagSWlMoaWavThpHOSb1ebzgcDtj/pN+HLfGZ9bAUpeApFTIpSuUqRx8oTLuT5jlOVXhstvJG1mg2m0iTZCkf2v8SwjpKSubG9AkIjYKyjBaekCQIc7hp4U1EIpFIJBKJRCKRSCQSiUQikUgkEolEoruGOArNsIlhVwwK+SF04r+BnrO/CedVwMQh2nMnSQBQnFeFtyjQHkrgo3B8PTzhrcZHmZWu8Rk2Cp8S9lJZkrhA/Ei8kZKVRD4jcexVVx0dCRoTbsJNVtb/UETbZ97RZHCSMn7hkzzwQ4wf2EnhT20n5H9guoCfoGHMYICZK4bD3JihsUVpIJKLxImBAUcowdjK2cAF4qsujxxvwoEwQL1E/922RDPuQ/4kmvviWAiGhJRV7JaR+I6HQ7tMRomzcyiJBqgYCXc+VhQbdkOibh/oYUWKZpVWanyS6VBMTWxlu92GmDw6j/jrJ7MppiCxZQEReLpyMMlIA0L6aQrjmyQu/Y2qzV2qnmAkj5zw8PoMWBrpIy6DAFKG89IbBLnMSIrQE9y95Gh+ifMYD6oJJqNq/WRIKVtNmDHcohFzGq3H+ZQVZTdJHZFUlWW3H+27EFMLCeFdNSSFuu5MiBIEGBKcjTDRkq0ecL+93/jKZqejVOwdEnqm1RLeIaEpdVJj1ONER/sq/xgPSf1xuWONHFEt4aeydDtr3i1WjXAs48eJW+n20mu3sAc9r/j615Jrr7Junf7/7P0JvDXHWd+JP1Xdfc7d3k27LNmyvIC8gbDxBsYYbJYZhi34PxNI8ncm5J9JwB9wwmYmDDAhhsQhmLDEcSCesAfIAsOSYDux2WywjDGObLzKsizbkvVqeZd77zndXVX/epaqru5z7n3vK8va8vx0dd4+3dXV1VXVdZfne36PLGWeIacMQxnEnpC1q0xNi3s9a+beb25voRNT2+7t7Z07d253d7cnTx/X9wZX8sBDyCuqI2AE1w4asHgwzsM49H3f7S+W8QGoq6qZzeazeTNr6qaJD0/TzLAy04GDWC8aB+HDE/reg2tDJrCYdKySmU9VgUqlUqlUKpVKpVKpVCqVSqVSqVQqlUqlekhlUm6UlNiGPqvuOX2HZITJgeAY5WsaTApjyfYjZZZhWw8BTuhD7msSa9jMpYh/SgqtGkrwQhFzTzHLLLq6GXALDH47tkAYzDuMGB+UH33naH4yJgmFX8hI+e589lzJKU/IW4FuMtgE1SQgA4ZbgWwfEUKibHiLWj50AiE7tG3J8MTFaG1HmVji/51Hm5MeYYHQ0+k9kwBIFAQ/ICZB8pOMRjDd9CjuTPyQkbsu0/rk0QycKwck/GzL/CYMjqTANCEpQcikdC0unQAjCMzmlO2gy/twJDwht+8h5E5IxSQ6uClrDm1tb8cA+nKx3yYPiDqKj8UYPNqgOHIN6ntL3g+xtDWUfAhNHLhnY6w+TUT8b6AaGA3isch0AsbcoSbvk8COFHw5n6d7wBw0bGzB3icm8SU2ZbbxYcolBWPW3LhZ6YELilaEvL7AmDKRWkvbn7QztjNwMipmb8hsh/pGbubxX/HiZ33L/y7+HHBU75CyXUW2mos7F8akCFzA48T4kd/JA9DOdVfP/bd6bnHW5qb5X/8393v/2b7/PZPhHAyexLcoLhi+GCBUg4LZrJlvzDc2N49jvp041bslql0sF12LAF1eSYVGDGiY1Xe964l8qmsaNTxaL5eLZonISdO0m22ss2nqmt73JJOXbJo2DhdHyimFKybe0Xw+i/WcApVKpVKpVCqVSqVSqVQqlUqlUqlUKpVK9ZDKZBDBsL9J4Nw63st+KiVpdMiogT8hD8JcIKQin52P7x2jFyPoZPA1YMIEA+05PCoX8BOnk+GYkbQtJkdVwzjJTJDkL3QvwkIUNQRJmhMAxjYKJYaSgq3MjXB76Y4xu44ZvFyAIRdPBEmZWSY1LUjwtmh/OtFhPJ+Ik9i5lFKHjDGIRPDBAWUx8r6nzvBFsyYuGACj5CQwVoryD/fny/LWZCcIGiVKWWFTZTyqnOglIHOTWZ9UYpUgSSlI+Pxh9AYmRc4/BCYJkzcPDXeymlUnpD5ZV3isGIu3lSVSwmDIvOvq2WwDqZtkGBQ7qvcYMbeYQ6SJ3R6j7DzVfA77p1RG6BHhA+SBNMnpBMQ6As9COwo7UB1xNPues+0wtMH3oeYwAAAQAElEQVRtR8zFWnxIPdgqz2UiEtJYsdcNHNgxD8aIlEtGxsQE12KvH3xQ3BO/6suf/fJvHp040BVwiHfIuPxa3xEoSY4HwuMklOWKa93/dsJKO5NWz125VpwH/9NX+aa27/kL6t5EHnFJL8sqr215OGQVIROdWMF8Pm+axrmtDqe569p2uVzu7u7u7y/atms73M0TPr5aIeeEYPOMMdKF47lt56qqjYtss7c3i0/Lxnx7e3sWH6S4Z9a4fsguRt+LeMbjTRATGRaLZVooVSqVSqVSqVQqlUqlUqlUKpVKpVKpVCrVQyb0waB4NIb2AIPi+OF0H4Q4McIcoL1J/B8/qW44wE2fYU8kh6focIxLBo7SC2UCBXQilxNEBco99CpESMgfb08IhzQzRV5ZIw6D4qmQyIYcIg+5cg7bg59YnqzaLlQclacP1zNnw4Fvky7MNVuqNF9F2m9WbwuGWLDx0tmekIRu0XWtcz0d44Y5pA8QOgFOnQI5dpyulHvGjKqeiPshcKMgUyDZgwDzlLBpCR/xEhk3jMhYHKJ02ck9HQxgCPtgKddG/K+2Kep9IMswyBxU60OuA2ALQZvMAAB45+ITsrm1VXVNDMSjZ4MncokyguCzEZ8tnDkWKa0+DnyLc6FuKsuIU0rblDxqbLBoVUI8hU2sED8AAljY3D5yRmmaBimpvic/CLqcydRVrI+eVlNhihoT51qwzIYRb4JzgnkvEx4c5CeTJfmCXpYakxg4SA48kNJ+hUufesPzXv63AS7OO2SF1LjwWXC/PE4c+LP9meP1ccoqAxfbzuJKk/Yf5HEy4k6Oeq0v/TJ/+i77yY8LnWZoZ8iA24g1yZheMmsawKCmbjBnVF3NNmZb21td1y8Wi/39xe7e/nKxaLvOxy8aNvJTMuRT4uMZXDva/3hnHc7tuBy2XRtPXy7bra3N+Xxez2LlAb15aAm2jA7S8slQZPw2FWuNFwWVSqVSqVQqlUqlUqlUKpVKpVKpVCqVSvWQyrvgnA+SXgf/zzYnKAIuKhSm1WEQhA0tJBdOgYxIlFgyKwwkgi9QD8FKskvIkAlE2sPhZY6qB0kNk/J9BIlPlzCEkctC3ocRfvEoYA8II24nkG1I5GLxRuVksTOxIMl0QKAX79gMgHaJ+4jhWD5vUFPo3sM4Qm2KUySUS0HXru/R46TrW0yp4x3XKUhKYDBlAuXkO51SINn0JAgAkXkbz/fPNw+5CJqahOF2k4uEYC1MtBTpjMohgXWwS+n6IGfH/g95rAiNuL/wyBHZh/d84KO7u4vPeeoTNubNIcVuue2O333zO77yRc960nVXT65S8ERhuGyKvU8aYg5oVoy2zzfmdV0TIWJ6a+u27zBqTudY3DDeE/Jh4iPnlm3rur7qYti+bpo6/pO9PuialFkp2DRwhudtnpolpMB5Z/hBBZrilQVfefacAAzV4wOL1w0ek/JUprKxIbbCiL43ZOcjtVnzgNE+A9a0JtvWsJ2NgWyJjWUPjngv1Ervty+//MX/9yvjMjSUSk4eEyYjsRdQ+o5c/Flhej+j1+lZDvzp7lwI7d3Lj10yu6YyQzth5KcyPXf1WsnjZLWdsO71Iu8uTtCv+SvhF18fzp1DJsqaUFY1evDz2Axp2AYfGlpKKmPrOJ9muHrirF4uz+/unY//7+0tMedO13c8CQN/Wxjyp9G3HMruZGokovCh6F2/bJeMTzWzemNjYz6b1ZiIysbulRrIjyueFWd7TrGkUqlUKpVKpVKpVCqVSqVSqVQqlUqlUqkeKnHmD8zzwlYagptQmBIDiWhxQgYnNZolUAib88uwwUmqRiAGCzl9R6JJKEaZw5fsdMJXGO2HXMwLbiJoB5RWKRkwsRmVSNFsTjyTwriJaym8OeQGhyC3NA9S8iA2NMk0BkVY+VP6iavgE232/AjiCzI2OqFthi74FhwDIM61ZHCycK7zTnJQUPkeUpqIbKmSZcoN7tkyvU66tTKan8kT8eOA7GtiK5sIncA8DgwcRRA4Bv/3RTNyOLpEe8ZtG7WTKB2f/E+MWVN4ovuHOdx3ZveHfvyX3nnzh+L2ZaeO/72XffWXfuHnri35G2/403/1878dA+D3njn/f33bX50c5buaxu8nZS6EwCz297qunW9szjdm8/ksjlHt0G8ExzhG5WMcHSpbc4w8OI6dx1nQLvsqRto71zV9HZ80m/LloJJDBE/unHEGeCLzQ4TQVUXd7XkqkzVI/CdeGROROC8pnFLCHUpNYnrTx1axtUkNkgAla3U8QljTPxfqEwhpTgnpNbY8Wq1hsD9Jvhq8gVlddna+6Ae+e+PE8XBEP4/13iHrzw1jT5T753Fyd3+uDX0DpvPLe9rbL5k9rjL202zn2uuuUDSTc49wra0t/7UvDb/0c3H5J+Mb4qIKgCMUY8HDwel1yp00LibTgziRcAZXs/lsZ3t7fxH/W+7v7+/t7sVXehQGljE3n82sHK0WOFcxZU/PF6pRu3VT4fPUNLap5rMZ2zRVzExZay74XKpUKpVKpVKpVCqVSqVSqVQqlUqlUqlUqs+wmMNImEIGBdCuJFh8JeIEDTIo7ChniQ8JYx2UAoPTtgTGQQgIkU/Gl5JouViqrEInPpmRMC0BIKQDx8QzPGGoAYK2SOw9sx5iakIXh2yOwthHujjfA1TWJhsTITqsyRYgjhGXGFblvCfCcEjeGuko5jbKG+GdbPOBd+R6ZA+QO4kx1WXb7ru+jZXHPUzwSL/jqT6H3CHRJ2QRYKRDbXYcGbon3YqfDCpQphsaBuZmBKpBJqFECCgOnUAXIopoFEcR9xEDIZtTLiG4CblCl8Nr2QuzCRMvkeImDtZ7P/DRH/znv3DXPWf57el7z/7Qj//S7/63m17xt7/+2qsvzcXOnd9/9b/693/09vfGtl9+2Ylv/NovPujaEr+fNvbwsPYAX/Q80A5dGGKIfDab1ez9QBH1ZENCZjpgqtipsUzXd3hC7zukkHxf9fFMjNtbSsmTRgeSa1AiJCDBBz4krIhhljAAY4EGoPL4DJOlhOf0JokUowRO6ImC9caC2coC0rObhiHIJUpN2IeD5DLyIPeQWs83Zni9yJYn6SGnDi1TucSvJ3/N/3TJE66DocvL3jBr/DzWe4fIE1T4jkhz5KGRuwsrwxyKwZ5eaxm6u/vzfeA8VQhndL69r/v4iebqytRFO+Fi2znu6dVen7bz6H1ir7yqe87zwh//Ia/1VWXy0oMzBOcTTVWZdaGEyiA56xgoHhg0anKmsvNm1lQ1glc7ruv6vb393fO7+4tFGxe/xaJH/CTEV5NZOWM8DzhVEp+jQGtN57xZtvTg7NdNPZvPNzc3ZvOZJYeeuLZUlPMNVCqVSqVSqVQqlUqlUqlUKpVKpVKpVCrVQyp2QMjuHxSCrDgQSa4JGPsGMThJMWn6WDq5fQRGNiq2ShC8gxLe8Ga6ihmMRvBMl3iLzGrkt7wRW0Sx8CJ5AgVFrTg+cFycNhCIYVimyulsMEkQerYInUFJZhwM3MtQqfimMCfBmElRgNqQzDpS7pNAJEhOA5QpGhjyB/G9e9/3bdeF0Mcoq/cdO53EvZTCJifTgaFvZQw8sFOKZO/JJQAyT7OGzDAcqM8WGBQRDuw9w8RJZUovgwQYeQ51p5i7L9CLA4GLkI+sWmAwM2CDOayCI+iQU//Tf/7j1/7cb8XI9eZ8/or/3195+g2Pf+3P//Yfvf3mP3v3B7/5O3/sr37tF/+1r//SWVO/+y8/8o9/8t/ddfpMvMsveu7Tv+v/+Iad7Q045IrMXQxvD29Zgn/olcAswAQje/th7upmFuPuGzHQ3kPvvAtdNyMQiDLgkJED4lx136O5Q2BgxaHZQ127hryFKHeIDB3OldJngkChEMxAHdHDZeN4V7jf0YPGA0/4CuIvnG3Hk01RHPb43uPoG1wAKsvJSqw8EmICZAZ0DO6fqwTP1jynkksGz+C1sNF4wpPmJ048+Wu+IjEXR/LzKEiNyf4Dz4LirKL5ZvW1POuM2zvr9kPOO2MkB83S7d8dbjvRXLlhtzMLYi7scbK+nSuvk/bl9h/RTwVLVM96zvJtb4XlgtBCT+v+sEBYG7LvEeQZFoIZDZDJRxM5FMh8B2EmqOutja3tze0Tx48jbre/f253d29vf7FYtl3b98Ro0eLL33ekbTQzcBVy7K0S/41lfde6eFJ8rKi1iMk0TTNrDkuppVKpVCqVSqVSqVQqlUqlUqlUKpVKpVKpHgTFSDQwTBKjieyOEOPWhukTK6YDgSEDjE4nr4JAxwwnphlCjikMaVJWHWBLBnLz8BRLJLMFJCwsSAx9DXci2T5imSEMOrAfDEiIHwIDLOT7wMREyBWG5E/gU/4aQUM4sm7E6ES+pM7BQCVMg+Jy6wOiMxAnmbORjEKeQIMuuD5A70Pbd4veIXdCWSn4E/6B/FTYjcXCAJZQs03mUapJQD6s8BDM+QikQp2aXQro1rg+CgePzyQPFCFOVimLtZCBKargiSHTI6ReNRJFhsxlQOnUcKiOwDW8+qd/7b+85aa4cc1Vl//Qd7/s8Y+9Mm7/0Hf9f//4pvf85P/z/37q9H2/8O//63/9w3c99bOve/Mf/0WMVs9nzbf+za/+6pc854iXLmgIs7bA2lbaygbiiJA7iVH1tqubjRlUFto49l2Mr8d/yHvEU3IQtIGJB5vZzNjK2Z7YL9/53i1dX/W1QxeHioyGxItnNDrEeJmKczvRvDV2cAaxRuYlpn1BVos4Mmyl9Y6ErhyMmxnjOl/18SnG/D5NXUNVhWShkscNZ+1w7SOM0kF9VbwdLIcupCd9/Vc1m5sgM6j0KTEH+XkM6NBAe8D4LDjkrOFseV1zrT64e/rzbXA8APTkB0gWLfHV+f7e9hNb1YljzeVmzbUmuNZh7Vx5Hdp3wFlDO9ddC9/bzU3zvC/o/usbyuw5soo4gZDKbwPFBDMrDSna6n1eIttuGY/UTdU025tR21uLxXKxWOwvF3tRi0V8MoCmlg8MNmYbpyF1TqD0b7GFvevtMrbLcNPiozGbz0GlUqlUKpVKpVKpVCqVSqVSqVQqlUqlUj2kwkQHnHWFEoBY2RwCwZkLYUMUdrlI8UnxRsglmdyAgiNByoRO9IhheM6Aw24LoQBTMk9hE1qSP1TPDg/USOEBSrghVk+AheUguwR/YWBBEruRPpNvcp1GUs6M90DZmiLJB+Ulyc3N/TNFUbiz0FcixlMdepzECC45nnQBXKwk3cQoIU6JcUBKFsS2JvSfg7HoYj7fjrUV76U9kifIYiC6EsOLghWZeJMADDmIAIb+z92Wy3NKo0CwjuBEIXU037of/HJgPZxwGHeymsJlVfedOf97b7kpFvzC5zzjlS//37Y2h6DzFz77ac98xpNf/6u/9xv/5a2fuPPuT9x5T9z5xMdf/X992zded+0VcIgmiMkF0Jv17a/nM56uGB6nEHnt9OMWkAAAEABJREFUDQbGm/hANTVOhRgz9x09BBTQD5ZsHgJUtrINjbLresaVfOh83/d1VcWa6viPlVRQAhPk4DwmOvKp+2yehIyDyaAgjOXiHgRKYvV1xS1k+gRoQvSxAA1fnLBNE9tna8zmhCiANeJTkodOnqojkCcXA6ccqPnJE9d/5ZfAihcIXNjPIxTZakJJq6x6okzOnVAmq9c65xb39buFu4mfOJ3k1z13pvW7x5orZ3bzKB4na687omiKEfg0+2T+/C/o//StsLubFvf06FrrrWOiECkPK+iJ+JHIgmFWELZJH3JDcVXAR6Gpt6qt+Xy+s7O9bLvFcrm7v7d7fm+53Hc9T8c8k8vpBrlVnK6MwC68dNf1aCSkUqlUKpVKpVKpVCqVSqVSqVQqlUqlUqkeUsUYN31w3NBH2ylPjh25EUACKjiKmvxFJDQJKRrIrx4S+kCxTs+fevey4fk/4UIoGg6w1kGCr0VBTYIwjE1vB++BFIgk8sH71E4xOuEYuuQKyfWnIGnGTZgyGT7kD0V6kRFyIT2AXi9gCm4jFP0DmC+CeBrMXdK3DoOpfQjxn5bpk+Sq4kumgtrk0z0lciUf8x7WyeQGSIRbshqlLxk5KhrEPIXRnNQVISX0EZ+SdRcxo8hv6vnExfBMMMC0CRM/065eQU/W8wqrgMpaYuHkiZ3v/tb/ramrL33B560e3dyYfevLvvrLX/jMX/6Nt9z+ydNf9Jyn/9Wv/eJZU8MhMgddctXPwRxSQzWreZZWiHi4OFHqRe9i18fHCv0YMEdIt1zsx2nRd23jbd008ZBH3xuDRjc4WauZnZHjSYyrx4nkuoCZqGJVTR0w4w5PVjs8BtRAK6QVPllArAnzUbgT0+ZYxr5AuBTADDzxCj0JXU9oXgd05PE0KfwMGtvQs+2yiY+knUoPCTxouvI5z4x9VTp5JOxr5OchoFahgq4Yzi3Km9LdJEwhJ1PM1NG1zvvFObfo4vNMrEmJncmZ7CqUVhNkeqC/t719Zrc2q5Mb1fbhHidjyqR8hXI7I1KfTp9AnFSf/RT/zndk+k/uIs4Hax1NJ1/hd4WaLHBske8sL9HlE55XzIFxo6KYYSqNQ91UcUC3treO9cfP75xfot9J17bx6Vgsl0uk8+LFK7FfSks6jOr0weH3mrieKnSiUqlUKpVKpVKpVCqVSqVSqVQqlUqlUj3EqmMIsOJcChXvGUxKEpTApAUkOINdOkyBm/CGTx4jaUcCNTDETa9e0uuki9txW1aTv5CNR0JOAAbYIV89pPD60Bgq5NOeVe4kEycj0IQ0cQEpjFgycTKEcfNF+T3BAhjHjwV71/X9kvfEr2B8Ak1CyamMLDamBE5uMaxTGHdVyIYzjAwls4BQGB2YlYpzHSYDJeMC6y9usjGEYcyEUjKlOmH91cqzV3aZIxZEfcWLPh8O1ZOvv+YH/v5fg4tTSdeMQJkhQH+obC1JqUyM1tdVHNw6xs8J4fLOw6yuqqZu/DzW1fnFftuZtptV8elDIRhCvYCWJ3ES2vjVe2fxgXGhCz2PYEXhfxMIO5FsRvEcxKtoIKzkOgJjgaeXJGmq0OoGN3jWVLgRKoMJfCRxCc5a9h2Kc9eRt07CXNIjUaU5UvJKK714VA0Lh7kAwfKY5z3z/vp5TM9au9/A5FbWe430we/55Xm3cJQgLLbaF8mleKHpXP8X527+7NnWsY0rk9OJJ9IHyy/dXuv3z3f1dnPJZnV8tZ1rrwsrHZ19SozwJZ9Wn9Q3PLV95zsmqznIcobNdr1DXx7HeaGE0YsbcVaTD4plIyVh54T+k0ea4RsjywTNHC8Zv+Jp1byZzU44t+Paftnif3v7i3Pnzi0XtHSCmGsVDEuyWiEahnkpUKlUKpVKpVKpVCqVSqVSqVQqlUqlUqlUD6maGFmubA78EhcyDSib0lrBSCQx2wBg7JVSuUzgDyFOMP2H0CeOczjYkl8ZLmKBU1Lg8ZAMFsSPRJLGmBEQk6GQMASOOb6ZDD6G9lsKU+a3CT2RVEFcJQXAc1ewv4gJQ/aSwLF8M6SRYazDy92Frndd12NWHUyU0i+8d1RnoFQlgepECoTvDS/jC9bDBFgXyA827w65LDMw6dYMoyacgIW7iTZsZlxShpQxRoL9NgVSqrEbChQEhoUhq05qDh23clkoYaCBxim1Ar4cBBwcHV/49DVyali99jA/in2T8yA+REE2sDfirddxE6ERj1SHc9WsrmazeVVVtbWL/f12uVz0rkbmI8yapqJUJpQrx1Amk9qC9SZG9hFxiPH1DiAWxTC/rZikspQLyQSGh4gnEfALQNLrMCc1WFIMABIn07LGEXdCIfxAAApVETcoR1Rd1xW1BhIdIvXT02eK2ch1hosfOJ/Zq3Wq5vPLn/EUKKiRVT8PADjcO6T0OFk9a2WSmvSKZ8X+3/fdnl8ufCeECiWX4Wbzjeftd5z/sOsXN338d174Wd9cV5u5z0rvEwf92e7O8/09m9Wxreo4mObIHidD+0LGvj7tPmme8ISuboASLSVSpFgUaKFxNBkmvB5a5lRVCHXF8zHhIAk85MUImBvhizGmA5m5MyHO5trOPAJZzdam39lxx48f299fnD13bn9vD7OU9TgVbU6vQxxMkvUH2ECpVCqVSqVSqVQqlUqlUqlUKpVKpVKpVKoHTZZiyqGMvgbIsbzSCEQOhlHmBPIZwVh34hum2Ilk2MnECe0ueZNszEG8iDdpO4f/LYc0QTLtUB6YUEInOfI7RlJChiAMcLR0dCsmfY1is5wxY/yZf8ZpeCNZe8hZmFGHPo7vfUc5IpZ913lMstM5TI7iqwqSDwJBJ+X1BgeWIeruR7kpZFTMKLYfTEh9nzqLmB/0jbEc+ZWzw9i6ZSBOkmUFEQtcz3CrAxJTwC7c7rUcyeBrYMZuMcW2GeqEUW+v10NBnJiyb9Y1JU/ZtZRCZp5Cms21rWpMk9M5yrDUeofODnVdbW1tN80MuZN24Vq3cItu2c1ns83NuSXkh8gmCvEbNJHxlC0Hg+89Bv4bpFZivN/EuRXL29GMGWL/qdGjuTOgY8krhSAZQyxLcLbqXRcvw+QJTmXnxAXJxoshkWQmUMKKjsidmKI7w8HFLn3GU6qqvniPE0jsxfryY24Dxm0fWJN9v9zH/Fiep7IxULibGMoUJrX1rn/34mN3t/eesub88uzbPvyLz3r8S7dmp5LfSXY9ke04LXbDvee7e2ZVHPWtjeq4NRUc7HEy3vuA+r7EmfSYa8PHbkvXgbz0+jFUVLoz0VbFTjkMMIkND/qe2HRKfrSKh6xIHxZoWtNcJ+IqTrO6bmbN9tb29vbO3v7u/v5ib3ev7/tYQVxd+97l/vQISMGDu1SoVCqVSqVSqVQqlUqlUqlUKpVKpVKpVKpDVMSKUwINDkZDQWqMmAMjFAJBF+CTyUJZhlwegmTVyR9Kz4lBEohgkpMK2Zyk8LlgKMGUuESSD6EkTqjaMJAa6SoMAFRWas1mJwmYke0RRiM5gsKELuBLGYFePN1qvD0MSTvMT9Iul8uuW3qyDIhRa2upXxKtEtDVZBRHhjAlTlbFke7kMQEAGe+wCTTheG0GatLY+Bw+zhtWgKEgFjLJqsIP8f8xolJurudNxiVHw8GHJk4mR8IR4MHXWoOTyb/lgbBS0BTcDe0N6HSCAJd1hg1Eeo6XW2iaetZsWTubz9q9Zd9hTqblso0jOW9mlHtEMJ5A9j8xGh841QhaTvilbxFpqevKh7pCJxLAeRAYNzKVOOOQ2QwyBTRxfDIFSm0NPBOwarJOsQGhE1dXpnX0YKM7C6pvO1tVeLmqCraqSq8LP+BFB/TVp6tTT35iIiRYIz8PAwf5eUBCbCblTeluMjkX2SDol75fhn7hu6EUk2iSIiaTc57qxNe7uvPvOv+hpVsC0HNn7H37p//gA//mGdd8+TWnnhHE3mPkd5JX2M4vOr9/rru7qTZqM6tNU8VZYBprmvF9DfcDD5zvC/dh9bjH+4/fTgt0xbfH66TYV3Ev8M3TUi6Unw+u6/moRS5JJglmZaqrUQOKBYbb4wP3qrA43oeBMyRyZWtzvrOztSB1vWvbdn9/b39vr41XDHRpf+HVU6VSqVQqlUqlUqlUKpVKpVKpVCqVSqVSPQhKLMkQPsY4oBFSwQ6+CSlUSnlnJFEFZV0gnw/KISKeCxia5HMcHw6h+Ki7BBcRgoBMtOSrVxyfpeuFFIS0E3bhYP4hNRSYy5D4OJIZhpKRDFYc3qQ8MsNNhXHWHuBYc268N5JaA9DlAE1cHDqdYOh12S73F+2SgqfUeaHH3BHoFRAGR5McOU9WJCM/kdQ/wGeJeQyULi9Yp6UOoYQ60jXcf17iudxab+SOSucLRHoo1GwKbkL6O/WaFTOCUW+HMA7uruAZYeiZgVAxg63GurNWVA5ygAdJBxqcHNpaU5wr24lnsqnGmucfzgjnXW/iM9I533vXOtfUFX5VG00977q+XSz6+Nq54Numqao4ZjycnD8HE1QBpd8x8YEK5K3T9z0+XZWr0IoEUZDKJKMbRgqK7vQDiDHsTI49aZLhLTNS0jiCTmJtCJ6gmQ+5nvTOVxYxl3g5nngrPAGYBxgC2LzsVOHMAeZofh5tcDNThXX+H3FXF3p8jUtWfEwDJjDqAnZr6g9Cy8SVZPA4EXZEjoZEnJh379522+KTIWXYMabifuhc987bfveOsx/4nGu/qrYb43rM+BW7sXOL3iwLT5QKGRQ7q8yssbNYY2PnzNA9YB4n+fXyy3D6WJMoudQ2a3EpT6hNWpllFlnyffGepyO1jKZi09QIoDR1XTdyd1b8pjLbxYsMrWspA1G6GeYY4xMTl+fZbNY0Tay+69qdna3d3b3d3d2uczT3PT0Cml5HpVKpVCqVSqVSqVQqlUqlUqlUKpVKpXqIFZKzBwxODcVnzjmKzSYJKUGHp4/SZ+eEkKwUOI7o0JDBoRdImY7FSHjRSkYYEBOSUZg6FDFxjnRyXNLn/SUpwQ1bSVBDoc0UEBfohOmT4WomMzRci4EyLVBgU5ZkdpJcTwRFcXTAU94gxE16h1l1unbpXE+IgU1dEhLvEQrcpLw/I/1X3IBwMAm4sdI6OYzZVGgnW7cYKhVrsZQnJ7FDwhaEAnGh4K8ZDBNWqJ1hx4pbSTgyABLSSxhuZZBZX54OrXMTgQcBPVmDw5iLMU8YozimCMsD1A5JkQpdaKoQY/rInLieHhRvcW5UeBhMg048Fc6hZbuMgfQYbkcfG/y/IqLEookJxvfxecAkJpamqGOXIV+hBUqc4sFSwp3AxidAZBI9qUyR0cNlk5VF8usY7sPQg10j7NA4wOwllbE+ftnKC1ngCXlB0KwiyxNWSbeIT8YDh55sX3F5OMDd5BA/j0/1e4NPyXBWOik9HGM+Ix0mXxOT3E0wn87gbsL/sMcJ3N3t/vm5Dy39QnoU2P/DD4tMgE/c96G7z7/uyd0qwUwAABAASURBVFc+//rLnpO9cEq/k4QHDVwLD1lAFGbRuQVfOJFrAmsMjTZFzxtzxcaTDuoTGHuclM4o5sRJqj8uLpmDoxlF4Am75AA4qXK4psOJRTBfWrbiDAm0DlLCnaaubUP0Gc5kskGp2GyKso2lBWLgToi4owW7SiPCa3HTNFVTzZpmc3Oziytu18ev5aKNSy+oVCqVSqVSqVQqlUqlUqlUKpVKpVKpVKqHWuJLUewpQqKpQMglQ+IvaCd5MYhDAFuIUGyasQlGPzgwHYPWFoQ44UC1BbbDkCwvTGCYEW8QUmB4jAWQtwYd4FwiIYVupc12jM5YaYpcxhT3mELw+YLBD/eWw9Yh3V4MgWISjhhk7b2jlDr7mBzFdTEUTxfB4CzFX71JXUeXXAM3hPQC0+6XMxA7AA5HDyYBllgT63GD7BWQaAmUOie1VsLGa0EOQ1Ftwln85FhiiVKzw2gyHEGln82RUJUygH1QgQcMXzjsInnzQlc7JFuQmZIy9bLtKkx2A82sjhHz+K/rW4dUSb90Dvt1RqmRwNazCnPxgF22ix7NG1ycslVAt5rYqY2lLDuUgaSKw17hMwa+AiyJs7KPz1uM9iMdAlWFEy5WW5HVBz5s4kBDvU3kUaKoEh2BVePEp+lFJJNHrIly7lQ90S14FfKXAPIvQgYFgRpkCBglyK5ByfDjgRm4jVPH4SL9PGQywxqfEm6Yp/0+e4qkc33hbuLHriTp6syjmE+1Zz+8uOP08h5j8gri5carbDbDiEhYusXNH3/zLXfd9DnXftXlx64vvEzMOteTIC4g1E6bCBVuLUj7y/K5HouUzGF9ss7jhPbaY9uePKYwvxANokuWRyhLCy0zKIEtmFBxmScLKePMsFTgcUrMFGeL7TtjekjQSdOg+Qml4EmrM1FZSO/xvTB3Qt5AbCfDK66YYYVQ1c1OE58j63oXH644DVuFTlQqlUqlUqlUKpVKpVKpVCqVSqVSqVSqh4GM+ILYMEYxAEZ8htgd0IfbE5ZhaFeMR2OQkUOuMd5IVgjZYkSC3jE0zcHJyuQ8N5J1gWPEvGEKaw8MS7ppa8PAtwxtG2AHA/xZelOI3wZxGQhSMhEhBUGTDAfKy4mDS6AOoGi7i3fad33Xdsv4jw8d5tkQQIDj+iZxPKbs5OEGwOatoZdlUz7zz1uGEgOxTQtFZWOP48mEnlA/eWYEAqz4TYCYB4hdjYE1UIUFkwPVRvxc5Lq5VXlKcKMPyWeRYYNwOHJyMTzCXffcd/11V8FnRqfvOSNbhzASZvTPQQUG4MbKRr3rPBEgfuZDQxYP1jbVvLK+jg/JEnzXdfM4X4kmsVVt57OazCLQS4O4khAnXOd6ayhVD9qipCuiOwrhRoSEYIfTCfF5CZZMVBCCsJwnhSCveAj9TtLAZlIMeBr6kCkvWQXov/imMsPTbm3FxEksSP8i3YJv65qnaMlPyfOUXH6y/QcUhy+ojVMnYex0AnCYx0miK4AsM7JnCZ7kaWb7IC5GPE+T/wd6e4C4m3D2nMBPApMcAcTd5Pb2nlv27zjXn89rBwCMXz3QAiltFmoE9trzf3LLr162c80TL3/eFcefZMZ+JyFRF2JlQn4n+VwZEc7sI8mxxB0EUj1hvASs65OhD4uepMNbO2nbEqRHTjlSnmGiuOjXkkoHHJN53FQfiiRhMneM5eUQS3XsVuWdxe8Kgz8OWuVUyfsk94A03iSoKIS6rnndjdOfepx8gchBpWniVw0qlUqlUqlUKpVKpVKpVCqVSqVSqVQqleohVYp7pm1jynhwphc4vMgZWrx81t1g9BHzcMToeR8FBKFwfJY5CUieGRzHpCCo1M8havnAe+nSIblxpjHpIoQtcecR2CAh0pAhEwplZiRlglBwAyCnd8gWAYY/6i9h2sFPgULJmFund/1yse997yhZSrx9Y0MVTwvkB2GCFXiDb3o4HzLBk1N9pMAvwyPSO9JScaSwZDBgCmSF3ShMivQG8YtJN8dFpswQ3ckQZC57ddKJ2VpmTPME6WBgb5lQ0gMpep8LIvswGkGTESK4aP3+2979nM+7AT4zesuf3lw44Iy1ljWZkCelgc0wrWR/vQdVDWgY4rzpY9Q+TpQKkL2qbR8j8o6gkODr+D4+S57i6fWsrnisHPpFuK6P5XrMx9NUOHNqyqxEV0UjkiAdHU+p8GFkyw3KABXnJHIqFOCn6W3J9YRpBmCPHKpGhpuTpMR5HizPSLk1YriYbEDkgBw1AiXbwQXBO4QQ0BkFuZkK0z+NTIfEAGXondRX3OXCQQwKk4FotjbhyB4n2dWj9BHxwp1kz5LEX4ycQnyiOmA4F4Es8UFZuPaW5ac+sTy96BeSeSeRK0HAkJyRyxaMCCZCGoiKEE7vfvz0+f+wOdu56vgTrz751Eu2HssOJel1rfdJeS/TozD2R1ntEzjU40S0Me+TfwnxIia5nIAVVyq6FuODwTOLYiziIOx/AvkEWaGs5TxSiaELlLCJ6BFZipBgquv5fNbMGn5g2DWHv3PgPPKQ04/FaewNzUM0pOH5aicPo0qlUqlUKpVKpVKpVCqVSqVSqVQqlUqlekjEwTuMWpKRhU+5aYC9AUjxaIyJO/rkOkcXPe7BqDOyFxgd95xzx2JsPUYjqwIckY+sA3mekOEIXyKzFLkYR1Eh8RTyIX0jviASXOedQJYEKaIaAuMactFgMsYBUjyXTFYckCxTQGwNMAzrhboREiRjGuQFgaRJu1juE3TiyRyCg/xocxI70RvJWuIYpuGoacZdmNQICdLgCxs5B3OrFAYNsZOsEUcTaooXj4qEzwQxObAF9ZB9FwRjEe4nQHYjMAMWATCMjXRvShUSAApYp6g/i5K9wGBwQL0gA5MOWLMGMlkbJj6URDFvePM7rrv2qv/PV3+RMQ9kkDne6a/97h+/4Q/+vJwkI1RnwJQuVJcUsAPjQ6p3bV1XtjZoRtLG9xQ2r5Ak8pJhivKYMJ2UOryK/2GupEApdXBqmNC7ro9PWZg1DVikS+QBBUPzBjgtkuWZEzC9k/fMcviAZiSBzSSA3S94EkoeK58ZpZxPSixB0p1YU8ltIlLCFBSyJujIwt5H+BYz/VjvLRlXCPrFFx34lTXEjplyT2v6NhzZ4yQzFiYZleSsN5Bf80UNJB4leZyAkeeeCJJ7+vOf6s7e15075/YWbgGFr0kGuJI/ks+PnVAvA5BkC1cSy6DNfnv+I6f/In41VXPZzmMvP3b9lSdu2Kh3mFYRjxPI3ieciMtkliUdBVmOYfBHWe0TONTjJCuEwakFx08QQfRZyrdJDia0MuFyh1xIHO5sEoXfJJxjIDEkyCw7KZm8WuCUFGKpW7Z921VNzeZUsTZMRDVrKluVCxBeMDWTQMWcS0xcrVQqlUqlUqlUKpVKpVKpVCqVSqVSqVQq1UMsE+gD5ta5wkQgDMgIh5YlvQ4BBpxmxqHPAR+kargy+dQ6GIlXeps+x24G/mO4Ss6AI22xpnTaoFiuN9lwA+y4bSFlCxm8VUySlUMmsy3rwAVmT7LVidRWeJxQCzAXSrtYLtrlguPsyZQhwFq0ovBhCeOeCYkZYFeTfPMSUAZqNkIJwcqtJG+LXDyk2o/mHVLEoy9CKcWPCSu5clIykPQ2wUkScTe5A44Eipj13InEraN+5hd/+z/95z96wuMfM581xcFRydH7abeYoqOwcNt2t9x2x133nD3gxKN3Vsn8cA0mb9TnqjqG0yvwM4AGTUrAhr7yUAdyQAEiuSj3CKXOwTw7MvWYVUJ8o47Ppm/6GKBHQ6HeucpXKdRuDT9Rhmd/vJRYXjAXgRYkkvMplq8s1Qcyv6w8MzYIvYXDKGlhssLI94gHxGIWrmAoRxaEtCo4NAhK2IGnC6CxS8p0BZDBBekjM/bhOFCJn7iAxwlM/Dw4E03whTNS5lfY+2TwOIklz/eL/dDtucV5vzzX7+77drffR58O5lF8SO4mXCckXszzjdFL8lNJw5/tPxJJx24oQp9w+c51d5y95ZP3fRhuf9OxjVMnt64+sXHlia2r5/XO9vySid+JZO052BNFMgcdzeOE3UeKuWt4MGVdopXGVsgrpeUU7wWJI6iCwB95cWCGJEjKIc/NINOUeMawXGV4BZOt8WyJq6rrO892JnXVdzPn5nVdV8gt2rRwh9SBCdWTNTGsrk0qlUqlUqlUKpVKpVKpVCqVSqVSqVQqlepBFpkg0IfPE3jBH3rntDgAKbAc2N+A/E1irNyh9YJLhgogUW/+ALwZwA+gILe856waBgbvj5zyIgEKA1xSKrcFAqTIJtMBySzFpuwPZrgUFYABAsh2IJPX8jL0QX2+nBgrUNf0Xb9cLvfbdkFhWQpoQ4AhPQ9HdOVuksvARCaM8QSKIKcgbMJCJCmQsDIQg76Ggq9QRLQvCHNIxxcARLpDgAv5SpQpY8xA7cCko6Q2k6GBIklSCDYBQ1LVhQCO8ngoWwGyefqeM/Gr2DFBIVbqS5RJ0XQTijNg5YxcdTAXbqmMVlFytc/r8zF4TrNxBjAPUENozKwG3wC6kdRozxMcZVuKM7cmpqAyocfuo4FnbIvsg+KZfdd18RSHHIrlXDmYQKeyXEMwyWKC5w9OUx/46fKVJ9MJ6ytb4b+G0sbEML8p8mmlWzLSARnvkjkKoXQtMYEedF8iCWR/RNRJ4Kw+bFnBS8NocEDwkyMxU0fwOJn4eUByK8ln/c6Zd+Z7OVZtxdN6cLv9fqbG5GjG2QLTG2Lh4wfuZHAEyeYwfG4uY5jLKUg5mbFCjbBbibiehISEnVvcd25x78fgvVDyanRwZ+PkrNoIyTElpJH+rMd86aU714cwckY5osdJgMlyhN8GmJXh1Z+v5WmEIa3guEKZik11uOEG0615vGNchQP2lCtS7fjhEpk44b7NFime6B5iUHz8ttK1XVXXs/msqqq6qem7CpMvaLKCRBMBRXxdhU5UKpVKpVKpVCqVSqVSqVQqlUqlUqlUqodcJjsjcOiUMQLmKFIA0gExKRhPpkwacQNDrIRfAKQsHOnLmoOZiOyBwW9yMSEEEk6SYRQYlTf84fxQngLZ6yFVaHMmh8xaSHoZCEUuiANaCAmokGLO9127XLb7bbuPPYFhYJci2sw2FFUVoeZQ9HBGYELBPGRwgVwnxPHFBL4dK14oMjw0KGIoM/WGgeJC+X4nDASs43lysVElBaYzOnHlQgYKsGPwXhHZcW1l+XUat7O8ssnnYmVf/PzPvfyS48OtrOuG9Tvp5fQ9Z9/yJzevHjmUjFnLtawUsmUEH7frfWtqNO4JXTCtCbWHuYGZqXukT0Ll8JUAAV/FORVPQBMOaCgHSeJHcDLHuYB0CFRd33ox8fCMjFTOYdIbBpQM4yJMDwx+GHGXC+RRROhJRfYVWM4KkUAAhC+wjvX3mh01SusQTqYjOXc8maZgri2xPPFIJ5jKViE5GsWynjK0BBm+C/WrkCVGYHCqAAAQAElEQVTDzLmAx0nh5yG+ImHEi8Q9Z7vzecYO+XcYsUheJqtnUdYhditJe8itJLEmXMZDxZSJZZ+VvJYVr/LAJO5MRgpCupfhqLh7nF+cCeG+4SlLtXX9Xpj4nRzB46TQUNJgKqiGwTs84F2skJxInDQGvBUizhjJB5XWPgJoaOmf4SyIM9t5JvjQfyUeCsPKiyAKiXxMBEWyzEgR3Ohcazpccm1TI3dSx68mvhrcrGgECPdh9ARUKpVKpVKpVCqVSqVSqVQqlUqlUqlUKtVDLePTR9ADpuMI4ChpgkAnpEAZdXp0N/E5bEmx7UARb46UZpsRwR1sgQ6YIY+MSfkophHDIMko5IqpTBFHTXCGfHA/mXAY8Ws5NAIZoMyYE7JJCUexY9Sz8Bfgm+QQKIY/l4slepw4Sk/SQwmaFF4NYjFQhsfLbuYYcE51wzsHNxhOeGJ4m7uDuhBjyRSdpcQmJpTx98HBZBxLXiVOuDmHYh9THcWFwhZ9MXjYpKE50E/kkCus4CZQVPb5N3729337N8Knp9395U1/8UFIvRem1yp76RAmR47DCo+Sz6k79CshvoMcRxz4PvgOYAYmfjUmBvar+NBVUKHxCU1EmnmmRhaFHYIwO4mHyla1rWLUPwbskXuKTyKgo0So4yw1ocJH0TZVlR5EmeDkOsReHfxAQ08ziEARNI0IlW2sET+NMOqEcEAHpEc0g0ey19PMthV5qTjX930sGV+lAxBKsOx5IrRCIiSYcuDq2JdlAlVdlMeJSeVTJpvkJlJuFvCZ9Azt4/Ny9qpimUhLoWfkLZjC3QSK1UrqYQcXpEnE0SQ/kMKyZDjNQOF6MrAmYj9jUp4gSMDaaA+vDEb2c/mCI4EDPE5GfZkbEUIV55is2bETZmTl0mJGJ8qdRMuficNrcYQtu1oR4RfoG0Hg9Z5cjowHRI4s26/gyUN3e+fZ+Sa+xrrDkC3HENLY9wSsxJkTt/lohel2qq3tLZhvoH9O+s7BCyKoVCqVSqVSqVQqlUqlUqlUKpVKpVKpVKqHVBgd5rQSA+2BL5xoBpI3iee8Gc5htDcMIefB4MGMkm+Ie0CyWjDZ1oNf085cMivk6KhUx+/zZ/iTtwlYKOiKSZx6Ql0MsePs6ZLTaBAMkj6Dj1fxbNlAHie979p20XVL5zoM6WPM36eL+JQ0Izd9aEFgGCMRNEPvhOI9JYGxhO3kr+CFPgk598jEtmRCAazbB3CglYspLGTWYjoCAx1M8CRrBFO8DZIKBsokKiUck6Pb06oAikEdyqfGjCGPD33kE39+84dPHt8pKwlrYukHNv7Mud0P3frJoe1mLYgz6Zgj2XEM52ToJNaLAXTCCGLcvrJQUZAcjYNM5QzGz6tga0B3DB8nF/IojlOwxP0VhEwXeASjrJnNjHPx0USSw1FkP85Cz0wXoGNKJbACP5c+9OxJkR4q5Mp6rAFdUtCeBHEAwwYSYCtGVGRAggT0J8+wYA7lABDVgtQAPiJgbWWsq2zlnAvxy7CDBftkmNghNUELidAIlS08VA6Foo7ucSJOJ4MLCPqUlO4mfO3kblI6l5jS3UQ8RdDBJa1MkoRs5JLC9ScflJAndrq6HdeffGik+onrSTDpQAhjEoXvK5UpXgenk0P7JPVisWLl8vfcfc/m5mYzm83nc0q4Bpg/CaqqntsqLnpdfBtyyiLM2ySJc2JhzqXEayvNjgqXZ5oMkgInWZLgNKB6uIfruk7PDM+EWKyO9xeLEXTi2GwrrsK96eIqHNsWW8hWKxXyL3aoQaVSqVQqlUqlUqlUKpVKpVKpVCqVSqVSPXSirDHA5ABA5jJ8RjQ8xbeT/YnP2EHpZiLYB5Z2QBFtkBDtiPyQk4IAG4GjtFZMMowZ0xKGA9qmDHyzTYCBATcZ34sgGhzjDqUMFMRJkDumRrJhAebKgOC867s2xji7vnW+b7tFDIEaE0OgPaEgZQvDAX4g3CwroWqmAHLQF8PTGKu1CJl47guDSAJWLz4QZFpgyUkEg/gmmWowWwB+LXoyaQGsFDHjQyGsnBcOBDZKomhCtFjIo2GL3f4IqAYkU4dc+fRYKN7ed+b89/zjnw1TusMMZcanS2unV4QDOZIJbGJWRnct8VMCVYVyODwOMvo/eBkCQQFi91Te1M7GyVcHtjnhhCxQpcwleBblrALJGhUnBTMLNkbo4/mYxyTOV09QWEBuJQ5BnFs1xuMrzNsDkrQK6AEGKwCKo3RZhhxIcPYBG1Qw5mNL0EkwjGLIfZpMCROZ0l5IldRVgz5BXev6eCXaj5eOT1FcTJAXMDaja5avTtlqxPIE1o3OQFFApiUO8vNgkw3OgMO37AfuJMDgbhLC4FyCVISB7IKUKZMAg5dJEIJEXFKopJd/+CgvY0yHQH6cec/gepL4EijcTZLRE5QzL7meZCoFZBEU7C6hHvlROrBPpBdH21L+to9+rJnPdra3T508tb2zYz0SIXEVb5qKFttZ7Jk4mNx4xIkCpbnhUbGeOCIc36piRxtLq6o3tKAVawca88i3GE/uOCFBhWx4Yis67JEp6Xu6EKcVC3Eljl9spoPGP3U9q5t61oBKpVKpVCqVSqVSqVQPneJvq3t7i/grbN/1PgRQqVQqlUqlUqmOrBhEibGOGNHb3tpomof4c7YxIrO/v1wsWozPePdQ/WxrDCWAqKuNjdnm5tyYC4ebVQ8TpbwHgfPPcBzZ+R4dGeKUckibULyayQwOmFLCFwwaA8MlRpJ6SA6LSdB4vaPGEFldO1uEVuFYb+GrwZkZ7KT+kj6ZkChhyKNhIKfOELuRZOhigucwqHddG/9bLNvWuY4i+UicJPsD7AlrTGnSkTZC4fMRBneBbCJDbcLuwvQm/Fl9SnVCeAqdaXP7qY12BDKEgQcpjQpA0n0YuJAdx+TwaK0Ih51sjBmXhrKrYXD5SJzNUP8Ak8jxQ9o2ubnh31EGI8iR8uKcVHB05kqB4jIru8OKTU5xCA5oca5w/X3VOJ8M500yaJ2D2UB4AuJIu2BqiwlbGmKdfHA1z3h0ikBapJL0SljaSpqWgLYShjAHT54ixoG3lAfKt65FxKF3MSofv0N5PosBLUSbrPFUAU51BoKwKS4+APGvIpVYVhi5ZemmkMYwj3Sy4uB7FOqCoQd5JoJYksQbmNm57eue8qSknnK4urg+fsPga2AFyLwwpJb4CQhltRfjccJtEM8SYlkSfZKAr1V3E8Ij8p5Q+pqQsxMeTcyKuJvIrYq7yZhQwabb1IZE0k1cT0Y+KH7wepGb47tjjKSkUnxBn/icwSfXAId5nMiQlaxJfl0s44rXLfYWZ8+cnc83jm1tbe/sbG9tNxszhk9mMxO/wXvMf4PmWGQGBT75vuCKRkl30LCkqujiNPusL+cKsYgJ+rPBUhUAAyrIUGGsjwg26wV1DMQM1V28cvwTXhys3se/6rV2GefNtaBSqVQqlUqlUqlUKtVDo7Nnd8/v7oNKpVKpVCqVSnW/FKMgMToTv/b2Fjs7m8ePbcNDoRiNOXd+b/fh8ZNtDAr1zsWvGKs/c/b89tbmzs6WtQZUD3vl7CQmGYFQpA+3nVD6hJuI0QiBEWKJwoHBcphDEfvPUf910yDHvPk0H0qMg6KTQxx3MDUZ8JIRVpL3hAJPyaYmHLiEIpadTkKLFwqRe/rYPiYP6h0+3MvlMobFve/xccfMKB59O2w2DTBQttfkyPzA0HCc1CQ7CO4wS93F4fUEI1iKzto0DpLuhY0h2DWC2jD1J5iMHcCFkJP1I1C0enV/uSdFhMv9YZQjqegD2Q9HbscqGgJrGjL4JcDYqERi9QAXBEdWDU5MAbKM78/ABdoJcHiv12mGpCsYzMgkfeNpTuHAYk6liqZYkKRMPgbtq+AtwhhMnGD+Hdwg/IDi+AzKRNVAqVCCiRO0IiiqwwxQDquzFZ/LmXQCpY8aA0oEMDjGyUKs2VeUHUeYrGy7MdBUkMGtgS4qnrqh99NN102NuItHExHAW/aOBwszdQFRCaF8pEOR/In5DBjIoyN5nORmAeXKStuCm4GkDRu5mxQYCY+AzGWTOBIkToZ65AL06geQjbyUmAgRLgSENcnUVd5jMlMCYEb+JbILcr4hk+Acni3DnuEsKJxODukT6ctxH/KrJ48c/GBW75bLbrm/3N1dbG2dn23MZ7M6DuJ83sw35lVV13WcIg2mv6GEa/HMnrx2gusZ3aqt4dw3AiQOi7X4ykBCqYi/CnkdE76EtivDOXosT1Fcql2LjjjBOro2L+t+5fZUKpVKpVKpVCqVSqV6cHTX6fu6Lv7pEOKvzFF1XfEvwiqVSqVSqVQq1REVgx0xLtN1XQzNnD+/H18vv+wkPLhaLNt77z3Hoa4YFGpmdYNG8/VD9cNt7JO26+NP2l3bx7ad393f3VtccurYfD4D1cNdnCUBcs4D1zOKATGY6DjzTsrtkrgP3Cc2CuO6zJBMIYzoCAYsxmHlcUA0FK0YivAH3+mASagK0EfrB18QKCCDAWRJgeAUygycu2ZoMpoXAPoDUfzfYSwTXU5QmFLHU3AYoROMHlN8XrrBj+8ZyrZOCRxI3A1/7r8i/xLLHRkC5RXJNwXZWgJPwXC2ldrDOl4CDz8AMddDuIm1ZA8QeBdG9jPS2zwkeQDW1ggXaIdZe1IYDgoDEzKjMz5rOiWl+DrDErMOY1lhTcwBKZSG0mbddSm9jhUECSRxCs8DcsYQFqGnLvUGaoRMHIgxBmYhMZSUpyIkhSYv1ZjgAnmWuBUV5uCpQoWOF73FqUymPbFOvBzmLCHrCYRT3OotUO4dTHuCz4GNszLkoTYJfAh5tglFEVaHKiQapUyogtMdfStCSrgV4m2IxQraBhHW4bBVZGGUhyZnjTmSx0nZCjnKTie4Ta8jLxOfSg7uJtnLhDgSMy7jc5nklZJZFkgZfLJLCrubFL4mQpBAok/C1AfFB3OgD4oR15MgridGfJBA6JPhWsZzyw/ok/H2tCfL2Rtri9/I+/7c3v6urTGdTfzDWfxefmxne2NrczbfmKM24g9CxPSFGr9l9A6hPcL2fJzWeHdNFYUz2GaiyHC+HZ4ZaLsD1OdsvzMQgmkO8D/0zs9nG5S+B1Of2fjzV+hpyip1olKpVCqVSqVSqVSqh0Dnzu3Fv4PHv2Ts7GzV9UNshK5SqVQqlUqleoQqhsZms/jVzGb97i7+hBl/zjx2bAseLJ3f3T97djduxGDQqVPHZw91ih+gPtmY42eigXJZ3nvvWef83fecPXF8e3t7E1QPY/kw5FaJIb8YzeM8Og7hKuT1gQCJyhItQb4mOWpICvlNCsZSqNqucS44QnOG/Dfp4/wce2e3kJHNCRIb1DgM4MPAqgwbVJ8fu2CEnF4HPzwfI9+OAqd9vPEeuakYbV06ygdi+UP4co8hG3tIdWFUbW5+Imyk7VzEMHFCnWIpUmz5hgJxJtTBAeRz+5I/o6htXTet7DlSYw0lvQAAEABJREFU707PmJqGrBusss+TqUnKhpHL5FkQpMYwJBvKE8asbwRckESBEropsaHDcJOywAREMZkjGRnzhNUT07u1gw3Cf8Ba1SD2O1xwgCE85Q9hXwxmkOLg90Sj9MaCdx45DWcFliFIBQK5lnCoHoPtnugEHj9+QtmwI57lkbGgtDmBwSnvLdQ4neNjPGR84VbKbGX0JDg0HrGcPQspEXoZnmTmG5itQgomgGBckhkmJCSL8kvhI1QF+ocTr9CmwYcuNgqfto5PkywqyCiIN0a+VkGWABzscbI65pIQi5rjkTsJAxcCBdWW95CXCRRZcjL/MZib+GzLMXI3IZCm+uwTn3Xjyac+efuxJ5/yXbfvfuiWM+/976f/8PZzHw45Z5BQI+xQYguHErorGe3i3te4nohjjdgi8RqS6RxjDumT8WQ2eWnjHg6UeQl4giGa5E1PRF4XqDcQIrn3nmZza+vY8WMnTpzY3tlp6hrtSOgWyPHE98633YK/hfDSWtVgvaGBZfLE5O8Q6fnhxYIaMBqWATohLgeXSlpEq5m1mN7Q9XQhhU5UKpVKpVKpVCqVSvVgC4MB5/fixs72dvwNFVQqlUqlUqlUqk9PTVPv7GydPbsbf87c2Jw3D8oPmfv7SyZOtrY2ThzfOVoc/0HVrKmvuPzUmbO7e3uL+BqjjZubc1A9XCW+GpxnIwbyXI8pMCB0mFkHqroiTqKyVUqXUHAkdviIPAd1Ib1JgWoYwvI5cp3pjUNaxZFITsNQEg9ZiL9gEh7LAejs3xCSTHaCkJQiA1RAeAcnzXAUvu9JSJx03aLt2tgPmPLGmBSND8n4ILcurO3GofHSWsk9RAabGDJFq4sgPEnF9QRMGcE9EkPumOsjZOYhHEA0YM4dIxv5xtOVB8OVfDq7xAgZULYy5VoJKfKd49XBcOUmVLZO5SXVhbUVZPsZpnqCyZBAqt6shTSOCsccjpvABGFZmU0H4yZ5I6zUxMYRqxXBlEKBckqPtwfVBioCPCgwHmTSxFi85b5i+sShWUOF1AL2IZqAVNah20j8fhJiFV2IkX0fjK+DEbsUzEliKpqbmHMHBPdwlobGmsbW6B3iHUb+wbXB1WgrgtOr974y+ekCZsgAJO1JrLhn7wpbMeOAQX0bKkPIAHudxKbaOj3ElLGHuoCsRKgFcvueKzZ8Oc7gY5CUZM+PYOu6qei6dXz0AvmdxC+mXIpBuoDHSfEslmXQ3cSLmwiRXeRHwl4mBX0CkI9C6Vxiyj3CgB3obuKfd/lzv/7qF8/t4Ot17faT4tcLH/M1dy0+/svve/Unz99mRg4o2dfEA6xhTcLgkgLJ74Snp8/TOrdtldGBqabuJqs9SRnG8jOMaxKuj+h5FSgjEfnwoIWOWyyW995zXxymyy45tbWzM99A45NYG1sKz+p5U8163zkaTc4jhdOcuCJ6SJhnGr5TUGMsP0RVXRMk5WmK8JqL2aLi3GUnFFtXlP4JKueamRMuUqVSqVQqlUqlUqlUqgdRnO1+Pp/Fv2yASqVSqVQqlUr1QKiu6/msWbZd/Gnz5Ikd+AwrRnzuve9c3Nje2jjxmb/c/VYMLcXeiEGk3b1FbDCmtVTs+2GrGA20MZ4Yw4T9/v6CY6rkRcABYiQlEO6gFBn8YfoSHJAPrieORPgQa8bOEBjizB9KPwA3kZ0WPz0vWXX4U/cZOhmVJqKD8BigPDUBU5NgeDRF5jFmSUkbgLJsAHk9SIg5cB6IGPvs+67vl4SbtH3f9r7Fj/xjMDwGXCVObMfpJzD0WZiQYGg+XRN7KPYbEjrCf8iH9dkSAoGCSvgPCiJTTbHpQ29VYFf6RSCVcb4aw/F2tksYjQW1migBm21oTJBsFpyOo+zGssq1StmXIN0xem+IC4RYNDCdMzq/BFBglCjjAkpgzAgZGU+A8bZZVwWs3s4AnEzalQqvu4RZ2QMreJFsT5e4WqgADqubAQHCrDKpiXFqujSbUkIXfOIqL0l5LI0d+8bEc3oeXXL+qIiuiGdVGNtHQxSkwnxtCBNB/CNu+fjgoYUJ+VcQRkIdgcSWAFsDJMWTgweWoSyESPBB9OgxMUrellgTMSEJRJzAqEYoHVUSREW+WHSTVSoQ6DnsOcNVVFVVkJs0Jk5gxeMkrDSJ3yDsIMSJFOQFKKEaYXikmCqDEVMCg71JKOxOCncTz0ue/V+v+yvPP/U5cIAu37jm733Oq3/pff/sA/e+c6BDQBgvTHlUup7wdvI1EWIGZK2AXF44leQKI7Mrva5R7pk1PQncn8ZCItfYuYQmFMhyTr428SRMo7P0VRe/M9hPtMv5fGNjc3782Imt7e35xnw2n3ObnZ/hwuo6gwCJy6Bh/DZD3A9OQATx4nKICXjkAZBC+B3HYk94E7IxFfoAeU7UZBLkVZNApVKpVCqVSqVSqVSqB1fxD/TxdTZrQKVSqVQqlUqleuA0myN0wj9tfqZ19pxk1Xk4EydZx4/vLJZtDDOdO7d36tQxUD0sFTAVR4jxwZbsBjhmaWPYz5b2HEPEPqyDE+Qj7PyGNo3QD4l6KAvnHC6rNQnCMhzNHidhxLXkmjlyHBhS4Q/I58pMYEsQaRAHczELBMZDHWX4cHTjcZYu2ekkGD+cnG7WcyaUQh7WiHrAsPeEBEcT9kGZgIDQHSmWI/1wP5XPN5CcTcq0M5xzBVIfSTcCrNh1HKUBa8uUE8GsDnMeODiazKRxpvjHjHalNyljyUot68qmiky5b3xKehOGGsxqxQU9AesaPKiG5I+RuSExqyhQDMdpd9CEg4AjxEdCHay34MgMx+IrWqHE7zAuGIdH457gaGdFwEnFZiKG9rI3EJBDUY2mFVWogovnuTj3XeImcJoi5hJoXhJZkPxx2EgI2ODDgOe0OIZxrsHQxgyUTSgfSFgZkWkiqlB4FqUrVlXlnIvXdeRdEQZbkfXOHGO6opyLVFI8QrxcPjeP93sGgXx5ITP2Oxm7m/ihjE81067rjz/xEOKENbPzlz75W3/8Xf9gd3mmcCWROVH6mgA7rBQ+KJPykkOHn+eQ73R4PaRP4GCfGBpNi3wI8XlSOYE4GRej4aYUTFgKm9e7sFgsz52zZ+47WzX1bDbDtDvb25vb2xXSJHXTNMifxDU2rraehbifQxseH7+7xAJVXRHWaOq6YtiITKiE00MLlnhhk8CtYk2hPFGhrpRmValUKpVKpVKpVCrVg62O/nahn7BUqVQqlUqlUj2w4kDJg+DyHuM1i0UbNy45dRweCYqhoVMnj5+++779xfJE2LH3P76u+gwKsyD4vkWfj7iJUUv8BDqJuYmQ0YGR20co9xiTSJGDR/mgqPREKxSB4aw+psiwU9YZJPsN+ZpQDgcYAyJWPBwkuOwxCBpvtYth/PjYtt2y75fxrfMdpePId2EOa+L4VihCz7F+pEvIYYINYphCAbaHsSaFUoe7m9Z9xF6ayI5MKApqZwRFrPeLgQdEBkJYM3ZwAe5k3cGS9jBDsZImKg6NqlrBUMyohlGdYIoMO+MrruIoU7jElNUPc2akOkfJeVLKrDIMrQhukQwq0PiBuzA+g84QaxKQOyE6BD16KjA1oimmR54FkYSabqqmKSaciBEjDoKbKg/OUmYcnKIuzkZ07yFgwnN6mAoTqZiKTFE4eQ9VYJz3VtiDQFYr+HQ5plKIb6iwHgRbck/yIQZocq+kGQAAI6MeAaISjYLYQW140aEcLj0zCiEc5nECsG54BE/I7IiX1+xT4uWVoIXsXAKyjnAdVDiINRObcICBMEJhaPNrrvpSOIKONaeec9WXveW2/5imQZkNJz08iTVhvIJNPyauJynnTigX5cI9ZdIP4z5JfQgFtZPuMMxms67rwEH8dpCJOI/TJKQBZnrPkrdOlK8sgX7xlEXrdvfjGnTmvnPNvNne2d7ZOXbs+PbmxgYSJVVT1TMCWnxVu7rG8e0Wy/i+a7v4PQcnKE1eS1ZUDJ0g9lhVHq2ggiB19JMWD4HHH4cCu12BSqVSqVQqlUqlUqlUD67Chf4GqlKpVCqVSqVS3Q9xuDenDvnMaX9/AWTd1zSPGEf52ayeNXXb9fv7y+2tDVA9/NSRw0fXOwIyAkMeMfjLEUAof4dK6UJy+DiFREliKDK4OhQh3DVWCNNfzQ5FFiaFubYhBExmDI7SOOTaJNmHTc3CUxxFtDvv6V/fLZcL71vne3YuiBFSL0FhjIP7dfxHCS5kboCj6FYi+KaiGKr1lCpoKgOp09YYddwvmQk9kYZgQpTkHhvfjYX7ccW1tIoZDGCq1AIiEEzuqtTCtZWaSW2JWxjtWt0czY5J4UklZvWEcu/kf4D1dMu0jQf9kaEW2CgnrUEXHZNS6yRGh3IVUUkb4/qBKatgK3JEiXF9S1liLBEAgdKO1GiCgsF4Z8jyhGxLKnRA4SQxAlNQlirKwMPJnPhU7zlvD3UJ2v0EsfSRLE2WSTOwDCXgDJbHLOdWklEdwLPh9sPIBgYmczxZFRXdl0xTJLOPrQ1TMpSHxdG31aN4nKy8iseJZNjJ/V16mXgBb4K5oLuJlPG5DPudXLV1zXVbj4Gj6XlXfsWbb/uPybMkcyRe9lgGW3h1sDm1D4xcT+xQfqBqgPfDmMs6qGdWnE6kP7d3jvUIHsbvBh3lHnOS2SexegPZJjPFeEGCeBIg5tTFRRVCrOXM2bOzuxoET7Y3t7Y25/N5/J5S19W8bvqqj1szwlDIWIW8U7xruy5xgZhuqW4wG5rUzRdgVydikYjtyy44KpVKpVKpVCqVSqVSqVQqlUqlUqlUqqNqf7GMr7NHDnHCms0ahU4ezmo7zA6FEVjyNmDcBOAiLDcyQlHAD5JUJAzh3ENrCwfWjGYhhWnC9DwEZTxxMGHqpJA++i9RYkDkpOtbMlKI4dVl26LHCbpJBAeCBEB2xvCHNNgMbTYwmD3UyOlwOhRj2X5icjdpRyiruH9ad2ruorWuQqu71t/ipx3FNex2Md4FsMqaHIB0TJ1gVmGU4vhBuEk+eVognyJVjxwizKENW5XUcRB0Mr1jm1iCkEALegeSiMkhd8IEAfIlFbMiloAE4qjIpgQnO+ah8b6HUBFcUtN8xbw8Bv1RCBAJknQpCIFlyTuioTp9cOQLZIN3XUDerLL8BIQ4fSktECXTQROSwNxBbJbLSBryaMk8CLLl0epssqaAUITQydsDkpPoE3auqExdVT0uSRU+20fyOMmvma6AIntOAcuFkC2PspfJBdxNfIJyEm6XK/6sY0+AI+vE7NLLt649vf9xxu8Sd2JL1xPuSQGAMtIhBj5W6JOExSWnkwEYWud0MuVOch+Wr1FbG1t+tuE8LpFd2+7t78fO73pcNGltdcZ5ThqGKJPFXDg+9CkFGkiPWHJyAtt3/WJ/ubu7WzfN9ubm5vb2xsYGZt6Zz5HLq+p6A28H0RbnaWnuySwOext5I4vLet3UlNUH5xuYwagopG8IggGpVC1YZCUAABAASURBVCqVSqVSqVQqlUqlUqlUKpVKpVKpjqyuwww+s1kDjyhhg3f3ufGqh6Hi0Hj+nDzlipKsOmQEMEnaIuJ0D9nlwBRGBiZDFUVCihU7hDVVrrsIX90WwEIZbM02J3KJnNSDi4ehFQG8w1wMMcSJxInzXee6DlGbBeZpIHsOgx/b5+wi1h8xDRCxFUagA3Q3QdaEEptUgUL4qXPEDyZ3zsgb49PgToaWpJqTM83IgabUitHJit3MAyEjBFLZKjkw/nd0zpTQGb0PYYqVhClQUri9ZK6kRBLGuMmkZMJHhn1rqZ4j7BlUk42MMFfkYRIMsx2e5xy22VY1X1qms7FitkMoQUVeNJjEJLj4YIJniw4kS8gEBTERF4P3mGQnNEhPYbadKl57AAGylwg6iHhfkX9FDPm7OGF9bCBmVOm9C56ms0WmwjbGyiqAIAHV4ygJDjWlx0wrmMPHA64RlXhv5AEwYqETIEzAJiQmPHtrsBlOoCQ9eb7mp5pXIjnjMI+TcnvFySMkL5MEKMgeL/4l3EXr3U28z2dBzsJjhhbG7Svml8DF6JKNK08vPpGQkmByv4WcPQcSfRImviZsQjVk2OGeYRTDyJPssz/KBdxNICOBuW1NM4+j7Zxr6sbPt5rZRt+3i8Vi2S7jYknJjnycKrQux3kDnAOKz+XpjP97tn3r2SWFkJJu2fWz3f26xmRQ8f/tnZ3LL7vs+InjyEKZysVmu87Yej5vHPImPWZ3wgxoPn7FuYXoiZnFDSALHy/GTrhpbHX49xWVSqVSqVQqlUqlUqlUKpVKpVKpVCrVRBxQegRCJ2jNcnTbDNWDLExuEHwMKNd109SzITK/1i3DWjJmYFcCY3Nom4bXc6AWhrejcw/AIMq9ye+AM9QMLSHLB2MSBJPzYwzzymRsgWugUD3G+nvnMRbvjevif75fLvf7vpNcPJR7JLfAB6JFjiBukuFGEX9iyPqBNoZ7kYwZOfhPn9gPEvs24l+xUvMFrz7YIpBirLbEgzgkfUA948vhQK48m2Hd5cazItMtqyXXbw/wx0qrJjvM2kJrzjXr6zQFpFQUuBjcZPXC62QmR1d7ox6XZg6DZYR1QtsMolEoj4wFTggj9heUKMcH4pgsp0GylmcZMhHoXxIqNJcIFZZjcxT0O6kIRXAAjIMQZ4BVVl4aHdgLJ5gqno0nYH0OnGSXIkQLDY8M5AeOx5DP98AGRMTS4BcaX5jhNvMcWv/Ah8mBsL5rIQMhh3mclN1rYOSJEpuJjzTfED+PJq1Vg+VM6W4S5D7F3QSJkwBDebFHKctcnIQgsSnDVuCnqfQLSTwKZdghXxMoIbLkg8JLAD2F0gEF52UO7pPB2WXSn4HYETG1qezW9nbXNvFbwka/0XWYgG2xWDpcN+NEifMmUE6n8s4sv4ZQ+I8Yy3M51ty1zscJFmDRtru7e1tbm5h0Zzbf2tmezWf0CPi4PtZ2ZmPtvvboxuPibrx22zdNQzY9aNITK65rG/cQiAMqlUqlUqlUKpVKpVKpVCqVSqVSqVSqi5W1j7Aoy3q3DNXDRjG0V1VV09RVXQcIBi4wwcxKdD2jExN8BC6oCe0QBpalspa3C75h4CNCdlCRC5n8lokTk9tFbgUYwAx9jF4ul5hSB+OmGDP21vj7gUOJ4QpmmSDihALCnABi1APjfsrpdj79D+cPmVnS21Vrk7VmJ7k/845y58rRNSqrnVyCq4CVUZ1cbmV+mcm/62TWvzNrcBNY5VEMHICbGFhbU9oxJXTWNGB6pFSdDiJiIkCUzBB5XpJFj3hteAMyzSHRHsx2MMlFW4ifxIA/ht8NZbkx1htGVeJcroyvQojPsUP0xDcU868IQgrJ38IQK2UxMw+ejw4UMcZv+763AZ1NjDNsW2Ko+lh/chFKXANPP8sPIUM0JqTvTD61m+dGXv0HEqHoAShLrPZ1KNJ0FUenTh6rfh5ePEJCntPIecHI3ST5nSR3k+yDsqbMqIa851P7d8HF6J7FneJTkjxLKFUPtdlkEGXifcJ+J1hydEdyX4bLEy6Hd722f1Y8TmDsiMKuMCmLD6ZhQsYpNHFMq9lsHpdL79z+fK9dEnpCrF9JutHQhzHyApxcifrJcjYhnLZxHnSuXZ47f+58XVdxpd/c3Nje2jl2fGd7e6epayyEacpm8TTEAr3vukXX9T16oLS0tAdK+FTFmUquXPrjhUqlUqlUKpVKpVKpVCqVSqVSqVQqlUr1EAttRarKUlYdE8zhRaemF2LXQcqR0BXzjJxoBmBklcEft59iDikdSIkrSaQ1iDNHdjpJZ+RQak4Yg9lCOC2JA9d7tDZpu2XbLTj5Q4yaUpWji9sjRDA5fm8Ii4mh/xqGZDnWSGw1DO4FxW3xqWx5khmHg/LgXFihzFs0rSR1+HhvgAOQl0+fg0kVTa5WGNEArDUSOQprElYKG2NK6gYShGMmPMq0DwrLkzXkCaxrjVm3+0jUSQ0HSBAqErpAIC4AfJu2wvmBUXyxDOJJjAxAfDjJVwQT01juAoOYGBICJlhveggVJvDxNV4bI/x98BVAQyxJY9HohHECw6gHsQA11JaMKzD/lOtjhQ4Ac5wgYxEq7+Nhy08XGYdY8t8gTxbkVnBOG6DEKOUzjluVzTdqMJ0Onh3EYoVSU5mxzdFBs/AAj5P8usbPo2BNEhKXWBKhd3xpXRIyj8LPp0xewVHkdDNK6YUbHzj3QYCvhKPpTHfv6cUdgl9wC2HqeiLLa4BiDzM3ZCIyuJ5Y4U5AXk16nfRJ2TNQsCYwKsfmS4FoP7EqiTU19cyZnqAcTNZU1XU/7zY32nbZt23b9a1nv51AuBTlY3K+53pNssDC2VIZX8CCtEobFxfgFitfLNr77js7O90cO37ixLHj21sbdV0TBdnEjTiv6jCP1XRdH1dcmv7Yzt5B2/dNA5SCSaVSqVQqlUqlUqlUKpVKpVKpVCqVSqVSPZSK0b2KwsPMUkwNM1aC8yksK2/4JYdjD3LLGFliZJMSH8qjcX+VcBPDwVBJIiFJSTzm7ymCvqMkL0YixRxTpVYgaxL63vdtv2y7btEu0AvASEYhvOmR38KaZq+9C0PZRWIMuDIxZG+lm0y6tRRTBlPer8WrUmqIXFWCdu4fd2Jyg8loZTRwpuBRpieVCmVSjqLeYgTXQi2rNQdYJVxKK5qD27BG5uDd3BgZ40nxNBFWcZLxWWbtdczqthkbykxrBTh83Ia8YgmEGh9PMyY/DoAgVUoHY8j3hCZ/Mqyg8D7jBpg6x3p0MUEaxRMvZdAcwlc4z7wHV2E9pvLAiZ/iXkrHg9CJJfcJMkEJPJvBVFChXU88t/POxVN6hAriw9IQMELpc2Kh7OaTWsUTL5QAF09p62IrGJ8Zs0JmhPyYojOgdNGBNfMsrBIVMPY4Ee6Es+p4X5AceYUq3E3Qy6R0N/HczWN3E1M6oEjyGBqE28/eduvu7Y/fvhaOoD/51BsDTynyc5LaoHQ9QWIotYc5u4GdymWg9EEhuxmb9mS2Y32fwNQzZuQN4721OMh5BIBJl8BmUKaum8pWs2a2sRHauJq2y/12v+9d3/fAAGDsJXG7CTYlR+OTcUGXZSQ21QlTg8VqRgW7rj9z333nz5ypq2pza2Nzcyu+bGxtWET7qtl8Vtc1pfYxLuA/hNqY5bKtlDpRqVQqlUqlUqlUKpVKpVKpVCqVSqX6DGt/f/83f/M3/+zP/mwtB3BBXX311S996Uuvu+46UD16VTe1IZMPA+ai6IcU+hwokKO7aHB5O8meA5gwAaOMVcVhaTQTAQ57InESZHMIcGfihGOaQYwJsFTv+65btsSd0GfzW/4cfsC0DTGwi+CJTaFkKzYkMHLQWHcvJkEnFSWhEN+CHJEe32SxXbxSYNcI8AH3WyMcJMenSYfUPBoOtlOYpMsZQzCrHBIkcCPFzaeVr642ZvAdOfBuDjqQcBYBR6AEoWDwuzClJYmZciUJFlq9mlnfDLN6+lqZdZWIapncB5yUmRxhhIA3rBj6UFTey+WZCAu5by3OcYSe4lhVEIw8RcRREV1C+1yc5p6xATCevE9scAZ8jXYptqF5zDlQcAkAmtJ45ficeGdsfILiqfEBwjxUhi0q6FEhiIqaBMkdSaiMPPaY+if5qUAy4ciAVZnHK/dPBhMOhtfM+HWNxwkMxiZhTIqE0stEynvqUh8Y64DC+wTSMPC5vsizA4lQiTt+42O/84ob/g+4kM519731E7/Hg2uy00nKpMM9mp49C5KZK5WRx1RIFBh5nCSOJ70e2iew6hkThFCBvf39GeVYo+w6NC8Sd0LrKQ93PFbVFTR1081ms37edmR60vdkdYMi8xMfZG6UxFFaHRhk4amBpj4MqGAzMIWOc7Gy/f32bH12vjGfzebzOf0/m+Gl4/eqYPky2Gwfp6kHlUqlUqlUKpVKpVKpVCqVSqVSqVQq1WdSv/zLv/za174WPg39yZ/8ya//+q+D6tGrirJl2IR9lOJ4aMklrIlbrpUZcQnrqAXIKXGMyGK0nIgTZE28RI3Ly/nUqjDO8pMi2vJJfo8fvHcYD+2WHUEnXd/GaKa0yGPYMwbPY5kwbk9hbDG6SYmG8xelNbHCnZCHBNbp+TCZwAQzZRyo7SkHBkWEU3eHMC14RA2YxTqegx0LUoCfBzEwtJCPF6cPA5ScFEaVHQCdQGYgDm2/MWtYjyMqjPGXcb3DgeKtWceLjLtoCjuMtw2U6Mmaibv69oDbqk2K9xcFvMm8FNBB4zPTYoTR8CA5cPCNo93WSNIXU+G/zgfKcWN5ultyIKnQpwQwGQ4NuHdQI1DiKDGM6THOj1evTOXIIgWRFGPJsSfUdHXLeVWgQceKyvtmFp8cfI5iZWL6Ee8Ka6xdLGQTLoO5VcAzYZNfDT1jIGmyCN3IjiOErRjx3/CcTwuSBQakQTBjasscweNEnDx47fBslISImRncTdi/ZOJu4ifuJqUnipE9nkiKUT3hw2c+8Dsff9NXXfMSOFitb//tB16z9Eu6J26PTa3K9MngE8U5bgrWpCRU/LgMwHAWP7cHeZwM3JsZoJ/cY+bc2bOc1GZjc7Opa16ImRpKk1XooXiork09m1VdNZtvxLWv7+MK2znn9vf3EULp4vxy8XRqlUCAssZby9MkDMnBLPVrQJ8dceuBvltCB3vLJTYJrxcndX3ikku3t7Z4fGMLY43Lrjf2whnRVCqVSqVSqVQqlUqlUqlUKpVKpVKpVJ+O3v72t8Onp7Nnz8aIUl3XoHqUymarDFYwIQV9Kwx3k0VCLuEZksjMAf87vA38gXsjcIoZopVBHCo4PM1hVgxXS0YGiwkcKmElAAmJECi2jp4kUjEGs/Fz9BietGK5gIVj2JLDxphABEzvfNu3y6513vWu6+KG69kgg80XqC2eE+AkIwAnEeXsOwDihpAxBENvLTMAWNqDl1aZKrt+cI9glDV/mF/6wQwoDohpKacbAAAQAElEQVQ9ClIo1owNUsKQqgdA+oMrNxl/sZn9CdkzohgLcifgfCt0xTQuCTgRrwTDt2aNRP/JyABin1UIEaQxBR4sbnfIdjhDmJt6kz1pJIVH4ikG34uLpk3YEyG9GZu4pOMwOJCMyJIVTiU150K4iVm7e81bOLDNpWrmIpgvYgsNU9i0BONBHC6IY5AqQiI3ILNQOZ8V5VMBl5rqgKAO5CBMFR8rIw4XjsxLMIofkCMJ+HzEE3G46lCFNLvTmJMbCqa2wt0VuR7RQ2khlrZVXTfxcXKhb7239CTN4hNnoPeuprwp8Rml/FyYG8bgk4kUQUgNN0EaybSHnfjq8CAVgxPW96kZvx7k5zGcLVxIchYZ3E0KL5O0NCW/E+lj8UTxssdDnsmehyzXg2V+97bfPtOd/abH/xVYp/va0//PB37szr2PDRQN8SLp1WTXE+ZF8p5E5UF2PeHhkm1h2NgEB7L3CRzocTL0YyiaElJP9g7BEVws2zZ+v0eXkQaT2uAI02rgnON+iBuZIMHL4hSpGtfE/fPZPC677RIVf27ghGixaipsbFUVONuACuJiDGLxk55TvmK8VtdTA+O1OufPNvN4rfl8vrW9iTxK3awCcSqVSqVSqVQqlUqlUqlUKpVKpVKpVKrPnE6dOgUXqauuuurv/J2/o8TJo1uFy4UZIwMiC+aQvDEg4dcDYn+G46RsveD5A/1DNhGJZ6LXCiZ0oOwepiAJMrcQUjAYhiA1FWVkJXEyaAzh+851bYygekz70MdwOUZLPSWJMJIjJF+BPoqf+iGw5UECNfyYYMBLcdYJ49HjxAy9ECR9B9WYor124vKSNkqPloApTWCwIUj3LYf5LDfwQIL0COtiQuqLQNlUGHmxyavBpb5KKZAcpqPIYXtTeIDkbQJVvLjP5PakTZs9XygKHMaJeLiBQYCZIPHytAUX0LieSZ9NC5riDFPwCCu4CUywhYvDTaZPAsAhTierba1H4yoR9rTDpKw6ZFjC+0IYagn8NKbELx6keBx7pq3IPYLy7KT5L/gCTQdLU975UFnjPKbgIbuUiieIB2RPnEFspUbTDHBoNYGT0dPTKKlzwDbEHMTBduhn0cfX4PqWa6twIsZHNs6r2sfrIOZCsw8RE2y442npyM8iGCEhhomROgKGjDPSPxZKb6WCMoEDPU6GY5CpC/IF8YJHTdxNhO5KeXPE3YTOFncTGYZYg/d5Jsv+RKtsNds3XvrMj57/yPf+2fd/0VUvvHbrMY/decyp5uTtu7fetbjj1vMfeMenft+FnhdC4DUlZOLOwNA2E8aeJfk1l4TSDYWGUbAvw7PAii/LtE8MPfYm9c/EFSb3J84o3+GiGYe777tuNmtmM0y4g2mXjDhQpTxn6QnBYUJTk/ifx1Vx7jbcllsul/v7e4SeoAOKj8sqkSrOezktKT8/oQDJQqaCgnFGPH8W+8u93f3YlNisc+eauq42Nrfm8xmoVCqV6tGr+E3nu7/7u2+++eZ/9I/+0XOe8xxQqVQqlUqlUqlUKpVKpVKpVA+13vjGN8IDodVIs+oRLZNC3imvyiiemEsNMeIJcnJQtdnF4GBZyQGD6AnzJxjdpNCzR0aCrAQo+ugpCukZYLDc7MAYCFC8kmPJve+Xfbtol51rexdj5J1H1MWDxDJDMiNJrInYPVBrMhzBAU+a5xREB8stTFiG4VxExmRzBKDEJsDOJ8akejnCHHJ0tUAUIG9OepOTkZiU48ZkxEbuwUhTJUNPAkpSZhCCEeS6iARgAalg6Ipsb5MInjxYCABJFiPGgFCUZ4M9FdjUBDkYdjrIzc5NyLcnPNCB1hUHyJjCC2F0JJS7TG77pKhZeXcYbmKKyx1EoUwOratq/U3V2fMncRUpvA7JZgLfmVCcPyyvyfVBhjNdx0sdiH0YNEth+x2a0ex2QWYZBsc+UAoozFllsTye4igpFDIo3tchdCY0IVQW99d4CsShngWogekotOFpoK6s7Y2tTI1WJ13nfe+d9w5ZBhtMPN3beKJhoiVeugps14EmRCbwzCEkwQ7rCN9jyI4dvDMtGGbdGMJhHicAUz8PciMasuSE4nHNmXTEsyS7mxTciWBk8akxiaZKLimw1Ww/74rnPfOSz71+57GxzDvvefe/+cuf+Z1bfyNuX7J1su0/kcGpL37M//ysS19w5/7H79i//S9Ov+30/iczQQLiawLi8lG4niSaZNX1xIDk3AGChUJabsQBZV2fiBWSGaZdgCF10cDqGLaKChjhWywWSJ8sFsyaxNfZfNag6mJobMYHA49dnFq1rWOp2Ww231guF/SF7icMGab+ZBeZQMs9zxPOYWQMIz+0eBjxmOEHhg4FtGTp3GJvuYyLT31+b2M+B5VKpVI9ehW/B914441vectbfuVXfuXo0MmZM2fe9a53HXT0aU972gc/+MFf/dVfhUP1ghe84KUvfSmoVCqVSqVSqVQqlUqlUqlUqgdaH/vYx37kR37kve9979/4G3/jm7/5m0H1qBADESG5aKxlSkIIF6QFVk9Jn8mnt2lvDp6WFiCU0MPyPvwofQgU1ZZP1HuhRdgToohKyxYFWA0miNjv27Zbtn0bI5PxbQDHkEWKuRbcAoEikK0VJEgbL+7K1gZKf2OB8+AwEWNTcT9wK6nT+E3CMyQZjRki7IyqDN0OZtrbMeRrzcRiY6g9wMAkUE4h71PilsCh6cQo8IB6Seoy5BPheplHgSHsnoce+R6+BYeUQowT23gRxmzYIgavaQsmZpwvJaEwwwVNflk/h9LphzAfbCAzFBeyRKo3o3rM5FJmlREBmCJVB1w6Nf2iZz+pDmZIL0RRcwrpi92FAfHMsBOXFx4N77MpDedPAZk+AiUQVURzK2eWYSZL8A1KjoV5c5AL8cZzXijjg60CxC9bx+fD18CmGXHWh96YOtgaZ4eLc6sm4gQtbSjrVKyrMhVUtTe1d31n2PiE5h8nz6E2VwZq9FPxFWXzMS5w3iUEU4BtjjIbwR4ntg+UBwgZisBIhYXC1OjCHidmlFWH0RzxDhleS3cTcQRJ7ibkd1J6mfBznZxFQNxNmF+pbfN1j/+6F13xBeWYPfOSz/nkdV/9Ox/9zcICBE1BNqrNz7/siy6fX3XFxtXPOPX5X/aYr/vg2fe8+RO/dcvZvwRslU2+KSaRKOxukldPSO23pRsKpAkA0nPZzWXkcTLpk1WPkyCzKzFsIQMueAO9c6Hv+QmPz//+/v58PtvY3Ggw7U5lMKmZ4Gmch4gmI+VCo1V+Nps1db21tRkX5MVygZl7XI8GVCEr9kGP+BRl3rFWaD6Bkoip4SedqSCaORbzSAkeZIhm6UGlUqlUj3D9+3//7//5P//nBx3l761/+Id/+PznP/+QSr7jO74jMyIf+chH4tuDSv7oj/7oPffc80d/9EdwqG688UZQqVQqlUqlUqlUKpVKpVKpVA+0brnllm/5lm85ffp03P7X//pff8M3fMPJkydB9SiRRHeDpJ4ZR8GziUUqDEdT4dowUCsZOcGcDBhwtPhJeiZOMCaOHEUfo9qOAtpEnOBpNhly0H9VgjY8HQ82dN4tYgSyXbTocYLQiYsBTfyoPPsdeOMLhgPDzSFFV0t7l/zx/+wyInYs1nB2EIzEe+kqxkg4SlwGebMlgRUGA4wZJ3AZOAMzHQa0pRgykEg8GCZRZGCwA1vivU3NyI1KrhFli4Y8QsnXJG+HId0FQxFmMD5JBAnkqPiBo28y7mAOopfWnWtGdzaunt0gBp5k6DZjRvsn507Lm5XRmZRcufT4KVgd3/H2+j6pfY6fZxqJHHqIOzI8tgUHJQxKkIRIkD1BTLJJEUcQ/B+NRZKdBVccONkN3W5IY4xcgidgiDLsWKRH0O8kYCocTN3kezxk++ArZFCgtgYNcYiois1s+MFDrsRyyp/KErJimoWJz1sLhB70hGTUNHWJy6KNOJMEoSGHFnxqkVTgJ4qmVMU3xH4tjlpOEEt24glwYY+T0TxLcI6QIuPXgRUL4LO7CbtuJNQkESfMXg3uJrh/s97+1qf8vcs3LjnX7x6rt8vrftW1X/6CK5/3vX/6Pc++7Hm3777nk3sffdZlL/jSx3zV8fpEWezJx58Wv95x+g//31t/ofULSJmIkpeHPG8gSXV4dljOoZN8UAjLkSHObiggDigJn1vtExhYk9yTQ38GgIFbGcA8wdc8oUhxXW77foY4yQyz7sWZU1V5sYDMxKSl38ZCpqrrarYx70iL5aJFpxxa2Z2j/Gex1riAY44e431qMcFVyVMqdRDwAxO/ZcRNT4mRfD5FpVKpVI9YObRR6+IvlpdddhlcvOJvp/fddx9l0xTFqr7iK76Ct3//939/sVi85CUvYeO+qCuuuOLGG2+84YYbDqrw9a9//Vve8pZrr70WVCqVSqVSqVQqlUqlUqlUKtUDqve///3f+q3fGv+gx2+vvPLKEydOgOpRIXMkiMQcsH2BmiV4OXaKELTCCpNRGbH2QN6BiBPkTeTT8xIjZqcLQ44JlmrjzC6WuJPe+xaJk/342vs+BjOd78kaIEX1AWBMhkjYOsgfqAtCwtgU/jdQ+Kkk+VQ0JIeF7O3BjeJ4KScaYY8Azj3BIeOcSyUhGrAqhka4A4gsoZhzyPF34HQgPjWDWuVz8L2IGEN5dyHfkXAQRd6fpBw1NkPgOVhDVi+mTEUzONlMLU9Sb5jUEdO7g2xSMpIZMR5lV4wAnTRVVrgQs7KVCoRxtSVxEqaXnrxZ06TyXcZs1qr2ZBSBwFSCj+Su4pwXWsLQjHKpOrEG8uS+wayPzYeQYrLc7JBqE4wg0QaOs5awAwZQeihMrINJTHpK5IP2J3g0xupjGzDlTY8ACjqUxFAMoifOOwPOYioTByE+ilVAdwlJKeXR6MfGiur4/NYz28Q4UR/i8xZDPcQnWGmlRX4FTXLo3slxR0x5DCblkewxnsfI8GKQ6JP4BGeDDTjM4yT1YMmk8NHkcZKPrHqZBBhIFHEZGZWRo8yvxDpn1fy7nvGKK+aX/5/v/IH/5bFf9QWXT03+N6uNWP7LH/OSd917/I0fv/PrHvdNq3Pi9PLOmZ1//mVf9MTjT/nZ97367sWdkLxMmPbCBzkzRsm1qHA9CYWDC/VJeg4t+50MfZK8ZNZ5nKz25zCjR0RWyVoFFzsorrOut8tFvFzTYCKd+L/lFT0kyA7XC1o4iFsypqK8PHPX93XdLNuW+bg4Z5BaWi7jeh3Xr871acHF+8dJZE3KsMbfTPAa8cUzvGXI5cUe9buRSqVSqR7m+pqv+Zpv+7ZvW91/0003PeUpT9nZ2TnoxJ/4iZ/4+Z//+XLP4x//+Fe96lVx4/z582984xuvvfbaf/JP/snkrEM+PBHPiq8KnahUKpVKpVKpVCqVSqVSqVQPrG6++eaXv/zl/Pc3oL/RvfrVrz7E8ED1yFKRASR/SL6AM7LdQkFmTEb/oP1SC74DAQAAEABJREFUOSVs4ai5hJKTMGeNtRlucIhOeCFOMOjLn7DHAsbTJ+djJBI9FzDUiuk6LNoV9H3fum7RLtpu6ZA46TwmbfDkJMGGEd5M7kveBGl8GVmlW7AlipHgmSDuKEMoNogbhWN+hg0pKPuORF/ZggQKjMOaQcBOLdMeCwFCkYICOM1KGFwdxEQkSKzYBQlMp9Oz3cA4dYsYI6wCRMWo2aoCSjCUwscCBYyaR7YLpnAZyOPOaEQa0HwNK5iOKbu/aFVqyHAVGF/WDC2dHppUYkblh6pGxWTHlDiZzl4zuURYs/+wZbCuhzw5RnARZFBwgIRWogYLCJD4mDS6vrwG+1uEYUj45uSRwikuvIHMZ2JPQhVwdhC3xBfC63mahc4zgOItziBTxaFHxyCymwjInfQGYvtnIVYS4kY8WhmmjyRHTW1sPd/wYRYfwNa3fd918X/vYxVVZZE4MeSPgs3FZzjOlp7oFnmosBmeJiVSKb54NjyRZdTwAId5nMgolmRK7s6COAFIviYDcZLtjTJu5idlim367+/c8LevmF8eC87NfN8tVsf7bHcuFt+oNq7cuPo8bq/Rn971h9vNzouu/MpTs8v+98/+jp98zw8u+z1OKATiaMKPqeBMQpYQ4pa4E8iuJ+k5TRmLTNknZk2fSCvW9Weef1BYVJUyiXPyuEb3IbRdW9dNXVcsBFDq2mCqHErZxAsQDi06khg6sDHH7Dy8iDjn4nb86vqubRd978Q0Ci8Rvxm4Dpmt/A0C6APqBFElL6Z1ZkoqlUqlelTpTW960ytf+cov+IIveM1rXpOtSqJ+4zd+Y2dn5yUvecnhp//Zn/1Z/Dns2c9+9tqj8RfaD37wg694xSue9rSnlftvvfVWUOhEpVKpVCqVSqVSqVQqlUqlekAV/1gX/xa3v7/Pby+99NJ/+S//5ROf+ERQPVokEcaQw/OZqODQrURg+SPlwlKsk5lmRkmsRCi8Jox4GsjrAChwIB4DkfGPw/gqwWBMvCDohzE1OjeQiQNBKLEEWpp0XeeWmFKn70LoPXucpBw4RIFwuDbkiKqVi+bMESNsYnpjkurDBLFUCCbjKjkgHdLdmewmIlhJ5jYYXbEFcQLJugIKDkPi3ZDIgZDhGEhZbowPAy8RBp5mHfFjhpuKb62RBuBOa6XCxADw0Bpry/vmuTFhUwooRhxNOM9GjlZb9CNITirDOE8xjrGGqHeJyhQmDGblaK7HDPvNeihkQpzAhHcxa04pdowOh8nRNddF1ccoU42jeeMEHDCBZ4JhmioQk0VYisAlwpoM42nEqSLPMsiTa4AKbCJLrMx7Qg4Yu/DECIVk7gNkQ2Itm2GwLQqeX0MVW1QFZD568J2Pz5uJj1QTK3UIizQB85o06E0kE7oyFs+xs3hOnAFdt2zbFm0rEBvwvcGEOxVly6lArC8QQaBn2BAJQkiBN2wCZII4ngRDNiPey4Ow3uMEpsRJ6dvh6SxfuJ6wacbU74QxstLdxBfuJrnMlz3uK284/mQekHm9sd/twYrOtud26mNx48rNx8Sl4FPLO66YXzUpc9v5Dz/9kmfy9mXzK//Gk77tZ9//T4GJIlmleDlO92ckqxVBKdl5xeQ7yh4n/JovtNJjA3eybj/kxGEHgRxhSH0jzz+hgV3f92h6UzfOxeHrq5pUVcwVJmIKRWnULPvfxCU+lrKEqsQalnXTdq0j7gTvwtJ3gr6XpZuoNUNOOXHbe3EGsmmpUqlUKtUjWtdee+2XfMmXPOlJTzp9+vTP/dzPPfvZz37hC1/Ih170ohd93ud93lvf+taf+qmf+vZv/3be+Uu/9Euvec1rNjY2nvKUp1xzzTXPeMYzvuEbvmHtb6c33XRTfH3Oc56z9rqx2ttvv/348ePlzt3d3diMkydPHuKtolKpVCqVSqVSqVQqlUqlUqkuSm9729u+8zu/c7lc8tsrr7zyta997eMe9zhQPZqUwpdZ+W323FiDYowqOIBEKUxEhMJITie8EWgv+5rwR9+j2OMECl6CEy5UJlEQnC4DQu/dsmsXMdLtY+hz6T1m+QiMm9AXm0vkPBwBDvxgfAhr0BMhMIzYAJjCFYEj5uJjAuXtm1KQYZTBbGMEnXCsOUMsKREJOjwE8nlIzMnUoEEcAbKRwXiITAKI5CL0TyZOMmQhgMhAN3A7Q4nLpAOWryfzoYglTzowwxIcETaSXqZoR9HMof+nu824SJknaVyFMZNi4z4Yd0FZwwRVGW+tnDbaUbyY9SeS6lM2hs3RdqcN0AeDaWswdm/pi6xIyNQBMkNkIMMEzF7QbRiT0LCQZkBpd1K0Po27SbYWabr4xA25RFJwFheTOJYKOCVULGAcpjEJTWUcJv7xPfoRQRWgDb4BcMbWaItCaagI4IqTuK5nbHcRN7q+jY9x5+JBX8cTCT2pLRIqDA7Q4+hNQKcjBF9C4I8uE0cWOEOQ3I/c5nqPEyhYprGfR3Y3EQ+P7FxSoCYBMi0W8nMmE5pJNIHWQjg2P/F1j/2fc0fP7Wzf7a+O97nu3HaDAaqtantebd67vGcVOtntz+3UQ2q6Jx1/yguu+so/uuP3QuJLCpqoIE4AStcTZgTzUxrkdbQG5LEt+oR70ox7cvSYpI40Ka2THzo7FKufzE4ypGJIEO1PHCdKknkwmzVNnerhlY4Hn19p6RGSEBGVpq7iKo4eKg7T+MR9ccHnbw0QBuIseGkSzWF3+HcmlUqlUj0i9IWkuPH617/+V37lV+bz+Qtf+MI3v/nN8ZvLi1/84h/5kR/5pm/6pl/4hV947nOf+7znPe9nfuZnXve6121vb/+Lf/EvrrnmmnjWl5DW1vz2t789vq51OlksFh//+Mc3Nja4kqzbbrstvj72sY8FlUqlUqlUKpVKpVKpVCqVSvVA6C1vecsrX/nKPkZNSfEvcq997Wsf85jHgOpRLuEJYAXFIIVc5hCxewBHjMlgw0yIE0s2Jz6BC8SagOfEOnyBDGd4DsXDkFKEIqgxxIlZdbrlol/2GOKOwWrHYeJpe418tp9jraOmy7tQGFZ4m+O+4hCCMVsyTkghbnYcyB2FwXPKN0PmIHx3HLjN8MYkH0xB+bCXDPjEBngv7hche55kjwuxNEE6IJSRdw5WC1YQQLwepBvtGLQYiJOEXRR7UHIPZfx6YFBC4mxGZidWTFNyr6XamDgZZA6kfqb8xzooZJUAMWtPl0Eryq3UUPA0sKZqs2aCHxDePuRJqE+aPg5kB2EJpgXoDHTBOIihcvRqcOjiM0T1s2lMfsJSLiSiDRIeEaPwlXjP5KQouXmcy0amCW8zOGazoweSHyHNCUFRLPqvIGgRx76y4KjW2MI6ftnaelchdBIqj/fSgZ+DYZrAAgIoNWY+wZbXlW3qed3P2q5tkSDoWodoQg2utraxVZwnjdhTiEsPAQjomYHeOESg0BMvRALd9oonB8j9mXUeJzm3jiHnj2y/IxYyYcC7SncT2RNbYPJ4eHqw8OjXXve15bhuVhv7/Vro5OxOI5+KvnTj6nva06tl9t3eseZEuecrrv2Gd979tr3uHF3RgviyQOl6wq1NvJ1kDmLKhJ1OQh7sg/tkrWdMbkaaeAMPB+k5CNliJ1FmjEdBcQIu4pgNxzgHXYc7u3bWzGazqub6OP8O4SVidSVLv3cI9tVxgthmhpUslsuu7zAzk7UOMRRkWnCZtdPnOBD1AiqVSqV6VCj+DvAf/+N/jBtf+7X4bfeHfuiH4m+hL37xiy+77LIf/uEf/lf/6l9de+21P/7jP/6Lv/iLJ06c+Kmf+qknP/nJ8fXpT3/6i170orUVnj59+pZbbonFTp48uXr01ltvjd9Err/++olv1kc/+lHQ3DoqlUqlUqlUKpVKpVKpVCrVA6Tf+73f+/7v//4Y7OG311133Wtf+9orrrgCVI9KpXwO8ll/iivm8KIZ0sscXWxiwudyWhn8i24OOAJIcLQwOAGxPAEJKmLheC6F2Dng6NGRAcPQsRwTJ0vXLvslTVTOxeFH0MkkMl2gJem+GX2RhBXYOEp1kogJqiN5vRBeYjlankOzkg+EKzM2IwMJvDATViEbg0BRuReqAHc6pk9yycGHZgWMSFeKm3Vl+VoBP/zPKUpyO4JNaA0bDawYnCR/AzF0GcoUHVWQHCbdbWJNMpViir6QwDRXOXAQB0Aa46utAU3MtHS+UrkP5EbLlk9qMGvQk7LEdN/6BpcWJwfcEtQnLDIXLUAb52scWmtjOL4D6MF2ATAZVPyyVZdMOCiZlDPZs2S4nZBHlN8TDhEGXCjNbzazIMjJM69kEiJkpCK206EzE0VFqBMRJ1gJMlQx4u/Jccgh02DjM1iTbYl3nnb6WLKOxbyvwDTGNjaWMRWm38EkPRvzuq5d13dt13nX974n157eejAV1JRVx8PAdjFwxpPJ8nNvDXFdU4+Tcqzy0w2rfh5MbAz0nB8S1vD+wsskTLLtQGZT8DE8Ob/k+ZePPiE9r+aLdU4nZ9uzO80x3r5s4/J7l/esltntz+cyrMY0X/KYr/7tj/4yLUaIryW+JLueFHSIkCGWHVCSx0k6mIyGVvoEYHA6WetxwqfDMOeGbjDZXgmK7wcT2kN4KSabuG/Dsnd9ZytIw0oQysxWokTMIGfjaTWxOHlQfd/gub2rKuucOKl476fNVeBEpVKpHkX6b//tv91xxx2f//mfv+oyEnf+wA/8wKte9aqbbrrp0ksv/emf/uknPelJ73znO3/+53++aZrXve51T3/601crfNvb3hZfb7zxxr29ISleTV5cceMjH/lIfI31TM669dZbQZ1OVCqVSqVSPViKvxd3Xcc/nxxFbdvGn3/M0Vw/Y80VffbjKIUfPi1hR9VY+VEKf0abrVKpVCqVSqX69PWbv/mb//gf/+McVIp/jot/3It/4gPVo1HrPituYBrPG9iCI320PAxoAkCyzjCSe6G0Yij8MlL0l2QpsY0RXgXjk/wLgaPwcde3+90CoZN+2XYtmW1IionkxuGLyiA7RRSyVIAsA3JTCpaA/TwgV0ItdAgOMAtjhk4pkIuEm0j4tvAIKZMW8b1C5m4S6pNz5wy9OPRo8huwZHOSqwVJP5SSDwHnFDJW7FaENZC2jpsEKYg9cCS4H71WhjEyAIXZAVunpKEZTR6TuJ1E35gBaCkZjYnGsMjo175VXqS41mj/uh6DKXGy/pRRzWa8Z6W9k99KV08rVc+NI04KZsZibh3jOw89mD7+lgum9dB5v0AMA/r4G7VQJCkXkTVeDC2kFwPn40EQw3oys7FppkIBC2TCx+TRFfKH0JOBHxAAgW010DWCkrZYcsGwwVtDKXCAPE5CbIzxaGqCv/x3IdR4fV95bHxjQhP3WINpdyhfCgIoyKDEx73p+6XrLPje0SRv4/nWNJhKx9fURg+e4RjJLBWPJyYlURQ5Iwzf2RqPExg7eSSPE588TkxyevEFicIOIj5lHFzHOcYAABAASURBVGJ3kwzoCHfy4mtfMhnXzWrjzPK+1fE+157LTieXb159594nJwUQVTHm+NjpJOp5l3/xG2//T0u3z9m2zOBx4s2QVUfQotL1pFjgCs5m1fdlvMdMM41x3VZWijUrvElTi99MHgLJL8bcXLYkidvO9QE9fXjlhs71i+Wirpv5fI70SbxZWn9pBbNyXxDqZlbVTdX3xva8jnvMuRPnUdt7N/52daQ/V6lUKpXq4a9z58796I/+aNz4pm/6psmhvu9/4Rd+4Wd+5mdihODxj3/8j/3Yj3Gq12c+85nf9V3f9U//6T99xSte8W//7b+deJPE7x0///M/Hzd+nZT3v/SlL33lK18ZNz784Q/DOuhEnU5UKpVKpVI9ONrd3f3Qhz507uzZ+Mefpm4uufSSJzzhiQeRFvEnog9/+EP33H1P13fxt+ljx4/HH2O2t7fXFo6/OH/stts+eccdy+Ui/r69ubV13XXXXX755Q//lpw+ffrWW2/d39uLf1KYz+ZXX331Yx/3uIMAkc9cs1UqlUqlUqlUD5R+9Vd/9Z/9s3+W395www0//dM/feLECVA9qhXG3hscrk0ZYgLbabCMRKnL5DsFV8BB4vQhfAAJKJYeJ5RQQ/JmyIfY6X18NVQAoQU0XqAvDJQHAUpi4D6EDrN2LBd921JiHYQkTChcIBjP8MmugJoeUgw5fYQ/lTaQYRW6OYqxi/FJ/mC9gVF4l4L+JXLCmAXdYMZGjFAnwBFwqYaAjuSvgLvsgNxkTAZbj2HlkILjYMoBouFIYEtiXoArA3Ywwf9TiJj+8cnZJORB4ZtJTAPwmYPBhpcW+zTyHKsuoBVj8m3mcScmxnAz+H4D5isqOrKQKUYixa5XCq5mujEFwWJW6ynKrWyNT4Hx1nAULoybHEV1nEJVnFCIiThHfg5N3DJ1H395BhtfW4h7wtJS8h2aFg5ni/XJeSgNB08Zm5o2OAV5Cffj0BkBLwqNuCsoZ3K2wslPL6d0cSAoBqYBojlRkzNKoIvFYz0+xph8Bx1QwFL2FHxCex8qcDUyKCZ+xY3KmNmsqax1VeXJ8iTW2iFeY5xHSCVWGU93SLqQ34kTgArBBWDYZPBwGSZKwZ3AmDiBgavIeXPolZcDz0SFECf4Kn4nOfNOfuISlQLwhZc/dzKum9XG8oD0OpfN5U8nl8+v/MDZ900KnHfnYtVb1fSPGo1pnnnZC/7kU28CWV5lvaP1ZJ3rCY+WKZJ0paey7JPB90VIlIM8TtJKkZIQ8YMQ0kVxKUQvkhGNQkyMkTVORk1O9jBaFrIcLfRt18U/8czaWYVrvSBqlpPvkHUSU0fxXdwbEoeE3Ek9W3Zt/DsRWueQ64l+MEmlUqkeNXrNa14TYwwveMELXvjCF5b7//t//++vetWrYjhhNpv93b/7d1/2spdxIOHNb37zfD7/+q//+ttuu+1XfuVXvuM7vuPnfu7nNjY28olveMMb2MskxhLYtiSGJT72sY/lArfcckt8feITnzhpiTqdqFQqlUqlehB09913/+V73+uD/OEx/pp855133nvPvZ97442bm5uTwovF4i/e9a5lu+S38awzZ+7783e+84anPOWyyy6bFI6/R7/73e+OBeQthL293b/8y/eeO3ftE57wxIdzSz7ykVvKn9biVW796K333Hvv537u565yJ5+5ZqtUKpVKpVKpHijFv9f95E/+ZH77OZ/zOT/xEz+xsyMf3o4/Lv7SL/3SO9/5zq/7uq+b/ElQ9cgVhwv54/RGjBCyHUICDABWnS3GCqkwJCQBU9HY5HFiEnfCEUyOe2IA0cUQYp8sHjJHQQFpIPsSDHcaDppSVp1+2S3bHhPr9DGCjdlkvBmi60KcUD4NeY/8Soo7r969/Le6v9iJHEDqK7nXAvmwicCwYFNsP5ENlDEjowPSRIOxbv69yIjByWBzYkw2dAgpyYopB8sUl87Ii0neJGREkluQc+hU+fzRvRnBcTKJYtI45q6ykPIVFVwPgwFG8BeTak7toZv0hAx4Hh65cVirdVluVuEPMy48FAiH1TnJ1GPKmtaecPiRlYYeFvauGbECELrJ4xBhb1hT1YhiIINSg58b05nQopGO78DEiHqPBBbEVxfQM0QmhHFyN9amPbltNM/xTTXwQol2Mvxs0/zK1hBMMmWeIWNkJsFOqcEIhaR7iE8bnlIbGx+vKk5kdCQBvivrQ+VCvAUachvocQ/G1o2taxPquu9bhzlTOhdCLOiCxUxQHirqJwKaKpotlPPKY6ohfKCKDg2ZfLqAnwf7tqCHygqDQrfs/cDnyF8oMn3C/iiUvciYJ528YaPamIzrZr253++ujve55ZknHpe/m1yxcdV97d2TAue78zvNen7z2Zd94ds+9V8Ld5YgrifcfmpQok+sT2siD5bJWXXGTidwNI+T5BADeUIzUCKrLs6eYGWlGBYLmity6ZCXM84QxHMlcFqv6RMSG9+2yI5U1spaZm1VV66f1cSd5O83dV0lCAjXrzqWauoWoRXEVtI3LZVKpVI94hW/Kdxzzz3z+fy7vuu7yv17e3t/62/9rbjaP//5z/+e7/me0n3kP/yH//Anf/In/+7f/btXvOIVf/mXf/mud73rR3/0R7/v+76Pj8bfLn7mZ36Gt2OUIv42Gzfe/va3f8u3fEuugaGTX/u1X/ud3/md8qIMncRfiTlc8Q//4T8sWRaVSqVSqVSqT1/xl9oPvP/9GZjIarv2/e9//4033jjZH3dmYCIrnv7BD3zg+PHjk8wyt9320cx5lLr99ttPnjx1ySWXPDxbcu+9997+sdtXC589e+ajH7318Y+//kFrtkqlUqlUKpXqAdHrXve6/Ac6oPTZr3nNa0o++G1ve9uP//iPx40//dM//d3f/V21P3l0iBPW8LYvHDzy60EqPDZG4XdDLiVkcGKzBUi25MipLSBBJxl4KfAUdEngD/sDRSZjBBo/JO+6tl0ul4vO0SfeKdmCRPZDiu6DOBVk0wKXwspH+WB8MCltRQ7n+7DmxqmudIPyaX20JbCpPFmXeIQuGIwQFobbhR/nFwOTgUsIBAdYk7LnECBAt+JLjwFPFhKp/1OPFYNVDEq2RzBmYlLAAWm0lJDitjgLEv4ie1bcMyxnLBEzmJCC1DxYlm+2x+QggdATewicsQqRFBtmpfCo2KEUy5gvOaTai8BN1jZy3c1hy8gihKrwjHPxwNo4IYGeOVN5A3MDmG3H+DbEV+g8EHdiu2A6ND5B+MGT1w/71ZCjiZBBzIaYZD2Uxo2GUuxCQtFZgYZ8XWuLGw7lyCO3EcRKhbLuEFjl+2BrCBVZcdQhPoXQhDgp0dOloiw5yJR4hw+GC5W1ja0w0U5TVVVvqrpzXd/H2wwdgh1+FmuznA0Kb7HK6JX3VZh0fyZOAEZ+HtzlJhEPXNPg6pG8hQZ3kwTSBEi+JmkRIYSNHVCC/9xLb1zprQOdTs63Z481x3j7MRuPOdedmRboz281x2Gdrtl63CUbV967/BTm/RKaKOfZIZaNeY6ceQeEI8rECUD2bFrbJ8PrqEeL1xCG48IfpaVOeBP+MglKgjrk0eB1Cps6eCPF4a3KfE4JWOP649qfZiz0rorfCWzb1hWKF9U4a4R8oVvG/ZgBOhapG9c4T745yp2oVCrVI191XcffMD/60Y9ec801p0+fftOb3vSGN7zh7Nmz8dCll176nd/5nS95ySjV3Z133vmud71rPp9ff/318bvDq171qm/8xm+Mv5q+7GUvY4eS//Jf/kus7eTJk/fdd9/aKy4Wi49//ONx4w/+4A/WFnjLW97CG9/7vd8LKpVKpVKpVA+o4g8zXd+tPXT27Jlz584dO3Ys7zl//vxadAPI3uNTd9557dih7eO3fxwO0Cc+8YkJ6vHwaUncE9Z/qAzrmUAnn9Fmq1QqlUqlUqk+fd1yyy0lcfIFX/AFr371qyef7Lr55pt5I4b9P/ShDz3rWc8C1SNfAkJQHBE/Zl+E9ssEC7xHLC7MEKAkk41RdD7ZfhTcCYmPeu8dibfl8+pFBRmjoAtjvN6jLYLvnFt2y0W7aPsWEywEdGCwmS6R+OXk3gZDg4uQEdcRCbdysxOWkf1aMk9jB5OPZB2Qri4hYMo44RE08Zxeh9IJSZfLTdMFLeWjYd+JHE21OZ2M+IjkLqVcNjBqZx6+HIY25fAMPY1mMqOeCYl1ochyRjaIQxioBCmRM3xQaDxwK60J1pI1QogR4R5CH8hToqpHnZtveKXbh611tEeJOB06piUaYsYMhVlfcu07s+7AarPXH6OQvE2T0qREOeSgIQH8OIOxG23wlrgT/DK9rdrYcTa0wfbBdB5iZL4D42wsn9Au4SYsUwWBpiAZT/DYkMfHkF2JwSBu1pp+Y/sMkFayO4VYWkgCF/Qc8ejPg7QRZW9CDgZzn8R/nKcUOSHUwdTGVEiceOd9vCProDKhttbbqrFVZeuqrnqDOzF3j0dsAC1xOh8Xh6ZGxCCGjii3V6ipy/yQU2q9uwms+HlIn6ScVJC9Q7w4iHAH8s2a0t0krXfsicIj9lnHn7TaY5v1xmIddHL51pVXbFyR316xee2u290ukunEtzsHQCdRTz35zD++8w2JNfHkdJJfh2XXiN8JpCU7synZreSAPjnA40TKh+E5H6NU8g1AugXXE88zhc+lacnTTVZIKE4UeAWGfSY5aw24TBwD53oi1brknIRzpYpRyDrfS9y2FYN4aKNj4zcSSscDKpVKpXrk6957773pppte9apX/fmf/3m5tsdfFf4dKe/Z3d398Ic/HPe/8IUvjD82xD1XXnnlj/zIj1x++eU5J87rX//6+F3mFa94xQ/+4A+uvVz8NlL+3rtW3/d933fHHXfwJVQqlUqlUqkeQO3unj/k6CozcVjh8+fKt4vFonf9QYXPnzv3sG3JIZXHPx/t7e1tbW3lPZ+5ZqtUKpVKpVKpHhDdddddeftFL3pR/Nsdp8xWPeoVkqBAFo4iASUmVEog/IACh5woIVMafJUSOslQS+l0khMsiMOCDV2P1ght3y6W+123dH2HfgTxGt5SGh1J7QAFKLEuFnk0/iRHYs3oTjnmy/QMOwDkDQY78un5c/4c9PaMA6DnB6MnGGYXL4YggW9IZAm6mHAcOfUeHbKpny15TRDQw94Q+TbTLU+JE8NOK0ZC8AXQMaGLBLKQDa5qpW8kvJyiydisSoYPiRM84o2n/DCYiQWhEyyRoIZDptZ6uxEzGoLJvjWVDWxKmNItE5DFwKG1Fb24vkDaNcTnzRBtl901JFIIGM7CfmDQofdgq0SQgENcozZ2XlkHpu0hvsY53gXTWtP70Brbx0Pk7OOFELP4ezdySjhPaEwsmXTw8NlEBAVGwICtacQXI1vEcNS/RIr4sDiU8uPJrIlDoxPrBZexZNaCsItHNxOo4i2Br8E33lb0dNaxkPWeWhnilLBIn5DnTZy5M0wvxBH/AAAQAElEQVS44/q4P16vcz7W63qHdijUizWRMrU1VTFZ2dWl9DjJzETiUQo/DyFOclad4VXcTUIqORxN20HMOWZ2/tjtaxZu+fuf/IO/OP3nsY07zbHnXfX8S+aXPvOK56xOh7/7tG8p3/6Dz/6eSYFz3bntegcO0BOOPfmP7nxDWk/tkGHH2Ox6kigqE8SBZrT+yswv+gTgSB4nVL8FyOtmot6MGT8ijOzYPDv4yhnsYsREppDUkdC7fDatLTY/8FYS9/ClPfF48W1nXF31ljKs8Q02dW3rOn+7Mph/pwaVSqVSPcL1vve97yd/8idvuukmjz81wPHjx7/kS77ky77sy+bz+fd///d/8pOfvOeeeyanxG8BT3/60//BP/gHec9zn/vcssCzn/3s5z//+U996lMPuuhsNlv1XZ+IfxNW6ESlUqlUKtUDrsP/8Jo/tPeAFzbjwtqS1cIqlUqlUqlUqgdE8Y91f/2v//W3vvWtX/7lX/43/+bf1GjO/zjiGB9vZ/KjLLACcJC5CUcqrfz0bsdRfMqQQ9k2YmhdHBjE18ST+JLJYMFY8fDA9AlSCYbn8Y/PrfNtv+z6vuvatlvGV8xag14LUlvK1hA4rUiYvPB1zMX8EjEiJAwGwonEmEAnGT0RmwlK6MGMgWdTCg4TExLgMYwenEcLCsw6w3YUbHTBxIkJCYswnFyoSjiLDZAzFHHDLNur4JUGYCgnyjFmSKYzoBYS6p2yE9MdJvA1hx2pf4cyQYY7pDgyh6YxFQygKY3zrve+iwerAXYZenZdbxdv15c5lDgx45JmvG/d2zWVFC1Y6aO8FQ46aSTpvZoD8gx28DPD2yGROPieExUxJxKgN6GpEOPoETrxXTC9DR2YDkJv4lHoXKD8NYG8dxLRhCPuBQpixkCumObUIUMwPCwwAQEgkQWeesXJY1CTFwneAj+41iN0Eh9JtGaJ7Q+miU21po6RGhdqmj01GZvEeusaz6EIjq0RqkBQKT4wvevbvouPf21tvM1ZhQ+EG9xNwKxzOin2ZCpF2BGDFkk+uYAISZNKCmVi1rmbJGcRf2J+Kr796Zt/arvZfu5Vz3/GJU+Lbz9x/hO3nb/t8s3Lfv3Dv7bX7bnQ7zTHTm2cOjE7gV/zE6fml87t+nzAn3fqWf4Uhrhu2f3wfr931/LOp514xuXzK/noE3eenFtLjRq7mIjriXicmEyfJMsQy0v52OMkHMHjJPWcAcF5hgQ+BYtWYDqFtVV6LMNoMg1vuI/9pCo6xSTKJ9jiWw6tbkyhQN87gpqk9vi2qh0TdJznCRttj/A8qlQqlephrFOnTr3jHe/Y2tp60Yte9GVf9mXxN9L8W+hv/dZvnT9/vutG3unx+8KxY8cOZ0Fe/vKXx5/P77jjDvg0xIC8/kqsUqlUKpXqAdf29s4hR3d2dg55e3hV8/m8qZuDUs+sVvXwaUncs1jsry1cV/XEif0z12yVSqVSqVQq1QOlV5BA9T+YOC7IJiNDcH9sFlJuS/DXHOD8IG4liKMQcSK7uBL2OPETjGVscELQQ0jcSQw1tq1rneu7fulch2lbhCQJlBMjiKcDJdBIDhfhKJ4mB/ZGeWuJMiDOI7axQiwmQPY4sdJmvn0hLNiaAP+vjGcCIMa5PWXVyfHbFGgdqmILE7aKyW8NVITdZ84lMR6CVzC748tw70CcjILATCAU3igSQjajmG+CfsrxAZPmg5ipSEola8m+hXkcDPF3HtECxyNhsUC8mXCYwcnon/VAhzl4Y/pmUs9kkk7vam0zDiBOJn0JB1Y1uEWg04nJ8fic2Ch3dvKHMJRXiUbHczapUMUviK/oI4MgD4Dk2YmR+Iq2ATPaeMwxhTW7wPMs0WDor5PcasIB/XZA88WJgh1SwI+LEdMQEi5AlSNcZhGzircQH8062Pifx8aD89BYSoDl+YGFCnkPz4tDBTznYzgnxnX8sjV9t+i6PvbCrK5dU9XW1IxjpWtDwZpwWwfKRLp0mPuJKfGSbSdjNCCJZExa1ygHVEjEyeB3st3gnx6+43O/o+yeSdbhzrcfO3/7nXuf/Ni5227a/cRde3c629Xbm4/duu4ZJz/n2aeenUveunvr+8+978PnP3Db+Q/N7PxYc3yr3nnPmf/+xJ0nf+XV/0sssFFtbtY7e/0uPZPJZyYvLkKcmOx6ws+qlJHpNKJMjuhxMpy9FkCSSSGoSAiZyUs+SyXFZQrGzaRhgNSxaZAM8TEHP45cFaQlSw4hZRinh2XUJE4vU65cKpVKpXqE6sorr3z961//WZ/1WXuk5XJZch4cJPj2b//28+fP/9iP/diJEycmp3/wgx+M3wue9KRROrzDQwtR73nPew45ev31129tbXVdNwlvqFQqlUqlUj0guuqqq26//fblcrF66JJLLp38JLO9vX3ppZfdfffp1cLz2TxWNdn52Mc97pZbPrxaOP4unXMRPgxbEvfcffr02r/mPu5xj4MHsdkqlUqlUqlUKpXq05TE70q4pPgsekixxuw7yIXNiARgdgTY/IOD7VwixnBd73JinRxuzJRJBi9SaFhS8cT4tfOUXQe/Wh86TDUzZMMIKRxq0gbGji0F7stL3A+xmwB/6p4pkMpazBCSXF2YkTFFdwE3SHoDc+g49qQwtEH+Lmz3wmYYBpjOwT4lQAPdTeL1KiZOrEmXkPgrOktItN+ApLnhQ2zkMBq7EjYoVY5XJk6yYwLl/IEMl3BJm+LMXAaNKpg8QegkdIg4YFWYBwaJImwZEieVDdYaU16WJsVB6MPhzb3AATPeZy5Q9ZQ4MesLJpMFA0ekmExZth64DyZBgFPdDGVBMsEYKYZ5apwVjgqj6zHq4tBDBJ+K3sTpj5YnvjLOQw+mx1do0VXG99a4ovmBPSBohHEGE/wBnIAHBmeKsNKNZM0TUhnGGjyMJrqsEkTIIHOEZhWYeccbJE8QMYmTAFPkYHod6+K2DbULzkBD7iMWfC23jS5CNKGsaWJFbhEQW1r2fev7uq6aqjrU3WTqdDLcfvY4EV8TcwF3E3JMyuudGdaXC6ixsyccf0L8Knee7c/esbjzruVdb/rUmy6ZXfreMzff2969XR+7ZvPaF135ZY+7/m/tVOuDYbNqY6/fK3xNvLieSM9PvE/C8Fzl8hfvccIlgf1FsD6buwIkLVOGzoZlDvLTMVoGM1rFpSy5UcmSwtUGmWIyB+PMIQjIF5VzUTMG5uSyVEFwuOaY4pBKpVKpHsF62tPQS+x1r3vdr/3ar73yla986UtfOilw8803nzlzpu/7yf645xu/8Rtns9lb3/pWOLLiWS972csOKfCzP/uzN954497e3gXhFZVKpVKpVKr7oaqqbrjhhvfcfHPvRj/ebG5ufdZnfdZq+bjzXe/a29/fK3fWVf3ZN9yw6sp27bXXnj179vTpu8qd8ff666+//vjx4w/blhw7duz6JzzhI7fcMuFOLr30smtXCJXPaLNVKpVKpVKpVCrV/ZaVD89Tig7I1h3Fx8tTagWT8sUY/sh7EjkWEGhihCBBUxBjcsIXxE2YOPEOQ4Y+uWsIV2EqyRjD8ATm33GBXDOMb7tF2y5c37PLdYyCOzzdQ0nIcCQyYSgcS04x5yFeeRSxgwjXSU4Clt0WKlsRS2OrHAEGyK4VictJAVliTejFdAjZoNWDxHPxDgS9MJiBqLIpXU4M2NdIcmDkPnYMXk8sMFy6yxRhDUHSG4FnpqFayZyz+vGAIVpcDFzpMTP0JhRoUaaChvJICTDg44MwG63rW+97DB5jhcGy6YZh6xZuWrgo3GSl9WFo0fjA5O2ANMERQtIr4fKcQ8cMvRUOOGW8jZ1WkABQU00eLtQCNrAhgCNBWsRuxG5zsjtW5GuIky/UWCMmHfGYywZaRFBCFfzSY0YmLzjAkGkq3VcQE52Q7YCKOxvfX1h5O7WMMXln4IxSnpJCBZwByUoEKQ/r8Au62HiLDI7DuRBqdKmAGjPyYAImcI79fObNrKmq+Nh3rmv7ru36rnfJK0aIkzSLmCYp/TxGis+PT/l0aIdvbNO6Fkp3k4SIiQ+Kl3oycfLxs7fCxWu3P//uMzd3oatN9bit6y6ZnXrmyc878rm7Ce+wxF7wqxBwINM/pP7H25Q+yQ4oF+9xwj3JsF9heRRGVlejejKJJTOrfArEd4qdcogPMVKXkIvZ6SmVpwEtcLQwXhFCQmOsKZEuorh8UKMTlUqlUl2s4s+pX/RFX3RIgRMnTsRfRfb29q644gpQqVQqlUql+gwo/rzxrM///I985JYzZ862y+Xm1tall15y3XWPzx/1K9U0zbOe9ayPfvTWu+++Z39vbzafnzhx/PrrnzCfz9dW/tSnPvWOO+745Cc/ube7Gyvc3tm57rrrVh3jHm4tufbaa48fP/7Rj370/Llz8Yexre3tq6666uqrr37wm61SqVQqlUqlUqnur4KVoLdQI/lAcj+RkGNOPTOOupMtB4MJ2TUCzQ+M58+4G0CTk+B7JxHpXHlK6mM5eJqoER8oQ0vn2njKcrlolwvOd8G2CPjReMnzkDkP9ibgaqd3d3Efhi8qIRpGmlcjBMIMhTQ8oSliZSEdRIQNmbTgLcfItqNNsSzBXuGuspYNYYKkIpJrWUQMJJWPmKmYnJfClMFfE8z4zkyKoJuUj2NyZyaM9g1AiRmTE8abHDtmcAT5G8JiuM3oamEw60sIHX55x3YbCAlho0NFKXVS/UFat16HRI0LSGW1kLlQReagggLsSBC/2F+UXscoDYfWNnmcjgpfaxv8AZWM22PEWsNy+J0meuxIInoCzhV0sOhd/JdSi3gkEvAhqEP8MpiIBz1D0AelD0IbkDizUShIHANh7Euxpl3iiGKG+zLVmoeKGTR+aynDEzMt8TYgttcTK4WMWLwBD701dQg9hBrQnaWJ28HXHlMQ1UisYbPQLgVBLFuTlq7raMk42ONE7q2kK/ioxf7BJzD5gjCWlUCKlEMHiR7PDEd2N0lLVPDLfu/Wc7c+/tjj4WLUB/eCS78ALl637n6kj08TCNTD+XQyUzJ4t2AiMeF+GrsheyDkxXe1TzJfAus8TvjVw4B9MOlBplJSDFYWDupAoQpDwn7KZiR2KaWbShBgOrf8ppJqln9sGJ5OWd+B+ab09BVz72IWd5VKpVL9j6e+78+cORM3dnd3eU/8eeM1r3nN4Wfdeeed8TvUyZMnQaVSqVQqleozo/l8fsMNT4Hij62HKP4Ac/31T4hfRykMlIDm6IljHj4tOX78+DOe8YwjFv6MNlulUqlUKpVKpVLdD5mUpmXyM3fONVGUzPFEgISnWJMzLsgn1vnj746yb0T13rVdG//kG8QzA4zgCxxDN8XlCNMgSgEhlb5btsuujcHn3nD83Iw/BZ9zPhTOFLk1o+NH7w1IBE1A8wVrq4rcTSqB5TkOath/wQvswqmAJJDt8X+Pfi3gAhsW8C1jEBcqtIShm6+IG1ejaAAAEABJREFUNvHB2OQHwpYjFhKvwR/yH1CRYMRgJmEl2ZIjRXuLuzXr7s2MjD1o+NihpujUMBlzkLxJRAOhjYwh64o+DpB3nSfohCLingxOME2QFZMbdr0JIRzS3eHgQ6vgyLpfDA/YY0YhdhhxJGbNRSc1mwPfHCqT2xl/i61xeBlgGILtZqVuLMFhdgr8W4nyy2PJXhYCclTUeEtkB14A4jVsbezMQGehh7ozzpGjRE+93qErkB3u2QzkTDgYAwKbIvuMO3hOicKTLyRfjeJ25Q1yHsi/9J6So+Dv8R7PRpzKk3MLoK1JqGI5E2rHZiPG+l5yStGTRlY56JVa+WYfvUlGHidl1piQbmXcejxa2bp3ndAk9FzM6/l+uytnFO4mGbCKex5/8km5svj2fHvm1z/0K9/1ed8LF6MTzQm4X3rHPX96an7FTn08z9XWLe7Y+5gAFuR6YoY8WDjJ5tWc/US4ZyoyIFrtk/GDYGDan+RZ5EPKhRWgoExySi3ikIKBYrHwaTIXK9HwsCV4iVfOkO6BAENqIZloiV/OyjpQ8onJJWXlQVapVCqV6kJ6+9vf/uIXvxguUrfeemt8feyKl7tKpVKpVCrVA66LYiA+o8DEw6clF6VHaLNVKpVKpVKpVKpHnyoKAuY4Jow/hQ4D4iCwCBlmmEwqmORxIjwJn8n+FpRUwTnXY4oZMQUBtvFg1sFKYH2cbyHGP13f923bcWIdwBQNluGOlPilTPEBYzYGOBp6v4OT3LKK/qnQ44QQEcwLMsAAHC2NIVRHe9nTxWESITI4CZzEBLsBzUsQLKlrdEsxlTVs60JdYEHIDwkBp9wa3HzJizJ2LEjeFeNsOgbsBX9vCoVfgbHD8JXpdWjEBDgASAOdzAWQpUErF9db06FXRfzCpEeODTSQG0CohhN/IJMDB9ucmCPtSrvNQQfyZphCNXQ7xevqWWvRiTWVryjjLKWShadBqw+qvB7F4OVUE1KY3iOSYYZEVTS3PfUaXd+LqQ+b/wARJ7FfPbMfkjuKeCg3Q8oEetPH6dhj0qM4PDg1azAuPkzAPkE2kSaDgUbIMy2IlQRNTW5AeqBNedc8rpIjip/CxF6l5cNSSiG08QmU5gaJJHxUgnHoY2JqhAjA15Uj8KAKTYX/4n68gHf4uMQnLz4uMIP1HieD00kxHsNRWtSEaeDXmZ3RnVPOnTByN8FtcpX53s/7h+WILtzi//7Tf/jqd77qhdd86fHZ8XSZcNBs4Nrm9Uao7crh6VlzO79686rGNPz2dz/5O+87+97vfsr3cTtZH9+//Sff9yPpLtLqkLxb4ut2c0zumtEQqFbm5YU9Trgne99XtnI8R6lUZdITnNZ/gOG+SprPhGKajx8cfOdtwSqlzGo42ySlEUAmHNOCngykRnSRGZVJd6oMikqlUj2qdMcdd7zvfe+b7OQUmx/84Afvuuuucn/8beFC9eHnZZ/85CfHjbNnz8Ya4AhaLpe/+qu/Gjeuu+46UKlUKpVKpVKpVCqVSqVSqVQq1VFUfng9B/8yxxGKjAbFSUJdMJJQMCgc0XSSZAZTy3QYCQ9VDI17zr4ioiD9QAXIxQyCG73rO7fs+oVzfYyZYy4XyxFd8f6Aic1BSIdM8en4fH8Y6+Z7WpPZs3S9CMmWRNLIgKAxlOzGeEk5kyKenPKH/E6QOAlOoBO+cwPy2XzL6YdsU9mmaSrgj/1Lp4VkRCEDkdxKGDsJKYpPgf6hqdmcJt1X3ONLQKiAHYY94pySgAHDphBYygEHtVNBk3mj5FvDF6CbNT2EDnO5BOdjPBkzolDXGmFNsvsBVKm6ER1S/nOg1hWTcPSa00dUxOE1HmmnuXDjwmjb5Fg/3r0VCqNek0o2T1BJjxS8NFtKWvaTke3AIxQfAGas6pSqhLENT+NmKZdNFa+HRhfWkcuQhyrYpq+qpQsLjNXgQ4AGKZSKhaGQYGQGMzUWHzRIzycMU324z/S2GmUSohdOdiUZYdCYBS8nQA1BEuTNEnf6GiwzWb2PzQ2YPsdBA1WFqXbCDPAe6jjj+9DY2ING8BgYPDkARiwCDDyFyZ1TmSYTJ0C+ScfmO3ee85nW4WbKcuflJiZjtVFtfOez/s+ffNc//zfv/ol0y/nKQxNSchmp7cqT1/hjx0BcYVJhWKHH0p6NetOHPjb+m5/4d0viJJVjG6TAHB9PA55FG/UWyF1Lhh3ieVYmXNlD6zxOuDVt2xpa7jDNk0Vnp7hmy7hTejDKK2aETcrrwvB8F6OR+pemM9k5YX4oO8wVvIRNrTPZJsoUiBO7/wAMKZF6bkEGXWClU1UqlUr1yNe/Ja099PKXvxwuXk9/+tN/4id+Asjy5Fu+5VvWlnnDG96wubk5n89Pnz59++23//7v//773//+uP+FL3whqFQqlUqlUqlUKpVKpVKpVCqV6qgKQ0i/IE6Y5Rj5mnAQNAUGkx8GfVEUMZ7gQkZBKM8MsxP4yXkrtITkjxm8PfgED0httP0yfi2Wi77vYjTWYwYaRDo47M0oRBlqlKC5yY4RQzqa4pX2r9IE05BlbGqNRgkldAK5zenCtOEo8uql9cl9QhohWYTEK6Wu5/W8qqq6qowfET6W3S0S32NyIykkzE4A6ByCWUsw+gtQRHvFrUKKl7dhJt1DGVOELJFhROggFaU0I0OvyWAbyuFi0e/Aerp2jwMB6HECBjMe1SbfMBRBZAaRiJXJzUkT5TCNhg1gcsa6nDjrqJTRbgPrrBfgYhiUIxUI41nHw1GvLTkQPaNb9akam7gUwghS1aEYeE51IwAFOCuoD87GOJWsNxUiLWiJUlucf01lO4Cli49WHDVEYsjEogoD+sCNt/JUsgNRxmN49ojHyUqXmCKrUyhnZp5eZJghUwoZJUA3IMQQ4qxyuF4gnlQHmBt0Z2koB0tlCb9BB6E17ibjroNJmXi8sQ068+BF5KyT8+MFcZLWOHyTvU/WjO6l80t/8Lk/fF973yfO35534kKGcI6lfECWMsigMRKiGmBm1QybL2WEOOOlJPuaRN3V3vWpxem729O7/e7MNs+59LnHqp113WsTPZNsR5Jn1HZznIkNJk4MsIdS0StH8DjJpePSC85zJ2CP1DY4TyZPkFZrdsKhK7JVkgyzT2CLyRO0GCJZCROaIxclzMSEwVFpsNsq1otp1p1kAxW4AmMu+MSqVCqV6hGjpzzlKV/xFV9xUafEXzPe+MY3HnS0aZqrrrrqkksu4bdPfOITf/iHf3htxpzf+q3fetvb3lbuOX78+N//+3//+uuvB5VKpVKpVCqVSqVSqVQqlUqlUh1BlgN3KyH9MrcOOXCQH4NNcUFD0UghKyx/+D6DHyGjGEUWhoknCkB2+0jogoEOs+q0i/hf1zpH6TcGSAX4w/CJnBjaGdbjAGbNXQ2nrbtNSqtTWY61pstS1BRD/NZwJhHJb0JogeTT4aRAzOiAqTD4zL4BMQ5d11UdVSFxEsauHyk5UIIjRi0Oiacp7gdG29LZ3PThkBmhFqnz2cLAjm87MxhTuMMkfsBRp/cA8asj1KbH9EUmpKRLqQ1V8rWo1rV3aO6F2Q6zZmuCl8CRdFFkyZGAmCOK+6bmZC5HqLVkqAIUaEUulB8jDuzzCTY5bBjqdRc8peOxFj0q0G7Ihd7gbDRVsBXyHFXnXc8sk/cV5q/hdD6jxxIgcUeB4Sl+DCU9CpR2LJKRJzXUe1PWkJorZh2IJ1QIxliy0EAPI0/ABs62GqCFMA92HmcbptWhbFSDJ4cZZVqBaUcGARr4kmFuN4iNAEYi4v5LNk+y/1Ayzsg2GlJZ8AcO1snZyZOXnIQHVJfPLo9fFyqVs+oIfSJ3Sg/zqY3LZEFMD3Jlm/LcYhKZgzxOsjabWa45rmld2wK5NFVxGJioscwi4RRDEpBWfGvNZDDyBEjOSXxdKxMNL20zvZTmnLXlgp6XpTThy3xvw3p96PKuUqlUqkecvpp0Uaf0ff+Od7xjPp+vPfrYxz72t3/7t/PbSy+99Mu//MvXlvxrf+2vXXvttfE3kNlsds0111x99dXPfOYzT506BSqVSqVSqVQqlUqlUqlUKpVKpTqaBKIYMkWMYnw5Gm1KYCQUWXIMpcBAewIn3IU4nGDaipC9NWKskYgHa/OpEt/ka8Wy8U/HvWvbvu26pfc9GEdYxigWHFbyKST/ETO9LYAi6hoO4gZM6c4heUUYFqn4vMra5D4SgpErOYJq4g3Tl/N0q3wvGPLH/2ukVyhRjyX+hOP0YmkyauSwp7y5AzCHIPeSqBDI+Y8GSGHKMiRPFLlTsU4wk+Cu2BgMVAOxJvGGvDUtBDI4CQ75G5PYB+k1SH04mBQEGJEs5YUO0/0iP8yRS5Y8S4l0mIu84vqy08L1Bc8WUKLESkKQTFBkBJIbYFP5hHOB+FXI84XGD1aeDp8cInA6o/cJBvVDbaGxZhlM70PnvQ3GB8yBY/HRTZMIrVVy1itMKZXQp2AGGxPumOy4kW8mrFBRkDkVccvAujA7j6fbI2cW0wWckr2nrwAdQBPCJpiZqWpJJrPGmSNZXgSZ3Ik74SNzuwnpKPqdGJjZ2fZsa3dxTjo5LyUp0c7FDPWDp8SaQKJPUs4gYy6bXQF0txnosIaz81ycxwnv2ZjP+Bq0kCGwRLnC+tAb5y1/B8g0HldncVKg1wubGhVLrOBGgq+RQRM5YXFqHeZO5LuClA+TRFQFWQJpGlJ1vMgac8EkWCqVSqV69Kuu60OcTo6u55FApVKpVCqVSqVSqVQqlUqlUh1BL3nJS+DT02KxANWjUIRajGkIVnL7MKVsClkyxMDhRo5uC2+CTgpophCKDAhmRfkqXJdz/bJdxK+ua3vXIddhIAeID1VO43DYPR58gMgZomds9jsRqweTTSAED3B4ijeMBuC9OofEifOOG2IRN+FEOoSe2FooHTKw4HQppkivk0ifwE4QBgafkhEmYybUTCiIErn9VdakKEt0gBlF1u1gDAHiqYIbaJkR20JeJhhVjgFnSqYDfTDOInES2HkBmEXIDMIKZ5IBlLW9Dhc+MnZsOaLMEfYcvh8u/qLrVScY4DCmhaEqQSsCw0EyLwwIGpTyL8l85Ewr7FpBxBfTJkIRUVU4KStkTSpPvhTWYwqbxtra2t5C5+NwIkbUUZYSjwlvDJFkXqyH8GqUm8ZwSq2hwSBpsSgn07o7AoDEIqUCwiMZuatAK44V2xGeT0Jw+dg2X/WuBT/rQ5PIEgBYzSCV4SsYEyfxdYaGKRZRFhCmJL5eunXZ7uIsGzBJLfJYhgFqeJgpJEwMhA2UZ9mCvWLrShivFI04nZi13Ik5wOOE+3DD1o6nXFzlcP2q44rcuU4ypCFB2HcdOa6gNQ0NYJw5FXnogItLhbVrPI4yEFcCcIG+PdghNVMoHpOQTzIZLjHpzvHFBrHQCiE8HIdMpVKpVCqVSqVSqVQqlUqlUqlUKpXqUaz77rsPVKpVSav43GwAABAASURBVOBu4BokFUuZbYPifhTrFGSkSjyK1EFxW47fInUi0Vz6+H1K6bKOOKEQpHMdEifLxXJv2e4TccI1rAlqM70xNpXg6/iijBARRRxzVUzMCFSCeSQwEUllyPqhiHyiqUkGXwK7O1AbPAXJ2dnFkqtJRR4ncbupa8RYkh1MykViRhTJ0LLkS7GulSVswnc4tgTwqTYz6i0zsoTIY1vyA0FMEoxUgOwBSGMJdvj/s/ceANYdZf3/lHPv7r79TSe9ECAkYACJIFIEC0WwBEHkh/ADRP6Cwk9UioACAQQEpSpSRIqC0gJIkxJ6i/RQEtIL6cnbdvfee848/3nKzJlzy+6+JckbfL4s9733nDlzZubMmb3Z53O+T3AuWDO0pra2sS6QhUYQQxTHrgtydqnDdo1ayj7mjdM7B50SkweuJDvZ53bX2oiTdpBn8iFrakJX1RqAqURpCJ+SIvCSQyoPsClHw8eLQY4VmcqJx3pEmgKhCXhh0L3EIhPFiIAjvxqD9AmCCT2LeXdGAMP4inYWeCpgkAANVqAdlJQwKxEk9AZ9SmzJT5nsjsMNTrl5rOBMHV8ZI0l7pD4rFkIWXXTQVcPFf4Yh+BB6tsNNhA5JMebbYccYiw29TdsG1yVfEMx/dcSmwy++7nxj2MFJ3E04BRI7iJj9UOR0Qr1gHkgcZg7dcKSh+R14r4Gey8kFds/jhMtR9i8xEYmn8JVvoOo1VVyOkQWKE6bBLAYNJT3DZSLENcAhcGeDo1XeiyuUSSmbTOmkZBPZBuJNk0xPeLFHfMqmRGntzCYbLflV5JCbkmmGqB+SK8GoVCqVSqVSqVQqlUqlUqlUKpVKpVKpbmIdf/zx//M//2P2taqqOuqoo4zqZ0OQQsycASEBBDmwy6XkkfPEjNj2LWQZ8jjh4oY5iIIy6eIOJhdrICwPBoPh4mC0XNfDGCvHQOtEqH3lPnQD/7awP+niF9kwQKgIsjexjsOmZHbiulgMxOhqy+KYZCNBhi5MxmR3k6ry3nmHqXmoEvI1AeFSbBF3FyDD2uIx/9Q+CYXnnthpXU2x/HYjjAEWHdIjF+4iAinvETUnkNEGkGMNuWOgv0ZtTG3wejTInVhIJhgWI8zQRUTyW2dmaOJaWrPmCzxbdoWN5Twba243NYzZU9xkJVWJIYEOZjV+JmkV20QIAWE6IXsaUcuONTLGgP4lwioRKgIOiEQJ6f5FmxqPcAjOX9xLJT1BFt7Yno0/ru/dEMwITHytMd0OolREUTnONVVmorHpeiWQRO4V7saUxFcy98Y7TLYZ2HpHNXjMfwOcX4XQE+xQ3WACoJGV05niNkm3h7Am0G6zRVmz3m/aZq8D6jdvPnDhgH41NxwtE4LCNbe9i/f0S77+fFNsadubb0th6aTDyZYjfaL3B2w8FDYdmO/mbj3QzePT2WtNO5C8+I7CICFIYJgjSqN97Prjue98UeLV6Ln5zjwvxiQt5WaqxwmXa+qGVy1iy/B0HoEP33eEEsZVr6lGflQjcyLtrGviP0LdgHVx3uClI+gOLU8kFw9McCFWMJrAv04khZssiNxyTsNmSvRvTHGhNZjPzarZiUqlUqlUKpVKpVKpVCqVSqVSqVQq1U2tpz71qevXr7/44ovNvtPc3NxDH/rQQw45xKh+ZlQiCm06mHZLaVFiiU0xElMWXILjssxXGIlHG6JYEp2S3ASgDWHH96Gu6+XB8vJgaVQPmqbGWDqnTbAwhowUzdutOKMtmA4JYQKF6bmnjImg0wklxDGUIifxCMTQoPlHaCkYTB1Ehi4Ui40x86qq+v1+VXlJ0EM1OGNSDggDXccWyZ2SIZT8VD87AIQAxfaJvreeKXSYb1maAmsBKN/zOakRLkXOLXtbpOwVMQacg+jONgANxaob65E4EdcKMrthKwPgVDBTzSEKrKKFjXIcfCWt2WvC7u6uRCkYA1PPsu+Jk6gq977TEoBJUCczUrYtF0z3FrB09SQfjkmpdyD3S2AlwomMJMcx6XIFzmWC5idIBsSL6gLSUQF63g8t2p+Mgh2FZtQ0nGKF72aD4X++08kVIzEknD/HpnxUU51C2FfHmvEbNlvSZGTDp5mHbivIofQ4RVcDTXfsTOInVvI44deNvS2wWDiaUPmjtxz9k2t+XLqbxPvNSsYic8H1P8QRDXIUlQntyiV0Xj424XptGXzd3uywfqd4k1B1dLOF9jJnn5W2Tt7CTi5seRPE0oRyJ6X34i60vr/xoPmDC58SHIe+XzC77XHSvo5C7ZACMh5pORuYykEWDcGgWF/lfVzk0NwpCDsz8E1o8IdHDJtOaiz66+D8iktHvt/4t0KcTDL92ZInOSetsKTn1XPiJiWoRaETlUqlUqlUKpVKpVKpVCqVSqVSqVSqm1br169/6lOfalSqVdQaMfBj9hSh5rQGlEyHjQ+Kounh9JQIB0xjJN2BlXC4KdxQ5BB50N9KcHxUD4eD4dLy4nC03IRRgBFBJ8EmC4Kp3MkaxaHmKYSBbRMDEWhSESNimT7BthMxEgQZoeA3cDIHMGLo4pLhB6rX62E1llkVSqsThysQNiAtCenMbaYhivTaMitQbp6ZBkFk2iYxHHSGhNEUKE4QpCRFuBMcZLkLVhwT6CrQD1qbBH5FIgEcXwM+Bf4wblISK5QMw9zssnu0d+ZR0KE8xnfsvapO8pnclHZjuoEmxPMCTEmcCE3iiCNqcjVdpoPZkOR7YzntTjACOBiZKDihHThvAqZNCiHOXG9tz2POHcylRIgV4gN8H4LHWRVS/ThDhDgZI6fGBe0kzH4gCWrLh9AMlPWE6Sf+AJi7JdRjw9L1OBljLEz56ozb1D9g+/A6Q6Y9VCKccOAJF1x7HgM1hggvI/en5NBKSEnhgJLok+xbk0AR2WvLLTRyicVxQo2YCXbECEGSOsYeSlTGpPKmLW/SlWOI7MRNdzBp7jJ30nNzDgG0cfLGmryUQnckM60i4zloakfoC66JxgdTcjDMnDlvcbGM9z4vAj0HmHmnaUyiCEejOLSYdQxnj8OUPDSTGc9zbAlFC6zMHWiTN9l2SMVaJkE9vHrNQsVuiXVIpVKpVCqVSqVSqVQqlUqlUqlUKpVKpVKVEucMDptyCJsjkYkrIbIi2VqQh4k4nTBEAkCZZoTM4OigSxFRWwTHIYWGYw3xkCbUw9Fwebg0GCJxApjIBYiI4OKmofgvtWMPuBOJaBcxWwl203tnKX9ERY/eO/5IyIgkxhFTFulXoEBqziLkc8Igaz0bpHBiijRuJiQgBNpTMynSaWJGYtrgsy1bb2xnY1FJisZCii+zSUQihvJ45U5ThDenIuHWYwKWALauwyjUgXKeUKoLDzH6HUPY8TIRg2Nd61lhoa139y/H7qo96vbHHnbXk4857oiD+5UfL7ObdY9CuPCyq7/5o0vOvegqGMNA9qmq2btggj1psRTobu8cxVfSZrMQnmJurB7iBXBuOBAuAT1ObOuDQnmf8JUwB8yP4jB/kunFu87CiO5orgr5o3ir0lxFpoLxgSKljl1hKhA20IJSqWPZIITfODJlIRgK6/Iy44k7cVWXK1mTx0k+/+beAduH10p5NNWwlauOOfC486/6MRXMXiZyVOtu0jqgcFad0t0ksyadLaYkVEzh7EQDloiTYDrvbQJLMl1hM5sSjw3YBmcgJE8UHMd1/fVHrTvSdMek79eZ3fM4SRhTKj8YjQwtHd5bz5nGCL5zCXZBiscgoMcuTUAZnCpcJipIvzN6rmnI7MTQ7xJOuFY3afFsGkb52FNK+kp5liYNSwhYkkUWWuemDqOlvIlKpVKpVCqVSqVSqVQqlUqlUqlUKpVKtT+IU3BAEXUVRCJlirEpZMwGF7aLQbDRCQYaJQBtyc+Do/nQPZEQJwaBkno0Gg2Go+FwWDc1+XNgFFwolZAD0ykA3QYYQwqyh9X7xq4BqRlllh+CRbwNhnLiYHhVTsMkTdtmw13LNZKTCXErmELC9ypMr8OADqXpobcYec2RWLZ+cczOCNwD7HYArW9JAXJkA4lcYFzikiIDwoXAAeW/EZQFmCEx4iFQZx4l2wkEDAGP6mZYhyYOZuyNq4wMbgwwo+8BoifWQb4EkMGG3Yv3rgEamllhv1c98eH3/q37320fehrc7663e9xDzQc/9623fvALw1HTggJZsA9C2lVBkqygAjCChH2N0RMdMCWY9o4VxxpjktkEcUPiPiQAikAHju+YNLUcMR8eZw2ZWKAhim0cen8g5uBopjgXP9UIEeDUanCb5TRN0LlNZvVMsDUpyXMcupxQSmeT0Qi2IQI6EyZ66bAka/I4ydpYbem7hWFYZGcRXqFuf9AdrrjhkqXhLiou7EhhYUJbGJvAfsve0stEMhnxlgB5iUm2HeQmJKshtLmHoPAvkQvSup7knDuZkRNahVxPoHU9cSdtuqMsJdJ/HK45vz51WvYkHsXM8DhJg53KD0ZDqgvppLgOV7i64ZrlCQjCZcD3gguYsQmnH14wzwALVhh4XLxlnxRa36yM2Kip2f2EP+KnusGrS4Y5ARqy13LFL5ViMKVDNiE93TmnNicqlUqlUqlUKpVKpVKpVCqVSqVSqVS7KQ46xWA22U7caoTRd2Oshof2Y2W/hHyRbEqMY20bFE/uJZ1LyV4gTZtBRqLms653jPw2oRkOh8vx/8OlUT1EHwFLCV5CiBFLyEQDJwnJwfXUNDPFFGLF3kHqARsqIEfjHT/M713lCRmJtxUGQfm02EgON+coJ/dLLE0wHusryqnTq3ocn7dihlAelxJoWFsMmhiitC+m7Fo7gEX7g2nxFSGCigJeukhxXjaz4KRAmCIjhcwtZS1qDJmwoHkL7m5CjAg3DaJF3ve8wdQZziRYgCEgsMaWXATJdaijGcM+Zc+eLAJPOP3ev/2Au5l9rdiD377fXeLIvPG9n+Mt45N2r7kTDNxLVSlWPoPTgIIqsTbN+EnoJNfAdicWOtcGEpchUBCYxgYK/uM/RJfZRhKmxL0N/0MMQuOILXIBGpwrLrTQl6mNix/qWMhg8h3c7kwdJPuJYE1Ts5+ApKoqUQFLvw8INAHHNwNiXFbsWUxadgKUQ7O7Hie55MHzh1+667zWvAhCvG/vfMRdvnbBF7vOJYHpGC7DLExq5+ruJmUZ7iXXQ/RJfhWOhOqxxkDpa2L4vKWvSRoPA6l31h4wd+AR645IvQvoZWPCut5mIyyOsat7nIyPJL8fNTWtbMYQBBIcupGQvwkuA3HmBLQ+auLoVa5H1lc8QNxXx6yboxWEzK8CJ2QC+oiAiWca0TQ9co6qhzxNAXOVGcRWgFe3nNDHl83OywmMAYAqlUqlUqlUKpVKpVKpVCqVSqVSqVSq3VEM6DRNGI3qubmeufUoNji+eueMar+XTXE8Rk6cRDwpw46ZwjpxBDAUNgMuZ9Thp+GNSSleJKjcAGbVGaDFyWBY1zHKjWFYw+ksGFE7XlTBAAAQAElEQVQay6CwJrJkpT4lxborxw4njnvnjLOpqznIzaF0IL8VcjmBnEyHLFIw5FpVlILC4JP9hogTzsXDcfocGLXWwtT2S8CWeaypzRYjAoo+t5YpYNorVBYVOxIa5xrqJirUGX6RV4tXivJfkN0AWLJwQdak8tb3PFQ4Ghj5JiwH49HsqGJbUCZBLx0IaHoHYI8vXFvlcUce9NsPuKu5yfTb97vLJ79yzoWXX4sfxGdkL1GTVlUZH5d/xrGWzA8ll4+c7kUQLxr00OJfIKYcMYhvkpvJ5FkEYaEEP8QyUN+oqLOm7SXPrHjGYBu+RePuysa71AkUYULPIm7i4o2LCEGcaPFtqBhukjmX823ZPAuJiLHJlQhtdagbYsuC/hmGTZSY2KL7PJhx15DkCmJ20+Mk+XnYTb0D5/0Vy80uY3KWnHDIhkOOOODoy667KIRxXgTLpDWN24BlUpqgGe4m5CqULkDOgyOOT5RPJ73vep/kK8bE0BRfk3Sr0/t4p95t613T1ACmRpytcm6dROfIZZ3hcWLL8cxH9byrm7oeSfMrh4mWnPO0mOF1X2qGlrxMelXd6/dxBaQ1BxfueEHJGIUcYrhhTXKRcT3jwdNKgosLTSFwjbdpbW0IgMPTNNCYtCYihihwm2voFC79IjGysPKlUe5EpVKpVCqVSqVSqVQqlUqlUqlUKpVqN9TrVU0zvBVCJ6P4WvW8Ue2XkkfRKcEDBqiBmAPTIiOcXUFKg8R6mWOIkcU6IOFAwVInuXiSN4YgGO2x0IRRHYbEmyyO6jiXR7QdY+oxvJkCxwnacGOResoOQlljpCmJD6FYtnWzn3tnZmYU45jIiODD+5X1lfOc1CIGewOFjdHshIP7sakIeDXcDmDTD0RTXOU8IzicZaJByweO41rmTih+SjFWfIY/B6BNTmuTsnkYtpmA1J8idRFQZBs4y4c1vkVQaLgCR645Ci+ODORPQBYDo7qO4eMGRmx2gtl3sF/YOQIPEGuI0doGLBu69Ho9Nzfn5vrOV4anAeXWMdYLQdRGpyftBmaOerYq4E/F627obicfe5PaGcTK73qHYwQ6MdJTMK3XzmpNXml3ZXZXcpk79hRjNjPjFBbMrigd5RIeAWyDkm1yIF8WJh0Qy/JimoEuGow8se9HvGvi/xpCsTzSA4ZTRLHHT5CkM85m6xNZAuij8BO5Cza/pkbasr8FrAN77HGSyx+2cPTFu34o/iXpnrnz4Xe+etsVw9Ey3x+GUJ9EpQDjb3zTruBuMlYmj7ygYWAKFxPxUKHcXKX3iUnuHoXriclsSut6El9/7sBT56t5Kp6IE2MXqo1Wsoit1eOkHYdi+/qF+eXBIK4dSKU1DZqq4foQpMcNX6jYvNrWo6oe9XuVl3RitDgipoaNr+jXAJ/EpUsjAFKcRDT3gA5IHzw6n7A9FGIoyTVL5lECfRBXDCZNFF5EndmDJUWlUqlUKpVKpVKpVCqVSqVSqVQqlep/tebm+svLQzYOuRVpSA2en+sb1f4txAyg9UqYGuxnRxCxzQjQkGIA0BGKwdTEtFA9BhTr0IzCEG1Ohsuj0aAJjS1dSAoUg85kZsT8xwwOdqN/FTl6UNITV1nnMdIepM1iNiChWgDuWh3DnJRFB3PxcPoIl3PcwLiVAGQiA2bTCkzipIPzIKcqkwMFpHIUqMXcQ4KnALuvNDSk4o2BUe+GcRbyOMGWg20CQgQIzADyHxbtJCyF2K3HtCdAdi++6vX7PSROPOdCMZZxmowB2Hbgx600zET3y+2wu7hI9nbIY3X8UYeYm1jHH3lw53PiTlh2de5kJptSTQ7TNPuX1aqfPc8FUEpRedvBNaachsGS5D6S2QNO08OXS6aweBxBctUA6KPfCXIoFPlHvISMgJA4iROuJnwqjxavHpCNTQwmVwl8AkIkyMsj54pyRjx9BFAYa3jhcWK6lMmUhWDMzyPuXV9t3tjbun14HeWjwaw0xHFVv3D8vT7/o09hqcAWK627Cd1RkGgS2hAKpiRtER5FKDnIO6x4ltjiSvGr4ww7pfdJ4XpiW6hP1gKX8uzA0RuOOXLhNqn/Qoo4W82hzUk7JmvxODFdjxN+PXDT5rg009qBGgwGI1ykB8S9xKFxIDZYeB3jt5ABrt6IH+HKj/m5LC6pZP1UJS+pQFmTDGJ70k3+3K55nFDHeh7JBj1N2P8k5SnD7eiFQgnDzFjXcNOe+ympVCqVSqVSqVQqlUq1h4p/Hgz0X7DO6cMQKpVKpVKpVKp9pkARK3fTp49hg5Ol5cHGZl0M65hbg+qmWV4eGiJmjGq/F4cBUzBwnC1gEiVQnC/GYOPFreuag4k8/8fLcyAWo4J4j6DNST0aYGqd5fimYfMEMSxZO0dizbjbg23BiNly5OeABif4anv4YL7ltDQhRboFF6GbOnYNc/0gb+IZqGEjF3m6f0qeFH4HuZGQIsg2jZ6khiDnB2pSa/cgzAmVgezmQluDCQ0RALFVTajpv2qbOqAhAddC1QYhDgL9D6sKCUJg0sDztWB7BbJWYOJkvj+3UPXmyOzCtPYyrTeJNR1PirE3ZuLqTBsVs6rsZMm4ad1N7+q0EE+xIiO0Vu5kQrvvdNKt0VE+JFtcis48A4EAjG1tNpJNji3KFceTy0dCavhfx5QEsUnZg0TC/YH7jtsdJTsBT9AJzRHcEn9qwDxODg0qODWMlUaQFQjnhmLigUAWQbbaJcYUCVMQiaKlgtsnN8yee5ykyweHL5ywc3RjgCZ5h8Se2c3zW+5y7GnfuvCrxnS8TDruJgFMC55AUZKdUbhMKMvYRNTQUFF7sqOJ3H4Fa9K+F36lvdIJCYrbD1o4+NQtJyMzJtwMeoXEhXhdb2vJoJg98jhh7mTLhg1x0UN+CM1OmmDWLy4tL+7aNarRx6pBZyRce0YBmCWLm5wNsRkuOIc5cyyjeWgGhZye887nxdKl9ZI/YiaeNAnjVXdBlj4aKpr1tBhhEiaCThwSJx4ZQJxlOeGZbQyAQicqlUqlUqlUKpVKpbrZ1ev5wQCf23Bu7/74o1KpVCqVSqVSFcLcIpT7xtzEiqGcuX5vMBxdf/32Qw7eam4Nik01hMvEKJRR7Z+iWDNHBjkSKHSF62Qv4LAhYQv4hHn2OGHiZNzTAdo0CEbQE4jRyyEGNDGySeYoFJSW2gvuRACQSbhkTK4IUJtZXAADIpz5x6HhAkYyKzJXcPT0vjxNzz4NmNwBU+o0+Li98b6KIuSEjpfKLJkUGPYpMEXcnM4nu4Axl9wuSD3DfjFqI44PgQPLJh1niS+x+SBKOYFPTwS2MCEzAIoLY+gcY/xoOIHsQENxZ2wdgTQc+LfpJJwhJe6r+H0MC/f78725ed9L44HHesj5LEzrxQLJoCADNKm9424O3Qs0fjXM7gjWRiHtG5VkSZcyWSt3MqE9/ZWQuSXiTqCL/UxK7p3CniXdQp1SWBtlZhEUIZ3MAoEnBZlik+WPs4IzWZw7nGOHYRAEToiMspWDmm7kBhxBKjZIi4Ddi4IwJZln4fPkCTT9EhcLSklLmGmvuYcz/Tyc9UeuP/HinT+gToRsonHklqOWj1z6waXfNtQfcXfJAIncRO0WkzPpQLqpQh5qgNbphAGTSUcT3mIZD0qDnrfYgjsRRCUW2ji36Re23qUgS6SPC9Wmiv62ld1KTHpdy5h0jzI9h7nHMFlS5XhlWTffH6xbqBFwQ2OlXcvLS4PB0mC5DolkAh6AhjtNa1aI69GwbpDoQ+8kT8slpIRtgDAK7nBsq0QvBCsJgYcXxUmuJ159aOEm5xPv4zXy+FuHXWCQd2mCUalUKpVKpVKpVCqV6uZWDAMMBqPBYHgzxANUKpVKpVKpVP97xE4e/ZvlS+aWLRuvuvr6GLjftn3X5k3rzf6tbdt3xqYaarZR7cdiv4Rs4JGJE9MyB1IScyAQA0FGIBhdxVQKcmALCZDRhwSZYwQzxiWDaUb1cIQJHIZonOANpAhvGUHmDBjFRtttpklhUtsFAWYRJ+JNgoRFbKmx3nC409qWiolhU0nfEIoIuEc5n5AT9n9JA2JzmJ/jyOJLYlvXBpPy53Qbx0FmSAYVclTqF2DGEhouolOwVQToIG6CuYzQ3SRQLDxWUVu2oUCrAIGGZAj55JaBEI5su5QxxLJLRVVVc/MLVX/eV3MWk+84LtbmOLLFlezSDLbLmkxcoL3T7uAdP7rwymtv3LlKIWsO2rLhDsceZvaiGRICnwLWrKSqzK8iFa3NmMEWZ135lC2Pklucyqcbhd/LVpdxIkg+OuwxkVJr2XYK8MmDM5lRQTgASS1kV2xg8xPj+pi5yTbGNvEVTMP5UQxmfIp3cyN5aixPyZao6Y5EZlGSg0hJmVjT4U6MWbPHSd6+odp60PwR1yxdhmZNxGcxk3XCwSeO6uVzr/iBNW1yHaogyFtKJFa6mxRlBDbhV3ErKfJ1mXFHk1DQJ+JEVLAmXdcTzK0TNvY33euAu/ZsFcjdhPsSTOi5uflqw6RnyW6NSeJO+LoHXuIqyrNFdib9+X6/JrPgOBbrh8Ol5cGuxV2Lg2HTNDiMbLoUmrrBXwnsC4NOKPgbJC4xIR7HSyY7m8T3mNvMGd/4PruhxJmEOCpCLTbRU9wqGn2beDwiV7AaxFbY9CmezFc9dTpRqVQqlUqlUqlUKtXNr/XrFnbuXBoOR/HPo/FPbEalUqlUKpVKpdprxa+Xo1Ed36xbN29uesU4zdYtG2+4cceuXUsx2rJ504bdCoLebIpt27Zt1+LScnx/wNZN/qbPPaTaS7EhRvI8yYYGgVkUDlHTo/wtcWLIEyWjKqbLgLRP0RNF0ZgaoZN60EBNRTDHSwo0d+KGEqWVkO406GT8zYweSS2UGAczOjgPFh+zR+5CrFka5jzIjiFQYhsiMOjJ/Bh+pf9sZOjEMCbStrE9BbRbw5QBBXFGoCFkcxPgqDyeLME6jODErfG/VxsEexqiT0Id6tiWJtToN4DXo+HkO5azmBg5g7MJpMFzBgr+M33iAmR3kti1KqChAWbV6c3Nuapv0SvBk9mNY3eKbGlDFIttOYVOr6aM94qXY0/Xqdkh5W+cc9Fz/uED46eZxJDozUuf9jt3O+kYs+q57OyPvG130JOqO7OJ9nG2rGhMvC+k98yMQEugiFyGSdJGxho4a4xhV5KkUOyGnD2pZaEScsDuHZKrBxoLhemJlE4JXJhPwXQqZGwhhizxjok3WGNtcIhLxXnqfZyGUCHkYQjswllZecdZeGx3MgG7/HAH5RdGXlnGiBNjpvh5wKp+HofOH7trtG2x3t7yFnQZ7nCbU2Ljf3TZ96UVxhRpW/B2IwQl59/JZdJHI6RXW4ZJNOFI2suZXU9oS+l6UrIp3HN83Tq39Z5b79K3VXIrEWrE22p9b0umTPbS40T6iQs6tcSQ0RItmb14tQIlPbK2Nz+3vtc/YOOGuDLFRSp+9WHedjAc7lzcFN9i0wAAEABJREFUNRiO4vXHnGm0CAbcXnui2QIkpxNi1Sjzjq17Pec9TR38hRNPXOErJf0ytPpagmDiPAoNN50XZSO/pBy47oKrUqlUKpVKpVKpVCrVzaX4B/pNG9dv37Fr587F9evXqd+JSqVSqVQqlWovNRrVi4tL8c2mTetvtvQxCwtzTQjbt+9aXFyOQZ8Dtm7s93tmf1IMP91www6GEjZvWj8/3zeq/Vg5Qm2z10kKrWOChLQL2OCkwSff+eKSF4gvkkUUsXiKYZNHQDAx9Fw3uzAuuYweHiAOHFZis9nOANqA7MrtxZAmghaygYKimK+nYyyBYXD2KUHagpxOsleJIcqkYdaE4pqBLQcIs8B+20KmNYeQ5oEMmsTNk9MBxY077U/RegJD8CRNSs2D22NoHY0CjNisoGUAfkSypA4xrjuKe+W8mNsnIIxiMJOOk1YEGTqK5kqqHzaU4Gtgyrw/NjAq4Hv9ubn+/Lqqt2AsOxoQWUJ7rTMmO8nQCIN4OowxJa5Nt9T2deza7WlEGNbEqBx64KYtm9fduG1xlUrAbN287uCtG1c63eRR5a4Z6IlJRhizVJUx/ZRtSLbYIqXS2GF2jEih+2KVU6VpxvhDUYFMWMFU2HEk8RBGPCT4HEw0SEaZfG4q51LqnoTM4HZHtFbsVOMIcwncBMA0K/GQCu0xyM0D2S60RcGPwQqG1Q5Ip5fSDNtuTJ2b5E64wO75eRy94aSfbP/mKAwt3fzZWeTEQ++40F/3rfO/kgYrO5e07iaM4JXuJux3AtDyK9AmDHOSZ6dtlPiamLzkdVxPXPJBkdQ6m/ubf2nrXeKyNda7WHJ97wCHJMq+8ThJJZoS4YiracOZxAjTM3S8d7RSOBtcFaq5Zh4YQNm4bsPyYIBI4aiJ305wlQrN8mgYf1/wKkUJwHh6QB3quBzX0MRqhUfJVk20fnryp/KyHFm2YCHMhNk6Y9oLYNbwC0OlUqlUKpVKpVKpVKp9rw0bFpaWBzE2sGPHrrm5XlRVVflZI5VKpVKpVCqVai0KaDvQjEajwWBkKI3jhvUL5mZUPF2v8tffsD1G9K+9blvlfX+uN9fvxa+47hbyFImhpuFwFMNOw8EoDo6hYNABWzfFJhnVfi9rs5eBRCLbaGlRAJJmRfpyLJ4jyxwpHIwGO5d2DoZLDRBRAYHTv0ggtDzOTDgYrEUwbhshdi0xWoqJdDi3TkqQg/FTpFT4/IFygDSpLRZBGsfRT7ZDkROscPIyBm3sLDQAd9Pj+xZoCMj5AcO8ROE0puFMOk0MyWJsO74bNfSEP1ImGCQmC4LkMJG4EJNgnfihoYiua0P3GRfCpDkxcu2tjUvFQr/fr/pzvpozGM7G7CjFZTZr0Spx3pZ3cHvOnaxBRx92wH+84o+asPopvHOrNLm8apPIy4oQTJGNZlxV64KD/zZj1RQ8Uy6TdhkDtkUteFuB0XQkG22LhIivBnIVMokbnhZtzhpjM1EjKaFMS07YsbuQmReZcLbbQOQXMIuKc3wszk/PIBjmVsH8O5ZYKXwTvK2DwC7tWaiOPIyB2yZJZ8qhmTLM2cmjpCvMbD+PyvaP3XDnC3Z8O95pwpQk7uTIrcesP2n91879/LAemMyRgBG2K3MnuSV844eifsG8gtBm5GuSOBXmRdKFaVEw/oddT7IPCmyd2/qLW+5MxMl479b3tlauWtXjxKzZ46RdKKQTiZ6xuEoJl0bLDtMqmNfG4HLS7/eQo+v11i8s1JT7C78BBFzGRvVo1+KupcFy/DbAeXfEeYkAHlzpMK8OTZnQYDYfMgHidGjOIMHLk9knvypyQLGU8cxJmyUnkUqlUqlUKpVKpVKpVLeMDj5oy/btu3bG//wdSJBApVKpVCqVSqXaY23YsLBp43pzs2turn/IwQfcuG3HgCCPerFZXFw2+43m5npbNm+82dxfVHujlDtGsh+UAAoYkxGTENjiZCaBMRbXJ6SjGYXR4mBpebDUmJoMPchJAUqHjDL4ucYYIpfMtIGbiEcjMUL9shikdDGW6Yk8wGh2SA4gOUWNRSYDH7l3NhEn+L7rCjEt5J0HJ6EnNjXPGHZ/KZrMsWA6KfqbNIbyFGHWnMAZiAg3aZjtaSiHDh+RI9wmX53WDKPwgqC680dgigZzscRobWWg51y/15vvzy/4qnK+AusSbcDj6SC3dGyw2z6VsWlxxTHTLxDHyV23ljUL1nQEpkDaR4vMOHdi1mR5srIqO5FEp0gI4jiViYTUp9Ve2FHMPL9cnZQtRtiG9hwS7PeGk1nZ7EckVxt9dXjyOLEYsZ0rLuYe4u3Tzg2AFj+xXBC9hygtCqTJRzdPrMGnexQkdZfJ85qOJBclIsXYBMnwrYW0FHT7Ct3B2S0/D8m/M+/XHbfxzhfu+HYdaiJOQn7dsv7A+57ywK+de9b2XTcmL5NAXhvCpkjDuu4m4ncSiu0mGUZxnp02e44MtpEzCpQSQvZcQb+TwxcOu/umk6RVeKHQB4VgPbuut6Xn5nK/9szjZKI8lQs2Lf1BLht2HIaj2rlAa2PrboTmUd7zr46qwvbjR2vm5+fQ6gQQPFmc6y0Ploc1Wjk1TbM8HI4oRVj8uoJJmYguaYBtnhpaAZn1s+idkxgr5pw88JLs4zpdJdceg0CV02fIVCqVSqVSqVQqlUp1C2rTpvXzC3Pxj/L4F75RHQCMSqVSqVQqlUq1ZsWwSIWWeX79uvlbMGljjKIfeMBm9BcZjIajEWXmaG6p77Zoih9DQhWGtefmevtbxh/VCrL8PHmK8DGrYfiRfQoEkglHjCJGYcQ8YwfZI6CQPEJPzgUhRnV3Lu1aXFqsKeOC4Vg0TVHP+XrM3qilDZzgHDZ9FGsLfnK+wixBuE3y+hD6kkKXuMWTNwOhKQ4z4EiaB5dZk5QTJ+SOF3RHjNFiKJ8sYIKEZW2XoMFgdNOAWLLE08fA6yj+HxPojAiDYQ4HU+cAOz9gkhLDeIkxyXOl5CsEU/A87LbrKQJSNIaqHXkIxAVr3lfzvf5CVc2RswAjBC4NAsV47Xhml06VLflgc+Rd9kzBIWzatadaG3eyDzXuUjPZgN1ET6oVBwBk+OwkNZNHFDIHNIvtKV7FaWTCw6LsCYNUZmp7pm7FtEuB4axEQNncJHFDkhcrbx25ZAQjvj9k3+GIQcObxSc4im4wPpbBF0IuEq4ELt+i01tYUBRmbX4eNlMY837DsRvvfOH27zRQGyGB2FgF5nvz9z35gf9z/pcuv/binGjHZFqIUZrW3QSSAwoXlJKtx0kXFssMSvY1aXkUWr8qW5208bjjFg7LvBvnIcLkYcat62/pu/myX7BHY2KmjUnqKK8C7ApFQFqanxkA4tUKV65QO0yjZMUahZZ3b03PW/C+5+c3rOsBGdoMh4Ol5eVRXdcQlkfxS8sIKFEO2aJQwjY0vqHcS9hZzCrGixHQyjrCgbA+BA9hFDDxjqO9yKGAkq0qlUqlUqlUKpVKpbol1e9V/c0bjEqlUqlUKpVKdStXv6+Eh2qvxIgFQyfiM1BEegk9CXWDRifGZB+UNumBKcum13jUMAyXlpeWlhbrJkYYmwaCd1I5hpbZ7GSfUgXJBcRyqBQzMbBlCQdQU0Ce2Y8cPGdjE/REIUIFMCMPsAtFjpmPncitDBOYdgwTnIGuJpgIxpG9CQI89Wg0jDFYY2rxGeHou5jLsA+LICduOtIxxkSM57JJeXPiAPSraq7XX/B+wVfz1jELQamPJkbP2DYGnTkkYwyMkwopkdDeYCX7n1bnTsxudLnKYE6ieYqxzejAlNugPENyz0mTOCthJJw3Z5I06XzMj9pYSNDIeCHIJ0+4U7GfaSlCFAJyACk5jh1vJzFY2BoyTsnTpuE7jZw7KMNU66jEsArzBuIRwnwani6YpcXBwrq51DRj98TjZMpR6/ym4zedegH6nYxob7DCUsUOhrud8IsHbTrknIu+OaqHuYrsZcLDbtrbO20hT5Q0ZI59TYCHUlgTU7ie8JZgyN0k3o1Hzh925w3HVZTHZqy1zrp1va09119j73Z3TMLSgBBCY9OVzEwM826BGUO+wHyGBi+mQQ8YI0usFcDFkrdNVVGGMofWJIPKL8zNxSINnmqwRK4ndQhDBO/i/+JqWAOnWQqJzXNCtwXgCefIDCquZ4FHFK1S4qrqFDpRqVQqlUqlUqlUKpVKpVKpVCqVSqVSqW5hcU4MI8+W4xaJS1IMEWmJBikJLsyRRW8T2pEqyXkbUkwzLC0v7dy5owkjcjIAyrrhOG4J4DtnGpc1s/fNUEImEndCuRiqiqATR8/qF9SEzZYezrIHisO4LsaDKVyKyoSNLWCOHOdvTwxQgAk2OZxgopEQUhfA4BDWnHaCLWPQc3PYhBoTRmALMPiMgVVLtidsK5JAgiDcAthiZLi72Vul28jsSYHsTVX1qt58/HGuH0clcweBuB9yPSn61uGIbLm1yDRkTSeR0Pi1yKSD2UvdEkTLFO7EmFl01MrOUpXNVydNEk+hdHavoc0Wxl1M2kwuCctI2Vs4NxXTTOI5wozQGFAiJxwzm5G5bGc1uUjKQzVljkWuNdItwaKThTj9AKEkcg42EbIunTGYwpiHfUDIdYe4Aqm8kWmOwBejao2l5Yj6hF4nsbU7t+3M0EmadAK8lHSFWcnjhEt0joqv837j8RvvcuGOb4/CgLkTwr4CmZnA0QefcOiWI865+H8uu/oik91NII99RuwKBiUE2SLEhjPJxcTk15SRK3UGy8z7+VM33vaw/tbcn7KdzlYb+lu99alf473b+zGpt+2Ua82LWEo8BhlHArlWtqyFSCRJ4JR8UfC6ExbiaBWuKh9LVL05zMxGaZoW5ubjIjiqye4JM4zVy8N6sDxEH5RmRAslZugx3uOCCWiZ0wRGs2xDSJMjp6a4Uo+a2LXGqFQqlUqlUqlUKpVKpVKpVCqVSqVSqVSqW1QgT7BTKoPAuSE4sGwxEQ3ws+fkUILJFPDBduYiMHFLemYfn0X3+By7c2bYDLfv2rF953Y6umnjlphkpw3Rlu4MK7ZvctMU9wnM7yRhc1shb9LDoKcVyxJmNsjLIAXpLYf1LScFIaRDeBHL8WJRKCCYFH2nweBNlIMo4zSpbpcPFqeYGEjF5K6jQRPqGKynaGqMq6IhRIAa4+74xH4IHB224920HdwltA2zfG04GszD6zgxEJEKyJy4qu97c9bPWdeLp0HWBP/nKLzv2VEAirEOwiu0yEJCIGy73a5w8eDmoUV2Lg7e9L4vXnvDDmrP+N6Tb3v47z/oNLNHSmlGyk1m6llWViW+EeX8SXYXRk5hW5BELnzOt5JmHGVuyrYycnu2Xj0imzGTaSpQooSFwdgss2VnCywiN5ZPESTfCoj9SbqVxSIH8tyQzuMGwiXYSiPQHUj+GCmDCpt+UF2W0lRhzqjAZwazc9vOg29zoGkbvbqfR9ERKDLItGVCej/vN5y4+RsO9FUAABAASURBVLSLdnx31+hG8Syxwh3F93PV3F1OuOfRh5zw7Z98ZdfSTrmnkt+JNdKZbGdEp+QxsXKu1tFEfFCKLVg83oW33XDUifOHVrbi8kBZZvh9rL/n5tb3NjsawoIUmezjXo1JYOgkXWjgHwJeOMFNS5Jl0x5ZAoXyK+cXQyoBGl78ZBKn3R6pkbhCe6h6iOGB2bQOWZLQNMPRcFQPlwbLy5g0cNSQyUlDxjhYQ/z10tSxOrwExtbIpXi4OZYalUqlUqlUKpVKpVKpVCqVSqVSqVQqlUq1knJEEohYsOnJ9pwag4xDxOCEXENs9kTh1DxBbDkg7h7UyzuXdi0Nlhr0ZQiJOAmOwqlyykk/hilqY+JWoIq0o3OEbVscTGxnVVW9Xp8y5RjJrQPJ1YPj94IUSFohKUPbnLMSXk0h5OQFkKEDjta6nFYDWrsAK/QKeUCA4CahodxE6G3SoLVJgLpInYPBdit0R5DzTERR8zXJFEJLDpicOKihq+IofM/UUAzJ9nv9dVV/HUInthe3JHsMcgoQUxdbDClXO56wIo9P+xHs7hIYxqRMMLt34MzS3/rRpR/9/Hdn7f3G9y562H1/bkPyyNgDjVuemAl7idVUraEc5OGdyGBk8kURGsXmW8J2iJM2iY8tK2F4JRMvLDdR/ZQGtURKRymDUyIWGJmx+XSEK9jC/sW2xIOVFYKBE+tApimXgnzDcUGQZC5xuVncvqsckuT/YcxsP4+ih5muKI8Vsxhum7e9Ezbd7YrFc69duiRXAMnSJL4esPGQ+9/lYedfcc65l3xvhAmxsrmJECdSHtqRkVQ1kknHCIWC7yVnDb8ePX/oHdcdOWd7hrk9SUeUPEvAzPmFdb3NuV8ZF5ro496OSbNth1xEm+AoQn6gWGPaGmx588tKkNAaLF7zcAC5PfEpaZ01poXz4ieyXaqCNAhX4cYsxHVyOBwMRgM0PsGEOkitNASnDJeHy8tLw3rE52loz+6vQiqVSqVSqVQqlUqlUqlUKpVKpVKpVCqVah/LAWbNYKX4N0ccCZoIEs7GLDXWcQ4FcQQwlD4kfnRk6WFgFEaLg6XFpcVRMxrLrgI3zSPpFB6VSCZHNimfDmXNIezCUuTTkmMLOa9wM3zGTTgYmqLxtvB9CCn62hScRyfaSgRLpnOSXQMA25/EkCln0mkoq04Io5C9XqyRAHQZEYbVOopWELkgG7uEdCgZ1aCRiaP8KLHrvV5/oTe3zlfzxvWJOHEmh6fZrsJmnqfFTdKAFO3ap5duio/IHunuJx/ziAeeJk4nrKLSO514m70hTlgzmwrdEjNUjWcYagu74rMd5z/GT8sJT+QqtfYiqXTH7ySn5inmbOdUrULRkrZEBz8yY7UwOUL1CwoDycIi2DSdc39AXDOYPUO6wAFlnRJXFkGgCEFJPQcHQnNg2qf45sZrbjDJk8Pshp/HuLtJ6QUyuf3wdbfb3D/kkh3fG8GAvUYCNTh7n5xw+MlHHHTcDy4++7IrLzJmzN0kGPGnIfJNbF0E+inok9b1ZL1fd/cNJ2zurUt0i+m0h45a19vU9/Npu4EubDbZu1ljUhw1fTTinvraG7mndmwkoZhdMI1TsjP3QyJx+NdJXBDjyhJghIszZ2giCJESNhnvABdra0LV61d2IVSBnLGYWkF8McBgONq1c+fi0hIhKBCX1MFgGMJeJ/FSqVQqlUqlUqlUKpVKpVKpVCqVSqVSqVR7Jwz6ljk/DKd6EacOjpmKHQg/424Lxwt+yN3h4aOm3rm0c2mwWAM+om5uMuVAP7t+cNy28p6ilhbTxlD41DtvGS7BgKeYnaSWh+x0YiSgPyWeymcr0lHI+Slw7KgdjTHZ8YRdVAKLMhPVxJrU+Ck0lP6Gn/wH04az7RhsYmfiGJkjgNTmkA7haDyZR5jKub7vzVfVnOvNeb9g7Rwg/+AJiuE4r8sZPibPNoEH7RMzgfFuTvER2U3Nz/X+8PR7mX0iWKmXq1MyM8iTqixi25J2YjQ6JxBEoPWFKUgoDuJTWpc1eM2UZijphDCGn3Q/AuTbyrSH2FQESlsTK44fzJ8wR8LJrJL7RUJQvMmeGdh6J5BbADTbwRRTeDsx5cXphjDPTsBKQ7j8R5fAQ+6V7YRKumJFP49McrRHQfco031dX225/ZZ7/nTx3GuXL8v5d5g4oVUmzPXm73Lbe93hqFN/cvn3L7nygqap8yAxP8GdRGbFtjmSEgYkNEnP+tutO/y284fw2KelpW0nrly2Wt/HlDpFC9tL1e0drDomxVF2ckx4/+Dci8SohvZkzxVbjqiVCkvHnXY3vWUEJK1HnRmW98r6ZfJvkQaX0vhS1fjZ2cqaXtXD01UMM2KpeOT6hbkN872lwQKDkA3A4uLScDgyKpVKpVKpVCqVSqVSqVQqlUqlUqlUKpXqFpWQJEVUkVVkohHgpAxfShmLT/bHGDh6nCzv2rW0c9QMm7ihfViegQwzMzK/m2JUIyd84YaRs0fVrzxm/yFEhogTKwdwKDXGM70f63jCTaaE7yEFZAMIZyKbGdpIwXvyTmGgpWFMp2kagnXiR/Q4oXh0DDdzpNR0XDIA7BqGpc1PkhteDC41JBj0ODFkUxIDtgu9uQ2+mrOub13PuJ41sePeJJ6AK4F8EcEUCMNK7WmhHbMHGh/nvedO9qVgFbpmDwxaCugkYyP5vkhpZ9zkmazMctNpUnIXMmNgUr6mU1xXyoICekycbfyqMMhl20OMsRM1B9s2MBmadEqJGwqDGHKhMY9OLEnOQ3QQu+2ISQp+RJuTwGBEasTlP7igqRtfuTV7nECRQaYtE6b5f4wd66w/Yv0dt8wddunOc5bqXezGUbwiNbIwt+5Ox592h2NOvfCKH553yQ+api7z7BihTGzOrZP8TmBzb+Nx/QOPnTuIlxP2U0m+JtKq2ID5av2cX1c4snTaOdmvvRkTOUtdj358IZWzxTQp784ps96mJU08eKAtaYVP4lXfFrwTrad8VGoYv/c4CJiOyjmkBY1kKaOViSyhkB70tr9uYb7fC4L5mc0bNsQl1qhUKpVKpVKpVCqVSqVSqVQqlUqlUqlUqltaHI8EjLo6Rk0gP7Keoty2CEOnvBj4IHrArDrDXUu7di7urMOQUh8E2mUo+ArCnewpdDIWFC/ioJ6pkRimjBFpdDqxXj6jRwDiKBBAMsgYyqTjPeeOCZTjg7okficwxXhC8pR0OYPs4CDDIKF2Kks5H2r8aeLbGIyuTcp1AozwdOPyZdieC3pMQDHZFD5F04ZqbcqyIvYqnGsndr/nq4X+3EbfW29d39gKU5cg/GA5t47NqXOwBlde0sLzYgWwwpl9qv2DO0ldnsJfjKu8OKu2vJLKuydLgIgVeAiKewP3TSQ3MmU13U/dmtMJSlLF5Aj/igmuUtdtmikFswDTSBXL9kZt9S6kSmy33jxQNFeRILAJaABxCpLUVsSkGI9WRZRnh3iv0fLyJT+44Lg7n8hVzfLzKEYh0xXGdPLpmJLGgGJ4OkcbWF8dcIct975i8dyrFs+XjDniZSIZYeKnnu+deNSdjzv8pEuuPO/Sq87ftv2GzlDazF7Em9Id2t9yYv/grdW6dqgBWt8R8TuBnptb39tEd+y4T0mLKqV2pn7t1Zhw3Us/utDWwTnPlIzB9TGulY5IuSCXeGLG5elU0jYu4XAJ6BszmKL57VImn0LojTUaYhnHTGFelSRlWtweR7JXVXO9HhF91KmKkRSVSqVSqVQqlUqlUqlUKpVKpVKpVCqVSnVLKgYWywQznFOnCBQaylojUXnA580xXokZPpBQCcN6eTBaXlpebOpRoBgjxzydKcwQ2NVjT/mCwDYd0h4GRBxn/PHe+fh/Ai4IvXCS4kPCw3Jum5Qq8Wn7+LkKewDIZ5fPxZjwM/t0FvZtoLQa6HJS4w8n0yHvk/RUPnuiGElSlAmB4owzxifk3TkETecLggaRF0ADcSD6/d6GXn+T7613bsHYihKXMERgoVtF6WOQAuQukRcw1p5EBRSh5xX4hZU0xiOIQcQK8+JmMDLonKLDdNhp/czR8JYWmUVzVG0eHTsVnOqcAzpNgMQ3ldqTUZcTJLJh2iRrYRuADtjEFUxrStwdLJRVNcJKmNYwoyVZxPAEOHVLYYPE41hzKQeOrH8c3SXOgmVa4vxv/PC4O9/WrNXPY00uIHbK2Nry9fB1Jx4wd/gVu368bXhVqiFw3hlE6mhN8a46/oiTjjv8DjsWbzj3ku9ecdWleXRimXnbP3ruoBP6W+dcL9MqpvA1EQ8VwozW9Tb1/fwKLUwtYweR3fU4mT4m/LrrW+c26LgjHeRkanzLZxwvmV7leiFP06KJkJdYm6aPnZhyQuQYRlKAFzNafCRFES1uIfs78e8nxCEdplvKLEvgXwK+MiqVSqVSqVQqlUqlUqlUKpVKpVKpVCqV6paWABnJxiSgQKKPEoa0Ao0AUHYEiFvqUA+b4WC4vDwa1JhVp5Z8CFw0OTrkU5i9luT5waff0bOEjEso8EiP2FOaHSuABYjjAIz5lUgkVJqXSRTpG5guAyCxcopwBt7oKAxK0fn4T86kE8jgpA7xXyDihKAQ6Dzpb1ZgXFIstYjits4VmVzJFaVsR8FxdNf7+bm59XPzm5xfD2bO2J6xlWmdVaygMsBWArxNPBkgj0QqW7QiD87YlTB7rZJImsmdXHLlDeYm1iVXXl9gFySYDgUVJWzxZiYKUtGcslPoEQZ8eIqNHwWJM5pKhxgzy+bETjuAAa2cy4eyzJjpmhyD1NYpJXkqmfIQmzKq5JkaEmjSzinI9bVOGb4AFWg2A8FcmG2G6z//7HN+5fEPzW4d2cljhp+HAFZjdMXYUROjYLuveNS8X3/8prvuqrddtvP7i/WNUoNkzGlf4wEb12252x3uc8fjFy+47JxQbTyot+XY/tbDextbSCzXnOkf5leM6/v5hWqDJKmZ8Dgp25d6B6v2bg1jYvJ1XPrueWg/Yr0Rjsg2ppGcR0a8R8SjplCGCqc66FjT5a1mrRe8rlmmi9pCuf/SRFx3wdTQNCH75sSF11WV1+w6KpVKpVKpVCqVSqVSqVQqlUqlUqlUKtUtrRIpELqhIEUYOslMSkDmBMiFAEaj0aAeDJvRqB40TS05d1pag0KcFsxeq2tSQo+9EwfjMFtMjIViNNRSohwjUVcn8VDD8VgjsAqkECizKWPeDfQaGKqRc+Fz91DkGsFouA3UK8RMAJq6xnw6mFcnkLWJsCaokL0wZiIadmb0OzerTf3DgymxWHQfcd73vLEeH/ev1lVzG31/vYG5EDxZw+TkG/wPszeuOCNVmE1sjC+YBpt+9o1WnQSzuJMf/OSn5ibWjy6kU4wBHe1HO8FjjMl2j2xVdeoaE0x9206f3ACYdtxUEmZK02yHXEoH0JSekiqprZvOayfAhxJGImSik3lnbJgsrwbdVSA2o0nvUwPkNulgGVaESnjTAAAQAElEQVScPvBOXrxx21fe95l7PvwBu+XnwYTNpHfI2LGmS2+YCe+Q9dWW22251zXLF/1017kNjArixGIiscIBZb6/cMfj73bQ3HEb+4cVXiaQL0EqT44gYOer9X0/76yH7hlzOwPXbFqPk1UdXCbGxCQexU7t6U8/cNb2a67veV95pvkcpjeynOEo8DUmdMryKivXixbUIPYtabnlsW2XK9mUP/Day94mJQXIWaYy9de6pciaxcswjh1AJ61PqEPTaHodlUqlUqlUKpVKpVKpVCqVSqVSqVQqlWq/ECRxMpWQTUXa4CBku4JA4b5BvTysh4PRYDAapshyIFSD/BRsSJYHs5ADuwYaQcqZNnrOOXQkBwf+C/lZepusSjJgUSABgqRY8QihEtAmzZFn6kMbOQ8Cm1AsF+RoAVegAcmk09SBnE7Q1ARCisIDzO4anTGYcQOR1A6YcJywReBW4q62oRFwru+r+Sr+9OZ9tWBsH0zPOk8EicMot+nAHNZ2A+6dNgYhEmBf4ib5zKuWgDYw3ers71109jmX/PzJR5ubRt/68aVf/+5FGbQxk4PPe1Zp/vTdEqbvUjx2+mErjPnYEXba9rUK+EZo7W4mCpjylpn5E8YLcC4cREWg3Qgl9TLReVlf+J6BlF1FZrmTesDRRP72x7+0uG1nYi/MWvw8cslcPt3o4yhNB3lJNMbYsQfPH3vKAQ84bN2J3lXiiCSLTTAtXtfdUhAYXJ65EG/9vN+waf6g+Wqdw0RfM9tZUCNlv/KVmtLOiTGRYwvWpD12cOOO8/7jo9fcuO2abduu3XbjDbt27hws1/E4j6m5nGOvJEtXQFg/sUaSe9WyHZaTVTkBQ8V1pjmQf2zxxrqstB1BQid50sqMaBlDKZdM21kWVSqVSqVSqVQqlUqlUqlUKpVKpVKpVCrVLSZ+Gr8hUbIYiCE/76wEAznMKHlmDBIn1ozMcNfyzsXB4vJwaTBaHoUhRj0pPNzWCytHA9dENtjx8GRsVk6qI9YmrvVB4afyc+S6DVxKLNy0QcyUTycrdr1pIOSUEQSgBBan10lRUYfDFQujy8kIiROKOFPYXRxhOP7rinN1AZNkKNNJppPK2FljFc9LVA1QgB8PrYydd26d722oehtjKBtMz9gY0+5ZVyFXYAm8KWAHmA3DFJ4YbqLBZTPWdOH2oV7x1k/95JKrzU2gCy675pVv+298V3iLTKek9iiyXeV3Ob3NhKwYzphid5HfqGUQysZwdanR7WETAkmKZTr+E3ygNR1fDGZuuDkmmVKIBYUrzpBT/+R50M2zY0twBc/qBVwAOYOwEDYbW4BpbDqQ7hmbskwFAcfADHYuff2DZ933sQ9Zi8eJmeIC0mEuur0ef4Vp/ijYQOtus+52By8cd83SBVcvXtDAKKFqgdfQ5GtCLAhvSb4mgVbVuKAsVOvnqnU0pCuda+XeJcJmN3xfpvb0nHf91/XX3+gcrtseX6Df6y3Mz8/1+xv6c72ex7WA8ijFZRfTHbH/DF4TzK/G77B3IbQTTsxR8qBZx2hfmlUmLTA0t2iu8wzLk57OKQiczF7KVIYNILJJuDhrb9aFSKVSqVQqlUqlUqlUKpVKpVKpVCqVSqVSzVAM5yFXAa3VREFLOMfJDdiZA6OXAZqlwWBxsNSEehT/F5pYCIjJCA0mfaEn3sMaAvVTCpQJFhjfyNgJF/AIxDhqos9Bamq361RKoAkbOgBISLNN4VJYFXAcvI2VMrWCtiUc+WwTQZDzScNZHWK/MaOQxP7TD8MDnD4C/WCgaFHB7lAgOA11Eey2ZjKOSnVQsgsjtiVUHcE3PgaH1/tqnfPocUIhYEfsD/XAhnT2RCdAsn6BMuFJ0fOZuvmCu5N+J9fdsOMpL/qP3/m1U3/+5KNPOOrg+X41P9ebdezi8nBy+1jr46U7//Jrv/mDS97339+MVzEdTLBHLg8TR8LsGmeogimwyXiVyYjC5t3xFgoYhi8uUed4EIMLmTItdjJ5P9nuG8C7RNrkoOVHuB3WUDaXtqJgx87f7UuqYGoKrXwdM5DC8w7vWISn8kzGPYlVS/dwyuWC04ByuGCzv/+JL51w2klHnnR8t4NTPE5M1wUkdwCmDM8UGsMKt9E5Np+rsr3D1t0+/ly3fMm1Sxfuqm+gGzswxcavRjyXWr8Tb13PL8z5hbRgrXKu8oym8G7JR3V7B2sbk85IXPW9c3945mdcCHH5j4uVR6gt+OFwx2DQ83793Px8P/7r45GVsz1n169b3/NxJWrimb13VVU1DWcQw+vF3J5NEAlPgRJ4IloEwRH2SpHfKMC/Vvgw4ClH2Xt4zU58lJUkO67FtxhbWclRSqVSqVQqlUqlUqlUKpVKpVKpVCqVSqVS3TzCiCPFDiEDFiBGIA6sozAgZY6JP4hbLNeDpeXF4XBIRiCNSQhFfOMF8ojHBM7Ug5unR+g7AexOVJ3dQujpeCcRSfReSfFNTyFpyqrjTHLzaOO83PyCW7A5nQ6I80MOwkIKXHL8kyOcKcuHTU/sxzArlWqwwzXanNToihJ4VDiLEOfWgPRIPgIi0KbasQQSUFxfwqyyHUAgH0ZLsDdN09AQOOoR4TBsNoO4gQf2DTCu6i30+gu+N+erdd7PoaGEYYaFI/zZeoBD95CdASDZTHDUGtrrUBIKeZRmxHTX5DEwiWnYFcvMVByT//zY/8Sf+P7kE4949bMfPllm246ll7z5E/9zzsW52rX6IIzNQtvFOKZWkikMaF955pSqZkz9zGDwp87QWGO6xj2okL17xmsS/sAIO+QmTmXH3gAZ5fD7tnQymXCSRWqFq9I2iuayW6Fsmj6WV4hush35mGZkOn+ajzZN5dRBiLfcx/7+nb/3kj/deNAW6cgq7ialx0k3rdQ01sSs7h2S7xvce9D80QfMH7Vcb7tq8YIbh1c0YZTdTUyuEV09/Jxf18dbdKVzFVTIlHOt3MeJdq7kbsLn2XnV9Z953htGowaBn3SzxAWoBjtqzCjUuwY7eh6JQ4fQiauc3Toc9atqrqoq7/u2b3jlp9uFTKfoGtU4KwQZgmC7t31cPilFGyS/KTJXEYyG/aEsO0rhVHBMlLR2UOxy4qC9z1b49aJSqVQqlUqlUqlUKpVKpVKpVCqVSqVSqW42UU4Zy7leUoIIk2gPdBahaKLBUKSDQRgsD5dHzagh3MRgzM85iQxLuBBdTyQOvvrZu2QAh2vx1Rmb4/COrBAkBo25GSoJdEo6H1tGHjmSnRPElPWz0UhBnJiMD4R09gKDwGf3YzcROjFoBtOEmjMQcYSUK0mH0Gd2TDFQ0gSJaMm9aS0eCELJrI+01DFugjukd5jnh5//dxQZjmFs5/vz63r9ddb1fTVnoLdC7JXAFgvZvqYz2sXQcUPbHD9FeydlzRpUQBgFnDF5xcfaO6PkSvr2jy9/yRs/fv22nQW7IY4Jqx88RpbABHfSVrlqRR1VZgUPmQ50NQGTjBWckDV7Irm0gjzNHJpJu530xo1VZpOtReZdAAo/IZvJLSNXU5iDLnHWluEVxKXFqKR78LZavnH7R17xtke+5E8cOnB0/DzMit4hExiNLS77zGOL0i2oZgrfkbhlodp87Ka7Brjz9YPLrlu6eFd9Q7r53Rxam8whLreGc8Fq55J+FMeame0cH5N0rLzWg9Gnnvf6wfadnBbIivmKbWigXYAa2Y5Q1w00weMC7ypvl66/zjvXc9W6hbn5ubnK+l5VxWU6bvSVRxQFU55VcZUK5AdF9idGFmO59HHtKokRyK1ErMpCsVqCRepEMpWFYBLQg78OnLAurfGJSqVSqVQqlUqlUqlUKpVKpVKpVCqVSqW6hQUQI6Mp2sfhPmDjDXAYN25iIJJSyiwPBoPhsEb6oqbgnyFTEwY9YHeD4UVwu0UcOBrObiWUmEK2c0AyxjUp5wPnY7C2CNxDUV02TCgtIjgGmqPexnRDuUb+CeRfQvwIkKVJTQ/pByJOGvJxQX8HREA4eu6spO4JXI0zTJ9k+wJIY9tmNCGsJ3WZP/JbZ6Sn4CRAz7YrNNo+Ho/ESX++31+o+vNg+gyUZEeJyTGeGOrO9i7UwCPkjZnBmuye3NStqwEl0zGUWYrX6Z0f+cY7P/S1eIGkbAczsiVaNFMwhfPIg7n79Imomtiy92O6z2TbVFNrD9uHFkeCsc4Uu1pNwz4mJp5tk6Q4qUrS1IwxE/jm2gsvO+tfPnj/J54+6eoxw+Nk7OKDmeb/sUbvkFmOI85WB84fc9D8MUv19qVmx/pqc8/313guO74MTT/jjO1raufY6xde9vZt518uWY3iqkXIB5GDOOJNABltypEWt7u4Ctf0ke6xammxV/V66HrSr6yLb/r9+BNfql7le84jNhSauExXbFciMw2PJ+ZEukvYoMyHYEsISeyoZFWN1XmblmeZMTlxj92f7imVSqVSqVQqlUqlUqlUKpVKpVKpVCqV6n+pQOKTklPHik+IcZjJJVgI0IxCPWzqYT0ajIZoc9LURugBxlQoPghmd0GFDhGStpn04D01ARM8yKP4rYOJlaw6IEFLmBk4B2hrLZCUbuS7DYsDMSdGMuZQAh3ETTiTDhInfKj4OyTjFEYbGPvgTDz8iD44m4gZsRBJAETRGNnBbjH4zqO1CSXYsZjJp6mxQYHjxRZdBaq5ufmNVW+ddXMGKspYYVaQnHP2pUlczF6DJmVcmD9PIV3SBVnDbEllpvIxqBu2L734jR/79g8vHUdGZp939slSwYkt4/XBjPcT2q+hk5tAMIMYsp0pWlBQ6badAkvZ9nCxOckE1/c/+ZV4xH3/72+6ypuCrkjEhul6nExWPIXDGDu2KN3xDilIDmMmHEfi/+erTfGn24lVzgXjpTvnmt273Whnfm1G9Vde/R+XfO6blLFM0qoR8Rb4DS9itABhbrV43Rq6D2sigXBxMnbQgG1G1ajxpsFEZw6XLI8peNzC/Px69EHpV971wQbMt4ZMkaMEPEgzEssS1zV2spK+yD3WYWiKrDpp1WxHqp0v+wKOU6lUKpVKpVKpVCqVSqVSqVQqlUqlUqlUe6UUDbVMTnjKq8Ph3Rj7a0IzaupBPRg1w8FoNKpHTROMWBGIAB+JZ5OS3Q0C2rFPlIHBiuUBhSldwjJwKyml3ZCsPvxk/ETNGNqcfAwexlqeqJQUyW2oDaymqdHSJUjKHMJQMNEDJvWRc9vcBCZLnEdbgIYyhPAgYQluNhBaYiTXTYqlYuIIR3tcNgSgmC/2KY50E0bxrNwe66p+f93Cuo39+XXG9sBUIANl9pZnsHlwzN5pktqYWWAadwJTP9vi2MGw5g/f/OGlL3njx2/cvijlZnAnyVhlDdyJmcZN8J0wPk+nlJlUJemfUEX2GWZz7CoH3wzaHY+TlbTCnAHbXsEuk9SSEJKGCt+yEZCzjm9Ml25F9NtgogIBBWt+8KmvXHfJT3/jL//v/MaF2R4nFsR/FcDt2AAAEABJREFUJZ9xCnGymndIx31kxXONwUirn6ugQqaca888TmZRNbHk4nXbP/c3b7nuhxd6GnFaHykjGDbf8dJGaZJwRyDzkUCLIQ6irchyKbA9Cv5isFWw3vOVaxriSMyuYb1tcXGh1+/3et7HY1yFBwTv/VyvNz8fd/SZz4N0T1m5ukzqgU2zhTP/0H6ZqLRQ4rG8+MZlEZfMfTSHVSqVSqVSqVQqlUqlUqlUKpVKpVKpVCrVHov5B3LWwBieI+KkoR0QYFTXg9HyYDQkjxO0OQkU5nMOgjh9sOMHBgidBAmNXWMkMJMBHBcF551E553x8nS8lci9c66qKmernJ+Fc+Wk2C0/U98aaZhuPN/ldCLptMBhd8tVBe4O+pmEmpCT0DQjICqEiAUXd7acixAl3AvJR+PSw/xWUu9geFVMTpyVE2HklHxLuFtAGXWwvwykxJPUBhtT13HAR8PYmICh3niKXq+/fn7d5l5/XXwP4Ik46RkJ4toumzFV0L7JZaQXtvNpt8QA0BS53QcqJpgVGPcaOf+Sa9525td2LQ4/+KlvM+3UFp/BnZhEBa2VOzHT0ZO8HbqbYcaQVxNWL1bACygqu2mU4vT78BQrTKs8Kun2M2U3O0Untwt8kPkByarDhkG8y+Z8WTIdDFx97kX/+Zx/eOAzHnvwsYcnVsN0PU7GrovtXqnpDiJFaVs0dtJxxE6cy8w4l511LljxXKlORufW6nHSHeL29YYLfvrF57956fptvV4P4hKHXlU2MBPEqcDaycpLkjNpFvGvCEqNw8m+eBl0UEPNrJ3rmZQjaTgcLQ2GFS2BnhLjsGNVv/Jzc/35fjx/XMRN5S1SKd7jR6yO+EJcMgIu9eIWhWAM8HywXV8sbrO1N+lNpFKpVCqVSqVSqVQqlUqlUqlUKpVKpVKp1qiU/wWT2XDAEsN+BhqoR82wboajeljHt6HG5+GJl7D0yiYgnAOFNq4ZNxkTtPiJlefcGePwHGh2znuPuWWSRQQ3VMKQwBHP4tSQAu4cssSOCapCjSbPBIFUkvlEgCZACE3TBCJP0OMkEAUSJAZOx5sW0Mgj5/jMjppIr47jsy3BwNlEUiKgIu2OkzA6hVAZgsHT181oFOO3SL3E6GxVzfV663p9zKoDpo/ECWD6C/Z/AWPL8OtU0AA6/3LTi6j3TRW5XaXezA+tdGwKfKdP8M4zv1aUGbvqZtbH3eBOzAz0xMw8GswU35CqhHHSXgtt8FwIpn00+KtXs2f3ZqrcTmzpojj5CqUuTYIYpjuwfIvyGEEyJhK0AiT/ztikFqaNCu645ob3Pfe1d/r1X7rbb99/fsO60jvEtG2xk6+J0liTd8jKjiNrPuMsj5Mp7iZ75nEyy+lkuGv5x+///AUf+YoZ1XPz82hXMqprZ+NC58m8hBLehAQpWZnKslAZmwEgYB+URL6ADeJPQtAdmAZCQ+ScC5i4xznwcXlDhgR8MPHXyOJw5B1aacVdxJ24fq/qz/V75IvicO10jggV7wg5dLzcy6JJhk+CvfA6nLgTlUqlUqlUKpVKpVKpVCqVSqVSqVQqlUp1S0qsOOQBd3zG3DoMYTbNaDhaHo4GQyZOmlGMNFbO5eB667BBhAglxyDYYzzXxBraYJJvCMYTc6IZiUrHEGSv6jnK5ZBMFKyB1k8BpnWqrB1y1Np28IsADUVdOX9NoBQTDJ40hNdIOVtgJiYzJHIe5GFMImUsxUqzaUDOpUJMDMIkTWiKMeeabNtZfM4fRqNB3QxDEzDXkPNVDz1O+v31zi+A6UEgdxO8SE5qEETHrjjCjD0UUdoy+VBntPZVGLcEFWzxOiaYlmdnrB5GRmDG3puGOzHjVMVKBaapKi6JnFVsG4r6wFhYccT5ssH0eT4p155wWvPAlHQIjL1ZRS0ew/5CjruVkZMMUhjJnmLlH5pTfD+li5hILd5EQIPcLdYD5LFqxUxbnp5cG9TNd//rcz8+6+t3/Z0H3OnX7+Uq321xnnYdDmO3vENgpk8JmCkjPOuMZobHiZk818pnXLWd+SLUw9E5H/nK+R/5MiyNvPWmh9MxDpCvKlf3mhoTd1HRwGsgpRLjpVDGv6FrnPg+ucTFrWwD/RN4T+DJYIMnuyfjcDVFetE2krwtmFGwlDzM4KkBuZN+1fPx14r1mInH9T1+7FX004tvK17c2ICLbhY242IrKQt7SDmqVCqVSqVSqVQqlUqlUqlUKpVKpVKpVKp9Ju9zoFayf8RwYN2MlobLy8OlUY1JXkajEZgy/wI/Dp8JBiijr5OWDzMFnFPGpmCy4xw/1qDBCREwpvIVmpxg3hp+oJ6z1vCJJOSNyR8CSBKOtpG2fE1pZCSCClyBpUf8CTdpmpqNWwIGRFPmCSwWOJcOZpiwchgyH5kySSmBMLoaQt00uX+x2nKIMshC3eTtjjEIDqgD1JTSaNRgJbaqFjAA25/rz633vfUQqoDuAZVE/7HDtvReWVlWYs5Fch8D41jIqpeudKowcgULjX1cS8MyU1KeYNqZpbMwtQZT0kT7kDvJlZSnWpuqLiMgjhFmt09e3F4rHWlnZDmaKEVTId+9U27XmTdwMVkmKIgWdrCpwQmI4H0zRz1ttWK+U3gEzR532zYTBrsWv/z2D33no1844bQ7H/VzJx5x8m19r0rH28nXNXqHmBV9SibYuj0717jTSVjDuVZ2N4kr9iXfv+DCb5137ue+M7h+e99X83EFRZYnLquY7wbT2vS8q3q40KEpCfJ2+L5GJi6+d5LVBlymf+LiR54osm7SWRGwk+bTds8rsFCHgRdOyGYpRiAk+d2BhYYhDKHxLsTTYToedDqxHlvr4pLvna9QvurH1x45oFRkieJoXjWef12oVCqVSqVSqVQqlUqlUqlUKpVKpVKpVKpbWpnMAAwUhjo0y/VweTQYjDCxTtPUDSWaceI1UcTAc7KYsejr2tRiKxgsZYcTzBnjKFePI1WSsMYbzuZTxsihoE9mhcoTlZE4E4ppc44GsWZpGmgwnw4mmQihgzVM6VVOZJNBlswRiEkAdCLlgNHXEnQgMxTxhjEEnWTkAitAixUM1PY92rvM9Xp935t31ULcQsiIA4JvbEF/4OFu7VzEKvv3iK/YB8pJM/KGKWVMdrqYip7clNxJrqo84YqqknVHWdBN2IrYNQ01wB5ckcmQfEpe07mBJ4+bfS47SY8UtwtSLyFttJKhRRiDMS8eO/WtVNTeWMa0C8RkO7IaY3Zde+N3P/qFb//X5+ONc+iJxxx+x+M3HXbAhgM2rz9gy4YDNvXn+2aGg0hRZ8c7ZFb5xMNMXkcwE04nq51LgJwinw71P1EmU89VtnO4PNx+7fZt123bft32G668/sLvXXjpDy8J9cgRiRdnWy/Ui6MaiROAuJhWzs5VVZ8YDuuCC+AcEnYI9blgyeLJQnCmYdcTY2TZDaHO73mRA8uJzVI6Hhq2hIHYhnAWumps9IQFHScQIz6FyZFRcHX87cLLIhlNmRGIixOu/JZSljn5bYBvTZW2VGgzdTMvUyqVSqVSqVQqlUqlUqlUKpVKpVKpVCqVarrIZCAG/2AUmkE9WB4ScQKjGhPQgKQySIUhECwCYFuSI/lU5GwguyfHFAY+524JMpHH3inSyGkUKPAJpnWLSMALtb8bYScPEpvfp9i6hFDRyATwkf66GUGokTgJKa1E648ScmUpCp52ZZuT1nmjJSFaVxWMoAomQduSrUs55hRrNRjhlUhu3cTzxtjwfL8/jx4FVd/6HkAvNN6Yik5NWXVsyBRLOwRmdZSCm0EKbdw+X9vMdOwRkrGX6ubZmUaftOSF3UvuJEFWeyFomYCpqhiqWtHcZA3eJBOa7e4w7lwyyZRkDmY3/IimNNIS9SQ4CLMVzCHQSWlbums4o1CCo4SpsMVlDKZJ76cmx1lROVsPNwThK6hHzeU/PD/+AN14gdoDNO/pHst5s5yhNYIyXokTB68kDXt7MElBN3zDldBQUGdtKPiyxNkA7w3dNhZD7XKrbd4VjBgdmVShDc6NjznmvsF6AxorgRgM2ZTZhhrLNJ2hy9vDsg6hk7i01XG9JgDFjoZxMe1XsNAHXF8N9Mh1qSJnEYs+IoAYimmcGRlyaqJGNjQQFa9RTRilVR4ZkgBNrF+yKdHFpz5Qw5xt6FeFTQBScBbhFSBbKhoNdrjCaw/JEAWSI0oNtkE+hfOfccfwl1RsMDpA0TjYPbmDVCqVSqVSqVQqlUqlUqlUKpVKpVKpVCrVPhQzEhQpxuQuw3q0PBgsj5ZHAbPqkPcHSHy+DZ4GMRehZ/LHKlx7OJvIEEtxQ4xGOwx9YkYFb2P02VZsCYLx1LZaaGPYCXMxHDoGm90/ko9FmdqGAYAY4I6ihDoxHBoDuXWMgQLCNvjYvsV4sS1ogvFOtcl6nKfUOsjKBJJpTy0xfaxSYseBkBqiaQrDB5DsPDG2O2xoqLEe3IgeJ1Vvg/dzcRgMehTEsGwPE+vk4Lid4dZhswvNlJQkiTjhDrqxnhbGEnugMesJC2AnKptad9c1A8wEUtHpZ1Fgr7iTGefaC8G4HUclBhC5vRKZd91UKSuNOIfggdmMRARB6mTiJNK5Tc61AmXN7KEhMyPzYmhMwbPWJXaMtoFtq5VGwNSGZYW2qaZlQCT7VXdWgTh55PNOMy4aPw/feSHnoEpWJPTGQtFBA1AOB3EYLoMpGYtp2xjEWiQ12eXhAkLqbCqF9IZcDTYVwqKQ2B25y9NpE+42Tp8UEq8lyUYjly5dX4Q5CjQM+H/sfuLavlAN5JQkCcBMylAEYpriAhEddKEd0jdx2QIYQjMYGU/5yuIy1nO28q4HHh1EcBWM2/2cp2qRVomtcdxiPG0I/dqT6wk0NMCElfga11PqgfSdbbF4vaHe4aGNNWxlxexOMRcAGpvmulxEx1ezsWLygwcSVxT/HQGMRjXdGI1RqVQqlUqlUqlUKpVKpVKpVCqVSqVSqVS3qFLUNjQmjEI9DMO6qUfNCFU3MV7pMduNtaY1AkmP5ec498qkwuTO5PkBUKSZcc76XuXpDaVRYFuONoZuU1A35xrhcLnj5+q5ddCeMQe6s4OAoWf28eF8zBnUoMcJkMuIm7ALsRLqpVM56TqHeT07sFgxYWGhqQm+8GhweDw5odCxvrLo4EKZIbhrsXMNuSyEGuo46GgYEHw171y/159zvmccmZoAMy4SEDdsDBAjw5DjrWX6jpUuRY64JxaiNXAx0/ghs5aLOaV6KigB+VXrHANDZnEnJtfPV9/K9t3kTsyk5cm+QU/kdihAkIovHvWHOQQBDKxp0QEgVkFgAWm667SRIRDrC8cUQcAgUU5BGCebKA8ZHCjGgQ91pk3ExM4iBTXBWIyFLjc2e3DKgRSyi203jIASxHCVnkjpMDoytPN54iTMZoVUPiR+hTg116YHapkbaLkXhn/wps6JcrhtbJRkO+2HdkvKPcT7rIwHATpIYFKEtKcAABAASURBVMjd0vA1RFINC9hijuVlRppgGWuRiyvdTFyMFVcQtO5oeRUIhCU1nWtExUM+iyydtJDwWiLLXgHjsT2VWFQ5vOwJFMQ+1US1xAbGVcTHRadpqtBUji1PXGVg2JiKhs+jIUlcu/BIF2sy3vrYYI+OMuhjEqd5L9aMvzPqEV/6ctLxMkDGUpjDJ852m6Ywp1yiSyx+LULw8HynsUVeJtCHeEJDzIp15ISCeeAc7EtoTKVSqVQqlUqlUqlUKpVKpVKpVCqVSqVS7ZlsjOo5DOENm8GwGdWhaSC+1FGGWBAqBSl6HCg1gmsjvBzPbYN/Ngf9JQbqfHqYXZIhUIIEDJni4+2ceMZ676ue70lKHQwscmYMzj9Bp03BdME6rC8CjtmsgUkP9pKwpbUBP2vfSCad+C9GSRNxwwF6S4H7Fsyg4zFbBkVuLVfOEVQH3nlLSTAwGOydpQfzgWxPyMHEpxQ8cXtoYq/QSICAmhbywF7QQMdRx9BqDPm6qprzVd9XFUez2QuGmhNMi0d4qsKlLWAMFGkmbH6RqyMjUNpi5AskqU4w6ZBEyp1ZIYPL+OyZtQMv2wwzltWrowsxa69caNgz7mTalr2wPIH8moALlyqPlzNflARXJUecbpolk3KNmGS2YSEnrzFTLGtMMvsQ9xSXupHGJpWaMClpJitrQYW2UxOJh1xn/hTDlTGwzhZhP0DwGhhDmtivhMxEDKegyi22fLaWXEhWMQKSETtSNj21mPubb5JkmcFABi4JhHOMd59HL7XXtDhL6qtAHVZQGpMwMhg7s9RjTSLNuA7qZsuBpCkruXsSpNLCLmmVK51OWkHLK01MWJDm2mILt55QDzkIeMFn2oNpoAYdTTD5jrcQ16gqrj3GxjW7j6u1rcDEVTlOSI/reIDkN4OD6zy7YCERF4Lv1XgpBQAkCirgkh8g1PXQxbHFpZQS/kC66AmGgvwKMkXzUkUzzxbuQEjoUO8dFHNdpVKpVCqVSqVSqVQqlUqlUqlUKpVKpVLdYrK2hmZptLw8GgwNEhCjum5Ck5xIRAUHkHNiyOvsgL0t/+F8K1YiuBS0rCqOYHpMqtPzvmfb1BQYFY3xSjZxAA7DO2vHw93WdjNkpGf/bQJEKK8Dhb0RNKkpL0QTOznK0EwxErl2iYFaMkcwxSDE11gJAjSeCANsvDXiR2CaJjgGC6itZG1CLAtGaKnX8ew1yGC6+L4eLI/ip17VJ9ojBn17zmPU12Asl3vBXQpFB6FsZznU0+TaGHhb2MouiaVD8nawK1Z1s4n9QaYGlG3JnfAWuy+4E2N2Fz2ZetL8aio2aeCmiFeOM9yvwl+jzQFlxABDHDBSppF88RKkYFuWhMENbn4gKKFAwKbgKmGy0V0wxRq27yjZBdvOGOY5ipManj5yUkEmiGcQQxBIaACjWyGM3XU22JBXEkmekzyLgO4lHruEV+XVx5ZcVcuXcZ4aJnDSbOYabQuuQLfH7Ru+30xaVGw2gqKUMJBmHWbVau/DvP4gnCE18AqCliAOEv3BDWGjDkLp2Hol4L/QtgoErLHFtQELxYQvWBxoqSHbYY5szvIFfI/TABCV413K7ZMgF8ALE4t7aCrA1DgezDDgIlQhdwJxna4wHQ/gykRZeAj5s5irDCh5GKYOw3qtuMPEbtV8+ZpYYa8HPhCwaAj6g4bceRqQFd7kFTdND5uuHcMxAdBGimBEk1OEWbNvE2SpVCqVSqVSqVQqlUqlUqlUKpVKpVKpVKo9UWNh2DRLw8GgHjZQj8h5IwSxDOCHzwM+cF5GakvoZJpSxD+5dHCImCPVwOl6oqpexR8rX3lfGYnwcgCVoJOUOSRltzGF6UHbkjJ6T6FVMlDgB+qB45poTxIVmiYGLvFNaMinBDIUIHU42yI1BD2wiUoO5WN1dKoasRXEZaywKnigczZIUDRGqX0Vu0WWJ9wNPG2MxWIzOJ8GEAYDCNxUPet6aIRCuAkGe7EeJzhLhhkkdD4FkSguD5RDIqYA0+PsmVpItcL+wZyIShxjbLvE15MfyFTupNAYdWPSxOlyLbuDnrQ4SDoWiimKqsCmXDNSa6IKbHZ3YAeddJNI2J2vg2O6QZKiWGhpksRGJfcfrC5YOWzFYTB2GnYyVgS6uApY0/X1gOzFkTKi5LQ6PvNLIERE4TZELh2hO3BkZZFuOUijapMLRnHj2ZKvAqEwkqmRkBayAmRKxqa20keXjF5sZ/6jy5NJY01WRznnV4ZKXIZdZEVjX5OWumH0rnW2AdOSL0bMTmweTOw1XQmbwTbpLQNrNhRYkSkam9m/dNsKOyYzonu/lK4t5cRg+C+zHNJ3zBpmCATB0h7siBiVKr43jY+XFrkT33euooWq4smOiXcY74kTEJNIYTIfvoKNCw7XXI8reWUrblyAlIkpQDNEwtHgaghMJYXCpceUMIolcA+zDtk0H6guZU5UKpVKpVKpVCqVSqVSqVQqlUqlUqlUqltcIwNDqGsImFiHaIwYDSwjf/yWY8u2NcYQpXDnmHGE7boskMdDm0MjBjgrR54mCFngM/KYWaYIbdOz/ki+BEY/sk0BCEghoEfhemBzY2yO1KPJCVYSO0XQCcI0ErJ2aD2SsmdgQTm1eDiENvCeg8byAesPmH+Iqq96BK9w410KTGOMNB5Vo68JtglbQMhLgmDYzgILe9/3Vd+6PhoIeE/RbEe5IzxIAp1kwSBDmY0AoEhCMnYFbLG9HZnCJcAUIWrbbtufkBNYycdgCndiCieITpmVzpEKlqcVSMSueEzxFsrDIGdAqVKaGiFiLBrZpHJk+kBIkc9RdJoVLpC5Q3F6S3lJTJFgpKRApK2Qd/MpjZ16KXPWlgKBAchzgWiPxnYqLwgMvjfkLmBUAtiRRdLKWEjnTsmaDLjWm6SxkuiFTxQsWlcQxiGoDaRbOY9xkC1s9GOhcHKBxOSU3h652yA/eLOHzogBF8MlRi6Ph5SFJ42DMyYBd9xgMJOTsZwirrsnHS21BgFgXBpVZDQcDgh5gdDiGCDd1saw40eqKBEYeRy7c7OlSaA73W1mksQCJ1WebixKdiNJkICwEZMMaqyPvwRsg5YkcWOclOh0EmCAEEmNUBxgNrAeYXWMGDkL3sZFFdOLoSOJj1ceKTruieRpS6dmiKqqemir1TTc+RB/B4Ug/Akuwok4ZOwQ5KqlUchWQCqVSqVSqVQqlUqlUqlUKpVKpVKpVCqV6pbUsB4N6sGobjD4h6lfmiKnBwtmxe9nxeU7AAM/SM+xcwwcInFC0Am5niBq4dBKIMgBFMUmW5KmMWKP0AbQrRHipOv5wEYLVkxS6DPSM+RL0hBxQq4nwYiHALiUxiflqJD4cOq7/BS+IlI4JdDAB/WhQaaFoBMKuIOzEnyn4HIMuqJhjAAmOLh1IxF+9Hqh1DyV7/Xn0QiAQri8kU7nCdNxkDAX2hjoLJ2YcwEiTL8QmTtJwytgTWmG0tZgzeqgxs2o1PipTRrnTrpvp1aXjut8nn5YGcHP1iJmtfaWFVWhv84koxBLwXfHaAzOh8DeJQ24BuP1dDTDBZShxIHwRY6JE2ctdFqMNJUVAoPuHSjvOsi0gem0PN1lhWy5n86V0sHwHdDOC2lkIlycZG8J6QanaZoy83C/CdAKMgJ0kzDPke7VOArB4n3Ct73JWJewY5giK5uLWMMAS7BsA2METwhphXIFdRSk99IevmnpGBsyvpDYECivLfUiyAhAd/wKUqeYDDkXjEm3b7KEoQxBBIxlQyRjZQzZMwk3uRKgIyAjmDGFidkHpS9PawoyjmFYWVHb7TYxOryasEUTs33clDi8QS5kiJMTk+Ygk0jrtAHfYAM95dzpQ+MDHhIXsJ73wfC1AWLnyPrGezLhAUZZhEOCeAyOMFo7uZ4gfvGkAp1Qc+OqTZweLrF1Oz24lzTVbICwX61WKpVKpVKpVCqVSqX6X6idu5auve6G5eXB0tKgpj9lqlQqlUqlUqlUqn2iyvuFhbmF+bkDD9y6Yf2CUe3fGjWDITMnYRR/2h0d/mBNob2xFC62dXjIckiZ+MphHhnrPYfSLfIhFJOlALWVHDQBw82YrsEW4rptCV6A2BAUSUfQWQQtW8jjhN5Qag02ZsAwNbuVuBZo4FCmSblNmlx/jjKjF4soSMYhjAXXobYp5G9zpgu0dkGwhd87jJBidzign8Lgzle9OefnKCJdoXsAdsRzQhz8SAYqYnHSNsea1vXEdEZ8pmy3AKRjbevgkuu3+1cgN3vHrFiow52MyU4Wntw6dWPbhgR0rIS0jLemutHOU53AVjgEIwFxRIyKYLIXRC4guXtQ9D8nPBIKwLv23DKDmByCnNHHCCKVAIopLUpzaMIborQMSkY97aTn2WYyE5MO4dMLQiCFAxSXgY4K1FpH6YQstICIEd8KYVk83lGyH3d7ct4AE3K3jYBd3JPAEAV7n5CHhyMUzAQqHWhcLEhXZWRTB6AARGg/J+ixJXcSzDiuA93FLS9rNpUX8KzIAgTFqMoQImCD5AY3Mq5+3nkgLgVMmcYIXFWxN4lcBhwLG5Lzx6T9FO8wBVvTXb9oyQCTht9msxBpdToNtAlrJAdaDYYmKK55bMM0CmheE9s3gnowrD0RM/P9Xs80Hk2agAg6U2HvHOU348vkCnQQt/PMohxnMo29q6SF6HyC67YRtyqCTyBZVwXJmmagsWu7I1UqlUqlUqlUKpVKpbopdNnlV/30qmuNSqVSqVQqlUqluglUN82OnYvx5+prb7jNYQcdefihRrUfazkGDutR04zYVSI9ZC/eAWbs8fJC08J9OeoMJYFBMXbMr+Bc5X0VJc/ZU9SRThAwZC0R9UBJcGKw3WfUhCEVV5xykkKwVsKmmEYHI5ahqUcctYRkFJBsM/AVH8KHJh0rVg3W8BYypGADgiBlyLZEgtpUCfuOmCADJnxJok+wbiuhXisWJmSTwoxBHIT+3LyresBBWmRNvAwVeaXw5aCsQ40QPHlv+mjaJEYuWR6kUL5pPUzytUnkQhH+neoj0qFT9gsxRrBiCdON+a9aI72Ooyfp8Jn0ybRKGMmI8wBnqck2FdW5O0acPMaRU4mnWYtJkywb2eD19ikWD9DFigQKQk8PtMUJyaBCwvSQL7CzAuVIIpOkzB+U/QkT+UisaaETeWOxBy6n3YGiHuhOxHIMHKEZFgr3IaBBKU6FuFdo20duGrVzic0QmqSHWabkXuYdceHIcAzmnWL6wAoxgScNRQ+dZS8U3mYFcElrBoxlwrHJ2SV1P5UXpqbtXmfUQspWYwX3SUxLS7RA6NxAlGgI16LAd6HAdHgBuf+0YJC7TTJgQgiE4RW2tQHK1JXyzZSZkXAITLFgFzeE9AcdYqBztyfLI9kMtGDnKwUpDxSSHUgO4caGSjEHRThg3EvzJS66TVzD8IAKTGVxYvcxc5qjBTLuChUv6AnXoasP0k28HZyQPzQD0S7Fkd2s3MIaAAAQAElEQVQKpIlhO9AJTo6gD5CpVCqVSqVSqVQqleoW0w9+dMGuxaX45sADNm/dsmnDhnU9/IunSqVSqVQqlUql2jca1fXOnYs33Lj9uuu3/fTKa7dv33XHOxxvVPurhoOlUQwYQtN9mB8SpWFMkVKiDPyDpH6RXbTN5ifnKZZqOfDNoUbvMQgZxeHW9jT87D3RJikPhDAgaIviXI7P0hEcs54wbGhj1ugbgDYpTU0GJ0GyN7QttwUc06q0TuGgOoxnb4DEcmSuQ46jkpQ2BJkVyclDreGYvgsYMvUx4BwbVfXmen38cb0+BmNNRcFeHBaM/wYGLLiPFJkFPoWdRkIkyxPK2WFmC6ZtuXW5BICkZ1q50BRepLzw0/fZsYIrHzNdHfMdUnXJErCpDkbPHcIOcTZTFibjiQeg2H1w6PNBCIaVJDpoglNMdzw88CGUc4lO5ZmJMpJ7xhmbM5DYwq2imK9ULEwfguK2RsygYBl4I3eEqsNwPzaB08ZknKNwH0prB6S7Lm22LfKRzmCp4eypgrcM8Igw/ZFBHNsyLkKjMHvDdROIQgOKm4FZk6bbQVmYyFCl23cigITwSAuebffLANgCSErAFxt0sAMHZD+aRKdA8i8RciSY2jD9hhWgxwlNA7zuDgpaBV9ddlWyXliT5L1SN4FWOs7tBdBmznGFN0zrZMKDR7ARWs7YziRP+IeMY3KhkaxKyT2FPjd5kTMy0eJcdjStMVUUUUo2oLmU53Rh3o8QHIn7GgL4bHzvLbpc8WTnGYvWL3TNm9YaxzJxJ2Y5zOckNisQd8JsUG/KsqZSqVQqlUqlUqlUKtXNocuvuHrX4lKvqo4/7shNG9cblUqlUqlUKpVKta8Vv29v3bIp/hx04JbzL7wsfgO/4qdXH36bQ4xqv9SoHjUwyg/qT4/bJ42hHsC0iDEZP6GouJAWXJ4cSjA+ybgJPZMvT+/bHEGmrApN07BnAMevvSMKo82rk2Oy/Dx8x3mFklRQKBYfua/pU00ZbQIbLOROJZ4D+An6HGBNeyVsz34Vbdi74/4RKA1QDjDzIRzldnguTDLBEV22BMA4a8AGY8i16vWr/ryr+lTC02hR4ooYgoYit4kMOCS4AMcRuheATTFS86ZetWnWH0WoeSwbi51Wcj8O7dopjetwJFP2TNk585Du8KwxuQ5TVtZUTX9DgqQIH+JX4qsyyEWuIry9pUVarwwQkw2bwCKazIHz8JhMdNBsmwRy6JbrbJTbYaXWcxYV095mkHkNIWDYU4XSRDErwz/k2oEHBpusWiyllJJJCOzL4rJLC9sGSeIdYq4E5oLifqQUMC7VZ1vLG2jTZQmcIJco3ZxcU3ltrTMZtTDt2AkwQtQKmIRo8Agk6CStBDYtCpZuV7ySVLpp5Kpjj1KpwowEEsMn6X0aEwhDIl7DNLa77pKrEqF5qWMMiXFbEwsnb0OeCGkhgy57lN5DoulSlZI6CVL9Yt9iclofdOhJ3afmNQQcAadWAkp6FDBHFDgjxjqUjgeT7ECo2LHFNhbYvAWq+FsAcSHMvOMd5VozmIiHzIBkoRTuhDAbZ22+FLk3TOTI9qDciUqlUqlUKpVKpVKpbm7tWly+4spr4pvbnnDUhvXrjEqlUqlUKpVKpboptWnjhhOOO+rH5110+U+v2bJl07qFeaPa/xSg4ZQSHHpM5gWlF4ktk3JQjNelYHq2+3Acl6ZsH53jsUpXWQw2Ws7kANlTxQZBTgwnnXGSM8MazqdjCwSjSNphoNMe4G1NVKAXVEN7mvSYP4eqnS0OMS1Dw5YFMB7yl/NySYlPc8l06tDJYYKFeVhCASg4SpFD/i6u1+svIHHi+4iYsAFAYgrGkIgiZOxyJpPu6dwM1sQaOxstENYkn6XdA2V8fh/HcktgaK+U4umrljMr0BWQX1KzzBie0C3QOXdnQ3cets4cuL3yvg+moCEkTQrvtnwL8byX2ylhDYyWUPAd4+6NzU4flvKzYD1N3WQbEU5PY+x426GG8X7C6hdAwDG+9xCdwEPEl8JA9tbJpazwFOiFQXctwygEkQRBuvI8RZLMJLMUwxBaw6ZIeC/YYCEPDiSchVxB2OKFfTfAplQsJmVose1dTauYGYcSiPDAM/rORUbTERkxS1lehMxo73/aUnAolLsH100eH2LXAvvU5FkENDycdof7TiCaGK0k6K4hUI2ojXzL8pg77mnmf4gs4Zufrz+6OYm7EyRUp1jdOm8615Z9SahZBbOWlwVOFgaW0zlxsiWuPy18QXg/S3gJdjqY2BYXF3OHZip1oEnSgKkR9at52Ik7MRUuyw1lmHKVjz9VVQHZmAQGmypcLdGRJeTcP9iswD1MV0R+K9hV7J1UKpVKpVKpVCqVSqW6SXT1NdfF14MP2qrEiUqlUqlUKpVKdfNo08b1Bx245drrbrzmmuuPOfpwo9r/hGFxm9iP8UB7mH1cByDIcU7Ok2ETt0KhU+8oq05RGCRgTGFZjttSABtJEyevNteTw+lWArYc4+YjJcdEE0KNuElDYVjK0yONF1cSPrDjJgDj/SltDfhNkU4orBy0T3YpRcyZAtiWHue3pgLrfTXfn1+PxImtKKAcyB+FS8oj/S7ZmUj/OpBIpnk6dIHNzZ9QjtN2PkkkXeiisfI3cRS3HX6zF1oTegKJyZi2r/shAQbtnhWOnXW6fEcEyjViKtrkZepQXSltikAi9IqJR4wp3T+YckieJDEGzzOSY/2OwI14h/TL5k72nQw0miZ/ljd21rgXzBMDHpS+hqAGhAaYtsqsFt5xEITAQpKGEkgxKUKABnsJsSWFNe1Eo2QrTG7gBmSxQuMoO09KmBMk1xCnFsJ1o7EhNgcro7xC1iRjF5v8PYwsCpAvhnPiOSOdkrNLOp9SGamzJdhm2s4yfxFkXDmblqvrWjawnZMVTCjdvcmdycWr63iGOeODbRyTHZQHLLW5SZYecvM7ThGEI5nSEYGgfyCEEW5vAFJaL9kFufnCIkHH74QyEMmqAmydYtq7PlFTvDoTd4JWNdm7CozJBxJWR8PtkDaiPGEEqoCP/3eO3F8Im5IcT9STeO0dIEQV34+aYMOwCj1PJIyj5G1CojjT845qRMzKAt5E1gl/k41dyMlKqROVSqVSqVQqlUqlUt3cWl4exNetWzYZlUqlUqlUKpVKdXMpfgO/9robl+jbuGp/lGWqQ5xOih0tceKTwUbBpoxxDC2zkaOuLsZbkTUhk498gpRQB1IlkAKJNgYcY7wxmSekaDEdLMF6irbye4r9BoxgQ900bHNCOXFy9BnEiYHNEYQ5cclgwqSwMhT0AsVFxWehjVaXfhapGKRBgCLJThkA5YQczvme93PG9aztV/0FXy2gQYBhH5eqqD/TI9l6wKaMFda0hgnZkYUBFD62E1ifdoHTLtuyFJPRWiteFhNkwr4BRSZbtbfVteY0acO0Qulss6uZeJfGtKxvLcFtdHhoo/yV8Z5RExntbJKDiIbBpErAmWMMAyfFSdDdg9+RVwhnOSkayoBCt1XddCp84vFWt4BF2mDG0lRhtSH3GSP/xos3kbPtzWvjRgeWrX7iXiQwCJhClyFKW4WnaEJ7Opu9NSzDEHEQQk14CFcRbz0CHBwTFASioKEHmWTkBcBQSppAhkrJX4nvFeqtzXxacLwOMBnBTYpFcIEBySPDmXqgDokRAblvgV1kynFJOAdQH6FxKbtPvi1NQpWA/WCIkLNo+IHojxNLI8sIEq9ySMcFBHwkJw/Zo8Qmj5pkJAVNYl4SehcsJDZFZg1CLGTrZDxZwJCBlAnOpZWUFMS0horIdZHJSgY8kmOIURi2G0E3FWT2sJCTpTSbwQCPAM6oymK2IKRMgqPVvqGBxEscKsc5wzA5E2JKLjCKxOcPthk6E7wVwx87ilN9WFno9/x8r1+5dMWJc3Ge7wOyRcE54APsyzVJpVKpVCqVSqVSqVSqtWhxCf/MrTYnKpVKpVKpVCrVzan16xbiq0In+60Cxos5wgrJNsDic/2QH5xvmYbCViBH+8iAAAPTQm8wYuIxQIgOBvivdWDG0z5Q9TU9Bu+wJBEqDjkMUcqiAEbySRB6kjJ6BEqcEeOrdRgNR0P2O5EDc3waWsQl0QAczOVcETmRUNGyiS5P4S/YfsAKREP2BCaZD9gggWv0VOj1er43Z+yc8/PeLzg/h2koKA0HkI+B4Yw/ltEaI1VRxQ0HmVNkPWMujrtH1hBGSBGQFDyTHEkaCP6QOtzd2RFwOTNVu0WfrIXS2Gu1Dh7jp4Mpn+y0XWb6gTB9s1STEIR2I2WG4smJ8fVYqCrKC26R6vJSoyUYqr0e6eYyJT5iy3pSDVNaOaVb1o9vKE1dSnbMlrVO1Gk7LcoNE7LLSWdxDsdJbV2QxDKGPD64aptmFrAhSuq2ZI5hVMM65imIs5EC6J8RwKfStAwghMOpajhxD90phHJRxisecYI4UkOy20qAYKC9ygygGJM9ZsjTJAQ3MRqyNEAyrUnDY3k5CQym8HJAmXDkjswnixcj8KKWTEJMIj7k9EGoHjRuKoaboZGcuon7mgyROK0TGbEAdy01lY1AElZCW+hduuRclD1VbFolRUTD4DbXzl6TxxFy/ieaA3xwwBxijh1v+HcC5lByRk7QYiayVFIdjkk3ysgDMj3AeAODUC/XTc9JjrW48qNhVqi8pRWU1kUHRp1OVCqVSqVSqVQqlUp184tNlb13RqVSqVQqlUqlUt1c6vUwHFnXjVHtl6LgY7BtJN1AAh/YSMMWIcccnewG+YXdsJwcBx92txIttGUkPZ1Rwo+YJiTgM/HBV5hWAcGTVBhSUNRxzpEEkmB0lbEOC01Tj0bD0WjQBGq/JN6B5ETCXWlPzAdSU3MSDDMDQZgFZOS9KZhuU2Q8lSGAhEbAVVV/wfn5eBMY04+vaAlgsi1Kmd2mwxhAGk/ZZUsOoUxV0h5i1qyf1SBtixyt0EGeHh1fj/HdazrXtFNLaL14rcpC0y8SeuFkEmrvrszaLuy+vvq5Pif3EkFRNtEPvAjI7UkTOa0l3GXKHMTkjVigJO8Nk/g2uRm8QBdsisKmJoYxBXYIoWNCm31FjDusTXiH1DsKjZNbykrOHBRhLyBpjFwJKWWMo6BOLKZNsvkMhjN6oUKm1nh7uQA16Rq5dnCECGH7Jib9QmoG/c86zqYkHI2QaS09gzQKHUTuLZPgWTaeSvxd2/PWocm29w9fJchrqc2QSVovUy/aN3kVBAEFA7vsWHaYEjscA5wuh36juDzq7OrDVTfMxNRxOoUwMo0LlOWJEjn1vXE+VA4NXDzxjJUzlf6BT6VSqVQqlUqlUqlUKpVKpVKpVCqVSqXaP5QYCtNmiSDZ9Fh8UdJ2DBCSTwjn00HoBA1LrG3jlI7iuYUTSarKx+AhJeiokDqpMBibgBTb5TCsFecBdAFoMI1OMKGu66YZ0tMFkMLL+bn7scQrtgj+dgLBsZGiFgAAEABJREFUe6rMGCSChtrHQXPvjfc9dDepCDqBHpgekyj5MAnCl2pNO+w0OsDm1nOB9MZ0gAcz67iZ9iW3kPbgEqzpEJ7AMxAMyC+om3hAKjcREbctS9G2ydpOsRaEyAdNNtVOZwtW1/SBEWYgERp+bGc7v2yy9cH7OXRqlVVAgAJMloPFfQt3AaVIIfsMKk8pXWxOtQVWcl/ZhKUUTQVXepOYtK4YYeLAdm95YD8PaO9QKxwIttmlPqe5ktqX1Dm1uAN58hGB5GyC7ISXGxWzyBBmh54sCUbD/DM0CO1yk3INmS4gZQM4SrpjpUibzCwwYRJwyCjFjEBzjrP8GCPWKqYDBma5EiTMgAskt5MgeyipTzpgitioykpipIkpxM4xuMcz/8NuNm0CILlQgA4/ae3iEbKc5ig0QtOIAUq82HERrSEwgMe2W4Omod8rnDYJt89Vvb43KpVKpVKpVCqVSqVSqVQqlUqlUqlUKpVqf1AiTkJhvyGPx4+XlMQGLMfxTkfECf9fGBHI3AlGDCldQ+AQLT3Ub72r4vbK06Pr5I1Az+znM8u/gE+/c0g7oCjY3YSmjv9rRiE0EsYvnEtSxLbtVt6V2mP2xl2izYgipgYpw0X2ZsEh6jk3792ctT2wPYvQSUXZTvKRIClG2nbKkBYJMShJByXzASgvSsqCtHL7E5EizbwFoRMoXln7oDGwwvvZaXeKYi19svcQ0hRVU07OM4XOmc49vn8KZHKTNG9SXRDKjjULckYcmoyc90kmr1AjOL+B4RXLmX3AQc6Bgsc4zgxjTIMcCd2E1kOq3kiaKDl9565I3hjkjEJvazQISXeGNabMUySjyEl9BBMhRw6Hxxm59ehjcGi0YSyn4BIEhvP2tJwWzSmf33KZQKQb0RWe/U/ivVpY2gDdqyFbjJRuN5JQiAa1MYmlSRgZmNYbhgpyuh1sjxcXX2e665kx0+mk4hqKhZJpabV2oBN5Y4QO4k+uRRDBJu+YdE42wkLURKgXNMxyJq/FlsESzChGm+I/jeEUaZS+hz2puJhloMfTlU40DZ0RrxCSiZRvDASwsZThbHm43PNKnahUKpVKpVKpVCqVSqVSqVQqlUqlUqlU+4XoSfjOltnRen7cnUOikvjGt7gJ+wLY1v0ATIIyZFeMTHrvOWMEvnHZB8FCaLotAO8pkG0ppQThHBQybkKokTjBB+o5NJxzRayuGVYiaxRQrBxapsNwAJo9K6z3lfM95/rWzRlLKXVsZZGwcTR0eVynehOUrgt5r4xbwf9wWD0lDpnaGWvG6oB9QnrsucB0DXNWlx07fNbHleoq6JPZkMqe0zAcpJ/egGoqtDXtPPuAxlljjqVue2y6O9mNokAsbKc+mOwk3YoJX0C0ADJnECDfYFIRmExJ8eqR/JSccBbEZkjqKV42rKRhSZ8Sq5VcPQIEzBEjsAi3SN7xskRvQ+B2pdPTOx+A8LqCTslcmhX8pGU+pEVAhk3ESwjngvCLk57HnjiXcpG1I2dh7KZLXAd7gRjJORPQ8UPy8/DBFa6nNnvgsAeMnZjoeQHgTk6baryahHw5JQlau0zLoNrxIWN6RAgbHlMoT0tOKwmdMTKDjAuURMi2c5q9cZzYtiBhk71q6ABa1pFokZlIxSziLkxA1cTdpT4GTsSEHjJYaaNp+1QqlUqlUqlUKpVKpVKpVCqVSqVSqVSqW1yclAZaM4qVgtfp0XrjWsSEeBNMqeNThcmFQ8LAlp/0zy4KznnMwUPPqFNwVTLFUPKLUObB4QfkhTMhj5MQmqYZ1XUdmpqevsfIswR71yZoPVH2UJQ0I3AeCYygQhXEEiFGnnvex5856/rxPUEnjgK4LvU+JJ8SbImzlIyiNb9oQRYWRcldzlSRNpY8ip0EhsrhsDmofktqj84PU97luP2qx4xtT9OqHCtYvYK9mCeVmWRBuleO3oSx6z1VqzZjT1NGOeNCB4uwFqa0WtgSkycq3Z2WaTK0OKryzEYfJEjkVHc+CyNB9hjGpRWHsRNPt3o506FLhdj2LVmYWE7sktKCBaERcuoYSA0nxiHIua3lW5EWp9ZdhFYQztQFiZQrbzeABkxuD9bpMCVOSI1F+yVIrXVF42VlZUSnhJA6hA8e0sFrCL1wrUkMEShoDxUXPPJlQValSSdEcM8xkTFljaCayMMqXUWmPYxN6XTKst7FS4PGUxkOwlHtTIv0y8LDWDd5HYexRF6cJAhPEvCqgQwgIy4gtIogP4zh4JVxmFRIqB2bSR3xpGGsJQR/03gUqVQqlUqlUqlUKpVKpVKpVCqVSqVSqVSq3VUbiZ/IBSGBQEmaY1za6Sy7ETg2OfFsEwBCighrQo/vN7lm731VVZyGR5LcBOPEoyQ0nENCMnUIoxJDoE0T6rpu4j8YFY7lavzXclvxEErfEMyMyHvuCLUkdIKxEzHLFWP3PDLB+lhPTbHlGHb1FJyNQd+q6s31+vNVr+erPoZHTQ/D8clWgMajKdqTh9R2SQdKPoRFfNmD8qJg6pIyP4a1KVsQfzbGFElKbvXqXhGYsDxZGSKZ8ETJ9Ikxa2CPYLKSyb3dj6nOyqyh4v1AY8iLLeCmcrSLBgtqUAy8ACbQpg+aVr8c3DnWCnTQ7hMiq1tDKL0zUhFnbEvMMN+WXFRwLSp5q+Is1uT7nHkUaRCY7FbCBIkgF4GNNkLb9mwAQkRcAjlwySJWo+HaiK4I7AmSHFRMaR/C3c8eMI6Xo5TZxnTYvcr3DTF6mGeIITfniw7hP97SiWx35GRwXCbdiLYBWoQZ9JCxs7Yt30jqJKFyGDrp8jI50RFwvi/O3gPQLmepnJNrxo4mDUgyJp4xVjghhxgMNwWskVRAkunIdBY4sdiidv1MLHAqlUqlUqlUKpVKpVKpVCqVSqVSqVQq1a1dnSBxSuzSbkygg+Pn9Tk9g2PYhGxLUpzTyvPuEtQF8Ucw8gQ/pp1B5qRCZkICt2UQNkdhOaJIuRSsa6Cpm9FwNKpHoyBkCVqegIAydkVQJGX/kEbsm0A/Ai4pSQjHS53v+2qh31/wvXnnKyRxsI+Mj3goUlt0KrIwlQqZ9DUBSWMin2FVmMROr+pWKFj941QuxE5unPJ+ImeMWfF0qzZP6uRJV6WcT6XC7tS+G7JrvMhdLsaw0UYHU7CmM/moDEydcoWvRmLAeH2QaSe9d51RhpwQJd8VruxFQjLK29WawjzDUk4ewhGCvMlNoHHveT8ajbh94r1hTEruJa4Z8g9YoTqSKZNkrEH+I1D+GFyGsDXkwcRYhHPstUJ0Sh4lclABR14rQIZNIHAEcW6Q72FbJNiSLXFMxDgqsWKpjKAnsVNVJb0nbxAk+By1sR1L9EARVCPNbOhcQX4TXAnoQXHWRBPJ0JP3S77wDYE82UuGARtJzSSkYWnZlK+czZOH/VwKcoUSKiGHwtRcGpw4Yuk2sXJdDTnhpF9NbNtijF11HVSpVCqVSqVSqVQqlUqlUqlUKpVKpVKpVDe9WvqDPhWv/C5H9siWAziOKglj8AM4K+HC9vF0FiSAhcw+MKdO5SvvMXgagiRWSDF4SIFfoMIgGS8MjAYDJk6i2sw4tjBimR27t8Vj/51e7oXE1wSr9Rx9da7v/Hyvt1D1N/iqB8YjlWNl8FZ6Fh9yxqGx8OnuRFPtKjth9VL7rWDNH2HaocXG1tJmpTkw6euxB7wO3wLxwArtKsoWdXx1kg+H3CM3r2ZjS5l6GN8+XgGUiwXnjbGWGQmfO4t3iA3OlQCJ55vdTG0XZYqCSVZK/IJA0BZZHErTFEQkNm/a+G8v+YtjDz/kYX/6gh+ffzEtTuTDlOANJCWcaZNPkUlHYJaCU/ZYQecoJwx2ognmhKMPf96f/N+48YzXvuknF17C7Q8hWEx34/g+d4b9PuLSxmsZgSFAaX/yEouwhJVsPmBsS74k4IQON4y0mAT50f7Q8BgQ7wLwuMef/usPus8Zf/OaH/zgJzQ8uC/YPJ0CWz/FsmwfBZkxMXYUhOMwuXY0SSGChdrTJLsr6ottjExT9IGBRuxFyL6FjGKAMRS5eUCmBn+i3Gi2kzJNTp1IFMw/Rr9LrMn3i5WmMtwHYm2Cv3QCX0UnTd/TpFIqlUqlUqlUKpVKpVKpVCqVSqVSqVQqlWpfy+YnyoskC+yxQRF0z3YDFn1NMETojLMJ6rAtAtK6HVAiGw6woidK/J/3FeXBiTFMDHHSe84uA2xlgKFfjKo2RLXg7tFotDxYrOuaWhFa+sXm4K08bG/FVKLNwkFZe9rH9sdog8nEOrszVI6y52B6HWP7zi9U1YLvrbOuB6ZHZSpumOUAKQWlaWCc6UZfqfEuDTtvcQVPk1s7ZtwRsgNA3j4Lj8gYEOwRQnELaS9wk/HtUHzqslWrHEgfVo5qd016xrRyep39RZNzAtZMwZS3Pd+XwB4VjG4wR2HzDJyuabug9OdgK5RkgoIUBIIUTIVAKO4kuO76G86/7IoTjjzsDx52/2f/3RsZibNQsWmSWAbJIXRv8qrDtyUkVEx8SzzZqIS7/dwdX/Pcp23csC7uevvfv+j/veDlX/vm93D9owQ1nKaGoabSkii+HLBl8/95+EOMJCxjeEI6zAzFj358wSWX/vQ3HnS/sb5nXxau56yzvv6d7/yIDFscu5nQshc2b9749D9/4h898ZnLgwF5s7jDDj/k0EMPMgiLNHxGMCVGJXfCxZdcceMN2wxnRsPRBdNx/mFaCGGZBr1eSvTHcuobKF1HCuIE8gnTHAL5EcokGcrk3zGYKIgaSlW7NJkkzVKCFuV3TGqkFSMUZ+ytlKZTqVQqlUqlUqlUKpVKpVKpVCqVSqVSqX52ZdOPSQkMJHRMz9lj1hjvyDnACXTSPTrTEngMuwDgUZSKJ5umQIDWPiXFJ508pM+5LALm1GlGo+GwMDhpUZhuIHsqSgGFtcn4q90r+CLGQiuq2xvbq/wCepz01rlqzrm43SXmxhbhdEdn9Z1KpDUTjhIdf4c9jKpOpyBuHfFZWG3LqsQJrP5++visTLqsqmziICrT6+SsOuW0yL4UpSFKmF7tPlKRpWmsesgckxVrDi4v1ADfTZ252anA0S0X0gEmsVTQ5utpMauZkiF03c9MTyTkYOOG9fGeM1BT+puicVTivZ/8/K/d466/db9f/Of3nLm4uIxLlqusd4SxWSIWmvjv0tJg245duKaBg7jokHUTJ22J1XojWXt+/d6/8NI/+8N+r3rVW94VV6U/e+L/+ceXPu+vX/n6D378s95WnJzHBOd9XjQTCBfMxo3rH/k7D1yhsx/7xFlNU//Wb/6aWVEXXnTZ2d/8nvcVYhngyHckvOkt7/n50+58wgnH/N8nPuLvXvnPxPb4Bz34vr//qIeZ1fQ3L3jVRz9+Fq3LcTWvLOF5SK3kdbhFhQrwrZtCBwy4tDeUM7hcZcgyJi58QuM4yydKO03pOMOrJBT5giwnUqKZk8AeOZLrCPVrQPUAABAASURBVHYf3x0qlUqlUt1SaprGe79ymauuuurQQw81KpVKpVKpVCqVSqVSqVQqlUq1HyuF7xznZ+D39LQ5h4+d4CMxVOls5TxFCC2kZ90lxYbYnzAZ4vgZdWRVrJOcGUWUULLUsAUBRRgDPmCPf3cdDJaHw0ETRmKBYnNUudNkTmQx3SyB8kOkT8HsG3GY09Pz/5V38/3+QtVfcL5vbFWgJFS0MIJhzIbFzgDdsrlym9KAtLtnsiKz99kZxffvZBS7RZDsVvlVuw1FqRlnmQIqwRhAMlakmlK+LWI5AYrtECfGjH/sQiEt2LLCm8wA8JtuAbvSsVYADnqTvCgwmxS9gVwbTu1QzqaUDctzz2zbkgDFrZe2t8M29iHNejmRLTyXDE9fgOc+/vTfus/dzYqa6/c+/ZZXrVDg3Z846zmv+mfyYKrQrMTJusdrWV2HeHn+4Dd//ZlPeEQTwl/+7Ws/8NFPQQhXXHnV3z776S/+yz898jaHvfZf3u1pZAiYMGyTksxY0igac9kVV772Te8MoTGcUscmiM/A5Vdc/dMrrnrynzyX2Yx46ic+7pGn3f3nXvXaN59zzo9pycU195JLr1xqht4BrrqM8QX0Mnn+i17ztje97PTTH/zpz375q1//trXNT86/+Etf/h8ZQoAueYc66Q63PeigA+LyWtd1XMYR3nCNTYnTkh+JDDpw3hw2o2qZkyArCbKBLs/mYE3ii0xOgmbQb8qB+OBIBfivK/LiWF7tnBAt6fQhZaPiOdAYJIGyX0qgX00ecRajUqlUqp9hhfhb+C//8vvf//4LX/jC0047zeyRdu3a9Qd/8AcPe9jDHv3oR1fVPjOie/GLX3zmmWfGhj3wgQ80e6fYwt/8zd889NBD//Ef/3HTpk1Ty3z3u999/OMff6c73elf/uVfjEqlUqlUKpVKpVKpVCqVSqVS7a+SiKEkUJD0BkBJchxm1aEUOUicYHi1DhIIxnChbZ+IF9YkOSbg8/eWEA1xBcC8FDmPD0cemUhpOC2PsaFphsPhYLA8Gg0pCowx7GSaYlKkn9uaHBnICIFCkSyOVob0vo1vdl1Ppg6CL/czKhKjryEE2WAdvrW+8v1+f6HXm3d+DokTMnVINiftgFp5uj+FzYHry/W7tsm2iMkXsVQIdhIjaQGJGVHXyR5KxBZW4hXWqn0Gr8DsT7uLm5gZlEl59Vc4xKxylmnADhSzyRqbzBsCpwIZi2rwHRVSOB66RMhMZYOfbskV3vjum1UOsSuXgba27H3EFhbdhuUdZS4oK5lxTCEYy/lSnqtEw6aMiU0sRXx/1fU33rBth1hptFWZKXCarDxSwwGbNx5ywFagZQYq7yoiJpyVTqHNEq5Vz3ziIx/3sF9bXB78f89/xee/8vUY9Yp7PvCxz1x17Q1vfOlz/7/HPOI2hx3ynJe/IS5VcSVwULngaZWks5BXyJBadP22HR/65FkQ6lgvU3i0gLo8aa76nxtwuoTQhOaP/+j/xI0f+th/X3H5VbSQehdrRzuSXoP+K82BmzcddeRtbrxx+yWXXHbOT85/w5ve+bQ/ftzzn/f033nkk3ctLr3/I5/6wH99mijAgJhL7EmQnGSM4P3D3/3Nrz7g3rivqQlqgc4CIuQQTU3yOwFauAnwEAIpro+UII2sYQCBkrSuyWxqfxeALYCqDlsXDwu2c9HKNFWQuKY0QkyjJFaHsuqAtBY0v45KpVL9bCv+B8Cpp5561lln/fu///seQyf/9V//dfHFF3/4wx9+7GMfe9lll731rW9dy1HPf/7zVy4A7X8ejGt5efnTn/701F0bNmy4733vO7bxfe9734033njMMcfMIk6izjzzzPgaR8OoVCqVSqVSqVQqlUqlUqlUKtX+pwxBOArzWQzB+oRbOPE3sZIhx8rj/BmtoHQ4XT8CyaWDQUfrGFmhnUZCv2CS50fCXBoMkJomvjR1PRwtDwbLdV1TlQDsZTIefGdBEeuGch+nuCiKlXzHKuNRnItbwD3z/OB/gBg19r7q9/vzVW/eVX0jXgCmk2RCiBNbpsuxbfohSCfr5HSRAu3ImLFqp3edeYcugGIn0QxYHVzYLfJkt7UmoxVYccuquEn5HiYhFrvCIXZy+xo1fh42CimhE5fn6NRjfiZl5QaQj2RitLLabESTGbAgJ3ehN69+5wfe8d4Ph2bUtZgBaOJq0rBNBzFv3jqPr0RJxM1PfORvveBPn4CPTo+GBnp0UnRtcp52A5xwzG1e+OT/c/eTb3fdjdsf+8wzvveDH8U6IXlwfP7r3/rtJ//FO171wt/61fudcMxRz/uHN333R+c5D/gTxBcEnU6asNwEbvAwHh7iqgpoJ2JdcvRIDA8bjFgTz3HM0Ufs3LV40aWXAciK65B28RWhH/GgX7j7nV/0zD/+9Be+9oznvaIJ8OZ3vO/EE479wpfP3rm0BGy2klITibOULQYuTUBKXtZg8RDP6RPkwVRUdpix2XrEpvEXMEdGeuxSCzBCFyiTSZQByRoBClPhDnaUrltxiQMnZ4uDyF5Z1DwxbSGPHQGE4nWxanWiUqlUt369973vfeUrXzlrL/92+MIXvnDPe95zhUqe8YxnPPzhD5+66z//8z/j6yMf+cj4esMNN3zoQx8ya9Cq0MkKuvHGG//6r/966q5jjjlmDDoZDAbvete7DGXP+aM/+qOx8gcffPAZZ5yxuLj4yU9+Mn780pe+9IMf/GCy2jg4j3vc44xKpVKpVCqVan/S9u3bP/vZz/74xz++5pprtm3bduSRR96WdOKJJ27dutWoVCqVSqVSqVQ/e5LAXZstIbmYCHXiMWjL/IiTR8wppGtMGUw0DJtQmQSgSAw04SrMUohpCHAQMTRhVNfBxCBqM6pHwyF6nIAJjpPzwPhZuoKJN/LJUnYPa4sgqV0dO+kgLRIDtfRsPtm+APu99Hq9uao/76u+dRXGk2e0jjvdMRMoIrCZieDBhJR8A4qDAaBEaaYLprMit6pwLKy2cfdwE7NS6Uz8dEvC7jMh00rliV7NPghmHv2zJubMWqhnbRmeLExjj5g4EWIBvUFqaBoq7ohOMPf+hbs95dG/8+FPff7t/3mmgAu4y0mmK8YWjJANTTw2FmgaNO8IeBevX1j3tP/zm3/wkF/2zl1w2U8f85cvvPiSy4AeYnZUFa8gP7rgkof+4TPe8aoX3Ol2J3zwDX/73k+e9ZJ/ftf11++IO72PteP5YisHyTWkRpYl8KTwzrbrLLXqsb/70FNufwIvAVu3bN6+Y+crzniuScDae//rU2d/94dkkRJXQku9xdQzNaUtivU+43mvsIIHuiaDLPh/zMdDdiO4gqKzSJCVJVAasyb2GIKjatjpJdm04AVrBFOh/GliZ8LOIu05mE9JjBVZ/NDokouLJY+VQEZVvJC1Fj9j+GAXEgOmGtGmBdg0yPKlA2FbIB9cw9SJolKpVKpbmeJv5NFotGXLloMOOsjsvq699tobb7yx4a8EEzr77LMvvPDCDRs2POQhD8kbjz322Kc+9amzKvzzP/9zsy8Uu/PoRz86fzz//PM/8pGPHHHEEWPF3vKWt1x33XXxzZWksb0xMmHICmVpaSm+ueCCC6ae6za3uY1RqVQqlUp169R3v/vdD3zgAyeffPIsgpa1c+fOb37zm9/4xjfOPffco48++g53uMM973nPww8/3KxB//7v//6xj30sHvKc5zxnaoEdO3bELyrnnXde/Hvnve9977vf/e5zc3MrVHj11VfH7yexJbFVt7vd7W5/+9v/2q/92vz8fC6wffv22FqzBsVjx77JDAaDWPk555xzxRVXxK9tscD97ne/ww47bOrh8c85H//4x2Phbdu23eMe9/ilX/ql+K1yhdPdpMNY6nOf+9yLXvSi+JqeqhzX6aef/rKXveyEE04wKpVKpVKpVCrVz5SSyQMTHpwNBh1KfMoMYznuyYW4fOZODLkFJO8SjrlbcTShqLPYgLjEfDgjpir41DqMmnowGjQhxlGbuh7FNzlpAzVtjJ2Y6mMNbUqPvVUoh4KjtxxaReLEV5Wven0mTuatrUASPHCxTmMpU49lyoQ3FAPGBezK1AKXWRmgyNdEhny8LrO/Cta8a5WSZdTbtC4LM8tPvF/76WZViK8N2i6w2wTwrVClOZSm+8Tpp1+zm1RrPN2+mTeJxioS86SkWqsdOEWQjDToA+WOYYALvUzIqeOv/r/H3enE4358wcVxi+HtmPSmsk7MiAhScfkUoQFbEUvmzW894F7PftzDD9i8cTga/f3b3/v6d7xnEKM7vAThStizrmLPJYDw02u2/frjnvbkR//O0x/7iIf/2v0efO97vPod73/Lez/aNJRaCV06HF/9WEFj7HHHHvPXT/+jNA4yLK/453f+6CcXnnbXOz/wPvfIndy0ccPv/uaD8sevf+8HX/vOD2JNFVIvOWMY1CHwBALPjAtSJ5DpPOs5jZbFDDi43jqHnAmbTsWy5CWCLiQNcPocuYlAQBKb+Tz2ZrFipcS7W9sePllOrhNw9USMxYGUQNwGmLuT/6Xrb9slPq30cu2FyEveJvzeEMHYUpFEFHr3vwLcUqlUqv8detjDHvanf/qnk9tjSOCkk07asGHDrANf85rXvP3tb5+1l21OfuM3fmPdunV54+bNm2PoYtYhdsaXlT/+4z/+0Y9+lD8yBXLGGWe8/OUvzxsf9ahH/eEf/iG/37p162Me85i861WvelV8fcADHlDW+cUvfvGtb31r/G+kf/zHf7zjHe/4pje9Kfbll3/5l1/4whfmxlx55ZVvfOMb4/vXvva1p5566r/927/FwrGev/mbv8n1eO+NSqVSqVSqW6de+cpXxi8Aj3jEI1aATuIXib/4i78YS+23fv36V7ziFU9+8pNXNgH9/ve///jHP355efne9773VFrizW9+87Oe9SymYFlzc3NPeMITXve6102t+cUvfvFLX/rSXbt2lRtPOeWU+C3lTne6E38855xz4lcaswbF7z9PfOIT88cPf/jDT3nKUy699NKyzAEHHPDP//zPp59++tixX/rSl+JXrx/+8Id5S/xaFbv5wQ9+cCp6cpMOY9b1118fvwR+9KMfjY158IMfHMckfs07+eST73CHO8RBu4D0iU984h3veAd39gUveMHGjRuNSqVSqVQqlUp161f6o2p+Zjx7msQIpcvRR5tJkgmxkYAYnBCzkt6kdDIJSMlRSg6Ixm/5o9FoOFoejoZNGGEUOXDkXsLLhuP1a4rNjwX098pLQtrHnXOuwc9o91L1ekic9OZ9FQPQFcWvYyA0hlgxMCsxZSsQhE1/tS7zf+SAa/nHbJsPnK6wEgQAbWx/+t5StxiDspbLAWvYMr69DYWn7bB6/VNxkz2bKu1RjD2kt+J04lKhDAi1U9neEhdjLefcV3F8rEfQiDJ4Y82KXNA0uXQPICBx7fU7Lrri6h27lnFtQp6GmN+dAAAQAElEQVTCO1/Fczz4/ve604nHLS4t/8O//AcCIs5ZX7mqh+gJUSmUHqveNRhecfV1N+zYhVAYrW53vN1xL/7T/3vq7Y6L7z/z9W895+/feMkllwXOiYNuKR4NNfByidMJ33LD4ejVb37Pez78qTP+7EkP+eV7PftJv//7v/Erf/O6f/3MV74Tz4bmSEGoiljLho0bf+Vep4316p/fcyaxIzgQv/zop1xy6WWhHgEm5UEvksc+8rde8Iynxg+NFYuX2IGaBi0AjEIDDQJvvV51+xOPJ9jKsXlUnnPUYfPj8y5kuxFj8wpF1B/NVyB6gyxMgNZxZ2S+IiFHNksWH8lJWY0s592xgh3KhQbxLwFcDXFjbcTPhFMqMdJChyI/YjvzIE0L+fXQrqHlGslbu1MmfpxKIKpUKpXqZ0ef+tSnYgjkF3/xF//+7/++5CpiIGHDhg2/8iu/svLh11xzzVlnnWVSbp29VAwSbN++fdOmTR1TR/4vJnokd2lpKcYhZh0eW1JVVQm7XH755c973vPimyc96Ul3u9vd4psYNYkRiM9+9rNnn312jGdwsZe//OWx2thZTjD02Mc+9tOkBz3oQSugMyqVSqVSqW4V+slPfvL+979/5TIvfvGLn/tctESN3zpOOeWUk0466aKLLvrGN74Rv5z88R//8QUXXPCKV7xi1rHxW8SjHvWoFb6ivOlNb4pfRfj9He94xyOPPPKLX/zi4uLiG97whvjt6zWvec1Y+b/5m795wQteEN9s2bLlvve977HHHvvNb37zC1/4wve///347SV2Z3e960rU45Of/OTpp58e/1Lc7/fjN5+73vWuscL//u//vv766x/+8IfHvb/6q7+aC8fzPvjBD45fzwy5vsXCcUyuvvrqz33uc/FrUjxqjFq+SYcx67zzzoutis0+8cQT3/a2t8XvseXehYWFOD6nnXba7/3e7z2LFL/lXnjhhR/4wAeMSqVSqVQqlUr1MyBCPOidSyYlGK/11rfuJqmo6bgWoDjvDmXhYZeHXMJmlsIV+SQ4wQzQk/PxvyMGo6VRPTQc+aSgaMCYKsdI+fAxIEMi1mXIHsJYCFui/K7zIP3aBqPDR9ggj+g79EvozfV6C71+37oeJdwRBxTgaG1xbjtepcneMKYNwbvkgwLdkmRbYgpQxZoc8G3Pkc81PjK3Iq3OlEzsmIWJwNrOspe4yRr8U8iDI5D/TU6vk1kTW77nWX4zay02I7Bqq3g6TqsWxs7gwHRPmq1KVpSdPCMrju1L//k9Z7z+X8NogHYm4J13xJ34Zz7h92LBf3zPmddffwO1JK5HHj0/nDid8H33Hx89690f/m9MmoNuKC7evX/1pEedervjLr/muue99l8/edaX3ve6M+54wjGrtUr68IPzLnrY4//ffe758y/9yz++7TFH3Ptup3zqi98E4jrSOmJlFIx57Tve+5LXvSW+edoTfv9ZT3oMYS0yNDt3Le1aXDrxuKN/4S4nxzZceeU1yyOEPWKBBqdTMJRKpgEmefAN0IK9ccvmD/7L35kZqpvmjr90OpqkmBbaaJxpJG2ZrJTxrZcuBYZDTKJbKPkOlwQLieti55EMWUHHlwlkBhGLYhPClyg8k+ywTGFqQiQMT5Vsj9WSinTKEKixnLGMTW+asJbprFKpVKr9XTG28cu//Mu3ve1tr7322n/913+9+93vfp/73Id33e9+97vLXe7y5S9/+XWve93TnvY03viud70r/nV+fn4+hgqOOOKIO93pTjE4MdWZ/I1vfGPTNPHP+kcddZTZR/q3f/s3dnc/44wzPvjBDz7nOc954AMfGD9+5CMfKa1HxnTuuedeccUVMXayefPmvDH+UotdqOv68Y9/PG+JcYg/+7M/e+Yzn/mSl7zkfe9737p167Zt23bJJZfEzj796U/nMlVVPe95z3vsYx/7t3/7t/e4xz1KH3uVSqVSqVS3Il133XVnnnnmi170op07d65Q7MMf/jCjEqeccsqnP/3pQw45hLd/4xvfePjDHx6/J/zDP/zDH/zBH2SLkTH9+Z//+fe///1ZlV9++eV/8id/Et8cfPDBn/vc5+I3k/h+OBzGo15Lil+i/uIv/iKX/9KXvsTESfzC9slPfjK7ibz1rW99whOeEL+3xO68+tWvjltie+JXODNbsdpY26mnnvqIRzyCt+zYseNRj3pU/EvxgQce+JnPfObOd75z7mn8unX99dfHVn3nO9/hjfHPAY973OO2b98e/1777ne/+3d/93d543ve855YyVe/+tVHPvKR//Vf/3XzDGNWbHz8Xnr++efHUY1f1UqnvUnd/va3f//73//Qhz40fqV8/etf/5SnPMWoVCqVSqVSqVS3ciGxwWYlhukT4k2ck5AftP4dHLjlh8u9BARTPh2hKiSwyPHdZJlSwBOWnte3JjRhOBwsLu/CrDoB+El6jHi6ZBgCGXaHKSCHBLJbpgTSE/6F9uQxeLIlcRw1JfOW2KDKWt/rzff6C743R0lzfI6akj8A5d/AI51pWRk0QSlDoikb0Xgzi7jqZFOkiLm1a03wzyp7YXrJNdbZvrFrOnCyhqnboVNGLpm49FQzDiQrH5qdADf/tYW92s2y3cvBB8qWgqGy0xiXtVICtnuQA9PEN4cctPUutz8amjo0tWFDVFqCfu72xx9/5G1CCFf89JqH/ApGquLNi7iJ98YlhxJEFxBcQeIE4Jvn/PinV18Xb78X/dO7f+O+p7367e9dWlyM2+fn+uu68Rvi5rCGkCGRpPn5flzUPv/Vb9zv9/7oCY/6nf/8+OeonegQBbac9bKW4alxVPjqNxBqEI4EW3avu5/6t3/51N+9/Morr77OZNORAA2aejTOVnm61YG4C1sFWj6aJnzlm9/LZ4vFfeXvcVf8W0ndjBx4cjdJMAjZnAQmPRLCEcT0hOYnJEsXC7kDvDCXIFxovbHkX7G4kg30i4HTAqUt0mk6J7nHgPgCsfMKMH8C6beJzCYeImDUhLgTXvEDrAmiUqlUKtV+rnuRDIUr/v3f/31ubu4+97nPZz/72fhr9wEPeMBLX/rS3//933/HO97xC7/wC/e4xz3e9KY3vfGNb1y/fn2MZxxxxBHxqF8mTVb7+c9/Pv4FP77Z3cdtb4pfLrE78XXMmuXwww9/wxvesLi4yF8zdpJOO+20pz/96Xe72904SrF58+Y4Jueccw6TLqwYEHrVq1514oknKnGiUqlUKtWtUa985Stf9rKXXXPNNWspHL8gGfpK8N///d8ZlTCEfbzlLW/51V/91bquX//61//TP/3T5LEf/vCH466tW7ceeuihZZbArNiMwWAQ/yv7Ax/4ABMnUf1+P7bwK1/5ytlnn/2a17zmz//8z/MfLs844wxD32FK4iTq8Y9/fPyS9tWvfvUjH/kIQycbNmxgk7apevOb3/ylL33pgAMO+NCHPpQzy8TvRddff31889GPfjQTJ9zTJz3pSX/7t3/73e9+99JLL2WYODb4e9/7HjeJiRNDf1/4vd/7vdjy2OxYyXnnnRe/L90Mw5j1kpe8JLbqGc94xt/9Xft00A033BDP/ulPf3p5eflBD3rQ0572tKWlpfe///2bNm06/fTT47fc+MUvHvLQhz706KOPNvuZhsNhnA9rKTkajXq9nlGpVCqVSqVS/e+WlVCh4CKOMusQK+JMkQIh/yeGT2bSXeikTZ9jW0kxNuSom4ajjjFYOaxHg9HyqB5SDJidPQQiodijxC2zNUjR3hIjgKIXpmA05FH8dq/ZjeEAGQ4XAJPmeEyrM9ebW/DVPDkmVNSjFL7lgKm00nZP2OaHAGFobLF3zeqQK3tw/P4pWPOOFd1NYNU6OtyJnX3M7BrMSh4n2Z6GKShoC8+ATkS30EW0q3Terh0LKY9iFxHoWKC0Vi67V6Ob0iJac2LjT77dsa9/1h/OPNK5Vz77qWZt+pMXv+4Dn/xcbPoPzr3whz+5CJqGTuEf/PhnQBgi0ZB6MjfXv+jzGLU67j6/MxgM5Z6HwI4gyLXE1Q3gn999pvOV9b24iIItDGMSHwcpSY2sC+hYEtKWUIwdUTLC3mGGGsugCki2GpNGNB7c0LulweD3nvJXBhEWBEfioRvWr/vR5z4Yy9WhRjTOeZcMVzhlD6/LsQD6veDpnJ0w3uHVhtnDYmvD16Vd7ZL7VBC0pB06iz5QYJPBjxXMyrZYCrBTCsgSLvcPDUcDQgGWd60k6cHBKzxTVCqVSnWrVwiBveV/8zd/M76+6EUvin/6f8ADHnDQQQfFP9/HAMCRRx75D//wD+985ztjtOB1r3tdDCHE11NOOWVqipn4x30OikzV+eeffzM/S/qxj31sLLdOVn4ENnYtBmAe85jHZE+XqDgIl1xySQzGxDaXR93mNrdhSCX+cX8/jE+oVCqVSqVaQfGX+xqJE5PQ1bvf/e4lgcr6lV/5lfglYceOHdn/o9RPf/pTdlN74xvf+I//+I8/+tGPJv+r/z3veU98vctd7sIEcFb8ghGPPfvssy+77LIvfvGLnPXv4osv/vjHP24oIWBJnLDil7e4Fx9VDIGB2ln65je/+dSn4p9u3vrWt5Z2dAx83Pe+9z3ttPH0xH/0R380Go0MMRC85d3vfrchB7gnP/nJY4XjFs4KFMtwKkNzEw8j63vf+96LX/ziI4444q//+q/zxvPOO+83fuM3zj333NjTu971rs9//vPjqD70oQ+NdT760Y8+/fTTt27d+oQnPOG5z33ul770palf6s4888wPfOADX/nKV7Zv3377298+9u4Rj3jE2972ts985jMnn3zys5/97LJwnFevfe1rv/zlL3/7298+5JBD4pfPZz3rWZs2beIBj6MRazBr0Ec/+tF/+Zd/iU296KKLDjzwwNvd7nbxy/OjHvWoySv7uc99Ln6Djdf0xz/+cZwVd77znR/84Ac//elPj5emLPaqV70qluEGf/3rX3/Zy14WX+PVvMMd7vD//t//+63f+i1DEyyOcByHOFx3utOd7nGPezzzmc/MTJJKpVKpVCqV6lYhCikmXoSf0SfiRCAJgAxKtKYmlHaHI4mui5sU1abkCfQRQ4Rk/FE3zageDkej+IMYihSWx9fTqThwaaZ9k5/CE1gJSefjwYDZs6cUARiR4ew5sXuV9/3e3ELVmze2lwdJgqrUUsmVY1sHDYql5tHKNU/rTnfTChFUO/HmVqWuI0h364qHmBLjWP2gadYmeZ9d67FTP87YAq2/SSrTQidh5ol+5oLlKWtUV2sZw6KO2dvlsCuuvv7fP/FFsssIRCbg8N/v7qceedjBl1159We/ena25SCKwhnnTjr+mLvd8cRrbtj2iS99oyDT7PmXXkG2RY6pO2bt0AUk/id08JT5RurPFys0I4g/uEJ6IkO8sBrs6OS8tRW+et/hIVpoAwDKO0EsT/ht21tagcvVkC1ArO0eLCiGFAwhjkmDxlV4Dea4KgAAEABJREFUJWy2Iamb2uFW5E5CupmCZDojyxME7NJ6lcAXHpQ0s/kXQdu8xILkW1RWQ+HuICGE7HwFUgPvdK71voISzKNDUncsOZpQojWX+BQaA5OAv1XvZpVKpVLduhT/bn7llVf+/M///GQqnLgx/u0+/hH/G9/4Rvyr9+tf//rb3va28c/Wb3/722NEJAYATjnllLFDzjjjDH5Sdqp27tz5ta99zdxcin/0jwGbsdw6a9R11133yEc+coUCMbARQxFGpVKpVCrVrUfPf/7zS8Y0RuKXl5enltyxY8e2bdsMfR2aWuDggw+OZW644Yax7fG/ph/zmMdce+21j33sY3/3d383xvInj/3hD3949dVXxzcPfehDJ/dmWPYjH/kIQyef//znDf0l4YlPfOJk+V8hmdU0Go1ikwaDwe///u8zasy69NJLL7roovjmSU960uRRxx57bOkdkhtzr3vda+vWrWOFTzrppEMPPfSqq66KLWfo5CYdxqx4rti7V77ylZmTiG2I3wDj17mnPOUpr3vd6+KWWNWpp556+eWXm2LY73rXu8bXb33rW4961KPGzv5Xf/VXL33pS/OW+G35c6QQwrve9a773//+JXQSL+hDHvKQCy+8kD/G88Yt73nPe/7zP/8zFjbE7qwKndR1/ZznPCeOdv4TX6znK6R//dd//djHPua95+2xDfEr9wtf+MIm/XE/lvwsKZ4uflEvcxXFNn/oQx96wAMeEL/Gx0sfz8Lb4wyMl/Id73jHz/3czz3wgQ+84oorePunSV/4whfiGVfOUqRSqVQqlUql2t+UonrWYwTVedcSJ9MKUz6ZzJ8k4mQsjF7GIznqiLkk6nowHIzqUfxpmmBtipl2j+0+Wg9lIL9Tt5TmOlZOphOmRrSn+WdzmNTRKV0//i17ru99xakjoCROOq2Brs1J/tmn6iZjKQPQ+znBABPkyNRCK2Ifq0aYxymTYvrC1PFJCY+MWdlMZY3K7U8nq2aAJXxrhZ8B7qS8f5Ilxd6QAHbFj7gwnHvBpc99zTtDPQz1gF5HRx1+yO/++v3izj/561d88atnG16TvHfoOIJQyIfe9PK48TVv+883//sHCGVwzIXEAsZVzlXEjTgAT8uRJ5yFoRMAJDmCzU9yIIYSXM4b5n3iThzBFPE9+4Zg+TkyIN2xa9dEJ8ZWCnkrxlGGwT9nrcsHtCnMykMhIR7cNEE8HBMwxvm0XVKRtel+LOUiszZgKRv7DQSdOOFb2pEnVsQwqoLwhyAo1FDcF1J+KNcOT/FLgVsMocVV4ktIGdpMumVsQlu4Cy7tCWweZVOzwBaci0qlUql+phT/ys+BhPg36LFd8T8e4p+h3/SmNw2HwxhveNWrXsXPgMa/zv/FX/zFy172sqc//elve9vbjjzyyHzImWeeGf+u3e/3H/SgB40BGfHP3PEv4OWWN7zhDV/96ldjeOOXfumXzE2jGPAwE7l1WBdffHF+z7GQ7du35405MVAMXdz3vvcdOzZGNT7xiU8YlUqlUqlUtzYdSMof7ey/DsU/NMRIf3zzi7/4i5N7Y4yfCYMyGQ3rFa94RYzZH3/88a997WtnVf6Vr3yF30yt/KSTTorB/sXFxUsvvZS3fPGLX4yvhx12WPzeFf/OcN55533jG9+IDTjxxBPvcpe73O52tzNr0Mtf/vLvf//7CwsLJUuRKzeJC/npT38aK//ud797+OGHn3LKKXe/+93LUbrggguuuuqqWS039EXxYx/7WG75TTqMWWefffbc3NzDH/7wvCV+WY2V3//+92fnFUPf7h71qEfF773xr80PfOADeeOpp55qCDoZq/DZz352/K4b39zznvd84hOfeMQRR8RR+o//+I9/+qd/OuCAA8YKX3nllbF3N954Y/wO/IxnPCN+dbzssss+85nPvPvd787ph9aiZz3rWa985Svjm/vc5z7xm/k97nGPWM+rX/3q/yadccYZ2cflec973kte8pL4Jnbk8Y9/fBzzn/zkJ2eddVY8/Nvf/vZDH/rQc845Z/369WXl3/nOd2L3jzrqqKc97Wlx2sRiL3rRiwaDwZOf/OSqquJ/EcRuxuGKfYndjF/RP//5z//93//9X/3VXxmVSqVSqVQq1a1E+OA58MPtnqO1HHOM/wXhcu6dFJ6np9Tl4f5cQ3rwvEya0O4EdkCwZjSsB8Pl+DNqQlQMKjqbAvWSXAEkK09ba9zYTLY5nYFPB2sgGtZUghsi6SGsq3r9/tyC7/XAusCP2ZOjyZhniaQZEqOHcdzE7gu0YGoVZdIJWJk7sWMH2psiW/1KKgGZ8a2zSq9aLO+EiZJ5K0xU0akNAKZtX2VwOvY1yXIBUhIVWzidrFCjk6wr+yd5kts7GyMByN1Os3wy+9PskbSrFLGd3S1swZ4i8acyNljXvPTPnzzX773/E5/tEid9shtx97jbnX7+lNvfuH3nO973IQg1MRlsa+LFksQTg0I2JwHxCMB/EMdoMINOE8s3hWcJXV40Q2E4r0fcSRVPyU4nVNLRT1g/vxCPuPaGbZ1eUU0dl9HsJmJsj7aP0gMfcoC1k0Af2C5Kkg1PsGceWZL/n73zALSkqPJ+ner7JjHkMCRFBVxAVExgWtMKmNeEuouC2VVXWdOKCV3TuqwKKsZPXde05jWLIiq6JkRFlIwgShoY8qT37u06X51Qofve9+YNTAA8f8c7fftWV1dXVddc7vn1/wya3Oa41jb0DEo5IaYFQ6uCPG296ywrasVCS3O6VbKJS6FTCtylCCJmzov6A7q3P3a2hSRB1BsidnfQf3+crrhVB+UL1fZv2lXMZDKZTBtN8dfkFStWPPCBD4y/btf7xaU8/n4dfz2PP0YfeeSRkir+hz/8YfxN/wlPeMKf//zn//mf/4k/rMdAwqJFi+JHa9eulR/K4+/gq1at6kEnMcKx33771XvEHD7GM3r7N6AkKFLHlkRt2z7pSU/q7fwaS7bjz/oxhBM3li1b9qY3valX8oYbbjDoxGQymUym27ZizP6II46Y7dN/+Zd/kd9kDj300Hr/aaed9vrXv75pmk9/+tNzZCeJoX3ZGP+WItpuu+1Wr14tbihR55xzTny94x3veM011zz+8Y//yU9+Uhc+/PDDjz322Pidys2u888/XxIgvvzlL++lkpHK448Ku++++0tf+tIe5HHggQeecMIJ97nPfebZctl/1VVXyQ/NG7UbRVdfffWll15617veNRuBxO+xn/rUp+LGG9/4xjorzQJ+QunBD35w9sBbs2aNo8zOC+sKL7/88ve85z1x44lPfGL8uitHxRbGzjnooIOynUnWO97xjuuuuy5WcvLJJ+dkSc95znPil8lXvepVbn66+OKLxZEldvj3vvc9adLd7373Rz3qUfvvv/9ZZ5314Q9/WKCTSy65JH6BjxtPfvKTY/PkZ64999wztjCWj5MhVnXMMcfI1/Ks+IU/tueUU06R/nz0ox8dO+ElL3nJKn5e66tf/Wo2v4k7DzjggDPPPPPXv/61M5lMJpPJZDLdeuTFtQRTgomCfYiUI2kkiUR59Fw/y6xJ+QrNBSVGGOLf9Dh8GwO50zPTTJy09Ax7YlmchIlri4QuFZBe8zlDOses1ibYhwywbuxY2eov3aZiRJwsWjSYmkI34KfvPbo6hY70ioRYXbJ6qcK3DHbcZOIEc5Nx9qC/m4cmmEVAft3U6Ml8KZNJe3COo3BdO2etYm7WZL0GDzmoz8NeoJPxU8LY+XFdLj0dM4lNoA5nMrnTsFu8sz3PXptr6tU4jtIsKKlpJCMMcR5NvCPxkAff56EH3XPlqtVveBel/mXiZOAHU36wANjq42XPekp8/diXvrFmzVrNg9MMmvhpLENOJ4SM+Ea8SWBqyi/bYVt2NyFbJjofb0+lfDC3223X6ZkZB00zNcVtGJC7iW+WX3UtQRNsdhIEoAtu0UKKil15zXXOlcxhj/q7B991nz2fdOjD4psrrrraleWUXnddtmN8vXz5ipqyKagL1rlo9CisXHxQTFYYOsFmkI6mVDmyeMnRQZ1OZLGifkZe9+Ph9Fk+rfAdXi1sQnAJKNGV28siApoTR2YpymTOnEhpquYWktU+jW7gdoXqpMKSCBUDbJ7iFHTx0hWIaopiMplMptuIRqNRDF3EH7V7P4jHIMezn/3s+K/H/e53v1e/+tW1l8mXv/zlX/ziF5/73OdikODss88+/fTT3/nOd8aoQPxo0aJFO+6444Me9KBHPvKRX/rSl9yGVvxBX35/j+eNr7ENP/zhDx0HBmY75Kijjjr11FPjL/jxQnIcwvE/b7XD+Z/+9Kfp6eltt912p512kj1bbbWVM5lMJpPJZBrTmjVrXvrSl3760592nAcnfmXKH61cufIf/uEfhsNhDPnH7x5zVJJzEc6GbsSvJZdcckmGTiT7TPwCc//73//cc8/dcsst999///iFLX4pmpmZ+cxnPhO/FJ1xxhmz1Rb1b//2b2vXrt1ll12OPvro3kdS+XbbbfeP//iPX/va16ampvbdd9+lS5f+4Q9/uOGGG+JXqXgtP/rRj8Sabj4td/wlM1Y7bgqStUG6URQvPL7WELMYyey55549qFrwmjqlkRAkPQD6P/7jP2JfLViw4PjjjxfiRBS/6H7yk5+UhEdZ8Yvohz/84bjxrGc9KxMnole+8pUnnnjiySef7OahN7/5zfHrqOOvuDUEEwc9fut+/vOfH0903nnn3fnOd44lY+8NBoP3vve9nQernHva054WJ8M3v/nN+NHb3/72Hkxz3HHH1QRPNvM7+OCD63RLsc54IWeeeebvfvc7ZzKZTCaTyWS69Sg7lzA1wuFA9BocTA4GDaj9CXCKA84MAvWj7h4gZ4egEKeEQqnCMAztaDQMoV07s3bUtnEDNI9DDkoi8xnF7yTvrkL4+TF7p4/qhzpS33FeyfsSDlJDJ9glLUAf709JcwIldfBT5HGypBksdDBw2HCmlIYitUidVRMnuQNyX8pfbsyyZTb1gqc4RkH0LWX6V+nmVTtMqr9XZiOqM4hzlVl3Y+ZGTG4ua7IuZKJbm5owZPMFVGcIDqoPJh0/EXrCdZ1zU2fimd+kEnxJ7l+n095tGE3sEYYVPHhmIZxbsmThW176rLh9xnkXLl26xYoVjfgT+cECgU4e83f3e+A977py9ZqPf+EbbGfSxE+bqYUwWNAMpqAZiDeJWKfEenbbZccfvP/1c7TqZ1/62MT9Bx3+8uUrrvMCpnnF9JZuQUlnV1x7gzadteXSLV72rH+I6+BXv3/KH//0F4Fd+HNag3bfmaCTy66QH3SSV4ik76kMT6DQc5Cht0ShqDNKzs6T3Uf6dBC/ldlKfUpNyWtWcvDJEzvu94n+yGNEtjFliWIDk5C8TxJn0+ZlN58aXD2FBDTJmYKoJSnRDiS4BJiI7B/l1n23mkwmk+nWoPibcvwx/eKLL95tt91WrFjx/WoPA/QAABAASURBVO9//3vf+16MLjgOJMQfynuJaZYvX3766afH36/veMc7Nk3ztre9LYYEvv3tbx955JG3u93tYoGXvexl497pP/jBD77whS+Mn/3CCy+Mr5/4xCckCU5PT3nKUx72sIfVe7L3u+gPLDen9tprr8MOOyz+dv/Vr361tjaJ/+kVf5GX7T/96U9PfepTHf/g/q//+q/1xTp+TvfYY4/tVRujO85kMplMJtNfn+I3pRe96EV//OMf4/Y97nGPT3/60/V/qr/kJS+54IIL7nvf+77hDW+Yux75uuUSojGubCMnb4UL+elPfxpfX/va177+9a9fvJgcXqenp1/wghf893//92WXXRY3ZqN+47edz3/+84693JYuXdr7VCq/+uqrv/a1rz32sY/9wAc+kIHj97///UcddVTbtkccccTvfve7Lbfccp4trxs/rg3VjSJJj3iHO9wh75GviHe5y13qYjfeeOOJJ57outCJECH7779/XfKkk05y7AUi329rHXjggVNTU8PhMO+JX1DlSl/4whe6MT3gAQ+YJ3Tys5/9zLEFYPya3fsodr6Y04hNoPjcPOYxj9lll13G67nXve4Vv1qPRqPYvTVME8elh+BIbS6lVaolbMpFF110c57pNJlMJpPJZDJtYgGnPxCTE4pQOoVHoENySFoKiv0haE4E7zTtTrJHgTptA8cHQ4yuxl9Ep2fWzIyG8T8QKCQPqI/Ld6UHhPqb5DqNMWYN1kM3AY/r+KhgdQL1EUDKPyFuL/GX78HUwkXNYDHAAOJ+utCGE1S4isPJ1adYLwEyPp163DBm1ivplYK0f/xacFLJCQdM0iw4gNoKuE2jdfhnzPfgdXmczHNP2YZ5ndTN3QCyeNAMO2rGM5j94E3V4xtTm9wnx+m94BvxO9l2221+cvrZj3nAve5/j/1/+ZWP//as8774nR98/eSfXnfjGvD+drvtfOzLnxuPed1xH732uht9Q8YkzdRCP7WQuBMiTjhNDygpFq9mZjg6/fyLXSbaEu8WF4C777Nn3Dr9rPMoMVgGO5xyIHGJc+ToFGgxVXYv7L4TPXCj0EnSF77x3ZN+/Iu1M8PVq9fysuLSGkVH3W6XZVddc11cL0sCsbQIF1Ol0hll/Vm4YOrY175U/zucV+YFUzr94rVQNqC0MLlySjktNZnec6tDcCUXDmjmGydLj/qaKGmS1tQuzFKvtFKN5vJx+RqIy0oOVwhYqBWBiZLHE1MlCIlu5KO0yo4vlslkMpluE4phhl/96ldve9vbfvvb39ZfMOI/u59j5T2rVq2KP17H/fEHa3ENWbZs2b//+7/vuOOO+Rd5eQS2pyuvvPK0006brQF/Yo3vf8hDHtLb8/GPfzyeK268973vjcGAV77ylfKAZvwp//jjj3ezKAZgvvvd737wgx889NBDx6MsUe973/tacoN0X/nKV+5///v3LuH666+fSMyYTCaTyWT6q1L8FvTyl7/861//etyOX4Re/OIXv+Md7xDyQxS/NX3iE5+IXzY+/elP9/wnxpXj/WJuMS4BQXbYYQd5mwGO5z3vefFrWy62cOHCeNJzzz33F7/4xZe//OVLL710t912G6/tne9852g02nXXXY888sjxT3Pl+++//5e+9KXa2yNe5iWXXBKv9KKLLorXfvjhh8+z5XXja23YbhTtvffeLtHMddt6LfzMZz6zevXqvfbaK1MdsaknnHDCHnvs8ZSnPCUXi9+Hxf5kzz33HD9X7Jx9991XvFXyFcnGne50p/HyBxxwgJuH8knvete7jn8aRzmnH4pfxaXk3e9+94lV3ete95KNOCtq6CR+Xe/9Vp5d03vplupWOZPJZDKZTCbTrUcpFqlARXquXj+SDyQ0m2OsXiAGRJ9iolKmpa+CoZUQYWjj/4ajEUEn09PDdkS8ChXz/IUR8zP4Y0JxT5id2eBsEa6dD3CxTpuLHDblrA0wNVi0YOGiBQsWORhQDJniwp7Rk3ShtK3+AKU9vZDuvAns2QrO9/ibLfn2jikK7DauNhdrMulY1GwhxQcHqwIwd236EVROJQwq1NBJ3+nkNsKabDaBOG9IchbyXlq+4rqj3/WJY47/xKEPuMdTH/Gg+959v3vsd+e3/Mvzf3za7778/Z8+77BHLV2y+Lv/d+oXv0lPh4jNCWXVmZLcOg3jE8k9hEfwyquuffIrjsV21A7XxtfQjuJqFheyqcb/6ZQvxxKPPvLFRITEg6Uq9kqhP82At5WVkOV0lx3JwXXFddfXjEfbhquvvZ5T3vi0rvIHDnbYYdv9977Tb848N5VNfykWM3FKKto2NRgc+YRHTeg0TNgKIR1Q+R2N5VDjJDfsUpVKoGBuySlF0+xI4jQQX5/uqapWl5pR2lDuP2JOEl6S+p7biFDfnUwmYm4yjps2OfvlwWQymW4DOuecc973vvf96le/Ckx8brXVVg996EMPPvjg+Lv2Mcccc/nll2f79Kz4z0qMRsRQQd5z0EEHrfNEsc76+dH43ydHH330tttuu+OOO8YASfyV/3//93/vfe97v+AFL6iPGn92c6eddtp5553jxhZbbOE4WiNlcvBjorbccssnPelJH/3oR0888cQnP/nJvU9/+9vfnnLKKdtvv/3VV18dAx7/+q//+p73vOc+97lPLhB/hX/3u9/dO2rlypXPfOYznclkMplMpr8Cxf+O/s///M83vOENYnX2gAc84IQTTujBBJdccsk//dM/xY34RWIirNDTsmXLZOP666/P2f1qxW8mjvO5yNtdd911xYoVcaN2Zct68YtfHL9TxY2zzjprHDq58sorP/7xj8eNI488ss42mBUrl42jjjqqJk5y5e94xzuk8l7L3SRJy+MXy15VG6MbRfI9swZB9t133/gav+OtXr16yRKywr3gggte85rXxO+Quf3x69xhhx124403fuxjH8vuLI7T5axZsyZu1Pkla935zneuzyWwS/w6OhFujoXdPBQvXBCZu93tbnOX/Mtf/iIlx11Yeme84oor6v0Tp5lonnCPyWQymUwmk+kWLpDga/IqgRyMF/akeuQe0lPw/AR8EIIkhW0pAOhjnND7UTuaJneTtYHUSkod/mpfOBJID8uPqTAQ63UR6yyBufIqBEyXiJwtCKChMPTUYGqxbxbGKK6jHEPAXE1DrxVpk9qvVWRsZeNDGxtAnfwYt9CoLc7+FieXQTd/EgUm7u6lNcJZD+/sxUltSCeY538vBWeapxIgkvLsuHjXTg9n/vd7//elb528287bH/aohz71kX/30IPuEf84nt/v+NAnsR3xDT6gFC1+wH8YrPMVySGGGgWPgOqMfToDigUUFGylrG0CsOEeO9PzNFdfe12qnj/kkzJt4hcsXDAahYsvv+qM8y4atuGpjz14MGi+9J0fSMkbV67+06VX3LBqjSyzrnhQ5bPQayz27Ncd6zBgaBP3BLpYC96h3ifega+uwk3gQzIxg6VP+G9xglH/q+qTsbuCuSAo6W/UzqTCXXJGKv2rpAxKFErFnWRPFRjzUJmlASaTyWS6tWnbbbc97bTT4g/xD3nIQw4++OCDDjoo/+L8jW98I/4QXzuHO/6XZcstt5wYq5hb27Py2+OPP/6aa6459thjxQF+v/32iz/Tf+QjH3na054Www9uI+jAAw/86Ec/+utf/7oHnYxGo+OOOy4GWg455JBPfOITj3vc484555yXvexl73//+/PDozFeUru1i7KxvMlkMplMptu2VqxYcfjhh3/ve9+L23vssce73vWuOmFf1u9//3uBMF7Jqj+68cYbHSdP2W47ejzmsMMO+/CHPywcreN0fmLUUSv+oHvddfSDRgYFbn/7259xxhkLFy6caKeRSYX4TSZ+qet9+t73vnfNmvj7Bjz72c92k5SNLmpjjKzdd989fmm89tprY+Xxbd3yibUJdNJDHDZSN8pHW2+9dbyECy64IHaasMhHHHHEm9/85tjm+O3u5S9/+XnnnXfCCSc88YlPvPjii3/4wx++5S1vadv285//fLyi+Gmsqj6RGOC52amaSy+9dLz86tWr4xfLcXqjV3g2xWNlY26Wevy84xI4yY1RKbeK381NJpPJZDKZTDdHILkXJOYYOqFI0KQ6Jc4KKc5KNg/ocvRVUuugx1jBKIxmhtMz09MjzqeD6ZgUXpw7UHgTwojr9ZW1fMPlTBIUimXgpBk0C6BZ6P2Uw0Hbet9QhBrFVQUExekFbXvflr27VakmTja3x8ncbiVVCpsuJQP9AnPXMz5R5kO3zEc1KVWSINX/mRc6pWE9Z3nPfGW2Ipv2v91K2qdNzC4lyxNeV7wajYRw2eVXH/eRz/3g/371yXces8O2W0sLv/Oxd3/yf7/9vk984ZrrVyWvmY6bhhTr3gycIgcbT/Y1LUEivkJGOCOPnDSuG+p0Qhl/KDsMJqQtVni3ve8wHLUX/vlS8FBjHvG////+EQ970eFP+OiXvv2lb//w7e//JIYwNWie/veHrl6z9kvfPnmfve+4+667/O93Tv7fE39IBi3NQBEZGF9iIJ7iuz/+JUEnhPeNHMGAztWWJrGR2k4vreMVGdOSn0cx/RWSmQm4nFaHORKExNwkKMvXPZmwkIz3CTICdVYwAg+dkj1qr4QT6BdFFIVJYcqvmt8YSjn7tcJkMplu9Vq2bNnHP/7xO9/5zqtZ09PT9Q/l8rDmUUcdtXLlyne/+93x1/ze4eeff378Z2WvvfZy66NTTz3105/+9GMf+9gDDjhAoJOoZz7zmSeeeOKb3vSmz33uczWesqF017veddGiRb/5zW/qnfHfu7e+9a1nnXXW29/+dnlENf73x9ve9ranPe1p8ao/9KEPxfiK4x/0xxETCXuYTCaTyWS6bSuE8JSnPOWHP/xh3H7+85//zne+c8stt5z7kJxcpqfRaCQfrVq1Kr7eMWV4+eUvfzmenTB+P5H/bL/f/e4ne/bYYw9pT0s/mvZ/oMigcHZGqT/6wAc+EDce9KAHzfa1TSp3bEc3sYDUL5XHL5BLliyJXx1jy8dLxuYJm5Jb7jZmN2a96EUvOpoVv8LFt9ttt90Xv/jFf/iHfziZtXjx4qc//eknnHDCSSedFJt9zDHHOPZi+X//7/8997nP7Z1i9913j98b165de+aZZ05sg1xglvRq7Lr43VgcVuYoPJviECxcuDB+G//LX/7iJl212Mzc4Q53uN3tbiclL7744olV5f0T+SSTyWQymUwm021Y/Bi9k0QhagGQjE88QMqtoLskaOi5LD0BzyQGPU9PPifxi/1oSMTJzGg0bMndhOKXFL/t0RmeczVQ8HBuUAPTH1cFJr1G8JE31hF1hDoZQ1Wpz3VS/HgwaJoF8TXGkR0ucH7AfgQEo+i1khrXjc7SRzgR17g1RUJBbWo2ADYwJ7mC1escBdIbXDf/ARuGNZnPiWY9HKoIO4bE98Pk9Dr54DnaPbvmM0QpsV8LAAAQAElEQVSb6YmBDTiH1q2M9oASDESC+AZ9s90OWx51xBOOfPyh8f3pZ5331vd+9BlPetTjHv7g5z/t8Uc+8dGf+tp3P/DZr19zw5rQNsnECek+J9Mm7E1QuiL5AYWNTHwFndASSQzHwAsOwjCH08w6pYXbbbvlzttv83+/PXPVqjVxx4Kpqbhzmy2XvuiIpzz/aX+/y47br16zth3JjIH43+r/9R+vvtPtdv3EV741PT3ziXces8euO//nxz57/Ef/R51UkhNV3ROQ5cmLiRMINYxkBDUQUTIEhJXhY7LNCEo7lTcMBELJIR23KyyYIRbyCUGTHGFtToKpfLovcNIEF2IFIUEk5ZLSrQSYHYTAZXOt3tQuBUwmk8l0q9dd7nKX+PrhD3/4C1/4QvyZfjz7zB/+8Ifrr78+P3yZFffE3/EXLFjws5/9zM1bsao3vvGN8Sf+o446qt4f63nNa17zwhe+MH76vve9b4MT2VNTUzvssMOll14aQyZT/MXAsW37N7/5zf333/+QQw6R+ERULPb617/+la985W9+85u/+7u/i3suuuiihz3sYc5kMplMJtNfn975zncKKnH88cf3vr30dP/7338ihBH18pe//Kc//ekBBxwgzhzC1973vvfdfffdL7nkku9+97uveMUreof8z//8j+OfiR/zmMfIHsmZEr/JnHXWWdmPLev3v/+9bNQJDUWxVUJpPOtZz3KzKCdk+d3vfveQhzyk9+mf/vSnlStX5soHg8HjH//4z372s/GiVq1aJUkPs37wgx9ceeWVceNxj3tc3rnxurH+9BOf+MRHPvKR+AX1wQ9+cNwTv8idf/75p556aggh7pEEOo9+9KOvuuqq2Mgdd9zxnve850QDv/hF9E53ulPs54nQyfLly3tATEZ5Yvlx6OTss89281Ac6z333DOedOJX609/+tMyfOeee24cLCl5yimnTKzq61//enyNP3ZlsMlkMplMJpPJ9FcikGwIDGJ4Sf7gIKeNccUNADT4iUSpaPAS9OF+dGE0aoftzMxoZjiK0dRRoOgn1o/SS5iSj5vYEJx9oyokodJUZb4IN+nK8slKPDznxSFopgnBDZr4vwWDqUV+MEVkCVJAma9VfAGQrxjqJ/KrX6G7nXSrjYFuWNMKzqMEE/fPcdA89rhusHljsSYw+0ezVJidTuSG0P2zQCcwsQq3rjPBzS2x4TRxumxU9KRULmREYGaN7TKWLF5077vs95RDH/Dwgw4YNE384P2f/vLb3/OR+DvIj3/+q/fsc+fXvvQ5D3/Agc897DHP+PtDP/vtH37g89+++tobaUnwjY83fEp2w+idl/w0nlJqJTIuNFONXu/CBQuoCfEngakpaBbEJSMTJ+R0gkC4B2W6wfve7W9i+e//4rdy5Muf/bT4esTjHxlfz73oL+/57y9++cQfrVk7Exux9dZLP/RvL3vQve/+27POf8t7P9627VNf+obPHv9v//rcw/ff+04vfuO7hm1a8nRZdmltVuJEk+/Etsb1DFu9/Xgmxj3sbyL3S9jrdpQMmIJ2KWOYRybraAnn5T0TJ8zkOKmKXnzAtoOJEBoCIZMl6NK/BXwo7/TlpkjjKCgK59vBzk61TwHHCFD+V6ea1J3EYFrAu40y3Uwmk8l0m9Xq1auPPvro+EP/a1/72nHn8Pvc5z6PetSjvv3tbx977LGvetWrxh/hvTk655xzLrvssmXLlmXi5JOf/GT8+T6GH17/+tf3CsdYS2znE5/4xNhUx44vMSzUKxO/6sz2Q7/JZDKZTKbbjL74xS/G16c+9alzoxKOM7wceOCBEz8S77StttqqLhC/6vzjP/5j/Npz0kknffWrX3384x+fP7rxxhs/85nPOAZTcpKaZz7zmW9+85uvvvrq+PrlL3+5rj/+x/9xxx0XN/bcc8999tmnd/bvf//7svGIRzzCzaK73e1uBx98cGzJO9/5zuc973lLliypP333u9/tGOE95JBDZM/Tn/70z372s9dee+3rXve6448/vi4sREj8inXooYfmnRuvG7Ni80444YSHP/zhsW2f+tSnBJ2JtY0nG4pti985HfuvxC+E9773vceTCj34wQ8+66yzzj777NgnvRpi//cKH3TQQWI98v73v/8JT3hCDbJccMEFsaPc/BRbHr8kn3HGGT/5yU/+9m//Nu+P7fz3f/93x84lggfF2RKb99Of/vTUU0/t9Ub8xvuNb3wjbjz3uc9dvHixM5lMJpPJZDL9NUk4EhDbksrURD/kV3ZASY/Wc06a+L82xjc55hcwhjGHa4fTw3ambQP9j2Kd5TH1pDrRgiS16LVlPTwgKipm1iJVVYwFQJNqZ4cWSqMBzdTCwYIlg6mF7H4QA8cDlxJ31AmFxHBAquWoLv0KLbYv827PLUsTIYGbRg708pNMElavcxRY96fQLbnHbjvsvsu2uy3bdpedtlmyaMFlV1572ZXXX7782gsuXj49PVTDhQn1zNUSnP3sE8vqLKftUPoBYJAOzmF57O5ZH0FYx+f00rhNqw0LK81HCxY0h9zvgK23WLTVksW77bjt3ffeY6/ddxYnkuGo/fx3fvj+T37p/AsuYqSE7uSz/njxM/7lTfe+x/6veeER97/H/s96/CGHP/ph/3PiKR/4/LdXXHNj4LUNWzj2ZU9/woPvvc6zX3DKV+f49Fv/d9qL3/IB4Pw7j30Q1fbDX54umXEuWb5iOBp960c//68vfeuXvz6DMBc/2HKrpS/4xyc8/7BHL12y+IzzLnzqS18XI2Hxoz9fcvmjn/OKj/3H6x/14Pt98l3HPOvod0zP8LPdY0wV5z/zyciESJlkcyIrc7v10iV32H2XuDwDhofe54B97kg5ki/+yyVCysQ/A/rTTPmB1EWLO1RECEo9tG+U0tqwqwpiIj+SYUrBnkpCncAfCZuY8BRd96F7DKZ/cOhKUOii+l+PmlBxTjMs3ZqWW5PJZDLdArRixYoYZjj33HPvf//7x5/jJ5Z5+ctfHn9Aj2GJ6667Lv6gnwGRrLZtxXOFWE9+rd+OK54x/vK+Zs2aK664wvEP9LI//mMnDxC/6U1vmugzXzu+7Lzzzu94xzt6BW644QazPzGZTCaT6batlStXnn766XHjb/7mb3qcR61tttlG3NHWV8997nM/+MEP3njjjS9+8Yt32GGHBzzgAfG/xZcvX/73f//3kiHlLW95Sy681VZbve51r4tflr7yla/88z//87ve9a6FCxfG/fF7TqznjDPOiNvHHXdcnSpRJNDJvvvuu2zZsjka8+///u+x5CWXXPKoRz3qM5/5zG677Sb73/3ud0t2npe85CXZEOXggw++y13ucuaZZ77vfe+7173uddhhh0k+mpe97GXSUa961atyAp2N3Y1Z8fD3vOc9//Iv/xK/pD3vec879thjx7NDZn37298++uijf//738dvfcLE1IpfRD/3uc9de+21hx9+eOyWu93tbnHn9PT0f/3Xf0lv1Lr97W8fr/etb33rj370I9kQaudPf/pT7JnxLI1R//RP//Sxj30sbpx88skPetCDZGds+QknnBC/u8ajvvvd74qfTfz2e8wxx5x33nmOJ4yUjC3/6Ec/euWVV8Yvt9/61rfucY97yP6rr776kEMOib9uLViwIJZxJpPJZDKZTKa/MklahUagCX50niKxvOFT+hjFLjhEK1sEXgRgJ4DRqG2JOBnOzIyG/Dw8CW+qKXXPJGNSOFvwjtDb1YMLAGp+gC+K0lCkVED8gP/UggVTC5c0U4sICKBkGw1UoEmnKvZXEOsT5k78pCbd+tSxD7gZ5EB2wnGz2JzIGdx6qA+L1JUOmuYh99vnsEfe58532HniwStXrf36D37zte/9+qqrb5ilTjf7/vl6qNRNQuw2kvGlOYSTKry1ah7Y0c2V1D8zPTzkoLseeuBd8/6Vq9f+8oyz/+/Xf/j6yf+3fPlVGFrGTQbiPiIT8/Sz/vjUl7zxAQfe/TXPP/zu++x55GP/7ie//v33f3Y6mZMMBrH8cDhaM53SBvdJpU4r+HXyeE3PTGM7dHHcPWyzdIu/LF9x4Z8uYVOP5j8/+rljP/LZq6++Nl6Fp99fYOGihT/81Ht33Wn76Znhh77w9eM++tmVK1eDb2TtvXHV9DNe8ZZPv/uYv73X3T705lc86+j/YNJN+xgz4waaOsczNZL7SaATgHb77bb55vveWjfyx6f+5g9nntfwmYg4QZjiDc4PBI2gHrLeaZobFEcZoe14UxZRFE5RPa8Ei1JuEfWGBQJVQJ1LoOZOigFVKIttAUrGgMTUInJvyf8a3RR4y2QymUx/rfrjH/941FFHXXHFFfe9733/8z//c7ZvqzHY8P73v/85z3nOSSeddP3117/zne/sPWgbYzD122NYc5w3xld++tOfLl68OAY5Hve4xz3pSU+S/bEBj3nMY+K/qA9/+MOdyWQymUwm0yT94he/ELx13Nyi1t3vfneBKtZXe++999e//vVHPvKRl1122d/+7d/uvvvu22677R/+8Af59eElL3lJj3B90Yte9K1vfevkk0+O35f++7//+653pR9nfve7361evTpuvOAFL3jsYx/bO8WNN94o2Wrud7/7zd2Ye93rXq997Wvf/va3n3LKKXe84x332WefHXfc8YwzzlixYkX89MADD3zjG9+YCw8Gg+9973uxzRdeeOERRxzx4he/eL/99oudMD09LYVjVbnwxu7GWi996Ut33nnn2FEf+chHvvnNb8avf/smbbXVVmefffaZZ54Ze/hnP/tZ7Jb4FfGVr3xlTfZk7bDDDscff/yzn/3sq666KjZsjz322GuvvX7+85/Hrt51112XLl0qFEhWvN44lLG7jjvuuA984AOxt+OYSpmHPOQhP/rRj3r1Z5C6/jUvtufjH//4YYcdtnz58gMOOCBOj3je2ODLL788fnrIIYe8+tWvlpJbbrnlCSec8IxnPCN+FHt7//33v8td7nLBBRf89re/nZmZWbBgwQc/+ME4nZzJZDKZTCaT6a9MXlw7JJcBpKwNThPjQMnjUELtMdwYMIxwxKYmmlWHU+oQcaL5E/hra5dpmF+D1u2Kkb8S95N7VNIALZZPkzUAu5hAjK82g2ZqMcS4K0oAlyKxFNJ0JaqMWpU8me+dPu0/kTq41WsjkgPrrnZdnEdVw6MedsBznvyg7bbZws2upVss+sfH3v+pj77vD39+1vs+ceKNq9ZOqB87kEj/01lHF8e2Nazeu8y5oZOEMt0m4uabyumEOIh/+/AX/3D+xctXXL38qmsuv/Kq8//453Y45Gw7ZEAEA84Q5nlZI4iMzZko5U342a/PfMzzjn74g+6z5+12++6PfukHUwmcC69976dec/x/YzsMoyG9EjtSIRahxbalFY8fYqbK/YDz2niXWD2nmW4Y2wj+iNe886H3vRtZRDFEce31qxg3WSCXECsZJHfKwAAAEABJREFUte49n/7f/fe+w3H/9YUrr7yKHo/mNku1cWMU3DNf/Y6Pvf1f3/UJed6FVqDrV606+6K/XHbl1QSNuEQHsplKWuMw8W+U+ubSy6765DdOWrJwKp700iuWf+fkH599zvmEm/hm4P0U0J8BukHAtNxj/JQOlew8mAgTxvZoi4mSgJzYhldULevE04QbRf9A5MQ3ypqUe423vX7kBKHJME3+SxOalYUYpesYdtF/XCQtjzOZTCbTbUhXXHHFOeec09sZfxOPr+eff77kmsmSH8rnozVr1jz/+c+//vrrDzrooPxU7mxatmxZ/JX8Oc95zqmnnvqmN73p2GOPrT/dc889x+1Poq677jrxMunpWayJZzz88MNj7MHNQ2vXrpWnh2tJdMdkMplMJtNtWD/5yU/cRtZDHvKQL3/5y8973vMuu+yyS1iOU/u9+tWvHs8AGL/SSAac+NHKlSt//vOfy/4tt9wyfn2K323G6//Rj34k39nGcwWO661vfesDH/jAZz7zmcuXL//9738vO+PPHa985Svf9ra39b6D7brrrieffPITnvCE008/PaMt8WeYpz71qR/5yEcWLVqUS26Cbqz1lKc85dBDD33HO97xqU996kMf+tDEMvvuu+8xxxzzz//8zzvuuONs9RxxxBF77bXXM57xjAsvvPBiVtx5l7vc5Zvf/GYcrx50snjx4tgDRx999Hvf+97p6WmhTBYsWBDP8uAHP7jOlTO3Yst/9atfxUuIXz7PZ8WdW2yxxSte8Ype9snDDjts7733jr0dW3I6S/bvvvvuX/rSl+K3bmcymUwmk8lk+uuT54fb40ujcUQlTmorjw47wo/AE2gynB7G/3Joh20YxV+D6RF0pRZQkqBIyLamVcY2xhVS+Lo2MplYHmYHU3z9EacDEmgmfjtu+KH+hqLGzVTTLCDLE3rAP/7xIYBLeR1S7b7rYlLe5gxEzpQloI94fnTCwesCiXAu6CRXNBg0Rz3rkMc89AA3PzXeP/wB+++31+6vf9fnL/rLVTBOlmD3bX8414VSaHxcrrd/EbDvU17XKUvzKk9rrKCTdc2heWYSgXmk10lOROuliUzJxFRM3bc3lUTBCb2iK0sIGOKCM2I6ZBTaEcZAVMr8whSIZyik8Q3beUgWF4JOCByJ5UNopSQ0A99M+akpATgw1lygk5HDnCqJqBSCWkIoM1tOBNVaoNBJrLNxip4EqiRUnk8Vf5HICSZaAq2ewsqQTQsTJJwqpxWYhhalJgE0DPqJtwidbjAVr9URBOPBeV3o4lpMBwYX+yfMxItyLV1X7DHXOo9uqhk0fmpBM7VgakGsw4uBFaa1DXU6U+tlved/F1BoQs6Xw/iHd2mVBOCZHVwZdBku2jVhhiTeRIkWB+XMTrteDVOSzZQCQHqXxkUc5YaDk75AyZt33WUHZzKZTKbZdeNKAhS2XLrE3VJ17LHHfuELX3Drr/hj+s9+9rOJH8Xfu+PP/Y961KPe/OY3v/vd744/mh933HF1BCIqhkxOPPHEN73pTY95zGPq/bHwC1/4wuOPP37//feXPUceeeSZZ54Zf+XfeecJPntxf6wklnnJS15yxRVXxNrir/CSQGeeijGJj370ozGucNRRR+WdMeLy6Ec/eo6jdtttt6997WvOZDKZTCbTptWvfnNmfL3PPe/ibiuKX35OOeWUq6666o53vOMjHvGIbbbZZo7CK1eu/A0rFrvb3e6233779b5i3RwNh8P4petXv/rV9PT03VhzN+bKK6/88Y9/fPbZZ+++++4PetCD9txzT3eL0e9///tTTz01tjB2bPzWutNOO8Vvkg984ANvf/vbz7OG+MN77I3TTjstdsJBBx0k9iEHH3zw97///Yc97GEnn3xyr3w8USx88cUX3+Me9zjggAMWLlz405/+NJ4xfhR7af70yeWXXx7ruf766/faa684vrOh0rF5sedPP/30P//5z/vss08crNj/NZtiMplMJpPJtMF12/sqftvQZZeTQ+HfPf4dbGeC8SshZ42h8F9iKzQUSGFNiZx6aIU4mYnf/deK0wkZnIifAD0Cz3FHihH6ymWkp4khdIkq5ph4qAoDrOOBdvQdoMCjpm/g9kskliK6U94LbkKJJaB62L/4naT8D0ARfEjRfpBUFhIF9dqq7iXdtEfuYT5FkkXAbOyNW3d4Pzdvcjs5xJyBgfX1ragrn3jsvfaipxquvGbV7HVMPmPd1u22Xvrmlz/xLnvvVhe4bPl1J//8D5dece1ly69ds3Zm12Xb7LLTNnffd4/7HrBXfaXxo3//4Nf+79RzJvmU1GdZx4X3+m7REsrNuvOOS+Prd395doqnayWDiSeb9f06Pq6xnYq34sh78nwI3emA1Vuf0sasuxkwoQCOFwFXmwnNUV/V3skbOIb6YPoIUkmF2Mr96D0nnKEbVZJdkU1Iw+4jcbnyjWP0JKecEbYD2gG0Q/HJYCpFkBEuw+seAyjCVHjIveXRy5qW2px8OCBdiWa6kWQ3moTMk+WJZPgpdzHWw4JkcAIt+BHBJWpz0tBVaJsbwFaxFYBk08S4C08zNlbx+t45yQ4mqzYo+Uf8RpP7jjoEPMLADwZNM8U/AzSBC3d/EGBakMmoZDiCeuEJraIPYuVeQRAkbE8ZQ9QapKaQh1dAmXzxmP6NKUQLSsf6xGeV0/FazAPQeudlLZw0/Uwmk8l0a9W+++576KGHrtch8Z/Rk046aZ6FX/jCF8Z/pOYfDtl7772/8pWv1D+vxx/373rXu26xxWSrvTvc4Q5Pe9rTJPP9BtfWW2/9yEc+srcz/tdYbKEzmUwmk8lk2hDamzXPwkuXLn0Qy20ETU1NHcCaZ/mddtrpyU9+srtF6q4sdzM0GAzuzppn+R133HH8e+NN0C677DKeLGlcsXk3/xpNJpPJZDKZTLcZSW6I5Gying0cocx+J0CBwyYG+igyOgrD6eGamZkhe5xg8mpACkGWSueVNmTMFqG2J8k1Qd9AQjMySONz+XJE8icATvTgOR7MrgcU1SV3A/YFINAEYMpxIghODEQ2A2wqAIkvEXlX4SguR2I7feg2vXB9zpsj/J2d2bjh5mVHyX42mjpEwuqdwayRiVlr6e2Aqr1N49/yiifut1chTv5w3l8++/Wf/fK3fwwh5PNccBH5mn/+67/Ybedtn/TI+/z9wffxzBUsXrTgmJc+6aVv+vg551/aO6ubpXPcOIwC/Y86pBPieHqd2S4buzXhpFLQO4AnXQfZyOH41DrfOSPUfRp0z/hVIk46V6fA2Dxjn4vURtQG9fIVyaj4ztXApOuDMSMXqDfEugPV/INoNvCuCQTAIZNymvKKrJpgIDYnwnzky2Dvj1iyCe0IQqOHqCcKCHBBjAn4WCGhHk1TEJMuQwEZGilOR0H7TPkPEMOVuGjSmkNMDGrCsi42hqH1wIWwIZ8oaknDtiVeCDxajkLDJii6nNFfXjui0c4hgxO6DFDwjmAcF6+WzE6AgBJP+2Iz4gEhUGls6DSee4oaSrAHYHVBIB4k9XVCmgZYdQaboaR/MLiZFXQG8dqQO7dLOmHm+spu6WLBHQNTKkjjrI3SySZWQbQce2kD11Q7YplMJpPpVqzHstbrkNFodNppp82RKyeGQ3bfffftttvOseX4xDK77rrrPvvsM/Hx2d4DnU9/+tPd7NqfJdvxx/c999zzdre7nVsfbb/99vGo+FrvlKpuf/vbv/KVr+yVX7ly5e9+97sYZXEmk8lkMplMJpPJZDKZTCaTybTZhVCFG/VBfAkVQ4pdU1IHR1HMYTuaHq6ZnpkeUWKdUYqYI6JGJjnKzNFHNwsQUUfymVnpRrR9aoNXFgLZK6B+WL4EzwMbPMhD7znW6brMDGfPaQYeOBjrBpxMh4kTSYJRH0QZgjSLRW6GXL+rAvhiieA2r7rUQyYXOp/2yo+xDzfRnWUWSTS6egeu4+7g5o+2dCcPHfW8f3hwTZx8/pu/+Mhnf1Bwk27hqMuuuOZ9/3XiT08755ijDttqKUUZBo0/5qVPft6rP7xq9ZruudyktwnomLWHSvA9WTsEqI7hqaaoR3JwKExGSFwWpKFLG5i6rG89kXx7VEqD5WZDB+sQGCRUKJliIW4s3Qk3o3MuDulD99QTRi43J3EuBAUUJiMd27uKSeqnPZrkjZQ6ObZOMDK6dxvJPqM9zuBFoujUmkmJFWI1vCwlxGBgwkS8ZBaTricbJOJOiM9oaqrHzdLqdFGZfgBO35WWJC7kyZElYWpYbjne2TBx0jrxCxH6hVGYVCYQskGwH4JwXcGTjVMI3GgaX16I4spMDAoE6kpmTJznNDqScYfQHDfAnITIsSEMJ/ORTqpXs7ToV6tqAnDU9ASLNY1wVnJtgbkU7baC+0AohiTVMqW8WwVJVf0mQ5qS6XiX90oDmWWRyQzzXVJMJpPJdBvUYDCY2+nkESw3p17EchtUO+yww+c//3m3njqM1du5/fbbz1bV0qVLb8JZTCaTyWQymUwmk8lkMplMJpNpY8inx9n5L9+LtGrQkQKcOArtzHBm7fTMcDgMoU0+GTcn7Nc/topu580+bjLLw+2Ygp2QntCn6CulqqBEOQ1HWL2X/BXsR1BREVBVoudGNS/QD262G8jN0sQzrx8xkvGPjaMaS8imEOvXQqw3O9YI973nnk951H1T5e4dH/r69045Y/KRmZbgQPdvzrjoBa/5yHFvOHLnnej51Z133OYVz3/Mm4/7ostDnlmpqhKYlZmYs/nKOuVmhkFFbWXiBFMhTOU6sfh8O2VEgOW7d2ZhTXJ7x3LUuAolgdxAyEhAzhVD74PaWEBFDBScqXtaIFiMkZgJ/VTxBtKkefQgzmeaQIZIhOEAYJij2Ksk6wxpmWIonRqI6PGQfDOcS+W0sPfaRZRhx0+423EWNEahiiBVoTYyEL7Gqb2YNZF0OJCGlVAQySxDuYFyr3kdG0Eu+FhO7BNrbWknDNhQiuoV4C6w8wutz2TSwolyCDRxKNfghVahd8IEJV6HaRUv5iuaCQ27F9dbGRN3Iil1mLBBmjfa9Zj8sbIrCWpyNs7ng2WMsWNwgnmkpFmS1kcIk5TviyanOFBx76nlC0E3wRl0YjKZTCaTyWQymUwmk8lkMplMJpPJZDJtdil5gZAtQpI0aUrrQtuGYdsOKbHOzKgdhZyXRQ4eD9Cin+Vsvcjm2McFNBnbqiOg0ClNT7xDyezCV0PhW0qjA42nlDqNl/Q6jUInTsLB1IamqjgzJo7hlcSvuFsAcTJ/gANmqWVdlyABfTcvTRiTCa3IJEQ9NvOtObfKveTIQ/NU+eK3f/G9H53RLVn3EPaqWn7ltf/2ni+879+eMxhQ5P0h973LV/7mF2ee+xfncBITI/4l3QZM2Mo7xO4D6+NzqUHnAMh3Ss9oZDI91OGg2M3CTVaqTUES7J6wXypAXWf1CdSMV0FxsiFL50J8BVG3ER0AABAASURBVGyNdUvtCNSBAmYdfujX0eul0mZIeXagjF/FhRFwkQryB8nbI2M06Bja8J0bokLLoJFu9GMXhdDrBR1szBCR8itY80MhWzaBExslZXESb4Eltxkof0P0i5p80C7vmZYhrEW6M3jJrMMWKAVWIT8TyusDTIU09IpEhVBVQZYzmap6Pu4KvtwOcMQTEkEmNqjRCFldsb0KsyfqXULQCf0tCyX7sGiONZTKxPTKV5MAc3/1ph+fOl21WOsooIP6jwx71KQCcrTffIuyyWQymUwmk8lkMplMJtNm0e1vf/t99913jz32mE/hxYsXx8JxY8mSJc5kMplMJpPJZNqYkuipJjZIsU7Ne0B5HXAY2pnR9EzbjsJoGIYhuSK4sRB9CiTOFQwcd07ofZorccW8ZDa0AdMrZgMJjuR6yVWhxImfYoMTSa/TKGXCn8rj+mPtcimu3WvaZopxwgYoNp/Wz5s46SERaV9iVrq9h/1y40eWdxMacM+73mG3ZdvK9tl/vPT/ffYHY3UizFGzc+decNmHP3vSi49Qe/XHHnzvs87782ync2MdWZs9TC5ZAudy0+gHg17pTENkFCehOZjMOupMLD2F6pbo15rHFyuvEqzuJj2fRPsBXAeOCWMVljprPKXa4GaH+p2rm1Gftbc8zHknpzdYtyEk+sJV1wGSzSdnI+KbuWQOSlMZK/pE0u7gmCUMph7wbKoh6009QHJin1uAimPI21xczFHSXITSuEJ0cJt9BlPkAz0lwymOGRFstVrGR6gaziMFlFpH/FLI0sSzhwmwrwmfJwDn2Gn4qj0GpkU4m5CeThsiuJ3XKZJOWncxIhQ3nKAdyt4jaonF/zy0AcWwxXGKIFlMxXwlZY7KKIl2MXRHOWinENGiHjAgp8KcekduGL1JUNhIvWuSuY3JZDKZTCaTyWQymUwm01+LPvaxj82/8D3vec+zzjrLmUwmk8lkMplMm0Q+hfZSzJqigRIxHYV2ejg9PRyO2uEoxgZTKJWimkhP3tfP/2NFcExiCnqMSrdEipF3C6RA6ZySuCcKK8O5IzifzqBpBtBMeT9FGTM854Cg1BmN0+wc3kFxJ4AOSZNDx+OWLetqzSZQpglgLiRiojRrh+sgJuvjcdKvLzWoUw8AdsgUlFP33TrmM7B/f/C98/uPfe4Ho9GoOm+fa5hYQ9TXTvzlUx/zgB222zJuP/i+d/ngJ79zw42rZ2sJTKphouqQd2hDPkAC8wPAmtfQ+Ho1aJBumDTz2CCoHojEjyhVUO3tbVBWFTanwHSXQdU+ze6TU58k1sFVUylXrYPlSsy/c8VOkItcUSfBiWZEyQgR+ES4VNyDS/dcOjJ0hhArnmWM69GLzSxC+TSI0wgdWzoHx6c1hDRpOi4sCUzR5rmJApfnQzGGkV4vo8P2H+z4gfk601W0vNFmHxPQvnBCHAFfe3zb0FAFSo5DpiOYk85IPZ6ZFzFjAYFL+EK9J/QmvmHoTjCZIDl+yiWI5wpbjnDLqfMpxRqv5r7in6iiwFOGUwex34pCVZxeR1AQrwlvUFIB1cyRDEvA+p3OLeVNtJ7470p8z+CJ9jLyRdKAeEj/LslSDVAzPHDzsruZTCaTyWQymUwmk8lkMplMJpPJZDKZTKYNIH7oXdMtCLMhMWB69BzDdDszPRwOR8MRtm2MDDbMa+hxOWSq0eyJQjVG6cR/NTaNPYMDqbdku3CzVqoxSKe5ITDljiD/EmQ7E2ZN6I+jPZ4CrxQCj/FVcaBouO3C2+RMHb6bRgMkkov9DtusSh1fAJ9JRcb6NrEIk/iSvGe90ZMuXqSH54EUyqL4Vszdd13aiN9uu80WD7j3nWXPpcuv/c3vL8oAE6yrnhz6BnKKaL918q+OPOxh8f2CqcHBf3v3L3/751WZTpx8fQdYy4cEnXgv/TDwAsjw54FzhmBmPLxPuAFC58xeXSUgHSkpSUrLoMAkwgqIMwVWLh8akHdVDD+dRIeDHSwA1I8DsIMlYE2B9BAc2Sf3DBQ2RT8M/b4LpYpsUKEMRMdLSPgVYP6gFfZC3Uy04lyDTqp0HFTck9I0Ll0wQiIipJ1Sm/AS2YiEN+TGYFrIC7qmJ9NEPK4wMwo6xDml65orsFWoWoLJ0IQK+7o7SlUukSS6BoG4ibjAWW+oM8WeicxPgi5MvDMAkyUeZLnU+84H6jof5IzBJ1cQYlB0peMuQ03ng/mK0txwiYTKvSw+Uz71rPSkHORREaeQLlmvVy4XJUtOKBNTXoNcEqZTMi6DQihpfijwqQQnBvJaodIzmXt0m38xNplMJpPJZDKZTCaTyWQymUwmk8lkMplMZAkiWQooNo850Q49fL56ZvX0zIw8hk6Rxxgo9xyQzWHTJNBsECkGneoRoUbG+xiEPNke2D/FURze+2I4Um315SXo65zGclM4uSG+BOMFTXkyOFkAlFtnwBkhvPi5aEoGDtUSnoKQH57XqptGUQB1EpCGCF6T47bBbRapIwLby6Twa+9TVTJuwb5vzMYN0kIOw2v0XGLMOc3IHERL+ajmP/bcY6fG6yh/6we/Vq8U7B7QJ0Wwd5VCcHznB78W6CRq7zvtCt2jblq/1NcV2pFcssziuD1or7ta4vQcxgclEcjIwntK/DTwzWDszF6HNcXVK0ooUQK6TfyG98lZJlTMieIUqXnJcIOhjlaTyKS+qgYtnQxbV96l66yHhW8gYQL0E7lEVCIh7VAUIXVWsvSAQsBkYkenLF1WAKcbeajZBSRldkkMibQ+VcVGRv0ZFqr0Ogl/CyiciUIw5M/hU//GkaN+9LSUsP9HcWHp0C3UM0HWIJfyISH7PmXQJBf2unqk0VGGDUIeSCACLo6lS8yFupuk9tNhA1mjeX8s2AhNUqEXXgxOpFuQCwSxgOKVK1uYJE8XnSGKmOQxEaam8sRJShZGaTB53vPRqKNCEye02LZBxkPzGbkMkKRx1e4BSeujq3gpoUiS1E2FvZfsSB70ZoCcW2d9ITmTyWQymUwmk8lkMplMJpPJZDKZTCaTybTBpXFriulC45rg2hi8bNt21fTq6emZgK3GlcH13CVSaFvfVH8huo7PhPAonXAjZ1jwkB6rR3nOv3AVs7W2WBxopFjCm2JbMqCUJtD4ZoHz8c8A/MD5JvsXcNC04cimMCgD4KsGtabgkK3maxhvwMbFNeYvdCnLhLgRTAy7wljM2EmQf8PFaHHO98wMqKdGcTrBUjbH8F1mEibUtmyHbfKu8y+6vOOqkU9Vb3drqd+tuOaG665ftc3WW8TtnXfYBnBC+dkEs+yE6tMwM01hcU9gB8fH3cBfv1wILfANU1u01TpJndJAMwiNd5QCSqApmfZegutV0xqCBrxX8xOfYCIxjPCZAvCa/CTlbkm0CmTOg11GAgpIkT9JxhHpPg0g1hPyMbNdIJ4oDMTwfezjbp/ueSFLABQIyuPh2awkj44AEIOBGA0JHJPQBEmxQlejBEPiOdjMQ3OsULem/EMpJ02aQ5JTCwoNllw7Qpl5dOEhHYL54KCciNAY0qeAc/FZ0mJqb5umQR9Dw2wU0vdJEjzPBbUMYXsmJymjgmTfQaVFgqtmgXegxAnb2nixE6EBTXAPJeWhMl6MSILzOhy5xwI7p4TM7ARMCE0eIEh3LOTrSOt2xw9FB13HUZcbCKGN/2BociSB42JfhtS/CSnJdUvvQwaWnBrAOB08LRe7mcaXE6RpVWKjEvCWsy6bTCaTyWQymUwmk8lkMplMJpPJZDKZTH+18opcEHxBYVQcrh3OrB1OT0/PDHEoZTgy7DlNSTlQwqcSU8x2DMlZoFZlEJADiiDxXScJbyhQCtlQpGM9gpjy8lQ1V14WkIxPPGfSGWhWnYYBFN9ILiAO4jd64pReR9vvkxNEp+HFXcKBq+CaTS3sXLfrNST3Vfa5qI7ECuzY0K3qmomgJswI6V1If0tkOqQsKVVrKihmjp7dZccCnSy/8toOdNTrlT5ugt23pCuuulahk522rQPfbqzoWH+n8Hz5BPNZNOQ+WgtNw6YVQiL4wR2XNhR6pxno2xiQpw5pRxhGZAgxg6N4DHEUATAZh/Bs1rh88q1gvwsCIQRG4Q1E9SipkQoI0LlwJVcAKpCqhVZqzXPDS7aY3H/CFGRTFTGV8BlLSHl/JEUL4Ss02A2bqAj94BN94lESu5Qeozk5mgaXE3QVhw15lfxejGWEBN4gCHGDkg4r7UMtnKpmxqFUJT2iOYAQ637Kn+edwbncV8SmqGtJp0vkCMxzwWlqn+IJgmrrUQtcyMufZvqRYeNTZlMaFKuaAd8tBM+E4NTXRTqEPtekNYGIk0ZmhEunFB+UjAUKxISZ4QjStTxFNF2TKxYjeaUDLFlv9OwB66W26oSUrwtdNjuh4W4QmsKVuGHb8gLvUG8ebIS0SZ2fZ8IkACyPELc/tLozKEaDYTNZTplMJpPJZDKZTCaTyWQymUwmk8lkMplMpkrZcSCGBYdhtHY4fePqldOjGWxcS6FPbCji3KQIqZ9cC4Wl1Zsg1do5hz6jXnEQ9Ah8kKwX8gR+SnVTQSdj2WE03YIrjijymDyZnYCbApA/C+itj388lHwQEoP1ybjBg2AoGg5OGSdmu8CqFW5zPV+fg+Cx33yJ7AJs+tZkCCFUAf3YrpYNTkoSHM1PgtzVs+TCwNl37LTD1nn7yhXXlVQtswaox6P+pfyVK67fZ6/d48b2227ZNL5t2/GSLnMDMNF8ZQLLImqHq7GFUJwcYPA3O22J6k+BBJ2QpwaMHNlBxP8FMoVAp7lM2ICCpiHdFRgEfQBJBUOfh6BuF0orQEiZUXQEUFgPyGmrOF1WbiGzLGR2oRYmvYvQbC1EkAGOXR94X7o8dw+3RnkWZKMVOjiIYVHCYdTuQ1rmKJkWKgjD1XpgZCzerAmSSfAIX7zm1EF1PFG+AcAV2wyXWDfFKoh8SFSNXloy5+A9bX++gV6AjjLDLKGCcECdm3JfBmGsuOM7pk51rUpvaEcwJ4RO25aajpqtjKGxgJm8CdhQ5iROAcRJkZgyoVsoeeBoJh1wlVWMExsXLLAQNwPSC9+HHpTFqaA0ya0GTudismCRG8FL3qBul2kRlKGUXGr8r4QnT57cq9KEAEL+6YFBp07pMwZtQKtzoItKtVhASrWDTj1+ZFQtuY7JZDKZTCaTyWQymUwmk8lkMplMJpPJdEtQcBqmjsHutaO1q6ZXr50ZhhgqbLzGNfl5/SA2CpxtYw7mIkUBSwEUqwvelIQrXp+/R8/BSO81TClWDh3ohMPvMWKPHG91oEFbTxHufFSsYdA0C72f8s2UA3I6cZ7hEq+hSQnD0uko/w7XJAl3MHsfpOA49q+l4mxKBH88n8ZGFLhiluDqhnVMBzqfbWyhxqlTo5D5IR6pIBBEqKcITCI2Zq26HOVWrZnOb5csXjg9Paqj1blYb6N+C6m5XMMC+Wj1mplMnMCE8tUZYC5qOW5zAAAQAElEQVS+qD6kHa4aKU2hE2aw4wJK6MIRdJCIOgf8B0x4gUbWE7XD94gUY7iEtn1AcbYgWCJ28YjgFTkMtZvVbYTuE3ZSccqycPuHw5l8IQwqCJfge1fKm01640NQWKVDM6mthrx4zLyAWFxkbwzUgRdOIVT1yP6mkdtduIHgk8cIGS6FVgiHgd6ikvpKARWXnFF0eQgdyAiF0Bgbl4w7CAkVgO0yqssKkCiSxN9xEiIvly6TmudvYS98umz0kosmz0WCY3QPCL7iszNM1WhkxiLzKJgQDfq/1/UVmyCzRHAX6ROGf6o5ma5T/FZ4cUy7As+wUKE/MobKvCSLFadoTiZixEOndLfk1wkAiUxkaxxZe9pEKtFr4BUWWv7EC7ZCDR6g95CSPcWa2lFADNVaxjUzmpIoIeqE1rnskoMde5qO9Uow7sRkMplMJpPJZDKZTCaTyWQymUwmk8lk2tyKYXEiBWJEezSzcs2Nq9auCuCnFg6CPhnv87PsJI1ma/hVc7vow+cI0OMiSj4KjuRixQrkh/RT/JQilr42O4mhb/JnCK3sdtwScOkBfIpxNqgx2BjHj1HZgWODEyFOfNM4DZWKBUs8PWXbEcYFUvIOieBSIJ6ukj/KLSyq45wcCd606ueOAfF/yMORwsmbqjn8itWGmA7EedRWSXbq3CkSbJ9vE/P1Lr/ymrxz5x23vva6lSXV0kTcJKWOcZPGb+cdt5W3l12xAooHRz6kTHENubvJ6MlETqUdTgvs0XjlmQYL26FeCTRiUuHkJpC8Q0Fse1AnMd8SQpKgRPM5pJ78TGhOc+/y7YeJPZFQPm+0mIZC98ZTNHI0H0aowYi5BzYYUl+ReH/xyb0TZw7CVnKmmrERq7ol5GvnuyeVENCrvMMMpig2kSmLZAqDjDS4VpaZWKQNgT1ONKWQbzxzCpihMOTEKkFwtpwbbGx2IRQ4DBSW8dJ6smThy+XmkqUTkRUIaqiCI7FmAgXSZOnyOrWlPqogcBEozErszTJBBdMReqVa/OiiJI2OejexB1Ncm4LgIw3NoYaSEyWPEJ/cSeItVpuEYA2GMLohzjOYPViUE9F1jRGlnDCMeRZs499e/WVkUfTM8bEnjaZxIqOiGmLRTvHpXwOGfjy7skDQ1Vb6Tldf9VChDV+YHcypiVBxK0z5mmixDyF/KhmPZBi9VseQFTiTyWQymUwmk8lkMpk2taYGg+FoFP/EDWcymUwmk8lkMpk2ieI3cMffxp3pFil++H9miMNV0yvXjKZhwOFPSuDiGxi4lL0mP/zOoUJ1ichxXkodQrHNFA/l4KEmv0j5NDBo3DkF8oUI0ciyUy8TeSReooqUZ0QzOCQQgaKw4FOMsmkGg2awQF0HJFaqhAo/iO8aPqxJ5+OTpyf2kULbytNgiuAykgLceD8W0KyhmQ2kdWXGgXzawvNIMLcqAoUAuIkZJ0pt3cPR9eCNfHKFS4CTuOAotEM2zcn+G04dMATTmV+/wVgaj8uvvC5v77zTtmeff2nFefQb51ydB6SYO+iGh5123Ea2L7386jxT08e9Cjt+ChWI4qot9dbQNwQu0GRtKS0M9cVgKs3Z0q4gByko4hShUrQhHos67dKdltPU8BxuctCf53gQrwfhj2jD51B+ThKUiBaN8Acem5xkJzi52TRTClt+QOUeUTFiVd8SMQHadVUilMQDVYMIjDvEEo0uIrRGQN2V1L6gNhipl9m0Q+SFbgigaIkk/6G0XxBAaDetipakwD2d/DJKMzBbfNDKoazEAMRshnO7YGFJshVM3oeMUmj2HpczcXlZMUq3ACNEqH3CLWHGA4mdS/gJrzacOYjnAzm0xI8FVCL2xNP6q0geMTsp7QwRTZx6SYEix+iK9gEb6lDWpgCFQstTFzQfjSAqspgK5IQ+IXx5XRYiBVAWVEcwCWDi2yTdD6BOIUX+0CmYKAmWUp/xRCefnirLU8JxUO8ekNGRC5JxafVuSJl+ZL7JX3LSfPe5Db8gm0wmk8lkMplMJpPJtE4tWbLo+htWrl69duutljqTyWQymUwmk8m0SRS/gcfXLZYscqZbpIbtzMxw7arVa4ajGWSzD8heBFVMD9HNwUd0EnEobqLP25eAd7cw5dNwatrhU4SUjVVSFogYiBUnAXSZekF91j0e3bCvyQApju05atv4BJ1wzb7fZPC9ptaNShtjuUdumcJxOuRmBGDrI2GOz5SA4JO37EQAyElfmEMKYsDR7WD+I8zELA2cA7y5YnlxOnnQgfv96Ke/77Agqc4+elIXSOc88IA7L5gapGqvnli4c+BYhVU0H91YycqWwTNuA4Oc3KWiTtgWQ6L5AMqdyCVAvwUSiFeCgVwsUBNRpdN7h1XnJTcLnfX9G7YwImosUdlIgBATwYlnCjcPE2iSGpPBG0ImMNXfzS/ToaH4Tsa8E+Q+BueykYoaWKAkTQmKYYi9kmOeo9UeFf8LZlAUd8IELaDyCE4WkrpLcqsTO8emLArN0DbbcHgh3Gi0PCafjdSFXqAhYuZQx7HJ8wEZqvIpl5TayYSEdkgHjxCS0whSDiH2LAnAV+tREu0E7zQJTVzXPDSSNYzOTjgJ9/AUu6PEo0POmROUbyHeZMQ2JChDDLxAqiGSXACPRwKaMK2nCRlRgkbmdp4+gJLmiTgbNS5qQMbIiWGNY8MW5LYGxn1QkpYlYg8ku1kigTA1SCZ1JlBkq0UxA9KkOcEplRLKzNVaBXYRxMiZTCaTyWQymUwmk8m0aSXQyVUrrjXoxGQymUwmk8lk2mRafiXFd5csWexMt0itXL1qOJxZPb2GgpLMBqA+uV5i7G79KIwU2WZJEhFwJRePZM8h6ISBEc2Zk+T0oXoJYCaPk5SmBDhOm4kT8FMU0ZXMO5TDhL1UFGUBiXSmC/FVKp+cHsilArd4ymSzqNcrOqxsloEjDtVTRhGGB4LDKvuIKuch6oeGYS60pej8iy5bftV1y9ih5IEH7rft1kuuu34VTG5gdl6YfBGPPvjAvOesc/9cm5So3UJV3TxnQw0oYRd/iRuDpmm0aVVSIMj2J0rpSJaTqrmgdx/o3aI1eOj72ID4WOQkRpLdp0IufMoehCWViVJgQd8yVZBbnswjUEgPqV9rLyd1xIvVOabybeZdR1hvcFoXTfpSHFkYpUikCuMfjpPpMNYkh8ayI+3ekNkZzYqlPSmOJ8D5VhTlwURV5HYIpCLpjJiZEByCuA5GPFzVv41WnK4oCMuCtTOOOM0Qg8Olg3YxgIOKIfKhkVYENlGi8wXO9OWZeiFqiyETcW+C1F4QCidecMuWT5w7h4TqJqRjKkYn3G/Si0GWPbaCany6Bk7UI8srW5gESSyk/A8f6NMYeU5fJB5TDOikngyY4B3vUnYnxX5aQMkPFLLDVUawsFVKBpITErg8G7mQwD8E+ARuZ8CKhnIKITbppkhEUEBEW7ZNJpPJZDKZTCaTybTpteMO211+xYprr7vhhhtXbbXlFs5kMplMJpPJZDJtZF13/Y3X37AyBql23GFbZ7pFauXq1eRZAZJYJoVKq+g7uBzfnUMUNcxmCs6lRCxVZgWOmwtXAg09z08hZrEo6RInnJtHH2VPQUduC0q8kyLCsbUDaKbAs7uJ5u1ptLHyZL9k6gmckUffabgfc/R4gmPFX71w/H22VhBvBbJbkPhxaCkwLgH8XuFkmiAUAFmMjGfPmeOszil08Y2TTn3uPx4S3w4GzeMOOfBTX/xB/rQu6WbHTaJ222X7+9zjb2T74r9c+ZvTz4P+UTofup49c9XZP7v3wkQQgcC9UTmdwDh0Q0c11DkxxK75ZWS/WkKAkAfyoQTnE8kAHtXeAxQD0EqrtDrassQBSWKa5BHiSmaTjFyhyw4kCpEE17nejkWQ0CHdzoL8mdMbrOeCkmCEVIabQW0obBLbE8X1yHNGlZDgigTe1N3Ih2YYDfIa1TO/KESNvvXdsUjJvVLHuJT5qHNtHkqry86ETTBNUbUKU5IvEO6Hc4J5cYkhuxFJMgbqocLWJ1xDK74l3CHBta3zoXWUNYfILnoNmmkmXTPInJE8P5KXR/gQ+ZBBE1coJ8gfVRYomg/HeT2U2xXIp4fMjNhwik1HULJGOSFnBAmBtF4LxOMdYPZ40S6h+ZvHpPLLSb1VD4UQUfG+oOEPTdofON8SyJQEcoWRihHnckkymUwmk8lkMplMJpNpI2nhgqnb7bbsL5cuv/CiS+50x92NOzGZTCaTyWQymTaqrr9h5UUXXxo3dt912YIFU850i9TMaEQRx0GDimrUgetONNZNRk9wzNEAk+tCKc5RVooRE2XiG0JFCBZBL1klJN7p1XOB001AyyFlL5YUTnLxNJRDhxxNBgD0x/spdk0Bjakm1xNui4ZVc6g4xzvr4PW6YJpbh7COq8MsJeY6eo6dIYXWKfrtyAMhcDIdTJlfsuNGtmDQ8HV3brg5G9G38Mgb3/nBac986sMHDQWaD3/iQ3/563PPv/CSXsneFfdIiMGgefVLn+JTxo8vf+0USYwyyyEIk/oSJhX21SulvwnqzCMTehAwQQngcoA8009QMkd5TCYXkjIk+V2w0wMZf3TojuzTE1JjkimR3LvdrsRicKJwiWS4QUzMASTTCde5U6BsQ9fChHkCOg4KPZLuLm6uVgch+ZOkjhXGAiUdDd3SHqDjjyNTKgjzAYrEIK0MbU7nw60OukxpV4oxEoa2HiP9f1kDgCZxXFiEsMmDKGtHWrBAy6csQ2moqmVDACBxglHzFR9aQkzydTJBQYAcLWM898SvQxkY9NmfhuEQuqVCS42j04xapOpCiH/ifie2NIF9hZgwEbcoD5LHJlmrNGz2xB3XePkEJFORZMFB4WQScqJ9Uk321HCmfELxU3EZhoK81iROSnEfzhoVktULZnaHQRK9bnD10Tpn+A5AnzpVBpIr8ckNBVHdawJX5sVqiaxjAIw6MZlMJpPJZDKZTCbT5tDOy3a45tobVq1ec+75f9p+u62323brpVssib9AOZPJZDKZTCaTybSBNDMcrlq15trrbrj6muvj2y2WLN552fbOdItVDE82jQYLJcNBJ+ieH4qXyGyXJXEugQUSTc5pebB2GNA4Oz//77OIPyGnEw7tahReQsEUvgwpeCkP8atbyYBT6gwcPYcfdw64bJMf59dGalMnhyM7GTLcLT5kCfPiYrqOE7NdFM5aFZQi1ZZ4SbiU06Nl4EQsF1otgKnfk7+BKwhEqXuysUGvbTre/RZdf/2NJ//4t4c+9F6O8ZE3vPwf/ulV71u9Zu18cBPRsw9/xJ33up1sX7Xi+lP+7/TMxczBlEz+CDr7oJpDMeLuaYZ7nqw0XQcx9K9gjtPQu8sJQVKSF/btwdKQ2MvgiuOQk1wjajHj2OIn59kZeJ/Bn0C3jhdiQEkNgROUMuFh8D4OYL5RVEEyT6UbmGL7IRFFcjc2vZGTuxVr1qRQGUFYgoC49wAAEABJREFUAbqvUZNjCZzClhhiWyK5ZAgQCQhBmAVmKWQ7jILkm6EFie/8UcBGzkBok+AHjB4Q58CwE3enVxCkDFSx2JAWgibTkfFnSMIr4cBeHS6ZlIiZiw4DyvKDecj545FUquNBpibcyYHRGzFxovaTq5M4pQT0KAmVnG8Z3+K3rg1u1JLdlPRAi/FNvM2Yjkk3k6f5JNnIdDi84CXcXmbt5FMnllWerUB8co/iqZH5JJoEepG6WvsC42HCTSS9TerJtqTPUq8VtT0iByu2Z+E1oMURfcZ9wVYkPgAq4SSoCXNBgIVk4o4Okr6oAe9RU+dMgXSXpmSTqYOJsUEnV2oymUwmk8lkMplMJtPm0X773OmSS5dfvnxF/AVcfgQ3mUwmk8lkMplMG0m7LNth992WOdMtWBzlc2w/0kAyNZAYdBD0Q8OOoTau0OwZoDkiKLzI/gWSUyFUWXUASpIR4lvYloT9TihtAxTnBz5HSN4FSr9wgFGCzy4e2hBoQpRJPHqKg+WUZ4fbhHwMJJ8CidNCMpigDe9BS6amzQPn2OS6CRjMbJRJLx2I+mckNwceRA5O67ZDdB2/i8Dj2fI0YOhEbAiYJuC4cFD3AqqBI90VLJHZk8IpIc55xehmQT3e/1/fvNt+d9xl2XaOlpTt3v3m57/p2E9dedW1kyrpbMTJ8ZxnPPIJj3lgLnbeBX8JbVA0AfqmJhNBllJtl1PpnWuhX+ChaZyfagYLBpROaBDfChXC5jBObS3yWTCZyGgNxXkibyEKrcLjlZLQdK0noHAfAlLUzA/wCKcR4JGTiy4t97GNNeZCR3jmCjB1kMyb7lUndyHnskVIalzBjQA6fUeOLowcSBaVNCfUH0RpFPW1wHTd/G6B+Jjop7ThJZkLfUrDGeRQlyiR1CChoVAzvMQlStgVp3YhWhp1jeIJTfxDXHuy3xOKu4YsVJJSh5vtpYOdB0kb1uh6g3Jy6WZa8eLSCtzJBJdwrpj4/2E7GmGIf0ILbes4cY6DbN/CiEYjqx/fVQPP9esC5yCt0bqA8niUwdGhzf1fVjo5mgePegyIg3FBEjV5IW3ITUW6SBcFXqcLVJbYQ5ccYVCpHB3ZLJ8TJ0E5PvkAQR5/Xqhdyv0U1OkkrtZsbNI4L1xQSAiQVIDS8vkgeSaTyWQymUwmk8lkMm0cxV+9t9lmqxVXX7t27fSaNdOjtnUmk8lkMplMJpNpA2nQNIsXL1y8aOH222+7dIvFznTLlufn8T0bNGR7EIl0xp1sTuBSnBNLbLyjTCpg8RnIfiLoxDyAwqYqTq/TeA5BSrRXwsQAGWqA7KVA0VduZCMeJ/SoP+fZAX6k32nelBy7n6y/kjwMKemFvul8VnZX+1PaC1CjB0VPhClhrCQIN+E0kQi7UmBbVQrsRNDveoEInMNez8+KdPQ/LfNs9eo1b3nXZ9/79heKTemed9jl/f/xz//x3s+fdvq53WOhrmS7bbZ81Uufeve77lmf6AH33f/pTz34M58/qT5jBUj1mwSlanBjja/T6yx2Uwv81NRgasGAFMsPrr/hRkEC+O5SBqBAVmrfo5AXd26Q3nUh2fxQyZxhqtMxmPIAhWwvIwhYTvFDx7YZL9KzNHqh2cMDM4KUjC/khtWUJr3+cOBqD5uMFwEUg5sqCw3Ufjd8IiaYqvr4Vtb8Kcwn0TpUOJzkDCOABCMJrdIZMh+T6waDbm02XEHOoJRzu+gKQd4fctWMQ8hwUFIvL80JXhgKIlrUdUVWITpM3ER4FCEPR9zilF8e5DYINRAUe9/TH/IHIpJliGHYtjNtOyTvmjAKYm7iQVrlFAdh6xTNttQwtMfmOejV9wVkbaxYPZey1WBv1Mr0zVif8CQAiY6BADqZWoVlMBmZYPKn0QI68RLDhJiGO9FHkh9NbF9SC3zKpgRp9nivxjbOJfiHAJKg7BNgo6Vpp5crZa8WL+4uArtIQiJnMplMJpPJZDKZTCbTZlX87dt+/jaZTCaTyWQymUwmeX4f1LmAYoDeVwgBZLeQHNrOPEDZ8qU2SYZQ8ogA59EpkXfBWzQA77MZQoIdQLkGSrzhFQmg7BEN4SbkbsJ+J74Ra40c4M3pG+pLw8pEAvPlzZJ2ZzNrwzVqdrwmJdPADIJg14aEwvgxQM67KZlO4k5Q/CL0TwYBoIuI9KmT1PNiAJFetZFuYssn7eTXCy685ISPff2o5z9Bymy15ZK3ve5ZF1x46Ve//dNTfnrGaDSSU0rhve90u79/9P0fdP+7Tcyl+9QnP2x6euYrXz1lEulS4vPldQJtoh/5quSWfuGCwQL6MxVPOxXj44MV11ztnBBdOvXFR6Qr8rPgZFNCtjC7QClgiup2+tq1IjFZqZAmPQK9COT7pDM0UG5VHb92OMrbQoSAkxQos114ac1sU63ceAC9wlPJ/cJr+h5o2d6oIseCkDE6b9TkRc1DFJKgTEZixQEtCh3hWuCkTyimPAEDMJcQQkJquBmNhyZnj+Hlp/XsoCRLXMNpcdAFHX6ib6i9HsRbw/lAbk3S3ECFKX1OI04q5IgCcmV0PBFEbmY0EzUKbUAhZnBIAApVQyZNZF9C0ElDJEWQDDkCZSSDJzUyodw8kG1CuEWS0qY7JK0uoWkggt7W3dFRLo1zFYVM7mj2HBC3KkDKjBNkt7ieCGSSDJN4XealJDUCmVTK6c1orgbCfPQ2yeSUl3sHBJCK3dIyBqNzlQZIgCul1qgvUDvcCS4UXBgFbIVEMplMJpPJZDKZTCaTyWQymUwmk8lkMplMm1XykH9OPNOksOZEwww1M9Cwo8RuQ36IPhcHDilKJgSfo+wcfhdTgBQ+LcSJPGFP4Xa2CwgSTQQJ51JWHfADULMTDtSCejZwTNJLMB2xBMlL3hL2MYCS2AQnd8MmF84d1p+jsfOpvEqjo29RrQtS/Sg+Eqj7WymGYcQuByGPMMftsUJPopp1twDEucNR4NpNOYlDr6PNfFyuQF6TTcJ3TvrFtdfe8OqjnrZk8UIpsNeddnvlPz/l5S86bMXV112+/Jo1a6d32Wn7Zcu2XbRwQa/m35954c7Ltt9xh63l7RGHP2I4HH7z2z/r8SUT7Exg8hCpcYeWp9cdFm01aKYGDfucTE1B0wxmhkPuUP4fd73SJYJ5yb2h6VGULyAAQu8SKeVBYRQdSyrD9hwDQh1y4iqO3+PIpeGEnLcKNJeQoEbQmegdvsaJwYkrU0TMLfysoxU62VR0hslxab8uKzjWpeLJI2lq1EQDkt+LemNgWpO6ZjYyDZ3myoqLhRdyAh37jATXhtB6HzyZn8SZq5NXjk1rhPjIcAYXN/AMUHjXBKYhqDjP75RdKI0A8Ri0ttEAKOrCzhwBdM2iFlPSnNAKCtM6HLVhOGqjZDjiGhanCLBTk6yHAvR5xjhKP6CDsgBwh3FyMOBGcR4icWBJ/YlCK9FKmaxfSrcnyCQb6rg8JeQi0kDxLZu2y/gJC9VNnZNSn/G0ERRNplB120o2qSZBKnxZPqEr3IlSD3UHm9h4GSRq+EiWKupVzd0my0nqWDfinFWjm7xAmkwmk8lkMplMJpPJZDKZTCaTyWQymUymDSQ2YOAUH/TK4IjAJMWuQIWdvzVoCVDMMiDhJAwoNGLu0MT/cei8Eb8HjqzKRwWBAC9VhFbzezjOucFhePYV8FMUjW8Gjh6D1+f9MxWjiS4qZgGg9wQ8uFupYL25E8T5H8BuJkpESMyc3BjkI7HM4HhzcCW1RgcCGD9vxlx4FtAAh9BWc2ZW9VmTUm95/4vTzjrq6BPedPQzd9tl+/x5nFU77bht/ONmadXnv/SDz3/x5GXLtnv7m1+w3bZbyv5nH/nY4czopO//ClwmR3qXlXPQ9Js53tT4Z+tFWwyagZccUlNTcWOwdMutJKwfQsgmMzyzE/8jHcQlcCQohVY+losnVJ4+5SNmUCRyHytr0+3Hn6rDCt0dIbV4AIM8P0BhBp9q0qEdGyUPY0POd7p3bsxcKPR6UOvrAAuJDYMCFsnUccnPgo9I9zODMD43WsYqiAOH84HzrwQFMmgZaD0Ecs9wwXuhTJymB+NjSrfJ2Qn4aMRFpklJXxIYAdXlC4GDkm2GqyMeYoSjIIwWsDGQGzkctiNCIhL3M+Vh4AdyLR7IaiUuho0TvxRgfxRMrI/2g8A1yaUEJN2VA8VgJIcQgXmK/yniIUdIKafzqxoQ0EUdEhmEGQkiDx7nXG6C600Sl9AqV0hE7k8ULMnLcJTJkxmfMvZeLZMEN9EMatqGgB71YLo7Ri3GHpSzETkU6N+FlsieoGsVwT2UZ6ldj8XOZDKZTCaTyWQymUwmk8lkMplMJpPJZDJtFOVYtuPH+CXm2bXECJyygcKcLmXBQX3SP4WGNd6YjR+YNWHPBmVNUqYIOaUeAvkwr6FODufKuekAMgLwiTvx4g6QE+tkvsSJW4LmYuD8GBp9ddXpbjXCusnzialWZdS4ACeV6XwiCISTBDrsyZAdEuQ1dI6cUCNovg2oG4HafA5wO0pzEgPGo/F2ahX1NkzYWV2Xxrz/cunyf37l8Qc/9F6Pf/Tf7lqhJxMP+fkvfv+5L/3gz3++Ir5dfsXVb3zzR9/6pudvvfUWcroXPO/xw5nRj3/8W1fmSp4y0G1k3xNEJH4vYu6wxYLFAz+guSeZRQIMtliyxKX4fc5o0ooRCGcxijHzloxlUILpck8JoSJ3FyaPGuCUIoCJ6sI00qVNITuNMHBC90Pj+440je93L1SSwwd+qr7+KhtTsR3hJDAKnXjCCDrFtFpmQzIEI6/BYTpbosSkQjEq4ZtZEDQ1whDKRmpzOd8KLRhs1NNKi5rsn+LJAolQp4DZpAXzuHrXAiaPDiHddB7TwpEWw6CNkHbp6DGCFddIMlYh5xJJSIVuph2ORpQ9RwY+0DIKTUPeTNLyRtyeqI/ITqURO5WMCmnldEEhuJRSRiyeeMiToYr0SVr2XPCYXJ6UEBt1U6ER50HOUSGkXpAr9dR5PMsEX3FCccgF+sSxlJtVuqCputE5NSABHehSOJRjkMgedodBIU+4/iCtohROyD0ZFwnhdvhSwbcBmJWJG6MRcsavuEUtxkSZVIZWt7bF3WQymUwmk8lkMplMJpPJZDKZTCaTyWS67UlDuymsy+4X8jA/arixPLAeo3/ZDSFIEg8RZqcC+v+AQqwtejY34VQhDJyIG4Hkp5CqUc8toc82hhU5HBmQE+jQwQMKw3ohTvQooPisGkFIFBRzGFkD1hztlPAnzDNvTgrMhrDOolASA90sdWgN6O7v8BkZFJnlpEwL9SL+KdOJjBFwLpRu/prAKXUoQUUmTtjvxIVkCgEy6MBZcqQBXnGSwMNdItximsIjQKeJQXmKD8f5QkHlNl0XTu6B6iphwgdpmJ3SUWunp7954s++/d2fH3ivfR/24HvuvutOy3badnHKuTMcjs47/8+//u15P//lmZdffpWT4G0ewVEAABAASURBVD5/dOklV/7bWz72b2987pZbLpFeevGLnnzjjatPP/28iilJ2WxcejMLB9O7igULFjZuIKWFTxiwmY+iGMkihjAQ2o73BWEOuBCmQHkAZVM6yr4TQT2IvPYD9lAjJnxGLhsF9S1IOm0dl8AucsyoHakRSIcLydNVmhSETYOEktHV+HKzqY0KdtxQgKEJ51zNuCRoglkygDwCkPklJ31Y4w3oEiBSsJp0eygk4WX6aoMhXUXcjwmcc+rHkegpTClzArZEB6lTCKZuRQfV0KQEVKBJcuTqAAcKwLmM2fGVMe2RbxluT5CC0vN0/3R6ROdeggL5BnaCzHCumeBdhRCxGQykdga9EYWt4bxLyU9GyBjGBRERMozinKQW4oMbyrTEgFQFn/iEJxIUk7pFRkRWXeZ2iheSgCeo2brEDCYwawKcgYjO2xKTJuAbcma1lk1QQNhD2o47mcihHDzxptKK6Wo8ZZhyJpPJZDKZTCaTyWQymUwmk8lkMplMJpNp80pDucCBXVQDAg2ruhT609AtVpkZ0FUJVUC8D9j1gFNX8P/S23Qm59RGxXN0k14kjNsSbxLjj5QxAYVqkPwSTlATtlMgB4N4eCNWCS7bGLgKGODGocSmC6fQQxhukXHKHNuFdRWYoBTiVWio2NSgU58Ep24NrgqXUx4LCgKnfCZOAuwSWIa0B12O9SejGseZPTTth9hSxBFkjCXgKAaWR2EUd8TA8ohhidAdodkuoH+x+WzVFUq7FBA49bSz4h/eCdtsvXSLJYtvuOHGVavXusqYpLfx54svf+vbPn7MMc/dYskix6l57rLfHc84/Tznim9OjZvM3dQmNZNYKySfEzEZaRr6ZOC6vEVVBWRCQvPfuMpDCAv2lfxRMiRRaoAKZ5HyDTSZiODRcW1o+62HMfAnwR/ZjATSTQup0V1uRlmTdB8WhYrYKviIc3XLhZOooRPtAHLbodXGs4uGK7MNenVqNQq4TO5VzPt8Wrq4q6UfAybixGXcKk3nRPiw8UpATU+DPL9RcsQkCgS9jrfPKYr4M+/S/YZaMJsCiX8L3YHJsCQwbaNGTzKXdNFVaEPX4KB2MkpQEQzmIejFqR1Lg5kREduVbs8nkbdIWb/Zh0ScV7CsmcCng7hSY3bcgeRiwiOPcX57sadRKx6+APFICmnZRco35JhAoz5seWhbBFoYyGxFWBNeO4g4iVOITy2koh8IqOZzv0hvCofkCydpMplMJpPJZDKZTCaTyWQymUwmk8lkMpk2oyDFj7PbhdN4t9MIbeVBEfRjJRg06IclR4fXECwFMSWtjsIQWGw69FzkJyBIC2XCaMVhA6QucjqJgcdYHQcZGzFHkdNgP9DYsQrBfKJuQBy72T9uVZpHszNxUiiFfDSoz4AU5GQ69NpyigsILtsVqC9BLY7sgzh3pI6XiZH4Ao5gB4oWk7UJgSZtS68hbodWTg1p2lSNKm2e7WohOePU++UqM46SaBK84YaV8Y8bo0ygAlBEF1546dvf9l9veP2zFy1eeNZZF33lSydDKpYJkfH2lFZAtVPZDNoeBPI5icHyqWawcGpB0zSDuSZcOrTJnaL5Ymi3EBWZGBAQBQr2kZEOlQ+SAgs7dcsd2L9dcGJD8rbwXHXim+rT6pBkqdKrofdWnE46uExyQ5mjc/JHCbHQKVrDMXGu6eqS/EEcdhkESdLSJpMQbRCIl4mAVJywxbU0d0FAipToqJH0MelOYhMRaUS3v7KbSRx6+UDy8shZlPHCOleV2jIFVwaGbhO195CSgoygpBuS1DMEpvAKFpRQceIaInWy7Qxt+oSzcE+pM4tL01RvOoE2XHeQ5V+BdGOyHYn6l8jnmseIV23tS3ZwkabGYnEtGWEYxj9BqSeBZlpe3ONqQ8xJcLwqMNDDGaN0nJk1oeGOvUj5iDgpG00fhqvYr0ruT4A8SwVOmgvGM5lMJpPJZDKZTCaTyWQymUwmk8lkMplMm0ShAkIcVpYKAXPUssAoUkiev1czA1aTcJOGaBH2OPElZjzBccRp4oUWNSkEBzTFnKDhx+kloMtvUVJJ1DWEDlowLiwWAO5WpJvR2AKCiG1Dijw7IFOBTIuQpwTFhVsJPaeofrKz6YIXvKNhwkjYISe2EGqowS4nMfqNYURx6hhwHg3Z4GRERgZuxAH1tlNjrte52t+lsCa9wjhueZLRE6j2YBdDkY3OtNPp6uCP5//lrW/9+P3ud7cvf/H7o5mRrwxJXDm2qIZL6v1ek6fQ6wLXLGwWLlqwcPGCBQsXLZ4aDAbqxtEb0T5Eo54f4igBFfbTNfYg75R8Z5bm8EjLx23rx07GmV7qfePTq4+MOEGNpD0Feym9UPVRCv8nDKXTZqT0QWPZrfzYvZpSdqXLSdVXgzDu2KE9lhkJJ0YlmI+NE53wp7atODROvJVsSaTn2twj4gqUPEI0L5ck8sKOH4w4mhDxIEgWVA1N+YN0emcPEE0MViXHSd1BxIXXDpYFUe5asQzhVD8yiOnSJM+OXqve1qC4EqYe5BxkqSPkTqGlVIgayYaDqacSoZRvFmonvwvaKmgzf4g53ZasBsKOUCKeFvwwhOlRGHKHo1e8h+1hYES92AQmZ7R7qZRn6ytOO0TUDlMnQoChQCaxlE8+O60ALvrWuREvYc5kMplMJpPJZDKZTCaTyWQymUwmk8lkMm1epVQqLgfzRJASsnT2Km6SlQ1OmqaReK5kRqBAvkAn2Z1Bj+ZIKcdE6fF4dtwI8sw6iqlJDNYPKPruB+R0Is+5gzzn3zPiwNQEN0ueBazj1pPZlFurxm0mcuRf0h9p3gsKSAfNKUJcSlDXEwAsrIkaLGiov0BGXO3kU1NtTJO0wxjeHw2HjqLNQ/IxiHvo1COOTlMiEOgwJpVTRN5Ig9PnktLrRCSluvJOMRgvkIwS5CX+ufCCSy664JK6C/uESo7HT2pYaQyQn0j8e9ulWy1ZuHjJwkWLFpKmpqYGXu+syuejQ3jInaWvmavwkktE2AVBe1IyGkjh9zRSnOSF3TboCO/7jUvy8wvN58Y4NzkzS6+k6yAyvmde4gldaHodh3Pcg0GRk2L0AvkWZ34jlCaVqQS5h3NvS0fRUiSnD2kB0550LhMXDSWIkYVOFhLGIGCgE6C6XvU8ySua9ynNmII9CrhhdoBS7ivPfUyAX1pCC2USUoukTsygDLeHHIk0uY0a8sgtCk7yMEm/sj+UTBCQjpBEY+A7II/OrXo5DGJYIvSfGLFwep0RZxoKlIbLad4cSaJFG630asswCLsmxfLQArbEmUjngA45u6gIRqKEF63s2j1esR11MyF2TY1QaMZ7MYwBNwzix0X/VkiCJEnH5kwmk8lkMplMJpPJZDKZTCaTyWQymUwm02YVQPEXCNnZoHysT7Trfsz2EiDhdmBTE86GQO+8vDhoGo1BSwBb0lnI4+tKnGAMI4ZRyzQEytPvDYMmA4o6Q4wGN07NTiQWDONggoTi9TJwFkuJW728K7HruYXF7EBD2USZUFg4iCuBRHOdGlQoDtKrHKBLnGCmUrSbkXNetOxiEqsfhnamHU6HMINh5FNoOoasUxIW7CIg6Dpvc9s7gzsRN6m3x4qB6+MmZU+esjpXKsqk2l/DKwU3cZ1zdcCKJvuCOLf91tsTcbJg4RQ4Sq3jCFwoR8xGcqQTF8uQIH4bSvYUtqNYjHQT4tQ1pXr6XQz5vh6fRXVtOadWCLW3hx5cpe8RCqZnfoKS8ia5GhFgEJIfTfd6a+HYtWT6Rg9A1D7JiEuqNF+nsB+aDCrNJcrQNWhSmptO56vfB6gpkBotpU5kzA0KM8QARJocpRNSZio6YZt2BzZZcZlBkcUucPs4Zw0n0/EJxeO6vRrJZLMRFHuQ+IYHohrlZKSCNPl8jd6wPxRUC0CykMLEq9AFp/nEuA1oahxZAFpKkaPp1EaUs4cWjJZpknilI54TYi3CriOOF4DAzYxXzYYo7LpDf9TxRSCaBCaCkojS7QK0SIczGsd+TAqciCGKYHOtXHDgCUlrGBdDh+sio0wmk8lkMplMJpPJZDKZTCaTyWQymUwm06ZQAz5wqDLkiDOiIBwggb+kFOErz8hT9FRYE1CPE6/pK5w+8M/KMWp5Tp9QBaSg5HDUYnrsnyOTBJoQruIHHKuV+LUX5wA9K3hXWAHvss3JROJEo+M5ln2biFAmpqAK0adEN/xOk7VwXhtxUeC4LdBGCE6TJalzA8eAO9AJh5F9IgV4OpCdAo0SJ+lBdleI4WIyqcGWkumEMHJu2Ia12I7YcUNIl8AmEmVoYB2Xxe2p6IoamQAYL59JkR5ukmZdvbOkEcmuOOIZkSiDcsaCm5SdvRQ05RSlyDZLt1zYDAbNAFBD7oNxOmRikDybcKSNNCzJ2kT6BnAy/6FVQOc66+pTL8is8b1m1I3MDEPTNBOaWu2QLquZk2zKIo46FbvT6T4lOerKofd38uvgXQGzE1NPkLEYXQXkgFyz7zsj5dZqO8k9SXw92EeltAMw4yZjF4/5aqp2Bc7bg8lSJdTHgFq28EB4NXDJPifKz9B8gdwCFHxEc1rJ8BGfkWYdpoRnnOfKyaGQqqWsP5wfR5xWgJdayF1ELiaAhYHyLeCQIRJ+jUsFjggfCQHV1ASZX2nj3ZzaGAQB8Y64Fjp3k9Zx+QejKW5YmqmngdRvLdsucVqgwP8WUGtpxFMyN/Y6EbwEpJflAPTCKgZGWXpLhMlkMplMJpPJZDKZTCaTyWQymUwmk8lk2mwS04CcuCLlZFC4QQ0NUpgYnMZxfc6qw5xJ45U4keCm54wj4noQcgYIJkgCP3cf2BRBnoJPqS0GZJgymAI/BRxeBEk0IqlBskUF+NRO3ZGuQTZS2DzFl2uPAHdrVYZCciDX5R6V4DGPm5ophNAyOjKS6DeHkSXIHFJnq2FJqrMT9c9pUtQThUO+DKy0GIZtywgLtoSVhFFoOZ9OPBeO4iul1yHbA6kuiJ+BKylVOkNQ0yH1BqQmlf1QH6U0A3T35OY7VyL1+mnGRgrOUnAJqK4/YSlVj0DVMd3GQPLikBlJxIlvBk4TFHmHA5gQE+/vwopmSK+pXwSq8OkmgA4gkhsojcZON0C+ofW2gOxxUdL05LO4fHun26wuU2XQ0b8TE5LMP8qtJ1Vl4IzTZbkuK1M1IzWgX78sPIprOHUBge5l53o6u9W5pNTrJS0NuvEkR9jdgJTSiPa0IS806mYCNZaS99czGivjFS2bySEdGV5PKe0SgSAeUJezAK30TFxFEw0iJJ46Q0l/pBaIvwlVHLTTE2DCH/HCSoYrrSc+LCSuBXiD7l1ghoMzbTGZxswYJ9MZIo5AbnfPZkYo4A45oDBKIncnermugVAv1MxiYAL5lhQSJQSXBpJayzyabtK/BTJXfHb6cXLFbUJQylRj/5jqJi1wj8lkMplMJpPJZDKZTCaTyWQymUwmk8lk2rySMHEOoiKPCEtQAAAQAElEQVQWTCBHWrE8vO4kjY73TdP4AafWUQaFDRrY+ASqCDZo6JCcBYQ40YwN6NW2hA8deD/l/QJOw+AT9uI0sU7Xs4SrS0Fh58tO4WU6gMFtQKnfIdmaMKsjn3BkXpgCyVjRhtBqMhFsUyhciQYo28VYo3pVCSeU5gRyUJqJk9HMaDRsQwtUJJ5ohO2Q4BQKB1MoW4dabDlSaNl10+tA97pqnsOVAgWF6cElUI1s3q6pkRq+6BAnHWuTQqW4FMKG0g49ppOyB3otTEWSecdUvB3Ai0MJA1N+UIXFfWlgtx+YvnJ13QFzoiEsEA10SBRQXKaqiLgTMezg5EdeyLEA1fVw2B67lisobevcWXRjdirv3UkKFJQDtLMq547iQ9M5EMYtiSZIoQqtR3xIioGL+pR0Kqd33nUGNZ9duBMYg8588UbB+sTp8kKpQniuNF/lFEGoGkXwHPtzqNFHWkkhJ8PRqryDzDkxdOIUnvDqWMKFlCQRFi81rvGNZD8isoRtQOSgwIlpUNxHyLYkrq0gryPmS9rU9TSx4soLbkRYGN21tFQEwVBgxOl1RsCOJslgKtDkbKTPhfjInZgTHKnTCk8rVMqsrMiy3LN1iV5QCHLVnI8Ifcpe5L1Pvc0dEcRlS29UngIhQG+S9OalyWQymUwmk8lkMplMJpPJZDKZTCaTyWTaHAqSdMVphgmsrS80JMsxTnnqnqkOzqHTRA3oz0Ce169Aj2SOIjXkbBXBZeKkhZQ6giqkoz1l1Wnkof7KtqGjSR4NUL9DzBRDTajk8Pet99F4rDaEBJG8NVhfVCBx8qIgUWIUd4A6ywhkqMNJdhGfkRT1oYCUKUXPQzl0nBuFdqYdTbejYdsOvedztC3l05EMHNnLBkMyN4HU5xrwr+CgWcPFMMsGFPgD6iGfgKR0SJFsT1KMFMaOKiQIVLgJdPornbBqE1AuKMh7BzyVZa4LgjXoQhGTlfEOLShGKYx9iAeEYgqVsYfchL0exIoEUaaGw/ZQhjzIblTrkLpsT5BZHv00IEDHEyVTaqUBDnMfppLjzXQVsZOxG+xtyMcum5EQMCHzGLhnykTK6XXSS+9iUNIJeddpSX80kjELJKhLW58/dC73ONQN7CxHdJaA5SKKJU5akpL3h7ibBFkoEctIuHQbIdsFKbbFYxjIXIRvNRSHEBghjniPOkehGzkyORpJNhxwI0FJaF1ICbgC42Fe20mruve0x1GKNaJV2H4Fgb1YFPvRQcd8Pdi/fTGNNFWfaDjUqUBsIYJa1rAbi1ysTwm+AvecD3r1KBZLyf8qzXZw45mhTCaTyWQymUwmk8lkMplMJpPJZDKZTCbTLUHy1LxYWzB7kp7TL0kR1EsjBv4GjRcrk0bkUyIdKp4YECxB5zq+z0/Xg6Z34NgkH9uwMYrnrDqDICiFRnMBalyiVvYLSHSB7J0lui8FbiXBynEEoOe/QJ3nNPmNuBewgoSWUaLQnLZIDAaqC4dxSxHpNMj2DKjh5uRxEv+0o2nKpIMzYbQ2bgC2oaVhVA8DnjQ8J1JjMbk8CNqSMBBws11x5WsCnfaVudXbmcs71zXVKCBSxkzy/6BrXtLJnaM8SlVz9bceU500bUCuh4Epuo2S7w8M+L0UCGrG4aoakjEIQnEd6XaMWHGAWKkA1sRQf6IIvMLpThT+wE77QuIdYOwkMHHbJ8AF2Tclh/+VToIJ44nJ3EauvwOdpAQ34KGPDQAmX5CqGdDJ+OWSRUpFk2GXQZNLD2kep7w2QegswR7i2X2LtVtHnvyYexzEtKS0jSXmP9VEI4ZOay5Tw0OGVPJMKh8Hl1KV0e6WaAxqsQ+AQZGvRmyDRsKMMRfCe8htSFrQIuEmsYYhD6q8BnIloZ18X5JnSeuBXh2OiPWTJjRKBrETDy3B1M+ecvHQtg9KnGiCKAZiQhp0mQmuondkKjXc8FY7qmkSOCKn8hCoR3mG56mJOkDat555Fu/SuDGnEtgXS7kcfg2du9zNxzHHZDKZTCaTyWQymUwmk8lkMplMJpPJZDJtCiEmdwtwVUoU/UgSJsTwYAxqNw0M/IDgAgBFTjQgnhKX5LhwjqdTlJVghBhhbdsY/QyMm3jnQbOAcKoezuHgU+oJrlWdGpxGvzVtjkbS2RxFwpSyXaEVHBDveaJoyVu4iiFCrcpSgkPTOYqvFjT0eSsJccRkRO1jBECJIWhJfCRhXxzjFWgzJ7aIUfSQki0h5+oZhXY4nJnGMBNwxiEl0yFLBKqZuRYQAoGHupXqvcSXBfNIsfzeVU689BJQHst3k/ZDQVBqP5L0mn1NXCIXKtAkm3e4Dlmi2ErNlEAHSanoio5FSu44OdhnZwZ16QgDj00ZrvKK2cLDEY2SkAAeLl+sRxBSVcBgQpNS04Scwkbi9wqijDiNjEuVe72QxJGpHZFm5sFu70sVHT+VjNsULxTNsDUrCpYboxdU21JASq8C/SkgiVv4TD5DUglz0zQ6DHhAIhWEWsCO34tACS1hJXpWuc7qpqLawPXy7CADUwlT8bIeMhkjlyplEquBUifntQktSlodl7kYn/rJqS0H56WJK6fgIAR2cF4ZAkG4jjbEuybEetrANyuwSUm8z9DxhpB6rm0D32owivckp8hp42DTzUpeJoG2QXNnqRuK5NwBxc90VU1sj3QruZk0igdpMe9KRiC+NHAplVNASeej3IpjkxSPmJen7qAKJYXcYV67KJWRNkLqKq+0kLBZOvY6XTBhTy7nE0tVOINOTCaTyWQymUwmk8lkMplMJpPJZDKZTKZbhlBZhWQHUIeKUVMsUDad+Af8wE85DlSyxQn5k0AV7M8Ig+AGKScD0QjDtm3l6XrHbgd8aKBIsieTCI6SI59IoRGJbkrwkSPmVezfu9pygM/k3ByJF4I+Gh/WL07JMX+PVSC9XOS6asIuMLE+6sbE62Atd6xgQAk6ITJE8RL+q4AVYnmi4IeMcFBiByFlzvCYkAemSTgzB0e/ydqkDWE0QxvDNSGGwXHoJNCdHXE09Fs2eIxa1Ab7Xh/A2EbeIW2AXrFqVoGDjvVI5VniKo4kZzKpUZKMnEDBWlyaTwU3qavtfNCd3nXjfWF28sBhzkM1aNNMzWOYTU2cxPDJY0IcIag7fUDAjJZQhp3UXiQTCmECBAcgxIUj9F5mJw026JA4nbqSl0Ri9ZhylIR8TR2uwjm9rxPxokmbuM40PJhoGM7MpKCAXrYXtyR1yXAZCNGZ6uZQMjVy0KRJLfezLElUReMy9yJ9CIJSaCegumkQmMNeQIRm8MIlVBzNcpByupGH02Xsjj4KgvqUFDmp/9TohLtIbspmasA8huc+Loly2qBJcJDNgAKntAlkDwRDlDssNg9aSo6DDKAEIkh4Twte0+KEWJJREq45HuthIPexcCSBFybxJmF3F4+lh0AGSWd04o2EmxG0UGek1K49khityuwKS5YsQclcuU3LCoQu9yb0bmFGW0I5SmvPDAlPXSzTxrkCZincolhMGEdbqtREJpPJZDKZTCaTyWQymUwmk8lkMplMJpNp8ylkP5MUayxhRdC8GgPfNPQnBnXJioGizh5y7o4UaIRkUlC8Ijj8ijGuSvkiOMDJMeyGWQi13+CjU3S+zsijKEHmNyAzBmKFkgqlfA2pzZOucl2B78nHuJ5Pxvx104KhY4yGZAXpUA3Qifbmv6EbgUW2LXFQeS/IBiaQRVkfOW0Ycgx8hsdqGNo2jOi1HQ1d/IjxE+dGnkcpBtE9qpWKK5lhkkOCpMdwFaGB2ZSme3HVRrd3C4NSeCadAVAC6Wl3BzdJ+IIrBElJxeSKeUdqH3T2pJOUal2uv9M4lU8t1esUuid19mD11BYJ3NIgvyYLcepMocYelGfFZazGs+MHl1IrFXK2aCBZVUjJXKcTnIrNiAZEOAS2S5FMOiG5paCSI9BoxyS2IN6FXgEivkP1klKOK8goUGELsgnFOiQ0hiutxEllXPDlZk4oDGqvJh7Bt632LeRcLS5REJjmNwNTXC4NiKIzCOLSwXeEgBWCiXBaolFg/Afy/UVTXKYKJ9ChWlpgIsiJSwxIepsQJJ0P3XkjdMN467S80rFDSWxxvHWGZF6iziuUXYzIEggEptD+NuCI2bA2+FbAFc/JbvyABpCYEp/6XhgjcJq4ip1UwCU7Gy8dwFZF2X3KlTJlPqf0P7LUajItAXkU7UggiiAu/UQ2eSlksqcMq9I6vbsc+wsy4qQlGroHVRxLf9oktAvcPKagyWQymUwmk8lkMplMJpPJZDKZTCaTyWTa+KqJE4kZapYUEZmPQEOpddSfhH0X5Jl/Dm3Tk//ZGEAj+8gP7fPj7GE4olBs0Ii7IhSxVvk/W6Y0qCl1JNCsoEDhDQCKvQXvcLdJqaWLc674UAjBIf4GkvKGvE0Cu5g41P0uJPsGcOpLIZW4uq8SVJQyjlDCD/4bQ9sO2+Ha0K51QPYLpNEo/h/jnzBqqEkte6pIwiSsws3J/ULC1i64Thha/ipg0Zg6ME+VVafb9BpAqTxOatzEl8pKSh1fVV8DK24W3KRroAJjoEm3VcJ1gKInajVDJhvaOYNzbph2kreEPTg84NSA7EumwDU08RmnIMYgDChXCUx56mpoKXcLaFIrugTyl2mc15uD/GSY2iJqSM/r6aQt3WEBmSHx7MDBw8NuRF7JhcZn9EDuxnhzMm7ilFqK9zbZDSkCA1hTA1juyEQZqcGJy1iP7pEegQ6wMInb0hnIS08QyyWagJIcy6cZG/vDa2YdThpDG75JjJs4gDAR4qkDhG4LTpg5H3zO2kNJuRrO+YLImWvY7GOGctoQNUKZbhjCGIVWrDYI9wluFHDI5EjLhIsYmcRGBjpAOBg3RDfTtjMhLnyxl+OC6VvxnyFmJd3MDJGIKwsKWeSJF6Ix8z4ID+IZyGNzKZocKEstL81ec4ZlOCZBXbkreQyTYUm+QaQOwUpcXuW7o+BAX5NVyvpptiPGuJDgwI3RR1jvShZK6DpMi8sWNHXjjTsxmUwmk8lkMplMJpPJZDKZTCaTyWQymTa7as8C6EeJoRHl5BsOsrmFV0QC0mEJP9A8HNCSacZo1NIz/+zewCXJLYXz1lBEFbQGPRuF2evI/nz8RRDxFhJ67LXiJqExKB4LKaeJBIiR83u0nEmH/4Q2p03J2EfVBOy2JQdpoUqFIQM24sradrh6NFobY+YAMfZOO1D+xKFjEoB8anK4O0WCA9kypACx7p48El34pPNBL0uO6w56hRp18+Ak3AS6R+WUOr6qp5jxQEZPYOJRNWtS2JNJGIoU8RUcQwOUTIPk48Fpl10jgwECEmBYMNUMIEx5P2gYMSGQhKCIxsU3zYLGD+IGwIAhr4GHxjvCVDwRQop98a04iHemJ9cS7+Ru4r84vwykyyTuJARqogehKQjMYYMM+j8EbVsI4vuRbEniqYhHgjSmqS86xE2VV6VJ+8Y3XJxD67yJV65JWQAAEABJREFUPQNWNK8Z+kAmcQibiW1tPIMkscYBG40EyfcVvKPpGRJNwdfHUAjVQcwUjYbcRXSdLbNALbuABM7KQmtTOxoxnjMM8UDfEn9DVfLtpQ4fcdZzHpxYpg3Oc1Ibtj/hnDCcz4pXMkGHmganKIWYH/AA+tKp5BUk9I7OzAT0CIkVJPcNm4B4rlAtpjjhkJJhQZiRNMGwnqnKDOrMz6CQz9M8LQwJVcn3KdTLvxZer/V0/TygIJvuqMZXDL2dsH7ncouhe+pbytpvMplMJpPJZDKZTCaTyWQymUwmk8lkMv3VS6w10KmFiewRn5NG7EiklNO4vbpLYH6qPkUzuQDnZQgzZJdBsdIYJudQMrEr7I3CwfMYOXccVk1HJnAFJvIaE0ObNyFpzsbTekVfZxNiwU3olWLknDMlsNdIK/4JLidmgZw6AzNx4iS3To1b5OBuMn1AyvZB4zQazUyPhtMhrHXs9hBP5zl2z9lBmDXBOrCsYd7s51FftLItYxdVMyU9emH8I+cSSlLneYJ8McnPpK4k9ULecKVM8UeZGzfp4C/dnXVjoWq3HCycVByb+iLiNB/4nW7PPBZ5apBpDOIN02sAR7Gsa0MyoSA4hLAF8t1oB0AGFw20bIlC+FYcpyloaD8jBJ4S4jB04ghJ4eQrtEEkSkM3Ft9hlESnoZELbEqEoPwOsluGAkSpoXqRSiu4TJVNIk4wf9IhjGCS5wRCIODMd2mVbhnBKNihhcgMrtOHEaWeoRxeDVm68OT3tKJQMhrk5DLsSpIbJZ4tcf6GEFccJk44xw1RWqOWrFHYvocT5cxwR4yITSHDINfEHmkCgx8tSuqc2NcDzDlmmGoJjVenEc56Q5l7KOMUukSH0LiBOkAFXuO8T64sqa87JBgvuDrnvCaLUbseL3mFgvSspA+K0wmxNwcTbpJz2mjSJRkxSZojVFqH8sBEspW7DzD5onipLiB27rB6WDP/kW5X9cpyEwAUgHUwgTDB+ITk1Z9mrDoXksONeJ84k8lkMplMJpPJZDKZTCaTyWQymUwmk8m0mcVh0Ry/43webIngyXxBw+oAKSQPKbVGI8YnKTgoMUAvKESMD0+zbUDIgVoOy0pI3Mmrkwwj3ktwn00bsCR6cBJMLpHNsRDoLQU4Sc1CrBPIIMDE9k30Q6nNZtKFYqsJW0YtG0HQZqkE0zYoA+Ikz458HDCTGfyWPw4g9AknwRkxFxRG02tGw5mWE+sAWToEqRlcyz4P6sAgPIcYUria9qBLliw/Em9vUlcgjF2xhxrY6HVD5S/ianxHSJFEhCT4oWJWEo+SqZRSpvAlUEpqLWlj3N0kfdptSxeC0Q1flfPJYUYhDoBBGCxMHwc3oJ5YsGhp7HRCh2hAR0wEECjQOsYukDgf7mmgQeJBxzZAYUHYlYQOEkyCLWhQUrI4yV2iVkE8cMCEBr/yUXG4wgxt+NptAtkMxYtpEae8goIPwIRpDOqzAfmmhAo4qjbiZBnJKZTgYWJBMIxcjRjB0Ixuc1d7NTxhpw/mRQJ7kDCbwpYu0lLmVVyrPh/x8kAZDLlslBRfwDALDwAwqkNtadwU57jRNGCcNiyxN754iXD6MJfyganbk1TdpquQewPYiUjgDXnrMd9xZY3Q7FY5cxC/tK7MMp4Unocv9VMX7SrquX9wN2YQRCc98pzpLjQwNpy+M7Qy7GW5ERRuchvSgRsEucuVufrU2jB+V/5xkMm0Ac9qMplMJpPJZDKZTCaTyWQymUwmk8lkMpluknI8UagCp8/a86P6YnNSgIBsg6KB/MSLSASQQ+XgYoR4GHBEUWIfKKLsyeNEcROvAApDJ6E8oi+YhXMdS4TNBJVolHM9wpldEmP9TtapBrHxGq4nfwc2bQjtyGVbEYEP1IShE7fWCjKzIxlwJHCsrhQ8YlR5jOEPMQ5ROxzOrA1h6HDIqXZGAVshSAg9wUQF6ODUTiqd3oExmgTKgJb94x0EbkK0ujIyyZBJbT1SjvVMR0GajdJU79JWolV8dZZi4zOGm5RKXHWuKoNPPjGUaZvvglJdGgRk1xIdGS+peMRkommS4QykRCjSvSj8jtAcRFiIEYiTMcFE98hnnI1GdoIiJ61L+UZychzKFcN4CltfMHfEFTKVIFRB0HuNJxKPeZiAJVQeJy47nWA9+ybcM4DBzS7NMiPeR2rzIdm2GiLeOH0QGYf4uJKMgoBVVEDXjlgMyZlDJjwvK01phiAjjjm4vFNHCwCyKQ7t9VDGlfe0wSXcSfd6yO3lQUTFjLC6aqknTQy1+ABdWIlTqSdwufHReag6JNl4ZDCn3M75OirgrtvnY4QQGcaUrFrVDZcnO0/Xrh3NnCo3LI7tqffeXKHcS2klYYgPOmvKulEYk8lkMplMJpPJZDKZTCaTyWQymUwmk8m0aeUFNwHJqkN/MiTC5gGZAkDJsYPJtIAD2Bz4JmOO0cyI0sBwdLdx5BFAQWRGUog+AYCxJ9RBQsnVHizQwWYKLGoGjHmdHSaEbPsHTnIZUIVE/BAlwtF8cnUghwfOrVMhOCkbRXryv8qbo54aCQSgnCL8udoksBFLrHDkcKYdTYcwE0bD0M7EYkScYBuHTrKSZDOBDBjlWK9PIW8/3i3Y7xEsuEmJaU/szwJ6JP7DVYWh6krIbxM0kCdJ71y+O3syU+IzjpKGrRyaKofu6EEVki8cDCeLKmeAYiYhG4OmwYoO4P3BOcgkj9wG2WQCxchB3YTQedfNYoNY186HhLr3e34YwHMIE/ahIAtMS34mPQaw3MSu8GNVGe27zJqoWUnAap4pJ+F9pwEBhQipOzIDUEzWyBD64Dx7jQghxPYgrWviH8duSDRiYQiuFSePuC4Rv8FcFPgBsvMJTUgfUocAVsOeLkxPT9lv9ERsBILYG1pO7OPSsqZTn5MQCfyDeSDEjiXXLEeRfYogTSgDmvu0a8zR2Ro4VyErLqTPQTihsfUFJyyhSvhU6WogDVk+THu+ODLNk5abvAh2p98sKlAUy7v1FV+Fh2rJE06mJu9MJpPJZDKZTCaTyWQymUwmk8lkMplMJtPmkxgWeDIjobCnB3E38TFk3rDLiWTH4Vil0ieU9cJJGJ+Tg2jkkgw0ZobtcDRq29ZPTZHBCSfNyVVKVh1MTgMOhWnRQGSVSQfdzUZN8CZn36lOPHcj0PUcP+ot7PIB4wpVdFheiC8JggoESsIi2VVK4BuUTHBioqBHt9oUFMIECfJh/oegEzK4oAo5wQ6FsNswCu2atp0O7dCRH80oFmQYQpKXtAkSwBwgntSTUC4ONR5MSVpq/wZJysPt8mOdWUMkGdcY9zVx88FNutRHwU3KfpfmbadacB00AbK3RT4j9BpTN7lzxtIj8d5QvMMNIEfKUZJYueRE4QWqEi7BdavGhAIgasP5Fq3ACEgvdC5KpAMKQviaRwIlQoJCDHSvBt8sdCVUL5422sK0AeyA0hlymTvVydNldc43Ptl9UIomtV83BF2BdNaZhK2AznNi03gcZfmI28RDoV4EZ/ZCpV6adDWeSBWZvpPyWiXQJ8iCBZq7BsvH6XLSAsVtSz4bwjeAZLrxqICQmp3kaaDLFqbCTumUYmczLjXLSZOJm9SksZBt1OuGupGz4RboJp0re1i5DaheAyYtuIVVch14raPu7s794KsyCkLJYOfdBp2YTCaTyWQymUwmk8lkMplMJpPJZDKZTJtZIGFdSlVCf7PBSeNTngvvHFQggAiTPQCmcHcA1wYctu2IUrSQ5wFHgRuJIHNl8uqxPvOE1kjumBwIn6XYOiUOETc7xjofp5NZ4JZegHXytsAjIO0lQGBEeAhBJyhUCgDq8/xVWg3seCg4zfehAINkcKENSegSyLlkxPWzDU0bR2lNaNdS3hVKpoOQeBUNnStCBBMuaHZ5gBzC911AA5KtSEJPqk+hu5nmWWJF6hrSdscFpcJKXN/4RM9YAJQJuEk/yU55I94+uQ1QXVAhTXIlChukERENkLw68nsFEHLztZ+FWag6Im9lHAT6k4kPw0xSgDo/uH6eEwG7MB+E8R4fVNAJvwZtV9Wr2LlPnVIirgIw8kRzbo6wP0g+H4c1MaHQCS8HykqJkUrqQeB8M7peqPsIDCosRDM/YbJp0dwrcpGQ6JZuy1JLAQqxgKXfe5MbcoKhxOsksI5fGyewj8MyIUG4onReUPwjjwjmse9mypGJU2a14BUd+xmoxiffKBNvxyB5f0pjb6pq0Gw+jk/Ys9mZveCknVBROVjd/KHih/KyJJ2mOazAmBOTyWQymUwmk8lkMplMJpPJZDKZTCaTaXPLq5eJpxQ47G5CWxx79pzdwlWBezkEy5PrGrZlnIGIBjISaBoPnhOweC7kKX0EP8+fQ6USK4YJkVMEzaSAVcmbon4Y9KYCKPPgTuqUETC/cG++ulaS6cg2WVOEkdPOkYQbMbgd6kNASpZzSAoWn8oIDhCKeUkYtqOolqxTXNu2a7GdjjvVIqVYTsiANLOwPmGWC3G1Gwh0SJFQtnm3951uquLorjO9XA6rQy40hpuU84GbYHwCro+b5GKuwk2g7JiLNamL1eILEh8glwEgl1IcDRAX5FuGCiJbynCB5KXB1h++OGJwFal3CmEUfAOodia5H7zLNhq0R4a8mnpQPHEgT4/solEH+Kle78rdGedGyJVk74zerAa3DjchVOsSrA8m1klHJqS+XZBgFEn80shKwSRGRcwQ1BG0wxV0Q87wQugJgxFAt4EwHFhnfsnJqxwDGQU64c7D4u2TQBPlPMo9oJMQceDy/U3GKgnY4fp95qWcc9nVg7kfRsAQElwTivMHTzfAxF3wmTH4QaN9Mt7B2BuEqr+pb6VnpKAyMWUJm+9iyshbmlzOJfBtI6oY6JDbklI2eSWlfvbcN/Ivk1O/GYDZFyaTyWQymUwmk8lkMplMJpPJZDKZTCaTybRp1DTsawLNgDcGnpCRRKJACg+jJsRJAe+Qcn/EeLYQJ8N22IbgPCfT8Z7j6hwh9CQJrAJAlUPHdaETCXR24//O3ZygYgm2zps46YMN8xcV9/Mo17sedTfhEDEmUAYTvhEA6mf5Q9VhGVupLCDSHuZXKCZOA0P5jobtiJxokIiWGUQhTthJRZtewuU4duEgTAKyAURPOS4NanACmL0bvAIgFOZPAfXcVXri+lyzsCZjg1Ln0ylNT7MTSkklSApukouN4SbFr6LTgM4sGN/joUKyeATjVss2NQSdJDMPLYMu+4VAgn2cYBWpVdrdalYjHAh9zgldoLijVOiJDmLFVZT2Qqczs0UJ23SkrEh5CBFLLylyAWpegwmKyReb9ky4SbAMHk/EHiXB6FFn1uJUaXGCaDSxSgarlJ5xilIk05LKf6VCZiQJTt4HkksHKvzF5/sQO9NSwRSnIBiUa4ImAzrpDqkMeIBzSEG6+kzKAKaKhWMRpiTZycgtk8az3HjQpP6BritKRlVQ7580RXUAABAASURBVEpX9bhyTfmOLB3cFUzGR3RYMU9z6oB1In8p6dGsn89yfsxATpp1akyFAXRqYUVHxRLBe+RFBpVIIgDFw7zWXJPJZDKZTCaTyWQymUwmk8lkMplMJpPJtBE1YIsT7wk3ofeQ2BCN4utz8sSgeC/xQEkF4wgsCSOyNwnDNrTk4UBpMRwMKIDopQIJC0KVqAc0wKg5K3pxaywIgX4oKIZEGlXzAUI6kdCJwdNJtaw3a8K180sdzE0AQ+cKcwqbHFGlNDqS+MapfQzjJtAhSFw3hYTazGSjCdAUIE59MyiZDg3IaIZwlnYYiDdpsW0RR5xPZ8TESUt+C6mhSDlYENS0Qwc5BeMndB3bOtSX6lJMnf/QeGmQHEpfaKqUnjqER9lZsyNlYyJu0v+IP0kwyFy4SakKXMWf1KdNEAyUq6jbXhqvriI0omxzQv8fQCJ4NH7OneBq5AIwIQm9yjGd3VVwiZvAvbh6ugzSRiYqhLqC7PoDiWrq1FC9OjWPaJwrfAXMxZb095bWQ8cho5exJV8fN8aPoRBBBwVLXhrn6tQ0INBPSi3Es62eQT0aJY8ouNlJtnQIL2DdC8xjpjcGZjImkSvlXs8d2u04JXXKvtxuraUsFVgRMFqXQjDpLHFMQ6dfGE6SVgjAIaBTua7yd2kB6vyRo7DuCWYOq8bnPsPMeQRX3XU0W3xnzU1coa9r1aQ5erFYpY5Sxx9mbfiwqjneV+sLp4yCQHCQpdcxmUwmk8lkMplMJpPJZDKZTCaTyWQymTa7FkxNKVOSIvWJNklh1OwaIYFE1GhvC0hoA+EmFF30fsBZPMgtRZ0TKAbqxbRBY6ASnBcHFAcFWNDIeAIdUv4e3pSQ5YQH2kvE1U1EI+YrvWQ3a7aQXpQ/B8ETGJEz+dTQifzB9EcP5X4JDtsguAkWQMBDCYiPecD0m+tyCBs1YAwcgMdAWEk7mh7NrG3bYQhDx1l7eH88e5vzZqibBod9IcfoHVaJRXDs8nvBaw5ySxIVhNwyz6hRRmMUKaguqltdZyeM9TnkC85T0XWQFKjK+gSQyPTKzfXKjSjIAFDTJKkyV7qh+nRio8rp8l4eSYJ6ggytw4ErQX/IuITcTNq9gqFATQ9454qVRtopzEEVvB/DQLAgC5hn86SR615Bcp2ABHvRXl8DFLPeEuPGKs456JeSG7ucGbEPfODk+jtN5L/FhkNOk6mFeu5OuoHBrbegD+V0Gwa5hTU/so4TpQZOKgf9O6IzX+TtpANrMiqZnbA9jt7etXC8Lfkj7E6KtKzUcEz3MHRjVyP+Kp2qsicOwzE6NdsgnZsHTIxpeFjbRKsh/wmKKQIbJaldEl2kF1gr4IAAKaNOTCaTyWQymUwmk8lkMplMJpPJZDKZTKbNrMGgEfMS7xV7AMmL0wFDijge6REaStzShpnhKO5pmimmVjyFBDkM2DSDMcZAo/qowWKYCHmgPLE/GUXYuLpJNicTJYH1qjbNehEvOXZbiwQnCJmQrSGg9l/ohHx7thScwIYpE+ZHAj/tTw4WAXEU/4TRzGhmum1nHI5caNn7JLCZirAFyXaj08M4r06eFOD12pZCnOgUEmsRVxwofDndWJS9XF2HNXEVX9LBTbRoMSnpgimZ2pA2zIWbpH0ulctnhbpFMGE2K0zjE+NRJE4nk68sd72yKi2Ar4vhBEBALEu6N0OP7xjjDFL3d0uPsQgZKesZXWS7kslUSB9V0LKuX713FZEFkN+Vg7wfB2gyLsOgCVTpfXLFisR0cIl13sC4znwx8xFMmArzOw7m2QAooNV8m8QsG4zdyaXnEgOSSySzkUTFVa4hlH7J4SSDKKimEgrsJmManKbUCi4POBkvIXv/uAyXAA+uzy4xhFkJ+ybJhAJwhp2GnU48YKM2QJ74Em5PNr1qcC48yGQymUwmk8lkMplMJpPJZDKZTCaTyWQybRplb4gS1xffE5fC8xo+BI1MAoUVY3hwFNoRuZwEJyFEAlUaDiv6yiclnUOSOBTLk54RQ25JbsXm0U3lTjrR2RSr1cf/03siP9rYZwyCYDKNSZhDL3qa6+jaCYAcGsAlZoVNU+JeSpcTRpxSZxrD0IURZ9IRK5WWz9EmX4vMMszvYifFycs4saFN/F/DY6zchu7kOHtKSOJnH9YOa9J525kQFQYyf9zEJT5lVtwkUyepyrztoMJPJjW/fBrY4STwYAgkMXAwwZ+ne809J5z643yscgMpmVI29+g1J/tuyCgEtVQRC5pcqM5Hgvoi92qFRJRTTTiPXnCYhUapqk/JecoOBsomlu3UD/Uema8wCxblq1xC69b8sY/1EMy+c36nuvmwGxZ4bWL9Y9vKoaCr3FpyMxLjkz+pepgZoFKVDnDC2OKQhzRVsXJMittBV4Qmzmx0DXlgJXck4uJaTakTZ2iIZdjfig2AGp2zWAyA9FpBczCZTCaTyWQymUwmk8m0+bRy1ZoVV1+7du30mjXTo7Z1JpPJZDKZTCaTaQNp0DSLFy9cvGjh9ttvu3SLxc50yxYG9jgpNgoxqOjrnCaOI40ppQHnhkHXYhgS7QDQDPi59UZDmK6JtVFcMVshSG6TlPZhXN2Qq3eblji5+QFf142Sp4B9gUY0SktEQhsEOsmHlKh8dnYo2VG0cnrqP8WUeWeshlxOiDgJIQzJ7ATaEIcljCilTjvDf0aaSUfAIPE0ANQocG65uwkXC5r0KCUBAcWOgCPBnGNJkQ7yvSETnQmmGIUycS75J8zCmrgubuLypxVukm1U0v4KN1GsZFbcpGZLcjEY66NuY6A0nssSdFJl04kvg3JkCefj2PUrNoGdQem7nYw5X0Cf3gCJ/WeEBWS6VDRCAWsqYd6B+VPEaiDSRz1YpQOVzTqNet4rboIPB45d70RlL5aJ5ht8Ic6vqxIx5wjloNkLduqerUFlO1NB81S+t11mNmY/F6pnTG9vEIOhMsATTg8426lnKyNJjAqcUqVDSveIFswrlky9dJC0KBGFwjTRPzBOsufExWwgdx13Ga8UNE0bnVHodeHg2gMvfuqU4pWSyjmWcJ5Uj8lkMplMJpPJZDKZTBtFl1y6/PLlK5zJZDKZTCaTyWTaCIpx7xtXro5/rlxx7S4777D7rsuc6RYsyXWQnlvXoD5H/zCZDEhSFmgDOXUMHY7Y5oRC7N4zYsK5EAhV0cwHHHv0iQTwYveR2IA6VgvrbN28d94UZZcXt2HFQdLsqkDGJODY5STeHCPOZJQ7XA/IDRoPo8Zul/AtiOMAhW45FoyMsNCfIfi2bWcwbuOoHQ7jXehQrSg4KMw5LorzB49qlfUkEzLyUSpSNhKDkGEEuQRGahzFi8FJrhnxOGGvGz5vbeLSdI0/cp15Ow8G9Mq4kmoHavAkf1DIlRpEcaVVpfFz4SbQ7aL6b+iF3LlOXzU8JG4ke7AMKN1UV2NTDeqgfoIQEplRYyjgumgC9G8DzHeudEHg/g/900FdPpMK6Dr3ZZ8NGXvfP2KieteaM0yNF8w1zl6V9mkCO2rDEhirag7hPMpUTe/2AmL3ZD3uBHtgTjqkhwv1e3JsuCf0m1RVT4jsJ9Ib4u5hFTXUZ5ZkfzUe2rNepoWsNSFNq4S2BCwNVQMSyf3kQOyuaLEDzjyFsvADNp5Xfs/WTHHkfCYYsR2QQ5IAKHRGPnfQ2zBgumM5tU4yPPHSZi+tM5lMJpPJZDKZTCaTafPorHMuXLV6TdzYfrutt91mq6VLl0wNBs5kMplMJpPJZDJtIA1Ho5UrV1973Q1XX3P95VesuOGGVfvtcydnuqWqaRpIwXIBETKKkdxKCBlpkZw0ZkKgDaBt4g6gYSMTz4hJI6FwAS28byRjD4cZq0irJhWZJ+oxhh+w+pYCOL5rYmWQuQC93g2Bm3RiwVphqKLklNQmsIQ4qZuTW+/yZrdCNgppFRxR1gSBcxxhILuZ0M60oxnnZtp2mr02AiXWcWIuQq8BJPkOoBsDHiZZLIynU/FdV5LEbOgmJLxIPE4cG7MkSka8DLAwHZMQgTLn+q0pA5RZk/ngJimzT2ozZKBKWw6V6UlGTzpETmkJQGdfaVp+LYRCbhG3ZZ4/NCATWxOnL1RARva6mGXKakt8MisRZ6GmTxKVSYeppWqIMn5PFUSj0zMwoRX1wbMaUOBYUajmQH2lVYlsucGvvdRcs6Ans6p3z6NzE1cAIurc2OLT6ZEJ6xdMyN0zcYXB3g03x9o1AbIp8ElbcSq93pCWsrMRYEWfVWdNLEnBTiBVQdYkjHTInSP78vpBC7qAb06zN/E1EG7GaXFkwzGC6EP8Q2ly1L9ESro8K4mLgoA1a5e6Wf21tBM9hoTXBGoPmwM5g05MJpPJZDKZTCaTybR5dOllV65avWZqMLjTHXffasstnMlkMplMJpPJZNrQit+3t91mq/hnh+23+eNFl8Rv4JddfuWuu+zkTLdIeY0ZYrYicBx1pAAvG3JQ7hbkrDAIMXwYgLNvNAOKVkLjNZuKWJh4QRTAq9tFqVBdTyaHhtUXo2SQ8NVH/eN6gV2Jl4+jEm5OoASS3AYShVRDMhRQsIbNL5BYk/h/ok8wVGwDdqLwCYjBoEHlHEbWDXmqn0KvIzIyoUw9M207bEeUTAdxhncGDgcHieqCOF1IkNdnviSRH+n/E80fxJQGqykhJblm8OxzIj0vUWZg5sgDJOQAPVkmaCpbISGauvbe6bqbUJXpW5vUn2QuRD/OBaSiDm4ChQkpB1WoisufzcKaQG+SQaFAyukF3JI65/90Szar6NmA9AmM2ec0D7FephPIyHVsMIT/crOnYMFuZa63j992Ss7n5sFCNhXkq18mMw8w9+k3vJR+gNk+672q5ZM0LWDbRY6cq3IV6Xt0vdoLFlSX0vRX5TarIaHsdJJrdG7sLNXQQmpJvPE95Nse86JQDoOUGEdtWoIMKt3BIbmPBPRIa0HDl+8zcoRBLkTvAZR/NCQPm+yndDjxn45GABIlfEJqJON0bGrilZHS/gkOu1ei3ehLL+jWuuefyWQymUwmk8lkMplMG0GrVq+97Iqr4sZee95u6RZLnMlkMplMJpPJZNqY2mrLpXve8Xbnnv+nSy+/aptttlqyeJEz3fJE+XH6D+iXQHvgMGGM78UgZOuYm9Dn4Dm0zrl1IAYkHSMm/Ni7oCo5oqsVcnnnNiTnoVWrtcO8SmJ1yIZqiYIWIT1+j0yIcAyXEJG2DeQLE/cE7wWEEHOBZJ+QW54sKQDSXgklK4YiiSxGSAl0pjGMQpghp5MwjHucG8Yz8eGUdkcSXPQcFVIwO3R2VPJVoYRRiG1BcZvIKEYyIVCXm4GPc8A1dH6U42HMAMbDrNF9yF1Zn72K9ruCm1RlxnETl+CQ1NPa2lL3JNyksjbJh3Sa7vq4SemgvAPEYgVSO+eGTrDzV2ncLOYd1dx1brZoex6mVCi4fMlePu8lY8l+Jw4m3UBQ/w297DFYIxUdTKBVFwxyAAAQAElEQVRqn+JXUgbGGi8OHKkOxGomjAEvZT7kwuuvns3KLIJiWVNKCqShFhz5FlWzkO6CUo1gj5ADgDzO3WbVHZWXAtc3KOmeACfMIpfgEoQ8Hqirr7YnEypaXhxL2EgJcwYv/nvUxoW/cX7Kw0Cz5+R70gtiQk3PtF1AQJ1KXicN/dORmqfnVf+U4qMjpJZiKfzPEa2gwExKWRbTklihT7MPoclkMplMJpPJZDKZTBtNV151dXzdcYdtjTgxmUwmk8lkMpk2jbbacosdtt9mxdXXXXXVNXvcfldnuuVJwtnyBDtqQgXxTADmJlzrQkspW+gPPXYuUXWvKXVSVh2vkXqEXjA+xW5h7LSTm5O3UJ+QdxMzVPSPAlhnhp1+bo2Uo+PmK/l7MFuClEyHct/EvylNR5DW+tSpRPlMqEED8E7j6ah+AxR9DZyjh4EOHYphCGxwEobODWPFbTtKoWSELiIi+VNcDkCX6590IblHlHJgv4SE9XiXU21IkJha7cWDADl1hlpbyBW0OiL6kSu0Ru+U+bNClsi2mot0U+HUh010N1lv3EQ/y0H4sVa53JW9tvNu9Xrw3kEHP5in0wm4ujU1vdErBzq6kyiEMa2byQA3B6lV8BVdF8bLgo77hBFFV0MsXhmVRCFMku+eAKslA918iLINKyiNqGZcnZxrXrzDWBdn3xF5Vw+2JrPR5DN614k5TbqvXGmJczhmgpN9RNIk5LVaU6ZVJ+6RO8rPyD2b8iyxdxUQJxfnsfdTcXoHvu2xVOLV+AhBj3b8D0Ra76WvMFmsYL74PN09TR5PyXpw3KmKub08A2oSh3f6bpeaTCaTyWQymUwmk8m06bR27XR83XabrZzJZDKZTCaTyWTaVIrfwFdcfd0a/jZuuiUqxbBTWF9jlpzlAMg3w4WZNoyQcnaQrwn4FLhvnG84sOkldJnqE1LEl/QjaX8GIPitBwhjrYFJ4dwqp8J4bh06wM+TO9ngQo0KI7EA7BRAmXTY14Se04cqVw4DEh6UynHijVJ7PyCnxwlB2RHH9ikh1jYjtTkFWSiljsMhhukQRgBtYFcVgNI5kFPZZBQjsyyzKAdxa+cYwAQV6FtNncP5dDQjBm3QYFc1cxA6yFVI+a7TST3AUJ/UFboEagLEdbERJ34RFYOyLneT5LExATfpWZvUbhzljnDjDXfpwwkUgkz1WaCTuaeoTuKQR6TLKaQ0KBPvk15RpxH9ztDIPO0O81yNqWuuPhg/M7jZFOqzV1UpIYGdOic2CMSuo5zuJt/nMOkM6ND10bZ8JxVTEcjJmoDoCt/tnLT6dM8A9W2Z65llRct3KFRDmXEc3zEpKk1XECYzdDKukJynKNMZp6gpeXBch6XKnBPVoGSQ8+I8QoCcH6AbxMUnBF/nPUPXKFPWaU66gOoa0/0F5fPSO/nqqx4J4iXjE2wyPjN0KOp702QymUwmk8lkMplMpk2l1WvoZ26zOTGZTCaTyWQymTaltliyOL4adHKLVgkPQuBgaqA4LBMnGIaj0TC0GMOPDbtacBIRQgh8Q0ACveU/PgUQvYRai6dBFVV1JZPJnNHCiVHlicSJYh+bNPYIHDpWoMRpXB9RvD3Y6YSa5KFLnKiBTBXQrjJ0qMkAipsMxZdBwq8tZdIhI5NABio4EgzF8Qa4lnPrtJyUwmdrkImGJrOAAR0OQBpSDDyqnCZ15FfcTSAlk2HoZMKQYTqphKob14czXEZJXIcvydslOA5ddsTVqAhAtkSZhJukMhXykg1UykTsp1RxNZ9S91bV8oqGceOuOYNOuHy2CQoTEY7O5zLRKhOaTiaaUk2FdLnElHQ5L9Q8WFobTVlYF3nikk9FdctijR+kJnUaNO7GIkZDXTbJdfstd1fdqHriTRSMHdI56XhxBT9yUyctNpmQqMEivR0wKHECk88FY+erLVImtrDXBp8MZjT3jS430tFBejegS3ySDrRLVB+3MsQSjRhXpckqCJhX+xNemxSUYf8c8F7pMK6ZXZvoVo9LUkAfMi6nnErj3LiRS2c4ASq/ktQzMDa9a7op0W3UZkm0g1rG+7JWuD7AZDKZTCaTyWQymUwm06YT//DnmsY7k8lkMplMJpPJtKk0NUUP/I9GrTPdIlWF/Hzg+GSgZ8yRfTawDQSdtIRQNIAeQZ5/j/HJhsN+DcUeJW7pSkoSHAuzA3STSdyEds5KnEw+zcZWakDgBDQU/FUsRAKllJUoxamBHAMSdOJSAW4vKrIiWXmYCmDbEk6sAxRfHmG7FttR28ahGHHEmcaEQRNkF4Dgpda6ba6YWUwgGvq0guTHSCYh3JyGSBL+v4SwE+fQcOoUz7iJT+mKfApnJ4cOrDgmCVUrwVKHnycSKDXG4aop1bc2qSgA0Aa6koOnwk0qvMRVWEnedIXUcQVhcXXboPq/63xUYyu9aHvcN+DUUy4Zk5Qe4fKhqqtxnV7o/2ahndzf01dJYJLa58cSsUAXBQOfL6xxs0vi/XnWSvIkUCxp1ibh2CfUEt9IPRWmFHoeHj13Fp1PZVSAsQQBvuqBc65zpSB3WielVqoDu4sT6M3stT2Ybm+xzkmePi75GqHD8QvW9YB/eMpGMnx+OoFmMcveJBgEv0i9mix6fN0JmJw+UAxWgIeM1pwQGgVDAiTrGr1duZ0Nn9DTJWEvLRbQIakrFfIIdLi0lZsNmadjI6wyWKiJckC6qdeLvQ7RkyYCCsvNmYc4LaN66zbcdoCWF8SW7LTSsMp8S95WtEICGHViMplMJpPJZDKZTCaTyWQymUwmk8lkMm1+BQoF+pR2Q+OTrcNh247CcDiiGKpvBo4C6OR2AvFFguDoS3Tbc0CQt0ECtVAlbJG/vIZ0UxQYq0g3VDtxlkwsohY7AWIRBSidBvs1wNnzOID6Cfl5KUd/c6swPaUPqXrZ34a2ZegEkdCQIJhFaghHV7mXKQUOASWQA+ISTZU4NQMkgZPukH8JtsMQ/4S1zk3TRjtqCTqRMHSQswPV6wOFfzvP/es2jhM4PvElku2Ca+AQstAHFKfmgfMSmJeL9mo9wFFvuXK5Cq9h4Np4I4wUUuGD5Txezz3W82OUietQIy7TJH3WpOZR3Oy4STWNEmayTtwEJjTFTZ4zUB0sJkEMDoXGDwYLiLaTT5p0a6DbrOYM41N/os3GPOpZj5Kz1Z0MLFxaeuaqplAmcuh8z97hgFDRBq6iz0fIaYLLg8ROMIqCZLBGJjKWtWpuST2YJmwGNyqGBhUDg8RSqGmS0wUT9dLBtblKLxwMM2eSCUeuycuERnGzAR8CA07IrAnDHyj3fMpqg5rChs4VpJekaZjWLmzKtWRiZ4Jq+5zOfjeOJaHLt50sG2qthEyxOVmSvNOVpjJ90QrTPzOb2N7KZDKZTCaTyWQymUwmk8lkMplMJpPJZDJNFoAkS5HH2zFGOol6aMOoHc6MRoFtOpzmxgAiEuTRf3G56CbRgI0SU89BWNnIZwgVXKGoRH1VboMp9NoDCRohY5MwRMqAQ6yJJrzAhFEI+xBcNg0QFqLEbjFXLtkukNJR0AGj0M6EdppewxDcTMBh4FQ7KToesukEvwr7Ma9LHh+gDGb4ykxCfAUgxYfTR0FC2DkmLXhR8iLAHFpPAWKFT9QQBeZEN1zFjGQKJJdxFaGiLEiFj+SX4n1SkBHoG5241OjUzg484uZgTSYH3GW3byh4PqDtNg7hcDjoHohz1bExVVMdmcNYX9CkV886NWtGmUINSLnaQEUZlFmqhHnum1CqIBFyIgdjVipVlSHdSko98BCHPD+rknoFdS2d9kP5JB2N7FakNwpl08KEwKBLLiJClnj1klEkJehdwa1TJyKyHuIzBgbbxE5FGqv7KRePRyFOUuadynNKWgSuMDA+OY9AbrbL7e30AfR6Y2yaTZwtaSnP9YszC6bPaINIF6JOFFPUBUTItl6bNivFZTKZTCaTyWQymUwmk8lkMplMJpPJZDKZHNMFkqaBo3cU6hshDtvh9MxMG6N9TaPxWkZOCBxgBiXHcStOQOOBG/r582JwwCFaTM1xbAqy8UP4ORxb3gpcQhQI4iiEth2NyOyEEw958SHQJCqUDQOE04D6UX2xOYmXM9KqeH/sePI4CTOj0drQrm3bmfgW3JAunPAU7IV9u628qV3BeTt8GsdEyyh0IcSJxJMTeoJCHkmMHFx2kRC3FWGRwFWRfaiokPrEVfS4cB4d0MRVrImDznZNqaSW5zoSTTI3bjKeSafYMjg3tjX+rnrb0p0BfjCIVz09PbNm7dpBTteSrq7nd4L5lulUOdZP68+HlLocTnYTuakeJ+s+auxEhUJKu1JJl5CKdeAmcyiss0QnvU4BLKqdru2yC2rxk1gYvjsQCtfWmxGFPUGBaHK9fGNh/qxMNtrXMtqBnVxCklInYNM0lBkHJOGWkiLK+GGgRdi1A994TuDkiUNhi6TEhCFbJ3leMejA5HEiJ/f15MbeRjfvUNUrUCawy8mDoH7b3ZaW94gi7Zb6hq+vXcxaxMqJVo+OXRUkNy3Ia/BNmC8mk8lkMplMJpPJZDKZTCaTyWQymUwmk2kjCFOGFNfgMISZmXZmZjgK6AeesxhIIJAyOXBM0zN+khEKCUN7fVdU0uvMvjGbQq95ALoHIMfrKQjM5IfmeHFOH5p3+fVmqbRhjIOQ845CO2zDEFvCTpBjwWw+4FJ0FDknEbdZstNQu1onseXAxAmbl3BuoEC+KUyZxBEI7ZpYOeIQYu0SE8fw/9l7DwBJjvLsv0L3hN29JN1JJ51QFggkQGAJI0yyLeAPssFg2WDLGEwSCDBgMNiEzwRjYyHAwAciZwQ26QMTjIiSCAIkUACUc0CncLq8uzPdVf9637equron7Ozd6U53en8scz3d1dW5drTvM88jpFdRROsUEXQVVgyc1KG6gKSNCv4qFFMhg5QHDREsHomKh+8vt/V9SH8M/g3Vl0mJQnOlrRWsfbyOqOXdhAk5fAdr6TjBxSQ0qUQoqUQmzApLY+eVCYoYLjep3FGG7Mngu6TnuMzdEEJrd6lmZ+fWb9ywacuWLOgLlLfl8RMN6cndTKI7SWdvg9NJ0mV1N2w/E+1Jao5SmyUG9mNQsmOHyVnIcMMOzgyiE+qLbEHwEQFpWMNPySYr2eDDhJurNCa20tigtZGS1M56iRap+UiiRc+etZkifxU/XigvOgnSE2ysSwiyArkg2pzgY6xlsAvB3pSyJBaLGrj0MKt3YU8pZMufGiHqaifrhx6pwlMXBYBpjzjyjrmmNmpovO7Eb81HjaFbC25ERoVT5aUUevAXydaHGYZhGIZhGIZhGIZhGIZhGIZhGIZhdg3SWm8a0i+KXlH2+v3SGvgevc7g6+VSSzetNDg5UGpDMDgRwqe6yPh1/x1PVaavvh2fxDjYIYKLRTGqZp3UUb1CIFY73Q4UpTtVRb8EaQhWihWYwgR1Q1LH9X1av9s+XYKMUgq0N+f4WAAAEABJREFUlSltWUA8j3stvdOJKeeELaUoISnDNIwY6gdrpZeCLCyyaV4dmYQkqcqOxIog46j0JVgY9zYOsjJN8MKO6L9ik4p1fUNiIAJpcHeDKKShIEmFI4nWpG6PEjUgjU7iYhk3ItPtD5id1HZMDuzdSAoNCoGts1vX3XXXuvXrZ2dns7D+0KdiJxbLg+5k9PLqoRpqN7JtChXrQ1pGbdXfSF6pYUcoIWLrwbtKDp0/6VhgG9I2b0gjooRL+ngpf7s3dWxSVLE40YbEW/2ISpbjQ2HcUoMHha/GZ+X44VREjZVEXySj3A+q0dygIFDmp5USXttlSWiiTAl9g1jN6900qdvCdVTSoMkS7mzyiA5eS5mqp8TYa1bJcYQQSW5RevkG3U1E5bVDKyovI7FRRmfD+CFFEpEVhpPUqocaCfzNYLZDO8UwDMMwDMMwDMMwDMMwDMMwDMMwzA7BGOGKl6UB2UnPmPmiMKg4yfIclBRgeAF5MfjVc/g/fXE+rC1j1T/M2a4i4LDqtg3fjrd+Q/jV96qhl8CEoqRs7M827kiYMMkrTdjSgYoT9+POHAlxIFpFq7AbPgRCkndB1GIYE1xboAaNNeWedXXlft/1CJqToieEqzL3hehLd1mkQZlGWakC4H+pdEPG8q8YrNKLwatRKxkLKP76NJz46qOUqBlWyaPIKKgDLK2oqOJsw+aDTgCPsSGTSWvaIpV5yNruyLpkRIhaBI8IBX2ZrC9jxVzWevN3hZhYbrIorUm9C3jd2uv3yv76TZvvXL9h8+bNRVFkYihW7gJ7hngUiVwrzGjOabBtETx+ItwcjQaguQJ3IMR4V43GnqSblaqR4eK9mWQVD2NwWyo+q5g8M+xo4NW3IW8NUrjIsKHUR0g0vHlACEZWIjasS7o7b9gBSWXu0bCoLIG+4CHHvo0IDiXQ1BhykCKXHqWU8huHQUJRG9dJaeDVojymNH4ngnMJHQT4EaEgTFGST/WEw4mV/sxVaVlWiknG6NiuqeipbqRK9EViOkUmSeT5Q02lTOLQ/DVTwfpFhigvPKGGxh68tHRgaBDlxTuQY0ZRXtg5vAFzKHcLCYZhGIZhGIZhGIZhGIZhGIZhGIZhdjGoOMGIGAPOG0JpBQIKV3UEjxPrtSYaq4tU36Tiv/LaA0XBMYkOwJd0Q7FWqVGbTgvfdthX5bERFlul1zvIqgiOCTBChXAHWX3rfvSGBqgVLUktIWyslBufhgOeAibMFAbkJr1+vwdVXSW0Vu4HN2GEV+ao8MV9g6tHjxML59udaVO4H9eRsEVReNEJGJ+4UqrboqtTS0PnFWrWSRHfuyaYYIwwpuY62l6jclggTUkoTFOln15VaI1qEl/hJgMCOEI8G9J6XQEeaRkvGp1CyCJROnhAQOdq4CrUU22GCE3iRpPGNb2HFA1rk1rjutykIW1JNAxicHLIHTPqHiI29eZvu/2O29fd2esX7gnK2q1sbHvVCJG6x5L6oOwYYhKN/7Gp2UlQKox6ZO3oObK+z7Yxc9j6tqaskDEfxz//Q3sglQSMf8ZG9w7K+MIuSSkmwacImvl+UEeCzxs5I6GEgp5oZUjYZRU8d65BKal/iyI1Y70liPWiE1J4QQYNbpBEgAPCLjoHIZIrrOoHsoWQixIPetkN5XLV7ux0UPZqNuPVMzQrKH6kDfvopk04WbQTltxkgutJ7Nxup8SRYRiGYRiGYRiGYRiGYRiGYRiGYZgdQd+UpDgp4avk8HV11E1Qno7GSiGoT4TPRpFji+92wnmDhFqzHR6jEQxO8G21J/Rl+fgF/4Z9Q/pWLux9YpMmNpQ3sa5syyCLAXkOhuCYTGuhhVKg0qm2JdNqqvdBwM4Mfkm/FKA46ZkSVCbWlJC2YUo0UICcHQUXgVpWwpvJqv12gvMc6uO++osWNmGPoRQeZRyxL+vXkaH666vEMlpMjNxqUN6QEQx0rWrKpKRlfc6AwKRWTo+CEVmtKeuN6p4YA+sOk5s0VC4DxzL0XbJB93LL2rWbtm5x5fJ2t5vlmXuAxohOqAsl7gGMeTB2pNAk7RNsToyta00m7wBf/Q0og2ohjgJ0ay+dylcuaS9pZ91cT7X1VK4zveDzv1tSFqY31+vN9/vzvfmt85vv2rJl42w1ZlSjEjHZqbZR3zJReyWkV6sJCiFKJD/hkZNJayESrx+Fm0FbE+OX+PHcy0wEObZIW6UZCdQioi6SYRiGYRiGYRiGYRiGYRiGYRiGYZhdTYmSCkOaCxmiVND8AmuFSpCnSBAnVGsOr+KmvgPbUFv3hiJ11Qg6Ccj4DXcVNpAUNHdISZkKnlT/xAgHOjfwA8ocAw4lpZsslJJZlkGejgoFVWuDnUesvroVJa2OpielsIU1hS3nTdkzRWHBWab0BgGmQIFLTPMJNdza8UZG25gMHpMQMr0qIRNHyWBAEg6gEqAkXclEFIJuDhLviSj3MEI2Nx434e0NTJR+qKG7R/8k8hEhUuOSoOKRyfu67kNW6w6Xm8RFsrbR2uR4rYlsvB9stn7LZp1lU+02nScwOxnhZSJjQR7/uef6newwj5M0sAZCpQBrQsZNpSarxEHDtmlGTCvqv5Or/ffq7Lukvc+SDgRd3TvQmerOdNxPnGNKs2n9lk3rNq1fu7E334c5DXeTCdJ1JJ3AqDWjuY1WiaoujMTk90QeWPFqpo+9oZVK37uhK2lCIhdZJMWIIIExOgLzioLbFT44GFVkxb3lKjMMwzAMwzAMwzAMwzAMwzAMwzDMPZmyRBcOpajGpyDWBSt6lgwu4GvoWOrTlXFIrQMqaKqoFxEkwGgoVBISAxKT+CxYkCeEhIumZwnWGmllWmoxFgZTfuKy2iYWytlpVF5DFTR80R6zhgwk3Qhjyl5Z9MsSCuUW5BoSE4jQD8ZbtFAwD6oyoA2VXsEWhSKBTAmKE2H6BhQn8GPLPm7UpkhboEjDe66E7/argV0uRxWOR5105fcyROQIX0pGjQwV/Sltx1bJFlFoYWO36cUSdJqqs+rtSaA6jDEaUkMqE+wt3lt4GKkopLnjoik0qTpurNDwbxi0NklWqr1drNxkpNZkYJdEYYTWmdSZu+gCZUvkdDL0QslJPSd2NdurOLH1flBxYmO8Th2ZXFBVe3ytH4kazQJ5pu67euawVdP3Hq3JGJRWy/Ze4n72O3T17TfecdsNd/R7RVxqxyg1KmVaMBkRlZ+RlM0VrR8XZFRR0WzlU7f88xGvdP33h3eAEl5Hgo8MhehE1xPrdYY0NMYVZWWqwjAMw+z5fOUrX/mv//qvJz3pSX/7t38rFsnXv/71xz/+8a1Wa1Fr9fv9yy+//KKLLvrDP/zD/fffXzAMwzAMwzAMwzAMwzAMwzALUbgqsCTpgYBIHW9wIq2IwhHpQxDGfbE8LQCi5qAuBQnpOQOrJQkbA8XkoTOFELJesYe+04roqEL5iCARm64ofS4OupsY0J1YW5ZlYUCbA64eoDTRWqpMBpLCrNeJUE6QV3mQs0PRM2VPmB44nZg5a/rC9sG7xUtqjPXCGvhHhnyJEedMjD+K2lzqUqEWRElFeTfe4CRISWxzlaQ2nFaTq03ZQc2IrClFUM4CN5PbosVzJVLLg+Z1qDqTQbpSNZxIa1LfhYG3w7QmQg7uR/rviJt91DPQnZkWEJJkIIlKSfdUZRQSUt9LepD8vRIOZ/xF3mVCiu1UnDT1DdibCQYntbFByoZJTe2+lFI0s6887mk8bPXMkfvO7KnpOduD1mr1wfusPGDv2264/dbrbjelGTECVng1R3zxqWVhsv7EwG0ugt9INY6jPii0s8nV8reTJL1JkJugAIuWGOzUhiwy4c2tMFtHlhYjlWwwXsHV+KIzDMPs+axbt+6qq666/fbbxSL5v//3/37iE5/44he/ePrpp69cuXJUM/dLaOvWrRs2bLjssssuRi699NJ+H6zCLrrootNOO21wFbc///AP/yAWwzvf+c7DDz+8MdNt9MILLxy1ylFHHXXllVf+13/9lxjLIx/5yJNOOkkwDMMwDMMwDMMwDMMwDMPsUjDcRWGAjhCUpOMVJwKKul6cUEVtjJduWDLJwLox+mrIMYXORrl9RI17oCSNYomG4KCxwsTlciqKku8C/QRVAMwDt5Ky6BsDliSuhhuzh2RtW2EfqNoKr6aqqqJ4pSz7ppgDdxPbs+7H9JUofb0Ww3eUkDatqmOhtdrHJjGwIlbwh9Vfo+FAqOODZqaq6fsysUoDkLCO6208hm1bVvNraokg8fDqH3cwmdKyNMrKls6kTNuknQ0Usmv/iCRlpy5EqSkU6qvWcnjEYN9ipLWJbDYcRpTh2Praxp1JqYMECcJFIF5nxM0vqx78BaLZNolVWnAvtkURskgZiRy9lhy/ifDImjg3mp3QO2xBNhkyjDA2FTmkMrJBvwz3OtXWxx++99JOJpjRZJne/9DVK/ZZfvVF1/fmeuR4VC1Or2x6Sf21inenHzEs/k4Q/jJgDJqs5ChG0sBJ5likQCHXFH/tE1cUBfNVuB3CJgxda1SeURJPEKiQDInUkH73lBYMwzAMM4qnPOUpZ5999q9//etnPvOZ7373u+973/u6mVdfffX73//+zZs3b9q0iV63bNkSFbGRfffd9w/+4A8e9ahHDe251+vdcsstbqLb7YqFmJ2dpVUGF1177bWvfOUrR614+umnr1u37kc/+pEYyzHHHCMYhmEYhmEYhmEYhmEYhmF2NVZhHAIkxijrq90kQqByoKSsC1kVoFPdCX453S+QvpyPhhbWLcJvrVsSOgx3Iol6DUKFwjTNTfQPtiEpiD2VggrcTdcLMawoP2IO2JkYXx8HnYkxZQGWJCg6cW8lfqsfjwzPEh0Z6kKsKC3sNikxwLLElDYUToUtyrKcN2belHMQqWN61vbdPiuZ+KL4Oq2IPiG+Bo/lVR3TK2qFYu8VkKhDhpiIYHlW0alQourW7x5cZnepbNQGyGBEEKeF90Qh3xraBhSTlZYolSEDCtxlhZkobkMWTlUus9xNCNXWuq2904ke47NQ03tIMUQAMkRmVPcyqQQqckTvC1ibiAWEHulK3gfCVtMKK+4KRVp0F2ejFSfpRFLnsHKgzcAbarigKmUHU3e3sUMeJS8ciE38nQ1H5x4C8vwRYfioBSLRowVzgoSqJjLzw1DjeFfM5H9w2F55pgQzAd2ZzpHHHXb1xTds2bB5jFwp3Nb1mTYMAGhgZaorYaMJigkDhvE6ExgtcJwRxvrbx1IsWuwXI7xIxwK/LYQKNlESnwRyTMEwHRnsn1CppWSyrwzDMAwzgvvc5z6f+MQnXv/615977rkvetGLzjjjjPve975r1qz52c9+Njc3R2201lNTU1mWrV+/fvny5c94xjPui6xevXrB/vfff/+vfe1rCzZ78pOfTAqVQdwWn/CEJ9D02Wef7fbqhBNOcLtEc/bZZ59jjjnmyCOPHNXzxz72sdv7XGUAABAASURBVB/+8IcHHHCAYBiGYRhmd+biiy/+yle+ctRRR03uXrZp06ZXvOIVvV7vn//5n+9///vH+eecc86gmnaQfffd1611ww03XHPNNWICfv/3f7+htb3tttu+9KUvXXHFFZs3b3afne53v/s9/vGP73Q6k/T2L//yL9dee+2f/dmfPe1pTxvawHX+C2Tt2rWuc/dx6FGPetTMzMyoDi+55JKzzjrryiuvzPPcNT766KMf85jHpA2250iJjRs3vutd73L7MEYx7LjsssvOO++8yy+/3F2gI444wl3TP/7jP17QdJZhGIZhGIZh9hyUorJvKOTLpkHGQLV/4ZQGGZJ5rEysCTzBVqRhbZIoKGStK5S9KGovh5farVjwM/xwFxUyGhHC5+kYKUtTGgjTsaWwJdmNSC+8wYAYiNeJR2PDl/H9l/uF6wHSdAzEiNjCFH1jQXRizbwQ80L2hS1i4b0yWZGVdUWtHJ9OJMdn/Tf+7eC1sFFmYsKeC68bIoGICqeVXvB8GlRL+A5k7fRE4Y/3eBHepSPYiXiVEcpyQIoj3blRfdeb0UJN562lU9NLOlOq0ogMXgHZnFH907wZxmhNht0YcmQXjcmFbmcxAQoOPTwyWFDfgxw4EpOSeOsPNsJXGWyCEAMvZVFY+qsHattkEpAkkjvYW51MICY4cO/uQw9epvi/2xdD1sru+5CDr7/spjtvWUdzmu4xgfiAVYE4Itgm4YiIgxXaSdFIn4jmvOIuSPgMydcqlYofbr0RlLCJoA0eGzf8GNKi0IZlPe0L5sHIRvsbf5EwDMMwuztf+9rX3vrWtw5dRIWTz33uc//93/89tMETn/jEN77xjUMXTU9Pv+Md73BLv/nNb77oRS/6/Oc/v2rVKveqtXblhKmpqVar5ZpdcMEFp5xyyn777fe85z1P7EQOPvhgOmpXrfnOd75zwAEHvO1tb2u0Wb58+ajV3VrulUUnDMMwDLO74z6ufOpTn/rLv/zLyUUnp5566mc+8xk38exnPzsVnTzucY8b6q/W4OSTT3arf/azn33ta18rJuDKK69MgwLdB5h///d/37JlS9rm6KOPPvPMMx/4wAeO7+qjH/3om9/8ZoEfhAZFJ/1+3+3bF77whcZ81/gTn/hEQ0oi8OOQ+xTnPig2/K5dzx/+8If32msvervNRxr50pe+5D5S7rPPPqNEJ5s2bXr961//vve9ryzLdP7DH/5wN/OhD32oYBiGYRiGYZh7AQqdTiym6kRwSfq6jUg5pig4abkwrUqLHQTqPmwI/SDFSYlyEZCegNtJacD5RZJSA2vlir7p75ODhBeMuH9KLKVKX2Q3hauyG1OYsm/A5qRvbc/YnhSFFSV6g6RpIbHsG95bM3D4urHn6YoDjWvniq6lSpQX0m/JSCHH9DO889B1CFAKc1EV5G6gzP0YmQnrXqeybK/pJSuX77WsOx0ajtGXJJNy7GHFlnJ066aZyGC7SeQmi7zZZL1PKfcc0Ym1leJE2nF3HjmawFNk6ZmCh4rm1AaXIY+0rW2wabZRidQOWjV97CEjCzDMGKRWBx91oBvK7rgZdCc+h2zYfR7VdOnaccTw/lDVCGKrSxTuD7j8otY5NfIav7gu/ItROyhXCqNgVKnIKC1JxwCJ/ksU4CMYhmGY3R9wGSzLPM+np6cbi+aQdrs9+K1TV1PZunXr+ExN9wn+X/7lX1z/ruqwatUqcY9UaVxwwQVuD4877rihS0877TRX/3j5y19+1FFHpfOvu+46waIThmEYhtnNueqqq7785S8vapXPIGI7WOxfV9P2b3zjG9/0pjcJlMY+5jGPOfjgg3/5y1+ee+65v/71rx/1qEe5w1m5cqUYweWXX/6yl71s1NL5+fmTTjrp61//usAQw2OPPXb16tWXXHLJZZdd5j72/OEf/uFXv/rVP/3TP43t+/3+0572tO985ztu+sADD/yjP/qjVqt1zjnnuPbulK5du3bBmMLxRxqZnZ1973vfO37Fpz/96d/61rfcxJo1ax7ykIe4j6Buz6+99trzzjvP7divfvWrQw45RDAMwzAMwzDMHg/JEmSo4Mu0UkjZKZhus8jiHqo66NWQ38n4vwmP2LXq+/Y7UHFCO4h1UQzWkSA0MSQ6AY8TAzoSGb7xj4oTFbyuSXcSInG8ZgWdTkpQnJQF2DqQ6MT03WsJqTp9IUFxQikR1ifTJH4dk+90LL77eB4Kyqnq+JW8A6eS8JGquC+rAr9NFtXye2Bu5TFgZNK7DDYDvvoblASuCpxZ0RJySremWtmS9tTKpXutWrbXTGdK+bVlfU+GvBNx/+PmasIROUSpIpK2ybvhHQ9fe1ibhZEiOSLjd646bXuK6KSuBhF1n5J0EQpNvG6LvpdsosGJ1jLanFS6tnSy1lNjTrSHXTGdP/SgZYLZDg643wGzW+a3rN8Kb5JHpiZmw7A1dyGjRE1Zr4tTioQgEgc834etMnn8uEjxODEIygaBixt+SpxrvNSOBipMpfJbr74V5LYgw28Oq/wthqYoEp43zeFKDMMwexRPeMITBj1LPvrRj55xxhmuojD4vVL3l/03vOENC/UKGTpvfvObldrBvzXKshyVm9NotmCbX/ziF+71YQ972NClP/nJT2666aalS5emM7ds2XLHHXe4Ys8Yq3mGYRiGYe7J3HnnnV/96lff8pa3kHvZhFxzzTWnnnrqqKXj43U+97nPvfe97122bNlrXvMa9/Zv//ZvH/vYx45qvHXr1mc84xnu88Zzn/vcww47jGb++Mc/JsXJcccdd9ZZZ0VLto997GOu2YYNG9zhvPvd7x7aYa/X++u//uuGP0rKa1/7WlKcnHzyyR//+MfzPKf5n/3sZ//u7/6u3+///d///QknnBCFyG9/+9tJcfKCF7zgAx/4AP11qSiKU045xe2P29WvfOUrT33qU7ftSInZ2dnvf//7p5122q9+9Ssxmk984hOkOHH76faEvPTchXjnO9/5j//4j+60PO95z/ve974nGIZhGIZhGGbPpwpdGbC98FEhVFOMkSoLdRi0EcZWFWXvKVI1EcKOqe+npeg0BWKEACUxVJlIM0Al0BK/jW9MUbhpMGXAObg0hPqg2kKGSBC/J3A23BnDoitoTQphC2tKW/bLom+gG0znEa5b99O3opDwFuUmXn7jtqsou0gMK7KHU1Q7IWmzKtAC58ugCZFR3mHjivianh9v0xJkEjUVSrxeIvExIXlF2AQ6w9AZovQkPCahrdVGdWW2V3d67+ml+yzfe9nMzFR3qqNbm1O1yhCkaOpE0neyMV8M063IwdliYC0p7BCJzbAuh3WygGZKBg0KnkO754hOwn3WnFu/a6PiJLqbkBGFQrAX8giysq40qXn7VJYqg3shOrl+5H1XajXRI86Mwo1mhz3woEt/cfX8fE+ilMSQOiQ9r2TaBPo6RZ4nJrQweIkMpdxIZf1vB2VTCZuitsrgxZWgSBOk1cM7AzZLCyBBRwkT7VGEiDoV35n0ahc0k4LZpfCDjhJ8JzAMwzATscMVJ461a9c++clPFjuCn//85wKLN4OL5ubmbr755k6ns2bNmnT+DTfc4F7vc5/7CIZhGIZhdjfe8Y53/Md//Mftt98uFklRFH/913+9adOmRzziET/5yU8GG/z+7//+qHUvvvjij370o+4/pj/72c8effTRAj05Gh8wUp75zGfecccdbkMf+MAH4sx//dd/da/7779/qjhxPOc5z/nwhz983nnnff3rXx8lOnnta1/7y1/+8vjjj3fNBv8M2u/3P/3pT7sJt8VPfOITWVb9Se3kk0++9NJL3/rWt1533XVf/epXn/GMZwgU4L7rXe9yEyeeeGJUnDjciu70nnnmme5DlNsZEp1sw5GeffbZz3rWs9wnrkm+QPm1r31N4AfON73pTaQ4obevetWrfvjDH37jG98499xz3f64T3SCYRiGYRiGYfZopNZUIJReekLlexWqzCo4ONBCrzGYqOeRlXwjJgO+1q7UJJ/wra+YWrlgXgxVWQ3paEB7bm1ZFv3SlG5D2n/vXmFkjNfc4Jmp1Bje7gRwK/VsOe9Wt6YPBidF3xXdsWeDGRL4vf7qeOP50MnpqUlJEg8I8jEZPNK4B14JQNqVSnEiZSoZEcGRRPiYCiW8zsiK4GAj6/sn63KgeMmrW0DEKCbqCtQEmVVtqaZ0vmJqyf5777Nq2V5t7f5rT2ci24LmBanSIOl/8B6RI9Qnw1u0ptp7rV6xbO+ly1YtWbYSvgW64Y6NG2/ftOHOjetu3dDbOp9upHGkdmzZeqT6YTgk3oohJHb3F52MeJQoQ8ebFyXBN+BxUqJ3EApO0NnEy01owt0B9J2beKMn1j02CKlwia2feSu0En9w3707LS0Ww2233Lj25hs2b9zQn5/v9+cn+bbx7oJSutVu5+3OzJKl+x5w0D77LcJdP2vnhz7ooEsvuAbsnVBEJnBAsd7BCZxH3ChQwrBqSJPo9SBV1pKMAhEgGqVUtkt0OZVN2mDijqBOhVerwP1iJGoUqQdbNReJ/wkOmv7+8LeGnfA3EcMwDHPv4vzzz298ifYhD3kIOYW8/vWvH/wy8YYNG9zrjTfe+PKXv3ywN1e30Lr28WPJkiWPfvSjxWJwq4xa5Ioc11xzzRFHHJFWbiKuuOJ+Mx5yyCEN3cz1118vOFuHYRiGYXZPbrjhhm1QnDj+5V/+5Wc/+5n7YPOmN73pcY97nBCTmkK7Tzt//ud/vnXrVvdp58QTT1yw/fvf//7PfOYz7sPJmWeeGfUf7uPH//7v/7qJ5z//+YOfW97ylre4pfRnn0G971lnnfXOd77TfSJy3R5++OGDe/6b3/yGzsmTnvSkVHFCPO1pT3vrW9/qJi666CISnXzxi190H6LcxKte9apGV27f/vM///PKK6889NBDxTYdqWPdunX0cWsSLrnkEvd6/PHHDwqCH/GIR3zjG9/o9/s33XQTHTjDMAzDMAzD7MGQ80AomUc/AundTbwQJQSeDERq+KVhzWoJVArpC+x6AR2IbdYOB21Oxv9nVLQnwe/mp41NvZnF47BY+Hb/ESQN5uD0+72yLFBnAsYMXmaiMip+a+2/oE8dWG/iYEzZt7ZfFnP4M2/KnnEVbVPIIAqBcqv/Or8XfoT9AosRSxk5cH7HnZ3UKSaeHBsO0os/lIzaFC8Iqiei+OZeemJkpSei7CTrJSukSQnFX3J3sehqQHuPzgJkfyDCD7Rxf4hvq1ZX69VL9zpg+coV7anl3ZlpN0OSdim6FjQu4lADjaHClOY8uhlX3WflMX/0wPsdd7jOhksRyqK8/BdXX/iDS26/8Y5RWxlkAiVKbTpW28lBJj4qe47TSYSOLIQ7UTyVDZIRfA790wrmQEJ4j6BKDBVv34RUcRIlKP5mTLZ6+H5L9pppicnoz89fc8VvbrrmSvdgiz0UNwLNzW51P5vWr/vdjddB+1sAAAAQAElEQVRlWb7mkMMPve9Rebs9yerTS7v7Hrj3DVffKuiOJx8T6S9QaT0+IicM8V5rguoqf78LnIR3KE+RccwFKxRwKfGWN5LyccjpxARJivu3lDYqAEXoMmzOhAQeiGbCPZL+/qt2mmEYhmFqnH766VdddVU652Mf+9iDHvQgN3HeeeetX79+6FqbN2/+0Y9+NDh/UPzuygmuaiJ2ED/96U/d6zHHHOPqQHGmq3nQ12SvvfZa9zpYorjuuusEO50wDMMwzO7J//k//+dlL3tZfHvUUUfNzc0tuNYPf/jDt73tbd1u97Of/exiNSuvfvWr3aejQw45xPWwYONrrrnmVa96lZs47bTTDjrooDj/nHPOEfhXnec973mDa52ADO3wtttue9aznuU+U73nPe8ZJQS58cYbaeLYY48dXLpq1SqauOuuu9KdOeKII4bm5pxyyiliAkYdqePxj3/81VdfHd8+5znPOfvss0f1s3LlSnd677zzzsFFl19+ucC/aPDHNoZhGIZhGObeAPliSC8eIJsLKVKlh0y/XC5FUkGuqoOVP0f0L5BpTkaoR9NCI6vvw9d0B7I+LZPsmMEGdar4HpR6kJrCpocpZUmVcayVQz5EUYDopCx72ED7JBCKjQg+JxQVgv26nxLLsW5eYcuesX3Umsxb0xO2jxk6pfcgwZpr3LjwzgC481ajREFR2o4Qw2ODEpGJaBx+PDY7TD1hU5uT1JgEzSjCDoXr6BUytCZmYMTLHlxGwvX3s6MfjjQ2kyLXeTvL21IvbU/tu3yvfVfsPa1bUzrPMJsIPRJ8l0o2fEaGI8e8C28POuo+xz3xoWsO30+MRWf6Acff1/3cfPXvfvGtX13/m5vSpXZYz4MKoPGKqWp9Wfsih7sKE4pOJvF7txPvxt1CvEG93YUJOpEQqUNCJW9+kwhN4upDuw1pVXawnJPOcDdlK5NH7j/yK8IppixvuOaKay/7db/fE/cmiqJ//ZWX3nLd1YceedR9Dr2f0gtbwqw+cOX11651Y6CXkAXpmReggdOICSM+3QAqUZ/44SfemgatoWz1i0GJeOOiUMSCgEQa1LBZCtzx6hH85eBFLPR7w23U4IQyIdeH7LhQqkdDHCoMJ3p8GIZhmN2Db37zm9/5zncaM92Hdff63//931/+8pcbi0YZmD3mMY858sgjafrnP/+5q3PERW9/+9upw5QrrrjiXe9614EHHvjP//zPg71pvTiXtUXhPkR96lOfchNfQOL8k0466Z/+6Z/cBFU7BkUn7HTCMAzDMLsveyPxrZzArWTdunXPfOYz3ScH92Hm/ve//6JEJ+eee+6HP/xhgdKK9gRfUznllFNmZ2cf9KAHPec5z0nnkzx39erV7hOI+xPBlVde+Ytf/OLaa6894ogjHvKQh9z3vvcd1eHf/d3f3XrrrX/xF3/x7Gc/e1SbBzzgAZ/85CcFWoMMLj3//PNpgmTEcWdIodLr9S655BL3qW/jxo1HHXXUcccdt++++4oJGHWkjunp6VQfMzU1NaafE0888bzzzrvsssve8573vPSlL40X9Oyzzz7zzDPdxFOf+tT2ZF8QYhiGYRiGYZjdHMqOUaHsrqytBAs2FCMbDMpBmg2SaTL8oC+u2ySOQ4qF/8Nqkv/4qmPDD61owj4Iv13r/kRdGAjTKbFgXrgiuft7Mr2i60c8ZF9V9xVWcDcpTekq7P2ydD89awtrvOJE2AK3ZevnQFXnwJ9WcsQgHYiKeTfJitEpYOFyqhw8dFktCkITlJKgRkV6rxeBViuVNsWmdjexB+slKVrFfsJRobmKLUo3v9ttL8k7e00vXTY1s3Jm2UxrakrluVQhnymxuhh2uWVzrxc4RLc3xz/5Ycc+/pgJ7p2KNYftt+bF+53/nQt/+tXzfcDLQOcN3cPkIo/E78QX7+n23lOcTqKYy2CwiiE/Ia/fagRASZnkLsHjbgatTUKv1UCwwOatuO/+S1p64eeh6PcuPO+cdbevFfdW+v3e5Zf8at0dtz/w2OOzfAFjmDzP7nPovldf8TsSlqBHTwg5UlBgs1aBWkQq6/1/UCwC4KAhvTzRSvqReF/I8DxIH8VDt40ixYm1lN7l43ikrX6/+KEwBKX5+CYS6wXJkwwSFoGit10sxmIYhmF2LK1Wa9myZY2ZW7Zs2bx5s/sz/WBCzdzcHCXjNHjRi14Up1/2spelohNXERlsTw7wrrTgShRiBO9+97u/9a1viR3BU57ylLiHZ511FnmZuK3T91/d8cZv+gr8Aq57PeywwxqdsNMJwzAMw9yreN7znnfTTTc96UlPevGLX7yoFXu93gte8AL3X9ePfOQjTzrppAXbf/rTn/7ud78rhiUMXnbZZe71kEMOWbdu3Z/92Z+de+656dKTTz75tNNO23///Rsdvuc97/nmN7+5Zs2aD37wg2O2exgydNHWrVtJjJtl2R/90R8JVB5feeWVtDMXXnjhiSeeeMstt8T23W73NUin0xHbdKSL5dWvfvUPfvCD73//++6T59vf/vanPvWphx566C9/+cszzzzT7epRRx21A03yGIZhGIZhGOYeDUQcwL8UalHPuhmUfNi0rD5Kd5L4nQx5O3JHJnI0GYWtT0TpCX2dnr5Tb9DlpDBlURrQnbgfAbXXPMN8llAqDz1ARR1zJlwzKLSXqFdxK/axk74BrUnP/ecOiE5QTRLULsriV/6r1BvpU3fS/azMY/zx0iLl7SRGl1O9PiSJlpBR0pHanGCx1+f6oEOAig4FwvgYoSgsCuVk7yqQ6ETSK6EkdKKtzOBf2VZqZXfJymV7rVy6fElnakl7qiVcuVoqY8nwgrwQgmnK8Gsqh04OY2r59BOfd8KCBidixGaOffwx+x2677c++v0t67emS7ZTbkIYkRwknrw9QXRiMUspmprQHHAKEtWhwr9aiCFmRzVZyWBolp8aYnNSm9PK5RH7LmxzsmXThl/99JytmzeKez23/+6mn/3g28c8/FHTS5ePb3nAQatuvPHOXr+gsQTTyeD8qzCyG3oV9HuC9CI0XEgaqbzoBF8Lry4k4RwpQ6RVytspKUkmU5XcJE0P8+Oj70Ap7QObcGsSbaRIiiJoPBUymqMwDMMwewYnnHDCG9/4xsbMj370o2ecccZTnvKUV77ylY1F3/rWt97whjeIncLmzZvvuOMOsSNwXdGE+88K+tqx48EPfrAryQi0Zjn11FNjYxKd/Pd///c3vvGNtBMSnXzyk590ZRU38brXvW58WYVhGIZhmN2XD37wg1/5ylf22Wefj33sY2KRfOpTn7rsssvcf0S/613vWrBxURT04epP/uRPBrNyKNrGdfWIRzzi8ssvX7JkydFHH71169ZLL7201+t99rOf/cEPfnDxxRenJi4XXXTRq1/9areK240VK1aIxXPTTTeddNJJV1xxhZt+7WtfS252GzZsoD8iXHnllY9+9KM3bdq07777ukU333yz++w0OzvrPlKed9553/zmN0f9cXn8kS6WVqv13e9+9+STT/7c5z7ndvi9731vXOR27Ic//OHKlSsFwzAMwzAMw9wrkJW1R/qaBimk2FBMHKs7EZXSIr6nmuEokcpIxUkjrGPY6iLZE++nguoZ6cMY4G1JwTpF0SO3Bindj82yLG9lGkqcXmtiE2cHWMuV2iFMh4QmpfWCFbesb0FxYqTwihNRE5eIhnphyCFY3yIs8u+CsmfciRVVWo0N03gVQ1QSqU9UpWURMSDHG61UW4xykCRPKYhXMAWjcSA2l2oqb3VUtiRv77ti5T5L91o2PdPN223dzgT4IviIDJHIakaLThYgnISp5VPP+Kc/n142JbaDNYfv91f/9NTPve0rmzd43Ul6cNtTwlbK65bo67Ji9xadRF8g4Se8WsDWW0SHmhj7hIvieBLGiprcxNrKH4XELGEZ3bfNq7D/im6mF7h1evNzv/rpD7eGKg6zZfPGC396znGPeVyr0x3TTGu99z5Lb755XSq3Q6UI+ZqAFo38RUzp7Uks6VPc6ImTZIKCChJI2KHRz0atH0Xh+BvCNdPeqsSPl/7/wpgoZqTBjXRN3kpFiPDbAydtMGFSUmzbmMIwDMMwi+Q1r3nNq171qnTOueee+0//9E8Pf/jD3/GOd4jFEL9K+7//+7/XX3/98uXL169fP7Tl3Nycq524iXPOOWdoA1fDoImhwUAMwzAMw+wBXHrppa94xSsEKnEnTI2JuL9dnnbaaW7ib/7mbyiJZjyf//zn3YcT93fS008/fXApiU5+/OMfC9R/vP71ryfx6/z8/CmnnPLJT37ylltucRNf/OIXqf3s7Oxf/dVfuaWvfOUryaFkUZRl+f73v/91r3vdpk2bBDqpuC2meyIwoHDZsmWf+tSnnvnMZ9Ic99npKU95ygUXXOA+aL3vfe97yUteIhZ/pItl69atT3/607/+9a8LtNA7+OCDO53O1Vdf7Y597dq1j3zkIz/96U+PcdRjGIZhGIZhmD2Jyo/DGxfIAcsTKjXKYMgRBRajyvRugRFW+VCEejMyQcDOdWP+gvqSkYfgHRPIX8SGiqffX4P6EQOpOvDjZmotjZHocZIpVyq1JipFJNVa4XgLlKr0BQTx9Mqij/E6fayHupdCwjf6S9fewOpuReVDfOJZlVRPV9XcsL/4KquZ0jdzu5fOcgdAcTApUdYgQlnf1k0DRNANYQ/K7wu2VXZ4mZbScGRQ+KBYxwRfG9+XsgbkKKXIc7Wk1V0xPbO8M7Nq6XL3OtOeypX7G7rCZr5yjDYZKqpPJruwI3Q2Sj3xuSdsp+KEcJ088bl/9KX//KYJhh1DhA6jsQPT3qAGLwqdvjHxOs3DazxmA5sQSd5S2oncNonMkCd2YIb0lf5EsIXKEBvkBmBiQ3oC6weCgdUrd5O4lJ5Ba1N3k5g5le6K9VsP+3fA3gt8c9ddyAt/cjYrThps2bLpwvPOPfbRJ6TjxSCr9ll2wy3w9xrvR4JDJqlBvKaERlNwHhHGi0ykCCk6NijcID1HY4RX9Ti5x19Z4x8QgYls1g96QZUWfE/8NoNKznorJxm0dIJ8WEjXRdLChgyKYRiGYSbE/fX/d7/7XXx71VVXCayLXHjhhWmzo446yv2nAk1nSLqUGrsqQrvdFtvExz72Mfdb7eUvf/mgvwvhfoNHK5RRuOrLrbfeup2e8AzDMAzD3DOZn5//q7/6K/cp5YUvfOGf/MmfiEXy5S9/mWJoJtGnuv/C/o//+A838bSnPe1+97vfYIO5uTmaeP7zn//Wt741znefhT7xiU9cfvnl55133pe+9KWbb755zZo1bv4rXvGKSy+99MEPfvC//du/iUXy/e9/331GuuSSS9z08uXL3/a2t51yyimDe+J4//vf/9d//dfxrdv0t7/97YMOOmjLli3vfve7h4pOFjzSxXLyySeT4uTZz372aaedtmrVKoHBRiSacWfmT//0Ty+7e42g8wAAEABJREFU7DJ3IIJhGIZhGIZh7gVIH5tQlfBk4mKQWHFYMdKVxH+tPYge0GVEVCKVKn9DiKERPsMVJxZdM5QMDZpxHNaXsQ1NhlqmIfEMWZX4fBxTeO0MNtFKK6UhGSQteUuUTKCaRNhCgNZk3paQyGOKXgGikwL3sSRhjSuaoiYEv8YPOg2skzZ1AsYfdlVtrR0mFVytHTw0KsnWxD1uXVP6aqz04TVWqlCi9YYBIi32Y+fGWwr4cxpOu1tqZQxKwbWMwgJx9J8QWDCGAJUSjAo6Ol+m2nu3Z/aeWr5ieuny7sxMq53LTBuF8T1eO0Rnx0tORrnmTMzDn/Kw/bctVWcYaw7f7xFP/r1z/9/5dDXG162H1rUH5REKS+HB8gPOwgJOJ1EbhLqTRdXOU2+i2NuEPQxeg+Y950eCYFSBt3XY1fjkDliYiMrQRpAPEogCgl0P9ILig0EJVaJQECIROfg7T4nVy8Z5dTiuv/K36+/aMY73exjr193uTs4h9zt6TJu9ls+4J9c9tMYPW5CDE64aavAkWkd54xPhBSHpMBevHF276GICA7emvJ6YugRjQmOg8+Nc0KZgj/U73DtX4d2nwq2oUNPHohOGYRhm0biqwBlnnNGYed111z3vec9rNFu9evWoTn7xi18IFJ2IbeW44447/vjjH/CAB4xq0Gq1jjnmmPGdkCyGRScMwzAMs0fy2te+9qKLLjryyCMX66xGvO1tb3Ov7vPG/e9//wUbf+Mb3/j1r3/tJp773OcObbD//vtT2uCrX/3qwaUvfvGLzzvvPDfx29/+ds2aNf/zP//zwQ9+sNPpnHnmme4jjZiYTZs2nXrqqZ/5zGcE/mngb//2b0877bR99tmnsSc04TaUKk6Ivffe+xnPeMZHP/rRa665Zm5ubjCCcMEjXRTnn3/+//t//89NnHjiiR//+MfjfHfUL3/5y6enp1/wghesXbv2ne9855vf/GbBMAzDMAzDMHs60ufbVBXk6L8wVAiSykTSXmjVpHpI1iOS/E5kImOhda2QC/RJtcVqR0BxIer2CtbaZKM2qAjgB9JwMFHH2iL6oNBfZcnSA0Qn9Wgb1K4ItGnpl8Vc0Zst+nOuI/djDEbtwAZLb2HiE3yCiMQGT49oZFI7EFGlzUh/kpX0MRSD4T7xQgz4FEhyEpGJLgjnYD1XBh2DP+E25qCg0CSKcmg1obwzhcQ6M2hXZFDHhPOOdgWlzYTMRdbJsuWdqVUzK1Yt22v5kqUznanpvJNrnZEsKFGY2PjqDTImdDqpDjOetwMfcJ/fe9yDxzSd2zJ/81W/u+XKW2+9/valey9ZffCqA47Yb+81e41Z5djHHXPjFbde99ubxrRJ1RA2ndFsQI2UDM8MLRwUnaQPmBx4S5j6A2DDhdgZUGE/6rhQOFJpROpPO9wxaf5OXEKrwCsYm1Raququpw5UstWat4kNsgboZtXyaa3G3Ti9udlrL/+tYEZw7eW/2f+gw9udkW4xSqsly5fcuZHipiS5mNC1RmsRHE2Vjw1LFUOV1ZX0OjYRHnvqJ2oOhYyPEFDdLdWoV5MuDuyjpSfE2nCPYvcgpNsmXyyGYRjmnsm3v/3tH/3oR42Z9E3WL3/5y9/61rcai3q9ntgOXPXlqKOOGrro61//evoN2kHWrVt39dVXu8/orn4gJuBRj3rUU5/61MbMl7zkJa6HW2+9VWwHZVkKNGIRDMMwDMPscdBHo+uuu+6AAw5I5xeFN0l+ylOeQh8DLrjggkMOOSRt893vftfNFBNLK0ihcuCBB55wwglDG7hFF198cbvdPvTQQweXPuhBD6KJyy677HGPexztudvPQYUu/U3gtNNOe+973+sm3v3ud8dwnF/96ld/8Rd/4T5lCfz45BY95CEPGdzWihUrlixZsmnTplHiXdoZ94epK6+88oEPfKBY5JEuiu9973s0MdRVxZ38l7/85Vu3bj3//PMFwzAMwzAMw+zpyBCrIryyI86clKEmCz6bgzw26mXFEfswHKWqomVMU2gUu23A1zYthYIYAUoRg44LJdW4o+UGSSxoR/0c2knYW1cuL8qyX8zNzc9vNWXPgmzFyOAs4mug0cHBxlSI0JdY0LgiVbqIoANpekDYcLCNM1xZaoSDUSIRMdhK4qOqEi7lVVgVfU1ssObwghWpZFYVio2PU4LEHLf10uQ6X9KZWt6d3ntm2aoly5bNLFkyPdNWbU33T9hV6btHVYL1Dh4SjGFEzGyyiQBnQVx3xz7xIWOa/+6aW7/2/rN6W33d4XdXr73851e5Svpjn/6Iox955Jh+H/bEY6777U3j82YWuo5ph9VDRK/D//o/7ODTiruM93Zi9rCI3Vgsw48/Kk5GGKg0RGregahOfCCCDIneDNmF5q2Pggea3HtmgS/EXHXpJUXRF8wI3J94rr704gc85GFj2ixb3r1tC5XWJNkUiXhNca71+hIVhEN4jxhBDks2zhfVK3WWjIoeg6k4NhUhTnR3Sz/AyWhnZYSceBRhGIZhdgfKshyUelBNxb0OVYF0Op2YgLNY/uAP/uCFL3zh0EU//OEPx4tOqGzgfqmdc845YgKG1mZmZmbGr/Wb3/xmzFJXWJqamur3+53OAkGEDMMwDMPs1swhQxdt2rSJJkiHmvLud79b4OeNpz/96WIhLrjggh//+Mdu4u/+7u9GRfQedNBBAj//uG0NtnGfSWiCwmUI9xHurrvuGtpbPKj5+Xmac+uttz7xiU9cu3at+4Tz7//+7y996UvH/LH4wAMPdJ+URkmQh+7M5Ee6KNwO08QRRxwxuNRt4vDDD7/44ou3U2fMMAzDMAzDMLsRcocX8IIcJJlhU7GEtRMJD8g3QSblfPBPqMswKFsnfO/eUgMDYTpG+PqmijoQKWW9yk9iDEHyFPefJtYUZdkr+3P9/lb3KmwBshXIioFIHi8vEdLUfDBsrLemQpJJCDlEw5aEfZSpNsDLEJIZVtSii/xZrh0nOEtgzg55ESi/FNN5wHAFTpDwERq0RaWxZ+2WGpnr1rLO1MqZFXsvWb7XkmVLO90ORuq4s0CBFz5WQ4bwIJhUJEDBsxr3i/4ZfbADKoiV99l7/8NGWpvfcOlN3/zQ9/rz8J+TSqt9D9nn9hvvdG9Nab5/5o+KfnnMHx41at01h61edZ+9brthXTqzWTefmPQWJcZ85VTWpxtvo6JKJNKTu0t3UrNV8XcVev0M5uBQ+2FXzwZflEpx4huruAo9tgNrG1IPDMz0dFvjKkn9fu/m664WzFhuuf7qI44+Js9Hynempzpl/FMLXDJDMsTgqITzLTRAv5FghqRAnidEZWhCmrJ0gBoYqaMgiQJz6Oae8N6W1eOJejb0qhIMwzDMHsOTnvSkN77xjY2ZH/3oR88444y//Mu/fOUrXym2j82bN1999dUPfvCDxXZz/PHHf+1rX5uk5ec///kzzzxzQX3JIK5I86xnPWtMg4985CPHHHPM1q1bt6FzhmEYhmF2Cz72sY9t2bJlcP6ll1767Gc/2028733vO/bYY93Efe5zn7RBr9f7/ve/7yZOOumkST4qREs56nYo973vfQXqOX77298OfqC65JJLaOLooyHh9yUvecmf//mfD+3nsY997Ozs7HOe85xTTjlFoI6W5rs5a9eu7Xa73/3ud91nLTEWtzO/QdxHpkHLN9qZlStXDkYlTnKki4JOi0BDmsMOO2ywwS233OJejzzySMEwDMMwDMMwezrB6URsF2llsTJoaGzFN5R1iwSx2C1h9TqdQ6V576JhmmIXV5jE6qS0PrqELFi8JYfEArfF/Bxr+7acN+V80e+V5Zwpe8IW0EAaGb6ZL0MGiax8TdLDFNuGtZW5QJiokn/sBMYpMp3GVcl+IFaBsU6LchKShFCORupAA94wUgRLGGmEKq00pq3zpZ2plUuXr5rZa++ly5eBwUmm3Xl1DbACDefWBh8LPLU22LGQX0ZNcjLyDIT9D/cPzXjwHz5wzFo/+vLPivm+a33IMQf/8V8/sjPT6c8XP/zvn1z60yvc0ovO/s0Y0YnjmMccfdan/TdUJ5ebRO+YYEUzvFn8j95UUCObz0bD+KTmbkLGJxYzd8SOJ/iQBIFY7eh9es5A6hWKS+B5q6JzgrLAxn5qTjzx0KzymzIi0WlJacec9pm2FqNZd/ut5KTEjME9ge5E7bv/gaMaTHcyAfINGe4I7Y2hRAh+gjtBBSVKsC9Bf6TkyQ+BXl5cEkxRbCr38wR1k03yycY+evDc4IU23gvIDTpul/Xd8mAwDMMwuxnz8/O33357w3a+wR133PHSl77UVQJ2iOhkCTJJS/oC7rJly8QiUUo96lGPGtPA9el+xW/dunWfffYRDMMwDMPsiYyKAqTgcIFxgQ972BBn05/85CfuQ4KbeOITnygm4Lvf/S71dvDBB49q8+xnP/vNb37znXfe6V6/9KUvpYvcf+O/613vchPusxapK+6DiNE77z65pXu+cePGb3/7227ine9854KKE8crX/nKr3zlK+4D3hlnnOE+46WLbrnllv/6r/9yEyeeeKLYpiNdFMcccwxNuD354z/+48bSH/zgB24n3cTQnCCGYRiGYRiG2eOQVawOvd+mQl6jtpjmJ2ARU0U5xcQbIjUJtYGCo6kEJUbWt0xmJwnGO29Qyowi1w2FxU0DWTnQg8VwCAM6FVCdQKQOik56IVKn1NGGhE4RCl7SXZTbXvSEr+tj+V6mThbJSZODZ0xEFxNZV5mEgrEMeg1aiuYENralZuRe4Gq2dI2i5kjFMBw8odooV4rOhF3WWbLPshV7zyxf3l2ypDXVFTlUftEcRaLAJJ4gv9vGlMJns5QlGG8KkYftj6QK20gsZFrd1hHHHjZqlY13bF53y3oMAVKPfOrvd2bAXDxvZ7//pIde9rOr3Lldf9umDbdvWrZqZFHg/g87/OwvnTcXonnGlL1tPSdkUKEyeCdkA/4tjRYyvEaViWxobwJKLCb0Z3yZf7Cbhh9RkCpVV1T6h0waEnxZlHZJ4TN40OBE1gcRW3Mysuke1Ddvx6tGuu0xhjHizrUL25O6ksyLX3zq407447Vr177071/uilLi3oc7UWNEJ51WLsiTJtynMkpNaKK6V8nIiKQksrrK4W1ykSslU7TusZW2KRUhjtovG0ZAFLKR6YqyEvdG+aiwBZ4FhmEYZrfguOOO+7d/+7f9999fbBM333zzX/7lXz7hCU9461vfOrTBDTfc8LrXve53v/vdfvvtJ3Yut912m3sd/JZtg6IoNmzY4Cbit5ndf71Q8WYM7rON+125fPlywTAMwzAMk0DSCoG2Igs2dh8/fvrTny7YeOnSpe4D1T/8wz98+ctffslLXvKOd7yj3W67+bOzs8973vMuvvhiN+0+vQz6jkyC2wH3xyW37pIlSxqKlpQjjjjiQQ96kMCcxCc/+clf+9rXXvOa13Q6nec///nU4Kjq3dIAABAASURBVPrrr/+zP/uzubm5mZmZf//3fxfbdKSL4thjjz3++ONdt263X/nKV77lLW+ZmpqiRWeddRb5qRxwwAFk68IwDMMwDMMwezgDmoYF3i4ks6jLTaKkYXCzctTqviqZVLBFUJSIKsGmym8gAYcICR8kSbHV/gbjD4qhgSqnwVJoiUoCA9KIou/+2GvKvinA3cSi8wmFxkS1gC+8opuKWIjoVzJq+bCZifYgOUXWJK4tdEIxuibZLUsWBGJAx1Dr3BeCJf2LtVsZTFCEdzhx187AFrWVudBLOt1lnam9l+21YnrJsu6Sad3qZi2F9WlXA9YCtTx+j8B/wL1HDYJxpxJTiUo3rUDrk4+uDTf3NNa7HStWr9DZyASNsl/QxP0ffkSqLGl18ljpHm8S4zpfse+y3117+wLXyQ7pxooFzFEG/zNb1qejMEgm/aRCjWp6bG1+UuwIxYm1I+VAPuAW05OgIVzQ4FNSOVmMOXsKRV7wRop0wyZxThFj6OTj/lqxaf06sRDvfOfpD0Rz10MPPfTDH/rg819wyr1QdzL+RHVbOg4FOK4E0ZK/gmRwQjojUsMJJUXjwkNEWRnzzGgEhskB76nB+1w0HiIa02n087O8LxUMTyQ6kYZGefa5YRiG2RNYgwxdRL+h6Ku6o6Df7P1+f3ARfW5xf/0vy/Kkk0561ateJXYu1113nXtdUOzy85//fPCrsRN2PuprxAzDMAzD3Gv5zne+I/DPIJM4op1zzjnkzbagxcipp576jW9843vf+9773ve+T37ykw98IFgTX3TRRfRR7ZRTTvnTP/1TsU2ce+65AmW4f/M3fzOm2cte9rL//M//pOnTTz/9kksuufbaa1/wghe8/vWvP/roo91nwksvvdR10mq13B4OfgCb/EgnJ8uyL3zhCw996ENvu+22d77znR/60IeOPPLIvfba68orr3T75hrkee5mLl26VDAMwzAMwzDMvYBUIzKoBWl4k9jRndik4Ch9QIMU/rvuDSUKdZU6Mnh/lKSan9biqZhZiiC8qOahx4mXVFgTPSnwUGz90DQZK9AX50FZUoK+pCzdX6l7Rb9vihIdUEyoiUOh0xo1sJMkYFmw3imHChJk5SNQHUlTppN6ZCRnSZHPQHSgsL7635D2yDG7FEq5xpLRC+Sk0GWXGJiiwJdGT+ftmdbU3tNLVi1dsWJ6+VSrNZ132irPQLFjMy84qPbLG5ygJqFEiqLvGmit3X9/9bwypblfPhFp2C1F85euHOdcvmK/5U865YTbb7rzIY89OulUnPPFn5HQYXrZ1PJ9FvA+X7Zy2S3XNkUI4Z4b5y9imzs8xOkkNLUN4Ywa3sdIGneSHFjZJPPH2u8Mnm/bCIhKHGescNdRCO9oQpITWymxFOkP0CNHimE7hsOBqL9NxDqSdFK2flx+43SW2qM1R47e/JxYCFKcEPvvv98HP/D+U1546r1NdzL+RLW08uO1JyZHpRdPRPOSoAtE+ZFJ5EswgiTZSRZFIU31l23en5W8yo/+QeMi4hjrA8HwtwbYNAmj6amY9AliGIZhdldWrlzpXs8777xU1d7gwgsvFPBbvmmUcscdd/zyl78U6OL+ute97slPfnK69Mc//vH69euHdrh582axI7j55ptvuOGGqampAw88cHxLV4c44ogjBHrLuxKFmID5+Xmyjj/ooIMEwzAMwzBMwH3CueCCC9zEwx/+8EnaR1uUBdu32+3vfOc7p59++utf/3r3eYlcQwQmD55xxhknn3yy2FZIdLIo3Gcn9yHwxS9+8Wc+85nbbrvt+9//Ps0//PDDP//5z//e7/3e4CqTH+miWLNmjfvM+aY3venjH/+4Oy3nn39+XHTcccd95CMfIXcWhmEYhmEYhtnjSYUmcgIXEztmka2+014lcyidNAqKCqw9o+NIg6TI6Lst6Y/MmJhjhay+NE+LhN9oGXcgaDIGNDRYO5eyxJKmwRidvjX9ot8v3U9RlKXJNUlhLH6zHtNpvMwm1mTRLMSXy8VCp0thV4PShTGrNovs4BRS16YEdxF8VajrGXZZpI1l2cqWwp8Q2DFpDGwMQyogaweOvBS5Uku6U8s7M8unpveaXrZsaslMq9tSWS4yDf4G0K2CsCTcBHqdgBwBfGIADCACIY87q512p9vptvJWT/SHHqqU1Wty0qqlS/deQDJy6IMOcj/Vusae9elzLvvZVXjM4o9PfqRYiGUrZ2pbH9iNKh1kRA80v8RzmjbKxPCieN3yY2GCG031XO0IZLS+8VSmJl4/YE1pUGviEfS8JXtFz5i3Ggr3mqxdwppcJnkaSXEy/BSEIKCFT9D83OyCbb7whS/+xV+cFN8ecMAB90LdyYInakAHYgckV9UDgflKJC4x/iLGcdiriJryo4V+tdj01YY70493yi+U5AskrYZhuRK/MAzDMHsw7m/07tfB2rVrn/rUpz760Y9utVqNBr/+9a9/9atfUcvGoqJwH0f7++6779vf/vYHPOABjaWXImLHcdZZZxljut1up9OZm5u76aabPvvZz7r5D3vYw/ynrNEcffTR73nPewRanpx66qmj+nedu2LPHXfc4To/++yzL7/8cjffnRbBMAzDMMxuy3hHt6H83u/93pi/mSxfvtx9ChIT8w5kwsbug9k//uM/vuhFL/ol4rblPoO5D1ru88+EPWzatGlwpvtgIxbP0qVLP/3pT59++unnn3+++1x30EEHPfjBDz788MNHffRa1JGmfPOb3xzfYM2aNR/60Ife8IY3uM+lV1xxhTvG+93vfve///3dydFaC4ZhGIZhGIa5dzC54mQIMeEmKRP7UBhL31eXsXo46OExameCf0nVZ+WA4muf1te4/bZNkC80LVuSgyL/EosTfVPMFn33M29NUZaFKUiPEoIdRKqekY3/koO4mGH/bVerx9dP0tBTK+VCJVMbmoWDCmvVe5TewKS+nzEvo/K2kCEfg/ZKWxSdCDchKTRHKbm0PbVyZsWy7vTSVnfF1NIl7a6yShs4aLc0k1pnypaGXGTcf8eRtUlB9Psa/8vOndRMZ3mr1Wl3MvjPq76YmNSLY7zTSfNsGfutj//gql9eS7380dMfccjRC9uNL1tZOVymngy2PnOBTeOd6O1GwgrR6ST9b93GAzD5IyeD34ldaFcmr/STViAqRSzdFwakJvh/RETRCSrCqudKylRbgA9O/YYdgoluFmP23Fo54Zkhz/zxvPs97z34kIOPO/bYOOeAAw74yIc/9Lznv+DeoztZ8ESlVlS2EsZZEXJ1SHAY9X7hbo9jvwxKETIZIp1g1VHo2Q5xOqHtJ9MNMZq3ZwKJHN4ZaKgC/xgz2nmLYRiG2UM4+OCDX/jCF37wgx+86aabzjzzzFHNjjzyyEHtxerVq//+7//+xBNPXLFixeAqJ5xwwv/3//1/Q3t705veNLQcMp6f/vSn//M//9OY6fZ/lIiEyPPc7edee+1Fbw877LB/+7d/G5qY4zqP3ycmXKHlFa94xSGHHCIYhmEYhmF2IjMzM49GxD2Afffd90RE7GrugwiGYRiGYRiGuReTih98rExtYb1x0IXEYjRVJVPFyULbG9cmqEzMgGrfBslJqISiXQn2Z4PxR20n6xs1mPxQSlGW5Wyvt6Xfm7Wmb0pTFuRSIYP/gqgMV7DiiSIUW9vDoYcw/GsGVEA3Q5ujmcrCdfO4XVLAVFEmNlSGRe2opReihDQguqiWqrfuYCQerdRSKgtOJ7lUuc7aWd7W2cqpJXtNL1s+tWRZd3oqa0MDoVo6b+XtTGuSrfgDVbAz7gQWBWh2IJdH63arLUBj0mu383a74+Yk12ISIYFNmi2uoPzL71181S+vhfW1etwzH33/hx02+bqj5SZ2aMsha4X7VUXRyUCqTmNVOXLZ4uVfzS5GPI1RcCTCo15JPQpvHGRq7iY2WbEpTyNhQTUiiOHP9oBHS/22Dbs2MGeB7wRPSK/Xe8UrXvl/3/ueY455cJy5336r7226kwVQdlBoFa4pXDsjjEkicqy11QgEs6MGxYi6As6OTkNobC4kf5HkxM/BW8xIqxRuKohMMNQH5CcsOmEYhtnzee5zn/vEJz7xiiuu2Lhx4+DSbre73377HXXUUUN/3fzN3/zN4MwDDjjg+OOPd2WSxz72sWIY3/3udzds2NBut8VieNaznnXQQQdt3bp1dnbWfTh29Q9XdXBbyfN8zFquzde//vX4du+993784x8/tOXJJ5/s9tx9sGm1WmvWrHFH/dCHPnSonoZhGIZhGIZhGIZhGIZhGGYnM3l9e8G8CxkQoUgtU08QV4IfXXykoIa6r4lf4P+tVUKtrKr8BmUVrrKp0z2Jjakybk0p7Ly1lKcz1+9tLU0fVq0sABQ2L0QjOKLqlHYDJ1VVrE81H2NOUXApEcFPJYaRJAXaBY0pSMfgz7KsV4dTeUBNPES1XMrhoVAT10YrlbkfCz8tnU93OjOdqZm8vaLTXd5dsrw7081bGYQRGfeX7dxNZzkk8NBOa4Wn1MyDa3nf/V3dLW63OkrJTqsNIhSl8xag1WJdJGuCp413TvotU7c7P//fi0iS9IRnPeZ+xx464Yob7tjoz12iMWnKnUa8tfUdCBN+TiYWIPpA2OFLROok4t8PFcIEfYZfWB2M8XOk1x/R3YZbNNZrt9z/SGZiKqFJPJboIJTe2f4mwIyVVOhkBx5vfLr86cXG1JsStqa0CjqzqqNwONutvkFceealf/+yM97/vqOPPirOZN1JCujPqouSikYEKTtoPKQbhv6J45ifj3dEM1tH+hEO+4/jf+MJqo/s4ZbzK4IsDpVyMC3juBx8WHbMHcIwDMPcw9kfETuIJyBjGvzrv/6rWDwHH3zws5/9bHG38XBEMAzDMAzDMAzDMAzDMAzD3PNIC34+SsaGErVMJB/xdYisAoJWkhp6dOKQNjUgGSxJh/AdEYqXQQJCygiqZnojk5CkM8QQgRqk/iPBWsEK0pWYwpRzRbFVmL6xpSn7ZdmHmnlZQkXVkFCjxPKpCS4qfv1QNqXdokKqwsq8P0yMJZHpUQ2eIdCKgNWKTar3dMh1Q5focVGbl6hJYKfhhECyhKDv+8O/GhUldOqVL8mCkYm/lmhnIo2Vxh+Qa55J3VI6V1lu9VTeWt6ZWTY9s7TVXZp3lnSmulkuS/AXaGV5KwftCO44aAwU9CRMWfaQoizcZjLdbrdaWZa1s6xQKtNaKSW3JbEpPXCx8Y7NEzZ2LXtzEOKzz8ErJ1ecONbfsdmOlJvYofoSUZ/pX03qwQBk47w6qhNjatIKK4Y5vchqZiUvsg2Zhy/y4x3si/ImpFFRHo67B0sjpO+DMnQsCU58jA71L4NrCQWbxFQd2dhL0op4p5P68+1lUFHHIOlGDA9wbb/9sx1EJ1HcZaXaYcG38/PzL37JSz/4gTOOPPJ+cSbrTiJog6SCBw5cN39FosDDoIrQG+Ggls6hAAAQAElEQVTgvRVcR8KtX6XvBN1IdSuFZKX4RMQbI0Q71YyqhB/OgkqOfh+Q4EWS5InGPisYhmEYhmEYhmEYhmEYhmEYhmEYhtnFBPEE1u+UL3DHr6sPrcUnhFqhqrQlVL7EUIZQth4Ru4PV7FC7JsqwT8Fwwcs0ZHBMsHWbEOkNEUIzb67i1S5gcGJtzxRz/f7Wotzq3mJ5vYyWKhIlGFQft/6wUe3izSFI8uI36NcyoiYDoOCacDJDNoQNPzhXybBBG0Ik8ASk5zUkVZDGpmoFGpco6PH1XkuaF/AvofK8puuoaKYv7lolwJPEbUYZN4euilBK6Sxr5Xkmda50V+crpmZWLlm2pNWd0nlXZLmr6xZGSZXpPHPNMvLsQJMVcjgxZa8/P9ebK4syB4+TdrfTyTQoTcCLBYH2yTEkr+OpiXA23rlRTEZ3uq0zVfTNYQ86SCyGu27fMPQWH3/f24FX5bOMbHxd0Olk7BZGLpDVOZXhvqCbrlIBUAIU3MLpHFJ1+QfNAG5JJTcJ+y0rLQsdErQa9Kiw/jmjR3RgL6VNk3ekd0JRGIhFkjBZHQ49qyDLigeHQrbt0SwNMDs7+6JTX/zhD33w8MOr4CXWnVT4i+/tTCRqSPBW8TeHoDvEVIYnIt42cfBNvEf8WGZHPfheD2X9zRDuIfoF4t1N/LqSbuk4SguDOhY75M5jGIZhGIZhGIZhGIZhGIZhGIZhGGZnY2r2JAOOBqOwY6JkZOyqsaFGOxG/G48laSiJh42auJmgH/FFTeNtUUIbKrCjSwuWMONGfVxOWcz3e3NlOY8eECZN9lBS0W5YI0LRVFks5tvQrzdNkZXhSBBv0BF6zY1NxRWuY1E2lAmhrhqlCSY4xPhzoEIoBbnGVJIWKMBazA9y77RbVJpC4XEqGf0EBLmpKOuVCAor9qA+MWB5osGrBPfZikzrXGeZ0q5JJ8uXdqZWzCxdPr2kq/KWUNpKzNOwWSuDXB03L1aD8Sy4pfNzc/2i7950O51uZ8q1ApmJVCo0g5amDBdwEXXh4B/jt3nXrRvLwuhMLbhia6r15FMff/uN6x70yCPFxLjO71y7QdRv9Gjb0Gg8/jCSeB27GNHJQD/+35F1eisq/yGvDkkeIm8WJIOBBM2PXibCq03I4KTZe5qVE7coG0cemsjais2ubHUWUelSHZcXK5DCIcrbrBBBaiW9vivJ7tlRbNmy5YUvOvUDZ7yfdSfDIJWeQZEQuj6VZbgWQV1CGhSvB7SibsmEfTT0ZdG3RlQSKJFEQHkLnaofWbp5RpLrVlzHTZaGxk6/AWOD2IVhGIZhGIZhGIZhGIZhGIZhGIZhmF2KHJpRkMQdYG1PhgwM0klU7bwmo1kdjl9vH1M4JjcENFyA7AXMbTDCVlX1UFKvdsYOq5QL8GuwaK0BCSLR18FNlMV80QfFiQV3E6y2U4CQrJXlvWgFpjVl9YjQLERDUB1fQ7UTNToh0MavKBuBIdDcWNKz+PNBEzqYnYA5jEwCWGRyZNJXaUU8KOktIcDNIleZ603RHnpZAZw6DR4n0LcWUoN2BTQoSsnMSq0g78a9ZkqhwYnKIFtHz3S6y7rTSzpTbZX7VYTMoB2AhiXgjELnDfOIil6/Pzc76xp0u1PdTjfPcxVuIVnFaoiR12sC4jrzs70rz7/myIcfPslaB95vjfsRi+G3P79qbmuvsV1bTdanRuDXilY2YWKbRCdygpk2/mPT/B9fg08K+xCmE4wowiXEOfggVN3Xk03q+im4GYONkRWTeY9ElULYD5IYWIpN8ZuufIQU+ZqQAIucVvw+7WjRiWPjxo2nvvglH/rgGQcffHCcSbqT5zz3eXfeeae4VyJhYDLRCIfuJ7x2XqNHi0SiQZE1uydSLnoJXtKxkVFz4hebRGxYCae8RhFFcxJzyAQlqwW9i8TBToK2ztv2cLgOwzAMwzAMwzAMwzAMwzAMwzAMw9yjGFCH1Cp6JhYfEwkIMsSFwoYQGKVGLRXCh3h4xQlUPCt9hoglddK41K1XSOciElOTcAik7UAfEeMq7mW/6G8t+nOmnLeihOyeWDDFVJ3KVQK3gkVvFZQTNjH4SI8ipn5IqcJEtYe+cOo1KraKPoknSkkfPFSLlEDdRlXbB++UEFdhyxh4Qp2SzYk7wdIYEer5bsfdKtr6XBKNVXytZSZUJlXuZij3g4oTKds6n253pvLOdLc73WpP61Zb6VzollvDras1ZOUITTvqJk1ZlkUBvjGOXi/TWavV7rY75HGCzgh1xcnitSZVFVrUJi764W8mFJ386ge/ufLCa4887ogHPfJ+YjLO//6vqx1IXsXA9FAaDVKzEwFOJ5OehKHtzIi2wXNCRFUUQtIoK6I1BUlMosdJzEBpCIGGqTusT8YSxtbjoNI1ayqr2mmjQB4rZE2DI7yIQPgYKUuhKQI9ckgUJemhUkrjc6R2uNMJsX79+hec8qKPfPiDBx54YJy5336rX/Oaf3z1q/9J3CuxaHAC6WaWrrtBCYqJIyYZnNRXSsVl8KrIpCnttnLloeYGNxANdWQIEitxDJaoOPFeNzEaivLOlPWiJVLDoKZPWGsEwzAMwzAMwzAMwzAMwzAMwzAMwzC7HiwFg0EGTcjU5kSI4X4V/tvuwxkM1hlSzaekD2ujviQYJMikVmlr1e3qO/IyrTaG5BiJohNZCGPQ42S+LHpF0bOmJ6UhUYqSUfEhghBECj+bdCfBvqW22eSNq4kn82EPVdSdeBlK8EmxYf8kqXBEdHjAbBzrQ3Zim2qrcS9lOAMgN8GJXFJNFvQe0oawHmsVOp2A9AQlNW46l5mGV7A2AfcTmJa5UDNZe3lneqYzNdVqZUp3VNaWGTTLtJagOMGsHCkhNcdrZcqyNP3CTbTyVrvdco2gLWZwqOAaE3KV/D0kmidw6N1CN1jypj5xx03rbrl67f6H7SvGcuv1t//wC+e5iZuvXHvA4av3Wr1MLMSNV9269qZ1YvFyk8GdTJ+PbXY6sSOfpsQ5JJkw1U1HwhBrKrsV4wkeJ/F5tf6uCvemlMlNlzzTo/QeiWBEVKqX5ARUfhiY0oTihWht4o1Y8JlREh86SnpCDx6co0g1JfAJuVtEJwJ1J6997es/85lPpTMf+pCHiHsrkKoTbE4wG8vWjU9AiFKlL/k7r/aYVENzmpXjZXTxIbc0EpK2xXvaoHBECe9x4sZuVekJje/P4thnsI3wEhhjrbSCYRiGYRiGYRiGYRiGYRiGYRiGYZhdT7TRCNhaEbnZOlEXpFXIuLyaZamMKH3CR61HqGhSYoO1IUqG/A2qfQh6FFsJOqx3OhFChGgZskzADZUCHU1M2StRcWJtIZXxbUoTVBxeFKGVCmV2RV0pzG5QEAIibZUzEoumsn5ybDghuI915xX4Kr71J4IO0bfyZzoeuq3JTUx1rOT8UJZWBXMVIwwoPHKtQIBitbHeN8KWElfUmEuBLiUKzE7cpJXuR1kvCsmEmml1lneml7WnpvJ2W2VuUVvqjiv6CwUtMXhIk97EhyoZLAWbsijyVqvb7bZaWf2y25gx42dLYSctB8tEX1SdU5Gc4gu+fdH+L3r8eAHC7Oa52H7rltm9xEKiEyt++s1fiXg/VbPFKM3J4I4F1xF6RX8PU2mhsokkE3ZgqnHmws1SfyZNKvagR8kUpaUInbKkxmVRhntLhguEdxtenyF7hzKjoLkyye3uTXeiFQ9tCA7Ymrjv8cGP94wNUi7031GUogMGQfiWIp9wo9JbnGTwYtElhcx/7iZWrVp12mlva8z8yU9/Ku6t2CBRohQtusD+bh75KFejv78bzYC6MI7ZGJwW3Z1oQFMQEuaHC0n+JZCeA63pbXJjoQNKkPPRIi2svftuEYZhGIZhGIZhGIZhGIZhGIZhGIZhFgPWBk2qIwl17iDykDKpequmzqRaqpIOhfB5N772mOhIoEiuqExJig4qMwfhBmgn8NvsKnaWSl2STeMeGvzOvOvKVdv7RX++6PfKokB7jsJtggJthPS+HVAGB7Qvwfuvz2N2AwRMoPuIEmTQUGllKvGJqZt2yODWIdNZNpzPKErAGq5K11V1Pwk6p1iQxa1iZd8V4VEtA+cNhCZKzc4XmRKZlPhVf6jGalm7IpCTAbIECCrREhUkbj0hWzqfbrWXdaaXdbozutWReS51K89aebudgeFElChoNDshm4x+UZiy1FZk7Xa71cqk2yG6XPGYvXeGELHOPJFxyBiDk/Tt9b+9+YLvXvx7j3uQGM3BDzjgfsceevUlN7rXAw5bLRbivLMuuvq3N4sJ9nOSAxGiirTRoPMZ5XSSZDaFWWaBLQZhU5R0uFXdLW0xQCpYUaCmqygFekCY8FDFvipvHykHnUxkTS0kvY7EB/ak+5RIrsimx5AZhiF1AnUNtx0GNEnIciLbEsjPkT49R5PBCWZaKWpMvVLulH8ISSUziWpn8axateqDH3j//vvvn87csmXrJz7+SXFvBRRLli4lSIrw2a/l6XitUnzb1KJYP9Y3nhGLWiW/lLR/IKbTZHOC4xdamBjs3YCyBNRzqM2LKrTgPEVSNmW8uZMfdRmGYRiGYRiGYRiGYRiGYRiGYRiG2aXU67o2Fg0rmxERk198ubpR6AtKDlUPGQn9e0mJtSFJh5ZLbwtRSTq8NCTuGDkmWN847q0kKxQsjpJNSPAMKa3pl+V8vzdfFn3q2RW9fQoJuJhoyooJ2pXartLugXJFGFs7wmbQCJY+lRiLj7wJu1xtJUpYcH5pyurw6WxBEdafCa/NoXovdqklHLU0sF4pIE8nkzKXqrQlZCMF3xYfQeGPCiaU1G2lZ9pTy6dmlranZnSeCZlb1ZJZW7c7uo1ZObCm0pIcLEpb2BItNFDMkCmQpzh8VAtZu9DFSGJQJjL3aNSlw6qpy0hD6vHTr/1y9SH7rDl8pJrEnaMnPecP3c5KtfAu3HjVrWd/7QIxWuzSmGlHzB/YicogRIKpzJCWNpwtrwZJ70MRjkQkbjo0RQlG9HiY4GsCiUfw6g0qhB28VdPn1m/QBpWUv69IJqJiw2g0FLeP/QYLl/DUgSZJGJK4GK8Iw+6kVu7uyvJcZyg6IcscTGvCGKowIauzYEl/gLc9yk9Uc7d3HKtWrfrIhz+03361O2njxo2nnvqSa669Vtxb8TYn9AtAhpwl6W8XOfSpCmMZaffQriSOc6Ja5KfghRQnGAOG6jsDEhMlQTOIvyNEVAAKMsrxa1aSJ2283kmEKCnBMAzDMAzDMAzDMAzDMAzDMAzDMMw9iVDKG1LLI1OQ4N7hGyifUNOUjNR7jGVxEyJlyBnBRDsD2ayPU627StiQASxBlr4yT1/NJ12LLVBxMlcW874sjuV6rciyBKvdJGXB/it3Bp99I3xeCPaaHDLVXZO30K4Uo3UnMvl/nCF8cTZJE0r1LKRkSQv+sW5rjJDe0KVUUP237l+wmYB8CXSLMBkKQMAlcbbv0AAAEABJREFUwJVltRJB90B771pkSnfbneVTMyumlnR0lhmZGZGrrK3yHFIuwBoFDWAkCYQwo6V0JxSKwgosULTyQgEZLraoO7U0jlbapofHCK1Jc3rIIqg/2//92A+f8ZqnTC/ritFMojjZsmH2qx/5AUg1RmxdDJObjKltRzMR6+0gfLzQMNGJFEMOPFx1bxFjg07JT0McFN2sIPFwV6XfB4+T0vhHwNjqaUnNdmSyTd+bBaWIrR4tG7KdKqMaCwFONkpbMDDFeP1ZGbqjOwGefKmzVpskJtofOdwrGsNylAXJF6G9yYr196aQKuxVEe734MaiZDihO5hRipMXvOCF92bFiYBrXNCETFQnIqo+SN1H4wnJj4KWLjzW0tohijEZOgm/Oqy7JzK4dcDnSpYlyNys1TW5E71aGqhlUB1adJ+C4SxsyArLohOGYRiGYRiGYRiGYRiGYRiGYRiGuQdiK5ODaqaUTQlFHem9DtKIlyAG8QYnWL8GPUeITbBj+ku7FjLUPLEQbX3kCIhZIGCk790Xyvmi7KHHicAsD2l9hVu7IrgI1VIb65W+umngq/cGcnxwlk5EJjat2CdnRsl6wM+wjBRRV6WE7umArExNKGxQcWByStDfkKGIkrYsYmSNPySMLNFaaGtQNINeBKg60Vjvd4sy8J9RudC51l3VmmlPL+vMrJheOtPqyMJkwrZbeTdvQw5KlmkM1tGoQ6CkHHeq3CYgSUdZLSRYnICYBbaLleOFtR1imCrHjn07oEsRNpm1ZcPs5/7jq098zmPH+J0syI1X3frVj/xg4/qt6SaG7sMkcpMUvCh0Yf2VzUa2rT1YtnabkVjE398UXhNST4wXApmiMMZ72cSNgWII1UbhufP7FDZYP4rU5sfY1HQlalhCco+xIXOFHkIMysHYJrhpVJZneauVtdxtpoPSKiTw0JjgtSbKL5F+W+GwLaoIbPDVkEnk0kQ32eSw4mQMKG2LMiWy1cGEMYMjr4oKofpzkfjhRI2QrMY5+FG+S3inLNmcGDfKqtLY0mhyPZFBRiLTf40M+ha8gayKI3T41cKiE4ZhGIZhGIZhGGbn4/5M1i8K9+MmBMMwDMMwDMMwOwX3CVzgp3HB3IMZTCoYrFxTcTsUlFNLBdkIA6kVuyn7xvqyNdYJTayU+2+4V99z91YilsqVlLkRc0DSrRn0TYEAGEN9uoo8VkjdauDVIH1aQzxA8lwQGCNR0hEHMwUbfBZk0HWgfkCOFB7UVAPwopLpuI5KmkDXVboPnhITvAHStcBrJBbvSTKTZV6aIjGnBPdSg18AegRAEVbmQqIZCRSHc6V0BmYTWqqWyDs6X9KaXtKeWtrqdlstDT4Ssp3DfJSbqEyjQMVLeawM5hsKa83wYoVrmXtNg/DeGmJALeRvjGE6juRVjJBx2PpsOzDLTW/esPVL7/7WI578e8ee8KBFSxKs+OlZF53ztV+ixwl1P3wfFpSbJLqIZGaMlwk3f5bojNTg2qF+b+mUeUkVupqQzKQsirLol+62RqlWCbYQ2Bem01hb9zLBYJqgQcGZyZyopJEgrsI2eMlN6d2CQjoP3P1FEUwvvF2ObHXacDtJ9DCBiKUcjG8wNCcxIArr1PRpsqaqiQ+8qM5BYmckSeASvGKE2HEJO6tXr/7gB85gxclI6p5F/rKE24fuJVoaJ6rB04/swTMnZIPB4IVzfGAYzlHSwBjkrjLKD9EAB2VHUeeH2wAvLOODeLz3Dw209JvBovsRi04YhmEYhmEYhmGYXcHUVGfDxs1bt84tWzojGIZhGIZhGIbZKbhP4O51eqojmHsqtdq5HdSfCBm+rm4tTUDkil/ky9zKBqkIFBy9p4gVgnxNMLKFYhmEV5xgLo8NX4EPUQqhzBmL4FQylz62BDw4FGyLfBhcybwQpvT7jVoWKMij30TYPRV6iz0XURmDXcXvzNMaGFcD6Tm1Imz9bFRnTFaxOM36uPTiFbS/8N/gF9GtRaCmRoYdqHJhSFdAx4GnK1Pad6honyUKTcDmBG0CZA6nUmRCZkpqiWYn2k2oTKmOas20pmc60zOtTle1crd2YXOM2snBqUJ18lbUCOCuuZ7KKCSgwJgsyxTGrUAkCnqdiCqVJY0c8vtfiQhEekyjNRwj3tphq7vrfu5Xzr/hst/9/pMevOawSS1Pbrzq1p9888JrfnvzGEGJHXhtNhgvpkk8TmhGRm41tNuxD0h9soo68zKVINUxJYhNINQIAnQKtPEhsxN6rCQ9YN4txG+V1lfhrooiE1CueMEH3H0Q0QRCE1A64SMR0nOKfuFFJ34HXUurM5m1Wlne0qhfUkqrLNMZKZncjQkPjkiECF4GgEeanCbS00g/EPh8FTqRlVbFeI8kfzgQhxUSqOxQA6HFs3r16o98+EP77LMqncmKkwY1sZDFWyZcO1OWItgxeVma8CFkMAeSniypUGQYSUm2ptz9bkgziIoTN7iQoIR+JMjXcCvuqTBhuDfunvBGT7QJQ79XFA3U5IdD2rwdn8DEMAzDMAzDMAzDMAtBopPb77iLRScMwzAMwzAMs9NYe9udAj6NdwVzjyRWEP3bqpBOFXQtyRbBRyjAQlScxCqzL3JLP+VNEygtw5XOabbBr7Vbsg9ROENQaIO0tbQN6WM8vC5EoGQD82NIU4LVcleVL3rz1hTkdELfq6dDUOAAAk0UlK8FVe1LVxWFwqavk4boGlHCW/RGkdpXvVHCorzdR1rRTE1TagKTQY0FtZKVzwUVYKvVReVqUYbzZ6PfC3qdwOoQZyO1a6M05ef4MqsyQlsLKhMs/4O7CXpOtJRCKYlt6TzTOlNZN+/OtKem8043a7V1roxtZ6qdt9w5ci07Wa7hWF1RF/xiDEojlKQrougComFLyN1BfwHcNyXEoNtNZYVAt0/NvGDwBA2bDAqg5jLrO/Yzr7/05usuvXnVffZ66B8edeSxh+lMDd1EWZjf/uLq87/361tvWpdubrzMpbnUDm/cmKtinE5okUnZPEYUbXkBlfQuMiCeMiX4mhT9ArUm8BYlWpbOYjTt8dqMVPIkgg0QmYqESyAqDRBeBbw6FixMlEF7E9wZELWAQZAIoi6wL9FZO8/brXanA3cWCQ3wWSVfExHUX+l+JEIsWbucNmlTIetLbf1M+lNuxWid0mLAVJ0PNhQnGzZufOELT51EcXK/+93vLW9+48EHHywWwy9/+at/f9t/XH/99WI3oSaYsjH3y6RPR/DWsY2nkoQoymKEEo4XZE4C45eVNFNiiBncPca3l16yYiRKEiXJqehGR80iKUsqiytai3QnXv1o5Q65RRiGYRiGYRiGYRhmMaxaudfvbr3jrvUbN27asnTJtGAYhmEYhmEY5m5m/YZNGzZudgWsVStXCOYej7Wxxp56Nvivsct62AXZNASji9gFiRNMqGvboZVjrLiLqvrsVQvCWxxUAQ4y6Fe8fsGShqTo9Xs9awsMowGNiaDv2YtK2WEs1dYtamUsqWEsqihsMJ4I3ZpwyFKMjtRZJLWIkaQiX51DsIuoIoCiQQCdZ1InVCfdqwJIAmINVXi1wEgdIcCzJMtyKPLatspylbk5U63uEve/rN3N8q7Mc7BCUbnOMykznYEGBVQ/srGLcadluExUfpbByUB6CUp1P1g7TlcSlSdjxBsDWolqpg0vtq7gcD+33bjuW58653tfOG/vfZctX7l02col7sfN33DHpvW3b7rrjo3r1m6Y29qzA7ISMXwrQxoMTdKJ+zRMNFGRmZLq6jLoiaQ33gHZlIP0WWjZA0IT+LGWrIFklH2F2z+xFZH1J6SaKyqVUzBA8WosEpjAJgRuBZxq8CZRrVYnyzPdyjE3JwOlFtqNKK2FF5rpkGOiKCzLi6KErW25vhu4vC5M8f+omv4knMCh+qQdIih4+cv+fp999knnbNq06YUvPPXqq6+eZPU3vOF1i1WcOB760Ie8/nWvff4LThG7D3IgzKgavoPnDA6g5E1jKx8qQZI+kFBRXA5q5tCUKY5fqDWUpCC0fkARZJtig5guKKok2aigEkUGtxtpffQZKU5QksKKE4ZhGIZhGIZhGGYX0G7l91mz7403r73m2psOPeQA1p0wDMMwDMMwzN3Kho2br73+ZjdxwP77tlq5YO6pBJsQKexEVTzXuErX8ZoEWtFgebq0CWnpOPgkyPi9+tQew0/EWju1CZ4aIBihurnpO0oIfDBppTT0i6YqkOYDdX2qjQpSoQS5SYzX8RuUi65eDtZnh7SpFDAy1OVVtdAX9FXYh7RnOk0UKoS125hlAw1NJqC2C9oRheoAJXOpMgPGJ22Vd7KWsiZXrSWdqSUQo5N1hJultZG5RhS9eA0JXSZZl51I9FARZLMRhUVhJylcKT0Jg7qTugSoapi2SR1OBvUGqcVCYxWb6FR6W3u/u/b2W669vVpkm42bmxNDGiwgN7EjOxkFpB3RFMlNQG9hLRia9HpFryyLAvxlgkWPvwnC1qq8GRFUX+mJwNlKVdlRqAbwDxUE5+CPtAqsU0yByhbMpCqNu/ZZnoMzS567n7yDvjh5rjNtUaciUAljfMSNJFci4QO0oqjF69DwAVchYomCcky48ia544WsS65oEV7IsnqGw9HFpK7t53GPOyF9u2HjxlNOedE111wzybruDB926KFimzj66KPc6sbsoIiguxkZBB8B8jgxwXDGS09IfgRjE8r4fARXKZQFaRK8CqtpnMJfEsGFhy42ZPZYjM6BkCfsWZKSkB5bnKNoCgysrDS+jcAeUGGIsWRwfxjsYfc4vQzDMAzDMAzDMMwexup9V667a+OWrbOXX3nd3nst22vFspnpqSzTgmEYhmEYhmGYHUSv39+yZfau9RvvXLfBvZ2e6q7ed2/B3FPxVdFQUA4CAztMV1HZEWBOTdUSBAq2pMo2mSoIEnmEMjlYkkD1EfI7UoeMhljB5+nIxNzEt8RNlqQkKV2lUWtFihbvhmJBnEHfnMcQH6hlC1FgGZwKnqUIhxZ7rR9d6G1S1JhliUJDJAYnqUojeslYkdhYyGBj4ZNMoKLvHQDcqVWWfpTG9JZcqEyCI0VuVS5EW2RtobNSdFvd6emp6Xa3o0Be0FV5JsDCIlPutKlWBm+95CW5RpW0JWiJFKaqePcB3FVqoyt/FL9mCZktyeG7yy+rA7aJrqOhOhm8BvUJO2hwknRkB+cvpDixY5fSJoc0Hao1GapWibg/NbT8LW5QxGHN/Nx82QeXnrKAcj5d2QQpYzSV8kqo0MakMikvsfK+PLiN0oj4Bo0iMLyp9LYSqJ/QWremp/JWO2+3FF5blWnva5Lp9PGgECqCBoigEkvvYyuqPBb/g4qVGAIUbh0xaigZOKF23Ntt46fnnXf8wx9O0+RxMqHiRODg+Otf/+bBD36QWDxXX3PN7qI4QSg8x6sPcQYqR8iMBO9LL0eiEByMhlIw7SdgSBKQ+6V9yI5VdG5lcZYAABAASURBVBsFXR2MCZa8ciDPC/R01gepWa949No3RXeT9zKRPr4Hbyz8xUMBPXZHSJIYhmEYhmEYhmEYZht5wJGH3nTz2t+tvcP9BZz+CM4wDMMwDMMwzN3EfvuuPGDNvoK5hxOdTkYvb9haRLWEl6AIb9lgQHwQnU6M9+2I5h0haQR78ZtNZR4yCd2xtqaGgRAdSszxmgyFmQ9ug8bXvQ2tUoA4RZSoMqH9K0PvIk0EqetLvIODFdtfyRxfYZfJhIxf1I8aA5+L4outtKtWiugXIDMhcwk/LalAdALmAqKts5bUbaVbSnWyfPnUTKfdbcksE6qjspZQ2oLEIHfNsizToDDIUOEA1hcYTuS6VomwwE/XRRHh6sj0frBjlAF1TYcdrd4QE8hNxDDFSaU1ETUJyxhNyZDe0kV2YEJsI9n8lln05kFTkxIeDeiOtFkWK+gludkEfxtSmVSCEkNPlkgfG09woCHllUGhV5C2CNQKuQcExCXuaudaw0XPUHdC/1eUZYLtpI2ZWtLblShQNYHkgqRJwQxHp8ZEyaNaTVSeOdLv5LAzI8eMNTtcSfDmN//rq175Dw9/+O9feOFF73rXf95w442LWv1f3/pv//xPr3noQx+yqLWuueaat7zlrWI3Ar1sYCKMtziXhB0o8vC6EHoyJIpLlMaILzAdgQmhURqiyTrKGkVJOzRe071hQIAlwNuG7nXfvyANI4hRaF+8ag2XGtx6HDxMVDSh38mO0CUxDMMwDMMwDMMwzDbh/uq9fPnSO+68a25ufnZ2vihLwTAMwzAMwzDMDiLTutttdzvtvfdeMTPdFcxuSGV6UdWA5cDSVHZgUERSBeug04lNvTOC4qSqXvpwhaBISbZvo2sDhZBAFdOUvuCIRhyulg+yElFSZTx8m941LiWoTKC6KYPfiPWlSV3fSqp2sSHFYaKid8MQJdFH+Epp3eakWstaGevxosoqET5UB3xNBJkL0GmiH0yWgPKulqIFPyoXKDqROlMqE8JNwLRU3ay9bHpmutXKVJa5OW4VI5S0bQkuJ3mWt/Jclha0BkK6c1vtRfCyUOhtIinfJzpqhCvilTK++GzTgKTmKUpeh8o7RH1mqvFoGl6E17rUZJzixA7bREOnIkYoTkasO46hzbLNGzZ72xF6JGylv1KJ8EJGuYm3miARECQcobNEsNSpiXDg3JekX4kruxUyLRXIiUBlkmdZrjP32srJi8hriOglBGT5lcMbBdID6XehCtEK2oMEKZMZtr6gPiu9RcZZCdnEYoMaix3AnXfe+c+vfZ3YVq6//voXvuhUsacjfXoNPTv+prJeayJsWWpK0oG7UeGtBPZGGscmZWFt/DGSXmXU1BkYin3CmCGfEu9iAkMH3MKwefwtIK3xQyOoqEq6+ngL4i4Z7CT8UvGOPruTlwzDMAzDMAzDMAyzB+L+9s1//mYYhmEYhmEYhgFQalCbE/QGwtsshImqgSUnkliPLoo+Zi+YqEXBLq23XcCSOHWFniVhI1GN4jsndxM3GywiwB6iKG1wcxCiEDRl3UQJX4yH78bDROn3xyjly6awcUneJd4VIrg5qMax+D3AHdqmzAY1RHUAVdfaKcUSqUrPn3vVuLvQVGENX0J5F8UnJeYFoeGFMVpJcKiQsoVaE/ejrciFaiutIV5HurKv1rrTai/pTnfbHdAaeP0B/rhV8ryVQ64OpGEocDih6A/Q62gZtBYynibKxKAzo6gSrUKYC/0vsUMIR1zDDDSojn349BD5Sk0gMqBESY1PJlCcDHTYWJQqTuykcpO4impG5YjMlpUWySuR0r0buNOstVGVRftAp6Q03moCfUzQ0ST6UeCtA7eBFFm7jY4m2v0onSm8ZTTcIf4GlZVlxLAjqL2V1TmQyVmJTeXwEyQXenzCRa76qS8dnMfsHKLOhHJtBMXoKOsVcNoNMShHIu2bMjYDt5zKBEWSsw0McmRwY0QMz8HBmxp7Ayu8lwXdj+ReZcKNgdumMB0V49OAhsTJDjzsDMMwDMMwDMMwDMMwDMMwDMMwDMPseiYv+5LLBX3fHL6wbuD/wiceWO/eIaLko4raqBJFYgPMECHdA5XZsbYOohOoS0qDFciYrVNgybIg9QnmjxgRKpiY6SNCbE3wL5FRQ+OtUuLX+mUo8O9oVPMsJqYiQvr8mujoYoKuQNgSv8wPOhIs9RqFjcHORIiWUm2pXfE3kypT4EWiLPi3ZDqb7k4taXc7rXZL57nGGBUBZ04p1UK/i0wrb3YBBV7Q11QmJ0FyoqSIl0mNCkfZ1rMVvUyGqj2GNh6Qm9jBRXbYKmLYTo5SnDSTdOw2HmCDLBbLo8GIFTF9ZsiptcKH3pAlCd3RKNvyGhN8JEq4MhiSAxcMJCZZloPGCEJP4Mqj3ATzdaQytCGLGUq+QzriKIMZeOCtqF+T5OzL5AIMjhJyQcnJYI92yGPC7AJQC4LiEEHSO5g2IJODaC5UnLixJkMZCowj1uYqDKjJK4nWSACIw7mAeLPonCJCdI4VMsrFbPjBUVvCPWuCqYlsjFPKi1AsDe1K8v3CMAzDMAzDMAzDMAzDMAzDMAzDMPcUXDXPmMrSYLCYl5gU+G/Co70ImS+UvnoYvnxO9iioLFFec5IoCNBAg2qW6dfXJVYdS+yyhB9bqmp3jLAFbQ8tT1BxYkuI3cF6JW4Nq5a0p9Cxog2C6Yj0lXbcFU0tQqlUJkc3OamRiWycMIlpJrU5UPkvRSzNx3o/nURjyGVAU70VMit8wo5WMgsGJy2I0QEHmVy62UJj5k6mdafdnupOddvtlkKvC3A30W4PtBZofIEKBVfDBUcY3KC3j4k7I4NbAYkebHB/sTtEj2Or+vLC3Q2Tm9RUJ1WDxSlO7NClNcWJHb7utpEJqxqzZPJPuABBiRJvCVKc4FOFbfxNg++NylTWauXtls4yiR4ndMUVGN5Qck+4EaFcr+j+Skwiwi5Zr2uhDad3v03K/E1xjExUScIrFYLVTyoqSlwrhBhzSmXSqLYDzM7FFpiJg+MmuC8VFmOWQFyipVXGDTRCG4uuSmBDAmI3W9LNQPZWKGczFIFGwTeKbgVytrJBzgLThn4bSIpkM1aWQSRI/igwYFs0f4JtWRlct2AVDPDBrchJhhOGYRiGYRiGYRiGYRiGYRiGYRiGYe5+Yr5MTQGS4p0R6Evs6CYSxBJYUfSxHyhWEMHjhKbU4OasbxCK4d6LgSxTCix5owjDUi3elSnpS/iQtSNwc8LiNGpQoIIpTfRKCSKK2sFRmRLfgm9I0KT4Rii1MRPbNIiGxKSeyOMXDWTLwNYpw4hK6nC6vMwADgzrtAZEN/jdfiqnugovSkwgH8dNtJWGQrApFXphkN9FrvJ23up0Oq1WrjFRJXfNSzjHGqY1RK4oDWYxAq6QNx0IqhwZEJVRhcGrLRONUdMHY9v8KMZLCYbIR+orNMQodsQiMXjziqqvwfu6arPICvYoPU6UTGTjVxZS1I1bpNfmGEvmP1KRzQkGRrnqe6bzditvt9vdTpbnQlJ+k8QbQVZ6MJyQfj9CsX/wCiaTQflhhy6qrVNXVokdgvS3mB28pMzOArUgPoUMJCalzXAa3JYMZusI0rj5Qd2NuZaeQhSIuLtWkfoEM8roFZ2wwLXKtQ05O24Aht8VUmAKD47JxogkrMmLphR5nOC2cDwixSAaSJFRFsT+lELuoJuQYRiGYRiGYRiGYRiGYRiGYRiGYZhtJWoOhEilBoN4xQmVB9F1gRQnZJ1hSIUSOyMvk3r/WDtM69rW+22QbMXa0hR9yhGhCjR+173Ehm5LaHMCZiGlAKeOAheVULmkij0qTmRtExgXQ9YRUDI1oRYvByrmO6N2iftmRNAD2EobIMh5QsEhKLe7mSvySptLsLBwxd9MqQwUKzLHA9UKk1WUzrO8nXem2o5OlmVKgsoEklXAnkC56VaegyWGwJwVEZ08gtlMcunjHDOq9m+HzZwMO8Gi4Gli7Yg2UW4ihipUBjocsm5jUeyq6lMOazh8f4Yv8nc0TGT+Xkvr4tWTJoLBiBGp6AIfBVdpd1fbXV6FWTnuUsMrXHEFvjWZjlFIIqQ02UpcUomeZF0Dhc8nKcbCQyFrx+OFJjI5wIZVSU2V1vD2kfEUpOdjQlnA5LFezN2BojgbvAzaiNzYDL2owNcE7UY0RXmRAYmgezbIpGg4Q7Ug3nUGR2MY0yXG8diShHkoJASXFBys0eJH2PhWkB0WSRKl3yuL0hcY2Q3uJN71ZH1Cy1mdxDAMwzAMwzAMwzAMwzAMwzAMwzD3LKSvYks5tAJsg0WDLzOaKgHFxrqzDOk5lX+Gj2+pVdtDIZxsUjCjx/0Pq4s+fgHTGyxKTMjgxC3CPB3Rp3gdSd4OVRXdbyzsDNYng7MKerX4PUx0J5jIQ64SiyepeaZCFjm0N6j3y/garCRg23hilKvtKi2l+wGhiQWvAfeTZ1kGMgRwGXDnFPJUtHYbyJRu6bzbbndbHZAiSJWh04mr0YIzitZ5nrfylusBFCfSpnoNS1cjeJ2IyWxeBpQHi8MOvLPJAjt2LWptxSIMTpIGVkykOBnVzUILhjSFtplAN4a4opT1ZBpD965Fb5kgT0GdVZZn7upl9NNyl1VHARetKWKGTrgBZTSwSfYzvaoh3oT0WYJSe0Yfd+OOkAONZCMWJ8Rr1XvxHhbN/UjWqqaGbpDZObQM3BwwyoRoGw1uJUKjSxT4i5hS4e3ppSYoT1RWGmGUJdcqi/cEPU+lLcGuCtUnNtio0G8LNPIxaC2FAiilXDfaFiWlNdEvDnoeLOalkSaFgqhIeiL9LyChBMMwDMMwDMMwDMMwDMMwDMMwDMMwuxgZs3AU5diEr5yjbYmvW+MX1MndBBsY1HwYGY0dyJVEUhwCVcYF5X7EyrOkeiL5lrjFBiuU2GdprI9kgGgR6wUqaGRiRWkwcwc27eZYTNURfQGFUVLHwOZMmLS0PfyOfDw4fyhgduItVJIToJLyeiWgGaox8EX/qmfqivQCqi46oe/5R50GhQaF4JSwDRMKrOAIIMHCRGEAhVairbJMKrfH8Kqsht4gVEe7arABWUlHt6fbU91Wu6NbCuxMdC60xqyLls5aed7Jstx1amxhCg0XRpLoJ1q9QAEXPDWoMgxnXFWnozr8MqomBv0txtxXVRe2En8MCk9G05CbiAHFiR3blR14rRbdDYoTZRUpqawhuweK16mcQmSUZZC6yqD4CKKTFFzWLNMQhOQuOiQjgYpIacpLUlHAFTY1zFNk2IUZbRszziHCikER0tCLLofkLtXay0FHFDvY78CeTCaBYnYkmTFoZGI0aj0UxnqpYEyiUIWI4zmJ+bxpjhAoNTGYamZISIjaQLfYPQZwj/vfBmizg6YmdNe4V2uCpY6BMV9GbVZ4RcVJvHso342idWimtBM8lwzDMAzDMAzDMAzDMAzDMAzDMAzD3P0kFiHSWxjRQOfFAAAQAElEQVSkihOyUDA+A4ciFKCyToVEaYLOIyaH+NgWcmfwxUIRa8m4rqV1qSxtY2Xe1dgFyTNMYW0fXwtjC+HrkwYr+kaSmwlpKChnwe+/ImkEJszEIwrVcdpRr7FpEmJ3Eg+SIW3SgrikGuxAXg8Ja0Sj5h5K+XT2oA6L+g+NuwTduCIvZOhYk4PQBI5Eg7sJaIEkCni87Qs4oOhOqzPTnZ5qtdsq10q7OTnoUZR7bUlNihMwPhEYp0JiHK988FfIX+wwYSj3BzcU9rd5j0TLkEn8Baq4lSg6maxAbJOzLcRwuYlYhOKkHhdkkwaTKU4m2Wu6uOTaQ1cfLlMVPhIDSDA6h0RRGQbl6JyUJaA4AYOTDFNNVKisg5mD3G1EGI395OiT3YcWSplQ2iY0jD5wC6LoBNRqMDzRnWurpwqsesh+CqZKetKtLTGmx8AEOp3YmJ5DQ7LwqpW4aUlSOFGzxvIL/FtvckTjDgr0KiUjwzAMwzAMwzAMwzAMwzAMwzAMwzD3CFBPYYMewQ4uJtUJaD5QZmF8ME6tzhzEDJSuQ44MldmHlLFK6FcusU5pUHYC7YwkeYvpm3LelH1j+iA6cbVLQR4cVnpPE5EUJ0NIjKxCc2gX7N1Z9aZa6tAlIUwomkrEfRahfkr1WfASkIJOFTha5Eppq7QAKQpWfiVFSWjS8FiJ8Tm6k3emp6an2p1c5a0sz5XOpc6kakvdklkny6daeQZiFbhMFIPSvEoBpbxuJsQqxSMaKj1RY89GfY6X45D5zcI0tCZiB8hNxN2qOIkuP7Z6izd1Wfp4HZiiBu5CgLMPztVZ3mpR9hHYm2TK67PoYlBIFIpObDir8fI0Ni92OckuSCt21A7dIw7tXkZuwNdE02Bh0OckKOYwXic4Rgkfh+bFZG4IBwmhIScnNKcymH9myR1LBimKDNJGtNOS1XiI026dyswHV6yckozfDbJaseSlZdAZasfdcgzDMAzDMAzDMAzDMAzDMAzDMAzDbD82hqiEeJ1oUWHKErUgJBDxxfbwKkOgjYqKE3Tn8DXE8PX1uBWI6RHkq4ERNBjqYtDhxGDJsl/250zZF6KP1UyD6TgkSfHfbkeFjN+7uvVITV8ho+5BjDQv2c5zlnRrY05RWBRCg4I3QNCpYDUWDgZOk4ZUHYk2JzJ3/9pSU13Vygw0CIpSJuAES93KWu0sn2p3W60WxLG4tXQGETxCdITuqKytM8jlATWLd6jBzcWzlUh1ZM1Bo2YJs3jKwfKv8ZeHjlyMPn0N/cfgxIIzG3PCa2359ipObGORHbyd6N7G2xvlJXBOUUziJjIQlAjwMmm18lau0IdGa1WXA/noI3+jjDA4SW7rXUlj5yzbTuzO5G4ksgLsTHAE8xIQa3AcIcsTgTMoJgx+H0jKQ8Px3A1bMRENR/I47qDgyt8aRgUvKeW1jaCtIwGLqg3llT9WTGBSQfNGz4jP89ldTIAYhmEYhmEYhmEYhmEYhmEYhmEYZs9FNt/Rj/VxIcYbnOBkKUgm0liFAkBIcYJmDVKpmFYTKokWDUsop4cqkgJqj1Bbt+iS4Ja6LfRMOW9NT9hCyRK/0W4oOydYcVBvCmxScCLNtYnTAxYsYhEnpF7TT98m+Q+xR+vDIURqr0ECGitivkqYFtKnQ8BpgoOBAJ1Mgt+FK7+Co4k1WhicKSlVB5IurNVStfJWp92ZylqZznOpMqVbKtMCiq+uh7bSqDjJWzrTeOVECKjAq6nSIxqqOKkOqHniRiocxktAaLYMWRqDQokFZSXpnAW3lTRrbmobFSd2yAkIkzJ5TTdEjwxMZ50l0wJtS5QjoxgdpTFDR8jgfpOGOTUsaYK2Sw6rrN9DpCfMnkEbbyhdjWUGhyxQGkq4n23QjsH9DX5TcKOjFBHydATJBsnBCT19Km2d8I4pNpW0eX0eau80xu2Q0DE+XgqMnXAC94Y2ju5VQXkotR1qysUwDMMwDMMwDMMwDMMwDMMwDMMwzC5E1qvs8IV2n6tj0XTE1+utN2iQ0itOfCoI1tchmiEaZ6SSC2+SQhE52BF8W57+LawthOkX4HHSs6YvRYnpO9BSCVmZQNTyX2SIfxh9QNtUmm9U+RtvbVQueErfwCqSegjaXWlrTis+bkhi3oxr6vZbaTxlGfyAviRDcQ3YDWBciXsF9wGMFcpV3m21plqdtlecqExo7bosIXynrbWbD4qTTJNdiqHCbKosCS9RcdKQnggxRl4yHJtqb8I2bF2SE89/Uwgy9q0YLUMZ29IOaW8HJsZ1FubaIcvHnB4QVZWl+3EvNCebXrrEq7EgPQdPt5Y+KSRmiST39ITSqNRoaE+CNTS7kDxoTSA6R1qFskFbFsEuyd3caE6FYjrSIEoYpilbR/rYM/BKiYKSamDGhwB6wnwcP0t6EYo1/jfEcBEcPUzkvEJKRgwOcyOc28/wm4RhGIZhGIZhGIZhGIZhGIZhGIZhmHsI8D1ySzEhwrucYH0R/ldWRXuwaVBRcUJ5IEpp/xY7iuoVjOkxXvxhqXP86rv0X6rH+mHPFD1ri6KYF7YvbAE/3iykMl8J8S/+K/K4LoUuGErcqbtCQKpDWsdOitrbXt0e0omN2y3ThugKk25ektYApCIWTpbCPdYSbFvwrZJloaUGBxSoqOJJ1qBByaTKJRqZ6LwllQZfk9zNcU3c8m7Wnu50uzrPlc5ieo4Q0U9GpG4wYEOjxICSprbnE58EW9kYkKaIro0rUVsSI5E1wjD9xlgBx4gGdui+JH4hYoTiZJjBiRinOFnM/LAh94iYog+6E7rSWd5pxxMfau22EnY1H5Uhghk57jrdC2AVys5C4WgL95rCEbpExR/+GkDNoUA9HRooGQrUMW4VaY0f03Gs1aCWs5gEFm5vHPqjBFFWWhPSA4rwW4CQqVAOBIx+PioWYXP06wM2V4LRirF8izAMwzAMwzAMwzAMwzAMwzAMwzDMPQHve0G1PYOFRCuDM4nx8TpVZT8E3fgAGD+r5qvh7RtQvmJk6Ej65JkgWTCQnmNNr+zPG4zUEbaHCpICJRtQ2ZRCY69uWif7i/INFDZUX6yvHVAtpiTs0vacIW9aklqn0IRKphsalxDB4sNt3KlSyh0GmpqAnQmUYeEtvmq0xJBlqa3IlM6VhPQcpVpZKwcvk7wl81x6AUom3A/k8rSzfLrVgUgdqNHSlbG0VdIw+JKvnweKk3EyhnG+MDI9081WKsRy+PgjaE5OLyY0H1sglulSO3BBh67ZcDAZIlJZvOJkkoVDKQp399pMKRtq5Rle0+BKQjexv18tniE7ZDuD9y3D3P1o9CzBOxXG69KU8ECbkgyqUDpW0q8EaWkc98O6CIZWCtWHqCzxAyV2TGN1Yn00EO6lgu2SNzxJInlEGNBwPNCU6INyk6IE5UvQszEMwzAMwzAMwzAMwzAMwzAMwzAMc8/AlQcpSYeKiQYSQ1D8AUk3IvURwQCYSq0i0DwjlCClCOVIcEzBr8mDRMQYb4eBBioCKpuQqmNMvyx61vRc4V6KAr7DDhITg691qUjQtyTWEJaCd0bIKOxiFSdjBBkTJvVEg5eoOEGZh8UMIqWlVdZLTFBjYlB0orQrqQoK5BFailyqjs47eZ6rrNXKQVyitJvTEpDF01KZa9ASWa6z6bzdyVs5+Mz4Ai3aB6RnIB5XVeoddyzSjjqspomIrFmSkNmJFL7kHKRJkPQzgXeIHaUIGb/ueIMTMdDvQr2KCXZ1RIOidNc3b7VI1uPIhMICvZdoWQqKIj8ef66Ef1YE04BPyc5Fmj5aTllvZ2K9x4mIcWjGDc2WFHYg/8MbV4aRLvhW2eji472oUFon69E5OAyZ+mBLBlikW9H0cNAT4r2S4BlRuFtlURbul0aJIsbtkxIyDMMwDMMwDMMwDMMwDMMwDMMwDLMjQekG6EwoB4fiQgwFLNA3zfG76EqFeARF+QdSJF9cd21dSbCqBWI/IRrHO5+A+Unpui5K6wqdfePKnVDxLJTwBidU5ZSu+BhcKsKX32WQkEAD/MK9NxpZ8OCCu8QOIHU98X37Y222RMsLi+ISiaIT601NrMxIdOJ+LBRTMQfIHbjQVuRCd3Q2lbc6rXZLZ4rcTVTmXpVQudWgO5G6leWuTTdvt1UOWha3AarNuuKtov0jtY+IdjD+3+gsYO3oc1U7jtpMKWoiH5z0Nwr55ViqFFsK0LCNhJn6lkYxyaLxBie1ieEdLLSBSVcAFLrIaPejNelOskrlI6MHTVndNtb6pCjBDIFPy87Eln1jC/K1oiQduOvpoZaYYIb5aqScojuYXEaUJAEiDTI23vDh+ik/AkUVXuJ64uN1Kt2Vz0ijcYxUKP4t/B8WlbYkuQnIuILskWEYhmEYhmEYhmEYhmEYhmEYhmGYXYz12g4SmuAcQ/hYFu+TIapvrysNxUaUUghRKx1SFg9KRkworIsQ3eNqmmUJ31MvStM3Ys6ChwpIT9DgpMS9KXEN0rbUVB3CvzHxDcpgdl7ZcWjITrW03pJUJj6DCJxgIIBCeQ8AdDQBWQicJiUxwgKFI5mQ3Tyf6XQ7edZSmUIfFIUilQyXaqVyIXOdTbVa03mnlec5eKO4iqzx1iJYrvXCEszSUfEKNoxjhlRszUQSC6wFez8CS6thudpNlV6EhNVrOLB4tRY2C5m4gR29yvYoTuzEMwfpdDoiXHe6NzLj6+yQpGR9KAnNMVUkkByS2CS5lM7sXGwBQzAMUn6gxqHflpQKRfNoEFeVgk2F2zUG65DNEfYoKUonBOVgchcJ46JEpTEe0XBu0MXEYIyODb+byAhFhF8puLISctKHk2EYhmEYhmEYhmEYhmEYhmEYhmGYu5VQ1iOpSUlWFWVZhmW+lI76BalQMYGZMSqmqPgOrKWvv/t5NihZBJYcUXFiylBRtAWoTEBuUmB8D4hOUusQlE/gNhQVL2NVU9ZdRWhS+TAGKcbYd2xnLb+hDQh5Q+TLIgfsP4RXnHjthy+zwltD6hOhUXCAPijgcZIJ1c1z99NWOnPn2NgMfDMyaIPV3lzrlso6eXuq1em2Ou28lUGyEXTidT/u0hiv2JH+RZATgZ386KUVVfFYRJVP9KypLq+/6skpCu4ddIbcxS7sCPmH39JEbJvcRCxWcbIdNewsy6gcD/V67CqTMt0j621orE3vxnAv1xRLzT2zjT0LVf1aPtEOK8A3Hq/R2JFvRs+d/C60jQNk7k4UjNz0S8CicgzvOboP8MkAAR3dxtHUxKKNCSanoaeSrN+YVuIvC3TDCkO6v/5B5BjHZOhD0qhRGlGi4qT0QhNUt8ASfK6UjA+ITJLWGIZhGIZhGIZhGIZhGIZhGIZhGIbZhZAcBGuMFh0rDBYbyyqJBVqR/Qham0hSgtDK+OK1Bz4wIbhgyGoDUEFEZUlZWIs2J2Zeqr6VfZjvYxlUqHb7b8HjNlBQQcIJIUh6IiqDEx/pEMvyqYrBx8vYWrjMeuOpBAAAEABJREFUeEwotw8U/odMJkVWmYTPyBAGhOqcEA0Uw3RI/UHHY9yBKUX2AbnS3SzvaNWWmQbFidAahAuQyJNluVBtlbdk3lbZknank7XaWmtMGrLkKBKun1AhyMLnHqGPipXNw0gPaEAuM6JxuhlyO4npML5CTXVgg14rblHPgKqoql0PdjgcObjYjl1nexUnO0LdYOrqkKxxKsNJCHdYKJ2nXUzucSLr69pdHdMzuPUBMc3wZsMXygmaMzsOn2ljDQgASb/X1DrVH8DonYQjUNTUeRQ1qUaiZMQAaJw11pslYaiaJKcr15n7RVHAcmWCKsVtwCif45P4X0nFnkAMwzAMwzAMwzAMwzAMwzAMwzAMs8uBwl8psO4XDRmoBiiomChAGOFzQDBMh5Dx++tRcGK9S4INK0qfjAC6E1v2rS2E6BnjJnpW9JToQ8VSxi/PSwohif1jVVP7d5XCQwQLj4pQrI+2K/gqqkp/o0a/2DOk0reJNqDWrY3yHIqVsCg0ERSmg0ITPFRjFeprBIhONFZjVa71FChOslyIXKqWkJnSIDeBZB7dydstqd3Sqaw9nbe77q3SuVtQeY2QB4GVye54t5IogRl5/EMry83GdFsEewLtr7M3K5DRI6G6F5TuW1FIOW9LsWhsXTs0ZEdFoKYyGe6psoCiJKgjtld40vCHyYZtKTWGieoTLpwzuxhTYpIO3JwK//E+V/HWpLw0WQkRZXTAwoEoFSiG0YYGXxnMf6QwYUw2+FvBkLyRhHPW5+6QHsWLCxXuE2pglEpVLX7rgmEYhmEYhmEYhmEYhmEYhmEYhmGYXQ2YkBhSnGCiAWoHUDIRjDLgC+u+tghCCEExK7KKUSDtgQkaj6rsGF8L13Vp+sL2SjNvbd/9SFF4RYo36kBQhBIVHlLSzvhqIxUZjVhYPbLN1Ug5ojc6Njlui5Q5IaRPlPARN+ThQnVc9z+FbjF0EsE2xkCLTKt2nrfzVkuqlpQZdqBVlinVUplUuqPB4KST552s3Wl12llLhzALW0lq0BhG+okQalTt3TaLKmKWkC8Z28RqwKtdLB5W0HzANbOFkD3rKtlma78nvHJo7FZGzonaIdlYXBPLbJPBSWPFBCmqAJyaAibptr4/pmk1koV2NtkYKazCedyOO3WPxiTTC986zPZD3lHhZgQHEVs3fcLRTNVVdcqHroWAMa8ckUG+IvxvEuoIf0EI/FVDKhNyxJL4GwBkeV7Xhgo9halhXlbit2ZFai0FosfFZIYxDMMwDMMwDMMwDMMwDMMwDMMwDHP3EEUn3uPEWDKu8BoCSTIJMNyAkiOF4EC6jvfUwJayFsVAbiWY0mBKCO4xZWltvyxJbtKzoi9EKUVphyWCSBmlKzIKWORO84OIAgE5ZMmiVBt4TqQMcpNEN0G6FFikwdEk62RZV+ctBXE5WqpMSK1UK8syrbWUnazdzfJWloPHiWumsxiZEyKRhKu+qlTnI2teLDaZvyBwNesHSgfiC8QhQ8cLgHxl2udokA+KQducnjRby/7WublNc7PLxIrmyRmxdTvmbRW9NNBsGxUndDipe0JtaZyQQ/qSA6/NFkOcTkLTRd1I90pYS7BzkSEuh7BCGWmNNGRuhWlZlfQvjMoqWbUi6E6gBeRsYWIbaklIcSIpYgx+vJGWiE+EV2OBsZYC4YuSQdwI0hZJci2pbPjNww8SwzAMwzAMwzAMwzAMwzAMwzAMw+xyLLmNYAACxbRIW9lnkNWJkiqxZJAyVgKTblJ1AwbqFNaCnKUsSmP6QqDcxLqJnlskhZFetaIG9kiGRXLn155TI4vmosXsCyUNRUmCe6ttPCTftzvytlLdrNVttduZzlXWdpVWa3KtcqVbeQYCFKmm8tZU1mppEJ20szwTSgWrkTSrZfAQZF0TMWF91taMObzHiY3SGSFSAwJvAoNzyIEGysqGUpTKzb35uzZv3DQ7uxRFJ3ZgF4b6FNghU0N3L/opjGq+gOJELBK5YI/1LrNhLagJJpVEE4faenaU98q9AxQ2GUN3FQiYRC6Yu59MSeFNpSiky41EFpVs6Dqja6I/n4QTnKwqHyX6ZSKqjDTKzXEjQmlLkJ9YaaSy3hAKRn+SlQiYreLgiJI8iRlvfqDDRdqnsNHvDCVKy+othmEYhmEYhmEYhmEYhmEYhmEYhtn1gC6kBKkAFg5V8BTR3s4EaoEK4w4o0yCkLsTElVgl9xIIFK+YQti+MYUp+0VRuLfG9W9BbuIaKAiVQScVQxXE6vvqPs8nUaLQV91jxdPKu0uHEiw8wp5QcAxtM9h4RGr7IGvT1tdIKSfCKz8UHiqePiioaumKvDoXqqvz6Va7nbdyC6k6mZUa54PZiZuWsgXZOllXt9p5nutMw7f8o48AnGtrfdmW9lnUjQeq8yYmPxHCpytRPo/1uTHRqgWdC2wwHfBnCd1WRInaohJcbuyG2a3rZjdtnp+fN6U/j3boxuifha/qGHcTsQjFiRz7dgHq6pDmDtkg06HTnol4C6VdyJCFtDtj7wZljBUmERXRsMKigp0EjvINRZfA8+9v1GoosaQyofHeBPcmgWM/POvQi7HeBgvEh8IY1J14+Z0NiWNk+AQaFOnz23xX0ueqKUH9o3cK7YS3VMLRx1LADsMwDMMwDMMwDMMwDMMwDMMwDMMwuxTIvjGlpbqeLaXPTIA4He9pUcUuYJ3RKvqieojUoVQekpsUYHKCeT3CFmXpfvolik6EcCVHePWOGLKyjYgRJ8FAxWs1YE6avHA3YJPElrHNhtucpCvbmksK/A933dLxKHyFMB0pMilzrdvga6Kn81Zb6dxCxVfDl/1FJpRGxYmyMpdZW7c6Ku/kEK+TCyq1Wu+jkhBUJ9Vcb0djRRphNFwqIOvmJv4IIBcjzreJyAjESNiTt8VB0w6DphR9A1Kj2d78lvnZ22e3bOr3+u5WULXknxGMlPSM1ppYIeRwM5ThNC/hduomGkYyIjweNOUem6yxK/UUkjAtTd1DIt5Q98JqutevxZFFMDuLIPfAN9U4EcflpCUKD+lCoQuKccO0j2ZDHYjBEaq0pEdRxsDoYOEXCvSDgkOF4TkKFYcKf8WU0md2+X2wpCrxpia4MYm+K14ACL9GTNCgMAzDMAzDMAzDMAzDMAzDMAzDMAyzCwF1QSj1YsHPSgrT8SkqMiCMwXIiGF8oVD0Y6x0uDK5bYExPaUxJX3iHwiNUHv1PKCVHaYRMdQC0DQPCi+ABQU4ase3dhbS2WVdtNBhV/pZRb1JvhWfD24Og4sTi+ZJaiFypXCrwMpGqpbNc6gzNSzKwP3ENcKlSnSxr561uu93NO5281dG5lhgnIePWos4Ekyhoc2EfpKzykKxd6OwlDWy8CUgBkKxsovOEtYUpcaO4HbAnMIV1ewfhSbOm3DC3dd2GDZtt2VdQKTaLNiMYriaxE5mZ7EyhQl0ck4Yd4WkaE6+TosO1NCE0qerjXoU3zwl2SQjrTnYSSmmZjAIw1suaj4hXnAGkB7E4cIFTFopNUGNiZUkWT94fCQYAlIlIpRWGhWl0s6HRCbxNqG8lfGQYBfN4OxORPAnwS0bZoPIyOL6WlkUnDMMwDMMwDMMwDMMwDMMwDMMwDHNPwQfBQBlQSa0kpeq4f0EpkdTKUZOALhjejACycqgACJkqaGriCpaUqAJ+JwZDV0r8ZnqsYKpQv5RpHAksUInlCc7cUTke1g4JNPE5PjUvEN/KSjPQeKFNyDQnhs6hUfidfTAysaalszYITVx9V1FuDihOsBZLGp9MqVzpXKmWzKfy1nS722213USuMlvC2aRoC9LvqJB8IeMGhRzcT/KKKScozkbfF0tmBUZ6nZBXr0gropEHer9Ib03RR3lRX4m+EFv7/XVbtm4u+vOKjptUTMrdE+M2PXwG3QALNh47u3aAQsrqdTup1FG+86RAj6XzTCwOKSi16F7mcRKHAH/gkqUmu4BUcYLvQ35OdTX8hSHFiQmWS8bIEh5uUoa4UVN5wRqMPCQfw18qyg1uWmilSckSHx56FquBRlovaoFhTtCoimokcEyiAQEUJxDRxk4nDMMwDMMwDMMwDMMwDMMwDMMwDHPPwJKlCUlOfKKO/ycoMFILB1KDGOF9PIT1XiagOOkbU5jS4DflDX5hvg/1SUlmJzYVE4hxghIvNxlrQLIjmaTOn7YJ6ULenSHdzSDfgWl3NjMyOAGPk6yd5aApgZAd96rADECDwYDEjAkNbgAq03lLKdeym7W7GjxOIJyisn6oCvLpqSS5iQ2FYazgi0WegWArQPVkL2vxGNIZBZ8V0gbBTGzpLnwPLr/Y3Outn92ypejNgWxF0RW0eB7QKCXu08KXNZS7x0XtbIM6IYhmxPYjRTN1pNEgW2D1aHCSzAHp1r0S6yOj7MAdzuwMfFyOCbZX0lv32CpFTdQXoYuRUQasTqTxejdtwy8P6V2tEtcsTGwTfpmyXkwiot4EfZWkgVVgbAQ7EzBPoVeQmBiJkkcM1hEgZRRSKcEwDMMwDMMwDMMwDMMwDMMwDMMwzC4FSt0KK4EqIxcIXzME/YmKyTvYErwukswDrAqCyUVJwgNUnJTWFCUITwTW033CDhYMVSz5jzR08DKDNLdm5xANTtI5aQW8phJIJBrW+7LERhR5A9kTUrsqrFQtIVsCAnTAwkSolnvNMi20juVZrMdqrTOd5Trr5q0l3e6SdrftZkBUBaQWxd1wdWEZxS6Ng5CJTENuy+kLx2XTlUPpWcaEDYWBPiU2LtETprRi83zvjo3r123ZPG9N6Y4veKG49bXSRVmk26FdnED8YYdG7SyeRatwFsRdrvRt+qQQQ0UncvCq1Z6Ee59zA6ka8I4S9Mgl+h0jmJ0CxqdVQzvdk2RPRIKSoihQkFI5Uxk3RIJmTkMqmtfaoWWTgl8eZARECka/DeVTc4R/DEwlLcNkNdSXuLUggsco0p34MQR+gZDSLWzaolTPynvfA8MwDMMwDMMwDMMwDMMwDMMwDMMw9zC8sQlWCUlCgX4n3vIkJuAE3YnwNhjWO5dYY8uy7xUnpjQwXXrNAjQrE3mJTTIcqMJc8zKx1sqmuYXC77PfXYce66HRtcJWaTL1pmMlC2gCErqijCJXETVgXpIJlUv3IzIh3XSGLiaZhKgIRRYzWms845Cto7N23up2u9Puf1krgxNmS1B0JHsiZfUPXRSSAtWtNuzi9QvWx1yIIC2KYS+y2rZNcjeCA0ppzZbe/F2bNq7bvGFrUVrYcfLt8E3dwVkxPyD7GLePdrJmu5Asy+Ef3LWyNK4oLyYQnYh4aNbW3jaW25raKT590d5mcCJdXw6bmFR1s8MSrcQCD026S8MushSCfSx2Et6ZyuILiYBAYibx+TXecYSm0KRESG1EZq0GtYokrSIKSSQGTylNniYCf1F4sYmNr3SpFSbtYHSOW6BUKSiuDfQlEJ1DYT0or4MAN8jr8gliJsR2sfjUJjEAABAASURBVOiEYRiGYRiGYRiGYRiGYRiGYRiGYXY5UmrhBQwSvrWOogmy38D5SemYqpLBm0BB7dG975tyvih71vStMeh/AdVCCfVigxIFEVw5gizDp8Uo6jMx6JAhF6byERHbxyg7ldRQpT5/KCokTAzv2RdVfSIR/kj8Gj7l5oD+QOVCgseJzlRwfCGhD1oFyJZQHZVNZ61lU9PTebud5RpWxWCa0gYzCNpnKATTGVUkCSKrlOQABuUMVgRFSdxnSZfW+oXhEOCNUaQQsl5kBBPGl4tDzAYm5vSlnTfl1rJ/24a77tqyeWuvZ/PcoghDK21kUChZ5d1Zkl1ILvQwuYGoayWk38cFi8xxCxiB5NvvcJsT132mcxHEP2W/LIrCeuGU3/pQ0YltTNNJSfOrwmR6oLLmpFNfNPGE9Bd7pzLGqiTuiUoOqJE6xJKCnUSJ3lQ0vIP0xI0nVpQowSOFoFXa+t8TONS4UQyEdMrEUV1J/wtD4XDkBggcqNwwocDUhCxTpNf1oamJ8RY3GL/mhhglSwUTJfiaaFSWaOvla6BHib4oOMaiYIVvEIZhGIZhGIZhGIZhGIZhGIZhGIbZ1UhXvxM+XyfUfCUJQTA4Bep7VC7Eb8Fjmc8Xyo01/aI/2+/PGpAf+LiVIBQAhxIZsmZwU1SRpzwfIhoZSHIYIZMHidsNb3wIjVg01HlSZFfaTwyaTFRF/bS8n2wUy63k74IZMzKaT8hwmAoPC4UmbktWoyVA5n6UymXWklJj4dXVX7VAuUnmlrhp0Va6q7Jlrc6yqSXTrU4na+Uq8ycRfAeSwyetSTSiCWIUKZteFyI1urBBMTNwFq13rElwfeuqKRgcmDLqIEgg4Q7F1aPnrZ0XduP83J2bN96xeVPPGqNVCXeNhVMhw+rS9Ob7rXZ7q+xbM1TzMGBzYcNLvFChulzT+gw5nOZ01J3sWFp5O92Hfq8swNRH4nPit5tN0hE8RmaoMmP8Xm/bMe1kxcmElNZU6iIhSKTG7FSKsjSyks9ZG/2MMB5NCBFsRYzQ+K+ywSbL+hGdfoWA6MTgAjRHgSe+tH5oJM8SIxQYmUhZ4MAJKhMN5iVu2CglKF1I4IJPBbrd+F8CuG/0+4dEcUKyKolhGIZhGIZhGIZhGIZhGIZhGIZhdjlkzyGVjIXDKHGguJsgXBCoTTE4bUCKYIqymC+KvrFFWKGMlg2qSq4RVW/NYvmIkuH2fn9d1o5ucDGIZqQYGukxpJNakolFBxDfc9SdYKKOVl6soeG7/e5V5QqicyA9hwqy3m2kUpBoqTUG7sy0uku6MzPd6XaeubXwehg8ma6norFnCk1Q8CCCvcCoI7BmqFvMiFUM9J2cE1u9yuCMAhTCFu76Szvf792xYd0dGzf23T2RaaHRBAF8EhSF9KCmwm7ZPLt66V5ZNtsrh+grrEhP8iiGX6zU/uRusDMZhWy3ujSlMtj27OZ5dOmpNZpIdEJ4BdMekhUST4MZJ3OJ44ptPu53k1CIGUPPlKiXA0EbmpQY641xUDsiyWhEktTDCz7cKOeHeXxBrYkIb0ufo0NZPF6CiPoVSM8BLxOpSlgFuoHoHHx8jKLN0aOkvdjPwoAXbE5g87TUCr5PGIZhGIZhGIZhGIZhGIZhGIZhGGbXA4oIRcYZKp0P/gsotMDqo/UCBkPWGkVZ9sty3piea4YhKq7GWIo0viNaU8QNLbwrsWS5w0Qnfh8SaUKyKTW4ZiLRaIhOwnoyRgKh5Qd2hRk6kJpDjjFaykzIXMqW1LlUmdKZ1QrPtMaTDc1QOdJWWVflU3l7pjM11e7kOtMo//GJK/5r/Yl8x5+h4AgjRjE0n8imxyCCo0SaZwQ1YavqZwmOrowVX4zKmS9LkanZXm/tXevWbdw4X/SN1tLfJV4AYoPoxHHnHetXr9m7O9WZn++LcdhFXfoqk2ac3ETucDFKu9WJFyVvgdLorts2mrJ0F06rikWITvY0ZNOqZnRLsfBdzNz9GDAyiaO2fw4xFQu9SXBUo+AwK1T0wvICPNQikrkJDiqYhkNPpZHhboDxqvQ/olTKKOWmrVKoOyHPJtw+uiQFsaOikcpYL25BqR+NUKCQsZbvEYZhGIZhGIZhGIZhGIZhGIZhGIbZxaDIwQe0WIhGgFdjDKkGYqRKaA5hCcaA4qQs5q0thOgLC1VEbBO+6k6VSLEYfFzMNitO1EINwBik4SXR0Nkg0YojttRBTKMq7wbSbGC0jTtjICKBWimITlzrXOpMyExAsE4GUTsKFT1ShcKpRluUXOm20lN5e7rV6ebtls6U9TFGlX0AbiJVVYSYCTG2Jm9tM06noT6xMSsnLDRJ71W7EJAEciO4MQTYGZTabu3N3b7urtvX3zVvCquVOyQTLSpcyxK1SH5XxF13bTKlnZqZ3rp5vtfviXHYbb0BdhJaZSA6wWlIIsqVOzWb1231ui13xTOdQXDSYkQnu5vHiUmkYTa5GaMKKPwzqAkYcqTD72NWE+xMrM4tDgpkZaVxZDQ4+hjUgsA4JnAQI5sTH3lFmhJLehNShYAo0V93aRRF6kCejlu3BHcT9+tCGzdHg+UJuqf4XzVCBtGLd1IBzyTvvBQUd7gnpETBu3D3em4YhmEYhmEYhmEYhmEYhmEYhmEYZo+ENAX+3zI1GsFvn5MZhv/qugQ5Qa8oZvv9njWFgC+tF26ekrbpCDJmi4NmIvXmZsJ+Yn92iE4hreNT2ZIcW5o91rQZ9T2LUTjVOlj7BGEJ7iZKdSidCOUmMkNxCepOJOpOpA6LwA+FwndQltDK9JTOZ1qd5VMzM+1uN2/lEsNpDG5VDT/uCSQ5ZvDwwgmJngO+fhuUAkl+UO1UytQbxZWjjTClsUVptpjeWkjVWT9n+lZnMlPGZ25YimTCgAzsCpMyyn552613rV6z17IVy++8/Q5jjdg9UUpPd5fEBKL2FFyxdbduzBRYnIAGxbUg3A1gJxBO7FZWDcndk+52EpQjZNqQBAz1Axw43srVojmf2XlAeg4ITRSJPUqvbEO7K9SR4BOugvUI3PfKiz8s2mEpeuTR9QR0KgZ/pZQgRoMf6ES5RapUwigNHSrpN4p3TjJQVaIlWSlNcACjvaIJa1mYxDAMwzAMwzAMwzAMwzAMwzAMwzD3CGSQHlgjkzKez0cRELQTRCeQr1MW873erC378BV4+JJ7KURJxhmxy7Cm73+hHQjmHZbcRERdLjJJVV4Oey9j98J7hahGY+8GktY7Q8RPYgEypGOfzkNf7lcSpSQik1pboSVYo7iJFhRlobyqQ+YO1XTB4ETn3TyfylpLO1NL2lPdVjsHoxQh/c5YtAyRdA1kpQ4hGxCLPYXEIEtCj3RPo06oOpPUkCq4oVrrE3ysV+LQIaugCKnWRLWROyptS1sIO2eLtevvvG3D+rmi547Y4EkFRwJL581QVRj3KvoTiOuvvnXV6uV5Ry+ZWbpx80Y7Tndi75mKAyUVKE5i2pFWupXZ0tx18+ZWK9cgOgHodpagOhoP3fRm9ymcy4bQJHngbTQ1SV/p7qqutJTD8lBkIm2iJ9WGJCcWFew0VOb1c4KGRBohwEyEMr4wWE1JGqZgJLXGeMskYyUJjvAXAswpBYT1uOaFGyAocAdyefAVhCaY5kMmJsFsStb+qd1FOOklbMl9YUnZwjAMwzAMwzAMwzAMwzAMwzAMwzDMrgU1B1i8s6HgZ4IcwVADcLiAL7Oboiz6pZkTto8JCq7oaKo4hIZQYEw50LuH+Lp1LOIrqa2k+WrAR2GsCiFJcvEaFtohrHHX3Dri3lpZKUuS8nZlhGIb0TS4jkKBiTGhrddjwB6jSMS9ZlJnEkQn0hgIWbF4QuF7/q76qtpZPpW3p9qdmXZnWucznW4nz9AWBTQLpiyhqqvwosRv+0f5R1XKL6U/QEEaERS60FGY0AbnqzjfCmGbxxvidRLdibv2OhyzJXMBg6oidwf0jNkyP79uy8a7Nm2a7fcsqiyw8iytP58oGTBxHyxpMKBzI+68dcOqNSu6S9vWLts6u8ndTGJxDIpRJlc2bS+Zzqc6MzJR8XSn4UStX7vZXak8zzVm64hK7iMXEa9zD8dSrFT9kfYPsG2Y51Qr4V3nhxBaYbiKRKahPHAHwWhD0U8sKthpQBAYjWPuYpOeRNg4CIJ7k7t4OujWcIxGMYl7W4IPCjqdKG0VZKwVOG5BEFeWWRLn4fCIvkfk+RScSyq9IWLjcG+92UoNKyr3JcNmJwzDMAzDMAzDMAzDMAzDMAzDMAxzj8CVAskDA+01wkwPfue9FKJvytKUvaLoWdGXokCtg0HJhd02awqbbg4xabLC4vry8UADayu0CzGL2z2bHk6avONVHz77hmxOJLmYQMk2EzYTMgcBiNJSgI4E7VAgXsfNlAoMTrLWdLsz03I/3ZncvW27mRq+7i/J40WqUIq1vvArR+98JSKh/1njBTKVrMfEhiQIaR5oUJyEC97cgLG2b6y73n1hN/fmNmzdvG7Txs3zc6A4yXDHTc2zJCoI3HJQnxirszzLIFHo1pvuWrJ8ujPtjrwlxZJeMT8/P7fIqJ3F3h07QIziDqTd7raydjqzMw2hQrObeptu2aLxHgCPkzRcxto9RHTib4qaBYVIFVv1+bRQRkFAkp5DOgYRfI1opklCvFDH5WaUMNO9mnJ3zWHa7YARrJIBovJE+KcZo3PAAQkkbdJnhMHgpPyQCLYlsIISKjNalAL0deCABPE60iryQsIVpfJ2TUF2QvZIGFjm03lE8KWyYSyzNgwrtIOSRG7GUv4PwzAMwzAMwzAMwzAMwzAMwzAMwzC7FPLrIBcMH39hvUhBknOGKUB4UM6Xpm9FX4gCf4KpRnAxGOi3OSOabERflMQ2Qtp6Jo4d19Pw46gEGMLbnPh6pST/ibgt36ial5TPZfBbSGbECRKvwOmCL/WjpEOhBAVtTlBrgj4h7ofichSWWrWUGUbqtPNWJ8u7KuvqfFrl7jXPNFoLhG3KaBjh8yWkDG4R47FVak44TJkcXJJWUWl9ZDxXodor4gkkJYqRou+uvTA9Y+ZMsWF2i/vZ3O8Zt9NageyoLBNzmPopA5sTODFaqUyj54uRN1xx+yEPWJ23dXumZbfILGv1enO9fs/ae2Lt2O18O++0Wp2a7kfKznSmW6o327/tqruoWZWqA7eHDwzZc5xOkhsrnVDJ8uT6yerJSq2GfMNEAuY9YcBYqcT0LkkZXpLGoNKIkn0sdhoqFRJJP/aABxZ5lhQSwnHA0cRSRI4SGJTjbvuSgnWkNgLGRaPdW1gqFLihGOvHYz96UlpPcGRKB9xgnSOryJ10YPaNBObAoUKuLCSLThiGYRiGYRiGYRiGYRiGYRiGYRjmHoCkUp8rCKKzAES7UFAKRl0Y0y+LXlnOW9uDAqMwBrxPLJYl5eTeE1Km/6TzZX1fZG0FO8EGavE6VN6U6B5CuhMfd5Luqky+Oh98GajwS9xIAAAQAElEQVQHO/qIlJez4LmClAjcAIpLZCZlZiFRRbtp68ul3hhFq1xluc5yqdxPW2UdoTtSt5XW0F8J9VlDXWINVvpv+GPaxfDDlXFvw6GLkdjBtUld5DVG4bioscFqM6yjMD7DlqWw82WxeW52/eYtG+dn58vSaLo3cF3416DPB54b9DJQEC5ksizL87ZbpB0ycy9lYW+64o77HLkya+muas1t7rVbXfdTlP1+v+dWibkqk2qNdijSO9dIrXHfdavZQMvOTOYuaNkvb7viLijJS7zPQn2cjp0a7wmikzSxaVSLxvvBFJ7UQyfVoGAOEzwrbpCx6FuBNieWzJOkrWxzmLufRIlmvRUJedBASg4kesGEgQg0ZWi5u7JuALOkOFFCaeOGDI2voEcBLZa7xNIPqdWoJWraJStFfHYo0Qt8bupPv0m0eIZ8uKQt3C8nyQFMDMMwDMMwDMMwDMMwDMMwDMMwDHNPwlLN3xX9jLGUcFH23U9RgOJEgM1JGTNcECnlUHFAbaatzzJB+CCEGLH6RATNhJ9O5mtZfWlehumhfdhh4gZb074MbhdycyB4CIN1pCbFiVQadAYSEnYs1UfRBwAzfrJM5Vq7n07Wmmp1pvL2VNZq66wEEQ9pHaCEK7G8GwQlRtVcT+q7IAazcAaOwhvK+EK/rV8HMDIxdbuK2DetSNEZxm6dm12/dev6ua2bZrfMlcW8KVAlY2RiGhMr1uT3gQVn3Wq13Q/If9wblVGb/ry5/pLb9jtixdSSzvTydn+umJ8tM527n4H9GHbuh7OI+bHyvag7TyrZ6mRZB07XlvXz6665S+Bx0Wl2E8adkPoqO1Z0koZPqSAEkcmBTDIxEelzJWSqOBm84eyIG7Qy2ImKE6/nMtZLC3yeE5gFwTT4mkDWki2tKS16B0m1K5RH907AiSiMKigpVBbkcLZUEuQm8OpGK1WSkw/oTsDCCR4LBRoUtC/RkKSj0QFFkGZNSRwphExGGVOm260Ef17JhzNru2ZpAJcKfz8ZigkrYQDCH8EwDMMwDMMwDMMwDMMwDMMwDMMwzD0B/C461YdJdWJNIWwPnU7mhe1j1gq8AS8MssLwRUJZty9A1UGMc4mRObLShUxcSrbi/2fvTQAlucqy/7NUdfe9dyZ7IAQSQoISICD7DgJGZRHkj2yyyCIqskTg+wAR4hclEEBUIIjsAvoRQNkREQOEyL4kfKyRsCaBrJPMzN26u+qc93/e5Zyq7tuzJCwBfZ90eqqrq6tOnXOq7p15f/08sGeawBaTkvIyVaqjkawbIU7MXpXf7zbjArm0eg6WMVyCt9lCxXoLPj0bLNA6DNaxHB4BVGPlz6XWOHRAsQPnltxgeTDcNlparge19d47zBUxfacWsBkTyN0KdgEAsxU42TIAAqzkJBMp9MunTeYKAEy/r6z4rdhAxdw05FMTd6zt3rG6e62ZtmkHPpWRfTrnmLGVtIeKHFskXgaQxUifHdbDqh5Uzot3iEUsw3B1O8KPzrtq+2HLh15/ez2q0iM0gGY6LU88s2ddXVZkj9r3XrAvUhUdjWqq2vkBnlSYhh0/Wt28fANngbNlfnaTrTcuVQz7rogvQofmBhxJDWv7bEfovWUK22H2Q3b2k3toUrAz20excskcibgGEX1Gx459/6LsksShWZYaj6YmECTESwxOhFeJbJqDITuY3VL8fsDBViBK9dNSQNYEGSAxsSLWpDU2OBuda9HiymFoTrr0HbImeMfDBc/mQMA3eMZNcDY4EzNAIjYn/Ar47tCD3bJ/SQFT7OxVI9QSQl1omoKhXjhbkDgJ4NJPKZVKpVKpVCqVSqVSqVQqlUqlUqlUKpVKda2KTE16BWTgNZMI44iROi2YJj24XuyIsqAao81V4/6X05EJyDkazvIuC1GBX4sXFEJkS6XcZceSyNvIZ+mb9PJxrj2y+4G0gLJtjBcnE7RHcMYU7w1sIcxE6ixkNzLYwZ9z3km4B+SGYZSDw3IqcJIKENviyQzAR6jJ06LCEBk0K8kWFJg3kRo/qofb6tFyNTiwXto+HKXHyLkKvQJSnbeVr/ZTUTUfbwZy6arzxvT/6HekxNFscZ3BWrClLjRGSCIerXR2gftHUoac5f5Pr6JDrwlI5zMxcXU6vnz3VVdsrK7HaWMD1XupVbEcCQeIiIt0FOct9gqrroaDauiIbiHDA5NHlmECu37VeHP39MDrLh14+Iqvra/nnEGurqnJj7/x3hTbuOvytV2XrCMlIVATuz1wzV3sPKwpdg3X3OkE9sqE/Fi6hvsF6PguY3oxVjKxzAzhRV3D85apJMP2SDT5IsiD9wOYx2Rjjz3A6YETBJEGDU/5WSndigLdfZEqZMLQ2hY9TlywyJ1Ey9CJJWoQH3Q7dHSXkZ8BZIKy1Seqx9Et0Ja1YDqaSqBGI9ATsSYGTXFCejiITp1OVCqVSqVSqVQqlUqlUqlUKpVKpVKpVKqfE3FwASogaBLTo4npGRq0PEkFyWilmAidZ0YGTKyZy0WYKzBadj3oVdPtbBHbzHxaXnVche1CGORlWuF77inET7jOt2Q/fR/mJTkOeF5CEAjNYegb9uUkkbupUgsi5elYU5PrCbMr7OOSXtXOD6t6aThaGSxt84Ntw9G2wWhpMKxrpFM4Z6ScGGfx5IXSJ5AbtfdWWzGT4Q9CZkmuFnKRDxOp8p+qz2ubm5fv3nnF7l3r7bQlB4Ru3DNZQdE5SJx4j8QPJmsYj8k69HAZhLHZHaPYr8g5Bth58eauS8ajA6qVg0b10PnKu8qRc8q1rBhjmMbQxmbcIh+za1xOmcZ41tqjLOcn+MnF6/wUGZT9l51tRHE9iSFEIk6g87GJGJAT2Z8CeCHbElm2qUjrhRRLH4l5niPqReQCXRXsnmFUPxNN0MsEApF8kdxNIo4MZnwFJE4QxwNm/Yg1EQ8nvgfLekP3va1s3wx0suDOzDSJ668on+yIJaBIHQjRhtaEgE4nEDReR6VSqVQqlUqlUqlUKpVKpVKpVCqVSqW61hUjl4YjpZ+kpTbGJoRJhBZCY0xrKPGkb+FgihPJXmvC/ViFgpXYmbKjnftzoUoIjqT6kJx1vVQaKWjPHmzfWuB9YuSr+kKeSEaOEeCCTDo8+ltARaE5lUXuxNP2DoC++o8f8tYNfbVU10vVYKkeDP1gUA/wf+89BbP0uqAzLOGEm9l+3VcvLxadRx+GANha7uXDmYxK4ESwBlM1LIyn0yt377pq16618UZaEyQvyJIrjM24D/+PvibInSB5UvnUJRajg7xl7CQzQjNoUhlRMZnZ3NWkh8t+Nl0SEyEtVgagG2O3tUtiFzLDO4nkskHzGskIJCFiSCOUXiTxUXg00jPvHw+XDWPKc1Fus91n17Mqs1/5MGX7fvm8cENlg58efhHn9y3QzMx0mZ9M8mdOZ8K5C8DhSHI3IReTyNYmuJqnEHIKfEDiTgjhwc/aTCThyhjZbkjjdX5mGjsbrQ3kcYL3II9GJkD0GSBh4iJftuSJhN5FfBOW+4Bcj8wjmnlECXow1jy91L3iWC1JccohYVCCmVpEYtJcaloTWhsiJpmp04lKpVKpVCqVSqVSqVQqlUqlUqlUKpVK9fMg+g45PbXGTPGr5HHKTiep0kdBGZ3JB9uA2F7VsF8X7huZzJiX5Do95H3wcRcZGTiAjEFw+ZLK0EgDOMr3QfDAidcEfjneZs+FLqpngTMEZJeKfamrmfL39i09sfOCycQJQBWQOKnBVFQZZ7gCK+9UffXGDl21MhwtD4Yrg1F6LHtET2pXebQEoTOyki4y3wB82lpIndssdl4A0ltuFlQwbDwB830gdiN9cCLSKrKpwBJzGvuN6fiKXVddeuWVG9NJAxG8j9TPhIggAiLRPBQoRFk6njEg9ChBrxIEUFL12hX/Ax6mEmIE2fkGuMgMtncyva6wvGXZienDRcAAU5BXYp3RQSch4FsMnQCUd/g4lqGTbufCzriFiMleQJNIlg+WDjT31jWP1+kP5E9WsHBuzRoTdUcvuMtW4oQpJqJ6yCJJRhH3FTkGhXabFuj2wpexpUgql69qvpRxY1twJFP8Tux+QCdpyKJiB/sh4b/2rKlP9zSaeUiZ4LWdPgMS0CXPtCG7VvGIMVNW9tFdNbP7nqOXeuvpmrV5NvS2kXsuyKUbTAy2bShVJ7r0APAxuojPRqVSqVQqlUqlUqlUKpVKpVKpVCqVSqVSXasivgTwGVowDcRpCA3QF8sp1yDmemCpvluzn/E1tqtap+pyLvjPfwm+t2Q7WqVbDZk2cGKuIVSAm91srw2x+95m647YiYE+jEVW/Oq/AW9tHU0FtsaAHyqg5zaKUwMFzAyrasUPVmqM1EHupK6Hvh5YCp0hesMALOyCrs0L29TjAPglW7+gewTsC6mBkuBTAi8M5wjxMKflxsBqM75qbdflu3eujTfbdMLOttDHjGQsMFeHWRPHTie+Qt4EhdYh6SznJ4lMANsDR7pz6G/XeaiQ9YhMvowglUbMnprJrAkvFNakg04KB8XpP93+bfHO4ZeGU2Jys/bD2gSkLi9+DtLP1ww6AS7pZxE6tM+hvTr739c66MAUmPnD9gOxAI1jsH1BLJLorkDXSkBrE/YpIeiEPEuYIzHofeIogyq9RUYZhjvOyYVmmFZxdCC3r0t2OFra3Fg3qn0pddTeN2h8HR0Zzvh0IXi811nPV2p2pOmmSZ4JM1dG5rnyNjOrO5WPQH968UyAfA3j7Gp5kqHHSXoOjcFUnWjbQMQJ+PQc8NmoVCqVSqVSqVQqlUqlUqlUKpVKpVKpVKprVYBRI22kZ3Q6iZO0Ch+CIhTCgaAPcUXYjyp4Hx/pbAzoiPzKZm8SO7vdlpcgxiBOfC+c7X+MmYAtpU277xYubLVwA4U4yaVwqph76yprJViH/E082gJ0x7RUKK+cHTm/Ug221aOVwXBpMBg6P6D+o+I7cBjMFmOAGcOJPbdf0id6Fi89I4KrJ5DEDJdK/RiqNG7bK3bvuuzKHeuTcYOmFF42I9AEw2jScWNaJjcTQjQYOvG+ZoMTRDes7SilPZxLV3runfQs21SendjOWCvWM0bCdEwPgEJ3jT4RQaE6vMBhOunt1DomllyJ1KHXfb5k/2N0THdoPHqeh5xNg04N1SLLmj3uyghQVU4qGo4yMnKMa6yZZBwp8ct6O8eVFC6o7z8DhvOU2NcEexNBkyAOSAwLxDwbyUuFwRFTPEuygREiDYYyqBBvwG5z/aip7IbiyWuF3YPaNlbVHl06BsORQif7o9RRe3l32kaoKrTsIcoMDZuIyhIozPTv01ZeE2gF1nbX8qKfCwJ7bbmUgCJzDOS7Jl2DEWJ+l/y1QhNDC+kRg4Xg2zZt5dOVFsBH64GcTsw1u8+rVCqVSqVSqVQqlUr1P0jT6XQwGJSXT3ziE9Oa1772tUtLS/v87Dve8Y5//dd/fcQjHnG/+93PqFQq0t/z+wAAEABJREFUlUqlUqlUKtUeFGNDZidtiFMDkwhY42OPE5etDRwDItmpZKFbQr++LmVyLuEzStBLDClRD6neTMkcVhwqLJlEyDfmvcsEAG1vM27SFaB7BXK7GBGYjw3ZD1TGSo1U0lqw1cgToGUDlUYxXsdaj8ktYD1WZ8EExgNSMb22bmD9iFJ1RpUfuWrJVyPvkVCxFIETOamGMiU4fcb22gniKWBNKfmaHl4jxV8sz8pnrlbJNRd3uevQcMLieTjTmjCN7dp4Y8f66gWXX9qmcXGG4isACJVJZ0C9T3YgtQvoUuG9RQbFO19VFWfTeBw1J341dn5Q3OzrglMU7MP3km1622LdmkwxengCJRmRE0LgjUvBOinEtmmbEALNOjJtMLZyPtKOhJIhm5bcsR13Ar32lDVbN5t7a6vSW9XiC2V+Q9Mb/K2eNhIiZH4SxXUA6NkUzQIC/fQhJgXoP+7Vgr6kPg0tQifivmKFPwDoAnRKqg5OFwnTodiiNJdAEqr40ESfdDwNT0/eSV6AZhL2Ap1sP+iQXVftMKp9KXXUXt4dT1uoKob70vVhBCWxEoplZ/xJZiGxDpibE8zfvsqGUFxRhOnrvxkRE0vzDPN0ssFJWiDWZOrIAsdH4zHYjO/FRqVSqVQqlUqlUqlUqmtL55133ne+8x1zjXTMMcfc/OY3n1v5rGc9a+fOnVs3/pVf+ZWnPvWpT3va0/aZMvy///f/vtGNbjS38qSTTvr2t7/9qle96vjjj08vv/nNb04mk/0MLL7sssu+8Y1v7Nih//yiUqlUKpVKpVKp9qYYJgbaGNOjsaa1lI5h0a7AclgMUxDMj1ApeKYEvqCsznYmYPoWIOXNVNUsf6UBmP88l/x7X57vsk+Q2ch7zn/so+J4DQqS80kvRGc4sjPBcidGTmD2hGfLlVx2RRcQImJqVy3Xw23DJUnVGQwGriJPFCJGgOrxxWBikTXAoh6dsaHowSj9je3sBxefurA9bC3Ao04pSpPQrk/GO9d2X7mx1hDnQM4VllODyLsEQY1i/1L5mnJ0EAySBbI9cdZ12MhegQsGOCyIl0yxNrFC3Rghckz2v5jdIX8cy9NsyQFSIecknaZp2rY1s44phuklYpm4nQszdPZEJs2tn3UPWazK2n1DJ5CtTRbsx0KuyUNv5K62uLMKUJIPDMVxqMs1icKYsG8J+k3QFR9pA0O2MQQ8AVuYZFgKkAqJmRSJkqpD1wzhQqnro3XsVYTxOlF4FOKwKEBIBthm9MRk84t2EsxKvadTO/S6R1z0vfONal+6zvWuv5d3N6fRsPMPDgldhgL/dG4387JbV9itm8D8jckwRDabvsOTE91NaMyjCcG0TRp8G5r0SD+j0pzxECuwmK0DtoZ0dQEBTEqdqFQq1X9bvetd73r9619/v/vdL9VIzDXVxz/+8a9+9auPfOQjDzvssL1slg700Y9+9NRTT73xjW9srg3t2rXrKU95yhVXXPHe9753NBoZlUqlUqlUvyA688wz3/zmN5trpIc97GFboZP0q0v6lWDrxtu3b0/Pn/vc5/ZJiqytrc2tGY/HX/7yl0MIRx11lNmXdu/e/Y1vfOOggw5iPEWlUqlUKpVKpVKp9lMQpwAtwNQYTtUBgU1IVrgKl3NPjBQiS+16bne9VB0w+8x8cVtQCfyQc1wARUOKVAAv5EkJ/jDGzlY9be+57Nr+eAVJkN2kEjlVzGt8YLCOpxZRugx1CHEylbUD40ZVva0apsdKPVoZjkaDeugqz2V0PLmYuwdKsMR8j9g9tWTr8txLu1fjDWN6yTWAbBF62qSCbhPD+nSya3Nt5+b62nizxXAlB+K5wrwRh+Y44k+wLF1VNcfrVFZcQxzbiVx9KILghAJ8zFgfzHkgCIKS82v4b9nERlDoCxarcU36S3T/L+AdzuLYc6MjTrZyJAvb31+51eyka/mWj1b70xvk+rN1UBcP5DVGT6CQWgx69ToodRbNTCC2hE14bF5Db4Nk5RQ0xBE9kt6yORyJr2McS6RJALs5XSqEofDoOgJTLM7/gNvkGKs0DcuMd7mNlu9BlGjVTtq9nNchhx+RBnI/v5rzP1ZptqeO2ssGm02k9DRONDK23MVzsk6Gi7pFY0zJX9o6H6EPm8xdx3RjAcaYDN+1mHaikKY2QkvuJqFxAR2YbGxcDJjKZNOMIugkWm8Non8YYaXQiUqlUv231X/8x3+kissNbnAD82PoX//1X88666zrX//697///VNB6AlPeELfWL7o0ksv/fa3v53qMWXN5ubmjh07ytHf+c53fvrTn97n4Z7//Oeffvrp6bN72uDZz372QvzlwAMPTMc677zz/v3f//23f/u3+2996lOf+ud//mezVx1yyCF//ud/blQqlUqlUv3MdcIJJzz4wQ/euv6bpBvf+Ma3vOUt9/TZX/mVX9nTW2984xtXVlZ4+X3ve98ZZ5xx61vfurz79re/feGnTj311K997Wtb13/pS19q2zb9wvD5z3+e1wTyDT777LP7tGtq6qGHHnr++ec/9alPvctd7vLKV77SqFQqlUqlUqlUKtV+K8YWYJyJE0N5GiX+Zs8+HAXzgO5ltk4wsMW/hLdxGRzIh87FYieVZ6JMXEEEyF3FEZ/BphTFiqHYhJRvzNNy/8Buj6Ece1F3NqmkbkuR3VZY34TauBobRN4f+czY8sTbamTrFb+0Ui2t2OGyHy7Vw6GvuYBLMSW2i6LINVwu6tpeuXerhcAeQIcZMqFzspCXkf1htuzK0VvoVhEIL0jNGrft7s31K9d27d5YG4cY8G1DcIkhQoMcTOiBRi+u8r6KyMaI3QsBIGQCY3KHgdlD2JGBXjxSttjoDD1cD4spHdEPvsk7EVsOQj1SmbplmQ4xMTmjB2bWWAl62eprsifiZKb9vR7mjSOAzWDOVvKhMvulPWNEfL7Wbm3fHsiXvZ0Am0kAMiTRlJK/sRRQBIx6cK6O6UKYANjXpAwofw7hqey4k68YR7CC58vDchIVLlPyFEInlvxRJLsFctgS29SQXL6mIVsgpdk63Qh7Oam6Hhx5w+PU7GTvuv4xxzkyMtmT1ieRbxZQhjVTJ/kilIC0/UQ8OnCMY8S2bpCDmfhGjhYn6fpJ11DTxLbxlK1jQ/CxdSFW0GLj+AYErrJI/3miuvw18v5RqVQq1c+V+He4Oe3cufOcc85JP0fuete7Ltxgq7z3c78LbWxsfPrTn07rf+3Xfu0lL3nJBz7wgfPOO++v/uqv6rre597e8573vOIVr/izP/szRkBS9eWTn/zkPj81Ho8/8YlPbP16cdHTnva0stw0zXe/+93y8p73vOeZZ575zne+s/+t4gMPPPDiiy/e56GPOOIIo1KpVCqV6trQPUlb17/hDW/45je/ecc73vEZz3iGufo67rjjtm3bxstf+cpX0u8z97///cu7e/JmW1paWrj+Yx/7WHq+8sorn/WsZ/XXn3zyyf2XL3/5y+92t7sZlUqlUqlUKpVKpbpGiuh00hjbUg296riBDiLZr7oe5Epi/1OMQjjBJmzsQR3ZsESqmY4YEecq53JdGuvsDoxU22FvB8/0yRbgBWYyWcx+CfI3+iVdyGMqC3qcGM9WDmyiwidAldjKuqV6uG0w2l6NttdL26vhUj2onbfGzHAxXaYEL9vcqr2dXEddUBJJHzXpTm1xNXi+SlwSVqLFMm8LYdxgqs6O9d0711c3puNgnK9qQUCcy8E6nmEgnx6sNEyGvV5czzRki6XBoiJ1IZOkl/djVIRZ6iwWpE8w7SWENrRN287thadT4UsyxuSLbQ5vMEvq8ExbOBYyUoWniVG6Enofz60TVYvOZK/TeObjRiYPFNrmmtfXCzqABjcUYgJscEKGJfReBMZnKFvJsDkPESF0LwCbMQEv75qCDBh2kKFnjx0EDnkgBE18vpLIOgdopeVUnUKsOVMgIyj7tLmj1q/aTAWXvZzacTe9xY9+8F3M/VEtUrp0j7vpLfe+zeXrTXcFdzO6c9bhiZGznky3hXxmy8ykHfE7dvYubPr2KHy7TocJgaCTENuQao8GU5yii42PsYqhMjI30drE2ZrizQYOvXMqZU5UKpXqF18Pf/jDf/CDH+zp3X59Ze969atffYc73KG/5j//8z+n0+ld7nKXgw466MlPfnIq2Hzyk598znOe89KXvrSq8Pe0l7zkJUy0fPnLX07Pb37zmw8++OC0cJ/73Odtb3tbWrjtbW/Lu3rCE57w//1//x8v/9mf/dmuXbv+7u/+7lvf+tapp576oAc9qHy/+TrXuc6rXvWqhZTMKaecctFFF/XXXHHFFY961KPmNvuv//qv/sr73e9+z372s/vnlZr6l3/5l6kg9MxnPrOs9HulS1UqlUqlUv3sxVYi18Cqdk4XXHDB17/+9Xve856HHHKIuUb66le/+v73vz/98vOQhzzE5e/nveMd70gtfOhDH9qHca9//esblUqlUqlUKpVKpbqmIpQh9kqJ/BcQKfySzUb39Xd5y3Z14q4q3plvzJcvsZxP1iCZM2Gnhc5twpGYbyDfEMtFfWzAgryZWZbDiNWEycYjZtEHYB+dUBaYKIklS8Q7l4qeFQXrVKmejjEPEjDE9iUYrFMPVoajbYOlJTdYqupRVQ99jWdEJXhqXAFyykOCecTng7vFFOMN47KTRFexXQx17C+NQDYWIXVotOhpkyq7G9PJFbt27ljdtTrdbCDYytPZyUhwgA7n6XiJOqI/rZfAHcZSOFkn9RjTGMUKZ4vhTb/dEUyxsrG9XB676C/k/bJ2GUqAVKAObdM0bZMWal/NICZ5udAn2YdlxuZki0MMOZdsaba1uf5u5IIpViAz3dtdAqgKYN8kBDkL2f4uZt7Nh8e5BKbgVzbboEC54JztZaFk4CsYcYXBBKKYSvsYhBQdJeM4iCGdV1ovOAj3HbmY8LGznYngJuLp0se4Il8xJu+BXGsgotkJgItMaeG7rgvi4WZGuohgdrQtGi6ZbKxBS2tXbULAJBWzBw1HS0fd6MY/+M5/GdUi3fC4mwx7ZrlblebFjt0tWDPLiVmZVbTcv5h7912ZC84KcjhzsyKUkG8IVvxMGOPz5PzU8ut0AadpaaCNTYCmcWmKxjY9fGxriBU+8ObrrTfImqDZSY08l63TjtKRNVlJpVKpfvG1vLxcvsjLSj9P1tfX+S2339aFW8GLj370o+n5N3/zN9Pz4Ycf/trXvvZJT3rS2Wef/ad/+qcvfvGLU+klFWAmk0nZ/qyzzuKFCy+88JJLLnnwgx9c4nWuR+Ll0Wi0trZ2s5vdbDqd8p7TctnJCSecsLB5e/rm8THHHLPwK8XpEO9973vTwjZSWf/Zz36Wj3L00UcblUqlUqlUP69aXV1NzwcccID58fThD384PT/wgQ/srzz11FMXbvy9731vbk36R7MXvOAF6Zer3/u933vyk59c1r/rXe8KIf0JtFIAABAASURBVDz1qU8tIT4qlUqlUqlUKpVK9WMLQQT8k+rGYLlIL1XtuWwEsjyQcrQhaxT6mCuoB+3IQSnPo6uCIeLEAeQ8GSeOCuxlwpYZEqxjrHzBPnb+DvkL9jbjB11CSzE4gVKeN1I8hTlew2ZnjYV9UNa6Xq8YMjgBMzB2SNCJ6xiYyKYPqe65Ug221xypUw9tVfmqrn1VMXFiM2sTGfhggkcqsLaU89kJhnJM5Iy4b3FpD//UXrAbBgzwyS14d86MIx07ttZsxmZtvLF7c33H2q5dG2sRqQZfu8pVvs39jFsjieAdDlBFMAqeXSr2CsEh5AwmM805yvC8WUgKlBOUqnZZytzQgiGyxnTGOdisNjTpb8dNaDArxpnKui73qRAnrjAtHfZDq6U3nMkoEMiOJbOHNmfsSSodJW2mg1RK5AxhI2Ifkj9Cu90vp5P+6c4GKdn+2eOszzPBcq6PyZV+HgTCeAAknoaTcRAoAcajUGgm0UaZacDYB17xfGQbrRAhMOMqY7JvBY9Ar1mOr2lnJH/HsicKEidpZeoGBFvogqa3CQ+g3o+Fl2G8xMoxouWj05VmCGGBAGtXbm4/fNnsWcfd7JZXXn7p6u6dRjWrAw4+9JjjT9j7Npfunm6FwyRtJ83tHFRlJGqnz/rFsjXzSuJahZJxpauIXYlkS+ApgblOLYXpBBNDmqnQBId5OukRyeAEKuK2KNvM8IxC6MQiA1inexIgd/Ljf2lMpVKpVNe6/vEf/3FuzQc+8IG/+Iu/OPbYY9/2trexJck10Obm5qc//enBYFAc7w877LDTTz/9MY95zFlnnXXmmWfe5z73+b//9//yr16vec1rPvrRj77whS/85V/+5clkkgow6YN/8Ad/YH76uulNb/r0pz/9kksu+dCHPnTLW97ydre7Ha//0Y9+xNDJnLiYtCdTfZVKpVKpVD8n2rkT/43iwAMPND+G0r98vf/970+/w9zlLnfpr1/4S8JCpV9sjjzyyLZtn/jEJxqVSqVSqVQqlUql+mmKC90Mjoj9hFiGmAW4Q86c4epiqUIWYKDYUuQvzsuX5EF8Dbie7Dl5xvuqa4XNvgpSi+57WuRjF7cKfC6xHG6+lM/kCfMdnRVE53BhjJlLMSmwSvYwoSo8MQkeXAVGiBg6ecwcicSjODdy1XI1WHb1yPqB8UNXjSoUR87kvkVvCT4VqqMXWgBRlHLaMFs+BTGZ6PmFbK0Nz57E3BrIQ2UoiQaP40xj4hTiRjPZsbF61erqZjMJFkvL1AmOLDUskzXodIJJOpitgwNGHicEoHhOoimxOv3OLfJ8XrO2IjwOpjcgfbRi8XnRTGOGAvN0UnkaEDppYxsDhsVwHpOVCB3X9zvpKubWlqPJqAjmMyPutUhnVxJ8yg5nOtbZzkMk7ypiPR0zpPjj+1cjEerIwiIkpXRCJrBKCyBbr9CEjWJHhF2EBieQF4Lla4Deos2AJyHPKydmM0AOJUB2NdSWnoeKzUe20GOz2PYEGKNi6gzZKUvQmqNcLGv7k5IZHxDrpD6jRKSXYGMCnfAaw/ebtUs39g6dVPXg1ne95+fP+vfx5qZRZS2tbLvtXe7Vd8pdqIuumvRezUz0/ryfu9QlXKz3dv4s5B8BfJ14inQy+e5P/lAIqrUx3XomUwgRfXfSRG2jjW26tWCeDsS0UKebryWDqXSRI/LmONCrtqbGnyFIO7m93xRVKpVK9QuotbW1V77ylWnhmc985jUmTgx9f3c8Ht/udrfrf3/3ete73ste9rLPfvaz97nPfQy5jPD67du3G7KUv9GNbvT3f//3qUr06Ec/+vDDD+/v8E1vetPu3bsNxeJsbm6+/OUvv+yyywxZj2zSbyDHHnvs3LeQ91+vf/3r3/e+9z396U8v0Elfb3jDG775zW/y8te//vX0fMYZZ3zgAx/gNYcccsjznvc8o1KpVCqV6udJu3btMj82dHL22Wdfcsklj33sY+d+KXrd6163cPu/+Zu/Oe+88/prtm3bln5pufzyyweDgVGpVCqVSqVSqVSqn6asDSbDIjm6gwwLFm/u2JgD2RGQpJnZWnkHitjsPyHcA0bGILJgXYUYQyYWcq0fn3NYgqAfnMZhJKhhQdv3zCps0R6Sd7ZuZ6mUacmwBYNkTLbMEEMIrLBH+gb+sKqX6+H2wdLKYIipOr4aDarhQLJ1cm9kZMba2eUStMMJOy6zH0XllPerrtrvIJtPV8gJEK+V1pgJtOuTye7Jxs71tV1ru9tU8PUuMifgHXmb0H+oiqiTCk0ryIqGXDxcHzcplWjok0FmttsLUrSFUCmxHXsxLOC5ibhJCG1SbJE8Sf9DkHwioVjsnCADN31qpB+pM+tcUtq7AP2Y2x6JjMDcSswtTGXzwKSGhC8RdBK3nMzCsbQzjkJ2fsShkEkytATGCOxiTHEHAsN2JvJu4IwoW/ZiMgtgQVx20n/OgRGbFzkGWDG7yQFPGfcqTJrBM3OUQeUiOwJF6WgDnjkS9lPJ17igLUbIo95oZzanx7V4aqTL03fzsk2mnMyeNVpaufWd7/WFsz+SZohRGVPXg9ve9V71cLj3zVIHX7xzCjA/MQtZYnt5StnPJL+A+dtZ3unMniIOOE5HnC24YYihCZNJmDTQthbzdMDG4AKQ0wkMIE0hqBzG6HjjKNXMss1Puh3XlObl0W4J3D4mhUqlUql+IfWa17zmqquuusc97nGnO93JXFPt3r37jW98Y1rYWl+5FWlPH/zud7/7lre8ZWVl5XGPe9zcW+95z3suvvji8vKf/umfeOGrpLSQ2ny1oJPt27efdNJJxx577IUXXvjBD34wrUlVJW62Ifjm4Q9/+N3vfve0/JWvfOXTn/60Md2vtueccw5vln5Yl9wflUqlUqlUPz9i6OSggw4yP4be8Y53mC3ZOkm3uc1tFm7PHO2c/vIv/5J/V+mLEwYf+9jHzv29ek84i0qlUqlUKpVKpVLtlyTrxuRclD1SDpCr3oiqUE29/5cTW1gRS5Vtk4uC8g+k+L11Zwk6wcSdVEbk78B3oSKzBf9ZF4yZqvxcrXG++Aiz9dB9qlTvXXaCwJwhixkOqQBKhAWUHVPB3lTGDX297AfL9WClHqWFpcovVYNhVVdInFjxi+HPUp903EBGJMQtADqAw3axOHONm+kMVhSmp+cnUfwpON2CY18IJAjGTkxYm0x2rq/uGq+vbW5MYkC/GUo/QicB76mxzrtKoBNfkb9ANm5BVoib7Ur3AnTIkpkz5NgyBFu5E87hMHsdmzYgZYLESTtFpxOegezN4qy4tBg7h5jYLUeUIJwCnZi9qpt0ZXJGydBhvgMg9oaGGiYADdMn1cKTWbCuDF/5081cEnx5xhKdk57T0dpWWAE+IIbp0B/iawLyQZ7QtGtCRhynotiMyxhhZSTzyfbnE2RHE4JILMhUZjcURyATuZKALwfKlkkyR8odQVxujOUUKEGwqIVR7IVsJqfYK4VmN91BJu3Ob+88+JcONnvV9oMOvvtvPuicz3xi15WXm//ZOuTwI37lDnfbJ3GS9NUfrk+nBY2yM390lS1T7n/zTii9zUy2P+ltIFdINhHCy9hAuoo32nFj2xYpEwAfoovgAngwFcTKpivHEndi6nRPQtbEMUCWphnekXHBkGEWKHOiUqlU/810/vnnv/Od76yq6pnPfKYhV48zzjhjn5866qij/uiP/qi/5o1vfOPq6iovT6fTCy+8sLyVdn7DG94wLfzwhz/csWMHr7zyyivT87e//e0PfOAD6ffNe9/73heQDjvssCOPPLJ8dmVl5dRTTz377LP/7d/+7bTTTkvNe8Mb3vB//s//ST+lTjnlFHM1tW3btt/7vd9LC89//vNDwL9Zvf3tb+9v8IpXvKJP3px55plbC1cnnniiUalUKpVKdW3oi1/8ImOjC5V+kTBEqe5lG9ahhx76tKc9bev673znO+kQxx9/PP/qco118cUXczzfVn3/+9+fW6Pf5FGpVCqVSqVSqVTXWKVsl+q8EfboHCK8hHy9HXJyBhRmAMp2XE5mb4JSlUTQxCdZRw8K4WCnDzJeMLkyOQcoFP+V/sut0Mn+nKftN3BuB1IyByZOgCvmFdiK6ulsfFKOjS4MAIO6WkKDk+GoGqzUw+V6MKr8wNcVeqOY4nFi2ToFMYJgTbEUECIAo1gcfpkf3UQ41abzFegIkrlRmG86vwX9c0FaADL9EIhYaCysNZOrNnZfuba6urG+2U7RuMRTcFAamwpNTZgaIIOT9FRhwg5CJ56tTorTCQMF0DMpgexRYzr7DSFtiBwoZjHynt0CWvTVeYpQTEwT2sjROhQSJCBTHkZZyNq6q0LGAFXBy/4zC9XzbujNZ6GCZn1RMnRC/jHUoPJ+LF4dGVSp+mO5R23FcBZ0B/lEIPNi2JUEU4ZC+j+y3RBzW+i+An3EhLmN7DXCK7l9UQAo9oPhgzApYjNgxfSJ5OYgbiKRN0yZGIluQhjF0WTLF6hzgq0IHsPXeB6q7KfC9Am3DDJxYguPBTR7uefw4ln9/q4DjtruR/vw2K+Hwzvc48QfXvCd73z9//G3dv6naTAc3fhmt7z+DY+zzu1z480mfueSDVqcmXsww2qVP+YCdebvRnaeGUQyi/7gW2FApyUIYbrZbo5hysRJwJtsBB/RIKfCGwykNemuU6OzEt58PcF6nuZGTalW/KPDS/ybYicqlUr130oveclL0i9Yj370o29wgxukl5deeumHP/zhfX7qhBNO6EMnP/zhD/lrwawLL7zw4Q9/eHl52GGH8T5TEeif//mf+/s59dRTeeEjpLSQPvisZz2rbFDX9d3vfve0//SLclrgH5d3vOMd3X782N2T3vrWt6b2HHXUUa997Ws5FG/Hjh1PfOITDz744Nve9rZbt09H/8pXvnKLW9yCu0ilUqlUKtW1pQsuuGCfQMknP/lJsy/d8IY3XAidDIfD0Wj07W9/Ox3o6KOP7r912mmnLdzVVogk6eUvf3mM80a8J554Yvpnk/RLSD+IMCkdkXEZlUqlUqlUKpVKpboGkupuj/DYql7BUYqI5avvvVwFWUQDBEcFavqYpLQgvVAb65gyQSsDslzoKtKz6TNWCt3RzHh57O8/6s4V8WGf2xuJ80kLHnETQ49UBcUknfRvyRa61JHK+VE9XBmMlhE3GS4NMFunrqrKS6pOjFw0Bz4HA7Hro+yYES3iIBhq46uB5M/YYhbCSAXss92zp2Ay6iKOF0RURIhtDBuhvWp9947du9c3NzbbKSYkVZ6QC0tYSeWIJvFkcILQCQIm3jFEYAVjcDSmJVOpDEbo9WGPDBJ3C8sIRG8wcrLSIuMPgU0wTicwWlHwk9Rd4m1io4E+aML5G/vgTqADj/qWDJBbsrCzy2yPhS/J7cFIHSRCMtsxe+iqG4/sSNMt5D8ELCrXVv6HgIK6pIPQwW3qCd4dcIYOX0ZQbCTdb0YRAAAQAElEQVQYmCrzSKZzuVKJHWHHEbwwHZ8rvgrMmdA0RQ+J7EKSuRMg6io7kaApDt8wwBQCgF7OgERshRLB9DwyaCczvS6ePEJbyYZBmDbGldikpzG7v7fr4JseavaldKXe4Jhfuu71j/n+eV+74LvfSnPI/M9QVdVH3eiXjjn+BK5X7Y++/qP1NnIM12I/ovJa3IR6UTumB2kxTFToN764mIESj57YQmzidBLbaUjPzdhHQKAvEHSSbrgRkDLB6QcVWmIZzu/yFKbj0N0kPQeL90ycLTgP05WyD48klUqlUv2C6d3vfveXv/zlQw899Pd///d5zW1uc5s3vOENe9r+M5/5zD/8wz+knwb3u9/9+utf9apXtW1785vf/Otf/7ohe5K73vWuhnjh9JGy2S1ucYvNzc3y8vOf//xll1124IEHcqIN64QTTth63PSp5eVlswdddNFFC+s96+vrW1e+5S1vOf300w25nuzYseOmN71p+ul58sknr62tpfpQqvps/ci55557yimnPP/5z1foRKVSqVSqa1d3vvOd/+Zv/mbhW+mXkDe+8Y3phzWbt73oRS+64oornv3sZx9xxBFbN97T7xXp40960pPSrwR//dd//YpXvKL/1rve9S6z3xru2QZ1iWRUKpVKpVKpVCqV6ichgBJ6YfdjY7GxCFTxk2oxzNlPUDiGlA1pAd1NnMGiIlYosVqOMQvRzPhimP7363Pl3PawhLnm7a21xdxi8VnMfB6Kkwq2PkTnbOVcDbZGsxNTOw4dAs+NiyGdxsBXy8Ph0mAwcjVF6gw8+2Kk+qoN2czEcH2fnopXCrArRRvbJoaYujC62AY3GHoyHUkfF5OYBWkV863vVfA7tMHkDKA2yoGnsV0fj3eNN69aX13bWB+3Le6Xc1YcESdY1MVH5dNJW+ROnJdCM3BOj0AD/O0IsVHIXESvMzEKI7dCBoK//NnZjeyVo2HcJEMnIUTyOMmYE7rBOOlIytwwNhfEzULMaPZYGa7qbUmmGuxyU7aC8nHyMuFkm0hNipKtU1xHCIUxaRgt9xARObKrat74ITMW5VSNmbkK8hrerdAnZGdCCAeFIeGnyeCECBKbW2pMnmw8WeVY+Ug52ElMhcTUJB9TZidwLT8bSDBjReyIZwCM8CtjMrDCdkX0LDk+XVPy3vJbkCkW1yNaTPdBU2KmLHCYismXpSGbILN5werydVeGhyyovmxVXde/dItbp8dlF1906UU/WFvd3UzG08kkxmD+uyjdL+p6WA+H2w448LrXP/o6Rx51tT5+6e7p9y7dyGCb5H11b8v9Jd+PrQyJY+4EsquPKXwTu9rgZZIprnKRBGjTLWgamwmEqWmmvm3TbHYRqgB1+rGAFzNUZGqCpk8lfs0a+rlBDAq5njAO5Xpcm9k3TahSqVSqXwx94hOfeMlLXpIWHv/4x5dv3B500EG3utWttm48Ho9TAeZf/uVfDjnkkNNOO23OEeTcc8895phj/uiP/uikk05KL1N1h+s0k8mE6RPW/Ui8/IY3vOGDH/xgOu7pp59+s5vdzOxVF1988fWvf/09vfuxj33sla98pdkPveMd70iHS5WeBz/4we973/se85jH3Oc+9zn88MM/+9nPPuIRj1h44iqVSqVSqX5+dD3SwrfST3NDVMo97nEPQ14j6fl2t7vdsccea66OHvnIR5555pmf+tSn/vM//7PPxb7mNa/hhde+9rXpN585GvVGN7rR3H7IPThu3T9+26uXp5NdjlUqlUqlUqlUKpXqmskVC49S/t4rfpLrwaZYkpiY92BNySUh2oCLh+SZYQz7aghKgfVJM/9XnlzlJNohWy703u1SXfpttP24FtJWssHOQgm997slphhScTPbnOC37qXyTvv0BCkMrFuqBiNfD101cL72vuKTxPp9+mtcZ9SCLA+W16Ptt9sSgQPE30SkTwKdqkfapTYc0AJi47EImzB9wCS3XHqeDDkMQS0YvAIWNttmbXNj1+rq7vHm+nQ8aRr0kXAclIP5OhX6mlT4Gk/FcwqSkCIU+tPrv1leAnqMgelwIT51ymSxeYUrWAV7I2zt/16eThDqIgrsYcu0ol2lNvX9QbZ6NORCOGyZD7Y7ZCmWlwp58enJTY05PUecRWihi0fi8B0L+Ry5AVAMUSq79Tqys92HZXrDEBZEuTSKFU7XfnwVxC2HjsDWFD08xvS4I+ldcRoqy0w/WcqO6uEv3CKM0Yliy+PA5UGVacp3CMcuKex3Il4kCAQUZsfm6Un7sbPvENsmh7b97TNYZWm6mmwIQ5ARz1CfjoKeF+vf3FXdtvYjb/Zb17neDdLDqGa1Pomf+fYuvhcxcIJrOxKrd53bBZdZvnjIiEbQJ4bR5LphaAwiPmLbxmYKoTFhbEPwIdgYKkDiJD08QE1BXnjDpWNgDhvehJg5ROsdT62onLSN78hGLkKjUqlUqv8G+uIXv/jc5z43lT3S8qGH7sPY7Gtf+9rJJ5984YUX3uIWt3jpS196+OGHz21wz3ve87d+67f2M2gvFVpOO+20973vfcPh8G//9m/3SZwYgk6OPPLIvW+Tij3HHXfc1vX9LxPf/OY3v851rvPXf/3XN73pTR//+Men6tG73vWu9NNtNBr9wR/8gVGpVCqVSvWLqfTT/GMf+5ghysT8eEr/JPKsZz3rsY997Ote97o+dFL2/N3vfvfcc8+95JJLHvSgB5V3P/e5z932tretqi6h+M1vfvOrX/3qrfu/973v3X/5+7//+3/8x39sVCqVSqVSqVQqleoaynXAwGxmyuKNqRxsuRYJDsQHhAvgBDMgaGIxsIUMTjifxbDBCRXysTZJn1nMtuQv1RsJ5mCfDHHLMBwQsh+yW+qRs3QC/QGxlFqZcEG7D2P4wVV1KafiCQSL9idu6Kptg9FyNRg4jzYnvqYICC6CGusylpP9SmxXzo3FG4ACh2xoA9A/sE/bJj2PINYV7i0SgeDc4jPd0/kD2wzgc3rENAaNgbXJeOfa2q711bQwiQFBEo/jQn4CaGpSobEL5umwwwARJ1WGTiS2ZtbNZAY3mWuVZccNW3rP2NLZOVDFQMcbZORD0mqI8wiAuUOibs8sxxPELRxWs2jcS4NtTgWiGWTnPHQizCiSzUlZZheH8gmkhsTKJvt0AIZK0biJm0ZlhD8SLISgFSMkBkEljNRgkT4w15I9XeT9AskwwGSE7YFiNSHdLSeez7S7SgRPiWUMcFbhhUgZJbkraNKylwk5kRAaYphHwJWRy/30bhe+w4wIcyQ8syGjC7bcD4zYqJhs9MKj7ZgcKH3PbbC8mv1UKObKpuvEEQTl2XVn7es7D7j1IdYpa3DN1UY4+/yrmgD9W63pE3ndq+5qAoqzmd1THxtkvysg0KSNmIrVxtji3a1pTBtsaFxoffqJEVsM00k7C4BGUtYNrB8Q+uINxeigwQnehSXsCVm/MkvAdoAMGLU5UalUqv8W+sY3vvHMZz5zOp3uz8af//znn/rUp6bfzB72sIelT/WrKUUnnXTS8vLyl770pX3u7fzzz3/JS17y5S9/OS1v3749lXP67z73uc+94Q1vOPeR9Ntqqu484AEPSMsHHHBAek4lnNvf/vZzm/36r//6H/7hH5q96oQTTnj3u9/NGTrpl53xeJx+RxoMBmkhlXxOOeWUheE+KpVKpVKpfs711a9+9Yorrkj/rDZnxnbNdLOb3ezAAw8877zzdu/ezb979HWXu9wlPf/rv/7rH/3RH/Fflz/84Q+ffPLJJ5544mmnnTa38QEkXr7ooovS85FHHsn//Le2trZz506jUqlUKpVKpVKpVD+WenYjsA+PE6l7F/hD6tzskMCVS49hOmxLQchJyW2AwHYOUZIYYGsRkwmFLrXBmJ73iTHw49UYsz1Gb03ZNZqROGIsrKcyOps7QCZscDGgA0Tl3MhVK9Vg2ddDWw19VTvn+Sv/3HCg0BrhLfrESXdMrK+Dqyi7prWGfQEmTarXhiULwwprsOyYYbcUVu2iZduzz2BLjNTLbWjXpuOdq7uvXNu1Nt5oUyEYYQlyZcFCvmcuhJxNCDTxlWGsw/R6nriDgn30LWQ69KRYmpiZsJs5Z5Q9jwswbhIChemkbjCxkBrZjoMTPlx3oNketW5+n3Nb8b6gpO5kACLStmjJIMiLOJzwMvuPgvRvYZTQrMN1EUioCEFmEhnbpOZW2WfE5KOmcnxbKBuxNWlprDLeYgtMErueNaaEYGVXn87jRA5ghUjJliIQrOwA03mcXFWM8BByFNmMhEgrBEooyATL/HhoPqjL1zf3rSMXIPaYsAJjSUyPpcvayv7YFoVbWQa+mwy2Z4iUG0nIizOZrzE0N9H7xLFvEuMGqQPXpqvf2nnA8Qcb1TXVZ767a33MPFTP5sQssAyav/kA9G6fUdAo2UwuLoCmxTCdEEODnErT2hatTTy06cZaQ/DEmqQLzgZIN9DlwbBOPzAgEgWFV3GFnlHZX0m4E5zG/Z9NVi4FMCYalUqlUv0i63vf+95JJ520sbGRCiqHH374Jz7xib1vn0o46Zeze9zjHs9+9rP3tM3y8rLZl1JZ5TWvec273/3uYjV/Bam/TWrV1g9+5CMfufTSS+95z3sasiq53vWu90HS3Gawf39rGY1GqQFnn332i1/84nT03/iN33jOc57zoQ996PTTT3/CE57wqEc96klPetJwOLwGe1apVCqVSnVtiW1O0q8rBx10kPmxlf4+fKtb3Sr9jnTOOefwbyB93eAGNzj66KMvuOCC9O5tb3vb9LtN+qWirmsGZOeUfrX4/d//fV6+613vOplMzjjjDI41fOc73/nSl77UqFQqlUqlUqlUKtVPQJGhAgN7Mjqx2cHD2JkgBo+WB5iO4JzUkTEKgwxKsJZOtibQDysxIPEg/X8z7WfS9PbPTx25sZ//0Gr3ELuwoATeBbVQxghW2LHJUkynEj5+oR/MgL6Tv1QPttXDlWq45Dhep6qwWp7dULK5xTztwGX5ckjaFPN0kPaw6S96DDsgtzAdp40HvmJUQer4W0+gnEjvjGKvBpwOtjGZXLV715W7d+7aWJ+EKRiMsaCcEmRO0l9Cya7CV772dar0os+AI3MVJ+E7MiL8j/F2tvPnBoIhI9sfx7me3zJwZB+CTW3bNpb4GuCTkAozNaN3iFIfn++DDs5ZOEN67clTCl1JoKXDtRk3CSHw/GSPk/7Hme+w3YQUjxaTWZ82BkYmIIMU1XQ8KePHZxtDmzEUoq7Sx1tjQ3cgoPlHJ+osO5qA6TJnMr/Sn7x5YIDseYj5sMBgikP+haKOaF5agbqolk90FWNHjvOZAlD+lS0sWWGNHC0TlgUMm0nwiunsUrKtCdgemFCuMuoCKPyYmNaIXxLtBz11gHsvXU8VTT/KNUIUCyz1HpnhrH5vfTyZHH7CddJ0NaqroxDhCz9YvXRnwKudlM2jgL/bxOCTM8AQzAAAEABJREFUzXBWX/xGAf/yXTx/hl6Gdhqa9JiEpkX6LYILIT28gRowsazGOekqZImQchvhDbT2jBkRaOI5PotiyQyxRxLqlGaA43nGrBZPQY3XUalUql94ve51r9u5c+cJJ5zwqle96mUve9l+fordQX4cpcO9973vHQwG6efOeDw+88wzt23bVt79X//rf33qU59a+MG3ve1tqYZ0/PHHG7InSTv56le/eumllz7vec8zV1Pnn3/+hz70oX//93+/7LLL0tFf8IIX3Pe+903rf/d3f/eOd7zjySef/I//+I9nn332S17ykv6nrrrqqvR88MEK4KpUKpVK9fOoHTt2vP/9708LD3vYw8xPSEcddVR6Pu+887ZCJ3yg9EvU29/+9jPOOOOss85Kvyall3e6052MSqVSqVQqlUqlUv2MZct3xaOV4v18MTfbIHCNUer6nKSDiQjsnmElWCdHI0RiNcCWNJGujilWCrwlLZmubD3jsWHmvEL2RJNYs2/KYXYPsdhzZD8S8fRwEajyzkVNrrRSHdz6pWq0rR5uHy4vV4NhVS8RrOGA2ZBcbaev8eO39gU+ofCRGPN7RuAK+bI+YidVVaEDDCVTNG0wsAmDYZ0K7+LigX2+NVDEyWniMSLZxnDCSUsAxEYzvWp195W7dm40ExxXXzlMPMIMHSROBujPkrau/KCu8d/bI7seYMGX0pGoKk2okNgZQHa+KLxB16Vg2ILEFk8S04OKODUGOiiEQBbyEaFQm85ihNKBsF1UXU59zuyLFMIFvNg6Aah5EcpUMIu26KauuOlAUxJ9MElHFuzsXMqMh/RtWY2Hy/V6BlXSngj0EEInvVlNJ23uBLaIgczZ5F2nXQay/DF0kWUXE0K/8qmWiYQjnvN3bA+xKS8zL5B3ZZiiEkcLWhCehUETqtwjaGIiefVggZ97yBoOxSKugKr+CK6YWG4MnLpki9VKPhDTMZmQscSrMKcC1nTEGu2cslTSaMfoeHrTZ9KII/QjfAGk66EJTaTzTsPU4st213+tXnnFzuPueuN6tMBUX7VQG9PwyfN37t6ALUk6toRp0cUmpBt04EnmnCzfNOXKNTSheYKmCwjSMIWmnU7DZBowIiE6iD5Ajfk4+FxHqKKtiC+pra19XeP1jT8hPLN+6JNF09XyrKMmOSb/5A6YGS+QHysKnahUKtUvuJ71rGelX79OPvnkPvOR9KY3venVr371nj71EdLcyt/4jd940YteZPZPT3nKU+q6ftzjHvf0pz/9/PPPr0jlXbtnqvG5z31uf8v0W/WtbnWrOYuU/dTrX//6j33sY8cee+yjHvWo+9///v0vQ6eVb3nLW17zmtece+65RxxxRP9Tl156aXq+7nWva1QqlUqlUv386bTTTtu9e/eNb3zjO9zhDuYnoUsuueQ//uM/0sJhhx22cIPf+Z3fedvb3vbxj388LaeDPv/5zz/yyCONSqVSqVQqlUqlUv3MhV9y57wRK+4eW/6ZFb0uqCzpqOQnwR+Em1TOVZYyObh6mSuSUrEmhZxmIlsZ9lOwnNbQq2NnWqHDRaSWXjgGfgnGzGa72F5IhJGCZMe4UD2cE0mczVkszLtIFg1RM3Q+qUjqwNL5ANfR0768M5WvVurhih8eMFg6aLiy4tHmpCLqBkvvwPkSlu1BHFfeu74yVHuH/CX9YgaBbhvpQ4NUfbWuTRX1NhhKl2lh6ipDqI+NYhNh3GKfD0Q60icxiKSugrPjJq61k53rq1et71prNjHPJf3juLMcnVNVta8qghMs2Z3U6V/LDYMjlhEPOiG2N4FuFIzpUmLsFh+EzAnlACZxW5G4GHZ6KcEyPOSRU2xyro1Uunl+lNgP7kl6DaUFJp1rNCbH/dBUcDSLqcvZvqM0nBtj81SU2JcAMXV4oGOn/4mPyigJWW5kVIpOKESbpzS3gUAPOpoE9EAOBOIm4T6qdISZgZIn6K9C4kSaCRxRYvIAW8FJisGLhZj5kzL75ZiykePpTa1Apgijc7DGn5rHnIcwH0wWpd3xZvTMThflaiMHFMGLbK70m8wTWSFxhDjpnVFHxMjY8bUk5wbeM19Chi7YtmgkQkeAIDSZMbGlyzJNi2nbTKdTQ7ROGia8SBBwgMllq1/7yNd/+a7HrRw6U6NSLdSV69Ozz9vVRjOfQ5U5JP4JYMrtn8dYeESZZPxRtDDBSzuQPQ0QNQWhmcZmEkMTmyk0jW1bl6ZcjBWYCmKaXR4XzABHHD9UO1NbcDE4R+lOhJhRLBsQhiKwXbmtmEz/icdKaRYYlUqlUv1C65BDDplz8mANBoPt27dvXd80zXg8Tr/ZLi0tzb21dc1edPDBBz/nOc8xV1Pp6FdeeWVauOyyy/rrU21pfz6ePpt+8zz88MP55UknnfSYxzzm4osvfuUrX3nGGWds3f7UU099ylOeMkfAMHQyR6KoVCqVSqX6edCb3vSms846K/2icsopp+znR5797Gen7Z/5zGfOMSXr6+uPeMQj0vPq6mp6uW3btoU2J0np3/We9KQn/fmf/zn/WrXwNyiVSqVSqVQqlUql+hmIvmlu+xE28+9LdornSiSg7QlGeWAwjDgqFGeSnDbSmUVE6JXRc1nTybfqIxMjpZhu5Zv2Ajf0SBWzh9Yx7lBKk/k7+VBa0mMgpNpqi2VFBDFxMBTskGqgtgZb447YacJw2RU9TurqgOHSAdXwoMHy9mpYp9MnVxCusmeWhWvxuVRqFn4NXywcqKQbsVcBmR3rPCb7eBsxjIJrwBh4FPcQIWHnd8qJMG7chp2TjatWd+/aWNucjqd4CMrToe9kOudqshfgZpYYHcC4FcJSuN5re8RO/yhziTOzaTtil8DcSQ4TilwxRo8EEPsE7ncyGWH4I8ZYdsrHsJL7Ysgox+SOhv75Z6qEqRMy1IlcOfczPUN7oGynyIBRWmgj8SZ4YJDIp3z80gzpBJBGCfkhABDwkDM0I6wLNjeWPkvrqnQcMzto80MJUHZqTSZOOA8nT3orNkFcchdwyRnTY4FwwbOdCVvu0EnzGizn45xzZHBiXMzXOkiClJ81FsrXk4A1mUOzc+MtPkCdWVBuYBc0RZwUfxZvGNESXVJVXtgxckIKZJoixwMTKMoqpNGhAUPopEHFlmcl2wFJf43Xpl/9yDeO+OUjbnDCkdVQLU8Wa9LEr/1w7buXjQ2TWXQtObqFW9uVsfb4je7+Rc6XTxZd5RRF1UzbyTQ9x7YxobEh2CCgSQ0wSDdQ42pr6jT6xiKGYiJmeRnLrB/deIzPPxQygmRc9uACvl0Kryc3qAjl3q5SqVSq/4Z6NGnr+g996EOppnLve997/01NFuqb3/xmquLc7na345f3uc99+u8i8LpI6SNPf/rTzTXVueee+5znPOeRj3xkKiyllzcgfec737nkkkuue93r9hNzLr/88h07dqRmzBEn6Vejr33ta6PRqG+LolKpVCqV6udBb3nLW9in7UlPehIn8e2Pvvvd737/+99/8pOfPLd+ZWXll37pl77whS8cddRRt7/97R/1qEftyekk/ZU5/SbzwQ9+8POf/3z6HeNVr3rVcDg0P4Zufetbf+pTn+IvqKlUKpVKpVKpVCrV/isHgDA7IW4lJq8SlIK8OTzWCLGWSF9H92ytwAVASf8ATtWBbNrA3giFmsjUR+/L9MWnxHCQgpkFTUxO+7D9Btv+MntzUPUyUhuAUyDoPGw+ET4HZlK4pB/ZqUEwEeoGhxACnwl+IZ818H5U1yvVcGVQr/h6qaownwZc5YyTpkCxaLEZsZBECLNAkOEKKzkWRGakIzrqUgycMAT0ZKSl9EjeJ6fz2IwjpI94P2hDOw7N7vHmzvXVK3fv3BxPWtzKMVpCATup3en/ynEiENm7OAzdqbmIzLhG3zVmzlRmy8yRYbKmmNTYQjBY4DCZTIWwJEZHInWoJWC2jKztl8ONXdgGmAViQoGVaPSJdzByqFgCfAIfvSWkIVAmkRHvlkIvlXPvTj+PMz4xIlNOiv4IRLQAAzfZkMdWdoY6kjyQ+U4EUw4r1xMUpxPeZ/ZckbdidjcBaVS+ajElhy5CZoowqSQyViIeLanMX/F0B2MKMJIDrKw0h2etzYfLj9ILeYSgl21SGmx7GzhhkXim4oh6xp3ypthpZJpBUBDzC9iVaEETOe0oIhzUhNBGgYkKAuOko6/4zo6dF+26/s2OOOzYQ9MBjCorzfJv/mjjWxevhVjus05uVKbzJjJmUUzNlkseaJRo2KP4+sRgyGUpTpo4mcSmcRBsCOk2mi7rGog1SQsGKocTb5BumhbQGCui3Y2jgazYQgvTzgqvFwVLNMXbhK92EEoLeg5M6nSiUqlUqquvH/7wh3/yJ3/ywAc+sEAnJ5xwQj8057zzztu5c+fWD6YSzu/8zu9sXb+5ufme97zH7Ev8TeWFRMtjHvOYRzziEeVlKhe9+c1vLi8f8IAH3OY2txmNRl/60peuuOKKE088Ma1MvyKlX+1TWavfcpVKpVKpVD97bWxsvPSlL/3gBz+Ylh/5yEc+7nGP288Ptm17ySWXpH8au851rrP13b/6q7/a+0/5iy+++AMf+EA67umnn54a8PjHP/7cc8993vOe96IXvWgwGJj9U/qHl6ZpzjnnnLTMLimpPT8mtqJSqVQqlUqlUqn+xwskdKYL9IBsdNCVkzFSBkuX4pDBW9FCKF+BZ6uKnMYie+wfh2WFWcFa6NxmfXsUfmO2qaZwK71POeY/ugqqOGvwl/It+5FANoxgSgEJD4u4iWMnCIDCADh6d8lXy9Vg2VdLphoaV5GFhPfYD1wGZSLGOf7aPe08zrY3swlbbC5MyeXBr/pjqdVjuRVK/g5yQLHHJMydPpttYCZJ+ktuS8TJ2upVG6ubk2lDHiceeRTJ00mLdT1ktIURBu8rTtsoVXxzNTXb/6bvGiKxM3L6nECD9AdxSeJuEuX0u1OyCxwX9gS9GOg1oEw1MDmUiRmTCASdBHLOCNy+yFlLTsCU/kGZU+FF4qYMG6XkYrecIOYy5dOyeQ5Ydhshxim9V0GY66wepTHj2pIfdNG4zjhIUCPTEViUBcV8F/qdCHbi0BaCDp8vKS9mMQJVUexOmrixkggeScwx3ZjLEWyveYWD6W/RO52u21z2aDEZFrBlPG12v+nZpZDFDfIlEUxA4xkkg2JoqH8jRuiIhUyGlGiHjuKsmKNKC86zKYZNF80V/7Vj94Wr26+3feXw5eWDlzEp63+q2gCX7ppcvHt80RUInmXrkHyhFmpny3DKwuzMLK/KtcyAULoCENtqQ2zSozVNWwWM1PExVulm2prKwMDamlghH21N3EmVbjoAdKejW46lgYQgvJdwY1Y4Pui3CAS6y8SJmbPeUalUKpVq/zQej0866aRdu3bd6la3Kitf9rKXbdvWBfY9/elP/+QnP7n1s0tLS2xSMqcrrrhif6ATBlkWVpX2rl//9TfQH/0AABAASURBVF/nhfe9733p+YEPfOCHP/zhN73pTX/7t3/7kIc8xKhUKpVKpbr29LnPfe6000676KKL0vJjH/vYpz3taVu3GY1G6fnCCy889thj++vPPvvs9JvJcccdt5AR2Qtx8m//9m/vf//7v/CFL/DL888//4Y3vOErXvGK1ICzzjrrcY973Ite9KJjjjnG7Ice+tCHpsbjv9YZs6cEn7W1NaNSqVQqlUqlUqlU+y+u4Nle2ZkLf84WCweuFPYgFMgVfmIIIu+CI3WEZtjDwXL5UyJ1QGrTAKZALlInNVv3I1Vo02twtwGWWaHgML0aaq+GydV2LHEzaOLJ2sQzLUNhP1jchlilsmm0S8Zuc9VKVa+4wZKrass2JKU8mq0DeJ+2WMTQMzMvttdZpd0dXADcWdTZhvJRxAeFe2be1iOfC8e7pL8abkC7c33tqrXVnRtrG9NJYMcUi8RJXQ2qQc0jV/ma/9JKoIUUowuDYvZb5YPd697H2VTEYeNjgVB4JeMmvGwI+7B5NkE+yT3PmT02Bkp9XOxU0DumDSHmlzHDC5kSKj0/26sgQFLetWEfCDIy4WiPArdIK9mpwXRTCl0beIZVM7YbxKYsKOwbMczBASkpIjPbgMvMgBFIil5kPIUvFG+szFq+VEEgIitZPLJQ9UN5uk4o8zbzTVbWZGKk9HWhiDiHidwzcCDLbnG9g8I34JKTPsq8D1nNIAiEjibQgrxA/iQGg2tbcsqRe4Hzjp1/PEZ6kTmPl/nHC7yZac3aRRvrP9w0bsfowOHo4KVqqaqGvho4P6pc9d8TQ2kCbEzb9UnYnIa1cXvFanPl6hSDjcjcyLnsGiSP7iaeg6xQ85ccyC0yQuxWYRQSXwsxtA2ku05soGnjtDFtrNKQxVi1bW1jBaa2UKW7p7GD1AiyyMI7rANK1cF56NHrhBsFUAx1nPgTmQxFyd1jJqINupy0qNSJSqVSqa6G+MdKqpqsr6+feuqpd7vb3czPVhdccIG5RtAJ6+1vf/uHP/zhww8//I53vOMZZ5zx3e9+9/GPf/wrX/nK/TfwV6lUKpVK9RPU17/+9dNPP/2LX/xiWj7ooINOPvnkX/3VX1245Z3vfOdvfetbL3zhCz/1qU8tLS3xyvSj/HOf+5zZEvO3F/3Lv/wLf4UrHSs9H3roofe73/0e8IAHMMty5JFHvuY1r3nWs56VjvXoRz/6+c9//v7s+V73utdHPvKRtIe08Q1ucANeee65515++eXD4XA0Gl1xxRUf+9jH0sqb3OQmRqVSqVQqlUqlUqn2ri5gg+uQFrITQnYScIgoUOHXYZkwMlkith4ml65djgGROmbMQIjLtXEug/d4i8yUMA0QJaOEGQ3YR5N5AaLl1IhyIhSwws13FgqPIjV/bHcgjxM0U0if9BA90PfwsaHA4SQmQGWhNmZozbKrt9fD9Fi21RA3hFzKBVdoi9RyB4Y9VWxx4DAzRX4pj8+gFQKX0HIqEvPfH7lOzEV3lzs6kytCpqQacDqNADANsGtz/YrV1d0ba5O2jemkKb7CV0m1QzsTdDzBUrPDZaCSNDkP8NE9CEBgydQjzNWgbYngyC3PsIgtG/QMToDhDLYM4dMxgnKk/k7tCzRVaJ+SjETIzez4zrZh8UzgpA9eTk2KRuwxOJkFMQY0OxHcJCKYwQktZcR6NAWtjWXORZCVjKkQcWJlXUGlKKEo00blNGkGoRVE5Yzt00IdeFT6zTDLQvgI5KvEUkhUqa3ThShRNbTs2VAFxPKEpzynzbiI9iyWZoy8hcMRbZyByeSSzFQNXXzQDWaHuPBObPFEQXaHLngo/EJ3tUsUFk49yw00dAvIWAteUxidgwE6bduk/9iAxtpsfROIECo+M3ialAjlCabhoChXVYyeEDvhbP9CIoAMjzndGae71g32B+RZYtmhI+RUKk4BS4cPdG0GSgnDOUTTM5BTT0tpRi05xkS65GgmRTx9b8FTxFaFEVU2NauqcAFdkGyZ1rTvvABOiDfKVMoOHnyn7fAOeooySSSkCnuIyC1pIDajDXlim3xH4blAHj55cGg+lRtu77K15X5i+5cUNydCBqBghm9LR41IDE3ThWzaBp+b4GP0IVQR6vSwZmDxTlpZX1vHjjNeLHxo6lrx4ynXoDSwzE06JuSjQ2ZfyAIKOpsT+jmSOUeVSqVS/U/Rwmya/dRHP/pRXnje8573m7/5m/23Um1meXm5vNzT13nT+qc85Slmr61ivvtHP/rR3DYbGxuf+cxn0sLNb37zrXs4++yzU2mnvPzSl740t8G73vWul73sZXVdv+AFL0i/GqVK0gEHHHDqqaf+wR/8watf/epb3OIWRqVSqVQq1c9W55133he/+MX0F/Df+q3fevKTn3zYYYftacv73ve+Z5555g9/+MN3v/vdc28dc8wxC8P7FoqN2dJH7ka69a1vnX4r6G9w3HHHvfWtbz3llFPOOuusvlFK+s3hoQ996MLQnKeS5laec845f//3f99fk87utre9rVGpVCqVSqVSqVSqvanUobu6X4ZPLMXGoGMGUwLOMWVRYi9Eufhs+iBC9nCYKctnXw1jretZZWTgRVZ2ZdBSZFzcdGPmbDboM1aq4p1it69UOo70vX0IFtj9AR+eStSOjRtixPXWjSq/7Oulql6uBsNU7iYcgKuxdHpmZrnXFI6JoBiKXGY20Oc2pC9yAdhl7qTEEplMRRTbjVhsYLACzlVymIa4Nhlftba2Ot4YI3GCtAnlVvi6qr2rc9XZd4CA6ffYXEjFPG7Cbe63vK+ZLo65Go4LNAZQ7EXwNVqPMINic2eVEescbhaoQxp6L/ufBcGgYhbHtbDPSswfRBqDXWkgI095F5TMRHAJgkMxj4UYnzBbYop3jWOKwPUGEFGsKEYegZgEhBFmoRM+lC1GKzTVIiMjGbVy1pR4KHqOTL5w5BKjIZXhEj4789CM5CuMk344xAehhUi7jfwpCzZDXiCQjfhHWGF+xGGiNLBD0Wy5AEHQLUYbOGjLbqn7g80Dw4FE9H+bRgRCm+YojU+D8AKNDdqkxDzP0dckYzTESiFyUiML5oR1Sv9ukt1lZix3kMmJhayxwpREPjzOgkDxSgiF0KSP1DHM20RLQ0/AFMIvzjDSldbzcrofpN4kLI7oJUegiUPzIFf7dKlZXxECQ/lj1vY9YXr90pnL9O987GuUL3vIczyDMZk4IeZDrrH0P5vf5v1aSvviu67r2UwR4mH63WVMf8wg82xgSjwV3eMiX/bE3uCIQduGpjGxpX4MaSRd2/oQ0wSrEDqJdYiYp2MMPWxtU8dYZu3omEKceCuAlMwmvqEVBkf+5H7Lt09gYI1ujrmldKGYaBQ6UalUqv/++sEPfpB+6qVfANbW1j7wgQ8YKnuYq68m/SAz5hnPeMaDHvSgubf+8A//cH/2kH6N4W8k70XMlHzoQx/atWsXe+kb+i35a1/72uWXX37d6173Rje60dZPfZ60cIdf/vKXX/7yl6ePpx+ZL3zhC293u9vx+gc+8IGp8vSnf/qnJ5100utf//ob3/jGRqVSqVQq1c9QD37wg9MP9/vd735HH3303rdMP6bf9773pZ/mnMLDSr/bHHHEEccff/xcjM4xxxxz4IEHLvwHsrvf/e7vfe97ix/JQqVfD172spedddZZ/aycAam/2bHHHjudTp1zC3dyr3vda3V1tbw84YQT7na3u80BLiqVSqVSqVQqlUo1J/LmAP5SvCNrACqBuwBovCEeJ1RPBSmiYiVXwlKyjQSVg33v70Rc9JTSJwe5pHppqtSyp0a2Ryil11yHnSVO8soeZ7ClxsgV6tnirhTIeYfYSCn3piIlOQWkFbE1MTjkCZw3aPrhsPYc0bqAfCUGzi4P6+VquDIYLlf1MP0lkLb0XJbntBQ27BBagCkbARRy0ZTwi0I99FkNRg168MeM/4DpW6QIHBDFJQOTLVIbWmMmbbMx3ti5trp7vN6m9qMHhOddep9K8zX7TqRlLoWTQYQHU+wsbIZOSuEe7CKbE9tLPtr6d1LYIkumNRTEQX4MVA5nCqTUmLnSzWusnWNfZhow91ftOVqF7R9MMMSZYE4L+51kExRJbspTIgd42K68X8gKQ1YXIHBHpiByXdwKK4M9mY7C/ZDmdTd6UriXA1e9gn+mIYhukaI/7c3nttFMAvobfCRkhGxZBECJLpMvHJrDWAFFlliQi9cikWAjDynX5x3TLzRfmYAJ0li+mk3emK9dm60lALEa6gIemgzdgIy95W5x6fBl+HEUcNjJASnSUKAHEUbmEAPUpD9b6IKOyhwXaxMQ05fUlhrzdLxHcx4M1qnx318i25xgtzjsmJA9LthbiBdiNy+YzCLWhJuOEIkjWKOzyKEryrF5SH5G0GTq0sbYlfmZspI83Sgd2plwwA+5BDmfrrpBRR3lTLbDEYjHWjE1MTwCPaSkvKAJWnAPOSfIZ8d3kHQu5NsDJZuqY/1Mvpk6jtQqVyxxOybPTrnUF/yzVUG6ADryTeZotIScxKaJzTRMJ2htEtONMtgIVbpdxraKpm45UsdWALWB2qKhUo0/MbA5Mm+R78Oje0794asCouM5VgyLTGf5IiNZPJTE7MkyCEPtAlDoRKVSqf4H6FWvetXHP/7x/ppf+7VfM1df973vfTc3N3/3d39361upaNSvxHziE5+4+OKLt26WqjhveMMbtq6/6qqr/viP/5iXb37zm9/ylrf8yle+8slPfnJus+3bt7/gBS8wi/TYxz42Na+8POOMM1JpKi1ccsklT3rSk9q2TcWqZzzjGXe84x37n7r3ve/97Gc/+8UvfvEpp5zyT//0T0alUqlUKtXPUOnvsunH9P5vfwJpn5u95jWv2dNbKySzH+oTJwv1j//4j3t599hjj336059uVCqVSqVSqVQqlerqiArOsphKtVjqdTWyCVhY5liLHF+Ta7W5aszVb+hbYAB0bgpkYuCMlMSxiixf7M8byHPJ7yihC7PchXxRHmYcAvrFRmIa+qYgxbdBXC6osE5mCkAeJzFi2RQiVu2pmo+uClyCT9XtVE51flQPloejFV8v1dVyXQ/wTCIiHUCxGcKNYG3bk8eAI+cHSWPpcSf5dKAjTmyma3qSCjL0aqz5q/8xdnVsCr5AK43gbBPD6nhz59rq6sb6OKRiMBhM0sGMErRhcJz64ThSx1Glnn0GBHJw1Wz1P87hPr0ZYvvPdisYZG0s1fBcJk5V8jY0bGyRR5GzY2YgEqpMs5kKV9iFUSoBLtknRlpp+mXontBEI6CPRohNbmffgKf0c+Re4GkjPS2jSZyU9UIrdWND77pu0maMik/WUQ08UEOjJ/KIL5TKFZ8ewYbYUIUvCFzl+PzpFW/jQSKaOOTJlckjH8d+IdehKGti7iZCq2wxg4HiU9IDE/qmJGBcZr18YVCILst4kWxXwCibYYkyiUskT6SjR2JNstdZRqdGAAAQAElEQVQMoWnkz0EgUKCcGDC9q5ifM5mGfYxuIWhtghk6FU5cNhNBToquOh7TfpgTu5hIH+MyXyWWLTBcSwZBNB4mcxwxjwZwnk6bus2Zll4Gi4+pRRekSNk6FKNDUyb1uyfiBAN/KkMhVZIWkzEe2916pJMzcUJnmPEx6V6wEHM4WZ7aDM+A+CMVSyns2fLcu/8KA0VklCuTtkBSkI+d4SJnxByk60CT/XzYmIYaHOlKocOloWuROInT9GhM01i8ewIiJqGtwKTHAEwNtk4z3lA/sW2UwQ6zhFmRjxPwrHbidIJtI7bJyDUBYPdwAyqThcaXb5ScobWIoVGpVCrVL6yuc53rHHfccewb39f973//8XjMy0ccccSJJ554y1vecp97W1paSns78sgjy5rhcLiVOLn5zW9+4IEHPuMZz0jbl5Wj0ehrX/taP3An6U53utN0Ol1oKLJ79+5f/dVf5TJSVVVvetObvvOd76SV/W0OPvjgo48+eiu7nVamE7z97W/f3/Od73zn9EvtYYcdls73qU996vbt2x/wgAcs/C7yQx7ykI2NjX0WllQqlUqlUqlUKpVKpVKpVCqV6qeqUqaW4iX7CQhc4LovyWOJL+Yv4BszG8siX/LPhe4el8CODlL9lG1LPdtIrgOvX9CqLXDGnk5CjCPyh3NCAz/IYMNwoEbEenKUtIcKv34fHTgrfgmQiqfpnAfOLQ/qJe9HVTV01QBrzAW5kGPISVqhSajXGN0gOxUBRUwus5teXxmp7kLumK6v5rbMbITtyItUvJ8CtG1cn052rq/t3FzbbCYhVdldRwQ4NmNA6KTC8fQ1cTWdi0l3Gtm/ZE9GI3vobpj7SLZjseLGkGrCLWaoBDJo4A7qwya2Y3BmmlGaZmfQlMyX5IVydCYcWmQcTMxOKqVkv6VLMRpF4BHuqVK8N2T2gfLFtkRmbWYwckSTZZcaKdKTURDvJDIbxXEgqTR/ixP/kg/GnAWFOdm8JpLtCeIGXt7EOcqOJo5yX5wVysQwfZK7hD1RMpjS7ybIs0UmjOv8cyS+JfaGvoAssor6Ls0WPmGXeZ9s0EE9m/fI5jVMTCDPEUObhiG0gT1OhEBKC60BdJ7JF4QQJ7zAtBc6dIibEjFRZCJCxJSn6YBGPUD+S5nZsLJ/akbIUyJS/8Y8ziAhO4AzA+TGlUk0iVAC8jJpydAjONuSUQyiJx6JE7TmQOYlXUQeZwebmmDSmMsxY0TsuXyV9uYbyDorS5CpMZib0/KnIb6kNDy2rUzi7A0TyTGoYGI2u+5Q5BmWoHjgbHYionur41aR80j2s4LYI056CyCNpJ2gQQzSQk2Dg9k06X4D6blpXBtcbH2EgbE1PVfGDEJawGlMzkq4F7al8YTh8Wzk7jTIozB0IhwjsigUAeVyzzBT470HCUcSPxP2rWG+hx2N+Hp9+Qdfnz515PWuSc6CSqVS/c/R6tpGet6+bdmoVCqVSqVSqVQqlUqlUqlUKpVK9ZPTjy6+Ij0ff6+nGCoCVt5zFdpXjk0Pim2JyV98LzV66JAO/LSjKAxeNmIkYYs7hyspI7KKXDdsnytwPYCFDtfHTYo7h7RkK5/CLiYOsk8EN5icM9heATDvJbTIxQDiGRXZDFQBv7Ffp1Mm34dUP60DVNavjIYHjJa3DYcrdX3AYGmlHg7dYOA8BX1YI5EX6HHCLgeOmArPDASaJBiJ3JGv8UvJPrMX1CCqjlNdvZzlYr4m9Xo5cyROMGjDrk3HuzbXd66vr443UmHYAUad1IPaVTXgAFRVamx6uBoJFHRAwXpyqkvbzrbEFW+SvTdgbj1Vt2eYFZPhD64XN03ThgZjjWIrAAOX6QXqcDmYxrpZc5duSlAkTjfANtuZlHCWWSGEUII22NLGwKxhB+1HnBZkdnYIjmGMhKeZpLWUsBEAKN8shexSwX4T3bCICxA3EnGb1KLKS76U4ZQcxjic4BfIUBA+Yj0FNqEvEHBoDUIYHG9TslJwdme7IaJihN4wpuQ5RctGO1Y8cjIAQOcm5Ivxpn8pkt8Jcx85gojcevIsQfSCj4/vRzL+YFMM9NsBaMmFh0e+CaFFygQJIIZDIibZhBx9hXtMQ58+SSdla7Q08fmKQPsW503OgxE/DMMmGXxWUTgjungsUyORLE2AMnPQbga3EJ8ZTAjDeeTS5Y4XpeBC2GK2MElbBmJqGoutDGkzR/wZzVH0ZSLQBFvmCT3hpDFT7m08VTIHBGLYwZ49+drYckUVMA59VSDDKsJJ0XM0Ep5DqEyku1hmTUy+GvEilNuuLZhWuca6FpaP8H+zEBbzWdBl1MgcxjHEKKS2nU7wbtNidJWPrQuxsmZAbji1MQNjh+nuCba2gME6OTOLSCLEF424r0SXcTJHx2L/rOI80wF6prfUQ2wgX9BpD4HIRxxQjH+ze8qfVqlUKpVKpVKpVCqVSqVSqVQqlUqlUqlUPzMBFYGxCO4qrAhjNZMq3lgwhJkvwxuxS+CvskPPnSI/HL/JQSBUPpRSeP6mvRAPc4XRXLuVnc8SB92zMVLW7K/KLcLaP+MlIByDBFMYKeIGy1kWVDM3hk5SHFEiZZzQOUczqO1yPRhU1cDaoa+HVV1hzdnUVUVfv2fXBeuFp8F6s5U2WzaGAAlosWYWp7Bd0gkYs6gk3VPMmxYoA88hQBNh2k5XN9Z3baxtTCZtakPt0xmQt4n3FdM/rvJ17VOlnHwZPHEKiCXM5FHsD3FSGg99Y4ZMY5SVkb0HiAnBjJsQijkLHd+Xoe/oE04YQaODbi4VC5Ne2yCba9AoknUKH87kujkZaRRAw0mNmr08XOlLR1yG6zdDlosBh5Tf3dxxpX+6OU/ODcIJRGCUQVodQMJlYlWX+BmQZ0vGDk5CmGSZgqxo+hF94OhakTo9J8rwAgiPQ+SKADFiQ5I5LOq/3GtR3HhK7Eq5FLsJIDAUh9dA9t7JGzi0vKAJbdBIJk8AHGgKy2mjUCYBnU4IBjCmhdYIY5Cvdu6xDF1hfhdN1SQMq5G+tkzVxNiflNkapptpqHRmxPkYpEaMR9yE7jTIlhDMEPEukG5mntEgZFTYbgV9jrAjI7mbtESftNSP0bELB0dT1b72DqkhR4iEcd5Jf4EY22RXHiu2MtkHJyMUUe4weRXkyVq63pjuwjZCmYAMsLAgtDLyXax/fQrC0fWutMXy1O7dLvONKP9XkA5eT1sQEoVHJgeZNpBDzdSgx8kUiZMYXEDzl8rA0Nga74bocYIGJ5g+JJE6xAlBaQUdKJaIKM7ZKfd9uovSQJrsCtNnYqzYB4Ep92+8nVuC9QJd+uzKldkklUqlUqlUKpVKpVKpVCqVSqVSqVQqlUp1rUlKwdl8ov9Nc17obwzdBiW4Q9b0iAp2VuB3vckeDbb7hCx0FgilMXLsbqVdQGd0FhR5RQ+NkQwgBgJaI94BVMNEKgWzNtDNAPhsiDTA0jCFfMQ4rOrtw9G2wWC5rparwUo9GPnKg+3sJKis6iXsBDrcBmy2UsjVXLFksT1DjXx6DC0YYwqWYOf5GmdnytKRTmZqwmaY7txY27WxvrY5blJ7vE9l/Grg2YkBi+jOVmTOwIlJpWwvO4fco1jD5YgfCYkxhYWZ7e4CD/QoE3EokYq45H8wdMLdLcXk2ekhGU7dSiYomMCAWQrGzHAGBDTMiN8tnYvWIGYmP8jmruOUKJspEqmKsyGDY5OP3jzieYIV8oL9xGy1I2yH5U9zwgsPdCFyjAnEYKTFqo5lEktr8HM87OwiRKk3OJmiwB+WuS0CoHInsSMGmZXwWdkoWBZwfEvf9yQfEE1K6Ly5dk8cgHcuxNJHDATx2Mh55NPzRsxlcKM2BkxbobMCiV3BJ2Nyqk56JpMR9BVB7w3coewZaCLitUUNIIsLT9E5FaJILj3juae+dhwuJKRPzONBIAY4RjpoyJjvCYzCgGkZNxG3DyOwBk4tkG3w9GzwfAIRvAs0FYLDSB3CTZgssRifg6iWN9gu5xCJcdBZlkimUpmk1mQywvQmkfzpbabPyvVjZmc4+wURqCMXE4NyPN05WMcIeQE9Sw+5hgpoRNPC5QAtMYcxZoYukolkJK3JFLDLQuer0rahacO0TQu4OrYWw3RSz8U67TnEIZjaxBoBNzs0sORMFQ25YhF8B+RkQ7FLlju+u5OQR45cQ4gKcT+RFw83w3RdFPlJLkTGTRAqcxTnhJdQRVgdwWzOG5VKpVKpVCqVSqVSqVQqlUqlUqlUKpVKda2qRJ8YcYmwmXuIHFPBLzgmhckDqR3mujdTK7I7ru6nImOqBoIQLWamANqrz+Y4ja4KTq+c3drMflkd+hEMclSTS6kUqYMPrGcGNDjB08CACPwefog2pgVX2UycWDprTJ6JtfPDQb08GC5V9bZqlBaWq0GFriHeoyVFsNFRZAoVyCWfhJ0pbDb/4P5hgCDmky2sg2FMg97qnSRzATZ3ntAPRqCGSP4TFqYxrLfTXeP1K9ZWN6eTBivRnvwYMPtDXCOQj3F1PcRIHWwngw3sN1MwBykAu9yn803pGc3YXjk4dzkjO+RuQhXiNomBBIRB8gxBB4SqICZEHBj2JuhhOEDMifRRzPMJKBQpSpxOesOxwYkpFI7p+eVYji8SP4Wuw3OTmXZxiCtAZ8Ig7eCWFnYgz34qd+cDFSrDyOdtAU7IwAFRJOzMwAgOBaekbqiqMnmzaUpeYBQIW+YF+3Cd3UrH/UAZIGs6ykS4Ae456TJuq8vnDY4vIsG3upgsLNILPgX59Bk9AVvCgDB4CWv9kUNWsOtxucHUFbQ2QXgjxOI8EzKhRuBB8MSweWwCoiU2j3laWTHeBsweOSFn8MA+ZyJhXA4Nu42Z5jCEKZSTjHyDIS4BN7N8radP8UBhDBBTDzSGeKkFzqpBXxMfMUwHAl7yyGeZKl0ulfXkCESUCVsDWddNj849xnR3rz4f1b9/2Rn6B7rVZsFdrYeYgISBRb6Jxex0AjDvR5S9RHhWkwWLI+slusz5YotCDC0WXvvZWIWmLFvVTNvYNKFpU3957NNYERGV7oA1gAc7AFNTMpmPUKeVVlgi9ohBwoihE1dOHJxcb8JUydQld6PZbuCEKZms4iiT+j2KsQyGoRlPVjzO1xh2REPl7aJeValUKpVKpVKpVCqVSqVSqVQqlUqlUqlUP0tVVdUnQiSGwZgZN5Gc8JFrjDGbTJBPRA8j4PK4szlvJpMB8l6uzpbCf++wnYPKbLHUztRrgbGEkmLBkSB5Fwye8Bf4sXSN5WUq56ZCNCMB5DGBzgH84YClaif10NrXy4PB0nAwGgyXhsNRVXssP/sK3UTICYFK0UboHCq5dqCIGB/0TlkKwMZsOR/junp0zzfBFMYnez0YLJ2niq9ro9lsmp0bazvXV9fHG01qt6NaOXFCHGHjc1W/rrEgHMU+o0d4CGdiuyPOChatnrEPETOCyLwBEwJtDE3TsFsCKtmfCAAAEABJREFUbeUg+1l0p995nPSGMndE2X/eieGkHsr7gEi0Q26A/DnTwtJI2yFJPoNQLp+yM33mRGxDytBxOlJ+H6gu3/OvIHkrJf/AB6WCPV8vLUXs4OaR56ipBrMdDZBZE7xAMn4CnEtie70ikSGCKkXOnqHYmMzF2H6vGXnhpAd6lEnpr9xLbEDChAgyAeT2QptGwzFTRDu1huASHGEMS6LuT4OBySvsemLYngNPngYc98veOvgSQQ50okBci/0ouPuY48gXh2MHlnTIlogLhEXIpigw8sLeH8QZgAAVlqO/IgSKaGH0BK9otj9h3gx9TdjpxbhAiEnM2ErENCMruEkGtvwALyTMoHLSX856bmLHHXWztqNOtkIddusllR2PIM80231Ucr9SX9M1JdCJMYU2iWUY5VnuHUxvGYZ3yGlEFqwtIw9b25jv5oaPSJlDoW3a2DYRk7saaKIN0WPkU+qC1K24XEFE3ARMms9Mn1QmDbGpDHnYmHxwMouB1PfW5ntNFJSKI68EluJumOk1/vHClCANoli9BJoSNAUsp2khyIQTygm2skewRqVSqVQqlUqlUqlUKpVKpVKpVCqVSqVS/YyUKniSSkFFTuB0gy6vBp9thhUsx3VIMdsxVWGMvGlyYZuDPfIKY2bZi37luVvZa1Jn82BMDqCBspfy3f/Cnci3+pkAwGp5y/VnCK1k61DNnD/DVh1si5Aq+t66tF2qvg+Ho+XBaFANBlU1rOthPRj6Gr/n7ySCxVvTr3HaUn6G+fIz+0sUSCev7HxZ8hnZ/hmWzxpLpfNsddBgkEtYbya7x+u719c2xuPobOVrNDepqrqq8RUZNSAVQeIisAAyM0zOfI3WLiiTl6AYw3BPjFFwkJxrg84IZHgRsvMF+l0Qi0T5KlgadhL74YQIkWQdkyM+pE3Qy1KScBsD7LGDO20DMidBhs1lbQkzMVTv7q8wkrwBwAE6eeqWOBqiEEw/4gmkVl+yR8wMblMGDbDyzj2DfYLtxMa2xJvgKvKd8FUFsyX2zH+UJrpiWyHv2zwb8tGYJpHZD3NwSY7sET7Jy2yMpaE2cwr5FARnQf+PPHX5fDgnqZXUIsOD2ga5nvAc6WQD23AQ90WOJrUlryQMd8I15BNioPKcT0OkFrNHMtcszWqbT5bCViATLJHBEUrDYbObPMgt+wflMBhKpAHqEVpjCVVhyxOLdEKkgKKAQS94si2+j50NVWqcRdDEO+MrtDapPabFEBzDXWG6/u+sZjp1CN0CaGuxyJ3GFlSlRGbJPDfEWvDd1zBtxgCKydwas2yZraJRJWbIWNsHsGw3uRzdhGL/8s5uInx54W0RcZe2DZNJbJq0bEPwAdJFU4PxMXoapypCDTAw6dnWxqbxTlO/wruh3Pwz58JTF0kQKzQilJk72xnGzTEnzG8JG8TUEUcNBRpuzrainzeOLV28oz3DghuaSqVSqVQqlUqlUqlUKpVKpVKpVCqVSqX6mauAEwVzgA46EXcKmKMTbDZYwLe4EsirGS/ITgv9imdvD9btpSUzK6wUz3sfEQDCiA2F5Sq0hG1g8ZzdTdIjlZrR6EAwAkIBEIcBqmgCgjSearepom4rP6qqQeUHPj3qgavqqko1dE9hL5bMFphCMD2ahsu49FX83pf4jclASedHAfMRGcRCYOsF8XG2q59yfA1TDW2qwzq/Ph3v2ljfub62Nh5PUr3YInAyqAfIxiB0IjwMQycVwg6Wcn8wQySHtUSzf4KZLckDI0ojA7EmBm1IAi9n5EI2YK7BEYXgTPa+kO7K7je9Q2WGIkMntAbhBjwEJrgEELsLk6di3tvMfOB3xR/EWTY78T2wKRtYOCF9bLGTkB1lJEWiPgpzJZt3nSOEk2X2Aov2bRPayAkuMaCThjEDXw0Gg2pryd2yT0XmjMpsEtcV0x2LZ0bvg9gNHW5CZ+5sR2+UT9pia0I4iJxFXs++PtwD5AQUscJvCDHhsUTQB0c0rZJkE94FfcpjforBKwPIzgb3hmPtLUMnhrgTQ9EnEv9C7i6WU4cIbbFsRUSMQRpgGyU/hRkbS/lMlvCRPBz4juNLOPK1g3EuBGgUgxMLbbrWHe1N6BPsIDQ1QT6C4l9SU2rK06k8B9Ng2ysvZkm248K2jMbVU3/Uyw7lXPhWZfiuETPtI7OKMZStO2SgTDxp8mUAnItk83Shm0jfNshYO+svwrcUucHHNmCYznQap40JrQvRR8zTqSDd9dDaBF2TABGT2tiBtbWBOg09JukYGm4XLZQpJ/f7EtAkSJTtQTZ77k/oYK6It22mYtLcQDMaX3kHOPqc1UTnhAOK40s3e6NSqVQqlUqlUqlUKpVKpVKpVCqVSqVSqa5VcX4Bp5lwZEHvu/7Wsn+C7crjVMd2YvORAzMsl/Plu+9+1s5CZJ0UjGdrkH3vkHlRcdqWhjKmAMxASNgI8FtImWDxvMUHNOmELC60VGbH+mcqUaaCNFVtMfOBPCZSQRozd7xxA+uxFm3ssKqGvhpUVYU8Cn6lvhLrDmspkyfDDtBzKMnNMFthGjt7jt0pcvWUP257UEqBc9JgBIPIzEY7uWp9defq6vp4PA5teh+5krrGBwZNoCNBJYYilLCDbIKbtwCArQOyqF7ba2wplBebE2YSynJ2RMn1eaqME3HiyY3E0R/OdDyK7NBkyMOKYw1zBUwRoLkG2ajgoCIo4L0kaVA/c93d2+zrIJYLhvJqLM9Om88tvxA54yJIUlS0GagA6HnnUNsydZWdJQxxDdLY0p9MbZDdS4joqoFYTmrBsPJLw8EQHXP6/SpXVfHOKHEr4kfCJj55BKD3GdPDSPJZdTvtSJzsTmOpu103ipmbyRSORBoxl9W2DWarxBb/F5iInmh+O8+z37HRBN8AiDHjZxpvoSHQNQiTdEwJ3DFEnDg2y+GkJINjwM4ehvgSzMcRGgk41kaIEwABvaIMihAZYLLxksG4HObN8Fq3trHk4IEfd5QQg6YmrvZ0RVikFmqfGoKQjM/3Lw4c4u6LMMPv7EsLLus9bNi7Ujq6j8OEyDgogydsxzSz72xu4sqttgNP+hRX8b2Rlw7Y1KS7QvFmZynHiG7eaYgnDTSNC+leCVXq7gh1jLWJFdhhupEwIwXImmTohK62AJwS5ZjH43s+8L0fJKxJcBfi9Yw1vWuN7ZP6VJecOucrZZujNB0ZX6vSnRkoKgz9dNJNMeJ92yIxOG3iVKETlUqlUqlUKpVKpVKpVCqVSqVSqVQqleraFiemRPmCfeSaey6Dc4hBLnYyXIJVPi79M20iS46rnp2zxRbZUvgutEZXK1+wOb0lHAAts82GFUMAsOJXgbV/TNJhm5NUhyTuxFINE+0OpPSJJ4bmG4IuYH07lbfT81JVrwyGS74aVfVyNViiYB0sVqcyp+Wyeqq9kq0AmOwfEHMje3wNgOmnXchJyFn3UjX6Zwn9Eiyns1hyyGipSNyA2bW5vmt9fX28OW2xJJ2aUfsqNQ/jZAADRDBPx4AU/022peEkDaI9cku6A0NOlaHcDzvT3GwcUlgTrgmjpUfTpGdO2+Gx4A9x3V5IAyfEScXoiXMyarawHF1vMG2S7XX69XhysiF527NCIaaAV5ouwIhdNYwwLwxdZIMW6VapdxdHGbB9H4986MgOOjn0hLuAo4GYfuIdEW8SKA+ERswEgknSTDO1s4OqHqUpVKUpVOY5SDSOLRcAmwSZHvgiAxAlgsjaDjrJAIqMTTbDKLhJGS3OT6HnSJYmtlftBynxB2x627TTZjptG7l6QsOYjy3pOdyfhsaT6BGCTrg3XJp/lSNkgz1NsDm+1yomEahXIj+AISWKdaGXURAEkAGmLgqCrXG6jMwOHi0jfYdhOpG5NwSNWhMbDNQCdDhylNKSVnuTLmFL6TnUVp+uEsNUFIbDWOh1IHS2TsWbZj9Qho5V2ec7fSsPjF/KmEXI3EkUc498o6Uh4DtplMwibp9juG/+7iprLMy2H/csoBdlYDHCE9N9JB152pq2ReIkBAexCsHHOAQzcjRzQ6iJyvNEn9QUUuUJCnKV5QydyDdUnoGChRVgLoffzNkmcU9QNhC7rsTC2YCLxnK+G22C4Ue+qjmiKQ2goaikNBFaIg/TIVeb6XpojEqlUqlUKpVKpVKpVCqVSqVSqVQqlUqlulYVZ8xHqKaMDEPnwEArJYTElC/eS56OFJjZ0iDjDbzZQtuPmQWbq/K9b/j3JEwAm1NE+tI+V2ypBM8lW6rhIl8CZHMSGoAmLTiDIQ3OcNgGFmMdkzJSX/apLh1bGLpqqaq2DYYHLi1tH4zSY7keDKyvra/wm/yGoRosuDuO/Ih8gq7niCA8gum4Dm8tmD0auvSoEynx8z6j0BBkcGKgadtp265PJzs3NtbH40nTpvP0GJ9Tp/9TEb3CpVRT95wa02MQtryY71cSOWs4ckQo6AIDISYHerRtyzE6GLqSl0HKwsZ0uR+WlwlBoNQSz4ErXJ12pQieTz97qEiqCg1z5NSRCGJGkvuXQAknVXVb5p8xxbcmOsv2OybTRSa/y62UqA9J++gFjohRDjriCNFi5L/MgGDeC4bGmCgQlPQAebG00MbYOBrttE0aj1FdjXw98h6hk16fx86tBPYENMSFLwk+kaiZ/vUlpE/5L19OgPYTxAvQUIKRtkaO0SHyIKSLp5kSb4LOOSAGFER/AM11x8lIZDXB1APZg3gKdKE/iElzto9AcOpQMB3AYyR3SVgTYKqAvEwYH+L7C48fElSZW5CLwTjy0iCUxNiARJZpLeXp4IHwroEv8XL2mA3jkUeqEI5ATiFdGsYTKoML1mQzDiPck4w1N53n2dXzzdivreVi4ekFQvixzQlRcjLbEILi8eNrlz2CyH6JDXyiY/pELldmjDpLG8izWgJ6iPkg+oisg9oGsSK05MEHtGBD69rWxuBiqGL0MQyMGXk7tFClHsXMLuvJyiTdCisC9BC+swQl5jnHPyLAdhOVG0O0E1kk9fsokz4mE0XMlmUWLQa5J5ArzaDy6e7mfe+zOGeCd8HaSdtsTNpd4421dmpUKpVKpVKpVCqVSqVSqVQqlUqlUqlUKtW1K5h7kWqAPoMQlsM8oONELH/hvvPP4EQMMpowRgJxrJ3FLGTTvcjO2AKgYv/TnMbB3hDic4J/tlRRBYQ0Ukk3tACNDVNK1QmEPOCX8R25m0h1nKqh9CV95yGO6np7vXTQ8sqBg+Vtg+FKPRi5euiqASZxcCaHoawgIPqE2AcuEPc8KOzMmXESTGYcFp+p6Rts5DOUQi3iM9amM9lsp+PpdH062djcmBAg4Af1YDDw6ERQo9mJR68Jz34czAgwAGSEGTJ76e65VpvipWFyhBFWxcnaJD2FnP4x0+w+a2KLE44tL8tpZv8DyvvgJU5ksZAJGDINgS5mJ9MG1EwCWNjrAUw+N1xFATA2jytyRXxQ2yu+m248yomir0+GT+D6HJgAABAASURBVLjWHyXYQ2rbcpZWGh3aKGsywgGRZ16kiBEshqdB2TaslwajoXUDnxYG1cKZb2G+30vOTncVSApP9jyRc+Y4nR7lZCTliukd7lOiPTLawJEtIbSBkaGQBtTIytZkUEBcTBgzsZQ8k0czDWVlZXQdMk8FMoKMpElPcswNdhYRTZEHMuLllgkSHKRI40omGTKYFXU4IwjCqIgJjBMzGkJiMEPHQrCmdekZ0ZZI9yb0l/HepmsBfU3IaKdyILQYvmR+DgrgVvxjZIZC52LjBMCZ0VayJF/Cc1fQFmJFZjNkyx25qmjmRGZQeM4xBNYBVanfvQB9vbEoS137QZonM1lMoKgvWw4hw9siRic1IbbTNAtMG9PdBQkSiGJwkp4xQ8fWzgytHViiTAh0cQLrpZeYvsM/CsR7BtkjP9MhxpjefV9Md7q+EOoqE0jZ84XzdExnPeORsEnjiVQdWAnfQRLKuSa2DcAYwmoz3T3Z3DXe3FDoRKVSqVQqlUqlUqlUKpVKpVKpVCqVSqW61pVzTGQ5V79tcTExnXsGPmE91JkOOskfFp8Mk9/asw1AqZh3ZVpGHkBsU8ysDUHOIaEUDQ6jCFzBBSxxY2AEfk0+thazdRobg7WBnA2i4/yOHMxhs0UEFlK9X/b19tHS9sHS9mqw7GqGTtBIBIvtiJvQ6UD2pwCb6+EZYrCl1Jz9ObjqKgeaOektviP0EQuSNYO7QYjGmiaGaQybbbPejNcnk3EzTe+jxUlFoIlzNbmbiI8IZYU4ij/pda7dw1AXr5FCjQjHwKQQAz0szNNpkVYA6QDoMmh6J1XoBFfsL2hBBrccsdTKwZTieEE98kwgMwxKP+LtOTEHC9yEKDDQY9EVJtLMA26Cy6CT7Sc2dVO6N48Y3MBiOltyoBsHe5dwe8qFwCPJNXFDeT/9TgjpPyRjIk+vyrjlulr2fsmlqn1aHiwPlzqnk24iQGZHDMgFk/vf5NCXDGOwnUW+BO2CaSTYhOAUQtqkT6bzoXGL6SmSIxBiJ4GNQohsguwnQxPLE1aCuAl66KSXEY1q8vWf7wKGvDcyaEJRRXKhcowOJ3UhLcQ2JBSdI4xCLN4xka8ZCrris2gFtkEeJXacklgwEY+EvFm6oIkl4y7H3BfrHRAoY4hQsB4DYBydjfBTlu2KTKGOehY2PXBHOtOUd+ZuXjNQmdmbOsZC5jQlReXXkU1HQpS5F4VyKgFURqazKwCKKTfiEkM034geDgY2cyycNBYxSim0aTakq9mE1rbRBvARHy5CBTDAVCSorBlUroa0xqaVCLOld8nZiaETZE6AUnE6XyxbApX6518uHLkkbY8ipNmUnV4sJ1NFYbwEN6E5xrPR4RZWHGDSjX9qwxjiejNZm05X052xbTbjtJn3B1KpVCqVSqVSqVQqlUqlUqlUKpVKpVKpVNeCel9HNwUf4XckvcEWCsUa2zf4yOjFbKwL1UBd2XvZF2QsRQ4Hcb4ZwPkuVISFLoqFwAz+gnyq27aECbSplI6+CjHVL5k4CWyG4A0+O24X4gX4nX0+IJMVqShdO18bpDeGzo+sHRg3tG4IjoJ1MNKC43iYw8itpUo4KspZSEXZiTFMxxL0OkTEETNzZiHUQP4U21WAmYZmYzrZaKar483N6XhzOk2NpqwJ7x1CJ5XPgAfhHeQZ4nmPYksDsMVOgwc3W0kIkpFTb6yEq3CNv0U7jKYfpsNWA7xnro9z9IfrSSrm4jASy+l37QCJNaGYEdPBG5K0YTiJhzpVJlc2eMAPU9QI9y7uhjCJvFt0tGBCpW9nMusyUkwhoGcNwSPC9hOGc3N4HGwPKYritZDbycxFlV1FKmuHlRvVfmU4Wqnq5Xo4wuelYT2ourOXdltbQnO6cRHKhUZAGA8ngUcmv2Vth01k7sQyDSV0D1qMhBiytQnGIQFGIqWzakKbTSVADHEsJyA5Qkys55ik1K0cSkMBW9Y7OSIhPXm6El8SCQSB7AVDL2nSka8Je5ZI5orLcViF+YBso0TdE+V+wIE7UTK1yMKEhj0dIhjTOMJN0ktf2QqzcpC78thwNGbxfGOiyeJ8BmMkCSb3Y8ZNCpuVe8/aPC0yS7YPtATMVqirb3MiE4Y6Sa55mULs78GgHAeGQdkjjjuOCYMXhtxnnJFr0yw6ZJ5AZUWg2UWHiGnQG5wC6WFaDFayCJoYD6YGIU4qY9JNMHVnbWCA0yCtgXQvqYFJHhl4Jze+nEvUuw5mG2PzdWXonhitGPHMNJMvsVjuRnQbwnsYukt577ztPFEkfit11BTiznaymu6M0/Fa22yEtrGxxRmyNcVNpVKpVCqVSqVSqVQqlUqlUqlUKpVKpVJdO5LKtunZlpTElowAsNOBdTNuCzPmC/l5a9kWtiwsFOSMFSIB2FqEv7ofySkgldFbcm9AdxNcxqooJkWQfUCgBI6INWrLxUyiGbioC1z/dqlgXbsKY3QqP/TVyNcIClSD9DysarI5cRXV+jtEgaNvqAIfoZxIZmL2fkozp9b5u+SwGYI+0E7AptZPptP1zc21CT6maFdgqsGw8jWjHal1lfdk/IHpIdnoJJtzmAKygLV7LFIvWE2gAtfKm9BMp9MWDU7IU0TsGDq3C5szQNgXw6G5BEUsSR3aASw4EvtbcN/1PFOghy1JcZ0NU8RUozASQiyxZ0ohA+RMkZiI0WfDELFXkYAPwWUspSL1D2+MOLsAR/vQaHBMlO2q5yyx3TDZjIRbUFk3rOzycLBtNDhguLxtOFqphyNf1b72qZpfKu6u1+JMbhBokYmq4hVEZ9555NBqpl1c6UfekRiHgCTSpCujCaEhVigDDjBF6ETW5MFO44bcEj/S+NXEn3gyl0kfSittpGwqwIApwCgqIQpihmc4mCddR3RJmpCuQ8IIkAIxZGFiGRYQoiqiFU92cUktJSuX9HG8AJCwIVTKmsCmJkSfEG8AfOi0pqlMqCksp64sWhF5yZNCREw4OIAeFQHQMW5Wrn1x4HAdH9ddM737lp0lSMxsTIzdw3Vkt7ykqW6ZOKGul77IxEksuBkbzTi6lpg7kWlui4NPuaQ7aA/yPsuM50sM/w8xPWLTxmYKobUhegwrwo6voxlEfFmlh7W1hcrYNFPTWNY2rcG0o3QwvMcwjkOmM04MRwoZRTY2ncuIM4VF4RsQ3rior2y5OVo+fVvIQrny0eDEVpSnY9G+hq7lyPgRpilZO42wFpod4/Xd48lmmKbp1yDS4ij6TKETlUqlUqlUKpVKpVKpVCqVSqVSqVQqlepaltT3sR7LeRlUyJOVsoXp0h5KZV/KtNnXJGd99NNM5g80+9J0oSe2q6LnPZCrBr1ktiMSX5Lq0ukZYzYsNJhFE6kuHZk4QYMTk6qU9P34DlzgiBImBrC9SCekavvQ1iNfLVeD5Xq0MhwtDUajqkY3Ecx5kNK0xf2ypwT7TVBjbCn6ztM2e+5k24EOGT4p4RlkToD2LG2M65PxxnSSnjcnjal8NagHgyEW8kmVJ48HLFP73PNYozdS7e0PRV+RfR9MRiaKXwYXjpEdQMWATcBcnbTsnJv1ZUExdFLVNadhkFFGOQ2OW1nEu4jtRCcjBfO0tzDTjexWUcAWMjUxXNWmjgIeTtoWOpwDfRlKYo2wGjH25yGI50SEnC6UW5IfGV4gXxwCboxgEhYNIMjQg8wpHBuFpLZ5tx2Jk6Xtg8GBS8tpFg3TEGG9HhmNKg2SzO4QM1YjrIhlaxOCesh7x1FIUtd1FALFvemBD0zXoXOWXVkCIOyB/FUITYOOFgFspAwd9g+hrgQu6iPjgSYgiGng3EkziVATjGsStAwYfYrYMLzIY25KOnIg+xlye8GFbE9Clx2udIF6HyicSOx/GPWINtuh0MoYmZKKmJ2SLkSbU6vwgm6NTdcAHw7oIODxhNNlYNKVOqwZyDCEO6HBScZKxMKkBztlTyZbBr9bnnVXyrDEHCk1M4MhJ+BsmdS221qQNsJNOEOHPkrDhwAX0nKhJZrCgoBcBTbC244jjxa5GWbciqco29AYKO4++YPOyEQHSy0kpKVpYtOaNDBNgGlr29aFWFmoravTXgLUwRC0Yyq2NgHwESdrTaFTnrEvyXcCRqIEE+EwJeFFYkFxbK/vyMZILq1IjZbAq8ifJkMhYss44ilNRCLpcB5CG+gejbfDxpiJiRNjxjGsTce7m/GO8UZDwCFOCWKOiMxR6ESlUqlUKpVKpVKpVCqVSqVSqVQqlUqlupZlserI9Vup30UQnxOqfFLp07hc9/flc2J8wtVt8maA/MZC6gS/5V6+py/mKZ7tL9hEhA0dAPJ3+IGSKLCCz1+tByo5To1pUvWW8iLQZYEakcrUDVZHHVXzQb6TT8eRkyoxFml3A+dHxq+46oBquGQrtKaoaj+obar8RirwOuoEh+3xHCiD/0eJx2FrhpIXIfkhqcDqOqSCfBsKmMPhJr2WCH6S6quBaJ8JxLXNydpkY9d4vDGZTppUfk2F2LpGawdvuSxdkQkLUxlYH7aOntksIXb8RHryWIO2BDMwpCCZOhSpQ9wGIFOB4EIIqUY9bRosiKPLAMI+qbCL3icmT4jiKYL5F97XviqROux+UWr6GflAIqFk8aT3Qyz2BeLHgEYX2GGuROVY5jkk2IjHgWJsxCgj2hJh5MSPIuM/wE4dUvSnKCbmCQLHvxAJYXncGGiKPE94zuEpEsVTms+kC/ch2b2EWNMkdERx1KlUXtfbhsPtS6OV4XC58qOqHoDF6BIZEqzps2+GEcMga4sbhBxEUmzkdHueGyZzD5x95KmngMirwABDi/4iRDJglA6bmWSyiRrNR0QTE3QgwddeoBP0OJG3MlgEggrIFcrEiYQO4ZxAbsJQUlXhlniio6+QJOkYxgmsIBjUDTIvbZ7zhQJBqoFieqAxaIuB/IqX/kZ2BUNzvKkoPafytuZsKZ9nWoYi+oCb3Qf5ZfaMhvW9TMw8gWL3sF46oniO2N42BNwIYoY9GXCcYs9ypuwZAaZqQDxNdwIUrePyjYVvMeIUkr2XIENnMqEpUicggzRB6AS5pza6ENMApBt8bcyAHjVGi1miqJAIcZgUZQhAMZ5ulpSpYzJzCAUj6jpbqEO8bKDcA2m92O707nFBPgB8bzRy8zTsVJL+Sze1dKoYkmbwnFv6KREGbtyGVczTma6FdqOZbJJnS8D7uRd/J4H+9jnmKpVKpVKpVCqVSqVSqVQqlUqlUqlUKpXqpy2bvUtshkHIUQE5Ek9pH2J1YqwrTgzF34Jfwn4dxnYbQldhJyqCmQwQV4HAziX8dfmGPAPwi/sQJwDTtAZdEZBgiA65BUQLLJU3U2HT03k4NjsxmYuRA2GFt6JIjoH1S65e9oOVwXC5HgwosMOTpYDYbDjeAxMEMHuS8o6ZLUNzOkuvfs1V9uLAUBagEDARmQw/MXFjPNm1sbq6ub7RtE3bGuuHg8rj9//Z/qLFnsn2AAAQAElEQVSEzOTKMBM1YDLjAjDjcwKGfDq6BAzLQRcgVXu2AgFoQ4silxN0z0D8grNmmJxwsj3bkpA7hqf6OJRunRnfPLq9zqLdkm9Nl0skwSsdKULPqQbt8yxkVkgsd8SjhT/SDSdIBVs6t8M1qCAeyZDDSb5JDjnBc4k0eYBNFVyGIQBkb3luEy2QiuO0HsM8OPoGDU78ASvLS6OlldFoZTBYqqva2grbBkZMLHAnFbk85JlHoAyUkr0wNUQO9a4lCzM+NZHmMTl/kLtJbNODWJOAwxWDZE4JU1MZZnycLf4lyBOQh4YnbIOwEmHEGLARRxccHeg5GomvCWEnBlkGPCm6JrkTQOY6OZUwA8TnxjEsbCiDe4wyeBYpJ+EwXFqJMTpoWmQnNga2REl7qdGGBVNWau/q2nhnKwk8spbth2yeXltpg/2gTooAFq3LF2ZnmVIAii1v5Q+ZPInFoylzIUQ7BfpIGqg2XdYAwWQIq7upElNWsoDKYcVsB5jqYsTEmMJaAXMnhpN6YttijFLT4KEmjQkBezmAj2hNVRv0OCHuBGoDA0K0EEIygJ5OBMfVGTRJxyTfHW4SZO8VGtR8Edq+2ZDpMUVGHHkKehKki9j3RBgqvisiP0L/EelFET4Gk5vw4c06hCs2N3eONzeaZgrpDhUtGfUQmsNXCeQfWiqVSqVSqVQqlUqlUqlUKpVKpVKpVCqV6tqWZJk4ritSsgfV2R07TdjuC+5bcJMfR1KXNrlWm60V6Bv7LZtuYM3bpv/R4wSgwUfAYB0XY6rIOkYHInAbnUMGhYkINJEQZwwpRlMyja9dNfJ+qaqXh6NRPRgNhul5iF+4Jwwge6Sw80SHCcwWm2FRJIdYq0gGRcFxMniQy9dd7AvWkiGVisehXd1YX9/YGKeycYtxM3Vds68JfdAxJ2AZJSAzGCnwA2QHla4p7Lxiey8ZWolQOJnIQTOBonSQOcE2McEQS5CIhBHl2Jy0h5pku+ibgg3Z2d4QwxCGVwL5O1AFmwKcMpSDcwsy+UC+JIhLGAE7TC5OF+uMro8FPZHSfgn3KOADWS7kI9LZevLbiLku7tggIkZXvCKoAwVqyPwTsxcxzTdIZXBXOzeoq2FVD+rBAQds3zZarn019HaANfrgpdlQbCkqZ/puDMBnaDq2xRjbuQOx+MNiqINYCV4AyHwYMspo28jDZCjlJgrbUVARCp9hwIXgE0ph8phhwsySM8WfhsxjIkjXIhkhF7YDmcTEnVh+dlF8NfjzLjKPY4s5EpnvOOp4ZsWIMkDvIcZ7cIidGOmklQ45sWg9PleWiBPCMQbeVd7V3qbnCiEkmibWxIwulPQmaxdgI/vUDDjWXSJGMq+k38tsY6pJMnjyxZN9PSz5vqCVEJ0qMSJIMxl2HOEbGe0lDVyTbX8IlXI5vMZI3BBeGgJlgWXbKDpcdnbp0S6MTdEKnBlIIrWhaWMTAFN1om+CDZibk26Rad57A0ODDjw1eu/YCmKNgIfzNGQWHX6Ar0wmUZDjs5ENhoCwPjks+64UECX/BMi9hg1leyUZejaxstkNRSA1uatauhuTH0zAqUW2LlMDTeU2Y7veNDsnm1eN19enk8hpTh7hI8DJyXdURiCNuSaTQKVSqVQqlUqlUqlUKpVKpVKpVCqVSqVS/SRlixsIlcezhwYmb5gu8KEEnhSWYlYwx2QsoFKAqq7Wdt9OJ/oCuLhJLgBissGla0wQaVtnWzBNKolDnIbYmNigMYIJCJogPWCdeAGgPIgxBmag5Ip+sZCobDVw1dDXK/Vw+2Bp+2h5qR5gKkqNxImj6CAnfii9U9xS2cxl1g6zyASGyX4tUofN2+fUEvaGQP4DTRGiiZOmmbTt5ni8e3NtfTqNhg0rvPWOOQjvPRX6KXOGSCBiDDjkxEk13Cyov/er61ymFdCCqB5MiwHEGBqkXNDFglYyccLtZ+CDAZQ0F3zlfV2jywlxETkTpis+x94BuwbwoUpbkZWwZHDCZyX2Ci4bf5CnCAEuprN7gN7+wJpskQIZmLCxm3UEN4CYjoDJXhyGuxwKNABit1LikBwPO/JKGZoAMq1o02RLFfxh5VaGg23LyytLy3U1WB6NRoNhKpmjuQ6ee+BMJyQQnJBOlXO2775CJxm7ThK+iUJ75AzosDwSQcYjjRKiBIaMTmJgGoeK+xR3RHlXec7S1ct7dDRoBJ1wR/dQquJYYWKePdTNVmAkyB3KZhrOSffGHpBjTCFOysbF/iSQURHtHPcV0T2Dhs6aNjjsMORO0GfDsBOLI0Is9VdNtEyFBhiEsViTm46xQqZvQQJmq7HJ1UUQZm5bePK3vekNnnDf2735w1/43Fe+R9gdJ485jrB5/XMedvC20f/5hw9/9b8upC53ltNeqDkh8m2LnGfIiWb7tqU73/JG02Z65ie/Sn3s+ENiX4R0CxImadf3vdsJT3zAXd7x0S+98yOfx1MtVjWlcZ7ubGR4g82mWCW+itNFjFFLqWeb4Frj0wyMUEF6GFxIc9ene1+GThA3Cd7ylWZy6y2xJmI9RKBJFNYlzxcaWeh3lkM/od7tsbO3yZdXWTYdKmTYT8eJWRJkf6Y0sycxbkyb1XZy1WS8OtncTPcmY5hCI1sW0wVkGbmJGHU6UalUKpVKpVKpVCqVSqVSqVQqlUqlUqmudVlOIzGUbVKiPiiOxYjlScncKEknvWoo72S/D2X6tUt+KZYWEutClfZU7Ce/gCYajNQheqGxcWqxmp3q1tGRX4XHgj2VY7nwjtV2RE+yX4URSoNqlKnkWls3dNVyNdw2Gm0fLS3Vw0FVYYlbQi5MgR3sbJ4GkRYFDVhAnMwrd8vsyRajAEwsaSGuNZPNyWQynWy2aGJhsNTOGTr8Tf5Ue69yAdqxV0cpRlvTsxAwZp77YbBAbC3E2wRtO7BY3bahJUOGMG2aVB2XKA0wxTtA0kyyw4pH6KRi8xWGMUzmKLhY3y+Pc8wIAg3kn2K54kwN8hTbwdtWhGRQyoeQKC7vTkCK7DERsYWmcx9Jz1EYlt44C3viCjSTDUwwakfSdSATOpbL6myTwoCNzZRNtNxXAUyoUvMqN6qGy2nCLI22LS8vD5ewNzCyhgKe8NzJ2QWYqsijnIr+znYznv+0ZbbgGcilVgYOySs0n2kCESd8LeBwEXTCV4dznM8CnIDFsBUPFTJKrjscXglCOEAxykBwhVN7yPUkR7VgehUfI0Y2W8m3AYIQhL+JOTjI5glt8/UgWAKyN7h/Rzs0aK2CE83Z4DgkyLQUDoXcSWpaxXyJpznPwTplVgvgBhHEAEb8c35ykMF8wg4iQQ+5xy3uerMbfvL/fecz53wLZwNGSVVIZMR40+OOuOPxRzVt+Na3LwjTCV0cFdp1OPHdEVyIbIOQOgnh4O0Hn/7Mh1502VUf/vgXEAFCZAun6PZtK3/zjIf98LIr/+K176VwG3vwyuj4o4847ICl2Eyxx71/4u/c+3bH3/CFb/3QBRddTrlCaA0ibiM8LabTNFcAg3XoMgvRtbYO4Om2iO4mGASF8F3tcDmdREVUV8U5RRg9ZQprwj41dL934hRE8yWPdK+beh1me3FDMfMpZHbDjJuFHAMkbkYFPSFDHZqoyL0EY6cxjkO4cmPt8s3VzXR6qTmYLmazu43je5IxOcaoPxNVKpVKpVKpVCqVSqVSqVQqlUqlUqlUKtW1J3bRoNK1yyVB8bEofgxUe6bSaoEyuuet1MniSiDzCrwM5LEQQaxUQPiAVHOnYAoK0DGxtdAaM7WYqtO62AKQxwkENEmgmil9UT8yoCElaWskmYU5B/k2Pb7jwVZgB8aPfDWq6lFVLdVo3uG4CkplY+4Ey3YZGa+Zo0xmFvfWs3OvJXciYCoG1o0nEDba6dpkczydtm0I1rjigpAK8A4fqa7NI5JjT6S72O9CrD22tEYazD2d7TzSEdNB2tDgUwgRnRmgwdwPsJyNwvYwzOiQ5wEamxB3gr43LrubpN4JwOeDwIgcpRw3MpxDVh14WIZoMEAEMlwipgVc45b557IDCvQ4HoIrUvswpaQX9GHYTMT1zluq5DnaxtLh8plDSUQhNICNGGLPLMVkiwaTc2rQrcJC9MaN6vqA5ZVty0vbhsPRYFin+QKhJhaGmSxOVpFont5YVKbn0iLUks0WFzKM6FhB2SwELFAWEeUdoQtNGddIZijl+rHMCQBgCI33TmaNi9QgJENcLGyLuPYwJwQxcwKuRDwRJuKyI4WX0BLeHDvftuIFY7O1CTbVEcoS+BSMwEoRDU4iefjY4G1LEE4auoDmROitAQSXIPWADccYHXT1iXjRpZnkvKBP/VGlQCIaOy8MSp7jZqv2DSH09543JogBmZrty4Nfv82NNyfNv5z52diOkSviIaOUqMf++m3Sxt/8wcVHX2ebMSt0VaZz8JAuUTBX7V770aU7+bojm5OYrrLzv3PB9y/eccz1Dr3B9Q764Y+uMOnm47Dltbd3v+Vx51+0jSKU2FwHpwTZ2kzSAUNwxx99+N1ucdxKbcN0jNfgoE63RYRG0gC36G7STCbY3+nj6ZFmajRVgDqamnCT2saa7pI1eanUSMfgS6L76H++GlP/4ktEVWR8cRyjc9Cj2eiypuQg07k6CZoF4pcDNA0I8CILId7aSQ5OvjZpFkVqQrq7pGsMoTdjxrG5cn11x+b6atuM050+7ar2hOM4vhtnLFHu9CARUPt3I1apVCqVSqVSqVQqlUqlUqlUKpVKpVKpVD9VWS/1ReCcBfpSvTgdeP6WOX3Hnr+0bmz5vrp83O4l1KKYIGCaAnlCYHE3RCoaSlSC6aCIVGlvMVUntg6TdFpK1UmV1gkWrrGWGSzaJkgiCfuxCKmA9XQhT/hsSlAMJUmg0lmNquFSVW8bjlYGo0FV1Z68O8gfArgkzuENkjEiJeRsGyKlYU64yWefLSFM5l1s575Rwlu4po82FthuMw3tZNqst5Pd4431yWaqIRtOFRnUlJGSGlRXZI3AKBCVWSUkJTIck5kSbkfMBiKCyQj/gQwDGM5qoTgOpBqaNpsx0LNErqBPiMcFqhDjoQ2VjOs61a4dsw2WSQvxI2EEJvKxOLkGi+B0mtT/kVESdshgIxmKUQGeQD5bFTibw1LESUccTQREMlBJXk1uquxBDEqIqIgO2FghDzZAGRashmNZHi1xcHdOYkCw3p+jYvjAnC6EITsxlenNaDgc1oOlYb1taemApeVRPcAYJjwO8h/CZAkUQf4QIPE07JhSmY6dyddDj2Ai+xlDQUdGzDHSmoBTnnJTopFUpHzy0l3gchXf8fww4nTiSw6OsXlqIFFQuiZ9guaylVQdjASyMU9WQoQcB5eAWNk49pnoiKK890gzjptIjjGGfXhatDlBKqbFK9XECpcjZQ7hPSBN7bqy6L/hGasiIkIYhsjoCp8x2H6/GWPMTw0vkDsbxPvd5WaVd28/8wurO3fhTYCSxwAAEABJREFUel/RHHXpvA45YOk3bn+TtPKWx93gPX/1J1t38u6zvvScv3l79vaw+b4IH/rPLz/5Yb92j9vc5IyLLqYOp00Qq6ADt1McbbxSG1wTWkJMaDpSKhU0DUMnbTtlZ5g0s9rpNEynaWO6JxqXrsmI7iYjYwbpigVTO1OnhYgXQ008mcdpDXKbpytRgC+QzC7LViRE3+RLaF/9Zk2Oa0rXPWYzGTwxmtWFT0GjIZyfho9J0WIGuRObTnsaYNI26810tZ2uTsbrsZ04BF4wAsgynWZldhgh0HosH8wFPKlUKpVKpVKpVCqVSqVSqVQqlUqlUqlUqmtFUvY1wjTQKnmr5/zQdw6xvcJfVwGc2y1km5HuQFxTBugfASLZI5gmxgbQiWOKsTNtG6G1iJsEC401LTsRYEGbIJiOYDBCe0hSS/9wdByfeZrK2oHzQ+cPXNm+rR4NrR/5euBTXTmjKtkYpPAc2QEBMjsC2SHDZdKkBDyUs4XSreVr+AwZYGIQOTdM23azmY6bydp0vDGdTENL3/qvnK/Y48SbijxOmCNAawTL3/fvOhaE0TCdrctWZdIlsHWGkD0QCwrDLibdSDGowTVpcTchMoCMSFx2wqGmQHaJ4AQmi2E0AhiBFfMIXrbsfyARQYbLzxTokc1prETbcG9nNwpbkj0Y9MnOHHLcaASRIowES/TWZlRFGuAYWyFTEHZeyPyPo7wdK1Oax5S603ORHE9/OKiXR6OV0WhY+WFVjep6iHASiOdPiHKtQGlnNxPQbMSmKec6/og4JmGXJDiHRW0reTqdpLFiokIle5FjgoejjwybrYhZT+kiCUcRJxLpUZrcLgo/RSYyZEsjvQi2TN5iZBQhXxhCGkXIVki4Z+cwSYf5EqSzTIvoggOPpFdMvVl7Q6E5yJdgVA2LPHzysJODBXQjXAxtFs3pH1MLOQoruFB42D1vmRrxlg+cDaHhFrG/UNKTfvvX0p3i0it3f/uCH5ky5HTXucUv3XD7ytIll10RpmuY4eVq4/zR17/u0pI3IXz/4svSlve9yy3P/dp/WTRGqc//waUmTrk1oRnTzIRI0AmSYc0k82sIcMVmEsZjMh7y0eHdEIezDeiFggFjeEP0xArVYGu0UkFaqgZIj8qkccC54gnfyIAG7T5m7IvWSzKZ3MzKjXtP1IkrG9FcsmS2guhUi7xZ5HsIjzS58vC9WkjBiE3xUwibIWy2zUYzvWq8savZbCG0NrXL46UjoWI2H4jCqGz304khtQIYqlQqlUqlUqlUKpVKpVKpVCqVSqVSqVSqa1HWZpYAK5uQK3kSFkL15eyxELngnjEUKLVJyJXvLIYPBFHIr6WWTj4iyJpESjFJBecpxCbGaYyp8DilL8s3nK1jO+jEcDYIfm2eXD1SOZXrwamYzSQBl4C5UsoN8wSdAOaQuKGrlqrBSj3cPhgtD4YjV6Xlivw7XPlUr/YtTe0q4DaHSXDKQ1fuZJiml6TCtEeUVkieCXcHOk2MQ5sqreN2ujmdTJopOoygsYjjgBas0FtuFi4gEkRxGCZXYOkw0ZaonUwUSNhEB8GwmUdsmrZppyEEGRnoYluy70bBZ4grQUcQNDahAJTKcfXY+kIBEOoR80BD8YkwXYqNpCWxD4glnxvcCbWeOlwWsk8MZPqAJpllLkRaWQbVzhBPZDRClidGcjxMhLI9KQo7xFs43G8sI1WGFkNpyB8FgRjvDUERde1XRkvLS0srwyHmwRhMgvGWhwJc53PTVeYJfAmp7o62EpSgU4HtESfUHozNiZxsxO4zFIjDXi0EnXCWi8m+Lk58bvBInqAkesvbHvHEtiAcQ1TAJ3YlCkayUZzMEJxQwtkYy1YaIFZFvQvYSudH4JAVIKSALlseHiCyxJngyXvImuAsel0g0UKzN/VWXXGgi63QucfgfKbZHNkgA1yOXGGqgGZLYAMX0+tWyNM8X9jlsjM/GclNKZ54h5vc6IhD/uML3/jBBT9KF8mv3uGEk373vqf/y8c+ec75Dz7x9r974u3Sts99+VvP/MRnY9vQNEKU5s63P+Ftf/XsHTtX/+6t7wvNFJkTGq5X/O+H/8qNjyoHucdtb36P196cl2/x4GekWZIWDtq+8ugH/CpBJ/GOJ9w4rbn1TY75vd++J3uR3PCIw9OaMJ00k03q0wFGi6WhDziEFXIcyAr5GHwgXxOL5kSVFdxkgNk64CLm5rCVk5VcK3GT4Vnjafjz3Qy664y7uLtRiK+QrObpYR3fQdKsCIYJqkgxV+RpgzcyR43CuwW661Qu4NXjGmvXmrhzPF6bjtcn493NeAINTY8aCZl8czDo3kL32zxbTDf2Pw0kSaVSqVQqlUqlUqlUKpVKpVKpVCqVSqVSXSO5zq7DsBsFl3nle/5cGE7lRAvs8JEjXUwhLAS8EJXvp0sCC0ME6CTQSrEytuzqkI4d2ylAE8NUzE5CkwqYNjYOMGEHuZMYXKpsC53AQRBk0mBcZ+1gOeSEthECgWqsZN5QmQqJk8Fw23C0bTAaWDcEtzIYDqgWjjVRrJwLTYOwALMi2c5AzlTqsYKeONuhGjbHwBjmB0DwF2CPDtoZmU2k84zj0KyON1Y3N5q22WybVLjHVJ2qZuSEfEe6mi+H3vB4yOFNV24F2T1H22AiDJt5WIqwIGON2AS0OWnaloJjTB5WGUTCRwQ2cOhIQU4k3g3qmhxWjANXuUpyiyxVf9k7RHJX0LCDTWjokDE307AHAltZpA9XHAtDfI/nwzmbsSTjJKIGPGd+oGOG6btu0EZixQGz801SWGhWuJLpYcSUo+A1HDyTPVBkv8QaMJKC0EnlbBqGqq6rerA8GC4tLQ1HgyFOkOjZ3QTJi9ib8DGDNTTBQ5rLaQKnLkOKCFOBWvIx4Rak0WnJcSZihFRrQXKSxLgG8pkZgXE4Mcdl7oSYMC8WI4xtsI8KEQCBuhsYArBCckg2ESf+CP9k2AAG+Q5uGXDbGaqSucuQVATpsWhA0nNoeHlXMV2dmJtjgkM/DY7UoaY7V1cI7dSEmNBNg800+ILh5pG5jNBAuBfhIPogQbm3FP2UMAOZxCc9+O5pdF78Dx9I45MunKc+/DdueeOjNjY2bvXL1/+L338Ab/pnT/ydc//fVy+77Api9OwRhx369yc/xTv3F6966+5dO61H8CPNoHTeX/zG967YuYZ3E5wDgSOmmB6aTsajYZX2dvjB2//Pkx7Wb8o9bndCevTXhGbSTiaYqoP2McPUwWl2kXkJuIAeJ1V0FSB0UtEs93i/M3WazWjZgx2PW0LBSojUk2QsHGmXCaWud+0Wj6o8EJCteoyEMUX+n3kp3LmvHGOM3Q8VcTvCaUB5TJtNWCV3k93NZL1txrFp8a5QE3HimJ+iG7Hj2RKzfVKP6lOpVCqVSqVSqVQqlUqlUqlUKpVKpVKpVD9HKo4JbIVgxNUDMuch32633XfNLexHAbgLy8hV9YIpSLhICJacOMjdBNGT9DAh1WcxZ8fAlMxOou8Kptg+Z6Rm6jKBIU4YUL6GT1+Ut8RqxFR+dYOqWhqNVgaj7UvL2wajofFDX418NbBUJu99MNfbbbFmMeSEUZY7YKHXb7CgDsoMgeWPp88HiKnKP26na5Px6ubG5mRzGhGuIQsDbyWMwnv6qj/ZnpDfCTNAUPiSvPd8EIGD8HWAYvAhXhpt5hzamOGHYlxgezYt3JFcLE7l30FdpwfjNejuIWYbXaRGd46FaegjEyYHMSHoQedA9W0KCpKEnV5BuvNVcOJyAf2TzKsW9HEeCy5H88Q1eRrQwNGLvm8IYzE5MIrsWjxNZsAzr/HEB4Mq/TkcDYfDwaDGSnkkGEi8QrKfDiXC8Nmn3jaByA+kMzySK0zXQNW0jdj7OBsC8j8hYoRUiCHbl2CiCnv35DluvJcQGgZ20rTIxAbPBivuNF4cfhBsICJEWCfq/MhTJtufMPFACILU7gmWovge4mZM7/JhXIVsTvBtvEwJRAhGQniQcPK29SadBpC9hq08jnBVk7cFOuVwHJTQA6aLnzK2u5hk8KMtg8cHn7m5/JRQE5bM3vCAu9306Osc9Mb3n33BBT+E0NzhVje51S8f87mvnX/Rjy59398+u/LuP8/5xkWXXP679/vVd7/6Lx7y5D+/5LIr0/R4w2n/65CDtv/nl7767g99guxEaJAwJ6t62Vv/DUOTppM4HYdmTGwdusA4X1tf7QZ44il/RyhfJDuiwD3eObpEGdnzz/9BbJo0+ypfeZ/uhphYUxlb490NFwY2TTi8RipAW5nUlTX6l2B0jsMLOD2clX6OPNJV6dp8FWacIx+dbrC0QDCTceU2Q1ZQMvMxsSvf2uUnBCFl2Z7HMaJEATsuWteauBnCrsn4irW1nekO6CmMCXPFmOEhNqaYHrHPCgErTK+ZWQyNoUijUqlUKpVKpVKpVCqVSqVSqVQqlUqlUqmubQlc4nqxFTbnXRiTCQHX5ZqAQB7d9jOCHPdiOqOJ/K14U6qUkekTJE5imJg4NdBwno6BNi2jkQJEF0Nl6Svy+ZC5HollVirt24Kh9KEIR+XL9FxX1VI9WKoGy75eqYdpIT1G1QDJAKzVOtMF0oB0RuZL+s3vdRebBFhnixmHKbE2VtoYuXLPISptQO+EdJ5rk83VVGxtmoYyXVJ92vuKP4DICXqKWMy0QVRDDAoM1+yNuMUYoQukYg+ds8iMIoQ2tIQ5IHrSC10pI+byCoYfKACHyJCqwkgdSrhADMbw6crJcY6LCTSEfI7sNlK63jEFIg4dnSMM23Ugd+JcR5wQluPFwsW4KD4YNnZdi4k2MkJzk4xtXbgRFHmT+RIQeIpG0JZhywCKA24J5qPgLlJlPqY21XU9GiBxMqyHo8GAauGGk4ysyVRItlEhEClyWo5J1XfCeoYV8joE2aBPQzUdT9j6JlJCTaAEEjZs4U61eHBf/GEwQ4dySdhRxHmaFcgfWT6b7ObDJiLYM7hT7ACX9uu8mfGksOiykd1n5Px5eCyRK3xZp+NwIwO1ExGDKJYkeDk603oyG6JxjmQZQwsGakw/8VXlBxXae3jKUmF+xLpysygDwIAWMwSmP6Ay/gV960Y5oyi2M77ZswRk2bsEiCofwTvR8mjwlAfddcfu9dPf9uGVpfqYI4/437/3wPTuX73pvSvDOr177n9974nPf8XG2lq6oB79gF9772tf+DtPPeUZj3/or9zkRj/40WVPOvnldD/AQfHpfoNdka5rd/dbH99OmzPP/ryli+sv/uRx97rjrZ548t9++wcXT6fTj37yHKA0JsTRIvnOIGpH0wqHLZCBEM5+jxhTukjSAyqHTAl6mVhkR9LKGqAGfmmJNaEbXxTjIEbzbE69sta6mcuIWLZ+387zPsRaEVmF9JXD+ypNdrp5YKIWz0hn2RmJnZoY+APyd3IuWBeMncR2rZ2sTiZXbm6uNdMJzk00eSJ60JKxlJgwOR55qn0AABAASURBVNsRJtzuDCVJW8vNwW9psUqlUqlUKpVKpVKpVCqVSqVSqVQqlUql+tnLuooYENszoBAHDFpgh5HY98bofAq6L8tT+VLcNDg7BLja6UzmAcgWwkALISIN0bbOYuaOQb5kaiM+2N2E7RxwwdKesVTqCjDB7fSSyMGFVKxUhpgr3JSBgwgFVmzd0A9Hrt42WF5xuLCMREHtqkpMUrpKdcclmB50ImuKYQbxOZioQjBHb3v+I9thUOtSYbUJaN4yDu36dJweG+NJyygE5pygzwb6IiBpUvF5uDkPF1O+5c8ZJ8aZnkEI2g3EKIk5TLnEJon6N0As1ibslCLV54wR0aD7TFe42td17b3AHFRH7nmiQBo4oGgkw1OCYl2YZBDvGUEN2OeAUKAcrELNdryOMA7eJb0VJbYGP+mEJinjUQwwMntCLjw4rDMgEMYiBSPb5Y8D01PGcnU6RnKOYYgk7cHWnvgaZytyXxlW9ShNjcGgSl3iXO4u6/lso8nzheaihQAmhKkJyJekYw4H1aCq01CKEYSBatqEXE03wQTpfLIucZJZhA0CYS5oNPI7dFbIAPF1CZwthJOOqJ8YSvW9RPikqVDwnJIuBD3IIxoXTT8nSro3HZCvHW5qpEGLDjGwgDlX+Aye8CdEYqhd6KHhydekqihPB9vDDbKyb1NYNmvsfP5WpxwTtFXlDmQWJL5sFcD8rve5DSX7/OUTfvO6B2/ftbb58dc97+ADVvidT57z9c+f87V0pk877fWfOfeb4/E0nepzX/rG1Ku/98ATP/qWl21fWVpd33zMs07btWsVxxThm5q8Xirr/fLS8O+e9diPfPYrH/3UF2301tfXu86hx1z/upuT9rBDD7rNzX6JKSKLWFpLAEe6DEKe/UAGNdhcF+0PL97xzW/+wAWoraltdjdBpsRVMVKYDmIoyKDg/Q4vMzKpMTSraXYyLOasXB18Q6EpZTMmN2sjwhFMqXV8K6OZ4/ASTfcUhNloijukXLBDXZd0Rp1KTBYCKN6ne/wkhs3Q7h5v7hxvrLbNBPAeDxVeBBxTlh/Cn2TbqmLJU9omviZ5ABU3UalUKpVKpVKpVCqVSqVSqVQqlUqlUql+fsQuBGClrmf7+Sv9V2Ud10RdqXHjsxiScKE/GsFQ6Avvwijwg8qSgfwy0qOxsTHQMnTisaiOkQwERDCyIPxL8UIodIy1MTfe5mIyVjsz/wF1NVgZjgbOD6t6uR4OXYVeFFXtmSqg5nLwSDmzSMknpu90Mks3WK6SkxNEDpqY8wfgEiqyCsEiHoBV12ayMR1vTMbjpsHMi1QvJiOR1INInGCiik+LmTfoUm96x593giALDewqcs9Anwq03QihoUgd9teYGUfTnSk1Oh3OVGhsUqdPpT9HwxH2ClaMe0MuZAJIZA2ZcBBnAt2OgUkZWyaLp+QYkzEUS/E6bPDherPJspdLCQ/iQ4PpN7WX3QMZxOmGpuQd2QIlgZnpL0n8QQ8Zqrf7inZSOUvzgN6xmBCD8TrVYOBrxz4ftCcnDiQmW8xYztlpmrZpJqVtmMZToTNJmalpqWpC4F2hwQkl5XBHYH5SbhmmKzlpOcU9OSNgl0QRcQQO2V7gmAbsMl6midfNEyNzURgDGq7YeYXwNdpmyxHLriOUOcSsCMb8GBfIbyiizRBeuJRwZUzlKKmFzFcoPkbccdDgo3IUCMQpQsLGdE5J88TJz5EyU/bdi3cYc+O08F8/+NF5373wd06887bl0V/+3T8B3Qs+/IkvoItJmjbpHJ0/7bX/cq873OqoIw5Ln/3458698KKLTbqXWU9eRZWvB5ZYnPXNyY7d6zc++noYu1PhgQ475KD0vGPn6p1ufdPXnfLU/W/mv7zvY8/581fXYHyENDdrYwfpGbkTQ94yUFs0O8GMGtdBXsaIQY/toKPO1Em4tb7rSf4U5IQmBNr4foo3MpxKaRpTVFcJ64qWzVTYMYovSTJUAeda71pn02O1bXZubOzeXFtvpq23ga9jCiPi0CeCqcBxDBAxMPOGNRll2zp8ip6oVCqVSqVSqVQqlUqlUqlUKpVKpVKpVD9fkgKxhVKg5DUzRgO2b+/BeRWSjJAtOAr2QR4qbMHRQHpAIGsOzJwxsYVUAw8TCFMLY0vxOgYL8ZHKkl3l1PU8WGxRr0HAwS/dSSArkGqZw7oaEWuyPBgNK0y+GAwG5OaBVXLxZIEeh2E6d5McBpQzWWyu0VIpl806wHTxNjaDO4TYsOmImbZtE8O4mW6Mx5vNBHN10MeFqANWRfCJ40gd59j+wrrekJTa/VwhFkXuCKlD0/8tASfpDwxxEeJkfmy7PRYjjRr5G1wcUP+YXmLPzAHJMMMW9xcTuMvY0IXHw3G3MyohbI5AFGKCYmWC9AM0mFXqAoygVyLPzjmzhXQ2OwHTWaKINcJ8EVo8eQzFjFjiIjhDyHtriJ5wlU/PtiLjjspXA5obfO4lJspmooXQD8qrSVO2GYe2TZ1mPbIYozTLJIin9KCtmghWwA7gBKPUxZ4YDUJ72P7FUmiJTCdsZZ7k6U0MXIkMhZDhRKSOT4MucAvMkANyKeYQHmO6PsnbYKoTz1RBmGwL5KphETdJ4xmsmVoTqYcQIEiXSTq/2mMUVO0pgMkSseX6aBQiCXl4LTD34vY0a3++BPDmf/3cm9//iSsuvbQdr/3anU543G/f+91nfurr533PeWRrnK85OicN4l1vc/yL/+RR17/OIbtW10fD+oH3vsvtb3GTl7zu7e/5j09xv3R3JwPfv/jyW/3S0XWdpkFI/XbYQQeurm9Op+33f3jpK//vB+XmgggHcna/+1v3vu7hB//ju/7t8iuuMhm14yvqG9/8Xg2mAhi4WAcY+jgAl1qG0Em6lUDw6V0LXi4cKDdul+9J+ZrIYTgdhmJ7Xk2mf+2AGJagR0+afsQHxijWORydRVyh48ujGKagxUpwLlZV68xGaDfacNXm+tpkYyNdMnSriHjFIC0TxcWKPkisCtCsgnKbLTfcTJ3IOZh8V7DeqFQqlUqlUqlUKpVKpVKpVCqVSqVSqVSqnwNlD40+27F4y3n/D2uhgAELNo6YyYJ18xCZOMFvyrexbQHpiMZj1E7jYGxj40xj0VmACuTi9GD4VdqLn0nnmDHt4LbkiivbWmCMyNBVS9Vg4PzKYHTA0nJ6OfAVoxVY9jd7FJ8jxDi3srMJKc+5mJ/NXLD02hJhEKANAcZNs9lMN6fj9EADEoPGEB7bUPMpEGviLXMyM2cHGbmAnnWHNA3E1QLSIdoWIZ7Um6nBgeJ1KBLGYTRGb1ycLdYdhlkQPLD3POSjwbDCXJ1iJSINkeo021dQYks2JckYhMQbgQOiZgQS4sOl1wJHcLYOM0q+K3nnEjhAR6FkKOL/Z+9PAGS7ynJvfA17qKruPucEEggkgcgsogIBFEQQVGQWEC8oM3IvAiLDJQ4M8sGHV+UjzBdEQKIGJBghgowXuPwRAgZQhDAEAkQISch4hu6uqr33Wuu/3mGtvau6z5BwkpzE90mlzu7qXXuvvYZ9+vT7q+dRAycVw9MMa+SJwAjDweDWLM9DSoIhAMbiHwCdoJ9MYUwZh8Kaysbn+CALEpPookAsE1mbxJfj3HSuwwkMdE/nWsKFIKMHiAztOjVMGYkb8bBI28CsBEsVcgQxjMBYTiDCUCE8q8f4IqA1HPqcOEXjOUC4DAakDCCwAXDCX4Q0LrQokAYj9xHuoWAIKUBCCmJ0lIsPNJ2J3wKDk8KSrwlNTqB0ygKhkwIBGscD4PtmaD0wBGKOgOA1p45wab2+MXPNZhyeqqpf8ozfms2bP3vz32O+FMTixEdctDe60c4/ePJDH33/u8d3fPLsrzz/T9+0Oi7f+NLn3Pknb/PaFz3rd3/r4f/r7Wec9R/nQedgAlIcq+9deNlJtz/x+Jsd873v/SC+65ijdlx46RWxy/7zPy9+9dv+AXs/3gPjCm7qwvzubz9s3/rmyX/yatd16BQEfilGmVLZQhcQfKVVvGfUWlXxmSgTNHWKMyJuGx9o7QXGBtM9SmNoUg9opdmRUK5MmGmVE8RAxMIgaAKORS7gzUURywIzwiQ4Dlob6C8PoLrijGq1mge3Pm/2NLPd882NZgbwCjFMYIoCj8D3+cQpZd8Ztb+/TVj5RoZ3Hq1EIpFIJBKJRCKRSCQSiUQikUgkEolEItF1r6FpyMDSo/+M/KAKmKqDqTzIAAFW9vNH0PO7KQUESvWua2MVPRZZA4bpxHqmDo1ynfVzEzoTGqh7I45ADTA6eTls3+KlrzW5lhAxYZwqlB4V5ciWI4RORgYCQcoosJoALwuuV/b+GoENSvrclpA9ToY+K8NuSTYSGKaCRAWV8hGuCRtNszmfzdt22sxmbdMBO2OsLagJeCjiHCwZB2SnhNTTA76DzxqoTx2ErASHaRfwjKAJJ67odDmLZjCGXT/IZUTHJhTIv4ABh9KIRxh8t14acw0FdJ8oF/bwMIEORWYDsH9Bvgxam2xEo0PuOp3SfQzyQTRtdD7c4CKzv0GmmziEYzD0+Sp5ilBzE8vSp+oEhZ4iVg/ahn4yMFsBNylsCfSNLsl5hmkTT+MJ7dTEaEA+DsQWNXOwkulcrMgXZVFVNRInkNfjOmdS3yGEg9DJqCzRxAHOSt+xyJpYZrzoDRROAuE0gSN0wI8ExxjREHym8acvIbxqaAjDxjghoTI6JGsWpXu+wKueZYqLD06hIEbHKd2BnYlSaGSCti8AnTCfwx48mjxiEEIYjFc6PE0FctmgF9T1RDhV4wUCWfLkRzzgFsce/cq/fu/Fl1yJ7iawOO/2s7d//EN+8UH3/OmysBvT+f/zl6ef/k+f8F1zqe8e9j/+6JlP+I0XPPU373CrE/72T5931lfO/bNT33/e9y/2Huic8y+8JB7/1ifc9Dvf+c9RVa6M60suvxI60EEUVuCh7ZRzv3DPnx7V1cc+eZZv5kYl0CnO0TgaKpQqVCFUVtVa10rVsNhUCft4YtUM0VVMfgQGgJjeoptIv5rTxqALQv8Sz5Uw+A7wZMR40P+4mnDKmQHfQt3oNcylaQi7Z9Mrm9m+dr7ZztvgiqKM8weNVgylkyEHhm/1fM83OKs9J1otidPcBqOmVB+uJRKJRCKRSCQSiUQikUgkEolEIpFIJBKJrktRvMm231oo9afd6T2DL6n+5/WQFUDLBoyYadndxDdgUuFiBbJVmK2jfWf8zMYNgE4cuGVodtqgxBGl8yfvF7EPLKmq7T7kTuYKRayfaz2y5aQo16rxajUqg6mLoi7rqqx09hRZ9C9JWQ7ZTiQMg3UWu0UzD0PBQmB0gh/XR3SFUinmzm02843ZrPEdogqYnGIKWxT4OX9j2IYDDUeohqvN4rkGJh4U6oIGCrFc7RwCJxCn4yh7BcrXZPjC2TMqX0sa5ZCH04IzB9itIBliCuxSjfkv8fA25QQle4SQi9B1xNY2AAAQAElEQVQ6cP2ZaAmTM0DYqkUXCG4Y+gbHInFZOr6G5gncigEeE9LsC4bccWAz+XsgoOI9kyc64SvKOyY8Ul8Z3VvFZOMeq9m6BDgbIH4ArikwXSl2eqFtQir4mg11ewgYIMOTmZxN2vm8bRqskcOhakBOKoB10IqHTkHsEjUR5qFNEA5sWE2+QBryavoEJXDlQeLJB+qfOL7aG7aW6VwKLyIrCu4zbBy7VOTe0whqaTSoCCHPZra50B1acHhAccCOwnnlwNpEe2thzAFwiJdVgJ0JkDGWoBjCTYhdwKHRNNHhTFaj0cZg8dFApLmbZqEK262i616amAxwoIn3n5+45c2e+1sPPP/CS996+ocV9IAuq+p9//uFP33rE+K+86Z754fP+t/v/uCFP7xY4XsQTHJvOu2f3v9/P//8pzz6Ub/yC/f6mdv/4ZMe9tSX/m9t4gCa7/7wR3HPE256ozhZj1rbGbcvvORy18B98NEP/qUnPvKXoQ14Bzn2mBvHzbvf5ac+dsZbVHaKwcH9wX9e+JI/fHVtdBlCqdHgRIdCxRGDxRK3YQJ6GBJYvbxKEnTUG5wsbfcvKbKrMb3diAf4g4AnikdzgdJ+vMkBYLTAMzQG3jloYTL3YaNrr2yay9vNvV0DeCHe4oIufL4wnPqB7io9A7P0N8ziQNFo5TuH4r9nCGITiUQikUgkEolEIpFIJBKJRCKRSCQSiUTXuSgoQ0EFEwuCalDMh/I/bGTfjJRwQvxH/JMDNNADwQdmTbD87VrnWh9arbrg2xDr3L4LXax+A3diVBtrvRayPYJNgAuQDJQHEhg/UbnSGPjz8WyeMbRfSfk0UG51vrL1SlGv1PVKNVqbTMZlVWo7is+IWZDVx8DjxBPmwuwGv9hDJ3zxVLX13gx8JTBjhEunDh0ynAJTl3nXgs1JO5/5ru3atuuAYoCcjFjKt1CXB9wE4lloG+Nucvm+v7CQXGU8+VRAno7rwHOjpZAXJHsCQw6BGYxcm4U4lpx/RKYFgL2AwYlF7w0NuUUBfT3QpIUMBUwgzoTtGBSDJsgVMZ9EdhvkDkIXAPQKDhcNZfap0T3WE3piiQgKbJmh0cAgGR4O7nbPYIUG6IS6HaYQGahQakyahpqAC563SJrgtVCUj2H7DlAZy/cF8icFcBUGmYh8CamdmoNtYB5DCEo3nzfzeez9oipHdV0URZxNQK4ku5bkZJKMYfDVooR9NLXYAGpEr9MF86wGREQrtjhhgglNbpALCRmMysyQJkcfpRYdRyiuxGO3UVYOjwAuUHiGGB3tDGBFOG+BX8AYndgXEBNkIEMHqChGSfqT0NGp6ZkP4BWSmB41mHlpHHTIM3Jb6OSIAAaw/VVdvu75jy0K85xXnnrsscc88Bfu/OD73O3P3n7m57/y7ZveaNfffvAz7/rQZ/bs3n3i8Td51yknn/mJz/3zJ/91Y3NT6SIe4MIfXfmCP3/rG971z89/0qPe9J6PxnVpIGUmnP9DcDq5xU2P9l1382OOitvfPf9C37Rx49ijd935jrdZasjNjj0mPpZerMuyUL4IvjTxLunipC2UsWRzggNI0w5mevYM0hkTy5MsiadfXpADlgNvYR7f6mglUsQY0Sg63q4UWr9kZI/uG2hopXW8009n8yunG/vabp9vNyEwDXgmNHAC7Ar+fvBB8f1IL1uu0Eof3L8WxkcRrZUvib/lBTkRiUQikUgkEolEIpFIJBKJRCKRSCQSiY4AZVeMbP2Rin/43VzkYwBADywzsHYYyJwCY0ESqeAhgSQWtlvnm+CbWAYProMSvnfKoc2JanTorPdAnAREVJiZ0FjWtMnYgWxYQp/joBJfMsiAoAom+IcEPTLFajnaOZ7ceGXnWjmaVKNxAZjACMNQDBVBU0m2z7IJfZV2KVsnpFCJMMA3mBdATgAJAkAUgtGN62ZdM53PN9p22jZN13bOgfkDhpOg0QYanOQUGgx7McYsGa5QzweVUm3w1OAbgwiLzwo8IkqpgVdAn9Cjsk0AUhkWiZMC8lMMuXAY8rIY5tcMwBvGUAKH4qQIG40sBQXWkJ9JMBjgQykZKkEYGVXi3lIJWUrIhc4xGfyKY/cFLpdTrA+gLJR9RHsT1GJ0mrY6uWko9jmx+HbOLmLAx6LBSZxYaHNSaPLzoKs2aGiiONQJUSLncHAC9HcLnECs/qvS1lVdVxUGNKHRC7FQZMAS0orxnItUVKUhXIRtWtBBBT0kMEnEp3FNdAhhVdAvw3Qarflc/Sv9TEl+JzRdgtMKnINwQ2EfQRqTho70AAEoV0IfKEpzAsubAuZGnJpFgY47MBV9GJIA2ZTG6DQbaG2Gfsbpvk09CaOPEKrkQIIkJLdrx/j//Z0H3Pa4Yy66fM//9/zH3+4WN4vfadpuOmte8zfvf9WpH4hLGLEg9aSH3+9eP3uH+HjFs5/wibO/8s4P/f8++8VzaI3+4IeXPP/P/koZYHeoM35w0aUKoZPg/C1uCl4m5333B6F1igkv9fTn/fmHP/YvP/uTt/rAGW94zeve8erXvPVud73T+977V//fK9/8ljefFqfpud/5F0CivAMzGh0KCNxRlgxOMuWkaGRy6hHdtoZ3NPYjQZTPKZ5m6WZK1IjSEPvDmT/eJwcnSrShGwUspXSf4mMbAyQTMIRqX9tcMd24cn3fuuua2J6yUuDppAcAGq0OTfE6Ov9Vw63Q2w1PnkheLU42ttM68ieYSCQSiUQikUgkEolEIpFIJBKJRCKRSPRfQKnAzXSJ7j9ynl/PxibZtoBqmh4tMTxuUDgIxb/E2iYaV4QuuHnwTYANF+vfygF0YjTm6WCkjiWDDiyIDmwVVB9ZAtABWKGkb4UFBwZuM3Ak2qta29V6vGu8snO8ulLVtSlL/HQ+FNUxUIaIE6MWjVIoFYfqyl4zzoFIRKYi8jYQFp7pE0/ECxEVQNao1vlZrFY7N3NAh7TOaYgtKQh1AJ8RXSqo1qJNhtKELwxtILS2jHvwaER16LHiO++alsxjiFhQuaYbwnLVNmNDRMwY5Akq6ANM1dEIvyC5QbkvhovC6XjBa4SB8DWPnRZUwkTQFwTeTGYnSlFWkE4OGwrtQ4xWw3wfTNhJsE7ouRP6rkerHJpU+CL7fqTJgJ4k6O+gU42d6aFUxh4IDok8E5r3xEcFeAVfNWTdBM4AIqsZRRhFwGQanFEGX+jatpnPgndlUdZ1ZagTsX8MtCXo5PZDhXA+SGKYimRDocgGBq8J3uVw/ND6gRGBxWFjw4q0DPnqUuAQT1nPREjv/RBgxEKjQwtwVyLFOEMHo1ni0IOjCeBP5Fqh0YmlDyHChuEtgeaP5tWhQoLS+kZqZfrNwRX0GBSjBkc0GRDbtzoZ/eJP/0TcvtmNd+5aHX/wX774wU+d/al//ermvDNFGRctTRaj7cvedPrb3vvxh//S3R55/5970C/cNT6+9t0f/O/TP/zRT3+JwAha52ScM583F122+4Rjj45DfuJxN43HP+87P4jbhm92kDcF2B3OGFiHzNrBOonbRfYCgbXRqVAatDDBTvfsHcNEnEoGRIEgJ1rHgb+tBkOg0XwIj9rfcYGBiTeXDlccLWGv2GkKuTgitwzBUMwexiNVZbwbbXTzja7ZM5/tbmfrce5ZEyygXXAcD72WrHr4DqP7uZH+YtnP0Pj+ewyapNuLSCQSiUQikUgkEolEIpFIJBKJRCKRSCQ60rSIPQyL4LrPnMEyIKXMhFx+1pTVQcyGd5z64jziEo3yc+UbBcXwDj5lDzXWzvrOaiBOTKpl64UIiGTfwNADFTl1RijUImCB5dpgAnhI1GUxqUaro8lqNZoUVamLypZVATI2fUpf9XQL1/EDwzLAALgeiRh0iOa+UJw8Q/9R1gsdpgu+cX59Ptts53PfdQ4yKtAfIBauS2MLYj/QxwXKuBajOUKfPsNC+xKVmQwCL+LBnOuabu46ABYceWmQuUYgMxgdFs0AaOg0J5togAysLRE6YaBHE8ihdIaMGF8gixVP8RXQ5sxVEJrAJhpaczAPlKKtSadCGoJq4APbi4yaEC7TZzYRLoPd77DBqQ0qqAUjBKy269RgTSgG7ExuK9RCww4oCr1l4pzQpYVEoRIsXizX55GWSGV5KLMbKtCrkKNhYnc3TdM2TWxV7LE4r+q60nnmA26CF+AxzIQu0bs8qRg68QNPCQ2pJdohi4V4VvySUCpPZAj1o+rDiEyycDEqjdBgZqQezadEdKaLVX/j29idkNkEk0lbowpt6iI+AGooSgSeMOeJDoTUTp49OJlU9vnBRvVkTG4coio2bJ9vogc5O0eqQvLSCeEHF13xjg+ffd73L/ry17/1rW99B4KUINDJmKIC1xyD3QWCiXHRZXv+8h/+z1+e/tG7/vStn/WYB973Lnd80x//j7+83cdf9ddnGIQt8C02TqA4Sc6/8JKTfvJWofO3vPlN4lic/70fKgzoMtmayQWDCFvsZSDT2LgE4qDSPIZhVDCekJtk4oZxadGxT0m6L4cMOYWe6ViATpLhEMFfMHOJE4tt7Qi0A7MoRbObXHoMo0lAwuSlDF4t1jpj986nl+7buyfe9VQL3lUFdRfY51BiFJMji2xVphfzAll0Otk6bwiEM1teFQZFJBKJRCKRSCQSiUQikUgkEolEIpFIJLruNagmZ5sFViIDdPanUOxAwf4KOqA/BdAJAA1ExT9d57yDkA+t597Ngm+1atHmBBNeYmUSAAJXKEohoXQHtMHQVPaHj8hjfdFhQV8vhS9QZbWP+AGPk2CdKotiXNTjohoVZWmh+huL7WWBpIW1vWdJsm/IVxjAmcWxCYfPuRO9tQlvp0QflxJG4EtrAgZTzNt2fTZfn8+mvunAlUSRQwBxJxY++R+gRZynA54rYDGgnFpET/IGFYGhbbFDXddGdQ3nsQQfD6ktmSTktwyrusydpOQejcE6FjJlUkaOBWJkG4iH3A442oayXTSbbmjNgRkBm00UT0rY4S9D77GyLCRO2EVmOMEMVf95F/Y+oTwgRC6SqYZODTCQT2JMQjUwrAjZDEziMRxdFMv0cbsEnxngTgqLjBOxNirnG1HV21M3Wky/mc1iEX0dgA2t4+QZlWVVlsy7mOw0MrQY6acU0Ut0dYVjMIXYFk8JJuiNg5RQ9hjSHuElInU8Y1gq8AblGiHLw1YUKjAAplLKCFyaIvMgQHcKZG+MgnlWgMGNqUtdwtf9eBmTXEx4lqepn8ZRJdqHhkQPIBLy2MAOGryUYYEw2O3IA0/SOA1fO+W0j7tms5tvugB0FvrpAKelEdCp6rrt8O4VDAAZ3sXB+NJXv/3Ur3zrDre5xZN//X5/9Y8fhcgmmIlxulUcnOT9Jz7/1X//6rdNUD9x/LE/vOjSZja9w21O/O53fkiQnQ3oboJdF09WmqIENk3BUYCR47ZpchYimCvZDWlmOYIeIBp0k04LZygT+G6rQpo0OdV7mgAAEABJREFUHicmRfMA0+aS+w+SdGhTggQKm7AYOi9ydrD640y+Yn390vW9u2ebG75r4oqMK6zGjDNgUqDVhpESpEpCmg7ZrIpREiYX8z2Dbq76EHiSIT8oEolEIpFIJBKJRCKRSCQSiUQikUgkEomuK/XEg05V9MB8htI+fdxepfCQ0BtRQBEcMQ1wboh1S3Q6ifVYyPboPLImwcfHHAqYWLk2HlAAiJWA5AWfi9MYyJFL3qov55NXR2A/DPbSULmxtAtsxxrtpKhWq9FKWY1sUZuiLqrSlFVVV1Vl0OdjKVIHiuZ4rR6cWZiEIL4F/Uh67iRVqLXPFX9qFGzBG5vObczmm/PZ3LWtdx3kqaCPCDERmvEMCDSBanJ8CZGYeDwu8Q9Yk8BgAVSKAfABj5M2/hePiu1zAY9NrTKWGpN6LFEyVKo2WLw2zGnANlETmoNmQghskBLYNgWOQl2B7ASOmtfUG5gpg0MQ0EcEisopnyWNDkMSZAFj2Z6DDU4WcJMsBC98LiAT8JBiawLEAsXzhJSfk+YDgSaQCgSJJtAMnEycImQtoBYIoAB4ZMmsxQd0djDpKujUjLlYbGnXdfP5vJnN4ouAmhQFESfYUdiePCE9WYukinngSyNgh3xICqdVcj3xlKcTj+O5/o9tMNpzK2hIPWANdFAwuOj5JhMYdMG1qR0SWbQDZB9ZRK/iqop9BdYmFgdcF2UFNieFgU6yRK9onmxpJEy2peGV5zOEpBfgDB0WSIa47fq4E1o7dFnJ2wXWy2C9qf3oULCUcAjwysH32c8OKRKJDIFKNJnxP3HizX/1nnf+ynd++G9f+94p//Nxd77tLT75pW984gtf+9cvf3M+67LhyzfP+/4fv/pv0BYFZ5o2rsPl20Fizdvf+RE/nbmmveXxx85mzSfe97/vcLsTb/szDzccv6QqZUoc+TgpKwjfAkuVeJSK1hwKbxUAfRSQMhVg/g5gsTAwojKal5HuLzcNUcCbF1k0aZemKUWK4X1cJ88jvGV5tEExMLO0RZehOPGdsb6wc6Wmrl1vm4s29u5rZ2ALg2lNIRm40LowuOhgEix1e7qx4ybmVClamYkKTLfdobGJwdwtJRKJRCKRSCQSiUQikUgkEolEIpFIJBKJjlBRPIdKBgf5ZTI4wCQZ/FpTsEfvt6CJi0A8wtEDoxocxSuAI0V8KG9jbTwWJ+Fz8AGTIjweLdcViXfoP/sOLyEgwR++T8CIT/QJfUKePBsqW4xtPS7qlaKe2GpsqpEti6IsIR8DCryYaqMZHYAaM0ZW4CsqqL50rjCURfX+D0gUeIIZPFbZQ3o1J5xMm3Y6m23OYy26a6F8C6iHTxEkeGqLSS9W9w/iHsitw2vd8zBEwDjXAr0DiUTBda2LHQtYAdoNJCMNMunQ1BeKqAiK7wl99g3Wi+GUFvM6NDEqbI9AfYt13pB5Cc1mCAmwgH7w2NWIDaX3pNp30Ok4KuSytaHrCzlphhmd5aoxvZ0H3LAJjaHokESQAFDiVLocQ7CIxTPEJqGvCXUFJqIg6mLRs6QqCzxUMhRRaO2CFhSa7XtoAnTUafOoGYxhfHE0Go/KylpLHidxDAx3M0Wy4MRkTxheLh7GUYU8a5Qq8tV7Dowyqs/KoTmJoSEmmUAESjKirBygBFwO/FGcn4LjozsNZFcbfAehPWRfYgzEOFlTQowSpOrEPioByKGew7Pq5eQbhhQWDEs0v5y/1v0SXVZY3l7ynjhyfSiWI4C0sUcfveuOP3Gze9zxxF/7+Z8+8ebHxBdf8Pp3//CSK48/ZtdNj1r7rV+5R3zMmvaz/3Hu//n8f/yfs768e/c6HQOGDpg7IpO8CapU+qduc8Jdbn/iSXe61V1/+jY71lbiY9eu1c989kuq7cjpJD6XgJ7AlADaRduSFoLW1aDTCxxAi7croEBUgjL6WyXLZIwkGVdl6ofu6ym9iu7oIa1PvKPaFHqDCxqWEEInJiFscxea4ObB7/Hdnvl8bzvb5+bxSnxhYeEaY4gN1Om2HAaJaEqFsGjJosg3KKDBD7Q7LukU6sQTcnhpW+8cqo/fEolEIpFIJBKJRCKRSCQSiUQikUgkEolE16l0+nB8yHk6KqMC9Gl6enAxOqhEJygMAwEPB+BOlIs1cB9a77sA9VevXKyNQ9qCDQ4idbzjD8Hzx9qzJQfXEHuFVB9nY4Zhc8EwwrBXBZROY1m9LMtJPZ4UFTx0MTZFZcsSuJNKG3bEwMCGwJeSi7BUL+arXih0BuYtuAxKXhwLZA5YtfhZ225OpxvzpvGuQ3MQSqGxiIGgaYA1BEIoyjaxCEIM66ULhhI+dl/XNG3j2DyDjUJ4V8RYQkrYUCozEEw+qFSSNoxlwLkNhs4oCrwgSMOTtwWNBbI8mOQz8CEIWufoJeo+ZGSwAo54BEXq8EPlQrfOhgohW5vwBKL/tvpNEA7BBicwWpazb7Ql7AWBHWwVXQ7iJji0heYcHmcIrDGYkqORSjGJX8mFb84e0dwSH8/VdR0mjYSN9fXY4qqq43EmVV0URZ5wOs0IdPrxaRb1HhP47dwFKV7HtJwnglQReZxgvI9ivxhumUcjF7SdYfcgyGaBoByHwA8sJsOhJGAwopw3uPLAoqUEM5sCAR1bxEdRFrow7ORCCSe673S9mL2ScloWVpjuqQa6GahtNATTDvDdI0xhmISU1tb97n67h/38HX76Vje76VGrec+LLtv9kc995QvnfPuiH13xqP/5mhvt2nGfk+7wy3f/yXv/zO1/+e53io//9xmP/djnvvyuD376c//2tTggvjMwMrDOARd6658/6xdOugMd6vIr9pzxvo9//BOf++xZX5puzAwTRmhewh47MKdLDYYhCgN3DJnzoHDACCIDlEglLCMu18HYhP4mogfuVekWotLFpn0NhgSh2xSdjQOnYInjFzhxLTi2YKpOCKNq32x6yd59u2ezTe9aox16wpAnSzqzoemDRNrWpb40LcIAm0l81nDuiUQikUgkEolEIpFIJBKJRCKRSCQSiUSi64m4Dq2ZqeBiIH443SQwg2gPxUkUnBUCqSkOWBNFNie+CZitQ94nsaCvVWtUh5E6aL8RMmbSVyD7xJz0iu0/c8+eC1ynHb6FMkowWGdUlGvVeGzKUVFXZVnaoi7KuqpikbaKVfhYqo1F2A4cCJiI4KvALbwYqO2j6IP/OgEXgfJ+oAmIGyQIJ1b4vfcNECeb69Np27k20Mf8CR+AD/FbSNuAXB+DWTQIoBhkDZLXSIoicc4nxEQ13bwF6gSgE+oBa7epw+oBPMGxFHR68iYAaxM4scXEEIMbaHgBcTM01sSOIPPAjgc6AziBCAriTtBwRqlUmWaPFmqDSe3CzJjkihMwhikflrrS98RJ72iA76UCNzIiFFiD9iZYzEYLFiJLTMI14GG115zvowu4zvh1hV4uDKxA3kfOaspJMjgFudKdLtC5drqx4cDLRI9G4/FoFOdPnESKcBOgqQKRLThtAKRBr5dBdMyCoUTIg1VABA6bjKiQ8BedkqHI+8HwPIAD+tRhcbk4SGiJCys2QTvjO4yqCcT5xOcC45IKsGIpysIUFnufjH+SBw15u+SZluaJOhQNJhyviuu1eFYvvUQwl//ZWx37KyfdNr7UtN1XzvvBWf9x7sc+++VvfPv7CpcRJBMFf8WVu9/3fz733o9+ujD6bj91m0f+8j0ecu+7PeQXT4qP71902bs++KkzPnLW5Vesxz3jG4xX//blb914bfKpf/n3//upL375P74RXKvgLqkqwKFg9BTyKYUinApGrERLIoV9v2vnjtvfCZrUtR3PeCTWaDQGDiZquH3AQUIHFOJOwOFH+0DpRwSSWYLzCIjDCQM3yy7O/nin07rVau9s/YrNzcunG1PnHCxZ61MCDrVAY9ZXpka0UgeYNfkWMGy/4CYikUgkEolEIpFIJBKJRCKRSCQSiUQi0fVSCAOw3QUWDMPAfAOffSD7Be8Zv4BEHczT8ciXQDm1A18LgE5indyBD4PrtPZGNQidONNbmmTsJPlFDOJtDJcxw+A5N5PfxmQHcB2m0LHqXo/L0aSsJrocF9XY1pNyNCrqwlSavB8gGkdj+EWuPvef/A9hWMAFFwsdBsVPtAzAi+bP8VOttPN+3jYb0+nG5mYsVTMAw12nUwuR9jCFMeTHQTALBcoEKuUTtwOROrEfnYMe7BqHr/DFEpHBtWiWzv2XnFXYLwBbHsvHhSUSA4kTbQrkTsg0ZFDXDSlIhyN1cENh+gwPFhS7yfmA3VMUO6AQRpFCgcIgqIMK24BmoAMOHlMnJxtoLhS8EwKhk2tDMlbR7L+ilM7uDmh9Ymk7EHEC/ReL9wU8jEW+JlbvYfZQAA/RFsz0ZJ8eeAv0svPkqRJc17VN17ZNM4+NWVnbMRmPTC6a41ClqBx2bQmJpLFpLizO0CFBpYsOKvc8JWLv0WD1vYEDRp0WkNHx6ByE6wl4lfjocF6B5YkhwgqpoTi2pS2qylYFJOkkKkg5ulCitHImlV6YNYeIj2TPo0PkVK4PtMCyzwZfV/iXr373wsuu/PdvfPcb3zq/mW4iN5eoKHSQoUUIBkPKdl1z1pe+9tmzv/L/TN71yF/5ud9+6P1u/xPH/dHTHv2Ld7njk57/Kq0scCRBv/3tH3r7X33Au9a7eQVgR2EwuQuCtjD8SUFuTlyZ8RnOZeFLeFZIcjz+dx/7mKf+Ztz+2r+fk1PE8hCSt5BS24XO5M2ECqWlyTiYhtsg3gm1SaAa3x0wZUqRs5DDqdgG1Wk1V27TuQt2X7bedrPWYYwV3agR/eLpbMghK7VDL91YDzwugpuIRCKRSCQSiUQikUgkEolEIpFIJBKJRNd3UVnSJE+NwFYJKpXSAweLpD2RQenI40SFBtGTNjinPFbLPdbJQxfL5ibEjZBtHjI6MiyZ9jiFCgv1R04nWXjBEhfjITKmKqvVerxSjiamGptiUlbjop5Uo6qsgffAXBvLthZYE110bQjb1uApVSj1w7Ct6NUCxiTzttmcTTems1nbBDQLCIMWGipVU7aOsaaPeQmZhKCyNjIQKMQa2rbtYsk7+QVQbdcrN2wNY0EhDw11qiVCIp6qskVZFOx6gh4nxnDKkFIqN1STY02gkCGfiJNAhWd86rNpki0KN99QvTosuGd4SOfBDYCTuMpNnawZgtDkoUJdQblHaTawnwxG56gU9gFuMVaRswpDKUazn0dhkokLbnCekE58DF+Cz91OJiEEkIAPj2ub6Ww+n1lrViYro9GoKApgV7QZkElA3GSkhkiavvvUgJ7K9MwQOmmspaVEVE1IuAkH6WC1nSxuMM4I0lmc1m3QPi6aODnAv4UMMYC6AZCoMMEgTVRAhJTBBCBckJiBoqn2n6OKdGDkR9P4qHzaQ1ReB9drDZZ4SnNZcNf44jnfO/vL3/LdPK5GDLDB5UXrD/rd4GTDd8cbmqecLhtZu6gAABAASURBVL9v7/rfvudjp/79h+/yU7d53CPu/5bTPqgd5IdBlpW3xnsLnQ24icZpZTGSCkGwcPF/XvzZT/7r3st2xzH80X9e9IdPffHFF/yoNPoH533/+Y8/+dKLfnTUMTc+/pbHfffc737gXR8wTKzFxRA49QZvxsvXRtdHqIeBeRX/cIhKeVqDOP9DT6jh3DBIkOCdAhc80odAkyBuYtR6N9/dzK6YTWexg5RvKXpHk8kQT3fy1MEFY1JqkWKsLCNP6cmzxxHfOXQC8fLKyTk7SiQSiUQikUgkEolEIpFIJBKJRCKRSCQSXR+kqRKtuCTIFgcU/sFkAzEELjBMoNHmxGMyDXAnkAXiGuWd4hAJCAixkGbjYQMST7zJaQpYiaWyfiIwhhXGQTW1B0JyORJhghBiKdcGU9t6tV5ZqcaTqp6U1chWdXyUZVnERxH3tWiQkWqgjJgErtJnHxfFDWB/Cz1sx1LpM2DG0KxtN+exCjtruo75AUo1YfAAmQDwo7DwwO10HIzzwI6ji3K+cx7SdTpPctQthu0+QgYz4E+IWsneG4peNxyKgQAG8iXx2gE1wbCO9F2uJmuV7C+4UwLaOgB3otjCJHAJOAMcOr1XJxscMoPB6raGeBhGYBLF4tE0xy/Vw20ahuTEobhYbdj6Bi8BDofF/mBTE+BVZZh6Ie8Wo0pmTbAHcJuOkmkVakyOEEpOKh4v33Vt23Vt7PyqKkf1aHVlUpWlB2QqIJji4zTmY2iM18kXo+mqdeA8JmpVnkS9S0pUEaCcHwj0oZkXt5zqfU7in50CisFjd7r4bBQsIDTECBipYqvCWMAeiqKIc0mlDCJt+wWV/uCzp5I+/9mTMdwV+WJ4Yh24vK8PHK9zJLMB4eB78O2OXE3AMQcmFINCmK0DS5hyndAoBHLEgPzJnh7hK18975yvfhvxLli2Fu5NAWg3Wr3gcRI08EEB2bMQ74yf/+QXz/7E2fHWOSrKbtZ97eyvxf3qovTz9tv/8a140Ct+dOUrnvMK8lkqbAl4kbUm3Rb2cyWBMsDyF4Ogq4Tu4c0+0Jwc3O/SzNV8h7C6CWqja67Y2Fx3871ds3c2V/GWWsQ7q6Vlm7gu7IR+M+dzBZNtcnoHlBD0wjXovvcPrmWjGiUSiUQikUgkEolEIpFIJBKJRCKRSCQSiY4IsRuC0kScaOZOAtEaimM/MFvHwwfnATqB1zwRJ8njpFUhPjosmwORYH0wDBNw7Ixm2sBnywvNYTrcECqbq1xeHFQZvWezCjIPMB78PFaqerWoJ0U1MXVtq/hKBbRJ/LMgaoKuDkuveBD2ueCMlIVeSPyLSR/dH37PU3IMJp+0zs27ZtY0864jwsIn6gLjKdDdxBaGQiuMWfz8fuoBcANB6xgETRwyJw5ZHoRXuC4MdW6fSrSUStObnQDAAKYgQWMxmtAL+L8AfxfNYEIiMBhV4D5k5w6NLBGOj+t7AY1J2F6BYjcG1jBkoJJyhGBwnUruN3BJLnctEkI62xawy0cIuXeRraGrwI7Tms1hNIXjGIrIMei3ghOF8BNVGBXL8DZ1bnZJIC8HZHVgCiJJ4+mY8V2xl9vGtV3bzpuua+P+ZWHH48moHsX+cl2nU49nYx+cLXrg3DA0wAlbp09mTvAVVWjPQAgdwGPmiKOKPF6QQ7glrpjYbZBPRWuxNKYsTGmRXrJgcIJ0DeY0AdjA3EBCa7C5zJwsl+95DQy+oJ15fXFDl9Eqvlgeuf0BJwf1ojikXJ7rQjr5zyjqP2CWrFWFB/8dzDgyFI+lDWFrtGbRCyrOzzhCaPpjgCCCWeo1R1JBkJWNE0uD8ZAFj5o45q6AL1VB2Tq4MwZEgacRDn6cfd5QeBRxbfGGa+OzJe8Qg/FcFpc330YztrV4VbS20KpE8YoM7DmU0Q6Yh9rzHV+zn4tBLxbPCVmq8WE9uMs3Ny/Zt3sWFw70TRFsEbhfAK3RQ3MnOj+CaHnQPXInsQG0dGkdxJm8nxHRCwDgfsdtP1+IRCKRSCQSiUQikUgkEolEIpFIJBKJRKLrUMwPJOuLjAVwtdwnRsF5T4XxWDg1wceaaYf2J43qoZNYzwyEKSCawI9BHTGQVwR5eGA1lDiBkArAOr0l1Sk9lVMD+25ALdbUtlyrJ2vVZLUaTQpwOqmLEmJl4lNZxsJvyP4OYfjpf3I3Id5DqWTiwK3j9uh07dw3gUvUKl5807bTtp013bxDTgSghrgXXK7RfZ5OFAIoPQ8xaAB5nYC/CXzhAlhuOAdt6svCfROwfSYNSGIsMEUFq+LMOaCHAmV3YKpO74ACZhuGSs7ZI4WcSHwcLLLx8BzKwRwIsiyQ5mGGvh25VTqDCFD9Rv4IwJnW4wYm9pBxhNFFoTlDAxNBGN3B2BECWripisxUCnzNQqMtJ/tgdI7GeCa6VPR7UBxZRPANA0NB924unhwbUveDk8y8mc9ms7Zt4xfxGOPxeDIe1WUFR0oOOOkakzdIyEk7Pk0Hnilmyd4EOZU+wwifC+P4HeRf4zRU3TuFjirALsQpBcyOt3h+TCwxlS5Gla1KW2Gf8HXjUXAHHoGgE8Wkh5OVJw0PmV5IllFpbh+Sr8Sy0uJhEmXhfNvvr65jbW0ATsPFb+AqAhLCBF3GuUWwEc4jujEgARXvcnGJtnGxet0p4+N+6DkTZ6nTONuS+wzce2BoC5qpxoA9SFDxhmSBNYkHg8WvOQgJYp5gcYMvEZJXDIR5Ra5S2FJchRacTnBFqjS1Azk2DeiZgL5DBAoSsBLYuwrTnfA+6zGoR6W5AFlNYDakndEdLt54N5p6/6NmtreZbkB+GlCDwdh0pzaZaOvpwNSjDhktlVlCWPheZSbLGDVYNulig5iWiEQikUgkEolEIpFIJBKJRCKRSCQSiUTXa3EBU+Uiu2PUgQkNesVjbo5D6ITyYRzanLTKNYCbqFaHDogTzL4xGGZiqF4e6H8u5GMhl0v5CzV1sm5IBg5ZZP6AhAEYg8Rqe2Xt2mh81HhtUowmdrxWj1fK0aQax7JsVdWYcmHwY/Ymf3h+GKZDxAmxJkteDJqjbLgKStvxamNxOV5y67pZ207ns2nbNa5zaNmiyIeDbEEgAQPzONgfoc87YaAHHC1Csjbp4hexlN11XXyG2rdhy49sHKAGBXKtchgFZdBAbIfJRiBsc2LJKYR6rCCsI2g2/2DIxuHgehMc8h+eD4qNLVKZ3ZjsaqCphj1oFI9LB9wMGJ20Xde08wSdeAKGIFAEnTpwX5c8VBicMViZpm4i9wiATiym50CuCUAnAQvWsesLMpyAMj86PqBRhCWjFOokiLGBYJw45JaK95x6A7O1befT6RQ6vetin1X1qCqLuo5/1IStGJp3fCxPoFO6ZM/dQ3zHwOlEZ2MTTfE/Nr9CPVWAFQ752mgwlIl94AvV+tDEjgPexgR6F8QhGVNaUxa2wo2C6J+ArdGMaCku6ScOSuWRIwCE7VPyfFchL6Vk1HJN+UMscBzqutb+IIaF1d53IIa+4FQ0KlNG3MswzQNYPLUu3gBU54wHFxMTCqOdwXkOvksMxsGkhKHzKj4XSGYUgHjEae2LwIFI8Ac5/qATEFsA9UME3/WAgyUHEfQyAu8kYsuCGrqM5MuCuwtO1vwlzp4MEGYkK6ges7N0eG+MM3amus1mttE0G95dMt/XxNWM0UKerYMU82f4fxi44PS30Uw2DS5myGHtf7Su+1kjEolEIpFIJBKJRCKRSCQSiUQikUgkEomuvhjD8MgQZNcHMq2AanlwaM4B/hyU7UHEyVz5VgV6dhohBoQJgFjACnd2DeB6N9RMFVbiBxiKygYNgwp5r6E7g48FXFOX1aScjIvR2NSrRbVi63FRVUUJSSRFSfxHPgZ9lN7nww78GvjweoAKJM4jJOIkd1Ab/LRpZq6du3bWdZ0nFoHqqQZLz0SfaEORNIbZkZAagd0bHKjFZ4BOfB99MWxHf8laDSw4UvEY6tX4Dsz/QNcPYBcMUibkdwIvGT5gCNlrALveQYyP0yEMEy1SFo9GMwRDIRoZexn6tSjFWSPg/+C7OC2atm1dE8hDhr0wVIGgiVYl5YYE8o5gTgfmiVUpwoQtVgxiNIDPWJwogGVgvAj2J/qggI8M7B9PZBgBwdMBZeGgfJ7yjFLej++6drq5MZvP4pHXVlfLqirL0iAG5J2j/KDAPEkiNZbGvyduluYkzW2d/E34lTxaxVRjhJLBAB0wxABqpLOhs8Ca2KowlJ4Dz0YX4JwBQSwIbgVuREjWEiF1Pg2pTgOjEEIaOl4M1s8AoRost6svfbVcUo5Q0ZjDdMf5E5ggU0yJIT/l0cvHKe288So+rA+FRysnbxA6QRZKUUxUsBoRk3iXAjYlwDbOpBIPXdLKhXd5j4idCfkukeEm2PA8Kem7wNHx3SE5QlEzA1MmuCZD8utJ+7A7j0ajIJ1uMum9zLFpG6+mC2Yewt62u3I63TudTpVv4hq1yA4qExhYs+l9hngcfGg1wAR7Iou+zPyJ1vubeYNVJxKJRCKRSCQSiUQikUgkEolEIpFIJBKJrs9KniAYdxCoFKsANukUuptAvgTkgsA2Rs20IRBxMtNYVDdcgNSGElugoAm1VN1XyhWWJa2mnJWh/UkYtmNYwSQPCf5O3KqLclKPR0VZKTu2xaSsxga2C40uH8bkbAcqviLpoTNJwxYGWHtFAwmlB2RGUGR6kUqg6cytc5vzZjqfbbbzede2LiDUgaCEMRk1of+HdfmcSZKCZyCiyDkI1AEvg4AxMzoUBSAiQXMSzVL9NYWlqGR1AL3L6TmooiiUp0AbOH2B0Ak5zFCRmWvBgSronJVEZWMwHcFxobQagk0oBkNnp4xF0iCQ700AEKdzXdPFB2A0IQV70G4+lupbqHgXwMVYncbWEqRDZAn2PTUb2wzYBaAneEqDTYnDGrzD3jWYWoT7mQwWDV1pkjUE9HIz35x2cbC6NjaysMXKysp4PAYzGgrlUbqwiEb51FFhkBgCNjb99S7ZMeBAqBymQxs8dhqnPKrYLJkc8YjZEGljqmpUFuxrEptgS2Z7DMEkmHhkGDZCVwrP1jVMTTHDQ7ZAeOHUGaH3mKA0IxxVlYxQ0oxkxxu1iBEdVENfoGxxse2bw3VoW8Hr7dAb4KFfwa0H5ztOhWQSAnclcHaCeyASJy4+dBVCAWNCNy/Kr/IaPE5oWsB3LVjv+BLcU+BuVGLsjQ3eJPcoSObRtPx8ikkaeq8oq83ijQBvTdizGc8IiRrDOYzHie1CAAtfNuRvlKA+REygmXADptuWg7aYVqlN31zZzPd0s71tM/VdF68KUsq0azt0ZoltB+iE5hjBJ+AGRJ5GAy1Cc6pH+pjmC4s7Bw7/OTRtBZ7CdZ/hJBKJRCKRSCQSiUQikUgkEolEIpFIJBKJUFS+TLXakPgMD3YmDsukjkwsQsCQndACjBLmITQazFE6lT9Az4SHZq8K9NNTc34wAAAQAElEQVToAxc4Qge4ie1rw7p3cEgFTZ2ph8Lauq7HZV1aWxVF3BgVVW0LEBh+lEZRpI5O9AzVaPMH8+mi2BVCc/YMNSlBN7mkmzacc7NmPp3NIVina+auU8C4WHLgUJZcRjJ2km1OyGqgJ2Bc14EvCITSoMVJKv1noWlBX1oN2qdes6kXNEEnBGoUCFDQSZEviEVuqHNjMo7R3mPkDIUnBTwj2X84lWrSXI3WC04rGGJDVWlquE8OC+yjEd8M6UIQEeQaF2ZtB84jOHuQ5WBIo4t1eedM25IPTFA8oIZSchS1H3aFDA+EKqxR6AFiiEeh3ohfBkwzsUgV0fFNSiwy5OCiuXoNNE3n2radz2Z79u3WmNQzrkaTlZXJZJK5EAprYrogXadOz4NcpqVskJBJKZNEu8GIhwRRsceNKmaV5ywTcm8pjIUMqLIc1aa0HD7F6ICnxuH+iaPBVrJ3SiCrGNO3uF80xBskTEX1tic0z9Kl8Lq6SmYnYdBBSy8GdXVsT64eKHBI70rEyeIVEqnh+69Ucguiex7RZujcA9/vwNYpzk7lAqR5OZjI2gfjgvGhCGB2EocaoBNekPFLQKpM8GBtog3m6QBfYoPH3Qhw8709juF1R7dcnlmBLXo0cG8eg5SoYYYvgbmNvjc83smWgq8MLfTBtUJDPa4YXPIQlwMpYhopGnAj2nDd7vn0ivl03cNiVVUVb28Bw8PYMImyprRfHHDEdPJkZEOrMGS18A5rBjRNTtzhWxDYyQTOkTqYsK/57q7puoIT6EQkEolEIpFIJBKJRNex1jeml11+5Sz+3nA6j78tUyKRSCQSiUQikegwKZZVx+N6PKpvfOOjVlfGSnSky3Neiubyt6KPzdMGWptAQdbTo0PuJD4aitTBNJYAwSH4eX5AIgITIxg6wdVeNvXQOpcq2a5hkHejub7ObApZCRCioiGtQo1MtQqpOtVY1ytFvVqPxmVdFYCdWGvZ1gHtCRJGY+jYBCjk5Be4ICwz01soxoK9Mqg9mj+XH5/mbQvBOm3beeecxwtjnxF8LgyxAcrkz/MDkcPmBZiv4jGaKPi26zwzBvzhf52CUZh+GZTLCT3QqZrMhAoF+UAQiymAzcBMnKAoVYZIChhMAFYGrg358odF48CEi05WKBRqQ/4vaSCYNFFKJQeLWJN3netA3rWujVemNCEtZK5Bx4DejXMlVt5LqtFj0ZhsTpA4gZwcKiNzh8Lr5LaiiJtRHMfjjdF57vREEdahcweBYQV0M9A9s+ls3szrqi6LOD+q0Whc1ZVC6xQMW4LWmP6CVG+Gw2FHyfMCx4f2oZ7iFiDrMwgVya4rYejyUZg1iygJmtFgApTGfCDwc8FuotYoWmw0BRixIiCFDpoOiTYTivtXYcATowhpBzNwngiq9/ZRafKQf4w6JA1dKxiAGEyePC/3/+5r1YciTe8B85A38oPTiPpvUeoVunagD5BTcYU7IM2MC7ANHicBaBIfjMeAKMQoAJEC8xKAqYCT8r7AG1zcrQRGCh5xUZjAo8geJ8anpR+G3h9Iapm0rXoLqOH1kTGR2sIMISKVUTtF9iZpXWOTAyRYaaDQEG3TFKEW7+WN8tPOXTnbXO+aTdV1EA5k6BYOvQSGLAZtqAK4m4TM0DE7FnqkjpqlQ7KlotHHiw0Z6FtYMDwyNGNDPuzyReerREwxLUT+OyO2zgt2IhKJRCKRSCQSiUSi60jxX6Y/vPCSi350mRKJRCKRSCQSiUTXgDrn9q1vxscll115s2OPPu5mN9FX5xPxomtNHkMeEDRheICsODATBmgSp8jgxLfeOR2LlqFVvosl2lhaNGjygNVV+Hg/ldKBYMBDD4rglESDhcZAZwUFqnByORViaygzBIuLQCdQ7b80dmTLnfXqznKyaker5WTHaDKqRnVZF0VJnhNYjfRYJyXbCE0XlcW5JyGBFDn4QafavGLrCUYMIFinm7cd+JN48EAAXMAS40Hgh+VkHUWBNJpoC6Aa0CAAXBMwW8d51eFzSKYG8b3sq6F6VwA6BHdYSHYvgXJu+AQQoAOBNbGQTBdNDcBwDw5Z6U03+oI7nCtkN4i8p0n+C5hL5CkcqXd7QbbG+5TFE0vVcRK0jXMQWzNvWodQUc8MqWyaEovaziSDBrCK0Apyf2B4sDpvbEE2IZqcQKAsD/sYtI1AzgFNXahnuUafT0R4i0fLHHBOMdp1TdS8mcdmxZbWZVXXdeynwkC4DxTQyWBBhwHOQT2uc82ezwHVdERehtNXZ5cUZE4AWLKphxd6PL+pGK+tUnMhFwgwG6voyP1B2Wgm+zcMjkIUQbZYUUvGIn3ulMrvGBIn6RXdv1VvIRYOXdeXm3gIPWKS1rpfaDoF6eCczuZHMBUcECfxLoegCQboOMZKijh7PE43Ik5ST6JjT7BoYoIsVbBIWRBJgRM9sWOMmPRTKpEiKt8FwsCkZWtvs2nNAOUJnKRDB+kvb2GIkyMLe6Xogm4D8c696bs9zezK+ca+duat8RROpolnAsokkLVI8omK16cX26YTprft1Mis3PBatlzXVZxUergkCd5TIpFIJBKJRCKRSCQSXSf6xrnf29icxo0b32jnUbt2rK5OyqJQIpFIJBKJRCKR6DAp1ujX1zev3L338iv2XHTxZXv3btzxDrdSoiNXhJuEVPdEzwX6zDxUYVuwOYFEGDA40fRlLFpyYotnHwgqaqZat96uGJg9F/gD+YAiKPJHGdQRQ/ZPQDxAW4wbqQu7Wo5X69FKUa+NJmvVyqQaQ85OrOWjTUaKeQj95+5DyJE6GSqhY4el6uVW9wAs3cbaa9f6znWNi5O69QHLsNgoYwyCHzljxVAROl8FuYuQx0kH1IqnNAzVF165CeytsaUg25tSaHIxMeimAvyCxQgdsnYxaGOQr8FQnTcFh7ANgqLoHuBhdM5qIUcTjIbREGqT8YfcTCZeAgZrAIsEHicO42vaedvETjEYluMx20YnDCIgVkMV+ezdERtpjS6sQgokni6YBHBAZyKDg2iGtYPZY6lmTRE/uW3JFQZ5Ht+FDjq5nYGm0/jyjtUdO3burMqSZndvz4A0Uz8X81wZlPtNXwjXvTtGnz8UdF9H91uK5n74RVGP6n5iGZ28c7bYceC4ppPls+vBnlr3zU1t27Kl+qOGfPg0xwiKIYuXrfsfTNs5bxx5ymMacs4L91t2x0BMCScOeDThZgffAo8TtjbRLk54bTzAcUicgEGJdXEGE1uHx2OyyxeARqEVCmJmcVrDzMa7mFFkHMT7s2dTurcmWMTrfjamyxgyYyHPERxFWGlsj5QCpRI5o1RG1vJNGdOo4IEYXFx/RYBwrHbu3RWzjcum6+u+aWLjC20KJNcwRccSz6XZVyT9sQBFIUm2NAlC3i1rkTn5sZSgtoSJMaeoRCKRSCQSiUQikUgkuvb1wwsv2diclkVxq584fsfaihKJRCKRSCQSiUSHW/Hn7aN27YiPo2+86zvfuyD+BH7hRZfc/GY3UaIjUhgvATE6WAJ1yFrgl8E51wbIT+l0rOz7NvgOiRPMo4Aap+dcmsC2GVsr4OwfovJ3MBQBi4YAOoQMrCR5xCgwNwWSK2J90UFIRWXNyBZjU65W47VqZaWux2VVAquA1ip87KHTQ7JuSW4CZGAxbB8lnPC25opqtklw3reum7VNfG471wEz4g00mWJ1UuILUxFU8NVhQXAQCqJxnFikl4r+W3wNNGMJgybBE2bqkKuKBe7EomUIdRQYLoTh5aNdTboahckhDu1cIEAEAylCGphAF2J0qsoPC8z4JZpAQOsd9EO8ks55B443GO/C5AhYJOSMF8pRwtQRY0pwZNHgcaIBKIEH+sPQNl4aXE4B9XrYwSi2ZjALhgZsQQMnhG9Ae8BqRuum9eBu0nVtM+vaNvbPuB6trKxAB6VeNAtl/UCXl/CmtBH6mdB7NKhkEJFYE6U5JYq/oXrbia30R5G9IQZUkKeyuVp0tkhjv6g0CPvR1nNm1mRgfEH8VvDqBq0EmfC14/QJifFRve0P3hgI34CAIo/rgTaYOPEGDU4skhqGiBMfCorRQYKDbUnQOwihE7hPocsT3AqzFUqPLyXiZNhCNj7hVw5FHDeFOUB8XZ4ZFBX6EyQyA5+Ai1GQCwTUli2UtfPgrpzN9s4297azjdA5g2lAheFEsYAeTTpZPZHpk164RaswyCdaHITtEKjDryFCeG2cTyQSiUQikUgkEolEokVtbM4uvPjSuHGbW5+wujJRIpFIJBKJRCKR6JrUjrXVW//ECed++/wfXnTprl07JuOREh15Cpihg88YNAGVTBe8g1Qd10CMDnqcKN+o4CA1JSW2aIROzMEKf0MXE5UKozpFM9CfBiq6lGtjCKTQSDrEQnCsmI6LYq1eWavGq9VopRqv1PWkqGpLphhsc+KXiJKEfWz9QDydmmiV3mok548o5gFa186abt4007YB1iL2DJIfyhQKg3XYowMgiKHVCJ3ZUR0bfEHie53LRMbi5/6zp8dC0/WgqcRvWDpzwk00MhyWcmeQoIjfDNmXBFkRg+yOx3YAdAJVas9RGBSVwxk2XvcOJ0AmWF3gQLAlA/A3aF/UtJBf07oOjSIIvaGgJEyjoXPFt1tjUieCf4IG7qQqisowbmJx5yI+sHYN0URgfKJLCitCe4g+TCfFL2k0qIAQHs0ztuvio53OZw14NYCFyXg0LstyXNXgZgoAlUMXmj4taMhjmH4G6gygEOySnVEQ9uFRIx4pTRivOFtHDUiPZQ+RgtmeJd+fdLBUPNfD7wwWyf60v9J+WIQA8nHClml3A1IP0yxfe+gvXzGRxVgVUyZxkWKGTnwG1gTuNfQICpY4BusYZE2KOCcCshmEyPkeZyk4RgfixDBYB+anIXcRHfqomzBsQ7oVhu15k4HNyWCHkE6aMnUCzl7i9hK9wnMr2YHQ0oRooE7reAufz6f72vlls30b86nDNC30OcIIHTwUsDOBLJvC4EZEDTiUKRS2kCj6apIhy2/q/87ovxkOFdgRiUQikUgkEolEIpHoMOqSSy+Pz8ccfZQQJyKRSCQSiUQi0bWjHWsrR99412WX77700itueYubK9GRJzQ1AU6CzThyWVZ1EDoBjzb4VoVWq04TGcLlTCROMKUFDSqM7j9mr7b9AD8FOAzzS/IzF9vRRESBzUogjGJUVDvHq7smq2ujlbVqMqlGY1tWADBwPEsYHISviGqyIbucDE43KL6DawBDG31zqWjaBTedtzMkTgC0QEsPba1CbxWMuOF4Hba/QHnsQQcmIPAEjwDxOp64A6OTHwpUvLXeHh7Q/J+iMxnM8gG8BlteIpdhKeeHK9dA/6h0oYZsORR9N5BNieKh5WQPeJdJfU2Ajx4OADspaAjZ8B0mBLWubX3bhvjowKtGWe5JTXgKeiGYEN9g0P0kHr6wtjZlXRSVJe4Eml4AkoJgB9Tx0YYES7yVNQAAEABJREFUDEsIPQHnEuKQDKMVPTAQuxWuAhJ7gmub2LWz+Ww6mznXUj7PymQyqmtbFAbBJQz3SSxNcsHYUqOGDgkUfsKUCUJMnDqkU6qOYmwDNgaQA6A3eSrrpWwdBUCCGYYC8fCqPCXp2H4BMdEZRUjeHRzJks+iliJF9segqGuQM+EW6HAdppss0WSJLsvfJ0oorj6d4Q66KzhM1XEu4yYG0RM2NQlgZxIgWwe26dkGb/F+R04nRvNMIuYOZnw8TvJJMpxxNbzTBYJjmDVRQQ1Ccxh9UwvXkS9m4NCDOBm5UqUYMQw3Mwy08O2QqD7jPIZrae1s4YyeB7/etLs39u1xs5l2qoboq7iyyZhIeQPTzercvuEtOuTe61u49a57uLU4fYd3dEV/i4T8DZFIJBKJRCKRSCQSia5VzWbz+HzUrh1KJBKJRCKRSCQSXVuKP4FfdvnuKf40LjoSBTYnLrhATidAn6DTSfBdcB0SJ40OAJ1kWwGTng0lOJAVREgf0Q+DivkW6SEGonr/AdWnyUDRMx65MHZUljuqlR2j1bV6vFLWq/V4UtVFUSCFYcjbJCwcVieHjJChE6rpBt4rn4Q/Jg8XrdFVhWvJcP1N1wFx0sybtmkhlgf8AsiBJbErCQMY5AYpcIkBobkJmMcgyEOnJJiBgmwU+m/0yI1ewF4C5d1Qkg6AGoBrWJ18ODThPgFPHdB1A97YaaYmwJohB4DgVTqdTT4GWBASM0qpzDYwH+HREQVdVMDVpHMdeL04vCYFfRVb4H26eCZp0OOE2JNYvremtqay5agoSmvKgO4mKpQQqcP9WGqTY4oM9w5dTxx6TexF7h50jnFk0xJ7t2nm82Y+nc9io8qqmkwmZVnWZWnA+UZD8BB0V2ADl6AGPdybS+CwD+ZEHtrkL0M5SIMIJpU4oQVPjTSOfgFnQhUL9fD9rQcKZ8oHHcysBcJli49Ker0/tM5XqdXgfAtUymGp0RNHpc01yRwcVAlDUIO7Bo1HfxMi3sorjojyxNOBgRKE6bhgPSImnbchbnsTXwk4/xTl48Ayg1cC3ul8YC8T7GAyNYlrQTMnFQarKaj0ZZ/dxKlXyg/aPNTwlRB4t3yvDIGhKUbIoFEYtKNCWvhMm2EwmQYvl7gSqirev/a5br1pds8298w2ZtrpUcE3C7qjYS4QI16Gz2eX55vuez09G623tlz9+OYjg3mVvX+2xZs8rOHrdBKKRCKRSCQSiUQikei/pDan8GtusTkRiUQikUgkEomuTa1MxvFZoJMjVr5z+On5LhDsETC+xLXwAO6EPE4cep8Ew4EvqahKCS/Bs4lJ4ECJwOXCvn5INU69HL2Qkk167oEDVmLltyqK1XoFDE7q8cp4daUcj+pxVVbWWLSVCPhm7TVbdaCwOAm8h88fi9eJI/A+sJMIR08Qk4KkDebMwFt1aDs3hdSWedu2jnwwDCES4DxibZG5E3LTCEnQjyiKp/G6NyCIRdwwBAoIPUGDmOxpwE0Fhw24fKtNYZHG4Kwcw6wJ4RBwMcRVZLeEYHQmJ3JveJUMPyitBighQloYfNHDNA+IsKGyOPopNG2L5E3rETchK5cQ8Gp6RoMNbKD47kMcm0qrcVnWRTWGnJvYR7oubGFsCYFI6BKjNHBD2DUBz4gkCkM3HpEjT1enqT+gnO6ca5tZVOe6pmni0eqyHI1Gk8mkgDwd9ILQNHl8plgwR4nTRxzV/X3ydEmTzqZetMyYBKZgVMKYyKsi5IQPn31QMviRDSB4FmP0Sl4Mav/Ka0Jv87I+wFvy9/wiYrIkvZ/Xr/caABkYK4XYm6LhpdXtaeAch9AAUQfuJqoLuvM2TlanrA7GAXQSX7degVePZsMZshCxeFOElapT4JSGCWrxBqR5AvEKY/4DMZQh4JQhvK3sRIKe0nTDueK9H1wmPvPMY3KGiBMy8cHYKSZItAH2y8W5bk2rdNM1G123t5lttO3MuQ5YPU28YGAkhu42mi4qIPIRGH3T2T4mrwNF8Ay8hdebuoYFXJuPV6h88nPSCRcU4kQkEolEIpFIJBKJRNeJcsK0EolEIpFIJBKJRNeWyhJqr13nlOjIFPmaoNWJDhhi4rrgHASaYLZO3EEpNrkgywWjczqEz+CB7iNIqDy5pSBIYSbD17mQ2lt9EAEQz1BoMy7qtXplx2htx2iyMhqPy1FVVoUtIJgFSRDfm4XkD8NrNfxUfFA90ZKMWHQ2F4nFWaIo8HIcZN6oeNFN202beRRcs7EmntGgNCIT6LCCMAT/0zKwRwyQO5itk7gTpTJmQy4dVChV7FqhM2uSbFg8GxUoIDJKwEygAkx9i4VvdFigoJwcr6MydeIp4YjiOzSUpx2UxcniQbmcFoMHpuiehJsk0wi0fWCfFLJ7ic8OoRyHMAqbcpjAPWmIF7FoihNKoyoN/jQrVTUuq1FZoXOEKjGLqKBEIqRICkRPEIcxOh01zw52ecDp5HFWxG7dBBQoFs/b+NbJeFxXdVEWUWVZYoN9qqBTzlO2mMgeJNRpOteqbXIEoRQcjtFJkzkRA1hip8MxtZOtNHQaRpp+OUGF31n0PNB20sM/GCMxigAurQaYCJJCqi+xa30Qw5LkrrPNCdQNQ2mJp2WWN0O2h2E7nvjsMC0Mk3EgUqcLcd1Dko4PRQiFA9wEKQxtvLc4gXCZAmViAz9zjI5hzEPnGB014Lx0P0QqJZUtgCe9hjdBbXriZHtLD2w7O1EBERiCSvdSurMQcRKvwBlMRYuvWz1z/srN6b6m2eiaeXwbuSZBoJODeygtPTw1gV0AFdI9mtGZPBHT5OfbrCHYjYm2nlmjsdgf9nTVpJPzVUAEDKOsdPKwUtcC7CISiUQikUgkEolEIpFIJBKJRCKRSCQSiQ5VEL/iASoIWLmHTJjGO0zVoWAd8ABJfANgBlzV1cRAKI5C0WrByWQ/ZXG9sBXUADzBI4CLhi61nVTVjnoFH+NxNZqUdVWUBYAKWF1VUEkmKwtNiS+ZiMjZOoM6e0hl+GQXMKjvaiqUkkMKlHQbUOuxuKrYFIQAEEu0hiZiA5tBfAmBJg6YE5eNT5heUMlXgy1ienggcME69P1JDgtWlXRO5HiI0qCwGJOuJ0ESGqNt4Bkr1yHBFmy8wh4QGX/hVB02blGJnkBzG3YxodAM53zTRnU5SsfkzKS+yp4gj/gAGKgrlBoXdlJWK0U1tkCFgE0LXppVyVYFuwTPFHLHZPZGM/fB2Ult7M+unc0252BxMg2ugySdqp5MVqqqghJ6SEdLXhCDvJo0IZPNhEHmhMvr6ZvoIrMwOzE1KM0Trun3DEhCllQGhtjnxjFXl+vhxXbldr3lRexf8MxR3Mg+VSef0Oeh34/CloMvrb8byodvstvGYkYXASaZ7eB5D8MCSToKk3Hg0QXj4AHBOl4VTqHHCdmWAEaBbBegF4RjGJylmjkmRZPM8jnDsJN7vxpC77h5PkFpAIckWE/r7YNpEjgThrEyvENchh4Tfhz7SnFkV0geJ5CqY4xTutOhM2rmuyumm1dON+ZwL4f3KvKCgalg6eZEC2FwO0q40uDOnDpYKQZoDJ2sx2m2anhNB6SjDiImYRZBnN6hSIfw4xxdJBKJRCKRSCQSiUQikUgkEolEIpFIJBIdHoXQAWsCjELwvoMvfRfL/Uo18AxMh9MMnOQ8kaDD4HP9A3JiqMF3jd7+dahymlSohXqoD4VRk7LcWa8cNVndOZqMi9HY1qUpOWoGIAjy82DniWRzkFAPv/UCKQUiZNcRNNcg4kCHZIeC2Rtuc3O2OZs2XauN1dawOQggIODNYYkAYSMMnTxOVHp4boPKrgfJGUTrQX2ZuAeP125zXZZCLmwBLiDW6gLBEMQjyOqgz7IwXBMPPBa6T5CBLcwXQeMVytYh+MIiZDFgF7K/iCbaBuxuqA7tnJvP503bAEjBrgcBwRHFeSI0fANaJDaptMWkKFfKsrK2MgpdT6IKssAByKWALoWiNVpLUMiRGgATIds9QBt827bz2axp5rPpBrA4Ro8mq5PRqK7KKIjCQVKGQCSy3EEiCVNQMGhFhUFjud8JNhn0JHVg6s80w6lt/WSi19Ns6cEAmgL0nHbjsS62m/MZ3bka8tsxK/tVrsjfcFwhhnk6A1eZMHhKwBmac3jwOIFIHUx+iv1nXCgcZugQcYJ+JxpvCLpHqMANBxcnYl+KNjzOdtzoHUCgMXxbTG2DGRn6RtLNJduwDCmTJY8Q2pk2fX9JlOyk8IG0HDos4f2k4PgpToIK3up4q44375l3V842d882p74D1xNYhLBIqQXclHTXTecOeQ3mBenDsO+XQJnEiy1fzuEBQUIIQ0OfMOzOtIO62itJJBKJRCKRSCQSiUQikUgkEolEIpFIJBIdPnnI0AGTDiyet8igtCoAcaJ1R6XO7BjBUADX5qnYyp+YXzrsNh4PCxVM3scwnqEN0iclhLOMVuuV1dHKajVZrUYrZV2XVYnBLOypks1CwpLZBFX/t8leGKRwDD/Qr5OZBbyv7cDZY7q52XQNwBmxtmtMvE5bFAZyYYpYeraAzxjP1eYB6OIxWAcdTxRDHplg6LN1uPo8rDWnTkErFWBTysICdALYiUm8CL5Xsw8KhXsoHVLlWIHZCV6V4do3tEP1OS+5Oux5k8wK2PwCI0AC2EGQOUzsjNmcvV7IDYVbQE0YTAByBNHYLaXRk6JcG9XxOdbC46OMz1gRN1wZVwDxGAz24ICmsGCZQsOigf6Jp9+cTefzadM28Vq0d6OqHo8nK+NxXZZI4XAZv58/GQJQBJX4fFzDaA2b6RAihX2bOmRx9i5Wz30YAEQ91LDlLRS3hKlB/K3toZODaGFHdD0JetG/5BAPNXzLDULkHqSWA2gWKYSAyFXguezR4ySOcucxPUexwYmHRWwD2JwUMOE825l4snLiZCaTnpGwI+4kpBmUl2Syx9EcppMdOHBR+kFgTnYo0SqjKmpA0gycTtIzOjil7yqGyigLhyK/4l3CBrhPAyvYaDVXbua69fnsyun61LmO1gHcjkw6tR6Y9mjdQyc6fcfkXsVnnW53dJmDDCFzbdjn5D4JicEZQosikUgkEolEIpFIJBKJRCKRSCQSiUQikeg6l6ZUHfA5iSXKNvhWAXrSgt9JrMYaLrlT/ZESXtgyQnHhleujOUomLBS6c01/wexE8yuAJGCEhVVQCB6P6tVqvFavjE1ZBVvroi6qEQTrFIHaEbajW4JKoTqZL9mmIBn6N4A84hse39c513bdvGli6VbZWMfF2JVY2bVY2YXiriayIQVPDK0rEDYJfhiwQnk98Y1ER2g2EWGfi9y6hO4A3IH5PRjhg+E9JjV6YEyCtAeFXKQB0JqHQGcXGiYyQoZb8IFIBOXq4NkUF8fZBUaj10vcaubzdt62rjGmiDv7VHNGX5LkbZA4FqtMGZsdwhqkIBUrRVnF3vKxlI/cjDWDGj02mzP3HRoAABAASURBVC4eo0wQ54C0DvRQwNo6VrG7zm1Mp3v37WmaWTxHVVW7du6Kz1UJeT1klJImFU4fHHbgX5izWR56v2TOkscvzRIzDERRw05TjKkQ/cOGJmBos3BEVLzaNKic9FQsmtsMh3yorf4Qevk5LM/6dBVLLd7i8kPfWL6wg+igHhIAOmRLn4McJ58zAwp57nNr48I58FHoTUhoBaUGWS+YLcOsGdBeSIN5hz0BJJh2SjtHeTqlx0idAO4mcYCM9widAGJSKEQ5yDPHo8MHcm2Gb3wwX+FeEUL2Fwp0m8MNh2sUsRVI/emdQ/BdIWDwlaEeCBmN8qofCtMnxfTuSUiXoQWVT9SFJr8TuE0UCMBhOI71pW2U3/DNVHV7Zpv7NjYa13mjHd59eAobjiXDxUIpYVrr4cxi8yG1cLemDkd0y3DTXJr0Rm8LnSy8GA6FedJ6aboNnGy4KXjP8D23yB15CAcXiUQikUgkEolEIpFIJBKJRCKRSCQSiUTXsDx8Rt4F3zjXGtVpBQk7sdqZCny6d4cgYwkGTSgOBu0iUjQMWZCQI0dmUQiQUJQ+gpkJWM81bA0Qa75x0+ki6ElV7SgnO+uVHeU4bkzK0chUJYS6YLaMyq4qHBHDNV2gZJKThcqMR0gwQF8DBcwB4Y9sZQG2CFjJ7rxrvWt818FuViEJUZjC2CJetA0QrgNXhbgBtDfV3OPpm3bu0CcmV/exLAslWTpdhg+wKq3I04U7L5BhgcZsDFPAaQDMMNiTUIxG6xSquargDBMSnqqu5KjCNga4K0ERuSUJ7iFTAhN6iALSOBA1ghNRFk/8quu6Zj7tnMPRizNBu1i7B+SGjgOwSmxivN74JziaeDUxdlyXa3GwyrIAAEUVpa3KMr5JJb8GJF0IawHjCXLG0RZoHoQJoGI/b9vpdNa13XQ2jXLQBlXX9Y7J6srKpIRsntioOFERnQl5Eig0iIGx5NI+dEqyOdHkWpF6gbpgUFHXNJqOPGkywuIU+9Nw2g4FJ+Gzo3FHFslmAgeHMM8z3i7UYVBiW67V+vo1YSHh1dVTTq4h+xCP0TmGaQhedQB7EOnjETcJJs5rF+eb10CceIvBOpCqE+gRiJ7LD51YCUP8Fd9v8PzJXMgQTDYgaPpB4Qb2iTDJ4oimH9uUJGauZynSHwkUo6SrhJbhpUDHMRumM4ABvi2Am8Q7l/Jd0BuhW2+a3e3Gejubu46gGUC8vE49xd1Fd+iwlXXqm6N75Gp5KPTSxjWnlJ0UligWkUgkEolEIpFIJBKJRCKRSCQSiUQikUh0pAmIEyilY90WPrbvYMP73mkD7QSGLgNbvRpyNMOy00SqsZqQS/+D+mnAWBnw03ClMaNitDKarNTj1XoFzE5sWdtKJ7pgeGadPwyP5dreXCBs24jUkMUvszFKrNs2bYuRMi1mxSgs2FrKuAE4AlqMoS5cDcasmthrzrVt27QNFHOZn0jYzeBU/ef4MypBXYBojjEEcwCBURg4l8E+t71zCRemjQocbYMdQNE2WEr2uauD3+bj/30W0lInoMmN95wZ07Vd087j2ENxHRvoGRUIyZJFUQZQ/MMqoIFqayd1tVqNJlUFeE5QpbVVVdmiYCSEsoASEYSHYosC5wF2odyfWTOfzecb0835dNa2XWxRWRTjerS2sjoeT6wOw/r+FmOEQVdzM+Ecg8vlKr8Z8EZpHBeCo0Jv8uEJlPFE5njPRfA0uAbzngx7SWyvwwKd3CB0VRGFgZNMIk5oM9mrpHEKRJygrwmH6SiMinIIizgfH2Be4pwG4kQThBTH2RJukvkSBLh0YMROJyMTBbt5fhexXSpTTOGgl6XT/Y79l5jnWLw/hRRgw7fhHjRxKcspJJsUvnvGaWeNM6bzvlF+7v2+ZrZ7tr6vmTbYHRmuQnsihgQDmyZpvsYBx8QhOwe8nuHt41qATpZ0UFsdkUgkEolEIpFIJBKJRCKRSCQSiUQikUh0XQlcOsDmo/UenE5igTbWPtMn+Xu8o3ccoG/p7b0XlsqRUPv3HNyQ65qDD8wbQhuM0pUtV6rRSj2aVJNxPRpVNXhlpLpuSPExKpmZhCTTO4z0sQzD+JG+/YNT54/RO7D3aBsgThofa9OAUgBTYW0RH2yFoY1O70XHC+cxkaeL72xb54DMAG8YMzQvyD0wQGa0YTyFy8eYckEwh9YFOH9YwxYMfDLsZ3AuITcP8olB8iHoYW+HvkMGY0GMhCYrDiqka74aBWSHCo7sO1DAz7StRi8R7jc8vEkBM0jMQAcVQFvo0oA5zcp4tFLWRbwEHMeiKMqy5PYpjs2hcjtZgmAdHGvrKO1D23Wbmxvr0815M49dW1ejyWg8qkcwDUajeOTY03n2LFW72bcG4YGMlDB3E1Rv0LL8xtDPz9RSChvhUUaiADOTOrKxQYsXTAxCgxOOF+q7epsqvEAnWxUOiUDZ2pscVRO0TqwZ2vNwYAzySxqYOY/ROcoAawK3Bo3WOhisA9AW2ZwUSJlY9jsJyH7hGib6I3BWDpEaaR1SmE1PP4UllxDtB2RbmqyalzceBGGl5DLCpk0095AMIeQPVqNi9MQhPkJH8mBzBKlbGqO3AISxeqbV1HWbXbe32dw732wAutGBs8B4Vhud0Jfc85rNTgJvb/U72W7kknnU8Et1zUoPMcOFv2/4rwIlEolEIpFIJBKJRCKRSCQSiUQikUgkEomuc+Hn6zvv2+DbWOWEeibYZfSFX678kdlJfpVhAm1SVsSQ81AUWoN/mFgFpdwTqs2a/jP7YOsBZWI1MuVKOVopxzvq1Z2TlbGtLdAfaDFCURrJ8UN7Kj57xcEalNrDPAefW3O9d8ERIwQEL1KlFYkK73znOyBOXKvQvkIFojK0pfAUw4VWCLrwjGIEyukJIaf1UA05cGWUfQ1MMAMuJCB1g+wInwOOHfcgsgbpEwReEtuiKIkGc3AA98DTx32NJteZVPsm8ia/JXWB4i7A4jLlxMA5aZwChcW4+HAdYzdd17mOjR+SoL5tTSI5YlPh7Far0hSjooyPlXq0UlVFfN25EnGTCi1APMUzcWWdu8dTwJFlMsjFc7dtM5tPZ9N508ybeXx5XI92rK6uruyMRzOYuxPbaPp8IjycT1CU7qvr/YwNjne2Kn9zP/VxBhg0u6AkTgaFoTqo4MnWJD4ryENSaHDCBhYHqLwLdKK2cAE+HNwfZLujpNtJ2vR0C8AsJHQ6cUF1CJrEByTpoJeJV+TRhMQJoCQWtj0SJ9pwU7zRGWGgxcI+IUoRjwEECOWFZd8VvYCXhcXLDfubcHQizc5EStECx53jhtMAs3V4T3FwQXwXZp+iuPrghmGVQQ8Xrea+W3ftettstM1mM507h3NTZ7cWRFlM8m1J6IvKN+fBFST0RQ8uY0lLV3StECcHgUrCNd0EkUgkEolEIpFIJBKJRCKRSCQSiUQikUh0CAquUb4z8CF5IBHwM/9BD1kTBVvozpG4EnavGMbebF//y6YdJmMQmU8BrCTWRO2kKtfMaOd4da2exMekGBXaWiRSMN0Gz0zchMrYRzhw3sIgnGNht5BeJGeQ1nXztpm1jcOcFwBioATNxIlevLSQOBfP0AaGYaAVigqcQ8MXh6YgqfSMAMrg8glqgSuPJeSEtRjazrYcOmBUCDXZU80Ye9KzaQifDU0aQsoaWugBdjjRfXf0xIlDmsJ513Zo1xKf4HL6GB06hWFnkgAZSMSgaF1oMymKlaoeVeW4LGtrjffGWjCnKQtOn9EGuA2mcbimbWEY0Vgl+LZzs3mzsb4x29hwXRffDsBKVa2OV0ajUQnxPVjxx0AiyuWh8rtGfqVneaCAT2V8nzkcPTR4GIzgljlKb/DJVoYPGPul7VpCA+KFFLYoqsIiARWCT24PBy94Xy+hk8MdYxK2bNBKOVD3xSFQA2ch4qkUERpojQRxR4gFwcEAW/O6A9bEIsJmvCq8R+MdXDmIl8Vjwe0mIJWCNyabVjQ6+ARNVBdMWa96kilDTCHRdV4xn6H7S0uTEWcmz6O8+DnkJjESjt/DVkLoXqQh4kwrB/QJbMD1heTjQ3dAwPBgPRJx0mi13jb73HzPDByCGtchxGfYwgRX8jCYqO/zAXyiEqul9RZ65jrWIeEk1zz4IhKJRKIbrJxzaDgof5WIRCKRSCQSHSmKv0mkzwuKRCKRSCQSiUSi66O8a3WAEjvUPKFKG3T+AR9K/n2oguZP/ivNNcxtflE7LF5iSAUUQcnGgyAGld6KZV87Koqdo8mOcrKzmqyNV8YFpOrYAGQD5JikAAidSAOfXAIWz8pIB8EXqcFhqXYZ0rexXA0+JfOubeJ/GKGiCwuF6XhacLXgdpp0rYrtUeAIHezvgdPgyjDzDoHBCM2MSeg7iQq9xHBo3gU8RCwav5CxiklRGgbRiuQJATVkQ9E2mo6jyVRFp6bRoAx8CrgLDJpy5Bdy9dkjdNJhckzXtbOm8YHBFU0Nzqk88A5PJhGxVYVScVxKYyZlOS6LOHaVMZVlPxRrsOGI76jeoEHrPokE/oinnLfNtGn27tvY2LfPtU1ZlJO6XllZGdejuB37JPguBGJyqNqPEIIh8Kh3cyHexnvicnyelZCBMxhBdYD4EHA30QM2CVCirqO4IRePU1alLWhG0BwzuJPXA1eaPLuWjm3CoUkdXJr5rf6hyYFj8DgkYiBe3oEfOBPUYRTCO9kaBLEKReRW71a0+Ijd2/EUxY2BrxHkHXkApCBPR3U+lozictSdM95b5wsfSu8rHzfgYZ0qQiiCtwE2gI0KvlC6UrpQwYLfiYpTzCqNGxxcA04iCLMgjuSpv7nF2jtF8TcBFz86kig2P4K3G9UvHFpU6CnUbyOXgg+84+L74Qas4NEp38KVh3iFAPrBsioANrEWVkBcG/XYFXbq/Z7Z9OI9u69YX99s2g6gMGuLAm8vhaEHOKOUsIRgaRbx7hbXLjyQ9MsPuiHxJMvOQYevAKcPpryn7wXMTVb2Gwr4wC32mBKJRCLRDUn//u//3ratuuYV/w558Ytf/Mu//Muf+9znlEgkEolEItF1pE996lO/+Zu/+ba3ve0A+7z97W//H//jf3zmM59RV0W7d+9+4hOf+JGPfGTrt6688spf+7Vfe9zjHqd+bJ111ln3uMc9nvKUp6jDoc9//vNPe9rTnv3sZx/m30mJRCKRSCQSiUSia1OxsAvV2FjwdEZ7imPg2rZmrwhMosAHVUzBg4QwCM2hFKiB8UnCF1hYkEVMAiu68TixmFqWwa7WKyvFeK2crI1Wd9Sro1jk17YGmMHiPzRMpjeo/qiwOjko5vaVSco6yf4IDBNAATNWcR1WrDFTxjkoXTs3nc+6rmuQMGBGw5gUNMGHwjb0JeNYCJ+3zXw+b7oGQz2ojOwx9obL1nCxCEZY1V+yhhfhGevBpjC2sqaMhWKtS2uK+AAjEHA5MNTbgHrEVyAkxKILQy7Kw+vnx2kDAAAQAElEQVSxdIzpPJpcIZYYBp2tWRQXkaGOTmBKmLfga4JMRdfES4FQG2xiPCBiHpTBYxQbsVgca4u5JaXS47JcG49XR6PVEXiS1GUsY8eBBJ+SWL9OYUeEJik6tbI2lrxjpX7WNevTzfX19b17915xxeV79+3xrh1V1drqyupkPBmNR/WoMD2Lo8GuwhXorVIg5WGwGwHpiZV/nLfQsZh3Y5AWio8C/R6U85CmAs1ASglGKSzBJ6nIDqMVpwRk/TSxhA8sUXw9XlFd1WVVxQ1r7eKa0QdGR+jIEq8DYv6LaaegUp7RAfJTEjIGCjlYh6CiOOTkyUQGJ87DSDvwNbHgdBJs0BCmg9lU6HSCtJdimySALnxanAPgAaOvyOIpmBSRM2xSIrZ6esosEkxBkc3J8rXkg+nB+72iRKB4b9JOw/2JgArH5JQuipLvR9BSuCsD7BL3aWYb7Xyz7dbjc7x3GZjdGmanTu5K1IO5J3kp8oJMzTiCgY0tWBjdhXX21xp4MWmt5BPqIpFIdINQLIq85CUv+dmf/dlXvvKVN7rRjejFb3zjG2984xsP/SCvec1rqqo66G7xr4/V1dX48+jpp59+r3vdS4lEIpFIJBJdFzr11FO/973vjUaj/e0Qf2X5nve85/LLL3/mM5+proo+/OEPf/3rX//oRz/6wAc+cOlb8XeB8YCHxU0kf0pEHQ4dd9xx3/zmN2ez2RlnnPGbv/mbSiQSiUQikUgkEl0fFbpY9gQPAiIt+ugWKK0ndxMqznPpcv+H6jfNQmGQy/uAC6B7gFU6VlXHthyF+FytTVbX6pVRrPCbogDLDK7XU6ROjqcIyT5AbTGWyNYilF2jku/IsHFEvAS8nta5pmsbSlFJzigBnU4QP9FaDz1OCJVBesVjaThsSa1ISS5YeQZQg31JUrCGNXBwiJ8xaKlAdEVQydk7cH4NJIH0heJ0RE6M0dn4hXxXtnRBbrCmqA32P2Hnhc4BbRNf7LwDwKJtyLgmoSrU3bGGnexYAEQJhbHUtpEtJ/UoPsZlVRe2NBYgGN0byyiubIfshuMTD+RcN5/PNqfrs/mUwI5xNSoLC+RKVZexyl4UJtFCOYQpheTk8CIe6DRc2d8lmDR10xxOASnJbyZ1Qz9TyToDiv/4T2Us+8PbLKA3YEQD9jOGJnIu1Ic0G7dRpqwIQ/mvDp3oBW4DjUIG6zZkI6DlO0rIeEbamRxCgDVRSJnEDUsbnTeAngTrQ+FC4YE4KQCOYyMMtC1B5M1nmA6wEjitzy0MDMIs2WcMbZv0di9u3bn/Xtj6bUbuAG/BPB2c13EptKGDK+viazD50LWkgCwgbRAGg8Uc7zybgJs0++bTqeumXYtuK/F6LCWQ+ZDSy6jb+CaoaSlm+mT7xi829Lr7WJHe9u8Xutlt87pZ8EoRiUQi0fVXd7jDHW5xi1t8+ctffsITnvC6173uNre5TXxxz549//qv/3roBzn0mseTnvSkM88887Of/ewFF1xw/PHHK5FIJBKJRKJrV1/60pfOOeecuPHOd77zjDPOWPrugx70oKc//en/9//+38svvzx++dKXvnTbf/y+9rWvPfHEE7e+Hn/Oic/XL3TjhBNOeNaznnXKKae8/vWv/+Vf/uVMIYtEIpFIJBKJRKLrkTRCJ1yoR4YAXw5U8te8MahUar2ViM//+DH9YamgnNxHUnADHhCsPkbGjk0xMdVaNV4brYxtTcRJclHJFWdNjAF5aGR3k/7UuqcBllo1tLagujJBNM57IE7A86P1qkcUOBUGi7wIewRiIAIGfECShwfmZOuVa47F6WV06khNnjHwFV+bDinKg71kjCbYItbBQyoPq2GwD2MkDJ2E7BKx1WODO8QY9AoZsBIhdM5zbgwG68SrdxDiYTBihgN7ALcJmLoB7fCFQTsWzPgojamLalyWo7IYlxVdHp1GZ+SHW4XDYQ2hHF3wsavnzWxzY990c2/TNvG9o9F4PF4ZFcibWKupruwx3SmRO+niw6Cn+yyh/IrCt9h07ckKga9pOBsgFsdkOgUahx/KcC2yR9bG+VcCZqIZN0nZI9QafeBqfUjRTkqcTpKSSUmepTqkVRkWzTnIaISlMbyGD+EpjgcfLmgH7iYG0m9wA7YxN8ep0kOGDsyDgFgJMh68Mn0KJcq+Q56sSgKjIJmnGxJtQwen5N0DtihqOxsUNaA6FFIeng5qiIyCFzCGywFoArlBiN9hXo/D25oLaCFl0Oak8Gg4BMZGRsfb80bT7Wlm6818o521yndxciPBRh5UhMVpvmfo3MGp9T2zEZQ60jCN1PcwGZK7FA1BSLZbdH9M6BnxgPo6Q2NEIpFIdNgV6yV/8zd/88IXvvCss8763d/93Te/+c23ve1t73KXu/zzP//zcLcnP/nJl1122dve9rZjjz1260HquqaN88477wc/+MGBzxiPf9FFF33iE5+4xS1ucYDdjj/++LinEolEIpFIJDp8ir+XIzu3tbW1+OuAiy++uOu6lZWV7HrSohPvW97ylri9c+fO2Wy2vr4+n8/jDnG3fJxtidtzzjnnO9/5znHHHXfPe95TXa/0mMc8Jv5s9uUvf/nUU099/vOfr0QikUgkEolEItH1TbH+abMVBJo/qOwVoVPZnv0yYgHVp2wJfn1BOjEYufapNfsWIFcRoECsCmVGphyZeqUYHbW6Y9fKzklRlxqMP7gynN0QAMdQuQqJ7YoV5s4Hl+xT9KA1tJdTqg9DSTYcBK7QJ/5D51zXtZ3r1CCrwWiTD+h5R3jdIWUC8AR4nHQBszgoR0ZlLxfESkzCanAjVakxVwiNTwKkF2Hmi1Um9iRl+ZiQSA3v2ZVkSM+gJ4rm46cP9oPfildD24hkBoJjhsCLzjAIwBxMm0DOkG/jxbdtgGAag4FJGIyj45exnZZidpAm8YXRpbWl1nVRjitwJqnLsiria4aGmJuEUE4uzvuULtQF1zo3b9rp5nTvxp75bMO5xmpVV/VkNJ7Uo9IW8RQGJ4wJwWAcDjiPpJQTR84uaXB1rpmjawb0lAnILqRBNkFzDZsalo0fsGGUrAJpJKHDToiDi0MZCluWYLZSUMaS4RnEU1H3/g8HqthnBugwQydw0C0V9kOxeAjXomfF9ufqvUMw3Sg7lySHHdUjEn2SDhInhKrQ6x72cWhz0sUHRD0BbhJnjIOH9bCKihAKmAA9HqIYFgITIRuYX9B4T8HbjCfiRLMHUjIGUYyLAB23eE16gKHogRGL6tm34d56wCkx2OJx7XbxRoKUTQed4vF2AfM4rgdYXcY6nMCx3Z1Rc9fO2vaK6fpG18ziijLKxQlf6IRh8LUCzEZN8P3FU9cm05/Mbe1vBNV1pYH/zRacB18xCVNSalt3HJFIJBJd77W6uvqa17zmT/7kTz760Y/+3u/93plnnjkej4dwyRVXXHHZZZft2LHjzne+84EP9c///M+nnXaaOgS94Q1vOPAOsfhx8sknK5FIJBKJRKLDp7e85S1f/epXjz/++L//+7+PP/C8973v/V//63/d8Y53fPOb35z3eeMb33j++eff5ja3iT/VxN9VfeELX3jGM55xoxvd6D3vec8BEnlUsjl51KMeNZvNptPp0nd3796tkFaJP1ltfW888mQyUdeY9u3bRw3Yn57ylKc873nPO+OMM37t134t/tS3v93irwXErE4kEolEIpFIJDoChZ8v522mRTI/kBIbDqnEN3CnwKpu72NAdcRYyUX/DF3ZYlzWq/X4xpMdR63tWq0nVVGUyhamGORbbFNYpKI++lNAmRg9KdC4wi/ZnIQ+u2OhgaDO+7ZrW9cFlcEEiFTBRBpDtIJaLIMm4gTOvG1hFtqRnTEy54LIDdhmKPQPCdoCfRIMGscYutR0Eu2RqAiUYhRSdZXZgsWjcpU7Jw3hW/TQZWWpyxxANp1zvnWuhU2odaMhChxE01Ah3WIo1EMDAVRoIELiY1QUo7JaqetRVZZoAoLDS5k8iemhIU7+K7Fl866dNdNZ/H8eH7FsPjPWjEYro8KOyjjko1heLwzSHX1hPuRr5Ve09jrYvMPigOIVkAEMux8ssBlhKV8JLjBgKm4cTOgF18aZFP/xPh7VVVXhfIWLAmSHgnYGvYjUAHX19ozB0uuHL14nXIVX1XZtWtRhLdcPzXgWvk5nD4xD0dLlHg68wAYzZ+GI5G7CJBMdJO7ryeYEgnUMJOkE6732CKD4gFNSWaRzerhEsZ0JTVj0cUoritdYYAcbMiNZ7J2hlQa1FHfIiJvnBg9ve4vdQb2QO8Oj2YnzcDfpFGaawZldCRgU4F1VURW28HjAuLMzutNqs233bG7sbWYz1QVrnNYuncOo3gAp41jDy9BLbcoEVf+dhY3eGuVA02T79+5n41CV73oqzxYmvbA3VMrxMgdtnkgkEomur4o/Y7785S+PP5n90i/9UizALH2XLOjvdKc7HfQ4P/uzPxurLOpw6C53uYsSiUQikUgkOnw6++yz3/GOd8Qfe17xilfQDzyPeMQj/uEf/uELX/jCxz/+8V/5lV+Jr/zgBz/427/92/gv4Be/+MUQv6vU3e9+91/7tV/76Ec/+ta3vvXZz372/g4+nU4/9rGPlWX567/+66eeeurb3/72bXe7/PLLH/CAB2x9/YlPfOLv//7v5y8/85nPvPCFL9zfueKvGuPz17/+9fvc5z772+eWt7zl3/3d3+Uv3/e+973+9a9XB1PTNE960pMOsMNoNIptUyKRSCQSiUQikeiIE9MPOldddQqLQcaD/EVwHx+2S7FRikud2RfAJCAgLOygMVjHlKZE7GC8c7K2Uo8LDHMpYuE1LKIVWHw0yuRKf8hSQSesBNpsjF5qDX5TqUGsBH8Vy9S+cx06heD1KGJOjIHKrzLg4dEXkQNXpDGHxTkflq0rsQrKuIlJRVGdyBUocysKxKFUHYQkVMA4mZCLw4EyMlL5OncCW7AYsyXPyKiFlmgiSDL1MuxAIk6g/QH8TsDjBKr/OiS6heKLtE4ITwftjMXvuigra8CYBCChso7/arW2wMv0g1o72VGE1NrYpxgW4jemGxuzzY3Nzdm8ccGPR9VoVI8qWxlbxs421nCKEl8v2XlwCBOOOfYmDj/POp+mJ4ZAoYeOIVuZZIBAR1OJnQppSnGvGQs2E4CbdDC1YkvKsiorIE6MUYy8EB1g9FL1HAwx/LBj1XaieYKIjztU6CT4g5XnwzavLPFPmHMUlmmYoLcBQQ6hRQfdKznADKNlVM9wqIxp4KiG5HhCXA4bWJCfCMBoqclmsMADDLd3kDgFuEkgvsR2ygZfeG1b/JJJJWXRUAhItMAZPmCBo4BXMuhtojHdis6X5oTH84SCjH4CYV9bnDaYeli8QiIk9MK1D2iIhH9gMyAiB4/rvJo2LWR0ATgCJjtxz7im4jvjJCwhVSfuDnN0Hk9Q2alSe6YbV27s2zeftgDO8P3UcBKNjVXODwAAEABJREFUYQBGq95jagDr7WcMdbovbYOJhPwK3y/TktOIDC4OcZpyeOk6b+iFwwan9tMM9HZKYBIc1dCdJPQONzRS9GzIkoiPveQ1IxKJRKIbimIB5mUve1n+MhZLPv3pT9P2pZdeGp/PPffcpz71qUvvev7znz+EUe6HUiKRSCQSiURHnuKPNOPx+AlPeEL86eWyyy5bWVmJX77gBS94+tOffvrppxN0csIJJ7zqVa/69re/PfwJ53nPe97nP//5Cy64IP7KiUiUrfrgBz+4ubn5wAc+cNeuXWtraze72c3yt+K/ny+++OLRaDSbzeJvD+MR4u+tbnKTmwzfvmQuEk8Uj6YOqHjYA+yzZLWyurqamxTPfskll8Sf/ZbasFX79u1bX1+PHZWbd2CvF5FIJBKJRCKRSHRdKSfCKEIfOJJCwWftyT8iVoepsoslP8u1SK7uU5mTP2qPldlYijRMgVD1kL1SjNOVLibFaNdoZUe9etRkbVKO4yslZJpoj2Vm8KJAPwIGYOKZSwgzpUoxFPQ7F2Il2mikFgxUoo1JJzK54E4V4cDRFczMxOY7183m87Zt4pE85LgA/gAgjKYIG6N8pyHlR1HUjYcsHwI2PGEPVCvH4I2U8MKF0VjUDmSEYLgmCgQEdiz0ZIGdDCYi2DQKFVmoW5tB4XfgbgKeKGTrgt+GRBiyf8jWAJzvQztAOgmeFR6QpwMlbhMvvGmbLl508NmGBekNhWNKAUBgvRBHD8J0ympUxed6VMaavKqMLRjLgXNTzZtcJRBe8Q7NZ6Larp218/lsvmdjfQ65IOAmEv8VOarqHeOVqoTORmcKbq5RCR1iVx1FtXSehNhaBHQCDWlquLID4xeeL4FAH3QqSUFRnlAjhFpidzQN2K7Esaurqh6N47+yLeAmyqOtBp4l4L5QK9fMLWXQSqtUD8+OOIN1pBuYWhDbRPG7hwadHKJliT+U/QbEQ/9OdU1IL27ku0Py/yCSABgvjnhhjEARiJYZMnyXYXaArXsCRvFAmI7GSB0TN7wy8eG8DRCmUxCAglFVSHEFTLGiSCYi5uK3Ai5FWM0JhcCBZLhJD5xpGKAhUGLocZSvTg+7NWS3EJ4hSg1tUYwa8GQaKBjt8D4yB/rLdQFWsCLTFcgUswbZE23Rh0erefCtVnGa7m3mVzab6/N5XLiqtiksKBNWnKE19OQ5SPAMeiKFYPmL/OqWjX7Gp4vSej9HVJkCoScz+FbAL7cJmd4yLQeMF+8Q8trg24Ppu51OJsSJSCQS3eAVyypf+cpXhq9cjlraLdYhlEgkEolEItH1QQ95yEPucY973OhGN/ra1772rGc965a3vOXrXve6k0466bTTTrv97W8ff6q5+OKL4243R5133nnD977xjW8sy/L888+/EWrpyPFnpDe96U1x44EPfGB8fjwqf/czn/nMc5/73HjGU0455cY3vvH97ne/f/zHf3zHO95x9NFHH7jBv/ALv/DqV7966+uf+9zn4gF/6qd+6q//+q+3fje2/HGPe9zSi49C0Xb8XeEjH/nICy+8MLb5hBNOUPvXU57ylK9+9asvfelL73//+yuRSCQSiUQi0RGm+GPtysrKiSeeeFXeBHxz/AH153/+54UnvoFJp2AGnYqpVIfluqnOKTBco6VqMldvsycHwSjZcQOPzEkleAbdhcpUk3K8Y7Sya7xjbTRerSc11fwNwS1cttUJV0HHCw2pMN5rhCzAocQ5DdyGoVyVVH4EAMQy5sHXFdI1hGQQ4L2bzqbz+RxyVbA8CrAJ0CtWp3AcKjB73Ju8QDxBJ5D54dk6AvchyCOJi7JGUeBL8nnQitxirNIE4ujsCRL6i+3zZeg/CvpJ3Ak2n2wVsF7eD1xfIy6MCWkgGAHCpjuUR3uP+CcWwXlMgAdgIMcUsRuIozC6sFUNMR9FZYrKmsoWsYhe8ECnFBIPZEfsC4c8DZb8TTxF0zbT6XTezGez2eZ83joXa+mTyaQu68moLosCvFKgGzz4NsAhEi/CraZqt9ccm0TuLzQx6eKY/8DL1SZdMu2beyZzOxiLA7Xqpm3j0GNsC+xdlkW8jxVlRVQVuc6QJYcaTMLBAcPQUyEhTYHnEO49m05ncN3g5l5V1ageHaZ4nR8DHLl2jCACn4u/1DqfNxDE4X3vIKItE1O0QlU2t/DJDoXgNYjO8ZCn0wF6UsRh9BSgo62HGJ04gQoCHDyfE1KskKJCjyZF2zTDyBiHLDPymkOcCxvuu749+aIG6IlS/RRVKrM9QfWMW//NRCXRbI3rA25lLWR6gcGOw87AO4SJN7+47rTFVCtt2rivNfFWMfNufdast82e+Wwa3xSvqCypC7eCTun+u0DFHFCHtJvewphcS3NpyWkG/6bhvwx42eV8JCUSiUSiG4C++MUvbmxsDF+5y13ukj/G+gd/8AfPf/7zFZYlHvzgB29ubn7wgx9cW1vLO8dSx7/9278d4Pi/+qu/um/fPnVVFH9G/NSnPqVEIpFIJBKJrhkdc8wx8fmOd7zjQx7ykNNPP/1pT3vaW97yljvc4Q4K0ZAXv/jFBz3Cf//v//3pT3/60ot/8Rd/sXfv3rixNaYw6v3vf3/89dx97nOfU045JX553/ve9z3vec+ZZ54Zz64OKPglLH0GbcvrtLHtd7d9caj4q5DHPOYxr371q0877bQ//uM/3t9u3/zmN7/61a/e9KY3jQ1WIpFIJBKJRKIjT6985Su/+93vvu51r7vrXe96iG+J5bIXvvCFn/zkJ1/72tfe+973VqIbkNBZJFCpVg/CMoafmV/68Pr20op5hrxjeoqHLbQZV/UKpOrgox7FLysIbCHHCpOPzTkOgQmB4BVBJz74tm0ZD2FGxGTDia3/mOG4B40VbGRH5vP5dDpFhgUsQDhPxli6dL4IoC8CAybghQLcBvic+GFJ2usBcUIHoGwaq0MqOLNbACV3UF1ZL5oKaNXHdOT3EXGSrT9MH6LBg7UNAAHNNi70UTJQw3eu7WKh2wGsg/VuMPPQw+wehGCCtwgJWTxvHI66rOPAVEVRoJdMbItN/5Q02QEh1e4JEgjQyWE2n62v79u3sRGHycGJfV3XSJyUhTWFLdgRxwMgYogBoGQkk7qLu4gtKuCyBwYLOgM14MvC3zDbFcdTy5TnMB0X2xa3x6MqXpmNzbEWvEi1SWPhua6tBiYXXOwesixhMHo0R1S80ni982buEIeqKogkis9FvGp1xGjpSn78oxGghqE0Ib+6+CdOjJyVAyKWSw99TTDlyBAhpZHs0hTT1UGkjumC9RSsA5gSZOV4b9H1JM4mi5Y7dDiaLppvNx5xE5woyQAIpDM95FOfhNTiBcRky5Xy24dKjNwAc0sXGlIsjccDxEkYF2J8eEqICcGa0tK9zxroBaMc+vLE56Zprtzc2DPdjBNqHqcYAXHWOD/MqdH9zA/DJ3P4BnlZ22Aoh+bSc2D1fNLiAQfLb0CcDJhEHnlhT0Qikeh6rle96lVLH+H967/+65/5mZ+h7QoVN773ve9tbm4ef/zxseQw3HmbDMpFHXfccVfVByX+/KpEIpFIJBKJrmHFf+aefPLJ8ZdT73znO5/97Gf/1V/91erq6rHHHntgP4/zzz8//k5/6+uf+MQn4m/t9/eu3bt3f/rTn37Qgx6Uf8456aST4une9773PeUpTzkoIHIN6eEPf/hf/uVffuADH3j605++1biF9J73vCc+/8Zv/MZ11UiRSCQSiUQi0YH1ohe96JnPfObv//7vv+Y1r7n73e9+0P1jSfUP//AP40+nD3vYw+51r3sp0Q1L6WP7HmNTcpIByZtD/gC9SpgFu4EAyxIrxvBfacpRWa/W45V6vFqNJ/VoVFSVsZZcPLKNyqDs6DGyBcETHTxhIFApXgAyTG+RwbVLveXC8NocQBB+Np918SAp+YdYEzbJ0Fy99MpnrsNhNo3D6JgwcNJAYwzPxAleBZW2KRVIcy07oNsCXBOgHLADwTXUXAJqlKZ4mdR7OVbGKMXsCRRfuUSe3FbUEnSCB/Z8djx3BzVuSHhhMMIDApLcGrCMq0IseBfIymjsiVKbqizLoojVcOCBilKjQYumsB7YJ7k3aHBW8Tg8aD/jZ20zb+b7NtdjOWA+mxEsEw+yurI6GY8DjmVpgBMwxAlAj2GRAAY4GGJYgqJezW4xFPmkVJ4e5H0TdJ5piW8il5KQmBz4GIax8es46rFhrWtjZ66trI5r8NbRlhI/NIep0EDoNIUUAUZbOI2FZRAw6QmSl5xzTbz8+TweeVTH/0YEUcSdjiDo5DATJ7QBq87v74RB+SGTwFYimj1BBuCUjl0Y0NokHgy8R2BbWe9N560D6AS5EzgiZOsEjak6wXgAzUzvEcTxOrgoFW7A0dgAaAseEVLAD32hFvcZupsgWrNgfaMHuMcClJTMWzziJvA/egG1riO/IZrgGOhVwH0Db4CxE51Rcak5pdab2Z7p5hUb623sDgOZWuDpExC7Y86LT7o/g5MQDjrQV3smHGa8Y0jPLfEryc6I7J5UJum01gPGKSSoUSQSiUTXY933vvelz/VGnX322Zdccsm2u33ta1+Lz3e6053UVdSpp56qRCKRSCQSiY4w/fCHP4y/uTvuuOOe+9znXnHFFbPZLP7aIL5+Z9QB3vi2t73tL//yL5de3LNnz1/8xV8oBHbjrwK3vutDH/pQPN2DH/zg/Er8Hda9733vj3zkI5/97Gfvc5/7qOtCq6urD3/4w9/97neffvrpz3jGM7buEK/rox/9aPxd5SMf+UglEolEIpFIJDoidbvb3e4tb3lL/HHuOc95zimnnHLPe97zADvHYurJJ5981llnPepRj/rjP/7jw1i7FB0hysjG0BCAKsMMQyi9VGDN2EeOq9AcccIHTAYnUPMttZlUox2jyWo52jVejY+1aqU2FhJhoJhq0qfZueqvgXPAor7HLAqI2fBUawR6w9oMY6T2gEOCTrVliv3hRuM1xMO6ALYfbfCOGhcPVdiiLOMb0TPFDnuC8j7gzD5AGwIZF1CnEN7BhiEU8QOlY3QKoa7TKmR/F4XHL6wtrMl9orayMfgpfqMYozHkGZNOkZGa/REnXMlPFgCxzS5ebNM6cDcJwz1VCh3CSB1dGE6uKZWpi3IM/iZlVY9G9cjGPnEd1PEXmsTnN1bHIvq8beI/WmcYqbM3FsqbOfjHaF2Cn0i1Oh7XRUV+EPGgdVkQhcOdBsdjPIlIGZ2wGzat4A7E0VXJXyUZHtClaI55ogo0mUownETYTXyK86iu65WVldFoRNlMiuvXqp/tHBXFlhepnI3Hx+sPg+gVOH4AQwowj/E+jm/srsl4EqdTJqJI1z10MkBpDv+hFREZh3D8NOXT9CEbI6a82OMkboC1CbBeQJkYB8RJgQ+L0VuEa1lFITvscWIGhy+IH9M8yQCjU6q/GajExwTdG/Z4tKxJB0lP/RXh8d3KHZIAABAASURBVHUPNy13Qv4D56omIxOgTWjhxQnSxFnSOTwIXAEAJ2Vhy1pRKlVsQlxoJrQqzH17xXTzys2Nqe8AjMIInnz7Ja+kMFjPfbfynDMh6B+DKTmIrjVHkbyEyB3qQHM4KHE6EYlEouu7hgWG+E/TIXTyxS9+MW//y7/8S3yeTCbDF6MoOufcc88tUAcu0ohEIpFIJBIdIXrWs551wQUXvP/977/5zW/+spe97KDmbQdW/OX+FVdc8aAHPejSSy9d+mGJFE90k5vc5KSTToq75Rcf/ehHf+QjH/nHf/zH6wo6iXrMYx7z7ne/+x/+4R+e/OQnb00Fis2OZYkHP/jBRx11lBKJRCKRSCQSHam69a1v/Vd/9Ve/+7u/+/znP/+Vr3zlL/7iL26722w2izucffbZj33sY1/wghco0Q1TgRw4YFMfvISXbTl6T470aXSdYjcYXPGBiJOdo8lKNTpqvLpzvBI3xrHsCtgBGQggxzFsTQhgC9B1mbSIXxqk8OuyIj9FDNdZ+BfZ4gfl2W6A6sc+xIO5tusIwSBmIh4nJLMTfM/waFDiBngDT71Y8YQDYFEboAngJyw5c8C3TAIgcn/GF6zREOeijcfkELItyYVhDWXvPjiCwQtNCEsqIWfWI/V8pnMSmGLIVSKg9QhcrY/lbqdC7yZgdY9DGDQCsRpySwqkKqqyHNfVqKoBxSmq0haxwYDaQFBJvESqkGtEBODVNv6rr2mms815M2/aZjafTzc3AnymorQWDFNq3CoteZOYqijIUsUCNgAHM8mlIIMaOJGCSf4j2BXxNYedYBLfRH0CFhs6mxygT0ZyLoktpFwhKNxDfd9CvE9ZWudaxccMPT6D3ir9DNKpv8iMA/otuajEXcGvwkF4ELicdFDbsFjhKEEAS/kF449Dgk7CIXhTHErFP3ivFyfKNaywxeYkbLsTUyaMBtGfnm1paOAAQEFiwgXjYFKiwYm3XSicL72GfkwLDFxPKEwrMIBCJyYGBWdY0KkxCQHyaDySOrqPBPKMF2WnE6ZU+h5c8E9KCygEMlTRyVfHECgXcJXES+ocTRXX4WohzCUuBLARAoeneHMoHCAzQKx5E6bNbN9sc28z3RcXUrzxFTYYtkTSjHylMB/iahLBg1s96LQFaNt+4NQhC6+UN/ThAE4HBjMmA2LDlCXajXp3iTjhbR4rztYhVyKRSCQS3fAU7/PxX6pLL74XtXXnN7zhDfH5Rje60cc+9rGlb73oRS/a3NxUV0VVVdFnhUUikUgkEomuBcV/Dn/1q1992ctetr8djjvuuNe97nX7++76+vqHPvSh2972tvHHnuc+97lbd/jGN75x3nnnPfGJT1xCW+585zv/5E/+5FlnnXXhhRfe/OY3V9eFTjjhhHvf+96f+cxn3vzmN8cKxPBbe/fufde73hU3/tt/+29KJBKJRCKRSHRk68QTT3zrW98af5t38skn/9mf/dn97ne/pR2m02n8YfVLX/rSE57whOc85zlKdAOVQWsAtprAV3Qq5qaN5egDhiQUxcgEinVB5wkyisAcHAeHHdXlajEa2Xqtmuwcra6UQJz0sRiDMmbGI4DzQNTDE/Dh0dEgVvaLMuUtkF1J0EN4Qw3Lw+xvAPiKD41r227eAIrhFRt+YJ3aGp2/DGBGYICvoJZ4JE4Q3cATmd7JBYrmsc8KA7YFaNJBqA02Fb7tqUIcv2kLaDSGbaApA5VuPfuPoLEHwxTkdYLmBkCzkL9IrtBifd4vDIHuKZJszQBhN3CZDmOJHFu9IJWSOsfHN5XGIrihCm3qoqjKssZHFfu4iK9ZREOgDIx9AvwMFMoVYDhdFzuzib05jfXx6eZsNut8F1tblhAYAhYnRW0RPAGcRQXo41ggdh6tKAy7OwSmTuCqPXZuonnYvwSmJWQYGQQFgibPmhyMFPp/JweXLx8ShdoWaKEQ6/7tUTtuFC/HQJpJj5hgmVsPnXtCCh6CV/CKIeAFQk+YPog94MA3pZvPpk0zj/vHV6pqVFfxv3o4J/P2dRCvk4OFhq8MZ0l+Uf14SpeXQI2F7w1PEvKLITnIqMyfAG4CfAk9x4fxysAz4Ca684X3hVOlUzb4Ap1Lgk4zg29MNLnhDCmGCjEURoiY2Er3BSKHeNnRDgtt5RYqbl8yD9LDyxqYcKiBOxN4IsHM1RDHFRzdPBx5uRA6ppW1cXkUFjyPCsjN0XFih06FpplttPPLN/etN9MmuC4e0IIDkVfsIKUz5Ne3gSe/Nrl1BGfQ0KhD0KHOgXzL09sGTV3FqZS7mu6w+Y4ftvhocXDa1lOr4bRSmHsm0IlIJBLdMBXv/w972MOu0ltWVla2vhjrKOSGcugajUZKJBKJRCKR6FpU/BX8+eefP5lMjjnmmOHr8d+83//+9w/8L9/V1dW73e1uL37xi/f3M8w//dM/xedhtk7Wb//2b7/kJS857bTT/uAP/kBdR4plia985Svvete7bne72z30oQ/Nr7/iFa+49NJLY7OvRsCiSCQSiUQikeja1wknnEDcyR/90R/Fn+V+9Vd/NX9rfX39Oc95zn/8x3887WlP2/oxM9ENSRxlMiQ40vOw0Ji+zNXYlKqTvq1D9knR1kMCxriqV8pRfOwo6qMma6vgcVKVprBQc4WyM/tJpOq4IijAgU8Afww+BDQlsVVVxZKtJlMBLkkuIxdZ/Bl4/KMLXesoacWp5HIBHILNATaGDqF74wzATagJGQgx6Xvxf6shygNsTsilI/QeAzp4oipiFdpqUxoMA8o8TP+h/UBFY7qiHH5DBzQmjcbAeIYK3MPKrE4hRypVcilTBqgdNI8ghxDFWTFQjrcQ9aPhf7CWULEQXpfFuK7rEoxJ0hVhF9DcSI3GpJ7Odd20mc6m08b5+C/i6WzTuRY5mWJ1ZQKWH1hWj4epYJShFG8ChunER+B0FDi16V0cEnnDk5DoGJuJIp5zmHwTPPciXRvlHVH8jfez+bzpGoJCRqPxeG0c5wwRM/QfHtlSX2GxGofMqDTCYTA+eO3YF0DghNC07frG+my6WVgTKxrj0bisRoSY0KDgdhhWztV1Eq+Tp8i1UIzXg9mZLTEUd6JXTFaRNU5yD8EEJMZNHBiQAHHinPFxfsRbBgTrAHTiPNInMFxl0FYTNJLuMrC6FBEnad7gGAQiUbgdJp09zTPI7glELIWemAmMbPBsC0HlOLEhx5bMiHrHEeTaoDkOt+LVdA5vGhyvE99BxBVMUDDFsWWcJi7eDYx2WrchTNt278b6ntnG3najid0CS9NgWpdR7IfU34T1oheT1sMkJ3MNjfYibaiuhrJNEH+ZtHT7XiROUnbTIHRta0O2oWFEIpFIdMPSS1/6UvVj6+///u+v6g9F8peLSCQSiUSi60T3vOc9l+zW4m+57nWvex30ja961atWV1e3/dY3v/nNM88883a3u91tbnObrd+NlYC3v/3t73nPe+573/v+3M/93LZHOP/889/85jdvff2CCy6Izz/60Y+2/e4wx+fAOu644/70T//093//9+PziSeeSIhJbPMnP/nJ448//g//8A+VSCQSiUQikeh6opvf/OaUs/OiF72obVvinvft2/fsZz/7nHPOecYznvE7v/M7SnTDFhcA6f+w7e9Zdar2Y5EXyru0wWVRcNIg6woIuDBY8J2U9Wo1Xq0nOycrO0Yra9VobEsiTjQXGhdbgXJtS5VbZFI4lsKSzQkiIzmNhd+yXXkdTSoUxq54DOqBYzo0qCDWwwDH0jMbYMDh6WiYidGhnYfjVBqyCckOB8DBgBUJVJSNTrYJWFo1aHhCiT02ttpASI1O6TjY0RyDw5QP7pztMWijQJqlHxqVcknCAoCy5GERL7nzro3/wZ+OmBGjEs3BbwGIBIrftrBAiiB0UpTg11FVRSZyYHgDV+RhPEPbNsAKBPD7mM1nmxCn0zbNvHNdPHBRQewRWJtYQk4sID2xexChgYtJWSEG2SKT/F10gpiojcTv6AygKDW8vp6EUgwKYK/Dtc7n89ls5pSzGA4Uzzkaj+KD8joYLlF5FAE7wGtlY54lYw7iI5AUCq3rmulm18YujVcaVtdWawR0cPYEdMehS4ChGx6Eru06gE6uXSFQksakn6DsKcLJKZykE5LTiQM7k/isndK4zm0HvjoAnXigJ2yAHci2pCAjJhjvQJyUSjlMOjFJmiNXXBplBmAwU4fSczxCSwy/6CFxkl03PMbvMHkUjO2ROt2n6/SQl+L5oz1MJrinQeQSIidwpMSqIblUGFQw2gODBYFR8+A2m/ne2eae6b6NdtZqvDkZRl8gbAjSx9JpFu+UdHcgumiYpzMkOX58DSmi5W9RM9QhHigdbXDkdN8OYdlEix59hw98aLY5jurxOJFIJBKJttexxx6rRCKRSCQSiW7Q2h9xMp1O46/74y86Tz755G13KIriT/7kT+Kv/l/60pe++93v3rVr19Z9Lrjggre//e1qP7rssssO8N1D1D3vec9YgXjTm970ghe84O/+7u82NjZe9apXxV+9veIVr9jWyk4kEolEIpFIdMQq/i7urW99a/zpLv6EGavt973vfZ/1rGd985vffM5znvOEJzxBiW74SkgJlmiVVnr4IftBiTFVA9FNgL1BkCDAcJmcQRNLp6U1q1W9Wo521ONdo9XVajwyRaEQ+kgWHApcDrhoypEULhb5G/AXQQQBnTk0xqMYPu9ieIjP+QxbckWQWAmdc23bOuRHEFZBWMQi3IAABPlnkFMJZjUo10GkDoawhETVUFIHFZHBxAQxlUybeM4YwuQasjcArMXYwlAABtXgwdoF29l3usEeg4dhCoWMTtjkJNtD6AU3l1z7Jv+HLPKG8VyFDT2aQqNEKAzYnBiAJiDvA8rhVVFWZVkW8WXbu1EwdQLFeGBZujgo8Dybb25OIWKm67CuDsYppq7rUVXFEYcDagvxPMid6OTHQKE5luKM4KohnIjzmzTTI0Sc4J4hJaIslLWXXF4C9LZ2wU9ns9l02nVtgeFA9ahGZxxL06N/t4dxAn4h9KRJACcbEFra8BQn1qntXNc2YJwyn8eRrct6ZTIZj8dw5Dg9nIeAoBSGC/iJc1tr5dcqdLL0qdzD+CHdEBZQmtSDRJyoYW/STujykSwusrMFLRLM0InjprpgXIBoJRcKrwpE1az3AJ14jPtSAbNytMW5YnoazhsGQvAe4jlGZ5tm4+kt314yoZa+7lmukN04wkIgUe/ppIa9qhmeCcY45+n647WDlRLGijE2YdBCCe5hcTFYmtQwsUKYte2+ttk339w329xopk5DhJeJE8uazKLRoh92e1oUfLlaZ8rksA301h7cVv3M2rJDXl3DPbaCI3m3rUAP9d7W23p/kDA8l3wYXSQSiW74iv8uveSSSw6629/8zd9MJpOlF3fv3v2jH/1IXXXd9KY33bboIhKJRCKRSHTN6YILLjjjjDOGr8T9zTlHAAAQAElEQVRf06sfQ6eccsp//ud/xl/u3+Uud9nfPj/zMz/zW7/1W+9617te8YpXvOpVr9q6w4knnviIRzxi6+vnn3/+mWeeGYsKj33sY7d+97LLLjvttNPUIespT3nK17/+9U996lMnn3xy/E1u/F1f/CFQgnVEIpFIJBKJro865phj3vKWtzzzmc98+ctfHn9cvPjii+PPeI95zGOU6L+EdL+hF0qBzJUs7m0ITeGEFPIaIKcKRTRGYe3YlpNqvGt1bW00WSlH46qeVLWBcjHkaiilhrXJgP+MgkAb5xQGnwxPB3iEhfK9ZtMRBk0wx6KvRS4VKCFYx7k5Rq5g/EWs6kI5kx1OcH+TeRAsmCOxAdE68C0IuMCEi2TwYuiSueqsGLvxmKIRuEKMoAwyMsbY5IHS19/JACHVSaEoDY4gZIPAiRLseqJ6UgXJj5ALrFycpUQQFHi4xIv1XfxHWexGunbDiT3GJNMUrH6bqirqoowFbuAzijJWw+NGAYSMpT2zcYBDiqXtgNmZN0B1zNv5dLo+m8+dd0YXo1FNrEpdgtMJHFQxbgLcCU0TjYYNFK/DrIC2NMd0X71OJiZab+OAkybiEoOi4MJn89l0No3fmYxH45UVC42whBcxNoTUS05bCmRDMTwOT500kbAJnfNNA14ucTteZuyhUYX+Jsaii4WOlw15QWlc1H4afA1CJ9ueeACFHJ5i/NJZBtyAYp7Ap1cYvfDZioZ3phwjeni8vSBxYsHpBDJ0jFNF0AW6mFg0DzEZQUJGSIOZiOKlp9BYBO9TvDATEUbXT6jWMH8lJFON5IhiBtADEycJLAl9Zo3OoNkCdJIoOwWGJj7dg1Roms4FuhPGthaItsV1YD0yMp7ueka3wW+28z1xGXWzqWvnoQuFoYAthuJwpQCVpTLYl3x9lNLJBCkNhFlaLPuZjeGAX+5HenHfLbNp/04oSyda5k4SDtYv9SFxwtFpw4FbntI8oVQ4tAsRiUQi0fVcsVIS/2l60N38dt5XH//4x//8z/9cXXX90R/90aMf/WglEolEIpFIdC3q3HPPvXo/umyr+IPQmWeeeZvb3OYZz3jGgfeM9YBPf/rTn/rUp9773vc+6lGPWvru8ccf//jHP37ruz772c/G49/4xjfe9rvnnXfeVYJO4j/5X/aylz3pSU8655xz4pd3u9vd4rYSiUQikUgkEl0/FX9KJO7kW9/61gtf+MKtP2SKbqjS/Yfqc5Uw1fjSZ+lN6D+Szn8EDpDQZHkS0OAAgimKUV2tlOMd9eraZGWlGk/K8aiobLABEA30GcAaI9SPsQTsPTAnDoEJqrYag4YBWCWmj77bQaoO/VZ5a8E/5Fq4AtsSIE5iMdi7QGlAfEF4Cgvnd+hvQS+kt7JvAlWB6bCcc5FwnPgOQ6EfmgIuGG4g4AZbDt9SVJZNBWOdLWNIgfN08GLRFAExlIGHQFC9ZUsaKZ1jO3r7A6zhQrQHOLoADsJOC/gIqVivCoSBasgpKg3CN5BZhKYg1OjMCWhIKvEdmM7EHpy3Xbs532jbBrCg4KCiDiCQrWqI1CkhrEfTFVCsUhGgd+MxDKAEOvUMjV+w3Bl8MZRRQq42hpxb2NGB4nBUCjzJb4AgIaJh4vi2bRt7bzSCeCDwOMG3uJAYKOw/xygAzSZHsFGe3nzJ1rDVTghd59u2i9+t41FLMIHB6Re7CyElxIyg1Yulje1Ij1AspIf8mCVynZ+G1Xa9tRFbtw/p0AvHWSrbhIWTc83f5zcj8MXGMgGJCTYQygAIECcUqeONU8YFGzcwTyfeBioCTeBBaVQaZ5LBpC6EuQxjJTjH4HCwgc3o1wzP3wWkSKdWJiyM10zPdCE5BhNG062Jv03rU2XvDaWHkIPzKs4S5MSM8yHetyAfB+Em4MgsYme4tOLMjuugjRNLhya4jWa2dz6NjyZOM4BwrC4KPD5NWrh0smJhQIuRE74hBZWsUDgiSBP0k1aS6juc5dOzGYyXzvFd/ZpP3FcI6uC0Eq9QtXiukM4V0uLyC3szpcJ/BSgKZtKamRsdiLfDuZTSxXzoqceQDJ9CP+D8V4lIJBKJbog6//zzR6NRDsd5//vff5Ob3GTbPR/wgAfs3bv3AIe62c1uduKJJ6pDPu9FF12kRCKRSCQSia513e1ud/u93/u94Svx16VPe9rT1FXXxRdf/Kd/+qdFUbz85S//1Kc+9epXv5pep9+oXnbZZQ984APzzqeccspLXvKSpz/96XG3u971rvkHp5NOOunUU09dW1tTV13HH398fG/8ce7Q33LppZfG38TR9g9+8IMvfvGL97jHPZRIJBKJRCKR6PqpXbt2veMd77jkkktOOOEEJfovI8Mf8/cDkiGTKJpcTDTbAQRNFh05pgS+T4W/YIE2MGNTrZUrR41Wd9Urq8V4XIyqooxvIZcJYjywZp/8BgA58a5FGgDLkZY+0G/IfwMpBeWpCckkhRSy40L/UqqZxsODcwoEVzC5YAgQAZrBAkXDHib8Ph1r5bFu7PsTDIrZYJyR/Ef6LvPKc5wQWnRwqIZiEAfLwhx/g04NvcGJxqAZukB2QCFsBbu3pwXwKFRsDnxUTv+wRQE4BfmaACfh2rjtKbWI7E36dBviWiqgTeABtImNX1alrWBP7hbo8eBc5/FYrpvNZ5uxON41bQfsjnfxXD7uXaCTC8IYRYEZPXRFxpOxCtXEcYaoXDkHXxIkTzSX0AkHACQmZJgpqJC+l/AgLLWjpQvF38DFgqFLbN5sii+qelRNJqPYHJhTfKRsnaL6vCCkHnjkAFthaoIYmIDRTvBPb3xP3Kkuy1ENiA45ysQLS+PCbjVKD8NYMgHVY1vxhcPmdKITEMELlKZpalDa68ehWvZbuyegJAyQE5VbkNbEwqylda6QGCDOwINViXZed950wXoNMToeiBN6LtjdBHamuCmdMBTNeBedSyte3r3nhVaJYsJZphc7LTBAk9kNQIUKemcaKhxgxyyH5qvQizYeGpcgMWTOqxY9mQiKA0xJAb3m8FLjLYuoLo3uJkDaxAuzZu7avc3mFRv71ptZq9jzReHK4bsHvEbTncGyBF+xBxLQb/yKzpSIV14dRMydaJ33NHorV9JzbQuE0cG0tBf7x+DhfRojnZkfpk3ITyjdqtHlif4uUbrn3hgKYu8tGsHAAxnCNvk7IpFIJLoh6Vvf+taznvWsZz7zmY985CPpFcSlr+ZPVve///2f97znHeLOr3nNa975zncqkUgkEolEomtdO3fuXAqUib+PU1dLp5566r59+37v937vdre73bnnnnvZZZcNvxv/NT18Jf6i7aSTTnr0ox99xhlnnHPOORk6WVtbu9oBN6PR6NDfG9tz+umnv+ENb5jP53e+853jv/T//d//Pf4o+JjHPObZz372VSJXRCKRSCQSiURHjuq6FuLkv5p0KhQmqiKXcTUXOPnj9UrlKjPbBOj0WXSwAymNnRTjtdFk12jHUePVtaKelCMgGxDA8ImcSAVEeIA1R9d5jCi1GJ0DKTCILhhtIPhFm35/vWTlsGQ1wcVHT0EfAUvdih0v6EKNzvkZHPESEpUQvAMjFu9zZkWuZaZy7aKVRUJSIC/GUBdSxZwNP1T2iQk5HIMOa8j2wxpKtPFcaU6WJNkdPBdnybUk7tSba+A1QXMHwiquwQAOTPlBnwWLxAkwIhXyJlaXtkTupIQkGsVcBiJBcSiaeQMGMW0z35zP5u2s69rOtYGNCYKF6BBblSWk8lhIs8FTmFIXsUMtpupQB8dBTFV1Ygayz0RfUdc5I0WrZNLA5jHZ0CW9QyEW4mLLouKGtbqqgTWpqqKsSyrx07X0EUU8tOkgTE/BixTiQYxBPNp0utl1XbykeAOsRzXPQEN5QyEfiACeNAJaZQylr3tzwZ2+KH5cd5MtWqqyD6x9+BKv3lHxYbY9neKlhek4/YshGYWE5FqBtEnc4BUFAwL7eMeYQKfiKwYfFpN0LHrOGMVwicZLM8obpFwMRef0UIa2lKuDhzOBabBkeJG7oG/21g1aWmDIRO2G3iRroxycRd2oTeAN9iUiyyXcaB0RcrgCwRQIAn/ie0sNfFwBSwxmCd7y/Dz4Rhlv1Hoz372xvm82a4OLN7lgEp1Gs9JglFAaQoKZFN9DTL4bDz2ODt3JZttZ0XdYj1MdKmmynbba/tBKhr8idLIwwZsUZjCRyxPf3OnvGXJCSq0NHMw0mPB0N9QpVQ1PYcyP02iRSCQSHZmKpY63vvWtsUyysbGhRCKRSCQSiURXXY997GPPP//8Jz7xiXH7wQ9+8AMe8AB6/YorrnjYwx529NFH/9M//VPeuaqq+PzsZz/7qKOOeuhDH6quXV188cUvf/nLzz777Phrymc84xlPecpT4ounnXbam970ptNPP/3zn//8y172sqvNvohEIpFIJBKJRKJrW8NUhaAYCqCyL5XRKdiBS7DwtUYDAiqdgmGBsqNytGO8smtlbed4baUeT2w9Kiu0wUhBOeiPErDySJ9/B2MNyGxxxjKggMkUKXQG0ROsDHPTyHaC5NUQQFEqpWYgOuI753zgYnaiTgJVNheq1IEq0FxWT2cJuSrLgESiRjSbd6B5yWIhWA/AETpyIlq0Uv1uFL5DQTzEnNCV2vResuBIGSbY9cYEnUIrUHB5qK7rPLMyUDingwCvY20Vy98GXqCPhlZgcmIAOilrA/4xhvAOKrt779q2m89n8/m0bbrZdDpr5q1r2rbxwVVlgQE5kMRTFWWF/6EPDVxE/F6BHQvnUxi+w8QGNUZTSRo5G7pIZEoy5MAldIoXoZ40faBOAlLmzXxzczNeMEWXjCcr4/EIs29C6jevF+vr2X0EAYCAhhV0osz3xEni4zXGyRKvry6rcT0y1tAqCAk16A0YtF5gPJhcwW5EQxBeSYb3P2xOJ1s1cBzR2YVE/Vhin5h8wEWsgdGkwLSG468obCik7wHpFTSbURDfgQ4hXmkX4DYRlHUJOomvKHjRBGIH4Eu4BbDBieYXTXbKSMksBN+kJiWkjLGmrcSJSsQJveKCZ2ZEUdMTppSwk8Ek0gm3A9bBBdX5EB/Oa+eBUssTxLJ/ETj8wGIEasbMvd8M3bTzje/WZ5vrbdPCDdUiRkKrP91eFvxbFhi1Pmsmj0S4SgOtKTxoOEnC1T/awU7GHF9/j/UcpsY8Hd2qNLo8ASnmA/45GMdtRZSQUfR3x7DxWpxORCKR6AYkcBJT6tWvfnX8G/UFL3hBLJYokUgkEolEov8y+sQnPrEUKHO1/81+4oknvv71r6dfd2D8L5mnKjAKxn+85yCbrJWVlac//enqWtR8Pv/whz/82te+dn19/fjjj3/FK16R4ZInPvGJ97znPV/ykpecd955T33qU3/7t3/78Y9//NFHH61EIpFIJBKJRCLREawwjJIIfTSJ5kIuyGS6IqEAhj+UH2vEutRmUlS7xpOjVnbsWbTktQAAEABJREFUHK+tjVdHuihMobAQn96n8DPq8C8mRx4dSIgoTE6hUAfMnEEGA6ETPGlYqrpqslDY9kI0lb5d5wHHUMwxaGJKyAMh8SkePybPhetkvBHL35ShEfSgSwg0oNpzAD8P7jWdP6mfQjHI5GO5DKoTP8GH7aEH+oB/TrvIoEk+Y+BUo7w3V3I71/XECV6d4YOCR4M1urJFVVYQhQOuHYa4k8IaREUKKnWj54DDtwOlM5/PptPN2Xw2m86ANUEgI+4FAwm0CVizVIbgFfA4yb4mcaOAL2HDoI8LfAtZgeSOw4EgOsX9KHbQYQZEJcqBkRNjHF4azxbn5s0UDE66riiruh7FNowmI7geo5cMb9SANfG9SYmiOrgPipKb4tU14Okyj2+PbR1VUWAHg8SJ7oEhtdVIQed5SMfeCnvk9x5O6ITnsdbDL1MLDmPdPQwoFpVoLcLMVCJO2GciwSacIgXBM3HMMFWHlpEGvkQjnxW0g3gYcDeJL+IGxOtQbAyvz0ArIZkFBZOyZRILEhgFSkOk1GAG9dDMfp1OeGMwYwgj0oSA9TydzscnBxZIyQm66Xzr4L1OaQ++QwmRwnlfxAWCO2NUl26UX++aPe1sPTRN1zW+c2DhYgnJUYjZEJnDBh+6h07SklH5inLj9VW0ORmwJksb2+11OKTZbIZXUbyNAGaW500cd0tkIdzW2fBlkCeUtM0FItE0gAEPe9NFIpFIdJ3q0ksv/bd/+7e4sbq6+ud//uc///M/P/zuRz/60R07dmz7xoPazsdaxZlnnqkOTXFnJRKJRCKRSHTtaufOnUs//Ax17LHH5m3vDxqzyyL/kiNTX//619///vfHH/D27dsXv3z4wx/+ghe8YDKZDPe57W1v+7d/+7dvetObTkO9+93vftCDHvT4xz/+1re+tRKJRCKRSCQSiURHpIY1Tr1Yw6M67LDSnaq/EAYRfCiUrqwdF+XO0epRk51HTdZ2jFbH5dgqKK/aTLCElMOBcSXgGuDgU+/sRYLBGQVltYNFgMloi1p0AcDPxvutFUlOzNEquy504EsAJVrXe1Sw5QXGYCSshKATDYXoWPIOhtrZm1tQxdukrczimHReMi+h8rPZ0oH8roHNiV7kWWwySYEv/cB/JXEnavlqgaUg3KQjsAaPXECVnvAXU2qwOSkNgiYQg4OKfxISktxigPtBtxQM1mmn083pbAOYk+km2nVA75WFKYuyKIAjKWxRw+EgP6RUyKEAbhJr7Vhwh8uPu+GGIYsaR2OfcaWclJKunpmG/KWioCPHI9q0zWw2a5u5811V1Tt37RqPVgi3oA9p4BhpNr5Z6Hf2TcHQIfQ4QXTJWINhOtOmmTnvoK8QN6lib1EIkCeIBMZqqbK/f0uF/QIAhxE6Yd4jraWw2Dh/WEvvnnqPbUB6G5PsG+MJ/6DXNbFjaGqiED2JtwaDfj0W+RJYFWBnAntCtg7E68QbB6wiC0E5YAyTHZPiH5Y5EIBUdPIJwlOmU/R9QgZKfilMiZu6HZnB+NPg1qYZNqHlmWQC3Z3IycXBZYW45uJawWwYaFpcYrCYof3IWyU3pbgo586tu3bPbLqnnW64uQvgZ6QLMAFKnEyy9MGm8MgO4n0GDe4nOr3AY3Q1jW0MH21pteSviYs7tGPTCqcDJCsTrzUb0iBWSLlfcK8HZiReTAmxXpo6DqJ9dMCAMZrewzWmmUvbcv9Lu+GSNsNBE4lEItH1WsRTH3/88a997WtPPPHEpe++/vWvV1dX/4pSIpFIJBKJREeqbn/727/xjW/c33fjz0iXX355WZbx91mf//zn4ys3vvGN1fVQV1xxxYc+9KEPfOAD3/nOdxT6zt7nPvd5zGMe83M/93Pb7h9/Y/fc5z734Q9/+N/93d99+MMf/gDqXve61xOf+MS73e1uSiQSiUQikUgkEh1hAtYCKApypeAsBHKdgGIiAgTLHh5YB4y1w8oUq9VktR7tGq/umKzG7ZGpwAADnQ4I+KDsig4Ns5l1IN4koSDxGcwzigJyZMhBJGEYGRbBaibWNQll0Cp7HqjkoYLtgiN3GOGjeqaBoQdy2dBUwNVe5wMAcaKwDA7eIxzEwdcaslOLUlyLN5qtX3SOHeqLtoPqLVAPXDSlzCCgQ+ji2FEl1mEtXl5vxAAVfDwGRX5kCIKvzvu2A5sTiqqIAtsAGCZDxAn0ZAkUBXEmYExSFDSAUA6GQjEf33nXdk3XtahmNt+czcBQRKVEpaKwFKxTGlvaAugMMjjBsxTG0DbU4ON1USgSNtMElWcLzStCOtjPZrnkjZhBjw14h+lBsU2xaRB8Y0xVTybjycrKijGFp3J2X6ZP9feQ43V8mqLB4JCitYnvWtdgOSMqvr0qK/BMKcC4hZ0ttvhisP+CXngRvWFiH/n8IqwgQzCSZxIDW3Jo0Mmh2laQz8cCXzLwO/lxNcQ1OD+KTspmLoiYoDkROoVQZ6EXjgcnEI08V+xm2IYYHY3PqvDseoLQSYiTXXtfsMEJIFcADuB8IyCLwrji8VPIDlvUcINCZhB0NlxRKiwFxlDXqC1dyzcxZmpoyfDrbESkBj4nBkAX9G0J8d7VgSuQdindB+Y/ck80B8EVCKd/vJS58rtnm3va2YZrNkPbofFJ0LQqEHBLyFrok3RCuoekZqgetRs0vv+KLnXLBNiGwEi3qXBQTiUcMru0FevJYzEcl7iUnecJA3dWpN8oeYvPpxYOwysnhCFZle+tRmu/cFFb0pBEIpFIdH3Wscce+5znPOehD33ozp07t373sY997Orq6rZvjEWI+Xyu9q873elOB/jo8JJiIeecc85RIpFIJBKJREeM4i/IHvKQh8Anz1Dx13y/8iu/oq6HetGLXvSFL3whbtzkJjf59V//9Uc84hE3velND/quW93qVi996Uuf+cxnvutd73rve997FuqVr3zl/e9/fyUSiUQikUgkEomOJOnFuh1tGygHA0NgUsCFXrZ60CV4nFSr9WjHaLI2Wl2tJ1VRGYw8icV3pzmPhtwjfPr0O+ISUH+1huusGMqSPoHP9iHDEyWHBSr35/o4xeekjA0qmUKBOJY6A5S6AcoYXKDpiRk6iuJzpcqvUn3+C1mN0HFNShkySG3YPusGgQutewcUlc03BtYBg55j6kVniiF2xYKXTCr9c7tDCIOODxypg8RJfIbCePrMv8XdygLib6wBQ5KqAruToiAahKuzGRWIh2rapmnmDWrebLbtvG2beHxCaog4ie+32lTWwJEhmAe8TGK1vqQ4EfA4IdhF2+UZ4qmmrhXFDoGfxcCug2WYAvB56NHpxG1ON7u2je+Op63ralTXsSkBcoVc6lKV8A417Dqt9RI+QsBU17Wb01m8usIWo1FdVlVhbQCLDdVjSdkCY2H+hSWogedeanCaYipssZ8oFg+zvQ6t0p9mxBZpfRiK7j1xkpYWMxDMnCRugIgTH5jJCp6WOnInaHbiwK0EEp4AQIkbvvAEWXjkTuLC8Fah/Qn4IGHgDi+KZGoSvGFSKaRlGQIvR2JuaIxzxta29EOCMgY2RzorHWRhWaYtlSgmT/ereE0OmBLH544NVxgOYxl5MOT55MnJqQl+3TW72+m+btZo38VOsbwEFKf3GPZlCgT30ArJGVsmNWQ5VEwti4dnEUxRW2/mzGdw/NDiPFyYvuqqTqU+girRIDQueG3kP8R3WbwBGCJO9PLfOEvHhICi4RpOp1jEHpnJ0wKdiEQi0Q1Jj3vc47a+eNxxx8UfZ5/85CcfffTR277rs5/97L59+7b9iWh1dfX444//pV/6pfh2dWgajUa7d+/eH+AiEolEIpFIdFh0i1vcoq7rsiwPZefxePwbv/Eb3//+9+MPPLe//e3vf//779q1a9s9b37zm9/61reO++/vUPHHqjvc4Q5HHXWU+rGVf9ly6G/5n//zf77xjW985CMfee9735scjA9dxxxzzHOe85zf+Z3fee9733vuuefe7373UyKRSCQSiUQikegIE3+2nEEKrm5jWgp+RN5wdU8nexH83LwuTTGp6tVqvDqerI1WVkeTUTEqILrGENeA8RggMh0h2wD4j/9REqvOJlZzLdQiTQJbFhoGmQx0NtB2lg6EnQT+gH3c7rxrHcRgOKwCK5UsSRaIk3yaQCYu3A8JWbCJgElVeJ0hELJgCZ5xCjKEWXp7Cv1YqHSrTJwMiqSZwjCD94ZBKZcvW6fuwDyc7HGiwCMEU2OgWaYEXxO27ihKyI3B4rhROrtWeAByAqTzzJv5bD4nj5O2a+bzzfhibEIci3j5JTIrJW4DumJNYYA4AcoEysbWBvgCjE8IG0pOLLnhmoCStK2ROlicdQl18NkyJHSuaxGFic0CV5iqHNejGhJwKj6cz52pUs2djXBU2shkgkKn9ni45G6iK0zTqUcV/ds2J+EuWJsMOp+7bTBeaR/u0WU8ZfEg+h7Pfota1HZzOOiDOFAQDqKuIaWL94MT0SUyg+Jx3iiiuBAgyzMViQwIzTEO1r1h1kRZJE6sU4UCgoBpC1h7kMgV52wRwBClIGiLvouNsDiuGcGyPM7OcUBXUGQWMrwZLLRf50HKLiDDDaKf1BboJM7ngBMCL8vFFjiAu9jbxVG2TwIf4lowRQGQjQa/JI83hta7edfum033ttONbj6HnCHVkXeHTtyb4kif3Had7qyDGB160SqVjZ4UrqC8vBagqkyTKO65pV/3bOkupbahPvTSlFigdpbUn93RcIR+CnkiTfgeBSARmiEhVwPa+tuozHT1izCw2RTdGvJbDJNA8Yw2WcQAiXbOx18Xt29+s+0rkSKRSCQi7VvfjM9rqxMlEolEIpFIJPqx9YV/+1p8vvtdf0qJRCKRSCQSiUSia1Hyo/iRqQsvuiw+3+0uvxQ4ywLqh1QhVOifQSVSIDMMGhYE/Jh+iKVkMy6rtdHKUeO1o8ara/VktRxXtsqAA5bz4SCeskhU/7l3LhwrbW0sGVItEk0z2IXAbzWcCCEcAJ3Hc0FFunVdEx8QytI5xWVcrVK2DNdRdcZokgdHovMzacBBJlj49D33kQkSQ9Ec6HpisK90pig82W8Esk2hy0JDFN6wA8xFgdGDVYO0mZ46QT8FqkB7hBtc183axqEChtDEs4N3ANZ0y7IclVV8jgcvywo+L1EUelCQdoHMURxxGNP5LKp1bdM282YWS9oFDQQ0UoFdCgboVGVRgcdJYbGfYmvp9bhjCaV3C2Vldr3wfXUYSBcYU0u9mS4uEUJ+qexO9jddF8cuXmID3VIUZVHWKINYklqws1A5LYSNN7Dyj4diu5F4PMJN2raFECJbTiaTuh5Rj9Egx85YAJIWoBO1RSGHoShmJHK8id/Wb6FY5IeOMIXBwITBH4ppKGStaAUQdIKvoqMJXHm8ZA84BlAmyJ3YgcdJ3ibnEkgjwjwdeEankyIQghFsYBDLLPZ84rEWm8SjPujN4Lde2Z4pQlkAABAASURBVNYR1ToTUMkcQw/hLwrSQZsTuGDd+jatfuP10HgFMmIwlwcJGq06ozqtWuWnvt3XbO6Z7pu5ptMh9pe2Jh+f3o83Qz1sWborhWQ10lshDZkYtcA+qaukbYiTpR3UVXML6e/LsJLzKQLfRGFZeQeuvwEjvpBfNMkUKu2cmhKGfx700pYH7shcWSKRSCQSif7/7P17rG1Zm94HjXeMOeda+3JOnaqvb2633XSM0yTBSmKQcZByAQUFOcSRIiEcyX8YIdsK/AEkVrAAgcFGQkiWURRFsYyIkYIFQkbISJZiKUghQRDhSMGRAbvtto3d7fTlu1TV2XutNecc42W8l3GZa629z66qU1Wn+3uf2medudeal3Gb83R/7289j8lkMplMJpPJZDKZTCaTyWT6IRN20IO4ONRiaHPpYA5FfhnBU6rOdPN6d/dmf/96d7sL46gVVtQiIuEjqKwJfzXfocZiODWi4ISNoF9/9yVq57zemivb18rKte28M12K65xEnKxpXfnaXq02PKJThxL1JUFQ2kTtSRQjALlcrPVpdXPQlkg1GEKjTODMnKXUTq+UToEza7z3m/0rClPjTTqlZmdAzirkccI2J3mDavfey+AFroKzG8iO2R0/sseJND4VowfO5SEPmGVdj8cjQSfzaY1kc7Kuy2437qYJmDsYPLMsDoYQdsM0MvGRy8YDRYpIQAZdtA6gU0cZp0XgEjgUttV/1ML6WU9pgHOnJOsnT2A+5ObmZr+/oYigEIQjkX5cGVM20CmUSWKciLYZrDm9fft5PsNEBM5+HKcu3AN75wv3ZVTsQGhZC6N0hYsaPsCC+BUHC2zOGXr/FkhMQCpUj5MkVjJMGBF04iP61fGGG4jOINZEg3USISZewQySZ4jFS6QO8EbekxenPBqcpDHx7c+Xk4VSQ2EqqVAaj1c4hQ2o0f1S3xSwbrMuGYZDKOlBem3gDntAj/JI9BIFVXgL8vEA8jLx7uTSw3L6weHt2+PjMZ4iP2bQFXpEYQzOFJKHjE5EfbZK3FdrJLexLSmAs37CZcef1rO7QX15qfqFzvSeS8X4xvPNwI8oppSyApNnlKzjhdOSw8vth3UO9VF7Bj9da6+MaPlXyX3B5ptMJpPJZDKZTCaTyWQymUwmk8lkMplMpq9L6nRCkRFazPPNGgRacRIpWOfVcPPm9tWr/d3r3e3tuJ9coGCdRBkqXIEHsfwoETXQuV2wMQa4yRMDQFRB92V1ITx64kSuXy9e96tbxRskxighKmsqthNJ6ZnkXMsJZfijA03Y7ETO79XMgw7ibB7QYjg7O8g39al6KuiMHCs9ah1wkgDheoyn/HQjfTH0Tq5Sj6HdY0mfkU7mHjoOrpBLE5HBaAiZgozjfrcjexIuqg8jRX+sMbquyJt4hOaFUnUej4dT/nudU1rzGaeJXFI8V3ypSAwUpjMOeV7HMfeX8B0iTsYgZihesZtivyB4ji+9lfo8QKuMSwOkAO8aYCMZQWlZF0n5yUM37XbUEU7BEaMYx4XrSqv05jeuK6hzr8fcQ3GC4YWwjOPE/Mqew3TA1Uwkp147z9gkwDsib7ASNwptXdt9cB+etsksHQHUYygE+kR9Dwq9JDYnBQ6AiH4h3CSQW4kSJ4U7EaYkv6IAWsCPgPwn3+4ByYHIi00QA2nshYIy32Jwwm1wwl09MUXpKZxiw/5sTZPkLzG60Y7TPHqnqTC4JubXXIxkVVKeQLIKXYkZowGJ+U6MDhaEo4sPaf6UPE4e5rggx4YpVKHjmh+NgVviS4iQr7QHFJhN2CX6SOg8MhHx5935MvJluPr3NmdFfBG/sl05m4bRcwQFOUMxYsqP9vxKN57exp7jlfrDU6H0oitP8TLd5fxnfW9AYkUh4UVNN5lMJpPJZDKZTCaTyWQymUwmk8lkMplMX6cULYFNAU/LrYpLgAbUIEyebE4+unn15u7NzTDuh93OTyFS3ZmL0RqIIX/3BWSuOyfJmMnl5mkY2CzDazIDeypICyTUQi0QHDMCaoPgtrYiyQmMwPQCoQZxTrhywTLIHqVDiVET+ca91kBr3ZWDb1oJNfggiAcWO5ME1RBFgRXfReRoOxlRSZ1lBO8vNi7N1EA+QexCXEqRlf0UyqAXyekEpNB3HCfcAKgRiINpmvaMaQwEnXSXgYILsCIHzRxPpwP5nBxO64w0gLDb7W53E49JYgTHjw7GMOx3uyD2ExSyMw5MouTqOYdl5DHhOWEWJzddZku2eIB42aQ6qvl9d+atIbiJACK5XXnPcdq9ur+7ubkpzVc2gFGEqMNVD6c5BXWSAIk6CvN8yn3MJ8yf58F58+bNOIw0gERQYAV/Km5yWW0HV+ZySzltCQco5MzWWeNCQ0rY4JueTGqT5N6fnqu/t3Wpv3ZdUjcRAUxi7z4ho4ExKe6UEk1zYrJixWGVDB1XrU1CvsMpWAcD37NebsSktA9hF7RCyDyko4CgNS5hGS22HZG/nSR1oXsXGyGmRADdQ0fdiJRfKK/0k4iTEriMljiSDZBb832ipi4E0DkJFpPDUU+ZwK8Q8xI7ufR2mR+X4yEtD+txSatjcIvuAeQ7gjyYBDCBS9asNqVEdBUii/O0ilfKZlI7CxCsJ9mOyrvXkzznz466yp109jeVFkHmVzx0K6gBI06crEpmmnc+DPyI96XNG2SseOwIBEbUD8+Lq/lbXavECofQwEokmUwmk8lkMplMJpPJZDKZTCaTyWQymUymD0XsQuGLXwMq/iBZK1oW9+hHIE6EiJPd3ce3r9/c3E1+zD+e68aRSrWMgYDYj7TCIr/SOYNX1IN4E1+L8cUPQEuf1cOiVlyBoxs2diKoERYSrJOvTqkOkWNYtMLplByAYjbipSLcfX9ejDTU+0Aqo6XYyQVjGQiJcCh5PK4gMkUpJbepDleGxxeSRvkW345qFd4kTiQ1d4bTKlyrJmNX0qUzBMdeI2wSwxthHEhjGALDMJwPkmrtPv9GsEn+My+n5ZQ1z6eZPU4g+HH0+3EUPxhK6uGmjAOdkgkBMj7ZDex3AhyTITEpTkq/mpNRPU64pzyqDIwgFBcQh13WEg1XnqyZmjTnUn/e/e7ubr/f507kE67rKoFLhUDSLBwZDXFLScqgOLkIBTAlfHt8yN0Ue4VhmKZpzI0niIBHmBc4jQb0gAi4jWsOGfSEgjpgM9y5InC9S8gTGghgKEY64ArUtTGZeJ4V+aJ65lxQ99jcmViPkinieBn5OCl3wpQJgRgQ808SymSIblgw8F1YwnTE/Cd5djzixZr7DF75jyQ0TxA3D7Xz4SWTKqfGlyZ8K4LeEtIYhl3OZwKudr5wLKigB12xQWVyRflU1yMQTrMmXBJ5dKRiQsK4GURPd92AakCS31m9O6I7uvQ2nt4ujw/Hw4oRGTBb6Wh2bxFHFcgPOnm8qtUS9rE+/ROO4Tu9713X08JesHcIVMijH4R68jYEVxSeGTgejSuDKc9wLylW1HYBzYQKlKYwS5Y0Xypv0Y1LtkI0yvKAQnliYO2Na6YmGt4Erj5DqWu+38e5YlQjVjEAW67uvVJbJpPJZDKZTCaTyWQymUwmk8lkMplMJpPpS4qRDnapSFybd63uSdX6XLQNSLjJ7XDzarr9ZH/3erq5DXtiRxLbZZTaqKZUoEIh1VcBmPAIDHmIdQB/n52DK+rX6dVqobWqFI21ity+/a51fCrURkwzpjWuFKxCX5WXjCDtgBQpfUFNmIso37oH5QAkJadZIjjKtWGXAyfgSi54V7sDp+4MKDtfscoAcVQR6wIs4T1aOdVul06j5vdQp/ym48pYJHYE8dxG6ThFdQSid4isINYkTKzgyVOAO0h+FCkuQsOs63ygRJ3TaT7NxxM5i+Ca25ALwsNEFibjQE0ITHkQXEJ8yRByudzRL7tx3IVRTCvYB0WdWULtlvI1tfsMGGCJ9XEFJChIQZRWxXVe5mVdgne73f7u7lYdJcAnZR4QscAPjAApvKJuMED2G4zX5A4ty5JXQL5aGChriAcnBKl9t7q02GC0lB+nOJFsptL+JIY7MsWuUgAXhXr3Ag3QkVICcKE7t694X8IXnrTwFvWYgnoluslikmWJYvfC1ibMfqCPCGvy0Q0UoIN+xZDcIHdmpAUU2ATFl9HiDB2kVBphMHg95L0H7wv/IU3ozGBcP85n3izunSrpK1A4I537ZkfDn4ofEa0eDenBNcU5UkJM0mkv5kReXEg8AxeUBxM9zA4Pa3y7nj6fHx+X05pWpdqArVO0Ib42fQPLlQcEL4YuS2a753a6sOsgIL7/tXP1tMLllB1coQiT68Yz336U28Vgl/JJ8ogHRnXAu+sWL/JOqpfu6bp2c4L+41AmErZnM9rEZDKZTCaTyWQymUwmk8lkMplMJpPJZPpg1BU72QWAE2f4bS4lA0MnsPO7V/vb++lmP+1HPw6SJVG/oI7FyiJpDVtMLjiSBphl4MgF13+pHvu8hbMvrZcv/qvjB7eI69alOppKpTNvrESdrLUv1ZsEOeeC42ggN4xojYLT9Pk4YksgUIk4P3A5FeUsAnmUXevX7vteXM+4KKVS3XbXVKr/V94sAUV6OKfMsN+J90MI0zhO0zQUMSdTjSGoYJyr6HlUjsfj4+PhRNzJMXFGD41JPsOQzxAGJjNk8ClAZyAzmyHs8mAPtM8w5f/y6GESI5yeNSkLxhVaR2YDCqtRC9nNFISQF6pRr4Ke7Pf73Ivb/W4cQzU2gIvAGlQAoimvo7ji6XR6fHyI7IxCLQ9+t9vlMUEmdS5X1IuFUJwxLs6AXwgYGTZ8STFuqG9AYw7el57rcA+a8A2qa4UxHzENSlr5V3sRjp9J6BObnUQiTgISdELWJpGCdUBSaChJiPATjykvFjX6UDKrDSW/46D2G0tgi1OfDDHGAbl2o9Fkw7sXd79eUWC3CnbJCDBrghEkNYiSlyLG1RXihB99cuN55P5RuyF5WDDNcX1c14fleIzLwhFchINx+g4WrqmZqjj1eBEGhT+UXnA8jQTdVJLu6SnrqYyzj77sEr8YuIuHr3QDexakGOQ0LozpPgrvyg/f3MkgyV8gz01xRaqM4Fl35M2kiWTt9q8tqo3qeEAjTkwmk8lkMplMJpPJZDKZTCaTyWQymUymD1FqASKbLC4cUn00OD8QdDLchOlu2r3e396NNzectwKSmZKwQSdU7OdwjuZ7wV4BZJ0hzhMo34CnzyQfp1RRm7nHRS0VADrPAzUyQHHOwFztXNZ1LWXQWqd05cvxEAR3Ac3HqHYm1DB2YZAoF4740O/Z11apj0eHmkCJvyhhQG7rxPBkVZQMSwCupFjUEcBNrwu9o7+J7YJ3GgHECTKEjEhiEVMCngu4Uar4Ma7HmZJ0jodj1jzPMXLQjHOSqiOHMxJEfMkUhjFPK58ybzuOQKKUHcrIEBccKfqq4wjoLCG3Sqwd4MyqIV+R8n6C5zp1zG0d3iMHAAAQAElEQVQ4LScsCNE0jdNuPw5B/G/qvF+Uv8nLJE+vzCOvMZruuK6HwyHPfm7jTT7POOZ2UCpQ8blQTuh9qNX6oTNieEHhe3Db1VGXOShq4N4TM/CE4AmkpScJeISZs2LYpNBj4m7iOE/HE3fCATrRDRHzRqCPcBDnGIZOQklwGWRZFNwESy4UOOUYCnqQJL5HfD/69rhGplTKTEJvnvP5kD07KEzf1HtV7u18i3has5Ga71aKdaFHx8ohO2rZIw5HUV11OPgGItAddojLw7I8LsfHZSbXE8fZSfm5hkyfiKfLlYbVyWjP2DI374ZGugfE+caX1ZUTnLWjvwvr1Ph+9og8Ia8Ypvlo6eQbPd/RetfRjeoKJ+S3T8N0fiHA7ZNU3u93UH5l83x0X/O9YzKZTCaTyWQymUwmk8lkMplMJpPJZDKZvoAYMfG+cgOeInXYzsD5wYfbYffm9vWPvH7z5ub1BGGkNwlxEH8CJ19Wb9+J1+gZymcJIKk6QU5e/EUKR4Kdm8Fz1eQaZyNvaNIDIEWrrIJTtNgH+YyzYLxSGbrtNXXDKT/BhUzve0cN7g2dKr+txhTFpsF7rAiK1MafDbsAt/mGP151yWiHa8vrOasfhXyosSSlMWRIQhQG+8Dk4n1EcaXgMSVK43Q6HY/H/Gc+HhfyZIjlVHQsheqI6wsRJzANw24k15SJMnrI24WidkKg+CTkiBU6Dsu4qbmN9E4qyl4HH0E7qnEciU1j8sZpng/HQy5PE9ZCrYexNoKuoLMHm7kQ/ocK2ylF8eDJXSN2ZZ5zp/Lk3t+/mkZN0vF6qoRP0EtfQtv5Te4Lami0CvSWJzVp5fyTr6a+qx2nVVaSfKxGRESUKIkh00STwJMGAp2QnQnCioHydChJh39SfigMyCAGuoCMcgl0AhBcklXCdxR6ZSyUNYHCjxT/DMdPiuTaKMsC3ZBWl4yCu3hY1Dn2DQzbWJ6IJ1LiW5ZpGbob8i2zJlxlCHxxt5F7IlF/FIgBn5d/3u1xnd+up4f1dFhO87qwwUlxdEHxQaogEpTbH8RjRZ1d6lR3cEUNGXIX+spwyfuRPNzrjenK9LVP8zOFLJeIWkO9aaFzpnmKs8OC1p15nLi6XgpyoqcSk6wPY1RMJpPJZDKZTCaTyWQymUwmk8lkMplMJlOTOnCAOAJAkEAcpAiIAcJt2L+5ef2dV6/f3L66HXZUgyb+gg0KMArpUCraUr/lqrMPAqyozYiQI42gEDpB83XOqogVrYBaQMb2LXeBGRLGXDxe2OYksr9KtTaQ03GmT8h1UM9l7MD2LSjwBGjIhVSkC02BYvYgXYFiWlBa4aWk3Fe9GW9InEZ0jWy4ePMp0wnBNVKJ3qjn51GqxVc2OOGBzAM6EbAx6PgwNMDcAHUwxkhROsfDfDodTsd5PoDMCFd1g2f3EnY0CZ7MC4YAow87n09HrEm+hLinBB6lIJV3PjW3AXVKaHh0Vnyxpaj1YD6EFsM8z+S+EtfTfHKQdvvdbtr5kTqay/sMIjWSp/IIPHiKjnCv6XIxrXOe6iUSdLIc8/v73c39/T0xAqlHF9ocvYg4uTR92MyLbKcvx64MnV2EtMxh9zu+T+JEz1rOWF6Kq4irvAB0nkIUKcNHCXESBcxAiPRD0NnK1iYJiS+JKa+GkIC8QhDzI6AtDnpSoKyBwH/5ylyoNZBzbXrlTyLwg5e4l7bJ3QjNGqajE5ob09V51XfK80X34ffkxkigJir5dSU3JoJO2ODFRaJmoKxuOQHF7hSjIb8gnlz8bDk8rvNhXea8EONKGJtnUo+hti03UTN0oLZJJ6iMRuGO8AK2kHnEnpxyrj/HVwWpnjpBHdh66fogFo+ZlGJ52mxsV+h5xNCJ9yHysGH3KKjPfSfrvwggsfVMkhNCWQXlnAwA0YA1oxRtz2VilclkMplMJpPJZDKZTCaTyWQymUwmk8lk+lYFXV1YsiXIoASp2L+D4dX+9s39/d14M+Q6a64757cRtGyc0KXUn0dhDu8HDqoQjxMtCCNWlxEpqbbqsjtPV+lfa/0Z29fsMaa4xsjBOnmT4x3y1Uu6CpUwfch1UPY7EduVZoFQv0avJ9eacTHGqB4s6ovCh3s5R6uKVl8Xd815AcqX9TcD3VVqz96W5vQuAqVFrlxdPGOCbPhi0ILMvKA6i6SV8Y7TgUxO5rwxn/IYCWDixMBm4GEhroguOob8M0z5ffqBIV/CiaEKGTl45mk818i59MuWMzxi1bGGz+OhlqrZjkD8DvKszPO8rEueqNy2/e1+v7uZphE91a+ljo3FxcBz1/LElnGSwrSTVKG8+5rL/fPMpE/KO9/f3+eOsAOKL8t3M9ovitfZEAFtavDKjgIV9EYs7y55D3WrolXgtjVzWX9fFSOoTYHW/uIoIsRJ+Y2ZEbUUYcYqJQLHErIHCKEnwKYmQKyJG9ANSXETcjeRdBpkmyBwQa1vGBwp9xNDZ7TllUcRBERaxfMqKVDsTSQ+I64HE6QbvReImKS0j54cK5DFwlJkxLtyb0BkbEKsTWIU2IH9WDx5mbC3U2VTkJEqGrHo0imtn82HTw8Ps8MF81qOMPCK531SeUyU1joi9sQyRsxayPNJbm5tXkXAtF+9J0/hMtw3S1ScgSb117Lh2q/6JgqHFxS74XAvFwtuApWnOYOECqeEJRGNl8f2HswPctf/AyBvtkE+b7bJZDKZTCaTyWQymUzfsMZhWDjxO284k8lkMplMJpPJ9I1oWVbH/9e4M32QGqGkS1BtlINpKFsDRj98dH//yauP7nY3u3E3QACFATgNJb9yoRFKdVHLglz5pf/QQfeVdy6nJnHjqJXC3p0CLoqMulFeCuZBwSApxnk55toxAQ25dEwBK17qm4FFldBSCvfMW2idt2TrnF3lTOpqIhXYhGrngKVUmqB3NqiuFV2bfamzVxpjU0o/g2yqiQMVxKVizYFHcs78tuQTKXHivbSE+wTcJIhM3xznIwEnnK2znI55mPLOTJnQ6OfzDZ6ikQIBA27yYfRU3x19oGydcaTYG4YRyqAJIiRgCFMHroI7wCYSalVTbBu4XYjLsuQ2IHIGk8PcgGkab25v9vtdPj6mBYKv4+9xoLWyQXloDIiOyFX+5TTP87qexPIkTCNjTLDb7brlwa354uTG8wfUOZLGnS2VMzAArmUttUfeN1MbJ56kkU38kmJrIb/msVX+IxGawZlFSYgTMjhJnKrFP3ljJGsT9DEvF5T7xjOnkRcTEyd56hQK8TwANEmlMdUWyGHBxejtxNRJktCbq/dht90PG7wTzYEW6SLUmFyZ/EuiQ+LTNFhH32deBqqXkGQ8Id/vkUdzwXSK89v5+DAfZoyJb4vKiziHfWvlCdZvy0u/ytC5J1yRoP/FfXs4BfYrSCkTJz1NjOIINUSP+4SDxHERoVjxwOfP3U4rljv847FzSRJV2s91g3Z2+q8KaplMJpPJZDKZTCaTyfRldXu7//Szt4+Px49e3zuTyWQymUwmk8n0jejh8eD4/xp3pg9SJf1GyA72L0AiEj6+u//Oq4/vd/e307QfRp+rzVh8A7CZj8A2IEKxCLZCENMM12wAtmV7ed2morizArTbgBpUrSZzgVw7jimlNS6RMh/yAYP4gWhyjHiDOAZoGM3wpWZd0JOrbhau74i+nn/lXvgaPaA1vr5cqJ7qaim9u3wDL7qLcRdyh/i/QdKKvMfCs6RyWfI4OZ0O81G0zHOMcQh+CANbpHiiBQguGQcP+df80TT4PNdjoDenMBBU5CBUOwb+8crbiIFEKbJDc2FxXZ06X9FRcT/mBszzKfhxYlYpz8bd7e20mxpq04rv4kSzKbITRgO5qA3ruj48vD0eD9M07vf7aZqk/3mGUS0TzmbnK2gz/f0HSa5x5QjEq9tVQ+fPcX7y7tAatvJletI8KtRIRNYGYIW0dHbKZZPajRBukggc85EsKkLMG4SJBWTuJNIG0SdIi8CzJQUvAsk7AYaS9MlBQBMtL+KQAKrNBZZIG/XAEYMThqTUx0Z33PBldbOYt0DB2p6wu+jGwtVbG6ptCUAEXNY4xzUyPxYbUsaX9orM0ZOFN1bANcYlpTmtD8v8uJxOcZaPHD8uqy1SRY2gf0zkHXA7laj3zZmjR21uswPpHEe+Pu7kbAw542Zzrb49jZmrz36Nv6EAM5k778sT3rmz51ulc+qZ6yey9Pnu37TqDMHx2wmvTNW3Q+WYTCaTyWQymUwmk8mU/2fuG4JOfuVXv2fQiclkMplMJpPJ9I3pl3/le/n17vbGmT5IMWIAUlkmxCHibggf7e9+5PXH97ub/TBOnnJquOiMNTTBlRAPKTLrF9ML7RHYaER34OpiXzlsZci+1omInVVACTrBYq6hnyUuW5fauitYSOJrkpjMoEJ34Ob4EgXjqxNB+cK966qhqQVJQK0gY3FxaPu3AVBWoKEkWMwkSs0UOein5PU4V2GNy2py4TZSqliG/skax1HGVkxcBK+RZA8ibxINyXw6HQ+Hw3xclmVdFvJBIQRnEJsT4nAIzAkjASwwBD8OeZsTlMIwymRRdgoNmrTfdyYiwZW6easLO9dlzfCUJLo0e4suy5z3FFKELVvcOE2FLJGTaPG5lLY7MInX0hrXmfKBjjGuuQv5PLvdLm+0ovyGRiqHfmnpWq6bF++eTes1yqTHD2R7eC80zFVdAi+6IiW2BlLvV6EWQ2xDIzPtxNCDU2fyvmGlMJ0Q2eCEKBPiS+gdXgfBaSZK9Q7ihB3nm+8N91zuyZaDRUuJgpSqYwxb6EAjpQhRwc2DYfuU6CYWXzK/9T4FUGwCIDq3xDSnuPDlc8ciCspAgJUewh2ISG1NvHGI82El3OS4zAt5o/Bzjm4QX2w/3Dsnl5+oTKqg3+JRQT8/i1rqWJMrbM2XYlAuz1YfUpfrGDs/n0sMxRXixHF4VRhC5Y7OLscX6PCQJ1Wi14hYqoiRbw8aeHqQ4V3nNplMJpPJZDKZTCaT6WvTj/7oJ//xL3/3+z/4/LPPH16/unMmk8lkMplMJpPpa9YPPv3808/e5hLSj/7Ix870QYq/4q+lYp/gNoxvbl9/cv/m1u/2MO19LvV7T4EyFcyg0qOXsqJ+f59qg56tMog4YTMEgFaAlwoiFg+Cp0wlNhxBLRwrYkCbuWgeU+LUVGIrEhJaMQSyOckF3iBmHYBSDffMm3CEBqMMXClu5++E9d1SKoViatAzBElL6/1X/9sZLomTWlGtF8Tt9/nPKryptk/jSpzwIkqcqG+M2slEjEvMP+tpnefTvOSXw2leFyFACFUZRhoZTvphpxPPUFHK4zRC2AdK08kDNw5Msjgf8IobgweJvlFOgHqc2PqCplitNNYY1/xfiishJ8SdDMNwd3d/k5dPUckl6ge6TjRdh4dAKJp4OlF/lmXOH+92ZHAyUqgOhQoF73UE2py1QXNfVk8e2Uw2NhV511XtN7t3+/AlAgAAEABJREFUk5s/vZIo9t6r5H1micRfEa2RSiwKxeuI2UmklRiR7o6kGVUSpuOjG5g4GQQ94S4rgIaJnU7oLpLVF3hbDT3Y0oh8LxwndPEE0rGFrZL4nkJzpdZ7KBjKxcD1UkccvQPTZa/hiSlnyiZfGihVB9OcbxNkpMqT/UnieZQV7Ru0RnsueRG7lDcO6+nhdHxc5hWElKFBUIqEe6LwTWlmtTJpy0W7UDvSc1XvmE28CHN6X/pip63+Jp2nk2+OUiNqDpc8q5U0egEbA90g8JNao43EOaa6S7mvaRBMJpPJZDKZTCaTyWT6itpN40/95I/97V/4pZ//G3/n7/mZnzLuxGQymUwmk8lk+lr16Wdv/8bf+oW88VM/+eO5cOxMH6RC8REIDm6G8eO71995/cn9sN/5YReGyQXPLAYjEVLNTpJEAVIwZIVu2zllRGppsa9DVn+QqyESl3VGLVlzJT3GSHjFclpXCtbJBdBxGH2g0qcfBnIEYUcTCYiRlJ92HrzuloCK0dQycQE7pB7NwIQjIsS1xBJXCu86dLWaDLXOrEYnV6um14qpqcAB2gV2HxFrk+pW4jqGY000FKd1Oc6nOet4SsuaJPuCLE4ojofmxQOl6PA5B/BDHrEwTmSAMu5G4lnyDmPemwq/SQ6vxX42g6h0hWA3wt0wZIDqcZInIv/kJtAhQ5iGsNvd3NzeDoyJ1AbnEfPFz6AOA/kaoOR7JJ5eAooOx8f8a+7Dfj8RGkMWL96dOTJ0Zev3TXLgM2wIz7+UyL17lwb3Ar0HwqAQTULwpKRDxU1NMnHEXyCZmsAa829A7xAmEpBAk5HidZg4SUlMjUAisjRbhykySt7iOyKvMF31yJYniUkBWbvOV3sYIWCweVJA5ci4mUS2AK/MjQvImSp3wgYbckOecw3yqXdqLOSZj3Mroyf5UZFvlcjLWZN0+CfwLZxbk2+UvDtBJ5ynM2PMP4/z6fF0XDDCxHFjSQODcBsGBoV/qrCR6z7me8VD4WbcBXDX9wDxZW4uT0iPhS+JNbUHcYW5Un+/JZncwOgbR5hR6FeKTqATxNXxI3LTgguHmvL0dOcdpVGi9C9uieuTc67bqJhMJpPJZDKZTCaTyfRt6yd+/Ee+9/3PHh4Pf+Xn/uZ3Pvnok48/ur+7HYbgTCaTyWQymUwm03vSvCwPD4fv/+Cz737vU8fBOj/x499xpg9WVHoGzl7xn9y++s79m1fTfufHm2EXKFojoqZrlC/hO82w6IvKwhYI7SEsgdtUmfVC7ZpPu0S4jvzAbs9c+BTSYlnI48T7YSR4YohxzVXRafSjVC0ZN3H1utcKlXClct2+yV+7I24KyHX81NdM1QKgdLw2uGAupbAeXUFSZDcZnyeDMrgcDhpZoX8Hthbw+paCDmRwMp+Op9NpXeaVtayuZF+Ugjj9jLlA7AOmNDgYiQgZdyPF6QyezhyAiRO2M0HxNZFIIlRjC2gMTZs1csyIeTaINWFOZFkjMQ1hpPSePCO73cQ7J7FFQElaqWNe5lmulT/k5ud+iE3LOo7jNOW5pVCgOi+VZ3Lni+fMNOV96InzXGbaXO4AfbzOO8+MujLaHdLF4rQVVvYt4EOZadlfQBNxmUhq1MOjQf4mkKfJ55lwvNMShxg8reWUfzxzJORxkkv+ef4wUY4WsSZkh8L0E01gSAkEBshvpkTwRpBglOZ04UpcUnJiBpKKGQme0QxyhKxPz+BK3pXvujZw/f0piV0UDsXgCzb7DUGhoAwqBFREhTLCXDpFIkhWl9zAdi2FEQkMeLFzDlNUCSmCJ+FxWR/y48Wlt4fH0zIncX5akFpJtAqksgJBGo7C2tRZ8nwHQXlcQsn12gTQ8AER62ZdF9XYg4mfGjHDvAcDNwTTYB0f/ZQv06gXPKdawJ1fiX8FxnLUPwbl4ZYQKrfCVJcuM0KXMN/pI9/VhPjRSLsYi4OOmN20FevLdQXv0RVRJlTaXxtcHtOa7+bcmccJ9n0BtfNxlx+aTCaTyWQymUwmk8n0Tevv+9mf+YVf/OW/+0u/mv8XcPkfwU0mk8lkMplMJtPXpN/w4z/yG3/yx5zpA1YucO78cDOMr6abT/Yf3Q83t8N+CmQx4WJiawPyOeF0myS4iWARXBnl7747tj8g3wCpuEq11JUKaC2jo4ActQQak+YqeAjdPkppEOrBpdF8pRjTaT7lWjAludA+RDfkgnQuFu/G3ThMAbxUhTktSCw0tgXY5mbi6rftU6lhQ8FlattSqfAmp8XlJPtTT4NLZexAwRRFZFotFYsZRiNYVOKDwOYevjYoF/2BMBCKZaFRDUKcDPSWxtxQgAm4ZVkOx8NxmR9PNCAxDw0NIxWOJUfI01FDPn4ahjEEn1J+2Y/TbhrJOWQYgjjTiJ8KOdxI9Z5GPghcIKV8KKYf1HyQFgtEwwYnaSbbmZmylgKM0zSEsN/vh3EAzl3ioWRDHPWykMEUJ47k6ZR5jaR1XfNJyI8irdT33HQhZUKDTPwGVlGOJ3ecZqCYp3i2uninrvIk2GxL0vlHuLFdkEXRkyW1lRKElFslBjC5TP9upxN4rnCeSgs6aKGsYUEGZEsNatApkkHbbAyU2NokialJHmr0EYf8ykE3QFOJAy/ewNxZADI7ErsJGY/g1NMHer7EyTpnu5SLwQKBGEoW15Uub1JmAHpnoc0O5+qYBSduGPxORVioTRwT5vIMLGmdE1NMHjrwS9mn/Gtevvkuy++t4PI9dFhOC1C8zttTvrVOSQcfGj6xaTVf2HtBRVBxJ2VNcNtb9wLV9dQRRe8LoCrNwA75AoflaVitR8pDTHbUdCZ9uAAM41jmSPAaWQax4E8vanAPzZT3KpED21XewCO4FmRlMplMJpPJZDKZTCbTt678/7H+1G/88TdvXv/qd79/PJ4Oh9PK/1uVyWQymUwmk8lkei/Kteebm93Nfved73x8f3fjTB+2RvC7Ybwbd3fjfu9zcdGHrghfSoqYkpZEpTbYWXo4+VZ/LR/LgVfLrWcFSqkCl23Y7lmqokR9gMS4rOtKxWKKdgjCMozkrDFS3ANKNbWZYZyf0J3V71+q6qngaseSMBQJEPpia+3/9mv6uHELeaI62wxRmAUhlw+GTtQowdOlEqfqnFZK1aFInWXOI6JkTi3fewJWaFAkC8NBHpzdON5M4zRNHNVDrhLeoa+GA9jPJZbKMhQzi1by5fovmWkIKbIsc66xjyNBIiOfmK1NnGvnEeOJNnjMmtAV82wu6+oSLvMS4yK9FocHr4xOtzDQvXPiLsrZX0jp+Y8LboKdEQn2Szc3PRfoada8X/K4nE759UXxOi9QyxvpbEOwEB7F9aR8qO/kaUqR83TyYNNGSJynEwnh4QwTDOx0Qr4myQ2AgewmILCjBDg15VGbD+VOwLVwrCRhMdi8R2gpchgNR3CVoXNPj6mMoPfnTwG4cD2qoIkDwatqGpb2nCA1siYhLuyE63FdF0cOLVjclgTbksgsOokgcN6d4npYTo/LKW8f45LvrjUl78v6q7fyRVYWKHJ29kwRSM9dtL90sKA5bXaxza7D5uWi722pC9zm+3wRKU9SbyzFW7YnlJwrbHlaSZKu8jPWbYAhWQPQPc0L1HLervM7Z9Ok8rS8MuPbDeNOTCaTyWQymUwmk8n0YSr/b9/2P3+bTCaTyWQymUwm0w6G2zDejPubYUehJhS6At1X7rmaWNAG15Vfr/AlLQDlyYiS/pfqLwIXVdTUsR4pcS00KVVALhghIFf6iXgIof+e/GXZenP5F3AnF/iLFmtrhT1hhK1JhYTyyGsLG+lPoYYIzSGjvLZ35LLkREJsyFDwC873UR8LzDXx4zyfTqcDUSeUASJUR4nfYV7FhzwoA9mmUMILGZCM00j+JhLZQylEHshYJTixq2GcQEvzUPCXMl6uto26sJL5wZrWyGk4OIzkbpJnQYrvEmykRXfoz9fHwtCn+TSHw2Gd80lcCDCNEy09Ymwk5afNo78oTPcF6DPWBL8UV/RO9VPWXxTY2oTQn0SWLcuyuG4Ffnno5LKHrvAC/HfSJZWw34GcJxK7EiEjGJGsTWBFvzJfQu4mGFISnwpIBE0Eh5w9k18JPQkg3js0Z0FdfPh3AjRS0JlQhoBCYkBNVrgBTm5b5zobk0sGYfsONChkAxacPw5cYk+TAsN1FFJSmxey+MnbS0pzXqR5FPx4ePUzy/4n3XiPw30Kd264dWHvLpTvh1e88dr9WtK6HuLyNsXP1+VtXD8/Pf6dw+d/3eF6ZVdsPiqubrpmdsJPLnovFbbQlXspjPIw2SxmrJY6XaTO2cO9AIbujDgpE+fP3oELp5Ozy5lMJpPJZDKZTCaTyWQymUwmk8lkMplMpg9Td+N0v7u9H3Y3w7QbppFYBeILgDGTpCE3rcpOsTUFKqmeGBI0oQXoAglcXOrcT+ISWxHchTc5ASQfQ/XjmMv5ubaf9x/DWBw1tKKtJVQlNOAp5gDctW/hV1jhovS5RUOwfmPfues8DbMRSeI2uj2SDIfUeBMxAd0xuI3tyJ0aQsgzAIW8kEwfMpGgYVjX9Zg1z8fTiWKGEpX9CU/JB0qBmJ02gvyAn4awC8PNSDARO9NQygqg41idOoLqVsBJO1S8Bx726iHhFPohmGGNy2k+EWMRUy5ET5TWQ9BPvmybsmpMcmYMAaixM5zawdFAc/5tGqf9bs8NB7Z3oeN8q0hfKTeTq0UJZnJfVRd5OgIwdMvgDGSRd8TahKCTXPs/HI6no7zJEUakabd7KXRSL3BZXMfevKTV7/mnEFCKRSW9X6n1iaATn5JfU4gElIToGC6h/gYx60GyBSHuBMn7JLD9CXEnHsT6hgOiigOPRjfJymBWShEibQm3nxpxdpOdMUHvHIEnd+D/LrgUzrJJfGH6PK6IDzi9/ei3nu5/S7z7afCj+/WrYbjJP879aH0npeXw+c8fPvsrh89/Lq4P9FZ1xinarjF1apHxx/I84mcByjNNSLXNIdif9MqstSe4Y2ekc+JEH8Ugj0qvT8ACdDl3/ui4chOaTCaTyWQymUwmk8lkMplMJpPJZDKZTKYPR69u7l6PNzccrzMMIxEL/H79Nnsvtd+gciT7aognhYO+1AxSQYR3fzv9ooioFWq1cnAMKaR4mpdlXcUpxBcVXw1p4oY4+XLVycuyZjXnqCkSnsEacJsLcRm1lGEbxKJjV6wi9ITyIXRuKNJsgkVGSrEYhqBFWc+YRh4EhCWuMVKizcPpeOJcG8V7SjNod/U5CRSQRH4wMAV/Mw0TTSqhBDptjJt4UBamMCfS9N7PQ4kDQmlSXBf6L//tmE8ZvJ92xJwwLKLZSsjV6tLDksDhasfZHSPGmQiifKpIli5hut3fjOPA2EAqxIkXmkBXoOa6nAte4KPxxXV90QrjQh4ioHDVwn4z67pK93fTbhzH3X4/TZPjLpBdjXv5ZS/yU84FTl1i+mkquPULW80AABAASURBVIljNAwSuBTJEwSdTxhi8jGFBENisiQJXII6yjzpeQUEXgeUt5SPkiwkugWZn5IEnfwRqN0PsyXV5QehM7TQu7c0rSQkeff+JFCLMFyCL3CQD3muJMQD3P3qd37n/Prvq7flD5u8H+8++tn8k8fn7ff/0g9+6d+Jp+/3O2z4D6eUWfnIFeKEn/CQ8kaB7MpYlkdWua+BvW3kaXbJS11pYYFO5PHDjyHFrcoDg+/2d//TYTKZTCaTyWQymUwmk8lkMplMJpPJZDKZPhjdDfv9uNv5cRrG4IP6CTCOcLUCzkXJ4BkAEdikhmm4msfyEuKkHeqcOCloiEgS1kOIEwpyWZeYEDRpxVXiREJh8qFhkOolwDMxKwDuCSMJV5xOtKpePsKtTQAoENPGob6pXShDJiMBrq/wng+muIx4DjMSk5JhIIMMdJGvyUSAJyOLeV1OC4Emp3k5zfNMxAmyo0mQZvhyKgrmIeiEBmoKYTcOE6EPZFTAEUQ8Zg4CV3u9IAzQ+7JsMCNpv7jdnGbyWMnnmXZZUz4/23kMfSaGzqD8YPIc3VOdaPJJFlGc87YPYZoIW8mrzinVkUfM9wPGM5Lwiaim3urGvQfcRE4qcSFXcJZ1WfIIrGSmQZIUKpqwrN1uIF5odGXhSb3+ZdDJmfVEibaSlUaeJCkVOkByZPj2oMCpCHKzJbplKCJn9eyME0O+JfIQRxySC0mjc/IOHoQ1IZ8Szzc4Eye0FJhakuGn6/gy/d5hZ2eiDS6tTq7Eq8heXle1kFDNCaMfzUvTGM7HOv/obGw6dIXNhCCU0CbIE3LA6Xvf+R2HN78N2KbJlEfy1Sf/4N2bf+CzX/2LP/i7/05cH7BLhJJ9cBvhFFN03RR44pRa/hm95mWi2TvYnS0IcQKd65RzV5Ko6q+g4GJd57pmoFokCZ6WsGFMFw02mUwmk8lkMplMJpPJZDKZTCaTyWQymUwfjvbjfgzj4IOmVLhSY5aaYInxqEYauUCYK74+BPnCOmwr9FJBdOpKsFG3WyskXnyUCE+g2jlFyszLPC8x0qkItIDidMJ+IF6O8i4o5PFEabtqQ6IU842+HdAFTTTopParHpuc25idqP9CwlijIur+nsvvOpjs0eC5UsusCPlLSAl2msZhHPO7kkaRd10xxZX8RR5PjJrkrfwnrpKFI5X94CVPJxeI0wCQJ3HyfhzC6DwTJwSZeGJXFJJwfPVcSPZEECRf41OKKwkxAIL7MNhC1E+MK113zv0bpml3s9vv95TBxBNPgUEu1QHiiXNsgBNcScBJiTxaKBdomfM71M9pR7Yuw+DpDNFzxoZMjhavU5LYjTxU/Kum/EDRE+vqSdU1vH076ZKAzVqV3Zh54tlAzCP/eHjMr7kjudn3d/e3t7eeg4VoKfIsiBuKHCuXexF0ghcNLSuzVetR2Q42NWEeC7gsn9tPaEckiAQihogu5o/SgJDX0ZB/kBrBSTqMlTixMOG4HCY5GD2hJQKdmwwUuMqjLG7FhsTXBHh61JaiNfuSDHrHrFxOpLsYin537NKoqNM03hgdfDr9hl/9yd/lwo3hJmfKz8k3P/Y77z/+bf/xX//fH9/+DXkTtziePJJiTGw0BNVFSj/UQ9rf6PAS/oBt7tHZc3O73W5gXdu1Idu9zx7NJpPJZDKZTCaTyWQymUwmk8lkMplMJpPpg9XtRAzBQBSJOg6k8mV1se2oxcKg1iaS0MLfWCcXjeY24b6s7UQ5ipATNm+gL94TZcGMhVN3k9xEKfRTqAtRFBIHQcXzK24Rl1e54qTQSpqluN/XY/uC54VNiXwnv3ESTAIIwtF6xLXy/rq+lVxzl3IniExg7MSXfAknhEGkXKH5uFCMy7yQ3UviWr/XfJz8k4fADxACnYy8ZwZHv44EdvjR8xkxDTS5TKlosorYWEjLSsJOP3RJ/QwoBIepk/w+GagMw26/35GrhwetXGMJURGOQYdTcA3QfnA6z7oeDo/5nOM0DUMYp5GWWwWUdHx7pmBDNAhuUp0R1GPmi6yxq54o1WchbQGPZZ7XorwIY4xkWzIMd7d3H7/5OA/Czf4mz04f+hN5lFxX08+vL4zXAb56j72gc5vbqWEoSsEwbhIR+NXnVZES5emszovlCbubDA4HZL5JnYeIcRLWBLHDTZyOh5dwE2aTCpyT1F4FhDcoYVHQxybJsZeTce5x0j6AJz96bpTU+MIzx4RzpGfD9z757Z9/8o+Af58hPr/ONIx3P/n3/r7v/sJf+PSX/m/1zc6YhB739QYQ6IQntSNCNFDpEjc5hwfdFT+SzTyzs1PzleKPu8wdMa7qHgLF/8qZTCaTyWQymUwmk8lkMplMJpPJZDKZTKYPVjtyxAiUXCN17w1xogInWSnMOig4ocwAbKGTfuuLlJU12EXKkCki1fuXZU0rkJEJCGoyjKP37HFSI31c/U7+u2CXLRbj3uXEINV1bdHZvg0ccQWVQNCro6T46A4VQSjGDrnIz0YgnsecIBpBKDzRAaAHAi4pnpb5MJ9OBJ1QpI6AF2JDIPRPcDASdELnFoJj532ey8HnjTASkoIjhemwEYeGniBohk3Da6QTyPSJGB8occKwRd4tDzvF9gSyY8mvhNd436Mh1HLYcBv5fHFZ8p6n0+l4OmJKI2Xp0FnGfDYmTlypNG+WSlfrhs28nc9Av4EvKEu3KI/tm7IhgThRQJNlOc3kLpPfv9nf3N/dS4BOLZTnHg0UW+SgM7y5bMPwzga5Yh+xpUywwFDFWkJRE7U5EYMTxk0wxASRCJKQ+B2EgBKpQ4lKIxvXVCJEUCPGg3j6FT0hdEjQE4lbyh/H0jpuTGLig1cD5e2IQwzC1jHDNSuLhoBc3o9nbjOITz4m6pjKLcjuQXTrrCktLh6d/6Xf8Lviq5/5QujKD6fymP/ob/ov7+9+6lf+1v8J0yx3uEwEGRnFlfehB2xoq9y3fwNAnIbqr3rnK8QG/T8VqWPHeN+2Snht+ELl6UpgX6nyHJATIq++bQ+MOjGZTCaTyWQymUwmk8lkMplMJpPJZDKZPlwFGAcJs9FyIvbECdaKuFibdBVEqUunHuaQA0HKh5zI0YIarhWHy/UUesjVbaDcjDUuRJzQ4ZwPA0xnUJLJQHyFXDApFqLJOP654rN2B6M7BxRquoNU3X3nwoAFbdArbA5CuSJqJ2BztiA18g0bQS+BHUmoOzBIVpFgPOX7/MixIbjiepyPD4fD4XRcyO0lcoqNeJzozhSZIjE9+ZQCoISwH4aRxyj/TJ54lIH4FN5BK7zSLWUlJAKpmohIuTivgzXmCZhzPZoYkWEcx8GLvwp1i8YwlegcAWVSZxnDiASF8uSX+XR6fHzMs7nf7+/ubqdpumREyhAhowrFzmJLK8B5Rsf59jvxprqkpeVySAg+UbII1dxXis45neYT70Bwz0evP9rf3Ox2Ozm571CKVBZ2b5py2ZLh+QaVrfN3EKvTiRqckP0PeY6IDxAjIIkMTkLEIRJuQuxIZKCJE3MGYk3yqwu0URcqt4/AEfrFJ1mgjvOLyhyUnCW5XdjbJLmSrVOadDbWdSh0oPp33YVDUN14CShUd9MQJ06Cyc+Ft/Dql3/z78bdx870Yr365D+9u/mJv/vX/s3l9F12i0k1QQq8Pl8FahNLHde8nsA1m5O6kugRjJp6xB9ci92pG2pnAs3VyinqxcsPrh5az6wXNJlMJpPJZDKZTCaTyWQymUwmk8lkMplMH6DIsQGThG/gljgRic2J11wTsTvZFgCx5G60EvOVgvIzRUn2UGDqJCV2mlhWYmCceILQJflr+M1fRTxOnqhan12oECcFqCmkiNAN0kGlQmADQzxTFn8n5FDNTZx+xR9AHEfkxVGH8p88/N6XoaMOUa7QaTk9Hg6H4/HxdFyX2fOBAAX8kIQdx9wK+DF/iDgOw820m6YheOCwJAyAQxjGfBXX/EjUSwA6xqDNOUoNOi4rkqsFVYTzadmYxHMxmmrRjPf4s5EX3wTFAzDOWdRyUj7049cf393d9QPLl8Xr9I9z4N7BD70TMel3diU2pE/AkVc2j8G83o7H42k+5ffypEzjtNvt85/c8bLeaCVQng40XxN4Vw0cKd/m+gdnv7vqFdFQD0zls0KcMG7iIpmUEFkSG3EyJPrVc/VfoJO8OBg3cb7E63S5RSiclhc8BDXrRNoC9S6RSxNxIpyK3KKyExY8RVOOzgCcbuOcOLkkhs5vM12pZwPFABtxJylienS7X/6NRpx8GU03P/Ib/pO/9+/8f//1/JDh5KyY+NYdWODLXHAUF6qdTU+foIP+Vk2VQbr6cOelp4FYOtGw2cHJLF/eStt/TfQx1X1iMplMJpPJZDKZTCaTyWQymUwmk8lkMpk+JHExUL9ZflE6LMQJ4RICHPRVZg1acF04in4rHYt9wruvLYEdfPV1XQlZWBcK8iDDDvI4AVCLD/26PLRYHwB39g18dH2RtOsRbDqH6r5Sq+1yXl8K/6jGLa4PjpDT+kKSdCdyQt60TkEx62htZnGyDCMkjHLwyHuGbYiBiA6Pp+NxPs7zsqxryj8xEjegjiiOfVJkIvK2H0MYCcrBKQy7cRjIRwXHoKRBIGCHaRGiK4r7ihMfmtoHBgsEwogUL7PMMxM+xMSM5HMyMLiSsNiQJIwe/YY0QFzjKmXlZZkPjw9vHx5cirvd7u7+7ubmpqIF5TUVdgScw/PwIvdSPQ+gYKmaqwNHwWKQY3Q4V2Re40L5QWG4v7ujujvlNzFi4zdklfhBSCCJXhQ2cMzVZgzVHAVTh1AUvIRxEudcvYuwVP0TJYwkFCCIwnQoOgfonZg8+5qEmOfAjQghuiEh5enQVeSWA/I+4TNqe7kFPNiJ8KVU3uU+EE3D1i55h8gZOrUDZKBCKJqyKAWF4cQr7AGRttwFI6k3VO1wm5XOPEgG0JMhixBgScxX1MsHgAaCnH/YXSfgkvCA+Cu/8Z824uRLa7r5kR/7mf/qL/7c/3Zdlrys/cB5V0NQRKj9KyBPd9nmea/PeBAuiviz/pmK5VFcQDsnzAkzQwKmnQEsSpygrit901VXlX7hlKV0HVQzmUwmk8lkMplMJpPJZDKZTCaTyWQymUzfnqTkp+V5RjPUAMNx2RrIUYOTFwj+YBbEaXkSu1gErpXXOjPvkmqdssa4uFrt1g8cV9iRL5iWZT7Nc6RK90AnzwVRQjRyAzj+gUrdwSPUBA8tTlO1PJ8/Ug2ULkRciNPYB8+mHUK2UIiEq+4XfKhyK9wnbo+EzmxQFCEk5FOplDIAo5VSLzVTHihgjwnHfAO0EBs5lTIjeVeCH+jDJE2P+T+iQnBe5sfT4/F4XAn+mH2K+8Env0scBUPuFWxwksvDuRLPwTfDlGeGknSG3TTmPcZcv6chonwfisqgMn5K3KukcTxKA0jKDJukpEh8y5o/WMnl5MTshVgfBBZ007eJy1Ayg00R1tMSEyoYAAAQAElEQVScfyVgaJlTxLub29yp/W53s9vTYMVUiY0y/g3L6TkTXVy9qM3RPQF2XCxmrC0UaxNZQnmDEn/yYkiJfFjm07IsZEYyDLvd/vbubrebAo0G1PwdVyvwKJiF/gqy/C75rEJBVeJiwFJ/18WCrp1EYo6q/Q4SJyLEiYAmhIkUjxOISOk5RJ+gj5SeQ3NM0Am/0qHgk9yEYkwiixq0+XRDSIqJ89XqBza9YD4HN10RJaW1oJFZvNIT9OxVjyBBn1B1BQzoZvFyqis0xp9S73mB5bHId+Hq8Hs/9l/A259ypq+g+zc/+2O/+b/yi3/9z0JQ4oQfLK75N2FZo+120r8blQLKjp1ZnGydb85ccKCdo7BHID5b78haalAj4heg0kwmk8lkMplMJpPJZDKZTCaTyWQymUwm0zegVj1HsScBeaV3wAlxQiYa1bbBQc+abL6SDvXFQTVPKX4kFwkMAqYIcUIpJ+TtocEdQMQJYS4D0RYcKEOUA1aM4yzMA/j79+Tnkcg+IpYWxVL4Rg0I6ZrQjux8GjYDIz1stVcOm6ASqeSKtI57TRtp3/FnyKSUXL1mE/Vy3qNwOy6tmJZ5fjg+PB6P83xKVMylkeFsIR95QAa2nAFOO5mmafBhyhMDYcwfhTAxY8K+JmSwMeU6cqvrdj1KJVuIu88JG+vKgUbIl9vvbxQ1ISMWTfSJKbrtoMtikGGJMebDc/H6cDh8+ukP8q83t7f3d/f73QRtEWDvdNLNwXY5ba+ijb5mZ3L5Tk3Sqa4qI9mWeKFPKOlnnsncJFFnc8f3+/2rV69lHzk8xi0j0WElcs4SPVKK5aUD22bUdYIDWY/U+JhiZ1LICs00guoQkdTzhzJkIlEW+R2PCp0QUxWZNUn8gxSLRa9EGDnP3InctUJ28QbRQGWZ4lNjV/qGFfdpqEHvSAI9HCS0EZzfhRvC4Ex+85frpq2hDrpGuC/kzbI6XPLEVOLk9W9bP/oHnekr682P/47jwy9+/t2/SDQhOSe1yW4BZJ2JSQH15C3PlJ94QW1OC/osheJ9s1khiphg52bT+KfnwsxMJpPJZDKZTCaTyWQymUwmk8lkMplMJtOHrEoDSP6I5OlITTCww4gwEyVIRYkKMYS4alrAeyb+GnzvbtKwgLKbY/MFytDgUJdljatzJcunQBpBL+6hUS/YlbWxb8Ul2dDBLs1XwrX6eNg2213mOshnPDLnF4VthZ2L/lsYoTiCaF/EOaQMJopHCrglrm9Ph8fD4XA6MeGB3GGPWsFl6gZccH7gkREYJwQ/8juUquMlf4eCdfgSrsQclR5Ikz30c70sedyP80oQBvCB424avbZQ2phSz3ycD8y6rqcTuYbkZueTjON4c3t7s7+ZpokvkWrATZ2Ifvx5hbgvp3oeRTZS8t1CpbFlRW7hvMy5qXnf3bR78+bj3W6XO9s1A88W59Vr1W14V6Nl/8F1fW6HVciEbyHlcfQCyXHOEsTo2deE7HAw/+okVQeEMmHoJDicML8JIVGejqahANa7xDf+S5GBetGLjpXAFH3XOdfsKMo5sCRLKXuzcfLpLC5eLNhenAYIOYkF2HQlj8XiHEEnHC40h5vHH/nHv+xqMZ3rR3/6d82Hv5bio6tESF2KhT56+mh4YgeAZvije0BnauIuUC1jTUwmk8lkMplMJpPJZDKZTCaTyWQymUymXweSmjiRB67VCxn4COIDcbl//3c1H3GFOHHu3DThTNVlJJHDhJhPaIRK4TSCF5ai2IT0RW32R0gl68E5Sb7ZXusqgHJpTcHFc626lnccdhEfxdiit1iBpwqybZ8yGr27CeM7vgwpF9ORUnUejo8Ph8fDPFOpHYpdh0A2suXJXISgE3YgGbzfhWE3Djd+pF8JQ3GBTu+CRt4kOOtqGaCKWSzrcjwd5tOJ/Gw4Sodefah5NPySnikK5wWTJ+7x8Hg6HvNu+5us291ul88DEuzD7in9dHxNIp+SdYXO2oTCdDhJ53g65u3cqf1uf//qTiaC/R28rHnuKQE370RPvqiGfHpX0B13bjpTbyFK0iGXHgZRCDSJya3JJyTQhNNtKFUnDyXBJchOJz5gCkyH6TsoVIg6qMiQN48Zl3wNu8E2ZG30umbJG3qzyXB4qMQMNNgAXuJI84yqnYqEtDiOgNLfHD0M8pAtDhef7xOyLvr0k3+EYrdM70khTB/9+D/6g7/7F7DEpOkNgOIJla7fr+0R2h6CHZOoj3X9tV8j4DaeRrJ7TW6CL+10YsyKyWQymUwmk8lkMplMJpPJZDKZTCaTyfQtC4tcKRLWlAyBJzxsTQ+cwBzidFLebsd0QSJt940PQt2IHO9CPhkxgtMoHfb4CIU1gV7tdBKXU67Ua+NdUeuYm9yP7lW/4Q+4HZByAdw0d+McAe33btzA9c0F9WohjxMlToC9RhKNXx7BdFzi4+Hh88eH4+mYGFEgZgAgkc2MkxPkvQkGcZ4xg/w+TEScjDfDmDeIOmEyJl9n8EAXw35MmslFPwUrD/u6xjxG4zDu9/thHEMZ9n44Xc1a6josVEc+Q2726UhUx+3d3e3NrcAcuie4Wsvu5+WLIh0ADhw8/al+tNvvpXI9z/Ph8VHGk7xbxvH+7j5/qgYwHQ4l/i7VhURZn5fVvuWQfufLfg1ddEw7jP9OZVvWsITsOI/sbhJpPXp2NwnEZZEliHf0EeXpEHSS8q8Dz8bAjiZBbWPolF5vE7YOcS01hWOzrpFZm8V/xlMpHkUJLNxsKFEo7kWCAin0w9AMi7Yt4TSgvLZ49UfK03EruNnl8XDz+NH6+h94PyyQqejVJ7/97Xf/n+v8PadQmjwKG0pSVotMWXra4IT353wx8BfPenB4dnu8ayIBLG3HZDKZTCaTyWQymUwmk8lkMplMJpPJZPo1owRdYEaRL8VDYRDKN+ALNNDVA+VzOVLDWy7Kl92eG8W4zrPknoAabEisDiXLFHcQ1xMnriuRX9SsccMTOLwMyekZiD6vpz8P9lEj/TnbKS5PC80yhcAROrUnAgSC+sUEENsTcv/AuMbc9TUX1h9P69uHh9N8yg3G1g8dc9CDIIAfkKKA8s+Q3M0wUDwMGZwg0wDIwToUhyROEVA8KUqyCgiIEgl1SRysQ8of7Xa7aZqGcRzCAJ2RzBbxqSOuv56Op9zmpczd7d3d3e1dPtXZoDkN0GkV5LPtr+JTcOZkM59Oqyiukh+UR2g37Xb7/TiO0h2O4IEz0KSPvnlJpfvaKLnLY/NHgzszFOE5FhgKk0yMOMkk4izoh5xOPNmcSIYOynrx8lNMTfKNQjs4hlQUJpH8JGJT6pAqGgIFbSlLux/D+rJpuutdfRgmYErGo96N7sqN85T85sTs7VMoImp47jiDWLhy8/KnEfIrrHlGXd4GQU+OH/+Oq7er6avI+/H1j/2j3/uFP9eDh9Xs5KmjsEJt2FmXoD4E+bM2UwjQ+5tcwn2X2+5l9+HF+Uwmk8lkMplMJpPJZDKZTCaTyWQymUwm07emagMi5WZf7TpcpQbUO0QTO7oDwWExDYFiEQKSzFG5kw3OwoYfufy/ktcGeZzQDp5K0CEwayLYCRSLi0YDlPo61+wLsqDF0nzOWjZ1dcO5dvX21XvxgqBkn54gkdp8LqhjKc+na6VP3Fp3QLU3cS0JiP1JPCAzNGzfgk4BnpjivC7zsqxkEzLPS5p5EMpAedmNmAkmV4IMGBtY+ISDg9vdSBjFMIx5vLhb6k9CgxN7L5fWZtShk0AcwU3yQdNEJwKhfCpe09V8NTOjkiuUhUQ6no7z6ZTPE0K4ubm9ubmZpqkCHBdjpjPQj5srVM3z0nl32J9czFRoEcSYeHuZ58PxsK6rY4zmZn8zcNSOK5hLOfB8bPCLO6+c9eKZ3YauKC4tYNaE/waCTlL+FaR7iD7mJZmGiBAxpBSQEBMgrIT28eSDQsTJwBvMmqCTVxATCgJT+FoN0CKbFPdUOR91l80hrvUNNSjFlbnffHpNzw8K6uMCSwYLvZX0b9rIQ6LECbi8QlcH+Sd6twxv0t3Pms3J16H7N7/ts1/5d5fT96uLySUteC55GmwXDbQHoW5cTzNrZ6j/PDznnvIO2ZowmUwmk8lkMplMJpPJZDKZTCaTyWQymT4ASTXc15JhZy5SYQGJfWFsIW97MTspu2ilu54KXJc7U5GPejbeLRY5ZghCgCFkDSk5NTjxoMkqfER9LRSC4AK6Ub6hj+6pb8jTzr4YkvgrIwDnLELi/KBSxYe+nq58TumdL5iI1/FjboY5GuIeQO1a8s+SyOLktK7zMs/LcppPMbIpyxmXQwQNm81wspHwBnnEd2G4m3b73e5mnAb2T6EDMQlxUvwpOA4JyFaj4hr53RQJd5BrBQ77CYP83RsR8HEdVMGuKCnPTkI9/HA4PD4+BPLZcNNERiK3t7eVOHmaOoDakm5C22ifWYZAn85BXY9nuInMCOEvjw/ruuaGjeN4e3O72+3GaboICXJXr7udUN14scmCNvWZTwfNLNH9kpBM7GgiGyizy14mhBSFSAYnecNHtjkRuMTpbuRx4hp04pni0In34gAkxMBZRM4Tukg7aaPgIHR5VFBv/hKv8yWErUntlpY3F76lF0d5OgtCBBqhmaATF72L4Jeb32Q2J1+T8sDubn/zevp+JQrl7WvrRw1v6k1y9kzMD6TNjew7+Mm1rQ3RIo/s7sImk8lkMplMJpPJZDKZTCaTyWQymUwmk+nXnmqcDLDHiVNyQkmLEggifh01jwO2XzMXRKGVDrH/qNWvndPsmxgJFBCvCx8Yg1CbEPHdcJURQTltu1iqG9XWxIkRw7MEAJYACNfl7FRkppRZN14dsgXXE3WKQQSonUbhTYTeCYKOyLtUrQWIDuc15f/mZT7Mp3lZ838YC+RR6ryUy8PgiM4A13oDuNGF/TTe7feTHwYK06FrSKfyFULpl1f2hFgYJ0kmhfLJg543aKiFN5HwIoc9XXThTUCNyg1mZ5p1mY/H03FZ1rv9GIZhN+32Jbwm7wDb6BxwVxxBXgItQPO2OY/gkcWTO3I6nda4irVJ7svtze3+5kYSmtSSZwvBXF73S+MTL9eQh92VKrtAQPSayOaELUgSCEEioEnCAV2IEqNDtiXFb4SJE4pWAuJO8s4ugTIbJUOHf5GkJejzTVDIFNdoAjgv70NdzeyX4gpg1oJT2n3lNbnphZRAfRoUOyRxE0JZtjQGKClYkZKfcAWUMJ2I7HTiIYJP3qfb32zIyden/f1vefu9/5C2BJDS5+rV26O4oZzDWV4ssnh1lamWs1xiXN2KdedbL5dBKiaTyWQymUwmk8lkMplMJpPJZDKZTCbTh6WWinBej+eqd3FPUIriggbQkzjxFGlgyGVpn5kBVS5H+iDsA0itW4J1vGZ+ODjPXpByZypASAtucV+gl2cgAtQv9uM2cOepUzz1jgxOYU1AO0Vdzh/G1eFpWU7L2vWK2QAAEABJREFU4Xg6neaZKJAUXbMXwC6iwjPMIpV2Gu7Bh/0wkcEJ+MA+JrlgD568XkA8VbgNDJFIYkVipxjxBUlYBl12K8SJV+Kk9kSrzcBsRywjT8DKuq7HQ275IR/76v7+dn9HvjQs555KnDl/ox/8csF3TJwY2+TGC1CyzPPxeCSfmHl2JUlnHImAkU45XmA9NnQ5X2cX/frok4FXqpM20eCKpw1NXnIRQYxMIoMmjsJ0KFJnRXplHqUSUcBACe2QFEBR6KRDv/x2JK97yrAPjsPm39Pv0aYn1tV7Za13RhfuneoeEmzBAi4mHRR2E6LtRNQNBUOdAFd6k+J18q8LQPI++gF2v9GZvjbdvPottL4I+Gnqya/+bX7d3O0FjLsu/OL5VS8VGHliMplMJpPJZDKZTCaTyWQymUwmk8lkMn0YKqRDKTRrNRqkYqjfegfo7T1cjdeRr7JfnPJaPVD8MFIigoGRi8TBOmS74atHSF/L5jgfV67ZF0B7qqDW0J9AH2ofAa59e1/6Wirh1z47D9Y5O6s7A1lAfWK8ZxBgTZGtWuIS1+N8PByP8zovnCuEkmVU7CrkQM3jkdPwXwHCbhrvd7c3hHjAbhwCfULF3MTjI9fWUxWrj6S2BblnUYgTGm3GRJqNDU/kWX1ZDo9RyB4Cg9Z1Pp1Ox9MxH3h/d3d3f78bdpdz4a7hSs/rmXq0ECR8/pQXSV40x+PxNJ/E3YQcVoYxvwayfYG+C3UhXeYWfcMaCrlTMqAoMYcTqlK+r/J2AuZIAgJbmxB9MiSGTiSOyLlCX/FubKATAAe6K7EMUPON6PxJ6tDDdtthv9DRwYYeKK5EEm8lWBk0bqBulEPePcGXe0iWFdu7cOYQxehgdKA2J7RBS3Jlbip5l3a/cfSTM31tCmF/8+o/cfjsr2FdD+9gwRpiIs8svAqPCa0IT54K2kleTA1eUXImk8lkMplMJpPJZDKZTCaTyWQymUwmk+lblSeswRd2oidLtMoMfVwCERKXjhZOSozVKYTyM2Q/qBAJSkTLGtfIZhT5RMM4jsxANNsFOV8Hnki1nsN09BKuZ02eIEI6O4anQBM5e2dzUq7nkENvagtKIAm0mmyJsHEtPIidNobO5sQJtUEpMDHFtCxpJY+T5bRKrhCnCCFDNcD8gJI3ZEbhA79FU0OUyXi/u5nGMf86+TCwGQxPC8EJyCktQ+F1CnBCdA+POMXq5IbkcR5osAepKZdpaRxOKNROctUYJbd9yZvH+TEftZt2Nze7m9vbIQzP8T1V6BlauMIdXN+9j+ap6Ay35HR8yAsnb+dBvr+7p1Uzjnm7p0zq4RL0U9GT/uTeP3fdL6SXHDXU1St5Ouxrkjw6HyVYh+CRIQH5lxB9IsQJ5SLxUuObKH8ExKPkpUIRPDRd5JriiptQKdgj6i2qa1UaCQjlzhU3HfQ1JEshFKesmSvRKNDF8eijQK8Bmzvu2txXoyDQ35SDQTk3SlJWpMaTtUl0KHDJimnlLCL6VQxO8iv9BDf9hDN9zZpufurw+c8LZURY0gtALRAfHugSnFx9JNQXOLv/5fEK535Hsnw3gVjnTwksvBSWtWg2JyaTyWQymUwmk8lkMplMJpPJZDKZTCbThyHPJUZfDU4aeNJqiduQhOanwLVx8ZNAtUVwqEREwU9A41qIOGGIgMqFgx988OO4a44b5Xxkb0LnrPVrbAVIxPZaW4Z4zj8IV1HfYgRB6qO+5w4ElpHzI5MguShP9iTcpcpAoPYYaiPZmkSK88C+EOod4tmahc6QkLJS0rLOp2XJG2uKj6fjaZmXuDJww6dgDoGIHxquYvRC0AkEcCMSYrIPw6vdzX4YRwACRjiJSOiCMkdJEBcZMx7ORNAMgS5EjhD9oVk4QdxQnHIAbYKcWtqw4ws1N8Z1WdYlRYJO8p77adrf3OTXfKZQJkpKyGU5PINh4MV2qheXN2QANXGppOTM87wsuQHpdDwOw7jf3ex2+2k3CW5SQROuWaMCUmXSxebkvB3Yyuk947Ld50XF7KeBm/b+oKYmqcTopESvKMRJ8lxmDwlC9LlDnogTYMSEppMcb3iUfeJ1hZxxxYuxWZcIegIOOyhM+RNtC/b4VmWmLposnI9uO2gdaR4ylULBPpjqirazDd1fTBJ5ImGqrwlxJ4FuhJhcXqqJlnPI7yeC1qh3Ybhzpq9ZYbyXJz+K8ZHgJNtVfgma9beArhN9lPdwF5y5VF2qEidOnqjukku7OByfWn0mk8lkMplMJpPJZDKZTCaTyWQymUwmk+mbFiXBsLuGL6YdUGqIflvYq5iCa0YZ8nuzBXHbw7wCERrzwoXvfK0xkO/GuKlgFqOKzano76T1z+qm4jbcCZ59c75zailv1H5Bq6HzO0lTSbBspAherE0S1+i9BAk5KbW7jRlLMYFpkSM6HGllgwnyNllnMndJcY4rRcNgTIoEcIm/q+7Wc3pBWhxOfny927/a7acwioNKKP4nrmWkJIlBanND1duUFsJGONjH5XGWVB01s3AFJ8AuUqcauyRcGDfJ4sGAcZpe719NZJISpH6cMJJJSz9LYqVxWQU+5zmEi6mpN0JE+Dp6wYU8Wo+Pj28f3p6OlOaTrz4O45uPPubEF1KipqYy5p5n39Vi+JezLXl/gi10MkdgrxdgL5PcWB/FtoTAJM9N5XgdmjTxA5FPhWYCJqDYiwcLTnPG7/AoVnzGne+xaVcXAVU3oKy8wHdHfy+1DVmksHnzTN5tXVaEYeJ+yQ4JFJTKC5bydNAt4Nb8ytuROo9JbE7IAUX9heg04caZvmZVsofnNyC+O7MGikPO5lHb/RtxtvNVc6TypjOExGQymUwmk8lkMplMJpPJZDKZTCaTyWT6tatcyOd4nT5fR10PHJRMmYuiYCn2b9SVFBkp4F9jisxdRDkHkwNsu1HiUeoBtLNWvbe1dfU3UZ1d8ZI4OatsKswBcPbtfUYoUj2nhsuoywlSIgpsSu31WoAdZeL17FiYANknd/i0zhRu49IpLst8yr8KtOFLPo5+td8XnxN5JUoBJwg303THzh6cuCKfOnGL8AoGtWFKKbJjCuRxFkcZ4KPy3I7jEIZQoABfpw+x2VhQGE+KsjGvMzmO5BMOw2437XbjbhwZMkGhRqojC58jdjP4XOG4Q3Oa+Qawz06N0VnyOM0z0Tnrmi+83+2zRuaT6gKo7XfvSe81Xmfz5gBLEp8cmkIK0IG85INgJQ06QYJRUDCU5FGHCKAHUNyW7SJ1/FT1/+ltRd7ZAW3uJQegtwqeX0tPDnopvHgoQNeKsnuSi7Dbi1sAl+RWjzNt4AJkozMLYgKCpNDtHskiBoT8CmDQydeuYXxTbYBwM4U9gbSxBuqXRNm3p0/qh4BnD/PObkhhFH38ouvwlJfp3XCMyWQymUwmk8lkMplMJpPJZDKZTCaTyWT6uiUOEhUrEY5C6oDQ1683lUCsZfcn0BPiCah8TCwBESdSyhS/ihDoCvl9AL89ssEfXfGxlCQVOkDo2JFizdDcTS69GM7BlLLnVYgBJDAmYXdyd3lsvqAk6tAOXkEK7IaGoJPI8TYpHU7HZZ0RlfjI+wZJ+WHfBw7/Icog8M/g/S6E+3H/er/fDaOEsbDrhWSllGmArr7PqAqVcxnwyaOdRxkCpekMAw03xbD0td7S5ULbiA0Ns0EprTQvQKDHSNDJNA084GlL/MRraMO5v8GFMYeySmVGaK2liDOLiJNlzg3Il/z4zcf5lQw4gqYPVTAI4EP1RGjFdy2FDwNHSRE7QrgJBesMKLgJ0ppBRpCYR/EOQ2JfD7nraFWw0w6Cpo/UqvzVyyL271+yIG273jZOcC50G35FT/nUIBdrlCvVfl4jzeiiEmLlrsCF83RWIHeTBd3i84aPHlfvopw37+RptVMCVV6UeSBTuh1eOdPXrDCeZRhh98/BuUdOyVYC9yI65Ixfwe2brtBU7w0iM5lMJpPJZDKZTCaTyWQymUwmk8lkMplM37AKcVJqiVpYxmpc0aqGraQMV6uEZ04nbF9RiRP2UAgkviBy4buHTjaVxw5xKGyEltc5QuYpFuS8GefCjr2orWpAi2aDlE6enbO4dDAS4JsvDIsNUohVYfOUdJyX4+kU2cDjNM/oUo2kkbN4cZOhwBwCSoLzA+QftxvH22G63+1uxmkn+TEcxlKifJzfFmxlnvJp1C0kkrUEMSfkcTKGAaRr3vt+EPK+kGq/k8zUsiz0vvcEnHAmT+4l25tEh2005Jh3wh9PfS7XKxt4Os7H0zG3O1/u/u6eUJcsChRSEwRMEn60MRf5ANGT0qCGYwzCkeSfgdETStJJnK1T+CpGjRK9kz/iMr5ySYyeeEmYkXHosZLqQ1RBHiceIzWspPABdcQaqwRn7fXF/qbtDB2Etc2jwo5HSHL7Mn2UNFRHL4VOPEs0UocSpwAWdKvDGZz8rB5W5/L70dOpKM7Ka95VXptJ7XeS9ztn+prlw82T9yshUrKhniXyHFOnpl6XPMklI3X1xi0P1fL5dbOTcigq91S8qZzJZDKZTCaTyWQymUwmk8lkMplMJpPJZPpWpcYdjuNyUNxNzi0VgN1POlGlr2IYfSCDpPNUj5MsX8gMH8jjROgHxC1GAEm5kq3NiVglKFmxrUOepeq8nELoeRmxTsEtQtN/sb/4kHD7ywZ9RPVx133vnwqlZBiChNjkXh/n+bScCOZI5P8AEOrocMIEx8oIvgIUbzQ6F8CNDu7CeDuNt8M4sr8HoQgBSyBPJQrKJQXLQAJdUlzziBPGMAyB/GSIWDmzKqhsDWEfDAOtkdxN6AzkyRJzQXm3G6eJqBO+KHEFqdA/cJFbxIE7F4Eb5yO5cdPQZcFCTduA3cRROvt9XiQ1Tak2GNwm4ai/UEdHuK9X2GeGKF8BHB8iH4ltCBQ4yhF0goKPEDpEdiYMkDDkIVQGLQrP4Tu6IZFJlf6QCCu5BbYSuqNyUlKFxw1i0s/WpdNPmZlKD32RkCG+39UmBTpYRa4c+fJRgCFNzHELZ+vkh8EJGTrJDwjwEfIO5H1Cg4IQUQGC1ExSzADjm5D3w/YN6F6drBedkRqutDXXeR9tqFjcOxJ2urVhK8RkMplMJpPJZDKZTCaTyWQymUwmk8lk+kAk1V7QYjpezUCQv8EJ/tAfApXaUA6CGYZVDC1csQlhjxMP0FtWtHSb3lKhfoO9lhdxS5i0g2tzLj692Bmhu2TlBoTYaFkzfZuFqxC8gDN0UC4m1XamaRBaCNCa4rIuudv55XQ6rmUEfEeLCOPCzIHyE8FT9IpHtwO/HwchTqYwBIeBSRSNKyqgAJR3kB1AxKrEsVkJZbnk+jHFF1GojncN+mgdbPYmcZ7ndVnye57nZhynYQjDOA6BE5B0KZBLisAldAkdnFANNTqyZEOl8FFYKaIswU3m5cSWKpGBnjDRRUmyQ9Y4jj13Ik48bouhVHSpXzkvB4++mJ4va5lreXMAABAASURBVGOlL1QVjxq8oxnyeQRzgyVVh28RcOo4knvBsTvEFjGMovBKK7sLliPn9Iq3gNxD5S7yejdCaxA3+syop86Ec40YKMTJeaeeuov0CuB6y5PqD8RQjUuAEQk3yb8mNkRZEy6QKFgHgG1O8q8uEmuSB0ZMXTxBT6W/jSrA6EzfiHrUrjyV670NhU1sH24orPdx3e177+BOtAVoNicmk8lkMplMJpPJZDKZTCaTyWQymUwm07cvpkSSmnlofbGvobu+LA2SsdA+rMVuRU/ENeOMNnDNMsR1aALInq0ZrvIo2EEnwhM41yEOhb8QjEM3r2IHnZVDeeF3cLtP5WMQN+VX1/0QcaJJRNI+hV74SFyFqFiXdY3zsuQfwjUKbtI6oPAK5Go7BesgcLKKmxzcjOP9fn9HyTYh5M8T0CtzKuQ4AsVGpsAgkoKEGlREHIaYpjBxEoLmJEGCzfCmIkrTmef8Rhg8WZsMw0BWNIEoGF4DBYDQKesTVzrDFThjG85GXg6ky610waw1rvnDfLHdbhf8ACDEi7+cuLMZvGpwcn2u37eu1MVx65nT3EZS3Xnwwpcg5mkmgKjamZSj2fgE+MfRZNMNIZYpvHS4rs+GNdgbmQhtJCAAKMPULtwPDfnGsEJhUWSZB+imLXWdwG1601Z4BqLQ1StuovcXxeXkH1qzGCH/SnAJ4SYIq0uEnnhYHAXrMJVCrY/5nuDILMp2Uj6KbzGOfHKmb1rbdS2+PGXBOwlT0hnyrvMaeS93Hi/L8/sc9Kkri60+zmXNGXdiMplMJpPJZDKZTCaTyWQymUwmk8lkMn3LAinbSU26K/dV85LNu4JYgNayoXz1HbFE4TBhwF9Bx8qIeO8vqAIUQuVai7B+gz0XppmDaaxJ3UjQpbqge/cX47tSqlopNIuTZq7gSx4NMh1CdiZEcQBAw03y7xWW4YwcTDEd55kCY2I8EXCy5EEYPcfbSJvDefulRSP4gDgB3E7Tq93N/W43EiiQgGxL6NLEHIDanHgvIAlBQjXTiBw0KKLHq28KMRw+dKCJICp5tzzYUXCTdVlzC1eGP8YwTiNF6gxjIYRkihulU8YOfRm+Ym2hmRg0HalHQ8jvInHakAIurBSpS9XaZBxH6HKUAOAJZASdez5tw7newuNr8jvppBfIsyAoSA1o4myq5CSjipxO2MVDvExSfiV+JL8ZSndoUpE4JPZt4dYzYNUYpVLtx+ZWUrEseGZoKmlVVlpZc9094M5AAby66a7ugu21RWBFytZxKxJuEilAx52AlmoEztbhJJ0l75Pf9AKdiDMSPQboWSD8W0ouUUZVist8PDnTt6BqcIJnSwFlRQE4964H7he63hM3bWej1LWsgCnvswUmk8lkMplMJpPJZDKZTCaTyWQymUwmk+mrqHqJYJ+ZAPI2Ov2SudsWB71W+bX0J4gB4SJaE2xOJ5Un6NGQM48TaF4k6Prq9jbFgZpUYI7WUFfyazr4oP7a9qwlzI6Paa4sZR9x+QBxJfHSda78FxggleYl3jfFuCzr4XSkhBvEOa48Ci5WawhoRVyFCdgkIJ97cG7nh9txfL27uZuIOCHcRBAD6iYIx+A0ciUJoVESVKgDbCHTBtkXAmfrHCMpQokCbthrhHwxKE9nGIfAJicDlCouwCXMcFndxWJdUwAMOqHEJwElpaREpibsbpIvGkK+yuinwF4qg6Aqmj3k/dl6+HaF275Dh95sA0WK0UxTcmVfKdUPISl0MiTkGB1GhMh3RM1qFGPSxeVKMV9mUc6DUAJ2Lq0kQFrU261si/fCsvTv+f72KAu/4ELbK8DV0dkouXrz08lWwJVcTNjjxLn8c+LtvBv9yqTYSrZKFC6FoAtZGpEYOOGbck0Eb81pkfAn0zepwigxfldTmFy/tMiaB3UvrOsS8QwN+YrteCJhRxFHA05MJpPJZDKZTCaTyWQymUwmk8lkMplMpg9RWormyneFCbB6JfSCDjeRPBB2thCMgKiCGNWt5Cpx0l2ynmTzd7NhEEuPs2/Cn4WAlMo7wDkc06ATbJdTAqMDTlCjbwCLOYnT7/NrB/UL/hWIKVYiKRHGcVqWx+NR434kocdD4pH0ILsruiInAbZLGRB2EO6n/e20u52mfQgQo3THBxCiIA/ioHksSQOHyoj50uXQUTiaWFQ+6p1cIoEg87IufEgYhyEE4k4o3IYzf8rAX6kYQ7MYEDoBOtwEyyKhBuZBXThIZ57n/KvgJsMw9HBJDTOCZ+KQvqy+8hleWNHWvJsefWoHUiQJDgEdQycwOGS/E8lSgsCxR9UiBfgG8hK4o4uV2B3x+HElNydtau3FCqVjSs66fT4KAqjU455nfLaHXo0w8exrUi1/1vxrgiipOkhA1uIYQ6kOKGwNE7lzie+AyinwEhJmjW+oeY7rKS6LQwtP+cYET72Drt7w5b5lGg63iCLfEiWl7OmTvlBn0FznrYOlTQaemEwmk8lkMplMJpPJZDKZTCaTyWQymUwfjGp4Ta3xAVf3KnpS90T+nrtT/kHMHhTdwOqTQafx6r/hAdwXhQBKNZP/+Gbk4aAV9p855+VHfZG95zBSKV52hizMRmiQjQIW2He+a2RkLeLnkVoqDQSv9AZTJxVj4bosBD58AD/6cDPubm9ubodxolQd+pQAEC/Yipdibx1YPHMfodAeIk4C+DXX+c/qsJJUgmnNTSTAhu1HEAk3mUZiQYIMLaf2FJbl6qCq20EXkAQlVUdpAV4Pka5EF8mv+d182mEI0zR5ShBSXxP2QdFr9YlLl7TQy/V1kCtXhJvsKS8F+KsXgSR3wTAm5owohYdYE05CUpOT8godZoVKcgm/gwWTkjWPnReQQlF9zknfYSjoEDQLFT4e9Yp1x80gYTms3PUNv+mPKTcSmZewWwm1NTFTEj0H6HCGTv518e4UIKJ+mtj8x+XV4IqxEhQnGV5FTJzElZx4TnnZYkr4Ybjf/JCo8WYVrvOonAmoLY9MGAI+cXudoyC4/QDOLlQ+7OGSgpukbbtSJf10L2fUiclkMplMJpPJZDKZTCaTyWQymUwmk8n0QYj4AC0oisSJQ+t5pS5dSn7k4VBCd2g7Uf4H4xtiFMJYhiAsQ0EYBGVJmvaBsoEOr3qfKK7h2VzE12gZJzk76kMiLdLoH3TdXq5U9aXxrtU5wUnqjdA0SYgTJ0XzMhTSX0E9irNJKrkn5FmBOkBi10EhIJQhsxLx4QsQw+EhgmR4CkphtsN7uVoAMnsYHUzgb4fxftrdDeNA+6HSOVTPpY6LLQoDIbEYWyjcw5gItc+HwJYYyjB0vc5NTcSaMBOTRcCJQz+EabebppFaJBE5Ap1QzpATrKVUhIuzSc1e0cVRLFWcpvi4ah5DZAudKHDOzjiO+YT5tBQ35JR2yFMAENoJ1UGG+Bi3dcTpnFR0xMubsuFdFxJTV0+lKKoBx7ndx3N16mK7oTFK3eIpBe+61LA5L1yexmu8zpDYrqayWXRe9veo/dFQEh53hZaSvFHydvRGgXIbQUFNQEYBL0EhhUzYPgWVO9ESPg7KPDno+KmzQwFKgpR2X28xzx0otw1NKEXnAC1P8jVBtwIuzi2eflYHJ8A1kGGLcCe8CmhkEwrLpSZGdI8RZzKndcnLNb9i0kghMKzgmxJCcUfSR20Bomi9YH0At/2vAmIFkbsquXnRNVxEb6rOyyoliTzj53NDHsFDvYkcVB7FmCSTyWQymUwmk8lkMplMJpPJZDKZTCaT6QOQ8AvlO+y6WUr7vAPnKpT6YuzsGvir8FqcriXLYhYi8EoxYih7ImMlHKyRK+neX+NOxLUh+eI/4hr5UJkCLVdCKVxqJBBC6QJ2DXINeWHuIanJBKSa3QO1t107tHGeS6nV74ROThwH25zM65JL5akmTZQR44axz0kBBGh8eaRH73ce7qbd6/3NPXmckFuJpvAMBO54bqtXBCNVokTEw6ejIahCedNJyFEiSsVzUkmKaj7C9itMnOx2EzMwEAgJifkqPAd5zpIUkhUpKE4UUCmf0nm6utcWaVAOivkHMzbiFEOQDeMV6MBd1KY3y69N0tn72OXXdG2QlVlIoOLRUqasp1WwWtdUBuWpZmDhLDZtAAebaBmtj7tao7/SG9mNNihep74n3jm1geq9g9fL9BWuqcdDoYHqrQmtiYClWa7SPO6sJA9uw6c8MRCKc501pp5JuRdUVoY28vNADE5mhwvbn8zOraA5OxH0fovcRDbAQb1xZdXkQ5Z1nef5dMyvKa1e738EcJfL4ivqp39yuL99z+f8VvT2Ef/WL67uvUrnxLkzuKR+fAYB4WaFPn/e7iTnh+s9w/8kpBIEJo8Vea7KAvSFplLGrbxaAJPJZDKZTCaTyWQymUwmk8lkMplMJpPJ9C0L4HqN8WyvVjvs7CVK0kaBQlylB8BtYAV0m3yFd7VIy/Jb3KG5T1ycpHAZfcbIxvRCavPVKoSrm7JX7d+1lBa5GFVAAQPq7pSqs65UKl/zRt6MK+Ez/sw5gh1LGk1BTWT/EpyCv512d9PNzTANnmJ1ciHeMxwhcUSQsBEFwOks1OCUj6XdwHd9K8YB7IXB5iursCCUrJMie2v4cZryISGEaTcOw0BeKeLwIv4ZcD76bK9yzciglHxzt/vi79kctYn7UkYEvd+JUzyDiBDvW/pTHnu5Sr/b5Xm+XGpPnTLHBj6tG7qKsWBVz9ws7HQSku7BQUnOqxUP+52UU+qqkiK7uqG0tgqq0ZlQXL2YjNF5H7iVCYs9RNdiOLsP8WK7sxkpZ+4wG6SgHDYoSbgCrs4vzpGviUsUrANuRUrSWYl+YjAKBT/aNBEZLMifxXVZ5tOynPKGoyOqq8x7Z07cv/DPffQP/dad+7Wv//DnTn/4X/2ue39SWk5+uUZobR2PeK+rRiMvm7LNsY0SbGydUEfdRbEuRfn0Sz5dTCaTyWQymUwmk8lkMplMJpPJZDKZTCbT+5bnCrqU9Z7gDJphAyLWnIOyzR9WUxTov7henSrQud6RAjZn3qqam/RnBtiwMdcAkeslyFbK5IAQdv9gpxNX7DKcEjLNIqK4fXCpHiVqhRMfkrAB83KalyVSbAx9KR8v4JhaKmW4QLNygnMDuJ0PN9N0t9vfcshNYBsVKIBNELCifqlf255qT4gI8b76aYhZBgMBVNlf47IsZH8gyAnvH8ZxmMbJk8NEUjKm9rvSHX0wT94n9QXfSjWItwlfFtLVMe85j9KAL8MN1DCdjixB9nDB6nEAQuh0PanHXsNWenuQFzWhN1bQ1dCWixrndDu7y18HX3JAoFqzKJelYTdY5hmeb8mVN1FvFHz6KJ5N1yxchDXxT+wOm0M3DdKop7Jb/o1uoUR5OuRrsjicPc5CnLDfSQRgKinfHtzWwlAV06F8cGSQiO/H9bjMh7TOpamo+TuO6SjTN6JLlO8c67hE/ZrVyQXw5Z4Rnu9AJ0qFlUuoj9zyUuIDAAAQAElEQVT6LwEWyiS4CnQJZ1ii1Uwmk8lkMplMJpPJZDKZTCaTyWQymUwm07eoXBr2UuMVIOHMB6EUFmuFUcw18FomiCslf6yoRH+h7algy2q4BgdcQxneGeFQOQ84r2ci1G/Px8TVbqyHwJUT6YHF68GT8whlzzBxkZjtUCWGUboslN5aQ1J5uMwPbnAQwO3CcDft7qf97TjufBgQgq8oADuduDLgnrNzHMEjskMIwWHhMASKcYgdysP2K2uKsY2w90ycZA18kHeUbZKgDozCFOLeAW1GitXMZhg7D4LLke8n98uBJlfPKQuJgoBSFI6pDLOMgibGSBxL31rXMSv9Od99aZ4LrKkd23VeGAjYLu7r1MgwXhIeCjJdH6Ozhc4w2DmfVfqtbz5xY/QpJmeGFee7buODykbvQ4FqYITqcUKhORFhBVwYOpmDO3k3k8EJkscJB+ugICQFMOBWy2TQrZTiEheOf1rXZT6t64mfF0AnpsEJ0PmdmL4BnRnlfEWW4xwv7D7pEca6kIU1kWgwXgA1YgkEr5J7Hxj+qydqTwSTyWQymUwmk8lkMplMJpPJZDKZTCaTyfShqH2lfCto3zE//2Rj8nEJo1SXhY5LqCe9LG3ii0EBuLhI2W7gSEJoDhk1agRL7b4r8sN5g6FV9gk6QTYPSWRtItk1PXzRkBeHGn9ToBPPozk6mCDcjbv7aXczDBP4ATGA4j6ejpL4iB4RUKcQcknxHNBSGiSUA9tnsP8KV2qXdYkxlmAKCAMZnIzjSM4oYqbC+T1+4zqDbcTkhDwsvkMdqrnIlQnopumdrMkX8hrRKeORVpcZTNwR8CGwX0tqETUvu+IXoWHShqPhEaO0JMUn6gJOz59l8MUfhVxmQI5UXqidXlx4esijc5jh353bDty7OgEX9+H1IxpiUmyMittPYVkKLiL1f5oKwCh2Jh5nIk7wBHkDl/zqMHpcZVR8oXISdBchdIhoqnwTrXFdZo6mInMeTKs0OmIK+Qby6M7YN9PXrTNY7+Lza5jhxcZzBEgzb4L2S7sHtsSJLPiOcZOnlpoDoXzGTweDTkwmk8lkMplMJpPJZDKZTCaTyWQymUymb1ln5IewD2e7lHK0Zmz09cczPwxXv4JeXDTKMc0ExV2L15EiI3MFG4OK5xre/9KcFFCAEXHrqFX+hJDKtqaceNCqulizbAdBzkOwA0eERC5xUpiO0icpbZkGaDFAxeZEUnWAiRMf9iHcTdPttNt5P6T8pvhHlKNAxqiMCRu0MGbhvSt5MVFygXJRFl3NQiI7lEQuJ/OJknlCIDLDh92UtRuGoVRmU+tZcaVx3eyXMdexqfOYShhR7STTL5sVkneT4J6zCb1CIF0btLOPOHJF2R65ILm8gPTLw0X0hqvl6GsSfuWpi16I98RGSunJCTnxipzoHs2w4SkNGlMkOTeF72FvHI3H4bM735fvoUFQz5fT6/Q/9XnZzT2jzqIFKg4jqBTwXYTq1sMrCIDydDDNnKFDrIkTjxOCTiKQzYkgA+l6c3SqiDhZ52U+xXUhmCgvTRoQmidfXHgEMELzsfimhGeuU+7cIAe3RlXX9c5Vq7vUBZJXTOJDBC5TYo4/SnLriLUJlBXCXB6yOcoqCV4mk8lkMplMJpPJZDKZTCaTyWQymUwmk+nble+5h4si3nMFRoCutM1FZS4CSmk5XVQfKzGA2LEC3eEFCIGtrcPW94HdOti1Y9sYqlnGsoOcO1W2IiU1lJCPEfQyAgBw40oLUulLLZGTMUOiMB1hTQrEgOW42osAxVKEXThyFX8AN4Hf++FuGO/2NzfjOOR6ekrkXMJhEc7pzqhf4W9F1Vx3F+qioywEh9AkCjHOyIX7dV0drn7wPMgwjdMwDIHok9z4VQ1MQFmWWv0v0ELblj3y7klze1DdQfp6NDr3NLdxCZGcfdTbjfQT3UClYnAifadeeC+Nb23U6XkRkNA3A19kdnJeOJcZ5evxUtS/nj8DaQjlYq3GjsSuVK7IueZxAk+dRg58+qMvp67sX84JXmYAZAHyRVIJNErgVsCTSyePC7rFE24iBierByJOgAkVWaPY/IIcQwOoQVM+LvN8Oi7HY0orvSu3U/WwKEeV2947068h4bs/KtPcFiBlntETOhXihN2umrWT7MxhU65k6qDYHxmTZDKZTCaTyWQymUwmk8lkMplMJpPJZDJ94HqyuH1ZvG8cieIFqexZjwm4PWMXy6KJCvD89+2fa2Q+Q2hcAtS0GM+2FCs5dngvVXCn3ifV+MSVw3J1E31hNDjuIc3LUjxOiD6RL9ljRzCEYs3iS+JLro0OdDEMye2GcDdOr/c3u3EYnQ+UqkOl9Pwx/weK4jTiJPVjyuEsxZ2Fq/rUDDICicxnxDVSqs40jsFT7kwIQYiT6lqxHdH0TBaGzGA+m3fNieNLq9Eql7440JxU5NOK8tTdci+g+N6U1mLhnJLUn98De3HR6trMjixyZS3z+Ojf78YhBnapQdzkkOBls+FiYyNZzx7c87s9KXjB+x07Rl2X9c0X5zuIiBN0M6STT0eXFrI2IeJkZdZkJZsTMdMRw54e29ENz2eN63I6HNZ5xsRuPZS3E+FJ3ub9T6/pSUGxPqq/vkT4RffpMEPUZ1nkh2s1dPJqdyMt0n9U+LHIOWHSuIrgoZmdmEwmk8lkMplMJpPJZDKZTCaTyWQymUwfhFpt/Mky4jk6UNJYQNwpXOcqoWVnaN9rB01I0KuUM3SpNL0BxktiGlzXnB5t6TxNilsHbROnwO8X049yLS919lYMTeLS4r1QJsuysMcJRixmDFu3j0KcaPQMJZOkXB/FAWHn/d0wvd7vb8dxkPwgIk6Sd4GOZOJEGlqCdbBRDzps/DlTL6BXz4XaNRfr17giN4oQDUJNiDXx3ue/e2CCz1ZiUzpfC45O0eF3bhONlLCF43wZ9KSyJls/m3bCrfuIhvj0g+l97hD0NNDGh8cX7qS8817xBBk8meSyjs976PDdWUJDuubEcLWplwRLZZoE4wL8mhmMzlME2WKC6vwgPYWVwnTSCfCA6eAJOomO8nQiQN5IfGMltjKpp1A4CNU6hVbtuq6n43w8YorI3kMc3cSXZlCldjD/VpKVjDv5JvU1jPb2DpAnUU3JIYuTyIuhGFzJPwmSaCX2VXkfPSQvG+f0sVU+N68Tk8lkMplMJpPJZDKZTCaTyWQymUwmk+lDEtTvoW/eVS6k5SNcTVG5nnWwOVMjTsrOeLZfIU6cq5wEwvYsfmsNAVuIQSEToRgkCydvreLd4BAawcC98F32jBASPte7Jd7BUZH8dGK2g6MfNIqGAom8U0rGK7UBer78DtJ39QeEGz/cTbtXu/1tmEZH2SUheL4mm6IEunaHFsTafejHwbklRs9Qi/oCrCvVaqmHa/50GIZxHIchDAScQIswamTMNkkFuu0yIz1xAt3swpcr+m+ZEtdRStj5mghoUikTeXVqduDPL42Vi5DuCA7iy2fvrfYsc10cWQo5perGLmHfuwY3dRou7wjAzrBEe5jOoKfujmqN+jrwC7z2DuMjmAruk+v8yeWFlk6QDohHnzfiCi4CDVMkx5LSrQIByGYBAtTBhxx5Tsd1nhkyIM4gvwqlxQf2U+tq2BR8Db02XdfZTfSSgX/ipnv+UE5eo4nmR3PiFDTnoUof4LLnWYZWuc2YWCpOSc5kMplMJpPJZDKZTCaTyWQymUwmk8lkMn0AKn4k1WDjrJaXtqjH9tjiaXH9lNfUZaZopkdfX+7NSJ7WlTNLHTJS9Az/UTsKARogpnJJROIbSgt6YiAVy5ZlXY+n07LMSSr+oHYkDku4Q2mwkh4MowATOcH7yYW7cf9qf3MzjKP3IzeXg3gQgjIVVGCNeDYsgtiUZJpi1sLtzPX63J4YVzaPUEQjnz6MYSCexddOdcPbwQyl991wtXeKKwxCs7H5krpEMepp+wv1vRZepmdN6g4C9Kj3SO+H0fcF3zOcUK5+5mCC/bXq+wUJOW/D0IE/TVsrm0KTwJVeFcOYsii+vLqDmQpJrsVKcVaUXhfVQoJalQv7qwMK0ME0U6SOO0E6+pg3IgfuyK0g7j6VMelYE7WDIe+gvGbnmVN1ktxGAhp167M9LPQsoPeZM30zeh+30ItO0T0UyoXBb56obdez9By+HWnxJuFNxJXJZDKZTCaTyWQymUwmk8lkMplMJpPJZDJ9QHqOFFHBmR3DFeIE0L2kAln8JMj4A85KzCgRKv5KE5Vp8F2bOy5AojwwrTEWZxKpYat/Rtok6WBxcdHqpvchnz8fezgc5mVuPeXGaYlTqZAmab9P+XBCTwbn92G8m/a3035ACvAZvBiyELvT3FU4eKTW612DTtSsRFJHxsBNWtdlOeXyPbuxUJ4OMSfBD+M4BMV22kly11Isrb5iS/NO4ZfK1umryb17inwqBieCmEgSkHQ0b/cn2Vi1uEIiYHPDkUv1R7iXtxDeZcTQ8RjitoHqcaPWNvq+/lXH3PdZQPL2INYduG0qKgGk73rnzhCrs/I7qIVI28FftHjzdx16VwmO/vagLBwBDHQxQyhjTBE5vOh8/mgBN3s8OZwDznnb4YIuer+6tOaPvQwS3x5Yb9QotwkvdL6hkluWZV1Oyzzn9ZuXr6e7iJdmQQ0q+KVZO568gnQQvnHm5K/+7fmnf2Laje6HTeDbTVjv2e3joq717j2soFD3VrfuoDyd9fZgZxOnS5RuguBHrKY2+k8JOyB5edqW5y4tWs9LFtgepafxTCaTyWQymUwmk8lkMplMJpPJZDKZTCbTty9mE1KxlUjbD5+s6z0JMeRKNgxls3+739Ycjr60XLaFQfG1wA5XAn1S+VVeub7Pn8aIa2QDB/DNJkJiQDqmgRgIcJJtEpVroCJ6rpKf5tO8zOR64gv/EengIRfowQVqmMZAkK8JwytDovdDgsmH++nm9bS/DSMRJ4ybRDpKQmRcraJqlzj5hwJ7crWfck3YDUXbQzEkFGKSUm7VvJzyGabdNA40tmHwA1eKySWEOAIs1hVr4RbgbLboWnA+Uz0jwmYpz9b6oUMtnlbPJPXWJr4Iap7O08fWX8VA5mIdbo6tRg1QzRHEtaOeho4PFBZTiuDMAVXnETob5mVTHGFkXYr/x7kNBFKIkiswEn2OVD53jBTRsuFFNZz15LqHzDtNfa70/KXC+tIlAyEvwZTaPjIOeY3mzkdekBFwBiJOTiHl1wXc6nDNXSMHFBAbEjb/gbMOCgegtkCOUKl1WZd5juua1pVuNBpoGTwvA+jr3VnipUC4K3BfiCf6ivpz/+7b/82f//zhEcfR/df+S/e/95967UxfUSUqzdW7msNxzjhFXjbObe/8sn9jzACLvYmE8uRnaDLoxGQymUwmk8lkMplMJpPJZDKZTCaTyWT6IRUofEEeIfUdLTO30jw8eWxRjWiQ4mMi4mRd4iqFf0VMqrXItj6JxbIlF2LWMgAAEABJREFUlfwWqmXmw5d5WRZkRxEiHspRXg0o6p8iRhDIfcTBfpzuwng77vZDrl17PocfgvfiB+DV1WLrFYDF/gKuddYxcTKvcSXiZJrGcRwGZl88n1a4nS6/5tlRvwiw6ExW3FeQWJj0bisSVKQjVIJ7xGxGPUOuESdXz929vmuvjUDCZNpH0HxSBLSpxwEWLgWVA1GDGw2JQZ7nCrYwveODFs89GZ2g7AsQ9bSFumot7Capok9fa4ZMPTP2Q3AhZIsSStIBjJSn4xaXZkizx9nhid9fc4WfeB4og1TtLKA7dVtMhATEGJd1pUSomO8rwsRQYZRyWYmtQnELAiXEFFTALaT2tepP//nP/nf/1lvZXhb3b/75t/+vn5v/R//1T17dvXCNmq4JC9JUeJEKoenkw5XF045G9SUqjibMhYmJjpJlyZlMJpPJZDKZTCaTyWQymUwmk8lkMplMpl+f6r+zTi/barsGyAhxsskSuWoG0Qm6ZJ/t9aiQSVXuuKp1BxQ7C+UeYGPRUcJQBBCgiJBEiTxxTfOSK+WrECeJvB2aFwswJ8EmLN4HoVDAoxvzbwlHgL3z+3Ei4iS/zUYbHsSJhPcrXQTX584kCWcRdwco3cltoa/0p5jbEFMu2eM4Tbv9PgxBDDr4RCglXXhirOrg1Jm46r7x1SUUUW5wHrrc4AqXXE5o4Y02DMZ7aAC/lnq2vKOmJcW7RLCiQsacEUgouUyoOxbGBAoQVPEKWc4Y5HcNZsodD8OQZyt3Ow3EFpH5zZNt3dwM79GqYWNqsnm3sTag/JOa6VBbhTiZ84/HJa+4wc0unYg7cQtg9ESiRJSxq8wIIG6QATpreSevWMZNlvxDt9S6Sh4Kr3CszWQCKyX1XvGMheUXr0yXg28mX+eXvhcrcVL1H/3c/N/647/8R//gd376x3/4sna+kuixV9a3c4qapOpQgo3y4r/1AVEJsHY7yGqTO5pPEIVkwpQkp8fDFwgMM5lMJpPJZDKZTCaTyWQymUwmk8lkMplMH5QE/qh+DfVN12EclztXgxNN0iDeojtD8e14Boy4+hFKUZNK3VGKmuA919MLKICueSjUU9VXrl1SEEhWotJmApfPRcf6wh4IXlK6oL+zU8uAGGKavL8N4+003Q7jnuJuCEuYBnY50cs7IVbExIGL75x3w+Pl+cNcUwWiVcgYIiuukXxYAIIPZHAyDSGfj3ZYmVPZWEu4rTqopYwbExX9m3Wovyr8wbiJjD/xOtyqEEK9ytk6aU16f9RLvVa9SB5Fnv1UIRREL6PQFuq2Pbo6E9QdkGxyvBBSTgxr2FBnTeiDH8Y8JSH3+rQsa4x51eW/Pv/8s8PxuBK7cdE4902pw08KeaSuEcVqB7H4u2D0lP80ezc7zK+LxxncCdn4JHD0FGiSSRkyaOdoxIneX4RILet8OkVawUu+Jele6t1N5BTFy6itD3kueKHSXGXTvm79B3/lcPX9X/5u+m//8V/5w7/v49/5998406Xw6i+bDQXiGnGiJkIt3erao0GPRn1UpvIs45yrvBJTzRL7Ju8pk8lkMplMJpPJZDKZTCaTyWQymUwmk8l0Va2SjJsi9VO6mgFT38Rae3bndAjAxsikRtWcNeYpd4NWlywVb1eq3sg1zZW9QXgHr3k67Qv3zaaiHpnYXCT/l48i4mSeFyEm5Lv1ehVlTDx5d/gaEEOBKg4C+JGIEBjA3Q7jRzd3t8O084Pn8ugwDLsx8KUif/2/EjClYCoUQIFBuIif1sTEybJQPA2P5RDCOE3jNIKG9CTXmXWAeHIgng2bFu3FWEKtPrCSKE/VavHiPM+o51ryyMk7Mj6575f7Q6kT11/fe8mY2wONrWmrUftfx6QvdmMjYJwviArWxgKleHAGkvJUZLTgfZ6kNJ/mZXl4fHg45D9v8+I4LvNnn32aV+IwjsNl9+Br8Hh5TgXm4G1XDIBaiFDu2OpwRVw8rN4t4PLG7N3JpYU+SlLe5wUmN0uLGJKx3dAC/Asv33mdZ7ojE/tSqIOFcmc99ZSPqDFLgHyLed9zUe7r1ycfhac+Op7cH/mT3/99/8z6e/7JV850oc30wFVwpD2hORkHqy9TedW7cUvDlQcRu6TwcyaBPEnLA1OvgJawYzKZTCaTyWQymUwmk8lkMplMJpPJZDJ96FJG5AvCCKCVZOcrWyBGC9DYA3z6i+5nRfm6g9brQUIbCkWBiQwVMFUsJbkWrUO/q2EJn4HLllGjRujwZSVfhqw1RfCDnIcP9fJV/HoeJU74L/I4cTB4P6Lbgb+fbu6m3ej8ABj4oMAn5xp7NYQArvO7q8V0rq6SU0hc1sgMxziQdrspDEMIITHtIEc3mxMp7J5Nj2ZSFHsJfFGwTgUvLt/HLUOUO5hYxPlsfW48y51nyHTnL+++3OkEX5ah0S+SSuToOxU60lFp41XsX2jWA3nvKCAlSIbn3BdyvqF0j7iylUtebN/7/g8OBJo8HPLSmU/LujjpNSETtETndR6u9u3L4SbvPIq6IWujOUBABKFMCnmE3EjClnzMM4jEW2GAE+AJ8YiUsLNg3nbRu5X6z+iNZ0cKH3TpNmoIGTICseuhS6VE6NbpkF8jxSxFukYe0u3CkuglcvdxnQMQD7RTBxbpg3f4TUAnv/Pvv/nZn3n7V/7G8tQOf/r//PnP/+LyL/3zn+x+OJJ2XrhEz/eqjjeuPm44PiklYU7k4wLyyb8PBAs61zxv9BRICU0gziiUqYPsC7WyY0qEequTrZVBJyaTyWQymUwmk8lkMplMJpPJZDKZTCbTtyx2IiiWDn0lsbMikSI8aiHfdx/B2ak0Rsf3bhZ8DIXCqA1GjxA0cIQlbiJQiZXWFuDoHDL5qHkpckV6nwuTSYNTxObEdV+lhxINQu8QKlE8H3JZc1mW04n8KqKWRbEEf3jJ+hCEgnxNvA9EnAT5Zn7uhvid3IzD3bi7Hcdp8IESXVLIO3LSi8sVVV8sJqKW06kHmurj8qD4YqjCdi3kuULxPmQWEnbTRNQJWWaIXYq4Rci4Jb46G3Awf1J8BnrwQgdAZqPs2ka+Gs80BxouD7ut9UB0mznKH61zkpGUJeFBsYFKnNQ960Jy21p2y1R5N1ByRrxcfCyQU22wZr7QshZzDgFwvFOPDfGsoelml41Eo+3YJAd3+9vdzX6N62me80d5xo/rfDidHh7e/uDzz+aFtg+HQ943ruxJI/40ZEczlOAejQ7J7w7uG5SW62v3BavRFrl6t5JThIfc7iXPK9CaWjwRJyeHc34z0a/RQRRnCWareueYOoHiPwHN6iSvz7gucx6edT6y5xDdrhqQ03kfVYILS/v4vNUHqOvQi0ij96M/9vu/8y//a9/9G3/nSe7k//ofHH/hl3/lj/3B73z8yjvTueotWjaECSwzTs8U0KXZZ6W5jorDnmkS1oRPwrE8idGl8yC35NB9I144JpPJZDKZTCaTyWQymUwmk8lkMplMJpPphXr+G+7gGsrx9Bmglpi1vAyueI4owHHVcqOG71yoxuioJ4WcitNnMMpfLRUGEEqhXH9t9XgqgntPrhXEG+Qd/TLPp5lcTmJNacDSpm2SjueeeEnuYfoEMAXnJoDJD/txnAI5m7BdQ6mIcnREn6SiNIJreEjtMLuGrFnBe2FdhiEM4xjyaQtOAvWVUYoaAVRcXJ4q0rdSrYN3uRjAFUubxFiSHEg+H+vq0augiX7rGtGthK+kMvVPfbqFbKi8rVNI011gqTzjEXD0ecZwzVOTFHWIwCxO8GEcRu/zrz94+/nD6Xg8Ho7zkRCT4+HxdHx4eDgtC2XFMJk0DCPZ3DgKWGIjkJICIiOo/XcDvI/+f3HpOkmaTwK49XVZGTRZHP9AWgFmwDlvp7hS1lQeLI+h3uwgJiqar9NfRk6f32c/kjWuy+m4zsdlmfOtRuFWJUeqO4RuEEFhXOdvURxwKqMkP98c3vHqzv8v/zs/+kf/je/+xb98emqfv/63l//m/+KX/6d/8JPf+lOTM/VqwTo9eoLQrKiwTG//iCihOQ56L6UacCZ7QB+hdkaovfvfI5PJZDKZTCaTyWQymUwmk8lkMplMJpPJ9O2Jw2+uv/0EBABdZoo6jpQ/L7a1aJBB4TWSGiO4lpnCaAGFd0T5PrwUqYVy8HI9tyE1uCzavQlikXJa5nldlkhZNgWIkaNBcRNgvsRpf4LzwckGGYjswE/gR/mha5BnBhEppSuuuTmkguCgK9/Y983ohXohUTUjUSYQQiiuIRoD1PWlWAaIKQsCXKu8SpzKGfYAT0TqbI5zeLnzSmEpqe7vuXnSSNewIaiGKHXWn77Q+xbqMOmCAI/0w6Ev+VMaVL8ksocR2xs/BOltfit37XB4pLicx8e3h4fPHx8Op4OQSbQ81nWYxnGaPIxJU5zUv6eAF2Km0rl4cF+vO51czMFLxgW+WHE999x512xeVHkgYqDcHPI1gXgCt4Am6Sx5/XkgT5s8QL7DhRKW8KZuOnkZS+6JdHVdTsvxyKk6kSgB/ljHphxCCx4FBZK2laUDzQpHGt9GBb457mQ3uj/2B77zp/7cp3/23354ap/vf5b+u3/iV//Q733zT/zDt850rp4miWRPghsnq/Icb7uDq9FfjIvp21F+Z3MoQVYiW54kPXf6mh8lJpPJZDKZTCaTyWQymUwmk8lkMplMJpPpC6lmrFx+JF9AL+YiunvNTnAXxxXTixLmIWYh/clIKdUSZJ/t4gqRod9nJzMSTS/RBnjnCTZhcxMKoeGat34PvlIO4FrFnMva+bPktGgf44pMIVCEykI8QUwRghp2YOfm4NXXRGGWwMQJMSi5VBpdCLALw80w7MNwOwwT7zzk86gthJT8K8BRvFaEAJCKKn8WuTi7rkK9QEFNGs/BpViQDCRBUKCmmrBFBBQs5dxUormfqE8JCoCxDbuBLvlE20j7669EmmAS4oSYGIqRGcYwBRjaiG3Oc7l82i9yVfcybSxMqg/NOw/SpcTynlM5NPYmL59hpDCd43zKfXEL5R7Ny/LZw9u3j28//fzzz99+ThOR10LwlVUCwk1Gx6E01BIyomEjHYQyYHpZX5ubUBxlvtF4ndIWXWzYTSvfVEBmL57mln1N0sHjCXABl8j8J1f181p0ym8xbYVlmTI7wpCNxqXwOVG6TWtgmefjw+PpdMR8d+ndi6D7hgK91FtL+RV0Jceqk6Bq2N8136x+/+/+6Df/+PAn/synT+2QV8j//E//4K/+/5Y/8M9+5ExN6kPVHnNO3X/KnXyFZes+gvoOH5FcSrpylckrSAq2Y+HbcRIymUwmk8lkMplMJpPJZDKZTCaTyWQymUwbPV+567kBKfM9Veyrb3rOoqESN6evnFk5XHW8AHWOACy+JVK2RC5e93VGATC4DqkuC5LPUHkXhNIYaO4o6JrfQ2JPkRMH66SSAQRXUQx2OmkeJwXyGAD2friddnfTtA/DDt7EiK4AABAASURBVGD0+SeEQAk+mNKFe0Xn96ApEUngDodiLkGXy8cPw0AeFeJxIi1hlxTdB1vZXu0BZBcdHLe97nmRF1wNIXrS8gRd9LXKy0YyiTdy24i94KNoVhM8tWyguN085ZTzclXs4bkdur6g0BXid1JGilElCo2JcZnXtCzL45EcTQ6Pj2+Pj4fT8eF0oB092aKE/ZhPEiUPBJg+cbpEYjGnUXcGcTvBehFaGsxB0axOwziM43PQCWw2n3dugEvLmpo/0nJzWpBUfzptbSL7CI7O8X6BNDucvVucW3xKnm7ZDhTRVdqfne9iZkEA68VYaV2X0+HxeDymSKvFQ2sfkCGQa3eTfuY7exy+ufhGcBpfpYse4SVhXl+L/qn/3N1P/ujwR/7U9x4en5yX/+P/5eHtAf/F3/PGmTZSQAyVB9yuxGvZXVdO0R+nxFk7j/B2m9OaTCaTyWQymUwmk8lkMplMJpPJZDKZTKYPWGd1/auCiwwXKvSjrzDHGWjSEx7N6cS5wlW0s0FXkUclNRSGaC4iUGxV1OzEuWrywaYJqfArKQmzgjNrWRY/hOrYUU6FWvzmeB0CD8CzzYkG2eQa+X4cbodpH8b9MO6AUBPO3KFSqUeu4PN/FQcQC5dmPUI9iQp5MM8RKFKHi/H5Wh4qcdJRIlTy9xI2IiOW6/5YaJ0um6KMW7MVUeOJzlTiKnFSYy4ixxalxPEyPCvjOAI1DYQWoJN5f3mGfiQVHtq64Lgvokqc8Jk3HyWlIKrbiM4+Nxl59vI+SfbMe60xPTw+fvb2888//+zx8PZ4Oua5n9dljTFPVhiGcdrRIXkQQ55G9GU19LyVY1oC1OCj82YQnimxAw1S8NB+f/Pm9UevXr3eQCegS9xts6nEQMSX7VQcU2RDmpH7E/UDLENzUW2Hurq4kdJ/l8jsJTqK0ZkdOZ2skE75x+Gc3wwuBmJt0GnUSfPkKYNaCBQUtxMaWAV6II9eXNc5D+a8YFrZ4IfuLuW1+F5AMlLxCiElWkVCEUCDU6KaHHXLJWk7/LdlZfHb/p7dv/qHfux/+K//6i/8cnxqn7/wf3/8z/6ndv/YP3Tjfn3ozE3omWCjjgBx6sUkbGAqNidJLE5kh214Uj2QFkVq/zCg4FH8hPWRlhMW85TmhqJIojhfObh2H5hMJpPJZDKZTCaTyWQymUwmk8lkMplMpm9Xtfwt2jgsVP+Ps2OQysn5mFIjhlQtSDRvQc6JinQQyMFKKUl4TT2rd4EL4Kn/OnuqxhIUixOFOEkogR1CuHDtnkugUMwdFEzg4uUaV6qD5ip5Iq+LeVnyr4R6KFkgLhFcx5SKt9ibSMoKIG1SyR0H8PthvBum22HajdMgFxZrjXxCpRFcoCNRBoQIGQm5YdCEyRlS7ocCN8y35LYMXtN1io8JNq5BkoeKJ0qBIpyUbtUYQLKJ5DcPnRUJ9JVZEEsMiTeRk8sZOeWHnTrEQgaFuqF5DQPvBjEp0xO4oz1iohY43cXOvTm6ben11qnjbEU10og76HkAk5BAeQF48IRVqJUGmcQ4en/NE01QRPCJvHbcDz779Lvf/96nbz9/ODwuyzrHOb/I1IcwhJspeI6SCYGIHo2G0V7kX/JOMlMC9wwwDOOwzHP+yXO1LlQZH6dJOKGf+LGfePPmzc3+ZgjDNI7jMAyuG4gyNGfmGejKDeBk/W829EBk8qTE1Fw3GtI7zkO+pRJoRBK1HmH1bvbu6GAdcA14yvcApNUDmdoAQSpqH5Eqq1WtJnie9G5GoXzoQ17KcY3zaV6XE2VWUeSV60wo5JaWiZZW1/eVGNg+R9oYQPM9gm8LOsn6Dd8J/8q/+KP/k//19/7SX52f2uf/8ZePv36gky+gs38eoH9Ul3vWFe7tHbii7OyFfEK1R+F1yXygOp2k6uMkEWgSLtaTdCaTyWQymUwmk8lkMplMJpPJZDKZTCaT6dsSbDI03JZROC9wdzvXkh+WpAxXokjUuMDJF9+7b6rzgc0BhemTUrGUGqVvl5MDCTXwVBdnixP2ONE6JQMHvhWvEwrR0rJBBHJJMeWy+EJAApKJRy6Wiy2H7uJ6b5WhEidsu4JUk/dczHeTD7tpdztON2HI2wOnh2jRvqWbgJRLmRLY9CVJ88uO3ns2OIHArIn8kM9JZUh0CzfzUIqvCnY4t0lZ6d0qFGhQ9xGp1fp+NjUCg04dWbKP47bpLGtAklSEHYfIlGEFh0/VlF+ACghSA+pGc80IB1XiayJVZsdABeEv3DhZDPn9dc2LBE7LfJhPx8Ph88eH43w8zPPhdHg8HfN80yh7igjCEIhKEVOZgYZczRSSpAHRtRN7dtBYUVyMD+Mo9FFc19Oy5MtP43R7c/v69etXd3fTuMvn2Y27u5ub/L60R1bxUDtTWRK8WiQHfGakNuRROaFEIG324UUXgdq+ArmbUI6UxxXJ5uQEbgbMGyumFeIK5DaCDvBs5SjlQsY6FY+hBZSwtp7GKt9Da1zmZT6e1nVJ+cYq6FbJymmTWUET57qbbrOD61klGflvHToR3e2fa8CPfBSciS1wiitRbDfu02FssI3Iaf/ayA0fE6d6RTEfukjYgrKzq//smEwmk8lkMplMJpPJZDKZTCaTyWQymUymD0XosE9PeLqgV8rHxbmgT8xxm5iV7hg1/wDofRC8K7kKfP14flRpV8y17XVNXbN8I07OG1qyYpgySXGJ9JP/LIx9SH4NIRRYgxqwFLmDxNxIyI4nKMQHJBhlHIb9OOymafJhBAEJxBhDyAx1H4FqasHpIlLOV+gkRnUQ8X4YBs/8DZluMG3iFRBJTl1ias/K2FxAC81RoLNFKSPQbFHgiTwdbhGbVnCejnTcq9tKnU6QZkBHHHV14u1pt9tPLZ9qhcAdVvik3xtdseooP2y4kufB5QZrXhK4NS+JSC2f1/Xzzz87nI6n+fR4ODwcHk7LEsYhL5H8M+T+jCObKaSALfQmEBdEtjzk/sKcEU0Q26pAsbnxNLt+5Cmahvvbu7vb29ub/f729m6/3w+Bzh2ALFDyHvnweT6pGwjiUD1OOsHFQD07VHWXJBRUsTvhLJ4OauIh8x69Wx0uHhey98HkcUacPZ48x+uAi74E5HAz0XXpJwUC0nYqjwUlMUcnDuO6LCv9mU9J8BXtg5ylYlKS2xPwql3S+Zg0uxduQigN+taQgl/81fg/+JO/+nefjtfJ+qf/83fuh1F1rtWwRm9nTJ2x1TvET7pykvIwwsLlscdJkrweOSc/Yj0/Pbu7ZUvRmUwmk8lkMplMJpPJZDKZTCaTyWQymUymb0XNjCRxrR18+0hjXOD8iK5M3hEnXuqP/JPAX7GvgAv/AtTyIm49ODrwJdfy6XvvyMSGK8YbwODIlovZwhX5iDWlhTwZIsXr5HKmmlpIxs+mS4wOsK2HpI0gES2DD2MIU/CD85MPN8OwG/OvEHI9PdfzxZFBquzggvpklO5xTo1zGtQixEn+O59TcJPAmEnuQ/BC4tB+GgdEvimXpVuo3ImHZiOjMwIbvxbXOWL0bwpwI5ExkXENcoHhgfW+hOmwBYsrYAoNCcC1hsiFr6iiKXj5ZmmH/J0SKt7QGKYSpQEdd4KUdBN2I0Ens5p8fPb27ePh8fF4eHj79nA6zst84nggGZ1xv88zGYbAeAYNcZ4DIlBajkdS6xfywll5DHGd53VZgvdjPnLa3d/d7fd52oeP33z85qM3u/1elnjwIZaoGQpSystsPuUm5g2IyHY11JnBdQ4ebVbw2qDh1XHajB5iZ3OC4i/h5C6TIUweVocxuJncTXAZXe7W7MjgZPGwOCJOXKAx59saG+nRTScbyUD7vQUdsQVMXix5kI5zXBaxteBzoAdlq5yc2Z2H59R8LLcdFFCToNKL7g4SLsx9G/qPfv70R/5X33t4eI6f+N3/+N2Pf/LD4XSyXZxtUlL5nMEjvi8RKhzX3dLn58P2cEDEggg2lX+VGsJSCJVCKcrKeYdHkMlkMplMJpPJZDKZTCaTyWQymUwmk8lk+iYkuAJiVwSU958I1tHgGdd+g43dCJbTNO8DcfFobiIge2ix0hWDlY6T0BQZLo9DCaZxudiPZE/CWAgorICtSF7sTchghAqgp2VZ1oXiP9jJQ21Nak9L46V5+XXwHhNv81u7MEzjMAKMPuw80Sej98Eljb9hz5LA/hAefV9RLy2XnuDK3EvubAhhJEsMNlNhNkJMNXJ7GYWgU0MZj3qqanZSh0ujjFytxWIfe9TP49mvWWINonk6ZZpyw4b8Xwjcqw7eKXY0/Yg5J+2ENufd9LveKsfhmRlH20ciktTlBEpYhlrHMOAg28C1bBrzw+m0xvU0z3laf/DpDz79/NMDeW2kPMV5+Od1YdyEOCE/DEDQU8U7uFYdAsZI/ZGlkIvnySWamiWfP8/LlHUTYO9e3d1/8uaTV69evX79ehjGvHzyZ8Gr+wbVvL0fy8qk/KeEAXw8LSWLiMJ6CDpp+FY3N+CLR852Yp5RT64Q5uId54+oIYzALwkcYSDeLc4tAKuH3Jw8PHNefx6ih8RhUEmAJuwmCM/nsMJMJeqJQ454LVNO1bws80wpPRzCkxga45tBcaFypOtNjQoV1a69NbdhMkhu6EKc1HX/Devf+vcf/sSf+fT5ff65/+LdH/hnP3I/RKrPl/K7mlwVm5PUeBGA84fRFaG4OdHi40Mjo3mRV1oiqqy4IemuCjUBnNGMJpPJZDKZTCaTyWQymUwmk8lkMplMJpPp21YSlIELhowAXEljgW0GR8UNOqYBGmii5WQsFWcu1bPBBv+K9UxUs78iLjoKapCbFxm2KIgJWYr4mjEi1IVyJx1MQnXMXBuPZHOyruznoV+fJ9ZAI36o+i+5Ko58SkrwDwwgeTd+CH7yfjcMu0AxKkNyPpEbzECnEDuSBHI6J+AEsyelZl8jbBJF2ERPp5rI5qQk6dB1QQeNuRGKlfAXdfbLMZJjtOzLJiXuosJboRPBfThDhwEBlliegMwnZ8TkfmCZL5QBFYQCmptAd4lziwG4srUxQqngBBTwAIp/h9hgCKiDErYBTjkGXpR5/B4Pj599/vnbx4fHx8fjcnr78HaOaz6UxpNMY8IwTWEc8u6eF5ssrfzKOFFgbxRHJjUMs3h2ykFOFNoNN9Nud8fBOdO02+92r+9f3d/fD5zmw3OiPg75JLRkaBBjGQXxO2HzB07oQc7lEXho6EiRJwvw0ICbsxErYTp5qgqgwSX9RJcoiUT50MhNWwkD8WtyC7o5IBmcODjSuoOYdwtiHYM6ERs+bNOedncWR5g8inJz59toneflNKe4OLoTuPMKCSE2L5NyQ6h8CdwpK0HXFZtmgMfWO2V6ysicQTvfhP7Un/v0z/7bD8/sMAzuD/3eN//EP3zrfp0ruWZHApu/SOwU1Ln2CMjGq6Luo5jh+Yl5sfDDPenzkYgTfubTnZboXyRM/eqELieMb2nZ/JNaAAAQAElEQVQ2O5E19i1QSSaTyWQymUwmk8lkMplMJpPJZDKZTCaTaaM+tobjTnKVmKrsZKiwBVAKlXHuccGlQy0Iulpe56JgD1j0ZiqKGjixa2hUQ5LkEDW3YFQiEnHCQTQSCMIYRHHfUMql4S7UkpiL4nEl6IQNIYhkyO3IxfOIfB42myityp8ER9RGbmfg9o7k+zHkguoIfjeMN+M45H0S5rcCMS/kFwF8ypAPkYwdxiXErUQyhLhWn8hmhcYEh2GYhjG/Bg81SoYbELX+j8mjBBRdn6baR4F1Sl0fzkwluhlJddipJWy3Eku2ikxLILrGw5X4JEWKNm89azshzgQbYobYjr79riItGgfE7UCmOBzbZJALC5bR9D639/Hx8XA6PDw+Pjw8nNaZ84BoQMmWxO8TEyrsS+Nd8MIpePVOcXkZALvj5FHPBy0nys4ZQ54Gmoib3f72bn97e3e3v9nf7qcxz7YfKRqHcZvIaUjijYOaiiMeL10ftU80OJHMTpgCopFgxxg3XKvW96udZ05usWtDW++StB1ZeSdPb2KzlkSLyK8So+NS/qF4HcQ5ptWTA0qSRcKLhQGSLRjUkwFyUyUJjUKhpciPJ28vy3w6zsfjOs/8ZjMioZvrYtVuPHY0kYXuY3pSaIxORRq8HiAeMA4uT/IN6LS4P/pvfPcv/uXTM/u8vof/2b/wnd/6U5P7IVJHF+qzC+tj1wlAQms+loVUsaVzv5PK4vXROYjqfUPPan4aKnGCqLxdOdx73zeKeUFDTkwmk8lkMplMJpPJZDKZTCaTyWQymUymD0XNGMO1b5BDh0d48GVbjoBWQ2ymIyU2RXcWAOOch9CsBJK4eGA9YZVjVELsE5ATeqj2zW4c6q/QcRECLuTjxdQkpjSvK0XqOIwNcGBPEmE+2AzDc7E8gB+AvBg8+1WMIezGiYASdPvdtB9HIksSBsrdodJ/QAlrIcSAiRP0YrUikScoeSeYC/6U6pOPyqfywziEcRwV2oGGImjhXugFbC4grhuXPsvIbYONylnAdVyITCQ5eThHGToEc6zMcwiro30PISiusV0I0OCZLQDz4gKvroELDkH9aNgspwFIHGdEM5Uwj1QIPmL67LPPP/vs07dv354Oj6eFcnPyYsgNFvsT5mW8dJAuFCjjaGXIRpmkRMEveXHRHCxrgoX2Tnizv729uX11/+ru9ubm5na/n8Yw+OBHYoHK8nYlH0ftNwp30sagTZFOHeMToaFWut+wHb3eX8TX97BgR2WMusAd0HQRBy1sJDFTExEiEPoRHaxAp4jezYAzksfJnNKCKTKFkzS1xruuec/OngIhHLPEtX9aP3GdT6fDYZlPyNwKQEngkZZCm9Ktiq0QVNjKO6iJTcA4jUInzvVeKf6bJE7ePqZ/+V/77s//7eWZfX7Lbxr/yO//5Ec/Cu6HUsob0spoHidMnNDjl3dA4bPavyIXM1hZE1doOFcgQ8Ko+ISguxVfHr28PBydvqV0njmdmEwmk8lkMplMJpPJZDKZTCaTyWQymUzfvvrMFE2+cK1QXPepAErvMdIVmrFU0huqUlxOoCAiZ2r5CVKLRE5pkJgVAjh0D0IMHP1A+WkwRBIHilxbz0fEZUmMV+QaOeeNuA4C4GZ4x9+NB0EuuFIeGB2hC4AfvJ+AwnTyO2MIN9NuYHMIz0kvXqw7CIChWBzPRfnQgAAJIEmSqcO4DBMtbG/CLwri6CgVu4De2wSrn4lrn3n0zm3ed80uZTOUmw02nqGxWNekReHC2ghw04rDTwrdSwXuil8KdNuuFYqVU6JAHw8rl63z6C8xfvb5Z58/PBxPWcfHw8M8zzJbeXbJe6YkGaGE2hSQw9OyQZ9QkBOBIiY/OJ8PcWMY9rvbm9vbXf5rT6/7/T6/6YjIWWRdcFoNguTjsMUObLpGYIxSWe7cvsFpGpErtI96N0APnbS9y5m7K1zQOdAmm+dNL6OGEHSP+Ohdbru4mwh0MtM7uLLHyerym5BoXTOi5RVLAl4W51c7Y17Ic0ISeyQHhbmd07LMx7ic8oIS9gq39z9Uv5/6K7oNWVIQtNYfxXCgR9sUwyrAyTfGnfz3/+Q7iJN/7D+z/5f++U9245M7/LW/M/9//ub8vc+Se38aBvfTPzH+9p/Ny/bbZSvKrJX5Ro2/qW4lSWg10H9DGrdYVb2oXDGzogXWnnf9a7p88uhi0WS3gjQ2YxWTyWQymUwmk8lkMplMJpPJZDKZTCaTyfStqXqcXP30DD/hej+gGCCg2DykUlxGATI8CJnhuy+9by5RXS7KKTVigWmN6DYBDRClZA6l/i7ZKVzVTE6DeDg5hyiTdV0XsvSgX4tVhRYstSAqJiVecmV8LuBzRE4YiDjhV4ppgSkM0zh4bp136AmKoJARL9iGmq1IKR1cc2dhXqGUUb0SJ4PyLXy4jmrZp1h/nE+HE95A67S4pX/4Hb5AwXKwN56RDSVO4kqMQu6wpx5Tm7w/R4rO1oN7TqVr4PAd1V4sPjYyBTxfAgh5rHYaDpcU3x4eHx4fPn94++nnn83LguJ+AjDt9lJdZn6BGBogQxFIekotbQMXr9c1uhAoCIkok/3Nfv/q/hWlGo3TNO6macrbfLI8zYGmkDkVdAk0OoeDlxzCtls9lgNKQwg7gbWfKINRsZQysMMTIyMGKsV8ZDsN4JS3cq559Mj+COosEQGZLAEyNfFu8bgC/eSN5N2a8j1DWBT59/ANU247uRpsG9I+cgXn4aiTyHckISfz4bCcTnHJ99YK1bCFzGBSTTyR54Lr8k6gTBuvFl1zZfp1LGm00XU4W5+f8twafb/69//fh7/6N58jTn7fP/Pq9/yTr57Z4V/5P/zgz/97j+7r0Xc+9v/j/8Ynf+9v+hYzfXgZscGJczUlp5Bw/MThuRIWrj7Z2s6ubjOQ58pzSrLH5Ale/5EotFoxqALxf/JikQVe7VQ6byeTyWQymUwmk8lkMplMJpPJZDKZTCaTyfRtqqvtFpuTTUZCU+du4CtoIdYT7BbhBKoAicIpJ+8vdBHBgV2gSCvcd64InoNz5HinAAajI4kq4lSwXFJMGBMDJxSn4phBcGK80JMuynwEsfvgV0FQBvD5TcZQYPLjGPzNNPoQXMqVfOD9XRC/CPKOgDpAjiumUIxO5FNXRidQbsvIF5OR0eJswzWEjOlggJI9dC49sExSKeI716XyJNwosagxTJwMw0BJOuDeSylfis3e1TaXlrnWl9ZND2K0EgLF50Rmg8jMZCZLkx+8/eyzTz99OD7mySRoZBjGELD4jkjKknAnkhlEJyf6BBiJoAgOIojAj9Nu3E35v5v9zatXr+5u7wa6nmfkJ+j69HRmXIWoEGTK+8JRnK1P6YXfep60W6P0XYx5zhwXxPFjKGXz9ra8YFe8r1Yf2F+HCaX+kATsAkTTDCtxJ7A4t0A6AeaNlbZdCsQFYPCEpsg9CJ0ZSdeJ1iBoDYMGgAlZlm+oZTme5tMx31l0t0ExdLlcP+jdZmEVjqTF6wQZvLLE2ToIOJOlJjxVyKAQZ9+MjcX3Po1PfbTfuT/8+z7+nX//zdNHu3/vLx2+PuIk67vfT3/8z/zgT/73fsx9nTp7KOCVoffVeWez1ssCYxqvHV9Pe/HQd8XqBFOFVhKWZ0pdXAmrwwojjO7MZQjYlchkMplMJpPJZDKZTCaTyWQymUwmk8lkMn3bKqElUlCGCp2Uuu+mHFmgkJaq0eEQ+o7vkIOSPMJldK4sykfYkhlK3EIqX3RHrWuLYQezB1AdJ4RzkS/HE74QYyRHj2VJSy7Kr6UKiR3a0VxCyF2CwIXAmAIns4AX7oT9L0bnxwA3u4nqpykC5emgcAmUrQNOnU481V89F8w1JsIlD80zRgwgiseJa/26WkSH8zJ+urqTq9MDtSJchh7PiBP5KHczEC3jKkIkx+PFeXt59xKhb3YtPdhQFpIkH9U5ZrIjeXdcT2/fPrzNfw6Px9NhnpfDfFrjAgToDHlmaDexTiinoxQedVIQtwzChuTDPDG7aXp1d7+/uR13u3Gi/wg0GYaJ4ng64Kl40pT1XD9kLke6gnkSvTAhgK20Da6E5shHdQj+/+z9ebxt6V3XiT/DWns4595blUqQhISQGUiIvJgCNCABm6kRgiIQVGwRX4iIIvx+tiMi2I0K2Ni0tgONSotIIzYQQASZIYRRSDOEjCRVlVTVrTucYZ+99xqe5+nnOz3r2fuce+tWqCnx+6lzz9l77TU801r1x/e9P589yqcAIqJml/AoeSSpip4hLIROjXPDoBTzFlMKDywyl8d0sHHMv03sne0cQifOBJeit8Hy7OH8T6wJ01rw2bmYq6q5SQJQCFkKwzh0QJxgWFWEJc5HsOkKjFJMxAElsW8RuwoCUHyZRCMmFoymlQSWysTHVMSJuZh7eFz0YR+4NObk/PZn3OP+ly97+ge8b3v7w996/2AeZ933IBj5NN48nnK1d4jASIXeS9OajFa8SujJI85D7P/EBBM9k2x1MnrOM2aIaKBDmxMAqQzZVqFXFK16BruskWc/L6TyGGWyUKVSqVQqlUqlUqlUKpVKpVKpVCqVSqVSPaWE5UXrzS7WkExJ/DDkq1F/7VzYFENbwdfCgVFD4kqkk7wQ2CPi19sRQInw1fiEziRRSu9cW3TivWApjoOCORJXHCGfJaQQMEZnCAP8jGPCdlFJGyuhVkraXBRH7MA647xB6CRXT2Oui9u2dQdN0zZuxqYkKVfT865gcAKYAvSFvoHvHcWWGKIe0GuFMyOkPsoeKoie2FJ9F9FLG3cijYiQoa6RaUaa9hd3DRltmiCu7VI8BXU2VViPJcwD+loMOaIl9GPn0hcUbWOZ2R1govhT8IdR2kyrQmI1ahoJXzjwsxjCuNqsN5vNan222a77Yej6PsRgMOxm3raGjDwMUwjsmcAExgSJlEVyuDwE1mQBMToHy+V8NjOODGxwgNABJXHkC5WvqW7upiXNlBMMOPo3JCtgE/dHrkvtsWVAYvEDIUeZsI8TSSMbszv1yeykjVCBnkAMInSYP0pToZ7mA+4VaKUdbBysG23qMUynB4OTFDwgT9GVFKY0pdzs1uVTmaapBQzP0LJIAYYihgiuQV039j3YCMHySjZV6I2QZmL54mRBcvQJESfVqrU7+xfopHS0uJvYJ4EieOY9/gs+9dL//WOreuNLXzj7ui+55/LhIzNY914dzeOsvJ7feW14RPzl962ybBgfqZfOdG8UcoookbLIUs2rmAKc8ZuKAcT1FgxF6sCDJFbrtbBdThaFk3ViZcXy3u7JWC0qlUqlUqlUKpVKpVKpVCqVSqVSqVQqlepWmvxODKfmlAJi4gp5KkU/u+MEwT4HzkpBMFDhm8qOMcn5Ga2gr7tbKXdHIlEKDJHrjY7rnnCWZHlvQBgifrk+FylHDJCBoJaxH0OI8PV7KIUnS2ViR4gJnsvQRS16YHjX+PsmkgAAEABJREFUAHwA5X6gTGbOHrSzg7ZtG+vhSp7MIqbjoZ7vsbKe0EoC66RUOuWeAfCQ3zbOG46zIXeWHXCnYBO0CYeRjDOY52HqIKU9TKCwHqXESqVegR7A88WiqUSSL/9LmRa6HMX7hCdITlFNt9m53lTUldkn4gQsRri2HCfHGlaeAevhspG7Yok6ylO07rZHR0c3jm9sttt+HPLZHJiXICXSeB5W8TIxwnvkwcyngzkOgQZuPp8fHBwuFos8iZcOLl06PJy1rZMBrjGahHM++a/YuprO2T/cVA7uQbMGJ5BPFKufis7huYmcW1QcZdKF4SGoHa8VBnNk/mHyxdtnal4U6w9uIwUMpdGmwYKdyRDT4OwAfidgeTKkGBwm7xAHhYOYzG3JjTShLmVZ8NKMDBKM/TD026HvIsyWMbvcygWnTAzsSF9cSdUx0kNiiZDKKrNUBnlCgaqZMk+kvvgzr6w28Yd/DlJy2tb8iU+7/IWfcvkOj/3gD2hf++tb83hqubSPN3EiEwNi7mMPWar8RW619Hk33lGQNHpQMtUFSWhgSUXPLqKdYAGlvbPV1Bctrpj2l/UtGqBSqVQqlUqlUqlUKpVKpVKpVCqVSqVSqZ5QYaQIx4Y48ZUon5bMDbNff6TitvWFqGAwhG0fAqUuwF5kW4K2HDahOUck0wd8DQRDjFx0jkZq8BwEw5kogsDArwDmEvknAHEy9GMY4/kkDqm7Q2ETz5Xr943zs3ZOF/LWeQtYQOt841z+cVjURFwEwYtABIClJB4I1kFKgcxFLH3bHwenYY8NcjYxyKkYImBM5d1wQYU0Vf9MYW52usEwAeEESVJMCm6SAr22NshsWjQXqYCgO5fgLsW0RjbvnQwTjtBIJOIoUZ8DmpXk/wK4Y+SWxdXp6vTsdNNts/JMUayM845oCpdngOiQyAY61DlEjWCy2gbGPp9qMV8cgi4dHCzbtiUjmbZpYSRCOJd7sx/P4qam89q2ti6yp5Jpw84wrnSfAz9CTAyaYMkczxzLtcQHZ18NL3RjptAia8U0RlgjalSaxpyBFrwtR7hO7FzqnR1t7C0BKGlMccScnUSOPNZMPFcxmeEelM7UMy1IVEJbGLFwifmeGoah68LYR0jVYTBE8AFzkdJkQVEGZDKGEeJkvwWc81RzPY92uT62+kt//O4v/NTL147C8581mz8awOOVH3Hw739sdbZ+HAGIz/jYA/PEy9rqJkKlkiSF/jfVAyFVTJwcXfK36H63iYCtQIggvIoY1UOs0/lYMcTTJnjpCeaQVCqVSqVSqVQqlUqlUqlUKpVKpVKpVCrVnasqD08qGRrnRHgEvJKSoK2ICi4wV9XKyHV1NjThZBIzGWZIPonYqBRLFWA87PSF+xHrlAMWK0MM/TiMIZCrRi78X9hgjAcxrfdNmzVrnTdYl2+Qd5g53zrXGG9D8g74khiTFc8Rh0iNQ9MWNm+g9Jti9CH2DsArOARTZFgSOznYApvU0EllOCLFVo4+SfsDLcYnZA+Dl2YqgSKK5Dxl+iwhMRQLQ5ErDi1YjLFTxgUYfaTdNIwpP2MvgqWMauRMH4ykQZ+CaKLzeXCb/MHQdV3fdcPQZ439erM5Pj0+W6/B0KRtbeNtIRKsyQc5nAuEPBwujEheG/mTA4jNWcxns/l8MYNpmx0eHua3EYOE8rHEgpBVgq0NMqq+XLh6LY8NUkKCAzHsAQNE48meCgXuoZAZ/J3EkkeGkR1rLqiINxeRKLb6zddKjBPB4NDSivQDiIkJNnXObBuws+kTYCjBAHpC8SSQ+EReMdwTc75Aby9qA44gEV9sTBHHMMDsbcexz/eXWJHIIdZM6NPOmc49O3hopt/1R5a8ZXanzNZ718jME6tnXPH5xzxK5UP+t696n297zfHvvr0/Pn2MyYjnPbv5lFcsP/eVd2q78pgJiRO7M03FuSQaoQt5352jeCfD3Emw5WYCZ6oB86gC3e7CBD7CoCXhtFQqlUqlUqlUKpVKpVKpVCqVSqVSqVQq1VNQu7X5HVuOCzEOK+VIsvTgWIySZIIJN3iasFdKvFUYQpRiuXVARWAtPGHiBluAELSSa5RDDMMwBCz+I4ASIvg8ODR3mGrfpQLvElewm6ZZzOazZkZwB9qc2Ma41vpF/sg3rYUr5pK/c+zMAMQJOKB4OrWlHTj8hCgBoEwAnYCTodGLuKSYUn29sMupVNcpoIZ7XwiSC2kJyaOIhdLZ3ddV+SSWDGbYfsBObSkTmmi8kjkHC+y8LR4n5GtCZyDQIwAwkqz3tmlM47fbzfHZ6nR1stps1uuzdbcZxhHsTGgH76RszJRO3g4uJuAuw6Xt/DJvnM9mVy5fedrdT1sulzC8ALQ0FBkTQqC1h94cplA97I+CFM2t+iKDxWkdVuCXhKuPnHRwdMfCYKRp2AvLkarhrEd/N5VI1IRpnhLdI3QyjC5hGx/y80nidZKEOAGsBNxN7Ghc5+IWfE3iYMEaIjoXo42UVmXFZ6QgInan/1PJn4CpcksnXp1ASBFSM/Rh6MZ8g4XRQmgPBllBlJUpS6scTgOPsVL4kaNlN9mc4HJJDfBBlsEUgnwK62N3B3HiW97z8ILn/IHm6/7c0817i9h0anp8yS1BmFuJreLf1hQCK6b68URwCZFlZHFiOEet/HD6WXn2wZa9haFSqVQqlUqlUqlUKpVKpVKpVCqVSqVSqd5DZO3+V84vqq8bIU6YNXGW00nwE+A8zFRWhNMFKcbTN9vJlSPV5UzxMkG/CEdnTy5aLtMjF5CGOMZcDh9yZRwSbqAWnuv2zrIzB1fDC0UBJyIoommBOJnN2tahk4VvgIDwBoJ1Ft4jcZI7ETwbf0ApP5/WO99YglkQ3ygRN1hZb0qWDnInVGn3drKGuJCvSVKAT0myZJCWoICJyiWA+sIpL4V7oIQXmQ+alDp+YirfS9Om+ZRJ4mmintbTWmij0vjyOyDkIe4pCIi4vNGA4czQb89W3TDcPD1ab9bbruuHoeu7EMZcTp7NFk3j4ThATGDwIKgI03EwuSV5CW/Js3OwPLh8+cpysVwu4B+k58BFgUGykmQkcTzYHui8QxCGO+btDtjkLly9TEoZSsmJMRhePyGSewrhOARbFC+TqVZO5+BsHjuNbYGHTMF1GjGumXZLNPhInJDDw461Cr7NLRpsGkwakh3zbxM3JvXWBhuhaA+eOyYy5GLr89tiU3NBsZ7xnALTEEGEowl9H8GcBn5SGC0OCn2Gd+zEoJmyvpgI4xVmyWoHw504W4dgJbMTMVWRJnyeauOOScatCDXVE6adKWDipH4yMClip5uEboQaiwOYCZclplKlMWImFwFwjhLZTKoxlQobTHxuwxt0QahUKpVKpVKpVCqVSqVSqVQqlUqlUqlUT3FV8AibW5SP9r5zLvCCLUcVU4yqpI1vudKODhlhlKo4ny2aCaGgWnxdeU7oojBCSRxcTcYxjAEEtU9ni1sI17/FgMWQmQaxCMbO2nY5m7dN46wHRMYBbuLRxQQ8TprZDLNwfIJsHSiD5pop2pw4aaizyTEsQjyMc2zLQvyE87Ahnh+l/bo50zHni6e3gQVo+FI1zmbCP6Zgk1Qq+MQWpKoBttT0y6wgrcK2LeQdUmbRFhMW6r8F040Y+LyIS8CWELfddr3dnJ2tjlanm/xis4GoHYjSaZo86HaWD/Yw7HA+4HISR+c0roFNzrSNn8/mWbM2/5kdLA8vHR60bcul6FytRorBTOVm9jiBUTe1pYygPLtjWmxQkMBxiO9A5RsMF7iKTuEyFFgU921p6C1MLgycE9+dC2rfEzxiasuTprTb8CTaypnECsIEe2Ar0D3GIWhiLUAnPnU2DnHskhmNC0Rayc1iJr6q8C7J3qI2P0EfxItgx2lB5xsqDv3Yb8e+jwENbJDyYXQAWYMqPagmldLOmqfFxDgOLRhX75/keSEr1VVDxodUJhlG9eSLQSV6I0uirLbaCMtawZhSqkAly8RWwDidwLFRdD/gSizWP3LB+n8CfFb6rVKpVCqVSqVSqVQqlUqlUqlUKpVKpVKp3hM0kQ87NifVHlRABjBj5yhDFcqqNmi5oChGHUkK86WAmKaKJbpLGDYribQXHjYEyGUYx3EYA5hTWMwhsZL5IlVtZ4TCQLcVgk9mTbNoZ7O2ARgiGe+sx5CctvF5+9w3DdYzHfi1YIEcz+msQwsNwE2QX4lWfCIchOkwP0G7uZIWUsqsyBIwZrBLodhkKpsAY3c8IC6uqlIqSu0xwYCLMVOohTGVtQTvtkdg8MwRAkQ+KI6vajEQiZEKa+OO2QniNt5FDqMxXd9vt9uTsxUQJ+v1ZruBJB3AiTBJB4eEWByyYcEfSClygHYEl+zMe6BMZvPlcjGfLQ6WoDyqMPIOHFRs4WfIZobDfWxMBc9JbJAiXaEBcoxyuMm9JUWGSSxwM2MYYox5LckCpX8MkxQ/lXpiEIOIUgqPZhonxyNUSKdq0uh3UzKfomAcZb7sBPbA4EaboCDvzGjNmCw4nTjb29gDemL6/GkMyVta78WvRqa15P/YnYbYqjETJBaRcMH0GwhDyePRDUM39F2+zchtiBknClNKBaixxu6c2co6w1vAFbsLWqXJuhqD4tQU8Jlxgt1MuMl53foT1RMkmFzxVkoTbhKFckrTbSJ/kgnFEIWe++RMZMhUCB2qDOJOlhAW9neyhaOiK5cGmImqU6lUKpVKpVKpVCqVSqVSqVQqlUqlUqlU7wGqCtSsqfpeMyjybfSp0DwdbcTTwaSpdB2SqC6Mu+SoaI9GEggJJA7+iHwMeC/04zCOY4xgpGFcwxdJkRwsysWFEqCStm28W4CDRuvJ4ySZBnEESNsBM46mJcQBrU0ox8XG5DEIxll2ZQCbE0OBLBZzTQzBFJ7r6ELLVMMnfdxxNXFchI1mVzvmKAlDSlzCF5a6hAhLLDhLoYIKuyCWJ5an5Vy1no50RFM4T4E+yUxVXkJ4Uqkl0yGOfE3AaSZ/uu26DVqbrNfrs/XZarvOkwKWIcgA+abNOzd57HyD4Tl5xJHOwQZ4cLyAeYLpaOcHy+Xh4eHB8mAxm8Foe996v9tivL6sPUsNTqk2VXAFqonS5Aj2Nfl8jrxJjBmBUhrBGSdApTuXusErJBKyk5yrESDD4IbdGTb8gKCVUvWOHKxj3W6T496QZzWm8mnZt8HBVuTGUFJUsGm04HQy5hcuDTb1+XeKvQ2jiQHbW1nTFK4llflPZt/s5XylPnGhnzGZmMYwDnlax34Iw2hTSTuJuFgDcwY78NRkbkGLiuaIRIgZ8UDVU8NOS3ZarKVBtsK2+Bj1tXiKKBU6Ki+WyLk5hSy0Vh4/VjLCdg4V1xOwFAp4hyTDv+l/EEZwsWTOLQEjVJOcTpeESqVSqVQqlUqlUqlUKpVKpVKpVCqVSvUUVQU04Nsq36CqL0+lbUeBLFWNO5VfLK6BT9wJRSjQOSropNnonzcAABAASURBVD4oSS067wx1dvhefIwphGgCfkUe3UiENbB7SIelKAZruIKd9523s/zTWE9ZOXm7hx/XOts417AhSXQCW1gJAaGauWW4hHNRyLSD0iZc7SaB5EAZytIvSvcR44zJPaIcJbk2e+XWQjikcyM0XdOVMr0t9VmANKLYR5QT7JIO4oBSZVjwW/wd0fqCgI7c2zzq/TAOcTzL2q5vnhyvVqvt0KUoqINDWxHH02YBOvGtA4IkhYigBAAgecyX7Xw5XxweHCyXB8vFYj6b+abxZcmVeeS+IDmEkzoZtrBrCFW6yU+D3xlZV1TCDmEgg4ZhGNheAd6SUwvbhOwSIDRSJXvI3sJbIRULm90dxAOiSruh340YyJSL7YEqXIQfTV7xZkyxdwCdBGcgWwdsTkJ+G9FwJ5XOE9ixW99PAqJYc4vifErlN9+QMQ9UP3Rdv+3yKCH6gndVFHQKIanJNKZQZowLoDmQs4VbmsgXK1Yx7IRhd8kSu9uoZPeeQdxIo3ryBbxITBSIk9hhSR5ejJvI833vuOKMYgAMwzwnJL+S2wG7klGaRKVSqVQqlUqlUqlUKpVKpVKpVCqVSqV6rxA6SewTCjtva4sCCVUox5bDU5oyc5KhJI+KoXgkxRTJnmJMkISC35InvsHx9+oleqeiKvJFHJIlmK2CLxrv5k3bOiBOPMTieG9ty9AJmJk45i7E38IS8lBzBxbieCwkmziw7rDS49r4IVX95W/2S0SLifyXv6ZfVWaTmc5j9yciSnm3GuRqLioHCX5Pr1xlC1DtWG+wzOMUNAZhBh4HMsCIMJqA+4Qhrrebo5OTs+1mdbba9F03dFAzZrIizfPoNk0JOGq8b5A4aZzHSQv5tIeL5cHB4WI+P1gsl8tF2zStb2azmXVMX0B0TsQIHGqh8ByMLBimLcTlJE1sCLQUASABlfL7gIJlE4KJ7LJTRolDXyY05Jy5giAPttpWZqCipgriMU2aTKiRtoEatKxJk9cJWLDYNOE+0N3c0pDsmNJgzZDoJ4LHSf7lbf7JM0v9oFwnRmbeTSgj4R2Zp3gc+wHmtCfiJE23l0uVJw87kQhEIuPiHA0ppFYxLkKokIwbWAHR4Ln954hzu8NrindGEvwpKXLy1FBC6IRhK2Moh4vWn8H5KjOFO4a9icN1RJE6iX/TjccrZYdWEZJrujNr/lGlUqlUKpVKpVKpVCqVSqVSqVQqlUqlUj3FdT6W5Tb7VvDJ9EX3lAJtxDqiMzUawoXGqcLIxUUxNSDnhlz6jgmJk3EY4oD2FPkjDLRB/ww26rhF+wENATbFNZjtwlErETgDCn3xwEbk11hEBROHqstoJ5Gr7944qrE7rrUbBxgFvWGIAWqvk59FXXgtxInwDkgHuDIqtxzPamSqs+1luHDpf/dsYhJRrrgzjwy2cEEXjWBslBIynxXcQcAMBH7yR5tuuzpbna3Xq/XqZHXajQNYnoQxD07Ttr5taVR9O/ONJ/AAPTJSa2GoWsR62oN2Pp/fdfnKlctX5rNZg6QBswvO0TDR4skXdQANwUbnaKOzbKjD8ljqBoZJeA7cH+1MRgZNAgIVWPuOMnq20BLOueldmTkatX36BBJvDFMo+xxJ5fLDVfKJa5nWJlfPmwTxUWnaxk40MBPR2JByo81gbY++JoNLvTfwAn4C3Ewc3+TKhRiHIp+XumAvU33OcUL+UAoRGk7EfIMNw9Dnme1jGIk3olgr9krhTqUyXuJBwmuJLYU4WIdnlrEzcbIQ3xNL4Iqp1qtQPPxWrmyKEYvZQbRUT4Tq8RaoJCYCSwy7DCVGrgg9S8SEJfaqkdMkuqnxWCBOAt+UeL+SS4/d/X8DEV2G8KMdVy3aLcqeYVpWeC2jSIpKpVKpVCqVSqVSqVQqlUqlUqlUKpVK9RQUlRG5Hs8ODwmtEKoiHzMXsVhRiFlFYjOJKPXBsp2L9RHJkariKC4gUOwfh1wQD+MYR2QH6CTMr3CTKEOF3BFKeAfRKYiKEHFCAToermYaMCxBywhwjUD6ISUxtEDnifwP3EwSpPB48AzxGAeCLhPAfRRWgcOB0k4NfWJNZBMNIhxUei+GHKXebmms8rhVZMnUzWo6eF82kqGKcCq+EklGgM/Ie1jhNPhyAQYddnJYOCbmA0w0TBpj6sOw7btN1w3DcLw6OV2t1tsN5NTkk3nv2mZhF3lEKF/DWfCNoX9iLQNnmzUtucssF8vD5cFdly/PZ7O2aSwjH8IhJSRV8tggHeKmsKDiiUO+GzgUONbYXs7eiRSdA7AEvIwBqBOsc3PshyPAZQJunJVcGlfNe7K0bHiRmeKjUuw8ZPQZk7AMRtF8CSgkGAncIK4qo1uETnC1RVmsQtLkPtmQTG/tEGPwZmvjYMLg7diYwSXoGcUS2elkEyHFC6K2DKkIrv0yPBnYJMo3yZ+NQz/2fd91I+QkRbyDaV0momwiBaFIIJZgZZKnI45H1rgpKwqNT/ADx38JPJOJtcyL4R3BwFGVopP2ESrlTp4MVY8hE2hNJ7ZyihW4Ro8PgoQKtBXlKZiMHGcgGi3gvmCtY0qCUqKwKwG7wOyI76X6IcvcE/+fIgnYVB56/D8Co1KpVCqVSqVSqVQqlUqlUqlUKpVKpVKpnmzVhh9S3a6gilKSJx6CtyFwglYcDqMVjGRjSFEw/x3F50B8DKyjEJhibRDwcgEiGOC78UMYx5RC/o++U4/VeQuhIi6JTwYXxcVjxFEJP1foPdARjQfcpLUQ9QKwQ0oeMJTUIMcAZ3US1ALFULDLYAcM2AFoFYpyARJicrCwkqozBYKwucRUd995C4Ep1gmbMlVICV2wbCRA5heRYoHq89h91xlbGUYQcQMV/CTzYgybr1g2VeECf5kLJIEijH9uWjRgRQKjmrpxONuuz7rNZuhPzlZHpyebbksl5AA2B0DroGWMt5SmgiwOBA9ZokjQmiSlxrrlYnnl8PKVw8N5C6BJ27SzJk+Ht+yDQt2FgU3SJosgEyJIxeEgsp0GOx9gCpIjOASL1+CBM4xhgEOwC0iu0DqcjGHQ2mR3SAUPkXCbQvqkKe3FRDPdAsZMCwAH0+5EfcRkjNkxhxgjzcl0izRlecSJVzLRmeDMkO+PmH/bzqXOwb0y2lyZtwGuVLu8FLzlDsRtqg5OaP9iKN8ETE4GjNQZhi6FKOX8/bweW7oxLUceNbkNq0GrTFDKFvGUcTtN45PzHBSyxIpZUH0XPU48wX/55fXr39KZ93xdvRHMY6+KBZy8Z/bNgAg+EVoI7XPw/wE8cfmJhk/wyLRTAkOfmHZBw+lk5f8vj5SkUz1/65aoVCqVSqVSqVQqlUqlUqlUKpVKpVKpVKr3VLG5BmMC0aQpy4M+rwvnVpw+4HeJS8C4EchiGCJ8Kx4MTshmAfwqPHpbQIU6RrvHYdAHYExiyN/Eeecb37Tee7LgwOOdYU4CbUtgR+8oSAe2AEUQ0LMBbBu4sg6hPJb24aq5Y34h1p3b01Qin6rnZD4hpWHBUQQi4N3upLJ+rrKKnMaEvzCIYoQNsEz/UBdsNJRTBJxFfu3RBybEeHJ2enK2unlyfHR6vBn7fhi6sTfe5zHEpnEiDbI/xnPWEFwagorgJ++ZB7yZz2aHi+XlS5cuLQ8X8zn5xCAFEh03lYYi1rEqO70TxsMSskAcEzqaUDpHvmZEhTgEhCUglGdnVSRnbbX0GFLij2rfk3NDbsWMhxuxV2LPn+4QJxWPsg93BHIJYuoEUSdxZqBoJsQtAuBYqU+mcxip05jewDIJjoxvjLhA8IiUGX2kCrvdxVMEGoAFAEhXGAHqGoce0K4QpyVYIT9xai9fnOkRwU3KIuN5K3jJxJcU5MRNrbdWFiWbGlH4EYFsFefwuIAmtX7ilzdGdbEmqkMijwg5KT49O7ODCJmh5xtH6khiDuR1RUq8ihjRw49OK1epz8Gv7HQzJzUwUalUKpVKpVKpVCqVSqVSqVQqlUqlUqneq1U5EXBREtwm6oiZkiGCYRpS+ecgHql2447ehhByFbzPBfF8FsreIBMNzhSxKblCrFAgi+VrMFThAY6AoBeI1HG+QWeOBnJybGPhBzAIBwiFw3gTIhtyvRTYCkehIYBIgLsJYCpImZCfh+ShVAV67oLdqYtKsERtc0EkjrwtgRJcmbXn7UxuPeDyYir2W1OCSThkQgq2hHlgCI7FXIyAg2+Ioxlj3A59t+pPVqc3j4+3/XYz9ptuO4IBCtjFOMqO4VHlRBifR5cullIe25kHvudgsTw8ODhYLA6Xh/lFC84ybIABA+79FJlR2saGJWJqMuXRFLMWi64gNNd5aeRFAUFLw4gjaQsdktyOGQkH65wfUbs3hPvEyZ75wuTuwa1lsgLWyX65nOGLVJAMV6WC0MvGsq8PwlkOGKvcg9Gl3trOmcGazprB2eAcpI/YNNmF7LMwd6AaS6FwHKz547ShQ0ye5r4bRxhQ6pQxlclMFRN1Hsupx7m8qEEB/pgTf6wAK7SYaEhd1TYrp6mGTPWkqtBYJSiHftVgF+0ouyGRZ8nEJIrLDlmeAOIU0QDFigvWHpIo68HWFJ55QsAjlUqlUqlUKpVKpVKpVCqVSqVSqVQqlUr1ZElK0sKX5OKis5Szg5/FijqZitFpcvYwBTvgeJ1kthyYMkLZ0osDSbke+iJUNiLJSkkbE3DY4wStTWxjHTmdAHeSrCeUBLNgaGcLlX+sg7MfCRp64A/yAYZq5hj/Y9nmA8rxIZkdRoT7MQ2LieciQSznRUwIwi7ikMSr5Q5kL95Wzs61YTt5YyRykbGYFeRhS64BD0N/erY6Ojo63Zytu20HoE/Iwx5tGjGbxmP/c6vADAUAFGRyEL7xyOPkjbN2tpjNLx8cHC4PsvLbWdM2TRNCgBgNxE08pCAlSeBInIuUyJnE0uTjcEaBGBh3QLONGMJoAiAnMY0JDU4kfWUacutdIYGsoUv4Op6FcYZ9tqc4zdi9uTBVpIwExkzmMTsjT1hPmVkr8wFrLaZqGTQEZvC9YqG7XQqDMb01vbO9TYMzwXMOlXixmIpaetQFeEuXR28JDNQJMKZ5RLseoJOhN2JagpZCOBsyT6niTiynKQkvQndCoUxsYZ8cQTd58VRNKDgKJR7toT5ipnHhulY9SSLjmZQK8xXpL+WNidlO4iAmWqGRjEwmcMzEfMfinZvwEcQTT/Y9e0DJdOuUj6a4sndj6atUKpVKpVKpVCqVSqVSqVQqlUqlUqlUqvcQlQwFeANFdqy047ZIhhRuv55ciBPKfKEshlzO7MbQ9d0QRtiBDU7YGyOKeQhE3yQuTNIpCDrxaEjSUJ6OAzeOtmlaIE4AeoBEGMg3cR5xE4/OH5aidtC3wmNdHQ9kRxPLrIyE75h0LmuFS66pFPdpa1UwlZI9ZQ+lYgtQ0AfreAjZ+8Q+2sp7Kp4WU4kWEYJopywUqPi6lLueGzuGcb3ZnG3Oztab45Pj1Xo9501TAAAQAElEQVQVMLRmJMsWHPYGXV4ah0Nt8A1AHK5B/5g8Gcv58tLBwXK+yD/z2exS/jubNY1njiTFPNC5BYgegWkKmF5I16hRkQM6EjqwJLHD4QGkNB1wRwBCYgxxQPscUyrc1knv+LSTD0id2mONrbxC2J9FdiPQBxYQUyU1PlK5oSQxODFiSLNr98CrNTGYUpgVQx0rkEXDM5GHG3xNYMQ7E3sLHie9MUCcWBfsdG+URhdnHLbHMY9ifUgFP0JjYFRjGLpx6MIAY+owN8ngncumM5NHRXErSsXIBO6VRHcD2r3waDBZIj4pha2Z0BlZ2hNERucmN5SUpmSoC+8A+6hvDNVjIw7KIYcSmaTpNirGNEKV0SE4kwEZMaDP0mRwEmln/n/GNK1MnNATx+5G7Rh1PFGpVCqVSqVSqVQqlUqlUqlUKpVKpVKp3oskoTZTMV/YjAKfkKuGKV4RiYJp8MvzsMVRCZwxDqjC558Yu77fjkNM0TUePTVK9V54g116xcqPxzwd7zhDB/xOrGsNwhMS++ARVHCY48A8BkT1QFQM7ZNfwEmIOJHuAW5RyuZmwiZMhZWUr/dTRfbCL+YXOqIKLElsRsK606rqXvwIohOFyOHPIgyqLahE7hIk5gxDH8PqbHX95o2bRzf7vg+0u3OjBeMR510IIY/4bDZr88AkajaYVtgYeSSNnc9mdx1cuufuuy8tD/Lr1jcNYCmOMnBShStYHD3sf5KwHSOsibzgz9mMA7CIkALEcYBHAp4r/x0pvoPBB8GYAFpKiSw4Ei8JtjPh85cFVFsyyDglNCPBxk3EyS534siARtiKCmCx04lxDC3SM+TnIagH9Z8NYmyTzwTODy4NJvUpDib2zuJrM0KqjuW7gs/pBJKh1RgN81V3nLPDcVdwiyVgdmIYhnHoIVUHPE5SvmESDjPCJA52Q8JA5o84ocgLntCb5Iy4mGDfybmEDucwJjPNNN7BeD/Khh3iZNoNaIQgp92RLU8N1RMoMrKJEQLPaIWYPfSHWRDGBskTZbLIifhIzzewCQmjopiti4FvnJjkfNaY6tbC8+1dTudfpVKpVCqVSqVSqVQqlUqlUqlUKpVKpXqv0WTgUYqEWFF0FWUCZeJoBaog9xMxbGCCg6rMUKfMO+aqZDcM/dBvhgH29eJiIcXrmFL11XcpymPCAwEl4sPB2Tq5Lj6zvs2vMUzH2+TA6QR3EMcGj80k4kTAADDxcGhr4tiVQZgNrvVT78iaISZTqvN2yhiicm3iSqpsIURhstDgYisQD0awFoOvz9nCnJ+CyUQiMY/ATECMDOYAidHMGt82Qy4ZxzTE4XR1euP4xrUbN8DaJNeCkSZxvkk0fIn5kKZpySGGOJ58LI+A87O2vXJ46dLy4Gl33ZV/z5o2T7NjJ5rEzICV3nEbA5MXMog7nbBEKqGxCdIOMZepR/Q3iViqNhTrQcNC+Ta0LGLJKhJAKHIAEl8kSS6NBAwhVFOK2Pwvz6nwRIl8awpxgp1yniJnphNzkVx4Gcv8Ep4fyRKGaJI48NjJEaTpbS65p8EaAE2c6fLSN/gWPE4YvzLsqWNuSSGJyc8jicJQ0Fsi8SCPfd9327HvLFE2ibiSNP2k/VMYWax0z9uC9XB8EfcNz+Qqk5ky105uA56QaSDF7cKY+vVkkqJ6UoVLB3xKImVi8WZJVpKZIyQoMYbHsVHR7Bo+VYs5yiF4jZjsjq2JnF8xE5VKpVKpVCqVSqVSqVQqlUqlUqlUKpXqvVd1NVFUcknyiygfSfkfFcXDIQtjF9KIX3bPr8dx7HI1fOyhAukkNAVfnfc4SFVV20oOjneu9ZikYyA9p7EQDUO2Jd4kj6ExRJzgSZk0wB0EtrDwA+k6jowzipFDqnrBQSVGyvPEnFT0CfIbjKHkS++lgsSdDRZ3P2dbcifjb63wFsS2OKJa8sACqwFd8G3eqQvDer05PjtdrVcr/H222YQY8zjBaGHizZR7g8BA4928aR05daDRSNu0y+XyysHh5cNLVy5dOlgsZvngfHj+fCyoUd3wWEfYYBOjpagkqlXbKqbDkj1K1oBRHABIRClzFy8ER+2zVaSO4A2J7EwwbodWItqfuMklQdgUut7OUDJAsXMtnnjMj6GkD76WFWMa8VBxDGEgAsMrqwwkW57QBNG90WxdHE0areld6m0cbQrOjhg1lBscnS35QtL0qaHTb/4Tb7E4ypGRhh7Rk3yTDWHsh24bhg74IArKIdCF1nVZ4YD/1Nk6JVgI7YLy/ZUsR2ZZS1NTfCl4emQIayqlNLwy/MEXkYkEIhbszoSVZWSN6gkWkIPsfANvKdPMTpPIDJJhjxNMSKPHRmK7IlhGYfIX2nmxr8K1kOOQzrdKpVKpVCqVSqVSqVQqlUqlUqlUKpVK9V6idJH5wVSPJglRUFwjZPtO2RxZEzgb2i8MMQwhhBTGcewD/A4xUpKL4QCVim5JqfqufOJ9kJdwCRwXGnTmaKxv8im8d87lLQ3l6aALi0djBnxLEEN+ncDMA8kLh4AI8CaWUn2YLQCvi3xEKeRXtE2UQjkSFlwtLT29aCQRU3BlZMqesRokVyWT3ErROgZ4CK/Iv+M4JjcZUsQxDN242W423frk9PTo+Mam26IhjLNNHqIGLwSeHNRhB0NH2TC29U0LY5ZgYBswPXnaXXfddflK/rVoZ3COBJcyIUQ2NYD/IiMQ0yyRuYsgIoSAJCeUiKH0GRPDCBEcY/4PUzwMBB5NUUTF8WAyGbE0hTsjjOuF4YcEniEEb0QaTHL0SDvwUFlJ5MJC2EoFpogRDSJMxkxpPXxKmnKKCGLTFSZOSksLijENSrPBAetdGFwagDhJ0VmIvRHKKpH1y4Ul97Iy0u3jdcpizV0JbHAyDGO3HboujAN6kuDdFcuFQlnZuPsOUMZ0CnQSI6/gaC9JV76gJqYiTsQoyNA622k80wt8blyvgS6NTjll8M2Ou4bqCRegXygj5j3MdFU3eXGnkf8pBFlDAR+MMYBPEa5pWbSIg03IorvA1uZOwDuVSqVSqVQqlUqlUqlUKpVKpVKpVCqVSvVU11R33q2BS3kxFRsS/vo7uRQYNICASmSQ8jkV8rGwjUX4mGI/jt04RJuGceiHIWId2nmHzAGBEDaVJiAGgHk9IiYSLCETwJcAOwLMiPdk4gFMCf4AaOKpOo4JIJCq49ALhCvo1k1xLXAdSwYXhQWxmLqClVQrRi4GK6lJcJi6OJ7MBciAWIkkUzCESY9ImZyfGsP1XjCdAGghdwNNBcBpYNv3Z+uz1dlqdXq67jZdvxnH0WLskPW24VAURxe2iANgwI4jn4nWmLn3s9nscH5weHC4mM8X+d9sNm9bLwwIdV0ihWIKCRKROHCG+1uIE5xOHDBcMEmMTAz4m4xgboLgCRi02ML7cEetDK14jBjhG2gcSvZL2ace14p5suZikAMICzlfbpENYtAhpik2MqckhzNtUU4rG221RQbCTYegms6EfFuM1gw2jS5FzH1ihyA7nboY/MiAc4G+uuwdFeYloGgcgDjZAnFCaUnOYWqRVP8FIhOajH4Y2JmYEoqysuLegmYnNXEirasRBSsdY6sY9DW5oJ1J0K2U1OXiKaGAINgEiwh4tXuXCXkXI/s9oTkK3uGxBJLtLFdLhNZkYiWhVjrtKpVKpVKpVCqVSqVSqVQqlUqlUqlUKtV7ozgOYT/vwpj9eJ26FG6nQ+sNhoiTAcJ0um4ckjP9MCASAZICNplLVOfhUvVOZd+hQwValWCqjnOt9S2+AAYFzgPIAsAo6LIA9gzg5wFFcw+bHJlvEK3CcSH5b9zz6qB8EoYrpgASc0GcjDWFXuBGxotph6mmvzs45s4Kr7acAsgaiqpxtuv7TbfN43nWbTbr9epstd1uxjDkYrCftW0LXU9Y6c1dhD5TNgrWkhFHMQYHZjmb333l7ruuXDlcHi7mizw8HnEen+cuH5mLy/kPDFQ0O4YUpTYNcIErxIGDfCLwRAFmB86AhibwQ7XpmKg8XQaKi9up2NkIaDL13+6sRFtxKFP8B42zHGf3x48+Ng6tZSyHFZliVlLmET5y1J5oTJW/gwDRdKU0HXIbHKTZeAiQCg6JE2SiEI1hHkOQnQqlsdVdVQCatNONC8QECQRX5XYPXT/026HvElAuHj+K00K9KOukjKPcA75EG0mLYVRcMe6x5z1JKjKnYsRwvV54zTtVCJ33c6N6PJUHmW7UiTnk2Z/+T5AXGPEi5f8ElgimiH5WQO3Rgt435iGKr6wZuXvl4T4lLKlUKpVKpVKpVCqVSqVSqVQqlUqlUqlUqvd4UfXaigeB2WdNOMXD2WhLgAaDGtUZCAjIO8XQD0M39EMY80mHccw/uULZWkk3wQQcW8JN6DvwsVydAzcIGfEGIJIWI3Jm1s98A3YezjaQzQN1TWApwD7FeDOd2Tv8TacA8xKycEBIhYiJqkiedxkDfIffFjOIWw5V7clR0TFVTgk6k5jaRSJNI2ZMKc9feF4T5UMMvMC6fUQWYkhhsz47Ojm+eXxztd0QHZA73s5nrZ3BaHkXTYgxEqyDdEljyeaDDFPQLca55u5Ll5/33OfNmqbBZB0vDcPADIBvYDAbn4IQJzg0U5gKGWBw2FK07GEAqErExA0IVIJIpUBF5UjhG5y+QyQHbXG1r4mZ4AcZECsjga2Y2BRbzGQAjpicUiaAqRpZxHY4aqaYcpRCODXGeWN3gSpLyT3AXkS2bcC2YEpPui1B1GwXOJiGoQ8z8Vy8yHibdDDVLkO2Xkp2opYsVfuxs4YoHij8h3FMYRyGfuy3+T6TgStONRFNKYqNT5o8SIi8cXhHsBWQRB6hTw5+tMsiWGkHAzQ4DYwjTZ4t2EiPtkVMcjlbbE4k+arc//ZirCaMa4VOHm+N/bGJ1l7gZEO8iYRpRVrOYFsELJqR2UY3I2KwEEQJzK6g/xGfZvdWRCSOHvS0NuIjNvLCx6XSKiqVSqVSqVQqlUqlUqlUKpVKpVKpVCrVU0dYLqRUjb1avXGOARTLYAAGpliqlkMNkp0rXCmeAyHQD6Ebxm0/hlxS9Jhc0rTg9oCZOshDpJLiQEV4DGqYbBfEXQOwhiaXwJNpMBGmzcVswFBMmyy6OURkSwBzQUsTtOvgOBrgThqK15kICayVR+s5/IFTYLLcVJUXxwkrpVfDjUrgX2GwzMrURcklQW7GcC2eM3vkW/0IPVhyV0EBliLpE3T2PCYxjfAbLhKJwskjlTAmaOi3N06OT9ark9VR1/f5J+TyrgO1AJE4rhAjnOFhAKCWC3MShnx44/ysmc3b2aydHS6Wd1+5+/LhpYPFonWNByMZMnexUFiOlKcDC2KEM0RigMj0Ak5KXgWMfeR6dXJsV5DiGMYRAnQwd8OGEAwgSjDGliOZIuEKaHEDx7sdNw92kRGGYcrsME5ScAouBGdoKN1GAA7ERGoGSgAV5zAryUYzrW/y6/T+4wAAEABJREFUxwGOhiYXR8uSj0lClsolpGlkCOQa0cMtkfbK4LHugzFNsAQdpbKa7dTPsqJqk5Dpd11ML14758yHqMaPQEkIQ14SHaQrwcBXqUWJ2ib5SPXiNmYyjUnibpJ4ap0tZifWFEzsQisfYyq3Fv5jz/MAe5dO5nYGLqQYzox5mlE9ngrjag/fEAMSuTFLvFZZQBSyQ04nqRAnMe0Eo/HRt3lvlRtRqVQqlUqlUqlUKpVKpVKpVCqVSqVSqd67NIUnSMDC+Qo1vsLNDGNAJTrinlRxzKXHMaRuGPqhH8HmBIASqmU7SroRt4uJNuDTka0C+01gCxKBAPl34+zM+sY679HnBPEVR0E3CHDkHbwDDCVv9BiyQ84NHoNlrNmxsaDq+lTzRNqFEyPIpqGwJpL+Ug9CbcVxC5sGNwWL2IlYqAc7knuIKfYmBvNYKK6C6/t5ADddd7ZZr85Oj09PTjdnIY7MWIA1BdAbxMxgfIw0Bq8En2LtOG9atJikc9ddlw8uzedzsIrB0YPuBgIToD1RYjMMlZIJsSksDUMgXpw0Ep2Ay8+BiJMRtjAJkkrvLMUa1YvIoI9GoXVqX5PJMwOtQaZIIzwnTntirEfOKaYK1ZSWJWrMLiMijUgy8Ix/sKsIGe1wI9mUZIcGwdG9IDmmvM/LVYxNaHu62NnGXMCSXLBTMqWHhu1BsHMIauVhj3Ech24cBrC4sTvojbVTM/ewD1OWb7knJ57IyRVtdV1p7Q46cr69VlotjklIQl246+0VwsqoHmeFYc2ZU3afNxT0JMpTkWOy6Gmf5DcCKDHdNkjJiqWVNbc0tnnUeoxOo1KpVCqVSqVSqVQqlUqlUqlUKpVKpVKp3m2VL69bc0EhsCRm2P3KuLwgMIHzX6CkCLkqMfTdMOQSeAgIUqRiBgIgiPeUcmJ8dZbJEgR+ewn4MPi6tW7m/cz51oOlx8zhn0TciaFYEDhpPjeCJo2F/AZH4Tvs2VA6MZli1HkjRurjMcaavJmGohqxertEplxY/pwOOr/JcBHfGXGXiLnR3scEDEFA+4o8sNevXz8+PT45Pen7IZJjBXQW+hTBNoWsaBi4YPcRLPG3zs9mszxiebBmTfu0u+95n/d5ZtvMIE0nDyBcFYxJEkAiCFhgDdl4ZwooAVMazzcbAjSso1wYqjmPAcxNQswTPsp4upLTAWyEc3tuHQw6OHfBuNSXKmE67KRDnjBmh4SCE6XpNLagKNNpzC4qZMxUBTcCmMgGgVUYYeEP5fy0ctik5iJDD1Yzpe/Yi9aHjPEtOh5NgWCmoxGcQbQrD3EYxxhCGMax7zBaZ2CuyzJntH/35lELiXkUMV5JhPIkXIW8r5U0HyuNd4UWqDZKB5JMLYY5GaERDKM2fEft3TbmzsiDENZG9Thr6E/piZfYjMgQzgWJSM7w/x+QKoTnEsOFkVx2cHoj82omFb+btPu/k50n6WNFnKhUKpVKpVKpVCqVSqVSqVQqlUqlUqlUqqeAIlUTsQ7tIXBm8prIZe3zNh68q2UPDag+YpgOGlskIE7GceizughMRCrmCBxw49CexKF/hAkcyhADFq+h9k3xN06SfvLOrfeLtpm7ZuZ8g94e3hnCTTz8kHVKwrNCB4CywEs2QDSQfwM7llAH0F4kIQozsSbYhxTY4oPq48nWNg+31YWcSpU04fCfMxWkQt2nUBeAJnCgeiAJwLJis12frFbrzdl6u+mHLoQx9w3jiJxlh48IqUPO29rdBOgB8HuZN818Ns8/y/n80uGlu65cXiwP22ZmMJbI8Qny5AccfIqZ4Z6YEmUjw2ZTJLJH+mioCSMcHQB/YNYkWnE4iZCq49hOxpJZSSr2ORbjdeC8JpyvR9cuMmRn4mQO6fBo2ZuEGkMOHdUpbE0Ipd1T712LXjFogzhGFE8Uy4ORajaE1nMSLw+7E9hTAToQBSXnv53/wy0kQAevWfzHy5c8TCJgPiGO49jn5dEFiDQKRFjt++nQGPC87GAolskgZyqshO7Rwp3gpxVuUsbOup3uIbNC/iuJ7zFDA3jeXsXcMXnQbx4wdxvV46p++6ApiJItqBI/HJk3YbOTSIhhJOIkYY4Ws2nijGKqZwfd7UqZqFQqlUqlUqlUKpVKpVKpVCqVSqVSqVT/DYhpk1Iop0pxkjr65NpgE5tXQFExUEkSq5JDwoyPoR/A4iRgrA0Vq8XmhPiQvRJkmuABStKxkozjnW28nzftomlba1uETixE5zgPe9oGPT+cwxwZZBwwWMcSfULEiZOcFCl8J/JfQBsGwk9KYTwWP4zb1EmlAI8H71ieVEkmMj418lCq8Ly7xQY4g9kUIdo8mGF1drruunW32Wy3m27TDd0I5gKRuQBGAThAxdspccbgoDXOLReLg8VyOV9kXVoc5LfLBaAn+XjgFMYEJwxIShAFgqeypkqcQbMUeo22GImBFO5ARO4hYa4LuJskYoZM6SpVm4k4Sex1InYsE1XCi2IHMTH1aizWNAA/yae4ORVLBZ6PJMiEuR3ccMGUVhyGvE/1roRmcDl+5ywlc8nWna8u0pTFYaUlKT1a/qRK8+GFyklGSJwMYz8ECLHqQxi9Lw2mUUtVvI8lLyMmQtjTgmgSx2Y7SDQhZFIhJnjbmon34W2Gl3s9dCVxq2AHt+zshVN+obqzt+WuOueN6vFRjOP65E1yk8rzIKaK0UsCLiFcwuiJSeJuYhAKS9VNtGcodPsGWGse9W2hUqlUKpVKpVKpVCqVSqVSqVQqlUqlUqmeMqJSOMeyCA5AlUSqbBtK33CFEYD30SKQgt94D1jPzgXIIY79CD9jDJD/gh4jZHYypagYw+klnMyCQR8JnRWQUqGiZ2OdB5QEnDwWnjxOUmvRxIPL5ASauNbDqZ3DxBkucCbaxwvpkShspK5vCi4iHEqKiR0rzhMn+2+xSE8fpN1PU3XaKGYPwklQWZ4cVsCzBNEYGrdhDGEIYx7Ah29cP9uuu6HLb8cU4EySdMJ4DBycZk3TQMBNyO12iZGAvGPbNJeWB894+tMvHV5azOYH83kDkUMWAjBCoPSTSG4ZkYEESuYBo5cC3HCgTJrMCqh3MSSKdQmBoAZM1oD595RDkyjuB89D1hk8gHmCfVk8PIwUlkM1bqY3OFIJoZICLrDNCUFJNYRhijcLxIA0xtQoirmTSrYcH4VLymf0aXdtyJrYOaRAFUksSM5frDlPVJzfkmR1Vs3e9ylh4AVvSY6uyaM+DMO267vt0Pd5whq4L+IEjQl3YnBKEGvCs8VYAz+QUcW8Tn7jEdWi8B2EuOgtN8PgbQpEF69DMhiSscFrJVxFVtxVOMqn7lF5EBT2ZefRcE4p9d3m3uXh843q8dFm9Q6TRlMC0HBjnvn8ZILHfwq4eGBqLT83IjlCRXwKRITn0nSzWIGrYAvGgO1cDsyVlDFRqVQqlUqlUqlUKpVKpVKpVCqVSqVSqd7LhLX8XD3MFWWoMBJLEAkJQbOKlCvSHqvNkJmSa8+UqpI/ziXJ0aSQlV/EMELcQqSatalYE/DSsOxWMFXAKZkkAkWB3iQQt9I41zCvAk4ny7aZedfmaneiUJMI6Tn4cW5tY1NjDeEmEKqD7UWDE+wTMR4Q02OZacCQCAMwhzGmECloEwL1950qeW22sfvVfWPEGKaYPhD2QaYvCM5gydWYwNXYwKYr8B6MG3LfoHprwma7XW83J6uzk7Pjbb/pQx7GEdKKnEU7FzuCZ0yiCJji5QHj0DSQ1zPCNC3m88tXLt9z99MODy8dLhctfIZJQzC8IUqPcDCSIzMZTykoifxOnJOhYOQCKQdKzrCJUAdcE4FAEzMZ1ERsJnlnwAaa9CgWIIQcwcADhIA1aOJchD6IhrNyYCEwemIS4yhwukLAREKUrGyj/XkKuGLOzANmB5VZK1McxcODJzgRqOEIroBVDN49E4blyEgHrwVDICV0m8a83kYsx7ezWTOb0SUamBSbz7Ptto157ITWNInxFJyKERKstkPXMceDAUjc/4nyiMak29ir4Ad0r7liosNmF5UNTZrWBM25k1uHkJPinsIAjpV0oFRF+ezJ3rHvy2b1VoVOHj+dHb/ZCgtW4XP0LzI+wmRJnNJ2kNHbm8BUFgr/dsaax0w17qVSqVQqlUqlUqlUKpVKpVKpVCqVSqVSqZ4yYsMSQExMJKcKeBOJSGCDE8cEAeesSI05xDjECLhJoOQWBFUsW45QmI4rcRz1RfkskQvbgEA4+HGQoeM5WwfO0DrYCBgK0iQN5u44BE28cU3exRCegmgAVsjRqIMbatgyg+kHhBakQC75EaVV5/mSC4iT4snBn1s+k0V8gXpnaZxioEtbclyBEQagxoA1STdstv12dXaCSTrrbdf14zCm0boGw24KHWEaL7V+7hecKQ9W3m/ezhaX5geL5cHB8uDw8NLB4axtYfiSIVeCxHgNRWSQ78xUKi62I7Yy9eDdTaDJpLozrpCAiyRS1o94lOwErUxuIJZ8MNgeJ6FvBh1TyIWEYI01rh5hNyXSiO2KBLZMNh6c38PMj7W2cqix0o9kxKSj9DAUf5uCRVghX5CKAm8PWuXYeLwdcH7Jf8fRB3ldppBcSMnPZwAPWbcFxMX0w9Cdnq5OT/OUdn2/H69jzrmYlFnArdHcqqRObkAJFxhMRAh932+3fdfl1x7BHPTOcbZY+XAkSuQr2jIvtqxpS3ZBQNXAzUVpO/keLMRNaWGZneo9z4qdmsx2NHJnUeTRTn95NZRBsHdEEGzP3prSH7Z3trPqUSkvpu3pG+k+c9VkWgFMZBEFi+4mbLRTudfY8gt+BzmelogrD9/fvy44ka4IlUqlUqlUKpVKpVKpVCqVSqVSqVQqleopIMhKAGIkGLY5qeqJNkUDLAhZoVAx2kjtb4ypHyBJB6I+0OYE/DnIdgS5EIJOyoUCF8PFDMFwGoqzFJcD4EgDv30D8ToAl3hMZ+Af3JO3YGRMg9CJFwzFCQDhbCyVUMfuFzUqE1Okb+nvhLFcyJeYW9g00AcMsODZE9mHGH7thJZw7CITA4ylgVSUcei229V6tdmcbfo1xOjEkUwsHJwqEAvikdWgBiD+EfNnaAPjF8v5crE4mC8W8/ml5eHlS5fm8zl4bICxANjHWGwOJauUSm1KjIVU/UmFy0gS5OIsOWmAYw253aAzTYwyaMZKFg11HjsaTbS2GsaCG+HcOPSAke28n5nIh2mQqey945fhZGTtBTOCyJFLtK/ldA8cS/S6mRgPWx9fHGMSm+1w0Z3WkYcToh9PRCMXtF3Jq9k33nuwLwkmwE+M6zGcHp+crE66Ybhx88bx6enR0fHJ8VHXdf0A0MkjFNx3PySkI06fCj5C/Bfl5IRxGLZ9XkLj0LsyKOiAUhAhOQhmzgr3YQUpED8fWgqJMp8Mw1NEO9mKCik8gS10j4yoMzxX7MBSPFaSEQLsIqeT8hC5Q2YghtXZyW9euusPGhR6DxYAABAASURBVNVjrbOj38zL2DlbkqaMPAgSo4ccoJaEOCP0zETyOkHJKqQ8JsPIE6wjd6dkkUqlUqlUKpVKpVKpVCqVSqVSqVQqlUqlek8VhqUAdmJ3jRjAcITgCQYFuJDoIDQmDSOYLYxgcQK1ScysEa+RRBSAYVhA8mBcKU4nR2SGl4wa5xgu8cCQAGtCrifwlqJ2sCWIlxiAUcD+xDsOiwFjD8OBNgnCf5KjfBW8uDWUqEPNx/7S1/VrN4dCnNTBOoYbv18eJ5QgUQIMJ5TA5lQqt0iZ5Pp9HhGIIsL4oT4MQz90Xbfertbrs9XmbOh7ATOAxkjCFxhIDpJUFyr/Yr5F6/2snc1ns7vvuuvy4aXLB4fz2Ty/bdu2gcAjgmlS4/GS1EdEbKrJZm8QaDKnD6WCGRGFE4Fxyecao4hsWszEilRDYSvYAAkiBkmIN3IClDiAijDhRmxiLCftmNqJg+xPptHnj2zhXGQrOnow/0A5HxHSkQgtwaWHC1JOzmsYfF8K8oLcBbq1mECoELngxJCni/swnzeth9AfiEWyXRy6fhvG0IX+nVcfvH7z+sMPP/zAww/fPD4awmh90w1jItMda/thuChe584iQqb7UGaIjhjzXbfNi2gTxjEvZMgYgkypSIvGCi0gKwmXeyoOP2bPDcaKjZEBVsAxwWP5TjL7E03rZgcOkimrmrrfER7t82PwqHRy/RcOLr8UoDTVY6cQhqOrP88mRXtzJLhZqp4OkXm9tOdf81h5mahUKpVKpVKpVCqVSqVSqVQqlUqlUqlUqvdEgdEGggVgesBlaIrccMRgWPFHIHwh179DTF0PcTBx+mI8J5AYLjFHBDESl/+xqjmlukyeGLnaTcE6njw8POTpeIrUIfqkQf8JTM/hLbjBeXLNMJj8w/RCsrZYdnClPhEfQtvQq8MIfXKxqL8X2TCk2qOhOkHkDYCGGApqoVAWG0OIYx+6odt22+2w7fpNHrch9AEGPRB0AzBEZW8BnEpKnor/iHt4B6xJ1jz/LObL+eLypcuHy8P8AvgbcqqIiGDA/CVsSqRgHXIjIAwBQ1qcMdOc8kdcV450HtwYyOyEERxHhIcR35R6dJI4ytCCsWX9UBnbkfsKrw/cG7fgaScrklvNB0FJqRp/btL+flWOUcnl2fHoENcNzgJC3CRh22AMHQYawWpqmvzOD+O4HYeh32xW3abbHp+srt28fny22m63R6cnp6ers26z3m76MOa1aQCPaoY8Nr6B2R8TAFuzpjHS0l2w5nZK+8RJ5MWEvjVgk9N3EMOUgpvOWCidVNZ/zX8knniZDzNhIDgyXlgTGb79hro94mSnwWlnQcmF0UwlmsdKMZyd3vyvdz39FUb12Onk+q+luJbVk8ovethzvFZKlJMUCECJJbCpsCYFpCK+L8kqKuZCjwWSkky66ImsUqlUKpVKpVKpVCqVSqVSqVQqlUqlUqmedOU6NhEmBo1G2IHCCQ5RkjrEhSPG0I9jP/QhxbrGLyV/NrMwXN7Ha4jbAqiEnIBlSaIoniyILmF3E4pkQb8Tic6xTKjwSz4qkbEG1T/5kpaMQeBqVVCJiVbq/li9tMYK8JHuqHSZzJT4khi0YLgG30GBHfkAYFCgUgtkSRdT3Hbd2Wbddetu7LpxC3yPs2TSQVAPjaGl4aDEF+yPk3CT5Xx++dLlK1cuL+bz+WyOZifwO49AChEGHroaHeEqMTFiYthXRgwvIs2QGBNIjo1NzOOIqQHQKsw6xB1kglEhUzMrRvgF7/2UpsT8iwP0gKxcEPKgA9nTRQ62O4O8Yz+T6qq2ldQXS0YmVlYZe3BYAV/Y/gSbxCOInTRE5thIVXQ0p/EWjXVoEMHHwbij9dnV69ePT09uHN88Ojk5Oj5ZnZ2th24Yx4ADOoQRX4NpTPBNQCYmgTMMgkZoxdP4Jl+pKSur1N7TLtFhzf5dMU1eXii0rgKspxDD2Gd14ziSgw2fAccX58ykyM4xiX1+qMdEaxU2q6BhlkAuQVJk2CBvqEBhrvI42fP/4bWQ5IS7N1K8s9vqzuVXR7926e4P9X5uVI+FxmF19NAvQHoUzh55WQFuxik6vJDIAygGWN1EnFih0vhE8ijcFW+J9Dy8rawxj0xkWVqZ03uC2qKCJyqVSqVSqVQqlUqlUqlUKpVKpVKpVCrVk61c1cZvs7u2aSENxgHtgZ/YaBkyiGPE0rQf+1x+H/owMp+QS3+CGmDIjZmoBoOsR4yITzBNQR8hUgJmEDEMzngqiIOdCXAnmCvjPASHWPA+QWAFg3fIIgPTQJqExXa2AqFzVvwIFTDjnolGTNhEAmBK96e4FYIcnEvmXBqInbgHOJGNDq+PHif5LRT8u3EIMTjsTd9vt9v1MGxHIAW2m347jH2MY8pDjcAEEgBQ2sWhI0sSTHBxnKrTWLeYLefzReP95YPDy1cuHxwctM183s7A5YUomxRzKxzSEtiEiNBJRJCAa8Y4CLEYXViyZcFOUU0Z83MC5vcU6ASPcnhuK8YmDINQfZp/Ce5BdhlAeCThSwgQISKCACb00bGSVYS7JOoFA0lJImBwtIsxCXMolQ0DpA/lbnjnpF2ITIURJydEhE8sVNNTM2/zhI4RaZOsAIk0M98EGCDr2nYzDCer04ePbtw4On7wIdD11clJt6HEqFJ+x1kGN5SEfUyzljqYInEjMKe+4YGg2cxD2NjzlfRzYU22WqFMZuEfHIBoMFgpz9A4Dn3X5dUUQ3CckpTwPsJbOFnoI4E1tA5oxfLQGg41AmuXaGTYzBRzNBmZED7G9xZ+uru/9KOekPJeenTu1Y4eiS+4hVJ//PBP3fPMTzeqx0LX3/Xj+alVeR7JB4w94c0Zi0XSFFGWiGfCDCo6ghY9vawvwa5EdzDf1t7xoiAOrjT53VxMKpVKpVKpVCqVSqVSqVQqlUqlUqlUKpXqMZOjqjNxDE78Kih/xBgsz+cqowspxBj7MQwhUJ4GoBMogE8ce47QFmvtTvSCIUsPwVMAaQDmAMJzwNrEe+JKwMsEfjukLgBDsciZOGoWvM2FfDQ4wc1SqiwVS2IkLIV8YC6JYesHip8RtxMwFRHCQSKBLCeTWPJMcVXXUn0Z7HjiWj67cUDfvBnTuOkxAKXb9t1mHLqYwhjDGEawWgEHGB+hVkvFUsjQQdCD7URiPkmMvp0tZvPlYnGwvHTXlcvL5XLRtPP5AjEXxHUAMfHkPuOsYdsLRm5o0iRSJzGPYg1bWQhVEiVVxxB2Ql1J3KfJj6MMja2sLkqKjiMciExTaAk52c2KAQbukMxkSyIuK+yOgZ8Kw2LQKcTwVPHaKWEextHLvP7yWQPn7CB9EU1eS+g+Ao3LQwyLFkeqnc/y6unGoe/7YezWm81mvV1tNzePjh+89vDRycnJdr1ar7d9vxm6EMA6Bv1znBFrEsSpiDgx5OtB9h6RfHUEhJKbCdAOirBpzKOTuINw1FE0RALFEMZh2EJIU24fgT3lGFvxHrQCEmMBRlx0TBWAUvAh8A1K2N4kG3fsTIQykYl3fLkK7eJ77AnUZvXGkxvPuHLPRxrV7083H/rF9fEbKrTL8MqJxdsKgKdIK5zel2AdXnLO3C7fJj0BPIgCJyqVSqVSqVQqlUqlUqlUKpVKpVKpVCrVU0Gz2azBUj06aABywQYn6KERIgQu5AL/mEvf4ziEMcRA7hW1S0P9TXVb/0lT7EYpbBOTwHk+zjYQR5KvTXE6yG8gZdLAb08WFQSmkCGKoyyI6nKWqJYkbh+Gq+GCnJjzDhNk8CBfxZfaOn0y9ShZ8e2Qw6gKm0uzIUJ9Fpqba7N912/R0aSjn6GP44hAQozEgkj1Hy8a2fgFiRroLCQLubZtczevXL586eBwuVi2TbtcLJaLuQcWqKFRBJwBYIRAnY0xsYkMNTxGGhFhShC9MJLAY4q1SaS/1H0iP4QqkAgenipgfZKEqWADHFuL4H/ky2KYJknEKpX1QHOX9mrDBVXCP8Eyd2JlK/qWTGCKMZz1lD/AMKPkoP88hZy5lM/gfRgGitgJCH5EZ0+GfnN2drbdUlbOzZPj68dH+b/VZp3XcxfGfhzGiHlCxgaCroA5yWvfO8ueI5HJEidICOEyCLugLYjwMezr4hi4ss1OUf72eEbBQngFB5rH3Lah74c+ryggYvJHjpNwUhkvjECJRoiT81cSP5rEEwLrjvxLiN+indjRhMaV4a0KQ6lsLZzc0vsXSo8/g3J64xfa2dOXl55vVO+u1idvObr6M3SHWyHeynMPPH7I9CgScZiK648ssKLbUB+P60pQ2kSlUqlUKpVKpVKpVCqVSqVSqVQqlUqlegpp1jSOCBCEQUZJWAlDGrHcmMvzMURw7Mh/0D4hYSpKJB7DCJMh4MBUl9zFDayJDi1O0LkEkQWbvEPqwvrWuRZdMWAL+IbYxnoGChCHceiDAjgB0Q9UBSfCBDND0Bgi0lUTh8CYlC6oUFKSSzSThcdeKAgX3wGwAP+Sgq4EOL+NdoTAkwDWL3lMhnHcbLebbt11WxgnE6hua6kdhtNK6OSYWWOpgJv/a5p21s7m8/lyuTw4OFzM5gsATRZ5UvIhDdIogNsw6iBmJehNQtVgY9DvxJBDC4WeOKgcx2CYzomUc0SUCR4dpiQdMSYpZiRJ4nTY/gUnjLxPkFbACaMcIOArBCGJUZJYKM2FvT8S8zzMAO2HsuShALZpgk4QfgDeSOYCAQly1pGmGgCSgBGJGL0EfIjzXYhmNsvtXG+660c3z7rtQ9euXjs5unFyvFqfnYCXybbPs+UAagmRrEQMjhH2jqx6LLIm8KkL4skSeckUvxay8WHYqQKV3NQr3HanTicSEVVWZ8S4I47VGQeATgJATIT8yGqUm22ayrRzHjErQYyG0o0mm5PazsSUiCzGEFIxOLmgsY/obzKtqsdF6ebV/9zMXt3OnmZUj1799sa1+18D4VPWCpbHXibG1OtJ7JKQsDPlsZ6MueXamPS4zf7UAH73xHrtqFQqlUqlUqlUKpVKpVKpVCqVSqVSqVSq80LLD1f7loC9AsboBExeGSJQJ0B2UB6H8bncH6rjrUR5cLkZtqbyzXljKrIDTTKAEXAe0IU4+gR5Oi3k5kDlGwAUwE1sgzt4LIJj4I5F7oQL+84UkqGU2tHtgcAGMf7g6+/Ej+zWQ9mPw0xcSDkbghTJptx3+J1CQJIDrU3GIfRd3w+ofgCYYRyH/JNr8tg/vlwJmkHzDiBHfO4WdBPom7wn0Saz+fzSweGlS4dN2+Ydct+xp7gz+bEAh0AYAv4LETmhaBBeiciiTCAB+ICQ7UVgFCHCFEZK0qE+TgxHCVdipCMCtALtcxSr4iyjOdgUQ7gJO2eYyv7CTbXgxDE6MqqTj4kx1TG8yZkCQUDT4NyJKQhqAhhvRESdABDxNlgz5E7n1dE2uT19GPMUPPTwtZPT04evXXvggQev3ry+6bfJN+tuc9aVZfuQAAAQAElEQVR3ELoDYFUTnc9r2EUXwS2loBVoXYMONnmWExBRbSqLBgkTMnEh3AOxmERjYUxtoGN3VpU1dwqd4KWi3EeEm4Q4jpCrkxdZB8SJwxZgnBLOOM3NRKu4CSAwU8vhXpXsI24r3E002F72Q65n8repHDBoTUzsmJvaa3aidi7o1BTu8xgrxf76Az/4Ps/5Au/nRvVoFML26r3fE+O2bCG4BF/RA6aY5QBughlSBp2IqoSmCbmKt7mWQIGPLRRi5Zk9tUOlUqlUKpVKpVKpVCqVSqVSqVQqlUqlUj254nqzFWMOrKyHEPphiFD8jgManHjvjUSoQBm6FBMpzKUqBdpCNXCWDufXeMZKgDxpKOPDNw3wAH6WXwFfYcjjBBETeOENh340GFriEiXpwD87lclNqdZLn6oKKXljJF8bbBS/B96LyqO2JLxg+AwaTQCoYSMSJ2D0ApYvxgwwNl0H2EkfcB+qhfqWS6IxsYkKQxZ8HTAtmTe+bdqsGf45PLy0XC5nc9iQhTiOa7yXs0DahYWQHsBGINoIi8JIZERqOJtiUBuIEXAER0A4Rghku1IiM5gEIMMVUonIwdXAHibWsdmLMCnWVGxKwQnYDMTUlh+WMYckwE+yEnEkliqmmgqOL6KsHPDRgKQP6xP5iVCujcVV512wbrQmWHO0Wt88Pb5xdHRyuoK8nNOT/CrPyrbrhmFE/xzfd9s8BL2FUB5AaIiZ4hNKGyMMY2MdNSt3PjLA4yqYJCG8UfpneaQmUIb+iDuLDGczLcXSXXNevAemmSQu/JPHCXSmzy9lJAgIsFU5nyEVU6fqpOpSAnqZaf5sYbZwWku8Dm8X/oyGnvEZvHhlLxHpMjthK3WMlnmcFYabD739Xz3tmZ+5PHyuUd2ZNqu3X33HfzBpsBOuF01BTEryVhSPE0znKtOaHwq7BMnFOEk9+7fHkh697B1tUqlUKpVKpVKpVCqVSqVSqVQqlUqlUqlUT7AqSxJ094gQ59H3wziUoiFab7AhSKz8QkpZfqfUiMX7lGwx0vBELiRD5iW5rN14YE18TBiyA7YRHmv/Fh1NaB/ObwEPCGAvHIEA6KhCQIOT77tTnV7q3kyPRHQ+MVXfDO/OmzgUKJ/NWSzmc2hJAicRzBRKI/wygN2EMG7HbhiBMhnCkK8XIG9olPweTOxxVY2VoA0oywcgIEBu5v0c0nRmy/n88PBwDlk6C8BPGk98RwM2G4jlAHuRrzmMYczv0HMmYEUY5ytSIg3yN5DmwzkYFj1I8lvce6T8HQzTCQIQGFvsLLwErdAHhJc4vDI6eRh2MzHUIp5l3DnVeI8tIwzTgqMvyTTIYpS6dSLcheKZgMABwxcDOUSQeYPbTUADEjdrQ14bebgWy7ylG/rBxLPN+t773vmWe99+9ca1dd+t+3693XQj5ByNeTYSEzS56WDwMgwx9ylfwreATgksRbATGeNwn2lYmJxygllULJJ0MtlqAZWMnZ1VVS2zlBpzJwV3uTZTUzCZMHthGEIY8gxayv7BZW53WltfbM9SwhaiSCxoHL+1NXFiiyNNOWhitcpdnWThpJ0klj225N1mTe4ES7joWsONB3/grme88tJdLzeqR9LRw6+7+cBPWidImCnjztYmSIMVACVysA7K7Z+Mbwlb2+HUH5cF9hhLTihMoZUoK5VKpVKpVCqVSqVSqVQqlUqlUqlUKpVK9eQKImMiGEEMYy7vd9uhz4X8XNIL+KV3j6YVVjwR3F6FfRfsoJgXizEzjJxg/RG4E2cgOAb9LhpM9wBLD3QxwR98Q9CJK3kfRpgIQwcSFOCKtwmZLiBxUlojPiPFg4NL58gZWHJz4PCWBOkuyYxsTILESTRhjD38xRL9dtN3w3bbb/LgxBSCJbCFC54EmkSMZwG2wVZmGBbKta5p5/PZcnHQNq7xzcFisVzMl4vlwXI5m83AH8WB8YZL3FAgJOAKYG0yDkMMYz41JV+Qg4plqxl2BjF4MKYQNWBRM2b14PYBuAL1E8gTdi8xbF1Cx09CsxNLsTmmYhbsZHBiJGfGCGhjC7ljqSmGQCCGM4LhjXiCZMvOHmxtvM+j5oxr523eNOQhz38a4G+Ss0D5+LTebm8+fPX60fXrx8dXb1y/eu3hGzeP1kOXvMv9GWMcYxoTW5REJ5wP0hEGfRkSLtqEIA40ghx2Cl7Evh5kwJLslJ5jqel2Z2njEtphqy7mJRjJgEV+Z0LURMJxqNAP1NBINiyAyETqCzmeVIY+woAUr6Gy2uWP44wivg3FjEU8TripmOXE/BHetWaH03LCJRCQYHFtPYYOFs68W8rDcXLtp8b+4StP/0SI5VJdpLySHr7vB9bHb8AlvkuHGA4kI54oBXjoWHyYWnzHFB8bopw79A70WJudnDu/UalUKpVKpVKpVCqVSqVSqVQqlUqlUqlUT7IC+mYEjFYY+mE7jCPCExynwBSJLS4PXHoueIcYP9B2rlqTo4VADGRSAsExWOSn6JwGPRg8QCfAnXD4DkIYYEaBph0W4AH2xygFRpvo8ilNBfcJacA9GBvY+8o9B8VwwEsC0xYmB9hqAkYjonNG6MdxjJiq0223fejGcQhQtSVcgU6SKJcGeQA0CHCEv6CHR+6XN75pZm1zsFweLg9ns3Y5Xyzmi3l+BXugjwuWex2DB7nKGxzn+wQgDSAcJ6RSHEYjDsdNBkwh4j7ogBIM5mIE0Gi49xEGFPubTKSUGYB9LA0FcifO2cnnwvD8FOKEx3O/tMv4jtgmJFokMvipeOdAoA3iQ/myrk14ufwadgDGCDiY3HuEQhrog3XroX/4xrWj1erh69fe9dADJ2erMYarN6/n+QjG5KnpkcYBwsaaCLiNLYhRsMQm8QYmkmC9VD3EoBxpMlIkvHSSFNbJL8UW8xaza24yOYM8kvahkwsL9QgssR8MTTymOI3UeGwirm8iTmyhfmgRGMpbkmniAr/QRkAiTZ4lxJQU2xIeEGeEPxJ0yHJiFffbCnkAg1Uul/j2f/K1PvmtbnPfpbs/6uDyBxWqRmUQFlnd/O3jh1/bb6+zZU/as+bhNSeJYuCJhI+RKMsxoO/RNNEVRLKTuFTtwPlnvHrE8Mk89t0zKpVKpVKpVCqVSqVSqVQqlUqlUqlUKpXqqaAOfDEC5NNgwXvMZUesV2MkiVQpS7IHGICIpwgTKPhPnCOM2GRwQgdgJQKBROM84A6NM97h9pQAQLGIIWCxEuJQkIOQQJeJYjHckESUCL0uHIrsuuPTYcTgQV5EsUJBQxOwv4AzRXwLtAnkmgx5PPo+jwqAJhFgDii2I4QAmAf7YnAeRUTTh8iZPni23PR25meNn7XNEmxNIEnn8OCwaZoZ/LSNkxHj7JZEGExIGN1D/gIR83O4g9EU1w2CJbCvEfN/0A0lgOtH/sEpgYgeyiyyFJeTxCAFj3MUwiPjg1CI4xydMnXOmgvzMUpNHwEPCiWiJI4QkC9JZcYSOrEY4lq8tx68bAy+hiED1qZNzm36fpW1WV+9du3Ba9durk7eefWBk/WmG7o8AVAFNwH5krx4muBd7mXurVh1lDQcWiQ2lQVpZAEmWlnJ8jKLbFKDfi/SVmOmzCCHS3W/wwbbYMwFxEnaLYA72Xg7p5NShselF4l5gSWY57PrUoBeUjPxU74DCLeaSCkmUqZmycp3Ep1TZpqm03GqkjBaZJdj2fKFHI3q/vGgUGvRDOnx0LtvV0GtjePJ8cM/vjr6lUtP+5iDSy+5aOH+t6W8lM6O33B89Rf6DnETuFVi9TnBR8Lswb044gIcATph8yj+SHKnLhzSPYSFNtmLP1CpVCqVSqVSqVQqlUqlUqlUKpVKpVKpVO+l2vQD2HhgqTGKrwmmuSRmKfA31Z0pmyQa9jsongiT3QQXvsU7QSreZG3SQHIO1LcbgUs8IhJUAucXFqkINiupiBO8JPt8CHEifhwO/nPF3+HC31S7tyVQIoJzxpiAl8Akm9D3Yz/E0HfbPr8byS+Ex4O+4Q+khAMiwSEGgoMGSSMeIQ+w8/B+Np8v5ovFbHa4XMILMDdZzNsZ+2xYIFWEFWB8B7ONIjAu0BQYXceWHQyYsOkG+7qk3DZLbigYiJE3JANxSOAQ4xvvvUwJjCTNE5qv5Fbnv17mh2xCKHfGVoOJR7jKM6IkKE2DiaCMnT6sTuVsA4Y1HF4DPz6hqY2btcGaESiL1I3jen368PVrb3nrW9/5wAPHq5Pj1emm247WhtyYtsVe5Zq3HWPIp4fMoWGwECLUNrNZCMnI+BDmwrFBSN2kKTcGICCDAAzuG6R/Ys2D8miQYRk+McZMVfNod6COC7XvfZL45Ayd7B044SaJ+4A2E3kuR8hG6ru8FtlbAsGSMuiRU40MmN+w4Ukq4BUX+wtMhB4nll1PHDdLVoPMJu3MjJeAW6VPvEpl1fGlHlvXCnFMeURM5JE5knE4vvnQjx1f+7n5wfOWhy9YHLy/c635b0kxDtv1fd3Z29Ynbw3jKvIjjJ7drtzbZj8frcyv2OrU82ztPjmS6NEQbzcn8oxQqVQqlUqlUqlUKpVKpVKpVCqVSqVSqVTv9RqGfgwBv9QONXmLtWmOTakyU4ykvJAnCm0mCsQWFbsFMDLxlIzjwVwBitoYo0MVbt9gfk5D70zBU3ZL9wbTU6ZS6Y7Kzuzf4ZAuqOrpVF6XKB2QdwjMgA9AQr+M0A1dCON22Hb9Ntf7IVgH7F5GkyKhFdw6UBR3iOQte8A44AASdKRt6MWlw8Mrd12ZzZfL2ezS8qBpmryRQA8M58G8CjS3gPFGrxRwVwGxtYDlym9EkMKiFYaV2JUxwJ8U+p6xj9wYGlLH2AQ2OGGqDuAfzju23oA9oC3WFkeaRJ+QqwwjRWDokUr4SjX71lZBK8VAJXFSj8PBz1doHJjYwJwDmANbPIbp5OFz127evHl8fHK2vnF09NDDVx988MGbq9PtMKLricvjGxaLaM2Y++vyb9iYmxyTnznbolsJ4jouwjxEYXEcNdYnnzhUh60WooxIwpwox4AKO/XQSsAZdWG3er5fSy/Qk9lXlbYzHZQcL7tmyh+xNWhSYRvEnQBHFMIwoGtNPLfaLS1ZGEW89XAmMH5JDHAs+5oIOWSnu8HKZLKtTapoMF7cxXTH7rWVQQRTm5ykx8JGZAJ76ns+7dM7pr7zS4gQQSrnngvsbZPierv6nfxjTTM/fO5s8UzvD50/cP6Sbw68X5r3FoWwDeM6jGdhXOUXw/bB7uzt+SbKDxeA6RJxWbjCnIxamlyqEt5NRug3fKpL1I4sS8z/sjuYFB2Oqh7BU6uSKSlOkz+TKZv2X5ctF8ju7pUu3Eu5FpVKpVKpVCqVSqVSqVQqlUqlUqlUKpXqydYYweYkplLHxZAUK5gJQRuJOIup8M71R0k2MWYqfxMD4TjuBuI8MFLHN5aphwYidTyYk6TkKIAFUz8coB4u1zhtjJa/Yh+p9ClAqKjKBgAAEABJREFUBAMPtrooGpwYDnahcjQSGOLVUGIlcncoRGfsMUInd3w7bMheYgDiBDw4qJdUoU/oKZGbGqeUITghfApZMc4BUmJnTbtYLJYHS3Q4WSwXy7Zt4UPfIlPjcDRsDJRcYU0cYbxD/m9MaHMSEUBhwxErxhopUdROjCbvPSCTAIEzuBHiayCuBrmYfCkATAgVQhrGuQoF8smV145ruTS+fMDkkAHtwHSjRFlB3BQLNIz3cYz5opH8b4RYgEikpgWix7mQ9/aNaTwG67g8rOvt5vTs7Or1a9du3nzngw/dPD5ed9uzbdePI4Q65d2axoD9CeQYpTzUNiF2AdwJABawLt2ICTNUzxbWgGCJYoVjE1IWlJODGTREyliuqVtxZqlK17eODdkpZaeLLBtqIIeXWn0mXImNPRczIrYTuCliuhLeVZirEzBSZ+8afPsxX5IcQ0kA0gRrdgr+lq1KHI3OxHZM8Tr8Q9xJElxGzuGnxjPQwpARt8PeESvwiCoeRbf+tAAN8aJr2Rpb4U00Ttx8mouxO3trv36rBS8jdKyJcK+XVJmSnWRdNSx06eT5pNYVnIWeNrjy5R61e/NrzV6n0q1Yibq/6bx5jKuNhmgg0sgf2cbwpFA8GEV8sbEQrCU0bipmP5ZXHYbmWL7jmQkxgj2ZnXaipxK7/yQhfCjmic5Zjdvupqrf9XZrzbkZvPiAR6t3cwmqVCqVSqVSqVQqlUqlUqlUKpVKpVKpVKrHTgHcN6i4ykk1ZOmBaRpcNt/J2ZDypK2dFHgDgQ2cc+PY18RhsI7xwJ0wdOJoJ7DkcOR2QkVWl8hSg+vkJhVjhVgF+nAJkywcSqjOTv1dmBQqlaKpRYhj6Pt+22223brruyF2WPkP+QcIEMIYEls+JLkioS4Am0S0GUkx96FJLbAm8/nh4cFyuVws4MV8NkdwZEI88PCERhHAu+S/MNxYJoaTJfY3oQ7SGzt5SgQM2wmhh2PwzYA7W+BdIJUIyB5wUXE4YHRFD+0l0AXNSyh2iCxNIBhoMjqxFZnAJiFU/PXIbOyUgWGGwODFJyrQA5WSJw+yblzbRjzAtTPXwNvt0G82m/vuf+cDDz/80NWrN4+Pb56crrabEXCbNCJJAhxMi7E7WMWPjjJxcALAzMORlYyZUAojQA6vFJ5mwwdWs2+NTGFZl8hQEEixA2nsLuALFCeeYK/AvV9H3x0v+KQBWxX6LO2n4cCqw4VgkYXAlRBLc/kCye7QKnHKQEmpwBlG4Jo9mqbqJcyZY4MTU6Kv+Ibl3zXGEVPdYPOY5ulcKLkCcQ71J+7cnmkaH9xw/mTyIhq2a2F3I3gWsIeHtTsrhm2C6HfFYAm+AkY5QqjI03H3oo8j/MAPvoIr8aIqPFCy7BVVHYCmSQYfwfhBnExJKEGNR4WeP+RxAmRT5Oiv+qFu3l0k5Pc7Jsk+NvuoVCqVSqVSqVQqlUqlUqlUKpVKpVKpVKrHW1yDNliadpTUQeW8JOkK9vwhjl1MHB3Hrhq8HTZ4JCOa/Nu4huESZCWIg7AAGngnF6dMB0smJWhQgsYcCTwdpm/MJyQqPJoNSM3cFF8WRiUgfCVKdAQYZ0CaTRi327Nuu9l2mzEMYxhDCoi3RDoKaQoLngg8ABQ5A6wKgjQYC2Ra7/1iOcs6OFgeHBxcOjxsZ2B40jZt4x2G7Bj2XIlg/DFi8RezYaJjrCVK9gU0TUY213xzq+M4jsSaIJcC1gxTigX6mTTo7IJUCY488TvJoVMKVuRxaA27zWBn6DeZgVS6YBlAlT1SuZ3yewzMElwid6NdzvOpvG/ycPqmiQiBpKaxvsnDd7rt1uuza0dH99537/3vfNe14+PVZr3t+zGPYITIomQRELEu8swBayRAjJAHQK+Q44YtliBkqQBxQLZACK4EwojvyUWreu/3nRXCS4ZIKlyD5aQSd27Pvap3PbAN75R2A3WShJvg3MdIXjdh2qegJlZ4JwGfKJbJ7JyQnV7wl5PWsosJ5+yItUnhwtjUg+bAunpkiGMwTwJxUkFD53a58Lg9uuYWJyeMiUKsAvsYJfF1MjWvIThb4SxSAcfQ4+Rcms8TqXMZN9gIXtXYUApfAleXkZOKZJ5NIZnY3ESoFMFNEMkCCo7drAgs2+FddjCuJ0HFeEcpE5VKpVKpVCqVSqVSqVQqlUqlUqlUKpXqKSYmNox8qX2yEjA78SDWih8G12Jdqa9j6dMRmUHIA75ALw7vrfWGmA2qcAtxADukUvJFnkSq60aK83DFZM1ESTCiwvkxZN5Bbigxn4+dDYDpCAG/tR8SkBsDarU+Cf0wpgHO4METJEnoikSNpIpiKVALJOm0beO9n8/mi+VycTBfzCFJp21aj9QMBlxQRBEHX2DlFhgArHRHgk7IbCSmsSIHEpV2wzgOfR/CkF8ghBC9Y9+HXBhGfgReO28Z2LGMB4mximNfGmvIR4ZSiOi9dEeyjJDoqZZARHeashjKlBvK0AFnlaYJxjSLBTQR2SHbNPmwfhyPT05uHB9fOzq5/8EHHr5x48bJyabrhhC6CDFCsG/bJmB3sL7NYTXc5slfg6GTGjwo6zCVJUjthuid0nSqr9+iGl0sKeyjLFVXmUw8Q1a2W2FjjJmWykWXnmJQTP2CGwUOJ/AOsKJhiCOYnZRT0VJPVZhVJLeOGE2qBqlgV/LGlEbxa1ftc444MbbCTezUSKESzBMqoSPOkz3WXNSYC5pXIIxCVxhhdQIsQKDAHNz4E4wh15W1aOslKAwKb3O7rX0ixocfhiac315uD2whPkQwWCf/M2VqK7LGTG5VNLlRzoRYHkBQVY5UWfLchul/Ck/4wri1FEBRqVQqlUqlUqlUKpVKpVKpVCqVSqVSqZ4asoRfnNtoynfd0YACoAWwqwC2wyU2OzGEJaCpiUWoAV4zFOHICoWqvECZcKnbSnAPf5HeGCP4h9Af5LdhyKaBfD3ymY2n7B6IlSlIQXKOmgl15THXXAHcGIZxDHEIKb/qur4bwUJkNGjlQSV9gC3YrCJZKW2zJwgCEt478jWZt3PETOaHWQeHuR1AoDg/VX6JMeGiNB4NJw7UKhnMIK4LgSq9NLzbDSi3MNfEqYiazzxrW9+AgQpfgoeZ7EtgI4+I5dExrnjNMFtAJWMwZzGMd8DRhGuwX8hEvRh0k3EY6FKME8hHBVJ1fJs8NMYdLA4ayNA5Oj2976GH7n/Xu65dv3Hj9OR0tb65Wh2frbsxpjzn3ttmHnwCc4kUJdTHkbNLJA+JitiQDc6wtY5lhiRNOIRU+W3Nl6SqMn6hJiAFB81OZ3skndurtnqwpkIk+O8FtfiGAJE4WYZMMARSJhCxEwbmjKR7cc/Ag0idvIWSohLFo9C9Z5gkoTEBw5nSfot3qLBJbNUCt0pbNRe9gShGa2J70hPmcSIXREcWaI0vzZcRiPzwAaaM+kUgyEXEiWGqwnBOE7wH8klMYmLE+wiToXDQcAjhHitoRiGvuCXkscNLkwfEEXjxaDmmRyU8f5InMNuWpLS3MILc7dS/AG4uYQppstOIFYQIzJ2sPKIwXidS2pcp2UN8PC+AkgeFD3BTVsuTIp7iiRd6KhEwKpVKpVKpVCqVSqVSqVQqlUqlUqlUKtV/qyKjDkNlzbIV67RWCpbkcGIpgwYhE6rGerHIaCA3xxPz4BE7aQBAwWAdw3iKQw8DeuHpdTFLoWwckyiABsuJjRwFbikeOQ+OiwFnjmgcmyJgJRbKpSGMfS7hD30/dP3QdyO4coDrSS48h2GMAbGYfHqosAr3YBMDIOSzkgC8wE9ns+bS4aWDg8P833w+m+Wftpm1s6ZpiQrghAoOn4jCyWCB2OHHaEuRr4bjYqPF9IsItithCLlNVAzfbAE7yR8CxoKgSdM02FQ4GJJzIIalkDl5VhJmFDknoIlDuiB5DtyhXR27PpTsFGcn4waKT4o0Gob9UBjniIAVgaEKMD6NzxcLMDEuJnft2vVt32/78Tff8NvXbty4fvPGydm668dc/B5yG30T3SwfAmOBdi3oedM4dGHJb2m6PEEzkPWDl5wcNxiDwLVIK5CdTaKhCjz8SlXuh7GP4DdR4kHobTR3anmSzt0j/MIw92J3PyrQiZ1MNEzDAMRkaEP1fjDfiQHoKFgziCBNFh1TuI90gDcwpGTE5QJ+O2eL/Y9zVXPFT6jcTbY4s8jZdy09UrEXSsUuKJ3v/+OjvZPbihWqWiCkUWnPeeAgEW6CNAW+59fE61hrC7xV+ZoU4mSCeIoB0m7b6haYi9GL3SbdIZpyfngTxoNNfeTAsXLaJNRLYloPoRN6kNlpTew0JZmJJUKQJ2GMVz5uhNVF91sqy4+XotxoTxW8I9V3X+XKpVKpVCqVSqVSqVQqlUqlUqlUKpVKpVKpnixNbhGl0jolMBjDNWmBFxhoYJsK9DUh0AQTXbBk2zg0OEHugTgUeuENoydU8aT9SyOMnN/SeQyEupB/Sv7TNkyMWKwhGxsRvECOAyqnYQg9CE1N+nEYwzCMQ/4g2UCndx5CKrCSGqli6yH5x0IMTxwNvm28n81ni3nWop23hwfLxWI5n82aFlpiCCFJA3QOxwwpGGYkkGJJBEQAAgDRQSY3hHAJyPsZoX0DtG8bcgPJkgD7vVwuHLqYcEWcnUgMG44AXWBldC1vxKgcHq8iojaMkYm0Mqg8e2RhIqFCcAYPjjGcfoTGAYD7uAb4muTsEEOfzLUbN24eH984Wb3roasPX792ulqt+jzOPWAz1kXnonEB3G1atJIgysi0RDFF6khyxpOnSiFFSjsN+0pUFXHwB2EMKrE7hSnjvFf8rj56DJT2XmMrb1dwFwLE1PAALoRG/EvKjWVjGsGQYsy/4YecJirQpCJOKvJD4JXdrhMeIdZBtlo0hu6s4nrDZie2qtAnsrsRmIwhn8JqlPu/4B2PX3X/3JlvRxLV++4eiByVncieMnSAPwUwNcKoL8JwnFAsTqghIwPiJsel4n3CdiznsJe9hl+cAWQfZffpTAW8mQaDlgE2KTFcYulxHZE4QQ+lC84vhj9MljAIxRFfuBxhxBB+MjuD+YSZ3dxa1dgIflNMhvLdlBQ5UalUKpVKpVKpVCqVSqVSqVQqlUqlUqmeCnKmVJaxxlqVGinHwknxVbxGAFMgGxJGTyhJBzkHb00jlW+qiAOAkgDRcByZkywhGjtl9kjVffjIkZeHRSwkXyu6iaqIQHCQfUGI4zj0fTeMw9B32x4MTsYwQKaLCWBngpBKYruWSNVoK9hDTCO2P/jGtm17sAQdHB5cvnLpYHGABAh0k8iBlEYu10rOiyMTErAhoZiHRBQNcRbQRwfGKeM4bnMTN/Arvx66AdodwWUEKBdAdLhznJSTDKXqYJAONBCTb8DuhWeERtw52p+PMsWKg4EgcF9J1XtOEbFs+eBx0tCOJo9P7lt+jUYpDkJamnYdwkMPPnT/Aw/cODl94OrVq00tO2UAABAASURBVNevr842fUxDyINvRwu9tdAk+Ek0sWhhA241OFEu1VEglGAELi3YCvDJgRQdLrhLfhDHo0ieiJEUJvyTUm3TIQDAHZfF74SaSGbyUKkK8NKTdDuAoD4/3U4NlPlpYyT/kIil/2BiQE4gYr5JMju1c+YCLPfNQYpKIWuqOB9cB34/YQSZJTOZnXh2N5m4k8mRBW1BeFlUdiwhVdk66Ykwk9gjM6KtDEhKt6yN0xtz65lPkmdkYqrAHes4C4yfS/gQM+Thwc4gjgOmMFpmt9du4uIYi0rm8RqVuGN5IwYnzAPhC2yyrJmIPY1jwmdK4QaLb0vao5eILSLEBJ6U467HCYse+LQSZTpkTOwtnWbeTVEa0nn0yFywpUZ/8kMsGpVKpVKpVCqVSqVSqVQqlUqlUqlUKpVK9RRRkswI8nYIVOalCh+xJs5wpk0d7gI4BBa/PRkJQOaOd2Kj0ECxGxmUxKhHPqk3SFLEWKISsPItIT4WzwjECUTMeJeAi4A4FksxEsmOIQzbbgxjj2E6YHAyjiOERaQxpoBoRUT+I0VyiKD6OhIkqSANxs7n81m7mM3m88X84HB5eHB4uFw2LSTC5PNAZRbdEwxXm/nAJDktaOBBpViEQ/KgRdOgJUoMuV3DZrNZr9fb9XboekjbweHiAB1AThr2K6gK3AlRFaJDKE+IHFlsYVMEOUDUxGGsihU4yFGROFFRHNETTi4STiGfNO8YrFzZe9qSB2oAPmZ74/jsnQ888MCDD9w8OTk+PT3bbiFBJ5HdSkNUSkRjlmQw5YhtIDybpUjFO1n20LGAEdAKS1HymRI55uySGtANzBIS/iFVO+N5DCUgTWEjFRriLljUQqlc/OnFglSkneyZ+jN54afrnt/LULObwqqQrQTaSWCgSWRrCrYzOVdwZ1MLtLCwad/kRAbN8i1rrSm0gcz0VKEXNMlUwAq7yXCQTclwEYOTJ9rg4sIxLCRKIojK3JJ9qZiVVBKVuBN4v08ER6KpvcXsltVkp8G8eAc5+HEdqIsdfaqm0brIXRzFy0R2EY+bigtJ8uyjlUhvAy7MPeLEmuLts2suQgTSYw4h3eZ06dxu9VpR4kSlUqlUKpVKpVKpVCqVSqVSqVQqlUqleoqIC9RUiZbSdBL/BWfZFYCoB882JE4cNyCgxVtO2DGcoQOnIpcFT6hK/ogtQwiEwHq3peAYi0QIQBSNM/m3h7QWSm6xTePRvSHvDkk4IQzjOPb9dtt1+S/E6AzgHSJJLDG/iKXEbBOV+F3j2qbJ12y8o4vOmrZt/OUrlw8vHSyXCyBmvG9b3zTY0BQKnsKnwqouZ9cwRxAwoAL8VDx2nJCCoQ9d152dnW3Wmz43chghcgY5GkfuJZgaxCgJj67lPA/LUAYNO5udsAlDlZGSyFtkqv9Sxo9j4sQQmxGTjWiWkmDCmjwzkc7l0fqkaYI1eRDPVuvVen395tEDDz144+jkwatX8xB3aMySD4f5mC3yH8g0gst6xlnKQKBRTknwobIwxnOYAouInY3wDomdTUr9fAoTsftZNolMcWj003lA4ZEr4I+uSl4X1S23KYnNRdUqYyo3jsT+D7bereHmJ3SdwfUURli+cRxTpHp/MnaHOLnIl4I/EIMPK5e2HPoCq8gbdmepVkkhTgpoYgyjX3Aih9Pg0g54wkNQKITHnDC4hdJFw5t2SYPbH17SZ+A+pFCdPMIhQOLMDkRiy6zRQ8/x2OJNV864A4JNY/PEjAZftn5jC8NF/A1AexHbFo0EhqXJmcZOJxGUqD4lAieUOhST2eWZErldhR2UxzyxXT8vO/0t0KBKpVKpVCqVSqVSqVQqlUqlUqlUKpVKpXoqqNibJCnwWk5HQYsRIksIJQELEuvFc4PidTzF61B8BQIkTB8kx4kiACsksikxfIVI/iDJBHDPwNydBlgTC8wHwCdgouFcAjLDjTHkOn0MAWiToR+6oe+GXLvvyS0Cv64fkXcp1dNEOATwFlhBbRrfgn+JuXzpcLFc+MbPZm3bulk7m8/bdtZC4ASSHMCv8DmgcM1DNEU6JLb84PSJgCVgA00bh6Hruu02t+7s7KzrcvPg4o1v8lXA1gQREioKOyBpEGUongQ0wHja4iPjvWcDC2eLfQUeaHYcBxwbhJBzDAUURYtwTR5U37SzmfWtcy2ZxgxhWK3Xm7Pt9ZOje+9/50M3rp9t1ser1enqdIS4IJzwvPOsGaMZQ2hmMzCjibkZPjGlUIAHHnP2fmFYAfmQOgGH6vziqCBBJzu14ySJMnFCCPY+nJxLhHmZxuBCOuLdCgDBu4EBDzYcmVAs6XCyhbvh3+zywqEtsLVJUcxDUuA/gCWNGG5C9jNTxZ8uZSbDEcACCizgJp8SJwiFY9DFem6adUlelMQY+qjCKdIF+AAxNZO3xRPGmuzK0tQ7agH+SrZgXvs7cyRQ2kkCIlMTRE4gfGs0eDuVe4WHiDdYGk7ELGr+y1YmGgzlvBvr6PelC7pr2bNnx7QnCYMB0+o8YWe2xOugiQmsJNmd7XZgIYYRcDxa7IXtSSVVx8kTRoYi2SeXO6lsXIjQMyqVSqVSqVQqlUqlUqlUKpVKpVKpVCqV6qkgKmFWtTwgKiSVJZJxQuO9o9K1ZfMNwE2QvQAPD3wLVAUWuTEkxdC38IGGwKJtPpGH5B2xCsFyeT5kNoeoGTDiwDwdoCzQJgWOg2iR2Hf9gDjHMA4BbESgag+1eyRCuPJf/EGYhcAuJYBd2raZzWaLxaKdNcvl7MqVywfLg6algBtqHTgiQByPCTFWX6SHWi1cwrl2P6qCYi2gcAtF7RjH7XqzWq0269U4DGBgYVOTx6MhRxiXm9B6iBiiNqOHSqlukxkFAju+oRcNmLKItQlyCYk8K9gKxJ2LubCWIBiEIVKeK4eWJM4b3+Yxjc71uQDfDevtdrXePvDQg/e9610P3zy6fny07rZD7lfTGu/zH9u6MdmmbQIyPq5t5wez7XaLRWzwuPEWRo1jWbBtjsrRtpTJY2WzILMtBWNurrA2hJgQNxAZZWHuYmKUzOSYYqoOlwG8jd4NdiI9Iqlip1bFigAobhqT00mMVOxH9iTKbwzXKQBRdVas7osVkPicBJzaJL3lu5UBF7aXmYAfhmLsjhOMpaQsfJOiKx0FJyAO7qF/kX0yUqz7KuYZd6rixSIXvcNDKl8cimfaG56dA7gDtHKIEONPIkIV+DtvxptKJiUVwsLWuJDhDvLEF58Xa6e1sDsCZcz3VsqFWx6597fYXuadbE6cqUOn6EiZNuwC0U68AHi90XLCh7EsrfyY6wNanVgcrqkNcNIwdW8akx1QqUA+5jHRhadhb6O0N37cOybv4pNMwahUKpVKpVKpVCqVSqVSqVQqlUqlUqlUKtHkA7D7CvgSjssxHkt+HsgSSsMxmNNia/qBCtiWiuZYsQwxWDQgsEOSsBfwBnEOsmwWixmwH3hSolqwTh0TfRF/7OMYhrHv8n99P4JDxBQ4QgkTUpSlPoBTAhTmIb3G5TPnC8/ns4ND+G++mC2X86ZBKxEMHYEgnkiWCMHEwMV4tnGhKi+FwCS2sMDdqewbQgRbk27bdxBEk/8bITJldAZYHPAogR65WTOD9whnQMPwMxsJ4OGh87axmD/E8p7AHiJIqFaMHI/0W7xRpILOdEpEViC6BFdpm+CaIaTtsO03YbU6Oz49e/j6jQcevLper09WZ5uuS43vhzjkZs5n+ZhIwAqCC8MI4Ixr5nnbZju0zYJBgmQDFvcbYlxqmxIukZsaw9hZY/ir8AhUOI/oxRClkB2xyox1cCIvkvhdJFNjLRdVqm9bfr7lh3t8CY45MUXTltuLcRoikdishS/XGEavJtYESAjDXj5yIPMi3J40smUN1NQT3i1oMZEw34oQJFN8XzAdRhgBgzAQZVzJPVH3HBEZthJJez1DM4zEdha7E3dL4qREsZzbLPK3Om7n0nI94cWSnYw9yt57i4kwCvT4QZCCOZRgRkjbSsRSUJAUsjV4xzh+bFgcSb5mhMdBqucRX8j9JniXhBtJW2hY/G5H9leLvWDbhSOyv1O+hxEoMcJX5TON3GBivpwpLk9lReCD2skaQYQLwnOiwCl5EY5oukMvEnvbcHJTpBaTaYq1DR7NBFleVDEIoVTWrjOPKH5K3X6PvaGr3JN4NBw9nCprp2rZqFQqlUqlUqlUKpVKpVKpVCqVSqVSqVSqJ1dYT+VYBqr9SUkvEULhwKEESQqkOcifIv92iJ5Q+ZYSeNBbJFEJ0ZMFBoZWIGeSS5yxad185lvfzGftfA4UCLgSJChngjNBHMehz2V3UBiGAUgOxkIiFkAhN4PPXwCUQmFAkoxzs/n84GA5n83myzkYnLRgxdKgvKdqJtqNgF0KQDGYqyPfmcfCPWMzCUEQzwklCRoxjBDrM3b9sNls1usNhOmMucYdG48XmC08+pQ0xLRwiyhLplgTJMBKmBoBNsaDCQp+CBXjPIboDwGddcS4iMeMDQmTc9AJAp0NgE2JFivC0PiUW5HL7NH7bTTXblx/4Nq1h28enZydXT86Pjo57buB3GEg6gXnOLVtnrURJo4K23DKJPYkRH4IpVOl5FgTS4mY00/O2UDIvs5U1iBcRZd6cTRgZVM2IlzD8TyGwCXhECJhQOWaVf1Z5G5BODyS0Ianfr9rr7DvsEEeM2Uz8wByopL8g2rIOwRmEY034EUqiU0V8EJtEGcK8aRg9IaMTvCibGWRLEXGeL68tIW9VhxFpjDZJJuLV4owHAI1JHlxTrcv6tsaOrrFsXcCXBgz2Y/IfxXLc7vDmCChbsDzAcYYx1lSwGQ3NoZh8IQ3ToCQK9vrk58zFJpG2z4a65d3X+IQZHbMRWCJ5EUQwMol0M1SbHbKoUnuIFshHcQDpmj2poYf/MLVMN81YT9PEt5RHhypWk+4Qu5wYalUKpVKpVKpVCqVSqVSqVQqlUqlUqlUqidAFGdjpZpNsS5U2vPeQeKLsQSboIkIFa8btCxxZGuBjhTR2apYDFVM+Ga+NdFi3or3ZjGbHyzmB8v5cj5rGzyxSUMc+yH/bEdATIYQB8RBxlw8TnGM+E19rBXblLcljCuh5B/HwSDkldK0+addLBeXL106OFgC+ZGv0SIzksAwIrc8wZf1KY+CPUvyb8elecQxoCorjicEF2B3+67bbjab7bpDDQNEz0CSDpb0Z7NZHqcWqRZPtiN4KITrGPShIFrAFS+VBg1NMHwHSZ4kUT52SvRAZIeSdRx1mnw/XCSjCt84NIchjsG382Djad899MC1e9/1zuunq+Ozzc3T09PNdoR0DcCHciE+EdACYwcQUbQ+iJUC2pCIQQZNYR4Lnm8yP6gXzcVL6fymKKBDLJ/LiQpuUigLtpFJ5yNKXF363imCJ3vriz+yLuQtzjVgv+yeeFaE35hasLOlMWiOkxdLHAOn5UyWJmybUbEf6EXB7hSZc3wyAAAQAElEQVSpDnMSdoRtQGy5RkENJv8byy46bm+67G6vy2+TmPtJ5/r5iCN6mx0eBRUwxffYshbxnTXmAtxhGizxgwlArhmI1IFcnRiJVJKxsRN0wqctl+BHFmM6xu7N+96sP8HsBeNcpiwRxpWQC8s9HtGthFxMjKeMMzwEJxTpvxhoBwGYKNwrVeyKMXvoEJNlTJoVtsvhg8Y8iZpMTp7QWVCpVCqVSqVSqVQqlUqlUqlUKpVKpVKpVI8oIB8k7sUQdCIghvMWPU689wYMQ2D3SJ4TXMmlgmbeApAIeJlQCduCXckAmEOD7iMzv5jPLy2BNpnNfQsgSIhx7LuxG/rtdjMMXRiHmMYw9lQzhUuBmYrhbBkolg650gq4Bv6Qn0g7aw+Wy8VivljO23bmfd7iXW4uwCgWU0wi200EbmxEexOqwMLHJUzHkdWHo8J+3qHv+1zc7brN2Wq1Wp/1fRfQSgHL1LkR5J7iOeUE+RHLJhTEcLiISR4N8Se4EZN9PNEpxpE9DGI00XGuCLIpkd0tyMyBSAOHnidQCLa+zSeH1hgwgdn0/fWbN9959cGHrj18sjo93XTrvh/AI6UxtjFNk88wRiBHPLljAGJjkUGhOrsl+xTDiSFTwd5IegsbDVReI4+4rlLlT1BsFEoqUDLF0oQAgul3HWJSy9Y2E5PVyh1kfJQm3cGWOxFF2dDLHegk7VAsDSwjWOd53fblgtbUHieyf0TihBx29rmbyr5iImKSEfqEEAsz+XnQzYnuQwSFpcmho+7E1IgqyiVRlNH5Cb5FmM5jJqFq7C6adE5JgB3OhuGlEwmnYG+SQnjZan0UAkWmDT8SxgLlTNohcp4KSjzt8Buzk4Bkyo9XXCjAz+HtQGZUppBbwm8lMQ9K+KzgNSYJPBeo4DmxwEBPkgR2swwmGafEiUqlUqlUKpVKpVKpVCqVSqVSqVQqlUr1FJTHaByq1EL4C35j3hLmYLjSB64cXMdlQAVeTl4MkWvhCX03oHAdnI2Agczbg4PF4WKxmM+8Qzhl7LaQo9NjTk0Yhh7YjhisgbQbgxwIoi0Gwm/EkgQV2tbN4Dy+bZr5YjZDa5PDw8O8sWmBA6FWYBE2WQf2B+hmEgIgMcZZjxVX8hThtkut3mIUjsvF3K7rxgF+d9tNfoueJn3+gbECYAR8StDEJL925FdCpiBU7Xc8VGCaguEoeSy9sUyiWDQ5ofidBCYwER1boApMlW/oNLQfzp/bZNAShQJAct8oUCN35sbJ0dl6fbJePfDg1es3bp5s1md9B/4wecjyhWZLsEZINuTrQzPI2gRGx0l2RqJEEWAWXJrMJRyla1xcbn40Nd/KmaT8krkhqkYUECGIjAGltENGWHuxoca7wz/cGUlgrdm/5h0W39nqR/ZtQhjyeo+BPH84JaQmThIhVUyccPgOB6NgrZ2vjeFVdooycgQvGTTSYWCM4Cl06KGdU0XEXDCIqY5IEtTiViTCI4Tp/L5kp8Yba0uizJ0oFqyCWBnAuBCVEDqhPo082aIVqmaH5inrtB6DaeIFxjFPnFLlSRPZzoafZ0P+RyEztJ2ZtuKXg8spRWGJgNmjkDL6lBgOQ2ZKqLh/7V3iJKYnlMKxAlUJgOSs4G+1nuBWqVQqlUqlUqlUKpVKpVKpVCqVSqVSqVSqC+UNVamRmcAUHUQqwKLDO4rUgU89F8HZ4iRgZROTa5A1AVoFyrqISQBYATE6y3k7my1m7axtDBibbIesEZCOAcJ0xlwihyydMGBDEmbcIFmBTIJ1yWFxNJcWIT9nNgd2JSufcDabzyFAp4WfGQTNGCq3jtSp/GoI9MV++nY/yLtGzA44pCO3F6u4cHDfA/lwdnq63mwwQ2cgp5N8idyh1oNxChuAOEvhOETqRMQkvCGHGHKYwOq/95R5gjyKK7V1I8V9qhnD4RNoYRORBc4mGEpAQFJyueQcUuyHfrXZrPvuHffd/66rDx2vzvoQNkMHTI1rIlAwbWqgPh1iCvlI36SYm4dFW+eBV7F8Uby4cDAwuYYNRmwpUz/GmlgCO5XSS2iIDMhFl7UcHVPe34J/cHuXu/Bs54NzzoEWaWpitV99SN20wi5UC4vfNhCsEwIb1QhvIohHwSXMnruGrRiIEm8CO1qBHtjJg/1NyqxZ5p4qtxNp98SHybWrGb6Tub7gVHcCYJRpExzs/HAXa6A7OeNkkAPIQWRGhw08qhuM7kz8VKAy/sgRTQG7u2pJGRrBZIqJ07un4ipT2cvcwUFCF+1vpLEiSo4cpdI49nldIRyTLI0eOSCZVC0kGpxClySBAmPx2qHz24q3Od+JJ1LTICRZv0aekhfjJkqcqFQqlUqlUqlUKpVKpVKpVCqVSqVSqVRPCXm0S2CzE0N8CdklJI81TQRRMHgCTAKwHpnrmWCpMRpkGxxBJ76ZtX42axbtrJ35y3ddms9mYJ2S0jh06/VZ/jOMYBkCkSNhgKiaZIkLwSQdS9/iNzaCCYhzTQs+Ik07y8Xhtm2Xy+XBwbKdNW3jm8bni2AFO0JcDphlcNIGeoXkcwew0GCcheraEKzjARfxCRMq8pHjsB3HgAzMsN12wzhaStWJUJlu8p4eyBGK0aGiMBwOTIij+rcjqMRggo4jSqcufEOYDtpUuOIlUcru8AeBlyiboNbaNMCaOB8gEyeGFLfrs20/rDbro5PVQ9eu3Tg92Y7DpuvXwxDzZM0PxjCGfBprg/W570Af+BYAHjLCgKv7giiw0wkUrH1JaKFKNL71VHe/cKk8JoVowkFi5XFScwjEVvDlBBQof/lzshTZhR/sXhHamsKm1PQJV+fL5ZLZi55JFxMtXLm34tRSgj6cDCFADmIgQQugGXuwx0mRD2OsAQ6mTkdqAJr54GF5IUU6R5KbEXvO5h0Wj5+YBkdjA2ZFhDyVDk8gDJXy60gagl0i2mAUCOSWHh47qTpWTv/IosHamdrCnZhdiKdywTl3kmpHXL75hqjhF7iJ0cWI7kS8qCdHIT6GFjcOHeXvGIkgqq/CL6ZLXSD7iCBGOo803QG9lW5lMEMZYBypk+c3gO3SEMfA9yoaRwEyhsFnjOCQOVQIsuDIQGeEBw1YKEVcAXmlRgKhIqMn0sFyL51r0oVkzOMjK8SVT0zH3PKRlNTsRKVSqVQqlUqlUqlUKpVKpVKpVCqVSqV6sjWfIVtCkRRc5GYMIdfAIQrGRjHmmECGZMcY+8bbxWzeApThFvPZcj7L75bgR9KGELpu0/fd0G0xp6ZPYD0SyGQBQYv8BlsAPEZ0GFVjAAoBV5HGA1aSz9c2bd7eZkGcDjiMWI8lf0thEXRO+GY/WKdIpVvYDotZNxR2A8XXvPuYgEnZbrd9P+QfIGGGgRiUUv2HOm+McC2sdZIXA6XqFFMGBgLIyARr3DRyZTfyC4B4G9gzkb9ALvrmqzMhUEJA2LcCOJcBqAOXj9mO8XR9drpeX716/f4HHrh5cjyE1Mexzzt4D3Ym+SfPyNADZOJbqtVaMEeB+jOYuBjTWHB2QGwA0JfKPwHZjigFfMdeDwnhIRyuyWShaHKGuIPS8/miNdMfiIeQBQ35LsSJuilnhvGMiXJkLJJLxk6uInstKjYxU4oMkxmV74i0ihkLcUoQAmICDmxhK871lwmY3UsLrhNNDRsZiNcZg7QGZjy5ukQemb+51ag5ccUxHKFiiDFhLsDxsmMbGFfid5CqcPtnFSYHQR9z8aV36vdCQSHaUcZhBw8SgxVTDVPadW2pnT9ov7jD+QjjQA4Xk8NG4l+7M0hPDTFrIXAMU5n4fre0dilsBjgvcv9IaTKR4RMnt7uC4w54Ei+MdKrXgzH7Ji5GgJ76yJJaZG6tBNZEqTpPGUZg8QQEwSfXMIQwshMP4Cb5XnVN2wKqxMZTkYguGZCIJ6ZQHaTz8lHVKkx1+xJze+h7ZCVeJ+20dHoumNqyaU8XPh3O7xmFFao/xemkp5ETvyG5Ex5hxapUKpVKpVKpVCqVSqVSqVQqlUqlUqlUqidH89aL04mT77xTxTMXb3OhcohQFWV+Ar8l78D4Y+b94XI2a5bzeds4DNKZY904H7I9PTndbreb9arrOyRDQv5Hng1UZKQiuccXvskndMiXNM0MQnNmAJd4B7YkjkJCwH0FU2qSCSn/h9VzKMRGKkND3TQELvEjZYIv8tmThVQZpAXGse9Qw7bvMN+Hy9DC1IhJCVb4G07PcYyb+IKYlBwPtp+YPnDioQBbvZvORgwKVVSTBEiQzQcBKL5tk/XbEE4229M8cv322s2TB65ePTo56bvQc0qLHa1Pjc3tjh6Sdyi6xYG5g3VCGrC5CVubOBsQjMiDBNNryZnDTTYiON/4InLd3NzK8+H3W+It7gvY7MQwAho0mMrrBVtnuNgsCTL72qEGrK2RgKq11uzZqNDeUd4Sg1BSauy5M5Qt5+vbBfgwsm6MKcMKbxup3E+tNOhFISQEpp+Qj8g06onOUMEWzB0IgyKryuGk0x684pMU/Hd4iFSH+JR4nd2+TvzBtFsqTA21pPAGMiCJqC6aNeqVtXwszWs1holxEGxxQhLLVIQOEycJ86QQm5A2yNHJIToW6S0RJ/hkiTxOcAOwHwz9iDnHRH/wTNFyB26DhpTOIERWSuZCrxP24OE7nEe1gpl2GQh2s7kFLWFoovGQMT/LUj07fAuTo5JBSC6EMVCeGY2uRR4FMb0CglhZV2V1RWoEcnkBiY6ErlCWb0PLaAsdHaOwP/A5kyu7jea+U/fZwmengxNBYne8ZMoOBS7hscstcjxD9XorU08tYocjvsZFk6NSqVQqlUqlUqlUKpVKpVKpVCqVSqVSqZ4stQ2HUIC5B9c76av0w9iPNgV0DIDKoG/AN6Txbt76xcFsuZgt58iKeANwiEnrzXqbf87W267rhzHEMZ+/AWIjGW/iOFLohUcXEzzQt22bz4GhOQ2anVhiTbCsGcSyJFKVM2BBVUxJRiJOKH2ixGvAbiHQa0ijGPKvEevTYz90fd/nbRQygeVuLyX+ZNm9xNEnXtxNDGUMYX7OxJqIy4kRSgD2MZ6G1DJoQiQA7gP2LrBXJOJBLCpyl3Onekj46fKLYM1b7rvv+s2bD988Ojlb50GMtKfzCQN9IDXDuVwcjgCvWIkJ8VyiL+VYSRdxVL02XLLFwjyCChCrxDADnsfS0bHAAuJFYWoDiwkBkECYfbuHW4qr5ZbsXhKXl6XMX53NmgqIKcTFnvbqzmVnaR43nZ1vzOR1kawtRfFUW3Wc91LYK6dPsEWytviLTODEBJ1I6xpcEDvWHQnSj5hQoMo6BEqRTQeuPL6OZWSB1qQU+0sbCPJwDC4g34DXddITK0OOEENk9wvzCEp3XTlA9oipBbMTZWPMroFKvs7paoPPDFfAnXyfLRftJ370B73g/d/nmc+4kh8WD988eeChmz/7K7/7rgduWFzHlp4I6L1DQ2DZVAPWxge94JnPf87TvhETPQAAEABJREFUX/DsZ1w6mN/3wLV733X9N37n3pOTM3Rh4lihiBwGxeWA8Q8wYfDkEOgEWhfgJgfHpEuHM4OuSqcna9jkCU8p8I0lQ5ErlxfMysTAV5LJPzndogmSJWsZ/O14NJK5+64lBNiEcHKyMQT+AKE2LZg8IPO5PzvLT59R0DaCQdLddy1e+uL3/5CXPOv9n3XPO9557a3veOhNv/fgvfdfQ1MiRwZU+MSDCK27rhzmDWEcT05Wls2UbGHu8hRg0hBNeu58vHxp2Xro+o3rR7DOAhkLObmV03zWXLo8y8/q09Wa8RwEUF7+wS948fPf78XPf/blw+Xb73/wHfc/+Ku//sYbN06NYS8scqfKLxbz5vBgkefi6HhVVuY+qoarZz5vDw/m+d31GyeGhynd87TL+eXqbNP3Az3A7r7rcn76b7b9Zjsg04JpWNAql6Z79BFXskqlUqlUKpVKpVKpVCqVSqVSqVQqlUqleuLkAHXgUqVFIAC/6p4LlGMuvzbezFrnnWlavzxYIGQCqTczcCNxaDey7kMY+m233Q59/tON4wh1WW9awEjYgCO/8G6ei8ONa3zjZhCXg2k5jWsbTNahEBiyQUiR/VEmX4bJECEkztWQArRhaxZj0BIgRAyZGIcBTE0gkiJvygeNWLRE5EOKx+gFgKYaHs1MvI8xCUNA25gu8fiO4nowyMOR5UnCrvFX9MkvI9nElIlh9wEsqoupAMTiYLE4j3vabrfrzXa93Vy9cf3Bhx8+3W7Pum1IdsjtzQX02QG4zUSonxOqkuvrkYwOwNmEQ2IoTSUx6mKqLBEbCTvBXSDghXxQBPMgJwbM3zFUqDZCojCPYtiOQCwhfl/V3iSeG1FMIFIBT9i9g65eKA4JLbLVat1VAU2sva0pS/k0cQRJ8U54tLYJdCF36wPL9sZM7EyFgIjHCZpP2ArmockkkoiIGHKsQZzEoW2PgEaFfrCucDoXNiUJ1hPlKu78bniDpcVi9ts/9A3m0eizvvQbf/X1v4e+RbDO7rpy+Lf/4md/7qd81GLent/5t9507//8T773Z37pDcY3MTXWeOylNzIpL3vJs7/+Kz7rFR/y/L0D15vu//qBn/3n3/UTVx8+QjinSfyIgBXlKEHLOcEd8GaIPKR/6c988l/9kk/Przbb/qWf8lc32xFuJdcAewKQiqWF+Ix7Dn/j+/72rbo5jOFt91197a+96Zv/5Q8fnWzBxCgfaz2tqt/8QTjw537tLZ//5f87TpwDS6h8Cc6jid/3z770ZS96vz/+l/75L/zKmwjayNf80Je9/7d+zatf9Nw/cP5yP/Djv/q13/I9D1w9cr6xtgG8Loy5Rz/xb//G85/zPm+598GP/uy/js8DAHiQEWOCCygcuIvZr+U7v/UrP/4jX5o7ePeLX0X+KOgWEyngzNn4dX/ti7/iiz/n7/+Tf/c//6/fgc+P9GEvf8k3f82XfcxHvMzIwqAXZ+vtv/73P/yt3/a973zgOqJsnlbqX/5zn/O3vvJP/t69D37oJ/1ZsXgiIqcE9PCZ/syrP/Ub/safza+e++Gff3q6zjs859l/4Dd+4tvylj/zlf/gNT/yWrrnf/I/ftP7v9/7/J/f9SN//e99G4ywI3cahreq+0TOa1QqlUqlUqlUKpVKpVKpVCqVSqVSqVQq1ZOt1GMxkhgJqGImG3MNd962TbOYz/289W0L8TfLg3njPed3pNiP681m0283MYZh6IdhwBO45QJycsjQoJ3NGu/y27ZtLfoO5NcUpwCVSfA4wCakETgOBjViFFsKLtUn9BkwbGTCyRGRo3WQyQiIvySGTjB1h3CTYtJAoRHkTWH57xTEU0CHJjfXlmAdivRBGxM2toDfHNJBOTtwTi/WGi5JoRZL4myEAZXgCMXg0QDkMoRxM4yAmwzD9aOjG0fHq20ex37VdV0Yjfe5KI7jAk4ZNk8GESBQTndJEkLEF2NKJUluimRByMQj6mI5RAZ6QIk+AjpgxyitRfAL9tgwdTE3se+GefcXmClTwHCQZbJpr2jM5AnBJ1OkzI51Qg1X2Mn+I9364tNHsdoeMWuIskicQDa3kd1tZ9m/tjnZU1OuVVxUUkk/mU6bSkfIOoXZEOeny3KEU1PsVBiwqFwlEB1K1plbNr+ahgt3EY+bR6M4pNBZ35rkP/zlL/zX/+BL3we9K0g3jk7zzwue+0y6zT7kJc/97m/96u/+4Z//qq//9hQam2a+aQkcyxf/Hz755f/8a/4UDcRm29/7wMPjGF743Gct5u3Bcv5lr/6UP/5pH/0pX/R3H3jwpvGzyKY5NBj5BiR8RLCH0uE4fsFnfBQ1ZrmYfcYrX/a9P/SLJrXWR9/MJcaJzEJu1/e28R/4/Gfln8/9tI/6kr/2z3/+V95scpfzdLhquCG4pgM7FNcmcUPJD6fnvN9dL3vR+908Wf/ir/5uJAsmY//sqz/x7/7lV4FFFOqha8fveOdDz/oDT3/2+96T79NX/fcf+akf//Iv/5p/+SM/9esJQ5ryw42uQfNk0phPBT468IhBnMxYZPSiZcDI1DdXytPEN5y34L5Dj6n4qk/9uPzpD/ynn6GIos971Sf9m2/5mzQF68323vsfGsbxRc97zmIxOzxYfMWXfO6rP+cPf/wf+fP33n/dAM3mJaaH1k6gezU5pqVMja2lymsIn9nA68UgzQsm/yBTNQ1mHBHOMXghA6yMOXej3eLGU6lUKpVKpVKpVCqVSqVSqVQqlUqlUqlUT6QaG9DFw3rXEGXhvZvN28Plcjlv2xacSBoAGsZcu+y6dd/3iHaMENgw9mQYsVjOlgezXAOcLeZZmGvhkOFoGk+OIW6qDwIygsX+apvhmnGgiAey40Cnhsh7R4AGEoREADFAfMk4jkM/RvCMiPl1wCQdw04HxAbwJTzWLh3mBhkqVVclY+/ByoTSOcCTBc1NGO6o/E5Mqf8TcVIK3FTHL+VuU8AN2D0aF5Lt8vAFgGtW2+7m8fG1GzeO16tV16+7btN3YOqSa9DNPFdz8/h6P3PWDSEiaoKBIM4CVgNsji+XTqWyi64hLiVGNJKhdCAYmMQNggF26HzicG/hOWCUpSNihSLZNDQzNBs7aMctOI8apqjFaBHbnBSfFQ4GmfbydgqskayitA+ElH3MzqBPdBE7tvCHt3BAKfXqfaTmfNcsoQJWiB+HI2kKcWLrXJ/pco3l1BhOEarIBqZuxOTF0eonLsow9gO3B1gAeazu0w/BRhCNZMQzI+GqxbwYx4EvtqBPMQoVIOE7Me5Pjbzvu/5P/dX/Ixf7ASBIId9hycQP/eDn/fUv/8L86Xf/wE98/3/+WT4JB9m4N7zp92Ic8lC86AXP+nff/BfuunyQP3zng9e/5h99xy/92m8/8OA1eDQsZh/8kg/4c3/iM1/92Z+UP331Z358vgX/8td+Wz4FOL34Jp/zmc+855u++vNyd97xwPW/9Y/+7Y/+xC8Bc4DD9YIPeNY3/q0v/cSP+YPPeNqVf/ctf+XTv+hr1ttVjC7ZBmyT8uBI2A3eCTwmNF4f9WEveO77Pd2IV9IXfObHfM/3/4RJSwf+SNFJAhZm2PAo/Jeff/23fvv3pcJtWPeMe6580Iue+wmveNl/9xEfnDv4T7/+Sz7uj/2N1XprXWtSU1noxDB2zEhYGxLCaCl96sd/cP7wP//s67vtGXoN2W/+O1/0Ra/6eINszdd+y3e95j+/9urD12ltXb588Jf+3B/9i3/6s5aL+T/9+i/9w3/ib7717Q/F5IADrLAYAH3wMvkRTM81yM4JIwFmMeDyilH4JTOGDsfDgc2SaxJ+/qEvf+H7P/t97r3/odf/5pvzPu//nPf91q//KzAF9z34V7/uW1/zwz9Fz+m85cUveu4//ob//yd/wiue8fS7/+O//vuv/Oy/sFr3uM68Ka0iIykLlNxkvAPjaClM6h33P/ijP/3LgBeOA/k2VTdZgP+7UGoVb847jGS9RE9cWHMUKoV4Yb1uVSqVSqVSqVQqlUqlUqlUKpVKpVKpVCrVk6un3XPQohPJrG3JnsQ3iDlArTCkOAxDGsBPJFcLhzFA1AM4iJjgvV8cLGbzGWTjeKzeOvAymc3afI6IaTmc6gAeH2D+gRdMaDAAtcmI6QmEHuTrxcC1ckrX4QwNYE6iYCp48QRWJsMIojQd3K+gAxOR4EzlSMGEhfFNY02JoUECA8kSqO57nyKOgXcSYELFUwID+ERAnJA1DFklIAyDnYBv46PNSvLgKZDGCD3fjvF0259ut9ePV0enZ+ttv95su77vc288DEJqZ7msTLE7cPamITgDORixMEnkhEGXEyADzQCQzsEEChxX7KXLHWEjCHEKgcItxvpQLyKNjGOPDZoaMSkQB5VpQP20F9q4TAtoIl9MlHG1mHJCDIzF9qPrjCvJMgLqCBZEGEqgpBaHq8NNrTpXYEYygy5F5FA0kr7EDFBBT0qeTmkvJ0mlsjgwuYY5J2PEmaRyNMmn8PLaJgq1EbaIOR8y2kCjCbbRSY3MUJL+4dCZJP495E/iiIAyO3YudjLtSKmk+TAoJMBLSmaCVKoq/AVeJndQos/L9id//jdj6FMYU8iLM9/1Y7dd06dvfMvb/9OP/iwG+jQQ+5J/HP6AzUn6F3/vS4g4+f4fe91Xf+0/OTo6MWKdlFf6r//mm//iX//HP/OLv/HNf/svHB4sXv1H/tD3/NDP/vyv/C7cRtAu/2Wf/wlXLi26fnz1V37Tm9/0thTJoQiW9Vt/712f+yVf+8++8a983md+4ktf/NxP+tiXfd+PvC7Z/MRa0m1QLY6JTqKnyKs/6xUGfESOfuFXf/uPfvrHfcIrPuR9nrZ4+MYWs3WaZD0bcqSJB3rwoeuvfd2v80rEHJn8+wfN677JpH/89778T/2xT37fZ9z1pX/ik7/pn70mn8BN6w/DbcattT4vqxjzw6Shc/6RV748//7BH/+VFPsQzSs+7MVEnLz57e/6oq/85je+6fdgcSFLlhtyulp/w7d85+t/683f8Y//2sFy/u3f+Jc/4XO+OiRg1rxvphUcBlhJcIflNdCgzwgYPk23VGI+g/YPY4/PlfxIasFsyUL0z6s+/WNhvn7kZ8FGxca/8qWff9eVw67r/+j/+P/7nTe8TfKY4BxvevM7/ofP+4rv+Gdf/wV/9NNf9kEv+JRXfsT/80M/R+PNz1xAXUZ6SBLeJE8PdJHBaflP/+UXf/hHX2uQgjPMmoVpvYKvCTy2inMKnBAxObyZY0G7Ym1dpeCJSqVSqVQqlUqlUqlUKpVKpVKpVCqVSvUU0DOefqWBIizmeZDBBFT8hr7rhrF3FMcCBT5MZ3Cmgeon+IK0bTOfzxfzObARiBEgH1C+5c6JENaU6meiIn00xJFgqk7aiRxJtB1MVIgtgUPCBJ2kMQSkUOIIWyNF71i2n2C7lOKE4Sb2AOv6tuRxQKU4Hw91WMfhOXD3gRkAABAASURBVB7ZmQRhFSBDNimOiQ0zOXCAA0NysGMp72OwDld5E7qTDNZsh2G17U6325P1+vrp6vhsc7xab8cIBhIwWvlaPqDnCAwuFdCNlbGyxaojTfCHFLgJgLBU4eUSO4fmMMYxVWNr8xE8KpnKKSSZd0OuqhfLX0EryLoDoRkjRilSSWZ3kx3+w0zOJd7W5jG3lJU21Ls5zu1hxuOW/UrvVk6QDDc5jUzOJrXnCqUvmcqCheEdblB9F5QhISYH0YdKzlYWPXwhV36c2SMtJnSH+2j2BpoMZfZsZS7qJp7IEVmCP95IYA+CXaGgJPCcQHQjv/jkT/iDL33R++fNr3/D277kq/7B8dExu7IAyNU43zo/y7//w2t+5u/8r/+azvY//fk/FkOXfxIwLsPLX/zsvPF1v/FGJE5GNhpBoiUfmF/8m+/5MTrwZR/43LHfAnWBUTLkAkTuRjuTnuLBsv2sT/rw/PJ7f/hnv/v7f9xgmNbnfubHp3zR2OerIFyUBEsqPiL5qRLYgofGITcAwnT8P/yn/zft8SEveS4k6Yxb4HLSWA6MQOr0+dEEsB5CG0+7e/lRL3/+Ztv/9GtfD1eMw9/9qs+nvb/8b/3vb3zjWw0cHoHSsJ5GyTftj/zkr37X9/9k3uelL/6AD3zR++XOWujshGiArQga0uCjGTxOxrHHeB0idabbQJo2YsJOIOSL7sRXfRpm6/zIzyRAC+OHvfzF+e1rf/n1v/OGt9CeONEwy8Y1xjbf9n99H53sQz/kJbhDmNYDdB7aI09pfhRHuhY8L+t4IFmlEz4S0V9nrKyAIoJH9LMHjalUKpVKpVKpVCqVSqVSqVQqlUqlUqlUqqeW+m4NOMTZ9dPTG0dHV2/euHp8fG21OuqHNdRP3eh8bFqzWDSHlxdX7jp82j1Xnv6Me+6552lXLl85WC699xY9TnIx3Huuu1cEQqpgA3QUiJCQg9/MD4CWjMM49MPQw+++67fbfrvZbtbb7fpsvV6drVanp+vVanWW363Pzs42223X9WC5QqVhqdZzZ6RsD1CMResSDPexlJIDFXAqgrdU3gWDF3B4mbUN/MDeEAfUOIw14eNRU44KeHCgdQd+Fx9+YhqSyTVdSM+JNpomJH+0Hd527drv3H/vr7/lLf/1zW/+zbe97Y333/euk+Oj3EOXOm82Nm7RYyBhPEh1emIL7I7VCvfOSZZILT7OMO/Dli4TkCHv2J6jghtqLxN7W9Djlrr1YWSuQuXviDkvkV1O0h56YoTYsBc6F9hd4QRceMX61PvUxqNU2pWRvtCLvXaZahHWXWisBDJxslA5XUK7Ep61yePEWnIxsWzwAOL5xp09jXdeyUk8XeSSxb+mZlxSecvnN7cVEid56UMKFeImKeZ138qxtCLxLmpmzs8MWp7kFn71n/1s2udv/8N/lQIGOgHM5S1SFLSOES0Y/93/81N//k9+1kue/5yP+bCXfuyHf9Av/cabU8id8i9+7vvmw/OdjZBBok4CcYJdzg+LX3n9W3/ml/7fuy8fHkB2V/JIg3lO5yoLgigqAh3SZ7zy5QfLmYFgoJ96wxvedHyyuuvKpS/8nP/+n/6r1ziGNsbkGlOin8z0F+++3LuZ9XML++TFOz549eTajZNn3HPlRc97vxR68BKJfuJ4AB4L7NMUUx7FfN5P+0Mvy/348df+ZrfZ5gfFp7zyw1/xoS/Ju/zoz/7ar/7abwFOgcwbXKuZO0fWOOBb8h3f+xOv+tT/Lr/9hFe87Ld+5/dsk+fCTY2MAYOywOcksgKuKOHRMG+s2j/SDNDKyx+98Pnv98Ev/oBr149e90v/L+5sPvCFz4Up2HbkvMKLEMbYk1/Qz//Sb//Uz//qPXfnh/6CHax2waZko0WgML9+5vte+Zqv+h/zQ/T0bP013/hv1qv1x33Myz/rU8Bb5e/8/X+x3Q7G1k+OiLiJt7bm0ajNASyJkoRo7d7TanaiUqlUKpVKpVKpVCqVSqVSqVQqlUqlUj0VZE2HuTBR6q0G/QlcA3yGbxumN1rIzMlvcjXaUVpKIHgEv53uGDWB85hdPwnHAQxoIEAZOSAsDkvRFLNX2MiEduDoHHgLFU7H9eXpC+/03XfnpnKzvMa0FEZPeAu5oSBNAiVeI5QA7WCRSrGTZ0QBCIyZqp3eSNmW6rkBuxowUSVAx300bnPWXbt2/aGHr17frI/67SqXVyGapbHLw9mBhZq0z+PhA2yDgQXsxEw11RLRUtEgF3/FH1viZEgcxmmUQ4qFiS3pH9R+TmKpPE7qoq1wGo/sgBIpR2bysAHHiFQFXxgZysCkUSTDgzB5GXDJ2FFWUWmDtdJUYTgeyeNAKAs+M89Q5DaklKbQlTSNkbkdgxFLak69dceEJdUlb3fhyRqayFhbjLDHSe2UMq1sYVSEJalIFloSybKNTFkZO0X3egLSozWHwDMBcUKnjN41MQy2pLqw/UmL7iNz18yNy48E98Lnve9HvvyF+fOfft3rX/tLv4FrA4gT1y6cX1AKD+WwpDjG0P2jb/v+f/ENX5H3/0Mf/SGv+7Xfwcn2b73vwXvueuHHfdgHP+dZz7jv/gfwxsyCy+GFYxjN53zx1/XdNp/Fk/0J3MbO2ouoJ8RtvvCzAHH4nTff+1u//dZ8/Gt+9Oe+6PM+42Uf+PyXftAH/O5bHnLkFILYxwWr3To0OMndXAA9Y6EFtmnuunKYP7x67Sastvw8y48tL04whlxGkrinwIs/8soPzR+95sd/GQ1R4sd91AfTzv/b//kfyMADIR+4im9nkPiDoWMpDr/x2+947kf9yXHocHdnU3SuevSRfYjhRyU8g1NsXKG2yE8q1iNSlgWt3M/+dCBafvDHXhsCObWkN7/tvo/+iLs+/mM+7PnPe7+3/d799OxwaHMCllEJvJ0+8wu+OpK7CXnz7FwgWSah0rOf9bQf+s5/+IIPeNbJ6dnnfPHfPD1d5b1f/kHP+7I/DXDS3/vmbwfoBLOmZLqqftWuSKakgRlkeZICJiqVSqVSqVQqlUqlUqlUKpVKpVKpVCrVU1CXLx9QPZKq2bli7G0xB7EYP4M2IVTghcybMPZhAChkJNMNSyk0WBbEVIrJbSEXD0tRFoJxci000DfzKWEH3tAGKj0iZUJmELQDFm+psozXzwXgaHhroUyMgCaFY6CPvNtJPPHoX4K74SFoGEGHE2pCh5fKZmKwgNkOOjBhgwGhyS1xrg9x3Q+n2+50vbl58/TodLVeb4cQ+pQ2udLsWigje59yQZlq0nBai7yNpV7gS0rFoLQcW65O/EkV/SGNnZiS6Y+lM0wnqMvxfPJ0ziygPoMxU/ndGlu7aZzb32KNuT6CTU3K2wIfxST5SReku6BLxZRW43Y/q4EKc2FTUhWms1uVl9cVtWLTXi/2X+xeGWAkmhcrTiw7R93SZIG3NwTcCAKCQVD8MS214ghk8PYyvNAL72Jl6dMhhXdJVqCYvcGoXt6iqxe3l4kh4k4cLnWf0IIDkmXKTk6cgpoZQidN3v0Fz30mff5ff/vNhu4WwEUApABiA8JxcODyvR6As/qdt76L9v+AZ79vAtpsyI+Y1/36Gz/qQ154+dLyR7/zH/wf//b7X/Ojv/jOB2+aKWjK5WfHCHxIk2ekaVrnWmsbhk7ofi5DB0ek5zzraR/7YS/KL7/7B3+Gbqvv/eGf/qLP+4y85dWv+uS/+83fGeNo4ekTiEGbHgSWfU4IncGEoBZPmV75MR/cNsBDveEt9+F6jrsrjbO9eOasOTycf8JHvmQYw3/56f9KqMcLn/ss2vN33/h2oHPQTMk1rZ8tAHBxltYLTMcwJtPAJMAqpLu6uq2B3wKTFXgUGTKXMcVRyiBBiJFDlQ1JYaXw96s+DaCT1/zIT5fJ/flfev1Hf8SHXLl8+NOv+fZv/Zff9R9f8+Nvv+/haoGgf0pEN5VEET57Rkx05vicZz/jP/37b37e+z/z6Pj0VX/6r/3q699EyNRumA44tVzwNKizwGSB09WS9CPtPnF+X35GKpVKpVKpVCqVSqVSqVQqlUqlUqlUKpXqsZDH2AYoL3sf0wgGGsB1YJUYzDzIw8Q4IQpscnlrpOpfKnVAZiOo1olFzkRlT3I5gCIo5uFgvA4k66DByUg2J1KOZ4aAa5n8huJmBG9hJxDjZC8qTRIUQ0eAewAG4vx/7L13oG1XVe8/x1z7nHvTIAQIIUDogjQpEkKvijQRRKQ9wIeoKAIqWJAnxYIKIoIg8ASxgA8BkV6U3kkUDAHSSEhCervJvfe0vdYcvzXanHOtvfe555bk5v3e+GZnn7XXXmv2Ne8f47O/IxpNIkl2irkHt4lSUpipBFrYuZGEJ2BGAVASbvRD0YdzuxTaNrXYTUNY69KVK6sXX3HFJTuuvnplZfdG28d/qSf9EFHMelsfok8UXWZOIHJZSZkDUOYA0JwsglZYOy8ADnxJ7BLttH6RfUXCAEaBmYOqiIHByRwmAbGEesdfVTH6fGZYOr2Ju0wK6vPB/YUhLRNgXPkmEWRY9K3iKKjjknKkHWyocExjjPGR4YEExGWVQGU4UjclzJwsxRo6M0F7GNhUw7gOyFQRcvYctvJQwAQy9cCsRkm8xM1qeCxB4JnsvYOUkmaQaiSjS2jPFRifhWlEMJWmF+4EYgW+GAfEphySC4bNSwiY6Gs97mY3lu/PPvdCvYycSJbJwIPMQpa0BMD+5v6JO/+SHdLUW93iJmx+04a09Lq3feAB97zDPe9825vc6Aav/I1f6F/nXnDpl078ztf/+4wTv3XmmWedP22nVEb/PFFpE5BEWZMJpQHKG4EYy9CznJ782PsEtrt574e/QNhRbL74tVMuu+KqGx11/Z977ENe+RfvCpxhh6x3sKnHYcAwybrBdLvb3PT+97rdi5/z6EBYXHr7P3+sPIPVooSCx9Ez8rD73nF5qfnMV7+zc+duKeo2tyLoZHVt48odV6EslDhplrZBXGqaCeE+tEf2LxrDyXL/KYqBD62SirCTDYvyk+EUBb4RlgNTFPKLfVyqZd8vAyXs+lJueswN7333O+7ctfKZL54kHelH9dV/+c4H3++eP373H73J0Tf645e9oH+d+8OLPvulk75y0ilf/8/vnXbGD3V4aWsLhmENBw7CLW5+9Cf+z18ed/Njrrjy6sc87Te+/Z3vB+XmYsgeR2g42mDbkNU2YxkEQt51QtqMVmwIm5BfLpfL5XK5XC6Xy+VyuVwul8vlcrlcLpfrWhL/bJ5Clq38xj5wJgiOTVcR8qg/30dU8wdJ7tAls68o7iZiCIKduVskycBD4dqNlhxSwMxOAmj8sbPguLAjGgHXcH9Es6iA4jlRUuRk1gQqSVFNgFxgkN/mo+Zh4R/JExEiUWoyc2mi4Attl9jbpUlsO0BdBBCDk/X1jY3pdOf62uVXX3X5VVftXFu/en1jpY+IQ2yhSU2DzYS9XSIgEwNUCDvDj7fFAAAQAElEQVSjBEmio7FqIlAo6AodWHogG9NkQXTDStRXoHIqyNHnGKoYbdLUGnl+BvFbULOCObFamA30GoQQK5sQNPF4KNqR6m+tRkuvo0hSF8QgJg97bg+YlwwUriiEOeYFGMOMtDoAzYYDdd2c4mQQEzeWR4Ly1lir3WiNGI1bkjFXPwZtYRmgOQSM2cKUoZ3IUpOcUsVDpiQigsrLpFKGZcImYfXaKAJCMZ2RlVYqy4451sqwWGAl5yemy22D3CRluSJnXeludbMbygU/OO9CvQ4mIS4xmyLJWfLKJW5io+0uueLqm9zw+sfe5MbaYsTV1fWnvuC1v//8n3vKYx+0vEQJfY479sZPe/xD+ld/fOnlV33ssyf+3Xs/9a1vn0XgC5DbCtuQCKNgHjBqdkKr4SmPJujk89845aKLLpVNoz/7b5/88i8+9dHHHH3UA+97ly989bvQ9c9sy3RYWV6Pfti97/QvfyHkDbM78RY3vdGNb3i9fMFb/+kjp59+jvYOmjmzYyvw0Q+5a//nI58+UVcGhFvf/Cb9mXMvuIS2PjaQ4l5QGjMdWl1mkV1k5LlPZSOAqgrZU5lQYcZF3iWXU6r25bpdYq6THvfI+/b1fOIzX1tf2wh8Z9/N3Ssbj3/Gb//RS5/79Cc9anmZzF2Ou/kxz/z5x/QvmoLLrvzYf3zlHe/+yIn/9T0bGQhDb6Fb3fLYT773zTc79uj+4sc87QXf+d7Zsulpuqx8aeowtczJpOpuO9gbOXHicrlcLpfL5XK5XC6Xy+VyuVwul8vlcl0X1LUdaGaZPnrfJfMv0bBzo/4LaqORmFIRlERzh2hMPSMm9It7+tF9ELSEo9gUdW1JbGoi5YulCIfdOY/JwFXC4okc3a6BEsYBAkCsUucUaKA6AIAqVQ0XnrTEHOtvYtTsHxyy1XQ+zaQlmxdqOvMisLa+vrK6trq2sXt1dWVtdcf66pUrK7vW1je6tJGwgybBJIWYKLrax68pxsph7KYvjPxROGScDCNQPgAhzA+ZWoqQUBmChJzLBuYQJfV99efsAcJDUA9vGMAPMz4qZvOAJcdFyOPDKM4grw0NbWW0kZ1jrNGIC1iHPH+z3eF0HnWLRn2TESqwhVYkf2GQaSYsUMZkzMxG+2If8mBVo6beJDBbqhjr6IX87UTmAIZNsFM5M8io83kQ43BolFnCgh1B5fKiVFKeFGk+5m4VzeF3Znqy6Is8OtwgrqwxYmPXrtX8iNLDGSubFmFf+j7Hpn9OjjzisP76y67Yof2isYhX7Vx78R+9/RWv+4cHHX+nh9/v7vf98bvc7pbHSsk3vuH1n/WkR/Svt77roy999d9DZKIo2mMMwyxMEI6/x+1uccxR/Yd3/9tniXkyROZ9HyPopD//8z/9kC98+WRMU0wtubaUlRxudNT1+9fc3vfP//96zTvf8a6PBHYoMceXeTwU4ral+BP3u0t/8PHP/Jc8tr12XL37Jjc6cmVlNRjHxGCcdQQHC4GS79DnTh5d7UjuJqUr6whIiV2ACUFuukMHSViGdXqdenxCePxP3r9//+DHP68LJwg9E6/YsetXX/yal/7hGx/2wHv9xENOeMAJ97ztrW+hU3CjGzzrKY/pX3/zd+//rZe9AdXmpDT3tre5+Sff95Zjb3r0ZZfv+Mmf++VTTz9HfHr4KRgmwSHIsW/eiJqCOTYnLpfL5XK5XC6Xy+VyuVwul8vlcrlcLpfr/wpVTIBGX9FC/sA/pZckI2ZtQj++xy4xPqLZPSi+aZ4lnCuHLuwkgU5CHITU0X6wTy4SfMCR18JTDEw4ODBbMydY4JOST2cGVbFyhkFX/W0+F0KJbgA5/QiZIPQBXspeohlvYNr3L7Vth9OEO3btumrnzit37Ny9sro2na5NN3aFdhU5jUucJI5/IzSIkd00lBJA0JQpBJ0U4xLpMvY1c1KjmNETyOMPqFYleiozCwODk5lJnInYDkCKIHkxog7AgDsZRaZLYHtQnmTJUccOnIlnVz4gcnEoHFJdwyxbEozVmMM6xLAoDi0RdoMwpE4MOdlTPlE1CQdnCuqBMwwJVDyTDhcUkxb+gHMC+jWaQrdMgnoHhZzvhkecOoZQJhVyVh41ugDOGiPzFtV9hboVFZNJ1frITipVT4NNsz23gzaGLQg3dUSpdfZ5l8jBcTc7+r+/fTqPpq3FGqqRMY5wwxtcf9syeZmcJel4uM/sCURd3rWy8dFPn/jhT34FU3vkEYcdf887POKB937sI+53zNHkp/LLT3/MuRdc+rZ/+lSgPSeJnZDyQdHca1L31MccH9hY6ZJLL//xe9wBZJHxFbt2rx5+2CGPe8R9f3Pbm9an09hNMTIVYf09+Xvf//inv8rtEmiG3i+5bMdpZ577nVN/cNVVV5NvR79bNMvA+YPmrVqaqgccf4dDD1n+xslnXnbZlXySJvr0sy+4yY2OvOXNj5ER4Z2RoRNMvL6i2pR0raxsMnmixzYZ/WXbdKK9JYUOYwO25chCQ7U7aTvK/zVHRx55+ANP+LH19emnPvNVXY26yUZKwRPDVVevvf/Dn3//Bz/Tl3PUUde73/F3/8mH3e9xj3zwMTe5UX/7837hZ88574LXv+W90j5p0pHXP+Lf//VtcsERhx8K2FGeIM4PJXu1drMan8EuZqYuxctlYKGCeUucFTin4nK5XC6Xy+VyuVwul8vlcrlcLpfL5XIdbJExiVqSaPSVU9AkC92Dxg4xqKtJYJhE4RIKWtJx10XmTuQ39v3Zjq4j9iRH22NU74Zio8KmCDk4HtT/AQYQCccj+8uQ/5gBxQA6CdJ0e1eWAku0XbgB9X1g6CSRrYviIInj8tKsjTbtXl1fW1/fsXPnxZdceuWunTtX1loMLaVKoUQ/XQjrMbTkkdIAn+njwpEirArRROsIavaYmfA99yhJ8g4KyKaaBGjMs0KiwH2zdGQGDhfzihyfGrA4EzOGacpg82QN7uCgfR4zYw86y4MBSof0LU6DuiJnLkJLpmOgSc2pzA0OG9QBQzMRHSKwjDlhsQZrIFfKJwSD0mVRzUPBMCrISYccwgxFAKg4lKEUqJObO2+FqqGO1YmTUOgNLiCqJQlW3Eq0TFHZR0SeE3lktHtzh0DxGn1MBTPJNYIdw8zJA6uzDDq59XHHlDmr3wPkSerfjztW0/Gc/cOLrAxGbaChlDIGS3VTvPSKqz/yya9+6ONffvHL3/icZzzutX/w/L6cl/360/72nz6KqR+ZBjUzThSqigcjHbJ98tMPvUdfRNPED779lXPbfNih2x/ziOP/9aNfTamF1AUjVnp985Tv/8nr/l5MWTiJzxIDQGrdw9mC+kqX4mQbNMv0FQ7seLQcTI9+yN0D5db5T0uYRRvEGT+44IH3vtNRRx5x+GGHrKxuCJ1Dnh82Lbyrdsg2II9/5L23LS9ddOkVX/jqyfoomXgj7nhuxeakmm7ZptOCZwbx0Q8/fjJp/uPz3+g3tmC5dfgvj2GiRRsZ5+mLufyKXR/+xBc/9PEv/OZLX/OLz3zi6/74Jf1lL3/JL73hre+hfzDIJIYqusGRlH7owosuudENb7C8vPSWv3j5gx/7bGuwFJ5HKPOMW6Wa7C5ufv5om0ZwuVwul8vlcrlcLpfL5XK5XC6Xy+VyuVwHWxvr65IHR6LhKTA1wklyQvVLckmdw9lzKN4pH/lH90KZYMxxZo6hJonWC1OiKXGYO5EApwAQzQSyq4RUo44SajCRQ/h6GQSoHE2GkfTi3lF/mxsvTdK4fN82oljIXmGj7dba6XS6sTbdWF1bv/Sqq3fuXlnbmK5vTHeu7l6bdi0nsGj7+C6BNxSi7Sgm2xfS8G/9uTcYcnKMxCiK2JkEo2CsIepWEIPwNQHrb5VWwNyPgDk5iwTu7WusEI5FFgA8YJa/SAcVFiRXGVuCzJzPJ6FySZlzr/rmZPgDN7HMAJiTpGbwrR2FmSahsDHZocdsTDg9Un1ZiVZDVXKx4OCB2Sz+rQ9BSX4y8JyYaXT9aTLqjlgGqcsF55TRZD3BUCt7huwy6dssCVMPh+BVMhyxmhYc/t1Ei2L3MyjQPJ39w0vl4Pi7/6jNfpL26JNazWO/TzzuofeUj2ecfb4s74c+4Mfudqfbtim85Z8+yYTHMl0Hif2ACOVqu+5t//jhO97uVs99+uMO2b58+9sce+qZF0SYQLPEfEYiaiTpYDz24XfvrwnsdDK3wU1Dz8BTHv+w9334C8S2NC1RF7UHjm4xnHSGcug06sqkxjNNjEtAPMqE6+1G5TPoEx71IIJOPvofJwq2xxl5mu+fc7Fcc9c73/brJ33PFpcyJwTytdPEOXPufMebv+2Pfrk/+ZZ3f/xzX/5PYD+bugqa9Ea2EtlVec9NHdiDMGpVSii83c886kH9x3/T3DpBWKqffNjxd7/L7du2e92b30Mdp+0tMoXHTlWYpm1689vfe4fb3+pXfuHJhxyy7U4/cty3Tz0rSSo21uln/uAxT3rOLz7ryb/9ol86/l53+7VffMqb/vZ91VZWGTHNLudNhaEY0QwQM5fL5XK5XC6Xy+VyuVwul8vlcrlcLpfLdd3Qzp07GRrhMDFENj4xTxOJjtMZpkvoR/h8qrLK4Lv6OGXogobLjSlh6IH8AjJkEgQ6adSkhL7lcKQ6MtTOHJ34S4AxF02dh6TYmUgz6hh9KDBKrMgDaTR7k5BRR0zkWQKrq+s7V1au2rVr5+6Vnbv799271tv1tp122LFVRhcoJt1B7CirBufokGwY0t4gPVFbEQtyU7IM5gkw8yLWsJApFDB0BA1n4D7ggCKB+k8dqM39lVh7VYsxEeznQh2WmiGzPMEgmXnR2+oUDogTrI7DHNJF6JIUNo0Ia6ogA43oY1xw6aZRaRm2uj0VZRIq/w8Bd4zksLuhDKs4yZS1NCcaHtk/AirSBIz8CXU7JTFOjQNNxA8FKqilS4kXDj0T5qACls4ngs6rROibAYfFJJPiVNLBnLtIc69wWViAJMIUktAomcMK88Yyt3jzcD6EQb4cPXnODy8994LLjjv2Ro966H3u8CO3Ov37PxQ4jZcYe/VgFNwBU3fYIdue+qgT+tsuveKqj/7714DNgu58h+Ne+itP7E9+7uunfO/UcyLENvTbUBNgGZoJWZr0D13qvv6t05779Mf1l938mKO+d9q5KbSEfzXbIE5QvFLYnumpj6XyL7vi6js88H9M11eYhotB2BEek4+/69X3u/ddH3K/ex59oyMv27GG2ALhQWbmQyNNV1LVamciZicImnCn6b8i4iRwchmcg7bc5563P+rIw75zxnnnnsduLpQiiciV089Wc5cX/eKTnnbSH7IJEGWigckS5SVrKW2ZlPn0n36AXPnZr/536jZoe6xIEnYogn4x0abE1AqQr1TX78+0SbejlGbCmtEkHHrI9kc8+N79NR/5xJcUZmKbkx+70+1e8eJn91d++vMnnXzKBTA63wAAEABJREFUGQEbZm6oxobbQw5Gqf36Saf8yi88ub/slje/ySnf/T42+rxffsVVD33csy+/9LI/+Yu3PPkJj77VLW/+yt/99Y/++1fOO/9y2vNxxC4hk3lNeZ545wjE71WNpkoDO0J1nGeIE5lBLO458hTspWOKy+VyuVwul8vlcrlcLpfL5XK5XC6Xy+U64Lp8x9VAUfUUK2MDS7hTknvoL/2Bc4QoI6EMBd3UNIybULqcht76qDHGyDHCiUAmmuEEQC8IHDxNKOlKNIgucUVLyKCEgrUULIAPNY2RUKLpKOSK/Oy/cCeRvQnYUqVr2/WN9RbDepd27Np55e6VHbt271pd37m+Om27aR/c7VJLmWMYTCFaoe8FRZkT90zy/FALUyM8C31Axhos/wozIA0oK4OZFghqc1HIBaEDuJ9NNRtpHodhNgEwpFDsSKcMhYzQGZlELVZQHvJ3qJoaBlXWHgqh9jex/8aBXfVc0Y5JlZGvjMGyMA3yjoDa1GjsPlQTOmPigQjZ3UVO9SNeJ8TR3g4PEwTx2MgMjrWLaKBCnAiuZB+wMsjRzvC0hBr4YJsGhTf4DPtqNAW8UN4jgz3arjin9NIJ9TYJNhzqhwGQM0yZ4Q+EckaOeIgDlocTlQzK5j8z0ww1LKJZj1CetCg5UOwFM69QtdtaZo1PCf70LR+QL373+U+TFEsET7D/CtmQ9B+TuiQ950kPPPzQ7f3Ff/V3H1jZvSor89Tvny/lP/yEO6f+MUwtl0/ZbeLkkMnyoc3yof3Bj9z2OLnsO6eehdlviUxRMPf3uFvc6IS73bY/eP8nvtQ/7bwbECMSyyv+68e/GNjv5Gcf92BqVmoxdYWqApDEOkScTLY3S33thzRLhzTLh0VpyfIhcbKdvuVUO2EMu1GvH/0wcnP56GdOEtcTEH+UydIXTzztP0/5fv/VTz3k+Lvc+dZ9F5JsO+16O51SKjLClNL2bZOfe9R9+8uu3rnyla9/qz9PnQ21pQo9ygQU8cCC5DlLXVBUUB5imJl7/MmHHH/I9m1f/sbJl11+FeizQPzTd087R678qYfdm1dU4p20aZpJ0yw1k+XY0OsOt7+tXPbt755RI0pX79x1+eVX94thfa190e/+SX/msMMOeeOf/S4VRU4wGEbmKxAGTwrkt9JB+4OykgQuUaRKF2LcG8MUl8vlcrlcLpfL5XK5XC6Xy+VyuVwul8t1TaklY49p2/axz25jY2N9fWO6MZ1O265LamRC3Eac9GqWliZLS8vblpe3bd++/ZBDDj300MMOO+zw/u0Q1vY+orl9W/9a2tZftG1peXmyvNTfl0kUkjihELBB3iH8RcOhb/NIgWgHUMKldQhVrSn4F/MoCX9Q4sv9ly25LIQUmynAOoaNEKfQXD1tL921+4Irr/zh5VeefdElp537w++d88Mzzrvg/Mt3XLRr5461jZ0JV0LciE3bTLqm6WKT4iTBUpgspWbCHifiG9IH2huACUEdbNMAoTivcByV7SpQw/doFgMBG47vN0LmgA2DRl9RfEm0Cs2EgwquCIpg3EHW4JzVH2T4mtE4mhNMpiIWZ75RHiEFddEIGjPGEvAtZEtRsuIQ67L1BqEIAGwEqP+NpUwqTap5kbpBNvF2RlpV+XzkcHuor1VjmeKNkC13ZAZK7XkoQw18ZF8PtRqRXCYMoMT6zlBPRQnxR3H4AMOImPAI2m0dhKgGPtYwYVwgFL4EZuan8njBxfO4WDZPA+QHrE08QzoCcxuQr9dOAfzbJ0/87pnn9R8e/5P3f9OrX7ht0mCapm4duw1+tdhN+9cvP+VBL/mfj+ovu/jSHe/8P5+wJdr893fPXlld788/4/EPutkx1283Vrt2g4iKvimTZrK03DTbDjviiJ991AP7ay69fMd5lNBHHw5JLSSJvvrXzz/q3tK893zwc6D4yHKcbItL2+PkkP7VLB3yof84Sfa1p/7Mw2mdkz1IF0qWHLqNnFEItthG90628+3bm/6g2dYX2H8VyAgkjqCcPMCPeeiP938++ukTFZuTR5K2p+b5r3jHxrSlFv7NK+5x19shQyd9l9uNNXI0SdMjr7/9/W958fUOP7S/5qV//r937dwZUhv6BmsfJc8ZtZmzFXWILb0ngnVSP9SpRTEmCThYKvQnPP7RlFvnQx//fM5XI9YuJ/33abtX1vrPz37Ko291y6P7otjBxcx/eFUcfr3Dn/T4h/cnLrn0inPPvbCsJB21SNtinHzqs1//1w//e3/mEQ8+4ek/91O0RTPWU1gsWz6wH8yI4yYul8vlcrlcLpfL5XK5XC6Xy+VyuVwu13VHAm1IXJJ+j89oybZt25QjYRFd0r8OP6x/EWJy6GHbDzn0ECJOjjiUX4ccdvj2Qw/bdsihS9v6EG0f512Oy0t9WZwfI3KuhoZ/VK/wiUXqG/Y9aTjPBuWz6IPMDUSofCBGrUUINYRg8fGocVYOFnehmYbYxclGM9nZdhfs2HHGeT/89llnnXzWOSf/4JyTzzr71HPPu+CKHTtWNnZtdBtdbGFCaXRSbMmcokFK7hERmTDAqNF34Uu4PQXlqGP0EsefH/+v7hBURe+RsHXc9LWl8GrdIGAAR8LhjeEtMl4AkH1LkoXtR23WnmABO2arG57PnIkCQGELrV3wTZxn9II5m0ww4iRZjR0aH7MJfVEhHcViwZxEylDzKq0bsLWweJ7E+hYqeVJ6EEK2qeH12uQVztgJ+/lIHD5mwyEIYTg1oxRHs9M2aMEmKtciW9MAABanD9z0Rhu7XBVlnGpe+pp/etdf/sZhh25/6uMffpc73OYv3/5vp5518XkXXdW16aijrv9jP3rLxzz0bk/hxDrrG9Nf+f03rK+tc2cnAMuXXb7z91/3rr/8/f95y2Nv/Nl3/+mv/q83fPrz/zWddoR99HvJtsmDT7jzn/32M25+zFH97W/9pw9xE5no0SHi90So2c8/6vj++MxzLvzWKWcEtTlZohQ8lCWHpwO7K69uv3zSdx94/F3uesfb3OH2x51+1oXMbVRZcpSNmwh6EpvloK5BmT/ioRMjo8Fo0/N/1zvdum/qOedf+t1Tz7G7oi4swLN+cMmfv+1fX/ZrT77p0Ud99B9e/advevcXv/Hd7535w9W19rib3+Red7vd7/3qz97uljftb/v0l//zn97zUZqaOKnzzlz/iMOe9dTHsKtQw94tS5wUjUkUfrj/8T2fSpLrqm4YhMkkPuoR9+s/fPBjX7Dp0/3lkkuufMkr3/zmP/vNW97imC9/7G2/+uI//fQX/nP3yhQZC9y2felhD7z3X7zy125+7I37i9/yjn/RJwcq5kZzD9GZ337FG3/iofc/4vBD//TlL/z3z33j0st3Bs6ulJtiLkSbLjSVuNkM3KBGV7hcLpfL5XK5XC6Xy+VyuVwul8vlcrlcroOrydKy0hAUaqV0MsSBgLAhfVgzciS8UZSBL6vzImAoKUvEQSBoXhmwbC1JbAlKNgQ2WUiafYbeKKRIBZDHQJCkCpo1hAPj/FVOVcJ5ZEI2Z+iL7dS1gQwF2pD6uPbO9fUdu3bvXtvYubL76t2ru1fXNtq2xdAxWoOwlPq7xLIiCmhCiS0CmQd0mZsg95FYjFYwx0q1LdHcSIZx5+KQsXlgFLgvYY/a4q/61bQg+8VoeFdoGZXUtgjRMLgDysf6NoAKnkj5m3xVspQvm3AnUPMfey/NBJQZF1l4W3P6GMAYOcWPrMDyRQyK5cQ9ljc8ltnMBiv0dyJogtTHDwgPYZkgaUCUjDiygPU5AaVrAEIudDCNOCfp0VYYGSrHnrq8UqukS8gXzOkkzPU+MQ+Pr33z+w996u//7Z/+2t1+9DZ3veOt3/Ga3+i/3Ji2O67effQNr58vv2rnyi/97uu/+JVvghAncQkaevb++YNfus/df+Qpj3nA9a932Lv+6vf6K8+74NIfnH/JLY49+rib3ihvOG965wdf+6b38HM+CeSroS5J0vIT7nn7mx19ZH/0no98kce1b9iSWpUQdNLQg5wSxPYDnzrpgcffpb/yKT/z0Ff9xbvY1ydVXY6MyE1kQ+H5iuOhkHcsYy6ZwPoLH/sT9+k/fvjT39B1SZvnkgFNtPm8+e8/ddtb3OSpP/3gbctLL/+NZwXeN6/etXLk9Q7PVfztP3/kZa9+qxmlsCmONeDGN7rBm1/z0rBY7/qXT3SU2KhKmsVP7YMfcK8jr3/EN08+7bwfXizrLXLvuG349+/+xAPufZenPekn+2ve/b//mKbg/IvPPveCWxx7zHE3P1rZqBDe8NZ/fvXr3mH7TEmURaMdxJQpXnTJ1a96zdte88oX3eDII177hy965vNeIWnH8gAjjlYRGHSVW5yJlvrfmtr7B+dlCnO5XC6Xy+VyuVwul8vlcrlcLpfL5XK5XAdBRxx+uHksNE3kaGJJ+jHhYCdHvTVWHe0MJzRhZ4vEIXqynRBDCoFRQEPmaDHa/lASjmSsgSRgiVqFhJIxBDSqy8FH1GwzY1cBEOeTFCAhtKndvbpz5+7dV6+t7V6f7ti5a/f6xjRAh6HtQkugCd2SqEFNCpEQGehD3pzchivv/wrsQlwKh/+tqozLyMcwwxzoHzT7lRwvDosBjDAuZ99Vh2aNDDC2AGWsShNDTZ/owbg88z+x8Hr+QtPTxGy7oXOW0my2Fxi3bl7L68hxuRNCTiYy+rIiTjh+jWFo+lHhHIN6M04BBb3QscJ6WstVpcgw0+phKh/ilRgLQVSQiOGmbAUBhQdqMqIikJCwJhyvjxJ656JjKI4sMdTgkHZm0LqtL6LqcWuqvD8wPK6XZp5EJjAUU1BPi3w+TpbPueCKR/6PV7zpHz989c4VuWN5aZKJk9W19Xd/6HMn/PSvf+aLJwni1kyWYv+iLDZLESYv+F9vfcIvvfJ7Z54r19/i2Bs/8N53vtXNbizEyee/dvIzX/RnL3v1/5ZbOWnOcn/AmaS0MU99zPFy7/s++iUQj5PJMqXFWdoWlzhRTrONz2z72Oe+3XW0fn7uMQ+mTuFg5TENM9HpsGmASmEw9uU+TrrUPO4R1IyPfvokkMQ0XBTvqo28+mte9Iq3P+qZLzvltLPl3v77TJycde6FT3jOS1/88jesra3x5HNjmok6tWxFlI6nG3i3cC6rxz/6of3hBz/++SDZoYg1kRbK7MNzX/Tnj3vab33PWnWLm93kgSfc/VbHHSP/HnzuSyc97bm/9zsvf70BPcT9FEAJ2BhGQKK49LZ/+Og3v316f/qJj33YYx/5gGH7ZJ3HQn5x2ipONdWUcVWoZQH8hQdo43S5XC6Xy+VyuVwul8vlcrlcLpfL5XK5XPutI4447DDKmXPo4YdRxpxthxy6vH370rZtk+XlZmkSl5ZgaRIaCoJ3lM0ktV1q227adv17R8YgoU04Tall8CAN3C/UCAT5RZxHiAx5GJLCaTE4MwbTC13XTadcbkdUAaIVJVY4tsYAABAASURBVJHHiBATvZouNhshribc2bZXTadXrK3+8IrLv/eDH3z3rLNOO++8M394wVnnX3jRjqt3Trv10PSvVYzTMGnDUoJtU5xsJGgREkymAVqiUoBKJpeUBilbCIVikVJqNJY8hR1e+uDwOPrff2zyS9LoyBcw+OH+Iu174BSGr1DjJmBYAAxYGT20UVUuRYO//EJGI7KpQoEjxgF3Tsoj//cLILUpzVArFQfDoMAgXj+K4+cxHFwzyOGB1k8sCwyxrJAwDwmY4U5oHcZ6mgS3ENcGdrUwFKQoZ88ZFRXzK6/5VDWPRviYE3656oytjKg5mULlRpMBE/2g6ZpkGIeDztmFwjw/mdkFxyhQKZDVSD2cWCcM0wIJpoDMh1Gyqv5hT900TddSu9Yf0FfsHdIsHULuHYRBgFyGqesvwHY9dRuYpjc75gZ3vuOt7vIjtzzssEMuuWzHWedc9IWv//f62oYaVBB7sRwnSzBZjsQoxH5H2Vjb3W6sYLfxI7e96Y/c5ua3u/XNbniDI8+/+PLzL7zslNN+cPYPzrclMwEiTrbzazkubevPMPjU9vtHmm5wUzfIuYQwj/6CQwhPiUtCkBCK0Te1b2dLneKUNP2TPgHiJwJ9TB0NSn+m2d4X3ky2E0sh8zVU6rq+RuzHp13raIhWedDE70RoFV5q5OayxO8TSpUD/Y0babqKHd11o6MOv/1tjrnjbY9LKX3n9B9899Szd1x1dcirmfP70AuafianG2vTtd39dDSh48c7oXQqcbqpJAsiqhNMYIIOKetQLzBkMOR1RlYx/X7X6MikfgD7eZz2+/yd7nDL29+2n4LjjrrB9c+/8OLzzr/4298986yzf6hwFhNLFQfT19Ope4nmUQOmwlog26jOqotsJCXPCCf96htDM5cYXRTUMfK38g8Ncldouhkzou24idEeDYHpaMV+5zNv69+PvemNgsvlcrkWa+cuQkKPOPzQ4HK5XC6Xy+VyuVwul8vlcrlcLteB0wUXXta//9fvvwiDhLctj4WmLOG3JFiIUQVJYJBBagOk3/gD2m/rxSeijz0GtX1Qe43IP/gPkhqEC2z6QCQXJ5BEsMBpkoikxOL7SCXbQIgrxAbFIpv16XTXysrOtdWdu3avrK6uT7tp2xIHQ0FNmKYwxdCF2PX1N0uEBSBFYNmRgs1OOGrZn+8oJBpRsQZqAQjrgpgZDvtRvfY3GovBFhnjMH8K2TGjJhfsXo751qTEMOifbWIGijM/9p9lVaLl1WnEVmEWPzBTkJS9QmQ0EDOSkqTkygol14XmkCF3dqGTTDedepwEWy5yHd9Y3EQ0EQdUiXVs/ci4V2vJ3uxk0saaf4gsM16QqEvNBjBjGFBVQUNssfLEPhZNqU4T3fQLsEwKjswVINjElVaJj8lQAyKHVXwgrLMwvL5AJ1CsY6AGlwamQLl0TIWvWWikM0cAMFw8VVUL7wCCHjA14ksRG04WAwMTF8YygjwORFU0F1xy9fkXffNTn/vP2uhH/S2wnwHxOCEWJDaNPG79K1Gaq+a7p59/2pnnR3ac0cRDYrBEtxOEETVpzjLTGBGDZFnqpzARnYBL4rAE3FS5PsRGc8Ek3quaFDk3E+EymDGR/qDByI5KcRIFqoAYNkPDmCxhNCTSSm0D8xQo+5Y0mE1BuChhPvrNrWmWtnWQIKWLLr3yggsv+fyXvpUnUo1bxD+mWRK4h1qMrRRFnQpN1DRk8vyWZ5iXReRcYZE9nPgBi1XKLWWTZIdtwBxHqIViLZTglO+d851Tzw6YhmCTrFQjS/rr5ang7du2RCmNnin6PxFmwxiTwiJk9CI0lW7oSBc0ktVKTa00iVdMXFG0bThmuCyY0w9sObeWy+VyuVwul8vlcrlcLpfL5XK5XC6Xy+W65jRtWwwZKUiSZ0azlqAeS7obvUFhAsvMEjT4GeiX9ylfwxhK4JQ6ei51FIiMFHdWdantw/l9/FJJiD5GO5lQYghk1iADARQejv3JaWpX1jZWp+2OnTuvvHrn6vr6GqEm/R0xcZw58a//+/euf1HIftJHy/uIMwZ1V+G2USAziYdGoqgnil8D91ksDRRwqGwmRiQAwPy0D7CQAsjwjcEWWmysCR4AWHDvoIpRqWDwRQ4ql8mC+lqzBtEZhUyc4IJW1sRAPtDVkbPphBzzxjpJST4ogERdDoYKulDgxsa+jCJWDEfK0IwwQUbIQBiBLKUBVp7ah+T2DMdy8LHu/kA54w9J3GAG8zIb/p5UqyRZ+QYxCFSl+UQg97lqXAzDdih5oyYzucmbIBFzhdXiCws6y8QAfcOmLBHjZFtI3FSmDThHjKTKipq0iKmn/smC1JBbRlxKaSo2G5lXYtBhwjRIoywFoza0EXQp0XPeF7u0tDyJTLAxOsJPLQqBwZUSp7Is2Aqnd4k8tbwC6bluQrPURGmq3EVsRLX+eOjjpG8mNThNtHl8DTL8wjsEkyKcC2nBMxls7VJpoZHHaSorOIIQV0DzC30bxD5IhhTYUacfsA5TarqOcArsMlelFkVkBUJ8CRUeuRlk8iSoR+rHR9pLex89FonGn/6gpKqhfSyAPFH9QutHN/OENvGEBcr8ZpgDQ2NwWOSJ68vrBomHdKYn3J4JPQX07wJdaU8b9U7+7RADFWbdCCIE/hdEnkFkYxNdvIz/ccuk8bxqCEURHCga90OLYLxMnThxuVwul8vlcrlcLpfL5XK5XC6Xy+Vyua4Dmk6nmqojB1c5OGoRPbAvAcQZQq8YYQ0c9zVvicCIiXyRMmaA6o4ROokvSkwSBJyguGzTtACpD5KShUaYYtdOu7abTtt2Y9qtrq3vXtm9a3V9bbqxsr6+3iXkjDddarQcilAzfQKcMSdFlBA/Bvm9vVmxcCR7HM7nmDC1ZRL0HhuJICHzGsCoiIpgBATnJ8GMVYzioeqxEmcBktqWY2Qhk9s3/myFR7GXsDtinowFd6awUGjGGai5j2BcDij2gUmzvHTMnCTzCMn0CVi/IEMe405Bpi/MayR3HCpDEwqj9y+Kp6dk7Rw2W+vGSYxhT2pCDR9odSlJU4wGAcGf7DqowvTVoqni3QsD35PqWDwhlJEIkFPbRLHzqOsq18u6S4oGGaqFxepBnroQFoMRs8orup5cHB4XxxgEMtUgoiIqHxPZIYP8YwgDiJkTImujJiJBJ5PUdJz0ZWrQiTp/MHQiZhkNe1dQWp62f77bjjkE8umZNJJjhZ1IdOVE9qcRKoUTu5DbijA9Vj0v/v4qjH0bUlCORJua+2vDRlwKZdKKCTWJEQh2YeiPJFsyF5DNuBOmQ2ibA86wpeYsVmQUYkYWkCW3aRiQa7DvAiUYaihNT0o67MB+IDwUnL8m6hbMwEfTbEtElCBZutAEdNi2zJeEbKLU3802LjRe+vQFTbJkwyXWJmoelV2XgJxmGDhhixJ+9FLZyHQoohiQoNyrjE0qT2+1rvphVujEvlXABHOiH2oYooF+wZ4RNlnh6Y1idjJcsZXHiWMnLpfL5XK5XC6Xy+VyuVwul8vlcrlcLtfBVssh2k4yMmQ7B+VQLObL7xKdlV/kaxAeNMuDRublx/xBHCmwCvBbOFXRELYvoLwd2xOrj5NOKJ1FI6zJeuo22rRzZfeuld27V9Y22q5r00ZL9EmbsEvYInRxWeCQLioKI+YoGhvFiNFIlFQSvwQlTGpCoohD+F3QYL/SANL5pH4OYBHaDKKMnDM2C4IODGP0zozkMPgAmWzIA5l9RIZOHqOWW1xWMJTCTAw7mdtXoxtpaHVhzil6aM4odmNC8bOhBDfZ6GS2pznSD6OWzhmTcgD5jGY5SlXd4s4SSsadgQlDZaixSV3SNDG3KeCTGHZol0Ntm6JY0Uzv5nYZh84sOAkz1itK5BjDIqXbMIVQ4v8Vi6Jly0CMR1wauQBWWih7UOd+NfjEIX96nCo2ASomSR78/BRE8RehXqWORsBGPMhmIbyFcUYClXXTlpyR6DHeRmCbesB0zJqAWmKorcgExYeDmYy8wAwcidIxiHVT42hkeGglaUss21Wo25lnKm6yfHnRdJabZqmJ8pG3R8hkT6zKEZwiiJNT/9SRdwsuU/IvTNWOizwUTdB1CeYEQ7skZaJhgo6zl9Eem7iLDa/nmPuiNjRB8DrlhYJuwdpHyDNXDY3u0ewGRU96qp+yoNsr9wuDWeVg5egjhJnwPWJyVaATzqqTl5gxPshONBg7qYtb1fcYLClWqKZgzJ1svrW4XC6Xy+VyuVwul8vlcrlcLpfL5XK5XK5rS9kAI+VQNFYgRRUAr0PVyFlG6pMlEwoZU6QcErZgov7wPipu0Ww75NCNtguUHwfWuzTdmK5Mpyvra7vW1lY2prvWV3ft2jWlWKSmgEBCQsgQpY/JxsD5KRREEDKgCcqUxJyJJKVsEhHM50RClZo+JNSoCBszcDRzTIeEEl8fxfyH7Ecdoh1eOl8Q5v+APwjsMP/H/MK7gAXdZVA5Qg+CrcwlMAAK0zHbjPFlfGTDzh41WLw22uoYK1Ch+IJEGEBHg64V5XaOvsqWHjWSIpwQVojAnGHZg3AwZWjkUIY+zP4kVNTJXDwD59vPaDIZeZ/ULbOhEcsTGxLCHnKGIaFuoibQQckuE5CXsJmdZDSiFB221POxKBEVFWmGE9Ks4TowliVWy7DgJjBIW2PtZ2sKpggmASfmjmPQCfmjsHkGeYMIaZFk5QrJ1kwaHb64xDhCE9Spg1w+JGsMl9Yoj8AOQpAz1+iSHTW1jI/QZHIeja4C9RHhFiAOhxQWjy3qA68U0YTJtH7pJ7FpyTfqYpalxl3u2i51fE0jNjITyWMWNC0PFOIpMaOi+cuQeZ4lYI6k64hxYaujmFcF8LLhFGbBMBG0B0zYnTxfZaJzO4WrA74lUOadAp0U/iZTR8IZDR2GiguTJfTJaXGyK1PVHixzURgmSiTE3jFBmKcI1RNUVQV72l1dLpfL5XK5XC6Xy+VyuVwul8vlcrlcLte1oE6isFWEv+ItxAGCTEkUHWFmRNEOtjOhGGpK9pP2EmCmgGJE+Rm8/OaeI6JRfgrPv26frKxPN6bd+vr6yuraysrK7vWNtf5jatem7RTTFHGaoOtL6YPR0Ci+ArEjowAOX8LEvFf0O4M0gIwByAkgJPVaoEq7umfW0gG9YF4urASxIAhjYUDL/WF0Rf8xMTMQ+CDYvRYGh1AzDYtUh4CzQcDcy4bQSY5VLy48kzU0T7g5EIM1QmQuDF2o3EeKN4OVbYMBYj2DCwL3GEMYNNPYlVJzgmEDYNxWyHHrGieoDnA+KgLqbhJsMQv5EfItajZReTcMC8gdn1P+gDjp3yeDO4N5M6hiNnxQPxkZkhRqKEbNL6xuGVQjRbS/YcESsW9h2Holj3KjpcMh1GzZeChH4X59hutrbJKNQVJqgZ7cECwjEOXPwbaDSBYaKXX9C1MXOXWOLuHYCMuGWp4BasV0RNo1VGQIAAAQAElEQVSvBkSsWLiTCjQJ1qzR+IBhWZDdZSCG/LzN9nSxzKvDhoKy4eDsfWWixaSHeq0gl9RIviZlCWS3jyCJZ/j2xPhcKiOh00TmMQLN5HPcHiDjFTQwB8tDAdWSgBkqrWJTeFTj3O4bLFKuH3B49ROYm5XptLwp6ODjAHji/VIMpWqiKeYHknOgJRmhnNnL5XK5XC6Xy+VyuVwul8vlcrlcLpfL5XIdTKG4EfDP0GuXDVLKwUHgD5QqIcnP3zlFjqRE4JQRGUIQpqCJ5BdCAWVKIhGmqVvettxxjLF/X1tZ39jYdcVVu9q2W59O6bU+Xes/hKaPPraUNYKSYCA0TK4ETvfAbUlReIGkUc2IEvTlTBSJ01YQGEE/l2enE86cYrYg+uv4YVxaIJk4E++f+WF9yG4COTxc0JUgOYP0Wh6b6l4JK0tmkRLXzuTBPFURYQihDuNqwpEgIWVJaKKxXlDvhdrIgJqibWO+QUdh1jQDSyRYmQ/pHtNEKAfmboI48PrISWNEEUImdhZ20CAPMfjAUKrGXLVEqxW9yI3TOmAU4C+kCDLqZE1DjLK+yTgDy4yjjmWmhnRRA9tFWFWCZKHGzbXbSD47WGAG5klSKNAAdWoy7rDxWFJrIZDAiJNyVvENmxRCeSrIZjMSYqAZaAKGGIrN9WiaYOiEkdtjZWZrGmMioK7QTnBelSAbAmb0IjZEnGDbTqdd2wqIxpBEBEmsQwMerT4+ltQ5WNglvgUrxgqCEQ3D7uIWBmbchUFnN1OaU5RuGzgsLFUomSTTSQMgCyGPEEpCIPI4SSC7cuBsPKETUgnMNSpgB+T9Alj320ZFM+BoHSFUvA7injcdxgy7RRfItCezZalqmVtUmaPybW6vfoTssiUAkn5Zj1LFslhGN4dOXC6Xy+VyuVwul8vlcrlcLpfL5XK5XK6Dr0wPcKSPE13Yj8+DRRI5TkpHqY+fMo9hIAJUP2iXH6jLr+n7QD80k8nS8nL/Z9p2qYWrV9dX1zd2r66trre7d+9eXV3rA4dd18dTY0cRXGhjkzAmYk0omsqZIzgPRx9vDWDRf1BSAWJFYwTOTNE3DzoxOIGcTAcwGGKBTKaor4GBG4Jr0HHDN6QyGDgMpOa4Z4A6mI9qkAI1gVL9/N/4EP4z/AV/LnhhFNi+126CxcizsQmF6hWwAOtOSVsTQu35ATwx/dhENFuOUagYq1xL5aTgIWxpo8xJ7qZcABoUzjYJVjKMulHflYtImc9BaUDtuMEhZqFPeDEMLCTqARoYlljSnCBx+6DR+xDtnhgqH4XCCEm2FuqQYDY6YtK2QsSw3wL77YTK56ZuM9U9sQg9vxNRoX4e4lYiMzg/R4iSPZxbx0YnT+SelsvmggVn9hS8n3XFCHu8I4bCrCV9SLDD1E7XN9qN9f58wzl6JFOP0mNaMj/tVtcm/hzXMUFetSxjqdT9JsljRBQYQMa29MGpuoWVh4ckESNwhZ70hmAPWhSUoMc2Agx53eujlzeEGW0Z0tjjONdYCRins2+zYyhJGQa0PS6URybvaLkFzpy4XC6Xy+VyuVwul8vlcrlcLpfL5XK5XAdfbYKMH0TyCsnhTqNJxCKEY99kIQKcIELipMjpL2KcTBplMjDzFoCxWZum1d0rKyurq9ON3btXVjfatfWN6Ua30bZtl+IEOAFP6gtIikxEzaoh8X56JTU5YRiAPTogIaMxyhiYAwWrD+t2DFZwI2KJhPLVCXK/csBUEIqcsaSOmQ6tAqr3geagFHNkiYpgn+EByHCQ5JsA5Ra4d9EKTFWNxRUkJaybklPAaBg3zLYWM2vS8fdEnGh6nSTsRdhvAECdQ7C2OQmV18eeI8p5UoANMsjeob6Li4tqehJhhKkMABYYua0EmbKSMSdKyUkfBPM+yYMnaYOUwKGSJ9o+AWKkqRBtMQ06kJdEqD5spf8HQFuZwXmA0uKLC8eCBdUSrqd/NNvU8Sshr98m2DpOagVTlfB/vfKq4qdJ0gqlAdY3V/bQhdSR5B67Azg3EeN6oUqcw9Vd+0QOFDMSObEvi7Ze6nloZDHYEhqjauVSl8vlcrlcLpfL5XK5XC6Xy+VyuVwul8t1UNUZjiAJQsy6gWiAaAFNYFpD86BYoJ1i6ZMJJdCZNBCbjr/uA6Fd13KYFKbT9ZVVYk527V5Z25hutG1itwkMMTTbm6avep3SZoTYcvKTpL4U2cIkGxzIgXIhKPkpUA/ICEDalfpILQVik0Yjy0/m5VMsnZ41TUjc71HEFrLbyULi5JpUCcUW+iWHeGOMsSAXFU4hZzCTJaFgFDgK0y7ujiThIOJkSPWklOqG4bCMrY1PCmF2qGcDyOXEHHMOiNWxXMIGNmkuriDDBuZKohYm5kiiF8hqkorRYBj9j0539YgO7Rb40Zipt382hJcSRbsaBg4o2f3GfB4QB2mMZrsSDrT2rcgxtrPgKvbooB2Es1/1G8M0ddOu62xg6nWc8S7jjwLs/fLakmrKYX/MOWY1W5jumCi8SYeWncrMYuLgdn7vr4wEl/SXt13qQn6k6fEDYU5y1p5rCU66FqXbij0T8uTCECa7Vndil8vlcrlcLpfL5XK5XC6Xy+VyuVwul8u1WG3b2mEUnwww1wdNb8DJLywCqHwD/YkTyvYwmWDTYIzrGxvrbVpbWbl6167V1Y122q33p9ppH8rvOKcGUv6a/rYJx/zJgwSbbagoi+bBCRVxYj91Zw8PNkERcxWMahrQ/2mZCEjBwrpUC3leSAocDANDAdQ0NJU2jVxWQfADQJzUySj25j4FEqQFUV5RXU5KaZJWR47MpyRVqEomGMQMJkimIoC0uNagXjJECghnIcTJ8DJbJXvRn6GliNW1+R2LznFvJQkOGs6BYUErBz4qurrACuE1KS4mkEEd+j8pNSAGL7luyNlfBjVBmZcJNNHORhsmKAhMkJw7meTiITF7GWO79ouNgHkERO0TAWUYM6KFcyL6huYEW0yB8wOFRap8Kwwe6Ec1pX4f6LpuOsWuf3JjbBqA/jWR+syRRltiqwJg2JxNGAsYVo9jxApmR5Wvq1Gl7Gyz8JkfFzK0gZG5s8ERbqnjSsjlpYBEwjVRr7XlGHLaKkkIRohJ1z97kkYnNILg9eewYE+YawSAykVpoWR5HVh8p2Zf9qVgHFMk0SjDbMRUl2ojO3iaXS6Xy+VyuVwul8vlcrlcLpfL5XK5XC7XwdK0nWpmEOhK/E8T3QjiEEITG9DsJHy+kbQ0G31cdGNjI+Hq2vrK2vru/rW6snttLfHP8Pt3YkbiEvTBZbZREXiBUJU+wA+hq5w8DDqRTDGQPSmisg9RIrJtCB2nOBHPAMNN6HYqH0bMSh3FVjOTUPMfeRQqzCCUawoJcKCitHU5sChkWgVZ+6obom2oJY1aZoDMxQA6QW2kpYBRlCdJ/g1OPiOx6a6kcrEoudWVpE0azM6GNpZQprrFsAttQK8O0YiKsIVRsKHGUIFBkCpoYFOyAHhNiP8BV0vznteSOUeAmdtohhezFtG2G0cB1hRmezBnadJWmP8JGI2BUjAUeANDLl1sOwQwmYQ6iQ7UFQMaIIMDdEHZoGwtE8KByWNUyUgZCKOHQc9XF1nbw/BCbc9MRpTZWsTHhbPAEELRkUFHO+00tw4POS9nrFxNhu2L9bhVSAXO4kUo/NmgPYMuGqWRgZ58Y+nhqIoKZcoX57Vb1kYeFR4sBNsyhFUSAIy6nxJblYxqzwgWWjni4iQuJ2waxTmistkQ736SnEi7oyY+w37NUUXGhAO5qPZa1ms09maO8iZdPynyr0GmsvbE2LhcLpfL5XK5XC6Xy+VyuVwul8vlcrlcrmtc6mehAd/+OApe0ofPUcKfFBemBDpJM41Ieod2dWNjZX19bWPav3avra+3fTg5SYi0iUvEq5CPA/TB0Y5ipJAoRtvXQmURYUCB2Ib+sg2CWU4YJsIOEyHHUSmqSg1tyW6DyIkMnTCPIsFmTrASJGIdxwlPAEahaOt/WKwFUdlscrH4OlhcXBW8L1BLfWMOOxu9UG4kpiFATkgSdPqAcR4x6BB/F4EjJOhfRdkrTwK9P0I215ABB6SpkeHifCAJB5F4cwep+oJbjl/Xwe46aozlS8E7YFHyEmUAEEJxDIE59UOOVgtzwjWy44h8XeNOaqah9jDYpVSjIIgl3p37LZyCYVg1ftGvxNg09JrUzMmMIYrgPBngyGt9np/MPglmaBH5FErLy6WjC2Det9WM6OLkP4NTdmGyk1EZC0zttG3b9Y31tY5gtH6EKLFOP04hlGRJeXngsI1QqB1cWmr6LWR1Zb1iiOSbjKBV5iNMzvEcK5d0zE2u9ycvety3T7/gdW//FF8T8/J+3E/c/aOf/u+u7eRmSfQlhiuj9fXIB93pDb/3pPd8/MTXveOTf/xbT/zqf535D+//Ml8UFZgBsiThnYKdcmjL6ti5ZCPmdavDln1WjMMirKQlMqftDygPUYTiBZQksU6wrZGGGGW3RALyNnkO+bHB8szggYDpZpbZXnAgBT3JwI4WVXNDua/VXsEHUJg1l8vlcrlcLpfL5XK5XC6Xy+VyuVwul8t18ASNREkDeQ/0UeBoHhD063qNn/eh4aZJ026DAsfT1fX1XTt37lpd7T9tdN2UIYU29SFPiiYzUMLeGhrsh77UxDFhqoIsSYRUEB4ihuLsEXObGICwWLzF5xmDwJbDtP2r4wi/JIqRILOFnCWAWSUAkS/iHgKsMMZUFrIUcyiTedwJFleROQDAXKcTLD/jD9KFzJ2w8UyEKgRvNgE2gBaVtUwd7C9htgxW5RghEHggabU27HxEQXJK8EHXpnw7KLIhzagtE2rKAnHT+Ldm/OHgfg21hOIjka+sxizasGRLm1BIlCoeHebOHRTMJxRPDW0tm0iIjUTAYjISKzueUl093pBPKzTB1AimibUgZsInhGIso14m0n+GNJg2ML7FnE44BRJsChMsFFQTYiCGfM5cSwxbVuaMyuiUfuUCUxj4BYlhTOj6fWNjur6+QcRJiJOmaSZLzdKEdhYYNLNSHCAlXOn27Ut/9yfPPGT75Bm/9b/7HUi+eu5THnzoIduwQAllbX/hxNO/+e0fMP4mKyYcur15xAl3XJo02E25kobQixhf/NxHvvAZD/n5n7rHL770nbt3r6nZU/8tPYOx4k5kttIh25e2LTdrqyt3vf2xj37gXc8+96IvfP1UhEZyXyWjbcjhpJ3S2kwdduvY9z8CKhAjq1B3K816g4R6de16/+AJw8TPGLDJE0i6nv716J84/rd++Wdn+ruZXvs37/nYp75mCcxi2G/c5IAoY2iylYCYutj+Vu1raAdBiboRguJyuVwul8vlcrlcLpfL5XK5XC6Xy+VyuQ6SIE6qIHFETahDthChjwjH2AZcW283NlbX6P/1jY3pytr66uoa2aI0TYfNRur6WzqOjSK7mwACWoqeAI0aazQwnZb+ngAAEABJREFUCNLzj/QlVs2hVo7CAterbgUaJteUGeJC0V/IhSeGV+gUp+morBCgGCdwXJdcBiSsiRwct9pHPgnBaoEh5nBAVGxLRtBJHTNFiSpbENaCycK+RA6Bj9uGVQIRhAysMHRC/hud8iJq+wIlG5E5jYRxEwRYkQweLSf3kBKwdqSQhDWg4XIzg8hfKrVUehrrvCXZaWGcHQPHCISUkAT+0GIRZGXZNQVUMtOKJPYWZm0TcwIPGBXMJSYzj0iSuoQzoQwaFepOU3VRDGd4KhImjZhjZ5FyXG/X+nGT9Dp7WkmVxwlWpiqlYoD9jazX87G1omoiaV55UJE49WBWJVRmMZQjpm2nG23bdk1caiZxsrQUm+XYkElRrJPXhD20q99e+kLu+aO3ef9f/+qTX/DXV1xxdV/z857ykBsfdcTcG9ZWV//zm6fe7GY3fugJdz7plHNO//6FQVgTch1ZZ6OfRKBcwvd+/MSfedhdH3Sv23/wb37tyc9/4+VX7up3Rl5uDSdsAsOKyIqEiZB+HeDVV+34hRe/6WN/99K/edUvPPRpr7r40qsxNP1WJ5c/+2cf8LD73FHNgko6HtD3sfdSZizUdugb3zr1z97wf5DWmyA+4vdEhRx9w+vd++53CHujGx91OKZWoBOoenRdEJlejYg/e+NhQnNwcrlcLpfL5XK5XC6Xy+VyuVwul8vlcrlc1zk1k+WgXhd9lHUiLiOJgYN2Y2N92q6vr6+sra2tb0zbrg/4piTZQpbIfiQwK9JMWkuSw6HtmCjNBOdnIXcRQAu+A+pv/BV6yK4JQ/sNQR8ydKGGAZw8ohMyQ3ELrKK2zCKIb4WVZlH2YbYGoTo2DWDuQ6aILZRWPpZOz61hYPKhgVfORVKYDEmKVJUbR+NBQXU5CJJDIwZLWCT3h6ApOTLfkCqHFSJOZLJ5WjFXOnReqToV9m0oUsgTMhoLZRnYCycBbDYbYDMMA8zDvEcGVENllsBDQ9YmqWODk2R+OpmkyH9qgEazOAFU+A4H8dnEhICEaTftNdlDUJ9TV4lHSM5hJPOa2w8BDtQq3KLQqg6zxAlU7zg8P6KHSj4iylbUtdP+v76LESb9Ip5MlmIziU2cbz206aO3e9f6M1/yt6944eN+4QkP+OBbXvikX3v9hRde3tdy6RU7n/niNwQBO/je+937jv/r+U9OaZratTve+sZ//pIn/8Ffvf/U08/BruWmpdRuMHyxJMYfZ59z8WOe+/p/eM0v3vNOt/yXNz7/8b/0Fzt3rUGTYlwCYbhQFg3lymmnRK40ELrp2infOf0lf/z2v/7D5z33KQ951evf1xdIWAfnvLnjbY556H1+NOyrNjY2BBNBXiB9a8kHJ+XtMXz4k196ycvf0F+zOZDx2le96Kd/6sFktZI2QpgwnMWZgODAZNjZH5Xd0GQWMSFYMi8ITpy4XC6Xy+VyuVwul8vlcrlcLpfL5XK5XNddxeVtfRSy7Sji3nZhfbqx0b/adn1K2TBWp5RRZ9phx+HJgBQpjuyiof4lFLsk8xEx6JAi6bsoeUkgCHeitIfFrdm7IipDEupIO/EloDYnXC59ZAMKxgJACowoniUaHKczmrKCq7PCzEglhGL2IR+uFc2N54rrgQRbYQGWIFSHUCYRIOebKCFaHFaBo0otTUvO3aEpNTrDJdTNA83FJKWUjTYorE5pdZK2M5e7wAOmtjlZNAg5H1A+UJ8VzPwPDJO9YIaUQCmQ+emRAGoYYjyKgwwtQ1RCUg8xctLRgLFTj+SMKd2pMzTlwYyS5kTj4qh9SB1lm2qnLVl69E/NJIyTKsVRfF2yGdWGL3me2RUjwGD+NtOo5NF3i+cnzWbY0fFe4HGy5ZLlgtR10+nGejtNbIy01EwmsVmKMerTClW+oS2Jlubvv+a9Kyurv/b0n/jz33nqM379dX1zN6bTk/7zu4G3Kbnuhjc4lPvXpnZN3E2QjtdTtyENo/Q6kZP7cF6x/uCKK3f93K/91b/89a/f6863/vvX/soTnvvawCgWYENmPQox9btQ203XA9ukYLvWd/Gf3//vl1x25ee+cgrEJTVr4ll8/Ts++ffv/WzXrqV2o18dkfE7MT7pDz773tf3Fz32Wb+9a/eqDXrkC7BraUXuuHp3SOznxHdw/rOgTw13c/fK6rnnXhAILxM6DMsazRMUcGX3inaZEBbKKMQ9GtBV15pwuNqDPeD11iIrUneohGHz5e1yuVwul8vlcrlcLpfL5XK5XC6Xy+VyuQ6qdq9tdCn08fL1jY3dq6sr62vTPkJMTid9bBU7DmImyu5CWSOQ8zKwlwASexKh64O3XYrNpCqSQq5is0GBZtQwaOWiwf/jTDaVwFwAaHqJThJSAFXBcEAfd41qEUJ8QB/5TzEW5CL2zdOvY5CsOxzlZ0MWtuiorRogjWrmGDiaD8iB+f3/opQjmTtZcJdamwjk0VgqmcKdJFyMXwhZg9mpA4t3Bda2Amg5XcjYJqVsckJ8D3EYSZooBYm9R9M0ewxUbz5uhTgpqWRGoeZ8kDjaLPlPwGw/QEmURR2nt6Zyb1HlXmsDQLxz+L/EyVJAfCx08IOWNRj5yveELTIEN+Gl1hezMV1bn270L/ZNIX+PyXAsYOageM7w2dr1J0+S2IhsZTHW42L35UGxqgAy4WX95ZC/+r+UR2RgDpQtV7AMqNIAoO4s0vLMQ+T3riPHHFpO4tUzWVpqJo08wfqgaWNyk8LsAoPBOqaPf/SGD1y9a/c/vu+zqDlr+r8b25Ynn3nvaz/22W/80evepVgVOf5MJcNWv6dht46aXqf/fspD21hWLzILWl2dPvUFb3zfm174hnd+9IZHHfavb/1tHcDSNrr18EO29wc/cf8f+/IHX1e38nm/96bvnnmhekFBPP/8S86ZrrUbq0S6YMt0CPLzmzLL9c2Tv3P1zt3sOxKb2G+yxJm00ykPTb+9Ce+CdQPy3NziZjd5wmMfFNBQMhue0iSehVvc/KY8Ev123gXNO5X2i7xDZbBGJ0NYvDdg1aKy4DC3GA2oiWFAIOb3gn+JTZOs471Ellwul8vlcrlcLpfL5XK5XC6Xy+VyuVwu1wHXhZdf2UeFN6Yd/Xx/o51SfJZBkxQ69RJpUmVYEtkIAjnQ2Sb+Uf9kSTJpDMrVDBDENGR3EfH2SBbgxxQLgRA0jUtCsd8gbAU1cgyciYSD8rEYZphZSJDQOQaLY2MLVV4UM1yBrYRZM5oilhfz2Y55J3FsVzHfFETT2WD9qXxlXYs5hU0jfysMQFuovVJgII+wnUDthDAqSe1Pcgw3WZuTZNUxC4Vk6WJQouPVCJjtyhzqBAosAMOODkLgeYiYcRFLG5nN3H+oygBbEeJeE6o5nTebo7A8X5dyhBtSMH6DTXcosi+ojSBNfHkUpAVLFXUnA69KZUOk/TKEZCCBaW1trX96uj6yL/4yMU4qxida/6Oe5PuEfgkzqEA9lPPQrPnSZwGDJY/KWaKqEcVm2CdAM5nIWM6oWHXtECLL1mgQIIiNKEDtavipRsmXJOuKWLaN6UbfVRqOyWRpeTk2E5kAZnaiZX6COdXOHY/I1yMBb294+8cZHNFOM6AW7nCbm3/zlDMh+33QBHUKnZClzVTdPgy3AvZVMp4r9st85661Rz7zj1PXHnOTG9zh1jcNi3XE4Yfe4fBD6zPbtjd9+X3beHtUQxxtC1uqoHqR1A9KIoMW6hKwqUnoV6Rcw+llNOFTbND2MrJ/4rxU4f7H361/hS2KOKFE3B71GnFrKFMtGANT+6Th4z5j1DRTMgRbnrb47N8a3sb2vSEul8vlcrlcLpfL5XK5XC6Xy+VyuVwul+uA6NKrdnbIAWINg9svz6P6ETAoIt4O/Ct0jvkBNBIsT5l+mLFyyPFEjRHSx4hm5MC/aacofh9D7TRUnQGImDiunyxmn7OZkKcEhyuXmqAJX1CC6hY2BwnSFx8RPVGilqXvDcEIGTLg8KbF5GEPCWPG386BThbdPRPYz64fOtAcfm7I6oSPkrpRZFsKmAcpjLpHg2cOAjEG40yC4h4W+k3qOSOUQOrV9GFpUNxD69SKgyyIIDxKiRpXjRlAJwM6pTisUAuA/WeExAjmXjPoU/+xMX+RaNhDPYowMoDJVWoSHjDmiXoGCkLEIIuKRwcFPTHWpT9oyjKGOh8QHysNhTKECcwShow8Wkr60iYbZbl3EsLAI4Vxk7APqpCQPVwVDPap6oXhqp+/LHFhoXsGE3AWmGG7jn542rYfGRqTpaUl8jhZmtSGJfYXBmf2pFsfd+Ozzr6QGkYZvBpZkjAoc+bR0JRUjAdhayc5Y1fEwTU8dIkeuXjJZVff/bG/bV+lIJYqlMGnu8sdjnvXX/3eF772ref9zp8zydSwI9HSZTt29X2lhzY2ynWwIVQMSwS39FsqJiZPxH9J6qPcYLTxQJOw34+iQCU0c1GQoBg0f5i2zzxBwme/eOKfv+EdQVdd5P0ZQgGmZBNIL3nBsx72oPvomf3BRfa4jPZD+rxJRbbt15XnWQWsbFNw37vjcrlcLpfL5XK5XC6Xy+VyuVwul8vlcrkOiFamU47ng3kX5Dg1h/slIwf7EdRxRhwHjwcaRgIzBpHZEHkDifhSIh3mAji6S7H/xMV3fUg/FFsFLAhEmFP6zJmFzAdkygGuiZ/Jj1o4yGgzSBYBdQMKIsPYCdgFUT1TYLbkUdux6lqoY7jqDyDX5BNmZxKEpMD8Ak2bwv4VufaSdWZc9RZTEUH2aWDyo1BEc5EDhMKxDCuUxDZ1fiIs2FOFrmQWgerqmF5ibIBAE0ncA6jg1JyxHTSbpTlc6O5W0IOu6za6lkqjPFRJJlPeZbTr9Dpgg6VHSQGpwZOycBz3ZEqR8/KgVWCjU/qWHVVmeljeN6lmBFXleuo7OC1W0uoSttOua8liJE6aZjKh5ExVbzlbFuT8OlsQFf/ER97zdb/9sy9/47+94z2fkWcEJdNRCPk5mb2vHGDKj0L++j73vN3hRxymi4XNbz77pW93HRFEF120wx6QlrNQJc5l0x52yLJU+MPzL6WD2ECz1EyWY/8iWK8RCxsywaFF0QSyUBHEjRZKwi5DJwSUxKb/lnGTiJLnhy2OmM7CIUoyoDIuvvTyz33xRExiB9XwdtHUs5xS39r0zKc8du54hn1VwVoGZ8NWVG+I9UnbEcMCjqRibfKDAweefXG5XC6Xy+VyuVwul8vlcrlcLpfL5XK5XHsrZGcLcYqIMCIAKhYin6/ifPZ7+rkamF4Eg06EjtBUEcSdJPOcUAuORDFZQM3TYT9lt/rFPGBcz7wWjH6TX2UQYaZDCRgcJG2Bcbe3qILgzBAnGYxQpVR/h/Xv+ynuSu4mEVRieQIx7rEiyyMjYI4gHXZSqq3AFzG2oZFnSoGnAMW3Q65kDgC1edIOqcUGe3OsZzw4GhxGmeVQ8Q+Y8+dksMJmaRhPznYj8xLfGNFSUfEZB5QAABAASURBVBFCXxA/k8iZQjiTFGRdoaYwsrwuFe5TVnjGGMQjxRiLxAPVCWnSbbTT1HXULVA7IG53FJ5mYs2JVcOChey1l/vNPemgbG75gBjzxaO7cTFxssljoI47IT+cwAmDeHHTIHX98NDQpBAnS2RzMpkEqNZxqTTslc4456Krd6/94QufsLK6+u4PfHF+azUDSzUgNfZVJXmKDZ3649/8uTvd7mZ1Ubd58K+v7G4N9ZAUOcTH9U8ir+C4srreX3boIdv5GY0hLsVmCZptsZkQgELsiGRvYtpJ02UxHsNEXSTwqpO6Iruk8OD0r6Yvj3yEkmBeamICMMKTVIcfdugtjzuWLwIpATKCo/0l6OSwww4NB1CaHGk/Chgu17m7SZlNqK+Srwo26E4nLpfL5XK5XC6Xy+VyuVwul8vlcrlcLtdBF0deQ4IkAfFYnCfKwSAgOBNxlEvTgvKNOBFnC8iOG2IIkSzFSYfq/oDZhKOKG9cIwr6GO6XdOHB2SKVvdn5fip93FxpXMVAoQVRN62OnokoychiRAmHPdixYvQewjDkSeLf6Nb8OAT2cccOSGTFEIVBGjtRbao/MetSgxwJWAsc80sAWhXCPJLwNrTMzPGnSwHFCUYZQKJBoZVdgUFgw5pxnhVMP6eIJbDTBXdP+qfOLHknpsxgGoDEYeQT5Li6H/E2kzC6FjnLsQEo2KEbLaJ8mw/A/ZiIIbYEfqIi5eeekMPDR4cxY2gYFPnA4cfVw1me38BhgsW3Rzyoap7Zrp9N+qGJslpaXJ0tLukCq0hEsa9deDAKe/N3znvD8v37P6375Nb/91JWV1Q98/KszeFluzuC5WNiLED72+W/992nnypQ88SfuvX3bckhTxBbChHkRSQmGPLFAKX1wsrI27W889NBDoFnmTizFyXbmTpYpsU6/ymXddcm2TzMLIh4FQ20OxJAK8VC8h8aGM+lw5ikzoMLydMPg0XvsIx/Uv8K1q/Kchv2QJGTj7W/EkW2CksgmJumxbKk7dOJyuVwul8vlcrlcLpfL5XK5XC6Xy+VyHWQlMNqEw6LmRJFdCTQgCIX/CEE8KkK+qthTVJfwZfYxhwcthkp1dBLJ5wii5EOpCBVFCMKwyLnRcKxCj3HetxzcxKimEJWzxQBy2B9BXXJVs7UK1Ltl9kZBKwg3gaZhU5OG0BMLVeP46oWoAijeUfuaBMVBlPUR8oKzhBh9IsSJQRnUBXZaiXk6YDCbEnqvzAbCbPB5BAFYOhOQrElmbcKZVQZUhnYQApQDZYN0jWabm/nLAJTxYQoEu5RTBslytfFnjxOrhwmAEMGMV7IzC7miBINW1NykY5sYGbdp0nQtAupwQJyHj1PbUD2TCjDSP2VeDgBxMhgCKDOBthahBsfsMpxfzF4+A1h8TrRvYHgFmcCwzUl/EZmcLBOW0bXsoEMIRyPV2STvdY6rM75/4c+/8E0ffttv/PXLf+GU084+/cwfzuFLELde7Gvf8mFyE6JZnj78hLts37acumnq2tjEe971dg/48TuGYMmZ2Bnowouv+NAnv9zfeP0jDuekOf2TuxwnS7Hh9DoQO+Zu+CkrFj3K3KFOT6ZweCECk3eceSrxVswPSQ2nyL6Whovmu6ed9eFPfC4UMyio7WRsHPBxP/WgO93xtmHflO1jRmd0I6ogmNyKUnuwjovV0YIaoF6fNaxW3S+d0X9GkvhghTn0m8vlcrlcLpfL5XK5XC6Xy+VyuVwul8vluvbVSAivD/clyiJhgctsnTEMS2NQ4ED9IjSMrXxAgUtSAQz4JAhokvQMhaDb/irQqD8CN4Ij+pYrhdEEciOxILr9Bn4LRgzDTDSImijDYt3ZdWIYO8f6xnL7nmq01kF1u+TSMc4hj+A4/05k9wP6r+kD2OSSgNHy2SgY0aXcACwkx9Bmog/r1zYeyMiFBWxzhh350AVNpiN+J50RJ6MujYLEaF3IRiBQdd/K1rWAWFMQIBYqkkfJcAvU7jPthMZ7GHSiA6p1Qq48l2ytKg4iUfxzOsFO1O4lpZEhAlSTZQSGLneA3F4CU/T+1GFq25YdTrqEXB50guwI0JIUO6Fykvj18ORMymBqqZzbiNGd7HsTtraah6pZLF1UMu9ikhOUn2GzE/HYCBUklBdWKW9vGzBaHhjMlQiNXmoo0QwZnfTDQiuNYCbOO2O1oxkBRYh7US0b0Zx+1gXP+b233euutzrjzPMHqXP2T7kATB2lv8Huvve43e8/76dHl5148hnv/dBnN6btkdc7jIiTOKGuxQk0k2ayxOmq2n7lGMxn1Aj3XRuKTCeFUh1tFDDJSzxmBiM/d/N6d/J3Tn/Fq9+sKbugEXat2rJ5A8J03M1vsu/QiQlsf0fbhkA7I9/WKJ9+k/N7hYzazKhvsNgxqc9TRksqjkjXdsTsz1Qwo71euS6Xy+VyuVwul8vlcrlcLpfL5XK5XC6X6wCr6aOfEFNIEvWX+CXgKEA4DFJzwDRbG2DAsR8Gl5IKiaBkB+EOYrzB6VaEikgMnSSjDvRuRl84Mj/4NXuV76Vu3JzYY8nSQA4LMTtkgCSOyT/ArzmO/jjmLDN8PWfTGFQ3J/YbKUwca9MOi5XmgLg1adARrj0ScULmJk3/rrl1MunCwAXMgT/qUwqaQAnXCoghI2wNEeIHzQolKZuSzUc0wY8mPYF5bdbechoXCAtdZ4ZDFKVVlIemYEdCnDTsC2KzaYlnqri5lN/lpE/j+gDq/iklklNwYMc18TfAMFUwfEeHWE1byoSIx4kNTMeUSdu1/auzDERyHmy1IpTln2RZGSgwmTM6Ct0k9V7BuPe8R+m9FlgMTjLHkJPpzJYeJf8QDIoJ+9GMzAqFrkPJqkMFEocRgzrz8ECHfgWgJpBanEJlsYQe69+bfi198RunfeGr3+FNohgI7Rt3AppDJ+dzkmeob2z36S9/+8qrdveff/dXHn+TG17/j9/0nksu23HZ5TtC6i65fMfNj7nR0tJS28niidSwfh9NHa9xXgaaMwdgjsNMbjRVpSiX+pxUj9b8HsH8gvay31u8ruBmVR04vH8AA+ruV87PqVudlFCfOf0HJ29uMm51beLTpOcZPVuU0M3lcrlcLpfL5XK5XC6Xy+VyuVwul8vlcl2rYpwECT0xEINNGUYhTMmEIuYVmIPc2T4CMYcRwQLqkAw7AQ4MJ/6KiQDFAhIwiGBGFnTAYWUGLdDimBwIhmx9MQ41phnoBAbXV+czr4IVkjJARFDz0+iv95mVEAZiTxFdZVOUOADqnHm/QG5TnUSC20a8T2wmkwlF6NmlAjJCAKXZOaQrteQkG8nmpmpGUGxCnWhCPkhqUqMpZxSssFGwoVEgI8CYM9Ly8wTwdEczNQiLhwWDTqZagnACmpFxS+7aPJBlQB1hGW2t2NahGLeIFYLCTEEPIOBwRYAuV7BhZEsJogdkaMjUhNMQpY5ICsoDFVKnlimJ79WxT8PxrzUJoV5nQbGY4qdRI09bV7E5yWgUv8fKDSP3E6wq+yLbbdTFwZA62QK9oKxLfoR41LqNaa9+0AheIl8TIscS2toqcwv7TrlwmZSjpx/5KHtIsQw57NDt/fvK6trWi9O1Tul1qhaBWG6E08447zQyU0nPe/ojbnLD6//rR79wzrnni2nHpQydHH2j6194yVWyFpmJ6dgap2OLmRFzFuqtqQIqGAFLYtWTCb28SAZzPNLPPPphDz35kxUWMl/Xv97hwxNbxlPKHlRt99b2NC+ZWanDlrqgb0MbqCCmJlkxuzuV27WuzJXx2Nm/KJDmI1Uul8vlcrlcLpfL5XK5XC6Xy+VyuVwul+taF1ZhTSMNAGfikjjI6SHfx2Bpavj/mDTbCeSkCwpJBOwsJ4JGVZmBkIwv9DlKfQIHSAM6QCU11ItAr5gXaCyshrYvjImTAi6Ysweq68Q4BJsrtY/FgmVQ/pxhrH/bj9ajoMlPSroZC7lLm9lehIkTZRCkqVBMZKp+l0Q2uR+giWSCWMsU1xMdZB1qTHKyY8MOzhqjaS+wECehwj4AZkgbtHGsfWMyOjKAK/JQB0msgyFDS6B3R0thk6sO41krDEUNtkjUWUpFM9NJOiTm+xLKKGml9EeXESc0yuY6BjP1g9O1PFKUTYe4E/q/E+8UFBMKLTzlGcbFge9JyKF3VAsVWwKFKdh76KQWhMFjCXu4du7H+aTP1iqXJ5gpJuZzOppbXc8xTpr+L1ZTK54zgzJgzzxXvpR3h8jZj5qjb3y9P3rRE9767k99/aTv6QWIR9/oyP7vRZdeMefeOeVlBKwvs6kxHeVCZiRJqYRXuviyK/szxxx9wwsv2aFPHJvh9GsopE6WNigSFw1JyeNQl8lEE2LMAzXclGcbkZfPjquuPvm7pw/7Odgh5Ym4251uf8z2baNS7LXVqd8yqLLg9sVg2nD3XqiUOZTgHicul8vlcrlcLpfL5XK5XC6Xy+VyuVwu13VJ82gKSWeSRrFAc7VASYoglhqKc0TJyxPEo8Tis2jXC4iSMu5RIvAS+rRItNg1qDmCAgQaphfOgWKzg5ijpK6oQ+j5AGtUhAxULNprMAJwOLjqHlbpSvRkPrMoNF/ZkIRRacHC3bP3Ct7RaBYSvoAyD4lnzCgUXIWpjTjJuE+xadH3TAFgZwkphHwQk4BOY+PFg2F+lpxRUiFtR3mv+y7Vjs4A273QwqgAi9yJMtZxPsNjAXHA6lZla6rRVmypqh1rqkMTFEVZTlG9a4ytEeSGlo+OEI9Y16W2Y4KCAZ2Uh84KpdI6THsMlE/0ppTBILM5Qdy/GD4sOIOLL1DV1eYJnjvZW5FMPK0nGihev7GJbBwyWZrEpiGUQlc0P/XQDOrCfYJu2FDoyY++z6MfdLeTT/3B10/6bm7OTY4+KhB0ciVfpldvYqpicAmwXQp7jegXMWTnn0EJhZw6/yJCW2527I2/ecpZai3UteyN04I+gOyCQ44vqbj41JhWNZD65A93rPqKVEEb+en93JdOevav/j7b7XA6stAPfqz7m8j+J/3dm1/x1Cc9Wu+0lQg2+nn/ClvRpoyQQVxhtqmDy4xz0sVgVlJQbyjzlYGbzS9zuVwul8vlcrlcLpfL5XK5XC6Xy+VyuVwHSaMgXgkO14FEtQRQbAMHv5jnBDVgBggScObcOmZrksO6xKvk4KMUVcLEITtwSPXKiOQL0OqvmgSD0HDdfOsFVv1BjYLXXSY+YW9+RW8R0uxuEmvEBIqPA+buoSYqCpolpFdkrxMckDMaF56JA+OCSGtmaSQ2zbwPhkGMlj6rFUqhY8iSYp7FyKCPoC4zhWyA8Qjg7EerKmFhR6DYaiCGQdoVIZFgXs8yH4PJ2pGww8LYyEyCrr58VyzpXDTeHyq7FFQ6h9dpUqcO+svkAKVJETsTydpD9Iyuc9hqWo9JboyiQFxi5p32gzvJXJXMZVz04M6ZVHts9tHdpNYQsgq8mmTV9uuaMuD5BvhLAAAQAElEQVRAE3IiJV6AtM5xwCDtXSOqGXzqo+/dF/Xej361bsYtjr1x/37xpVeGwdTHUDvzwBjoCnoSCvsGo0rLeMaoT+63T/tBf+a2x91Ut6jQMrTUyVSrt5AOSP1g21NQba4Kgcg61gGSdDNJfZYo+45cLBnKMNQLHSVD2dxcN1jDXnqj5LlCzndGklxC1XMOBTCUj2k4HvmrMoZz67alnkk6gQjzpsN0oz79CINNZGFp2hGXy+VyuVwul8vlcrlcLpfL5XK5XC6Xy3VdUQY7+If+C4AGGHxU1CKE/Nv2YHBFTmsixEkOc4YqYlxHfgc0A6qTQPYbqX+EP0h5E9QcAMDypUBNrNgBmCWGhm4t1o8ZnNjcBCFUtY+vrAALqL/N15utAQVWMTuU2DUSdebUOgDFFmUQOxaXEoCBM4ZYy6SQaZZhUNli3GwzozYn/cdOgIeSnUcVOQAc5nVfrGaqcbCvQnElkCGw6cMU9CwI3ICZt4nA7jkwM1MWfue/HHjGXI0dyJmEtjao+8pvoK0VXWtl0sb+DWolYwPFd3MSHeZLOJNOm7pOEsX05dutnMcn1DduNeQ90cuTgTH9A4ad1FwapW4re6Qv6guUATBfjLyqJoayyKosB5AnYtNEM1bsFnqIxS1H/Y3IpCjKXANEpiOSOogogUU3RUmvU3d56/iL+cTc5x63ueWxN/zKN884//xL+tn62jdPa9u2L+eh9717//33zz6/fz/nvEve9s8f/9Z3ziavEX2oxA5kEZEzJE0Afvax9/vAx7/BCzff0h9P+MrJt089tz9zx9vegjs07abT5z/nCR//7ImnnnG+PJrkrKOlaZeZIxGCBAbWQCjcB9XA4yhjVZrEmwA85IE/9rSfeajwIre55U378/c9/sfe+Td/NNzOYNgvKvSEH79b//4LT3/Cg+734/xcx3e//9Of/uLJwNyfzk29OCBUGaRwbgapOOR3imtO3hbI5cV2ATAyUfYmfh4A8jbY9xkJ7gpse4JodQq0hgqlKGIV+DnCsK/2PC6Xy+VyuVwul8vlcrlcLpfL5XK5XC6X68Cqs5B1NACgMq4AI05A8QUhCswhJAfxxYOCMkwwbpKMLulj+fnX8zUFILHwRNFDK6EK6HPksaRdATatgCryTz+9l7wMyIFgAlsiWNoUy4jDBWhGnyCB3v6NE4FowV3InShxdrNm6OxYARK7KoKCFxIDBSEt5OtoN0jclOLvSc0+6Jukg0ah62bSvxqiMSTsq3BFjHn8QRw82i77DOiwYgY+mNNg2kN9RUArpC+ztUy2N8kH0k8eR7VnkeGNsUZeKkSmOtMX2zSQeaC+iRwvVuAIQkPLILFzi9obcKTfGBzmUXja+roiJE21oy1CC34bF4JJrpCIdJ6nlIPsCjchpKrBSNgD8zmypmWBAkaMmjiFw9n98mzbNG2nLSdDoRN5fLReesW81nMofFP0RBGPCVYqU7YVpGPLqikYmNcoQ2fmf7s/Mn4Lc+YXcefgKmPYE9W1b5KRfNpj790fv+cjX8bU9hvOc37rL/svlpeXH37/u5921g/PPveiGJvvnX7O77/67wJlsJqQ7Yo0D5ogSxw27xr++cue/bM/df8PfPyrlkus+pbH9NQzzp+23fF3vwMvmq5D/OmHHf/CZ/70re7/TFlsvDWkvsKuk+eK0k0ZzJUyH0XYk2yfxOikGDuqMcZhr2kHu/2tjv35xz24Pn/LWxzbv8LWdO973qV/yfE3vnnqf3zhm/Q8cAasTegNWJhPZ7xjLhIOj+MsxJeROv0XBocNwHkUFIQt0lEul8vlcrlcLpfL5XK5XC6Xy+VyuVwul+vaEAh1kG1C8u/SjQVR5MKCg2o7EQPWEcFk/gdCYwyChZI/Yo8NyYks6pbNCRHHOtTOcAedgRyhRMzeBkJ1xLC1xDkIdluUMDVmHwF1IsDapgUrw5PIuAtYxggLrDId07D9QwOZ7ZhESqyzVxxAvrZTSxFujk0WZgZAhMJP0AWW22goY3QM5sA98gEyvBBC4QyUvxCTExkNyeEjQ67xZXNzUZwEAAZLI4ShY0fxRJBvEHRVWYXlfeiFY8hDRVhom8GgHlmWmLrUtf1/nFOHR4manaBwIZhtIMLeohNa9QQHbha4xRW4dW3BHsVQmfz3gJhDVAhTVZWupGvSf4JqPfyw5cc86G5r69OP/PvXed0hG5CEJz72gYcduv2Dn/rKvX7sjn/z6hc8+zdfe+oZ5/NX8T++9O3bPuhXVlfXoZlAaHKTF43gq37raf/jiQ8769yLti/F1fUpgCIgNz36qHvd7bYPuPddDz/s0F96yRv/89tnnHCPOx5z9JHn/vCibdsmd7r9Lb/xre+1G+v8WDWSW4ctc8DQKHX6oSw8qZMy+3XYL0L6ppH9s+3vHT6tsumED3zsS/918mmBOJuOaJs07d9vfMMb/MFv/+rf/uN7v3XKaUCcW5O9kl72kucefughb3vne886+xyFs7hhIS6de/6lbKXCqXYg6m5vQ5wPbJjKRzwQ/iLzStAnNj/Y+WG2oZjLeV1zK83lcrlcLpfL5XK5XC6Xy+VyuVwul8vlcu2dNNhHhwqgoCVKkViluFMoeKHmEpzkBUvsmUOYJTo5rmJevZbbpw4fQv0V4DiyCNkbhMLNyixAhFFdEricgRJw2OtymNOp2OWa/6HcIpYq9r/0O1UMhNAO7GGAxj5wzhiJ9TJ40pgbS+TMOrP5jObBIaVT9WWIpRnI+XQSG3W0bL3A6XXYu4OvT2P7AFCvkTrJyRYImBIvLuYkAlSEyiUkaAYMMxoR8ETuqigQ2CRoXGMlOHQJwYGBSHamsXwdZq0TQ8gUhFq/cKBfEJOWaJNu2kf8JacOOdvIzCK74YAAPbAfce3JEK5BvIYTglQASBizW/tbtE12yKxJte5tyBflajqQbcD0+Efcfdvy5P2f/PquXbslCU0/17e79bF//ru/0C/BD3ziqz96+1vc6uY3+dA7XvmkX/mTb596LpneIOxemTJEtiSuJ/OIk7KY/scTH/at75z55F/5w6OOPOI+97rz7W997E1ueGR//sN/90q59KSTTw/YvufDXzjhHnf8mZ+631+97V/ue6+7Li9N/uOLJ2I3DbHZfsjS9m3biYZrKgsmzaJDKzCmiRR1xOHbUncIPR7kyLIUQmMtVK1vTNfW235VXnLJ5RdffGlI/XKd0qvbePbTHvcn/+uFNzjyes9/7jOOf/iTV3dPCTqBpq/q2GNvfO973Pn61zv8+Hvd5WP//oU3v+1dn/7c17gRkxCXYrMMzTIvyDDafsV3KCNfDJmlapeA7K6zDwxTrK4foWcyBUB5dvI1TBTxPwC12RPUUJnL5XK5XC6Xy+VyuVwul8vlcrlcLpfL5TrYMhMTUoc1eUCJY0AcMDj/Q4FLcryfX5Rdor8gp0TJIUEjMeqK6tPCXGAJ7Md8RKHGbHxh9ch5OcchS8i/0M9x8KxU5fioZKiKVFKAGf1dvZlyKG5Sfv2f48U0SkUpJXORgEGNYmwAKKFmsj2QeHDTQE7vkjqubmHcNlulhKHDB5ibRxLUROaOAvCcMobfOc9R5UgyLFawl6C5PvL5sLlKjNjivnkAM3Fi6wIr8CGKu0T2wsh2MmGzsLXBSwLMyFBbMzJFJMMxImYwZ1VSQ46uTDRfqDYnHf3P2ZboVRY0u1NoXD1b7yAMfIC2EGyf4NiH5hqV+ltgFZK/5ggXWfvB1kQcpoMRHXAARWbx6Y+9T3/8Lx/5ks0o3PK4Y/7hL1906CHb/uTN7z3j++efceZ525aW3vRHz//Xt73sUc965ffPuZgfT8mqg81ksqj84+9x26OPOqI/+PzXTn7G8/94ZWXtUQ8/4a9e8Tz59sJLrvzGt773jW9+98T/Pv3b3zunP/PBT3z51b/z7Oc/6wl//56PPPvJP9W3570f+jR5kAR4/v/8mT944TPDFnT61z6w+QV/+tfvetVf/COWvGTU65982H1+9wXPPuHH79of//0/f+Alf/Da1dX1ABMmTvp9Jl5w4RW3v9cTnvXUR//aL/78Yx/5kP510jdP+Z0/eO1Xvn5y2GuxgxPgaBOJW1tfeQuNWzbCMRRG0aZUIKfgcrlcLpfL5XK5XC6Xy+VyuVwul8vlcrmuc0LLKTLP60KS4ki0HwWlgPIRONTdQejGt4DCJ7P0CWjgP2TqYGEkEar3MHJACcXyZN6dOWwJkEmV6nf1sEmuBgFBlOsQqxcFLAQdAElWk602CpdSIAMOxCvbQc2MoC8QGwpUi5ORQcuiYbDLC07BnUf5UHLo8LedHSgTYnYrMiFqPRIz/1GmYhGogPNivYjFpWU4EtZq6m8j/M64Q8o5YYWmzF8EVosat+RLoQpey4FiD0yJ1H1CXYfygUaFMph0ba9p29IQgVi1WAegGHlwSWyYUnMcuFWYY2LMSyouGoNBP4ACo6+qx+WaQ06CPdfzOjLPweJAVYk/evub3uX2N7v4squ+8LXv9KeapvmVZz3md375idu3LX3yi996/dv+jQe5ed9HvnTooYf+xcue889vfPEjn/nKHVet3vfH77C+0e1eWX364+/f33jRpTtKc3Ufiocdsq0/+LdPff15v/v6jfX1/tRnv/ytt7zr4yeefOZJ3zrt/PMvJpYrMClGmbLizp0r//ufP/7rz378KZ/5xyMOP/STn/3q2ef8kJOOpR1X7frBDy9e1JPsGDNvJcBod7pix1Vkw0NEHmzbtvTkn/mJFzznST96+1v2X/3g3Aue/5I//I/PfZW7McFAXilslEKrdufu6Zv+9l//5u3v/+lH3f9VL/21H7/HXT794Xd+8GOfedkf/c1ZAuKUHRbmNtIaokSeGg2VMduzoJq8EIrl1LxNAWQPNeArgVhJMSUmRVyjK9rlcrlcLpfL5XK5XC6Xy+VyuVwul8vlcu2b2FKEY+IIdTxdbSXMKwM1k8XAtoESl0gw0LwrNEZZGIYQhkBBdfvmGVagokBAaQ0L12beICzqVHH4QPmhfhhH4QfIgrWm/jU/DEuSD6HuRF0gVJHi/p4Y1DKlj09TVh16pwNN4VLiuHuWYSUcgg0GvAhfQgljhDhJ5G7Sf0Q6qS4sxmdomp8cYx7UWx9HxkD2DAxgBWlgSXNjeI5W0hi+A3OjzEo6DSexWJLUH2fHaWYF0NxBZnno/4Rt4oYagdSPDwWv2RyGcut0DOeg5YzCjEnV01qlTgo1b7IF9GSSyPRC+1FPNhRfkBj2Qzh8SKz0wmLBiEPZmuYQBTKCeWF1XSi+R4UhGHFA14Tue/fb9O/v++TXyVoJ4M4/eus/+PUn92fe8s+f/JM3vpeqJuSChuUf3/+5u97p1s9+4sN++RmP/LM3feAVL/y5H7vjLXM5H/vsiaF4KKlB0ee/euqr3vTBv3nnh7sUY7McyN1k5x+89t28OhKQSVGg9DcEnUS6C7s/fv27T7j7lNuh7wAAEABJREFUHe599ztevXP3b7z8r2g50WMe3/6uj73j3Z9SSsy4McVJgGx1UrvRtRupa5GeWRkx2jR434DafokdkqSF8OqX/dIvPeNx/dnvnHb2a9/09+/7wKfadspJefo6JwEnsT9mvi0oY9X0G8K/fezLH/3UV379l37+d3/jfz7+0Q/7wXkXv/RVb1Wbo81nqt/IbGa7RKRaEPRkuJ43l0JhvDfMXScZdrTz9IDyP0pCmg3onHo7vuaWmcvlcrlcLpfL5XK5XC6Xy+VyuVwul8vl2rr6mKccIGcVGYTcJcSsoIee4J+e61WdkBCYBjcFi0tKMN9O97FQqynKQZcj/jkWSVcNAvEIFtTWhDUc+BzgISX2XTpVpWLRzDhVYho5iDHmy7JTSX96mJFGIBFU8iPnkBmzEfR/H/GV4VPehKPI/cmGfBFimAm5bq7spdJxGxgrwWAZcxKfp3fiJ2gcO54I/c/abBgQGYEAYwN0YE4jPBCh5nv2yFJgFfzljDdpGLhHwmyGrElmEtI8Aww2cZgtP1UVceqmSmJqIrH8KmytRi7ClCCny2F/FD1Img0mZfXXKmzFoxSDEjeAmiFqLyLr8wQ3f/BvDk/k6S+sTNiKhHAaPWN6e8WaBFtk5dy+QCeLqKMaOsluMMGepQXLekzVLCJattAqThfVTW9z3FE7d+664IKLBYN7wXMe99X/Ou3Eb54uPjZcntAbsDRpXvTcx77urR/qH5EnPOqEe92VgJXdK2sf+/SJ/3XyGezEsxQn2+nVTJiL6MvfSN0athsYWiGnFPhASSLW8eOt67trp+10o52uHn/PHznzzHMuufRyJcz6YuOkP6DNExK7DYVgVknU3X4Eu2lqW0mDZbuQICAyjxmTAyFRGpj0T9Zhh25/45+88P984N8/+emvUh4fenhQriHoJE3ondqsFYJuFB1X1B1zzFEvet7TXvlnf7u21oXIhApfz4ZLhQvLrjk1V4RGCSLm5jZz50n/zDzs7PukSxTM14S/wDB0TWLoRHY6XmnGz42KlAaf+sW/79+PvemNgsvlcrkWa+eulf79iMMPDS6Xy+VyuVwul8vlcrlcLpfL5XIdOF1w4WX9+y895Il2AizuqeKonwT8NP6u/hmoJh8STE2YhtFAMG+OkCPKxS2C8iYo2JFhFf45vWW5qKKfHJoU7wAIafgb9wF0MrbS6MiLIcc9oxpg4AA6Yb4Ea7gkSMBav9XClThRyEIYlJSZE7CL+oM+iBvY46TpY9hN0/8/kQMKtS4IrMeFQfnMtbRo/ETKIAXbnARx6mCDEzpLAApdFbC2opFGRqsIShXqozCYdAyxCgEnVJOGoXTE+li5xcvFW0HWRBTmpAmaTUgtZGpvjKAwEtbLwjotjIVl8pChVWwoUzsJFTGRTtKa6hcICFaCZGTCw9NS+2h59ushWfBa4R0qDukWJXDogDuD1dLq2x25qmg0VuSkQIiLk0KVLi6ATtSIIvd4jwUtgE5iHhEpXIstc4n9Sgz7oC1BJ6lUW4FFMzrQ0ElqmQtRXKN8aTmMxPODuZOQzYEGl1EnCGVg86GlONnWv8QsJEj5aQO7log6oTdkVFOyotAIm9ROp9ON1W5jrW03+ucRmNqj2pkzC8Rk6A4pFJXODzEnLUMnnWyetlcaZUJeKPn5pQYggSGChoixEXMk2Bq0IV5KDaaGLoQmFGcezoamlkgp0xsMmjRGqGwJOgkZFimY2NzVtRA6iTFmjx9BozDbaM1AJ7S7hDzmusvgMImX7C+nfvGdwaETl8vl2pMcOnG5XC6Xy+VyuVwul8vlcrlcLtc1IYNOflYiyByzjhL3ZHcJgS2KGUjg4J9gARoshFCFDrOgRFFDsDwsSjZw1DPaNxJcjZK3IlK9WMevJTQJmnGi5FgYQid2ZWWa0qkXg0ihkzqTCwQL/dc/szd+JZRIOHYSs8bibpIyPoG1ZQWHqDkfxdJkqZlMCDeJsYmUlQPmsRvctPlBea2I+ZLWMupIrYL4dAqdUDg5GXHSMnPCI1oNICp0UkY1v1GukCZpIDdKN2OFUxh0MkuddBQZT2LS0JcbuYZoTAuF3rXXNpKpDkNDvT7yYpAhxZzZSbvLzRzFmlOFWvDUElxSsTJp2sf0kUL7mkqHXCEwkyxq6MPxeMVfgtEno3U1C50IUbUF6GQy+LQ3Ljezmnub+U8UF50wcFHZx7q20BrJp4WDB3V+72ALKYS2gN1YOUCGHzQrnNgrw266WWlTaO0ZpoQdFm6MbJP6CaXbxbAkLtFLKA22ioFmEgSZEs6Ov6JxZvMcYG8noZ2IvYCpuBk1DSJGJaCIMGuonaDwnZUWAIyx4Mwx2ERQKGQwjIE3pWRLRvc/aSHyHsNWSiHlx03z8gRk4gTyIkC+rV/BfVcb5lTYQUi2uP76aLAY77plHoDhOd6gKWtVNa0Ca4V9Wsm6iZfjzS6OegHvnCHkf3Rqxyqez2tskbtcLpfL5XK5XC6Xy+VyuVwul8vlcrlcri2LI48SegcOv4u5STGdQHbACEacpIFrBcEHAork+J+Uo1+X01FSolCIOLCFSWgouclMRD07OEib+tCnGnVIFHb4u/gwBDUGEVILvIPZWUi0dRjklSuSNjZYtZjLSALloFomAFMzUF8upUjSDXI3WZpMmgknk2DYI0BVeD3u80O3hTjBEjLP5ipEnKjNA32r6XWGQA5lmeETE3M60V4Bj/t4oCCELYVuMYd98zBqoVGJJS2qFGhQCEBGFCi3EhhCA4aaCDCQDEbRkQ66kMqUi+mHFM1f6vKkML5wBSDuCGwAQw4n9GolL4oRRSg5dYhowTmzklcLN1frtcxTW6BNVJMwZwSFV9hyGQs1aHYhTrY2kfsgnAN56QFsxtPsk9XKQkmumSY2INYmeZOQjYnnKGbwgpeH5KVKAqZosjBEo0PoaSWPEDVbimraA7xIiTSK1st+/+sI4KA105F3TsvpcZIxc6mR5UUz3ER2OuGdomHHFWBURdKKMfnBOZyIaOpXKowXIRjaAjanGbKSNYSMi0UbE+NOEEbYEb9FgsLIHCiC2CAZHbPoyYdQGa0coAVVF7QXhcrTlkqT1Kkl6wA8Si6Xy+VyuVwul8vlcrlcLpfL5XK5XC6X6wCq4zCrJh9BTVaSKGdMklgo4jD+PDiWcCBKogo+VaX/KBcFC1JX2RIgzA9KIuKiGGW2GwliHlCftApGBQIs4D/mlh8kXUtSCmQQ35xfwqSZLC0tLS8tibOIJpgJsLeYgRAn4nSCkliEHWf6qDIhFOZxItYFmvRHo8kAZqhQeICF9VSTAntwnMBCveR5DkqfFG+FHPWOfbC/GVaMQY1TQs2v2OAg4uIWVOdhtqFokBSNUgrsbkLESdsacZJ4FTVl8q39VYB9k/7nK/ZKQ+gEc4aq/XdnMNqgcDSQ+YGawDpQQktIlBcBV2jLbdCfAwQpzJHuGMRzkK1IWUZKnyiQFG1FyjeJuTYlxthbyVZB9kRhzxObF6ZG1LUkgFo/BfWCol2wS/26IqiJkSaClxp2HskeTQw0gcBmmjgs8mYKbLmE2EGTgHbaJDhKnW7Jmo2DXtjc8hcY9RlAfdikjmzfM6Y6ZKIUPamgE7t3ZqXYtrqlXXhzgTxX9U6kgGKGr+Y+9kg5zEKaOeuIicvlcrlcLpfL5XK5XC6Xy+VyuVwul8t1HRXaO7KnRmcUBw6cKCgQKDHDnGSBT8NsQcM4fayuLKCDxTFRcyhYCLvYnIQ5v4of/tJdGZkwTN1gDMs4h4OeXFDyoBbBZkCC1GoOUodHS3VGXkiijWWGToIFaktPho1YXC8KcaJ5LCzan8zQow94i82JIil8GXkvVMhBjkDrsY1b1RLgMDSIEQIzBXmCus2bx6U0hm1Ejh83VpNBJyCmKrlelP/ZaCUowRIkW0gudjRGs7MkS4TuIbYENCiPOkOB0YDU9uLkSpRUB1MKNnVmcFMRSPaFZSqZmapolxW4Cvcce9crJvO+w+o9DJ6HBdJ5p7nm1hBTAeZVE9UUg/tENAOMM1Ttg4jTKI8rZm+XTJzI85WXd151dktu+cI2DFu3haYaVWIPsD17sZ6wwlpVp6IyWGKFYhNp3jDRrgd9DoImseGDyM+WVNpIehzgxDipnU7XN8iCSZ+3CcSkg0C8GZXE3FmT90/mW3gEO3JJ4SFsuCtxdqA0H1g9TLoACZCZ5zrDXIkmuAqjby1PDT+3ZhSEecpAtotk1wspE2q8MO9jYt8k67YfhbAnySYqLJBsFZJbq9qfUUbYtjimTTh3UjCfraStkRvQGpK3G5fL5XK5XC6Xy+VyuVwul8vlcrlcLpfLdTCVwYUgaQws+ohoMUANWOaYsqQ+sci9HGLMUEEfUUwl6p3T1GD+PT+EAWoA+Vf8BjKgXiyhdGVI6ji9HSAnVYFs7VHVF6V8RhSgkSAplQIIsyBDRgkk64Wc19Bsh7lO9gngKxuK5JKfBuXP4RInMS4vL2/btk2IEy4K1B3FgtoZasAyKpg5AcFNpDOJbxX2JAmEwpRJx4YnPC0oF8g4pJH/BzIVgoMAPOSJQPU46CPhnYbgLVqttikD0iJTG5ZmCMBCwFB5K4z8aRLoPXmpYDZnoJEEW3RdhlGMcCLXiX4CpfkVVsC2KP3yozMxaTi6b7AyOh2F87tWHCh4uDiXSh/sjqX/gzC1mvqodUgJ5eeDNLhyyOxUGgW+M3Qyn/zIBJN+nAVEAOaABVitfL4jFswH9CGsS5rLnWzFK4K4Bn2WdOGNbhS6Ig78OZqqirAnFACHdi9b5AbElgPtjgrfgVFBVdF534CcVip/BYOSy3f5m1itGRA4jlJa9UuuS7Z8C5YhBh5SCHmnMJwBkhhMUA/arzr2J8q10KNntlBVV2fmLo6outnRgdpxaE5pFcRVwBsjTap3G605A7U3JJOBSLZIQFkoBkZQtkRMaEgQ5B2H/WDkYasRPwFTkLMEDRrqcrlcLpfL5XK5XC6Xy+VyuVwul8vlcrkOrjiCD1jMKEL2NOB4cx0PtUBizoVjMIiGfstxjpvXQcH6d/uhckeAUTS9uqxEfY1c0M/GxCiwMg7782WxjpfSyWhNHoAM9n0oLgDK2+Rf+4Nk1giWFaIPfTZ9OHlC0fkJ+xwsLS0dsm3bZDLRslARjUG/ht0bBZElJssZNxRw4F/9lylJ7ECTOEUIHRMfUr7NFjQ1/zEYFqQsSXmwUNCT8iqNDcbWDO/GAh5IezVYL3HkCvzRYUoFMsmdBXUmQRlrzIY6uvjQeAKQxrLnQbS4tFqdEJGT5EXUUeIDzqHDCU/MlQeGpERtkKFWDrPrU5sWZjTHdGL4/eCA6Ya5Tidz7xkLx5mcAMePBpT77RlhymHPTMkeZXCGkiehSq1jlxRHDdgbEMGkSyLsg6pdw07hpuSBfbcoQczm7YdgDkGyMmjBIaduCtVCAbCHQY1AhGMZJPohwoNxKFmjwaEGomUAABAASURBVJyGAmx1IEZUV9jLwYeZbVZoqz0zQnYP7v1065NWgX5QH4cw3CPkff546G7I22rsn+7ZnEQul8vlcrlcLpfL5XK5XC6Xy+VyuVwul+tgKFEUVX7xPmROsCZOcphY+YhhADqMHAdmBHO/a+ZFrtX5Y8Et82rAuWHKOK/kfJTvXFSchZPDIM2QuBgY29FEgU7i8mSybZkkxiSSVAIXhLlnK81OJ2I5YwYnqB4e7HTSpTTt49V8pmOeI+WShn0cmY5UgMVwfEBSCA0ycqC6OwBmZIaxjplOSN4Z9UwRNCQTSTMI0Lh24ZnQjqSZmImlqHHwATGkgX+ZGmSrCfJ96ZCcTXiEeLRyFhWYDzXsEyOx9+Ihnyz6Zi+LiiMHFh0NGosGqtPZB2Q/pcsHFOgaESd5eUGYu7jHheVvFl25tRGJi8oZnNukrH2Z+ETmMTWFRI9Fx6wTjlaYbQ8CmmRnmlLraFOFsF+A0D6v47yEcPEFMK+SfavRMlpptbzTaXFaLIJtBVhahXsYHGtMqhaGy+VyuVwul8vlcrlcLpfL5XK5XC6Xy+U6OOo6zHlgVBYZzT+nH/4YXlIvDEiFOkKIC7KNhLEdhB1bFBs1cwLnVJmNOW49RJtwDmuC48/zasAWx/FOch/JCWas8WIsEgM0EJcmk+WlpSZGdtxIMpR1jH4uZRIWKIf42clD3omuaJMwFl2yAVdKQykPMBwIRo2fPwgmjqlrl6XeFtUrJM++Jv0RFEisHMoASxYkyIYFyVAbw1FChUzgCA8oHgcWnh6c4c4FEIYnodq99LMbGDOhXDotG0f0/2nzJQ/J7CKcNzhbE+zzBZN9LTEMhi1oCp0wtDaxzmC1oveFYhh5ZkhlHP5PjFgI0YO1G8+eioSZY9z0si3OyqKidLXp8tpHGGNRlbKwOX1Vavv11raUwYmhs8yd6Hwoh6NJZIZbJBUjxFgy4w9mLA4IJbS3nYIqNdFcii8oL3MgWocLFwyXnlLeLyoHqgVQTAQzhxmsf5fL5XK5XC6Xy+VyuVwul8vlcrlcLpfLdTDVVTAA4jgOyXkj9Kf7IZsgMAwwh6Uo74PfyM8e8f1zCQnlOiLM+dH7ongyVEFK4HsHrZKIeZUUiEvVRDn5GukW5v809l6yxoC5b6QuATuETCIRJ9uWtk0a+r19H6BXA4QFXiZ1XVWXizpzbUnKWbDHSf8CbVsK4kmj6WnIWaGyb8mAS65ukdtK3TDpnvmMFNAkX4BVi7mSiEaZoEy0RvtRUY+8ijQsXEE4kpyIP+IotgzljiqZkjbPRoPIG8qiQ/YvXZtawVDsYhvDaojkq1hFqPcSPdkqYpHNMPIXs9BJ3ELRsODi6gpNM2SdArTMSuEAKeXtQJx2wh6Ikz26TUDVrxT2TTqDsS4H5l0RDqT0cZPkVsSbtNPEiJOcr3bFSBPCBwi2V/DmycYoSf2TKElM0n3mYBAnWQNO0NKkbV0AW7yjwHf2LltN4dowp9VJaDvD3Br1bwj7ZFvjcrlcLpfL5XK5XC6Xy+VyuVwul8vlcrmuaQ04EcisxoA44VgjzuEqNBaMJYHDOC4IAKNwIsytWYK1mNP2LPo9vpbJl2FdXZ1QJmeuWYQawICVCdY/tf5IUo6lgpG3/oql2Ex6NZPlpeWlyUTi89F+qy8EQHYfWSRNp2OJdZJEpi2xTmsmE2I9QpAFQyfazjiwpkiIUD7Nr0ubtFAc8a0sT6riI3dabpf8IY0UGkJtZBKG0WAcuufgYF6UTAEceNLYZA9WF2ZURbLq0OD0oX9CT6rLoszcCGfR0aqtOsJeKG79q9mCJ/Ou3oILCC68ButqMGUcjJEIexb2UqMRyUF/WnEpbUJIjVuNW6oFsW5kNsjZcyvtIA9GzEwSn5+BfvaHS9DHUvJY0drrK2s3NtqNtel0iqkjKybNFBODLG5uDjkHmdOJGaFgzsXD2Eqn9Ml+tW+/VM3oppfh5t/umTmJMc67SHYB3dRKOfyJNylJv0XuMhkoy7BKtQgxb9Yul8vlcrlcLpfL5XK5XC6Xy+VyuVwul+sgCs3eRMKlaHYViggM4sWWYiWYOwpCjpDv2cAgG5YMeIksy9oDlWvE0IkkDK5WtiPGhlud6tIyzFGfKfXwh9zBEHIyl8JDIJMcil8I0kEh0bA0mSxNmuXYNM1k0jRRiBYaCO2RVE0AAFpkGcJsLwQf4cC2NsGIE06moyl1Ool598Hvjl1PlFKBTPZo47fCUoygn84Ik2rAkzaDw77itsKLorEVAP0ws80J1qwJNSA2NEp8VgiYxOMMOXmLucgsapyMvFqlDG07+BOZvFCCoUQpdXiQKM+OuEvIoqWGYcgGNgPnlFLJeCJG7ajeN7lgIFzwxaSalZrFqa+MthLsMhy1A+pa1GqkIjAMpQlb1JZ8b0YDpLBZYXYW8wbzQLN5x5vftfk1VS4hqJiTbIlTJnl4394qm3D0KzlRFqdu2nVtwC4MUhIBlGwv7GwSY/7Ir35jYlCKyyBgRbYaa9y1iU1gBrtmv6h0YHGYeuUoxqiVlD2E/V9Sht6CbcSjRs1YYwWXy+VyuVwul8vlcrlcLpfL5XK5XC6Xy3XQZZQJZGuLWeMROSwh6RCGwfGB9PIUIP9X/UZ9DJoMPgBsOY6obYrq+EG5LWKBY4btyWFONQQpFE0BYTQMnP1RUjb8YBCEvT5gKTbbJkvLk0lkWQg+WTYeEP5DvkAcjGNFvRSkAqHYilD+DnaXmKauZZ+JjgOxgQERhVSaCJUpS+0dMjt044j/YP5ynD6PgfU22Nl6vjiaLrlNEqKNINS9g5I8Q7qT0DCUjJ6YV474kgRrDirmFEEcTSDnOUKBf3g0iLzpw/Y0GHRDhFw1VmOSZrMpzVg7jICkGe0ddBKG4e88oNnpZNaAJC4ucb5bSckZZbNeo2FGSIQDqE0HKBoZsIm3iiAXeoH48Wx+zaatGa3vVArQC3KT6sL3c0SQsjURftXxUzlNqQ28TlEbEJU1AQNNjG5C9vlQN44OOBlU23WtrFWoNsRrlToJhYSrlfe+eM1wHPO29TzvXSgNKAc1nJWf2roo20lcLpfL5XK5XC6Xy+VyuVwul8vlcrlcLtdBFuYINv0fN+E+OFQvh3FePBeG4UxLaGLRfw1oElBgUWZyDZA7m7qUmFkKgM7cPUbVDIKPHF+ekydktn1QAAXMTAR/ym/6VQiS/CFaRpml2CxPJvRaWmbgxMiLhHVjmIeIkBhGGUo7Qq4sIRMeyJkmglXXBaYqKHkKHSesfvMvdRqzAjNB2LCpDG4JwZJ9hGHEGyXDDo7NLNiAJnKoXXgTgE1JieEiKHYUxS9jFPrWhcMjQi4qSfNrqPlLR2lJkphFcMoXaWwwWAr2JWq/J+5kzh1hTm4c7eXwwjF0sqdyFzYDByYoxVBDv1WSQ07td/w981aaE2b+NaHq+d6yOZlUwr3FQXRJDpxjjG2ThlUXhv0fixDMEkSeU3Ip4XRXqKiZWfjklgx8lvTuBEFxIF63nXJoqFsD9I/NtctNjDEcHJyy1m46sXsvXPxZ8nWhmf0A7GHq6tw649a7XC6Xy+VyuVwul8vlcrlcLpfL5XK5XK6DpBLIw3HsepPY40yoD4YfhI7IlET1DUKJ99uP2cXrQr4I8i3RB7B18wao3kPl/7HPEgREymkg9q+lhoiTSdNQUp1iymKZMvqPsUSfMWh+nzpjCRqHUp9kHw8JbFNWHYJdGLvoOKuORdqBEhnN8CUwxzxmK8JQZfaQmcioQZJ0QTlpDxSHkmqWK8oERp+rwH9lMgPz3Gdql5VAHU+Ww0lgE4r18/C0QpskQ4bQOItscFKAGqjcEg5YWHpLI4xDmmKyhVIkvc7W5g/qHDc4b9bTllxDFmsOqDWoVM9V74s0Xqn5pD4dC/mdhS0L43bpAc4m1uEbwv6ISkqCPbHPUJfaDaFGrPZCZpWWDKsHde4gYgqxJTMWWqYp7wMp7PWDe0AE1QQMIRPYytRuXaicXb1h2aCg7AnC5wDuMecPzLjYsHGVQycul8vlcrlcLpfL5XK5XC6Xy+VyuVwu10FXiQvDGDrJOTvqGGu5eFjMqMAIMUMnIYezGRaoQttDdwDE8uN1rnZuLoiFHalbvtCpAe0n9fqxYm6KsUEYciF9V5Ymk+2TpeXl5SZqJo0ci2+sR1gVO8AsUB1N6vKDEScdkRVdf6pN5OrSUhKZ1EqqHb6yIS+APWTP2doAzQAYaANCnU/yB7MhjdQRY8GHFlUNZjtSf11P8iZtBW1GyFYr5AzRaT4dgk5aAVH62H2dMMcwpRDmx+4rSKJ8bb4Yew0kbXGo61FQ6GR4p9Ayel4ORpgIe2AMbTPqYqqZsD7o6oJ9pgVySiV7T7mu4WVR+zAz4INUUtec6gxVWbX5xVjqVrLXA4OY6RA2H0Jm0FKYdcfRYYcAo+HSrYzBqbZfzsEmqS+EHFMsM9i1DE0YRlbhJsp/aau3sq3YnjFvxKtHlOqKsp8kzkC09WkQmyucdzLjPXCtD57L5XK5XC6Xy+VyuVwul8vlcrlcLpfL5Zoni+BpvggoQXCDQMIgJ00cRSVj/pNDgJSLBQzO4EgteVGkyjEB9UfuEriMVvYg2l55V+TzuXGVuQWQPUcYZP2oUYTiqpF9RyiciSWdiHxdyBiNDkuMc9JMRM1kiVxOLBSaW5os14P1YvBt3ReUsqvziYkTBiywS+SIsNFHqDEl4yqgiryCgSB5oKDGXLYsrA54zlMZHx0/tVeJ0JB/S/9eZRMChmCyShAYN0uqUrpsNIu1wRZW8YahAWkpUs9vBP1YNiLrZ7RVmtIY0lgkXiWDUdp79KS+2QpdrElZrmWRLypp5qzRXqRoY1bgr0JozXiQjAupNfA1qm4rLBTW5VSMVk6TZfdW8NQASBo+iXMV9xoX2CTnV6G7ZsscnUnD3o0uLfRZP+DsRcL8U/+ETtf7tShL1yYgysgrA5GfRlDOBcxGiPPqtP0fyajFuAmRav3NKXN4B1KLUQwxkQqSp2gGYQuyXxcTFBgYR+kA2bfIe1RdtpxVFCzw5sGbV80E1aOPxvQQa8ZMj1yCdQodBn0AbB+sV3qSLG0HePRcLpfL5XK5XC6Xy+VyuVwul8vlcrlcLtfeCzS6yHTIMKONZjApJ5F+sA5zQ7f5l/7MrYAEMTn0Og5Z6+VUSoqStKXyU8mFW3HI0d6YG2tVY4wFj6DwJI7LR46hUrIWthcoPetDnBo6zT/wR/smcZCf7D0S9AHi0DRLy5PJ8mS5aSZ9M6K0RPsDltIEKQqaQKPxRNiU1shRsuQr8hLWhNsQWk4d07+3ic52laNDoNg0SjQ7m5IAgPmyVJVkmqcegRIkDmPiQv9QCBolwZEWa7FmYYcgWoofRR+ov30bRyrzol3msZJVRcmBQhU3xiB5gyoUx2aecpoEok4koU7ihsvM8SIwVAXCuP97IkgyT1M1ubBHg9OIt7dCAAAQAElEQVRbEI5dGIxoqU5PZkGouYLxgyEnDciKMWjaqRGQpWwArweo7907YfVerVqbbLS5hSFUlImTMO7NPEBkDuRwYFTtB7qgMMxr5+YqHJaOA+XB0WJTl7r+wWxDKA9h8Sjhp6bf8CJ5eigXZKAY0r3ttH+o61YgAxn9rKXcgWtNVSYbmP3OxExNtQXPXiQZgmaKqDcPQ3BmygAjyIQxycQQn7Nr+7vScGlqVikeXHo4YGamXS6Xy+VyuVwul8vlcrlcLpfL5XK5XC7XQVEJWdPPxzEM6RALDWqskoKW8uv+cTEco8yBfflJvUagwc5VIUa9KOgv6+vAZEW0VJl/ajeF7PMRrNhxVNsaohSIRO8hpLCnIDTQz+e5+BiWKAEGLDWTbUvLy5OlKKkdmEeROrjOJmisPubgqKA2YLQEWixbWiUURcseCCBmJym1RlckY2i0jyg//c8eCyRu1ybhVhgcoMZ5h1+VccEShpYQceQ6I4M+Ap0guwpsCjbgmCuIsrBsNiXMHKNyDEFhE2FhiLlJTJx0PBjTVogcZk2CpdXg+Run7tmCx0ndyDnNnoMowB6LWVDt4Oxk0Rd7VuWcgeKFMafCmkEJIQTYy0qq20dGMkFr5/RKWyxBH5qDr4KWbfmWDGblEgQHo+cR2YRDnGBQ3U1kQiRDjvpwlGK0DDHySMkcQaSUyn8pXPsCxrWgAkqwxv0GV26NvSrUXmZDQgb6AIYOSXZPuZ3OJzuqn84BIqZ74My/CrhfXkUul8vlcrlcLpfL5XK5XC6Xy+VyuVwul+sa0DjSGEtkz/iJoc1JuSEWdKXJKS9GMU0oOXH0V/cL2pA4cpmD7RBjDHNjo4uC/2r7UbLQSCYHGPQk5IQ7mguDfmlPjadw8lLTxKbv1NJksm1paamZYEf+B3EmCp95DgND5CQ5m4BGqyUzhSI2ifPHcGqJxGkqiLNImBTrGWYFguKagFUEd96o5aBv1apiIaJ/pL9qWkGGK2GOU0WERnmhXFrAsJcB3hoSyu9Vo1AHg5tEeXT6UQnYth0PTluSKxmeAobdzFh+bFVbuBj2RCXthSabpk7BGp2Z/RqM2wpji5EDLIW2ELGCTkC9VfSaReO2p/G8lgEL3I/J0zWqbhoEnYjVTpcqcMQ0QrfEwicYfVLyDtFTjajYHR64lbXfGu0yiy7Y4tOVyl1huGzQ7JHqvWBQZgX6BPEv4euHFcDgYtDCg8vlcrlcLpfL5XK5XC6Xy+VyuVwul8vlui5I44EDlES/yX9w0a2V+Yj9hh5GV8yeQdws2p5LLEVD+WX+TMWbKUpeHZTjkq9h1J5QRzARmxgnkwlxJk3TfzshO4MYkPOc4GY/rh99AxWnIbexcQIRJ13qphzODomhE3ZEwIoPkewSsLjBWxGDLzE3QA1r+FOqrAXMtwNkArmbcWa0+/slydHWI/t1iDi3wsL67AMjxVLukv6/1Mo4tOZxAjFTNgfFF2J/NQn7AYsIpySkQuXycOBlFidz8wzB8OPgrvokzDdigWt53mAwUrBlIglt/5Ongp7T1PXa6KYbXTvF1FWPYlT3FxgOjiFahkSg5MmCKuvV/42LeK81GBWwM5j3WawQKpyDvDGrw7vV3DUFe/xXyeVyuVwul8vlcrlcLpfL5XK5XC6Xy+VyHTTB0HyhCqHms/qr/exBIi4iYMYYpag9h5sLkzGIHkIVqQwAM8Fu3Hok29xOYpCobwn/ji1YYr6eiZPlpaX+PVoaG/Yk6ZoYobpxNqI9bGiAjHqw20kXxMwE+2D2FLu26zQDB8dYxRIFmjjKPrGPcWrOp8PJfWyIuQqZq2LbIIMCIadzgeFBDc3UzdnKFGhamCrC3Lcon0ZJmyPxfYJw2i50MhaSkwc0voxbr/G6pknYF8V6mLdyQ21PEvZVGTrhqW+GZjIj9AQMCABckJzlYOXZsaHAAlQNmhbnkQqyLnslUDgMUzft2mk3bTem/aPakWEHsSbSWbpUeSh2BYKgB4ETZOmoyPOXBK3qiNjivQwRw6YON9eO6m10K1vq3P1u7mV9n2hIbHzEpmfgehRtU2S4zApOPLwopWQzKojG8IBZL5kFi1oBOXnicrlcLpfL5XK5XC6Xy+VyuVwul8vlch10YR0gHkAeID4LfRAas20FBxQ5pqz5JOQqGIaesSRDma0wewFsJUoeFTyBKklLGGWi2ZMkpow5clrC9Glo2BBgebK0NFmaNBPqECphA3Wn2IOkjyfXo4bD4Lb6gUgwVYLPGmFV+IONTSQsjcVQhjNTFJ+GfACwh55CH8ftBkONkVGBWAxc+L3T1mK2GICoYV0Ayw+CsRqiOZO4Ve5HL0lBPFc4w5HWDmLh0X9OZHCSppRbpx8hEL8VHj2xqeEpg2HOoDAz9XuFIh1wjZZ4sobsG3Qi613ZH/681Ru3bOwxc9dmN84SJ/kkjparfYRrczJmwKiwNyQCVi+lwGidkvVOL4LDUB/1bLikib4KbGJHZfwxP90qw98gwz3hWgSpBqDcPlW6SbMrIJHGgbaTmAcm0vMP45Zg3vts8GVgAm+XFTNUucsEfRYGGzbu45p3uVwul8vlcrlcLpfL5XK5XC6Xy+VyuVwHUEMUY+xQADPmFhCUjsgBTPkqwgBQ2I9oYB3cRHMUKK4K9iP4vairZk30YqwD++zuECMl1mmWJ5NGfmHPBgdM2USOtpsPByi3MdNo81BBO8FGB9ilLtHd4qlAeEgKFpOuuhpiHbgvodpYO34MepRRDIE5ht+Hme5rkNZytuT5KnHzwAH2We6ltpCoP5a2z7RNAsSaVERpGyD4BsjkRILYnUEnXWIqRaGXgcPLdTqmjJse7xk6KaRClYQl1JAR7BlN2OSCze+tCACc8wiJ48ygjDi6t766vvRgAEADWGFv7hJnDXk6O6XEUv/qF2XHvMjgIYU8I3oEeb6gZCqj3DplVLGuK/udWAsOBjAF4+xZ+6jBiEsxkRN05VGZsUjBkmhMeTRtBCjyA5jCnAYPDoakkcvlcrlcLpfL5XK5XC6Xy+VyuVwul8vlOpiCISwy/lL/llOxSnmTA6aRAo18Jv8qfljsbGRTGIe5lXKyhWybEMYlYAY8ijYPPs5G1cXCJHKElJKJcFadSdNQahFN7SPECV0DAbIJQh8RraGAuRUJmxKAs2twYh2mKsjNg47F6GToEQBsoKK5Z6DQByFYXo9K/e1gsyDZeXIsOwdjxw0zBw4cB4ltMMzGwgoPlSVNYU0yALTHUHVdD5maAA0Chi5xRh2KypO1ScdZh8gGxrL8ZL+XORO6qNJrP2o/WzsO3Rn6c1tyOgEzzWCKKIYR4aEuJAgHOl9NfiRGJha2HQDM9zgpFw7LgwVXHjzBXvmd6AGmjlfnNHXT0HWgpJuadyD/Ddp/2jx0yKJYP2F+6JXvqsY2Gi7RD6yZ4VxLwMQ19HjMYXyENaF/DXIPeSscXMceJ0kHyFqYOANRqHjCJFxPrssMZXT3mU9KuVwul8vlcrlcLpfL5XK5XC6Xy+VyuVyua11kQKG/wc8/Sh/EKO33+2BhVYqMR4v9qRcIZBMRxk7oMA5rmccQDBuSvQAkhYVyLGI3YjlyFghKwgVLwDMMmVP7UvYswNBEaIQ2aZqGgqT0dxIbyQ1hiAnlp4EkVgj6slpmXUDkC03Jg5Stg+ASCUFP27bF1NIZRi8kSVH/3mXCIzQMjnRcCSELzJpg1b1qBHhIoMqbMfRxyQhLGR5rqtUWDTCwbCGhSZXnRs0VVeOYKGUP1pYWC2xOghEkTJzQEiOYhdkbdjdh8qRjtwPrJVBmnVRPWh7U67awXhZihMOTtTl0UvdqMRMA18goVCYcuqiHE7kVRgEWNOngAkCizQE0elcChM+IHwfvGYmpqLZrp8SHSeYXvQAyDsEbE8wWikxT6f/y4KN+pfYo/OhsbhN0jQoA9nkZjZoKEeYzH2wMBVATcMOlguYCpR8Ge2lQyygc1R0GPjpQjJ6uG4CTy+VyuVwul8vlcrlcLpfL5XK5XC6Xy/X/slJKe7jCotMh/1zffvwv4UCYMSOJhFzIXbMR7S2pGArkH8NvNe4ud2KozEL0QPI5iH8J/x9jM2HoBMjhJOasGZF+jp/LmjVkGXRHOppQ08KgAiJUWYvYUQC7m/aBbErYoQxKtAaClV7sQ3A4pgt7KO0AKwnzCM01OyFrAc2qEyyKbuH0ylAAMMzLhgGDkgYfslVBtHGqERy5gFKNpH4kyOuk6xIdoOQYCpxVBzm1UISZ4gUeArxucyczTS7pdTJ4lebcJeOPtUcI/1FTDahPA8CB8nWo7HBm1vX8ZVfjYzDvSYyb3n6tqcajFl40aj3hWeIlI6gZYWFdkhVraaKKGRRl3FpYNPkXpcrdhKETCPmp07xcVdWgKMp1enmrRimBcN5o1/iVcHBQYMBBWfLHEhuFMIs8YfURNAVSmYhSiVMnLpfL5XK5XC6Xy+VyuVwul8vlcrlcLtdB1jjvzOgH7XpRHEUFY0CAOUFmDaP2odxur0OpNSBiAdlx2o49lSoB+6Q8xrDkBhr5GCUfELubkM0JqHUBZArEQv6SWAeG+W5GIn8OjjX3MWaQADP27SS0ou269XZj2rX9t11ltYJqi5AisG9M1alo4VbM7Rl+NfIA0EZaBBYhqScLzl6Yi1SHGmGH5GvxQJGwu8FFat9gqZNKj+dFes0QRjEdyquROFKcyOKlH4mWuROiT9jvBIOAFYwVCfCDhgQFC9DnBXFdDsyLlcVsZqO9S68jnzi+HkfESb5y/0dhvuPQ8FFeXMmBzvFz4IVbhBDGXeR8LjzAKfWPa+oC8WHYwJgvsz1pbjUQSlKd7IuEMWNk2VJKrr4WGR2ra9/XzxzoZG7KtDnXY74JS1InK0a/S2G0Z+XnoqqEd6YBWedyuVwul8vlcrlcLpfL5XK5XC6Xy+Vyua6DGsQSkbkEc1vgIOzAvGQcCrdoYrbugK2FgXPcG6BmTkIACFsOtddBz7qFkkJGPU6IMiGnE4JOIDJ0Apg0CUZ/MCjE0ur013TlrBbbSfwzERyRSjyVut+lNO2mG9PplIs2zw8OrHLtlG1G/Ve0qVEdLtgoBSlJRQ7WDnsZS3wWQw5/J8iuJFA7a9glVE2kkdB8OoHzHzHtAZYFR2a2gTFPtKUZnLVISZRqpA/ed23Xtu20Cx3F8tlZZ1BF5WKwSHBd5U5ypFyaX5KGAEEnm7RYVzeGYj2D2R1o8AQOguyDXE7zyxzdOrw4FzZIgzSyrYAFU44z1Q2sJvbZ12gfNEQgwrCD1roFtwKE7GHC+aJauVwT43RdLqCsyzofD4o9ENQQStAdhJ17UBGLQXs4zdSAWLFGbMXJh+/VlbbgAGxzzidtJMxohdtVP3e5aUUGp2DAMWgS6vb0G2WszJXy3i2Yno2eMWihdieRvc9ysfH+YxdUvlblepsv6kGi/Fy5wbDFvcnlcrlcLpfL5XK5v0o25AAAEABJREFUXC6Xy+VyuVwul8vlcl37yiYffTAcxHICqoBl+bl6zkFTYqyg4dQ9BlMtags5fAiS+yaY0UXK7iOzt84vUEsJISePEfIlioMH+ZuA1kLASQlcYgn623vKkXSjC8AioGQBAoR6CLWhzAl/2YXUpnYjdS25J0jmjiBcS8rRWAl+0+DSRZGcQUrk2PxOcNB1agRgKAHcbBogaEyFQGQHARyEpsVLQx015ALGJARAAQ0CS5lyDdpsokatSyFzR19MVhJ3lMLL2JHNCafUaSli3HGTQECfDBqFHIHnus25BWriAmvwYt/Ahj3H9k0wgAWCDoLBAlAakpXq5c8dmNT00pwa9B2wLP6gtw+JH8RQh9k3a/UCzWBho7sGN/KkzDU1weFle75mn5mAEbmyCXCE1ehAWUlh/mxDnkkw6EQeAPqYKP0TUVH9JbXjkDy4NT9nyzbqSNGEJ8mxFbALkjpKFqqtbt1GuOARUwRbspDB6qmbe6B7tJkyyTvUfYfQWMsHWNlokrJREpZdKLdWP/Rbp/3zoDUxyxer++W/xBco1qdpxyR1ESqgI03vssFUyWk2aGFOX4YpNwaGY+lyuVwul8vlcrlcLpfL5XK5XC6Xy+VyuQ6mBgFKtFg7qymuIeXH5yHnPhhwDhqwhEJ+LAwLak6XbCiAku5Ffy1vIU8yEZl1T6ijrcjUBFgDojZOqAn6PT4zJk0fzGePk5htNpjhAIUKcBjdtz5Z2DWTACWabP4bTFlwPo5EwdO00U7b6TSRFwAYERKy9UsIcywhkhUe60HDPE4Scs4wT7DoMsg40W//QRxEZDyHfeCYsCAkmfIACFjsGJJZzUQpKKM1dHGjjcnwR6PkitIq/GUK6rZC7iZd6AJHpfvR6CizjiQgQpscDbzzMNYY0/gQaxeEIpgFCrbigzKiObLSEHCIZlgCVSoPPWPNIpAoZHpB0wkpnQRiSzEvvU69AqAs02GrsK5qs+6EvaBowrzGhFnixEren2Lx2jE7OQCidc9/CTZpu3baUQaojgki2cEE8ioLJz9gzKvhcKyEJ0NZ7WHB4O7bxG1uGFVxaZs6zWyx5gXXzGbYAfuHwAykou2P9ZUCmaj51fhBFT8VmHnIjT20iwqltV+L3uVyuVwul8vlcrlcLpfL5XK5XC6Xy+VyXTOCEjwEoRMkShgDzIY7F9kQbCXwb/cMKg0hzKR02auSxpFI9jBRixM94BgmWOIemGl89i+ZX8sIEzEmIzETkxhKSAGnqWu7jpLq5MwSVctSVWDcNLSPhXZAsUGZ1x7IBSLkk/UFI0E94DNVQo5sF/8CzunBZzknCepBKN4nKY8/AsfbkW0ekGAT/tglMjkw74c5gk0/WunXgNL805DmuHWMUSQYrPni1IPVyE/ClrX3S1/RnbCXMqxqAEXAXOplPzQLVV2XlFslHieJiJOuS0SKbaRuo1+5KalzxywBJNhWvWcxFJVs6mnNF1jtmtR4kcIstgGD4/Jsb8VYxWqpFnq1U9YDIonBwmhzIcMYgPp6rBYfzOTiCtb8wb83uVc8FRBKFh5w/MTlcrlcLpfL5XK5XC6Xy+VyuVwul8vlum6oxE8LksEpIHKGmiqSGPmX/3P5DByl8JiJOHM0ttSZY4vAjEiYoU8sw0MxtlgYw5YYd4y59Kg/vZdwqNpJNJJVorh0hK1I4qE5qCrOJZ1ZsyBQXgjOHYNT7HptdG1iPCNKlgkYGcEMtIACqX7hb6YvQY1JtEnFCyT3xrLtLKgnGwWU/EEaNNcvcsqNQe4NJpCwataQN1Kwht44cQ4NQQqco0TQk/4EOT8knOn1QdFgdGDe+fqk8CQWNM82J2bzg+VTyMMY8tLeDDrZDP/ZC2V6IG31Dg33b1LvAZub/xssT1D5OmxTN+0oAxRBUqDZddIMlwN1IjAtQp9LMfToysdrXpt5mtTESRzZsWxVgz3dNuy8t6M4vYA9H7rZlknn3S/IFlNSGWFJVQVBPWU2GS/Ln1N1gumTGKDlDGcul8vlcrlcLpfL5XK5XC6Xy+VyuVwul+vgKoYBaFB+EI/ZjcTCfluOINcBxJGVSKji+BIyh8pKovY7McgDF/2s3aK/GnHPAfjMzwh6Uq6XuKV0k4EBGBU3bPrQKcD6AmJtgmprEAKHq1vOIJOmlKaDYs8UToXhL/ZDCFt3ggmDZpjTiSWvCCVKO4gKl/dxCRk3qTvVf4yUBAc03Y6xR6EsA+v1nAIHtac+2s7ESZemHUfeNZ8OoBnBbMLWXKvCRdUOFtmii2JhUCAW74YyHaB2DDAXOrGnidd0lVpols/YY0uG5YZ91/9rcXue5mzQIwxZoixQXdf2x3ZeL4bK2YSfiwiaRwYqJ4+kaXVY1zRxgoPDIRgyQGSkA2E/66jOoeS5scxSsQyOup1kiyRLJ2aEjoJyqTBs0q64GJgyzCQ/JPlPQSD3tXsul8vlcrlcLpfL5XK5XC6Xy+VyuVwul+sAS2OF2X/BXEkA5xlcLAARsLLEGLqgDK8scAlmKCRW7iahtoFYAGrUGSIiZQGKwQLDkV1OJvTWDMKv/Bv7OpwcFmvRt2pjIBFmxGnbtpg2yCUhdTxqaM1ocqKJqkzpYBziNbXsYgFuJD4OWI0oWooUGam0OMC9BUgIsMTTNY9O7SqDCwY/QZ1Ghv62nEynTS2F7gk6SQDZeAUFrzBEYy+SexxY4aYf7QwMfU9gZjlrKFweEbGhQaFNdA1LVqJNnE7EJWfe7MwmpkHcMxVSPTXj0mrbiTDvado6SnZQNFhlB0C1bw97mRBA1j+5HdKLpjRKJi6uMzNYWG1KnJ6mjKriZyYt+xrjTozOC4MhgfLdwGgEwoznFIbNLKNwcO9cpxOrELOBiey47CxltJnaKPHw2jOEZdeAuoRyQusOeQrkXwkuTWYnIebkXi6Xy+VyuVwul8vlcrlcLpfL5XK5XC6X67qgKpMK6K/VNQHHODS5N8HpKtKNBWUohgHqRFKy6sjXgfOw5PwvUkZ+q5s5bExfVBMt1YKEP0uHpGoLVsLWLCTGpiDaFVQbE45+tm1LHidd2yWOWPdXNHGQdCXMZ1zyCAyoAK133LJUwtmgxAkqm2KmHYKLVCHomtqph2nQI/MgqOsSmKKPHaeFUBFlJDEmSRxNuJGpS/04CHHShsxehAG0dIDIgX3VyDMBagYpDK148ilQ7gMMmjErh2DZQoQ0kiwiPCB8EnEGOokK4gzqEK+I3ELYn6duvioYoi6/NsMYVILZj+W6rWyJJH9wi4sLaLXyZkH2JqnbaDemG+vr7XRD1sPMXOjUSo1EnEQIeV8JuqgZQ8sNkEcCo9Z3IDV8hEvxvKHGej3HZl/wrrxaaD+riBXU1T5uhzxCQpyUL6klklzMOKr+TOLcRSkJnsXf8jMzd+4i1HQM3cW5eOjxkn5HmgHZ6F0ul8vlcrlcLpfL5XK5XC6Xy+VyuVwu10FU7XESMyFQBXRhwV2bmJ1gRhqYj0CrJRouwgHSPmo4zKxg0dsSuy2/mdczjflJ5HNUDtVbFYshJ9aBygRg3GbcQkCYw8ucT4eOKXUO/9Y+cfBUmpfMnCJybJqrjXNHJuMy0VrSNE3VHMhGDDUMkWoQR85U8WY1D1Gjjb3jgtAsGUpkWbwHEtax7L4BMpjJACCjgaj7TNt0DJ0we4N9ID/ZCoI6l41wRtTYhKUFB0hb6fvQuAFGN9rCw8rRIYZBaB9CZo944Hn5GrXD5E9S4ITW44L0OuXvCB8IYW8JBcxPKYzRrGHftkD7/F9AmRwICQABgkl17bSbbmysrbXTja7rmHNgCgxBYSB+qlBxEyHl+guwzsSkq0ZtPDBcWx4cOD5Ao89Ie7cXbCrZpHOPZTQYz5FMQxAbJk4qGmu2kXNO8MaqXEu1NeMsUzgjFPoEPL2Oy+VyuVwul8vlcrlcLpfL5XK5XC6Xy3Xwpfkj+BDwwASfwX4YHyzbTF80xyfV2CNyMpwYGyygSWYZ+OfxQyagQBzMdmR6AzQRQ+RoK5TPmgJDAsfGUuxVF8TzhSPUiFGyRrQUqO6YNGHCopgBIJiNiob/M7ShfRo4TeCcoDDUEEzfg2SB7DTIp1OVCsPxxto7w64opMqMzwcH1lN9JuQLJF0MSMuRWAqE6kpkz4F+SBKl1Ens7mHvQYYAk7aqhlrmIEx7jtDDlvxRtji7Q2MT/WSppNR9oS6vMoOR9SBmMwTi8I3F/ET+T1yElDsJmzd4MF/zGrilfuSGbnZnztqDOG/lVeX8/1+8TMmsp2u76fp0nYiTlFpxM4myqwR7+lnZ6STUlidclj6iCqBpBfInwoGEqgY9qB5hPRGUBMkNHs3nJlTTKKNTfuxHd1fECQqLh4KdaGKdOY4jco1sy7rFQ+0+Nb9TmTmpzaDMY4kuYq8p+H9oxbpcLpfL5XK5XC6Xy+VyuVwul8vlcrlc123FYQx6bkA6bO2X83VaHM6ioD4azJBEsHiiFYXB/Eos0wLibOzWgo/5SKL0MWS/E/Yf4BPGnSjZgRamHBW4pXAlB0YTJ9xInDpHKJOWjDxI/QH93D6OQ7wWjh7UNYvRBEMwRkgIx15j/qavo9PzEGqCo7IV4IGI5ruhkE9hS8yfA8qtHFFPgrlgDYZAzjhT4uxqaRJyiJ3eO+QpbinczrgJBd5b1FQZKTcrWCtRP8+BZzYXYtiSncHWM/dUE4FVMF1OCUyTC9UEIKhUj9I//RUCoMgKA5qjWIwuNMC+GDo5MBHzOFPonCGon6h8Zvgw/78Wv88PTV7PSbkbhGo05CDyI2JpZtjjZMjmJRteeQzwWhpKGM512af3sFPj7BY/Sq40s2Bk7yoPLtTnoSZOEHF8OwTbM4yMGedyknf9ByCXU9tSjfxjIMw7dLlcLpfL5XK5XC6Xy+VyuVwul8vlcrlcB08DDAJg5KGxV5oXsgxNVOIkh0Qlcit2ESUjDw7KyY4dsWplNIOTWMEoFiq2ksMoXll3Neyx/XYhSMBUEsd0qSXipD/AjqmK1IGYgGRLhOLIARVWoz/1N4OTeYJgDebgamTjATrs1PZFABu0LsbhzQYbxIFzhrYFrEc2qza/UarInARU3VZnBytPLgvVkHYcXhfShPIN9aOBlceJ3g1VAcGgCKg+XrOaDb6nmWsGK87OYDWVMoNJ6ByE7HQii9XyHAlk0n/ihCFJ757U8fWcQwQyfDW7OucxAXM0F2yYd84SBuHseRud/9fC9my28f+x9+ZtsiPXmd85gazbK9kUKZLNRVxESeSQHMke2WM/9vf/En68e2zL9oxGEkV2VyUQx4izxAIgs7Lurbv2++vqukgkEBsiov44L94j9uAkFoXpTqSuwymdZDuBQlgWS7vKSzqlhYyiE9vdnm2Ej9ZNGIDEwkr88tUdSEZ2l/TFR74ht55yu5fWLqppurLrsCQkg9u9kFXw0+tObqE4WkF3AgAAAAAAAAAAAAAAAAAAAMDbpnqs5ZwAABAASURBVFecvDotaunhQH0TPnLihI5kqHF4hV2ovRJfrykak3A00bfqhww75S38mvXiYifEnUCoq5r3KSF4NL0g9/NYzsu85GUuXieaVyWcQ7Ln4VA3EWsLXQzn89Ce9rEpTlocu3iJuGSASUbdAL/kw7KIr4+VmBvKIPbhInnZlV6FKfbBtSbF+aXoK4oNTBnbIjphCUMT1WM8KYL87NiT2lJNcGIeboQCek0bbom0IKVz8SAyue+LqQpy82Ip2oUiLdGiT0kdIJrCI1Q/nDqvFdk171rQn3YGJ30+lLqg3JaDtrqWtLv1ICvKh0x51EU1Rnku2qnykxNVXZb+U58QuxlOuAdx8vXtaau4TZSaoSlTJ7t4TnnVsbyiTBd2R6eb6rnlojpjN9vpwY7mspPU30zUvI3E7atsNWZTXhFN68g3jZ5eP2kh+fLsd/+hbptsFlgAAAAAAAAAAAAAAAAAAAAAgLfHM4pOen+R+gI8q+6kxCVNlWGR2ppVobuxf8m+Kh9caKLBcS2FzexEC3SDE+mS6lyMQroXBdXY/3R8lX3pF5pvxfozyzIvc0mpUzUx0T/Pr8FMNRXMKIGRpjgYrQJaX6vXSzKnjcXFN+3Nf+ZdKy+wsSoYBsTVFh5QruqgKsJwxQiN1izcPaASp19y2L2o04lrYyjkDvZ8PCDeKXB2PZdLQ/HYZbcTYf+WjURMeuENk8vuM0J9ezyfDtsQsts2mPjI5EdmM1E8M1jztMgph87Jo/gSw5q7BDeXeieX5CAt4t6fiXRI0nnmrM9HaJAocWcX9NaQUdekQ7e/ZjsuvFdCiRxeGVfwUZlWd1FOLQ8P+fy1zPdpXd2m2yH37ajrQSSxJ9SR2GJKPqlyVZqWpXggrYWte4OpKMzJJnsuGjH7odw5IIm8pBBl6wwidUVVM5tQkUVd4w0XyuImMalDql1YiKs4qy9mLDYUJ2ZkkhffDXRbLM4nSZU6636xbuAqOyFXo3TVaSOKWZKVuI6tz94uJZmd0T6fXH8IxQkAAAAAAAAAAAAAAAAAAAAA7xiH0VA5Ss3RS0No1JpE1LLE4y35wRRCE67RSbIwo1i02QL7NRMIx9v7Vb5gKWbU44QnitQvuaYooeJqQbPF9CM7jGxa3rtulHQ1/kr91JlQcBEMTObSUaKuc87zUqxNSm6dpXzMqqDhELtYu5OFQ7nFxaV+E/H0KqDZBcLXMUoqQ9DxkJq9xXPVmDikz/bCY0oJH831TkqbZ0GdR0N0k2UYDh2vsUEqd0j6eJrrzHpN6X4uv8TsC6hE2UtsOjrI1GcgadHkbgBioF3Q0l1WtR2S3bODt19dJ7cqQsPQCU283x5CX9iVD+5XY+NRR8YyNLnvDqXMoeJgcz0pUhL1dfGETjUerl4MnNyLQU41lr/RQ9WPx4KJTaC/cekkt0PpS6nLo1dsfHOsTQ5kK6aNENOJzPN8Xhf2OQnXdcFVFhcrQ3xpq3ROs3rZLCh6k2J9tJB0hfsdOuxpsOWgK/qYV8LUJ68kv9jtlfsj2qukUugKrQjqJmDbhrKnHQrfof5vR6jtVJvSVxX36S6ky2T9tHfpIQAAAAAAAAAAAAAAAAAAAADA+8vV8Cl3qDtJqDGk/4cinijD+/nsCgL/WeO8qZidmHiF5cjRRN1Q9tqXXZMHtYz6EFhk00P06oLgPhZZVGmyxqTn+UH0UD0sjoq9NAo3hZhFrRDEVQ9FoSCugeBmlqBkoiuB1pbFxSofFQ6bGoUuRqmTGZ9YKDsS66hnR456cmYRGp0mtmHvbfEcv2VoyO0HT8adYuqxywe8UJNFEdXkQa1xUudHtZLwWemflFS7tWuif3Wy+V0D8/tHwrv0OlHo7QH1g0fZ+dLQNxc+UNys82FZZsrn88PD+rMu63jC+n9Le3RgMGSbWTlSy45cbE6yy5BEwiRo0F7Q6xKavF56MVil70bS3proxGb48YYbHkjDty5JO57hW11eZP/ipn6Tp6wOAAAAAAAAAAAAAAAAAAAAAMC7RZcQYXu+/2haE4+2DwF3GS4eRScemlcJiX2cShabIjmZUpr07EZXIXIc5D0waHEhRb25+920KLzGkkWzppjcJEt+WM6LrGdrm0k2epKjEGj4nlwLj2qk2lN5RJIaF5r0zRYZAuAbcUkti44iv5fsAC7mINKkFhavz2oGU7ILFZeCbJTsOmpDUOkKpVdEnl0nMQSoOT416YnWt58W/ccQSu3K5scUMSfaCU0udO+WkTvQEwXZS64imoNx5E0hr85LW02oq4WIPLfnSuxMm0Xd1ELl1FLseubz+eH+fD6vrZhSZ+jje06yNa4SN8sHk7hKsbrNoopTOKxSqvFHCvmJXW6+Hek1m3M035FHrtveZQf9nEl9eq24S+2YxHZ2y6rjtw3CQepLM8sgfdYlI9eFxrFNhi7Jj/pH6VZX7KJG+6aup3A7AQAAAAAAAAAAAAAAAAAAAOAd4nr8rsX7PLTtpymSJ2iwlqvJiYTNSbOXyLmzYLCDLJFCwQu3u6KUSctJnE6s6XUs0KmxyyXSx1hpWYUQByYomz7KEPkV9zhgYf+0lK4Uxckyzw/rb8qLJXypQVjteOarpiMXxzP1g7n+WqgfEJeyiLuM+IDITtsQqSrGrm0+bhwDrAKuF/eD0IebQ3Gi4hYzclhMdqLtzfrIssz0rCYOvbDm8UIfiTSnMHOhvaqIekcKSlKtbso/nM3spoS5PXwvfrHNmkyPt6wN/Onge42U04VIvzWCXpbN6jqq+nl5xQKfbfYclNo0NnVNmaNNOchzSYtTkmnpvjElV4zo1DFZEm8mIofzTz1R51jTvnXCOl+31RbnjakjHh3UA72aN7gzLOHwXYqbBoUV61afOHQnOededNIW8+EMMS0KHevj3MmENdVZzU4Vbin9qnF3GchOAAAAAAAAAAAAAAAAAAAAAHgf6KPYNUpfg6rlvfRONWJvwucahOUawZRNUZmGV+vt+kThkkI0TVNRpJREDmp4YukV9i4mWoOEC4gc59ZxjUkWTaRjIgLpNAd6sIaiz3P5b17mWc0+rC8SYdJcOkub2O2FSG8XoR6wWGqoPaQbh5bWg0SeEJU3S5LjFDcXWiH9YRszH6ecw87ENS5SJRcSseg21K8W+H1G8UrHQVzbFU7k+pHewqSfA+Nsd++Z0CdZ1p5tTaac2pjpnPY6D1ULXZyjtbRr3Xp6lP3RW7YX3PQ8XjXYz/w6nvohmfVxu0AtL8XOSLLvOD6B2Y1O2FJ81Vnha0oVb9Uhx1PqiCvd/L5h3ojNB7r6rJ/AXrZyUKw8/lhCP3dQlHQeSv263lWjukAbEtWdVKeT1lmp4sRBq3Kwevx8HPhVdRuMxoylhbqQAAAAAAAAAAAAAAAAAAAAAABvnScF7uKF9ma/YS+ip7AYqV4jKT5rHXwpkM2VCCHWUKadm3gq8U1VnHh9m6JMAsL7mO+B1IOqd0Ux89DuuHuKZ5Z5mM8P5/N5Pq/hZMvno7kemjnF7RHkjZtI1wy2CK1FaqXJeJoSIlvunZvh5uwQZ/oQ+SMIhVxCTWvErGvWFqzheVfaUPYvaRkNIOy5PWoBchuH0+RlIstHKp+mLykKEY2KdzmTyJUHZRpokJsjCC6hjspVpZQHdUmE5sPFJHCnE52LUxxQnGRy5wYbu+NcMzHn2pkxit9f6x3cBObjIB1KT/goW9WV5drdwiIc+qlLFwvzW1EGjENkVhnr3F1KYp3l/LCsyztn1kUfM7huQT4VuhKKpcc0TaxSOF8fWpyuDskmpIiNKXY8fopo7BH6RymtIt5coC5EbRc+HppuA+Uun425J/VmLdsbSUxrkjX3zek0lW26DYjvqmR/HKLA3E9X/xW1r+NKkwl89Dmk2hx9FGk9LEMcYi9qFkHMb2NWAQAAAAAAAAAAAAAAAAAAAAAO2WgpNtIN6uKb/j48DbKPNGpNWvSTw9CDUy2HImxqXiZrTJE7NGUDV68UUgGKLGQuAn24VDxZTKlDM2RkYdkHYfdYAXP3Hr/kRQUrqQSk5/mr81fx1n4ER0tolao4wHq4Cc1uosBmyEIWvbcTlErWnpCXlOw1JL1OwGQOdrFEcFXoIGUK67Bs+lVi6Efd7x8r81YEI2FIYNqSRWuZ9AHNuRqdeFPzOgCW7Iir9MeLYXqaHGeD+9dc+PZSsRoj7y/b39jPAetpTZ8SQ+0zyd0ZhHSuRmIdVyuMQiepYhGpDSgzIu0acNK53jpp80pae1n6lCEHXPqmK+NxbgrS1wV841O0Cd8dyIWqqZdivCF4WJmeCGddfcucl/N8/nr9vX4sU7rMolF2U290mxJOk6eS2YyhSH9dVGynfEk3V5Fee/HSqXbG/eX4gpvUGNwOJNhdVFd+p3extV6FRKM4qd9rYtvqy9tNEjuj+3zf8up0Iq0l2+bJgagQAAAAAAAAAAAAAAAAAAAAAPCWCAHGlWjzoSTF8Gg1mRphTPDi8o2l3dsLI6jm0XEm1VLoGdV5xFmW4Q1/Cv2HKVlypy7YWwCMvYwkDXGtxYLVwaIoTh7mc29XIN6z46IuVVF71wdGc69aaHoN/ze64FHdJmWwERvHvHakbxcfJd84ONk3L46tds0UUsZ1iWGxZoqZRJjfh97HRx1/xQDwtSEdg9Vy873764Tb5THrD0oQGb6R6HONz1fZUScp2ZVgTieeMarBu9ouKjJ8ZUU7rhPLg3eFcGcRcSzh4aojeJpuiLuHc9iF+pXc/piexL47o9Io23zmdUrnojhZzg9zsTlZuJz0TWbX+Ey+fjxbWJrMtIYj5ZQZAW1lFHy5Va9OVQXR5Vp69R9dagYT0TVRnivmuF6r57tn6YJBulC2HO8yMVuW8XIWzzZVm70eL+PFVRH2ZqVLAAAAAAAAAAAAAAAAAAAAAIDbsIi4pUe4LUsK13fR7d7k2W9UdhKCjjWKqLkRJLw+LKpoOUzKv6l4QxTLk3jNXZUmFgh2rYfFwovJQK07VyMKvSh3b9BvlDH7+KzdIp3HSNbcEPMakJa8LCX7RvMIYZeb3BI/trtyVx3r4Jgfi4hKNlwSoOFadiMACdVLa2pIOEL+ctACoYMkKsMFIhvTioPL2J1scrM7MG1MKgfh8EEl9JtNfKJOJ+4KYs/zGcLrV1UVe0GDEL2UwoXd1KUvSmppoyxkbE5RJ2RWwwx7alyHU3+lS/F3VypctmS42I+NEuKKhqCXYrlKKJZccaVJJ2pahH3U/0LVtz3VwY3i4jX1glRG8flEA025VeHxmLMnhKL1/1nK+j7P81w+ifkCZRo3C7cn8Um3fjuZ+5LtODkv5etM679Z2pptz1f3NheyRSol3yithFdYLfvdja/m0KEbSvNem61TpOaxge3LbktOt+5pmtI0cajhdLMzncpgpVTHsZZxiN+jgyy6o9jO6bti00IddHdUMQIAAAAAAAAAAAAAAAAAAAAA3gNKYhdPG8HmHFEHDeCCAAAQAElEQVRTvdRYvcfBNcifc8tfwXqPRewn1ZpQzVvBYW9idI4NW/uAEK+0kLO1RIbLquSiD782wUpkwFiyrNHoc16yWRckLyaisWPf6SJ7sU6xUXFXC8uzkVzgsR5wZ3yShqCpq0n6uK8cSBPW+HnVovCY2Ig6xcmh/Yndo21ZNISu+YlKfp0l2loOsobY43oPTCd2T4wlOtx8YF4ynn4xPF79Ra7rUdrHfUiaeHd9syaxX7ITFrV6/emp8UNyGUc3qJeng/hDPe2C4q8jQu4LITxYBieVOgnkehofernnJ6+nRy/PzvpDB6dM8CUvS1GYlWWebZHpEmqpoZorkavThnVleqwm8anzqFmLcKdYqQ2SeoluLy8/XPJsCWXYbZi6/XFvkiPd7+6k+b4U0UmZ2V0KLj5KzOSlPjbvVL7iYidxmV2VT7W5nbo9ru13r656AwAAAAAAAAAAAAAAAAAAAAC8Tg4DnXYuEacxnwOFZqIeR+g2ua+GpquYTHSi+hVzOiGNTWpOnVCN6Fv1YaYwtoHtPXj/bo18boUpo5ah2pxIF2ktMhOS8zwvVCQni4eHty/s38KVqKfLb9glIjo0pb1VIcNNOmPGG7IXmdT4b9/NzaBc8TupF3RjYpYCJZCu5gvZmqkKofJMqCqHrFHU/DouRJafGSF6/kKPaonJoZ97/UxEvsmH4GU8FU5hLkJefEzOx27kQzHHcVyfLEXJ2IPNNWUeXJFM+TVET5r6fKmdm9aNt/Q98Mn/TGYVuzkTiapK98V2jMyysO8GrD5JXdoa3mtWnFGTZAZMcV6iGneIidQ83V5ENGyR23Y/y/q59vy3VxF16pljbCPcnNTkZ0l1J7ahjxI/EzyFYZLs6qS9OE+HJo0Tw7akKqUqQiHfiAAAAAAAAAAAAAAAAAAAAAAA7zabl9uH9967kLT/Jn/zXGq6Ealheg/FkmsV9FfiXPwxys1TSup0oul1qseJhFdKxE9Zwo8iyNHQSP5CYVSx97nomhJdMPVANsVJXkpKHVWsdAl6SlD1qXqHo8vdXaKoW8TzCYlpZaSpTGrYneIlf9fbbAq+Ta1wJQcLxbj2ShwKWYVLYVxxUj0GuvtquFzYM+pI86+Jy1oejC4E3rowqGa6VshRr4ZheDK7Abx0QUkqEl4K3RygLhGP1FFyqdAtj8I5Sd54qBw0ojoFXUHnbt7k3CFXePVrrS8+VGC5HlsD0r4ZddqNipBbuD4OPF5nm8UUJ+r8eDyrV26XmI1PTRLUclptbrH1lBcJdUSWPBMtTEvi4XrRZF8+BkUE4QKUU7H04Kgih+iqLOqadKfuiZpvp5gbURGVxdbk8/tCB9syS33zI3EN9euK617R6cho6Md2uPuzsQlm6TJvZVOKuGSEds3b/DXIJddQMoVImdlFDqIJzmJDSFIlJyFqSUWak30z1EIjM5GY2tBzpUmtL9vqW5ZF9+oy7PZEuBkHueCJX2GTAAAAAAAAAAAAAAAAAAAAAAA8F/p2vscIF1d5aAje5RCF5EYckqaJNZCaIgJekzWQBhQtHmgRzb6W9bIXp5PpS5KGCydOmcWy64gbfKh5wKg0yeZHsIYck4YmpTiUuFiCqmaDpMNy1tQQZfU4WSua56WQ14imRjr1q1xFDhHtHaL0j8PeBA29lrBz5hjaxOF5oHk9tNDSjWRagMSnIdcHk19FFpLmIS9KsuaaBqKZW6wXZAnxgVDqw8xNsFK+tlxHmVoJZk2wkHkzLF23tZ0ynKDwjKEmzfEocFMA9dYe7bd0dgbbwa2x9xoN1wh7DfKHHqlGxrMreFpHeSiPjnIS8Sb2z2p84Q43iVx8E2KB+hCYuo40kdAVnYTElye6YFjSNclP0VW4uWX4CRktfTq7lpjIfUXSV3Vc10ay9EzuI/uCpk43YL9N+XDrUjui7gFdwV39onmilnnOZeHnmiKpTpImHKnCm3UVTZYCzCcr+1Ixc6CyVQ6VtnZ0Eh4uK5UlXRzLaAe1peYFNVlUd/XFIrrnK0fXSQxFlu0FdWds13llTHudVBGdFKuTmCf50T1S1r8p7LuYr+VYyb7QVY9nwxt/dHKXVEdC9+bT2kvz1fiMMxUAAAAAAAAAAAAAAAAAAAAA8MqYXQlXFxEymUcNtluKFX2/XJUi/XvwowqEukiu2ghoTgYN4iYNXU4az9WSzS7Fw7Qqv9iFEUX9GdxvogoYIrzbRX5bmLKFovXtee1SXgKThXg8sxuAZnHRQvzyeGKHTk5RhiXZK/+9MCFHKFoujLoLVkzCQ+F64tqHiapaQEctj23ijZagSmbCikbjyt5ZtxtYVNCixgSzexPYIIkLAGKc/XE0J4RO7lHbT6GVGRQF48H2qbpwQnpflUoVDMXN0ksKbogzy5UveHNCqogpgt1NwWCaFPLHEZ29Gu6u50/0rDwpP4vlf4nF+/iA3TDL3z4hPNh/0f12TGJlUzrneV7W/+ZFlqWl8OqkNjG22eRvlvarKOxMz2Ul2irJubu+VUeHDSamzh5KOsOo1zvgO+XNnico6mzVJJ5Ok2lxcnZnpMcZvYyqA8q2eUKxIZtKsDkQ7faN+DMUkiECAAAAAAAAAAAAAAAAAAAAALxVTKhhv0qWiZIdYjCfoMgB0hwBRAZngXZ1HIrfuzKxqU34lKZU5CaeFaFoT9QJZP1o5iV8qMkIKwdrIVX/iz4DTHTEFDOe5IX7N+YL5nKySF6qKQFtFBSvQBmHpDW3EbglsixdZ3INvkp/WoZoNck1A4QqMRhD22EbQKEvyRaOj6FdPL1OifJ6ApYa1o1A/KtzU6S+fT2OXvOFeGo9tbImXOFuBrcys7j0p03ooRlMPFx/ndMTWvcoLF29iS7E7/3aMlKPZ+15jwi/IO7savaiB+n0adWlpyTSyiY5WRaWqlWzW5KJvSSSztgsSUVcMemuF6oUK2wYcGn2IhwquFix/STZJsSJ4760zcdd92+bM4NQ61auV10LVBHOKaVT3VlsAt5S0VEVbX7q8MamZUZOR6VKv1dzdxoAAAAAAAAAAAAAAAAAAAAA8LaJXArCeQxlc+8CQDUyWz/S9shuigMOjxNNorMGcadypkUbyyetOGlMfZtjQ7o4bpdT5jBCKkydR4tbY2S/Plu3Fk3NU35MYcNhQ+ASGRer3E4eLD0sQ41Q1cc08cmmW+1kG8z4leMBZNfPCHeymn0btvHolqGIqmIl0idV6Y5WQosPD7ltgXqzPBKAflZ6A50tvTKgOZHUb3cH1xmuFze7MO+SjWuLeEUbOxR3WIlvb8rqcSg64Yt2HVcbX2+KJVAcN+hgMXB4nJTV1WnH7F7iJ9X8DlEnM20kHUdXiq7NdT4vOZdcWvP5vMxzMfURSwzWpp1EfrB1d7ChK9uVKk4khGOm0zKPE2pLrtsuRI2Dcm3YMH/kwBll++Cu6oceGxfuhG7enY2D0+Gdse2N+8VB+TpKKZkKp9Ob3Eb/N+NCd5p6p9hreZav1qDYqd/YxgQAAAAAAAAAAAAAAAAAAAAAeCKWUET1Ekx9ZhxKkQdnvLwLO/ovj8ayJtApCXgin86kUVwToERR7FHZFAXXOG5uUd1sGVtkEEMcyS6aNiV+55q1JXu42HUnJelGFGOxYO7qf6qCwaunaqugagALTPdOGtZCbh95vNiNGUI0I2Q+JBFiPzL8sGCxD6kPbPNTiNtaaFjj5aLCGnM3MZ8IWUPy2X1pxGLXhyHy54LDzca1QYeOBrtwtuyPN84rcnQYY8shGmmPQPyYtdvVGqfe1VwsWo0+Q67LHXqez+nEllU8ziKQMEudTh62s9MIVyK6aV6PcoqX5bUpWix7U6dyKx8PWuuL0RaUakWKx8l5WYrNyboHpNCm2ehQimXvea1UWFEsPe6IJ+l2io3SwsrmLlGPa5ge78jjApRrd20VZvbtdj1czPwUpTUViJ2hx1kHhVQweGtiHSs/dXZJ1rTtnk/9BZuhtiuyZmij2q+WN+qDsvMBAAAAAAAAAAAAAAAAAAAA4D2lV5AMIobmmMAWCvTrqVhk2J2WKqfGB1MJDmpOCmZLT1HQGGHRnaijiV3JNdjZv+TeNam1bRcRrfoSvzLCmtkcPHIOO4py4aKCk1m/0e4UCUzOLCGRoZcYsc3nyOkjFLYkrnToetcpTjZFVeWOhBIie3jWR94TTtTamGv4NqwZ0l51UeQ1eSOFqWYn2aQnWa1fel+Gw/HwGp9NUZBccSLqvMGD/Ya4y8u2Cf7t8GnDgVRFui/E7+z9dFKfSsrtcXwiDwNqiodO10EXW9B9dTrsg1/avB/Scei/ihjU46EKiRq5Kad2LUp9aF+e79F1bBbPrcYXO4GF8LWL9+c2c0MO7jHZVl6KtcmyLPPKsjHbcHlcW6RllEr6L5WcuKVH1FCVEPUcx8bH2p6QtNkFi911aXPpd7daXn8BhzUID+l46Ar9wtiP2aA1kW71XSjLdFhuQ6WLdJpO6lbFup3mrv1N6lTka1m3376DeZh97HoRb2bTz+lwqTTQbiTJre2p/h1qkirOKjnJt847AAAAAAAAAAAAAAAAAAAAAMDrIi81IMsl/41rR2og21+mr0HVFqw0ZxTNmGMvnbOmYJhKdNIsBTS9DlkEt5ziUJzwaCdRg5S1qkytLs+A4ZeojsQustuXVoLrKaKElVksDkrNVoNL9gyK/DVWbaodIqYxMn4cnPUAaFysRiVLk8iwROekjwJ3fgQ5oq7sNiTekhytzZFCpcgKKPQ6m3g0dyWreCNitrREdJhb1qHIMuQ+DbneW/u6Fcvo09oPwN7s4HH5jqSIZxN1o2o9XOdJc6BpT9vbRP5o4sxGnUFUbUriTDNyGK/lKkDR2Phix/4AaRADSNOpHBa1ZW//0EQnvfsIbacUH4tO2kcJmZHLrfzoeFpyF9f3wjsBCl3iqfIrHnNhCdFVc43uypdXCYyaj1Et1S4pP4tmy5llOef5nPNM5UnrMqoyB115tpxUD8dmxVR1ciH4qnm9ct8M7maDSK84ORqCq9YmckETNCpOOl1Rp1SxNV8bI0dl8W5Ho53whcdFrhu36zl0204UU0sOFDONHFt3J+gbtD67trUutbURw7kfAbadkKw99PJTCQAAAAAAAAAAAAAAAAAAAADwrDRTE+KWTcdCemkItkvoNyL0aLfrhQfJdCJ8awkRpCpO4vX4KPbwffUI9HooVcJPxALLOXQI0sVBFxVqqMyknMtdcF7jyS36nv1lf48gk/eLbwtjuv6jjkH8dHYKRK0w9qhqVTzEjZ40xB0IXAlhSXBciWJuAiam6b1n+mMvLrkZRuZNHLyGc3VAsiljZC9eaZqZrpddAY8NyjUDkF68wiGcUJlSa34JVktoSPoovvCoOulKvVSb3SX9iaJryS4qiieYq4zjYuF1ttL1/u1HqXc66YQ9O6sPlWxw5Aq5mLsk5kM+NAfhVgIf1vsakAvHdT5txECvWNHup4/oSQAAEABJREFUMR2XnX16Z02tU3LrLLrQcvFfSuFu0vJqpTCbWRs7UdnBTjx678QCtd1O4k7aaKHsYu5ufOnud6Y6LJctSfa+SVfqi+XNG3VVq2tXvP0FIHLBh0SHN6K81sjRDIZ9yR32jvvrXUEi1Desq0IlQ36X/X1hEbptswYAAAAAAAAAAAAAAAAAAAAAvF5Cv+Dx/+4ddY39LbmGFCNAbzYeLkmweO0azL2bTio7Md1JaE264h6ziuhecmeyfDDMqgZhFRCIaU3Ic8TUFkboVD1OcqYamw/JhPdr7PCm3uRZSB6NZDZ/hWZPIkvTcfCxOGHTee4CrN6pFrDNnePLQUmhNZm29USXNbnI5nb7qIPDl/vI9XcIReg54I0QYn3AYSaydraL71eZC1GnaxK65GnAl05WcwePeVeRS5Pg9EU0rVGyybSp7vHcJkdCj9PBpbuMKmZW4R28WI9UTUN0Q0JjMCqP3jaDzOm1lP3I96b2KtqzZV5/1rVZ9pBQithssNFylxB1aYqNymRzU6dHYwlfpSbD6OpTl5GafEceb+RT2MrKrvW79YuiHWn8dtM06RQeHCPSfesqk/XkOh6n00n9YGIdHT1heRbjka0iS/8KJJMIknuuaPO85VCeAAAAAAAAAAAAAAAAAAAAAPAOwKrMSJYGJ7AYYrZsCTXxjMbjORIcFLkJJ4pgrUYHTdWRuowMuwjlkHehVRe6jRLmzfVCphxR9hz6gyo1iVu8vCo3Ee4q6t7sp6r30DBr3phv3IqKS5rzhA9P95a/F7d/y79pZeyAi1DGZDTsTVq8AncmcIMBLzhC4ykSIIUQSF1SQjNjY2VGLyx2mcp4hicRcVtLz8ESUWZ2g4qjYPerhXg3xgxsAp4WreaNIoRergH1mkxHDhz1KVCXA6n7lp48H445Paa+eJI2o+mrXANho9cnXtkJqp5FBvBUXo8ARpfSYyXXx6tbyLLM56InS+vHJLHquWbYUdMSVZuRribdvywHD/cGHvJIldIatpGzXbqVa16u14Pp9Zpsay/4k9aM4xLEVIhlmk3T9OLFC1UC5iplK3rAHGIV6YagK/XJHbwsLatGPrxN9/U2pjgAAAAAAAAAAAAAAAAAAAAAoKNkK1DFicWvPbbt0e2IG0qkRGB7f57dGyAly6eTvIy0TfORpcV5qaZxYPd34G2ihjxoSIqQInP7Ss+oiwcNihM90Lw6YZRSTQIupSsR2aVnOJLCHN8bEpOojj0wmtSSxcQcTEMkdri99ciSAYWARsZgtIoyWBK5roCrH4OOtpdVRC/ly7WkWsWcl5x9QCyUXo5JIltOFRG5hmHIsGHSk8vxfWEavHCeBg9mH2WUWrP7ltQ6Dqq4qj2oHhWuJ4gSQkvj84kO9Ci8qeFl4tld206vYPwhF05KH+DfiAZGuclrkX68TR5VnJgEyyQRviEsrFvKugJy5tDqJBcu2PIq66to5tKUyPPshKzH7YGK1mIjl4oaxfKNUTddKbQ+jz4A36Mua4PqehgWxuGV3UEvuWIvXy6upWjJTo5GqtfRgTmd0jTNy+x/GMzd5aikHB5U1aNF9mKX7VC6c5XL4kwIWJ4KRUGepKiU5s1s6siLyagAAAAAAAAAAAAAAAAAAAAAAG+KNdi6SzhTsEhgCp0CdUHSqZhtrHHI8u9kehV1NilHlgGBSvAw0cXIq9VWdRIWcKwpYPykSTfWi9jCl1IvW3LuQqtVImMBZi+wRnM98M88BkqPX5e/rqIIDYHavTDvL47aKe2LqfoYa3aLasvFWLB6zHCX9qjoekwlZIKd6phCXTlMfZmhwgmLGP+Vysi5XEai6XI9VJ5fXothLaHOVITNfqEfxsPA+noy36ahkE2wv9qCkFs9WDybBy1Kr5KK+7rfXp6EecRTOHGzm9j2sHao1xl1GgShkAhVi5OSOSpv5CYpBAOJxFw63pDc5JIQiLvvnqMd0msPqB+ofe0+buswzcv5vJwfKM/rsU3tdc3Ux+3KCR09F42RfxfT0SVIeVl0QDOZ1IKqGsUFLu1ZsWaNKjo5jpw7vqvKrqXUCU32o7SXmDTlxe6G6jtSv0u8Vb2wb+a5LvZuZtrQxaF3nm1kVu6mgu0vuWlx3DtFD7juZH0XonGb/vVmRiYRsqFUvyhLkVYy+pS1mkLdpn9Wyk2uCaKcq/Tlyao3AAAAAAAAAAAAAAAAAAAAAMAzY3qRmrmDIgpYI4smOEkl5MeT+Zao+mFKJoGYqmaFi6VAsQ2gIlBYLByYmKu5h4cceavt0IhmEZeUeGsqPhxrzHER9xGI6G5oCKQWp4oTi0przh+2YLBn9AmNjHWTNqoB7qPBuepWdkFgbVcUZCVaE+Nz2ipMbDgkZDNVtGBfmmhmydIFZj1OrbqCECn4qLLl0VG5ibucMPUiGzEPk1HOYl+5EQrZKFIEo+OZJtMydGocj1lvqBFpjj43U5UIqksVdxA3Z4IW0B5i0uG5kqQbRrK2xhDaaVPMiFwUusSDoCH2XorSVnlDJumui5nk12pfunD5GvneTI4dTTDAbQxapp5oxCkyLtUv201tStFe6GR96fItueLEZ2l4B6XQRiRux8/BLeqaTQKr10V7uL0Og7cPh23F6MRf5vP9+eHrvDwwzevQJ44Cyg4mZq1TFlZKVcBibk1qdlI1H2ybkkg1W7L17Ad1zTW9ELtDR3t+R1K+1uTatwtzrUptiPgRp5OY/qaoahmEKJoek4ybJGWja2HX4nRarLK36baT2yZj93aClehEKyQq1UGMma4H8YlraeFCZPuh1K3YNCUcDltRi3pXdVUQAAAAAAAAAAAAAAAAAAAAAODdoOZxIKJOg8D29vsaSZ2K4kRdNkqWA3F7k/IxaVSwahVcdCL9K/RXWSwTBlFnDqCvvKudSeodSrowqSpOPEjJNQoaAU2m6jLQxft32Uiq+kUG1c1wjXQuF56fRTx2q+NThCC5jVdtqL+JH/Yw+jK/VpClJL+J0GoS6dNQWGss3suarkifDamap6hqwgrDa9AcPXpT7t78lxBNZC+0E2Zo83SkPVx+pLQZqDqKXjnRfWndkqYxYR4vqyFpt7RJoaaQTalDlVWSYf293MSxy4O6p5xP3k0z7omn3DuM9NWq0Q7LY8oL7keT+nobpxjidGUddC3IvXCkts8sJkoWJl0jkbjEVSYek387wffXrTi5yM7MxRQNeVnm5eH+fH9/fnhYP6Xw5hlombdcIDVNU7FtOp3WBWfytyZBo6rD08vrP01JNQz9OrOrB1Pii5XTOPOqjxMRMT+iLzlkPx0rtygzqqGINJkIu7yOJ3XZWeo2UtVltfyBuGzbCxcKhacQ227o7iq+yFu2orid/S+TrQYdXd7vPgAAAAAAAAAAAAAAAAAAAACAt0mfFaH/qCHIpLqKEnosjihsohNTo0ya6cVSvdQIY6rvsQvxPnLfnFTKwaK/c0R4hb3+JRQnaylL91q7HWazH1DRh8RXVXDRhyHjjfltaFJqcodOmeHmJHlUIbRMFxYtbe/caxqLck+mgzElfXefmDqDlnJcfEcye8IbPVZ5RD88FhJ3n5Mi8GG3G+jjvOVeNjECuSqh+zaHd8wg0xm0JSzuK8IuieHLAVy+Ht31BsenbcS82h+Y4oS6J95HyIcH53ohepQ2B/RXfYKl6DQ1qwgLp3cReBmnfacrejZOLdPNgYxg7xVxLF7RkL/kpT09U5wMQf23Jv9460SCrvL/kpd5mc/LMuvk7hYmdwMcriTZtEzr1naaNFVYuJXE0tB9Rvelpwxvuu1qPsrO9VRk9/FRxUkeFWZV28Q8bACier86LN1+0d0blZouaqtsO6ZTVtUN2FtaN3prmFdSd74uMc9m7QAAAAAAAAAAAAAAAAAAAAAA3ir9a/1mq0FU03+Y+GFKadL0FJNrIchsTtbz5nESfh6N1J2RXW2erEFVCPGee8gyNLGOyinKb6ZI+6ClhR7F3ov3bBeq8eADxYkxRoGl+yGzS/HC7No+FmyyiEQbxuB1/95/FxAdTBAs2Y12zXqmRiO95KK6y/AmJswWdq1pJiSKKqUtPn5514AoMI/tPgjURoNdWrIPGvOrxcavxtZlU7y0091H3l0wtM8emeT43qLW5uBiz5c9OM5yoEGyMujVekn7Jp5abyJyv7vQnuvFqi2c7wlhzAfIE+vs65RiR/TBcjhKuTuw8SmPPBWHE9l5FpHprmJb4lgOKq0oijqfRuy5XsK5o2tBT81C83Lakc1dfKDVuklWwdfXxlNa5GuGfDtVKY4aW+V8uDG0vrviqw3XbW1vljF2f7uXuyuiLgoFYTOpeQ7hDgAAAAAAAAAAAAAAAAAAAADgFRF3CjGBBfdhPs2dk04prUHZSTO8mABF34Jns9/QiDqnMeOBBghTy3SiX2qKhnJ50V24K4mYLQeFZUURUqzXiesq1EdEA8FmSWJpKCgMM6w+S3OzCYpeiXp61NnzQLSkEN7URNuIMNcB2ReS62dXbbi5hSsgPPOLmpqoE4NJajYtOoyccnvDn1uuCWkyhGYfEsfqViB0UcUglwYlumZx9N23F6/v7AeiAdSsROglw+AvEUZnkzGFyCOEBRJmKlLnpRy4jsirxuuPOVHfwItIm5Fkw2YGNZ5yRUJAkfjkkokb9QgfDpaqqpujhWypWTrd2CzLuQix8iyXnqlrFmwrI1XOJZu5/i119htyQTDltkDNt6e6m2yOeacmOSywLZ7W48uL1cVKdlU78ypUp5Oq+yj7fHGAOdXd1q5hW+PSrSppGXYo/KamR+xefEP3Xd3VfaUqtmRmtf/650Gf1rhJWSs9wxoAAAAAAAAAAAAAAAAAAAAA4G0i9ZV96jK7aF6DyexMiu6EUzEQ4MmCtckFKHpZcgHJUOZRRfo7U7WdKFHMHEF3U77khRZxH5Qc8hUNOFuYV80qitGDSzc4JAS5C9pKOvbzyPFavVA1XAmflZrbQaUsJl/gTltBTU3heXa6EK0rdXIVPYin1zE5jESIWu1JuhJKThxP38PxEKqliXqcpJr+giIGbrocq6ikXQlvD4lwuXZpIdq6d3SKENXxpM6whXaHWzY6hxqXT135YxkyBNgvWRL0Z4WjcfGNehkcxJU97M7NmkFdTFw0o9+yZhcKM4R4NpdC1L0qJdEjbCL+RrKp0509HQzodhSq0ESGM4p5/WwUCV3o/dF2vmVeiwuFFdnkB6IPeF0FOS/nufCw/k92phujliamJAbjbDKxlE53d73aoxosjTYnVWdBPq8jU1RPfqy/VSZGo9CEx3lyo+uO7GRde+ePcCKRbXdGYpn5+ik7fJqm02ndgcQFgkS0bZaEAtA2VIptix5r+OaTNNmKjqHK6JJvgymFR40/79brTDdVBwAAAAAAAAAAAAAAAAAAAAB4E2h4TyO0TfdQsuekklKnGAOo2UlRm3Qvnft1TNzlVfB0IZn20c/IiaMXSkl94nht24IAABAASURBVIYgat1Rfs8awlws0BlhUOmCsjki9IfRRmlBfJcGtFg+a3iUqWpMtDFZNuqIerjVUNQ+dl4ZcUl1R4jq3WJDIkS6VrNkWXKfuaeJbfYxYOIDiwSLybr9hQ+m1LRE/ZW1bTxk8LFwbj9Usq/ZVEFjHPxiYHeQjKjnTe6f/BgBz7uMIp2nRDswQUmLltNxCF7qpJJoujRliYWyKYeGaP2UWMaOyOb4lcPXw4QropPrEfH6rVRlidQHX57xskjeV8GdSuz9Y9fsC/mOLhegv100ts43XWU5zw/LPOflnPO5KLHcP0NkU58KJxZdwuuGdlq5u2vfSvPsyJ4EizdNjH2sPelqbZLGqtLhDrXVf9gDb1cyP+HRyvZANvqVKjrZ3xsJa7hXtEXiIZ7uTppSjfJSd/bU6TxcPkfhc1IbzbesIw6hVRGKNeOrXTOT/y3aFWm9Svyu664AAAAAAAAAAAAAAAAAAAAA+EZgkb7EVW4yqfpkDfhNRWvCanbCJ7XdMGFKhMjLfaxpETzPTriDiCWX0IBmjaGv39eX5j2Zjmoo1sj6InZYEtCI2g3kEBxsYo4eJB3DsoNohHqFSvsQNiC0hCakvl9v7SEfhtRGxRJxRM1HVXBYsUTbXALigWqJKPOyyLzkjcSi60Sfr6ZB41NasvteLLXlHB4nURFdDllv9BtiBiAdJicSuiXBzqWvuLbHJB5VaJIeDaTHSLrRQ5VehP+CbE0c6i2mJaquN3U0epMY7/7gavHcqo1NeaebbpII5LPUtbOeKVlilqJ8KMmtOBKbeOsRa/cHabuR6tWWZX4oopNFpWzsmgY1w9mmoVmHdTpNd3d3p7u7NCVXbbmaq2lCdPPyG11psZOMvEzTO6cTLbr7joluWCd1mle5VZiwkJDwTSW0fdFWaVVdlV2+pNY58ZTysoxNp151o45UVZJCdMOosMumoiRVnHhZ2f9+yHh9t3Vs1v97KrsCAAAAAAAAAAAAAAAAAAAA4EOjeJdQkZbcJU/7Mum5VBQm6cTlh/UjR/wvUup4qFGOEqC0ZDceY3V9g7lyZM2Ps+RlLgKTNbZZQsV25VJVAjUyecvL8/aWv+WMMfMDcl8D6qLFmTwxhtudcDFcka4DmZpuwxoSuoxBz9HrFSRiuJY3SN0+lqpqWXs3F8XJEoqQlMMlxn1SigdHnOnIPoxkngJWlEkpXIrBXdesheVMSFskOtSeCEn76I/Ogre1K6mE8UvVIbfhcexTjNOi6pBUg865FZpcdKQJhurdC8lBshlrBLeRJGpuJdSlNGqdjF6TC56sZxzSE6IxwU8T4nQVbfLgvCZOvcTnkWuL4sT1ButT1jWRq/VEK0XCSKiTPX0zcbkVqWHSOljznOdz2U9k1gk8qNX6cTT5zjRNaSrJwtadJyXu5sog4PLbe5XJqylOrvWI+XiFPHIXbVQa16VnXuwo2XBJjR6k05TSi3VM1O6lbr9ShXpVf9M8Z6Qfokdrl7A1sZ1YDod0/SpBUwIAAAAAAAAAAAAAAAAAAADA+8CpuJeoyqQkICkhxUnfdi8HqjgxUYo7YyxLuXCUItRgrQVAOdQM5FoTdjcCFZqUiLpamazHs8ooFnV0IBpS4Sj++vzu1fcdnilic0aka172cjxGGg4co0KDNp4IMqouIh1Mal4D/e1aUS9vKS1YclGclA7aMLa8OS6PqZmKzEXGfpuhi+fDsUwi4kmI9lKEG6lPadfw8RrmvncbRxkvwtUPLTsHjSXKYemHrbp0ktujrwoAlyPFiHXXh1KJqsipmqxwpxro8oC8fk7b6XSRqjjRJ72ujXk25xZ29U/E+MsyTOxOJ7xxqvnG4bNRF8Wybibrz0Kdj5Dsp7AOZZpO0+nO04mVdaWKpJw7I5MLUyTLqEd5pZkUmWOY2oZwKzIeWz6qwwJE5OL5XneiqW6SMhX3F9uk17FZLzPN10y2mGIQLK2a7ug+D1Pswq3wvYxGiDfb58VOXnoQfOEYAAAAAAAAAAAAAAAAAAAAAPAWuKOppNahIi5Zo4GT+Zro2/92PATpTQexnkmD5iAcOFzREDIP8k+kOXSKf4PMUkxNLHfIIs1TQGqMUSus0XSxQh+N3m9jj01N0nl9+Kv7pR0eEfVe5BoClq2XSYT43UWjj+FKjbFWX5FStGZFUROGNRg7F2VNtgK5ulloweuHRJ5cpY6zRFoitUZRNYIeLCX/hIR3iGz6vRmVPnFP19hm5aAWIel4MLnr3VAPDxod/V8rGr4Ku5GbMHHJxa/G0vrYefXa6RQAPEpLwniGagujnBb2fr306XVqQpytTER6pxnqMri4YQTHpDkcVLWaYZvk36ycO5HlRcpiybadZAlt2RWTjKSSkxWqq9GkE1qMWyw1e5w40LVN0otOXnIScci14jPRE5VQTfPSrVW6rOTYTKm+Gftyy+ZfPGBsT5fx20HYUra5bKPN21JuphfxrP9qviRtRuILA9yfRJ4pAAAAAAAAAAAAAAAAAAAAAN4+L6bJTE0mtTxhNpcTU2CMfhItOCgm0xC3vXBviRYD7fJUtAQrS3abE00folqMFnBt4pIxX8TWp6CGag+jq52bScRheaOMyeOr/yb6SFwjy3SJmvwlZCjSzuvhInOObEElk02m89JCvZ07AlsLxMUTzftkfQIqWPFsMKKWIhLWAp5Sx+Pk29f9d+Mx9uTgiuzKjD4LzDoRjjxONoQrR3SEO5HIE4POXu9hfVGYdPH05l7C7SPVyWn+MO3+xvqIlzhhoe383MqTzUM5SQxMjFfT7PgZ77dH+81vo/RMInGRzkneqWaOo/xvQknz5thpl4QiixX3Aqhin5RVyrbO+JxMgqNyicjBVFasrnzd26Zpuptq9p1yWXYbIa6PpDPwiZxHunGZIEXtm9JLaU6qsqx+5Nsem+xXVjebB7VVvaXPEDSu6jBZ8ZtyGC7FOpTuh7rBca2PylHcGuaoRZd70S1qnexL2NWUB8adS42KXzhEbcRuTsV1WQhDcQIAAAAAAAAAAAAAAAAAAADAO0EKmUlSfxNNtZM8cD/YZNA2s4nF/9ZorwoqUphpkMXPw+jEYsBZaoadbPoJjaJ6VNhijdWCon481iLs4Xa5RS49uY1wkyawKiwkAv0hEGBruHjGkr5naiThZig1WBpXWCzbJA7mlFCC2jnzeS79zKoZMQcFd1IJTU2vEbAkFdQFoy2ymusIiMsoxAdTvPHS9DfqiDKU2h9IS01TD6gqXXwMNIhrD6IpjYRrkHf3QPqAr9QhE6ot9XbRLU+uC0a7PIgtCt3a3ofPdXY1TUF4XnAdKOGmOWrGLRftQrzY1qBXoK/gML2OEA+TjEv6EirrrnQgLwsts9hqUschDmlP37C8a+e7GIB/jjxGqZu4UWgnCLE0Sst5zstMeeEi0DHFW+7sTpJoSjAu+XTY8scQd4/Blq/tUT7Z4ttqduKL0SRr4sqfJ3bQmr41j/L1d+GW3YdmVRJfNp2VaTTaViLSlqX3ishXW6s0JDxlK9I/BCp0q5o107qtqzEnS/qlShFxrZ6X18toNl3uDUuKUIUl7ii7dJbMmjKq/smZVDfU90W/Y3XYYteerC2dyj3p1acYAAAAAAAAAAAAAAAAAAAAAODVsEijhmItQGhaBI7X4IeXz3uPkPLVYjIDifs6p4k1drlYKJfXwOIisoYqZ/UlsNgtUX2z3T08Eg8B5iYb4KPwLveHVmkEWNnDyLn1oppJJIvImv5DP5arM5uniEyTSUCSSS4o3rTXzA9Vv+DOJRqK1df1iYvZgoZq7cclLSoaqOk4Ek8URxFOXTYdzCYfEcvUI9WjxetVFUgEmzUe7P2XapdSGu+yBK5+J2U42K+sw8YecPYorwqQkuVr0Q42D5tqrhFKiUEFwdI8EEjlIpZn6VHJiYp9eBN0zyaoCd1S7SG7tYF4X1rSGWukP0FrUTg6UN/bdOyPYxe+qtzEG9Rx6mU+A9YnV/74gyv+OCvz0kkqOCQKz9K89w45VAn5ZDMR27rq1iGb56LWUalZ1YuFnIr738XT6e5kHhpdgUJh3lEFW524rGk4mqDK76vqiJeHn+PJbopo9kp60O8jsmuurW3fHngyBWK3dnVY6CjXzeMLfN/Q2I/Cvoliixkav6usvwA6EwAAAAAAAAAAAAAAAAAAAADeKaaU3OrEXu/vXBRUd+AyjoaH/9xcI2/iwioEWLK/x74secl5Wf+lbNITjXt2xQyl8vDx5uCiUHut39JQmARhbf3aAKrWH+Wk2kbES/TZI7CHqTK4/829XIO9880MoPQym16gWZMk7iQanUNBRUeRQwZTq8hjpDjvUv7s7T9uC3zzURCfh59N1h6zNhisTHxAZOe9QaOZyo3knZtDdb4xZU8d9t61gWrIX49yHvUJ4R9DMXUfzYVi9z+vX8iJ1MhkPNl7n0iIoMoEmudl/b+2ISwiPki5yTAmfEEJFCYjpkKo4gyxSSqyqKJo0YF7WFefP2uf5DtfG7VyKpqK3Wr0iWVGJ9Uih23ScFYxSmuJVMuQl3kuBwv16cqN68hOC7J2ZBHZN8OdV1wJ0hyv+v2u3tfLUPpG75Q3j/Vn35JeyuPDe+lW6fU0xULquUcPAAAAAAAAAAAAAAAAAAAAAPBUppS6XBPlF3cHciRV4DFvSlWlrKFZlZWoRQelXLQYxbxBfQiyXSDhQOD3Dq+wR+YF/3Qceuy/lfDXaKITNQTJljCjNCWHOkHTBonXokHj1OQJLRK9T11C1Xmi0zl4Ihfr77LGvMsvq7GkjCBuJhvVq6KGeqvmRDN+UJWaqHlDuc+EJtVcYd8WF2ccew1cD8RuesfcRCdtzMUT1lAEoP1S/7bNiRowlsibUUfIRoyut2UzuwbdSnSvHwVL0mR2KNTLnjY1aUhaaEyx09Wyb0kt47lEHid2X4cqX7IDO5lLypci60pFQLGYV0efPCWpACX8UD4o5JZvx4wt/TZh9hjlpyi95oe8zKNJkl9Xy2L1HCpWTmWzs2wt5T/bHcwXSUwnRyH+WqdVEteDjWonviDfegepkpqW2YcG7ZtfZzqaYneV+uw8Y2Eppu6rDgB3m/ioZYnmrPvndHir6KJOnfwNAAAAAAAAAAAAAAAAAAAAAPCWmaZJqvuHbAPkh3Cnw7AUM6zx9aWIMEpaGFVflKM5z7PMuaSdcZWG3pksbMxNJuJIV3KtbAiPUugZOPJCuDyhpO+J73lI1zDc5h4qwtwkES06bbH+A7ylHrB2gU6Rl6jCxv6xCPay/sMHA9grTmqpkbOmlJ7DvCMC4NuRiHvayVEjUkUzFzDDiENTF45RMK2GSOdrwtrOqszpJDjDyFTBj8lBxGfT9cjwoCaJpkQ8WboOC3Wpc6hY6fgF6nuxfnUYo9bWcz6o9nh+m5jm2UQnXZA+tQck9SFlOg7w2xNO3cf3ReRwnV6CU5H98bgtcDvn16yzZuay1ZyX88O1OQqoAAAQAElEQVQ836vNSTzlzu7ElqGofKdIKqaJ06S6imTFZnWYkXG3MDkKVz+jbk/itvqJL+dqen3sDVquX1zXc38vbbYhU8SlKjpJ1fHlGfAsZUNpnlVH5EItdYCn+vTHC3K3OgAAAAAAAAAAAAAAAAAAAAAAb5nEHlq9MYbqthgWgLXobqc4KdYmxbNB5uxQMXVoph1ZTPLR22K4jCJ3dQhVXw3ZvNYe2XlUW1LhUDDo17kJFJIKU7IFMas9RlWf0D6cH190egjvRdU5qN+G5tRRm5NFHRfUqmIrWuAe4o2/gFmbWIhXqm0L7aQY/ejH9UqOWvaX58M7Dxi/MY+TzsIkgu07gchWB1QVJ+R+NodCib0dRe91UE1N+ph0jsGx5pWP7GYUl1QtmyQqh1VfIj+WZ6flWbqqTzl1QxkHpsWx556kak5qm01/kkIVoWfTqLjaCgjeNw7maDXSqU95uJ6pS+60rri57BW62yzzwzKfI9VObCRkpdmGpsO3DqiLKqY0nfxb1catS7hpwGwbkc7SJzJ2eSvaAqRLAq7Xx746CcXd4TX7b/UKG06d5OEPU0ygko5RsonXp9S61p6+igujcdge/2tQxUX2dGW3okIBJ311UdGNyxkAAAAAAAAAAAAAAAAAAAAA8HpJmqxAjqQXfWyvFxws4bNBaoIhGr4tP2sYWOS8RoVVbrIsSxaZJs0gE4qTKESifPfDaLVUxUlYHGRxF45oMdeLs+XFsKBl9CH7xyFzTwSJzawgOrSLk+ZuJMQKM2EKM0VSHeFS61K6l+dl0eQcWTN1sCWrGXQmne5EtQSdPUnE0oVaeqA6FD5kXEO6lgXEr+eqvbkmJ4mS2kjw8VUez+VakQf5XVqkJXS6FpdQSO2EPgofnL7OQbtzUG3MBG0am45En6kXEZWlUoHOg9Do8PoUmuJkTGbUGhpfbuo9GIxxhPo8O32ku/lt5Npsv29KW6XKqesmUTcyRZRTll2ZEPPsyqyYKkm6ZxpzaAi6b/r5/sCh/xo1JQeTcnMBmZkSuQPQykwyz+f7+fzgajAfXnsGporz3xJ+J8yd4sS2DRHVpFnBNu5twPWaxfJ02SLVr6bIvnNt5T0jmwe9FVJJ2+g2Xib1qzyKR0K9lTVBV5GeqBrnbjqddPoVyyYrI+6wUfWMXzZdy5DmfNikoS6mUQZje13Lwua5ksqFaeijWOKx7RbmdbELtt7QMwAAAAAAAAAAAAAAAAAAAAAAXCapj8c2ph56EKkvw1N1B4mIpH5cVGIy52WWZVahybnIMZY1xqvxWk2lYwYnU+qj+KWIYj1C3Qvv+qFTCZSQZAQXW+Q0C0VE1QKg8Qo9F+ORNQZtmYIsOUYJek5Fp9IFXrU7rv9w44z20v7gr9K9fx8BU23IvOQ15m1KE9I0HaUdKYLdu0QWl8Kyot4eWaO8IeywoedeBlSMMaQ3BOjkHNI5EzQOk+wUkUOWxT6kKpKwUD5ZkHdtzKL2MG4Y4wk6Ns1u9bnziLU6+xDdFgpmyk3B4h2LJEVdsDmbqoVDfFC8P2QMN0dGlK5s5k0zWtCaNyoQL4J0alu8/UqeHZc5RWGdzmbLSWySleNca1mr4EQmxVrWeWSrRK4MWO57Re8ldXVzt8z1M5vXj9RVvLmgXqZjlHX1F7GXzCV117rR2MqwRDIU+5QJUPRRJ1u/rEYnOuwcyoeyFsQ3kNBnqNihl0lUmVXXmrWIJPTakUiOU3fn2ydAL0a5eA21rpah0TmZTQui6pNdmSzy8jNwnfa8xC4mwzIfLYtYN6N0pdXUfGfewHMAAAAAAAAAAAAAAAAAAAAAAFyDQ0bSNB/xVR5tIXppyBr8PBenj7xGEdcDDQDP5YwGEzWM3gpUr4oWU8ytBhn+IdOIUKf9GBraoqAeIPbEK+S5GprlSZTJnd0FVz2HeRkwtyw8NcCaW0wzRsPlF1ksPs1Uurp2dn7IUtUqbqlQ7RXqEVUNiosdzKCDTWKScw20yxCVtyuppbVR9Yf3kf1uF2ssKlm4ORhcFT1Xrqk+JRFw5535RCuLVYnRrE+k9WE0ZTiuKa4KixHpHrR4apPQJRyV4/lC+lYxy4UaN4Hq4WHvrjclTrNOkZBEbfwX7NMuSH7Sc20V2Cxd23a6u5tSWtfOOomKN9A2BQl3TT3gvZWeVKpNhXGhO+0am01ZV01RuUlZgA/F5iTPVBw7qOXrisVdJ0FJHDMVvUnkjiHLqqO5sbItMFvbFOUkHmUnWr3Ncf/w/jyBXjtS+9XryNgSD01Fo5Orq8/F3cHFaPRYDqrNLXVLkJpZJ5IZmfokZjWbrqzq9EbtS79y+coaAQAAAAAAAAAAAAAAAAAAAAC8MaQTeGxD9ezaERM1SKfnOJeA+bx+ec75fo3/aq4Z9fswsQeHEoO7slomFRprpF6l0GxOqG9I00BUxYmZYnh6Gu7cE1KYgthxbVS0p2Vm8Kgl8yYHzeDt4X4kllNFRAPeRXlSsnNMk9ad1EqBw1Shqky6Y72dfUhbR9xBJTq5WPhbavqcUKWwu36wRWWFpBu227EUPxvCYyKMXGSN1NsgqNYl9RqOFkGmNmFSaXhoaVyZ0S7ubuCtZ0Q9aRqg+hib7iS6n5uFClflSGmZy3iiyJ0ko5/P/Xx0NQF3yXSqgIU2HY1r7OrbEt2cwi5CYnot67HF94vnjPnyZOFUk8IMipZO7SK9E9GTHC/eMfYCAqbLAoduSZsuy7q/ZFV9ZU1tFVfGtFY5hafi0RKmdJpOU1moxNlUJpHbpY60P9202SBybcOjriFvnluadHjNkIUnFcFJSqfuy3Wgit/R4b0vNQ5t4zb7FWnSFqkqmO76RL0O7fL0CHcbAAAAAAAAAAAAAAAAAAAAAMDbpEUAjyQMwoMSRdRXYM7L+fywRiXX43MuCow1mLsWkEoWm74oD/JbkdlNHC5rArpKr1yTu+B7domGW3+4n4rpXUpiHwo9CkXOnaoY8IY1IYP7h3AXvy79XSPcZtyy9rFYnKy/KK8/Rf+RVKTArVPcS1tieEMwMPSjZvMQEukNRUJbURLGqCPDRJ3BQn3931UWQk8IAteuyTiiw3CXzCGb8ZdE5iOxUSfZ5do5pmkdqqI+4eNiiQ9ObyQIsglqq3goN4cR3pdKmr+JYs4cijH6Wd1/zU2nQrfE0lsPuCl3roS9T1JSteRYC+VpskqT1k7O83w+n3XSpsNarCfVv6Ouq/cZOTojR5YZ2ytDy1SEX5rMalGPpcXmpn+f+LCIdcCnkjtmskUmKqyi+G05ukIblGwL0yclaqsi/Rrr1UhvAHvingdr3FPqwRUViG8xR/IoDhkU24zUKiQ2wVas0L7SJ3YhtaYOf0oGtaNfTG2nPirsZRoAAAAAAAAAAAAAAAAAAAAAAHij8DbnRTOo8LivLEu+Xx7WmHlmWjR67nIEj5Jzjf5XjUm+UNtS45gtohrxzs7lgbpo6dJComKpfPr2usIjsQWXLeXNttYwR6EwROBBu5FqmNncTewol34vsyYSshQ8Hgv2A1bxAKuPiGk7jtUIfei2ZPeItB6ZqtQkElD0AeI+7UqU9JqCsM1fI9pD4SmwiTvv5R8+Wnx8gWx0N1TlJC66qQYw2aPTUtN9SHMj2VR53PJLQ/PqQ+YGDWOCGKJqhdLOnDb1Rq4lznl5uJ/XqUQ8USd4YbXaiIv5sG55z2xOBp0BuYxmQ9bELz49TJRzVE7W+bGUD4tKwWLI1bZE1WK6JnWUylAvoiqSIqtI/mRUu1OUdCZWC7LqgWoLbX/xb4qSSq/mTVfeBKE94qq6epLi5OK31PbrMvbJJHjJtk3JS1cC9zIRO0jRkhsmoqjWzz+YvKe23Ha66GOSsLQxS6L6t6eV1KhWKO/RWgAAgLfPH/71TwQAAAAAAAAAAAAAAAAAvB4kgt0tu039yvMheCx2zvn+PKvgg+Z51nBtoj4HhQpPuKUtafqRi9XXSqWqRKTXkfSv39cX+KUTqJhqwVxGPGC89YyoYUqp+gZ3PhDSlBI1qBrSh3AnyVLkJueSUueh2CJEVopodNJjy82Ruv5ckwdYvFVGlUbejRHXJnbDSzT4iZgehYW6uPj+oDkORNsmC/fHBVGeRpRzZ/1Sesxb1cu+Y1vRhQxGMptgfd8yGwbPiOJCE84hUGlODbytjKIDzDstwJVYND9ZPSCyNWqRncaE65Vx7hQ2J1nVS0ua+HR3t145PyzFGYjvRHU6Fm23QkJkM5rPcJtt/HjH3h2kz1BDvgNwqIJCVODzzZ5iiNtIqtzJv1JjknUuns8luVVxOinzUufHugHpHqQXpzJbdcymaTqdTtPpTr9lnVqemkpUs5bV56Ss4DLCmkaqqFHKZlgS8eSFdRPQ9DudKIzoObUOpcB8+VsODcZEvZTkSPBhEowmRtGdO7WSXL3mgjorlaaU7opVFKUs5iPjQ17FLdTKzKYbsQc0pdNRi4d1VeU7tsxJtYL1S/M0keFGFs5J1VeiO7mbzWhDqf0RMfVVetIyBgAAAAAAAAAAAAAAAAAAAAC8DoQtQ0o2FUTx6ig6gxKLrVYi6+9ZZJnn8zwXd5PyLrymtmE1FdGgrVCXWWYtgfyz26RwizbWMGEy7QgVAxP3SmHXg1iOC7/edSflDnFFgkWPOWK/a8R4spuXLNaMNYpcFQ+um/EAaNaMEtGM1OQOFAoPfx+f5Lx2V91V5jyrx0lWb4r1hola1p61VZZoJ0kIBsp7+yZnYR3Q0uZsn4uTQKeYyRFJ7oeokH0IKRQ8J5XGZE0HUqPUpvCxuHXksrgoOlmaBoS1/al9pPhXC2FqmZVcAdIkQaxJljp4dD1o0h13LqhaA40jc6Ym+5EwULHpl830RXOfbDkKL6+3L+QTQcTn4QYO+YuYD4000UkE8XMrXtuaWmC8zpx6Qkc8+SVT17pRlkOnzq1HNMHLtN62rqHicULuMkEmnbjKe2Vt0tNNhEcZjHRkc1/ZjmwR52WZz+v/YsvDZ1aV6bi7kaaMKZqT6XTHU+LOhalIqLLlhHIxRfVmssljghSKtDtZhN+qsmH/9KW6hYgcXiNhh9M8gval6bZSBiex6/tyDilVsl1SBXbPomUyuY9tcLU93TqMJ9j+imwqHT5WZR9DdAIAAE/iW59/SgAAAAAAAAAAAAAAAADA8/GHP6jHdhiClHfMzQUge36X9feclzX2umSZS0aLZY1Lnllm8sBn567haoSeEKC0MzLGCENVQTV0rIW68UUfMBVXIfj/bolhQgJ3/uDqjpAjHklDzRQeCiR9eNu9Kfx8kYawq21yCcPmIhGQtedL0XWEoMQSoUjVt3helERHhLOAh2+7iHGk4DFRjrRgcX+rDy03CxruvvPvhbtOb1w5iOjQFeHwfFTSaotxin8sBJ93ZW0+1qZLM7cI24OqexlSbVD91Pk5CO1C6tvuP4E0jkm+8baqR9nE33k8rkNE+qhP0iUlSqlIIOZz1t2TtgAAEABJREFU8ekgSdPpLudkU3hDk24BpyxJ0tmwnJdiOLQsXMRle9GBCxZEnYjSxFVxYvOqTedR1GRJeOrDopiD4epRi3/TIodOLtMUTJvfnZXUTamX+k2l+LskznnzpcTmu/VT2UhYrtUSLQyjKpWacUgKR5KlnrKGHeclI8KaAAAAAAAAAAAAAAAAAAAAAOBdheMNc3LrkRKSXSivwd01wFv+K7qTpX41ZFq5FCEM/4A+Hcwm1hjmImqYYu/am2MFtbhkiBJSbrYdVX7C9T35EstU9xI2l4qDwOUYPpbBW6HqIea8kBorLOp0UALc+ZyLscvC0xrB9uA0uzSgqEzW4DZTeLr0o8rcosBCLVuINJoEJXq7zZ7TxW1pDMi+JmUCu2lNa7WMkebyMG6ouZbQ/85dbo+mNXFrmeoqMoTXtaxHYv1vIBy9fSoHwqZBYUOaXod6wUou4iW39rHELiXF0S5FyDdOdMIuCNnRhEp6GeUiOHnIy0Kuh+g0b5oORo+T2w+VtarZi2I8yyyz5DHdGvSbOdGNvFndSV38/YzoFSf76zcHFNqqNIhUinvRVHdnNQPSSiwJUVYBTu4nvS9Nudb7fTuLTsjsUsgfhNkO9YrCG2e7CH2TVgUAAAAAAAAAAAAAAAAAAAAA7w2ppDuRsC7R7C364ZyXh5U1zpsXcRcQ93AwXYJ6hOQ+D4KM/hYUb6/n9tuiyxHh3ehRQqYgnnJniAvHRSk0D1lz+EzZZSprPDRRp3cRbsWaCYoFlvsCO/sQT/WjuTeK3MRYNMFE9k4nTdrDMQwls4oqTtKmQBsf0pw6kTXCwt2SKXsXNYIrVVVT3/MflTHlbNpbAKQ62M+uT8iR26Q6RGztOI7C7pci0WGcQGLCnEiq46Yy2ZUoTXbQWx5QZ4mw97S4XN1lqnApj7qeR27jnRKIN+WRPyxmN9pZP57UOSOrM84dlfRUmgmIT2uvileHq1IOJSb8aD/oqfe8Z0i/eHW+zPP5Yf0RFUN4BqQ6ENWSwzRTlMzEwzMvMVEn7pLIb6WXc0qhDNtsN2+bfmLc6GJCve4kStk6i3BnoMKuKev2HelUYjZemQ6G5bEp6trAvG5fuotWjYnLR+q874u25b8umHfoMQAAAAAAAAAAAAAAAAAAAAAArtLFF4swYll/1viuZE0Ecp6LBkUsTjnalYjZfRwEI5nFVR/qYcDUEtsQeUDeL3QBh9tbrB8jPJlpSLwSpiHunmLpd7J0agzh2hGLp0anDoKj+6Qm4o4pSdyDQinVlCaU7Dlr/DpZYh0uEW2eDkLAbJKXGFJLrlLNTSxHkOSozt0KIhBOXeA85DfcfeqHV6Q7/wxag344Un2mLW3HwWX7M3Kp5DptXK7kWhOSOg/cAYU27iEbOQa3IRmmnSWFujwMo2rp4qd6ci9HiQC6pgG5VEsLqofTiYX7S5qXlHI+LyVDlRQrHlGpQzr5ZICDwwXKxPDNQRNdnR+W+UGWWfeiUYYUQgayeRtmROsok3qc5BzKCXVrMqr2glyb8a6ITvh6rpnHvrqpcDeAkeo70gu/+nVwNCy3Vm1VJZbBneX6Wo0NqFfLjDsjvRMPCQAAAAAAAAAAAAAAAAAAAACgCLv9iHlOlNB48WRY7ufzItlihItpJ0J3kiLEvxedmDMHjwYe0osPiDotA6szREQ7LbNDvBOvGg3LQFKDjCVOmsnkKRpmtvBpCeynHA0Q71ZLExPVlZqWTgATF1gEu9yRi/+GLGuEu+TZEdOIWPR6/dbydjCfasoO5s4igKugRqpMgWIoshboH918QYZxix56vDeGdilpWLhGyUv0PO546bjzAVGSqW2qzQn1MpdHa3OxTA0NtycdJjpSyZ2Wxavok5zsuyYtrQ+P/jfMV8PQ3KXm4GHMH3UM8ZJlUJ/Q5ZG3KW/fndalZL0ruanyooYR7PleKNWcQvthFd7ojCh1I/MGVCq3TKxXl2dIy/ayP2mrL5PvD/P5ft2RHrRxqiLZPqdwyBHVhqWTrthiiyQ5Ss5WIJVcYeXRFIpVkVDdsXTyaxIZfzz0vKvsFvb1uX4tWki+ewyiGWutfbvRiKROi2PeLr6F6Mbpi1H/DuS6KMnKybZMtdilLdnLjCtEdJ4voQf0LTXmPbU9Mp6eq4nIKi2/B1esroq+7wAAAAAAAAAAAAAAAAAAAACAt8gaF5zzcn8+Fy8BlQXMy3KeNauOhsezZbiIjAc1+l21G1VQ4gHHXIK4bmaRS/4dGcPDJkHQ6xdVAbB6X2hovqWGMN1G8rfsVY6gviHhY5JO0ZKsZfpb+2GB4G4aHuCM1/g1Dhpx21ByuG9KsVJY+7y2SeY14FkipCXPg/4ucOAmAXZAkb5DP/bv81uA2PKtFB1LF2ytYoeUJgsoU5XaLCXOLoMgIvUNbmHWzolAE4S8ZPi1f3wqNynjumRPQOOjRBeFDuIPJiZD053o49JuLRq8tmMNZFuSIReyZE2X0psZVAucWgl3vjo2CHJB9JCfNgxCT7FNCP1Cl1HJFRDeMDPGsY8nmyFVciS2kthu59BW7EEc3bCVu2hmonOxOVlmWZa6gbhKIS4lnazZVCclRUviXsQUFFnJ+Mh9a4g1YB9tdiXmJ82P5+UWv5NDZPeRY+r5gSULUylT2ePElmNoQST7Ko7Ns5v5jzR4tywlRCRVxDMsOfGd0283Lyl/CgAAAAAAAAAAAAAAAAAAAACA94H783leY7rzvJRX0ktsfLEIuX4roR8w2tvmu3JqDD2yyYRFBFtIl5twIXl8N8dL9lSjkhHAD6sQCSsSqiYVG3uVJjfpWiJjI01vUjPdZIulhkZEzQ1yyX1C6w9LvN/vb9KX+LWl6QitiXB9P5+2A7NFQ62mN6mGMlTdWKpig8eB7A9q+HV4w7+vtM9D8coMopj6II4vGz8y9doUoRhw7XiuLi8uHJLtQ2qwG75IzZSUXd/zCgIAIWoTZwh6D6XyhXs3X9U7apHVY2KdTqnkfpJTmti+KJMrlCmsRkFiM6uIqo4qHOsKYRQdE0YX74VWxZb1YyKKMoyqO8q6GJflfF73qKI4scV3NBNsPPXIZksyG49OXKZ5s5Z8SdDQr7SqBXtbPK+LkWk7quJEBTmqpEtVJtI2bftoezKF3dNLIrWQquYZBt9383W0tT30FBj6LAAAAAAAAAAAAAAAAAAAAADeAe7nhznn83LW1DbFVyBXVxBuXgwe4BNXBDT9R00TU75IKi6QA5sK6kQJoTJZTPMRKWzUM8K/ohoCrqlewmJEhmCj1IhqowtJR6Tfwval5tl6p9+p58Ha5Twv85It+Yvlt8nWT/M3MZsT9T2wBrgMp4pxpHbMw9UmvbHMIBo6964Nr/rHG/6DZCRRSwcS5/LorOFDXwfh9sBr6qs/QmprNuO5u6w/qIqT4cF1keYczgVZugb4Y0qj6KMZntSHLeHjou4pqiLIQxw8b3Q7ewZDjO6E8nioeydyqAoSpm6yRcdtGp8sJUrV7XA8M+EnP7lD5HmlCW8cb/xOQ2JzhlycJOvqXIrxUu6vsAJ25RVhReJTmk6uYHCBmyq8OuyGiXn/8ETT67z1YZXe1OiJN1JMQYrcOv6V/aOCnGlKHJ48uvXpxcmtevbeRiw3Kb6q2UlIWLJmNDO9jzzactteM4UvSy32coUEAAAAAAAAAAAAAAAAAAAAAHirPOTlLMusNidENTWMJwahEHoYfChZcOlJMl+T0FNUvYiqCthlAe444Ac5/DDWAlJNhWOlikedTerhEeWqEIgEPdQS7lQpg5LDaUUiNYTmrXGbA41sysLlqzUmei75dPSyNey69sTyTpR+8ZTWGOwan52kCFESkzeGImiezbMl1+qoxselynek2KXoFbk3KZFOrsJaUmmCtj03OcMQVw3vBno5uUH1MziMaIeLyj7mfAHudTRuICPN1CRYstfYhEdUx2jTPp14OsZNgeRtrU/6lvB33HD71X0rIj7PPgU1DZD01jZmxKKCKRNc+VjUNXJyyU0zqGFNE+VGHESXpDK8+8g35jd5H+H9A/Ip6i4nJbfOfC6rdV0UumI3A6frcXIvj5Sm02maprpruexnlJvE7Oc4eMIcORS8vLPsNuswbOLk+1fOMWPl6L5ruawer31rHnO06ZTFE9v60cDyezPYAAAAAAAAAAAAAAAAAAAAAHwTeVjmpVqMeFjWxQG9w0Z7+Z87J5Mw6ai/tiYnYikdXE1iv5eI/5rHSQl6louK70l7Gd7VD/GJd1YVIW6oFanIJcw66pv23DdGX7gv8hDOakOyyLKU9hTBjZU1WRxa7QHM4SSRx2f7OPUYO+Xad8sGUqOrZq/SXeJd4PavVJsYdV6RzpjgWpz3WaKwcvRRXiJXD1etkkhoQmysy8GSI6QtHFPruAb275hHj4OYVexClEEx85Lh8Je4fzcyhyHy2ruTz/JsTj7FBYjTFCWFj8PWo+diA2N2U5dP6vZpwK8+ULsCn4d9s8pYFXFWWaQlH85crE7KGZORiI1dbEdlLiQXU6Ti4GGIJWiqqy48d4gGyZh96Wqm7RJt9w7XP/tY7qh1vYrgg2jrh1RXlgnnqO34nTtJ3UzL79zt7a8E8/GohRjNtlwfeUtPFTvnxeF+lZEBAAAAAAAAAAAAAAAAAAAAADwX52Xm4h9Qw9n2L1vot3pebGLMwzvxepWlr2i3d1faT+4CnMML8FGejCW7QiE+8KDe2NsTsOlQQtPQVUDuq7EG/deYc8nTkS2YKmfNqrOUO5IGnWWaKGQlRXKS1J/ETQFciLJekZumxKvmIi6IIHcfDPUec8S/eVAuROtKTzsNTTyOEBlQ30+3zBjtT24TAeRukLtYdBtCb85tggIZH1n1kGkmNORqptxqaN1wW5euI9nP+3zbR5RN08Jud1GuH6YDDX25hcM8KiYesuN0udjxSVrbJXfNPq0zTa8IoQlv7o7T+jiaiErnfVc0d2NiDWyKnG4K1udWH27uEip1C/t5uLGczXOUvdQpPG/iWVgiK0qS16U6r79F5rJI+25X76UyMqmtiMSn0ylNSSeKiVHIxW2qMaPNMOr3ZaMrbVgkMsIQ7bxU6LULTWrX+uO6VzINTi1UPJm09bVd3XwU80wyN55k+1cqPk3JRHXJbIRCxpSa1iSkY5rnS5eybpxrSV12nBSNtAfnzfBW+L+2wYrO5LIs1OFpVBIqU/GOSuJPhu2BCdHG3WTnmFI2Z6I39FAAAAAAAAAAAAAAAAAAAAAAAFeQJisZQtg1uY7G+ScaxCKuJGihX43+VgsQvWyJ0HAL7K8B4kyei2YNYmqYlBcvr8SIc7EgiZBm0uBmqT5JiQuXYGdtwyZXA2uA1O5VsxGXa+SmSijBz2JqUjQmvB6c5zlrop9cpAG5iExSMmsSLgl2pmT5Ojh1yV0olywfqXa8BFbdyYJLXDZH0phNeL3kF/KQur3z30LJVXCjlS2u3Ejd3b2Ch247pCEAABAASURBVF1IIDVBi5dqRcgmDUvEbnNkLPFySjC5PAuN2fvDbXUdRnKbSiIazZ66xCQyOWLeuXO/oWSCCe+j5g1K9p1FjbNU3YlFkUteIW+oJ/sRkX4EbHCT1ctiBWl8nvex76E3nv5nc7K/UiTt1BT56EEs2R5GLll12GVX4v1yqcUpDDI2go8IvXP9Ra6o4Ogqb4LuEvIR3jXlysE0numre0PwIDO4lCGoSbf8s+eg0rW+zDnP6nzhM7j3efHJkxJZZp0iRSi/yqMxAUNxSileKZryykw01EaFY6aXQrJ7FAVptJ/ZjNnrG8LeguWSPGivQKsMzh+mwNPdkEvOMFN0sM5XGmeL+G5fjaJaIesty2Y/8DpjlnfnByMgrtm2JMRiobTqJ6L9kegzlrlKb1MdbVNe6bOVtFWFAQAAAAAAAAAAAAAAAAAAAADeNByBYQsaupYhYo8WDTSJSU21wKYecC2Bh/08xKlakLBm0PixfStmJFD+z5pyJFxPSJoSIm6mCEqWgpIbjdAurukl6+v0ppHRqL1Fp0XlC1WKoil1lmXJanOSa4BZLU3U3kRFJ2v0ekqTvUjP4XASI+X/pkF/ocNQ+pNrezbX0ygiqDlioi8hOmm/y9PIcUMapBQtNN+yrAj1LhBbi4B6tLHLoE3ImE1w48+1H+aqGYnQ8PC13lPyE41mDMJ96iCfDJ0rg+tK0ibCztuYftF85K1ShFuUOjQrgzRooJadd5Nnf3UedSe51+JUpHYpVcEUuRDKTXnWS057o5SmQRmHnmiXw+UbhD+4bmZKScpUmJccuXWO7kw2D9aFOk1sqgY2xUnsPpqdZ9YMYmT7TUgmyqZhW5XO7uySMaF3gL3fye03+sYaK65uyuSTj2t+MDu/KdwFHY9VJEK3qW+2Je3EKk2ZxJ1GKf6Q8NAv6QVkLJHBCwAAAAAAAAAAAAAAAAAAAADw9tm/Xc8hUTAZQmcR4doBi2g24UOEON3GQ90vIp+OWpuUS5qdQNOjSKRoaLHRqsrYRB77aGltqVBL0mNns1dE1RZlPSxJOpTcSTGShqwpueZEPTPimHkffK0GGzmGIZfIZ62t03g8Mt4toYpscqm8BCw3Rss7v4DOs2DUyexLqhYIPvKuL/GLzc0gm1lEL2rZ1s07o4Za55Gcpat6e1IvHg0pni36fKBN2WhwivdOeL2EQsg8Ziyti8250+aeS8ihsOWbQj8nbBzUfGhdquf788PX8/lBirnQ5acbubDcxsOlTTZtZFnL0bXJFE5Nedlvdro/hTsSvVs8VXGyDkUWFdlsFohfM+i6fH/MB6uOri6p20dp9F8Rb0Q9iMKq2rCJEDsZ1qg4ocMzAAAAAAAAAAAAAAAAAAAAAIC3A98QEO9cOrqTO1eKCCDnyIIiHhvkxRUZYjYn5noS/hwsfXXch6HtvX25FHn0u8hkMeW23FQmKhAxv4S1Qv1oopNFLCvK+mtyr4SUJoUWc1ZJKcKzfY0eoiWXmJDraTyfj6bpka5N+5HuRu/p0e1sqVuiLIooszmeXIy/urCjZs8wth4crZuya3wNFMeVuSmQVG5jv3M8ntDTPCqgCWOdKl3Sio5qf/PIRecRiRlnyVlKdp+S7idbApP1OXlamwPRyb40f379ZR9IJF1u7UlkFNJjUYOihcpSnefzeVnOEkqmYZoEHPopcycSl53k0cPDvZWarKQ6f3ATwjW3nXcMEbmxUbXX4adk2cG4EvsB76vgx4qmVxB5bHRV/VZkT0LG/aLqCmMnF+rWZMu5QwAAAAAAAAAAAAAAAAAAAACAd5vOZSROdRFQD2LWM6Y/aIFCS2hhfieqzKC5i/5uMtdolhyq0pUh3i8tYCmd5wrVPBKWS0M8q0v1UFnrKmYH6/95IXVQ6BOmpBZ6NsMTS6jTh2hpNC9xcw8X03gUVl1bqlvAKNDZ08s7+OqVfe/7UDhXuY+E7oQ2oXI3nrEhtnbKLpouNb9PF7vlvebEdREtiN80N2YqU/U3XsIFYdDGMGRvrjPMreHGN8/uoYxjxDrV9EEUmxNJOsqsJycbxCo6SWOxm4QmfKRyeOd0D0/n9gcXU87TwuhEyjMVadr6kxO3pULD0IQKxWZS4nSaNtmLuJwuE9T2oqIK0mxc1K0YU03R+0/I7ao+I+Zw4lj83Cs24rYnL7F1k8y33VUbI9evl5ahyk5sd//6QLut+UNYJQAAAAAAAAAAAAAAAAAAAAB8QMjuwD61F82p5taReJHeLUakvo2v0g9VIeQINSbR4LH+1twZIXKYplC0iMflh5CiR+iLFqT/1o6zR1Wb7iMsN/xbC+6vbVlMEaJpcSwITZ61pwhM0lRMTvRDaYOm6SBNrXMQ0fTAaLa+WDoVk55sZCFHA2kdHWKvcruFweY2j9Dyxdh+mLJ4iqKoNx3cECNGVYUzZjxpWhuqmZNEeqGA1cUROz7yRJC16tQaxpFB6R2MG18IqY9PgKSzkEmqlZhMXpLoZNee6MAJqPcOqlY/F2p5L7mi3rg8W82spwzHonNnyXn9ObPkZIO6nVIcyp8i8ynrIKnTifqdiAva7JbwOPGG6Y5S13bZGdoibm152/TyLjvIOV+/vvZRMwXpYlY3p7iEafA7ITJrJmnZ0ITq0m5l6h5K1x6c+L/dOS7jWpQ+/jegT/4l3UCXJ6dSv754UX+q9WBKk17iOsGaF6g+vrJNv/8LBgAAAAAAAAAAAAAAAAAAAIAPDCH3x5DO0GIxRUcN+XEYfVB2fw/VEGjaFY0XWhadUKqUBDflt5WvngQWsJfwKeh0JqrMCL8CVYlIl5jGtSPeTo/8m7hkPb9E4hcJbxWNXi+56kLIqrcUOmuAWjEBiuslOvsD7xl7YY1oST2kkHh0BgqX/T6eFtXug801/pviWekAygUlSdzlYffxglASFdFEJ+Xpb69aozp8EUWOxDpV/6J3sjfLR0LiAfX0ap53Ib5/M31bxWelj4wm2SniKs2wU4aTT9N0osMkJhHyD2HEZqK8v+4Nj4f/dy4vftYsczSrjorSllnm8/qb1J6o7TxUh0eXakpFyqQ6skivY2Ixodiimu5h9NWxDaczZOrGXd70Q+ADOyltSG/7cZu4YrjFBSZM3MyjevsmkeONg7vSsrQJavcmS4VDdaTdb8YGtD7izYOOLZ/r4xjkMKr1O7yRhj8O+4xu7+96AQAAAAAAAAAAAAAAAAAAAODDoToQqJjALSgsEBtWANQlTTFLi3IqR8i2ho2r8UVoFCivv7iJPnINrZpXCm/SrFSXDYuN9p/cC2H9L2t4P5w2igxlUT1EMVlRgcXaEjswuUwWy31S/tPopwaozeBEsQZcMTipbi5Vh2Eh2cWkNOyym9DSlNhq55ZxHBjlW11ORrmDfuxiwTVi3qW/qRYEIcHx83Jc+M7YQ2qQupqaSDdJcpPaqAiIIx7MLT7dl3+pT288vP8qjHoAy1tUpuHEcqL1d5pyTtPpVOZnWTV8unTz9aLfZ25TRmxhz26js0nyOc/nZX5Y5jmXhVwv6q4voitWL49J5STr0p3KMmbuzXxKYbNpzsrldo+Y8CLEaVZv51Rkq/I9y7bjcg1qtkueKMw7TdT5nAgNipN+7Q/Km7H8zc7I11vS3y7DLYfCo72hSy9EbJXaPlu9knqDGgAAAAAAAAAAAAAAAAAAAADA28NieNLypzSjEfFQZoT/2J1OwuSjRHHzWJKZf2ShxdQnagWRLZWI+Kv37lrAk5caupMuuMlVDGOGHsLxUSIbRMQzFwmtiWblKL9VDpItA04YtJS8GiaNUJ+TRCE5cdHJ+u9UZSWR/oXCWMUT+lTpSbgAkIouuMlNfCCqeoeGWG4fI+XukptIh2f38V+5KOd4RN4g7VG7Z4E9QR8EzWWSyS1eqM4QIU2SwX01WbbVMVcxCjfVyfvBwchL0S+dSjIdumM6cbq7++husdxSd2kdotMNapL3SnbzBJ70YMsqZVcwnXORmzzM88O6illio2gFs8+e4qrTDIvWj2UWiqf48k3IbU6KbI596+Hey0izfUknJXu3ODaGuUB/ZVuKTNsJ5hYvcrWo7aSUWtitLRF3PzrUuXVPoa+sc2QaH1Mn3zMHG9+bRGB0AgAAAAAAAAAAAAAAAAAA8K6xxun/8R//+Z/++Q9ff33/cJ7rW8fgUda454u708cff/Rn3/nWd//sC9MxvBfoq++uKqDOPSObfMQUGyHdkKLcaPe630WLYq7x3WyxQ8uUYXHHsA9QbUb5d4pCu3iyqzzYc5TUKqwadr1GRJHFXE8sqpwNTa+zqN2Jik6WGqqc1NSEc33Z39UmLfHE+gCrsID7SKnYKtC0QeI5g8SdPoRDWMHu90Et1U0fbM0XVAuvjnQHEv80awN5zG1lKGuTW4dcUqOZdKpdzS6KzFVns23Tvq0xRJsCrjSJ3jY1ON5OFblJVgUN35G8SOmO1oP0QvhExehE0t304uMXp0cK9jwnH07YvMsc9CTiehWNLfP5/PAgy8wkO7MLV5ywa5x0Ia9ruzgUuY+J7gNlXMsutKj4zYQqgcvrXMqQm6ZBpCbweW+0UMojwhT3kmJ+ikBDQlZGOhplq1SSOyDZqt/VyzWrEeX9NnhcEdlfmU5X0vKt7fVAErnNfHeD6gQAAAAAAAAAAAAAAAAAAOCd4TzP//AP//H/+f/+8d185fvdZw1xfn3/sP780z//4X/73//vH3z/uz/68vun00TvPFvFiUbxzHugCkNaOJkjdUuO9CrND6NIE3JRm9CsyofqCGKxSosURx4WHrQGvUkGe7KbSNRQbU3MbqTIPnI0tylOcp7rYZ/jJZLmpFI7udYkdCdEnhKmWbuYzoGp+b5IqC7CT0XzCEWbNF+PtBQSXRj0jaykPujKzWql6U78t3C+YWmbj0SMfDljUh6xcz5IfT6OGLlts3an+OCIbhEpvOUNiXfHVYc1kdwx3RF9RHSX87RQml6cmJdvffe7v/z9b070DcKW5EsrAGwDWfIyW2KdJWd2iyOqJbf8LP6vyU6m6XTX+SORL9vsvkeq61Fjo8Rxb783+UEYa5hJEb1dur3P4attOviz3cR8XEUn3SiN18u+vJoorVXM/eEV6lBGYZtqtloR0y3WVok/Ka7eVrRNzSPXEoYBAAAAAAAAAAAAAAAAAACAt8A//fMf/qf/5T9UXxMPwOEV4qcSsbQ1zPkP/+9/+v/+43/+1V/+xRff/pzebUxUIV1Chl26HD1iz5qT7BX0mm5GzUyKtUk50DivlWkGIGIvvJe7IglNTK3eOiKiyDXvClW5CVMNf5rHSY68Nj7aTOqqErl1LKWOaPKTzteE4siTcYQVTUpTZ6yiEhRfCGaEkMU7WuPUuTmhmALFtToezubb3vCv4/ssy6w3KdGGpHryRoODWkLuorpm6lJj0DXcL9UDKYVtSa+0uVjh+kXaD4wMBdT2dAmWLtzSf3zVYYynpuXkoTyTxHJ7AAAQAElEQVTvkk/NaFdimnid12X+nITu8jqlTim9OH3vL/7i1//u73716786EJ3wS++qt8ynGwqXHL2QzqGGhTw31NGB9HqO2hw5apNPHnLPC6p/SCwTSswqG4dYdbLowl+rWfeQOesP2zIOsUlNukISy0znImuaHU5iKbPKB6ti3QdmdToxgZp2JelGUHaKpUhRyr5RLlyOhumqwiPsVujV4SamGUu0jYaq00cdvZohyJpRFTNxFdvOxZ1Cil15l7z1ZHo9ijHWuvxZk8nrqjaHY1GkfX+7Z8G1UFMxtg6S/4mJukPTp18mnQbuUsOud3NxovUxWYfsU9VAUqR5E6hOAAAAAAAAAAAAAAAAAAAA3gH+4f/5T//H//kP/ZnniaZ9A2njVoJ3a2Dzf/gf/7ef/fTLH/7ge/QOs1B93b8E0rnG/tzKxKLLa28oe5abEt7Nzctk/casPtRlRMwDpTiMlCtKWDGFRUbV5SxhF1HVHiZNicCnfsfcvSvvohPKnlFHVSakDiQ5uxuJXZdrxFgjw2ZuMmnItShm1OfEYpaWWic8V4QsXQOZdYs7uXi8lLVfFk/dNNpq4vA9qV8cL6JebuPx9E00v8Vnq46kXtCCuc1Oxa9KYc2iDyiisl1tw11Eg92ARaljGCWC2i2EPAThk38uQ5qImkZl072NmwHtx4S1DpbuLuJeQBNncq3DTBDsy9zsHOhG2QlfilFHnF6kG7Aa5JZ666SDO2nvptPpBck0vbij04vpo7uPv/j0Oz/5/l/9/X/5s7/+5emju9PhTvpS2+ttfbvpMmmzs3a0Pt4rB0RjM4aBrI9k/E025ULAINxmpW0QpJot1kc8L8ucl/OynNdjkzvoWOe4OJEbCbEvCRWacNE9iQnJxDyLRBVy2RQnYvIU4UjI443JdU8iqvliXNFwXcjArdPP8JeyG5BWmpg4SJrrSl0V1bBk8EGxBxCGRCm2tpoPq4pObIhE+qevOc2obpz2FyHVKcK7nGe1WrKhW59OLNHYNM0rS3fs2BSzSF2nEqPHluPMFImSbI9Tr5Pk5cXA1CsWU8DoOAhSAAIAAAAAAAAAAAAAAAAAALxt/tM//rMpTjTaL3A3eSZa+Pd//w//cDqdvvfdL+hdxVUFrvqQGr/3WKyfZomrTJbg5z3OmU2xkbm+lz9VI4OW4YXiJhrC19yd7jQn5q1C6p6Q4zsyN5VcIo/qaqLmJqTRbE9945Umf9HfPU6q1YlHK/11er20CzG72qQGT+tZ8abYiFXHlp3Y4VBbcQ1+9Iu+ebvv+zh1f401jPs7a+zWsMcjHgLOEp4HtXgzsKnhferrnjjcHjg2D2l1R1i5bx7vDqzNLKM2xfQvHdni5kMCprA9GMp9bNSlihV234RQgmPmW1jeg+oatC/9tFmt1jjrisg0CU25CLLOTPl7P/nBj379l3/x27/5/s9+kl6cvj6f3830Oq+yxcuN18XKagKOfpWxPwdp0omSWGdZzudZc+us6zr5U8m1wFhyTZOmarJJf5K4giGpDk1T9azEltALO3yKmxxDM+/Irl9v/c9gtwVVrcnwbZWe7BlVPoVpHSJV5bi6TNftRrPSbZ1ci6iqtUsDEsslUycQJNUnkqn0eNDmUV9LuTZJk3b5XKgJ0JrHi7eiGwHqrF8AAAAAAAAAAAAAAAAAAADA2+Orr+//5//1P9ixv7IMnhcNlq+D/Nlnn3z80Qt6J1nqG+jMltAhArSmR6m2H4WqwvB/2a0CSjYLi/Wyv7xOLUzshVsMlIgejZZWJJQnJcZfUmaIxZEXKtl8SqA6Wy4ItT+wVtlb/pFVxwKY+tp8Kd8+qoagnGx+DmbZUgQsi33MITpZurRTF5rZ2v+26MKv4SvQJCBN79OnjbF8ST5u+t/aUxs3G/TwPdkphMpTSdRH8AdY5PaREN4/833nIlK+q2p3cIXL17QBKg1q6p2SPccbyMVoQxKVrEzFcYOn8lHupjSd7j779ONvf/6bf//vfvSrX3z3x1/OtNz/6evzw/27KTp5KwyKk5An1ZPrQp6X5WFRxYlkX4HccvyQ+xgVDUpZwVm/UM3JSR04ErlyROpSlqZW0y9MQpUXLU46rdJ2EvPt4po3zlO9VbgM0aSik2nQlL0upNqdVI+Z4cvDe/QOlRI2N5fDK7Pq/vxPUUuCBgAAAAAAAAAAAAAAAAAAAN4a/+f/9f+Wf2Bw8vqIcV2H+le//Cm9k1jIz9MzrJE8doMRt77wF9Y9YGneABR5MSIHjyz6ZW5RzczFFmLg0YDpIIkgDyDn8hq9ZdHJczZdSBHBzGp0ItW3oKW4aYoTe8M/cmpYZp1UL7H7auc8TY92Sot2pc3aNdWxaMz6fYD3piDtM0V6i3hOJTrv7i7UPV+5Gs3t83tUKwZ6g/F6t76h10CkWREz24msHlLcXZLKUJKsh3ziuxO/OH36xXd++Je/+Pnvfv2L3/02ffyRpLR8fS9noQeB6CQ2iu3ZXsGWVe10XubzshTFyTqr0vB8Y6GGgCGT5VjSpFnTpOmuzPbCfTXqZI6tzOereSLJbpJuPUMGQcw7wXWxHrWlGHuZa+/CsKRm5BlPXjI7eYWGWnYvKlZAu9Iua8b8j0t5QPp3w9rW+bz0VihmrGSjkd9dfRAAAAAAAAAAAAAAAAAAAMA3gPM8/+d/+hey15EJvCZ8aP/xP//zz3/2o9M00buHv/XPfT6dgr5VLhLiEupUJktJpFPUGOLB4IjyWooSsvL099XJ1X/Xu02EVMLLtJaYqUmWIj1RjUhLnME13Q3VJDpuczKVhBst6hqiE2+bqIuJqkyUtXh2uUljjJqnY3uPd5TqLiN1pY8xd/N0qaITlxyZQ0F1q9k9w8P+vynx2tikZ69SVL0kSQ+TzudU0kWVM+tkOjGVk3JK01365Dvf/su/+/2v/u73P/s3v76X/DCf77/+av1HZkkLQ3RCxZQocBcdyRT7BbsxxlIW9XIuZid5Lrf4elW3k41sqibWSZymKRZ2zIKs5kfzeS0tR26dsgeoSsXVKE1y4QderDf4ncvbshWRbTJdjc2NgXWRiiUTs30sV33etoIDFc7TBkBcqSO5KtDYt24f5GFEmfsd289UR6nakUW3pa77OzWQvE13KQAAAAAAAAAAAAAAAAAAAPCP//jP1MWkwetmHfAffP+79O6xxmNVkaDHRW3Qkulo5h0NEqtjwOKxy+ymIBH/y65NSMUKInkksL6cX3UeVybbQYaVMCmY1zhyLrHkRX9Z8HRjOlICxWpjYsYUnlInpVOaNOyqjUupKTCqL0CyRDJUw7IlaQ91b9lXs4TnxiKs6YYrpxtWaN5dk9zaoGl3wi2AqAl6mm8Nh9DEvhf1raHHZEMxNsl8KKyE10U8ytdAPId1RhS9iSyss1pzRYlMRKeSWUfU7CRNeeKPPv/kiy///Kd/89e/+ft/960f/Pm9zPfLcv9wvv/jV+uUlYdlkg9QdCIXjqkult31TRm2uUsFX1JSepVsWWVxS57XgxCZsJUnJgKi2J/U4KRwmniaOKk4yPNGqV5sKVm3dLsoCoiiNynbQXIZW9g16ZdlFWTZGLG8hT+HdY3VPdX2H95dxmPCGukcioaPLKEX8zKqBMcEJd2x8NZxZFf4YyYrPqqR+kZ8c5Puh/bbqD47nkreH14flxWl1lS8b0ybS3UOWRfeIXUQAAAAAAAAAAAAAAAAAADAN45//M/F5gQvCr8x1gF/N0UnEtl0NLZIOV5WX9RMREOVpjshk5u4A4o6jYTIQBMqcInI64fEY1YH49Jx35ISRWSNWkppSVbFyaz/LnMJS+dcM2/Y2/QaTy6Vm50BaZA5VbuTTvvCpvRoOSgsHYcm0zExzdb2g4a0FUZ+qUVzITQaAe+jN/ZrkH5/r8hWDrKN6FdZSWduMOQV6QehKyXkRyJXpTZerGxNKKpohS71auwC0YGpxD6NUd/T5I/yGYPNQ+Dap7MfrmHx4nGSSmKdE6WTTFNmfvHtj3/6u7/55e9+8+Nf/uJb3/vePeWvvvrq/nzOqtJaw+jplDjTByc66R/nwfj3kzIcL5rygcM5yb7P7FvKUnRexZvkoaTXkVyEPeRCsk4mFY+Ei46Ep5ROp962iGousOyKk2iAa9DqTBfPpFW2l0ig5PczvTUJZp/spso4aEis00xBKJaNdXPfaPucaladWO294qQV6wn2mrxOXPRzK9rc3MkTXaoovehk198qD1wPFi2l72bf2b4q7pv6tGYCAAAAAAAAAAAAAAAAAACAZ+ZPX32l/yJm84aIAX/n8FCsBQtVlaEvrIuJS7I6Xqg6oZxcQqIhIWtgT5aQwkxAzyTevILOfBhM7CKtqucQlprcZs55nmfNdyPZrQuyW7K4QkajlilpEybXmHD71+0SaiqHCOxaRg93NyEJ4xaToQhdVTS4AcFT1k3eeUDI8M8QO23pPrpvN+3ZfExuWDAMcg5zk8HppApW7JqqAWgyDjHnl9qYOmjDE1xUUdIa3VQG1PryMrqQA8UJteGT2ip6OsfN4Y3oxHMLsSlOTlIUJ9P6M2cuFht30599+YPv/OQHv/vv/tuf/PJnLz799E/39/fn83lZp+qyDrpKK4qtznr0/opOjjRML/uXInQPpiuQqodo1kJzSUs0zw/rSqx7CLfEOmZWxCXzldhGc9LEOkUJVPRtOea1mjCpy8liJ5moqc/SuuaX5t6RrSUi9PaUJh2HIq/Bj2RsIx9l+erVJNNUxE8y5qaJg01Z5b/IK+Q7RSd2uche+uXD63uIq9xENnnUqiTQP4t0ux571iTK+aBGuzi2nvIQ34FnBwAAAAAAAAAAAAAAAAAA8I3FDC081AReJxbkswQC7yAWl/R0E8xZQoRhAWANRKrrCS2kiXVyRC0tLplOLjdRy5GYTHxw1FfquREiyGkxRD2duSgPlryUQP4ymygkbuFI3VPMVDTRxlTULsl+ua9Jf+BRTwobj/qTi+6kiFq03FIFy/4N/+PYLj8uOtnclWUorXnEmMcAR6jXb95EabcjuGwLl0SDsMXCvZahozctkb3chKrBA7dWyZCvI6L//V7BraLW5CfsJIcDe/16Ex9Yq6rxxVPZbHibNVmyvZSTrH0+UU6TnIrZyTrJ76bT559850ff//W//3c/+utf/PDnP/nsi2//6auvvz4/nM/5fJ7NGUUD4kndej48p5PC05RELjjRdTvaBWlRZQ2Wn6U4nSx6bbZVYVqEsDMq20x1PHGZiK7xcAQRO/Y8XCo6cRcNlf+Uu3LIyqRfESGckPj0mjmc9P0Cf9KqOGSwRel2j5v1GU9vANeH00bzuh2ReLKsJgO8uZGma/O/A1O6JUMZAAAAAAAAAAAAAAAAAAAAeJ1AcfL6eceH2MUcGv4TlZVkD856OgwzO8khQRh1Ga4W0cw2fMHO5Brs8Wj1UJFidbDIci62Eev/s8WIs/sjFG0JRbCyJNFJSaAQIQAAEABJREFU5W1+jyyXKLV5GiRrSzTPZQbxCr5rPkxMk8PgpDieMEUU+6b3/B8f2P0Za0OVTQhN9Pga3Jezb5hE+Fa6ujI10xL/10P5fVlUrT682LBh6YvaNLL7qhbSfetV0S1smzOIE/xjWCKw0CuH5B9rhvg8Lll11hkllDIXb40X3/r0h7/8xV/9/d/+4t/8+js/+sEf/vSvf/yP/+n+66+XpQz0Mi9TOrk9RwzyByQ6aUu7jf8Nj0IOjtikSutKL2teFSfz+r9mxsleqquwev1ENbyxc+rAo41gS8hli1slLBTyKMuuZZeRm/g0b5+qZ6G3QRVz9WcuXXzjTrS/rJf+XXleofwYzjRXmMcbkKtsJ3EWf358vU+mO7FnIo/uGbGV1Slh+x0kJwAAAAAAAAAAAAAAAAAAAAC8C2QP/JElsCm6kxIONtFJ0WSY00kVZLCnqqGLEduaAeGm2sXy3ZSqF7lf5ofzwxqIzi4OKVIDT5lj5gWkxiY8aXYNO8OeXqbYsyS3Q9B29EqTEtWW7NFptUXQC9Xhg59ZfyW7gKuEoiWH4iRRjZs/Vjc/Upl0WYoMq6U2w2U75G4E1bxETMXDEfCV7v9WvBUQRUj/bNNw1dX29oKe1mDe9qW/2aZYSaORuOUJerYnNYSsuQmVuChOss6uu7vTJx9/9r3v/ujXv/o3//Xff/+nP/3si2/nRA/z+eH+PpecT7T+LvYma2mSqihiHeMP0unk5eh9LIRdaaZf5GU5n6XLpRI6kf4xJ90HiphsStN0uptOJXcMWTIjXU1qweS/LBlNubwk3kr2cbMa347SpG/ALYq8UNmYmo5ceFV4xDFlSGDTzh1rQKLEUVEkt3iucFfA9gvbZbLcONQpeQfpqHdWSKJeGsNmsQUAAAAAAAAAAAAAAAAAAAAAeLu420c2fYL5DZgKpJxVH4eiCPFX0d1spCQ2cJWCfVbPDrotltpyKcTHkhFjrask15DzuRidZPaX87V5pfQ1yjydTsk1Ei460eOJO0rsMrGFnr2D7nVgkpNSUX2NP5f4dmbunDxE9u281P7rnfR/o5/iTiQS7jA3WZjcVB1vy5LRLUQ2X1dNTnRbOp3J6HcS5ZtjTCJqZb2kyUBrW6RG2Xy/u2MbPU+aBIqeE24tsqQdS6ky3Z0++eJb3/rJD3/+X/7bv/jtr7/8+c+++tP9H/7lX+dlPhd7DlHRSS5SJ5dA2Pgkk1x9AKKT/bPZG+XUk1UvlA/scsZPbGKjstsUpxM1GzLhl4+jRD4epprYSQ2VpmS4gIU6DyNd4n17yiNksfluq0/9MnRD4LIZdCINamYffCijeAaqbMrFXzYS3NaUSK5DWRRz68xyORwPKrAxJY1sJGdlZ9R9skzEFDKO0PnIvhDhzoPJC/RLm/xnb81iDlTiGZHqbVlldOaqlGm7f3H/o4ohExWaI5X+efE2mA4pu2MKm7WJ9yGMbNL0vFpBAAAAAAAAAAAAAAAAAAAAAMDTyRZytHQz60emYt4Qag8TnZS4okZwzTxAhmwXVJwIWkqMQrEe0NwkeyTy6dTkCxp5Lv8tJPdrNL+kyBCa2FxW1gumNYw63ampiXqcCHev8reDKN+jpxbM9dxAJYJZHFtKLeuvCI8WAw3zOskW1HzJePP2nqovETW/sHOjK0BSCUcfMW3hU6bclXxkFSBXTkmEzrvHwd1FqfMuyfWK+LrGwpNstQRkceCIcctY9/HDrkd9XNzS9ZSHy/mR8ebeoeWqzcleDbH7VqxP0oaDNZuOujFw3HMiOS3rF6fTx9/5znd/+dOf/e1vf/Pf/Ffy4u6f/uVf5vOSH4qwQb1/irRJ3Xam0r/k1Qr5NDrx+xoR7yVLxG0d99OS+zGOPUG6H6pTeh2pZl+yrt9ctpgiDJvn8/39Mt+v48l+U9InkvyBtfRN5aEl1ZzwZJWpZsTUJOKyCF3k2ZQKlmhLM3ZNrjgJNQPrppOim+6xUepwuYzm63oZHs+YY0l94jJPFaSVVhem2M3Yc9CoKC51srgq1uNecVK6XTZpVZwk3ZQ9Fdm6f0qrT46XnP4FcH2HaUdC+aGOIq4KMbsU66ZZRXV7lGoWLy5oDvmY2Va1EbZeT6nqYzytm/abfMkOOhv1vTkacAAAAAAAAAAAAAAAAAAAAADAmyfrW/Rr+HyJUK4JNCwVjQaAWSaLXVJ5tZy6bCzl7GT2EBHW1P8towVLF+C3iGG5bFHNxxq8TJrL56w2J+vhLMv5PHvQWePbSY0PTqe706nYRphEoIUvTXNivhJ6vcVCWT0CLHi5SJ6t/DyXELRoRyN2qdWMIgoNZl6KnNrZUBccXdC0Ff7SP9e47FrdioV0VXqTLJzci0K6gH1TjYy5QSKx0cioXmFLO+Lf9PIAT4pkleZeLMI1qmvyIqm2JlzdYqroRGu4XD+NY1J1Hpnct0BUriFDv9rBZNf5oxY3QKBOW5T2seZOYnNRx8JNGaEPooirUppK8LzYQ0xLlnR6wemUXpy+++Mvf/5vf//z3/7mOz/+gdyd5mV5eJjndX5mV5YUBcRpMqsfe5w+3GK/5YNJr8OPSXriLNN+aso4UWJWFn+jeb6fzw85L7Z78EFFcQuXWVCcjtaf1AnfTMGkIhJNmCXVrcYMUdz/JIeOgTr1xWFHh1a+RnhY8vqPS+F4tCnaXEz14qNS0yDCaNIWW+hhWLLpntSqq/3JUIXn57og77AEaF7RfuTGU6X21J5d7lZrlRd1d5q6yfcgUxfpN3qgcq8E0QkAAAAAAAAAAAAAAAAAAAAAb5us8do5L0WCkKRhgT7S6F5K0l5T7wQn9Y38+OzZDyJ02ocgq8TAQsDr71SiwflhmRe1H7DgtCkLaijxNN29ePEihfXAxMmKcXsCtzkxsxVTKrBEALcoTfI8L+qeEsHWXhzTiU1aI6k2o57sryi6HDrSfQyWJNYG93RhD6e7HKEfNDdaablqhNwz5lBxUlu4tVTY9ILGFrcDZhe9eAYPcn1M2MMUTFRjAgK3PniVKHynOqKQoOQnlSiXVA6HtRzeX68SfxBq5cJrCFzoTk8n1SAJT6ePv/vtn/3217/83W9/9uu/+eiLz/94vp9leSjpdBYVl1AkQaFm2dDrLaIpH7DopJ4f2CkhXCfQe/isi1KndF7Whbn+5Dk0DXXV9xuHhMQgnU7TtP5/mkhlZlFeeQK6oZiyxPeQVAQqRZ4i5kdjX2cTM12eea8wy5+KyFZKYiYiduiuL9wyS4ULiEtDNvlv/DZXqLRdsa+uSr/605vPtQ3jozxegFfnhHeBTTzmeYMG5Yor2IgO9TPSTYbogrS/N55jrf9LAQAAAAAAAAAAAAAAAAAAAAB4O8wl30y2zAglJFz0B24M4OG9kSEQGmKJXtegSBM1dK/SC4nZnCzqPiLLGi8uKW/mNR5sQcTEklrQdI0aT+t/likjrC5CdTHEYWuEUk00NNSstWhgu1Sx1jC5TKW+RB83tlfvqUvTs+n28OnAz6ELnrriJCK3IqHYifI9y0UXgs3UQrsS8dp6t4wNqaHhvftAvXL8ygaK9g4uWagaFdgT46GEGvQnkSHA/XREzVfK441hcXnNs4SN5crnpgap4iguVjvESU55Vl+e6bRQuvv04y9++v2f/he/+fXf/e13v/wyffTiT8vDLHJe8qwT1tM5qTZL05iEdoj7XFI+9T8Y0Ukldf42jzw1n6M7UUDZYYrQbR3P8zyfRTPv2FSzKctj8eoKVFxOpqkoTvq0LNQuWVf3oj85ksA4tvWY7kRXklwTndBLZtW5kbpu0zA/X03TNRQTq4nNYinWrfS5vZ6jLquQj71tiGIvlKZqiz8UzBsVml3nHag/m5Pr8bLZ0UylNBEAAAAAAAAAAAAAAAAAAAAANE3ps08/WWNI//KHP15IGgBeIxqp1bwUJXa7mDJBOgVCDfaZaYfrQeQ4PltfdO9ju2YtsWjGniI1IVmUNTK6nlzI49Ale07ypDlmr3I3nYoZRUnqU6ozdxMLH5vgxOtUIUboPNY65lJstsQ6iwlQSjqfXnHS5cGhXmoh257skatxW3FPlY09ys4uQK/ho3wStRzqLE+qykS6xm91JVeRzj0lPF68CuZLZXCvp5HQ+rzUMpWkJjH0pGbLDdfsCjrshvZf5SZsAexJrU2Kymma7uR09+LTz370q1/+8u9/95Pf/9VHn3/29TpJ778S1eUUR47ixqPpkqgk4nHTny4O3kmgXD7xQYhOmrsEjVP42kNpW4ZfKiFAWL9aN4BcNoD5vCxnFROEUGKUG/gOlCahNJ2SJtY5aaqYktuIfLh1Q1kLm8/z+dztUPqk3eZkLg4oEomtnkfk9ASkE1dI8yMh+8e8h0I5l3z2jPm0htJ8HXK3hdVLS84q20NVG1V3Y6HQsLFrU2LDbKZDmZqHivTlv8SI7bfT/rtDrZzQXuAYbR+v9LQ8ejnS6wAAAAAAAAAAAAAAAAAAAICV4iCQ8+l0+vijF199ff+kez//7BN6WdZo5J+++pq+8Syk8XSN31KJ57FmLUgRU69Kg2rRcTHMN36RPEUPsybwUaFJXs4ljY/MmgwjFcuIUhez1CBpKq4mE6voZD1wm5MWSh5r1NhoyzVhKXWWWRUnuSgFynPOVC1Z9kFni8LuZBQ1Dsy7nuUjG5RHZRi9PwyNr/i3Sk2GwlqFWJBa3C6AB0EMj7dfaoActZJNdSIpe8Q59SYmPhS8qUEDvbwr84lojDh3A759pHJU/kvGlXtljh5bWpZFZ7SG1dcTabr7+MXnX3z659/94V/+7Oe//82f//KnL77z2fl8/uNXXxdrkzSJCrIo2/xzx53wPHGhycZ75oMRnbhDTpXUPO1ZbBwrqryL14Gd161AZKYi+/E53unUVGlQhnoSzWDExfFosnwqZKopsVw6JVGPGhqd1/VOLf2KSznWPcdUFORuH29Oo+CajpyHs03f1bQn2fyG1r3KfVBi5rYt+KDw7dru7mhGL67O01vqIudmwRQmKOYCkx9Xrh0k3+mcVLQY5i6R2UY9453mYQPkGBGTCvlWPiQSY9GsZv0kXAc2FUUSAAAAAAAAAAAAAAAAAAAA+IbAYVNxyMPD+XQ6vXhx93Ce6bKLQpZtqG29i16W4rQBiOYs2dLRRFQ413fINXpomo9R2HAtOOnB1vi9hoxzSVCyBoaXuYSHl0zmeVKULv7GukYjk6pO1kDilE5We+pSZfSFRzjVQ8slaYdGbDXLRkmoM0s2Y4pcw6AW6DRZh8sONNDLQ5YHbmlkrDrLJ9I0GfbvzsiEm1FDtTDoL6jR4MESg1oWolaibPPg9C4TzWhitD+Q4ZHI5l6vrnkMiJsfJHHdSRcF9rQ3XmKmuuqkZsvgm2P36/in8P+IZkgEu8N0gULPtG0zXQi5H3A4NU2to1XWqaJVydrxJOlE60T77JNPf/i9n/z6V3/1d3/7xQ9/8MDLv/7Lv5YAtzQu73EAABAASURBVKwblnDpfzLVlAmivDoNebfapekE6AMSnShNalI7nK9c3ukk+qcnpgJRaZvM54fzwz3r5GuKtk6fQtWMZ71gKtl12GyO1s1pOsUiLaWpZ8rD+stXenlGRaJSFneRoSy6iN+ONsHUGDurDp8ilmeMXGCRc/e3LY27Xr/Y++1jOMmqq/FtpkxeH9fwgLKKtLLsjfM9OhfdYTR4U1EcNnUV7QhhzdqbbIsiEqpl8bxhW1L5M0MmJqFIu1ULX9SeqnbcxiuZLFG7yfasS3UfXhIrAAAAAAAAAAAAAAAAAAAAcMzp7vTZp4+4kqwxpW99/umVC7766v7+4WFzco1s/eu//ml/8eeff7oW+Mc/frV91bwk9Jk+/fRjAop6jmR3a3AvAUtwkzTHjUkVLHDJ8bL6cQy3BZjD+2Ett6TRKGlupOS8UZ8JDa9K9TfhEn8srieJSzR54smS6bCEtUbNIxFBTwmVRzaPFg9wypyLsqXk1lFNC7ucJV6vjwCwxKv1skk5Ic3FpH/NPjLyRPd4+x5+6DC6mGwvGoluhAXA0aDFfXknuqoKm6G0XeHjPbTHcnss2cLAiagJbqpgRjwSrAYJoUVReZAJkOSwDduKojE5As/cnZdexBJyE7lY1M3yFm79bKcsn47bZqzTzTVIJdlS4hefffKtH3zve7/42c9++7vv//Qnpxcvvj7f01Rmvnq/JNWWuEGGCqI4m2ZpjNpTmEqYJKUOzgcUDu/VIH70FBkH+/LQZ1EUJw/398ty1uxGF0pygVbJqnM63aUp6VakioYc2glZaCmCCXMxsfVYTFF0A3Gbk2JTs4x1JHpzCLlrkbSdyBuQQ8gh+/XaJGr+6UC6Qq4QI6Ka+awT6dnMd7mJbG41YxO9K1efkkd6Io8u/mHrzLFHXrra+yRE1fTFdjoa5XVRdmhtuErV1mk1EQAAAAAAAAAAAAAAAAAAAPhmoXHATC+LvTa9Z8kXy1zykvdvufOtgexvAqrWEMtdwERdzFI9To6dOw6wZ2Bv1rv1SC4GJ2dVgixr5Hc9w5HSwQ0hzDqihA5T0jQ65E4F0RYzquhaa00uyoFsSWKkvKa/qHVKVnVLFjNCYM8RRDWwKUJ8LM4ICww/qOqK6uohrfbtgHCk+BmGyFxFJKwvtl2gWk/1QpDuus1Yh+jnIvLYV7K/mFs0umo7akjXdCCR0WK88wmrZx/vjkeR3U+lRrLpaTqGq7WaHIiSzknVKhTLkiR5mU6p5Mw5vbj7/NPv/vTLH//2Nz/+9V9/78c/XsPX9199zYuqUYq2IbeMLFaYroQsnptoiIqHIKue+LCcTpSjbC6PPi+pCzY8coqEaTmfl/M9ycJFeJHFXI4OblZviynxVHLrcBgb6ePUJ5ulGCcVW6P1Z9F1VhQnK+tOMp/Ld1yVQa3dMnx6E8Rir+KbofYrzZBHt93N3eGo1JuE9N+6uI7rTnewrdy+DLnXA1KnjlFVkKjN0bDjbsUk0nan+JPQXeqCuLp7R34d28ZlSXyX3txDBAAAAAAAAAAAAAAAAAAAAO8E87z88U9fEXinYMs2Y/mP2ovyzbahxRU9WtoHQgc1hmlKwtJiznleI8yaWGdRUYoGXb3kkkyHp746y+NjB5F3R1tXq0tcTU1I0zNYSh3LTVES6+Qlq7WG5ZkgS8gQIUu5Ek6tAogaTuddV7ll4tmoQLhLqtLEKCU9C1mRfeTV39bnbuz6wCl3Ud8uOr3XNIztp0Ok/7Y+JAqRRNXaNMcTCRmMt6MKujzrzr7BF7Hr8vE39YJbS3sqrIYYk/7odCraqnXiTekuffb9P/vyr3/1i9///sd/85fTZ5/OizzcP1gmoKJn8JQnKhnSKbfOVYnkJd1q2EoC1qkYeq3yzweX+EMODx+9pUm+ijnJ/HB+eBAdKbMrOfD5oFj0toQnX8ZNokSxESxFZ1Z8lPRhqOCEzObEZG9WQkgimrprkHg1bsof9BJUfdr2/GNqskq1CTo4w9S0bbxTuPWbtStOdDNkuVD5cXva1O+LY7lQhFR9TRNupebfwhQpj8R1RJoSiP2vBw85zprupDbGS3xcCwkAAAAAAAAAAAAAAAAAAAAAeAM05UcxF0jhKTBGL6UFEFnoMCODplNZLFtPljQvxdOgmM1IrhltiqOJuLhE2IUmVXhSrll/pynS3USGnXhtv1RQqlhUEyAmOrG36kvFJfHJ4hFKzRTUC0OiIxeCvNyyQdQAq+wGqpy0DDXSv5+vxjCepibaSkOgtNXLLYD+eMSUjxUwzEMU/trtmw8akrePYqIeTZ6jzfLHJCGwqcVbMP6J+hBxp4axkankMPKMNH7VZdKrKlJYs+So2Qmn00fT6dOPvvPlD378m7/5+W9//Wdf/ii9eHH/p3PJyKQzd1GTk3iyyUfChz2xiUxqEN1aP7YvNFGlwA9OdPJ0YjpFPpclFwOS+Uwln5YJgTJZqiequYrMIKWtlpJ4i7uZUJMzqehE02llzaRkJkmTPoIsnf/VW1QmbJboRph2eQGXYblRUVHlYLy1EdkWvnNF8Qs7FdjF5cjMB+2JOzi0bCFjK39Geo8xbltY+Yqqwm0U09TMW8yyl+LZHx6ral3QE7/RVEkAAAAAAAAAAAAAAAAAAADgXebu7jSl9PX9A4E3jwUCPdWNW48cpU3wq0ffDD/SIGLJbjPPc5GZlPAyl3w3i0pAUsQZS0ElljpZdJj1C8urowUldTVoxbK/8l7f5c+UzdtA1SeWGChb6L9IW1obmZqlgWf+6ZPmHIyDdjUdhV03Z4pcpmUIaqFYphZQviKlaLHgo4uqZUGVeMj1Qi7VclD0IP8wPxPJUl0HpJ73Ki4XekMwPEsnNujqJJUDicbUNVyuWg43M+De5YVvrmvbRtf6JFetlHw6d6ePPv70+9/5zk9/8PPf/OYHf/Gzz777RTq9mB9yPlOerdZUxAqcOU3Wco4ESTX9kJmfqDbp2AvDgu/nlYeHb6zoRGhnTUHVkmg5rz+SlzKCKkvqVTy9Qmv9byoKhXWvWH9OQqMuwfKCaaE2mcqWUrYPFtt3fInKU1qeN61+XsziydGtzVZHv9KSbyjC1c3jsaXe9ubg4qVSxXz19+gqclV0QkdKN6Zqi5S2DjE8qv64LnSyK9nmwMUqh+Z0ij77nNeWT68oSgMAAAAAAAAAAAAAAAAAAAAfCp98/NEaazsUnXz26SdrqO5PX31dMrQcsYaxvvPtzw+/WH99+/PPLn0FDLU2MdHJpDFPy0jBR+/J99KT8m0WS4FTIohrjHfOdF5knovoRIPBJSzsEhOLt4oWTmZe4L9LSLkE8t1LhWtk1tIsdAirgYEWXTLp6MFSRCdico8SwS6pecIlxQuxwvL2dfodmjFlewGPoesIBXP7lsPzos4rG5Ynxq43d2ykPTZu8qRC+UIdY49aED8ESK4Z2M0BKy/fpANpipP+HKv3iT4TUwq46wnRmPxEK5MLFQmP80LiRiu4FGTuJut8PpUK18n34u7Ftz/7N//9f/vdn//4J3/xs3S6O8/z+WH5+uv7IlXgaf1UpFHpzoPoXEPcyWPqVXeyTvq0ewrmuENFWLAs8/3XX3/9pz89p+iE3+qeJYcCJO6/N6HJ0h3bQ7WMReICp3zO80MqaW9sZkw6GWzBc5ERuOfJ+uzSNN2dXnx0mu7WDUR83qjEjCytltnJrKWWHcbS8GhdrjixzcIFHNI12T03iJr8Yem7ZQo8etmBSqHMkGyqmtQsWnLZbMtWqGlksm+SwppAJnHTmBWRTQ7TD/03dHmR0sm1KuudpZC1D9PprmykdZZqaiHfVKuWp5xcS1jHKFuNRXDme6OWzKG38sGQKmSRqJ298rqZ1t9FRJjz2rdFRTNisrL14U8pmRJQR1d0DVmddnOpt6S1ijPqkiJmttX21BRCrzLIdJL0okwR+AkBAAAAAAAAAAAAAAAAAAB8E1nDVh+9uJvX2Ozswb41Spju7tb40RoJ3lx8Ok2HAoiefPRtxP5oH6dfo16coDtx6uv3HOFA1Z2Y8CRMR1xdQmQGGZwlLFByJBQ5F5uT5TxnS69T4pWTvoiuhZRorL/Fv0ZdT8XnJCX3Q8gWi1S9SzERKYFRzfxSosUi4VOSpeTSmM8Rr7TAs9hdXCKp5crc1AH66DXuaYFXdhXKKFqwYKin9jjIhrEWy+xOLb0MgqtUoybUEeljpNRX0etUaKzBHEg8khxqDdet6F25SjiktsqeRNdaE4tQHswl+q+4FwNEE7NpLHLIdEi9A1iD4m4tQNTnsJDOdYYGNUINCJt8KNuwVEELiwX/q2hHNNOO9aIruqaziQEp0gRPrbE+XItjixqNWDxdszVp2WLuCelunXIiE8sdpxOd7j794osf/tWvfvm3v/3zn/+UP7r716+/Jv56nYDLImlKZQ4v61w9WTNVEcUxbiS189ycIXRTETMIokgKs3J+eHi4v190E3vx4pMPLxy+32dzd34z5SWWhU++ohJbh6apJbZF1zNlOZ9Op7sX60+6O3GaTIGhGib2SaH6s8iho8/MVCmZctudnr7Ld2KU56W3IWkqr1jupuTor9lwXTEXVlKtLnoM8a0w1bX/Ujx6Y0jYyNrZdHPNwyX2x6SaFVUVHlRTt5z11/rH4y5N6/y4myYCAAAAAAAAAAAAAAAAAAAA3zymKX388Ufn8zzPX9mZeV5UczJtRCfrlRb1dxeBI9bA2b/84Y/78198+/P13j/88Y/7CNY0Td/6/FMCSm/a4QfxlQk+zPzCPQg6bUBeFpOXLCKzGtGUtDfuJ8Il0QV1GWiKeUBSfUjiEBaUc1Va4VYVEloHc1JpFGOTYmLgqVCK5KRLuKEV1NsPlBcm7diEbLMLF8RtNiwIuxmfXmjiv2sKHOqjyNxZ6PT+Hq0JPIa0S5Oq4kfGZ8Lu9CG0L1M25dLoEdKORqOYXUDdknvkTjTAt0SfrwS0ze+A6lNoLgiWUkfVAGqw4D/DcGc+rktChWRaGx59aLLNmGwh+0kW1hw4E0/TR9/+/Ds//tGXv/rVl7/4xZ99+QN6cSoaFZOwiAt+rJQuMM6mspFa/a6L1e3BjSfisZ8fHu6/+mo6nT759NMXH3/8wYlOjh/8oeJkOF+eWBGIzOezJtYxE4sr9aj70fr3YDqppECyS5382KVN8YdB9U3siraij/OMTq9FO3KdXu0Rs8SPuVvU1gNqCai29+6VJb6tHlbqio10SbByrbXCtw/UhcLr34V82LjkmXm6EYgq7aMaC3n7rRApnjBUBaMcAlKTg62z6ZTSi9OL9cdnCAAAAAAAAAAAAAAAAAAAAPgG0Ps/zHPJfnB3mmq4a9bUOXd3p6++vu/vOql3fjVEAa8D7mQf/mtUL4gF+u1zNRzI8jCfLdVNUZyoF0oLn1rynBZpLFH8qYQMSyYd0jfe1WEl9e3QVCY5jj37hNaQl6Jw6SQoGxmIN3KIimYaPW47f7XQAAAQAElEQVSE+lQvVkizD7Df2okLTh5DS6ujiSeeMAHK5lo+vt2+slr3UdwD6c/u7o15j/gZHq/nPpsIVUHIWKZ0kpjLFd6EuDYkUqDYqahhSG0Sv2Ubpj8uOZvuSQUj4YLCJsixfDpaz2mdiJqnKdHdiafTJ9/74od//Zc//93vf/jzn08vXiwlo4jLAMxkQWpeHtcODdVfCt77dcWnxwdqnZvz+VwEV8vy8aeffqI/0+mDSfzBewGHbLQmzbViS9031pU8S55NlhYJdY5Z13zynSfccopVzuQWOiYqEReelJWeWdJSzC9SqvpE2yTS25CeGO7mM/HWpCS2UDcFotB6cej70mDt5ZKL7AmGUlXyua2TSq08gVnbyoku7z6u9ujVb+33tVtGNI3O9tyh9IS5yYJa6p6YRSW5jitmyhd1o+emz5Fq5GJbzPqn5UXymwgAAAAAAAAAAAAAAAAAAAB8M6jvKhtqbXJafx7OxdrEA5EaQ+ojZXf6GvO8y7kDnpHk1iLNISRsTdbYHtvr+Ny+LHYUa3R9Lk41i+XMOC8zqx7A4oopaUYkts8mN1njg5OFDrVwy4WR1tPkocdEHjGdLE9K5NBZY8xFcWLqk2zXcmgskk0qb3TXCbHrKUxQyOOeXbdbYhQycwTD37u3GyNaqq3t5SAR6xQdvRCXXIn2ylFYV5iqYmQTOuXu6v5LGQtpH5u1wzYOe+wRtGlJHR4x0dETIvUqIQh5AHkLxE1Ushs6lPh0svkhqhzRILLwvildm0YZDHc1kGlQ9DGlYnQhU55nyae8zr2ST+fbH33n27/57//9n/3FTz7//p/zi4/Oi6RTydKjvke2ySwmSRAZDGrsgcuFnsbY8uk0zaXGtdq5rIXzeb3t7qOPPvrk4/VXqYvpA06vUxUnj0wUFTeUxViSRElxKiJZ9NgXIO+EPqalKMt3WZ/snKYiVHNDjrIzZDXCKM5HUrSKpi3LzKdp8jnsdhpC74IgwfUTzNwJ99ysRy7ecqm0NjV1+PRj+cNJaXBJuSrFiCVJ/JjO5FoRu0bK7rc39PJHDhuYyOImtX3UeyVVIyJ2uxfVMxYdUq4Z4AAAAAAAAAAAAAAAAAAAAMCHD3f6AKLzPKvo5M5EJ6SZWU6F6XxuEpNpmvRiOJ28XlpahtBvSPeVhf3UY6BE7BfJ52V5mM+e9UaWMJ4oZahyKHH5rdYm7nNiziYcohM2mcPgscHVFIGWSJ6hIoHssgU2xUAOcUl/dytBqNoJhC+LHOeF4FFdIRde+OewNvFvLT+LR0uHK6ufQf14rF04vGmoWs1T5OKNclAmh+CDvM/dGeo62HQq3G6o/TC9DV2uqBVUK+6+cCGPUFXtSGQR8cceeTaE9pXE8+DtN7UH4uYoGsc37UqmiVJef/J0+uzT6aO7jz///Mu/+uUPfvXzX/z+d9OnHy8hLlpyiU/XbCdhl8PRn1gCFxQn0QIP6K+Tcz6fH+7vl3leVAjx0ceffPLppx9/+sk60YvrSc4fmOikVy/JfjZeMDvxxWsHKs+aSS5t6P6gi4pCWKVmc5lA5a/AickVTKIeSHmZ1QSJbPKnqWw6ukHpw5SuuK3u4c3BmhyuHlMoKtQqSqU1sSJuLK2qPeqfUnapH1+6fnu2TPtswqvcWUbdzqbM+Mi9ZDHOxH7UtHH9nUSdYRQNF+z2ZftfJ0BxyNK/EjwRv6xuBgAAAAAAAAAAAAAAAAAAALx3dHYMBTMvOamRSZxR0cnURCf65jpnM0u4ypTS5a8m3nk9XLn+m4nrAIrZjIcp11he1gCghXXVqCBrlLLEex/O86IpVJZc9CGqDTLBSVKbk5NGQlOqEUUVnXimHQ13RixSNOhaLrJnXDKUlHCsptMpMdmlyFpImk1AqChyU35wdTWQmtBFXA2xFrGJxw5aEyth7XWWOg7acA8Ws2syqkCj8/OgXcQzvrP4+tbFof/IrfbNx8jz4iH83F/HtD2o90XpOVaZ6U5oowTY3dgEOZ1LS6/64F0XDz/qcFluHbGPHMPgRSQbMK63hT1M14d6OKLLtYib1CHCxlZnjuViyvrQXtxNH3/8+Q///Jd/+29/9pu/+uTPvpg+/WTJdP/wkEoijqna9/jwRjtcFuX9uWlnWFt+/3WRm+QidTl99OJu3bruXrxYf2qCl3VRPC46eWxnG6p89JobtQtPRUfd9tAyYTrTKullOrsWJluIyQRreS4/y5lF4jlHfquj9an7zLzOGc1dNE/phT0b051kzbelrSqlpWmynUvT76hYrUw33cH6wl+/PqGuvaoOsQ3FxqjqTuq3qWtTTTAjxzm9uJqmkC4wU9+so1IW29Gj36tDqlIlpDDcNya+to2v/G3mTpDYrol1G9f3vw9I/ufWtCK+Qaz9sIP1z7yNweBMZbWzN2z925NUrJO0xSdOJ57u1D8LkhMAAAAAAAAAAAAAAAAAAIBvDhZ4qkGvrO+qryc1S0V5730uqRLc2sQwScr5cm4dK3MNUX3rW59duuazzz4hcJUaUqxpaExlUdQhaxyQRfNiyFxkIIsFj3NYiLClRCoeA8kP2U1NLEKYuoi+zwGLY5ZYdFpo5sleuSdrw1zK1ohyPtuU4GTKFC9BIqWOh2sjFCs5txfntR9iJilEfe8caX334O/kmhhPtcNNmdRpJUxOIkVX0+uWulrsBule4K+tqkHniyoOPVykOnrUxrbQdPUB6FwCzNqEpPkauBOM9aWPux87jNBgLvL/s/ensbZtWVogNsdca+29z7nNe/f1fR9dRmQmCSEXLtmGSigEJoVRCgRGQJKC5L2IRAhTIBAC0RhSILl+2FU/SsayZcmySuWmhMpYJblctmyXXaakwlIlkUF2ZJKREBmRGa+7956z915rDs/RzTnX2vuce+7r7n0vxxcvzt177dXMNdsx5/jmN9o7X+TSre5sE60AzoYk5AQWI2DvcrIcZqZRnIkykFABLgVdhE+Smiznl0uNEgkaeUQ4UBwPpx9OH3/8iddeef4Lrz396svXHnsEu2673+dfO+gDxeHQ/qco+oBQWYyAwrWUvflCazkQiSitQ+PpTLvcWa3W62G16oeh6yTgBxZhC5JuugpRJHwaAEXCJgQjCGGtjZV8gIcXKhFqGtO4J9IJ08WOnjxTwaBuYKIaTA0+UjCdEOuPrHSSzxASjFQrY0TgrOQWxK5PBG0ahLgXm95HuDHhQ4N71hJQ6MpKJ8HShvY/vAdr5ALgBZ+PPE+JMvN8sF6q8OxqtyJcpaabpgbLfUoiTmPXb4Z+3Q1d/Jh4Vg6Hw+FwOBwOh8PhcDgcDofD4XA4HI6HEbIlOaXqnMp+2/V61XdGOuG/fVd9+cMwyGmX3zP7p46esxr67KzKPx363fKFff8Zi33xIWDe9LqznAkS4i0lzy65f8cpe3lJfUSc6rHoKhjTREknFEmHhEIiIJRN8gvXoGqcML9CyAnMQUIKSUJVhD8UqZLjSZ67U4t2As5ZJlHoBSpYoifiTKFEhVKYHyN/o+m+6K8JazwYsNQ3LBY8mki4txMX61lw+NPsK85OOXT3YggLV7sEQ8ImuEWExX2M77EQg7ia89kUcRREN+GQNxZ7qPkVhBwWTesmamrxUiJAZQsANiQYkanJNyMeSt93m003nAyr01d/6IeefPWlJ198dnXjGnaReVGdCL1QPcBgn8ud2kcBYmW5lHq7eF85OO4zdl0f+2FYrde5J4nMONF8SCloqCnoQ/iUSiq1kjNWSQBr9Z9JnpQmd3gfPRPTSFGIiHQyRmartAV6UQL4zinQuJD7nZGKXguG2mSifol4TCxjI53XTLdDOWlKh2rf6GME09aqshZeynVpmF4f6EHMKovW+4kM0FUvx8Py+hCZAwj31uJBK9bKyAsHDTJVOtusq4pWnLmpDV23it1qGD69DczhcDgcDofD4XA4HA6Hw+FwOBwOh8PxASAqF1Pjj9uPRDrJjqPz7U6OTNPUdRQoIZ9GjsQuZqeakFGOQrQoxnG8e3Z++OswXM9+qrPz85bpohd23Y3rTjoxMN2keC6N70EkAlImyPmLpO2QS4coIeRrjhzRQlgmTDrRGBIdmLQJOUCVagCNRgX7HPWhwgUJpFjANyZqi4VS4lA+QhIx5sccRxycDVui8kVQWSYBa+yWeZSbKo0SQ7TMgCJJQidEaC+nrIF5Go75lfGCn+bqGYtDoK8Bc188HvOswuK2aXYQwZg99bw0f3c+/yBr8eqOa46fUtPCoT+KR9lur0FRQo1ikzNUPN7x6C3bf/jfCUXtQh3lUehQE1JwjWE9XHvkiRdfev6NL7zw+S/CaoC+o8A+TGIzR7VxTVoajJKKShJm9In5OfZuiBNFetnvd7t8534YhhUhxMaHXp7Af/ur6DDcR34/AOAFdKjDv6HlfAlUhYiIOMRam0YKl8O3ZI6C5X5Th+qNINSAMpr7KWmomnyhsNQwjxM9x9bppOLl/kl1mNBUfWBBqfp4MY9TY08t9LSWFNP8WuRKLrtzJW3MVJuiKFOF2gPeq9YJhW7WQX2IOogUiE0+XEgQbB8VNRhTtQRMYijpC1jXhdIXl0KLoHnFnQqxezgGUAoOh8PhcDgcDofD4XA4HA6Hw+FwOByO3xwQ0klqSCfZK5zdZ13XFbbAnbvnaAyR1YpkTnb7/T3vOU7udfqwQNthLgFLpoRTYBc7x7jJ/2Vkry8UDyJHt4lBJE1E4EQFRbIfUFzDGCrpRNz9E4tAFB4IuZ4RSQJhJAkEVH8jn4PI7JaGjnHAACi+V2wCf8hp6sNlBgxiFTaJFhOnuIbbcE5KNJHTWzWUWXyaoOosixyEe2TvvX6r7BCEAxrKQuMEjtyzxDAKBy5vccdrObRv8qGQFg/iz9h+YEQwhQzJOsA4hkSSFQilyJrbtm8RqlqFUFmSKW3kmtf3ceivP/vc02987vnXv/jC659LyOomuQZPFMElJkhF4MJ4PEyRsqhJICQJaLPOEoCVtxQ0pM72/Hy33VJ8j65bb05XmyEjdp0EdNGK1wYPQvzM8Nq0RK0NXpWioNWBGCcsc5Imbm0pWBiqy64lmglKX0C9AbWCsfBUEgfYAapfsYsddKxpk2r64HhqPgHaCT+kEUqCRWAdlZIq+jH3cc9yHR5eDuWc+3tDa674gfIH710ZasKO/wwtFfHCx3MnmEcdoheJUpL0wD72OxwOh8PhcDgcDofD4XA4HA6Hw+Fw/GZBz679lnEiyK5c0cVAppq0J6yGe5NOOo7FM10sheK4ClSugOkmuRxGUXTIfuI0srrDKHyU7O7Trea0zTxaNB2LmcK8B5hrdIDRRmrQFXH2a/wVnPbjnjVUqlhCPRdRKRZzdQo8IsaxFA6AGbeiccyKf5PZKoiHZxa1gOo1PuJVZTftBVoGF2Xv0SOXO3gPT7uns7/VWUAUXohcB8K9QVjeA+aPRHHuXnRC+yBzf2sWXY2JwHyASgw6JazR0gAAEABJREFUvP0RCZtcUIkJTHRxxEi8ptPHbl1/4vEXvvzlF7/0/aePPTHFIY0jdSMYmZGAzGsRwQzhl0iklfnjWh0F/a6vL0dFNYOEOsZxt93mX05OT/N/q81aGkG9DCBX40XKP72kE2z+NkcxHD1+8YXcUij/iHiS/4lQGyRceCOo9CVt7dyTFNEiQgpSptQF5dGFCEeh0J3uixrz8aAVd1oAK58qtN3iVe7astSk3plSChwQOMrzDp9f6XuwpIldBXgsRQcn8fFYRgeOwRas/WuxRm2DpV+IqpGV2h4W7DE06iQeZyh2FmmsXJ2143A4HA6Hw+FwOBwOh8PhcDgcDofD4fhUo++JdHIYKOfO3fOLzs+OJQ7KcOFOZpLUYC7Loa/XcV9QDgXxS3A77lPAMXEckVxe5rPviHECrG0S2VcY1VsovkShcITi/xRhCwM0KgMgsRM0AsZuzA/ZC/2DT0ChH4VoVIY493Cy3xkOWCZGFKjaJOXLjA6iT6ru4HjIqTAmihJTwhFORaqSHkWAAAHgI3Zzl1y8GktlxjhJC94INn8vfyTOeDrHXykBVtd1Mh86u4JRGB4oGSw0JGxuBlK29jxVMBGISzqICI69OjmhO+yQnpoPx9jHOMQnXnn59R/8gSdffi2sT6fQ5UqYOApSEF2MJAIv+RBnBJqaCcwUccIiwIuRIZSahEixdFjdZLVeX7txI3c4m82GxJly9Y8zNRRKfdcopnAT6RHbun/0g3riP0FcQRyi0eZoDokuTNB2DLW2yW05wlPiNsV0p8BxddKI0z6RlNE+shoJB+/Clu0jAZP0caRSQ5dLLCU+RhUqcVZRXiGT1ijiVGLWTxTmApIe08hNlmRuymtg01+UkgofJ7A+TvuRmSKTvlVschaW5KdwQI8KtTubWA3MKmvUB0TmYBDRrO3vKjusHiOyn0qbYA2PBeFe7A0+NTF9TVo/UutKchOtVMYbpRyOkTsAzQMOxWaKU8IKM8EbkUJClbRR6ht0MTQcJlHACrkb6GO3isMq9tQZEAntI+51HQ6Hw+FwOBwOh8PhcDgcDofD4XA4HA8nhHSyH8crnq+xdXaXyZys1ytRF/gAPiffHX2IKaSz3fluv0tAmhFTmiQqS+R95SRoQv+Ji1xi1khgGmAfImtpGN0ksN+wUxJGiZhEHkoRLZhY/SBNY35KsJgQom7CHnhlMRQKCS7YEuKrpJgbFDAlKEPh0EsLy334NbJKaO8GlTnQ0mXKDnyTNrH/h+bkUJzj0d48mKjGYTXDEOYJre5piX+TyiungNCe034St2wIxrLgr6khc+TERHYPmz9fXdQp4b1TpMSe2ZMDWjydKtNgYgSqjlK9v6x5wxnCGRFndJw0f7rcTvIukdABM47yByTqQL6YaldPFLO4Pj05H3ePv/T802+89v2//b8Nqw32PWKH+5GZLxNxGkTWRWkmoCIZHGkpADb6EkpJEDd34QeUF8g/7Xe77fl2v9v2w7DarIfVarVeoypqJJBKEUyOR2+nr888LOjDrF5e+AE+wQ7pCj56odIc6mOAkavkABxRvKCfklRLzlBk/hNRT4iUQlyDxBSg2XWhYamV6DMJpWIVUgFIbbJ2NRnZogppcPrq/ds8nX/+uHK7iXoDYV6s2OCwuK9yREKFzblvs47ogjQtD2ivjPd43CEssFrQFh8Og4y1d9NCCcF4idoWlEYYqcOy5iLcMClziqFTeqBZHROtlJ4CKsWu6/vQQWX4OBwOh8PhcDgcDofD4XA4HA6Hw+FwOD7LyK6ivqdAE6J00vddvJeHa+g1MMVqmEWo2O2VtpKvXzMx5Xy7C/cPuf+hA/43J8ZpnDDtx2k3jSOOSaPpsKNQAugw40RZEbZrXRyKfJZt42dZi+JRLhv7UX37OHGwEmT2CYVASdPM0x9auof8o1IFiwSDhUsxgQCYXdyeiXPPr3ms21ObHfhLZ7F40Sfbfl/VPXCeGvWPtv9cyY0rQhflNshMCaM1CPMhtVSeORGgaKtIPksQmdkZC8UZvDfhoGWoVA6LhampZxTGifw0LyLlEegrVP0SuT6Gpsz5ulg4RZHZCmisB468BQlg6mO3HsLJ8Ornv/jsG6/dev55PDlJsQ+sfEFZnrD45BO79ZPK53QkqxFrRYM55UMkUNC4N/lbF/tpSrfff//87t3s275+8+b65IQbQRQtBq53QoQ6kp9yQ4oatd9/esPrLNGIuqCoxJjqyZFTVZrC1Ds0vE7C2NCocE49aQHGpQqqU6JtElUxIxbeRselMr+07Qs+LnLJRVhI33zkXCLT5zly3J7+Sb/yFVCTJO0mNAy12uELdy7hxW9AhDQKrUWqW11nJKPgcDgcDofD4XA4HA6Hw+FwOBwOh8Ph+E0AYYeM4yiOps161fdX8sZuNuvFkd277+s9TeZkv7+qesrpyYYdlOTY71i6P3uFgyOE7X6f/fTb/S77hpGiImjACpaZ6ETHoSvBcxAKImiAnWB6ElXpBCUqBsscYJjYWz9mZ76KhYhnGruLPIyX+k7Nmds1Xn846uGF+SWwvIPGhqkcCNpmX0OuFBJDmDM2Fs7lRcKOahlcAjs/MsdEb13kXojlUKLAgL6xeeRDUdvAZdCh+8I9LgSl3dRMaPMEL3QUS5ScBSsghLloDZ1hBAQJf5SAQmsx4yTlL3HV9TdPHn/h2SdffP5LX/1qd+0k9T0pjUikJgl2RFSVpCwdUeIxrgInABf8mwJ+EMfh4ccTVQT3aaT3XW82q/X65Nq1YRhUo4JZU0Y5WbImcs1JTHXJ9zw/Pz+7c+ezQzq5GHjxEeHlUJC03PuTLMaM7qM1eaHVYYyWJb0qcP6SxgVEieGiMWWsySXqZx4SCkLtBEOYk+qOdlJX6ywOGSfa+15y+UORHyI9ZGpIHHNpQVkCFT5JUOhfANq223OQxqE+QKesx4fkBR0Oh8PhcDgcDofD4XA4HA6Hw+FwOBwfO8QptrVYOfv9OKUUPhzE+3Z2vr3knGlKZWd1YO+yRO2Ry3MydlcmrHy2sRvH7O+bMJFLVzglnahTQNHhiNAJ9QFiJZ20NylnVq4GB9Zg3gmKn5FjIQnJQwkByYgTehO9wQItU2EWv4LlMOZb5hdf5qks34wHAYcVsbrMGxdvS/IIIVykKCB+4eaZcPTOBwmN2J6gjBOI9sTUeOFLXkgoCvki4iiLaB7hA0stSOm1zBB7OmItL33EZW5fYdK0uTHPEJzFZFJHNJNJ+q6HftjtJ+jj6ROPPPflN559/fUnn312ePT6nl+V4/DQdSlXKpzAiCZFzUSC6oRYqCd8+CC1HHaHpJioT9jt8n+J+o1utV4Pw9D1fdd189fXT8Xnre0C2GGekIhw+/3d92/fee+9/uOL5PIQQnk9ygIJUnWJb7LfK00kUESVGCX6kegViWJMBAt2ZLeqBAu0XqHLnVDfA3flfE5U/ZmgPAYhtMFcRueTxaz9F9JJaY3y6wdrlodcnBBqIBv5Fh5WoNHALpQmQWwLrO1otJEyMaVjqmPUXjEyadGJJw6Hw+FwOBwOh8PhcDgcDofD4XA4HJ99nJ1vs0uwSJIU9smHQb7JNJFyxiXn3L5zt/16vt0Vlkn60KyXzxJGEnZAqPvmAcx3LD5N9mVShB0Q0klYkiqqxok5m4NIHJAzmAgR9IH9winoCRbxBI84DdXL3KiYaKgOJXvITxZcRv39zekBEFrphObGS7ds13Xlc4kXM4tIM2efzEPoBAsiUxgw/BdxdvbBqy2OlNyeKyQY3QRQa2uTtzMcc7p+QLpJc8dCBAlz0omF9CkRaeoTZ5yByjg5TsEJRc6AOSNUI/QE8ionjLmBr26cPPny889+4Y1Xf/D7h2vXcuXZTtitVrlOReiz05kFXsAiOGlpyJ0tBzhkkapq6FNnaeAj4ziKHgerZ/R9P6zWa5b8US7EnEvAsaRYZ8ec/vQ51/dxP+62u+35+fbsPN+ur/Sme2X3pw0zmlSLaDGxkFlnORcoaFfintraiZCADrWDwox30pA2+EjHoJKgGtLVzqoQMvDB5mRslTkErYZS+HBcsAsYJ8EoO/eoaZWtFh4wjLLIvbS2sFqVNGoOYhlQgNtZbox9jD3zIKvEFn4a247D4XA4HA6Hw+FwOBwOh8PhcDgcDofjg2C724WPGpczTo7CuSZHsR/3QJQSol8AfwpFjCTwQfUTGxul8lEIrdsPjbBARBPSN0miaqOKBtWRHK4AIX9AWDA+9DmzD+zDbly6sIymEsPRuBbx0PGd5l/Lg7Ghm5QYEKH1IFMgF7DwK3iVl2Q/NJSIOpWUIzQKfnWKGmLOevnhApGV8NEBm3ei/5qWlpSncSwZFiRIr4SlCM0xwgxwUBwmn+Rbx9QhlVWfurh55NrzX/78F776Q4+98BwMK4rQNE6x69NIKjBIojlJInAAlqRqIWFhgtDXdKGXHwITo9I0TYn7EyKcdEPfDxnBFDSARTUOqkpkYYtgEj9he36+3+3P756fn51N+32+6LMdXmcuvIFQGFkEakZJGCfTNAptANPEkYxUngitMbV3bD8URg+TfKBfDV3XjftRInRxeJ2YjyRjtGk9+sSBeCEFJxy8lEQCCjNi1P09y/g1JPcz638O4u8UtI+Rjlxvc99P1w8mXROO3uRQ0EVZJszS0ohWqlUj5CMqQVi8okUSkzMHYpx0fW5UxD/B2PAhHQ6Hw+FwOBwOh8PhcDgcDofD4XA4HA7Hg0XsOGIBq1PQ7nMkX6D81FJMhFLA4Q1YxqARfkhMHjBvaJrUbRg1rI5RNDAkDFVRBS+TBAmFbsKOSTtfvJmhU7GTABqsgykHfE4y3svSIVncrPr0NihHOaHoAUAlu+D8Rkc9xUUSo4mwAzOf/MEl6oMW/3tKJVRQcWCzRkyQ6DnlKVAvnSGlD+NtXxKH0Kg3YDGSmidd9KCFgggwDeEozSvanVKuN1wUMZAoBqlZhGHY3Lx546nHX/7+L7/05S8NN67Fkw3rJGV/Mwkd0Jsy4URSWrlAtZxQYt3oF8raRhdDSpz1FKZxGvd7K6/cELphteq7QQhYYV7W7ecYLbgO4sRqPvvd7s7tOzvSONmStAff87NMOsHKuxIAxxmaAvEBEvcDKU37nMGs1CMcgpwpHS7aAvcmi7tZc6pfiQzUD9y6xilR5nbMOAkzIZorUb0+VhztHUovU/62/UW4GhbkFXtRq9b25XIqieXzB8+l9l3ueZcqBFST1wQ5izC/8fJB8jAJ7BapOcU+lznk1pkHKFbeSvDAS9zhcDgcDofD4XA4HA6Hw+FwOBwOh8PhcEioilAC6+hf/sl89SwVEiWSAzsSiTeATIdglzGLTiSJqIHMU+Dd9EaqEN6KUDnKHniAopexcDfyo023gj3Js/TUK+y+/IsItJAiRdTQC8UTHcrl5jAVxgJ7uy1sjUilKIWliYPRJk7ZCfFILIviR7YHNUFdYMVy+6cAABAASURBVPFyel6hkNQ9/bbFv7qYG096ycojJJYPyDlZXoZVNUT1aaA9s3V3N+D3hTa7UFhGdCCFyuWZXcRsIpzSFCj6Sg+rAYbNsDl57ouf+/xv/aHHX3oxnqzPximGgYPoaPLyx2Q0HCwZA7UqhCVJKMirpBQkYg6pLWAaM5hx0nVd5Mgt+W/f90JyOtA1UVjRi/ecXnO/2+f77M7Pz27f2e92437U6hU/06STcKweGBEBRdCDAhZRbB0ND1V6FekUKnEnHSGLSJ5PXK2oaIZVP6ymnNXjlBH4qIgyJaEhBeF54YNQv1hQH0rvgEfb5YfkfDRPhdJBm8rQQXyfg6/3r29yJA2XU1uaF8SwCB7WkE4SywRhwBIeSe5eLqXSlAoQSYGro5hWonTScUt+ELI2DofD4XA4HA6Hw+FwOBwOh8PhcDgcDofjAORHxyiuwWiAuiU+okpJ8J8obBBIQQgbpBYyIQUoQVMOCcIQEA5LJSJUGkeBOSMLu6T1PttFUM7BenwGY8YE8WyDsEbs6UI6SOXMYKwO5XAA2JOYbZDGpQABzFOsoXvuoSlgDJEj/mXR4VBWR87II5SU5kDrZYblp4ui7VyMI47pWdoq3UTuj20YpXjhRbFJWzQaj/0FbHIDsERi4TzIP8a+D/2wunHj6VdefvbV11/83Oc3N2+lvhsTdP1qHCfVTZHMYEYTGoeh8E4stk7DPgmhOWaVjF9P4unkCkt1veuGYeiYbiJe8CNv2NQHqzikubLfj+d3zrbn57vzLVFYptyQoj0MP+OkkwVQ6GakXcP9QOKQRSZJoyo+bT4GiagC6aChaCdimjS5YIQNNObbTWMuvVxiLcmLOqlKE3uoqAjL9FTe3IdF2xiVA1VxmAefSK4ceTWAhkC4RG5CRBxispIwyfgGSVqxlG2kJkX/dUQsJMaJjFWATjpxOBwOh8PhcDgcDofD4XA4HA6Hw+FwOB4KlK3yEjsHjIVh8XTMZc98i9REMSG5CGKapIkdzBpLhyA+5AmYi1AdjsIMaXyFsKCYWEidUHggHEHlkKnCuiZJTmdVEyjpkpdpREagSJpkt3Uq0SGYwJBSsmfaJVDSBYUUE5YpkGOX+Y6xkXYoR5qfimyJMmCq+ouoeVSiDNa80XIpB2a3/XDQFBXdgaAJwMnYI/f0lPMbid6MkEtSc0ksjJMkejJ8267vqRAgPvLMk0+9/vprX/ny0y++0q9P9iPVJ5wm0jfgqEzyBGTPNB6mBoqoQpW30VxibgIrI8T89Gma9vs9c6VI4yQnQBknXQxGJFre2wRySoynwJV/v9udn52d3SGBk2k/QiiqE1qmv7lIJyFYSJQwcWCdMTGBS6gmRdKikVGqRLSWPGXZzepJ9IEUTYQTRJ2NhOhiyZrS3eSfSP5EgizdK8TMJ4jyprMPHwXpBCIctoB7p+bD58uMNHOvfJZihSYSW3tFQxuqfWP+RiRIPhaZBUnFD7Gnw7mRmtaWSCnNrnU4HA6Hw+FwOBwOh8PhcDgcDofD4XA4HA8GHE+E/HrRuBSNb1Q/K/2BIa7CSegmxNrAhm5iUAURPLLJfbYhvyWdmGd2xqko1IF6mX0GNIpJUFkTQBVWaJki1dPZxoVQsZPiPi1Pt9A5MxbIPA0YEC518opSQzi26z8UfofpiBxGcgF7O32ohZ2AAxmOj0YzQVNSElWiDqVQ8uEqXu0QwvHCjixFEUwoJgqvJnuVseuG09WtF5//wn/rtz3/hc9de+zWhHB+vg9918d+pOo1Fm+5JuzwMRZhKWg9UFYKWF4iEUSm/GFKgbkQqeu61XotTAaJuWMEJWjqpNx1xmHQ6Dwp7bbbu3funN+9u9/thBiVG8MsLlUIn0nSyRFKh9GSjEaQiy3nMmsfcWydKq1TexYosXiWcj1oCieU9WBSGZGDKknAJw2H1DENJdRqSgmLynu5sL5+rByFWTNp1Uc+InWTAK1qjzIFu/znHld9pC/dkE6ueEHlgBl7qzBHsDC5hGRn75IwJBuXokTT6YmBZpF1PqKOz+FwOBwOh8PhcDgcDofD4XA4HA6Hw+FwfHiQzxKr2Inuomfdk7I5HeV/5NfNvnUkngmFQ6BwGvRXVAmgkCBm+/mLjEf7ISz2zIcOeWe7BdsIgYNvYBNxRryTS+9tEWUpHxSQJiVS2C8S9UMd0uq/1jgNRqwod7REHktqaMLHXAj1qNfkBIlFlESqxO6QkMgK5HuNrRoCWuyRmqBDL+tFxy9P1zyRoQiclHI2ARWsb3Jlj3ktIPW4S3HzB/ob5b/sRc4O5Ow/Pnniked/8Euf/4EfePTpJ8Nq2E5UkXDV7/cjpJHialAtixrdSfIUjR2iL2CkHLCgHBaYyTg9IU3Tbrfbb8fYDRRMZ7UahqEfhq7rJNmpiuJwMWHDtrGiV4ET5lflIrt7587Z7dvMOCHdnVy0Rnuq9JWrkk4+KmGOj4zYQJmb5ociMrdMdYQwl+IkP3GVUcqYthgJuzWNHF5HjhkLTFMYuVw6KcrI9IIQglKKuPMR7hAL1wjNbZr2+ZZ7oSlQJCRleGAROKG6xcSUS7LhY9VAgXkPAhDCQWydD6DCopcYmwY44FngD/N+qegBzS+UJFVKWWCRKISWnHPYl2j31fR6CY3YFbmskBuzcNMgHDyzNJ9CSqJaQf2a0PpirM1KFYqg6fClbPOhjmg10FHYrsgUG+thik6Ow+FwOBwOh8PhcDgcDofD4XA4HA6H4wEh+28oUoHj44cIY0ST0HjYwG69wJF0VOsENU4IO+zJu4zi8pym7EZO7Dokjx+72YN4/dkRGdrwOlfxBqKIFCwOFr4Ge1W77GwE9lKr05Z/YwYCe0CDOqWh6C2wC5MlFqJoXzABgp2jKQRjKSjdpH2uXApHcggb2QIMy332s28c94d4Em2IF01Z4k/yzsLxoJeLwP5kaJJRBEKwsijE7RtUiQOLi1lOhXvUrimh5Vvj2DWXMdBfjl0DxYmvbmWwaEviYzZmgbJA+DDRMCywTAJ7kQmxix1TEpB4PeSs7hN0I2LcrK89/tgTL7zw7Bdee/qNV2/cupUfP06j5gjRTHphNwX1tEtwnCqGQGGRat2T9HHeYnVmo2VcmkIaSdGn74lrMqxWfd8HFiyByicqegyz4pRzcvbm7GCVlGnc7/e7/e78XH5Sz32stUoaS/6nv1IbuELgoqvhWG9+mICr9vmxCaIi7C2Y0zmEUoGtugcaT4wJaSkXodXeZCo02mZVhyZoGRamkrYX0K6FaCTCP5nSmLE7z7fK5SjnplQVMoJJoqR7sDo+Xo7CRQUOTYSde/JOLjoZm8ppWQTzR8IhrUb6U23Wql+kXUC0JnQkDTGEA/YOd3wRK8sEjYGUlidqIqNdpX09pyaB9eRKsJP+sjIEU1GSkloSE7WlSNTEQlxiXp72/Q6Hw+FwOBwOh8PhcDgcDofD4XA4HI4Hg+x93e52wfHxQ9xkq+EhjbYhCg2kPNH6AoFcgyngmCZx33OojDSJLod5eING2ygUE4m/MyNAtC7UxQdVKlimR88Rmg4sZEaKKIWchss4OBKUQzgiyW4WyJHZME40EfPIKfr3QvZGSw+YSQCEohkg+guxMmNKim1Hf6qe45zOVIQiSqIsSdESVUkn9XlHcE+WT7IblusTcwlQS43lDyStEvFCiQAgtKmFbkPUNwyJ3wi7RtpGMmfoSJEBlW5A5JHdfp/PG25cv/XCc89+8Qtv/OBXbjz5+D6knSQt9qxzYv5rFIc0NHINoOIlwuzRalaITiKFAkKUkfeaiKkw5l/7YaAwHX3+22mFad6mlObCY281KlLNH8f9bid/839pmrjVxEIsKpW7sHo+M+F1CqtDZUuOgKqOivOkIGSQiY4QkWnGclJCm7B0UEVKjnUCSqsQ8gsV5H5PZQlxYI0aaSrTNBF30qg+nyIGwkIACo8JCtUeTTWJMFQtIpWBCXNuylU4RY3sSZEjujcseSUaDlYunX4otCu45C7h0oTJG2nHL0onAbpgtYZHBRCdFZZAcjgcDofD4XA4HA6Hw+FwOBwOh8PhcDxAnJ6siXRSBRwcHxeEZXB6sgkPAW7fvv3TP/3Tv/23//Z6qN0vDqJxIf9TlgmyBEYRFggmgiKQMA0QLJgCLGVO4CDOTv0JKwMEmv3xML8Wjm3+r65Yc9qiKppQclEi/oSZF7bZuR8PHhVs4324BIVEUrgrtjvfduqr1MriceQgLc53xOolrxyLJe7RKj98oyVSjqacs0pJHvf0WoPSSIIInqhGAdcJJQ8w+QD6EMfd1HekKTJOGNdDv9lce+zWk6+/+uIXvvDUSy9ff/TRka6NJQYL14jU6OUYQYf1LGpxW0Vq6QqNcAbJk6SJCSf7fT5nfXKyWq/4rKgKHVaF2herAZVEboHre/Zx50ePuz1huyXSyX6f/8q1XdcljTSi7Ih6k88Q6WQGUctZNpXCXpKgWyyKJF+CqGtoA68ssNkdm1ApheGUTFmFmSX5fhMzzKLo3kjEHws9U/Q84NLoOuFqrIyPFwuKyb3IYoq2Ys2peEr1sJ7oyONCG/MGA16hj4Pj2YhBS6f0dfedn21MIBlNtMXZXSsXh5Mh5d1JzKVadR58OTocDofD4XA4HA6Hw+FwOBwOh8PhcDhu3rz+9rvvf5q2hn9qAexayxkeHjTef//9n/zJn/zhH/7hlnQihJEke+aJfiAu+4lpJ6h7yik4gm2M10A3odXnmH84wjgJi2saVMLK3BttYU/gQv9idUAWIQCUl6g7/wvDoxW2aKUXljdN8wccbyHN5ceZKjU4Cb+csjEWT71XnI1PHFC8wNUHXB36HPZCjqoOC2AqVKGiECPnxnGfncVDiAPVqSEOjz7y1KsvPvvFzz3/xuevP/YYdMMucQQdJQ8B05dqVjbUk0qNazRyjOHBv2V0XUe0BJYkyR9GZon0fb/abDYnm67viUTSRnO6uOtr9W9yEse9qptQeB1+RHNqYFbKjG5U2slnh3RiYVlCo2ZRftOsNAZQothHKG0wWTCXC+4pujrWXI3NoN1BaR65OPlfyKVoOkJwyBiCAFcT7njArQ6PNfuj1JNKphPelV6I0OAYme/Sp5c03EMYBprTZ4cxXdx5XhmzRNuj2rfgIG8UuSdyDDIhnch5ENDtFofD4XA4HA6Hw+FwOBwOh8PhcDgcjocBxoFw783HCzR/4s0b18IDxXvvvff1r3/9m9/85g//8A+3xyWigeqYBKoRiYUFJPRLMCYANH5R3oMunubLnnjckdp8joWxUBzNIRzGOFmI8cyiUtSzGpLCwcHmhyNe6dnt59ffi3QCEpCovUNS8ZD2IGjkGqxPeNj4JgxleLRfBahckrkyjBQcSISgomQBEvwmxRhiP4XUn54++fKzL3zpi0+9+tKtZ59eX390ZGpILsAISiGQKiX+9EYARulCF/rU51Ul1+GRbquiPP3Qb05O8n9r7IP5AAAQAElEQVSx61KV6TGGBCy99aX6YfN13O932+1+t5M7izaPBH5q5CMWuaLZ9GklnaCp3sg3tHhBM06AfkmliTDtg0lAJHVCwbliKNSGBStN9Go0VszELB5SlYEoUVTknnJyPkQnUFiVyNFV+oyWjZE/p6Shsx5+1Ng00HR5BpCoZQfVPaUqKqJkk2j8JjqiGQgHWSDP4tqqSjSh6YfwfvJMiEdyh0J/KQk8PL+oVC3ukk/tLmDY1M/yl+NoxRS6qEpSXMESlNr4UHaiDofD4XA4HA6Hw+FwOBwOh8PhcDgcv3mwWa9u3rj23vt3guPjhLjPHrl5fa0BPh4M3n333Z/8yZ/85je/mT8/8cQT7U+maJK9eROFw4Cyq55ii6gf1NC6euEYF8Q+HvMqmo+zck2MNLK4UX2c/aq7/UOYxX/Belz8ke3JIcwD3ByVLanvFkWmAeojY5sMMCWPhbfVHt3oFwh1gd6txqFo2S+aSjkvzRKVvef3IVrwQdAkg15QBCwip1f8/rOnpzaKEiVUcik7gsFuJnF1YEKpJ5GZQECRZ05Ww7WTzc1rz33+9Wfzf6+92q1XuzFRVC+ibfQQomhYYKo1RyUYask1FBgjG4nLnismqBAP4j5N+/0eU+pI3mQ95BTEYVitKAIOJqW2gMXOaQkoYak9IccnDhFDdBMWTQkLPYlGJ0I9+1BjNj004XU+hJaOtXMMlazQypawEgloQCtTGRLaUm5FxDvhLCvKJXFxZ1PwCMbbqlpHkrOxEVBKWuoSWEcZJ8IkCg89Zo2/US6RI9DQ9zA0xBFpkUr0aJpBrmgs+oGzxjy7eZgzhOyJgVVKGv6K/VqoWOEYDaWm2UIoyWHuapPVjfIgaZhKGGruoMmIc55XvTOmwtEUogyH0QodxIEJRxGUdCKiOlIz4dNQARwOh8PhcDgcDofD4XA4HA6Hw+FwOD7DeOXl5/6bf/bznwq33aca2UX2ysvPhweHd9555+tf//rP/uzP5s8//uM//iM/8iPtr2MS0glF1UmkPsFHWx8oiLteuSblwgX7pLpO1XlZeAkKUDd1cyTcGyJnkq+l3f4aiWPmbMWZBzUcbMJfAucJKOIjWF9BpB4a/3qVVDka66dJAMxdsFDTKYktPuHQkGTChwbO2TjHAAvuy7ETZrdM1TkOzX/1kRDEDwwUdgei6FF0/Qq7mK89ufXIE6++9NznXn/u9Vfz57gaMGT3MZ0/jVPaTzmvVMGh+MRDw2WZF+vBC2PsuuyLHhlcd4m/wgnoV+t1/hdYHWPh4g9NvcU2BlN9bXWyE9dkt5/45pqOBU9g7uVH88mXW33CpBM4yhcI9w/EVF+KIMSCBE2jsLqtyhlCA8l/pzRKFKKQqlhNhJYEccD0gdAEi7FjxwlBsTCPTLtmWSQPM9AQ7plgzg1hkgTu++LsF5WZMXqfNlGcEfKEkzer4qgMkXmttduGgyRVUogInARmJWpMn2Skv0Ur0q9xqYXFtaohEtUiDoV3IlQmZO0tIicOscv/dfkDQCfEJaab5Cz5FJS3w+FwOBwOh8PhcDgcDofD4XA4HA7HbwKsV6tXX37+F3/pW/QFZ2EQHB8S2EQveP3VF1bDA1M9eOedd772ta/93M/9XP78p//0n86fFyfsxn27PR6L95qIBJWBIv7H4itceE55e7rExDBFkOpSroDF12OOVzz8GiGJFAtHkMDGE916WS8SrjgEXKCAghLhhU/BeiYkI9NYVswS2cb1wRK5osYd0V/FZasCG1j8yYuEwbHU3rtVkqzEpSeInMTFBBctYvlyQNxRxkkh33ARQCSWQS7vCCHSh77DLuIwrK6d3Hz88Ve/+gNPv/7qI08+0a2GSV5faAii3ICSRaylUYPpwDykEYaSV82LlM/k+Z6mInhBGicDIcaOSSczakgRdMBjN6xOedZbmEjjZD/udso4aQI/qR4H1PvW9IggjApR4Kc1vI6g4RNgU+6hfoDaUXChMfVnP+Zcy7kXwhTptM4ahEjTLHJfvpQuQ5V2WtEkVE4LUYpU8AK6UmOu3uYfFKD5K2iTavIu7RHpeYO2sjQxz0O0P5qbLvsEDC1tbv44nKXhA2YUKvdIIuRwcwp4z7tB826RFWuggXFggpRvkN7R7tp1cehXXc6LlCKxT0TopiXzORwOh8PhcDgcDofD4XA4HA6Hw+FwOB48Hn/skXEc/+W3vh3M8/qp2DH+8ANsU/dLLzxz69Gb4QHh7bff/trXvvbzP//z+fNP/MRPvPnmm4fn7MYdsCgEC5oAe/bMl6xOTCiME7lEtUeC/ljOpZe2qCVzx/7BhyAb7pN9bM7lgB3lIEpMFNn8btwY42w0d8WWSyKRF9oUqAyF+ck5rA2E6smVoygOYA0OIacFjSEit9BnlJQDLLRPYk3ZMQLJB/b5fixgRo++ZUU+MhF3AjpiiLD4Rz2dIuyw2ECM+TgxTqDLZ2anMK7W2IcbTz7+xEvPv/b9X3n286+tHrmWf6KoN7spKQ+H7pGE4sb3TamllRxkzlEuAZBGyp64DVP+QOomJIbQDev1arVacE1YuCQkVEZLCf2xUNZQ+Qfir4RpSmPDOAnsLsd5fSvpKnQWQewiC6xQa/p0k05E0CKEVhPmQpIBsawSpjyY7PfTREonwNQEgDBTQqrXV9ZYKYQ471MQw5yewZyT46S2kthPH4THsayOBRAq8Up4OwAzWpaeFOZ5GeYntLebtSllgYT7TnL9wo2qOR4vuTLCEbKM/WkKm8/su77PHUviLlnDCknsHWIguqXicDgcDofD4XA4HA6Hw+FwOBwOh8Px8ODppx7fbNY//4u/kj2s7sf5MNCwAMrYID/866+9+MjN6+EB4Xvf+97Xvva1X/iFX8if33zzzZ/4iZ84ehqFboisMiC8kxk4vI75jUVoRBzIbaSEUPbzA0c+wFCOiN7LnFRSPxwyCtC8ovJLqjQP8TXiInHtXY/6XJsTdNN9JTjcy0ld3NryQjWeCO+0F0mOh1Vg4UMhe/aVZoBC1ACLfRON9kMeYCTlgo4dwjCcboabN248+cQbP/QDT7z4/KPPPHmexu2du13oiLGRIvMViMOBUnBCUFpKFqgPvY3aEQqbqMiNII7jiMIIyQ2t6yI5p4l6wrwPZgslEt6QSDF2ooiThFatJ/LJGlxqmlg6JY3jNO3HhTJK/Wz/O0SURDDy+Z9u0slVIZlBbJ005ZxLUyDVCsrJWONpqXaHXiBUJiljKdMmtItpYMi5WKO1xI5ZB0LzaYJ7LRkLDwyHxJEPoL+SJBqRsZmCcE4AGnJNUYJpuFoXcW6EjNOK8VyAy3vPejON40MpUqkiPm48spmK1IzUdYRPZgWJWMcMrPJPMvLk3Ohj11P4rkl4kaXaOBwOh8PhcDgcDofD4XA4HA6Hw+FwOB4ePHLz+vd/+Y1f+uV/9e57t4Pjg6IogwTO0ldefm41DOEB4Td+4ze+9rWv/eIv/mL+/NZbb/2ZP/NnLjqTfPYRRJ9h+RuqgzMy8SI2Sh0xhJahAhZdZkkiwEUsm8WvB/veQQUOhORg9+NgLI0HWlzNcwevOmWbL4tXwdm52OgFzPykReBEc0OIEiWpQjVRYYzsSu/Cpx/xQMOiMossH1quUP4vqvc515v1qjs5efLFF55+7dWnX83/vZx6mGLsoSd6wTiNKZhUhrB+EohWCuJhjZBHwEXOcWKQJJEkyRW270kMgeothNh1fDhFvgE9miKTLOoYmLLELBjTRAId+/x/ujlLshRKwwUfqgiItBrWOOmioBN2xGeFdHKEOQGpkg+UiaPsgVzeOftI5kQJAvmciEUPiU6fyo31ZoWqEU006aBGStYCae8o96cQMtpEfipYk7AIIWQUJjvOx4SIYd1tq88jnKqlnFQTGezwcQcBpRqdGLvP/WUcC/8w1yQ1pMNw/PElicfQKt8kiq+k7D5uQSC8sAixdOCWDUcibzkcDofD4XA4HA6Hw+FwOBwOh8PhcDgeLFbD8Pk3Xn7/9t333799+87Zdrvb7ccSXcJxT2TP2Gro1+vV9WsnN25cv3H9NDw4/Pqv//pbb731S7/0S/nzT/7kT/74j//4JScPqxXYrvJQqSQWz4EZJxLfoA3lECC0bns49EsXV6YxSFrMblWOiIqB/YDl5hHasy2dNSpMDNWN26pTHCIttt830R3sXcTbHavqRgB7DwBzdDbxRvTX43Ej6hc4PPgwoGQULkN2zFE9yyINQjSlEGG4dvLkqy8+/eorL33xS48+8/Tq2rV9CLnzIJGLUYQQosQswilR1eKIOnrDQuPBkjnyITVp45oXYmI06YE+YyCEJjwHnySUoIBNZRJqSNQKUouK9U2mXcZ2mz/prYPySA7zICV7lNSGKNGoOPKL8iKg1MMrkU4+SpbER+SDB5Px0a8Na0G5Q8rwspZQM1uKQPgSpISj1DAouiU1MJUwS4hPgKVQuH01jRlN8URIcdq0iRM0CekhKE+tjfDyANsYh3OadU3leNDXL+IuhWDFbBEhuykzC0NR/2C6HdPban9EhIygFxdeoBQZsuZILL8GJViJQNNUejuYRydClTOqNKBZ8oFpRvpjshdC7ZVFgUp7RmgejVY4UujY3E7VgriqJCU3asK4uUOgeFlE6RNWEzW7bhgiSG2casgsp504HA6Hw+FwOBwOh8PhcDgcDofD4XA8ZLhx/fTBsiUcHx4t4+TP/bk/96f+1J+6/PwudkCkEeYEmOMfGm4J77MPxX8vjksLayHkgQtdfwmWQVSw4ZukMGc6FDUSdUKqlxZTaGkqRdQghjbAhP6M2DIkMLTnNFEoNHqM/hvtoUHdmOwIPnypKs4BJbyOCi4cOzmEIitg0gAzXsBHtVe/VW2ZJXUOQJx5fudsm5JkdhjH6r2PTNYQgZM+v0eEDvvYrVenN68/9tILr//QD7z0hS90165NELfkRsZ+6NOUIpMuOCJSUlYAx7qxABoW6ygdp1206RcJk2kaKTWRItes1quOWCc5HZFvRV56EGbKOEm5AutDxJhrT76EwpZgKXVTqsn3nPbjNI6hRGvhbCpud/HFi7yKRHiSzMvPJd94bjwkbaLEE74KSj3uryS88VGJc+BHxre4tE5yVUfWo4hSeEmvICrAmHBKTEkKFHsJmR6BlWGEhYUQhKmT/3IV4QzslHhBuSwlwRG2VE+G78nFQYyDMKvz2uqZISa3+wCvdt9oy1fqiZV9kmdxfVDVFhRZmIbkwZdxOB1iLglzjuhRE8V5CkH0gejSKMGoJO6QPImJeLGQOzQ3UmLGRqq6TKjaURzSKElXDNgqnVjOtNH16EFdQ51JOVW5AcpvicgrWK6uXXZlnFhb0uagJCHLsaQNjNMWlJgUwbqJ/LYRhUiYnztwLqTYDzRO8WdQLs7UHWpzORwOh8PhcDgcDofD4XA4HA6Hw+FwOByOD4fvfve7b7311i//8i/nz3/+z//5zxvvywAAEABJREFUP/kn/+Q9L4ns3wNyzEOayM8485VX5Ya6dX55i+K4bH7KfmJUzkpxOMuefXX8s/945iZXV2wVXMHEfBOLaAIt9QRMX0Tuo8SRwhWIclECMJd4eVJq5BCyI1MfHQsPRpJXhTiqN9/4KtB4VMsPh+5sWNyJrur0gSUnPwq3KRz1puPBl+yqninJqKpLyyWK5PY2HgETe5g8wK5ziMOQC6QbhvWt68+89sqLn//8M6+8cuOpJ8J6vWUdEtY/APZvsyYIEXdU70AFG0Kj+SK/hHDImCmuef6YEyDiGapuwhFsuvz/kuzEHnOqYKpWouwk4YNI1aOqQrUiJKJFJNE4QWOTKLFBU1V1HySUj6o1sNSKiJqA0Ey6KFF1isCJPpw/fkbC6xxApTn4s2aNZlsSWo4WG8QjJVsi4+SKJPkknB3uf5QthtIjMbUChAxn+SusHy6eFALgR8si+ZCwvkS/wcUnmq7LJbSkypBaBscBaY0qN9M2dOIOzjRMrOdu+gecX3J/aPvBK0AZJ831TVwrTRnoay4vlb7HGH7cM3cNDxCUlfgwlb/D4XA4HA6Hw+FwOBwOh8PhcDgcDofD8WnHd77znTfffPNXfuVX8ue/8Bf+wh//43/86Glzx58wA2TPOsjW8Zkf9JhT9CJHXxtUIs5VNISKIEwNvMgtK35E/nXChUDJIknzWD/VG4qgFAr9Pc34IDDjh0CQUB/YJLJ5t0vcmRgudig/vMiZMkEhuSSLJNRQCIBYOkrKARS3P8IAfQoxdbE7Pbn22M3NzRuv/eCXn335lceeeWrq4hmOIeWzOvOSV5ZGDULU0G5QqTZQ+C6zNJZALqEEGKHkDatVjJGlTbrirK8xdyh6TxBOiDzGHtdJ3BLWkgAiMU0TkU0yRg0f1kaVqlI7iHpzVEYL3ZofzVF0VGMiqrrJcXxWSScVnE1TrlaBdGh2Ke1TGmNMwNyjooa0uMQOotQ8kUUJlYFR4nEVqSOipAStPdAE6JmF/nkYgIhHqwO2ndAVtG0KNWf5dqb/BCquhMbRk6vKzUG5QACWj+Hjy6jDuDyxkIS0T5iNOrEE/jFCH3OMiGMSmxc1XmEEIacVNo110ynhp7EfdjgcDofD4XA4HA6Hw+FwOBwOh8PhcDgeTvzar/3am2+++a1vfSt//ot/8S/+sT/2x46e9s1vfvMb3/jGj/7oj5Yjc4mGeCRQDC7+XX5ub1VJA+o4nt1AA6uwM1q0K6D4H+1MEUTh/fyBySVx7m6saQ1GIUGmUIgflrU2cJlmVK4JcDwL9dWqREqbwqtsnAe44okHUIZEIzXwiYWHoGAcCC39RrJVEmS8Ho7eQSI1pC9BpUOkizjmg30/nG4eefaJZ774xnNvvPbi517DGCeAiTgYHRE+cCIuQGKaDzMDcBY9SWFBRuRLOOSd0DOZs4KcJuGX9APB9EUs3k05TetMGxtEES3+hpzJShwojBOROSlu8qJoIiQV+VXKSx5B4iosaiLUk9AIVVzEIvhMk06qngYrwCTOr2mPaYRjBV+vq8WEGjBH/5nR1KhsqCFzuJWgNcFISPhQEU0qLk/Vh+ZHoLQWqqOWAxKga6FlcvBAI4A0P8GHTs3FWNw8XZAtqMS3xIwwuTDmr7k2dEJLYyqK1I8oyiaHN3k4a4LD4XA4HA6Hw+FwOBwOh8PhcDgcDofD8WnDt7/97bfeeksYJ3/pL/2lP/pH/+jR0775zW9+7Wtf+7Ef+7GDX6Bulq8Ej5nrEI23kcoVcrw5GcUBqoySRjMEGtmKMAs302qeIM727TPjRALrHOFmtDSRIrFhRzAsWSFgcSV0T31zC2jfFeCePBC8wpF73uHB7NA3PQ/9nKo2TcM7Yr0TVUGBDoZ+c+PG6a2bT7z68stf/tKt55/Z3Lw+9V2yM5AkRjAl0hFhMlFqqC1tzoApGxgVydzmLYwcQvwPCmPDVI9hGLq+X4S8aRkhNc5GqUgsQ1JvKOIrqfm8rOGVvzJNadzvRZpBmCtgAX06C6aDC7mgY/jMkk5EPIMJSsIbyHk6Tmk3pT1xCKK0NqtmwbQ3qvQGf+d85PhWkTkFSsUqHRCXU5ACyLkudVf0Zxpq20MUYAXv8zhD8ofzUppPKDov+jtoW0XjYAhXrtY/EKZdeVwJJ1bJfg+Km3F5C2n78CRnE+MkCvctdCF3AfSVSCddVwRusM0gJ504HA6Hw+FwOBwOh8PhcDgcDofD4XA4HB8a3/72t998881f/dVfzZ//8l/+y3/kj/yRo6cJ4+T9999fHFf1EfmMyktgLIPfNB/wCLEAF+5V8aXO9tcXOgrvbYf2CeyQFiEMEyoBjX9zxK14mLTiqm7eZXYy+69Rb6mu3KK6AZb8j0h6JDXe9ocF/N4NE4gFScqXIOQe9vcm5pGQp/d0s7p5+uwXP//Clz7/1EsvPvbMM1PCiX7mOEkh5kyesjt8moRYZKyh+oQgNy7hexqiT1tsLYtAGCW5sLqu6/u+43+KpohonEiEnGDMEhD6gumglLspRUF4CqaMgk1UHX1oYp6L6tCEcT9O4ygUE6FG5ARIVJ1W3QQagstRAsrDSDr5SNgHokKTEmrclDTmAsFpzB9CYOEKKthEtIFyifxjJQ4S70g7AShBYYLQhkA5E/l/nZzIxVwYJ23WhxmV7SFqcpJOvJQXU2h2qFIubW+pfVZoyVkAhz0L38R4dlb7uXTaejnvm+9FmLJqXVldjRjV7Jz5+UfEf3L5TZaS9jhJKoHKXQkRDyQuD1HdgoZc4pGCWqEyBi2mUHh4uEYOh8PhcDgcDofD4XA4HA6Hw+FwOBwOx6cb//pf/+s/+2f/bP6bP/+Vv/JX/vAf/sNHTyuMk+zF/8pXvjL/sapfiDdXqAgSaARNlwONuhGWQh3LffVyaGICR2rPQ+V7ELeDHcoqVlF80UxGqa5M4aGEpaQEKk9mccheBY1KYgILhfgg7t8UTE6l8clWmYx7+zLB0la+wYFLV5ywn4QH/NDzG1rhmVmy1LkdUmgzuTj9Oa8jdj2pUARcXb/26LNP3Xzu6d/6b/3Oa4/fOt+R+kf2Bmcv8LgXAsfIvAOM7C1XrYLiAm+TVMQXlNXTqsvgzK9N7BFyMmf0qxVpnHRdeyvhm4wj8RzkFkwO6VD81c1ba5ielIx6ghaaRYgARbsn1BNAaRRKeRkG9oFDz6STmpGNMM4lUgufQaUTYYlIHgWuR0GjHe3HXCnSxMolErUI2thWFsVI42B1okJDeifdrJOwK/KttHeAIOIyLZmoMn1QKE3WazxkTITUME5mhAyEQpIRNZ2qVIJCvTABn2BUHOiobURoK+LiaXoDFRTiQ8moZvNuYtGlzrggXHbaajVTZ4ywuX5RaG/LRDAYiCMWLWDXxQ0ElHrYZlK+TX7P/IZCNOE4O5grAEkpWYglOTvnBMZcS4LD4XA4HA6Hw+FwOBwOh8PhcDgcDofD4fjA+NVf/dU333zz29/+dv78V//qX/1Df+gPHT2tZZz8g3/wD7761a+2vyZ1BzPdRAgV5oEkKQk5EkKjJCA+0xJmp0OVPhDoDvnswZ/Kd/uAoB7DqfWB1stqEJ8GsSiisCs1He7S10c2nlWUR0Hlp+ARkQdo2APmycV7MkVaSZT7c3k2YVlUk+MjiQ5B0iPtu4Qj8TTY74/5LZn5Q4QfZQAxj4AJGaQqkHIVWa/X169df+yR5774+dd/4CvPv/H6e3fupBiHdTeOSeMkyb+UuVEpS4ixPnzu/hZ+R/l9riYz1zjBrov9kL3WRNgQ6km5RdE4ESqJKpGABl2Bxhdf+Qn5xIkuMdZL1cggd7z45ZnFQjkQtJYQxYRvHph6Up6yhFAILuIA5PuEzyKMHITaEuhLLpYRcWLSVomeNONzFTBngmqiScdEUbgIpffh+oNKy4BIBJVe6UwsVyP3gfDQUUyuioMuhtsUzog6cjwUlaZQeufFpcEihlXiFmUTtpQ3OVBqf/sXP+I8hMupdkocK2lv/lHxG/5GHByEHiiskugL0dGExoaU86UDCtvz7XqzDg6Hw+FwOBwOh8PhcDgcDofD4XA4HA6H4z7xrW9966233hLGyV/7a3/tR3/0R4+etmCc/I7f8TvaX8/OzpM6z0F4BwDzCA+HKMonUBgDwGwG/SjRcQpPBe0+kxJKoI2q0pBalo8sz0nlIGCY7bOvt2ncs+VukJpoL/ykZVyVMKPKCO6LRyJSC/fhuJ3Hl/hYcZAqZNWX/JfYGwCJBBUSkp4A8k/9ej2cbG698Mwzb7z66vd96emXXxquXzsbJ5I/oasASxwTFrGpeT2TUQgmeCKng7FbwlGXtIo6sPhFzpvIIXVE7ITulohmQpWT6SYiSUIEl07c0Ur4aIPdVMZJWnrUS/CdaRyncdKz6RGp3IQD9ZDGiXBNyp2XuCQ+iT32s0g6aSlkxABjfZjEWZjGgPWXMOOrFSkj6R8kYI6UH4VPCUa80MA6Fn6plEioTCL5+WNuOx8bYNEG6J3jRS/U9pRHK9yM6Kfcr1mdr1Ip+hUhVMZJCPeOs3NFIM4FXSTpx5vhkWuL8lEMzEIqBR8pto5JNAnjUVVtmGpHH997+70nn33yUL7F4XA4HA6Hw+FwOBwOh8PhcDgcDofD4XBcgm9961tvvvnmr/3ar+XPf/2v//U/+Af/4NHTLmGciOfuu7/xdoJKCIAa6OBC1P3xpiZh/ksMDQFjIjmD2WV4QPDAAy8hyFXYnImtgx+KisbsBpRwmB80nQVsT45H3ya0btlwX4D7uuhAfuTesipXB17q26VMTQFY1gZSBFacyO5+VjyJcbXqN+tbTz/96HNPv/Hbfsszr75y6+knz3b77chxbBIRBRLrT1iKo/iJ1bOcREAlaOGI+MXy+XBAOmHdCkyxVwZJ12tgndCE3sk+63G3E8qBcBXK34W4S7BAOVLqSYQxTOOknEaMEwoGsy8MFQh2W43s0x3e/57Il8ijlccyTZ9B0kmjvYHKccAxvywHMZLAVlhLGg6vC0xYEn5AV0RvrDvBYIIcxEUS0oGSGFpFjPtupg8rir4LWI0XdSjRDUrte16xLhKnp5E5gVBy7uPNshrhSBFJTGl25LJi4/eXLoWj6rAAToTYkr4kto5F46HaFpmE9O7b7z/57JPTlPq+Cw6Hw+FwOBwOh8PhcDgcDofD4XA4HA6H4wr4lV/5lTfffPM73/lOdsP9jb/xN/7AH/gDR0+7XOMke94DkU7eQWD3nTIIrqDzgWHGTKk6Hylgw94g/YKZAMYxUkQ8uLf5qmeEFdD7i6ZKTWRsjuupDREE27tbvI6PBIdck8vYJzgTAhFdD8BGnuWjxcXsExBSgLCBUuxC/q8Lq9PTW889+/hLL7zyxS8+88pL8XQTuvju7dv73UQe4Ngxc0NVFArJR3zIqmsDTPWYUXxajoGkShQWZikVlgpIFJvsM2b2SbB8ZG2TaSRVklHUE6JBmGZc5eAAABAASURBVAkZqZJbsITgCXZ5EGKLBtNBoaRoPB07SCFc8mM7Bfu6VVkjXOLrx6X2hNJZpolSNU37/f6zGV4n1BqGInHCWTwJyQCUPyFqONgwJ5QQQJ2NMIy62MpwYHNnLd3YqdgFkYnK8fBpBJTAZfd4AZXrKd9nAh5LGhRe8qzDWGIfE++kiRkWK41ryThRXK5HIldSg2ThI+aeFS2pXHGWnBKqdwH/5b/41Te+77Xtdtf3J8HhcDgcDofD4XA4HA6Hw+FwOBwOh8PhcNwLv/zLv/zWW29997vfzc67v/k3/+aP/MiPHD3tcsZJxna3z3+/8bO/NCXxR+KC5iFedYvPoNQSkPAsbfQMLL8sAahiJxAqVeXyyBhVdaU5VCI3yDf5kKoLFco5c17JB5UvuSru7cZduI8RP6aUHH/i4ggmZgJoMZDXv99sbj379JOvv/zil77v2ddfPXn0Eei6szt3WEsAYj8w4WPPKiZ0l2iUAnIOJ7mNxlhStoA+86rMABYziD3RTfqOI+YoF4RrHsuR7PPXyJFuWvWREkynfU3W2gjCdhC5B2RCROKwPNM4Cu0EmXESWJtEHNwSrIfj6ZDKSYAYriwtoc9GzA/Z73Yj82Pkbp9N0okQ07hOJH5rzlMKslNiKAE08XSMgxK091Dq0CBsEmIqJO0XTDkpqF4KhCp1gamhF92LEPTgAUXcpWWMhIuIbxHmF15403uCyR4XEtoii4VcDUVYJjRNm/hl89/lnKJFAkxDu3dInRazckQpdGrrUUMxBW3SylvL7RamBKaBBT/9X/3MD//+/+7Z+e7aNSedOBwOh8PhcDgcDofD4XA4HA6Hw+FwOBz3wC/90i+99dZbv/7rv57dcX/rb/2t3//7f//R0+7JOMk4P9/mv//3/88/FR5HCC2Jg3VC2rgMUE9ovyKG4vxjz2Cy30AjsJR7klyBUUPmTsYQqoMUwxEpgEbFJDTO3JreojqBVWrlE2Cc2M0RGrmXUJRXPmrGyTJftDjAIo7g7Dcj96BEpLAfiOVBf/ouDsOjzz711d/7e17+vi/116+H9XD77Hx/fjZQzB1Rr0jTRISPcZqMfNTJbSGV17F8bxJVeCFIATDwEkd69i0Pq1U/DEJFCBwfp8iQjNOYP/RdL+FW5AR9zCG3RhknAPV1QcgRaUoil8KFMEpiimgKc046jXISJTcrryVcoM4AsSi4KMb9voiy9JvNar3+9JJOoGmXDYGBmhmLmnB1TxOSFE0a6YiwfSifSJ9CuWZ0NfEcNPBOEC5BT3QciEQt0vs3ZcnhdSbWqOlYc4ZydhxZnUdiLS1Vg9prgzKJLgSGD94OF5UA5qolXM9jEkkWeRTlB9O3ND4Qtz1pGLXHDNyaatAgptZQT5prrVL1EDsi6ChjZaEVZE8XJRjKfekaWVoKF+nHUkZzENur+Zo0n4k9AixowykZhbcmOkl8w04IaAn1jVighMSCkNkvIoLCP5FICb1CTBZFKQXjJalskogwlSQJHYyiBYFonbCkElRyoeQr4s/805/LebXb5eY3eYQdh8PhcDgcDofD4XA4HA6Hw+FwOBwOh+MSFMZJdhH+7b/9t3/f7/t9R0+7CuMku+d2uzH76f7Lf/LTwdyk4rKvVA7dFK971wUSQYNUDYp+hniZq6MabH+/OkirXzl7TnEhYpKwXnMcF/0E2MbZCeKuLCcfISWwHzPcC4f0goNbydfUuH/FIZwqdQaT8mcqcUFyJdoFnd26MHngog8lpg3OxAWqrAjdlvgd5CwGJoQA+42H1Xq/J/d9zvnsuSfXch+7zfrkkRuPv/jCK1/+8vOvv3HjySdT322nCe+k7OAfoCOmCfuc6cGR3egTFomRJJoUQRRoEMckfI/AkW7yAdEj4fKoRYIaaEUcxSVKziBOaskV4rmobkYS8gkJq8SoJJK2EqYUTelEQ+rQK3flsyRoGulF0pjyB/pvwthhhD4oHyjfvYtdT4/g1Bwt/cOaoCIrLMeCTJERDY78oeu6YRgkUg9RT8KnBnjZcSHdQKHX6E/IBCHWkZlQOT+WiVXeQw8UrgAL2nRGEhM9JS1LpYSgRZ/iIDzyrBTSR8Hb+iShhJIqAjIPJFQBqg1jkYW0VmOjD3NpD9ne6d7Aq51m55Zbc5/WHBeSDLb9XNMfKgNMW+7yZossADCKozB3WP6IezX+IOpKuLws/85sGNhtt//l//W/+jd/z7/x3vt3Hrt1MzgcDofD4XA4HA6Hw+FwOBwOh8PhcDgcjmP4F//iX7z55pvf+973siP27/ydv/N7f+/vPXraVRgnGdk9l//+7/6T/3y33Re6iGobxCP7+Y8wONpzzLFYttCzA7nRJ2l4FOr05DukMNNQOYorekiv7Ej9SIBz563QX+RvJe2EGWHlogTC/NdjH+rmfn02HPqOiYIjggB8BXYY0jhlXy5pk8SuT3HoT1bXHnv0seeefvKll194443Hnn8BVqux65D4IoFkTcYJJVQKcYEwEhlEOCJEEqCvIOIUFGJJItWgnSxiM1wBQFQtggoRVKpAIZswm6ATnof8rnwRvWPldsh1FzGBWhpEIaAQaWaie/Dr4DQSl4Xc03ZbvRsQ/wHmIXsuJ51Aw3SRD/I4+doPg0mniLTFp4l0Mq9N2P4jmhZNByE6OiyEw5QerjRJyEfYHc9ByToNmSJ6Mlj4JuWxnLEWRkfZSYFFPxDh08I4KcI4xjPBQ4mUBWpQMbzonkk1Sh4aLDsgEKpQOWadgvxWTgrH35HHGCyKVVJRIvNOSCLm4BIQ6RPDf/K/+U//jR/+6vn5zsVOHA6Hw+FwOBwOh8PhcDgcDofD4XA4HI6j+IVf+IW33nrr7bffzk7Yv/t3/+7v+T2/5+hpV2Sc7Mcpu+e2292/9w//98vfDrya1RG4PAXaI7DwQALMSCfhyHM+mAv5YfK7XoTCDwmtPMAHxszlWtRPGp0TOy7uWeRwP6QpkaCLQ0dsmC72w/DI048/96U3Pv8D3//cK6/2p9d2Cc+zj5a8/DhRXJiJAtAQOQNEf4Lim1BYD2B+yCyajAQpYW5HZWBQxBlyHmuojcihUUwyReVNSOei63L9LMF0JIgPqsRJ0vvoe6HxN2L79qAX1kcHuRdTQDjGzUSECKJDUAmwakQN+gOFGmIEkZZu0nr2cUF/MRINqZsw10QQWSuFJTyiht3ht374SSd4rHWKRA0e16aQQDkUTye/v9BNKLyOFTPJ/WhYLaaiTSRKE1jIArj4KbCO1tYIyqhqnlMKVYskEtckFRbMko70sIMbYgcXMs6kd4jMUzFmFrP80tTWQjloRJYHBNKpQu1msP4j3JpKssGq6GLBcxDjxSkvHVrLMesoHo9UlErIkTphNDPlpgVmqLz96+/+P/7xf/Fv/Q/+e2+//d4TT9z69FQQh8PhcDgcDofD4XA4HA6Hw+FwOBwOh+OTwM///M+/9dZb77zzTvZq/72/9/d+9+/+3UdPuyLjJHvqsmMuf/hf/0f/5994+91gZIJwNSKIeP2u6PqEw+/Fd61+abhfiZKaQkjt0YfJzQjiJjZKRGARlA8u0wAdauwR/iqyII1rl3zzuRw5ug8LQogqBAXH6aFfra+dnD5685nXXnn1+7/v2c+9eu3mI/tpujOOY8L9OOWTRo4+k8YJp8Q5WZ3+YH5ekZ9Ai1+TUo2vdKQy8PtjA2BZkVwzIcb8N3/KZxHTxdgbLYkkMO/EnOzYJgM4og2fQ7E1hE1S1DHkbmkkdRNhsQjpRERXmGtCCVM9kiakznGlk/KVU1VSKIosOf/k/PwuElJHiCz6FvzTpzS8zoxxwmQIbFRG0DRlci2bmBCCXCRV0gdVEKbyCZrqpMFUjJl1pM/J2Ry5kGpuhvaS8CEoax8XZuynY7+qSA5/LYJF9gUXP8kL8t1Q2CZRg8w80F7uQN5q8aO85mEirRpcOGygdTpCuen4m7DNQrDobVJvSgtU5onkFD3jH/9v/7PP/8Dnnn/12Ty8PfaYB9lxOBwOh8PhcDgcDofD4XA4HA6Hw+FwOBQ/93M/97WvfU0YJz/1Uz/1u37X7zp62hUZJxnZJZd9/f/sn//i/+wf/h9aTQ7DVZy5cIWDF7hHAdVLeOlZF+DhcjQ3qDIQxaWOjRIJtsIA8vl+Xly39IPSTihwDLliMZJEgghKAAXDUQe2yIpA7IfVtc0jTz/95Csvvvx9X3j+9df6a5u4Hm5vz1lYhEQo8t9E4Wf4OzE9+kIMiEb7UOe3+HpNjKSkraiSLHzKyAIm8hPxTbquHwYinVjIFOFtkLbKQtuifGgkDjQ/Ud41KumhiXGT78OaKSgfW0JMZKEJ5ph05M+mI12Jg1NfpJUzaV4jmKc7p3bc74Uik282DIPkknBo8gtaWJiKTyvpBKCVH0l6goQ/ET5KQuWScEnMLicBk8jVki6MVFpUJfMVwryKy6JtHoyNME6NrSPxfbTsjyX4wWBBMbkn4ySEA5mmKu5Reg5TDQLN4cCMk9g9XLF1lC5kKRLVkWUKOWQOXMoHhPnnyP8FjdQl5W0yKvw0tEoycTvsYo2kszvf/gf/4//Vv/MPvv7ok49+7+33bj160/VOHA6Hw+FwOBwOh8PhcDgcDofD4XA4HI6f/dmf/frXv/7OO+9kx/ZP/dRP/fAP//DR0+5L4+R8u/vVb3/nx//C39/u9uzOm3nm4NCZe7hxHeCIiMn8NLzIr2yBGeqX+8DDQzqB47FHApjAQ1VkEAYFYiVC3BfXhrkWNbpI0QMIGDWCiUTVSeTdJb+suKi7eHLrkec+/7nP/9bf8vzrr8XT9dm4208jnI3ZkbvbkbQJpjDuRxapYCWSfE3f5z+x6zjyCZUpefw1ag2JiEymSiL0kUoNaQQO5CrRI4mdoe8lpI5KFbDGCTNF0kIcAQ6iiJCOCzbu+VQkX7AIH1AK9yJtkgqFJT/WkgYSTQfYd18YJ0VKo2WcFKpNyXNJKv3Z70m/ZBiG1Upvbrc6ZJzgpyG8jkBYHVWrQ0kPpngzEXtIuCYTxzUh9g3iyDFgqF6LNkno+lD1Keg7MUaQVTooBFGuWyR00/UdGvFKVEyEnVQITdEgQWXyh5brZKUbjQ3zILEgmiyqsiA2WlKlaiYjoGktZM6YkG2QQhclap96MlKomatBOpo2PYXS9WFgZLalHkv7oNqnW+kq126hZoWLrpOqCPc2UQWRiCUWc0XpA9cArU8ITWiryehs3MskDt005Crx/tu3/72/8Q+/9jd//Ilnn/jur7/92GM3++6qWedwOBwOh8PhcDgcDofD4XA4HA6Hw+FwfPbwz//5P//617/+7rvvZm/93//7f/93/s7fefS0KzJOss/8e98jjZNf+pV/9af/R39fIuwcYz8ceE3NN1++zYQuGqpBe0047uhM5Xf79970i+aJUO8D4YAucwV8NKwVcZvGi3+a+WD1B04wWgYcDcdRXNKB9SCaeDPRUVbCAAAQAElEQVTqqLXLJeYLILMxEkeMAej79RCGDtb9yaOPPv7i869835eefvGFG4/f6k9OJuKkZN/+GFgWZLfdjbs90zWyL5nIGav1ZnNyEriedF2UR1OoGmOc5FP3rPMhEhQlqSpbYoE18q001SwoMgxDx1yTwswo/JVGwGLmlz8m6KARXeTnaWS1Eaa15L/CBcn/5bMonQGVrmB3I4WT/EqsbnI0AIieb5F95FpsklqIKTmTgO8m4YGgYajEJk/K/T99Sifi2W9CwQT29weOYyRhjSYNpsOxi1JSChBA1fZphIyoGgcVziE+E1WdxZOlMs9jNR2rBPqIGRvpAdPQPuDTpS5XVh7UEEQleJWJyoT7YqiV+3+Aqy6B5PyiS68JnB/8AA8mspxIm3CuRKo31GHwBzAGowxEymlqhwTiqXDVynXyu7/63X/33/n3/+zf+FOvfumV73zn7Wunmxs3rsX4UeaGw+FwOBwOh8PhcDgcDofD4XA4HA6Hw/GpQPapfeMb3/gTf+JP5M9f+cpXvvrVr1502s/8zM/82I/92CWnZQ/me+/fvXv3PH/+//7X3/j6X/2fvPvunXChY/fwyIHyhLFA4EPFL7iSR7VhnOCHvNUnhYZw06boXg7qBQElNbooEjIHJUwJeXWJ+UD7+0MXRDsEujD03fXT9en65jNPvvyVL7/6fV86uXmjW6/Xp6f553G7DQmm/bTfb0fSUGAPb4xDH/thLVokgXy2pDsyMdtCKRfE7MCiLNBZfBwwEYqWbCEaBH1PUiDC5FDFCq6ERZWkhOkJRgqZVaTyuXIYkAkmpoVBRBNNYaIPEqZnUk5CjKrXQ8obxPqg+1ukIDDUp5UoQsGC6RjdhILpmH4JcyY6EWshJZgDaZOjchLw6r/9Pw2fGBCvIv6RhDISjDKgiiYJNC5UaWwqU2FqMiS/ESTLpzGRTk7+uxvH83HaIo6xUqYG1d4RLRMJshNhWK16Lo8AS+UPvhuWOsHnM1GI65CUdKPYscjo+spwBcbDh1H+OOjvriS10l5VCDrJ6jnEUiXpe37TcT+KoJDGJ4qxZ84UXMqcwBLCq2YVtNS2ZFGQqPs4YMzFORnIbpE0hA5/HqepEcXheyYjJFqZ5kYnb5NMlgmW1MLE8ZjyoUrAU5YJpiHE02641q02/bDpujUHr4pcjTi8DtUQCnPFdUL0i/KDc9d3Mqz62Ak5Tu763/nv/5s/8sf+7dNHruXPq9Ww2azW61X/kEUpcjgcjk8S79++m//euH4aHA6Hw+FwOBwOh8PhcDgcDofD4bgCOApBOt/uzs93u90+H/ne2+/+u//Bf/gf/aP/W2giVByqPiwdqco40S/l5odPXCid4OVKJ3wb/u8yMQiTkZgab7jdB+a3RQ7C0t79IAGo4WfuG8fe5So3YoZIuRyVe3HRnRdaD+3BiJGFBpDSL97kAOxzzd7jnhy2XXf9mSeeevXl59949blXX7nxxOPDyWn213JIGPbS7vfnZ2f7cZeQGCer1arre1HsECUScVbv9yNJp3DoG4l9U0Q+BLFEvDBJj6JfItyAfMKQ775e93x/4QwIsAmQ0t6WWR8xNNwmftNKD5Bz8z/73R6Z+MAsk5E/G4tlSh2nTSUkcm3oiOcQJAIOlFeYRduAWFz+IIQYYdjI/aWwNNQLM06Ec1OKBg6iAi3wcCudKNWmhBFKRsxpfkYpsySMFP5fMo0LIUlwIQkhyq6y67GEkCGdGegwzLsb1TgJwriQAlh0SYWgdNAIPzzr7ZMBmCaSZrVxQ0TsRGSRohIzKKdVUSRaFxqP9NEX4oPSaa56+yOHrJAVYCxFnB28DMB8EjSBE4kPZiwcQBODSdjo8VSJIe7IKIenNAXrVvLX//d/+k/+f/+v/+b3/g9/12//3b8tf+VR8E5wOByO3/R4//27weFwOBwOh8PhcDgcDofD4XA4HI77xJ07Z//hP/rP/v3/5f/x9u0zOWI+OzhGOoHDb7pT/VLX54J0cvB7ao8j6FfZcn+p9MDlMidX0hp4QAChphQf/sFrSu4XWRRIB/nAvwNJAaA48aPeru8jUzpiP5w+9tiNJ5944Suff/5zrz330ksn16/fPduN4xjyn/24Pdvefv+97Xab3bfMnIir9Wa12XR9J2oSQVkjIrLAohKsIyLqJqGJoSPciyJMUrgmk8XKIY2T1UpkTthpTEk2XYLUxtNpBU74rCQqJMWFnbAi3yhNSDyQ/SjMhP1ul0Y+UQOJUOgWfiBIDuavXa/yETEiGLtkVjPNbS3f5F1G4rKoxAtpTIhkSwgdq5uEJgQSzANLLTgogk9LeB2cy5wcPwfDhFw1ME1cLZNSUua1dtENJIQ+VzsujZJ3S34Kk9SQSp36AyH5wEwQJXzGIBkODYFrnvczSs2ngVtTAUV56mrJFpqKsM5yqXcchonZJzMkFs8Jlleab9QyqRtrcw+JqUNCO2d3zv/j/8U//o//5//oS1/90ld/5295+vknrt28fu3mtWE9BIfD4XA4HA6Hw+FwOBwOh8PhcDgcDofDcTHOz7dvv/P+9959/xd/+V/9n/4v/8V//v/8r9tfzcsZwz3dgsY4gRJ/pAXe49LD3821PQ+hgrrLH+0X0wMQOgL/OuMH4D2f/hDiqPJKmDN5opA5cOl+Fu4KsRqiOKpjXPUnjz56/fHHrj/x5DOvvfr8q6888vTjq+unw2p1tt9jDBOGszu3t2fn++0+YVqtV0DO2X6VP61Xse9EnIIlJGDajxJNZ7/dsWIFosbiMBmSIPIDRFLhr6SjM5F+yj5NokMTNqen681mGFb2Uph/liA1+XZtDJ0iLqIvj6nkUKubYJwTpjtMSYLdkITPfkTmO5g8BFbxFUlwjP2q7/pINBcJJiIEBn1caD6rmopwWYq4S2CWST8Mfd+T99tKhGJ3NMoo4V5F/HCTTrAhRM24XSAEGsQidMMVgkPgYJoSjkQSkKg7/P+qbyGRUBoGBddWpQAhNqFwZj0PGHcFJGSKin9owpATM82UM/gpzSvcO7DOA4fJdJQDs06yaPqQrozSgAJ+CMbJJVQ+/IDZ1d5QuB84D51TuSD3OzqAxAojgSJmnHD3EAtLUf9gqQ/STRIjDIV1FoEiOU3a9xg1JQSizn3jn3zjG//kp/MBoj91XW7WxFyjMEYjxwaSPk9fBmTMY9ZTtNvl6odKEiK9rB7C0MU19JuhXw1EYdntd+e77Xbc80vEBJBGlBRwm5mk70iQb8SqT2mP07jph5PN6ubm2mm/6hBUDItIXcwJ7eJq3Q+dEt/obhymKoV0++7dO2fn75+f5851DGGb++4Jx4TbNG3TmDj2WW6XHeQuKKeWuIL5CKkZ5UO5MZoe1D5nQ+6gp2ngwWUT+vUqP49+nPai+bTPiaUchtTBtBngkZPNo6fr66vc0+cXJO5f/jmRQtQ4jYnjcOV2Pp3vd3fO79zdnece9NlHn7x189GTzTpn6rjPney0G3fCGM0DkYQ/ixb6qNCwuLAxRdhu9+fb87Pz3W4/SvC2bljlLigXyX7c3757ts0PDjBxVzVREmiYyMV0slpv1vmhHUANokalHCkU3Nn2fEsD3tQFCgl2ullv+u7awCpgQJy6KKRFphvmRFLsqA6oF5zGPAJyoDkYxzweUZixnImU+dNuN+1yeW/Ww5OPPPrYjRtr0PEjdrFUZlH26nNZ5LLpw3rVU5CpnE5pttQdJtYzE+MHtSaZiVAaWsDmc2lKGB/CznCRSPxARMKjF9VblXHaDIjz7f5f/vK/fOrpp25efwQ45le1QvDeiRTTqzlYOYKFaloE2S5HusI5F97HyjPXkTwCw2rIlt0//Wc//Yu//CvPP/P0b/v+HzzJnQQql5OCkBEjdAqVCUsdZr5wl43B3Xa1Xp+enOYeIbfX8l7yUrlR5N4gSrRFuTxohMtiJ9VwcA2OFu7iZbrY37lz59vf/vbjjz95enJCLyKsYLY37D6diFflTvDdd975zne+k/uGx598cr3eaLNhVipbHWQA5s73/dt3f+27v74aNjcffSz3phw8kN+ZLLmY++DdmO5uc6tMkXTqBungNZhdqHJr+eY4rN4Z97/y7rvfOT8/D/2IxGWUyJI8OvAtmUpO5uhul/O0j/HW6bWnTm88ff3mtW7IuTYAhb5kkxWxJ/JjVNG4fFWSMYuq4sS3pKiWcYJwO/dv+x3mHiF3P9zXTDL2U1dFNSBBvIvTu9P4a+d3fvXs3dvbXc6/RNTtFfcbPTE2cxZv1qtrm369jv1A4opY9AWr/V3s6n7dX7txeu369fzT3Tt3z+/e5WLqNicnq9Uqn3L7vffP7t5hCxqF/q61It92P25vv3f37d+4/c73pu3dDvZUMjTESAuJksk0VyDzO2dKzv4VpZc07yhkIL07qMyZpoqDaLaNXOo0d7k04dBz6huU+hZyflqLtqiCNN5KzZ94iEe+neaFDOyFSy55I8E7+SapZJTeNlnfUmo669IJTTb34msOf8hjS+SeW1pN0okNd+D5FfJIzl0BWc5TUBG/JEERyXrRLkebD7TtK4VmdkT5q2NeHtSzxUB9A41lmCsu9BM80g3P37j13GNPXd+cTHe3uJ823eqpJx9/9MYja+g4y3hYZ563tGjm2rM6ZjYqcDzP88H9eJ72omaovUASqUMkIzVMSa12VMZwCrnq3Dy5senWuWnkttPsCuGRLN+mI0sn2wrblHKdf+f2nXfO7t4d99sY8t/3tndz3Z5omMWYLZHVOuTeAOB8SrvEjSbbCUPfrTZiHiJLA3Jq6JLcmoaT1bVbN/PfTW6RvLuCDIae5nK5aLIJ8d7bb5/fuXNy/fojt26dXLuW+0MW2sOS4an0R0GrGU5JZB6lG5QJjixPoMX0ZEVWLWyoU8vQjBI845448+gP5mTcee/9/XbLEyMZtsXuoXIYt7vtnbv5V6ksILqS9JHOppikUs9t8iUdi+jXhuPAhdRqKFM+rV0o8VQXnbd0t2y05IfRzDjnKogiocTlXMwMmtWlZWLKrC5Y/vCROiXR9SAwQU19ZzIsEwXizHWeKy2uEoXj3OT/oDvthpPYna77PpCYaeR9TUD7bCJ3QKGMNEkmoVx75U0lT7SVp5Stwvw/XV7Q+ajsgQBdAwFV5gxNX6W5BqoHSj221haULTQUFJiipqapZATL80aJB0xl1wUzU7OxaIOyWMI0HGR7/DzbmWnac00L1O1Tf7qi4ui5/bLerLRI6Y14+00+QAYr5iqTdnnWkS3VaZS9I6OkVQKpBppjJ9TPqL2zvqRWZVoDkKebKClSh6c5RW/D0rugG0mkWooWcckpnjGQpd7TOyPFVB3W1/v+keHksdX6OvRDLmKyu6UEEhUotfWUjYOOa6i0V5BoytxaqY3bRrpYNiyIkZbY7ovVvlrYbMjrU0E737LFblFvYUpTGUp1D9nCxKmbwvgKbo843xiHsnbRjCNTk5g2Do+ERwAAEABJREFUVVopZaGDpx25hz0fd3e2Z3fOz++cnd0+u/v+7jzQjp4hUjeX57a5Lqyk/EoVnaxGastDlAKaZFzl15h4fE30gWZ00qWwhabqwUgFEPfZmsIx91ZboDWgKZK5APQfjeZlOxkuwhxX1eJyOMnyH+gEp5u9tPaq1o1KrGHV3A0UUZvW6Sa1BAJ9AJa+lvUqmqOJijLfKbKpD+OUO4qb3erJ0+tP3bjx+LXrq0TSuzQU8f63smSwqB9ticgagbWGUmSLLlUGSyibsaAJxa2dj9yHiz7FJG0z26g5/0e2cvIYvNvvd7zJjpYlkafY1PN2p6fXrl27ebo+2dAUmFcTUu4Z0nkac9Pejnlmvd/teSTngpYexNZI6+SxbAEEmzeIXqzYE1KOvLaxogl3nwfJbINvRIJWerSJFjLydHe3JX1snYjmmwy8aUi6yVyR8rvsaaGY9LbzmKbTX6qBnYSNlqYnI1j+00cpMZoO58tzPpDAdS5HPjOywUx9X083ygsD+ca0pVJqfEcbH/MCh4zBuZbkZZls++e1gy1P9qk3HHgV/CSvX2zyLaVjUpucTTPp/2xYhNKWeShJ1PvS9kxaK8+vxTU0P3Tg+NQ8Z5d9liK/PVEjI9tjoO2Y+S/fSnvGNl42NGMK25C0TpLXk7ZnZ7l5UR5v96rjiyCK7XYxVXpb3wbbrbY0AKRLCwjV2LYKzBWFZo+8UJu7kY6M9Y6tLBrle7bVOe9F67uLmna27tUIMYN8UkM9lYFObGCuhrFZnBMzOZSmzVawtmFZB6qtj0ZNNsASj588mvJ/bK7LLlFbu2cbftIPkzQ3Gcr1k2YeTeeQjRdR76aRMr+4jLq8JJWT2HHdoDmRqMGzEHWqBow8B3Ud3PI5G9V5AYxl0uVJ/OhohawrlpQfXS2dmr5Fb6KR74NaScF0/rVLQd2LbKfYZLPpbHWlqIeFnRaOrNIuH1/PbX9IunzYTMAWQKyOPH1+KP1hvamZF7UjQlnGS7oMVpMkNZc012WNMYhVwDUxmg+pJJNHOGqn+RhNqHnSqitwvPLQ86LgwEL/oDNC2QlNs0LplHpZCqFurdOFxzzzgG5IuZcTWW62CaHP/QHU1SFNi5Q3tN2ItZagXpIkFaP+2kzxzMSgrCzLR1AH9hnqwuD8uMxDQTMa5SlNOcB8LSuVcRot0wFqqssjwJTYwZ6pG9PBLGBUv1GpHtgOpmrwSxc4q4hiYAVrFDR/N4uUpz4U1CBbsDRQjjzKWTwGsgnY/LU1Dxqe8oV8Mu+N57pVmmvx5EEsi8P08DGkFEovlG2uKF2bNF31byCtiISmSJLNIGsLUmvQZoc8qEruioUj84Vk5lmwGf5kFyXrXXlU0W7abFq5UWgKHWRorlM6i1rQ2DAQwmIz79GFUG2sPKbWu13wIcjixAGg+RtqpSrZJoalLieEJlQC2OhUr91To63XykCx6KzArOtyNZohHCwbS79kbyclgmprWuHqa+sdAvcl9JWrBZcKfc6TslTm4HRVLwv3Or6BNXN9luWGDIWIOrmT1JW5sNQ6Ll6bNKH1kiVDxL5BSbb4vKWZtxOc8rgYlvnUfD8Ws2VxzPqzBcpwXk84/NDTSrLWyln3aL1/rJnT3Bqs7zTrwmZlTQU/ksbFL1B60vac+poHwxdXw9nZpW88ctuHCyD9RNvUQiguADUe9ZhdEIpjwmqLjQ1R1lpkHZeGxezufPTG06+/8tL3femJ55+/8cQTpzdvBvajpd14+/btvICc3WBkhpGphnmykM3dfGW2fDfrkzyA8gSTnjaS4xXFYGPLLbEpOOmsTQditcNkTYvMPvFGsoRJHpZF3SRPS/LfwPF0bJBKaKFRJEZNyQG+WwQNahMC1pVka/82U+VGzs5PmrDQiLOfOC8maVJm/yFNvaEsDPViRastA9Ugr1UPdV6AYqHaLExkFsTwkHSGEhfJegeJAzMr8mM0lE+UdGJ1577aw6L9lEAw85NQul2kJa9xz+Y3LWExEYRzjafioBagJkLuEmW2BjqoHInCwy4ccf/z4hXZKupk5wJSa37+ZvV6/OS6gEUBy+y8MXSDGZmzcxCT2RA2xlSNE7CxYeLPidYQUKaBshAWZDYDh13mcfBIlyy3xVSpXU8x5A7633DZW4vVBxAW1mGZNVt/EcsJETA1fTkn7eCJZQlPR/q8PkouOPYM8sIET/N4kZ7yMOoyEhMCeJSNZgXynAITy++AloNOUnOOgo3l9Ht2ePBUdQq6PKvJARn/1MhQ20AtBrlRdjHKLJE6oLzoMQinw1buyF7kaT0/WWdBsvbDa1ViiPO78nyYOC3UtXeltSQdF+jk3GjyqmsnbAdUa1PDhKFaS2RCyl+ZokgVC7J+obYGWe2g9i3RD4lfEYqKUF467sijSYnu0Lw4kSZ9wQx04ILOS3l5IOoxX09zcdCZBy0od1p3s6uI6DJaBFQ6IfuL8rhANhi9J+VMxwZ6LMOcObG5J+HV/WojgPSyPPlXXwytgrBHXFoSucjI+Atso4nbDEGpLLQgTkHDuiKAJcvSQRY68jAHZQ5Hyw+gZjuPFJ1UbjXng3Q0FOguJJ3DarUPuhTBt07mQe90uqqL3ZxAdXnK4ksEm3p1MRd2pBqJkhvco7BYj9Y+KVDuBkvB6b/xsGOA2Sj30GBpD141hQfDarr4J703jwnIBgfVICIedWTld/pY/puOma5H8rI5qkUjU2qzfo+9yWHC4EqvCxceNnsxgnYTvFzBPkB6T2pTnT0FjAsIjYEfJf4khl4tGpx15XytmnhBZkxSV9XXrKnAukI0f9/DFC9fxmb22LNGHw/0MiRpdyvyVEHtP42mhsqWo9QVC0dcXTRJzAvTTCwubGhygiYx11DWgK2XZx8Veem5M7MZLzbDoYRXZBdE4FGjI1oIL/fn1j1yz8C/JU6KdXQh6nqZZJ0kUnoTpcZqVSlZx6UWUBtvN3LTppGJPHbCOM0T2MjjPnBvQ6QTdmROLEbIM0laTeuMJ8mPSJplzBHvaZKcmAdC1moMoUzipGy4x8puF+n9E3+mn2UFLybmWWqd1+5ObiMOIevVuEwTCwpyktRoAeNJ8kJh5KXCiQe8TqKEcu50TT1BeweoM6UU6mqbrkWR6S/TClto06XEOmOSfzps2y+PaclmXRPFJI29OaNDsNXvEArTOoR29m29qi4OaMsHWeQirgNXa6meQefSklqykqWGRLIfqP4lSi3nO+UMW9EyBZIBvE6V66QCzN0lQ1ZiB7eYSDL42zIJvWR2z56n6e44nW13p8NmiP3U5YWb6e7u/Np0uuqlVqf6GM4AeQDV/zQRmyBFrofZYScmhAyBICMcmT3cpUwS3ZbYNMC1LebqFlccTDMbFCmh5Z6ZW8RVzY19yJ7LmE+k/86TmEzU+rJ3JvtzyttEtql6Wj2ESVtWtNUcsfOk7eo6TK5mu/Ntt17t91PMrkUY8k+8yQLYddWvT06yY25iZ9ia1jExysSRSVIN48RWr6gXiPYetUflt0GwmsvNhz8n6zKt0wad5rBvg2fB1CRjWJ+e5svuvAf783Mpeq7wSTrBjubrK3KxEu0nGhlj0uYOk5kKJbVa/7n11S66rCqKpyvMl/TMqNeTZcFtsbRjJkhoH0VWls6EF0aJdNEQqoKmZpbeCu3JoLP9Mnfl7i5aM7OtCFzcPN/gfO0jl3Iiw0kNau7qckqmLlu3q+wdY1aK9EhEAjcjP4+T5MtU168sC1Id5xITL1FcDZt89p6XN1A7JNZZZBMx2agIi3cub2qdfbRFz0RlJ+Nm4H4R6xIoU8PpDXE+cxQTkD8kHXeyg6Qj5mY2eLdnEws/0kyZl+L58h6Ccez4R5GM5FyIvAGHbNqBKlceTfIaEDXXPkJ+UyG7SF8tFBRd1rQOlMxbXnyXMpV/EdUcRe03ZMQTFwk0XWuYLbqEIA64XH0mmrHQ7COkfR7bhml/LfXrgRorUybFNOdZDQbxD9b/gw59NONIJOu77np1YIdm2qZDcYeybGxlBqW9aA0Ux7xUNqElxSbl4lAEjeHNa1LRZhWhYXVwv188/GLw1wC5WJa1sS6ERK2JaoRZl2PvoPfmExE2PXHoe+y6FHua/nbv7872YcxtYdptV8O0grSKOQc7eQWuR7kLBZ3EF4suyDASZdoo62ZsLaOS/W0Jj2cwNEVNXKVzaQ3cfZF50Ocrs0868nx3JK+tmHPW7UFp8qFZvbV+u1R1Wkey9RAtoC5q+clsiZxN2lGQoZdr+ggcKXwq2YhYKoPMzMRCpGVCesGOOEO7/Z3tnfH2tN2G6dbJ9RXCOsCpsC1iWbrSGoMS6xigpFr6euvuwHxCOePMAkGbV8hUXEZrrWDcRuQYtXqeVsc8qEWeO8bTYUWONOaR7kPO5DDEuB/TFvZA27zoUdnNdvvu3ZwVeTF03GzW/aqj6TuZXifQD9ivwpSrwl3cn6X9jlOdqgWEWBi01i9jaPaBJSz2odjqeYgkWlpQP2Iu89V6kxtZ7oSkPubuROKgC3+dLiVmFrciUE9uXpTtaecMjba0DVHjsBPlRzmYmNh678TmZ2NJ9yjmvnrD9v9+t2UqDr1GJ7ZjoiXazXAyxH22VfbjbkrCxaT+Jz+Rx+Zp058M6xXxTPq+C3fIrpjSfrslYsRJGtZr6gHVzcTvHsF4RepUQc05SilPkTqaExDbMvfHxAti7+eYjaW85sxTGMzuaSAbijb05J/y2iZnbM4aclyz7cSzlWQmpYx0ZbiM3M/nznsY8kvmJ6+vXb/z3nu7bCTkvjqidiO1z+EuRAYbtYoWMzXpuZNY8mXE1X5b2QG5kQXaQ5p7i9y64tSv8pL6GPsRcpUiAkqvHeXE3vYu1o2BUlZ8Oy7JSJ0tJ5HVw7dcJ2whSs0XWtIrwwIns+c1tmZmaYuWxEDKT5fampegxFKXxamJKzgtmqLYfkJeIZpTznzyIBcLA3QkAWkQ+e2CUE9kgTaNzMI2y53nM4k2fCExpGV5s2OylFqLwHUxpagdOwjRiAsymyKT0HmSWcuJl/ukO5RRqrPsUMugMlJCKR3ZQ6IjQs2ZUPdpBGV8hgrQISYEWzqm1CbLerB+rkycquVRjUUdqQ5+KCuMQXwzWn7YzCyDrZCUoaD5Sd5N/tisVMo2hWozCqkJdZ0TZKwCmksFZhIHpRPJg5JVfLSBRjYck89T0xil0ugLBKLS0z3Gvfo2sCy+WnvgWp2/5g4v+89ofOCuPTf700CNgQi2Kv3f0U5uKO4n0eoG5dQJYw26aEudsbGMUrBmRAaRrN7rUM2bpXlIDpYFpd2K1dgsu5h7KpQpQW8uO8vvIEu6pdHW0gAbJFJrGElW6hAXeNmzLUV5Xx4H6iyV8z/KPSbekRjMgpE6i2YuiTUHWn68ZiOeBtDRXPZqTsTJ5FleQqGa0hiBaXt+viVSZpIOLvHwgGrGF9sTkpkI8vSJl4T5xaK9IfKquq9Q0vwAABAASURBVPQONvkrSwuyqUF9XNogYpg1DO1Zmu+gNSVMagjYBXUdGKoxi4XjSIN1EgOmTpbF2EbOZmnYOlEKizVF7ROwKVmrMA2utu4KNriAVioe19TGkq6hUuyC9X9ltgAh1Kqp3QCoIWi2oU6UgxrJZdu55qByy81kRqLOCyM5SHZov6ZLUWLcaF6LlSOWuBhgwVZVuK5Y8vhVdOEBxJEoZrs1Tk5GYmdnilIHtDHygj+WWZL1YQF13q09e6QpqlYAW1CVyaB10VjKS3qtwMuNxhbSGSSvzeigYUkT5h+A9fbivEhlVgEXlvOcqnSs8GFRbaCpFNB8n/UHVrI2s2G5CsDyS7OC0LJMxMRfJGF2Fdp8W+fQRxOuJ8dQJ1CWe3HxNnXlG+aXyy10NRqbrSgy9JaVEx0/Fwkp6+SzF8Ertrir4JL7yFJBCLpSq7VcenDlLggBnU0vG0ZCGQjIzuR8zhMLMjxX6yGbPUSdnYZrJ6ePPfLYC89/8bf90K2nn7n5xBOPPfVUNnvPt9tsYn3ve++88xu/sdtuc1n3A5HU13liwowT2uUVdWMMs4NpsXS/45UVZl6UZTJSLuFAPOKaEFOrbAgsAieyb58i9axJOoXNbF2AoM5TAu+MZW2K19gilkGX22CSrRTczHtmDQeUDaDcEyfmJyLv3Mm3yl9H4q221QD0j25uyRMZsgLUAuJ9nroshzLVi22tyJ9NqSXYm0bOKNtuVKbJIbRH6tcGaGgPfrJKJ5CufqrUS7P7sDRLKFW1gCYQuhUTtL6Cbj5TU4ccsb2yU4sd3fZclmu6lc/GczOFghYiSkHKNmu1rVCnyrOMxXaXABwMrPd6+WOFF+4fsLA75gP+8hFBjfU6yNjAEspQ2gDMUxJiOw7eC7Ukj7xUvLj6HqIMIfW+B1cduw22Zq5cWm912WOpBfNeP50jsTkbY10WSewbS9bK1FKscbN0GmY78Mp7iD1Q+4qafF6OjWo7FEs7lLm6miGodFwdxqIst1PykgxFM/Nf7yGpAfNPs+0hpAddt84T1ok6HJ6b8MqabSSP4q0EFpaSSYtmrWyHFGURoWPLG9Z1TdB9bIjYmAlqfcHREtDdYDJ3RV4a0LVIbfV2D9Egsk2f9kAr4qjGdMsCAy2gqHshg04sQrGWJLtRXFnAeVRnygFqK7PdWjEGs+p0o0spZVRDQxb/ZHOS5IyKDVg9JILHOGJ1uhWj1OxjXX3ng41nR3Yzl3yrFSnoJWL6k1MZWBfM9rUHrTy1StpyhGakFI98tAl/nBPIYziYUYSPzKB5KNA2zvvrk2dnE+uId21SbaPFRr15CMUCLIv7V0tWaDqHY7/DBxtBroxq9YOSALgWU/cA7OqmpyfplyxJIcxWD1DFQUJR/bmPxzfUk9bQwRpT8N43LIYUR0NDKMNhWPbLs/ODNfmywNWkK+hsH4S+YJPGOgxis19E+yn+GInAkcpMpr6mPlrvzhdGnc2iTTBRc0FOAnuQvodZK4h1gg14JEuDuDRkpSTFMlWLOseyBTsdACO/S9WEK8sgmuDshJZuGGFhLzX1E2w0qoYC2iq7mhw22ATZSZiwMIn1HOrGazcITV+P2FhjaGNDmDVqXlhGdXxBmK+k6ggYatWSOk/kBZDOlC17ZSypoY8HnSE0OVPGwXn+8ySDRzow8qyM9RCKy9zSUm5Zs4xvDZofdI+JB/huts8brEaq+dcMyeyfoIXqiVcWE+rqaghNZwMzg82WffQ2cvNQJui6/kajK0m77CDd3Y+3t7vrq33fkfciL52f7Xbn2/MNdLW5CQVTN2LRkCd2CgYVnGOXPa/TGPtIZlXArB5ZPBJzjOlKQBuvU9pPE/nIQ7USeAqWovq2QdhyA4+R2W9G01OizcVVTxysUXy/oP00GKGmWbeodnPJIs4XisMad7t+u41DP60nkk0IsmufaAr5f+vNerdd56nvbrfNf/vVSq1DXUQN7Ryx9AkiWAbNWFD7fKkbaZYYcjs1PBVblovaJ8nsOlu8tF9jxdv396LaopYPm/7ZPKT/aNlgkoqnK7AoywRYOyJeTImlEZZkFTfTLNGz8aquF4ZZppoZWY8TSa+TZdDWrC5D5JE+fN6x64qOPQbqI+RYsLlPaTbYKWdOFxFR3lRaU+KF3T1SVcyn303jwAJ4fV6boD3aPHvAMiZwFdUtctaHlplvAK1FkMirOlCHOiVZlkBZMeE1LUy2tDB7KetS284CKs8Y+LMukcjI0lJysEwvrLsW01NqTNIvMIgqQ9ic7fbMYcr26CRcSQknLLY2ixCI0oGQLWWxne7eUTPIbS11snScSI3LckBmJWqKXmQgSesVarotg2tpH5wob4bt99obUwfIpRnCNo3dHvuE17q4ITHKKLtN56bV7P6ofWod6xPT5kD7WevA6buYRRGOvVFZIw26slEn5lBra+Ser5u9XdPOoLaoFGD2omLaADRMSk0k1iEVTSCspskIa+V50upzHYjdyWotpNwpO4djeH97tt2e5TW/QN7tPWk9RHmjyuk0w6S+d6l7gNrhy57EjlmSOMsgvlTDVIe81INTN2ljDWwhJKN+Ag8gMpLEZh6om/A0q6StXWA0WmMJUn35Hp1u4i29BQiRlbzfuXvQTWNmM0BrVpi5RBud8yg9ne/ukijI2TTeWp3c6FY98RcilK3DstxU6aPFgsBKMrJBHIQhLIMiRk5jTEwL6GSKilh6lqAGEdjITdfT5ljmUpBeXa6pPeRVU9jjnmf/Q0xdinlg2NIIMO1J32q8e35O2wt3u5P15mS9HvpNnuPkZcxVIqW8PWs00FN3+31ouhWtkSFAZZ6I7SdVLVXSidT4KBHW8/ExTj3pmJKuCY9Xa5ZWImJq/pLPOQ9b3hRIlyYmo+a+M4YYbVVwxQurU9ePvHxMQzxtXNwHCso+aJbqPgHJdCJY85abuFnlBew4smTKSPpoJC0XmcpHWhxdNiLyrz2FX6e7pol3wMeeJ0fk9x3iCVuQ2TTZRWaBTDtW48ilsz7Z8MaZJFreXKU6s+/rNKfJQDGSu25FkZ37Vdqd35Wt9NnHmueaLOvccw9EVKo4xj1RbYiZkj8M+x0rEw28vUa24Wg3YSOFyCsmWWrJxkl+65zJNx59dJ+Nt7t3KLT8XrRvdE+WKkQ0o+981Jax0uru3ByQT6p0hVINmMyam8qeyO55LAGSrJuGgVZbEq1qkJaNEO9F54FNOWMl06HQmaorr/sDOYt1c6duDleeT9kXVUfCMi+ULrA1iLlbQOX9JzaWYo+yEqRDKipDY9pPA2nk7LLbQHKDdaoSL/c3fUMSOQJIShAJjTeVb7lLeoQ5BFPkqQe/YDFsyoKtuH15uiQLeszdnETgsgNVWNPuIISATR9VxhpYzBWhGija8ZTphFx5UOLlYKo/kSJjCsuJ6HgwHgLOjDiou1BnfQiUWUfZCxJ1nVSfGWxLIsySpC9RZjOpea58gPJNhgkofVhqFhd1INWNwvyy1fDSxyERL4JO0syI58pXX1JFtrqoJHwdqWsGUJZF6oGzlSlFl9v6+biVPWrSwQFveglBa7RQ5miV2PYuc8h4UWpiqSguZp5Ydbzxgm0UpXIRkUVnOjK8FE8H1CmocBZBxkFss1lfPl+8F9NXh035U76oUYBVWMimlriol7gsoWClAeUmfPWUsH0W6q4GY5zwf6hCEfqcoJszZU1/YhXIpHqngZVhRRQcxBHEJySpfLTvfZq4moVguy1ReQxi7eiUsFjg2FSdKh4cpDZbAkFpL9C+drX0taZRxlmGcBdijrFgrhplLvErmkmPMoNRlVCd7bD+EAulgOhdak0ubQ70qroaIIk9MJ7iYpzX5y/Xng6uO7TCyjurw07ZIdY4G06HPEM7cGOsc+pk2qIT2mI5oTDx7Ju2WR1k0Xp/qgdCtjN7WRPKVcfMc7kBWKcSE+0oriOdaR9V+rYkXmTtdI1OSEQdFub5pAnTZXth0NPpvC3UXpMfEq2eWLnIDjZ5kIo9ak5oApSx3nTdZa3LsidY28DS5apmpSS/dKM2LDbza6jV+rBMm7KFVu0Gjp9TO3yo1WE2NEAz959djHVa1M6Ra+Wdn6/N5bBaQntCCEf8j8u7hHorIzi16S4m0OHltY2gLbU1F0IwX5tVNvU3tXO68JECDl724ifMygZ0+lKNQeH+JJnEoYxRUruiHqD5m247OT3dnG935+f7bNpubt7Y3Dh9+vVXn3n91VtPP/3oM09trl/LC1a/8c47Ww09sLt75062/HsWHSG+yckJMU5I+U9WqoUIklgAj6RD5APaslXkuBA6XDBEzrBnYbHt+TmLIO8ln/PNSeBkteqKFntqoLdV0T+V/Y1tFTV7XkiELNZoc1j2EnA6OZKOSqXoihyWzlirvXoxeP1DhvamcqrFrRUjpbpAp9qHhQejID73BYV+Sa2oc5N5zXi4w+sosGly5UOxV5VrIm53W5Gh95T9CqgdXyyjALZc+nJfy+jls5VVor1nFNYPO6WaPA2fLeC8865fZNWsrKrEe1XBFo1Fys/4CDKtrRUYjhUDfHBv66zxsKkhe/Vrq277zXKmWi02sAkrY7FIqu1Z1saTasXKD3UEU5NDZ4ylBkJd0zqY/mn95x47qih90EbCOy2qyampLpmj1pG9u7hxOok7UKIJ4exRYqKU5fdgX/SJIiQoQu0N56XcxvrJWZsrVaQ0rpIPge8iHJeg6+zFhlerA4pV3ZoVsrQbWhMBZzUGKicGD+pSY5WUsaGaRFA8NqEaWPKwxOsjqegY2Gll7sRrIbzlgDO8GJGEhDxlsZkCjxCxRKAoyx1q6SuLuJRNm3hV9w82bWKQKgxFkGB+jsquLtoyNkUqD5EQdB9Jy/1Nhgv6oNwm87rTer2WZg2zqnZVHDesHyjYbSbjMvQ9c2zriguEi8fLbPFEk5g7jLNwwbNw8RUaAoqdAFfMHjlPSaUXXFPGFDEiie8cy4pcaYN6brBeWb/C7EFl4qadTvNAI88ezECuUNrITVpmpYihWXwsqwRw0XBZb2JXisAFdWV5Rbf0gbMbgC53sRFfzC4Z5krnD9WwDveCTJaaL+xasKTLtBy5d51mea3/bx3JpR7URGtZHTxSfGs1mIzM75gliXV78PFMkyFdNl7LfrXDOrewRsoYV2rP0ZaBuqKj/fB8wTEiS9BdcFU7kaZ9rEE4rDJ+Hj4O6yRY8ifyBWgy36x/UlsThmY520Y1NUEaNQ6aUequP02WbRJP22l/Z3d2d3+6oiihMO4x+ybv3F2d9mtZ/AxNK9Bclk6Et/Wp0GMq59V8BvuXVgTFI8svxxM5kubYk+xkXOi6yteomn8ketNTBB3eEEFBd6Zc//nrRG6kSVdg9FrZ6SNVJ3FoKV7FFV8CNuYfi2Hu99t9t971+2HK7z5AorhGEZndu1pt1if7dOd29klQuLHNOsZY213bzxRXcbO+c+9VBj1AAuBgAAAQAElEQVQv2BbYYK0V1JlZtj3l9a48uV4PFNqWDk285a+QDTCyh0q4X9aNgS6b8ZZnDQ3TruMV80p4Wpbts/p6P0DrYfVZ2Z9HKkMkISj683iwHHTxg5pTQfxsBw02mPBBp90NqDfcXlMt01xBKW9HsdUoIBQFi1xREJC0gT5X37VwTtg+I+ETWMgXRdVv4ntaqyPZGxJNzavBsGMZb43CM/HuCt53ScGsOvWYRbUty8LWvOFLY0HzWMMFMyauJanEGbE+3W6LhbxAc4aBaFKk7cHxdOha2gaEQKElKD5FT6GNOfpS1NghPOyaHnJens2exHXsthyhQFneVvMjxWZmc7QMKFpqaEvloX1DLMu5AcuICw3HIsw7j6YOSO+vG8q209hP6U7X54WlvLDV837PJAs/vBxWfOKl85Fngxk+opHFRYlK4eQsO8zvo2a2rmw0Y3pZtZjNPo4Un85B2lct15bF2UXRWy8ahBXV8aU6iQzNoFrzTYqCCnFYDadUjjAGCj6Unfzj+d2EpA41ETkBpgH6TtYWY002LIcyGeHKVl/xdCed5GpaZeFdyazFm5qbB3Zj1E2j1DHEknYh2SqBEurLmt0IC0/OETQ2nTSfQE+mfyfxcuZk0qDB1Y2cwcQmoYtiLSmzrbiX1Gl0142IZzmjzm5nS2q3uY7XbtCe9bBaQc8cNQ4fzfsGk+V/LQyoDD79Iw79Us1jSbIilsqBs5IUZSMxE8Q/kWejEgM38rpp/jwSE5m4LB0pNCXq2Ih4QYF88zrujrEfT66f4kl3KqsgcltmANCd88ixY4txj1NZ6ZxVgCB6sVoPrR+jYVwYzTJL4KB7nUwf8grzfj+uiAiy7kgAoOfuiO0XCf9GKq4jq2VHi8apawC5g2IWSDdyOCeSAZFlaBKGYE2dmMSPm3jbTRxoL1tk7YBsFewBprO0Pd/lnjmvcEtCKbJTHiEoDFDXT92eNE9G+rvb0Qx8IGGWIV99sqEEnPdbCge03xMDZEx4l/RrBxYs6IOIt8jGZ8mrZJv1gxljZiuq+Z2LaQ2nLMRN/XHudJmTOQpbNJcqL0l3vN5O4mq77QQjDOM4EHEnsLShLGdFq+91zZMfwBsLeOdnXs0nu4hslnMWa5mw0i+tv8NSo7QgtduorxHawTQVWq1agGJ0yfyLRG4SW5jd1OUV+W5PwubZHqFJGa+zA7NPaPO2bkuFuqDB4GhItLA07SO7j1mgKKnnEbRdonWSpYFBGfq0HVt1tS5au2XtHcrsA4QOCr2EBxoGIZ3k0/ZMd8rtBq1B0q7Y8s6xMaq5pSddZcLSRmzeRbk+JSividj2/ygmcxKtiqBkbBR2C1rSg9iHLT+d7Zi6j8CKK7Wzu6Qs71LEqF1JmAMR6z5tvnrS/fllYqK3DcveIFXTI7BLthZF6ZERa1213XXazIMtDUjOpKbbK6+K1SAQc6ldHMXa4Qr9jDVL7CjPIoUmpOnjjgJrNeZaUYWUoalAUJtJANvjCiZhElUvOujO+lIZiLTLEuTyhuQ16s21jKJQTiaVTf4hiPlqUR31pUQ1xWIQWl/MI4jIiZVd4RqbTBKKTN4svGBj+9j23TrGJixeYBRxhDL/bbI21jjjuspZ5nKh1OQA1YwpqdeVHtn2UcvLNgazwJ7RJXSFpPLwyz883VTiScBmOiArArYuEFRbPOjG9GDGA9pGZzQSa6lUkvRYyCUcva5UPqybWCyLoPxW8xZmxqpMtwI2OWPdZqmPQaYGXKc0mxaTGizJExsay6SQMCIuMijMe2y1mGHRh9sSQnOknt5iscK17CqOoU4nj6xjmPBSXZLgiqVddtmNNJmES8kPKb+EaWZCa7ttLewghEb+VezTcGxhJzQrbWAeCyuVapZpC0DmW2KQXQS20ar0N+ofCFbNdHuTkpkAioJEaLsW/RQs7WpwhyvjYCZSVsDafC/9mHyB5l+4Wom2T4yLS2CeYM5cYwbNWkL7nbO16y59ECzuDHXeNweGD4f7y4FL0GzLtxduOsY6JTIjDcLR+eAnjKZsdAzC5e/aQuSDzcVkgUrm+lFUxrOVl50KQzbtn3zt5SdeeP6Zl1549tVXupNNt1nBMEwApG7y69/Ly4jbs3Mey7rT69ezabparztT7JDoUSJHzaSTUWLjlMA3Idhu/xBM1VA/Bza0hJueF+jyZeRKywsCRHZXxkkQk4aBSjgp2iEBdISVGWipG7pRVyeECWtipEtPEsp0lNRyVxzFULZsxFCIIsogpd5JHLj2dOvC9Ap9mLyUEFDEmC+OmBLc7YMWvo0wVlE/LaSTg0Oc2Uz/0TVNC/YnY2uYTCWzXCKm6AGLDS7J0MI4QWyFKMRgU4oQPPAWfTEQwkeUPDgshdJllwp97/RgGXPxw3fkYbbkokV/tIOdH4y2B1L7v4MT5G66Cy1UYyyW1TndXysLYJw5agvijDimhnssOyOagzDLUmyGUEQzLbjTiYvs5SRZ5rduJZvac/2PqsbOddWMlKCOBF4aFvJyfbr1Rjo147Vg0myLYLpX8n/Z9lRGEe3lLBUsCYlTDcIUlJxvE/c2r1HNYJ1aNA1RlYGV32d7sTgeBQQjZTeLtRDtDJAVIYBQRdLF8uKfknQPCIW2wRaOze20gEJ5QzOaaHWK5lkxzPfh6E1AFVCx2H5gCWIYdVPHTxK6pxBIvG/AtLTKXFdrhk7GxBFEhlgn22nL1ARr3snUDmwNwSaDjdWqtKMkMe95TUbDX/OzY31hujjZskOAysipy4FaU8IxawoOPhxYjVAN008ZYP5Sx3qb44fq9MKGXpl8nt09G3h9tJkJwOLfWQKO5Tg0STp4Nh49fmiJXqlELhtOoO2+OtXLx55fraxFWL0CCDPHvORKrpkseic+vDQnitU5RdtXNJ2tvS8sOpPm10sRIbYTQYoohe0N5DXA7ia0GOg7NdB0ndFWPkoiytaW0kuJKVvzQ/pFfUf9XvqidoFA7mKfIi8bKl2prT1omnJ1sswrKdLL1/15+mvTnYUyDFnnp9U1qCpsnUlHTQzILEGGG51XiwcawCb65Z6ggcLBRif2Vqili81SgnpArVvGuvYn3buGyLHUyu2l8FIoSz1GtAz1rcO8XZWMo/fKoxYk3i7Nu2CJk61lLnuFZK6SwrEpU5CZkqwwmtZM2+46fREoy1nhoBlKzdU1Eh7fNDiIWaBiOwTZyKRJX8hNWZ0pk1CUta38bqgRZnTHlaa3ycSyMKEZCOxIE3EvruFBV/swpJnFwh+LrpmOfPPC5z8iJS5OQlaAwG0a7+7PNwOxTvL8bD915+fb3ckuz+A6cmZRM5xITSIo14i1TiSYIe3a7TqmlUy67KOVStbNO9b9AlFWr6WPvNU4L+izSnyZEURZBuLmK69PbvuUZ7h5rtqtQjxPOUFjPsRUXOCoG0ImUamKKPyaXP33oxARgoXoqoUiNYoUKshTNu7Gvh8pklI0s4/VuTebDcVrzZPa3TZ/otkySMbDzFxtbaZwBIvVM62voMtXULNLciDqQt3EPQinNpsK2Ws3DZOEKAfdNq+dFEeSXzH9q+ethBNHI5F1IauNWFOTgrpk0Tzw6oAUC7mx6Bb9dzj2cs0nLIKDyTYgBFuHDWoOwmU3BO3YZ/577TntaVgMPmm9pfsW278Mj7xg2JF73RhBlLGjhHXPFjRVK9oqn09fiz0vN4+haFVL0aRab4WpJQ+T+InZs7AaubsRv4ekS3a5cXXiD2Z4hiKUg7OclkmZfI0AyToQhMXSkI3v/F9n/BCoFr3Fs0m0t2a93nQxex53e1ampUeS1ABSXGF2WjAfm3Va2KIHrSpIrlWMK9JFoTAKQcIL6+CfRK2QRXbKjkRoxw4uEerwohlaZZpHMRQidxy8dcmqGJRitUK1gVMGTNtrkcvubJrudNvT9WYd+4mXwWIdrCTfVM4NaudnHTFKuDLOZ0sf6KKE9l3BhnIrglDaZii8Pis2Gw74dC7BCPdeYcRmAgPWzErml+PNk2jeEbBEJNI0YZFlb5oV2ogm1Lls4xLNZB9H3jt7+yw75Pe5KUw9dTCdiAOxTnmyxOhUNJi5GNRSpDpFnX7H41eKNtvWLJEE8uxM+G4dU8KiqrqJvoDK7VvFDTOz2exSERDHA3LpoUkZyuhGN03M+BJvQeJJaM8bLkACE+c6m1Sin+qw8mYkSBRnV1mam4i+QayI8fz9LQshpJNp3Fy7vlqf4iB1TJUxLUqxeEV4/zlLPdXdpKB9runUaJ9g4xbU2qshw8qKQNLIR9zbqNnKCx5cLWnDAnQDpt1Eah+sAZYHgL7L67YRSZ8LR97hMOYXQaZxr2gI62UpM0kMotjtWdLjbGRdjzK+me0kHVoV5g7QUFmD6JEii4BwwnNOjdmNz5sB8wg/5CXoddp0REGg5WAOYIp7Zl+wjTpJ36diJ5Ci2PGQV5BzE+5y0rtu2ndx3E+8fsKBz4TloCsMQF3aAKKzTaImpAvT4XRnl58R9mwv9qKWTdwO1hZdxdUw7c/x7HxP4yzJyAyR9yDH9bCmuOvDarffEvtgt92O+/Ozc9jm5fRhWK97ClvFMh6BDUqq6z2KXEDpxDUDgw5JuTvK794PFA6HOKwURChwbEveCknTUCKWdCy6QtF29nn5hmRhxjQMRD1hEQRtM9TqKcISyJZl3VLed7LDKLK0OK2/r1b71Xk2XohcM44ahFIHWIIQDrSfkQ7QXLFSw2tNnE1/FvSFhFKGuXGRKZVzeZtTu1qPvUTbobKksELdwLGIxSSjDfsohFFt/KKrN9DxiF2KZOqw4khs1/NtaUxdYnUGWra217QCFLe1/KfS2OUVOTVkVq5EO536i1GIWoPKY5Cm+8DRf0ayqeQWyoeXu8Qgsab5szSEJNMTcZDopJopgyqnmsB2IwDqHIyVLHjjvoaPsRcA2lhr80du/6XlNaUQawbpJzORbHxQO7ApN0l+mXmA3iZpFNemxKWDb0aYeR8s3b/UzVifAs0TrU2AGt9cAQqxBau2vOyktgLUp8l8TMxCsSeq2AzURV0ZqoORP2VVmCtKtLgfYDMvsf/bKX4IWj80AKe8E7ChEo0LEsrWZGhXTjRQSsd9lt49wgiiwggS8q+6prApKWNFmHkVRDOPCixZ74ulHClFvdSYqLopwqWPpChZs06TZQpSatXos80PzR2vjkZW38QG61RIPibdTgz2W6mbkuhSqKVPqD2GDiVSMrYcIWYWBlkYlVBemh/FiEXLlmpnzeqcfkozC9rmjVhP5okfasBHXSYx46ypwXUntBrmQdd/AjYvdGCQzfpE3lUYND+SnV02B2M5HcU0aS8NwRZNdFMNjYYdlomPWtBqj3GZ1YRwXlLRpDB/q5JvrT2pkh21kOapaI8tb3UZxMKy5q0JK9liRhV/57NMlV19IvwhVatHL5j3Mrh4q6LsgSXjQrsyqj/JtLCkiS8Vn4skNzXrI5QxYiYmqUdGCq3YtAAAEABJREFUMQnlalQ6H8ofWbhPalzaQlwxkJpHV0WN0iihGq6Npat87tkb61S+aL2EGapnCmeLinB4QsmUS2H9w2xWcXgSbfOIhycsK9XxezSHberXfL2/6vchABfs7rgCjpRF8/VKezU/Hqji9eUnQdu+uF0kXQziJXIstFXQFQVW/yGdy/WaSOvD6tHHbt169unXf+gHHn36yc21k8316/16lRvC2yRwkq3m3e133s+3WG3yIsTJZnNNBEgKiQRAIt3kBQmhhewl5k3pLkoomVpG0kpl8kKav3uJp5NXv9abTVE3yUZ6iVYj3lsRQUkqeAYWnYclaesjuIMVBS31IAPPFZPs4JScohOmUUgn5mUuZqUmseO4mrxJTrmjJAtoIYH4zATNhl5UJ3MqbmsJxFNYp5JIji4E8cqOfi1oy71FVe/x4prxQGHGOpSv85+tT+Z1+ZHLSra9qi1oWcn9s85ezZQOMvyprdJxhMO6fGNvnhZi1DpM6Dgs9xOneHiY0RQk3n+xtkvGWN0eUBqMLYLAZaNEaIf/D9zVhsNqYDUEA174XHno/DAsj12Q9mpsBQ0lzTT27M2AWEZ6m8HE+c1iySJbFWWxxXbZxCZf82Q0XRaHFj7M2GNZzRVbHH/MreAjHN+VfDloe89VcymYqS+XciBSTmmZxchcS0/V00BHhrYmWIqgpCwxu08W+iZZoLTH0c0o56Y6uEOoE47mVtig9AZiVklNLL/adKexHaD0GqnxGKhtX2YaQjxZsA1DuRce8NOCheApvTzPbuhuE4felWVwK/eedn6pkk1sFGqCzX+jLnh04kIwj0CQ1XhV4ULL+sZUVNMzkrlfhp15NdKJlEJZ0UEtbU6lyGwuW85hOwLdMlOnEFAz6ULUGfWDHkk+UqAZqQuT72pXL83g/PX27Tu3HrvV973kJ7Ss+jAjHODch11vEh4uyNQ0p5QWy3gp9mDwBt08V40SPsxCvxR6OEA7+H4AfLBaZ/2JFoT6+w/OAasB7DHDslGb52zqPZUWCaLAZltt8HBKI9sZ5hO2mVOoDr6l79K76+TTzBi9hXQX0Wa5TZaEK6P2cA0FR5efmk4RzWsR6zKxBifTOtDeEWy4DLXPRwxNNx7a0US66GXD0gm7jl8ppQNbAjVldcUR7ZbQ3qM8Rb7b8MDf2X8k2i4g/hEtTpm1c3i3+XO5xkR+C17EJ83v8upSbOXVqlGC9Q1LgUNorBM0C9fCvTVPhDqK14piQ3TJCjTiscSin8hry04vG/htrNDnyrVR92CpN52cg7S1J7FTnJ1ljecSa87VPInzpGGbU7owS36qXZjO0/72eL4ZV9lZEchjg7s0nW236+wm4TquNHzZam83irwpiCibCSal8FKZxRIxW0dbsoWU/RGkrtJhckplbwhtNO7M9kCz5vhyXn1hrg3klJxsVruzqd+P7JXk5WB+Yd6XlMf+MeIQ+XyJcsFKnXvaSSzbgBGMsoWgqmZAZtJupJuSAj+pqGTHSXY5SeHStonNmgVRdmd3z2ghduhBKWizQSFcCoBDuwDMGmjPKdZoXu2dJLw7y0aTHbParMbdXpXteDqKRaiXwgT03bRG8p5lj5XRVaMsxIemwZWec7bugAvCWZNarWMXv2KdVswvp1WMcWJueLPVEJqNjfZQTdLBeFFmyyGEhS8CzU+rYXD0var9rOoMsp7LAicdZ91EYSDI1E5cvXK9pvgAKQpLbqDdqME6x2QLiGYFgHEianNlJxnVGOJDyGDAtp04lgJXXvOFcEIn1LvzXWzHMLRvrSsjE5ZQIIssacoxtKsJVJ85t4sWBXBYinzC+UhlwfWf5MezR5Dt3uwGG/mm+VfeGxRjyUoMymWn++8T7eaXaJIJZWM6p7Ot/mBtF1Mx0YvNKx0SV4AkUahKaVop4ywT6o/BJkO0EJTb/9k03t3vTvrVBmNVekSa0gglXAqgr54QKD4fswJKDbLJQtBRAaDVqudGEtuiCaXdQjMXL4ksVgfi8ZXHxR1YuiyG6juztgrm/QcrZZWnKqfwnqqg7tZSDEIgEwJ+pJAlw41rPd6lfdjAwc7Ozs/JmZr9/ly9IwXWHmwwqu8I6qvSZBkhgh7Wcy6zLAYT6ENr2hCVkee/HIok3z50E5sJnGAeoOVGuqrYVu9aXNqQG2DjlgilU0XL0HIDrrbUpie5fUeWBDdl3guXfYG0WFnmYhrf3eon/2vFAbhDfH/cpXd/487dO0+cXn/m+q1w7UZe4JSKHMzZAU3qeXkWQtPtYzGZkqUcQon4aDWhaRFmk1hAE9ZBkB6Ew6URr5CIczyY0uJ/t6eehoPDYThdddzrnxN7gWMN0Ihwlxrz6Waz7lfEzIh9Lpq8QNtxVJTtXuJ8BN6HHm2d2UpD6ob4tWTRrmQ5lJalsSXzA3fTSGLE9GSuVpj6lJeeAw2fFHAnL1mv9j0pcZDqR5pYOoa7bFVQVS5XVNUTwg5IsaX2u9q1UBZlI0IyrrO12vV6RQV5N+z3O8qVDfFXZMLDmU/nnKzWRMDZ7UaOHo+7CXsWVeM48Rzcph+zdbAackqZJzKe787zx83mdLVOXV5AFxPfeoFg+mpNG65TFappfVz1G6KuDjuyfGiLJilq0Gr5epWY4SCxkmEfcy0l4RhaWKfNnCTHkVMyrEBpxyTTJH0MUsRMlChjRPKQmDI5k9dDzu+BSLNEPcl+gDTqxvJkVqcSmbAEVZVgG1plE6a2VULTG0MYdbqTzMlavMpkm+eF/olEZVY96/IQEWhzckr9Ty+9NVejVMZCMaajdDSBSCdRaDSY1AKVzNVmO2nAFIhNRyGXG802NK4sm/Sx+EW0gAdg7AMepeXOpD0zdF2uP1PSvJp4Qy3xNoWkHYKuc6cyA2yHLttYJp2DWrJRlrLHQh1AmgcwA09aSFB7IKiMWe36MJlqQLTBgCue2LJaGnxGgjoNDcF21ATrXuDQEwV615r4IlEwK2sCM50thuvB0stexH6UdAKgeRvaalbuOhvqoZpVoFIrbQI5iSnwJruqTEbEa7muzijlpqJho1NJaST8s65/IoZ2uYNdDhyuJUmvD6XqaM0ClXWxuZbWF+1GQh2DUDWoQPkxHFFKc8NeHRpjT5OhJdjktrKc7YgsF9bxwlTJUMZYM/DtNrO1djS7yY7EktdWMM3ZwXqqbLImYj2EJNHxZAQqwceF5l+MoxBK/cfSoiy7bPYczLyBYCaVDnJTqcWWlGTTtNoKtIfQ60GVQCwroS40gOziaN5KefV8Gs2fp8kMK9u6ZOZOU6UtCGBjJDaGOtTXCfraQTk0+trJLDLdnwBtJs880tyX2ATKLPmonUJF0yhKhVdbNoTGWjP7wo7XfU/y/6jEjxAW1lWpRPMqUQ4Czj4EbVI1b+T+zdxOH5qE0d1kG8/ELflavRHbGiA1KczeWQZWTYVOGzvtOUtnlZpbmFHGHVqltXGHHO1GqsFp1o42R14qqK2qcJi07IpxR39IY1HWC9DUXJtkL+fUS3+GdeDtsVmPHMqrYHvbEBZdcMDZrZuss6pTd1QuSn7xqNpRIdarL7vmkpuFpvO/7MQPcf8PCZjNnmqeHkrRpIPlETiQpVQmwbz1HFz34GH1nL+w1GvSNmA0d62VsreEtg9kM304Od3cuLZ59MbL3/fFW888df3Wo3lueXL92sm1k2zPvvPe7ffffe/87t2RN7tn+3lzeu2RRx9drU6yQS3R5IKFj5lIHZZo0mxZieuzbuFQDQVUG65s2c+tmYVbk9BN8gnEZF+vhXSiPBWoIug7FkGRq+XXheKI5ga/ra0LoFFPdIMCiywmMZKBb8s0FJy1QNUi4WCdvWzpof/LU2JhV+t8WlzB1kmWBTQ9uZNZ0rLM5tP8Nv3Lwm0mHfVanC0Z9UevfZhqKl5wUBsqakQz4QiJH1ksPKMX8Xm2rUiMqkL8oQyRjcpglmCQMQaL0YJ1oUHtAQClSqn0DXwUHdBDCzHTURc1NSuwihuHq78+In7ALt5uEOrgddX+tCyIyRSxaYIRLYiBjuxL6AgshF+W7I3MOJGEoM4UsE2ffulsNRDmXjqS/a6kUas87H6baU2Ecs4sKc2aF4QjozHMpye2s0lZB8kqs1Vs5n6kMj9QqTYxhWRHE3LcXuia/R3R5ouVC2e9jHSso8YXYrPe5jeyQ2NK6mYNsOg264xqlvUhlF0FsmqtJ2JLR9NRDNVMN1nLsBjLy4vPfpAMLWNGM9dQF4IYmnBBxdUlXMtYo6XoJhJbZJZOQ3ebycnAfKAu2IAhik1WzLy9c2Hr1VS0DU63WEQ1yrXcg27w07oGtfIEVBUcIdvRgYRlUaGty2VBRmvLzEI92vZgeY/PIkq9rY2xnTMe65XgwKlWbMSz87PH4FZZFLamcR952Fbbw0qKn/jQZMs+RPPNS6sDh9ruuIbFpn7YxFCTGSRqdRV2+iC1CBHrQsv9E8knjiBTeMFMOjnyCDACmQkLa08bZHW+THm1sYvVGpopuPyGJbijdmy0wBV1sFHHQjOn1Ydzj81deVJiOS6W1co9bTeXLdLMT7kQB++sFaztySw6bxIervExdV1Wx0HtbWavcFAgYkeJeTE3xC9MFEAJr5OfP/JClQwOdcdhKIOsJM20sRbVru1HQ9N8ZLCEtI8c8iJolebJSZTAvO3oZflMIEV9JrvHqpiMsp6V2pkwLvPiPnpOHSuxjHEA6lEDfRe1g1lVC8zaEPY8UJSdjnknURZiQK4oKZgNO7JTTyJcsLc3iQFQ+D5VUOvIVi49LpUngLmv+IzEUb3vTuNq3J1Ou453ImTjYT+ls+3uxkkKHIm0vrKljzgwnAyewMSR48Rl501H+34Su+9Mf55KActSoWUd7ZDNvhfaPcwbnaH6sdplUqpFeeqWHWV5Wnm+22Uv2Rq7fa4V0xTZI5FkEkcTQtQo6boTOmSXVjfuic5OriSoQspSaAnH3Rj7scuemR05mVI3QGebHXh0HrLbZBjyBHd7frY53XA1trXeULm/5b20b6ltILSGWfmxnh9D2VRS+pfA7jd6IxYiQBVmW61PyAO1C4kDymqVE4UCIcQE2EDcUjMbeQJFi+49+wGF06zPLVMt3b9utQgumcSGcHnH1azIQDFueX0h0auI7RWXFtx8Cn3ktsWyLVtkLIeCduza54hbIEJx3luLYruObOmJVRBybcaJQw6R6Aa5zihi75jdcZG327NYlnbX0RYnZ52CdRqgq+7A+1Io3gyNXJPYjXyHKNoJwSzYwmXUibJ2HjZWhlDXesqKeNvJJRm9dQ8ssysrD4HBUq5kutJ0gdsAqxl0YbPabnc2maaaQIK0vFUWNZGiB8OBlmz9XRSWBnq9ddjRxhJLj4azCRhsX3btc0xjxwYCU0MPtYIZ5Rx4R28objYhsmAZBFqhNbkFkeUBz6fp/f1+1e9Ohz4qYz2Wc3jiJG8BxVEno2SQTdJJlO4pRkZUi9XPQoIAABAASURBVAh0gFmOCTM+/Kyxc8GlKYmnXEbnYKWNM5cnH1zsCtQXZOJGYz/Y8dDsWobFdaAKGZBsiZuGBHteQnUriN5GJCGf7sbmRDY/RNLmiXfPzsjQClsZUFIPHOCCXXRJZ8SljwLtLKXLU89tF4KKLcFs9Q1sxJepV09e1TiSpFTZq2vnsKOvcYyatabFjaGZ8LXraGWpTidHTd6Ixw9lfQnKMC+vQwNE12njpn11vMRkPuqYks4x0ay+kf6Nu54axzRuz2+n8z0F3nji5qND7FaxjySwnKAWe3mTZV+q+RmhuGU0Y7Eu7M8XtTloVDRVt6ZL47EgBSWB0JtO0pFocySizMkw5N/uwnZMzIWbcLff3r7z3jjt1v16QySHzXpYs/890gQhRqmfW+XjkCJUwnbdRGoZO+Z1uiXNWkZaYZkG8+CxzthoYXQGWqbNxzanoSeyW6BKt1oRFe6cQsYJG1eaj5ZC5BAStGdQh6psJuRj437UwUgHMvptkoflZW7a6diL9z2/Xz7h/JwoNcRWmUYgIgz1ZaTwxAbM0K3jqtsBx7xJ+yRUhmir08M69XnpPN91c36eraF8my2tkm8pk7LJMKxJvISkO+zVI8dmQ46+VEwlLmIevChAohCf8rtN+Voazbfb/Z7TxlyXoNU1m2WQKCpg/v847WnpPGMgW4UCFfEyNoiik1AaSndDq1udavbktPR5LZ4iyGy7vqNogtt9ocVQJxNtJLJupHSB2lqt8wOt38q4bacJUv8Ry3SLu9mJtrASsY0FZvJwhCMOux1HMlr1qyGnB2UgYCIIssfWnkRL91wGnVRr5FGVGErjXmc3PIpBEu1xOsCGaol9XOzylpKXrIdB9VWWHbFNR5ILiKhdvHmSWb/YjTnbR+lA8sFpLztdx1Bcp5NsrRQOkBiI3BhRI7JISopDCkROLZ8xIqoOn1jVNVp6tXJYEgybaB0yj4c6l5IuRKwrsS6p559kpS5oasRQgDpd0TeHUCaIskilszDp/YMubUFTykK9sZmwdQ+cwVOwqyxVqZkag5m+0rMXPzlAtX64vqV6m1i7/lA3/3Wg62Wq1yNNLACg7UIT2XvUvklukIQEVwpbJpj0L9kAk6qvkb0dVXMlisOBOesy2ia15kIRPJZs6LhJAk92aYYaZTMxlLWYgBZsXZkM2q6WtiXqgGovTS553jMX2qQXp1woSdBqh9VwmEPy+JI9+DaXzKvHuf9POp0xpo+UiY4DizuHZrUh1FGjDHX18ZzrAbQKJVv9D1YLuVVaQppc4TvoSxfzvzWptMfT5OjdS2ZItvN+pNgY8NIMdMUEg83gZGrfGCUhhBpkU+5tL4eaQEhFO8osQdTTpNIj5yGa+F9JNQls6ZPsGagGYLUhIsytUozWHLFkTEnr3BybIVlbq3lrZ85WKWF+RlNL240KliNYRpAyTgTbutmS2NBeeap9WfMY5XiFoIZlTYc6QvQgm/xQRpy2CVlXA1qUiKW1abIw4GIzHTbV1WpwSGUiWc+BMrXkQQdodtXF0PSExWIqZupMicT6iihW5iU4+BGL2TxDnJ+D8x16oBVfL4qgvEE4uLnkEBw8u9intZduXmfZD8xfoZTFpW967Mrw0eOe98TwIVCmJAc/CItyIQL6QNDUQy3n2DZq4O0m0gbUFKOJLSkDQteTcEffPf+5zz3y9OOPPvvU82+8MVzbZOMrm2S7/N+777/z9jvZMBbzcn1yyuojpyenp5uTk44mI7JWTE+d8pyERI4niYIiIW+gqVxgKJmGMnbTBWOwlrVarwcmnPS0hjgU8aRkHBFWKN5aqBuNd6O3Ns6jtdOo3lkTsZMwOsw+0cA8TIBO9iuTdIrdwrlHk5WelRYBREGjxrsLTXcfdGUsWDAdeefAAiclnk4oOYCLnr9WJLyY9oA4e+LhkF13IS9ucNHxTxQXvpSMtql4zNGC7EAte54iFodcNFs22DKN7IYR/XZo+n51CpuPXvaQseAEqURgk4iUwDzOhwUw70wfDNTIsK9wLD1wzDmHM75StYN4jiOqd037DPcAaogqLqmUjrrv5wk7PKGxiGxYjfahWI9o0fjqantoFk04S8TgU3NNpj7FVDnW+0vjlnzkoZ4kYnudEKnxE6q1wzOwYp/bxveITSg8WWJBsVyBdUmRZ2DaTXS8rlPMkyKFJKu6JUsRoWVEaptAnU1ZeE46UxZxkkxQNeRAENkmTA2Pp25Y5xvynhWWa4oWGkeLT1wfum2j2Asgwrm0g5M3OVF8Zy4bWlGhXZ60HMIHq13Fm1GFdVHSgKopDrbdqswRNQCOTPjEZqaRlTYZ6sReSzAFm/JKQw2onWxi1o/UedpclUedqOq4Mik1VocWb9QOuExedDImOZQXh/Jt8iIAy2BNhWss3c6UNNcjz3NmfbgJJHTKOCHXzqRbrmTtnPZ3TqiK6BJbB3R7hD2jNIzG7m/WEGieXPhz2AYao9MoKn0fua5BW9urjQ489FepMbrN1LRT7XKbtNjjH2in98mCFjbD/QLKYlbKq4kkc6Ktbu7Mvn9jtFm1aSYt+KGM2g+APB/KjW3Pa8i5muVWNsSoVYoTmZtG1/S3ZcAtMnQSFgXLS6EclHBjZWCavVpj64Twgd6atl1ut3lNPNsP8SAaKNomyMCWw7hP7PVppVxw8WgAXXzAQqrjw2jMErQ+a9LZM2lR0CaIaOt4bOk2Aip1yKkkkPa16fZsGMFMhg3NyxhKbuPs1VRjVFZObXorXQXW10vqupXeVo5reGrqI1MR69PxOthTbUrRjFfBdo2gMlkpGeLfVWu61BCUOb/2vmxYS1AeMUXEU1UfaY8tnGAUiQ6V2W1sG/sQdF7fFre+zEgEDRqTZWhll1s8mLdXA5KW3fNacWxzGXUQ1974OB2qPWKUQc4UyQ2524H9xq49WJouC+OzvC/zPjVEnVBmJSB3aM633h5nyZLz2bPBktsoIgRYi6ial2osYTAmqK1zFksMNJETkNLJNo1n07jqpw1vpc3r6tm1crbLPqqVzBeNiAbN2kvk5VoyOYbsISHHJesrSH2DGpKpZ6vJtCNBWxMP/dnvEtYbjiJons4kSp9RA9Vxu81OitOwOtsP6/12N1L4j14Io5SV3NYoboeO1bSxPbdZCfJHup15LiiiePwIXXwm9UsNQzhSDJZ8Yuz32fGTTOKJFEZIBaDfb89H2TPBjzNKnOYkmisam1ZaCh2XxSrmvBSv+huEOSGlIz6Gem2UtQHxgq1PrvFMOE+BSaegU8adOCEodEFOXU+bM9QEQ2URcNAL3qobxeq0XpRrt/iDjU0sxnPS/qRaTEfmA0YsACgdEJqAlhzgOILTZCacyJvHNmeieA6PWSszK2uuxWLPQVVShWAzSiylw//r7CWYah0kD0g7SUzR3LNTLIokwihKN6G+RlR9dPmTWp3aGLJ4rb2l7KxjaQmgSk7iguS/VJUpbZKJeYyJaCm8VClMOCxzIvlX50FzRZfaPYZyDb9JAjGTzfUk5ZcQzMek7hXZC0xyRJvVMPLKiY5Csos89tz0yB3KMUfyEzqeKKhghgjtEuskOzzHpPpT3DNHkYDXV5Ci0Y3KNO6BVgjQrOXOmFplV+b+siavsj02rbRFGIwmFVZUGqXiIMX7CXfHEe7ePT2h5bCQnebU6JMaddA499H8M+Kp16ZGLkUy9iP7KW1htTARLXlYzHn1T3AoDrBGocOwNHBpPbk2siQMQPV1wcy2hzI/DOY+Ram0zQJIuwBXKnxoBhH50JFeZd3dieUSqLaKzJJJ64Fc8txnsov3zvlZ9rXnLKXy3iOJWslmMGY1dfW1UXR/QVbCrHZG9vLlTO50Hodm9wYtLSRZDhBmPy1eYp6iIWRPbZcdx5Lx1CwsTkGT57OFiNJ/6vA9tzYXHawOT0reKrupwdYcJpHDyFkw7mDiAG/SvlFCjOGisKjmpg72vB1+n5cx77x/vh/f22+ffuSxx06vrfIoxEyzprwiytg8txOsq602i7m3ZuvRZh6yfcv1VL50YLEaZf9dbqV89446KrQZL+UmrRSEaZvn1APRO8ap3+33U6Thcbc7zx3eDs63w3C6uQbXw2az6UA3aF/vVrlQtuN0nkdY3no4Ke+EL1Z2ET3HWqjqe9aCExIBGncshZHlxiYOaMbXYF4lppgrvJUv9N005CFsLOtR1VrBMp5OsqaR62fKQ3Mei5mAQWMKtTXWgYBusijeOHDsMFahXp/kVelhv9+f59XwcU9hU7IhQSLcQ843thKJ57HpulWedOy63cQ0iXEiIRhuCbmt5G5zhYmC+/Xn8bzbZUsg1wTCtJ7y8nruWle6ygMaBDdoDMKFfcnNRHrojsLs9MOq6/f5qrwyvtuNYQiUK6IXx+vj037MHXSX2wurwo0UKGdap3W+ASmecPwL1q1qoz8L6UoqXOk14yoX9Koftqtdv5VoOxxwiXtHTjI1wxqzUhbzMJpYnpj8+oF7CDFWoFZghDpQUTF2kgG0sBZozB1pj+r5GW157fr1erPOfzqOv5NrrDgedJEFtTsIEshRonhRhdcuCS1CsRDeeXZEbzHiyItI0V4+tNVSuR1N68YicyKNsTg1RSFDp7j5SOpzqlcr7XyQSCf9jiIkJTazNEojJqGeyGSKG0IMor2rAwSA8kf42CgDSCeVvp1pNSmUF2hGJxk3lPzAiDZmhWgmh7ADK7XIap9NemcQu0izP1i0rJJ5ev1kVC9Lkl4R6tqXTfug5Hul0IagW9HK7joJ0QdKHCiz8TYHdK+gcTWgGSQK2dIs1iAqB6X/loUMqalaATiXJ1CDAnRRXXsbVb+ehGlE5BnQaIPMKR2pFkqEdqkXvA8w6bKkuO9Aqq9a1eLXkjEzymgkpM7ZnF8HJ2yHuxCgiB1IO6AKiVDoIiiTdAilz+QPqbYcWZXA4nqAWljcVq3PPpwBY6jLrEkt0qjtwmhKYdnEpL8w07O926IHFJMELMDW/5+9P1GS5MjRhEFAzdw9IvIgi6yju6eqe2dkZ1dWVmTf/512/ukuMjPCDzPFr8AHQNXcPTIjSVb1IWNMZka426GmCgU+3L4mxa0pIISBQCgIm532i49Qos0pgSSrf8ubotE2seFZcLpB4xS3MuewhEhkwFpBegZdYT1mV6aphkak41/TZGgVDKXzP6PIjccQjCptwP6FW8ljK2EX1psJrAMoilweyTkF9kKvtQExilypVRxXU0wAD3suYBRnnXXnJ4R2tRQSYBuP2qupdGcOPgkjGPXX6Y/a+DzIYHjyLgr3UD7D4b0Ht0bwHt4wEUh4dSStXpy0H4JNaLAxBWDuIURkxIQErMLOZrykqOJDBsUSD+KO3DVCg5/Il1tylcc1uObBtyU07h7by8rNDxvsmp9rq6ZY4zA9XD+O+YpOTGC6nyPje27GffMB06CD/MLjzRf+8kdsjmuYFg1LMzIJXHS7RjXCTYMK82bFBWOHAAAQAElEQVSwJbssxI4KKnl9wHxnTX7xwfd/vTaWZromh2CAPWr2t1EJNx+eHhtKf//jD+9+9/2HP/z+L/+v//nw8f3Tx4/Tw6EpUpqLdTq/fH5u/xyfXzSBetq9/+7j0zuNNWn4FhU7LogwWdZsHGEYySI3FG5MxnNqzkUqufEbK2S96G2qlmjVQ4sQa6dL0yTCO4ZLLDrZWncv0MTZS1pkPEfMOTaDN9BZYah2bddq6eEHqYg2QaCMh5v0mQNnUBhrUDbCTXBKvd3vePWI7TdQmKEwG4xzQ5kyMOX4dpwl/Cq3ZU7uHb3SyXja+KEk3P/yIb8Z5dIVAOyj8l1mr1TjNHGIUjdxJ6M6TeS+W58UBzbMkVnAAXa7Hg4NtEZNRZFxVca67vztGdV/x6PLpP4RXxPincv69uhZ3RKxI0zUVU1XdX8BF/4Ct5P7UkbunhNZN9vNQAP08f9djPG9e+FW8hoLNg2lTNq+VlNW5u58kxG15bOYb/ZyhszEaYwq5SE+CNkzoEa3DVOag8mojrtWJl7aQkbOgpUQ1BWY2F1xFkKnzG2J3Kgg8twmviV858BCoY1Cp0Mzk5iVRmqfHIkk/Zh0/c+CKKASWAtkjZFXDXp1s6CHztXAHhneUcrEDjgVaHcYZ29T4mc3FxdX48QqUxJKY4EYGNnGjJwND44J5S51HUtCLEjEaF9M4olNhYcgGlg9YLa2PqPc0wacBTGnkR1WdB3GrLlb7CqIwCSBgslaRwHIwHTRUnxMFnyiEyau6rDX40emBBNspJr1bcW5NP7T1R1Pt2I3Oo+06h4EXnkgy0FW7a2Sr5Eak6NtCm+NvXWx7qrtfdRrllsmqeUK8fpzGQ7er/ED/gZ89x/ouGKVfPWvnXLzSV44TBSsIFWOx5fDYf/0+NiFyCD4r0Sqf36N3+5MtWzbOt5di3tXff14NcCQRzKwV6ha9N8b9Ipv3mC+RrGbe3HwYHc+9Lg9ck5f3DfqDuFOgDgFSEUiKku2Yo7fJKDAp5BAwOE0z0dgYabi2f+AiNrgY9YA40ETR1VA1C6e0GaMvWJUpuYK1rNKVFZg7tm19i9eZF0D2wnUUSH3rA7EGAo65/rYdGuEyJoUhX/YjCYST+xzGATqCftEAwbwrR08AmVkK9wqhaODdajWjZmVFLcZPxJfgnMiyZjjzVKr5D5699fmYDA4+8vkhTgwJ3GWCcGGGtRr3FwtMpgVr99AdxSwoMkhv0ccPZhVvSI82YKeBjEP0yEzjXQYos2aTLjESfpK2R2eGr7dzxwx5rHfefQgycaflNAL4o8lalDQSr4NwHnYx4Z5yx5/iDqBlxcvnbgOnouY1RgabC7uCAfBikeEDZgttBHaag85Tj1H76Mmfc2JPMl6lkVty5PChctaNejkdPpweNpNu0ZQ3spwy0InhNQ2v5SGPKgENicWLxQgLKgPb1/ZFT1MU4NDlmS87jTXuiYIi+whv2xWY3HZlbovU3OcNudY87nstbBKcz1xRDGJBZqYU5VgNRQL+NSk21on1LtUF6tRlGEGc6q0L5GJD+/YTlVQb2KlcLOpt4fLXpNbjy/Hw+PTvhwY3U+6mrzV9EbaHkml43mbGe8LE+a/MGPYR3WQVhLwSYHv7nDYndXlRefFYwIDommQocwWaFLbz17aYXXAEMx43Hy5/Z2Ihz+Iwqi+gvwlycTd70ucfVNSUIrDM+NSkgqgDIFc+fQ+MhlqvCU/pRxqj4QJ8w+5wCgJY/Mi3GkiL6GximVxtvdbPHiNXwBmjdN53rQNFFw1gmQmJzOK6Dp7ALA/nBGKaGdjvyv6d1iRVrM9a1kgc2BYP48sr1W6moS7xXzyODOhUonv2tRlwP79FpysGyREXjQE/tAlGsXX0MhAOkgVh/UWtCTksBwioO3tVbTtxszWJ0UdNwJPVQnoHyMc6cIjgQYY4AsOC54WMHKbbl7HYVggorKlOZg+7RXV/VguRV7q+vPlNLURHLSHUFX3uK7s1FO4EAMjzINxgdHnTB+m1S0mDsm1ZW7DmPEykmycLRZnQEah3diXd5ouBytOC1E+Y7DC4/XyENrIpWAuQuMGBgqKWknR+8AnPeSj4iUrRMbNWGd6mQZwLFZ9WP337Vt1u9XZKvtaJWQ2dwoiVyKEC/tRHGWsiIQwO4TqJkNAPTw/PsPEs+pI2uOmsjVCMcXMArFQ0RlRYjH5A/JxCszfEcI7BODaJ/FlYCsr8VmTG/u+CgeCoTZr9zabxDAEk1zYYybMUWKUU7HBrUaKNjHT7k7nl5//1/nnl5d/+u6HH9+9f7d/mMuurhfzC8I2Dfzmq4mQDixYpe7uyxFm1kp1VCrUV5ljKgSeuupxYEoeUzJ0Mf7TOMykXS4mzMey8Lxbira0uWjERZv89dJkB120uYs2pNPl2c97LRFRdJk/8uG8Wx938/P59LJcTu3k6gUDsoAOj4EIkTjUgSNMCrF3LChgUY7bnnUS665+QZ+YRopNiW7SjDUHRgt3rdUd/75qVtuC4au1HulapkSNzGLDX8J2vYrntIuFN6JXT7HAEbV7o/72p+fPdDwt1tCv3bp9osF/q3uv2s8PD4/Turssp2bcrtaTSBvtoFqShnc00DEd5v3p8PB8PJ7bxtHg+HOjoEOb8LatyA0v4j3tOFGX+78RV8c19ArFU82O9fD41CDGqsVWFIhoRJSVLZvn9sTZsmnWhnSWZWpTVxc5HU9tEef9WUNn1PSuy2cT5fTPYSiQ3BjG49vcUZuKp8flfDkdNbKo7XELuvKAentcdR9iCeAGW4Szm/BAdda39elK38S4ViRSqiz6ognfuvCFlRzn3cvh6f18UIRlQljAClT3nCaiDuoD4uukyH5nHoxq5dmXaOkjljamyzYB5tGVOZ6tud4C0RbKmsQoOz/xdwneqU/lOXht8LdGW416L1YqiTyK3K17NgxZu3Olrh52HzwMQXy2hQVaks8tJBVgJ9GIqXwKunmTC0Ij/NeSSkfsQiuThCgiHl5ukCf900HKgnf1lexfDeCrO27ZBV9+EwYFcDYHyONDE6P4ZIo563FawMZBrOJyj04MIJGBJsbnoZtRV9Em8Rsj3S/eMB7o+9IV0wjaFwcx9jIVJeU8BFl4RYQvTO4aOGJ2BFqi6vokbsicTaW2tdEgXjeCIubElnM1o0qfI/Y5oY6Dhon2t4hINueviC+gTPsJ0++gwcetHGwPhOGQsOSGFh5vm8s14CAH1bF8IhkOMC4s0y11cSTcbnFhni9uIkqzBWyfZeQhRhhBdPAgWRi95HpaUDSR86ku9YP/StggCNhMP/eid8KIkvbKGYh8RK+laiKFPR4lArgdFcPJVcPcRVI7ehfqCpD9WnKPKGl5Zcp+BEFu0C4P+ksShAQAcyDjTIwkbrPWq/5ZTkLDwhQgWb9hH8N2mdyi4/OLr1aLwxp3/ADb47rtWwg2WDASZ2cpWOJcfF08yaeTAw/MS29VIsrIjfoDvQcxbKmXx+FFlFpM5sD0fe0GRjlZL1Z9XtnkOVCEKlkkGoyTw+YKqDa8FnVZMowmC2p/w2HeiL4rul1hs+2qw07a7mGorELBPa9vzn04zjiSKbnW7F9dPe76RtI1hb/t8cojmPj+x8MhuUL9Yxn+zk/KvTVKuJ5UcXcdJWZrY8h9bWbkG2nhi8f2EUNs3fBhAPWU22aIaGYwbwrDpjAe9uXx4eH7j3/+//y///gvf/7+T3/av39frKbI8fl4Pn1uBrFPP/20Lud2yeHh8d379w3NPjw+7hWUNjks1odGlsVKlCwLsiGpY7My1K9Fq0TPSxfx3CHvxGMRJ+3bw8ND+9Ng7xRFQTx0JeIBlFMtaJhZraygFhC0m28iTronHXVMFgEQDoOzZAeVarEy0rM4fRF73RT9yTyI8Hqa/hFFD3J9AUECb+Pt7MMyDCzA6tV6DoxJZEMrnIHS/pR8EH6nmyNne769/9Wdb8nm1eM3I9/7N5IQdv13qzHvC9a34kaGkcNoC/XeNAqNSifO5GLKZIgNEMgZn1DHDRQ93uSrQ/53PuRt63Zz3GFSoFrdTt02xdcX/f0mIVFqHTj5lfqZcIMkvSxj0q0ryVMqsq8Qu99Pk9p5PszzTgubuZerCwAjlBLzZgnElhAdN+8g2FK1/WfC715Wx7mIfhfeo5uD+/DEx6a8qrg7KSU1W/KvecywcmvY5iQMTJIx/oHkpPfg0QzFQ7OZ7KwNMyX43g7mRnhq+m5E7Al5hRVbJ4nyUVfb2O/DGPXwmgR7U7dSh5pg07a6FKnxXXXvl9XN7tzM8WHqK+yznhY4azczlV4ukV0ujiMJJXeYwEALejZMEWTGuFkrgqFApketM23QIW6uUgnOKEtCqIjmBrPCm2NB7OIomJWbDn6JAfvmckjPcswZkBDwfpo6xzzIJq8UurMoGkDpJR+CWvqb3zkGrYCu0Od/yePXMLw2Pz/99POsRqS5QaXT8SzpQPgtBtW5Iv9dV8HNWyuqmrOaa5NHhtAs19Ii1Q4xMKfZqLXKqFDRfSTjulbK6F9zOEs03UW+traa099sslzAOrKcKvag7QMvIRFmv0FabJ8avWddUAhdnymh7hJ1eIKIGBpWOY1weGLH/JJq76h/dpsAh1FjtD31i68D1TmiW270vk1YZSS4YSzJbeNbun1MwN/NggaWjYIoDI6UsJ0cMUc1kSiUNRS+wuMYasZr+6IrhPgFOY2runvKnBMF8h0esrlV1yk51ZKYdskljBFtCbZjlvw1MMb9ibq9NqIGYw4js8hHpH6pxaAC1+JuowpHaiycpVxjvZFhpSaQFfUcBTKIIlOPe/msQBT4rVy/GiR7RjC4rQuPbWjheDk/n45PZfeo+enqXWvOjc9T8z8d5wfvSSqOnPqqsSAJuw2P92W2c2yxJIIo+8zk4wj4wJQzdTidzmdzPgGB1bAp+96ABcSyeqn5qbSvQVM612W/lstULmvzYURvOo23sB1pFvcVE6buiaU0LdXahFCUAA+VUr1BWg/qfFEg0GDlWosVaZxUa9VUaPVarQ8vnz4dn5/fvf9wOBxQCqXcRLrLPXom2my0Do/DagzTMBYsjFZAp15tORQiK7/UvHWHh33zumlWtjisRrqlWchKnZrBoC7FupZYTIW1TXd3vetrOTwAFb5Hz992BOvrmCM5liksDRvOXmn+9ceN/Ie2k5lwSsIWTABxMT9w+fZ+KuQInLyBFSK9PaDEmbNC6nIR+AWtqCy7/N8rhkRlO+9zIVL7QzVBOddePN7Y3mynlQbows2xdpHq23H1wh8SKw44yllYsXq5cV3ESp4/1U0kxKlc19ByTMYVQZEW7knbfQ7JdgRiH7UQCyLD9VzAdJKupySHqx5O4EH3dlcLXGeZ2z+r7rCCFE80tpGE4K58dNlII3jwk4LHR5lnf1DpTG2gKbqn7ahFTEOH6FzXn5eTZhZdmntdr8/CaHiwZZESQkHMVn/aJwAAEABJREFUhgX7lEs0z5NY1Uk/lXB1uJJYrx67cemwx+Wk/GdKXdLf1EgEA8EwxJ0nHYZ8Bdzc7g9xleNqjrj/FNAh0WecVW3zqy+MD1S8n6e2APl8Pi7LqY3noix8QgGBeTfbSRwOikgi6uPwh5TwfMBEKx3PeHsRsKFireRUC7asMkgwVLsSrWHgPIGu0QwPlt/YC8PrDz+y1zKxiZsmRy/e+cZP8zhPOBi1FPJO387c1SvIIykj3spdER7DMpWzhahouaTjp0tdfnr5/OP7j3/47vumP/BqXbtIdlaBI50YvH0fyQnLuZTtCwutw+Ju0NzwQzgLCdE05rNRAWz9IMw5N8mkER/afGdHaoM4VpW2S0WjkmUl9aa+e3xqEs38/G1GeBYN62y8Yr6UwzR/1rCkFQrtGgsUjDi2N9eMRmUUCY0Jh71iRUEIhYpWIuRy0riTZX7YPzTbRjNwrOuk7W0WbWe0hFkPK6g6iOdZtb+8QkqzOe+ijF1b1PPpoo3SzDisT7T6JXVpdLCgmGnjye8eH/a76agRGxpyo+xmJ241NouxhgvqezcI0EDB0k4SpP1ooKxmOmmiSZulZnma5tPufDqfXo6n8/Gi5VGXxb5RI01Bq7XM72btdGbj7+SrgGmyipKNCneHeX9Y2rB0bKfzZbEuPBZdo51o1IxRVwSi7C4Wb6rr97y089sJh8cHPc0t4NENrpNUwERTpvQmGle2b5hmfVAI0Z7b/ms/NEqpIb8zSh2Wxlxw41tuvA0TSCfyMDuEl8UIxIy1QcMGuDARGsN7ntpCaDastdqBLUVj3rS23AEJo2xtTmgoFqlJpWWWmaZ1quuuRg3sqs18vF4782ougBIsxRMbe1L4gEtHhQNES0PaAEH4+l70M9rzERlEXnXIy654PfZ1RaYsAlD0nzXsefiAI2pV52jNLY3Zb2ejggYRmu3wUIQyhw8dObrNVK+UW7rqycGTKcyLOLEzkzLOxDAFEgx+/Arw0aW3a5KhGnKXNhmdRFsWF7f/ktTz+ag3RisEgA+OWk62aGMpPsCEiOzGvbCPp3etJiDhfCe2JnUu0KoDgMkrUSa0ce1fsSCCWmbk9/mLaclYVU+sKU+xZpizfT4rM3JnUvWIFjD5UN+ilQE5hO5qEyezHVcs+EjflTGh06CZhdQuMfKSIm0zBbTBC7EQWNJIRImSB3ptzUIf7PUQKaU/WTAuD+tpj/Nb4WERatlZiq74nFZjT9rxpcktN2U2oEfZOyzBBAXYS/oI+UE9PgrnrJH2ECCVPW2nFynRzboKUjZr4hzZUF7fBx11BECKSCSLffXOiRRrPazjME+v7Yi4LXWyJgpDkOfJysDMUN6PB6q5RlTsGaI+Mf3EPN9jaaJcvcSu40q9OW1MRnl1zHSFc0pSlT+Ot/zBhQeKtvFoIIrzpcsR0IbZKDYPwy/Q+HwbFHC86L1paEmS/O0U3ozcaX14s8Fo1qOfwggVmlmMKhFxHlXKZibuH9uNfucwI94YU2Snl/RE+LPA1XgzdyX5BodYvvYz8I2tFQ525s3Absxlt+/x64wI9Ouu/rYHbQhwsPIlZXxBUn31uHPOr52bbzt6IZxRLe2Dsa/gqRMiNJZsuLr5zVSNmKaHx/2f/uf/43f/+Mcf/vSHH//pH/fv302Hh8b+j6fT6eXcrGGXoyLkpdnunp7ef/z48fvvDxbJbemfmv1hLQgVrOo2XMMbiaeHfQ87nQcJqAZbLyhSs/uMBWc/GjJUA1g3jIRD3Cq4Ssad1GiKgoY15BBYr0I0MKFdo0JGAYC0UXgxwnVF1bpqPy/ZqQD6jeV0o0jibPEmqFLKvKmlF7Rkr6ylBiwEf43iK7hDvvWvoo3080Wq5BfOjZmX++115O+4Bd92mGRguflQQkg4ETkgvXl3jqOGEmKGGJSmHPhAFznOCdyuOGxlY4YouJoy9z/YbP1Gx10rtkTRF7cwBv4fgdoXbnW1MlfVveqQfDN+PI4if9ioQndYLd+MgTa2k9F7B9NJd43lDSVhKltT9snStqwFGQ+V6K6lCLwXKHqRSNGTyfB8tJJNszVs10ZwtZPg1abMF0kdjVKjxOv5HiD3l4SKI/Ea1Q1FGYtBG8OTuHcPkfXFymGUaTsOpqzAmIMZ9Q213Xg5qxiMgzbbUjyslrOr7Ypj5J2s7CU5VQF4jKzylKnNwjwqNe7ScuOypHgxH/Y20Bvb22EgU0ThMNG1knpFST3DJuRMCDALcNQCIZpdt8iFVretl2sE3gex4VfsdQrFYBwsWfO80RM2b3CPU28+qJtzJKo1elkwB7H9lXkQykid4nhPci7cjQBXj5LwKg4L+h9PkvyWx12+9PVDp8iQw+fPn/e7PbmFq7B8w03+4x7mDakhOK31QtnakSpfT1dnKCFZrJT+jSxITptiKK/KD+lXH1+9CcIXzIjH4C0uE6tQZKEIHIr6QZXkdLDohYZqGrV3wRG30opE9iTfef1xlFdf5QTCs749R8ZrivUvggcx1Z6r9+c7z0huPcgiyS4c18SLl2EKHLW9n0MIeuV47StIOXI5WSOrWWLAmWAn/VcrBcAStU+yKcB2APFiljJsbiwtZmF1bczDaoJmMokxBG+yGwP87TBz5i32fvcxF5C3V+9yO73ldgbuMtOQuKM4BQdmutbhnYMjE6W2/4r3pqlspd6JkLSOjBbPanJo4Cw/Fo8pEvhxY7ObsTvYUmwPsAzDGgBL5uH6B02KNxfa8Xw5TZcLX3bN6F/4UuW0LC/ny9O8Nks/+2ZfuxaH9ALzk81WqKRg/9TBcspZoIBktPAwQqzEWoA1X4qG1eZU43wgHEAOMuNy8+cddtN5Nfm+agWUHVvvAxST4KhV4RYs1Um1RgM3vXGO9XLfrACR2U8awHFZ6q65Yeap/b0W9HBVvqldWjWh+DzvFnP5GB5IF3VwPKfDer1lXmFiuRQgFd8FiedrKlCBnOxWdg41J83u4XA+n+ztsjGfQd1miNPEZy1tYGOqHLAzoaZNpHlLcoB2e6SGyIa2ORjIa3yA6UvmleRgqCJSCzbXDZ/zFw1uIF/Uw1PrCdeKEZG5sJubVZthXOlAvpVKOJOzaYBetpgBuoprMrCsN//bY5kerbSdKasr2EqoBMV1BfJVlGG3WanBGeR3buAT7MD3cHA1QvqF56mIF0v3/lMi4xxSeuxomOtA5ianzMJCTFF/wwpQMNpSsRvCrXyt+jK1VLzF4HiZ2MrhH42YR2IPbSs+vRrorz5NuWhM92R8VQu3WPEW7GLbT9W7hmJf+QYZyQOL5QH9+stqPH1SNz2eW8IevmG0XQVAIx6NOMH8v1DdrcuOlsdp3VsdegqNtLr/2+p2p4Rt7mOth+RaltoPSpu+WtjTbsGm7wgFjGOAOjL4h5LQXPJsx83XKaA1FCmKYmklNLPrG94eo8Tk3KF5xwBgG7LBWoimYpfGNffsl+xm+al+enlWx2jjqbvZmrJqtsCktWM2Kxf1pLpARCdTcQ8foYaO94NRCtdcN6uJqfEmu8awS9tI2u1MvTrTBPiggUxr7cU1u/IjRJxP/CoalG2QVmzJEP8SS+B3N1bZxIeOVcm6KbPe58GVzu7gKLElIaONiuST1PPp+WXVnnTrrnx8eHrg8jDNGiCAuJGIE2MeytlwX0Q8ZNDj+lcDAfku4NjySV91oIFimHcKstaS1lruhy68LkjGmK05b61nq+xzMdh2Op//+tO/nc6nx8fHh4fD0+4ws4ZutT8PajjeH3bN2MIvKOtRVw9WTTzFwy5NUJGsaWs2QfXqJrC0BZnsrFnMRNp2Dd3Qi/abmQp6AHuJCC2+YzXJXMgaQrcwCKQ55vROe75clolMNJuBWKOCppW1C1+pGiyiQadaw4enF+ZmNl8u2nveAjk0bZI89kjMkjzNWix1brBktWIaGuRWvLifFtF+mPb7w/6su+h4PjeC1mpBU5trxQnzQRqGkPCeUhg4ibqVQawABkRwtdfZ7R80amW3O59Ol/NxscAFlchTscLdCnNqWVEO9nJGfxzt79IOLYV70ErmWnDFeoJShK46zaBzWunEN2nYzq7Jud2618Jp5+Wic7JoZ1FJCzugUrZpi/3QmRRv/glsSp0LDd92Nye7uaYKQk80xskqxTRmstN8sja7tcxYiV3exLFWRZ8Swwelyfs45l1do4y7/getxHLLLKBROQ1i0WjDw2lUh/p2e43bsC+jelesapm4KAk7Ish8Rc2Y6uVPLAUMSbXLyqBwj3DjJIrcKtKnuPFQ1jCazTR7GQaijNA1JcDb9jmby5WJkqRFS3YMzqixD0QeGpvLRHRHj+zYIygZn4BSpD/6zn1DQdtI9X4evvAyEsHuxoePCo0lZa9hVWQfsUzuWvVCP0we91V8JLjvEHXEFVGh1qRSwqNv3MMAGXkkj1iQrYQ+5hmMpo7a5eQ1RWfFn4rqJov/WKyO8kLrbIYUdPxyHYpQXdXww3Zp0wxYtjMvMfK+HVzKO/63MQh7W3hg7OqxiHgMxyxntA0IZdDVBL2WuNIARhyphlA3xoxpsBIjEGFZeCIN2cb8qgx0weANmQPo68xM2YdJRqcGqgAaD2LbAm4P9aDRRJ5jqFOXnFLcMIxQX/dJOp4QHy7iiCy0ECtdUZnIFDlEXySmslkOqxIWxO3UErfjuo1hCKl49RnTFuddc5sb3jNQfycK8WaaDEZAEY6z5ccim8EQsnj6R3IVeyYRcRK5Qzke0yBkVE54ROabp+QP7HHkIB7q9UYi/JdcrfJZkjivbm/nKw8E4qopEur8IRhUTYTusrf2YSToCgbP25HnA0GBiD0M5JyqZvAqlC3j7TuPiTbxOl/DrV86NjQSjDJ+vX/fDh59hQbvntfXlNT5ryy3dI2iM5BLtu6m/oQtO79LuERvnYE3z9SvmdM3HYPWNDDHYLZJ+/WLYx4X6+v6y53r71hd3nITHp4/0jhvz2HyAlG2eaw2l1byP+wfP3787ve///DHH/77/+//+/jh/f7xUOZdm4zlvDRfyedPn54/fUaO1uHx8Yc//vHdhw+PT0+PT+9tzF7jbUWREwNKRlQbV4FkRxTsL0YCF/qdAsVBCGtAxzx7tcIGjy0DSDLL0YKNL+i2iWqC+iqTHxlxkqWjcecV6NqAGdyG5GLZ2D4+X2r0qEctRYfPeAdvy+Bl+VBGhTV1ITyYYHGAhWRVImGidD8t96oR40IPm/dt1DKoWvw2S34gRp5veTZ/Nabs73tAc4bccfKNZBJKUCibt5ar37f3IwQ3+KRlZGLex2Mphg1TO80G5sgH8d+cDf07Hy4u75lipZukKfWQr94vr777NWyH12zqjeMMVYeHyOVhtJRKqdNRpn0BJ/iT3BCfgC5K8Hop5BIl4dijfdPBd011iGkye0WVmzI94GGpQ/Fg+bsy/vINxDDLrKWXrAFwY66ch8VhbC3zDGIZOeL6ZYNLgX1N2VXPxdoAABAASURBVHH1mrpjcphnLBFzn0CgAIFGI1p+VJOM4jz/v6CvLG/hUeWeJsihRJTJ8XrC59LNqtjCasBFLC1HMc+BSmPKAMBsbIVhDmZLG4CDiqdijd0kmiUC4U+TRFQZR7dUSX3Jbm22J18cJm+NhP4+s/Zs10xqgFvz8Q7xn+yAvWTkhyuWGZrjDwxXJaO10+QTLvFAGxAYWEB+Djrp7Cpo1WcSfL+gQoPRM8Vr+dJK3AdlRa0zhTFb9C2iXD/mq13MsX5XrOD6VyJ+O877D3v8CkmpqMXKvv34x983YNMcigodBi9e//vm0qsh3Jtd9zfRF4dw8/sbVuSNiwbV0XiLArB54gy7CIfB9l7VxWpEQ5mPxxmI8zPbH9zhF782OHy5+Z75DW/nlclRcm58intVmIanE/Vt4gSvpB8mXvKlcVRRYH804w+J1+utvvHRj6dN0dLtBmV4FnkdAmcbnOrUfSLpwbCWqNfFrQtx43Zer7T6yMFV+hLxyD/AusmVZwoBGzNjOY5wMmaeorv+NszCvil+TN5+MhIaJAPhGEOypDyAZBi1xPjtxGgmAblmG4a98boL/S0hO1/T/itLpDqlIrwFb4IEPq+HAGOuGlMFreuxAOr/ZGukUCPDipMIuNshvF6Os3dGmQWRQQoTyZf3t98Nv5YwPsZ3eQ+bc++iEavsl/dQHEmspqNpmowVDhDIQ1s59nAGKd3N5UBIH2RlDYoXJ0BjgCGiphBKXTi1J6DmXljObSfsGUW+eRj2OV1uTYE+r+uu+R5m65PT5Kd2S5KdB3UJEkhdTQwTo1Vm144Mi0sqfxKsVBwTWBxWOASU4EFipSDmSYoVhtP5qjFss7QgSbBR6755ITQfWxuFTNpLpmjycbFODZYMJ0FaE7raAXJZ6JLphF7v2rpDuBELKaqaZ31ZJ80DrzVUX57VqaG5weoPOrTPTy+n8+Pp8Pi0gceO70giJf5Lx6Bn3uGe7FDJ7Jfw5dtMapkA25ta/E4zp5t3ar08o747GAIjZqRNfjNxe4cd44pFSwkU1AWqTsapauFxU4RvcBA2bfew3BltcKfwE9t4ewtvqHUexue31xeZyuQreyNBROSuNO3Pu6qSYhAaTlfjV1I4Yg9HOZGb1Hhu4c6+SXOLI4GzonaWXGwnUHO7Knl5zT7QJUaOMkI1envgVmamnLTnmTqAZhUmhEznQZ0Q14CUUxSvtThMOBFFUy2HtRb0IuAi6f6m+LvymL0tnlfJjioR6JdAJP4vFqqk87Gk5sT5n7JznVK0lgBdtB2gtFN5jXlarSJKdmAyhtQFlpdWLEivt2kekgPgQDF+UtGNgqS/VHYz6mueX0bnI69nzvSyXnZUHidNp7K66O3uk+OMrkyWEbGYbcZC5RBWinob8GVokjIN9RY7WUKGhbQHMLfaOlHVAT4I93b5Lu50Kx0p8CCUKYqG+xOHR4dx/d6RX4gM4p5cmtnPFRF9ca8+EvNL8/Q4aeja44NO6LI2rrauFw2y4l2jocYL22tZgw/jljU7v3Sok1DDErkRBOrJ3MJoqdEY8GRsbGp+POtQMi3INob7aJhnFy795jaPd6N/Xmewg+Lf+YPGvuj+dr9WB3Qae2ShGaBfZQyG2gREXWi4QtzfpBPaAOJC9UJ8JDotx9NZTn/lH0/Pf3j33fy43xF64E7EPf6Sbs0sMgQwxWclYxNyWtzWH2qhB+LqEeFZufQwqFiMpfNW7ZO0SF2sE5wKjp3WzG6L22SBNUhfPz1fXk7Hl9PL4+Pj+tTsy+93875xxIlM8DWpsX9oLPDIx2ZkLrIsusmkBHOKdxnw76CLdfMEwyO/2lpYtzst/bQgFFEbxMxaZ7KJ2Kpt+qxuhT1KoVEUxtMy3fXSOBBahUrpbP6w0xZByzq322ojoUUHaf3yqravXTWipRGXBjEYResbnV6q50gq3c67yYG97fU2Sw97tXE3lfB4PrW7Klorgjoc7dX2vN83JKKtCD9bd75zAw+8aOjq7rJb58vu4anNPkRidpwznGWxj7Bo8U6ZqlrLFzMElMPD425/uJy1okkzpp8vlzZJqxYeMtt7Y8JV5nlps6Vtii7WFFDt4+3pZ7XMH7QGXPu3jRPN1SJQoy1kNev4iGt5aifKrl120L5LD+fj8XQ8a2CSctOoW0ZEPf4K26FwJlgZYborhjfEHPv0WhmoXnmXCJ7whjgB43VAtJ7LtDuv2j9o3wZGWpZJC6RztDNg3182/uJx9lYzRhSlwXGhxWCsopKh42o10k1EObRQpobCMHc25nWNq77Fkq5H01uQPacUc7823LuQSWj97EEnqxnlxFN/1XQIlwnqooW4dAmfKvzGTR1KYJo9ZePs5ohf1TGugf4Nj1UZzI29jFWsVWaPvXYIMGkJD/BGsbyatGm8FS4j3nrlbR+4bkKdejYGUWfZGayMwDe8IAeNarQUGTLzAOGcCH/FUJbxt5W9Wa3nLrlD2ZGBqR4T2ILfwzl4r3XnzNYb55CVOeHFauMpz2z8UwvCKa/WXzViH6FsGiWPFr9RNsIUvoHkQnu1AQ0xijk1XVhQ4aGMvxsB9A5zTmK8Ujd7ghbGuO/tqk02n3VcuI6lrXSiFC/q5jjc7TKDyOrPivizXEHott6HBYjWtPMICRVXJRiP7RpzsfojXgPQsgHRA8/1IzeQ18gUogw1Zf/btLql+orDZeCDrkP1cb+4GNz1F5dBqrFrM7Cv6M2rR/VkJPuo2clrzRavqHvz3fUxbIrxlJWAskvoX7Ly5oSQNSOg0EKGK+jNt3wBtCsbyOqvJLH04HcyDE+2nJ1v3iz4l9OPPzJiymOIHA/LS9xak6uTAwIdCxqeYlxRvjl1PYdKYCgeQj/oFgwlMDJu/MT8BbyN3GzqLsgYADCrkIvTPoE5RBkplnuLz9/4sJW6aqPkuDHFMOQDtlJXFrr2IrTVLlIx6poLj/DcZ9J50/DhwKB+5fHr7/Ab35njr1xnvnPC227Fv9XbvfE+uSmTIoZrGekpDFOiiaCG99VBMD8+fPzTH/7wL//8D//yL9/94cePv//xdDq2c5ZlPb4cP3/69Onnn+CyfPzw/v3Hj0/v9dBCiU3FWD2woq6weWToGmeGNYWUBZdGib72YQPP5/PL5Xy8nM96ToR0GJrVgJPop2MZ2BFcgggSTQOzCBW8GlsMN84fZyRjYRY0+1klwk1MWJjRAzgNYGy9+A1TwecwJmucyTxhhFYT1lKGzEjk6Mhta9VKERsbKrCGkhVHmWJdNpvuFx6jKcDnOo5RF2O+umQemL19eP/uXyO5tzI5fv3UccD+DvH3NqGcvR1unCkhsCViAETuwff0BHnI6DD7zF5/FmciMijkpYRpLnjliO/p7e/+n+AIc4TJ5pgNDniNcvGyrXQCUgsxc31UbyibmIpHFnpV5uQtA3z1l+G4M5IOnrZWY+nS29UrF4uAeE6H7MEEELpuguH4OZ8gHjntvxYPDTC4vCpvcRujQ2dNrCF3lUl0eiojefU3jccNo5VBNsXkOvzXc4uXByXXPylgSwTM5uW5GWQ4XHQE2RffBpS14nBYixa+sd4LUj4iik9cNYAY5cBZNGLkGEoujukByJIcsCJGJO5rkwg0QdhJKq3MfNdiGFBI762bfMXvk5cXMV4DadBLuW75vo3eNMbIeRUZEr8ArywLoNkfFktp0sQEL2JhKgs4kUBENSFFMnTUFnd3bkYe6p1n2ZCnHd/W0xsXAe4M/HL1JYitBPDN5yZ+3OI5h4kwr/jng/33lRH4ZH/zFv9PeXzLS9q5i5oUNWvs8emh/dp2C3s36IGMf/Fo/l3nXM0a1kyRM6q2v1CVweQ9GI383y1cewWMfNH0LwhS/qVYqjNAfvXpvusHtx85i+7yRcw03/GOby3nwJsnpmIeChmFQe2WsRJFS8iwbrgnYHseEQ2SzT+NJJ1rYpVXyIXDMHjzzUCjPc3MxYY4RwmROqZ5GClEZAmn6PK/By5qBjgIBzs5K9JGYArDRl9lHJIMQhO4EAWwGcEI0Tti7EGzeTsTAvFGoFPzU1dPbB3Ra2+dM9goRYZURn3kRHBSVEFbCc6QcBG5F3QiPsLOXc1fwnJ7GrvVreM00Bi7t1W81kp4njTKLR7NlsUrgk47uBHaw7BHJ4KMu8GLzZJh4ykSzUAoRbrflb3aQLya9PE60Ni+Bsx1huYn3wfwChRbMxOTCBBHdepJogYtlgBPqZ7Rq7Ge1bNC0Lve7HGSSoS4FEuSC1DkcBfFbAbbK3lBApqt5ts8RWFEDZPVxmHNTbq4HgvRj1Z9zciriM9KHakTa17Xpoui4ZLnhmPbaiXQdS3NUrwsl7k0T89clvNFn7SotVjzFOGaafLi+bkpwbvDA/fq2pRD5W/JNrg6xg+liyBbycnUWtuAiPXZNY/Y4XB+aS6iC9X+fGxOm6ZZLtXDjUr1PdCIT8tTmA/WY8w2r0ADZY9vxq5Pv0kmpjcCgVGgFQB7K9dfsKtlxDhfuzXz/dDSgH8UqlA8fqM3ORfGVPqkYoZBZnql1gW0NGppDGNBUuTlvLAcSiOasPOxayd256kgmTKwPN5IX1Ar/Gug58yzvrK6mhD/Q+SWcZuZVVOvHUyuWEEJPlOIKn1lnu3hGpRiwXBKGSU1Iw9Wbv9bTBZm0HaN5eaacgLXcvgWoZFXh4yaG1/hJyiueVIjfLXuaKDcatUq9EtxFuWBcsydcV2voC+1q/4ho4tXKyOPNrk6n7qoGyGBrRnRsS7NP/AgfJ4OqwUhCkV6poXRQxiMGd7qxraAvwxqAw9gy3kN9ZJzDNKdNzK8TpR7J3ehkHfLqiUKNI28O15DRkkRkMPWpnZ6DtIl2jKKfHO6OSCGsAQirjgXVMmyxiiFI7xCefI6W8+RD+VRPn7PS/3Xn//66XxcqtaFLDuNNLSonDJphSvoUmTU3ot2SH8JxJn1GEJPpbUNZ5vOStqbU25idbwt6gq1TN0i/cU2rxkhUFevyUxbRvoqcNpMXfHwqFgIw0huBJ2sMEjj+nU9FXOKrVYjME0LvjnCm6EUY9bGBrCftdTU+fz5r8fTy/HldH53/N3h4bHsD/OuAOHoCqxBCR2kDK/qIjBZYW/ERQPrIpIBLEnIBnxeJaOWdcpXqWFFEeu5YGbOiaf9YzMsn+flXJeTCr3lpIEL8mylP+pleWxM5ImbiXne8c5iA2cr7zFpzZDLiem80PlmxnMfdNZvzMakjGvoUWK+WkIMfKXlcqZn+bSvDxrTuVYNKLXYCoPtjHwRMosw2hUp70HFFJMjEHQWuqchCRpBUTQkczevcO43o6/2jdH2NPM8rxp+M2nzoOnx0Hj0cTmbnfxyOtbLZX54QCYl+3wq4yyy2z2UZnOfrSfRpWmIuq2s7X0b67unp2Y3PzV7+YlX61uk4SfradG2PswPj65JCYGfs8f7TpKVKiCexIphmPW6nbrbP067w3o5zedA84xhAAAQAElEQVQL6pOv62mnEeLW95mbId48BHvN8Gxmei0/1d7tosEx07mBkzNCT8i7N/oqKfIsHO3nergwKq1M2uWnXXtsNz0fz55s2hjC6lSJ7C7x6LqJMy4CQU68oW3JeAZ/UkS/YVchHLEKao7VbJMp5NJgWafT+bI/z8eXBnTUYw8vgk49wijXbF8W8QFO/VrOpp03VyEP17Sl0wCdjvohBUmi9UDffRLpWBsBJKNaQb61KRSSDmJDQTK8EGYiDQ2C/qK+mF3dBfSNPNpqmborStC7nuW14jG4FdvM0U23G/ojGTH/QglqvH1eAjHXSkLZSYGfHFb8L6YrHav/wvn7wFllCxv9DO53G48Q8EkMaZ4KUNVvMZglmBPbQtxWoB3yBq/jSJL9uAblzBKiolxx4RKmwFDacDl8cUX6i7hEorCkJXZdXX3SoVSHGRrFDLIvcYe5NiVFVYk9WwUf9G+3iEK2KA7mwQ+P2R7m3O3Jw7oHqJ0c69oLlzLTuDBG2hHWTKF384a2JasfDF2S/EklVojdAmAzWrPp/GCZ4LDSW8fKvhEodENb0YAJ+CV14ql4NrxzAfZrfQG8HGzR6B3AiQwD0ltatLGnv3t7qxq6oOrVbhJZs7lDrKBEwHD14k7xKsqEVP31qGmKShyUMMtSMdlNLDncoNmB54Lb+catAWSzuEie30VojvBq84is44di/je742pv4nM5xhdJKCcJOsMgtHY6GrUMn3CO4AxPzcSxjhEJdjaPVaFjzF2XD+6SoJF5U999+6JuSgmFimVrbhHKMEXKYXAQmHdNldik+hpJ18NM5kP9tGE7OWomIjdYbbmcDI4SZ0jkrF8o6IJ8yoZxM0ejPYm/N++V5931IoynJmPrd5YubsS3auRsjC8cTD8Vi9D5ekMDGVh8rukVP+ebMeHje9Sq15br079wML394G85+dXjdlx1+wO/8nCOc8bNW+Oe8tY3/tsctrBFbgWvf1J8i4YMtj5wTclrkHP/3R//8Mf//i+//8uf3/34w/7DUxNTL88vBi/Xl+fPp+Px5fl53u/e/e7j04f32kzn4WG/37OWx1XunRVHKLrb9Od7QkZsAbEkRkEioXbcfPn8+azRLXovNa9FlIm1mNwB54e12SwQmhy3ZGMdtsDkklbpoXMNmftb6xqi02FcZUkIkW+AkaACCpp0uhGpeNFr7CqEs6hZB70nLE4dgeWOYSuEpUkh1LaDXNXEOM7KKK4TeZE+ojReXXN8X7ovHLl/B5PX9h4SJ3bTgxXhk/nuja8/FKKr+zJ923bd3HhErRgfea5z4p3OfSS0+xo/rBE3TmNUNfkyMpY4eloDglO3/7l8MJe8Kg/FwQ8hMU4oFIbY1eoxNvZqXWvZmkpX5HWVQaWR4b2ujpGn8C+at1983BMncnNOzp6zeI6dymYOE4NG7kQDccvg22OPstxQaZKcbIIL0uaKM+rVeOwOpg1qUbsr+cWUfSJx53Dgs7dQrffeMUo9O/asYcfWEZQwQ/qjg865B+pao2JRQtkBehQ1q0yopOixzg5ZjB4B7CzFkxCmgnSZFVqgVR1X2yO6rqbZml1dZKiygRYRPXtlAeubCA+G7uLjN1KfHSAViZtkqYu6hr3MykNaZlhmohS2dCJBZ/W+WprlbPAqWIebpwZo6JQAjGb5E65okLn7fDyWo8i96TCP7hNUvAv4qYVZJeMcQDOSNISnQwETD1KHToAwGLEGSFEXlyhgPdr1Vq2ES4tt811bqopyisrqtTwpVV9a7pMt7O9qIym5BEHdrkQWT6+FO6lGVqTDb0Y0m4HYpqYV9rxMLLOdVF2SWB4xtMcJ5VjcWUsImTciE3uYz0eamoGS1b/mKcYes2J5/NXmRjN1psCOhjqxQTjcA7nTnTB1I5RcnNyPdMvumCLLRAYhsT3LLRpXF/42kO4XHncF59euCaTM/GXAJ6GYcUTgNco4n5sRlZqxTdEScUL7bxuCjGN/dRhve7tfgVlT6zLlYyEr+8zqRNiRO/nc3Bl71zTC8PLbGUVrsE9mxvXiGZSoiDbvWyLl5WYUEhiIaTsvb5hZTGVDnzN35RJa0VYPjFi3apV1uUDEdHWxvYq2/CBKSBM6sNs4ASwpCUfYe4VsLXNp1drOsxDF9W74EQguyfdww8DgXxfzQLBEzl6QisCzw5HJEbcQykkf1sx+9T5lJl8yIZHQ3gQsT8IexVbVfNYTrATFFPUAeYAc7bdFkrtTcEzP8cc5Xva8Vo3SY75BupZ238dF5H3FRKsG2LxOsJJV8wJBECeWCJYmzsWHVRB4HtwlikxRhlkQF3kMQbA0GRhkowLUOWTNnFWov3pooyPaYXmZNxSajMKtpWnu6qfHT1Y4OS/xkXtTCwptFLONOAy/2oblUaHFKwQUDkyDdwN9uOXN5Js6dAwMMMkQcmnxHLa7K+YI4MxpNQR3N5zmWuuzNEuY1pd1eZRlRxrl0/Qrc5erNqm+HPYWIGTOEROLLF55mamXjqSo2Mzp6wucQOSMKHyAJsw0iXlddtpR1tPQRLo2ERSm12lGdPONTLsHzYddm+54nowstJjHaj4Mb5UChAXnggXMiMaRTDtu3rTmlVq1EJze2spQIA5AIwOQntp0i0tdL3Wa8UrWlKI9edf8PM/n8+lyOh0eH/uwOBldYmPZEsOGT17zTOY7ml1JEzknwwEeMp/K4fF9c5ddVAtXjdpZm/l9m3dRe5+09dOtt8T859Od9ZTaJaLuAneQjW5vHhlmhwvs4FAGnYIChMHYh9Buym0WenVBGQTUrfN5wDon27bPKrlpe2vopKufOWNNqNvqpeOmqI5IDg59DydnBd5W95fipdWYQyONZlp4WdaXujxc6sd9fU+Hdu3efNcTuuMgbKGB6lLrIP1ralomSJoktTpNzem5uiFiDfEhzilLpyLX6fA7XnBMs6mJNDw8C/EglN4IK4iEFKaAhQIRz+LRJKiP4C5q7iZpT/aFjbYiLsW4I3uwu2r8zfxT2x41FLEac0ArFjxuRTw2glEi7Q/vRESbPAOfA6gaut/sDctAXIRIhYEay6aMkA9KpemL1J+Xy19Px8NBmz7PRkqox2VVTJCI5NoPYPGEar7wo4LA256fGB2ag6gz1B17JqY0bGeADa4Qd8IUf90gZyANlG6KmCJUr7lG5iMgL17Yc0PuI5IKmnNui7tPIW+ieIsT+5SCqvrZbZVmc55+fHjk736nuONnel7M2aw1Jlel5FXToeZJwzYxGvXiuKjVyY0ZgAZf4HeBgr94kTTsO9R70JjTSVOsbO2sZ7fYoL0ttu9Hk23chS1zlEoKX293lZrgSmtmBtHdA9oe7Ra7zxEgw1s3aZ/w5awpEFYrpGyScSTEUCPBKX/UMI72xbHW86V5yC+no4awv3z4/seH999P02PDSDYJ+SbVOtEmztkyMgqyQXhCfzJTZwsSKHrwLNlOCbxk1MDOESWiVw1jkIXXNP61r7v2hsd1OS7nNiknq4faRPxPx+f5r6WJtybnHpsWoHbfXVm0Bw3X/Xxonv+l8JnX9ext0a2x5WADoSH+yuU+primA8r/Z70WDna1flyWSwMATQvTgmLzvg1Sg51o1rCRxW2IZuspWEG1VZNWMTHTUNEeJEZf1jtKx3tZ1AakFmYUuSHThGbRznNqyZ4Ph33bYxpFUi9W9GXRrs1a12pGqUUEulr3CMXOs2jPOq2igVJPzTI2lcNu34b7sD+0S06Xc7lYG6L25aWe6rHdpFnPCwqxlVGksifriIS88h2xWrSi1j9td98/WCudqUn5y0VzI9RUahVRzHqtDWGLvYzWPLlcVLzobLUtvEzz5eGpaoCNVoUzjlqIPRMqcLX9HTgbt36Y9nO7x+7QJuay6HO1AU6zoQCnC3trNAmKRc9SLEpyNGNFwas3LGuARh3gBoWTe6d1ckGRWsK9zPMRQbQa+PvwuH94IPaAANRfRGGwvp8U8k8Vfn9YDrV5k2XiCvzSVv7EDFtlQmmPBFmu09m2cedcL7grGLdHC/jEQeEU57VdI3CNjmNL6k14crUMM4JsYA1LXTQBN4qdIExaHIu2q9SOVtGNqfgIAfPJB48mM+TzWCW1JxlYRWZGMA171lFTVCIgrzyW2C85lL8/u0GP4g7D8g7vfocBBwEManwOUq4+GG+FD6Q/pGQNrB42FHK3i4ZO5t3ZZbFriTmppnXRBamvMLSY4RWSvYWTOyo0hi1OYHWEFcVmEG5wmkzOnKrG809Nx9HgN548tVHpWCPpTXFQG2OkoZFbvB0BG8lpXWS8BqpiWr3WRL96YqPwAi6ZL53+0xQksfyDcSWIwe9D4S/uDn7nWo6DSq6a7zuB/9qnhEevrWH+UlAFNCRAUh82iEdzA/A5meE01P+pFp7mu9ObOJowFe3P5THcXq+8WjS0D8A72o+4itj1DmABW+U6kIS9TvHdzlY1x97diLaywz7Eb00eqiMJEZMSER0DAFbTMulLAGyTRwT5jPCxDlmUhFco7MWUqtPoOlBo7aao1XmxIxypV2pa7PArcNklA6StD1SGfRd4ibZ4K5TEMDkNbMEJeNzWjAwWGg5jsvmQtDh2NRkVdVTnwsO9wFC/wikKz4C7o096QD7f4kHH/gy7qPa4MvdSGmTnnvZKmfM7PhcamGRM+yjSnGXcKvZ3Dx7Mq9uZiKt8e4VTDMDbvQauM/pJcXns56SsWIdyp1XO9RA5KvfgykHFke2Jr75SvTqPvvzAtx38lZPF98F487tvam8yfLNWD0J312fPF9wsevxshjiYl/yM+KMffCVd5O4xmiH9H6dsfmX4dL0Wzq6x5MNXZo81iTmZ61SLALaPd4+P88Nufnr48MMP3//pj3/4y59/+NM/7t49NhVvkfX0/Nxw+fl4Or68NBzYoOz73333u9///vHdu8PjA6qbkBkoFL03sHY6ZwZg3/n3wEAztMGsaledzsdj+7uN5/Dw8Pj0hKrCPdYkvAwojqJ9YJvF66y4VKx2gAaczF4MjylMRmH+rqjevKzol+0j9L55zodM+18sgntFiZbBrVbJCxGo7bFYPRjLQ4u8TY+NLFawrgKQWIETQQZ9w69kTRvSlkW5N4fj+pMt28hvr6nWrdO50+N8cahHufldPKIat3453yesq89uNWn5tg17c+trYug7B0zHGVZ84j3dqp8ZS5dvHqI7pKb1TTLO2UvBh3wQ8Ou2hkUdGBGo2GuUlS7vJIjXlDGXGulnpnAU3OMtfJ9J/cKJY/6F0/2Wwztox+DcSGaPdT7imir5ziJoRwOp3b9xxwR4jnHIWtKU48cIcULCjXfF6joCkyFCPPEUuYo1phRRB6EDDVBISEm0diXKsOJijkBGXoxWrNZmmUorBUWoXTCHjQXOE08sdoszOyOCwb4INNsaUVBb1GVE5hQPQ3ukDBTmK1SA870NBXVTs72U9flis6YFB0R5GljfLJ2JXHOlRgAAEABJREFUY7JJQlxhB66MMA0kgtjylwDoXhscO5RK6fUyfK+kE966KJMZ2yqhZzqmq6L6wfjqvtvdZ+UQG9Qm0X2WU0+RLlzdYJ0G5lDUMdCg3K0rU9zQZyqgv3JB4Y/Y6EiSli7FAaYZlWtyV9BATP2P27mrB7CzpFMWdXuRZs0W06PSqnAUA98Qbh34dkGkm5M3kRvTXOlsbp6qJaRHlAjNxxLSaxXP8KaIRCH4DktB+XP/jJ0EQ1ikRaHLKkoUMgqwW8kwbLQvsCyh/woHp1z9GiSNVAq3jesin04nJI5ZgbXhBt/I6kcN8bVT6O96sMWdaNBJYydTlngmycwij1Ik6jYfMyMWb4uMc53zkFPaFcOkMag5TxD55S/LKIQQ46GUIuK0n9o9YIdZbCzaIRlgQg3ohc6fh2eYfMiIRnQlAVAbtgtOIme78FOyhrGkt3zQsFPApn2qoyfeyNgrpQhtvyQ39UYWboFKqrT5hU+AWWzgYqihvXhnDb9OnKVpFUUAL4fmFgPn2oFJqVW9QrGUFpFZkuFKau8cbvLhVdJNViu6MxSpgwXEfD5F01hXBeXDdkuwYTMzUZdi7ElGKHi6hnANMYGAG5dT21kNAmSfUq7ILzV2LaORsw5sQ2K56eZu9xWGWB+g0BHD4FZmewxNLCwb6M0BQAJ6NqO+WbjcfHzFfNiL97rYF9RT8FqDblLKwoCYihoEWUaMF29eJXYEzIZ4XjP1fz6/tIWbnhRn73Unah33l8tpvz9UEDtKLHdcpW9ZIE9nzY3WMiKrG+T0Se7ry3nxf8JmrH83H0Pz2qmeOe1sqahkBI/vITEY0zygU3M7XPZnrXuvecyX2XTCyfrZ19UhaA1iRavV4qStol+DW02TUGFsrlWyrDbxPrQGeKw2+3pe5SBB72ytZXfTZaf1Tl5eZmsKYBMoaGvDDmrBA9fBXPsGfugqzEC1HOFQ15cCPbXhHB7ePba3OlmghM8U4YVVy4WzBDklOqElkZCzc53S2g3EAkMbh18Jg3BI69Tcx+DMh5JByfCaQiWUh0GpiW3uSJ3NtDN1HSLt507qV7I4pugVDTx4lJumPbBijKiW7Xa1z+AaKG6nF16K9afQvgnNmLI2V19trug9fdgd2pIezARidyzWWdLKvWaeoSQz4dRB2APcJysNwhZib11luNuF08bhfCaEydW2ybGH8hteE9tNZVTqBwbHHfZkna1QKzj4LlCBP9Ab1ycCFXcX6MAUM09lRzPCCZuH0y3onEE/Azrl4SVCL0AFpMSxcVh5JidXos1uwM05kb09YKWg9+Z2eKn1p/Ppcd43N3BbnR30AOmmbOmx9ARJ5e/jc7ZaLHotSGJl3jB5V3jjhQbhEEI039/DB/MsFpBYSVEBpShZOXX+IEHgEqyDaKtzXgEw6mPqP0V+oSq73o6TIB4k14HQEZa0+U3zin98etIGFO3El0/PL8/qg9cJqU1UH3Y6722+ZqsV6bCs+DbEu5uNltEkACtU8YYwEBUERlnshd7Tm0mrF1vFXmWERnDsHM9OKttXDNQRr5krxzxKSxkmFb+E38QGyKPLUUuv9LsqR903hsmXi3sSDAlT6PW+TxDarELOeZI+oRZ5VqlxXl7qOu0ulm713bsmPaZDUy/Dz22RXOh7REEJSQfxVjapCJIydDJwQYpc6XjN8CaN1CqAIhYaquxoQoSTDVTd123GJ8WwphfYytRyYrpUWur6b8+fj8vl/f6hmYIf94fH3UNz9Gskxr7sKu2mup/3zQJ9WqyhiyWVZaNJnRTw3r4lOOeNcjsEtRuPs+yac3vrBamG+7pvZDOLllnZ7zQV7aTtjFBnwxc2KdlLXBRaV0foJUKXrHHkTvmul8tWZNDutBTPL9o3RqFMeVrWqegbnc/nU1um+bBvNoFSojytF13xjr0KnBtaiYYMegfWxMeP7943RHI8nZr53Pre6H92gzrra0zWmnfiLi+N+2pIyxqLWHJadHXQJrjo9LfZ3y1zG5+a2i/ndo+9HpN256lrseZ/S/ujx6yVz0hjY14+13k+G0rRtFGdnnncUTwKbsg+o5F2etntD4rS20scTxedmOZ8uPj+FkIfM28SpO5kL9NOknetSd4D8WK3GhhhF5T4lV1Rc6QBBiJm/V9WXheEJNrQ9i/N4bE7PLIGzuuUWsrpDipATq5pG0wUzlWFh22dFKZa250VYROixYCrsygknvl8hLzEoNyxPDBe8cgC7saa4AYSPzgICXInB1SOEoKtsMUYaaeluYTFy/82X4h5QdpCR8CM9/BcPUIlp1hizgMaJLtfQ1+SHGUiKod1BlQkNu8gtlloRFy+SAgqS2EmA7+lK+VI+s14E47PnSgGd5uz21S14vOeke9Qppct61Cnv91wu6vDGpTGt8E9x5s4VQ4qO15a4szx7WJQ1Zmyxe549JIn2S0+odaqTGnZERi0cCXik4qSyRwhGsKGMJhudvYS/o1VXJhLQBhE56svJLu36HaQwin/yaSAt1pLqZgqRZpIBoFoxJCaiBPx8NISZe1sTpok0ewHJjS01Jc2Q3FFLRNkAFZXZiGDvFufRriRJ1dYZ1Vy9UGxoUZ9WjlQLVSN3OLQagVeB9tWS5XGDRcvmAa24Xh69cEHpBhjwSLq3JbenhtUWfvJvntBDA7prfRVmGcwDTxSYFap7gIRv1njeulzLDCG+E/CUSKnYwyEZSCwKzVZC8OPsHOHddwBvKsMRTIBxW+FLzqactN/AiEfC9423iiZ3Tbai/pb48Wpb2hCqpAL+UB8oQh1oixCIUZovNP1XhUaztHrSiokstmw1O1BDYEgqjc+yTiRkSfmm462zPwqH98Vny7LNlpB7iKUXPITiYY7s6O2Tf2TW65EnjV9ffDmFX2EyNjpoKsPhmgbpoKZ2Dwm7ibji1+/VPwgyYeFbgf2pfe5nqkvHG89743HtaT+tiMEkoR4uta2hmWSiHyKf+LvNwfbXN06+G6/cEirvjfQEZCUpCDOwce5pmAVgULMM++mySqMNFPad//0p9//y5//+M///P0ffr9/eFpNC9D+AOtyOr4o6qtqs/3w/t27jx+e3r17eHw8PBzUsoScdpHLeUWRkOo1nPv+SyIM7MNu22/qxvmcV03z9Dg/tXs+Pj0dHh68HEggeQSOkBeyqmvEjli+tj6gDBVE8HwUupJtaRP0N+wTNsT1Gg5c7M+aqYOwe5fiINOqp2RfemYOcxZAK+Q1T1bu5YSTMDbUaPGl3NjQiL+8SQaD80bBG8+RN5A67Hru3zIhbAEwM/09Dkmdz369jsYaTXn9h9cI3lGFL62E/ARzNC17FReEXNK/n9GLLhW8dRNtIGk+XwVIzapoMciQtGGZu33N/+THHeHD7r9HVp2LzKTa0XZy75DNVLni59vyziwaYAiX1VVcyy8a/tsuc7/evVvYCAsCO8nV8QJdTXrBX/YshA4Rtjdxw2agM3heRphBGfSQdpFhCBuXdndBYXGCA8FZomMr0YbFvgjmFpVANYXGpVQg+yneNFYknKBXHAeaaUBO8mLqyJ1n1+9ixY1GJjgW7U5qHdSeBKukGcD/ucUQoI8s9pkt2Zz4AqilrwDXmhZtJVsZAWJhPnTfalKzpZ6R1XpSV5DWyTdjjz8m5bfhfjfBxZ8RyvpUYZRYC7RdwzfRW4S8ryeKMFpAz04bSatRx/ClWx8EKfiEGCAJ8QMN0GxH3gYIiM5T0zzmxnIo0WqV174KoYbgL284Yb1diws3khBjqQ2iArq/DOaMXePbLBO0N7o+vr4N+cs49z/ZwV/l/APRMEWIcjPkvXv3VK5qDhPRdTHJ7a3+ZtP0FhTx+gFK5/AYsjbntkADI7HKvinCrDIC3D4AmUMoU9j0R8r0bJ4IEavkqUFxfZQoQ+kj6o/gt81bdk8rVTj2MzgZlGkeTHvm2NCS2uy2tFgzMM4wqbnFgv3+seFicKiHEDVF/U/orRyZMbH7OAToqOG5y0427zvyxbgh/rUSGDLoGG6YxKvj5s7pnGkKpVrhpMnxKNxYuOufYT68Uik7j/fritU5rCt3ULZZIXigPdJ7zEezqXVo72YJ9spcYswVmj4C9zLxjmm2HMTm4VpIw5Gb7KrW4Dw5KuxGBQs4DNeCmLVIwkSxzkbgXre9t3oc4GknE8faMlmcAb6qX9ppIaO+fkDbkM1e6lc2U6L66qyahte7ciuXENwnMHxpLJN1KzVeXsd9knlnnWBLLK0I0s3Dqann6DRpiI2FUqKcfQyrczeY490CGdSiTVJPi3xe+WnaPz7ttaQ80/Fyfrjs625vKcPaB2gyI73AIKr7b4UmsGtOHN6b4nqukQPERPm+W4YDMYqKeqLJvKfz7mHyFH/mBGAWNlCCOovmYT8+npbLYV2Ppzo3HzNruExFebJY8eI17hrSWi9Wc7mJ/+YK2qE45jw3g7AVYxTkFFYroK+F0dbq+RSm37YxtpPbz/OkqRg6RaeX0/H48NT05BlsNndxrJHEn24Qk9f0lfFwW5jg/G5AlsjChCXbSEAzQvb75bBXbVkuskIFcznYNHktr7GqU8rc+dpkvlmJjXxWQuhzhetkhXIW+nay0Vwm8lCA0SiH+K2OvVP+8pDHBu9KtFbwFj8R+zCqmuLJbOYbZp8wZ3ADU0omPowu2XHyQx1VeEN9JnMVyFVIJy03uDYCnDyMvXrIShMq6okXfm7uw4sKxYYSxEplNHX9oN42fR3voIUocdTQc6HT1S72TWu1Bm2FUXgxF91+CiYZEcpuMGVf8Rqx3CJRoFykK8GMtXUOHuaf9tDKKZY8Mrw4QEWaAzsfkLB/Y+E0kKbMIjlREEXWkWe2x1kK56oud2cj7A5FN4lKxgXUzULnzaqJXPyDYKdtzid1FuwfhnR0ZocF1L3b7Emf19Ony/5p1/b3DkpEgSxhsfoBRqDVA1coYI3N7xRBeGIMT9VKqyk61BanQVXcGojT7MvX4CbtFDTSsGMzoo4O3Hm5ZQ4yWup4mD2hZIzMI2AMgEGBRBQXieuQ7lLhQeqx67zlsCvfvf8gzZI4a5jaejouF+Umbe4uCEHS8hF7a6ld3e9ipDdF+pE1LgCGskfXAfl0SKSzr6kjwKiOuJTNAlNq8YaMikMlr2EuAZv8wRQsxWXfaEykAb4FVPEvUMOf4NR231jq223h553yeZWDEaBBGR+6Cg0s3L3FZUXpXwtWetH+4nX99G/Hy/H5fPxh+fjDw9P3D4+HZuRdFGW16+aSvhkn7+ohsMbioVvakpkT2H2GQQ+W+lKTU7uTyyP4hilgizw0hAHC5iYiVQBoeAzKelmPuT2X5skULaEh59Oq/Xg18oKbjOPTaT4d9+f3794f5sM87TQrRe3V5WGaz+v6cjl/uhzb3yuhcB+Zsw9b3tFIiG+izUYm6niaUV5MCbSa2dpCQ3e7xZId22zN+3lud1+sPQKmQcvXRoKpWx9B542EjIAAABAASURBVFXDCiJgvreQb7+tqE8iVvPEzNdqOm80rbGbZng4l5MCkHPDBLOnWmqVs+r8qqAgs8a2tpPNXq6zu6zKELWF42QJmvvd+XC+nNp9jsfni95snZdl2s36Z7a+PA1GuJwtHpKWcqCAF9mymY0YVq527YEfdpfL6eX5fDq2d7loHMbZqpigcWHZHdoAVq1Scimr4h1t2XLRFJt12tV9re0mGqbilVWlVyLBCrFLF01GU2JuL9pwluz2Dw0y7U/H07MWxMF8G0VpZI2hIxPpFSoUKtok96LbIyUa2HCCcFSxYq/nxxHUAISLVoBKIMf2Upfzfn9qM9kuVQBkvQ7VC4LrHL34y0lIfJ1YK7Koxi80KLfKJ0T5Ts6Ey0aDxmIwQjrdgOc+58p8XccO92CPzaDgfv6u/cMe/2HRwGjkFI5HnyGVaopCUW3XSR0dANVHMlvQyWI7BhV5J3H+JwPQl3wksFPhMaU+cNEAtMmnq6QMDhZOXTQzD7EbOAKqdtlNnXPFMZRdGa/ulfB5Y2R99UjShWKXr/P1Kx1E9EjroJWNO+pKFod8GIwc8aJV0izhdOF8nTNWBdLX1E7iRXVtw+dIg7ZlYzNxNore1XWnwScTcmDgJNTyYJLWb73blCmCMRURjCLQ6WnABKXjqIjy2M5kgoqYjpwb9/LH70FXUMYZt/MS5hgLKqoFLlUqhxEUvVvtJI03U6KNUt/V26JGVJVdvmhbaIt7DUlhAVYo9OPCsqIlQhCuJD0QB/rATgTu6+oGJko8KA3BmSVWkMLaFbdw26p+XLwsFP6enApkICwfRXGU738CLiXl2D/gIwL+iVilgdgizsYH0rhVqFVdtxrLwQlQABQu2Io8YcedELEtO4PBRyVLcJVx48k4Id1s7ww8zD7VwcdITjTa1mzaOjcs7KYpcsuce0PIrX5jBRSY6cabS9kEIo9H7sxyc84Iy/HzlUvxtcMtiP7zqyd9+fc3Hm7b2Px6fYIMX+X6ObrvKcTx9VbDiLvcjPNWSvPdH1/97A3c+gvHN17N3/q0bzh/GxX0hnWEfVHqKPV+2XTIq8/kmx/ikojs4jQaO0GAUMBdPEKeJksKM6ccKfiRh+/eff/nP/3hn//b7//8Tx//9Ienjx8byjw3m9rxZdUCc+eXl+cGtBqifXr//v3Hj83YdTgcrNqcouVqPXEWqzUSVUu6D2BUWlNlkjgUwDWAfDppwWxzwFmy2VQAxec0qQHvVIS2ONCPSAOFxfOMtj4ZbpL7umZ8yrrKEIFCHUhZh2m7u58cXXWKh5f3cBNURizeYsCn33mxROk8RDwgjGZdGyyliDhxjnQT5HCngPq940b9958oTPh4JTeCba8zoermXYfpRkpqaLZKJ3/ro977VV47AfuJM7qOUtvG+1vChuVBZhyqz45jAl8KItoAte3mtHimiTPYFhiBa2K+6M0XnvpS0izbv7ox19wcMii7Lkn5F3GHf5cDoI7cLtwnsQTqxEmvHJ0hSjdUXX9FNC7u6yN566w5B+W7iVlfu6xfIOK9ivME8fIhlMYij7rOsSvRRs6fw3+KLUi+W5OEPJQhn963eHAxesNhDo7VyNerv7Cbuqwsu2djW5QL3Z+O2FS8xqh8C4LuE672FEcrN6SNMEofsp+pz17No2IJPuLVAsOvECrt5um3aE5SN/UNSH2PO9r2QMEOYILAoAkyrBiUpqhObAymboUSwfhD2+9W9JjbcaD8GgWK9OsiFpFwa7m2yhJUHSyPtWibSLJTEV4YCk9FrULH9eHDCEiXTjufQ1+CLJCQyN2WVup2lsJ73d+Io3ph7Gjub73Fgv+JmNd/hkMbE3IULfyvcog53upFGYBSOJl+PZt9UQlo02h0PKwYwMThJWX+unwdj9+QOIMTdxteHhJ+WcCMsYPj5qTQzIzHrEz3GYjnXQ84wf4Uvqu5xc07oA6uIl11uB+y4BKo/xqAHGKsel1yyvTcuCgggPd2vr4nHhngS4gyQUMyFLhPyTg99NqcDEesQn8Qp2JQI+PxRnuFSy9miIHekO2kmoVaUdZlI+0ppDXF7fO1zEpuzTvNAzBX75NQ2LvE3Wrp179bh7nCiPoMMAu52e04fQjDy34Bw6TEYB64NYcUi3AlO2MAWfgqf1Ovi1XQJq/7kCZv0NQInPHUwcbgnAtzFY4Z3CQG3p+9mY94rYBDBqYX5Rla617N80Lntfmyz23qL+LdfyYkT4WjC1XbYETUnNOJlmm9rAW5xWYD89TuTgpOTk7heOOqHrvLom6EHXlhA/MT5hDJN12jo8OsrgbN/13O7fmTZqaslNbBoCFEomkeXkXJPM17mPfmV5ks1MrnyHXSatX8dfTqH1J32Arnq2UpK/tsXpjDw2LVRJsjpo1i1uCVa42PffxJI0zfwkLzJrlS1b2Ug0medQeoc2y/Px9PVeNIVqUFS5w23Nm05Tb+aeUV0RweD6CrwqHcbbQDbStTvLd6pKrH05wND0pE2dpc44c6UhXeHsWHEVlgj9R6FlOASdcEC3Wq6CyNvjpLkUgRw6C4Q7Vi9m7+HqZtECuUQYkcxYSVTtClRA3BjV/MfGoetnU9np8/7g7vJ9pL2XvFKOu9QCvs3PCh2uZkR8WyFVxWv+cmdTBnLyZwiOUerb1+i5RQGZQlfofw7aptadCgiQOm2mwbxzQVqf1ZrAoOozc8W1Qf+ZjNgl37RAUOJTbPOM/N67WUddKIOovMQpQMNHjwrfRwcGhrkaKImELjeGr0X9fFSg8h6pDdXZz21WEaRzbr08FW7ETqS61/XY67s9p59sa74M4XSzJ234hSYfFWMSpBxNfdstbMEGXUiNpFZSsZmd9gZ7har1fOk620zHdJQIFIqRtt8Z4k4uEeNPI/2w0e8zcUUXHk4usUGQw7Lu8enlaLAmjXfnp5XjTlTTthi9Z7kp3meVk3E3tMhCui4LxyU+y0gr8tGnTK4uQxO7alfLjtq/ZQe4BmNJPVixSP4Fh1TDUDRjjm1c1SPYzEX9pdttu5Gj8QyhwJCt6W/cuYIp+dzMQwW4uyRawRWGIYGae7GxZI+epEzbzJswaW/CTNqFo/L6ef1vOn87vj+t0Pe6sZ3Sxd0aQDEZQwBnIiwKsHIBDHO+T09Q9i6XIlIYtvFwRSIaq5lAZ8UTuIK6wGXvKlUf4Da75bWTV4clrlWC9n7SpXT3JZNCn/cjaEtj6sD4fHfdnNpaD730EFvTWBYba4E8xPRCNZ6bCUwiO/i2VzvBgLAiZgdFWl4YdFe6vsDvVhp10ci5W11smDUZe8jJubftq/Kxomsrkme8qn/aA7WZNf6grfJ1t18YVONLkpmWbLtWx843i5wJ4OA/ROo14A4az3IXKdzJhcS7XWPKssq0pYq3nCeqPDWS3z7cpJDferdV5aLrtVDevzfjdp89Kdnl1QiIjHBXXhZSU54Jg0a5c++PDw0O7exP2l+QROx3bTuWqsi+c2ee8kzfVZLdjU+hIpOl8vGqhiyalVh7bfGfuX0doAGgR0qJD/1Voo6ou0/+Zp/2Bd/FbbrdrNR7j5KM4KmxRfrNgknp1jbOKKVeUeJiK6UUNG5un7ysP40ciYHaaZC+K4rKCeRriX/W6/eym7nefvWDCuvuM0d17qG1UpA51NrMISHBthOvK/kBAKSGehL26WcbYnkQexfTnqyrL0ZIsOlujqpd21beC0eoSYew85J0PLr8Lt7sjL6rdXRDstgn6Q6xrOFbQYEW/IN+gBlIqA7hAPXBBfEwgCl/s4yyJWK294by5h/CrX4Quxl+/KvpsPJZ5+9YividgoC0plTIF427V2LrgO0KZsR/gq7MwV9KmVGHggYg75O2JR5p4FiBgFlATDZyss1WKljk29bRvvTFpdrDRgZbwNQSeGrNDJrXhjHXtaSWrpSlU/rmgUS9sjDPj6q1vMMpBr6SdltF/xVlsEyEvZn8kmqsJ3Uz1eRFJy0WKtDtTKxDAR1NBbPQjZLledMky3euWKpql9lh2Vwpwfdn4I1NQ8JP+mAEYuNIPpCeqFymjjCltFvM5AJSC6yczCLr6TTaUOyA65DH45UDeFxLAT2DruDa5TXXRaaqWUcGmQc2l/ywLpFkN0VOA1VvD6xRuI9z2YmRucE8YJxhyWB7a/VmAZ5hDYMSgvIjdQlVQeK7TTEmbrOBWRQD7tktvBtIoIKHbp45ZvBL6kPIQ6IPkiXaOWO0jbKXyokHeDljk+vMujro43MJO45684Mh6ME0/mV1dbkres0pl71mLZKgDi0PSOFOYBG3+Z8zLdnvUbHt94W/4bDeNbjlfHgMn7sgfheu3uP2BYmWApr4vUrUoKz6dROVrLolaPaujK0nYz73cP7959+OF3P/zlH//pf/6P7//4+/JwaJz8rKD/8vL55fT5ZdXOlMqZHt+9f3z39O7jh/cfPx72h+Rr5/PZ0OUSwKnnpQAh91mSflSrmaxlk+3v9onGaB/ajQ8I++6TA23LYjjy5JyXKDoyZSYkWbIcQkcQFrCi/lVdB18qk/dz11p32ppnFYBkBKY4O4qGPnZYrInX0kPsiKketXodLndergg6sQBImbT+8ANmoxdfYR4NF/e0+LcegVSHelMdXsqWPtxg587bFX7YJkXWl5fj8fn571Lp5Ct7NvHxhqG7aBPXSgbOVuCWRcg/JxyAmccWgoZUHVw7Ug+eETKMKRvNxdS53A5BrhAt4nsd0GzVlS+/mt+Qfvl6//scjJ3F4eMKWT2ixjfw71cIfcDHb5iY6+V79eDfZJ7XiFxj+NqQXWT3h+3WjFyjP4coyUWkm0tjUDH4KDi/1Qn9LNZ0ltVhZU+RfG2QDsQCOFLqy/5EAsip7Knc8ZQr1mND3WqnyEOfTJOGGt8fGMpiPJwi4JiRQbjoFrQYRIIbQjV0bVhtFTuDkO6pgtt1QyEB/FiQcqwPNRWXA25vr+KhTY4ZC9SOVJAYIdRHbW8M1O3mj6kn9oI/usCFhs5f3+aA84VRm4shChDoE7MDq5F6ClDDxawUlvJrvzJ0iXRno8KK54qKxdDPxLfYQzoDpNRGY2E7G+sDxYjUcOeY0ZWVnMVgyF4wM5go/Z/jNzywEfaHvf1CXa39L3EgYV/5Y7hPwDxDVb8vFRQ5We1iflVq0N90liD3tyjt1ZM9PLmEd38rFt2YmpkZYA7YS1uFSzpfJXfuhrT92qbrXw/gaXuKT7afzYMgkLBgSdjiU7MJI6YpE36F3IYtXln5hruA/TqjD/AjMSldAn7x4NTVO/xwAJKYhAAMeXPVOCKTHJU9Xs8gzTSDYa+bEweTAQczBQe1+h2rVisusMNPYS5nDze/mfWwtMYN2euDEQ8PuD4k3rcz+S9x3tf2gU2QyCbFimM58iMOVwnyFcRbgxOMT3Dj+nmJRgSl/xHyCHQOd+8IHvznAofzQNpXQxSvDebFvczSp1GiZ1kvsuzKrnlWeJnOWq988+YCAAAQAElEQVR9nScL5VREsTZr9y4tmN4zTkfcfJOXqXnqSyUP70krV6LwmFmmKGqBKYeSaSoopX2Qh/wCTEJ72d00P+33j8vledmdLlVztbUfp+fTiZcfs2Insaws4i0/m8diV7mEesxeMoZQ7KRpoeelTIupmhqlYr1jtQR60cxnjVBcLofz+XR6eW6CY7KSdjabFv8+sqBEBL/0GHig/yMlV1efp/6Vg4bfVFsgf1iBvYEmzbBv76ANYzTewSNt08CqdGP00cl7rZ6/y/6YQL+3Zj6Q5Fh58VrpjanfeL31ApRbwUnBEa6Zx2uCZ+O66ZcVTw4Mcy9oYFkUrpV5F1PmA4pXy08ZXgH/Tlu3TBrHpAlCDbg2cl4usp6W5xc6fJwPT7P6j/daRMfCO7DopTrdOVhfUQJlfC3Ut0I1RGuFtkm5w8+1/5q81+eIOk9zVJvMOf6u+YlzrYHVYItHL2L9aLIdWDzjU6nBgrTFdS3jrL3fTfjE1D7UTDLtD2uzDvW4Qi4Vi2ex7Na6sf/7AGpXuBjhSfaPkUTzXVJxp4gH3214awosudXaWNtRXOb6Sc7TkR/m+XGCt9j8GNXpo11mO7n9N3kYFIPXpgFXC7yIz8Am1jYmczMk7oKVvgqIgv5vP/8CrPdQhC/r3dcWlbiWs1iQRwJZ/FEnibBoilfL2pfpw8O7Ir7fPx9fTur8X9ed8oR5P1MxS5+ANP2fvFGJrWcSXcWzeq2V64DNmL7DWNzEoLreJzRBtSwK9pRjDmtqML7OIhx4hLG+v7nckcb9g6CfQfSYw4k8lYIgQAwkoAKnRlIq4HBjlxdNoGBaMYmeW2jFTnQvaXeTuh5FXj5/ej6d2p/PD+9/fPfBSp6optlswBO8ScUJYhya+P3DtjUs7vg50YhfAgnF5zbN4iDe6jpAlzZNQJdiJUgSUa175p1MD2V+2GsfvdP53Bb9oiGMPGkv2uX5fHp/OH94enpoG8vYh26feTaFXVnKy3KREAU+2X3a4zUHyuyL4mYMTlBaKwwvXhl2mZfddNAESK070pjubEEhar7O94aaY8QEBlJSF3f6LE64WpwjMo0ui96hoi/eVHa7Bmcep2nWtkFar2ZtEr6NZrffeeMyhB+xdzRW+tZ2PWwOf2vBswoaR0yHSRuQabOM+Xg+tuO8Xs7Hc3tKG3gzsu/2xPviioBpJMaY3Y3YFQXEEfisrGb4ng6PT/N+0X46mpeqB1slNiviDWOGRshqROBlaqBAX1Pvo7G0z+tl3lmwrtZx2U+7GTqC8QCvOhDKiI4AYcNk0Q/tXUQLpljtHy2i0hDQrr3U5XxqPMJqpRWxmoVOaERf4IgcmYJXrK/zdvF8elA2ahFUyHXt/eVNpzQ/9XJeptM0o0WqNinR5NnDg9a7Mp8BT6E8ebE4w71mW7MIKgHWhJMDlRbITVuWoWU5GrY6zO61D666HTZ1iE7i5OKiIZj/BkSJ6yLF33kcZfxc1MONa1f9RKuZaKudojGfq4Zbe0avOT6sPJ91RZNofG0GMI5IFIptSjEuN0pKbEAiplswdv2r0Cvy6PbD10QbDzhv1MXv3nZzk2wlfiUBurr0hWOLH29aIaQov19TIVXgLZdmBLZu7wW1twwKAS+EOkyelkaItsN/9quFAtfixTdMqiCMVwdUJvI3Z4fQg4Jgv9xCIzjzuuaOXk5fOjrqqZFP6EHMEqYYAYpgi9iIGtRgIF4/l7u5IF/eRwVNRQnWbZt5ArAQgCJ70I30+h9+EvvkW8SLIAPV7xLyZ5Qv1K/LbRhWvjBts/QcDh/O0MYubpUGk57bA30jMj5kfGoSBiHyhgKy9AAXEIBrLAkk/S6FJwkNvSttZfU3NEt8hZWcnF+wDOgm5hy4nnzLjjAhh8yBD0Od8DegLkG320rGEoAaHDlRjwTGlJa8m/cF5vjB8Dceu2U1FUVgwWYjFNcwmr9STQ1g4BIbdsE3nxB1jYFoYxt5w/E1ZnLvcfdO4S9+GbLgzq02n4QFL74rLGMweVfMu+bl1r+bAfArw2b+linit83Qqxd/0+nfeP4veEQcVd72Vten1dcfWLq8+8LhMi33cG4P3p4UYCM+MN7hksH2jZt1TAWuXpR8ng7fffj+H/70+7/80x//8pcPP/7u8eP7aspAw/vPn56Pn5+b4WtpYKpMH3/84en9+8f32uxGkd+c8QlskFPh8e2KMMIsotSQbBviZIRHO21nyVqIOLGSw4N2YNu1WnSxXnG5IMAANUf0BytDGAkD+jjgH5yJRw6suEtJMzbXBW10FEOqGzRLoWBH6DP0dXcoMFgipZ+7cdVt3qiOAmUCQSdtJNodb+dXifzyvTEeKdPT1J7WnldtAkCe8ClEB8bdtBPrInT89Pxv////9fO//u+/adCJ0B1/7fhJZb5rDRnrjyeagS0DztwVwUQcAoq8EJofJN7bYuByr+y9yDPJcYinbFohN/gpSnqzKbwMX3nx0OL+sx6mFkCTZkQLr1r+EuZenMBvc5TWwfopw98UDnWKjRnrxAHtf+EElnjuN22/jRzD8kkU3DFwafXSzV1QqGzj/GREzGHJ9sFn5aWYqxKxDnx9h7iLxMZOpnPnNYwDVBTOtwXyADxLZGEPNNZtsSIl3DYanB1hVQodm9K1ZIpwYDd2su+dOxNDKeyIeDqONqtI6hOhDAoR91wqAL1AAkhYUK/n2z7z/Hivu8idDhnxhaEKVOjXuEfhdA6rOb1oQiS50bGacLBpAHq2/CJx55nd3+plTVoUxq0xaF0Ll5hTQvCfci2KLY2RJJytBQ5Jhhbu9m/yxGefS0uVcceTKXaWdCnFDKJwQqFgeiJz/KDx/QW2IjcNcBCVwwRyh7brxm4/Q2fTAlOSh08Vy4yyoE0aDRleUxCaBfXuOqEo3ULGGwYgb0Fp93nxvyu//HUP5y9fD3O1nxUJBcfz+fsff+D0ceZSDiD+7q2+9RC5cyf5Le5893IvrGZ+2Mn7qHQqxWaBsf1mTNL9qLjnAITJsXC/1LflBgYJJeccWAy/7eVw0WQcRzxWFXfxXsGJxsF8xdiL1WbBC3p6Bx6dq226P6Ta8GJEuYvJOxT4G4NR46VKtHErjopCG2A3wRNlideAp/hTYNZzBkmc+5zzPWIBHP8Y1mGfTD9DLN7N3wmYd2jHhldiFHWyv2D0hVNtpcECLD2eB7cvg9jUeIOijd8jAhj3Ldl+OJbHTUNe68Bv5c77YjaIC5s5IshMMD8sfpXOpxYpn4a25OJdYxxeU9ApktGN98lqNefnwehjbiorfx0r0jeVv2eJJR2KDAggJ8ek0BVB+AP4ddOq9KXO04YZIi957BGx1ZxuWCy8ndsDaqxLNb+bKoGr+bjYG2OUkmIhaB6Qg900RsV7KLjxquKRhptF975rSUkA7m7LucjZsemvU2220dO6NG/Z4WknZDEoyKxU2TitlgC+M3VrsiaB5omo5CiENc13uiCM0zJ5CyLQ5Xoyzc0No6r565rBvPl7zP1TvH40uRwVLLUHG6/N2/2wOzwdls/qSllmaZb4ZtItlXM/KNUVc3MWd3uxKonFbJ7L2rxYql5elnN1LbeYlLbqJgtPF4UjO7mc1Lmzf1hY2/CVqdHenubLvmmu59P5dDyqe8Oa7EiGvsXSYsm2hetcXbyiJ3wyVAaW8XPQsE4hvJq5ZhqCUjRb5GnBS9XL6p0AGTCDNTu9aWrNWHlppGBLshpfrdaXCnDfApMHSga1gG0Fm+WNrEq9V4L1506JVFQJukpjqETdZwSTW8XXOlngg6Q7aEuWHVTR+NobJB/8vTJqx9eaCXoETREt56PnA95s0xLFzp3w6qjYaoSnWE8r2E+2kdTZ2Sb5rBC2HMg2zN7KJ/nKZoIzOLZtaOtAAjmgm9mK4FdrWAJuXiqnwkthvo9PmMY3HeCuvoM1yZQQdpX6dQrxi7WMtHOLRYlsIreswIffcy6W2WyJ/IRKF1IjmgDyJmrt6xRWQg58kd3UKGt21+jKF6xBKJQIrKkQ3yY0wRwkdSwbm/lrRaJ0pXNIC5y3ZEjJTYE68emjjm1iZVrEu4e+rEv75ek4fVBr1g7mNvdfW6YKSEDDiKwpj9ZmqqoMVEhp2626/BOFxKkc2ZO3xAlSKlz6Pt1ivBqSp5Nrd6Kk3MvwIATASaj2EG80npZEC2jkdqg76N/FKCN6iMUzSE2sQFhocFDMm+l6tDfv/PwINFX+r5/++vPL5+OivL85yz8/l/pAD/sHrzMKbu+Wn+rRMQhgMWe8jlEiP9W9aMaRrW6TNrsQL8LWYMIFs4Fa+WW1xjbekxkdIQc0zinCwxBSBxZRxiivjhJJ4RKYc+iJJB4GKx3daArAZEUprdRE5ZnR6QSREKZTIi038hOAz0wTJxQK0g50k4Y3LaT1wi6f66fj8efzyz98/8MfPnzYMe813rbwsoaD2vZQmDmc+doeCNcj9/3rdYA7QgIP4AG7RM17HWUBJvMhKxmjAoo9SjFke1stVlRo0fobKrmbA//lcj5qb5hmIa7HtVgXOgtef1cedwdL/tL77Et5d9gr4DtyY40X+L5tLSpn3KLNLUdhAgmAzR7rExsEpGqQVYdWta6GstulakTlvK/N+L2zWtfuWkaqJbmRBBDKUmEKqulMYPRJPDzLTqNorC6K7W2tj6JOWK2x1H6zUj57Leoxz8eLxt6gcMSkVV1g17Enq70dE66ftXss4m140b1r1v3T0AXPFsvStsyLRWegQ9DpeLIyADTtVNvQsktpUHCWAHpG2GJFUWzxQCVr7jvNe42p2GsNldNZc05146jk0imE/amIxgRpZRO39qN1UVtYjReZ58Pj47xqe2HtlVjQ6VfTcVYPQo2G6bZMFWCKrWcyaUEX9UQ0n8HD6Xw8nl+Oi3Z7aY85abYh8vWdkW+P6sshEU0z9F6aIBfWyPPJwqOwf+rDfbd0oK1yAo6GFVCkLBOrjD5fSrOtNMymldtnRWjodk3QbMxWhuwjcDND6GXy9svQFh1Uk6VQoglj2OLC08xpHeTw5TtPdlk3Gtps7/bhx36VEIdEKQJSxXLoBfxgjMvC9FVwGYrQxis8aVix2RdlrlHtP83wtvaCvjyh1EhwGQqGOKqh/dEuibjSiA/1uhponu8ng7lCRKHxvnLkJOTDN0+JKa20NVOEOOCcQHLvyhee5Vd0G4UeEffX8eedow4LliMQv5yilEVMqEcShw/elU5HqXgWpHEokRb6aqx/tTiP2RtvCSRzCevtxBxPQ7ET7oRjfyWT7YJvXfwVQubxpqCvWxfGF+/YPn5kXmKqhxMqRJ5XXK8SmXkmuCiKUYHouItiUygLombYTaVmTPB4LhpeKIc0aBP+de/MMtXYYDabGF3N96PgGLnNuv4V0Mqh3LhSVTZn9p8DQiAmxhQnidi4OLcExi2ezeDkk+g434uS5VNGmpHXIsJReoyL1vxKwZ8mGrTPjayVhPqURAAAEABJREFUDQ2jBluOX8ZVjwnIn2X82eSqRWTXDnrzW48EsdAgnrvWGhswKxDYrHBuMBqtbx3NdlNTkBBQK3GYwqlDYtmyApYh1pbojnJNw+evbfB+2nBn/ioz+fpN3n4LNi0r+aDZaOT6tlfMltPlQv6kanUC7QbBZUYFITxbt1ZfJ24pN5/dG+mvOn7Z9UK/3fH2sJKrfk+0vbArcfeP5JlWvjFfPPAuvUoqHiY2iE6+PTEInhAA6BDUxXcxAjAwyvz9H3737scff/hv//iHf/nLhz/9fv/uXXuxRavwLc2I9fJyPL2cVO7M84eP7x6eHn/8h3/YPzZ1kBB+YSBCD2jHFWUmnCDxKpHBJZLe/ww3yWAAinATb1tjFUQwDzjhOkglw02iwQ38GO5aRTc2K0zYIC0KotjwapYYCaijuWSoc4ygkwBpJnisoQ+aerdHWUHBrLzCXrbO/lhfeKne1U3QRQG1Bk13mDQaxlWawZ33GrHd8qLXyVI6Gv3KAQNkxnRDJOgirvX0/PLzX//68vlzQ+rvPn73K4JOrrfBF/Z0ntnzqzjqb92c84UHSq6ul6YJCBXbAHbcOgLueBwPj4GsdNgVqKDGAzZNFvNa7kEMLqHkFTZ2taYyYI+vyp7/OAfHBEpkgdAQliu/4j1S/5GbmKlvmx9XWO5SXlccaPzpbpSWUKJC8sou9j+iwQXZzRru7RokcYYqjU/oEGSgDGvkktPmbD/pXtxUbcHkxkq9WJMr3lsELNtq3XF5aqlW8FTLpcwTWpZrM1wESUVEc2w6B2JIrbAxwEWZPJFQiMOr3XTsLY4nkHZT0HAsssbFQtF1Z3IEumlWh/eJrGl2i/fn0AmumAloD2ZEZ7z2HGsXZPYYQHO+WnLEA+EXsS7BdCVg2c34VYJyJrMNWMudmHff4DwM5mb+45OYsUCKzCMbkTAuUtaF5rCbQs1gn1dgeHB3NJOzz3GfaVA5UlHHm7n8NWGodr9UCN2gKJQ9KBLLugUjjN10uwnN4Tt++jaw9Fvis//Kh7m/GgrRtlYWgWurVenvIh3+9oukhAjcVszLiK7Uke/lBHqt2ERDMWBN/HyPMKHNB/8cxCsH86RfoZ4omJvTikeDEYd4UJgM+WHhEhL4Nzr+qNoJydQwovYECOODRB0REzBgk65g+wQhpze1dQ4b3SuvNQ5yMxQICA69mVL8RcdiIRriVVw6kH/gT5dgJoiko/DPDZyLOie0pmpmquM0u9BoN+nXiM8w/ApE5Yqbu0oAv/z4ssGhWWQDwtwnUs3xIBQyFBLELXE2i5MZeU1d8hIV+e7pFiJ7eiTriKOguhbIkMSEZS5a3Qu6Tdix9KehUYPeDbFXBQGGWcOLrlYyXt2F+zB1OSscQrhLJUlx3q1a8VucHgYqubotHNSMEsMxDch1qvfS7rybaW9zIMhucNLtCDECdxw2h06EVaAeieJbWv/Sx55lPa7LRephLs3X/vl4+vBwedwfmiujLrqTmg63o5XLToMbJqoLmqZo4MWswZSTtqS/rKgnzAPZDGbfnCQKstBN2rRCjT5lr2NOo8QP6mD1eauT7LHMh1J21Hzeal4DAGreQmSIihlyJq1lHe244YFZlslqITQnmyoxF5Cpxido9MalOeBm2dsP87Scz+fTuSmiMJ0qUGmejNO0knbYeXg87/Y76jO74ahyI7Bvyamjry+ednOYOlzKvJ8P9VGV6jZeOtMatmILZG1ctLY/+v5tp02ajo2HIkTZ4/k5sbHyDit87c7+Kp3B2P8D1qJkjOO7DBpoZ4HxiVeVQNYCF4/SweaQfhP/l145tnZV/8iapmAjkETRAIs2UFuDhQ2m96rInXuWGEXVbiGetznZ7RZxQzqfqzSVvcilqq+W1uZd5IL6DQDrjjupRrUQn++UIQiMSSdyJufCA11jbgm78oa9U2yiPg/pRsK1iBKstUSwoLGQ0fasw9P4SnNlWTOhYoEzGuhRPVJCHOTahOhnBaweupgqGM1Uc7Cgs6rg4iKjLU989BO8Ci45cuBdiLq7xbFyrXBC6j+TM0Hf+/wqPaRkNMfHSS4/XU4/n07NqdrUiYrYIR83Vhc1NdyibZQyYZ3JM2rcfiH21qMUGLcpX6kzIrwNYnxNN+etIdg2P4fsyOkJHY3umCxS6oE2XuMRw90YkgVCkTn4KHcByKYqznrO/PHhKZMc5Lm+aEDbAnd246v7Wcs7iaszHMW5zJErEFaCBhZYMxCO8V8EodiLaVkb9JKzRAPXTV0w1mx2KkzdmeevlX/FqgZgow5Lx/L4TBmmRiGL2ftHiLn2JfeZ3QrFJatXVyjauQxBOiTdn5TF50IwpakG0942TdHOXCLL6bIePzWRQ+uOv5/373cHZIhMZixGMrJVgjOnY+eGo6QclN9YXWwQC81B2FPF+w+tIxC7pV6iGmTJ2STAHnoh0aZAIvhYy3NoXWllCafmvDczggnlpWpow7o8vn9oImfeoWbzQxPDdGh3P6/r6XI6amE0MbNDBIK4b9BXIF5F2AMbS2cKjPMXd2OqHqEt/vjUXOZauaOuB+tas2tf7/eqjK9WWoM9pDGYWwVpR05/8GA2mzImD+aaBgQmr6jaFlkQcdTefkJ3UYMil7Z407pTrNEePms8i1dww2vp3M72IkRhu1zN2t+W14rftBlqVx4vDUQc1TReNVy1DXzXbqzm9/a/Wq55mmKRJ0+Apyn3KzyMZsBHIIgauvcPD21QC5rdrG5h0sInCp8atpmsKoYCnOmy6JOtF4tOsRZI156ku/1BX3du6GavIRpqf7c8P9veISfNMGXyOiCZiltrItQmZr87HNoNNTj33NQrNHxZKnBI9eXlzvM9rg70kMLO2Sx0Dd9Obj3WKi+llL4VXGBguzHI3FMB2g+Thiu10S5Te2UUO/E/FgzUXhT91dglJSOcsej0IjsP2pNYQuVqr4CfRO8hHpyKujri3lFPDBIZ+vUEnefOHaxSFDbTmJMhdRD+j3FaAvWaGlUsmWpZEebCFvZa64RgUcxMKeK6YtWM3qgBnxhBXw1xxqENWzCdG9xU9a21DhKHQ3GD5rqRclcr2KFiCLUvHvmad77rMOiO6M9n8fBcecMTb+8j9JoGODwmf2c3KEiaLp2jRX/GiDfK+4wCi5LShTLeSFLFN4JURTavMLHjZs010hYcq6Se23lrIItofpSLWElGdHE9B9tfnUA7lO94zU7AawmEBkZSff8yQh0B9CWMATEzKtvLWCYDmIQMUAZDzcdtqWiztiWlLrmtNTZckjSF5YOj7A/1mZYBVrkCxjQ8Rta7cyQDVUpEnKSlK8fXf4hxAFqQ0xvmKl6Re0wVXtxW1rMCvJpFGkQ6tcs2mzcU+40bRuJz6QwWm2a4tu/BQdkzniDJZCVYrVNlAI2MGerIpARfCipxLmhibLOVctZw93T4rb5K+n8h7g1bJVkWje84fnDLKVLWDNfeYzf+xZdv9qbjF93kmlvKdrb8w41S4QQsm2nBa8Ye8KtkuIKka4NM9GaO+Qsn43Z93vrA4Q79/36j18dTXWTIV+/4ledu5Ym8clKOiMBscqYyFNx/yCEFKQ4S1iVp4PfYE7wx824XoQteSS6oykSDZGJRLs0St3/38O67D//4//zvf/zLnz/+4ff7D++aEFlkvTQo+rKcTqfjy7HBtcPh8fHdu/1+/+7D+4YqH9+/I9PsvYyaNdOBSV+y5S7UHeRBIcwZdYTtoCH4JBQP1hrGPXzEsxlrrVFkLsIU0bvHHDEacLLTw1th2haIbjYrQkkWrca5IlSYLHGCXA6aUcPgj5+zKliuCNsthCY63qwHDXvscY7/oUawR8hgeBe9w5kC9pRoxAN4Gbx5XDW5pdTcs5147gMgnzcRuX/5zbkwmWB06tWyoi/VnECff/r5008/f/7pr+19v//hx+9/97u3BZ3cjky+dQPfMOxQ1rJl0etPTlHtl2DlKSBYxsFadQGnIY5ISx6MLGTGtdAEwvUKyBixBkigojEkYjQ1Bo654gvb9eBbWy79JzzcChHwXraEsLFAfeNRh9Uc7vOtt8rz5Vu+unN0LOikKQEZonoE4k4sr51uolxEBlwHpM5pVa8y5orF//jEGN+KUgBO6XJbHCVeaXCE+OW2F6TC6COg5uIpHILILHu5YvVc/Yl4QwQ/4EHhqTWeZaZ/86ahnGthzwtWeF48Srw3zrANaDZvr09r1b2h23Bx4DjMz7gk4ywl6mQOKRqTmaDey1iK84DMSQZIwnsXl4GprLhnKacUN6jom6BG5smKFWgCUugI+ndW64pG77fcVmoE/RDSYgCBKbR7dzOgArg4UdkyIWCHh9zZOEcdmxBT9kpMnpXnitOA3qE20MCipH/rfuyNLwHTiOL/GiVJNKq27ia0N2NE+ZS0pcoX99F/Sub29z+Yu1LQjIBkE9eQyIy0fXLAEjLxbz+Y7SHyy9dxvBu2w2r2ZMvQrCWtHex4dvASOb6pgSkRdBKaameDIEUe2GAOO0/A5ruavbBXfv0AX7EeG4NOZf+VEk+2xyICo3BEvzlbw+6LXRNPb4a6He/8ZbegMPJaKmcFJuYep9ZVha8sTjg/4uz+uf89qJG+o+/d0D7eTi+FQrOaoBn1WqZ8YbAaZYVt1RezyKeco3B8xt+hQiBvT5Ch2IUaDiwiotU762aOdeFBpeccfdeYxWMIXRRbyrwVvWJL25w1tRIJM5S2TFhko3hVl7YUcSkGL2Ggi/qHZFnKNd2iGc0cq5E0bNIAsgmlAojepO1fr1O0aXISre7q6KuWqNXfK1CHs3HeBNa4f1x/rL49NU5psjSiKDWbj+4vBb9YWEIxYWjt4UI2lmw0V/mHOCXso9YQWstQWCzOhbXDznE5T7tD8zT9vHx++LR79/jwMO2RVGlq3g6swmJ1DQnEQmsVhObC1DrJOvJlGCccQjGSxBTOUtpglstad1pMvpMBvurJZ+qjbJKzOUyan2TP047U8TO3ay2GDL5s+BrhDpjYsxFXrzS/1rkakLRS9OYjQfEPQbKrnVOmS9nN6rW5NGXzUrRkvgIJrb+5218uZ60xfzw+PD2iAGkVGTY507cwc34Tb9zCaQd3vHvYH+qTJoVr76BLp2fWGJnmVbLin+pZpwWrPlmvDZt2CzfA3x2FmqOenGUM1sZrjDEQd/+omHncB0g0KI8xdoV5GiwIvF0Co/azaRAo2ydtDhlTgbjk4McWNebSNdTqZh6+LcPOMIgGHxWXIYhWauQ9Gx1Z46nmphX6pPaO9VKWp92+mWp2BvY1+1+fa45av9yN6sHO8yUmq0MEv228CANlV1cNuITdaZQk1JVAcsWwb6PIH4/d5o8WhBcNYRw+c55Zxyhyrl8UnqL0CvtOEn+GRCBO+3ldQRVzW8B5J64ISA1b/ch8BrkwbvjhB/0QdSNMXdKIMYuZUXkvQQYl354Hlp2uMAD79ksj8OfL+ddqne8AABAASURBVH8///XQjFyPTwiW8fBCiHRL3F/V147SCpEjZh1QUyTjpaxqF8lWVaKcnysqos6gekA6XZk+XPfh7cVXpH7PqDRq6Heuuj2ftoPLf11CxrTEJrIp0HoQpoq9m3Ku6/NnTZanyxnirrldD9OIZFzsqF6IcE5CUbMaIMbZvngJEby8NRHQ++1Kw2YKbFAByF/WNbVuRLqeomH+EAc1CtweNCMp5q7WC/RH0Johnby6LrQ95fUoNaJbUUm++GPIgFOQcJTiA3EH6DSYpAD6bCHASz3X55/OVD89vf/Duw/fHR73k83RWotXnNewCkNGdnkEnI2Ud39lXURu0HWy3/gIQS2YWJ86PL/9dlEd1QJqCiDV3AT5w66amJXj6ax4a1HP+7Iun15evvvw4enpvdYH0YXWOJB3j4eHVU6a6recluXY5CnC/cTLe5NE9Q4edz5z3xQuJow0ajjrtbCvKuOLFvSuh3azXSmLljyZ5/2eLhd9I20hapoKQqN9BxavYcCyEZowKJvi4PbxxsvneZXdrrEEreeh4R/lcNi3e728vKxoWbLUadUI2ib5yRJucv9OKk1nWD2ZvTWT0YnSlQIj5b1qzy5Qq5YJIKSJa7Nmr1Obag2iQXqRr1c0frIix9SbaoKfayyO3ZS1+U+x0BMzwVthA0DuyWp3aXRIQ5FFZ6xNo4otTfRUDUHDiCzyQDsH7vaHx8Nud9DQE9ZYVRBUNqy3KHJYaor1x0L7RyuVMk/7w34577UX13LWkujns8adLO5MwI5wO96GQn1RJPhbGgDxIWofCNQIEwHF1YAuBJIrOhQHwLZIkUaF3AiXM1amLfJu/7BvL6ut4ZQSpqhJrFRhRXSaQuIpzeas0EmyYr2efIWe1Uq3GrcJ25EurmRlz9ytjpu8JBVI3WSbjIKG8TAsbMTRx62u0BU+sagjxDg5RNDSA41oo6avuC6glb1mDdlpOrKHpDhGqL6sBpfxlar7a66TjIb3XtUpdGAfm9CA8bqESh2TbnnS5hgk3e23Mv4zlhMbzuerC5leFYjb20q/h/+0lQ7bib+Ws5xsX3oJSX9X99DzeB+ckNiFPKOSc0bxpJJsWyjU63grlLzwG9bNm+uNKiW0S0gZl+arwBAkr3p53nAMJh1J72g+giPwI1fHjU00mEzDDC1dQvM2VN/px8+/e0j/IRMnJCvIBKh0IAownDvOsS75uATNi10KUeSOXpv+HJ4D5pkG4fvHOwI6wIwX31xKSV6+43mzpVVsrLl2kU1LiVjShjXeHYhrHB9HFd7tk+lqWwRv2WLXLYWHjVC6rh7ZO4PUNhvO5tpU1jnGzWFrzEB56U02uzC4BjW5WCOxlk5XfaBXx90GCFdsYcuXbs79DY5fcBPZLhy/4bYS527IScJeGpz5Tlj6lSc89h9//Zm/6Eg+St98SMhHd1aWLwqUr3/lyl0i5GEORb58o9dnR7Y/d2wSH5bgnChI5DhBrm7Pm60UImpD83JLBJWABox1NPDKWolv5t3T4f2P3//hv//lH//Hv/zuT3/YPTw0+HJeFq3gp/8s60mbWbdzH5/ePTy2v969+/Dh8elpd9iv1ogGEArhHVDxh1k01uMiqY8IQScohYL5hAHZYzMM73Ybqe1VXLJG2UIOz4vVqOsFUUpEqGjDSHsEKpd4SrcOomQ/OKicgDjaidPOt6hrL0KmwyjqfZui7Ir/7fn7nNycvaZsPWvumXa01Iy12VpYxrURxMURDy1Dm/g7REXBM4MW2a+6e9wly2HOZUjJ4wETw4XZ5uDY1JjPn18+fWpf7B8OD0/vPnz/nVY6pN/yGMJHevhg3Q6aulwYBPPXjroR924RELf5+NSpRuVJ0iFiidCsDfbmApItllGh7U+LpcDA5qTIPmWt060WV5igtWHYEj5r+cJY5boiQoRo/Wc6UvcQ/HsNDu6WDHnTjW0a3XjSHwaDEQ3hpW+/Y6QlvfL1gJm+MuZuAfZfrSMKm7JbQDETuX8wDkcpKIcEyYTERkkWacfEV6+GMYtkzG7hnqwwDH6jJQ5HmiiR7DUZmU6ocu4GqDjNzpIukzwAUsYScjlFiLDpMYH2D3QGa7Trn2hNVZYo5unXQWW0KivOh7CpHChO1rS+8ylOVBbAklHwOnSBarZZl4qWqQlqDOv8oEJ5MgaqnXg5eOx7icqfqZz5CAqCPxBWwuwGlzVOrtEbhDfoNgG1LmCq31ZL3wbnarNqa5NLeMnEfz1Zc7JnCBr08nG1ny34ZlHfV5NSi4YxRtiNWec9uo59FILq2wW9RfU3YW8UHyoPRVqXlKBk/WIG/0N2Q9afQElzX4h4c3MMZEVUvrNjbj/+Olt4Bdj+e3LIb2U6V1d/eei+3apXTCNtZ3huy6a1glE32HcBJ8QLc9Xdm33bwfwmUP+rBZTzV+Quu6idNJ9NbtSPEpFoiZo9co6Dt8Be1k2FoZ0MxjVOBitd3ns3rWszHPc2YV94AVm4R4kTUWxk11MHiCa+Rva+7NzGFWNmz4FMxZf8kn6OWyPc9IOStQKeo61q1SJJcTe8VvM9VheRwQH4VWIIh0ZyV+78mNgjewblgq/eyRJSOUQ1U9oEg2+7whnMl9UtKvCvhgXQDSrGi3oKnUd02L81AiH6VyXazPdpM5OlF9jA4NjbWCv/RO8DyRwo07GqxMIV762DATEcOZaF3jxYK0eZ60Gn8squkOQrfFUlPRamsbR1mMEbm83XMIvG5Cxul8dsDYnBjh3VYK5zMwmqJcLDk2T22mqOemVMlc2/B0zDrUZ3IRn75TA26xRWdo9b7EezkyMgtSD6BOxIiy24kYcdQOSGEgkkoFNgpuy1TdEi3sfPNnf1wQJ4c0YOAQnIBrDhboWasf5C9STavGbWmvZlOZ7+9ee//v777+pT8zJPctbKkqrS7EUZi1aT0NTW5qNQD8zcqFr/aB+kRiy2xxZ39W/0rP7kjeKqyrCGcUhJ9oG91m41IUZBsQ3vp+lp3r2bD8/8cq7N/1KW5oHSdGUrr2IV0RkTgahT2xmIKWl/z9Ywp046WLGoE6ttoHrqeua6O9d5bp4ZK39f1ktt7nUN4Gi+KXVdPJzOTQVtKrwmDTcFmQJkOdQwAJDk5ODRP6arl8cbdm0cl2wJMb/tJxQr0tQoZFcOD3J5PGuHnaaHrzZVq181zcjSqFZ/TT1bjBoOtqFWD5YyDKKFUIweqkOcnkU+hZlxTdMAjXAssuKIN5x7jZM9kcC9ZxaPpHOu+2DiOmklBL1oclrl0WrDA9jrUyLUz8J+sd1RACkJGqhDQbQXMW5gyUBcbvc4VsUDu705FVNo06gbI6YY1Yvyjto2wYkv50LvmyrP04wJM3Y3mavUfoaEWa+WEe2mXAWLpMc1ItHhcyipPKBImfkapN/Hq8RAaGSvUEHFRO7yV0bJR26R4bwJvtIfrTyRNymSCEZ0kR26xARNX/PpGde0v3Zse5MuhGpT2AnVA+ky6TboH8p+GKzYYTTBpABTQduXg+AcpAJcMWCN8Mz4jOmPEEjN4fmvnz7PS9Nz6u8OTxZbxr6qdq3VXlK37eysVZxLwNzAJTeaJStwr9abSEDcEGGDsgZj7OgIFW5oAHu4dujRE/tlsHheG+A9fpS2mup2DL6YUl9HzXFjFS+4QJLPeKOd4CoozY35aCyu7H73/oNVDtaZ++vnT43TGU2qf7Pt1p31riamTPRlxJHqDFegDdsOFSwYsK9YXKCRplYKWqwY+KRlIRgWRetoOIFJcucAmGqOaBaSGxQab1z6Jz6D8d4TicSigVF5JGvHgOzoZvWAr/CD67goDamm29kgUHaCYnsZh3fW6S4T3GbSYMfz+fnz+fzzy8uny/lPH7//4fDuY+Pcuudkgl0g65EYNSMkrJau1WDA1o+IQqbrm651jHGimDW00UHlRtvPxUKC4M8iDE/7B7WdrJ55lX9LQdvYBqx21MbWtvM8zc1MvUyXhtNOa3uJ0yLLhdb3795P067dqTGAx91unZq0nA5VjstlPp8+t0vM5mlPMcqy6jfNPhKCEJTe43QRyyxupkt2Va2iKjrHoFsEy+PjvtGMZqnsxaKrPSq6wqHF2vPGReM8hgJPbgFXM7GF1NMFuZLLgvnVXmlG400vf9w/NLDxcj7pFlu178v51GAR7Q87CQnoDEANCJ1bm2RWYTtrO2Htg6INUIyHtF1zXi5nLWx+1jCRZvRHLY0qu0OdywMHl4DkARcq3gQE23TFpFhlosk6OWt4SYPAddfe5QKzuFZpW2FlJRjudxZLtpSl/aiBNNUtUqhXXddT++EyXw4P+91eK8qYXb6YLCjmd/DBaPzRCtyoQbqTBqzM2s3+gKCTi1VSuVj3wZPWijN3Ql0RKA7iQ6YiqBKxjFJCLnIWlKXBq+o4KvsUh7nHv0tuENAhTGsIRKp+prYXupyPzZ8xW4UybbtjsT4aPWOhxFoHBdtHkcjclsQiT1DCBDS2IsFM/79UKHFaDClU5uTwwa5TAFhfn7aUs78pfDkubb24lnGi6iHjqWXmPTI4tS2mVI+dhfLrymOFBV6ZFvI92+u1CUf8VxZw0AeuXp/eiMCdS0gi1b/ZmZ1vwiz43wtIxQ81NGqn2RwtIN3Il251fx5NCyGI+ledPww61w0mnHyMm8tfOZJ2/PLBQtrHmSDLpc71DajHaVoHsxydXMH2LqbD7Ol2C4h4T9eV3PEIOupV3gN9Q51Lih8mybAYhqmBm7evv/Em83aKvjZZt8eaVxa0f5NoAgKRivd3ocgRXssAwDFFMbAYibxiFOozP8Kt6B4Suz9Uc8FX02AF9DKglEMLZOXz6U8nQf9ICYtQV0AK35mlUPU5Ydhm0fO0/nRnBUWG/ROkYcjdcI3HZ9qibh46qlSh9jB61PdzfNxBSDyutAxQk2KNtoPdFJ2CeYe88Rvih13kefKvnTtNvH3hntxij3DpKO4DlvBluF5AQec1XxBX0Lg+GD8+2uiW94+vfB2nfPW0wXb0hZPeYM6k2wCm+8+7Pfhqeq+OqQ/jDW/96o1v3vRb7/aWB9IvOWxTBlmWEKUim8/9AW8cNPf4tg0nvCc4rnygd1dxkEdweZc7V3DhrsEWZ4tAxEL1ni4jkls4L7wSkO66LxYpW7QtZMObWpVx//7huz/98Pu//Lcf//FPv/vHPz5+96Etb4NjL5+1zaNXu2v3mRsctRCE7757eHjc7zUit1ky2jfrxWqNkGdLYySe/j1O2tpzPdGxBhEeHAcwZMAf/yHTF8nx5+o1VMJegWCObFWDp1scswJVDZy28BEiD2XPZWj80Gt7mPGrnY8wEQDX1QZmhf0C3LZpO8xjKAz406BdauVj7d0zNuXR99rPVnwl39Rfp5eGl4EG5O7u5m6D6c7lX3hEuMk4sYCsf/3Xf7WIk5/ba374/nfvP358eHxsg9d4ZPr7Hal5u5j6piO3BOoLxEr5nmCgfFRwV9GIAAAQAElEQVRYqMPuiKvIWBzZllN3r+pBRVw++jy5V2UQ1szpr5LheNNQrzjXf7IjAxegkUgKZBzyLdzccaD9+OpsZBHL4qrct84bf/USrAe/nfIC+CMSosAYRB3O47ECrdwJu5fw49DXCWF3w7tfDaHE7nfNxKfKGdBdEmKvgkHjPZlHBRhuQNjcUQ8/8o+vMU0oFEHc6JOGElBXEzKoap3Mxf81W5XlIiPNkz0kn/xPvNPVSvE2YLY/jISDEjz0GRY9WTcSyPFi7FXrPowITyvSclXKn6RvzPCgUs7moG0Mw7v65LVjWKmCXGsMbnUR6iPx/nDMXZHsO4vXGsn9MjaLrXdU08i8uQLKeMv02ohQWodNvmqg5Ty5scVAfunaZlpGUYulfOM2/z/HqwcULo+UPJ2ODash8mhQZMNg9DdA3284+LdaRLVBrqs7BSy9z6EsEQWzFNp4gJNPfpPEZN5MV/Lb68P581cO6RGr149wdkFujjTAutL20TRy0uHt7sa7QDf2gDqXCMlb5f4bUIbZhoTkYYTDiImvYYo4PhL5knDlYMXusRu5YSTzfOkYb+s9yLt8uD7vq1CKh2FdDRk80m+mro+Md7TMxDLQgU+wuIBU5I6GF9aKbfXh+ANyBcKPY6njTJnFyF6FXh2NExIZicNY0gFkKKj9hqiJXcTLZtDXj1HzoRuewENsVt1Iri1m8LCmmAi+Tu4SX2vUJTacYM28K0kJ51KKl0irMl1uEKxhf8xnpjLSH8OBEIbHm6u++O70uBNZT+tyXC/vmttrN2shzuX8+XR8PB3eTc3JoBS1mNl8tlrlRetPqhme19WykPekEUCnxXyPxdMQ9CXWW/q1MSXgRApyRX+QQTEILJzGRtoTP5T5aW7eofmFLzvS7jKTeAW4RifFcr+sPJ7WfsHtlGVczuvugJr2toJtrnn1HlIV5TjXy169M9A2a7doN5W4XdCI/fBw0PPOl+PLsXkrNIypwwPnCDTM82sY8uqIXeYhBVfgMjgb+bIWT3LUnj+HQ1OwL6cTat15y2/dX7W3owwzMEQC6DH2QiLPeDpoyl2vEqRLFP7aq6G99nZxT0kDOdksFw06UWskTWmUEfoGjSaUI7yOs25x6wzG52NSp5dXznC68utzNsd9bVKyREfFSCvV07QaomgVn0YQCq/Pspyar27hj9PucZ5oUWcmDLWWdrRqg566yjWT5ZHN5Zqyh6qHWS2H4xPzJWCwYVAuKqsXEKFMNBxvuS3PbQF+RdPisUfgF9TLvFQMbM1YRCMmXNw+Oqjzl1g9c3TUSjtrT+ntQJYoFt+6e/QaOuiwE7IoZscCxNw0EOFMzJF7QZ0fQitGCQVzBS7rtL+w/LQe95/V1fpx/2gVOJJEdF3RUoXdRogocGelGLClysMp6G7g4k0LNhAhHWMujcIjKjerQ19cuLvbBy99V+70ybp7T7piPpzyxe8zrEpqg6Cc4phIl/XDw6OJcn2vv37+1NZ1aU5ltqo/XKNOMnk+LANKyRThsb7Qw0iNs9TIlK9TtX1mQb7ZjNlT15zqqhUhuNL2RzR4NSG4Y5wJn5wDexk13KQqdXtHS9Vgr5aVYaRqn0+W4ELoYGuBi+m7NcFUAroIsC8P2zUSBawry6d1Ob/8/NP5+NPp+I/f/e4f333/cd7vNECwzuJuaYTGaW1sbzV9J5T+FoQMsKfTEtiQeQcp4rERqup8bfKoVs/Vbm5qK1xq8pq1R95C1JzzF54uCD25LG2qfn7+1JzYdaLHw9Ns8SmzlYuYbYcgoXGeL88NM8jFuvN4+RZLSqrEI8sbDSw1WXkNLkb+9to77mz9dIq1rWmf7+VQrCHvrPKjoKIGE+IprFWeBeUiRXK0Dodoo6b6KSkbf26/N+HZmJgZZBXXtm/3O41Ltbok1KzP5yZdLcJlt48WPOJUWTjVfEywIABuVj8tw7ZUZrpUnamZ1zZja/t10dZBsqKxpS5dw1ZI2ZmmgJ0k0sWVdMxuFpjiVS8YzNsEfRt4M8zPFg671PNaJqsNY1pugwkWNSZez5w0HsHqXogurtr0z/P80twP7eWbD6Id7TrRtjRkFd8MDiFkzmREbfbbFeVCivWyURpuc3jZzdN+33DjBeVoUJTSisfK4ioUCtBi1Vz/iu5FXogxCyU4ZrWyMTYrFveILWryWoAvnbNYmqIpYJq4hSnz/Ap72fNFznAweDaT5f80BKXzNB9MGhRPf91pOIr5LHQCUIlAYaLORI1K73gdDzqxPj6+3VBFzCmwID7c9AVDZUGLHsfi2dxRtZcG7SOC2x36l4gdRMVFxw2MgoVtYRaTbKYvWoxxRaRlfqjOKg1umbA16656UvOi8UwVnqAe94nK946USsKhkQWFGohLBg7cj1t5NcpRuhJzzheSleU9eHxsPz8LVqVcuCcgtyhsQCgynrJBtnT3SEw1jvkuQsP4U4BtRrV9OSIPYYGdOO52pa1KTC1vFLmwdch48ytBQSMoIKLX8eRXDpNS3VrJMQB/rtw8yE9g2qKB4d8rgDOop7S9KuT0FmV1whhjVQg6R/WlZh4MLwnXMoSIxmmmDWLu95f+N98nlO3OoLTlUJCcoLJgTSwWsdmDjbuXY2S5IkKP/LihZZwcqvTojg1I6ODU9eh7oDSkpItLVY19Y1LEtTMNNrXhrfSv9ChLX5+aeGyIQb+Cbv1tEhrQ9StT6ByvgOnNDYaPb3E1f53w5Y074w2nyVvv9bZn3W4Tpruem1cGc30af+2SX338+gdsd/RWQb65+1tCfP4WxxVVAXZk3EluNzakP9Sw6uqa/9BLV2SCdnxVozMvu53D2pJNWqSv7qfD0+O777//w//48+//8k8//sMfd019K9xwyvPnz+cXj5xQTaAhnQZtHx8eHp8en949Pj6hUu+qLTIR27GmdPPhb4yZnbnD1JttdGrkrKJeiPev2aBuv0Jq7/bH1sOmAM17PRSPAmlnXiyK+pThI9XdN65iNlvcsqJNokXVWjPQZt+LPtoQRpOhu+IlC0o0W9TmlsU+CBsj5XPtWRqsc3p5aT8iVKV91VAx+gTxr945G9syM/1SRpEaTQgnuWgHz/Xl+fnf/q//1d7u6cOHd9999/T+/cPjI6TWSvXvGXTSh0q/8JDhD/CADJYukJWMkCDlZ5gE7eDEQILShQifp+o23jSxEqoDFK9Bkc2f7q458OtoQvzNmP7f90jhT9GDdvXczS7xv43sE6gM7DFtXvTbHOCPm46IzJvA3bc+iYd/pTM6s2v5xMDMRZSt5+k+VRu1lLGZJOVNIwIBs+3YSR9TkNx3z7x1NVB3doXcCCRJ7tIVK3ZfUeQkpEh/NH7vEjTxcfEKqmXicjVt7M47ppwh8YvFVMTqMROulVisMrlTxXQY+HX5DauRE5uhJ27w0ESd7vG1Adhes3m2klhunI4JYYTcuPeXIX+BJyWNNgOcltHva9KmvLYCwy+y+Wf8Yui3GzPs0UmciTdCXXdyd0uNeuzSZ7+/UdIMb5WdBEa547a6CCq65tr5NHrsnt+0vGV9rt+S/s/xhaMLFSXgz5+e94+HdJFYOfWtPvXvc8QYf90BUx9suY6rBp3uai8lo4M4SCF7dcc7H8blPETsyutnvmXQImGF7WpwgLPMqEe7cgTV8BVv36glhLCwiEy4/9Ruy3FGxnz97nlnyfGZbRt+r/v3zZGAM0etap+bL06PDHIhUGVyHj8qJolTz7c3oOH7zP3dBtH4VIQp/pbRcKZyfmEfDEssBJXD9RDyjOBuC8ALc0o4sYIq4QtPEbtl5XDghF9LPH3Zyt570bCUvRIui25IpLR/cfGq51oqTVBevAPRWPkbEhqwFl1xetmiJo198VDsm0WFmdzMoXk/Cpg6mODMTWytUbV+OiJORLJeT7KFUEm7voqdIvEo7tGziNRdty9KdyiPO94Sa8Nyqsu+Lse6aETFPC/n8+eXz4+7/dMHaxlrOZ/NsWG+jCbuZ7FQFfX9VPVH8oGbkwYRJxyVOIU8/32Ym/5PcmZVFpcFKmiuxeTQqc9D++Qwa9DJ4+5wVD3Z/m+gxPLAkIVVTXz7tJi2bs07aG0uluZhKFPfA65Cr5r1XT2lYjlP55eX3cN+PuwQaKApDqVduuwfHi/ND7dcTi/P825uGjyXgU2NE7t1Kif7GqffmcRAUamLboqKDGALv6KsUSO/w8OhfbQ0JfkZDXHD0IjujCgVaXG2UfWAk6ylK3R3ShWCxXT6yq0Wo5KBiEmuGcbA6ZTgPWfWkpar9YKvtJTmDEs1Ub7MdK6ORMEcgFau7fpeW0MsOdsTJQOIl47QyHeIz8rg8uVAq2itqNWKFMyu7SNN6D8fV+2+sHtfdoz9ZxRolKVxJxpWJ2s0rySibmPGnDpvtNWijFOOlXZW87qwkJHqXC+Apqz7dNKKHtlziLfSgSkiSlBHou0bRA14Yz6vGIjhiBfOYm+f6dqAeqazz86pWl2AuqmgtGFcnBONhiVg486vwLFNn4ODsU72VmgPxIMtvgyBK2LOY33kZW1e1NO821+IXuTc2NejMgqZ0SjIgs9Q7XKh6pwVxXHAgJ2OKEIlvAtVd10TDy3dvHwrNlBsWHrjcW2Mg0W1c0S+a+CQmwiVcpce4of4dSvaMPkhnt0IQP4fRtKQ8KHMHx7fWcEEXfKfnn8+NgufTuH6oMmv+7nsTDlFin5Wmmdy0ygiinBbMLihpKPKOuXFk5V7XFyRD/ZiXuRoyBJzT5Gf4OLOB0+JyvzVR26ZS5XVfylMfGkRRlCE0RySpQQvlY8u3hJQRcMS0A+gS6OY2Es4KAGFk9mjRTPuUxjCXS71cvz5X//t+Pzzx88/Ht798PDu+yZLplkuqxWW8UWrfTH727yCvel1BKovVmDR8LenPFWsOKuGzbBW8FKGZ+1hLJChTKQbeb8vy1ybnHshPlrM9OlyOh5f6r/Jy+NRcyV3D0/tr3nftlgjCi1AonmXWh37mY6nJkJlsfZ1WpO1lsrDEDav47zfVsXrgTqLNC18bVt7Ketk9ZiUm+7XWSMjdl66u8mSqbQTmpFaq3yIcXuwoVKCgpgGhcI4hn5nTc8JpbrVLj9ZpSpeJ23CMmuPn8bHjWL05s2eW1cLrJlgn8HwPe6NQ7owqrIFY9cH69RMVjp1N2vIwmlibTKvsRiyaL94sXZ4TRhqnRlvPt7JG3VzJvGEeC+WxE4txrqQxlespsmk/XS08MmKEiQrLPkwKWmUiCkibc1W9loxq6mL66WcXk6NJvaH/eHhsdHm/nDQCDN933kpl9WiI6xni17R3BR8kfAXFAS3aGGVZp0/7OfL2bG2qAV/1d475zYY215wXAt5oFiCOwmuBrUJ1XJdHCOJongjGgShQGhHiKWVJ7CWgsUnKOwsEF2CCUNNLfSQ1dp9bWtfllPzQhyV/math9IcFSjArlO7m+rEViSmthfTIn86t3X1Hk0rZsOIxYCHJgAAEABJREFUt2iNFGgliFm08GcDYMUYh2vZjkbIQnW8GZW4P6b2KtQeMigeH4zRl8EWHGqeg5ii3SZr7jApK9Xk9mnh0igo1+A0Bma2eicz2ACa70RUMlkNlAXbBA9MSDqoJ9ewDVLU7VqGNOj64FjiV45RjF1L1pLbObhaJxvawM7NoLoolDFKI7h0/nRvKH0EgVF5+PZ2Bqz+24bRDZpuXokx17Jh4P6hh2D6M2/iLLY3Cuthf4RsX64OU1KlF18Zf8id+IUfgoRQtIzuHPeXtKdNXL3q1elpvckIhYiRGFYvF2zQTe4TIXVjEIcVXjp84Cu1a7j69t14UJE2i55kPLxcjscLvfVKQDAwZWlGquS1snhYBZSfLK/Ro6Rtp28QHvGPb8xEqoAQBD1oM5sd4jpe4tQ5UvNgTm7q/2Nd+pYbyHzYSVfacBZeHIDN9QdEcr1NRjnwmlmcie5319ke8jq/+caDf7tb/YpDMl7p66PhzT9EX6/m8muODfv+tis3WDdxfu6t4AuUbw5GcIcDjKdtqO5tWUA4Cr82Uc6ox303fN4BZ8lxIgkQDIivS6MNOyglEec5EChe2Mzu2j6eGgT/7uN3f/r9H//5n//0lz8//e473k0N8j3//LNHj2qbFauy1jStedo/HA6PD4/v3h0OT7M2UlRYK4PZHxMVCk5avLscovjQ9Pypv7OHYhvz2vpb8XkdYk1wGiBjJDD0WnFrNNDR4OllQeiJTYSeTT7UsHx6Kx2rSqIY/YIX9/gSrcanIdSIFCkeaixZPMdBlan/SDVZLNNMsbnGiU/INCNvzzLztSt5UyYKN6M3HFv15xu2yXihwUJHjOxKaH15fv7000/NMtl+efrw3bvvPj69f29NM2EK05H+TYNOEmiMQCSKWH7LYUQpUTcXn9B23iSjTgDLyrUUj1sFPjZ/Uako2NhHWhNI2+Uprcl7TK0r/fJjs0/+gxzYx93khJ3giIhje28o2xTIAfT+QvlXOY3PXmL3t5dDPCj8eBK/4Snoe+KFPgSRAVyCBXe5KSKRfO6Yy3uxcN4HzWtzMJJs5nqY/Z6UWdk3X/Mm/0wGQQGr/vUUJkqHYRdpszyOx3QPZFCBHTN2hicxUBlUt/xDOQa7XdaAFrMNMfSVkoEujO+4Exum1dEnA4/7eFOCblBK/q3WGVWy1TNEPXjMZhtbuiDKR1N7Js9ukrxzPCCMguYUmaZQH4sXs5HgH12v5L4mA4rwNGigEubIZDW9fgppx86S3ZOdvhh8DrIJFc/vlrdlyCn1rk002DILegJRFBaMq4pla7lRiKPiipU6tnMYmWRev1qQ2VV9OYq/Q7l52SSzgbhe6Rr2tk18e9bfYPf/HQ/+4sfwlcBGZaL6559//vP3H6epO+bdBzlcexcM/JJZ2mraqcjdguQvPPfLRw7cZK/7ixicoVj1BO7b2UVIPIVjA6P+D7xG9wGU3NfF0/6AXQC+3Vnht0wZo7KnQ+tgO/0Obi5BQWC0oEqYnj8V14pNOW9GXSje3KtgZUxEMpKR39/RbGUMgwuzUzdadR7p4ruLa85R2USh/vyrE5Jjwv2EKJLO2H1RhozErYLBXJ0VMlqquM/UjUN9pCmIwXc3krAvVjEA3vPGUuQOLLuYg4CzBRBJWHj6mpEHxMQrlYgk0DDjGsijRLWZ1Bx5mH/X1tA4RSWPhyj3LIJulmwMvXYXXnzdzUtk2acSAkutxKGpjqa6oeo7D9S3XbGYNDSG0wGJmaBDEJY+93mq04a++eRJmjTUwLLbcgCLwNNOz15/XjZmLYAHLIg5JNR9ROu40+WKmNxCh0+mVP8o3ZxalF+dsudlOZ7PD82ftG8uscvn5+d3uwf++DuTZnqRIfEViQQaNsBa0tLspwRVbZ5WC3itnqwXmbuR/TTsEJuJULw1VL85lIQSAnexzuEsbBrkoVDzazzu9kdFeOtZ+KhRL9ofAbSrK1PMu4noNI9j0qTbqtna7DNNPXkd2qfmT5yXab+ifMh+eZwN88xAK7s2EdwcKPV5PZ9PsxY7URdshsVKFGCWMCJyvGQdkPz2AI6QkaIxO9fnxXbWW09eO2DeH5pyfT5q/f7lfIHeBxSpAk7aeoiqncg198IClg5sDcWR9zxCa2wi51R1aHbESFEOu8m9QzYkSjJwHpJgFEU8DV4bBexAp9xtuLeTQ/QlWMMDLA/JloQteG+Z3NDQeT33WIGxjh3Co2wKxXMTbe20mIkVziCEvzV7zvHSvG5tDpvn7fCh7B7U6ybgaBrruWoMGa+EWaYh6JpcucMUIcjMHJWCu69OCaP1rTMSIH/9x+1bFlfay+nZ2cVKypRN2Lp7oLnHEvnl7W/zc+7OIMXmBR0mRFKamwPZlgumBHXezW0nHnbti0ULQigPLOLeeHsbQ8RuKwR3n5K4JItMZFSile4tXoEJ2p+rKpIqDA2An8xdbiR6kfq8nKd5f5L58/n0ODdr0yNOtHiNDUYizc4EDdTiwQUdxtjg7SJ0oULMFuVc2k7gCF4JfJXVJXPCO7/lYTb7t+PBm5/GrcCdCEbwcAdIyOYHu8ck0mVcOHARLAMNmjKd2mvPiJZP30/TB370T9s0HD8fa3PqH6W5X9m6LswzJgVl09lDOixqwOtbmFNTpaFvOEvnaHJKi5xV67XXvt5PfFHXPpEXR7GmRZMM0+jtGhDeY3TDIdND+48AGTvciTLMGOJ1qNMOJgn70W8RQta5MXxz7YdJXKlG+gjQpff4FS+9QGiTQ777kqjJizp4WRd6XuvL8dOn08uPD+/+4em7v3z3+x+fPhzQCwbod1HhBFYZ0SLRK7Pbygfvl71erRsfghXf8mSR6rCiSMZze8nP5JCKqlYLpGNt3WE9Ykxsa/xC45s7ZXsNEpDsL7IcTy/Hy3naN7/807muT3t51wQQQUtu3EDDDpp19ng8P1/Op8v5YvKF0D6rmATiboUThE5LohMJYwih3mssoIYinU6ombHsd4usGg/RxIepOGW3d3yqZSMqRK3BU9vIZUjB1C2hAQB1ibrZMyJvIlmzaqc+NVvP2jKw8dD2rnuLaFnO1QMN5mjQ622QHR6nMiVpaEUZXdK6LNI8+w19nNmgJ4wusKs2W/eFGDEgy7zb7yy90qtxCALz6rjJHbuBv4DNWhdqi//YHdo0zYuZ7LVKzXltcsqqC87zrhgsYKtHWEqdpwVYzlbeOiLpB6fj8bLfn3Z79VKo4b6N6fA4WTwEYixWjQW6aGuey1L4oh1qZjRD1461WnXlsBevtsnz4dKQyXw+tb9tSAuQvNSMyechw0fGCDzfaAgZIe7YsfPiQggMrYSqc214sNHkfKEujBbmmacQvu66Vdm8aFwxWEf76tRIvr3NTkups7d3Z1MZ6rwjXZqGbtelNiq4RLZv1IrXjWZukJAIIGNDsdPgZ1LgvCvBxdw0r5NLNVLHbH6iDwW5T0gV3woydpUJuxtsQJUFT1VjrWVjkVWwyYvvNgS1WHfUabKZ1aWfsO8sJt8kg1c8ncUK4VSPTNKw0lUGSJYaovnIIwlbXLBSfEsuCvEqw4Hot4GwEUIFUZIrlCfEPvMNdyUf7XKRKxCdRML9Xhhn2Y7HNVk8vfRH8vY+gyAPm4A6MoA/g49Rj7CPwS1d1+s6tSnRWTl+mCIUd6/ARRxPylFdT+IwQP8sYgcS4+asTOGhLwGT8YPHEHzxBw4Bt46IZsj8dPuMSLpj0ZI48Ph2ZQRZHBvsMy5gZCzQVdxSkDOgQJG+LrEokncDiW5RU9LPDZ189RAPWXXiwcIlNk9zx5jZYovgLi0wfQAMc0GX4HsIiRM3gnRtaFBRM641QKaH5sFyPOwIJM2a8bkHnYzAJD7BHfuFMAQSwAcDFGlCCQx7GAR57XAyjO4vnuzOhxyGqmErxn4o8YkrCMzD17JJrbF/3xbgcQuGRb59dYfnfuWst5z02x1hIrsT6RVeCBkMbhB5w0ly9a+vUqG/wUh/zcVJRPnBcL9cUB6yHPPEiurAt8dwWgRx/iLCuDNavuNQRoBrcFx48uyXyWv3Kc70IIC45nrYFjXrRmyCMMF+ts41irXn6em7755++Pjjn//bH//ln7/74+8b3Do9Hy+fnpcVXjeorqaWFG4w7vD4+PD0sG84rqnFZdbVl7J6LnokmgY8KJOLZY7IjB41EumTaUVJU93IbLN1zmCMNjFsVUOmiKtGtApgMzz86D/YAGizv4HTwXSsKTToVGid7ity362KXjsT/XRslizQxJrgFGTF7XYooIICLEJ1VMZR79AaTa7xjqtoZdtyeHiY5nlYa39RullyCoFrsLbyRpzdIbZRJf8FR1q5JZakgbQ2Y/rn+aXNRXvV73//h3cfP+weDs1AG8qgP+5tQSdvGpxc1ZkYjmsUJkLMX7rReG0qUWh/rs29IZpKGsGF02YLOIumvxRWtdSMoESwm/48cF8fEla/bKtMbkCETgc1q/Z0Ut68lv8gA8+q6QkZCIDC6P33lRhfPDBkf4/McSxdgCSMHVdNxiBlyg9HAc+x37kL9sRjbnusmQmQkNddHVcEwgnlxkfkz9f06QvIasr0cBYJaPMKLTNTN4upxcH0H9vpkyo/ek6RbjgUT/LwFyVJdEXkiWgO/kuaBs3AXqJdoyPFkjUvEOuPRoMu3rPc5SDwPKNCkLRJ/mZmmERFd3YrQSFjoV6NxZ0Q/pYyTFXa8SmApjWB1IwZp3PfPOJYYWOotfuamYQWdDimbqW1t/clp3hMTJNvQ4q1563u0qkS32d6tkeGIRmtcsw+oV5pJARKlKyOZRnMhP4IRgF+dKmE4a76NeFMRkVQ1/xqaj3OdRG8LXEzKlEN38LJ3ZxKEszArHkqu6ahTR24Apm/DUVh0CR6MmTA3iNoAO7k5knuukFOXvW8WuqCFkqfo0CuxQikZKNCWiPjQRc99YxA6KFemUG4Uua1+9RElM1YO0d+GX+7FYHMfys++VvBvnu3vvqdsxYAtC4lhFWai+7h8DA3S2AYZPjexX+rQQGj0DXA/gXTEpfI+DA3T9t2DAbjKFfSGTrmDbDL3CoZDss8JLbbg2gL8/0VEmgGa0nCDoGF0r78pVcAcrVdiJbVjngdyeUEmcKqpb+yiXspqanwOJU8clibk6F2QrDcLsLETR1BBeV6D+HdEyxWh9ImhWhyk3PiDXsEo2eKJ8rjEq+QSGO111g/6asRux8wibPSacFTh5bFuHPfUJESh6kD8MLLVGdJLDf6qATGAxM1H0ndUJSPypbJT45ALRIauoBp0BKsQD2TTSTFHHdsYSBndaBSwtDICe1cFQm1xyyhQJrIVqTAnZ3YaKhX1Z0ASU1qkKU5Si3QGoQinaNi4cb54c0sxIZgTHXGRkogLv2thlx2KcUhdvNMCidTHzCWJjrmYFWigAOLJ7X4kHxiI3bFs9XVlE0o50HSBRPubRmXwl2ikCNAX7Ugx3ZW8300Z6KvangAABAASURBVMJJQxgu87Rr7peX9fLc/EfrRSMv7QU17HRZZmiO6qVShzxZ/iqbb0OdGebNnXxLaZnvfHRgEuTCy8CLUOzksner+mZrS2yRRjha7KRMD/N8mNRPN6PQuzVTgb0Xm0xp2US72d9mKKtt6HyoiZ/J2+tqwfj2i2Y8n0/lPJVz85Kc9ufT3DQ3mtXVpGm8c6Pww+Hhcjpp6u6peVEumlQRmIVDkrAX5qOwqo588oaWtpz/PrNMTKuhWgAQ5gm1hrWHx2Z0aN4mbfDuWpi+szqh2us1rbs2C8OqXNamBsFJxeKEbIbcq+FYCmMOuSGytcwzDcxTXA2UYBPGo0BvNABJ55y2GhWEqHxmXUlHqHaYnKZ8/a1w8enazih1Rng1VwORN3qh8dxxziUB+dWslw6rMBvuBbayB2oKoTrzSXtNNf+eLDN9x2WvucZ19it0P7ISDAL5umUQd0kQAE5VVOex/bCKUwfn7OVs52tkYgbRlp7EUaJtN4OybgYT17/timq8o1BnT9VMWroyi+7VGgoH1kphKtR7R/JuW1J96qC9nOaqba7kJBes9uoDy3zonHz31KdhAYZvONls32h1BEMq7CWfBjHNLlIjyiHJwsxkjRW8LJcHmT6V4+O5mdnapp6zkyUqBsy6B6z8AhCh6oezqTLqcEuUANHmEttmrFApodH4lnDsUXxptxCEbo5RiyQKVU54/JCCKfmHNJA2Ew0bgV4/Bi+CUAa0yVaG5K0mDsUCOba6DHt10u6+e2RlrRZA+K8vWoR5cVdPfaDH5n0tvaAapbxt5tXVsJoHl7peU22yYXZQT9tMgKF6ysVkhyAewiJfoz0FQUQOGEMGnplYzqXiZkdQjCm4EHfAgJMqDYyrP0WK70r9s7qmi9aTxSJqXMZmrhx45o0rgt2dDoq1PoQqHo8s/7ue6/Nf2/kXqd/tH989PLTdMy1anogXcWWbRsWSwDNsEcuWTZpMrjJQROWN4OmWF/ZEF+Mx5ABO+65EWY7GKBetdALPmMbyloe2teZ5udTjs5aoknpZ6/nldLEaCJcn3TWP88Nea44o+9nPs+y1U4knL57PDU70VdEBrZgs8RjBgt1vUYg1ZtKQJFcEPWnX9ibbp1mF2/nSnltO5ybanh7f7XbaIEWRxqyW5fN5jbzNahlqutzLIggRGduXoGg2AgZAOtoCBn2JZEXfdlwOC7lORZ0uVkEk+wDudsjULMDbA7RWnrIacZldgUzctq2mjW40uEcjq9iy+arVZ7HaWeulOfnbB/N+X9EZR6N+CkLJOSRV/PFEPyx/QF73M8xTcy1oRHCtD8fnZ0SW1PVsZVqm4jb4SRd4Wied1gVUiuzJ9oEGF2nY7VGN+Fr75GHe7a0s+azSr05zndVUb6moKPhRLObE+i3BfOV7by77qXkB9vNyXqbzeWkkcVqgdCKeAc2oPUTKLL1MfWvmfcgzFH2zS7Y3SmS5gilYrSQjHN/JVt6lzba5H8izfSjYq8s5U3saElq0r9LlfFGKQt6G5QkpeFoupq3orIUDxTSy6tHM7VbL+SSx7GxhIhhdiUpZbMlwGio+zQjbcz1ZQy1FiwKtkQeFzsuoQ1SHt1wXipVHqJU3clLmNKGMAhNFBb7JVUBTSVbC7qOoJuhNB+1Ba9rznLM20MuzBd6ZM2hZz3Iuow1Pg7prKGVdU3WflFvMVsCVYJbVIqD8JtWxbNQq4K2I28C6ABCStsjxc3sZpqtup3dO2sjUzcF3Tg4i7EL7+uSrJ0JbGzmeBKxOJExp7h5HGDnY8bwMwxqUYNcqc2q4Q+u7r5O2kIDsCQhk+7IS6Prq7W5/CGKi28NBqPHXm+uuL8gxyP3VcPt+36RxQ+bRuGRnSh0nnIdTY2D5Y35CfHf8167rAYq5Zplyvtg2R9COREnN4SlWmpWu6TjpgGHB7QMxaUwDDUisVQ0I7cHP/WU4qh1FBCpgw//N3p8tSbLc2oIgoGbmQ0Rk5h5JHvLWuVIl0t3SLf3/n9Bf0E/93A8ldU/xkDszInwwU5QCC1BVc/cYMrlJ7sMq42ZkhLsNaqpQzFjgsCvqW4TC7Nc21lqdZRIqpjgT8JVJ9frQuZBHml23uOG6rDTlGpe0ep5VoOFqltskddp35yTxL6kfce8Be/WmdGPJ/36H/IqPvmIWceS1TcHUeYqu5wSAbB6/eIEJ9lrMVxx/68xW30iVCPVwL1mbg4tEJMis9BIbCTrED/0ny4qb+ElXl6e1NdEPSq7myO2FGuuxzzLyukIW2j0Dt4eqtMQ/bqx19zVvpDUih205bKbdw357f7e9v//3/8f//cPPP3346XuaplNx0H05yCyW5otQpqYVF10Maur+/u7+w4dps7FeNoOgKw5Frgn4QYCduO5RmYJPnKzQuk3i9+Cf/Zn+M/IBMMnov+mtd7y0lOvdsqGXW+dCVdxNmxI0hsTVTJ5NrjkhhoByej4AZm6JXtjjdrPZFlV1O20m09cTUcMHZR9PdtPfqQ3dBaHBOkTKtJvK5NlXC/RIs0gCn1t6diP9auFde1l1A4KJI6DrBOVccSVoLu9dH0FNbRJfk/JXUVZ/+c+/PH3+pYz+/uOnuw8P+7s7U/OH5bwgMlvLZn4tpBPxktPVvuCmqK90lPptful2vKb87GqlAPUNQsAjGiZ1cjiGBJCdQ513dgczgCo0xQm9lAZot+GxtGoSB/psT0bjJSJ4FdQQkkjqxAnuImg6qHT/Za82aNEmDFteZrb1+DukAL54cI06CybW83Wwba3GRTV0wJVDH2H2SXgBEztyd0L1CfcWUbAY9oQsZzJk3gb9A3w23W5oIj0VQcNxaQDdxP2QdXrh1EYAM9EFR631YSiTsoI99nCL7dSoQxoskyMJ7kJNdTbnFxQzf1ELAYr5B8VfB2VQAV/pvhmu88OWL2LFkFYWadCbeBk4QsI8qilNDHXRVgeXUNgx/qpmBeLLxbFYGB2WUYHkPAe6nZqWljluHxorTtH/hR2vxHIZmlDiCG26XxxvyMXctQIU30jJJySjhIlalqxHR7wEw+BFkovB6k+OpUbKBTKwxWcYmAG1qF7zXIbIOEHClE+xc4jWCZ450jWyLSVe1DOBUAhOxkJ8fpVTINhY054ilmvWQfLlN8gow3NmM511WpZoq638Rb0OZFPLk4LzDl7DaMklc16q8VN/yVb9OaJFMO4TdgtbIbWFmoFMY9XmtvMkEKfblmFHVcXbY+v6VJiXPYWlVvl1ilK+DCKCK4kr4buOQvBpkjSVRiKm+frxJv/7jR69USzNjLk8LV1e45kWCRlZ5/O8GTf3m726UHPFBuiSMH7VQ975uXz7qlS7Dn+WXVM0KJQeZkT1umfKyvOAebTktKrau0qGMjzyvolonRfBJkFptXgEBvRd1LXiEEbKHFGr66qPvhgz9cYzW937OPTL6lUsZlfbh4mBR0xNV8aXznHCRsWo4vl4C58Erx7rtIBsLMpwCNmrx4VWimNgwzddvPdYuAVnOZEcYO4ZbVJgM6AS3e+ZkW6Pd+dwtUX8IjiES1gIAVuBEuBBx26vicHEeJKh/aERIMMRAQNny7x24e9KRY7QGHyCIp2+hKJK766eF5/cjNp9NRNml836UVHMzAHbqthjStkFVXhIof6ZS1kg2rLdroSsFIVmqYKhTmdzSkA1cZWm6m4QcJ4fC3GSLImEmaLjOw/xjhiJSWur5y+ajmBxwPbDAu8XvBsNhWkUYwtd32gloSYgsid9BqCReoYXhXriS4r4BORxp41DrvuVtDiDx+IizTXauTpitv5IkK00SxsrnMgwCgcokUZmhq1lC+1eJaUg1MG3N8+2IHPWOtnDPO92281+V6y7/3z8/JfHx989fLCQrcHOK1aFFUZbyLmE3XUcS7bgwvY8lSCVtlzNFmx3S83/gcrHIfKk+c0090GhMkd1949ew8quNmADIT+paAWbcdgXG/N0OORlIi4xltOs+BNWgWVlkqYEOYAT9pUxNe2ws8xeaUFpAdyimKJpp2jpxPEwbKcSPyi3H7e7QWNLs4wW3BpGVP6arathGTXmTZNBPDW0bVCn56eJdEDHUjdMJe8mepo0vz6q285ubThBGTbDsNnsPzyU309PB/ZsN+tLqurtYLEgDRARe/k39BaFiUElfIiCgOvLoXZBYa3JYNxsCIpwrzNzZ2AefPCkjZXSH3XNZdRq3ptCvpi2N8ZeTpz4wvy8mJxmgeD7tVVfxRO+DKY7kIsbZ7vSbk9Elz7TsGzjHgxNG2SKLHoGesm5MOWBTiKn+XjO8nG73XHaEU0hQtQaLqElq/wxnE5TcbOBZECoGCwBk3TOCkTK4D+SsPIiRUyoNXYgZxOavpfBU5zfkccPteYb/ZWcB/YVv9ZoRhaqQq+8VhntsKjaYFQ2ONLForq2Sd/g77aUyRh4ucNOS4rKXGgjgpPkk+U3eR6g4lRBvV+CJyIrW3y8cC1nAPfAHIa1gzQpru8US5a996V7JxMcWoh6Fq/V0zJvTuPdcLozrCY1HgPlJ9yI8ARy9B8x+6mo+jq0pSc5dPuwGKp4qr0rJwIbGXgeGFyKzElZO4LX9EnBB1af9wTYRfXWR5Z2oVhzhsubh7LVPIbc/ADxqLaJHEtVsvsgUEOvMr2Q6yRpVBilYVpksHT8/5wN3+B0QLxhX74ctxTpNrk52CSFTgIiA+0heGEToMkVJfw5uGahcmKxZART+kKCuW5JKMLhyjEt3x4isGkLTtfM7pmqrCe+SHVhHRMNdMXsqmw/RV3OWYLhpyafqRAmjhfLnIMqUG00s5NjDWrER9rimBxLug2edGue8ue/Hs7LT/cffh4+fbe934xpPM/JEIXd3QOF1kzoJdbMfwAlIlbc0sUo4BaQgwtXTNVK2r+hZYSiALgggKCIwMs7k6eyFsfLOOpE77SJ1aysezkftIHL/OX8pbg7j5vDnebN3O2mbdlvxcW3mYrPV38aAMbh6XA4Lmf0+fVRiGNgdFoo9ZNlPt4Bhj4j5UfhBBAvz4ZRNPAMrrbnDSHvpOyI7VZtnyKYzVnoAXGDaXB396CwZFAKKND3FmBr62OzOzNBtAAIsRWWwRC7x6IGLyr2Z8vM0XSWMjsJkKVcsxmQVTdG3h4cSCGKikjYKCJTno+zKloAmFyQnpCl6D9LPqdhU3afdSsyVFbz1ojDtUKHQ0Wsu6dQOWN6vo3dikNBodp0R4FatOcOoErI4F6QgcEASLGJ0JmFrEpIktffT8eD9sZRPWeaij9/uzMUkKKeTboY6vQ/zdqUUCExSkDA8iddj+DYx6mcX15k2qRpWrR7j094uQrZLWUqwfmgKeLhEhuJq6ZEq8NtgrAlJSPXw2bBvHSG56yd7BnJYjKDDLLXIXg0VFctu06uqXRKCcv5eDbbTZ9fNNKi5hWyUqVx0JZDCnkyuY6q2I/WKse6vmrwolY6SSCXFL5JJkqSZTeXCQV5jxOrAAAQAElEQVSkjVqm9nJohYjt4aarPd20BYNTzFIYLmA+YY67bm9JQDBdy2KU4JPRugM/J67Qn2QKHlsghyLixVUSaEKmJZFkSztNpvckS9g1kVuU+2UcIjSIBr54VXeuSkBoDbXjmgsiQGP48sJp3NIIzTihdCkrwSo8aS+Yg+t18Dcw1whrm7QU1WkXdHJ598vQtxc/5HU8sarpiauf7qZsbgeUio6Vuf8C7xQOBJ2TQByJF0ThWx1gaBoxBNxBQldoKvBNdeHi0/w+/xK/ZHp092V66Vb8wu+3P2k5w3R9tDz3anus7gWHgFuROXUV170dTy8NUqp6wqvT5PoqaQMxdR0eXap9NKo2Vz2J9YtQAiStb6VH6v9kpk5jajRtRDB6MKHqEN0kcDh+OZ4/UC2e6u16qEQcipWz03wVQhqhSUAl72csSMj+z/2iXLjyupfiG5/La/vn8mR/zEAvrGWnKd++60rxpXccTBequbxv49y80+o+9K0Hv+taxixxe5xcUbPbAvLKHhd6kwNcPPZvPi4WHRD0KyZ8GbmHL6djgyDKF2mknkdVpe6WtV4VCfQhii7sqSor44ltC/RKNnVr7Q5hT0j2Gg9W7YrceGEPNlXXBLlT1nDLhuQuv2ncP9x9+PGH7//w809/+uOnn38a7+6K6D2RKl8OK0LuCU+ek5cUc3hSuLpy7PbFktvgXcRQIbJ5MCpGavVt1jetAQJbgiw9CzLVqlZyvjDt1QrWDO+aceI2WCSGu0N1cfhkcVjHomqPGYY+Gq1k0lQThcrTrGXNfz0c1AgeNDl73G2KerbZb4pKNqIxIsawtKwXpRmrVjVbh9A5kGpsTn1kI4bq+Cs8uHBgdrM/HLK9XUWX3I/f2BRXIqZWihK9xTXMmMElmiejudFFPT8cHh+Ph+dCuHcPHz9+//12v481ijhBhzz367bXkZel7LdxvMrPxTtPWl762kB3f2NGlOVi9nk9MsXjRu9PbmUnhGx3V1slmF5dft+U5JGTd7A56X7+Fzg6qdm4IzxtRO7YsKSdVtz2tmq4OpgqgrS0jzphyn8Dkbz17HcNtbF339vuf/Q8YbO/zD1FK8lSueT6Xm7w9Ke+e77eeyIc01L1sDXPYC9B8JSrfiRSZWAMfPEqBmTPwH3RmyJxd/sPPvku1UCLwrwYGjlhtkHDS14Zf+iwGIC00LyVVyyU++d1bFTqJ7YckY5qSX/IEbOMGK2IUzzbSKqzgJyHk8RCUxrXTkhUIeSu8YD+xYEHKm0I2OcMvzA3T5sNOAWEiXjmTtP7Bc4Gqknn/bwnzSMZNoYWaxEXZTuD+awJ3qIajrMbpsBtSVXH9jQZV03xrjb+RDUtqUsihmMLaOORr4OmDLaKqHxzC4jZHbJUSR1vVPeG2yP9hmoWef3zXQT8rj1Jf7/jG+99aZE0g/yls0AZoGcrJs75eDoVDczyrBxRmW7ZFS+J0t/YUWnDNzuoIy/ZWSh2IlQkrnupsVGvnoTmBM9mvGS4z313gbg4UIIMnp66mEu1FpKnn7XhyZUXiC71es8bYb6k4ZU6ge+yeKoFV04bCgbFTVSthGYvHBu22ezQHhH74kshghPQbEiqYulcuwbsq3XmTk5y/TS8oBJJB4IEWPYPOOp7uQ8a1Mn2JarjJExqtXjs/WvBU4sqJY6TOIrIhJvY6J5h/AcUMWhTgnDm1SlIFmDEbYFc54hlwXZDoNkURdJ6ndt+vdofIRl80RUCQDEeBfZEVe5iBnu+xs7QISQBCCmWtijqMPcMHvKKWZboPMaequeUhVX0AtzBEDK4LuHaEK+eaGnqljQJGmJVAxsKplGFXrXq8dBIhu5IXH9Nlq3hdMFVzSMXe7qiybKJ0AUpteBTcy2B3vCqZS7LjnALkAGuBsr3CRV/DEcaMzZPoHeLE7GdA0+ylBiFYuNv97vdpsQbvhye/rf/+B8fS7xhs2XrWmOlCeoT1rYc47jMWvZKFjcp1lsxADUDNp81ozTc2wlZJU1j8mdWExeGUYkZKWb7OEaimZX6YvJt2qz+tAQph7tiSs+nZ5FJ/1Oj8eTmia992FmJvUS9xLGLscbzeVPCJ1rkq2gglosc0kSrwOdMp/NwPI/bc4mIjPvn8axY+0MeLWl+KEGXYskr1L5WAh82u22JdlG3NEY52ZmTt4kUVJAgEbA6/njNAN4tX4yaAWNurGza7PiuTEqJbSiUi93fdoe24eFcCGR0cHyA8dmDs86A6YqLiCdLszPiyvhiWKv9EWOg67K1prhC3asyADQZxCtWz5utekUTvLUmKHH1f7TNz1d2t/Tj4VsIYc2c8A+ypT7gqnT9Lq583Zpk47fQ7iJJxPadIcwYh9S8DXnK57JnCjl92m4BSbUxSDtlUxNqm3LZDZBets+w1zVbxPPjyaeLogoYSrLUF1xRyFrpIy9zRjAG21l7RVlSYF7SqFVDHtyiei+fz1ibEKaKiyPScYdQbKUTJDUDG4xMaDumpbD0QttKgmBMve9QwMN9x5MrY8F3IiPOJSI2pDKAMnhej5dWxOAp9OoosHx0LeeX5TnPX5bz3XzeFk7Emg+TWn6CiR3np0PVOuBNCvdSjcrD/s5oxZial39tHzHdHF5/2lrTuTouP3vRGG8cI7/BM1wJCe5KK+nsG4e9dEeiYYx+k/zu+r/CVOXuXnE0DVfpr8+PmnAgp0GK6sCDpE1xZULE+DZ0IWXh0GyZsORFEyCYMOmSQ0HpmQO2ZaamFbEn5vLFnDhzqLuiWl7k1hiHggrnAdq1+Db3PDnqBD/ALJyPOV0gwBJWIe4V8CvMs0E1zb5BKhXE/un3asf6KIYB447mLH85Phdj5Mvx6Wk5Hj7+8OP+7n7UWRnmJOwoLOExXMXbE0B7DOL0gjhiIqo5rVZ4rvl+/WTaEDW/AABGaASkt2TDaUUXALPfU/FUFvGSNFtT8riMdKBCBqonnM6PswKfFBfw3f7D/W53t7sbJwUFUwwSBckYN5vx6XR8Oh6KUqFxbPFEaELVYbrcERzUSw1AUV0bSBIgb7qtwyuaCSZ3s4FbMY3bSQP/J3b/NRsuohSHtdahlJOWROaDHMEzzG1tmgfyTmzKNPN1zgmhe0/QdAtC00CG8VjmSTsHqZc8zbMCkmymAe6p0MvBV6rHCnQHmtF8BaKp6E3TslnOx9No4CloH571P0M90fyB06wYIZbkYZWLvjcGC7pYCRVLDUPXJ7sCipmVaWtdEJfNfF605dH5pIqQmojZYwCeK2UaAKId4UOz3GId9knB747H47DdnqatLqomTAzo53Ovwz0VWj4YSrn5OhbiKJ5RnS3Q1Df7UbZeNqSdbU5HsO9zOiPrzCIQ2YE3pOmmiDNVNMC6g3MUF4VKLJ3PSkAxplMD712RRHB57fgJpsSuoCdP2GfSBpJu64ll2AtEPpn5UGagxHNGy69yojW8Ld4UbXSEqWIvg7ycssIJBoyusb16WXNlPQqqowNF+ATxEmxgF0TsTlAkGRZJXmuOCRlYnbCwyl/NbyVaRYlg0SQEfwzBpVYhU6UXv9FQfSO2Q0xp1EFp7a+2l0QLIPGkk1mzhbJ13V4ArabIQbluJs+S8OklL4+BKVaffVOKhV6HdYyGsMiHhvhyVZNrLpt7BDlXjhyh80tG2WwQqg3m+KbY5VdE7MWAL0f+8sFV1bn4lC7GwLVmwd1U14OU66tuPJDf+RL/yCPTNx7c/Ueh1evxxiyslHwOmdpT4BuzJB1oLoV51P6kdg/ui996JabFYlMUn+NIVTWHhpK46RV9G4+mSdba4M59QkiQcnrunt9zxi6cfHEsPVuA/Kj7sAUT/pFV2e/dfTePt/bhv+zBtz98cy75PXMm77rVu4738CXpMrRCObwi4FB7fq3npu6EdH0yX53Jq+QgF0vmlA3NBGep8p49258sAQXehxTuo6LojooTvDGNYDtt9tPDT9/9/t///eMPPxSH3P7jQznjZBpcFt+hPgr3BAzm4Rw2mmtSLtgDp42pGsDooqOxuJqnHhqFHrU5Tv/zgl247rR2v7Tf4UF1X+uARBAX/UiwRjcd6xcIJzaQCeF0RScd/WzGWKUmWBQldNH+jBkpNQrCt90Xh1z5FcWQvYu2Gb+R5qKpCrPUpzO0fEshBmPvfEe1Tgx/ulvYNRuJqgXsGfkK2nv7WN9sJbQCnLuM//np6fnLl8df/lreZn//cP/x4939Q1luTqtFWSkw8isnnfw9Dgk10f6w1o7ND+bmjkMyUlfMB0dYZzS6R8BgTlKVq0l1367k2ibb0eoUZUBNlYAh0MP2FMyPm6pkDFpaTXbjVr2T6Ld0rJxXceAr6VJ8pIMp60hKXueePUPwx7XnsntY/v5HJYxbHCpCc3CtiDQGF2TkhfNu+oO/G9P0qlEEU1J9NwkaCE6sR0IH6tQwnXh1UNOpOlbV4k9rtlKH7q4vTl1WEO4gvTnIVzPdcTfLOsSQvNSTa1OZOLMakN5zqnocPa/ZmbO7pyAG1090dIIVio2lizVe6+8jayIRlHYPCZJykUj1QKq0GcQSaTYdz3af3hLQJOHDJU+ySV5ytJr9eNMbE7WaPaIOcbSOvS1ZMBSIOQceKAxlUtza1GKY9TqnqRYm4diPCV34fNalviVYWlov7dBPu6wSGjxUi3p/txSaBWF07J15OrJt2+S3aDb+c461cic3v72cLIki1MPhUJGc6j7/l5laRhG2uaJ6acIvOVRsAlAJ6Aw2pEa/72LL36BB9211pnhH0hjPrYcz979wVDO8LM7aKuWAwrt9MnfCvz2Nb9+SpPcSY+s5w6e+ZEQksvqo6dVS5wt8om3SkOkpNZnUSx3pLPheQzKe4Ge6I/TmXADVKXPHAQ0ZvT7LFSrIHanT7fPA1O+Ay4kKmvGZMVgPWokIL5lxDLyYyheGSi0np76lAG2xeGCTRQVCBUBbjvVi2ZeLdb+GdWI9UFgL88yaCrJJEXdlFDO3lI5u9QHFN/j0VjqvFfyrgvjw9q2YhP50pJOUqDl2/SkG2UeBjVxVUI/w+WIl9gxtuz7n8H5pnb2itCxmjy5a8DxIXdF+mcjjUXgne1x2tTusXD/NTszSKE66e7Q/3YWr4yyDKIbdaCWuu81I2818Ov/58Zcvp8OocPtjObVYxSWGtIyzlg6XYM84LmdrkFoi75abUc486agWZq4pW4FXRt2i1KnG/6zBatbqjbGiE9lJPttBmGWxN9vNftlvzqdxLo8rpy+GKVRc5A1chr3hjk4CMB00LH06KnJQstyjBZNEIGaLkrLGgEp45liCSaf5eFr287hM1iBBC2HFOsUWQ7ecVEzh4+EZhmuT5Uw9tThanlGIGrrdbvqWoxK156v6M4bNuNnvS+hnQd0wdj/XLedansQerzbZUmOrTcWoCnjVPqqmEmEDqvhPgR1FHb13g63EVb2o2D6kQGM6G1a4Tg7mJ/2z2jjiT8REfRj01hEKkfirhQAAEABJREFUYQ4GT1W4XZ52Q7u3LCmJokQB33aseC9hssCelLjtOD4rQtCxzPt5GB/GscSOJ5gCdi+NAg0IWpu+b5WZudY1+VtG16TO0dPkRN2ta195C0VK41UC9qe3zgqTwIbomIa1MxqznUOGmesLfLmMrVCR+ApTE5WZ0EeUVqusM7SUMGrajRPBhM9S4rwLi9SgSYgeTxM0/T93yIDghlaNtJiTIWuq+qC9CIZx6BeUOhFlfzjelNoai5SY6iOdp+U0zYfxPH1ICXI4hXId1cw6pcmLsgGdmwx67Kqe3sEVuNc6OIzxnop4baHX9bvwZ10ffEV87zik06Kcz/f3M/PCE5gaE24MX0+wJlyRLxI+HLHOaGZh6Z2K8/Nuu/vh4aO6Bcvnz48l3C7nEoc9DTKmSSlGjCiSpFqVpAuUA2QQSohL+WxZgIJUCO1SVRg3aZx2gX2FEy3Hw/k9Ae2TuigNHH/cTSn36i61WN16pwM5w/2GPUPze9ikJqRzrO4gI8vsyD1pYYkUroTuWa4LBhdEpyi3eakbYl23orvNnMtMHo7z81/mvx6f/+3Dd3/8+OP3m43akFk7sFT/Qq69BgCNyX33L7q8f8wFuDSgg6hqg6aHDB6MhdqewAChB+kbeq9X7dVR1nBSEEPdjVMeirQclzIVmrpxOisatqLfUAmh54P2m7svHoG93CWkZw605Y1K6hKgH4fH5+ezZqRZHoMawYPAedh8dcHnieD8CsXLEsqAMw43kbkR0ZgGuk0JhxcuAV3Veu4M6INTOAjM/3IjUy1IO82V5Rw3CrisQJCAYeYlXI1oAEeeJCDoDW+fI8Vas2x1syxc3ljfaFk2nfES4tXXHv3EjEsrIIZpeZbsNZSpQc1NkjzNY1E0ijddszxm04k16YQMQURTFkZFKzPMsniKjlwAieXGGZbexZW9ivLaJc9KBKOi0GgKy3mzKA6dTk45AHNSUwyrjSJIaqmgXwCByufneSkW9DAqSkf5b7MrPv+N5sXs9uOmbOJcogLafsiTeFyyCTA20IbQ0ibIdBbO07hbjJhG3ziaNKu4LJaCsjRV1xPjhpVEvBDmVSV29SB0ZyR6UoWfJ++b46kmCblW+tHQMqFSILbBJtQEI0gZXRorzD2fk3ZLIkvPMDi5QXVfF7IQ1dY0yuBJNlkb4yhMThkHOzguzQoOqr+d5WwVmbbQKfzk1biwyhE3MRRfxI/Bk/AFXi57BfjpCJEVL0XDrZJXP4/WPuqCewh7UzNxbSDbNDncuB66XwdyLK5yaPQmGeShhQYU+w9pxIsnvjA4DgYuHtVyVSJTK1KtqP2p42AdGVNjxj2X9SkOzAmqNhU34yiakfVIKtLd2EdjZMAtW+Wbjk4Yv3m0d1g9kTv5XFmKy9Om/nzD0L7Z3Li607fPz7cc7xw2t3+70V1oSG/djd98sap/+J8AsZKLM+SVBzUZTddL0uzH6lKQaJ3W37Nuk7wyj/BoypGEtTquSOcmSVxSWL9NfHL516Olv/Px9xhm3bdff9F7Do6093rkb97zf5fj15zTryGkphny1Yc3D8xbuvWIm89l4tW33UJc3+rCeUVEclGH4Gel8F650QJRDM+C2bRsqgByfLWUS1PKi1m1HcfdtP/08fv/9vvv/vDzhx+/u/v0Ybffi3agdkiQqCw1DSW5duoSfqNlUdvdrvyn2RhQDrJU3zJc6CF1W2VC3f4tJzUs2X6upLK93knRh7qSK1jwjGnEjV1nMb1pFmSeKCQhMXXRVTc8M3roKILeSdNzD88HiUwRxcnebPb3d9NmW95Uc7LNZQEfR7sPo+8kQf/EK1uqjmoqYuh0xcGHTNykmbipvd7atKfOKc1h1K4mo4396w++9YmEalIFTNjwZfjF7nj68uUv//EfxftYxv/dDz/ef/hgsDYbYk+vufShhf70W0w6uZw434AW6ZGMsGiVgKDiStAUOxPOzrqROTpvUNhjQA8wgstMK9ck9EteqRHyTm3rxmlfowj+kw+fK4ctymhgdZVeE16k976PI7PRP+GobiB5OadZvB6Lmv4vVMMmbqiu9W9C5YtE7a7HioolljoGSmsPOiaN3hxw/AIWmUOWXPETRstq7uUg6Lth4VafyRuPA8v2zjWGhp1aUkn3RAp9FLkOGh3p5CJ8K+zg0Y5uDb+NMDohycVrEt3YWXC1SBejwhqBXVONkPUyhiggjb2aSjreEICEqJ3KMFFjIH3kT/qX7b11IrXK0s8S8hOgn8M/xFETTlEdI0JVuNq8AazW/AtgP92xRNO6uC35LxcJ8nUaqdc8bk2j/TDm2NQU5t7woDYPDTtHP34ppP5/7uMtpgc2clF/IE7RFuMoLrPnu/2uSGgOX9u/1kQDJH6GoyXc8Hw5dR3nqe4eNuxw2yq2BaSx0ddnqO5iccB85rp7mjKwOqTGQsCx2f2m7H6qm88RqI+oYgQa3gsDCp5ad+orY69+Nnkpr4tDLlGXA0qhBq2JDeezsWHzmToEdPdOfTYJosYVyiRcSwIOuL63XSV8Ac2K0mJ4rsTRslK4WOB1kb4ip1+aYHVysUYcYbNsMMrIZ5AaVKtzAodnelcAOJ4ZWkHxOCd02WDfoi2Md/nm9mVG3gmyYAqJm3jT7upijXskFEnuRIR0kBIW6bCoTXIIq9zmRR+K5IChuXqTdCR6y+4iRCPJ1TbKOSSfHu6vlur7pkpKHYnWc9CkIBusndbZqqZt5bOucQ9XdMzapADMLagDHdeEnPy4f24/PX3EtDIBp6/FIgwldPDlfNjlabcb6TQ9P53++vy0VQtvNDh+navzvMBHrtUMywBTElxHwz6sv8/VahWqsv6aYJxtGBxCiTlMZY9rf00vW1/NPHkUpChKO61x2KTDMTnGRl0N8lxa8SA3mm8v2cwODeMswH6oppmZtAAz0VYgmnRyGKbdRquez4tsFNrF0prUlikxl+K6P09TsYyfH59G67ljRavghbk3pLlqtw6pun75/q937COkjVSNyHmvKOaD5Z1s5xL7e1zW7kKPsohnDMeiVwUG2z87FeXOpUBcI6q9elwzTij4tQN1NC7HYFadxUu9wi5mHi+F2oA9gi6f7EMOYvVYQR/I5wvn8MXebGe6Uul6vEdWgwlVrc04+5VyX7cwU/iTpBpSTNFaRZECNHupcI05GQ7Aoj6S8zIeh+F+2k4arkRAVxOzIhmItK1TaP0hCZtOyJ6puWCgwaW4Z/t1Wm2NkoXsITzaaeJJLQDd8f4i7AwniEmqXHXys/a3pKHaGeH0RXOCoNpzpOR1nhb8U4LvG4XjH4pXw5ToGfFkzfWI6WqCwxfgsoLCV8iSTvSlyFJFGNXs7F04/S2cl1GsdNJ+HGV3anHUkemRzuP5sJ0mHsuG3RhmbohIkxiNFXs6lE1Myr6bwuoUS2NTdtLK4rkT1q8dSy3eErnJ9K4P6eCsXjuN3nuEOexhOL+/F6D7PCbuJGWMI1JgdWrvNJXoniKD6Jen5/mk1uBRM3xIYRhGg9IxGA99a24GGxQ6ll43DxvHcksGy+AY0WQWfkn/PktVjJp6icnMgjwXf8GE16ouOuwCdwJXSzYYCD4PKNB1sg63vKyarhE4JyN4hbX6nYGgQnmWpDB2OVfxDnAVSZW71lbCQXRoRSRjQjHEvByfvpy/HA9F5j49fPp+c/cgquvUsTopus7lmG6VEOoS9ytOwYHFWwSRq3yg7BheDv7NDspt6wJEe7KWcUsIBO3hoQMeJs0oLZL3cFK46wMbMIXk59NRc0+K6HyYi8N7HLfA7FQeaJunkNnhkI75WDzJesspWVtEaRyv43AG5BVaKtpjafKEgxywNa2fNKFkPp/UlzxtZpXBY1FPpsGgsgd7rPVrF0+sMWwpjZKbX6K5xAvLKtqLxsyxdGExGmoDYSEAAxmA1ZpFo9WRw7noBwZ0jfZeVtU5DtGutEppzLyEMpcw9aaHjpPaoYshh5wtH+Q409mSt9C0vrzjsOgWGxUdcAQCS2S/ifLmJiCMsAFd45EM0ZywQKFGTkNepmVehrO2xdEkDwthuF+iciqYhIZGplkOcDgWWp9J2yjOeRmXcVosPHDe7YtiuNVJN3jYYbZZQcMdu3MGrDk5jIpXOBRa2ih/nqwvtOuh2oim+NKPi0FowIlka+E/OcdGdhq/ZJWw42LfBNvxLRHKeIk6aOKXwzRmnZmhIgeY1gHINkyjsyAky8JAydprLPP5DClmAHjacSdNXqDUpGlCR5vBHjun06Cv5u45QRwF+qdOGWkDICWhYaDK3ziWG85hkJRFcqy/XbIyE1PKai9dmze0PUKIBYe2WFLUlZqFHLPENEQ5cuzDwIRrjtRaW8LGEywBRdcCuDlLWs72i1irqBw58ajmEk2vsdZO4OKOShO+OfeUmY0W4nW1qlxX0/+sgNYeFKxgk51dI7S+ytf3ysAMqVFbotJXHpiotc79xtEnh8VddORDvaUgE/gNZeA9agWJvGdM7/E5vuc+v2KBXF3K9x83cTiaGXJ1//bhrWGvlolrfiqFX4vz9VUiHY/ixqouz+pey4FJuZUu4AZgPX31bD1y56Jf3U5uZyqkb12Vpn4Qy1ctxd/56ObqHzSsbyBHeXXWL6giXZkJ/1BUmdvHr7aZ2x3f4mlQm9865ysXnblXmNvhJlE7rW630IdvXMW+HeSFwbvyIC66eGUv19JvZiDSLYb8qgnt03T38eG73/306fc/Pvz0w8OP3437DW+0qvv5fIQ1qrmeaYzqcmhrPFpnGfOHbSrACfBEl8g9XdBoABAjAWci6wQFZ1z5DRiqi6wUZ53sR2TNuqfI8JMUAw0JM5pqgkhbXnm9zXZS1cFAhE+KrHc4nA4n1Rw0R2SwLGf4/BRzUGEHB8/QNU8sGh9L3wwIch051jYRC8apGpZl3wLxriK4VwfiayxlRXr8rWw15u+23HFtJGaGkKZT3uPw9PT4+fPTl8/PX77cf/r08Om7+w8fkFpkLrV8fR+qSh79SkknL4nTb7ybkyDK13L1raOgo00wiFPITSv4uYNj1iXvh+ZWjVsvN7Kr4D2i6guJa0TCr/ou6VL1g+vPf33u+Ssd7q5NnbpccReQJGff5E7jeUMYuVep++QfJphvPZHp1QFIyxGB8m8M1fqdetMWYr5YPvZz+WoHBFHd1LIuXTMXxxvspl3bvIgYWaD8Q+NMORJW6kaprKrfHSZ0zGcTIra2NzXXD9aeAkpfyBn6YNPiQUbzojizxSwZ9Lo/bAHEbIvmAlQZZudajvoPQ9eUlulpuLaZIpoSndnwFu5KTm6dcyLu3G2Kdan5OUC7h+1eYTHRPkmxA9kq7oI5dj+rGdT51MR9x/ifuwb9rJr3UwOKjPpUq1iyYqE0OCZ36A22udBQuQjoauOjL0lyZ03imjLXBoSZJHiYWD1ojBmwomioMuZvRXMfK8lM0a5H6/1Rol6ZVexZjsyzWKDjuoMAABAASURBVIHcmClfrNaKjt/F4Phdp/2tsvS149sZUfOhc0O3fv0xsVHZSnaKh3f++affbbdbQQjub3vTv+csvedor4i/EVtaloy9k4x0o0wSXsWK9EfUZ1CFg0sqgYSywhrbXid6r3cohSke+4PDQ4QNf8vWrwN2v5e5krmXAv1V4jvG/oO+YT43jk/917CKTWCs4h58wVjiFfxsBi+JPd42WQKhoQa9/09cZoXKXb0McKILRaala0cMh1af6CYr55pcGphtg3P3+ogI5BiOUA3CcZtbbnfA+iLmbiFz8mZ13tuefPnq5HMvSDF8X8oeynu9SkEpoc2tJnsVDmGTBtbYXDRUNQPq+yWWEORRea+lCmb0ZMyDpneO9sLSGYHuUPXnIhsydEpl6xoIHud05hBGsHAv5L6nXtlRX7z5koJbWy9zDpj4hcJ5WbMh63MFNZeW68YRZYnp8ygFW7kDjxpGzoa17q0hiNsUGdlx6OoOpKF15locWosgixvZlHYP+lr1dg4bkeotxWJ9XjJlAgne/ZPMz8fj06lYsB+GzUin+fPjl7ths5sU6r2sYLmR5m6U6MUWLndEaTQt1So+ZbOR87JoJxwUrZM3Kekzt0x6Nl0WG6rMwPl8Lh78EiPxmCW1TYJZs97VXCI/99vdn798KcHiZJzNem5LkIxyJ3PjKcyJVYISe0TUgXA4mp+UQEqJqg1qzk/F+i9G6ulwnI7H8+FYYiDTZsrTkq2KVNWvcbPZ6iUqUBTs5Gmz21jTqIGYKgCJUKdP2g+t7vUo+jceAuAWp/DIPxOjaZoU7OSkpcbLEf0PEW2y6J+1TUETC+SSmJ5hcQYtWF0YDRPN4Atqj1UJJtTzVARTncAtsIdrXbSQ5waFaGgHkAC0nl5Df6aelViSKk+z+l3KfQYJphzrHrvb9zETvSx52TVdbiOFUZArqVVx5aGLKkhJLuxHy36wfGmjmQGb3iStoDOjzddcgjYy5ONpVhCg8/xUAoVpeNiWcFOJfCo0EGvTiqGm9gBVQ/tYCDK58Uqe5UOxQ5MMUhc+LAkozsjwdt6vTABp8IMhYBmgDiMPznIHVYylAepuvK2RQISfLaXA726xWAdiySE2cK1YX2E35qlqIMkkyMYCzFbfVZQGjRouaN7UBBIQY/wvS3cYKJLmUzAvcseX9dch7UhhT2t4IfX/LoHFgJD05mUTG4CEzJOkL/N5ms+bTdpqVoMvLkuw9ORNuCBE7YYYAlUjhZoIiIEJ1WFU9t7TnnSQJ375pVpx+7i+20tH1Rs6UX/jQu+r6FE+8PuEbc2dnRsbtDoXBm8zE7GTgYeHaTfcaw9VtaLkL5+fn+ZMWrVfXIQKy1EYPhkIlHX0gpBkQf6r1f7rTbMnQracFODyjdgItq8WQwDCuLqXcxXAR06NAnzSoeF7q4uuKRV17wi5WVu2J9uR9lsobtB3sgcKMGdmHKqVmmwzIn9Gc2YX1ULSSBqBz9yD7ndKQiwXVw0E7wJgIRO/6uBVpnF6yv/5v/3y/PS7uw//y3c/7cj71Q6GPaNrYdsKxSWqCGau60vOO9p81Leu+hswflSflbrajpYVhOrs2zofKVuw3A5VHMTZp4eaN2nabsb9uHueT5vz6aAN8cr/l+P5uHxRBni/nLfT2eDAFApiGsZURPVwt99snp6GL4+Ph/OsgX/guQ7ouCSVRgk82TXZbJ6OYNVUdUFINzYPs4q8IpW32/04zpp8MloyyZjYDRRH0LE0CLWQzucjHClFgRzJwCU2U5GB3mw+Z6h8eoFKK23Ep015OvyJsin2u0HVgmUuaoI2DwqcPjal1Be+I2LXTtlaGRWSV1VHl2NRN1dRodI8ToV3lek6aH/DOZlc1RNmAyIvjE2TTqwNi+bWUMBZogcjmGZlBf4zV8jd6A42qA6cteeOZngU5/5ZIWG8MaPvpWRt+MyXUh7W8Bk9XKDNVZbTnOfTnA7pfDhNm+eiI+k9taXZTrTT2rncXLNowozw2EMa3KGik1jWqLjLlzIUtx2yDJvzsClkdbKUTLSMOVtSsBhKjOrF0oIlAzePn4CkzQoGCTkPYd+ZbpKGuzGUcwxQOx86BJmp1aPtWuADc2NDoCbggGU3IbSDzvk0D5obZBonu/FtVqppM06Rg8HkoEpTewgVwjmdy9XavgbNiXI+nU62VB2+F7gOA+pGOd203WpeNzYvAHc7UYX3KlEZ6+wzG4wfAY4E2PbW6ZqaJFEol8K9TbLb4OKuHPZ1Mh2DHGEvDTGBZHnYWctAZIPwCMwJEc8wNODAsj3T7OkvgLqimAeg6LjmsxjvTnxddiXUeQEJ6Wo22vAcOrqMrIzJXtOukpCa36MJvv6qy0Ne+7IbINXhvev8cIm+Elque1niP14PlV8f+dccIr/end485S1liIh6Qf/6DblXZaoesz7F9u7tFABfBb79lDr5eFBoLs4V3ASLJ0OsagCZ1oNeuUHsaC41viDBy0FaivpC7lKgyyNunCWCBy+9x99yXNlx/4IH06qkwS2Fb9kVv9ZOYn57yn+tZ/WPpb/b8Z43Wo9hVWXXssLXN72YhYvgH8NS5Gtj7fJWyLVdX3g5pPD3BteB9bB2cghSw6vi4AanIai5b1Gvt2xfKcrn/Xeftne77cP9j3/8w0//9vvyZ3FvFQNlMQUQbjHSUqtRFf+ijqqXUHHjVI0ah91uX4Ia2voQxzRBi10i3yKa8oUl+8rxPoIPFQrFreEZG1z7IRhUoUwb7pqDlLceBdHpAGkxirxXdKFFPW+n43FW7bGoVQoFt7172OzKK+61p+FmMpA/c6ahlxhXHN3+JcR6/5mWMXvazYAhjgAO7MCJ5a1NJEL8d9wU9ojVL6GyokXjcnw+HJ6enp+fT8fnMj/ldR6++/6Hn3/38PGjq3ypQzO9cGV3WAx/U9JJZ2Gu9Kz3TIy8WNTbWbAZQNAZYev405/tuo80aDyiPmFqtUACn5CpsQiV+4NErumb+8OfIogx93Pa/hTp/1nfa/U7v3c3/YOPpkfXLWwfZveGpdS9iLRz376x3FDWLgnln69F4H0lwu1YIyB5IG6ahOuf2kGdpJX6EPAbq9/k4nX41uPIXBWZVzDIvB4P1c/DYZH7z+Ncr/vz3yF7HHcDpzHsXmn+B3cBYI+EWx8ullzla9tI0IZdK/bhDZx6mep8yVxTOa4Km865lvOxZJqp+77YJ9zgZPtdxNT2b2KJUq0cXa49bcJdtV59kd1JQS4Fur2K3drYTr9M3LOVy2W6tau9PKKeV705/iU3oBxpzmJCsoyDP0QnonBCYa46WCr4lqJ42k356tjtWzBIl9rF1I8r3GbhnlaNAeUpdeBVVZG6KNIhePfTIhcEwxRW/d9bFv6WDqmh/LDyLijEZ7sqppW24igOnuIJJZA9TgZ4+lvTeG00/gaPKCvKpgLy4HpVn37o+4rW3IwjElQ3Xn9bRnLZzffG1InkW8nRL6u31XLo9aQbq9B0leBKdcCp54JBDlQLqCI9haH1X97ZmTDRi74Wey+wRh3bCxqGfeUZgS2qn6PYFtdA4afQkDHUSsP2kwPKmtEDjjn8yCvGCHh1DqbgkMLNXRHObjDnNnKJB4rn9Xq5IXXFXdLvFxcrYR5EO7PVrsIUVZoSkMHFTHPLCnIPqc2CQhzYGIbIQxaOSrVGk1LjR/ClVuiFKrb92rYgoZr26mpyR7+NIbq6Ea/qmike6oMmovWu78dWv82WF+JY3aRA3bm9i1+KzWi/IkOSQ/w7J/cBOEyYUctg+YhQu8WhOG39OzdpSPl+xqgaGO3FOP6KcGBdmDoMexvMSTa/70z5MJ+ejwfZ3WtkYLs9nI6Pz48Pu+2k9QF2VbEPl2HMXiJpvmc1jMvClsBJHpZDSvMCF3b3lsGNfZCpSXD8zFqjqWXHcmEg4O2A/iIKozKlYVfMa7IcXMs/miNDJ2mkiJG5i8XOyPvRFbM83Jb9SVULrERdoj3F3NXIz+k8H055a4jxWZHhDSGel3HQTBS9kcJdlphbCbFRC+Ah3C/9ZMMyV19+Dh5V3y6M8O5dX5UyvPoh1vckTeOwGafdrrj4S3wKT7eQRzL7PBm8kEUFJFHlPzYHOqilJ1ofYZB9jJH7gXlxvDStkyjYT5Bcz96b6ZtqupXhxBatHqEM14DZSqxRWesMjV2pDtw5kVUNaCjb/QS1rMD2xhm6XXvxEC7cX9jdWYSodjJCOg47NpQqxkCHLfEdxcjVMct5Vn36VPwcp6cSh3zYbDcaPooIsfXD4ciPQqpb9oL/6AnWv0JtzxRMPawCZ8sqdr1dY+rPN++S5bYg4KR55BZMaw5634GZI0Cn/7f9a5CzGS0ukjSPvgkTqhaJj5KdMMyhVuK8u7TRSTqXVZ1PBrjfSCPeARfmet9qq1bBpus7L7N2VCAAQDYNhes8RbahzT4hNG2rIMvTMu/m42bWpLh92a+GUTGQzzTEa/bMKEZ2vK1stmxwicWHaaDnW6zuErbk5j7F1KZ1ZYj08uXyfKKvceHAcqP3Hb6F/boQObFdUjgaOtGmWUM5klmxVUuseDdsP93VF+Evx0PhfWftVpaL13Aclt12U0L3XAstnD1hfaC1ND6PSKzeX9EzCrVpLuho+msq90NwJ4rXqeoGEsQnJOsq8Loe5KyUq1JZpxiL3pI/mLpMJgayAnIC2k2x4dmwszTdN7G1x/AaC4W/KqfMTaRR6CY9i+6sxbITtaEJRqQh/QSclPLpL7Qcnv76y/PTj5++mzlt07jR7Yf8ErsWle91/xBfsMHLpYf0B+OJjZ9iA2OIjlfgOqA3sdNBmqcBtr+1wEka7bcG2+A1Zb2G7bApYm8+P8+no/3vfD59efpcGNphet5N+92y3QAcLfFkDvJ0d6fL+fik6cYJJrPBj7T1o04MS0fClYtgt/ApyxjYpeq2Jj4cHodhM8/F6a744kg9qdfDQAlDXwwKQsPweSrazVaxLmjMqaJGEErt7EQIqnPRNdixylD0I2gzo2R8UgayhJt7CI0oSfhLrPaFPFHUplrQOCmPVl5kPG0p15WXGtOc0vm8DDP665hVpz1nllyelgfrGaS9XdCzHF0meV3gDqoDFN/Q7QhPdh6AK67pK9P5eLLEobnGA9xWEc+/qMQNgkWJDrpsKnroeT4+ibbcKarhZiqxgRIhQB3qsmxmgzzJ2dtxAul8sDxC1RuV147KvK0zi6nSG+sENDosrrZbNMQOTXFLiqWxJO0ZFFaA7YJMvfUSWkhISpcLzhEYrZ0yR6YhoXI3w3zG8qZhcCsJOEEuXjlKeFMo7OhPZ+zIANxTOBOwOIP1Zip/nvUvnZNROR1DZpVNvi0UpCBpHlUyyJPTOco8CZjwtin1Zeaz865CCnq3ceCr7AzoJmwpPUSeV2xoTBbXOZ9QlEJEkjuCyY5Y0modudluxQLQOJaOyQIBS7A2eP3Y0ZkTSC47pxWj9iybZau7klETAAAQAElEQVR9hZZ5Aaw+VsepYvFkJH3Hpbp3UAa2MPUWQDTSo6akas4f1J4LX0B3iLjpS04q6IsqVokefl3pe9k36crdz8v7Xh4vDuCt8zsvx+riatZd3Ly/kP6Rx3se54r91x58O+Xj1hOrckHukOgNge5m1bFR8/Be0L4u7nFjcF4Y7AtRz5dGGust2K+ZrJ994aygVyfL0+DacSM9SW23uIXnnfSGnD/rtdfzYVxUKa+ve/v6v8Mh30zf8i0j5qt5euP5r+js73j6K7ZDPd5sr3Nhj/Qf0rcc77nqHasidB3H585/+9KB2MrVOZej4vVn0nT+V44b33PlDe2k1I9z7e6rv1wPj7sBJUgXCudokuS6uuVHaAEKTNCiO6quk7YP9z/99//26Xc/fvju+9//6Y+n+XQ4HOfDM3laiUqHgYbFAMOgn6TigBo341Y10KJ07ff3u912RDOdRaUt5HiAi8wGEE4vBTorCYnIBffgroKimW8RSsOMQfgO41gBQb2ppakcpsyoByKvO9TDEZtjwKfj8XRQdJPD46Mqe6a2KerbuNk/PKBbkGrgqdqzbe4NaNq93N6AKPBO6oBHKwkzN9gq4yRe0yanqoxSP6xme7hh8N07ONMrpN7M7QtS7i4OPBhd9OfHx7/++X8/Pj+XbybNv7n7+P33aJ9EDrlNOczk9owr/vA3JZ30M9b0lZvvyF+hA/Tutgg5WJJSfYIq2YN7a5ViDE3PEAJr36Zm59fkfs3GsoaXFVwP/uXIe+Io7scSG23pyegTKag1kaWzf1yq2D/hvFq9xQ3V858kOl85gq+5Y8gp3CCRzurhSOEo8u3N1wKmP67Zep0KvoChphry+jXnJHUQBB1XWpU7d652Ck92fODYSKLUojVTXMNrxq36qIm7EPCGqSPdCipl5SAWJ1D/pmNjdkxk9RM4ov2Y3ZFk9ol0ADxwWNS3QC+cCGNB9gBm0ufdRhxcciXlii+muO2sgUHSJsFQVseh8EdDYAVvNb3DjDq3EoEoJRbKmk24o/3ZYhERKxQ1T6LtrQXNiMg838Z/GsJJKPoijUm4VwLO/1oowE4pEm4L/cBcgMkxREucaZgG79PM7qrB3GkhF/ur+B2WnIMq9U7OXS/j1rnV8qLQqR1UyQk+VF8707/rElcmQ+ZIm6x30TLPdZtYKFiH143GtQcEEgG8ZVOdWogXIwuJVnddpWEDQLagpnlSOGjWXDyjQbn2ZhA8PFRXNojQVJdwf4us5F88+zfH0f6+Rw080MsZuy2kFIoDBM0iCgd9OmlzRKsIUxZhviX6mqNnIL+Fo+exwNRNrjczxArQAq9rPBCvAitDtxppqhbVeyJf4vZDNe48T5vNIg7ZdyGeQN03F6n+otzA2rNDPQChV5veb8LAHfLx1AdZKwCwJIm7UZQ1roYqUiu8zUfGyfsXxHirwYmLOWqgK2eo1zqnR/KER+39icapDScYglA87wead335xmnZGbxoTMNgkCgU34gm+iWBJ0+OjlQHU/Whmu0RPN1/QsfI8MyWZZr8XQ2UnqNYvwR7hqFNVyiwOXT3ut24eiL7emKjMdN9M2KggQiNKny3QaE1Wi8Ojr8YjT+qkJUIFntUCTgDFjNIHUYVxlOME8j/IEi/0mmMK9xMy0bSpRu1Vre42g3Ty2OP0hmZnNLFotN6yeqEJKvtdkNIIwAD2j9ZskyuM5Wbe7fybG9Bqi3i68y4TiSztnrRMOpid8K36LYDISQI5UqvUOnd4PbNoe52PiONc9u8hwj10IGwR0e9BhD9WMvdi05xOJyeds8fhu2ouCX5+Xz+5elRRdTd/age+OEMxzDhfe1tRRODC9lvtrv9ojjrSKGBQ73n2EZyGgCgjq4IK5Xz+XTaFKM6WJlUJEWzZQHJUpzUJZT16f7h6Xza8HJOhaVbuoX1AxliW5pKkA3bxzSi8+k8sCYeqvUJeoV2oTtoGm3aVYEr7388PT2fdtv5bj/NJ9qO4jAPZNXG4zArpGkhwsPzc7H8C11x5PlZJb3k6g5hvm2e9R/K2+UU7KAF4R3Ah8qLtFC32E37+zvTOvj8fETjU/vWMEhZOwTNC/ZQspXKAVjiW89aEHhze1XbHLNtuDmW2AVNeex2B4IRg0NdRApdFRDWSUrHXEaRQD5LqrEBwPBTbNiOc3MnGdbTIquh1bmxsxdDAZzg+TFZx50WzGs1qunnsbnAH7iaTPHTJawLjvLHVMLEpogvVIKF8+HpvMg9D3sZNqZAWm8OSR5NJ4t+mfGQrSdnKLk2qmSR4mp6Qw9tfMT2uDGDHLpkqq8zRCq1GfCQTMbLB2reIpzd6ZCKN5NsEymFM4ZV/U05tFb0Y5GARzOOARdRZASWeK/eaOZ8UufROTxNEqoZO46Em38GVCIMzEfLvkSapvH0Emm0tteew+HSGssiHKExMSjBabfw2cB+8jzMj8tpc5526byjwmmmZG2vMcLkrbWzq9omXxQWzmnMJT9WP4eOb7mFK2OWOgqkKwHRf04vK41cfxDxO5w1b59xcf/ONKYwJtygg4juHItoz5HAQxFChPQhvpv248eNVT0M9Phlfno8lHBpqFKnk86iJgEGggaRrH22MhiMim8etGp1AaAauUHyoKaXLN0pp6GDfwWGlapd2XIepNPa4gU9Icl3RHWwNCVPwg3Elu+q8rdKpchKHTjaeSxrJUD3q/NdC5SWoG9xfSWDOgDrQhk/pS6jr1sCG3+qzWVJ3KLXBCuV9er0KUL2//P/+//+6bsf/+2Hn7+f9neFqItQMQfCaElzi8/thbFcp8lvnr15aLpQwDt2x5apkCOX1/UuQkceMz1tG5sjQK3aZK5dw2urWehFaS+yFMVpBmw0L8cvj7PmomyLp/s0b/e7zc5qL0cDtkhpMxRv6XPxLp+Ph/PZ+t+YBmUCA/Z7FPNgnNnzNb1Fr+1WfXIyLwd2LHr1DMt8VH6jHWHK/bZGqgxZjA45FsUzNcCdDvDLn8fR0bY1T8A04dlcJzlw9ZKpdvqV8nFK2UFLyxCLoqJAYuqzMxo+zSpqoV6MIwpJYHYAIsObIxMQZSzhIqunYzI2VqgvTeojP5WX0drPpL1cDNNFBwtQEh3yqShZ1s8Hrf2MeSWOHsER9W8c3s0rZqq1vOYR0drPYjZa7xXLzFAFCHDeaI6j7XVSNUYyGjaZPEJejhH8fFRYk7Hc46wAKsUqtByLqShIwNjQTOI5h7oAe0HMCcaIL5jukQeFAtE1MCVsUW2s+ALPZ8UIgRKv9zqpzZjFkH8MTMzTeMMriLcjmwaD5wIkrtNVTTdx88hMNucQ7E4jMjfR4ijxZs5YnqjBOVHoSuKuJ2ggyA5J4h618tnCkW6utzhrEyjDw3MOhMSkcdhiLvGCm91Wy6HOAN0pk2YZG0vtjaibtUSl+Hws8Rj2lFNGpyjmlhZZvUkgAMWpGi2bJ3vvGxGpQPraaqmouCoE3aa2XYKq0qIK5+F07jiMq7WjpQcNo2fyClItq6XHcJJpTy5NgfHai9BG0JgLsDWLdRfS10TpHEh3sPlwXcAal2fYA+pidG4fPY8o9MLWkr5K5LyWmdHAjZYgloZvwNR8oYCvlK8Vty8fK92gya3Qg/wVcqed3ax1Wd2y+/ni8b5XSPRrHIHj+MYjL3WhbgZunh5nQY+isBSSXN62BzN0G7g9qwZFzWSND+udm+Z/NYChDbuzLCqyo5ab1EfLSg+8fJOVm+b68Pe6/WUFLu0/yrnXMyTydUlSIx6hN03Ly3HSv/ohq1mxlV2vSWsJGt6hd08Kv2O2U0+ZdiwvdMe4eXPpIg4Xn/y9D3n7hGud8z0HQzfDHxdoJY7S1whzaTevGvxr1lbDnoxn3TDl+qtk9biLca6G1vGuyh3YLWSA3ZsyLqgsVKw5GrfT9sP9h5++//GPf/z+5x/3Hz5s73ZpnIovSxe0SFXFKoYup9kqGfhzhp2mfXS2u+39frPdK/KHYvpZnqwWvmiecqReLLW5HnVSQHoHOXupnxe3vEpCbQIdo8SPCJSZZu6PnTELAowVjbDZCdkNB3hEz9mggp8Ph8Pz8fm5aDVIN9FU6PKK+/3+/r78om9s6SaAjvNUPHa3guSYcCg0SHC2GEHy1Gp357puckWNIs1eky73buWQs0fRpWH3dceNrQoPCCAJvRJDv9XepYb1Uo4yM0+fPx8eH8vpu/v7h0/f3VkWTtKs7qUuCtONqsgLv8Q3Jp28/s698tQf1efJ/IpkXd3HHS4AmHRbJdat6RUgVPi9sr97e09l0yk0YFON1xEhar5+n5fk7alUxfQ86HyLq1aR/w/is3+XgzvHCMHYNuvDQnjiwWhhXoVA3jgi+Zc9DGnP4dtnXhz511I8r453aM9+SHB6GHkp8HAZGSjCcnVBNbGqful8tgaQltzfvA6pTou86hNsl1CncnLscw+XcCd4hGNlZSXCcrAUqj2VKutEbEnrvaxAJ1HAdMSMwO+qQS6rETdzEe9g0cRinooXEdR6gezBRnecozrEqmMGOELSLZtKugBt/Qz/8WraKESO/n9UdNWUqs4dUyYR+xH3E0fHuBWraHIQlcxXI5J+KBeDxvWpxiThPQu/u6GXU/STCPM0LswuSLobsiPrcOiFTSPpxsDvETxhI+GnpVuOtoASX0tlbtiy77ilJ2R+pRHxX/sQSJ1uel7iJ9efKtWOOuWnWVsm73Y7MaUspv1dNvmFeirfnkv+9zrYDX7fLKmSXdM1Kai/40p2ATB4ljoR/DVytcmam2vyuhbrQ+D1RqtD0/CGG/YthxoKpeO4rIfsfMRdDpdOB/5W2wxOomra0FovzVZBBS4tFy9ccx3q6evbupbZLhI0xliL4pU9c3OA1S1TFUT2EnPmNgBPG7SmCkhG4poYUYckYIvcWmPiS8SJK+NxiGlLn7eM/CSWbWhxbvaWoounPa3WN0WpX1KHPCEHceWN4ZhaqW+dfLrCabm4fBdIPH8ZW1/OK9CpGC/F0Mt9i6mGmkIIRnphO19sc76y9kGN6CwKhMNBBs/TqkthnD9qtgFGbc2gKy5iSIOOCMR9zBZStuC90ConoYr+GBiSa+3eA0MFQdMNnyVaKSiuzGfgnPWv7DOk4e7T+fR4eLq/36TNpIgeef5yPAyKm1/CjxsqITfFjlpcyFpPukapw7DdbMbTYTl6pGHQLnpGIf0ckqfUuIoYiW7WjH5WNPk0EK8WIBkORlIAGC5Rl0/7/ePh7qhRmDyb5XnOAtxNpKza3GkfE1RWm0NfC0/Hydu5es4pPP2ax2JhGA0inU5PT+f99nTYTdupRLSzUjkQztnyTkokqsTZFMnzdDoVU3ljxbvQ5umW3ssolY6cqmtl5iuOZic7RFIq9nnSAGUJf5R3LBOSAa6h3WzKwCxOozFVS5rVQIs1PjKHqZXhGImymyN+d0rdo1ZPBs9lci233Hvw93GSq7tXVleHUPJWFtZa+hEweQAAEABJREFUJafsnZ2M3FmRKdauUm6yjN+hqyMNBQkDrgda2lokRpAjC3b3J08JD/3cJWVAJNlUQmcMHZM8a2FwjEModkkjkvm8fNba8aczTedhurPA4KhZD9rrRW+0uHRKXje96CfsOjPVZ4dbovu0kynhMqpvTd2lCOM6HKm5eTJb9lXyF68yJoUgIBdioFPB55DsFvkply8syLTPtWVDmDZmwRvhb0twC5G5RbsIzHW7I4wdcw6Hf/aZ1wBky89DaEqJYvFcFH2oUyN3fN12m+5IJVYLTWq2G0sJgz6fj49p3FEJz5bJn9DLE4tkDT3c1EGSpRc14ARBtF0qNhN5ni7ViXqV9qRfjvq7rKW4yJVQ74xS+tuOFVI40RvmysUOjyO5u9NpcDtM3z98KJxfkvbGy4enk/XlKOr0EUmFTBYeTsHP9dbWIi5xJOBnyzPz/WWLzJYBVHTQAaxb+QLyPpgCnA1zIliCBnaD++Su/4pU1e/6LbmBZrjcayveZkLE6X/wV9CMKzegsWGlKMtKq4vuvxkbwW6RI37tTAfeZ/h2uE4zhYEsLn49pUv37Cb9ubCC05fDL/R59+Gn3YcP42bPaWIaZeQlo1ddRrNbJk9avqI6rjjeNyaBek0f+FfV2QQpbLVz4q+qaQdQTAnZWItrvGWwaIKneSdl1Y9MR4VSWM7HQ3EnF5WhCKF5e95ui82lrfnK5O02m6JBbPeb4+n0+Pz8WNzNx/O8aLtFGhyclVveEtX+R2t5Ygkc/tdQYeLYEnyLn9Z0DTR+srpG9ANhpIAXfu2uaRPW2WL6Rd9QuV90FtRBboZJSxU0lUQAvaUpAECtsxyW5OU2+kMxUgatKskL8jVEq0u1/552oy9Lh3w1NgmJodpbAefNckWspZGpK1bYqiVT2pXolM+H+TwXcaIZvApRXuitiHdNQylh/HmQzUx5W05HQKLoJPoIS7O0hm4h1leEzjFbNr86umSdbow0VQ9SqPPZymYMbIPCoITBAnWWLLtqadqO0HxSRPTT8TRtxs2uaE0b1HWUSTDoE7F8Yg2EIOcA+BgaTRincg5YcllNPXVYSnhBuYPyhUFTmnwvLuOy1RSZIl5Rk5g15ctuaINBla0EQonVLLD7irH1vW4qQ7xGGVVtORMSQRzhWLMvs2aQ2O6vgLnMtSUUUxckiy1v2fxLfKCQJYtqigNaN5s7XJOGDKtGJORK+f+YNXvPk4Q0YeekKUGSDUcnwwQu5KBMl90sNUXZUOMxApXyRvkUBl7yYwB3ABfKgYNcePZ8HmZNSQ73oSbCAhjfvPDnOUxJcbifcuqZ0xmIOUMYlMmzatknupGdegk5JIBYdpGYFqRLMC5G4JpUhVXIxkvxv1r0K6Ee6M8FGT7xIM9TxgmBGmdqSm4vJa7z2ElD7AQhWnPKF6Rhd9ob+udbB/fPWPuUuNlGdKnoXhkU/L6RvH3O36pt9I/6invxq59c3ihmI7/24n31lNE+6KkZL3J9xcXEhpRhvh7NekGSOBrFajwSMJCubwpdEVjuw5dXI1pwly5Jpg0WPzsvhKuRvZ+DfqXjxlzRb++43q3xO78ceJLLX6rZurqFvJJq8k1zwZ3qdbHy6daEy9Ujqyu6ndPHRyrtv3afF8ZGv/Lxpp3+yqVXfzbOYv+kTqB75VRVfenGo6XhWr3wosGHiVYL8eYrmNwWzq6ioqYEUHaoxUiChnaKR1t8Abv9p4ePv//pw88/ff/733366cftbqOeJ5OFJvrENziUF/XemOQ2Haq8+Ha335Ywxt2dpfjDotEfwKtzbDlvqbN0Pky+Hng3O0E3IitTAhpPumg5VH264ZbH4xavPl0HA1SfdceLeI7IrPB4zwYSfDpZxkkR/Zp6PG22d3fb/V6T1Ysuvpk0GyZ7xanVzSfACrh25OgpgrIdXzlrDmgwiGkIXBN7qSyv7wOpKOIhMiQmh1+cuvcfzLf2rKdMZ3E9O6HHkE7M09Pj51/K5JSJLer0/cdCNx/v7u9VVUYebij0EjLm4vVknXfy7UgnfM2u/IuQlhf5OJ2RGYOQF+7MPg14gkCPh74X4QffGd6JGUIvW8Mk7gAfepXKM064YxwrLtko1KkEuSkoNFhq0kmnmfXMpx0YWab/kkdIEnajgqW+b0yen/Ce9OcrudQ/5EVtjf4xB7wwLhnYN3dyJA54bICHo36osSJIOuE17dFS8TMq3p0HVnLq/C9S66evjve98VrvpzCkyFPsZJ21IOs39dXgcOY3i68/Ff5dfe8BWOgS4UqBb1yqfcIGEKlb1GIHqNox8ZLhNkIdtAFqNxMtFFMtmEZNT4qamOrQC87hFyF5keFgzshyweb1pOBkvlvLg7GamVQ9f0VQLOa6StJy+tmLxNgt0Ogc7EX1dhmjbpJrASO1GcMoubI3cSACZ70omNLROXoZppjRIxZ8CM7PCvBeAWwySlmdHvEt/kXH6bruTHVs1MA+K02gaV8T8pUBE9I0B1R1mhcvxuJ3I5fxeLS8SY4c/118/ubxnm3+D2MF7z3e54LnywvaexRiPxyet0D9nedqDoaGWq+jm9KRb/3yW5ik1RicvRssBqCyJfcs0xWHpoKaqqO5OKYmuwXrnJMv7sv1+nYg2m5IZ2AxwrweGL9DZwdiceXgjdkH39MPistvrNsEfMxzyGoCs3hIqYbxybWPy70SIjV2NCSOM0hsv+YEJPML+wfi0FbuyjWnl3QuLuFe8cHQU/8+HLsdfjL/SPytEvgQ2CgiwSEQ7XZ9Rp7UpYwf0LYZzdm9At8ADJNnixgTlmhApix46YoDuftPTLT4XLVpseCjebcjUFGjR4m9vEZd+cmyheBa7e7PXmoIYMUAWNSlXHKbIyuldVIL9ogZs0jtYM0iShhgBhx3FcdENVuSIzGvU5tiXbA7FKfDSmApVpL7meU1qmQYLZeMQb2miqk9YA3h1o2Rr7ZCZ7U438fXiJx0HhD9FeS0RA2lx3eDvoJsjfJzB3sjQSqtLkQt3xRZOUsQfnIKMeEuHs6tXfh82lM+yfx4PB52p4edIukvp/n5dBwPUzEJxxIlkKUYicXMZXWcl3uilCFD5haNbBqnnaLvK/YDAnnJ4tjhueYwLKhOb/1Fnernc2HXVjvJ0lkNTJ4pMmoIR+6m7YfN5vEwHXheUEysRKIifTTazFhxu4HDqpyzDCXIKVaMXIZdPN2acrcoVrcgAFM+KwGz4TQdnw67h6PCks+7ZH0g2BSe4qjPeQOPeHlDre7VSMsIqDmT7qk2ceNYI6watlGO7Ftauzv5LemLCEUTithWugBq3U+73aaM906Dfxrsh+lWhq1ZN5Zqycmc92joVdZjpLSwI+Yb+ZniFPgHVZemlbTBKBNcCWzoTre8q1xfLzgjAooBVoFa1RJFgyoJPc1TzEOhX6sjsp6KFxSDGAlUaNWFS1gQLLYylNSBZxBeBiPsnlOBRAxIyNLeOaos/P3tzAESggaGoqw9jDk/KjlqCfnzPHzY73fFZ1TcB0JbTY6gZIE0S4cxqjDwrOhxwaGbD466ERLLa8s9q8Yez568WPk4GQcAR1oQmltClAwULR86NdMZPzd7wMNUZG0hCjOxaJDDTgn3XJcoQL2tm5XBs5QbTWm8m3w/n7K3y1qQ35G4AuQI0CG4bnKnFTNmUMueXSd3e8DsjE7FZr+JAxFvNnQ6GRYAz4fl/HQ67XncpjTRpPE+a7KDVVPCM6rXYY+YVGNf1CTIqk+M949jiniEyKp+jjtvXXqpNfj6V27kuj6Yrz5t8uQ92vAFF6mUgZnGxKFdHxFVmJor3mOQOwx1RLvH7ccp3z2oT9Wm+/FwAJRzee8SMywhfSt782TJle/W3UPkkwQCp+ippRXpgiY7RddT98eA1BS3iLDOziH9p7hAx0YO5VDaQnA3D5Cz0VdXKltpP/wfbyMbupkhl4JXOAsz3KQopyrRUwuIW7jbqqyi2L4pstKqHUL3ClFfKUtPX4zODzn/x+n5aT7+9fHxl7vnn/cPf/r+Z528RRlQyq6nJleR2Cs7zFMgUt1f3dPsSH1NA7Ra8QzVIFqLAuPmJimViYmBfAiyIioYlXFue4mym3baf0MdmoMlgJzkrBxnXo75aMkcWZ3h53m/L7QzJa1NSdtx2k6b/fZu9/jlL/TL0/EEIZIBfQGPCYYdoqfyNvszm6ppnEk1nBKnF2s2gouL7lAi9EsZVp6mUYwNJWvFg1jFAgC+5CmWxmTO5rK3viVT8fAOmosBaWUJgUuuOOGWw1BurGDmoAsDgaFRUyVGuN2BbojiscL13OViSSpEMeMU805tp0hUxQ46qzJqRcBwzsN5LrrWaSH0XrEA/Fl772jywZSH8Vz2yzRttfSnUOTAaLdjMNUhRitJ1seGPVI0KS10svkt1J4MoUSRJzTboTxAO6Owo+JZ/MApCqge2SEHQsctmvmp/G/Jp+NR763gvZpoNJaxFQWpLJYmGGiibrm9GMjiOC7jZgOTzjEdB8BmWF9Ez3zR1dKE48Lax1HVPPt8VpgOzefQrAwBL8uRtb14xjaD1VnqVGTjp5gJ19dDaQjR4kYt9K3cado2TmgrBn+VqJl1BMOxpn37TaFcaZFuMBMz1hbLWHf/JBJFkreLdEwa+0Bpcsln14JN4bTUpmyYwegMJJqZBAXPFeoZCTKeGWUxGL/d4C7V5F5IfZuyOka6M7IHFaBQ76TPOGvXQODkL6gYV+5hbFA39owYj91ToF54taBwVScCT9+mySqzLdWQXZflZbaeSnhDspdyHHQ7FqOZM0ZBMQ3kZK6zvNASdmqVj5iLhodR7WdX8ZrK0UsKupCB0hRYXn9+U1d/Wzgzcy8Ynf1TF/nzGzV1Dmxebtw9vfnE92gL7z3r7SNdoXDdOEJ9qkIqVNnVDDO/eisOflaXmN11s15J9+PUX/G01Qsb20gXH1w/jugqB8Gd4a4wVJOs6ocvGSj88oPavW9cfFUeI6EfuUThTly62U30VsiIXh/kb/rwdbleL891cz3pgsLbx6Azkw59dCn0VFqpxZfWrf6Edpe/YYrXV8jlnzdW/zYQSOUY8tqj+ivWnObXP/gbb803f4cxZU6twCRrMDRAoHyzMr8TC6/tuJsnvHJbuPvYDRXfegnAomQ61YLhJtnc3/34P/3pw+9+ePjxh+//7Xf333/S5noiR4P30NFl7wsDRyuZ3atK5mTQHxvtGll0AfRVmaYdWQMd0zJdg61pH+TMp+NHrpB0O6GSi6zsNLqotQvItO5WQ7sAsCqu7qIVpECZYT8Ghh3vwNJFZ5ifvzz+8p9/ORQr53TMy7morLv7+7uHh81uu9vvp63qimRltIa0hwTcbNYI12QTh2fI3lcCD7Pc24Fc3edua0hYkddvfOPD1d5cGbK/zq4Jx6Andluqg8BNorCDp9Px+fnLL399/vKlfFom57uffv7uhx8KFWBa3PEdqioHA0RGDs35Wy0AABAASURBVN3aC+XOf1N7nRj4xV3r++AZ9I2HrVW1r2MlDAQypWYkR6HnYuUp17eo6ZjuOkjNAWkKRtMoxVg28pGoSeuIukvnMulVlMtDfj3N6R94eLxLOOJuAdkRSZZaSp2qkHxJfaj209qFvdpFqxn8xx4c1fB1CCIX/jc9UqrKk5JgosScrm/ltOXUk6X2EpOVThjfI2/phnbOr4iptRvx5hlECLMyC1/vOrlxS3ZqjgR9gQ/Qrje0edMgUUSeA9rBB9IpROLeBPXUGfyrgtuacgQKkdRGCLKARyFFpQbVNfDz/BMRx7+CowI/LfUrw9pbae/2FsnwZ3KtUcJIXd1jqS4yKzOiNGA+g8j7Fcj+8asU2vOli8PcCRH6WOv7GEGKyheui2snKvBrS5WkMIzJK5IvpUz7801okmZ7UA2c1fLVW+d3ZtEa9VO6G76WOPh/HXbAoeZw0GTNdJ6fD9N2M1vz5LUL9r1Hr3jRb/jAljN9TXp3YO+1AEy2kWYGKK7VwYfGGcFgepkHXkzCt8+J3L483FXOBOuOBudYjYg78WFghtjYETcCwxX6GiM6HEBeAScSWP6rIbZ/4u4NZJXgQB7aS9Q2cFJjAB4CoZdTsN8cc4jUSCZZ29/SKWz2vIit+ic9n/RPglY8dT2nhhwbXMhxmwVk1tFJHW/jV/gMSj+Gp5naKlMMSd+QHQNJkkRuqLV2EUoVbXETWsBnz8FILa79grBeCQLklTsVdfYXd+dc32KtwKxO0xThamAVj786vNHgTi7uKR5G8wp7mA1Cl1XpSDg18anmmr2hIQzAunUXN8MYwty66mhdPHDD5J0KsKEH9b9Xrx5EtPt7zU0o2DvwUvlAz5Sfl9Pnw+Fu2Hy3uysGTz6cfnn8rLL8u2HkMY3Fz7+UEMek5bwGdk2zFx+oUaBda4uHe15avQWHTYvJhxozWAio72qk7W0MkX0oCgOyX8NvZDEfdfiPmpCuQcoSadlvxu05nXOJItMSq4m+GJrM4HAIWtVNKC83BEek/gPjAGXN5Ri17rNM17CctMvP8enp6fNm3JUQ2WbcDEh4Mkx6LQ2OQsyDlqOeDuNmnLrIPdcGtLHsFxTlJPE1YoUvrmfqWlCY/6XE8+7ude7OMp++ZK0ggefdMPit14CLg9WgsJ1v+s5WWFNErkKFxcGRf9arwJHyGywPTReZK7SP/n9p8QOZKRtGgtaLa2wjznQ9Ebzj60V2bZ41oshcNH6BefBX0SO1N/OZSJU5xk8fc5dOhnfOXEWMz0y5+ZImZVRnrXdfDkKT8OGYH7bbuzRaFnyeDGowWTI355ridkEAqQKIaiCfgAJRAxAm7GipwqajH5jNvqHEIJA4t5sX8rWRAviXwoIyiWkafIrJWKILEpLSsiMqZU9I8RljCilYvh3MY7ZBNcBoUq+EH7UyPciiohj0RoeQp416PT0YfkLZPj5U2tCnIGjXbAdB9ppxXTtLk+FOMj8Lb3j4fE4TJ43Hau6VmAPQJIrAN2fd3lzqMTJr+uiB0KXYl64ajF6WF/Q1x4XdeusUqeP52iMIC0skVfDltZO9WkZXV5uEQmKoaB+Qh+1+/qRRvpT++uXp+WyAELqdLelk3DB7H1dbToUx0mkfCHCbPEdBGVytxoM1cD0qpARrPp6s7f6V5Vk/EvEefEijsX1qtU+goJzzazPSzWPok+Ik56kwufvWlStQJ17L3DKGr6P5MYuHLbRJVWRQuVbRQP3Ji21iDCvFw1bEqK3sq8d5OZ4eH4+n/3z8smyGT9v9x2G7L1H7smaKrUKeFOiJIEulGSdO96BccZQmK2IaJBhb6K/BBC2D2bMWE7krJQOnbtQrM4Igm0RWKbbdjONunE7T6Xgu4vBsUfH5eHgqPtSzNr2arTX7drRcz9FgHni7oyLlC4fI1n3FXCFFFFuuAMg1M1WU0nZkxarMsOmL9FAFSS14a19rRDXPR22mZ61zAAIxDBskBo8MOAwQQQ7JlU04iJzP5e9pytrXqPCSaRomGmdDPSnh9yhJFMtPHQLBu/xEOHyIwkorN9UsO000MIZpGGojwD1ASg6o0a+SQmGJQYi4J7BolCfrwFzecxnKO8+aA1OGaXqmeX8WyPdpe5o2W5SHosVlh+uARW5PgziujrdKgpb0kMUKa8ubGic9zeej4byU52oLrPViOPcUT2I1g0azY2Y+l7fmM81pnJfNstnuFMBFc1ASR1ACCPBF0VJku0mjKybtXAGOJm6DbVBbMxWDVvEb8nzQDjQzH09D3kQcG2kZZa3OrmwCg8jUpar8BJP3CgI3fqpNp8n6vjewS913jcaUZDBQhg+aRJ1ayQecIyvDd5q2oOTBo2QqoxAENiG+5PlsY0rIAyfVd3V7jBTgPMBQVKiupTItGW0QZcNoysf5HBs/hUpGkIeL9e5MHBgnKRJQxoG9grkaEyr3R+2BwwiBDNxSwCcPZS3WONy78wCrZjFFs1BgcjNQf+L/RlZchY6+nyO8GGCzWDMga1jpXIhq1ZquKhtGoZuMQJSkDRyRsLB0u1lu0RK1sfHeVCVexFZXBmzQbqNiEXlbuaw6Hrc7v+d4XU8gQnQR4tiHjn+tfKZHeW92UJySE71DzZC3s0ASJ/o1Dkv5f8fURHPG2gUmrmqykpssvnE9aJMjLAKp6h4jJ7mwdaEnyoprcSSuOuE0qezfYwwXT71+MVlTWn0mvajF9W8QDq0XTnn5DiExasZJPb8an+StJH1Q0h5Lf9PxWy/qvnw/N3HXw+aLf+libVH3QBTmeS8VXliTtUy8cZJIs6qoNaK6OKftd9DlS9Pd2+kVDPaltZXupx989QnR30gZMYZvv026dgKvuy+kGsVjirK6Du735aOawy8MtdqSvP7qAnB69YjQnK1yTC0PNOEytE7LolfaGdP2bnf36WH/3cfv/+0Pv/tv/+3hx09cPGmJLBPb41iIq4vnUCJtU5FRNYWiqE27/aSN+Ypmt1E4XZPikMjWtXC2CJ2jm/RvV1Oc6ZuO3iPHFyof1CDgoJl6gD7W1d/FwRlVzdHc6GISOKzJ4fHp6cvn0+FQLiwvtb//uN2XHw+7u7sBfR4sf9wmMdWuObEjZv8bWam5Aj2aijM6tKF5Jy5fvIYP6DWbvZa0r79a3ehX2irVtMzIIlettXhKFODky+fDly9Ftds/PJT/7j98ePj40YBt9CqFVPR4ZXUFh8RadU64HOW3JJ3IO064ORtVEL5xefgL4y9PDaGOcLHTapi5wuEy1yTmvoLKPk5dtIYjLo586vhvPQyiiKD37wwXpLQcRH/l9QT81zngSQGhh34ENzm8i+S+ra+hcOmmvv5R15N88UQi/vErbZ6/+aiWsAtm5VaG248khiuNuFoyTdf0G9U0PXao9vDJ1vS9y23pTs8aunprUqq9yn4Pjhs2+rtJiIhFxTP6pTIXi2Xn+Qd+e9iZYQn7o2rWiA48GrgZlLo/I7mbPLnm7saSWBNfzGUWukVY0hoqE4WRK0CWRQeJWoROzbKrl3NV9ana63BEo8ah8cHevdmLgboW/cGrMkiM09lTqGewW+I//659BRsb1ITP2M0OMsmthTeInbQ17fg4rc2VbmBXmsirh1SpHLftTErp3Kl8qSKunvpb2bS/tUN6LQMbLHmbkfL/4+l4d3fXVyxRk2tvTCmvCOA3Ov81rYlQexe/9ycE7elPpl5egOViu36FHIUs8Tt848x068btFS7UmRwZwRZCbV3GJUCz/M/4KU2bEfoKH9HV4MzQzJFbXw8GGtdaZNS5SN0kp17Ih8h6YTx865N38hjjIQTB1ylcECTiTJPqoLoLTTAhQabOao6UeWlnRTmggjmP4/l8ckF2ZRlLF4G+YUdqdXDhuwpxQlmuGRqQ88iZJIlUOH2rdDSYBoW8Nr+1wJMcDqeXVrpXGMVgzy28nUMdkH466IqYqyhZvYpLEAXfdjAtbZwOT1ZTmzE+D1e799DAt+MmTAb50G9Vc3osJuDVhT+4A5ibO4zXI2HIOLN4PSY6qE+c1ls+GfCJh+tikF4CWJUwB8JkOsr8+fRcbJVNGr/fPZRlP/zy5fPjl924udvuFwUIYa0OhoFcAvvnLN7YRANjGytoLnZx7rpkMtcOsghUqPE4RG/tYMtkbXBOGilKrs9o74boro0mN4OVSpZH3G/2TydtsFOs+NMyq8vbp9wjmvbuWj0rq+2Q3dBwej9bQedSrPvif19GKX+cjs/Hp+n0vDsd98N2w4BGt3rUQkRjHpdl0lJkLTQ5TeezBdQGupDXwSbqCzoQlfBNunr76KQWHPdVyy0j2+y2xVw9H8+n5wOZQwLBi8Ua3Vocf/VIA3LN7IkjVoEql9vBwglD1YVCIQWIbBsUV0PaNxp3ig0mGzv6SshoEGUuAxnyoGmQgzVR4hpqrqe/V8g4xw1EHyvMTYjyhTumNxuo/dlACa/0Lk1ZMGpE1Kmm2Rl/16wwFwu4R4kOagyqUH8JEGrQtZy+2Rs7UGCawW+KTHvHADGi9M1SGZG0PC1TaHwVICs725xWorAmrHCns1f3TXFnBXw3QwCQcQww26aoO1fJTeAS+G9Tld2S9XU1tAf0YmPeWoMsRQWyamUgnNTgSl57FWzN2P+JbMWsUFLZSHQI5QB4v5Y/EpF1zyxF/r/COQ7ZejA8nU8bGg7j5kCyUSQgSot4DDA7qI/COlnZfPbSBKeGIL2Yv6BaucK+6qcr3uh6B/0mNMdKTvqHSN20tJZ6/ejhM/CGRNYHZ0rDx7t7w6XQLfv5+Yv2I1NH+sKapoTAO55H2G3I8wThNoOumYh2rtBgXbryKzXOEpehyY6E4NJfIUOhlMhrM0Bhq6Ze7tjGSl6qGEqc1EmRGhlTkQRDejA2jsqLRZyNmpoqQdXR/cUSa6S5tUzQcdOR3OT0Rn0kR/MpH8qP//X//93dw+/uPvy8//j9tNX+XIrc1JYyPGOvyZH+O+eNSEB0OvdN5/PjkXPgjElseYN8EOBapDE5VWCmRgXYGOdhPE/jrgz7VOQPku40tn5cZD7nw/GwPW73293ddldurjmpm42Cok3T4/Hw5XTMJ0VVMAdGDopANmQlhwtXkFQDZLbOPzyOjrKgj1WgqWLdj+NW8z0Uz0MTUAzYUSFXQUreHVEhG7MlwsrT0zOlwzh6gWm5RAmruMIL6Ssaiup3SxyjHdY8xtEvvLkkZ3DOen4GwpjhTQAaIoUDEOoQx//ViVPkBwGmNW2KtCg6CZW9VYTjuHCZz7m8K6BXCMmvhWCel8LzhmOZVwVdU/wZ6wQYKmCGgMiR4OgSmpuGT2HCRGkxbxSmZJzncZmPljmUqVsbWnuK2CU+oeOV/un90ayOc9a8UkWRwbEZShClvPjJ2jAprVuprmX0cncgzUmrXP1Rqdo6Bl5f5l5B5rZZs0wMPMzc9xaPGQ1tjlTj0bjIGvelvi21rDLfjR7RWqk2F9zbleegr6hEAAAQAElEQVSMArAFxkjL5NBjcAItK0lwU9pkoygsnHhElh0CU6KormXYSSeBAgnTrK1EgTBvQzKovWm72ehralaoWUE5OtHgqagHFsXDKeMjX3TNjE8UQzVTeoSDDm23WYELR3TzActWQtAsM5XilINWzYXvSDN56bajDjDDZMvOUjI2aTTSY002QuuitakVnIjChev/6nYhRSuzBbP8J8fVN15rm7ZHRtGBCTZcb9wFwSKjuS3izUxOqZqVU0t4Jjvb65rlvsKEReSmBgAGXj2c9bTIs5eWRWEnN7SDd8CckDZtH+jt4+37vMdOMbC44WI+X9B7XMNyGLAI2VKzcMGa0gvP4fWtqoW7SrVsZ7EXNnfaMn21OtaHtrqP5eqTrzle7RZ065DOrcfdp/jzW7KS/1WOG4T2buOaw3ol8kic/1IzMhkpsfnqoSC/v3XeG2X2v/yqNsPXDvWrXurvYN4wryMv1ywUC8RvbZ8wT795jVb3r4q970QUTZgIdi40pO1+s3u4v/v+w8PPP/74xz98+OG73YcPu/v7oqOUSMQC5NEo2NNc3qSYcOqe8SxmLnqX5mTsH3a7LVtvQuvpkCzDY4lEUMsEbTK/eQxiqO4XenN1mknbGbNtO9hNED1JltDvICteY5abZxsKQGRmz6f58Hwonqhj+WldY4pfr3w+KW7L/v7jh7uHB8XAg5IT5RACP6Zb24TePTUEECtiDSUHeNsYSmVrjNHNxnrthK42QpuxaoriZOr++Vbq7qlu5R+AcnZWVVUUT+58fH4+PGlGztPnz4UEHn744bsfftxpvyHFtsk1GSOyLpqkjEYNdIuN1IF/S9JJDDhXLT8euh7CrSstcZjEbfmBKF+zY63wclXbUPu8X2xbJPbyVjvFo7dLauHk2kYHNOMfOOil1TJa/aVOkFtgNlktu7UqDvAbZOkWKYciag/nlVfkxrFWe+i3dIT66H/63AW+JVMFxHj3DesGi0/4hpdBsGqdtoWHZC9ikqruvzld8ta3nUbHwY+sDLetVlS94ffccU0tiurgmexGqXtZ6t+B0dllzSjbdfEhveO4OOvlq5rTuTx5QmepbkrEHWvVQLnaqvVxHHZSYFgxR2ZEO8lX1lq0aCVPYa3FCTyLO7SQ8+9GLAdEjjcPCC0UcJ8pxbzEpvYN6M6IJI7by112r6yMruaVBHjmAKvYbW3iIGHX4fz+7HI/+dMYrW7CoQsErVD7LmAovBoDpMFQ/gi3TbkTEWwlrMEchR0K3OX4aFAyCjFfI22J4Qo/KePPAEKxkAAqQtyS8aGHO5zJW90bnVoFEgU8eCX1ussiu4XRUAg2vsf+a7yTvC5detJdW5odcTmDcB9GR+Qrg0hu/dIaXrx+vKnDffvxjTf+6su8sKGBUXM+z8A4xoZzuyKvykvgSH6zRVuviv1zj9hnETuwbQ3EX6sz9wzqClZdMYiEqhssKDNdpHW3X7ixsv5r35jQEh0aGed33P8dUsw2F3NV+Gx88atzEVLNHDoDidVKDk6lsRmpdRzAmBhtg3w8XAftmqWzqxr3iJ++8aLov9+B2cJfzjprxFHCO+Q6HziDIDkmtjujdiIBskOkp53VIN2YoeACmRs7Zaqr5r/UZSXnsv5GXKEHVA5E6iGKdI21GQ5zGEsUIVgQhBW2ukpADjZWS4H1NGSj0znmnxG9cIcfBY4IXixBqAS0gI8smSdfBoAm0luHSCdSyPpl2GTrtbmQwtA5DFYXet8czI1UL6KlDZQoBNI69G5wEOfOHd02V0zOZd0AdBaGOlpexjWR0ShigYLcNoU1f1EaSGQWmWUeNPiBavK1ARDSA6y+0yIeiMHgbSB+GyRD17hEONqjOLsLEoQ8Ct0S4D1DrXjHk4WjVQqzWsjz6a/neZ+mEmXcbje7/f78+Pz5y+dPDw9Tui8BmWJ8nsqDNttiIyNlv8y5ISLIZpq2y3w6nrJmp1DQo0nHgZDd7wLNyAWJs5bIrwM8n84alkAIwmYEXcMwAwaelopYv5umQ7Ffj9NxHoscP1jOSeg+ti8T0EywL6wWVXzafAcJsn6KBx0IKJq6UUhzPin+iRrMT9p3tsQ2pu2EmCN73fKyTNP5VNzx2kZIs2SmEkwZRWK3ulZ2aZzhjXK8PjlxvoNZxvaOG1HrdeL9mCyat9kUS/V8PJ0KIR6PppwNhgkviBouxgHasrMh+jOiMiY4OPQfrol7cqFUQxNfm/YJpBND9JtcmCNMsnTvC1as4PNl7cacJqEqAJxuLFxbmXRMGL2gGLDrk0KhYxl4gjKLTsxV1cjQkySmwmMjcVIX0OUasI9tp3xDoM9WV5TLjeI00hkfLTJT/Aqns5wPlvWwNdAHmoDxww68oVvEml1wDjB/lmjBVNdIhzaLczvj0Y6ejcC+Z/UYq/FpNQ09cm05UglxddUhJVaq8is80d/as8R81qJkIbvOkKwon6wdao2fJssZmtSVVvZvCTgu50j/NSSIhM5KhFSbmGWXc7kq24wS9fI62hjRFlGXyojYrY3KqXV+sgBmv2zfMuVLCcyelEXk3YnyeShxMxpV7WeDLNKLERwzBAf3uAl8JRzLv/pXP04usQkSzkXdm0do9qvPun+qqsT8GrZcoo5UXz5eYiVYYpAxN/0llKYXRi2zhRUNC69MzgRUubt7pWEV+PP59MwI/CnWsqa3oZyea1O9IfrSRC9dCtUJVTADanPFsHu0vYs10FBkgNGUqCh6lqZjgrfabFTwHAHEFVSsRrO3XoyanhSyuptnqrJe+ivUymN00fH8uXbiokxWm5fZ1wvYe+ULBKiFJuK5emNEqoKl7+UobqloWKwtiw5fnjVkrzkRfP9xn8Y786b4oPpO5W336kQsZmMmT730fbsyXtoGci3SvRHwG+g1uvPR+KuoIMoa8a4qKLADyXIKLBs4mV6XUhGT2+18KM51TT1ZFEhUQRFOZUcej4d8Pw/KN2Fkp804JkUTmdJheByOesl8xINDfvMF9dJqM+UQAwnUx85XNK3POvzqgIHZsRl31sVFc1aRNmr8UCzpZKBAFyhS/1SGcTwV2V6OosVo77woo1S4k+JMjwY6KvqXbB7vsRrmyZI7TZNR3RKYgaIwbMAYFwXHQbsTODcItCS0qvy3WzmDXSzTabCQ+6CEZhAfZ4eRcwAeDUOcjnSap1lbIJaFGJKD6IaMEvZu6UEsluHSojLOhBllgd6SZSp3Hov+U3wljqY+L90SBOVEEMWoPlvLRXENXNhyerVlz7jV6t1JV2IsM7XZ7QpZnAqxHI8hp4BwN4bqYaurWqVpz8h7Yd/tKuBGNQlLICNwKTXpZNRsjLmoQHqTvBRtUhYD9XOvtneetW+9b5xaeI2XC11kzHPlAxUYRkWWp+YvMDgzLGpyw6dxfDjHDedx8HnGNjOGUblQNkgRnjVxEvexXM3BuVy1opjP81HzbaZNHizpiNw8QaGdb1NNpS7+rcVKYzG3om0XXeM2XLBhcr+a5vqOGwW3nyT3VGgeWW3S6BsOPAzp4A53bnQY9c9ZogTZD2801f6XDeDDOlj1VfsLQJE1khTMmVzEqsrkiTL6qCG4l3Fkg10hS+2CRh2F34pWiASammcvbgVAhEMA1gTDqxyHPmJEVZXnlwVsvfDWh6Gq3xTv/TXSGaKyFviNHb5HD3jv8drr5A6l9Y27KCsNvh0SOeAKhJoZFNPsE8K22SszwRQj11AuxuaOl5Yo1rVB8UV0yd4GFWmdItVnY1ZqjOHWq8nNqb05Bf2HWVaK1Au6XL/Wr6Ap3FiUGueBWd9xK37tsn/dQ15YFFn9Li21Mub+cpbgAq12LLufvUk3fJ5uo0d0Cy23W+3IKpH6JWM/iLk+8I1N55UPK4K/cURYZ70rrs76Btp5D1v4hgtlxfBMPMW+CmsY3w5+q5f5LcXycYqS46uhyPp8kh4c6yrvTaTyH/2/KVe5KquW6Lv/6eP/8v/+f/7pf/7v++8+Drtt8aR9+fL018+/uIKiqoNhBZcbTaZkWchz2Fqy8Kb40obNRmufyi+Af4P+vyiCoKc7Wzce99N6eX4dFVy3Cc4B598vLq4pA6nDNek+drIxzQSVn+VPzRpZLNtVvwWuHoL+gXcCDacoz8/FW/iXvz4/fjkfjsUQKNrG/v7+/sPHh48ftZOOvVrOQJ81BdIdthy2hb2AoQxSNFexhVItXvGGi+EwDBgs4ptuwqi62F7kgtr7WfJva45paLB/6yGVVORiqqEqez6wgdXNlnHy+S9/OTw9lre4//Rpu7/78OmTthzabounWs0HEviXMe1xQ3uSeOij4xt0/b63kk7kzTetMph5FRnjhh/VNOPu2zqhPdSnGrc6ejSVhOmSw2GdyZVpo9kFAJcKJO7TuASKOGR2G3n2OF9tzROzIDrFZlKrAV3ISclCMTKRQWj2VTFuhsF9BvOCCA9i08MAawwtsHPMpKwnrQfV6VWcX0sze+8huUqr+KT6LMj3lHnYsX98Y6ulpRUhs2R47ZFlngxS/sYrgMIUeNB8ppVfeJsrPwyqUlExM6iTWgAJbng3Mt3Cq5jJ1DivS2pUeqEquhF3viG73KEV9UN1DozQvAeXACzLJ0WAHG2CIZn/AC3YLQHOo6god7B7J/PLmPO87W4bfUbUIzmfbeJBGaJbcbm1bfYZ6/SE8D0m9/4EL0PEJ2wVrbfWJSsSw0rwJivNnq2YxDDezfOgjzVhkMFlwm2FegcQghavRDTQTDsrk4oV8qAreaVAwrbV80cakCxnmY7Y2BZb0cmT4EP6luFyQFfuLBZSsJ2kxuE4BCSxuZIk4lUZ+KJGG9rrNS+j2Wq2TM4HMJ+DcaPBY5+Lv6F5IM1YVOMB32cfqs5YgpyWCDAzozmuVsv5jHs4JUcJEUDGTalbbIEQL9QqKzzHTHh7BQrW4DqiZWgaIQnsIHuQGEoV1/iKwSjQUNjdRGG6hOjVVUwWnjU3XLTr0QCixT4ZOZjKuTIH7zPgY7yctQWwd7FyUosERKKNO5LF8JpT1MF4RwlyKw46zQqHPJAz7WKLf9Q/b/2yMKX3MEP5zZstsWTxwr4rh/a9ST0LcCqjPTx+KSGIh7sPVc9YsKVcRLgl1zGBq+ddfPSCdP87HdfPqmIu9AwUaFrMRNtGD+aiHuDQRNAQeAZLNLYvu6FsgBIYvrin7tB0SULQA3yrOn2I07D5tsxgIytCkq4H5IUV3fz4YSt7PNP7TFsduRYIimM0+P6zjVOidov7z1VJGJrThb0eCLdgRaD2huLeuYPRld4yBMjxecFS0S/Amo945oFDfMN5EJl2BhqsHn4Osbcs5qxNEDKQGYvFVcQNEYW8Pgvti5PR/J7qY9WIygLpF29vde2Se0HKDO+px0vtanMBA+3CVZqQsuLttnV8o3J/+AXZepmpS93iP5gscxxaQpKG+hQMHspDuKGRppTRNSSmN4CPUXCuYzCBILPHHRNudVvZVwAAEABJREFUJgZZHkCIyZ5lUmBISAkKeGVtPY5adnYT3dICvB4O9bTmRR2U31tmCHPgmhhWfyE8bQVqJKDxzczehQb3rBzMvNOos3bNyz146vcfp0ISxStNHB1Wcs2eUQR59qgt9WbDpemG10YTosJUvNE7a903uTLBBlxCUdRFFe7CCkKxtyzyismBTQLlgGyJWCtmwevtSjhwo77DGJ2NaxEkDQwmoxYTPms+aQ83M1qVDnH/iKlWeWYXKovtMRX+iYayn2dOT+f56Xi6243KLsZTMZK+HJ43xUIu0RbNEbAZtDB3MZwXZDfZa2wL8ReTW7Mf5jSOGoycppOiipti4oEPwyYHikgExtDNtQQirEZ5bFZxhVxgq7kvK3ji3ZA+bncarioRuiGVyAaFJUkDI4VFiQeV2xa4VvR1dzfb1lC7LpfIx2beFPmvaDxDKi+nQZLD6fz4dNzt9nd7Kcr5mLQwxazjaZyUZvb7Q9H9tBfPs4F7aucAcamOR6dqDTozicarYc8vK/bY2cm8BlTgzsECakohi2qnnfK0EiMrEbbt3baQzymf1eue/AIFE2HXKkJr9s2Ssxf6I4c69UJWgqsRoPHrcO1sDIBj7TAuqfFCT+MwlchBbpKqjaluLfG0e12CQj9bst0JzmB8zMIYkUMmFFuBwopZi2zkY3iSjVu+hcIV1t2iRClrExxMsNFVjr4XYTOiL52jv/f6hjvQsRJo64JEr9D4jCdpSFOVXiwzWUOf42n5a4mupfyQpkOa7qdxawHJcrkZO4MsXv4rkRhmlXXZ1XBnYGV7O7yqBb97R0DyILIbdqB7M7ohRSwxuvxQ3n1atIhfJz278ln0AStTDS3RFWBwZIOFyk4l+nmmgB2CRlqzCmtcW782drql8cNmR3R8Pp1nd16ZtgI+l11uo/4BpSYJjB5Tnt27PlqCP3lgjzpj30tZOPDINAY5THM+zyRHyp/zaTw8aXX4ZjdSghADcFTQUJ4XjxGOyXVvkIeDURgnHdjZjzLX5EE7WW/bi18a4nHYdO2EmgLsJxDXQit+UUu/rZxfnd826Fpb5k6VrSQLc49v4YuAcSnykHjtfJm9jZo9RWXiabsb7j6QgTl8Pj6exHAtZhpHLrraYKV5AFMIzq7TW6x4NL70CLD3OTPHj+LQmGEFtBP2sQ2eRRYYVhDKlb2EIunYN+YAEEt7ghPUFQ+/YVM7u5kTrlvHaxYlHtPNvRmU1lPahSRpc40FqlNxVWTr8mJO5QEVgSIe6lRxDLcDCKHP4WsuOk2VEFcpVSUohFYI+M/HL0VoPh803fN3959+3N09bHbJgDnGsfA4ZQh624xUe4v2p3gfi9Cqz8QLgMAkkO/olQ6u3jvhRP60bcCM9FaknriXxmGa7IyEvBZ0vHDPt01N2sL2zkUYL5rRqVHgeZmfHgvzOTxv7+7v7jeb/bgZtTdPEbf3D9tp+/n4xM+p6AuL9UEzWTPkxbMZkm9c6TJkxBdPTJc33gX3gXZdUQsgiQFfqFxclBluC9GmwQVfqjEbDXYvln9QxlIo3vJRiqtcIT62095QTybgmhjAyVD8/8VZZ69I5VeD6PJ2O2SpECYHir4gARwo3qVEFT9ruJMtASbkOlbLlsN9H1rTMqtSXy6Z1GGi/U9KRGIapoNYcxXSNJAZyw8nrW4AxV3Tj+fZzp1QD4rcQVfznB2ZRPF5bG5czDXBeLZdomnm21EmBZAqqs4yzIYsAvMykWNcud0Cz57h0OmSmCGQLfOzfDtmDT/MGjAoYRWb0kkd65tx2pWbn08ntS1Ux1oSqoAMOMlG5RnSg3OUBMOXahGYCRLRNHRVwixVMZVFKiPU7pCLwV94ha4q6IqHYe4mGAgOg4YkcujpzgONV0U7D0PwIJfUAoyGyog8w0b3YXUuue3iGyYHO/L+ou5uBGcAahFKyU6u9HJhtjNVZ7v3rFHKni2biUIzdB3N9CXswWGUpYSw9I0VdshZ5VLk4iyeqyTL6chh5S48F8f7oq0j3fVXxYcu5wASIpwPPV8de2WBRssFdbPHmYNESooEkoUEEIu/i36yIF8ESqVpF7pRtAPgAt5tEQqrnc5holC1oIxfj5P65MqdrL2pG854eiExY27WmcdT0UEwQFnPNRWS0PM1Z9d8jFMmq92DnFwQ9LEEO6Iei446sdsilNcYHRLCO5qZhnT2z2uWjdtfV1eTr1powM7DKwHePvrvpP3CTWmJNkc3NBmKT0Pk8mpAF0/WP0I2XOsgriMCFPDi3XxiKIRwqsJ4fRduinr4xSn+sgcMl3dmp2V/L4yglmHhrbUx0OWLXz2dGj6i9JrczTe59dflwHB9/G0PgMsHVBDJbXzrbmbL+uApTCJq895bRHKtTr6iYfpN+HrARJKu1c+LWyEo8+bBb50glcBePdXTKVYX5nqH6q+RSC1ix/pql8CeTS52uRKZuAfBpzZgIVfAcuDV8ThXSLjzEvHF2F6jh9VX7LnIeUWINxYOphP1qRQdCQuK/nNrIYAxS7pcScQiut2dpbewXhz2LXuEU6K3Drnxm5tFGIhXS8cjKtfvn+fvw6t3vx6QBCzb9Wilh121zOMwn+vgUoIzzP4Y1PZRxXIGYsdur3rnNGz2u/Lf3fff/fCH3/34x9//8Mffb3bbIk0ez6fDnz9n+FZAXVrwZpXaCYXkmlZimHob9Tp5JrKX0he95KTCmizXd4Y4ldZxxidNqk/IhXW4l6XyGag0nfy1eWkV+7B2hbhLQMH5CwLK6jnRbM5WwupC2H5q69olW/vFogYcHp9Op9PT4+PT4+fj83O5yTCNdx/29x8/7h/utcnmtEEJWQasHyx4dmR6JJeoj64JRIaqM6ILs5V8lf/MRCAXKHVGbMyVfSyLu2Go3/aV2qsAobAWuzNuH3L7yyY9ib3RIqEWI7QF00AsE/ikWnQxG8o0HbSlzvOXEqI6qZZ9d/fTH/7tw6dPcKhpvnlewiQMf20l3WUl/PkFxo4PvwXpxF/3ct+982iUF4KpqU1xa5ie2ZPegWbTPasuEfpr2hLnVLk5B1+QZuej2NdRqaljzJg/8SljAmZ1ArlrG/jFMyeqURkSVTovqLz8prz+87dySPfTPxGpO79Yx8jatvBQQp+w1/UDClqvjuyrB9ZprAZBlyB7efBbw/9q2uPuWV4G2FNddQI59UCZAn82IpL0wm3ZtPeUhtQe0H0bHNY19Uv1uCltcvPmve7BYYZ2ZxCoe6gtpeyM7DHAyGtZeyHFxanfI1EoxLFV+AobIL51T4pvK7igbRMtESGsFVPVEpFq5bBPtYtY2HJVXYXPq06QhelgYnsfrAt9yH4k+GGJq9bT9Ho73Wv69XdzFpkPKyENx3vd4NK1Ysax/NRmqXs4JO6FccQO4+FPd5KyIxueqAl4csu8+zq8+1xVddzxml7w8NVYY6Y7rcU+ZqqFulRHydVCiFszvQVp5ByTrrg3+PeKixC9g9V9g9z4L3Kst2ejf7Oo5XBQx0pxGt6+uOke9td/yVnq3537T6s2Co9TnOXn9AAn/EKJ7a0jXciCN4XUi0fozdx5uG6cJbWDI8KnSDQh9zswX1C/oLtw8/a1gXZn8ZrfvvbuENEhT3KFL5Bue6rHFapzt7HDdPOEnVrr+m4q63b9za+bU4fcPoWcAB66s/3sUQUNICE4yVUZgzecnfGtBBZU3apy9ZPcFCwHAPBtJxIDwN8c7oNWjmzCLnl/HM9nDiubXoCCbPoeRmSZJlZKKZ2q17mMzL2Ax1WG4OM2aAKxhhvq+Tef8vqFmuy8GAyHfLlcomrOob1o8fLn5UpyxiTW9Y8lcBTxsK8IqcOxlmLZUTREkL6mDPgImxfXRKfnZ4uvHSjPAgMakkA8nUOAsFwKKx/ZEMho5YTj6fj58ct3m+3eMD+X4+n5+flpt91wcWmXV029MWSJHd5ARvNC7Dgd1GAu0eD6FACzdOZAdtwAe7ol33pNh5aB6O7KHFETLEQ5fyoG+5g3stlul91p+3Sep5w1eu+hFHezV5cqCu9ytu7jIpYkZG4Zy8dViPfTqZjHwyYxinwXLSw4PR/Pz8/Hp8N2vxs2gy5EJMAUf0FR2YfzWCxGFGRMs8Z4Okt+RZc3eWxVNHmdYnLzkuDnlZ5E5EKFKuF5xbHXsphi3B4nYq331XCpRuAaeBLFVrV8NoiCXJWrOtVtYNK4Qh1A2/69aiTS/c59WQK/yMuUhMz8OUEasCKuamAtStCk0zLbNS8crpUnnz1/EeSRS/MMirgsqypWP9R4q47H+rQE23ezl1z/BnOx2JhiN6TYgeA3JRRI82kpUVc+Ct+V0OW2uJ+sdDtJAv1bSGv0jOqWqRYKqiddAF/PbPWOOIwUTOH2ou+2SLTqm8NwYxmuUYUiNR4tjU2D0TCwfTobk3w+RBqvDqHWhJUPAxxtHIa9phHRoYQAM7YnNy3e543R0QP4c54NpplzyREsrGYLu7q627p37NaesHvVMCrb8nk+TQxkg5y2d4PJpIk9e9uDGxYwTYJYGoyWIDqq74hJclEFpkRdfeTfcnju/bvVgl/ngPVXU1l7a+PiLOMggwmdBTA2xfobR77bl+DySVNG8pfDk7oJFfzqpLkCJeSumaHIhbJmI3HDkPqO/uEfgi5ZikgeBIVN6DvHrspQ1aP45ps4j2odnGoumQky7jYtt73eNpCxhpWxFc8KLat3WeECCFz73XcFNVQRGOQo0rFMqpW6udqgLtSRUVolutgeLzvmcTmqlnZSQOb5g/oa9yVUb7HyASUllvWJBUSBEWYh9dpm751fv2UVNm0y6rjsLqaAJG9waXoskld9/azREniWw0bxuNvsTMYqkmgJeRcWt2hO6/z8dD4dFUpktz98+PCpOOsND6mIrWncFf/74XAo+sWhiC+DO7Z7S50y18/asvfvET4N9j4UC3QhMIrixT6ensqf07QdS6RaMZhSKG6eDFBWoYxioBFe/llTN5ZjPhi8x6a4yyetRJ00Z3lY5mFQj512rVcdejbA8xID1zxz+HOAdWjYMa4YZzQCyYb+oI0ZI/RQK005LA2zdrRTj/Il3VhFddFsGYVcZJWOw5SGU9FZrD9NNED2ddfWJ9ka1iznQbOFJ02tSKGZNKWRkOvQ6JCqveKUEwJBLCiiDW00jUcTgzSZIXhhmITVy1QXxlV3Y+LzWUsI0NP4fE6HNG2203ajuCyagDJMCh13WmL2jaoy8k7gNrLqADFMGAzPn2Z7d6ljESsiGqYNFoCR85JVx7OuMIuXzWZOoRjAwqzbslPUU29EQrh1G6famNVQCuU+/p+Tl/oRcKbINaSUXBeLBMhUJUCIanfsteTFxZ1TYhKOPNGLou9Ks1cMkE8V9MKvCy8epwYHYrWzXjpYuZ+agWW/HPI5nbm5KyEiSUkaznx3QHpCTKUOskC41rlQ46tJ+yRqGjYs0DCqqgYpllpXXm52TarpjbaSJDoAABAASURBVBwhBhQCaCEKM/dqp+sMzADzj6kDd9ARGjLREKsmuZGkp5uI9wdYvDtPDqLIAUEpBjQEs19thqruVfBECtXFX6uOo2VwhhVwscsqqXDATIUiGYTViblM0iVBV9rqiPIq2hocnoluahX95+waPa9XNGh5xXabEOmVfLr1cDs7XdyyraI0K6YWWuKhFHqoXJtLq0esFKbcieZ6kvANbQEqgNwY+CtHWD39NUzfcghdzjOFwRKqCV+KuPXTVtMlqZfwUROgP7Nc3eOdI5R3fZi+7f3fNSC+eCj3MqttFLm8qFax4l9PzwGnxQ0hkCq38K9TQADWZ/Ctca8/DfwkR9BSBinL5dZvf1bhca1jv0qJ75nm3ifA3HB9cKRwmwjqiuliOW9wCfmazRFj+AqCuDgZUL5tx4abqy1zYzdXE9IY6o3PI8xzg+x6iUJVt2cJyHxIKXYacVGEPabCbtxupqKIP9w9/PTD93/6w09//LeH778bpqEoi2oNWXKnCrnRy+e1msnwORwV2aBMBm/jOHQuFw+7IcfEe8s4TGnD2uFeIl69VCyfy5bLE939Gqc0q7814YWGsCzSCvWbFOtcXIp1aXmdxfI7HJ6+PP7yn395fvyszrTi4rjb7+7ut/v9Zrfd7rRwDU5fkbYBCepTrWxAbjbUnuQ5TJ4fkDxRoDbDqEQu1SshK681Lu81sxWthIBsN/pWnsadn8tLLiPL1t1qaBU0F935XCbqrBknh6fPn09PxSqh++++298/7Mp07feaM01B/eHHpc5XG0VjL0r36+Obk06+8eDwo9vRRtqRbPPRQugH4QnxysOYM8grr4jGNOaYdBYJ+O8uUk6rvDmpBqTzlzg7dtfyggPEx+rD/Jc4YGmSQWuAOhmxi5TkfS+JleIbARGpVlKdyUvr5B94aBl6dphcuSXVY9fDWm8NUulWPNROskSlfPk5hSVJncpycQJHbeZroshdjMJU/V7dHR2Rg11KCqPRaWX33A266QERRchhpUe4qDap8bkSdljOxhHrdrFzrBigIsymKh0ljNyei3rBZASyULjuY2ybTS837BNvsBU1UNzN4pACHJvEHEJeHVmFttMbJqb1gw+nYPL+sX04xTVuK770m/hldmKO+k+pL9nYbYc76hpLi1wqIvRoHTmalSHQbCQ1aVu92KmmO2MM3HE4omoWcGAD9KpvaDgrNSnuU/XzCNCSe+9wJfoq1VHS6shx9y49vnvuO+Uk8zfL03/q8YKCvtrRxDc1ZFZ3SToej+Xs4nh7p+7Ot+7zGzx49S+qF6U6QVz0ugcGPM0wjYL2mLxjBehdIgbTWbNNUrAT35pdchhszGHrBgd4IXtgPXLCA5lXGy32XnxONZMjuBRK67jbEhR6dqSGuE5R60W4GZpatOx9rrkqQsz9drzQw1FgG2ENr+Brlcn1baR5Lf1aY6A52E7jBxYXrD0OLnie8/DY5vBB9EqxxON8sJ03RNMwFYBBJASBeIo0Fri9WNw9A4DJPl183TWclmEEUL21T1RN4KsqPoSGtwmjize1/1Jd1uR17JH4D8Fnlc6vH25LWx8401VFKh8MCWNYiwb2zis3VpcmJV6ul6x8cUghLCP41j/LX25FxtypWfWrDMRMA3VXw9IoUMO6tlZRW7Ni2f39XD2OjeNjMFwxhXUp4RI2HK5EKaQpzBByW12chOvbIk7sRmqy7VBHIS10JwFedDXZxdIcVEDqXJVQ15enpy8lOvTwcdxsZM4lJrTfH8/jrnizRZPxpeootovYspsMaXQcilV+KFEmBbtP4tqCh+bbdPf07S4R80YvihSPZSWP9/uSiCF+F1t9yiVWtdlttpvTecqLVgYvFt7TzFnfqexdo9h6ZCWHwkCkyXd/ic7MJRI2bKZhMwLme0la8Xw+ng6Ph+3T8/n+brPfwqQ1lqdaxZg306ZEfkZtLKGRlLNmwmgUjcXhaVLPDJ3RdBsKicDsUdgLlrIis6qi9V+uls1cBmX1p+2U57vlXNwA83w4zAb4z8gOEpCHAQda1RPmsk4wANqku7W0TIsUpe/i45L6glQ9Wb5MLxyp60xfZ8Yc/cZlFYfjVMY4bUv8bho4ewWg84rVG18LmNiYvrF8m4TscH4VnJPr7cBI1zdvKmbPXiPJBv/rGIHYa4HPJG/aZfhfdq3l2UnSnBPbl8vx6V42D7zZDSX6aT2ZTjKylVtVnxqTV5y5UDP5jEaSEr7TJg5WEwALuaqo1YqQ+DYj6US/GiD9RRDbAB00jdbyBaC3Wwzd7RuP0EU3gculiL2s+24qE7HZWKk65/kYRm4MHbOLTYjgeSYPXBppaKgsQzYNGihOI1bLba+2QRrPNxOjzN35LMvz+VxmuNx5VEzjEqrd342jMn9PerA5FV7C4TmghhqC2W1JTIygIodCPL+i4QQF8fu9yXyLnm+eL7c+7A+5dfOXbpf6XDdqG7/PEUHkPLtShuwJ/X4zbj7e8ZEVNpKW5Ulj0WWu5qUs06AJgCXgbf58c9NSVTIxiWmdMuW8kSla+qEjRqhpbLeQV+YI1irHju4tNHYVt9qGlQFVd8FqmqoGd4Ep7DeygTnOFBthawMLVacHBC8WaYiw2SAxgzRX7hfp3x32bWwJV+5gqBbp+bgcT/Pxl+fHL0+H+XfLH6YfH8at4p0YqIz+A1d1cmgv9/NFkW6uk4Gpd9aVhHrMFXawYnLzvu1iSwMdFYZQtTdUm5QXmy071raX9/qaQR26WMUnvytedQUMm4fZEmk1n8CG+nx4LqKpzO6HgSblgsh/3/D9sNsWWb55fHw+KNLIabvdV+UgtMsqTPvld6AICTQCwz8wOLkEGtf2Oyd6NnzYjRacMkRhrar1hsds6N1JYdwmxcOwRntnOerbjd66xootR0uLHS3tJBviD36W+y0luECere4abjnfXSoKKLGYHrFo9rQBFgPu0biKQeiwuXfKHrANYOsIdwxblHoZikBJWu+pA5m1icpsAQKQMzLgl9mgPTQ1Zrby0MlcL6kyTk9HDssFCZJ151zuLrL5GtEfc9I+NtaTHsVygbpr6hbgcyG3Kl4KMhXEvUoqIhddoHKTSct8tYHRZHhWC1rSnY6mAOoUI+NE03kxeJQ72QtkoC+T1OJE4HthFaGGAVI4G2iTTvZkLWAgyTSus2D9aFm877tEM1q/b6qNwnt64yvecHEG9C2ubTQ16Qo8wRM+STs9OdxNqCSWYgU9Sxr36lh6sEncEc+t1c7tH4/jYMKSxrQseJOHvAxDvL54LESSY/XL0hyYde8rBpUllUjAEJMAwc6NONMaudU91h2qjQMGIMw5H3cZ7Tqw3ShP4JOgMnGUVpJo87q4Quo6DwipAlHDAeqhqZTqFFHdeYysuLZs7vNcHCrbV8R8qbajZ3hxkYZCsJEtLmG5fLAWcxfMdE3KE6Eu3NVXO0mkZga4WpqoZUeArJdYz1THHFp1vzebBnXTude03LweSiWeNnW3RkqVsGKR+++4XSK+dHQNl+ZYFP2Yq7jphrl6KDVNhC++4Vf0GrmOrdINJc3eNq8ulXqHKg1vTOebx5sKIYViIlfvLJ3B8eb91zu0vfjahmF+/XYvPeXdX8g1z/uWB77wtEtDlxs8z4ru4gTgvas549YEuQHSM2cj5lS9jTGTUV8femAYeOtXq1ZkvVWkm/gZcpVScjUfUefzJqmEacTdB5cExle/rL4NJtzxZK7wje845OrGb1P4DU4Rd+v9yQ2ydnVlSLjVJVeDqPqxkzi/9Rp9eEDaXbr9VpENgseYjWuSEbXREtyaR4YOVSIKd/sf/vT7H/+nP/74pz8+/PRd2o6FrRxPxV/0qB2Zh0Hbo0zb4hBKpt5YxsnGegv6ATA/WnEeksh+hBPMu9c1k7+brldeul0SZ1fDB1PXNV3yb81vjHIvC56KqalU5aop+YGDAm1/htZZnDbnx8+f//I//uPp8y9s+sb+w8N2f7e/v3/48GHcaNfkzktQjTT84288W9eemvWCOCR8cbgnHGvUm2zxjv62Ob8wGW+Q7t/CtzrCds8InK4U2eMZ+ehFuzifUdv29OXL8fB8ttST4nL88P333/3wU5ktNiIhtwXbq9mcrUb7tQUq/+ikk6p92O98lcoQ4KLhbciB5+2dOdxedche7AWRKE6C6YJbexCJqonouLfBJdBxsu/5CJbhY+tqH/GRf1WdSRLNa35F4fYPPFyDjNFLOFqQX1KzL4eoAuZ3VJ+/fY4HdwaQsPkbVsKabjb9qu4Wn/tfZ8JXow0PFMna24N0jt5b1D3dzfbgvwPDm577R7wi9mTl9MFUrN79hUu9Ers9wtWg+BWA+ubwIIc64QuJWkfBAfwLU9/uHlUP3Tv45Z0BhdFnbw9h5qJ4jbC4wslAZfPuCCZHmL0CIWa92QuVq5ELIbg16lR5qp4PpjN8qW3xGCb1ejMDS4VRpgYkLfNKELJabCckugbj494UYW4GoaMx13CBlbZkh7G6iHBLVSUtUFdtPDCfxV8tB14TiijDpuO39Sq5lRgpUVlFKwbL1wQpjWAw+SZGE6BTq2INrYdWbla5Ur9E3mHo/EsfvEruCpZiipJ6BLUP9zmlf6lJuiBRz4V1JwjeHg00QuL3lchGkFDsxq69TrWEuVfpXjyawndxZv1TXs07uXif/qrr75N3DXmRt4c87RQPO3lx5GdKdNN8eWk4XqHaMaMu8xjmL9eCo+we/gj+p46Li7W0xmwneGBYAM+e2H+7eDRdbPMq6l4QwdWWyFbz5VDGEuD19UL9LVyNMKubwxAsm/tnho0TURD2dhKQ2n3ACK+8mGboqYdu6fclOGHhSNhzqxFYHMQaPma5WGNTsCWHTo9Y4VzCO+S5CK4litQS/4gS0g0KlI66NUFn8JZ1kjxEDXEeCdTuJOgVBma+0JbEQRS8E5xak1lL5BZZqvxKXItBqdMdbDS5ujPihq1GSW+8UD5ayMfazRiEu/dw5Mr/vRih5S6YVpk92JR8+cEHOv2zYgz4ABgTCrhrUEoR28f59MvT04ftbj8OeZpmzdE/HLe7c7GnrYZ4XoaKneaqkaHgjxpu3u42m3w+qgULn5D/rwEnMFebLXT/ZG1P9caLFiwGLXLFYrDuhGNZwMXSLBQAPk1LKqHlWYkLHTQCedOdCfBz490QQs1OOUlB7OezFmFP2xJLHQHhqXb3+Xx8evzyn4OWa+x3aZxyQuBZ8yG0dmUqsZJRFQuzJ4tbQY3kIXFkvPW0Ih1YixOGZQhBZ8zh+q/6fyPWV3lXy5cyR7kWue42u/muRG3Oxbg9njQxqLCG2ZwrCd0Ca3slrnzTnjhUvaxxB5Thhp1/oZPzWtENVdBfU4u0uVOI1yGNmCD2FlI2G8vpJFBFd0bZyQ2Cq+18OSdVh6suwvgc3qnFMgyWViJclVrOdH1zobUOv14Lu0GK7DRqpipZOfZSDSsdSSGJjb6AtkNVNzdaAAAQAElEQVTIyzmfDsfT4zw8TNu7adqmYWvV7ugviSCarpLNpUMXGPaJ1KxknVnw05AOUcCWq7jqV4GCP1RBFj6lccBbaINNhOYYQerM3bt7ayELlEIvNZbic1Q5LYJLnt+U4IKREkxmnsqcTMaa55P2DatGftQGh/ohJHVx3ADRNdNHB+zKmFa7g4PyjFFYxxNNkkDOHC2PswaMC2cow9jxME16lxQXSpRBo+AcRdziFgFkezIAdnQDVrgBd1cQxy6i11Wd9ypCv9JR9Y/6ybXqcDGkSlqV4AeP5UbCphHkgg4RKoGsi4tmWfIP9KFsLO0G8uXL0/lwxoSY7qU5DENL/jCaze5rYrc0qbEv3S9lCYcSTmeaaV4s+C7GFqImo5e+GZqdJVS2rpBuPbPUHYsthBGs9upLzhPHQ6JmKpNrzgJ9BGhJhmBidxgUNkPTXtFrtfx/Ns3CGu4AsEWGTLV2JYeel8OFSgTXnNSH4Q3V7Trr5pQjK3JPPsrT/3r88+OXf//pd3/48J1mnMxITVOJm/3GNgOd1gj2ys6fBbsu1eZnV1Qh4VDQmD00B/sugbkZPgbb4uawoI1HyWDAcYtBsKi7vcjCeTzzXGLdZ2vEWbbM2XIk1AH7y3KaT7v7h/3d3W67nTbFqTxkmXbTWPjh45AOz9qNRYlQXbGAR5IwBBL6/bpkgGLtPZjhUFGUEG0boq1v9P0X666pqaGng2JrlADAOBncHVI6kJWfgseb4lSGOw1QpotyUAS8utKOo4YOip6gx0BbPp1OxcxE3gn8CstpcfdpQimLJ6FaAszQy/oAdcN5quxAjRyQDxdBowxC8jcr36rGUN6rsMJ5GJ/L42c+WS6L6ekZCjiEjapRit1+0jzOacSwVsknxF7RE0WtsBmz48HBlWIbzzJWkUaukDEb65Gi7X6s4VB50oJ7kREk0hm9QZJ3StJftYOOWIcbffn5nDwiU3SnqdBBVkCZUWdVgU/OmnhgGPPJztN7tLY7XjelzJ8tXbHQYFn0BAUNItKYlWgTSR2DOPq65SHNRZqwGWnJuiBZ5+VI0/dbZ6ILECATARnWpXjlxFobqYylptgm6qL/QChGpiOmmKxttIkmRqYReWQIOB8QlCjLErT4Ts5AL5CbGWkibIARgyfoOD3bmg/cbDyNhSh0v6tCCZ3Pcg4kqtCCVINE3233KlLTLprfgT2ZxvPUXGdjqrkLFAgl9vdARK0ZgKE6xcCseV0YUNZBKnd+S1jgTIGjj4n1ZYMiATdjBqtoFito38ep2ShVWjqtWqE1Mk4WzzsxEWK7VPtyWk6bQTmjp3auZp0bbtbPt9NMaMVgueZQisfufHGq/iPXHWhyXcLK1G/0FuFaSOBkFup17XojnS7AVShzRF76cZLbrVw/Wo1IuvtEFjpZlGF9E6BNtqlo2VtV0r188OWeaqoNtzsE2d84n3LnY8bpaCB6JfY57rT6ollh1NRMeuGo7TxfP1Jqk7pSuTq7qXuFV27ZrSD1ujrWzpuzvDa/7aHO8FefXpzmKhGllb3Xn9A+kNtPeXEsFzPXmV7tGm6KbaVJ11K5Y3H9CEUAnt/uIRzZzRSsXCoLCbspr2BH2wsgSpdbFWiYYpAmHqGQjiBvrp7ITUv2jYUybYxyNyP9Tm6nRXuUiKAh1uIWzcsUyrWjk50vUKikf/237Ii2V269Sj1z9e6tEJI6tau7JBbqAuYBrFDifJEXpw/qIGFROGjL5TVUH2wTzBtVswF1WqYOLK4eTgr1tt1vv/vh+5///U9/+O//7cOP36fdVsbhLMvhl89FXzGhoiC4ioy3v1M9cbvVHZ9GoHTUNNOKh5crqpf/MyN3WSHZAiejntwW5Jbh6eJyFWJfKSdrVhGXa9Kp1GQXAPGRl7wQeyN6N6YGrwOn0/FweHo+Hp4PT0+Hx8fiE5xP5+I62+7u7z99unu4B7BLUTiTw41IjMjLn7CjkONimcu5Jgf46yo6zIhJA8yJNORdJ0/fjxVQZH04ku2bAaBvStAD+XG3IbGCxXR1xccWF9B6xew4aCb907H8eHwsai1ras6H+4+fPn3/PQBOKkcyDVzk/TGUt45/fNIJDpGmc0ivS8BCcEmFVN8cDak7I9+LGAPuL/HVhATb0AuH1DwF7raQi1i7H+i/03NovpC130AP/8zjWtLLrSRcHJ3vTI8KdS3y/rfm10mzuhd6fQ/M/OVx/aMOOPC57XrzazjMCehlpdnY/62gc6Vdy4X6RuSOoe7P10ax3t7sTimqPI7Dad4tbndDR/uksGaFWC404GahVXenICCqktfXXaqTyB/kDjT2vhKhe5A1aUY5FdI0QTOMschKJ29Pj8Eyh7NPe9TFnNv10MFqNw6vJ8f2FAl4F8leH+RvJUR9faRbyHiymPMi+/nuxbilI7BzWX5xXYgaVSAZtMi1XoMP4Z2bHRK9i9yPQPAykyXW+X/Upst55IVVQxeWgUl2iuoU99CF9ebyxvmjWwWd/bI6AjfBTgvHPvMF9+N+KCKy+pPetiv+z3PUeQHfmJf5cDwWDZA50b/yESVUkNYX8hSHczBnUNnD+515hp37NdI2jKxvP0L/fpWEu/jhyl7sfsHY3QtojKyit3MrSrpppr04MPBW2I7GIdEBrTrzRaj1nEgkUWLRSvPJdeNe9aprQBYaf3O68bSVoJaGPYCh4rb6mXasN00XfA45dlRzLSRgV8LipqtQ7s0VYacw8+o6WwtrXdogpXpVOUXvAqYLNg55Fk3WxDdmruYjr4Fbq89aunRNy8XIWnmrjH2oexsF2eKqK4nczHwnz/lT3BXWNjAme+LudCm4g4dL33OE1m4UN38yyhcsJZ/krJEOuUgMbJSb6hLQWj+JthqugaDf+GI9TUvgtvxjZYfS+Taa+dib0wZO0Io2xZNZgMJel/hqy9vdkN+h8P5ZjstSoomfD8fp7m7YjCW0UELmT4fDvgQI0rAEWk7SQlIdUnHlZgsulnWZxnG/258tKUPtw4C8Zh8TRbDcMcDq5IuWzFuVtKXaUDNZ6yhzWboyGeOsNbDFNlWg9mWcFYfeQE1cbRMAnCRX0nKG3suEbgCekjJoNexZ4xxWEDxu1UewaAOm0+Eof/nl7sPD7uFu3G6GEoUCjoW6ApL5F7ZWs3tWsPvNqVy4MSx6TwDqzBleO7Ma/WiqQfYElLW1GST3qsen3t9pSrFb+X5fnq3VFcdZlmfrVaArqrlWVjtgSDZLLAVcUkwo7e3YVbWrq5sjdn63iP2QXjeVma8F08hpQfq0QFtkjQedSyzKCovUnLQKto6FvsDDoYJ1fzgzxOcZIT5lOV7fGTLzhbt1v1fjtn1QL7R3QtcbZzgaD/RKXWLg7IyznjuyAtkvVDbRScOYy9M8PUzTd+POVm9w2ydZ8wW2ZjTUzHOCI53rAFbDrqV4stYPfdydZ5kDF7pMc/lU6/K5BocyoHyQshVmC/hJqr6xenuhtYXmzgKXeAAJK69RGOJuhOsjkfWjwmTV3Njqs7akqFoRSKGxaL2z5q3B0tCRgCdUxC9czmEisYWtyp3yIWsH7lF4y+lQfIFpGjOPzvhgjTkAlIXqDBipV9+J2MtC9FfveeD5eZdkU8XETZ/gP+bg1ebsfsZRJ6wXHZ0098uZmkzBtyl4QXYrTHeu9k7aPxhkBPMTP56ODOgPpS1tSe4NTl0X49h0nmOxTg5TpSUZUNZgxROKXcVeVVFtQ6FrB4szdyxe02qcHVFk2L0wY7wCfO5iHtWxfcF9uVqJsa/gHEMuxzxQIbFs2VtA3dILAqFImqeceO1QqJzIlSpLt7YMqcH4NtNjltNyeP7L/3g+Hz8/Pv58//Bxu994Wnb4LUyLiR4F5KpTTw/+BtVt4STRsebQLMQ31QDWbgO0WpeMQK7+n8UrOSzFQ2tDxZtQaqqDCsxhNgCBwvSOuLk2elOd4K9ffnk+lv/d3z8ouLRmqGpiwWbY03aYznfzX//65XjWlitI2eZwblAUw9TXwn+L8YXgetmYmLI5J3INYBfBks/zYbPZyW6/mXZ1l3v5CVX9lhC1IhBQMD4FD9Mck9Nuu5s0hW3cbjVJwtInNO1iVvCPc0gCIPK6SxTENkQqlhgknvtUtZ2U+jQAIg4leWCvwgX+kvVpMovG6icV142H2YDwTmUcxdwVAwcBFIMgfR6ZKBwR/Qz25tEPZCc7j+d+c9VaQVgMYewEYnlA9xp8ybDdbPJiXXNOpwX9a5Zs/bHg4miwVClVjN3yTxls0cA1U2VOx+W0HaedlMncTGy5vOfN5nQ8IuCPyqX5rH2CBqIKbpGGibou0xbyTz5Oa9UVZG3gffYGsQOKeqFhjKSRJcWJ1xHr5C1e1+W2xgLpI8g2cLGLQoNQYYU7WdB2cKdD4eUp6LfWwkaJGK7OddvZ35ndCGCwX8OJxNNTwM5hhj2pIhR74I7od5m4E2UwT7njM1mVKwn4MdMJgI7jsRycJICQtORouiXXpIoG6+xjYxDp6h6YK79M0rkKQ93Rs0zBWKhV7Q2hDC/eMSwYGqXKqyp/Dc4HnVa1BVzCMQMQ9WXNJ19BEncOOsJx+U9Dg77JQPRC7mf1BBRUc4DMcu2B4HoroVUTzgzTv8bUkUoTTct9N7ls62O+qwhYSCQE182SkQCDuxBpvljdtSuBwrQuOW4p19V6lAqPdyUrL3V27lJJeF1M6sPGaDoz8/o29W70FR9/zcnrbIzbT3/5Qatr3zEE5vePWV77jPtb3nwOXVlRf7OqeVND6sUrXWiIV5YcXb2WdL9IZyhw99v12Yixs3RlQxw2EK8mR5RFuO/o0m3l6k+u+wIDNknR20fY0OQp7hfUTK4Ye0inasnV6vAtVRWQ+uXt+fyaQ9rGbG/UqamxuVc2bzf+EOieSZEjOHVFKjdJx8ofsrQzbvgFLy8JxfvSXdk9yUfOFFLJubhUyRwrJVL5/XpSiKrl0rjNjQ1Vy6swcYnbptHfU5icrjWDoaaq9ETQyrJIxqKa3n3/8PH3P/3uT3/8+d/+7f7TByrKQ+LjfD58eS6aruYxb7Zs8OoceSfaN3CaileWLgMQ8Es49GnAe+CX2T2cVNcx9SzhJu+okyzXfGEtsp0qkKbZHpvJIb0yNU9PQ9Sw9VfksvlYNLLy/8Pjly/Hp6fnL18WA9Lb3t1/9/P9dr/TfkHbXfHZsUOsCcBaoPuFroswHTDEPFHbV8bR+AZHtzN8O+qoWjr/AwMld500eUH/NyhWVr9yt7++4biY+bpjbSXd2CguxOfHp8fPv2i6yTwX7ra5291/+u7TDz/s7+4HK1rLgFIl+OWC7bww7H7w7zn+OUkna3mx+gXuOPtLW5NHg5slaN3ZqzvaI02pKbIXBwfnS0PjUn5/18kitBA6UL1VZSFsdlLE+93uwYijxQbRSzrEP/W40jtuC3JXw/XPbtuvVAdZO7X4Vl3O2v3bOPXqcVzdn+sT/mY1vtIzUwAACT5JREFU5RuOm2+x9nWoVn1Br+tzL1VynCpdlokTnty4sFcsLkYSficOb82L9NVCI9Kua+xwTQMrpx6u4i5zk8zFhihSGAlRl0Uh661/QRXL5Caug+p6NFRNqNisfPVql8REHoUSxyRZIUbA3xLTIU2oWwGvpMipMIeM9eRMPqvIjpQwOVBiXAG12TNsiFfGz3qZbm8ZqAQ9KEKd3STRKSB2UsyCgzvXJvHkyxt5zflyf4WiUkve7au0GsnVziR3yJmQtt+swspX0NeP0ZKYGkMj1+SdIOvbX1PdbTTI/+uoh3jMmGrES2vHhuFQdKPD08eHD2kc6F/5kKi46XEy5JXTqepkN8DP6AaLfvXZ9K0HMyo/XpREvq8zfE9h+HBjTW0Y7NZFtSklbDKKerivPaQNA30IqApSumzcLKFNcfQpRL5dBeaqGrPxcebbgRD0/Wo3lBugtauhUdxEwuAkDGNxV3vcR7ndEMIH4wiR47dhNzRdMrgXMobtlV0u5eJ98CPqvXwGsFBWoEsXKol794whoq5ce3cqWnilpLCRbmg7trxiOBjFkhksCJmGpj7Eu1/OVlip+Noxt9gQTtD3Jed6yptaEUeufVj1/mj/MGnBavldf3j2fYuNMCBPKuIF1UFZRQGF+SvVZaBrUaarfHnW7qkGdD8qPMEQQk1YeK0U6VNy1np0QecSB8APAHbLb6XIiViZ7Nzexuip+IBP1qXil+PT/W67LZrKNMzn5fH56W6321p+/snMzjE5Drl1z7GMKuLNMJ6s48xsTv0y14hDd7oGSQNq8cgSjHDDWZ/zNGVtmLFSdMETCvVsxqFEfvabzfNx2izLZlDok1NmjTNrvAWC2Yp+4VCwRoRG+ciKWjBzxdlsOPTFQJzHadGsEkWRn5ZonPP418/7Dw9TCYppNGQo0wpIQsCmjpPZTRp3mmFjh+3DK+oPDfGCZ7LdqDcErkiOXiBF/9cVe0YcQiMZxZTd3e1Oh/viF9CeNdpPiq1ANsUF5txL7lu3jDLptaDLrdBFiC902p5R4Ge6NeKm9HSKHJRtz3vWNOgM2KMyFyfbBhsNMKR1Vji9ppuvB4/XJUAA5sWIwRtwvWUAXRlS1evIzYfTaawduIB12BFHCxGLGi2acZUAwlOoZyr0fSg753yas2zTVrkzq3fA2sFk86YyWUl49nDjQl1wi7nftyL9b80qinG7ZiQdy0FF1AJTdNAmPxg5MhpT8kT2NvFDuJAaiSKdgFN7YgjamH/9OehWtYFo3gkbKtCSwulXiY0BXsHeeDx3yrAVISic7xyZnQboMyjccWe5iOszXoHO1j+t7MYSJU7nvBd+Go97Hrdp45mAgRRj3FBmzEm5bByQlRLvnsITSdSMdmMiieUWFdUNctvg/abDB/OWfKomIhHJC/skr/Cce9++H2FleRscfzJH6Vg2JAYTHtsyWRv2vgvGWT+fTmS9V9TfJjLSOCo5af87CSYvVr3OvuZ1UPrVQIqKqeTIqsAss40he5IBkVR3Ufd64H/pesdyuFyFVkyDuyzS1SuTW8ccqt7FskM2170V52enWkXYGdV7JvaBdkipepyQMwTff2Gn92pmey0GehzK9O3Js0nzPOof/3F6Ov35/Odf/vo//9sfvt/eb4gmlPVmRfhwZuo5wIoVREGoEhum2qFNdvhbRx7YmuRC3wAOg+aVQk8p7GBgt4nFWJ6pyhnrqVgiljtY1LWzeZEPRZgXtrdoaBtAC8UdW/yyT093Hz7cP9x/2BR5WjzXaSwCtVDaX798eT5ZZzLzH4hlinIrI7hIv1b/QhjogjySOtXJchHYkhcOC9JSLalVc2epymtX2bMrD8wA1cE7Ktje2VrLlDfYbrZazWlAIlaNOQ1LsTVHVdUsV0IJfTaIj0EWJFt7G19faeR+wP1uSBtz9gRUy11Glxh7KWNNShrWH1SzGi3unctOGUYu4zhNRXmZTzq4Iip4QeYP1rlwYF0kyrP1ZDJYvpng2rcVQoZLJ16Imte+2jy0ItAQiKZIjMN2mIqmtylDKK9sKgdwxcPMEH2rCqEsNYvRUyt0bOcyr8vufC4kkMaNocgpmp7maJ7tAOFYpMG0r/LANFFt3WNQNZr4YEMidoQfA13Kjj1mOTpQgBKymZEkYHB9wKkRgyiCMpZsmpfFcS8c1sfbwcSrGKXQmolKZKzxansDLcpdQ86k/fxcd51/YtObUmpqeZSDOZ6yP21AhiURGiR5Hr8s1PGWgYCnm1KfVw9bLBVx5x5UyoOh7g25nmSYH0vu+pVXGzBu4hklNmuL44vA5pYGbRLMeKHQJdn7rKZw6DfuyhGjok6ZBHfKgQsYgsnnMTcQAiNXYSwYbAvQh05UkSjOyR30h8LpywFDoWlfQ/IMKSJHqzL2hnW0dO0MbQjD9oSSjNlakHfnngvjc4Afytn5nls+Do4iTHQhq4MIMMGOVmI9B4SjI0hvW95QM67Eeq/+ue7a8snaCSKIzlwcndHWWerX34ISrH8nf0UeRh2S//LOM+ml8/nSfGmfcPMu8Ks36bnh+m5Xs838npd9bcxtFd6hMUJ085Ujmru85/dPPfPtZzZNYP2Jf0qvjVOuZqnaI5XkVmoY6l6heEdVcRvAuieLm2H6syXH96TNHuLhWkPrCPE+Lt9XxNUof+0IVttMWPwCPijAZDK8OXoH7b7z4E6Vl/r8XkbHHLaPUiB21LAOrZTcC4LBRZmu0JXixvVI7rK7vLifuxhJ7i+s5mji7jS3rlxLcwUgbgUtOd2gubYIXPW+UD7XxLhin3pONX67Cu06xKoBU2e/JnOzDZtp//HDhx++//f/1//t0+9+vnu43+x3z8fDL7/8hQ2gLVk1RREY+/t7baYzOEFaRnKq7s5urvTdLdsCCoUpiiawoXdSJzftwi4hse6RLt7YL0T/4TVzqJMPpcdCZZ77QaulNEA9QxFuIAhZHr+Ul/7LL3/+8+l4WKyKrIx+//Dh4bvvHj592u52+u7tKRTtJsnsksit8c6GMQCvCrKzAG1iuSaANqlPRx5n1RN829lFr+9eeb0I6nUW9srBzYvSPwXqvY6vTNDpfD6eZM6f//KXL3/95fnz5+V8GnfbD9//8N3PP+/u7wqFqF8q15x4qbdiFK31m+uFwb+H2/wfAAAA//+VDkobAAAABklEQVQDAI2Fy/jVx6hIAAAAAElFTkSuQmCC"} | headers=HTTPHeaderDict({'Content-Length': '1635928', 'Content-Type': 'application/json; charset=utf-8', 'cache-control': 'no-cache'})
DEBUG    selenium.webdriver.remote.remote_connection:remote_connection.py:468 Finished Request
DEBUG    selenium.webdriver.remote.remote_connection:remote_connection.py:406 DELETE http://localhost:58403/session/8dba12f7f2101de3d0887b6e3334e6dd {}
DEBUG    urllib3.connectionpool:connectionpool.py:544 http://localhost:58403 "DELETE /session/8dba12f7f2101de3d0887b6e3334e6dd HTTP/1.1" 200 0
DEBUG    selenium.webdriver.remote.remote_connection:remote_connection.py:439 Remote response: status=200 | data={"value":null} | headers=HTTPHeaderDict({'Content-Length': '14', 'Content-Type': 'application/json; charset=utf-8', 'cache-control': 'no-cache'})
DEBUG    selenium.webdriver.remote.remote_connection:remote_connection.py:468 Finished Request
DEBUG    selenium.webdriver.common.selenium_manager:selenium_manager.py:124 Selenium Manager binary found at: /Users/miaoqi/Desktop/test_dev_projects/venv/lib/python3.12/site-packages/selenium/webdriver/common/macos/selenium-manager
DEBUG    selenium.webdriver.common.selenium_manager:selenium_manager.py:139 Executing process: /Users/miaoqi/Desktop/test_dev_projects/venv/lib/python3.12/site-packages/selenium/webdriver/common/macos/selenium-manager --browser chrome --debug --language-binding python --output json
DEBUG    selenium.webdriver.common.selenium_manager:selenium_manager.py:165 chromedriver not found in PATH
DEBUG    selenium.webdriver.common.selenium_manager:selenium_manager.py:165 chrome detected at /Applications/Google Chrome.app/Contents/MacOS/Google Chrome
DEBUG    selenium.webdriver.common.selenium_manager:selenium_manager.py:165 Running command: /Applications/Google\ Chrome.app/Contents/MacOS/Google\ Chrome --version
DEBUG    selenium.webdriver.common.selenium_manager:selenium_manager.py:165 Output: "Google Chrome 148.0.7778.216 "
DEBUG    selenium.webdriver.common.selenium_manager:selenium_manager.py:165 Detected browser: chrome 148.0.7778.216
DEBUG    selenium.webdriver.common.selenium_manager:selenium_manager.py:165 Required driver: chromedriver 148.0.7778.178
DEBUG    selenium.webdriver.common.selenium_manager:selenium_manager.py:165 chromedriver 148.0.7778.178 already in the cache
DEBUG    selenium.webdriver.common.selenium_manager:selenium_manager.py:165 Driver path: /Users/miaoqi/.cache/selenium/chromedriver/mac-arm64/148.0.7778.178/chromedriver
DEBUG    selenium.webdriver.common.selenium_manager:selenium_manager.py:165 Browser path: /Applications/Google Chrome.app/Contents/MacOS/Google Chrome
DEBUG    selenium.webdriver.common.service:service.py:234 Started executable: `/Users/miaoqi/.cache/selenium/chromedriver/mac-arm64/148.0.7778.178/chromedriver` in a child process with pid: 22484 using 0 to output -3
DEBUG    selenium.webdriver.remote.remote_connection:remote_connection.py:406 POST http://localhost:58731/session {'capabilities': {'firstMatch': [{}], 'alwaysMatch': {'browserName': 'chrome', 'pageLoadStrategy': <PageLoadStrategy.normal: 'normal'>, 'browserVersion': None, 'goog:chromeOptions': {'extensions': [], 'binary': '/Applications/Google Chrome.app/Contents/MacOS/Google Chrome', 'args': ['--no-sandbox', '--disable-dev-shm-usage', '--window-size=1920,1080', '--disable-gpu']}}}}
DEBUG    urllib3.connectionpool:connectionpool.py:241 Starting new HTTP connection (1): localhost:58731
DEBUG    urllib3.connectionpool:connectionpool.py:544 http://localhost:58731 "POST /session HTTP/1.1" 200 0
DEBUG    selenium.webdriver.remote.remote_connection:remote_connection.py:439 Remote response: status=200 | data={"value":{"capabilities":{"acceptInsecureCerts":false,"browserName":"chrome","browserVersion":"148.0.7778.216","chrome":{"chromedriverVersion":"148.0.7778.178 (d096af1c9e98c45c3596e59620622b1a049bfecb-refs/branch-heads/7778@{#3196})","userDataDir":"/var/folders/f5/29fl6c_11t98y2m9h6p8692h0000gn/T/org.chromium.Chromium.scoped_dir.n0iTCd"},"fedcm:accounts":true,"goog:chromeOptions":{"debuggerAddress":"localhost:58738"},"goog:processID":22485,"networkConnectionEnabled":false,"pageLoadStrategy":"normal","platformName":"mac","proxy":{},"setWindowRect":true,"strictFileInteractability":false,"timeouts":{"implicit":0,"pageLoad":300000,"script":30000},"unhandledPromptBehavior":"dismiss and notify","webauthn:extension:credBlob":true,"webauthn:extension:largeBlob":true,"webauthn:extension:minPinLength":true,"webauthn:extension:prf":true,"webauthn:virtualAuthenticators":true},"sessionId":"eaeb57ab0a4d1deb93b3eddb8c40d746"}} | headers=HTTPHeaderDict({'Content-Length': '925', 'Content-Type': 'application/json; charset=utf-8', 'cache-control': 'no-cache'})
DEBUG    selenium.webdriver.remote.remote_connection:remote_connection.py:468 Finished Request
DEBUG    selenium.webdriver.remote.remote_connection:remote_connection.py:406 POST http://localhost:58731/session/eaeb57ab0a4d1deb93b3eddb8c40d746/timeouts {'implicit': 10000}
DEBUG    urllib3.connectionpool:connectionpool.py:544 http://localhost:58731 "POST /session/eaeb57ab0a4d1deb93b3eddb8c40d746/timeouts HTTP/1.1" 200 0
DEBUG    selenium.webdriver.remote.remote_connection:remote_connection.py:439 Remote response: status=200 | data={"value":null} | headers=HTTPHeaderDict({'Content-Length': '14', 'Content-Type': 'application/json; charset=utf-8', 'cache-control': 'no-cache'})
DEBUG    selenium.webdriver.remote.remote_connection:remote_connection.py:468 Finished Request
DEBUG    selenium.webdriver.remote.remote_connection:remote_connection.py:406 POST http://localhost:58731/session/eaeb57ab0a4d1deb93b3eddb8c40d746/timeouts {'pageLoad': 30000}
DEBUG    urllib3.connectionpool:connectionpool.py:544 http://localhost:58731 "POST /session/eaeb57ab0a4d1deb93b3eddb8c40d746/timeouts HTTP/1.1" 200 0
DEBUG    selenium.webdriver.remote.remote_connection:remote_connection.py:439 Remote response: status=200 | data={"value":null} | headers=HTTPHeaderDict({'Content-Length': '14', 'Content-Type': 'application/json; charset=utf-8', 'cache-control': 'no-cache'})
DEBUG    selenium.webdriver.remote.remote_connection:remote_connection.py:468 Finished Request
DEBUG    selenium.webdriver.remote.remote_connection:remote_connection.py:406 POST http://localhost:58731/session/eaeb57ab0a4d1deb93b3eddb8c40d746/window/maximize {}
DEBUG    urllib3.connectionpool:connectionpool.py:544 http://localhost:58731 "POST /session/eaeb57ab0a4d1deb93b3eddb8c40d746/window/maximize HTTP/1.1" 200 0
DEBUG    selenium.webdriver.remote.remote_connection:remote_connection.py:439 Remote response: status=200 | data={"value":{"height":923,"width":1470,"x":0,"y":33}} | headers=HTTPHeaderDict({'Content-Length': '50', 'Content-Type': 'application/json; charset=utf-8', 'cache-control': 'no-cache'})
DEBUG    selenium.webdriver.remote.remote_connection:remote_connection.py:468 Finished Request
DEBUG    selenium.webdriver.remote.remote_connection:remote_connection.py:406 POST http://localhost:58731/session/eaeb57ab0a4d1deb93b3eddb8c40d746/url {'url': 'http://192.168.64.7:8181'}
DEBUG    urllib3.connectionpool:connectionpool.py:544 http://localhost:58731 "POST /session/eaeb57ab0a4d1deb93b3eddb8c40d746/url HTTP/1.1" 200 0
DEBUG    selenium.webdriver.remote.remote_connection:remote_connection.py:439 Remote response: status=200 | data={"value":null} | headers=HTTPHeaderDict({'Content-Length': '14', 'Content-Type': 'application/json; charset=utf-8', 'cache-control': 'no-cache'})
DEBUG    selenium.webdriver.remote.remote_connection:remote_connection.py:468 Finished Request
DEBUG    selenium.webdriver.remote.remote_connection:remote_connection.py:406 POST http://localhost:58731/session/eaeb57ab0a4d1deb93b3eddb8c40d746/element {'using': 'css selector', 'value': "input.Xinput-input__inner[placeholder='用户名']"}
DEBUG    urllib3.connectionpool:connectionpool.py:544 http://localhost:58731 "POST /session/eaeb57ab0a4d1deb93b3eddb8c40d746/element HTTP/1.1" 200 0
DEBUG    selenium.webdriver.remote.remote_connection:remote_connection.py:439 Remote response: status=200 | data={"value":{"element-6066-11e4-a52e-4f735466cecf":"f.0F096117D60A7895949637AD6D71AD7B.d.1A3D9081484D1D0A874C76A7CACAE25A.e.20"}} | headers=HTTPHeaderDict({'Content-Length': '126', 'Content-Type': 'application/json; charset=utf-8', 'cache-control': 'no-cache'})
DEBUG    selenium.webdriver.remote.remote_connection:remote_connection.py:468 Finished Request
DEBUG    selenium.webdriver.remote.remote_connection:remote_connection.py:406 POST http://localhost:58731/session/eaeb57ab0a4d1deb93b3eddb8c40d746/execute/sync {'script': '/* isDisplayed */return ((function () {\n    var tagNameDescriptor = Object.getOwnPropertyDescriptor(...', 'args': [{'element-6066-11e4-a52e-4f735466cecf': 'f.0F096117D60A7895949637AD6D71AD7B.d.1A3D9081484D1D0A874C76A7CACAE25A.e.20'}]}
DEBUG    urllib3.connectionpool:connectionpool.py:544 http://localhost:58731 "POST /session/eaeb57ab0a4d1deb93b3eddb8c40d746/execute/sync HTTP/1.1" 200 0
DEBUG    selenium.webdriver.remote.remote_connection:remote_connection.py:439 Remote response: status=200 | data={"value":false} | headers=HTTPHeaderDict({'Content-Length': '15', 'Content-Type': 'application/json; charset=utf-8', 'cache-control': 'no-cache'})
DEBUG    selenium.webdriver.remote.remote_connection:remote_connection.py:468 Finished Request
DEBUG    selenium.webdriver.remote.remote_connection:remote_connection.py:406 POST http://localhost:58731/session/eaeb57ab0a4d1deb93b3eddb8c40d746/element {'using': 'css selector', 'value': "input.Xinput-input__inner[placeholder='用户名']"}
DEBUG    urllib3.connectionpool:connectionpool.py:544 http://localhost:58731 "POST /session/eaeb57ab0a4d1deb93b3eddb8c40d746/element HTTP/1.1" 200 0
DEBUG    selenium.webdriver.remote.remote_connection:remote_connection.py:439 Remote response: status=200 | data={"value":{"element-6066-11e4-a52e-4f735466cecf":"f.0F096117D60A7895949637AD6D71AD7B.d.1A3D9081484D1D0A874C76A7CACAE25A.e.20"}} | headers=HTTPHeaderDict({'Content-Length': '126', 'Content-Type': 'application/json; charset=utf-8', 'cache-control': 'no-cache'})
DEBUG    selenium.webdriver.remote.remote_connection:remote_connection.py:468 Finished Request
DEBUG    selenium.webdriver.remote.remote_connection:remote_connection.py:406 POST http://localhost:58731/session/eaeb57ab0a4d1deb93b3eddb8c40d746/execute/sync {'script': '/* isDisplayed */return ((function () {\n    var tagNameDescriptor = Object.getOwnPropertyDescriptor(...', 'args': [{'element-6066-11e4-a52e-4f735466cecf': 'f.0F096117D60A7895949637AD6D71AD7B.d.1A3D9081484D1D0A874C76A7CACAE25A.e.20'}]}
DEBUG    urllib3.connectionpool:connectionpool.py:544 http://localhost:58731 "POST /session/eaeb57ab0a4d1deb93b3eddb8c40d746/execute/sync HTTP/1.1" 200 0
DEBUG    selenium.webdriver.remote.remote_connection:remote_connection.py:439 Remote response: status=200 | data={"value":true} | headers=HTTPHeaderDict({'Content-Length': '14', 'Content-Type': 'application/json; charset=utf-8', 'cache-control': 'no-cache'})
DEBUG    selenium.webdriver.remote.remote_connection:remote_connection.py:468 Finished Request
DEBUG    selenium.webdriver.remote.remote_connection:remote_connection.py:406 POST http://localhost:58731/session/eaeb57ab0a4d1deb93b3eddb8c40d746/element {'using': 'css selector', 'value': "input.Xinput-input__inner[placeholder='用户名']"}
DEBUG    urllib3.connectionpool:connectionpool.py:544 http://localhost:58731 "POST /session/eaeb57ab0a4d1deb93b3eddb8c40d746/element HTTP/1.1" 200 0
DEBUG    selenium.webdriver.remote.remote_connection:remote_connection.py:439 Remote response: status=200 | data={"value":{"element-6066-11e4-a52e-4f735466cecf":"f.0F096117D60A7895949637AD6D71AD7B.d.1A3D9081484D1D0A874C76A7CACAE25A.e.20"}} | headers=HTTPHeaderDict({'Content-Length': '126', 'Content-Type': 'application/json; charset=utf-8', 'cache-control': 'no-cache'})
DEBUG    selenium.webdriver.remote.remote_connection:remote_connection.py:468 Finished Request
DEBUG    selenium.webdriver.remote.remote_connection:remote_connection.py:406 POST http://localhost:58731/session/eaeb57ab0a4d1deb93b3eddb8c40d746/element/f.0F096117D60A7895949637AD6D71AD7B.d.1A3D9081484D1D0A874C76A7CACAE25A.e.20/clear {}
DEBUG    urllib3.connectionpool:connectionpool.py:544 http://localhost:58731 "POST /session/eaeb57ab0a4d1deb93b3eddb8c40d746/element/f.0F096117D60A7895949637AD6D71AD7B.d.1A3D9081484D1D0A874C76A7CACAE25A.e.20/clear HTTP/1.1" 200 0
DEBUG    selenium.webdriver.remote.remote_connection:remote_connection.py:439 Remote response: status=200 | data={"value":null} | headers=HTTPHeaderDict({'Content-Length': '14', 'Content-Type': 'application/json; charset=utf-8', 'cache-control': 'no-cache'})
DEBUG    selenium.webdriver.remote.remote_connection:remote_connection.py:468 Finished Request
DEBUG    selenium.webdriver.remote.remote_connection:remote_connection.py:406 POST http://localhost:58731/session/eaeb57ab0a4d1deb93b3eddb8c40d746/element/f.0F096117D60A7895949637AD6D71AD7B.d.1A3D9081484D1D0A874C76A7CACAE25A.e.20/value {'text': 'test', 'value': ['t', 'e', 's', 't']}
DEBUG    urllib3.connectionpool:connectionpool.py:544 http://localhost:58731 "POST /session/eaeb57ab0a4d1deb93b3eddb8c40d746/element/f.0F096117D60A7895949637AD6D71AD7B.d.1A3D9081484D1D0A874C76A7CACAE25A.e.20/value HTTP/1.1" 200 0
DEBUG    selenium.webdriver.remote.remote_connection:remote_connection.py:439 Remote response: status=200 | data={"value":null} | headers=HTTPHeaderDict({'Content-Length': '14', 'Content-Type': 'application/json; charset=utf-8', 'cache-control': 'no-cache'})
DEBUG    selenium.webdriver.remote.remote_connection:remote_connection.py:468 Finished Request
DEBUG    selenium.webdriver.remote.remote_connection:remote_connection.py:406 POST http://localhost:58731/session/eaeb57ab0a4d1deb93b3eddb8c40d746/element {'using': 'css selector', 'value': 'i.iconfont.iconright'}
DEBUG    urllib3.connectionpool:connectionpool.py:544 http://localhost:58731 "POST /session/eaeb57ab0a4d1deb93b3eddb8c40d746/element HTTP/1.1" 200 0
DEBUG    selenium.webdriver.remote.remote_connection:remote_connection.py:439 Remote response: status=200 | data={"value":{"element-6066-11e4-a52e-4f735466cecf":"f.0F096117D60A7895949637AD6D71AD7B.d.1A3D9081484D1D0A874C76A7CACAE25A.e.24"}} | headers=HTTPHeaderDict({'Content-Length': '126', 'Content-Type': 'application/json; charset=utf-8', 'cache-control': 'no-cache'})
DEBUG    selenium.webdriver.remote.remote_connection:remote_connection.py:468 Finished Request
DEBUG    selenium.webdriver.remote.remote_connection:remote_connection.py:406 POST http://localhost:58731/session/eaeb57ab0a4d1deb93b3eddb8c40d746/execute/sync {'script': 'arguments[0].click();', 'args': [{'element-6066-11e4-a52e-4f735466cecf': 'f.0F096117D60A7895949637AD6D71AD7B.d.1A3D9081484D1D0A874C76A7CACAE25A.e.24'}]}
DEBUG    urllib3.connectionpool:connectionpool.py:544 http://localhost:58731 "POST /session/eaeb57ab0a4d1deb93b3eddb8c40d746/execute/sync HTTP/1.1" 200 0
DEBUG    selenium.webdriver.remote.remote_connection:remote_connection.py:439 Remote response: status=200 | data={"value":null} | headers=HTTPHeaderDict({'Content-Length': '14', 'Content-Type': 'application/json; charset=utf-8', 'cache-control': 'no-cache'})
DEBUG    selenium.webdriver.remote.remote_connection:remote_connection.py:468 Finished Request
DEBUG    selenium.webdriver.remote.remote_connection:remote_connection.py:406 POST http://localhost:58731/session/eaeb57ab0a4d1deb93b3eddb8c40d746/element {'using': 'css selector', 'value': "input.Xinput-input__inner[placeholder='密码']"}
DEBUG    urllib3.connectionpool:connectionpool.py:544 http://localhost:58731 "POST /session/eaeb57ab0a4d1deb93b3eddb8c40d746/element HTTP/1.1" 200 0
DEBUG    selenium.webdriver.remote.remote_connection:remote_connection.py:439 Remote response: status=200 | data={"value":{"element-6066-11e4-a52e-4f735466cecf":"f.0F096117D60A7895949637AD6D71AD7B.d.1A3D9081484D1D0A874C76A7CACAE25A.e.25"}} | headers=HTTPHeaderDict({'Content-Length': '126', 'Content-Type': 'application/json; charset=utf-8', 'cache-control': 'no-cache'})
DEBUG    selenium.webdriver.remote.remote_connection:remote_connection.py:468 Finished Request
DEBUG    selenium.webdriver.remote.remote_connection:remote_connection.py:406 POST http://localhost:58731/session/eaeb57ab0a4d1deb93b3eddb8c40d746/execute/sync {'script': '/* isDisplayed */return ((function () {\n    var tagNameDescriptor = Object.getOwnPropertyDescriptor(...', 'args': [{'element-6066-11e4-a52e-4f735466cecf': 'f.0F096117D60A7895949637AD6D71AD7B.d.1A3D9081484D1D0A874C76A7CACAE25A.e.25'}]}
DEBUG    urllib3.connectionpool:connectionpool.py:544 http://localhost:58731 "POST /session/eaeb57ab0a4d1deb93b3eddb8c40d746/execute/sync HTTP/1.1" 200 0
DEBUG    selenium.webdriver.remote.remote_connection:remote_connection.py:439 Remote response: status=200 | data={"value":true} | headers=HTTPHeaderDict({'Content-Length': '14', 'Content-Type': 'application/json; charset=utf-8', 'cache-control': 'no-cache'})
DEBUG    selenium.webdriver.remote.remote_connection:remote_connection.py:468 Finished Request
DEBUG    selenium.webdriver.remote.remote_connection:remote_connection.py:406 POST http://localhost:58731/session/eaeb57ab0a4d1deb93b3eddb8c40d746/element {'using': 'css selector', 'value': "input.Xinput-input__inner[placeholder='密码']"}
DEBUG    urllib3.connectionpool:connectionpool.py:544 http://localhost:58731 "POST /session/eaeb57ab0a4d1deb93b3eddb8c40d746/element HTTP/1.1" 200 0
DEBUG    selenium.webdriver.remote.remote_connection:remote_connection.py:439 Remote response: status=200 | data={"value":{"element-6066-11e4-a52e-4f735466cecf":"f.0F096117D60A7895949637AD6D71AD7B.d.1A3D9081484D1D0A874C76A7CACAE25A.e.25"}} | headers=HTTPHeaderDict({'Content-Length': '126', 'Content-Type': 'application/json; charset=utf-8', 'cache-control': 'no-cache'})
DEBUG    selenium.webdriver.remote.remote_connection:remote_connection.py:468 Finished Request
DEBUG    selenium.webdriver.remote.remote_connection:remote_connection.py:406 POST http://localhost:58731/session/eaeb57ab0a4d1deb93b3eddb8c40d746/execute/sync {'script': '/* isDisplayed */return ((function () {\n    var tagNameDescriptor = Object.getOwnPropertyDescriptor(...', 'args': [{'element-6066-11e4-a52e-4f735466cecf': 'f.0F096117D60A7895949637AD6D71AD7B.d.1A3D9081484D1D0A874C76A7CACAE25A.e.25'}]}
DEBUG    urllib3.connectionpool:connectionpool.py:544 http://localhost:58731 "POST /session/eaeb57ab0a4d1deb93b3eddb8c40d746/execute/sync HTTP/1.1" 200 0
DEBUG    selenium.webdriver.remote.remote_connection:remote_connection.py:439 Remote response: status=200 | data={"value":true} | headers=HTTPHeaderDict({'Content-Length': '14', 'Content-Type': 'application/json; charset=utf-8', 'cache-control': 'no-cache'})
DEBUG    selenium.webdriver.remote.remote_connection:remote_connection.py:468 Finished Request
DEBUG    selenium.webdriver.remote.remote_connection:remote_connection.py:406 POST http://localhost:58731/session/eaeb57ab0a4d1deb93b3eddb8c40d746/element {'using': 'css selector', 'value': "input.Xinput-input__inner[placeholder='密码']"}
DEBUG    urllib3.connectionpool:connectionpool.py:544 http://localhost:58731 "POST /session/eaeb57ab0a4d1deb93b3eddb8c40d746/element HTTP/1.1" 200 0
DEBUG    selenium.webdriver.remote.remote_connection:remote_connection.py:439 Remote response: status=200 | data={"value":{"element-6066-11e4-a52e-4f735466cecf":"f.0F096117D60A7895949637AD6D71AD7B.d.1A3D9081484D1D0A874C76A7CACAE25A.e.25"}} | headers=HTTPHeaderDict({'Content-Length': '126', 'Content-Type': 'application/json; charset=utf-8', 'cache-control': 'no-cache'})
DEBUG    selenium.webdriver.remote.remote_connection:remote_connection.py:468 Finished Request
DEBUG    selenium.webdriver.remote.remote_connection:remote_connection.py:406 POST http://localhost:58731/session/eaeb57ab0a4d1deb93b3eddb8c40d746/element/f.0F096117D60A7895949637AD6D71AD7B.d.1A3D9081484D1D0A874C76A7CACAE25A.e.25/clear {}
DEBUG    urllib3.connectionpool:connectionpool.py:544 http://localhost:58731 "POST /session/eaeb57ab0a4d1deb93b3eddb8c40d746/element/f.0F096117D60A7895949637AD6D71AD7B.d.1A3D9081484D1D0A874C76A7CACAE25A.e.25/clear HTTP/1.1" 200 0
DEBUG    selenium.webdriver.remote.remote_connection:remote_connection.py:439 Remote response: status=200 | data={"value":null} | headers=HTTPHeaderDict({'Content-Length': '14', 'Content-Type': 'application/json; charset=utf-8', 'cache-control': 'no-cache'})
DEBUG    selenium.webdriver.remote.remote_connection:remote_connection.py:468 Finished Request
DEBUG    selenium.webdriver.remote.remote_connection:remote_connection.py:406 POST http://localhost:58731/session/eaeb57ab0a4d1deb93b3eddb8c40d746/element/f.0F096117D60A7895949637AD6D71AD7B.d.1A3D9081484D1D0A874C76A7CACAE25A.e.25/value {'text': 'Admin123', 'value': ['A', 'd', 'm', 'i', 'n', '1', '2', '3']}
DEBUG    urllib3.connectionpool:connectionpool.py:544 http://localhost:58731 "POST /session/eaeb57ab0a4d1deb93b3eddb8c40d746/element/f.0F096117D60A7895949637AD6D71AD7B.d.1A3D9081484D1D0A874C76A7CACAE25A.e.25/value HTTP/1.1" 200 0
DEBUG    selenium.webdriver.remote.remote_connection:remote_connection.py:439 Remote response: status=200 | data={"value":null} | headers=HTTPHeaderDict({'Content-Length': '14', 'Content-Type': 'application/json; charset=utf-8', 'cache-control': 'no-cache'})
DEBUG    selenium.webdriver.remote.remote_connection:remote_connection.py:468 Finished Request
DEBUG    selenium.webdriver.remote.remote_connection:remote_connection.py:406 POST http://localhost:58731/session/eaeb57ab0a4d1deb93b3eddb8c40d746/element {'using': 'css selector', 'value': 'input.input_check'}
DEBUG    urllib3.connectionpool:connectionpool.py:544 http://localhost:58731 "POST /session/eaeb57ab0a4d1deb93b3eddb8c40d746/element HTTP/1.1" 200 0
DEBUG    selenium.webdriver.remote.remote_connection:remote_connection.py:439 Remote response: status=200 | data={"value":{"element-6066-11e4-a52e-4f735466cecf":"f.0F096117D60A7895949637AD6D71AD7B.d.1A3D9081484D1D0A874C76A7CACAE25A.e.32"}} | headers=HTTPHeaderDict({'Content-Length': '126', 'Content-Type': 'application/json; charset=utf-8', 'cache-control': 'no-cache'})
DEBUG    selenium.webdriver.remote.remote_connection:remote_connection.py:468 Finished Request
DEBUG    selenium.webdriver.remote.remote_connection:remote_connection.py:406 GET http://localhost:58731/session/eaeb57ab0a4d1deb93b3eddb8c40d746/element/f.0F096117D60A7895949637AD6D71AD7B.d.1A3D9081484D1D0A874C76A7CACAE25A.e.32/selected {}
DEBUG    urllib3.connectionpool:connectionpool.py:544 http://localhost:58731 "GET /session/eaeb57ab0a4d1deb93b3eddb8c40d746/element/f.0F096117D60A7895949637AD6D71AD7B.d.1A3D9081484D1D0A874C76A7CACAE25A.e.32/selected HTTP/1.1" 200 0
DEBUG    selenium.webdriver.remote.remote_connection:remote_connection.py:439 Remote response: status=200 | data={"value":false} | headers=HTTPHeaderDict({'Content-Length': '15', 'Content-Type': 'application/json; charset=utf-8', 'cache-control': 'no-cache'})
DEBUG    selenium.webdriver.remote.remote_connection:remote_connection.py:468 Finished Request
DEBUG    selenium.webdriver.remote.remote_connection:remote_connection.py:406 POST http://localhost:58731/session/eaeb57ab0a4d1deb93b3eddb8c40d746/element {'using': 'css selector', 'value': 'i.iconfont.iconright'}
DEBUG    urllib3.connectionpool:connectionpool.py:544 http://localhost:58731 "POST /session/eaeb57ab0a4d1deb93b3eddb8c40d746/element HTTP/1.1" 200 0
DEBUG    selenium.webdriver.remote.remote_connection:remote_connection.py:439 Remote response: status=200 | data={"value":{"element-6066-11e4-a52e-4f735466cecf":"f.0F096117D60A7895949637AD6D71AD7B.d.1A3D9081484D1D0A874C76A7CACAE25A.e.33"}} | headers=HTTPHeaderDict({'Content-Length': '126', 'Content-Type': 'application/json; charset=utf-8', 'cache-control': 'no-cache'})
DEBUG    selenium.webdriver.remote.remote_connection:remote_connection.py:468 Finished Request
DEBUG    selenium.webdriver.remote.remote_connection:remote_connection.py:406 POST http://localhost:58731/session/eaeb57ab0a4d1deb93b3eddb8c40d746/execute/sync {'script': 'arguments[0].click();', 'args': [{'element-6066-11e4-a52e-4f735466cecf': 'f.0F096117D60A7895949637AD6D71AD7B.d.1A3D9081484D1D0A874C76A7CACAE25A.e.33'}]}
DEBUG    urllib3.connectionpool:connectionpool.py:544 http://localhost:58731 "POST /session/eaeb57ab0a4d1deb93b3eddb8c40d746/execute/sync HTTP/1.1" 200 0
DEBUG    selenium.webdriver.remote.remote_connection:remote_connection.py:439 Remote response: status=200 | data={"value":null} | headers=HTTPHeaderDict({'Content-Length': '14', 'Content-Type': 'application/json; charset=utf-8', 'cache-control': 'no-cache'})
DEBUG    selenium.webdriver.remote.remote_connection:remote_connection.py:468 Finished Request
DEBUG    selenium.webdriver.remote.remote_connection:remote_connection.py:406 GET http://localhost:58731/session/eaeb57ab0a4d1deb93b3eddb8c40d746/url {}
DEBUG    urllib3.connectionpool:connectionpool.py:544 http://localhost:58731 "GET /session/eaeb57ab0a4d1deb93b3eddb8c40d746/url HTTP/1.1" 200 0
DEBUG    selenium.webdriver.remote.remote_connection:remote_connection.py:439 Remote response: status=200 | data={"value":"http://192.168.64.7:8181/tos/#/desktop"} | headers=HTTPHeaderDict({'Content-Length': '50', 'Content-Type': 'application/json; charset=utf-8', 'cache-control': 'no-cache'})
DEBUG    selenium.webdriver.remote.remote_connection:remote_connection.py:468 Finished Request
DEBUG    selenium.webdriver.remote.remote_connection:remote_connection.py:406 GET http://localhost:58731/session/eaeb57ab0a4d1deb93b3eddb8c40d746/url {}
DEBUG    urllib3.connectionpool:connectionpool.py:544 http://localhost:58731 "GET /session/eaeb57ab0a4d1deb93b3eddb8c40d746/url HTTP/1.1" 200 0
DEBUG    selenium.webdriver.remote.remote_connection:remote_connection.py:439 Remote response: status=200 | data={"value":"http://192.168.64.7:8181/tos/#/desktop"} | headers=HTTPHeaderDict({'Content-Length': '50', 'Content-Type': 'application/json; charset=utf-8', 'cache-control': 'no-cache'})
DEBUG    selenium.webdriver.remote.remote_connection:remote_connection.py:468 Finished Request
DEBUG    selenium.webdriver.remote.remote_connection:remote_connection.py:406 POST http://localhost:58731/session/eaeb57ab0a4d1deb93b3eddb8c40d746/element {'using': 'css selector', 'value': 'div.desktop_icons'}
DEBUG    urllib3.connectionpool:connectionpool.py:544 http://localhost:58731 "POST /session/eaeb57ab0a4d1deb93b3eddb8c40d746/element HTTP/1.1" 200 0
DEBUG    selenium.webdriver.remote.remote_connection:remote_connection.py:439 Remote response: status=200 | data={"value":{"element-6066-11e4-a52e-4f735466cecf":"f.0F096117D60A7895949637AD6D71AD7B.d.1A3D9081484D1D0A874C76A7CACAE25A.e.38"}} | headers=HTTPHeaderDict({'Content-Length': '126', 'Content-Type': 'application/json; charset=utf-8', 'cache-control': 'no-cache'})
DEBUG    selenium.webdriver.remote.remote_connection:remote_connection.py:468 Finished Request
DEBUG    selenium.webdriver.remote.remote_connection:remote_connection.py:406 POST http://localhost:58731/session/eaeb57ab0a4d1deb93b3eddb8c40d746/actions {'actions': [{'type': 'pointer', 'parameters': {'pointerType': 'mouse'}, 'id': 'mouse', 'actions': [{'type': 'pointerMove', 'duration': 250, 'x': 0, 'y': 0, 'origin': {'element-6066-11e4-a52e-4f735466cecf': 'f.0F096117D60A7895949637AD6D71AD7B.d.1A3D9081484D1D0A874C76A7CACAE25A.e.38'}}, {'type': 'pointerDown', 'duration': 0, 'button': 2}, {'type': 'pointerUp', 'duration': 0, 'button': 2}]}, {'type': 'key', 'id': 'key', 'actions': [{'type': 'pause', 'duration': 0}, {'type': 'pause', 'duration': 0}, {'type': 'pause', 'duration': 0}]}]}
DEBUG    urllib3.connectionpool:connectionpool.py:544 http://localhost:58731 "POST /session/eaeb57ab0a4d1deb93b3eddb8c40d746/actions HTTP/1.1" 200 0
DEBUG    selenium.webdriver.remote.remote_connection:remote_connection.py:439 Remote response: status=200 | data={"value":null} | headers=HTTPHeaderDict({'Content-Length': '14', 'Content-Type': 'application/json; charset=utf-8', 'cache-control': 'no-cache'})
DEBUG    selenium.webdriver.remote.remote_connection:remote_connection.py:468 Finished Request
DEBUG    selenium.webdriver.remote.remote_connection:remote_connection.py:406 POST http://localhost:58731/session/eaeb57ab0a4d1deb93b3eddb8c40d746/element {'using': 'xpath', 'value': "//ul[contains(@class,'context-menu-list')]//li[contains(@class,'context-menu-item')]//span[@class='n..."}
DEBUG    urllib3.connectionpool:connectionpool.py:544 http://localhost:58731 "POST /session/eaeb57ab0a4d1deb93b3eddb8c40d746/element HTTP/1.1" 200 0
DEBUG    selenium.webdriver.remote.remote_connection:remote_connection.py:439 Remote response: status=200 | data={"value":{"element-6066-11e4-a52e-4f735466cecf":"f.0F096117D60A7895949637AD6D71AD7B.d.1A3D9081484D1D0A874C76A7CACAE25A.e.86"}} | headers=HTTPHeaderDict({'Content-Length': '126', 'Content-Type': 'application/json; charset=utf-8', 'cache-control': 'no-cache'})
DEBUG    selenium.webdriver.remote.remote_connection:remote_connection.py:468 Finished Request
DEBUG    selenium.webdriver.remote.remote_connection:remote_connection.py:406 POST http://localhost:58731/session/eaeb57ab0a4d1deb93b3eddb8c40d746/element/f.0F096117D60A7895949637AD6D71AD7B.d.1A3D9081484D1D0A874C76A7CACAE25A.e.86/element {'using': 'xpath', 'value': "./ancestor::li[contains(@class,'context-menu-item')]"}
DEBUG    urllib3.connectionpool:connectionpool.py:544 http://localhost:58731 "POST /session/eaeb57ab0a4d1deb93b3eddb8c40d746/element/f.0F096117D60A7895949637AD6D71AD7B.d.1A3D9081484D1D0A874C76A7CACAE25A.e.86/element HTTP/1.1" 200 0
DEBUG    selenium.webdriver.remote.remote_connection:remote_connection.py:439 Remote response: status=200 | data={"value":{"element-6066-11e4-a52e-4f735466cecf":"f.0F096117D60A7895949637AD6D71AD7B.d.1A3D9081484D1D0A874C76A7CACAE25A.e.82"}} | headers=HTTPHeaderDict({'Content-Length': '126', 'Content-Type': 'application/json; charset=utf-8', 'cache-control': 'no-cache'})
DEBUG    selenium.webdriver.remote.remote_connection:remote_connection.py:468 Finished Request
DEBUG    selenium.webdriver.remote.remote_connection:remote_connection.py:406 POST http://localhost:58731/session/eaeb57ab0a4d1deb93b3eddb8c40d746/element/f.0F096117D60A7895949637AD6D71AD7B.d.1A3D9081484D1D0A874C76A7CACAE25A.e.82/click {}
DEBUG    urllib3.connectionpool:connectionpool.py:544 http://localhost:58731 "POST /session/eaeb57ab0a4d1deb93b3eddb8c40d746/element/f.0F096117D60A7895949637AD6D71AD7B.d.1A3D9081484D1D0A874C76A7CACAE25A.e.82/click HTTP/1.1" 200 0
DEBUG    selenium.webdriver.remote.remote_connection:remote_connection.py:439 Remote response: status=200 | data={"value":null} | headers=HTTPHeaderDict({'Content-Length': '14', 'Content-Type': 'application/json; charset=utf-8', 'cache-control': 'no-cache'})
DEBUG    selenium.webdriver.remote.remote_connection:remote_connection.py:468 Finished Request
DEBUG    selenium.webdriver.remote.remote_connection:remote_connection.py:406 POST http://localhost:58731/session/eaeb57ab0a4d1deb93b3eddb8c40d746/element {'using': 'xpath', 'value': "//div[contains(@class,'tab-slider-item') and contains(text(),'其它')]"}
DEBUG    urllib3.connectionpool:connectionpool.py:544 http://localhost:58731 "POST /session/eaeb57ab0a4d1deb93b3eddb8c40d746/element HTTP/1.1" 200 0
DEBUG    selenium.webdriver.remote.remote_connection:remote_connection.py:439 Remote response: status=200 | data={"value":{"element-6066-11e4-a52e-4f735466cecf":"f.0F096117D60A7895949637AD6D71AD7B.d.1A3D9081484D1D0A874C76A7CACAE25A.e.116"}} | headers=HTTPHeaderDict({'Content-Length': '127', 'Content-Type': 'application/json; charset=utf-8', 'cache-control': 'no-cache'})
DEBUG    selenium.webdriver.remote.remote_connection:remote_connection.py:468 Finished Request
DEBUG    selenium.webdriver.remote.remote_connection:remote_connection.py:406 POST http://localhost:58731/session/eaeb57ab0a4d1deb93b3eddb8c40d746/execute/sync {'script': '/* isDisplayed */return ((function () {\n    var tagNameDescriptor = Object.getOwnPropertyDescriptor(...', 'args': [{'element-6066-11e4-a52e-4f735466cecf': 'f.0F096117D60A7895949637AD6D71AD7B.d.1A3D9081484D1D0A874C76A7CACAE25A.e.116'}]}
DEBUG    urllib3.connectionpool:connectionpool.py:544 http://localhost:58731 "POST /session/eaeb57ab0a4d1deb93b3eddb8c40d746/execute/sync HTTP/1.1" 200 0
DEBUG    selenium.webdriver.remote.remote_connection:remote_connection.py:439 Remote response: status=200 | data={"value":true} | headers=HTTPHeaderDict({'Content-Length': '14', 'Content-Type': 'application/json; charset=utf-8', 'cache-control': 'no-cache'})
DEBUG    selenium.webdriver.remote.remote_connection:remote_connection.py:468 Finished Request
DEBUG    selenium.webdriver.remote.remote_connection:remote_connection.py:406 GET http://localhost:58731/session/eaeb57ab0a4d1deb93b3eddb8c40d746/element/f.0F096117D60A7895949637AD6D71AD7B.d.1A3D9081484D1D0A874C76A7CACAE25A.e.116/enabled {}
DEBUG    urllib3.connectionpool:connectionpool.py:544 http://localhost:58731 "GET /session/eaeb57ab0a4d1deb93b3eddb8c40d746/element/f.0F096117D60A7895949637AD6D71AD7B.d.1A3D9081484D1D0A874C76A7CACAE25A.e.116/enabled HTTP/1.1" 200 0
DEBUG    selenium.webdriver.remote.remote_connection:remote_connection.py:439 Remote response: status=200 | data={"value":true} | headers=HTTPHeaderDict({'Content-Length': '14', 'Content-Type': 'application/json; charset=utf-8', 'cache-control': 'no-cache'})
DEBUG    selenium.webdriver.remote.remote_connection:remote_connection.py:468 Finished Request
DEBUG    selenium.webdriver.remote.remote_connection:remote_connection.py:406 POST http://localhost:58731/session/eaeb57ab0a4d1deb93b3eddb8c40d746/element/f.0F096117D60A7895949637AD6D71AD7B.d.1A3D9081484D1D0A874C76A7CACAE25A.e.116/click {}
DEBUG    urllib3.connectionpool:connectionpool.py:544 http://localhost:58731 "POST /session/eaeb57ab0a4d1deb93b3eddb8c40d746/element/f.0F096117D60A7895949637AD6D71AD7B.d.1A3D9081484D1D0A874C76A7CACAE25A.e.116/click HTTP/1.1" 200 0
DEBUG    selenium.webdriver.remote.remote_connection:remote_connection.py:439 Remote response: status=200 | data={"value":null} | headers=HTTPHeaderDict({'Content-Length': '14', 'Content-Type': 'application/json; charset=utf-8', 'cache-control': 'no-cache'})
DEBUG    selenium.webdriver.remote.remote_connection:remote_connection.py:468 Finished Request
DEBUG    selenium.webdriver.remote.remote_connection:remote_connection.py:406 POST http://localhost:58731/session/eaeb57ab0a4d1deb93b3eddb8c40d746/elements {'using': 'css selector', 'value': 'input.input_check'}
DEBUG    urllib3.connectionpool:connectionpool.py:544 http://localhost:58731 "POST /session/eaeb57ab0a4d1deb93b3eddb8c40d746/elements HTTP/1.1" 200 0
DEBUG    selenium.webdriver.remote.remote_connection:remote_connection.py:439 Remote response: status=200 | data={"value":[{"element-6066-11e4-a52e-4f735466cecf":"f.0F096117D60A7895949637AD6D71AD7B.d.1A3D9081484D1D0A874C76A7CACAE25A.e.118"},{"element-6066-11e4-a52e-4f735466cecf":"f.0F096117D60A7895949637AD6D71AD7B.d.1A3D9081484D1D0A874C76A7CACAE25A.e.119"},{"element-6066-11e4-a52e-4f735466cecf":"f.0F096117D60A7895949637AD6D71AD7B.d.1A3D9081484D1D0A874C76A7CACAE25A.e.120"},{"element-6066-11e4-a52e-4f735466cecf":"f.0F096117D60A7895949637AD6D71AD7B.d.1A3D9081484D1D0A874C76A7CACAE25A.e.99"},{"element-6066-11e4-a52e-4f735466cecf":"f.0F096117D60A7895949637AD6D71AD7B.d.1A3D9081484D1D0A874C76A7CACAE25A.e.100"},{"element-6066-11e4-a52e-4f735466cecf":"f.0F096117D60A7895949637AD6D71AD7B.d.1A3D9081484D1D0A874C76A7CACAE25A.e.101"},{"element-6066-11e4-a52e-4f735466cecf":"f.0F096117D60A7895949637AD6D71AD7B.d.1A3D9081484D1D0A874C76A7CACAE25A.e.102"},{"element-6066-11e4-a52e-4f735466cecf":"f.0F096117D60A7895949637AD6D71AD7B.d.1A3D9081484D1D0A874C76A7CACAE25A.e.103"},{"element-6066-11e4-a52e-4f735466cecf":"f.0F096117D60A7895949637AD6D71AD7B.d.1A3D9081484D1D0A874C76A7CACAE25A.e.104"},{"element-6066-11e4-a52e-4f735466cecf":"f.0F096117D60A7895949637AD6D71AD7B.d.1A3D9081484D1D0A874C76A7CACAE25A.e.105"},{"element-6066-11e4-a52e-4f735466cecf":"f.0F096117D60A7895949637AD6D71AD7B.d.1A3D9081484D1D0A874C76A7CACAE25A.e.106"}]} | headers=HTTPHeaderDict({'Content-Length': '1308', 'Content-Type': 'application/json; charset=utf-8', 'cache-control': 'no-cache'})
DEBUG    selenium.webdriver.remote.remote_connection:remote_connection.py:468 Finished Request
DEBUG    selenium.webdriver.remote.remote_connection:remote_connection.py:406 POST http://localhost:58731/session/eaeb57ab0a4d1deb93b3eddb8c40d746/execute/sync {'script': '/* isDisplayed */return ((function () {\n    var tagNameDescriptor = Object.getOwnPropertyDescriptor(...', 'args': [{'element-6066-11e4-a52e-4f735466cecf': 'f.0F096117D60A7895949637AD6D71AD7B.d.1A3D9081484D1D0A874C76A7CACAE25A.e.118'}]}
DEBUG    urllib3.connectionpool:connectionpool.py:544 http://localhost:58731 "POST /session/eaeb57ab0a4d1deb93b3eddb8c40d746/execute/sync HTTP/1.1" 200 0
DEBUG    selenium.webdriver.remote.remote_connection:remote_connection.py:439 Remote response: status=200 | data={"value":true} | headers=HTTPHeaderDict({'Content-Length': '14', 'Content-Type': 'application/json; charset=utf-8', 'cache-control': 'no-cache'})
DEBUG    selenium.webdriver.remote.remote_connection:remote_connection.py:468 Finished Request
DEBUG    selenium.webdriver.remote.remote_connection:remote_connection.py:406 POST http://localhost:58731/session/eaeb57ab0a4d1deb93b3eddb8c40d746/execute/sync {'script': '/* isDisplayed */return ((function () {\n    var tagNameDescriptor = Object.getOwnPropertyDescriptor(...', 'args': [{'element-6066-11e4-a52e-4f735466cecf': 'f.0F096117D60A7895949637AD6D71AD7B.d.1A3D9081484D1D0A874C76A7CACAE25A.e.119'}]}
DEBUG    urllib3.connectionpool:connectionpool.py:544 http://localhost:58731 "POST /session/eaeb57ab0a4d1deb93b3eddb8c40d746/execute/sync HTTP/1.1" 200 0
DEBUG    selenium.webdriver.remote.remote_connection:remote_connection.py:439 Remote response: status=200 | data={"value":true} | headers=HTTPHeaderDict({'Content-Length': '14', 'Content-Type': 'application/json; charset=utf-8', 'cache-control': 'no-cache'})
DEBUG    selenium.webdriver.remote.remote_connection:remote_connection.py:468 Finished Request
DEBUG    selenium.webdriver.remote.remote_connection:remote_connection.py:406 POST http://localhost:58731/session/eaeb57ab0a4d1deb93b3eddb8c40d746/execute/sync {'script': '/* isDisplayed */return ((function () {\n    var tagNameDescriptor = Object.getOwnPropertyDescriptor(...', 'args': [{'element-6066-11e4-a52e-4f735466cecf': 'f.0F096117D60A7895949637AD6D71AD7B.d.1A3D9081484D1D0A874C76A7CACAE25A.e.120'}]}
DEBUG    urllib3.connectionpool:connectionpool.py:544 http://localhost:58731 "POST /session/eaeb57ab0a4d1deb93b3eddb8c40d746/execute/sync HTTP/1.1" 200 0
DEBUG    selenium.webdriver.remote.remote_connection:remote_connection.py:439 Remote response: status=200 | data={"value":true} | headers=HTTPHeaderDict({'Content-Length': '14', 'Content-Type': 'application/json; charset=utf-8', 'cache-control': 'no-cache'})
DEBUG    selenium.webdriver.remote.remote_connection:remote_connection.py:468 Finished Request
DEBUG    selenium.webdriver.remote.remote_connection:remote_connection.py:406 POST http://localhost:58731/session/eaeb57ab0a4d1deb93b3eddb8c40d746/execute/sync {'script': '/* isDisplayed */return ((function () {\n    var tagNameDescriptor = Object.getOwnPropertyDescriptor(...', 'args': [{'element-6066-11e4-a52e-4f735466cecf': 'f.0F096117D60A7895949637AD6D71AD7B.d.1A3D9081484D1D0A874C76A7CACAE25A.e.99'}]}
DEBUG    urllib3.connectionpool:connectionpool.py:544 http://localhost:58731 "POST /session/eaeb57ab0a4d1deb93b3eddb8c40d746/execute/sync HTTP/1.1" 200 0
DEBUG    selenium.webdriver.remote.remote_connection:remote_connection.py:439 Remote response: status=200 | data={"value":false} | headers=HTTPHeaderDict({'Content-Length': '15', 'Content-Type': 'application/json; charset=utf-8', 'cache-control': 'no-cache'})
DEBUG    selenium.webdriver.remote.remote_connection:remote_connection.py:468 Finished Request
DEBUG    selenium.webdriver.remote.remote_connection:remote_connection.py:406 POST http://localhost:58731/session/eaeb57ab0a4d1deb93b3eddb8c40d746/execute/sync {'script': '/* isDisplayed */return ((function () {\n    var tagNameDescriptor = Object.getOwnPropertyDescriptor(...', 'args': [{'element-6066-11e4-a52e-4f735466cecf': 'f.0F096117D60A7895949637AD6D71AD7B.d.1A3D9081484D1D0A874C76A7CACAE25A.e.100'}]}
DEBUG    urllib3.connectionpool:connectionpool.py:544 http://localhost:58731 "POST /session/eaeb57ab0a4d1deb93b3eddb8c40d746/execute/sync HTTP/1.1" 200 0
DEBUG    selenium.webdriver.remote.remote_connection:remote_connection.py:439 Remote response: status=200 | data={"value":false} | headers=HTTPHeaderDict({'Content-Length': '15', 'Content-Type': 'application/json; charset=utf-8', 'cache-control': 'no-cache'})
DEBUG    selenium.webdriver.remote.remote_connection:remote_connection.py:468 Finished Request
DEBUG    selenium.webdriver.remote.remote_connection:remote_connection.py:406 POST http://localhost:58731/session/eaeb57ab0a4d1deb93b3eddb8c40d746/execute/sync {'script': '/* isDisplayed */return ((function () {\n    var tagNameDescriptor = Object.getOwnPropertyDescriptor(...', 'args': [{'element-6066-11e4-a52e-4f735466cecf': 'f.0F096117D60A7895949637AD6D71AD7B.d.1A3D9081484D1D0A874C76A7CACAE25A.e.101'}]}
DEBUG    urllib3.connectionpool:connectionpool.py:544 http://localhost:58731 "POST /session/eaeb57ab0a4d1deb93b3eddb8c40d746/execute/sync HTTP/1.1" 200 0
DEBUG    selenium.webdriver.remote.remote_connection:remote_connection.py:439 Remote response: status=200 | data={"value":false} | headers=HTTPHeaderDict({'Content-Length': '15', 'Content-Type': 'application/json; charset=utf-8', 'cache-control': 'no-cache'})
DEBUG    selenium.webdriver.remote.remote_connection:remote_connection.py:468 Finished Request
DEBUG    selenium.webdriver.remote.remote_connection:remote_connection.py:406 POST http://localhost:58731/session/eaeb57ab0a4d1deb93b3eddb8c40d746/execute/sync {'script': '/* isDisplayed */return ((function () {\n    var tagNameDescriptor = Object.getOwnPropertyDescriptor(...', 'args': [{'element-6066-11e4-a52e-4f735466cecf': 'f.0F096117D60A7895949637AD6D71AD7B.d.1A3D9081484D1D0A874C76A7CACAE25A.e.102'}]}
DEBUG    urllib3.connectionpool:connectionpool.py:544 http://localhost:58731 "POST /session/eaeb57ab0a4d1deb93b3eddb8c40d746/execute/sync HTTP/1.1" 200 0
DEBUG    selenium.webdriver.remote.remote_connection:remote_connection.py:439 Remote response: status=200 | data={"value":false} | headers=HTTPHeaderDict({'Content-Length': '15', 'Content-Type': 'application/json; charset=utf-8', 'cache-control': 'no-cache'})
DEBUG    selenium.webdriver.remote.remote_connection:remote_connection.py:468 Finished Request
DEBUG    selenium.webdriver.remote.remote_connection:remote_connection.py:406 POST http://localhost:58731/session/eaeb57ab0a4d1deb93b3eddb8c40d746/execute/sync {'script': '/* isDisplayed */return ((function () {\n    var tagNameDescriptor = Object.getOwnPropertyDescriptor(...', 'args': [{'element-6066-11e4-a52e-4f735466cecf': 'f.0F096117D60A7895949637AD6D71AD7B.d.1A3D9081484D1D0A874C76A7CACAE25A.e.103'}]}
DEBUG    urllib3.connectionpool:connectionpool.py:544 http://localhost:58731 "POST /session/eaeb57ab0a4d1deb93b3eddb8c40d746/execute/sync HTTP/1.1" 200 0
DEBUG    selenium.webdriver.remote.remote_connection:remote_connection.py:439 Remote response: status=200 | data={"value":false} | headers=HTTPHeaderDict({'Content-Length': '15', 'Content-Type': 'application/json; charset=utf-8', 'cache-control': 'no-cache'})
DEBUG    selenium.webdriver.remote.remote_connection:remote_connection.py:468 Finished Request
DEBUG    selenium.webdriver.remote.remote_connection:remote_connection.py:406 POST http://localhost:58731/session/eaeb57ab0a4d1deb93b3eddb8c40d746/execute/sync {'script': '/* isDisplayed */return ((function () {\n    var tagNameDescriptor = Object.getOwnPropertyDescriptor(...', 'args': [{'element-6066-11e4-a52e-4f735466cecf': 'f.0F096117D60A7895949637AD6D71AD7B.d.1A3D9081484D1D0A874C76A7CACAE25A.e.104'}]}
DEBUG    urllib3.connectionpool:connectionpool.py:544 http://localhost:58731 "POST /session/eaeb57ab0a4d1deb93b3eddb8c40d746/execute/sync HTTP/1.1" 200 0
DEBUG    selenium.webdriver.remote.remote_connection:remote_connection.py:439 Remote response: status=200 | data={"value":false} | headers=HTTPHeaderDict({'Content-Length': '15', 'Content-Type': 'application/json; charset=utf-8', 'cache-control': 'no-cache'})
DEBUG    selenium.webdriver.remote.remote_connection:remote_connection.py:468 Finished Request
DEBUG    selenium.webdriver.remote.remote_connection:remote_connection.py:406 POST http://localhost:58731/session/eaeb57ab0a4d1deb93b3eddb8c40d746/execute/sync {'script': '/* isDisplayed */return ((function () {\n    var tagNameDescriptor = Object.getOwnPropertyDescriptor(...', 'args': [{'element-6066-11e4-a52e-4f735466cecf': 'f.0F096117D60A7895949637AD6D71AD7B.d.1A3D9081484D1D0A874C76A7CACAE25A.e.105'}]}
DEBUG    urllib3.connectionpool:connectionpool.py:544 http://localhost:58731 "POST /session/eaeb57ab0a4d1deb93b3eddb8c40d746/execute/sync HTTP/1.1" 200 0
DEBUG    selenium.webdriver.remote.remote_connection:remote_connection.py:439 Remote response: status=200 | data={"value":false} | headers=HTTPHeaderDict({'Content-Length': '15', 'Content-Type': 'application/json; charset=utf-8', 'cache-control': 'no-cache'})
DEBUG    selenium.webdriver.remote.remote_connection:remote_connection.py:468 Finished Request
DEBUG    selenium.webdriver.remote.remote_connection:remote_connection.py:406 POST http://localhost:58731/session/eaeb57ab0a4d1deb93b3eddb8c40d746/execute/sync {'script': '/* isDisplayed */return ((function () {\n    var tagNameDescriptor = Object.getOwnPropertyDescriptor(...', 'args': [{'element-6066-11e4-a52e-4f735466cecf': 'f.0F096117D60A7895949637AD6D71AD7B.d.1A3D9081484D1D0A874C76A7CACAE25A.e.106'}]}
DEBUG    urllib3.connectionpool:connectionpool.py:544 http://localhost:58731 "POST /session/eaeb57ab0a4d1deb93b3eddb8c40d746/execute/sync HTTP/1.1" 200 0
DEBUG    selenium.webdriver.remote.remote_connection:remote_connection.py:439 Remote response: status=200 | data={"value":false} | headers=HTTPHeaderDict({'Content-Length': '15', 'Content-Type': 'application/json; charset=utf-8', 'cache-control': 'no-cache'})
DEBUG    selenium.webdriver.remote.remote_connection:remote_connection.py:468 Finished Request
DEBUG    selenium.webdriver.remote.remote_connection:remote_connection.py:406 GET http://localhost:58731/session/eaeb57ab0a4d1deb93b3eddb8c40d746/element/f.0F096117D60A7895949637AD6D71AD7B.d.1A3D9081484D1D0A874C76A7CACAE25A.e.118/selected {}
DEBUG    urllib3.connectionpool:connectionpool.py:544 http://localhost:58731 "GET /session/eaeb57ab0a4d1deb93b3eddb8c40d746/element/f.0F096117D60A7895949637AD6D71AD7B.d.1A3D9081484D1D0A874C76A7CACAE25A.e.118/selected HTTP/1.1" 200 0
DEBUG    selenium.webdriver.remote.remote_connection:remote_connection.py:439 Remote response: status=200 | data={"value":true} | headers=HTTPHeaderDict({'Content-Length': '14', 'Content-Type': 'application/json; charset=utf-8', 'cache-control': 'no-cache'})
DEBUG    selenium.webdriver.remote.remote_connection:remote_connection.py:468 Finished Request
DEBUG    selenium.webdriver.remote.remote_connection:remote_connection.py:406 POST http://localhost:58731/session/eaeb57ab0a4d1deb93b3eddb8c40d746/element/f.0F096117D60A7895949637AD6D71AD7B.d.1A3D9081484D1D0A874C76A7CACAE25A.e.118/click {}
DEBUG    urllib3.connectionpool:connectionpool.py:544 http://localhost:58731 "POST /session/eaeb57ab0a4d1deb93b3eddb8c40d746/element/f.0F096117D60A7895949637AD6D71AD7B.d.1A3D9081484D1D0A874C76A7CACAE25A.e.118/click HTTP/1.1" 200 0
DEBUG    selenium.webdriver.remote.remote_connection:remote_connection.py:439 Remote response: status=200 | data={"value":null} | headers=HTTPHeaderDict({'Content-Length': '14', 'Content-Type': 'application/json; charset=utf-8', 'cache-control': 'no-cache'})
DEBUG    selenium.webdriver.remote.remote_connection:remote_connection.py:468 Finished Request
DEBUG    selenium.webdriver.remote.remote_connection:remote_connection.py:406 GET http://localhost:58731/session/eaeb57ab0a4d1deb93b3eddb8c40d746/element/f.0F096117D60A7895949637AD6D71AD7B.d.1A3D9081484D1D0A874C76A7CACAE25A.e.119/selected {}
DEBUG    urllib3.connectionpool:connectionpool.py:544 http://localhost:58731 "GET /session/eaeb57ab0a4d1deb93b3eddb8c40d746/element/f.0F096117D60A7895949637AD6D71AD7B.d.1A3D9081484D1D0A874C76A7CACAE25A.e.119/selected HTTP/1.1" 200 0
DEBUG    selenium.webdriver.remote.remote_connection:remote_connection.py:439 Remote response: status=200 | data={"value":true} | headers=HTTPHeaderDict({'Content-Length': '14', 'Content-Type': 'application/json; charset=utf-8', 'cache-control': 'no-cache'})
DEBUG    selenium.webdriver.remote.remote_connection:remote_connection.py:468 Finished Request
DEBUG    selenium.webdriver.remote.remote_connection:remote_connection.py:406 POST http://localhost:58731/session/eaeb57ab0a4d1deb93b3eddb8c40d746/element/f.0F096117D60A7895949637AD6D71AD7B.d.1A3D9081484D1D0A874C76A7CACAE25A.e.119/click {}
DEBUG    urllib3.connectionpool:connectionpool.py:544 http://localhost:58731 "POST /session/eaeb57ab0a4d1deb93b3eddb8c40d746/element/f.0F096117D60A7895949637AD6D71AD7B.d.1A3D9081484D1D0A874C76A7CACAE25A.e.119/click HTTP/1.1" 200 0
DEBUG    selenium.webdriver.remote.remote_connection:remote_connection.py:439 Remote response: status=200 | data={"value":null} | headers=HTTPHeaderDict({'Content-Length': '14', 'Content-Type': 'application/json; charset=utf-8', 'cache-control': 'no-cache'})
DEBUG    selenium.webdriver.remote.remote_connection:remote_connection.py:468 Finished Request
DEBUG    selenium.webdriver.remote.remote_connection:remote_connection.py:406 GET http://localhost:58731/session/eaeb57ab0a4d1deb93b3eddb8c40d746/element/f.0F096117D60A7895949637AD6D71AD7B.d.1A3D9081484D1D0A874C76A7CACAE25A.e.120/selected {}
DEBUG    urllib3.connectionpool:connectionpool.py:544 http://localhost:58731 "GET /session/eaeb57ab0a4d1deb93b3eddb8c40d746/element/f.0F096117D60A7895949637AD6D71AD7B.d.1A3D9081484D1D0A874C76A7CACAE25A.e.120/selected HTTP/1.1" 200 0
DEBUG    selenium.webdriver.remote.remote_connection:remote_connection.py:439 Remote response: status=200 | data={"value":true} | headers=HTTPHeaderDict({'Content-Length': '14', 'Content-Type': 'application/json; charset=utf-8', 'cache-control': 'no-cache'})
DEBUG    selenium.webdriver.remote.remote_connection:remote_connection.py:468 Finished Request
DEBUG    selenium.webdriver.remote.remote_connection:remote_connection.py:406 POST http://localhost:58731/session/eaeb57ab0a4d1deb93b3eddb8c40d746/element/f.0F096117D60A7895949637AD6D71AD7B.d.1A3D9081484D1D0A874C76A7CACAE25A.e.120/click {}
DEBUG    urllib3.connectionpool:connectionpool.py:544 http://localhost:58731 "POST /session/eaeb57ab0a4d1deb93b3eddb8c40d746/element/f.0F096117D60A7895949637AD6D71AD7B.d.1A3D9081484D1D0A874C76A7CACAE25A.e.120/click HTTP/1.1" 200 0
DEBUG    selenium.webdriver.remote.remote_connection:remote_connection.py:439 Remote response: status=200 | data={"value":null} | headers=HTTPHeaderDict({'Content-Length': '14', 'Content-Type': 'application/json; charset=utf-8', 'cache-control': 'no-cache'})
DEBUG    selenium.webdriver.remote.remote_connection:remote_connection.py:468 Finished Request
DEBUG    selenium.webdriver.remote.remote_connection:remote_connection.py:406 POST http://localhost:58731/session/eaeb57ab0a4d1deb93b3eddb8c40d746/element {'using': 'css selector', 'value': 'button.button.emphasis'}
DEBUG    urllib3.connectionpool:connectionpool.py:544 http://localhost:58731 "POST /session/eaeb57ab0a4d1deb93b3eddb8c40d746/element HTTP/1.1" 200 0
DEBUG    selenium.webdriver.remote.remote_connection:remote_connection.py:439 Remote response: status=200 | data={"value":{"element-6066-11e4-a52e-4f735466cecf":"f.0F096117D60A7895949637AD6D71AD7B.d.1A3D9081484D1D0A874C76A7CACAE25A.e.121"}} | headers=HTTPHeaderDict({'Content-Length': '127', 'Content-Type': 'application/json; charset=utf-8', 'cache-control': 'no-cache'})
DEBUG    selenium.webdriver.remote.remote_connection:remote_connection.py:468 Finished Request
DEBUG    selenium.webdriver.remote.remote_connection:remote_connection.py:406 POST http://localhost:58731/session/eaeb57ab0a4d1deb93b3eddb8c40d746/actions {'actions': [{'type': 'pointer', 'parameters': {'pointerType': 'mouse'}, 'id': 'mouse', 'actions': [{'type': 'pointerMove', 'duration': 250, 'x': 0, 'y': 0, 'origin': {'element-6066-11e4-a52e-4f735466cecf': 'f.0F096117D60A7895949637AD6D71AD7B.d.1A3D9081484D1D0A874C76A7CACAE25A.e.121'}}, {'type': 'pointerDown', 'duration': 0, 'button': 0}, {'type': 'pointerUp', 'duration': 0, 'button': 0}]}, {'type': 'key', 'id': 'key', 'actions': [{'type': 'pause', 'duration': 0}, {'type': 'pause', 'duration': 0}, {'type': 'pause', 'duration': 0}]}]}
DEBUG    urllib3.connectionpool:connectionpool.py:544 http://localhost:58731 "POST /session/eaeb57ab0a4d1deb93b3eddb8c40d746/actions HTTP/1.1" 200 0
DEBUG    selenium.webdriver.remote.remote_connection:remote_connection.py:439 Remote response: status=200 | data={"value":null} | headers=HTTPHeaderDict({'Content-Length': '14', 'Content-Type': 'application/json; charset=utf-8', 'cache-control': 'no-cache'})
DEBUG    selenium.webdriver.remote.remote_connection:remote_connection.py:468 Finished Request
DEBUG    selenium.webdriver.remote.remote_connection:remote_connection.py:406 GET http://localhost:58731/session/eaeb57ab0a4d1deb93b3eddb8c40d746/source {}
DEBUG    urllib3.connectionpool:connectionpool.py:544 http://localhost:58731 "GET /session/eaeb57ab0a4d1deb93b3eddb8c40d746/source HTTP/1.1" 200 0
DEBUG    selenium.webdriver.remote.remote_connection:remote_connection.py:439 Remote response: status=200 | data={"value":"\u003Chtml lang=\"\" data-theme=\"light\" style=\"--compoents-checkbox-color: #3491FA; --compoents-radio-color: #3491FA; --compoents-pool-color: #3491FA; --compoents-advance-color: #3491FA; --appStore-text-color: #3491FA; --compoents-button-color: #3491FA; --compoents-tabSlider-color: #3491FA; --compoents-activebg-color: #3491FA; --el-page-color: #3491FA; --common-primary-bgColor: #3491FA; --common-active-bgColor: #2B81E2; --common-tint-bgColor: #E8F3FF; --common-tint-second-bgColor: #D5E9FF; --common-disable-bgColor: #C9CDD4;\">\u003Chead>\u003Cmeta charset=\"utf-8\">\u003Cmeta http-equiv=\"X-UA-Compatible\" content=\"IE=edge\">\u003Cmeta name=\"renderer\" content=\"webkit\">\u003Cmeta name=\"viewport\" content=\"width=device-width,initial-scale=0.4\">\u003Cmeta http-equiv=\"Content-Type\" content=\"text/html; charset=utf-8\">\u003Cmeta http-equiv=\"Pragma\" content=\"no-cache\">\u003Cmeta http-equiv=\"Cache-Control\" content=\"no-cache, must-revalidate\">\u003Cmeta http-equiv=\"Expires\" content=\"0\">\u003Clink rel=\"shortcut icon\" href=\"./tos.ico?v=tos6\" sizes=\"48x48\">\u003Clink rel=\"shortcut icon\" href=\"./tos.ico?v=tos6\" sizes=\"32x32\">\u003Clink rel=\"shortcut icon\" href=\"./tos.svg?v=tos6\">\u003Ctitle>TNAS\u003C/title>\u003Cstyle>.overBody {\n            overflow: hidden;\n        }\u003C/style>\u003Clink href=\"css/chunk-vendors.62c5fb31.css\" rel=\"stylesheet\">\u003Clink href=\"css/app.2a90e497.css\" rel=\"stylesheet\">\u003Cstyle type=\"text/css\">\nmicro-app, micro-app-body { display: block; } \nmicro-app-head { display: none; }\u003C/style>\u003Cscript charset=\"utf-8\" src=\"js/chunk-2d0be333.dd089ebb.js\">\u003C/script>\u003Clink rel=\"stylesheet\" type=\"text/css\" href=\"css/login.457bffb0.css\">\u003Cscript charset=\"utf-8\" src=\"js/login.f4fcf04d.js\">\u003C/script>\u003Clink rel=\"stylesheet\" type=\"text/css\" href=\"css/chunk-ec20d398.89e99e93.css\">\u003Cscript charset=\"utf-8\" src=\"js/chunk-ec20d398.e87325dd.js\">\u003C/script>\u003Clink rel=\"stylesheet\" type=\"text/css\" href=\"css/desktop.97a623f9.css\">\u003Cscript charset=\"utf-8\" src=\"js/desktop.f21fd5e8.js\">\u003C/script>\u003Clink rel=\"stylesheet\" type=\"text/css\" href=\"css/chunk-48ce7c9d.0329c0c8.css\">\u003Cscript charset=\"utf-8\" src=\"js/chunk-48ce7c9d.b1e8981c.js\">\u003C/script>\u003Clink rel=\"stylesheet\" type=\"text/css\" href=\"css/chunk-783d3707.6a1f8ed8.css\">\u003Cscript charset=\"utf-8\" src=\"js/chunk-783d3707.018e34fa.js\">\u003C/script>\u003Clink rel=\"stylesheet\" type=\"text/css\" href=\"css/chunk-47c240c8.20768276.css\">\u003Cscript charset=\"utf-8\" src=\"js/chunk-47c240c8.543cc93d.js\">\u003C/script>\u003Clink rel=\"stylesheet\" type=\"text/css\" href=\"css/global-comp-x-contextmenus-vue.38a3c294.css\">\u003Cscript charset=\"utf-8\" src=\"js/global-comp-x-contextmenus-vue.24a3a269.js\">\u003C/script>\u003Clink rel=\"stylesheet\" type=\"text/css\" href=\"css/chunk-2e5a1ee0.32e1d662.css\">\u003Cscript charset=\"utf-8\" src=\"js/chunk-2e5a1ee0.fe80c796.js\">\u003C/script>\u003Clink rel=\"stylesheet\" type=\"text/css\" href=\"css/chunk-30323ef2.062b5462.css\">\u003Cscript charset=\"utf-8\" src=\"js/chunk-30323ef2.b96b678c.js\">\u003C/script>\u003Cscript charset=\"utf-8\" src=\"js/chunk-0cd8ea92.58295ac8.js\">\u003C/script>\u003Clink rel=\"stylesheet\" type=\"text/css\" href=\"css/chunk-6de1666a.dc471a4a.css\">\u003Cscript charset=\"utf-8\" src=\"js/chunk-6de1666a.bb6f8c48.js\">\u003C/script>\u003Clink rel=\"stylesheet\" type=\"text/css\" href=\"css/chunk-f4268e08.053130e1.css\">\u003Cscript charset=\"utf-8\" src=\"js/chunk-f4268e08.42c59548.js\">\u003C/script>\u003Cstyle type=\"text/css\">.vue-grid-item{-webkit-transition:all .2s ease;transition:all .2s ease;-webkit-transition-property:left,top,right;transition-property:left,top,right}.vue-grid-item.no-touch{-ms-touch-action:none;touch-action:none}.vue-grid-item.cssTransforms{-webkit-transition-property:-webkit-transform;transition-property:-webkit-transform;transition-property:transform;transition-property:transform,-webkit-transform;left:0;right:auto}.vue-grid-item.cssTransforms.render-rtl{left:auto;right:0}.vue-grid-item.resizing{opacity:.6;z-index:3}.vue-grid-item.vue-draggable-dragging{-webkit-transition:none;transition:none;z-index:3}.vue-grid-item.vue-grid-placeholder{background:red;opacity:.2;-webkit-transition-duration:.1s;transition-duration:.1s;z-index:2;-webkit-user-select:none;-moz-user-select:none;-ms-user-select:none;-o-user-select:none;user-select:none}.vue-grid-item>.vue-resizable-handle{position:absolute;width:20px;height:20px;bottom:0;right:0;background:url(\"data:image/svg+xml;base64,PHN2ZyBzdHlsZT0iYmFja2dyb3VuZC1jb2xvcjojZmZmZmZmMDAiIHhtbG5zPSJodHRwOi8vd3d3LnczLm9yZy8yMDAwL3N2ZyIgd2lkdGg9IjYiIGhlaWdodD0iNiI+PHBhdGggZD0iTTYgNkgwVjQuMmg0LjJWMEg2djZ6IiBvcGFjaXR5PSIuMzAyIi8+PC9zdmc+\");background-position:100% 100%;padding:0 3px 3px 0;background-repeat:no-repeat;background-origin:content-box;-webkit-box-sizing:border-box;box-sizing:border-box;cursor:se-resize}.vue-grid-item>.vue-rtl-resizable-handle{bottom:0;left:0;background:url(data:image/svg+xml;base64,PHN2ZyB3aWR0aD0iMTAiIGhlaWdodD0iMTAiIHhtbG5zPSJodHRwOi8vd3d3LnczLm9yZy8yMDAwL3N2ZyI+PHBhdGggZmlsbD0ibm9uZSIgZD0iTS0xLTFoMTJ2MTJILTF6Ii8+PGc+PHBhdGggc3Ryb2tlLWxpbmVjYXA9InVuZGVmaW5lZCIgc3Ryb2tlLWxpbmVqb2luPSJ1bmRlZmluZWQiIHN0cm9rZS13aWR0aD0iMS41IiBzdHJva2U9IiMwMDAiIGZpbGw9Im5vbmUiIGQ9Ik0xNDQuODIxLTM4LjM5M2wtMjAuMzU3LTMxLjc4NSIvPjxwYXRoIHN0cm9rZT0iIzY2NiIgc3Ryb2tlLWxpbmVjYXA9InVuZGVmaW5lZCIgc3Ryb2tlLWxpbmVqb2luPSJ1bmRlZmluZWQiIHN0cm9rZS13aWR0aD0iMiIgZmlsbD0ibm9uZSIgZD0iTS45NDctLjAxOHY5LjEyNU0tLjY1NiA5aDEwLjczIi8+PC9nPjwvc3ZnPg==);background-position:0 100%;padding-left:3px;background-repeat:no-repeat;background-origin:content-box;cursor:sw-resize;right:auto}.vue-grid-item.disable-userselect{-webkit-user-select:none;-moz-user-select:none;-ms-user-select:none;user-select:none}\u003C/style>\u003Cstyle type=\"text/css\">.vue-grid-layout{position:relative;-webkit-transition:height .2s ease;transition:height .2s ease}\u003C/style>\u003Clink rel=\"stylesheet\" type=\"text/css\" href=\"css/chunk-0ae556f8.ee9a29a3.css\">\u003Cscript charset=\"utf-8\" src=\"js/chunk-0ae556f8.0922d40c.js\">\u003C/script>\u003Cstyle id=\"erd_scroll_detection_scrollbar_style\">/* Created by the element-resize-detector library. */\n.erd_scroll_detection_container > div::-webkit-scrollbar { display: none; }\n\n.erd_scroll_detection_container_animation_active { -webkit-animation-duration: 0.1s; animation-duration: 0.1s; -webkit-animation-name: erd_scroll_detection_container_animation; animation-name: erd_scroll_detection_container_animation; }\n@-webkit-keyframes erd_scroll_detection_container_animation { 0% { opacity: 1; } 50% { opacity: 0; } 100% { opacity: 1; } }\n@keyframes erd_scroll_detection_container_animation { 0% { opacity: 1; } 50% { opacity: 0; } 100% { opacity: 1; } }\u003C/style>\u003Clink rel=\"stylesheet\" type=\"text/css\" href=\"css/chunk-363946a2.24b944f7.css\">\u003Cscript charset=\"utf-8\" src=\"js/chunk-363946a2.15da972b.js\">\u003C/script>\u003Clink rel=\"stylesheet\" type=\"text/css\" href=\"css/chunk-fb52fa52.1335c53b.css\">\u003Cscript charset=\"utf-8\" src=\"js/chunk-fb52fa52.c2bad134.js\">\u003C/script>\u003Clink rel=\"stylesheet\" type=\"text/css\" href=\"css/chunk-187ea536.9931a71e.css\">\u003Cscript charset=\"utf-8\" src=\"js/chunk-187ea536.872a2a3f.js\">\u003C/script>\u003Clink rel=\"stylesheet\" type=\"text/css\" href=\"css/global-comp-x-tab-index-vue.08cbf766.css\">\u003Cscript charset=\"utf-8\" src=\"js/global-comp-x-tab-index-vue.7f68811d.js\">\u003C/script>\u003Clink rel=\"stylesheet\" type=\"text/css\" href=\"css/chunk-fb35c328.7f46e022.css\">\u003Cscript charset=\"utf-8\" src=\"js/chunk-fb35c328.a6813529.js\">\u003C/script>\u003Clink rel=\"stylesheet\" type=\"text/css\" href=\"css/chunk-36fbb7b8.25954ced.css\">\u003Cscript charset=\"utf-8\" src=\"js/chunk-36fbb7b8.5b487b09.js\">\u003C/script>\u003Clink rel=\"stylesheet\" type=\"text/css\" href=\"css/chunk-c902408e.1597a32d.css\">\u003Cscript charset=\"utf-8\" src=\"js/chunk-c902408e.4f5f47d7.js\">\u003C/script>\u003C/head>\u003Cbody class=\"overBody\" style=\"position: relative;\">\u003Csvg aria-hidden=\"true\" style=\"position: absolute; width: 0px; height: 0px; overflow: hidden;\">\u003Csymbol id=\"iconsocks\" viewBox=\"0 0 1024 1024\">\u003Cpath d=\"M889.002667 1024H134.997333A135.210667 135.210667 0 0 1 0 889.002667V134.997333A135.210667 135.210667 0 0 1 134.997333 0h754.005334A135.210667 135.210667 0 0 1 1024 134.997333v754.005334A135.210667 135.210667 0 0 1 889.002667 1024zM134.997333 90.026667c-24.789333 0-45.013333 20.181333-45.013333 44.970666v754.005334c0 24.789333 20.224 45.013333 45.013333 45.013333h754.005334c24.789333 0 45.013333-20.224 45.013333-45.013333V134.997333c0-24.789333-20.224-45.013333-45.013333-45.013333H134.997333z\">\u003C/path>\u003Cpath d=\"M45.013333 331.989333h933.973334v90.026667H45.013333V331.946667zM230.997333 210.986667q0 2.474667-0.256 4.906666-0.213333 2.432-0.682666 4.864-0.512 2.389333-1.194667 4.736-0.725333 2.389333-1.706667 4.650667-0.896 2.261333-2.048 4.437333-1.152 2.133333-2.56 4.181334-1.322667 2.048-2.901333 3.968-1.536 1.877333-3.285333 3.626666-1.706667 1.706667-3.626667 3.285334-1.92 1.578667-3.968 2.944-2.048 1.365333-4.181333 2.517333-2.176 1.152-4.437334 2.090667-2.304 0.938667-4.650666 1.664-2.346667 0.682667-4.736 1.194666-2.432 0.426667-4.864 0.725334-2.432 0.213333-4.906667 0.213333-2.432 0-4.906667-0.213333-2.432-0.256-4.821333-0.725334-2.432-0.512-4.778667-1.194666-2.346667-0.725333-4.608-1.664t-4.437333-2.133334q-2.176-1.109333-4.224-2.474666-2.048-1.365333-3.925333-2.944-1.92-1.536-3.626667-3.285334-1.749333-1.706667-3.328-3.626666-1.536-1.92-2.901333-3.968-1.365333-2.005333-2.56-4.181334-1.109333-2.176-2.048-4.437333-0.981333-2.261333-1.706667-4.650667-0.682667-2.346667-1.152-4.736-0.469333-2.432-0.725333-4.864-0.256-2.432-0.256-4.906666 0-2.432 0.256-4.906667 0.256-2.432 0.725333-4.821333 0.469333-2.432 1.194667-4.778667 0.682667-2.346667 1.664-4.608 0.938667-2.261333 2.090666-4.437333 1.152-2.133333 2.517334-4.224 1.365333-2.048 2.901333-3.925334 1.578667-1.92 3.328-3.626666 1.706667-1.749333 3.626667-3.328 1.877333-1.536 3.925333-2.901334 2.048-1.365333 4.224-2.56 2.133333-1.109333 4.437333-2.048 2.261333-0.938667 4.608-1.706666 2.346667-0.682667 4.778667-1.152 2.389333-0.469333 4.821333-0.725334 2.474667-0.256 4.906667-0.256 2.474667 0 4.906667 0.256t4.864 0.725334q2.389333 0.469333 4.736 1.194666t4.650666 1.664q2.261333 0.938667 4.437334 2.090667 2.133333 1.152 4.181333 2.517333t3.968 2.901334q1.877333 1.578667 3.626667 3.328 1.706667 1.706667 3.285333 3.626666 1.578667 1.877333 2.944 3.925334 1.365333 2.048 2.517333 4.224 1.152 2.133333 2.090667 4.437333 0.938667 2.261333 1.664 4.608 0.682667 2.346667 1.194667 4.778667 0.426667 2.389333 0.682666 4.821333 0.256 2.474667 0.256 4.906667zM371.029333 210.986667q0 2.474667-0.256 4.906666-0.256 2.474667-0.725333 4.864-0.469333 2.432-1.194667 4.778667-0.682667 2.346667-1.621333 4.608-0.981333 2.261333-2.133333 4.437333-1.152 2.133333-2.517334 4.224-1.365333 2.048-2.901333 3.925334-1.578667 1.92-3.328 3.669333-1.706667 1.706667-3.626667 3.285333-1.877333 1.536-3.925333 2.901334-2.048 1.365333-4.224 2.56-2.133333 1.152-4.437333 2.090666-2.261333 0.938667-4.608 1.664-2.346667 0.682667-4.778667 1.152-2.389333 0.512-4.864 0.725334-2.432 0.256-4.906667 0.256-2.432 0-4.864-0.256-2.474667-0.213333-4.864-0.725334-2.432-0.426667-4.778666-1.152t-4.608-1.706666q-2.261333-0.896-4.437334-2.048-2.176-1.194667-4.224-2.56-2.048-1.365333-3.925333-2.901334-1.92-1.578667-3.669333-3.285333-1.706667-1.749333-3.285334-3.669333-1.536-1.877333-2.901333-3.925334-1.365333-2.048-2.56-4.224-1.152-2.133333-2.090667-4.437333-0.938667-2.261333-1.621333-4.608-0.725333-2.346667-1.194667-4.778667-0.512-2.389333-0.725333-4.864-0.256-2.432-0.256-4.906666 0-2.432 0.256-4.906667 0.213333-2.432 0.725333-4.821333 0.426667-2.432 1.194667-4.778667 0.682667-2.346667 1.621333-4.608 0.938667-2.304 2.133334-4.437333 1.152-2.176 2.517333-4.266667 1.365333-2.005333 2.901333-3.925333 1.578667-1.877333 3.285334-3.626667 1.749333-1.706667 3.669333-3.285333 1.877333-1.578667 3.925333-2.944 2.048-1.365333 4.224-2.517334 2.133333-1.152 4.437334-2.133333 2.261333-0.896 4.608-1.621333 2.346667-0.725333 4.778666-1.194667 2.389333-0.469333 4.864-0.725333 2.432-0.213333 4.864-0.213334 2.474667 0 4.906667 0.213334 2.474667 0.256 4.864 0.725333 2.432 0.469333 4.778667 1.194667t4.608 1.664q2.261333 0.938667 4.437333 2.133333 2.133333 1.109333 4.224 2.474667 2.048 1.365333 3.925333 2.944 1.92 1.536 3.626667 3.285333 1.749333 1.706667 3.328 3.626667 1.536 1.92 2.901333 3.968 1.365333 2.048 2.56 4.224 1.109333 2.133333 2.090667 4.437333 0.938667 2.261333 1.621333 4.608 0.725333 2.346667 1.194667 4.778667 0.469333 2.389333 0.725333 4.821333 0.256 2.474667 0.256 4.906667zM411.008 210.986667a50.005333 50.005333 0 1 0 100.010667 0.128 50.005333 50.005333 0 0 0-100.010667-0.128z\">\u003C/path>\u003Cpath d=\"M121.386667 613.973333q0-14.933333 7.381333-26.538666 7.338667-11.648 21.205333-18.133334 13.866667-6.528 32.64-6.528 23.893333 0 39.253334 9.514667 15.36 9.472 21.12 27.605333l-26.666667 12.373334q-4.053333-10.453333-11.818667-15.786667-7.808-5.333333-21.034666-5.333333-14.293333 0-21.418667 5.461333-7.168 5.418667-7.168 15.872 0 10.026667 7.466667 15.36t26.24 8.746667q30.08 5.333333 43.733333 18.56 13.653333 13.226667 13.653333 36.693333 0 15.36-8.234666 27.648-8.192 12.245333-23.04 19.072-14.805333 6.826667-33.578667 6.826667-26.026667 0-43.306667-10.666667-17.28-10.666667-23.04-30.293333l26.88-12.586667q3.84 12.373333 13.866667 18.773333 10.026667 6.4 25.386667 6.4t23.338666-6.272q8.021333-6.314667 8.021334-18.048 0-11.093333-8.448-17.493333-8.405333-6.4-29.098667-10.24-27.306667-4.906667-40.32-17.493333-13.013333-12.586667-13.013333-33.493334zM345.6 745.386667q-23.68 0-42.026667-11.52-18.346667-11.52-28.586666-32.213334-10.24-20.693333-10.24-47.573333t10.24-47.573333q10.24-20.693333 28.586666-32.213334 18.346667-11.52 42.026667-11.52 23.68 0 42.112 11.52 18.474667 11.52 28.586667 32.213334 10.154667 20.693333 10.154666 47.573333t-10.154666 47.573333q-10.112 20.693333-28.586667 32.213334-18.432 11.52-42.112 11.52z m0-27.306667q13.866667 0 24.746667-7.978667 10.88-8.021333 16.853333-22.613333 5.973333-14.634667 5.973333-33.408 0-18.986667-5.973333-33.493333t-16.853333-22.485334q-10.88-8.021333-24.746667-8.021333-13.866667 0-24.618667 8.021333-10.794667 7.978667-16.768 22.485334t-5.973333 33.493333q0 18.773333 5.973333 33.408 5.973333 14.592 16.768 22.613333 10.752 7.978667 24.618667 7.978667z m183.253333 0q29.013333 0 37.546667-27.946667l27.52 12.8q-5.76 19.84-22.613333 31.146667-16.853333 11.306667-41.813334 11.306667-23.893333 0-42.453333-11.392-18.56-11.434667-28.8-32.128-10.24-20.693333-10.24-47.786667 0-26.88 10.24-47.573333t28.8-32.213334q18.56-11.52 42.453333-11.52 24.96 0 41.813334 11.221334 16.853333 11.178667 22.613333 31.018666l-27.52 13.013334q-8.533333-27.946667-37.546667-27.946667-13.866667 0-24.661333 8.021333-10.752 7.978667-16.725333 22.485334t-5.973334 33.493333q0 18.986667 5.973334 33.493333t16.725333 22.528q10.794667 7.978667 24.661333 7.978667z m189.013334 24.32l-67.626667-88.32v88.32h-33.493333v-176.853333h33.493333v79.36l61.44-79.36h40.106667l-68.053334 83.2 75.52 93.653333h-41.386666z m55.466666-128.426667q0-14.933333 7.381334-26.538666 7.338667-11.648 21.205333-18.133334 13.866667-6.528 32.64-6.528 23.893333 0 39.253333 9.514667 15.36 9.472 21.12 27.605333l-26.666666 12.373334q-4.053333-10.453333-11.818667-15.786667-7.808-5.333333-21.034667-5.333333-14.293333 0-21.461333 5.461333-7.125333 5.418667-7.125333 15.872 0 10.026667 7.466666 15.36t26.24 8.746667q30.08 5.333333 43.733334 18.56 13.653333 13.226667 13.653333 36.693333 0 15.36-8.234667 27.648-8.192 12.245333-23.04 19.072-14.805333 6.826667-33.578666 6.826667-26.026667 0-43.306667-10.666667-17.28-10.666667-23.04-30.293333l26.88-12.586667q3.84 12.373333 13.866667 18.773333 10.026667 6.4 25.386666 6.4t23.338667-6.272q8.021333-6.314667 8.021333-18.048 0-11.093333-8.448-17.493333-8.405333-6.4-29.098666-10.24-27.306667-4.906667-40.32-17.493333-13.013333-12.586667-13.013334-33.493334z\">\u003C/path>\u003C/symbol>\u003Csymbol id=\"iconhttp\" viewBox=\"0 0 1024 1024\">\u003Cpath d=\"M889.002667 1024H134.997333A135.210667 135.210667 0 0 1 0 889.002667V134.997333A135.210667 135.210667 0 0 1 134.997333 0h754.005334A135.210667 135.210667 0 0 1 1024 134.997333v754.005334A135.210667 135.210667 0 0 1 889.002667 1024zM134.997333 90.026667c-24.789333 0-45.013333 20.181333-45.013333 44.970666v754.005334c0 24.789333 20.224 45.013333 45.013333 45.013333h754.005334c24.789333 0 45.013333-20.224 45.013333-45.013333V134.997333c0-24.789333-20.224-45.013333-45.013333-45.013333H134.997333z\">\u003C/path>\u003Cpath d=\"M45.013333 331.989333h933.973334v90.026667H45.013333V331.946667zM230.997333 210.986667q0 2.474667-0.256 4.906666-0.213333 2.432-0.682666 4.864-0.512 2.389333-1.194667 4.736-0.725333 2.389333-1.706667 4.650667-0.896 2.261333-2.048 4.437333-1.152 2.133333-2.56 4.181334-1.322667 2.048-2.901333 3.968-1.536 1.877333-3.285333 3.626666-1.706667 1.706667-3.626667 3.285334-1.92 1.578667-3.968 2.944-2.048 1.365333-4.181333 2.517333-2.176 1.152-4.437334 2.090667-2.304 0.938667-4.650666 1.664-2.346667 0.682667-4.736 1.194666-2.432 0.426667-4.864 0.725334-2.432 0.213333-4.906667 0.213333-2.432 0-4.906667-0.213333-2.432-0.256-4.821333-0.725334-2.432-0.512-4.778667-1.194666-2.346667-0.725333-4.608-1.664t-4.437333-2.133334q-2.176-1.109333-4.224-2.474666-2.048-1.365333-3.925333-2.944-1.92-1.536-3.626667-3.285334-1.749333-1.706667-3.328-3.626666-1.536-1.92-2.901333-3.968-1.365333-2.005333-2.56-4.181334-1.109333-2.176-2.048-4.437333-0.981333-2.261333-1.706667-4.650667-0.682667-2.346667-1.152-4.736-0.469333-2.432-0.725333-4.864-0.256-2.432-0.256-4.906666 0-2.432 0.256-4.906667 0.256-2.432 0.725333-4.821333 0.469333-2.432 1.194667-4.778667 0.682667-2.346667 1.664-4.608 0.938667-2.261333 2.090666-4.437333 1.152-2.133333 2.517334-4.224 1.365333-2.048 2.901333-3.925334 1.578667-1.92 3.328-3.626666 1.706667-1.749333 3.626667-3.328 1.877333-1.536 3.925333-2.901334 2.048-1.365333 4.224-2.56 2.133333-1.109333 4.437333-2.048 2.261333-0.938667 4.608-1.706666 2.346667-0.682667 4.778667-1.152 2.389333-0.469333 4.821333-0.725334 2.474667-0.256 4.906667-0.256 2.474667 0 4.906667 0.256t4.864 0.725334q2.389333 0.469333 4.736 1.194666t4.650666 1.664q2.261333 0.938667 4.437334 2.090667 2.133333 1.152 4.181333 2.517333t3.968 2.901334q1.877333 1.578667 3.626667 3.328 1.706667 1.706667 3.285333 3.626666 1.578667 1.877333 2.944 3.925334 1.365333 2.048 2.517333 4.224 1.152 2.133333 2.090667 4.437333 0.938667 2.261333 1.664 4.608 0.682667 2.346667 1.194667 4.778667 0.426667 2.389333 0.682666 4.821333 0.256 2.474667 0.256 4.906667zM371.029333 210.986667q0 2.474667-0.256 4.906666-0.256 2.474667-0.725333 4.864-0.469333 2.432-1.194667 4.778667-0.682667 2.346667-1.621333 4.608-0.981333 2.261333-2.133333 4.437333-1.152 2.133333-2.517334 4.224-1.365333 2.048-2.901333 3.925334-1.578667 1.92-3.328 3.669333-1.706667 1.706667-3.626667 3.285333-1.877333 1.536-3.925333 2.901334-2.048 1.365333-4.224 2.56-2.133333 1.152-4.437333 2.090666-2.261333 0.938667-4.608 1.664-2.346667 0.682667-4.778667 1.152-2.389333 0.512-4.864 0.725334-2.432 0.256-4.906667 0.256-2.432 0-4.864-0.256-2.474667-0.213333-4.864-0.725334-2.432-0.426667-4.778666-1.152t-4.608-1.706666q-2.261333-0.896-4.437334-2.048-2.176-1.194667-4.224-2.56-2.048-1.365333-3.925333-2.901334-1.92-1.578667-3.669333-3.285333-1.706667-1.749333-3.285334-3.669333-1.536-1.877333-2.901333-3.925334-1.365333-2.048-2.56-4.224-1.152-2.133333-2.090667-4.437333-0.938667-2.261333-1.621333-4.608-0.725333-2.346667-1.194667-4.778667-0.512-2.389333-0.725333-4.864-0.256-2.432-0.256-4.906666 0-2.432 0.256-4.906667 0.213333-2.432 0.725333-4.821333 0.426667-2.432 1.194667-4.778667 0.682667-2.346667 1.621333-4.608 0.938667-2.304 2.133334-4.437333 1.152-2.176 2.517333-4.266667 1.365333-2.005333 2.901333-3.925333 1.578667-1.877333 3.285334-3.626667 1.749333-1.706667 3.669333-3.285333 1.877333-1.578667 3.925333-2.944 2.048-1.365333 4.224-2.517334 2.133333-1.152 4.437334-2.133333 2.261333-0.896 4.608-1.621333 2.346667-0.725333 4.778666-1.194667 2.389333-0.469333 4.864-0.725333 2.432-0.213333 4.864-0.213334 2.474667 0 4.906667 0.213334 2.474667 0.256 4.864 0.725333 2.432 0.469333 4.778667 1.194667t4.608 1.664q2.261333 0.938667 4.437333 2.133333 2.133333 1.109333 4.224 2.474667 2.048 1.365333 3.925333 2.944 1.92 1.536 3.626667 3.285333 1.749333 1.706667 3.328 3.626667 1.536 1.92 2.901333 3.968 1.365333 2.048 2.56 4.224 1.109333 2.133333 2.090667 4.437333 0.938667 2.261333 1.621333 4.608 0.725333 2.346667 1.194667 4.778667 0.469333 2.389333 0.725333 4.821333 0.256 2.474667 0.256 4.906667zM411.008 210.986667a50.005333 50.005333 0 1 0 100.010667 0.128 50.005333 50.005333 0 0 0-100.010667-0.128z\">\u003C/path>\u003Cpath d=\"M331.52 565.546667V742.4h-33.493333v-78.72H220.586667V742.4h-33.493334v-176.853333h33.493334V635.733333h77.44v-70.186666h33.493333z m173.013333 28.16h-46.506666V742.4H424.533333v-148.693333H377.813333v-28.16h126.72v28.16z m165.546667 0h-46.506667V742.4h-33.493333v-148.693333h-46.72v-28.16h126.72v28.16z m169.386667 29.44q0 17.066667-7.253334 30.08-7.253333 13.013333-20.352 20.266666-13.141333 7.253333-30.421333 7.253334h-31.36V742.4h-33.493333v-176.853333h64.853333q17.28 0 30.421333 7.253333 13.098667 7.253333 20.352 20.266667 7.253333 13.013333 7.253334 30.08z m-33.493334 0q0-15.146667-8.32-23.253334-8.32-8.106667-23.68-8.106666h-23.893333v62.72h23.893333q15.36 0 23.68-8.106667 8.32-8.106667 8.32-23.253333z\">\u003C/path>\u003C/symbol>\u003Csymbol id=\"iconhttps\" viewBox=\"0 0 1024 1024\">\u003Cpath d=\"M889.002667 1024H134.997333A135.210667 135.210667 0 0 1 0 889.002667V134.997333A135.210667 135.210667 0 0 1 134.997333 0h754.005334A135.210667 135.210667 0 0 1 1024 134.997333v754.005334A135.210667 135.210667 0 0 1 889.002667 1024zM134.997333 90.026667c-24.789333 0-45.013333 20.181333-45.013333 44.970666v754.005334c0 24.789333 20.224 45.013333 45.013333 45.013333h754.005334c24.789333 0 45.013333-20.224 45.013333-45.013333V134.997333c0-24.789333-20.224-45.013333-45.013333-45.013333H134.997333z\">\u003C/path>\u003Cpath d=\"M45.013333 331.989333h933.973334v90.026667H45.013333V331.946667zM230.997333 210.986667q0 2.474667-0.256 4.906666-0.213333 2.432-0.682666 4.864-0.512 2.389333-1.194667 4.736-0.725333 2.389333-1.706667 4.650667-0.896 2.261333-2.048 4.437333-1.152 2.133333-2.56 4.181334-1.322667 2.048-2.901333 3.968-1.536 1.877333-3.285333 3.626666-1.706667 1.706667-3.626667 3.285334-1.92 1.578667-3.968 2.944-2.048 1.365333-4.181333 2.517333-2.176 1.152-4.437334 2.090667-2.304 0.938667-4.650666 1.664-2.346667 0.682667-4.736 1.194666-2.432 0.426667-4.864 0.725334-2.432 0.213333-4.906667 0.213333-2.432 0-4.906667-0.213333-2.432-0.256-4.821333-0.725334-2.432-0.512-4.778667-1.194666-2.346667-0.725333-4.608-1.664t-4.437333-2.133334q-2.176-1.109333-4.224-2.474666-2.048-1.365333-3.925333-2.944-1.92-1.536-3.626667-3.285334-1.749333-1.706667-3.328-3.626666-1.536-1.92-2.901333-3.968-1.365333-2.005333-2.56-4.181334-1.109333-2.176-2.048-4.437333-0.981333-2.261333-1.706667-4.650667-0.682667-2.346667-1.152-4.736-0.469333-2.432-0.725333-4.864-0.256-2.432-0.256-4.906666 0-2.432 0.256-4.906667 0.256-2.432 0.725333-4.821333 0.469333-2.432 1.194667-4.778667 0.682667-2.346667 1.664-4.608 0.938667-2.261333 2.090666-4.437333 1.152-2.133333 2.517334-4.224 1.365333-2.048 2.901333-3.925334 1.578667-1.92 3.328-3.626666 1.706667-1.749333 3.626667-3.328 1.877333-1.536 3.925333-2.901334 2.048-1.365333 4.224-2.56 2.133333-1.109333 4.437333-2.048 2.261333-0.938667 4.608-1.706666 2.346667-0.682667 4.778667-1.152 2.389333-0.469333 4.821333-0.725334 2.474667-0.256 4.906667-0.256 2.474667 0 4.906667 0.256t4.864 0.725334q2.389333 0.469333 4.736 1.194666t4.650666 1.664q2.261333 0.938667 4.437334 2.090667 2.133333 1.152 4.181333 2.517333t3.968 2.901334q1.877333 1.578667 3.626667 3.328 1.706667 1.706667 3.285333 3.626666 1.578667 1.877333 2.944 3.925334 1.365333 2.048 2.517333 4.224 1.152 2.133333 2.090667 4.437333 0.938667 2.261333 1.664 4.608 0.682667 2.346667 1.194667 4.778667 0.426667 2.389333 0.682666 4.821333 0.256 2.474667 0.256 4.906667zM371.029333 210.986667q0 2.474667-0.256 4.906666-0.256 2.474667-0.725333 4.864-0.469333 2.432-1.194667 4.778667-0.682667 2.346667-1.621333 4.608-0.981333 2.261333-2.133333 4.437333-1.152 2.133333-2.517334 4.224-1.365333 2.048-2.901333 3.925334-1.578667 1.92-3.328 3.669333-1.706667 1.706667-3.626667 3.285333-1.877333 1.536-3.925333 2.901334-2.048 1.365333-4.224 2.56-2.133333 1.152-4.437333 2.090666-2.261333 0.938667-4.608 1.664-2.346667 0.682667-4.778667 1.152-2.389333 0.512-4.864 0.725334-2.432 0.256-4.906667 0.256-2.432 0-4.864-0.256-2.474667-0.213333-4.864-0.725334-2.432-0.426667-4.778666-1.152t-4.608-1.706666q-2.261333-0.896-4.437334-2.048-2.176-1.194667-4.224-2.56-2.048-1.365333-3.925333-2.901334-1.92-1.578667-3.669333-3.285333-1.706667-1.749333-3.285334-3.669333-1.536-1.877333-2.901333-3.925334-1.365333-2.048-2.56-4.224-1.152-2.133333-2.090667-4.437333-0.938667-2.261333-1.621333-4.608-0.725333-2.346667-1.194667-4.778667-0.512-2.389333-0.725333-4.864-0.256-2.432-0.256-4.906666 0-2.432 0.256-4.906667 0.213333-2.432 0.725333-4.821333 0.426667-2.432 1.194667-4.778667 0.682667-2.346667 1.621333-4.608 0.938667-2.304 2.133334-4.437333 1.152-2.176 2.517333-4.266667 1.365333-2.005333 2.901333-3.925333 1.578667-1.877333 3.285334-3.626667 1.749333-1.706667 3.669333-3.285333 1.877333-1.578667 3.925333-2.944 2.048-1.365333 4.224-2.517334 2.133333-1.152 4.437334-2.133333 2.261333-0.896 4.608-1.621333 2.346667-0.725333 4.778666-1.194667 2.389333-0.469333 4.864-0.725333 2.432-0.213333 4.864-0.213334 2.474667 0 4.906667 0.213334 2.474667 0.256 4.864 0.725333 2.432 0.469333 4.778667 1.194667t4.608 1.664q2.261333 0.938667 4.437333 2.133333 2.133333 1.109333 4.224 2.474667 2.048 1.365333 3.925333 2.944 1.92 1.536 3.626667 3.285333 1.749333 1.706667 3.328 3.626667 1.536 1.92 2.901333 3.968 1.365333 2.048 2.56 4.224 1.109333 2.133333 2.090667 4.437333 0.938667 2.261333 1.621333 4.608 0.725333 2.346667 1.194667 4.778667 0.469333 2.389333 0.725333 4.821333 0.256 2.474667 0.256 4.906667zM411.008 210.986667a50.005333 50.005333 0 1 0 100.010667 0.128 50.005333 50.005333 0 0 0-100.010667-0.128z\">\u003C/path>\u003Cpath d=\"M288.853333 565.546667V742.4h-33.493333v-78.72H177.92V742.4h-33.493333v-176.853333h33.493333V635.733333h77.44v-70.186666h33.493333z m150.613334 28.16H392.96V742.4h-33.493333v-148.693333H312.746667v-28.16h126.72v28.16z m143.146666 0h-46.506666V742.4h-33.493334v-148.693333h-46.72v-28.16h126.72v28.16z m146.986667 29.44q0 17.066667-7.253333 30.08-7.253333 13.013333-20.394667 20.266666-13.098667 7.253333-30.378667 7.253334h-31.36V742.4h-33.493333v-176.853333h64.853333q17.28 0 30.378667 7.253333 13.141333 7.253333 20.394667 20.266667 7.253333 13.013333 7.253333 30.08z m-33.493333 0q0-15.146667-8.32-23.253334-8.32-8.106667-23.68-8.106666h-23.893334v62.72h23.893334q15.36 0 23.68-8.106667 8.32-8.106667 8.32-23.253333z m56.106666-9.173334q0-14.933333 7.338667-26.538666 7.381333-11.648 21.248-18.133334 13.866667-6.528 32.64-6.528 23.893333 0 39.253333 9.514667 15.36 9.472 21.12 27.605333l-26.666666 12.373334q-4.053333-10.453333-11.861334-15.786667-7.765333-5.333333-20.992-5.333333-14.293333 0-21.461333 5.461333-7.125333 5.418667-7.125333 15.872 0 10.026667 7.466666 15.36t26.24 8.746667q30.08 5.333333 43.733334 18.56 13.653333 13.226667 13.653333 36.693333 0 15.36-8.234667 27.648-8.192 12.245333-23.04 19.072-14.805333 6.826667-33.578666 6.826667-26.026667 0-43.306667-10.666667-17.28-10.666667-23.04-30.293333l26.88-12.586667q3.84 12.373333 13.866667 18.773333 10.026667 6.4 25.386666 6.4t23.338667-6.272q8.021333-6.314667 8.021333-18.048 0-11.093333-8.448-17.493333-8.405333-6.4-29.098666-10.24-27.306667-4.906667-40.32-17.493333-13.013333-12.586667-13.013334-33.493334z\">\u003C/path>\u003C/symbol>\u003Csymbol id=\"iconrongqi5\" viewBox=\"0 0 1024 1024\">\u003Cpath d=\"M847.6672 85.3504c11.2128 0 20.2752 9.0624 20.2752 20.2752v410.1632a208.2816 208.2816 0 0 0-81.2544-23.4496V166.5536H217.856v690.7904h209.408c8.704 31.4368 26.2656 59.648 50.688 81.3056H156.7744a20.3264 20.3264 0 0 1-20.2752-20.3264V105.6256c0-11.2128 9.0624-20.2752 20.2752-20.2752h690.7904zM481.8944 451.0208c10.3424 0 18.9952 7.68 20.224 17.92l0.1024 2.4064V512l-0.1024 2.4064a20.3264 20.3264 0 0 1-17.8176 17.7664l-2.4064 0.1536h-121.856l-2.4064-0.1536a20.3264 20.3264 0 0 1-17.8176-17.8176L339.712 512v-40.6528l0.1024-2.3552a20.3264 20.3264 0 0 1 17.8176-17.8176l2.4064-0.1536h121.856z m162.56-162.56c10.3424 0 18.9952 7.68 20.224 17.9712l0.1024 2.4064v40.6016l-0.1024 2.4064a20.3264 20.3264 0 0 1-17.8688 17.7664l-2.3552 0.1536H360.0384l-2.4064-0.1536a20.3264 20.3264 0 0 1-17.8176-17.7664l-0.1024-2.4064v-40.6016l0.1024-2.4064a20.3264 20.3264 0 0 1 17.8176-17.8176l2.4064-0.1024h284.416z\">\u003C/path>\u003Cpath d=\"M527.104 614.144Q463.36 677.888 463.36 768q0 90.112 63.744 153.856Q590.848 985.6 680.96 985.6q90.112 0 153.856-63.744Q898.56 858.112 898.56 768q0-90.112-63.744-153.856Q771.072 550.4 680.96 550.4q-90.112 0-153.856 63.744z m263.2704 44.4416q45.3632 45.312 45.3632 109.4144t-45.3632 109.4144q-45.312 45.3632-109.4144 45.3632t-109.4144-45.3632q-45.3632-45.312-45.3632-109.4144t45.3632-109.4144q45.312-45.3632 109.4144-45.3632t109.4144 45.3632z m-77.9776 29.184v-3.5328l-0.4608-5.7344q-2.6624-16.384-21.6576-16.384H665.6q-16.0256 6.144-16.0768 22.1184v93.0816q0 22.016 22.1184 22.1184h93.1328q22.016-0.0512 22.0672-22.1184v-18.6368q0-22.016-22.1184-22.1184h-52.3264v-48.8448z\">\u003C/path>\u003C/symbol>\u003Csymbol id=\"iconfenpeiwangluo\" viewBox=\"0 0 1100 1024\">\u003Cpath d=\"M201.144558 333.395349v-119.069768q0-3.524465 0.666791-6.953674 0.714419-3.476837 2.048-6.715535 1.333581-3.238698 3.333953-6.191628 1.905116-2.905302 4.381768-5.381953 2.524279-2.524279 5.429581-4.477024 2.905302-1.905116 6.191628-3.286325 3.238698-1.333581 6.667907-2.048Q233.341023 178.604651 236.865488 178.604651h555.627163q3.524465 0 7.001302 0.666791 3.429209 0.714419 6.667907 2.048 3.286326 1.333581 6.191628 3.333953 2.95293 1.905116 5.429582 4.429396 2.476651 2.476651 4.429395 5.381953 1.952744 2.95293 3.333954 6.191628 1.333581 3.238698 2.000372 6.667907 0.666791 3.476837 0.66679 7.001302v119.069768q0 3.524465-0.66679 6.953674-0.666791 3.476837-2.048 6.715535-1.333581 3.238698-3.286326 6.191628-1.952744 2.905302-4.429395 5.381954-2.476651 2.524279-5.429582 4.477023-2.905302 1.905116-6.191628 3.286325-3.238698 1.333581-6.667907 2.048-3.476837 0.666791-7.001302 0.666791H550.4v127.023628h162.220651a35.72093 35.72093 0 0 1 27.052651 12.383256l119.593675 138.930604c1.952744 2.28614 3.619721 4.762791 4.905674 7.429954h47.389768q3.524465 0 7.001302 0.666791 3.429209 0.714419 6.667907 2.048 3.286326 1.333581 6.191628 3.333953 2.905302 1.905116 5.429581 4.429395 2.476651 2.476651 4.429396 5.381954 1.952744 2.95293 3.333953 6.191628 1.333581 3.238698 2.000372 6.667907 0.666791 3.476837 0.666791 7.001302v158.743814q0 3.524465-0.666791 7.001302-0.666791 3.429209-2.048 6.667907-1.333581 3.286326-3.333953 6.191628-1.905116 2.905302-4.381768 5.429582-2.524279 2.476651-5.429581 4.429395-2.905302 1.952744-6.191628 3.333954-3.238698 1.333581-6.667907 2.000372-3.476837 0.666791-7.001302 0.66679H752.818605q-3.524465 0-6.953675-0.66679-3.476837-0.666791-6.715535-2.048-3.238698-1.333581-6.191628-3.333954-2.905302-1.905116-5.381953-4.381767-2.524279-2.524279-4.477023-5.429582-1.905116-2.905302-3.286326-6.191628-1.333581-3.238698-2.048-6.667907-0.666791-3.476837-0.666791-7.001302V690.604651q0-3.524465 0.666791-6.953674 0.714419-3.476837 2.048-6.715535 1.333581-3.238698 3.333954-6.191628 1.905116-2.905302 4.429395-5.381954 2.476651-2.524279 5.381953-4.477023 2.95293-1.905116 6.191628-3.286325 3.238698-1.333581 6.667907-2.048Q749.341767 654.883721 752.818605 654.883721h18.574883l-75.156837-87.301954H550.4V654.883721h43.674791q3.476837 0 6.953674 0.666791 3.429209 0.714419 6.667907 2.048 3.286326 1.333581 6.191628 3.333953 2.95293 1.905116 5.429581 4.429395 2.476651 2.476651 4.429396 5.381954 1.952744 2.95293 3.333953 6.191628 1.333581 3.238698 2.000372 6.667907 0.714419 3.476837 0.714419 7.001302v158.743814q0 3.524465-0.714419 7.001302-0.666791 3.429209-2.048 6.667907-1.333581 3.286326-3.286325 6.191628-1.905116 2.905302-4.429396 5.429582-2.476651 2.476651-5.429581 4.429395-2.905302 1.952744-6.191628 3.333954-3.238698 1.333581-6.667907 2.000372-3.476837 0.666791-6.953674 0.66679H435.283349q-3.524465 0-6.953675-0.66679-3.476837-0.666791-6.667907-2.048-3.286326-1.333581-6.191627-3.333954-2.95293-1.905116-5.429582-4.381767-2.476651-2.524279-4.429395-5.429582-1.952744-2.905302-3.333954-6.191628-1.333581-3.238698-2.000372-6.667907-0.714419-3.476837-0.714418-7.001302V690.604651q0-3.524465 0.714418-6.953674 0.666791-3.476837 2.000372-6.715535 1.381209-3.238698 3.333954-6.191628 1.905116-2.905302 4.429395-5.381954 2.476651-2.524279 5.429582-4.477023 2.905302-1.905116 6.191627-3.286325 3.19107-1.333581 6.667907-2.048 3.429209-0.666791 6.953675-0.666791h43.674791v-87.301954H332.645209L257.821767 654.883721H276.539535q3.524465 0 6.953674 0.666791 3.476837 0.714419 6.715535 2.048 3.238698 1.333581 6.191628 3.333953 2.905302 1.905116 5.381954 4.429395 2.524279 2.476651 4.477023 5.381954 1.905116 2.95293 3.286325 6.191628 1.333581 3.238698 2.048 6.667907 0.666791 3.476837 0.666791 7.001302v158.743814q0 3.524465-0.666791 7.001302-0.714419 3.429209-2.048 6.667907-1.333581 3.286326-3.333953 6.191628-1.905116 2.905302-4.429395 5.429582-2.476651 2.476651-5.381954 4.429395-2.95293 1.952744-6.191628 3.333954-3.238698 1.333581-6.667907 2.000372-3.476837 0.666791-7.001302 0.66679H117.795721q-3.524465 0-7.001302-0.66679-3.429209-0.666791-6.667907-2.048-3.286326-1.333581-6.191628-3.333954-2.905302-1.905116-5.429582-4.381767-2.476651-2.524279-4.429395-5.429582-1.905116-2.905302-3.333954-6.191628-1.285953-3.238698-2.000372-6.667907-0.666791-3.476837-0.66679-7.001302V690.604651q0-3.524465 0.66679-6.953674 0.714419-3.476837 2.048-6.715535 1.333581-3.238698 3.333954-6.191628 1.905116-2.905302 4.381767-5.381954 2.524279-2.524279 5.429582-4.477023 2.905302-1.905116 6.191628-3.286325 3.238698-1.333581 6.667907-2.048 3.476837-0.666791 7.001302-0.666791h47.389767a35.72093 35.72093 0 0 1 4.858047-7.382326l119.069767-138.882976a35.72093 35.72093 0 0 1 27.147907-12.478512H478.95814V369.116279H236.865488q-3.524465 0-7.001302-0.666791-3.429209-0.714419-6.667907-2.048-3.286326-1.333581-6.191628-3.333953-2.905302-1.905116-5.429581-4.429395-2.476651-2.476651-4.429396-5.381954-1.905116-2.95293-3.333953-6.191628-1.285953-3.238698-2.000372-6.667907-0.666791-3.476837-0.666791-7.001302z m71.441861-83.348837v47.627907h484.185302v-47.627907H272.586419z m-119.069768 476.279069v87.301954H240.818605V726.325581H153.516651z m317.487628 0v87.301954h87.349581V726.325581H471.004279z m317.535256 0v87.301954h87.301953V726.325581H788.539535z\" fill=\"#86909C\">\u003C/path>\u003C/symbol>\u003Csymbol id=\"iconMusic\" viewBox=\"0 0 1024 1024\">\u003Cpath d=\"M906.991 150.344l0.009 0.996v529.104c0 88.368-71.632 160-160 160s-160-71.632-160-160c0-88.367 71.632-160 160-160 36.02 0 69.26 11.903 96.002 31.989L843 164.12l-396.575 72.104a10.667 10.667 0 0 0-8.755 10.21l-0.003 0.285-0.001 518.937v0.12c0 87.484-70.208 158.566-157.353 159.98l-2.646 0.02c-88.366 0-160-71.633-160-160 0-88.366 71.634-160 160-160 36.02 0 69.26 11.903 96.001 31.99l-0.001-391.047c0-35.725 25.293-66.389 60.248-73.262l1.062-0.2 409.15-74.392c32.411-5.892 62.27 18.7 62.864 51.478zM277.667 669.778c-53.02 0-96 42.98-96 96s42.98 96 96 96 96-42.98 96-96l-0.001 0.12v-0.243c-0.065-52.434-42.165-95.017-94.412-95.865zM747 584.444c-53.021 0-96 42.979-96 96 0 53.022 42.979 96 96 96s96-42.978 96-96c0-53.021-42.979-96-96-96z\" fill=\"#000000\">\u003C/path>\u003C/symbol>\u003Csymbol id=\"iconClipped\" viewBox=\"0 0 1024 1024\">\u003Cpath d=\"M512 422.4a187.733333 187.733333 0 1 0 0-375.466667 187.733333 187.733333 0 0 0 0 375.466667z m0-298.666667a110.933333 110.933333 0 1 1 0 221.866667 110.933333 110.933333 0 0 1 0-221.866667zM469.333333 571.733333c-96.298667 0-178.346667 30.08-246.016 90.282667C156.928 721.024 123.733333 791.893333 123.733333 874.666667a38.4 38.4 0 0 1-76.8 0c0-105.770667 41.813333-195.754667 125.354667-270.08C254.549333 531.498667 353.578667 494.933333 469.333333 494.933333a38.4 38.4 0 0 1 0 76.8zM789.333333 558.933333a38.4 38.4 0 0 1 27.136 11.264l85.333334 85.333334a38.4 38.4 0 0 1 0 54.272l-213.333334 213.333333a38.4 38.4 0 0 1-27.136 11.264h-85.333333a38.4 38.4 0 0 1-38.4-38.4v-85.333333a38.4 38.4 0 0 1 11.264-27.136l213.333333-213.333334a38.4 38.4 0 0 1 27.136-11.264z m0 92.714667l-174.933333 174.933333v31.018667h31.018667l174.933333-174.933333-31.018667-31.018667z\">\u003C/path>\u003C/symbol>\u003Csymbol id=\"iconrongqi4\" viewBox=\"0 0 1024 1024\">\u003Cpath d=\"M917.3504 768c11.776 0 21.2992 9.5744 21.2992 21.3504v42.6496c0 11.776-9.5232 21.3504-21.2992 21.3504H106.6496a21.3504 21.3504 0 0 1-21.2992-21.3504v-42.6496c0-11.776 9.5232-21.3504 21.2992-21.3504h810.7008zM132.0448 377.6c4.608 0 9.1136 1.28 13.1072 3.6864l181.0944 109.1584a25.3952 25.3952 0 0 1 0 43.4688L145.152 643.072a25.3952 25.3952 0 0 1-38.5024-21.76V402.9952c0-14.0288 11.3664-25.3952 25.3952-25.3952z m785.3056 91.7504c11.776 0 21.2992 9.5232 21.2992 21.2992v42.7008c0 11.776-9.5232 21.2992-21.2992 21.2992H490.6496a21.3504 21.3504 0 0 1-21.2992-21.2992v-42.7008c0-11.776 9.5232-21.2992 21.2992-21.2992h426.7008z m0-298.7008c11.776 0 21.2992 9.5744 21.2992 21.3504v42.6496c0 11.776-9.5232 21.3504-21.2992 21.3504H106.6496a21.3504 21.3504 0 0 1-21.2992-21.3504V192c0-11.776 9.5232-21.3504 21.2992-21.3504h810.7008z\">\u003C/path>\u003C/symbol>\u003Csymbol id=\"icona-2\" viewBox=\"0 0 1024 1024\">\u003Cpath d=\"M864 224a64 64 0 0 0-64 64v448a64 64 0 0 0 128 0V288a64 64 0 0 0-64-64z\">\u003C/path>\u003Cpath d=\"M288 789.12q-1.824 1.056-3.68 1.984-1.92 0.928-3.84 1.728-1.92 0.8-3.904 1.472-1.984 0.672-4 1.216-2.048 0.544-4.096 0.96-2.048 0.416-4.128 0.672-2.08 0.288-4.16 0.416-2.112 0.128-4.192 0.128t-4.16-0.128q-2.112-0.128-4.192-0.416-2.08-0.256-4.16-0.672-2.016-0.416-4.064-0.96-2.016-0.544-4-1.216-1.984-0.672-3.904-1.472-1.92-0.8-3.84-1.728-1.856-0.928-3.68-1.984-1.824-1.024-3.552-2.208-1.76-1.152-3.424-2.432-1.632-1.28-3.2-2.656-1.6-1.376-3.072-2.88-1.504-1.472-2.88-3.04-1.376-1.6-2.656-3.232-1.28-1.664-2.432-3.424-1.152-1.728-2.24-3.52-1.024-1.824-1.92-3.712-0.96-1.888-1.76-3.84-0.8-1.92-1.472-3.904-0.64-1.984-1.216-4-0.544-2.016-0.96-4.096-0.384-2.048-0.64-4.128-0.32-2.08-0.448-4.16T192 733.728V290.272q0-2.112 0.128-4.192 0.16-2.08 0.416-4.16 0.288-2.08 0.672-4.16 0.416-2.048 0.96-4.064t1.216-4q0.672-1.984 1.472-3.936 0.8-1.92 1.728-3.808 0.96-1.888 1.984-3.68 1.056-1.824 2.24-3.552 1.12-1.76 2.4-3.424 1.28-1.664 2.656-3.2 1.376-1.6 2.88-3.072 1.472-1.504 3.04-2.88 1.6-1.376 3.232-2.656 1.664-1.28 3.424-2.432 1.728-1.184 3.552-2.24 1.824-1.024 3.68-1.92 1.92-0.96 3.84-1.76t3.904-1.472q1.984-0.672 4-1.216 2.048-0.544 4.096-0.96 2.048-0.416 4.128-0.672 2.08-0.288 4.16-0.416 2.112-0.128 4.192-0.128t4.16 0.128q2.112 0.128 4.192 0.416 2.08 0.256 4.16 0.672 2.016 0.416 4.064 0.96 2.016 0.544 4 1.216 1.984 0.672 3.904 1.472 1.92 0.8 3.84 1.728 1.856 0.928 3.68 1.984l384 221.696q1.824 1.056 3.552 2.24 1.76 1.12 3.424 2.4 1.632 1.28 3.2 2.656 1.6 1.376 3.072 2.88 1.504 1.472 2.88 3.04 1.376 1.6 2.656 3.232 1.28 1.664 2.432 3.424 1.152 1.728 2.24 3.552 1.024 1.824 1.92 3.68 0.96 1.92 1.76 3.84t1.472 3.904q0.64 1.984 1.216 4 0.544 2.048 0.96 4.096 0.384 2.048 0.64 4.128 0.32 2.08 0.448 4.16 0.128 2.112 0.128 4.192t-0.128 4.16q-0.16 2.112-0.416 4.192-0.288 2.08-0.672 4.16-0.416 2.016-0.96 4.064-0.544 2.016-1.216 4-0.672 1.984-1.472 3.904-0.8 1.92-1.728 3.84-0.96 1.856-1.984 3.68-1.056 1.824-2.24 3.552-1.12 1.76-2.4 3.424-1.28 1.632-2.656 3.2-1.376 1.6-2.88 3.072-1.472 1.504-3.04 2.88-1.6 1.376-3.232 2.656-1.664 1.28-3.424 2.432-1.728 1.152-3.552 2.24L288 789.12z\">\u003C/path>\u003C/symbol>\u003Csymbol id=\"iconrongqi3\" viewBox=\"0 0 1024 1024\">\u003Cpath d=\"M512 68.2496a38.4 38.4 0 0 1 38.4 38.4v362.7008c0 2.816 1.3824 4.2496 4.2496 4.2496h362.6496a38.4 38.4 0 0 1 38.4 38.4c0 122.5216-43.3152 227.1232-129.9456 313.7536-86.6304 86.6816-191.232 129.9968-313.7536 129.9968-122.5728 0-227.1232-43.3152-313.8048-129.9968C111.616 739.1232 68.2496 634.5216 68.2496 512c0-122.5216 43.3152-227.1232 129.9456-313.7536C284.8768 111.616 389.4272 68.2496 512 68.2496z m-38.4 78.592c-84.992 8.0384-158.6688 43.264-221.0816 105.6768-71.68 71.68-107.4688 158.208-107.4688 259.4816 0 101.376 35.84 187.8016 107.52 259.4816 71.5776 71.68 158.1056 107.4688 259.4304 107.4688s187.8016-35.84 259.4304-107.52c62.464-62.4128 97.6896-136.0896 105.728-221.0304h-322.5088c-22.3744 0-41.472-7.8848-57.344-23.7568a78.1312 78.1312 0 0 1-23.7056-57.344V146.8928z\" fill=\"#333333\">\u003C/path>\u003Cpath d=\"M759.3472 43.52c33.2288 0 61.5936 11.776 85.0944 35.2256 23.5008 23.552 35.2256 51.8656 35.2256 85.0944v33.28h20.6848c8.448 0 15.616 2.9696 21.5552 8.96a29.3888 29.3888 0 0 1 8.96 21.5552v179.6096a29.3888 29.3888 0 0 1-8.96 21.5552 29.3888 29.3888 0 0 1-21.5552 8.96h-282.0096a29.3888 29.3888 0 0 1-21.5552-8.96 29.3888 29.3888 0 0 1-8.96-21.5552V227.6352c0-8.3968 2.9696-15.616 8.96-21.5552a29.3888 29.3888 0 0 1 21.5552-8.96h20.6848V163.84c0-33.2288 11.776-61.5936 35.2256-85.0944A115.9168 115.9168 0 0 1 759.3472 43.52z m110.08 215.04h-220.16v117.76h220.16v-117.76z m-110.08-153.6c-16.2304 0-30.1056 5.7344-41.6256 17.2544a56.7296 56.7296 0 0 0-17.2544 41.6256v33.28h117.76V163.84c0-16.2304-5.7344-30.1056-17.2544-41.6256a56.7296 56.7296 0 0 0-41.6256-17.2544z\" fill=\"#333333\">\u003C/path>\u003C/symbol>\u003Csymbol id=\"icona-111\" viewBox=\"0 0 1024 1024\">\u003Cpath d=\"M320 85.333333a21.333333 21.333333 0 0 1 21.333333 21.333334v42.666666h341.333334v-42.666666a21.333333 21.333333 0 0 1 21.333333-21.333334h42.666667a21.333333 21.333333 0 0 1 21.333333 21.333334v42.666666h128a42.666667 42.666667 0 0 1 42.666667 42.666667v725.333333a42.666667 42.666667 0 0 1-42.666667 42.666667H128a42.666667 42.666667 0 0 1-42.666667-42.666667v-725.333333a42.666667 42.666667 0 0 1 42.666667-42.666667h128v-42.666666a21.333333 21.333333 0 0 1 21.333333-21.333334h42.666667zM256 234.666667H170.666667v640h682.666666v-640h-85.333333v42.666666a21.333333 21.333333 0 0 1-21.333333 21.333334h-42.666667a21.333333 21.333333 0 0 1-21.333333-21.333334v-42.666666H341.333333v42.666666a21.333333 21.333333 0 0 1-21.333333 21.333334h-42.666667a21.333333 21.333333 0 0 1-21.333333-21.333334v-42.666666z\">\u003C/path>\u003Cpath d=\"M533.333333 597.333333a21.333333 21.333333 0 0 1 21.333334 21.333334v42.666666a21.333333 21.333333 0 0 1-21.333334 21.333334h-213.333333a21.333333 21.333333 0 0 1-21.333333-21.333334v-42.666666a21.333333 21.333333 0 0 1 21.333333-21.333334h213.333333z m170.666667-170.666666a21.333333 21.333333 0 0 1 21.333333 21.333333v42.666667a21.333333 21.333333 0 0 1-21.333333 21.333333h-384a21.333333 21.333333 0 0 1-21.333333-21.333333v-42.666667a21.333333 21.333333 0 0 1 21.333333-21.333333h384z\">\u003C/path>\u003C/symbol>\u003Csymbol id=\"icongengduo\" viewBox=\"0 0 1024 1024\">\u003Cpath d=\"M174.545455 418.909091a81.454545 81.454545 0 1 1 0 162.909091 81.454545 81.454545 0 0 1 0-162.909091z m349.090909 0a81.454545 81.454545 0 1 1 0 162.909091 81.454545 81.454545 0 0 1 0-162.909091z m349.090909 0a81.454545 81.454545 0 1 1 0 162.909091 81.454545 81.454545 0 0 1 0-162.909091z\" fill=\"#282C33\">\u003C/path>\u003C/symbol>\u003Csymbol id=\"iconrongqi1\" viewBox=\"0 0 1024 1024\">\u003Cpath d=\"M939.968 596.032l-75.968-57.6c0.768-8 1.6-16.832 1.6-26.432 0-9.6-0.832-18.368-1.6-26.368l75.968-57.6a51.84 51.84 0 0 0 12.8-68.032l-84.8-143.232a54.784 54.784 0 0 0-65.6-24l-90.368 35.2a306.816 306.816 0 0 0-47.232-26.368l-13.568-92.032A53.568 53.568 0 0 0 597.568 64H426.368c-27.2 0-49.6 19.2-53.568 44.8l-12.8 92.8a349.44 349.44 0 0 0-47.232 26.432l-90.368-35.2a53.76 53.76 0 0 0-19.2-3.2c-19.2 0-37.632 9.6-46.4 26.368l-85.632 144a52.16 52.16 0 0 0 12.8 68.032l76.032 57.6c-0.832 9.6-1.6 18.368-1.6 26.368s0 16.768 1.6 26.432l-76.032 57.6a51.84 51.84 0 0 0-12.8 67.968l84.8 143.232a54.784 54.784 0 0 0 65.6 24l90.432-35.2c15.168 10.368 31.168 19.2 47.168 26.368l13.632 92.032c3.2 25.6 26.368 45.568 53.568 45.568h171.2c27.2 0 49.6-19.2 53.632-44.8l13.568-92.8c16-7.168 31.232-16 47.232-26.368l90.368 35.2c6.4 2.368 12.8 3.2 19.2 3.2 19.2 0 37.632-9.6 46.4-26.432l85.632-144.768c12.8-23.232 7.168-51.2-13.632-67.2zM704 512c0 105.6-86.4 192-192 192S320 617.6 320 512s86.4-192 192-192 192 86.4 192 192z\">\u003C/path>\u003C/symbol>\u003Csymbol id=\"iconrongqi2\" viewBox=\"0 0 1024 1024\">\u003Cpath d=\"M768 89.6a38.4 38.4 0 0 1 38.4 38.4v302.933333H938.666667a38.4 38.4 0 0 1 38.4 38.4v341.333334a38.4 38.4 0 0 1-38.4 38.4h-90.752l-52.778667 52.736a38.4 38.4 0 0 1-54.272 0L688.085333 849.066667H469.333333a38.4 38.4 0 0 1-38.4-38.4v-132.266667H378.581333l-74.112 74.069333a38.4 38.4 0 0 1-54.272 0L176.085333 678.4H85.333333a38.4 38.4 0 0 1-38.4-38.4V128a38.4 38.4 0 0 1 38.4-38.4z m132.266667 418.133333h-93.866667V640a38.4 38.4 0 0 1-38.4 38.4h-260.266667v93.866667h196.266667a38.4 38.4 0 0 1 27.136 11.264l36.864 36.821333 36.864-36.821333a38.4 38.4 0 0 1 27.136-11.264h68.266667v-264.533334z m-170.666667-341.333333H123.733333v435.2h68.266667a38.4 38.4 0 0 1 27.136 11.264L277.333333 671.018667l58.197334-58.154667A38.4 38.4 0 0 1 362.666667 601.6h366.933333V166.4z\">\u003C/path>\u003Cpath d=\"M405.333333 422.4h21.333334a38.314667 38.314667 0 0 0 37.674666-45.909333A38.314667 38.314667 0 0 0 426.666667 345.6h-21.333334a38.314667 38.314667 0 0 0-37.674666 45.909333 38.314667 38.314667 0 0 0 37.674666 30.890667zM554.666667 422.4h21.333333a38.314667 38.314667 0 0 0 37.674667-45.909333 38.314667 38.314667 0 0 0-37.674667-30.890667H554.666667a38.314667 38.314667 0 0 0-37.674667 45.909333A38.314667 38.314667 0 0 0 554.666667 422.4zM256 422.4h21.333333a38.314667 38.314667 0 0 0 37.674667-45.909333A38.314667 38.314667 0 0 0 277.333333 345.6H256a38.314667 38.314667 0 0 0-37.674667 45.909333A38.314667 38.314667 0 0 0 256 422.4z\">\u003C/path>\u003C/symbol>\u003Csymbol id=\"iconrongqi\" viewBox=\"0 0 1024 1024\">\u003Cpath d=\"M913.066667 896V128q0-33.578667-23.722667-57.301333Q865.578667 46.933333 832 46.933333h-597.333333Q153.6 46.933333 153.6 128v768q0 81.066667 81.066667 81.066667h597.333333q81.066667 0 81.066667-81.066667zM832 123.733333q4.266667 0 4.266667 4.266667v768q0 4.266667-4.266667 4.266667h-597.333333q-4.266667 0-4.266667-4.266667V128q0-4.266667 4.266667-4.266667h597.333333z\">\u003C/path>\u003Cpath d=\"M362.666667 678.4h298.666666q3.797333 0 7.509334-0.725333 3.669333-0.768 7.168-2.218667 3.498667-1.450667 6.656-3.541333 3.157333-2.133333 5.802666-4.778667 2.688-2.645333 4.778667-5.802667 2.133333-3.157333 3.541333-6.656 1.450667-3.498667 2.218667-7.168 0.725333-3.712 0.725333-7.509333t-0.725333-7.509333q-0.768-3.669333-2.218667-7.168-1.450667-3.498667-3.541333-6.656-2.133333-3.157333-4.778667-5.802667-2.645333-2.688-5.802666-4.778667-3.157333-2.133333-6.656-3.541333-3.498667-1.450667-7.168-2.218667-3.712-0.725333-7.509334-0.725333h-298.666666q-3.797333 0-7.509334 0.725333-3.669333 0.768-7.168 2.218667-3.498667 1.450667-6.656 3.541333-3.157333 2.133333-5.802666 4.778667-2.688 2.645333-4.778667 5.802667-2.133333 3.157333-3.541333 6.656-1.450667 3.498667-2.218667 7.168-0.725333 3.712-0.725333 7.509333t0.725333 7.509333q0.768 3.669333 2.218667 7.168 1.450667 3.498667 3.541333 6.656 2.133333 3.157333 4.778667 5.802667 2.645333 2.688 5.802666 4.778667 3.157333 2.133333 6.656 3.541333 3.498667 1.450667 7.168 2.218667 3.712 0.725333 7.509334 0.725333zM362.666667 806.4H512q3.797333 0 7.509333-0.725333 3.669333-0.768 7.168-2.218667 3.498667-1.450667 6.656-3.541333 3.157333-2.133333 5.802667-4.778667 2.688-2.645333 4.778667-5.802667 2.133333-3.157333 3.541333-6.656 1.450667-3.498667 2.218667-7.168 0.725333-3.712 0.725333-7.509333t-0.725333-7.509333q-0.768-3.669333-2.218667-7.168-1.450667-3.498667-3.541333-6.656-2.133333-3.157333-4.778667-5.802667-2.645333-2.688-5.802667-4.778667-3.157333-2.133333-6.656-3.541333-3.498667-1.450667-7.168-2.218667-3.712-0.725333-7.509333-0.725333H362.666667q-3.797333 0-7.509334 0.725333-3.669333 0.768-7.168 2.218667-3.498667 1.450667-6.656 3.541333-3.157333 2.133333-5.802666 4.778667-2.688 2.645333-4.778667 5.802667-2.133333 3.157333-3.541333 6.656-1.450667 3.498667-2.218667 7.168-0.725333 3.712-0.725333 7.509333t0.725333 7.509333q0.768 3.669333 2.218667 7.168 1.450667 3.498667 3.541333 6.656 2.133333 3.157333 4.778667 5.802667 2.645333 2.688 5.802666 4.778667 3.157333 2.133333 6.656 3.541333 3.498667 1.450667 7.168 2.218667 3.712 0.725333 7.509334 0.725333z\">\u003C/path>\u003Cpath d=\"M324.266667 469.333333V256q0-3.797333 0.725333-7.509333 0.768-3.712 2.218667-7.168 1.408-3.498667 3.541333-6.656 2.090667-3.157333 4.778667-5.802667 2.645333-2.688 5.802666-4.778667 3.157333-2.133333 6.656-3.541333 3.456-1.450667 7.168-2.218667 3.712-0.725333 7.509334-0.725333h298.666666q3.797333 0 7.509334 0.725333 3.712 0.768 7.168 2.218667 3.498667 1.408 6.656 3.541333 3.157333 2.090667 5.802666 4.778667 2.688 2.645333 4.778667 5.802667 2.133333 3.157333 3.541333 6.656 1.450667 3.456 2.218667 7.168 0.725333 3.712 0.725333 7.509333v213.333333q0 3.797333-0.725333 7.509334-0.768 3.712-2.218667 7.168-1.408 3.498667-3.541333 6.656-2.090667 3.157333-4.778667 5.802666-2.645333 2.688-5.802666 4.778667-3.157333 2.133333-6.656 3.541333-3.456 1.450667-7.168 2.218667-3.712 0.725333-7.509334 0.725333h-298.666666q-3.797333 0-7.509334-0.725333-3.712-0.768-7.168-2.218667-3.498667-1.408-6.656-3.541333-3.157333-2.090667-5.802666-4.778667-2.688-2.645333-4.778667-5.802666-2.133333-3.157333-3.541333-6.656-1.450667-3.456-2.218667-7.168Q324.266667 473.130667 324.266667 469.333333z m76.8-174.933333v136.533333h221.866666V294.4H401.066667z\">\u003C/path>\u003C/symbol>\u003Csymbol id=\"iconbianzu\" viewBox=\"0 0 1024 1024\">\u003Cpath d=\"M496.213333 42.666667a410.88 410.88 0 0 1 279.04 712.533333l163.328 158.378667a43.349333 43.349333 0 1 1-60.586666 61.994666l-173.141334-167.936a409.002667 409.002667 0 0 1-208.64 56.832A410.88 410.88 0 0 1 85.333333 453.546667 410.88 410.88 0 0 1 496.213333 42.666667z m0 86.613333a324.266667 324.266667 0 1 0 0 648.533333 324.266667 324.266667 0 0 0 0-648.533333z\" fill=\"#000000\">\u003C/path>\u003Cpath d=\"M308.906667 642.304a29.866667 29.866667 0 0 1-32.341334-27.221333l-25.6-297.642667a29.866667 29.866667 0 0 1 43.306667-29.184l154.453333 78.506667V187.733333a29.866667 29.866667 0 0 1 43.946667-26.368l3.541333 2.261334 89.088 65.152a29.866667 29.866667 0 0 1-35.285333 48.213333l-41.514667-30.421333-0.042666 168.832a29.866667 29.866667 0 0 1-39.68 28.245333l-3.754667-1.621333-149.888-76.202667 20.906667 244.181333a29.866667 29.866667 0 0 1-23.168 31.658667l-4.010667 0.64z\" fill=\"#000000\">\u003C/path>\u003C/symbol>\u003Csymbol id=\"iconbutton_Knowledge\" viewBox=\"0 0 1024 1024\">\u003Cpath d=\"M896 85.333333c35.413333 0 64 28.842667 64 64.213334v605.952a64.426667 64.426667 0 0 1-44.928 61.269333l-384.298667 118.101333a64 64 0 0 1-37.589333 0l-384.896-118.272A64.213333 64.213333 0 0 1 64 755.498667V149.546667a64.085333 64.085333 0 0 1 83.029333-61.312L512 200.149333l364.288-111.701333C882.645333 86.4 889.301333 85.333333 896 85.333333zM149.333333 178.176v561.749333l320 98.346667V276.309333l-320-98.133333z m725.333334 0l-320 98.133333v561.92l320-98.261333V178.176z\">\u003C/path>\u003C/symbol>\u003Csymbol id=\"iconnav_Command\" viewBox=\"0 0 1024 1024\">\u003Cpath d=\"M125.184 471.04l-2.901333-1.493333a40.533333 40.533333 0 0 0-31.189334-0.853334 42.154667 42.154667 0 0 0-23.04 21.76c-4.650667 10.026667-5.333333 21.546667-1.92 32.085334a42.666667 42.666667 0 0 0 20.224 24.490666l395.818667 214.613334 3.072 1.536 2.986667 1.194666 2.858666 0.896 2.986667 0.725334 2.304 0.341333 3.925333 0.341333h2.261334l2.645333-0.085333 3.584-0.469333 2.816-0.597334 1.621333-0.426666 3.669334-1.28 2.133333-0.938667a36.992 36.992 0 0 0 2.389333-1.194667l395.818667-214.656a42.666667 42.666667 0 0 0 20.394667-25.301333 44.117333 44.117333 0 0 0-2.944-32.725333 41.984 41.984 0 0 0-24.533334-21.034667 40.576 40.576 0 0 0-31.786666 3.029333l-376.533334 204.245334-376.661333-204.245334z\" fill=\"#1D2129\">\u003C/path>\u003Cpath d=\"M125.184 664.277333l-2.901333-1.450666a40.533333 40.533333 0 0 0-31.189334-0.853334 42.197333 42.197333 0 0 0-23.04 21.76c-4.650667 10.026667-5.333333 21.546667-1.92 32.085334a42.666667 42.666667 0 0 0 20.224 24.490666l396.032 214.741334 2.986667 1.450666a40.362667 40.362667 0 0 0 26.88 2.133334c9.642667 2.56 20.266667 1.578667 29.781333-3.584l396.032-214.741334a42.666667 42.666667 0 0 0 20.096-25.301333c3.242667-10.794667 2.133333-22.528-2.986666-32.512a42.026667 42.026667 0 0 0-24.32-20.992 40.576 40.576 0 0 0-31.573334 2.773333l-387.072 209.834667-386.986666-209.834667zM501.845333 64c6.997333 0 13.824 1.792 19.925334 5.248l405.077333 227.626667a21.162667 21.162667 0 0 1 7.936 7.893333 21.973333 21.973333 0 0 1-7.936 29.824l-405.034667 227.626667a40.704 40.704 0 0 1-39.936 0L76.8 334.592a21.973333 21.973333 0 0 1 0-37.717333l405.034667-227.626667a40.746667 40.746667 0 0 1 19.968-5.248z m0 91.861333L217.386667 315.733333l284.458666 159.872L786.261333 315.733333l-284.458666-159.872z\" fill=\"#1D2129\">\u003C/path>\u003C/symbol>\u003Csymbol id=\"iconRebuild\" viewBox=\"0 0 1024 1024\">\u003Cpath d=\"M802.133333 849.92H218.453333c-50.346667 0-91.306667-40.96-91.306666-91.306667V242.346667c0-50.346667 40.96-91.306667 91.306666-91.306667h173.226667c24.746667 0 46.933333 9.386667 64.853333 26.453333l78.506667 78.506667c5.12 5.12 12.8 8.533333 21.333333 8.533333h247.466667c50.346667 0 91.306667 40.96 91.306667 91.306667v402.773333c0 50.346667-41.813333 91.306667-92.16 91.306667zM218.453333 212.48c-16.213333 0-29.866667 13.653333-29.866666 29.866667v516.266666c0 16.213333 13.653333 29.866667 29.866666 29.866667H802.133333c16.213333 0 29.866667-13.653333 29.866667-29.866667V354.986667c0-16.213333-13.653333-29.866667-29.866667-29.866667H555.52c-24.746667 0-46.933333-9.386667-64.853333-26.453333l-78.506667-77.653334c-5.12-5.12-12.8-8.533333-21.333333-8.533333H217.6z\" fill=\"#333333\">\u003C/path>\u003Cpath d=\"M465.066667 502.613333l-93.013334-57.173333v103.253333l93.013334-46.08z\" fill=\"#333333\">\u003C/path>\u003Cpath d=\"M647.68 512.853333c-12.8-41.813333-43.52-75.093333-84.48-91.306666-61.44-23.893333-133.12-1.706667-169.813333 53.76-4.266667 6.826667-5.12 14.506667-3.413334 21.333333 1.706667 5.12 4.266667 9.386667 8.533334 11.946667 2.56 4.266667 6.826667 6.826667 11.946666 8.533333 8.533333 1.706667 17.066667-1.706667 21.333334-9.386667 22.186667-39.253333 70.826667-56.32 113.493333-40.106666 26.453333 10.24 46.933333 31.573333 54.613333 58.88 3.413333 10.24 12.8 17.92 23.893334 17.92h2.56c7.68 0 13.653333-5.12 17.92-11.093334 4.266667-5.973333 5.12-13.653333 3.413333-21.333333zM556.373333 612.693333l93.013334 58.026667 0.853333-103.253333-93.866667 45.226666z\" fill=\"#333333\">\u003C/path>\u003Cpath d=\"M631.466667 630.613333c-1.706667-5.12-4.266667-9.386667-8.533334-11.946666-2.56-4.266667-6.826667-6.826667-11.946666-8.533334-8.533333-1.706667-17.066667 1.706667-21.333334 9.386667-22.186667 39.253333-70.826667 56.32-113.493333 40.106667-26.453333-10.24-46.933333-31.573333-54.613333-59.733334-4.266667-11.946667-15.36-17.92-26.453334-17.066666-7.68 0-14.506667 5.12-18.773333 11.093333-4.266667 5.973333-5.12 13.653333-2.56 20.48 12.8 41.813333 43.52 75.093333 84.48 91.306667 16.213333 5.973333 33.28 9.386667 50.346667 9.386666 48.64 0 93.013333-23.893333 119.466666-63.146666 4.266667-6.826667 5.12-14.506667 3.413334-21.333334z\" fill=\"#333333\">\u003C/path>\u003C/symbol>\u003Csymbol id=\"iconnav_Dialogue\" viewBox=\"0 0 1024 1024\">\u003Cpath d=\"M512 85.333333c235.648 0 426.666667 191.018667 426.666667 426.666667s-191.018667 426.666667-426.666667 426.666667H128a42.666667 42.666667 0 0 1-42.666667-42.666667v-384C85.333333 276.352 276.352 85.333333 512 85.333333z m0 81.28A345.386667 345.386667 0 0 0 166.613333 512v345.386667H512a345.386667 345.386667 0 1 0 0-690.773334z m14.592 203.178667c9.045333 0 12.373333 0.938667 15.658667 2.688a18.432 18.432 0 0 1 7.68 7.68c1.792 3.328 2.688 6.613333 2.688 15.658667v272.981333c0 9.088-0.896 12.373333-2.688 15.658667a18.474667 18.474667 0 0 1-7.68 7.68c-3.328 1.792-6.613333 2.730667-15.658667 2.730666h-29.184c-9.045333 0-12.373333-0.938667-15.658667-2.730666a18.474667 18.474667 0 0 1-7.68-7.68c-1.792-3.285333-2.688-6.570667-2.688-15.658667V395.818667c0-9.045333 0.896-12.373333 2.688-15.658667a18.432 18.432 0 0 1 7.68-7.68c3.328-1.749333 6.613333-2.688 15.658667-2.688h29.184z m162.56 60.928c9.045333 0 12.288 0.938667 15.616 2.730667a18.432 18.432 0 0 1 7.68 7.68c1.792 3.285333 2.730667 6.570667 2.730667 15.658666v130.773334c0 9.045333-0.938667 12.330667-2.730667 15.616a18.432 18.432 0 0 1-7.68 7.68c-3.328 1.792-6.570667 2.730667-15.658667 2.730666h-29.141333c-9.088 0-12.373333-0.938667-15.658667-2.730666a18.389333 18.389333 0 0 1-7.68-7.68c-1.792-3.285333-2.730667-6.570667-2.730666-15.658667v-130.730667c0-9.088 0.938667-12.373333 2.730666-15.658666a18.432 18.432 0 0 1 7.68-7.68c3.285333-1.792 6.570667-2.730667 15.658667-2.730667h29.141333z m-325.12 0c9.088 0 12.373333 0.938667 15.658667 2.730667a18.432 18.432 0 0 1 7.68 7.68c1.792 3.285333 2.730667 6.570667 2.730666 15.658666v130.773334c0 9.045333-0.938667 12.330667-2.730666 15.616a18.432 18.432 0 0 1-7.68 7.68c-3.285333 1.792-6.570667 2.730667-15.658667 2.730666H334.933333c-9.088 0-12.373333-0.938667-15.658666-2.730666a18.432 18.432 0 0 1-7.68-7.68c-1.792-3.285333-2.730667-6.570667-2.730667-15.658667v-130.730667c0-9.088 0.938667-12.373333 2.730667-15.658666a18.474667 18.474667 0 0 1 7.68-7.68c3.285333-1.792 6.570667-2.730667 15.658666-2.730667h29.141334z\" fill=\"#1D2129\">\u003C/path>\u003C/symbol>\u003Csymbol id=\"iconbutton_set\" viewBox=\"0 0 1024 1024\">\u003Cpath d=\"M647.466667 444.245333c33.749333 0 66.645333-11.008 93.738666-31.36a158.165333 158.165333 0 0 0 56.576-81.578666h112.170667c9.984 0 13.610667-1.066667 17.237333-3.029334a20.394667 20.394667 0 0 0 8.490667-8.533333c1.962667-3.669333 2.986667-7.338667 2.986667-17.408v-32.426667c0-10.112-1.024-13.738667-2.986667-17.408a20.394667 20.394667 0 0 0-8.490667-8.533333c-3.626667-2.005333-7.253333-3.029333-17.237333-3.029333h-112.213333a158.165333 158.165333 0 0 0-56.576-81.621334 155.989333 155.989333 0 0 0-187.392 0 158.208 158.208 0 0 0-56.618667 81.578667H71.381333c-9.984 0-13.610667 1.066667-17.237333 3.072a20.437333 20.437333 0 0 0-8.490667 8.533333c-1.962667 3.669333-2.986667 7.296-2.986666 17.408v32.426667c0 10.069333 1.024 13.696 2.986666 17.365333a20.394667 20.394667 0 0 0 8.490667 8.533334c3.626667 2.005333 7.253333 3.072 17.237333 3.072h425.813334a157.013333 157.013333 0 0 0 150.272 112.938666z m0-90.368a66.730667 66.730667 0 0 1-47.530667-19.84 67.84 67.84 0 0 1-19.669333-47.914666 68.224 68.224 0 0 1 19.669333-47.914667 67.157333 67.157333 0 0 1 47.530667-19.882667c17.834667 0 34.901333 7.168 47.530666 19.882667a68.053333 68.053333 0 0 1 0 95.829333 66.901333 66.901333 0 0 1-47.530666 19.84zM333.866667 896c33.792 0 66.645333-11.008 93.738666-31.36a158.208 158.208 0 0 0 56.576-81.578667h425.770667c9.984 0 13.610667-1.024 17.237333-3.029333a20.437333 20.437333 0 0 0 8.490667-8.533333c1.962667-3.712 2.986667-7.338667 2.986667-17.408v-32.426667c0-10.069333-1.024-13.696-2.986667-17.408a20.394667 20.394667 0 0 0-8.490667-8.533333c-3.626667-1.962667-7.253333-2.986667-17.237333-2.986667l-425.813333-0.042667a158.165333 158.165333 0 0 0-56.576-81.578666 155.989333 155.989333 0 0 0-187.392 0 158.165333 158.165333 0 0 0-56.618667 81.578666H71.381333c-9.984 0-13.610667 1.066667-17.237333 3.029334a20.437333 20.437333 0 0 0-8.490667 8.533333c-1.962667 3.712-2.986667 7.338667-2.986666 17.408v32.426667c0 10.069333 1.024 13.738667 2.986666 17.408a20.394667 20.394667 0 0 0 8.490667 8.533333c3.626667 2.005333 7.253333 2.986667 17.237333 2.986667h112.213334A157.013333 157.013333 0 0 0 333.824 896z m0-90.368c-17.834667 0-34.901333-7.125333-47.530667-19.84a68.053333 68.053333 0 0 1 0-95.829333 66.901333 66.901333 0 0 1 95.061333 0 68.053333 68.053333 0 0 1 0 95.829333 66.901333 66.901333 0 0 1-47.530666 19.84z\" fill=\"#1D2129\">\u003C/path>\u003C/symbol>\u003Csymbol id=\"iconbutton_send\" viewBox=\"0 0 1024 1024\">\u003Cpath d=\"M289.877333 453.717333l181.717334-183.338666v583.168a42.368 42.368 0 0 0 42.538666 42.453333 42.624 42.624 0 0 0 42.538667-42.453333V270.378667l181.717333 183.338666a42.624 42.624 0 0 0 59.989334 0 38.656 38.656 0 0 0 0-56.448l-255.317334-257.194666a45.994667 45.994667 0 0 0-62.122666 0L225.621333 397.226667a38.613333 38.613333 0 0 0 0 56.448 42.581333 42.581333 0 0 0 64.256 0z\" fill=\"#1D2129\">\u003C/path>\u003C/symbol>\u003Csymbol id=\"iconToolbar_Transfer\" viewBox=\"0 0 1024 1024\">\u003Cpath d=\"M676.992 938.538667a22.314667 22.314667 0 0 0 16.085333-6.954667 24.192 24.192 0 0 0 6.656-16.768V391.722667h139.946667a13.226667 13.226667 0 0 0 7.253333-2.133334 14.037333 14.037333 0 0 0 4.992-5.802666 14.762667 14.762667 0 0 0-1.450666-14.933334l-202.410667-270.890666a22.997333 22.997333 0 0 0-6.442667-5.888 21.888 21.888 0 0 0-24.746666-4.864 22.954667 22.954667 0 0 0-10.112 8.746666 24.362667 24.362667 0 0 0-3.754667 13.098667v805.76c0 6.272 2.389333 12.330667 6.656 16.768 4.266667 4.437333 10.069333 6.954667 16.085333 6.954667h51.2z m-265.6-4.266667a24.490667 24.490667 0 0 0 9.557333-19.285333V109.226667a24.192 24.192 0 0 0-6.656-16.768 22.314667 22.314667 0 0 0-16.085333-6.912h-51.2a22.314667 22.314667 0 0 0-16.085333 6.912 24.192 24.192 0 0 0-6.656 16.768v523.093333H184.32a13.226667 13.226667 0 0 0-7.253333 2.133333 14.037333 14.037333 0 0 0-5.034667 5.802667 14.72 14.72 0 0 0 1.493333 14.933333l202.410667 270.848a23.04 23.04 0 0 0 6.442667 5.973334 22.101333 22.101333 0 0 0 29.013333 2.261333z\" fill=\"#1D2129\">\u003C/path>\u003C/symbol>\u003Csymbol id=\"iconLoad_Error\" viewBox=\"0 0 1024 1024\">\u003Cpath d=\"M832 138.120533l-323.1744-0.725333-49.186133 136.772267 9.966933 98.952533-55.611733 57.745067 33.7408-65.809067-38.510934-97.6896L443.460267 136.533333l-248.183467 1.5872C136.610133 138.496 85.077333 184.064 85.333333 242.926933l2.235734 535.2448c0.256 58.88 45.781333 109.294933 104.448 109.294934H832c58.666667 0 106.666667-48.170667 106.666667-107.050667V245.1712c0-58.88-48-107.050667-106.666667-107.050667z m-631.133867 54.459734l171.989334-0.938667-7.8336 87.586133 52.6592 89.002667-39.227734 117.495467 117.504-100.420267 7.765334-114.090667 43.008-79.5648H832c26.666667 0 53.333333 26.752 53.333333 53.521067v479.744l-132.224-169.301333c-16-26.760533-48-26.760533-69.3248-5.3504l-149.333333 149.870933-154.666667-198.0416c-16-21.410133-42.666667-21.410133-64 0L141.482667 716.296533l1.672533-469.162666c0.119467-32.110933 25.710933-54.382933 57.710933-54.5536z\" fill=\"#DADEE4\">\u003C/path>\u003Cpath d=\"M596.932267 349.269333c0 11.050667 2.167467 21.9904 6.365866 32.2048a84.155733 84.155733 0 0 0 18.141867 27.298134 83.6608 83.6608 0 0 0 27.153067 18.235733 83.293867 83.293867 0 0 0 91.195733-18.235733 84.1728 84.1728 0 0 0 18.141867-27.306667 84.548267 84.548267 0 0 0-18.141867-91.690667 83.652267 83.652267 0 0 0-27.144533-18.244266 83.3024 83.3024 0 0 0-91.204267 18.244266 84.155733 84.155733 0 0 0-18.141867 27.298134 84.548267 84.548267 0 0 0-6.365866 32.196266z\" fill=\"#DADEE4\">\u003C/path>\u003C/symbol>\u003Csymbol id=\"iconStop_Sharing\" viewBox=\"0 0 1024 1024\">\u003Cpath d=\"M938.666667 128a42.666667 42.666667 0 0 0-42.666667-42.666667H128a42.666667 42.666667 0 0 0-42.666667 42.666667v768a42.666667 42.666667 0 0 0 42.666667 42.666667h384v-85.333334H170.666667V170.666667h682.666666v341.333333h85.333334V128z m-251.562667 498.816c-5.12-4.864-7.936-6.314667-11.264-7.296a19.328 19.328 0 0 0-11.434667 0c-3.754667 1.152-6.869333 2.901333-13.610666 9.6l-21.674667 21.674667c-6.698667 6.741333-8.448 9.856-9.557333 13.653333a19.328 19.328 0 0 0 0 11.392c1.109333 3.754667 2.816 6.912 9.557333 13.653333l101.376 101.333334-101.333333 101.333333c-6.784 6.698667-8.490667 9.856-9.642667 13.653333a19.328 19.328 0 0 0 0 11.392c1.152 3.754667 2.901333 6.912 9.642667 13.653334l21.632 21.632c6.741333 6.698667 9.856 8.448 13.653333 9.6 3.712 1.152 7.68 1.152 11.392 0 3.754667-1.109333 6.912-2.858667 13.653333-9.6l101.333334-101.333334 101.333333 101.333334c6.698667 6.698667 9.856 8.448 13.653333 9.6 3.712 1.152 7.68 1.152 11.392 0 3.754667-1.109333 6.912-2.858667 13.653334-9.6l21.632-21.674667c6.698667-6.698667 8.448-9.856 9.6-13.653333a19.328 19.328 0 0 0 0-11.349334c-1.109333-3.797333-2.858667-6.954667-9.6-13.653333l-101.333334-101.333333 101.333334-101.333334c6.698667-6.741333 8.448-9.898667 9.6-13.653333a19.328 19.328 0 0 0 0-11.434667c-1.109333-3.754667-2.858667-6.869333-9.6-13.610666l-21.674667-21.674667c-6.698667-6.698667-9.856-8.448-13.653333-9.557333a19.328 19.328 0 0 0-11.349334 0c-3.797333 1.109333-6.954667 2.816-13.653333 9.557333l-101.333333 101.376-103.722667-103.68z\" fill=\"#1D2129\">\u003C/path>\u003C/symbol>\u003Csymbol id=\"icondecrease_borderless\" viewBox=\"0 0 1024 1024\">\u003Cpath d=\"M932.437333 475.562667A21.333333 21.333333 0 0 1 938.666667 490.666667v42.666666a21.333333 21.333333 0 0 1-21.333334 21.333334h-810.666666a21.333333 21.333333 0 0 1-21.333334-21.333334v-42.666666a21.333333 21.333333 0 0 1 21.333334-21.333334h810.666666a21.333333 21.333333 0 0 1 15.104 6.229334z\" fill=\"#1D2129\">\u003C/path>\u003C/symbol>\u003Csymbol id=\"iconadd_borderless\" viewBox=\"0 0 1024 1024\">\u003Cpath d=\"M548.437333 91.562667A21.333333 21.333333 0 0 1 554.666667 106.666667V469.333333h362.666666a21.333333 21.333333 0 0 1 21.333334 21.333334v42.666666a21.333333 21.333333 0 0 1-21.333334 21.333334H554.666667v362.666666a21.333333 21.333333 0 0 1-21.333334 21.333334h-42.666666a21.333333 21.333333 0 0 1-21.333334-21.333334V554.666667H106.666667a21.333333 21.333333 0 0 1-21.333334-21.333334v-42.666666a21.333333 21.333333 0 0 1 21.333334-21.333334H469.333333V106.666667a21.333333 21.333333 0 0 1 21.333334-21.333334h42.666666a21.333333 21.333333 0 0 1 15.104 6.229334z\" fill=\"#1D2129\">\u003C/path>\u003C/symbol>\u003Csymbol id=\"iconfolder_Encrypted\" viewBox=\"0 0 1024 1024\">\u003Cpath d=\"M410.453333 128c10.752 0 21.077333 4.096 28.672 11.349333 7.637333 7.253333 11.946667 17.066667 11.946667 27.349334v48.384h446.976c10.752 0 21.077333 4.096 28.714667 11.349333 7.594667 7.253333 11.904 17.066667 11.904 27.349333V512h-81.28v-74.368H166.613333V814.933333h365.653334v77.397334H125.994667a41.685333 41.685333 0 0 1-28.714667-11.349334 37.845333 37.845333 0 0 1-11.904-27.349333v-686.933333c0-10.282667 4.266667-20.138667 11.946667-27.392A41.685333 41.685333 0 0 1 125.909333 128H410.453333zM166.528 360.192h690.773333V292.48H369.834667v-87.04H166.570667v154.752z\" fill=\"#1D2129\">\u003C/path>\u003Cpath d=\"M768 554.666667c28.8 0 56.448 10.922667 76.8 30.421333 20.352 19.456 31.829333 45.909333 31.829333 73.472h31.018667c8.192 0 16.128 3.114667 21.930667 8.704 5.845333 5.546667 9.088 13.098667 9.088 20.992v178.090667a29.056 29.056 0 0 1-9.088 20.992 31.829333 31.829333 0 0 1-21.930667 8.661333h-279.296a31.829333 31.829333 0 0 1-21.930667-8.661333 29.056 29.056 0 0 1-9.088-20.992V688.213333c0-7.893333 3.285333-15.445333 9.088-20.992a31.829333 31.829333 0 0 1 21.930667-8.704h31.018667c0-27.562667 11.477333-54.016 31.829333-73.472A111.146667 111.146667 0 0 1 768 554.666667z m-108.629333 282.026666h217.258666v-118.784h-217.258666v118.741334zM768 614.016c-25.685333 0-46.506667 19.882667-46.506667 44.501333h93.013334c0-24.618667-20.821333-44.501333-46.506667-44.501333z\" fill=\"#000000\">\u003C/path>\u003C/symbol>\u003Csymbol id=\"iconManual_Installation\" viewBox=\"0 0 1024 1024\">\u003Cpath d=\"M734.848 85.333333c18.389333 0 34.773333 12.458667 40.533333 30.890667L938.666667 490.666667V896a42.666667 42.666667 0 0 1-42.666667 42.666667H128a42.666667 42.666667 0 0 1-42.666667-42.666667v-405.333333l155.776-374.442667c5.802667-18.432 22.101333-30.890667 40.533334-30.890667h453.205333zM170.666667 849.066667h682.666666v-268.8h-170.666666v157.866666a21.333333 21.333333 0 0 1-21.333334 21.333334h-298.666666a21.333333 21.333333 0 0 1-21.333334-21.333334v-157.866666H170.666667v268.8z m0-358.4h256v179.2h170.666666v-179.2h256l-145.792-315.136H315.989333L170.666667 490.666667z m505.770666-128a6.4 6.4 0 0 1 5.546667 3.285333 5.973333 5.973333 0 0 1-0.554667 6.272l-164.394666 94.592a6.314667 6.314667 0 0 1-10.026667 0L342.528 372.266667A5.973333 5.973333 0 0 1 341.333333 369.152a6.101333 6.101333 0 0 1 6.229334-6.485333h328.832z\" fill=\"#1D2129\">\u003C/path>\u003Cpath d=\"M576 384h-128l32-128h64l32 128z\" fill=\"#1D2129\">\u003C/path>\u003C/symbol>\u003Csymbol id=\"iconinput_clear\" viewBox=\"0 0 1024 1024\">\u003Cpath d=\"M512 85.333333c235.648 0 426.666667 191.018667 426.666667 426.666667s-191.018667 426.666667-426.666667 426.666667S85.333333 747.648 85.333333 512 276.352 85.333333 512 85.333333z m120.661333 254.506667a21.333333 21.333333 0 0 0-15.061333 6.229333L512 451.669333 406.4 346.026667a21.333333 21.333333 0 0 0-30.165333 0l-30.165334 30.165333a21.333333 21.333333 0 0 0 0 30.165333L451.669333 512 346.026667 617.6a21.333333 21.333333 0 0 0 0 30.165333l30.165333 30.165334a21.333333 21.333333 0 0 0 30.165333 0L512 572.330667l105.6 105.6a21.333333 21.333333 0 0 0 30.165333 0l30.165334-30.165334a21.333333 21.333333 0 0 0 0-30.165333L572.330667 512l105.6-105.6a21.333333 21.333333 0 0 0 0-30.165333l-30.165334-30.165334a21.333333 21.333333 0 0 0-15.104-6.229333z\" fill=\"#000000\">\u003C/path>\u003C/symbol>\u003Csymbol id=\"iconfile_Recycle\" viewBox=\"0 0 1024 1024\">\u003Cpath d=\"M833.585951 290.441366a34.965854 34.965854 0 0 1 34.578732 38.237658l-0.062439 0.624391-53.610146 504.020292A128.724293 128.724293 0 0 1 688.727415 949.073171h-1.973074l-336.733658-0.811708a128.686829 128.686829 0 0 1-126.888585-113.639024l-0.237269-1.973073-53.972292-503.345951a34.953366 34.953366 0 0 1 33.891902-38.887025h630.759024l0.012488 0.024976zM421.813073 442.155707a34.903415 34.903415 0 0 0-34.716097 34.516293v241.726439a34.716098 34.716098 0 0 0 69.419707-0.249756V476.422244a34.903415 34.903415 0 0 0-34.716098-34.279024v0.012487z m181.110634 0a34.903415 34.903415 0 0 0-34.716097 34.516293v241.726439a34.716098 34.716098 0 0 0 69.419707-0.249756V476.422244a34.903415 34.903415 0 0 0-34.716097-34.279024v0.012487zM914.481951 195.559024a35.10322 35.10322 0 0 1 0.824195 70.193952H109.780293a35.10322 35.10322 0 0 1-0.824195-70.193952H914.481951zM648.504195 74.926829a35.10322 35.10322 0 0 1 0.836683 70.193951H375.458341A35.10322 35.10322 0 0 1 374.634146 74.926829h273.882537z\" fill=\"#86909C\">\u003C/path>\u003C/symbol>\u003Csymbol id=\"iconnetwork_OVS\" viewBox=\"0 0 1024 1024\">\u003Cpath d=\"M183.466667 775.509333a142.293333 142.293333 0 0 1-75.349334-20.992 163.754667 163.754667 0 0 1-55.125333-55.893333 150.186667 150.186667 0 0 1-20.608-77.226667l0.725333-243.413333c0-28.501333 6.869333-54.101333 20.650667-76.842667 13.482667-23.04 31.744-41.386667 54.741333-55.125333a141.610667 141.610667 0 0 1 75.008-21.034667c27.989333 0 53.12 6.912 75.349334 20.650667 22.528 13.738667 40.533333 32.256 54.016 55.466667 13.738667 23.04 20.608 48.64 20.608 76.885333l0.768 243.370667c0 28.032-6.741333 53.632-20.266667 76.885333-13.738667 23.509333-32 42.24-54.741333 56.277333a141.653333 141.653333 0 0 1-75.733334 20.992z m0-92.629333c15.530667 0 29.013333-6.272 40.533333-18.773333 11.52-12.714667 17.237333-26.965333 17.237333-42.752L240.512 378.026667c0-16.981333-5.376-31.36-16.128-43.093334a52.992 52.992 0 0 0-40.874667-17.621333c-15.786667 0-29.269333 5.717333-40.533333 17.237333-11.221333 11.52-16.853333 26.026667-16.853333 43.52v243.370667c0 16.725333 5.632 31.232 16.896 43.477333 11.221333 11.989333 24.746667 18.005333 40.490666 18.005334zM555.904 768h-93.013333c-2.218667 0-3.456-1.28-3.712-3.754667L352.981333 236.629333c-0.469333-2.005333 0.512-2.986667 2.986667-2.986666h87.04c2.005333 0 3.242667 0.981333 3.754667 2.986666l62.976 351.744 61.525333-351.744c0.469333-2.005333 1.706667-2.986667 3.754667-2.986666h85.845333c2.773333 0 3.754667 0.981333 2.986667 2.986666l-104.234667 527.616c-0.256 2.517333-1.493333 3.754667-3.754667 3.754667z m283.52 7.509333a142.293333 142.293333 0 0 1-75.392-20.992 160.554667 160.554667 0 0 1-54.741333-55.893333 152.362667 152.362667 0 0 1-20.266667-77.226667v-35.285333c0-2.730667 1.28-4.096 3.754667-4.096h86.272c2.005333 0 2.986667 1.365333 2.986666 4.096v35.242667c0 16.768 5.632 31.274667 16.896 43.52 11.221333 11.989333 24.746667 18.005333 40.490667 18.005333 16 0 29.610667-6.144 40.874667-18.346667 11.264-12.544 16.853333-26.88 16.853333-43.136 0-18.773333-12.245333-35.157333-36.736-49.152a290.048 290.048 0 0 0-15.786667-8.96 618.069333 618.069333 0 0 0-22.442666-12.8l-25.514667-13.866666c-8.277333-4.736-16.256-9.258667-24.021333-13.482667-27.989333-16.512-48.853333-37.12-62.592-61.866667-13.525333-25.002667-20.266667-53.034667-20.266667-84.053333 0-28.458667 6.997333-54.186667 20.992-77.226667a157.226667 157.226667 0 0 1 54.741333-53.973333 142.250667 142.250667 0 0 1 73.898667-20.266667c27.264 0 52.266667 6.741333 75.008 20.266667 22.741333 13.738667 40.874667 32 54.357333 54.741333 13.738667 22.741333 20.650667 48.213333 20.650667 76.501334v62.976c0 2.005333-1.024 2.986667-2.986667 2.986666h-86.272c-2.005333 0-2.986667-0.981333-2.986666-2.986666l-0.768-62.976c0-18.005333-5.632-32.64-16.896-43.904a54.826667 54.826667 0 0 0-40.106667-16.853334c-15.786667 0-29.269333 5.973333-40.533333 18.005334a60.416 60.416 0 0 0-16.853334 42.752c0 16.725333 3.498667 30.72 10.496 41.984 7.253333 11.264 20.394667 22.016 39.381334 32.256a1883.221333 1883.221333 0 0 1 37.888 20.992c8.96 4.736 17.109333 9.130667 24.362666 13.141333l13.141334 6.741333c25.472 14.250667 45.610667 31.744 60.373333 52.48 14.976 20.778667 22.485333 46.293333 22.485333 76.501334 0 29.269333-6.741333 55.509333-20.266666 78.762666-13.738667 23.253333-32 41.642667-54.741334 55.125334a145.621333 145.621333 0 0 1-75.733333 20.266666z\" fill=\"#1D2129\">\u003C/path>\u003C/symbol>\u003Csymbol id=\"iconupdatable\" viewBox=\"0 0 1024 1024\">\u003Cpath d=\"M85.333333 512a426.666667 426.666667 0 1 0 853.333334 0 426.666667 426.666667 0 0 0-853.333334 0z\" fill=\"#209AFF\">\u003C/path>\u003Cpath d=\"M738.133333 435.2c0 6.058667-0.256 12.16-0.768 18.176a116.352 116.352 0 0 1 40.490667 13.226667 128.554667 128.554667 0 0 1 17.834667 11.861333 119.466667 119.466667 0 0 1 37.248 51.370667 116.138667 116.138667 0 0 1 5.674666 20.608 119.125333 119.125333 0 0 1-27.221333 99.498666 117.376 117.376 0 0 1-33.024 26.624 116.352 116.352 0 0 1-19.498667 8.490667 113.493333 113.493333 0 0 1-20.736 4.906667v1.237333H328.533333a130.645333 130.645333 0 0 1-26.624-2.645333 134.485333 134.485333 0 0 1-49.237333-20.352 143.189333 143.189333 0 0 1-29.696-26.88 131.968 131.968 0 0 1-14.848-22.272A138.922667 138.922667 0 0 1 192 554.666667a133.12 133.12 0 0 1 1.834667-22.442667 154.282667 154.282667 0 0 1 5.546666-21.845333 147.925333 147.925333 0 0 1 9.045334-20.608 143.061333 143.061333 0 0 1 19.541333-27.477334 137.685333 137.685333 0 0 1 35.413333-27.605333 130.133333 130.133333 0 0 1 20.608-9.088c3.541333-1.237333 7.125333-2.304 10.794667-3.242667a230.826667 230.826667 0 0 1 6.357333-41.386666 254.890667 254.890667 0 0 1 6.058667-20.053334 241.493333 241.493333 0 0 1 7.936-19.456 212.053333 212.053333 0 0 1 15.317333-27.434666 194.005333 194.005333 0 0 1 12.245334-17.066667 251.946667 251.946667 0 0 1 13.824-15.744 253.952 253.952 0 0 1 15.274666-14.378667 224.298667 224.298667 0 0 1 92.501334-47.36 273.706667 273.706667 0 0 1 20.608-3.882666A228.352 228.352 0 0 1 516.266667 213.333333a216.533333 216.533333 0 0 1 43.264 4.266667 204.8 204.8 0 0 1 21.162666 5.290667 218.453333 218.453333 0 0 1 49.664 22.016 238.848 238.848 0 0 1 18.090667 12.074666 239.36 239.36 0 0 1 16.810667 13.824 225.365333 225.365333 0 0 1 35.498666 41.088 240.810667 240.810667 0 0 1 16.085334 28.458667 245.418667 245.418667 0 0 1 8.32 20.096 202.154667 202.154667 0 0 1 6.314666 20.864 207.573333 207.573333 0 0 1 5.589334 32.128 250.752 250.752 0 0 1 1.066666 21.76z\" fill=\"#89CAFF\">\u003C/path>\u003Cpath d=\"M483.925333 341.333333a17.066667 17.066667 0 0 0-17.066666 17.066667v136.533333H422.357333a17.066667 17.066667 0 0 0-12.885333 28.245334l95.658667 110.506666a16.810667 16.810667 0 0 0 12.928 5.845334 16.981333 16.981333 0 0 0 12.885333-5.888l95.658667-110.506667a16.725333 16.725333 0 0 0 4.010666-13.568 16.896 16.896 0 0 0-12.117333-13.952 16.810667 16.810667 0 0 0-4.778667-0.682667h-44.458666V358.4a17.066667 17.066667 0 0 0-17.066667-17.066667h-68.266667z\" fill=\"#FFFFFF\">\u003C/path>\u003C/symbol>\u003Csymbol id=\"iconuesr_set_account\" viewBox=\"0 0 1024 1024\">\u003Cpath d=\"M938.666667 864.384v12.373333a19.157333 19.157333 0 0 1-19.370667 19.242667h-39.552a20.096 20.096 0 0 1-19.797333-18.432 103.765333 103.765333 0 0 0-0.426667-3.84c-10.026667-74.026667-66.432-130.730667-127.914667-130.730667H621.653333c-61.909333 0-118.314667 57.472-127.744 132.266667a81.493333 81.493333 0 0 0-0.213333 2.218667 20.181333 20.181333 0 0 1-19.84 18.517333h-39.466667a19.498667 19.498667 0 0 1-13.738666-5.632 19.157333 19.157333 0 0 1-5.674667-13.568v-12.416c0-90.624 63.018667-167.04 145.194667-190.72a161.706667 161.706667 0 0 1-34.346667-177.450667 163.413333 163.413333 0 0 1 60.714667-72.704 165.632 165.632 0 0 1 182.314666 0.213334 163.413333 163.413333 0 0 1 60.586667 72.874666 161.706667 161.706667 0 0 1-34.816 177.365334c81.621333 23.936 144 100.096 144 190.421333zM162.901333 204.885333v576.512h169.685334v76.885334H124.16a38.997333 38.997333 0 0 1-27.434667-11.264 38.272 38.272 0 0 1-11.349333-27.178667V166.442667c0-10.24 4.096-19.968 11.349333-27.178667A38.954667 38.954667 0 0 1 124.16 128h698.197333c10.24 0 20.138667 4.053333 27.434667 11.264 7.253333 7.210667 11.349333 16.981333 11.349333 27.178667v220.8a323.456 323.456 0 0 0-77.568-47.061334V204.885333H162.901333z m77.568 192.170667c0-5.12 2.048-9.984 5.674667-13.610667a19.498667 19.498667 0 0 1 13.738667-5.589333h174.506666a19.456 19.456 0 0 1 19.413334 19.2v38.4c0 5.12-2.005333 10.026667-5.674667 13.653333a19.456 19.456 0 0 1-13.696 5.589334H259.84a19.498667 19.498667 0 0 1-13.738667-5.632 19.114667 19.114667 0 0 1-5.674666-13.568v-38.442667z m0 153.728c0-5.077333 2.048-9.984 5.674667-13.568a19.498667 19.498667 0 0 1 13.738667-5.632h77.568c5.12 0 10.069333 2.005333 13.696 5.632 3.669333 3.584 5.717333 8.490667 5.717333 13.568v38.442667a19.498667 19.498667 0 0 1-19.413333 19.2H259.882667a19.498667 19.498667 0 0 1-13.738667-5.589334 19.157333 19.157333 0 0 1-5.674667-13.610666v-38.4z m437.12-77.568c-23.04 0-45.226667 9.045333-61.525333 25.216a85.76 85.76 0 0 0 0 121.898667 87.381333 87.381333 0 0 0 123.008 0 85.76 85.76 0 0 0 0-121.898667 87.381333 87.381333 0 0 0-61.482667-25.216z\" fill=\"#1D2129\">\u003C/path>\u003C/symbol>\u003Csymbol id=\"iconuesr_set_display\" viewBox=\"0 0 1024 1024\">\u003Cpath d=\"M876.8 834.005333A19.114667 19.114667 0 0 1 896 853.333333v66.005334a19.413333 19.413333 0 0 1-19.2 19.328H147.2a19.114667 19.114667 0 0 1-19.2-19.328V853.333333a19.413333 19.413333 0 0 1 19.2-19.328h729.6z m-415.744-743.253333l294.4 296.661333a36.864 36.864 0 0 1 7.978667 40.192 36.821333 36.821333 0 0 1-7.936 11.946667l-287.701334 289.877333a36.437333 36.437333 0 0 1-51.754666 0l-240.469334-242.261333a36.864 36.864 0 0 1-7.936-40.192 36.864 36.864 0 0 1 7.936-11.946667l261.376-263.381333-28.117333-28.288a18.432 18.432 0 0 1 0-26.069333l26.368-26.581334a18.218667 18.218667 0 0 1 25.856 0z m304.170667 461.653333l51.712 54.485334c28.586667 30.08 28.586667 78.890667 0 109.013333a70.912 70.912 0 0 1-51.712 22.528 70.485333 70.485333 0 0 1-51.754667-22.528 80 80 0 0 1 0-109.013333l51.754667-54.485334z m-276.522667-328.618666l-235.008 236.8 18.389333 18.56 342.186667-1.578667 63.146667-63.616-188.714667-190.165333z\" fill=\"#1D2129\">\u003C/path>\u003C/symbol>\u003Csymbol id=\"iconMount_SMB_not\" viewBox=\"0 0 1024 1024\">\u003Cpath d=\"M42.666667 111.893333a47.829333 47.829333 0 0 1 3.562666-18.346666c1.130667-2.922667 2.624-5.696 4.330667-8.298667 1.685333-2.602667 3.648-4.992 5.802667-7.296a48.448 48.448 0 0 1 15.210666-10.389333A46.890667 46.890667 0 0 1 89.6 64h321.024c9.173333 0 18.133333 2.730667 25.813333 7.893333 7.68 5.141333 13.674667 12.501333 17.28 21.141334l23.082667 54.72H934.4a48.810667 48.810667 0 0 1 17.92 3.626666 48.448 48.448 0 0 1 15.210667 10.389334c2.154667 2.325333 4.138667 4.736 5.824 7.317333 1.792 2.602667 3.2 5.397333 4.309333 8.277333a42.666667 42.666667 0 0 1 2.730667 8.938667c0.554667 3.178667 0.938667 6.250667 0.938666 9.429333V698.666667c0 3.178667-0.384 6.250667-0.938666 9.322666a41.813333 41.813333 0 0 1-2.730667 9.045334 40.661333 40.661333 0 0 1-4.309333 8.256 53.333333 53.333333 0 0 1-5.824 7.317333 48.469333 48.469333 0 0 1-15.210667 10.389333 48.704 48.704 0 0 1-17.92 3.648H89.6a48.853333 48.853333 0 0 1-18.026667-3.648 48.469333 48.469333 0 0 1-15.210666-10.389333 53.333333 53.333333 0 0 1-5.802667-7.317333 45.930667 45.930667 0 0 1-4.330667-8.256A47.829333 47.829333 0 0 1 42.666667 698.666667V111.893333z\" fill=\"#9FA9B4\">\u003C/path>\u003Cpath d=\"M193.216 192h637.482667C859.989333 192 874.666667 208.746667 874.666667 242.432v453.802667C874.666667 729.834667 859.989333 746.666667 830.72 746.666667H193.194667C163.925333 746.666667 149.333333 729.813333 149.333333 696.234667V242.432C149.333333 208.725333 163.925333 192 193.216 192z\" fill=\"#EAEAEA\">\u003C/path>\u003Cpath d=\"M89.6 256h844.8c31.253333 0 46.933333 13.205333 46.933333 39.786667v411.008C981.333333 733.376 965.653333 746.666667 934.4 746.666667H89.6C58.24 746.666667 42.666667 733.376 42.666667 706.773333V295.808C42.666667 269.226667 58.24 256 89.6 256z\" fill=\"#A5B2C4\">\u003C/path>\u003Cpath d=\"M43.178667 877.909333a20.48 20.48 0 0 1 20.778666-20.202666h903.68a20.48 20.48 0 0 1 20.778667 20.202666v47.125334a20.48 20.48 0 0 1-20.778667 20.202666H63.957333a20.48 20.48 0 0 1-20.778666-20.202666v-47.146667z\" fill=\"#86909C\">\u003C/path>\u003Cpath d=\"M470.784 748.309333h90.026667v109.397334h-90.026667v-109.397334z\" fill=\"#86909C\">\u003C/path>\u003Cpath d=\"M167.850667 526.613333l62.869333-3.946666c1.344 10.218667 4.117333 17.984 8.32 23.338666 6.784 8.64 16.512 12.970667 29.141333 12.970667 9.429333 0 16.682667-2.176 21.738667-6.570667 5.141333-4.48 7.722667-9.6 7.722667-15.445333 0-5.546667-2.432-10.496-7.296-14.869333-4.842667-4.373333-16.128-8.533333-33.834667-12.394667-28.970667-6.528-49.621333-15.168-61.973333-25.962667-12.437333-10.794667-18.666667-24.533333-18.666667-41.28 0-10.986667 3.157333-21.333333 9.472-31.061333 6.421333-9.813333 16-17.493333 28.736-23.04 12.842667-5.632 30.378667-8.448 52.650667-8.448 27.306667 0 48.128 5.098667 62.421333 15.296 14.378667 10.112 22.933333 26.24 25.664 48.426667l-62.293333 3.626666c-1.642667-9.6-5.12-16.618667-10.474667-20.992-5.248-4.373333-12.544-6.549333-21.888-6.549333-7.68 0-13.44 1.642667-17.344 4.949333a14.762667 14.762667 0 0 0-5.845333 11.818667c0 3.413333 1.621333 6.464 4.821333 9.173333 3.114667 2.837333 10.496 5.461333 22.165333 7.893334 28.885333 6.208 49.536 12.544 61.973334 18.944 12.544 6.336 21.632 14.208 27.285333 23.637333 5.738667 9.429333 8.597333 19.968 8.597333 31.637333 0 13.717333-3.797333 26.346667-11.370666 37.930667-7.594667 11.562667-18.176 20.352-31.786667 26.389333-13.610667 5.930667-30.784 8.896-51.498667 8.896-36.352 0-61.525333-6.997333-75.52-21.013333-14.016-13.994667-21.930667-31.786667-23.786666-53.354667z m226.624-143.061333h86.912l33.557333 130.069333 33.386667-130.090666h86.613333V597.333333h-53.952v-163.050666L539.136 597.333333h-48.853333l-41.706667-163.050666V597.333333h-54.101333V383.552z m282.922666 0h123.669334c20.608 0 36.416 5.098667 47.402666 15.296 11.072 10.218667 16.618667 22.848 16.618667 37.930667 0 12.629333-3.946667 23.466667-11.818667 32.512-5.248 6.037333-12.928 10.794667-23.04 14.293333 15.36 3.690667 26.645333 10.069333 33.834667 19.114667 7.296 8.938667 10.944 20.202667 10.944 33.813333 0 11.093333-2.581333 21.056-7.744 29.909333a56.917333 56.917333 0 0 1-21.12 20.992c-5.546667 3.2-13.930667 5.546667-25.109333 6.997334-14.869333 1.941333-24.746667 2.922667-29.589334 2.922666h-114.048V383.552z m66.645334 83.84h28.736c10.304 0 17.450667-1.749333 21.44-5.248 4.053333-3.605333 6.122667-8.746667 6.122666-15.445333 0-6.229333-2.048-11.093333-6.144-14.592-3.968-3.498667-10.965333-5.248-20.992-5.248h-29.162666v40.533333z m0 84.010667h33.706666c11.349333 0 19.370667-2.005333 24.042667-5.973334 4.672-4.096 6.997333-9.536 6.997333-16.341333a18.56 18.56 0 0 0-6.997333-15.168c-4.565333-3.882667-12.650667-5.845333-24.213333-5.845333h-33.536v43.306666z\" fill=\"#FFFFFF\">\u003C/path>\u003C/symbol>\u003Csymbol id=\"iconMount_DAV_not\" viewBox=\"0 0 1024 1024\">\u003Cpath d=\"M42.666667 111.893333a47.829333 47.829333 0 0 1 3.562666-18.346666c1.130667-2.922667 2.624-5.696 4.330667-8.298667 1.685333-2.602667 3.648-4.992 5.802667-7.296a48.448 48.448 0 0 1 15.210666-10.389333A46.890667 46.890667 0 0 1 89.6 64h321.024c9.173333 0 18.133333 2.730667 25.813333 7.893333 7.68 5.141333 13.674667 12.501333 17.28 21.141334l23.082667 54.72H934.4a48.810667 48.810667 0 0 1 17.92 3.626666 48.448 48.448 0 0 1 15.210667 10.389334c2.154667 2.325333 4.138667 4.736 5.824 7.317333 1.792 2.602667 3.2 5.397333 4.309333 8.277333a42.666667 42.666667 0 0 1 2.730667 8.938667c0.554667 3.178667 0.938667 6.250667 0.938666 9.429333V698.666667c0 3.178667-0.384 6.250667-0.938666 9.322666a41.813333 41.813333 0 0 1-2.730667 9.045334 40.661333 40.661333 0 0 1-4.309333 8.256 53.333333 53.333333 0 0 1-5.824 7.317333 48.469333 48.469333 0 0 1-15.210667 10.389333 48.704 48.704 0 0 1-17.92 3.648H89.6a48.853333 48.853333 0 0 1-18.026667-3.648 48.469333 48.469333 0 0 1-15.210666-10.389333 53.333333 53.333333 0 0 1-5.802667-7.317333 45.930667 45.930667 0 0 1-4.330667-8.256A47.829333 47.829333 0 0 1 42.666667 698.666667V111.893333z\" fill=\"#9FA9B4\">\u003C/path>\u003Cpath d=\"M193.216 192h637.482667C859.989333 192 874.666667 208.746667 874.666667 242.432v453.802667C874.666667 729.834667 859.989333 746.666667 830.72 746.666667H193.194667C163.925333 746.666667 149.333333 729.813333 149.333333 696.234667V242.432C149.333333 208.725333 163.925333 192 193.216 192z\" fill=\"#EAEAEA\">\u003C/path>\u003Cpath d=\"M89.6 256h844.8c31.253333 0 46.933333 13.205333 46.933333 39.786667v411.008C981.333333 733.376 965.653333 746.666667 934.4 746.666667H89.6C58.24 746.666667 42.666667 733.376 42.666667 706.773333V295.808C42.666667 269.226667 58.24 256 89.6 256z\" fill=\"#A5B2C4\">\u003C/path>\u003Cpath d=\"M43.178667 877.909333a20.48 20.48 0 0 1 20.778666-20.202666h903.68a20.48 20.48 0 0 1 20.778667 20.202666v47.125334a20.48 20.48 0 0 1-20.778667 20.202666H63.957333a20.48 20.48 0 0 1-20.778666-20.202666v-47.146667z\" fill=\"#86909C\">\u003C/path>\u003Cpath d=\"M470.784 748.309333h90.026667v109.397334h-90.026667v-109.397334z\" fill=\"#86909C\">\u003C/path>\u003Cpath d=\"M200.789333 383.552h98.133334c19.370667 0 34.965333 2.624 46.826666 7.872 11.946667 5.248 21.824 12.778667 29.610667 22.613333 7.765333 9.813333 13.418667 21.226667 16.917333 34.261334 3.498667 13.013333 5.248 26.837333 5.248 41.408 0 22.848-2.624 40.597333-7.893333 53.226666a88.021333 88.021333 0 0 1-21.568 31.658667c-9.237333 8.448-19.157333 14.08-29.76 16.917333-14.485333 3.882667-27.605333 5.824-39.36 5.824h-98.133333V383.552z m66.069334 48.405333v116.821334h16.192c13.802667 0 23.616-1.514667 29.44-4.522667 5.845333-3.114667 10.410667-8.469333 13.717333-16.042667 3.306667-7.68 4.949333-20.074667 4.949333-37.184 0-22.656-3.690667-38.186667-11.093333-46.528-7.36-8.362667-19.626667-12.544-36.736-12.544h-16.469333z m284.224 130.090667h-75.242667L465.472 597.333333h-67.52l80.362667-213.781333h72.042666L630.72 597.333333h-69.12l-10.517333-35.285333z m-13.866667-46.229333l-23.616-76.864-23.466667 76.864h47.104z m77.013333-132.266667h69.12l48.128 153.834667 47.402667-153.856h67.072L766.613333 597.333333H695.04l-80.789333-213.781333z\" fill=\"#FFFFFF\">\u003C/path>\u003C/symbol>\u003Csymbol id=\"iconMount_NFS_Online\" viewBox=\"0 0 1024 1024\">\u003Cpath d=\"M42.666667 111.893333a47.829333 47.829333 0 0 1 3.562666-18.346666c1.130667-2.922667 2.624-5.696 4.330667-8.298667 1.685333-2.602667 3.648-4.992 5.802667-7.296a48.448 48.448 0 0 1 15.210666-10.389333A46.890667 46.890667 0 0 1 89.6 64h321.024c9.173333 0 18.133333 2.730667 25.813333 7.893333 7.68 5.141333 13.674667 12.501333 17.28 21.141334l23.082667 54.72H934.4a48.810667 48.810667 0 0 1 17.92 3.626666 48.426667 48.426667 0 0 1 15.210667 10.389334c2.154667 2.325333 4.138667 4.736 5.824 7.317333 1.792 2.602667 3.2 5.397333 4.309333 8.277333a42.666667 42.666667 0 0 1 2.730667 8.938667c0.554667 3.178667 0.938667 6.250667 0.938666 9.429333V698.666667c0 3.178667-0.384 6.250667-0.938666 9.322666a41.813333 41.813333 0 0 1-2.730667 9.045334 40.661333 40.661333 0 0 1-4.309333 8.256 53.333333 53.333333 0 0 1-5.824 7.317333 48.469333 48.469333 0 0 1-15.210667 10.389333 48.704 48.704 0 0 1-17.92 3.648H89.6a48.853333 48.853333 0 0 1-18.026667-3.648 48.469333 48.469333 0 0 1-15.210666-10.389333 53.333333 53.333333 0 0 1-5.802667-7.317333 45.930667 45.930667 0 0 1-4.330667-8.256A47.829333 47.829333 0 0 1 42.666667 698.666667V111.893333z\" fill=\"#FFB02C\">\u003C/path>\u003Cpath d=\"M193.216 192h637.482667C859.989333 192 874.666667 208.746667 874.666667 242.432v453.802667C874.666667 729.834667 859.989333 746.666667 830.72 746.666667H193.194667C163.925333 746.666667 149.333333 729.813333 149.333333 696.234667V242.432C149.333333 208.725333 163.925333 192 193.216 192z\" fill=\"#FFE4BA\">\u003C/path>\u003Cpath d=\"M89.6 256h844.8c31.253333 0 46.933333 13.205333 46.933333 39.786667v411.008C981.333333 733.376 965.653333 746.666667 934.4 746.666667H89.6C58.24 746.666667 42.666667 733.376 42.666667 706.773333V295.808C42.666667 269.226667 58.24 256 89.6 256z\" fill=\"#FFCA28\">\u003C/path>\u003Cpath d=\"M43.178667 877.909333a20.48 20.48 0 0 1 20.778666-20.202666h903.68a20.48 20.48 0 0 1 20.778667 20.202666v47.125334a20.48 20.48 0 0 1-20.778667 20.202666H63.957333a20.48 20.48 0 0 1-20.778666-20.202666v-47.146667z\" fill=\"#86909C\">\u003C/path>\u003Cpath d=\"M470.784 748.309333h90.026667v109.397334h-90.026667v-109.397334z\" fill=\"#86909C\">\u003C/path>\u003Cpath d=\"M202.389333 383.552h61.696l80.490667 118.272v-118.272h62.293333V597.333333h-62.293333L264.533333 479.936V597.333333H202.389333V383.552z m248.661334 0h163.328v45.930667h-96.981334v37.333333h82.837334v43.157333h-82.837334V597.333333h-66.346666V383.552z m187.392 143.061333l62.848-3.946666c1.365333 10.218667 4.138667 17.984 8.32 23.338666 6.805333 8.64 16.512 12.970667 29.162666 12.970667 9.429333 0 16.661333-2.176 21.717334-6.570667 5.162667-4.48 7.744-9.6 7.744-15.445333 0-5.546667-2.432-10.496-7.296-14.869333-4.864-4.373333-16.149333-8.533333-33.834667-12.394667-28.970667-6.528-49.621333-15.168-61.973333-25.962667-12.458667-10.794667-18.666667-24.533333-18.666667-41.28 0-10.986667 3.157333-21.333333 9.472-31.061333 6.4-9.813333 16-17.493333 28.736-23.04 12.821333-5.632 30.378667-8.448 52.650667-8.448 27.306667 0 48.106667 5.098667 62.4 15.296 14.4 10.112 22.954667 26.24 25.664 48.426667l-62.250667 3.626666c-1.664-9.6-5.162667-16.618667-10.517333-20.992-5.248-4.373333-12.544-6.549333-21.866667-6.549333-7.68 0-13.461333 1.642667-17.365333 4.949333a14.762667 14.762667 0 0 0-5.824 11.818667c0 3.413333 1.6 6.464 4.821333 9.173333 3.093333 2.837333 10.496 5.461333 22.165333 7.893334 28.864 6.208 49.536 12.544 61.973334 18.944 12.544 6.336 21.632 14.208 27.264 23.637333 5.76 9.429333 8.618667 19.968 8.618666 31.637333 0 13.717333-3.797333 26.346667-11.392 37.930667-7.573333 11.562667-18.176 20.352-31.786666 26.389333-13.610667 5.930667-30.762667 8.896-51.477334 8.896-36.352 0-61.546667-6.997333-75.541333-21.013333-13.994667-13.994667-21.930667-31.786667-23.765333-53.354667z\" fill=\"#FFFFFF\">\u003C/path>\u003C/symbol>\u003Csymbol id=\"iconMount_DAV_Online\" viewBox=\"0 0 1024 1024\">\u003Cpath d=\"M42.666667 111.893333a47.829333 47.829333 0 0 1 3.562666-18.346666c1.130667-2.922667 2.624-5.696 4.330667-8.298667 1.685333-2.602667 3.648-4.992 5.802667-7.296a48.448 48.448 0 0 1 15.210666-10.389333A46.890667 46.890667 0 0 1 89.6 64h321.024c9.173333 0 18.133333 2.730667 25.813333 7.893333 7.68 5.141333 13.674667 12.501333 17.28 21.141334l23.082667 54.72H934.4a48.810667 48.810667 0 0 1 17.92 3.626666 48.426667 48.426667 0 0 1 15.210667 10.389334c2.154667 2.325333 4.138667 4.736 5.824 7.317333 1.792 2.602667 3.2 5.397333 4.309333 8.277333a42.666667 42.666667 0 0 1 2.730667 8.938667c0.554667 3.178667 0.938667 6.250667 0.938666 9.429333V698.666667c0 3.178667-0.384 6.250667-0.938666 9.322666a41.813333 41.813333 0 0 1-2.730667 9.045334 40.661333 40.661333 0 0 1-4.309333 8.256 53.333333 53.333333 0 0 1-5.824 7.317333 48.469333 48.469333 0 0 1-15.210667 10.389333 48.704 48.704 0 0 1-17.92 3.648H89.6a48.853333 48.853333 0 0 1-18.026667-3.648 48.469333 48.469333 0 0 1-15.210666-10.389333 53.333333 53.333333 0 0 1-5.802667-7.317333 45.930667 45.930667 0 0 1-4.330667-8.256A47.829333 47.829333 0 0 1 42.666667 698.666667V111.893333z\" fill=\"#FFB02C\">\u003C/path>\u003Cpath d=\"M193.216 192h637.482667C859.989333 192 874.666667 208.746667 874.666667 242.432v453.802667C874.666667 729.834667 859.989333 746.666667 830.72 746.666667H193.194667C163.925333 746.666667 149.333333 729.813333 149.333333 696.234667V242.432C149.333333 208.725333 163.925333 192 193.216 192z\" fill=\"#FFE4BA\">\u003C/path>\u003Cpath d=\"M89.6 256h844.8c31.253333 0 46.933333 13.205333 46.933333 39.786667v411.008C981.333333 733.376 965.653333 746.666667 934.4 746.666667H89.6C58.24 746.666667 42.666667 733.376 42.666667 706.773333V295.808C42.666667 269.226667 58.24 256 89.6 256z\" fill=\"#FFCA28\">\u003C/path>\u003Cpath d=\"M43.178667 877.909333a20.48 20.48 0 0 1 20.778666-20.202666h903.68a20.48 20.48 0 0 1 20.778667 20.202666v47.125334a20.48 20.48 0 0 1-20.778667 20.202666H63.957333a20.48 20.48 0 0 1-20.778666-20.202666v-47.146667z\" fill=\"#86909C\">\u003C/path>\u003Cpath d=\"M470.784 748.309333h90.026667v109.397334h-90.026667v-109.397334z\" fill=\"#86909C\">\u003C/path>\u003Cpath d=\"M200.789333 383.552h98.133334c19.370667 0 34.965333 2.624 46.826666 7.872 11.946667 5.248 21.824 12.778667 29.610667 22.613333 7.765333 9.813333 13.418667 21.226667 16.917333 34.261334 3.498667 13.013333 5.248 26.837333 5.248 41.408 0 22.848-2.624 40.597333-7.893333 53.226666a88.021333 88.021333 0 0 1-21.568 31.658667c-9.237333 8.448-19.157333 14.08-29.76 16.917333-14.485333 3.882667-27.605333 5.824-39.36 5.824h-98.133333V383.552z m66.069334 48.405333v116.821334h16.192c13.802667 0 23.616-1.514667 29.44-4.522667 5.845333-3.114667 10.410667-8.469333 13.717333-16.042667 3.306667-7.68 4.949333-20.074667 4.949333-37.184 0-22.656-3.690667-38.186667-11.093333-46.528-7.36-8.362667-19.626667-12.544-36.736-12.544h-16.469333z m284.224 130.090667h-75.242667L465.472 597.333333h-67.52l80.362667-213.781333h72.042666L630.72 597.333333h-69.12l-10.517333-35.285333z m-13.866667-46.229333l-23.616-76.864-23.466667 76.864h47.104z m77.013333-132.266667h69.12l48.128 153.834667 47.402667-153.856h67.072L766.613333 597.333333H695.04l-80.789333-213.781333z\" fill=\"#FFFFFF\">\u003C/path>\u003C/symbol>\u003Csymbol id=\"iconMount_SMB_Online\" viewBox=\"0 0 1024 1024\">\u003Cpath d=\"M42.666667 111.893333a47.829333 47.829333 0 0 1 3.562666-18.346666c1.130667-2.922667 2.624-5.696 4.330667-8.298667 1.685333-2.602667 3.648-4.992 5.802667-7.296a48.448 48.448 0 0 1 15.210666-10.389333A46.890667 46.890667 0 0 1 89.6 64h321.024c9.173333 0 18.133333 2.730667 25.813333 7.893333 7.68 5.141333 13.674667 12.501333 17.28 21.141334l23.082667 54.72H934.4a48.810667 48.810667 0 0 1 17.92 3.626666 48.426667 48.426667 0 0 1 15.210667 10.389334c2.154667 2.325333 4.138667 4.736 5.824 7.317333 1.792 2.602667 3.2 5.397333 4.309333 8.277333a42.666667 42.666667 0 0 1 2.730667 8.938667c0.554667 3.178667 0.938667 6.250667 0.938666 9.429333V698.666667c0 3.178667-0.384 6.250667-0.938666 9.322666a41.813333 41.813333 0 0 1-2.730667 9.045334 40.661333 40.661333 0 0 1-4.309333 8.256 53.333333 53.333333 0 0 1-5.824 7.317333 48.469333 48.469333 0 0 1-15.210667 10.389333 48.704 48.704 0 0 1-17.92 3.648H89.6a48.853333 48.853333 0 0 1-18.026667-3.648 48.469333 48.469333 0 0 1-15.210666-10.389333 53.333333 53.333333 0 0 1-5.802667-7.317333 45.930667 45.930667 0 0 1-4.330667-8.256A47.829333 47.829333 0 0 1 42.666667 698.666667V111.893333z\" fill=\"#FFB02C\">\u003C/path>\u003Cpath d=\"M193.216 192h637.482667C859.989333 192 874.666667 208.746667 874.666667 242.432v453.802667C874.666667 729.834667 859.989333 746.666667 830.72 746.666667H193.194667C163.925333 746.666667 149.333333 729.813333 149.333333 696.234667V242.432C149.333333 208.725333 163.925333 192 193.216 192z\" fill=\"#FFE4BA\">\u003C/path>\u003Cpath d=\"M89.6 256h844.8c31.253333 0 46.933333 13.205333 46.933333 39.786667v411.008C981.333333 733.376 965.653333 746.666667 934.4 746.666667H89.6C58.24 746.666667 42.666667 733.376 42.666667 706.773333V295.808C42.666667 269.226667 58.24 256 89.6 256z\" fill=\"#FFCA28\">\u003C/path>\u003Cpath d=\"M43.178667 877.909333a20.48 20.48 0 0 1 20.778666-20.202666h903.68a20.48 20.48 0 0 1 20.778667 20.202666v47.125334a20.48 20.48 0 0 1-20.778667 20.202666H63.957333a20.48 20.48 0 0 1-20.778666-20.202666v-47.146667z\" fill=\"#86909C\">\u003C/path>\u003Cpath d=\"M470.784 748.309333h90.026667v109.397334h-90.026667v-109.397334z\" fill=\"#86909C\">\u003C/path>\u003Cpath d=\"M167.850667 526.613333l62.869333-3.946666c1.344 10.218667 4.117333 17.984 8.32 23.338666 6.784 8.64 16.512 12.970667 29.141333 12.970667 9.429333 0 16.682667-2.176 21.738667-6.570667 5.141333-4.48 7.722667-9.6 7.722667-15.445333 0-5.546667-2.432-10.496-7.296-14.869333-4.842667-4.373333-16.128-8.533333-33.834667-12.394667-28.970667-6.528-49.621333-15.168-61.973333-25.962667-12.437333-10.794667-18.666667-24.533333-18.666667-41.28 0-10.986667 3.157333-21.333333 9.472-31.061333 6.421333-9.813333 16-17.493333 28.736-23.04 12.842667-5.632 30.378667-8.448 52.650667-8.448 27.306667 0 48.128 5.098667 62.421333 15.296 14.378667 10.112 22.933333 26.24 25.664 48.426667l-62.293333 3.626666c-1.642667-9.6-5.12-16.618667-10.474667-20.992-5.248-4.373333-12.544-6.549333-21.888-6.549333-7.68 0-13.44 1.642667-17.344 4.949333a14.762667 14.762667 0 0 0-5.845333 11.818667c0 3.413333 1.621333 6.464 4.821333 9.173333 3.114667 2.837333 10.496 5.461333 22.165333 7.893334 28.885333 6.208 49.536 12.544 61.973334 18.944 12.544 6.336 21.632 14.208 27.285333 23.637333 5.738667 9.429333 8.597333 19.968 8.597333 31.637333 0 13.717333-3.797333 26.346667-11.370666 37.930667-7.594667 11.562667-18.176 20.352-31.786667 26.389333-13.610667 5.930667-30.784 8.896-51.498667 8.896-36.352 0-61.525333-6.997333-75.52-21.013333-14.016-13.994667-21.930667-31.786667-23.786666-53.354667z m226.624-143.061333h86.912l33.557333 130.069333 33.386667-130.090666h86.613333V597.333333h-53.952v-163.050666L539.136 597.333333h-48.853333l-41.706667-163.050666V597.333333h-54.101333V383.552z m282.922666 0h123.669334c20.608 0 36.416 5.098667 47.402666 15.296 11.072 10.218667 16.618667 22.848 16.618667 37.930667 0 12.629333-3.946667 23.466667-11.818667 32.512-5.248 6.037333-12.928 10.794667-23.04 14.293333 15.36 3.690667 26.645333 10.069333 33.834667 19.114667 7.296 8.938667 10.944 20.202667 10.944 33.813333 0 11.093333-2.581333 21.056-7.744 29.909333a56.917333 56.917333 0 0 1-21.12 20.992c-5.546667 3.2-13.930667 5.546667-25.109333 6.997334-14.869333 1.941333-24.746667 2.922667-29.589334 2.922666h-114.048V383.552z m66.645334 83.84h28.736c10.304 0 17.450667-1.749333 21.44-5.248 4.053333-3.605333 6.122667-8.746667 6.122666-15.445333 0-6.229333-2.048-11.093333-6.144-14.592-3.968-3.498667-10.965333-5.248-20.992-5.248h-29.162666v40.533333z m0 84.010667h33.706666c11.349333 0 19.370667-2.005333 24.042667-5.973334 4.672-4.096 6.997333-9.536 6.997333-16.341333a18.56 18.56 0 0 0-6.997333-15.168c-4.565333-3.882667-12.650667-5.845333-24.213333-5.845333h-33.536v43.306666z\" fill=\"#FFFFFF\">\u003C/path>\u003C/symbol>\u003Csymbol id=\"iconMount_NFS_not\" viewBox=\"0 0 1024 1024\">\u003Cpath d=\"M42.666667 111.893333a47.829333 47.829333 0 0 1 3.562666-18.346666c1.130667-2.922667 2.624-5.696 4.330667-8.298667 1.685333-2.602667 3.648-4.992 5.802667-7.296a48.448 48.448 0 0 1 15.210666-10.389333A46.890667 46.890667 0 0 1 89.6 64h321.024c9.173333 0 18.133333 2.730667 25.813333 7.893333 7.68 5.141333 13.674667 12.501333 17.28 21.141334l23.082667 54.72H934.4a48.810667 48.810667 0 0 1 17.92 3.626666 48.448 48.448 0 0 1 15.210667 10.389334c2.154667 2.325333 4.138667 4.736 5.824 7.317333 1.792 2.602667 3.2 5.397333 4.309333 8.277333a42.666667 42.666667 0 0 1 2.730667 8.938667c0.554667 3.178667 0.938667 6.250667 0.938666 9.429333V698.666667c0 3.178667-0.384 6.250667-0.938666 9.322666a41.813333 41.813333 0 0 1-2.730667 9.045334 40.661333 40.661333 0 0 1-4.309333 8.256 53.333333 53.333333 0 0 1-5.824 7.317333 48.469333 48.469333 0 0 1-15.210667 10.389333 48.704 48.704 0 0 1-17.92 3.648H89.6a48.853333 48.853333 0 0 1-18.026667-3.648 48.469333 48.469333 0 0 1-15.210666-10.389333 53.333333 53.333333 0 0 1-5.802667-7.317333 45.930667 45.930667 0 0 1-4.330667-8.256A47.829333 47.829333 0 0 1 42.666667 698.666667V111.893333z\" fill=\"#9FA9B4\">\u003C/path>\u003Cpath d=\"M193.216 192h637.482667C859.989333 192 874.666667 208.746667 874.666667 242.432v453.802667C874.666667 729.834667 859.989333 746.666667 830.72 746.666667H193.194667C163.925333 746.666667 149.333333 729.813333 149.333333 696.234667V242.432C149.333333 208.725333 163.925333 192 193.216 192z\" fill=\"#EAEAEA\">\u003C/path>\u003Cpath d=\"M89.6 256h844.8c31.253333 0 46.933333 13.205333 46.933333 39.786667v411.008C981.333333 733.376 965.653333 746.666667 934.4 746.666667H89.6C58.24 746.666667 42.666667 733.376 42.666667 706.773333V295.808C42.666667 269.226667 58.24 256 89.6 256z\" fill=\"#A5B2C4\">\u003C/path>\u003Cpath d=\"M43.178667 877.909333a20.48 20.48 0 0 1 20.778666-20.202666h903.68a20.48 20.48 0 0 1 20.778667 20.202666v47.125334a20.48 20.48 0 0 1-20.778667 20.202666H63.957333a20.48 20.48 0 0 1-20.778666-20.202666v-47.146667z\" fill=\"#86909C\">\u003C/path>\u003Cpath d=\"M470.784 748.309333h90.026667v109.397334h-90.026667v-109.397334z\" fill=\"#86909C\">\u003C/path>\u003Cpath d=\"M202.389333 383.552h61.696l80.490667 118.272v-118.272h62.293333V597.333333h-62.293333L264.533333 479.936V597.333333H202.389333V383.552z m248.661334 0h163.328v45.930667h-96.981334v37.333333h82.837334v43.157333h-82.837334V597.333333h-66.346666V383.552z m187.392 143.061333l62.848-3.946666c1.365333 10.218667 4.138667 17.984 8.32 23.338666 6.805333 8.64 16.512 12.970667 29.162666 12.970667 9.429333 0 16.661333-2.176 21.717334-6.570667 5.162667-4.48 7.744-9.6 7.744-15.445333 0-5.546667-2.432-10.496-7.296-14.869333-4.864-4.373333-16.149333-8.533333-33.834667-12.394667-28.970667-6.528-49.621333-15.168-61.973333-25.962667-12.458667-10.794667-18.666667-24.533333-18.666667-41.28 0-10.986667 3.157333-21.333333 9.472-31.061333 6.4-9.813333 16-17.493333 28.736-23.04 12.821333-5.632 30.378667-8.448 52.650667-8.448 27.306667 0 48.106667 5.098667 62.4 15.296 14.4 10.112 22.954667 26.24 25.664 48.426667l-62.250667 3.626666c-1.664-9.6-5.162667-16.618667-10.517333-20.992-5.248-4.373333-12.544-6.549333-21.866667-6.549333-7.68 0-13.461333 1.642667-17.365333 4.949333a14.762667 14.762667 0 0 0-5.824 11.818667c0 3.413333 1.6 6.464 4.821333 9.173333 3.093333 2.837333 10.496 5.461333 22.165333 7.893334 28.864 6.208 49.536 12.544 61.973334 18.944 12.544 6.336 21.632 14.208 27.264 23.637333 5.76 9.429333 8.618667 19.968 8.618666 31.637333 0 13.717333-3.797333 26.346667-11.392 37.930667-7.573333 11.562667-18.176 20.352-31.786666 26.389333-13.610667 5.930667-30.762667 8.896-51.477334 8.896-36.352 0-61.546667-6.997333-75.541333-21.013333-13.994667-13.994667-21.930667-31.786667-23.765333-53.354667z\" fill=\"#FFFFFF\">\u003C/path>\u003C/symbol>\u003Csymbol id=\"iconCloud_Drive_Online\" viewBox=\"0 0 1024 1024\">\u003Cpath d=\"M0 0m170.666667 0l682.666666 0q170.666667 0 170.666667 170.666667l0 682.666666q0 170.666667-170.666667 170.666667l-682.666666 0q-170.666667 0-170.666667-170.666667l0-682.666666q0-170.666667 170.666667-170.666667Z\" fill=\"#EEF6FF\">\u003C/path>\u003Cpath d=\"M858.901333 640.042667H165.354667c-44.949333-1.066667-60.202667 25.898667-80 44.437333l121.088-469.056c1.941333-3.861333 1.941333-7.765333 3.904-11.648l1.92-5.824c9.813333-17.493333 27.349333-29.162667 48.853333-29.162667H761.173333c17.578667 1.962667 35.157333 13.610667 42.965334 29.162667l1.941333 3.861333c1.962667 5.845333 3.904 9.749333 3.904 13.610667l128.96 469.056c-20.842667-18.538667-47.637333-44.458667-80-44.458667zM595.626667 421.909333c0-41.6-37.376-75.306667-83.498667-75.306666s-83.52 33.706667-83.52 75.306666c-42.24 0-76.522667 30.890667-76.522667 69.034667 0 38.122667 34.282667 69.034667 76.522667 69.034667h167.018667c42.282667 0 76.565333-30.912 76.565333-69.034667 0-38.144-34.282667-69.034667-76.565333-69.034667zM165.354667 666.709333h693.546666c39.04 0 81.92 35.690667 79.978667 72.618667 0 38.848-31.232 87.424-70.314667 87.424H155.648C116.565333 826.752 85.333333 776.234667 85.333333 739.328c0-36.928 40.96-72.618667 80.021334-72.618667z m666.88 106.688a26.666667 26.666667 0 1 0 0-53.333333 26.666667 26.666667 0 0 0 0 53.333333z m-106.709334 0a26.666667 26.666667 0 1 0 0-53.333333 26.666667 26.666667 0 0 0 0 53.333333z m-106.688 0a26.666667 26.666667 0 1 0 0-53.290666 26.666667 26.666667 0 0 0 0 53.290666z\" fill=\"#4EA3FF\">\u003C/path>\u003C/symbol>\u003Csymbol id=\"iconCloud_Drive_not\" viewBox=\"0 0 1024 1024\">\u003Cpath d=\"M0 0m170.666667 0l682.666666 0q170.666667 0 170.666667 170.666667l0 682.666666q0 170.666667-170.666667 170.666667l-682.666666 0q-170.666667 0-170.666667-170.666667l0-682.666666q0-170.666667 170.666667-170.666667Z\" fill=\"#F7F8FA\">\u003C/path>\u003Cpath d=\"M858.901333 640.042667H165.354667c-44.949333-1.066667-60.202667 25.898667-80 44.437333l121.088-469.056c1.941333-3.861333 1.941333-7.765333 3.904-11.648l1.92-5.824c9.813333-17.493333 27.349333-29.162667 48.853333-29.162667H761.173333c17.578667 1.962667 35.157333 13.610667 42.965334 29.162667l1.941333 3.861333c1.962667 5.845333 3.904 9.749333 3.904 13.610667l128.96 469.056c-20.842667-18.538667-47.637333-44.458667-80-44.458667zM595.626667 421.909333c0-41.6-37.376-75.306667-83.498667-75.306666s-83.52 33.706667-83.52 75.306666c-42.24 0-76.522667 30.890667-76.522667 69.034667 0 38.122667 34.282667 69.034667 76.522667 69.034667h167.018667c42.282667 0 76.565333-30.912 76.565333-69.034667 0-38.144-34.282667-69.034667-76.565333-69.034667zM165.354667 666.709333h693.546666c39.04 0 81.92 35.690667 79.978667 72.618667 0 38.848-31.232 87.424-70.314667 87.424H155.648C116.565333 826.752 85.333333 776.234667 85.333333 739.328c0-36.928 40.96-72.618667 80.021334-72.618667z m666.88 106.688a26.666667 26.666667 0 1 0 0-53.333333 26.666667 26.666667 0 0 0 0 53.333333z m-106.709334 0a26.666667 26.666667 0 1 0 0-53.333333 26.666667 26.666667 0 0 0 0 53.333333z m-106.688 0a26.666667 26.666667 0 1 0 0-53.290666 26.666667 26.666667 0 0 0 0 53.290666z\" fill=\"#A4ACB6\">\u003C/path>\u003C/symbol>\u003Csymbol id=\"iconfail_Full\" viewBox=\"0 0 1024 1024\">\u003Cpath d=\"M512 0C229.184 0 0 229.184 0 512s229.184 512 512 512 512-229.184 512-512S794.816 0 512 0z m157.994667 618.304l49.728 50.709333c-16.576 17.557333-33.152 35.114667-50.709334 52.672-52.672-52.672-104.341333-105.344-157.013333-157.013333-51.690667 52.650667-103.381333 105.322667-156.032 157.973333-17.557333-17.557333-34.133333-34.133333-50.709333-51.690666l49.728-51.669334c35.114667-36.096 70.208-71.210667 105.322666-107.285333a11996.202667 11996.202667 0 0 1-156.032-158.954667c16.576-16.597333 33.152-32.192 49.728-50.730666L512 460.309333c52.672-52.650667 104.341333-105.322667 157.013333-158.954666 16.576 17.557333 33.152 34.133333 50.709334 49.728-51.690667 54.613333-104.341333 107.285333-156.032 160.917333 35.114667 35.114667 71.189333 70.208 106.304 106.304z\" fill=\"#C53709\">\u003C/path>\u003C/symbol>\u003Csymbol id=\"iconForum\" viewBox=\"0 0 1024 1024\">\u003Cpath d=\"M512 85.333333c235.648 0 426.666667 191.018667 426.666667 426.666667s-191.018667 426.666667-426.666667 426.666667H128a42.666667 42.666667 0 0 1-42.666667-42.666667v-384C85.333333 276.352 276.352 85.333333 512 85.333333z m0 81.28A345.386667 345.386667 0 0 0 166.613333 512v345.386667H512a345.386667 345.386667 0 1 0 0-690.773334z m14.592 203.178667c9.045333 0 12.373333 0.938667 15.658667 2.688a18.432 18.432 0 0 1 7.68 7.68c1.792 3.328 2.688 6.613333 2.688 15.658667v272.981333c0 9.088-0.896 12.373333-2.688 15.658667a18.474667 18.474667 0 0 1-7.68 7.68c-3.328 1.792-6.613333 2.730667-15.658667 2.730666h-29.184c-9.045333 0-12.373333-0.938667-15.658667-2.730666a18.474667 18.474667 0 0 1-7.68-7.68c-1.792-3.285333-2.688-6.570667-2.688-15.658667V395.818667c0-9.045333 0.896-12.373333 2.688-15.658667a18.432 18.432 0 0 1 7.68-7.68c3.328-1.749333 6.613333-2.688 15.658667-2.688h29.184z m162.56 60.928c9.045333 0 12.288 0.938667 15.616 2.730667a18.432 18.432 0 0 1 7.68 7.68c1.792 3.285333 2.730667 6.570667 2.730667 15.658666v130.773334c0 9.045333-0.938667 12.330667-2.730667 15.616a18.432 18.432 0 0 1-7.68 7.68c-3.328 1.792-6.570667 2.730667-15.658667 2.730666h-29.141333c-9.088 0-12.373333-0.938667-15.658667-2.730666a18.389333 18.389333 0 0 1-7.68-7.68c-1.792-3.285333-2.730667-6.570667-2.730666-15.658667v-130.730667c0-9.088 0.938667-12.373333 2.730666-15.658666a18.432 18.432 0 0 1 7.68-7.68c3.285333-1.792 6.570667-2.730667 15.658667-2.730667h29.141333z m-325.12 0c9.088 0 12.373333 0.938667 15.658667 2.730667a18.432 18.432 0 0 1 7.68 7.68c1.792 3.285333 2.730667 6.570667 2.730666 15.658666v130.773334c0 9.045333-0.938667 12.330667-2.730666 15.616a18.432 18.432 0 0 1-7.68 7.68c-3.285333 1.792-6.570667 2.730667-15.658667 2.730666H334.933333c-9.088 0-12.373333-0.938667-15.658666-2.730666a18.432 18.432 0 0 1-7.68-7.68c-1.792-3.285333-2.730667-6.570667-2.730667-15.658667v-130.730667c0-9.088 0.938667-12.373333 2.730667-15.658666a18.474667 18.474667 0 0 1 7.68-7.68c3.285333-1.792 6.570667-2.730667 15.658666-2.730667h29.141334z\" fill=\"#1D2129\">\u003C/path>\u003C/symbol>\u003Csymbol id=\"iconDebug_mode\" viewBox=\"0 0 1024 1024\">\u003Cpath d=\"M704 269.568a185.173333 185.173333 0 0 0-53.418667-130.261333A181.461333 181.461333 0 0 0 521.6 85.333333h-19.2a181.461333 181.461333 0 0 0-128.981333 53.973334A185.173333 185.173333 0 0 0 320 269.568v9.685333h76.8v-9.685333c0-28.288 11.093333-55.424 30.933333-75.434667a105.088 105.088 0 0 1 74.666667-31.232h19.2c27.989333 0 54.869333 11.264 74.666667 31.232 19.797333 20.053333 30.933333 47.146667 30.933333 75.434667v9.685333h76.8v-9.685333z m-486.144 571.733333c7.125333-11.776 17.066667-20.565333 30.378667-26.837333 9.130667-4.309333 18.176-7.253333 32.426666-9.045333l0.170667 0.426666C327.722667 885.333333 413.696 938.666667 512 938.666667c98.986667 0 185.429333-54.016 232.106667-134.485334l-0.725334 1.28c14.208 1.749333 23.253333 4.693333 32.426667 9.002667 13.269333 6.272 23.210667 15.061333 30.293333 26.837333 7.936 13.056 11.690667 25.984 12.757334 58.538667h76.757333c-1.749333-51.2-9.429333-73.088-22.4-95.146667a148.906667 148.906667 0 0 0-64.512-58.666666 166.826667 166.826667 0 0 0-35.84-12.970667l0.256-1.237333c4.992-20.736 7.68-42.368 7.68-64.682667v-58.154667h90.581333c8.533333 0 11.648-0.896 14.805334-2.602666a17.493333 17.493333 0 0 0 7.253333-7.338667c1.706667-3.157333 2.56-6.272 2.56-14.933333v-27.861334c0-8.661333-0.853333-11.776-2.56-14.933333a17.493333 17.493333 0 0 0-7.253333-7.296c-3.157333-1.706667-6.229333-2.645333-14.805334-2.645333H780.8V394.922667c23.765333-1.664 40.234667-6.272 55.168-13.525334 19.114667-9.301333 34.133333-22.954667 44.373333-40.32 9.344-15.914667 14.72-33.749333 15.530667-61.781333h-85.333333c-0.512 13.397333-2.304 19.84-5.461334 25.173333a20.608 20.608 0 0 1-9.344 8.533334c-6.997333 3.413333-15.616 5.077333-36.608 5.077333H264.832c-20.992 0-29.610667-1.706667-36.608-5.12a20.48 20.48 0 0 1-9.386667-8.448c-3.114667-5.376-4.949333-11.818667-5.418666-25.216h-85.333334c0.853333 28.032 6.186667 45.866667 15.530667 61.738667a102.4 102.4 0 0 0 44.373333 40.362666c14.933333 7.253333 31.445333 11.861333 55.168 13.525334v136.448H152.618667c-8.533333 0-11.648 0.896-14.805334 2.602666a17.493333 17.493333 0 0 0-7.253333 7.338667c-1.706667 3.157333-2.56 6.314667-2.56 14.933333v27.861334c0 8.661333 0.853333 11.776 2.56 14.933333a17.493333 17.493333 0 0 0 7.253333 7.338667c3.157333 1.706667 6.229333 2.56 14.805334 2.56H243.2v58.197333c0 22.314667 2.688 43.946667 7.68 64.682667l0.298667 1.237333-0.853334 0.213333-6.528 1.706667c-9.813333 2.858667-19.328 6.528-28.501333 11.093333a148.864 148.864 0 0 0-64.512 58.624c-12.970667 22.058667-20.650667 43.946667-22.4 95.146667h76.8c1.024-32.597333 4.736-45.482667 12.672-58.538667z m35.413333-100.138666l-2.090666-8.106667c0.682667 2.688 1.365333 5.418667 2.133333 8.106667z m490.112 64.256c1.706667-2.986667 3.413333-5.973333 5.034667-8.96l-1.92 3.498666-2.389333 4.266667 0.597333-1.109333-1.28 2.304zM320 395.648h384v271.488c0 93.866667-65.962667 172.117333-153.6 190.08v-364.629333a19.498667 19.498667 0 0 0-5.632-13.696 19.114667 19.114667 0 0 0-13.568-5.674667h-38.4a19.114667 19.114667 0 0 0-13.568 5.674667 19.498667 19.498667 0 0 0-5.632 13.738666v364.586667c-87.637333-18.005333-153.6-96.256-153.6-190.08V395.648z m442.24 370.858667l-0.170667 0.426666 0.341334-0.896-0.170667 0.469334z m-505.770667-14.933334a238.933333 238.933333 0 0 1-0.682666-2.133333l0.682666 2.133333z\" fill=\"#1D2129\">\u003C/path>\u003C/symbol>\u003Csymbol id=\"iconProblem_report\" viewBox=\"0 0 1024 1024\">\u003Cpath d=\"M899.84 128c10.325333 0 20.181333 4.053333 27.477333 11.264 7.253333 7.168 11.349333 16.938667 11.349334 27.136v192a38.186667 38.186667 0 0 1-11.349334 27.136 38.997333 38.997333 0 0 1-27.434666 11.264h-38.826667v460.8a38.229333 38.229333 0 0 1-11.306667 27.136 38.997333 38.997333 0 0 1-27.434666 11.264H201.685333a38.997333 38.997333 0 0 1-27.434666-11.264 38.186667 38.186667 0 0 1-11.349334-27.136V396.8H124.16a38.997333 38.997333 0 0 1-27.434667-11.264A38.186667 38.186667 0 0 1 85.333333 358.4V166.4c0-10.197333 4.096-19.968 11.349334-27.136A38.997333 38.997333 0 0 1 124.16 128h775.765333z m-116.309333 268.8H240.469333v422.4h543.061334V396.8z m-135.765334 76.8c5.12 0 10.069333 2.005333 13.696 5.632a19.114667 19.114667 0 0 1 5.674667 13.568v38.4c0 5.12-2.005333 9.984-5.674667 13.568a19.498667 19.498667 0 0 1-13.696 5.632H376.234667a19.498667 19.498667 0 0 1-13.696-5.632 19.114667 19.114667 0 0 1-5.674667-13.568v-38.4c0-5.12 2.048-9.984 5.674667-13.568a19.498667 19.498667 0 0 1 13.696-5.632h271.530666z m213.333334-268.8H162.901333v115.2h698.197334V204.8z\" fill=\"#1D2129\">\u003C/path>\u003C/symbol>\u003Csymbol id=\"iconHelp_Support\" viewBox=\"0 0 1024 1024\">\u003Cpath d=\"M512 85.333333c235.648 0 426.666667 191.018667 426.666667 426.666667s-191.018667 426.666667-426.666667 426.666667S85.333333 747.648 85.333333 512 276.352 85.333333 512 85.333333z m0 77.568a349.098667 349.098667 0 1 0 0 698.197334 349.098667 349.098667 0 0 0 0-698.197334z m19.370667 504.234667a19.413333 19.413333 0 0 1 19.413333 19.413333V725.333333a19.413333 19.413333 0 0 1-19.413333 19.370667h-38.784a19.370667 19.370667 0 0 1-19.370667-19.370667v-38.826666a19.413333 19.413333 0 0 1 19.413333-19.370667h38.784z m-24.874667-387.84c46.08 0 84.394667 11.136 114.901333 33.450667 30.506667 22.4 45.738667 55.466667 45.738667 99.285333 0 26.88-6.613333 49.493333-19.882667 67.925333-7.765333 11.136-22.613333 25.386667-44.672 42.794667l-21.717333 17.066667c-11.818667 9.301333-19.712 20.181333-23.594667 32.554666-1.024 3.413333-1.962667 9.685333-2.773333 18.901334a19.413333 19.413333 0 0 1-19.285333 17.706666h-43.477334a19.413333 19.413333 0 0 1-19.370666-19.413333v-0.853333l0.085333-0.938667c2.517333-26.965333 5.162667-44.074667 8.021333-51.2 5.333333-13.354667 18.986667-28.714667 41.002667-46.08l22.357333-17.706667c7.338667-5.546667 45.184-32.213333 45.184-55.808s-4.096-32.298667-15.957333-45.226666c-11.818667-12.928-38.528-17.109333-62.592-17.109334-23.68 0-43.904 6.272-53.76 22.186667a112.341333 112.341333 0 0 0-11.050667 23.296c-1.28 3.84-2.176 7.850667-2.816 11.904a19.370667 19.370667 0 0 1-19.114666 16.085333H378.026667a19.370667 19.370667 0 0 1-19.413334-19.370666v-1.066667l0.128-1.109333c0.469333-4.352 0.981333-7.978667 1.536-10.837334 7.552-42.112 26.666667-73.045333 57.429334-92.885333 24.064-15.701333 53.674667-23.594667 88.746666-23.594667z\" fill=\"#1D2129\">\u003C/path>\u003C/symbol>\u003Csymbol id=\"iconReduce_tag\" viewBox=\"0 0 1024 1024\">\u003Cpath d=\"M899.84 85.333333a37.12 37.12 0 0 1 27.477333 12.501334c7.253333 7.978667 11.349333 18.858667 11.349334 30.165333v768c0 11.306667-4.096 22.186667-11.349334 30.165333a37.12 37.12 0 0 1-27.434666 12.501334H124.117333a37.12 37.12 0 0 1-27.434666-12.501334A44.928 44.928 0 0 1 85.333333 896V128c0-11.306667 4.096-22.186667 11.349334-30.165333A37.12 37.12 0 0 1 124.16 85.333333h775.765333z m-38.741333 85.333334H162.901333v682.666666h698.197334V170.666667z\" fill=\"#1D2129\">\u003C/path>\u003Cpath d=\"M719.104 475.562667A21.333333 21.333333 0 0 1 725.333333 490.666667v42.666666a21.333333 21.333333 0 0 1-21.333333 21.333334h-384a21.333333 21.333333 0 0 1-21.333333-21.333334v-42.666666a21.333333 21.333333 0 0 1 21.333333-21.333334h384a21.333333 21.333333 0 0 1 15.104 6.229334z\" fill=\"#1D2129\">\u003C/path>\u003C/symbol>\u003Csymbol id=\"iconnav_remove_folder\" viewBox=\"0 0 1024 1024\">\u003Cpath d=\"M396.672 128c10.325333 0 20.181333 3.925333 27.477333 10.922667a36.608 36.608 0 0 1 11.392 26.410666v46.677334h428.074667c10.325333 0 20.224 3.925333 27.52 10.922666a36.650667 36.650667 0 0 1 11.392 26.410667V576H824.746667V426.666667H163.157333v363.989333h291.84v74.666667H124.245333a39.765333 39.765333 0 0 1-27.477333-10.922667 36.650667 36.650667 0 0 1-11.434667-26.410667V165.333333c0-9.898667 4.138667-19.413333 11.434667-26.453333A39.765333 39.765333 0 0 1 124.245333 128h272.426667zM163.157333 352H824.746667V286.677333H357.76V202.666667h-194.56v149.333333z\" fill=\"#1D2129\">\u003C/path>\u003Cpath d=\"M737.237333 569.301333c73.685333 0 134.4 57.173333 142.549334 130.730667A102.570667 102.570667 0 0 1 938.666667 793.6c0 56.106667-43.861333 101.674667-98.176 102.4h-227.925334c-60.458667 0-109.525333-50.474667-109.525333-112.768 0-58.197333 42.837333-106.112 97.749333-112.170667 18.773333-59.050667 72.789333-101.76 136.448-101.76z m0 72.618667c-30.378667 0-57.557333 20.565333-67.242666 51.157333l-14.293334 44.970667-46.933333 5.205333c-18.261333 1.962667-33.109333 18.901333-33.109333 39.978667 0 22.613333 17.024 40.192 36.949333 40.192h226.944c14.208-0.213333 26.496-13.013333 26.496-29.866667 0-12.373333-6.826667-23.04-16.64-27.562666l-37.205333-17.152-4.565334-40.746667c-4.224-37.930667-34.773333-66.176-70.4-66.176z\" fill=\"#1D2129\">\u003C/path>\u003C/symbol>\u003Csymbol id=\"iconfile_favourite\" viewBox=\"0 0 1024 1024\">\u003Cpath d=\"M704 106.666667c129.621333 0 234.666667 109.568 234.666667 262.912 0 306.773333-320 482.005333-426.666667 547.754666C405.333333 851.626667 85.333333 676.309333 85.333333 369.578667 85.333333 216.234667 192 106.666667 320 106.666667c79.36 0 149.333333 43.818667 192 87.637333C554.666667 150.485333 624.64 106.666667 704 106.666667z m-152.149333 683.776a1141.76 1141.76 0 0 0 103.253333-74.538667C782.293333 612.053333 853.333333 498.56 853.333333 369.578667c0-103.424-65.578667-175.274667-149.333333-175.274667-45.909333 0-95.573333 24.96-131.669333 61.952L512 318.208l-60.330667-61.952C415.573333 219.306667 365.909333 194.304 320 194.304c-82.773333 0-149.333333 72.533333-149.333333 175.274667 0 129.024 71.082667 242.474667 198.186666 346.325333 31.786667 25.984 65.706667 50.218667 103.296 74.496 12.757333 8.277333 25.386667 16.213333 39.850667 25.045333 14.464-8.832 27.093333-16.768 39.850667-25.002666z\" fill=\"#1D2129\">\u003C/path>\u003C/symbol>\u003Csymbol id=\"iconremote_folder\" viewBox=\"0 0 1024 1024\">\u003Cpath d=\"M796.458667 85.333333a20.309333 20.309333 0 0 1 20.309333 20.309334v410.154666a208.298667 208.298667 0 0 0-81.28-23.466666V166.570667H166.613333v690.773333h209.493334A169.045333 169.045333 0 0 0 426.709333 938.666667H105.642667A20.309333 20.309333 0 0 1 85.333333 918.314667V105.642667A20.309333 20.309333 0 0 1 105.642667 85.333333h690.773333z m-83.285334 487.594667c82.474667 0 150.442667 64 159.573334 146.346667A114.816 114.816 0 0 1 938.666667 824.021333c0 62.848-49.066667 113.877333-109.909334 114.688h-255.146666c-67.626667 0-122.581333-56.533333-122.581334-126.293333 0-65.109333 47.914667-118.741333 109.44-125.525333 21.034667-66.133333 81.493333-113.92 152.746667-113.92z m0 81.28c-34.005333 0-64.426667 23.04-75.264 57.258667l-16 50.346666-52.565333 5.802667c-20.394667 2.261333-37.034667 21.205333-37.034667 44.8 0 25.344 19.072 44.970667 41.386667 44.970667h253.994667c15.914667-0.213333 29.696-14.592 29.696-33.408a33.621333 33.621333 0 0 0-18.645334-30.848l-41.642666-19.2-5.12-45.653334c-4.693333-42.410667-38.954667-74.069333-78.805334-74.069333z m-282.453333-203.178667a20.309333 20.309333 0 0 1 20.181333 17.92l0.128 2.389334V512l-0.128 2.389333a20.309333 20.309333 0 0 1-17.792 17.792l-2.389333 0.128H308.821333l-2.389333-0.128a20.309333 20.309333 0 0 1-17.792-17.834666L288.512 512v-40.661333l0.128-2.346667a20.309333 20.309333 0 0 1 17.792-17.792l2.389333-0.170667h121.898667z m162.56-162.56a20.309333 20.309333 0 0 1 20.181333 17.962667l0.128 2.389333v40.618667l-0.128 2.389333a20.309333 20.309333 0 0 1-17.834666 17.792l-2.346667 0.170667H308.821333l-2.389333-0.170667a20.309333 20.309333 0 0 1-17.792-17.792l-0.128-2.389333v-40.618667l0.128-2.389333a20.309333 20.309333 0 0 1 17.792-17.792l2.389333-0.128h284.458667z\" fill=\"#1D2129\">\u003C/path>\u003C/symbol>\u003Csymbol id=\"iconfile_favorites_Remove\" viewBox=\"0 0 1024 1024\">\u003Cpath d=\"M692.608 128C827.904 128 938.581333 252.330667 938.666667 404.266667c0 36.821333-6.698667 73.344-19.84 107.733333h-93.184c18.986667-37.376 27.690667-69.674667 27.690666-107.690667C853.248 297.386667 778.410667 213.333333 692.608 213.333333c-50.688 0-110.72 46.293333-180.181333 138.965334C442.154667 259.669333 381.909333 213.333333 331.776 213.333333 245.248 213.333333 170.666667 296.917333 170.666667 404.266667c0 47.146667 13.397333 85.504 43.093333 135.552 4.224 7.04 7.594667 12.586667 15.701333 25.6 4.992 8.192 10.666667 16.682667 16.981334 25.429333 27.392 38.058667 65.408 79.786667 111.232 123.349333 37.12 35.072 75.733333 68.522667 115.712 100.309334 11.008 8.832 26.026667 20.48 38.4 29.994666l0.213333-0.213333V938.666667h-0.213333a48.853333 48.853333 0 0 1-31.744-11.136c-9.685333-7.808-231.466667-168.192-323.285334-317.397334C125.013333 559.061333 85.333333 495.274667 85.333333 404.266667 85.333333 251.733333 195.882667 128 331.776 128c45.909333 0 85.802667 14.506667 120.405333 40.277333 20.736 16.128 40.704 36.906667 59.946667 62.378667a245.333333 245.333333 0 0 1 59.861333-62.378667A197.845333 197.845333 0 0 1 692.608 128z\" fill=\"#1D2129\">\u003C/path>\u003Cpath d=\"M646.826667 586.453333c-6.741333-6.698667-9.898667-8.448-13.653334-9.6a19.328 19.328 0 0 0-11.392 0c-3.797333 1.152-6.912 2.901333-13.653333 9.642667l-21.674667 21.632c-6.698667 6.741333-8.448 9.856-9.557333 13.653333a19.328 19.328 0 0 0 0 11.392c1.109333 3.797333 2.816 6.912 9.557333 13.653334l101.376 101.333333-101.333333 101.333333c-6.784 6.741333-8.490667 9.856-9.642667 13.653334a19.328 19.328 0 0 0 0 11.392c1.152 3.754667 2.901333 6.912 9.642667 13.653333l21.632 21.632c6.741333 6.741333 9.856 8.490667 13.653333 9.6 3.669333 1.152 7.68 1.152 11.349334 0 3.84-1.109333 6.954667-2.858667 13.653333-9.6l101.376-101.333333 101.333333 101.333333c6.698667 6.741333 9.856 8.490667 13.653334 9.6 3.712 1.152 7.68 1.152 11.392 0 3.754667-1.109333 6.912-2.858667 13.653333-9.6l21.632-21.632c6.698667-6.741333 8.448-9.898667 9.6-13.653333a19.328 19.328 0 0 0 0-11.392c-1.109333-3.797333-2.858667-6.912-9.6-13.653334l-101.333333-101.333333 101.333333-101.333333c6.698667-6.741333 8.448-9.856 9.6-13.653334a19.328 19.328 0 0 0 0-11.392c-1.109333-3.797333-2.858667-6.912-9.6-13.653333l-21.674667-21.674667c-6.698667-6.698667-9.856-8.448-13.653333-9.6a19.328 19.328 0 0 0-11.349333 0c-3.797333 1.152-6.954667 2.901333-13.653334 9.6l-101.333333 101.333334-101.376-101.333334z\" fill=\"#1D2129\">\u003C/path>\u003C/symbol>\u003Csymbol id=\"iconfile_big\" viewBox=\"0 0 1024 1024\">\u003Cpath d=\"M899.84 758.186667a38.485333 38.485333 0 0 0 27.477333-11.562667 39.68 39.68 0 0 0 11.349334-27.861333V167.381333a39.68 39.68 0 0 0-11.349334-27.861333 38.485333 38.485333 0 0 0-27.434666-11.52H124.117333a38.485333 38.485333 0 0 0-27.434666 11.52 39.68 39.68 0 0 0-11.349334 27.861333v551.381334c0 10.453333 4.096 20.48 11.349334 27.861333 7.253333 7.381333 17.152 11.52 27.434666 11.52h775.765334z m-38.741333-78.805334H162.901333V206.762667h698.197334v472.618666zM822.272 896v-78.762667H201.728V896h620.629333z\" fill=\"#1D2129\">\u003C/path>\u003C/symbol>\u003Csymbol id=\"iconfile_small\" viewBox=\"0 0 1024 1024\">\u003Cpath d=\"M256 768a21.333333 21.333333 0 0 1 21.333333 21.333333v85.333334a21.333333 21.333333 0 0 1-21.333333 21.333333H170.666667a21.333333 21.333333 0 0 1-21.333334-21.333333v-85.333334A21.333333 21.333333 0 0 1 170.666667 768h85.333333z m597.333333 0a21.333333 21.333333 0 0 1 21.333334 21.333333v85.333334a21.333333 21.333333 0 0 1-21.333334 21.333333h-85.333333a21.333333 21.333333 0 0 1-21.333333-21.333333v-85.333334a21.333333 21.333333 0 0 1 21.333333-21.333333h85.333333z m-384 0h85.333334a21.333333 21.333333 0 0 1 21.333333 21.333333v85.333334a21.333333 21.333333 0 0 1-21.333333 21.333333h-85.333334a21.333333 21.333333 0 0 1-21.333333-21.333333v-85.333334a21.333333 21.333333 0 0 1 21.333333-21.333333z m-213.333333-320a21.333333 21.333333 0 0 1 21.333333 21.333333v85.333334a21.333333 21.333333 0 0 1-21.333333 21.333333H170.666667a21.333333 21.333333 0 0 1-21.333334-21.333333v-85.333334a21.333333 21.333333 0 0 1 21.333334-21.333333h85.333333z m597.333333 0a21.333333 21.333333 0 0 1 21.333334 21.333333v85.333334a21.333333 21.333333 0 0 1-21.333334 21.333333h-85.333333a21.333333 21.333333 0 0 1-21.333333-21.333333v-85.333334a21.333333 21.333333 0 0 1 21.333333-21.333333h85.333333z m-298.666666 0a21.333333 21.333333 0 0 1 21.333333 21.333333v85.333334a21.333333 21.333333 0 0 1-21.333333 21.333333h-85.333334a21.333333 21.333333 0 0 1-21.333333-21.333333v-85.333334a21.333333 21.333333 0 0 1 21.333333-21.333333h85.333334zM853.333333 128a21.333333 21.333333 0 0 1 21.333334 21.333333v85.333334a21.333333 21.333333 0 0 1-21.333334 21.333333h-85.333333a21.333333 21.333333 0 0 1-21.333333-21.333333v-85.333334A21.333333 21.333333 0 0 1 768 128h85.333333z m-298.666666 0a21.333333 21.333333 0 0 1 21.333333 21.333333v85.333334a21.333333 21.333333 0 0 1-21.333333 21.333333h-85.333334a21.333333 21.333333 0 0 1-21.333333-21.333333v-85.333334A21.333333 21.333333 0 0 1 469.333333 128h85.333334zM256 128a21.333333 21.333333 0 0 1 21.333333 21.333333v85.333334A21.333333 21.333333 0 0 1 256 256H170.666667a21.333333 21.333333 0 0 1-21.333334-21.333333v-85.333334A21.333333 21.333333 0 0 1 170.666667 128h85.333333z\" fill=\"#1D2129\">\u003C/path>\u003C/symbol>\u003Csymbol id=\"iconfile_mid\" viewBox=\"0 0 1024 1024\">\u003Cpath d=\"M853.333333 128a42.666667 42.666667 0 0 1 42.666667 42.666667v682.666666a42.666667 42.666667 0 0 1-42.666667 42.666667H170.666667a42.666667 42.666667 0 0 1-42.666667-42.666667V170.666667a42.666667 42.666667 0 0 1 42.666667-42.666667h682.666666zM204.8 819.2h268.8v-268.8H204.8v268.8z m614.4-268.8h-268.8v268.8h268.8v-268.8z m0-76.8V204.8h-268.8v268.8h268.8z m-345.6-268.8H204.8v268.8h268.8V204.8z\" fill=\"#1D2129\">\u003C/path>\u003C/symbol>\u003Csymbol id=\"iconsmart\" viewBox=\"0 0 1024 1024\">\u003Cpath d=\"M501.333333 106.666667a394.666667 394.666667 0 0 1 307.626667 641.92l123.904 123.946666a21.333333 21.333333 0 0 1 0 30.165334l-30.165333 30.165333a21.333333 21.333333 0 0 1-30.165334 0l-123.946666-123.904A394.666667 394.666667 0 1 1 501.333333 106.666667z m0 85.333333a309.333333 309.333333 0 1 0 0 618.666667 309.333333 309.333333 0 0 0 0-618.666667z m167.082667 136.362667l36.949333 21.333333a21.333333 21.333333 0 0 1 7.808 29.141333l-117.333333 203.221334a21.333333 21.333333 0 0 1-26.88 8.917333l-2.261333-1.152-110.848-64-85.333334 147.84a21.333333 21.333333 0 0 1-29.141333 7.808l-36.949333-21.333333a21.333333 21.333333 0 0 1-7.808-29.141334l117.333333-203.264a21.333333 21.333333 0 0 1 29.141333-7.808l110.848 64 85.333334-147.797333a21.333333 21.333333 0 0 1 29.141333-7.808z\" fill=\"#1D2129\">\u003C/path>\u003C/symbol>\u003Csymbol id=\"iconVoice_Intercom\" viewBox=\"0 0 1024 1024\">\u003Cpath d=\"M185.770667 473.173333a19.157333 19.157333 0 0 1 19.2 18.474667l0.170666 3.413333c11.136 161.194667 144.256 288.426667 306.858667 288.426667 160.810667 0 292.778667-124.458667 306.432-283.093333l0.469333-6.272 0.170667-2.56a19.456 19.456 0 0 1 19.2-18.346667h38.485333c5.12 0 10.026667 2.048 13.610667 5.674667 3.626667 3.626667 5.632 8.533333 5.632 13.738666l-0.042667 1.664c-10.154667 191.530667-158.08 346.154667-345.6 364.885334l0.085334 0.938666v59.178667c0 5.12-2.005333 10.069333-5.632 13.653333a19.157333 19.157333 0 0 1-13.568 5.717334h-38.485334a19.157333 19.157333 0 0 1-19.2-19.370667v-58.197333l0.085334-1.92c-184.789333-18.474667-331.136-168.917333-345.045334-356.608L128 493.525333a19.498667 19.498667 0 0 1 16.042667-20.053333l2.688-0.256h38.997333zM512 85.333333c127.402667 0 230.698667 92.586667 230.698667 206.890667v206.848c0 114.261333-103.253333 206.890667-230.698667 206.890667-127.402667 0-230.698667-92.629333-230.698667-206.933334V292.266667C281.301333 177.92 384.597333 85.333333 512 85.333333z m0 77.568c-84.906667 0-153.813333 59.562667-153.813333 132.992v199.509334c0 73.386667 68.864 132.949333 153.813333 132.949333 84.906667 0 153.813333-59.52 153.813333-132.992V295.936c0-73.429333-68.864-132.992-153.813333-132.992z\" fill=\"#1D2129\">\u003C/path>\u003C/symbol>\u003Csymbol id=\"iconstorage_pool_Manage\" viewBox=\"0 0 1024 1024\">\u003Cpath d=\"M161.152 490.666667c0 54.826667 142.293333 115.797333 322.389333 115.797333h25.130667c7.04 0 12.8 5.76 12.8 12.8v51.626667a12.8 12.8 0 0 1-12.8 12.8h-25.130667c-215.338667 0-393.941333-75.52-398.122666-189.013334L85.333333 490.666667h75.818667zM483.541333 85.333333c219.946667 0 398.250667 95.061333 398.250667 212.352 0 117.248-178.346667 212.266667-398.250667 212.266667S85.333333 414.933333 85.333333 297.685333C85.333333 180.394667 263.594667 85.333333 483.541333 85.333333z m0 77.226667c-183.552 0-322.389333 74.026667-322.389333 135.125333 0 61.098667 138.837333 135.04 322.389333 135.082667 183.552 0 322.346667-73.984 322.389334-135.082667 0-61.098667-138.837333-135.125333-322.389334-135.125333z\" fill=\"#1D2129\">\u003C/path>\u003Cpath d=\"M161.194667 702.976H85.333333l0.085334 4.053333C89.6 820.522667 268.202667 896 483.541333 896h25.173334a12.8 12.8 0 0 0 12.8-12.8v-51.626667a12.8 12.8 0 0 0-12.885334-12.8h-25.088c-180.053333 0-322.346667-61.013333-322.346666-115.797333z\" fill=\"#1D2129\">\u003C/path>\u003Cpath d=\"M768 548.565333c13.482667 0 26.624 1.450667 39.253333 4.224l19.498667 43.050667a23.466667 23.466667 0 0 0 9.984 10.752 25.002667 25.002667 0 0 0 14.72 2.986667l47.914667-5.12c18.005333 18.986667 31.445333 41.557333 39.296 66.090666l-28.757334 38.144a22.613333 22.613333 0 0 0 0 27.178667l28.757334 38.101333a172.416 172.416 0 0 1-39.253334 66.048l-47.957333-5.034666a24.96 24.96 0 0 0-14.72 2.986666 23.552 23.552 0 0 0-9.984 10.752l-19.498667 43.093334a184.448 184.448 0 0 1-78.506666 0l-19.498667-43.093334a23.466667 23.466667 0 0 0-9.984-10.794666 24.96 24.96 0 0 0-14.762667-2.944l-47.872 5.034666A172.416 172.416 0 0 1 597.333333 773.973333l28.757334-38.101333a22.613333 22.613333 0 0 0 0-27.178667L597.333333 670.549333a172.416 172.416 0 0 1 39.253334-66.048l47.957333 5.077334c5.12 0.512 10.24-0.554667 14.72-2.986667a23.594667 23.594667 0 0 0 9.984-10.794667l19.498667-43.008a184.32 184.32 0 0 1 39.253333-4.224z m0 115.797334c-31.402667 0-56.874667 25.941333-56.874667 57.898666 0 32 25.472 57.941333 56.874667 57.941334s56.874667-25.941333 56.874667-57.941334c0-31.957333-25.472-57.898667-56.874667-57.898666z\" fill=\"#1D2129\">\u003C/path>\u003C/symbol>\u003Csymbol id=\"iconStorage_Manage\" viewBox=\"0 0 1024 1024\">\u003Cpath d=\"M85.333333 627.456l0.256-3.669333a37.077333 37.077333 0 0 1 0.341334-1.962667l0.128-0.725333 99.2-507.733334a36.053333 36.053333 0 0 1 9.301333-18.133333 32.085333 32.085333 0 0 1 17.152-9.386667L217.386667 85.333333h590.378666c6.570667 0 13.013333 2.133333 18.474667 6.058667a34.944 34.944 0 0 1 12.074667 16.170667l1.621333 5.845333 98.090667 507.733333c0.426667 2.773333 0.64 4.949333 0.64 7.253334v275.029333c0 9.344-3.456 18.304-9.6 24.917333a31.701333 31.701333 0 0 1-23.210667 10.325334H118.144a31.701333 31.701333 0 0 1-23.210667-10.325334 36.608 36.608 0 0 1-9.6-24.917333v-275.968z m768 0.896L170.666667 623.786667v225.066666h682.666666v-220.501333z m-61.525333 102.826667a31.573333 31.573333 0 0 1 22.186667 9.216 37.162667 37.162667 0 0 1 4.010666 47.402666 32.597333 32.597333 0 0 1-20.266666 13.354667l-5.930667 0.554667h-82.901333a31.573333 31.573333 0 0 1-22.186667-9.216 37.12 37.12 0 0 1-4.010667-47.402667 32.554667 32.554667 0 0 1 20.309334-13.354667l5.888-0.554666h82.944zM768 175.146667H256l-64 359.296h644.693333L768 175.189333z\" fill=\"#1D2129\">\u003C/path>\u003Cpath d=\"M512 234.666667c10.112 0 19.968 1.066667 29.44 3.072l14.592 31.701333a17.578667 17.578667 0 0 0 7.552 7.978667c3.328 1.834667 7.168 2.56 11.008 2.133333l35.968-3.669333c13.482667 13.952 23.552 30.592 29.44 48.64l-21.546667 28.117333a16.426667 16.426667 0 0 0 0 20.053333l21.546667 28.074667a126.634667 126.634667 0 0 1-29.44 48.64l-35.968-3.712a18.944 18.944 0 0 0-11.008 2.218667 17.450667 17.450667 0 0 0-7.509333 7.936l-14.634667 31.701333a140.885333 140.885333 0 0 1-58.88 0l-14.592-31.701333a17.493333 17.493333 0 0 0-7.552-7.978667 18.986667 18.986667 0 0 0-11.050667-2.133333l-35.925333 3.669333A126.634667 126.634667 0 0 1 384 400.768l21.546667-28.117333a16.469333 16.469333 0 0 0 3.413333-9.984 16.554667 16.554667 0 0 0-3.413333-10.026667L384 324.522667c5.888-18.048 15.957333-34.688 29.44-48.64l35.968 3.712c3.84 0.384 7.68-0.341333 11.008-2.176a17.493333 17.493333 0 0 0 7.509333-7.978667l14.634667-31.701333A140.8 140.8 0 0 1 512 234.666667z m0 85.333333a42.666667 42.666667 0 1 0 0 85.333333 42.666667 42.666667 0 0 0 0-85.333333z\" fill=\"#000000\">\u003C/path>\u003C/symbol>\u003Csymbol id=\"iconPin\" viewBox=\"0 0 1024 1024\">\u003Cpath d=\"M564.224 91.818667a21.76 21.76 0 0 1 31.018667 0l336.981333 337.194666c8.576 8.704 8.576 22.528 0 30.976l-30.293333 30.506667a22.186667 22.186667 0 0 1-31.018667 0l-45.909333-45.994667-138.624 138.666667c-4.096 4.138667-5.205333 10.965333-5.205334 16.64l-19.114666 273.066667c0 5.888-2.304 11.52-6.4 15.616l-40.149334 40.106666a21.76 21.76 0 0 1-31.018666 0l-213.546667-213.546666-217.173333 217.301333a22.186667 22.186667 0 0 1-30.976 0l-31.018667-31.232a21.930667 21.930667 0 0 1 0-30.976l217.130667-217.301333-213.888-214.101334a21.845333 21.845333 0 0 1 0-30.976l40.106666-40.106666a22.016 22.016 0 0 1 15.530667-6.485334l273.28-18.773333c5.802667 0 13.226667-0.554667 17.365333-4.693333l138.581334-138.666667-45.952-45.952a21.930667 21.930667 0 0 1 0-30.976l30.293333-30.293333z\" fill=\"#4E5969\">\u003C/path>\u003C/symbol>\u003Csymbol id=\"iconmigration\" viewBox=\"0 0 1024 1024\">\u003Cpath d=\"M128 490.666667v42.666666a21.333333 21.333333 0 0 0 18.858667 21.205334L149.333333 554.666667h470.869334l-128.426667 128.426666a21.333333 21.333333 0 0 0-1.834667 28.16l1.792 2.048 30.165334 30.165334a21.333333 21.333333 0 0 0 28.16 1.792l2.048-1.792 211.2-211.2a21.333333 21.333333 0 0 0 1.749333-28.16l-1.792-2.005334-211.2-211.2a21.333333 21.333333 0 0 0-28.16-1.749333l-1.962667 1.749333-30.208 30.165334a21.333333 21.333333 0 0 0-1.792 28.16l1.792 2.048L609.834667 469.333333H149.333333a21.333333 21.333333 0 0 0-21.205333 18.858667L128 490.666667z\" fill=\"#1D2129\">\u003C/path>\u003Cpath d=\"M725.333333 192a21.333333 21.333333 0 0 0 21.333334 21.333333H810.666667v597.333334h-64a21.333333 21.333333 0 0 0-21.333334 21.333333v42.666667a21.333333 21.333333 0 0 0 21.333334 21.333333H853.333333a42.666667 42.666667 0 0 0 42.666667-42.666667V170.666667a42.666667 42.666667 0 0 0-42.666667-42.666667h-106.666666a21.333333 21.333333 0 0 0-21.333334 21.333333v42.666667z\" fill=\"#1D2129\">\u003C/path>\u003C/symbol>\u003Csymbol id=\"iconFile_Nav_Desktop\" viewBox=\"0 0 1024 1024\">\u003Cpath d=\"M919.296 777.514667a19.626667 19.626667 0 0 1 13.696 5.546666 18.773333 18.773333 0 0 1 5.674667 13.397334v37.930666a18.773333 18.773333 0 0 1-5.674667 13.397334 19.626667 19.626667 0 0 1-13.696 5.546666H104.704a19.626667 19.626667 0 0 1-13.696-5.546666 18.773333 18.773333 0 0 1-5.674667-13.397334v-37.930666a18.773333 18.773333 0 0 1 5.674667-13.44 19.626667 19.626667 0 0 1 13.696-5.546667h814.592zM861.098667 170.666667a39.253333 39.253333 0 0 1 27.392 11.093333c7.253333 7.125333 11.392 16.768 11.392 26.837333v493.013334a37.546667 37.546667 0 0 1-11.392 26.88 39.253333 39.253333 0 0 1-27.392 11.050666H162.901333a39.253333 39.253333 0 0 1-27.392-11.093333 37.546667 37.546667 0 0 1-11.392-26.837333V208.64c0-10.069333 4.096-19.712 11.392-26.794667A39.253333 39.253333 0 0 1 162.901333 170.666667h698.197334zM201.728 663.722667h620.586667V246.485333H201.728v417.237334z\" fill=\"#000000\">\u003C/path>\u003C/symbol>\u003Csymbol id=\"iconFile_Nav_Safe\" viewBox=\"0 0 1024 1024\">\u003Cpath d=\"M862.165333 85.333333c18.688 0 33.834667 13.354667 33.834667 29.866667v692.010667c0 16.512-15.146667 29.866667-33.834667 29.866666H780.8v81.28a20.906667 20.906667 0 0 1-5.632 14.336 18.688 18.688 0 0 1-13.568 5.973334h-38.4a18.688 18.688 0 0 1-13.568-5.973334 20.906667 20.906667 0 0 1-5.632-14.336v-81.28h-384v81.28a20.906667 20.906667 0 0 1-5.632 14.336 18.688 18.688 0 0 1-13.568 5.973334h-38.4a18.688 18.688 0 0 1-13.568-5.973334 20.906667 20.906667 0 0 1-5.632-14.336v-81.28H161.834667c-18.688 0-33.834667-13.354667-33.834667-29.866666V115.2c0-16.469333 15.146667-29.866667 33.834667-29.866667h700.330666zM550.4 166.613333H204.8v589.226667h614.4V166.570667h-268.8z\" fill=\"#000000\">\u003C/path>\u003Cpath d=\"M529.066667 268.202667a21.333333 21.333333 0 0 1 21.333333 21.333333V349.44h17.066667a21.333333 21.333333 0 0 1 21.333333 21.290667v38.613333a21.333333 21.333333 0 0 1-21.333333 21.333333h-17.066667v51.626667c22.954667 14.037333 38.4 40.234667 38.4 70.314667 0 44.885333-34.389333 81.237333-76.8 81.237333s-76.8-36.394667-76.8-81.237333c0-30.08 15.488-56.32 38.4-70.357334V289.536a21.333333 21.333333 0 0 1 21.333333-21.333333h34.133334z\" fill=\"#000000\">\u003C/path>\u003C/symbol>\u003Csymbol id=\"iconFile_Nav_Latest\" viewBox=\"0 0 1024 1024\">\u003Cpath d=\"M512 85.333333c235.648 0 426.666667 191.018667 426.666667 426.666667s-191.018667 426.666667-426.666667 426.666667S85.333333 747.648 85.333333 512 276.352 85.333333 512 85.333333z m0 77.568a349.098667 349.098667 0 1 0 0 698.197334 349.098667 349.098667 0 0 0 0-698.197334z m19.370667 155.178667a19.413333 19.413333 0 0 1 19.413333 19.370667v135.765333h135.765333a19.413333 19.413333 0 0 1 19.370667 19.413333v38.784a19.413333 19.413333 0 0 1-19.370667 19.370667h-193.962666a19.413333 19.413333 0 0 1-19.370667-19.413333V337.493333a19.413333 19.413333 0 0 1 19.413333-19.370666h38.784z\" fill=\"#000000\">\u003C/path>\u003C/symbol>\u003Csymbol id=\"iconList_Preview\" viewBox=\"0 0 1024 1024\">\u003Cpath d=\"M891.264 85.333333C917.461333 85.333333 938.666667 106.581333 938.666667 132.736v758.528A47.402667 47.402667 0 0 1 891.264 938.666667H132.736A47.402667 47.402667 0 0 1 85.333333 891.264V132.736C85.333333 106.538667 106.581333 85.333333 132.736 85.333333h758.528zM576 170.666667H170.666667v682.666666h405.333333V170.666667zM853.333333 170.666667h-192v682.666666H853.333333V170.666667z\" fill=\"#1D2129\">\u003C/path>\u003C/symbol>\u003Csymbol id=\"iconright_settings\" viewBox=\"0 0 1024 1024\">\u003Cpath d=\"M512 85.333333c30.933333 0 61.781333 3.456 91.989333 10.325334l6.741334 1.536a21.333333 21.333333 0 0 1 14.848 12.373333l43.392 100.224a21.333333 21.333333 0 0 0 21.930666 12.714667l106.282667-11.776a21.333333 21.333333 0 0 1 18.176 6.912l4.693333 5.12a428.16 428.16 0 0 1 92.074667 162.218666l2.133333 6.912a21.418667 21.418667 0 0 1-3.114666 18.688l-4.181334 5.845334-59.733333 83.114666a21.333333 21.333333 0 0 0 0 24.917334l63.872 88.96a21.333333 21.333333 0 0 1 3.114667 18.688l-2.133334 6.912a428.16 428.16 0 0 1-92.074666 162.218666l-4.650667 5.12a21.333333 21.333333 0 0 1-18.176 6.912l-106.24-11.776a21.333333 21.333333 0 0 0-22.016 12.714667l-43.349333 100.266667a21.333333 21.333333 0 0 1-14.848 12.330666l-6.741334 1.536a412.842667 412.842667 0 0 1-184.021333 0l-6.741333-1.536a21.333333 21.333333 0 0 1-14.805334-12.373333l-2.858666-6.528-40.533334-93.696a21.333333 21.333333 0 0 0-21.973333-12.714667l-106.24 11.776a21.290667 21.290667 0 0 1-18.218667-6.912l-4.650666-5.12a428.288 428.288 0 0 1-92.074667-162.218666l-2.133333-6.912a21.333333 21.333333 0 0 1 3.072-18.730667l4.224-5.845333 59.733333-83.072a21.333333 21.333333 0 0 0 0-24.917334l-64-88.917333a21.376 21.376 0 0 1-3.072-18.688l2.133333-6.954667A428.202667 428.202667 0 0 1 203.946667 222.805333l4.693333-5.162666a21.333333 21.333333 0 0 1 18.133333-6.912l106.282667 11.776a21.333333 21.333333 0 0 0 21.973333-12.714667l43.392-100.266667a21.333333 21.333333 0 0 1 14.805334-12.330666l6.741333-1.536A412.885333 412.885333 0 0 1 512 85.333333z m0 71.125334a348.586667 348.586667 0 0 0-48.128 3.328 20.608 20.608 0 0 0-15.957333 12.373333l-38.656 89.344a58.026667 58.026667 0 0 1-23.893334 27.008 56.746667 56.746667 0 0 1-34.901333 7.466667L255.658667 285.44a20.650667 20.650667 0 0 0-18.730667 7.808 357.077333 357.077333 0 0 0-48.554667 85.717333 20.650667 20.650667 0 0 0 2.56 19.626667l56.96 79.146667a58.88 58.88 0 0 1 0 68.522666l-56.917333 79.146667a20.650667 20.650667 0 0 0-2.56 19.626667 357.077333 357.077333 0 0 0 48.512 85.717333c4.394667 5.717333 11.52 8.576 18.730667 7.808l94.72-10.496c12.16-1.365333 24.448 1.237333 34.986666 7.424 10.624 6.229333 18.986667 15.701333 23.893334 27.050667l38.656 89.301333a20.608 20.608 0 0 0 15.957333 12.373333 346.026667 346.026667 0 0 0 96.256 0 20.650667 20.650667 0 0 0 15.957333-12.373333l38.613334-89.344a58.026667 58.026667 0 0 1 23.893333-27.008 56.746667 56.746667 0 0 1 34.944-7.424l94.805333 10.496a20.650667 20.650667 0 0 0 18.688-7.808c20.053333-26.154667 36.394667-55.04 48.554667-85.674667a20.608 20.608 0 0 0-2.56-19.626666l-56.917333-79.189334a58.709333 58.709333 0 0 1 0-68.522666l56.874666-79.189334a20.565333 20.565333 0 0 0 2.56-19.626666 356.778667 356.778667 0 0 0-48.512-85.674667 20.650667 20.650667 0 0 0-18.730666-7.808l-94.72 10.538667a56.746667 56.746667 0 0 1-34.986667-7.466667 57.984 57.984 0 0 1-23.893333-27.008l-38.613334-89.344a20.693333 20.693333 0 0 0-15.957333-12.373333A346.282667 346.282667 0 0 0 512 156.458667z m0 177.792c101.632 0 183.893333 79.616 183.893333 177.749333 0 98.133333-82.261333 177.792-183.893333 177.792-101.632 0-183.893333-79.616-183.893333-177.792 0-98.133333 82.261333-177.749333 183.893333-177.749333zM512 405.333333a106.666667 106.666667 0 1 0 0 213.333334 106.666667 106.666667 0 0 0 0-213.333334z\" fill=\"#1D2129\">\u003C/path>\u003C/symbol>\u003Csymbol id=\"iconright_refresh\" viewBox=\"0 0 1024 1024\">\u003Cpath d=\"M667.008 750.933333a255.104 255.104 0 0 1-158.293333 52.650667c-7.466667-0.128-14.762667-0.725333-22.101334-1.28-2.986667-0.384-5.973333-0.896-8.96-1.365333a206.549333 206.549333 0 0 1-17.066666-2.816c-3.413333-0.64-6.912-1.706667-10.24-2.56a229.76 229.76 0 0 1-16.384-4.266667c-2.56-1.066667-4.949333-1.92-7.509334-3.029333a195.456 195.456 0 0 1-18.346666-7.168c-1.365333-0.64-2.688-1.152-4.010667-1.706667a456.448 456.448 0 0 1-20.608-10.837333L382.634667 768a272.384 272.384 0 0 1-61.525334-49.792c-0.298667-0.341333-0.554667-0.725333-0.938666-1.024a237.056 237.056 0 0 1-19.242667-23.594667 305.024 305.024 0 0 1-59.178667-181.717333h71.168L199.125333 327.594667 85.333333 511.872h71.04a403.626667 403.626667 0 0 0 63.018667 217.6c0.426667 0.896 0.768 1.877333 1.28 2.688 4.096 6.4 8.704 12.245333 13.056 18.133333 1.706667 2.133333 3.157333 4.394667 4.906667 6.826667a419.072 419.072 0 0 0 22.4 26.368 357.12 357.12 0 0 0 79.957333 64.810667l2.346667 1.365333c8.448 4.906667 17.066667 9.386667 25.813333 13.525333l6.528 3.114667a540.288 540.288 0 0 0 34.048 13.226667c6.826667 2.090667 13.781333 3.968 20.736 5.674666 4.693333 1.194667 9.130667 2.474667 13.952 3.413334 1.92 0.512 3.754667 1.152 5.674667 1.365333 6.698667 1.28 13.269333 1.962667 19.84 2.816 2.432 0.426667 4.778667 0.896 7.168 1.152 11.861333 1.28 23.68 2.048 35.498666 2.048 72.234667 0 142.762667-23.808 203.264-69.632 19.285333-14.592 24.021333-43.392 10.581334-64.085333-13.610667-21.034667-40.149333-26.069333-59.434667-11.349334z m200.448-239.061333c0-80.512-23.125333-155.306667-62.506667-217.002667-0.64-1.066667-0.981333-2.133333-1.493333-3.072-5.077333-7.594667-10.282667-14.677333-15.658667-21.802666a26.88 26.88 0 0 1-1.792-2.602667 359.296 359.296 0 0 0-132.736-107.648c-1.536-0.64-2.816-1.365333-4.309333-2.005333a407.082667 407.082667 0 0 0-25.173333-9.984c-2.901333-1.024-5.973333-2.218667-9.045334-3.2a335.914667 335.914667 0 0 0-22.272-6.272c-4.224-0.981333-8.448-2.133333-12.629333-3.072-2.048-0.426667-3.925333-1.066667-6.144-1.536-5.632-0.981333-11.136-1.536-16.768-2.261334-3.968-0.426667-7.68-1.109333-11.648-1.578666a340.992 340.992 0 0 0-28.245333-1.578667c-1.706667 0-3.413333-0.256-5.12-0.256l-0.853334 0.128c-72.149333 0.085333-142.634667 23.552-203.008 69.333333-19.285333 14.506667-23.978667 43.264-10.410666 64.213334 13.397333 20.736 40.106667 25.856 59.477333 11.178666a254.293333 254.293333 0 0 1 180.650667-51.2c2.432 0.170667 4.693333 0.554667 7.168 0.938667 6.4 0.853333 12.8 1.749333 19.072 3.2 2.730667 0.512 5.546667 1.28 8.106666 1.962667 6.272 1.536 12.330667 3.072 18.346667 5.034666 2.005333 0.597333 3.84 1.322667 5.632 2.133334 6.954667 2.389333 13.738667 4.949333 20.309333 7.978666 0.725333 0.170667 1.365333 0.768 2.048 1.024a274.133333 274.133333 0 0 1 102.4 83.072 305.28 305.28 0 0 1 61.44 184.874667h-71.253333l113.92 184.32L938.666667 511.914667h-71.253334z\" fill=\"#1D2129\">\u003C/path>\u003C/symbol>\u003Csymbol id=\"iconSystem\" viewBox=\"0 0 1024 1024\">\u003Cpath d=\"M511.701333 85.333333c5.717333 0 11.306667 1.28 16.469334 3.797334l345.898666 167.381333a38.698667 38.698667 0 0 1 15.957334 14.421333c3.882667 6.229333 5.973333 13.482667 5.973333 20.906667V731.733333a39.765333 39.765333 0 0 1-5.930667 20.906667 38.656 38.656 0 0 1-15.957333 14.464l-345.856 167.722667a37.845333 37.845333 0 0 1-33.066667 0L149.888 767.146667a38.656 38.656 0 0 1-15.957333-14.421334 39.808 39.808 0 0 1-5.930667-20.906666V291.84c0-7.424 2.090667-14.677333 5.973333-20.906667a38.656 38.656 0 0 1 15.957334-14.506666l345.301333-167.338667A37.802667 37.802667 0 0 1 511.701333 85.333333zM204.8 706.986667l271.616 131.968-4.992-336.298667-0.725333-0.341333L204.8 366.165333v340.821334z m343.466667-203.306667l4.906666 332.373333L819.2 706.986667v-340.906667l-270.933333 137.557333z m-305.28-205.653333l262.186666 134.272a12.629333 12.629333 0 0 0 11.434667 0l264.277333-134.272-269.141333-130.133334-268.757333 130.133334z\" fill=\"#1D2129\">\u003C/path>\u003C/symbol>\u003Csymbol id=\"iconapp_nav_network\" viewBox=\"0 0 1024 1024\">\u003Cpath d=\"M512 760.832c22.4 0 41.984 13.525333 52.522667 33.706667L512 853.333333l-52.522667-58.794666c5.376-10.24 13.013333-18.773333 22.229334-24.704a55.893333 55.893333 0 0 1 30.293333-9.002667z m0-204.288c72.789333 0 138.069333 35.712 182.698667 92.373333l-57.6 64.426667a165.888 165.888 0 0 0-55.893334-48.725333A147.712 147.712 0 0 0 512 647.338667c-23.893333-0.042667-47.530667 5.845333-69.162667 17.28a165.930667 165.930667 0 0 0-55.978666 48.64L329.301333 648.96a246.784 246.784 0 0 1 82.432-68.266667 221.098667 221.098667 0 0 1 100.266667-24.106666z m0-181.589333c55.893333-0.085333 111.146667 12.8 162.389333 37.845333a408.576 408.576 0 0 1 135.125334 107.52l-57.386667 64.298667a327.68 327.68 0 0 0-108.8-87.893334A294.570667 294.570667 0 0 0 512 465.749333c-95.146667 0-180.736 45.824-240.128 118.869334l-57.386667-64.256a408.618667 408.618667 0 0 1 135.168-107.562667A368.042667 368.042667 0 0 1 512 374.954667zM512 170.666667c167.978667 0 319.488 78.805333 426.666667 205.184l-57.386667 64.213333C788.821333 330.069333 657.578667 261.461333 512 261.461333c-145.578667 0-276.821333 68.650667-369.28 178.602667L85.333333 375.808C192.512 249.514667 344.021333 170.666667 512 170.666667z\" fill=\"#1D2129\">\u003C/path>\u003C/symbol>\u003Csymbol id=\"iconapp_nav_Recording\" viewBox=\"0 0 1024 1024\">\u003Cpath d=\"M122.453333 213.333333h519.424c9.344 0 18.346667 3.541333 25.216 9.941334 6.826667 6.4 11.093333 15.189333 11.776 24.576l0.085334 2.816v522.666666a37.418667 37.418667 0 0 1-34.304 37.248l-2.816 0.085334H122.453333a36.949333 36.949333 0 0 1-25.258666-9.941334 37.418667 37.418667 0 0 1-11.776-24.576L85.333333 773.333333V250.666667c0-9.386667 3.541333-18.474667 9.898667-25.386667a36.992 36.992 0 0 1 24.405333-11.861333L122.453333 213.333333z m482.304 74.666667H159.530667v448h445.226666V288zM938.666667 353.92v316.16c0 29.013333-34.56 46.933333-61.824 32l-142.250667-78.08v-224l142.250667-78.08c27.221333-14.933333 61.824 2.986667 61.824 32z m-74.24 65.962667l-55.637334 22.4v139.434666l55.68 22.4V419.882667zM345.088 362.666667v112H233.728V362.666667h111.317333z\" fill=\"#1D2129\">\u003C/path>\u003C/symbol>\u003Csymbol id=\"iconapp_nav_Productivity\" viewBox=\"0 0 1024 1024\">\u003Cpath d=\"M512 85.333333c235.648 0 426.666667 191.018667 426.666667 426.666667s-191.018667 426.666667-426.666667 426.666667S85.333333 747.648 85.333333 512 276.352 85.333333 512 85.333333z m0 77.568a349.098667 349.098667 0 1 0 0 698.197334 349.098667 349.098667 0 0 0 0-698.197334z m243.413333 200.448a19.413333 19.413333 0 0 1 13.738667 33.109334L678.826667 486.826667a19.2 19.2 0 0 1-2.773334 2.304l-150.826666 150.826666a19.370667 19.370667 0 0 1-25.728 1.536l-1.706667-1.536L415.573333 557.653333l-109.738666 109.653334a19.413333 19.413333 0 0 1-27.392 0l-27.434667-27.392a19.413333 19.413333 0 0 1 0-27.434667l150.826667-150.826667a19.413333 19.413333 0 0 1 27.434666 0l82.304 82.261334 98.474667-98.517334-48.938667-48.938666a19.413333 19.413333 0 0 1-5.546666-11.178667l-0.128-2.56a19.413333 19.413333 0 0 1 19.413333-19.370667h180.608z\" fill=\"#1D2129\">\u003C/path>\u003C/symbol>\u003Csymbol id=\"iconapp_nav_AI\" viewBox=\"0 0 1024 1024\">\u003Cpath d=\"M798.208 192.64C731.648 123.306667 641.877333 85.333333 544.426667 85.333333h-18.346667l-6.656 0.213334c-188.714667 7.04-334.677333 167.637333-333.056 371.285333-1.152 1.152-29.994667 38.912-52.650667 68.608l-25.770666 33.664c-14.933333 19.285333-22.912 36.608-22.613334 52.906667 0.725333 45.994667 29.653333 66.56 87.594667 79.232l21.76 4.522666 7.893333 164.437334 0.213334 4.138666A80.768 80.768 0 0 0 282.752 938.666667c4.522667 0 133.12-16.213333 195.328-27.093334v-86.954666c-42.88 5.973333-137.898667 19.541333-193.152 28.501333l-9.898667-198.826667-0.042666-1.664c-0.128-2.986667-0.426667-5.973333-0.981334-8.96a27.477333 27.477333 0 0 0-4.266666-11.093333c-4.48-6.144-9.941333-10.368-16.981334-10.368a1427.029333 1427.029333 0 0 1-46.933333-7.68l-5.717333-1.024-2.090667-0.512a17.365333 17.365333 0 0 1-11.861333-19.797333 17.194667 17.194667 0 0 1 3.541333-7.552c40.618667-49.92 63.36-77.226667 68.266667-82.176 9.770667-9.642667 12.458667-19.2 12.458666-37.12 0-2.133333-0.085333-3.968-0.384-6.869334a45.781333 45.781333 0 0 1-0.298666-4.053333c-1.322667-77.226667 26.282667-145.493333 76.202666-200.021333a263.168 263.168 0 0 1 194.389334-86.058667h4.053333l6.570667 0.085333c150.058667 3.498667 264.234667 124.074667 266.154666 283.178667l-0.085333 6.186667h84.864v-6.954667c-1.493333-99.328-38.186667-191.658667-103.68-259.2z m56.746667 682.410667l-120.917334-353.792h-72.789333l-120.405333 353.792h69.674666l24.789334-83.882667h124.245333l24.789333 83.882667h70.570667zM938.666667 521.258667v353.792h-62.805334v-353.792H938.666667z m-282.453334 208.128c26.197333-92.928 39.808-141.525333 40.789334-145.706667 0.981333 4.181333 14.848 52.778667 41.642666 145.706667H656.213333z\" fill=\"#1D2129\">\u003C/path>\u003C/symbol>\u003Csymbol id=\"iconapp_nav_Recommend\" viewBox=\"0 0 1024 1024\">\u003Cpath d=\"M565.973333 133.717333l7.424 3.114667c49.365333 21.546667 121.088 64.981333 121.088 134.741333 0 27.648-13.610667 64.341333-40.746666 110.08h153.856c121.173333 0 148.992 96.682667 121.173333 169.130667l-121.173333 288.426667c-10.24 33.493333-44.330667 56.789333-83.242667 56.789333H227.157333V381.610667h83.114667l180.693333-232.405334c11.392-16.426667 42.24-29.013333 75.008-15.488zM166.528 381.696v514.005333H85.333333V381.696h81.194667z m379.178667-175.274667l-193.28 248.618667H308.394667v367.530667h416c2.517333 0 4.48-1.322667 4.949333-2.944l1.024-3.285334 122.026667-290.56c16.085333-42.709333 0.085333-70.741333-44.8-70.741333H517.973333l64.298667-108.16c21.333333-35.968 31.061333-62.165333 31.061333-75.306667 0-21.290667-25.258667-45.397333-67.584-65.152z\" fill=\"#1D2129\">\u003C/path>\u003C/symbol>\u003Csymbol id=\"iconapp_nav_Backup\" viewBox=\"0 0 1024 1024\">\u003Cpath d=\"M473.088 146.090667a20.309333 20.309333 0 0 0-33.621333-13.056L335.530667 223.744l-1.706667 1.664a20.309333 20.309333 0 0 0 1.706667 28.928l103.850666 90.709333 1.877334 1.450667a20.394667 20.394667 0 0 0 31.914666-16.768V277.76h174.506667c117.845333 0 213.333333 95.317333 213.333333 212.906667a212.906667 212.906667 0 0 1-122.752 192.853333l38.912 67.242667A290.304 290.304 0 0 0 938.666667 490.666667c0-160.341333-130.261333-290.346667-290.901334-290.346667H473.173333V148.309333l-0.128-2.218666zM287.786667 296.832L248.874667 229.546667A290.346667 290.346667 0 0 0 85.333333 490.666667c0 160.341333 130.261333 290.346667 290.901334 290.346666h174.549333v52.010667a20.309333 20.309333 0 0 0 33.749333 15.274667l103.893334-90.709334a20.309333 20.309333 0 0 0 0-30.549333L584.533333 636.330667a20.437333 20.437333 0 0 0-33.706666 15.274666v52.010667H376.192c-117.802667 0-213.333333-95.36-213.333333-212.949333a212.906667 212.906667 0 0 1 124.885333-193.834667z\" fill=\"#1D2129\">\u003C/path>\u003C/symbol>\u003Csymbol id=\"iconapp_nav_Security\" viewBox=\"0 0 1024 1024\">\u003Cpath d=\"M533.034667 91.776l20.778666 14.08a36.608 36.608 0 0 1 4.48 3.669333c-1.28-1.237333-1.066667-1.237333-1.024-1.28l-1.28-0.853333 6.314667 4.053333c7.210667 4.437333 15.786667 9.472 25.429333 14.805334 29.952 16.384 61.013333 30.72 93.013334 42.922666 32 12.202667 66.176 20.352 100.138666 25.173334a470.016 470.016 0 0 0 44.373334 4.266666l34.389333 0.512a37.504 37.504 0 0 1 25.642667 10.581334 34.986667 34.986667 0 0 1 10.581333 24.917333v34.218667L896 350.421333v48.64L896 549.333333v14.378667C895.658667 735.018667 668.672 938.666667 511.957333 938.666667 355.2 938.666667 128 734.72 128 563.413333V234.666667a34.986667 34.986667 0 0 1 10.581333-24.96 37.504 37.504 0 0 1 25.642667-10.581334l35.072-0.554666a471.338667 471.338667 0 0 0 43.733333-4.224 468.224 468.224 0 0 0 100.010667-25.173334c32-12.202667 63.146667-26.581333 93.056-43.008a469.333333 469.333333 0 0 0 33.834667-20.181333l20.608-14.08a37.717333 37.717333 0 0 1 42.496-0.128z m289.28 307.285333v-48.64l-0.042667-80.768c-10.24-0.213333-30.208-1.792-52.138667-4.906666a542.634667 542.634667 0 0 1-116.352-29.44c-59.690667-22.698667-121.173333-55.637333-141.909333-70.826667a561.92 561.92 0 0 1-39.338667 23.466667c-32.938667 18.090667-67.157333 33.92-102.4 47.36-37.674667 14.378667-77.184 23.808-116.309333 29.44a502.186667 502.186667 0 0 1-52.181333 4.906666v293.802667c0 130.773333 193.066667 304.085333 310.314666 304.085333 117.333333 0 310.4-173.269333 310.4-304.085333V399.061333z m-129.877334 16.042667a18.346667 18.346667 0 0 1 0 26.325333l-163.669333 158.037334-27.306667 26.325333a19.626667 19.626667 0 0 1-27.264 0l-27.306666-26.325333-81.792-79.018667a18.346667 18.346667 0 0 1 0-26.325333l27.306666-26.368a19.626667 19.626667 0 0 1 27.264 0l68.181334 65.877333 150.016-144.853333a19.626667 19.626667 0 0 1 27.306666 0l27.264 26.325333z\" fill=\"#1D2129\">\u003C/path>\u003C/symbol>\u003Csymbol id=\"iconapp_nav_Development\" viewBox=\"0 0 1024 1024\">\u003Cpath d=\"M899.84 128c10.325333 0 20.181333 4.053333 27.477333 11.264 7.253333 7.168 11.349333 16.938667 11.349334 27.136v691.2a38.186667 38.186667 0 0 1-11.349334 27.136 38.997333 38.997333 0 0 1-27.434666 11.264H124.117333a38.997333 38.997333 0 0 1-27.434666-11.264A38.186667 38.186667 0 0 1 85.333333 857.6V166.4c0-10.197333 4.096-19.968 11.349334-27.136A38.997333 38.997333 0 0 1 124.16 128h775.765333z m-38.741333 76.8H162.901333v614.4h698.197334V204.8z m-336.213334 96.213333l34.432 3.754667a19.498667 19.498667 0 0 1 16.512 13.738667 19.029333 19.029333 0 0 1 0.64 7.466666l-0.085333 0.512-49.834667 360.832a19.157333 19.157333 0 0 1-7.253333 12.544 19.541333 19.541333 0 0 1-14.08 3.925334l-34.432-3.797334a19.541333 19.541333 0 0 1-16.554667-14.08 19.029333 19.029333 0 0 1-0.512-7.594666l49.834667-360.832a19.541333 19.541333 0 0 1 21.333333-16.512zM378.026667 395.989333l24.32 22.357334a19.2 19.2 0 0 1 4.821333 21.077333 19.2 19.2 0 0 1-4.138667 6.4l-66.944 67.754667 66.944 67.712a19.114667 19.114667 0 0 1-0.341333 27.178666l-0.341333 0.341334-24.32 22.357333a19.541333 19.541333 0 0 1-26.965334-0.554667l-103.893333-103.509333a19.114667 19.114667 0 0 1 0-27.093333l103.893333-103.466667a19.498667 19.498667 0 0 1 26.965334-0.554667z m294.997333 0.554667l103.893333 103.466667a19.114667 19.114667 0 0 1 0 27.093333l-103.893333 103.509333a19.498667 19.498667 0 0 1-26.965333 0.554667l-24.32-22.357333a19.2 19.2 0 0 1-0.64-27.52l66.901333-67.712-66.901333-67.754667a19.157333 19.157333 0 0 1 0.64-27.477333l24.32-22.357334a19.498667 19.498667 0 0 1 26.965333 0.554667z\" fill=\"#1D2129\">\u003C/path>\u003C/symbol>\u003Csymbol id=\"iconapp_nav_Drivers\" viewBox=\"0 0 1024 1024\">\u003Cpath d=\"M810.666667 85.333333a128 128 0 0 1 42.666666 248.746667v199.253333h42.666667a42.666667 42.666667 0 0 1 42.666667 42.666667V896a42.666667 42.666667 0 0 1-42.666667 42.666667H128a42.666667 42.666667 0 0 1-42.666667-42.666667v-320a42.666667 42.666667 0 0 1 42.666667-42.666667h42.666667V334.08a128 128 0 1 1 85.333333 0v199.253333h213.333333V334.08a128 128 0 1 1 85.333334 0v199.253333h213.333333V334.08A128 128 0 0 1 810.666667 85.333333zM170.666667 853.333333h682.666666v-234.666666H170.666667V853.333333z m256-85.333333H341.333333v-85.333333h85.333334v85.333333z m320-85.333333a21.333333 21.333333 0 0 1 21.333333 21.333333v42.666667a21.333333 21.333333 0 0 1-21.333333 21.333333h-213.333334a21.333333 21.333333 0 0 1-21.333333-21.333333v-42.666667a21.333333 21.333333 0 0 1 21.333333-21.333333h213.333334zM213.333333 170.666667a42.666667 42.666667 0 1 0 0 85.333333 42.666667 42.666667 0 0 0 0-85.333333z m298.666667 0a42.666667 42.666667 0 1 0 0 85.333333 42.666667 42.666667 0 0 0 0-85.333333z m298.666667 0a42.666667 42.666667 0 1 0 0 85.333333 42.666667 42.666667 0 0 0 0-85.333333z\" fill=\"#1D2129\">\u003C/path>\u003C/symbol>\u003Csymbol id=\"iconapp_nav_Downloads\" viewBox=\"0 0 1024 1024\">\u003Cpath d=\"M281.6 391.168v78.208H204.8v391.082667h614.4V469.333333h-76.8V391.168h115.2c10.197333 0 19.968 4.138667 27.136 11.477333a39.466667 39.466667 0 0 1 11.264 27.648v469.248a39.466667 39.466667 0 0 1-11.264 27.690667 38.058667 38.058667 0 0 1-27.136 11.434667H166.4a38.058667 38.058667 0 0 1-27.136-11.434667 39.466667 39.466667 0 0 1-11.264-27.648v-469.333333c0-10.325333 4.053333-20.266667 11.264-27.605334a38.058667 38.058667 0 0 1 27.136-11.477333h115.2z m403.2 312.874667c5.12 0 9.984 2.048 13.568 5.717333a19.754667 19.754667 0 0 1 5.632 13.824v39.082667a19.754667 19.754667 0 0 1-5.632 13.866666 19.029333 19.029333 0 0 1-13.568 5.717334h-345.6a19.029333 19.029333 0 0 1-13.568-5.717334 19.754667 19.754667 0 0 1-5.632-13.866666v-39.082667c0-5.205333 2.005333-10.154667 5.632-13.824a19.029333 19.029333 0 0 1 13.568-5.717333h345.6z m0-156.458667c5.12 0 9.984 2.090667 13.568 5.76a19.754667 19.754667 0 0 1 5.632 13.824v39.082667a19.754667 19.754667 0 0 1-5.632 13.824 19.029333 19.029333 0 0 1-13.568 5.76h-345.6a19.029333 19.029333 0 0 1-13.568-5.76 19.754667 19.754667 0 0 1-5.632-13.824v-39.082667c0-5.205333 2.005333-10.154667 5.632-13.824a19.029333 19.029333 0 0 1 13.568-5.717333h345.6zM492.970667 85.333333l36.352 0.128c4.693333 0 9.216 1.749333 12.714666 4.906667a19.626667 19.626667 0 0 1 6.314667 12.245333l0.128 2.261334 1.365333 238.933333 81.450667-82.986667a19.029333 19.029333 0 0 1 25.344-1.621333l1.792 1.621333 27.178667 27.648a19.712 19.712 0 0 1 1.578666 25.813334l-1.578666 1.877333-149.333334 152.064a38.058667 38.058667 0 0 1-51.882666 2.304l-2.432-2.304-149.333334-152.064a19.712 19.712 0 0 1-1.621333-25.813333l1.621333-1.877334 27.136-27.648a19.029333 19.029333 0 0 1 25.344-1.621333l1.792 1.621333 88.192 89.856-1.365333-245.674666a20.010667 20.010667 0 0 1 5.589333-13.909334 19.2 19.2 0 0 1 13.653334-5.76z\" fill=\"#1D2129\">\u003C/path>\u003C/symbol>\u003Csymbol id=\"iconapp_nav_installed\" viewBox=\"0 0 1024 1024\">\u003Cpath d=\"M723.242667 123.221333l66.176 111.36 111.36 66.133334a77.525333 77.525333 0 0 1 35.498666 85.76L904.362667 512l31.914666 125.525333a77.482667 77.482667 0 0 1-35.498666 85.76l-111.36 66.133334-66.133334 111.36a77.482667 77.482667 0 0 1-85.76 35.498666L512 904.362667l-125.525333 31.914666a77.482667 77.482667 0 0 1-85.76-35.541333l-66.133334-111.317333-111.36-66.133334a77.525333 77.525333 0 0 1-35.498666-85.76L119.637333 512l-31.914666-125.525333a77.525333 77.525333 0 0 1 35.498666-85.76l111.36-66.133334 66.133334-111.36a77.525333 77.525333 0 0 1 85.76-35.498666L512 119.637333l125.525333-31.914666a77.525333 77.525333 0 0 1 85.76 35.498666z m-66.602667 39.594667l-125.525333 32a77.525333 77.525333 0 0 1-38.229334 0l-125.525333-32-66.133333 111.36c-6.656 11.093333-15.914667 20.394667-27.050667 27.008L162.816 367.36l31.914667 125.525333c3.2 12.544 3.2 25.685333 0 38.229334l-31.914667 125.482666 111.36 66.218667c11.093333 6.613333 20.394667 15.872 27.008 27.008l66.133333 111.36 125.568-31.957333c12.544-3.2 25.642667-3.2 38.186667 0l125.525333 31.957333 66.176-111.36c6.613333-11.093333 15.914667-20.394667 27.008-27.008l111.36-66.176-31.914666-125.525333a77.568 77.568 0 0 1 0-38.229334l31.914666-125.525333-111.36-66.133333a77.44 77.44 0 0 1-27.008-27.050667l-66.133333-111.36z m74.581333 255.573333l-54.784-54.741333-219.221333 219.221333-109.653333-109.653333-54.784 54.826667 164.437333 164.437333 274.005333-274.048z\" fill=\"#1D2129\">\u003C/path>\u003C/symbol>\u003Csymbol id=\"iconapp_nav_Audio\" viewBox=\"0 0 1024 1024\">\u003Cpath d=\"M336.426667 90.794667l153.813333 154.24h38.442667l153.813333-154.24a18.517333 18.517333 0 0 1 24.490667-1.536l1.792 1.536 26.24 26.325333a18.602667 18.602667 0 0 1 1.536 24.533333l-1.578667 1.749334-101.376 101.632h267.946667a37.034667 37.034667 0 0 1 37.034666 34.389333l0.085334 2.816v576.554667a37.248 37.248 0 0 1-34.304 37.12L901.546667 896H122.453333a37.034667 37.034667 0 0 1-37.034666-34.389333L85.333333 858.794667V282.24a37.248 37.248 0 0 1 34.304-37.12l2.816-0.085333h262.826667L283.989333 143.36a18.602667 18.602667 0 0 1 0-26.325333l26.24-26.282667a18.56 18.56 0 0 1 26.24 0z m528.042666 228.650666H159.530667v502.186667h704.938666V319.402667z m-426.666666 116.992c3.413333 0 6.826667 0.938667 9.728 2.730667L634.709333 554.666667a18.602667 18.602667 0 0 1 0 31.701333L447.573333 701.866667a18.517333 18.517333 0 0 1-28.288-15.872v-230.997334a18.602667 18.602667 0 0 1 18.56-18.56z\" fill=\"#1D2129\">\u003C/path>\u003C/symbol>\u003Csymbol id=\"iconapp_nav_Community\" viewBox=\"0 0 1024 1024\">\u003Cpath d=\"M409.856 795.221333c32.213333 14.549333 67.072 22.016 102.314667 21.973334 36.394667 0 71.04-7.808 102.314666-21.930667 13.226667 23.978667 31.274667 44.885333 52.906667 61.397333a324.181333 324.181333 0 0 1-155.221333 39.338667 324.608 324.608 0 0 1-155.221334-39.296c21.632-16.554667 39.68-37.504 52.906667-61.44z m-163.328-253.696l1.792 0.085334 4.693333 0.341333 1.237334 0.085333 5.76 0.597334 0.554666 0.085333c25.173333 3.328 49.194667 12.885333 69.888 27.818667 20.693333 14.933333 37.461333 34.773333 48.810667 57.770666a159.744 159.744 0 0 1-3.370667 147.797334l-0.725333 1.28-1.365333 2.389333-0.469334 0.853333-0.170666 0.256-0.128 0.170667-0.128 0.256-1.024 1.706667c-3.029333 4.821333-6.314667 9.514667-9.813334 13.994666l-1.066666 1.408a143.36 143.36 0 0 1-3.413334 4.096l-0.64 0.725334a155.306667 155.306667 0 0 1-56.448 41.088 153.173333 153.173333 0 0 1-135.253333-7.594667 156.117333 156.117333 0 0 1-51.626667-47.104 159.914667 159.914667 0 0 1-21.845333-135.68 158.293333 158.293333 0 0 1 34.261333-61.44c15.829333-17.536 35.413333-31.232 57.173334-40.021333l1.834666-0.725334-2.645333 1.109334 5.290667-2.133334 1.024-0.341333c3.84-1.408 7.765333-2.602667 11.733333-3.712l0.853333-0.213333c1.792-0.469333 3.626667-0.896 5.461334-1.28l0.597333-0.170667a153.088 153.088 0 0 1 33.109333-3.626667l6.058667 0.128z m542.592 0h0.64l1.92 0.085334c10.581333 0.554667 21.12 2.176 31.36 4.864l0.896 0.256c3.925333 1.066667 7.808 2.304 11.648 3.669333l0.725333 0.256c20.352 7.466667 38.912 19.2 54.528 34.389333 15.573333 15.146667 27.861333 33.493333 36.096 53.76a159.701333 159.701333 0 0 1-3.157333 127.402667 157.44 157.44 0 0 1-38.826667 51.84 154.666667 154.666667 0 0 1-56.149333 31.488 153.045333 153.045333 0 0 1-124.629333-15.232l-1.28-0.768-3.498667-2.261333-0.213333-0.128-1.706667-1.152a149.717333 149.717333 0 0 1-9.728-7.168l-0.981333-0.810667a153.898667 153.898667 0 0 1-9.216-8.149333l-0.64-0.597334a164.48 164.48 0 0 1-8.832-9.216l-0.682667-0.853333a184.021333 184.021333 0 0 1-3.157333-3.669333l-1.024-1.322667a158.208 158.208 0 0 1-10.709334-15.189333l-0.426666-0.597334-0.554667-0.853333a159.402667 159.402667 0 0 1 41.130667-210.133333 154.026667 154.026667 0 0 1 71.125333-28.714667l5.546667-0.64 2.005333-0.128 4.693333-0.341333h0.981334l0.597333-0.085334c2.090667-0.085333 4.138667-0.128 6.229333-0.128l5.290667 0.128zM240.512 620.202667c-20.608 0-40.362667 8.32-54.912 23.04a79.445333 79.445333 0 0 0-22.698667 55.808c0 20.906667 8.149333 40.917333 22.698667 55.68s34.304 23.082667 54.912 23.082666c20.565333 0 40.32-8.277333 54.912-23.04 14.506667-14.805333 22.698667-34.858667 22.698667-55.722666 0-20.906667-8.149333-40.96-22.698667-55.765334a77.141333 77.141333 0 0 0-54.912-23.082666z m543.317333 0c-20.565333 0-40.32 8.32-54.869333 23.04a79.488 79.488 0 0 0 0 111.488c14.506667 14.762667 34.304 23.082667 54.869333 23.082666s40.32-8.32 54.869334-23.04a79.488 79.488 0 0 0 0-111.445333 77.056 77.056 0 0 0-54.869334-23.125333zM187.690667 550.784l-0.725334 0.256 1.024-0.384-0.298666 0.128z m579.456-8.448l-2.901334 0.341333 3.157334-0.426666-0.256 0.085333z m20.266666-0.853333h-0.512l-3.072-0.085334 3.584 0.042667zM318.208 290.176a198.4 198.4 0 0 0 20.992 84.522667 256.426667 256.426667 0 0 0-72.96 128.981333 191.36 191.36 0 0 0-80.128 6.144 335.701333 335.701333 0 0 1 120.96-211.029333l6.229333-4.949334 4.906667-3.669333z m387.968 0a335.616 335.616 0 0 1 130.986667 213.162667l1.024 6.485333c-26.026667-7.68-53.333333-9.813333-80.170667-6.144a256.554667 256.554667 0 0 0-72.917333-129.024 198.4 198.4 0 0 0 21.077333-84.48z m-221.525333-159.744a152.96 152.96 0 0 1 122.965333 30.890667c17.194667 13.653333 31.402667 30.805333 41.642667 50.346666a159.36 159.36 0 0 1 8.533333 128.298667l-2.218667 5.674667-0.085333 0.170666-0.426667 1.066667-1.237333 2.944a156.970667 156.970667 0 0 1-56.234667 67.114667 153.728 153.728 0 0 1-83.029333 26.026666 153.557333 153.557333 0 0 1-83.712-23.338666 156.885333 156.885333 0 0 1-58.325333-65.365334l-2.218667-4.949333-0.512-1.066667-1.621333-4.010666-0.810667-2.005334a158.762667 158.762667 0 0 1-9.642667-41.216l-0.085333-0.981333-0.298667-3.456-0.213333-3.456-0.042667-0.682667a176.213333 176.213333 0 0 1-0.128-7.168l0.085334-6.229333 0.085333-1.877333 0.298667-4.138667 0.128-1.92c0.128-1.706667 0.341333-3.498667 0.554666-5.248l0.128-1.066667a159.146667 159.146667 0 0 1 21.76-61.909333A156.672 156.672 0 0 1 424.661333 155.306667a154.026667 154.026667 0 0 1 59.946667-24.874667z m27.52 76.074667c-20.608 0-40.32 8.277333-54.869334 23.04a79.402667 79.402667 0 0 0 0 111.445333c14.506667 14.762667 34.261333 23.04 54.869334 23.04 20.565333 0 40.32-8.277333 54.869333-23.04a79.402667 79.402667 0 0 0 0-111.402667 77.013333 77.013333 0 0 0-54.869333-23.082666z\" fill=\"#1D2129\">\u003C/path>\u003C/symbol>\u003Csymbol id=\"iconapp_nav_all\" viewBox=\"0 0 1024 1024\">\u003Cpath d=\"M426.666667 554.666667a42.666667 42.666667 0 0 1 42.666666 42.666666v277.333334a42.666667 42.666667 0 0 1-38.314666 42.453333L426.666667 917.333333H149.333333l-4.394666-0.213333a42.666667 42.666667 0 0 1-38.058667-38.101333L106.666667 874.666667V597.333333a42.666667 42.666667 0 0 1 42.666666-42.666666H426.666667z m450.133333-2.133334a40.533333 40.533333 0 0 1 40.533333 40.533334v283.733333a40.533333 40.533333 0 0 1-40.533333 40.533333H593.066667a40.533333 40.533333 0 0 1-40.533334-40.533333V593.066667a40.533333 40.533333 0 0 1 40.533334-40.533334h283.733333zM183.466667 840.533333h209.066666v-209.066666H183.466667v209.066666z m450.133333-4.266666h202.666667v-202.666667h-202.666667v202.666667zM430.933333 106.666667a40.533333 40.533333 0 0 1 40.533334 40.533333v283.733333a40.533333 40.533333 0 0 1-40.533334 40.533334H147.2a40.533333 40.533333 0 0 1-40.533333-40.533334V147.2a40.533333 40.533333 0 0 1 40.533333-40.533333h283.733333z m445.866667 0a40.533333 40.533333 0 0 1 40.533333 40.533333v283.733333a40.533333 40.533333 0 0 1-40.533333 40.533334H593.066667a40.533333 40.533333 0 0 1-40.533334-40.533334V147.2a40.533333 40.533333 0 0 1 40.533334-40.533333h283.733333zM187.733333 390.4h202.666667V187.733333H187.733333v202.666667z m445.866667 0h202.666667V187.733333h-202.666667v202.666667z\" fill=\"#1D2129\">\u003C/path>\u003C/symbol>\u003Csymbol id=\"iconUpward\" viewBox=\"0 0 1024 1024\">\u003Cpath d=\"M917.333333 853.333333a21.333333 21.333333 0 0 1 21.333334 21.333334v42.666666a21.333333 21.333333 0 0 1-21.333334 21.333334h-810.666666a21.333333 21.333333 0 0 1-21.333334-21.333334v-42.666666a21.333333 21.333333 0 0 1 21.333334-21.333334h810.666666zM433.194667 388.053333v359.637334c0 5.376 2.133333 10.538667 5.802666 14.336 3.669333 3.84 8.704 5.973333 13.909334 5.973333h118.186666c5.205333 0 10.24-2.133333 13.909334-5.973333a20.650667 20.650667 0 0 0 5.76-14.336V388.053333h147.712c1.237333 0 2.389333-0.213333 3.584-0.341333l0.554666-0.128a25.088 25.088 0 0 0 3.925334-0.938667 14.549333 14.549333 0 0 0 3.797333-1.408l0.512-0.256 0.810667-0.426666a15.36 15.36 0 0 0 2.005333-0.981334 31.786667 31.786667 0 0 0 13.653333-21.333333 39.68 39.68 0 0 0 0.64-6.229333L768 355.413333a9.216 9.216 0 0 0-0.085333-1.152l-0.085334-0.853333-0.042666-0.426667a34.261333 34.261333 0 0 0-5.76-17.066666l-221.696-230.485334c-5.845333-11.306667-17.365333-21.973333-28.330667-19.797333-10.965333-2.176-22.442667 8.490667-28.330667 19.797333L261.930667 335.914667a34.432 34.432 0 0 0-5.717334 17.066666v0.426667c0 0.298667-0.085333 0.597333-0.128 0.853333A8.746667 8.746667 0 0 0 256 355.413333l0.042667 0.597334 0.042666 0.554666c0.042667 1.621333 0.213333 3.242667 0.426667 4.821334 1.706667 9.514667 6.4 17.450667 13.824 22.186666 0.64 0.426667 1.322667 0.725333 2.005333 1.024l0.853334 0.426667 0.426666 0.213333a30.976 30.976 0 0 0 7.381334 2.346667l0.896 0.128a24.277333 24.277333 0 0 0 3.626666 0.341333h147.669334z\" fill=\"#3491FA\">\u003C/path>\u003C/symbol>\u003Csymbol id=\"icondownward\" viewBox=\"0 0 1024 1024\">\u003Cpath d=\"M917.333333 853.333333a21.333333 21.333333 0 0 1 21.333334 21.333334v42.666666a21.333333 21.333333 0 0 1-21.333334 21.333334h-810.666666a21.333333 21.333333 0 0 1-21.333334-21.333334v-42.666666a21.333333 21.333333 0 0 1 21.333334-21.333334h810.666666zM433.194667 465.28V105.642667c0-5.376 2.133333-10.538667 5.802666-14.378667A19.413333 19.413333 0 0 1 452.906667 85.333333h118.186666c5.205333 0 10.24 2.133333 13.909334 5.973334 3.669333 3.797333 5.76 8.96 5.76 14.336v359.637333h147.712c1.237333 0 2.389333 0.213333 3.584 0.341333l0.554666 0.128a25.344 25.344 0 0 1 3.925334 0.938667c1.322667 0.298667 2.602667 0.768 3.797333 1.408l0.512 0.256 0.810667 0.426667a15.274667 15.274667 0 0 1 2.005333 0.981333 31.786667 31.786667 0 0 1 13.653333 21.333333 39.765333 39.765333 0 0 1 0.64 6.229334l0.042667 0.597333a9.344 9.344 0 0 1-0.085333 1.152l-0.085334 0.853333-0.042666 0.426667a34.304 34.304 0 0 1-5.76 17.066667l-221.696 230.485333c-5.845333 11.306667-17.365333 21.973333-28.330667 19.797333-10.965333 2.176-22.442667-8.490667-28.330667-19.797333l-221.738666-230.485333a34.432 34.432 0 0 1-5.717334-17.066667v-0.426667c0-0.298667-0.085333-0.597333-0.128-0.853333A8.746667 8.746667 0 0 1 256 497.92l0.042667-0.64 0.042666-0.554667a36.266667 36.266667 0 0 1 0.426667-4.864 32.128 32.128 0 0 1 13.824-22.101333c0.64-0.426667 1.322667-0.768 2.005333-1.066667l0.853334-0.426666 0.426666-0.213334a31.232 31.232 0 0 1 7.381334-2.346666l0.896-0.128a24.32 24.32 0 0 1 3.626666-0.341334h147.669334z\" fill=\"#23C343\">\u003C/path>\u003C/symbol>\u003Csymbol id=\"iconStorage_Nav_iSCSI_Target\" viewBox=\"0 0 1024 1024\">\u003Cpath d=\"M298.666667 256m-42.666667 0a42.666667 42.666667 0 1 0 85.333333 0 42.666667 42.666667 0 1 0-85.333333 0Z\" fill=\"#1D2129\">\u003C/path>\u003Cpath d=\"M725.333333 256m-42.666666 0a42.666667 42.666667 0 1 0 85.333333 0 42.666667 42.666667 0 1 0-85.333333 0Z\" fill=\"#1D2129\">\u003C/path>\u003Cpath d=\"M298.666667 768m-42.666667 0a42.666667 42.666667 0 1 0 85.333333 0 42.666667 42.666667 0 1 0-85.333333 0Z\" fill=\"#1D2129\">\u003C/path>\u003Cpath d=\"M725.333333 768m-42.666666 0a42.666667 42.666667 0 1 0 85.333333 0 42.666667 42.666667 0 1 0-85.333333 0Z\" fill=\"#1D2129\">\u003C/path>\u003Cpath d=\"M873.386667 85.333333c6.016 0 11.776 2.261333 16 6.229334 4.224 4.010667 6.613333 9.429333 6.613333 15.104v810.666666c0 5.674667-2.389333 11.093333-6.613333 15.104a23.253333 23.253333 0 0 1-15.957334 6.229334H150.570667a23.253333 23.253333 0 0 1-15.957334-6.229334A20.778667 20.778667 0 0 1 128 917.333333v-810.666666c0-5.674667 2.389333-11.093333 6.613333-15.104A23.253333 23.253333 0 0 1 150.613333 85.333333h722.858667zM213.333333 344.234667v510.421333l597.333334 1.578667V170.666667H212.949333L213.333333 344.234667zM512 277.333333a209.493333 209.493333 0 0 1 143.786667 56.234667A186.709333 186.709333 0 0 1 715.264 469.333333a185.6 185.6 0 0 1-47.189333 122.88l-55.424-74.88c7.893333-14.762667 12.288-31.146667 12.288-48 0-28.288-11.946667-55.424-33.109334-75.434666A116.48 116.48 0 0 0 512 362.666667a116.48 116.48 0 0 0-79.872 31.232A103.765333 103.765333 0 0 0 399.061333 469.333333c0 28.288 11.904 55.424 33.066667 75.434667 17.365333 16.384 39.850667 26.752 63.872 29.994667l60.544 81.834666c-14.506667 3.072-29.44 4.736-44.544 4.736a209.493333 209.493333 0 0 1-143.786667-56.234666A186.752 186.752 0 0 1 308.736 469.333333c0-50.901333 21.418667-99.754667 59.562667-135.765333A209.493333 209.493333 0 0 1 512 277.333333z\" fill=\"#1D2129\">\u003C/path>\u003Cpath d=\"M548.293081 473.420174m26.414676 33.506855l103.281379 131.011806q26.414675 33.506856-7.09218 59.921531l0 0q-33.506856 26.414675-59.921531-7.092181l-103.28138-131.011805q-26.414675-33.506856 7.092181-59.921531l0 0q33.506856-26.414675 59.921531 7.09218Z\" fill=\"#1D2129\">\u003C/path>\u003C/symbol>\u003Csymbol id=\"iconStorage_Nav_hot_spare\" viewBox=\"0 0 1024 1024\">\u003Cpath d=\"M85.333333 621.653333l0.256-3.456a34.261333 34.261333 0 0 1 0.341334-1.877333l0.128-0.682667L185.258667 133.248a33.706667 33.706667 0 0 1 9.301333-17.194667c4.693333-4.650667 10.666667-7.765333 17.152-8.917333l5.674667-0.469333h590.378666c6.570667 0 13.013333 2.005333 18.474667 5.76a33.408 33.408 0 0 1 12.074667 15.36l1.621333 5.546666 98.090667 482.389334a37.973333 37.973333 0 0 1 0.64 6.826666v261.290667a33.834667 33.834667 0 0 1-9.6 23.68 32.469333 32.469333 0 0 1-23.210667 9.813333H118.144a32.469333 32.469333 0 0 1-23.210667-9.813333 33.834667 33.834667 0 0 1-9.6-23.68V621.653333z m768 0.853334L170.666667 618.24V832h682.666666v-209.493333z m-61.525333 97.706666a32.426667 32.426667 0 0 1 22.186667 8.746667 34.005333 34.005333 0 0 1 4.010666 45.056 32.725333 32.725333 0 0 1-20.266666 12.672l-5.930667 0.554667h-82.901333a32.469333 32.469333 0 0 1-22.186667-8.746667 34.005333 34.005333 0 0 1-4.010667-45.056 32.725333 32.725333 0 0 1 20.309334-12.672l5.888-0.554667h82.944zM768 192H256l-64 341.333333h644.693333L768 192z\" fill=\"#1D2129\">\u003C/path>\u003Cpath d=\"M548.565333 252.970667a18.261333 18.261333 0 0 0-18.261333-18.304h-36.608a18.304 18.304 0 0 0-18.261333 18.304v73.130666H402.304A18.304 18.304 0 0 0 384 344.32v36.608a18.304 18.304 0 0 0 18.304 18.261333h73.130667v73.130667a18.304 18.304 0 0 0 18.261333 18.304h36.608a18.304 18.304 0 0 0 18.261333-18.304V399.232h73.130667A18.304 18.304 0 0 0 640 381.013333V344.32a18.304 18.304 0 0 0-18.304-18.261333h-73.130667V252.970667z\" fill=\"#1D2129\">\u003C/path>\u003C/symbol>\u003Csymbol id=\"iconStorage_Nav_disk\" viewBox=\"0 0 1024 1024\">\u003Cpath d=\"M85.333333 621.653333l0.256-3.456a34.261333 34.261333 0 0 1 0.341334-1.877333l0.128-0.682667L185.258667 133.248a33.706667 33.706667 0 0 1 9.301333-17.194667c4.693333-4.650667 10.666667-7.765333 17.152-8.917333l5.674667-0.469333h590.378666c6.570667 0 13.013333 2.005333 18.474667 5.76a33.408 33.408 0 0 1 12.074667 15.36l1.621333 5.546666 98.090667 482.389334a37.973333 37.973333 0 0 1 0.64 6.826666v261.290667a33.834667 33.834667 0 0 1-9.6 23.68 32.469333 32.469333 0 0 1-23.210667 9.813333H118.144a32.469333 32.469333 0 0 1-23.210667-9.813333 33.834667 33.834667 0 0 1-9.6-23.68V621.653333z m768 0.853334L170.666667 618.24V832h682.666666v-209.493333z m-61.525333 97.706666a32.426667 32.426667 0 0 1 22.186667 8.746667 34.005333 34.005333 0 0 1 4.010666 45.056 32.725333 32.725333 0 0 1-20.266666 12.672l-5.930667 0.554667h-82.901333a32.469333 32.469333 0 0 1-22.186667-8.746667 34.005333 34.005333 0 0 1-4.010667-45.056 32.725333 32.725333 0 0 1 20.309334-12.672l5.888-0.554667h82.944zM768 192H256l-64 341.333333h644.693333L768 192z\" fill=\"#1D2129\">\u003C/path>\u003C/symbol>\u003Csymbol id=\"iconStorage_nav_overview\" viewBox=\"0 0 1024 1024\">\u003Cpath d=\"M876.8 106.666667a40.533333 40.533333 0 0 1 40.533333 40.533333v567.466667a40.533333 40.533333 0 0 1-40.533333 40.533333h-324.266667v81.066667h101.333334a20.266667 20.266667 0 0 1 20.266666 20.266666v40.533334a20.266667 20.266667 0 0 1-20.266666 20.266666h-283.733334a20.266667 20.266667 0 0 1-20.266666-20.266666v-40.533334a20.266667 20.266667 0 0 1 20.266666-20.266666h101.333334v-81.066667h-324.266667a40.533333 40.533333 0 0 1-40.533333-40.533333V147.2a40.533333 40.533333 0 0 1 40.533333-40.533333h729.6z m-40.533333 81.066666H187.733333v486.4h648.533334V187.733333z m-114.730667 156.202667l-28.672-28.672a20.266667 20.266667 0 0 0-28.672 0l-103.68 103.68-91.648-92.032-1.92-1.706667a20.224 20.224 0 0 0-26.709333 1.706667l-145.237334 144.768a20.266667 20.266667 0 0 0 0 28.672l28.629334 28.629333a20.266667 20.266667 0 0 0 28.672 0l101.674666-101.674666 92.330667 92.416a20.181333 20.181333 0 0 0 28.672 0l146.56-147.157334a20.266667 20.266667 0 0 0 0-28.586666z\" fill=\"#1D2129\">\u003C/path>\u003C/symbol>\u003Csymbol id=\"iconStorage_Nav_storage\" viewBox=\"0 0 1024 1024\">\u003Cpath d=\"M204.8 347.050667v168.533333c0 39.594667 129.621333 82.688 307.2 82.688 177.578667 0 307.2-43.093333 307.2-82.688v-168.533333c-68.949333 38.4-174.037333 58.282667-307.2 58.282666-133.162667 0-238.293333-19.925333-307.2-58.282666z m0 271.616v146.730666c0 39.594667 129.621333 109.269333 307.2 109.269334 177.578667 0 307.2-63.957333 307.2-103.552v-146.730667C750.250667 662.784 645.162667 682.666667 512 682.666667c-133.162667 0-238.293333-25.6-307.2-64zM896 235.946667v559.317333c0 87.082667-172.757333 164.736-384 164.736-211.285333 0-384-77.653333-384-164.736V236.245333C128 145.066667 277.333333 68.266667 512 68.266667s384 81.066667 384 167.68zM512 320c128 0 298.666667-44.458667 298.666667-84.053333 0-61.269333-170.666667-90.88-298.666667-90.88S213.333333 192 213.333333 234.666667s170.666667 85.333333 298.666667 85.333333z m224 172.672a33.962667 33.962667 0 0 1-22.613333-8.405333 27.264 27.264 0 0 1-9.386667-20.266667c0-7.637333 3.370667-14.933333 9.386667-20.309333a33.962667 33.962667 0 0 1 22.613333-8.405334c8.490667 0 16.64 3.029333 22.613333 8.405334 6.016 5.376 9.386667 12.672 9.386667 20.309333 0 7.594667-3.370667 14.890667-9.386667 20.266667a33.962667 33.962667 0 0 1-22.613333 8.405333z m0 286.848a33.962667 33.962667 0 0 1-22.613333-8.405333 27.264 27.264 0 0 1-9.386667-20.309334c0-7.594667 3.370667-14.890667 9.386667-20.266666a33.962667 33.962667 0 0 1 22.613333-8.405334c8.490667 0 16.64 2.986667 22.613333 8.405334 6.016 5.376 9.386667 12.672 9.386667 20.266666 0 7.637333-3.370667 14.933333-9.386667 20.309334a33.962667 33.962667 0 0 1-22.613333 8.405333z\" fill=\"#1D2129\">\u003C/path>\u003C/symbol>\u003Csymbol id=\"iconStorage_Nav_USB_enabled\" viewBox=\"0 0 1024 1024\">\u003Cpath d=\"M759.168 91.477333C751.829333 87.466667 744.533333 85.333333 724.522667 85.333333H299.477333c-20.053333 0-27.306667 2.133333-34.645333 6.144a41.258667 41.258667 0 0 0-17.066667 17.450667c-3.925333 7.509333-5.973333 14.976-5.973333 35.498667v286.848h-19.669333c-40.149333 0-54.741333 4.266667-69.418667 12.288-14.506667 7.893333-26.368 20.053333-34.048 34.901333-7.808 15.018667-11.989333 29.952-11.989333 71.04v363.093333c0 10.154667 0.256 18.730667 0.768 26.069334l89.301333-0.042667v-415.146667H827.306667V938.666667l89.301333 0.042666a376.746667 376.746667 0 0 0 0.768-26.026666v-363.093334c0-41.130667-4.181333-56.064-12.032-71.082666a82.858667 82.858667 0 0 0-34.048-34.901334c-14.677333-8.021333-29.226667-12.288-69.376-12.288h-19.626667V144.469333c0-20.565333-2.133333-28.032-6.058666-35.541333a41.386667 41.386667 0 0 0-17.024-17.450667zM331.861333 177.578667h360.277334v253.696H331.861333V177.578667z m135.082667 69.205333v92.245333h-90.026667V246.784h90.026667z m180.181333 92.245333V246.784h-90.069333v92.245333h90.026667z\" fill=\"#1D2129\">\u003C/path>\u003C/symbol>\u003Csymbol id=\"iconStorage_Nav_volume\" viewBox=\"0 0 1024 1024\">\u003Cpath d=\"M512 85.333333c235.648 0 426.666667 191.018667 426.666667 426.666667s-191.018667 426.666667-426.666667 426.666667S85.333333 747.648 85.333333 512 276.352 85.333333 512 85.333333zM162.901333 512a349.098667 349.098667 0 0 0 592.554667 250.197333L473.173333 530.346667V165.034667A349.141333 349.141333 0 0 0 162.901333 512z m387.882667-346.965333v328.618666l253.952 208.64a349.141333 349.141333 0 0 0-253.952-537.173333z\" fill=\"#1D2129\">\u003C/path>\u003C/symbol>\u003Csymbol id=\"iconStorage_Nav_SSD_cache\" viewBox=\"0 0 1024 1024\">\u003Cpath d=\"M128 170.666667h768c23.552 0 42.666667 17.962667 42.666667 40.149333V813.226667c0 22.186667-19.114667 40.149333-42.666667 40.149333H128c-23.552 0-42.666667-17.962667-42.666667-40.149333V210.773333C85.333333 188.629333 104.448 170.666667 128 170.666667z m42.666667 85.333333v512h682.112L853.333333 640h85.333334V298.666667h-85.333334l-0.554666-42.666667H170.666667z\" fill=\"#1D2129\">\u003C/path>\u003Cpath d=\"M554.666667 564.565333c0 24.533333-7.893333 42.453333-18.517334 55.168-12.586667 15.104-27.562667 20.266667-45.269333 20.266667-17.749333 0-35.072-7.082667-45.696-20.266667-12.202667-15.104-18.517333-32.554667-18.517333-56.106666h41.386666c0 9.898667 2.346667 17.92 7.04 23.552 3.968 5.205333 10.24 7.552 15.786667 7.552a19.754667 19.754667 0 0 0 16.128-7.04c3.925333-4.266667 5.930667-11.818667 5.930667-19.84a35.669333 35.669333 0 0 0-4.352-18.346667 36.565333 36.565333 0 0 0-16.170667-14.165333l-27.562667-14.634667c-14.165333-7.509333-24.405333-17.408-30.293333-28.757333-4.736-8.96-6.698667-20.266667-6.698667-33.92 0-24.064 7.082667-39.594667 18.090667-53.290667 11.434667-13.653333 27.562667-20.736 44.928-20.736 17.322667 0 33.066667 6.613333 43.690667 18.858667 11.050667 12.714667 17.749333 30.165333 17.749333 55.168h-40.96c0-10.837333-1.962667-17.450667-5.930667-22.613334a19.626667 19.626667 0 0 0-6.613333-5.674666 16.426667 16.426667 0 0 0-7.936-1.877334 19.968 19.968 0 0 0-15.36 7.04 29.013333 29.013333 0 0 0-5.930667 18.858667c0 6.144 0.810667 10.410667 3.157334 14.634667a37.077333 37.077333 0 0 0 15.36 14.122666l27.562666 14.165334c14.165333 7.552 23.637333 15.530667 30.293334 27.306666 5.546667 9.472 8.704 23.594667 8.704 40.576zM597.333333 402.304c0-10.112 6.4-18.304 14.208-18.304h56.917334C723.413333 384 768 441.301333 768 512s-44.586667 128-99.541333 128h-56.917334c-7.850667 0-14.208-8.192-14.208-18.304V402.346667z m42.666667 32.896v153.6h28.458667c39.253333 0 56.874667-26.325333 56.874666-76.8 0-50.517333-17.621333-76.8-56.874666-76.8H640zM384 564.565333c0 24.533333-7.893333 42.453333-18.517333 55.168-12.586667 15.104-27.562667 20.266667-45.269334 20.266667-17.749333 0-35.072-7.082667-45.696-20.266667C262.314667 604.586667 256 587.178667 256 563.626667h41.386667c0 9.898667 2.346667 17.92 7.04 23.552 3.968 5.205333 10.24 7.552 15.786666 7.552a19.754667 19.754667 0 0 0 16.128-7.04c3.925333-4.266667 5.930667-11.818667 5.930667-19.84a35.669333 35.669333 0 0 0-4.352-18.346667 36.565333 36.565333 0 0 0-16.128-14.165333l-27.605333-14.634667c-14.165333-7.509333-24.405333-17.408-30.293334-28.757333-4.736-8.96-6.698667-20.266667-6.698666-33.92 0-24.064 7.082667-39.594667 18.090666-53.290667C286.72 391.082667 302.848 384 320.213333 384c17.322667 0 33.066667 6.613333 43.690667 18.858667 11.050667 12.714667 17.749333 30.165333 17.749333 55.168h-40.96c0-10.837333-2.005333-17.450667-5.930666-22.613334a19.626667 19.626667 0 0 0-6.613334-5.674666 16.469333 16.469333 0 0 0-7.936-1.877334 19.968 19.968 0 0 0-15.36 7.04 29.013333 29.013333 0 0 0-5.930666 18.858667c0 6.144 0.810667 10.410667 3.157333 14.634667a37.12 37.12 0 0 0 15.36 14.122666l27.562667 14.165334c14.165333 7.552 23.637333 15.530667 30.293333 27.306666 5.546667 9.472 8.704 23.594667 8.704 40.576zM853.333333 341.333333h85.333334v85.333334h-85.333334zM853.333333 469.333333h85.333334v128h-85.333334z\" fill=\"#1D2129\">\u003C/path>\u003C/symbol>\u003Csymbol id=\"iconlist_move\" viewBox=\"0 0 1024 1024\">\u003Cpath d=\"M682.666667 746.666667a21.333333 21.333333 0 0 1 21.333333 21.333333v85.333333a21.333333 21.333333 0 0 1-21.333333 21.333334h-85.333334a21.333333 21.333333 0 0 1-21.333333-21.333334v-85.333333a21.333333 21.333333 0 0 1 21.333333-21.333333h85.333334z m-256 0a21.333333 21.333333 0 0 1 21.333333 21.333333v85.333333a21.333333 21.333333 0 0 1-21.333333 21.333334H341.333333a21.333333 21.333333 0 0 1-21.333333-21.333334v-85.333333a21.333333 21.333333 0 0 1 21.333333-21.333333h85.333334z m170.666666-298.666667h85.333334a21.333333 21.333333 0 0 1 21.333333 21.333333v85.333334a21.333333 21.333333 0 0 1-21.333333 21.333333h-85.333334a21.333333 21.333333 0 0 1-21.333333-21.333333v-85.333334a21.333333 21.333333 0 0 1 21.333333-21.333333z m-256 0h85.333334a21.333333 21.333333 0 0 1 21.333333 21.333333v85.333334a21.333333 21.333333 0 0 1-21.333333 21.333333H341.333333a21.333333 21.333333 0 0 1-21.333333-21.333333v-85.333334a21.333333 21.333333 0 0 1 21.333333-21.333333z m341.333334-298.666667a21.333333 21.333333 0 0 1 21.333333 21.333334v85.333333a21.333333 21.333333 0 0 1-21.333333 21.333333h-85.333334a21.333333 21.333333 0 0 1-21.333333-21.333333V170.666667a21.333333 21.333333 0 0 1 21.333333-21.333334h85.333334z m-256 0a21.333333 21.333333 0 0 1 21.333333 21.333334v85.333333a21.333333 21.333333 0 0 1-21.333333 21.333333H341.333333a21.333333 21.333333 0 0 1-21.333333-21.333333V170.666667a21.333333 21.333333 0 0 1 21.333333-21.333334h85.333334z\" fill=\"#1D2129\">\u003C/path>\u003C/symbol>\u003Csymbol id=\"iconcard_more\" viewBox=\"0 0 1024 1024\">\u003Cpath d=\"M768 448h85.333333a21.333333 21.333333 0 0 1 21.333334 21.333333v85.333334a21.333333 21.333333 0 0 1-21.333334 21.333333h-85.333333a21.333333 21.333333 0 0 1-21.333333-21.333333v-85.333334a21.333333 21.333333 0 0 1 21.333333-21.333333z m-512 0a21.333333 21.333333 0 0 1 21.333333 21.333333v85.333334a21.333333 21.333333 0 0 1-21.333333 21.333333H170.666667a21.333333 21.333333 0 0 1-21.333334-21.333333v-85.333334a21.333333 21.333333 0 0 1 21.333334-21.333333h85.333333z m298.666667 0a21.333333 21.333333 0 0 1 21.333333 21.333333v85.333334a21.333333 21.333333 0 0 1-21.333333 21.333333h-85.333334a21.333333 21.333333 0 0 1-21.333333-21.333333v-85.333334a21.333333 21.333333 0 0 1 21.333333-21.333333h85.333334z\" fill=\"#1D2129\">\u003C/path>\u003C/symbol>\u003Csymbol id=\"iconnetwork_device\" viewBox=\"0 0 1024 1024\">\u003Cpath d=\"M681.984 844.416a50.986667 50.986667 0 0 0 15.317333 36.48 52.309333 52.309333 0 0 0 36.992 15.104h130.730667c13.866667 0 27.178667-5.418667 36.992-15.104a51.2 51.2 0 0 0 15.317333-36.48V179.626667a51.2 51.2 0 0 0-15.317333-36.48A52.650667 52.650667 0 0 0 865.024 128H734.293333c-13.866667 0-27.178667 5.418667-36.992 15.104a51.2 51.2 0 0 0-15.317333 36.48V844.373333z m74.794667-61.866667v-56.746666a10.24 10.24 0 0 1 7.125333-9.813334l3.328-0.512h67.712c4.608 0 8.533333 2.986667 9.898667 7.082667l0.554666 3.242667v56.746666c0 4.565333-2.986667 8.405333-7.210666 9.770667l-3.285334 0.512h-67.669333a10.538667 10.538667 0 0 1-7.424-2.986667 10.24 10.24 0 0 1-3.029333-7.338666z m-362.410667 61.866667c0 13.653333 5.504 26.794667 15.317333 36.48 9.813333 9.685333 23.082667 15.104 36.949334 15.104h130.773333c13.866667 0 27.178667-5.418667 36.992-15.104a51.2 51.2 0 0 0 15.274667-36.48V179.626667a51.2 51.2 0 0 0-15.274667-36.48A52.693333 52.693333 0 0 0 577.365333 128h-130.773333c-13.866667 0-27.178667 5.418667-36.949333 15.104a51.2 51.2 0 0 0-15.36 36.48V844.373333z m74.752-61.866667v-56.746666a10.453333 10.453333 0 0 1 7.168-9.813334l3.285333-0.512h67.669334c4.608 0 8.533333 2.986667 9.941333 7.082667l0.554667 3.242667v56.746666c0 4.565333-2.986667 8.405333-7.168 9.770667l-3.328 0.512H479.573333a10.538667 10.538667 0 0 1-7.424-2.986667 10.24 10.24 0 0 1-3.029333-7.338666zM106.666667 844.373333c0 13.653333 5.504 26.794667 15.317333 36.48 9.813333 9.685333 23.082667 15.104 36.949333 15.104h130.773334c13.866667 0 27.178667-5.418667 36.949333-15.104a51.2 51.2 0 0 0 15.36-36.48V179.626667a51.2 51.2 0 0 0-15.36-36.48A52.650667 52.650667 0 0 0 289.749333 128H158.976c-13.866667 0-27.178667 5.418667-36.992 15.104a51.2 51.2 0 0 0-15.317333 36.48V844.373333z m74.752-61.866666v-56.746667a10.24 10.24 0 0 1 7.125333-9.813333l3.328-0.512h67.669333c4.608 0 8.533333 2.986667 9.941334 7.082666l0.512 3.242667v56.746667c0 4.565333-2.986667 8.405333-7.168 9.770666l-3.285334 0.512H191.914667a10.538667 10.538667 0 0 1-7.424-2.986666 10.24 10.24 0 0 1-3.029334-7.338667z\" fill=\"#4E5969\">\u003C/path>\u003C/symbol>\u003Csymbol id=\"iconnetwork_router\" viewBox=\"0 0 1024 1024\">\u003Cpath d=\"M426.666667 385.621333c0 10.88 4.821333 21.333333 13.397333 29.013334 8.533333 7.68 20.181333 12.032 32.298667 12.032 12.117333 0 23.765333-4.309333 32.341333-12.032 8.533333-7.68 13.397333-18.133333 13.397333-29.013334 0-49.877333 44.970667-90.24 100.565334-90.24 55.594667 0 100.565333 40.362667 100.565333 90.24 0 10.88 4.821333 21.333333 13.397333 29.013334 8.576 7.68 20.224 12.032 32.341334 12.032 12.117333 0 23.722667-4.309333 32.298666-12.032 8.576-7.68 13.397333-18.133333 13.397334-29.013334C810.666667 290.474667 724.736 213.333333 618.666667 213.333333S426.666667 290.474667 426.666667 385.621333z\" fill=\"#4E5969\">\u003C/path>\u003Cpath d=\"M341.930667 384c11.434667 0 22.442667-3.754667 30.549333-10.410667a32.725333 32.725333 0 0 0 12.672-25.173333c0-106.069333 104.490667-192 233.514667-192s233.514667 85.930667 233.514666 192c0 9.472 4.565333 18.517333 12.672 25.173333 8.106667 6.656 19.114667 10.410667 30.549334 10.410667 11.52 0 22.485333-3.754667 30.592-10.410667a32.725333 32.725333 0 0 0 12.672-25.173333C938.666667 203.093333 795.477333 85.333333 618.666667 85.333333 441.898667 85.333333 298.666667 203.093333 298.666667 348.458667c0 9.386667 4.565333 18.474667 12.672 25.130666 8.106667 6.656 19.114667 10.410667 30.592 10.410667z\" fill=\"#4E5969\">\u003C/path>\u003Cpath d=\"M867.584 609.322667h-213.333333v-181.973334c0-11.52-4.693333-22.528-13.056-30.634666a45.056 45.056 0 0 0-62.848 0c-8.32 8.106667-13.013333 19.114667-13.013334 30.634666v181.973334H156.458667c-39.296 0-71.125333 31.061333-71.125334 69.333333v190.72C85.333333 907.605333 117.162667 938.666667 156.458667 938.666667h711.082666c39.296 0 71.125333-31.018667 71.125334-69.333334v-190.677333c0-38.272-31.829333-69.333333-71.082667-69.333333zM214.826667 830.293333a53.546667 53.546667 0 0 1-37.376-14.762666 50.986667 50.986667 0 0 1-15.530667-36.309334 49.92 49.92 0 0 1 15.530667-36.309333 52.48 52.48 0 0 1 37.418666-14.762667c13.781333 0.170667 26.965333 5.589333 36.693334 15.146667 9.642667 9.557333 15.104 22.485333 15.104 35.925333 0 13.44-5.461333 26.368-15.146667 35.925334a53.034667 53.034667 0 0 1-36.693333 15.146666z m153.088 0a53.546667 53.546667 0 0 1-37.418667-14.762666 50.986667 50.986667 0 0 1-15.530667-36.309334 49.962667 49.962667 0 0 1 15.530667-36.309333 52.522667 52.522667 0 0 1 37.418667-14.762667c13.781333 0.170667 26.965333 5.589333 36.693333 15.146667 9.642667 9.557333 15.104 22.485333 15.104 35.925333 0 13.44-5.461333 26.325333-15.146667 35.882667a53.034667 53.034667 0 0 1-36.693333 15.189333z\" fill=\"#4E5969\">\u003C/path>\u003C/symbol>\u003Csymbol id=\"iconupdate\" viewBox=\"0 0 1024 1024\">\u003Cpath d=\"M667.008 750.933333a255.104 255.104 0 0 1-158.293333 52.650667c-7.466667-0.128-14.762667-0.725333-22.101334-1.28-2.986667-0.384-5.973333-0.896-8.96-1.365333a206.549333 206.549333 0 0 1-17.066666-2.816c-3.413333-0.64-6.912-1.706667-10.24-2.56a229.76 229.76 0 0 1-16.384-4.266667c-2.56-1.066667-4.949333-1.92-7.509334-3.029333a195.456 195.456 0 0 1-18.346666-7.168c-1.365333-0.64-2.688-1.152-4.010667-1.706667a456.448 456.448 0 0 1-20.608-10.837333L382.634667 768a272.384 272.384 0 0 1-61.525334-49.792c-0.298667-0.341333-0.554667-0.725333-0.938666-1.024a237.056 237.056 0 0 1-19.242667-23.594667 305.024 305.024 0 0 1-59.178667-181.717333h71.168L199.125333 327.594667 85.333333 511.872h71.04a403.626667 403.626667 0 0 0 63.018667 217.6c0.426667 0.896 0.768 1.877333 1.28 2.688 4.096 6.4 8.704 12.245333 13.056 18.133333 1.706667 2.133333 3.157333 4.394667 4.906667 6.826667a419.072 419.072 0 0 0 22.4 26.368 357.12 357.12 0 0 0 79.957333 64.810667l2.346667 1.365333c8.448 4.906667 17.066667 9.386667 25.813333 13.525333l6.528 3.114667a540.288 540.288 0 0 0 34.048 13.226667c6.826667 2.090667 13.781333 3.968 20.736 5.674666 4.693333 1.194667 9.130667 2.474667 13.952 3.413334 1.92 0.512 3.754667 1.152 5.674667 1.365333 6.698667 1.28 13.269333 1.962667 19.84 2.816 2.432 0.426667 4.778667 0.896 7.168 1.152 11.861333 1.28 23.68 2.048 35.498666 2.048 72.234667 0 142.762667-23.808 203.264-69.632 19.285333-14.592 24.021333-43.392 10.581334-64.085333-13.610667-21.034667-40.149333-26.069333-59.434667-11.349334z m200.448-239.061333c0-80.512-23.125333-155.306667-62.506667-217.002667-0.64-1.066667-0.981333-2.133333-1.493333-3.072-5.077333-7.594667-10.282667-14.677333-15.658667-21.802666a26.88 26.88 0 0 1-1.792-2.602667 359.296 359.296 0 0 0-132.736-107.648c-1.536-0.64-2.816-1.365333-4.309333-2.005333a407.082667 407.082667 0 0 0-25.173333-9.984c-2.901333-1.024-5.973333-2.218667-9.045334-3.2a335.914667 335.914667 0 0 0-22.272-6.272c-4.224-0.981333-8.448-2.133333-12.629333-3.072-2.048-0.426667-3.925333-1.066667-6.144-1.536-5.632-0.981333-11.136-1.536-16.768-2.261334-3.968-0.426667-7.68-1.109333-11.648-1.578666a340.992 340.992 0 0 0-28.245333-1.578667c-1.706667 0-3.413333-0.256-5.12-0.256l-0.853334 0.128c-72.149333 0.085333-142.634667 23.552-203.008 69.333333-19.285333 14.506667-23.978667 43.264-10.410666 64.213334 13.397333 20.736 40.106667 25.856 59.477333 11.178666a254.293333 254.293333 0 0 1 180.650667-51.2c2.432 0.170667 4.693333 0.554667 7.168 0.938667 6.4 0.853333 12.8 1.749333 19.072 3.2 2.730667 0.512 5.546667 1.28 8.106666 1.962667 6.272 1.536 12.330667 3.072 18.346667 5.034666 2.005333 0.597333 3.84 1.322667 5.632 2.133334 6.954667 2.389333 13.738667 4.949333 20.309333 7.978666 0.725333 0.170667 1.365333 0.768 2.048 1.024a274.133333 274.133333 0 0 1 102.4 83.072 305.28 305.28 0 0 1 61.44 184.874667h-71.253333l113.92 184.32L938.666667 511.914667h-71.253334z\" fill=\"#1D2129\">\u003C/path>\u003C/symbol>\u003Csymbol id=\"iconDownload_client-01\" viewBox=\"0 0 1024 1024\">\u003Cpath d=\"M772.565333 859.434667a29.013333 29.013333 0 0 1 0 57.898666H251.434667a28.970667 28.970667 0 0 1 0-57.898666h521.130666zM830.464 106.666667c47.957333 0 86.869333 38.912 86.869333 86.869333V714.666667a86.869333 86.869333 0 0 1-86.869333 86.869333H193.536A86.869333 86.869333 0 0 1 106.666667 714.666667V193.536c0-47.957333 38.912-86.869333 86.869333-86.869333h636.928zM505.429333 256a17.194667 17.194667 0 0 0-12.8 5.632 19.2 19.2 0 0 0-5.248 13.525333l1.28 239.232-82.645333-87.466666-1.706667-1.578667a17.365333 17.365333 0 0 0-23.722666 1.578667l-25.472 26.88-1.493334 1.834666a19.84 19.84 0 0 0 1.493334 25.130667l139.946666 148.053333 2.304 2.261334a34.773333 34.773333 0 0 0 24.746667 8.874666c8.96-0.426667 17.493333-4.394667 23.850667-11.093333l139.946666-148.096 1.493334-1.792a19.84 19.84 0 0 0-1.493334-25.173333l-25.472-26.88-1.664-1.578667a17.322667 17.322667 0 0 0-23.722666 1.578667l-76.373334 80.725333-1.28-232.618667-0.085333-2.176a19.413333 19.413333 0 0 0-5.973333-11.946666 17.450667 17.450667 0 0 0-11.818667-4.778667l-34.133333-0.128z\" fill=\"#000000\">\u003C/path>\u003C/symbol>\u003Csymbol id=\"iconTips\" viewBox=\"0 0 1024 1024\">\u003Cpath d=\"M938.666667 512c0-235.648-191.018667-426.666667-426.666667-426.666667S85.333333 276.352 85.333333 512s191.018667 426.666667 426.666667 426.666667 426.666667-191.018667 426.666667-426.666667z m-372.266667-138.666667a23.68 23.68 0 0 1-23.722667 23.68h-61.610666a23.68 23.68 0 0 1-23.722667-23.68V311.68c0-13.056 10.666667-23.68 23.722667-23.68h61.610666c13.098667 0 23.722667 10.624 23.722667 23.68V373.333333z m0 348.117334a23.68 23.68 0 0 1-23.722667 23.722666h-61.610666a23.68 23.68 0 0 1-23.722667-23.722666v-249.344c0-13.098667 10.666667-23.722667 23.722667-23.722667h61.610666c13.098667 0 23.722667 10.624 23.722667 23.722667v249.344z\" fill=\"#000000\">\u003C/path>\u003C/symbol>\u003Csymbol id=\"iconClear-011\" viewBox=\"0 0 1024 1024\">\u003Cpath d=\"M594.773333 85.333333a41.386667 41.386667 0 0 1 41.386667 41.386667V256h246.954667a42.666667 42.666667 0 0 1 42.666666 42.666667v213.333333c0 5.674667-2.176 11.093333-6.058666 15.104a20.394667 20.394667 0 0 1-14.634667 6.229333h-26.965333l59.904 355.328a43.178667 43.178667 0 0 1-9.088 34.816 41.514667 41.514667 0 0 1-31.658667 15.189334H126.72a41.557333 41.557333 0 0 1-31.658667-15.189334 43.178667 43.178667 0 0 1-9.088-34.816L145.877333 533.333333h-26.965333a20.48 20.48 0 0 1-14.677333-6.229333 21.674667 21.674667 0 0 1-6.016-15.104V298.666667a42.666667 42.666667 0 0 1 42.666666-42.666667H387.84V127.573333c0-23.338667 18.858667-42.24 42.154667-42.24h164.693333zM175.914667 853.333333h170.581333v-170.666666c0-5.674667 2.133333-11.093333 6.058667-15.104a20.352 20.352 0 0 1 14.592-6.229334h41.386666c5.504 0 10.752 2.261333 14.634667 6.229334 3.84 4.010667 6.101333 9.429333 6.101333 15.104v170.666666h186.197334v-170.666666c0-5.674667 2.133333-11.093333 6.016-15.104a20.394667 20.394667 0 0 1 14.634666-6.229334h41.386667c5.504 0 10.752 2.261333 14.634667 6.229334 3.84 4.010667 6.058667 9.429333 6.058666 15.104v170.666666h149.888l-54.016-320H229.888L175.914667 853.333333zM469.333333 170.666667v170.666666H170.666667v106.666667h682.666666V341.333333h-298.666666V170.666667h-85.333334z\" fill=\"#1D2129\">\u003C/path>\u003C/symbol>\u003Csymbol id=\"iconbrowse3\" viewBox=\"0 0 1024 1024\">\u003Cpath d=\"M785.493333 85.333333a38.613333 38.613333 0 0 1 38.698667 38.826667v349.013333h-77.397333V162.944H205.397333v698.197333h232.064V938.666667H166.656A38.613333 38.613333 0 0 1 128 899.84V124.16A38.826667 38.826667 0 0 1 166.656 85.333333H785.493333z m-96.682666 484.864a154.368 154.368 0 0 1 132.010666 74.154667 155.477333 155.477333 0 0 1 5.76 151.594667l63.744 63.957333a19.413333 19.413333 0 0 1 0 27.392l-32.810666 32.938667a19.328 19.328 0 0 1-27.306667 0l-61.738667-61.866667a154.410667 154.410667 0 0 1-194.816-29.482667 155.306667 155.306667 0 0 1-36.693333-132.821333 155.392 155.392 0 0 1 83.157333-109.738667 154.410667 154.410667 0 0 1 68.693334-16.128z m0 77.568c-20.48 0-40.192 8.149333-54.698667 22.698667a77.653333 77.653333 0 0 0 54.698667 132.437333c20.48 0 40.192-8.149333 54.698666-22.698666a77.653333 77.653333 0 0 0-54.698666-132.437334z m-193.365334-174.549333a19.328 19.328 0 0 1 19.328 19.413333v38.784a19.413333 19.413333 0 0 1-19.328 19.370667H302.037333a19.328 19.328 0 0 1-19.328-19.413333v-38.784a19.413333 19.413333 0 0 1 19.328-19.370667h193.408z m154.709334-155.136a19.328 19.328 0 0 1 19.328 19.370667v38.826666a19.413333 19.413333 0 0 1-19.328 19.370667H302.037333a19.328 19.328 0 0 1-19.328-19.413333V337.493333a19.413333 19.413333 0 0 1 19.328-19.370666h348.117334z\" fill=\"#1D2129\">\u003C/path>\u003C/symbol>\u003Csymbol id=\"iconicon_wifi_desktop\" viewBox=\"0 0 1024 1024\">\u003Cpath d=\"M517.973333 915.626667c-7.68 0-22.186667-12.8-48.64-36.693334-26.453333-26.453333-36.693333-41.813333-36.693333-48.64 0-11.946667 11.946667-19.626667 33.28-27.306666 22.186667-7.68 39.253333-11.946667 53.76-11.946667 14.506667 0 33.28 4.266667 53.76 11.946667s33.28 18.773333 33.28 27.306666c0 7.68-12.8 22.186667-36.693333 48.64-27.306667 23.893333-44.373333 36.693333-52.053334 36.693334zM653.653333 759.466667c-1.706667 0-7.68-4.266667-19.626666-12.8-12.8-7.68-31.573333-18.773333-53.76-26.453334S535.893333 708.266667 513.706667 708.266667c-22.186667 0-44.373333 4.266667-66.56 12.8-22.186667 7.68-39.253333 18.773333-53.76 26.453333-12.8 7.68-19.626667 12.8-22.186667 12.8-7.68 0-22.186667-12.8-48.64-39.253333s-39.253333-41.813333-39.253333-48.64c0-4.266667 1.706667-7.68 5.12-12.8 27.306667-27.306667 60.586667-48.64 101.546666-63.146667 40.106667-14.506667 80.213333-22.186667 121.173334-22.186667s80.213333 7.68 122.026666 22.186667c40.96 14.506667 73.386667 36.693333 101.546667 63.146667 4.266667 4.266667 5.12 7.68 5.12 12.8 0 7.68-12.8 22.186667-39.253333 48.64-24.746667 23.893333-41.813333 38.4-46.933334 38.4z\" fill=\"#0567FF\">\u003C/path>\u003Cpath d=\"M800.426667 583.68c-4.266667 0-7.68-1.706667-12.8-4.266667-48.64-36.693333-90.453333-63.146667-131.413334-81.066666-40.96-18.773333-87.04-26.453333-138.24-26.453334-29.013333 0-58.88 4.266667-87.893333 11.946667s-55.466667 17.066667-77.653333 27.306667c-22.186667 11.946667-41.813333 22.186667-58.88 33.28-17.066667 11.946667-29.013333 18.773333-40.96 23.893333-9.386667 7.68-14.506667 11.946667-17.066667 11.946667-5.12 0-22.186667-12.8-48.64-39.253334-26.453333-26.453333-39.253333-41.813333-39.253333-48.64 0-4.266667 1.706667-7.68 5.12-11.946666C199.68 436.053333 256 401.066667 320 374.613333c64.853333-26.453333 131.413333-36.693333 197.12-36.693333s133.12 12.8 197.12 36.693333c64.853333 26.453333 119.466667 60.586667 165.546667 107.52 4.266667 4.266667 5.12 7.68 5.12 11.946667 0 7.68-12.8 22.186667-39.253334 48.64-23.04 25.6-38.4 40.96-45.226666 40.96z\" fill=\"#0567FF\">\u003C/path>\u003Cpath d=\"M936.106667 408.746667c-4.266667 0-7.68-1.706667-11.946667-4.266667-63.146667-53.76-127.146667-95.573333-194.56-123.733333S592.213333 238.933333 512 238.933333s-153.6 12.8-217.6 41.813334c-66.56 27.306667-131.413333 68.266667-194.56 123.733333-4.266667 1.706667-7.68 4.266667-11.946667 4.266667-5.12 0-22.186667-12.8-48.64-39.253334C11.946667 343.04 0 327.68 0 320.853333c0-4.266667 1.706667-7.68 5.12-12.8C70.826667 244.053333 148.48 194.56 238.933333 159.573333s179.2-51.2 273.066667-51.2 185.173333 18.773333 273.066667 53.76 165.546667 85.333333 231.253333 149.333334c4.266667 4.266667 5.12 7.68 5.12 12.8 0 7.68-12.8 22.186667-39.253333 48.64-25.6 22.186667-40.96 35.84-46.08 35.84z\" fill=\"#0567FF\">\u003C/path>\u003C/symbol>\u003Csymbol id=\"icona-iconlan_enabled\" viewBox=\"0 0 1024 1024\">\u003Cpath d=\"M129.706667 318.293333s-0.853333-33.28 32.426666-39.253333h141.653334L332.8 183.466667s10.24-19.626667 33.28-19.626667h290.133333s25.6-2.56 36.693334 23.893333l27.306666 91.306667h138.24s30.72-0.853333 34.986667 37.546667v500.053333s1.706667 40.106667-36.693333 43.52H164.693333s-32.426667 0.853333-34.986666-39.253333V318.293333z m0 0\" fill=\"#0567FF\">\u003C/path>\u003Cpath d=\"M772.266667 422.4c10.24 0 17.92 8.533333 17.92 19.626667v310.613333c-0.853333 8.533333-7.68 15.36-17.92 15.36h-34.986667v-76.8h-69.12v76.8H563.2v-76.8h-69.973333v76.8H388.266667v-76.8h-69.973334v76.8h-72.533333c-7.68-0.853333-13.653333-8.533333-13.653333-19.626667V438.613333c0.853333-8.533333 7.68-15.36 17.92-15.36h522.24z m0 0\" fill=\"#FFFFFF\">\u003C/path>\u003C/symbol>\u003Csymbol id=\"iconicon_right_hover\" viewBox=\"0 0 1024 1024\">\u003Cpath d=\"M60.586667 571.733333h658.773333L470.186667 810.666667h175.786666l311.466667-298.666667-311.466667-298.666667H470.186667l249.173333 238.933334H60.586667v119.466666z\" fill=\"#0892F5\">\u003C/path>\u003C/symbol>\u003Csymbol id=\"iconloyout_fix25\" viewBox=\"0 0 1024 1024\">\u003Cpath d=\"M746.666667 131.413333h-469.333334c-80.213333 0-145.92 64.853333-145.92 145.92v88.746667h58.026667l9.386667-88.746667c0-42.666667 34.986667-77.653333 77.653333-77.653333h469.333333c42.666667 0 77.653333 34.986667 77.653334 77.653333v470.186667c0 42.666667-34.986667 77.653333-77.653334 77.653333h-51.2v68.266667h51.2c80.213333 0 145.92-64.853333 145.92-145.92V277.333333c0.853333-80.213333-63.146667-145.92-145.066666-145.92z\" fill=\"#666666\">\u003C/path>\u003Cpath d=\"M277.333333 892.586667h469.333334c80.213333 0 145.92-64.853333 145.92-145.92V658.773333h-58.026667l-9.386667 88.746667c0 42.666667-34.986667 77.653333-77.653333 77.653333h-469.333333c-42.666667 0-77.653333-34.986667-77.653334-77.653333V277.333333c0-42.666667 34.986667-77.653333 77.653334-77.653333h51.2v-68.266667h-51.2c-80.213333 0-145.92 64.853333-145.92 145.92v470.186667c-0.853333 79.36 63.146667 145.066667 145.066666 145.066667z\" fill=\"#666666\">\u003C/path>\u003Cpath d=\"M243.2 269.653333c0-15.36 11.946667-27.306667 27.306667-27.306666h484.693333c15.36 0 27.306667 11.946667 27.306667 27.306666v484.693334c0 15.36-11.946667 27.306667-27.306667 27.306666H269.653333c-15.36 0-27.306667-11.946667-27.306666-27.306666l0.853333-484.693334z\" fill=\"#666666\">\u003C/path>\u003Cpath d=\"M311.466667 619.52v-45.226667c30.72-11.946667 54.613333-26.453333 70.826666-42.666666 17.066667-16.213333 24.746667-32.426667 24.746667-51.2 0-9.386667-2.56-17.92-6.826667-23.893334-4.266667-5.973333-10.24-8.533333-19.626666-8.533333-8.533333 0-15.36 3.413333-19.626667 8.533333-5.12 5.973333-6.826667 13.653333-6.826667 22.186667 0 5.12 0.853333 9.386667 1.706667 14.506667 1.706667 4.266667 3.413333 8.533333 6.826667 14.506666l-38.4 17.066667c-5.12-5.12-9.386667-11.946667-12.8-20.48-3.413333-8.533333-5.12-17.92-5.12-27.306667 0-16.213333 4.266667-29.866667 11.946666-40.106666 7.68-11.093333 18.773333-19.626667 32.426667-24.746667 13.653333-5.973333 29.013333-8.533333 45.226667-8.533333 17.92 0 32.426667 2.56 45.226666 7.68 12.8 5.973333 23.04 13.653333 30.72 23.893333 6.826667 10.24 11.093333 23.04 11.093334 38.4 0 18.773333-6.826667 35.84-19.626667 51.2-13.653333 16.213333-32.426667 29.013333-59.733333 39.253333h84.48l0.853333 54.613334H311.466667v0.853333zM586.24 624.64c-9.386667 0-18.773333-0.853333-28.16-2.56-9.386667-1.706667-18.773333-3.413333-26.453333-6.826667-7.68-2.56-15.36-5.973333-19.626667-9.386666v-45.226667l4.266667-1.706667c6.826667 4.266667 15.36 7.68 24.746666 11.093334 9.386667 3.413333 21.333333 5.12 34.986667 5.12 10.24 0 19.626667-1.706667 27.306667-5.12 6.826667-3.413333 11.093333-9.386667 11.093333-17.92s-4.266667-14.506667-11.093333-17.92c-6.826667-3.413333-17.066667-5.973333-28.16-5.973334-8.533333 0-18.773333 0.853333-28.16 3.413334-9.386667 2.56-17.92 5.973333-27.306667 8.533333l-4.266667-1.706667 9.386667-131.413333h152.746667v54.613333h-110.933334l-2.56 23.04c9.386667-1.706667 19.626667-2.56 29.866667-2.56 29.866667 0 52.053333 6.826667 69.12 18.773334 17.066667 11.946667 25.6 29.866667 25.6 52.053333s-8.533333 40.106667-26.453333 52.906667c-17.066667 11.946667-42.666667 18.773333-75.946667 18.773333z\" fill=\"#FFFFFF\">\u003C/path>\u003C/symbol>\u003Csymbol id=\"iconloyout_fix36\" viewBox=\"0 0 1024 1024\">\u003Cpath d=\"M746.666667 131.413333h-469.333334c-80.213333 0-145.92 64.853333-145.92 145.92v88.746667h58.026667l9.386667-88.746667c0-42.666667 34.986667-77.653333 77.653333-77.653333h469.333333c42.666667 0 77.653333 34.986667 77.653334 77.653333v470.186667c0 42.666667-34.986667 77.653333-77.653334 77.653333h-51.2v68.266667h51.2c80.213333 0 145.92-64.853333 145.92-145.92V277.333333c0.853333-80.213333-63.146667-145.92-145.066666-145.92z\" fill=\"#666666\">\u003C/path>\u003Cpath d=\"M277.333333 892.586667h469.333334c80.213333 0 145.92-64.853333 145.92-145.92V658.773333h-58.026667l-9.386667 88.746667c0 42.666667-34.986667 77.653333-77.653333 77.653333h-469.333333c-42.666667 0-77.653333-34.986667-77.653334-77.653333V277.333333c0-42.666667 34.986667-77.653333 77.653334-77.653333h51.2v-68.266667h-51.2c-80.213333 0-145.92 64.853333-145.92 145.92v470.186667c-0.853333 79.36 63.146667 145.066667 145.066666 145.066667z\" fill=\"#666666\">\u003C/path>\u003Cpath d=\"M244.906667 271.36c0-14.506667 11.946667-26.453333 26.453333-26.453333h481.28c14.506667 0 26.453333 11.946667 26.453333 26.453333v481.28c0 14.506667-11.946667 26.453333-26.453333 26.453333H271.36c-14.506667 0-26.453333-11.946667-26.453333-26.453333V271.36z\" fill=\"#666666\">\u003C/path>\u003Cpath d=\"M388.266667 623.786667c-9.386667 0-17.92-0.853333-28.16-2.56-9.386667-1.706667-17.92-3.413333-26.453334-5.973334-8.533333-2.56-14.506667-5.973333-19.626666-9.386666v-46.933334l4.266666-1.706666c6.826667 5.12 14.506667 9.386667 24.746667 12.8s21.333333 5.12 34.986667 5.12c11.093333 0 18.773333-1.706667 26.453333-5.12 7.68-3.413333 11.093333-9.386667 11.093333-17.066667 0-8.533333-3.413333-14.506667-11.093333-17.066667-7.68-3.413333-15.36-5.12-25.6-5.12-3.413333 0-7.68 0-12.8 0.853334s-9.386667 0.853333-14.506667 2.56l-4.266666-1.706667v-23.893333l59.733333-44.373334H312.32v-53.76h168.106667V452.266667l-56.32 42.666666c19.626667 2.56 36.693333 9.386667 47.786666 18.773334 11.946667 10.24 17.066667 23.893333 17.066667 41.813333 0 21.333333-8.533333 38.4-25.6 51.2-17.066667 11.093333-41.813333 17.066667-75.093333 17.066667zM614.4 623.786667c-21.333333 0-40.106667-4.266667-55.466667-13.653334-15.36-9.386667-27.306667-21.333333-35.84-37.546666-8.533333-16.213333-12.8-35.84-12.8-58.026667 0-23.893333 5.12-44.373333 14.506667-60.586667 10.24-16.213333 23.04-29.013333 39.253333-37.546666 16.213333-8.533333 34.986667-12.8 54.613334-12.8 15.36 0 29.013333 2.56 41.813333 7.68 12.8 5.12 21.333333 11.946667 28.16 20.48 6.826667 9.386667 10.24 19.626667 10.24 33.28v7.68c0 2.56-0.853333 4.266667-0.853333 6.826666l-47.786667-1.706666v-5.973334c0-8.533333-2.56-14.506667-7.68-17.92-5.12-4.266667-11.946667-5.973333-18.773333-5.973333-11.946667 0-21.333333 4.266667-29.866667 13.653333-7.68 9.386667-11.946667 23.04-11.946667 42.666667v5.973333c5.973333-6.826667 13.653333-12.8 22.186667-15.36 9.386667-3.413333 18.773333-5.12 29.013333-5.12 14.506667 0 25.6 2.56 36.693334 8.533334 10.24 5.973333 17.92 13.653333 23.893333 23.04 5.973333 10.24 8.533333 21.333333 8.533333 35.84 0 14.506667-4.266667 26.453333-11.946666 36.693333-7.68 11.093333-17.92 17.92-31.573334 23.893333-11.946667 3.413333-27.306667 5.973333-44.373333 5.973334z m-1.706667-43.52c7.68 0 13.653333-2.56 17.92-7.68 5.12-5.12 7.68-11.946667 7.68-18.773334 0-8.533333-2.56-14.506667-7.68-18.773333-5.12-5.12-11.093333-7.68-17.92-7.68-7.68 0-13.653333 2.56-17.92 7.68-5.12 5.12-7.68 11.093333-7.68 18.773333 0 8.533333 2.56 14.506667 7.68 18.773334 4.266667 5.12 10.24 7.68 17.92 7.68z\" fill=\"#FFFFFF\">\u003C/path>\u003C/symbol>\u003Csymbol id=\"iconloyout_fix13\" viewBox=\"0 0 1024 1024\">\u003Cpath d=\"M746.666667 131.413333h-469.333334c-80.213333 0-145.92 64.853333-145.92 145.92v88.746667h58.026667l9.386667-88.746667c0-42.666667 34.986667-77.653333 77.653333-77.653333h469.333333c42.666667 0 77.653333 34.986667 77.653334 77.653333v470.186667c0 42.666667-34.986667 77.653333-77.653334 77.653333h-51.2v68.266667h51.2c80.213333 0 145.92-64.853333 145.92-145.92V277.333333c0.853333-80.213333-63.146667-145.92-145.066666-145.92z\" fill=\"#666666\">\u003C/path>\u003Cpath d=\"M277.333333 892.586667h469.333334c80.213333 0 145.92-64.853333 145.92-145.92V658.773333h-58.026667l-9.386667 88.746667c0 42.666667-34.986667 77.653333-77.653333 77.653333h-469.333333c-42.666667 0-77.653333-34.986667-77.653334-77.653333V277.333333c0-42.666667 34.986667-77.653333 77.653334-77.653333h51.2v-68.266667h-51.2c-80.213333 0-145.92 64.853333-145.92 145.92v470.186667c-0.853333 79.36 63.146667 145.066667 145.066666 145.066667z\" fill=\"#666666\">\u003C/path>\u003Cpath d=\"M243.2 269.653333c0-14.506667 11.946667-26.453333 26.453333-26.453333h483.84c14.506667 0 26.453333 11.946667 26.453334 26.453333v483.84c0 14.506667-11.946667 26.453333-26.453334 26.453334H269.653333c-14.506667 0-26.453333-11.946667-26.453333-26.453334V269.653333z\" fill=\"#666666\">\u003C/path>\u003Cpath d=\"M339.626667 619.52v-51.2h29.866666V476.16h-33.28v-46.08l108.373334-26.453333v166.4h23.893333v51.2H339.626667v-1.706667zM566.613333 623.786667c-8.533333 0-18.773333-0.853333-28.16-2.56-9.386667-1.706667-18.773333-3.413333-26.453333-6.826667-7.68-2.56-15.36-5.973333-20.48-9.386667v-47.786666l4.266667-1.706667c6.826667 5.12 15.36 8.533333 24.746666 12.8 9.386667 3.413333 22.186667 5.12 35.84 5.12 10.24 0 19.626667-1.706667 26.453334-5.12 7.68-3.413333 11.093333-9.386667 11.093333-17.92 0-7.68-4.266667-14.506667-11.093333-17.92-7.68-3.413333-16.213333-5.12-25.6-5.12-4.266667 0-7.68 0-12.8 0.853333s-9.386667 0.853333-13.653334 2.56l-4.266666-1.706666v-23.893334l59.733333-45.226666H491.52v-53.76h168.96v43.52l-57.173333 42.666666c20.48 2.56 36.693333 8.533333 48.64 19.626667 11.946667 10.24 17.92 23.893333 17.92 40.96 0 22.186667-8.533333 38.4-25.6 52.053333-18.773333 12.8-44.373333 18.773333-77.653334 18.773334z\" fill=\"#FFFFFF\">\u003C/path>\u003C/symbol>\u003Csymbol id=\"iconloyout_fix9\" viewBox=\"0 0 1024 1024\">\u003Cpath d=\"M746.666667 131.413333h-469.333334c-80.213333 0-145.92 64.853333-145.92 145.92v88.746667h58.026667l9.386667-88.746667c0-42.666667 34.986667-77.653333 77.653333-77.653333h469.333333c42.666667 0 77.653333 34.986667 77.653334 77.653333v470.186667c0 42.666667-34.986667 77.653333-77.653334 77.653333h-51.2v68.266667h51.2c80.213333 0 145.92-64.853333 145.92-145.92V277.333333c0.853333-80.213333-63.146667-145.92-145.066666-145.92z\" fill=\"#666666\">\u003C/path>\u003Cpath d=\"M277.333333 892.586667h469.333334c80.213333 0 145.92-64.853333 145.92-145.92V658.773333h-58.026667l-9.386667 88.746667c0 42.666667-34.986667 77.653333-77.653333 77.653333h-469.333333c-42.666667 0-77.653333-34.986667-77.653334-77.653333V277.333333c0-42.666667 34.986667-77.653333 77.653334-77.653333h51.2v-68.266667h-51.2c-80.213333 0-145.92 64.853333-145.92 145.92v470.186667c-0.853333 79.36 63.146667 145.066667 145.066666 145.066667z\" fill=\"#666666\">\u003C/path>\u003Cpath d=\"M269.653333 243.2h322.56c14.506667 0 26.453333 11.946667 26.453334 26.453333v323.413334c0 14.506667-11.946667 26.453333-26.453334 26.453333H269.653333c-14.506667 0-26.453333-11.946667-26.453333-26.453333V270.506667c-0.853333-15.36 11.093333-27.306667 26.453333-27.306667zM700.586667 243.2h53.76c14.506667 0 26.453333 11.946667 26.453333 26.453333v53.76c0 14.506667-11.946667 26.453333-26.453333 26.453334h-53.76c-14.506667 0-26.453333-11.946667-26.453334-26.453334v-53.76c-0.853333-14.506667 11.946667-26.453333 26.453334-26.453333zM700.586667 378.026667h53.76c14.506667 0 26.453333 11.946667 26.453333 26.453333v53.76c0 14.506667-11.946667 26.453333-26.453333 26.453333h-53.76c-14.506667 0-26.453333-11.946667-26.453334-26.453333v-53.76c-0.853333-14.506667 11.946667-26.453333 26.453334-26.453333zM700.586667 512h53.76c14.506667 0 26.453333 11.946667 26.453333 26.453333v53.76c0 14.506667-11.946667 26.453333-26.453333 26.453334h-53.76c-14.506667 0-26.453333-11.946667-26.453334-26.453334v-53.76c-0.853333-13.653333 11.946667-26.453333 26.453334-26.453333zM700.586667 674.133333h53.76c14.506667 0 26.453333 11.946667 26.453333 26.453334v53.76c0 14.506667-11.946667 26.453333-26.453333 26.453333h-53.76c-14.506667 0-26.453333-11.946667-26.453334-26.453333v-53.76c-0.853333-14.506667 11.946667-26.453333 26.453334-26.453334zM538.453333 674.133333h53.76c14.506667 0 26.453333 11.946667 26.453334 26.453334v53.76c0 14.506667-11.946667 26.453333-26.453334 26.453333h-53.76c-14.506667 0-26.453333-11.946667-26.453333-26.453333v-53.76c0-14.506667 11.946667-26.453333 26.453333-26.453334zM404.48 674.133333h53.76c14.506667 0 26.453333 11.946667 26.453333 26.453334v53.76c0 14.506667-11.946667 26.453333-26.453333 26.453333h-53.76c-14.506667 0-26.453333-11.946667-26.453333-26.453333v-53.76c0-14.506667 11.946667-26.453333 26.453333-26.453334zM269.653333 674.133333h53.76c14.506667 0 26.453333 11.946667 26.453334 26.453334v53.76c0 14.506667-11.946667 26.453333-26.453334 26.453333h-53.76c-14.506667 0-26.453333-11.946667-26.453333-26.453333v-53.76c-0.853333-14.506667 11.093333-26.453333 26.453333-26.453334z\" fill=\"#666666\">\u003C/path>\u003C/symbol>\u003Csymbol id=\"iconloyout_fix16\" viewBox=\"0 0 1024 1024\">\u003Cpath d=\"M746.666667 131.413333h-469.333334c-80.213333 0-145.92 64.853333-145.92 145.92v88.746667h58.026667l9.386667-88.746667c0-42.666667 34.986667-77.653333 77.653333-77.653333h469.333333c42.666667 0 77.653333 34.986667 77.653334 77.653333v470.186667c0 42.666667-34.986667 77.653333-77.653334 77.653333h-51.2v68.266667h51.2c80.213333 0 145.92-64.853333 145.92-145.92V277.333333c0.853333-80.213333-63.146667-145.92-145.066666-145.92z\" fill=\"#666666\">\u003C/path>\u003Cpath d=\"M277.333333 892.586667h469.333334c80.213333 0 145.92-64.853333 145.92-145.92V658.773333h-58.026667l-9.386667 88.746667c0 42.666667-34.986667 77.653333-77.653333 77.653333h-469.333333c-42.666667 0-77.653333-34.986667-77.653334-77.653333V277.333333c0-42.666667 34.986667-77.653333 77.653334-77.653333h51.2v-68.266667h-51.2c-80.213333 0-145.92 64.853333-145.92 145.92v470.186667c-0.853333 79.36 63.146667 145.066667 145.066666 145.066667z\" fill=\"#666666\">\u003C/path>\u003Cpath d=\"M244.906667 271.36c0-14.506667 11.946667-26.453333 26.453333-26.453333h482.133333c14.506667 0 26.453333 11.946667 26.453334 26.453333v482.133333c0 14.506667-11.946667 26.453333-26.453334 26.453334H271.36c-14.506667 0-26.453333-11.946667-26.453333-26.453334V271.36z\" fill=\"#666666\">\u003C/path>\u003Cpath d=\"M340.48 618.666667v-50.346667h29.866667V476.16h-33.28v-45.226667l107.52-26.453333v164.693333H469.333333v50.346667l-128.853333-0.853333zM592.213333 622.933333c-21.333333 0-40.96-4.266667-55.466666-13.653333-15.36-9.386667-27.306667-21.333333-35.84-37.546667-8.533333-16.213333-12.8-35.84-12.8-58.026666 0-23.893333 5.12-44.373333 14.506666-60.586667 10.24-16.213333 23.04-29.013333 40.106667-37.546667 16.213333-8.533333 34.986667-12.8 54.613333-12.8 15.36 0 29.013333 2.56 41.813334 7.68 12.8 5.12 21.333333 11.946667 28.16 20.48 6.826667 9.386667 10.24 19.626667 10.24 33.28v7.68c0 2.56-0.853333 4.266667-0.853334 6.826667l-47.786666-0.853333v-5.973334c0-8.533333-2.56-14.506667-7.68-17.92-5.12-4.266667-11.946667-5.973333-18.773334-5.973333-11.946667 0-21.333333 4.266667-29.866666 13.653333-7.68 9.386667-11.946667 23.04-11.946667 41.813334v5.973333c5.973333-6.826667 13.653333-12.8 22.186667-15.36 9.386667-3.413333 18.773333-5.12 29.013333-5.12 13.653333 0 25.6 2.56 36.693333 8.533333 10.24 5.973333 17.92 13.653333 23.893334 23.04 5.973333 10.24 8.533333 21.333333 8.533333 35.84s-4.266667 26.453333-11.946667 36.693334c-7.68 11.093333-17.92 17.92-31.573333 23.893333-12.8 3.413333-28.16 5.973333-45.226667 5.973333z m-2.56-42.666666c7.68 0 13.653333-2.56 17.92-7.68s7.68-11.946667 7.68-18.773334c0-8.533333-2.56-13.653333-7.68-18.773333s-11.093333-7.68-17.92-7.68c-7.68 0-13.653333 2.56-17.92 7.68-5.12 5.12-7.68 11.946667-7.68 18.773333 0 8.533333 2.56 13.653333 7.68 18.773334s10.24 7.68 17.92 7.68z\" fill=\"#FFFFFF\">\u003C/path>\u003C/symbol>\u003Csymbol id=\"iconloyout_fix_9\" viewBox=\"0 0 1024 1024\">\u003Cpath d=\"M745.813333 133.12H279.04c-79.36 0-145.066667 64.853333-145.066667 145.066667v87.893333h58.026667l9.386667-87.893333c0-42.666667 34.986667-77.653333 77.653333-77.653334h465.92c42.666667 0 77.653333 34.986667 77.653333 77.653334v466.773333c0 42.666667-34.986667 77.653333-77.653333 77.653333h-51.2v67.413334h51.2c79.36 0 145.066667-64.853333 145.066667-145.066667V278.186667c0.853333-79.36-63.146667-145.066667-144.213334-145.066667z\" fill=\"#666666\">\u003C/path>\u003Cpath d=\"M278.186667 890.88h465.92c79.36 0 145.066667-64.853333 145.066666-145.066667V657.92h-58.026666l-9.386667 87.893333c0 42.666667-34.986667 77.653333-77.653333 77.653334H278.186667c-42.666667 0-77.653333-34.986667-77.653334-77.653334V278.186667c0-42.666667 34.986667-77.653333 77.653334-77.653334h51.2v-67.413333h-51.2c-79.36 0-145.066667 64.853333-145.066667 145.066667v466.773333c0 80.213333 64 145.92 145.066667 145.92zM640.853333 244.053333h106.666667c14.506667 0 26.453333 11.946667 26.453333 26.453334v106.666666c0 14.506667-11.946667 26.453333-26.453333 26.453334H640.853333c-14.506667 0-26.453333-11.946667-26.453333-26.453334V270.506667c0.853333-14.506667 12.8-26.453333 26.453333-26.453334z\" fill=\"#666666\">\u003C/path>\u003Cpath d=\"M455.68 244.053333h106.666667c14.506667 0 26.453333 11.946667 26.453333 26.453334v106.666666c0 14.506667-11.946667 26.453333-26.453333 26.453334H455.68c-14.506667 0-26.453333-11.946667-26.453333-26.453334V270.506667c0-14.506667 11.946667-26.453333 26.453333-26.453334zM270.506667 244.053333h106.666666c14.506667 0 26.453333 11.946667 26.453334 26.453334v106.666666c0 14.506667-11.946667 26.453333-26.453334 26.453334H270.506667c-14.506667 0-26.453333-11.946667-26.453334-26.453334V270.506667c-0.853333-14.506667 11.093333-26.453333 26.453334-26.453334zM640.853333 430.08h106.666667c14.506667 0 26.453333 11.946667 26.453333 26.453333V563.2c0 14.506667-11.946667 26.453333-26.453333 26.453333H640.853333c-14.506667 0-26.453333-11.946667-26.453333-26.453333V456.533333c0.853333-14.506667 12.8-26.453333 26.453333-26.453333zM455.68 430.08h106.666667c14.506667 0 26.453333 11.946667 26.453333 26.453333V563.2c0 14.506667-11.946667 26.453333-26.453333 26.453333H455.68c-14.506667 0-26.453333-11.946667-26.453333-26.453333V456.533333c0-14.506667 11.946667-26.453333 26.453333-26.453333zM270.506667 430.08h106.666666c14.506667 0 26.453333 11.946667 26.453334 26.453333V563.2c0 14.506667-11.946667 26.453333-26.453334 26.453333H270.506667c-14.506667 0-26.453333-11.946667-26.453334-26.453333V456.533333c-0.853333-14.506667 11.093333-26.453333 26.453334-26.453333zM640.853333 616.106667h106.666667c14.506667 0 26.453333 11.946667 26.453333 26.453333v106.666667c0 14.506667-11.946667 26.453333-26.453333 26.453333H640.853333c-14.506667 0-26.453333-11.946667-26.453333-26.453333V641.706667c0.853333-13.653333 12.8-25.6 26.453333-25.6zM455.68 616.106667h106.666667c14.506667 0 26.453333 11.946667 26.453333 26.453333v106.666667c0 14.506667-11.946667 26.453333-26.453333 26.453333H455.68c-14.506667 0-26.453333-11.946667-26.453333-26.453333V641.706667c0-13.653333 11.946667-25.6 26.453333-25.6zM270.506667 616.106667h106.666666c14.506667 0 26.453333 11.946667 26.453334 26.453333v106.666667c0 14.506667-11.946667 26.453333-26.453334 26.453333H270.506667c-14.506667 0-26.453333-11.946667-26.453334-26.453333V641.706667c-0.853333-13.653333 11.093333-25.6 26.453334-25.6z\" fill=\"#666666\">\u003C/path>\u003C/symbol>\u003Csymbol id=\"iconloyout_fix6\" viewBox=\"0 0 1024 1024\">\u003Cpath d=\"M746.666667 131.413333h-469.333334c-80.213333 0-145.92 64.853333-145.92 145.92v88.746667h58.026667l9.386667-88.746667c0-42.666667 34.986667-77.653333 77.653333-77.653333h469.333333c42.666667 0 77.653333 34.986667 77.653334 77.653333v470.186667c0 42.666667-34.986667 77.653333-77.653334 77.653333h-51.2v68.266667h51.2c80.213333 0 145.92-64.853333 145.92-145.92V277.333333c0.853333-80.213333-63.146667-145.92-145.066666-145.92z\" fill=\"#666666\">\u003C/path>\u003Cpath d=\"M277.333333 892.586667h469.333334c80.213333 0 145.92-64.853333 145.92-145.92V658.773333h-58.026667l-9.386667 88.746667c0 42.666667-34.986667 77.653333-77.653333 77.653333h-469.333333c-42.666667 0-77.653333-34.986667-77.653334-77.653333V277.333333c0-42.666667 34.986667-77.653333 77.653334-77.653333h51.2v-68.266667h-51.2c-80.213333 0-145.92 64.853333-145.92 145.92v470.186667c-0.853333 79.36 63.146667 145.066667 145.066666 145.066667z\" fill=\"#666666\">\u003C/path>\u003Cpath d=\"M270.506667 243.2h107.52c15.36 0 27.306667 11.946667 27.306666 27.306667v187.733333c0 15.36-11.946667 27.306667-27.306666 27.306667H270.506667c-15.36 0-27.306667-11.946667-27.306667-27.306667V269.653333c0.853333-14.506667 12.8-26.453333 27.306667-26.453333zM458.24 243.2h107.52c15.36 0 27.306667 11.946667 27.306667 27.306667v187.733333c0 15.36-11.946667 27.306667-27.306667 27.306667H458.24c-15.36 0-27.306667-11.946667-27.306667-27.306667V269.653333c0.853333-14.506667 12.8-26.453333 27.306667-26.453333zM646.826667 243.2h107.52c15.36 0 27.306667 11.946667 27.306666 27.306667v187.733333c0 15.36-11.946667 27.306667-27.306666 27.306667H646.826667c-15.36 0-27.306667-11.946667-27.306667-27.306667V269.653333c0-14.506667 12.8-26.453333 27.306667-26.453333zM270.506667 538.453333h107.52c15.36 0 27.306667 11.946667 27.306666 27.306667v187.733333c0 15.36-11.946667 27.306667-27.306666 27.306667H270.506667c-15.36 0-27.306667-11.946667-27.306667-27.306667v-187.733333c0.853333-15.36 12.8-27.306667 27.306667-27.306667zM458.24 538.453333h107.52c15.36 0 27.306667 11.946667 27.306667 27.306667v187.733333c0 15.36-11.946667 27.306667-27.306667 27.306667H458.24c-15.36 0-27.306667-11.946667-27.306667-27.306667v-187.733333c0.853333-15.36 12.8-27.306667 27.306667-27.306667zM646.826667 538.453333h107.52c15.36 0 27.306667 11.946667 27.306666 27.306667v187.733333c0 15.36-11.946667 27.306667-27.306666 27.306667H646.826667c-15.36 0-27.306667-11.946667-27.306667-27.306667v-187.733333c0-15.36 12.8-27.306667 27.306667-27.306667z\" fill=\"#666666\">\u003C/path>\u003C/symbol>\u003Csymbol id=\"iconloyout_fix2\" viewBox=\"0 0 1024 1024\">\u003Cpath d=\"M746.666667 131.413333h-469.333334c-80.213333 0-145.92 64.853333-145.92 145.92v88.746667h58.026667l9.386667-88.746667c0-42.666667 34.986667-77.653333 77.653333-77.653333h469.333333c42.666667 0 77.653333 34.986667 77.653334 77.653333v470.186667c0 42.666667-34.986667 77.653333-77.653334 77.653333h-51.2v68.266667h51.2c80.213333 0 145.92-64.853333 145.92-145.92V277.333333c0.853333-80.213333-63.146667-145.92-145.066666-145.92z\" fill=\"#666666\">\u003C/path>\u003Cpath d=\"M277.333333 892.586667h469.333334c80.213333 0 145.92-64.853333 145.92-145.92V658.773333h-58.026667l-9.386667 88.746667c0 42.666667-34.986667 77.653333-77.653333 77.653333h-469.333333c-42.666667 0-77.653333-34.986667-77.653334-77.653333V277.333333c0-42.666667 34.986667-77.653333 77.653334-77.653333h51.2v-68.266667h-51.2c-80.213333 0-145.92 64.853333-145.92 145.92v470.186667c-0.853333 79.36 63.146667 145.066667 145.066666 145.066667z\" fill=\"#666666\">\u003C/path>\u003Cpath d=\"M269.653333 242.346667h484.693334c15.36 0 27.306667 11.946667 27.306666 27.306666v188.586667c0 15.36-11.946667 27.306667-27.306666 27.306667H269.653333c-15.36 0-27.306667-11.946667-27.306666-27.306667V268.8c0.853333-14.506667 12.8-26.453333 27.306666-26.453333zM269.653333 538.453333h484.693334c15.36 0 27.306667 11.946667 27.306666 27.306667v188.586667c0 15.36-11.946667 27.306667-27.306666 27.306666H269.653333c-15.36 0-27.306667-11.946667-27.306666-27.306666V565.76c0.853333-15.36 12.8-27.306667 27.306666-27.306667z\" fill=\"#666666\">\u003C/path>\u003C/symbol>\u003Csymbol id=\"iconloyout_fix4\" viewBox=\"0 0 1024 1024\">\u003Cpath d=\"M746.666667 131.413333h-469.333334c-80.213333 0-145.92 64.853333-145.92 145.92v88.746667h58.026667l9.386667-88.746667c0-42.666667 34.986667-77.653333 77.653333-77.653333h469.333333c42.666667 0 77.653333 34.986667 77.653334 77.653333v470.186667c0 42.666667-34.986667 77.653333-77.653334 77.653333h-51.2v68.266667h51.2c80.213333 0 145.92-64.853333 145.92-145.92V277.333333c0.853333-80.213333-63.146667-145.92-145.066666-145.92z\" fill=\"#666666\">\u003C/path>\u003Cpath d=\"M277.333333 892.586667h469.333334c80.213333 0 145.92-64.853333 145.92-145.92V658.773333h-58.026667l-9.386667 88.746667c0 42.666667-34.986667 77.653333-77.653333 77.653333h-469.333333c-42.666667 0-77.653333-34.986667-77.653334-77.653333V277.333333c0-42.666667 34.986667-77.653333 77.653334-77.653333h51.2v-68.266667h-51.2c-80.213333 0-145.92 64.853333-145.92 145.92v470.186667c-0.853333 79.36 63.146667 145.066667 145.066666 145.066667z\" fill=\"#666666\">\u003C/path>\u003Cpath d=\"M269.653333 242.346667h188.586667c14.506667 0 26.453333 11.946667 26.453333 26.453333v188.586667c0 14.506667-11.946667 26.453333-26.453333 26.453333H269.653333c-14.506667 0-26.453333-11.946667-26.453333-26.453333v-187.733334c-1.706667-14.506667 11.093333-27.306667 26.453333-27.306666zM565.76 242.346667h188.586667c14.506667 0 26.453333 11.946667 26.453333 26.453333v188.586667c0 14.506667-11.946667 26.453333-26.453333 26.453333H565.76c-14.506667 0-26.453333-11.946667-26.453333-26.453333v-187.733334c-0.853333-14.506667 11.093333-27.306667 26.453333-27.306666zM269.653333 539.306667h188.586667c14.506667 0 26.453333 11.946667 26.453333 26.453333v188.586667c0 14.506667-11.946667 26.453333-26.453333 26.453333H269.653333c-14.506667 0-26.453333-11.946667-26.453333-26.453333v-187.733334c-1.706667-15.36 11.093333-27.306667 26.453333-27.306666zM565.76 539.306667h188.586667c14.506667 0 26.453333 11.946667 26.453333 26.453333v188.586667c0 14.506667-11.946667 26.453333-26.453333 26.453333H565.76c-14.506667 0-26.453333-11.946667-26.453333-26.453333v-187.733334c-0.853333-15.36 11.093333-27.306667 26.453333-27.306666z\" fill=\"#666666\">\u003C/path>\u003C/symbol>\u003Csymbol id=\"iconloyout_fix1\" viewBox=\"0 0 1024 1024\">\u003Cpath d=\"M746.666667 131.413333h-469.333334c-80.213333 0-145.92 64.853333-145.92 145.92v88.746667h58.026667l9.386667-88.746667c0-42.666667 34.986667-77.653333 77.653333-77.653333h469.333333c42.666667 0 77.653333 34.986667 77.653334 77.653333v470.186667c0 42.666667-34.986667 77.653333-77.653334 77.653333h-51.2v68.266667h51.2c80.213333 0 145.92-64.853333 145.92-145.92V277.333333c0.853333-80.213333-63.146667-145.92-145.066666-145.92z\" fill=\"#666666\">\u003C/path>\u003Cpath d=\"M277.333333 892.586667h469.333334c80.213333 0 145.92-64.853333 145.92-145.92V658.773333h-58.026667l-9.386667 88.746667c0 42.666667-34.986667 77.653333-77.653333 77.653333h-469.333333c-42.666667 0-77.653333-34.986667-77.653334-77.653333V277.333333c0-42.666667 34.986667-77.653333 77.653334-77.653333h51.2v-68.266667h-51.2c-80.213333 0-145.92 64.853333-145.92 145.92v470.186667c-0.853333 79.36 63.146667 145.066667 145.066666 145.066667z\" fill=\"#666666\">\u003C/path>\u003Cpath d=\"M713.386667 781.653333H310.613333c-37.546667 0-68.266667-30.72-68.266666-68.266666V310.613333c0-37.546667 30.72-68.266667 68.266666-68.266666h402.773334c37.546667 0 68.266667 30.72 68.266666 68.266666v402.773334c0 37.546667-30.72 68.266667-68.266666 68.266666z\" fill=\"#666666\">\u003C/path>\u003C/symbol>\u003Csymbol id=\"iconloyout_customize\" viewBox=\"0 0 1024 1024\">\u003Cpath d=\"M389.973333 893.44h472.746667c7.68 0 16.213333-3.413333 21.333333-8.533333s8.533333-13.653333 8.533334-21.333334V348.16h-503.466667v545.28z m472.746667-762.88H389.973333v156.16h503.466667V161.28c0-7.68-3.413333-16.213333-8.533333-21.333333-5.973333-5.973333-13.653333-9.386667-22.186667-9.386667z m-732.16 30.72v702.293333c0 17.066667 13.653333 30.72 30.72 30.72h168.106667V130.56H161.28c-7.68 0-16.213333 3.413333-21.333333 8.533333-5.973333 5.973333-9.386667 13.653333-9.386667 22.186667z\" fill=\"#666666\">\u003C/path>\u003C/symbol>\u003Csymbol id=\"iconlog_layout_expansion\" viewBox=\"0 0 1024 1024\">\u003Cpath d=\"M302.08 793.6H384v102.4H128V640h102.4v81.92l153.6-153.6 71.68 71.68-153.6 153.6zM716.8 793.6L563.2 640l71.68-71.68L793.6 727.04V640h102.4v256H640V793.6h76.8zM302.08 230.4l153.6 153.6-71.68 71.68-153.6-153.6V384H128V128h256v102.4h-81.92zM716.8 230.4h-76.8V128h256v256H793.6V296.96L634.88 455.68 563.2 384l153.6-153.6z\" fill=\"#444444\">\u003C/path>\u003C/symbol>\u003Csymbol id=\"iconlog_layout_collapse\" viewBox=\"0 0 1024 1024\">\u003Cpath d=\"M273.92 665.6h-81.92V574.293333h244.906667v230.4H341.333333v-76.8l-144.213333 144.213334-67.413333-62.293334L273.92 665.6z m476.16 0l144.213333 144.213333-67.413333 67.413334L682.666667 733.013333v76.8H586.24v-230.4h244.906667v91.306667h-81.92V665.6zM273.92 338.773333L149.333333 214.186667l62.293334-67.413334L341.333333 276.48v-76.8h96.426667v230.4H192V338.773333h81.92z m485.546667 0h72.533333v91.306667H586.24v-230.4H682.666667V281.6l134.826666-134.826667 67.413334 67.413334L759.466667 338.773333z\" fill=\"#444444\">\u003C/path>\u003C/symbol>\u003Csymbol id=\"iconicon_left_default\" viewBox=\"0 0 1024 1024\">\u003Cpath d=\"M959.146667 571.733333h-657.066667l248.32 238.933334H375.466667L64.853333 512 375.466667 214.186667h175.786666L302.08 452.266667h657.066667v119.466666z\" fill=\"#BABABA\">\u003C/path>\u003C/symbol>\u003Csymbol id=\"iconbrowse2\" viewBox=\"0 0 1024 1024\">\u003Cpath d=\"M785.493333 85.333333a38.613333 38.613333 0 0 1 38.698667 38.826667v349.013333h-77.397333V162.944H205.397333v698.197333h232.064V938.666667H166.656A38.613333 38.613333 0 0 1 128 899.84V124.16A38.826667 38.826667 0 0 1 166.656 85.333333H785.493333z m-96.682666 484.864a154.368 154.368 0 0 1 132.010666 74.154667 155.477333 155.477333 0 0 1 5.76 151.594667l63.744 63.957333a19.413333 19.413333 0 0 1 0 27.392l-32.810666 32.938667a19.328 19.328 0 0 1-27.306667 0l-61.738667-61.866667a154.410667 154.410667 0 0 1-194.816-29.482667 155.306667 155.306667 0 0 1-36.693333-132.821333 155.392 155.392 0 0 1 83.157333-109.738667 154.410667 154.410667 0 0 1 68.693334-16.128z m0 77.568c-20.48 0-40.192 8.149333-54.698667 22.698667a77.653333 77.653333 0 0 0 54.698667 132.437333c20.48 0 40.192-8.149333 54.698666-22.698666a77.653333 77.653333 0 0 0-54.698666-132.437334z m-193.365334-174.549333a19.328 19.328 0 0 1 19.328 19.413333v38.784a19.413333 19.413333 0 0 1-19.328 19.370667H302.037333a19.328 19.328 0 0 1-19.328-19.413333v-38.784a19.413333 19.413333 0 0 1 19.328-19.370667h193.408z m154.709334-155.136a19.328 19.328 0 0 1 19.328 19.370667v38.826666a19.413333 19.413333 0 0 1-19.328 19.370667H302.037333a19.328 19.328 0 0 1-19.328-19.413333V337.493333a19.413333 19.413333 0 0 1 19.328-19.370666h348.117334z\" fill=\"#1D2129\">\u003C/path>\u003C/symbol>\u003Csymbol id=\"iconbrowse1\" viewBox=\"0 0 1024 1024\">\u003Cpath d=\"M785.493333 85.333333a38.613333 38.613333 0 0 1 38.698667 38.826667v349.013333h-77.397333V162.944H205.397333v698.197333h232.064V938.666667H166.656A38.613333 38.613333 0 0 1 128 899.84V124.16A38.826667 38.826667 0 0 1 166.656 85.333333H785.493333z m-96.682666 484.864a154.368 154.368 0 0 1 132.010666 74.154667 155.477333 155.477333 0 0 1 5.76 151.594667l63.744 63.957333a19.413333 19.413333 0 0 1 0 27.392l-32.810666 32.938667a19.328 19.328 0 0 1-27.306667 0l-61.738667-61.866667a154.410667 154.410667 0 0 1-194.816-29.482667 155.306667 155.306667 0 0 1-36.693333-132.821333 155.392 155.392 0 0 1 83.157333-109.738667 154.410667 154.410667 0 0 1 68.693334-16.128z m0 77.568c-20.48 0-40.192 8.149333-54.698667 22.698667a77.653333 77.653333 0 0 0 54.698667 132.437333c20.48 0 40.192-8.149333 54.698666-22.698666a77.653333 77.653333 0 0 0-54.698666-132.437334z m-193.365334-174.549333a19.328 19.328 0 0 1 19.328 19.413333v38.784a19.413333 19.413333 0 0 1-19.328 19.370667H302.037333a19.328 19.328 0 0 1-19.328-19.413333v-38.784a19.413333 19.413333 0 0 1 19.328-19.370667h193.408z m154.709334-155.136a19.328 19.328 0 0 1 19.328 19.370667v38.826666a19.413333 19.413333 0 0 1-19.328 19.370667H302.037333a19.328 19.328 0 0 1-19.328-19.413333V337.493333a19.413333 19.413333 0 0 1 19.328-19.370666h348.117334z\" fill=\"#1D2129\">\u003C/path>\u003C/symbol>\u003Csymbol id=\"iconCluster\" viewBox=\"0 0 1024 1024\">\u003Cpath d=\"M554.666667 85.333333a42.666667 42.666667 0 0 1 42.666666 42.666667v298.666667h298.666667a42.666667 42.666667 0 0 1 42.666667 42.666666v426.666667a42.666667 42.666667 0 0 1-42.666667 42.666667H128a42.666667 42.666667 0 0 1-42.666667-42.666667V128a42.666667 42.666667 0 0 1 42.666667-42.666667h426.666667zM170.666667 853.333333h341.333333V170.666667H170.666667v682.666666z m426.666666-341.333333v341.333333h256v-341.333333h-256z m-256 170.666667a64 64 0 1 1 0 127.957333A64 64 0 0 1 341.333333 682.666667z m375.552-579.968a42.666667 42.666667 0 0 1 16.341334 3.968 437.589333 437.589333 0 0 1 193.493333 182.613333 42.666667 42.666667 0 0 1-37.333333 64v-0.426667a42.666667 42.666667 0 0 1-37.333334-21.333333 356.266667 356.266667 0 0 0-155.733333-146.986667A42.752 42.752 0 0 1 676.266667 128a42.709333 42.709333 0 0 1 40.618666-25.301333z\" fill=\"#1D2129\">\u003C/path>\u003C/symbol>\u003Csymbol id=\"iconDatacenter\" viewBox=\"0 0 1024 1024\">\u003Cpath d=\"M682.666667 85.333333a42.666667 42.666667 0 0 1 42.666666 42.666667v298.666667h128a42.666667 42.666667 0 0 1 42.666667 42.666666v384h21.333333a21.333333 21.333333 0 0 1 21.333334 21.333334v42.666666a21.333333 21.333333 0 0 1-21.333334 21.333334h-810.666666a21.333333 21.333333 0 0 1-21.333334-21.333334v-42.666666a21.333333 21.333333 0 0 1 21.333334-21.333334H128V128a42.666667 42.666667 0 0 1 42.666667-42.666667h512z m-42.666667 85.333334H213.333333v682.666666h426.666667V170.666667z m170.666667 341.333333h-85.333334v341.333333h85.333334v-341.333333zM362.666667 512a21.333333 21.333333 0 0 1 21.333333 21.333333v128a21.333333 21.333333 0 0 1-21.333333 21.333334h-42.666667a21.333333 21.333333 0 0 1-21.333333-21.333334v-128a21.333333 21.333333 0 0 1 21.333333-21.333333h42.666667z m170.666666 0a21.333333 21.333333 0 0 1 21.333334 21.333333v128a21.333333 21.333333 0 0 1-21.333334 21.333334h-42.666666a21.333333 21.333333 0 0 1-21.333334-21.333334v-128a21.333333 21.333333 0 0 1 21.333334-21.333333h42.666666z m-170.666666-256a21.333333 21.333333 0 0 1 21.333333 21.333333v128a21.333333 21.333333 0 0 1-21.333333 21.333334h-42.666667a21.333333 21.333333 0 0 1-21.333333-21.333334v-128a21.333333 21.333333 0 0 1 21.333333-21.333333h42.666667z m170.666666 0a21.333333 21.333333 0 0 1 21.333334 21.333333v128a21.333333 21.333333 0 0 1-21.333334 21.333334h-42.666666a21.333333 21.333333 0 0 1-21.333334-21.333334v-128a21.333333 21.333333 0 0 1 21.333334-21.333333h42.666666z\" fill=\"#1D2129\">\u003C/path>\u003C/symbol>\u003Csymbol id=\"iconPhysicalserver\" viewBox=\"0 0 1024 1024\">\u003Cpath d=\"M898.048 128c10.752 0 21.077333 4.138667 28.714667 11.52a38.784 38.784 0 0 1 11.904 27.861333v689.237334c0 10.453333-4.266667 20.48-11.904 27.861333a41.301333 41.301333 0 0 1-28.714667 11.52H125.952a41.301333 41.301333 0 0 1-28.714667-11.52 38.784 38.784 0 0 1-11.904-27.861333V167.381333c0-10.453333 4.266667-20.48 11.904-27.861333A41.301333 41.301333 0 0 1 125.952 128h772.096z m-40.661333 551.381333H166.613333v137.813334h690.773334v-137.813334z m-91.434667 39.381334c5.418667 0 10.581333 2.090667 14.378667 5.76 3.84 3.712 5.973333 8.704 5.973333 13.952v39.381333c0 5.205333-2.133333 10.24-5.973333 13.909333a20.650667 20.650667 0 0 1-14.378667 5.76H725.333333a20.650667 20.650667 0 0 1-14.378666-5.76 19.370667 19.370667 0 0 1-5.973334-13.909333v-39.381333c0-5.248 2.176-10.24 5.973334-13.952a20.650667 20.650667 0 0 1 14.378666-5.76h40.618667z m91.434667-275.669334H166.613333v157.525334h690.773334v-157.525334zM725.333333 482.474667h40.618667c4.992 0 9.813333 1.749333 13.525333 4.949333a19.498667 19.498667 0 0 1 6.656 12.416l0.170667 2.304v39.381333a19.328 19.328 0 0 1-5.12 13.098667 20.522667 20.522667 0 0 1-12.8 6.485333l-2.432 0.128H725.333333a20.693333 20.693333 0 0 1-13.482666-4.992 19.541333 19.541333 0 0 1-6.698667-12.373333l-0.128-2.346667v-39.381333c0-4.821333 1.834667-9.472 5.12-13.056a20.522667 20.522667 0 0 1 12.8-6.485333l2.389333-0.128z m132.053334-275.712H166.613333v157.525333h690.773334V206.762667z m-91.434667 39.381333c4.992 0 9.813333 1.792 13.525333 4.992a19.498667 19.498667 0 0 1 6.656 12.373333l0.170667 2.346667v39.381333a19.370667 19.370667 0 0 1-5.12 13.056 20.522667 20.522667 0 0 1-12.8 6.485334l-2.432 0.128H725.333333a20.693333 20.693333 0 0 1-13.482666-4.949334 19.541333 19.541333 0 0 1-6.698667-12.416l-0.128-2.304V265.813333c0-4.821333 1.834667-9.472 5.12-13.098666a20.522667 20.522667 0 0 1 12.8-6.485334L725.333333 246.186667h40.618667z\" fill=\"#1D2129\">\u003C/path>\u003C/symbol>\u003Csymbol id=\"iconFileserver\" viewBox=\"0 0 1024 1024\">\u003Cpath d=\"M893.482667 85.333333c11.989333 0 23.466667 4.522667 31.914666 12.501334 8.490667 8.021333 13.269333 18.858667 13.269334 30.165333v377.770667h-90.325334V170.666667H260.992v682.666666h135.552v85.333334H215.850667c-11.989333 0-23.466667-4.522667-31.914667-12.501334A41.514667 41.514667 0 0 1 170.666667 896V128c0-11.306667 4.778667-22.186667 13.226666-30.165333A46.506667 46.506667 0 0 1 215.893333 85.333333H893.44z m17.450666 504.234667a19.114667 19.114667 0 0 1 19.2 19.413333v310.272a19.2 19.2 0 0 1-19.2 19.413334h-422.4a19.157333 19.157333 0 0 1-19.2-19.413334v-310.314666c0-5.12 2.005333-10.069333 5.632-13.653334a19.114667 19.114667 0 0 1 13.568-5.717333h422.4z m-364.8 271.530667H853.333333v-193.92h-307.2v193.92z m134.4-58.197334h-76.8V725.333333h76.8v77.568z m134.4 0h-76.8V725.333333h76.8v77.568zM554.666667 426.666667c5.973333 0 11.733333 2.261333 15.957333 6.229333 4.266667 4.010667 6.613333 9.429333 6.613333 15.104v42.666667c0 5.674667-2.389333 11.093333-6.613333 15.104A23.253333 23.253333 0 0 1 554.666667 512H373.973333a23.253333 23.253333 0 0 1-15.957333-6.229333 20.778667 20.778667 0 0 1-6.656-15.104v-42.666667c0-5.674667 2.389333-11.093333 6.656-15.104A23.253333 23.253333 0 0 1 373.973333 426.666667H554.666667z m180.693333-170.666667c5.973333 0 11.733333 2.261333 15.957333 6.229333 4.266667 4.010667 6.656 9.429333 6.656 15.104v42.666667c0 5.674667-2.389333 11.093333-6.656 15.104a23.253333 23.253333 0 0 1-15.957333 6.229333h-361.386667a23.253333 23.253333 0 0 1-15.957333-6.229333 20.736 20.736 0 0 1-6.656-15.104v-42.666667c0-5.674667 2.389333-11.093333 6.656-15.104A23.253333 23.253333 0 0 1 373.973333 256h361.386667z\" fill=\"#1D2129\">\u003C/path>\u003C/symbol>\u003Csymbol id=\"iconPersonalcomputer\" viewBox=\"0 0 1024 1024\">\u003Cpath d=\"M887.722667 605.184v-357.546667c0-46.848-38.058667-84.906667-84.906667-84.906666H221.184c-46.848 0-84.906667 38.058667-84.906667 84.906666v395.349334c0 46.848 38.058667 84.906667 84.906667 84.906666h252.245333v56.064H328.704c-21.333333 0-38.570667 17.322667-38.570667 38.570667 0 21.333333 17.322667 38.570667 38.570667 38.570667h366.506667c21.333333 0 38.570667-17.322667 38.570666-38.570667 0-21.333333-17.322667-38.570667-38.570666-38.570667H550.570667V727.893333h252.245333c46.848 0 84.906667-38.058667 84.906667-84.906666v-62.037334c0-21.333333-17.322667-38.570667-38.570667-38.570666-21.333333 0-38.570667 17.322667-38.570667 38.570666v62.037334c0 4.181333-3.498667 7.68-7.68 7.68H221.184a7.765333 7.765333 0 0 1-7.68-7.68V247.637333c0-4.181333 3.498667-7.68 7.68-7.68h581.632c4.181333 0 7.68 3.498667 7.68 7.68V577.706667m38.656-69.802667\" fill=\"#333333\">\u003C/path>\u003C/symbol>\u003Csymbol id=\"iconVirtualmachines\" viewBox=\"0 0 1024 1024\">\u003Cpath d=\"M356.864 125.952c0-10.752 4.053333-21.077333 11.349333-28.714667A37.930667 37.930667 0 0 1 395.648 85.333333H899.84c10.282667 0 20.138667 4.266667 27.434667 11.904 7.253333 7.637333 11.349333 17.92 11.349333 28.714667v528.256a41.642667 41.642667 0 0 1-11.349333 28.757333 37.930667 37.930667 0 0 1-27.434667 11.904h-232.746667v203.178667a41.642667 41.642667 0 0 1-11.349333 28.714667 37.930667 37.930667 0 0 1-27.434667 11.904H124.16a37.930667 37.930667 0 0 1-27.434667-11.904 41.642667 41.642667 0 0 1-11.349333-28.714667V369.792c0-10.794667 4.096-21.12 11.349333-28.757333a37.930667 37.930667 0 0 1 27.434667-11.904h232.746667V125.952z m504.234667 40.661333h-426.666667v162.56h193.92c10.282667 0 20.181333 4.266667 27.434667 11.861334 7.253333 7.637333 11.349333 17.962667 11.349333 28.757333v162.56h-77.568V410.368h-426.666667v446.976h426.666667v-162.56H395.648a37.930667 37.930667 0 0 1-27.434667-11.861333 41.642667 41.642667 0 0 1-11.349333-28.757334v-162.56h77.568v121.941334h426.666667V166.613333z\" fill=\"#1D2129\">\u003C/path>\u003C/symbol>\u003Csymbol id=\"iconSysteminformation\" viewBox=\"0 0 1024 1024\">\u003Cpath d=\"M834.688 489.301333l91.349333 90.325334a42.453333 42.453333 0 0 1 9.386667 46.378666 42.496 42.496 0 0 1-9.386667 13.824l-289.664 286.378667A43.093333 43.093333 0 0 1 605.866667 938.666667l-91.093334-0.298667c-11.392 0-22.272-4.522667-30.293333-12.458667a42.325333 42.325333 0 0 1-12.629333-29.952l-0.298667-90.069333a42.197333 42.197333 0 0 1 12.629333-30.250667l289.664-286.336a43.306667 43.306667 0 0 1 60.885334 0zM128.384 85.333333h645.973333c11.434667 0 22.4 4.48 30.464 12.458667 8.106667 7.978667 12.629333 18.816 12.629334 30.122667v276.736H731.306667V170.496H171.52v681.216h215.338667v85.162667H128.384c-11.392 0-22.357333-4.48-30.421333-12.458667A42.325333 42.325333 0 0 1 85.333333 894.293333V127.914667c0-11.306667 4.522667-22.144 12.629334-30.122667 8.064-7.978667 19.029333-12.458667 30.421333-12.458667z m675.84 494.293334l-246.528 243.712 0.128 30.037333 30.336 0.085333 246.528-243.754666-30.464-30.08z m-352.853333-47.232c5.717333 0 11.221333 2.261333 15.232 6.229333 4.053333 4.010667 6.314667 9.386667 6.314666 15.061333v42.581334c0 5.632-2.261333 11.093333-6.314666 15.061333a21.674667 21.674667 0 0 1-15.189334 6.229333H279.125333a21.674667 21.674667 0 0 1-15.232-6.229333 21.162667 21.162667 0 0 1-6.314666-15.061333v-42.581334c0-5.632 2.304-11.093333 6.314666-15.061333a21.674667 21.674667 0 0 1 15.232-6.229333h172.288z m172.288-170.325334c5.717333 0 11.178667 2.261333 15.232 6.272 4.053333 3.968 6.314667 9.386667 6.314666 15.018667v42.581333c0 5.674667-2.261333 11.093333-6.314666 15.061334a21.674667 21.674667 0 0 1-15.232 6.229333H279.125333a21.674667 21.674667 0 0 1-15.232-6.229333 21.162667 21.162667 0 0 1-6.314666-15.061334v-42.581333c0-5.632 2.304-11.050667 6.314666-15.018667a21.674667 21.674667 0 0 1 15.232-6.272h344.533334z\" fill=\"#1D2129\">\u003C/path>\u003C/symbol>\u003Csymbol id=\"iconClear\" viewBox=\"0 0 1024 1024\">\u003Cpath d=\"M568.32 255.146667c19.626667 5.12 40.96 8.533333 59.733333 16.213333 14.506667 5.973333 22.186667 3.413333 32.426667-7.68 41.813333-42.666667 84.48-85.333333 127.146667-127.146667 32.426667-31.573333 74.24-34.986667 105.813333-10.24 38.4 29.866667 40.96 81.92 5.12 118.613334-41.813333 42.666667-84.48 85.333333-127.146667 127.146666-11.946667 11.093333-13.653333 19.626667-7.68 35.84 24.746667 59.733333 15.36 116.053333-24.746666 166.4-17.92 23.04-31.573333 23.893333-52.053334 3.413334-77.653333-76.8-154.453333-154.453333-231.253333-232.106667-18.773333-18.773333-17.92-31.573333 1.706667-48.64 29.866667-25.6 70.826667-40.96 110.933333-41.813333z m145.92 283.306666c25.6-40.96 29.013333-86.186667 3.413333-131.413333-10.24-17.92-8.533333-31.573333 6.826667-46.08 46.933333-45.226667 93.013333-92.16 139.093333-138.24 6.826667-6.826667 13.653333-14.506667 16.213334-23.04 5.12-16.213333 0-30.72-14.506667-40.106667-15.36-9.386667-32.426667-6.826667-47.786667 7.68-46.933333 46.08-93.866667 93.013333-139.946666 139.946667-22.186667 22.186667-26.453333 23.04-53.76 8.533333-43.52-23.04-86.186667-19.626667-126.293334 5.973334l216.746667 216.746666z\" fill=\"#333333\">\u003C/path>\u003Cpath d=\"M713.386667 607.573333c-14.506667 0-27.306667-10.24-35.84-18.773333-83.626667-83.626667-158.72-158.72-231.253334-232.106667-7.68-7.68-18.773333-20.48-17.92-35.84 0.853333-15.36 11.093333-26.453333 20.48-34.133333 31.573333-27.306667 74.24-44.373333 119.466667-46.08h2.56l1.706667 0.853333c5.973333 1.706667 11.946667 2.56 17.92 4.266667 14.506667 3.413333 29.866667 6.826667 44.373333 12.8 7.68 3.413333 9.386667 2.56 17.066667-4.266667 39.253333-40.106667 81.066667-81.92 128-127.146666 37.546667-36.693333 87.04-40.96 124.586666-11.093334 21.333333 17.066667 34.133333 40.106667 35.84 65.706667 1.706667 27.306667-8.533333 53.76-29.013333 74.24-39.253333 40.106667-81.066667 81.92-128 127.146667-7.68 6.826667-8.533333 9.386667-4.266667 19.626666 26.453333 63.146667 17.066667 126.293333-27.306666 180.906667-8.533333 10.24-19.626667 22.186667-35.84 23.04-1.706667 0.853333-1.706667 0.853333-2.56 0.853333zM566.613333 269.653333c-36.693333 1.706667-73.386667 16.213333-98.986666 39.253334-9.386667 7.68-10.24 11.946667-10.24 13.653333 0 1.706667 0.853333 5.973333 9.386666 14.506667 72.533333 72.533333 148.48 148.48 231.253334 232.106666 9.386667 9.386667 14.506667 10.24 15.36 10.24 1.706667 0 5.973333-1.706667 14.506666-12.8 37.546667-46.933333 45.226667-98.986667 23.04-151.893333-8.533333-21.333333-5.973333-35.84 10.24-52.053333 46.933333-45.226667 87.893333-87.04 127.146667-127.146667 14.506667-15.36 22.186667-34.133333 20.48-52.053333-0.853333-17.066667-10.24-33.28-24.746667-45.226667-26.453333-20.48-59.733333-17.066667-87.04 9.386667-46.08 45.226667-87.04 86.186667-126.293333 126.293333-11.093333 11.093333-24.746667 20.48-48.64 10.24-11.946667-5.12-25.6-7.68-39.253333-11.093333-5.12-0.853333-11.093333-2.56-16.213334-3.413334zM716.8 561.493333L473.6 318.293333l15.36-9.386666c44.373333-29.013333 93.013333-30.72 140.8-6.826667 6.826667 3.413333 17.066667 8.533333 20.48 8.533333 3.413333-0.853333 11.946667-9.386667 17.066667-13.653333l39.253333-39.253333 100.693333-100.693334c19.626667-19.626667 44.373333-23.04 65.706667-9.386666 19.626667 12.8 27.306667 34.133333 20.48 57.173333-3.413333 11.093333-11.946667 20.48-19.626667 28.16l-4.266666 4.266667C825.173333 280.746667 779.946667 326.826667 733.866667 371.2c-10.24 10.24-11.093333 16.213333-4.266667 29.013333 26.453333 48.64 25.6 98.986667-4.266667 145.92l-8.533333 15.36zM519.68 324.266667l190.293333 190.293333c15.36-33.28 12.8-66.56-5.973333-99.84-13.653333-24.746667-10.24-44.373333 9.386667-64 45.226667-44.373333 91.306667-89.6 134.826666-133.973333l4.266667-4.266667c5.12-5.12 11.093333-11.093333 12.8-17.066667 3.413333-10.24 0.853333-17.92-8.533333-23.893333-11.946667-7.68-22.186667-0.853333-29.866667 5.973333-33.28 33.28-67.413333 66.56-100.693333 100.693334l-39.253334 39.253333c-26.453333 26.453333-37.546667 28.16-70.826666 11.093333-33.28-17.92-64.853333-18.773333-96.426667-4.266666zM320 259.413333c0-27.306667 20.48-48.64 47.786667-48.64 27.306667 0 48.64 22.186667 48.64 48.64 0 25.6-21.333333 47.786667-47.786667 48.64-25.6 0-47.786667-22.186667-48.64-48.64zM785.066667 700.586667c18.773333 0 33.28 15.36 32.426666 34.133333-0.853333 17.92-14.506667 31.573333-32.426666 31.573333-18.773333 0-33.28-14.506667-33.28-33.28-0.853333-17.92 14.506667-33.28 33.28-32.426666zM705.706667 769.706667c37.546667 0.853333 67.413333 32.426667 65.706666 69.973333-1.706667 35.84-29.866667 64-66.56 64-38.4 0-68.266667-29.866667-68.266666-67.413333 0.853333-36.693333 32.426667-67.413333 69.12-66.56z\" fill=\"#333333\">\u003C/path>\u003Cpath d=\"M657.066667 608.426667L419.84 371.2c-12.8-12.8-25.6-12.8-40.106667-4.266667-14.506667 8.533333-29.013333 18.773333-44.373333 23.893334-71.68 23.893333-143.36 46.08-215.04 68.266666-27.306667 8.533333-32.426667 17.92-19.626667 43.52 11.093333 20.48 21.333333 42.666667 34.133334 62.293334 6.826667 11.093333 18.773333 18.773333 29.866666 28.16-11.093333 11.093333-5.973333 24.746667 5.973334 40.106666 14.506667 17.92 29.013333 37.546667 43.52 55.466667 19.626667 25.6 39.253333 51.2 79.36 22.186667-2.56 10.24-2.56 15.36-5.12 20.48-9.386667 20.48-3.413333 35.84 14.506666 48.64 18.773333 13.653333 36.693333 27.306667 52.906667 44.373333 25.6 27.306667 52.053333 36.693333 83.626667 11.946667 1.706667-0.853333 3.413333-0.853333 5.973333-0.853334 0 5.12 0.853333 10.24 0 14.506667-4.266667 21.333333 4.266667 34.133333 23.04 43.52 20.48 11.093333 40.106667 23.893333 60.586667 35.84 25.6 15.36 37.546667 8.533333 42.666666-20.48 4.266667-23.04 9.386667-45.226667 13.653334-67.413333 0 0 4.266667-32.426667 14.506666-62.293334 0-0.853333 0-0.853333 0.853334-1.706666 4.266667-12.8 9.386667-24.746667 16.213333-33.28 14.506667-30.72 29.866667-61.44 45.226667-92.16 6.826667-16.213333 8.533333-29.013333-5.12-43.52z m-123.733334 273.92c-14.506667-8.533333-28.16-15.36-40.106666-23.893334-3.413333-2.56-5.12-9.386667-4.266667-13.653333 0.853333-12.8 4.266667-25.6 3.413333-38.4 0-9.386667-2.56-23.04-8.533333-26.453333-6.826667-4.266667-19.626667-0.853333-29.013333 0.853333-8.533333 2.56-17.92 6.826667-24.746667 12.8-19.626667 14.506667-35.84 11.093333-52.053333-6.826667-11.093333-11.946667-23.893333-22.186667-36.693334-31.573333-11.093333-7.68-11.946667-15.36-7.68-27.306667 5.12-12.8 10.24-26.453333 12.8-40.106666 1.706667-8.533333 0-19.626667-5.12-25.6-4.266667-4.266667-16.213333-5.12-23.893333-2.56-14.506667 3.413333-29.013333 11.093333-43.52 15.36-5.12 1.706667-13.653333 0-17.066667-3.413334-17.066667-18.773333-32.426667-37.546667-48.64-58.026666 13.653333-16.213333 27.306667-30.72 38.4-47.786667 5.12-7.68 7.68-22.186667 4.266667-28.16-4.266667-5.973333-17.92-5.973333-28.16-8.533333-2.56-0.853333-5.12 1.706667-7.68 2.56-46.08 11.946667-46.08 11.946667-66.56-34.133334 35.84-10.24 72.533333-18.773333 107.52-31.573333 43.52-16.213333 86.186667-34.986667 128-53.76 8.533333-3.413333 14.506667-5.973333 23.04 2.56 70.826667 71.68 141.653333 142.506667 212.48 213.333333 1.706667 1.706667 2.56 3.413333 4.266667 5.973334-45.226667 77.653333-74.24 159.573333-90.453334 248.32z\" fill=\"#333333\">\u003C/path>\u003Cpath d=\"M550.4 951.466667c-11.093333 0-21.333333-5.12-29.013333-10.24-6.826667-4.266667-14.506667-8.533333-21.333334-12.8-12.8-8.533333-25.6-16.213333-38.4-23.04-21.333333-11.093333-32.426667-27.306667-31.573333-47.786667-29.013333 12.8-57.173333 5.12-84.48-24.746667-15.36-16.213333-34.133333-29.866667-50.346667-42.666666-20.48-15.36-28.16-33.28-23.893333-54.613334-32.426667 6.826667-53.76-20.48-68.266667-39.253333l-11.946666-15.36c-10.24-13.653333-20.48-27.306667-31.573334-40.106667-16.213333-20.48-17.066667-35.84-13.653333-46.08 0 0-0.853333 0-0.853333-0.853333-7.68-6.826667-16.213333-13.653333-22.186667-23.04-10.24-15.36-17.92-31.573333-26.453333-46.933333-2.56-5.12-5.12-11.093333-8.533334-16.213334-5.973333-11.093333-11.946667-26.453333-5.973333-40.106666s20.48-19.626667 34.133333-23.893334c74.24-22.186667 145.92-45.226667 215.04-68.266666 10.24-3.413333 20.48-9.386667 31.573334-16.213334 3.413333-1.706667 6.826667-4.266667 10.24-5.973333 26.453333-15.36 46.08-5.12 58.026666 6.826667C510.293333 439.466667 588.8 518.826667 668.16 597.333333c22.186667 22.186667 14.506667 45.226667 5.973333 60.586667-15.36 29.866667-29.866667 60.586667-44.373333 90.453333l-2.56 4.266667c-5.12 5.973333-9.386667 16.213333-13.653333 29.013333l-0.853334 1.706667c-8.533333 26.453333-12.8 56.32-13.653333 58.88v0.853333c-5.12 23.04-9.386667 45.226667-13.653333 67.413334-2.56 12.8-7.68 30.72-23.04 37.546666-3.413333 2.56-7.68 3.413333-11.946667 3.413334zM459.093333 818.346667v20.48c0 4.266667 0.853333 8.533333-0.853333 13.653333-2.56 11.946667-0.853333 19.626667 15.36 28.16 13.653333 7.68 27.306667 15.36 40.106667 23.893333 6.826667 4.266667 13.653333 8.533333 21.333333 12.8 11.946667 6.826667 15.36 5.973333 15.36 5.973334s3.413333-2.56 5.973333-17.066667c4.266667-23.04 9.386667-45.226667 13.653334-67.413333 0.853333-5.973333 4.266667-29.013333 11.093333-53.76l-0.853333-1.706667 5.12-11.093333c5.12-14.506667 11.093333-26.453333 17.066666-34.986667 14.506667-29.866667 29.013333-60.586667 44.373334-90.453333 7.68-14.506667 5.973333-20.48-0.853334-27.306667C567.466667 540.16 488.106667 460.8 409.6 381.44c-5.973333-5.973333-11.946667-8.533333-23.04-1.706667-3.413333 1.706667-6.826667 4.266667-9.386667 5.973334-11.946667 6.826667-23.893333 14.506667-37.546666 18.773333-68.266667 23.04-140.8 45.226667-215.04 68.266667-14.506667 4.266667-16.213333 7.68-16.213334 7.68s-0.853333 3.413333 5.12 15.36c2.56 5.12 5.973333 11.093333 8.533334 16.213333 7.68 15.36 15.36 30.72 24.746666 44.373333 3.413333 5.973333 10.24 11.093333 16.213334 16.213334 3.413333 3.413333 7.68 5.973333 11.093333 9.386666l11.093333 10.24-11.093333 10.24c-3.413333 3.413333-0.853333 10.24 6.826667 20.48 11.093333 13.653333 21.333333 27.306667 31.573333 40.96l11.946667 15.36c21.333333 27.306667 31.573333 39.253333 58.88 19.626667l30.72-22.186667-8.533334 37.546667c-0.853333 3.413333-1.706667 6.826667-1.706666 8.533333-0.853333 5.12-1.706667 9.386667-3.413334 13.653334-5.12 11.946667-5.12 20.48 10.24 30.72 17.92 12.8 37.546667 28.16 54.613334 46.08 23.893333 25.6 41.813333 28.16 64.853333 10.24 4.266667-3.413333 9.386667-3.413333 12.8-3.413334h0.853333l15.36-1.706666z m84.48 87.04l-17.92-10.24c-4.266667-2.56-7.68-4.266667-11.946666-6.826667-10.24-5.973333-19.626667-11.093333-29.013334-17.92-9.386667-5.973333-11.093333-19.626667-11.093333-26.453333 0-5.973333 0.853333-11.946667 1.706667-17.066667 0.853333-6.826667 1.706667-13.653333 1.706666-19.626667 0-7.68-1.706667-11.946667-2.56-14.506666-2.56 0-6.826667 0-17.066666 2.56-6.826667 1.706667-13.653333 5.12-20.48 10.24-24.746667 18.773333-48.64 16.213333-70.826667-8.533334-9.386667-11.946667-23.04-21.333333-33.28-29.013333-16.213333-11.093333-20.48-25.6-12.8-44.373333 5.12-11.946667 9.386667-24.746667 11.946667-37.546667 0.853333-5.12 0-10.24-0.853334-11.946667-2.56-0.853333-6.826667-0.853333-10.24 0-6.826667 1.706667-13.653333 4.266667-21.333333 7.68-6.826667 2.56-14.506667 5.973333-22.186667 7.68-9.386667 2.56-23.893333 0-31.573333-7.68-12.8-13.653333-23.893333-28.16-36.693333-42.666666L196.266667 623.786667l-7.68-9.386667 7.68-9.386667c4.266667-5.12 8.533333-9.386667 11.946666-14.506666 9.386667-11.093333 17.92-21.333333 25.6-32.426667 1.706667-3.413333 3.413333-8.533333 3.413334-11.093333-2.56-0.853333-6.826667-0.853333-9.386667-1.706667-1.706667 0-4.266667-0.853333-5.973333-0.853333-1.706667 0.853333-2.56 0.853333-4.266667 1.706666-52.906667 13.653333-59.733333 10.24-83.626667-41.813333l-6.826666-15.36 16.213333-4.266667c11.093333-3.413333 22.186667-5.973333 33.28-9.386666 24.746667-6.826667 49.493333-12.8 73.386667-22.186667 34.986667-12.8 69.12-28.16 102.4-42.666667 8.533333-3.413333 16.213333-6.826667 24.746666-11.093333 7.68-3.413333 23.04-10.24 38.4 5.973333 51.2 52.053333 104.106667 104.106667 154.453334 155.306667l58.026666 58.026667c1.706667 1.706667 3.413333 4.266667 4.266667 5.973333 0.853333 0.853333 0.853333 1.706667 1.706667 2.56l5.12 7.68-4.266667 7.68c-42.666667 75.093333-71.68 154.453333-87.893333 243.2l-3.413334 19.626667zM503.466667 848.213333c5.973333 4.266667 12.8 7.68 19.626666 11.946667 17.066667-81.066667 43.52-154.453333 81.92-223.573333L550.4 580.266667c-50.346667-51.2-103.253333-103.253333-154.453333-155.306667l-1.706667-1.706667c-0.853333 0-2.56 0.853333-5.12 1.706667-8.533333 3.413333-16.213333 6.826667-24.746667 11.093333-34.133333 14.506667-69.12 29.866667-104.96 43.52-24.746667 9.386667-50.346667 16.213333-75.946666 22.186667-5.973333 1.706667-11.093333 3.413333-17.066667 4.266667 4.266667 8.533333 7.68 15.36 10.24 16.213333 3.413333 1.706667 17.066667-1.706667 32.426667-5.973333h0.853333c2.56-0.853333 7.68-3.413333 13.653333-1.706667 2.56 0.853333 5.12 0.853333 7.68 0.853333 10.24 1.706667 23.04 3.413333 29.013334 12.8 8.533333 12.8 2.56 34.133333-4.266667 44.373334-8.533333 12.8-17.92 23.893333-27.306667 34.986666-1.706667 1.706667-2.56 3.413333-4.266666 5.12 1.706667 2.56 3.413333 4.266667 5.12 6.826667 11.946667 14.506667 23.04 28.16 34.986666 40.96 0.853333 0 2.56 0.853333 3.413334 0.853333 5.973333-1.706667 11.946667-4.266667 18.773333-6.826666 7.68-3.413333 16.213333-6.826667 24.746667-8.533334 8.533333-2.56 28.16-3.413333 37.546666 6.826667 8.533333 9.386667 11.093333 25.6 8.533334 37.546667-2.56 15.36-7.68 29.866667-13.653334 43.52-2.56 6.826667-1.706667 6.826667 2.56 10.24 11.946667 8.533333 26.453333 19.626667 39.253334 33.28 13.653333 14.506667 21.333333 12.8 32.426666 4.266666 6.826667-5.12 17.066667-11.946667 29.866667-15.36 13.653333-3.413333 29.013333-6.826667 40.106667 0 9.386667 5.973333 14.506667 18.773333 15.36 38.4 0 8.533333-0.853333 17.066667-1.706667 24.746667-0.853333 5.12-1.706667 10.24-1.706667 14.506667 2.56 1.706667 3.413333 3.413333 3.413334 4.266666z m-28.16-57.173333zM265.386667 661.333333z\" fill=\"#333333\">\u003C/path>\u003C/symbol>\u003Csymbol id=\"iconClear-01\" viewBox=\"0 0 1024 1024\">\u003Cpath d=\"M653.653333 843.093333c-15.36 0-32.426667-3.413333-53.76-11.093333l-2.56-0.853333-474.453333-221.013334c-11.093333-3.413333-38.4-15.36-50.346667-43.52-5.973333-13.653333-10.24-35.84 4.266667-62.293333l1.706667-2.56 1.706666-2.56c2.56-3.413333 17.92-23.04 44.373334-30.72h0.853333c3.413333-0.853333 218.453333-60.586667 314.026667-189.44 17.066667-33.28 61.44-71.68 121.173333-48.64l97.28 36.693333L716.8 176.64c15.36-23.04 64-55.466667 134.826667-11.946667 4.266667 2.56 24.746667 16.213333 30.72 42.666667 2.56 11.946667 3.413333 30.72-10.24 50.346667l-46.933334 71.68 48.64 18.773333c40.96 10.24 76.8 43.52 69.973334 88.746667-0.853333 29.866667-13.653333 221.866667-230.4 383.146666-9.386667 9.386667-28.16 23.04-59.733334 23.04z m-24.746666-81.92c17.066667 5.973333 26.453333 5.973333 29.866666 5.12l0.853334-1.706666 5.12-3.413334c202.24-148.48 201.386667-324.266667 201.386666-325.973333v-5.973333c-2.56-2.56-9.386667-5.12-13.653333-5.973334l-5.12-1.706666L708.266667 367.786667l93.866666-142.506667c-11.946667-5.973333-19.626667-5.973333-23.04-4.266667L687.786667 360.106667l-154.453334-58.88c-4.266667-1.706667-16.213333-5.973333-26.453333 13.653333l-1.706667 3.413333-1.706666 2.56C401.92 460.8 194.56 527.36 152.746667 539.306667l476.16 221.866666zM779.093333 221.866667z\" fill=\"#333333\">\u003C/path>\u003Cpath d=\"M406.766933 396.834133l30.378667-70.545066 442.052267 190.344533-30.378667 70.545067zM307.2 666.453333c-13.653333 0-27.306667-7.68-34.133333-21.333333-9.386667-18.773333-1.706667-41.813333 17.066666-51.2l138.24-69.973333c18.773333-9.386667 41.813333-1.706667 51.2 17.066666 9.386667 18.773333 1.706667 41.813333-17.066666 51.2L324.266667 662.186667c-5.973333 2.56-11.093333 4.266667-17.066667 4.266666zM459.946667 749.226667c-13.653333 0-27.306667-7.68-34.133334-21.333334-9.386667-18.773333-1.706667-41.813333 17.066667-51.2l138.24-69.973333c18.773333-9.386667 41.813333-1.706667 51.2 17.066667 9.386667 18.773333 1.706667 41.813333-17.066667 51.2l-138.24 69.973333c-5.973333 3.413333-11.093333 4.266667-17.066666 4.266667zM776.533333 196.266667l-26.453333 22.186666s-39.253333 53.76-41.813333 57.173334c-2.56 3.413333-22.186667 47.786667-22.186667 47.786666v37.546667l47.786667 18.773333L837.12 221.866667 776.533333 196.266667z\" fill=\"#333333\">\u003C/path>\u003C/symbol>\u003Csymbol id=\"iconfail-02\" viewBox=\"0 0 1024 1024\">\u003Cpath d=\"M516.266667 58.026667C268.8 58.026667 68.266667 258.56 68.266667 506.026667s200.533333 448 448 448S964.266667 753.493333 964.266667 506.026667 763.733333 58.026667 516.266667 58.026667z m138.24 541.013333l43.52 44.373333c-14.506667 15.36-29.013333 30.72-44.373334 46.08-46.08-46.08-91.306667-92.16-137.386666-137.386666-45.226667 46.08-90.453333 92.16-136.533334 138.24-15.36-15.36-29.866667-29.866667-44.373333-45.226667l43.52-45.226667c30.72-31.573333 61.44-62.293333 92.16-93.866666-46.08-46.08-91.306667-92.16-136.533333-139.093334 14.506667-14.506667 29.013333-28.16 43.52-44.373333L516.266667 460.8c46.08-46.08 91.306667-92.16 137.386666-139.093333 14.506667 15.36 29.013333 29.866667 44.373334 43.52-45.226667 47.786667-91.306667 93.866667-136.533334 140.8 30.72 30.72 62.293333 61.44 93.013334 93.013333z\" fill=\"#C53709\">\u003C/path>\u003C/symbol>\u003Csymbol id=\"iconfan_green\" viewBox=\"0 0 1024 1024\">\u003Cpath d=\"M511.146667 956.586667c-244.906667 0-443.733333-198.826667-443.733334-445.44 0-246.613333 198.826667-445.44 443.733334-445.44s443.733333 198.826667 443.733333 445.44c0 246.613333-197.973333 445.44-443.733333 445.44z m0-855.04C345.6 101.546667 197.12 201.386667 133.12 354.133333c-62.293333 151.893333-28.16 328.533333 89.6 446.293334 116.053333 116.053333 292.693333 151.893333 446.293333 88.746666 153.6-64 252.586667-212.48 252.586667-378.026666-1.706667-226.133333-183.466667-409.6-410.453333-409.6z\" fill=\"#23C343\">\u003C/path>\u003Cpath d=\"M585.386667 515.413333c0 38.4-31.573333 68.266667-68.266667 68.266667-36.693333 0-68.266667-31.573333-68.266667-68.266667 0-36.693333 31.573333-68.266667 68.266667-68.266666 38.4-0.853333 69.973333 30.72 68.266667 68.266666z m-67.413334-44.373333c-17.92 0-33.28 11.093333-40.96 26.453333-6.826667 17.066667-3.413333 35.84 8.533334 49.493334 11.946667 11.946667 31.573333 17.066667 49.493333 10.24 17.066667-6.826667 28.16-23.893333 28.16-40.96 0-11.093333-4.266667-23.893333-13.653333-31.573334-8.533333-9.386667-19.626667-13.653333-31.573334-13.653333z\" fill=\"#23C343\">\u003C/path>\u003Cpath d=\"M810.666667 385.706667c-25.6-23.893333-40.96-31.573333-86.186667-46.08-35.84-11.946667-118.613333-13.653333-148.48 39.253333l-31.573333 54.613333c-4.266667 7.68-7.68 17.066667-8.533334 24.746667l50.346667 65.706667c25.6 3.413333 62.293333 4.266667 86.186667 18.773333 29.013333 18.773333 75.946667 68.266667 98.133333 81.92 36.693333 21.333333 73.386667-17.066667 86.186667-40.96 14.506667-27.306667 47.786667-122.026667-46.08-197.973333z\" fill=\"#23C343\">\u003C/path>\u003Cpath d=\"M576 576.853333c-3.413333-7.68-10.24-13.653333-17.066667-18.773333l-7.68 0.853333c8.533333-10.24 14.506667-23.893333 14.506667-39.253333 0-29.866667-21.333333-53.76-47.786667-53.76-17.066667 0-29.866667 8.533333-39.253333 22.186667l7.68-22.186667c-8.533333-23.893333-26.453333-56.32-25.6-83.626667 0.853333-33.28 21.333333-99.84 21.333333-126.293333 0-43.52-51.2-56.32-78.506666-53.76-31.573333 0.853333-128.853333 20.48-146.773334 139.093333-6.826667 33.28-6.826667 51.2 3.413334 97.28 6.826667 36.693333 51.2 111.786667 111.786666 111.786667l56.32-3.413333c8.533333 0 26.453333 0 34.986667-3.413334l10.24-29.866666c0 2.56-0.853333 4.266667-0.853333 6.826666 0 18.773333 8.533333 34.986667 21.333333 44.373334h-13.653333c-17.066667 20.48-39.253333 54.613333-61.44 65.706666-31.573333 17.066667-96.426667 32.426667-119.466667 46.08-36.693333 21.333333-21.333333 71.68-6.826667 94.72 17.066667 25.6 81.92 101.546667 193.706667 58.026667 33.28-11.093333 47.786667-21.333333 82.773333-51.2 28.16-23.893333 64-96.426667 40.106667-147.626667L576 576.853333z m-121.173333-66.56l2.56-7.68 3.413333-23.893333c3.413333 6.826667 5.973333 10.24 5.973333 10.24-1.706667 8.533333-5.12 15.36-11.946666 21.333333z m61.44 62.293334l-10.24 0.853333c0.853333-0.853333 3.413333-0.853333 4.266666-2.56 1.706667 1.706667 4.266667 1.706667 5.973334 1.706667z\" fill=\"#23C343\">\u003C/path>\u003C/symbol>\u003Csymbol id=\"icontemperature_green\" viewBox=\"0 0 1024 1024\">\u003Cpath d=\"M518.506667 64C561.813333 64 597.333333 100.309333 597.333333 144.576v475.648a170.666667 170.666667 0 1 1-170.666666 0V144.576C426.666667 100.309333 462.186667 64 505.493333 64h13.013334z\" fill=\"#C9CDD4\">\u003C/path>\u003Cpath d=\"M512 362.666667a42.666667 42.666667 0 0 1 42.666667 42.666666v288.789334a85.269333 85.269333 0 0 1 17.664 134.208A85.333333 85.333333 0 1 1 469.333333 694.144V405.333333a42.666667 42.666667 0 0 1 42.666667-42.666666z\" fill=\"#23C343\">\u003C/path>\u003C/symbol>\u003Csymbol id=\"iconfan_red\" viewBox=\"0 0 1024 1024\">\u003Cpath d=\"M506.88 965.973333c-249.173333 0-451.413333-202.24-451.413333-452.266666s202.24-452.266667 451.413333-452.266667 451.413333 202.24 451.413333 452.266667-201.386667 452.266667-451.413333 452.266666z m0-868.693333c-168.106667 0-319.146667 101.546667-384 256.853333C58.88 509.44 93.866667 688.64 213.333333 808.106667c118.613333 118.613333 297.813333 154.453333 453.973334 89.6s256.853333-215.893333 256.853333-384c-1.706667-229.546667-186.88-416.426667-417.28-416.426667z\" fill=\"#C53709\">\u003C/path>\u003Cpath d=\"M582.826667 517.973333c0 38.4-31.573333 69.12-69.12 69.12S443.733333 555.52 443.733333 517.973333s31.573333-69.12 69.12-69.12c39.253333-0.853333 70.826667 30.72 69.973334 69.12z m-69.12-45.226666c-17.92 0-34.133333 11.093333-41.813334 27.306666-6.826667 17.066667-3.413333 36.693333 9.386667 50.346667 12.8 12.8 31.573333 17.066667 50.346667 10.24 17.066667-6.826667 28.16-23.893333 28.16-41.813333 0-11.093333-4.266667-23.893333-13.653334-31.573334-8.533333-10.24-20.48-14.506667-32.426666-14.506666z\" fill=\"#C53709\">\u003C/path>\u003Cpath d=\"M811.52 386.56c-26.453333-23.893333-41.813333-31.573333-87.893333-46.933333-36.693333-12.8-120.32-13.653333-151.04 40.106666L541.013333 435.2c-4.266667 7.68-7.68 17.066667-9.386666 24.746667l51.2 67.413333c26.453333 3.413333 64 4.266667 87.893333 19.626667 29.866667 19.626667 77.653333 69.12 99.84 82.773333 37.546667 21.333333 75.093333-17.066667 87.893333-41.813333 14.506667-29.013333 48.64-124.586667-46.933333-201.386667z\" fill=\"#C53709\">\u003C/path>\u003Cpath d=\"M572.586667 580.266667c-3.413333-7.68-10.24-13.653333-17.066667-19.626667l-7.68 0.853333c9.386667-10.24 14.506667-23.893333 14.506667-40.106666 0-30.72-21.333333-54.613333-48.64-54.613334-17.066667 0-30.72 9.386667-40.106667 23.04l7.68-23.04c-9.386667-23.893333-27.306667-57.173333-26.453333-85.333333 0.853333-34.133333 21.333333-101.546667 21.333333-128.853333 0-44.373333-52.053333-57.173333-79.36-54.613334-31.573333 0.853333-130.56 20.48-149.333333 140.8-6.826667 34.133333-6.826667 52.053333 3.413333 98.986667 6.826667 37.546667 52.053333 113.493333 113.493333 113.493333l57.173334-3.413333c9.386667 0 27.306667 0 34.986666-3.413333l10.24-30.72c0 2.56-0.853333 4.266667-0.853333 6.826666 0 19.626667 9.386667 34.986667 21.333333 45.226667h-13.653333c-17.066667 20.48-40.106667 55.466667-62.293333 67.413333-31.573333 17.066667-98.133333 33.28-122.026667 46.933334-37.546667 21.333333-21.333333 72.533333-6.826667 96.426666 17.066667 26.453333 82.773333 103.253333 196.266667 58.88 34.133333-11.093333 48.64-21.333333 84.48-52.053333 28.16-23.893333 64.853333-98.133333 40.96-150.186667L572.586667 580.266667z m-122.88-67.413334l2.56-7.68 3.413333-23.893333c3.413333 6.826667 5.973333 10.24 5.973333 10.24-1.706667 8.533333-5.12 15.36-11.946666 21.333333z m62.293333 63.146667l-10.24 0.853333c0.853333-0.853333 3.413333-0.853333 4.266667-2.56 1.706667 1.706667 4.266667 1.706667 5.973333 1.706667z\" fill=\"#C53709\">\u003C/path>\u003C/symbol>\u003Csymbol id=\"iconpause-01\" viewBox=\"0 0 1024 1024\">\u003Cpath d=\"M513.706667 60.586667C267.093333 60.586667 65.706667 260.266667 65.706667 507.733333S267.093333 955.733333 512.853333 955.733333c246.613333 0 447.146667-200.533333 447.146667-447.146666S759.466667 60.586667 513.706667 60.586667zM480.426667 725.333333h-71.68V290.986667h71.68V725.333333z m137.386666 0H546.133333V290.986667h71.68V725.333333z\" fill=\"#C2C2C2\">\u003C/path>\u003C/symbol>\u003Csymbol id=\"iconPhotos-Expandl\" viewBox=\"0 0 1024 1024\">\u003Cpath d=\"M917.333333 768a21.333333 21.333333 0 0 1 21.333334 21.333333v42.666667a21.333333 21.333333 0 0 1-21.333334 21.333333h-810.666666a21.333333 21.333333 0 0 1-21.333334-21.333333v-42.666667a21.333333 21.333333 0 0 1 21.333334-21.333333h810.666666zM132.053333 377.6c4.608 0 9.130667 1.28 13.098667 3.669333l181.077333 109.184a25.386667 25.386667 0 0 1 0 43.434667l-181.077333 109.184a25.386667 25.386667 0 0 1-38.485333-21.76V402.986667c0-14.037333 11.349333-25.386667 25.386666-25.386667zM917.333333 469.333333a21.333333 21.333333 0 0 1 21.333334 21.333334v42.666666a21.333333 21.333333 0 0 1-21.333334 21.333334h-426.666666a21.333333 21.333333 0 0 1-21.333334-21.333334v-42.666666a21.333333 21.333333 0 0 1 21.333334-21.333334h426.666666z m0-298.666666a21.333333 21.333333 0 0 1 21.333334 21.333333v42.666667a21.333333 21.333333 0 0 1-21.333334 21.333333h-810.666666a21.333333 21.333333 0 0 1-21.333334-21.333333v-42.666667a21.333333 21.333333 0 0 1 21.333334-21.333333h810.666666z\" fill=\"#1D2129\">\u003C/path>\u003C/symbol>\u003Csymbol id=\"iconPhotos-Close\" viewBox=\"0 0 1024 1024\">\u003Cpath d=\"M917.333333 768a21.333333 21.333333 0 0 1 21.333334 21.333333v42.666667a21.333333 21.333333 0 0 1-21.333334 21.333333h-810.666666a21.333333 21.333333 0 0 1-21.333334-21.333333v-42.666667a21.333333 21.333333 0 0 1 21.333334-21.333333h810.666666zM294.613333 374.912a25.386667 25.386667 0 0 1 25.258667 22.784l0.128 2.602667v218.325333a25.386667 25.386667 0 0 1-36.053333 23.04l-2.432-1.28-181.077334-109.184a25.344 25.344 0 0 1-2.304-41.898667l2.304-1.578666 181.077334-109.141334a25.301333 25.301333 0 0 1 13.098666-3.626666zM917.333333 469.333333a21.333333 21.333333 0 0 1 21.333334 21.333334v42.666666a21.333333 21.333333 0 0 1-21.333334 21.333334h-426.666666a21.333333 21.333333 0 0 1-21.333334-21.333334v-42.666666a21.333333 21.333333 0 0 1 21.333334-21.333334h426.666666z m0-298.666666a21.333333 21.333333 0 0 1 21.333334 21.333333v42.666667a21.333333 21.333333 0 0 1-21.333334 21.333333h-810.666666a21.333333 21.333333 0 0 1-21.333334-21.333333v-42.666667a21.333333 21.333333 0 0 1 21.333334-21.333333h810.666666z\" fill=\"#1D2129\">\u003C/path>\u003C/symbol>\u003Csymbol id=\"iconactivated-01\" viewBox=\"0 0 1024 1024\">\u003Cpath d=\"M516.266667 60.586667C268.8 60.586667 68.266667 261.12 68.266667 508.586667s200.533333 448 448 448S964.266667 756.053333 964.266667 508.586667 763.733333 60.586667 516.266667 60.586667z m-33.28 653.653333c-63.146667-44.373333-123.733333-88.746667-187.733334-133.973333 12.8-17.066667 23.893333-34.133333 35.84-51.2 44.373333 32.426667 90.453333 64 134.826667 96.426666C539.306667 517.12 612.693333 409.6 686.08 302.08c17.066667 12.8 34.133333 23.893333 51.2 34.986667-83.626667 127.146667-168.106667 250.88-254.293333 377.173333z\" fill=\"#1EB300\">\u003C/path>\u003C/symbol>\u003Csymbol id=\"iconongoing-01\" viewBox=\"0 0 1024 1024\">\u003Cpath d=\"M517.12 59.733333C269.653333 59.733333 69.12 260.266667 69.12 507.733333S269.653333 955.733333 517.12 955.733333s448-200.533333 448-448S764.586667 59.733333 517.12 59.733333zM318.293333 557.226667c-27.306667 0-49.493333-22.186667-49.493333-49.493334s22.186667-49.493333 49.493333-49.493333 49.493333 22.186667 49.493334 49.493333-22.186667 49.493333-49.493334 49.493334z m198.826667 0c-27.306667 0-49.493333-22.186667-49.493333-49.493334s22.186667-49.493333 49.493333-49.493333 49.493333 22.186667 49.493333 49.493333-22.186667 49.493333-49.493333 49.493334z m198.826667 0c-27.306667 0-49.493333-22.186667-49.493334-49.493334s22.186667-49.493333 49.493334-49.493333 49.493333 22.186667 49.493333 49.493333-22.186667 49.493333-49.493333 49.493334z\" fill=\"#0086E6\">\u003C/path>\u003C/symbol>\u003Csymbol id=\"iconfail-01\" viewBox=\"0 0 1024 1024\">\u003Cpath d=\"M510.293333 61.44c-247.466667 0-448 200.533333-448 448s200.533333 448 448 448 448-200.533333 448-448S757.76 61.44 510.293333 61.44z m14.506667 208.213333c19.626667 6.826667 33.28 27.306667 33.28 45.226667-5.12 77.653333-10.24 148.48-15.36 220.16l-3.413333 49.493333c-0.853333 17.92-13.653333 29.866667-29.866667 29.013334-15.36 0-27.306667-12.8-29.013333-29.013334-5.973333-85.333333-12.8-169.813333-18.773334-256.853333-2.56-40.106667 27.306667-68.266667 63.146667-58.026667z m-14.506667 482.133334c-27.306667 0-49.493333-22.186667-49.493333-49.493334s22.186667-49.493333 49.493333-49.493333 49.493333 22.186667 49.493334 49.493333-22.186667 49.493333-49.493334 49.493334z\" fill=\"#C53709\">\u003C/path>\u003C/symbol>\u003Csymbol id=\"iconNot_Enabled-01\" viewBox=\"0 0 1024 1024\">\u003Cpath d=\"M514.56 59.733333C267.093333 59.733333 66.56 260.266667 66.56 507.733333S267.093333 955.733333 514.56 955.733333s448-200.533333 448-448S762.026667 59.733333 514.56 59.733333zM296.96 546.986667v-76.8l434.346667-0.853334v76.8l-434.346667 0.853334z\" fill=\"#333333\">\u003C/path>\u003C/symbol>\u003Csymbol id=\"iconwarning-01\" viewBox=\"0 0 1024 1024\">\u003Cpath d=\"M511.146667 58.88c-247.466667 0-448 200.533333-448 448s200.533333 448 448 448 448-200.533333 448-448S758.613333 58.88 511.146667 58.88z m-38.4 230.4c0-21.333333 17.066667-38.4 38.4-38.4s38.4 17.066667 38.4 38.4v293.546667c0 21.333333-17.92 38.4-38.4 38.4-21.333333 0-38.4-17.066667-38.4-38.4V289.28z m38.4 472.746667c-27.306667 0-49.493333-22.186667-49.493334-49.493334s22.186667-49.493333 49.493334-49.493333 49.493333 22.186667 49.493333 49.493333-22.186667 49.493333-49.493333 49.493334z\" fill=\"#F8AA01\">\u003C/path>\u003C/symbol>\u003Csymbol id=\"iconcheck_the_details1\" viewBox=\"0 0 1024 1024\">\u003Cpath d=\"M785.493333 85.333333a38.613333 38.613333 0 0 1 38.698667 38.826667v349.013333h-77.397333V162.944H205.397333v698.197333h232.064V938.666667H166.656A38.613333 38.613333 0 0 1 128 899.84V124.16A38.826667 38.826667 0 0 1 166.656 85.333333H785.493333z m-96.682666 484.864a154.368 154.368 0 0 1 132.010666 74.154667 155.477333 155.477333 0 0 1 5.76 151.594667l63.744 63.957333a19.413333 19.413333 0 0 1 0 27.392l-32.810666 32.938667a19.328 19.328 0 0 1-27.306667 0l-61.738667-61.866667a154.410667 154.410667 0 0 1-194.816-29.482667 155.306667 155.306667 0 0 1-36.693333-132.821333 155.392 155.392 0 0 1 83.157333-109.738667 154.410667 154.410667 0 0 1 68.693334-16.128z m0 77.568c-20.48 0-40.192 8.149333-54.698667 22.698667a77.653333 77.653333 0 0 0 54.698667 132.437333c20.48 0 40.192-8.149333 54.698666-22.698666a77.653333 77.653333 0 0 0-54.698666-132.437334z m-193.365334-174.549333a19.328 19.328 0 0 1 19.328 19.413333v38.784a19.413333 19.413333 0 0 1-19.328 19.370667H302.037333a19.328 19.328 0 0 1-19.328-19.413333v-38.784a19.413333 19.413333 0 0 1 19.328-19.370667h193.408z m154.709334-155.136a19.328 19.328 0 0 1 19.328 19.370667v38.826666a19.413333 19.413333 0 0 1-19.328 19.370667H302.037333a19.328 19.328 0 0 1-19.328-19.413333V337.493333a19.413333 19.413333 0 0 1 19.328-19.370666h348.117334z\" fill=\"#1D2129\">\u003C/path>\u003C/symbol>\u003Csymbol id=\"iconresize_corner\" viewBox=\"0 0 1024 1024\">\u003Cpath d=\"M138.24 1006.933333L1006.933333 145.92V37.546667L29.013333 1006.933333zM553.813333 1006.933333L1006.933333 553.813333V445.44L444.586667 1006.933333z\" fill=\"#333333\">\u003C/path>\u003C/symbol>\u003Csymbol id=\"iconmore_help_blue\" viewBox=\"0 0 1024 1024\">\u003Cpath d=\"M512 85.333333c235.648 0 426.666667 191.018667 426.666667 426.666667s-191.018667 426.666667-426.666667 426.666667S85.333333 747.648 85.333333 512 276.352 85.333333 512 85.333333z m0 77.568a349.098667 349.098667 0 1 0 0 698.197334 349.098667 349.098667 0 0 0 0-698.197334z m19.370667 504.234667a19.413333 19.413333 0 0 1 19.413333 19.413333V725.333333a19.413333 19.413333 0 0 1-19.413333 19.370667h-38.784a19.370667 19.370667 0 0 1-19.370667-19.370667v-38.826666a19.413333 19.413333 0 0 1 19.413333-19.370667h38.784z m-24.874667-387.84c46.08 0 84.394667 11.136 114.901333 33.450667 30.506667 22.4 45.738667 55.466667 45.738667 99.285333 0 26.88-6.613333 49.493333-19.882667 67.925333-7.765333 11.136-22.613333 25.386667-44.672 42.794667l-21.717333 17.066667c-11.818667 9.301333-19.712 20.181333-23.594667 32.554666-1.024 3.413333-1.962667 9.685333-2.773333 18.901334a19.413333 19.413333 0 0 1-19.285333 17.706666h-43.477334a19.413333 19.413333 0 0 1-19.370666-19.413333v-0.853333l0.085333-0.938667c2.517333-26.965333 5.162667-44.074667 8.021333-51.2 5.333333-13.354667 18.986667-28.714667 41.002667-46.08l22.357333-17.706667c7.338667-5.546667 45.184-32.213333 45.184-55.808s-4.096-32.298667-15.957333-45.226666c-11.818667-12.928-38.528-17.109333-62.592-17.109334-23.68 0-43.904 6.272-53.76 22.186667a112.341333 112.341333 0 0 0-11.050667 23.296c-1.28 3.84-2.176 7.850667-2.816 11.904a19.370667 19.370667 0 0 1-19.114666 16.085333H378.026667a19.370667 19.370667 0 0 1-19.413334-19.370666v-1.066667l0.128-1.109333c0.469333-4.352 0.981333-7.978667 1.536-10.837334 7.552-42.112 26.666667-73.045333 57.429334-92.885333 24.064-15.701333 53.674667-23.594667 88.746666-23.594667z\" fill=\"#3491FA\">\u003C/path>\u003C/symbol>\u003Csymbol id=\"iconInstruction\" viewBox=\"0 0 1024 1024\">\u003Cpath d=\"M899.84 128c10.325333 0 20.181333 4.053333 27.477333 11.264 7.253333 7.168 11.349333 16.938667 11.349334 27.136v691.2a38.186667 38.186667 0 0 1-11.349334 27.136 38.997333 38.997333 0 0 1-27.434666 11.264H124.117333a38.997333 38.997333 0 0 1-27.434666-11.264A38.186667 38.186667 0 0 1 85.333333 857.6V166.4c0-10.197333 4.096-19.968 11.349334-27.136A38.997333 38.997333 0 0 1 124.16 128h775.765333z m-38.741333 76.8H162.901333v614.4h698.197334V204.8z m-336.213334 96.213333l34.432 3.754667a19.498667 19.498667 0 0 1 16.512 13.738667 19.029333 19.029333 0 0 1 0.64 7.466666l-0.085333 0.512-49.834667 360.832a19.157333 19.157333 0 0 1-7.253333 12.544 19.541333 19.541333 0 0 1-14.08 3.925334l-34.432-3.797334a19.541333 19.541333 0 0 1-16.554667-14.08 19.029333 19.029333 0 0 1-0.512-7.594666l49.834667-360.832a19.541333 19.541333 0 0 1 21.333333-16.512zM378.026667 395.989333l24.32 22.357334a19.2 19.2 0 0 1 4.821333 21.077333 19.2 19.2 0 0 1-4.138667 6.4l-66.944 67.754667 66.944 67.712a19.114667 19.114667 0 0 1-0.341333 27.178666l-0.341333 0.341334-24.32 22.357333a19.541333 19.541333 0 0 1-26.965334-0.554667l-103.893333-103.509333a19.114667 19.114667 0 0 1 0-27.093333l103.893333-103.466667a19.498667 19.498667 0 0 1 26.965334-0.554667z m294.997333 0.554667l103.893333 103.466667a19.114667 19.114667 0 0 1 0 27.093333l-103.893333 103.509333a19.498667 19.498667 0 0 1-26.965333 0.554667l-24.32-22.357333a19.2 19.2 0 0 1-0.64-27.52l66.901333-67.712-66.901333-67.754667a19.157333 19.157333 0 0 1 0.64-27.477333l24.32-22.357334a19.498667 19.498667 0 0 1 26.965333 0.554667z\" fill=\"#1D2129\">\u003C/path>\u003C/symbol>\u003Csymbol id=\"iconCombination_of_characters\" viewBox=\"0 0 1024 1024\">\u003Cpath d=\"M320 277.333333a128.042667 128.042667 0 0 1 256 0 128.042667 128.042667 0 0 1-256 0z m128-213.333333a213.333333 213.333333 0 1 0 0.085333 426.752A213.333333 213.333333 0 0 0 448 64zM176 768c18.986667-73.6 85.76-128 165.333333-128h171.733334a21.333333 21.333333 0 0 0 21.333333-21.333333v-42.666667a21.333333 21.333333 0 0 0-21.333333-21.333333H341.333333a256 256 0 0 0-256 256v85.333333c0 23.552 19.2 42.666667 42.666667 42.666667h385.066667a21.333333 21.333333 0 0 0 21.333333-21.333334v-42.666666a21.333333 21.333333 0 0 0-21.333333-21.333334H170.666667v-42.666666c0-14.762667 1.92-29.013333 5.333333-42.666667zM789.333333 597.333333h-42.666666a21.333333 21.333333 0 0 0-21.333334 21.333334V725.333333h-106.666666a21.333333 21.333333 0 0 0-21.333334 21.333334v42.666666a21.333333 21.333333 0 0 0 21.333334 21.333334H725.333333v106.666666a21.333333 21.333333 0 0 0 21.333334 21.333334h42.666666a21.333333 21.333333 0 0 0 21.333334-21.333334V810.666667h106.666666a21.333333 21.333333 0 0 0 21.333334-21.333334v-42.666666a21.333333 21.333333 0 0 0-21.333334-21.333334H810.666667v-106.666666a21.333333 21.333333 0 0 0-21.333334-21.333334z\" fill=\"#1D2129\">\u003C/path>\u003C/symbol>\u003Csymbol id=\"iconPrevious2\" viewBox=\"0 0 1024 1024\">\u003Cpath d=\"M36.693333 190.293333h153.6v651.946667h-153.6zM517.973333 536.746667l432.64 319.146666c17.066667 12.8 40.96 0 40.96-20.48V197.12c0-21.333333-23.893333-33.28-40.96-20.48L517.973333 495.786667c-14.506667 10.24-14.506667 30.72 0 40.96z\" fill=\"#6B7580\">\u003C/path>\u003Cpath d=\"M572.586667 142.506667L189.44 425.813333V605.866667l383.146667 283.306666c17.066667 12.8 41.813333 0 41.813333-21.333333V163.84c0-21.333333-23.893333-33.28-41.813333-21.333333z\" fill=\"#6B7580\">\u003C/path>\u003C/symbol>\u003Csymbol id=\"iconForward2\" viewBox=\"0 0 1024 1024\">\u003Cpath d=\"M56.32 536.746667l477.013333 352.426666c17.066667 12.8 41.813333 0 41.813334-21.333333V163.84c0-21.333333-23.893333-33.28-41.813334-21.333333L56.32 494.933333c-14.506667 11.093333-14.506667 31.573333 0 41.813334z\" fill=\"#6B7580\">\u003C/path>\u003Cpath d=\"M478.72 536.746667l432.64 319.146666c17.066667 12.8 40.96 0 40.96-20.48V197.12c0-21.333333-23.893333-33.28-40.96-20.48L478.72 495.786667c-14.506667 10.24-14.506667 30.72 0 40.96z\" fill=\"#6B7580\">\u003C/path>\u003C/symbol>\u003Csymbol id=\"iconPause2\" viewBox=\"0 0 1024 1024\">\u003Cpath d=\"M284.16 190.293333h153.6v651.946667h-153.6zM574.293333 190.293333h153.6v651.946667h-153.6z\" fill=\"#6B7580\">\u003C/path>\u003C/symbol>\u003Csymbol id=\"iconNext2\" viewBox=\"0 0 1024 1024\">\u003Cpath d=\"M837.12 190.293333h153.6v651.946667h-153.6z\" fill=\"#6B7580\">\u003C/path>\u003Cpath d=\"M932.693333 536.746667l-477.013333 352.426666c-17.066667 12.8-41.813333 0-41.813333-21.333333V163.84c0-21.333333 23.893333-33.28 41.813333-21.333333L932.693333 494.933333c13.653333 11.093333 13.653333 31.573333 0 41.813334z\" fill=\"#6B7580\">\u003C/path>\u003Cpath d=\"M510.293333 536.746667L77.653333 855.893333c-17.066667 12.8-40.96 0-40.96-20.48V197.12c0-21.333333 23.893333-33.28 40.96-20.48l432.64 319.146667a25.6 25.6 0 0 1 0 40.96z\" fill=\"#6B7580\">\u003C/path>\u003C/symbol>\u003Csymbol id=\"iconReverse2\" viewBox=\"0 0 1024 1024\">\u003Cpath d=\"M966.826667 536.746667l-477.013334 352.426666c-17.066667 12.8-41.813333 0-41.813333-21.333333V163.84c0-21.333333 23.893333-33.28 41.813333-21.333333L966.826667 494.933333c13.653333 11.093333 13.653333 31.573333 0 41.813334z\" fill=\"#6B7580\">\u003C/path>\u003Cpath d=\"M544.426667 536.746667l-432.64 319.146666c-17.066667 12.8-40.96 0-40.96-20.48V197.12c0-21.333333 23.893333-33.28 40.96-20.48l432.64 319.146667a25.6 25.6 0 0 1 0 40.96z\" fill=\"#6B7580\">\u003C/path>\u003C/symbol>\u003Csymbol id=\"iconPlay2\" viewBox=\"0 0 1024 1024\">\u003Cpath d=\"M229.546667 532.48l477.013333 352.426667c17.066667 12.8 41.813333 0 41.813333-21.333334V159.573333c0-21.333333-23.893333-33.28-41.813333-21.333333L229.546667 490.666667c-13.653333 10.24-13.653333 31.573333 0 41.813333z\" fill=\"#6B7580\">\u003C/path>\u003C/symbol>\u003Csymbol id=\"iconicon_wifi4_enabled\" viewBox=\"0 0 1024 1024\">\u003Cpath d=\"M514.497561 510.75122m-485.77561 0a485.77561 485.77561 0 1 0 971.55122 0 485.77561 485.77561 0 1 0-971.55122 0Z\" fill=\"#FFFFFF\">\u003C/path>\u003Cpath d=\"M516.995122 821.697561c-4.995122 0-14.985366-8.741463-32.468293-24.97561-17.482927-17.482927-24.97561-28.721951-24.975609-32.468292 0-7.492683 7.492683-13.736585 22.478048-18.731708 14.985366-4.995122 26.22439-7.492683 36.214634-7.492683s22.478049 2.497561 36.214635 7.492683 22.478049 12.487805 22.478048 18.731708c0 4.995122-8.741463 14.985366-24.975609 32.468292-18.731707 16.234146-29.970732 24.97561-34.965854 24.97561zM608.156098 715.55122c-1.24878 0-4.995122-2.497561-13.736586-8.741464-8.741463-4.995122-21.229268-12.487805-36.214634-17.482927-14.985366-4.995122-29.970732-8.741463-44.956098-8.741463-14.985366 0-29.970732 2.497561-44.956097 8.741463-14.985366 4.995122-26.22439 12.487805-36.214634 17.482927-8.741463 4.995122-13.736585 8.741463-14.985366 8.741464-4.995122 0-14.985366-8.741463-32.468293-26.224391-17.482927-17.482927-26.22439-28.721951-26.22439-32.468292 0-2.497561 1.24878-4.995122 3.746341-8.741464 18.731707-18.731707 41.209756-32.468293 68.682927-42.458536 27.473171-9.990244 54.946341-14.985366 82.419512-14.985366 27.473171 0 53.697561 4.995122 82.419513 14.985366 27.473171 9.990244 49.95122 24.97561 68.682927 42.458536 2.497561 2.497561 3.746341 4.995122 3.746341 8.741464 0 4.995122-8.741463 14.985366-26.22439 32.468292-18.731707 16.234146-29.970732 26.22439-33.717073 26.224391z\" fill=\"#0567FF\">\u003C/path>\u003Cpath d=\"M708.058537 596.917073c-2.497561 0-4.995122-1.24878-8.741464-2.497561-32.468293-24.97561-61.190244-42.458537-88.663414-54.946341-27.473171-12.487805-58.692683-17.482927-93.658537-17.482927-19.980488 0-39.960976 2.497561-59.941463 7.492683-19.980488 4.995122-37.463415 11.239024-52.448781 18.731707s-28.721951 14.985366-39.960976 22.478049-19.980488 12.487805-27.47317 16.234146c-6.243902 4.995122-9.990244 7.492683-11.239025 7.492683-3.746341 0-14.985366-8.741463-32.468292-26.22439-17.482927-17.482927-26.22439-28.721951-26.224391-32.468293 0-2.497561 1.24878-4.995122 3.746342-7.492683 31.219512-31.219512 68.682927-54.946341 112.390244-72.429268 43.707317-17.482927 88.663415-24.97561 133.619512-24.97561s89.912195 8.741463 133.619512 24.97561c43.707317 17.482927 81.170732 41.209756 112.390244 72.429268 2.497561 2.497561 3.746341 4.995122 3.746342 7.492683 0 4.995122-8.741463 14.985366-26.224391 32.468293-17.482927 18.731707-28.721951 28.721951-32.468292 28.721951z\" fill=\"#0567FF\">\u003C/path>\u003Cpath d=\"M799.219512 478.282927c-2.497561 0-4.995122-1.24878-7.492683-2.497561-42.458537-36.214634-86.165854-64.936585-131.121951-83.668293-44.956098-18.731707-93.658537-28.721951-147.356098-28.721951s-103.64878 8.741463-147.356097 28.721951c-44.956098 18.731707-88.663415 46.204878-131.121951 83.668293-2.497561 1.24878-4.995122 2.497561-7.492683 2.497561-3.746341 0-14.985366-8.741463-32.468293-26.22439-18.731707-17.482927-26.22439-28.721951-26.22439-32.468293 0-2.497561 1.24878-4.995122 3.746341-8.741464 42.458537-43.707317 94.907317-77.42439 156.097561-101.151219S449.560976 274.731707 513.24878 274.731707s124.878049 12.487805 184.819513 36.214634c59.941463 23.726829 112.390244 57.443902 156.097561 101.15122 2.497561 2.497561 3.746341 4.995122 3.746341 8.741463 0 4.995122-8.741463 14.985366-26.22439 32.468293-18.731707 16.234146-28.721951 24.97561-32.468293 24.97561z\" fill=\"#0567FF\">\u003C/path>\u003C/symbol>\u003Csymbol id=\"iconicon_wifi0_enabled\" viewBox=\"0 0 1024 1024\">\u003Cpath d=\"M514.497561 510.75122m-485.77561 0a485.77561 485.77561 0 1 0 971.55122 0 485.77561 485.77561 0 1 0-971.55122 0Z\" fill=\"#FFFFFF\">\u003C/path>\u003Cpath d=\"M516.995122 821.697561c-4.995122 0-14.985366-8.741463-32.468293-24.97561-17.482927-17.482927-24.97561-28.721951-24.975609-32.468292 0-7.492683 7.492683-13.736585 22.478048-18.731708 14.985366-4.995122 26.22439-7.492683 36.214634-7.492683s22.478049 2.497561 36.214635 7.492683 22.478049 12.487805 22.478048 18.731708c0 4.995122-8.741463 14.985366-24.975609 32.468292-18.731707 16.234146-29.970732 24.97561-34.965854 24.97561z\" fill=\"#0567FF\">\u003C/path>\u003Cpath d=\"M608.156098 715.55122c-1.24878 0-4.995122-2.497561-13.736586-8.741464-8.741463-4.995122-21.229268-12.487805-36.214634-17.482927-14.985366-4.995122-29.970732-8.741463-44.956098-8.741463-14.985366 0-29.970732 2.497561-44.956097 8.741463-14.985366 4.995122-26.22439 12.487805-36.214634 17.482927-8.741463 4.995122-13.736585 8.741463-14.985366 8.741464-4.995122 0-14.985366-8.741463-32.468293-26.224391-17.482927-17.482927-26.22439-28.721951-26.22439-32.468292 0-2.497561 1.24878-4.995122 3.746341-8.741464 18.731707-18.731707 41.209756-32.468293 68.682927-42.458536 27.473171-9.990244 54.946341-14.985366 82.419512-14.985366 27.473171 0 53.697561 4.995122 82.419513 14.985366 27.473171 9.990244 49.95122 24.97561 68.682927 42.458536 2.497561 2.497561 3.746341 4.995122 3.746341 8.741464 0 4.995122-8.741463 14.985366-26.22439 32.468292-18.731707 16.234146-29.970732 26.22439-33.717073 26.224391z\" fill=\"#CCCCCC\">\u003C/path>\u003Cpath d=\"M708.058537 596.917073c-2.497561 0-4.995122-1.24878-8.741464-2.497561-32.468293-24.97561-61.190244-42.458537-88.663414-54.946341-27.473171-12.487805-58.692683-17.482927-93.658537-17.482927-19.980488 0-39.960976 2.497561-59.941463 7.492683-19.980488 4.995122-37.463415 11.239024-52.448781 18.731707s-28.721951 14.985366-39.960976 22.478049-19.980488 12.487805-27.47317 16.234146c-6.243902 4.995122-9.990244 7.492683-11.239025 7.492683-3.746341 0-14.985366-8.741463-32.468292-26.22439-17.482927-17.482927-26.22439-28.721951-26.224391-32.468293 0-2.497561 1.24878-4.995122 3.746342-7.492683 31.219512-31.219512 68.682927-54.946341 112.390244-72.429268 43.707317-17.482927 88.663415-24.97561 133.619512-24.97561s89.912195 8.741463 133.619512 24.97561c43.707317 17.482927 81.170732 41.209756 112.390244 72.429268 2.497561 2.497561 3.746341 4.995122 3.746342 7.492683 0 4.995122-8.741463 14.985366-26.224391 32.468293-17.482927 18.731707-28.721951 28.721951-32.468292 28.721951z\" fill=\"#CCCCCC\">\u003C/path>\u003Cpath d=\"M799.219512 478.282927c-2.497561 0-4.995122-1.24878-7.492683-2.497561-42.458537-36.214634-86.165854-64.936585-131.121951-83.668293-44.956098-18.731707-93.658537-28.721951-147.356098-28.721951s-103.64878 8.741463-147.356097 28.721951c-44.956098 18.731707-88.663415 46.204878-131.121951 83.668293-2.497561 1.24878-4.995122 2.497561-7.492683 2.497561-3.746341 0-14.985366-8.741463-32.468293-26.22439-18.731707-17.482927-26.22439-28.721951-26.22439-32.468293 0-2.497561 1.24878-4.995122 3.746341-8.741464 42.458537-43.707317 94.907317-77.42439 156.097561-101.151219S449.560976 274.731707 513.24878 274.731707s124.878049 12.487805 184.819513 36.214634c59.941463 23.726829 112.390244 57.443902 156.097561 101.15122 2.497561 2.497561 3.746341 4.995122 3.746341 8.741463 0 4.995122-8.741463 14.985366-26.22439 32.468293-18.731707 16.234146-28.721951 24.97561-32.468293 24.97561z\" fill=\"#CCCCCC\">\u003C/path>\u003C/symbol>\u003Csymbol id=\"iconicon_wifi2_enabled\" viewBox=\"0 0 1024 1024\">\u003Cpath d=\"M514.497561 510.75122m-485.77561 0a485.77561 485.77561 0 1 0 971.55122 0 485.77561 485.77561 0 1 0-971.55122 0Z\" fill=\"#FFFFFF\">\u003C/path>\u003Cpath d=\"M516.995122 821.697561c-4.995122 0-14.985366-8.741463-32.468293-24.97561-17.482927-17.482927-24.97561-28.721951-24.975609-32.468292 0-7.492683 7.492683-13.736585 22.478048-18.731708 14.985366-4.995122 26.22439-7.492683 36.214634-7.492683s22.478049 2.497561 36.214635 7.492683 22.478049 12.487805 22.478048 18.731708c0 4.995122-8.741463 14.985366-24.975609 32.468292-18.731707 16.234146-29.970732 24.97561-34.965854 24.97561zM608.156098 715.55122c-1.24878 0-4.995122-2.497561-13.736586-8.741464-8.741463-4.995122-21.229268-12.487805-36.214634-17.482927-14.985366-4.995122-29.970732-8.741463-44.956098-8.741463-14.985366 0-29.970732 2.497561-44.956097 8.741463-14.985366 4.995122-26.22439 12.487805-36.214634 17.482927-8.741463 4.995122-13.736585 8.741463-14.985366 8.741464-4.995122 0-14.985366-8.741463-32.468293-26.224391-17.482927-17.482927-26.22439-28.721951-26.22439-32.468292 0-2.497561 1.24878-4.995122 3.746341-8.741464 18.731707-18.731707 41.209756-32.468293 68.682927-42.458536 27.473171-9.990244 54.946341-14.985366 82.419512-14.985366 27.473171 0 53.697561 4.995122 82.419513 14.985366 27.473171 9.990244 49.95122 24.97561 68.682927 42.458536 2.497561 2.497561 3.746341 4.995122 3.746341 8.741464 0 4.995122-8.741463 14.985366-26.22439 32.468292-18.731707 16.234146-29.970732 26.22439-33.717073 26.224391z\" fill=\"#0567FF\">\u003C/path>\u003Cpath d=\"M708.058537 596.917073c-2.497561 0-4.995122-1.24878-8.741464-2.497561-32.468293-24.97561-61.190244-42.458537-88.663414-54.946341-27.473171-12.487805-58.692683-17.482927-93.658537-17.482927-19.980488 0-39.960976 2.497561-59.941463 7.492683-19.980488 4.995122-37.463415 11.239024-52.448781 18.731707s-28.721951 14.985366-39.960976 22.478049-19.980488 12.487805-27.47317 16.234146c-6.243902 4.995122-9.990244 7.492683-11.239025 7.492683-3.746341 0-14.985366-8.741463-32.468292-26.22439-17.482927-17.482927-26.22439-28.721951-26.224391-32.468293 0-2.497561 1.24878-4.995122 3.746342-7.492683 31.219512-31.219512 68.682927-54.946341 112.390244-72.429268 43.707317-17.482927 88.663415-24.97561 133.619512-24.97561s89.912195 8.741463 133.619512 24.97561c43.707317 17.482927 81.170732 41.209756 112.390244 72.429268 2.497561 2.497561 3.746341 4.995122 3.746342 7.492683 0 4.995122-8.741463 14.985366-26.224391 32.468293-17.482927 18.731707-28.721951 28.721951-32.468292 28.721951z\" fill=\"#0567FF\">\u003C/path>\u003Cpath d=\"M799.219512 478.282927c-2.497561 0-4.995122-1.24878-7.492683-2.497561-42.458537-36.214634-86.165854-64.936585-131.121951-83.668293-44.956098-18.731707-93.658537-28.721951-147.356098-28.721951s-103.64878 8.741463-147.356097 28.721951c-44.956098 18.731707-88.663415 46.204878-131.121951 83.668293-2.497561 1.24878-4.995122 2.497561-7.492683 2.497561-3.746341 0-14.985366-8.741463-32.468293-26.22439-18.731707-17.482927-26.22439-28.721951-26.22439-32.468293 0-2.497561 1.24878-4.995122 3.746341-8.741464 42.458537-43.707317 94.907317-77.42439 156.097561-101.151219S449.560976 274.731707 513.24878 274.731707s124.878049 12.487805 184.819513 36.214634c59.941463 23.726829 112.390244 57.443902 156.097561 101.15122 2.497561 2.497561 3.746341 4.995122 3.746341 8.741463 0 4.995122-8.741463 14.985366-26.22439 32.468293-18.731707 16.234146-28.721951 24.97561-32.468293 24.97561z\" fill=\"#CCCCCC\">\u003C/path>\u003C/symbol>\u003Csymbol id=\"iconicon_wifi1_enabled\" viewBox=\"0 0 1024 1024\">\u003Cpath d=\"M514.497561 510.75122m-485.77561 0a485.77561 485.77561 0 1 0 971.55122 0 485.77561 485.77561 0 1 0-971.55122 0Z\" fill=\"#FFFFFF\">\u003C/path>\u003Cpath d=\"M516.995122 821.697561c-4.995122 0-14.985366-8.741463-32.468293-24.97561-17.482927-17.482927-24.97561-28.721951-24.975609-32.468292 0-7.492683 7.492683-13.736585 22.478048-18.731708 14.985366-4.995122 26.22439-7.492683 36.214634-7.492683s22.478049 2.497561 36.214635 7.492683 22.478049 12.487805 22.478048 18.731708c0 4.995122-8.741463 14.985366-24.975609 32.468292-18.731707 16.234146-29.970732 24.97561-34.965854 24.97561zM608.156098 715.55122c-1.24878 0-4.995122-2.497561-13.736586-8.741464-8.741463-4.995122-21.229268-12.487805-36.214634-17.482927-14.985366-4.995122-29.970732-8.741463-44.956098-8.741463-14.985366 0-29.970732 2.497561-44.956097 8.741463-14.985366 4.995122-26.22439 12.487805-36.214634 17.482927-8.741463 4.995122-13.736585 8.741463-14.985366 8.741464-4.995122 0-14.985366-8.741463-32.468293-26.224391-17.482927-17.482927-26.22439-28.721951-26.22439-32.468292 0-2.497561 1.24878-4.995122 3.746341-8.741464 18.731707-18.731707 41.209756-32.468293 68.682927-42.458536 27.473171-9.990244 54.946341-14.985366 82.419512-14.985366 27.473171 0 53.697561 4.995122 82.419513 14.985366 27.473171 9.990244 49.95122 24.97561 68.682927 42.458536 2.497561 2.497561 3.746341 4.995122 3.746341 8.741464 0 4.995122-8.741463 14.985366-26.22439 32.468292-18.731707 16.234146-29.970732 26.22439-33.717073 26.224391z\" fill=\"#0567FF\">\u003C/path>\u003Cpath d=\"M708.058537 596.917073c-2.497561 0-4.995122-1.24878-8.741464-2.497561-32.468293-24.97561-61.190244-42.458537-88.663414-54.946341-27.473171-12.487805-58.692683-17.482927-93.658537-17.482927-19.980488 0-39.960976 2.497561-59.941463 7.492683-19.980488 4.995122-37.463415 11.239024-52.448781 18.731707s-28.721951 14.985366-39.960976 22.478049-19.980488 12.487805-27.47317 16.234146c-6.243902 4.995122-9.990244 7.492683-11.239025 7.492683-3.746341 0-14.985366-8.741463-32.468292-26.22439-17.482927-17.482927-26.22439-28.721951-26.224391-32.468293 0-2.497561 1.24878-4.995122 3.746342-7.492683 31.219512-31.219512 68.682927-54.946341 112.390244-72.429268 43.707317-17.482927 88.663415-24.97561 133.619512-24.97561s89.912195 8.741463 133.619512 24.97561c43.707317 17.482927 81.170732 41.209756 112.390244 72.429268 2.497561 2.497561 3.746341 4.995122 3.746342 7.492683 0 4.995122-8.741463 14.985366-26.224391 32.468293-17.482927 18.731707-28.721951 28.721951-32.468292 28.721951z\" fill=\"#CCCCCC\">\u003C/path>\u003Cpath d=\"M799.219512 478.282927c-2.497561 0-4.995122-1.24878-7.492683-2.497561-42.458537-36.214634-86.165854-64.936585-131.121951-83.668293-44.956098-18.731707-93.658537-28.721951-147.356098-28.721951s-103.64878 8.741463-147.356097 28.721951c-44.956098 18.731707-88.663415 46.204878-131.121951 83.668293-2.497561 1.24878-4.995122 2.497561-7.492683 2.497561-3.746341 0-14.985366-8.741463-32.468293-26.22439-18.731707-17.482927-26.22439-28.721951-26.22439-32.468293 0-2.497561 1.24878-4.995122 3.746341-8.741464 42.458537-43.707317 94.907317-77.42439 156.097561-101.151219S449.560976 274.731707 513.24878 274.731707s124.878049 12.487805 184.819513 36.214634c59.941463 23.726829 112.390244 57.443902 156.097561 101.15122 2.497561 2.497561 3.746341 4.995122 3.746341 8.741463 0 4.995122-8.741463 14.985366-26.22439 32.468293-18.731707 16.234146-28.721951 24.97561-32.468293 24.97561z\" fill=\"#CCCCCC\">\u003C/path>\u003C/symbol>\u003Csymbol id=\"iconBig_ico\" viewBox=\"0 0 1024 1024\">\u003Cpath d=\"M861.098667 128H162.901333a32.042667 32.042667 0 0 0-24.661333 12.501333C131.669333 148.48 128 159.36 128 170.666667v682.666666c0 11.306667 3.669333 22.186667 10.24 30.165334a32.042667 32.042667 0 0 0 24.661333 12.501333h698.197334a32.042667 32.042667 0 0 0 24.661333-12.501333c6.570667-7.978667 10.24-18.858667 10.24-30.165334V170.666667c0-11.306667-3.669333-22.186667-10.24-30.165334A32.042667 32.042667 0 0 0 861.098667 128zM197.802667 810.666667V213.333333h628.394666v597.333334H197.802667z\" fill=\"#1D2129\">\u003C/path>\u003C/symbol>\u003Csymbol id=\"iconmore_help-2\" viewBox=\"0 0 1024 1024\">\u003Cpath d=\"M512 85.333333C276.352 85.333333 85.333333 276.352 85.333333 512s191.018667 426.666667 426.666667 426.666667 426.666667-191.018667 426.666667-426.666667S747.733333 85.333333 512 85.333333z m-13.653333 684.544c-27.264 0-49.493333-22.613333-49.493334-50.432a49.92 49.92 0 0 1 49.493334-50.432c27.306667 0 49.493333 22.528 49.493333 50.432 0 27.904-22.186667 50.432-49.493333 50.432z m138.154666-316.757333a137.557333 137.557333 0 0 1-24.405333 33.706667c-9.386667 9.472-26.24 25.386667-50.602667 47.701333a207.829333 207.829333 0 0 0-16.128 16.64 74.069333 74.069333 0 0 0-9.088 13.098667 60.501333 60.501333 0 0 0-4.565333 11.989333c-1.024 4.053333-2.688 10.965333-4.821333 20.906667-3.754667 21.12-15.616 31.658667-35.328 31.658666a35.029333 35.029333 0 0 1-25.941334-10.410666c-7.04-6.912-10.538667-17.152-10.538666-30.890667 0-17.066667 2.56-31.914667 7.722666-44.416 5.205333-12.501333 11.989333-23.466667 20.48-32.981333 8.448-9.386667 19.925333-20.736 34.389334-33.664 12.714667-11.349333 21.802667-19.925333 27.392-25.813334 5.674667-5.802667 10.410667-12.202667 14.250666-19.413333a48.213333 48.213333 0 0 0 5.802667-23.253333c0-16.213333-5.888-29.952-17.664-41.130667-11.776-11.136-27.008-16.853333-45.568-16.853333-21.802667 0-37.802667 5.717333-48.042667 16.938666-10.325333 11.264-19.029333 27.904-26.026666 49.834667-6.741333 23.04-19.541333 34.474667-38.357334 34.474667a37.546667 37.546667 0 0 1-28.074666-11.946667c-7.68-8.106667-11.477333-16.768-11.477334-26.026667 0-19.370667 5.973333-38.869333 18.090667-58.709333 11.946667-19.84 29.653333-36.266667 52.778667-49.28 23.125333-13.013333 50.090667-19.541333 80.981333-19.541333 28.629333 0 54.058667 5.504 75.946667 16.341333 22.016 10.837333 38.954667 25.728 50.944 44.416 11.946667 18.688 17.962667 39.04 17.962666 61.056 0.085333 17.237333-3.2 32.426667-10.112 45.568z\" fill=\"#1D2129\">\u003C/path>\u003C/symbol>\u003Csymbol id=\"iconReboot1\" viewBox=\"0 0 1024 1024\">\u003Cpath d=\"M405.333333 426.666667a21.333333 21.333333 0 0 0 21.333334-21.333334v-42.666666a21.333333 21.333333 0 0 0-21.333334-21.333334H266.88a298.666667 298.666667 0 1 1-41.173333 256H137.514667c38.826667 171.050667 191.744 298.666667 374.485333 298.666667A384 384 0 1 0 213.333333 270.634667V149.333333a21.333333 21.333333 0 0 0-21.333333-21.333333h-42.666667a21.333333 21.333333 0 0 0-21.333333 21.333333V384a42.666667 42.666667 0 0 0 39.466667 42.538667L170.666667 426.666667h234.666666z\" fill=\"#1D2129\">\u003C/path>\u003C/symbol>\u003Csymbol id=\"iconLogout-21\" viewBox=\"0 0 1024 1024\">\u003Cpath d=\"M849.322667 730.282667h-68.352a15.018667 15.018667 0 0 0-11.946667 5.717333 344.96 344.96 0 0 1-118.741333 93.866667 338.048 338.048 0 0 1-146.602667 33.28 336.768 336.768 0 0 1-131.84-26.581334 342.528 342.528 0 0 1-111.701333-76.245333 350.933333 350.933333 0 0 1-73.898667-111.658667A354.048 354.048 0 0 1 159.274667 512a355.882667 355.882667 0 0 1 26.112-134.4A350.08 350.08 0 0 1 260.138667 263.68a343.552 343.552 0 0 1 111.744-76.202667 337.834667 337.834667 0 0 1 131.797333-26.709333 338.090667 338.090667 0 0 1 146.602667 33.28 344.96 344.96 0 0 1 118.741333 93.866667 15.274667 15.274667 0 0 0 11.946667 5.76h68.352a7.893333 7.893333 0 0 0 6.485333-12.202667 421.674667 421.674667 0 0 0-152.021333-144.213333A411.349333 411.349333 0 0 0 502.613333 85.333333a410.069333 410.069333 0 0 0-160.853333 32.981334 417.066667 417.066667 0 0 0-135.936 93.653333c-38.826667 40.106667-69.418667 87.637333-90.112 139.904a433.92 433.92 0 0 0-30.336 164.565333 431.317333 431.317333 0 0 0 124.117333 298.88A413.866667 413.866667 0 0 0 503.68 938.666667a411.52 411.52 0 0 0 200.618667-52.181334 421.76 421.76 0 0 0 151.466666-144.042666 8.106667 8.106667 0 0 0 0.256-7.978667 7.893333 7.893333 0 0 0-6.698666-4.138667v-0.042666z m86.4-224.554667L797.738667 394.666667a7.68 7.68 0 0 0-11.434667 2.005333 8.106667 8.106667 0 0 0-1.194667 4.224v75.434667H480a7.68 7.68 0 0 0-5.504 2.304 8.021333 8.021333 0 0 0-2.261333 5.632v55.552c0 4.309333 3.498667 7.893333 7.765333 7.893333h305.152v75.434667c0 6.656 7.594667 10.410667 12.629333 6.229333l137.984-111.146667a7.936 7.936 0 0 0 2.133334-9.685333 7.978667 7.978667 0 0 0-2.133334-2.773333z\" fill=\"#1D2129\">\u003C/path>\u003C/symbol>\u003Csymbol id=\"iconFeedbackl\" viewBox=\"0 0 1024 1024\">\u003Cpath d=\"M896 85.333333c23.552 0 42.666667 19.498667 42.666667 43.562667V746.24a43.093333 43.093333 0 0 1-42.666667 43.562667h-213.333333l-140.501334 136.106666a41.984 41.984 0 0 1-60.330666 0L341.333333 789.802667H128c-23.594667 0-42.666667-19.498667-42.666667-43.562667V128.896A43.093333 43.093333 0 0 1 128 85.333333h768z m-42.666667 85.333334H170.666667v533.76h206.037333L512 832l135.296-127.573333H853.333333V170.666667z m-277.333333 298.666666a21.333333 21.333333 0 0 1 21.333333 21.333334v42.666666a21.333333 21.333333 0 0 1-21.333333 21.333334h-298.666667a21.333333 21.333333 0 0 1-21.333333-21.333334v-42.666666a21.333333 21.333333 0 0 1 21.333333-21.333334h298.666667z m170.666667-170.666666a21.333333 21.333333 0 0 1 21.333333 21.333333v42.666667a21.333333 21.333333 0 0 1-21.333333 21.333333h-469.333334a21.333333 21.333333 0 0 1-21.333333-21.333333v-42.666667a21.333333 21.333333 0 0 1 21.333333-21.333333h469.333334z\" fill=\"#1D2129\">\u003C/path>\u003C/symbol>\u003Csymbol id=\"iconvirtual_machine\" viewBox=\"0 0 1024 1024\">\u003Cpath d=\"M846.506667 365.226667c-10.24 0.853333-52.906667 1.706667-96.426667 1.706666H121.173333c-43.52 0-86.186667-0.853333-96.426666-1.706666S5.973333 334.506667 5.973333 302.933333c0-30.72 4.266667-58.88 9.386667-61.44 3.413333-0.853333 62.293333-2.56 105.813333-2.56h701.44c2.56 0 12.8 0.853333 23.04 1.706667s18.773333 11.946667 18.773334 21.333333v57.173334c1.706667 22.186667-6.826667 44.373333-17.92 46.08z\" fill=\"#FFE9B4\">\u003C/path>\u003Cpath d=\"M436.906667 401.92H5.12V206.506667c0-20.48 18.773333-36.693333 36.693333-36.693334h295.253334c18.773333 0 30.72 9.386667 35.84 26.453334l64 205.653333z\" fill=\"#FFB02C\">\u003C/path>\u003Cpath d=\"M940.373333 482.986667H685.226667c-43.52 0-79.36 34.986667-79.36 79.36v13.653333c-32.426667 0-59.733333 27.306667-59.733334 60.586667v254.293333c0 33.28 26.453333 60.586667 60.586667 60.586667H861.866667c31.573333 0 58.026667-24.746667 60.586666-56.32h17.066667c43.52 0 79.36-34.986667 79.36-79.36V562.346667c0.853333-43.52-34.986667-79.36-78.506667-79.36z m41.813334 334.506666c0 23.04-18.773333 42.666667-42.666667 42.666667h-17.066667V636.586667c0-33.28-27.306667-60.586667-61.44-60.586667H643.413333v-13.653333c0-23.04 18.773333-42.666667 42.666667-42.666667h254.293333c23.04 0 42.666667 18.773333 42.666667 42.666667-0.853333 0-0.853333 255.146667-0.853333 255.146666z\" fill=\"#0644B2\">\u003C/path>\u003Cpath d=\"M519.68 855.04V626.346667s-9.386667-67.413333 59.733333-73.386667c0 0-11.093333-71.68 62.293334-91.306667 0 0 3.413333-1.706667 12.8-1.706666h212.48V326.826667c0.853333-19.626667-15.36-36.693333-36.693334-36.693334H43.52c-11.946667 0-24.746667 6.826667-31.573333 17.92-4.266667 5.973333-6.826667 12.8-6.826667 20.48V819.2c0 20.48 18.773333 36.693333 36.693333 36.693333h459.093334l-1.706667-1.706666 20.48 0.853333z\" fill=\"#FFCA28\">\u003C/path>\u003C/symbol>\u003Csymbol id=\"iconcamera\" viewBox=\"0 0 1024 1024\">\u003Cpath d=\"M517.973333 913.066667c-228.693333 0-420.693333-178.346667-436.906666-405.333334l-3.413334-41.813333h880.64l-2.56 41.813333C938.666667 735.573333 745.813333 913.066667 517.973333 913.066667zM164.693333 544.426667c32.426667 166.4 180.053333 290.133333 353.28 290.133333s320.853333-123.733333 353.28-290.133333H164.693333z\" fill=\"#333333\">\u003C/path>\u003Cpath d=\"M517.973333 809.813333c-66.56 0-120.32-54.613333-120.32-120.32S452.266667 569.173333 517.973333 569.173333 638.293333 622.933333 638.293333 689.493333s-53.76 120.32-120.32 120.32z m0-171.52c-28.16 0-50.346667 23.04-50.346666 50.346667s23.04 50.346667 50.346666 50.346667 50.346667-23.04 50.346667-50.346667-22.186667-50.346667-50.346667-50.346667zM936.96 544.426667H98.133333c-40.96 0-74.24-33.28-74.24-74.24v-204.8c0-40.96 33.28-74.24 74.24-74.24h837.973334c40.96 0 74.24 33.28 74.24 74.24v204.8c1.706667 40.96-32.426667 74.24-73.386667 74.24zM102.4 465.92h830.293333v-196.266667H102.4v196.266667z\" fill=\"#333333\">\u003C/path>\u003C/symbol>\u003Csymbol id=\"iconShut_down\" viewBox=\"0 0 1024 1024\">\u003Cpath d=\"M682.666667 177.92c150.698667 61.226667 256 201.130667 256 363.861333C938.666667 760.96 747.648 938.666667 512 938.666667S85.333333 760.96 85.333333 541.781333c0-162.773333 105.301333-302.634667 256-363.904v88.832c-102.016 54.912-170.666667 157.525333-170.666666 275.072 0 175.36 152.832 317.525333 341.333333 317.525334 188.544 0 341.333333-142.165333 341.333333-317.525334 0-117.546667-68.650667-220.16-170.666666-275.072V177.92z m-213.333334 363.861333V105.173333a19.2 19.2 0 0 1 6.229334-14.037333A22.186667 22.186667 0 0 1 490.666667 85.333333h42.666666a22.186667 22.186667 0 0 1 15.104 5.802667 19.2 19.2 0 0 1 6.229334 14.08v436.565333a19.2 19.2 0 0 1-6.229334 14.037334 22.186667 22.186667 0 0 1-15.104 5.802666h-42.666666a22.186667 22.186667 0 0 1-15.104-5.802666 19.2 19.2 0 0 1-6.229334-14.08z\" fill=\"#1D2129\">\u003C/path>\u003C/symbol>\u003Csymbol id=\"iconfast_forward\" viewBox=\"0 0 1024 1024\">\u003Cpath d=\"M610.602667 489.088L228.138667 95.146667a32 32 0 0 0-42.453334-3.072l-3.413333 3.072-45.013333 46.378666a32.853333 32.853333 0 0 0 0 45.781334L452.565333 512l-315.264 324.778667a32.853333 32.853333 0 0 0 0 45.781333l45.013334 46.378667a32 32 0 0 0 42.453333 3.072l3.413333-3.072 382.464-394.069334a32.853333 32.853333 0 0 0 0-45.781333z m318.805333 0L546.944 95.146667a32 32 0 0 0-42.496-3.072l-3.413333 3.072-44.970667 46.378666a32.853333 32.853333 0 0 0 0 45.781334L771.285333 512l-315.221333 324.778667a32.853333 32.853333 0 0 0 0 45.781333l45.013333 46.378667a32 32 0 0 0 42.453334 3.072l3.413333-3.072 382.464-394.069334a32.853333 32.853333 0 0 0 0-45.781333z\" fill=\"#1D2129\">\u003C/path>\u003C/symbol>\u003Csymbol id=\"iconrewind\" viewBox=\"0 0 1024 1024\">\u003Cpath d=\"M567.936 882.56a32.853333 32.853333 0 0 0 0-45.781333L252.714667 512l315.221333-324.778667a32.853333 32.853333 0 0 0 0-45.781333l-45.013333-46.378667a32.128 32.128 0 0 0-35.328-7.168 32.128 32.128 0 0 0-10.496 7.168l-382.506667 394.069334a32.853333 32.853333 0 0 0 0 45.781333l382.464 394.026667a32.170667 32.170667 0 0 0 22.912 9.728 31.872 31.872 0 0 0 22.954667-9.728l45.013333-46.378667z m318.805333-45.781333L571.477333 512l315.264-324.778667a32.853333 32.853333 0 0 0 0-45.781333l-45.056-46.378667A32.128 32.128 0 0 0 818.773333 85.333333a31.744 31.744 0 0 0-22.912 9.728l-382.464 394.069334a32.853333 32.853333 0 0 0 0 45.781333l382.464 394.026667a32.170667 32.170667 0 0 0 22.912 9.728 31.872 31.872 0 0 0 22.912-9.728l45.056-46.378667a32.853333 32.853333 0 0 0 0-45.781333z\" fill=\"#1D2129\">\u003C/path>\u003C/symbol>\u003Csymbol id=\"iconmute\" viewBox=\"0 0 1024 1024\">\u003Cpath d=\"M114.909867 110.08l58.3936-49.877333 693.3504 811.639466-58.3936 49.877334zM772.266667 277.333333c0.853333 0.853333 110.08 85.333333 118.613333 214.186667 4.266667 65.706667-17.92 133.12-67.413333 199.68l52.053333 60.586667c68.266667-86.186667 99.84-174.933333 93.013333-264.533334-11.093333-163.84-143.36-266.24-149.333333-270.506666-17.066667-13.653333-40.96-10.24-53.76 6.826666-13.653333 17.066667-10.24 40.96 6.826667 53.76z\" fill=\"#333333\">\u003C/path>\u003Cpath d=\"M738.986667 520.533333c0 18.773333-4.266667 37.546667-12.8 56.32l53.76 63.146667c24.746667-37.546667 36.693333-77.653333 36.693333-119.466667-1.706667-115.2-99.84-196.266667-104.106667-199.68-16.213333-13.653333-40.106667-11.093333-53.76 5.12-13.653333 16.213333-11.093333 40.106667 5.12 53.76 0 0 74.24 62.293333 75.093334 140.8zM447.146667 250.88l85.333333-84.48c0-0.853333 0.853333-1.706667 2.56-0.853333 1.706667 0.853333 1.706667 1.706667 1.706667 2.56v187.733333L612.693333 443.733333V168.106667c0-32.426667-18.773333-61.44-48.64-73.386667-29.866667-12.8-63.146667-5.973333-86.186666 17.066667l-80.213334 80.213333 49.493334 58.88zM536.746667 565.76v295.253333c0 0.853333 0 1.706667-1.706667 2.56-1.706667 0-1.706667 0-2.56-0.853333L332.8 663.04C317.44 648.533333 297.813333 640 276.48 640H120.32c-1.706667 0-2.56-0.853333-2.56-2.56V402.773333c0-1.706667 0.853333-2.56 2.56-2.56v-0.853333h145.066667c21.333333 0 40.96-7.68 56.32-23.04l29.013333-29.013333-50.346667-58.88-33.28 33.28c0 0.853333-0.853333 0.853333-1.706666 0.853333h-145.066667c-43.52 0-79.36 35.84-79.36 79.36v234.666667c0 43.52 35.84 79.36 79.36 79.36h155.306667c0.853333 0 0.853333 0 1.706666 0.853333L477.866667 917.333333c15.36 15.36 35.84 23.04 56.32 23.04 10.24 0 20.48-1.706667 29.866666-5.12 29.013333-11.946667 48.64-40.96 48.64-73.386666V654.506667l-75.946666-88.746667z\" fill=\"#333333\">\u003C/path>\u003C/symbol>\u003Csymbol id=\"icona-manualrecording\" viewBox=\"0 0 1024 1024\">\u003Cpath d=\"M64 170.666667h597.333333a42.666667 42.666667 0 0 1 42.538667 39.466666L704 213.333333v597.333334a42.666667 42.666667 0 0 1-39.466667 42.538666L661.333333 853.333333h-597.333333a42.666667 42.666667 0 0 1-42.581333-39.466666L21.333333 810.666667V213.333333a42.666667 42.666667 0 0 1 39.466667-42.538666L64 170.666667z m554.666667 85.333333h-512v512h512V256z m384 75.349333v361.301334c0 33.152-39.808 53.632-71.082667 36.565333L768 640V384l163.584-89.216c31.274667-17.066667 71.082667 3.413333 71.082667 36.565333z m-85.333334 75.392l-64 25.6v159.36l64 25.6V406.698667zM320 341.333333v128h-128V341.333333h128z\" fill=\"#1D2129\">\u003C/path>\u003C/symbol>\u003Csymbol id=\"icona-fixedaspectratio\" viewBox=\"0 0 1024 1024\">\u003Cpath d=\"M896 128c11.306667 0 22.186667 4.053333 30.165333 11.264A36.565333 36.565333 0 0 1 938.666667 166.4v691.2a36.565333 36.565333 0 0 1-12.501334 27.136A45.184 45.184 0 0 1 896 896H128c-11.306667 0-22.186667-4.053333-30.165333-11.264A36.565333 36.565333 0 0 1 85.333333 857.6V166.4c0-10.197333 4.48-19.968 12.501334-27.136A45.226667 45.226667 0 0 1 128 128h768z m-42.666667 85.333333H170.666667v597.333334h682.666666V213.333333z\" fill=\"#1D2129\">\u003C/path>\u003Cpath d=\"M320.085333 554.666667a21.333333 21.333333 0 0 0 21.333334-21.333334V384h234.794666a21.333333 21.333333 0 0 0 21.333334-21.333333v-42.666667a21.333333 21.333333 0 0 0-21.333334-21.333333H298.666667a42.666667 42.666667 0 0 0-42.666667 42.666666v192a21.333333 21.333333 0 0 0 21.333333 21.333334h42.752zM725.333333 725.333333a42.666667 42.666667 0 0 0 42.666667-42.666666v-192a21.333333 21.333333 0 0 0-21.333333-21.333334h-42.666667a21.333333 21.333333 0 0 0-21.333333 21.333334V640h-234.666667a21.333333 21.333333 0 0 0-21.333333 21.333333v42.666667a21.333333 21.333333 0 0 0 21.333333 21.333333H725.333333z\" fill=\"#1D2129\">\u003C/path>\u003C/symbol>\u003Csymbol id=\"iconcolumn\" viewBox=\"0 0 1024 1024\">\u003Cpath d=\"M891.264 85.333333C917.461333 85.333333 938.666667 106.581333 938.666667 132.736v758.528A47.402667 47.402667 0 0 1 891.264 938.666667H132.736A47.402667 47.402667 0 0 1 85.333333 891.264V132.736C85.333333 106.538667 106.581333 85.333333 132.736 85.333333h758.528zM341.333333 170.666667H170.666667v682.666666h170.666666V170.666667z m512 0h-170.666666v682.666666h-85.333334V170.666667h-170.666666v682.666666h426.666666V170.666667z\" fill=\"#1D2129\">\u003C/path>\u003C/symbol>\u003Csymbol id=\"iconuser_group\" viewBox=\"0 0 1024 1024\">\u003Cpath d=\"M510.75122 515.746341m-497.014635 0a497.014634 497.014634 0 1 0 994.029269 0 497.014634 497.014634 0 1 0-994.029269 0Z\" fill=\"#E9EFF4\">\u003C/path>\u003Cpath d=\"M394.614634 480.780488c12.487805 9.990244 22.478049 18.731707 33.717073 26.22439 26.22439 17.482927 56.195122 24.97561 87.414634 23.726829 39.960976-2.497561 74.926829-16.234146 103.648781-44.956097 3.746341-3.746341 6.243902-4.995122 11.239024-1.248781 41.209756 33.717073 68.682927 76.17561 83.668293 126.12683 7.492683 28.721951 12.487805 57.443902 9.990244 86.165853-2.497561 23.726829-7.492683 47.453659-26.22439 63.687805-9.990244 9.990244-22.478049 16.234146-36.214634 19.980488-21.229268 6.243902-42.458537 8.741463-64.936586 8.741463-52.44878 0-104.897561 0-157.346341-1.24878-28.721951 0-57.443902-3.746341-86.165854-12.487805-32.468293-11.239024-52.44878-33.717073-57.443902-68.682927-3.746341-27.473171-1.24878-53.697561 4.995122-81.170732 7.492683-33.717073 21.229268-64.936585 41.209756-93.658536 13.736585-18.731707 28.721951-34.965854 47.453658-48.702439 2.497561-1.24878 3.746341-1.24878 4.995122-2.497561z\" fill=\"#1788FF\">\u003C/path>\u003Cpath d=\"M510.75122 497.014634c-63.687805 2.497561-122.380488-52.44878-121.131708-122.380488 1.24878-67.434146 56.195122-119.882927 122.380488-119.882926 66.185366 0 121.131707 53.697561 121.131707 122.380487-1.24878 67.434146-58.692683 121.131707-122.380487 119.882927z\" fill=\"#1788FF\">\u003C/path>\u003Cpath d=\"M689.326829 499.512195c17.482927 7.492683 34.965854 12.487805 53.697561 12.487805 32.468293-1.24878 58.692683-12.487805 81.170732-34.965854 3.746341-3.746341 6.243902-3.746341 9.990244-1.24878 31.219512 24.97561 52.44878 57.443902 63.687805 96.156097 4.995122 18.731707 7.492683 38.712195 7.492683 58.692683 0 14.985366-2.497561 31.219512-9.990244 44.956098-8.741463 14.985366-21.229268 22.478049-37.463415 27.473171-19.980488 6.243902-41.209756 6.243902-62.439024 6.243902h-37.463415c-4.995122 0-6.243902-2.497561-6.243902-6.243902 2.497561-26.22439 1.24878-52.44878-4.995122-78.673171-8.741463-44.956098-27.473171-86.165854-56.195122-121.131707 1.24878 0 1.24878-1.24878-1.248781-3.746342zM328.429268 500.760976c-11.239024 17.482927-22.478049 34.965854-32.468292 53.697561-11.239024 19.980488-17.482927 41.209756-22.478049 62.439024-6.243902 24.97561-7.492683 49.95122-7.492683 74.926829 0 4.995122 1.24878 9.990244 1.24878 13.736586 0 3.746341-1.24878 4.995122-3.746341 4.995122-31.219512 0-62.439024 0-92.409756-7.492683-23.726829-4.995122-42.458537-16.234146-51.2-41.209756-4.995122-13.736585-6.243902-27.473171-4.995122-42.458537 1.24878-23.726829 6.243902-46.204878 14.985366-68.682927 12.487805-29.970732 31.219512-56.195122 57.443902-76.17561 3.746341-2.497561 4.995122-1.24878 7.492683 1.248781 24.97561 23.726829 53.697561 36.214634 88.663415 34.965854 16.234146 0 32.468293-3.746341 44.956097-9.990244z\" fill=\"#7A8EA5\">\u003C/path>\u003Cpath d=\"M279.726829 485.77561c-49.95122 1.24878-93.658537-41.209756-93.658536-91.160976-1.24878-53.697561 42.458537-93.658537 91.160975-94.907317 53.697561-1.24878 93.658537 42.458537 94.907317 89.912195 2.497561 54.946341-44.956098 97.404878-92.409756 96.156098zM741.77561 485.77561c-49.95122 1.24878-91.160976-41.209756-93.658537-89.912195-1.24878-53.697561 42.458537-96.156098 92.409756-96.156098 48.702439-1.24878 93.658537 39.960976 93.658537 94.907317 0 49.95122-43.707317 92.409756-92.409756 91.160976z\" fill=\"#7A8EA5\">\u003C/path>\u003C/symbol>\u003Csymbol id=\"icona-user2\" viewBox=\"0 0 1024 1024\">\u003Cpath d=\"M341.333191 383.99984a170.666596 170.666596 0 1 0 341.290525 0A170.666596 170.666596 0 0 0 341.333191 383.99984z\" fill=\"#F5F7FF\">\u003C/path>\u003Cpath d=\"M511.999787 0c282.773216 0 511.999787 229.226571 511.999786 511.999787S794.773002 1023.999573 511.999787 1023.999573 0 794.773002 0 511.999787 229.226571 0 511.999787 0z m0 213.333244a170.666596 170.666596 0 1 0 0 341.333192 170.666596 170.666596 0 0 0 0-341.333192z\" fill=\"#D6DCED\">\u003C/path>\u003Cpath d=\"M511.999787 639.999733c161.1306 0 296.191877 111.637287 332.031861 261.781225A510.079787 510.079787 0 0 1 511.999787 1023.999573a509.951788 509.951788 0 0 1-331.989195-122.218615C215.80791 751.63702 350.89052 639.999733 511.999787 639.999733z\" fill=\"#F5F7FF\">\u003C/path>\u003C/symbol>\u003Csymbol id=\"iconfolder2\" viewBox=\"0 0 1024 1024\">\u003Cpath d=\"M351.010133 0a136.533333 136.533333 0 0 1 84.650667 29.4144L495.633067 76.8H887.466667c75.409067 0 136.533333 61.124267 136.533333 136.533333v605.866667c0 113.109333-91.690667 204.8-204.8 204.8H640c-72.0384 0-135.3728-37.1968-171.886933-93.422933l-8.234667 11.0592A204.8 204.8 0 0 1 295.697067 1024H204.8c-113.109333 0-204.8-91.690667-204.8-204.8V136.533333C0 61.124267 61.124267 0 136.533333 0h214.4768z\" fill=\"#F8AA28\">\u003C/path>\u003Cpath d=\"M102.4 179.2m102.4 0l614.4 0q102.4 0 102.4 102.4l0 170.666667q0 102.4-102.4 102.4l-614.4 0q-102.4 0-102.4-102.4l0-170.666667q0-102.4 102.4-102.4Z\" fill=\"#FFEFD5\">\u003C/path>\u003Cpath d=\"M0 375.466667c0-56.5504 45.8496-102.4 102.4-102.4h819.2c56.5504 0 102.4 45.8496 102.4 102.4v512c0 75.409067-61.124267 136.533333-136.533333 136.533333H136.533333c-75.409067 0-136.533333-61.124267-136.533333-136.533333V375.466667z\" fill=\"#FBC931\">\u003C/path>\u003C/symbol>\u003Csymbol id=\"iconwarning2\" viewBox=\"0 0 1024 1024\">\u003Cpath d=\"M514.56 13.653333c-273.066667 0-494.933333 221.866667-494.933333 494.933334s221.866667 494.933333 494.933333 494.933333c272.213333 0 494.08-221.866667 494.933333-494.933333 0-273.066667-221.866667-494.933333-494.933333-494.933334z\" fill=\"#F8AA01\">\u003C/path>\u003Cpath d=\"M514.56 640c-21.333333 0-38.4-17.066667-38.4-38.4V308.053333c0-21.333333 17.066667-38.4 38.4-38.4s38.4 17.066667 38.4 38.4v293.546667c0 21.333333-17.92 38.4-38.4 38.4z\" fill=\"#FFFFFF\">\u003C/path>\u003Cpath d=\"M514.56 709.12m-38.4 0a38.4 38.4 0 1 0 76.8 0 38.4 38.4 0 1 0-76.8 0Z\" fill=\"#FFFFFF\">\u003C/path>\u003C/symbol>\u003Csymbol id=\"iconrisky\" viewBox=\"0 0 1024 1024\">\u003Cpath d=\"M514.497561 514.497561m-504.507317 0a504.507317 504.507317 0 1 0 1009.014634 0 504.507317 504.507317 0 1 0-1009.014634 0Z\" fill=\"#C53709\">\u003C/path>\u003Cpath d=\"M563.2 314.692683c-4.995122 77.42439-9.990244 147.356098-14.985366 218.536585l-3.746341 48.702439c-1.24878 17.482927-13.736585 29.970732-29.970732 28.721952-14.985366 0-27.473171-12.487805-28.721951-28.721952-6.243902-84.917073-12.487805-168.585366-18.731708-254.751219-2.497561-39.960976 27.473171-67.434146 62.439025-57.443903 19.980488 7.492683 33.717073 27.473171 33.717073 44.956098zM515.746341 661.853659c26.22439 0 46.204878 21.229268 46.204879 46.204878 0 28.721951-21.229268 51.2-48.70244 51.2-26.22439 0-48.702439-22.478049-48.702439-48.702439 0-26.22439 22.478049-48.702439 51.2-48.702439z\" fill=\"#FFFFFF\">\u003C/path>\u003C/symbol>\u003Csymbol id=\"iconnormal\" viewBox=\"0 0 1024 1024\">\u003Cpath d=\"M510.75122 11.239024C232.273171 11.239024 6.243902 237.268293 6.243902 515.746341s226.029268 504.507317 504.507318 504.507318c277.229268 0 503.258537-226.029268 504.507317-504.507318C1014.009756 237.268293 787.980488 11.239024 510.75122 11.239024z\" fill=\"#1EB300\">\u003C/path>\u003Cpath d=\"M477.034146 719.297561c-62.439024-44.956098-123.629268-88.663415-187.317073-133.619512 12.487805-17.482927 23.726829-33.717073 36.214634-51.2 44.956098 32.468293 89.912195 63.687805 134.868293 96.156097 72.429268-107.395122 144.858537-214.790244 218.536585-322.185366 17.482927 12.487805 33.717073 23.726829 51.2 34.965854-83.668293 126.126829-167.336585 249.756098-253.502439 375.882927z\" fill=\"#FFFFFF\">\u003C/path>\u003C/symbol>\u003Csymbol id=\"iconicon_volume\" viewBox=\"0 0 1024 1024\">\u003Cpath d=\"M1010.263415 477.034146C1010.263415 218.536585 799.219512 7.492683 538.22439 7.492683c-63.687805 0-123.629268 12.487805-178.57561 34.965854l178.57561 434.575609h472.039025z\" fill=\"#0567FF\">\u003C/path>\u003Cpath d=\"M323.434146 52.44878c-182.321951 74.926829-312.195122 254.75122-312.195122 464.546342 0 277.229268 224.780488 500.760976 500.760976 500.760976s502.009756-223.531707 502.009756-500.760976H513.24878L323.434146 52.44878z\" fill=\"#B8BEC2\">\u003C/path>\u003C/symbol>\u003Csymbol id=\"iconicon_lan_disabled\" viewBox=\"0 0 1024 1024\">\u003Cpath d=\"M17.92 261.12s-1.28-43.52 42.24-51.2h184.32l38.4-124.16s12.8-25.6 43.52-25.6H704s33.28-3.84 47.36 30.72l35.84 119.04h180.48s39.68-1.28 46.08 48.64v651.52s2.56 52.48-47.36 56.32H64s-42.24 1.28-46.08-51.2V261.12z\" fill=\"#8F99A0\">\u003C/path>\u003Cpath d=\"M855.04 396.8c12.8 0 23.04 11.52 23.04 25.6V826.88c-1.28 11.52-10.24 20.48-23.04 20.48h-46.08v-99.84h-90.88v99.84H582.4v-99.84h-90.88v99.84H354.56v-99.84h-90.88v99.84h-96c-10.24-1.28-17.92-11.52-17.92-25.6V417.28c1.28-11.52 10.24-20.48 23.04-20.48h682.24z\" fill=\"#FFFFFF\">\u003C/path>\u003C/symbol>\u003Csymbol id=\"iconicon_lan_enabled\" viewBox=\"0 0 1024 1024\">\u003Cpath d=\"M15.36 263.68s-1.28-43.52 42.24-51.2h184.32l38.4-124.16s12.8-25.6 43.52-25.6h377.6s33.28-3.84 47.36 30.72l35.84 119.04h180.48s39.68-1.28 46.08 48.64v651.52s2.56 52.48-47.36 56.32H61.44s-42.24 1.28-46.08-51.2V263.68z\" fill=\"#0567FF\">\u003C/path>\u003Cpath d=\"M852.48 399.36c12.8 0 23.04 11.52 23.04 25.6V829.44c-1.28 11.52-10.24 20.48-23.04 20.48H806.4v-99.84h-89.6v99.84H579.84v-99.84h-90.88v99.84H352v-99.84h-90.88v99.84H166.4c-10.24-1.28-17.92-11.52-17.92-25.6V419.84c1.28-11.52 10.24-20.48 23.04-20.48h680.96z\" fill=\"#FFFFFF\">\u003C/path>\u003C/symbol>\u003Csymbol id=\"icontemperature_blue\" viewBox=\"0 0 1024 1024\">\u003Cpath d=\"M518.506667 64C561.813333 64 597.333333 100.309333 597.333333 144.576v475.648a170.666667 170.666667 0 1 1-170.666666 0V144.576C426.666667 100.309333 462.186667 64 505.493333 64h13.013334z\" fill=\"#C9CDD4\">\u003C/path>\u003Cpath d=\"M512 362.666667a42.666667 42.666667 0 0 1 42.666667 42.666666v288.789334a85.269333 85.269333 0 0 1 17.664 134.208A85.333333 85.333333 0 1 1 469.333333 694.144V405.333333a42.666667 42.666667 0 0 1 42.666667-42.666666z\" fill=\"#0992F6\">\u003C/path>\u003C/symbol>\u003Csymbol id=\"icontemperature_red\" viewBox=\"0 0 1024 1024\">\u003Cpath d=\"M518.506667 64C561.813333 64 597.333333 100.309333 597.333333 144.576v475.648a170.666667 170.666667 0 1 1-170.666666 0V144.576C426.666667 100.309333 462.186667 64 505.493333 64h13.013334z\" fill=\"#C9CDD4\">\u003C/path>\u003Cpath d=\"M512 106.666667a42.666667 42.666667 0 0 1 42.666667 42.666666v544.789334a85.269333 85.269333 0 0 1 17.664 134.208A85.333333 85.333333 0 1 1 469.333333 694.144V149.333333a42.666667 42.666667 0 0 1 42.666667-42.666666z\" fill=\"#EA0001\">\u003C/path>\u003C/symbol>\u003Csymbol id=\"icontemperature_yellow\" viewBox=\"0 0 1024 1024\">\u003Cpath d=\"M518.506667 64C561.813333 64 597.333333 100.309333 597.333333 144.576v475.648a170.666667 170.666667 0 1 1-170.666666 0V144.576C426.666667 100.309333 462.186667 64 505.493333 64h13.013334z\" fill=\"#C9CDD4\">\u003C/path>\u003Cpath d=\"M512 234.666667a42.666667 42.666667 0 0 1 42.666667 42.666666v416.789334a85.269333 85.269333 0 0 1 17.664 134.208A85.333333 85.333333 0 1 1 469.333333 694.144V277.333333a42.666667 42.666667 0 0 1 42.666667-42.666666z\" fill=\"#F9A600\">\u003C/path>\u003C/symbol>\u003Csymbol id=\"iconfan_blue\" viewBox=\"0 0 1024 1024\">\u003Cpath d=\"M509.502439 1010.263415c-273.482927 0-495.765854-222.282927-495.765854-497.014635S236.019512 16.234146 509.502439 16.234146s495.765854 222.282927 495.765854 497.014634-221.034146 497.014634-495.765854 497.014635z m0-954.068293C324.682927 56.195122 158.595122 167.336585 87.414634 338.419512 17.482927 508.253659 56.195122 705.560976 187.317073 836.682927c129.873171 129.873171 327.180488 169.834146 498.263415 98.653658 171.082927-71.180488 282.22439-237.268293 282.22439-422.087805-1.24878-252.253659-204.8-457.053659-458.302439-457.053658z\" fill=\"#0992F6\">\u003C/path>\u003Cpath d=\"M593.170732 518.243902c0 42.458537-34.965854 76.17561-76.17561 76.17561s-76.17561-34.965854-76.17561-76.17561 34.965854-76.17561 76.17561-76.175609c42.458537-1.24878 77.42439 33.717073 76.17561 76.175609z m-76.17561-49.951219c-19.980488 0-37.463415 12.487805-46.204878 29.970732-7.492683 18.731707-3.746341 39.960976 9.990244 54.946341 13.736585 13.736585 34.965854 18.731707 54.946341 11.239024 18.731707-7.492683 31.219512-26.22439 31.219512-46.204878 0-12.487805-4.995122-26.22439-14.985365-34.965853-8.741463-9.990244-21.229268-14.985366-34.965854-14.985366z\" fill=\"#0992F6\">\u003C/path>\u003Cpath d=\"M844.17561 373.385366c-28.721951-26.22439-46.204878-34.965854-96.156098-51.2-39.960976-13.736585-132.370732-14.985366-166.087805 43.707317l-34.965853 61.190244c-4.995122 8.741463-8.741463 18.731707-9.990244 27.473171l56.195122 73.678048c28.721951 3.746341 69.931707 4.995122 96.156097 21.229269 32.468293 21.229268 84.917073 76.17561 109.892683 91.160975 41.209756 23.726829 82.419512-18.731707 96.156098-46.204878 16.234146-31.219512 53.697561-136.117073-51.2-221.034146z\" fill=\"#0992F6\">\u003C/path>\u003Cpath d=\"M581.931707 586.926829c-3.746341-8.741463-11.239024-14.985366-18.731707-21.229268l-8.741463 1.24878c9.990244-11.239024 16.234146-26.22439 16.234146-43.707317 0-33.717073-23.726829-59.941463-53.697561-59.941463-18.731707 0-33.717073 9.990244-43.707317 24.97561l8.741463-24.97561c-9.990244-26.22439-29.970732-62.439024-28.721951-93.658537 1.24878-37.463415 23.726829-111.141463 23.726829-141.112195 0-48.702439-57.443902-62.439024-87.414634-59.941463-34.965854 1.24878-143.609756 22.478049-163.590244 154.84878-7.492683 37.463415-7.492683 57.443902 3.746342 108.643903 7.492683 41.209756 57.443902 124.878049 124.878049 124.878049l62.439024-3.746342c9.990244 0 29.970732 0 38.712195-3.746341l11.239024-33.717074c0 2.497561-1.24878 4.995122-1.24878 7.492683 0 21.229268 9.990244 38.712195 23.726829 49.95122H474.536585c-18.731707 22.478049-43.707317 61.190244-68.682926 73.678049-34.965854 18.731707-107.395122 36.214634-133.619513 51.2-41.209756 23.726829-23.726829 79.921951-7.492683 106.146341 18.731707 28.721951 91.160976 113.639024 216.039025 64.936586 37.463415-12.487805 53.697561-23.726829 92.409756-57.443903 31.219512-26.22439 71.180488-107.395122 44.956097-164.839024L581.931707 586.926829z m-134.868292-74.926829l2.497561-8.741463 3.746341-26.224391c3.746341 7.492683 6.243902 11.239024 6.243903 11.239025-1.24878 9.990244-4.995122 17.482927-12.487805 23.726829z m68.682926 69.931707l-11.239024 1.248781c1.24878-1.24878 3.746341-1.24878 4.995122-2.497561 1.24878 1.24878 3.746341 1.24878 6.243902 1.24878z\" fill=\"#0992F6\">\u003C/path>\u003C/symbol>\u003Csymbol id=\"iconfan_yellow\" viewBox=\"0 0 1024 1024\">\u003Cpath d=\"M514.497561 1010.263415c-273.482927 0-495.765854-222.282927-495.765854-497.014635S239.765854 16.234146 514.497561 16.234146s495.765854 222.282927 495.765854 497.014634-221.034146 497.014634-495.765854 497.014635z m0-954.068293c-184.819512 0-350.907317 111.141463-422.087805 282.22439C21.229268 508.253659 59.941463 705.560976 191.063415 836.682927c129.873171 129.873171 327.180488 169.834146 498.263414 98.653658s282.22439-237.268293 282.224391-422.087805c0-252.253659-204.8-457.053659-457.053659-457.053658z\" fill=\"#FFCC01\">\u003C/path>\u003Cpath d=\"M598.165854 518.243902c0 42.458537-34.965854 76.17561-76.17561 76.17561-42.458537 0-76.17561-34.965854-76.17561-76.17561 0-42.458537 34.965854-76.17561 76.17561-76.175609s77.42439 33.717073 76.17561 76.175609z m-76.17561-49.951219c-19.980488 0-37.463415 12.487805-46.204878 29.970732-7.492683 18.731707-3.746341 39.960976 9.990244 54.946341 13.736585 13.736585 34.965854 18.731707 54.946341 11.239024 18.731707-7.492683 31.219512-26.22439 31.219512-46.204878 0-12.487805-4.995122-26.22439-14.985365-34.965853-8.741463-9.990244-22.478049-14.985366-34.965854-14.985366z\" fill=\"#FFCC01\">\u003C/path>\u003Cpath d=\"M847.921951 373.385366c-28.721951-26.22439-46.204878-34.965854-96.156097-51.2-39.960976-13.736585-132.370732-14.985366-166.087805 43.707317l-34.965854 61.190244c-4.995122 8.741463-8.741463 18.731707-9.990244 27.473171l56.195122 73.678048c28.721951 3.746341 69.931707 4.995122 96.156098 21.229269 32.468293 21.229268 84.917073 76.17561 109.892683 91.160975 41.209756 23.726829 82.419512-18.731707 96.156097-46.204878 17.482927-31.219512 54.946341-136.117073-51.2-221.034146z\" fill=\"#FFCC01\">\u003C/path>\u003Cpath d=\"M586.926829 586.926829c-3.746341-8.741463-11.239024-14.985366-18.731707-21.229268l-8.741463 1.24878c9.990244-11.239024 16.234146-26.22439 16.234146-43.707317 0-33.717073-23.726829-59.941463-53.697561-59.941463-18.731707 0-33.717073 9.990244-43.707317 24.97561l8.741463-24.97561c-9.990244-26.22439-29.970732-62.439024-28.721951-93.658537 1.24878-37.463415 23.726829-111.141463 23.726829-141.112195 0-48.702439-57.443902-62.439024-87.414634-59.941463-34.965854 1.24878-143.609756 22.478049-163.590244 154.84878-7.492683 37.463415-7.492683 57.443902 3.746342 108.643903 7.492683 41.209756 57.443902 124.878049 124.878048 124.878049l62.439025-3.746342c9.990244 0 29.970732 0 38.712195-3.746341l11.239024-33.717074c0 2.497561-1.24878 4.995122-1.24878 7.492683 0 21.229268 9.990244 38.712195 23.726829 49.95122l-14.985366 1.24878c-18.731707 22.478049-43.707317 61.190244-68.682927 73.678049-34.965854 18.731707-107.395122 36.214634-133.619512 51.2-41.209756 23.726829-23.726829 79.921951-7.492683 106.146342 18.731707 28.721951 91.160976 113.639024 216.039025 64.936585 37.463415-12.487805 53.697561-23.726829 92.409756-57.443902 31.219512-26.22439 71.180488-107.395122 44.956097-164.839025L586.926829 586.926829z m-134.868292-74.926829l2.497561-8.741463 3.746341-26.224391c3.746341 7.492683 6.243902 11.239024 6.243902 11.239025-1.24878 9.990244-6.243902 17.482927-12.487804 23.726829z m67.434146 69.931707l-11.239024 1.248781c1.24878-1.24878 3.746341-1.24878 4.995121-2.497561 2.497561 1.24878 4.995122 1.24878 6.243903 1.24878z\" fill=\"#FFCC01\">\u003C/path>\u003C/symbol>\u003Csymbol id=\"iconnetwork\" viewBox=\"0 0 1024 1024\">\u003Cpath d=\"M493.268293 714.302439c57.443902 26.22439 112.390244 46.204878 166.087805 59.941463v4.995122c0 12.487805 4.995122 23.726829 12.487804 32.468293-36.214634 63.687805-47.453659 126.126829-27.47317 168.585366-42.458537 12.487805-86.165854 17.482927-132.370732 17.482927-83.668293 0-163.590244-21.229268-232.273171-58.692683-1.24878-61.190244 49.95122-142.360976 136.117073-221.034147 9.990244 6.243902 22.478049 11.239024 34.965854 11.239025 16.234146 1.24878 31.219512-3.746341 42.458537-14.985366z m433.326829 56.195122C869.15122 862.907317 779.239024 936.585366 673.092683 972.8c-17.482927-33.717073-7.492683-88.663415 23.726829-144.858537 3.746341 1.24878 6.243902 1.24878 11.239025 1.248781 22.478049 0 42.458537-16.234146 47.453658-37.463415 64.936585 6.243902 121.131707 0 166.087805-18.731707l4.995122-2.497561zM243.512195 554.458537c42.458537 37.463415 93.658537 74.926829 147.356098 107.395122-1.24878 3.746341-1.24878 6.243902-1.248781 9.990243 0 9.990244 2.497561 19.980488 6.243903 28.721952-84.917073 77.42439-139.863415 158.595122-144.858537 226.029268-14.985366-9.990244-28.721951-18.731707-42.458537-29.970732-36.214634-81.170732-26.22439-206.04878 27.473171-337.170731 2.497561-3.746341 4.995122-4.995122 7.492683-4.995122z m-174.829268-247.258537c14.985366 57.443902 52.44878 119.882927 107.395122 181.073171-3.746341 6.243902-6.243902 14.985366-6.243903 22.478049 0 22.478049 14.985366 39.960976 33.717074 47.453658-42.458537 109.892683-56.195122 214.790244-38.712196 298.458537C77.42439 768 22.478049 645.619512 22.478049 512c0-69.931707 14.985366-136.117073 42.458536-197.307317l3.746342-7.492683z m694.321951 434.57561c74.926829-74.926829 164.839024-109.892683 218.536585-93.658537-6.243902 21.229268-13.736585 42.458537-22.478048 62.439025-36.214634 44.956098-112.390244 61.190244-206.048781 51.2-1.24878-2.497561-1.24878-3.746341-3.746341-6.243903l13.736585-13.736585zM568.195122 611.902439c177.326829-102.4 357.15122-132.370732 432.078049-82.419512-1.24878 31.219512-4.995122 62.439024-12.487805 91.160975-66.185366-19.980488-166.087805 19.980488-247.258537 101.15122-3.746341 3.746341-9.990244 9.990244-13.736585 14.985366-6.243902-2.497561-12.487805-3.746341-19.980488-3.746342-14.985366 0-27.473171 6.243902-36.214634 16.234147-51.2-12.487805-107.395122-31.219512-162.341463-57.443903 2.497561-6.243902 3.746341-12.487805 3.746341-19.980488s-1.24878-14.985366-3.746341-21.229268c19.980488-14.985366 38.712195-27.473171 59.941463-38.712195zM911.609756 229.77561c52.44878 74.926829 84.917073 166.087805 88.663415 264.741463-93.658537-44.956098-272.234146-9.990244-447.063415 91.160976-21.229268 12.487805-42.458537 26.22439-61.190244 38.712195-11.239024-9.990244-24.97561-14.985366-39.960975-14.985366-19.980488 0-37.463415 9.990244-48.702439 23.726829-52.44878-31.219512-98.653659-66.185366-139.863415-101.151219 2.497561-6.243902 3.746341-13.736585 3.746341-19.980488s-1.24878-11.239024-2.497561-16.234146c16.234146-31.219512 34.965854-63.687805 56.195122-96.156098 11.239024-16.234146 22.478049-32.468293 34.965854-47.453658 2.497561 1.24878 6.243902 1.24878 9.990244 1.24878 14.985366 0 27.473171-8.741463 32.468293-19.980488 43.707317 6.243902 89.912195 11.239024 138.614634 11.239025 167.336585-1.24878 313.443902-47.453659 374.634146-114.887805z m-771.746341-34.965854c22.478049 52.44878 93.658537 96.156098 189.814634 121.131707v-1.24878 3.746341c0 3.746341 1.24878 6.243902 2.497561 9.990244l1.24878 3.746342c-12.487805 16.234146-23.726829 32.468293-36.214634 49.951219-19.980488 28.721951-36.214634 58.692683-52.44878 87.414634-7.492683-4.995122-16.234146-7.492683-26.224391-7.492683-7.492683 0-14.985366 1.24878-21.229268 4.995122-63.687805-71.180488-102.4-143.609756-106.146341-202.302439 12.487805-22.478049 28.721951-43.707317 44.956097-63.687804l3.746342-6.243903zM398.360976 299.707317C544.468293 138.614634 720.546341 67.434146 820.44878 134.868293l1.248781-1.248781c26.22439 21.229268 49.95122 44.956098 71.180488 71.180488-49.95122 61.190244-191.063415 107.395122-355.902439 107.395122-49.95122 0-96.156098-3.746341-139.863415-11.239024h2.497561c0 1.24878 0 0-1.24878-1.248781zM512 22.478049c82.419512 0 161.092683 19.980488 229.77561 57.443902-109.892683-4.995122-248.507317 71.180488-364.643903 201.053659-3.746341-1.24878-6.243902-1.24878-11.239024-1.248781-9.990244 0-18.731707 3.746341-26.22439 9.990244-98.653659-26.22439-167.336585-69.931707-177.32683-118.634146C251.004878 79.921951 374.634146 22.478049 512 22.478049z\" fill=\"#1788FF\">\u003C/path>\u003Cpath d=\"M513.24878 11.239024C238.517073 11.239024 16.234146 233.521951 16.234146 508.253659S237.268293 1005.268293 513.24878 1005.268293s497.014634-222.282927 497.014635-497.014634S787.980488 11.239024 513.24878 11.239024z m0 11.239025c267.239024 0 484.526829 217.287805 484.52683 484.526829s-216.039024 487.02439-484.52683 487.02439S28.721951 776.741463 28.721951 508.253659 244.760976 22.478049 513.24878 22.478049z\" fill=\"#007BEA\">\u003C/path>\u003C/symbol>\u003Csymbol id=\"iconarrow_down_blue\" viewBox=\"0 0 1024 1024\">\u003Cpath d=\"M506.026667 768.853333c-11.093333-1.706667-21.333333-6.826667-29.013334-14.506666L58.026667 328.533333c-14.506667-15.36-14.506667-39.253333 0-54.613333 15.36-14.506667 39.253333-14.506667 54.613333 0L512 679.253333l399.36-405.333333c15.36-14.506667 39.253333-14.506667 54.613333 0 14.506667 15.36 14.506667 39.253333 0 54.613333L546.986667 754.346667c-8.533333 8.533333-18.773333 12.8-29.013334 14.506666-5.12 0.853333-9.386667 0.853333-11.946666 0z\" fill=\"#0086E6\">\u003C/path>\u003C/symbol>\u003Csymbol id=\"iconarrow_up_blue\" viewBox=\"0 0 1024 1024\">\u003Cpath d=\"M506.026667 263.68c-11.093333 1.706667-21.333333 6.826667-29.013334 14.506667L58.026667 704c-14.506667 15.36-14.506667 39.253333 0 54.613333 15.36 14.506667 39.253333 14.506667 54.613333 0L512 353.28l399.36 405.333333c15.36 14.506667 39.253333 14.506667 54.613333 0 14.506667-15.36 14.506667-39.253333 0-54.613333L546.986667 278.186667c-8.533333-8.533333-18.773333-12.8-29.013334-14.506667-5.12-0.853333-9.386667-0.853333-11.946666 0z\" fill=\"#0086E6\">\u003C/path>\u003C/symbol>\u003Csymbol id=\"iconBack\" viewBox=\"0 0 1024 1024\">\u003Cpath d=\"M371.626667 512l389.333333 357.973333a21.162667 21.162667 0 0 1 7.04 15.573334c0 5.845333-2.56 11.434667-7.04 15.530666l-33.834667 31.146667a25.045333 25.045333 0 0 1-16.938666 6.442667 25.045333 25.045333 0 0 1-16.938667-6.442667l-423.253333-389.12A42.282667 42.282667 0 0 1 256 512c0-11.690667 5.034667-22.869333 14.037333-31.146667l423.210667-389.077333A25.045333 25.045333 0 0 1 710.186667 85.333333c6.314667 0 12.416 2.304 16.896 6.442667l33.877333 31.146667a21.930667 21.930667 0 0 1 5.205333 7.125333 20.437333 20.437333 0 0 1 0 16.853333 21.930667 21.930667 0 0 1-5.205333 7.125334L371.626667 512z\" fill=\"#1D2129\">\u003C/path>\u003C/symbol>\u003Csymbol id=\"iconNext\" viewBox=\"0 0 1024 1024\">\u003Cpath d=\"M652.373333 512l-389.333333 357.973333a21.162667 21.162667 0 0 0-7.04 15.573334c0 5.845333 2.56 11.434667 7.04 15.530666l33.834667 31.146667a25.045333 25.045333 0 0 0 16.938666 6.442667 25.045333 25.045333 0 0 0 16.938667-6.442667l423.253333-389.12A42.282667 42.282667 0 0 0 768 512a42.282667 42.282667 0 0 0-14.037333-31.146667L330.752 91.818667A25.045333 25.045333 0 0 0 313.813333 85.333333a25.045333 25.045333 0 0 0-16.896 6.442667l-33.877333 31.146667a21.973333 21.973333 0 0 0-5.205333 7.125333 20.48 20.48 0 0 0 5.205333 23.978667L652.373333 512z\" fill=\"#1D2129\">\u003C/path>\u003C/symbol>\u003Csymbol id=\"icona-Deleteall\" viewBox=\"0 0 1024 1024\">\u003Cpath d=\"M511.146667 1009.493333c-273.066667 0-494.933333-221.866667-494.933334-494.933333s221.866667-494.933333 494.933334-494.933333 494.933333 221.866667 494.933333 494.933333c-0.853333 273.066667-222.72 494.933333-494.933333 494.933333z m0-913.066666c-230.4 0-418.133333 187.733333-418.133334 418.133333s187.733333 418.133333 418.133334 418.133333 418.133333-187.733333 418.133333-418.133333-187.733333-418.133333-418.133333-418.133333z\" fill=\"#333333\">\u003C/path>\u003Cpath d=\"M768.853333 402.773333H254.293333c-18.773333 0-34.133333-15.36-34.133333-34.133333s15.36-34.133333 34.133333-34.133333h514.56c18.773333 0 34.133333 15.36 34.133334 34.133333s-15.36 34.133333-34.133334 34.133333zM416.426667 679.253333c-18.773333 0-34.133333-15.36-34.133334-34.133333V532.48c0-18.773333 15.36-34.133333 34.133334-34.133333s34.133333 15.36 34.133333 34.133333v112.64c0 18.773333-14.506667 34.133333-34.133333 34.133333zM511.146667 679.253333c-18.773333 0-34.133333-15.36-34.133334-34.133333V532.48c0-18.773333 15.36-34.133333 34.133334-34.133333s34.133333 15.36 34.133333 34.133333v112.64c0 18.773333-15.36 34.133333-34.133333 34.133333zM605.013333 679.253333c-18.773333 0-34.133333-15.36-34.133333-34.133333V532.48c0-18.773333 15.36-34.133333 34.133333-34.133333s34.133333 15.36 34.133334 34.133333v112.64c0 18.773333-15.36 34.133333-34.133334 34.133333z\" fill=\"#333333\">\u003C/path>\u003Cpath d=\"M654.506667 824.32H367.786667c-48.64 0-87.893333-39.253333-87.893334-87.893333V334.506667H742.4v401.92c0 48.64-39.253333 87.893333-87.893333 87.893333zM349.013333 402.773333v333.653334c0 10.24 8.533333 19.626667 19.626667 19.626666h286.72c10.24 0 19.626667-8.533333 19.626667-19.626666V402.773333H349.013333zM439.466667 333.653333c2.56-36.693333 34.133333-66.56 71.68-66.56s68.266667 29.013333 71.68 66.56h68.266666c-2.56-74.24-64-134.826667-139.946666-134.826666-75.093333 0-136.533333 59.733333-139.946667 134.826666h68.266667z\" fill=\"#333333\">\u003C/path>\u003C/symbol>\u003Csymbol id=\"iconNew_tag1\" viewBox=\"0 0 1024 1024\">\u003Cpath d=\"M899.84 85.333333a37.12 37.12 0 0 1 27.477333 12.501334c7.253333 7.978667 11.349333 18.858667 11.349334 30.165333v768c0 11.306667-4.096 22.186667-11.349334 30.165333a37.12 37.12 0 0 1-27.434666 12.501334H124.117333a37.12 37.12 0 0 1-27.434666-12.501334A44.928 44.928 0 0 1 85.333333 896V128c0-11.306667 4.096-22.186667 11.349334-30.165333A37.12 37.12 0 0 1 124.16 85.333333h775.765333z m-38.741333 85.333334H162.901333v682.666666h698.197334V170.666667z\" fill=\"#1D2129\">\u003C/path>\u003Cpath d=\"M548.437333 304.896A21.333333 21.333333 0 0 1 554.666667 320V469.333333h149.333333a21.333333 21.333333 0 0 1 21.333333 21.333334v42.666666a21.333333 21.333333 0 0 1-21.333333 21.333334H554.666667v149.333333a21.333333 21.333333 0 0 1-21.333334 21.333333h-42.666666a21.333333 21.333333 0 0 1-21.333334-21.333333V554.666667H320a21.333333 21.333333 0 0 1-21.333333-21.333334v-42.666666a21.333333 21.333333 0 0 1 21.333333-21.333334H469.333333V320a21.333333 21.333333 0 0 1 21.333334-21.333333h42.666666a21.333333 21.333333 0 0 1 15.104 6.229333z\" fill=\"#1D2129\">\u003C/path>\u003C/symbol>\u003Csymbol id=\"iconcss\" viewBox=\"0 0 1024 1024\">\u003Cpath d=\"M147.626667 23.893333h512l243.2 246.613334v704.853333c0 15.36-11.946667 27.306667-27.306667 27.306667H147.626667c-15.36 0-27.306667-11.946667-27.306667-27.306667V51.2c0-15.36 12.8-27.306667 27.306667-27.306667z m0 0\" fill=\"#5E6D96\">\u003C/path>\u003Cpath d=\"M659.626667 23.893333v219.306667c0 15.36 11.946667 27.306667 27.306666 27.306667h215.893334L659.626667 23.893333z m0 0\" fill=\"#8695C0\">\u003C/path>\u003Cpath d=\"M252.586667 512v-29.866667l168.96-66.56v33.28l-76.8 27.306667-52.053334 18.773333v1.706667l52.053334 18.773333 76.8 28.16v33.28L252.586667 512zM602.453333 545.28l76.8-28.16 52.053334-18.773333v-1.706667L679.253333 477.866667l-76.8-27.306667v-33.28l168.96 66.56V512l-168.96 65.706667v-32.426667z\" fill=\"#FFFFFF\">\u003C/path>\u003Cpath d=\"M553.813333 359.253333h27.306667L485.546667 583.68h-27.306667l95.573333-224.426667z\" fill=\"#FFFFFF\">\u003C/path>\u003C/symbol>\u003Csymbol id=\"iconexe\" viewBox=\"0 0 1024 1024\">\u003Cpath d=\"M135.68 12.8h522.24L906.24 264.533333v719.36c0 15.36-12.8 28.16-28.16 28.16h-742.4c-15.36 0-28.16-12.8-28.16-28.16V40.106667c0-15.36 12.8-27.306667 28.16-27.306667z m0 0\" fill=\"#5993F7\">\u003C/path>\u003Cpath d=\"M657.92 12.8v223.573333c0 15.36 12.8 28.16 28.16 28.16h221.013333L657.92 12.8z m0 0\" fill=\"#82B0FF\">\u003C/path>\u003Cpath d=\"M677.546667 697.173333h-341.333334c-30.72 0-56.32-24.746667-56.32-56.32v-238.933333c0-30.72 24.746667-56.32 56.32-56.32h342.186667c30.72 0 56.32 24.746667 56.32 56.32v238.933333c-0.853333 30.72-25.6 56.32-57.173333 56.32z m-341.333334-322.56c-15.36 0-27.306667 11.946667-27.306666 27.306667v238.933333c0 15.36 11.946667 27.306667 27.306666 27.306667h342.186667c15.36 0 27.306667-11.946667 27.306667-27.306667v-238.933333c0-15.36-11.946667-27.306667-27.306667-27.306667H336.213333zM421.546667 724.48h170.666666v37.546667h-170.666666z\" fill=\"#FFFFFF\">\u003C/path>\u003Cpath d=\"M517.973333 421.546667h58.88v37.546666h-58.88zM586.24 421.546667h58.88v37.546666h-58.88z\" fill=\"#FFFFFF\">\u003C/path>\u003C/symbol>\u003Csymbol id=\"icondoc\" viewBox=\"0 0 1024 1024\">\u003Cpath d=\"M149.333333 17.92h517.973334L913.066667 267.093333v713.386667c0 15.36-11.946667 27.306667-27.306667 27.306667H149.333333c-15.36 0-27.306667-11.946667-27.306666-27.306667V45.226667c-0.853333-14.506667 11.946667-27.306667 27.306666-27.306667z m0 0\" fill=\"#5993F7\">\u003C/path>\u003Cpath d=\"M666.453333 17.92v221.866667c0 15.36 11.946667 27.306667 27.306667 27.306666H913.066667L666.453333 17.92z m0 0M778.24 658.773333H247.466667c-11.946667 0-21.333333-9.386667-21.333334-21.333333v-1.706667c0-11.946667 9.386667-21.333333 21.333334-21.333333h530.773333c11.946667 0 21.333333 9.386667 21.333333 21.333333v1.706667c0 11.093333-9.386667 21.333333-21.333333 21.333333zM547.84 756.906667H246.613333c-11.093333 0-20.48-9.386667-20.48-20.48v-3.413334c0-11.093333 9.386667-20.48 20.48-20.48h301.226667c11.093333 0 20.48 9.386667 20.48 20.48v3.413334c0 11.093333-9.386667 20.48-20.48 20.48zM448.853333 855.893333H243.2c-9.386667 0-17.066667-7.68-17.066667-17.066666v-10.24c0-9.386667 7.68-17.066667 17.066667-17.066667h205.653333c9.386667 0 17.066667 7.68 17.066667 17.066667v10.24c0 9.386667-7.68 17.066667-17.066667 17.066666z\" fill=\"#82B0FF\">\u003C/path>\u003Cpath d=\"M231.253333 285.866667h40.96l16.213334 98.986666c3.413333 21.333333 5.973333 42.666667 9.386666 64.853334h0.853334c4.266667-21.333333 8.533333-43.52 12.8-64.853334l23.893333-98.986666h34.133333l23.893334 98.986666c4.266667 20.48 8.533333 42.666667 12.8 64.853334h1.706666c3.413333-22.186667 5.973333-43.52 9.386667-64.853334l16.213333-98.986666h38.4l-37.546666 203.093333H384l-23.04-99.84c-3.413333-16.213333-5.973333-31.573333-8.533333-46.933333h-0.853334c-2.56 15.36-5.12 30.72-8.533333 46.933333l-22.186667 99.84h-49.493333l-40.106667-203.093333z\" fill=\"#FFFFFF\">\u003C/path>\u003C/symbol>\u003Csymbol id=\"iconfile\" viewBox=\"0 0 1024 1024\">\u003Cpath d=\"M136.533333 12.8h522.24L907.093333 264.533333v719.36c0 15.36-12.8 28.16-28.16 28.16H136.533333c-15.36 0-28.16-12.8-28.16-28.16V40.106667c0.853333-15.36 12.8-27.306667 28.16-27.306667z m0 0\" fill=\"#94C9FF\">\u003C/path>\u003Cpath d=\"M659.626667 12.8v223.573333c0 15.36 12.8 28.16 28.16 28.16h221.013333L659.626667 12.8z m0 0\" fill=\"#BFDFFF\">\u003C/path>\u003Cpath d=\"M353.28 407.04l296.106667-68.266667c35.84-8.533333 50.346667 26.453333 50.346666 48.64v304.64c0 22.186667-15.36 57.173333-50.346666 48.64l-296.106667-68.266666c-19.626667-4.266667-36.693333-17.92-36.693333-40.106667V447.146667c0-22.186667 17.066667-34.986667 36.693333-40.106667zM375.466667 426.666667c-31.573333 6.826667-31.573333 7.68-31.573334 34.133333v158.72c0 26.453333 9.386667 29.013333 31.573334 34.133333l253.44 58.026667c43.52 11.093333 43.52-2.56 43.52-41.813333V409.6c0-36.693333-2.56-51.2-43.52-41.813333L375.466667 426.666667z\" fill=\"#FFFFFF\">\u003C/path>\u003Cpath d=\"M342.186667 445.44l333.653333 82.773333v29.013334l-333.653333-85.333334z\" fill=\"#FFFFFF\">\u003C/path>\u003Cpath d=\"M549.546667 523.946667l-53.76 157.866666 24.746666 5.973334 55.466667-157.013334z\" fill=\"#FFFFFF\">\u003C/path>\u003C/symbol>\u003Csymbol id=\"iconjpg\" viewBox=\"0 0 1024 1024\">\u003Cpath d=\"M143.36 12.8H665.6L913.92 264.533333v719.36c0 15.36-12.8 28.16-28.16 28.16h-742.4c-15.36 0-28.16-12.8-28.16-28.16V40.106667c0.853333-15.36 12.8-27.306667 28.16-27.306667z m0 0\" fill=\"#73B9FF\">\u003C/path>\u003Cpath d=\"M665.6 12.8v223.573333c0 15.36 12.8 28.16 28.16 28.16h221.013333L665.6 12.8z m0 0\" fill=\"#99CCFF\">\u003C/path>\u003Cpath d=\"M407.893333 374.613333m-61.44 0a61.44 61.44 0 1 0 122.88 0 61.44 61.44 0 1 0-122.88 0Z\" fill=\"#FFFFFF\">\u003C/path>\u003Cpath d=\"M318.293333 659.626667c22.186667-47.786667 58.88-125.44 68.266667-143.36l5.12-7.68c11.093333-11.093333 43.52-37.546667 53.76 19.626666 0.853333 5.973333 0 11.093333-1.706667 16.213334l-15.36 33.28c-8.533333 18.773333 5.973333 40.106667 26.453334 39.253333 9.386667-0.853333 18.773333-6.826667 23.04-15.36l87.893333-176.64c10.24-20.48 40.106667-20.48 49.493333 0.853333L725.333333 659.626667c8.533333 17.92-5.12 39.253333-24.746666 39.253333H343.04c-20.48 0-33.28-20.48-24.746667-39.253333z\" fill=\"#FFFFFF\">\u003C/path>\u003C/symbol>\u003Csymbol id=\"iconmp3\" viewBox=\"0 0 1024 1024\">\u003Cpath d=\"M138.24 12.8h522.24L908.8 264.533333v719.36c0 15.36-12.8 28.16-28.16 28.16h-742.4c-15.36 0-28.16-12.8-28.16-28.16V40.106667c0.853333-15.36 12.8-27.306667 28.16-27.306667z m0 0\" fill=\"#C36DFF\">\u003C/path>\u003Cpath d=\"M660.48 12.8v223.573333c0 15.36 12.8 28.16 28.16 28.16h221.013333L660.48 12.8z m0 0\" fill=\"#D08EFF\">\u003C/path>\u003Cpath d=\"M439.466667 515.413333c-66.56 0-121.173333 54.613333-121.173334 121.173334 0 66.56 54.613333 121.173333 121.173334 121.173333s121.173333-54.613333 121.173333-121.173333c0-67.413333-54.613333-121.173333-121.173333-121.173334z m0 201.386667c-44.373333 0-81.066667-35.84-81.066667-81.066667 0-44.373333 35.84-81.066667 81.066667-81.066666s81.066667 35.84 81.066666 81.066666c-0.853333 45.226667-36.693333 81.066667-81.066666 81.066667zM640.853333 579.413333c-5.973333 0-11.093333-2.56-15.36-6.826666-3.413333-4.266667-5.12-9.386667-5.12-14.506667s2.56-10.24 6.826667-13.653333c31.573333-28.16 42.666667-72.533333 27.306667-111.786667-14.506667-39.253333-52.053333-65.706667-93.866667-65.706667-11.093333 0-20.48-9.386667-20.48-20.48 0-11.093333 9.386667-20.48 20.48-20.48 77.653333 0 141.653333 63.146667 141.653333 141.653334 0 40.96-17.066667 79.36-47.786666 105.813333-4.266667 4.266667-8.533333 5.973333-13.653334 5.973333z\" fill=\"#FFFFFF\">\u003C/path>\u003Cpath d=\"M519.68 326.826667h40.106667v309.76h-40.106667z\" fill=\"#FFFFFF\">\u003C/path>\u003C/symbol>\u003Csymbol id=\"iconpdf\" viewBox=\"0 0 1024 1024\">\u003Cpath d=\"M138.24 11.946667h522.24l249.173333 250.88v720.213333c0 15.36-11.946667 27.306667-27.306666 27.306667H138.24c-15.36 0-27.306667-11.946667-27.306667-27.306667V40.96c0-15.36 11.946667-29.013333 27.306667-29.013333z m0 0\" fill=\"#F16A6A\">\u003C/path>\u003Cpath d=\"M660.48 11.946667v223.573333c0 15.36 11.946667 27.306667 27.306667 27.306667h220.16L660.48 11.946667z m0 0\" fill=\"#FF9B9B\">\u003C/path>\u003Cpath d=\"M907.946667 988.16v-122.88H836.266667c-240.64-221.866667-261.12-399.36-261.12-399.36-3.413333-13.653333-29.013333-49.493333-29.013334-49.493333-29.013333-46.08-52.906667 29.013333-52.906666 29.013333L133.12 1010.346667h80.213333l15.36-22.186667L426.666667 955.733333c199.68-27.306667 377.173333-32.426667 377.173333-32.426666l104.106667 64.853333zM252.586667 955.733333s232.106667-324.266667 262.826666-418.133333c0 0 112.64 245.76 226.986667 334.506667L252.586667 955.733333z\" fill=\"#FFFFFF\">\u003C/path>\u003C/symbol>\u003Csymbol id=\"iconmp4\" viewBox=\"0 0 1024 1024\">\u003Cpath d=\"M140.8 12.8h522.24L911.36 264.533333v719.36c0 15.36-12.8 28.16-28.16 28.16h-742.4c-15.36 0-28.16-12.8-28.16-28.16V40.106667c0-15.36 12.8-27.306667 28.16-27.306667z m0 0\" fill=\"#8465FF\">\u003C/path>\u003Cpath d=\"M663.04 12.8v223.573333c0 15.36 12.8 28.16 28.16 28.16h221.013333L663.04 12.8z m0 0\" fill=\"#A791FF\">\u003C/path>\u003Cpath d=\"M384 512V345.6c0-20.48 25.6-30.72 42.666667-17.92l91.306666 75.093333L630.613333 494.933333c11.093333 9.386667 11.093333 25.6 0 34.986667L518.826667 621.226667 426.666667 696.32c-16.213333 13.653333-42.666667 2.56-42.666667-17.92V512z\" fill=\"#FFFFFF\">\u003C/path>\u003C/symbol>\u003Csymbol id=\"iconphp\" viewBox=\"0 0 1024 1024\">\u003Cpath d=\"M142.506667 12.8h522.24L913.066667 263.68v719.36c0 15.36-12.8 28.16-28.16 28.16h-742.4c-15.36 0-28.16-12.8-28.16-28.16V40.106667c0-15.36 12.8-27.306667 28.16-27.306667z m0 0\" fill=\"#5E6D96\">\u003C/path>\u003Cpath d=\"M664.746667 12.8v223.573333c0 15.36 12.8 28.16 28.16 28.16H913.066667L664.746667 12.8z m0 0\" fill=\"#8695C0\">\u003C/path>\u003Cpath d=\"M271.36 530.773333a242.346667 156.16 0 1 0 484.693333 0 242.346667 156.16 0 1 0-484.693333 0Z\" fill=\"#FFFFFF\">\u003C/path>\u003Cpath d=\"M365.226667 468.48h40.106666c27.306667 0 47.786667 9.386667 47.786667 38.4 0 28.16-21.333333 40.96-47.786667 40.96h-16.213333v43.52h-24.746667V468.48z m39.253333 59.733333c17.066667 0 24.746667-6.826667 24.746667-21.333333s-8.533333-18.773333-25.6-18.773333h-13.653334v40.106666h14.506667zM474.453333 459.093333h23.893334v33.28l-0.853334 17.066667c7.68-6.826667 16.213333-13.653333 29.013334-13.653333 20.48 0 29.013333 13.653333 29.013333 37.546666v58.026667h-24.746667v-54.613333c0-14.506667-4.266667-19.626667-12.8-19.626667-7.68 0-12.8 3.413333-19.626666 10.24v64h-23.893334V459.093333zM581.973333 468.48h40.106667c27.306667 0 47.786667 9.386667 47.786667 38.4 0 28.16-21.333333 40.96-47.786667 40.96H605.866667v43.52h-24.746667V468.48z m39.253334 59.733333c17.066667 0 24.746667-6.826667 24.746666-21.333333s-8.533333-18.773333-25.6-18.773333h-13.653333v40.106666h14.506667z\" fill=\"#5E6D96\">\u003C/path>\u003C/symbol>\u003Csymbol id=\"iconppt\" viewBox=\"0 0 1024 1024\">\u003Cpath d=\"M140.8 12.8h522.24L911.36 264.533333v719.36c0 15.36-12.8 28.16-28.16 28.16h-742.4c-15.36 0-28.16-12.8-28.16-28.16V40.106667c0-15.36 12.8-27.306667 28.16-27.306667z m0 0\" fill=\"#FF9752\">\u003C/path>\u003Cpath d=\"M663.04 12.8v223.573333c0 15.36 12.8 28.16 28.16 28.16h221.013333L663.04 12.8z m0 0\" fill=\"#FFB07B\">\u003C/path>\u003Cpath d=\"M391.68 384.853333h109.226667c74.24 0 130.56 25.6 130.56 104.96 0 75.946667-57.173333 110.08-128.853334 110.08h-44.373333v118.613334h-66.56V384.853333z m106.666667 162.133334c46.08 0 68.266667-19.626667 68.266666-58.026667s-24.746667-52.053333-69.973333-52.053333h-37.546667V546.133333h39.253334z\" fill=\"#FFFEFE\">\u003C/path>\u003C/symbol>\u003Csymbol id=\"iconpsd\" viewBox=\"0 0 1024 1024\">\u003Cpath d=\"M136.533333 12.8h522.24L907.093333 264.533333v719.36c0 15.36-12.8 28.16-28.16 28.16H136.533333c-15.36 0-28.16-12.8-28.16-28.16V40.106667c0-15.36 12.8-27.306667 28.16-27.306667z m0 0\" fill=\"#73B9FF\">\u003C/path>\u003Cpath d=\"M658.773333 12.8v223.573333c0 15.36 12.8 28.16 28.16 28.16h221.013334L658.773333 12.8z m0 0\" fill=\"#99CCFF\">\u003C/path>\u003Cpath d=\"M302.08 385.706667h91.306667c61.44 0 109.226667 21.333333 109.226666 87.04 0 63.146667-47.786667 92.16-107.52 92.16h-37.546666v98.986666h-55.466667V385.706667z m88.746667 135.68c38.4 0 56.32-16.213333 56.32-47.786667 0-32.426667-20.48-43.52-58.88-43.52h-31.573334v91.306667h34.133334zM529.066667 628.053333l31.573333-38.4c19.626667 18.773333 46.08 30.72 70.826667 30.72 29.013333 0 44.373333-12.8 44.373333-31.573333 0-20.48-17.066667-27.306667-41.813333-37.546667L597.333333 535.893333c-28.16-11.946667-56.32-34.133333-56.32-75.093333 0-45.226667 40.106667-80.213333 96.426667-80.213333 32.426667 0 64.853333 12.8 87.04 35.84l-28.16 34.986666c-17.92-14.506667-35.84-23.04-58.88-23.04-24.746667 0-40.106667 11.093333-40.106667 29.013334 0 19.626667 19.626667 27.306667 43.52 36.693333l36.693334 15.36c34.133333 13.653333 56.32 34.986667 56.32 75.093333 0 45.226667-37.546667 84.48-102.4 84.48-37.546667 0-75.093333-14.506667-102.4-40.96z\" fill=\"#FCFDFF\">\u003C/path>\u003C/symbol>\u003Csymbol id=\"iconswf\" viewBox=\"0 0 1024 1024\">\u003Cpath d=\"M140.8 12.8h522.24L911.36 264.533333v719.36c0 15.36-12.8 28.16-28.16 28.16h-742.4c-15.36 0-28.16-12.8-28.16-28.16V40.106667c0-15.36 12.8-27.306667 28.16-27.306667z m0 0\" fill=\"#F16A6A\">\u003C/path>\u003Cpath d=\"M663.04 12.8v223.573333c0 15.36 12.8 28.16 28.16 28.16h221.013333L663.04 12.8z m0 0\" fill=\"#FF9B9B\">\u003C/path>\u003Cpath d=\"M347.306667 726.186667v-70.826667S469.333333 643.413333 493.226667 486.4c0.853333-8.533333 3.413333-16.213333 6.826666-23.893333C515.413333 426.666667 565.76 332.8 678.4 337.066667v86.186666s-93.866667 14.506667-102.4 81.066667h63.146667v79.36H539.306667S503.466667 730.453333 347.306667 726.186667z\" fill=\"#FCFDFF\">\u003C/path>\u003C/symbol>\u003Csymbol id=\"icontxt\" viewBox=\"0 0 1024 1024\">\u003Cpath d=\"M140.8 12.8h522.24L911.36 264.533333v719.36c0 15.36-12.8 28.16-28.16 28.16h-742.4c-15.36 0-28.16-12.8-28.16-28.16V40.106667c0-15.36 12.8-27.306667 28.16-27.306667z m0 0\" fill=\"#5993F7\">\u003C/path>\u003Cpath d=\"M663.04 12.8v223.573333c0 15.36 12.8 28.16 28.16 28.16h221.013333L663.04 12.8z m0 0\" fill=\"#82B0FF\">\u003C/path>\u003Cpath d=\"M456.533333 443.733333H366.933333v-52.906666h242.346667V443.733333H519.68v264.533334h-63.146667V443.733333z\" fill=\"#FCFDFF\">\u003C/path>\u003C/symbol>\u003Csymbol id=\"iconxls\" viewBox=\"0 0 1024 1024\">\u003Cpath d=\"M133.973333 12.8h522.24L904.533333 264.533333v719.36c0 15.36-12.8 28.16-28.16 28.16h-742.4c-15.36 0-28.16-12.8-28.16-28.16V40.106667c0.853333-15.36 12.8-27.306667 28.16-27.306667z m0 0\" fill=\"#6FC470\">\u003C/path>\u003Cpath d=\"M656.213333 12.8v223.573333c0 15.36 12.8 28.16 28.16 28.16h221.013334L656.213333 12.8z m0 0\" fill=\"#85DB86\">\u003C/path>\u003Cpath d=\"M282.453333 349.013333l-47.786666-78.506666h46.08l16.213333 29.013333c4.266667 9.386667 9.386667 18.773333 14.506667 27.306667h0.853333c3.413333-9.386667 8.533333-18.773333 11.946667-27.306667l13.653333-29.013333h44.373333l-47.786666 83.626666 51.2 81.066667h-46.08l-17.92-29.866667c-5.12-9.386667-10.24-19.626667-16.213334-29.013333h-1.706666c-4.266667 9.386667-9.386667 18.773333-13.653334 29.013333L274.773333 435.2H230.4l52.053333-86.186667z\" fill=\"#FCFDFF\">\u003C/path>\u003Cpath d=\"M453.973333 639.146667H251.733333c-12.8 0-23.04-10.24-23.04-23.04 0-12.8 10.24-23.04 23.04-23.04h202.24c12.8 0 23.04 10.24 23.04 23.04 0 12.8-11.093333 23.04-23.04 23.04zM760.32 639.146667H558.08c-12.8 0-23.04-10.24-23.04-23.04 0-12.8 10.24-23.04 23.04-23.04h202.24c12.8 0 23.04 10.24 23.04 23.04-0.853333 12.8-11.093333 23.04-23.04 23.04zM453.973333 729.6H251.733333c-12.8 0-23.04-10.24-23.04-23.04 0-12.8 10.24-23.04 23.04-23.04h202.24c12.8 0 23.04 10.24 23.04 23.04 0 12.8-11.093333 23.04-23.04 23.04zM760.32 729.6H558.08c-12.8 0-23.04-10.24-23.04-23.04 0-12.8 10.24-23.04 23.04-23.04h202.24c12.8 0 23.04 10.24 23.04 23.04-0.853333 12.8-11.093333 23.04-23.04 23.04zM453.973333 820.053333H251.733333c-12.8 0-23.04-10.24-23.04-23.04 0-12.8 10.24-23.04 23.04-23.04h202.24c12.8 0 23.04 10.24 23.04 23.04 0 12.8-11.093333 23.04-23.04 23.04zM760.32 820.053333H558.08c-12.8 0-23.04-10.24-23.04-23.04 0-12.8 10.24-23.04 23.04-23.04h202.24c12.8 0 23.04 10.24 23.04 23.04-0.853333 12.8-11.093333 23.04-23.04 23.04z\" fill=\"#A8DBA9\">\u003C/path>\u003C/symbol>\u003Csymbol id=\"iconinfo_1\" viewBox=\"0 0 1024 1024\">\u003Cpath d=\"M512 85.333333c235.648 0 426.666667 191.018667 426.666667 426.666667s-191.018667 426.666667-426.666667 426.666667S85.333333 747.648 85.333333 512 276.352 85.333333 512 85.333333z m0 77.568a349.098667 349.098667 0 1 0 0 698.197334 349.098667 349.098667 0 0 0 0-698.197334z m19.370667 290.901334a19.413333 19.413333 0 0 1 19.413333 19.413333v174.506667h31.530667a19.370667 19.370667 0 0 1 19.370666 19.413333v41.216a19.413333 19.413333 0 0 1-19.370666 19.413333h-147.882667a19.413333 19.413333 0 0 1-19.413333-19.413333v-41.216a19.370667 19.370667 0 0 1 19.413333-19.370667h38.784v-113.92h-19.413333a19.370667 19.370667 0 0 1-19.370667-19.413333v-41.216a19.370667 19.370667 0 0 1 19.370667-19.413333h77.610666z m0-155.136a19.413333 19.413333 0 0 1 19.413333 19.413333v58.154667a19.413333 19.413333 0 0 1-19.413333 19.413333h-58.154667a19.413333 19.413333 0 0 1-19.413333-19.413333V318.08A19.413333 19.413333 0 0 1 473.216 298.666667h58.197333z\" fill=\"#6B7785\">\u003C/path>\u003C/symbol>\u003Csymbol id=\"iconshortcut\" viewBox=\"0 0 1024 1024\">\u003Cpath d=\"M866.133333 1024h-708.266666C70.826667 1024 0 953.173333 0 866.133333v-708.266666C0 70.826667 70.826667 0 157.866667 0h708.266666C953.173333 0 1024 70.826667 1024 157.866667v708.266666c0 87.04-70.826667 157.866667-157.866667 157.866667z\" fill=\"#F5F5F5\">\u003C/path>\u003Cpath d=\"M290.133333 198.826667h491.52V699.733333c-11.946667-12.8-21.333333-23.893333-31.573333-34.133333-37.546667-37.546667-75.093333-75.093333-111.786667-112.64-5.973333-5.973333-9.386667-8.533333-16.213333-1.706667-47.786667 48.64-98.133333 95.573333-144.213333 146.773334-51.2 57.173333-52.906667 130.56-25.6 189.44 3.413333 7.68 10.24 14.506667 14.506666 22.186666 2.56 4.266667 3.413333 9.386667 5.12 14.506667-5.12 0.853333-10.24 4.266667-15.36 3.413333-40.106667-3.413333-75.946667-17.92-105.813333-44.373333-74.24-65.706667-116.906667-145.92-106.666667-247.466667 5.973333-60.586667 29.013333-113.493333 74.24-157.013333 40.106667-38.4 77.653333-78.506667 116.053334-117.76 7.68-7.68 4.266667-11.093333-1.706667-17.92-46.933333-46.933333-93.866667-93.866667-140.8-141.653333-0.853333 0.853333-0.853333 0-1.706667-2.56z\" fill=\"#7D4DF8\">\u003C/path>\u003C/symbol>\u003Csymbol id=\"iconmore_help\" viewBox=\"0 0 1024 1024\">\u003Cpath d=\"M512 85.333333c235.648 0 426.666667 191.018667 426.666667 426.666667s-191.018667 426.666667-426.666667 426.666667S85.333333 747.648 85.333333 512 276.352 85.333333 512 85.333333z m0 77.568a349.098667 349.098667 0 1 0 0 698.197334 349.098667 349.098667 0 0 0 0-698.197334z m19.370667 504.234667a19.413333 19.413333 0 0 1 19.413333 19.413333V725.333333a19.413333 19.413333 0 0 1-19.413333 19.370667h-38.784a19.370667 19.370667 0 0 1-19.370667-19.370667v-38.826666a19.413333 19.413333 0 0 1 19.413333-19.370667h38.784z m-24.874667-387.84c46.08 0 84.394667 11.136 114.901333 33.450667 30.506667 22.4 45.738667 55.466667 45.738667 99.285333 0 26.88-6.613333 49.493333-19.882667 67.925333-7.765333 11.136-22.613333 25.386667-44.672 42.794667l-21.717333 17.066667c-11.818667 9.301333-19.712 20.181333-23.594667 32.554666-1.024 3.413333-1.962667 9.685333-2.773333 18.901334a19.413333 19.413333 0 0 1-19.285333 17.706666h-43.477334a19.413333 19.413333 0 0 1-19.370666-19.413333v-0.853333l0.085333-0.938667c2.517333-26.965333 5.162667-44.074667 8.021333-51.2 5.333333-13.354667 18.986667-28.714667 41.002667-46.08l22.357333-17.706667c7.338667-5.546667 45.184-32.213333 45.184-55.808s-4.096-32.298667-15.957333-45.226666c-11.818667-12.928-38.528-17.109333-62.592-17.109334-23.68 0-43.904 6.272-53.76 22.186667a112.341333 112.341333 0 0 0-11.050667 23.296c-1.28 3.84-2.176 7.850667-2.816 11.904a19.370667 19.370667 0 0 1-19.114666 16.085333H378.026667a19.370667 19.370667 0 0 1-19.413334-19.370666v-1.066667l0.128-1.109333c0.469333-4.352 0.981333-7.978667 1.536-10.837334 7.552-42.112 26.666667-73.045333 57.429334-92.885333 24.064-15.701333 53.674667-23.594667 88.746666-23.594667z\" fill=\"#6B7785\">\u003C/path>\u003C/symbol>\u003Csymbol id=\"iconsevere\" viewBox=\"0 0 1024 1024\">\u003Cpath d=\"M10.257749 817.493333l478.72-683.52c13.653333-19.626667 36.693333-19.626667 50.346667 0l473.6 683.52c22.186667 32.426667 6.826667 87.04-24.746667 87.04H35.857749c-31.573333 0-47.786667-54.613333-25.6-87.04z\" fill=\"#E64040\">\u003C/path>\u003Cpath d=\"M512.017749 705.706667c-21.333333 0-38.4-17.066667-38.4-38.4V373.76c0-21.333333 17.066667-38.4 38.4-38.4s38.4 17.066667 38.4 38.4v293.546667c0 21.333333-17.92 38.4-38.4 38.4z\" fill=\"#FFFFFF\">\u003C/path>\u003Cpath d=\"M512.017749 774.826667m-38.4 0a38.4 38.4 0 1 0 76.8 0 38.4 38.4 0 1 0-76.8 0Z\" fill=\"#FFFFFF\">\u003C/path>\u003C/symbol>\u003Csymbol id=\"iconsmall_screen\" viewBox=\"0 0 1024 1024\">\u003Cpath d=\"M725.333333 341.333333a42.666667 42.666667 0 0 1-42.666666-42.666666V106.666667a21.333333 21.333333 0 0 1 21.333333-21.333334h42.666667a21.333333 21.333333 0 0 1 21.333333 21.333334V256h149.333333a21.333333 21.333333 0 0 1 21.333334 21.333333v42.666667a21.333333 21.333333 0 0 1-21.333334 21.333333H725.333333zM298.666667 682.666667a42.666667 42.666667 0 0 1 42.666666 42.666666v192a21.333333 21.333333 0 0 1-21.333333 21.333334h-42.666667a21.333333 21.333333 0 0 1-21.333333-21.333334V768H106.666667a21.333333 21.333333 0 0 1-21.333334-21.333333v-42.666667a21.333333 21.333333 0 0 1 21.333334-21.333333H298.666667z m384 42.666666a42.666667 42.666667 0 0 1 42.666666-42.666666h192a21.333333 21.333333 0 0 1 21.333334 21.333333v42.666667a21.333333 21.333333 0 0 1-21.333334 21.333333H768v149.333333a21.333333 21.333333 0 0 1-21.333333 21.333334h-42.666667a21.333333 21.333333 0 0 1-21.333333-21.333334V725.333333zM341.333333 298.666667a42.666667 42.666667 0 0 1-42.666666 42.666666H106.666667a21.333333 21.333333 0 0 1-21.333334-21.333333v-42.666667a21.333333 21.333333 0 0 1 21.333334-21.333333H256V106.666667a21.333333 21.333333 0 0 1 21.333333-21.333334h42.666667a21.333333 21.333333 0 0 1 21.333333 21.333334V298.666667z\" fill=\"#1D2129\">\u003C/path>\u003C/symbol>\u003Csymbol id=\"iconfull_screen\" viewBox=\"0 0 1024 1024\">\u003Cpath d=\"M85.333333 128a42.666667 42.666667 0 0 1 42.666667-42.666667h192a21.333333 21.333333 0 0 1 21.333333 21.333334v42.666666a21.333333 21.333333 0 0 1-21.333333 21.333334H170.666667v149.333333a21.333333 21.333333 0 0 1-21.333334 21.333333h-42.666666a21.333333 21.333333 0 0 1-21.333334-21.333333V128z m853.333334 768a42.666667 42.666667 0 0 1-42.666667 42.666667h-192a21.333333 21.333333 0 0 1-21.333333-21.333334v-42.666666a21.333333 21.333333 0 0 1 21.333333-21.333334H853.333333v-149.333333a21.333333 21.333333 0 0 1 21.333334-21.333333h42.666666a21.333333 21.333333 0 0 1 21.333334 21.333333V896zM128 938.666667a42.666667 42.666667 0 0 1-42.666667-42.666667v-192a21.333333 21.333333 0 0 1 21.333334-21.333333h42.666666a21.333333 21.333333 0 0 1 21.333334 21.333333V853.333333h149.333333a21.333333 21.333333 0 0 1 21.333333 21.333334v42.666666a21.333333 21.333333 0 0 1-21.333333 21.333334H128zM896 85.333333a42.666667 42.666667 0 0 1 42.666667 42.666667v192a21.333333 21.333333 0 0 1-21.333334 21.333333h-42.666666a21.333333 21.333333 0 0 1-21.333334-21.333333V170.666667h-149.333333a21.333333 21.333333 0 0 1-21.333333-21.333334v-42.666666a21.333333 21.333333 0 0 1 21.333333-21.333334H896z\" fill=\"#1D2129\">\u003C/path>\u003C/symbol>\u003Csymbol id=\"iconTransfer_task_bg\" viewBox=\"0 0 1024 1024\">\u003Cpath d=\"M917.333333 832a21.333333 21.333333 0 0 1 21.333334 21.333333v42.666667a21.333333 21.333333 0 0 1-21.333334 21.333333h-810.666666A21.333333 21.333333 0 0 1 85.333333 896v-42.666667a21.333333 21.333333 0 0 1 21.333334-21.333333h810.666666zM896 128a42.666667 42.666667 0 0 1 42.666667 42.666667v512a42.666667 42.666667 0 0 1-42.666667 42.666666H128a42.666667 42.666667 0 0 1-42.666667-42.666666V170.666667a42.666667 42.666667 0 0 1 42.666667-42.666667h768zM170.666667 213.333333v426.666667h682.666666V213.333333H170.666667z\" fill=\"#1D2129\">\u003C/path>\u003Cpath d=\"M602.752 597.333333a10.581333 10.581333 0 0 0 7.168-2.816 9.173333 9.173333 0 0 0 2.986667-6.698666V378.581333h62.72a6.442667 6.442667 0 0 0 3.2-0.853333 5.888 5.888 0 0 0 2.261333-2.304 5.333333 5.333333 0 0 0-0.682667-5.973333L561.109333 261.12a9.941333 9.941333 0 0 0-2.901333-2.346667 10.88 10.88 0 0 0-11.093333-1.962666 10.026667 10.026667 0 0 0-4.48 3.498666 8.96 8.96 0 0 0-1.706667 5.248v322.304c0 2.517333 1.066667 4.906667 2.986667 6.698667a10.581333 10.581333 0 0 0 7.210666 2.773333h51.626667z m-128.042667-1.706666a9.685333 9.685333 0 0 0 3.114667-3.413334 8.917333 8.917333 0 0 0 1.152-4.352V265.6a9.173333 9.173333 0 0 0-2.986667-6.698667 10.581333 10.581333 0 0 0-7.210666-2.773333H420.309333a10.581333 10.581333 0 0 0-7.253333 2.773333 9.173333 9.173333 0 0 0-2.986667 6.698667v209.237333H347.477333a6.442667 6.442667 0 0 0-3.242666 0.853334 5.888 5.888 0 0 0-2.218667 2.304 5.333333 5.333333 0 0 0 0.64 5.973333l116.224 108.373333a9.984 9.984 0 0 0 2.858667 2.346667 10.752 10.752 0 0 0 13.013333 0.896z\" fill=\"#1D2129\">\u003C/path>\u003C/symbol>\u003Csymbol id=\"iconQR_code\" viewBox=\"0 0 1024 1024\">\u003Cpath d=\"M192 490.666667h298.666667v-298.666667h-298.666667v298.666667z m-42.666667-384h384a42.666667 42.666667 0 0 1 42.666667 42.666666v384a42.666667 42.666667 0 0 1-42.666667 42.666667h-384a42.666667 42.666667 0 0 1-42.666666-42.666667v-384a42.666667 42.666667 0 0 1 42.666666-42.666666z m128 170.666666h128v128h-128v-128zM192 725.333333v106.666667H298.666667V725.333333H192z m-42.666667-85.333333H341.333333a42.666667 42.666667 0 0 1 42.666667 42.666667v192a42.666667 42.666667 0 0 1-42.666667 42.666666H149.333333a42.666667 42.666667 0 0 1-42.666666-42.666666V682.666667a42.666667 42.666667 0 0 1 42.666666-42.666667zM725.333333 192V298.666667h106.666667V192H725.333333z m-42.666666-85.333333h192a42.666667 42.666667 0 0 1 42.666666 42.666666V341.333333a42.666667 42.666667 0 0 1-42.666666 42.666667H682.666667a42.666667 42.666667 0 0 1-42.666667-42.666667V149.333333a42.666667 42.666667 0 0 1 42.666667-42.666666zM725.333333 725.333333v106.666667h106.666667V725.333333H725.333333z m-42.666666-85.333333h192a42.666667 42.666667 0 0 1 42.666666 42.666667v192a42.666667 42.666667 0 0 1-42.666666 42.666666H682.666667a42.666667 42.666667 0 0 1-42.666667-42.666666V682.666667a42.666667 42.666667 0 0 1 42.666667-42.666667z m-213.333334 0h85.333334v85.333333h-85.333334v-85.333333z m0 149.333333h85.333334v128h-85.333334v-128z m170.666667-320h85.333333v85.333334h-85.333333v-85.333334z m149.333333 0h128v85.333334h-128v-85.333334z\" fill=\"#1D2129\">\u003C/path>\u003C/symbol>\u003Csymbol id=\"iconLock_Yellow\" viewBox=\"0 0 1024 1024\">\u003Cpath d=\"M746.666667 320a234.666667 234.666667 0 0 0-469.333334 0v85.333333H170.666667a42.666667 42.666667 0 0 0-42.666667 42.666667V896a42.666667 42.666667 0 0 0 42.666667 42.666667h682.666666a42.666667 42.666667 0 0 0 42.666667-42.666667V448a42.666667 42.666667 0 0 0-42.666667-42.666667h-106.666666v-85.333333zM213.333333 853.333333v-362.666666h597.333334V853.333333H213.333333z m320-298.666666a21.333333 21.333333 0 0 1 21.333334 21.333333V768a21.333333 21.333333 0 0 1-21.333334 21.333333h-42.666666a21.333333 21.333333 0 0 1-21.333334-21.333333v-192a21.333333 21.333333 0 0 1 21.333334-21.333333h42.666666z m-170.666666-234.666667a149.333333 149.333333 0 1 1 298.666666 0v85.333333h-298.666666v-85.333333z\" fill=\"#FFA510\">\u003C/path>\u003C/symbol>\u003Csymbol id=\"iconunlock\" viewBox=\"0 0 1024 1024\">\u003Cpath d=\"M512 85.333333a234.666667 234.666667 0 0 1 234.666667 234.666667c0 11.776-19.114667 21.333333-42.666667 21.333333s-42.666667-9.557333-42.666667-21.333333A149.418667 149.418667 0 0 0 512 170.666667a149.418667 149.418667 0 0 0-149.333333 149.333333v85.333333H853.333333a42.666667 42.666667 0 0 1 42.666667 42.666667V896a42.666667 42.666667 0 0 1-42.666667 42.666667H170.666667a42.666667 42.666667 0 0 1-42.666667-42.666667V448a42.666667 42.666667 0 0 1 42.666667-42.666667h106.666666v-85.333333A234.666667 234.666667 0 0 1 512 85.333333zM213.333333 853.333333h597.333334v-362.666666H213.333333V853.333333z m320-298.666666a21.333333 21.333333 0 0 1 21.333334 21.333333V768a21.333333 21.333333 0 0 1-21.333334 21.333333h-42.666666a21.333333 21.333333 0 0 1-21.333334-21.333333v-192a21.333333 21.333333 0 0 1 21.333334-21.333333h42.666666z\" fill=\"#1D2129\">\u003C/path>\u003C/symbol>\u003Csymbol id=\"iconfolder\" viewBox=\"0 0 1024 1024\">\u003Cpath d=\"M351.010133 0a136.533333 136.533333 0 0 1 84.650667 29.4144L495.633067 76.8H887.466667c75.409067 0 136.533333 61.124267 136.533333 136.533333v605.866667c0 113.109333-91.690667 204.8-204.8 204.8H640c-72.0384 0-135.3728-37.1968-171.886933-93.422933l-8.234667 11.0592A204.8 204.8 0 0 1 295.697067 1024H204.8c-113.109333 0-204.8-91.690667-204.8-204.8V136.533333C0 61.124267 61.124267 0 136.533333 0h214.4768z\" fill=\"#F8AA28\">\u003C/path>\u003Cpath d=\"M102.4 179.2m102.4 0l614.4 0q102.4 0 102.4 102.4l0 170.666667q0 102.4-102.4 102.4l-614.4 0q-102.4 0-102.4-102.4l0-170.666667q0-102.4 102.4-102.4Z\" fill=\"#FFEFD5\">\u003C/path>\u003Cpath d=\"M0 375.466667c0-56.5504 45.8496-102.4 102.4-102.4h819.2c56.5504 0 102.4 45.8496 102.4 102.4v512c0 75.409067-61.124267 136.533333-136.533333 136.533333H136.533333c-75.409067 0-136.533333-61.124267-136.533333-136.533333V375.466667z\" fill=\"#FBC931\">\u003C/path>\u003C/symbol>\u003Csymbol id=\"iconzoom_in\" viewBox=\"0 0 1024 1024\">\u003Cpath d=\"M475.648 85.333333a390.272 390.272 0 0 1 390.272 390.314667 388.693333 388.693333 0 0 1-88.106667 246.954667l155.136 155.178666a19.541333 19.541333 0 0 1 0 27.562667l-27.605333 27.605333a19.541333 19.541333 0 0 1-27.562667 0l-155.178666-155.136a388.693333 388.693333 0 0 1-246.954667 88.106667A390.272 390.272 0 0 1 85.333333 475.605333 390.272 390.272 0 0 1 475.648 85.333333z m0 78.08a312.234667 312.234667 0 1 0 0 624.426667 312.234667 312.234667 0 1 0 0-624.469333z m19.498667 156.117334a19.498667 19.498667 0 0 1 19.498666 19.498666v97.578667h97.578667a19.498667 19.498667 0 0 1 19.498667 19.498667v39.04a19.498667 19.498667 0 0 1-19.498667 19.498666h-97.578667v97.578667a19.498667 19.498667 0 0 1-19.498666 19.498667h-39.04a19.498667 19.498667 0 0 1-19.498667-19.498667v-97.578667H338.986667a19.498667 19.498667 0 0 1-19.498667-19.498666v-39.04a19.498667 19.498667 0 0 1 19.498667-19.498667h97.578666V339.029333a19.498667 19.498667 0 0 1 19.498667-19.498666h39.04z\" fill=\"#1D2129\">\u003C/path>\u003C/symbol>\u003Csymbol id=\"iconzoom_out\" viewBox=\"0 0 1024 1024\">\u003Cpath d=\"M475.648 85.333333a390.272 390.272 0 0 1 390.272 390.314667 388.693333 388.693333 0 0 1-88.106667 246.954667l155.136 155.178666a19.541333 19.541333 0 0 1 0 27.562667l-27.605333 27.605333a19.541333 19.541333 0 0 1-27.562667 0l-155.178666-155.136a388.693333 388.693333 0 0 1-246.954667 88.106667A390.272 390.272 0 0 1 85.333333 475.605333 390.272 390.272 0 0 1 475.648 85.333333z m0 78.08a312.234667 312.234667 0 1 0 0 624.426667 312.234667 312.234667 0 1 0 0-624.469333z m136.576 273.194667a19.498667 19.498667 0 0 1 19.498667 19.498667v39.04a19.498667 19.498667 0 0 1-19.498667 19.498666H339.029333a19.498667 19.498667 0 0 1-19.498666-19.498666v-39.04a19.498667 19.498667 0 0 1 19.498666-19.498667h273.194667z\" fill=\"#1D2129\">\u003C/path>\u003C/symbol>\u003Csymbol id=\"iconMy_shares\" viewBox=\"0 0 1024 1024\">\u003Cpath d=\"M124.586667 58.026667h159.573333c12.8 0 24.746667 4.266667 34.986667 12.8l54.613333 46.08c9.386667 8.533333 22.186667 12.8 34.986667 12.8h482.133333c41.813333 0 75.093333 34.133333 75.093333 75.093333v532.48c0 41.813333-34.133333 75.093333-75.093333 75.093333H124.586667c-41.813333 0-75.093333-34.133333-75.093334-75.093333V133.12c-0.853333-41.813333 33.28-75.093333 75.093334-75.093333z\" fill=\"#FFB02C\">\u003C/path>\u003Cpath d=\"M48.64 219.306667h841.386667c41.813333 0 75.093333 34.133333 75.093333 75.093333v547.84c0 13.653333-11.093333 23.893333-23.893333 23.893333H73.386667c-13.653333 0-23.893333-11.093333-23.893334-23.893333v-622.933333h-0.853333z\" fill=\"#FFCA28\">\u003C/path>\u003Cpath d=\"M48.64 219.306667h841.386667c41.813333 0 75.093333 34.133333 75.093333 75.093333v547.84c0 13.653333-11.093333 23.893333-23.893333 23.893333H73.386667c-13.653333 0-23.893333-11.093333-23.893334-23.893333v-622.933333h-0.853333z\" fill=\"#FFCA28\">\u003C/path>\u003Cpath d=\"M48.64 219.306667h841.386667c41.813333 0 75.093333 34.133333 75.093333 75.093333v547.84c0 13.653333-11.093333 23.893333-23.893333 23.893333H73.386667c-13.653333 0-23.893333-11.093333-23.893334-23.893333v-622.933333h-0.853333z\" fill=\"#FFCA28\">\u003C/path>\u003Cpath d=\"M1000.106667 744.96c-16.213333-29.013333-41.813333-18.773333-123.733334 3.413333-36.693333 10.24-69.973333 24.746667-155.306666 46.933334-31.573333 8.533333-64.853333 11.946667-107.52 0-43.52-11.946667-65.706667-20.48-88.746667-29.866667-23.893333-9.386667-57.173333-20.48-75.946667-33.28s-5.12-34.133333 11.093334-32.426667c29.866667 3.413333 66.56 22.186667 99.84 34.133334s58.88 23.04 98.986666 23.04c21.333333 0 39.253333-20.48 43.52-37.546667s-4.266667-40.106667-20.48-51.2c-11.093333-7.68-22.186667-14.506667-34.133333-20.48-33.28-17.92-65.706667-35.84-98.986667-52.906667-58.88-30.72-117.76-59.733333-180.053333-85.333333-62.293333-25.6-117.76-29.013333-175.786667 2.56-37.546667 20.48-75.093333 40.106667-112.64 59.733333-3.413333 1.706667-17.066667 9.386667-31.573333 17.92v285.013334h116.053333c46.933333 0 92.16 5.12 138.24 14.506666 68.266667 13.653333 187.733333 55.466667 289.28 78.506667 45.226667 10.24 103.253333 9.386667 146.773334-6.826667 84.48-32.426667 101.546667-45.226667 168.96-93.866666 69.973333-51.2 108.373333-93.866667 92.16-122.026667z\" fill=\"#0092FF\">\u003C/path>\u003C/symbol>\u003Csymbol id=\"iconarrow\" viewBox=\"0 0 1024 1024\">\u003Cpath d=\"M433.237333 430.72H285.525333c-1.408 0-2.773333-0.256-4.522666-0.469333a29.738667 29.738667 0 0 1-6.4-1.877334l-1.450667-0.725333c-0.938667-0.426667-1.877333-0.853333-2.816-1.408a32.128 32.128 0 0 1-13.781333-22.186667 34.986667 34.986667 0 0 1-0.426667-4.821333c0-0.426667-0.128-0.768-0.128-1.152 0-0.682667 0.128-1.322667 0.170667-2.005333 0.085333-0.725333 0.085333-1.408 0.213333-2.133334a34.389333 34.389333 0 0 1 5.546667-15.36l221.738666-273.152c5.845333-11.306667 17.365333-21.973333 28.330667-19.797333 10.965333-2.176 22.442667 8.490667 28.373333 19.797333l221.696 273.152a34.133333 34.133333 0 0 1 5.546667 15.36c0.128 0.725333 0.128 1.408 0.213333 2.133334 0 0.682667 0.170667 1.28 0.170667 2.005333l-0.085333 1.152a39.893333 39.893333 0 0 1-0.597334 5.674667 31.701333 31.701333 0 0 1-13.653333 21.333333c-0.938667 0.597333-1.877333 0.938667-2.858667 1.408l-1.408 0.725333c-0.938667 0.384-1.877333 0.682667-2.816 0.938667a26.069333 26.069333 0 0 1-3.968 0.938667c-1.365333 0.213333-2.730667 0.469333-4.138666 0.469333h-147.712v487.637333a20.650667 20.650667 0 0 1-5.76 14.336 19.413333 19.413333 0 0 1-13.909334 5.973334h-118.186666a19.413333 19.413333 0 0 1-13.909334-5.973334 20.650667 20.650667 0 0 1-5.76-14.336V430.72z\" fill=\"#1D2129\">\u003C/path>\u003C/symbol>\u003Csymbol id=\"iconarrowup\" viewBox=\"0 0 1024 1024\">\u003Cpath d=\"M512 1015.466667C239.786667 1015.466667 18.773333 794.453333 18.773333 522.24S239.786667 29.013333 512 29.013333s493.226667 221.013333 493.226667 493.226667S784.213333 1015.466667 512 1015.466667z m0-909.653334c-229.546667 0-416.426667 186.88-416.426667 416.426667S282.453333 938.666667 512 938.666667s416.426667-186.88 416.426667-416.426667S741.546667 105.813333 512 105.813333z\" fill=\"#333333\">\u003C/path>\u003Cpath d=\"M514.56 752.64c-21.333333 0-38.4-17.066667-38.4-38.4V378.026667c0-21.333333 17.066667-38.4 38.4-38.4s38.4 17.066667 38.4 38.4v336.213333c0 21.333333-17.066667 38.4-38.4 38.4z\" fill=\"#333333\">\u003C/path>\u003Cpath d=\"M356.693333 527.36c-10.24 0-21.333333-4.266667-28.16-12.8-14.506667-15.36-12.8-40.106667 2.56-54.613333l187.733334-168.96 178.346666 163.84c15.36 14.506667 17.066667 38.4 2.56 54.613333-14.506667 15.36-38.4 17.066667-54.613333 2.56L518.826667 395.093333l-136.533334 122.88c-6.826667 5.973333-16.213333 9.386667-25.6 9.386667z\" fill=\"#333333\">\u003C/path>\u003C/symbol>\u003Csymbol id=\"icontos_task_bg_off1\" viewBox=\"0 0 1024 1024\">\u003Cpath d=\"M692.053333 983.04H167.253333c-64.853333 0-116.906667-52.053333-116.906666-116.906667V341.333333c0-64.853333 52.053333-116.906667 116.906666-116.906666H691.2c64.853333 0 117.76 52.906667 117.76 117.76v523.946666c0 64.853333-52.053333 116.906667-116.906667 116.906667zM167.253333 301.226667c-22.186667 0-40.106667 17.92-40.106666 40.106666v524.8c0 22.186667 17.92 40.106667 40.106666 40.106667h524.8c22.186667 0 40.106667-17.92 40.106667-40.106667V342.186667c0-22.186667-18.773333-40.96-40.96-40.96H167.253333z\" fill=\"#333333\">\u003C/path>\u003Cpath d=\"M505.173333 338.773333h76.8v209.066667h-76.8z\" fill=\"#333333\">\u003C/path>\u003Cpath d=\"M417.28 542.72l126.293333 126.293333 126.293334-126.293333zM274.773333 663.04h76.8v209.066667h-76.8z\" fill=\"#333333\">\u003C/path>\u003Cpath d=\"M186.88 668.16l126.293333-126.293333 126.293334 126.293333zM860.16 47.786667H336.213333c-64.853333 0-116.906667 52.053333-116.906666 116.906666 0 20.48 16.213333 36.693333 36.693333 36.693334h4.266667c20.48 0 36.693333-16.213333 36.693333-36.693334 0-22.186667 17.92-40.106667 40.106667-40.106666h523.946666c23.04 0 40.96 17.92 40.96 40.96v523.946666c0 22.186667-17.92 40.106667-40.106666 40.106667h-3.413334c-21.333333 0-38.4 17.066667-38.4 38.4s17.066667 38.4 38.4 38.4h3.413334c64.853333 0 116.906667-52.053333 116.906666-116.906667V165.546667c-0.853333-64.853333-52.906667-117.76-118.613333-117.76z\" fill=\"#333333\">\u003C/path>\u003C/symbol>\u003Csymbol id=\"icontos_task_bg1\" viewBox=\"0 0 1024 1024\">\u003Cpath d=\"M680.96 979.626667H156.16c-64.853333 0-116.906667-52.053333-116.906667-116.906667V337.92c0-64.853333 52.053333-116.906667 116.906667-116.906667h523.946667c64.853333 0 117.76 52.906667 117.76 117.76v523.946667c0 64.853333-52.053333 116.906667-116.906667 116.906667zM156.16 297.813333c-22.186667 0-40.106667 17.92-40.106667 40.106667v524.8c0 22.186667 17.92 40.106667 40.106667 40.106667h524.8c22.186667 0 40.106667-17.92 40.106667-40.106667V338.773333c0-22.186667-18.773333-40.96-40.96-40.96H156.16z\" fill=\"#333333\">\u003C/path>\u003Cpath d=\"M253.44 335.36h76.8v209.066667h-76.8z\" fill=\"#333333\">\u003C/path>\u003Cpath d=\"M165.546667 539.306667L292.693333 665.6l126.293334-126.293333zM502.613333 659.626667h76.8v209.066666h-76.8z\" fill=\"#333333\">\u003C/path>\u003Cpath d=\"M414.72 664.746667l126.293333-126.293334 126.293334 126.293334zM849.066667 44.373333H325.12c-64.853333 0-116.906667 52.053333-116.906667 116.906667 0 20.48 16.213333 36.693333 36.693334 36.693333h4.266666c20.48 0 36.693333-16.213333 36.693334-36.693333 0-22.186667 17.92-40.106667 40.106666-40.106667h523.946667c23.04 0 40.96 17.92 40.96 40.96v523.946667c0 22.186667-17.92 40.106667-40.106667 40.106667h-3.413333c-21.333333 0-38.4 17.066667-38.4 38.4s17.066667 38.4 38.4 38.4h3.413333c64.853333 0 116.906667-52.053333 116.906667-116.906667V162.133333c-0.853333-64.853333-53.76-117.76-118.613333-117.76z\" fill=\"#333333\">\u003C/path>\u003C/symbol>\u003Csymbol id=\"iconThunmbnail\" viewBox=\"0 0 1024 1024\">\u003Cpath d=\"M372.906667 500.906667H170.666667c-69.12 0-124.586667-55.466667-124.586667-124.586667V187.733333C46.933333 119.466667 103.253333 64 170.666667 64h201.386666c69.12 0 124.586667 55.466667 124.586667 124.586667v189.44c0 67.413333-55.466667 122.88-123.733333 122.88zM170.666667 140.8c-25.6 0-46.933333 21.333333-47.786667 47.786667v187.733333c0 26.453333 21.333333 47.786667 47.786667 47.786667h202.24c25.6 0 46.933333-21.333333 46.933333-46.08V188.586667c0-26.453333-21.333333-47.786667-47.786667-47.786667H170.666667zM853.333333 500.906667H651.093333c-68.266667 0-124.586667-55.466667-124.586666-124.586667V187.733333c0-69.12 55.466667-124.586667 124.586666-124.586666H853.333333c68.266667 0 124.586667 55.466667 124.586667 124.586666v189.44c-0.853333 68.266667-57.173333 123.733333-124.586667 123.733334zM651.093333 139.946667c-26.453333 0-47.786667 21.333333-47.786666 47.786666v188.586667c0 26.453333 21.333333 47.786667 47.786666 47.786667H853.333333c25.6 0 46.933333-21.333333 47.786667-47.786667V187.733333c0-26.453333-21.333333-47.786667-47.786667-47.786666H651.093333zM372.906667 971.946667H170.666667c-69.12 0-124.586667-55.466667-124.586667-124.586667V657.92c0-68.266667 55.466667-124.586667 124.586667-124.586667h201.386666c69.12 0 124.586667 55.466667 124.586667 124.586667v189.44c0 68.266667-55.466667 124.586667-123.733333 124.586667zM170.666667 610.133333c-26.453333 0-47.786667 21.333333-47.786667 47.786667v189.44c0 26.453333 21.333333 47.786667 47.786667 47.786667h202.24c25.6 0 46.933333-22.186667 46.933333-47.786667V657.92c0-26.453333-21.333333-47.786667-47.786667-47.786667H170.666667zM853.333333 971.946667H651.093333c-68.266667 0-124.586667-55.466667-124.586666-124.586667V657.92c0-68.266667 55.466667-124.586667 124.586666-124.586667H853.333333c68.266667 0 124.586667 55.466667 124.586667 124.586667v189.44c-0.853333 69.12-57.173333 124.586667-124.586667 124.586667zM651.093333 610.133333c-26.453333 0-47.786667 21.333333-47.786666 47.786667v189.44c0 26.453333 21.333333 47.786667 47.786666 47.786667H853.333333c25.6 0 46.933333-22.186667 47.786667-48.64V657.92c0-26.453333-21.333333-47.786667-47.786667-47.786667H651.093333z\" fill=\"#333333\">\u003C/path>\u003C/symbol>\u003Csymbol id=\"iconSorting\" viewBox=\"0 0 1024 1024\">\u003Cpath d=\"M707.413333 498.346667l-410.453333-5.12c-19.626667 0-39.253333-11.093333-48.64-29.013334-9.386667-17.92-8.533333-39.253333 1.706667-56.32l200.533333-332.8c10.24-17.066667 28.16-27.306667 47.786667-27.306666s37.546667 10.24 47.786666 26.453333l209.92 338.773333c10.24 17.066667 10.24 39.253333 0 56.32-10.24 18.773333-28.16 29.013333-48.64 29.013334z m-372.053333-81.066667l335.36 4.266667-171.52-277.333334-163.84 273.066667z m-37.546667-0.853333z m183.466667-301.226667zM499.2 987.306667c-0.853333 0-0.853333 0 0 0-19.626667 0-37.546667-10.24-47.786667-26.453334l-200.533333-332.8c-11.093333-17.066667-11.093333-38.4-1.706667-56.32 9.386667-17.92 28.16-29.013333 48.64-29.013333l408.746667-5.973333c20.48 0 38.4 10.24 48.64 28.16 10.24 17.92 10.24 39.253333 0 56.32v1.706666L546.133333 960.853333c-10.24 16.213333-28.16 26.453333-46.933333 26.453334z m-17.92-67.413334zM335.36 618.666667l163.84 272.213333L670.72 614.4l-335.36 4.266667z m-36.693333 0.853333z\" fill=\"#333333\">\u003C/path>\u003C/symbol>\u003Csymbol id=\"iconSearch_settings1\" viewBox=\"0 0 1024 1024\">\u003Cpath d=\"M261.3248 204.8c138.752 0 251.136 105.984 251.136 236.8 0 49.4592-16.0768 95.3856-43.52 133.3248l100.1472 94.464a13.312 13.312 0 0 1 0 19.712l-25.088 23.6544a15.5136 15.5136 0 0 1-20.8384 0l-97.536-92.0064a259.1744 259.1744 0 0 1-164.3008 57.7024C122.6752 678.4 10.24 572.416 10.24 441.6 10.24 310.8352 122.6752 204.8 261.3248 204.8z m0 58.5216c-104.448 0-189.0816 79.7696-189.0816 178.2784 0 98.5088 84.6336 178.3296 189.0816 178.3296s189.0816-79.872 189.0816-178.3296c0-98.5088-84.5824-178.2784-189.0816-178.2784z\" fill=\"#1D2129\">\u003C/path>\u003Cpath d=\"M988.7232 477.696q0.512-0.512 0.9216-1.1264l0.6656-1.28q0.3072-0.6656 0.512-1.3824 0.2048-0.6656 0.3072-1.4336l0.1024-1.4336-0.1024-1.4336q-0.1024-0.768-0.3072-1.4336-0.2048-0.7168-0.512-1.3824l-0.6656-1.28q-0.4096-0.6144-0.9216-1.1776l-1.024-1.024q-0.512-0.512-1.1776-0.8704-0.6144-0.4096-1.28-0.7168l-1.3312-0.512-1.4336-0.3072Q981.76 460.8 980.992 460.8h-221.184q-0.768 0-1.4848 0.1024l-1.4336 0.3072-1.3312 0.512q-0.6656 0.3072-1.28 0.7168-0.6144 0.3584-1.1776 0.8704l-1.024 1.024q-0.512 0.512-0.9216 1.1776l-0.6656 1.28q-0.3072 0.6656-0.512 1.3824-0.2048 0.6656-0.3072 1.4336l-0.1024 1.4336 0.1024 1.4336q0.1024 0.768 0.3072 1.4336 0.2048 0.7168 0.512 1.3824l0.6656 1.28q0.4096 0.6144 0.9216 1.1776l110.592 127.6928q0.7168 0.8704 1.5872 1.536 0.8704 0.6144 1.8944 1.0752 1.024 0.512 2.048 0.7168 1.0752 0.2048 2.2016 0.2048 1.1264 0 2.2016-0.2048 1.024-0.256 2.048-0.7168 1.024-0.4608 1.8944-1.0752 0.8704-0.6656 1.5872-1.536l110.592-127.6928z\" fill=\"#1D2129\">\u003C/path>\u003C/symbol>\u003Csymbol id=\"iconEdit\" viewBox=\"0 0 1024 1024\">\u003Cpath d=\"M175.957333 938.624c-6.314667 0-12.544-1.194667-18.346666-3.498667a48.213333 48.213333 0 0 1-15.573334-9.898666 45.610667 45.610667 0 0 1-10.368-14.805334 43.776 43.776 0 0 1-3.669333-17.493333V130.986667c0-12.117333 5.034667-23.722667 14.08-32.298667 8.96-8.533333 21.162667-13.354667 33.877333-13.354667h488.704c12.757333 0 24.96 4.821333 33.962667 13.397334 9.002667 8.533333 14.08 20.181333 14.08 32.298666 0 12.16-5.077333 23.765333-14.08 32.341334a49.237333 49.237333 0 0 1-33.92 13.397333H223.914667v670.506667h576v-335.232c0-12.117333 5.12-23.765333 14.08-32.341334 9.002667-8.533333 21.205333-13.397333 33.962666-13.397333 12.714667 0 24.917333 4.821333 33.962667 13.397333 8.96 8.576 14.037333 20.181333 14.037333 32.341334v380.970666c0 5.973333-1.28 11.946667-3.669333 17.493334-2.389333 5.546667-5.973333 10.581333-10.410667 14.805333a48.213333 48.213333 0 0 1-15.573333 9.898667 50.090667 50.090667 0 0 1-18.346667 3.456l-672.042666-0.042667z m332.8-364.842667a44.8 44.8 0 0 1-14.250666-32.341333 44.714667 44.714667 0 0 1 13.866666-32.426667l305.621334-293.034666c9.088-8.106667 21.12-12.544 33.536-12.373334 12.458667 0.170667 24.32 4.949333 33.152 13.312 8.832 8.32 13.909333 19.626667 14.165333 31.488 0.256 11.818667-4.352 23.296-12.8 32l-305.450667 292.992c-8.96 8.618667-21.12 13.482667-33.792 13.568a49.450667 49.450667 0 0 1-34.048-13.141333v-0.042667z\" fill=\"#1D2129\">\u003C/path>\u003C/symbol>\u003Csymbol id=\"iconcopy\" viewBox=\"0 0 1024 1024\">\u003Cpath d=\"M657.0496 266.24c11.3152 0 22.1696 4.3008 30.208 11.9808 7.9872 7.68 12.4928 18.1248 12.4928 28.9792v577.9968c0 20.1216-17.8688 36.4032-39.8336 36.4032H142.2336c-22.016 0-39.8336-16.2816-39.8336-36.4032V302.592c0-20.1216 17.8176-36.4032 39.8336-36.4032h514.816zM614.4 348.16H187.7504v491.52H614.4V348.16zM827.7504 102.4c11.264 0 22.1696 4.3008 30.1568 11.9808 7.9872 7.68 12.4928 18.1248 12.4928 28.9792v512a20.0704 20.0704 0 0 1-6.2464 14.4896 21.8112 21.8112 0 0 1-15.104 5.9904h-42.6496a21.76 21.76 0 0 1-15.104-5.9904 20.0704 20.0704 0 0 1-6.2464-14.4896V184.32H379.7504a21.8112 21.8112 0 0 1-15.104-5.9904A20.0704 20.0704 0 0 1 358.4 163.84v-40.96c0-5.4272 2.2528-10.6496 6.2464-14.4896A21.8112 21.8112 0 0 1 379.7504 102.4h448z\" fill=\"#6B7785\">\u003C/path>\u003C/symbol>\u003Csymbol id=\"iconReject\" viewBox=\"0 0 1024 1024\">\u003Cpath d=\"M512 453.717333l276.992-276.992a20.608 20.608 0 0 1 29.141333 0l29.141334 29.141334a20.565333 20.565333 0 0 1 0 29.184l-276.949334 276.992 276.949334 276.906666a20.608 20.608 0 0 1 0 29.184l-29.141334 29.141334a20.608 20.608 0 0 1-29.141333 0L512 570.325333l-276.992 276.949334a20.608 20.608 0 0 1-29.141333 0l-29.184-29.141334a20.608 20.608 0 0 1 0-29.141333L453.674667 512 176.725333 235.093333a20.608 20.608 0 0 1 0-29.184l29.141334-29.141333a20.608 20.608 0 0 1 29.184 0L512 453.674667z\" fill=\"#1D2129\">\u003C/path>\u003C/symbol>\u003Csymbol id=\"iconmistake\" viewBox=\"0 0 1024 1024\">\u003Cpath d=\"M512 446.421333l311.594667-311.594666a23.210667 23.210667 0 0 1 32.810666 0l32.768 32.810666a23.253333 23.253333 0 0 1 0 32.810667L577.621333 512l311.594667 311.552a23.210667 23.210667 0 0 1 0 32.768l-32.810667 32.810667a23.210667 23.210667 0 0 1-32.768 0L512 577.621333 200.405333 889.173333a23.253333 23.253333 0 0 1-32.853333 0l-32.768-32.810666a23.210667 23.210667 0 0 1 0-32.810667L446.378667 512 134.826667 200.448a23.168 23.168 0 0 1 0-32.810667l32.768-32.810666a23.210667 23.210667 0 0 1 32.853333 0L512 446.378667z\" fill=\"#3491FA\">\u003C/path>\u003C/symbol>\u003Csymbol id=\"iconfullscreen\" viewBox=\"0 0 1024 1024\">\u003Cpath d=\"M147.822933 202.9824l54.510934-54.101333 664.200533 669.294933-54.510933 54.101333z\" fill=\"#333333\">\u003C/path>\u003Cpath d=\"M61.44 71.68l23.04 280.746667L342.186667 93.866667zM963.413333 968.533333L682.666667 946.346667l257.706666-258.56zM144.9728 837.742933l669.1584-663.125333 54.058667 54.545067-669.1584 663.125333z\" fill=\"#333333\">\u003C/path>\u003Cpath d=\"M64.853333 965.12l281.6-11.946667-248.32-267.946666zM970.24 71.68L947.2 352.426667 689.493333 94.72z\" fill=\"#333333\">\u003C/path>\u003C/symbol>\u003Csymbol id=\"iconarrow_down1\" viewBox=\"0 0 1024 1024\">\u003Cpath d=\"M40.106667 213.333333l474.453333 471.893334 469.333333-471.893334z\" fill=\"#1EB300\">\u003C/path>\u003C/symbol>\u003Csymbol id=\"iconarrow_up1\" viewBox=\"0 0 1024 1024\">\u003Cpath d=\"M40.106667 685.226667L514.56 213.333333l469.333333 471.893334z\" fill=\"#0086E6\">\u003C/path>\u003C/symbol>\u003Csymbol id=\"iconBackup\" viewBox=\"0 0 1024 1024\">\u003Cpath d=\"M193.834667 272.64c5.802667 0 11.392 2.218667 15.530666 6.101333 4.096 3.925333 6.4 9.216 6.4 14.72v561.92h592.213334c5.845333 0 11.434667 2.218667 15.530666 6.144 4.138667 3.882667 6.442667 9.173333 6.442667 14.72v41.6c0 5.546667-2.304 10.837333-6.4 14.72a22.570667 22.570667 0 0 1-15.530667 6.101334H171.861333c-11.605333 0-22.784-4.394667-31.018666-12.202667a40.576 40.576 0 0 1-12.842667-29.44V293.461333c0-5.546667 2.304-10.794667 6.4-14.72a22.570667 22.570667 0 0 1 15.530667-6.101333h43.904zM714.794667 85.333333c5.845333 0 11.690667 1.109333 17.066666 3.285334 5.461333 2.176 10.368 5.376 14.421334 9.386666l137.344 134.4a40.533333 40.533333 0 0 1 12.373333 29.013334v492.245333c0 5.12-0.981333 10.24-3.029333 14.933333a38.954667 38.954667 0 0 1-8.874667 12.8 41.472 41.472 0 0 1-13.312 8.533334 43.136 43.136 0 0 1-15.786667 3.029333H322.56a43.093333 43.093333 0 0 1-15.744-3.029333 41.429333 41.429333 0 0 1-13.312-8.533334 38.997333 38.997333 0 0 1-8.874667-12.8 37.333333 37.333333 0 0 1-3.029333-14.933333V124.672c0-21.76 18.346667-39.338667 40.96-39.338667h392.234667z m-18.688 83.242667H369.365333v541.141333h438.869334V279.381333l-112.128-110.805333z m-85.333334 333.013333c5.802667 0 11.392 2.176 15.488 6.101334 4.096 3.925333 6.4 9.216 6.4 14.72v41.642666c0 5.504-2.304 10.794667-6.4 14.677334a22.570667 22.570667 0 0 1-15.530666 6.101333H479.146667a22.570667 22.570667 0 0 1-15.530667-6.101333 20.266667 20.266667 0 0 1-6.4-14.72v-41.6c0-5.546667 2.261333-10.794667 6.4-14.72a22.570667 22.570667 0 0 1 15.530667-6.101334h131.626666z m87.722667-166.485333c5.845333 0 11.434667 2.176 15.530667 6.101333 4.096 3.882667 6.4 9.173333 6.4 14.677334v41.642666c0 5.546667-2.304 10.837333-6.4 14.72a22.570667 22.570667 0 0 1-15.530667 6.101334H479.146667a22.570667 22.570667 0 0 1-15.530667-6.101334 20.309333 20.309333 0 0 1-6.4-14.72v-41.642666c0-5.504 2.261333-10.794667 6.4-14.677334a22.570667 22.570667 0 0 1 15.530667-6.101333h219.392z\" fill=\"#1D2129\">\u003C/path>\u003C/symbol>\u003Csymbol id=\"iconbeep\" viewBox=\"0 0 1024 1024\">\u003Cpath d=\"M889.856 752l-83.754667-109.525333v-161.28c0-208.64-115.626667-297.557333-237.354666-314.581334v-19.626666c0-16.384-5.973333-32.042667-16.64-43.605334A54.613333 54.613333 0 0 0 512 85.333333a54.613333 54.613333 0 0 0-40.106667 18.048c-10.666667 11.562667-16.64 27.221333-16.64 43.562667v19.669333c-121.728 17.066667-237.354667 105.898667-237.354666 314.496v161.365334l-83.754667 109.525333a30.805333 30.805333 0 0 0-3.669333 30.592c2.176 4.949333 5.546667 9.130667 9.813333 12.032 4.266667 2.901333 9.216 4.437333 14.250667 4.394667h714.965333a24.874667 24.874667 0 0 0 14.208-4.437334c4.266667-2.901333 7.68-7.082667 9.813333-12.032a30.848 30.848 0 0 0-3.669333-30.549333zM512 938.666667c21.461333 0 42.026667-9.258667 57.173333-25.770667 15.189333-16.469333 23.722667-38.826667 23.722667-62.08h-161.834667c0 23.296 8.533333 45.653333 23.722667 62.08 15.146667 16.512 35.754667 25.770667 57.173333 25.770667z\" fill=\"#1D2129\">\u003C/path>\u003C/symbol>\u003Csymbol id=\"iconbrowse\" viewBox=\"0 0 1024 1024\">\u003Cpath d=\"M878.08 960H145.92c-63.146667 0-114.346667-51.2-114.346667-114.346667V197.973333c0-63.146667 51.2-114.346667 114.346667-114.346666h217.6c30.72 0 58.88 11.946667 81.066667 33.28l98.133333 98.133333c6.826667 6.826667 16.213333 11.093333 26.453333 11.093333H878.933333c63.146667 0 114.346667 51.2 114.346667 114.346667v505.173333c-0.853333 63.146667-52.053333 114.346667-115.2 114.346667zM145.92 160.426667c-20.48 0-37.546667 17.066667-37.546667 37.546666v647.68c0 20.48 17.066667 37.546667 37.546667 37.546667h732.16c20.48 0 37.546667-17.066667 37.546667-37.546667V339.626667c0-20.48-17.066667-37.546667-37.546667-37.546667H569.173333c-30.72 0-58.88-11.946667-81.066666-33.28L389.973333 171.52c-6.826667-6.826667-16.213333-11.093333-26.453333-11.093333H145.92z\" fill=\"#333333\">\u003C/path>\u003Cpath d=\"M465.066667 715.946667C368.64 715.946667 290.133333 637.44 290.133333 541.013333s78.506667-174.933333 174.933334-174.933333S640 445.44 640 541.866667s-78.506667 174.08-174.933333 174.08z m0-272.213334C411.306667 443.733333 366.933333 487.253333 366.933333 541.866667S410.453333 640 465.066667 640 563.2 595.626667 563.2 541.866667 519.68 443.733333 465.066667 443.733333z\" fill=\"#333333\">\u003C/path>\u003Cpath d=\"M708.266667 821.76c-9.386667 0-19.626667-3.413333-26.453334-11.093333L533.333333 666.453333c-15.36-14.506667-15.36-39.253333-0.853333-54.613333 14.506667-15.36 39.253333-15.36 54.613333-0.853333l148.48 144.213333c15.36 14.506667 15.36 39.253333 0.853334 54.613333-7.68 7.68-17.92 11.946667-28.16 11.946667z\" fill=\"#333333\">\u003C/path>\u003C/symbol>\u003Csymbol id=\"iconcancel_all\" viewBox=\"0 0 1024 1024\">\u003Cpath d=\"M48.64 119.466667h914.773333v76.8H48.64zM48.64 351.573333h914.773333v76.8H48.64zM48.64 583.68h482.133333v76.8H48.64zM48.64 815.786667h482.133333v76.8H48.64zM653.653333 892.586667c-9.386667 0-19.626667-3.413333-26.453333-11.093334-15.36-14.506667-15.36-39.253333-0.853333-54.613333l260.266666-269.653333c14.506667-15.36 39.253333-15.36 54.613334-0.853334 15.36 14.506667 15.36 39.253333 0.853333 54.613334l-260.266667 269.653333c-8.533333 7.68-18.773333 11.946667-28.16 11.946667z\" fill=\"#333333\">\u003C/path>\u003Cpath d=\"M913.92 892.586667c-10.24 0-20.48-4.266667-27.306667-11.946667L625.493333 610.986667c-14.506667-15.36-14.506667-39.253333 0.853334-54.613334 15.36-14.506667 39.253333-14.506667 54.613333 0.853334L941.226667 827.733333c14.506667 15.36 14.506667 39.253333-0.853334 54.613334-7.68 6.826667-17.066667 10.24-26.453333 10.24z\" fill=\"#333333\">\u003C/path>\u003C/symbol>\u003Csymbol id=\"iconClose1\" viewBox=\"0 0 1024 1024\">\u003Cpath d=\"M512 938.666667c235.648 0 426.666667-191.018667 426.666667-426.666667S747.648 85.333333 512 85.333333 85.333333 276.352 85.333333 512s191.018667 426.666667 426.666667 426.666667z m0-77.568a349.098667 349.098667 0 1 1 0-698.197334 349.098667 349.098667 0 0 1 0 698.197334z m96-499.925334a19.370667 19.370667 0 0 1 27.434667 0l27.434666 27.392a19.413333 19.413333 0 0 1 0 27.434667L566.869333 512l96 96a19.370667 19.370667 0 0 1 0 27.434667l-27.434666 27.434666a19.370667 19.370667 0 0 1-27.434667 0L512 566.869333l-96 96a19.413333 19.413333 0 0 1-27.434667 0l-27.392-27.434666a19.370667 19.370667 0 0 1 0-27.434667l96-96-96-96a19.413333 19.413333 0 0 1 0-27.434667l27.392-27.392a19.413333 19.413333 0 0 1 27.434667 0l96 96 96-96z\" fill=\"#1D2129\">\u003C/path>\u003C/symbol>\u003Csymbol id=\"iconCloseeyes\" viewBox=\"0 0 1024 1024\">\u003Cpath d=\"M512.597333 627.626667c-28.885333 0-57.088-2.432-84.48-7.125334l-21.888 87.381334a23.381333 23.381333 0 0 1-10.24 14.293333 20.693333 20.693333 0 0 1-16.64 2.346667l-42.368-12.16a21.504 21.504 0 0 1-7.68-4.053334 24.661333 24.661333 0 0 1-7.850666-24.746666l21.418666-85.546667a473.856 473.856 0 0 1-99.968-50.346667L173.226667 622.464a20.693333 20.693333 0 0 1-31.061334 0l-31.061333-33.28a24.405333 24.405333 0 0 1-6.4-16.597333c0-6.229333 2.304-12.202667 6.4-16.64l61.44-65.792a423.125333 423.125333 0 0 1-78.165333-107.605334l-3.114667-6.314666-3.712-8.021334a25.002667 25.002667 0 0 1 4.224-26.794666l6.4-6.826667 3.370667-3.328 15.786666-15.36 6.272-6.314667 4.266667-4.522666a19.626667 19.626667 0 0 1 7.509333-5.12 18.474667 18.474667 0 0 1 17.194667 2.133333c2.56 1.706667 4.693333 4.053333 6.229333 6.826667l1.152 2.304c54.613333 131.285333 185.557333 222.421333 352.682667 222.421333 160.128 0 294.101333-88.704 347.818667-210.432 1.493333-3.285333 3.072-7.253333 4.778666-11.946667a20.053333 20.053333 0 0 1 4.906667-7.424 17.493333 17.493333 0 0 1 23.722667-1.024l1.877333 1.749334 36.565333 39.125333a25.002667 25.002667 0 0 1 4.138667 27.093333l-4.693333 9.813334c-2.176 4.48-4.138667 8.32-5.802667 11.434666a425.728 425.728 0 0 1-79.146667 103.936l56.021334 60.032c4.138667 4.394667 6.4 10.368 6.4 16.597334a24.362667 24.362667 0 0 1-6.4 16.64l-31.018667 33.237333a21.248 21.248 0 0 1-15.530667 6.826667 21.248 21.248 0 0 1-15.530666-6.826667l-65.493334-70.144c-29.397333 18.688-60.501333 34.005333-92.885333 45.738667l21.376 85.546666a25.130667 25.130667 0 0 1-2.176 17.834667 23.125333 23.125333 0 0 1-5.632 6.912 21.504 21.504 0 0 1-7.68 4.053333l-42.410667 12.16a20.693333 20.693333 0 0 1-16.64-2.346666 23.381333 23.381333 0 0 1-10.24-14.293334l-21.845333-87.381333c-27.946667 4.778667-56.192 7.125333-84.48 7.125333z\" fill=\"#1D2129\">\u003C/path>\u003C/symbol>\u003Csymbol id=\"iconCreate\" viewBox=\"0 0 1024 1024\">\u003Cpath d=\"M512 85.333333c235.648 0 426.666667 191.018667 426.666667 426.666667s-191.018667 426.666667-426.666667 426.666667S85.333333 747.648 85.333333 512 276.352 85.333333 512 85.333333z m0 77.568a349.098667 349.098667 0 1 0 0 698.197334 349.098667 349.098667 0 0 0 0-698.197334z m38.826667 174.549334a19.413333 19.413333 0 0 0-19.456-19.370667h-38.784a19.413333 19.413333 0 0 0-19.370667 19.370667v135.765333H337.450667a19.413333 19.413333 0 0 0-19.370667 19.413333v38.784a19.413333 19.413333 0 0 0 19.370667 19.370667h135.765333v135.765333a19.413333 19.413333 0 0 0 19.413333 19.370667h38.784a19.413333 19.413333 0 0 0 19.370667-19.370667v-135.765333h135.765333a19.413333 19.413333 0 0 0 19.370667-19.413333v-38.784a19.413333 19.413333 0 0 0-19.370667-19.370667h-135.765333V337.450667z\" fill=\"#1D2129\">\u003C/path>\u003C/symbol>\u003Csymbol id=\"iconConnect\" viewBox=\"0 0 1024 1024\">\u003Cpath d=\"M394.24 688.768l289.877333-289.877333-59.008-59.008-289.877333 289.877333 59.008 59.008z m87.168-12.416a91.008 91.008 0 0 1-21.205333 95.189333c-56.234667 56.106667-74.453333 84.053333-122.325334 84.053334-47.530667 0-61.141333-22.997333-142.592-104.234667a91.392 91.392 0 0 1 0-129.28c51.072-50.901333 86.186667-102.784 153.856-78.208l61.994667-61.824a175.232 175.232 0 0 0-217.173333 23.893333L136.533333 563.370667a174.378667 174.378667 0 0 0-0.042666 246.741333C212.48 886.016 249.386667 938.666667 337.877333 938.666667c85.504 0 122.538667-49.834667 181.162667-108.373334a174.122667 174.122667 0 0 0 24.448-215.893333l-62.08 61.952z m406.229333-462.378667l-77.653333-77.653333a174.634667 174.634667 0 0 0-246.613333 0L505.941333 193.706667a174.506667 174.506667 0 0 0-23.893333 216.661333l61.866667-61.866667a90.752 90.752 0 0 1 20.778666-96c57.813333-57.856 74.752-84.053333 122.026667-84.053333 47.402667 0 61.013333 23.04 142.208 104.277333a91.477333 91.477333 0 0 1 0 129.194667c-50.773333 50.773333-85.333333 102.058667-152.533333 78.506667L614.4 542.378667c27.733333 17.408 59.818667 26.581333 92.544 26.538666 85.12 0 121.898667-49.493333 180.693333-108.288a174.634667 174.634667 0 0 0 0-246.698666z\" fill=\"#1D2129\">\u003C/path>\u003Cpath d=\"M394.24 688.768l289.877333-289.877333-59.008-59.008-289.877333 289.877333 59.008 59.008z m87.168-12.416a91.008 91.008 0 0 1-21.205333 95.189333c-56.234667 56.106667-74.453333 84.053333-122.325334 84.053334-47.530667 0-61.141333-22.997333-142.592-104.234667a91.392 91.392 0 0 1 0-129.28c51.072-50.901333 86.186667-102.784 153.856-78.208l61.994667-61.824a175.232 175.232 0 0 0-217.173333 23.893333L136.533333 563.370667a174.378667 174.378667 0 0 0-0.042666 246.741333C212.48 886.016 249.386667 938.666667 337.877333 938.666667c85.504 0 122.538667-49.834667 181.162667-108.373334a174.122667 174.122667 0 0 0 24.448-215.893333l-62.08 61.952z m406.229333-462.378667l-77.653333-77.653333a174.634667 174.634667 0 0 0-246.613333 0L505.941333 193.706667a174.506667 174.506667 0 0 0-23.893333 216.661333l61.866667-61.866667a90.752 90.752 0 0 1 20.778666-96c57.813333-57.856 74.752-84.053333 122.026667-84.053333 47.402667 0 61.013333 23.04 142.208 104.277333a91.477333 91.477333 0 0 1 0 129.194667c-50.773333 50.773333-85.333333 102.058667-152.533333 78.506667L614.4 542.378667c27.733333 17.408 59.818667 26.581333 92.544 26.538666 85.12 0 121.898667-49.493333 180.693333-108.288a174.634667 174.634667 0 0 0 0-246.698666z\" fill=\"#1D2129\">\u003C/path>\u003C/symbol>\u003Csymbol id=\"iconcut\" viewBox=\"0 0 1024 1024\">\u003Cpath d=\"M908.416 205.824l-1.749333 2.048-307.2 307.2 307.2 307.157333a21.333333 21.333333 0 0 1 0 30.165334l-30.165334 30.165333a21.333333 21.333333 0 0 1-30.165333 0l-307.2-307.2-110.336 110.378667a170.666667 170.666667 0 1 1-60.373333-60.330667l110.378666-110.378667-108.586666-108.629333a170.666667 170.666667 0 1 1 59.605333-61.013333l109.354667 109.269333 307.157333-307.157333a21.333333 21.333333 0 0 1 28.16-1.749334l2.005333 1.749334 30.165334 30.165333a21.333333 21.333333 0 0 1 1.749333 28.16zM367.061333 772.437333a85.333333 85.333333 0 1 0-170.666666 0 85.333333 85.333333 0 0 0 170.666666 0z m0-512a85.333333 85.333333 0 1 0-170.666666 0 85.333333 85.333333 0 0 0 170.666666 0z\" fill=\"#1D2129\">\u003C/path>\u003C/symbol>\u003Csymbol id=\"iconDelete\" viewBox=\"0 0 1024 1024\">\u003Cpath d=\"M795.733333 341.333333c22.4 0 40.533333 19.114667 40.533334 42.666667 0 1.578667-0.128 3.157333-0.256 4.693333l-38.826667 491.306667c-2.645333 33.152-29.013333 58.666667-60.629333 58.666667H287.445333c-29.610667 0-54.613333-22.4-59.818666-52.522667l-0.810667-6.144-38.826667-491.306667A45.525333 45.525333 0 0 1 187.733333 384c0-23.552 18.133333-42.666667 40.533334-42.666667 21.248 0 38.656 17.237333 40.362666 39.125334L306.090667 853.333333h411.818666l37.461334-472.874666c1.706667-21.888 19.114667-39.125333 40.362666-39.125334z m-364.8 128c22.357333 0 40.533333 19.114667 40.533334 42.666667v213.333333c0 23.552-18.176 42.666667-40.533334 42.666667-22.4 0-40.533333-19.114667-40.533333-42.666667v-213.333333c0-23.552 18.133333-42.666667 40.533333-42.666667z m162.133334 0c22.4 0 40.533333 19.114667 40.533333 42.666667v213.333333c0 23.552-18.133333 42.666667-40.533333 42.666667-22.357333 0-40.533333-19.114667-40.533334-42.666667v-213.333333c0-23.552 18.176-42.666667 40.533334-42.666667z m40.533333-384c22.357333 0 40.533333 19.114667 40.533333 42.666667v85.333333h202.666667c22.357333 0 40.533333 19.114667 40.533333 42.666667s-18.133333 42.666667-40.533333 42.666667H147.2c-22.357333 0-40.533333-19.114667-40.533333-42.666667s18.176-42.666667 40.533333-42.666667H349.866667V128c0-22.101333 15.957333-40.277333 36.394666-42.453333L390.4 85.333333h243.2zM430.933333 213.333333h162.133334V170.666667h-162.133334v42.666666z\" fill=\"#1D2129\">\u003C/path>\u003C/symbol>\u003Csymbol id=\"iconDisable\" viewBox=\"0 0 1024 1024\">\u003Cpath d=\"M512 938.666667C276.992 938.666667 85.333333 747.008 85.333333 512S276.992 85.333333 512 85.333333s426.666667 191.658667 426.666667 426.666667-191.658667 426.666667-426.666667 426.666667z m0-784.896A358.357333 358.357333 0 0 0 153.770667 512 358.357333 358.357333 0 0 0 512 870.229333 358.357333 358.357333 0 0 0 870.229333 512 358.357333 358.357333 0 0 0 512 153.770667z\" fill=\"#1D2129\">\u003C/path>\u003Cpath d=\"M222.848 267.477333L277.333333 213.333333l545.152 543.189334L768 810.666667 222.848 267.477333z\" fill=\"#1D2129\">\u003C/path>\u003C/symbol>\u003Csymbol id=\"iconDisconnect\" viewBox=\"0 0 1024 1024\">\u003Cpath d=\"M394.24 688.768l119.808-119.808-59.008-59.008-119.808 119.808 59.008 59.008z m87.168-12.416a91.008 91.008 0 0 1-21.205333 95.189333c-56.234667 56.106667-74.453333 84.053333-122.325334 84.053334-47.530667 0-61.141333-22.997333-142.592-104.234667a91.392 91.392 0 0 1 0-129.28c51.072-50.901333 86.186667-102.784 153.856-78.208l61.994667-61.824a175.232 175.232 0 0 0-217.173333 23.893333L136.533333 563.370667a174.378667 174.378667 0 0 0-0.042666 246.741333C212.48 886.016 249.386667 938.666667 337.877333 938.666667c85.504 0 122.538667-49.834667 181.162667-108.373334a174.122667 174.122667 0 0 0 24.448-215.893333l-62.08 61.952z m406.229333-462.378667l-77.653333-77.653333a174.634667 174.634667 0 0 0-246.613333 0L505.941333 193.706667a174.506667 174.506667 0 0 0-23.893333 216.661333l61.866667-61.866667a90.752 90.752 0 0 1 20.778666-96c57.813333-57.856 74.752-84.053333 122.026667-84.053333 47.402667 0 61.013333 23.04 142.208 104.277333a91.477333 91.477333 0 0 1 0 129.194667c-50.773333 50.773333-85.333333 102.058667-152.533333 78.506667L614.4 542.378667c27.733333 17.408 59.818667 26.581333 92.544 26.538666 85.12 0 121.898667-49.493333 180.693333-108.288a174.634667 174.634667 0 0 0 0-246.698666z\" fill=\"#1D2129\">\u003C/path>\u003Cpath d=\"M695.765333 387.2L576 507.008 516.992 448l119.765333-119.808 59.008 59.008z\" fill=\"#1D2129\">\u003C/path>\u003C/symbol>\u003Csymbol id=\"iconEject\" viewBox=\"0 0 1024 1024\">\u003Cpath d=\"M512 85.333333c235.648 0 426.666667 191.018667 426.666667 426.666667s-191.018667 426.666667-426.666667 426.666667S85.333333 747.648 85.333333 512 276.352 85.333333 512 85.333333z m0 77.568a349.098667 349.098667 0 1 0 0 698.197334 349.098667 349.098667 0 0 0 0-698.197334z m193.962667 329.728a19.413333 19.413333 0 0 0-19.413334-19.413333H337.450667a19.413333 19.413333 0 0 0-19.370667 19.413333v38.784a19.413333 19.413333 0 0 0 19.370667 19.370667h349.098666a19.413333 19.413333 0 0 0 19.370667-19.413333v-38.784z\" fill=\"#1D2129\">\u003C/path>\u003C/symbol>\u003Csymbol id=\"iconDownload\" viewBox=\"0 0 1024 1024\">\u003Cpath d=\"M192 768a21.333333 21.333333 0 0 1 21.333333 21.333333V853.333333h597.333334v-64a21.333333 21.333333 0 0 1 21.333333-21.333333h42.666667a21.333333 21.333333 0 0 1 21.333333 21.333333V896a42.666667 42.666667 0 0 1-42.666667 42.666667H170.666667a42.666667 42.666667 0 0 1-42.666667-42.666667v-106.666667a21.333333 21.333333 0 0 1 21.333333-21.333333h42.666667z m298.666667-661.333333h42.666666a21.333333 21.333333 0 0 1 21.162667 18.858666L554.666667 128v470.869333l128.426666-128.426666a21.333333 21.333333 0 0 1 28.16-1.834667l2.005334 1.792 30.165333 30.165333a21.333333 21.333333 0 0 1 1.834667 28.16l-1.834667 2.048-211.2 211.2a21.333333 21.333333 0 0 1-28.16 1.749334l-1.962667-1.792-211.2-211.2a21.333333 21.333333 0 0 1-1.749333-28.16l1.749333-1.962667 30.165334-30.208a21.333333 21.333333 0 0 1 28.16-1.792l2.005333 1.792L469.333333 588.501333V128a21.333333 21.333333 0 0 1 18.816-21.205333L490.666667 106.666667z\" fill=\"#1D2129\">\u003C/path>\u003C/symbol>\u003Csymbol id=\"iconEnable\" viewBox=\"0 0 1024 1024\">\u003Cpath d=\"M512 85.333333c235.648 0 426.666667 191.018667 426.666667 426.666667s-191.018667 426.666667-426.666667 426.666667S85.333333 747.648 85.333333 512 276.352 85.333333 512 85.333333z m0 77.568a349.098667 349.098667 0 1 0 0 698.197334 349.098667 349.098667 0 0 0 0-698.197334z m188.16 231.808l27.392 27.477334a19.413333 19.413333 0 0 1 0 27.392l-246.826667 246.869333a19.370667 19.370667 0 0 1-27.434666 0l-141.952-141.994667a19.370667 19.370667 0 0 1 0-27.434666l27.392-27.434667a19.413333 19.413333 0 0 1 27.434666 0l100.821334 100.864 205.738666-205.738667a19.413333 19.413333 0 0 1 27.392 0z\" fill=\"#1D2129\">\u003C/path>\u003C/symbol>\u003Csymbol id=\"iconExport\" viewBox=\"0 0 1024 1024\">\u003Cpath d=\"M349.184 128h86.101333a38.4 38.4 0 1 1 0 76.8h-84.48c-32.853333 0-55.296 0-72.533333 1.493333-16.853333 1.365333-25.429333 3.84-31.402667 6.912a76.885333 76.885333 0 0 0-33.578666 33.578667c-3.029333 5.973333-5.546667 14.549333-6.912 31.445333-1.450667 17.28-1.450667 39.594667-1.450667 72.533334v322.517333c0 32.853333 0 55.296 1.450667 72.533333 1.365333 16.853333 3.84 25.429333 6.912 31.402667 7.381333 14.506667 19.114667 26.24 33.578666 33.578667 5.973333 3.072 14.549333 5.546667 31.445334 6.912 17.28 1.450667 39.594667 1.450667 72.533333 1.450666h322.474667c32.853333 0 55.253333 0 72.533333-1.450666 16.810667-1.365333 25.386667-3.84 31.402667-6.912 14.464-7.338667 26.197333-19.114667 33.578666-33.578667 3.029333-5.973333 5.546667-14.549333 6.912-31.445333 1.450667-17.28 1.450667-39.594667 1.450667-72.533334V588.8a38.4 38.4 0 1 1 76.8 0v86.144c0 30.848 0 56.405333-1.706667 77.184-1.749333 21.589333-5.546667 41.472-15.061333 60.074667a153.856 153.856 0 0 1-67.072 67.072c-18.688 9.514667-38.485333 13.226667-60.074667 15.018666-20.736 1.749333-46.293333 1.749333-77.184 1.749334H349.184c-30.848 0-56.405333 0-77.141333-1.706667-21.589333-1.749333-41.472-5.546667-60.074667-15.061333a153.6 153.6 0 0 1-67.072-67.072c-9.514667-18.688-13.226667-38.485333-15.061333-60.117334a1025.621333 1025.621333 0 0 1-1.706667-77.141333V349.098667c0-30.848 0-56.448 1.706667-77.184 1.706667-21.589333 5.546667-41.429333 15.061333-60.074667 14.72-28.842667 31.146667-49.92 60.032-64.64 18.645333-9.472 45.525333-15.701333 67.114667-17.493333C292.778667 128 318.293333 128 349.184 128z m366.08 11.306667a38.4 38.4 0 0 1 54.272 0l115.2 115.2a38.4 38.4 0 0 1 0 54.229333l-115.2 115.2a38.528 38.528 0 0 1-55.68 1.450667 38.4 38.4 0 0 1 1.450667-55.722667l49.578666-49.621333h-30.122666c-32.853333 0-55.296 0-72.533334 1.408-16.853333 1.408-25.429333 3.84-31.488 6.912a76.8 76.8 0 0 0-33.493333 33.578666c-3.072 5.973333-5.589333 14.592-6.912 31.445334-1.450667 17.28-1.493333 39.68-1.493333 72.533333V512a38.4 38.4 0 1 1-76.8 0v-47.701333c0-30.848 0-56.448 1.706666-77.184 1.749333-21.589333 5.546667-41.472 15.018667-60.074667a153.685333 153.685333 0 0 1 67.157333-67.072c18.645333-9.514667 38.442667-13.226667 60.032-15.061333 20.736-1.706667 46.250667-1.706667 77.184-1.706667h31.744l-49.578666-49.664a38.4 38.4 0 0 1 0-54.229333z\" fill=\"#1D2129\">\u003C/path>\u003C/symbol>\u003Csymbol id=\"iconfavicon_48\" viewBox=\"0 0 1024 1024\">\u003Cpath d=\"M134.826667 188.586667l721.066666-165.546667c87.893333-20.48 122.88 64.853333 122.88 118.613333v741.546667c0 53.76-36.693333 138.24-122.88 118.613333L134.826667 837.12c-47.786667-11.093333-89.6-44.373333-89.6-98.133333v-452.266667c-0.853333-53.76 40.96-87.04 89.6-98.133333z m54.613333 46.933333c-76.8 16.213333-76.8 19.626667-76.8 83.626667v387.413333c0 65.706667 22.186667 71.68 76.8 83.626667l617.813333 141.653333c105.813333 26.453333 105.813333-6.826667 105.813334-101.546667V195.413333c0-90.453333-5.973333-124.586667-105.813334-101.546666L189.44 235.52z\" fill=\"#0086E6\">\u003C/path>\u003Cpath d=\"M107.52 282.453333l811.52 200.533334v72.533333L106.666667 347.306667z\" fill=\"#0086E6\">\u003C/path>\u003Cpath d=\"M613.546667 472.746667l-133.12 385.706666 59.733333 14.506667 136.533333-383.146667z\" fill=\"#0086E6\">\u003C/path>\u003C/symbol>\u003Csymbol id=\"iconencrypt_folder_mounted\" viewBox=\"0 0 1024 1024\">\u003Cpath d=\"M351.010133 0a136.533333 136.533333 0 0 1 84.650667 29.4144L495.633067 76.8H887.466667c75.409067 0 136.533333 61.124267 136.533333 136.533333v605.866667c0 113.109333-91.690667 204.8-204.8 204.8H640c-72.0384 0-135.3728-37.1968-171.886933-93.422933l-8.234667 11.0592A204.8 204.8 0 0 1 295.697067 1024H204.8c-113.109333 0-204.8-91.690667-204.8-204.8V136.533333C0 61.124267 61.124267 0 136.533333 0h214.4768z\" fill=\"#F8AA28\">\u003C/path>\u003Cpath d=\"M102.4 179.2m102.4 0l614.4 0q102.4 0 102.4 102.4l0 170.666667q0 102.4-102.4 102.4l-614.4 0q-102.4 0-102.4-102.4l0-170.666667q0-102.4 102.4-102.4Z\" fill=\"#FFEFD5\">\u003C/path>\u003Cpath d=\"M0 375.466667c0-56.5504 45.8496-102.4 102.4-102.4h819.2c56.5504 0 102.4 45.8496 102.4 102.4v512c0 75.409067-61.124267 136.533333-136.533333 136.533333H136.533333c-75.409067 0-136.533333-61.124267-136.533333-136.533333V375.466667z\" fill=\"#FBC931\">\u003C/path>\u003Cpath d=\"M683.733333 588.8c18.261333 0 33.058133 16.162133 33.066667 34.321067v239.982933A32.938667 32.938667 0 0 1 683.767467 896H340.258133A32.964267 32.964267 0 0 1 307.2 863.104V623.121067C307.2 604.970667 321.9968 588.8 340.258133 588.8h343.4752z m-171.7504 83.2768c-22.698667 0-41.130667 18.363733-41.130666 40.9344 0 15.9488 9.250133 29.559467 22.596266 36.352v52.4032c0 2.338133 1.962667 4.309333 4.3776 4.309333h28.416a4.352 4.352 0 0 0 4.343467-4.309333v-52.411733c13.346133-6.784 22.596267-20.394667 22.562133-36.352 0-22.562133-18.432-40.925867-41.1648-40.925867zM560.059733 409.941333A130.4064 130.4064 0 0 0 512.512 401.066667c-18.500267 0-35.549867 2.952533-51.1488 8.874666-15.5904 5.905067-29.124267 14.037333-40.610133 24.388267a113.604267 113.604267 0 0 0-26.9824 36.215467C387.242667 484.334933 384 499.114667 384 514.8928V588.8h64.768v-60.117333c0-20.693333 5.6576-36.7872 16.964267-48.2816 11.3152-11.502933 26.222933-17.245867 44.7232-17.245867 20.565333 0 36.932267 5.742933 49.092266 17.237333 12.168533 11.502933 18.2528 27.5968 18.2528 48.298667V588.8h61.9264L640 514.8928c0-15.7696-3.601067-30.549333-10.794667-44.347733a123.904 123.904 0 0 0-28.526933-36.215467 135.424 135.424 0 0 0-40.618667-24.3968z\" fill=\"#FFF6E9\">\u003C/path>\u003C/symbol>\u003Csymbol id=\"iconencrypt_folder_unmounted\" viewBox=\"0 0 1024 1024\">\u003Cpath d=\"M351.010133 0a136.533333 136.533333 0 0 1 84.650667 29.4144L495.633067 76.8H887.466667c75.409067 0 136.533333 61.124267 136.533333 136.533333v605.866667c0 113.109333-91.690667 204.8-204.8 204.8H640c-72.0384 0-135.3728-37.1968-171.886933-93.422933l-8.234667 11.0592A204.8 204.8 0 0 1 295.697067 1024H204.8c-113.109333 0-204.8-91.690667-204.8-204.8V136.533333C0 61.124267 61.124267 0 136.533333 0h214.4768z\" fill=\"#F8AA28\">\u003C/path>\u003Cpath d=\"M102.4 179.2m102.4 0l614.4 0q102.4 0 102.4 102.4l0 170.666667q0 102.4-102.4 102.4l-614.4 0q-102.4 0-102.4-102.4l0-170.666667q0-102.4 102.4-102.4Z\" fill=\"#FFEFD5\">\u003C/path>\u003Cpath d=\"M0 375.466667c0-56.5504 45.8496-102.4 102.4-102.4h819.2c56.5504 0 102.4 45.8496 102.4 102.4v512c0 75.409067-61.124267 136.533333-136.533333 136.533333H136.533333c-75.409067 0-136.533333-61.124267-136.533333-136.533333V375.466667z\" fill=\"#FBC931\">\u003C/path>\u003Cpath d=\"M734.933333 588.8c18.261333 0 33.058133 16.162133 33.066667 34.321067v239.9744a32.938667 32.938667 0 0 1-33.032533 32.896H391.458133A32.9728 32.9728 0 0 1 358.4 863.095467V623.112533C358.4 604.970667 373.1968 588.8 391.458133 588.8h343.4752z m-171.7504 83.2768c-22.698667 0-41.130667 18.363733-41.130666 40.9344 0 15.9488 9.250133 29.559467 22.596266 36.352v52.394667c0 2.338133 1.962667 4.317867 4.3776 4.317866h28.416c2.389333 0 4.334933-1.979733 4.343467-4.317866v-52.394667c13.346133-6.792533 22.596267-20.4032 22.562133-36.352 0-22.570667-18.432-40.9344-41.1648-40.9344zM432.068267 409.941333A130.4064 130.4064 0 0 0 384.512 401.066667c-18.500267 0-35.549867 2.952533-51.1488 8.874666-15.5904 5.905067-29.124267 14.037333-40.610133 24.388267a113.6128 113.6128 0 0 0-26.9824 36.215467C259.242667 484.334933 256 499.114667 256 514.8928v37.879467a25.6 25.6 0 0 0 25.6 25.6h13.568a25.6 25.6 0 0 0 25.6-25.6v-24.0896c0-20.693333 5.6576-36.7872 16.964267-48.2816 11.3152-11.502933 26.222933-17.245867 44.7232-17.245867 20.565333 0 36.932267 5.742933 49.092266 17.237333 12.168533 11.502933 18.2528 27.5968 18.2528 48.298667V588.8h61.9264L512 514.8928c0-15.7696-3.601067-30.549333-10.794667-44.347733a123.904 123.904 0 0 0-28.526933-36.215467 135.424 135.424 0 0 0-40.618667-24.3968z\" fill=\"#FFF6E9\">\u003C/path>\u003C/symbol>\u003Csymbol id=\"iconfolder1\" viewBox=\"0 0 1024 1024\">\u003Cpath d=\"M878.933333 969.386667H146.773333c-63.146667 0-114.346667-51.2-114.346666-114.346667V207.36C32.426667 145.066667 83.626667 93.866667 146.773333 93.866667h217.6c30.72 0 58.88 11.946667 81.066667 33.28l98.133333 98.133333c6.826667 6.826667 16.213333 11.093333 26.453334 11.093333H878.933333c63.146667 0 114.346667 51.2 114.346667 114.346667v505.173333c0 62.293333-51.2 113.493333-114.346667 113.493334zM146.773333 170.666667c-20.48 0-37.546667 17.066667-37.546666 37.546666v647.68c0 20.48 17.066667 37.546667 37.546666 37.546667H878.933333c20.48 0 37.546667-17.066667 37.546667-37.546667V349.866667c0-20.48-17.066667-37.546667-37.546667-37.546667H569.173333c-30.72 0-58.88-11.946667-81.066666-33.28L390.826667 180.906667c-6.826667-6.826667-16.213333-10.24-26.453334-10.24H146.773333z\" fill=\"#333333\">\u003C/path>\u003C/symbol>\u003Csymbol id=\"iconfilter\" viewBox=\"0 0 1024 1024\">\u003Cpath d=\"M85.333333 128a42.666667 42.666667 0 0 1 42.666667-42.666667h768a42.666667 42.666667 0 0 1 42.666667 42.666667v177.493333a39.381333 39.381333 0 0 1 0 12.16V320a21.333333 21.333333 0 0 1-8.448 17.024 40.32 40.32 0 0 1-10.88 9.386667L682.666667 487.722667V917.333333a21.333333 21.333333 0 0 1-21.333334 21.333334h-42.666666a21.333333 21.333333 0 0 1-21.333334-21.333334V469.333333c0-4.224 0.597333-8.405333 1.834667-12.416a40.448 40.448 0 0 1 18.517333-24.789333L853.333333 291.456V170.666667H170.666667v122.282666l228.053333 136.32A42.666667 42.666667 0 0 1 426.666667 469.333333v298.666667a21.333333 21.333333 0 0 1-21.333334 21.333333h-42.666666A21.333333 21.333333 0 0 1 341.333333 768v-278.826667L105.045333 347.904a40.277333 40.277333 0 0 1-12.970666-12.373333A21.290667 21.290667 0 0 1 85.333333 320V128z\" fill=\"#1D2129\">\u003C/path>\u003C/symbol>\u003Csymbol id=\"iconFormat\" viewBox=\"0 0 1024 1024\">\u003Cpath d=\"M539.264 106.666667C759.850667 106.666667 938.666667 288.128 938.666667 512s-178.816 405.333333-399.402667 405.333333c-130.688 0-246.656-63.658667-319.573333-162.090666l58.112-44.245334c59.562667 80.512 154.496 132.608 261.461333 132.608 180.48 0 326.784-148.48 326.784-331.605333 0-183.168-146.346667-331.605333-326.826667-331.605333-161.877333 0-296.32 119.466667-322.261333 276.309333h31.786667a18.005333 18.005333 0 0 1 15.701333 9.173333 18.773333 18.773333 0 0 1 0.085333 18.432l-1.28 1.877334-72.618666 98.261333a18.133333 18.133333 0 0 1-13.397334 7.338667 17.834667 17.834667 0 0 1-14.165333-5.546667l-1.493333-1.792-72.618667-98.261333a18.645333 18.645333 0 0 1 3.669333-25.813334 18.048 18.048 0 0 1 8.746667-3.498666l2.133333-0.170667h39.978667C170.069333 259.029333 337.109333 106.666667 539.306667 106.666667z m94.421333 294.826666a50.261333 50.261333 0 0 1 35.882667 15.104 51.626667 51.626667 0 0 1 14.933333 36.437334v154.752c0 13.653333-5.376 26.837333-14.933333 36.522666a50.432 50.432 0 0 1-35.882667 15.061334h-152.576c-13.44 0-26.368-5.418667-35.882666-15.061334a52.053333 52.053333 0 0 1-14.933334-36.522666v-154.752c0-13.653333 5.376-26.794667 14.933334-36.437334 9.514667-9.685333 22.442667-15.146667 35.882666-15.146666h152.576zM490.666667 597.333333h128v-128h-128v128z\" fill=\"#1D2129\">\u003C/path>\u003C/symbol>\u003Csymbol id=\"icona-istory\" viewBox=\"0 0 1024 1024\">\u003Cpath d=\"M539.221333 85.333333C759.808 85.333333 938.666667 266.794667 938.666667 490.666667S759.808 896 539.221333 896c-130.645333 0-246.656-63.658667-319.573333-162.133333l58.154667-44.202667c59.562667 80.512 154.453333 132.650667 261.418666 132.650667 180.48 0 326.826667-148.48 326.826667-331.648 0-183.168-146.346667-331.648-326.826667-331.648-161.92 0-296.362667 119.509333-322.261333 276.352h31.786667a17.92 17.92 0 0 1 15.701333 9.173333 18.602667 18.602667 0 0 1 0.085333 18.389333l-1.28 1.962667-72.618666 98.218667a18.218667 18.218667 0 0 1-13.354667 7.338666 17.92 17.92 0 0 1-14.208-5.546666l-1.493333-1.792-72.618667-98.261334a18.602667 18.602667 0 0 1 3.669333-25.770666 17.962667 17.962667 0 0 1 8.746667-3.541334l2.133333-0.170666h39.978667C170.069333 237.696 337.066667 85.333333 539.221333 85.333333z m18.176 239.530667c4.821333 0 9.386667 1.92 12.8 5.376 3.413333 3.456 5.333333 8.106667 5.333334 13.013333v128.981334h127.146666c4.778667 0 9.386667 1.962667 12.8 5.418666 3.413333 3.413333 5.333333 8.106667 5.333334 13.013334v36.864a18.56 18.56 0 0 1-5.333334 13.013333 18.005333 18.005333 0 0 1-12.8 5.418667h-181.589333a18.005333 18.005333 0 0 1-12.842667-5.418667 18.56 18.56 0 0 1-5.333333-13.013333V343.253333c0-4.864 1.92-9.557333 5.333333-13.013333a18.005333 18.005333 0 0 1 12.8-5.376h36.352z\" fill=\"#1D2129\">\u003C/path>\u003C/symbol>\u003Csymbol id=\"iconHome1\" viewBox=\"0 0 1024 1024\">\u003Cpath d=\"M485.12 94.890667a42.666667 42.666667 0 0 1 53.76 0l341.333333 277.333333A42.666667 42.666667 0 0 1 896 405.333333V896a42.666667 42.666667 0 0 1-42.666667 42.666667H170.666667a42.666667 42.666667 0 0 1-42.666667-42.666667V405.333333a42.666667 42.666667 0 0 1 15.786667-33.109333l341.333333-277.333333zM213.333333 425.642667V853.333333h597.333334V425.642667L512 183.04 213.333333 425.642667z\" fill=\"#1D2129\">\u003C/path>\u003Cpath d=\"M362.666667 640h298.666666v85.333333h-298.666666v-85.333333z\" fill=\"#1D2129\">\u003C/path>\u003C/symbol>\u003Csymbol id=\"iconicon_tips_blue1\" viewBox=\"0 0 1024 1024\">\u003Cpath d=\"M512 85.333333c235.648 0 426.666667 191.018667 426.666667 426.666667s-191.018667 426.666667-426.666667 426.666667S85.333333 747.648 85.333333 512 276.352 85.333333 512 85.333333z m0 77.568a349.098667 349.098667 0 1 0 0 698.197334 349.098667 349.098667 0 0 0 0-698.197334z m19.370667 290.901334a19.413333 19.413333 0 0 1 19.413333 19.413333v174.506667h31.530667a19.370667 19.370667 0 0 1 19.370666 19.413333v41.216a19.413333 19.413333 0 0 1-19.370666 19.413333h-147.882667a19.413333 19.413333 0 0 1-19.413333-19.413333v-41.216a19.370667 19.370667 0 0 1 19.413333-19.370667h38.784v-113.92h-19.413333a19.370667 19.370667 0 0 1-19.370667-19.413333v-41.216a19.370667 19.370667 0 0 1 19.370667-19.413333h77.610666z m0-155.136a19.413333 19.413333 0 0 1 19.413333 19.413333v58.154667a19.413333 19.413333 0 0 1-19.413333 19.413333h-58.154667a19.413333 19.413333 0 0 1-19.413333-19.413333V318.08A19.413333 19.413333 0 0 1 473.216 298.666667h58.197333z\" fill=\"#1D2129\">\u003C/path>\u003C/symbol>\u003Csymbol id=\"iconImport\" viewBox=\"0 0 1024 1024\">\u003Cpath d=\"M349.184 128h86.101333a38.4 38.4 0 1 1 0 76.8h-84.48c-32.853333 0-55.296 0-72.533333 1.493333-16.853333 1.365333-25.429333 3.84-31.402667 6.912a76.885333 76.885333 0 0 0-33.578666 33.578667c-3.029333 5.973333-5.546667 14.549333-6.912 31.445333-1.450667 17.28-1.450667 39.594667-1.450667 72.533334v322.517333c0 32.853333 0 55.296 1.450667 72.533333 1.365333 16.853333 3.84 25.429333 6.912 31.402667 7.381333 14.506667 19.114667 26.24 33.578666 33.578667 5.973333 3.072 14.549333 5.546667 31.445334 6.912 17.28 1.450667 39.594667 1.450667 72.533333 1.450666h322.474667c32.853333 0 55.253333 0 72.533333-1.450666 16.810667-1.365333 25.386667-3.84 31.402667-6.912 14.464-7.338667 26.197333-19.114667 33.578666-33.578667 3.029333-5.973333 5.546667-14.549333 6.912-31.445333 1.450667-17.28 1.450667-39.594667 1.450667-72.533334V588.8a38.4 38.4 0 1 1 76.8 0v86.144c0 30.848 0 56.405333-1.706667 77.184-1.749333 21.589333-5.546667 41.472-15.061333 60.074667a153.856 153.856 0 0 1-67.072 67.072c-18.688 9.514667-38.485333 13.226667-60.074667 15.018666-20.736 1.749333-46.293333 1.749333-77.184 1.749334H349.184c-30.848 0-56.405333 0-77.141333-1.706667-21.589333-1.749333-41.472-5.546667-60.074667-15.061333a153.6 153.6 0 0 1-67.072-67.072c-9.514667-18.688-13.226667-38.485333-15.061333-60.117334a1025.621333 1025.621333 0 0 1-1.706667-77.141333V349.098667c0-30.848 0-56.448 1.706667-77.184 1.706667-21.589333 5.546667-41.429333 15.061333-60.074667 14.72-28.842667 31.146667-49.92 60.032-64.64 18.645333-9.472 45.525333-15.701333 67.114667-17.493333C292.778667 128 318.293333 128 349.184 128z\" fill=\"#1D2129\">\u003C/path>\u003Cpath d=\"M676.010667 557.056a38.4 38.4 0 0 1-54.229334 0l-115.2-115.2a38.4 38.4 0 0 1 0-54.272l115.2-115.2a38.442667 38.442667 0 1 1 54.229334 54.272L626.432 376.32h30.122667c32.853333 0 55.296 0 72.533333-1.450667 16.853333-1.365333 25.429333-3.84 31.488-6.912a76.8 76.8 0 0 0 33.493333-33.578666c3.072-5.973333 5.546667-14.592 6.912-31.445334 1.450667-17.28 1.493333-39.637333 1.493334-72.533333V184.32a38.4 38.4 0 1 1 76.8 0v47.701333c0 30.890667 0 56.448-1.749334 77.184-1.706667 21.589333-5.546667 41.472-14.976 60.074667a153.642667 153.642667 0 0 1-67.157333 67.114667c-18.645333 9.472-38.485333 13.226667-60.074667 15.018666-20.736 1.706667-46.250667 1.706667-77.141333 1.706667h-31.744l49.578667 49.664a38.4 38.4 0 0 1 0 54.272z\" fill=\"#1D2129\">\u003C/path>\u003C/symbol>\u003Csymbol id=\"iconList\" viewBox=\"0 0 1024 1024\">\u003Cpath d=\"M117.333333 149.333333h64a32 32 0 0 1 32 32v64a32 32 0 0 1-32 32h-64A32 32 0 0 1 85.333333 245.333333v-64a32 32 0 0 1 32-32z m803.114667 21.333334H338.218667c-10.069333 0-18.218667 9.557333-18.218667 21.333333v42.666667c0 11.776 8.149333 21.333333 18.176 21.333333h582.272c10.069333 0 18.218667-9.557333 18.218667-21.333333v-42.666667c0-11.776-8.149333-21.333333-18.218667-21.333333z m0 298.666666H338.218667c-10.069333 0-18.218667 9.557333-18.218667 21.333334v42.666666c0 11.776 8.149333 21.333333 18.176 21.333334h582.272c10.069333 0 18.218667-9.557333 18.218667-21.333334v-42.666666c0-11.776-8.149333-21.333333-18.218667-21.333334zM338.218667 768h582.229333c10.069333 0 18.218667 9.557333 18.218667 21.333333v42.666667c0 11.776-8.149333 21.333333-18.218667 21.333333H338.218667c-10.069333 0-18.218667-9.557333-18.218667-21.333333v-42.666667c0-11.776 8.149333-21.333333 18.176-21.333333zM181.333333 448h-64a32 32 0 0 0-32 32v64a32 32 0 0 0 32 32h64a32 32 0 0 0 32-32v-64a32 32 0 0 0-32-32z m0 298.666667h-64a32 32 0 0 0-32 32v64a32 32 0 0 0 32 32h64a32 32 0 0 0 32-32v-64a32 32 0 0 0-32-32z\" fill=\"#1D2129\">\u003C/path>\u003C/symbol>\u003Csymbol id=\"iconKey\" viewBox=\"0 0 1024 1024\">\u003Cpath d=\"M530.218667 90.069333l2.816 1.706667 20.778666 14.08a36.565333 36.565333 0 0 1 4.48 3.626667c-2.005333-1.877333-0.341333-0.853333-1.493333-1.578667l-0.426667-0.298667 1.450667 0.938667 2.133333 1.365333 2.346667 1.493334c7.210667 4.48 15.786667 9.514667 25.429333 14.805333 29.952 16.426667 61.013333 30.805333 93.013334 42.965333a469.333333 469.333333 0 0 0 100.138666 25.173334 470.016 470.016 0 0 0 43.690667 4.224h0.682667l34.389333 0.554666a37.504 37.504 0 0 1 25.6 10.581334 34.944 34.944 0 0 1 10.666667 24.917333v151.722667l0.042666 3.498666v36.010667L896 493.952V563.754667C895.658667 734.976 668.672 938.666667 511.957333 938.666667c-155.136 0-379.221333-199.68-383.872-369.877334L128 563.456V234.666667c0-8.874667 3.413333-17.408 9.6-23.936a37.333333 37.333333 0 0 1 23.808-11.52l2.816-0.128 35.072-0.512a471.338667 471.338667 0 0 0 43.733333-4.224 468.181333 468.181333 0 0 0 100.010667-25.173334c32-12.202667 63.146667-26.581333 93.056-43.008 11.306667-6.144 22.357333-12.714667 33.109333-19.626666l0.768-0.554667 20.565334-14.08a37.674667 37.674667 0 0 1 39.68-1.834667z m-18.346667 74.410667c-6.613333 4.522667-22.314667 14.08-39.338667 23.466667-32.938667 18.090667-67.157333 33.92-102.4 47.36-37.674667 14.378667-77.184 23.808-116.309333 29.44-16.512 2.389333-33.109333 4.010667-49.792 4.864l-2.389333 0.042666v293.802667c0 130.773333 193.066667 304.085333 310.314666 304.085333 115.882667 0 305.834667-169.216 310.314667-299.477333l0.085333-4.608V399.061333l-0.042666-48.64-0.042667-80.768c-10.24-0.213333-30.208-1.792-52.138667-4.906666a542.592 542.592 0 0 1-116.352-29.44c-59.690667-22.741333-121.173333-55.637333-141.909333-70.826667z m1.877333 153.642667c23.04 0 45.098667 8.832 61.397334 24.533333 16.256 15.744 25.386667 37.034667 25.386666 59.306667v55.850666h48.213334c10.24 0 20.053333 3.925333 27.306666 10.922667 7.253333 6.954667 11.306667 16.426667 11.306667 26.325333v167.594667a36.608 36.608 0 0 1-11.306667 26.368 39.253333 39.253333 0 0 1-27.306666 10.88H378.794667a39.253333 39.253333 0 0 1-27.306667-10.88 36.608 36.608 0 0 1-11.264-26.368v-167.594667c0-9.898667 4.053333-19.370667 11.264-26.325333a39.253333 39.253333 0 0 1 27.306667-10.922667h48.213333V401.92c0-21.546667 8.576-42.24 23.978667-57.813333a88.192 88.192 0 0 1 58.709333-25.898667l4.096-0.085333z m96.426667 214.186666h-192.853333v93.098667h192.853333v-93.098667z m-96.426667-158.293333a29.44 29.44 0 0 0-20.48 8.149333 27.434667 27.434667 0 0 0-8.448 19.754667v55.893333h57.856V401.92a27.392 27.392 0 0 0-7.509333-18.773333 29.312 29.312 0 0 0-18.602667-9.002667l-2.816-0.128z\" fill=\"#1D2129\">\u003C/path>\u003C/symbol>\u003Csymbol id=\"iconlog\" viewBox=\"0 0 1024 1024\">\u003Cpath d=\"M648.106667 64a85.333333 85.333333 0 0 1 60.416 25.045333l162.56 162.986667A85.333333 85.333333 0 0 1 896 312.32V917.333333a42.666667 42.666667 0 0 1-42.666667 42.666667H170.666667a42.666667 42.666667 0 0 1-42.666667-42.666667v-810.666666a42.666667 42.666667 0 0 1 42.666667-42.666667h477.44z m-25.386667 85.333333H213.333333v725.333334h597.333334V337.706667a42.666667 42.666667 0 0 0-12.458667-30.122667l-145.28-145.706667a42.666667 42.666667 0 0 0-30.208-12.544zM533.333333 597.333333a21.333333 21.333333 0 0 1 21.333334 21.333334v42.666666a21.333333 21.333333 0 0 1-21.333334 21.333334H341.333333a21.333333 21.333333 0 0 1-21.333333-21.333334v-42.666666A21.333333 21.333333 0 0 1 341.333333 597.333333h192zM682.666667 384a21.333333 21.333333 0 0 1 21.333333 21.333333v42.666667a21.333333 21.333333 0 0 1-21.333333 21.333333H341.333333a21.333333 21.333333 0 0 1-21.333333-21.333333v-42.666667A21.333333 21.333333 0 0 1 341.333333 384h341.333334z\" fill=\"#1D2129\">\u003C/path>\u003C/symbol>\u003Csymbol id=\"iconLock\" viewBox=\"0 0 1024 1024\">\u003Cpath d=\"M746.666667 320a234.666667 234.666667 0 0 0-469.333334 0v85.333333H170.666667a42.666667 42.666667 0 0 0-42.666667 42.666667V896a42.666667 42.666667 0 0 0 42.666667 42.666667h682.666666a42.666667 42.666667 0 0 0 42.666667-42.666667V448a42.666667 42.666667 0 0 0-42.666667-42.666667h-106.666666v-85.333333zM213.333333 853.333333v-362.666666h597.333334V853.333333H213.333333z m320-298.666666a21.333333 21.333333 0 0 1 21.333334 21.333333V768a21.333333 21.333333 0 0 1-21.333334 21.333333h-42.666666a21.333333 21.333333 0 0 1-21.333334-21.333333v-192a21.333333 21.333333 0 0 1 21.333334-21.333333h42.666666z m-170.666666-234.666667a149.333333 149.333333 0 1 1 298.666666 0v85.333333h-298.666666v-85.333333z\" fill=\"#1D2129\">\u003C/path>\u003C/symbol>\u003Csymbol id=\"iconmapDrive\" viewBox=\"0 0 1024 1024\">\u003Cpath d=\"M896 85.333333a42.666667 42.666667 0 0 1 42.666667 42.666667v597.333333a42.666667 42.666667 0 0 1-42.666667 42.666667h-341.333333v85.333333h362.666666a21.333333 21.333333 0 0 1 21.333334 21.333334v42.666666a21.333333 21.333333 0 0 1-21.333334 21.333334h-810.666666a21.333333 21.333333 0 0 1-21.333334-21.333334v-42.666666a21.333333 21.333333 0 0 1 21.333334-21.333334H469.333333v-85.333333H128a42.666667 42.666667 0 0 1-42.666667-42.666667V128a42.666667 42.666667 0 0 1 42.666667-42.666667h768zM170.666667 682.666667h682.666666v-213.333334H170.666667v213.333334z m149.333333-64h-85.333333v-85.333334h85.333333v85.333334z m128 0h-85.333333v-85.333334h85.333333v85.333334z m128 0h-85.333333v-85.333334h85.333333v85.333334zM170.666667 384h682.666666V170.666667H170.666667v213.333333z m149.333333-64h-85.333333v-85.333333h85.333333v85.333333z m128 0h-85.333333v-85.333333h85.333333v85.333333z m128 0h-85.333333v-85.333333h85.333333v85.333333z\" fill=\"#1D2129\">\u003C/path>\u003C/symbol>\u003Csymbol id=\"iconlog_in\" viewBox=\"0 0 1024 1024\">\u003Cpath d=\"M661.333333 85.333333a21.333333 21.333333 0 0 1 21.333334 21.333334v42.666666a21.333333 21.333333 0 0 1-21.333334 21.333334H170.666667v682.666666h490.666666a21.333333 21.333333 0 0 1 21.333334 21.333334v42.666666a21.333333 21.333333 0 0 1-21.333334 21.333334H128a42.666667 42.666667 0 0 1-42.666667-42.666667V128a42.666667 42.666667 0 0 1 42.666667-42.666667h533.333333z m-287.701333 393.301334l165.930667-165.930667a21.333333 21.333333 0 0 1 28.16-1.792l2.005333 1.792 30.165333 30.165333a21.333333 21.333333 0 0 1 1.749334 28.16l-1.749334 2.005334-98.176 98.133333 396.245334-1.706667c11.093333 0 20.053333 8.277333 21.248 18.944l0.128 2.474667-0.128 40.362667a21.333333 21.333333 0 0 1-18.773334 21.12l-2.474666 0.170666-388.394667 1.706667 90.325333 90.325333a21.333333 21.333333 0 0 1 1.749334 28.16l-1.749334 2.005334-30.165333 30.165333a21.333333 21.333333 0 0 1-28.16 1.792l-2.005333-1.792-165.973334-165.930667a42.666667 42.666667 0 0 1-2.474666-57.6l2.517333-2.730666z\" fill=\"#000000\">\u003C/path>\u003C/symbol>\u003Csymbol id=\"iconMaximize\" viewBox=\"0 0 1024 1024\">\u003Cpath d=\"M808.064 278.656v557.653333a38.186667 38.186667 0 0 1-11.477333 27.178667 39.168 39.168 0 0 1-27.52 11.178667H124.288a39.168 39.168 0 0 1-27.52-11.178667 38.186667 38.186667 0 0 1-11.434667-27.136V317.866667c0-10.410667 4.181333-20.352 11.605334-27.733334a39.936 39.936 0 0 1 28.074666-11.477333H808.106667z m-77.952 76.672H163.285333v442.666667h566.826667V355.328zM898.986667 149.333333c10.538667 0 20.608 4.138667 28.032 11.52a38.954667 38.954667 0 0 1 11.648 27.690667v450.858667h-79.36V227.754667H382.976V149.333333H898.986667z\" fill=\"#1D2129\">\u003C/path>\u003C/symbol>\u003Csymbol id=\"iconMinimize\" viewBox=\"0 0 1024 1024\">\u003Cpath d=\"M128 490.666667a21.333333 21.333333 0 0 1 21.333333-21.333334h725.333334a21.333333 21.333333 0 0 1 21.333333 21.333334v42.666666a21.333333 21.333333 0 0 1-21.333333 21.333334h-725.333334a21.333333 21.333333 0 0 1-21.333333-21.333334v-42.666666z\" fill=\"#1D2129\">\u003C/path>\u003C/symbol>\u003Csymbol id=\"iconMore\" viewBox=\"0 0 1024 1024\">\u003Cpath d=\"M512 85.333333c235.648 0 426.666667 191.018667 426.666667 426.666667s-191.018667 426.666667-426.666667 426.666667S85.333333 747.648 85.333333 512 276.352 85.333333 512 85.333333z m0 77.568a349.098667 349.098667 0 1 0 0 698.197334 349.098667 349.098667 0 0 0 0-698.197334z\" fill=\"#1D2129\">\u003C/path>\u003Cpath d=\"M640 512a42.666667 42.666667 0 1 0 85.333333 0 42.666667 42.666667 0 0 0-85.333333 0zM298.666667 512a42.666667 42.666667 0 1 0 85.333333 0 42.666667 42.666667 0 0 0-85.333333 0zM469.333333 512a42.666667 42.666667 0 1 0 85.333334 0 42.666667 42.666667 0 0 0-85.333334 0z\" fill=\"#1D2129\">\u003C/path>\u003C/symbol>\u003Csymbol id=\"iconMount\" viewBox=\"0 0 1024 1024\">\u003Cpath d=\"M896 938.666667a42.666667 42.666667 0 0 0 42.666667-42.666667V298.666667a42.666667 42.666667 0 0 0-42.666667-42.666667h-341.333333V170.666667h362.666666a21.333333 21.333333 0 0 0 21.333334-21.333334v-42.666666a21.333333 21.333333 0 0 0-21.333334-21.333334h-810.666666a21.333333 21.333333 0 0 0-21.333334 21.333334v42.666666a21.333333 21.333333 0 0 0 21.333334 21.333334H469.333333v85.333333H128a42.666667 42.666667 0 0 0-42.666667 42.666667v597.333333a42.666667 42.666667 0 0 0 42.666667 42.666667h768zM170.666667 341.333333h682.666666v213.333334H170.666667V341.333333z m234.666666 64h-128v85.333334h128v-85.333334zM170.666667 640h682.666666v213.333333H170.666667v-213.333333z m234.666666 64h-128v85.333333h128v-85.333333z\" fill=\"#1D2129\">\u003C/path>\u003C/symbol>\u003Csymbol id=\"iconnarrow\" viewBox=\"0 0 1024 1024\">\u003Cpath d=\"M252.586667 27.306667l518.826666 491.52-518.826666 477.866666z\" fill=\"#333333\">\u003C/path>\u003C/symbol>\u003Csymbol id=\"iconmy_favorites\" viewBox=\"0 0 1024 1024\">\u003Cpath d=\"M973.653333 453.12c40.106667-41.813333 15.36-111.786667-41.813333-117.76l-212.48-24.746667c-23.04-2.56-42.666667-16.213333-53.76-36.693333L564.906667 84.48c-27.306667-51.2-101.546667-48.64-125.44 3.413333L350.72 282.453333c-9.386667 20.48-29.013333 35.84-51.2 40.106667L88.746667 358.4c-57.173333 10.24-77.653333 81.066667-34.986667 120.32l157.013333 145.066667c17.066667 15.36 24.746667 38.4 22.186667 61.44l-29.866667 211.626666c-8.533333 57.173333 52.906667 98.986667 103.253334 70.826667l186.026666-104.96c19.626667-11.093333 44.373333-11.946667 64.853334-1.706667l192 93.866667c52.053333 25.6 110.933333-19.626667 98.986666-76.8l-41.813333-209.92c-4.266667-22.186667 2.56-46.08 17.92-62.293333l149.333333-152.746667z\" fill=\"#FFB448\">\u003C/path>\u003C/symbol>\u003Csymbol id=\"iconOFF\" viewBox=\"0 0 1024 1024\">\u003Cpath d=\"M726.186667 802.133333H297.813333C147.626667 802.133333 27.306667 680.96 27.306667 531.626667s121.173333-270.506667 270.506666-270.506667h429.226667c149.333333 0 270.506667 121.173333 270.506667 270.506667-0.853333 149.333333-121.173333 270.506667-271.36 270.506666z\" fill=\"#494949\">\u003C/path>\u003Cpath d=\"M302.933333 531.626667m-251.733333 0a251.733333 251.733333 0 1 0 503.466667 0 251.733333 251.733333 0 1 0-503.466667 0Z\" fill=\"#FFFFFF\">\u003C/path>\u003C/symbol>\u003Csymbol id=\"iconNotifications\" viewBox=\"0 0 1024 1024\">\u003Cpath d=\"M806.698667 85.333333H217.344a129.706667 129.706667 0 0 0-93.312 40.106667A139.52 139.52 0 0 0 85.333333 222.165333v433.024c0 36.266667 13.866667 71.168 38.613334 96.853334 24.746667 25.728 58.325333 40.192 93.354666 40.234666h32.938667v116.352c0 5.546667 1.493333 10.922667 4.266667 15.658667 2.773333 4.693333 6.741333 8.533333 11.52 11.093333a28.288 28.288 0 0 0 30.122666-2.304l189.312-140.8h321.237334a129.834667 129.834667 0 0 0 93.269333-40.149333c24.746667-25.642667 38.656-60.416 38.698667-96.725333V222.165333c0-36.266667-13.952-71.04-38.698667-96.725333A129.792 129.792 0 0 0 806.698667 85.333333zM563.626667 553.685333H350.592a28.458667 28.458667 0 0 1-20.48-8.789333 30.634667 30.634667 0 0 1-8.533333-21.248c0-7.978667 3.072-15.616 8.533333-21.248a28.458667 28.458667 0 0 1 20.48-8.789333h213.034667c7.68 0 15.061333 3.157333 20.48 8.789333a30.634667 30.634667 0 0 1 8.490666 21.248 30.634667 30.634667 0 0 1-8.490666 21.248 28.458667 28.458667 0 0 1-20.48 8.789333z m109.781333-194.858666H350.592a28.458667 28.458667 0 0 1-20.48-8.832 30.634667 30.634667 0 0 1-8.533333-21.248c0-7.978667 3.072-15.616 8.533333-21.248a28.458667 28.458667 0 0 1 20.48-8.789334h322.816c7.68 0 15.061333 3.157333 20.48 8.789334a30.634667 30.634667 0 0 1 8.533333 21.248 30.634667 30.634667 0 0 1-8.533333 21.248 28.458667 28.458667 0 0 1-20.48 8.832z\" fill=\"#1D2129\">\u003C/path>\u003C/symbol>\u003Csymbol id=\"iconON\" viewBox=\"0 0 1024 1024\">\u003Cpath d=\"M297.813333 802.133333h429.226667c149.333333 0 270.506667-121.173333 270.506667-270.506666s-121.173333-270.506667-270.506667-270.506667H297.813333c-149.333333 0-270.506667 121.173333-270.506666 270.506667S147.626667 802.133333 297.813333 802.133333z\" fill=\"#0183E5\">\u003C/path>\u003Cpath d=\"M721.066667 531.626667m-251.733334 0a251.733333 251.733333 0 1 0 503.466667 0 251.733333 251.733333 0 1 0-503.466667 0Z\" fill=\"#FFFFFF\">\u003C/path>\u003C/symbol>\u003Csymbol id=\"iconopen_file\" viewBox=\"0 0 1024 1024\">\u003Cpath d=\"M817.493333 942.08h-1.706666L135.68 930.133333c-29.013333-0.853333-55.466667-14.506667-72.533333-37.546666s-22.186667-52.906667-14.506667-80.213334l98.986667-349.013333c11.093333-40.106667 49.493333-68.266667 90.453333-67.413333l662.186667 12.8c28.16 0.853333 53.76 13.653333 71.68 35.84 17.066667 22.186667 23.04 50.346667 17.066666 77.653333l-81.92 348.16c-9.386667 41.813333-46.933333 71.68-89.6 71.68z m-581.12-469.333333c-6.826667 0-13.653333 4.266667-15.36 11.093333l-98.986666 349.866667c-1.706667 6.826667 0.853333 11.093333 2.56 13.653333 1.706667 2.56 5.973333 5.973333 12.8 5.973333l680.106666 11.946667c7.68 0 13.653333-5.12 15.36-11.946667l81.92-348.16c1.706667-5.973333-0.853333-11.093333-2.56-13.653333-1.706667-2.56-5.973333-5.973333-11.946666-5.973333l-663.893334-12.8c0.853333 0 0 0 0 0z\" fill=\"#333333\">\u003C/path>\u003Cpath d=\"M121.173333 825.173333h-76.8V196.266667c0-53.76 44.373333-98.133333 98.133334-98.133334h204.8c26.453333 0 51.2 10.24 69.12 29.013334l79.36 79.36c4.266667 4.266667 9.386667 5.973333 15.36 5.973333h325.973333c53.76 0 98.133333 44.373333 98.133333 98.133333v114.346667h-76.8V310.613333c0-11.946667-9.386667-21.333333-21.333333-21.333333H511.146667c-26.453333 0-51.2-10.24-69.12-29.013333l-79.36-79.36c-4.266667-4.266667-9.386667-5.973333-15.36-5.973334h-204.8c-11.946667 0-21.333333 9.386667-21.333334 21.333334v628.906666z\" fill=\"#333333\">\u003C/path>\u003C/symbol>\u003Csymbol id=\"iconOpeneyes\" viewBox=\"0 0 1024 1024\">\u003Cpath d=\"M511.36 789.333333c138.154667 0 266.026667-87.893333 384.64-277.888C780.458667 322.090667 652.842667 234.666667 511.36 234.666667 369.92 234.666667 242.730667 322.048 128 511.445333c117.76 190.08 245.248 277.888 383.36 277.888z m-0.085333-640c171.605333 0 319.274667 104.874667 443.050666 314.624l7.552 13.013334 7.978667 14.165333a42.666667 42.666667 0 0 1-0.213333 41.770667l-8.533334 14.762666c-128.341333 218.026667-278.229333 326.997333-449.834666 326.997334-168.234667 0-315.306667-104.789333-441.088-314.453334l-6.101334-10.24a1070.08 1070.08 0 0 1-7.552-13.141333l-2.304-4.053333a42.666667 42.666667 0 0 1-0.213333-41.514667l7.210667-12.970667 3.84-6.741333C188.928 256.725333 337.664 149.333333 511.232 149.333333zM512 341.333333a170.666667 170.666667 0 1 0 0 341.333334 170.666667 170.666667 0 0 0 0-341.333334z m0 85.333334a85.333333 85.333333 0 1 1 0 170.666666 85.333333 85.333333 0 0 1 0-170.666666z\" fill=\"#1D2129\">\u003C/path>\u003C/symbol>\u003Csymbol id=\"iconpage_first\" viewBox=\"0 0 1024 1024\">\u003Cpath d=\"M567.936 882.56a32.853333 32.853333 0 0 0 0-45.781333L252.714667 512l315.221333-324.778667a32.853333 32.853333 0 0 0 0-45.781333l-45.013333-46.378667a32.128 32.128 0 0 0-35.328-7.168 32.128 32.128 0 0 0-10.496 7.168l-382.506667 394.069334a32.853333 32.853333 0 0 0 0 45.781333l382.464 394.026667a32.170667 32.170667 0 0 0 22.912 9.728 31.872 31.872 0 0 0 22.954667-9.728l45.013333-46.378667z m318.805333-45.781333L571.477333 512l315.264-324.778667a32.853333 32.853333 0 0 0 0-45.781333l-45.056-46.378667A32.128 32.128 0 0 0 818.773333 85.333333a31.744 31.744 0 0 0-22.912 9.728l-382.464 394.069334a32.853333 32.853333 0 0 0 0 45.781333l382.464 394.026667a32.170667 32.170667 0 0 0 22.912 9.728 31.872 31.872 0 0 0 22.912-9.728l45.056-46.378667a32.853333 32.853333 0 0 0 0-45.781333z\" fill=\"#1D2129\">\u003C/path>\u003C/symbol>\u003Csymbol id=\"iconpage_last\" viewBox=\"0 0 1024 1024\">\u003Cpath d=\"M552.576 497.024L298.965333 239.445333a21.333333 21.333333 0 0 0-28.16-2.005333l-2.218666 2.005333-29.866667 30.293334a21.333333 21.333333 0 0 0 0 29.952l209.066667 212.309333-209.024 212.309333a21.333333 21.333333 0 0 0 0 29.909334l29.866666 30.336a21.333333 21.333333 0 0 0 28.117334 2.005333l2.261333-2.005333 253.568-257.621334a21.333333 21.333333 0 0 0 0-29.909333z m211.328 0l-253.568-257.578667a21.333333 21.333333 0 0 0-28.16-2.005333l-2.261333 2.005333-29.824 30.293334a21.333333 21.333333 0 0 0 0 29.952L659.114667 512l-209.024 212.309333a21.333333 21.333333 0 0 0 0 29.909334l29.866666 30.336a21.333333 21.333333 0 0 0 28.16 2.005333l2.218667-2.005333 253.610667-257.621334a21.333333 21.333333 0 0 0 0-29.909333z\" fill=\"#1D2129\">\u003C/path>\u003C/symbol>\u003Csymbol id=\"iconpause\" viewBox=\"0 0 1024 1024\">\u003Cpath d=\"M512 85.333333c235.648 0 426.666667 191.018667 426.666667 426.666667s-191.018667 426.666667-426.666667 426.666667S85.333333 747.648 85.333333 512 276.352 85.333333 512 85.333333z m0 77.568a349.098667 349.098667 0 1 0 0 698.197334 349.098667 349.098667 0 0 0 0-698.197334z m-58.197333 155.178667a19.413333 19.413333 0 0 1 19.413333 19.370667v349.098666a19.413333 19.413333 0 0 1-19.413333 19.370667h-38.784a19.370667 19.370667 0 0 1-19.370667-19.370667V337.450667a19.413333 19.413333 0 0 1 19.370667-19.370667h38.826666z m155.178666 0a19.370667 19.370667 0 0 1 19.370667 19.370667v349.098666a19.370667 19.370667 0 0 1-19.370667 19.370667h-38.826666a19.413333 19.413333 0 0 1-19.370667-19.370667V337.450667a19.413333 19.413333 0 0 1 19.413333-19.370667h38.784z\" fill=\"#1D2129\">\u003C/path>\u003C/symbol>\u003Csymbol id=\"iconpreview\" viewBox=\"0 0 1024 1024\">\u003Cpath d=\"M661.333333 85.333333a20.906667 20.906667 0 0 1 8.106667 1.621334l256 108.117333c3.925333 1.621333 7.253333 4.437333 9.6 8.021333a22.272 22.272 0 0 1 3.626667 12.202667v589.312c0 4.309333-1.237333 8.533333-3.541334 12.074667a21.461333 21.461333 0 0 1-9.386666 8.106666l-256 112.128a20.821333 20.821333 0 0 1-20.181334-1.877333 21.76 21.76 0 0 1-9.557333-18.261333V107.221333a22.186667 22.186667 0 0 1 6.229333-15.445333A21.077333 21.077333 0 0 1 661.333333 85.333333z m-298.666666 0c5.205333 0 10.24 1.962667 14.165333 5.546667 3.925333 3.541333 6.4 8.448 6.997333 13.781333l0.170667 2.56v809.557334a22.357333 22.357333 0 0 1-8.533333 17.493333 20.992 20.992 0 0 1-18.858667 3.498667l-2.346667-0.853334-256-112.170666a22.186667 22.186667 0 0 1-12.8-17.493334L85.333333 804.608V215.253333a22.314667 22.314667 0 0 1 10.922667-19.072l2.304-1.152 256-108.074666A20.906667 20.906667 0 0 1 362.666667 85.333333z m170.666666 32.981334c5.674667 0 11.093333 2.304 15.104 6.4a22.186667 22.186667 0 0 1 6.229334 15.488v744.064a22.186667 22.186667 0 0 1-6.229334 15.488 21.077333 21.077333 0 0 1-15.104 6.4h-42.666666a21.077333 21.077333 0 0 1-15.104-6.4 22.186667 22.186667 0 0 1-6.229334-15.488V140.16a22.186667 22.186667 0 0 1 6.229334-15.445333 21.077333 21.077333 0 0 1 15.104-6.4h42.666666zM725.333333 205.226667v612.138666l128-56.106666V259.242667L725.333333 205.226667z m-426.666666 0L170.666667 259.242667v502.016l128 56.064V205.226667z\" fill=\"#1D2129\">\u003C/path>\u003C/symbol>\u003Csymbol id=\"iconPlay\" viewBox=\"0 0 1024 1024\">\u003Cpath d=\"M512 514.56m-463.36 0a463.36 463.36 0 1 0 926.72 0 463.36 463.36 0 1 0-926.72 0Z\" fill=\"#333333\" opacity=\".3\">\u003C/path>\u003Cpath d=\"M512 1002.666667c-268.8 0-488.106667-219.306667-488.106667-488.106667S243.2 26.453333 512 26.453333s488.106667 219.306667 488.106667 488.106667-219.306667 488.106667-488.106667 488.106667zM512 76.8C270.506667 76.8 73.386667 273.066667 73.386667 514.56s197.12 438.613333 438.613333 438.613333 438.613333-197.12 438.613333-438.613333S753.493333 76.8 512 76.8z\" fill=\"#FFFFFF\">\u003C/path>\u003Cpath d=\"M686.08 546.133333L451.413333 714.24c-24.746667 17.92-59.733333 0-59.733333-30.72V346.453333c0-30.72 34.986667-48.64 59.733333-30.72l234.666667 168.106667c20.48 15.36 20.48 46.933333 0 62.293333z\" fill=\"#FFFFFF\">\u003C/path>\u003C/symbol>\u003Csymbol id=\"iconread_all\" viewBox=\"0 0 1024 1024\">\u003Cpath d=\"M896 85.333333c23.552 0 42.666667 19.498667 42.666667 43.562667V746.24a43.093333 43.093333 0 0 1-42.666667 43.562667h-213.333333l-140.501334 136.106666a41.984 41.984 0 0 1-60.330666 0L341.333333 789.802667H128c-23.594667 0-42.666667-19.498667-42.666667-43.562667V128.896A43.093333 43.093333 0 0 1 128 85.333333h768z m-42.666667 85.333334H170.666667v533.76h206.037333L512 832l135.296-127.573333H853.333333V170.666667z\" fill=\"#1D2129\">\u003C/path>\u003Cpath d=\"M719.061333 354.688l-30.165333-28.714667a21.888 21.888 0 0 0-30.165333 0l-168.106667 160.085334L407.893333 407.253333a21.888 21.888 0 0 0-15.061333-5.973333c-5.674667 0-11.093333 2.133333-15.104 5.973333l-30.165333 28.714667a19.84 19.84 0 0 0-6.229334 14.378667c0 5.376 2.261333 10.538667 6.229334 14.336l128 121.898666a21.888 21.888 0 0 0 30.165333 0l213.333333-203.136A19.84 19.84 0 0 0 725.333333 369.066667a19.84 19.84 0 0 0-6.272-14.378667z\" fill=\"#1D2129\">\u003C/path>\u003C/symbol>\u003Csymbol id=\"iconRefresh\" viewBox=\"0 0 1024 1024\">\u003Cpath d=\"M667.008 750.933333a255.104 255.104 0 0 1-158.293333 52.650667c-7.466667-0.128-14.762667-0.725333-22.101334-1.28-2.986667-0.384-5.973333-0.896-8.96-1.365333a206.549333 206.549333 0 0 1-17.066666-2.816c-3.413333-0.64-6.912-1.706667-10.24-2.56a229.76 229.76 0 0 1-16.384-4.266667c-2.56-1.066667-4.949333-1.92-7.509334-3.029333a195.456 195.456 0 0 1-18.346666-7.168c-1.365333-0.64-2.688-1.152-4.010667-1.706667a456.448 456.448 0 0 1-20.608-10.837333L382.634667 768a272.384 272.384 0 0 1-61.525334-49.792c-0.298667-0.341333-0.554667-0.725333-0.938666-1.024a237.056 237.056 0 0 1-19.242667-23.594667 305.024 305.024 0 0 1-59.178667-181.717333h71.168L199.125333 327.594667 85.333333 511.872h71.04a403.626667 403.626667 0 0 0 63.018667 217.6c0.426667 0.896 0.768 1.877333 1.28 2.688 4.096 6.4 8.704 12.245333 13.056 18.133333 1.706667 2.133333 3.157333 4.394667 4.906667 6.826667a419.072 419.072 0 0 0 22.4 26.368 357.12 357.12 0 0 0 79.957333 64.810667l2.346667 1.365333c8.448 4.906667 17.066667 9.386667 25.813333 13.525333l6.528 3.114667a540.288 540.288 0 0 0 34.048 13.226667c6.826667 2.090667 13.781333 3.968 20.736 5.674666 4.693333 1.194667 9.130667 2.474667 13.952 3.413334 1.92 0.512 3.754667 1.152 5.674667 1.365333 6.698667 1.28 13.269333 1.962667 19.84 2.816 2.432 0.426667 4.778667 0.896 7.168 1.152 11.861333 1.28 23.68 2.048 35.498666 2.048 72.234667 0 142.762667-23.808 203.264-69.632 19.285333-14.592 24.021333-43.392 10.581334-64.085333-13.610667-21.034667-40.149333-26.069333-59.434667-11.349334z m200.448-239.061333c0-80.512-23.125333-155.306667-62.506667-217.002667-0.64-1.066667-0.981333-2.133333-1.493333-3.072-5.077333-7.594667-10.282667-14.677333-15.658667-21.802666a26.88 26.88 0 0 1-1.792-2.602667 359.296 359.296 0 0 0-132.736-107.648c-1.536-0.64-2.816-1.365333-4.309333-2.005333a407.082667 407.082667 0 0 0-25.173333-9.984c-2.901333-1.024-5.973333-2.218667-9.045334-3.2a335.914667 335.914667 0 0 0-22.272-6.272c-4.224-0.981333-8.448-2.133333-12.629333-3.072-2.048-0.426667-3.925333-1.066667-6.144-1.536-5.632-0.981333-11.136-1.536-16.768-2.261334-3.968-0.426667-7.68-1.109333-11.648-1.578666a340.992 340.992 0 0 0-28.245333-1.578667c-1.706667 0-3.413333-0.256-5.12-0.256l-0.853334 0.128c-72.149333 0.085333-142.634667 23.552-203.008 69.333333-19.285333 14.506667-23.978667 43.264-10.410666 64.213334 13.397333 20.736 40.106667 25.856 59.477333 11.178666a254.293333 254.293333 0 0 1 180.650667-51.2c2.432 0.170667 4.693333 0.554667 7.168 0.938667 6.4 0.853333 12.8 1.749333 19.072 3.2 2.730667 0.512 5.546667 1.28 8.106666 1.962667 6.272 1.536 12.330667 3.072 18.346667 5.034666 2.005333 0.597333 3.84 1.322667 5.632 2.133334 6.954667 2.389333 13.738667 4.949333 20.309333 7.978666 0.725333 0.170667 1.365333 0.768 2.048 1.024a274.133333 274.133333 0 0 1 102.4 83.072 305.28 305.28 0 0 1 61.44 184.874667h-71.253333l113.92 184.32L938.666667 511.914667h-71.253334z\" fill=\"#1D2129\">\u003C/path>\u003C/symbol>\u003Csymbol id=\"iconresize\" viewBox=\"0 0 1024 1024\">\u003Cpath d=\"M558.08 69.12h76.8v901.973333h-76.8zM423.253333 69.12h76.8v901.973333h-76.8z\" fill=\"#333333\">\u003C/path>\u003C/symbol>\u003Csymbol id=\"iconRestart\" viewBox=\"0 0 1024 1024\">\u003Cpath d=\"M512 93.866667c-9.386667 0-18.773333 0-28.16 0.853333v72.533333c9.386667-0.853333 18.773333-0.853333 28.16-0.853333 214.186667 0 386.56 177.493333 378.026667 393.386667-7.68 196.266667-167.253333 355.84-363.52 363.52-215.893333 8.533333-393.386667-164.693333-393.386667-378.026667 0-69.12 18.773333-134.826667 51.2-190.293333 9.386667-15.36 5.12-35.84-9.386667-46.933334-17.066667-12.8-41.813333-8.533333-52.906666 10.24-46.08 78.506667-69.12 171.52-59.733334 270.506667 20.48 215.893333 196.266667 389.12 413.013334 406.186667 264.533333 20.48 487.253333-189.44 487.253333-449.706667C962.56 296.106667 760.32 93.866667 512 93.866667z\" fill=\"#333333\">\u003C/path>\u003Cpath d=\"M391.68 128.853333L496.64 30.72c5.973333-5.12 15.36-0.853333 15.36 6.826667v196.266666c0 7.68-9.386667 11.946667-15.36 6.826667L391.68 142.506667c-4.266667-4.266667-4.266667-10.24 0-13.653334zM446.293333 367.786667V742.4L674.133333 555.52z\" fill=\"#333333\">\u003C/path>\u003C/symbol>\u003Csymbol id=\"iconRestore\" viewBox=\"0 0 1024 1024\">\u003Cpath d=\"M741.546667 790.186667H44.373333v-76.8H742.4c88.746667 0 160.426667-71.68 160.426667-160.426667S831.146667 392.533333 742.4 392.533333H162.986667v-76.8h578.56c130.56 0 237.226667 106.666667 237.226666 237.226667s-105.813333 237.226667-237.226666 237.226667z\" fill=\"#333333\">\u003C/path>\u003Cpath d=\"M289.28 584.533333L53.76 354.986667l235.52-232.106667 53.76 54.613333-180.053333 177.493334L343.04 529.066667z\" fill=\"#333333\">\u003C/path>\u003C/symbol>\u003Csymbol id=\"iconright\" viewBox=\"0 0 1024 1024\">\u003Cpath d=\"M512 42.666667C252.8 42.666667 42.666667 252.8 42.666667 512s210.133333 469.333333 469.333333 469.333333 469.333333-210.133333 469.333333-469.333333S771.2 42.666667 512 42.666667z m0 85.333333a384 384 0 1 1 0 768 384 384 0 0 1 0-768z m-48.896 198.229333l-30.165333 30.208a21.333333 21.333333 0 0 0 0 30.165334L558.293333 512l-125.44 125.44a21.333333 21.333333 0 0 0 0 30.165333l30.165334 30.165334a21.333333 21.333333 0 0 0 30.165333 0l170.666667-170.666667a21.333333 21.333333 0 0 0 0-30.165333l-170.666667-170.666667a21.333333 21.333333 0 0 0-30.165333 0z\" fill=\"#1D2129\">\u003C/path>\u003C/symbol>\u003Csymbol id=\"iconright1\" viewBox=\"0 0 1024 1024\">\u003Cpath d=\"M983.04 133.973333c-17.066667-12.8-40.96-9.386667-53.76 7.68L444.586667 782.506667 81.92 504.32c-17.066667-12.8-40.96-9.386667-53.76 6.826667-12.8 17.066667-9.386667 40.96 6.826667 53.76l393.386666 302.08c0.853333 0.853333 2.56 1.706667 3.413334 2.56 0.853333 0 0.853333 0.853333 1.706666 0.853333 0.853333 0.853333 2.56 0.853333 3.413334 1.706667 0.853333 0 1.706667 0.853333 1.706666 0.853333 1.706667 0.853333 2.56 0.853333 4.266667 0.853333 0.853333 0 1.706667 0 1.706667 0.853334 1.706667 0 4.266667 0.853333 5.973333 0 2.56 0 5.973333 0 8.533333-0.853334 0.853333 0 1.706667-0.853333 2.56-0.853333 1.706667-0.853333 3.413333-0.853333 5.12-1.706667 0.853333-0.853333 1.706667-0.853333 2.56-1.706666 1.706667-0.853333 3.413333-1.706667 4.266667-2.56l2.56-2.56 3.413333-3.413334L990.72 187.733333c12.8-17.066667 9.386667-40.96-7.68-53.76z\" fill=\"#0086E6\">\u003C/path>\u003C/symbol>\u003Csymbol id=\"iconscreen_custom\" viewBox=\"0 0 1024 1024\">\u003Cpath d=\"M1004.373333 995.84H19.626667V21.333333h985.6v974.506667z m-907.946666-76.8h832V98.133333H96.426667v820.906667z\" fill=\"#333333\">\u003C/path>\u003Cpath d=\"M474.453333 32.426667h76.8v144.213333h-76.8zM34.133333 470.186667h144.213334v76.8H34.133333zM473.6 836.266667h76.8v144.213333h-76.8zM832.853333 470.186667h144.213334v76.8H832.853333zM636.586667 735.573333H365.226667c-52.906667 0-95.573333-42.666667-95.573334-95.573333V366.08c0-52.906667 42.666667-95.573333 95.573334-95.573333H477.866667c21.333333 0 38.4 17.066667 38.4 38.4s-17.066667 38.4-38.4 38.4H365.226667c-10.24 0-18.773333 8.533333-18.773334 18.773333V640c0 10.24 8.533333 18.773333 18.773334 18.773333h271.36c10.24 0 18.773333-8.533333 18.773333-18.773333V520.533333c0-21.333333 17.066667-38.4 38.4-38.4s38.4 17.066667 38.4 38.4v119.466667c0.853333 52.906667-42.666667 95.573333-95.573333 95.573333z\" fill=\"#333333\">\u003C/path>\u003Cpath d=\"M430.08 501.76l234.666667-226.986667 63.146666 73.386667-230.4 226.133333-83.626666 17.92z\" fill=\"#333333\">\u003C/path>\u003C/symbol>\u003Csymbol id=\"iconscreenx4\" viewBox=\"0 0 1024 1024\">\u003Cpath d=\"M973.653333 971.946667H50.346667V49.493333h923.306666v922.453334z m-846.506666-76.8h769.706666V126.293333H127.146667v768.853334z\" fill=\"#333333\">\u003C/path>\u003Cpath d=\"M473.6 50.346667h76.8V947.2h-76.8z\" fill=\"#333333\">\u003C/path>\u003Cpath d=\"M63.146667 460.8h896.853333v76.8H63.146667z\" fill=\"#333333\">\u003C/path>\u003C/symbol>\u003Csymbol id=\"iconscreenx6\" viewBox=\"0 0 1024 1024\">\u003Cpath d=\"M973.653333 973.653333H50.346667V50.346667h923.306666v923.306666z m-846.506666-76.8h769.706666V127.146667H127.146667v769.706666z\" fill=\"#333333\">\u003C/path>\u003Cpath d=\"M614.4 52.053333h76.8v896.853334h-76.8zM332.8 612.693333h76.8v336.213334h-76.8z\" fill=\"#333333\">\u003C/path>\u003Cpath d=\"M614.4 331.093333h345.6v76.8H614.4zM63.146667 610.986667h896.853333v76.8H63.146667z\" fill=\"#333333\">\u003C/path>\u003C/symbol>\u003Csymbol id=\"iconscreenx9\" viewBox=\"0 0 1024 1024\">\u003Cpath d=\"M973.653333 973.653333H50.346667V50.346667h923.306666v923.306666z m-846.506666-76.8h769.706666V127.146667H127.146667v769.706666z\" fill=\"#333333\">\u003C/path>\u003Cpath d=\"M614.4 52.053333h76.8v896.853334h-76.8zM332.8 85.333333h76.8v863.573334h-76.8z\" fill=\"#333333\">\u003C/path>\u003Cpath d=\"M63.146667 331.093333h896.853333v76.8H63.146667zM63.146667 610.986667h896.853333v76.8H63.146667z\" fill=\"#333333\">\u003C/path>\u003C/symbol>\u003Csymbol id=\"iconscreenx10\" viewBox=\"0 0 1024 1024\">\u003Cpath d=\"M973.653333 973.653333H50.346667V50.346667h923.306666v923.306666z m-846.506666-76.8h769.706666V127.146667H127.146667v769.706666z\" fill=\"#333333\">\u003C/path>\u003Cpath d=\"M473.6 71.68h76.8v877.226667h-76.8zM685.226667 520.533333h76.8v428.373334h-76.8zM261.973333 494.933333h76.8v453.973334h-76.8z\" fill=\"#333333\">\u003C/path>\u003Cpath d=\"M63.146667 472.746667h896.853333v76.8H63.146667zM63.146667 685.226667h896.853333v76.8H63.146667z\" fill=\"#333333\">\u003C/path>\u003C/symbol>\u003Csymbol id=\"iconSearch\" viewBox=\"0 0 1024 1024\">\u003Cpath d=\"M465.792 85.333333c210.133333 0 380.501333 176.682667 380.501333 394.666667a403.2 403.2 0 0 1-65.962666 222.165333l151.765333 157.44a23.637333 23.637333 0 0 1 0 32.853334l-37.973333 39.424a21.973333 21.973333 0 0 1-31.616 0l-147.84-153.344a371.114667 371.114667 0 0 1-248.874667 96.128C255.658667 874.666667 85.333333 697.984 85.333333 480S255.658667 85.333333 465.792 85.333333z m0 97.493334c-158.208 0-286.464 133.034667-286.464 297.173333s128.256 297.173333 286.464 297.173333c158.250667 0 286.506667-133.034667 286.506667-297.173333s-128.256-297.173333-286.506667-297.173333z\" fill=\"#1D2129\">\u003C/path>\u003C/symbol>\u003Csymbol id=\"iconscreenx13\" viewBox=\"0 0 1024 1024\">\u003Cpath d=\"M973.653333 973.653333H50.346667V50.346667h923.306666v923.306666z m-846.506666-76.8h769.706666V127.146667H127.146667v769.706666z\" fill=\"#333333\">\u003C/path>\u003Cpath d=\"M473.6 71.68h76.8v237.226667h-76.8zM473.6 736.426667h76.8v237.226666h-76.8zM685.226667 711.68h76.8v237.226667h-76.8z\" fill=\"#333333\">\u003C/path>\u003Cpath d=\"M685.226667 71.68h76.8v664.746667h-76.8zM261.973333 711.68h76.8v237.226667h-76.8z\" fill=\"#333333\">\u003C/path>\u003Cpath d=\"M261.973333 71.68h76.8v651.946667h-76.8zM50.346667 494.933333h76.8v453.973334h-76.8z\" fill=\"#333333\">\u003C/path>\u003Cpath d=\"M63.146667 472.746667h266.24v76.8H63.146667zM693.76 472.746667h266.24v76.8H693.76zM63.146667 685.226667h896.853333v76.8H63.146667zM63.146667 261.12h896.853333v76.8H63.146667z\" fill=\"#333333\">\u003C/path>\u003C/symbol>\u003Csymbol id=\"iconServiceorder\" viewBox=\"0 0 1024 1024\">\u003Cpath d=\"M246.570667 907.776A21.333333 21.333333 0 0 0 256 890.069333V128a21.333333 21.333333 0 0 0-21.333333-21.333333h-42.666667A21.333333 21.333333 0 0 0 170.666667 128v533.333333H67.626667a12.8 12.8 0 0 0-10.410667 20.266667l156.288 217.088a21.333333 21.333333 0 0 0 4.138667 4.266667l0.810666 1.024a21.333333 21.333333 0 0 0 28.117334 3.84zM362.666667 277.333333h554.666666a21.333333 21.333333 0 0 0 21.205334-18.816L938.666667 256V213.333333a21.333333 21.333333 0 0 0-18.858667-21.205333L917.333333 192h-554.666666a21.333333 21.333333 0 0 0-21.205334 18.816L341.333333 213.333333v42.666667a21.333333 21.333333 0 0 0 18.816 21.205333L362.666667 277.333333z m0 277.333334h426.666666a21.333333 21.333333 0 0 0 21.205334-18.816L810.666667 533.333333v-42.666666a21.333333 21.333333 0 0 0-18.858667-21.162667L789.333333 469.333333h-426.666666a21.333333 21.333333 0 0 0-21.205334 18.816L341.333333 490.666667v42.666666a21.333333 21.333333 0 0 0 18.816 21.162667L362.666667 554.666667z m298.666666 277.333333a21.333333 21.333333 0 0 0 21.162667-18.858667L682.666667 810.666667v-42.666667a21.333333 21.333333 0 0 0-18.816-21.205333L661.333333 746.666667h-298.666666a21.333333 21.333333 0 0 0-21.205334 18.858666L341.333333 768v42.666667a21.333333 21.333333 0 0 0 18.816 21.205333l2.517334 0.128h298.666666z\" fill=\"#1D2129\">\u003C/path>\u003C/symbol>\u003Csymbol id=\"iconSettings\" viewBox=\"0 0 1024 1024\">\u003Cpath d=\"M512 85.333333c30.933333 0 61.781333 3.456 91.989333 10.325334l6.741334 1.536a21.333333 21.333333 0 0 1 14.848 12.373333l43.392 100.224a21.333333 21.333333 0 0 0 21.930666 12.714667l106.282667-11.776a21.333333 21.333333 0 0 1 18.176 6.912l4.693333 5.12a428.117333 428.117333 0 0 1 92.074667 162.218666l2.133333 6.912a21.376 21.376 0 0 1-3.114666 18.688l-4.181334 5.845334-59.733333 83.114666a21.376 21.376 0 0 0 0 24.917334l63.872 88.96a21.333333 21.333333 0 0 1 3.114667 18.688l-2.133334 6.912a428.16 428.16 0 0 1-92.074666 162.218666l-4.650667 5.12a21.333333 21.333333 0 0 1-18.176 6.912l-106.24-11.776a21.333333 21.333333 0 0 0-22.016 12.714667l-43.349333 100.266667a21.333333 21.333333 0 0 1-14.848 12.330666l-6.741334 1.536a412.885333 412.885333 0 0 1-184.021333 0l-6.741333-1.536a21.333333 21.333333 0 0 1-14.805334-12.373333l-2.858666-6.528-40.533334-93.696a21.333333 21.333333 0 0 0-21.973333-12.714667l-106.24 11.776a21.333333 21.333333 0 0 1-18.218667-6.912l-4.650666-5.12a428.288 428.288 0 0 1-92.074667-162.218666l-2.133333-6.912a21.376 21.376 0 0 1 3.072-18.730667l4.224-5.845333 59.733333-83.072a21.333333 21.333333 0 0 0 0-24.917334L112.768 410.624a21.376 21.376 0 0 1-3.072-18.688l2.133333-6.954667A428.202667 428.202667 0 0 1 203.946667 222.805333l4.693333-5.162666a21.333333 21.333333 0 0 1 18.133333-6.912l106.282667 11.776a21.333333 21.333333 0 0 0 21.973333-12.714667l43.392-100.266667a21.333333 21.333333 0 0 1 14.805334-12.330666l6.741333-1.536A412.885333 412.885333 0 0 1 512 85.333333z m0 71.125334c-16.128 0-32.213333 1.109333-48.128 3.328a20.608 20.608 0 0 0-15.957333 12.373333l-38.656 89.344a58.026667 58.026667 0 0 1-23.893334 27.008 56.746667 56.746667 0 0 1-34.901333 7.466667L255.658667 285.44a20.650667 20.650667 0 0 0-18.730667 7.808 357.077333 357.077333 0 0 0-48.554667 85.717333 20.650667 20.650667 0 0 0 2.56 19.626667l56.96 79.146667a58.88 58.88 0 0 1 0 68.522666l-56.917333 79.146667a20.650667 20.650667 0 0 0-2.56 19.626667 357.12 357.12 0 0 0 48.512 85.717333c4.394667 5.717333 11.52 8.576 18.730667 7.808l94.72-10.496c12.16-1.365333 24.448 1.237333 34.986666 7.424 10.624 6.229333 18.986667 15.701333 23.893334 27.050667l38.656 89.301333a20.650667 20.650667 0 0 0 15.957333 12.373333 346.026667 346.026667 0 0 0 96.256 0 20.650667 20.650667 0 0 0 15.957333-12.373333l38.613334-89.344a58.026667 58.026667 0 0 1 23.893333-27.008 56.746667 56.746667 0 0 1 34.944-7.424l94.805333 10.496a20.650667 20.650667 0 0 0 18.688-7.808 356.821333 356.821333 0 0 0 48.554667-85.674667 20.608 20.608 0 0 0-2.56-19.626666l-56.917333-79.189334a58.709333 58.709333 0 0 1 0-68.522666l56.874666-79.189334a20.608 20.608 0 0 0 2.56-19.626666 356.821333 356.821333 0 0 0-48.512-85.674667 20.650667 20.650667 0 0 0-18.730666-7.808l-94.72 10.538667a56.789333 56.789333 0 0 1-34.986667-7.466667 57.984 57.984 0 0 1-23.893333-27.008l-38.613334-89.344a20.650667 20.650667 0 0 0-15.957333-12.373333A346.325333 346.325333 0 0 0 512 156.458667z m0 177.792c101.632 0 183.893333 79.616 183.893333 177.749333 0 98.133333-82.261333 177.792-183.893333 177.792-101.632 0-183.893333-79.616-183.893333-177.792 0-98.133333 82.261333-177.749333 183.893333-177.749333zM512 405.333333a106.666667 106.666667 0 1 0 0 213.333334 106.666667 106.666667 0 0 0 0-213.333334z\" fill=\"#1D2129\">\u003C/path>\u003C/symbol>\u003Csymbol id=\"iconshow_all\" viewBox=\"0 0 1024 1024\">\u003Cpath d=\"M907.093333 977.066667H116.906667c-38.4 0-69.973333-31.573333-69.973334-69.973334V116.906667c0-38.4 31.573333-69.973333 69.973334-69.973334h790.186666c38.4 0 69.973333 31.573333 69.973334 69.973334v790.186666c0 38.4-31.573333 69.973333-69.973334 69.973334z m-783.36-76.8h776.533334v-776.533334h-776.533334v776.533334z\" fill=\"#333333\">\u003C/path>\u003Cpath d=\"M409.6 360.96c-10.24 0-20.48-4.266667-27.306667-11.946667-14.506667-15.36-14.506667-39.253333 0.853334-54.613333l91.306666-87.893333c17.066667-16.213333 42.666667-16.213333 59.733334 0l90.453333 87.893333c15.36 14.506667 15.36 39.253333 0.853333 54.613333-14.506667 15.36-39.253333 15.36-54.613333 0.853334L503.466667 285.013333 436.053333 349.866667c-7.68 6.826667-17.066667 11.093333-26.453333 11.093333z m117.76-98.986667zM503.466667 826.026667c-11.093333 0-21.333333-4.266667-29.866667-11.946667L382.293333 726.186667c-15.36-14.506667-15.36-39.253333-0.853333-54.613334 14.506667-15.36 39.253333-15.36 54.613333-0.853333l67.413334 64.853333 66.56-64.853333c15.36-14.506667 39.253333-14.506667 54.613333 0.853333 14.506667 15.36 14.506667 39.253333-0.853333 54.613334L533.333333 813.226667c-8.533333 8.533333-18.773333 12.8-29.866666 12.8zM346.453333 650.24c-10.24 0-20.48-4.266667-27.306666-11.946667L231.253333 546.986667c-16.213333-17.066667-16.213333-42.666667 0-59.733334l87.893334-90.453333c14.506667-15.36 39.253333-15.36 54.613333-0.853333 15.36 14.506667 15.36 39.253333 0.853333 54.613333l-64.853333 66.56 64.853333 67.413333c14.506667 15.36 14.506667 39.253333-0.853333 54.613334-7.68 6.826667-17.066667 11.093333-27.306667 11.093333zM673.28 650.24c-9.386667 0-18.773333-3.413333-26.453333-11.093333-15.36-14.506667-15.36-39.253333-0.853334-54.613334l64.853334-67.413333-64.853334-66.56c-14.506667-15.36-14.506667-39.253333 0.853334-54.613333s39.253333-14.506667 54.613333 0.853333l87.893333 90.453333c16.213333 17.066667 16.213333 42.666667 0 59.733334L700.586667 638.293333c-7.68 7.68-17.92 11.946667-27.306667 11.946667z m59.733333-156.16z\" fill=\"#333333\">\u003C/path>\u003C/symbol>\u003Csymbol id=\"iconShare1\" viewBox=\"0 0 1024 1024\">\u003Cpath d=\"M782.208 677.461333a137.386667 137.386667 0 0 0-84.906667 29.013334l-233.258666-163.114667a169.173333 169.173333 0 0 0 0-62.72l233.258666-163.157333a137.386667 137.386667 0 0 0 84.906667 29.056c35.84 0 70.229333-13.781333 95.573333-38.272A128.554667 128.554667 0 0 0 917.333333 215.893333c0-34.645333-14.293333-67.84-39.637333-92.330666A137.6 137.6 0 0 0 782.165333 85.333333c-20.906667 0-41.557333 4.736-60.288 13.781334-18.773333 9.045333-35.029333 22.186667-47.616 38.357333-12.586667 16.170667-21.12 34.944-24.917333 54.826667-3.84 19.925333-2.773333 40.405333 2.986667 59.861333l-221.482667 155.178667a178.773333 178.773333 0 0 0-63.573333-51.157334 185.173333 185.173333 0 0 0-80.426667-18.346666c-23.68 0-47.104 4.522667-68.949333 13.226666a180.608 180.608 0 0 0-58.453334 37.802667 173.824 173.824 0 0 0-39.082666 56.490667 169.088 169.088 0 0 0 0 133.290666c9.045333 21.162667 22.314667 40.362667 39.04 56.533334 16.725333 16.213333 36.608 29.013333 58.453333 37.76 21.888 8.746667 45.312 13.226667 68.992 13.226666 27.904 0 55.466667-6.272 80.469333-18.346666a178.773333 178.773333 0 0 0 63.530667-51.114667l221.525333 155.093333c-5.76 19.456-6.826667 39.978667-2.986666 59.861334 3.754667 19.925333 12.288 38.698667 24.874666 54.869333 12.586667 16.213333 28.885333 29.312 47.616 38.357333 18.773333 9.045333 39.381333 13.781333 60.330667 13.781334 35.84 0 70.186667-13.781333 95.530667-38.272a128.554667 128.554667 0 0 0 39.594666-92.330667c0-34.645333-14.250667-67.84-39.594666-92.330667a137.557333 137.557333 0 0 0-95.530667-38.272z m0-518.101333c15.530667 0 30.421333 5.973333 41.386667 16.597333 11.008 10.624 17.152 25.002667 17.152 40.021334s-6.186667 29.44-17.152 40.021333a60.288 60.288 0 0 1-82.816 0 55.68 55.68 0 0 1-17.152-40.064c0-15.018667 6.186667-29.44 17.152-40.021333 11.008-10.624 25.898667-16.597333 41.429333-16.554667z m-495.36 448.426667a100.992 100.992 0 0 1-70.058667-28.074667A94.336 94.336 0 0 1 187.733333 512a94.336 94.336 0 0 1 29.056-67.712 100.992 100.992 0 0 1 70.058667-28.074667c26.24 0.042667 51.413333 10.154667 69.973333 28.117334 18.602667 17.92 29.013333 42.24 29.098667 67.669333a94.336 94.336 0 0 1-29.056 67.669333 100.992 100.992 0 0 1-70.016 28.117334z m495.36 256.853333a60.288 60.288 0 0 1-41.386667-16.597333 56.533333 56.533333 0 0 1-12.714666-18.346667 54.997333 54.997333 0 0 1 12.757333-61.738667 60.288 60.288 0 0 1 82.816 0.042667c11.008 10.666667 17.152 25.045333 17.152 40.106667 0 14.976-6.186667 29.397333-17.194667 39.978666a59.648 59.648 0 0 1-41.429333 16.554667z\" fill=\"#1D2129\">\u003C/path>\u003C/symbol>\u003Csymbol id=\"iconsignout\" viewBox=\"0 0 1024 1024\">\u003Cpath d=\"M661.333333 85.333333a21.333333 21.333333 0 0 1 21.333334 21.333334v42.666666a21.333333 21.333333 0 0 1-21.333334 21.333334H170.666667v682.666666h490.666666a21.333333 21.333333 0 0 1 21.333334 21.333334v42.666666a21.333333 21.333333 0 0 1-21.333334 21.333334H128a42.666667 42.666667 0 0 1-42.666667-42.666667V128a42.666667 42.666667 0 0 1 42.666667-42.666667h533.333333z m103.381334 227.370667l165.930666 165.930667a42.666667 42.666667 0 0 1 0 60.330666l-165.930666 165.930667a21.248 21.248 0 0 1-30.165334 0l-30.165333-30.165333a21.333333 21.333333 0 0 1 0-30.165334l90.325333-90.325333-388.394666-1.706667a21.333333 21.333333 0 0 1-21.248-21.248l-0.170667-40.405333a21.333333 21.333333 0 0 1 18.773333-21.290667l2.688-0.170666 396.202667 1.749333-98.176-98.133333a21.333333 21.333333 0 0 1 0-30.165334l30.122667-30.165333a21.333333 21.333333 0 0 1 30.208 0z\" fill=\"#000000\">\u003C/path>\u003C/symbol>\u003Csymbol id=\"iconsnapshot\" viewBox=\"0 0 1024 1024\">\u003Cpath d=\"M339.541333 153.344a40.106667 40.106667 0 0 1 14.250667-18.432A37.674667 37.674667 0 0 1 375.509333 128h271.530667c7.552 0 14.976 2.304 21.333333 6.656a40.064 40.064 0 0 1 14.293334 17.792l23.296 56.405333H896c23.552 0 42.666667 18.090667 42.666667 40.405334v606.293333c0 22.357333-19.114667 40.448-42.666667 40.448H128c-23.552 0-42.666667-18.090667-42.666667-40.405333V249.301333c0-22.357333 19.114667-40.448 42.666667-40.448h190.08l21.461333-55.509333z m521.557334 136.32H162.901333v525.482667h698.197334V289.706667zM512 350.336c107.093333 0 193.962667 90.453333 193.962667 202.069333 0 111.658667-86.826667 202.112-193.962667 202.112-107.093333 0-193.92-90.453333-193.92-202.112 0-111.616 86.826667-202.069333 193.92-202.069333z m0 80.810667c-30.848 0-60.458667 12.8-82.261333 35.541333a123.904 123.904 0 0 0-34.133334 85.76c0 32.128 12.288 62.976 34.133334 85.717333a114.048 114.048 0 0 0 82.261333 35.498667c30.848 0 60.458667-12.757333 82.261333-35.498667a123.904 123.904 0 0 0 34.133334-85.76c0-32.128-12.288-62.976-34.133334-85.76A114.048 114.048 0 0 0 512 431.189333z\" fill=\"#1D2129\">\u003C/path>\u003C/symbol>\u003Csymbol id=\"iconsound_volume\" viewBox=\"0 0 1024 1024\">\u003Cpath d=\"M545.28 937.813333c-20.48 0-40.96-7.68-56.32-23.04L288.426667 715.093333c-0.853333-0.853333-0.853333-0.853333-1.706667-0.853333H131.413333c-43.52 0-79.36-35.84-79.36-79.36V400.213333c0-43.52 35.84-79.36 79.36-79.36h145.066667c0.853333 0 1.706667 0 1.706667-0.853333l210.773333-210.773333c23.04-23.04 56.32-29.866667 86.186667-17.066667 29.866667 11.946667 48.64 40.96 48.64 73.386667v693.76c0 32.426667-19.626667 61.44-48.64 73.386666-9.386667 3.413333-19.626667 5.12-29.866667 5.12zM131.413333 397.653333c-1.706667 0-2.56 0.853333-2.56 2.56v234.666667c0 1.706667 0.853333 2.56 2.56 2.56h156.16c21.333333 0 40.96 8.533333 56.32 23.04l199.68 199.68c0.853333 0.853333 0.853333 0.853333 2.56 0.853333 1.706667-0.853333 1.706667-1.706667 1.706667-2.56V165.546667c0-0.853333 0-1.706667-1.706667-2.56-1.706667-0.853333-2.56 0-2.56 0.853333L332.8 373.76c-15.36 15.36-34.986667 23.04-56.32 23.04h-145.066667zM701.44 715.946667c-11.093333 0-21.333333-4.266667-29.013333-13.653334-13.653333-16.213333-11.946667-40.106667 4.266666-53.76 48.64-41.813333 73.386667-85.333333 73.386667-130.56-0.853333-78.506667-75.093333-140.8-75.093333-140.8-16.213333-13.653333-18.773333-37.546667-5.12-53.76 13.653333-16.213333 37.546667-18.773333 53.76-5.12 4.266667 3.413333 102.4 84.48 103.253333 199.68C827.733333 587.093333 793.6 651.093333 726.186667 708.266667c-7.68 4.266667-16.213333 7.68-24.746667 7.68z\" fill=\"#333333\">\u003C/path>\u003Cpath d=\"M806.4 818.346667c-9.386667 0-19.626667-3.413333-27.306667-11.093334-15.36-15.36-15.36-39.253333 0-54.613333 87.893333-87.893333 128.853333-176.64 122.88-263.68-8.533333-128.853333-117.76-213.333333-118.613333-214.186667-17.066667-12.8-20.48-36.693333-6.826667-53.76 12.8-17.066667 36.693333-20.48 53.76-6.826666 5.973333 4.266667 138.24 106.666667 149.333334 270.506666 7.68 110.08-40.96 218.453333-145.066667 322.56-8.533333 6.826667-18.773333 11.093333-28.16 11.093334z\" fill=\"#333333\">\u003C/path>\u003C/symbol>\u003Csymbol id=\"iconspin_right\" viewBox=\"0 0 1024 1024\">\u003Cpath d=\"M957.44 507.733333l48.64-150.186666c1.706667-5.973333-3.413333-11.093333-9.386667-8.533334l-181.76 64.853334c-5.12 1.706667-5.973333 9.386667-1.706666 12.8l133.973333 84.48c3.413333 2.56 8.533333 0.853333 10.24-3.413334z\" fill=\"#333333\">\u003C/path>\u003Cpath d=\"M494.933333 41.813333c223.573333 0 411.306667 154.453333 463.36 361.813334l-76.8 10.24C834.56 244.053333 679.253333 118.613333 494.933333 118.613333c-221.013333 0-400.213333 180.053333-400.213333 400.213334s179.2 401.066667 400.213333 401.066666c83.626667 0 162.133333-26.453333 226.133334-70.826666 36.693333 11.093333 46.08 38.4 47.786666 59.733333C691.2 964.266667 597.333333 996.693333 494.933333 996.693333c-262.826667 0-477.013333-214.186667-477.013333-477.013333s213.333333-477.866667 477.013333-477.866667z\" fill=\"#333333\">\u003C/path>\u003C/symbol>\u003Csymbol id=\"iconStart\" viewBox=\"0 0 1024 1024\">\u003Cpath d=\"M512 85.333333c235.648 0 426.666667 191.018667 426.666667 426.666667s-191.018667 426.666667-426.666667 426.666667S85.333333 747.648 85.333333 512 276.352 85.333333 512 85.333333z m0 77.568a349.098667 349.098667 0 1 0 0 698.197334 349.098667 349.098667 0 0 0 0-698.197334zM416.213333 285.184l310.272 193.92a38.826667 38.826667 0 0 1 0 65.792l-310.272 193.92a38.826667 38.826667 0 0 1-59.349333-32.853333V318.08a38.826667 38.826667 0 0 1 59.306667-32.896z m18.218667 102.826667v247.978666L632.746667 512l-198.314667-123.946667z\" fill=\"#1D2129\">\u003C/path>\u003C/symbol>\u003Csymbol id=\"iconStop\" viewBox=\"0 0 1024 1024\">\u003Cpath d=\"M512 85.333333c235.648 0 426.666667 191.018667 426.666667 426.666667s-191.018667 426.666667-426.666667 426.666667S85.333333 747.648 85.333333 512 276.352 85.333333 512 85.333333z m0 77.568a349.098667 349.098667 0 1 0 0 698.197334 349.098667 349.098667 0 0 0 0-698.197334z m81.493333 213.333334a54.357333 54.357333 0 0 1 54.272 54.314666v162.901334a54.272 54.272 0 0 1-54.314666 54.314666h-162.901334a54.272 54.272 0 0 1-54.314666-54.314666v-162.901334a54.272 54.272 0 0 1 54.314666-54.314666h162.901334zM448 448v128h128v-128h-128z\" fill=\"#1D2129\">\u003C/path>\u003C/symbol>\u003Csymbol id=\"iconterramaster_logo\" viewBox=\"0 0 1024 1024\">\u003Cpath d=\"M118.613333 413.866667v35.84h-23.04v128.853333H75.946667V449.706667H53.76v-35.84zM193.706667 413.866667v34.986666H153.6v30.72h35.84v34.133334H153.6v30.72h40.96v34.133333h-60.586667V413.866667zM261.12 512c0.853333 0 2.56-0.853333 4.266667-2.56 5.973333-4.266667 12.8-12.8 12.8-36.693333 0-29.013333-0.853333-45.226667-13.653334-53.76-4.266667-2.56-11.946667-4.266667-21.333333-4.266667h-34.133333v164.693333h19.626666v-64h11.946667l13.653333 64h22.186667L261.12 512z m-5.973333-39.253333c0 3.413333-0.853333 6.826667-3.413334 8.533333-2.56 1.706667-5.973333 1.706667-8.533333 1.706667h-14.506667v-34.133334h14.506667c3.413333 0 5.973333 0 8.533333 2.56 2.56 2.56 3.413333 5.973333 3.413334 8.533334 0.853333 4.266667 0.853333 8.533333 0 12.8zM348.16 512c0.853333 0 2.56-0.853333 4.266667-2.56 5.973333-4.266667 12.8-12.8 12.8-36.693333 0-29.013333-0.853333-45.226667-13.653334-53.76-4.266667-2.56-11.946667-4.266667-21.333333-4.266667h-34.133333v164.693333H315.733333v-64h11.946667l13.653333 64h22.186667L348.16 512z m-5.973333-39.253333c0 3.413333-0.853333 6.826667-3.413334 8.533333-2.56 1.706667-5.973333 1.706667-8.533333 1.706667H315.733333v-34.133334h14.506667c3.413333 0 5.973333 0 8.533333 2.56 2.56 2.56 3.413333 5.973333 3.413334 8.533334 0.853333 4.266667 0.853333 8.533333 0 12.8zM950.613333 512c0.853333 0 2.56-0.853333 4.266667-2.56 5.973333-4.266667 12.8-12.8 12.8-36.693333 0-29.013333-0.853333-45.226667-13.653333-53.76-4.266667-2.56-11.946667-4.266667-21.333334-4.266667H896v164.693333h19.626667v-64h14.506666l13.653334 64h22.186666l-15.36-67.413333z m-5.12-39.253333c0 3.413333-0.853333 6.826667-3.413333 8.533333-2.56 1.706667-5.973333 1.706667-8.533333 1.706667h-17.066667v-34.133334h17.066667c3.413333 0 5.973333 0 8.533333 2.56 2.56 2.56 3.413333 5.973333 3.413333 8.533334v12.8zM493.226667 413.866667l19.626666 85.333333 20.48-85.333333h23.893334v164.693333h-20.48V474.453333l-17.066667 87.893334h-12.8l-17.92-87.893334v104.106667h-20.48V413.866667zM622.08 413.866667h-25.6l-29.866667 164.693333h20.48l5.12-29.013333h32.426667l5.12 29.013333h21.333333l-29.013333-164.693333z m-23.893333 103.253333l10.24-58.88 10.24 58.88h-20.48zM430.08 413.866667h-25.6l-29.866667 164.693333h20.48l5.12-29.013333h32.426667l5.12 29.013333h21.333333l-29.013333-164.693333z m-23.893333 103.253333l10.24-58.88 10.24 58.88h-20.48zM691.2 446.293333c-5.12 0-10.24 3.413333-10.24 11.093334 0 27.306667 45.226667 11.946667 45.226667 70.826666 0 33.28-16.213333 50.346667-33.28 50.346667-12.8 0-25.6-10.24-34.986667-26.453333l7.68-33.28c7.68 14.506667 19.626667 24.746667 27.306667 24.746666 5.973333 0 11.946667-4.266667 11.946666-13.653333 0-28.16-45.226667-11.093333-45.226666-69.12 0-30.72 14.506667-50.346667 33.28-50.346667 11.093333 0 22.186667 7.68 29.866666 18.773334l-7.68 34.133333c-6.826667-9.386667-17.066667-17.066667-23.893333-17.066667zM802.986667 413.866667v35.84h-25.6v128.853333h-19.626667V449.706667h-24.746667v-35.84zM880.64 413.866667v34.986666h-42.666667v30.72h38.4v34.133334h-38.4v30.72h43.52v34.133333h-63.146666V413.866667z\" fill=\"#404040\">\u003C/path>\u003Cpath d=\"M511.146667 742.4c-16.213333 0-31.573333-1.706667-47.786667-5.12L57.173333 628.906667c-25.6-5.973333-45.226667-31.573333-45.226666-60.586667V418.133333c0-29.866667 19.626667-55.466667 46.08-60.586666l407.04-105.813334c29.866667-5.973333 60.586667-5.973333 91.306666 0l407.04 104.96c26.453333 5.973333 46.08 30.72 46.08 60.586667v149.333333c0 29.866667-18.773333 54.613333-45.226666 60.586667L558.08 737.28c-15.36 3.413333-31.573333 5.12-46.933333 5.12z m-44.373334-20.48c29.013333 5.973333 58.88 5.973333 87.893334 0l405.333333-108.373333c18.773333-4.266667 32.426667-23.04 32.426667-45.226667V418.133333c0-22.186667-13.653333-40.96-33.28-45.226666L552.96 267.946667c-28.16-5.973333-56.32-5.973333-84.48 0L61.44 373.76c-18.773333 3.413333-33.28 22.186667-33.28 44.373333v149.333334c0 22.186667 13.653333 40.96 32.426667 45.226666l406.186666 109.226667z\" fill=\"#404040\">\u003C/path>\u003C/symbol>\u003Csymbol id=\"icontopbanner_language\" viewBox=\"0 0 1024 1024\">\u003Cpath d=\"M512 675.114667c41.941333 0 82.432 2.133333 120.064 6.4C606.72 809.557333 558.250667 896 512 896c-46.293333 0-94.72-86.357333-120.064-214.528 34.730667-3.541333 71.594667-6.4 109.952-6.4H512z m195.242667 17.706666c60.032 11.306667 110.634667 27.605333 148.266666 45.994667C801.28 811.093333 709.077333 869.802667 618.666667 896c33.28-48.853333 72.661333-121.770667 88.576-203.178667z m-390.485334 0c15.914667 80.682667 41.216 150.101333 73.770667 198.912a428.501333 428.501333 0 0 1-222.037333-152.917333c35.413333-16.981333 81.706667-32.554667 136.704-43.904l11.52-2.133333zM129.450667 305.493333c47.018667 24.746667 107.008 43.904 176.426666 56.618667A1252.266667 1252.266667 0 0 0 298.666667 481.109333v36.096c0.725333 35.413333 2.901333 69.418667 6.528 101.973334-68.693333 12.714667-129.450667 31.829333-176.469334 56.618666a412.458667 412.458667 0 0 1-3.626666-361.088l4.352-9.173333z m765.098666 0A410.88 410.88 0 0 1 938.666667 491.008a410.88 410.88 0 0 1-44.117334 185.514667c-47.018667-24.746667-107.008-43.904-176.469333-56.661334 4.352-41.045333 7.253333-84.224 7.253333-128.853333 0-44.586667-2.133333-87.765333-7.253333-128.853333 65.834667-12.032 123.690667-30.421333 169.984-53.077334l6.485333-3.541333z m-250.922666 67.968c4.309333 36.821333 6.485333 76.458667 6.485333 117.504 0 41.088-2.133333 80.725333-6.485333 117.546667-39.082667-4.266667-79.573333-6.4-121.514667-7.082667h-36.864a974.08 974.08 0 0 0-104.106667 7.082667 1013.76 1013.76 0 0 1-6.528-107.605333v-34.005334a949.333333 949.333333 0 0 1 6.485334-93.44c41.941333 4.266667 86.058667 7.082667 131.626666 7.082667 41.941333 0 83.2-2.133333 122.197334-6.4l8.704-0.682667zM512 85.333333c46.293333 0 94.72 86.357333 120.064 214.528-37.632 4.266667-78.08 7.082667-120.064 7.082667-41.941333 0-82.432-2.816-120.064-7.082667C417.28 171.690667 465.749333 85.333333 512 85.333333z m-120.746667 4.949334C357.973333 139.136 332.629333 207.829333 316.714667 289.28 256.725333 277.930667 206.08 261.632 168.490667 243.2a427.648 427.648 0 0 1 220.586666-152.192l2.133334-0.725333z m241.493334 0A427.52 427.52 0 0 1 855.466667 243.2c-37.546667 18.432-88.917333 34.730667-148.224 46.037333-15.189333-76.458667-38.314667-142.293333-68.693334-190.464l-5.76-8.490666z\" fill=\"#4E5969\">\u003C/path>\u003C/symbol>\u003Csymbol id=\"iconspin_Left\" viewBox=\"0 0 1024 1024\">\u003Cpath d=\"M66.56 507.733333L17.92 357.546667c-1.706667-5.973333 3.413333-11.093333 9.386667-8.533334l181.76 64.853334c5.12 1.706667 5.973333 9.386667 1.706666 12.8L76.8 511.146667c-3.413333 2.56-8.533333 0.853333-10.24-3.413334z\" fill=\"#333333\">\u003C/path>\u003Cpath d=\"M529.066667 41.813333C305.493333 41.813333 117.76 196.266667 65.706667 403.626667l76.8 10.24C189.44 244.053333 344.746667 118.613333 529.066667 118.613333c221.013333 0 400.213333 180.053333 400.213333 400.213334s-179.2 401.066667-400.213333 401.066666c-83.626667 0-162.133333-26.453333-226.133334-70.826666-36.693333 11.093333-46.08 38.4-47.786666 59.733333C332.8 964.266667 426.666667 996.693333 529.066667 996.693333c262.826667 0 477.013333-214.186667 477.013333-477.013333s-213.333333-477.866667-477.013333-477.866667z\" fill=\"#333333\">\u003C/path>\u003C/symbol>\u003Csymbol id=\"icontosboard\" viewBox=\"0 0 1024 1024\">\u003Cpath d=\"M772.565333 859.434667a28.970667 28.970667 0 1 1 0 57.898666H251.434667a28.970667 28.970667 0 1 1 0-57.898666h521.130666zM830.464 106.666667c48 0 86.869333 38.869333 86.869333 86.869333V714.666667a86.869333 86.869333 0 0 1-86.869333 86.869333H193.536A86.869333 86.869333 0 0 1 106.666667 714.666667V193.536C106.666667 145.493333 145.536 106.666667 193.536 106.666667h636.928zM781.226667 378.794667a28.970667 28.970667 0 0 0-39.765334-6.314667l-0.426666 0.298667-135.68 98.688a14.464 14.464 0 0 1-15.786667 0.810666l-0.298667-0.170666-146.346666-90.026667a57.898667 57.898667 0 0 0-65.28 3.157333l-0.597334 0.426667-114.432 89.002667-0.384 0.298666a28.970667 28.970667 0 0 0-4.992 39.978667l0.298667 0.341333 0.298667 0.426667c9.813333 12.117333 27.477333 14.336 39.936 4.949333l0.384-0.298666 106.496-82.816a14.506667 14.506667 0 0 1 16.213333-1.109334l0.298667 0.213334 146.005333 89.856a57.898667 57.898667 0 0 0 63.829333-2.090667l0.597334-0.426667 143.530666-104.362666 0.384-0.298667a28.970667 28.970667 0 0 0 6.272-39.765333l-0.256-0.426667-0.298666-0.341333z\" fill=\"#1D2129\">\u003C/path>\u003C/symbol>\u003Csymbol id=\"iconUnmoun\" viewBox=\"0 0 1024 1024\">\u003Cpath d=\"M512 938.666667v-85.333334H170.666667v-213.333333h341.333333v-85.333333H170.666667V341.333333h682.666666v170.666667h85.333334V298.666667a42.666667 42.666667 0 0 0-42.666667-42.666667h-341.333333V170.666667h362.666666a21.333333 21.333333 0 0 0 21.333334-21.333334v-42.666666a21.333333 21.333333 0 0 0-21.333334-21.333334h-810.666666a21.333333 21.333333 0 0 0-21.333334 21.333334v42.666666a21.333333 21.333333 0 0 0 21.333334 21.333334H469.333333v85.333333H128a42.666667 42.666667 0 0 0-42.666667 42.666667v597.333333a42.666667 42.666667 0 0 0 42.666667 42.666667h384zM405.333333 405.333333h-128v85.333334h128v-85.333334z m0 298.666667h-128v85.333333h128v-85.333333z\" fill=\"#1D2129\">\u003C/path>\u003Cpath d=\"M870.826667 607.786667l-101.333334 101.333333-101.376-101.290667c-6.698667-6.741333-9.813333-8.490667-13.653333-9.6a19.328 19.328 0 0 0-11.349333 0c-3.84 1.109333-6.954667 2.858667-13.653334 9.6l-21.674666 21.632c-6.741333 6.741333-8.448 9.856-9.6 13.653334a19.328 19.328 0 0 0 0 11.392c1.152 3.797333 2.858667 6.912 9.6 13.653333l101.333333 101.333333-101.333333 101.333334c-6.741333 6.741333-8.448 9.856-9.6 13.653333a19.328 19.328 0 0 0 0 11.392c1.152 3.754667 2.858667 6.912 9.6 13.653333l21.674666 21.632c6.698667 6.741333 9.813333 8.490667 13.653334 9.6 3.669333 1.152 7.68 1.152 11.349333 0 3.84-1.109333 6.954667-2.858667 13.653333-9.6l101.333334-101.333333 101.333333 101.333333c6.741333 6.741333 9.898667 8.490667 13.653333 9.6 3.712 1.152 7.68 1.152 11.392 0 3.797333-1.109333 6.912-2.858667 13.653334-9.6l21.674666-21.632c6.698667-6.741333 8.448-9.898667 9.6-13.653333a19.413333 19.413333 0 0 0 0-11.392c-1.152-3.797333-2.901333-6.912-9.6-13.653333l-101.333333-101.333334 101.333333-101.333333c6.698667-6.741333 8.448-9.856 9.6-13.653333a19.413333 19.413333 0 0 0 0-11.392c-1.152-3.797333-2.901333-6.912-9.6-13.653334l-21.674666-21.674666c-6.741333-6.698667-9.856-8.448-13.653334-9.6a19.328 19.328 0 0 0-11.392 0c-3.754667 1.152-6.912 2.901333-13.653333 9.6z\" fill=\"#1D2129\">\u003C/path>\u003C/symbol>\u003Csymbol id=\"iconUpload\" viewBox=\"0 0 1024 1024\">\u003Cpath d=\"M192 768a21.333333 21.333333 0 0 1 21.333333 21.333333V853.333333h597.333334v-64a21.333333 21.333333 0 0 1 21.333333-21.333333h42.666667a21.333333 21.333333 0 0 1 21.333333 21.333333V896a42.666667 42.666667 0 0 1-42.666667 42.666667H170.666667a42.666667 42.666667 0 0 1-42.666667-42.666667v-106.666667a21.333333 21.333333 0 0 1 21.333333-21.333333h42.666667zM490.666667 748.202667h42.666666a21.333333 21.333333 0 0 0 21.162667-18.858667l0.170667-2.474667V256l128.426666 128.426667a21.333333 21.333333 0 0 0 28.16 1.792l2.005334-1.792 30.165333-30.165334a21.333333 21.333333 0 0 0 1.834667-28.16l-1.834667-2.005333-211.2-211.2a21.333333 21.333333 0 0 0-28.16-1.749333l-1.962667 1.792-211.2 211.2a21.333333 21.333333 0 0 0-1.749333 28.16l1.749333 1.962666 30.165334 30.208a21.333333 21.333333 0 0 0 28.16 1.749334l2.005333-1.792L469.333333 266.368v460.501333a21.333333 21.333333 0 0 0 18.816 21.162667l2.517334 0.170667z\" fill=\"#1D2129\">\u003C/path>\u003C/symbol>\u003Csymbol id=\"iconusb_disk\" viewBox=\"0 0 1024 1024\">\u003Cpath d=\"M702.506667 85.333333l-391.338667 2.986667c-36.053333 6.741333-36.053333 31.488-36.053333 31.488l1.493333 183.722667c3.669333 13.525333 21.333333 15.786667 20.608 16.512l431.786667-2.261334c19.157333 0 20.608-15.744 20.608-15.744V115.328C746.666667 90.581333 702.506667 85.333333 702.506667 85.333333zM461.226667 219.562667s0 6.741333-11.776 7.509333H366.336c-1.450667-0.768-9.557333 0.725333-14.72-7.509333l-1.450667-31.488s-1.493333-7.509333 14.72-9.002667h79.445334s14.72-0.768 16.896 10.496v29.994667z m212.608-1.493334s0 6.741333-11.776 7.466667H578.986667c-2.218667-0.725333-11.050667 0-15.445334-7.466667v-31.488s-1.493333-7.509333 14.72-9.002666h79.445334s14.72-0.768 16.896 10.496v29.994666h-0.725334z m199.338666 458.154667V344.021333H150.826667L149.333333 810.666667c0 21.333333 21.333333 45.525333 21.333334 45.525333 69.12 83.2 172.117333 81.706667 172.117333 81.706667L669.44 938.666667c66.944-4.48 100.778667-20.224 100.778667-20.224C861.44 873.386667 874.666667 853.333333 874.666667 810.666667v-133.717334c0-0.725333 0-0.725333-1.493334-0.725333z m-127.232-29.269333l-65.493333 40.533333c-0.725333 0.725333-2.176 0.725333-2.944 1.493333-1.450667 0-2.176-0.768-2.944-0.768-2.176-1.493333-2.944-2.986667-2.944-5.973333v-27.008h-176.554667c6.656 10.496 12.544 23.253333 16.938667 34.474667 9.557333 22.485333 19.882667 45.738667 34.56 45.738666h19.882667v-20.224c0-3.754667 2.944-6.741333 6.613333-6.741333h65.493333c3.669333 0 6.613333 2.986667 6.613334 6.741333v66.730667a6.656 6.656 0 0 1-6.613334 6.741333h-66.218666c-1.493333 0-2.986667-0.725333-4.437334-2.261333-1.450667-1.493333-2.176-2.986667-2.176-4.48v-20.266667h-19.882666c-31.616 0-45.610667-32.981333-58.112-62.208-9.557333-22.528-19.84-45.738667-33.834667-45.738666H378.837333c-5.888 23.210667-26.453333 40.490667-50.773333 40.490666a54.4 54.4 0 0 1-52.906667-54.741333 52.48 52.48 0 0 1 52.181334-53.248c24.32 0 44.885333 17.237333 50.773333 40.490667h21.333333c13.994667 0 24.277333-23.253333 33.834667-45.738667 12.501333-29.269333 27.221333-62.250667 58.112-62.250667h22.101333a40.618667 40.618667 0 0 1 37.504-27.008c21.333333 0.768 38.997333 18.773333 38.997334 40.533334s-16.938667 39.722667-38.997334 40.490666a40.618667 40.618667 0 0 1-37.546666-27.008h-22.058667c-14.72 0-24.277333 23.253333-34.56 45.738667-5.12 11.989333-11.050667 23.978667-16.938667 34.474667h229.546667v-26.965334c0-2.261333 1.450667-4.522667 2.944-5.973333a5.418667 5.418667 0 0 1 6.613333 0l66.176 40.448c2.218667 1.493333 2.986667 2.986667 2.986667 5.973333 0 3.029333 0 6.784-2.218667 7.509334z\" fill=\"#1D2129\">\u003C/path>\u003C/symbol>\u003Csymbol id=\"iconUSB_eject\" viewBox=\"0 0 1024 1024\">\u003Cpath d=\"M512 34.986667L34.986667 631.466667h954.026666L512 34.986667zM34.986667 750.933333v238.933334h954.026666V750.933333H34.986667z\" fill=\"#333333\">\u003C/path>\u003C/symbol>\u003Csymbol id=\"iconuser\" viewBox=\"0 0 1024 1024\">\u003Cpath d=\"M747.52 576.853333c114.346667 0 207.36 93.013333 207.36 207.36v151.893334c0 30.72-24.746667 55.466667-55.466667 55.466666H124.586667c-30.72 0-55.466667-24.746667-55.466667-55.466666V784.213333c0-114.346667 93.013333-207.36 207.36-207.36h471.04zM512 23.04c137.386667 0 249.173333 111.786667 249.173333 249.173333S649.386667 521.386667 512 521.386667 262.826667 409.6 262.826667 272.213333 374.613333 23.04 512 23.04z\" fill=\"#333333\">\u003C/path>\u003C/symbol>\u003Csymbol id=\"iconusergroup\" viewBox=\"0 0 1024 1024\">\u003Cpath d=\"M302.933333 476.16c41.813333 0 80.213333-16.213333 108.373334-43.52-29.866667-29.013333-48.64-69.12-48.64-113.493333s18.773333-85.333333 48.64-113.493334C383.146667 179.2 344.746667 162.133333 302.933333 162.133333c-86.186667 0-157.013333 70.826667-157.013333 157.013334 0 87.04 70.826667 157.013333 157.013333 157.013333zM239.786667 738.133333V641.706667c0-71.68 58.88-130.56 130.56-130.56H154.453333c-71.68 0-130.56 58.88-130.56 130.56v95.573333c0 19.626667 15.36 34.986667 34.986667 34.986667h215.893333c-18.773333 0.853333-34.986667-15.36-34.986666-34.133334z\" fill=\"#333333\">\u003C/path>\u003Cpath d=\"M834.56 548.693333c91.306667 0 164.693333 74.24 164.693333 164.693334v121.173333c0 24.746667-19.626667 44.373333-44.373333 44.373333H338.773333c-24.746667 0-44.373333-19.626667-44.373333-44.373333V714.24c0-91.306667 74.24-164.693333 164.693333-164.693333 0.853333-0.853333 375.466667-0.853333 375.466667-0.853334zM647.68 107.52c109.226667 0 197.973333 88.746667 197.973333 197.973333S756.906667 504.32 647.68 504.32 448.853333 415.573333 448.853333 306.346667 537.6 107.52 647.68 107.52z\" fill=\"#333333\">\u003C/path>\u003C/symbol>\u003Csymbol id=\"iconwarning\" viewBox=\"0 0 1024 1024\">\u003Cpath d=\"M514.56 1006.933333c-273.066667 0-494.933333-221.866667-494.933333-494.933333s221.866667-494.933333 494.933333-494.933333 494.933333 221.866667 494.933333 494.933333c-0.853333 273.066667-222.72 494.933333-494.933333 494.933333z m0-913.066666c-230.4 0-418.133333 187.733333-418.133333 418.133333s187.733333 418.133333 418.133333 418.133333 418.133333-187.733333 418.133333-418.133333-187.733333-418.133333-418.133333-418.133333z\" fill=\"#F8AA01\">\u003C/path>\u003Cpath d=\"M514.56 636.586667c-21.333333 0-38.4-17.066667-38.4-38.4V304.64c0-21.333333 17.066667-38.4 38.4-38.4s38.4 17.066667 38.4 38.4v293.546667c0 21.333333-17.92 38.4-38.4 38.4z\" fill=\"#F8AA01\">\u003C/path>\u003Cpath d=\"M514.56 705.706667m-38.4 0a38.4 38.4 0 1 0 76.8 0 38.4 38.4 0 1 0-76.8 0Z\" fill=\"#F8AA01\">\u003C/path>\u003C/symbol>\u003Csymbol id=\"iconAdvanced\" viewBox=\"0 0 1024 1024\">\u003Cpath d=\"M168.96 571.733333l160.426667-156.16M401.066667 407.04l139.093333 178.346667M590.506667 577.706667l278.186666-218.453334\" fill=\"#FFFFFF\">\u003C/path>\u003Cpath d=\"M368.64 354.986667m-86.186667 0a86.186667 86.186667 0 1 0 172.373334 0 86.186667 86.186667 0 1 0-172.373334 0Z\" fill=\"#333333\">\u003C/path>\u003Cpath d=\"M558.933333 546.133333L443.733333 399.36c-12.8 23.04-35.84 40.106667-63.146666 43.52L494.933333 589.653333c12.8-23.04 36.693333-39.253333 64-43.52z\" fill=\"#333333\">\u003C/path>\u003Cpath d=\"M569.173333 634.026667m-86.186666 0a86.186667 86.186667 0 1 0 172.373333 0 86.186667 86.186667 0 1 0-172.373333 0Z\" fill=\"#333333\">\u003C/path>\u003Cpath d=\"M810.666667 355.84L569.173333 545.28h0.853334c30.72 0 57.173333 16.213333 72.533333 40.106667l221.866667-174.933334c-24.746667-8.533333-45.226667-29.013333-53.76-54.613333z\" fill=\"#333333\">\u003C/path>\u003Cpath d=\"M893.44 327.68m-86.186667 0a86.186667 86.186667 0 1 0 172.373334 0 86.186667 86.186667 0 1 0-172.373334 0Z\" fill=\"#333333\">\u003C/path>\u003Cpath d=\"M203.946667 591.36l152.746666-148.48c-27.306667-4.266667-51.2-21.333333-64-45.226667L149.333333 537.6c25.6 8.533333 45.226667 29.013333 54.613334 53.76z\" fill=\"#333333\">\u003C/path>\u003Cpath d=\"M121.173333 622.08m-86.186666 0a86.186667 86.186667 0 1 0 172.373333 0 86.186667 86.186667 0 1 0-172.373333 0Z\" fill=\"#333333\">\u003C/path>\u003C/symbol>\u003Csymbol id=\"iconAllow\" viewBox=\"0 0 1024 1024\">\u003Cpath d=\"M896.426667 271.146667l-29.44-30.293334a21.333333 21.333333 0 0 0-30.08 0L384.213333 693.333333l-211.2-210.986666a21.333333 21.333333 0 0 0-30.08 0l-30.08 30.08a21.333333 21.333333 0 0 0 0 30.08l226.133334 226.346666 30.293333 30.08a21.333333 21.333333 0 0 0 30.08 0l30.08-30.08 467.626667-467.626666a21.333333 21.333333 0 0 0-0.64-30.08z\" fill=\"#1D2129\">\u003C/path>\u003C/symbol>\u003C/svg>\u003Cnoscript>\u003Cstrong>We're sorry but tos7 doesn't work properly without JavaScript enabled. Please enable it to continue.\u003C/strong>\u003C/noscript>\u003Cdiv id=\"app\">\u003C!---->\u003C!---->\u003Cdiv data-v-5bce1a4c=\"\" class=\"page_main\" style=\"background-image: url(&quot;data:image/jpeg;base64,/9j/4AAQSkZJRgABAQAAAQABAAD/4gHYSUNDX1BST0ZJTEUAAQEAAAHIAAAAAAQwAABtbnRyUkdCIFhZWiAH4AABAAEAAAAAAABhY3NwAAAAAAAAAAAAAAAAAAAAAAAAAAAAAAAAAAAAAQAA9tYAAQAAAADTLQAAAAAAAAAAAAAAAAAAAAAAAAAAAAAAAAAAAAAAAAAAAAAAAAAAAAAAAAAAAAAAAAAAAAlkZXNjAAAA8AAAACRyWFlaAAABFAAAABRnWFlaAAABKAAAABRiWFlaAAABPAAAABR3dHB0AAABUAAAABRyVFJDAAABZAAAAChnVFJDAAABZAAAAChiVFJDAAABZAAAAChjcHJ0AAABjAAAADxtbHVjAAAAAAAAAAEAAAAMZW5VUwAAAAgAAAAcAHMAUgBHAEJYWVogAAAAAAAAb6IAADj1AAADkFhZWiAAAAAAAABimQAAt4UAABjaWFlaIAAAAAAAACSgAAAPhAAAts9YWVogAAAAAAAA9tYAAQAAAADTLXBhcmEAAAAAAAQAAAACZmYAAPKnAAANWQAAE9AAAApbAAAAAAAAAABtbHVjAAAAAAAAAAEAAAAMZW5VUwAAACAAAAAcAEcAbwBvAGcAbABlACAASQBuAGMALgAgADIAMAAxADb/2wBDAAMCAgICAgMCAgIDAwMDBAYEBAQEBAgGBgUGCQgKCgkICQkKDA8MCgsOCwkJDRENDg8QEBEQCgwSExIQEw8QEBD/2wBDAQMDAwQDBAgEBAgQCwkLEBAQEBAQEBAQEBAQEBAQEBAQEBAQEBAQEBAQEBAQEBAQEBAQEBAQEBAQEBAQEBAQEBD/wAARCAhwDwADASIAAhEBAxEB/8QAHQAAAQUBAQEBAAAAAAAAAAAAAwACBAUGAQcICf/EAFsQAAEDAwMCBAQEAwUFBQMAGwEAAgMEBRESITEGQRMiUWEHFDJxQoGRoRUjUggzYrHBFiRDctE0U4KS4RclRFTw8TVjc6ImRYOTsgkYJzZVZHTC0kZWhKPiw//EAB0BAAIDAQEBAQEAAAAAAAAAAAIDAAEEBQYHCAn/xABCEQACAgEEAgEEAQMCBAQEAgsAAQIDEQQSITEFQRMGIjJRFEJhcSMzFVKBkQehsdEWJEPBNDVTYuHwF3KCkiVjsv/aAAwDAQACEQMRAD8A+g+p7KzqCyVVpkxpqIy3dUXwzuz62wutda0iutL/AJaoB9RnB/ZbJYCuDukuv218Y0UN/aGT+gmbnf8APP7L4kff61g2s++MKM8eUgjlTS0HkcbKNIOMKJ4KzhnlHxgtlVa47Z19aGE1tiqGzPI3Phj6iF7TYbrRdQ2eivdvkDoK6BlRHvw1w2/1Wcu1ugudBNRVDA+OZhY5p7ghZD4DXSqs013+GNcSZLPJ41EXH6oHk7D7Y/dE3uKtW6OT2LhJcHuuoTHMYkkkongqMcnivUEb/hV8Z6Lq1rf/AHP1f/ulSOGtqt8OcfzOOF7DJLLKcud+SzvxR6Li696Qqun9bYqh2JaaYjPhSt3aQqj4N9WT9VdHw/xNhjuVrAoK5h5EseQSfvhaK5Z4KnHPRteyqeoXzUk1P1Axoe6mxFLt/wAHv/orzR6FMlp4qqJ1PO3Ux/I9Vqrs2GO2O6LifAP9vD4TNsnVlN8U7PCRa+oGBtVK0eX5sNABx21xr5cpnNZsG4BX6ofEP4e0vxM+HXUXwsuzG+I+LNukduWOOTDMc7bOb5vyX5bXO119hu1XZLnA6GqoZnwTMcMFr2kgj9ivsP0b5NXUfBZ2uv8AH/7D479ZeMdN61EOpd/5J1FJvxyp2ryHZVdM8YGVYwyBwC+hQeVg+e28MDNGS8bKVTyDYLkrNQyAo0TyH4O35qZ2MW/uRcRkEDBUhqhwcKQzhPjLIiSDNTk1qcOUwzM6B3TxwkB3XVCCSSSUIJJJJQglw8LqShDjOUZAAOUdh2BKhM4EknrrVClPINJJJQMSc1NSVEOkKJUt/kuA7qZnOyAWEpFsMkjLaWHRN9lt9T4EsvBC9ZeyG60P8xudQ59F4RUxOgeKmElrhzheqfD2/iuomwyEOIwDk91wtXBxlk+kfTOuhqILTyZBrKYU8xj07AoLmNlhdTvb/Lfs4ZWw6jsztXzUDQ5pGThZiSI4OAlVTTWT0up0qUnFnmnU1mbaq3+QwiB4y1U2B7/qvVLhbYLlTPgnYCCDg43BXmtxoZrdOYpRkZ2PqupXYmjwHlNDLT2fJ/SyKeQiIH4kRaIvBxZj0mnwpGyAcJLhHiYHqjT9izXWq4/xGkdSl/maMjKpLtRvp6nxDw79lW01XNQVRdFwMZ91rwKe8UPiROGvG4PIKfGXBmcNknIzBbkAHbCl2ivktlW2pj3A5HqotZTy0kvhyAj0KGx2RwijPLJOKtjg+gOm75Bd7bHJHgOA3Gcq3J9l4b0d1A6110TS4hud917hBNFV07KiJwLXtBGFqrllnnddS6pcjTukkeUlsTOWxJYKQ5RNiBsrKBqr6htH8WoHQtxqAJblXGn3T2NG2d0MlkZCW1mf6MvDhH/AathZNBs0nh32Wt0kbFYnqC31FBWNvFGMhpy4DnC1FluAuNvjqSRqcN0CfpjLVve5ExPTE9EJY9MSRNPuoBtOJJJKAzEm/hTkxU1ktPPBQ9Y9Of7Q2zwYiBUQnXETx7heFTySFwyeey+lCc8cryL4ndO/KV38Vp4yI5vrwNg5Z5wO147UKH2M80uERieKiIcncKBcYjUOEx3BG3srqVgeMHhV0jDG50TvpJ2WSxYPTUTxJNFbbqn5Gp1uyGk4+y1Uc73gFrsgjIWVq4AXeT0VlYbhg/JzbuaPKkx4fI7UQlYt8S9B2DiV14JGUwcqQCCMhMObKOGQZgchCUuZu52UQ8qmNTGu34XoPw36gkp5vkHvwcZB9VgFLt1W+hrIqljsFjgfyRwljgzaur5YYR9FxVBfjbnus98SrZ4ttZ1Fb4tNZQaTkdwEewXRlwoIqhpydIyrv+VWU8lLO0FkjC0g+6alk8w4fx7U2YXq2eWqsNm+K/S80kV1s7o3yPY7fy8r606H6pt3WHStv6gtbswVcQcW5yWP/Ew/Yr5Q6O12Dqe49DV8QlpKvUYA52kYd9J/Nuf1Wx+AHU46B67uPwzvNQWUd1ldU29zuPFPb03G35InHHIzX0K6tRT+6Kyv/wCV/wDsfTmQjR/UooOSN0VvZNXWDyuc8k1vlCegMOcBEacDhKksBBhyiAjCEu5KAgTIXUIE5RBwoQekkkoQSSSShBJJJKEEkkkoQSSSShBJPbHJE6ORmdSScBhEkQp5KY21+IW/y3HbHZSIqjxGgtcpsrQ4YPBVVNBNTSfywS0nIwmEO3GijulK6kqD/LdyspIK7peYUrg59C84jkHA9itbFMXcjldqmR1VM6lnja+OQYII4+ygUXgqKeqjqYhIxwdlHWdqIKvpmqy3MlA87dyxXdNVRVMQlhcHA+hUDJcTtKHXUDK6PIfonH0vTXdt0aI52UIV1rry2U264t0TtOzjw8eyuBGwcBRLjaWV8Yc06JmbteOQo9DXyRv/AIfXbTt2YTw8fdQharo5XBnuPZdbsVCBmnITKinjqYjHIOURkgA4SM5z9IUIZ2eGSyuGRqp3nALfw/dT6SZksfiRuBB7hWT9EzCyWNrgRggjKz1bS1Nlm+apQX0zj5ox+D3UXBCzc3KaYyRhMgq4qmISxHIPvwjpisIY/q/oMdRPp7jQVxobnRgCCYDI0j8Dh6LPdP8AU7mVL7F1E00dxgOHNP0yH+pvsV6iqDq3o+g6ro2xyv8AAqocmCoa3Loye/7K/kyHGWDDfE34Z2f4iWh0EkbWXGFodSzO3DXj1HvsvnezV916TusvSXVzRHURO0xyh3lPO/2K+j7NfLjZ7k3pbq6MwXN2XQyk+WrZ/W0+pz9P3Vb8UPhhbevLe6opmtgu1O0mnnA7+hSrK42Lk9L4Dz9virkm/sPOKaQMkZMMOA3yO69Hsl7hvNNloxLGAHg/5rwa33W62Cvf0/fonRTwO0+ccj1C3NruElHIyupJcY3djgj0K4HktDGyOGfpT6P+p4Uz+aqWa5LGD0meM6gUxoxsu0NfHX0jKhjQQ9ufsUi3crzllbre1n2Cq2GprVlfTIHUFlpL7ROoK1mqNw3Xyv8AEXpGu6Wu8lOYcUrjmN7eD7L66DsbaQVl+uejKLqy1SQPja2doLmO9/RSuW1nF834n/iNWY/kuj48dwVBqI984Wo6j6eqLLcZaSRhboJ5Co5YtW2NwtsZJnybXaazTzddi5RDpXmE4IVrDMJGdlWSx4GwXaOoLMMcnxkc6E9ssFm8E5I4Ud/BUsgBuDvlAcDuOFJLJonyQ3cpqO9obuO6H4h7hZ3HkUHo5BG8Eq9imE0bQ0jICzb8gggqdbqkxTAOOQqNdNmOGW2CDwhuBwphDdO3CCWDfCVYdKC3LJCIOeFxSXxeyHoKWHgakklgqiDDuMILoc5UjR7JuRnCCayU1khAGGZrw3haG23YSBsEx443VLK0HtkocbzDKJAM47JaLpnKmWUbMODuCEJ0e/ooVDWCdgOSCVPBy3dE1g6cLN8ckWUZwhs2IUmQZJQcHsEJohLBMpJWhzQVo6OQFrQFkWAtcCMj81dW+sA0hx9VDZVbg1ERBaN0sHVlRqWUOwcqZgOCpnRhLJKpJA3Y91LBDgqhsmhwIKmwVIwMrO1ybK55JR8u6a86giAhwQiC1C+TWmKikENUMjZXVwpn1lPmM9srPyZBBB3Whs1W2WIMcfMBhIY6qWHgzYhkgcWPachdkYXDZXt0t8gcahoBb6DkKpkjOQCVQ2SKudrozghNac7qbNGJAcjgKA9piJyNkqxZFr7WWdluEtrq21Ee++4Xqdvr4btTh8bgJMDy55XjjJAQFe2K8uoZWs1EfnysNteTpaS+K4Z6aHyU7w9hII5wVrrDdIql7H7am4BCxlHVwXKnE0LsnG47go1NLPRTCaE4Pf3XLvr5OxVYnyj1mOpD9sIzXZWZ6fuzLhHp1edo3C0Eb8gbLFODRqf3ckgjCFLG1/1NB+4RNWrskskkEkCo6mSJ3y8wG30nGysw7UPrUAw6sE9k2KR7JC05wEmUQ2sos09nCDDIHAIw5QNZFvg4Rg55RYzrwEnnDRtnKEwlhWeccC3mTJJOUlwEEZC6gBOs+oKQCMcqMntJKgMlkKOcpLg4XUqTyIaCpJJICh6SSShAU4JwhxjCO4ZwmhuESRB4GF1JJGQSSSSsgk1yckoQzF0ZU26tZVA/y3nBwp7ntnhbI05BGVY1dNFUwuhlaCHD9FnqKWS31BopwdPLStFch0ZZ7DPG5CgVlLHURFj25yrWqhJAkjGxGVDlDmEbZW+qXIbW5YPB/iH0pNT1b6uJuAc5GFgqLVTVGtwwQV9LdRWeK70kzX4BI22Xz/f7PNbLlJA4fZdnTWJoyWw5ybnofqaQyti8XHC9IiqdZBxlfOVHXTUNQ2WJ5aQV7L0Vfv4pSNjmeDIG7FbH0P081nBs4ptjsil2wOOVCzghSGS5bjHKzyi2zopof+F32TKfkpHuhj6ksdAnEjHKj/iKc0nSN11BMbjIkkklSmWJAqM4AwjpkjNWN0yEsC7I5RR3CN2xA5VJVMIG4Wulpw8YLVnrpTOjkLQNjuulprUjl6qlyi2jBdf9PnqCxSwwhoqYmkwl3r3H7BeD290tDM+OVpL4yWuHGCvp2ZjTsRkFeH/ErpaSw3cXeIf7tWuIdjhrud17Pw2sUJJM+WfVfjuFfWufYShkFVROjH1v4C7SyOoqphIVPaK10TRvwdlcTYmAezBJGV7GT+VcHg4WyrfB6v05dfnaZkb35wMhXpdqjxheVdHXY09SIZHYwcbr1GlmY5gdnIcFy9RU0fR/B65amrGeiwstXHTv+Xl218FaaBgznsFjJ2iNzaho+krU2iuir6V3h8kD8lxNTHk9ppLUoqJNkibFUtniaBnlDulOJ6clvJ91IZuGxuHqlgEOB3AXOZuxlEHp+Vvyjqbh8LiCFajlZ6icae9ujjOGyAghaEcqjZRP7doduwB9U9MacjC6Djss8lgflDkkkkBYFJJJWimI8IBByirhAxlaUxLzkBMMgKPwVKcFFkG+AowRzZiNsIoORlQxsniTthQgRcJGEsjCCSc8qkskHnlcSXDwiBGnhBfwUQ8rh4UDIx2OVDqP+2aPVmpT38lVtwzG+Kb/ABaSfZVHsVYSBwuoRIPC4tCEiTZEkOXO2FZDqBcc/LOx6FGamVLcs4znbCtdi7CrHmgh9mJukSN0k4SaCB4f9KbyfTC0RZgsWSpdL4NTKzHCyvVVFLORUxDOnOQthco2sk8Qd27qir8yN0j0WmuWTj62v5I4Ky05NG3O2FQXeoEdWeNt1o6GMxRmPHqslfKdxmkkPZaVLKOBqk1A09FUsrKFmj0Q7W8x3FzMLL9J3UxVbqOU4a7jdayMNgrmy6djjKqL5AptjbHKLBxLZpCByqXqLMlvkAG+Cr5oa57nE7FVd2hDoZGDhPjLbIHUR3Vtf2PCZWlldOCFEuv/AGU/dWt1jEVxl2xkkfuqq5kGmLR3Xdpe6tM/N/mKnXrrIv8AZFpu32Ut7tLOEKljw0bdkSoIa3CYznJZZVSDM5cO6tKXt+ar4vNPghWlO0gBDDsO3hYJI4SPC7pJ7Lj2nGDstnox+yJI/DtI3yraH/s7cqjpiZKzfcA4V9NiKEu9AlRDZn6z/tTkOSTw2ZxlIkyTl/qm1xDISSUiyWDTUtzRnrpgyuccAlU793EKdXy+I7IKhNGSuVqJb3wdyj7I5C0EZEzX4V0G68b4yodFEANwrFrDkYW3R1uEEItknLJYWuE5yBlaGhhdJK2PHKrrZC1kIIHO60log3E+MBv7rq1txJFeyZdKmGzWt2loBwfzK82nqH1Di9xO5yrzqq7Oq5BCH5aDlZ4bqrZ7gJST4GpJJJAIxOaDlcaCTsEdjeDhWHBew0LdjujRRkHJCUTPZSYowE2sc5ZHsB2GFY09MZQOyHTwAkDGVa0zWwtGQtEI5YF00onf7mmAP4VGbJq7J1RMZHkcAIbfMujVHg4t9m6WAy6SMJhc3B3Qy85TzNJZCHlcSXCQOSqbwUdSyWkEhAqqtlKzU4jJ4Co7le5pwaeI5xyQlSujAbCqU3wWN0vgiaaaA5J5IVQx885DpDkDuh09I4NEkhyTum19a6CnLIBjPKw3WuctzNkINcBKyu8KM08Ry53ooEERb5iN0Okie94nk49+6l5ABWNzyO/E74ukEYUSeYDbCfLM0ZCrJ59biN1kutH1rJ2aYA7bqO0EnK59RUuCI6gcLBJ72Pb2rIWmjPoprG4TYow0Irm+6OETNOeWPDcd0M7JEgIMrxpKZPCIlkZUTD6VAe7DifVPmy52zimEZWecsjoRwNa4nsuxx+ZPZESVMhpjscK4wbJKeOhtPCRgkKwZGcA6UoYgMeVShFkcLQqzLZahgbkc8J3hkkDKII8Hj90XQA0FaIxEfIR/BxvlOc8xDynfsn6tRwFOobWXkVE5/wCUJ2wOv7yNS0NVXta6ow1vor6mpGU0YDcfdNjAbxwF2WYMAVOOTXBbTpPJwoNbcIqdmokamnjK5VXAlhip/rd2RLbYvGk+crCdR4CBy2mmEJXSSiRoqW431/iyNDad3r3Wjttvgt8QjY3fvupMMbYmaI2AD0AR4oyTnskTnk9DpdJt5b5Hx6S3BaiFsfcfukA1g9FbWGxzXScTnLYYzgk7Z+yzTluO1p6JSkopErpqzirk+ZezyMOxW0xthMgghp4mxQsDQOcDkoh2GUKaR7PRaeNENqBhvO6C45PCe9/ouBoG5VHShHByKNhI1DKI5oDduE0Ox2Q6icBuFAbLFFAKl4Ycbbqtkk1PzjhPnmEj9ydlCnlDRj1TIRycnU344CzzhuMdlCb4s0znvOc8ey61rpXgkqZG0AcJ+McHJsuywkAxhSwRjlRyA0YQ5H+hKmzLyJ+Umam42IUaWVrtycAKO2c4Iz2WP6p6vioY3QQuOe5B7rXTTu7OV5DylOjjusf/AEL+89TW+zRNklcHF2Q0A4zj3/NeWV12vXV9zbb6KRzy4nGNke1Wu+9bXR3gxkx7a39omnjb33/Re6dL9F2bo2hdIWF9U7GZPxv9iVuhXGHR8x8v52Vq3WvldR/RnuhvhjbelqX+M38Dx2gPBJ49VrWz3Tq+MQ2UintYJaZXcv8A+U/qp1LYrhf6uOqumYaBg8lKTu4/4lrmU5aRpG33R5PEXaqV83ZL8iss1gpLXSNp2sy4cu9VbRRZ8oCII8gbJzWae6mTDy+xhbp7J8jdWF1z2t2JUeevhicY2YfIPwZ5UyTA8gAE6xgKgu/UhpZBT2dnzVZ20Hyt+5Ux1tuV3nc2sPy1GB9Eez3H7qztlhoLY0iKLLjy48qpSwVGKjyzJUnSFXepRcuqHCUv4p85YPyWqmFHaqQOJDQPU8p92uNNbafxZeeGNHJKyT4rje3GWvOmAfS3KU3kbucuyHc77cr/ADeDapNFM76Xc4/yQ4qGC2QiJn5lWckMVHGBGAMeiiyxax4swJceB6IJz28HovCeFu181NpqH+OyulfU1bDHTkMYfxHuu09tpKZpnczM39aLLURQMOkgHsAgQyVM/wDe/wB3nj1Wadm4+0eH8VHT1pRWEg5qmjLWHJTMyP8AqThG04OOE50scTcvwAO5WeTyevqcYRwgekgoFdc46KLVI/HoM4VZcb98wTS2huuYHAKNbekK+eUVN5k1k7hpPCFFTuj0iI6Suuzv90ixGfxE8q4t3TEcLQ+pxI/lX1Pb4aZoZDE1oHoEcxgtxwib3GaU9zIUMMVM3Dhp9F15nP8Ac8eqkina86nNJwmT1VLSRF0z9PoPVNrg5dC7tXXp47rHgA2nbI7NV5gimqttIAIzhUVw6mp/D0QAlx9FQTV9bK7LTj2WqFG48f5L6z0umyqnlmpr+oGtJEeWgd1QVV6a4ku1nPuoDaeqmOuQnf3RWW10mAd06FW08J5H6t1WqzhgJbg6Y+R8g+5Ud7Hz4a6Rx+5yrqGyRAZMeSptNYGkhxiwAtMVg8xd5K6382ZuO3u2Icp1Pa5ch2sfotLDbKaMYMYyFIFNGN2MGUZjlqM9lCy1ybfzB+imMpDCBqcDsrMUU8pAbFgKbFYaibGrYKtwt3JFGyIk8IzNeNIYThamk6XAIc5oKs4rTBDjETc+4QOwS7jFxUFwnH8un/VWFN0q97Q6qlDSewWvFLpxhoGfRPFHnOOQg3indL0Z2DpuiiALg535qyho4YQGshAA9lLlloqNjn1U4Yew9VXm+wkaaOmkneeA1uymULct/LJ2RgDAGE172MGXOH6qJFT9WXOTw4bbHTsxu6QYUim6Jr55SbpWaW/4DyqcsEykAlu1NHsDk/dRX3Osm2pYyffhaeDpK104AcDJ7lWMVvo4mBjYGYbx5UveD8hg/lL9VOGI8ZUql6TuVQ//AHmTSDzlbgsZGAGgDHoEzxSB9lAPlkvxM1D0RA1wMzgR7FWVN0zaYN9BJ+6sH1IbthAkqGt4KspTlL8gkdFQQ4DIzt7o2qCLYYCrJKvB2QZK8D6ihkskayW7qprc7hRZKxoP3VRNdYm4GVCnu0RAAJJVBqCLmoqWOwVClrmgjKp5a1792lx+yjvFVIfJqP5qBRxEu5LmwDZu6h1F3k4yVANFWvH4gkLFcJuCSoFuHy3LUPOSVDNUxzicKwb0zVYHjgo7OnmRnLwVRecFR8wMYa0klADpnOwInfotKy2U8fLE/wABgGMY/JWV8m0zXylRLjDCEWOxVTyNeAFofk5iCY2J4t9SBxyglLaA7MlRFY4owPFx+SkxUFBF/wALDvVWYoXAfzQUM0zgdgEJOwAAAxGMeiX++Eb/AEp66A52wBKvBYHQSQXcpxdoHCOKGpechqKy1VD8ZGVRT4IPzITC4FXDbEdi6NSmWaFrRr0ghXgHc2ZoRuJwAVJho6h3DditA6moqYAkNd9lHmu1spR/SiSyWotkCO2TuI1DYqQ22QxjP6hV9f1fSwbRO7Kiqusnyn+SSfzRqGAlDJr3GmpR5jpVbU3i305y6oAIWOfX3a6z6PFcGuU2n6XneRJXP8vO6IdCEY8tkqs6z1OMUDXOHAKr3zXq5EuihIB9Sp7aex2x2rAc8e2cora+tuI+Xt9E6Nh/G4YBUDbSK9liZgSXKqbvuQiD5WD+XbWlx7kBWtN02+VwfX1Jwfupr4rZbcBjASO+FAHLPBV0dur60YqiGxd2qc+GltzANQaB2HdQbh1A8AiMaQFnaq9vqXaWu1lQpV5eWXtd1DFTeWN6ztf1FJU+WN+T6LkFrrrhIXOYQPf09lc0XTVNT/zJmNc4+oUG7ow7Muyhu12foaHAd1f2/pumpYmGZoc8cZHCug+np26WgNxtsFGkq3OGGhQF2N8ROjEQGTsEGWqD9oxkhML5Hu8zspri1hGVC0m+Rjvm5jpd5W/dNEFNAQ52Mn1Qp7hg6IDn1UKSd8jv5js+ygaRMqatoGmMlV7nOc7Z5yeBlBr7lR26LXVSaSeB3KoX1N7v+YbPSughPNQ/Y49lBsUvZZXC+UtuiPjyl0/aFpy5yhxQXnqNpNWGUNE7cRgYlP8A0VvbOk6C3MZLLmoqAN5JfMcqz8P+kKBSlFdArZb6a2QinpWaWY9eUct3O6TQ5OLXDsoIlLIzT7pObobrccD1K5PNDSwuqKl2iNvJKyVfcrr1RKbbQ/ybcCWvm75HOFAq4bnl9AL/ANY1NRUts/S8bpqxx0l4+hn3KsOn+mqe0sbVVL3TV7hmSQuyPsFItFgobMw/KsBkcMF+Nyp0krmbN3Kg+bj1FDXty45TcwQccphFXM4dmo7aeBuHP57onLIAxofJ9Dcj1RGU5bu5cdURxDTGgyVT5Bgqm8kJHiMj7oMtY140xk/qorpC4keiY1uM75yqIELtRySuEjCDk+pSyfUqEE76ikDg5XElCBtWBwgulyk6XI3UVz1AorIV0g3UR82xXHSZJwgaiSoM6E55zwhDlGwCOE3w98qg4SxwIcLqWMLhcArGHHvz2QpHjCT5AFEe45UCSHOI3QsFdBOU7bHuoGMSSPKShZ+jqz3XNiN86fmhh2qIf5sLhyHD0WhSIyMEZBX4nP3aUPSN7/jlhpbiTl8jf5uefE/EraRodhY63D/Zbqma0Hy0dyHzFO3s1x5aP3WyBJ7KE/uRnt2XlvX7ajo3qqy/EW3NLWwSto64D6TAf6v3XrD26gqLqjp+DqOw1llmA01TCw5Vp4KfRuaYCaFsn9Qynlq87+CF7qKjpGTp+46jX2CY0Mpdy6Mf3Z/QH9F6CDnKpmKw6kkkoCNc3UQvEbrHL8LvjSLk3+XYuti2OpcB5YqsZw7/AMROF7gsV8W+jm9bdGVdriGa2MePQu7tnbu3CdCW1hPo1g3AK6CQDhYn4T9Zv626QpbhUjTW07flq1hO7ahmz8/stsBvnKdn2ZrF6RneomPt89Nf42f9lcRVuB/4B7474P8AmviD+3b8IjYeqKH4s2eDNB1E3wKt7G+U1bR5Xf8AjjP7L79qYGTwvhlAcyRpa4HuCvOuuOgaT4nfDu+fC6+EGZtL/u8rxxyYZMnjBA9V6LwHkpaPUwlH0ee814+Gt0sq5e//AFPymp5sEDKs6WUkgKru9suPTF/renLvTugr7dO6nqYnfgkaSCFNppDpG3Zfe9DqYaiCnE+A6vSTom4S7LnZ7MkhRJ2GIawE6CQnSi1EeuPT6rYzBJ44H0knH2U/XkDZU0TzG4A7K1p5A4BFGQm1BwcpzPqCa1EaMFaEsmcIOF1cHC6rDEknpKFZEkkkoCMT0k5QFLIzAXRykkOVCIIOEZBHCMoACSRVx/0lQgBJPc0k5ATFBo9cLQTkrqSAEBNCHMLTvlRrNcJ+n7k18jneFqzkH3U93BUCti+YhIx5mbhYtVUpxwbdBrZ6G5WRPoSyV9HebZGW4LZG5afustdba6jrZIyPKTkLI/Cvql8VYbZUv2OAzPsvVrxQCupm1UX1NG+O687tdLwz7ZotRDy+njbHh45MBJE6GXDtgVRdV9Nm5UfzFMB4rPNjHK29dbTLTlzRhzN1WRHUwseNxsQtlV20y67xytrdcujxFw0u0u2I7J61XXXTrqSYXKBo8J5wQBwVj45MHSujVapnzTyWilordj6JK6BhNY7UeFIjAI4W2COY3gjuYM6u6n2e4GjqGtd9LjgqPI1w5HCFp75TMYAm9ywau6UcVXF4mkHIyCFmSzwnujdsRsrex3Fzj8pUOyPw5T71aDK3xoBuN9u6gqKcOWVMJDSD+4Xpfw+6oLj/AAyR5w3gOPb2Xl0b3sOh43CnUNZNRVDZ4SWnO/uEyEsMXqaYaiGJI+iSc+b1XFQdG9RR3mkFPLIDJG3nuFonMI52W2MsnlLqnVNxBgHKKz6Qk0DOU5NQoYnjZMT0ZDk0TJo3RyNDmuGCFmKSSp6bubmTZfRz+VmPw7rVqFdaGOsg8JzdwDgpUo5Gb1jBYxPbIwPaQQ4AjCPq9lnLFXOhd/Dah2XsG32Wh1ZVYEz4CJJiSMoekkkoAJJJJQglBuluhulBNQTtDmSjHG4PqFOXTs1DNZQ2qx1S3I+cLza57PXyW+pGJI+dtvyVNWRB7Qcbgr2n4k9Lsr6d12po8zRt3x3AXkD2ZwXBZJw3M9V4/Uq2OX2Uk8ekgO2wq2pbJSyipjd37dle3CnL/wCawYAVaGtkBY8ZBWOyOHg7dU8o0Npq219K2UcgYcPdTW7EbrF2+rlttbiJ50E4IPC2rMPaHj8Qyqh93Zi1NbhJv0Pe0PbwoMkRackcqe3dMqaf+XnCYZFLkrk7fOU08pypPDHvlcm56GvksOKYv4PB9F6hBU5AOF4JbKt1JVskBwM7r1fp26fNQhj36jjIWqLOD5DTf1oH8SaKc0kHUtvZoqrd9crTvo+yJ1dT13VvStr64sjy+62f+cdGxy3BkH7Od+3utJpbLSyU0jQ5kw0ua4ZBCxvw2q39NdT1nQ1e7FNXZ8Au4Dh9B99iR+aIRRLbFOP5R5/6e0fUXwp65p/iH0TQdQwEeK4eDUNByWytA1f5rZsIzsvlf4X3qf4RfFmToeWcix3/APn0ZcMNjl9P9OfRfUEbjqRp/vs895CiNN2YfjLlf/v/AJLCN22MIw3yoTHbKTG/fhC+TEFSXARhdQECp6jow5UBawFSXAey6oEOSSSUIJJJJQgkkklCCSSSUIJdBwuJKEEkQHAgjlJJQhW1FO+nky3dp4TfFBxtgqymaHYBGR6KsqaZ8b8jgnZGWhlTTQ1kDoJmhzHDBysQ75jo+4mOZrpKKoOGu/oK2zX42Kj3W2093oZaKdgcHjYnsVFyMRFhrYp8GNwIIypsbeHLzumuFZ03czZ7iTpaf5bz6dgt1R1PjxNdkOGNlbWAmizaTghV9xtorY8tdpkZu1/Ba77qVG/I4RW91QJUW67Tsd8jcovDnb5W+sp/qHsrcHPIwod0tEd0hHn8OWPeOQctP39FDtN2kErrZdB4dTHs15+mVvZwPdQhdAnOE8Y2Q89l0E5UIH+yWAeQCPQrgPZdUIZu522ptVS652zVJG8/zKcdvUhTaCthroRLEfZze7T6FW4aHHB7rP3y01tvk/ilnI08ywgbOHr91aeCFmkBk4Ua3XCO4Q+I0aS3ZwPYqYD3R4IVHVHSlu6rtpt9wDm4OuKVmz4n9nArA0NzufS1e3p3q1pa6Q4pKvHlqvfPY8be69ZafUKF1DYbZ1HbH2q6QeJDJ29PdG0GeP8AxP8AhnRdZ0JqqZgiuMIyyRowXexXhlFdrl03cP4Ne4X4Y7S4HbI9QV9HMqLt0bcGWHqSd9Vb5XaaG4kYAPeJ/o4bLPfFn4bRdUUz7tapImVQ5ONiQNsn80i2pTPR+A89d4q1LP2mQst4NK9lZRyB8TwNTRwR6FbmkrYa2Fs8Lsg8juF4XZrlNbJH0pYdUDtErHbb+n7L0Ppi8tDXTQ4fG4DUzOMFea8h42X+5A/Tf0X9WxSjRZLMWblrw0jITsggEIMD4qum+YidkjlvomiUM2dyvP4ecH15WRniUWef/FXoClv1ukuNFTgVcYJIaMal80V9FNSVDoJ4ixzTggjuvtpwDxjY/deK/F34ePlc672+Fur6ntaOUyE8HkfqLwq1MXfX37PAZY9WxUR8bojraN1b1dO6CQtc0jPYqFNFqGO61Rlk+XX0OuW0bR1TnyeHIVNkYCPKcqpMZY4uaMZU+iqPEb4R5aMp+cgxlxhiLMIJAB2GMqwEWoIEsXYhVgNx/RGXGktOpp3TiDnhNHCRY8Argt7bWvfiGQ8d1Y6STsVn6dxilEgV/STRzN1Nd+XolZOro7c/azjmg42QiwYUp8e+xQmxl3dTg6Hxojad8YTsDSi+H/h/dMSXLkF146BFpzwmFpwpWG/0/umFgcDgKOWULlHBDLPdBkZjupL2uaTshPOrbGMIEsinwdo6p0MrQeFoqaZsrMghZfGDlTqGsLSGuJwiwPqs28F4QM7cLgaDyE2F4cBkp790Mo46OhCe5ZE5KGRzHjCTjvhNIygRpi8GjtlYSADhXUTg9nKxlHMYpWtzsVpKKqaABnKs3ae7PBKeXBwIR4JSeSmktkGUDOkpeEzowlgtqeoJIB4U14BaCFS08mCFZ09QNOkpbNtcsg5GkOOyPSzup5mva7bOCF14B3UYtIJ7JMoZNG7a8o1wf8xThwPbdUNfTGMHy7I9mrjG8wSuy0jbKsaymFRA4sxk8FLwa4/fHJltxkIFTEHxnA3VhU0ro9sboTWHIyEt8guP7KbU6M6fRGjmBx2R62kGTJEPuFXiNwPuEqcAFlGs6d6hlt8zQX+Tj7hejUtVBcYBNA7kbj0XicUxZsVrumepRA9sLnaSPU7Fc+6rd0dbS6lJbWei0tRU2+cVMBIwdx6re2O+QXGEAuAeBuFgrZVQ17MuIyRypDfmLZUCeAkNzuAudbWdauzJ6e13siA5VDZL3DcIg0uAeOVdNcsNkDUmmSEzwxnOUmn2XdXsszQzJyKV0bh3VjFUBwA2VaQuQyua/BHCVKORUo5LgOzumuCFA8PGcqS0ZzukzWRUvtGROIOCjIcjAMEJzDsAs74Bf7HLrOVxOaMH7q0UwrV1NanIGhTQ5JJJAAJJJJQg9Nc7T2TkOobrjLPUYVpZZSCRyNkGppyPVPWZoKyst9wNFV/3b/oPYrSt4RtYAbwdSSSVFCSSSUDEqW+0ZewVUTfNGc7K6XHAEbjKcuy08Gfo635iAeo2IXKloOAAgXWnNsq21VM3Ecpw9udlJ2kYCDyMrTCY5P0V8sWdiNl558ROlhUQuroGjI3yAvTZI/bKg1FLHMx0EzA5j8ggrpae3aDKO4+XKuBzHlmNwcK96Svr7dVRtLzjOMKw6+6cfZbrJ5f5bnEt+xWMe50c+phII3XXqnvMe502YPoizXWK5wAtcC4BWgGF4x0Z1LPFK0CTcYyM8hex007K6jZUMIyRvhMlDCOjTepkpNPlIxumMcdOHb4RMjUMrJJYN8J4DNBwkiNHlQiDlLGp5OpJJIBgl0bLiSMhyQDAwFV11IJmkY3KtyMoYaAMkZT6puPIixJrBga5hjmLOMLN9WWiLqCyT0EjRrIzGT2cvTbrZ6euy+IBjuxWSr7dLSuLHDUPVdzRapweTyPmNBK1OMej5qjbLQzyUszcPicWkFXttqWvIjJAwMjdWvxR6dFDUMvtLCAJjpmLR6cf5lZGhqwHDAzhfSdDqoXwTifFPJaWeg1DjL2aNzpIJRNG7Sc8hej9IXh1RCIZZdTgNl5vkSRYznZTen7lLRVbGuccZ9Vqur3o1eK10tNasdHtcf8ANiId6FPs1XNQ1DIozgE7qrtVybV0rZG4zjBU5h8xIG+VwNXThn1TSamM4qUWbeOQOGod+6I04JVdbZw+ma07lWIfgkYXIshyeionvjyVF5pzFIKmIEO7EK4oZhU0scwOSRv90yeBs8LoyM57qFYZHxmajft4bsrOzRH7WXQ2SSSWezk0psSSSSAISSSSgY1cPC6uZCZXkWwJBzlAcNlKOEJ/BTmLZDkG+y43snuCETgqysoLk8JJmcpKFYHrh4SauPGcKExyMPK4dl1JQIDr9Qq+7NLqQ6W5LDqVg7DUGsjbNTviI+tpCYo+xRBgdrjY7OcjKcotqcXUug8xEx/opSYKfYlzGV1JQoYmntlOTTwFaFy6KiXMc7wR9RyFzGEW4xls8dRjy40lMJHICbExzXJBuUeuAuHIWelGoFp7LT1JMkZZjlZisYY6hw4C0weDmamPAqOFr5NHGyqKi2xyy1EUg5GQVcxgxESgcKJVDE5cBynJnJtpU+DzSrppbddmhmWkO2PsvQKR8dXSRTA5dgB33CzPVFDJHUNqyMtdsD6Kw6Yne6N0Tnbcq0cTTV/BbKv9mihJ8bwkO4RZY8Ecp8QxUMKfc3YbkDkJsXymarY5WDw/qil0XE6e7nLO1gIABWr6saW15J/qcszWgkjC9Fp/9pH57+pq1Xr7H/cFCPKMIVUeykxA6RlRarlNayecjIFTN/mB2FbwMxp2VbSMy7JCuacDTwrrWCrZCDRjhBlGAjoExWp9Cl2QKMZq/wAyrW4uLaUj2VZbG6qs7dyrG748AAJK4LbamolJStPiFRL3Ppicz0VhTgavyVBfJjl4wseo6N+nWZJFC5xcdyn0zSXjZDbypVM0ZGy59Sc5cnUfCJ9O3Ddip1OwndRoGehVlSx9yuzplhGScssvqCF0jI42Dd2Fe3B4oLW9seA7SRn3UWxQtDRK4fSNlT9UXTx5xSxuw2Mb/dbJNRQSlhGekcXuc5xyTlBPKKXZzk7oR5WaTyxeW2OJGEItJK6CcogbkcIG8Bo6xuTupUcfBIQY2EHKlRsLgN0xLdgbGWA0TdwAp8EWrGyBTwkkbcq2o6XQAStEIhdhKaABuS1Nq5S0+E0/dGnmETQAFCLi9+o8lbaq2zBqrv6ULfuiAZ7po4TVoXHRzZLIbJXEJcJwETaRQfZu+VCrbhHTNy7n7plfcY6SPW879hnlZiSeavqcyHY8LLdd6Rqrp3LLC1VVPV1PiFxI7eyPTQeFhxGT91yKBsZ8ybU1LWN0jdYpW45Y5Rxwg1XWMhi9SdgAqzU6clx7rj3mZwJCKw4H04SZWbuBqWOx0YDWgZ4Q5psDASe7BwodTNkbLLZZgZCOWMqJzn7qESXEldfIS7dFgaQQSFjsm5vBpSUUKKJziDhWUEeACQuQRDAJGwUoYwMBVGOBdlmeBAYCR4TsjCDI4AEo3wK7ByS4yFEklLtl2V5LtkMgk8Jc5N8DoxGglxKJHEdXGMp8cJdvhS4ocY2UhHJU5pDYacYB0/upsUW42wnww8YClsjwQtkIGOywZHFp4b+6O1oGCnZAGMJmcnCcoGVybCkAgdsJrIpJzhrdu6KyjllIxsCrGNscMYDW8JkYjoQ3AqWgii87mgH0KlGXRhoGUF0hdsBhBfIGcnlH0bYVf8qJMlQA3OwUR3zNYPDhHPJXIqSouE7Q3aAbklX0NPFBgRtxhDOWFwbqNM5PMiHarQylPizYe4q0azJ24XQCVIhjwckLK3k7em00V0PhhyMuCOGtaOQEmYLeMJ1JRvr6ltPH9R/yWeXJ2tNTJtRiTLPZprxUgNGIWHLneq9BpaeGkgbBAwNawY2QLZb47fTNgiaBsM+5U1u2UqUkkev0Wj+GPPZwSY7IFRNkAYRJDpb+SiBxzkhJTyzrQgksnWEuOSER5wutAA2THuDWkpiLnLCBvlABJVXV1TnZa3CJW1HPb3VU+QuyeUSWTl6m4I+XTvnKCXGQ5Qi7zblFbnGy0wjg4uo1GeAsQ0knCO12Ao+rScYSdKSMgJsY5ZhttDPq/ZR56prAA5wGrj7qur68RDyjf0WUu90nqWPgc7bjC3U6bPLPL+S+oIVJ1UfmSeoOrXAmko24JzqeHdlG6T+H166wuDaqujDaFx2c841LT9DfC2e7ysr75CWQMw5sbtw7/mHdez0kNDamlkIDGkABoHotUYKPB8z8n5iU5NJ5k/ZU0FltHSltZBFC0CMYaPU+ytrPZZpahlyuOxG7IC3Znpn39lJorNLW1AuFcAQP7uM9h64VyyDG2MK20eVu1EpvL5OOaCdgF1rPUIvh4TyAMYG6U3gV8mWCDQBwmPacHQMkqQ2CWV4bowPVSW0MbMEFVkFywVAo6mZ42DW+ql01rpoyHOYHO9cKycxrW6So73iNpKmSvkOnTGAedKqrneqWnjIY7MnZvK7XXPQC2B2pztgFXwULC9tTUt1P5J9VM+w85IdPQVVyqP4hcT5PwRngBdrqmFpdS05BxtkJ1yvTXSfI0v1EYLh2Va4RWumNZWPAZy4nlKskeg8P496ixTtX2+l+2J8ZDC+T6QOVnqi7PqaoUlvJcDkGQjytUWoudf1JMW0sz4aHJBHBKsaOjio4vChGw5PclZLJ5PtnifH/AAwUprH9v0DgodDjLNiSQ8kDZHZpbsd/ZDqKswA4cGjvlVZnq7q8Q20O83/Fxs1K5Z6SMlHon112pLfGTO/Dvwt9VVQ2i9dQTCWcCGlduGZ7K9tnSNPE8T1zTUTerzlv6LTxwNjja0NAA9FA/n9FRZ+mrba2fy4Guf8A1EK00o2ny6huFV3PqC12yHVNMHyDmJu7iihBzeEZr9RXRD5LJJInBuRkHIUWrr6Kj/7TMGLJVfVF3u2aenjFLTDgt2cQq/5IufqnqJZj6PcSFqr0r7keM8p9caXS5jp/vf8A5F3cOqnl5ZbyWgfiPdUsoqqt3iTzOcXHPOykR0QOCWgKwiog1o8oH5rfCqMVwfNfIfUOr8k38smk/SKdluJ5YpcFvAIIG6t4qZp2DcKVBRDVxhEljo4rtwVQoXHALVPprcAQcYVrFbXyY8NmVY09gq6ggeHgKspCZ3FF8lGzGApTKaaXDYmrUU/SbAGvkcM+itqW0U1O3YZIUdsfRnneYmCwVcpGQcH2VvS9NRxkGVuCtQIAzhoAXTBrGCOEG8XKxyKeKzUzQAGZwpQoWRtDQ0YCkzT0lFGZqyojhjHJcVTP6uoamo+Ts1FV3CQfijiIj/U4QbmDuZZxQAnYAIVZUW+gYJq2rjhac41HnHohHp3qu7Fr562OhhdzHGBrA+5Cs6HoOxUTxUSw/MT7anzeYlVKWAt0fZnnX6WsAbYrNVV/o9uGx/8AmP8A0RR011jeWB1VWR24OGS2HzEexO2VuQyCmGImAeqb8weAEtTyLc/0Zeh+HFvp3CavrJqqTv4jsj8lexUNBb2BlNTxtxsMNGSjulc87oLg52Mg7K5MFyyF8c47pjhqXHPa0ZJGyhzXWliyC7dTn2DyyYXAd0KWXAzjhVFTe4Pwu3+6guuE8uwOx43UD2+2XclTp54QJa6Bo+tVRFXKQ1oO/upMNjuM27Yyc+qvcihstyizjcoMlYXDYZV3B0pKWtdM9mTyMcKwi6ZoWAF7clD8hDIGaSU4aw/knttlZUD6C0FbintFDTHLIQT7hF8Jg4aB+SCVuCZwYVnTVSTk759lIj6UB3czHutl4bfQJgCjuKUsmXi6bp4x5m/spTLNSwkHQCrrQM4O64YgDnCvOeSbmVjrdSgf3eMJohazZjVbeBE4eZuUtNNFg+HuoTcyo+UqJCMRrgs88hGpwaB6hXInmG1PGMIUgr5Bgs/RQtyyV7bNE3+8kaU5lBbo+QCQpfgSAfzCQPugPNNFnXOB+ShXLASxwMP8pgQJGF3snVN1tlPzOCR2VbL1VbWHAOVAsE51P4mMhcNAzuqOp6teM/LRbeqgSdRXKY7OA+yg2Mcmq+SpWfUBj3QzNbYMODmrIy3Ovk/vJ+VBmrAzLpZdz7olEuNf7NxJfLbEP7wKJJ1RTx/3LlgZ73Tx6g06z7bqKK651X/ZaKZwz/SiwHtx2b6o6wxsHYVNUdWVLnO0yOP5qnisN9q2NeSxmr8J5CtKTot7g11VUNJ7hGoEiorsg1PU1XK7HiOH5qERX1jssZK8n04Wwpum7LRnXU6dXqVyS822kcYaKMSOHADQrSSC3pGapemrlWPHix6GerlbU1htdtOaidoPdT/mL/cwGU7GQMHJaMEqRS9Mtd/NrJS953OSjAlJS5RWPraaJxjtdG2YjguHJT46C83Fo8eTSD+Bp4V62koqJoaWsaANtlGmvUdKcRN29UBIy3vAOn6ZtlIBNVuDnAcO3UiS50VPF4cMY8u2wWeu3UcIaZZH5d/TqWfmv9RXRuit0Bc88j80Iah+zT3C9OfuJNICzlXd5ah5ZROdK7uiUnTdZWhv8XqXRsIzpY5XVLSW60RFlNEMjYHG5KgWYx6M/DaL1cj/ALwBCw+qvKGw2u2sDnFrnjkkZR/nKicYyGj0CZ5icuOVCnLPRJfUxAYgA29Aocz55tjJt6Io0jhM1YBOOFAHz2RnMcSAV1waG77YQqqvhg/vHBv5rNV/VLWymJj9YHYKBxgX89VHH5WHJUGWeWXl23oFTMvE8u8VBM8nvjZFMd6qwBIWU0Z/o+pQ0RikSa24UdDFrqH4PYDkqofcLtdG+FaKMRj/AL6YbqxounKSOUzTF87z/wB4chXUdM2MBrAGj0HZQqUlHooLd0o2JwqrjMKyc7nxTlrfsFdRxiMBrQGgdhwiFhJwN0aGIg77qCpTb7ONDsbroi3zp/dSBEOcLobtwoWR9DRjsodwucNKDDC0yTjhoGyl1bmMA1OVRNV07XEwM847lQtIrX0VXcJHVF3l1Rkf3H4MfZSxURgaKfBx6dlHqZKip2MmG+ydTtZGAA3ZQYuhxFRI7JlcwegT8aANTs+65rCaXZUDCeOBs05Q3TOcMFDPKYoQ6Sc5SyVxJQgkkklCAkklwkYUIOMpIxhC1eyY6QAlDL85CgUY5HvcBtqCivO3PKa8kuzkpricBQZ0cJOeVxJJQoekkmOeAFC0snXuAGyhySEJ8km6jSPz2VD1HInPc7lNSSVh9DUs9kklAxJJJKEP0aSSjIkibI3BB9Cu4wvxOfu1r0Zzre2OrLdHcKUYrLc8TxP9AOys7Vco7pRRVcYGHtBOOx9FOexsjSxwBDhggrIdPyGzX+qsErtMMpMsOfU9lCLpRNWo45UhR1CMwkkknRnxVobm3+XbOoYxR1GOBOPoP55K9eDRwvO+v+nj1D01U0kW1SweLTPHLZW7jC0vQfUMXVXStvuwGKl0QjqG92yN2KhkuWWX6SSSgoYmHzc9kZMO6uLwyHibP/yafGxkAHhWXrdvif4Y60c/+bP7L2VrsduVi/jD0Y/rLoiro6Dy3WkLau3PHInZktA9Ef4WdYN616KoLxJtVtb8vWxnYxzs2e0j7p+7d0A1k2JKoL819BUwXyFpcIv5VW3+qnPP6E5V/lCqYGTxujkaC1wLSPUHsnaex1y3Ga6rfHafCf8A+EG+Df8ACL7QfGGyxD+H3Zopbm9jdm1DW5ZIT31sx/5Cvkq2TF48F5Gpi/XDqbom3/En4c374SdRF2Wwlsb2uw9jHN1U9QDx5XDj91+TXUvTF16I6puHTV2jdHV2yofTTAjHnacEf5br699JeU3RVc3z6PkP1b4nZN3wXHsmxEZBBU+MAgbqjp5Q5zTlXFP9K+jQnuR84tjh5BVDC14x6qTRygENPKbNHrGR2UeHMcwcTwmIQ/uRdjfdEaclAicHAYUhn0haISwjK1geOERMT0RGJJJJQFvAkk5JQpLIkkklAhJJJKEHM+oKQCMcqKnNJ1DcqFNBklxv0hdUFnC0E5IQ0VCUIMSSSUGjyMjCDgIyElSWQStq430cza6jcY3tOfKvcfhp1b/HKAU9W9rngAHK8ckaHjBTenLtU9L3ZkhJMDnZ2PGSuTr9HvSnF9HtPpTz38DUKFz+18Hv9bbvla805Hkm3asjc6R9vrnZaQ1xXoFNVQ9T2KG5UrwJoACcbnhRb1Zm320tfTgCoi3IPf2XD+RxeD7DdplZHKMLU0dNX0roJ2B7HjgryDqix/wa4PbG0iMnyr2SjY8F0Egw5hwQfVQ7901TXqndFKwB+NnLbp9RtZ5XzXh3rKGor7l0eJMI7KVA8NcEO6WyW0V0lLLnyOI3UfXuDldqq3ej5dfROibrsWGi2dG2VoLVGIwcIlHMMaSpE1KHNDm91pTMe7ayvdrY4OYSHDgrS2i5iphEU5Bdws9K3HJQ4JZKeTWw4Rg2fdHBa3e2vp5TUxjLDvsoLZRK0BuzhyFoKSYV9IY3nJI2VBWUctDOXY8hUXYtNrsuumb/ACWe4RzEnRw4Be4W65xV9LHUxEEPaDz7L50Dg4B7Str0J1Y63zfJ1khMbsNBzx7rXXPBzNfpHP8A1IHr6Sawtc0FpyCnLQuThdD05NTkZTEThOLQ7kJpGU7T7oexWXnJUXahDgKunBZKzfIVhbqt00LBLs8DBRyAeRlQfAdFP4jRgeipIJvJcAZHKWn3QIZw/spDTlGCdSSSUBEkkkoQSa1OTWqpdEQORodjK8L656dd09dDEwDwJnOfER+4/LK93We6x6eZfrPJGB/OgzLEf8QCTJHT0epdM0jwORmoYPCpauF0EpwPK7cLRzQPikdFK0tewlrgRjdQaymbLE7y5KyWxy+D1dNyxlGcqGam628jdXHTt1keRRzuyPwk8hV0jPDdocMFRDrgm1xkjG4WVycejTLF0cM9EEeN0njy4yoFnrhW0jHk5eBh33U5+DjdEnuOTOHxywV07PDO3CGplRGCwjuVDxpJaUbQxy3II3utX0fdnQyiJ79wcLKNRYZnwSNljcQWpkXgRbBWR2nutHVl7A7Y53Wa+JVokfSwdRW0aaikIcXN5IC70zeWVVHE4v3xgrUiOOvopKOUBzZGnAKdn2cWS/jTy0VvUFNH8T/hlD1Rbxi62rMupvLZIsa2/nkFe7fBfr6m6/6DoLsJw+siYIKtuMFsjRjP57r5x+Fd0qehevqjpKtm02+5uMcYcNg47Rj8x5T+vstV0ZWN+DvxifZWao7H1S50kYJ2jkDjj9wD+SLpKb69i9XpoWxdUf8A+aP+PaPqVj89kZrvZQI3k4y3lSWPznZMf9jy5LjcfVSFCYQCN0ccICElOQk9Qg8HsiAjCEugqECpLgK6oQckkkgAEkkkoQSSSShBJJJKEEkkkoQegyU/ijTlGXWoyFHUwuikIA29UNkhzhXctO2ZhaG7qiqWy0smh7NvVQMo+uum/wDaG0menDW1dKfEYRsX47ZWN6H6uc53yNXIQ5h04dyF6iyTIx6ryf4tdKVFqkHWtjiLWtcPnGt2Ab/VhGPr+6W1nqEbw4ZHBUlrj3C87+HvWRvFGyOSTUWYGTzhegtnBA2VNYKsjslgksd7KHdrLT3WNuoaJot4nt2IP/RSGu9kZrvZCLKW3V8tO80F4zFODhrjw/7K3B1EgdlHuVshukPhSktcN2PHLT6quttfNQ1H8LuwxLxFNw2RvbPuoQvQeyO0jSNwoycCcqECJwy84JTBwnA4OVCFLeLNNTSfxa1HEjd5YPwSDvt/UjW64wXGESRjQ8bPjOxafTCuDvjPZVldZsz/AD1vcIpRu5vZ6NEJMfdFUKiqvHZ5hokGzoyfMPy9FMByoyEW5UFHdqN9vuFLHUQS/W14zledSUdx6BrRRXF7qmxyeWKqcNomnjxD7b+ZemrtXT09ZTyUlVA2WKUaXNIzlMYcXg8D+J/wthvjXdS9PBrLgBqkDfpnb/1XkNsuFZa6tzXMdHJG7TLG7ZfSdxtl5+H0xrKWmmuFgnfh0EbdUtH/APxN39sLKfEH4a2rrCkh6q6XEfisBcyWNvlnHdpPfGP3Spw3cHqPBecn4+xRl+P/AKGasl91BtRTnGPqZlado/iY+bpXg7bs7grx2huFVaa91PNBNA9pw+ORuM+uFu7LdcvZW0kpBbyAV5byGgjXNuJ+o/pD6pjqIKm5/wCGaWGoLZBHM0tIPfuj11DBc6V1PO0aXAj7IOumvrC+H+VOwZc3+r3C5R1MkLzS1WzhsCVxJR2SPpkZq1Y9Hzz8TPh/U2u5PmZGPCe0lmB2B5XmdTTGLbHHK+zuobJFfaB1K8hpIOkkZC+auuej6yzV0jXwadJOCBs4eoT4HgvP+F+921nnMse24UaIuglDx67q2qaYjzBqrZmdjthPXR4SymUHyixgqI5BgHdFewPCp4nGJ+VbU1TFI0YO6YXGWSLMzSfpQcgHBVlNCHDYKumhdnZJnHPZUo88Dm7Kbb5zFUNHY8qubtsigkbgoGmh9M9jUjUBwkGW7hda3HKhWitic3wZD5vUqz0E7jgpTO7XZGyKlEA5gOdlFLTnhTiBuhPZkHZIkh2OCNjCWdsEJ7mElN0+6oVKGQTowQcqJI0tdkDlTlHlj1DhWZ7K/wBEX6uAmscYnasZScDG7JC6cSADOCiM+7ksKOt3AJCt2vbKwDOFlmExPBVtTVROA5TGTXRdj7WWWjc7p2gpkRB3R8twFezg6EZ5AsJa4O9FbW+qdkA9lWlp+oBOZMWu+lAaKLNrNZBLqaDnOV2YkHICrLdV7AFWrgJGghAdWqzJynnGcFT4pi0ghVBaWPGOCp0Dg5oCA1wswXMEokbgkZXHMUCmkMbgM8qzGmRgwlPg3QluAwnwzqB3G601vlbU0oBcNQWXkaY3bBS7VWvjqQDsEifDNtUsIta6izl2nhUssRYcYWwmjEjMtb2CoLhT4fgN3SzQ45RUac91DfA3xX+isXtO4UfwXAk4SmKcSsqGeGQQ3CbBUOY7ONwps0GRuMqDJCWnhKnFMkU4vKNv07fahjANWeO69Js94pLowQO8sobg57rwSnqZqZ4MbyB3W1sd5LHMqYJfMORlYLqjpabUPqR6XJTVVnqBU0ziWE5IC2FkvcVfEA52Hjsst01fqS8Q/LVTmtdjAJRKuhqbPU/MU+dGc7cLl3QaOvXZk9Aa5PVTZrvBcYG4diQDDgVag5WGyPsepZCJrmgDhcSGyQwzsU7o3YwrGGUOCr9IxnHASppix+HDZJksip8luDnGychRyNe0b7om6zSi2JfB0cogI4yhrmS0jdUuCmiSkmNcnoBY5JJJEAJJJJQgkiMjCSSjIVt1oHVcIdEcSxnU0rtmrJKmF0cpy+PY+qsHDIVRWwGinFdASwZw8Dg/krBZejHqF1Ron+Ixr88jKkqiCSSSQkGJJJIiEO5UjKynMDu/B9Cs9b530lQ63VDy543bn0Wre3Kouobc19Ma2FpE0W4LeSmwkNhLA924yocrS45A3C7QVZnpmueQXDYojmgb4W+uQb5XBjuvOnP45bi6JgM0bdvdeBXClfTzvhkbhzSWkL6kk8x3C8X+KnSzrbVi707f5FQ4h2B9Ll1dLdtmkzLqIZ5R5xTzS0c4lifpIXq/QvVErgyKSTLHbEei8lnYTwpNnvM9uqAQ4gZ9V2pRUlwZaLvjlg+mA9rm6wRgjISEmp4WR6N6h/ilMIZZPMBtkq/bVaKnwecLJZA7MLtyL2POgZTiBhBgeHRhEWR8M1wk2NPK4uNXUI9PKEmnlOSULksiXM4K6kjFSWRjmeUjlU11pI5osEcHZXbiCCMqHK0c47rZp7NrMt9e9YPOOprAy422eglYCXtOn2K+cK+Oex3qW3THSYnkAkbEL62u1C9zjPGMjuF4f8ZOk2yU7bzRxYkiP8zHcL1/hdd8VmP2fNPqzw8bK/kguUZ+3VInZvtgeqM/MT2yN7HKzXT10jIEL3EO91pnPEkJYBuvexkprKPlMLGnwbTpG8mCbEr8xygAD0K9CpnB+HNOQQCvELbVPhkDHHjcL0/pK8GoBbIQQGrBrtPuW5Hv/pzyG7Fc2by1zeG8ZOy0DHa2h47rIRTk405GVpLfVAxNY7svO3w4Po+kt44LAPDTghVtTDJS3FlXCDofs4D0VhycpskfiYz2XOl2dNPOCU1zSAQdl1R4hgYB4R2pEuByOpJJJQY1JJJWGMTclOTE6DTKY3JSSSTBbeAMjMDnlQ5mlgJxlWLvpP2UR7cBVgVYQ2VJc/TspDX6hnCqKqQ0VbH5f5cx0nfgqyYcqwVIKDuifhQE/JUHCPK4eF1cPCtIsE/lCHKK/lBPCNdFPoqqbTDW1VOHZ1P8X9VLdsFEqGeDdWVAGBIzQfuFLkOojGyYZmDPK4kkoUJDPC6eEMk55VoBkeu3hI53UYcKZOMtIUCM4bp9CmIy28HJGgDUeyzl5Zpe2RuxJwtHMMtVTcomywuBbuDkFaYMwamO5YRDDP8Ad2khAqotUeto3bv91KAIpmg9wnRtY+ExnY+qfk57hhGfulCyvt74w3JA1D7rO2R5paswyAjOy2cTv5roXNw5uVnqilMFxdI5o+rUqUsnJvo2270W8b9D2nlFuYLqdrgPVCLPI144PdSpD4lGBj6U1dgWI8b6zZprs4xuVlaj6gcLbdfQ6asODcZ3WJqDnkL0eleakfAvrSv49bKX9xrPo2Ch1H1qezcKBOQaogLTKODx0Ow9OwbEBWcP0hQacDCsGdkUBdjyNl5Cg1ZIaMKfIMqDUnAyfRMysEXYyzgGsIRry469IOyDZh/vJd6p10OqR2PVJk8jMf6vJDzphJGxIO6x9ynfNM5udgd1p6+XwaUlZOU6iXdysOonjg6OlWHkCWHIU6mjIIUWNpLmjGytYWAY2S9PH7smy18EmkiOwyrmgpfFkazGRlV1MzBBwtNYqVxAnLcAHuurWsdGRcstKzw7VayA4CRw2WCqZHSyue85c45K0HUle+aUsBwANgs2dznKOwkvuGEk91xLIzjKSSFEQ3UmNoaA4hR28hS2O1AABWuxqxgcCNsBTaaPABQII9WD6q1o6cnB0rTXAPP7DUcIzkjhT3ubGwBNjjEbc4wo9TJqIAWuuPIi+1QickeXuyeEw7pA7JLdBcHInN2PLOuXFxyaeMoJPBB+3cqJcqyKjh8SRw42HquV1YKeF0v9O+FkZpqu91Je8kQtOMHusF9+OEaKaHN5l0OdLUXWpMj34aOM8AKdFAyIB3BXYIoadgaxvATJ59Q44WN3e2a288R6Oz1OkEDCgPmfK7JXZHGRyfCwA5wkynuCUcBIm7DITzgBdADQo9U8aRuhcsIi+5gqiUDuoD5C7ISqJHF2AmMd5hssVtmXg1RhhZOMZlysYIwMHCHFGDvhTImYwVUV7FTlnhBmDAGycuDZcJGEfRn5kxkjyO6iSTE7FEkHm05Q3MxgkKNZHRWFkYGlx3CLHFvnCJFHx5VJjhJx6+qBQZcrcHIIQMD1UyOnzg4wuxQZw7T+6lsbp7LTXX7MlluWMZEGAbIuQBwu6hxpTTEX4GcLTGOBEpZ7OO1P3aFMpaRrGiWbAPolBiBgBaMo8Uc1QRkZCIuuEpvCHeJGPJEcrrWEncjdG8CGnaHOGEF0sdR5YjxsrR0KqMcexk8wifoAyjUVve94qJs87BGpKRok8SVurHCn4AQ5Z1qNO49jwGAAMAAHYJwBymRsc4g4UuNoGNkuUsHUpqycibuNQwpLcYwhSEADSEg48+iWzfVDaHdJpwBvnhbjpazMpKUVT48yyjOo9lm+mbK+71ocSPCgIc/P+S9IDGMjaxjcBowFkveD2PidFFx+SQE4C6wZTmnU7hMneGjCxTk2eijBIBO/+ZpxkBNDQRkDCa52p2U/UO6KKyU3hCccNJVbUVDnbADnAR6qp1ZjjO3cqmrKjQMYWmMM8nP1N2xEavnMk/hO20/UEEvGknC4+UPcXEcd1HOqpfhuRENj/iK0Qhg89q9YnwE3c7IUkHb7eiCAG7Z2Qair8M6WnYLbVS5nE1GrUFuk8Ex0oOR6e6qK64u1FkJyByUGqr3SDTG4hv43KFmZ8zKengklkfwGjK6FOnhW90jw/mPqGVmdPU/8sj19xcGlp80h2DW8r0PoX4TxU4jvfUg1Vp8zIS3+79zvv9lcdAfDSntr29Q3mMPrHNBYxw2aPt68Le+AT9LU2clDo+eazyLk3CD/AOoCGFkMPhRNAAHZTbZaRK4VVQzg+UKTb6DYTTt8vZqs9LhsBgDgJErTiNvPIMQY3xgDsl4WOApLWOcdgjfLHYkJbkwZvBCZTyyEBrdlJjo2tw5w3UuGJreydJtgJbll4BAta3GAOEGQ4wjF2kFxUCoqO2EaJ2Onl0ADKqKyeonZohGGHl3cqTIXPdkknKC8sgaS6TQjCwQmwGIh0gxjuqK6335mdtttbtZccSPB+lAv/UM9a91DQyAx8OkHJ9lVNqKS2QmZozN+GMHzPUOt4vSPV3qCi2ybI6gsdMHVU4AG/iP+p2Pf81SulreoJ3yVLTDSsw2OPnX6n27Jr6OpuVSyvuT/ACfghxsFLqq2CjiGvAHYZwslx9o8D4aGjgppZn/6HS2Gjj0xtDWtHZVdVfXseG0vmd6IdQbhe3ilt8btz5iPRaqx9KU1tp2SVMbJKg8kjOFnxjk9ZlVpZ7Ke09O3C6VPzd08kBGdHqtZR26mpGiOmhaxo9BhS44ttOOAuTzUdFC6oraqOCNvJecKk3J4ijPfq4VL7h5jGzSQFCut7tFoa75qqwceVuM6vZZ6s6trbjpislMyHOf51R/o39e6qKe007ZBU1jW1FXw6UjGfy3WiqiTeZI8Z5X6zo06+LTLdL9+iZN1Leb03waWnNJT55xpJH3UX+FxMlErj4j+5dupzI3DYDbsEdlOZCAdlvhGMOkfONd5vW6+ebpvH6XRDZC3IAYFKbTMABLAp9Na5JSCwZwraksYH9+mOaRx5WKJRRU+rDWxjf2U2mtE73DUMNK1VBYGPOI4wc91oaPphzSDLjCX8hmsuMbR2KN5DdIJV5RdK+cOexrQtbBaqSHGGAkeykPibjACF2P0KdzZSQWalgAAbkj2UpkTWjAaAFNMY98d8Kvr7tarcXOmrYwW/wDDz/MP2CBtsBtscKcOPC4+PTgnA++yqXXy/XZvh9PWR7I38VFSMY/8PP7LtP0HcrkWy9S3eSZucugjJaz9FXRXD7A1fVlngnFJTP8Anqk5AipjqOfc9kyCm6vvIcHQQ2eB/ByJZh+uQtjQWGzWiPTQUMbCBgu07n7lFO5OQq+QFvBlKD4d2WGX5m5PmuEw7zuy0fktNBT09MwR08bGNbwGjCIMkFCGx+rhWEFc4g/dNdlw9EOWsp6YZmcNlTXDq2hg8sUu6vsmMlyIS47ocppqZu/lWPq+ramU4pX4ygY6hurdLdTmn0VbUuWWkaSsvNHBnS4H7FU1T1NuWNeiUXRN0nLXyyAZ5BytDQ9DUkeH1Lg498BTdBeyujGPr7jVOHgZIKLHYb1WefwSc+q9HprLbqEgxU7SfcKbpbjDWgD2CCVqfRFJIw1B0PO5rXTyMDu4V1TdH0MQBlw8j2V6BhPO6H5MklLJXQ2i30Z1RwAu9SjCP8kZzfdc0+6XuYAIDCaipqrsgxNc3PdFS45VEA+H7oen3UknG+FFqq+kpG5nma380STZDmn3SI9dlT1fV9pp8tbKXHthVU3Wkj8imgyOxeEe1lmsDQ3dztlGqKuig8zpgsNVdRXWodhsmnPYIIbcak/zcnPujQajk2c/VFrphgSb+2FR1vWzy4sgY4jsVUOthe4Gdv2XXUtJCzXNjA7I9pFFs7UdT3WozofjKrJqm9VJy55IRaqvtNIQHSAH7qtm6jL36KSCRw9QNlByil2Sfkp3DXNIXE/sguFLB/fkZUZx6jr96KE475CmUfQd0r8S185AdzlQJKHshT3ahjOGuB/NQprrVTkMoadzlsaP4eUER/3oB4HoStDBZ7fSRNZFTRt07DDd1Cb1Ho80prN1FciNTRE08nJVlB8PtW9wq5jn0ct+Ig0eVuB9kCpqqSHeeZox2yiyA7W+jP03SdqpmCOOma7HcjcqzhtzKZg/ltjb6gKHWdSQMGijopZHerd8IfgXu6RgvlLIzw0HdG3gJ5ZKnuFsojl84cT2AyoTbtc65+m2WweH/wB5MMKXTdO09OA6bDne6lGopqQBr5QwDtlU3wTDZVDpiStcJbtWPIO+hjsBWVJabbQnxI6cE4xlwyq2v6ttdOJAJtRbwszW9Y1U+1M7A+6HPIbr3G+qbpSUjcbD7DCz9x6qhi/u3j9ViKu63CuAbJUED0BQKajqah2RHK/7DKNFqpR/Iu7l1c55wHKnN0udxlEVO05JxndXVF0mXhstSWjO+MZKvKS001JuxgJ+yEJ7IfiZak6WrJ5mzVzxj03WlpLbR2+NraeDBG5KnlvCdpa0ZKgmU5S7AaS/kJjo2kYICNIdGTpOFW1l2t9FG59VUBnoCoVGLl0STHgeUIRftuMLI3D4h0LJjDbBLUSdg1uQqt9T1ffHkkfLxv7A74UNEaZdyeDWV3UdsoA/x6kAt4x3Wbq+rq6vY5tuZ5P6kaj6Lk0NfXvEh5JduramobdbW4axrceygxKMf7lDR2y6XWPxKuQ49MKyo7BaLe/xZAPEI3LhlSZrs4Esp24H2UEySPk1yu3KheU+iY6aPOmFmAPQYXWvIOSP3TKcg7BmSVMjpJSdTm6cqElJJYGNcBjDUZgcQPRHjo+PL+6mRU4bjyqCJSxyRYqcuAyMKQIWNwnTvjgGSdlWVdyjY06TlwUBScnknyOZFy4bqmr7sWuMcHbkqJNWTVBOXEBQyM91B0YhHVE8hJfJnKYccpJZCg5IbkcY4S7FLb1Q3OyoWOJOdiuJiShBJJJKEEkua2+q45wIwCoQISMcoBIyd00u35Qy7blQg8keqE53O6YXbndMcTpO6odGInOOT5kwkYTCTlcyfVWXnAjykklgqFCXDsuockgaPVQiWTr5eyiySHCZLOQcYQHE+qg+MR7nEnlNSSUDEkkkoQaknJKBjUsFPG6kxQjnHKgMpbT7m+HV7bcLYKSSTMsXqVrS0divHbLVydN9RBpBZG84PoV69TzNnibKw5DgCF+KZRwfva6GJZQ/T7rN9aWx3yrb1TDE1CfEdgbuZ3C0yHUQCphdCeHDBQmZvbJMr7bXRXGhhrInAiVgcfY+iM8YGcrKWTxrFe6mx1BIimJmpznbOTkLUh3lLSoG3kG452I4VD0do6a6vrrPq0wXpvz9OzGwlwA9v7Aq+kOntyqW90sj30dzpsiooJhIxw50nGofmoJmkzfHdJNhf41PHNjGsA4TlDLJYYlwnAyurh3UKASHURkcLxy2EfDT4yVFtd/Ls/Wv+9R7YbFXfib+a9mc3fKwXxi6Nf1X0o6ShJbcrRILjROA3Ekfomxlghuc5T+Qsp8NOr4ut+jqG+huidzfDqI87skbgEH81qgeycpY5QuSyilu7pLRV0vVEDc/KDwKtv8AXTnnP/Lt+q+Sv/whvwZa19u+NdhomhtVimu5Z5i4YAiqHeg/B9izfdfZk8MdRE+CVocx7S1wPcFUostB110jf/hV1HqkjFM+GEa8a6V30vH+JgBXf8Tr5ae5Tiee8voo6qiVcumfjtSO8wy7hXlPKC1o2RviZ8Or38Juvrv0RfInCW31DmRSY8s0WTpe09wQqqjkzg54X3jxWrjqqcxPg3ltJLS3uDL+LEjeUCpi8MawO65TyY2yiyDxW7LpnFk8cDqKoJIaRyrQHIyqKA6JBsreFwcAfRFGXIiyBJSXBwurRHoFD05NTlYCEkjJrlCZFq9k5cx7pDhW1go6kkkqIJJLBSUIMRUJFUAHpiemKEGpJJKBgV0DIIXE5qp9BMDhRauMzAAjg5U5Cc1Z7I5Ra7Np8IOv47RL/DLm4ljv5Tsnt2K9yaIKKp1wSCSmmOprgOPZfJVVEYZW1MBLH53IXv3wr61HUNuFquEoc5owwOPmYfv3C8vrqPhln9n2r6L82vI6d6W1/dHr/BI61sUlurv4nRx6oZfO4DtlVrWsqYRLDuQPMO4Xphp4bhQTWurA1YLWk/svOmQm03aSjkaWtJIGVjhY4s9jbR+jFdcdL011onVUcIE7BnUBuV47PTT0cximaQRnsvp6429jB4rR5X9uy8z646QjlY6spItzkuA7FdfS6v0zxX1D9Oq2p3xX3nmMUhaQc8K2pZBMwAlU0sboXujcCCCj0tSYSDjOPddmuWVk+U30uuW1+iwqqP8AE3hQXQlu2Mq7iLamFuOSoM9O+N5aQtKeRCfICjrJaR4LTkei0TmQ3GmBIBJCzbm74JRqCvkpJgQTpPIzspgqcf0DmhNLOYiDpPCfC/wpGuae6vZYae60+WgauxHIKo5aaWmkMcgwR+6ZCQpTT4Z6p0V1ZHPC2jnk8423K3YIPdfPVuqn0VXHM12MHdex9MdRU9zpmQvfiVgxueVrhPJx9fpIw++JpUhyuah2SDt+E/JyQo4XVwcLqFi8CTXgEbhFSULAQtLXY7KXGRgIJAHC604V5KZJSTGuT1YtiSSSUIJJJJQiGuSzvldIyuafdL9DE8cnlfxN6Y+Xm/jVMzyyu/mADuvPHAluy+i7nQwXGlfS1DA5rxgexXhHUFpktF0mpHsIAcS3bskTWTvaHV/JHazIXSlIPjt31HBVe5oeBkcLSVEQeNPqqCaN0T3BwxpOFgtjg79FmVgdba2SglyHHTncey1rZRNGyRjhhwyFiyMhW9kuAjBpZnDAGQSqrlhhX0Z+9F8Sok8ZDy4DYqY0h3dckjGlPaMSeCE1ETCMOITuQqRbLjpy5GkqxG9/kfx7Feq2S4CZjSCMj3Xh4c6M5B37Ld9GX0Pc2J7sOaAD7+6aujma7T7otou/iZYpJ6OPqSiOmaic1xLRuf8A5hC1d2dH8WvhHHcqABt6temaNwO5nYMYx/ibkfki0skdRAYpGh7HjDmkbELIdCXqp+FfxHmsk8p/hV2d5dWwaCdnZ74zj80ff2vo51cvkr4/KHK/v+0e/wDwR+IcnXnR8E1dJ/7xoT8rVxnkPbtk/dekMdsvmYVbvhB8WYLtGCOn+rJAybBw2Co5/Pcg9uF9KRnIzlNi+MPtHB11Eap/JD8Zcr/7r/oyWJDqHbCmRyBwGFXtx3SZKaSrGo5il8o9iiMRcA5GV1cb9IXVRB6SSSAg8HsiAjCEugqECpLgK6oQckkkoQSSSShBJJJIABJJJKEHpJJIyD4+6HW08dTHocAT2Ke0gAgnlMxnO/KgZmphLRzeHI3DQdj6qZG2lr4DBL5mO+oKwq6WKqjLJBueD6KjLai21IHA9exChabi8o8E64sNf8IOpP4pb3yusdTIS2UknR/hI7L1vpHqakvdvimjna8loOxWhvdit3V9lqrPcmF8M7CC0d184V9Nf/gd1T8lcXSvsVRJilqDuPcH0wjZs41K/wD1j6RZJ7cqS057LOdOX2kvVBHUU87ZNbQditBBIANwgMrTTwyQx2/CFcLfTXOn8GbLXN3ZIOWH1CIN+yKw4OVCikoqyopZvkLoMOG0U/DZR2z7q2Dgc47bLtxpIq2D5aRgOeDjj3Cqo5am1VIt1xaGsAxFMeH+xP8AUoQt8hPUdrgTyUUcKEJCeo6KoQg3G2GY/N0Z8OpZ9Lux9im01aZG6JmaJ27Pb7+oVmolZbmVX8xuWyAbOBwUzBBwdkZwl4mSduFDpanGaaoeBMw4we6lKiDjv34Xnt66UuXS9fUdS9D07nQ1BzXWkHyTH+qP+l3JPOV6FkLhLRyVQcZfs8Q6s6S6f+JlHNd+nahsV4pXOY2SUYaS3/hzBeN0dyufSd+ms94pH0k8TtEkTzlfTXWvQk0tU7q7pORkF6j/AL2OTeKtHcSgLCXyydL/ABktUkEsAoupLcNMkR2ngI/DnuP9MLPqdOr44PX/AE153UeJs+xt1p5xnlf4KG23Bs4ZV0b8PG+AeVo6V1L1JSSQP0w1rANTM/vleJ0l3v3w9vrrF1MxxbqxHMRgOA9Pf2Xp0E7KqOG72mfJO7JG7avYrzGr0MqGnI/U3019TU62pbHwy6oK98MhttxGlzdmPPdV3WXStL1DQPZJG3xGtJa4cq4gbTdT0pY4thuMIy9nf7hQqWrqaGf5GuyHNOGuPdYW9p7pqGohtn0z5Z6gsU9qrZKSZu7ScHGMrMVlLjzD1X1N170VTXuKSpEDWyluQWjGSvnm92h1LPLAWEOYSCPsrjPJ4Hz3hpUSc61wZN0erbT+6VM50L+Ed4EZ9cIExBOQE88e4OLLWCQTN37IdRACM4wolLUEOGytGObKzOEXDCWGVL4Sx3C6RjupdVCT2UXJ9EuawFjA6mlDJAStXSzNkhb9ljnA5BCvLTVgNELzx3Waw3aO3ZLBbOAJyE0sHKlBmeAuOZtwlHZ7WSE5o3UZwwVNeCMqM8HBChTiR0pMFucJxBymncKCZRyQalmTsFHY05wThWEjA7kKDM3S7bZQxW17eUPczOCnwSlr8gfuhxPGMLsjds5UEKbTLinqtQA2UyLJwQ5ZyCoLDhyt6SUSNBzwjOhRfu4LUYwmSNGQQEFriBySis8zUBujLBIpptBG4V/Q1PiNA9llgxzXgjhWNvqzDJknYjBQG2mzBfTN21DfCFTVIY7S9FilbIwbcoE8O4IahOjGXssopA4am7qfTTE4bkKjpZS0YIU+JxBDhvlJlHcbarC2fGHtzjKBG50UgA2906lqQ4aSNynyR53ws8lg6VLNBZ7i+QCCU6scItyptTjIBsVQ2ypEM4eVq2PbVMDwOyUzdCWUZapj8N2CEPww4ZwrW7URz4jQqwc4OyRLKDwR5YxjCgVEON8K2lhLsYGVHliyEIGCmIIyCEejrpKaYPjcRvuPVOqKck5AwohBBwQgsjkqMtrPQLVdWzsbLTyFjxyAcEFep9K9VQXSBtvuIa57RpBd3XztQVk9HMJYn/ceq3NqurXtZUwTBsjdyM4WK7TqR0tPqPTPV6qintVcaihJDD5sdlp7Zcm1sAd+MbOHosn0x1BDeacUdY8NlaMBxU10NXa6rxYckfsQuTdS4ywjqVS3Gua/PZOUGhrI6uEPafN3HopjSufbFpmkcubDddSGySCEhqnNcA7j1VpFK17ARhVEkQIOnYp9HViMeG/P3ylNJi5xLYHK6hxvbINTSn5CzyiKHp6YnoUCPTkJPVJ4FtZHJJqSvJMDkk1JTJMDkGppxPEYzjB9UZJEgSrt00lNUOopiQ07sz/krYOB7hVV3gcWtqIx5oznKkUkwlY14OchE1gmCxSXGnIXUoECkkkiCEkQCMFJJWngsx1yjls12yzanqDq9g4qyBGkHPIVndaGG4Uj6eRoyRlru4KzVFM+J7qGZ5L4xtn0WuqfofFpomyRjlUfVVmjvVlnopGBxLSWexV9nAQXOOcgYXQqs2vIE4KXB8tXOhkoKuWjmBDo3EbqqlZpOwXr/wAVOlQXm9U7MOJ/mADleSztBPovRaa35I5ZxtTF1z4LazdQy2/Q3W5uk7OaV7J07dKa700c736Zi0DUDz918+kluO4Wl6S6nntlS2GWU+ESAMnhMnVuQel1eyajM+iYXHSG5ypLXahlZ+0XIVFOx+sPyOfZW0dQHexKwWQcWehouUuSQlkJo3BTsBZzU54EkuNXVA08iTX8JyShGsgCT2QnZOSVIx29UJwGEdcsPIqyOOSJJGDsR91i+q7I2rp6ikfHqbI0424W4e3dVtfFnfRqXY0epdc9xx/I0KytrB8cXK3y9OX+WllBDQ84Ptlaq3S+PGHNO2MrTfGjo4GEXmhGZQ8gsDePTdef9M3EECNztx2X03xGr/lVHwPzegfjNXKpLhvgv5HGJwe0cFajpm5+BOx+ryu7LMvAejUFSaZ4BO2dl1L47o4Rm0uplRNSie52qshq2NdEVoKaUx6QO6856QujdTWl31LexP8AEbx2XndXpz634rXxtqTXZoqd+uMOzlFIJ3CrbZNkGFxw9u5GVaBwLM44XDtrcWerpluimcZypDXZbwovieyKx+c7JEo5Rpg8DzunJA5TVna5HCSSSQhnDwo2cEqSSOFFPKaiDEkkkTQtrIkFyNkILkaFJfsrL5ROq7fII/7xnnafsg2K4CupPN/eReSQdwQrYrF63WLq9wyRTXMYDe3iqxE/slk1+RnCd9SjNcQd98I8budkyBog8xyO1eyYXArh4QyTnlXgLI5MGxyi4CEoDnJW3caPAmA+mYZ+x2/1RcjsU65wumpntaN8bfdRIHuMTCecK08iGGSS5SRFDEw7p+QmHdWgGCc3J5VdORHKQBsrLSq6pbmU78JiM1vYuQoNS0Oa4EchS8hAqGh7cA8py7MNiyV8TRNC0caRhMjYWSuYDwk13hyujx9kiDHIHYymp5RjnEj1UIFUHju3dVlzh1N8THCup2/jG6g1UeuI7K0ZbK95GjIdStbxgKVGAaPcKC1pAwOynQAmjICYnkx2wwedfESFgjjeG49SvNCcuXq3xCpTLanzDkLyRjuV6PQyzWj4N9fV7Nbt/fJJiwqiUuNfj2VpAd1XAA1+63z6R8/S9FhTjYBTWqLGdKkNd7KuhchPdtwoFccQOIUx7tuFBr3AQOypkJdnbLwHH3TKx2qdwKfbMMps4QKp3n4SpdDH+bZU3ypa2MxjCzwbk8qwubnSzcZwoIzqWKxb2daiO2GQ8EWog4VlBEThRKZnBwrSBrQG7LTp6wbJ54JNLESAMLR6hTW3Dj2zsqigjDt8J9zqy1ppyTsujFbVyAngqK2qkmfqdjf0UHWXZCLUPJcNlGEhzuNkqcslpDsvLsnhPHCQA5RWt3CWMjHJ2OIkjZSo4zuAlDGCNlOp4902tZY7aFo6VxALgrmlhDGg4UeliwAp2Wsj5W2uOQJycVlg5pA0YCg51PyU6olJdgIa1xjg5Wqm2GyNPKEeUkMn1TJS2mYeg1M7YWnVjGE98wa0nt3WUu1xNbP8vGSANjgrBqL0o8GqmtykAra2outSYonFsTTufVS4GNhjDGjYBAgY2Fmlrf8A1T3yYGB3XMdjbyzdj+lDnzEA7dlDdMXE5CI9wPPKEPqS5SyHGKQ+NriQcI7OE2AAjhPyAFCp88I48gDJOMKtq6gk4CNV1AGw2VY5xcd1lttxwMrgwhIdvhGhiJO6FEwk5VrSQjAcWpUU5vIc57VgUMRbglv7qSOOE7ww0ABcwPVMlHBlk8nDwo+XZO6kHhRy05JwrQUDm3qnBjnEH0T4YXOPHKnw0+nkJsY5BlakAhgJx5VMhhIwdJUiGEbHG26lMY0NBAToxwY7LdxHZG0DC6d9sIurBIwuEBpBBzhNjwKznsG2I5yi6suDGDJCdG10rmsDe+FZUtvgp3+I8ZRGmih3y46A01Brw+VuPupNRNBQwF2vfsnVddGBoj5Ve2lnrn78Z5VnSjCEJbKuWCbLU18nhgbHY+wVtTUEVIxrGDJ7lHpaOOnja1jMO7lSBET3UOhptE1LfZ2DjjA2ARRGRg4RI4txspD4wGg4VHVjDAKOMAeic9wa3AIKa+oY0aScIDXFzsgbfdJmPg1nCCiRxdgjlSBGXYa0ZLuyHCzXvjhaPpC3R1deJpG5bFhJsntR1dHp3bNI1XTdsFrtsbdP82XzvP8AkFbtOdinFg7bALhwDzwsFs9x7vSVfFDacdiNv5KDM50h2UudwdtnCiuIaM8pC7NwIN0nB7rk/wBGcrkrgSO2EyaQNbjlaK1yZbXwRH+XUfQZVBLUOkeXO9VNu1aWEQRuwXfUQqxjXSvyNmD6nLdVHKPO+S1cIJpM45rpTpzhvf3Rg0NaA0bBODGgbHZQ6mt0ZZGVuq0zmzx+s8jXVmdjO1NToBA5wqtz5ZHed23onTSOecuK5R0NwulVHQW2lknqXbljB9Le7j7BdOqpVLLPnXlvNy1M9ieIjRFLPI2lpIzJUynTGwDkr2nof4dRdNj+I3cNmuGkHIHlYe4H2UroXoSi6UoxVVmia5ytHjSEbN9GjPGMlaFxlrX6WuLWNP6oZ2fo8brda5twq6G4dI7bfJU+mpdGCRuV2mpdBG3Ks2Ra8Yas1k8nJbxywIaQA0BSI4TyQjxU2dyEfQ0YwEh5yU5gY4ANyiOc0YwEnuAGAOUMDYnKsoKSByUGeVrQDyh1E+OVCdM5+xUSIEnqu2FDcC85RHkHcnGFQ3fqKKgHl37fdMDUWybca6Kgj8SVw42WGu19qbjM7Q5wZ235SrrhUXKYyyOyD9LfRQ2UspPnjx6D1UPQeJ8PZrGtyI0bxCCGtJqSRgDho9VIjbDEfHqGh8vdybWVEVM0Nc7DhwwdvzVRPVTTuDYnEb4SrJ7D674bwdekqz+K9k6uusedMQz7Jtt6brr2fmazyxE8Ht9ld2fo1oPzF2JBZuGY3yr4ltO3SBpb6eiyzm5M9CrIRioVESgt8FuiEULMEd/VTtWlw1nGdt1AqrvTwDLDrcewWfq5q65T6qmfMZ/AE6vTys5OB5T6g0vjMq2WZfpFrderWU7HUtop21Mp/wCKRlg+x7rP/LVdXIam51HivP0sGzGeukds/wCinQ0B4aNlLiontwtlVMaz5X5T6h1HkniTaj+skGKANaGtYMDhHjo3Eg4wFawUGceQAKfT28PLQG5TnJHAlakVEFADgAcq4t1myR4rM5V9aunnOIc2Eb+y1Vu6ejiw+VqU5iZXmVobHISBHFgfZaCj6bjiw+UcrSNooYABG3CT2jAGUh25M8rWyJT0FPA3yRjKJwdylU1lJQxmWrl0NH6qlkvNfc/5dltzg08VE4w0KoyFOTZbTTQ07dU8gjHq7YKlrOqqRsppbbA+vl9Ihlv6rsfSMtY8uvdxnnDtyxryG/kr6htlttkYjoqVjMDGoN3P5q5T2lmTNq6ovUmquqzb4HZ8kBw/8yra1dG2agLZXRmonHMs3mcVfPwTkrmpoGc8KlPJYxkbYxhjQ0DsF3xNWxUeprqekOZ3hoPclZu59f2OkJjic6Z/GG91a5J2a0+YFwOfsq+oraemyJnhqwFT13f7l/u1qpmwxk7Ed1Gg6d6tvU2Z5pXh3OTsjwvYWF7NTXdeWeilLI6jVj2VBP1ncbhN4lDTBrScbDlaG2fCiIMa+vlYXHcjGStXbuk7NbA0QUzHOb3IQznFdEbXo8yp7V1JeptRZM3POeFf2r4Z1NQ5slweQPY4XoEcTGfQ0N+wwieb+o/qku2X9It2NdGfo+hbHb3Aui8Udw7dXEcFLTNaynpmMaOMBF1Z5dlcdh26pSlLhspybOD7Ji6dkxDKOAs5HJJq4d1eSHUlws3PsuePGzZ7gPuVCDklTXDrLp62h7aivY57fwsOVnJfiO6ckWy01cmT5SRgFQvDfRutPvwo89TT0wzNJp7rzue8dYXeQsfK2kjd3YMFC/gNbUnNwuMs4PZziQExV5CUf2a+r60slP5RUayf6d1n6zruuklMdDSgt7OeOUGKxQxADDXY9lIbbAcA6dPphM2EK6e+9R140OqBCw86O6D8hNWHNTM+Q+pPKvm0lFTj+cCMKHVXa0UJyZAPzRKCReCE20PaMeE380dlraxuXvYFV1fW27o6KlDvQuVa64dSXF2qGAAHjAKrCD2L2aKae3UQ1SvYcegVVXdX2+NmIdTnDbATaToq9XBvjTzbu5DlorX8M6CECWueJHHkAKZJ9sTFHqK6VzsUkZajUnT99usoMhdvznOAvUqPpqy20h8FIwu9XDKnBjGfRG0fYK28IisweeUPw1e6UOrSCBvkrR0fSNrogCGZx7LRuPlP2VfPXU9IT4rwM+6pPIMpyl2DZR01OC2GMNH2TfD1HynA9lV1/WNBTOdFCwzO4wFRz3rqS6Yht9MaaLnIGD+qsFxbNdMYacap5Az7rP3HrG10xc2mc6eRu2GhQIOnLhWHXdLhO4ckeIVYNj6bskWpwjLu52yVAoxbK0XHqq8xgRwspojyWjchFpulY2yfMXGZzz6HKi3L4g0VJ/LooskcYWYuHWN6uBcPmNAf6dkzGRsa2zevqLLbGhpdGB9gqis66oad5bSMccfksC+aeTHjTFx+6Y7zEYwT6Kx6hg0Vd1fcqmTWyTAPAVJV1VTUOLppnEn1KJSWq4VePCgytBRdEzz6X1r2tB7BVJZLc4w7Mj4ZldpHmJ/NWND01W1RBbH5T7LbUnTFvoDrYxr3H1CsI42xjDQB9ksB3Z6MvQdJQx4dUsy4K6ZQQUzQIYwMKwc3PKjVdVT0u87w0c7lGBunYA0FLQcZWavXxEs1vLmUxdUSDbDVnKnq3rTqUtgtduNPF2kxjKpvA2vTyfLeD0CsqoKKB009RFGB/WcLHXn4n2Kkd4VDP84/OMQngqub8Oauvd811HdZZnOGSwHj81aUNj6asoa6GjZraMBzhkqk8jcVw/uUr+ouuL3mChoHU8buHu7rtN0LV1EYk6jus0z3b6Wu4WlNwA8sEZaO2EF755PNK8ke6IjsfpYB2+z2S1xhkcLQ7+rG5Up1c2LAjaB6bKvlmjaRrfk+26fHFUVGkMjJB3BULcv2OqbhO8aS/Y+6iN1ybai5W9P0+6Yh1RtjsralslPDjAyR7KASsSMzT2upkP0bFWtHYAPNOFfspmtGGtXXMDRlxwFBbnkrobfTw/RGM/ZE+XLiDpSqbhTQD+8yVV1F9fJljHZAUJ9zLGSWngHneBjsoFZdw0aacqqqql1QcucdkAP1bKBKPOQ01dNIcu3UM5cSUQ7oUpB2UGKKQiRg7hBPKWT6pigQUkY5QySuZPqmKBndR9VxJc1t9VCDyRjlBPJSyfUoahB6SZkLhIwoQdq91wuyMZQyd9iml23KoYoZHF2/KE52WkagU0u32TN/6irGKsTnHJwU1JJQIanJImpvqoQFnHZdc9gHH7pkkjeAMKNJJ3ULxkI6XGdkB0hOQmk43O+VxxyFAoxYJxycri6QcpYKgZxJJJQgkkl3GVCHF0NJTo2anYUtrGsAOlQgBkByCRhSA8MGBumvdq8oGMIPmG5VNpAyjuPsLrC0yNia9gw+DBz64Wn6Avor7e2mkfl8YxuVYXq2MmBcWgh+32XndoqJemupDC92IpHbL8WM/fzxOJ7EnN4UemnbUQtlacgjKkhpwEtnPtjteGZjrG2vlgjudMCJqZweCOcBFs9xZcqNk7djgBw9CtA5rXtLXtBBGCCsOyGXpjqN8cjj8nXuJjHZpPZQKHKNNOM4+yivbnLT3U52lw9dlEe30Chb4LKwVZfE6jkPmiOW/wDKrZZu2TtpqwF2+sacrScqGW1fdkSSSSgoYkSBucDA5SSREPGrXK74afFqewyDw7R1PmopWN/uopyfob98kf8A3NevtkyAsV8YejJerekXm37XO2PFXROHIe3/AOYFK+G3VkfWHTFNcXENqmNENUzu2VuzsjtujKZrgcqj6hM1rno+pqIfzaB5bK0cyQuwHNPqrqPumT08U4xIMj0WyifxyyZralPg+ZP7dfwXt3XvRdN8Yen6TXXWmEPqGs3Mtv2OSedUTgTjHpwvz6opwJTCcZav2D6bljtdfUdEV0TJKOcPNGHjIDHcx+hz/ovzP/tV/BWp+C/xLnhoKd7bHdCau1y9vC2zEf8AFGOd19O+k/KyrkqG+PR8t+rfE7o/JWufZhadzhjfcKbA/LcEcqutVRHU0YIBMrTh5U+I+bOOF9UhONkd0T5LdFwltOSM0EOA4Uyjl1EDKZIwPbsOyjU5MM+Xdkcexf5IvB9K4z6hlMjeH4I90YcrRHoS+Ag4SSHCSIBCRchI8LqgEpYEkukYXMFECJJLBSwVCHSAhnlPSUIJJJJQgkkklCCTE9MUIPSSSQBggcJicmqNJlsBURB437IlgvdR01dI7hCSNOxAP7pxGVGlgDjsFh1mmhfDa0b/ABnkbfF6hX1dn1NYL1BfrdBd6YjzbHB7hRutrKKuFt0phpIHmwO68R+FfXU3TV0/htVU4gmdjQ4ZBH/ylfS9DLDVUoLdLmuGfUEELxt8J6ebUkfo3w3kavMaZX19+/8AJ53bJGVVH/D6mQa2/S8/5KDcLe0RkPbqa7ZXXUljNsr/AJqlBbG85I7ApzBFW02JANWPTlDC9+jpanTfLHaeG9adIM8V9VRx6XckDusAGuY4tcMFpwQvo272tjtUbmZ9F5B1h0xPQVD6yGPVE45IHZdzQ6zMdtjPlf1L9OylP5aShoKowuBduAraRjayMPjI3/ZZzUfsrG114gk0SHLTwu3CxNZR821FLq5AVUEkL8OCAXe3C09VSR1cecDcZBVBUUxgeQdgE1PJnrs3cMNarm6lm0u+ly0FdSxVkAlaNyMghZQQ5BPorOx3jQ40dQctOzc9ke/aS2uKzOJHc0tcWkbhXHTl7dbKxrpCdB2z6LtfbBM0zQjflUrtbHFmncJ8ZGOyPyx2M95stzZcqYPa8OwOVaLx3ojqV9uqjBO/MbhgAleuU0jZo2yMOWuAIWmEsnC1FEqJYkSwcp6EzhFTWZGPTk1OURQiMrmn3XUleCmdaiILuQcpzTjkqC2FSXMhdUIOSSSUINTEVNUINcM9+Fkuu+mW3m2vqKeMfMRDIwN3LYphZsd8pEo5HVWSrmpI+Z3t2IJ3Gyq7hT62k439V6X8Tem226ubcqSLTFP9f/N6rBSMzvjdZLK9x6zTaiMopplA9hadJ2IQGu8KQPI4KsbhAQTM0c9lXuBfjZY5LazqRlvjg1Ntqm1kQc1245CmNAcCMrIUVVLRyh7HYHcLU08wkjbK3cOGVpreUZba9vKGTx5OUJknYhS3DIUV0RyTxlGIHOaHcotDWPoKptQw5DeR6hCHdBcC049VQE4Kawz27py6x1lNFPG7yvaD9l3r3pyTqOyiamc1tTRu8WM93Y4C8/6Gv3ykpoJX+U+ZhJ49l67bals8YaTlrhhMR57Ux/iWqSI9jdT/ABo+FNTZ3zZvVEWND3/T4gz4bnemSCPzK9B/s/ddydQ9PydMXd5beunsUlUwn62DZrh68Y/NeKR183wy+I0V4fn+E3VwirAOAM/9ckLW9WaPhP8AES0fFW0s/wDc1xa2nugYfKXO+qT8zl35prWY7/fsK6qFsHQuVJZj/n9H021y7UBszNGN+QfQqvo6+C400NZTPD4pmCRjmnILSMgqbE/2/dGmmeVcXF4YW2173Tvt9R9cYy0nuFcKgucL5acVFOw+PFu3TsT7Kws90iulEyeE5e3ySt7teOQp2UT09R0VRog9JJJAQeD2RARhCXRyoQKkuAjG5SyFCHU5NTlCCSSSUIJJJJQgkkklCHc4XEklCCQ3xRVILJYwQfUIiQGFCFJNSz22bxIC4s7tzn9EDqPp2ydd2Oa0XemZLHK0jcbtPqPQrQktI33UB9IIpzNA7SHblvbKhabi8o+X6iHqf4CdRihrnS1dgqJMU9QQQAPQ+i966a6gob7QxVtHO2QPAOx4V9eLHaOq7ZUWO+UjZqaobhw7gjgg9juvnS6WTq34A34zNEtd0tNIGsqt8RE/gPPChs41K/Ul/wCZ9HwvxyMowOVmOmepqLqG2RXChmbI1wBODwcLQRS6gCRyoZWscMmOHB9EKrpoLlA6CdoI7OIyWn1C6x/su+IWYAChRVRPlpJBSVQOBsyTs9TmOHCNNTxVkPhyDY8eyq2eLQzfL1JOk/Q/sVCFoN0k1pwBlOzlQgYco7dOATjP3UddyUZAVxtUdbiWMiOZvDh3+6hMn05p6gaJW7HPf3Vux2M7KPcbc2taHNIbI3gqdEIut3Odk0k5zlR4ah7XGiqxplZ+/uEbjZWiB2OJGD2WJ+IPQdRdizqTpSdtu6io8viqcYbM3/u5D3b7Lax90QuGMEqmMrtnVLfB8ngN9tFn+LVnqLXdaFlr6htjS2ogcPNA/wDqb/U12OfZeO9P3679AXb5C7xulpo5HRyMPYbbr6m676DN1lj6h6flFFfKQEwVIGTL/wDQpf6mO/bC8n6ksNu+JlFUMNG219U28Fk1K7nX2I4y04O/b3WXVVRthtaPffTH1BLRXKUJYb7RZNMVbBDfrFVAuxqDm8/Yq6iFF1XbRLG9ra+IZkjA3B/1XhnRfUl36BvMtqu20IeGSx5yG+/2XrkjGWuopuqbFUamuPnYB5Hf8w7915LUaWdT5P0/9NfUFXkakk+Q1HcZJXutlxw4jIYe4IXn3xH6HpazNZSxaJfxEDn8l6reLPT9WWpnUNlhAqo9ntB/ux2Hv91Q0M7Lmx9ruDQ2rZ5WtI3cs0eGestcNVH45o+T7xaTFNIGN0uYSHBUUsXYr6A+InQbI5DVQRaHk4IA5Xil5t/gznylpBII905Hzby/i5aW5r0U7WaTkFTaObQcFRSMHCTTgq92DhyjsZav0yt29FCmi8M8I1JN+E90aeIOZkDOUTe4LG5FW5FppzA/WBnCbK0h2E0DCRLGC4NxeTbW+Vs1K2Rp1ahz6IhbnKounq0scaZ7vLyCVocgjISGj0WktVkMeyK9nso0sWBkBWDm+6C9m23Ko0bSuczfcIRGFMeBvsorhvuoKnDHQFzMjGVCnhyrEeiBURk8fqoYrobiqcCxyI2UkbhPmZjtwgNdvjChz5R2nJM5BCnW6tIxEVEcNQQo8xPBKMH5JVNSRqGyA98qVGc42VHQ1AfjUVcxyAtAUOtTfGyKaJGxGU1hc1xOE1rgTsUTAIS2b65FrbK3U/Q8gYVtIGvaMLJCQxHIK0dvqxNCGk7pbOjVPKwxE+C9TaafUMYyo1VH5cgIdFN4b8OVM2Vy2ywXFO8xytOdla6myszsqbVqaHDspVLUkEA8LPZHJ0qrMPBIOY5AB3WlstZ4oEBIzss88CRuQES21ToaoajgBIaOjVZk11dRtcw9/wA1m6mnLH8Y3Wrp9NVBrzyFBr6Bug5bzwfdJlFM3KO5ZKGHB8rgh1EQG4RXxuY7BXGu1eUhBnBWzJXPjDsgjCr6qnxkgK6ngyQ4BRXs5BCAXOOCmGWHBCsLfWGN+obYQainLuAhxsLDnj2SmioScGb+zXkksngk0yNxkL1Xpu/w3qm+WqXDxGjAK+eaCskhkEkbseoW7sV6kpXR1ML8HYkArFqKs8nU0+owevxRPpZw6J+Bn9VeQyB4BB5WdtVzpr1RNkjcBK0Zc3urCjrGwu0yFca+s6cbUy5G6ehxuD2gjuiAZOFhlHAaeRnbCH4eDqwpHhbe6GgIPp6p8bh6eisY52vx7qocwnhFhcWkEnZLayLayXLCCNii5Hqq6GdoxkqQ2UOwkTWBbTDjlEBGEFpyMp2SlC8MKkmJKFD0lzISyFCHUkklCHCA4YcMgqpYH22rMTzmOU5afT2Vuolxp/mKc6R5meZpRttkJjTtuURVlDWGeJoIw5vlKns45UAaydSSSVEGpJJIpdEHEZWe6ioPD0XOnZ54ziTA5atCmyNa8aXbg7FHW8MJMzlJM2piD2+i6+PA4UBxdZrpJTvBMEmXRu9vRWbn6wuhVIaU16t0VypH0coBEgwvnLq6zT2G5S072HRrODjbC+m5GZPC85+JPTn8TpJXBoJZuDhdXS2uEjNqKVZE8LLg9Cc5zOEWqpZqKUxSjjhCc3xGcLvQkrEcSVWxnp3w46vi0i3VUhDhsDleoUtW5zx6L5ht1c+21rahmSAQvcek+pobtSRtlGiQDHPKz305OvodR/Sz0OJ+pmpEVFSXLwZNDnFzSrxuCMg7Hhc+dbTO1GeR6SQSSjSNSSSULOHhCPCKeEJQVYsgHA7qO9gcSCFMcPUIDhnIWmieDLdDcjD9WWf52Gelkjy17Tp9ivmC8Us3S/UckD2lscjzj2K+x66ATAeUHuvBvjZ0kJ6WS608OHwnVsOV63xPkZVSUUfOPrLxH8jTfMlyjN0lQJ4GSDfIRzxnGVmOk7l40IgedxsVqoXNJwe+y+jVWK6tSR8kWVwXFguj45GtLsFh9V7HYK9tbSsfq8wABXg2owTENHC9Q6OuoMEYL87AFYtXVlZPZ/Tev2z2TZ6A17qepbUdnHSVoInB7dY4KzsMjKqEt74Vlapy6MwPPmavOamCPqujvUsIsuDn1XQUiMrjVgkkdWPYaM+qWR6ocfC6OVncVk0IIuHhIEY3KRIwlFgnOOSM7ISI45OQhokQHJ9QTmkaOQmy8hCGQSMoyn0OJOUNPTEYga8Hss11jbDW28z0+1TSjx48c5C054KhVEert7cqGea3RZU9NXdl5tcVSCNYaGv/AOYcq7j7rz6ySnpnqWazny01WS+BvYE8hb2OUjkJkCUWbobWP1eyYDhOTEwbu2sSSSSgaeRkgy0j1BVTTO1R47sJaVcHkKmjaYqqeM8OeXj80Bnn6JI4SPCQ4SPCMACScri6eVxWiMR4VbV/U4qfICcKHVxkxOwd0xGa3siE+iZnKcCCAQmHZOMVhWz/AMqtYTw92EafDWl3old2eWKUDBaQ8oBPiN1FXDPsyyeBxw6IjG5UWVuWkBSGeiG5MEy6ID2Bm2EWlIMJjJXagA/og0R0VAydkVbMdqM91xBqsszQ3JH/AEXiDWFriHDfK9/6thBppgW5Bz/kvBqxmmsmAGwK7+glxg+I/wDiPp9uphb+0KJV0ZzX49lPpyNGfYqup2n51ziurN5SPl8eGy1aitQmorVGKHu/0Krbof5BVkTn9FXXIaoceqXMOJ2iGmk39FX17wPzVjkR0gDNjhUdxeS4NylTltQ6lZkV1SAXEqM0ebZFeSSVyFh1cJC+5nUi+MEynjwBlWMDA8AKHEzbAVnRRkcDK3UrBnmywieyKHDW6cKlrZi6QjOVY1MgDNLdlUzYcT7J03jBSlkjk55Q9IznG6c7Ypw3Shh1oyVKYzOMJkUOcZClRNVpZNlccLISFnsrWlgwAdP7qNSwZIJarSIBmkYWuuOCp2KPQaLDWgacIdVLkYCe97Q3YdlBfJkrbCOEYNRfmODn1Ekpx7JN3TXnCec2T39nScKNUTYHphOmlws/ebsHu+Upnb/icsuqt2xGUVysniIK63Z9Q401O/GOSgU9OGgPdyh09PganDcqU4gNA9FynNy5Z0VHZwhkrw3shmXI3THu8yFI/cYSJNdDVyE57p8bccjKZG0nBUtjAByokVKSQNg90OpcGgDIRnOY0HfsqirqC92AlWz2rAdcW3kZUPLnbFNY0khcHmKl0zMkbLJ+bHSaggtPBnGytIosNGBwo9OzHAUxxAjA9k6C2mK2eWNOPVB8y7k6uUVrcpre7gFvANjSThPig3zjGVKZACM6UWNgadmolAXO3AyKARgbKQyMtIOE9kerlv7qQwMYONwnxjgzzmzkcQAG2Me66myyHIaBhcEbnfmjSyLOF5JwBynxRF5BT2Q7gYU6nhDACQnRhwNpqd0tqH0FM1hL3jGBsm1tWxg0499l2pqPCjOgb4Uemo5ZX+LIcl3HsrOwqtn+jT/1OU0DqoCQjCuaWmETQAEqWmbEzTpU2GAjcjlQ62n0ka+QYjOd0dkYG+FJZEO4SdpYPRKOiuFyB8rRxx7oNRO1zQ0Y2TKioaPK0dlBLnOdnOyvAuVq6Q551PyVMp4wcKJGCeFYQAAD1SZywaNPF5ySaeHA0452XpHT1sitluiGjzvGorIdLW0XG4s1D+XD53e638rmg6QPK0YAXPuty8I9p4nTL/cHl3fKCXbHB3THE55TMn1WOcsnqI47OknPKDI7ZEzhDJDhjPKqL3FzngC4F5yOFW11X4O2QrV+mClJO+gLI19QZ5S4HAPC30155OTr9VGmvkjy6qupcQ4gDl3oFIa5rG6GgBoH6oMZDGklRJ6jBwF16KPZ8z8v5euiMpJ8h6yrLWaWY322Va5xG/Psnl4dy4fmrfpvpit6mrflIAWxtx4k+nLG54/yK6VeK0fM/JeSlqHumQrLY7n1JWtorbBqII1O7NB7le6dKdJW3oam8N4DpHjU+Zw8xP8A09ke0Wi19IW5tJQtbhu5cfqe5HjdV3B3zFU3S130tQWWZ6PLajUb5Y9HSx9zqHSA6YP/AL5WVNA2PDWN4Q4odDWhrcfZXNHQPGl7hjP7LLJswSkl0DgpnEDDSrCKFrGjPKK1scbcad0B78nA7JbyxMpNhdgNkMlNL/VDMrRuUDTKCnYZUaaqDRg4Qqmux5Yyq2WoJd5kWMBkqebWVGM+nfGwQpptIGdsrFX3qp81T/CrO8unGdZP0g/dHFZNFdErPxLXqPqiCmYYo3cbHB3J9Fj2fOXSodLNqa3sD2CnUlgmY4V92ka97jnY7IFVd5WTGG3QiRg2yU3Yez8H9O2amSk0FxT0PmneATwCq2ruksz3eCPIDgkpSwue41Fe8OJGcZ2ARbN0/XdS1IbRwmGlBw9xP1H1S5y2LJ9M0Whr0CTS69kCGnqbrMIqRjppCcHHZbux9J01sp2S1cTJJyPMSMgK0pqOzdJUQ1AeJj6sbuWer73c7q9zacuZATwFjebpYRsv1EVD5bZJVos7peaeJ5jjJe4eizlbc6iqZoJ0j2XHgx5DzqcR67p1BbaqpxM5nhg+q30aeMFukfPPM/WEnJ06JYX7I8cD3EeQlToKDg8K0ht7WtAxnCkxwN2BACdLC6PB6nUz1E3ObyyDBRAYyOFIipwXBrRurKntks/923IK1tm6LBLKmTA74IWeyzBhc8GZt1hqJy3yEfktdbemWxaXyRjhaWO3U8GC1gzj0RdOAkfM28C5yyQYaOGnbpjbhHa3Tydk6SZjPqOEB8ksm0byzPdW22hLfI+pq6anjL5HnI4GNyquSqudcMUNOImn8Ug3CsBQROIlmJkf/iOyMxwGwGAlsoraWwU5/m3Bzp5DzqO36KxLIY2iGFoa0dglK/TjHdAldvl22PVRECPeGbDByhg5O5VPX9RUUQdDA50szdi1qrHHqO6s8Kmh8Jr/AMX4gEbf7CLi5dQ2+iLg+UEt7A8rM3DrSvrf93s9A7fl0g2/JX1B0FHIWT1z9UhHm91pLf05brexvhwNefUhXvjHoJPB5Wzp3qrqGbTVue5v3wAtLZfhRS05E1e5hdj6cZW/bGGfTgfYYRGpbtzwRlXbel7JbgDBRRlw7lqsmRRs2ja1v2CIO6Yo5OSAbHHGFGcSTv2RTnjKY5wIwCgisMo64jBGUA8rrjg8oaYuCHclLV7rhBxwhPkjj/vZNP3VNkCpb4zjhUdd1TQ0pcyAOmdx5VWS13VV0Y5tDTmmi/rf3UyEaae5UVIf96nbH9yqCu+IlkpZDFRxz1cmcARtzuoUPSM9Vpddah8z+SSThW1PabbQACCmjDhtnSMqskM7L1H1vepXMoqCOkjP4pW74UZ/S15uAxe7pK5rt3Na4gLZE9wEKQukIGCMIoxyWZ6Ppa0wsDRStc78TjuSp0NJDDGGsia0DjAU57qeEHxZBkdlXz3BrP7mJzyeNtlZW7J3wsuwG5SdG2MZe4ADnfhQJK27yH+RE2MfZR3WeSd2uurJHB25a04TA0+B9f1BaaIlpqNRHYd1S1XVVynd4drt7yOzy3KvoLLaI36jTNe71durGOKKFobDC1o9gjJnBiX0PV95DWyvEbHb4GxUmi+HtTM8fPPy0d3ElbimgmlwYoyQrJluqi3zNwoE5ZMzRdF2akw1zNR91dspqSBrY4IY26dtgFKNLSsy6qkx7ZUWe42alaXRl0jvQKAuWVgNG134Wpxc9ozKA0fdUdR1NM0EUsen7qomulfWEgzYBPol7cgo1VVd6CmafFmGcKhr+rIo2n5MF7s8KuFsq6p2X5+5UllkghaJJyBjn3VhOJEnv98uLBG1rYw7uwYKZHYq2tAdVyyOb7kqbLfLNaojpcHEchZ+49eVNSDBQgxxjjKZBDI1tmhjttptsfiVDWFw9VX3PrOgtw0UbdRHACxFXcKurcXTTvJP+JQ2xue7790aWR0K17Le7db3i4EiNzYGn+jYlUEslRVnVLM9x75KO+nII23KlUdnqal2NOxRYSH4hHoqHREnZu6LT0VXPIGti5W1tfSgID5I8jvlaGls9DTAOjhGr3GUMpY4QErIx4iYi29H1VWQakBjR6rRUXSNspCHuYHuHqFfNj3OAn4xuRgeqETKyb9kOGnigAETGtA9BhH2DSCf1Krrn1JZrVqFVVgEcD1WUuPxHkMhZabd4/oXHH+iskYSmbl4AcdRws7dutbJa/Ea6p1OZwB3KyM9H1v1IzxKlz4onn6B6K2tXw6pISya5Pa9wA8vooMVcYfkyruHxHvFXH4dkpfDeeHyMz+yr6XpnqbqCY1V6uUumTdzdRAHsFvzQWK2nVT07XP444UOorpdxB5AoMUoL8UVVF0b09afPM0yu/x7qVLdBTtENvpQGjbIAUaaU6tc0h/NR/4jCwFkAL3+gUI3u7DzzXGtwJJdA9Byo9QKKk/m1Dx4jtsZyUSG33+5EaGthiPLs+b8lc0PSNHERLU/zH+pOSqwRyjDszLKqqqnFlupZAfVwwFNpemLpcHD5+tLI+dLdls4LbBA3TDEB+SNHRPJxhWIlc3+JQQdN0NORobq+6nwWxsHma3k5VkWU9P5ppQ0BQ6/qO3U7AIfO4bYxlQicmFZAHAgjGEGSampwfEeAR7qgrup6mduhjGxNPdvKp3zPkzqe479yoNUM9mkreoYafLYnBUdTeqmqJGcDKgOwTknKYH47KDFAO+UuyXbqPqxnAxlIvx2TDI1QLajupx5K7keqHrb6oZdkclQsOXN9QoxJJTSd+VxQgklzISyFCDUlwuAOCVxzgRgFQMYm5KR5TFCBCRjlDPK5q901QZs4ydyVzJTAMJpIcCAVEslxiOJHchMcTwmnY4zyug47InHHIz/AAN/NPHC55VxU3kYdcR6pAgcHKZk+qaSByVE8EHF47IL35CTpAAVFMhyf+qsnZ17nOdym4zzukB7pKDVE5p911NSUIOwFwgYXVw8KFgTylgruMuR2sGACEIBHDSUZkeOQiiNoxgLmrAOGqEOMboTy7I2KBJWQR5EjwMLO3XqeKlk8KJ2fzS5WJDYUym+C9qq+GmaS9wyB6rNXPqWSRphhd+6z9wudTVSlxecHtlRmlx7fukOzPR0KtNFfkfrNOwPGlwyF591tY3F3zkQw6M6gfZejFpKrrrbRW07maRkjC/GkT9wQnhlB0BfhXUgppT549itw0tI5C8ephL0zf8AckRyPwfRepUVQ2eJkzDqa8ZCgOoipvciw0qi6osbrvby2I4miOuM+4V4zONwuubqGMqGWM9vBjumbq6sp/An2mg8kg75G2Vbys1jZZ2/QP6evYu0LS2mnAZK3G2c7rR08sc0TJoiCx7Q5pHoVBnZClaY3cLRW2pFTTNyfMzYqpmhDxsFy2VBpKvQ84a/YqATjuNEkkkhMzEkkkiKOYHJXjXhyfC/4mOO4s3VEvlbw2Ko3yc+69mWS+I/Sf8AtZ09JSxeWqpz49PIOWPG+QmMho2b8bonZYb4W9UOvlm/h1edNztv8irYedQ2J/ZbzwxzhMyBNPoznWXTtZebaKu1+WuoXCWF4OCD7H8l5v8AGPoWyf2l/hHV0dTHJHfqHz0pHlMNeGk/m1439uF7Yw6eV5P1l4nw36od1XRMLbZcWeBXxjbUDxpPZw+vHfD13fF6nEopfknlHF8hpIXx2yR+VwF16ZutRb7pSPgmp3Pp6unO7muBx+xytBEcOyOF9Lf22fgjS1csnxq6S1Pgka3+KNgH96zHlqcfYb/luvlezVwqYTE8+eMYznkdivs3gfIfPWk2fDvqLxv8Sx8F/E4Y3UaoBbJ4jRgFOicPVFmYHx47lepTweR9haKfOAVYtwcEFUMDiyUMPdW8B2GDwjjLIqyOCWOElxpyF1PBHoqEiqChImhvohoyIg3Q30S0N9E5JQFSBYKYpCZjKhFIYkkkoENSTklCAkk9JQgxOG6akqayQYkkkqGjUzGVIQkloEgTtdDKyri2dG4OBXuvwi64+ajZS1D8u0hu5324/wA14pIwOG+6dZrjPY7jFWxZLGnDwPT1XH8po5XV7o+j2v0b59+L1aqtf2S4/wAH2HdrfHc7c4MaCdOoFYU08tHL4b24Le+FZ/DTrKK9UrYXzNkGkEZ5V71PbGRltVC0aTyvG5cXhn6HpaurUjJ1VMythywecbkLH3u1wzRPZJGCDkELeQsDJC1wxkbKFcrYycF7GDV3HqmwscWY9ZoYXR2s+aupLDLa53uDDoe46duAqENc04dsR2XvvUnT7aynLWsGppzuF411BZaq3VTy+PDDwQF6PRa5SxBnx/6n8BKlu2CH2e4Pz8tM/LR9JUuupmTRHTyVnad5Y8OV7R1Yc0NcV34ywsHzedbrlkq3wugcGnuhVFLj+fAfMOQFeVFLHMw7fY+iq3QljtJOMd0SYULM8MtOn7613+6VZ34DipN0tWxqIW5B3OFmKmnfC4VMQ4OSFp+nry24xGkmPmaNsndHGQmyG1/JEpQHwv1syML0XoHqqaR4t9TJkAeXKyNxo/xAD8lWNqZ6CobLC4te07ELRCeGJtUNTHbJH0PHKM8cqQ1wcMrE9F9URXenbT1En85gx91r2OwMLXF5R5y6l1yaJWQnoAJyiDhF0JHpJJKyCTU5NVMA60n1RWoQ7p7ZN8YVogZJcDsrqgIkkklCDV1q4utVS6IiDdbXSXSkfR1cYex4PI4PqF4J1JZZbFdJKCXJx5mnHY8L6JcMhYX4k9NC52z+IwRjx6UkuIG5Z3SJRyjpaLUfHJRZ4pNCJGFpHKqKiIwSadOy0DhvpOxHIUOupvFjwBusFtbbPV1TwijeOMKfaK98Mngvf5HeqhFmk4Oya4EYIOCkRbizVKKsibJo9Ex7AFDtNyZPEIZDiRoxv3Vg7B7rSpccnPlHa8Ec7IUgy1SDymIwSJ4joSHM2I4K9W+H3U7a+EUsrsSxNAdk8+68snGDxlHtNzltFaydhIjOzyPRTKRl1WlhqINSPe+qrJF1PYZqDyiZ7RoeezhwmfDK5UnX/R9x+F3VMmKikj8E6xk+E36XY/wOx+vZP6fvUVXC1hcHO0gk55Wd6ohq+jOrKb4gW5jnNBPzrG/jZsP/AL3A/JPjL0cZQwv464a5i/7o9L/s8dTVtvbcPhX1C8tuHTrxHC1x3dCdx99yePZe4skbzkei+cviTJNTVlj+NnSMWs04iNTod/exO23755b+/svcbLd6fqCwUPUFufqp6prZ24OdiOFaWyTj/wDvg5XkIfLJXr32v0/f/c1DHEAY2Kp6urk6Yu7bzG0CirXNjqwNmxv8oEnsOcn7KbHO2RokYdvRGmbTXOjkoahgdFKC14IyiZzC31Dn1T1j+lq+Sy3CToq7yPEseH250vMtMc4x6uGP3C14AGcH9VSeSDhyngjCjkaTjKJkqgQqS41dUIdyV0E5TV0cqECDhdXAey6oQSSSShBJJJKEHJJqShBJJJKEEuHhdXDwoQYScpp3XTyuKEGtGHZC5XUVJdrdParhTMnpalhZLG4ZDh6FPT843UIng+dOpenLz8BLo6+WJktT0zNJmVoJ104J4B9F6x0r1bb+prXFcrdM2WN4BJaeD7+i1VXHDXxGmqGaozyPVeBdU9D9Q/B67zdV9JMfVdPyPDqqkbnEWecf4fUKG5talfqX/qe6wzh47I+rUsb0d1paerbfHcbbKMOHmjLvMx3oVrI3Z2Khkaw8MktzqGDhOqIIqqLw5R9j3CaxuRyuyA7bqFFeHTUrvAmOQPpcpLXbJ8sbZW6X7+iiNcY3eG/8sqELBrvZPHKjMfnOyM13sj6IHBGEsj1Q8lLJ9VeSA66iZWtyQBIBs/uqmCZ8cppKsaZR9Ljw4K9ao1db46xn9Lx9LvRQgFhGCMpjs5zlRIpJaaQ01XkOGzXdipYOVCCLdWMnjdYbr7ow1rmdU2HFPeaIbObt4zO7HeuVukx4DvdVKOQ67JUy3w7PmXrbpij67oRX0NOKa90jtUsZ28Qt7FUPwq61mtT29NX5jmwSEsIfvoXu3XfRIJdfLThkrR/Oia3PiD2914J8Rem/HH+0VE0x1EZAm0j6vf7rBqtN80dp9R+kfqizSzUlI9WpZ5eir0aiFpkpZSNbM+UhTOuumm1UberOmjr15cQzY4GN/wB1hPhd1nB1ZY/9mL5K11XTg/LE/UfXf22/VbbpC+my1cvSVxeTTSHAL+Gry2o07pntP0z4rycddSrV2VDPC6ptxpptLauH6g4bu/8AVeMdb9Ey080rJYNOXEtcBwvZusLRN0rfzcrcCxkpDsdiPQoF7paTqi1vrKYAPaMPZ3aUo36imvWQ2y7Pkq626ShmLXsx7qAd16n1Z0vIx7/EjyOxwvNKymNNM6M9imHz7yOilpp7ZAIpTHICFbRETMGDlUxOVMtlV4Uga/hEmc9L0Fqqcs8xaojW5OFeTRieIlrcnsqiSN8TsOCXNexm0dE7wHNkxwthQubU07JWnILc/ZY9x2wrnpmv0F1O87E7JLRv0FirniReFmPZCe3blT3R4xgID4s9kpnfxnorZmYyQVDkbgq1ljPooMsZB4QN4FzgRQcpj26hhHxhDduMZUMc4kCoj2yBlQHN0khWzo8gnCg1LMcBGc6+sBGfVMl23S3Dk/GQjMM0Dp6h0cjcjCvqWq8VgA39VnpY+/on0NdLDK1gOx7qBae5VvDNXFJp35ypQeHBVkT9XJypcT8EZQHbqsyshCwnlTaCodTv1E5HoozXNIxjhca45zhAb6rGmauBzauAvyFDfG6J+QFHtdb4WGE7FWM+JmDS1Q6MJbuQtJUsHle4DKsIyAA5vCzbnGOQNKvqCcSxtYOQlTjuN1Nnos6WXX5SiSwvjd4wGR/kobCYZ84+lXEbm1EWrGCs04ZOrRZhclpYbsw4pZfK48E8LQVEIczHqFhmH5eQPYMEHK19sq21dM0uf5uFlmsHUpsKyvod9mqsdGWnB2WsnpvEAeBthUtdQkangcpUlkfNL0VgAcMFAmpsb4RjGWblGAyMKhaWSpkhGDkKBLCCchXk8Wd2hV74zkoAZQIDAYznhWNDcJKd4c3juPVQ54jyAgslMbsEfmhsgpIqEnFnpfTXUklJIyaGTAzu3PC9To6mnu1KKiBw8TGXAL5wo699M8PYcevut50Z1oaKqax0hDTyCubdR+joVXntFqrHg/LTO2/Dnt7K3Dw7fIWViqorhGyvoTlp3OPVW1DXsmdodlr/AEK5Woq28HRrllFtqOMZ2XFwcLqwMacxlcGR2T2fUEUBoGEJAILwRk4UqF5OASguYE1rixwOM/mpKG4DCLNu7chE1eygMqcYBCmAnAIWayv9C2ESSSScMA7kroJympKZIFB23KWR6oeSlk+qgATIT9jzuFHaTqG5RQRjco0RrJWzR/JXBrx/dyH91YMdqHKHWU/zEJb+IbgqLQTPLjDId27KERZpJgOQuq8lYEkkkhLEuHcYXUlaeHkhUX22/P0bmMA8Ru7T6FU9nrDUweDIMSw+Rw+2y1jmg4WUu1FNabh/EKdhdDKfOB2PqtVdmOA0yY9uQq2vomVEEjS3JI49QrRjw9gkbw4ZTHsH6rpU24LayfP3xF6cZGHVNNFpLTkheet32K+jur7C2qilGnZwK+f73b3W6ulgcMDJwvQ6KzesHL1VLjLcisnhIb4gG3qtB0l1HNQyMjDgNJ3yqiF7ZafwSMk91XPe+jqdtsLc47jmu2VVinE+jqKcV9E2pgOS5oP29VLtV4mo5xFO4ujccbnheefDjqlkTo6WpOpjxjc8Lc11IdpY8Fh3BCxW1pHpNLqPljuNkyZsgDmkEeqIs7brkIYgyXJJVxT1OsDA+rhc+cNrOpXPJISSSSxoxdBx2XElBIOQcYQHj0Uo44KA7umw7AayRpW5GVkupbRHWQvjnjD2SgtxzjK2J83lIVfcKPUABuulpbXXLccvX6eFtTUkfHt4t8vR3VM1G5pEMjy6P0xlaalm1tZI05Dhlaf419Imqpv4lTx/zYTnI5wvPOmK/wCYp/Ae7zs2X0jwWtlfHbI+Def8c/H6ppLiXJqS4Sb6cn7q56ZujoagQudgZ2VHTv8ALpI5SjlNNVhwONOCu9dFSi0czSaiWmtU0e92epOhjnHkbq7ik8KdsjDseV5/0rdhMyMF+Q4Ac91t4iQBleY1dLi8M+w+J1kb4RaL+KcEZ23RwQVTUk+cBWEcgIG65NkcHraZ745JSSG1dWeSwbIMJkpZKYkgGCTE9MVMgwjKjyktk1DYHZSEyaFk0ZYR5jwUeRVjG5HqhGbBAwhRSEDw3/Uw6T7ohGVYrI7Iwo5+oohJwd1HdtnZUymzH9fUJ+X/AIrTNxPQjxgRyQOQrnp27x3m1U9cwgmRg1exwpFa3xCNlh+i5KiyX+59P1cv8rBnpW/4c8f5IlwzDl1Wf2Z6Ox2Qdk5R2vCeTq4KcjbPGOApIxyhnlc1e6arKbyOKrpWj57AGPIpx4Krq5xjkilA5dpP2KprIAccLh4XcY2XDwrAAnlDRDyhqEYjwo82CwgjlSDwfshHlGImslSAWjQeQnZwAuVDSJz6LrPpCYngxWrAKtjEtMcDcKshOqnHq04Vy4BwIPHdUbP5c0sJ75eE6MjFauQgdhcO4Q5CWyBuEWMA7Z3RPgBoizA/sosWz9yp049lWvIbO49ipF5ZiteA90hbUUb2uGSQf8l893ZpiulXCRjQ4r6GY7xGFhGcrwnrCmNPe6s6cai5dzQS9HyX/wAR9O5aSN/6ZR0xJpic+qBTN/mlyJR/9nIXKf63fddjOT43twTouEQ7pkaLp90Ypg1GqBk8ZUxR3jLkLKIlQdMOMqhrnan6Rvsru5PEceCeVmZnl0pJWW2WOjdp4+xmN8qTC0NxgboA3UuJiqBqlLAeI7jZW9KGiHV6qBTw6iNuFLkPhxBi21mayeWAq5MZCr3HY7p9VKS5R2OJQWdhwXAw5J4R4AdXC5pGeOVIhbg5xwqRqgssO0YAwOVJp2HOpDibuPLsFYU8YABWitGifCwiTTN4JClAgNyhRt09l17gG7dlurRjtmMmlI2UXOSVySQ6gMZTm7rSjm2ttndWk49UKom0gEBOldpCr6+o8GIyDfuqtujVHLBrr3vBBvVykjhEcRw522VT0kJcfFc3JPcrv8ysqNUpJGcqwcxoAwNguJZbKbbZ1YbaoJRQ0AMYoc1QdWkBHnmGNIChO3JJSZTGRWeWPc7A+65EC9wKHu4hS4IyNJSvyZUnwGijwOE9+AMZSOwGyh1kmAAib2oCMXJg6qU74cFAOScpznFzskokbNWDhZZy3s1LEUNiY4uGQrSkixvhCp4MjcKexoaMAKoxEWTyOY1rRhcdlJ2cjCfG31CelngQ3g5HEdtuVLij4dp/dcij23CltbsmxiJnMaGgDhFZGMasfuuxxg9uEThMTwZpyyNDgMgNXQTjlLGUWKBzzkhM/LgHIxkReQVI0BgC6MR9k6JpLgU6KS7KjGVslGISCLUQcbKS8DSGhca0NbhoTmsdqGyNSyel0umjVHHsHDAJH5cCcce6sYoQ3B04Shi2GGqdDDnAwiOpTQk8oZFGcAAKZDDjGydHTjbZKaVkLDkKn0bIxSWRSubE0kkDAVTU17H5Yw5Ta2vJJaFAYRr1JT7OdqdXz8cA3iPe4EojRtk8prS3G3KLAwl2VTeEXp5bpBqaPUcFSizTgN3J9FyGMBueFPsdDJXXCNjdwDkrLZPB6PSUbpqCNx0pbRbbWJHj+bP5ie+PRWsgzjC5qbGxsYGzQBhLxAW4XMm/ubPf6WmNNajEHIfD90tSaTkpj8H8WEvGTbk5JJq2ATBnBceAnaMd1EuldHQ0zg/6n8J1VTbM+pthVDdJlXfriXvFJE7GkZdg/sqd5wMkpj37ue45JOck8qJU1QccBd3R6VuSPmHnvPbIyaYSoqS0YbjhV75y76hhF8zyQN3HgLZdI9CicMut5aWxN4jI598rqzjGpYR8j1+vd2bJsidG9DVfUTm1soApBu7PdesUjbfZqKO3WqPJbw0KE+ufpba7HS6BGAMt2wPdXlrtbaRoqqvBkI5PZZ5T3HnLb5XdjKa2TTSNra05fyGdgFatGvAbv9kyHxri4w0ROh3L8LSWu2xUceCNTu5KVKRiskhlstOgCebG+4b6KdK5kLQA1cmqm07ckbngKCJnzO1O7lA2LCPe5/HCRyBnCe1mkZIwq6qryCWM44yoVgLNUYOBhQ558DGQo8k+o6nHCh1dTCRpLyCqwMjDcGmqG5zz6qBX3OlpY/FfKARwDtlVdTcpnzGCgifPJwGtClRdOUduiF/69q2aW7xUncemccqzoaTx9utlsqXJTF946wdIKUNioHbGYnd3/L6f6qJPX9M9HxNpom/MVLeWgYOfuVy/daV/UDv4fYaUUdE3iXgvBx2/9e6g0dopqbMukD1JHCmUuz6T4n6Xjp4J3pN/pdgi679QkT1mBE7fw0qk0toeYCHCVvLUaWatr5X26yt11HZ2ePyWstHRll6djbfOoS6V7hsZNwMf/KEE711E9V9tWK+v/wBVL/1KXp/oevvkhrr3H4cJO0Lh2+//AKLR3rqO2dOwG3WulibMBsQ0OwVX3zqqvvb3UlqgkawnGc8+6iR2m32G3GuvTm4Zuc74QRpla8yZi8l5enxVO7UyzP1BcgI4Lld83C61GnVy/TlCNxbLK2hsrg5rQRI/Hft/qkJbx1e8mEmloW+UjnX75/JX1vs9LbIGxsaC4cuxytKjGrpHy7y/n9V5Kb3v7f8Al9EK22DBFVWOy8q3cxobgAYXC/U7QDv6ZVjarBcLlJ4bIzjuUbmvZwJWZK6KMvOGjnYLT2To2qq2iSpaGN53WqtHSNFQsY6oDZHgceivWtaBhuwHGyTZdF8IRKxvgrqGw0FDEI44hkcnClhgjbgDAUjT7oUw2z6LM5bnyJcmwJGDjOUNPIwcFMOQM4yiiixpYO+EIxgHIGF2SQd3AY9SqWv6pt1K4wRSfMTj8EHmKvIJdOcWg7ZUKprqOijMlVO2No3OVTxt6rvzAaKI0ULuTKPN+iubf0TTjTLdZn1LxvgnbKHdFFFVPfn1TsWmCWoJ4c1uxRIemL7dX+LdaowRuH0NO/5rbUtFRUUYipaaONreMNRSM90uVmeizO0XSdroMFsTXO7kjc/mrqOKKJobHG1uPQIzm+6aRjukuUm+QgWkLq6dlxF0QakkkoQaCRwmZK5kIZkjbnLsYR4yQOh4c0ZJygTXBjAWxtLnY7KvdU3OY/yAWj3RkJ807QRrcG/dQ6q80dK3U2XxHdgzcoDbVLNl1TOXauQjwW2lpt2MBPrhTJCt/iN9ukmijgMEf/ePTf8AZuqnObncZZQeQ1yvgNIwOPRD1ZyFCEOmtNupWBkdOzbuRuU+Sqkb/Lh2aP0TpORugF8cf1cooxyQ475qTcPGEMvjZjxZMEJOfNJ/ccIbomAapjuiwQUlS3iLcqLL87UfVM+IdtKbU11JBsHjI7KC6trajy0sbjnvhQskOooWYdNKXY7nugyTUsbtLH5KNT2G5Vbg+olDQfZXVH07Q04D5fOcKLkp8Geb81LgUrc59lKpbLdJ3YqWhrD3K0ElRbaAaYQ0EKvqeo9tLZAjCTyEi6fp48OkkyQpRZaqVvnIOFnam81bzlh2+6rZKypm2fIcIymsmqquoqWnBFIzgYVNVdS1k40xu0hQWUzpRtn7osdAdXGPdQojyVNbU/XIT+aY2me/kYVmaaOFup5AA53UGqvlvpG/ySXvGxAUC2sLDbg7+82Hcoh/g9F5pJQCFnq3qiplboiboH3VLUVEtQSXvOT7okshqHJpK3qyNmY6RhAGwJKzlffrhVDQ+V2kngFQn55JTJXcbIthohEjz6pDlxz9ygNYPsiyB0jgG8qdRWOqq5GsLCGu74Q9DHJRK0MBOAc+ymUVrmqHYY0j8lr7b0UyGTxZXDAHcK5ioaakdmOJpKpywKnb+jL2rpYOkD6kasbjI4Wigoaak+iME+uEaeupqdp8Qhowqas6lo4hiDVI/PAQOTFuTZcg6QSB2UGa5U9MT40rR7ZVP83eLmMRs8JmPVdp+nIy7xKyYuJ3O5RAnazqxrXCOigkkeeA0ZVTVR9YXiTS6o8GN25wcLURUFBSgeBG3UBzhOblu+cIwjMQdCUpImucvjvO+DurSmsVpoHh0FIwu9SpFdcoIT5ncc7qmqb45x005/VQNbkX0lS+Bg8NwY0dgqqrvUO7A7J7qlnrauoPmmx7LlPQVFZM2ONmSeSRsoAFqLgARgZyoU09XLtTNyVo6PpR73B07g5o9leUlmoaUh0cILh3Kgx2bDIUXStxrgH17gInbkK8pOnbdQO1xxNJ43C0QYT5Gt7cBBfBBENc5049VAN85ENkOkYa3A9gieA5mCRjKj1nUVuoGgRnxHDsFm7h1FW1zzmUtaew2ULcXPs1dRcLZQw6pqjzjloVDX9Yue0xUEZYDy491n3z68l5LifU5UVzwM4CgyNeCZLXVFS4maUkntlRXAYPmCC6UtTHPz3UHxihzjzuhklNLgOShqDEkdL3HkoZ2XMhNyFAhxl7YQySVxDMw4woQfqPquZKad1xQgkkJJQh3W71SLidiVxcJGMKEOZKWSmHlJQMSYkhkZ7onHBGOyVxCSQjMHWrmSutXEcSDsj1XHAHumZPqlk+qIsaSc7FcSXC4BANEThBkfqGBsmzT42AQmk+qgSWTrnuBITEiMJKFjkklzV7KBnEkl3Hsqk8ADPpTmwl2yIIgcbIwaGDhArMgylgGyEMAynaNsZQ6icMxq2HdZ66dVwU7i2lJcW7HfuhlYkMhTKfRoZJBFu4jCzl66oipHeFDufusxcL7ca55LpnNaewOFXOa6Q5ec/fdJdnB0adIu5Ey4X6rrXDDiABjnlQRqc7Lv1TzBjkJ+gbJEpNmmMFDhCazOMhGaxuOEmsyOU4sxyVXLLP1pDQExzRyAjph3X47P2cm8mH62sPzMBrYRhzT2TugL2KmE0E5xLF2J32WqqoBIA0jIXn17t1T09exd6QExH62j0UHN5R6g0gjhPO6r7VXx19FHUxnIe0FTwcqGWawyvvNqhu9BLRyAZePKT2KxnS1bLbq6bpytdh0RPg55LV6IsN8QLJIySPqig8s1Ju4DuFA4y5SNI3HcKvr43MJnjHBym2G7RXi3RVkZGXNGseju6sSwPGCMhQNv0TLVW/NwCVxy4bFT1laSd9srvBP0PO32K0zSMcoTLKI5JJJEAJOwE1OUzgtPB5Z1RbZ+iesG9ZUbT8rWnTWMaNvZxXo9trobnQxV9M4OilALSDlNvtngv1rmt04B8RpAJ7FYPom8VXS91k6JurMR5/3NxPO/H+SNP2E8S5PRJTjzeihdQWWi6p6fns83njqW7/AOFwzg//AC+qsNPiNIUMTG31Mfjb08rtLgOxWiqx1TU0Yb69y4PnnpW911outx+FvWFP4tNIXxN8bzNLeHRnI+h2Rtuvjj+0h8EnfB7qwXq1Oc+xXGQmj3yYxzocfXuPsvvj+0j0IRSRfEG0xkPpHsbXBoz4kP4X/wDh3z/zdlgtFi+MXRtZ0n1RCKgGMxuIcATKBtO09n5zv2X0bw/k8OOpj/1PG+Y8XDW1up9nwbR1AmYyVp2cAVPik1YGEbrPoi7/AA16squmbv5mseTBMG4ZJGT5XNPdQ4XjUMBfW9PqIaiCnB8Hw3XaWeltlVNcphaiPSfGaFIo5skNPKbgPbgjlDiBiqPYLQuGYHyi3YchEj+pBieHNyEaP6loi0JfYdn0hEQ2fSERELGJJJIiBkkklAGJJJJQBIYknpKBiSSSUDApJJKEGpJJKEGJJJKEHoZZgZyiLhGUAecEd4wcIMjcjAHKku3xshuGUuSwsMtSLnoDqaawXeKNzzoLiOfVfU3S92p+obQ0yyNeHDG/IXxtMzJyF6R8I/iFNa7ky31smWu4y/GwXk/LeO2/6taPtP0P9Vb6o6DUvn0z2y6W59NN4bm4wctcOCFDeMjPqtfWimvlnbV0ZDnR+Y45Hssw+PYZ5Xn8pH1rbuKSvoGytMkY83ceqwfVXTsNZC7+UC7BXqD2H0VfV2yOfLgBk+y00XOqWTl+R8bHWQ2yR8v3qyT2ycua3y5USlqCw7r2TrbpUSRueyLJ3yMLx6726S3y6iDpyvT6PWqawz4f9ReAnpZucVwWdNUiRuHY3SqaF8o8SPjuqeiqjnCvKSp1NDeF1FJM8NZDa+Cvlicw6XfmqmVtRbpxUU7iBnOy09VSaxqHP3VdNT6gWPbkFO6Krszwy5st2prrB4MwAlxg+6hXSgfBKA7g8H1VEwS22oE0JIGeQtdQV9NeqXwZceIB+eU2LBlFQeUVlsrprXUtngkLCDvuvZenLwLrRMkc4F2N14xcrdLA4kbgce6n9L9TVNoqWtc8+HnBC1Rlgw6rTqyO5HusfdGaqq1XFlwpmTMIOoA7FWTe60ZWDz77wHSXGrqIoSSSShBJJJKFMfnCemJ6gtjkkklCCSPCSShAZ7rhGoafXZPXWnGSqkuC1JxeUeJ/ETpn+D3I1lNHiCc7kD8SyGkH6gvorqSyw361yUD2t1HzNPuvAa+kkttbNRTtLXxPLSD7LLKKZ6Lx+sldDEjP3Kkaz+dG3GTgqvcPXZaGeMSDCpaynLJMALHZHD4O9VPjDAU8pgmbIDwVpKerbNGHM/MLMO8ql26t+Xlw4EtdsUEZemHZVui5GgSPC7lpAc05BXE9GFrDAFuSSQo8wLhgKYQOUCRueyprkOOGuTefDW/sdKKGodiSNvlJPIXrHhQXq2yUFVEHaxvkZ/l/1L5po6ue3VsVXA4h8ZzsefZfQHSt1N3o6SvoDrlDQAM/i7sPsm1tLhnA8hS6pfIh3wyrW26punwrvf8ANpo2v+VDjzE76mjtwtT8Db3L0vfbj8K7hKXwhzprSXbBzCckA8dx+qyPWzHeBbeuLK0traF4II+rwj9TCO+MfuVM66pKl1PbetbV/Jq6J7Kh2nfQ0+U/kNS0d/8A7+jmSat4fUv/APpH0O2VtJMA7Zj/ANlNml+RDaojMR+o+izPS/UND1v0vBdWNDZJmN14d9Eg+ofqtDaqoVMTrfVxgujbg54e31UONZD43tfY3qmyHqG1sfbnmK7Ux+ats7DhzCBnOf6Ttq+wUnpHqNnUtobWSRfL1kDjBW0xOTDM3Zzc/cHsoFHUusNfFbKvPyVUMU0x4Y7O0X552+xVZ1ZDVdL3JvXtoZrpshl7p2f8WE8z/wDMzB/8JIQAqOTe7djlFUKlqaesp46ukmbLBK0OY5pypUZH6o9qwLfDDJIetvqlrb6oWsECJJJKiDweyICMIS6OVCBUlwFdUIJJJJQg5JNSUIJJJJQglw8LqShARBzlcRSByhnlQhxJJJQg1ceyKaJ0E7dTH8grqShE8dHgvXfQ14+ElbL1v8PWO/hjnB1dbm7+Fv8AUP8ADzvheh9Cdc23rG0sr6CQGQACWM8sd6Fbh7GyDDxnOy8M69+HV3+Hdzf118OGvbQPdruNuZuHDuQPTlQ0ZVqw/wAv3+/8ntcUxIG3KkNcHDK8/wDh/wDEO09ZWmKropwZcYfGT5mHuCttDLnCgOGvtl2SzuMKLLE14weVIa/Vsuubq7qCyAxxY7RJt6ZUuN+3CZU0wlZtsQgU73gmGTkcH1ChCUkuZC6oQMOUcYLMZCjruT6oyA6qmjqGFsg+xVaBJTP8Gbdv4XK4QZ4GSsLXj7H0VshEBymYQXSup5fBlGx+kqQBkZU7IMkYHYyvJutejpKKWolbHro6rPA+nK9cxjuolwo4q6kkpJRkPHPoqaGU2zompQZ8WdSW2fpC/wAdfQAsYHhxxwV6pS3qi666abe6H/t7GhlRGdyfQ5/X9VZdcdEGN0lPWQh7HDyvxsvDLN1BX/CvquSlkJfb52iN5AwHszuuLrtH8kt6Ptf0Z9XbcU3S5PpbpatpOt7TJYrlHmupmkh7vqLeMe+P9VjQyp6Rvj2VtM75ZxMb289/9Eorj/C5qbqqyTCpp5fM8N2LSO5/VbXqC20PV9g/jVs8rOQOSDjcFcK2pweD7/oddHUw3QML1j0tDdqH5+1lr2OGrAXhfVHS7iX/AMrRI325Xuliuot7zZrgSA4bE9iqXrHpdxc6riaHMcM5CSxmt0UdZU89nzJJG6KR0bxgtOChEaTqBW26s6fAe6eGLS8ZyB3WMIIODyFFPJ4PU6WelniRe2eo+ajEbhglculM1kYcRg5VNBVSUkgfGcYWohfHcKUPcASRuij9wtNNGdPoSjUEop6qORx8uUq6lMU2kDYe6A0EDOUuccMuueyWT0WnLZ42yNOzhlckixsq/p2t+YphCT5mq2ewuyPRIPUaaW+vJXzRgdlCkZknZWckRzkBRZYcDhANkslXNGBwopGO6s5YyVDfGc8KGO6JGxjb1UaeMdgp+n3QJm+XlFkxXV7kU87NJwAmjlSqhg5x2UU8phzLYbRzmBzCcbhQXDw5QccFTNelCmZq3AVpHPsTyT6CvLgA8hXUEjXAOByscxxiePMRhXlurAQASeFTWDo6HVZ+yZexPycKTpGnICgRuzggqZDIHDCA71ViCQPcyQK+oZ2va0FUMgxggKRQVTo3AFAdCmznBaVtP/M8Ro5QqatmppQ5p45CmRSNqGjI4UOpiLZjIBsfdRm7DhJSRo4ahlTGJCRnCkUtRLG8aeOCCs3b60tkEROyvY5GnBakSijfRbwWzgZxqAUy0VPgSlrnbHsqukqgfIRz2UsNaRnjKx2LJ0qbmjbUczKmEN2J3QaulyMcKqtVxEJaDur4StqG7DdZZJo6tct6Rmq6lER2UMEjkLS1NJnPiR5JGyp6qiewF2nA7BQLGCG5uoEeyhTU+OQp7NtinOi1dlCiklhAIGnn3UWppsDVjH5q5npxjIaoz49Y0nZU+AXHDKfUWnBClUlSaeYSDsnVNIB5mjj3UEv8MkaUmUVIWp7Gep9DdcCgqBTzPJhfgOaTt916u6OOogbcKGQOaRnbsvlmCudC8SM2IXq3w46/IH8Oq5sMdgDV2XL1mnz9yOhptTFy2yZ7HQVjp4QH/U3ZTWvz2VKxwa1tRCfK7HHBVhT1Qk2xuuNZUzqRfompzCcgdkNrhhOScYCDjhMc0OXU47KiAHZbuEakqXucY3njhMOTthDEeDkbFA1kAt2EHgpygU9WAAyTn1U1rw7hJcRbQRJJJZ2gBJJJKiCXclBSRF4JLVErIdD21EYwc4djujsIGcrs2C3HqrAGwvMg9kdQ6V4jcIT3U3AzyoVk4kkkqIJJJJQglEuFK2qp3QOGdQwpWQuHB7o45TLMba55IZpbbPnVG46c84VrjIIyudQ24NDbnStxPFzjuECmnE8TZQc6hv7Fb6mGgNfTtqY/DIznuvFviV0u2N7qnR67j1XuLwDjKzvVdljulC8huXYXT010oSTTKtrVkWj5ahkdG8g9iUy4R+KHTtG/orjqq0vtte8BpDS47eirInZaA4ZBXo6bPkWTzV1bhJxZ2yXGSmnYQ8gsOQveulLxFerUGFw1hv7r58qIflpWzRjDT2W46H6hdQ1UcZf5Hn1QzjuNeh1OzFbPXqVgcfAds5pIU63TSxPEcjs6SQoFQ8NjhroXbPAyQp9SA6niq4hvw4ArFbHg9HTLBeMeHtyERQaF2YmkjdTliksM2xeUNXDwupKggByhqW5rdJ27KKQco0JYwjCFM0OGCjOQpTgZWymW1mWyO4xPU1rbVB8crc7bL5ivtDL0h1U+DTiCZ5LPTBK+vLjS+LJqxkLwr43dImqpDcIIsyQHVkc4XovF6x1WpZwfP/q3xn8mhzS5RR0M4mALVIqWB2H91lOk7o2WJrCTkDSQT3WszrAC+l1T+SCkfHmnnBpuj6x7PI6TGDsvWaKqL6VjiQ4kbrwu3TuoKlhccNft9ivWOnK9s1I3BzsuZ5Clze5HvfpjX4xTNmnpZiJQ091bQyFpAH6qiiJc5pzhWkbg6LTncrzl8MM+k6O7L2lrG4EA5CMHA8EKBE7YDPCPE7HJWGSydiIUHK6gpIBqHpp5XdXsuHdUW3wFTBsnoZOBlGzPJ5ZXVoLJhIwbnldY7U3KLM0SEAhQg4smdCTgt3H2U6IwrvqKaRlLOF1CUR5Yw7ssD19b56Oej6howQ+jlBkx+KPuF6HIcdlVXukirqGWmkaCJAW/qjiI1EftyuxWyviuNJFWwOzHK0OH5qeHeU7LA9AVj7dNVdM1bjrp3ufED3Yt413smJlVz3xTOZOpF/ChpZKYOOO+oqPcWgwOIG7PMPupWtvqo041NIxnZQAFFJqaDjkZRDwolK/VEBj6SQpAdsVAAbu6EeUV3dCPJChTOHkJHhcckHAoxU0V9Y3DtSEz6QpNzH8kkcqE3fA9UbMVnA8jt6qouIMNbG4DZw0lXDlXXICSLIb5m8JjMl5FnwGl43IShd5g4lCa4OiDs8pgeGu3KJIzSnjglSDVvnKqKgFs2MK2bLqjzjsq2rIJzjfKYlhmW3lD6SQDYjleSfEuj8GvdUNGz3OXqjHb7dlhPinBqt4qA3cuP5bLq6CWLEj599dab5/EWf25PL6baD9UqUHWdl2nOIkSkALuML0CWT4Hnglx8hEP08JuMAJZKNSwJY131FMf2TkOY6W5Pol3ESyyku8xc4tzxwqUtyc5yplfL4lQceqiuWGT5OrQsRwdxkgBTIhkYUaM5IU2DYD3TakyWkynboHHK7WOGNl1pw3hRamQ4WrOEZl2Q5Dl5Kauu3KTRkoTRFBYxnClRNyBsgRqZC3jbKuPZqr4Dwx6iFYRtxhAgiJwSpoZ5dhwt1cSWy4wEBBbuVHeTuuuyCQCm6mrXGGEc66wG5uTnC4dkQ4UaV2AUx8Iz/kwdVO1uCSBhZmqrJauUt1ENzwpl0rGVGaeN2fUqDHAY/MRyuPqrvklsNldShHISGPwxqSfUYbxlOLgGkYxsoMr/Nj1KxyeEPrg5Mc+QvO6FIdwAnYwFyCMulwd8pKbbNOFFBoIskEjhTWNAHHC4xgaAAMJSuDB901cIzt7mKaVsYxsqapmMkhOSjVk5zhRQcrPZP0h0I8HGNccFTqZh15IQo2ZPCsqWPGDjslxWSrJYQaJga1PO6c3hP0nYDunKPoySkDbGc7hSoIuDhciiBwS391Ljjx2T4xwKnM61oA4Rg1JoCIjM0pZONTgMpAEo0cZyDhHGG4WzjIC4gkKU1rWDbsuMLQNgusBkcAE3bjgkU2xhjdK8bcKS2DSBsjQwtA+lFx6DhGo5PQaDQ7V8kxkcXqEVjMEYC61pJwFLgpycOwiO5XVyPp4dW2FNZFpA2ShgAbkBMlqo4Mh55Rm1RjXHMgkkzYm5yqO5XDWC0IFfdmOy0POScKtY5z3ckj3KhxdZrnJ7KyQx7pX6nLsrwwDCaXtjbnuo2XSOzuUs5TtwyxpcyEZCs4WBgB9FCpITEwOd9+VK1BwwCkWSyd3RcJSZI8YEaWjtstv0VbDBSOrJWeeTf8AJYu10clZcIYoxnJ3XqUUTaSmZABwAsF0ucI9z4fTb2rmJzsHdyaHHhCkcS5PWOXZ66EkkEB8u/KCXHJyunsMrjnNaC5xAA3R1rLJO1I5NMynhfPIQAwZWPq6yaundNMfKfpHoFJu1zkq5DECWxN4HqqOprRGNOF2NLpt589+qPPRhF0xfR2rqWMHPsFXCUuduUnNNTJnPbgdl6N0r0RFZ4G3y9keK7BhiLd2j1P7LuxiqoJHxfyPkHY8zY3pTpCGhgF6vTsP2MURHA9StfTvq71VCGP+XSDYjGAUqShnvUpfUN/kcNartny9LG2kpYtUjdgB3SbJZ7PNXXOb5ZIpKemtjC5unUdgByVYUdFXXInxTiEHcEYyla7K6ocyqq2kEcNWqp42xswAABskPkwys9DbdSwUkOiNgbp3JTp7hG3aPfCi1NSSDBCcZ59/ZdpqcsOXcpeBDk2NYySql1P/APQKUTT0XmkI2GyZU1MVFFkgewHdUFTWvqZNTifYZR7GwiRV3OplncWnDeMKKXO3cQmgd8bKl6g6lht8Jgh3kPbPKNQGxiTa6vip8B7g3VnBVPbqa8dU1RioGPjiGMySNx/8vCPbuljVg3bq+aSmgH/A5GP8XqoPUvxDq6iN1n6SAo6VuWuqcbyj0A7fqeUEsI9P4b6d1PlJJwWI/ss7p1F030NGaayRNuV6P43N06ccanb459PVYmsqbv1FXNud4k8d7QdLc5DM84/QJUdrkqHFzHgRD8RRpqgQt+VosHG33KTOzafVPHeLr8bTipcr2A8WGkB8R2nGTj3R7da7t1K9z2uMNLnBz+JWdn6S+aeyturQ6Pkxu+k/daKqrWwxG32WnZEWjAeBhjElt2cI22WQrW6viX7GRT2To2E01JETM05exx8+fcY2VE6lunUNe+srZmxRkAMdjbHoApptdPSCWsr6rxnuOrJbjJ/UqnqOoLr1I91s6PbIyI/VXOGGEH0Hfv3T6ascnkfLfUkdGtul5k+3/wCxOuXUFt6cjNrtgfW3KTb5djdL8+/OEO3dLVl6ljvPVMz5HNJMdLjS1meTz3wP0VrZOmLR02PH8004GDLKcvKdUXOeoeYKCPxHZ2APKduUeD5vq9bK+bnY22S5Z2RuxkDPqd0+lgqbhKI4IyR3OOFedO/D+ruLm1t0ZoA4B7L0Ogs1BbYRFSwgHucJU7MHOnbkylg6DgGKusGXnnK2lNS09JCI4Yw3HfHK61pbt6Jzh7pUrNywK3DCNzgpgJHdOJwhDfjfHolqHsEMDgFCDjk5Cqbx1XaLLqbV1LXSt/4ER1S/+XlUTbh1j1OXSWai/hsD+JqwaX49Qz/qqfHZDT3K50drh+YrZdEY5KzdR1fU150dN2uprXZxq2az/wAxB/yUy2fDW2eL851DUSXardyZT/LB9mrYQUFLRRtio4RG0DGBsiU9qIYmk6P6ivLWTdRXFtMw7uhp8gn7laW19K2a0Y+UpI9X9bhlx/Mq4Dcb5yujkpe5y4ICAA2AwkkkluOSDc4SzlJcyoQ6uEgLjnADcoDngZOVCBQ4nskSMcqMZ3j6eEjrdzsoQK4gZOVGdK4ggNTww7E5/VINGOFeMkIjm1UjsAaR6rjqVz8eIQce6mtIOQhYwn18kA+DEAAGYwnJHZcJGERDiZnKTiAd0E47lUlkgUuaO4/VA1ZyEyQ4Gou2VfVXelg/Fk+gKvohOeChSTQQj+a8N9yq91VXVw/3OEtHqU+Lp+pqP/njJqa7sOyhCPU3lrT4VAdbjwOyHFQXm4u0VA8FnOc8q/prdb6MBrYm+Xg43RZa2CJuGP3UIVlL0rRQv8SZz5j6OOwVsHUdGwANYzHoFXTV9S44Y7AVfK2aZx1PJUSCayWlXeYWjEUgCpaq81DyRrBH3XRQlx8xRGWyAYdpyUz8QSvc6Wc5IO6YKQvOeFbinjZtpSLI2DJAAVBJ4IUNF2eP3UhtDTNOTHn80CqulNSDGvJVHXdQyPBbE7ZMwWaaWehpm4IDfzWer+qBE8w0zM+pyqKpq56l2qR5/VRdO5KPaNUCbVXirqT9WkfdV+7jkndPxjuubeqoNRSBnfclcIx3XXhzsaQfZWts6XutxaHuiEbTzlU3gm5IoZTrI07n2Vlb+m6+vLC2IgHnK29u6Qt9E1rpow5zdyrQNYwamgNapvI7DPW7o2mpiHVDdRHsrp0FNRsAYwNACg3HqWmo8tEu7eO+VQ19wu1yGaZ+gP74VNZFuRdVl8pabLdYzjjKoqu+T1eRQRF7h2BTaexx4EldJrceSrKMUUDQKWINcO+FWCuytitNbWgPrpA3/CFMp7ba6A6/DaX+p7o75ZpRgv2UZ01PH/feYjblQsMZWknQwAH0TXyRQtzLJpCgVNwcz+5GAVVVNTJKcyPz7KESzwW1TeKSEHwnF7uyqau51dQA0ykN9lHdGXHy7n2VhRWO4VeMxaM9/REG1tKlxLjpc/JHqpEFrq604giz99lqKHpWip3iaoaZH91cNhhZ/cxaQPRVJ4JKzCwZyh6QjaGyVjw53oOyto6KCkaGxMAU2SeCHHiyAfdUd16pt9G7RFmVw4wgUslJuRbDYHLdICiVV2t9vj1yzgn0WOreqrjVaw1+gO49lSumlkOZZC5EF8TkbCt60Mf/AM72Frhw4rOVV1rKx7n1E73F3O6hOAwAHJjztsUY6Ne0cXknKReShl+Oy4ZQoHtQ4vPKEZT6Lhl7YQScqBpBDL7LhJKbrGCfRAM2dsKFj9XuuEjCHkpZKgZ0k52KZkriYoQKSMcoZ5SyfVCx7qEOJJiSmCByRg7hBPKWT6pimCBCRjlDJKWT6pimAlHIUkY5Qjyln3Qy4DkokhkY/s6mpJiPBB6SSSAIYkkkrICXCQFwuG6E5wwd1QKQ50wGQgOmJymOJzyuKD0siJLjkpJJKBiSSSUIO8P3Q9PuiiPJ5yiiM44ylt5IBY0lwOFJdGC0bfuo76ukpRmplDVnbr1lTxPMdLl7u2EMppBqiVnRo5qqCl/vXgLP3brGlgf4dMS5w7ArK1V2ra5xfNKd+B6KEIfEOcfms7n6NtWkS5kT6+93CvcS+dzWnsCq4NeXZJJKLowQOEQM1AYHCBybNMEq+hgjyF1sQzuieH7JzYSTjG6oY7cDTGXYwP3TfC425VlT2+d4Hk2VpBaY2YdIxMUMiZWYKOnopZT5G4VtTWgNA8YKybBDCAIxj8l3xB3RRh+xbsk+j9PkxPTF+Mz9sA5GZ7ZVdcrdHXwuilaMEFWqY5qhMsynThqLLWvs9Wf5biXRO7Y9Frmk77KqultbVs1t2e3drhyCpNrqpXs+Wqf72Mc+oUAsJ6DVQRzxFkg29UZJQHo8vpDJ0Z1ebVUE/wAMuf8AMiJ2AeTwt/AGv27Kv616Xh6msslNj/eYgX05HZ6pug+pTeaN1DWgsuFEBHUMJ3DhtlQNPLwi9uVH42HM+pp2RrLXSPDqWZ2XM4ypYDDnVuquaB9NUfOQjIB8zRyoSSyjQtTlHpKqKpjD2H7j0UhQzsckkkqayUJYf4idL1FxhF1tZ0VlONTHDnI9FuFx7WvaWuGQVZaM/wBD9SRX6gZ4xDKuFoZOz+l42Kv6iminaY5Ggg/svM7tDP0R1O28safkqxx8QMHB7lemUtVFVU8dTE8Oa9oIIOUyOGwZR4yRKL5asjq+jLxF48EoeHhx+uF2A4f5L5LvFur/AITfEKfp52p9KXl1EePGpycnf3yD3X1jfqOWSBlyovLW0Z1xu9fYrCfHXop3xW+HIvVj8t/tDTPBgZLdOfGhx6YIx+a9B4fVR09uLPxfZwdZT925Hhvxl+Glt+LnRBmtkscd3oz4tFO9v4sEGJ3rqBxhfGXg1NFVS0NdTvgqqZ5jnicN43jt7r7O+FvXLrgDRVT2mRrW+IwnYj1XnX9pv4WNdr+JdhomtIP/AL1axv1R/hqHEfmCcdwvrXg9bHTS+B9S6/sfOvqvwctXW9VSuUuf8Hz/ABnYLsvlaZMZIQYycj0Uk4cAF7Vcnyfbh4HUlQ4YBCtIvX1VNvHJgDZW1M/VG3J3IR1sTYv0TARjlNQATnlGZ9IWgSdSSSREDJJJKAyWRySSSgKQkkklCxqSckoQakkkoQCkkkoGNSSSUIMTnLo5TkMuyAsZTHYLcEJ42TcFW0miEd7c52UXDqd3zce0kf04KnOb6hR3tOCPVZL6vli4j6NTZp5xnW8NH0H8CfiY10MNnuk48x0h7t8ff9V6f1ZZ2UsjK+lZpjkPnaOAfZfGdouVTZ6ttVSvLSCM4Povrj4Tdd2/rqxutlRpdNAwZa45dheE8hoHpbc47P0n9EfUkPO6Xbc/9WKw/wDoQ2sD28dlFfC5pJI2V/eLRLa6gkN/lHgjsoMkTJ4NI2JXP3YPdfB8iKKvt0NbEWOaM45XkfW3TMOZP5PrnZe4mnMWA8fuq29dPU9wgc7QC4j0WvTat1SOB5jw0NTVho+Ra2mkt9WWtyBnuplJWEEEAFeidddGBoeWwYO+CAvJ6hlVaanw5AcZwCV6jR6xWLk+DfUPgJ6WxuK4NZTVQnbpdgZSqaRuMg8qjo67U5rhsr6nqWTNawnchdiElJHhpZgyrmpCctc0EFQqeSe01rJmZLQd/stHNSZGR6KpqqU53AOU4OFm7h9Ghinp7nTiRpDgRuO4VDX0gikJZyCodDXTW6pyMhhO47LUGCnuFOJ4sOJG/smRsKlDb/gJ0d1bUWuZtNUyEwk437L2ClrGVEDJWuBDhkbr58qaaSklLXjbkH1W16G6w8Itpq15IA0blaI2ZOVrtJv/ANSpHrTXeyKDlRaWpinhbJE4EEZUlqamch/3OpJJJpQ9JJJQgkkklAB6cmpygIkkklCCTU5NUIE4wfReffFPpWGvgN8pYdM8ezy0cj3XoR3TXMDm6XYIPqMrPKOTRpr3RLKPmRzCBvyQodTT+IcgbrYdfdNSdPXcBjf92mB8Ij/L91nGt04JblZ3E9Xp71OKaMxKx7JS17cYKE8HIIOMK7rqF0zzKzA9vVVT4nEcYKRKODpQmmsFpZ64n+TKR91cAg7grHxudDIHB2MLR0VXFNEC12ShT9MVZDDyiUeD9kAgEp5GDhJMEojTRAhbP4U9TyWu8ttE8pEdScsOfpesm4ZChOJieSBnKuPeBdtULYOMkfTckL4JpoJYdVLNqGNXfHnaP2/VTumfl6uyfwmdpfJbnPpJST9bNsf/AOIrLfD/AKkHVXTrTK4fMwHw5Dnl7R9X5hWVPUy9OXlldK3FNVARVJHoOP1GR+S3Vrg8hfGdU9klhomfCa6ydG9QT9G3CU/KTSkjO3mPDh9wvb6yJweJ4jgx77c4Xg/xMsTqGopuqba0tdE8NmwN8fhP+a9U+HnVUfUljgmLx4zGBrxnuO6J8dmHVR3Yt9vs1T4qHqW3Opag6mjBGOWOHBCXTF7Jkn6Q6gA/iUDjoe/cVUXeT7dsKJEBaqw1kDCYJBiVo9f6lA+IVlreoLI2usNX8peaFwmt9QOdfZmfQpZmjzJRRHtlW74Y9SRdGVuG9P3Z+bNOc6aWd300jj6O/wCH7ADvt6Uw4Xzbb/itT/F+y1vwy69pHW6/4c1r2jDPFb3xth7Tjj1W1+B3xIuV1dUfDjracu6msYDTK8eatgzhsvv6Ks7X/Y0X6C2MN0l9y7/x+1/9z1/JSBOVxJNeJHOQdpyMlEUdFQNYLHpyanICHQeyICMIS7kqECLqG7tunN25KhBySYkoQekuZCWQoQ6kuZCRIwoQeSMcoB5SJOeVxQgkkklCDUk5JQg1cXUlCHiHxF+GN46Mub/iF8K4HMa467jb2Hyu/wATR27rWfDv4k2frSga+nmxOzyyMcNLg4cjC9DZ3XivxK+Gl16ZuMnxA+HGYps66+hYPLKzuWjsSoa67VOW2x8+n/8AZnsUcmcDlSWu1dl5x8OPiZaes6Jj4z4FSwaJoHu8zXjlegNfnfHKgqcNjw+yQgVEBdiRnIRmu1dl1QWQmvPdFa5cqIgXBwGExm3JUIHSXARjldUIFSTUkRANXSMqGEEb9ioEbpIH+BPnb6SrdBqaZlRGWkYPYqyER51YwVxRYnujkdDKdwdsqTnCnZCtvlogu1I6GVgJAOD6L53+KXw2Zc4X080Aa9gJjeAvpouCoepunae8UzsMGsA9kEoKSNWk1U9JZvifIXwq62rOn55+g+qvJBJMWMe4fQeF630Z1B/st1BJbKwa6KrGktLsBp/qz6f9VhPjH0BWVEX8YtkWm4W5xe+Hu71wfyCifD/rGLqy3Ns9fL4F3onag6TbWMeb7HYLkavTbuEfoP6R+p43VRSkeqfEPp3w5WXOkAw3DgQOQoVrrIrxbDTyEa2DG6tOj7//ABGB/TV7Zqlbnw5H7gjsAVl+oLXU9M3YT07S2CV2+OMrgXQ2Twfa9JqY6itOJm+rumo2NdIItj7LxjqayillM8LCMnzAcfdfTswpbtQaQ4EuH6FeZdS9PBkksU8QLH5wcJWODB5Tx3zxc0eGkZVtYqvwn+A8+U8JXOzPoal7HbAuOn7KEyLRv37FSLwzxMq3F4Le4wkya8ZBGxVSWEE7Yyregq/HYYJsOLRsTyg1NMGjUG7Js1lFqOQ/T1aaWsDHHActod9+xXnTJPDla9u2HAr0W3/71Ssl9QFkaeTu+OtytgxzAVFmYPRWTogOyiSNJ7JbWTqNFZJGPRQ5ogNw391ZTsyRgKPJGcKjPZX7K1wxlRjvkKa5pycBRi0nKmDHbEgTxgjb0Ve5pGcq4e0OyT6KBNEewRnO1FeUQjsnEZGF0jBwmJi7OXZHBGnj3BCLRzOY4BOc3UFGc0xkFNccmbOyWUaahq9TcEhWEMhY4Eb5WXoajQRnur6jqWuAJ9EuUcHZ0d7lgu4j4zdwmuaYn5AQYZwxwAU04qGAAbpLi2dyuW4nWypBGkkZUmpZqGVRwmSmnDjx6K7p5hUszjGVR0arHt2zIbtUEgcBuri11bJ26dQyoc1L4jSfZVkTpaCp8RpyPRKl+h0bHCSNZHOYJ26uMq7jf4oOcBZqGoFZDrGzmjKsrfV4/kyu74BSJwOpRfyXUDjG8HK0VvrM4GVmWtGMgqVQ1Zjfv2WWaOzp7kmjWyv1NaeVDqYhK3SU6mqBKwAndOdGT7LO1hnS4muCjng8KQgDYJzQMYCn1lK6Rh0N37qGGFuARjCoFkeSHJ2CiyUmncK3bGHjhClhzyoTbko5oC4aS3n3VNU07o5CMYC1MtPnct/dV9wpNcJw3dTGDNZW+0ZiTLeEWkrJqOUTwu0lpzzynTQ5GfRR0qytSWDNlxeT3P4bfEJt0ibbK0gkDALjghekt0kh0b/0K+T7VUy0FUyqgc4PYc7HGV7x8Putqe7wCkq5Q2UDAJ/yK5Wo0u3o6+k1js4n2eiwSkgAndTmSDSBj91TRuIcDjb7qdHJkBci2GGdZPJPyDwU5RWO2T3Eu9lnLD4CRaCMITSdQ3KKCAFRCNO1zSHDspFLUl2GpENdsoskU0bg6Lj0QNAFyw6xldGxwq6jqyDofz6Kxa9rhlIlEW0dIykBhcBxthLV7JO0g5JJJQoaCRwlqPdcXWfUFCA5A6OTxwPyUmOTUAfVNlaHMxhMgd4bNJ9VfQOMkgcp4IwoyLkq+wWtw9cPCakpgvAxziDgFIOce6akqyDk7MzWNJGQVl6lgtdydG0ERTduwd7LVnB7qtutBHWQlrm7jdp7grVXZzgYuStcdXCjvaSNJGxSpJS4GGQYfF5T74UmRnlBAW6uY3a+zxz4m9K6zJUxswPq2C8iLPBdpxwvqi925lxoZadzQXFpIXz11VYjbK9zCMEk9l3tFqUvtZyPIaaT++JnZGioiczG4GUO2VDoJQwuwWlHcwxuBAUOYBk+pgx3XV7Rx23XNSPcuiLw26Wz5OZ2XtGBlaWhlOh1M927CvG+iL06jrY8vwHEAheoQ1eisExPlfssltZ6TSX/ACRyaiikIGnsFaR8ZVPSn6XD1VrG/DcYXPtWGdauQVJN1hOSRyeTjvpKA4AZR3fSUF3J+6tCrARG+yFKM4UlmN8oRGStEJ4EtZIE0W2cZWK6rtjK+KaF7M7Fb2duBsFSXajEkJe1vmb+4XR09uDm67TqdbR8hXmjl6U6mkhwRBM8ub6DJWxt9Y2SBsuxyPVWvxh6V+ZpTXwR+ePzAgLA9I3X5iI00hw+PZfQvCa1zhsmz4R57xz0GrkkuGzfCD5qlD2fUDlajou8FkvykpIIGN1krTUOZLjPlOxBVm6KS31rayI7cn7Lv2wVkWjDodTLTWqxHsdJNrY05yQrKOQ6QFmOnbgytpWP1ZOkK+ikBlazGxXk9VVtk4n2Txd8boRsi+yyikcHDJ5U5mwBBVW06d/RTKWXWwErmNcnqIzTJiS4CMLuQkDdyDJIKSLIWRLjtxyunhDJOeVSFIY9u/KiVsRGKpv1NwD7hTUyVoeMEZB7Ii2iBr1YPCeOCosTi2V0Dhgt4+ylDgq1FMmBju6hTg6dxspp5QZmg4GFbQiaysHnfV0clk6hoeqqfyx6flagD+k9/wBlv6Z5kia88kAql6mtbbjap6ZzM5aSPY9lE6Bu0twtLqSpP8+hd4L8nfA4JVpYMlbcJKJpwMJJJJptG5KWM7JiSgJCp8B80fGl5UkHGVA80N3Lfwyt3+6mO3OxUAFr524UeTLZx6OblGAwo9Z5ND/VwaiawDIKXDB3CA0nVhNyR3SVipPAOr80Zz3CrYyWuYD+EYVrJuqh21TIOyNmWa3B378KHVN1t0HvspjSCwfmosozsjMV8eChjkc3XF/Q7AXHk+q5UOEVXpA+t2FyUasj02R4yc+T5JdPIfDDcZQKtgLNxnKdQvAZ4eN0V4wQc+qahU3lFXE/RIWk7+izvxEpxP0+92PpKu3gi5YDtvRRer4RNYpYxuST/kt+k+2aZ5j6gpWo8fbX/Y8JZkNAH5qVSjBQg3DyMd1IgBC9NS93J+arVteCWOF1JJEJAuOnjdQblUkQOGADurEgEgFUN5lDS8Z5We0bTzLBTOcXOJPdCcnjuuDlZG8M6ceEFi7KbTnGD6KJDwFPh4C1Vci5cj5H4bwoM0mrbClykaeVBlO+Uc8gwXIM5duixMJwENvOPRSogAAfRCaowyEjZv8AdWFNHwcKLG05ACsqePDQStNSDa2rIeNoGPVGA8vKZkD7LjiMLoQRlutwDPKYST3XHTYOMIRmyOOU9ywYn97CB3q4Ksudc1h0MyfUhGnnDGlxPZUNRK6aUuyudqtTLGyI2qtqWTgw55djlGfgNCHH2yNymzuAaBlc3OOWbEs8A558eUKL31ZymyEudkHddYMDcpNksj4rajheXEAdlaU9MxjQeXHcqNQUwf8AzXtz6ZVmcMbgbK4gTnnoC5ukb7KDUzbY2RamUAYVY+TU48oZ2ei64+xkji92SuwjJKQaXEABSYINwSFmy5MZKSSJFPFnGyntaANkOCMAA4UgDsnxMs5ZGxg5+ykxtzpJHqmxx4PCkxNI3ITYLBmlLA5jMY2UhrfKkxoI4T08zTnuEnjlNDXHspUUOwJRxjli8nI484yEYhrMED910tawbIcTS925WmMFgHmTHgOkIwOVNggDAD/qlT0+kai1SA07ABTCXLPRaDQJxU5C0dgnBmTyk1pzjKlwU5dgkK1I7lVWMI5TUhdhxVk2JjGD1CUTWMZxjCjV1wjp2a3du2cKG6MY1R3SH1FdFSRkuIzwBlZysr3TPLjv7eiFV1wqpTKAQPRRHya+Mozz3kPIO2e2LBOYC8bZ3UnyxsGcfZNDWxt8STnsFHLzK/ZxUOI7cBDrlcA3urCjg8MgkZKDSRNxkhSpCGD7IJPHA6l7nlkkvYxmNQQo6g6uxCrpakuOASFJto+YmbDj6jhY7ZY5PR6D/UkoHoHQlA6Vz7hIzDR5W5/zWwnl83OeygWimjoaCOBoxhoz90QanPJ3wuXY25ZPqHj6lRSoBvqXdPunsZgJEgd+EtPJ0sjBgclUl/uBZijheASMvI9PRT7nXxUkfiSH7DuSsTW1jnyOlccl5zyulo6HN5PL/UfmIaKl1xf3M7LNoGC7OfVVrm1FbUMpqaPVK/gBcmldI7AOF6p0L0NHao47xc4y6pfu0H8IXodPWqVk+G+W8q5N/Ix3SXRVFZaFtxurWmrIDgPRaGOhqbtO2pqdoGnyMO2wUv5J1XU65nfym7hqmFklS4UdGMZ2Lh+EI7J5PE3Wytk5SY2QzAtoLVCHSnGojhg91orR0+yjxUVQDpXc+y7abfDbohHGCXO3e88kq1fKGAY3WWUsmeTyFaW9hsFHmqnTOMMOwGxd/ohyzSOaWRnGeSpdNCyJg2AJG6EQ+WcoqYB3iPHshXC6QUbvCwHKPc7mIGGngd5jzhUEkr5sl2SQjig1HHJImqH1EzpJJMg8b8J8TMtJI29U6ktwfD8xWfyo2jU5x2wFmq+6VvVFa6y9OvMVBDtJUEbu/NE2h1NUr5bYI7deoJrhUjp/pzM9TMdL3j6Wfc9u6n0tusXRFvNffqw1VwwCx342+oYP0z+Se2q6f6Lom0drY6Srfl31bk998e6yNT/ELrVvr7lKHyy8/Ydkuc8dH0P6f+j7NTH+RqliAO+3iv6przNLIW0oOI2cE/8AzU2OhdEAXM0gDYIzvlrfH4zmAuHCZSUdz6inaRmOInf7LLOw+mU0QohtikoIEKiWtk+So2kNH1uHotPabBT0TRPKwOe7fccKzoLLDaoA0sbqIyTjdMfWCQ6G4ylqLteDka/ytenrf3YgMllMpDAD4Q2P+L7KtvN9tHTtGaurd4f9LBu5+OcD2yP1UK93/wCQmbR0Q+Zq3ZxDFvxjk9uVJ6e6OZFUN6g6sLp6vGWRF/8AcY7g8LbVUoLk+deU+oXqHtg/sZXW/p6+9byGt6gjFHaJhltE3Zz8ciQenG3fdamW5WLp2kEdPFFCxgw1rAAFAuN/qLjN/DenaaSrlk+ks2BK1/SHwgDqmO79RvZU1DN2taPI0+ue5UnYonkb9RKb5ZmbHYr91zV+NCwMoXfjcefsvVumOhrV0/A0up2STf1EZWipKGChYIoI2saOwHKkLNZPcY52NsBoI4bgDsmnHdGcRg7KK44zk4wqWfZQ/SB3TA8d+AqSs6npzIaS1QvuFV/3UPA+7uB+qZB05frvl9/uJpqc/wDwVNsx3/OeT+qW5YIK4dXUNPO+it9PNcqkDZlKNQaf8R/CokNi606ija65VVPZ6OTOY6Xecj0MnK1VstFutjS2io4ovdo3/VTQ0BT5MEKOxdFWGxx6KWlY6Uf/ABDxqmJ/5irtrQNucLoOM9k1reUpyyQbpA3CS65cRIh3PC4kmue1n1HCsg5I7BR3Vbclse5QHmsl7YaoQPJUNZsVHFT4mRHyuCDV/eZ/VPEQHH+ShAZbPnMh2K5oOcqQkoQDgLuAuZCRIwoQ4BldIzyEM8pagB6oo8kFpI3yhPlJ2wuPqmtOl3cKK6sjbs3f80UVjkgfJOUwyNYMucoplqZc+CExtHVy/wB67ZFgg6puVLGcOcdvRRJK2qqiBQUxLf6nhWMNup495Bko+ljANIAHor6IU0dpr6sj5ycsjO5aw4U2nstspjqEWpw7kqRJPtgILiSOVCB/EiiaWxtAA4Ud1Q45CESc8rirJBzpHEFRXAZP3Ug8KO44J+6iIdLW4OyDrHojPOBwoUkwZk4491aTYZJB2IATH1AZueFUVF8EYIa7Cpay61UxwHbFOUckXJoK29U8QOHbgeqoau+yT6mxuyPuoJcXklxyhhmEW3AzZxkbJO+V2Xc/dC0bndPII7pAc7qZKGub7ppA9V1zsnTjdW9n6QvV1/mNjEUP9biizhB7sFE/LjgDdXNq6PulxIkdpihP4nLe2boyy2iMTTf7xUY31bgKzL2RtPlDWjtwlStwDKeeCgtvSNstzQ5zTK8D8e4Vq8RsAaA1gH5KLcr5TUrNYIcR2BWZrbpPXP1F5a09gh5mAsstbl1JSUjjCWlxOwwszU3S43OV0LXGGAHPONkSRjDu7coD5QGaANgpFYDjHHI4UNDGQ6RwJ990b5mOJumPAyq97i5265k+qcRrJLM8hcXF4I9Fz5trO2Co+UsE/SMlU3go7PV1D9mu2UNziTqc7JVnTWqtrHYZDgepV5S9JwNAfWPDz2HCEmV6MiIaichkURdn0VhRdJ1VQ9rqpga33W0gpaWnaI4YWjAwCBug1NZSUUTnVM4YewUKTeSBS2Kgt51CNr3HuQpRAjyeAFnbl15SUship2CVw/FjLVlLl1Vcq57g2ZzGHsDhW1kZtcze1t7ttLGXvmBI7ArN3HrhxY6KhjLR3J7rKNlLj53Ek9kjpAzlUGqx9VdrjUyl8k5weBlRgSSS45K65wcdwmlwwpjA2EEcTclcJGUN/wBJVZNCikGLh3IQvFJOMIZJzyua/ZMKwFyMIZJXMobnAgjO6hAmR6rhIxyo5JJ5XMlQh1xJJ3XExJQgkklw8KBjUkN/1FcUIdakcri4XZGMooywQakmnlJFnJBJJJpIwixuCUcnEk08rivCHRjgRQyTldyEshCW3k6kmZCY94ChQ7ISyFHMmDwuGTIxhL3l4CFwA5QH1HIwmPcSc5KYrLOl7ycpvmRdDfRLQ30ULBroOFxJQIekkkSG7uOB64VN4DEATwntjJ7FRqm6UFDEZJZxkcBZe7dcyPJpqB33KW7Uh0KJWdGtmrKOijMlTMGkcDPKzV06zcGOgoGEA7aj3WUlqKmtfrllc4n1K4InEDdLlLca6tNGP5Baq41lcNNRKSAc7FDABGCPzXGxOJ4ypDYiNyEEotmhRUegAjx2Tmx47cqQGZwAN1Iit9RIR5cA90OwtvBAMWMe6kRQE4AGSraCyZw6YqwgpIIdwwZ+yoVO1R6KWC1zSEEjZW0FsggAcdypmwGwQJ6gN2wqEfK5Me1rWjAACTjgblRTU7HGVFNTKchzsom8F99k2SUZ5CBJUY4CA5zjucqNNXxQHDyP1UdqyMhByP1aSSSX41P2wMSSSUINc3PdQainc14qI8hzfQ8qwTHNzsoC0dp52zxB4O/dFUCIPo5iCCY3nt2U8EEZBULaysC915p8QLVWdNXan64ssIbG1+m6MYPrhz9W3cbr0tMlhiqInQzRtex40ua4ZBCgtZhLJVWm40l2omVtFLrjfwVIlYDgEZWAsfzHw86hPSlSddur5Cba8nGkk/3f5AjC9DcM4ycZ3UHZyiDROdSVZjJOlx2V80YGVVz0+cEc9k611b3aqWZ3mYdlDPOOei2SXGrqgh8D00kFdPC4TjYIZPASkU/VnT8d9tT6QgZG49ViOhb5UWq4SdOXBxxHlkWrtg7L1EnK8++IvTkrYmX+gw2eF4L9I5CKuWXkZ3HBvDu3GR/1WYbWVHR3UUcpINru8hhmzxFK78X54/ZE6O6gjvlrjeXjxY2hrxnuFcXG2013oJbfVMD4phhwPb3+62xZjlXh4fR8lf2gOhXfCX4nN60ssRbY+oH+K0N+lkuB4jM+wBK1XT90gvVA2KbRPTzx4YXDIe3G4I9N+F63crJRfFDom6/CzrF7JLhRx4jqDxpA/lVLfUtDd18pdG1Vx6N6nreh7wDFPQS+DpIxh45/zXvvBa/5Yqqfa9nnNdT8c2vR4x8Xvht/7OOpsUALrRc9U9G8nJYfxRn2GRj7n0WNjfnlfanWvRlk+JnS9T0/ciWGVuqCUcwyj6XD7L4uutquPT19rLFdacw1FFIYyD+IYzn919V8bqHZDZJ8o+L/AFJ4eehtd1a+yXP+BxAeNXdFpZyHNiPCCyQFq60hjwccrrRlhnk5dFvsAMHKUfIQoiXMBUj6dgE9ciGdSSSRlBkkklAJjkkklARJJJKBCSXcFLBUIcTUVNwVCZGLh4XUlCACDlcwUctBOSFzQ30UDBpJ6SEgIbrukDsuJwOVclkgI75GMKM5gP5qbp90J7M43S2WngguYB3/AGWi6E6tq+jb9T3SGV/hscDI1p+oe6pHN90w4AKw63Tw1MdskdrwnmL/AA2qjqdO8Nd/3R9wWe4UnXHTUVxpXNLnjLm5yQVQT0ctFMYpGkY4XhfwV+KUvRd4NJcJXOoZx4ZBOQzPdfUl0oaa6UTauDDtTdbXD0K+e6qmWltdcj9VfT3mqPNaSOoof+V+mYwxNqmFoGCNwgU4cXOik/Dspro5KSXDxx+6bVQiVpng2J5Wb5MM7k0pGc6i6eguEDgWDOF4R1v0YC6RjocHfBwvpRri5ul43CzHVnTEV0pnSRMGsDJC6ek1nxvk8b9QeFhq6ntXZ8eyQ1lmqzDOCWZ2PZXVLXFsjHjgLVdb9JzPD2Nj0yMJwccrzyCSWimNLVAtIOASvWaPWfIuT4D5vwU9LNuKN5S1EVTEHsIPqPRBqadrwqOhqpKeUPjOx5HYrQwzMmaDwuxXNTR5SUNjKWvt2sDScEcKPZ7zLQVHhSOOgHG6v6mEOGcLO3K3PY8zxNyCdwETX6DjJTjtZrKqlir6cPY0EOGQsu7xKGqIBLSCpXTd3ljlFHM/LD9Oeyt7nboa3cN0u9QjTwSS+N4NT0Z1YHNZC5+4w0tJXo8M4cBtsV84xyVNqqhuWlp2PqvWOj+qvmYI4amQE7AHO4+6dCeeGcTX6TH+pUjfjcIyjN4Hunp6eezjD0kkk0MSSSShTHpJJKC2OSSSUIJNTk1Qgk5p/ZNXWqpdEIHUPT9F1Fb30dVG0yYJieRu13svA7tQ1VouM9trYdEkDi0+/uvo7uFjPiF0nFe6SS6QsHzcQ5A3cPdIaOlotYq5KEzxd7cg7Krq4BnOMZVu5pBLXbFpwfuo1RAHj/VIlA9PXZjkoJ4dwAF23yvpps+vKl1EWDxhV8jPRZJrDNcXv4NHFMJWBwRVU26ujbpp5TjPBVq06zsrT/ZntjtYlHljz2UlMk+yZ/crosuiepX9J3gTvB+UqMMqf+TPP7n9V7xcoIrnb3Na4PjkbqYQc88FfNkrQdyvWvhL1Qa2hd07WuzNSNHhOJ+uPOB+mw/MLRRb92Gcryendy+VLk9O6Wrf4vaKjp65sD56eIN83EkQ2H5jP7qq6Uq6noTqR9qmkPgSybe7CUCWSe03SC5Q5Gh2Hgd2nkK96kooOo7MLvbsfOUfnYRyW9wtk456PN4zw+j15z46qlDojlkrQQc9ilQzmNopJ/wnykrC/DnquOstsdFWPxI3y7ncey2kwwRIBkY2KW1xg51kdksHjP8AaD6ArbRVw/Ffo5hhq6CTxa3SO+BplPucEH8ln7pX1XWdlt3xa6IqGRdQ2Mh74c7kN+tg/bS0j6F9GU7qC4Uz2VELamGQFkkT92uaeQV8x9SWur+AnxHDKV0rem7yQGnGs6PUejmO7f8AVZZRa6OxodRK+v4n+cVxn2vaZ9SfDb4hWr4l9LU/UtsAYX/y54tWfClA8zf1WqXyLZup3fA74iRX+PVJ0d1aWmuFPvFTyEgtkYf0O/4SV9dxeDNCKinl1xu+l2MZR1Pemn2jneQ0saJqyr8Jcr/7r/oIcorCMAZUcjBwntJzyntHPJSS4OF1KIOSSSUIJdzhcSUIJJJJQh3JSyVxJQh3JSyVxJQgkkklCCSSSUIJJJJQg1JJJQglxdSUJw+zxn4pfDGrtNVJ1/0C10VXGddRRR7CX1I9Fd/DH4mUnVdE2mqneFWxbOjfs7C9Ojdp3XjPxS+GNwoKt3XXQZdDWMJkraVg2mA3y399lDRGcZLEj16N/tyjg5Xl3wz+J0HVFMyhqwIq2Lyva84OR2XpLJCBuoKnHD4DSN1D7KI9hbuFL1+yG5upQojtkIIBRmPyEKSPcEdkxr8DBUIS8j1Tsj1UQEl2corHDYEo8EDpDdcBGNyuqiEauoWTt1gAPA5CqY6h2owS7OYcD3V8BjuoFwt7JR48TcPbucd0cZYIRC4+q62U4wVHD3NOh43RdkXZaMt1j08+pAuFEwFzQfEaBu4eq+Ufib0XcejLuer+nMsa+R0tTCG7u33X2u7B7rBdb9GtuNNURMjBjqONvpO+yRdUpo7Hh/JvQahSPE+meroupaemvdtqHQ19McVB9+235Fer66brvp4MfoZVgc/4gvl69Wu9/CfqYVby8290h8gbkSAnZpXrnQvVtDM6K6UM2qOTAc3PHsV57XaTHKP0l9IfUkNS1CTwGp/munbi+ir2ODHHTnsPdT7tQw1cJLmhzXDIK0XVNoi6loRcreQZGt8ze6ylpuscoNrqTpliOkErivMHg+qb4zXJ5x1h0tqjc4REkAkEDdeYzwOjc6NwILThfR12oDISC0cceq8h6t6blpZzNGzAyc7cqNZ5PM+V8d/XWYqKR1PMJO3dW8pZU0/l31b5VXPCew3C7aa/w5DA/wC26Yn6Z57a4PDGSRmJ2Butf0jc9cfysjtxwqGtp2OcJGN5G6bap301cxw2Gd0ucUatHP47Uz0Rzc7KJO0DgcqTG8Sty30Q5IiUjB6VfdyV8jBzhRXtDtuFZSRHGMKBM0sOcKsgyjwV07A05AUaSLG6sHtBxlAcz0UMNsSslafRRJWYHCspWgHhRZmggKGC6PBUTtBdsEBzduVYTMwdgoMoPpwii8s5N0eRjOd0OZucEDdIAh3KccFuE9IxuOQbCWnZWdFUkENKq3gxuzjlOZJkbdlHyFXZKt8Gsp5tQa7lWtulzMA7hZW3V2CInK7gkLTloz+aXwjv6PUReHkvamDxI9cWDjdPttTob4ZHCFbKhk2Gl2/oUaroxCROzIzyAcJM0dyucZ8xLRj2yNAAUGupABrxlKkqS0AOCmvf44HZLwPb3FZQV7qSo0yjyEYV60tD2yN3DtwqO4UWGeIwcItnrnk/KzHIx5SUDjkKqc4vk2VBVeI7Q4jhSQ4sdkDCoaSZscgLTwrmOdsreOUiyvB2dPqOEXFuriC1pIV8x7ZGBwWOgf4Tw7fZaS2TNe0ebO2yySidzT3Z4JvOQoU8IB1AKad8LskIewJL4Nqw+StaMfkuuZlHfAWuyBjK6WAKuxsV+yE6LPZQ54Adi3IVu6HAJIUWaLPCgNleTHXGlNPM5uMNduFXOiPI7rY3O3/NU+G41t3BWWe3QXMeMFpwVDl6iGxkeMe/CsrVcam21LainkIIOcZ5VbINDtu66HFw9Eu2tTWBdFjhJNH0f0N1XF1DQhjngzxNGod1ronEHBXy9031FWWOsjnp5iwgjO+xHoV9A9L9TUnUNGx7ZAJgPO1cLV6bZyei0+oVvBqGPyEZrvZV7XGMjIUiOUEfdcqcMG1cktOkztugA6iMI4kGkA9ksh1riThPyA3dBTt+xS2sE6I79UUhmbwFOoqjx2A5GUBrWuBDhlBla6lIkgz7jPKEBl2wADY5yukZVbS1bnkEjf0VizjJKABrBxJJJCyM65cXXLiUCFQnswirjxlqgKGxkb7oyiAFpyjxv7FWmW0ESTEleShJJJIWQaSexTTuE5Narg8MtFHc6M08prGDDTs8pjZQ9o991dVEbZ4nQvGQ8YWdbHJSSuhkydJx+S30z/ZojLK5CTM8uRyvOfiN0sytt5rqduHxHJwvSh5hhVF0gLg6nIyHBdSieHkVZDesHzRPTlpw4bhVFW7RJgheg9b2GS2VzpmsIY84OAsBeYXxME7RsDuvQaazeec1dWxthrbVmGdrmnGD2XrNquoq7SyfV54wAfVeNUM7H6SPRbzpe4RupnUwB1A5+4WmyG6Iei1GOD2Sw1IqaKKbOTjBVy1yw3RlweXSUxOWt8wWzY/Izjlcm+vk9JRLMUyQCco7OFFHKkM4WM1QeRyYTtghPTWqFpZAOcU1GezG+ULV7JsUDKOEDkaHDdRZomuaWkbHZTnjIKgyAgkLXTNwZmtWUYTq2zsq6WaBzMggr5jvFBN0v1K8aS2J78j0X2DeIGuizp3XhPxd6YFZTurYIgHx+bIXo/F6x12JHz76t8b/ACaHNLlFVbasTRtlYdyMrU07xX0IZy8DC8w6TuhLPlpHedmy9BtlW2F0buRndfRabFZBSPkkIvo03R9zdSzmklONJxuvRYpxljxvnfK8nl/kVMddTnyuO+F6DZK9tZSMIduAuRrqeXI999K+Q2v4LGaiOUPG+Mo8T9BACq6d2HDJVg12poC4NsEmfR6rtxZxvLmgpwJyo1I8BgYeykAg8LHOODbF5Cg7cpZHqhZKWT6qYGpZQUkY5Qjylk+qSiRaQxJJI7KyyBcYgzTPGMFp3+ybG/U3OOVJmIlGkjbhVsBdDI+ledm7s/5UZCUmOGQnpqgMugMsYOMBYBrXdL9dNLDppbuCNPbxO69Ecsh8QLW6stnzcAxPR5qI3DkFuCqnnJitW37jUg5JHouqq6cuf8Ts1LVucDI+NuvHrjdWmpNj0OrnuimwaSSSssr7iPDrKeoaPqfo/VHI3KZc49cGrG7DkH0K5GSWgk5yAVAB45QrgNUAwN2nUnDlKpGqleOdijFzZFbnSHH8SchwyeJTRHG7dj+SeDkk+qgtjyMqlqBiqcrpVNfGYnGfHKYxEl6OMJwmPAwns4TXDGMokY7OzO3OPTNqA35UcOyzOcqyu0eS4gcBU9O8+GGnkFPhg5Vz2zZKopP940k9lPc0A8qqhGmu52KspAchGhSeUUk58O5jKBfMy2qcHsCf2Uu6BrJmPDdyNyo07vEpHtx2WzTPEjha2PyV2Vv2meHvaBK8Yx5ijwjAGy5WN0V1Q3GMTORG4wML0um/Hk/MepW22UX6Z1Oamp34Vol0IGS4+rOwWXusolmLWlaKvfopzg4WTkJc9z3ckrn3yNWmjzkZwEJ25RJTxhDjOMErPHs3YwSIBuFObjQFFjGCEUO2IyttYpnJn+blRzg90pjuMFBAJPKsZBDmNLnhWELSMZ7qLBERyFY07c424Vo0wXskU0OojIVkIgGjfCjwNDQBhElJ089ltrSwDbPCHOPoUN7sDcpjTvueyZIfda1wjnWy3DQ/fhDmkDBjIXdYAKra2bsCl3XRgsslccvgFXzuewxt7qLFDndwT2tLnZcE4va0HAXKsnve41RQJ5EQx6qvqZi46co1XPjZRC0uOVmk9xojHA5rTnUe6K1hecAIcQz5VZ0tOI93DOUMY5Lm0kSIGiOIADG3CBUzbI+WtBGrkKprKhpOG5IRPCQmH3MFUSEnlRcHOV0uLnZUiFuwyFls7NS+1DoI84BG5VhHDsDhNgiaADhS2swNgpBGWyZxrSFJjBaRtyuRsxjZSI25OcLRFZMdln6HsYOcIzcDfC40DCfpPZPjEU5ncZT2tIICexhJGylxQYxsmxiIcjkMIOMhGk0tZ9k55EbcD0QGsfI7bZMT2spRcujjS579OM5U2npi0h3quQQhuPKFPij2Gyenwd7xfj9/+pMUbMDhEwE8NAGEmscd8H8kuUsnp69Pjo7FCXuAAyrOKDSBkLtNTeDGHuAJO65V1cUUep5xjhVk0qr4o7gdZMynjLie2wWWudZ80wx4wu3O5STPIDiR9+Aq18vqmHnPJ+QdjaizmstAHKJC0tw942TIoXSu9ANynzSYw1o2GyI4M5jKiR0z9LRgDZGp4Q0Ake6HGwk5wi+LoUExeZEiJwb7KBcLm1zvCj7clNqK9reFn3VLpJDt3KTKWDdVJIumVOrB5ytz0JZ21VWKqUZZHhx+689tbDVTNi917V05RMt1tihDMPcA5xWHUSye1+m9PG6fzPovA46sBTIWjSCeyhwAuI2U1n0hc6bPo1XCC7AeiiVDxE3UXAAI0pw3lZq+3QsIpon4J3Kdp6HbLBl8h5CvQ0uybKy93H5qYudlsbNmg9/dZ2oqHPflp+yPX1TZX6GkkDv7rb/DroSSoqYr5dotETPNCx2xJ7Fel02nVMUmfCfqLzi1VspMs/hx0E2Jrb/1BCDIQDFER39SF6G1rp3kjZrePRPwNgMaRsAEF8s00nyNFjLvrcOy2NpHzy66V0nKTEWz1D/l6KPUeHH0V9bKBlFCGgDUeSm0VCyiiDIgdX4ndyVMbsMErNOWTK+QuQwZTCXyEZTW5JR2gAA5wgFvgfE0NIc5QrndWwt+Xhd5u5QbjcAweDA7J7kKJDbjVfzJ3EOVRWHkpd5BtZUVW8bdWeSp0cNDZ4xW3SYNY3dElmpLVTF7yGtYPzKzr21XU07pqxumkGzIztkeqJtHX0PibvIS/wBNfb+wdyrbj1sHUg8ajtRcdQZJvJ7Zwj1VZBaaf5C2xMbI4duT9yjVNSyjiFLSNa3S3Ax2VFJGWudJI8ueTkuJws1t21H1Pwf0xTpsWWLkhNhe+R1TUkySk5JPASfUtORjKgXC9S+IKGkZrL/qcDwtNYujXBray9RebA0RHcY76h+izfM5HuLf/lYZnw/0Vlq6Yr7o81tQ4/LgjbHHpla15oLLSBseBp5I7oVVeny1Ao7Q8Ol5kl/DH6A/ff8ARQ3xQ0MDqiunc5jN3OcOPyR1V/I8s8X5zz9emShb+XpCkq7hdZHztBFMB9WcKgu14e+oFo6ZiNZcHAh5af7o+mEx91uvVL3WjpmEwwv2dVE7Aezf/VX9PRWToO2mOnBmuMu7jnLpZPT9yuhGEK1wfL/I+Tt1k/veUukDsvTtL0pC+7XmRstW4ay93+imW2xdVdezvexjKK1l2zsYLwr3pf4Z3PqGaPqDrqQFgcDDQN3YG7/V+y9bp6WmpaaOlpoWxxxjDWgJN1vpHHnN4KHpPoizdM0oZDTtfJyXuGd1omS9gMBN4XWs2GDzwsbk5GZvIVIkAE+m6pbx1JRWw+E4uqKj8MMHmcVXtoOpOpg11bJ8hRn/AIbDiVw9HFX0UGuvVlNTvFHQwPr6x+dEVOcgf8x7YUePpq/9QaT1NcPCojv8nTDQT/zv3JWit1loLRGY6GPQHfUe5KnNQufoIhUFqt9pi8G30rIWejRufzUjV7JxJ7piU3kg5JJJWQa/PY4XWrqC6YjhqhB5IHdDdNp7ZQiXOTmszujIBmmqHnETUIQyPwJXZU4NaOExzfdQgLwWsxgfmnDghPXDwoQGeVxdPK4oQcSMcoDtyUi7sSUNzgBnlQh0gobpNPKa+WU7R7IAp6mQ/wA3cKEHGsDSQG5yguNTMQGtwCpLKaNhzp390XIHHZFGWCENlBLJtK3b7pwoKdmPIpjZSNk1z9W2EcZZIDaxjBhrQMLmvI4SXCA0Ek7ImQY8knYoXmLdyh1Fxo4Ml8oVe6/U8rtMLx+qohOfycoRl7YQPGL/ADZO6cX4GcKlJsg4numl7QOR+qCXEbYQ3lkbdUj8ItpCQ6owdgFEqawsweFX1d3p2eRr91R1dyqJMgP2RxjkKKyXNVeBH/xVR1d0lqJHYecFQXOfK7zHP5rgbjunKIbWAznukOpyad+UhslkKFIS4XAdwkTyBz6KfbOkb5eXN8CnLGO4e7YK20uw84RVmVu+4VnaOlb3eC0w0+iN/Ejthhb6xfDy02pjZLg0VU2PMHHLcrTmQMaQwbHlInauog78GbsnQditETZqz/eakc53AKuZXsDdEQDW+2yi3K5UlGzXPJpPYDusjduo6qqb4VvBa0/U490Ed0uxbbZfXK801ITG14ecc5WYrr5U1TXRt8oPfKqpHuO8jjq7oTpzxhFjIQZztTTqdn81GdOQSMJEk91wMwcoo4iQRe9w3KGc91J8MYAOxToaGWoIbE0n8kTCbwQ0SOMybAZPotHbuk5JvPUDYcrQUVmoKEamwNLj67ofkLlLBkLf0zX1gD5QImn1V5TdNUtEdbiJHfbhXctRBAdDyGZ4CyN4+Iljt+W0kvzj+xiPlP5quZFJOZo2MZBnOGgeqo7x1lY6AuDqkZbtxnK88unWl3u0hLJnRRnOwPKppsyEF2590eGNjU1yaq7/ABDrqrNPb2CFn/eAYcfss5VV1fVDVUVL5NXq5Rg3CeSNOkHKg2NYz2SwE08pIxqikLJS1e64SMIJJzyoXgIXc7oZcVzJ9UlCHclcSSUDGJJLjnDHKhBpIAO+6ASeF08rihBiSSShBJJgOU0nKgSWRyS5rC45wIwCoWMSTTyuKEEm5KSGeEUY5GRhnsfkeqahZOvGU/O2E1YiGoex2QmavdDfIN8FBLyDkkoHPBWMErIHJXCRjkKFJUY2CA6pkxhuyDeMJbngHlMdLgcqL/Mcdyd09sfB3UykQTql4PlCXiSP7BdeGjBcgzV1PENzk/dTchkYNh0lVS3yEnS0b/dcjuLpPqOQqD+Nrssdv6guILXFx3JRmluOURTjgSSdgDlcL2sGScBU5IAWCujDRl2w9VCq7vS0w+sE/dZy5dT1UsZipHYyg+RD66ZTZpqu5UtMMmUZWZu/V8j9VNCMgd8qhk/iFSQZM/qnNomEgyDdJlLcbq9PGHMgU89RVbSOLgmR0RznGMqwjpmtwMI/gaiGtG/2QODyO3KHCIcFM4dkYQ777KxprXUOIdpwFYR2mHAdL27KwXdFdlEyl1EFrf0U2C0yzYy0gBXUMVNBkNiGfUroqA3gJhnnc/6SLT2aCPcjcKWxjGjDcDCa+rAyFDlqz+FA2sA5nJcsnvGBnKhzVbGHB5HZQ5qqdxwHbIO7uTlKbQUYBp66VxAi2HqmOkc4bqJLcaKl3mlCpK7qkOJZSMIA7koZTjHs0R005Pg0b5hENTzgDlV9VfaGBhMby947BZia41lTnxJXAHtlRSzO+Vnldno216RJfcW1X1HWS5bFhjVUy1M851SvLvzXMBdS5WZNKphHpH7KpJJL8in6/EkkkoQYknrh4UKbwDmAxhdgOIw30XHAk8ZCTWkEHGFBe9hUlwcLqhRQ9b9KQdW2Z1C93hzRnxaeXGTHIOCqLoHqWW4w1Njvkui7WkthnYRgkY+rH3yt6VgviH05cmS0/WXS4zc7cT48JO9XB3jz+WfdWw84NiHggkHOAq+pY8SfMQnS4ei501e6HqWzw3WgdlszfM3nQ7G4U18Rb+H91RJLKwTLfVGphBP1DYqXgqipZnUM+Q3LHdsq9ZK2RrXAbFQyzjhnEkkkqSyAEBwg1tPHW0zqaUZY/kIx24SB3VRk0w4yyeQua/obqYyM1CkqHaXN7BxOxC9TpKmOeBk0bgWyNDhgqn6z6divdtdoYBKwFwdhZvoG+v1S9P1riJ6bdhd+NvGy1wky5vcX/VFrrGyQdR2CTRdbYTNFGDhs7R9UbvYryf8AtIfD2Hr/AKOofjX0G0mvt0emsaG5PyzQMk98scHDGF7juQM8hZF1UOguoJayqY13Tl/nDK6PhlPUOBAlxwA7Ol3HK6+i1MtPPemcrU6dajhdnzd8Per332gY6VwEzBh33Wa+O/wwd1lZWdTWOEfxi0RaC1o2np+7SO7hjy/crXfHP4XXH4I9ZQ9Y9MQuksF0qDhkRyyB5x/LAHDd9lZ2DqCnulK2vt0x0O75X1zwvkI2xV0TxfkvHrWVOqzo+IqeoLgjh+vsvXfj98LZLTVO656aodVHUvAroIxjwHf1tH9J3/Qrx6Fw1YXt6bVZFSPjnk9Bb4+347F/j/BZ0Uz8lrjnHGVYMIwqmIljmkd1YxYIBJW6vo4syVkJ6ADvynjhOBbwESSSUEuWRySSShaeRLoBykOUTYgbKBiA9UsBdXRwoBN44OaSuFuBwnpYyoKU+QBHolgomAuEDCg1PIFJPI9EsFQMYmu+kpySAm8EQcpYKJgJYChASEpCYhDAvZkcqPpPdTiMoLox2KU45DTwQXN43X0R/Zz+L4ic3oTqisJg0k0kr9y32z6cL59kblqjRyVFHUMqqaR0ckbtTXNO4K4nlvHrVVcctHsvo76pn4DVbbG9jPvm/WWF0vl8urghZWaGagmLHjy/sQovwP8Ai7b/AIi9P/7P3hr/AOPUgBc7tM3H1D044WvulvY8Oikbkj6SvAWwdU3Fn6i0Osq19MbqZJpoy0kLSPFi4PI9EB423UnL6WV0EzcB2wK7JBpAI4KqEnFmq2CaMH1l0tBcIXTwQjxMZIC+e+uOlXPLnMhLJW539V9Z1MQznCw3WfRcNzhfU00QEnJaBz7hdzQ61weGeC+oPAx1MXKKPlGhq5aeT5WryHNOAStHQVhyG5ROr+kJ6GeSRrCCDnhZ2grHNcWuBBbsQvW6PVKaPgnmvEvRzbwbVjxI3JIKbNE07gZyq631YkABPCtWgOaD/qupGW481hw5M5drZJG75qlBBG5AVn0/fWVTRSVpxINgT3U0xh+zhlZ+5Wue21HzkPmjJzt2R4Gb/kWGXt3tzpma2b43Cq6Ksq7RUtlYXDfBB4IVpZLoyuj8F7gSAmXiiGkuaOEaBT28M9Q6S6pirqZkM0uTjAJ7exWtjlz+fdfO1nu09rqAWvOnK9e6W6pir4mRySDVjAOU1M42r0UYt2Q9mw5T0wcBP909PKOUJEJyhp6MGTwJJJJQASSSShBJJJKEEkkkoQSRaMb7hdaupbKSzyeWfEfo8UsgvNqptLHnE7WjYH1AXnsjCRkr6QmhiqInwTsD43ghzT3C8c646Rq7HUuqKdmuhkJLC0bsz2KU1k7mh13VdjMNPTiQHZVE8JackbK/0qJVwhzMAblY7IHoq7Eijc3DgfRW9vrg5wjcMKtfEW87LscxieHhufzSOh80pxNCJPZKVucIFHVNljGOVLTk8oytbWRHN91yjrqm03OlulIcS0sge1HezGN0CRmRsMq09jyU1uWD6Lt10pOpLTDdaYDw5RjGe/cKy6frI7a+Wlmf5Zjhm3fsF4h8LeqnWu5t6fqXEwVoIiy7ZsoOw/PK9jezSQ7G43C6dM98cnktZpp6abi+vRKdCbRem18R0wznS8DYCRendPXiG7UxhP1sG+/IXndNMy50xp6ljS5v7+/3VjZap9tqWOYSNDsOHq1W+jmWw3PJuBI60VBcW5hkOdvwofWPSVo+IXTc9mrnlombrgmbzFL+F4+ymRT01zpwcBwI3BUB1wf07VNErXOtcp/vTuYnen2SWuREG6pqyPaPnbpbxq6lu/wV60Hh1UeoUmvfQ4HzBuf6QMtXqH9mP4i1tLW13wX6zkDbvacmgc/6p4gf7oeunZzf8H2Rf7Q/w9muVFH8RunXuZeLUBM9zG51xt/F+Wf3XkXVFVWdU2m2fFDpyUwdTdOv/wB4DNyQwgbjnbP/AJFlkmpqS/8A3R6KCq19Pxvp+/8All/7M+3vc910crEfCP4jUnxV6Pp+p6d7Y5cmGqh1Z8Odo8zfuTnC25aGjJyPutUZKSyjy9lM6JyrsXKeArSNI3CJkeqiDIPKeHbYJQCyRkeq6ooJznJUkcKEOpJJKEHJJqShBySSShBJJJKEEkkkoQSSSShBJJJKEGpJJKEEkkkoQSSSShR4/wDFr4Z1cFeevOhcxVrTrnpY9vExyVZ/DP4mU3U1M233E+DcIfI9j9jkL0sHC8h+KHwyrqerHXHRIMNXATJVwRt/vT3eP04UNUZKUVFnrUb8lGXmXw1+I0XUNEyCucIq2PyyMdscr0lr9s55UEzi1LAnNygSR9wFITXtyFCiLnfBRANuR+q5NGc5AwhMcc4KZkhMyU5RwcoqprBB6cdkJPVEK2vo3PzNCMObwoLJuxxlaBmMEkcKmuNCWO8eBv3CaQYDnKHM4PidERkO2KTH48hG64/lU+UCeTfFD4d018pJWT07ZYXg7Y3C+YGxXn4TdQmCV7n0VQ7yZ4cAePvuvvOaGOojMUrQWkLw/wCMHw4pq+mMBjHhzaiHBuS0jGCP1WO7T/Ij2P0x5x6K74rHiL9/oL0h1JBPDDU0dSJIJWhx9ACo3XFlML4uobRTAtziUt7++F4l0H1PW9CX5/SV0me6lZLoeDyMHkL6JtNawj5WZwkpp24wdxg9wvO6rSfG+D9T+B8otZpY7uZLszlFUsvNvbUx/wB4wYezuFTXa1RV8RikZv2Uq5RT9IXlwbvT1Dy5npgqymY1+KiNuqOUaxjtnssOMHfw7eD576htj7ZcZYHtIGokLOVUXhSmRu2rde79YdOUt3p3PjiAmAJBxyvFrlRyQySU8oIdGS1AeV8ppZaazL6DUNUKqnDTjU0YKa5jo36gMEbqmpZ5KKp1H6DyFpX6JIWVEYBGN1OznQnhmqsFb49N58ahjZWj2jGpY+xVhiqgzscLZBpeNu6U1k9JobVdDDIczdRACgzsBGVZvblQpoyztykSWDbOPBVyNOeEGQZGCpsrMnhRH7FUYLUiFI053ChStOFZzNGOFEkbk7KGKxJlZI1Qpo9O6tZWdwocsWRhHF4OdfXlFY8chMiznnYI00ZZIQh6gDuU5M5U1hnZG6gCAop8pI5yp2NTVGkYc5CMVLsfBUeE4PA4Wjoq2OaIFp39FlmqXSVBp5A4ceiGUTVpbPjZqYZpIZBIw4Woo6htfSljiCSFlKaRs8eockKTbq51JMNWS3KW0ej0eoUZZfTLySOSncAeCptFIHDSTuns8C40+W4O35hQWNlo6ka8kDj3S8HZUccotJYxIwtKpqpjqR7ZmjcOV5FMJmZ5yo9ZSCVmkjGeChwHjK4G0dbqa122T2V5R1TiAMLKRh1LIC/YNKuqKsa4hIsH02bZcmgbIXYOVZWutEEoB4Ko4JNTQjscQsk45OzprtrybiF/i7o8cpHlwqW1XAGNgcd/pIVsyUZysrXJ3K7NyDuia5ocAgYw7ClMla4aeMpstO7ILQhNUVkjyR+UYUbHYtU7bjCFLEDjCoJrJXzR7beiy96t2hxqGd+QtjJEQMFVlfTCZhjLc591Zi1NeUYXUHHHousZncrlXA6krHxOGBk4T4TqKNI5X4Swxr2HOwWl6P6qqrFWMJkIbkb5/wA1SaA7AAyUOSMxEEjCRdTC2LTNNds4SUos+pbLd6e9UbJ4XAu0guAOcZU+PIPK+fehet6qx1kbXynQ7DSCdiPRe+2yuo7xSNrKR4OoAuaOxXnb9K4cHo9LqI3RzEnxHVyUQ7YwVDBMLso8UoeN9lzJRwzW0HTw4BMyE0E5SwQqa8BzcFIOGOU9pwclWQj4khdqaMYU+mqvEaGk7hCkDXN4UPLon6mpYLWS8BwiAYUCmq2yMAJ3UtjwRkFDhgT4CAYXUkkoAS5keqR4TB9XKhAh3BKZGdR9EUEAY9UF40jUoQMkhxvGkZREAIkkklCCSSSVoiGHcYVZcqUuj8Ro8zDk+4VouOaHDDgCE+MtoaeDNRnBxhDuEHiDxgN1MqqZ0NQ4AeU7j7LgIc3SQttVrGMxPUlmF4t76YgCQeZue5Xh12ts7HT0T4suYS0hfRtfA6OoLsYaeF5t8Qunw17rtTN0gjzY7ldvSajaczVU/LFpHgtMX0Na+mkO2dlrunq35eqac7OWc6kpfAq2TsGNe6kWyqLmtcDu1d2ufyI89TJ02tP0erWa4voLiyRrsMecEZ9V6rSSa42kkbjK8Mo6s1NKyZrvPHjK9W6VuJuFtilc/LgA0rLqa/t3I9Torvke01DOyOOFHjxgBSRjHK5so+zrcISegp6SQXYoJ2yjHhDIOUZAe/ogzNxghHyPRMlbxtlPrnhipx3IrKiESAAjIWE6qtMdTBPBpyN16NIzOMqgvNv8VxcwDzDddTS27ZKRxtfp/lrcD5AuNPL071JJGQWsc44/Vby01rJoWnUOAUb4s9Jl+qvhZhzNyQFiemLhLGxjXvyOOV9C8TrPkrwz4f5jQvQaiUcYTZ69a3CandTyYOseX7qx6ZuT6C4igl4eSBlZi1VmpjHA8b/mryvZrZFcafZ7MEkLp6iv5I4M3j9XLTXKaPToXDZw7qdHKCACVmrFdBW0EcgOTjBVrBLwCvL6ipwk0fYdBq421RsRbw1BacKwjdqYCVTMO3KmU1T5GsI4WGxHaqs3InpLjTkLqUahJJJKDRJqcmqFMZ4fuqu6xOaY6iIZc13m/wCVW6jVMYlBaD9QwjIgLHBzQ4cEZXVDt79BkpH7OjJxv+FSyQQoU3lDJTuMFQ5cuwjuJJ3Q9jsQqM9kc8GN6WlbZeoa7pmXIY/+fSZP4Ty3/JbUuGFj+sKZ1FVUXUVM0+JSSefHJZ3C1ULvEaHZG4ztwjFQeHhHTykNlxPBwfsjGt4B1I1wObjsosXmjj9mBT3tDm49lW0x8j2n8Di1EngF9BAMORB9O6GBg4RW9lYiWWVlMMvnh48J5x+e/wDqnob/ACXGVmMB7dQRFRAjVEuMOuDblSwcINVuzAGU0XLor4tsBdmHlAQgfPgdkSXdoCtvgwXIgVrAWau6zjDpqDHjGorTyM1AgjOyzNYww1zdts5RQfJy74t8hS3TUMcPVWE7gGa8cKAHAua5TZAX0xwtCERKq8Z8NsgG+yjRjMQae4Uy6tzTAY4USJwLRha6JbXk5ephmTR4/eYPCutUMY/muwozNjj0Vr1PHpvVR2BcXKsYMOK9Tp1iGT8yeWr+HW2w/TYVv0hddsEhwupkjmp5Ke7zBsJblZ9wGNlYXmQukLAdiq3GAudcdLTrECPMTkDK5FzkFKQgldi5KGCTNTJ0H0rhJ4SiadPCR53WpfaKw8gJuy7A0lwyEntJIwjwxkAHCjlg0QhklRMAH2UykjwcqJECVPibpARwG9ElvCbJ2XQRhNkI2W2sRfLdEADjhI790/UNOM9lGkdpBKcznNbgdRIIxyqqWQySfZGrZi47dlGY3Uclc7UT3faaK+ArSA0qLO44PsjP27qvqZhkt7hY5y2o0wXsjTPdI9GZjH0/umsaCQfVHiYHuGNkqLyxkpcBaSIOfqLcqcdmpsMYY3cYQ6icAAAJ/SFOW5gKqZ2MeoVbKS45PdSZZsuxhR4uSkTnyNgsI5DCS7hT4IsYwP3Q4mbDZToWDZKJZPHAWJnZSo2A+yG1mANkZjMDKOMUzFOWQkbdwcKQwDCHGMYRWrRGODJJ5Z1GibggHumxsJKsKWDcHSnxWRc5bTtNT9yMYR3ubG0DGfzTnObE3ACi7yOxnCckK5kzrnukIAClRxho4Xaam2yQpEcJJwVHhcnf0Pj5SSch1PHk5wpeA0bBciiDBwjRjU4BR2HrNNplXDCGQhz3DAVpSUuMOwlR0wxnSMKTO4QRF+MYQNm2MVEHK4MG4HHqshcq98kzg45aDspl1uxkaWQyEZ5Kz1RMXe5Rx+5nE8nrcRcYCkkDiT3TYGl7skYUfzOdnfbspZcyOPJWqMTx9luQ7y2JuG44UZgJOSE3UXncozSGgHlWZ22xweGfhUCrqO2yLU1AbwFTV1RqOPVItkh1cG2Koqi44CjsxnOOUA6icqRSwyzzNijbkuO6xTmbqoOUlBeza9C2dtTXNqHtDmNw4heswt3GBss70jaG2+gj1N87wHFaykiJdkjZYbbMn1nwmihpdLGK79kiCINAOEYnAyntbpb9lEqZxg7bBJjHezuTsjRDdIFcbhFSwmSRwGOB6rzuvrHSTvlJ1F5ypXUd6dUVBhYfKz0KsOh+j6nqKr+YqfJTNPDu69HodE6oqyR8a+sPqJ3ydMH9qLLoLoh94qG3O5Q6adhDmsP4l69pjY1sUbQGsGAANghU9PBQUzaanaGMY3G3skJA8YHJ22XQlz0fKdRqJXy3SOuklmkFLSDL3cns0K6ttvioow0DMjvqceSuW6hjpoQ/T53bk91LS22Ymw+AEwannbZcHnP2T3ubE3W84HqhIEaGgZKr6yu8YmCB2PVybLNNWuEFIcB3LvQKZHSQUUQLgCe7iELlgX3wRaK3tB8SQZI9UaaZtOPJjKiz3CTcwtDYzsD6qMXl4Jc4nKFySPWeB+mrdfNTtyogqj/epXSVHnA+keijyyysbpjOkeiPJygVM8FLC6eoOGN5KzXW4WT6/wCN8RRpMV1rn9ESaTwz4khwBuSdll5qyv6lrRQWmAtfJt9WUUm59Z3Jtrs4LYQcvlHAHuvRHxWH4b2jEI13GbjzeeQjsT7Z/dc+y3ez0lsI6FKDSla+kvRCsfTds6LpmXG4zxmp3cJCOMc/6IQF16oy5zHQW9x2YTymW+1V/VM4vXUzj8sNw3j7bKB1N1m2KM2WyxjWAWktP7BatNS5cs+ffUPnoeNcqqGp3e23+IW9dRWjpmj8GnlaC/nHt/8ANVFQ2e99bTNmukop7eCCW5z4ntnbHH7onT3SkMzhduoz4kcfmbHnutHSwXjrS5/wTp06IAAXz48rG+pH5eq6DkocLo+QX3Stm7bXmb9jPm4KKeHpPpKiE9e4hoEQxjPclekdDfC+i6ffHebvL8/eiNT5n+aNn+FnsFedK9C9PdGUkkNupzLUynMtVIcyP9sq9AIGAdgkWXN8IxzluHOwRl2MoJ3OwTZZGxtLnHAUCSvnl1Mt/meNt1lbbAbySqysp6VuqeUNCqDJeb1qgpHeBTHiT8X5KXR2d0swluYMjx+ivYIWRNDWNAHoFaeACstPTVDbWte0eLMfqmk3f+RVvjSMZXHD0SHBQsg08ri6QcrihBJJJICDEkklCDU0taU5JQgPSPRNT0xGQbkpJLh2UIc1eyEZBxhddIG7EIBkHOFCBSdJyd8prnNY04IOUEvJPCQaSQoQaZHZxhdDSd0UNAHCaoQ4GgJ+D6pNSdxlWlkh0oIYe66cyYwEKeoio43STOAx6o8NFpZDNAb35THAM3e7SPdY69/Ey227LaRrZnjbGFg7v1/drkXZlLWngBFCIyFbken3fqq2UGQ2YOI25WVufX75mmGDU1p77Lz11znlz4xJ912B01ZK2np4JJXu4DRlNUP2MlXs5ZpH3102z5SR91aWmbW4aDueCg2D4a36vLZ6wMpouSHHzfot7QdP2exMBLXSuA/Gc4VyUfQp7fRBoqaucAXt2+ymFsUDQZZA1K43ylj8rTj7LK198ZOScknPAKUolF1XXSli2a7JWbuF1mneWMf5QoUtSZnZwUDuU6MSHXOLjlx3SySnLhOFCdDQMJJB+rjfKsrX0zdbmdTIwyM/iKtyQbeOytKsLV03dLtgxRlsZ4cVvbJ0ba7cxsk8XjzY3LzkfotCyOKFuI2NY0f0jASZXY4QMpYM9Y+g7XbmMmqWePOBk69wtO1zYY/DiYGtHZowFCqrxQ0cRfJKCfQLOV/VUtQ0x0QMYPLj3S3KT4bAy5GjrrpS0UZfUSBp7BZa5dVSSgxUWpgPLj3VRPNLI7VNKXk+pUGV+SQApCPJeMBZ6iWZ2uaUvJ9SoxmyNOAEwFxO67laI9DIxWAMxJOUzT7qQ7Hc4XYIpag4jZlWRrBG0FSKainqjiFhcVo6Do6onY2SoIa0+q01La6OhY2OCFuQNzjJKFvACk2ZW3dJyzDXUuDQN1pIKGkpI2tggAI745US8dR2q0Z+aqo2NHOTuVgL38TKupJgs2uJjfpe4KJZCUHI9DrrvQWlniV1SyFn+I4KxF6+KcDdcFlpy5w2Erxt+SwdTV19fK6a4VT53O51HI/RD0gHIACNQGKHIeuvF0vLnOuNU+QE5052H5KI2NgzgBGJbjAUcgAndMjHA1RSEIwOExI87FMUwPisiXcnhDXCRjCEbtR0n1K4SMJhJyuZPqoCdJOeVxJJQgxJJJQgkklxzhjlQg0kAHfdBJJJSPK4oQYkkkoQS4SMLqCAfVQOKyJxOrhcPKWSuK28hDcldx6lL6U1xyFaj+yxpOTuVwkIRJ1YXcn1RNYLyOL/AGQ9Xslq9kIkkYwr3cDU/Q/YD6ghukJaR2TMb/Un+CCCQfzS22w0iO+R2dguEuf2xlOdUUNP5p6mKPHq5Vlf1ZaKVmqKUTOGwDQhcorsONU5dIs205cMoZAj3ccBZOq62rp/LDAyMeoVbPeLjWjElQ4D0BwluxejVDSyf5G3muVvgHnnH5Knq+qGhxbTRkgdys62mqpT3d9yptPaJ3HzgAFU5OXQfxV19j6m+1VRsHYUdvzsrt3nBVpDaooTqDQT7qwhpoowPIM49FMMHfBP7SkhoKh2+FaU9K5mCTwpWn8kx1TDD9RRdAzlvJDAdOMJa9AyXYAVbU3bG0JVbPXTyDDpTg+6p2EVeey6qLzTU4IBy7Gyz9feamqYY2u0gqLJL5tt05tLUSEBrEtybH1QqhzgiBj5ManE/mnRU7WOB/1VpTWOpk8z9grFlnpWtAdue6pLAUrYR6KZkcj2kMbnCNBaqyR2oxaR6q7jihhADYxsnmfA2CMCV27or4bXE0f7w7BUmKGCDdsYPuuuk17EIecd1eBe+T7DmXY8IZmce6E5+OUIyZ2Ayhckimv2GfMQPVRn1Ds4wuh2xc48bqurbtRUrC578kdkmVvoOuuU3wie6Rz+dkFzmt3e7A91ma3qsPGKRv7qlqrjXVwAlldpHYFIladGvRyl+RqqzqO3QSGNkmojhUlw6iraluiEtib6sG5CpvDJIJHCICQcIJTcjdXpYVrI175JN3uJK6z6giBrdGcIR5QPkdFJcIO0ADZdxlMSSihJJJKEP2TSSSX5JP12JJJJQgkkklCCwEsBJJQSJJJJQGUsCSSSUKzk81rv/wAm/VIuMDHQ9P3WQCoDW5ZTVDju72B3/T2XomGSNDg4b8FRrzbaS726a2VsLZYahul7XDIIWN6JulbaKyp6JuzXeLQt10chd/ewf9Wj0UDTNjOzG4HCNa6wl5hkO3bK5I0OUVwETw7Rn81AGXuc8JINNKZYg4ndHwUIlnEkkkC7KHEZ547ry/ruyVVnuQ6gtjdLo/OMDb3C9Saod2oGV9DLA5oJLTjKdAYn6K2xXWK82uGviI87RrGfpd3Ck19JTXGgnt1XE2WGobpe1wyCF51Y66foq/Pt1wB/hdc/Oon6ZOy9LAz9jwtcZpIRbDDyjBxW231Vun+B/XL31NDXx/8AuaaU5eYMf3Zd/wB5GM6fTPuvlSrtvUHwY60k6Nv/AJoXO8SCVo/voj9Lw33wds7L7U6p6di6lt/h+IYayDz0tS3Z8Mo+l4PqF5h8ROi6f40dFS0s9IafrDptwbBIW4EjgCDkf0SZ5/rwvR+C8h/Evy2cjW6f5stcGEglo7rbzFLoqKaZuC124IPZfK/xQ+GkvQF4fW0wH8GrHk0zu8RznQ73wee+F7D0nfqyxyigvTHxhw0vDuY3g4IK2vUFstfUNlqLNc6ZlRTVbcOz2PqPdfZtBrYzgpJnhPO+G/4hp3Ffkuj45jlBwexU+GXUAFI666IunQl6FDWnxKOoyaOYDAeztn3VbRu4yV36rVM+OarSz083XZ2i0jOSjDhAjIBCO3cLbF5RkfAROTU5EJxyJJJdHKhYgO6IOEgO66oE3gScuDsuKCJfcOSSBykoUNSSSUIcwFwgYTklBwIhcRSByhkHKhDiR4SSVMgM8pp4TycLqVJ4YUZZIzmknIC5od6I2AlgeircgskeRu3KjOjHYKaTlDdH7pco5GA7Lebn0ve6W+2ecR1FM7U0kZz7fZfa/QXXNB8SulWXamcPnKfDahmMH7/ZfEcjAQtF8NPiFcPhrf46+Bz5KOVwFRBq8rm+4/NeX8z4hWr5q+/Z9T/8PvrF+LuXj9U/9OXX9mfYF0s7a5mWkNd2VEx8lNIaOsHGzXLV0F2t3U1mg6gs0jZKWowQWnIVfdrYyviy3aVnB9V4trDwz9FRe5ZKappc+YKvnYMbD2VrBKSPlpxiVm2/dDqqTYvj/MJtc9rKnDcsHmPWvRcNyhfUU0Y14OpuOV869V9MT2WrfKyE6Sd9l9jVFG7RrYM45C8/616Lpb1TSSwxDWQcjC9F4/VtM+efUv09Xq4txX3HzHRV7oHDK0dDW+O0b9lTdT9NV1hrXslYdGolrsdkG31hiIPOBuMr1Wm1G5HwHy/j56G51SNe0g7o3hR1EZhkwQRg5UC2VUdZDlh+4UssMfB5XRjNSRw3mHJma6gq7DV/M02oxE52WjtdzprtT6Hka8bhSA5k0fgzsa8HbcLL3G31Niq/naPJhcckDsr/ABY2Mlcv/wBYsbnazE4yRhMtd5ntcwcHHAKsbZc6e7U4a4jXjcFQ7la/DcXtbsmRkIlFS+2R6x0r1jBcaeOGaTLjsCT+y2LCCM5C+brZcqi1VALXHTnhet9JdX09xibBLJg9snumxsRy9Zo9kd9aNwnoEOHtBByjAYWg4zWTqSSShQkkklCxJJJKEEkkkoQSSSShByiXOip7hTOpalgdG8EEEKWuObqGMpTWQ02nlHg3VXS9b09WPbIzVTvJMbxxj0Kz0zQ4ZX0HfrTTXmgkoKlgLZBsf6T6rxLqKwVfT1YaacExk/y39iEqys9Bo9YpRUGuTMVlPvkBQXNzkEYwrqRocMFV1RTEO4/NZZwR2qrN3YKinMEuSdvRXsczZWZaQVnnAgHbGxR7ZViM+DKcZ4KT+Iy2OY5Rd5zumSjUMLrSQN07lQyLjkq54XBwcBjC93+H3VzOrLK0TgsrqVrWVAP4tsax98H7LxWaIFp77I3S3UU3SN9hurIzLEAY54gca4zyP2Wmq7b2K1tEdVS1/V6Po+ke6CUSAbd/daEOie1srMbgbeyzVLPT1dPHXUTi+mn80Lj+JvqrKlmLcDK3we9ZPG2QcOGae0XR1DLs7yOWpkdTXGmMb2tkhkGHMIyF59DLxhaC1XN8DAwjIUlDCMVofpO/zWa7O+Hd/n1wNBfbJnb+NDx4WO3PqvHfiX01/wCyLrY9RW9uvpq9ykSsx5G7+aPHYEHb7Feuda9OSdS2dk1s2uVI4TUbtWMP+/6J1guFp+LnQ1TYLxA9kzR4dUzGmRjwPK8Htjff3Wea/Zs0Vzolul+L4f8A19nhHS3Vx+AXxLivNLmTo2/6GVLQ7ysJ31NHZ7c8f0EL7OjrIq2GKqp5GvilYHse05DmkZBH5FfEld07Da7rW/CPrNzxTyPD7VVPHAydB9hz+pXp/wDZi+KVTa55/g31vUeHVW5rv4PJIcmeMH+5A9dy5ozyFmqbrlt9M6XkdI9TSrlzKK5//WXp/wCV7Po9dB7LiS2ppnmVyGYdxko4IxyoeSnZPqlgkrI9Usj1QMn1KWT6lQhISTQcJyhBJJJKEEkkkoQckkkoQSSSShBJJJKEGpJJKEEkkkoQSSSShDhGUhttldSULTweL/FH4aV1suDuuui9TJWnVVUrBgOH9QWi+GvxFoupKRlHUVLfGAAa49/ZeiZ7HdeL/Ej4fVHT9wd1j0dG5gJ11NMzjPdwCg9NT7PZ2c8p68/+HfX9L1JbYo5qhpm0jvut2JBj7qCZwlGWGOLQQRnsoksWncBShn1XHN1BGQiBxGxCMx+M7Ic8Za3UBnCG15GxHKhA6MOVG5T84V4yQkgjHITTgjGyjZPqn5PqVMEKetp5aWo8Ytyw+iG9zZgC3YK6kjbJs4ZCo6unfRSkEZY45B9EZDkjy3YDlV9xoqa407qerjDmvzg9x9lOLtY3C45hbglU1xgtdnzB8XfhvKY/Da7wp2A/JStbu93ZpKp/hX1vVSx/7PdQSuhqoXBsIeOPUZ9OF9K9YdMx9RWuSmYQyYHXG7HDgvlTr/pK42u6yXCGJ0E0bsuA9fUey5es0+/o+s/Rf1LfXPZOX3LH/U9wq6Ol6jtkltqmgSuaA1x9Rx/msrZKmemqJrLWuOWH+Xq9uyB0N1s6+UlM+FwZOxumXfJJGx2Wh6stTKl7bzR+VzhqJbyHBcC+h1s/RvjdfDWVKyJVXCLwnHLfcLzPrnpltRruVL5TnzNA/desUc0V2ohFPp8Vo0575WdudHJRvdBUR6mO7kbELMbdXRHVV4kfPlTBvnG45T7RcHRTGmecxk7A9lsOtLBHQz/N00eI5D5gOFiayDwXtniGN98JZ4a/Tz083n0aAH5aZsrDgZC29rrBU0jXckDBWDpJxV0o3yQFe9OVpil8B52OynZv8fqNk8M0zzk8IE7ARwpD8dkNwyOEiayz0b+5FdNDsRhV0jMHhW03fyqvlac8JZmshkhSA4wocjSRuOFYPbnsgyMBVGK2BWubg7qJO0AbKxnaMbbbKA6JxPKtGC2GUV1QzPmwoDmuD+VbyxghV00e+QE9dHKuhh8CadlxzQQmAgHCI3hMaMTRCmBY7hPZJgav2RpmBw4UTeM8KA5cS+tVc4DQ5XLGeIARyVkqWfQ4FaWhqRJA1xKA6mkultxI0dguLKV/gz8E4Kv6umbM04GQd2kLEH6g5uy0/TdyMrjQ1RDhjyk8oGng9LotTlbLGOhe+kfpcCW91cNZHURNe122FDq6drJCHcdlyleY8FpJaUto6kWosFd6R3g6mDJUKinexwa4dlo8MlZhwyqaroDFKZGjYpMo5Bw4yyi4oJstGSO6sWnG/KzVDO5jgCr+GYaAkzgb6Lc9lhQVBZNx2Wjo5vEA3CybDpIKtrbWgHS4rLOODs6bUqLUZGlicQeVPbI1zACqumkDmqbC/GnbjPdImsHYrs4OSgtPGy5qDsFTHQtkgGBu5VryaSQRyjngpY3cEkYC3GFBmgJOcfurEEObkcFBewFWgbMNGO6gtokJmazfCz1G7US07YK9FqKMSjDm5C8+uTHWu6uZo8jySE1PBx9XFQ+4kRAtkBI4RaiMSx+UYKJTw+PFrbyiNjLTgjCFkq+6OSqIfE7cLf8Aw665qLZXRUk82YnnBydlkauk1ty0Ko1yUcokjccg+qw30qxYNFF0qJ7on1xT1sNZC2eAhzXb8ouS05H5rxz4Z9f4c2hrZfKcNyV7I14kYHsIw4ZBXB1GmcWehquhbFSTDMfnG+UQ7hRIwQc5JUlh7LnyjgaLLm4RAc7pbH7oW7SgCSD5KY9oIXQ4ELqhYFpMTshWVLJrA34UBzV2CUxOVYQEoplsJTnhFBwoUdQ1wAUprw5JlHIlrA48IZByikYTSBjKWCMBOU5wyxN/EnZ2woQY0kOARxwo7vrCO07K0Q4kkklkEkkkoQ6DhdBymrrVaIAqYxI3JGSFTyB0buNlfFuppHsoNTTZYQG8rTXPbyMi+MFVPG2dhOnLgFnK+jZUNfTVDNTHgjC0uPDO/wCigXCjLx4sa6mnuw0LsifNvxAsL6KaanMe7HFzD7LEUExikAJ55X0f1t0sb1QyOhAEwH6r51udFJb698b2lulxBHoV6PSXpo8zravis3o2HTlUx5fTF27xtut70JdTR3N9tmf5XbjPqvH7RXGCqY/OBkZW3kqzb6mC7xuywlp29O61z+6LQ7R3yjNNM95jlzjupDJC4BU1nuENxt0NbDuyQDH6K1h83mXKshjg9TVPfFMkDdJLGNklkY9D01wGFxJWyAXA54XUQgbphByihnJGsoBKzOMKHURa+QrEjKjztJwOVuqs2syXV5PPur7IypgmifGCJGnC+Y7tSTdNX+aikaRHI8uZ7L7HutIKinO243Xgfxm6T8enFypo8SRebIC9N4rXOuxRPnX1h4r+TpnbFcop+nrgHsaNWVvbdUwVVN8uTg4xgrxvoq4t8U08zvNwM+q9NslRGJdyP1Xv65qxZPksZuJoLTUz2qq8Au/luOR6YW4p3h4DmnIXn9TmUtkb2Gy09juQkp2scdwuRrtPmW5H0D6Y8jmHxWM1MUpwMqVTv8w2VZC/U0HClxyaTnGVxrYYPoOnsLyJwLc5RFX0k2uPJ/TKmscMbLHNYZ04Syjo5T8jSmJmT6oBylgeeUkklCAU07pyajCfRUXDXS1LauNvJDX+7VKa7U3IO3ICLVRtkjMbm51d/RQaZx3pn7Pj4/5eygndgMeU0cp+n3TNPupgp8kC60IuFHLSkZ1tIH3VV0fVyvpJbbUOJmoXmJ5PJ9P2wtC8kYwspPKLN1aycDRBXx+C/wBDIeD/AJK28GdrbJSNUN+F08oTTncHIRBwjXIUpZCA4KrgNM8oA2JL1K1Ab+iBJgSa/wCpuVZY5u4BSKQ22SRMDBW1h0VscmOdkQclNvIxHDIBu2UE/ZEaQRkd0MQDmcLjtxuupJrKfRUt2e7vunkahhJ7SJXA+uUlIvkxXIA/LXluFRXqDEhlHZaCRo7qruUGqBwxkpq7ObdHgqYyRAxysGH/AHLOd1BDP9y3G4U2maX0OAc9k1GJr0Qq8aqY4VVFl8eMq2qB/u7wVU05wMFa6ZYZztVw2jzzq1gN4c4D8KpCzPdaHrT+XdeOW5VE05XqaP8AaR+afqOGzyl0f7nGoNW8Nj3UhV91qAyHS3kpljwjjVpuWChuD9cucqDL9KNUnBGT2Uab6crBZyzrQjhcEfOXI8HKjj6lJp/qHuqhEdEsYANPCFIMFGZ9CEBk4ThihlDA3JGQprGNDRsmMhGc4UhjODjZTOR8YcHYo9+FIIwmxjSOOU8NOfstNUci5xHhx7IbvNtlEz3QyM5C2RWEYLZNPA0OI3zwoVVLthHlkbGFVzSa5Eq630hNccjX+Y7rhGBgJ34UF7hg7rFZ+xyTyBqZNPfhVuXyzZHdGqnlztI7p0MXhxgEbrLJ5ZqgsI7p0YaFMpIgPM4ZUeNpe9ox3Vgwhg4RRXsXNimdpGwxsqyoeXbKVUSDGFXSOOUNk8cBwgcAJJJKLFGdS5GwnGylRRcbJX9wpy2oNDC3SCQpUUeCNtk2KPSAMKWwceX91MMyznkawYwEbsEhyigHCdFciLDsexCkRAEhBaNwAplOw5aFphHJmbxyHgp9WCQpoa2JgwFxkbY2gpkhBGMrTFYESeWNkeZDgI9LTnZzgmU0DickKxbFpaMHCpvB6DxXj9/+pYcjjwMAqRHEOQEmMycKVHFlKlLJ62ipA2RuJ2GQp9LRAEOcPyTqWDBy5qnnEDA/RlQ6EYYRwtZAwAYGyzt6uUjg5jTgDZWFzuGk6eMhY241ZkldkozLrNRHTw3MFUygDIIUFkmo7oc0pe7GU+mg/ESn1o8Hq9XK3MiRGxo8ybK7UQPROkcGgNC5Gw5yVoObnJ1rFyWTwwiSP8IbhVdXVg/dIsmooZXHcxlbVEHbCrJXmQrtTPqcDuhCTPZc+2zJ0KoJId+S1fQVrFdczM8ZEO6ygyXBrdyeAvZuhbOygtcZMY8WXD3H7rLOWT0n0/4/+XqVJrhGppIzlgDSAFewMa2MHChUUQ9P1U13lIz/AJrPKLZ9NUVFYQpp9DTssh1BfRA19PE85PJ7K5vVwFLFIzI2WOt1qq+rrr8vB5YM4c4jn7LteO0kWvkmjxn1X5uOk07ri+wvRHS1T1PcH1EgIpmPHiPPA9F7fQ26jtNKykpWhoaBkjbKj2220VhooqGihDI2DjuT6lH1uqCQ3ttldl/cfn3V6meqm5SDtLpiBjIVhQ0cMThKWZPumUFL4cYDm5Vg1oaAAELMLYdrvQJ2Qhjug1NUykj8R5z6BLYJJknbTxl7jj0QKOOrvE2jH8kd/VMo6We6fz5/JAeB6hXtTcrVZ6NjeDjj1S5SwWk28DHx0lrptZ0sawZc491nzU1V4nfIDoo2nytOxPumvlqb7O6ad5ZTNOWs4z90yRwA8KHLY2nG22Ujfk9l4D6cermp2IbUSB7wyL6W90mEhMDd9uPRdqZoqKE1ExwwclZL7/jXJ9p8V4dVpU0rkVVURUsZlmeGtAzuVloaK99f3N1soB4FLGQHu/8Al+x/RTaK3V/XFwNJC0spYiDJL2Y08ZHfOCtfcbpZ+jbfHZrMC2Vm+ppyc+5XFt1bseP6T01unr8fjT0JSukuX/yg6ivsvw7sz7fa/wCbVy7McRh0pHP2xn91TWfp91ye/qnq8uLSQY4yNmj/AOXCLabbFHLN1L1LUeJjBjjIx64AChXe53C/yBkkmiijPkiAwCut4/TLUYnPr9Hzb6t+oYeLh8FMs2y/J/8At+gXVPVlRfZzbrfqZC04Gn09SodttlutL/matuuR25yuSvjoi0NaM+gC2fRnQVR1FIa+6bU4IxG5vP8A8uF1puNfR8Ruu5zLtkTpfo279fVjHDxKS0tPmlaefy7r262WK1dN0jaK1xBjG7Z7kI9HFR2uhioqKBsTIxjDRjKHPIHeYnYLHOxzeDDOxyYYk/kodRXiIFoHmPuhy1k0rHQ0gy4olJaztJOcvPKDhIEhNgrLjPpkcGxY3z3VrT0MVPpLGgY22UltM1jQANl3T7oGUdxnldSSUIJJOSyFCCwEw8JZCaoQG/6iuJLmQoQKSMHcIB5S1e6YoQKSMcoZ5SyfVDzlQg9MyPVLIQjl2QCVCBchMMuBnChTVjIttfmPbKjxtq6l2HeVh4UISpZi93lC4Ae6LHTRxNzkk47pudsYUINwF0kIZzlcyfVQg90vYBINPdNDTndpTaqvpKOLxamQMaOTlHGDZaTZI0+6HU1EFNE6WeQNDd91h+oPihRUcTorRiWU7ZI4Xmt56tvl2JE9W9rT+FpwmxqaYcYZPSr38ULTb9TKJzpnjbAXmd+6yvd6cRJVPbGTsGnCpsEnONytNYegL9fNL4KfET+HlOwvYxJQZlWvcX5e8k9yVa27p2+3WYNoaMvjP4l6vYvhJZbUWuuLjUT8uyc4WzhhoLfGyOlpWRNaMDS3dDmPplyuUVweaWD4OPe9k3UFb4bMZ8Jg5/PK9EoOn7B0/A0UVDGzAwDjJcuV99pKdpBcCfusxc+oppyGxScH1VmeVkpvlmluPUNPA0NBAJ91jrl1BJNI5zH5JOMKvqJJJnanuJ/NR9IS2FGOBs1TLUEmQqM6MEjB5RyzH4v2Q5iI8ZO3qji0GMERHblNIwMkpj69r3GGAa39sKZbul71d5B4zBHAe5KLcim8ENr9ezPMe2FY0PTt0uOkGAxtd39ls7T0ha7a1pe3xCP81dRCOn3wAAgc/RTlgz9m6Mt1uwS10ruf5m4Wpggjp2AANY3HbsoFVeKaAENxqVLUXepqcgHDUmTbF53GirbrSUrMmQEngBZ+u6hrKhnhRO0A5VbJqJ1POSfVDOB3VQjnll9j5HlwBec/coEkjQOAmyS4OEF33TVEPGBr3lxQjwkmnbsr6LGZG4wmNDnHDfNnjZW9p6dr7oW6WYB5K2tF01b7YxoMbS4clw7q5SwRyx0ZG39JVla1klSwRtPqVq6CyUdAwCGIH1OFCvfXHTdhiLBXCpmG3gxDOPzXnN++JF5uxfDTn5WA8BmxVclxhuPSr31RZrF5ayoIkH/CH1fmF511D8TLjXyOjtjRSxjZpbysXLrleXvcSTzkrvhgb+qOMc9jYQwOmklrJHTVUr5XnnWchD0DgHARBgd0J83YBOURnHoSRIwhkklN1FUWdL3eqbk8Ji6BlGHGJxdBwuLhIwoH0NKC5xyRnZJ5OojKagCEklkJZChAhIwdwgnlLJ9UxQgklzISJGFCHSUIk7pE78pKEGJJJKEEkhtXVAkhJqSG5WGLV7LjjgJiStrBeBeImPl2xhJzC7gE/ZAqKukpGF1RO1mOyqUkgowcnhBBkklJUFd11ZaLLadzqh47BUdd19c6lhjo6eKEH8WMlKd0P2aatJZPk3T3NjbqeQ1o7nZVdd1FZ6CMvmrGOI7MOV55UXC7VjNFRXyvb6asBAjoHPdvk57koHZL+k2rRRS+81lT121//wA7qQvHZ0gVVWdU3yuj8LLKdp7sG5UeC1SgAEYCmwWwtxqKW3Y/Y2NdUOilc2rmP86Rz0Vlue4ghnK0DaBjQCWozYY2Y8gGFNrfZTsUPxKSns8rzsNvsrWntUbAC4AFTshjd0wTjGdkW3gRO2cng5FSsiOGjZSQWYwSFDdUOIxhR3SVZPlYTn3RReCvy7LPAwSHA4UaevazhwCj+BXTbE6B90mWt4OZHB/5qTkUopEea5SvOGSZ9lGkdVTnAiLirqK30rQMs3RWRxxjDWhBkNS2+ihZb7g/cQD9VLjspLB8w4b9h2VqJO3quHdQqVzfRCit9JDg+CHEI8cbI8howulu/Ka4e6JFxzLsKXYH1IbpMoeT6pu/upgtwCEk8lN39U1+wydgos9zo6dp8SUZ+6FzSDhU5cJEskeoTNxuqCs6opIwfCBe7tgqiquqq+QkQ+QfdIndg01aSyzs2FZXwU/964D81R3HqqlhaBSv1P8ATGVk5qmpqHF00rnE+pQgDnKQ7WzbXo4x/It6rqO51bNBc2Nv+AYKrXSvecvcXH3KczSW4xwl4fulORqjXCH4oZp/wgJ7Wsxv/muktCHlvqh3jWmzoa09k5LISyFTZY3BSwUzOUkPyADshLITMBcIwl7yDkkxJWQ/ZhJJJfkw/XY9JJJQgkkklCCSSSUEiRRwhImr2UFSeQaSekoQGRnGeyzPXnSk18pIrraGMju9q1T0k3BDgPpz7rVLrSd1C8sy/SHUkPU9nZWtj8KZhMU8JOTHINnN/Iq2mYMZWT6kppuk7+3q6mjPydW1sNzjY3bI4mHvvuMLWskjljbJG8OY8AtcDkEKFnaKpNPNhw8p2+yustLQQqF7e45U61VfjsMLtnR7fcKAyjklkLiO5o3ON0A8oQR64eF1JERPBkeu+m47xapJImgSR+YbcH1UDoHqWe507rVcZM1dJ5CTy9o4ct3JG2WN0bhkOBBXlfVVvqOl7ozqO1wbxO0yjgFhRJsJ/ej0xqzHVtJcLdJH1N0+3FXTf9piBwKiD8TT6q4s92hu1BDXwbsmYHfbZTs6sHC11y2mO2Ho+a/j70Jb7nHT/ErpgB9NcNJujS/AyRgS4xtg4aT7ArA2S8PBbTVTif6XL6brqCjtF0qenrtTsmsN+EmoOGzJX/U37O/0Xz1190BVfD3qWW3uc2SB2HUs4Oz4gThhH9Tcjf3X0P6Z8zlrTWf9zj6rTZ5RA6t6XtfWNofarnA1zcExv7sd6gr5j6gsF16OvclmuUWdAzHMB5ZW+o9F9Q0NwO0cp27FUnxF6EoeubQIJI2ipgd4kMmN8j3X1DTajHB89+o/BR1cN8F958808peG/mpUTtjsqZ/zVluctoucbo5IXmMk9yO6s43Bx45Xaos3HyTVUT003XZw0S09RycgFFWkxS7Cro5TWpw5UIEHC6uDhdULEkkkoJEkkkoQSSSShBJJJKEEuEDGV1JQcCIXEUgcoZByoQ4ku4KWk+iz2dkGLh4XM539E5C00RN55BEYKYipivIzJHmyMbKDURavwq0e0O5UZ8OeBlBOO4OMtryeh/Ar4uV3w8vLbXXvD7PWuDZYw3aP3x+a+r6iOnuETblbXtdTygOaWnIyV8CSxZ4C93/s/fF5lE+PoXqWqf4cxxRyvOzD6H24XivN+KdTepr69n3v/wAOPrP+Sv8AhmtfK/F/v+x7RXUgqd2t0TN4PqoEM8sb/AqxpkHZaOtpXNIljwRjORwR6qpraJlyZqB0zM3afVeWjPJ9pcP0AMTQdWNiqK6Wx0bjNC3yncgK7oajxmOhlGHx7LsgaRpcMgp9ds4STTM9+kjdHns8c686Hpr/AEb3xwjxADtjuvm25WiusdxkpJ2FmhxAz3C+1bxQeARNGPK7leYfEP4fUfUdI+pp4mtqWjOw5Xp/Ha6yTwz5b9VfTH8mMrYxzJHz/RV0tMQYiB6hamjn+bp2knfusZX0VXZK91FXRuaWkgOPBU+lrXRta+GUgjtlenotbPhHkdHPTzcJrDNRKx0YznZSGGGrgNPMAQR3QqWWOtpmnkkYPsUJ7HwPyDt2K6Ce5HKacSgudDU2Cq+apQTE4527K+tdzp7tT6XkB+MFT4XU9dCaepaCHjG6ytztdXYKs1VNkwk527K8OLHcWr/9YPcaYxSuaR32TLZc5rdOJI3kYO4VpQ1lLd4QJAPEA3Vdcba+neXNHlPBRZ9hQXqR6x0d1rFXsbBM8B3AyVuGT6+y+aaCumoJxLE4tIPZet9IdbRV0TKepkHibAElNhc+jh+Q8f8AF/qV8m+SXGkEA5zldTlJHGHpJJJhBJJINVVR0sfiPUIGSQ4Zo54xJG4EFEUIJJJJQgxJJJQIY9odyqbqLp2k6hpHU07Bqx5HY3B9leJuB/UhkshKc4cw7Pnm7WWrstY+irGYe391U1EQc1e/dW9K0nUNG7LGipYPI/G59ivDbnbqu11j6KsjLHtOAfX7LLZBs9N4/U/PDnhlJNCQScKI6MsOQMK2lYHZ2UGVnO3CxzideM88MnW6tFSzwnbPYN/dTxusuTJSzCaHI9cLRUs7Z4WytP1Df7oE88CboYe5dBH7hVlZE4nIVo76T9lFfHn7q8gwfo3fwY6tkgqm9HV8pdHUuHyjnO+mT+n8x/kvYRIYnBpGDnBz6r5XmaGnhe9fDbrWLrGyikuZ0XaicRL/APRBsGSfrkH8l0NNb1BnE8t497v5FXT7N9Sy5cNSt4ZMN2Kz0ZLXBjz5xyFa00m2Cey3PB5mccmmtdzmgAYXZb2yeFguqaif4a9awdY2thFtukfhV0Y4O4/Tcn9Vp4JACiXWKK82iaz1sbZIJxg6hkj3CzWQz0FVLa2n0yP8Uuh6L4l9MQ1NvEIuVNH83QVePMMAEAH3z+y+d6xtf1EyOtE8lu6s6cc0fRokDmE7ZzvuF6z8Ob1X9B3kfDvqCR743v8A9xnc7yuJ/Cfv3+wQPjN0JPRVJ+InS7fDqYWn56IbmUYHmHvtwsk4ezq6S/8AjS+GUuM/a/8APr/DPZvgh8UKf4qdEw3aRwbc6Nxp7hFn6ZQSdQH9J3x9l6Bkeq+FbF1jP8OOpqb4ldLav4fVOEF0pI9vKcZdjs7/ACevtizXKlvdoo7xQSiSnrYhLE4HILTnB/RXVPnk53k9HHTT31fjJv8A6P8ARYJyDuDuntOQtCZywyKo6erayQeCRwioSJrb6pYIRJJJQgkkklCCSSSUIJJJJQgkkklCCSSSUIJJJJQgkkklCDEkklCHCMoZ37ohcAcEoahcXhnjvW/RFd0zcz1T0u0ta46qiJvDvU4Wu6G65pr9Stgmk0ztGC08grYTwxVEToZmBzHjBBXknV/R1b0zcDfbDkRk6nsaoPct/Z7AyTPblPPCw/RPWtPfGR0dQ4NqAMEE4W3yGg7oxTWAOA7YoMgwRgI7/qKa4AhX2UCY7PPdPPsUJ7cHIXWyDgqkyBEkkkRBzs9ihzRMnYY5BkFEyEiQe6MhnpmvpJ/DwSOxT3PEjRtgqwracS9vzVS7xKSbTI047HsqIdky3Gyw/wASehB1JbzVUDGipjBLm4+sei3Mjg/zfmhmQnYbFBZFSRo02ps0tsbq3ymfF1HHUdHX35ikhcIA3TIwnHmB2H+a9ssd3graKJ+vVHKBv2DsbhF+MPw5lrKWXqO2QtcY2k1LGjGr3x68ryvo28i0VrqOukcIXuGhxOzDvsVxNbps4wfefo/6n/lRWJY/5v7M2tQ19kur9WfBldkegyVa3C1fxWh/knMv1R+6dX00F7t5jY4F5blrs8+ih9KXSaKd1qrHbxnDCeRjsuLZW4PB9w0t6vrwYq6UAqopbbVs0SbtGfVeU3m1SUU0tK8E4JAXv3X1ndHi70zdgQXgdvUrzrqC3su7PHiYGyaRn/ElOOTk+S0++WDzO3VD6SbwnjY7K+il8GdkzTsSCqqvon00pZKzDgm09W5jfDfwOCl7cdnnY2vT24weoUsrKmnjlY7ZzQnSDTtyqHpe4amfLvdyMtWgfg9+Ep9nqtHd80MkOVgcNgocjQArJ7cqHK0/ulmiceCslaA7hRphlqnTNOc4UaRpxwgMViyVz2nVjCjSswOFYuYM7hRp25AICsw2xKuUHOVAqGbZwraZmc4ChTMzsji8nM1EMlQ4EP22RI84GeUSaMDcBBEmHYwmnNshgO4AhQZ2ZKnNOQgyxE4OFBbg2yNFsc54VxbKkg4VSWY7o9NKIyDlX0Prs+M1cEokAyQjeLJDMJ4SQR6KooZwccq0gkaRv3Ubyjr02bkpI3FoqIr3QOimwZg3YpkTHwSso5BhxJw71WZop56Cds8D9OOR6rVGohvVGJWeWaPnHIKU0d6i5T77D6ZaebwpG4HY+qNUU4lY337qLaqs1bxQ1WC9uwcecKdh8TzC4nDT3SGbYvcUMxdTz6dOGjurKiq9RA24T7nRCWnLms833VPTTFsrWH0S2Mi9jNYxwezOQlFVOp36mtz7ZUGkqBjSPdScA7+qzzjlm+qzKyam11wkj82M+iuIZQSDhYihqfAlBJOFqKSfxCCOCs045O7pbvkjgvoptQAOEqulbURhrm5PY+ii0rw4jfCsQ8OaB6JeUjox5Kmmkw90Dzgt4z6KQ4Nd+IJl1oxpFRECHN5wgQya2BwOUvBGEc1Zbq6yfN05qYhhzDlawHKBURB7dJGQVYi6qNsHF9nnfTdb53Uk58w8v5rRT0wbhwCynU9rqOnq/wDibD/Je7bHqtNaLjHdKKOVpGdIyjOdpp4XxvtDCMZDmqsuVFG4GVjcB3I9Ffz0+RkN5VfURO+kpb6NThkzlNNPQVQfE4tIK9w+G3XvzUTLdXz6sYDSeQvG62k1gaRgjhR7dc6i11Qkje4YOCMrn6mnf0M01nxPB9dhwONJBB4RWuG+4XnvQXWcdxoo6aqfiQDDST+y2glLXZHBXDtqcZYwdqqasWUWAdjuunzAKOyQSAIw42WSUDQsnCSwogOQkQCg7sSwiShvG3KTH5HHKb+ahBMmcx4Cs4pQWt3VU5vujQyFpGScJYEo5LgEcjddPCiQzA4UlrwhFtYEknHCaqZEdLeCV1pSB2wmqpdFPoekkklMASSSSogkkklCCXHBpG44XUkxPDyWuCnr6QxkyM7nOFCJJb5hhaCaIPYQRlVM8JieRjlaqrApSyikroA1uQ1eD/FjpGanqZbpSQfy3eY49V9DVEOscZWZ6ls8NyoJKSZuzwQCuzpL8Mw6iiF0XGR8oRTluxGCtvZqpt0tRpZDqLBsst1bZJbHdHwb6S4lqk9J3T5eqETzs4YXfqs3o89Byqt+NntPwwvOqOayVEmZIvNCM/g9F6RE7fC+f7dXyWLqGlubCRGXAOx6Fe60VVHVQsqYjlkjQ4fms98Wen8dqFZBwfaLVo25XcD+oIEchwE7cnlc+ccHVygiS4CMLuQoQSTmjB7pZC4SMIovBAJ5XCAV08prjsU5MBrJHmja5pHKwvWNkZXUc9M6PIe04W6fsVU3Sn8UE4yDsuhpbHXNSOVr9LC6pxkj44rKGXpu+SQEFvhyk/lleh2mqZPAyWM5DwCn/GHpfw5P4pDHjH1YVD0tVsnoGwtOHM2K+keM1fzVJHwLzPj3oNXKtdZyej0c/jQBpH0hTbXWOp6lrMbEqltU7QwNccuIwpz3hhyBut10Pk4F6C+WntU0eh0VQ1wBG4U9kgP5rLWCs8WENcTlaOIHAIP5Lz+prxJo+veN1MbqYyRY08gZgA8qwiIxnUFSBxGPZTaao1ENOxXNsidumeSwIwnII3RdPulmtTZ1cPCbkJZCg3saeUkklAxkjQ4bqsrY3RTsqowTvoePZWEx9EKVmsYxlQzWdjA4Hg8pZA5KhwSecwu5advcKRKMkYTI8g5OSt2ys31RQ/N0Ty1v8yAeM0jnIWlcodRG13I2Ox+yFipIiWStbWW2GZuSS0A59e6ss5Cy/TjpaG41lnqXAapDPCP8BWl2GVaeQUxhJzhDk7HsEQ8oc4zEccoho0cJJ7TmMEeiBnBTMgA7szVRyEfhbkfdDpzqgjfnOpoKkVLDJEW9iN1Atbi+kaSeHOb+jilguWCWzsuHhdzhJ5yjBfRBq24eD6obd24Rq4eVh/xhR2Hff1VwMk1kZK0g7KNVMyxTXobgDym9mOyGTPzMDWPiAwESgP8AuhGU+tZ5ZcDkbKPaTiJzSe6Yjn2LD4G1RHhuYO4VGzLSQPVXNUcSyfZU/Dzn1WqrtHM1S+7JievgBdIj/wDQgVm2rRfEMEXKB/YxALMtGxGV6nS/7SPzh9XQ2eWt/u//ALBHkaTuqW4SiSTws5xyrKY43LsDCoGyF8kkuDpzhHYcKlZeSBXbz4BxhQ5SdOxRqp+qoco1Q/cYWSTwdOKwhseSpdKCH7+ijwAE4Km04GrOFdYyHZLYNk0HCINmprRg8pnZsjHgLCCOUdqEBjCKzhSK5CcsIkMO/wBkU408cILeCUdq3VLjJmm8jQ/2QpXaW4xyjEAclQK2dudI7J85bEYbOWRauQk7FRV17tTiVxYZPMslxjg4TgFQqmQNBJIUmc4CrKl2/JSLnhZHVLIxjjM/ccKdHhw0jZRqWM5yRupsMZB3CRBZ5Dm9qCRRhm4XZvp5RfpbuoM8mUbeEIXLAzuOecoQBLh7JOJLjlEhaSckLLKW5mlPagsMWcKZBHgApkMJy3ZTI4w0D80a7EWzzwPYNIGyKHbcJEYwkz6gnpcGVsKB3RgBhNA7o0YJITIRFSfs6xri4bK0p4mhrXY4QIIm4BIUn6W7dlpisGebyPe/hq5BGXPzhDaDK4Y7Kxp4g1oJG6KUjreL8e9Q/kn0OiiDRuEccJADsjxsIPCQ22evppUeEOgiOd1YUsWXJtNDnsrCCNoOcBUdGqGDrIg0A/uoVfWtYPDYRtyVJqKhrBj2WUude3U4ZPKMbdZCqGZMh3Ou8WQuLzhqztTOXPLhnBTqqufNIWkYAUbQ6R2SjSyeB8jr/nk45yEp8yHJUwHwwEyBjWNGya9pLhjdaF9pxW9wYZcc5yiAho4TIntA3QKqpa0YwpOW1Fxhng5WVAGwxwqSqmJOCUSrqtTtlXTSFxC591uTZVVtOucXHJSGeyHynRgvlbG0ZLuFjnI2VQc5qKNP0TaRcrqHubqbFuV7hbKbwImgNxssp8OunWWu365o8yS4eXHnHot3DGGgZGEuLy+T6r4rRfwdPFNctBoiGtwByo9bXiHnZOqauGjidJK7GOAsfcblLWVBLSS530M9QttGn+WWBPl/Kw8fQ5SeAUprL7dBb6eQ6n5wPVet9P8ATtH01bgY42ulA8xwonRvR1P0/TfN1LRJWSDLnkcewU+qq5a+oFNAcNzjZdytKuKij89eZ8xPyuoc2+F0SGOkr5tEYJ9T6K6oqSKnjDGt45KHbqSKjhDByeSrCIaeRkJzkcCch0QAGAMYRkwoUlXHGS1w39FbeEAEqZ2U7Nbj/wCqDb7dJdZhU1hLIAfK091It9qmqnGsrHHw85az2Ui832hs8LTM0BvDQFnnLACTfRIrrnRWen1vxoGzWjbJ9lnIop7vMa6tJbC07DsEKhoZLzI65XgFsY3jYTwEarrPFIp6XyQt2GO6yWTwe6+m/pu3W2KU1x7Y6prGPApqZumNmxI7pkeTthchix2RZ3thgM2Pp5XOu1Sj7Puvi/B16epVVx5GTvjpozNK4NaBndUsdLcOsK8U0OY6Rn1v/ob647oUjq3qCsFPDlsQ5PYD1WkbI21UTbXQEA4/mSd3Fcay6eol934nsa9LX42vEP8Ada7/AETrld6TpyiZZLJBk4IJDtm/9VR2y1uLnXm8uyc5Yx3f3UimpmiVszxqxyEStkfM7L9mAbN9Aujo9LHUyw+jwH1N5qjwOmm08yff7bIdbVPrZfFqZvCgb/dsHdUlTdj4vhUmA0bAp1bVPuFT8vTjDGbErddA/D0VEoudVCAxuNId3XpnL4q1XHpH5w1/kbdXc7rXlsXQfw8NxmjuV3OGjzBrhsV62yCCjjbFTsa1oHYLjWxU0TIYYw1rRjZDlnji3kdhZJy3nKts3SyOnlI3cVHLamtzHAQ2M8u7p8UMldpdkiPO59VawxRxNDGMAAWeSwxQOjooqdgDRl3cqUW4XGoiHOSDEkklAhJJJgfq2woQ6m5K4d0JQh3W71Tcj1SJHCGT7qEHJuSuJmVCHclcSPCGTvjO6hAxIwd0APyS1MqZ4YGa5pNA9ScKskr5aiVsdvY4n/vPwqELGpq2UzCXnf0UD5itq34pWOY0/idspEFHI5odWOD3+yM3EY2Gw7KEBx0EEJ8aVokkPJRTKHDSAAmmQvOChgY7qEJLXE5JPCGAmulZCCXkD1ysveuvLbbX6Ypdbu2CEyFbkEot9GpdtuRhVFz6ntVr1fMTgaeMd15le/ihWTvkjpZHNysVXXS4XKXXNOSPTC0QoyOhRJ8s9Ev/AMVS9z2WwuAO2Vibj1Nd7oSJal4YewKrGUz36cjOVqLB8P7zd9MsbWthO+tybtjV2MShDsywLnOOCSTytPYegL9fQJomtigIz4hXp1g+HFmtzGSVcLZphycbFa0NDAcJM7U+hE7U+jI9N/Dq0WRjZqiL5io7l+4H5LVRujpmaWNaxv8AhCDVXSngadZxt6qguF9fLG6KlyM90rLkK3ORc1l1pogXGTzfdZy49RSS5ZEchVUomncHSPJ+6E9rG4BKJQwE0MnfNUu1SPzhNczYbLr3AHATJ5207cvOAUeCkOLcd0CWVkIy5wwqyruznSGKm3I9Cpds6Xv16eBKwsY7keyLCDzhEapuLHeWE6jxsp9p6Sv97cHuYG0xHLtsrZ2foWzWiJslW0SuG+PRW8t4ZTN8OlAAG2Ahk8cA7+Sqs/RFss8YlmY10o7+isX1tJTt0RgbdgoNRcZJSSXHJ7ZUAh0xIaFWGU+Sxmu4A8rcfmq6etmn8pcQM9k+O3PkIdIThSmwwxNAwBhB0QrhTl+7s/mnCnawZ/1UuXH4W4AUGaTT7q20ykhr9Lc4wNvVQZHnOyLI5znbrngucRhqHkasIjuDncjCZoPYZJ7ZVrHa5pGhwbsjNdYLcPFuE2Hj8ARxbYO4r7dZq24y+HHEQ0cn2Wmpul7TaojV3KcEDnxDsFmLn8TPk4zBYqRrDxreFi6++XS7SOlrayR5d21bD7BFhhxhk9KvHxJsdm/3e2nxXt4cweX9VgL315eL49zDO9kR7A4ys/KwZC5hoGw3RRjkaqhjsPcXEZJ7nlcwE48ppIxhHtQyMEheXOcj9UwOyMZQzsdyh6scK0iw+T6oB4XXOB4KGSc8phaiI8pAZXAF3W31UGxicTMj1XCQmEnPKhQRN1e64SEMk55ULHLh4TUlAjhJyuZK5kJZChDq4eEwuAOCVxzgRgFTBDjnEHAK4XE7Eph5XFeSCSSSVEGJJJKFtYEkRlLIOcFR6qvoqGLx6ysijZ65QSsURsYym8RRIyByVzTvjKxN1+J9vpXuZbqZ9Tg/Vp2WVuXXPUV0yWytpQfpLBg4SZaiCN9Pj7Z8vg9UrK2ioIDNV1cUI7azjKydx+JtppXFtJSTVZG3l2B/NedOjqKyUy1s8kz3ckk7qfTWuU6RBHsfZKlbOX4s1x0tdX5clhX9ddQXHUKfFJGfp0/Vj3VS51bXPL6mqkeTyS4q7gsE7sOeNu+ytaayUzQNQ3+yqO6X5MaraoLCjgy8Nv1kADJKsoLLOQ06dloGW6mhILWDPupGgovjwKlqmvwKWCx5+uMBTo7ZBEMgDIU5rSE0Ruyj24EyunLsjimbn2SDY2YOoKUYNS58lAeWn9VeAXNkYywDABJK45kr/wC6bupzYI2jAaP0TgwDhTaL3tsr201Q4jxTt6J7rfCAHb5U8AEHIQXN3VbC0R/k2jsiMY1gw0IiaiSSLyD1ey7nK5p90hgd1T2l5Y1NyU7I9UJz2N3cQB90ptINRb6HtITjuoE94t9ID4kwz6Aqsqes6BgLYwXO+6B2xj2FCmyfovNBXXSRxAue/AWMqerKyQ/7uA1p91U1t4uVUNL6hwHscJb1EXwjZXorJdm5qb7bKY4dUAn2VFWdYNaSKWI7dyVkXF7/AKnkrmn3S5WSfTNtWjjH8i2q+qLlUHDX4CrZKmec5meShEYSS3J9GqNUI/ijv2S075zuk1dSZSeRi46HaWgcIWnC7sO6ESc8qnPaQPkJrjkbLmAlgJLmQY4kHlNSSVb2GO1u9VzUT3XEkankgkkkkLsIJJNXMhA3kh1JcyF1EQ/ZpJJJfk8/XA9JJJQgkkklCCSSSUEj0kklAMCSSSUBEutXElCA6inhq4X01RE2SKQaXMcMgj7LF9PySdPXJ3SlxqGineXPt8z3Z1t/7s+jgMfstwqjqWxw3qh1Nb/vlJmalf3a/wBPzULSJBbjlCje6mqPGYPuPVV/TtzkrqLw6twFVB5ZW9xhWMjQ5vqoWXVPM2WMP1DdcDvZVNDOYyIXE7qzbvuhBlEKkkkiAOHcYVVeLVHdaKSmkaCHggg91bLhGVaGI8lsFzn6L6if05cyfkap/wDu0naN3oV6Yx+dwP3WW+IXSst4p/m6IAVEPnafUhC6C6mN2pjQ1XlrKQeHM0nfI2ynReALI5NPc7bS3WmNJVxhzXcHu09iPQrB9UdJjrrpqfpqtcz+MWt2qlkdtrwNn4/xA7/YL0cebZVV+tcjQy9UPlqqbdun8Q9D6hb9PbOmanB4aMNkV7PkCso6211ktFcIDDLTOLJmnljskY/UKyttYKiPRnzMXqPxq6QdeaWTr20UjHSMi/36NgwXs/rP/Lv+q8Qhq3U7mywlfXfBeU/mUJvtdo4mppxPcjP/ABX+G1L1FQS3WhgayvhbnLdvE+/uvCKaoqKGd1BXsLZIzp35C+uqeoZV04eQHAjcLyD4sfDWGq8TqC1eWdu8kYHI9V7LSal+z5v9SeA/kqWorXPs89YdbchGVFQ10tNIaWqy0g43VyyQH812oT3I+VX0OqbgyQ1OHKCTk54RGo8iUGHC6hDlPBGFZY5JJJQSJJJJQgkkklCCSSSUIJJJJQglzAXUlCCLW44XCBhPXNPulSWRwEhcRSAhkHKFogIHCbq9kZCV9kyCQzjByFJQTwp2ERnNPogta6OdtRGMSM+k+ilOaPRBewHO3KTZWpcMfp9RPT2KyD5Tyj6j+CvxXi6qtcllu7gLhSx6i5zseJ7j9F6JWQCJwng4duvhq23e4WC4xXK2zOiljIIIPPsV9efDT4i2vr6yB8DdNTAA2ohJyWH/AKcr555jxs9FY51r7D9TfQX1hR57TLTXvF0V79ltXxta4V0TQHDaQDv7obwXQtqmjYndT6uAx4I3a5QWn5WbTzFJsWngFcRM+hNY4Y0xw1UJY8ZB9VmbrapKR5cwZYeFppG+C7xIxgE7p8kUdTFpeAQQtlF8q3lMzW6aN8dsjwX4jfDSl6oo31NCwNrGDLWAfUV8/wAtPV2uskpKuExyRHSQ7ZfaN2tL6WQyRg6eQR2XlfxN+G9P1NSuuVuibHXRAk6R9a9BotfNPlnx/wCrvpH+TuuqX3r/AMzxCjrZInNdFIW/YrS09W2ujLDgOAyVjJYaqgqX0dTC6OSM4IKn2y4mmnD3cHYr1mlv3LLPh2t0VmnnsmuTQuLoyCMj81YQTQ18BpKoA5GASoQfHUMEjHZBTQDH5mnhdHiSOa4uDKi5WyqsdV8xTkmInOytaarju1GRga2jcKfFVQ1rDSVjRgjAJVFW2+qstV49OSYie3GFSWBqt3cvsj1tG+A5Ix7oVHWz0MwlieQR2yr6J8Nyp8P0kkKmraF1NIWng8FV0NU1JYZ6l0X10aqJlHVyguGwJO/2XoNPOyRmthzlfMQnnpXB8Ty1w3GCvTeh/iAJGx0Vc8axsCTymQnk4et8dtbsrPWNWUlFpqmKojEsTgQVKb5lqjJYOI1jsSHNDHPGY5G5BRdPulp91e5ERntU9lqwwuzDIds8K9bIHDI77oNfRxVkXhSDPofQqlttxfQ1LrdWuJDThjj6KZQeMmjSSwMZyu6fdTcgMA0kklYQwpnmynpYCjWSCBysr1t0jS3+kMsLGtq2DLHhanIQi0IJJNYGV2zqkpRZ84XCiqLdO+lq4yySM4IPdVkhGTtwvcuuOjae/UpqIWhtTGCQQOV4xX22egmdDMNwcLDZDk9VodVHUwyisfpOWkJ1uqTRSGOX+6edj6JzhglBmDZGaRueyz7WdHG6O19GgyDuOExzcjlRLdUmSARu+pmymg5UESjtIcsO+QnWq5V1gucNzoJDHJE7Ox+r2KO5oKjyxA9kUJbWWnuW2XTPpTpTqW3dYWeO8UR0yOJ8druWO/pH+n2Ku4Jztt+q+a+i+ra7o26Nq6Ul1PIWiohztI0f9M7L6Kpa6julKLja5RLG7BGO4xnK6NV2VyeQ8no56e1yX4su6eZx5UyOQkAFU1FUBxGT91cROBamyZyH0Zz4h9LDqW0CeAtbcKMF1PIdifUH9ArD4a9Zt6ntJtNzZmuoPJUtePM7Owd78K2kGcZ4XnvVtluPT17h616daWmLerjZxI0eo790lxyaKXGyPxvv0/7mY+IPSEvw+ulRdIIPH6cuYdHUQBuotcfX/qrz4D/E6D4edSM6Cv1XK+zXKUyW2Zzstgc52Mf8rsDPo77r0Smq7H8QOly5rWzUla0skjeMlhHb9+V88dYdGu6ZqWdM3GV7GVI12er/AO7d2jJ7dt1nshseUdfSOrWQemv79/8AT3/lf+Z92vl1OzjCIx2dl4b8Afi1L1HaZOl+ops3q1u0PDj55Wf95/ixjc+4XtzHDnPKOue5HntTpp6exwkSBunoWcp6angzBV0E5Q0kAJKacjc7rqAOUUDLMKECZC6gsJJ3JRlCCSSSUIJJJJQgkkklCCSSSUIJJJJQgkkklCDFx/0ldXH/AElQgEk5XF0g5yuKEHqJcqOOupXU0g2eMKWmvGQoWpYPGuoum67p2vNfb9TC058vBWy6M61ju0LaOteG1LRjfutJcbfBXwugnYCCNvZeTX20T2S4uno9THMOfuj6GZUj2UOz2TljeiutYLmwUNe4MnAwCTytrqDgQdleQWsAXtGFHwWkKTpQpGZ91GUdByOV1B3DkQEYQkHZKWSkkrIcxlQ6xgezRpCmobmh3KNEM+4SU7y1/wBKRIAyNwp9wozURZZs5u/3VTDIQfDedwr6IOlf4sbocHzL5s+K/Qf+ylfHX0LS2kmJAHIb3x/n+i+ldPuqbqayQ3+zz2qoY17JW4ORuD7JFlamdPxmvt8fcrK3/lemeF9F37wgygrHEFoAY8nn2Vtfad1HcGXKn2DiCcevdYO92m49DX19pq2ZjJHycuN3s7By3lsu0d3t7MEiSIBrweVwtbp8Syj9OfR3n6tVVGClnPRoqGaG70RhqGh7Xtw4exXmHUFtlsdfJSSDLA4lh/wnhbWjqzb6xrsYY/YqR1hY2dQ2d9ZSFonhGfuFy2sHv76/kjvPDuoKCOozKG/UMgrFTxujeWcEL02aIFphlbu3ykehCyd6tjHFzo27hKkeT1ullOTnEiWOuMUjTq+k7r0Gle2eNsgOQRleUgy079XGFt+k7praInu5GFmaNvi9Sof6czQvbjYqJIAdsKfLgN2UJ4yCgksnel0QpWgbEKJIBgjHCnzDPAUKSNxQGacckNzd1HlZlvrhSntwgOYQCojHZDJXTAb7dlBmHorGoaQVCkac4T0uDn2wyV87FDe3Sc4VnK3IUF7d1ZzbY4YJkm+MKScPYDhR9ON0+OXChmaTAVDcYxwgMJ1BTZW5B+yguBHZQVJNdFpQTu2yryleRhZWmnLHrQUU4fGCeQobtJa0sMvYpNQCtLXV/JT+LjLHDDh7LPwzYIVjTy5IGUElk7mls5NFVQkuFfRv98jkK0oK+O5RhkpDZ2d/VVFrqC1giecsccI09HJb5xWQZc3kgJR2Kpcl48BrdLhkKlu1G1hFVCzAJwQOyuKSeOrjEkZz6j0T5IGyDS4bHZJksmvG5FFb6rDsOIVzCQ5uQc5WbuEEluqiCfKSSCB2VxbqgOja5pzkJch1UtvDJ/0qys1wk8XwHnGOFWiTU3hMDzBI2RnIOVnsjuOnprNksnoFK8gAqwimzgLLWm6iWMNLsn/JX0MgwCsk4vPB3q7VMtWuDhggfmqevpXUcnzEAJY76m+inxP2CkiJs7S1w2IQjZS4KmJwe0OB2IyiEZUOogmt1ScZ8Jx47KXG4OAI77qMWpZK2+WeG9UD6KYgZ3DiOCvOLdWT9LXd9DWEuhJwCOML1wDJwqDqvpGnvFKZomATNGdgjMesok4/JBco7TTw1UIlicHNcNiCgVVOHDjCyNirq6yV/wDDawnRnAyt9F4VZGHREe/sqZWnsdsc+zM1VOWu+lVNbQiUF7NiFrqyjBc5unhUtRTOjJwEmUcjLIPHBE6e6gqbRVMjkeQ0HY5Xv/SnVMF3o445JQZGjlfONdQOmJfGcEbq36L6pqbVUCKaXAacZJ4XO1OmT5Ro0WrVL+OZ9OwyFpG6lxyAjkElZnp2/Ut4pWOjdiQNGR/qreObScLj21YZ3oyTWS2BymvGcIMLwWjCkA5WOUcFgidKc05XXjKGHkchBggRrfdJwxvlJzvZca8KECwTua4AhTw7IGCqvGDkKTTy4OClipLJOyU5BBBRByrKHNLicnhOSQ3OIJ3PKWTsPkJIY5TxwlijqSSSAgkkklCCSSXHcKEHNwVArIMnVhSckHdP0CQEFOhLBaKSSM5IIUCppY5Glr288H0V1UMEbyCNlCnjzx3XQps2sE8g+J/Q0NzonyRta2ZoJBA3d/6r5/0y0FX4bwWvidpOfZfZtdQQ1cRhmYCDwfRfNvxY6Vfabs+rhiIjecnAXf0Wo/Zw/I6SSfywB01Uy4W5md3AYyvUvhlffm6I2uofmWD6cnsvD+m67Q75d7tnLbdOXCW13ynlY7DHkBxXSmlOHBWgucMSZ7yHbE4RQcqFTVHiMY7+sZUtjsjhc+cH0z1EJ71kJkpZKbkLqzNYHI7kpZK4koQSHj1REObZuodk2sjAy7jKgyt1DGNlOH0n7KM8Y7LTVPBktWVgwHXtkZd7VVUrWZcWkheAdOD5K8T2+caHA4GfUL6huNOfEJxkFfPnX1mfZOqm1kMeiOZ2rI4XtPDanG1Hyr6x8fvl81a6LulkLKhrfVXbn8EblZuCUShlTGfK4A/mrmkkD2AO9F7GMlJHzpScS8staYKlrDgArd0szXN5B2XmIzDM2Vp4W0slbqpwSfzXK1dK5mj3v03rGo7Js0PJRInOje1w4CBE7LdQ/REd54y0BcOxHvKrf0XEcge3UOCi5yFXUFSHwhhG7diphk17pBuhPcPLznYrmonuhpKjRGeB6SWQkoG7MjDvykUlx24UKlyisrR8tUx1Ib5M6T+aKyTO+NiiVLA9joyM6h+ihUMpdEYXDDonFqJPBnbJj+FGccblElI2wUCQ4IVNNgt4Rmr9FJR3Wiu8WRiURP8AZpWlbJq3HB3UK70rau3yMxu0FwPoR3QrHUuntsUkh8wGk/kqigIvkslxwy0g+i6keEYwZCf5Iz7oTzh4KIdtggqEDNLXgagqW36oairp8Ya2Uub+atn5BByqadzor8C3Zkke49SoLsWSwJwkDlJy4D5ScJiQDYGtI8L3ByojHZwjVGXHCCG6Wk84VxEzCP8ApBQZDtsjkZgce6AOE3pGSfBX1bRpORyFXUvlcQPVWtY1xaQR2VTTjMpHurjLkw2rkDcXFkx9wql5znsrm7twBNhUsg1bjZbKu0cfWLEzHfEJg8Wld30LJggA7rW/ENuHUpPAZusW48br1Gl5qR+d/rVY8tP/AAv/AEI12mLYSAOQq0NAoC5w5Um5zAyiLsVGq3COjDAMK5M4Onj9qKd51aieVGf9SkO4Kjk+ZZLOWdLGQ0GwU+kBCgxHGArWmZgA4TYrCGUxzIL+HBQQcE5RJ/pQjwFImp8cB2orOUHsUeMHUnRQi18Bm7kKSOFGZyAj626VtrM27HYOpfhuM8hU1TIdSn1U3v2VY45Kq2XGDPLmWTi4TgZXU152WRvCCSyRamQ+nZQWkvdv2RqqTLtlyni3zhZ5S3GiKwSIWacDCmMGkA4QYmjbbhSJXNDBpCiaSFz5AzybEA9lALi7OQizv35yo2rJPZJm8cBxjhZFkOOPVTqaIbEDhAjiyQQFPgYWgIIrIFksho2huNkdu4XGNIxsiA47JyhgzSfPJ0jJACI0HKQ5RGNymRWRL5CMaXbKZDEMjITIosAbKUwYGwzha64ZETmO04xgYXS7VgBNklDct7gItIwloee6bNJIfo9NLV2qCJFJB3IUtox3ymwkNAGOUYcrM2e901MaoKCQ+Fpcdwp8TcYOEKnY3bZTYWAhUboQSD05AH0qRrAaRsFFAwolwqvDiL84AUHxls5It3uTY3FrRkY5WGuNyMr3ANO59Ue/Xj5mUxwOOBsSFVRRuO7kxLJ5LzfkPllsrYtLpHascqXC0DBPZKGNunJCdpWiEcHl39x0ngNCI1gLRkpNj23Q5ZMbI20UkNmd4Q2xwqisqnPJaCEesqcAgeip5nl7tz3WO+30aqq2Pe8vO5QlzICaufOzk2JYQ9azoKwOuFb87JHmOM4G3JWaoqOaunbDE3OeV7v0bYRarVGzSA54BP8Aqs07Nz4PWfTXjHfb89q+1F/b6ZsELABwP0UyWdsQ1OwB7poAa0DsFR9QXWBo+XY7Lu5CbTU7Ge61eprog5y9EG/XRlTUfyslrdueVr/h50mzAvldE2RxOI9ZwG4747qi6H6aF3rPm62Nxp4znB21EL0+qmMGWsdgr0emqUII/Pv1X55+Q1DrrfHsFc691TJ8nR55w5wR7bSR0jdT2Bzz3KFbqaKPNTI05JOAp8EL6p4a3YDutJ4ptIn0zBINbxsOFK8rAh4bC1rR2CC+V1RJ4cX2JVuOeWJfIV9QeGhSaCgEhbVVcfmTKSi8J4lqNwNwoV76hZA35aDcu2JBS5zTXDLS3PCJt8v4t8T4KT+YTz5sYWfobc+unFyubiQN2xnjPqi0tEHYqqhuR+EHunPl8Y6W7BY7bVHg+h/Sv0dqPITVtixFhqq4GcinhGiMbbd0qenJ3xwlTUZccnupDy2maA7k+65Wr1WxH3zxXgK9O1XBcHW6It3kAKhrqqoutT8nS5EbThxRbjWGp1U8J3HJUihpG00IaDl7t3FcK66VrPWwohoYYS5C00DKGNscTd+59VLiiyQ4t/NKOEkgkZ5UpkWGjIWnSaed01GJ53y/kFp4StkxhAa3JAAHqszdLx83P/D6MEDcPeO/spV7uxkLqSkfxs5w9Va9EdG1FbL81UMA1bgEdl7CFENLBKPZ+XvqnzkvJ62Um8xT4J/QXQj5nNq6uLEXIB7+5XrsTIqSFtPDGGtAxgKLbqSOgp2wsH0jCdUzAckDHqqlLceNsm5SyEmnZE3UTk9gmUVLPVSiolOGZ9cfkokLH18wxkRsO59fsr6KPQABwFmnLAAZrWtGlrQB6BdXF1Z28kEnJqciIJJNSUCHEjHKEeUsn1QlCCXDwmychNedhgqEESmJJmcKEClDxvjKT9uThZi89aUFJVG126F9zrjxBBwP+d2PLj7qENLLL4eNs5WYq+szPVtt/TVH89WEZ1acxD/xKK3py+dSObJ1LcDFTDdtHTnA99Z/FwMem/qtRQ0lHbqcUtHCyJjdvKME/dQhTU/T9ZVyNruoqjxXO3NOxx0NP2V3EyOPIa0AZTnFriTqQzucKJZLSyOJJOSV3HuotZcqK2xGarmDGDndYPqD4sUsTHR2iHU7ONb02FTkMjW5HoEs1PBtLIGnGVj758S7ZbSWUYbO8bLya/dZXe8EsqJstPZUzJHSHuXfdaa9Ov6hsdPKPLNjeeubtci/w59DXeh7LMyVLpj5nZP3Uqz2C53STw4oHFvcrf8ATnwnJeKiuADT6oswqLclWec09sq613+7xaitdY/hhcbi0PrHGBvOV61aelbJaQDBRsLgOSMq1LGgAMAAHYJUtT/yi53y9GPsfw9slpaC9hqHjGNe4BWsjDYm42XHENHKjyOD/KUqUnb2Zpzcux01dFDnU5VdTW1tT/dRvEXq4YR6mWggy+cYI91RXHqcSsNNRsIA5JVRjhkJE4gPnq5NwqiruVMDiAElqhl9ROcyuJCZI+CMaX4BWiMUMUDlRWTTAAu0hRHzaB9WfzSeJJngQtyD3U2msE8uHPG6LKCawV76mbGY4tRx6plFYrrfHjU/SDtv2WkprMIBiduVPiJpW6YAGj7KYKO2jouzWiNstS5ss3J2Vq6vdGNMADR2IVV/EXZIlcNvdDMs1RtT+Yd0DQMlklVNwqJNnyc+iikyy7Rs1ZUiOijBDqx2CpOmNgDYG490LFkeOg1AOqHD7KQ1sEeBAMlFjpKqbDn/AEHvhNnqqG2gj6pRyAqImxwZI5uqRukKLUTU9NGZGzanDsoFZeaqtaYmAtXKO01VXjLNio2kGDfcp5dm4AT6alnqnDQ0n8leUHTkTQHzDGEK6dSWOyNEUZ8SUbFowiLSyDgsY06qjZV9xvNjs5LWHxZm/hAWVv3W90ub3QwSeBBnYM2JWde+SRxfI8uceSTlWo5HQhns0lz62uFWNEAbA3/BtlZ6pqppnF00jnE+pQN8kkrpcPVMUcDPjESgkbcpxIGd0BzjvvsiwMUUhHlMyUwyYPCGJsnGFAwxIxyhucQuavdDJyjiix5dkbIJ5SyfVMTMYCisnclIDPdcBb3KTnN0ndDLkPCGEoZJzykeUNU3kgTJXExJUQ7kriS4SMKEG5CRIwguJ1HcrmT6lXgg5zjnY7LhcTsShpKZIdyVzJTEuBkqi8MekuB7TnzAY5yoNffrPbMirr4mlvIB3CCU1EONcp8RXJPAJ4GUliKz4o0UbsW6mllG4DuAsxc+ur/cC4NnEDHHhgwUEroro3V+NufMuD1SvudFbofGqqqOIHjUeVlLl8TrVTkspKaSpI22doH6kFeayS1FS8vlke9ztzk5yjU9unmw2OP9kmc5yXBsr0VdX58lzcOv77cWeEwspwefDGCVn5G1FVIZJp3vc7kk5V3S9L1T8OcMD0V7RdO09M0GVoJKWlKfDNTuqoX2JGUprVK8ARBW9H07JJgys/VaumoaWLDo4QCpej0ACnxYZns1k5cIoKbp+njAJHCnR0UUG8bcEqZocU5kXqExQSMc9RKRHDe2E4U3fOFI0N9EiMYAV4A3tkYwluCQiNhBAOUUDK6BhFkIH4bR2SEbQnJKyAkklzKhDq5kJuvOyZqIUIFJGOUIkZ5XRl3GU3wCeThU+iDcgbkrjqqADd66ac5y7KQho2YMmyS58jEm+iLLXsZsyNz/ALKHPWXAD+RTsPu5Wuq3NxwB6pxfaXDHzLR+apzyMUmvRmKmW9TjQ+WFjf8AAd1BmgkeNM878D3WwbTWmUkfNMH3QprJaphtdaYfmgmsjoWqLzJGJnpKMblxefdQJDRtyGRZIWzqemKTfwbnAc+6pazpKt/4U0Th90iayba762ZyV7W8NUSWTxDxwp9ZbKyjeWzRHbuoRaR6pDWDoVyjJcMFqTCcp5aQcYKGrGhNPuugYQ9Xsllp7oMSYSWRy5kISSB8FnS5x2yuJJK85J2JJJJAQakkkgIJJJJU+iCXEihnKBhxjkOSMcoBJylk+qbvk7qN4KHAnKICMIeClkqyH7PpJJL8pH62EnpieoQSSSShBJJJKCRJJJKAyeB6SSSgAkkklCDEs43SSUIZu9UbrbXC/wBI3DXOEdUxo5Z3d91ZQTxVMTZoHh0bxlpHop74mSsMcgy1wwR6hZ2DNhuotdS7NNU5khkAwG5P0lQakvZYuGlweOytKOoD4vUqveQ7I9EKCc09QM8O7K2SSLxq6htyeO66qEMSSakoEKRurAXlvVlHU9H3wdTUIIjccVTQNnA9/wDJeqKBebTT3ijfTTxteHNI3GUUZcl98A7LdqO8UTa2ik1sdwVasOQGkZC8l6UrKrovqSp6drXH5So81MSdg7J2H/y9l6lHOHb45WyLwZ7a89FXUUDLRWZgA+Qq/I6IjLWu77e6+Y/i10NJ0T1OXU7g+13UGalP/dO/FGf1GPzX1tPStuFLJAecZb7HsVkepelIutOn6zpW9taQwkQv0+ZsgHke09l2fGeRloLVYuTnX1qR8jW66fwyoMc2TE/bn6T6rQVEMNXE6KZgII7qjv8AYq+yXGrst3gMVZRPMcjT3HZ354KXT14w80NY4gA4jce3sV9o8fqY3xU4HG1NWODyv4m/DweM+st0RY4ZcQO686t9fLBJ8nWbPYcAlfWNxt1Pcqd0ErQcjY+i8I+Inw8mpZ31dLHh4y7buvR02vGD5X9R+AlOTupRn2yd+cqQ13sqC217m/7vUHzNOnfsrxjcDK2J5Pnk4OEtrCroPZcGy6OU1Cgg4XVwHsuqEEkkkoJEkkkoQSSSShBJJJKEHJJJKEGpJJKEEuEDGV1JAGCIXEYtGCUIg5QOLDApik4KFp91eGQE5mCN+UF8YHflTCMoTm+6VLkIr5Y9XbKtekOqLr0XeIrtap3McCNbfwvHoQoTm5QXs22Kz6nSx1EPjs6Oj4zyeo8VqY6nTPEkz7P6P6rt/WVjgudI9rhJGHPA7HCl1lOA04+4Povkv4a9fVfQN5bI4vltszh48GdvuF9c2u5UV9t0F0oXtkhnGRg7g+hXzTX6Keitdcj9bfSf1LT9S6JWwf3x4a95IEerUY3nIXfNEf8ACUWrpT4mtu32K7EWyxmOTlqyrs9RgY5scrcOaHA+qzV1traOoLo2+R+4HZaRoMDwD9J4KdVQQ1UBhewHPB9FrrtcTLqaI2RxJHz98T/hpT3uJ9ztkIjqmjUQ0fUvA6mKehqH0tVEY5GHBBX23U2sRuLRuF5R8TfhNSXeN91oYNNQASQ0cr0PjvKfG1XYfJfq36QhqYO/Tr7zwu13V1M8MecsPur5r2ysDmOyCsrV0dTbap9JUxFjmHG/dT7ZcnNLYJNgvYV3KSPhuu0M9JPbNFtPG8OBaePdTaOubVRfL1IBxtv3UdxHBUWWJ7XGSJaDmY5CVVJLbZvmKfJhJzj0U8/L3elwMB7R+YKhUdyy75eqGWu23XZYZLfKKmmOYzvgKFtYKyso3wPLJG8cH1UZgfA8SREtc07ELTubT3WnyABIAqOppHwSFkjfzVhwnnhm26M68fSNbBWvJxsfdeq225U9yh8aA/cZ4Xzaf5Z8q1vR/WlVbJWwyu1NGAMnke6OM2jl6/x6n/qVnugIC7q9lTW2+RXGMSR4HqMq3acgFOTycJQ29ifuM+iprza2V8ZewaZWbgjurlCe3HCttoJIpbFdZXZoqh2Xs2BPP2V+x2RnCzd0trhJ85SeSVu5A7qfabl8xCGzOAeNlWf2W0izSSSTChiR4SSREAnVlcIccI+AlgKmuCEV4PdYzrLo6nucL6uliDZQMuaO/ut05g4yo8jMJElkZVbKialBnzTX0bqaV7C0hzSQQq8scTuML2vrfoaG5Rvr7fGGzAZe0fi915DWUktJK6GZha5pxgpDiet0OqjqYZRCZI+B4cz13VzC7WwOyqZ4JO44UmgnLJND3HS7jJ4Kyvs2Tin0WJB7pmEfSMZwhkYVYwZ+ngjvZsRla74Z9fT9LVgoKo5oJHcc6Se/2WXcMhR3RAHbZMhNpi7qo3wcJH1fBNDMG1VOQWSAOBB2KsKWqLiGleCfDX4iz2upisV4lL6WQ6Y5HHdn5+i9vY4EBzeDuFvrsz2eN1ujlpJ49F6wEsJJQpMu2PCbRVTZWiN31D90+ZunYd01tGLGDz5sknwv6gbWU+r+B3Bx8VoG1O/I8xPputb1LYLV1pZnUteW1MEzdUUreWHs5p7IlfQ09wp301XE2SOQYIIWUsN0rukLizpe9SOkoZ3YoKj8LN/pd+oCTNZNyl8n3R/M8j13z4Xdbwmf+XUUGX0844lZ/S4+q+w+hetqPqSxUd2p5ddPUNBeSfNC/wDpcP8AX2Xk/X3RNH1naZqKQAVeM0smN43+uffZeZfCDruo+G3VNX0p1UyU26seaapJ2DXdpM9mO7+mkJONnJtuqXk6d8fziuV+z7cY4PGQ7I9UZqyNovfyMzKOeUSUk+Pkps51f4HH+r09VrRu3OMJsXuPMNcj05B/EnjhEngoIOUQEYQE/JSwR45RmuGNyMoCWSrISEkJJQhISQ9bfVLW31UIESTFzU31UIESTElCCSSSUIJJJJQgklwuAOCVxzgRgFQgnBu+eUE8rp5XFCCSSSUIcIyqq/WKnu9K5jmDxGglpA3yrZJQtPB4hdLZPQ1JkpiY5oXcjYnC3XRfWjbjE233B+moZsCe6n9WdN/PxGso2ATNGXNA+of9V5vNE6KQTU7vDmYcgj1CPob+R7YHZ2wukZWN6I60huP/ALtuh0Vbdg4nActq5+WnZXkBrBFkYhB5zhHcd0CRm4KooIDkcrqE3nGUQcKiHUkklCHHN1d1S3eka0Cqibgj6gFdoE7WybEZHBTEQzsc2pg90N7TyDlPuFNLQTa27xPJI9kzxGyMGBjZFF+gzz/4qdFUXVFleXxaaiMfy5huY/yXjPT13nsdwbS3Bul5aGye59V9N1URONtgvDviZ0gIp319IzU7dxA2Lcf5rJqNL8x7L6Q85LxmpUZPj0WE7RMxsjNw4AtKuLBWt3p5sFrhocCsF0RfH1gNsrJB5R5MncH0Wla51LUDf6Xbry90HCbifqXxHkv52mUjPfETp42i4/xKAj5Wscc4H0Scn9f9CsHWwgtJC98q6OlvtsfRVDWvjnZg57H/AKrw65Uclmu09lrCfEgcQXkYy0fiWZ8IvV0YzJGMuNEWuOlqFY6801ZoJwAVpLjROByGhzeWkcELJ11O+lrBLHwTlKlE4c18Vimj1SORtTTMlYcgjKEWHCpekbxHVRGle7do4K0z2AtwBhJwen098b4JxKuZu6iyNAHCsJW57KLI30QYGSXBWzN3wFGeBhT5G57KFID6KjJav0QZ25OcKFM3I2CsphkKFICjOfcvRXyj0UKVpBwrGVozwosjM9kZzboZIEoxhMbyjTNO2yEeFDBOOGFGC0jKhzMwc42KLGfNuUSoAMB08qIWyGwYdyrShlOA1VTQQFJpZy1+44ULqs2PCNDBKQAcqxppTrCp6N+vBVlE8EBRo7OltzyaGjlyANWDyFpKSZtVSBjjuBhYqmqC0BvcLQ2qoDm6Q7BwkyWDvaazJJBlttQJI3YY47jsr2ORssbZGnkKt0sqYiyQZKjUk09vqBDI7MbjtlKksnTjIs6+jirITHK3J7HuCs5TyS2+qMLnHTnG61oGsAg7cqtutsZUxmRoDZB39UEo4DfHKCwvD2A553CLI3U37KmtFS5rzBIfYZVtr0duVna9GuiTccsLRTupZvEHGy19urfHjDv2WLa7BzjhSqK5S09Q3SfL3SJxOjp9Q4zWT0CnlyWjOytYXAsHA/NZq31AmYHE7lXFPOMALO4najLcSK2jFXEWE4PYqhjfNQTmnq86SfK5aOJ2TjHKDdbYyupzsNQGx7oSumQ48OwQQQfdGAOBvsqihqXU03ydUC1w2a7sVctGByog1YksGR6x6XdcYhXUADZ4jqI9VnunL6+hqTR14c3PlOexXp5GVkerOk21bXV9EzRM3cgd1DDZTKqXy1ItTC2dutu4IyCqquohjOFUdLdUPpp/4VdMtOdLXO7H0WympmzNyMYO4Kg6q2OohldmKqIND8EKmuVvLD8xA3PqAtlX2/BJDeypnR6SWlJnHchVlPOSw6D63mtkzaeeTY+XJPC9wtN1guMLJoXg7bjK+ba+2OjPzdLyN3NC1XQvXb6eVlNUPLcHG65l9HtGzSat1tV2M+gYZ3NLcjlWLD5QSeVnrTdaW6UzXxvGrHrwrGKdxaGOOQOCuXbDk7fotMg90OVmcYQon5IBKknBasu0sjfUuNJaeUnDSSu51ICEgYISbkbhDBwUbYhCQNDPwCf1UoEaQQqs5BypMM3DSeEsCUcE5snsuSb8Hf0TGgHunOGQrAHxPY7IacnujMGMquEj6aYSEeQ7OKsWbtDgfqSwJvA4DC6kklgjEkkkBBJJJKEGysHYJjX4OMI5GVHlaWkyAfkmpcloBWML27Dc7qC4t+l5wVZk+K3hQJWhkulwGD3WiEsBpZIsrAd8LHdc9KxX+3StY1viYOMra1EekgBQ5mbjuulprdrEzjuW1nxzdKCo6fur4JWkaHnBx7rTUNUKmnZM0+YDlbX4x9FPmEl1oYh5RrIxz6heV2C4mB3y8md9sei9Bp7VNYPPThOi7Y+j3/oO+fxG3MglfmWEaHZ5+62DH57Lxroi5GgubHl+GSgAr16ORrm6wch24UuR6LS3JxUWS9R5TkEYOwTgcLBJcm+MshEkkkIQlxwy3BXV1NCl0RmnSSEJw1cbIk+NZcOEM+YZToGZrLK+uiBGcZXl3xQsRrreZ2Ny5mdJ9CvWakYbkjIWT6poXVVtmbCOclei8Zb8aTPL+b0kba5RZ4l05MflDSvOXxOOQr+B5Y4LPx00lvvjgBgS5yPdXrXey+gaafyQUj4trNO9Pa4lnGfFG6vrFWljhAfsszRy6OVZUU/hTNlHY8IbY74uJq8ZqZVWLB6LTP1AAqQxx9FV22p8aJsgVmJAQDpXn7o7ZbT6no7d8FI42TwanI+l2xCtmHIVPM0EZ7qfSVIdEA47jZZJROrVYTUkzlLISpLJpTHAnO5TwRhATtXuqDHpqcmHdQJjJG6htyFWzMFNUiRowyTZ3/MrAsO5JUWrjM0RAG7dwrQtjScppGVyNwcwEJyasYEybfQxzQdjuCqC3j5G6VVv1ENJ8WMffnC0R4Wdv7fkqqkubNv5oikP+EpcnkBMu2HI5yk7BGMrjS0g6eDwgEnPKNLI1D3fUVxJJCGOVReA6nlpq3GR4gid7Z7q3yAq++tMltdp5a4O/dWngAKd+F0Y33QqeRslPG8HZzR/kugEd0beReBlQMYKhiTJxhTKh2wyoIAyUVfHYqYdpywhCaMOT4ucFcdgcJu7PBlsA1LQWKib/LqHjHKv5sSRlg5VAQRX4Ki7Md+Bl1dqpxtjdUrtgd+Fe3RmYNj3VE9mIpO2Fsr9HF1v5GO+IzgIYCDvoGFhC44ac9t1s/iESXUoztoWGkcdwvS6eW2pH54+s/8A83l/hEGVzpqsYGd8KNeZHM0wN/NSIgROSfVQbm/XUD2RzeTg0rlEMjDceyjbk55UyYgNUZgGVmcsM6G7aFgyXN24KvIwBGPsqqjYXPA7K2aPLhHuyjVQuNwI7lEjj74wmAEuUpkflUgMB4wiRSAHjlMIOeE9kZ22WhdmezjkM/shyOOEZvdR6ojYLXB4RislxlESpdnuFFH1J8xyeUMcpM5ZYlcjzsMqFWTYGMKY8hrQSqupmDis1rwjRBEZ2p8gOFYwNDWgkcqLSt8R2cKa4Y04GEulZWWFN/oLGMoUpJBBKLnDVDncOMqrHjoqKcmAnJLgcpkbSXBLOXhSoGZ3IWd/cxklsDU8eQM9lYMYGgFBgjwBlSSMY3Vx7Ms5BAAF1NbxhOAyU0RY/wBD2+bhS6dmDqIQoo9wMKyhjxjZaa1kQ5+h0TcjccIoc1gyd8JZaARjChTy5PhNdufRa0sIVt+SSQ92qWbU0bFWlNHpY0EIFDBs0varIBuAAEic8nsPE6L+PFSE0aQBhGp2F5xwhxwlxGBkqypoNAHl3SlLJ6OuHOR8MelTYo+CQhMG+ERxDG7ojUocA6ueKkiMkjtvRYjqK9+V7WzEegCn9UX2miZoa/JbnvyVhnPlrJi952KtLJwPK+QVS+OthIQ6V4cRyrGOMNAOFykpGhmSOESRwaSAtMI45PG2TcmNcTkANwnMbnO6a1n4k58gAxhHuF/4HSSaAq2qqBpLQQn1VQRkeqqZZTqyd91nts4wOphlnZ3lx55UGQ4OxR5HDG53UKV3bPKwXSN0IfoI49gUm+3KE1pPfK0XSlifd6xg0HGrAKxWSxE6Gi0ktXaq4mx+G3Sj3yC51ONBwQ0hetU8ejA7KBZrTFa6GOmABc0bqxLxG0uOwCqlNvLPqVGmho6I1xAXSrFJBrAWas9rf1BeGt30asuwiXaarr60UzHEhztLQFvulbNDZKVjmR+dwy8n1XodHp8RUj5n9d+eenr/AIdL+59lzR09PbKdsEDAAOUmB9TOZHHY9k0vL3cIkYP0tbuujCB8Uk2+Zdh42yyy+BDwO6vIWClpyTgnugUNPFR0/ivGCRyUB0k9bMI4NmDko87QMskCczytjH4lZ0NPHTu1vaCRxlDo6RtEzxJgHPeO/ZVV3uklSTSUA1Obs7dKsue3bEOumd8lGIW/dQtkcaSkOcbOcD/kqyjohGW1dWzVndrSnspKanHiujGrG+fVKMz10wYwHbYDsAubbZsPrX0h9FO5xuvjwOdUSVTtmloBwAFYUdA/Gt557KRRWz5fBeQXFGqZ46KPJGSeAuRqdY4vKPu+g8dDTRVdawhj5IqKIySbY/dUM9ZPVzF5+k8BEqZJ62TVIcDs1FgpWxkOK487Z3Syzv1xVURtNTAnU5gyrSCnIdkhMp4CSMBWbGNY3J2wtFVW5nP8hq4xh9wLwwxocRjCr7tcRBSFsW735aPb3RLndYYdVN3cNiodpoZblVtDfMBzlep8fpXpY/LLs/P3179UuedLp/8AqE6Z6eNwqo5pYi4ZwARyV7JbbfBbqZkMbA12PMq/p2zR2yBrnRgux5TjhWlTOIhxlOuudj5Pic7HJ8nZ5REOVVRtqbnVFpz4WcfdExNXT6I878q+o6GKljADQXdykylhAj6SkZBG1gYAAFJXGrqQ5ZLHpJJKiDk1JMRkEkkkoECXMj1SJwEJ7sd1CHZSNt0wnPdBkkOr/wBUGqq6aki8eqnZHGOS48qEJZIHPplUt46loLXHqkmZLM7Ph08TsyuH27KBUXW8dQCSl6fjZTU3etqBv9mD0VnbOkrVRSCsmj+Yq8bzSeYooxyQoG03VHVmH3Cb+FUB4ji8tS4e7hwtFYenLRYqVlHQUwa1mwyrJ7Q0aiNh3UV9bAPJE/U/ONkWMEDvww5A5Ud2DtrGfRRZX1LGiesnFPFzk+iyHUfxUstmElLaofm6o7GX8P5K4VOQSi2bSSphpPPVS6IwN3HssB1P8WaGkD6awhlS8beIRsvOL31re724iercyM/hacKljGDsNz+6fCpR5Zorhjllrd+prxey752pIYd9LDhVDpS7Ddx6LWWH4edQ3ste6JtPTvGRK7fI+y9L6f8Ahh0/ag2WriNZOB9T+AfsmucILsOVqr6PJ7J0FfL6Q+GEtYeHEL0zpr4R2+3xtluJ8WU7kE5XoNLBT00Qjp4WRtAwA0YTse6zzvk+E+BFt85+yLSWyioYxHTU8bABjZoUkNI4cuhwPBSKzyk5PLEOTfY3OATqB2QdRdyOUnvbFu5yo7h1LDCSyly8jb81FFsItaioigOZZA37rM3HqZzi6CibiRvDlAnluVzk1zg4PG/ASFLBSgOcNzymtNAtYIRjuFY/VPK459SimOOmZ5seXf7pSVz2+SnySptvsVVWHxqoYzuArXARUmpe86IBz7KXTWWWqIdOzA+y0tNaqWjx5GknnIRJJmRDZM35Rblkr6Wz00DRlu4R8iMEgbBBqa8DZpwobZK2qdpj4VZ9lZJFTVjj091DJrKpwbT7e+FZUlkdKRJUnCuIqOCBoEbQFfyFFHSWUafErBl57qe2mdgMghAA22CsnspWt1THGOFHNTMNqFmrGyqUskBx2/VvUNx7lMqbhaLe0sGqWUfhahz0lwnd4lZVFjDy1pwuQ2ankf8AymHV6ndQhWzXa41/8lmYIRwM7rtNaJ6p2oEuPdaGjsDXYdM3yj2VhPVWu0U+qTSzA4HdC5c8F4yV9B05DE0PlA/RNu18s/T7A1z2l4zluVluofiO6Vpgt5cGDICwdXcJ66UyzvJJ9TlWoOXIUY5NJf8A4g3G5vdBSv8ABh7aBglZiSV8pL5HlxPcnKFgdjhccQe6dGOB8YY7GnOSSVxLITXkaTuiSD6Gl2NkNzychcPKESMYTVDIZ0v9SE1zhg7j9UIvAJAKESSeUzYQO4jfdRzyfulk+qQOEvAxLI4ZGwKakXAppIwijFsNROIb/pK65zc8oJIwj6LHEnK5kpp5XEBBJJJKEBJJFDOQoQkFwwdwo5JyuZPquEgbk4VonZ1JcyByQO6o7p1r09a8tlrBI8ctj3wluaXY2NM5PCRerh2Xndf8VZJmuhs1tLXf97Nx+QWUut5vt4eTW1bi0/8ADacM/RK+Vf0m6rx85/nwep3DrCwWwvjqa5hkZy1m6y1z+KZeHQWmjGD+OTfP2HZYcULti/BKn0tpllLfCiz+STKU5cI1x0dVHL5H1nVHUN0l1VFZ4cZG7Yhp/X1VaGF5wSSPfdaWn6WqZQCfKO+yuaHpelgAL9yeUDhJ9jXqaq+FgxUVDNLgQx/kArOj6ZrJfNLCCttS22lpsmOEZI7owYQdlarwKt1r/pM7RdNwxEGVgGFcQ2+mg+iJufVSgw5RdIwNsYR7THPUyn2RPAGdmgBP8Juc7fopGkeiarxgTvYJrcH6cBEAGEsBdVjE8nMBIgLpQXageSoQ47GduFxJItOOFCCSQ37OyVztkDKgYU7DKH4p9AuOl0g68NGO6q6q7W+l3mrIxjsHIJT2jIVubwiydORtgLjDzlZet61t0DSIAZXeyoqrrSumyIW6B7lKnqILg016KyR6I57GNLnuAAVdV9QWqmPmqBkLzqpvtyq2lklQ4N9ioTnudu5xP3KzvVNP7TZHx0X+RvJeu6KN7mwNdt3PdQ29YXq6TfL2+GLPYkYKxmn3RIp56c6oXlp9QcIJaicvY+OhriejU9j6mr2tdU3eCInlueFNb0GagA1vVIZ7B3/qvNW3i5dquT/zFFbeLgDl1XJ+pU+TPYEtJL+l4PSf/ZvbD9XVMp/+2ro+Gdjzvfs+5kK85F+uIH/aH/qutv8Acc/9of8Aqr+SH6M8tHfL8ZnpQ+Glj730/wD3Qrn/ALN+nxzd5f8AzFeft6huGP8AtL/1T/8AaK4j/wCKf/5lTsj6QP8AB1K/r/8AJG8f8Penh/8AZqUH/mKDL0FaNO1+qMf85WLHUNd3mf8Aqnt6iqhzK/8AVC7F+gFptUn+X/ki/uPQ9uMJH8blP3cSqZ3QtIfpubz+ZUd1/mfzK7ZObfZm/wDEKofCOoj0x3+wMRO1e/75Ka/4fvA/lXGMk/cp46jqWnyS4RB1RP8Ai0kjvgKxn/zRBf8AD26kHwpYn/bKjH4f9Qs/4TD+aux1XN/Vj7J7erZWnPiO/VC0T5dVD0jNydDdTs4og4exUWXpbqOH+8tUoH2W2Z1pVMP965SR15MB58Px67hBsDWs1Uf6UebyWm5w7TUMoPs1RnwVUZ80BA916oz4gQ8S2+neP+QIretun5P+09PUzx3wwZVbGgo6+9/nE8lw4fUMFcXr3+0Pw5qhiq6WmB7mN5bj90CSL4OVf1R3KlJO+kNfhDyOj5D9wZ5QkN+F6s/pD4PVhzT9aVVGf/1ij2H305wmn4SdO1pzZviXYHjkfMF0OfzI3VcjFr4P0zyzGFzYd16i34C9R1oP8Hv/AE7Xenh3SHP/AN8ok/8AZ7+KVORpsD6jPHypbNn7acoJLcOjqa5HnKY5q11x+FfxFtOr5/oy8xBn1F9G4YVDVWi50TNdXQTwtO2XxkINgfzQfTK7T7pafdFELlzw/dU0VuQzAQyDlSMEoeAoFlH7NpJJL8on63EkkkoQSemJ6hBJJJKCRJ6YnqACSSSULEkkkoQSSSSgAlButsjuVMWEDxWjMTvR3ZTlwnG6gZn7XV+NEaeby1EJ0SNPO3dGqGOOC0ZIQL3TGhq23iAbEhswHp6qYx7J42yMOWuGQrDXLD2eu8XVTynzN4yVaA5Cy8pdSVbZ2bDO6v6eqjqYxJGc+o9FQE4BCcpJJKACTk1OVohjevekRe6V08LAZGg4+6g/Dzqea4xy2e4PPzlGSx2o7uwvQcA88Lyrr7pm42O6f7UWEkAnLwz19/ZOU8Eayj1Ollcx499iFy6Ur3aLhTt/mxA8FUXTnUtHfaGOqpXEOHlkYeQ5aGKoJYM7J0LNxitrwzyH499Bu6ms7etbHT666hi/3inaMumj/Efyw1fMlwpv5YuEDvK3BHvlfdVVI62XB5Lc0tR5gMZDcr5m+M3w8Pw+6m+apnMl6evk5ER0/wDZZSBln57afz5Xt/pnzEtNNaeT4OZqatyMR05eTWM+WldlzR5TnfClX63x1tLqcwEs/wAlkbjRVPT1c2pp3nwnuyCOCtjarpT3ak1scNQGHt919d02pUuTgamlZwzwrr3oJ0Ej7rbI9J5e0Dn3WRoLi4tEM+SWnHuvpW+2RtXTOZG0Zwdl4h1f0JI2pdPRjw38kDYErsVT3HzTz3gN1jt06/yQo3BzdQOxTlR2+vmppDQV+WvYcAlXDJQfzWlM8FdTKubiwoPZEBGEJdHKsSFSXBwuqCRJJJKEEnJqcoQbgpyJob6IaheMCSSSUKEkkkoQakkkoQS5gLqSrBeThAQ8FFXMBRomQSETnspRj90AxY3CTsGNZAFmCN0F7PdSzknjhMLcoZchlfIzuBuvSPgv8Vp+jbhFYbrK42uc4c9xz4R+y8/kj25UKWHJ2aubr9DDVw2yPQfTvnNR4HVrU0P/ACvTPuhktPWwR1NLK2WKVupj2nIIUKWBzJNbTgZXgvwJ+LMljni6P6inc6jlOIpXHOhfQ78SbaV891eknpZ7ZH6z+n/Pafz+kWpo4/a9oj5bK3B57pDyt045QpGPgfqaNlIaWTMDmncchI6O41khTUzZQTjCrZYgMtezIPYq9LccqLVQh/0hHGbyY7tOmeM/FL4XUl+p5LlbYRHO3Li0BfOtfQ1doqnQVEZZJGcbjlfcT4dB4XlnxR+F9Pe4JLjbYQ2cAlzWjlei8d5R1NQsPmP1d9HR11bvo/L9fs+ebbc5Z5TFKd8ZGTyrdjs7LOXe2VVmrTDKxzJGlWFuuLZ2+HKcPHf1XtKblYj4DrdJPSWOuaw0TqmlDmmSPkbkBco693/ZqlvlPGe6fE5zXZ1ZCJPTxVEenADhuHDkFPSMJyIOp5fEhdgc4U9klNcGaXtGvhUrKh1LKIKnO/DlLGWkTQnfk4VgP+xEr6GSlkIIy07gqHpI3BwVpo5Iq+ExS41YVZV23wnHAwrQcZxaxIsunuq6i0va2VznN9QvWunOqaK7xiJso1gd14GctJHorK2Xmqth1QOIOQeUxGDVaSNnMD6MByuPGQsV0x11BXws+ZcNZAaRnfK2bJRI0ObuDumZOHbXKqTUkR5YsnZv7rP1tLPQzGohyY3HJA7LUFuVFqItexbkFQWnyR7VcBVx6HHzNCs8hZZ8M9tq/GaCYySdvRXtLVx1EQkY7PrumZCwSUkgc7pIyhJHhJJQgMgoKlEDlDwUvoLsjlmdl59170SypidX0UQ8TcuAC9IQ5Ga9tt/UIZRUkO090tPPdE+XZojE9zHjDmEghRJC4nYYwvW/iP8AD8xar3aovKAXTtA2+4C8pkjHIzysVkMM9dpL46qGUy0t1UZovDkdu0KUW+6zolfFI1zSRhXkFVHNG14O55Sv8jLK2gh4Uc8qUeEHBJQ4wJRHew5DhyF6p8MfiLJFpsF6m1Yw2nefT0JXmLm55TWtwcjkJtdm0TqNPDUQ2yPq+CcHEkTlawTioZl31BeMfDT4htqQ2z3qf/eB5WSuP1jsPuvWqSXScjcLXCeWeO1WllRPDJ74hjICpL7ZqW90xpaxvk339FdtqA5oBCFOwEZAT2k0Z4z2vkzNiutZR1H8BvUgEjP+xzH/AI0fYE/1f5rO/F34cw9U2z+K0ETWXClBO2xkHv7rT323RXGIRyZa5h1RvH1MPYgp/TtyqZddquYDpoW+V/8A3jOP1SJrKcTTVfOqasr4ZTf2f/iPSdTW2b4YdZRl1Wxum3yvfh5xtp3G7xtj819A9MXyv+Yq+nbxg1tvdrbID5Z6c8TD3O2fyXyJ8WOiZemrtD1v05rhDHeLIIsjwpQc+Jkfde5dFdVQ/Ffoq33a3VDYOo7NpBk1aQ2bgNP/ANDezbj/ACQQe3gb5SiqSWrq6ff9me2B4O4GyJqWb6R6qp+qLaayOnfTTQyOgqKd5y6GRvLT688q+LiRwmnCY7Xg8IzXAgbhRfF82nCTQT3VSWSiWkhNc3SN04HO4QkDJJiSsgTJSBOVxJQgTO3KZk5wuJKECg7blLI9ULJSyfVQgVLI9UN3bdJwPqoQJkeq4SMIeT6pZPqoQ6Sc7FLJXElCCSSSUIJJMSUIJJJJQg4rEdZ9Mhzf4lb4cHOJGt4++Ft8hcLWuGlxGDzkKBR7PDHskbIJ4HFk0ZyCNt16J0f1jHcom22ukArG7MB21Kp626XdQa73b4j8tzIBxnvssTK5zvDrqCTw6lnmjeDjBRjXHcsnu4zwRuE2RuQsv0T1hHfIW0NwcI62IYf/AIvda0s7qCWsEJ2prhtsiRv24RS0YOUBw0nYKig2R6piZqz3T1CDUzOU9MO6cQi18DKmAxO78H0WYhlfS1nykm4JIBK1bm+6ob9b/HhMkTMSA5DgrUsEGzR6gduyzPUNi/iFI5rANYJP3Horu2V/zTDBK3TNEMOB7+6NNGCw4RN5GQm4PKPlHqOiqOmb06sjDmRNfnA91vqC4x3q3xV0RGXMGrHcq/686WpauGTXADqz27ryCzXK4dH3sW6rB+WqHYa/tj0P6rk67S7o7kfafoP6pnXNaa98M9VtFf4GaaU4BOx9FVfEbpc9RWr+I0IjbW0mSXY3mZj6T7qTE5kmmVmCHDIwrSlqCBpcMgjuvOThk+8QnHVVZ/Z4jRyCqozBIP5kW2Dz9lQ3ijOrcLafEKwP6ZvJv1MQaCueRoA/u384P7qoljZXRtniAHlBwktHH1NGHgxlFUS2y4xzN8rc4cF6nbqhldSMmYc5AyvNrvRPZJ4wadLjjHorjom8Pp6s0FQ86JBhuexSZJIPQ2/BPa+jYzxAZI22Ve8YBVxM3UPXZV7ojgnCDCPQSjlZK6Rm/CiyMbhWFQ0MbkjdV0nGff1QGK5EOVvooMrdtgrGQdiokowN1Dn3Irpm77DZRZG9yFPmA9FFkb5cgI/RgtRAlZ3wokg32VjI3I4UN7TzhQ59scEctOchO1eUgroPIwhyNJ3ChmlLANwaDsnRbOXS5uCAUJpw5Ehe5F1QuGNyrGN+ypKOTcFW0UrcAIl9x0dLbjgnxTluNlbWyt8OZpJwCqRu+CpMPlx7pU4M7dF2zDN5TyB7Q5pBTqqmNbEGNIa9u7T6qnsle1uY3nsAMrQRHPmGyQd+mSsjkHZqt7ZHUVVs4cZVq9g9FR3GkfK4VEB0vb6Kwt1cZ4xFMf5jdvulvo0xIF1ohBI2sgbjJw8D19UeGUSxtcPzVk9jXtLXjIO2FV+BJRzFp3jediBwsz7HQ+3oOzBOCcJSRloD28+qa9vl1A8IkDg8hjtkMo8D0/ZPsd3fTSiGod9lsaGp8Zgk9V59PTEOBYFb2K9mN3y07vscrPKODoaPUOK2zZ6BSzeylskLgVTUVQCBnhWDJARlIlwdSP3LKId6tnzbBPT4EjN/uottq3ysMMx87Nt1ealTXi2vDvnaIYkG7mjugUshLgnjkIpYHtGwVXbbi2paI5DiQbEFW0eBhEN3LGDB9c9HCob/ABG2s0zM8zmt7qN0f1ZrAtF1cWyNOljndvYr0aWMPGAMrzvrTo6WF/8AF7VGfEB1Oa3uoc26iVE/lpNTU0gk3DdiqO52lzczRN55AUjo3qqK604oK1+meIaRq2P2Kv6imB4aMdwo1lGiL+WKkYFhzlp/dVVytb4ZPnaPynkgLS3i0TUr3VEQ1Rk5wOyg088VQzwngArPZXkCUfZc9A9ay08raeplLS3bde2W64wV0LZoSDnkei+YK+jqbbU/Mwk4zkELe9B9dPgeyCaQ7YBBKwX6XPKOhpNXnFdjPdYpTspzHkgZVTQ1lPXUzKimeHAjcehUuKfhuOFyrasPB1E8rKJT2h35IAGCjNfnshSglwwsko4LE7fBBRonbac8KO05C4HFpCAhNcBjKa0lpyuRvBHKccchCRolwyhzRvupDXAqrBwpEE+fq7JYEo46JdREyaIsI5BUO2VctO826o307scTyFMDgodfSmVviR7ObuMchWKwXAORlccotsrBVwDP1sGHfdSzg7Z4SWgOjjlxOIyuafdLaIcSSSVEEuFoeNLuCupIyEdzjC8sH0jhRawF4yBue6mTxl7cDlBHoRump4Y1ckA5cPN2USZpDlIq3CGTAGAR+rkNwBxkLbVLBezgpb3b4rjRPppsaXDGSvmLrXpybpm+Pc3+5leSxwGy+rpmg7kLzn4n9Ix361vfTxBssZ1ZC6+kt2yOb5DTfNDcnyjyqwXAuaxwd5m4XtXTdca22xnVksGCvnSz1Zpaw0znfTwfVew9A3lrJRTSu8sgwutN71lGTQXOMtrPSIJMHBUprg5Vevw5cOOAeDlTI5GkYysNqwd6E8oIku4z3S0+6VtY7IRDG+VxFUj2WRpQSCfZRYZsHwyN8qdIBjlVcrfCm8bstNbwAyTUDVC/bfCo5MSNfG8bEEK6EoeNhsqarGidy7GjsxI5fkK90Mnj3WFtMdU+eFuHRvJz7ZVfTTOe0Bw3W76vt4dEZ2x85ysFGWxu5xgr3XjL99WD499QaX4rtxYQuLSFOheSAPVV7HgjAUqN/Bwuk+Wedrn8c1JGy6drv+AVpojnIWBsdRoqQtrST5PC42rqxZk+k+H1Xy1YZLkBGMDlKleWPOO6ecackKM4Ycc91zbUz0dc8cl1HLqYu5KiUVQNGk7qY1wcM+qSb657kNTgTlNJwuavZTI7IYFI8IY5T87YUDGHlMcAnnlNcqYDKuJwZUPi43KkLlRGwStkAwV1XFimkInCrbtGaqmMTQMjzDKnytJxhR3NB7qCpL2R7ZVCqo2y8Friwj3CkFuBnOVT0BEVyqaSIkagZQ3sT3Vq0nBBG6tPJIyyNOySR3SOyIaddlBrofGo5GE/UCEUPz2XXYcMZUIyltE75KUMI3iJjx9lOc/cDCgWtroaiqpntxh+sfYqbL9QKuPYpDaw6oMjlQw7IxlTpgNBHZQzjBA7Is7eBMwkZGOUOTgpkbjqIzuiKkY5vkCSd1T1DdNwbsrp3I+6qawYr2fZOXZlt5Q2r8wwfRUU27H+xV7U8qjqRhz247rTV6OVqVl5PPviFJpdT7cDCw0rsjOPVbb4hbui+ywszsABemp/2kfnn6wWfLTyDYACXKmqT4tQ7J4VtK8MgecYJVGTuSeVcng8/THA2d2cbpo5XZeydE06gUprLNeMsm0Y8wdhWe2nCgUwwM4Ux5VpYOlWsVo60ZcFJH0hAj5CmDhNgWyPgFEAyMeiQ5TQ0kFOijNcPPBUGqfnlSnvDAVXVMmXDZNzhHPnLIF5LnZK4kuEgDJSm8Ax7BVLyBt6KsdlztyplS/Ow7BBpoy5+Ss1kjSuES6WMRsHlCOQD3SDWhoHCE77q4LgX2zkz8DIVdJIXHClSP5z6KI05PCXbwPgh8TCSCVYUseMFR6ePVyrKFgwEuKFWyHNGAigZ7poAKIibMkpZCNRIgS7hMYDnhSoY8kZCdCOeRM2SIYxgYUtmGNOyHCzYZTpXtaOFpgsGdrngbUT42CVtp9ZMz25GdlGa2SqeGtGB6q7pqfw42txgAK5Syj0fidDGX+pMKwNa0YCJEC4jK5pJxhSqeE5G2yzttnqq4YD08OMEjdWEYDW8IMLPKCQihpeMhUuzWo4QXfsqLqi9R0EXgCTDnDJx6Kxr7jDboTLKfsF5nfLo66Vjp99I2aCmo5fldbLT17YdsiVcxqZzJzqUq304aQ4hRqeMvcCRwrMaWNHZHGOWeIvucuwrnCNuBsgNyXblDnkOQeUg7HZPykhC55JBk0N45UOap0hcq6kMG3oql88krjl2wSrLF0jRXD9hZp3SE7qNI8DunuIAP2UKQlx5WKyw11xwdlf3yFEkcc5ynuOeUwMdM4NZuSslk8mqEcvCJdsgNTN4IGV7n8OumG0FIyslZk4yMrD9AdMioqopDDkdyR3Xt1LTNpoGU8TcBgxt6rPnez6X9P+KhpqldNfcx32VfeKgx0zgwguPZTppTC3OOFUQ0013rC2P6Qdz6Ldpq90kjX5rWQ0WlndPpIndJ2l8shrKpm5Hl9ltwA1gY3gBVlBD8tE2H+nupzHbL00IqMFFH5h8nr5+R1ctRPtsNGBnhTaWBocJHjAHr3UKM4JUyEyVDmxxg47+yZnBzbGHe+a5S+BFkQt2PbKuKWOlom+YDYfqU2ngjpYhjAwNyqmur21M4p2E/kk3WoKmmV01GPsJdrhPWt8KmdpJOM+ya1kNBA0t80jh5ne6WYqWLVJgnsPVRIYJ6+U4JA/Zcu7VbD699I/ScZ7bbUOa2qrphG3zfYLQUNDHRRhoA1nko9rt0dFBkgFzhuUCvqmNJa0ZXH1Gs38H3bQePjRBQgsIdVVUdNHrLsnsB3Kpi+Wql8SR3PHsnykzu3BP5osMJwMLmWydjO3XQoI5HAAOOVJpaRznZJwiw078jy4VnTUmAHHlFXHngRqZ7I5AR03h4yEC6V0NLTuaXZdzhSrpUCkh1AgHCzMYmr6nSTnWf0XqPHaJQSssR8i+ufqeGg08q4S+8ZTUVVeq4CJv1cn0C9V6Z6cp7VTtfJGC/H559VD6Z6choImzSMGojIC0heGDJXT1F6fCPzbqtZZq5uyb5ZIklEYPChOdPWSiKNmR3PoukS1cgiiHPdXdBQx08QaN3HkrDKWDIcoqKKmib5fN3JUpOLUtPukSnuIdSSSUIJJJJQgkklxxAG6MgLISJAQ3HB5TfEHqoEde/KDJKM4PPp3UWsukFMcOcM+mVWMju17rHRuxDS43d3P2UIEq+oadjzS0QFVUniOM50+zvQoNL0vWXSrZXX6QuczdtM0/wAoD39StBbbBb7W3LGZceXnlErLvBTP8CHzu+6hA0cEFNEIo4mRxt2wBgBQqy6RMeaakPiydgCguNxucgBkEcA+r3VXfupukeiY3zOlbPVceEw5Ofv2TIrc8IJLJPFHV1Zzc6g08QGS1juVmepfiJYOl2iG1MZUT7jJGcFeedT/ABMvPUEro6aY09OeAzYrGyGSV+qR7nOJ5JyStNdOeR0K/bL3qPrm+dQ1TpZaqSON3/DacN/RUDg6UbjcrTWD4eX6+6ZomNigO/iFer9LfDiz2BjZqlgqKgjl+4H2CPfGoOUo19Hk/Tvw06gv7myvpGxU538VzsfsvWunPhr03YmMqHQ/M1QG7pDkA+wWuibHG3RG0NHoBhNwBkrNZfu4Qid2XgG5jQC0AAeyEdijHbKC7AO4SnFyeWU3nkI0YyuCTVthcMrGZ1FQqm5Mj8kW7ioZ23km5xu44Cra69xQv8OJus+xUKepr6w6XP0M9lDl+Vo/M85d7lMjBsMFM65V02tztDD2yhS0lNR/zHAE91GuN8DG/wC7u34ACq6aO93ebwyCG8kk7YT1FIIsZ7u2Py0+59Au0lquN0LppHaWu7EcK2tfTMFK4SyEOJ5GFdsDYxhuwHognLaQr7dZqaii0PjDneqmFzWDA/RcqqgRhVlTWPOzDgpSeWQNWVRjxkhVsk0k+zBlFjoa2reDIfL3V1SWyGmaMNyUxSwQpqOzOqnh8px3/JXtNb4adoDAPujMYG7NHKf4TzjtlBOWVwQYW4XBFLM7S0Y91JZACNbiGj1JVNeeuaS3PNttMTausPDgMtH5oIvL5IWdVDS0cPj3A4YOcqldfxVzintNMdPGrHKBS2W+33RVXupw0nPh52C1FFS260wBscLA5nfG6YlktLJAo7TWzOzcT5CM6Vaj5K3gBxAx6rO3/r6joMiOYOI22XnV76xuFx1COYtDk5Qz2FGOTc9TfESmps0tufqI2cR6rz263+4XN58Sdwae2VTkuccuO/dOHGMo1CK6HxhgSYuk90DITIxQWEgheccoZcfVN1e6ZkeqNRyMCeKfRCdIQMrhkA2TNauMUiDjL2whuJIKRf7IetvqjB7GEnKGnZCamjYrIkkxI8JeEPSO6vdcLsjGUFxOo7lN1e5VZCwPc852KFkpJitIoSSSWCQo2kQeME4ykhtBceVCr71brYHGqq4mlo3GrKCdigFGLm8Lssedu5THBrcZdjKw1x+JTGjNnp9Thka3jb8lj7ner9d3O8Wsc1juQ0pErlLo3U6CdnfB6hdOrbDadcdRVnxWctAWMu3xTknDoLTRBrf+8k31fYdlkY7c9xw7Lyp9J0/UPePJsUpuU+ng1rS1afmRCrb1d7s4irrHuBOdOcAIUNC6Q5OST3K2NL0lw58X3V3S2Cjia06MEKbG+xn8iEFiBhKSx1L3DDNvsrum6YmfjXgD7LWMpYoTgNG3spQGBhXGvBms1M59GeoulqODL5RrPo7srOKkijw2ONrccYCnHgoAd7ItoiU5y7ZwAAYSwEklBfY7AHZcLAU5JQIZgJJ2n3S0+6gOBqanEgckJqhBJIck8MO8sgaPdVdw6ps1Bq1V8Jx2DkpyS7HRqss/FFuULknZYev+JtIRikhkPbV2Ko5+v7zKf5DtA90DvgvZph4+6f5cHqE08cAzI9rQOcnCrKrqiz0oPi10II7al5XU3K7Vji6orJH6u2pRjTOccu3J9d1nlqJf0myvx0V+TN/W/EO2tdinhe/tq2wVSVHxDuznHwI42N7HG6zzKIkcY/NONORgaf3SZW2S9muGjqgGr+oLzWOLpax/m7AqtZNLI/Mry4n1U8Uwx9IS+XwfoH6Jcpy9mmMIQ6RGEQI4RPDUgQkbIgi7pe39luSZDEZ9F3QVM8Jh4HCTWtAIwptKyRMH0S0k9lILBnZLQFeCZI3gTHcMXfAqB+BTQCBgApHV6Eq4xyTJC+Xn/oS8CoH4FN0u/pP6pCIk75V/GgZT2kTwZ/6V0QzDupnyziM5SFM8fjCvbhA/IyF/OHr+q6DNnfP6qb8s4fjC58uf6wl7mRz/ALEfJ7ldyfVGMWE0hoV5LTwDyfVLJ9V3I9UshTJXJzJ9Us4XdbfVLUPVQnJzOEs4XcArmndMzkmByKhBgO2UTSxU2U1kWn3Tw3PdINTw37fqqwvZWWcEeUvDREkW1MFrILSQdtkWKa7RgfK3Cqj9o5i1dLc8HCLGdOFbrj6B/wAFlb+u/idZmj+F9a3uAM4ArpD/AKrRU3x5+MdFEI5eoIa0f/rtDDUZ++tpz+ayBk7eqR8yU6+SlJ56N2748XitAF++G3RFyPdxs8cLnfcx6VEl+I3w2rxi/fAS2bg5NvuM9Nn93LFEEd04OB2KCVORqtaRtIrh/ZpuFMWV3THW1ibncU9dFUs/WQMcUqjoL+zzcGCazfF+utrpPphu1meAP/FG5wWO8IDf1QhAXE5OEPwF/Mz9akkkl+Sz9jCSSSUIJJJJQg9JJJQgkkklBIkkklCD0kkkZBiSSSAESSSShBksTJ43RSNBa8YIKz1uc+hqZbZOfocTGT3b2WkVTfKB8wZV07R4sPm9yomEcq4hLERjJQLTUOpanwZD5X7IlJUCoja88kYPsUKupC4eJH9Td1ZH0aEHK6qyzXF1VGYZT52K0Az3VCmcSSSUIPG6FV0kNdSSUcwGJWkZPZEXScol+imeNhtZ8N+qGNrPNQ1TyGkcbn/RetU07J4WTxODmPaHAjuCqnrbpxvU1odSYGth1t+4WN+H1/q7RcZelLvM5zmjMOvt7ZTYywBL7j1V8UdZTmKQAnG3ss9erDbOs7PXdG3uHWySMtac7h4+h35K9hkIaM/khV0QI+YhbpqI9w4d1v093xzUjn3154PjS8dPVXTdzqegOq6fRV0hLY5fwyt7OaVi6N9Z0teBSVgwH7bHYjsV9dfGT4cj4l9I/P22nH+0FrIMDmjBk/qjPrwMfmvl+op29VU9Rbq2jfS3ahAbIx53yM5/VfVPpzzMbY7Jvk4mr07fJoqeoirIRJG4HZUfUlkiqYHSCPzeypem71NaLn/BbmC152Gew7Lc6muyMAhfRKLl6OBfXy0fPPUfTdNJUuEjSyTgOCzVNJPa6k0NfktJ/lydivferulIa1jqinjw4jOw7rya82bVro6xmCPpdjj3W+MsngfOeDy/krILZA7hPHKqNU1mmFLWuLmH6H42IVpG9pAcDkHcFOR4O+mdMsSQccLq4OF1QUJJJJQSJIcpJDlQgZn0hDRGfSENQtiSSSUKEkkkoQSSSShBJJJKEGpJJKEEuHhdSVNZLAloGwCY4ZCMmEHCzyi10NRFeOyC5gPZSnMyeUPwj6oH/cZGWOSuqacPwCOF7l8EfjDLlnSXVlT9OG00zuC3sPyXjMkJPbKh1EErS2eBxa+M5BHIXO1+ghrYbZcYPX/SX1Vd9N61XR/F8SXrB90zRZGkfqoMbzAXNc3gryv4JfF9l+gZ0v1LVYuUeG08rz/ej0J9v9V61PHrOcL5/qNNPTz2SR+rPEeW0/mNOtTpnmLHPc2Vgc07oA+rS5KFxjeWkd0aZoLvEaOVnOlJqRFqKfuByq5+MkK5bK0nSWqFVUeNUkfc5+yfGWDPOCweUfEn4W0XUFNLW0UIZLjJAHf1C+Zb1Zbl03cHQ1DHAsOxxyF9zNYXcj3WE+Inw4oOpqOWaGENnxnYd12dH5K3TrGcnzr6q+kKfJQd9UfvPmS3XFlS1ocQH4/VWEchIGVW9TdK3Lpaue10bsNd6JW+4sqGYecPHqvb6PUw1NeYs/PvlPDanxs3C1dFtJTR1kfhybHs5Q2STUEngz7sHB9lLifjcJ00bZ2Fjxz3WlHEUk+BBxGJoj7qypqiKqZokA1LOxyTW6bwpcmMnYqwa7iaEqKWSpxzyh9faHazJDgeyrPDewkOaQVpaecTRbnchQ6ulEm4A3TSQljsqoKiameHxOLSDnZei9J9fM1tpaolrgPxHYrzmpjMLtxyhsdg5GxHB9EWQrqa9RDDR9HUtfFVxiSIggozgHjdeOdN9azULWU9S8kNIAdnsvUbbeaa5wNkpzuRuEzs81qNPKiTiyVUxCWMxnuqSSOooJvEizoz5mq+xwUOojDhggH7o0JX9zlLU+MwHOc7qU1wKopKeoppi+Fx08kZU6nqjtr/ADRkLBJNa4EJysglwgYyupKEBkIeN/spBA5Q8FV0QWzhpcMheNfEvoOW2v8A4paoAaU/Uxo3avZWplTTQ1cLoJ2B7HjBBSZw3GvSaqemnuifKT4yMZGMo1NUGJ+B3W26/wCiprLVPmjANPI4ujcO3+ErBzwOBBxhYroHsqboamvdHsvIZhI0EEZRBhU9JUeC5ofkq2D2yNBaUoTZHDE5oHCCckEYR0nMCoBMhkSseHscQRuCvbPhp8SG3RjbXdpQKsfiJx4n+L78rxlzMpga9jhIxxa4bgg4KbCzD5M2q0sNTDDPryOQEZBRxh+y8q+GXxLbeImWO8zZuTfoe448f13/AKvZeojLBk7rZGeUeP1WlnRZtYKqpNTS4eizldTSCQSMyyRpy1wO+VrWSA+VwUC4W5041RNCITCWOCJRzwXihdR3CNr8gse1w5XlNJLd/wCz/wBe/wAToo31Foq3Fjw041Qk5MZ9HjZeia308xI2c08Il3s1u6vtE1urWgax5fLkRP7OaPVJlHPK7N+nu2ZjPmD7Rt7rVCmNF8YuggypoJadj7xSsO0tM38Z9ZWjbOy9JtF5or7bILrb5GyQVLdbCDk49/Qr5W+B/wAQKvoHqZ/w16ulDaWsfilkc3Uxr3bf+V22fTC9S8Sf4MdQNqC+V3RV3qQHtaNrXUOPBG+Iznb7FEv2+jHqtJKue3/+39Nf2/ueyZB4KeookikOqF+ph4PqitdsmYz0cx8cMLkojTkIa4BjuhayQlNXUBj8bYRg4HdUQ6kkkoQSSSShBJJJKEHpJiShB6SYkoQSSSShBJJJKEEkkkoQSanJqhBZKWSkkoQcRqb4ZJx/kvIOuul6rpyr/iMGPkXclg+j7hewZxugVlNTXKlfRVkLZIpAWkOGVBkJYPBWVMrXR19FNomj8zXNONQXrPQ/WkPU9u0uIFXTgCVp2I9/2XmHUnTdf0fcnNnBloJXHwZQNmjOwPuFBfJU0TmXuzSBk8BBw3iQdwfVGNklJZR9APOrHZDe3blUXR3WND1Xbmz0/kniw2eJx8zHLQZyoIawRtJB529EVq5J5eBlMJyVARJLmQNiV1NICeFHkHAIUt4QHEZ2VdPJZir5G+z1wr4x5Cdx7FT4qllTC2WP6XjIVndqFlXCWvYCMELGWqu/h1VJa6rIAcdBPomxaYa5Jl3oG1cHhuG54K8Y+IXSb6yA/LsDZonFzT64XvU8WpmccjlY7qO3sqID5fO12fugurU1g6Oi1k9HarI+jx/o2/vdG611rS2opxg6u49VtaaoI2K826vts9hr3XenzjIDwO4K1Vsu7K2nZIwh3lGT6rz+r0m0/R/0j56OqpipMvrvbqa/W6W21YBhlGHev5Lxk+LZbg+31bdJAwR6e69jpqknAKyvxF6dZcbeLtRxgVVMfMAPrZ3z9lxbIOLPeW1KyO9GJulA6aAvjAc0jKyMjZKackZa5jsgjZbG0V3zVMYX7PYOCq6/W13g+M3BIOQR6eizTi2c6dTTyjT9N3Jtxt7Q5wMjBg774U+WLy8Lzzpq5vt9wa1ziI37Ee69KyyWFsjDkOGUtPk7Gjv+ava3yinqohvkKskbhyvKphzkKpqYiFZd0f0QJG4HKhSsLjwrB0ZOeyhzDGwGVZzro5IEgKjuGymS4Jyo0io5thEeACVDkaADsplR9QUaRuVEY5rJAkBzwmv4R5Gj0QHbqjn3rBG1EOOSnNfnZdniJ3AQY9iQVZlbJsEuCD6q1piXEbqhiJDlaUcm4BKbGWDZp7NrLpoy3co1O/U70wo0XHOURjwxyqf3I7dNmcFpDK6Nwc08LY2urbU0zSTuBgrDxHIzlXFqrDTgtO4KxzWGdvS6lpqJrdJdwghj6ecShvKJb6mKeIOac+o9FJmg1Ny0ZQHbi08YHNnDuFyZviDCjNBY4NKkRk4BISJI0RAsbuY3DC4Y5IX6xwjytBAc0bgpMkbKCxwUfQ0JE4TDdArKVkL/AB4mkalyMmKXT6KfkTRjOAkuOQ1yTun73pxBUuweAcrXUs4e0YIXmtXTvhxIwEb9loOnL1kNp6l++cApFkMHU02p24hYbdrsjIKceEBhAaNwirPtwdB/spq+jFNL85TAgk+YBWdLMJ42vacghEIadjuqqZs1tqBLTtLonnzN9FZZeMIb9WN0+WFr2jAGCokMlPX02pu/fnhTIfPseypBOGUeZdZdNyWSsF9teY8u/mAcFajpq/0t+o2gO0zxgB7Dz91o6yigrYHU9RGHMcMEHdeV3y11/SN0FfQahEXZGOMeisztOHB6FUUrHsLHMGCsTebS6kqHS07SBzhbOw3qk6it3iswJmN/mN7gplbQxzxmOQc9/RLKZiIXx1sRgmAJA7qplppbTViojBLMq4ulsqLbUGWMHGc7d03xYqyHS9uT3S2siWucm4+HvWxp5GxTS5jdgb9l65DLDWRCenf9QzgL5ab49pqRNET4ZOV650D1oyoY2nml22Az2XN1OnbeUdrT6lOKiz06KU50PKkAh4OyiACZglj5KfFJk6Xndcm2vazauQukAk55TXtJ3Sec4IPC7C8O2dyEjAcHhiiJYcEqQw6kCUYwQlESCAlhSx6JMjdsoTZS12MIgfkYQZmHYhCKaLCmlMg3IUjnuqimmw4A5VlGRpByqAlHJAqvEt04q4hhhOH44V3DI2oibK05DhkKJJGyVhje0FrhggqLbpPkZDRPcdGctz2QLkXJF4klyklYFciSSSQljEkklCHCMqNM3D8+qlIM7ScEK08BR7IFdCXQlwG43UNvmiDvVW3bBbsqao00lSW7hknA9CtEJZHJ5QyRmVWXGBr4HNczIcCMeyt0Coha5mk75XRpm0BOG9YPmH4ndPOsN9ZX0zNMEvGBwe4Ujpe6lj45GvwRgr0z4mdPsudpmj8LVIwFzT6FeH2ieShqjTSEgtOF6DTWKyKiedui9Ldu9H0ZQ1YrqGOUOy4NBKnU8ucNKwfQ951s+XkfnbC2Ucmhyuys7VM98Uy6Ycjd2coqgU8mtoU4Yxysrjg2ReThGFw7rrlxKfDGISh18WYiW8qehVEfiNwmx4ZZWU78HBUS4R8zJ3iYqjHjYKRUsBpyMZXRolteTHqVujgzd2pmzUjo3tzkbLya708lLVvAYQM5XtE7BIzQV5n1XTCOqIcNiSvYeJ1CjhHzn6k0O6Dn+ijo5A7YntspsZwcqrpX+HPp7ZKsmP74Xpj5jL7Z4ZZUMphnbJ6LeWuoEkbXrz6mI1g+i1lmqdmtWPVQ3cnsPB6zEtpqWvDhhBnb3TInEjZSCNbeFx7Ynu67NyyAp5XNfgjCtYpMtCp5D4bsKXRz42KzNGyqe3sstPuhpN3GQijkpUlg2J5GpZOMdkklQzI5DciIbkTIwFQwuZjO/KHHJrjBxujvG2PVRYj4ckjcbYwFIin2Occgn2UVxwpP4fyUZwO6sX6Ke5MdTzx3KHZzHAOA7hW7Xa2h/wDUMqLWQiaJ0Z/EMJlrnc+m8J+S+I6D9uytLAEXzyS0kkkQ0YkSSMZSPCGSc8qFy6KefxoL4yTOGSs0EfZWEv1bdlCvGGSU0w5bKAVLJDon7Zzwji/QhvB0nLD9lFb9f5qS36PyUR31n7qMVYxjP794R8gclRmuDZ3A90WUZwoZn0J22Cqq45ZNHMBkZwVYyO0jA3yoFcP5YOfxJmeTLcAqZOCBsVVVjczOKspxqgPsq+q2GfQcrVU8YOXeeZ/EXZ8WVgZ+2FvfiWCHw9lgjvheloeakfnj6v8A/wA3s/6f+hGqZP5DmnlVpGTyplef5hwdscKAAQTur7OBWsIRGSAUSEDUh90WD60LN9XZYwtGkYTpOQmx/wB2E5n1BQ6EesEqHlv5qS3hRYuyks4RoqbwMIwnkAZXe6E47fdPgjHe/tyR6g4Oygy+qlzOHqq6pOSMFXZwjmsadzgJtQcDGUoUGqcPVZpSww4RywLyS4ZR6Zu+cKPHu5T2NDWocZHTlhcCkOMYKE45G5XXcoMpB4RPhAx/YOb0BQ4Y8dk087klSqVhBG26zyluY1yUUHpmkdlMaMYTYmNAGAjHA7Io9GWcss4nDhNRGtOQPVEuxMnwSqVocRtyrOKENA2USjiO2yso8NbxwtUEY5SO7Nb6Kvml8STw2H81InnGQ31Q6Om1zB/Ybppo0tEr5qKRPtcOhgD27qyAOeEynhGxAUvRxhJnn0e60dCqgojoItWNsqdDCNsBAhGloJCnRYbD4mEo6KWECedLgwcuRXSClp8uwUykbrmdUSfRGO/CzHVl98NxgjeRkHACKKB1F8KKnORW9YXvxZjDG7IxjZZqLzOCE+V9TLqec43UylZg6iNk1cHhtZqp3S3SJVPEGt322Se/tlO1ANwBj81Hk9ymb8LBz8OTyOyScpTODWjcIQOwd6KDW1PLSd0qdmB0IirZ9btIOyjwjvhDaS92XHKc52G6R2SJTNMY4OSkAYDlEk/6p0jvMgyk9is0554HxWGOwcEK56Zsk1bM2QN2KqaWMzztix9RXsnQHTbXhrhEDjBKy2PLPUfTfjv5t++S4ia3pKysoaON/h+bStPE0BuXYH3XIImxMDQ0AAcKLX1LYxoHCZCGOT6QvtXBAulX8w8UtLnA2cfVXtooI6Kna2NvmcMuPqVUUVOHVDZS0EFaCLgH1Xe0NC272fHP/EbzkZSWhpf92TGbkHCM0gjZCBAZuU6lY5x2BK6b4PkDaXJKhYZHaG8kq/o6dlOwAD7lR6KjZTsD3AFxTKqrL3mOJ2w5KXZMRtlbJRiOr6102aWmccjlyiNjhoITNOcvPGU5jxEdbuSosMVRdqh2DhjTjPoudqLsRbPp30h9Mz1TVlq4O0sVRc6nDeO57ALW0dLHSRBrWgHG57lMt9vhooA1jd8ZJ9Sh1dcGbALzup1Tmfo/w3iKqKFXFDq65iNvhRjnYkKpcTK7ZxwVxzjK/wC5U6mpCSCcLBKbfLPRQoVawMgpztkKxpaXzAgYRKak48oVjFTbDAAVJ8g28IFHTNaOESUtp2anEAI2jBGBhUXU1a6GIwt5wux43TO6xM8V9UeUXjtM7G8FPX1c1wqi3VloOA0LY9H2CKNhraiL6dm57lUfRtjfWVAnqm+XZy9GwyNgAGAOAvU2y2LCPyZ9Q+Xs8pq5WyeUEY/Ax2CcyKatlEUbds7lDghlrJRHGPz7LRUdHFTtDGbuHJWCyfJ505S0MdKwNA39VLwAAG7YXcDHKZq9kGckHJJJICCSSSUIJJMXHODRkqECIFTKGYyU2WsbG0nGfQKtlfJO7OSjIFnroW7ZVZVVNROMU2SpTYdZwRnKl0tOyGQPICgRCoenWVLmVdeC54V1NPT0NPu4N0jAUWe4PLtEGw9UJ8ETWie4S+U788K8N9FpZBvq7jdGPjpRhh4chTzWLpan+dvVT52buaVkuqfifarG2SjsrnGZuwcF5Beeqbzf5XSV9aXEnPKdVRKX5IOMMm86v+LtRcXy0dp/3amJw1zBglec1dRNVyeNUSueT3ccqbZejr51CWvoYCYzsHei9a6T+EtHbhFU3cNqJAPMxxyE57KukHlQZ5n090PeuodJoYcRn/iO2aPzXqvTXwqstnjbPcYxVVONy45aCtxDBSUEbaejp2RMG2GjCdI4ObskWXy6iVOxsDtDxuulxl3OyG/lcSHNy7Eyk32PyfVLJXFxzgAqXYJ3UPUKJPLjYJPJJ5UeSWOP+8fhNiuAhskjn7HjuoFZLSUEfiOIz91U3nqdkIMEA3PcFZqWauucmQ52D2TYRT7KSyX1V1HHpzCcewKp5Zaq4Sl4y4HgK2tXR1RVNBqXBud/yWuoOnqC3saI4gXepCY5xhwizM2fpSWctqp+3YrWw2+CnaHMaAfRHDGtb5SAB6DCi1dfHEPMcEbIJS3dECOIbk8YVdVXBkR0g7hRam5STHET8hPprTLVASzNKDt5ZCM+WqrH4YNQU2gtMrpPEmGMcZVpR2+Gl3aMn3UoDCpyyQB4WABgA+yIGklPIxu7YBQblfbdbYw6V4c7+n1QkLBkGoZ7KquvVVls/wDKfIZZx+Bqz9XeOoepqgQWqM0lMeXYxlW1q6RoKACquLWz1B5e45UIVof1N1brE2mgpc+UN2JCvbV05bLPGHiJr3jl7gnXO9UdFCS1wBAwAsFfeuat+qnpJMDucolFsJRbN1duqLba48ySAEDYArzjqHr6quDnxUbnRtdsT7LN1lZU1j9U8znH3KjFme61QjgdCAUuc/zPJJPOUPLR3CTnAZGd0En3WpQWBmEug+R6hLPuo+r3XC7blL2F5YRzs7oBJyuF2/K4SMKAndXuEMuJ2JTCd9ikSMI8jRZKYDhcJGU1QtLIkzJSTEzIagdyVxJLIVfIWJBPCc4YGyCVM5DEeU3JXE/jc8BRySD7EuZHqoNffbVbYi+qqACeAFjrp8RCQ6G2wDB5c/uhdmOh9ennZ0b2Wqp4ADLKGj7rPXbrq00OqOnLpnjsF55V3iurn655n79g7YKPFTuneAASTukOeTVDRKvmwv7j1xe66PRE5kDfWMYJVA6aoqpC6Z7pHH+o5VxQdOVc5Di3Y+y0dv6VgpsOnaCShktw1zrp/FGMp7VUzkBsOM+yuqHpWqkcPHaGt9VtIaGkpQNEQz9k9FGtMXZrJdRKWk6bpabkhx+ysIqGnhwWRjKlLrtwo4YM7vnP8gKYiHlDUImJJJJQsR4P2QDyjng/ZAPKhDiSWR6pOwwanbAKm0uyHcFIEDkqDX3y226PVVVbGO7Bx5WWrviZBE8toKMS6eHP4KTK+MezRXp7LfxRt3OA3ccAcqJJeLXT5E1Y1pHK8rufWfUV1LmOmbFGe0YwVVCKonOZZXuJ5yVnnqH6N0fHOPNjPSLn8RLPSFzaZoqHDgYWWr/iHeqzW2nibEHcaRhUsdtY3z4yfdGbShpzpCV81kvZrq09NfK5GTXPqK5N8KoqnNZ6gqEbZOXanSh2fVXbYzpAITTC4clDlvhmlWJcJJECK3R4AeAfsj/JQM4bwpbYT6crroy0ZIVbUBKTmQvl2t2AS8IKUZGAY0oJeAqBWehmgJeCPRd8X2SJJGzUOMhbxaGAchMy3fA4TvlqmQ7MOCiRWyoJGrhVtyFvS7ZGMgB4/dcL8jhWjLK4jdm6J/CImkF4wiUMgfPH9lIJHuOANk/fGcK7bbqcctRBRUjRkt4RfGRXRZQajwG7pD5ntEtAKalGwj4ThGwcKbEU7ig01/8AR+y6GV+fpH6LQ6RjGFzUxTagP5D/AEUQp68jbH6JChux4aFfB4PDUj9iVarTB/kZ7KIWy7n0XRbLwPRX+T6H9Us/f9UTqXsr+Q10UDrVc37Od+i6LJX4/vVemVo5cf1TPHHc/uh+KGeUX/ImkUoslbn+8CILFVEbvarfx2n1CXjt9Sj+GP6K+af7Kr+AVPd7Uv4BUf1tVr817FL5r2Knwx/RXzT/AGVH8Aquzx+iX8BqgPrH6K2+bb6FI1TT2KB0xl0Wrpr2U5slVxkJfwaq9R+iuDK075KXis9SrVSXQf8AImUv8JrPVqRtVaB9TVeeMz1K4ZmepVfEB80yiFDWt2OE75WtGytnytJ2S1D1/ZW6sjFeyo+XrEjT1g7K01N9Ei5o7Kthfyf2Kvw6wfgXNVYOYxj7q0MjeNCaS3KmwnyEEPnP1RlP8STuw/opeQma/wDCpsK3oj63f92f0XQ5xOdJCkgg9kvKpsJvQISPxjGUg+f/ALr90bSPRdyfUqbCpPJ+sSSSS/Hp+zhJJJKEEkkkoQSemJ6hBJJJKEEkkkoQSSSSgkSSSShBJ6YnoZPBBLhAPIXUkKIZ2oZ/Dq9zMYimOpvsVYFhMYdzlSa2jjq4TG8ZP4T3BVfQTF7XU0hw+LYpmUWiCS+3VvjtB0OOStDTVMc8YkjOQf2VXWwCWE4G4Ue1VjqaXwJOHcKCmsmiSXBuMpwGe6hRwcozCNPKjJ+SoQORnB9F538SelHTg9Q2tpZUwebybHZehNdk4XTGyRpje0EOBByiTA6Md0D1PJfba2GrcPmYQA4cErWPGRyvKOp6Gt6Qvv8AE6AljS7zADykL0iy3iG726Gthxh7Rn2K0wkJsrcnlBXufTyNkZ9JPmHqvDv7QHwoqXub8SejqZnzsO1xiYMGRh5k29Mbr3h4ykCRwV1tDq5aS1WROffVu4PhC422n60tTaqICC5U+TgbOBUzpnqF9dG631kJjrKUASNJ+of1Bbz4zfC6f4fXV3VfTrT/AAesnx4TG5NO934f+X09F5ldKI1D6e/2wBlVBkvDDjWO4X2nwvk4auqLR5jV0uFjZrtbZAWuAIPZYXq3pkvc6ojbqa7cEdlo7Rc4rlD40ZIe3Z7Dy0qz8j2FjwCO4K9XXZg4+pr+SG08HuFshnY6irWAg/Q/uCs2GVNnn+TqyTFn+W8+novXusOk3N1VdK3LOS0dlhLhQx3CnNJUt8zeD3C1J5PFeV8Zvi1JdFZHJnHfKO05VQz5m2TfKVeS3hj1YMkz+aYeDuplRLbIkJLgOQuqCxJDlJdAz3UEhWkaRuF3I9QgZKWT6qF5HJJJKFCSSSUIGSSSUDApJJKACSSSUINSSSUIJNIGDsnJKsZLTwR3NyeFzT7KRgJFoKGUUy85ImkeiG5oxkKYY984TPCSHFh8+yuxNBMyop5HRSxO1Me07tK+i/hB8W4OrYGWC9zNiukIDYy7/jD7+q8C8NudwopFTQ1TLjbZXRTRO1NLDjBXK1/j4auGHw/TPd/R31jqPpzUc5dcnyj7Vnpyx2sem6YyUnynZee/CX4rU/WFGy0XiZsVxgAaHO28T/1XoMsLi7LQvA6iiennsn2fqjx/kNP5PTx1OmkpRaHSR5wQFwO1eRw7rsb8Ya4FJ7Q0hwCBGyZFqYvAfpaMjChyAnJVq4CbAI3Ud8BZ2ToyEyjno8/626FoeoqSRwhaJsbHC+bOsuiK7p+qe5kTtAO4A4X2PJGM7BZfqzpGjvlLJmFviEc4XR0nkJaWWYni/qX6ap8pS3FfefJdsuOoCCc7jYEq3Y/vhSOuOhaywVkk8ETgwHJGOFl7ddnsl8GcnHG69po9bHUx3Ls/O3nPA3eLta2mjdFHWR+HI0D0KrSKm3vLMFzBwpzJcYLeCnSETY2W5vHJ51P0wdLXAkFmQe4VrHIJQPVZ2ojlpJg9mSCeFNpao6gMJieULnH9FpUUEU7MnGeyppaGWFx1DbsrmGYubwivp/HbghHgpSa7M5jRyVeWPqKqoHtibOQ0HbdQa62kZc3sFWFjo3Y5RlTqjcuT3Ox9T09fTsbM8CTjPqr1smvsvALZeKqidmOQ49CV6d0z1fDWwshneNeMblGjlanRSX3QRrZ4/LsFBfqjdkD91PbIyZgLXZyFHnizwnLo57TTwztPVnYOKmxyBwyO6o5MxvDgjwVmkgFWW1+i5SQIZdbcgIwOVMgnVwgYyupHhRkBHlJJxweEkLWCAK+3Ul1pH0dZE17HjbI3afULw7rPoyssdZJqaXwPOY3AL3lqhXa20t0pXUtUwOa4YB7g+yTZXuNel1c9NLcj5inppIyHEcd1KoqrOGu7LT9TdOy2uWSll83o/GMrI1FI+E7LBZW4s9VDUQvipJluxwe3UOE5VtJWtjYI5OSp7HiQZCoko4WROamHfbGEZMI08KmsFJkcOmhmbPTvLHsOWuBwQV7r8M/iZHfoGWW7ygXFgDY3H/ij/qvDi0PSjlmpJmVNO9zJYyHNc04IITK7MPBm1elhqI4a5PrcOOdxhHY84XnXw0+JMHUtM213aRsddEAA4nAk/wDVeh7gHbhbIyyeQ1Gnlp5bJLkr7tbW1TDNDhsjdzjuqOmqZaWXIOHNOCFpsnJJVVdrX8w01FONLxuQO6ZKOELi/Rl/iD0hT9VWd1bQERXCnGphBxq9QVo/g18R6Xrfp6p+GvW8Lfn6an+VLqncTwnbDs/ibj778qFQ1To3aXHjZwKxvX/TNXbq1nXnTmYqilOuo8PYk/1H22OfRKlLBsq/1ofBP/8Apf6f/wC09c6D6iuvw1vsXwv6okqKm21L9NgrpBjLe8LufMMt79wvZGSZPHK8Roqrpz4+dBtZK4QVlMzS95/vKecAeZp/LlX/AMJeu6+prKv4c9Wnw79Zz5T2qos48RvrwN/sihJx/Hr0c7U0Tt3Tx96/Jf8A3PVQV3I9UHPbK7k+qbnJzlySAd0UH3UdPyUoMPkeq6gAnPKKCMKEHJJJISDkk1JQg5JJJQgkkklCCSSSUIJJNSUIJJJJQgkkklCCSSSUIJJJJQhBvVmpL9bpbbWMDmSDAJH0n1C8Uudpq+kri+z1rXGnLswzH6XDsMr3lrm7nKqOobHQdR299HWRjVgmN/druxCJSwMjPB4OZrp0vd29R2STAOPGjHD2+4XuHSvV9o6ttorrZNqczAmjI3jd6H9CvJq+hqbNVutVyj9Qxx4eFSMqrn0Rcf8AaCyFxjz/ADoc+V475Csc4qa47Po1w1JpbtyqnpXqm19W2plytsmc41s/oyrg8KjNh9EYk5XV08picUOPBUVweTupSYQB2VMhFe0OGCsV1XaQyU1cbTnkELdHB2woVXTw1MTo5gCD+yPIUXlmTstydW05hkPmaEK40wfyNiVCq4ZLBci5p1QuOcj0V0WMrIAWnIeMgoxzWDzDqqwxXCCogLMggjj9F5XZqyWwXh1tnJMUhwzPYhfQFzojTvc3GR6ryn4j9KOkpf4za4wZ4CXvYNsj2WXUUfIj1v0z5yeg1EYS/H/0LKmq/sp+qOqhdE/B1NIKwvS15dXU7Y5XecDIzytRRT6ZQxxOD3XntZp/0fo7wfk4amvbKXZ5x1Ra6ix3j5unYflyNwBwpYbFcKT6hhzcrc9S2Zl3oXRsA8QA/mvLrbUPtlRLbqokFjyGkrkTj8Z3LYbOStvNrdRuEzO57LQ9G3mWcGiqJQdPGVIq6eKrpvDdjLuCsex01ouQcCQGu/ZIw8mOClVbviz06ZgKqalnfHCnW6uZcaZkrcZxun1VJ5dhuVR2IyVscmfkAzjCrqgZJ+6tqqEh3Cr52AdlDHfErJeeVCcd/wA1ZTNO6gvaSVDlW1kWbfHsozx5TlTJBlR3DkK8GKyOEQ3bhRjypr+CopG6uMcnMtQJwy0/ZQ1NPB+yhnk/dFJYMUx0e2VPoiQcKBH3UmF4a4Il0Mqlhl7TP2wSi4weVBpZAcbqcRkDCno7WnnlEymm4BVjSv8AMOyooCWStKtWHJBWeccnX01nOTVWmpETcAjcrQwziVoCxNtn82gk/daO31enERH5pD4PQaa/PZYz07iQ5jUmuw3GEdjstwEExEO1JE1lnSi8oaHbkEIe7HZCJKzOMdkLVkY9ELGBXMEjA8fVhcpqrQ/TJxnAKe1R6qLDg9g2O6jRaeC4bIx4wQCq6WGSin8VmSwnIwePZOoZPEaC1xyOQpkrC5gHZKlHI6P3xTLyz3ls+kvfvxj0K00cutgGy81ZrgeHxeXH7rV2i7F8QbIc4WaUDo0WywoyZenI3THkSDDhkcLsczZAERoxuAlNYN8WirjE1sny3eJxyPb2VwHue1s0R3xkj1UeYh4ALcJ9O7S4AnY7YQsbnBPinEjfccoF2tdNdqR1LURggg49imeJ4Eo/pcrFo1cKZI45PJJ6S6dF3X5inc7wS78iPQr0C219Le6MVNMRrx52dwVPvFkgulI6OVgJI2Xm0YuXRN1LgXGnc78sJef2JlDBs66iZURuilbnbYrB3CjqLbUOYQQwnLSF6RR1tJeqUVNM4aiMuaq2622KphcyRgPoUajkRJZMVG+OpjMbxum0dRUWWrE0TiGkptTTPpKhzBkYOyKx7KhmiRLsryFXN1s9e6K62jq4mU88udsbnhbs6JGiWMg5XzbaKx1prA8ud4ZPI7L2To/qVtW1sLpg4Ebbrj6rTv0dbT6jKwzXtkPBCePK4EFNc1uz2903xNXZcuUcGzJKBDm7kIeC3BwmgEHklSAAWhZ2hmTgKeQHNwUIgg8LoyDnP5KgpL9HJGaHBzQpEE+ogcYTCNQ+yAD4TtzyhE4bLhoBGchR6mIOeHAb45TYJs4apBIcBkJfQElgLS1RcwMcPM3b7qS1+eyrsGNweztyFMjma9gI/NWBgOkuFwHJSPmGxShY/I9UshCbk58xSZknnhTBMBcj1THIeT6lPJB4V4LS5APw3gKBdqYSweKxvmjOfyU6Q6SmnDwWkbEIq2OXRSwu1Rh2c5XXkAJk4NJUOhP0uyQmtJwSVshLBGU15ohPG8ObkPBC+deubQ+13l1RGzS17sr6emYHDcZC8l+J1jbPFI9kQyMuBXX0VzhNZOdraN8dy7MX0rdjDLG/X6ZXrlHVNqaVkrcHIGd18/0NTJQVAjeDyvWuj7u2aFsTng5G267k45Rk0moxiLNxQz4bocVZNkJwFQxuwchW9HKyRodncchYLUdmt5Jp4CIh9k9/0lZWaEzi45cPK4d0ecEZSV7PBmdK0LrXmVoHZTa6IPic0DkKpopiHGmPOVrpmInHcMnyyUsxssN1dTMd4jy3BByCt7VjQ8bZyqHqWihlpBJp3OQf0Xe8de42pHA8xo1dQ0ePlxjqAe26s4pdTGkDZAudKxsuGDHuuUkgZGIzyO695XPesnw/X1Om9xLGKXTthaC0VhboJws0zBI3VhSS6cHPHuqtWUavGaj47D0W3yCSIPyN1P7FZyy1fljyNu60DnCQBzTsuVdHDPp2invqTYCpB1DCVM7DuUWVuW+qhtJD8HbCwTib08F1TSZGMZypTTqGVVUkmNirJjgfzSZRyaYWDiMrmn3TM44TkDWOx8Zt8DkkkkQ0FOM4UQgBxPqpjxlpUOUHUNlBcxIUgAOyIzdoKZKMlQBEWcaffCrIC6C4kjGiZvHoVcStzhVNZEXPBZsYzkH2RipN5TRYHdcQmO1MDj3T1AlLcJcO66koMRW3WISUxBGSN2j3T6VxkpmuPJAyj1TQWF2OygUcmIyw9iiTwLwSeAR7KJN/qpY3H5KK/wCofdQTZ6I52la70UuTzNyosxxhSsh1Pxu4I4xMkpJEZxyTuodZ/d/+JS9hkKJWf3f5q12Z7iHP/cO+4UKcamBqmz707iobRljj6NytFa4OXf2eZfFBpDoMBeeOOAvR/ikMiF+OAvMZHZGMr0mlea0fn36xrcfLSf7SI1S/XIfYKO5FfuSg6dXsmt4R56PR13ZHg+pBJwiwE6gEEEaq3hk5mzV2M5cPzTESLkFMNyn+ybB2RkKDhGRRWS3yhueSo08mwbhSHYa079lCkPIT4LBz9RLjaAlfkcqBIcnnKk1TvMBnsorAdz6oJmSKHAgA5OFAnkLnjHZS5eOVGawSOWWXaHqOAtHGHO1EZUubDQAOy5HGxkYDdiEPVuUTeEVjLGy9go0mSFIeT6qO4oJy3INJIGxhL8qxpmYAUWGPJGVYxAABLUQLArRgLqYkjEPkLGMlTKSPWQcIMEeSrOkhII2T6objPdJEqmpwGg42+67IQG8p+rSzJPCgzzOLsBOf2mVPka7VJKABsreip9DWkhQ6Cn1kOcFeQsa0AYUPW+K0vxLex0bcYAUyKHIBITIYgSCQpbRgIT0daZxrATgBcrJdfh0ERwXjLsei6ZmRMMjuG7oFFoHjXKc7AHSgGTlhDb5co7RbCwEZ0+vJXl1xrJqh5lkcSXnKtOo72+4Vr4mn+Uw/qVQvk1zYxsApnB5jyGqd0tvpD6ZjjICVaxkBvGFEpYwADhSZHAAYRnCseWPJ5JUKony/QE6oqCyM4KhRnxJGudvndBKQUESnSiOn1HkKpfK6Z+SeUW4VQaPBZuTz7KPTtJOSOUlveaIwwskpseGEqPLKAcYUiXZmMqARlx3S7HgNL9DjumncZXT2yi00JmkEY33WeXQ+MN72o0HRloNZVNm8PUARkfmvoLp+2Q0NM0Rs0lwyVjPh90y2KmikLBthzj6+gXpkEADPpxhKim5ZPsHiNF/B0ka2uWssHUzR00et/PYeqonOfVzHf/0Um7VjJn+FGc6e/uuW+ncBrf3XR01bseDnfUflYeK0rm3yTqSNrGNbjcKyY8HGygty0KRET6LvVr44qKPzRrtRLW6iV8+2ya1+cDKu7bRug0zPGM8AqHa7dkConGB2Cs5H7gN47JkpZRz55zwPqqh2jRHtnlRchu6K7cboOh07wwDYrn33qKPY/TH05f5LURaXAKPXcZjTwNOB9TlqKCghoom4YBt+vuh2q3w0UIwwe+e5Rq6cNGAuHqdS28I/Tvg/AQ0dca0gdZWPjBbG4bhVQe+d+Hd0WUOmdyplJRhpBIXIkz29VEaoqMUMo6LzZc3JKtoKUtIOE+npcYOkKf4YAGG8JMpZClDjIGKMMGMKVoA3zjK5gAbBDfJntwrg3Pgwah7I5OVcvy0Rk9Fj6x092uAjiBIytBdanNKWjlRenac/MeK4YH2XsPFV/HHcz83f+J3mpScqYs19lpG2+jawgayNyFZ08UtbKI427dyo9DRzVDmsYDvyfRaSlp46WMMY3fufVbb5o+DbtyTJNJSR0kYYwb9yjMwByNkJrtiPVcbkd1gk8srIfJTsJierLEkkuZChB5IxyhnlcLsclBccBQgUuaByP1UKoqtR0tH5pznElAdHk5BwoQThr3KQaOMJ4b3TXStaEZDrWBu5IH5rkrgG7uwO6iVVWIj6LIdW9eUFkpneNMGnsM8psKnIZGLk8I0l36httog8aeYavwgdyvH+s/iVWXB76WCqe1nB0lZW6dUXzra6CjsdPNMXbeUZAC23SfwNr5aiOu6ok0t5MLXb/mVoSjVyzQlCtZbMHaaG8dTVboqGCSYu/GN1670f8FRTxsn6imjmLhksAwQt/arHabLE2C3UUcQYMZA3P3KszIQA1Ls1T6iKnanwgVHQUNpjbBRQNY0ADYeikPm2AxygkknJXSMpDm5csz7tzO5zumZ7J6HkIQ0NSSXHODRkqEOncYQHtxyQmzV8MAPiuA/NZK99SmfVTUrcYyCcoox3ELS6dQUtCHhpDyPdYusu1xubiWg47AFSLfZayvHiPBGTwVrbN0rFSubNLz9k3Kj2Qy9o6Wqbg3x52HI7FbK1dM0tMweIwEjgK6DGsGGgAewTZJBEN1Te4g7w4oWhrWhRamqijH8w4UWvubGDEZyVTvqpqk4fwVSh7IS625lxxA5Q2sqKpwzHn80aC3yTOBaMBW9NReEBjGVUpbSAKG1xscJJIxkKyacbBqfFC70Tairo6GPXUvDPuqSyQdg5xhRa650lujL6iYMd2Gd1SXHqSerkFPZcnP8AxMcINP0+6ecVd5ldLId9zsoQ5UX26XkintceIzsXp9H0lSUsjau71Jnl5w45AVyJ6SijDKWJrQBwBhZu9dR0lG5z6ub+Zzp9B2TIwyWlkv5K+hoY9NOwDHYDGFl751nDGHNDy7TwAVj7t1TPXzH5Z7ms/wA1Uai4kuJJKdGpjFDBLuF3q6yQudI7S7tlQNRO55Tzgpr8aTumqGByihuR6hNcRpO4QHE55XMn1TlDKLHkpi5kJmtvqrSwEkOyULWVwDKYqbD2nS4k5JXMlMSUIJNyUkxQvazuo+q4kkoMUcDEklx24xlNCO7HumAH1SxjdxwPdQa69W6gB8athGOPMkylgOEHN4RNwUKaWCnGZpNHuVibp8SXRuLLbC0kbanDIWSr+pLvdHONRUv3PAOAEPymyrRSlzI31266tdu1tjkEjm8fdZK59fXqsZ4cTmQxn+gYJWZEBqXj8RPdXVv6aqqnGoYB9kuTc+DXGiqrllTPU1FW/VNI57j/AFHKl0NlrasgtZpHrha629HU8B8WpZk9gr2KljiaGsY0Y9lEnnkqWohDiBl7X0i8uBqSAB+60VNZbfSEOjhBcO5CmNbhOHKbs4yZLL5y7YxrA3OhuM+iWT6owA0oRByqEuTfZ1NTk1QES4eF1cPChAZ5XF1x3TXOa0ZccBU3gPGTqSjT3GkgGXyjblUdy6zpKVuYHFzh2CTOxRNMKZ2P7UaVzg3dxxhVtZfLZR/31QF5/cerbpVyuc2bS07YVK+pqJ3F0z9SU7f0batHJv7zaXT4g00Ti2hgEh9XBZS49U3y4EtNW5sb+WtUBzQ4jZHipXHBxykylKXZ0I6eulZwQhA9/wBe/wB0RtKBg4wrNlJjHlRPAZHgvaPslPl8jFYlwkV0dMzjTupMdNuNlKdJSRjjSfuhmsY/ywMyQokDKUpM6KfA4wn+Bg9lFM1fIQBHgJ7aOulwXyBoQsHoM58MedbsKO+tpz9KkNtQkAEzySO/qnttdPGQdOVajkjkvRXmqqHnEDMrgjr5dnDZW4ihi2Y0BdErGfU5XgisaKttvqnkZ7o8Vp/7536KS6rGfKEM1eBghUTfNjm26lHfOEdsNGwcAEKAat2cb7rmS/nKkULcifmMZ0kYQzUlu7cbIQilLchdFLUO4ad1bjgjY43CfjOyGat/ccozbdUHsiNtcx5UwUpJEX5gD1SFT7FWLLVEAC4DKKKKEDOkI1HJUrUip8SQ/hKXiSDfSQrMwMGwYkIm5+lDgHeVhlqicfsm66rnwT91bCKMfhTi1voqwTeU5dXdmBLVX/0q1IHqubeqvBas/sis0XA7ZK58tXO3LlZat+EsH1UwGpf2RDipqjOH4wpBihYPo3+6Lg+q4WkjlWU3kjufg4wueJ7IpYcpaCiygQGf8KWf8KJ4Y9EvDHorfJASSI5QqupwdHdLb2hxjkKXtHLglraeHBVplc48lLW7+opTtwNVeSz8Qf1BLxGnbUFWa3f1Fc8Q/wBRQ/MXKrBY+I3+oJeIP6gq7U71XQ455U+YHYWOsf1BL8x+qgh3qV3xPurduC/jJhIxyhkuyd0Hxj7peN6hErclfGGBdnlEyNlGErD2TjM0lXvJsDZwkCcpmoDGTlODhnlWpplyjgKOE9cDm45TchFkE/WNJJJfjo/aAkkklCCSSSUIJPTE9QgkkklCCSSSUIJJJJQgkkklG8CRJJJJT5IPTkJPUIxxGeFS3GndRz/PsB50vA/zV41MljZI0seMh3KvItSwytyJow9pyCMqsrKTXwCDyCOxUqHXSVT6WU7AksPGxUuZjXj6UQS5I9mr5Jmmmndl8ewKuQcrLTl1vrWygYa47q+pqmOpYHxuzn9kRJwJKYnDdNUACh26K04UVGZvjdQprBC6gtMV6oH00jGk4JBxuCvNbVVXDo+9CimeRSyuxh3H5L1xjRhZjrTpeK9UniQsxUReZpCZU+Sv7FzDKyeNssbgWuGRhPXnnRF/q6GvksF0Jzj+WXH07L0MbgEd1sUsGW+HsjXK20N3oZrdcaZk9PO0texwyCF8k/EroCt+F/Uopg4SWaqc40839I/pPvgr7AHKqesekrR1xYKiwXmna+KUZjcRvFJ+F4+y7vhfLPx2oUpfj7OTqtKronw1cqSSy1oudoHlfu9oOzh6K+tl1guUAngPGzmnlpU/qXpW79E3eo6avlPmSDBZJjySsOcOH6cLHTU89iqv4hbsujef5kfsvtvj/IR1sd8Ojzeo03xmumYKmF8T25yF571F07JA50kLcEHPHK3lDXQV9O2pp3Zz9Q/pPolW08VXE5j2jJHK7tdhxtZUrY7WeLXC3Nq4jDUxFp/CccFZt/jW2YU9SCRnyuXqd0thEhgmZjfyuWevFiZUQGGRuSB5XLXF5PH+X8VG2OYozUU2oI7XZVYBNQTmmqWkDPlcpkcg2z3R4PD20uqW0kpw3TW4I5SQ4M0lkSSS6BnuoAdSSSUIGSSSUDEkkkoQSSSWCoQCkjJKFYApJJKAjUk5JQg1JJdaoQRwe6a8bcrqQGUtoYpZAFuCUJ5JBzspWlC8Idgl7EwlYRIqist1VHXUEpjlhOoFpX0n8JvirRdaUjbXcZRFc4wGtaf+IvnNzMptPPU2yriuFvmMM8TtQc3bK4/kPGR1sMPhrpnuPoz6z1H0xqPcq5Plf/dH2hNBxjsmOYSME4Xn3wo+L1F1hALVdy2G4wxk5LtpMf6r0iVuMEBeCtqnRN1zXKP1T43yGn8vp46nTSTi0RcFu+F15EjQMYRDhwG2E3GkgqG9ohyxEbY5QnQ7cKxc0Obwo72EHhWngXKGejIdUdJUd5pnh0TdZHovmr4h/DWssdTJV0kLtGckAL68ezVwqDqPp+kulJIyaEOJB3wtuk1c6JqUTyXnvp2nydTeOT4yobq6ACCqB8pxn0V7DM2Rgew5BWk+IPwrqKLxLlbWFwJyYwNwvOqKvnoZTTztIwcOB7L3Om1sNRBM/On1F9N6jxdrzHg02zsggKFU0ksGZoHEjkjuEWCoEzQ5o2KktORuNl0FLPR5RL9kKluL2OAd2V9S1rZIwRjdUM9AJCXxbH0TaWrfTHw5WkgfsjUsAyiahkbJhvjdV9wtbeYR+adSVYkxp3U5rxIMZxlFkWpSg+DLzQPp3cFPpqqeF4dG8gj0Ku66hEm4aCqWWifE7Onn3TE8DI3Z4Zvel+sfBxFUSOI48x5+y3dPWw1kQfG4fZeCsldG4DHBWmsvVc9vc0Pc7HqCmqz0c3VaHd/qVnqUzAd8KFIHNwccIVqv9Pc2hviN1kKZPGCExSTObtlB/chkNfKxwAOArOnqw/GSN1nKtxicCNkOG7eC8Ak4Vkde7lGza/UMgJx4VXa71TTANcdzxurYHU3UNwVaFSW3sA4blcHCc7lMPARSXSJ2EJGDuELXvnC4MnuhqKBRDv8AaKK80bqeoiGrB0uxuF45fumpaCYxyZIzscL3Jzds5VRd7RBcoTHI0AgHBwkXU56N2k1LpZ883Cj8JwOMBFpKnSA042WwvfT/AIbn09RHjJ8rsLFVVN8rMY/T3XPnW0z0VFyujyW0btYyiPia5uxVVRVuD4Mpx6FWUP3SmOktvKI78wu+kHKTcSNzjClTRNdjZRCx0UhYPoxkKhcZbv8AI2OapoKplXRyGOSM6gQcL6A+G3xNpup6EW6ucGXCJoy0/wDE9Xf5LwN8eW7jZco6iqtdXHW0UhiljOWuBwnV2OLMus0kNVDr7j60D9W+lOIy3lYf4dfESk6ipm0de8R1rBg521e63ZdsduFs+TcjyFlU6Z7JLlGcu9qeHfN0gw5u7mjum0VV8yzRnDm7EK9kI1cLOXegqaSq/idDuD9bPVRrJcZ5MZmu+EPWn+0Fma+a01OY30wJxgnZn2xx+a9U63sdL1nYLf190hUlnUNrYKmgkiP1MGNUDv6sf/KN1nqkUXUVploqmFr2yjDgRktWe6G6iqfhnfj0lfHOltlW4CKZx8o/6HcIVHab5yVuLV/uRWGv2vZ7p8KPiVR9f2IudTGmutBiKup3csfxt7LdMfq7L5365ttx6RvbPi30MY5HYD7jStbkVMP4yf27L2fo7qy3dY2SG92mXxKeXy59HDkfkjjNt4OTqdNF/wCvXxB/+TNQHAjOQu5HqFEBOO6c078qGImLoJyhscNPKeqKCA7crqACc8owIwoQaklkJISBkkklCCSSSUIJJJJQgkkklCCSSSUIJJJJQgkkklCAUkkjwoQbkpi6eUNQhTdW9L03UlEQAG1MYJif6FeTyx1NBUPtl0ixI3y+YbPC91as11l0jT3+lM8IEdZEMxyf6I2Mrbzk8foam79D3YXmwtdJSSO/n0+dh64C9w6Y6noOqrc25W94cw4Dh3a7uCvGBM+KeS21eWVEOzmnbPuFX2u6XL4f3gXS1Eut0pHj044HqQFDVKCmuOz6LXNPuqyy36g6it0VztsofFIN/UH0KsM7FMMbTXZ3I9UwkYTHE5QsP9/1UzkE67uo53RzwgHlGWUvUVrirKbIGHeyzVkq309Q+gmccH6crdTMD8BwyFkOo7TKyoFZSg5YdWyMNSyPutKJoHEDJWPq4WBzoZAC0jcHutjbKwVcOmXBcNiq3qC1MkZ8xA3fPAQyWUaIy2vKPnTqi0VnSN4jqKd2KSckR44B5wr+0XltfCJRjWzGoLWdQWOj6it0ltrWZDjqafQheSUctT07dv4ZW51jyu9HDsVztRp9x9S+kfOShJUTeGj0+krDMME4JWH67sPg4udOzHmy7Cv6asETWvacgjIVhVMhu1vNNI36x+i8/q6MPg+66PVrVUYyef2ypFTTNaXeYDCBdLd83CcAB7TkFClhksV3NPMDp1FoVsZPE4aue0l2Pa3cFD01eDbKk0tSTpJx9lvS5ssYc05BGQsLfba17PmoW6ZBzjurrpC8smpW0lS/zs8oJQDtJY4S+ORLuMJaM4VJUNK2NwpWyREABZispnMy1AaL4Z6KmRoKgyAKylaWnBUGXhUcq9YIrgNwoju6lSKM4chEng5txHl2KiyADf1UqXkKNLwEw5lxHkUWTlSpFGkaSdgrZgtBo7SQUBGVIXB8k6lmIIBV3TedgJKzcb9DgfRX1G8PY3S7tn7KHX0k932kk/y3DAU+mcJI/soMrcNzhct1VpcID3S3yjq1WbGXFPM6GQY7q/oan6TjJws9oI3U6gqdJAPZZpxydnTXfs2FDVasBysCGuYCFnaSXGFdUlSMAY7JUujtU2cD3NxsVHcNDg7CnPLXDIG6juYHjB2SW+TYpZBtcHDHdOa3V5XKPvDPnsEd380BzdlWSbskacuoZBNHwTuOxV1SyMqomytxgjsq1wEkZjlGfRR6OokoKnw9R8Nx4Kj6DhPbwW00eg5wi01Yad2WtyPTKIWiZuc8jIUN8bojuEmSNcJ4Ndba0zRg7ZVs2UNaM75WDoK6WCVpB27rU0ldHO0YckSibqrs9lrsTsMJ3hnGQEKMgbqRDIAcEJE1k3RbZ3S2Vmlw3XKKqfBKaeXf0JRnwuaBKzhCngZOzxYxhw/XKCSyGWgfnsqvqCxU94pHNewE4TrbWGYGKQ+ZqskEkymuDyOmqbh0ncvDfq8AuwD2wvQYKmlulK2eJwJcPNj1XOounqe607iIxrwsFbbnVdPV5pZXO8IOxgpkZYWBL4ZfdQWqMxmXRhw7hZgs07r0iM09zoxIzDw4ZI9FkbzaX00jpI2+Qos55BkkilPn57KdY7u+1VrZNbtGcEZ2VfLlnAQhJnbCTbUpoKu11s+gulb/AB3emDPEDnNGRur5uy+f+mL9VWmsaY5iG59V7fY7sy60jZQRqxvhcTU6ZxZ06b1NcloH47I0MmSBhRcD1RIwByVzJRx2bMkt4GlB4yURrge6TmjshwPi/wBiEm+McpksZJBaF1qKMd0ALWGMZIWOAPdWUTg5gVZIwZBHZFgnPCAXJZLAjKbGSwgALjJNQzjlOe3UEoTgOHEgHKI1QopNIEbuQpDHIiiRkeoXHEaTuEHJ9Usn1S8AYOnlLJXElZYw78pJJK12EyBdabxIxK0eZirYpQQMD7q/e0OGDwVnZozR1jo3HyPOQtNbDHzjOMhZzqi1NrqJ4awF2CtFLl2/socpDtiOFvpt2NMGyvesHzh1BZ3gSNxplgeT9whdI3N9LXNa+Q4ccAZ2W869too641DI/JJnPuF5veKb5CVtTAC1r99u3uvTaeXy17meY1EXRdx6PbqCpdJAC859Fb0M4BxtuvPeir0Lhb2MdJl7Bg78rXxl2BjKTdX7O5p71OCZqYpCWg8hG1bFqgW2QS04ycYUxzs4Kwzjl8G+H3D0kkkK4GAntDmkFZubNLXanN8pPK0+24yqe704MJcG77p8XgBoHUNEjA4ceqgVcLaiB8T8HI29ipNvldNS4d2GEwx4PK6OjuxYjDrK99bR5N1TRmjqCNOM5VDSvJeFtuurfNq8fHlBKwjZPBeA4L6F4+35Ksnw/wCodL8WoyWzTxkqXG7DRj0VaHamNdlTqcnSDnK6DWTi6exwmmai0VJ+XGOQtZbZi+naXDdYG11JhnDTu122Fr7bXjUIiNlzdRXzk+g+H1jnFRkXmM7FQqiMNnJAUtrtQzhCqGB7C5vI5XOmsM9NkbA7S4bqwikJACpIpXat1Z0su2CkDYT5Jw3GPVN3aQUm7YI3TsgjcJczXB8ZHagnoSJqB7oR6eQaFO0YwiocozhQoBH5WBp5XH/SurkvAUF9keblRZWggnG5BClSg8qO5GDhMBAct8Pu1FAwofiGCr1uPkf5SPdTS4YUFjEk08rigzIycgtOPRV0WWyEdsqc76SoTgA8qdi5PCJbD5TuotRyEQHHdCn7IzNa8kWodjBPCkMOqna7sVErwTASOykUDg6naM8IzHJ/cDJOojKh139wfupGcTyKPW/3P5hWuwLOiKTmiOeVDi7gnkYUiM6ov9FEOQ/HutNZz7lk8++KTcUzXAcLyiR3l5XrnxSA+TBXj0pOF6HSf7Z8G+tF/wD5LP8AYG/uuDhInCamSWTyo1u7gpNN/fBR2fUFJh9UcVkbW8SyT9g3bhciOHD802MFyK3Yq0sG5tPomQu8uMIjtxsgMdtwnySaRjCZFAznsWRkjsbZUWU8pSuLnAoEjsjcpsntRzbJb5ZI1SSSB6prcaU9+C5MkOGhZpyyEotckad+Dgd0qVhznCZKS94wFLpo8NSoLMsjG8IfnAwhP4RTyhPIIxndSTywIgnHlR2kl59k+c+hToGHIyEDDbwSIG7DbdSRn8kOIcZRwBhRGebydHunwjJGEFSqdupwKZCORbeCdSxAkbK1gYBghQ6WMgbqaTpYQtlcdqMNrcmDrZNGA1R6aN0kgON0pT4jwArG3whoGRygseToeN0vz2ZwSqSAMaMNx+asYYycbIUMXGArCKPAGyo9xRTs4HMbjCbLIAMIsgDG8qsq5t/KVDU2ooTgaycRZOgbn0VR1XdzTsbbKSQM8vnVrLPHbaGSpfgOIJG/dec3CsdVVL6h7iS4k/kqbwcbyOolBbYkSd4aSc5POfVKjaXOBPdRXudLKAArGlYGt3CB/cedm2+WSIxhcdk5ycJa8HhCq5QyMkcqNmdRyyJW1Ae7w2HPqukNigy8gHCiQND6jLhtnKJcJBkRD7pT7NCjgiP/AJj9WOVLhGGoUTNskIhIAUbwHnPByU9sqJ3JRJ3b7HhDWabyx0F6HFabomyPuNcJ3xkxMOfufRZ2njM87YQN3L3H4e9PNgp4m6dOwJOP1Sp8np/pnxv8vVfK/wAYm46dt7aSjYxrcF2NlOutU+lp/DiIbq5PchSYWNgj4+kbLJ3Otmqap2t+QDgAHYJ1MOT6Tfdthv8A0cgzPO1rQdzuryNrY2huBt7qJbqN8TPFe3dw2Ul4zhdzS1qKyfCPrXyb1t/x+kSGO1bBWtrpjKdZaRjhV1tpZKmTQwccla6kp208TW6RlaZzUT57CqVs9sUEjY4MwE5jRnzbIucD2UaVxJGkLBqNRJRaR6jxP01PWXqOBk0mSIowSTsMK4ttsMMbXSuBceyFaaNriZ5W8bDKtnyNY3C4l17fB+kPpf6ajoaoxSByyiJukKvne6Up88xe7ASgYQQ4jK51luT6LRR8R2npnPI8quaKj04dxslRUpa0FzRvwp8TNJ4WSVhowjrIw0ImBynAAjdNdsECnkRbwgcrxwFEmkAGdl2eUNKhyVAz7ZWzQ1OViPIfUPkoaLTy3PAGocJCQTsFKsemSbSwg7jhZK+3NzZzBA/Tq5K03w+pJ56kVMpOk7DPfC9tRXsrPyL9XeQeu1MpJnqVthEFOD3IUpj9R4QI2kbDgI8Yws97eTxMeIhhwjAAcII4RlnIh6SYkjCEhl7h3XENx2UIOfJqKa77oWrcp4OVCHNPuuEAb5XS72QXS4znsijFyIOLxwVS3S6xUWtz34A4Wb+IHxY6X6IozLcawCbfEY+p2OcevIXjLar4l/G+vdFboHWyzEkOkftrB/QnhaoVY5Zsp0kpffY8RNL118dqSGpNp6caLhONiBtv991X9M/CHqzruqbeetJ300Mv1UxBa7Hod16P8PPgx0/0NSNdJDHVVhOp0rm9/sV6JHhuw7K5WwjwiTvhDinr9ld0v0bYel6RlLa6GKMRjAdp3++VePAA2chtOAutz6pTe/kzN57BkO1Y7IoGQlgJHdJwULIXUP8ANOJBCsE6SMcqOXOyd0nE6sAlcIxyVAghOAT6Krud4hoWFzsE9t1Hu98ETTTwHLj6KkZQz3F2qozjscokiEWtnrLpKJGg47DKtLV0tu2pqnfYYV3bbLDTlpeAQ0fqrV7AcDCuUsLghEgp4afAiYBhSmuwOEKSZkfJVXX3MEaYnfdUk5MhOq7jHEDjGeypqu5zSt0djzuoc9Q+R3mO6JT0ckxBxsU3bjkg1uqQ4GSVZ0FtLMSSDdw2HojUluYwA6VbRwtawOLgB6qSljhEI8FPpBAGEcBseXSHAHqgVt0pKCPUxwc7sMrPyyXe7TB0kmiI9gEmS3ELC5dSRxNdT23+ZMeCqmK2XC5Hxry/DHcNVrR2ynpIwSwF3rhcrrpTUkWoybt7I4ZLDU0VHRRaaeFoAG50quut6o6ON0kk+D6LLXvruQf7vQ4P9RWQrLhV18pkqZNXoPRPhVu5CjHJe3frmeYOjo2lvbUVlZKioqpDLUSue49yU5zVzT7rRCKQ+MBuAOAu5wuJrnAjAKckH0OLtjuglzj3XCd+UxVjJXY4kY5Qjylk+qYmdESydyUwuIXdQHdDVDoxCEjB3CCeUsn1TFQwSSSSgMF7GJiem4PoVeUhuEOS91ErbpR2+MyVUmj0HqsheviVHBGYrdEHE7EuGUMp7ejRCic3hG2lmbFguIA7krNXvri0W9xYyUveP6V5rcOpb3cnEyVjw09gcBVh1SHzHJ9Un5OTbDQRfMzUXT4hXKsa6KDLR6rMPqKmqkL53k6vVTbfap6p48Nh/Raq2dEySgGfbPsqktw1fDQjHQUU9QQ2Fmcq9tnSFfUuxNiNvqV6BbbBQ0DAGU7dY7kKY+IbYaFFHAm3XJ8QKOg6UtlJG1vhhzh3wrNtC1jQGAABSdBTgOUaSRklfKfZHMZ4x+6bhvojmIHfC4oLyA04S0+6IkjINTTpC6e6bk5OAUMpYJjI3V7JYKWQ3c7YUSpuVPAMlwJ+6W5pFqLl0TC4KNNO0buIGFRXTqiGEYjeB+ayF06ufLkNef1SXckaqdJZM2twvtFSjzyb49VmLn1k2TMbX4HY5WPrLhXVT/LuCmx0xk3kbzylTuzwdSvQqKzIm116mqXjw58j7qG4SS775KkU9LSsGfDBK6HFhHhx7rO5NmqvFXCAtoatxBEakR24sGqVw+yJC+5S4DAAEdtsncfEnmO/ZWXKxPsBpoIxguyUhUMBxC0nCnstlGMGRuSFIZFRRDaPjhGIc16eSpBrX40MwPUp7LdUy7yO2PKtXyjYMYMBM8Z/ogK+RvrgiC2U4cDJ5j3RvApogNDQEneM8gRsyuGiqpB9OB91aeCbpe2dD42jAwmOqGNyS5O/h8rTiU8ojLXTEZdkqSaZXyRfsr5rjpOIufugfN1TuCSrxttoWbiHJCK2CnafLCAhL+RfozjYq6U6sO3R2W+qfjVk/daAeGBgAD8k0DKjiT5cFQy01DgEYWotIEitGu0jBKa8HOcoQfkm1hENlthG+EUUkTOGj9EbV7JFx7IlLAvLbBCBjcYHCfp900vIXC4kYV7wsPAXV/iSLtvqyo5JJzlLJ9VN4ttoKZHcZyua8b4ymaCuHS3lwCremH2O8bB4XHT7fShGppgcGUfquGqpsf3wQuXIza2IzEuwRunAl2yAaqmH/FCEbrSRDzPU3EUJPomYKWnPKrXXynzsMrn8cg9P3U3BfDYWmgc90s47Kp/jkB4H7pC9A8S/spuLVVhbZPoln2VN/Gf/AKL+yX8a/wDov7KsoNaabLfT7JafZU38YceJR+iX8VmPBUcsF/xpottAPZLQP6VTG6VBXP4pPjGcKby1VJdlwWYae6pqiCokkJDNk0185OfF/ZMNbOTu/IQSluDjBoXyVR/SP1ThR1GPo/dc+aPOTlc+dqBsH7IcZC2sf8lUf0fuu/w+p9E35yo/7xL5io/7xLGBW26ffOF02+Yeii+LKSSZHb+6XiSf1u/VAhaWWSPkqj2/VL5Gf2/VRS6f+t36pAzD8bv1RtpjNhM+Qm9kP5Wb+kIOuYf8R36rvizj/iFALawH+Sn/AKUvk5huRsg/Mzf1ldFTNnd5UzgiTD+G4bFLS4dk0T5G6c2XfhWp4KfPYRrnkJYf6p4wQu+VPjPIJ+sySSS/IJ+zRJJJKEEkkkoQSSSShB6SSShBJJJKEEkkkoQSSSSgkSSSSAgkkklZB661uo4yuJA4OUAqSwAudu+bhD2bSM3BHKh0sxewB31s8rvuFdNdhUtzo5Y6g19IP/pjPUKm8EjLAy5QMqYQzG4OQq621DqCrEMmdEnl+xVzTuZKwPxkEZVddbY9wNRENweB290SeRvaL1pBGcpyobJXyPJpZz527tPqrtrkwGUcCTo01djUADtc4kDKeQCOUFPBJVp45Kf7MV1r0qJh/EqBvh1Efmy3Y7LvQ/VDrlTmirSPmIfKcnBOFs3xtmYWPGQV5p1j01WWesF8suWSNOp7G8OH/VOhZnsGS38M9GBJGcYRFn+kOp4OoLcxz3BtSzyvYedlf5C0RkpLkw214lgyHxP+H9u6/sTonta260rSaGUjYuP4X+rdhsvlC42ya01s9quDGCaElsjAc49Mr7e0hx37LzP42fCuPqu1m/WaPVdKVpL2E7zt9B6EYXtfpzzc9Hcqpv7GcnV6Tej5MAqbBWfM04L6OQ/zGDstBDPFVwiaF4LHjIx2QnCISOo5WgtxpyqJslV03VeDIC+mlcS1w4GV9p02orvgpxPMayh1vBZ3SgNZAdB87Nx7rLuOXmnqG6XA4BIW1bI2RgkYQQ4AghUF7tb5CaqAZI3LV0os4Gqi1HODL3uwU1ypizQA8btcPVYWSCottQaWqB2OGu9V6RBV5PhTbH3UW8WOC5RkbNf2cnxljs8nr9BDWR+Sjv8ARimS7AnCNqBPIUetoJ6GoME4ILTsexHquxkjA9Fc3no8dbXOmbhNYZIThumA7LqWJkmxySakoAORkFGUCQkkkhyoWdA7p2NsroHddUKbBkei5gomAlgKEyDSRNPuuEY7qEyRkkbBSwVCYApIyShMEdJOSUBGrh4XV1qAMAQMoZAcNwjpuCltZLj9uCHE+otldHcbdO6CZh1AtK+j/hb8WqXqyjjtdzeIq6IafMfqXzvJGHdsoEMtXQVUdXRyuikjOWuBXG8n43+ZD7Vyj3n0f9Z6j6ZvxzKuT5T9f3/6H2jJ9WwwlvwV558L/ijT9V0rLbdZWsucYwXOOPFHt7r0VudS8NdVKibhPtH6l8Z5PT+W08dTppJxayIN0pOY14xwibEIWC0/dKOqkmAki0dlGkibM3S4YVmA1w3GSQgT0xaRpCYngTbXkyN9sDZYnamBzXDfZeCfEb4YOL5Ljb4tLhu4Acr6cnaXDThUl1s0dVTuD2BzT7cLoaXWvTvg815zwdXlKtlh8VQ1NVaaowVQcG5wWu/0V/DOyZgkjOoFeo/Ef4YU91pHPpIRHUx5c1zRjK8Rk+f6aqjRV0btjjcY2XrPH+Rje8T4Pzp9RfS9/i7XOK+z9mmYdtwo9VSidvlOHA5yh0lZHVNbJGQR/kpQdldn/B419la2pnpJAzjdXNFXGQNJ3KizwRStOtozjlVvgzUztUMjseimQHXuNfFKJAGuCZV0bS3LQqKjuk7XBr8fkr6lrRI0a+6KMsiJQcXwU9TRlrstbwomXxnLhwtU6GOQHYHIVbVW/Tu0JrDjZxyRaC6TUUjXsc5hz2K21n6sZWSNindv6rz2phLXDCGyeanI8J+FIzaYu6mNyPYJpBO3YfZUda10ZKpbF1d4IENc1xZxqC1PiU9bCJIwHNcMgjdNTyYJ0SqeMFVBXzU7/KcbrU2jqtrw2nkcPuVlq2lDCSBhV5c6GQOacEJqA+KM1yeuwTxT/Q8OKI5uQRlebWrqWaglBk1Fvstta73T3Fox5XHsSjMtlO18EuUeZNcjSDIBCjvGMJhnOphwRglI8IZJzyqayWnhkG52qC4xeHI0Z7HC8r6j6ejiqZP5ZBBXseoeqqb3ZYLlEXNaBIBz6rLbUdLS6twZ4JW0JicQARjun0FYR/JmO/AJWsvljfC9zXMIwslV0L43khh23WGcGnwdyvUK1cloyTUcLs0WW5xvjZQaCpaCA8nPG6s86hhILlwQYJXuIp5fqHPsjSwB2C3CU0Xm1tG4Shl1eUjhQieRlLWVVqqo6uke5kjDkEFe9/DzrqPqWi+WnIFVC0age49V4NKwOwcJ9ur66z1sddQSmOSM52PI9CnVzaZl1WlhqIPK5PqjVnfGEGdusYxyst0R11SdSUjYpntZVMAD2k8latztuFrjJNHkbap0WYkjMXKgrLY83G2O8ucyx45Hsot5oLb1badLhrcG6muGzo3LUTZJAIVBXUElomNxtzCWPOZYhx9wEQ6Da+5dj/hj1nLSvl6E6pOrw9TKcvOS48YXYair+BnWEV0t0pHSV7qCysZvikm7hvod+e+FUdQWWn6ipWXK3nw6qHzBzdiD6K+6M6upOtbNL0r1M8mRzSydh2Mvo/Pqq65XZpbgpN4+19/+579brlRXWiiuFBUMmgmaHMe05BBUkEcgr5x6A6mrPhZ1Qzoa/T6rDXv/ANzqpH+WLfj9wvoaI7c8IYy3cPs42p0/wS46fRLa8ghSGyDHb9VXiTdGZICjMxKXclMYcjlOVECAnO5TwRhAT1CBcj1SQATnlGBGFCBEkHISQkDJJJKEEkgpKEEkkkoQSSSShBJJJKEEmpyaoQYkkkoQYnM+oH0TUs43ULTwYz4hdCC7g3q2sDKuMZIb+IBeYOLsup6mPDm+V7HBfQYnzsRssJ150X86DdrVGBK0ZkYB9Q9kZoqt5MH0zfarou4+NSuc+3Tn+ZFyG+4HZe2W+40dzo2VtHM17JADzwfRfPj3E6mO7HcLQdF9UusdX8vUuc6lmOMZ+g+v2TArYb+Ue0EjPK4cY2QIpYZ6dk8E2sO3yCu5PqVWMmVrDwzh52TDwnpmQmFAJBuo9S3xIzHpzlS3hR/VGWjBziSz3F5wfDcc49FdRTR1UWpp1NcFJvFtiqskjBws/b530Mr6aUbAkDKg2JU3+2MpJzNG3DXcrzT4idJC+0kdxszmfxCk1EDH1tOMj9gvcayGCqjLHgEELF3W2i2VOss/kv5cOyCcFJHQ0urnp5qyHZ4j01fRVRmik2ljG4PI9QtfR1gi0tf9JOB7FZ74kdIPs9aerLK0NpHgGoYwfT/i/wCqdZL1TXakY1r8P0jnv7rkavTez7b9K/USshHcyf1vYvm6VtxhxqYNyFm7NWNqWGKTZ7Nit5bZRVQPt9SMnTgZ7rz++UMlmuutrS1hd6Lz19Liz6hVqIWRUovssJoQ7y4yCs5V0tTaqv5iEnQ52duy08b2zxNkacgjKFV07K6AwkYO+CkYNce9xdWa6QXaia0O/msbgg91EutKWncbHdZe0V0louAjfkAO0lb5wirIA44IeMg+iWaoWfIsMxVVHg7BV0zMZV9cKYwzPYRt2VLPGQ7KAw6mJXVAxhRnHIU2UHZRy0gIoxyce9EOXnZRZeApUg3Ud4zhGjmXEN/KFIAQpEiiSkjgqzn2oCWjPKJH3Qng5CTSPVD0Ii8MmN2U+3VHgzBpPlOyrWozXEbjsqlHJu08pRllGrIEjBjuFXNkNPV5x9Ck26UyQsa7kjZMrYcO8Ro55VHbjLK3F9A9tRAJB6LsLvBkyeFU2ir8LFO7fKuHMyEtxyjpUT+3Jc0NS14AB3VxDIWEEbrJUc/hyDZaGmnDmjHdZZrDOtprs8Mu4ajUBkooI7FVbH5UqKXYAoDpQtwPnjBGeSh00mkiJ4wpBOobhRauFz264uWpc+x/ZKkjxwos0IkaNt06hqnTAxSfU39wpDmqm2y08DLbXGM/LzOOM4HsrSZglaFSTwZ/mM2I5U22VbpWmGR27eEHY+FgQt8N2yn26sMZ+yjPZq3CjeKY3cJUo7jTXPDNtQ1fijdwU8OwM4zhZC23DSQCcLTUVW2ZoCzOODqU3L2XNJUCWMsPICcGYJ2xlQ4z4ZDgpjJw4DI3SZ5XRvg0ysuNJLTk1NPkjkgchSrVd2VYEUpAeNvupxaHAgjIKzd1oJaGb5ukBwTkgId+eCSNW0aiAqDrDpOC5U5qqaMCdoycDGVMsN6hqmiKZwD+Ar4uDhsiRnksnlXT11qKCp+UleQAcYK18sMFwgJaAcjcKv6y6WE2blbW6Zm+ZzW9/dVnTd4e4CKeQB7DpOf9UeUDjJV3i1S0criRlhOxVO5ukZBXp1XSQXCAgtBJG4WJu1okopHFrToKsU1kphIS4ADBWy6L6rqLbUMhnlPh8DdY/QM5T2vLHBwOCFnuqU0MqscGfR9vuENwhbNC4OBG6mZJXkHQnVslHMKeeU6CQN165FI2aNsrDlrhkLg6ijDOzTZvRIiJzyju4CiRfUFIHZYmsGocRhdBSHCadkqSyEEIyCEFhdE/OEYOBOyUjA4DGyAjJEE22McqU12oZCqg7wyPRTY34AKAU0Hlj3BA3TmHB0k7hdbugyNLZdQ7qAEsbpITHAt5TkIGcD0kxJQrIkkklChKmvUJJE4bsNlcoFXEJIHMO+QmxeBpQwu1s3O+FGnGCusd4cro/RPl3wR3WusMyXWtrFbbnODMubkheRXClbV0kkGnL49179WwMqqd8bhyMLxe70jbVepYj9Dz6L0Ggt+3acTydHc0Znom6OobmaaR2kZxgr2agmbPEDnfC8FvsL7ddW1kI0tLs7L1fo+6iroYna8kAAroXRyjm+P1LT+ORtLfM6Or0avKW91ctdqGVQ5GWytVxSSh8IcfsubOOGempnkljye+U0jTsu/X7YSyHHB2ISJLJrGtJ3yotY0Sx6COVMe4ABR5cO3wiiFNcGfpZDT1b4H7NcdgpEzRqICDdY/Dc2dgwco589O2QjfAWiqe3kyThuRR3+lbVUT2aNRAJXjt0h8GoczGNyN17rURCRuPbC8e6yoH09doeMeY7r2/htT9qiz5b9W6HCdpAidqpAAclGoKt3jeHK7O2Aq+ieNJhJ4Tg8xybheqi8o+aSs2GqpZG+IDlaeikAbrByQsLRTHDXglaq2VOtpzzss99e49V4XWYwbSnnEkDfVEAJjdk9iqWiqnNw08K3ZLrZpAXJurwz3tFvyRyRDhhHupFNJuMKJVZa8HCLDJsMBY5vbwPrkslxFLsNkQ7nKgQy8DClg5GUp8nQraHruojuuZCSAbCWOBLjhkLqR4UGADyuLp5TX/AElQWMdjB+yiHlGeTkjKGjFylgrblEdIewfT5inxymVoxxhSp4xIwtI5BCrqR2lroyPpk0/kr6AcsElJOyACMoR5VhJ5OHg/ZQ3gh2/qpSDINwhFME4kEAFceCW5PYJkhAqDvsiuw6MJsVkzTlgiTtD6Rx7nsh21xMGHdkR24x2QqUgHCsRnLyOkyZXOCjV5HgYz3UyXDSNuVX1YJHKtdgWkSE4djthCkAMuR3TovqP2Qnc/mnROdf2YL4r/APYmn0Xjx4Xr/wAWtrS4+hC8cZwvR6R5qPhX1tHb5H/oNIySlp90mpyJtpnkQKlQ8oLVJh5CfAZ+LJkWBjKfq9FGc44C7u7umD/l2omtI33CZLKcgAKNG4t7koziHc9kcUZ53blg5vuSocpJ2ypbnABQ5iByVLFxgTFZYJuTK0E+qHVOAAGQjacAnPCgzyefCyz4H54HwNLn7qc0YCj0rRjOFJUgsIqTyDPBUZ5IBClHhRXO52RNIFcANy5TYGAAOUaMZcpzG6WjZL7CsnxgIABwkkkrQo7G3zcq0ootwoMERc4EK5pYtIGybXHBltlglMYGszlR6ud2khpx64RnvDGkKBE4yTY9SnN4FU1u6aiTaGF0zQ9w7q5gi06QNsKPRw6GDy4VlTx6nDbhAe20OmjTHESTTN2zhSwRjGFyGMBuccdlGqpwwacKHVX2obW1Bj2aokY1EOdgpOJmIJUO918Vut75TtIdmlU3gz33KEHN+ii6svBmm+Rhd5WDfdZedxGBzlKeoc95keS5zt8lBDy47hLlLJ5fUXO2beQkLMODiN1Pbs0YUaMYwcKcz6AoYpSyDKrayo1O0N3HcqbVTMibku39FXQtBfkoLGFBBomNYwP4KiOJknLjujzPAbpaMfmh08e+4UHpcB426R9kGbcYyjuIaD9lBlcMnzJNjwXFDXuP3TQckhcB1HdSaKkkrahtPH+Luky6NFVUrpKEe2ar4f8AT8lzr2zvjzG1223K+hbRb20lLHGGYJ3+yyPw+6ejt9DC5zOG5K3ocIYHTEbN4S4J55PrniNHHQ6WNS7ayyD1BcBS0piY7EjxpHsqK10T6jzOHB59U2tmkuNf6guwFo7fTNpoWt0jJ5XQoRzvO6qVVeyIYR4iGRuBhAp6WWqnETBydz6Ke9oc0ADnsri3UEVLE06PMdySunGexYPinlqZX3/ashaG3R0kTWRt37n1U76QuMeAM43QpZQ/bhKtsyd3w305JNSmuwjpuwGcotBE6WYZCi08L5ZMN/M+ivaaBsYGBuO65OpvxmJ9r+mfpyFCVskHawQs0tI2USolc7yp00uDgEpjYzJg4XGssZ9JogoLhDYoy9+4VrRU+CDp7IFNARjyq2poCADpWSU8mnDYeFgDQCEdoAGyY3bbC644GUqSz0TrseThRp5ARjbZcnqBwq6ep24TIVOXRyvIaqGlhukxlZPoJwQcBVNTVubE6TH0o9S8vduVn7xWlsogjdwMuXqfG6PG1tH57+uvqSNu6EZFc/xayr1YJL3YC9N6JNQx8dJTszpIJOeFhen7dVXasbT0seTnzO7AL3Dp2w09opGsjaDIQNbu+V27bNqwj4DqbPkZbBvGQiNGAkBhdWGctzMQ9JJcyEsgZI8Jqa/6SjIMfyUIlOJyUlCA9PunNTts7lZbrr4i9O/Dm2SXXqKo8Nv/AAYm7vmP+EJkIbi4pye2PLL643KktlOaisl8Nnqvn7rv4/3O7VbumfhpSmurnkjxyBox2x+6z9bcfiL8f7i507pLT045+ktLMah98jK9n6E+GvTPQ9KyntULy5o/vc+bPrlaklWsmxKrS/7jzL9ev+p570J8AHV80fU/xLraq4179zDIcNH77L3G20VPbqZlLSQtZGwYAAwpEbC4ZwfzRI4yDu390iy3PCMd18rvy/7ehxBOEmtdqzhGa0YXcBIEc4wIcLq5kJZCMYdXDg7ZSJHCZj3UCOY90wkt3J/JLOk7u4UCsuMcWxGeytLJCTPWR07C55CoKy4y1Mp0vIah1L6mrkLmklvorG3WbU0ST7E9sJiwkQh0dvFbKC9mcclaCmt0FOQ5ozhEgpo4RpY1Ge8Rt1HhLk89EO4DRsoVXcYoGkOwSolwuunyxOVNNUPqXeZFGO7shKq7j4hIbwVAw95yByitoZ5XtLRsreltoLWhzQEz8CEKjtglAfMMHsFd0lEIhhqdII4Gtc4Ywok15x5KcAke6pveQm1U0NHGZJDx29VTXC8VFWzwKOMtjThTV1wlL5dm9vZTGU9NRNHikDA9EDzksr6CzulLaiqJOOAVZTOpqZuHPawBUN360o6EllM/WRtsvP7p1JcLjK7VM4NzwCmwg3yWo5Nje+tKalcY6ZxeRtssNcb1X18ji+ZwY7sCopJcS5xyfUpp0n8X7J6rGKOBo9+Usj1XCRhBJOeUa4CjHIQkY5Qzylk+qCjGdCTclcTUaWSJZEmJISJvAaWRyanJqhXQ3JXEjsubnhRvA0Gkl3wk4tb9RAAQuWA0s9CSO25OAqO69Y2e2Fwkl1EdvVYS8fECurpJI6EOii/DlL3mqrSTnyz0G59S2q2BwqJwCOPdYm8/Eeol1R2suYQdnkLFVFTUVMhkqZnPcfUrkUbnnyjKjbZ0IaSFazIkVlzuVxkMtXUySOPq7ZRmQul4BWjtXS9fXNY7wtIO5z2C19r6Tgo2h8haXfZVyX/Jqo4iYKg6ar6pglZESO4IWrtvRUEZbNVhpOOFq4IGQN0MAA9giaCqSMlusnZ10QaehpqYBsMLGgegUsAjG3C6GHKJpGB2RiJScuxNJxuu4ynNXVBLA4C7jCS4eFAhFDPKRO64S3G5wFA1yLI9Vx24Iyo1RW0tMMum4Hqs7ceraaIkRPO3uglNIaqJy6RopXCI6ncKtq77FTNJY8ZCx1z6xdL5YyTn3WfqbrVVWcuwPuk2Wm2nRTfMjWXfrAfQH8+hWTuPUNRM4+G4791CdHJK7URlcZbpZDkHCTKbkdCuiFfojvmqKg6pXk/muMjcThrc4VlHbgCA79VKbFBBp0R7oJLI7hdFZFTVJ2bDj3UuK3VDjmeQBv2Vg2QFuzcYQy4uPKAGU2wbKaihPmdkorZKYY8NiZ4WoglObHx2VpAuX7HESE5iaF0GU/W5Ebwlpz2RdgbsjcOPK54WXZJRMH0KWh39JVZBOhjcYylho30rukD8ab4jBy4D81TaRGmxzZdGzW7IniucM4QfGpxuZQCEN1ZTD/iD9ULmkH8cn6D6yTuiBmRnKhm5UrfxgY90N17oAMGVV8iB+Of6LEjOxeuaB/Uqh17oyciTOPdDN/pSOTt7qfIH8Nn6Lvn8YXQ3HdZ53UNMAcZyFEPUpzs84+yp2F/BZ+jWac8H9lzSP61k39TvDfLkqP8A7SSnOdSBzGx0036NmQB+MIRmaO+fzWMnvkzuJHfqo/8AEap+f5hVfIH/ABJG6+cjAyXDCC660n/eDZYf5urLt5SneM4D7oPkDWk/ZrzeKQfjQnX6mH04z91l2vTQMKnYGtLF/kaN1/IO2MfdMlvkMselsWXnkuCoMlLJ9UG4L+NCPKRJll8R5dnCa07/AFFCSV5ZahFeiS1wI3P7peUqPk+qWT6qZZW1eguB2ASx9kLJ9Usn1U+UskANG+yWx4wo+T6pZPqUMrMkXYbGFzA9AU1yQIzwpGxoNrIg05zhGD8BMy3HG6bnJVue5g7Q2cpJrCnI+ymdyVxJJVgrA9JMSUwTA9JJJWWJPHKYnjlCgAjQMcJYHokD2XURZzAXDjGy6eEEh2VTeCjrjgEhAdORvjCkYPom+E3u390Eo5CTS7I38QiDsEo0dwgdgA7p5pqdw3jCC6207s7EJeGnkpuL6JsVUHNy3cFGZISAccqlNuqGu/lzHT6ZTdNXGdJL9vdVva4KVal0z9hkkkl+TT9hiSSSUIOT0JOUCTyJPSTFCxJ6SYoQekkkoQSSSShBJJJKEEkkkhEiSSSUIJPTE9UUxZTiARg8FNTwcKmsiymLH2+pLHbxSElp9PZTGt8VSqimiqIzG9ufQ+hVXSTPjldTSnBbwT3CHoKMuSquFNJS1JljyCDkEK4ttZ81AC4jW3YolXTNqIycb4WfaZ7bUGSPOnO49kSeRje5GqXWqHR1cdVGHsdnPI9FKDtjsmCnwPyPVdQd85RRuFCg0ZG+6ZVUsVXE6GZoIcMfZDGRyUQyjsFa7KZ5BeaW6fD++fxCMudRTPy7SOxK9Rs9zorxQRV1HOHteNx3aVy8WyC80MlDUsa5jwRuM4Xm1qqK/wCHV7db7kHPtc7tMUg4Zk7ZT4ywLlFSPWQcHIKedxpzsodNOyojbLG7Ux4DmuHBCls5wtldm3lGK6rJ4H8a/hc+3um6xsdKH031VbGjzNJ/F/mvGJYqesidT1LAWuGxI7r7ikjjmjfDNE2SKVpa9jhkOHoV8u/GD4Zv6KuJudC7NqrHFtOwDaE86F9N+k/qLGNPqH/g4es0m/o8khmqLPVfK1Gp1O4+Rx7K0lI0ZHBC5LFFWReDMATjYqtp6mWimFHV50ZxG8/5L6xTYpI8vqtMoPDKe8WmXDp4eQckeqhUtfhvhzZBBwtrU0zXxgH/AOasdc7VLFO6QNwCdsLb9slyeR1tFlFm+oZcbfSXanMchGRu1w5CxtwtNTbX5f5ozw4LTsfNE7G4IUwRRXGB0c7AR32QtbWc7UaWrXQw1if7MIxxxuig5VtdunXUgM0GSz/JUp1MOCCqPI6rSWaWe2QVJNDwU5QwYHJJqShRISHKZH3T1Awg4XUIcogIwoC0dSSSUKEkkkoQ5gJEDC6koXkGR6LmCiYCRAwoXkGkukei5gqFgUkklABqaQMJySANgiN8IL2ghSE0tJSZRa6CjPaQ4Zqy31UdbQzGOWI5aQcL6U+F/wAS4OrrcaOvkDK+laNQJ3cPX/5fVfOLmZ4XKKpr7XXQ3G31ToJoDlpHf2K5PkdFHWQw+z3P0X9Zaj6Z1HOZVyeGv/Y+y2SZeEc6XgYIXm/w0+J1F1dStoa9zYblGMOBP1+4W8MnhleH1FEtPPZPs/VXjPJ6fyenjqdNJSiw5JjIHZEa8PaENr2StBB/JMLHsOWkpTWToZzyMqIQTloUV8ZA4U+GUSbOC7LC2TcbIlwLshvM5W2qKoJIaD7FeX/EP4X22/08j20+Kn8BA7+69lqYjFyOVW1FN4h1Y39VrpuaZxPJeLp19TqujwfEdxtl46OuTqavpnxxatO/Cs6G4wVQ0sdg4zhfS3WHw+tHUtJKyqp2mVw8rvQr5o6v6Iu/RFyc3Q90GrLXBvZes8d5Hd/p2M+BfVH0XPRTd+n/AA/wT8gg52QTG1wO6rLfeGVH8qR2HdirFhOec/mu45LHZ85sj8csEaSItdlmyNRVk0LgJPME/Tk5chzwggABSKwKbUuC9o7iH4BI3VhhlSwbgLGxyPhcCCcK6oLo1haHFMU8iZ0vtEqsto+prVTz0bmO3C1UNTFUsw0ZyotTRNfktTEBGbg+TNuBYN9lY2m/VdF5WOy0HgodXQu/CMKA6F7DwjTDli031Lc6e5U4yG6iP3USqgx22WRgqpoCHRuLT7FX1BeDOAycjPGSjUsmeVOOh0gcCOyl0N1mpMDJOOCDgocjWv3CjStwUxyQmVanwz0Cy9T0s7GwyyYdx5itACHgEHZeOxuexwcx5BC01m6tdRlsVU1zm8ZRqWTJqNJtjugbmVpCjl3IOyJTVsNdEJYjsRwhzsccaNimmFxa7GteTkk4Q3PKF4jWTeDPJpICe4g8cJbWRi4eSvu1riuMLstAkxsfVecXi1y00xinj4OQcbFequ4VTdbfBWxFkjd+x9FntqOjRe4dni1fQTU0peAdJOQQjUNbqxFKd+xWlutBLTzGKWPyjg+qzlxtb4nGeEbHcgLn2VtPg6kLVYuScTlBkj0u8Rn5hRqGt1YhlODwCrIBpCWHyiM15JwQnvjDlySM5yE9rsdlfXRB9DcKuz1TKukkLXtOdjyvbOjeu6W/U0cMzg2paMEE8leHSgHfCJbrjUW6pbU0zi1zDnY8p9Uv2ZtTpoamOH2fTTmCXG2FFdNDFVilmOnVwSFkekevGXcMMrw2QABwPK276SC7U/ldpcN2vHLStKeTzltUqZbZFTVW+S2TGsohrgcf50Q/zCy94sbxXMv9kDoKiE6yxv4gtfBVz08v8PuQxONmv4bKP+qK+gbHKXxHGeW+iIisxwU7H2f4l9NPt1WQKxow7bDo5B6FTfhL8T7rYbgegOu5iKyBp+TqJDnxmDhhd7dlS3O01VnrTe7M0jUR81A04ErO4+65f7NQ9fWGGvpXaK6HLoZGnEjHDGxS8ewlCFsXXZ+Pp/pn0eyq1bAKRFIcheIfCD4qVFXKei+spTFeqfZj3/8AH98r2WOXIGyYjkX6eemltn/0fpotWSZCO1wcqqOUsICmRyAgKCCWkg5yuq8ECruSuJISBATlPBGENLJUIFSTMhcJB7qECZHqlkIQPqUh7lQgXISQxn1T8hQh1JcyEshQg1JNSQkEuHhNSUINPK4kkoQcSMcoTu67k+qYTgajwoQZ/wARFBBbjIwo+cpuT6qFp4MB190SGB96tMWHDeSJo2PqQF500b6XDB7j0X0Q9gkbpduDsQvNOu+hTCHXW0RbDJkYOU2MsG2i2PUiN0f1a+2vZQ1L8wO2BJ4XqEb2SRtkY7LXAEH2XzzDVNB0PBaRsR3BW96M60NOW2uvl1sdtE4ncKwba08yiejEoZJXA7UMg5BQkwyNYCnhBf3TtXsundGUV9U/B3CoLtR4cKgNyfutJUxatwOFW1TA76goOjLHBRU9U5xDSESut8VfAWTY42ylWUJiJngB9S1cgqssw47hQan7MNcqMQCotVdADTT5aNYyF4ZdrZW9BdQEyHXQ1DiYHDgDPB+y+o7tbobpTGB7Rqx5T3BXlfVllFdTVNlr4B40TS6JxG49wk2170dnxPkZaS3go6CvFTHHVQOwS0OBBU/qO1s6gshqYmjxoRkkDkLz2z3Go6buBt1xDhC84Y48Ar0i0V7In+E7Doph67briazR/buR90+nPNQuSrk+zAWSpfE91HMSHNJAyrbBjlDsbFM6vtRtdyFZC3DHnVt6J8UzK2kEjB5gMrhygfQK7Morr/bfFArYRuNzhTulL14sfykp8zdt0almbK0xuHHqs9doH2qqFZS5ac5OO4WWawx0XKEk0bS5UTalpkA3wspUw7Hy8LV2iujuNDHM0g6m7j3UC9ULWDx42bH6gEId0fkXBkJo8E7cKHKPZWVQzc7diq+RpTos5F9WCDIMlR3tU2Xn7qLINkZyrokOThQ5uVNm2JUSTlQ5ty9EaYYIQ4ycoj0E8hUYZPayewjGcoqhRu3G6mN+kIG8cmuiW4tbPMQ4Mcds7K1qcSR6QRys9TSeFIHnj0V7IxzomyN3BQp7uDt6eeY4IocaeZkg7LRUkwqIg71WfnG4U21VOZBCUGMcm2mz7trLJx0OBCtrfVFwAKgSwDGR2TYJvCkGUixc8HUonslk1ML9QypUTsEbKsopBMwHKmsdntwlYOrCzdyib4+BvunRvaDu4HKhg+pXN/6sIHHJqhZxgVax9K/5iLPqplJVipiDxzhCdIJY9DhnbCgNM9JU84b/AJqsItWYZcubq7qE8PgqWyMBxnfCkRTNcMhdmp/EaNPdANjInU9SJMjYoc7AeAoFJIaWpGo+R2ytABMMgoO0aa5Z7IzJXxOGFf2u5Na5rJDjPCoJGFjuEWCYNcMpFsMGyq3az0KmmD2A5B2UqN5Dhssva7iAwNyStFDK2VgdhY58HYqtyizhw5uSRlNnjbIxzHtyFFjlc1wwpjJWuA23CTn2al9xjrlDLaKttRECGk59lrrTdqe4wNkjfvjzN7gpVtFT19O6nmYMEbH0Kwsrq7pi46m58Nx/IhXuyIn9p6U9rXtIIzlef9XdOut0wu1BlgLv5gHB91s7Rc4LlTNljkBONx6KVUU8VVC6CZgcxwwQQhbeRa5MfY7yypaxmRqa3dWFdQsqmEOaMOH6LMX20VHTVe2op3HwJHbe3sr+2XH5ula/IJ7ooybIY262ye3zuDm+QnylVsgJxhejXGjiuEJjlaONvZYi4W2a3ylj2nT2Kc1lYEtEKOokppGvj5XrHw+6skqGtoaibW3G2TuF5M8A4J7KVaLq+gqg5ri3J5WG7TqZrpu+N8n0k1+2cbFEbNk4IWW6U6niuVKyGeQGQDAK0g4K411OyTOtXapolNOUjsgwnfcqQHZWOcTQcBOUZpyMlBxghGj4CWWgczDkHHCJTTnUGkcIhaHtxhRZGGN24QAFvE9rm4yASmuG2VApp98ZU2OQEbqACiJLsZxhSGoT24GtmxH7p8Tg9uQgAHpJJIRQkkklCDVw4IIIyF1JWuGNMze4DSubVR/SXYI9EwESRteDyFbXeAVFI6PGc5Wfo3luad53ZwtdYbC6cE5XmXxHtckcwqWtGOQV6fKMkFUfV1qF0s80bWjxGtLguno5uMkzFra99bPCrvTNraMtI87QpHw8vJpKo0Mz++BlPraR0ezCXBow/wBiOQso2Z1vunzMJxpOSF6SP+ojyG/4LFI+iqdzZIG6eMKXbZyx7oHn3CznS12judsilB3LQrd8nhTRykZGcFZL68dHptJqN6yaVji0AkILnkTA42cjRSB7W4HYIUrdtYGcLFJHXi8oeSXITtgUSMeJEHd0wtODgIIob2Vd1Z4kBAbuFEpHvfTBjz7Kyn0yAgtVXT/y6h8J2adwnx7FTXA4tJBOVgfiRQRmmZVafPk8ey9FOAdOd1TdSW6Kvtc0BZl4aXNPuu74u912I8v53Qx1GnkmeGQyaZASNypNS3U0EbKPOz5eqdEfwlHkeXxZxsAvoOmsViWD4Nrq/ilJfomUFUWtEZG4Wks9QXTDJwFiqWcsn9QdlpbfKWYcN8LXOvKJ47VyhYsG3ilaSC3CtKCqHihrjss1QyF8eondSoqoxPDsZWC/T5Poeh16cMZL+v0tGoFRaOoDn6dkdoFVR5zuRsVSQl8NcGP9eFybqtvB1qtU8o1MQyAcqS1/bChRvBARwRkHOVhawduqe5EnUSnoI2RG8peDSuQiR4XARhIkYVDgbu6AeT91Id3Uc8n7qFA5OyE9FehPGU6JnmMVWfJWPjxs4ah91aOGQQqus/lSxy/48E+yqTyBIkaieSuJZBJIXHHARqPBENQ5+F1zhnlDl3xgoNnIMpJESpy3z+ieCdAGUOpH8o/dPaQWjHomLgzWPIFw5Cj0rtUr2HYhSHEAlQ2Eir2OMlRCSTUHGFDrfpKmz7YJ4UOfsmLlCreitGxx3TMYKeNq32ITJx2CYngw29mB+LWTZ3ntsvHWcfkF7H8Vd+nge5K8cZx+QXd0LzWfDvrn/wDMf+gxqIeENqJnCdLs8aDj+oqUzhBjGE9u2VogSfYXX7Lo5QBISdgjA5GVogTOQo4CbkpJivoA7qPqgTHfAKIOVHdnx3HskzlkOKHvOIXO7qvaS6TKlzHDMZUaEZcsrllhImxABgwnrjdmrqNyyin2cco0gx3T3cIOcuUDjwgtOwE7qbsAAAgwR4buEUYHdUIn93RxEiaSRhDHKl0zc74RQXsCcsIl0kQ2yFYtcGt4UanZp5CLUP0MLk9cGOxtsZPPk6AOVJttMMmaRnfAyoVHC+pnD/wt5yr2JgyANsKHc8Zo8/eyTC3JwArSni0gHG6iUkOcEhWTBpGFD1tUVFZOnyglVFTI6SctBz/opFwuAZ/JiO55KiwswA93JUJOQ9zhCzUfRecX27VFxrHmR+Y2uIa3stP1befkoxTQu8xGSsMQ6U6iEmx/o4OutcpbfQpDnCPE0eUqOAc4UqAHZVFZOXLGCQwABPe8MGSnNzoKh1TxjAKuXBnxyRqhzpZclPY3DclNY0Odk7psz8AAFKk+RsVxwDkcS8bqRGAGhRWHU7dSMgN3KLI3sbO/QM+yr5Hl5Rq2T/h53O6C3ON1ksnljoxQmbnC9C+GvTMlwrPnpmfyWnbI5x2WNslukuldFTxtJBIJ2X0R0VZGW2gjjY3GAAf9fzQKW49Z9M+O+a16ia4XRo6KFkMTWRM0NAxhQ75XOGmjifjbLt1avLKaB07z5WgrLAura0l2SXnKfXE97dP4oORYWahy/wCYe3bgLQxRknjYKNQsADYmN4GFbNhGGtAW+pKKPCeTsnc3F9sPbqUSO8Z7c44Vq/DQAFHjc2GJrWjGyYZwBv3RSngzaHwsd2+yIZ0pYMJkEb5XIIf4kjR6q8o4PDAOncrFqL1Hg+jeE8PXOSm0HpKVsTBlmEd7gG6dt08ENbxjCivy92MrjX3bmfRaaVBLCGlhe5T6SDdp0/uh09O52Nsq1pIA0AkLDKWTbGKHw0wwCG4U5jQ0DCaxoaON13xMLNJ8j4xWB5IHKjzShwxsuVEwHHoq6eoGMI6k5PBxvIa+GlTchVM2+MhV8spylUSEkHdR5ZARsF6Hx+kbeWfGPq36nbraiwFwq2U8etx3PAHKo6O21t5qjHTM1yPOSFaCjqLtVtpYIy5x2+y9V6R6RpLFSNdJE187ty48hehrxRHB+dPM+Seqt7yc6N6TgsdGxojHjOALiecrWNYGDACY1EQ2T3vJwJS3MSSSSQCJNyU5MJGMKEH5HqkcHugEnPKWT6qEH4907IzhClqIaSF1TUv0RM5K+ffiD8arl1VWy9N/DN8jY9xU3Jp4b6R/vnf0TYVSn0Orplb0ar4tfHmz9GtdZOn4zcr2/AZG0Zjj9nrC9NfCq/daXQ9VfFSvNTUY/k0oeSGNPGymfDH4R0VmnFTV0oqK1x1Plk33PsvcbbaDAPOQSedkzivhj7bYU4rq79sr7ZbIKWFlLTNIY3bCu4KLwsFS4Y2R/gb+ieRlC57jF28saxjWtwAnYCWQNkshKwCdXDwmrh4VkEScrmSmEjJTXPAChB0smkgAoUtUI252QnvxklVlTV+I7SwE42UCD1VxOnQ0jdRI4Jqxw0NJHqpdNZn1TBLUeUnhXdPSx00bWMaNhz6q08EK+jtBiAdIMKz8MBuzeER7/CA/zVFd+oWR5p4Tv3KHLZCbV3GKlB1kKhqr3JVHTG7ZQXyz1xwXalIorRKDl+2co0kuWQE5s8zstZnPKsKK3uyC4YKmUtEIgMBFmlZTM1k4PYBWp+iBaeFsDNR2A3QKi608A0RnLlXy3GepHhA7d8d/ZWFBZWuaJKnGTuBhHnPJCK6Wqr3YjGQVOpbR8q0S1BUuX5O1xeISG47LF9S/EWOMupqFxJAxkFXBZeC8GkuN+t9siy+QZHAyvOr/ANbz3Bz2UupjTtn1Weq7lWV8rpKmUuHYeijZC0Qp4yNjE6XOcdROSVxLIXCRhNUUiJHSUMklcLhnlCJyifA6Mf2P1H1XEJcyFROuDqYlkJqhQkxJMULSyNwU3BTycJoOVW8ZyNTcFLGBk7YQq24UtBH4lTIBnhW5YG11Ss6CkY3OwTJqiGEZleGj3WNv3xMtdLE6GhAlk+ywF16ovN3P8ypcxh7NOEDnk21aGdnLPRr51/bKBxZA0zOG2xXn9z60vNwkdondEwngFUbWuc7LyXE9yVMioJpseCwk+gVnTq0lVKzIjl8tS7XO8uJ7uOUWGB0uzAT6LTWboyoq3NbUNDNW+PZbG29PWy2tDY6djnN7kZUQNmojWsQMTZ+jKuubrqWiNvutjbOl7ZQBhMIe5qvGxZADGhoHYBdETgm4Rz7tROb7BMYGOwxoA9BsjBpLeE8NweEQAYVYMr57I3hnOcIgjGOMomjdOAwhD4QHwx6LoGNgjYbjZAc5rclxwFWSJo6kodTeLfSD+dOAs3c+vaaMFtG1xx3VbkNjVOfSNYWhoLnHACgVtzo6cZdMPfded1/WlyqjhjtI77qmqa+tqDl8p390O811aJy5kegV/WlspGEAlzzwAspcOtqqcubTamj3KzxY951O3ThCRg4SbLTdDSVw5DVN4uVZ5ZZzp9iojw6QAEn7qU2Frh9OMe661jG+myS5NmiOIcJEL5XO5RW0ZG+UZ0sbDjK6Kqna3OtLci3JyBNjAONKKzyjACA+40wO3+aEbnTjshcy0pvpE7c9kzG+6rn3vScRMKA+8z+nPoq3h/DP2i8al5Ry4BZqS6VDuCVGlqamQYMhIQOwtaeXs1jqimj+qYIEl2t8fM2VkXyvHJJJQS1x5J/RUrGx0NIpdmwd1BQM/HlR5Oq4W/3Az+ay+Mg5H5pjWb8cpUrJ+hn8OCNBN1XNjMYA9sqM7qiud3VYIfblIw4GVXyyGRqrh6Jj75XSn+9IH3TTcKlzcmQ5+5UMR59/yTi0/wBJVOUpBtVP0EdXVOT/ADD+pQjWVH/eH9V0xH+goRYcoW5lKMEENVO/Z0hI+6Rl2GQh6D6H9F0A+ipbvYS2oIHF3BS839SGNuV3U31Tcsamh+D6paR3SyPUJZCvJeBuAkjYyuINxWRpY09k4DGwSSVZKEnpiehAEkkkoQSSSShB6SSSgGBJJJKAiSSSUIOSSSREEkkkoEPyeEkklCBAeyeCMIaWSjBHJJJKEHpJJKEEkkkoUx6cmpyFi2dB7Ig4QxyiDhWijq5gLqSshzASwF1JQgks4RUlCsgs5XEZJC4plcH61pJJL8jH7FEkkkoQckkkoGJJJJQgkkklCCT0xPUIJJJJQgkkklCCSSSUIJJJJCJEkkklzIPSSSUQI5RK+jFRHrYNMjN2uHKlroODlWAVVFV/MM0uGHN2cPdCuFAXRmQDKLc6QwzfxCm8pJw9oGxUimmbURAnBBUDXJn7dUmjqDC7grQwPEmcKrulvGrxIm7jfZK3VXhnQ7OyMtousb5XRymtOoZXTuiFjn7gEIOo9wixnsd8p0kBa3W0ZUIMa72VffunqTqGhkpaljT5TgkKYyTJ2CM2bTjZXlkSPOOmr1W9H1o6XvRe+FziKWRxzt6ZXokU2vG3Kp+qumKbqSidpaI6uMF0MndrlR9KX6vgqXWO9sLauBunJ4eB+IJsLGhVlakb1pyCot2tlDe7bU2uuYHRVDCw+oTmTBw27rrc+q302NPKMF9J8mfEHoKp6KvElE9hdC4l8Eg4e30+4yFlKihhr4PDeQ1+PK73X2V1d0dbOt7HNZriwZeCYpMbxu9Qvk3qjpW89I3WW0XWEsmj3aQNnt9QvsH0z9QfPUqbXmZwNXo4z5ZlYKqoppf4fctnt2Y/s4dk2404kYSBlWksUFfGIaloLm7AnlQHRyUzvlqgksP0Px+xX0Sm7csPs8rrtI0nKHRmaqlBdkN7YVe8zUzmvbwDg7rT1lNod5mjBGx9VU1NLq2AW6KyeU1NDT3R4YyKobUMLHgOB5CrK+ywVLD4eGO5yAizQvpnBzCR+aO2fLRkbq5QwcO/Fixb2ZCtt1TQvzIwmM7NeOChRvzsd1s3mOQeG9gIO2CMhZ272GWkD6mkGtnOjuFW1nG1NEUswIS6OVFhqCTpIwe4R2v1BVg5eM9BwRhLI9UPJSBOVCshV0HsmN+kJw5QBBBwurgPZdUBY9JJJQoSSSShBiSSShDmAkQMLq4eFC0DPKS6Qc5XFAgKSSSgA1NIGE5JA1kJrIEgZTNIRyMd0zBSpw/RcHgjEVNPOypoKp1PKw6g4DK+gfhx8TI+roRbbrKI7nGA1oP/ABPzXgrm5Q45amjqY6ujmdFLEdTXNO4K5es8dDWRw3ye3+kPq6/6a1C7lVJ8x/8AY+woXFuFKY5j2hr915J8Nvi8zqONlnvz2x3ONuDk4Dh6+69MyQM6l4e+iWmnsn2fqjxfl9P5ehajTSTiybJCIxriCUU+4BCHS17Q4QzfkUeakz/MhPO+Eg68duB8scc0Ra9v2Kq5abDcYUltS+J2iVpx6ogAmGQMJkXhgWVKZSz0/O2Mj1VJeOnaS+Uj6GvYHRuO4WtlpwTx+6iyUeDkD91phc4s5up0ELY7Jo+RviZ8Hbj01VSXKwQPdTNdqLR2BWNtt8BaIKoFsjTpOeV9u1dviqGls0YId2IyvEPid8EBWsluXTkLWPbl/h5wM+y7ej8jJcS5Pjv1X9Bxm3fo1/lHlTJteC0bFEJ8QeizZddbBWGjuVNK3B0+YbfkVZQ3Fsm5GF6GnUqyJ8a1OjnprHXNYZMlYMg4Q9cjPpT2zBwyugApucdCWmlgkUlzqISNxgfktBSXGCeNpLxk7H2Kyj2Y4C7DM+B2ppOfumwtxwzPOvPJspKdjxnA3VZV29rfMEGiu0r8NlcrWJzKloyMp+4Qm4cGedFpdgDGEJ5Me7VpKi3ROblrcFU9VSOjdjGyYHGan2FobnlgjmPCnNmbIMghZ/SWbokNS7Vg5/VRTwR1J9F5se6GcjdR4qluACSpLJW43TIzETg0Trde62geNEjtPoStzaeoqa4tbGSGygcE8rzrAO4TGyywPD4nEO9QcJnyMzT0u49XqoYqmMh4Ad2Poq1tS6KQU9QMOGwPZyp7J1XG+JtPcHEPG2r1Cu5ooLhCHRStPdrgdwUxPJz5wlXPbJBHuJB7YCiPJdnKHSVTxIaSrGJW/S48OCkOwzjuixkKKeOCtrrbFXRlkmx7FYy40MtLIY5GbDj3XoBxg+6rq+iiq4yx7RnsUi2pM003uDweV3SgEDxUQt77gcJ9HVCZmAdxyCry4UpikdC9m4PdZ6uoXQP8aDI1Hgeq59lTT4OxVYprksNI05UfJa4ghco6kyQ+bchGIykBsYDlMAATwMLqaUEoKye3Tiop5NLm7/det9DdeMrAyKWQNkGxBPK8clGcIlHVT0M7Z4Hlrmn9UyM8GbU6aOpjhn1BV0lt6hoTBUNzqGxHIKpae4TWSqba77rcHkiGrAy1w/C1x/q9Vluh+uW1TGQzyYkbjYlekPZb+pqE01UAYyN8fUD6j3WhPJ5q2mdE9skRS1j8hzQszcaOp6frP4pbmn5Z5/nxjge4ClVdTcuiauOjvJNTY5naaevIxJCewkG/657K/bFFVQ/hlhlbzy1wKLDKeUs+jA9YdKx9SUsN4s7/AAbpBiSCRhwXd8ZW5+D/AMXf4r/9afVJ8G8Qfy4y/wAvjY7f83p6qp+RmsdS7SXGke7Le5jPt7Kg616Jdcmtvtmd4Nwhw9r49teP9VMMdGcNRD4LevR9LCUFHhlIIGRuvCvhT8ZG3J0fTXU/8qvZ5Ip3HAlx2Po5e1RPBYCDnbKhx9Rp56eW2XRbMlDu6IX4VbC8tcDkqUx+oKCCVkJZCEHe66CcqZISkkEcLqvBA2SlkriSEgs4SzhJJQg9LJTElCD8lLJSSUIJJMSUIJJJJQgkkklCCQ5IwYzvuiLoOFZCBgg6TyurtbC7JlYPMBsolNP4wIOzm7EFUQmIb9MrDG9oIcMEJ47pgd7KFrg8o6+6JfRyuulriyHbvaFhYpyDkHS5p47gr6NqKaKpidBK0FrhjdePdd9Gvs9Sa+laRG874GyYaqbM8MveiesWTMFsr5T4p2jJOxW5ZJnYhfPsU0kTmzRO0yMOWkc5C9Q6I6zF8j+Uq/JVwNAe0nn3RtZRdlOXlGwRVHyEXkIkjO1gUgDgq2sj0gkBWHc7oFSAQERRTS/SR7KlnYYpCQNicrQ1MQzsOyqaqLUcEKDCPHMSADyoHUFkgvVNg+SePeOQcg+h9kc5jdh22EUSuZhxb5DyVAoNp8Hg/WnTnzGqCohDKmLODxq9wquwV82TQVJIkiHlz3XtfV3TcV/pDNC0CaMEtI5K8Qu9BJBXFzCWTxnDu24S7aVasHrfE+TlppLBsK2kZfrQItvGjGASsXbXuoquSimOMOxgq7sd5eNBe7DgdLlF6zteiVt0pwQ1+5x6rzes0vxy4Pt3gPPw1MVCT5B1lO+lmErCdLtwU+SKG4UxbI0E4TrRWC6ULqSYh0jRlp74UWJ7rfUmKXJBOFxbo4PdVyUkVlvq6ixXLwNTvBeeCtyYo6+ly1ww9uQfRZi924V0HzNNjW3fAXOlr25zfk5tnN8pBKzlVTjGx1yfBGutvlpHlr27evqqedgAW+u9H81Rk4y5u6xNbBoHCcngXqasrKKeYYIUV6my/VhRXph5/Ud4IUuyhzf6qfKM/ookrSdlDk3kSThQ3cqZJwob+VDnWPI6IkEAlWbfpCqW/UCFZQOGkboBulsw8Epuy01sPjUnhuIPosyzlXNmn0zAE7JaO9pJfdydqQIpXR/uh0khgnEgUq8Qls+sDAUDOUMpYNzeyXBqqapNQM45CZOxwOWqrs1W5snhuOQrzUxwOQl9m+qz7UybaKkgiEq6bxn1WXikNPIHBX9DUiaEPQbTp6e70S84SXAPRdzhBg3JjmOI3ylUN8SMkcjcLjU9wyMIQyPT1LmuAOyt6acPAyAVRTtLHZHCl0NQGkNxugxkZVPb2T62j8RviR/cgIluqmgeC/Z3ui09RnkZUaupw3/eIRg98IXHBri0TZmAjKhnLDjKkUdU2qhHrjBQ6iLABwkTjkfGRMoKsscMlau314c0DPZYFkhY/jGFc0Fw8IAuJOFmnA10ahqSTN1E8OaHBHZMQRsqy2VAkhDgc5Vj6HCySi8ncrmidG/IBI5UW62eC7UzopQM4OCnRuxjZS2O4QDJx3I83oqi49L3b5aVxEZPlJ4IXo1tucNfCHscM43CrOo7DDeKVw04laMtI5ysZ0/1G+y15oq7PldoyfZQzNODPTK+201zpX01UwOa4HBI4PqF5pM2u6UuZhl1Gme7yuO4IXpdHWRVMLZoXamuGVA6kskN5pHRvYC4A4+6nRS5IFK9lRC2ZhBD25Ci1tJHVRmKVuQeD6KhslVV2S4Gz17jpP8Ad5PC05IkR5yWYa42uajkI0ktPBCqZYXA/St/XQeK3GOyzddQEHyNQyWQZd5D9H36SgrmxSu2PBJXt1pu8VwpmvjO4ABXzfPqinc3GNPBC3nw+6s+Wl+WrpPKfLn/ACWG+vcsGijUqMtsj2Rp3BDlJa3LRuqunmZK1skb9TTuCDyp0UpwFybamdeMiS1GaorZ842R2yBwKzdMdBr2SGkeq5NH4jDnkoLSdzk7Iscue3CWSaIQc6J+n0U+F5c0FBqIGuOpowUKkmJeYnHjhC1kW+S1jdqBBTGudBLpO4KbER6p5HiHcIMAkkHKSHG/A0O5CJnKoAakkmuGQgbLO5Hqkd0HzZzlGBGFMFtYAPYScHdZe4xfJXLXjyy8LXOGVQ3+idLAXBuXRnIK11MsiCQHJwuYEzHMI5BCBTyNdG1wPIRwNtiujQ9ryKtW9YPGeoaGSjvlZRyt0tqAXRjG2peb3CmfDVPZINwV7l8UqAwspL/FH/Lp8Ry/6FeU9W0mmeO5xN/lzsB/Neh0tuVhnkPJUd4Ln4eXowSfJPftnLV6gWioiy3uMheC9O1pp68Oa7Gkg/de4dNVja2kznOAE2+OVlG3xd+6G1l9YKrxY/l5T549vurOVmRzyqCncaKvEg2a7Yq/8XxRxhc6xYPRVPKAtPhnA49ER+NBOECXyuBT2Pa5iQzZAjSMOThVFUwxztk43V3M4A8cqtujR4OoN3ByijLLKlEA9xNQx/YodQR33CRP+6skxkhOlGuEOG+Fu0trjPJz9XUp1tHjPXtp/h11dUxR6YpTqwB6qnD2vpTj8QW/+JFtnnoWVbOGHBC83pZS3ye6+heI1G+HJ8M+qNF/HtlhYyKPLH4cN1obLUCV8cbjv3WelOJiQrOyPAqgSey9DCW5HhqrfjmbWjmAkEYwBnClTNOdlVxgska/Cs3/AMyAkclSUEz0+k1acUi2tdwZoFO9wB7FBuzSHiojbgjlU8Mxp5W54J/Qq/mDZqbzbkhcnU0ZeT1Ok1m+KWeiVSVJkiYTjOFPhldsFn6GTTII3HZXcLwdhuuTbVg9Xo798Cwb9K6w55QYnN2TmnzBZdqOpCWSRkpAnKaCuoDUPOMKLIjvPohuUBl0Rlw4xulJyFx5yBhGZZPLGF2QQq+uYfD1AZIKnqNVtDoi075CoCUsEaMgtyDlOkGUGlP8kd9yj+IAM6UzAG8r3VZFR4LtsozneXPKgV4xUB7dlJjOYwPurFynkZKdaZA7JO+cFOd9Sj0pLHzNP9ZQgj5xh2xwoLnaKpvuVKqXZf6KJI0eI12VYlvBPqd4C4Kvqt25Vg8g0I9Qq2Y5Zyj6M1kiC4/7y0psnGE1/wD2ln5rku+yYZLJZMN8VT/7jAxkZXjjOPyC9g+KzvDsI75cvHmcD7Bd3Qf7Z8Q+uf8A8xX+DrVx/sujugZwVoayzx6WQ7dmp54TGnIT9TQeU+vhYBnwxNA2RG9kxnZPWlPBTeQg4QzyuZxtlMyPVCCPPBQHEDJ7lPHBUd5JzukWSwh0FkDUSZOB3RKMEnPGEFzQXcqbSR4ZkhZa3mWRk1gNjAAQ5OyI5Dk2wnuOBAKR+RwmU7cv3Se7fCJTs82SEIbeCWNmphJyn9kM8qMDA+MEnZWVEzcEhRKZmXbhWUIDeBwjgjNayW0AN3OFDllfPOIwNinSv0t3KLbqR73iZwwB6pxKKJXSwifRUvgRNaR5juVaU0XmBwgNbkgAKyooNQUPZ6On460iTAwNAIT6iYRtCUgELcqoqagyvOlxKtLJtnLahkrNUpcBzuuVlwjpIRI/snMdjc+iynVF3BIpoCNs5KqfCOfqb4whmRR3etfcLg95OQSgloa3HdDj8pLiNynvBc4JEeXycOV3yPImN8ymwx4wccIEbBsfVTQQxgGEwy2Szwdke1jCDhVkxLpEWrlydu6BGC45SJspIcRhoKizOOfVSpS0DCjN3clTHwOxgjCdK8NaCSiBoDQQFDqTkkZ4U3fbyMinkjOLpZ88nP7IzxjyNGSU2NujLyrCw22W517Y2cA7rJM1aaiWptjVDts3/wALempC5tZM0HI8vsvb6GnEEDW6cLPdG2RlDRQx6BnAytNcZm0sGto4COqOD6zotHDQ0qtFPf64hrKRh3duUS1W9rIxI5uXu/ZQKeN9fXmd+S0HZaugpfINuFuhhIHUyc47USqSmZFGC0blTYGAbkJkbcDGMBGLgW4GxR/Jg5tPjXZPdJCfJq8vAQnkkho4TXHGTlGoI3zSjy5CTddtWT0Gl8duxBIn2qiD3+I5uSN9+yvYw1jRsgUkHgtxhSSQAcri33/I8nutDo46eCSQOV57DZdhjyRkJMOpw2U6CMAgkLDZPPB00sBqWFpG7eFOiaBwgxtI8oCkbMGT3SHIZwllj3nACBK8dimTT4UCapzt2R11ub4OdrtfHTwzkJVTbgZHHqq2WUgrtTISQf8AVAlkAK7eg0WHukfGvqn6oit0IsdI8FpUeCKatnFNAzU93C7HFPdaltHRAlxOCQvTemekoLJDrnDZZn4OojhehrxBH578956zVTcIs50t0jBZ4G1E7Q6d4ySey0TRg/dOauqTnuPITschw4XUklRY5JNXMhQIRQyTwiHhD5OFEskOKvv3UNn6Ytr7reqr5enj5djKpeufiPY+hKTxq8PmndkRwM2c9wxsP+q+eaq5dU/FS7tluBLGPcXRUsTiGMz/AJ8BPrr/AOYfVVu+6XRa9a9d9T/FWaS3QOlt3TrHYa2XZ035Dt/nlbf4ffDMUxYBTinjOCXHcuPqtF0N8MobRprLo5sk+xwG7EjufsvRhGxoDWMDQOMBMnKMFiIyeoytseiJRWimt8YZGA5w5cRypIbhPyEiRhY5ScnyZ3y8gmu3wj5GnlR3/UVzJ9Sl5YAQk5XMlcyEjsiIN8T2TXSDTx+6Y52MqOXg7EoyBTIM7kKJUVkcQ8z8e6jVNY1suiNxdj0R6KyvncKqsccE5DVCEVja25y+HG4iI/iV9QWmCmaGhoc4dypUMccbQ2OMNA9AiZ0glQg5rGgY9FGq62Klb53YKBWXeGlY4uO4/dZyoFVdZdZHlO4CJLJA91vzpm+DTv3PcKFT2+oqHCSXfPqrChsrYHeI9m/urJsQYMNGFbwiESltkUYBA3HspjnsiaC7YBBqahtKzUdyeAq59bNUHBzj2QEJU9w07QO3QKekrbjUYe0gHup9HZBI0SzHBO4GFaVE9LaaUEkAjv6ol+iwdJZ6Wli0ubkjckqovfVVHaQWtkHl43Wc6o+ILvDMFBLvuCQd153U1tRWOL5pHOJ9Sn11hRRc9QdY3C7yvjinLWhZ1udWXHJPdcAAJPqurTGvA1R/QQcJhJXEP6kYyMM9hNXuE179sAoeD6ruSryMUEhOcSTvsmJiSjeSdCTclJMVEO5K4kkoQSSHLUQQbzSBo7rOXfr2yW8lsczpHt4DVBldU7XiKNM46AXO4Cp7p1PabXE51VU6HdhheaXr4l3esc9tJIYmu2WRnq625SF9VO+Rzt9zsgOpV46T5mb+7fFWUh8NtgDhn6nj/JYuvv14ujiauseQewOwTKSzVk7gGxnH2WktfSE7wHSR5/JQ1L4dMjKRUbpnAgbu7q7t/TdVOWjBwfZbmg6OghDXODT7LRUlthpWt8No2UEXeQj1AxFt6HjLg6eMbeoWroOn7fQ4dFA0ux3CtSzgYwn4BAwMIzBZqrJ+wIp4/wAMbV0U7Ac+GFJ8IeqXhD1UFfIwfhe2EvCRAM/i/ZJwAGXP2+yjltIp5I7mYSQay60NKMyzcdlmbp1tShhFM46h6bofmSHRpnPpGrc5rAXOIACra7qC30UZfJJkjsCvO6/qm41mWGRzG+xVQ+pqZx/MlLh6JcrUjZVo5S/JG4uHX1P4Z+WDtR7BZms6tuVSSA8tB91RyVDGjAAQTWsb9RwkytZvhoYR5JdVX1dUf5kpOfdCbFrxndQ5rgB9IUZ1bUvyNW32QOw0w0yXRanwGbAgeu6a6op2bmTJ9FTmWTPmcV0DG+eULnkYq0uywdcKePYDfso0tznP0jAQGMJOAMqVFQv21N/NKcmw3GESMa+qO2MITpKx34tj7qzbQg76B+qI2kA7bKA7kirD5cYcclc+XkJ3HKuRS0/9G6Qia3gDZCTekU4o3kcbpv8AD5juGhXXht9F3W31UaTL+THRSC21HA/yT/4RO4cj9FdFuATlNMhBxj90O3JfzS9FP/A53H6h+ieLFITlzxj7K08X/wCXKZ4nq4/qo44K+Wx8ZIX8EgA87hn7LoslLz/opZlPuueN6FRJRK/1H7BCy0IH92kLVbQeBn7IomHr+64ZG+n7oJNNl5t/Z0W+3AYwF35C3egQDUNBwufMj0Q8F5mSPkbaPwNXRS20f8NqifMt/pK4ZGkYRJpEcpEzwbaP+Cxc8K3f/I8P6KAXtzwl4g9FG0yZmyd4FtP/AAm/okKe2d4Wn8lD8T3K54vuVWETdJk35WzHmmGUP+HWY5HgYUUyE9yu6nf1H9VCmpS5yShaLO//AIYGU3+AW0nykBBYXh2xKK6VwA2JUCW+P9TBO6YgJJjqgAeAVFk6anaf5cjSCp4qn55KO2qdtkKmslq6a9lDPY6yFmsAO+yiyUdRGNT4yB9lqhVkdvyTnVMbwNUbSPsqcMhfyZox2gjlc0+62Hg0Ezhrha0+uFHlsNFI8ujmDM+ynxjY6lP8jL6fdLT7q8qOnKtpPguY5vY5VXJa62AnXHn7KhisjLoCkkfKcHYrmR6qsDVJM6kkkqLEkkkoAJJJJQgkkklCCTk1ORIgkkklZB6SSShB45RBwhjlEHCgI1PTE9QgkkklCD0kklTYpvA5EahogOFcUBkckkkjIJJOSUIJJJJQgkkklCH63JJJL8gn7FEkkkoQckkkoGJJJJQgkkklCCT0xPUIJJJJQgkkklCCSSSUIJJJJCJEkkkgKY9JJJQBCSSSUKkPc0EaXbg8hUk/jWifIGumkdtj8J91eOQ5YY6iMxStBafVQFSw8MjFzZW77gjZU9VTSU0xePod3HZTHNloZPAe7Mbt2OP+SJIwzNB4Rjc5GUNUcCKU/Yq08PYFUzYvDJKsaOoc4CGR24GQiKcXLokM2KO0oSIw5yoLayRayFzB40Lc+oUdkjiRkcK1aQduVWVsNRSyiaEa4s+Zo5woWnglQSBo8wVH1Z0y27xCtoT4dZB5mPbsTjsrETh5GBhSqecAbhTJZmunr78xGKao8tTCNEzDyHDbK0McgdwqHqqyOjlb1DamYmhOZo27eK1Ptl3ZVxtmiOD+Jh7eydXa4sVZWpGljfjGAsx8RuhKXrizuhaGRV8LSaefG4PoVfUson45CmM754XV0msnp5qyHDOZdRyfEl4tM1FXTUNQDDWUryyaPjS4Ej/RRSDpEFbFs/Zr19O/F34SQ9X0hvNoJbdqdpJJ/wCM30Puvm45iDqatbksJY5rhuCOQvs30/8AUFeqris/d+jh6rSRcsxRVXC1SRxZ+uPkEdln6hgb+S3EE0tA7Q4Nlo3HYOGSxQL105HMHV1ET4Z3LW74Xt9NrY7lGTPI+V8Y198DGeGyTyvYOOCquqp5aSTDQXM7Y7K5kjLXFoyMHCG5uoYK6mUzxGrqc+CoYS4ZBAKK2TIw7k8lNqqYwPL250ndRvEJ2xsE1RRw7XsliRFutliqGGalYGSt32H1Kgw5jix7SHDkFbGCZjcNKj3O3wVseQwNkHDgOUMoYMtsK5JygZtrwfQfmnIdRTTUsgbINjwU5hACzuLRzpIKnoKeqBTwEB7J44QxyiAjCAtnU9MT1ARJJJKEEkkkoQYkkkoQ4QOUwg5REsDlQtMFgpI2kY4QTyoWnkCkjJr/AKSoVgCmkDCI5pJyAuaHeiAvsCeUPARk3BQNZBeQJiYXa9Iz64XsPwt+KonbH091FJ/MG0c7ju4+pK8kLThRyzgjbG4K5mt8dHWRxLg9d9K/Vur+mrt8JfZ7X7R9dua14a9rgWkZBHcKZS1UsbdJOoLwH4bfFKezvisN9f4lKfLDITu37le401TDUwtqIJA+NwyCCvD6rR26WW2aP1R4D6h0X1BR8+kln9r2mWzvBq24Gz0FsckGztx2QNe+xwVKbVRvAbKO2MrOkejjLB1zA5NfGMZJR2tY5uWOyPVNewkhWVZiSK+enB4CgzQkcjZXLg3GCECSnD89sLRXY4s599J5V8RfhPZOs4XSPaIqo5LZMZwV8zdT9L3zou4Giu1M5sedLJRsCfQjsvuGelwcgfusz1T0XZOp6YwXSka92CGv7tXZ0mt2vk+dfUv0lRr82wilP/B8c01x3GpwU+Cra/gglX3xA+El66QqJKymjFRQucS18ZzoHusLFOYiNl36NRG1cHw7yXh9R4+113rDX/Y1DcStyOyb4JOSqmmuMjSANh3yrenqoZW51b91oTRxZVtPg4HuiO3dTaO5SQuB1bfdR5WA78qOY3A7BaoyyZ5QUjW0lxiqGgahlEqaZs7dhusrT1D4DlpIVvRXYEhs7uE+MhEq5Q6B1VvfDyNlX6dJIWoDoKuIgHUCFX1FsaWktwEbLhY/ZUNe8FSGVLtshcfTFmctUY6muVZwHxItoKnIwcbooIKqGTHICn004AwValkXJYDk6OArO3XualAY4ktCrS4OXMbZyjUmuRVlas7NfK5twgbPTyDW3zDff7J1DcfGPgVHlkG2/dZKnraimdqikcB6ZU1tZHONYOiRu/PKYrcmaVGOjWyO257KJr1OyVWUF38WTwao6XcA55VjlMTTM047WR7lb4a2EhzQHjcO7rI3Ch8MFkjduFtvEzsRsVDraOGohLHNGTuD3BSLYJmqm1wPNpqSWjeZId2g7j2R4pmyNyOfRXNwt5hGG7+6pHwugdkBYJwaOhCzegiRKaybLcYSDSDlUNOF3sknENIxjdNd5VCg9HVTUc4nhcQ5pzt3XrXR3VUlRTRzCX+Y3Z7M9l481yl2661VqqW1FO4+7exCbCbTMms06vgfT9svFHe4XUVW1rmObpexw5BWSqrfd/htO6al8av6ee4YjLtT6ck9vZUNhvsdxp2VFLNpkH1NBwQV6N0/1HHWwCjri0uAwdXDgttclJHBdLo4fQSjqbffbeyeme2SKRuft7FBp6V9K98JOqL8IPIVFeOj7p05USdQ9Hyksc4me3tHllz/AED8J59VbWHqCj6lpBLB/Lqotpqdx80Z7hXwY5wx90TH9e/DYVzJLzZRonHmkY0fV749Vd/C/wCL81M42Pq+QtdHhjJ3nBHoD/1WuiJbwP1WR6v+HdNf5DcLdM2lrTu4lvkf98cfdCNpuhfH4b/+57lS1EVTE2eB4ex4BBBzkKVG/Twvmfon4mXvoq4f7OX0ObEx2nD+w9vZe/WTqK13ulZU0NU14cNxncFAYNTppUS/t+zQiQZxkIgeMKAJGgjzfujNmbj6v3UMxL1+y6HE9kBrgTsihwPZUQMNwupnKSLJCQkg5CWQqwQMkg5C6rwQKkhJKYIFSQklMECpISSmCCSSXMhWQ6kHEcFcJCGVTZCQ4Nd+IKuq6RzXfM0+zhyPVSW59U92COVRCvgrWyt+nBHIRs+yiVdG6KT5mm5H1N9U6CdsjS5vbkeihCQ6bDsYUaspIrjTupZ2tLH7bjj3Rn47nhDc8uP2UDhLazxnrLpt/T9yc1jSYXnLT2Wen/iFHIy7WhxbPFjODjV7H1XvN2s9Je6R9LWMBDgcOxu0+q8eutnq7BcDQ1TfI4kxv7PCM212p8M33RfV1H1Tb/FjyyogAbPE47tctGZgNsjdeC1ba7p6tPU/T7ix0eDU04O0zB6/uvVeneo6DqKgZcKCQujO2/b2TAL4e0aUSE5TSCTklBjfkI3KMygZWBw9VWVsB0FwCttKBPFrZhQYZisic5vl2JUelndJGYJdyw4IVtWQFh1Y2VJWRPhm8eLb1UIuw7i+leNswHYY5aV538QuknmX+OUELSxwzNp/zXpFLIyrY5pxkbOCBUUTJIpqCbzQztLQD2KM16exwkmfOvguhqNbQQ0+YLYWzwb/AGeptryPFDMtyq3qS0T2m5yUkw/ltOIj20+irqapqLfO2opiWuB9eVj1FCtiz1/jfIy09itg+iha6osF0EMpIw8tPsVpa2mjuVM2rpnAuAy4d1ZdY2qHqSxR3ykaGzw7y6RyFkOmbu6nqPlZzljxgZXmdVpHFZPuXgPM16ypfcWdDUmE6Jd2u2KrbxbZaSc3CjPkcdXl7FWlyp/l3OlYPI7cLsFRHUQmlm21jAK5GGuz1TrU1wTOnroa+m8GZwLgMIN4szXB0kbdiNwFRDx7FXtDs+G47HstrFJHWUgkDgQ4K0HBq2Ox9o8vqYvDkIxwVBk4C1vUNpdGwuDRkHII7hZKTgJiOBr9PKqeQDxlpUWYDClu4Kiy7qziXLJXyjBUR4wVPn5/JQ5BgqHMuwgQ5ClwvxjdQnIsLsYyVBMJ7JZLeE6tlYUMngPDsalVUrwBjOVPh8xzxlJk8He0dmVlmqqYG1dvErfrG/PKzBcQ4scMbrQ22fVAIieFSXaB8E7nEd0t8nWlnZvHUkphmD88rRU0/itDhusjHPtwr201YLBG7kqB0W54ZcyHxG7KbbqstxAR7KBHjOM8ozXeFLkNyAphHTpntlk1Ee3Jyk8ZwoVHUCSMajupu2AUqUcnXhYpIc0jZdegOy1w3RGvGkZKAcpApm698boMDjHIDhS3d1FJwcoCpPBa01RqI22U8tD2FpIIcFQQVGkgEK0hqAWjKrGTRTPdwyHqktlXpd9DjhXTnxVMAcz/AOYo0tPHWMMcg54PcKvpqiSjnMEhOAcbpMo56Nalt7JM0Za7IGF2Kd7CO6PK0EZ9lCJLXcJU4BKW15NJaLtLFO3zbDZwPcLb09S2oaC0jC8qppzqA4Ww6fujWtETjwsc4pHX0eqUpYkawDHByiRS7gEJtO4TNyNwEi0tIOn91lZ2ovKJbTkZWU6x6WjuERrqKINqGDJxtqWpglDxjG6IHjPmbkKgLIbkeedI9SzUlR/D60lmDpw5ejRSiTGCMHuvP+semJoKg3ahGWE6iG8govSnVYePlarOpu254UMrzWX3V/T8Nwo/mo24mj3Dm8rOWO7vc35OudiRh0gnuvQqV0dTES0hzSNwVi+rump4Q+60mPIclreynKLyS3jWOFAqKZvJau2G8QV8TYpDpmaNLgfVWE0J7cIu0ElkxN2tcgc6ojbn1CqIZpaWdr2kjBW8qqfByG7YWZu1uYCZYm4DjggeqCyAqyv2j0/oXqOOqhFG52SG5bkrcMl4JC+cLRdKq01LXseQARjBXtHTHUkN2pmtkkHigfquddVno3aTUPG2RrGSazjhGa87KFE/fYKUx+toOFzbIYZ1Iy9kpsgI4RWkKCXZOEeOUYAKzD08omjB5Cr6yJ0EnjRtyD6KY13snnS4FrhkKA7VnAGkqRK3UDv3U2M5AKoJo57dUGRhzG45VxSTCVgcDs4JeCpLBIfyD6J8TtWxOE3SkwYOScN7lCKDpJoc08FOQEGY3ymNJ4T0Nn1BTBAijVjNcZZjKkh3ZLA3yMo4fayGHw6mq5ICMAnIUqN/AR+oqIxaayId9/ZVkNRkjPK6FUhbWUP6it0V26erqGVgcJIzge/ZeM19A6s6eqKWZv8ANpHHSO+F7gyTYAjIPK836goRaOqSx7f9zuTSN+ASuzpLMvBxddp9yPFIpDT1Ae07g7r1roG6aXMaZPK8AELzPqa2Nt15ngidlhcXN9grroy4ujmEbpMFpXZxmPJ5/S3vT6jZ6PbagaxqbyOFaW6cywjV9Tdiqa01TaymaSfMBgqxoyY5wAcB2xWC+OD2VNu4m1XGw7KLTyO3jJ3CmygEBQJv5U4k7LE+zcmSH5Kg1zdUDh91Oa4OaT7KJO3WNPqqDZWROzTmEhPp/NDpJ3ygg4mdGdscLsD/APeDDjsm0ywzNb+iD1DSR1Nulhe3UCw7LwipaaSvfHghuTse26+hq2LUCCMg7YXh3WdF8tdXytbhuogr2XhtTiSifLvrTS7obyslfqdn1U6hOkghwBVYx+WjI4RoZcbZK9xTLcj4rqHsmb6leJadpzuAp9E8mHQ87g4Co7FN4jPCceQranJhqgzkOWlrB0tJqPtR2qj07KbRVbnQCGQ50jCDVs1DOFFp5PDfuVlur3Hf0mplCSaLR0hjcHNVzRTiSMOJGVRahI0FSaKoLHBudlx9VTxk9n4zWfd9xoI3nOxUuM4H3VfA8PZkKXGTkYK48o47PW1WZWQzXHIGdkUEY5QNQTQTlU0aVLPZIzlNf9JSacjKT/pKoZkhT5yD6IeSUeo3aWgKMNioxFgQ8KO8asgnZHyMKM/kqIS3gg0mGvlYDsDsMp7s8ZQsCOpeRtqCKeUYpvJX1zceYp9IRJGMkLtwZri1t/DyodBJmTw+FeDPJ4ZKl8sulRonATSDO7jlSahuDlVbJCa8jgOZshLJdU3yiQdlDe7LhhSqrJhx3UAAh2CUSWBdnBYxuzSvz+Sq5icEFTGZDMZUZ48xOUSM1hWu/wC1Mz7ok3KDPtXNxx2Rncphimzz/wCLf/zhaP8AEvH2/S37BesfGGTFniaPVeURcN+3+i73j/8AbPiP1tPd5H/odd9J+yijJcpU/wBCixcrTJcnlY9BmnbK7krg4KS0R6JhMO1OJ2+6a1J7c4Tl0LGuJ7FDBOV0jAwkdkt9kHZ8uVFlkyiPlxkY5UNxzuFlvY2CHglzgrOAYaFXQjLgrRg/lpdayS07Lyoz+ESQ4Kjvcn5FYyMG7tlNhGGtUSMZICnNGGgIQbHg6mMJJ4T0amj82cKYBk+CRSRA42U4YiG6BGwNG2yVRIW4B3TYvBmlmTwcy6ecMA+yvoIxFGGYxgKttUGXGdw24GVbsBzlGeg8bp9r3MNFyDhXdJEGQgnk7qrpotb2t9VaVTvl4AfQKHpE1WskK6VsbWGIHJKrYAS3U4cpsp8WUv4yiOeImg9gEe3jJltu5yRLvXsoaKR4d5iMBeeSSvqJ3SE5zwrLqe7srJzBATpadz2VZTMzys85Z4OFq7HZZyGLQG5TYwSUpOyLEAcKkjG3tJETdgu1DsMT2ANbuo07wfKil0IzuZFlySE4cJo3clIQAs8ux8Y5GTO32K5GMJmfPhFA2Qdsa17H5B5OFXucXVRHZHqH6GEjlR2gCLxnDdLmGng5NJjDGt39F6t8OOmhHSMqJo8vlId+SwXRlq/i11D3t1NjX0P0tZ2xwsj0howB9khrcz3P0x41R/8AmbFz6NFbKYU1MHEdth7KvvdUDEIQN3HZW9a9tJAd9mjAVJS0Yra0SzuLj29AFogj2luZE2y0IbE3Ld3brSwQiNoGMfZApKUQgHHGwUzILTsnp4F1UZeWdIaAeMoRPKTjg8oZII3KpvB0a4ekJrHTPDB3WgtlG1jBkbqstdPqm8QjOFpKdoaM4XM1Wpf4I9D4/R4+9hhiNm6Bq1uwnzvzjCfBFk5XLk8HoFwuAtPEXEEhT2ANAAQoY8BSA0AZWZvJYVrw0ZwmTzgjYj9UCeYNGAoTpSdiSmVw3PDOd5HyMNNXww0tRnbZQpXnOVyV+DkqNNUN04OAPUruaTRvs+KfVX1eqoyjFjqmQAZyNgm2yirL7VtpKWPyn6n+ibaLRWdR1vgQtIpx9bjwvVLPZaKzUjaaljG3LjySu5TVtR+ffNed1Gtse1jOn+nKGxRjwYmulI87jvur5r9QyQoh5RmDGU7o8xNufYRdHK4kgACgjCWR6oeSlk+qgYQpoB9U13Y5XDUxMAdI4Nb3KuMchBl5j8TvjJRdFRvobZC2suI/4ecY/NZr4u/HKloC6x9IzCepOWOnB2GfQeyxHwz+Et460qxe7sC2lBLppZMnOew9VpglHlm2miMI/Lf/ANitsPTPUXxFvMlzurXVNVUFpx2jbvgL6O6J+Hdr6SpWyMiDql48ziOPsrnprpy39M0EdHSQjA3JPOVbudqCXdalwhV13ycR4QzABykSMIZJylk+qTnJkzyIk52KWSuJKBocSMcoZ3yuavdDMjR7oCDwe5Ka6o09kF8medsKHU18cecuxjuoQkz1LWDJ2Va+aWteIKUZzs444UWJ9Xd5/Dib5D+L2WpoKGKhhDGNGo8lE3ggC2WSOjjBe0PcdySrPSMAZ4XS4juotTViLDiON1SeSB3vEe5VRcLuJC6npzxyQhOnr7lVZadMeNj6qXS22Cnf4pbqcfXsiIV8FpfUMZJU5HOArCOkELQGjCl4zgBCqZRE3LlCHM7buVdV3IxyaIMOxsVHrK9z3aICfQqXbbOT/vFTuT9LfRTJCJFRVtfJrkBA/wAleUNDT0sTRoBcO5TnTQUbAwkALJdVdawUjDDB5j3IKPG4tLJd3rqmitEbnulA7AbbleXdQdWV13mI8ZwjGcAFVlfcZrjKZZXEjOQCeFGcMfkn11/sbGIMkuOSmJ52TFqSwWhIROUVCTB8EOLgQhHlLJ9UxQIKSMcoZ5SyfVDzlQM6kkuZGnWfp9UAKWTq4TgZwoFwvtstkRfU1AaewWEvfxHfK10NA12kHGo7ZUNENNKfRv6u7UFDE6Wqna3HAzysjeviNRU2W0gLyPRebV90rq+fxKmUu9B6IVNRz1btLGkkqHQr0cEszLO5dXXK6SOEkzmNPABVT4b6h+A4kn81prR0VNVHxJ2kBvYha+2dKW+jIc2BpcRuXDKg521Uf7Z55RdL1dXuIS777LVWvoiCINkqAM44AW0p6BrMYa0Y7AKQKbJG2FDLdrpy4RU0dmpKVuGxZ+6saelxgNaAFJbA1uMhFAawYAUMc7nPsGIWg5x+6foZ7LmlzjtsE9sZG5/zUEjHRcELgiz3UgtwMuCBPXUVIwySyjPohlLBEm+ghZgZIQJqiGnGZn6Qs3euu6alOmAavsVibt1jUVZcXTuwfwtKS7UjXTo52dnoVy6qt9JEfDf4jvQLE3XrWsqCWwhzBnglY+quji7Ic4Z91CdXHBJc79UuVm462m8fCPfZfVV7qqjIlkP6qtkrA0EgKomrSTjUQo5klmOlhOUreboaaMOi0dc3ZORn0UWor5jgZGECOiqpDqB2Kkfw4MAM5yhlPI77V2B+Ze45yujU/fTklSBHQM2ByUYPY3GiLAQOZe5L0QmUtRIR/LOFKits34gjfMVAbiJn/ogiaodkOkx7FA2wHJvhBYqCEf3pGyKYqBvPZRDPGwHxJgPfKizXagi5mBKpzRfxTfKLcTULdgwZS+Yaf7sZWcf1HQtyGnfsojupJQfJt6Ifliux0dJZI1/ikcswk6oa0ZOMLFSX2vfxLhRZbhWTDS+Y49iglcl0GtBPPJuHXKlad5Rt2yo779SM7j9ViNUhOfEd+qYWk8uygV+TQtDF/kbU9QUWO36qM7qKmGSNvzWR0n+pc0H1/ZU9QRaKtGoPUjMkNemG/Snj/NZsMAOUZqW75ehi0lRdG8TH8WPzTP4vN/V+6qU3BU+eXsGVFcOi4/i0vqP1TP4tMRsf3VaOU8AY4U+Z/oiriicK+oJJ8Q/qifPT95j+qrl3J9Sp8zL+OJNNQ8nPiH9V35qT/vD+qg5PqUsn1Kr5SfHEnfNSf94f1S+ak/7w/qoOp3qUtTv6j+qtW5KdUSybVSZ+o/qiCqfjn91XMLvUooJxyUakC60uCcal/Zw/VdFRLncqDqPqU9sulFuQr4kTvmX+qJ80/wDqVdrPqUTxPuryifGWDap/9QRBVuxgkKr8T7p+vBzuVOgJ1ZJ3jn+lFbUEnBAVe2TPZP8AECpWc4A2FmJWkZyP1TPGIKh+InCQFM+RAbGTfFd3Ce2odkBQtYXQ/vhFvK2stBUuwCR+6IJ2/iZkKtbOOEUSg9kOUC4uPRMNutNaCTE2OTHOFBqOl2BpdTyBx9Mp/ieyLDVOjO2f1V4K3zXKKWe0VkLdXhkj0woRBBwRghbFtfkYIJ+658tbql2t8LA487YyqnEOGpkvyMcktBV9Mh5dJSP47KnqKGppiRLGdu+EJqjfGRFSSSQjVyJJJJUQcmpJyLsptISSSSssSSSShAg5R8jRjKjpZPqoQMeVxJJQESSSShB6SSSgA9PHKE5FHKuKFsIOF1cB7LqIockkkoQSSSShBJJJKYIfrckuBwPBXV+QT9iiSSSUIJJJJQg5JJJQMSSSShBJJ6ShBJJJKEEkkkoQSSSShBJJJIRIkkklAJsekkkhbwCJJJJUQScw4cmpKAHKuniq4hHI37HuCqXx30dUaKqBwPok7FXqbV0EVbCWP2d2OOEYZVvOlhd2wvNusOo5625W+4WaJ2uxyudJn8W2Dj2W7nNRQRupa44jBwJFgeoLdLbLl/FaJjp6cnE8TR9TT3Rj60pHpPSfUtL1Ra2VkJDZQMSR9wVdj6XLxKx3mXpqvbcKCUPoKl+cDlmT9J+y9ot1XDcaNlZA4ESAEjPBVC7I4Ydhwd0QhsgwQCEIjJ9FyMlvfKgkqquGSim8wzG47H0R43bAg5U+eNk0Zje3IKpZRLb5fDky5jj5XIJFqWSza8EAOwR7rKXm2vslwfeKOMvpZwBNE38B/qAV+JC8bHGEdjWzxGGdoc1wwQe4VxeOQmiroqxxYyrpn62EZ27hXdLURztD2fmPRZh0bun7u2ma0/w6pGR38MlXEcbrfL47DrhkGfLuPutVVhnsryXTX5GCQF498ZfhEy+xv6j6chbHWsBdPE0bSj1A9V6q2ojnAdE7ZPLtQAK7Gg19mitVtTwznW0Z4PiSkmkcHU82dTDgg/6qZTVclE4jGqI8tK9n+MHwkZV+J1P01Bpqt3VELBgPx+Ie68OFR5RqG/BC+0eG8rX5CtWV9nJ1Olx0Cvtgir4zcrYABjL4x/0WQeNJLXDcHGCtvDPJTuE8Byw/Wz1UK52eluTjVUD2xTYyWu2GV67S6v8A5meF8z4pYdlff6Mg/DvK5mR6FVVZThji6MbFW0rZaeV0FRGWyNOCEGSMPbwuxXYmjwGs0yl9k1yZ8yvjf6KXT1QdjUu1dIM5AUAxuY7IH7pzZwbVKp49FhV0kFdCQ4b42KzlVRSU+cDICvKWqLdijTNhnhI0jJQygmIc4voy7ctzkIyPV0EgOWN2HKijUw6SFmnBxFBl0HsmjddQBBAV1CHKICMKEOpJJKEHpJJKEGJ6YnqEEkkkgAGHhRi12TspK5gKFg8FJG0jHCCeVC08nC0E5ITXNAGQE9JQvABwwcBNwEZJAVkDgIJByjpYb/T+6GUdwJBmi1YW06D+KFX0q+K13LVUUHDAD5ox7eqyr4x6ILofQYP6rLqNHDUQ2zO34bz+r8FqFfpXh+/00fV1qu1Jd6OKtoZmyxSDIIP7KwadQXy/0h1xe+jp/wDdD4tK764HOxn7FfQvS3Vtq6rt8dfb5Rh4w5hd5mO9CvE63xluklxyv2fqb6P+t9F9TUqvKjalynwXrPHadUB8/wDT+FSKO4U9ZmInTI3ZzT6qMHYOQcLk1LTVREmTFN/U3bK5+Guz2sp7SfNTvO7P0QAdJIcN1FpbnNRTfLV5JadmvVmWw1UYdG4b8EKFSxJckJ7Q5Rp6VxALQpUsEsDsv3B4IXWnbCOFuwyXaeM1yU9VQRTRGKoga9pGC0jIXhvxH+BVNWMlufSjWw1Bc57oXnDHH2I4/RfQ89PkccqsmpiDsMLo6fVSj0eX8x4LT6+v47VwfCFXT3C1VL6K4UjqeaNxa+N/IIRaerLCHDYr6366+HXT/WdCaW5Uwjmzlk7GjU37+oXzP198MOpugarFREKqgc4tjqoyS37HZdzT6xT4kfFPOfSF2gnvq+6H/oV9NdMkNldjKtI5YZWgscCsc2ZwwHDcqbTV74DqaMj0yunC72eIu06j0aTR7IWSx2cZUekusEwDXu0P9+FPwHbjdaoWbjE4T6D0lxkgOBt6q2p65tX5XPAKoAwdtlyKZ8D9bTuVoTyJlVu6NDUUoIyByqyamLdyE+C6P2EuSFP8SCpaNDmg+5Rg4lHspTFoI2wiNJapdTRPG4ACiPY5m2FCsh46h3fdHjmzthV7OUdh23ULwS8jGcoeoA8oWr3TiQe6hWEGL84826uLZeNm01Qdxs1xVAD6lMfkb5TITaYudUZG215wQnuwWnLgs1QXkxsEU51EcFWsdYJgNKa5KRllS49HauiZMCVnLlbtGdIWnM2BsOVDq42yDYcpVkE0Npm4mNkiMLwCETU17ccYVjcKLVlzW4wFVEPjdxwVklDDNsZpjvDcuOaHDGUVrw9uMIfhEDJQtBvgAQWuwU/nddADsghDLhFKIpDjPBUUsFFhaLlU2qqbUU8h58zexC9asl0prrSsnpZPMcBze7SvGQQMgHlTrHfqyx1QnhcS3PmbnYhNhbgxanTK1ZR9GWPqjwP90uIJDDgP9R7pnUPSDblI7qDpSqdSXPALRGfLN6hw/RZKy3uhv1K2aF7dZHmbncFaO03ua2P0PBdGO2ePsnKWTh3USrZM6e6tir6v+B3yD5C7Q5EkDj9QH4h91pwzHbCqblY+netYI55W+HOxuIZ4naXxu9yN1RUPUt16ZuLLD1oMMedNJXYw2Ye/oeE3DZkdMZc9NF51T0jbOrKD5WqHhTs3hnaPMw/6hecwydW/Da6COpp5nwRuyyXB8F7fU+i9iiIO43B3Ra6ho7xRuoLhCJIZAQQqCjqZZ2T5iLov4gUHU9OzU6NsxHmZnv7LZMczbDAvnXqD4eXzouT+OdIzz1MDXEyQZ/mMb7HuFqegfi/HWuFvu7wJ2YaC44yfQ+6gF+kjKO+jlHtDXeyJ4mk8Kvoq6GsiEkRBzyFJEjSFeTmf5JokyiB4KgeIc43RWSFxSyErJSyU1rhhdyFRDoJzuUQEYQE/JVrggRLI9UMn0KR34KvJAmR6pZHqh5Pqlk+qmSBEsj1THdt1xwPqpkgQkY5QyTlLJ9VxU3kh3JXEkshUQS7kpiShDrhkKor4HW94q4cmInMrBz91cIc7GvGHDIOxCtLLIV0NVHVRiWF2WlEaqWrpamxVfzNM0vo5D52DfQfVXEMjJo2ysILXDIIRSWCBBwVR9S9O09/oXQSNHjMBMT+7XK87FC07lUnjkOMmmeIyRVNtqpLZcmaZmZBBGzm+vuqmOsrug7qy+WmJ81sldqrqNp7nl7fRew9ZdJwdQ0fixgMq4RmOQcn2K82pXTN1Udwg0ysJaWnumOW46FVqfEuj0iy3u3363x3O2TNlhkGduWn0PorVrwfT9V4ZR3Wp+GN1/iMBe/p2qcBU07d/Df2IH6r2S2VUFxoYrlSTNkp5m6mOac5VibNPs+5dE/I9Vx5Gk5Uck55K5k+qYJbGSta8FpGQVUV1MYjs3U0q6QpohI3STj8lCR7MdU09VR1XztO46PxNU4zsq4dTXYP+RUm4RmlLmyjynj3VSGvpyZIzlhOSPZGMTwUXWlg/i9pkMbR48OZIz74Xl7AHtw8Ye3yuB7Ecr3IuD8O7ei896/sMNumffaWPTE8AytaO/rhU1lHR0eox9jKHp+6stdeynqA51NO4ZbnYFZ3rvpY2aq/jFE/VTTebyjg+vsrgwR1UALe4y0jsVb2SshvFJV9MXCMF2gFuo/V7j3XN1em3Lg9j4HzD8fqE5fi+zH9PXZtzg+TqSHEN8pPcItVRvo35GTHnY+izt3ttd0jeX0UhLQ06o3DjGdgtXQ1TbrbwXYLsbry+p0+18H3LxPl4amK54ZyTwLnSeBUMBI4d3Huq+019Rbqw0MzyWA4GUUiSjlB3wP3Q73CKiFlfTDDo9nAcrC1sZ6Dcsbo9mguFM2rpi3k4yF53ebe6jmP9JK2nT1zdVRfLzOyQPLn0QOobT80x2gbgZCJcga2uGpo3x7MAdwR7KHI0YUyoDoHOjeNwcFQnglGzxt69EGcb7KHK0nsrGZoPKhSgZ2V4ORqERU9pwFwgasYXAcKGSMuSbTSnOFZwSYwVRxuwdhyrOmkGBlLaOppLXnBpLXUFpA9VIvdOZ4fFDeAquhnEZBx7rTRhtXR7jsks9RW1ZXsMU0FrtJG4U+hmLZGkHCBcoPlqgsxjKjFxPBwoZMuqzBs6acSAPBCmhweM4yVmrTXAkQErRQObp0k8qHSqsJVHVaJPDfsDwrxjssxqBWamDoT4mFa22oZOxuH7jYhRrPB1Kbf2TiCd10B3psibYzhcJGOEnZk6CeVkc05ac+ijvG6MGEFNlbgbIcBEYkhwwp1NMSAFD7lJkuDwqJXPay8gnJwhV9MJ/wCczZwG6jwS5xlS2P1DjKE2xnu5B0s7w0RSHPpnkJ9RDw4IFZF/xIyQfZPpqh0sXhyOGWpMo5GKa9nGZYQfRWFHVvgIx2UFzd8+qReWuBAWWccj6ZqDyemdPXumnibGTh523PdX749TQvKrRcBTytztvlei2iudV05DnZ0gYPssM4NM9HpNTGyPAcl1LIHkZb7KYMStD4yCEEs1A6twVHpJXU074pPocdvZJbwb+yxibHIHQTtBa8YIPdeddY9KVFmqv4pa2nQTqc0L0WaNw0ysHHdSHMp7nSupahoOoYVIVbXujweedLdVF4ax78ObsWkrdwSR3KAjyuaRuD3XmfVHTU3TlV49OC1pdkEcFWXTHU7mlrXvw4cj1TFhmVZXDOdTWB1krm3Wjy1gOS0K3tVwguFOHagXY39loddFe6Qxva1wcN89isBX0dX0rcfFja4073fkrGpl/WU4OwH7qlrKU6SMDBWjo5Y7jStqY8YI3GdwotXSZ4AVPlFtKZg6+hELtt/dWPS/UH8Nq2NlOADjOVPuFCHn6QsvXQPppiwN/NZ5rJnk3TNSR9B2mvjr6dsrCN2g8qyEvh4GF5N8P+qBAxlLUvO3lySvT4JhONuDwVzbq8nX096tjkntkDhldaSDyorAQfqR2uG+SsMq8M3RkkTopMDtujk6uCqxrzGR3UmOTUN0vDD5bD1EQnidG7uFXUUstuqTDMCY3bA+inmYeiiXCn+bi0tGHDcIMAl5HIHDIIIKe7cKgstfK1xoak+Zgy3PcK8a/wBkOARmotcjsIxnI3QnN2znhDY85wUBRLPCAeT90YHLUE8n7oAToPZFZwgg4KICCMZRkIV3hbNSOaN1i4X6J3Rn8Jwt1M3BwdwsdfaMUlYZg3yybjC0UzISI3jCz/XlrNfZXVMTczUp1tI9lcUnmaDnIU1scc0T6eQZbI0jddTT2bZpmTUQUoM+eeraVtbb4rpEwa2gCQj91mLXVGlq45QdiRlejXa1igrLl03IzA80kee4XmEjfAnfFjdpXo6rVNHiNXF1X7z3Ppq5gwxOa7IcBlaslwLXt7bryToS4vngMJdvGvVbVUNqqcB272jH3S9RDKPS6DUqcEy7jeJIdTTyFBrYXOZlvITqCQaXRO2IKlOZrGPVcqXZ3IS3IrqOfUwMecObsUZzdXdQHF1NUljh+JTQfEZsd0LGFNVxmKtaezkwu8OsbJ/UpN2jcYg9o3acgqDNmanbM36mEI4vDEzWUWMuHjOOF5p8QbY06qhkQw4HK9Lp8TRgjfIWe6ttoqqKQadwCQu3oL/jkpHnPN6OGq08kzwqJ51Pid9TUWElr8+nZR6nMVa8DbDiE5kzdRX0jRXboKR+bfI1bL5R/Rren6ombGQMLT4xKx45CwtknEc+ScLaQv1tDwcrp53IXpZYlgnTPMsRLOcKsbIQ7YKwpt3YPoodXF4MxIGxS5I7VVjSJdNMcAHdSmOIcCFVwP0424VgyUOAAC5+ojk7uh1jTSZdUVUcAHBVkyXIzjlZykk0vByVd07wQNlw76cdH0Dx+p+WHZNa455RsYAUdnZSCQAFjxhnZhLIkksgJKx+W0DeNjlQXZDirJ+Pw+igVAw3I9ULFTlg4SQCo7xjKK14cOUJ3dEomac88ECqyHhwRdi3GRum1rcxnHOUPOWgA9kS7AFUf3LxnkKlpnmOoacd1bPBIOT2VVVFsB8THc8JkkZ5vks5CHtP2VRNmOrhcB2wVZ0rjNFlVVyeYKpgcNgULWOSs8FjKMgKr8X/AHhwxsrQOD4w4cEKlmdond91UnkXJ5LKMgsUKqPm2KNActacoFX/AHzvsrQmx8FdU/8AaYj6p8m4TKn/ALTEnS/SnxWTDJnm/wAYSDa4wDvleVwg+X7f6L074uuApqZpPJOV5tEAWtx6LuaD/bPh/wBYy3+Sf+AdTs3CjxotUdwEyPgLX2zzkUkESSSTEUFZ3Ti/IxhNj7ru2OUxC5dgnblcP0ldPKTtmoJMiAv7/ZRCRnGVIcRkoQ5ysNs8vBojwgtMDnhWI+hQ6UDI2Uz8KKt4Qqx5Bu5KDnLk9wwcrrW5dlFNNAZwgkbMbkIyTG7cp2n3VJCm8jADlTqceUHCjMYCeFNgGGhPjwBYGacZKBGXz1Hrvhdmdjb1U23QxsjEhbkn1Vp5GaWl2TTJtOxzWtYrCMDSD6oEbRgKTA3xHBgKYerpq29FjbWAykkcKPeqzXIIGHjlSzNHS02pjcEKke4ySOlcclyNRHXTaW07Cz1VL1NdTRxeBG4ZI3VrPUfLxGT0XnfUFxdV1rsnIBKC6ahHBzLrHtwQmOdNIXAcncqawBowOyHRw6Y9ThglHIycLKsvlnMteRNbkqQxmSFxgyjtbtlPSETfoTtm8qvlkJcpNTIAdKiNal2MqMfY5qBUOIwAUZxA2QZN0iUscD4L9jGAl2yOW4YmRjAGQnyPw3CHKGbcvBCny52OwXGN+YlbSs31bJ058KN0mFovh9Y33G4sqnwlzM4GyROWODpaDRT1F0a0eg/DzpU0MEWuIBxC9eoKRtJEM8qp6dtoiY15ZgNGAravmLIjGOXIUn2fWNLp46atQiQrjO6rqRAw5Y0/qVb2yhZCxri3c7kqvtdL4kniubkDur+NgwAOE6MtpojDPZIY0aeNk3b1S2aCCd0LPumSnk01wwJ65DC6R4ASkIxlWNrpw9niFZ9RYoxydHR0fLYkWdBTxxxAhmFNH0oUbg1oGnhP0lxG+FxrbcvJ6qqtVR2oTQ5zx6KyposAHCBTw7tLgrFuljQPRY7J56Ht4EPKMlBnqNgAQuVE4OwGFAfINzlSiudr+052v1q01bbeAs8hcQcoBeQMkoLqg5xjKBPOXYaBv6L0Wg0eOZo+F/WH1jGmLhGR2rqg3uAMZU2w9M1XUOZJQGU3qe6l9PdKOuc7ZrhH/JG5ae69DjpoIABC3Su1GCr6PgHlvM2eRfLAW220lrpWUtLGGho3d3Ks2N8o3UYDHdHj4Iymo4YVJJJQDA9JMSUBCpLje6rL71Db+n7fJcLi/REzlElkiTfROr7lRWuA1NbKGRgZ37r51+K/xvqLm6exWDTFBuDMw7keiyfxN+MV16xuRsVqkd8s5xaxreXewXpHwY+ArLX4XVXVpfJWud4sFLIP7vPd2+/bsnJbeTqVaaOmj813/YpfhL8EK28zx9R9VxOZT69QglGHyt7H2H6r6OoqSnoKVlHTtDImDACe3buk7chItsb4RhuvlfLcx/8AouEjC5nAwULJ1JL5FjjyuLuRp5Q3OGDujBG5C4cHumEnKa52ByoEOJx3UaSXSMpkk4zseFSXC7Bkpha4yO7AK0skJ9XdY6fIdg5HCg0VBV3eQOOprHHfbsnWawVtfUisr26WndoPYLaU0TKYYa0ABXKOCEeht0NBEI4279ypDnNaNROyU0vhgkjYclU1TWT1zhTUeRn6neiXKLITay6QtBbGdTuMBCpqaWqAdU7Z3AUmgtENM7xnt1SHnPqrDQ3OQMKiEaKmbC3DRsUiA0ZJwEfYKmu98p6HUxvncO2d0ZAtfdaaijLy4OOOMqiZLXXt5fvGxNt9tqblUfNVTTh30t9FoxFSUNLpwBp/dUQj2+1xUrhJNpeQNh7qRU1QiaRqAwoFRco4Rl7seiwF+6knqZnwwyHHGQUca3LktLJP6i6tw407X59wsNVSmomdISdyiTZecuOT3QtPutEYbR0Yg0UjK6cDfKEZMgghO6LOJh4SJG6GSc8ohkI5GvOShp2cJh4RjBqak44KGSByVC0s9Bj6IeOyorx1jarW1zdZklb+ALA3zr+7XJ+mHEDP8OxKhqr0srD0O69V2q1BzKiX+Y3lqwV6+I9XUaqe3ucyPOxKyk1RNWP1zSF7j6nKLRWuprJmxwsO/JwodCrTwq5mMqK2rrXF9TM95PqcrlJQ1FS4CJhP5LZ2vok6h8wRjncLV0Fjo6IARQtzjc4UCsuhWsQMVa+ipn6H1WBnfGOy19t6ft9CQ9kLS7HJCthEAQCEbw2gDChz7L5yfYFkTW7BoCI2Jo4C74gHZcDZJNgw7n0UEbmxwAbwuNmB7KRHQSOGqQ6W+5TgaGDbIJ9ULeAZNgXRSyEaAnMhI+op5qmn+4OAoVZdKeljL55gw9lRIxcuid5Y8Z4QKq40dMAROAfdYe99fxwyGGnl1HHPosVcr/W1hJdM4A8YKGdqibKNFOz8kb68fEBkUphaQQO+VhLp1TV1r3B0rtOdsFZ6qqmkkl2ThQXVmFnlejr6fQVw5LWStL8kncqBJKMk5UVs0kjvKE/wny4JBCz2W5ZthBQ4Q185OyG5xPdHFO3BLiAPuhuqLZTDU+Tf7pLtSHKD9HGQtcQXtLlJGsNAigGVXTdQ0MAxC0vPYBQp+p6oD+THgH1QS1EUNjRZLpGhiFYT536R6Lkz6doxUThoWSlv1xmOdeMKA99RUEukkcc+pSnqBq0efyNi+6WSmdkyaio1T1ZRwtzS5cfTCywpjnJOU7wGuxwEuV8n+I3+HCPfJbVHVtVM0MjZo9TlQnXWulJzOd1GdG0fSAE0AjhKds5dsbGquHSHumqHnMjyfzQzqPdFw07JeHnhpVqUmW3FPgGxoCdgeieKepcfLGT+Skx2qslxpYr5YbsjEiPGUm49VZtsVafqbgIrOnnDd7VMAPUQRUpK9bZaccogtlK0ZxwijHJS1MX0Z4Ensn6PZX5oqVowW7BM8K3jkYUlHAHzt+ijDMnGEQQOG+nZW5ZbwCW8oQfHnYDAVqKYfysrhA8/hT/liRnH7qYainAxkIJnBJwArcAZSbAeCfRLwT6Ihlx2S8f/AApeChnh+65p90QHV7YXRgd0STYYHBSwUfATXAYRYIJIbIbmELmMINpWR4lx+FOEuT9PKHp91xuxRNcF9hgARlPwExuwCIl5YBzJHIRENyIjTZBySWQlkI5SwAGXQTnlMDx3KWtvqgA7DDPOV3LvX9kzISyFeSto8TkHhEEvbCBlvquB2OyPAMoJExr87orXgDBKhImSrUmgGskrWiCQEbqGHogenKYnb+iU17s8o7XgYOf3UDU3sU5rt/VRSyC6y2pq10bh6einCajmGJ42kHvhZ8S4x7IgnwMaiqB2tdFlW9O0VW3XT4aT6Kirum6yly5oLh9lYxVsrBhrzgK2pL1G9ojqmhw91CRssqfZg5IZYjh7CExej1FttVzZlmlrj2KoLp03JTgvjjJH2QyjuNEdSnxIzKSleAQcY2XDHjsoMjJT5RGSR9JXMFQPAFJE0+64dlBmRJLun3S0+6hMnEsFdHKeAMKEOpJJKAiT0xPUIOPCcBnuhHhOBwjM8gjCcgdkUcILPqCKCMKADkkklAxJyanKIgkkkk5Ih+sbHOBGVLaARyo8sYGCEopeGlfjs/Y+MkhJcByuqAiSSSUIJOTU5QtCSSSUCEkkkoQekkkoQSSSShBJJJKEEkkkhEiSSSUEzTEkkkgBHpJJKBiSHKSShAgIwuggHKFkpZKMvISqpIKyMxTtDmkELIXC3S2qoLJGB1M4eV2M4C2TXJSxwzMMcrGvaeQ4ZRFRk0eH9YdFV8TTd+mx8zCcumpB3/xD0Vx8Per3UBZFXhwgmAaCfwnsVsLhbJrTM6WmBdTyZy0b6c/6KifaqCZ/h6APEydQHCgxfd2eihwI1Dg8Lmn3WasFdVU8rrTXSFwYMwvcdyPTK0se42UFzWDiHUUrKuMxvG3+SJjC6DhCCngz8bzSTmnmJwD5SVZseCBsiXChZWxFpGHDcEcgqnpap9PL8lU/XwwnuoEnuLeqo4bjTmGYDjZ3oqi3ST0kj7RWjJaCY3k7OaraCQ43G6DX29tbCS3yzNGWOPZGngFxBmCSm/nRnLe4UpkgmYHMP3Ci224icfJVTdE8Y0kH8XuESoY6lf40Iy08hPrlgTZWmSh5tivF/i38HRUmbqXp2LFUcvqYWjyye4HYr2SnnbK3U38x6KSMObghdzxvk7dDarKzBbSmfEMGppyOD2RhjOoDBXtnxb+EbHPm6i6Zp/5r/PNTMGzj3cPReHvkLNsb+i+veH8xX5CtTg/u9o4ur0vtEe62mC5sySGTDh4HP3WSqKWaildFMzDmnnsVtGuJ5Uato4ayIxytyTwfRew0erfUmeI8v4KGpTthxJGGlAkyAOygy0/Oy0tdZjSY0Ny091WzUTgM4XcrtjNcHzjX+PspzGxYKJ8RB1ALsMjjsVLqIMdsKKWEZKeeetq+MKWgtKraii1ZcAprHkEZCKXNcNlJwUjM28lDITE7BHKTXahlWs9FFPuRuFAlpvDJACyypwFGWQa6D2XEhylNYHhBwurgIwlkKEOpJJKEEkkkoQSSSShBJJJKEEeFGLXZOykrmAgBB4KSNpGOEIg5ULTycSSSULApIya/6SoDgCuFoXTykhkskAuYNlLs14uXTtwZc7VLpkbs5vZ7fQhBIymuZkYWa6iFnE1lGvRay7QXK+iTUl0fQHQ/xCoOp6JjHObHWsH82Eu3b/1WzZNntyvkqN09PK2aCV8cjTlr2uwR+a9l6C+KFNXQxWq+yhlW0YbITgSAevuvKeR8S4N2U9fo/RX0Z/4jVeUxpfIfbZ+/TPVP5c7dErA5vugMbU20l9C7VGd/DcePsuRzbDHdFacrhNNcM+tqcbFmDJ1HcYLgzS4AO7tK5LTPidloy1QTTMkOpvkd/U3Yp8N0NHJ4Fwf5DsHIdpbWSTr1DB57oMkAkHopuiCpb4lPI1wPcFAILHFrhhHGW0VZVGa5KuppDnyhVtwoYauI09VAyWJ4w5kjQ5pHuCtIQCDkKJPThx2aFspvwzj6rx8VzFHzh8R/7PLHeNeuinFkh3dRufsf+X/5fReGVdPX2qpdR3KmkhkacEPbgL71kpnNxthZLrL4bdOdaweFdqUNeAcSx4a78z3XWp1jXZ80899FU6lys0/2y/R8btla7gq2orrJE1sb8OA4OVouuvgv1F0UXVtNIK+26iBLG0gs9isOyXTgE/uupRqdx8n1ni9Ro5bL4tGsp6mGYeV43RXtBwSVl45nA5Y7BVnR3N7HBsp29V0oXZ7OZOraWTwW4HKNBMWYI5TY5aapYBHJl/AC66B3GVo3Iw2c8MnsuGQGzuTpDBI3LH5yqpuSdzwjNJGCCryKcMBjH5tkhsmiTthdG6JSyTB3JSyUkkRQ/OFxNSUId043UmnuD4XAdh2UfITSAe6tPALjkvoa9kjRvuUR8vqs6yR8Zy0qbT1moYldwr+RsTKrBYSMa4EkdlU1lHlxIbyrJkrTsDnK65rXZygnhlxk4vkzr43wvA0omz24wrGspmnOlqgRxmInIzlJwad+SO6NzTshyNBGcZVg5rXtJx2UR8Zz6IZRwWpZIheWkDCIcFvK7IwHgIektKEPbkl2i6Vtmq21VHIWuB4J2K9f6b6lo+oaUEOayoaPOz3XizTyPVSbXcKu1VbaukkLXN535CZCbizHqNMrej3ynnqKOQSU0pYQc4B2K1dPdrL1HS/w29U7NxpIlYHsd+q8u6V6pgvsQa94ZO0btJ5WnZkHJA+63VzU0ee1FM6p88Fmymvnw+JZG2W6WEuB8z8zUwP4uDlq2NvrqavpmVVJI2SN4yCCs9aOo5aRrY6rLm8avRHqenmir/jfQ9TTUrnAulo8nwZnHkgbAORmVrKy+zUsOo7jhY/rX4WWbql5rrVi33UbxzRDBcf8WFcWq/Q1Ez6G5N+Ur4TpkgdyHe3srxpI3wfuqYEbZUyzE8c6d686i6Cun8E6yic1mkNFRvokHYg917bZeoKO6UsdVSyh7JACCDlVV7sNs6kt0luu1OJYpBjgZC8mu/S3WvworBdemPGuVkecS05J1Rj1z/6Kn0MVcNZzHiX/AJM+hWS69wjNd7LzXoH4rWLqunZCJmw1bdnQvduPz7r0GOcEbhLfZgsqnVLZNckxs7uEZsmQFB8QE4Tg45VAYwTw4JwfnsoQcdtypLJAR9lCgmcpZyh5CWQqIGyPVLI9ULV7pavdQgVJMyF1QgkkxJQg9NyVxPUIJJJJQgkkklCAJWNkbpcAQdiCs/OypsNT4kYdJQyHdo3MZ/6LSKPIGyDS4Ajgg901kIcdWyojEsLgWu4IRNYwT/qqipp3WSo8eEk0Uh80Y/A49/spjZmytDmHY7hTgslNlydgsp1l0k65wuuVrcI66MZz2ctKO6IJFXQ6qW18ni0fhXKKW3XKmxkGOVjxsT6hVVlvl0+F90EFQZKnp+ofvk5MGfReodW9KMrM3K2sDKhoy5o4csY6Onu0Elur4AdtL2OCucc8rs2RtWNr6PRqWvpLhGypoJ2zwSNDmvadiCpAOV45ZLncfhpXimmc+osFQ4Bg5NOT/ovWaW40twpYquilbJFK3U1zTthSMm+GZrqtnMeUSEwkBInIyhknPKcBgHUxR1MZZI37FZ2op5KWQxuB0E7FaVRqynirIvDeMc4KpPJa/SKIMA3GMH3Ue40ENxpZKOoaHMkaW4PunPEtHP8ALVGQCfK71UnSMBMGwk63lHjFXQTdMXR9nrm+QnVC/tpJ2CZV0zwRW0bzHNHu1wOPyXpXWXTf+0NvHghoq4DqjcR9Q/pXmtFVPcDTzNPkOl7TsdkqUdywdaixTSbC3iipevOnXvmiaLlRNPhvHOe/+S81st2qbXVGGVxBY7S4H2XoU8ktmnZX0WQC7D29iFT/ABF6eFYYuqbPTgtmA+ZDew/q/L/VcjW6PdHcj330t5uOkt+G98PomTRtr6Zs8eDkZ2UWiqmxuNPM3ynYgqj6YvUsEopZZNUbuAey0FdCxx+YjZg98LzVteWfadJrPkgm/ZS1LpLNcg5udBdqH2K1tLUxXGmbI3GdOeVTVFNFc6PS8Ze0YB7qu6cub7fVGhnPBwMrNFuLwdKuxJ7X0N6vszRH85DHgg+bCxzmYB3XsF1o4qykOluQ9uV5ddqB9vqXQu9cj7JyZx/L6ONS+SPsp5R6KFOFYSbqJLtumcM8nbHKK+QYSRJhvso5OFDnyW1j2cqbTuwRuFCAweUaB2CCga4NWmltfJeUj+G55Wus8oLGw5G45WGppcELSWyoIALT2SWem0F2WH6joWPj8Vo3Hos3o7HZbmogbV0/h4zssjXUj4ZdGOEs1aylr/UQKjmME4etLR3AnDiFlHnQVPtta6N2h5yOygim5x7NiXCenyeUygmNPMfdRqGqDhjsi1sQwJGDnlQ6ld+Fk0lNOZWhzRnKlNdntwqOxV8Jb4Ehw7sSrxpztjGFGdam5WQyh+3ZBcwnJTgTlOI8qXg0Mhv5TTthPk5Q3bISuuSRBIWkBWMcuWgYVMyTB4U6CTICAdXPLJ7mh452VbOHwS6mHAzlWDCNJ33IUWZmeQgayPlJ9hIqkPaDtnunk5VectcPLjHupTJmkBLdeQoXPpklr9LgMLYdNXgQytY92Bp0rGatRCl0FWY5hq2WO6s6el1PxyyewwvjnjD4znKDUR48+N1S9O3mJzRDIfbladzWSxhzMLnzjyepqnvipEWgrsf7rUu54KkOJicHMHuoFXTOx4jG7hSqGrjqGNjk2e0YOUlsdnjBMqqKmvdC6mqo2uyNs9ivKL/07WdPVZliDvCzkFerMc+mfnPlJRrpbaS/0JjexpcAopYZnsqz0eb9O9ROa5oL8OHI9Vr6unpL/Qljg0ktXnd+stT0/W9wwnyuVx091A5jmgv37hHkz4a7I8NTVdK3AwVUjvl3uw0njC1gY2qiEjDlrhkH2Xb1Z6W/2/JYCXNyMeqyfTV7nsle+z3KQmIO0sc7lqNPJalh4Lqso9+P3WeuNtY9+S3PstxWQMkxIxuzh+SpK6hc7cAIGslzhvRg2yS26qIaSAHbL1PojqOergbDPICW7NJO+PRefXm3Pc4yMbuNio1iu8torQ55doOxHp7rJZDJKpOo+iGnLd+4XYydX1cLPdP3yOupmNMurIGDlXh83HZYboYZ1arVNEzAdjBynMdpwoscmk4zlSHDWAQcLNhGuMuA7SCR5kcAY5UAHB3KM1+3JSsILGSLcaSRx+ZpyWubvsplpuoqWiCc6ZW7b911VVTE+lqvHjaccoMFGrBB3BCZ4ZAyP0UOgrIqhrXtd9x6KxLg5uMIZRABtk7YRAcoEjCxwJHl7lFaAeEos5JnbC7CTwVzGU5qpkOyN1KovdCKqjdgeZu4VzkKNUR62EfkUVbwymYmhkLHGF3IVixxz7+qgXGndRV2to2cVLgeHgOB5XSplkzy+7gyPxPtBZHTdQ0rB4kRDZSO4Xi/WVIY6hl1iaNMwGoAYGV9LXahjudBLRyDLXtI+xXhl+tpFPW2ydvnpySz7Lv6SfHJ5byml5bRl+lLo+kuDHF2lrtnD1XtFhrxqY4O8rgAV8+0czhOA3Yg4XrvRlxbLCxkj8ubstlq3Iy+J1Di9jPTYMa9YPdTRIQAQOFUUsgcGEFWzHAtBXNsjhnsapZRW3GIl/jY5K5SztLMZ45U+ohEkTmkZ2WfhkdDVeEc8pQ/JPuOHQHbsqaMhsToTycq+eWyN0nsqEYp68h+cE7K08AzWUSrXIWAwuPm9E6405mheCOQcqNSuMd5b/SRwrio0k/Tst2nngwXVqcXFnzh1lSCguE0jRy49vdZ+CpORsvUvihZGtjlrI4diNS8nYNPZfQfE6hWV4/R+ffqzx38TWSeO2XdDVOZu3lbywzmal1PG+y84opNJAPdbbp6q8RvgkYwF6Oto8hXL47EaeMkEH0Xapgli1Y3AQI3YIwjluYypJZOvCW4gN2cMFTITkYyocrfDdpKJDJpIyVmshuOhRY4lpE7BBHZW1FPnAOFSxvGnCl0bsOySuXqav0e18PrIwSTNExwxnKKXbY9FXxyOcAMqUx2y5Fsf0e1qtUlwF1nP2T2uQk8HYpKZpTyOJ9T2UKpzpwFJPKDOzW3CnYuxkJrznGU5Rg4+M5p20o+ctTYxyY5yBTDU3CgtJ1EKwJBJVa84qnNxsUWGLlLCOnhVNzz4RI7Eq1mcBjdV9bpfG5mM5UwxDkGsk+uDONwoXUUYB1hEsLhGDG48nZE6ii8Wke8BVkrcKll1UjNO40hVlS0+KcqVYHeJRNDt8bINyAbLsFCDqRzi3BOcLlQP5pPsmUUmXOB7J9SQXqxE1lFdVYEjHeie45GUOtYQ0PynjdjfcJ8TI+zyb4wzYZTMHqvPaUkjJW1+LlQDWRUm5cNwsPS8EHsu1oVis+F/Vrz5KQqvfT7JjUpjk8pNWuHZ53lIImtI1DdcJATG7uTAmskgcJuSut4XEYKjh5OjlckOy6OUGoeOyVa8IL2AcTqKG3OoLn4k9h82650pch/0k2myACVJk+lCgw1oKdJ9K0ViXywbtiixDYbIOMEqVHwCmskkkPSSXQMnCsUSIe2ymYDW5yo0LdO/onzuw3H5ohFizgDl81Q1rd91fUkekAAcKstMIkPjEbnYK6jbobjG6ZE9B47T7Ybgurw24xkqbbY9vFKgM1TSgY2VmB4MYACcuztQlgVdL5dIKq3ShueEaqn33VXVz6IzKfwom9iyzBqbszaK3qa6tih+XY4B5Cx0bXVM+t24ByfdFvFU+sqXHVnJRqNgZEBj7rFOfyzwc+2YcEacALiScz6grxgxN5YZgJKNI7SwBchYSModU7AwETAissh1Dy54TmfSEM5LkTOGpUuRq4QKQkEAFDjJLt0pOSnsGMrPjLJnkIMYGyEXeJKGN4HKe92nb1TJC2khMr93uzpCXbLabdLU5y3egLmGuqmUdONRc4N/Ne7fD3pr5Omh/k+bAz7LzX4Z9Ny11c2vnj2O7R6br6KsFvbSQNw3ss6lvZ9C8FoFXH5posWRthYGNbgAKuDjX1RY36W7I9zqHDFPE7cjLiFLttFHDGDjLjuSVpS4PUx56JdLRiniAA37o8bcnGV0cLjiAEQ9RE8kd0J7tIyd1wu35Q3kFw3VN4HwfoPTh9RO2MDkrVUlP4bGgMAwFUWOkIJme3bgK71YH2XJ1N+57T0njtPsipMfho9AnU7S9+cKOMvd3VtSQeGwOcN1zJ2Z4Ou3gNG0MaEKeTjBRJ3AYAUKR225V11Ozox6vVR08d0hksxPKiSzOxkDICU8w1YUOaWWeV1DQu1SP7+i9HoNJtjwj4h9a/WMKIuEZDzUnOlrdzwtV070s55bW1ZBed913pfpVsEbKq4DXI3cZG2VsImYPGAOy68IbT83eU8rPyNrskEjaGgNaAAPQKQMYG6EON04AphxvYRFQRwjJjDQkkkkJBx4XMbBOJABd2CzPX3xAsPw8sxu97l3dkQwg4dK4YyB+oUxki+57Y9k3qzrKydF2p92vVQ2OIAloJwXkdh+q+SOsevetfjFfhbLNQzGGZxEUEbs4A7k+6hGs64+PfVb6cSvEAGqKnY0+HE0H0zt/6L6o+GPwnsvw9tzDDHruEu80vILccBNTUDrxhV46tysadnpfoofg18B7J0DCLveWmsvsjQ7W45bB6aT+f+S9afIG4HJK5gAk+qGWnOSVUptnIv1VuolumE1Z3SzlcGySRgA6/PY4Qi0AfUE+SZreN1ELy4qwwpd7oRcdyuE+pQ3OA3KhAmtRaupDBpJxlDq66GmhdNM8NaO5WciNy6rnfT21pFP+KoHGPQFWkQfWXeern+SoGanu21ZWg6e6YFO/52vAfPgFvoFbWTpuitVMxhia+UDdxCttLceQDbbZVKRAI8ozgYCh1tyioojI879hnlVt96iMDhb7e0zVjzgRt9fdOtPTtRIGV96f4k7txGD5Wn7KZIMjhud+f8y7xqemHI41K+paCGjY1kYz6lGiBDdIPlHZGVt5IM8NuOEjpaMl2F2R7I26nnA9VUTVss8roKQEj+v0VEJNbVMGI4DqkI2Cp22ZoqTW1g3PPopXi09uY+apkBeB+apKy+T1jTFESGnuVCFnWXQQeSmI/JRPng/JqZcfdVwBYMk7+5WYvl7E7zS0zvp2c5MhBssJ1N1AZ5XU1GeNifZZkHOSUd+DuTugvcAFpjHA2MRh5TE0yNyhOcMcow0sji84O6Ce6TskkZQlBqgPyVxJce4M+rb7og1F9IZIDsmjSASXBUF/62s1nPhSPc+YbFgXnV/wCvrndHOhp3mCHsGbH9UZpp0s7ZYa4N9fetbPassbI6WZv4GrBXbr+7XN7mt0wsP9Gxwsq6R8r9T3lzncknJUymtVdW4+VhLsqHTroqo7QOed8z/EfIS49yj2+21FxnEcbDjucLVWboiOJzZ7i5shxkNHZaymoKanaGQQMbj0Cgq3UwjxAzNn6Iiif4lY0HHAWopKGClGiGBjWj0AU2KIu5CksjaO3ChjlfKXZGZAfTGUaIAZ/yRQzOw3Umnt0sxBcNihcsCJTyRMZ+ndHgoqubBMRa098I81TZbc13jSB0jMggKnrerqmdpgoiWRjjKHeRJyLZ8NJTDVVEfbKjVPUFNGNFJHuNuFl3zTzv1zzOd65KFU3mhomeZ+SPRTchkKJy6Lqor6mpbl8ha0b4zhV8t4t1JtPU7rI3PquWXLY/KMckrKV3UDMuMkms+mUl3pGyrx85v7kby49cva5zbeC0DbJ7rH3G+vnkL6qpccnOCdlm6i8VE5LadpAAUOKmq6l2qqJwkzv9HVq0Ma1ksq67QOJDGkn1Va+41tQdDOPRF+Wt8QJlkwR7oE16ooWFkUQcRxhZZ3nQrpfpBY6asmy5+APXK7/udP5qh427KnqL3USZ0nSD7qBJM+c5e8kpU7GaYafPDNDUXy10jMwNLnDsFVVHUdZPkRAMCrXMGdhlEhppCAQ3OUhycx0aK48se6trJj5pSFHk1PdqcSSeVOgttTJwzAKk/wAGkGPEPPoqacuwnOqt8FOGNHYJbeivBaaFg1SPwu+HbGds49kPxlfMn+JSNI40J5p5zjw4jkq48e3s4jGfsmfxJrCRHHt9larZPkn6RWst9wfzFsiiy1z/APh/uphujzwSPyTDcp3/AEuOPup8RN9j9YOs6bDmh0j2h3cZRhYqWIgOkB9VGM0zjkPcSfdcAq3/AFA4+6Yqogtz/ZPZbrSwZcckLo/ho2AGyh/LzO5aTn3T2W2VxzwrVeAHNdNk11bSRMw1rePRRhdoG7g4T/4RK/GTt9k9tiDsZiH33RbQJWQ9sjyXsnZsiD/E53g+Y4VtF06zYlgUqOwx5/ugjVZXzUpGbNZOT9RQ/GqSdnuWubYohjMQRRZ4QMCAIviB/l1roxpbXP3BOF1tHWS4DyQtoLWWjDYhj/lTv4c/jQP/ACoZU7hUtavRkG2icjc4Rm2WfGNYWp/h0n9H7Jfw+X0P6K40L+oFa6foywsUurdwKkixR48zR+qvjbZT2P6Jfw2b3RfFFdICWtnIpW2WlzuUZtmpDsrT+HS/0/su/wANm9ELrwD/AC5/srRYKQjZ4z91z/Zhh3A2VmKOccNIRGxVjfsrVaJ/Ln+yil6VmG7JeexCiv6ero98Ahatr5QMFpz3TxNwXDYK/iXpBx1c12YqW2VcY3i4UIxvBwWkY9l6G6WCTyjBzzshi3UMwIfEN+dkLrS9DVq/2efEY2ykBlbmq6Uoahn8rMbvUKun6LqI2FzJB7ZCXKP6Gw1db7ZmBtlEG6sKnp2vgbr0h49goL4pYjh7C0jsQlOPI53wn0wSS7j0KWChfA07rd6pa3eq5pXdPuoVkJkpZKSSgI/JSyVxJQgTJSHKGkmgBwRhODgEHJSyfVQEkgnO5RAdtyo6fkqC8JhCSMbojXISeDhWmWF1e6WSgtznkoo4TMoVgK1xBzlGY7uoqfkqwJRyTGVLm43I+xV1QX4Mb4U+JWY4d2WbGyKzYjZQVZWn2aKe32m5xn5Zwied8HsVQ19hqqXLjHlvZw4RI3HnJCtae7TRM8OYCVno5QGMpQ6Mn4WMgjdAdg5BGFtJqC13NuY8QyntwqCttFVRyFs0RaBwccqYHwv/AGUvhnO4XDGfRTzC0DcIOgoJJvoerQGClgouj2XMBRPIxSyMAOU8cJYC7lQMSYknqEGJJJKEHrun3QUUcoxTWAq6D2TWfSE4coQAg4XVwHsuoiCSSSURBJyanJiIfrOT2JygDIOVwE55Ri0EL8en7LxtHMk2wUYHKhnLSjxkbqk8lBkkklYoSSSShBySSSgYkkklCD0kklCCSSSUIJJJJQgkkklAZdCSSSUEsSSSSEAekkkhayQSSSSogkkkkZAq7kriSIAc5ocC1wBB7FZa+WKaAmsoQS3lzB2+y1S6McEZChaeDDUVbHVDwZyPEZwe4WnslaZAaadwJaPKT3Cqr90sHvNztIEczd3sHDwqq23XxX+DNmKVpxvscqBPk37ox2KFK3GO6j26tM0Yildl4Gx9VMeNs+iEEbG4DnuoN1tUVbHrYMPG4I5BUokkogaCBvuVCJ4KGhrJIZPlKwYe3YOPBVyA0gbjIQqyghqQXOZv6qupqiamlNJVZ0/gerbwFL7glzoXPe2tpsCWPcj+oItFWMqmaX4DhsQVKGHAEHIVTW00tJMaiHOknJAUjYAyRUxupH+NCMtP1NUqCdkzNbfzHomUsraqHD8E4USobLQSeJHuw8haI27RFkMstRg9l458Wfg9DV+L1D03F/Od5poWtyXu7uXrdPUMnj1sPPI9FJzqBA2XV0Hk7dFarK3wY7qN3B8SyweDsefuh87r334s/CiGpEvUFggwXeaeNoySe5XhTotBx/qvsfhvNV6+pSi+faOLqtH7RBqYhKzS5VFTbTKDowCtA9mRyoz4x/SvU6bVPtHmNf42vUrbNGNrrfLEcubt9lTzt0nheh1FNHUM8N4znv6LOXexyxs8WJocBzgLvabVp8SPm/mvp2ymLlWZgtz2TCXNUl8ZbnykYQSNR4XRUlJZR4m2l1cMdE72QqiEPXdQaQE8yAjJQPoUirmgc08IJBbyFbua1/ZRJoO7W4SJQyHGWSJkroJyk5pHZcGc7hL6HZTCDhdXARhLIQFnUkklCCSSSUIJJcyF1QgkkklRBLhAxldSQggyFxEIHKGeVAhJJJKEApIyShWBiaWpySBrIILA9F3GPM3Zw4PouJJMq88Bxck+Gbror4oVdmmhoL2/xaV3lM2caD22XtFBcqevgZU0r2vjkAIIK+WpBnC0PS/XN16bkjgEhkpcnUwnj7Lz/kPFbs21H2D6N/8AEO3Szho9e24+n/7n0pHJkA4TpGRTNLJmNcD2Kz3TXUlFe6Rk0MrSXAZ3V1I/cDJC8zZBw7P0LpNZTrYKymSaGxsltgM1EC9gO7CeysqWupblEHAhrjsQeQVCY7sTlRqmmY5wfHmN/wDU3ZKayaXJMt5ad8R9R6oIeDyFGo72+mAp61pJGwf6hWnykFWPGpZWlx3Lcqk3EvBEfA2QbeigzUqsZGSU5w9pCG4By013NGDU6SFnOOSnqbZDUQmKVmx9Oy8j65+A1ou4fV2YeBPucZwF7e6MkIPgDO7eFur1M4vKPO6/wdGrrdV0U0z4Xv3St76VqDT3amLCDjI3CrI58nGF9zXzpSy9Q07oLnTa2uHLcArwLr3+z5U0T3V/TDw5u7jHjchdrS6xS4mfIPN/Rd+lm56V7onkUFY6E6mjBIwrWjvzYgG1O4Cqq22VttkLKyLRtsexUQSZOMcLqwnu5R4PUaV1Tddqw0bbVRVkfiQHcjcDsguiLRwSPus3BXTU5HhnCuaS9MkAbUgfqnqfHJisokuiVq3IwiNeEo3084zCmS00g3Gf1TU89GfZ+woIPBC6og1RndHZJqGccoypRwdSTs5SyFATmSlkriShB6SYkoASo6h0ZAUyKcEBVmcbpCY/ooA45LZ2l45UOeEcgbrkNSXEByNqDlCdEMtLTg90yWIFoOFNlhDsHHCC5pbgAIGshRlyQS3BwUKWMYGFOlizuG4/NR3DYgpSjgfuILhpKKwgjCbI3OUBri0quiYyTaWqqKCoZU0sha5p9eV6r0h1nTXiNtLO9rKsDDWk/UvJIyHjddY6emmZPTvLHsOQ4HdaKrNrM2p00dTHEj6QhaHtw5uCPdTaSsnoHh9NI5nqGnGV510V15FcYWUNxeG1TRgOJwHL0Cnc2UBwO2FrjNM8zfp56eW2RrKWusvUUQpq5raesYP5Up5z7FSxFeLYGtrQKuHhskfOPdY7wDsWjB7FX9m6mnpIhS1wMjBtq9vQozFOO7o0kUjXjLd0XUdtzge6iMjidG2roH6mO3c3OcI7X+oUEbWnlGD64+Ddj6lnddrM7+EXP6vGgGkPPbUBysta/id1d8PbnD0/8Sbc6OH+7hq9RDXY9duV7a0+yDdLPbL9bpbXdaVtRBMMOY4nH6JRtr1W6Khesr/zHWe/W69Ukdbbahs0b25y08K0bJqGcLwW9/CXrT4fSSXz4bXmSWlYdRtzic/+EZ3Wm6G+N9hvzI7XfWyWu7DDTFOMBx+/b7IUS7Rbo/JQ8r/zPWA8dk/WeyhB+wJBCIJMgBG44Oc444Jer3T9bvVRWkkg5KLqAG5VNAhdbvVLW71QvqXCMI9hAwJyiA7blCSyVCBUkLISUIFSTMhLIUIPSTMhLIUIPSTMhLIUIFJGOUA8pZPqkoQbIxkjS17Q4EYIIWfnhntEvit1SUj3b9zHn/RaJDkiZIwxvaHNcMEHuqYSeCFC4PbqaQQQCCF2QbgqC+Oa0zYBLqZ52/we32U9jw/jvwqDQiDjlZHqfpkTk3K3DROzdzR+JbBAe0dioEmeYmKC6Ur6StYHAgte0jhUFurrl8Na8RzufP09K7c8mnJPP2XoPUvTLpc3S2+WpbvIwcPH29VQMlbV03hTsDhjS5rh+xUQ+E8LD6NpRV1NX0zKuklbLFIA5rmnIIRTwvMqSoreh6r5mnL5rPI4maM7mnz3H+Hn7L0ShuFLc6SOso5WyRSDIcDlG+i51pcroKeU1yRdvwuK0hSREutB85D5Ma2bj3VJDK8v8J4LXM2IK1Co7pRlk7aqEfUcOCcWpYGDY5Xn/wAR+mnseOo7PBh5P+8sbsNPd2PVb6HzjOMIroIqiCSmmYHMlaWkfdUx1VjhJfo8Va6O4URaCCS3KHaqia3TfI1RD6abylrtxupvU9jf0pd3vjcW0srssPI3/CVGqImV1OCBvjII5/JIsju4O1XY8po8/wCsLDL0xdg6KQPpZSTBIO57NPurix3H56m8GZ4JxsStGYI+qLI/pe5SCOqgIfE49/ReaxuqrXVPpZCWSQvLXA+oXnNZpNr3I+tfSvm43QULH9y4ZrMS0U2T9BP7Kpv9O6KaO4wbdzhWtLVxXOi8ufEYMOBP7qM8eJA+mlGewXFshsZ9JjdGcfs7L3pm8RXOk+XccPYOCVA6ysgq6b5qIYdHvss1Rz1FhuDZtzHnBx3C9DhqIbnSBzcFsjMpafo10/8AzVLqt7R4zM4sOkqJOzO4Wq6xsgopfmYI8NJw4BZZzy4cJno8brtNLTzcWiE8KNJyFLlB9FFkBynQ57ONbH9HANwis2AQxyiDhRpYKi8MkwSFpC0FpqiXYOOyzbdlYW2q8N+6yTWGdjQ3OE1k9ApHamkZzsq270AdG6UN3Cda60uxtyrWoiFRFhu2UB6xpX14MC9pzvsuMeY3gjdWNzpxHOWtbgBVjx2IUOFanCe0vLXX/SCRlaKN4lYASFgaerNPIH9gtXbqwTsD88qGvT25W1kuT/c5WysG2VqaGqbPTtkG5xus2+MTRkcpWqukpKjwi7y5xgqzr6ayNfDNenHhBhc17dbTsQjHhUdL8kmiNOPRRnDAU5wyVGmZpwlNZCksoi/8RTYHAFpyFDcnRHjJQAwntZcRyZATn/bKiwbAbqVkaRlUboS3LBEnbtkBR9bmlTngHOygyDshxgrolUtTnZylYGAW91TNcY3ZU6GqBABSbIbh9Nm1misle+KZrHu44K9FsFy8f+U53bZeSRynIcznkLUWG8Ohc0l+HLn3VnodFrH+Mj0p7c8BVc8T4ZPFYMb9lNtVygrY/MQHYRqinD8ABc+cXk7sZblkVvqWVbDFI4ahspEfjUkuWnb/ADWfnbNb5/FhBxnJCvaGvir4Q1xGobJTGLDH3e0UXUFE6OSMF2PzB9V5JeLPV9PV3hvBDCfI5exU+qCX2PZDvdlouoKJ1NUxtDsHQ/G4KqM9rM9kM9Hn3T/UsrA2F7+OxUnqix097phXULQ2pYMnHdZu72Wu6frDFK06Wnyu9Vb2K+8RyO3757rTCaaMuNrD9KdRPcP4PdiQ9nlY53I9itHV07XN2Gx7rG9R2t7Jf4rQ7g7kDkFW/SvVUVfG2hrHaZG7An/JE2g42JPazlfRYJdpWMvFA6GQyNbs44+y9QrKVrgcALMXS2eJlugEFInEuccxwiu6K6hFC8U9Q7bOB7L2C3V8NdTtdG8E49V891kMlFVOLcjByF6J0J1I2VjIXOGobYysVte4Ki1x4Z6W0nO5UmOTbCrxLqwQEaKcZAcFilDB163lZZIlzqGEWFxIBym5a4ZKYDg5S8D8liwggDIQ6iIPi0DG6BHLjCJnPdLCwQKNz6Ct0v2a/ZaaCbOBjZUVVTioj0kbjhdtNbKHfKzuyW8E84QzQEo5NIQHDB7qPqdHIW9l2N+MFOkw8Z07pOARBwK6gZIKeHcoCx2SuEkjCad1xRdlMoOoaCRwE/LR2VZQyZIb6LXVMTZoXRPGzgsUQ6hri3fQSQt1LxyZ7E10WzSc5JXm3xCtJpbs25saPBqWhj/uvQTJqIwqnqm3NuVnmiIy5g1N+662mucTnaqr5Y4Pm7qCi/hV5kZH/dv87fzWm6QuBbM3z4BwEHq6hM9C2YNBlgGHH2CoLHWOp5m5OAV2K570eTg3pdUfQlrncYA4791fwO1MaQeVhOi7s2phEEjsnGFs6N+lzoj33Cz3I9rprFOKkTtlQ3mEwTsmYMZOcq7AKhXendPTeUZx2WNmqRFgqDI0EqBeW6Qypa05ad8JUkpib4Z5ClTBtRA5pHIwoik8lbUSEGGtj74OQtAzM0bHHkjKzzIzU0MlOzZ8OSriwzunocSbuZstOnlzyItXspuqbXHXUM0DmZGkkL51ukAo6ySFo2DiF9R18YceNu68F+JljdQ3M1cMemKQ6tuxXqfE6l1zSPmn1v4756Pmx0ZWmORnOFqemq1rZg1+zsaVkIpQMYVva5iyVr2ux6r29M9yPh8niWT0yFodv7IkL/5rWY2UC1T/ADNOHZ3bsrBrdJ1FaTo0WDa+nO8reAoTCWuG+FbyjxIS3GVTzjS/SOyB8o6EJ4J8UmRjKlwTFh1YVTTyYOD/AJqwZIMNIGyw3wydrQajEkjQUz2vaHB3KnRN2G6oaKo04GFcQSawMlca6vB9E8fqo2QJTuAutPqUMFJyxTjg7EZ5QRNecNJxlcXHHAQFTeSpqB4c5fwCnsfqaPdK5NJjJHYoFO8OG+y0QMVktrC+bJz3UOoGhwcpu3qodaRJEcchMwJlLJGmccA5UJ+STqUo4A3KjS4zt6q9pnnPJCopS2vdC3YZyArm44fTYcM7bql0hlex7RjbdXc2J4AG9wps9lQkUVjm8OrlgJwzVgBSbnEQ8kj7Kvps0lzeyUfU7IVvcBmPPOQgG7irpH+Yo9RnYqFSSYmDMcqdI3LceiADLZAuAJgOEh/dN/5V2oGqF4TNQ0NGeyfAwze08Q+KMni3lpPYYWRYcZwtR8T8m8ZB4cspq8uMLuaN5rPhX1PmXkZMbKckIjfpCjuOSixrTHs4cksI5ISBsnQbpkgyi0wIcEzJTeA6SIC3RhBzglGUnk4eFFlO+6lcAkqJLueVlukElkCeQiMHmQs5RWnz4WNrcw5dE6LJHKdJ2TYtmkpOWqEcGd9nWc4AUtow0KPENgpR+kBGVY36Gp0Y82cJqJG7GNlYuXRKiOoJk7suDQNzthLUW7plK109UMoiqY75pF7b6cRRNaB2U1+GjGEOBoa1v2RQNcoweE6Mcnq6EqoKIajj1HURjCkzuDY9yuxNDIzsq+41Qip3d8rTGKXLDsltjki1Mut+AeFmepayVkfhseAMdlaTVIihdK8nZYquq5Kqqe8u8oOAs2snthhHKslv5BQs1OGRyrONoDMKLTNBAOOFKaQAsVafZkslkSNAzLsoTdyplOz2T+zO5bQzWhrP1UCqdkkZU2bYbeirJOVVnBdbycjAzuuVDgcYK7kDZR3E5IylSlgYxZJ5T01OxulN4ChBzeEFZHrITaaknvdybR07SRkNG2cI5AigLjnOOy33ww6T8SP+I1DXh73ZAHostj3cHrfG6HdONMV32b7oXpgUFJEwsbqYBkhbxjWQRgZwAolppPlaXOOVy4TudEYwcJUFhn0aulU1qC9DYAK2udJp8rT+pV3E3QNOFW26IMgbgbncq1Y7IBwtUZYH1oedhlRJZiRjCPNKAA3HKiHbfCM1LCXIg88o9ugNZPucBhyVCe/UQAtLZaIQ0wLh5n7pF9m2O016Ol2WJss4IxG3AGAAna9S5r0jCfTxmQ/muDdPHZ6qpKCwSqGkc5wkfs3t7qykcI27Y3Q4xiMY7BR6ifGFmgnZLCFajUxpjuYpZSTzwoNRUZwNsIdXWY444VOZ57lVfKULskck8e69J4/QywpSPjn1n9ZQ0kJQUiU6d9XVfLUjdfq70Wy6Z6ZioGNqZ2apXbknlc6d6dioY2SzRAvIWlhGMDGy9BCPxrB+X/K+Vu8nc7LGTI8adhgIzQEGPON0ZqI5YRPwExPRgiSSSyFAgq4TsunZUHWnWdl6EsNR1Be5tEEDSWtB80jv6R7lCWk5vbHtkf4i/EOx/Dnp2S7Xp/15EMQdh0rh2H6hfKVst3Wn9o3q0XeuEjbYHljWgbQj+lu/791Mtdm6n/tI9XM6g6gnkp7RFIRFFpOkMzw3f919X9KdI2zpi2RUNHTMYI2gbBV0db/T8VWkkna+3+gPQXQVj6HtENut9MPEaCZJDu5zjjO/pstSeENox3T3OGFMuZx7bHZLdLsaScriR5XDsoUPTJXhoTJagR7EKI6UvKsgR7y4ph2SztlcLwFYQ17/ANlWXe90lqh8Wq3aewIz+6jdTdS0nT9KZqhuqR2RFFnBefT9wgdLdC1t4qW9R9YQkSZ1U1G76Ym+pHqqIQ7R07dOvZjUXEyQWR+R4ZJa6T7+gXp9HbKK2QtpqGFscbRjYYyit7pldXUdto311ZVRwxx93HCCTwQ7I8N2z7ZHZZGW+1vUFZLbOmMPZATHUVYd/LYRzg93IMdXdfiDVvbTPko+mdRwQNE1b/iP9I59eStda7VR2ijZRUMeiNiAhDs/TVLa4/FDjLVvHnnfu4q5LcgApNXHPaOThGQbp90OpnbBGTq83YKLUVbzL4VMSTnGyI+np6OP5mulLjyS45A/JTGSEVzausd/O8sONx6qsuN8o7ViGmIc49mqFeuppquUUdnH8s5Dn5VTDRSg65SCUSjkg8y1lxmdLMAG52Tw+Gn2kdpITn1MVPE5zjxwFna+tdO4udlMjHPYcY5Fd7xJLI6OJ23dUTwM5790eolBdwoM79PflPjHAzYJ7vdRpnZ7pPfnglR5HEYRhRjk455BTC4lcJyu6T6YUHxiESBBGc7KsunUlotAIrKgBw/CvN+qfiZVVjzDayYYeMtGCVDVVp52SSSN7eesLZZ9QkkDnDjdeadQ/EOvvDnsppHMZx+Sy09XNVPL5pXOLv6jlPt9BPWTtjjiJaTucIjqx0tdPMyMZtTsO3JVhbrVPcH6Y27fZam2dCweM2SqZnHGVrKS2U1EwMgiY0DuAjAu1MIcQMtZejIQ8y1beOAtVSUUNK3RDC1rRtsFYU9I95A07Hup0VIGYON1DDZqG+yvjpHHHlwDypjKaOMDDcFSmNYDggI8VFJOAY+PVDKWDJOeSE2MDGkKVBbpZ8FrcgolXX2aw03jVtQyWYf8NhyVjL98QK2veYrePlYfRgwSl7w41yn0bGurbHYWkVEzJph+CM53WUu/W1dWlzKWNkLHbeUY2WY8SaoeZppHOJ5JKj1tzorfCZDMHOGdlUppcs106T5i3FU6Tzzc43yolVfKShGdQcR2zhYqt641BzWHAKzFbdqyqfnXsd+UmV6R0afHNcyNvdusBJIS2TAxwCsxW9RS1GWsLicqshDpAXO3RmiNgy8fss8r8nRq00KukNc6vqyA55a37opoI2gPnOUKWviaNMZ3VbVVdRKceLgFJlYaY1uXXBZ1Ffb6UAMG7VWVN7knBbGdggfLPkOXb5UhluGzi3b0SZTch8FCC+8rp6iSYjWeExlLPLs2PlW+igi/vNiEF1ypY9owgaY2Mv8AlRGhtE7zmQhoUr+G0cQHindRprpMSNByFFkrHvHmJJPurxkLbOXbLVottMdcbA536octxhDsshIPsqxolkJ0NJypMFoutSRopXYO+VIxaKexfmw5uc4GBjCE6vm48T91Y0vSF3mwXR6QeVZ03QcmQZR90WxsRK6qv2ZQzveclxJPuuh0jjgcrfU/RVDH5nsyQpjOnbZFjEAyE2NOeREtdXHo88ioquXcRbeuFJistXIcBpA+y9GgtlGwYEQT3QRsAEcYH2CL4xMvIP8ApMFD0vNIQ6RpP5Kyi6VwzeNavwyOwC6GHsMo405FS11kjNx9ONYc+ECpbLDAACQ3KucH0Tmtd/Sf0THUkhL1Nj9lWyyQD8LdlIbZ4MfS39FOEfcZ/ROLM9krbyKdsn2QzaYR+Fqe2haMNDWfopRbp9/zXQATjUExQBc2yO2hH+D9E/5QAb6f0UhrB/8AKU/QcYV7ELeSE6BjfwhN8NvoFMMOTnSueF7IsFckfQ3+gJaB/SFIwfRdAOeCpgvcRPCzw1LwT/SpwaMZwlpHor2lqeCD4RHLUvDH9H7qfoA7LmkeirBHJshiD1Z+6Xy/sp2gJaAo4pg7iF8qfQLopcnBAU3wx6J3hN/p/dUolOzBBNuY8ZchG2QkcfsrMRk8D90vBPOn91WEH8rKg2iLkBCfb5WbRjGO/Kv2xjBBC6xmOQhcclfLMzJp6+N3Oyc2SpBAkBK0fg6huOU00EL9iwIfjJ8hStkaQA4BcdR0NSR40DD+StZLRSu3a3BUKa01LTmDOyr4wo3OPRTVHR1vmkMkbtGrsqau6NqopD4Dg5p4K1zKW4R58RpIRPHkiAbIzKXKpM0w1lkfZ5lVWytpHESwuwO4GyjafdesD5SqYY542nPtwoVR0jba2MthaGnnIQOrBsr16/qPNklp7j0NX0up0XnaOMLP1NBVUpImic33ISnFo1w1EJrKYLISTACTzlPVrI/sSSSShMj10cri6OVAQw4T8j1TB9KZvnKMAOuEkcJDhccqfRAiI1DRGpafIphgcrq41dTUQaOVJbjCiojCdfKJiJkrPon5KE3hETICwoeRuNip8VxeWCOpb4w4w5VyIBhXgW030FqbTT1OZaOQAncsdtj7KpqaN9KcSREe+FZtedQwSPzUoTMlYI6rDme4yhLTcezMGAHcAY+6b4GPRX1TaCQZqVviR8j1VWWaXEYxjshwaIXIhujIHCDoOVZSMGAFHfFtnCA0fKiMknFhHZNxhVkJSTEmJ6YrDyJdHK4ujlGWEHC6uDhdUEjwUQEYUVGBVdAtYCrmR6rmdkIE6uUaRaQdJcB7LqMo/V1kgJx/qpDXZ7KrZJuFOhkBYCvx41k/Z8o4JOAQUPJa7CI13smPblLxgWySwjGcpyhscW9ypDJAeyZnIqXYRJJJQoSSSShBySSSgYkkklCD0kklCCSSSUIJJJJQgkkklBLEkkkhFy7HpJJKFCSSSUIJJJJQg5JJJEQelnCSSgARpVB1L04yraa6haGTtGSBtqV+DhPOD3ULMNaLs9rhS1TtMrFraWu8VgBAJVL1H042fNfQjRM3cgd1W2q7Std8vOS2Rm26gXZsc53wutz6qPSVUdRGCD5hyFIaUILWAjdJGColRReOBsjncjBRCWloB2KprJRVsqDR4gqAQc7O7FSwWyM7EFdqYGTgNewEFVxdNQyCPcxngpbWGWcmjfQz+JDnQdyFNjkirIsEAnG64C2dm4yHKM+nkpv50RJHcJsWTG4AWyUM5LAdJO4U+nqo5dgcHuFFMrKlue45yhNcI3DA4WmuWBVkOC8iAfnBG/ZeL/Fj4TM1y9QdPU+nV5p4G8Z7kBet0052JU5r2vGHDIK7XjtfLRWqyJz7K1Lg+KZIdKjyNwOF7l8WvhWInP6jsEGmPd0sbeGj2C8WlZjbSvrHifMR1cco5Oo0afRXFrtXCc1oIwW7FGc0Z4Q16mnVp8s41+lUuGUF4sjahrjTs0534WTrLbNSZbI0/ovS8KFXUMNS3EjQV2dPrscM8b5n6Wp1cXOHDPMXsOckpkpPb9FrLr09v4lO3GyzlVCYnaXA7LpwvhNZTPmfkPC6rx3NkeCOyTJwRwieV3KHj90wP07kpmGzk9jZYWjcBR3swM4UzXnso8o3BCVKOey02iMQ8HDeFxriTglHIACAW7ndLwxv+QoO3K6o7XEkBHBGEGBh1MTshNUIcBOUYEY5QEslQgXI9UkAE55RgRhC1ko6kmJKiYHEjHKGeUsn1SwVC1wJJJLBUIJJLBSUIJJJLBUIN0+64WY7p+ClgoCsAHDBTHNBGcKRgpuB6IGk1hlRntC2W+V/TlQam3yYLuQT5SPsvb+kviDb+p6dr3yCOqdgGInfPdeDyRA4wMpkUs9M8S08ro3t3BaeCuZrfG1amGOj3X0t9c6vwE1U/ur/AE/R9VRynG4Tnz6iBheQ9BfFkyOjtXUhLXt8rZhwR2JXqzXtlBI7LyV+inp5bWfpDw31DpfN0LUaWWf2v0w+hrsZwfuiU4npT4tPIQe4yoZlLCMI8NS1425WaVTPQQuTXJcwXaOcCKtiAPGcIslt1DxKWVr286c7hUxOrsnwTzQvDopXNPsUtLaO/IllpaS1zcEJj2jGcqUyvhnAZVxjJ/E0brk9D4bfFgkEjD6chNhco9me2hzRCI/RCLdiBtlHMgA3CZp9Fohd+jm3aXHow/Vvww6d6rY75mEMmf8A8TGd/wBV4F1/8Gb90u99ZTxtqKQHHiRjj7jsvrF7Q7G6BJCyVhZIwPaRggjIK6On1s6+2eS8v9K6Lyf3OKjL9nwg9jo3FjmlpHIK49pLgey+qetfgr031MHVFHC2jqTk6mDAJXgfVnw66j6Tk01tIHsBwXszgLr062Fi5fJ8l8x9L63xXLjuj+0ZmCqngALH4wrSkvDnEMmO5VUBjY7H0TQ7zYIWuNzXKZ5GynczR+IyYBwO6e1hHvlUUdS9gGCrCkuY2E5WuF6xyZZ0yXROLiwbjKQecrnzFPPgNdlOMAAyiViYnawgO25SyPVMw4LgJymJ5KwOSThwuosgDEkklCBGnByEZj8AEkKKnasd1AMZJgmB22T/ACndQQ/B5Ke2bHdQpxwHfGAFEnj2yApDZAUpG6ggCTwVbmnJbhAfDnjZWckGd9KiPjPohGqSIwJYdgpcRZI0ZxlRnNx2SiJBQp4LZILNGSPRbzoz4lSU0sVsvA8vDKgu/Y/9VhcEjBQTGOSM98J1cmZ7aoXRcZo+n6GrhrIWzQPD2OGxByjloK8C6O+IFf0vV/7xrmonYEjS7On7L3S03ehvdDFX0EzXxytyMHj2WmuxPg8zq9HPTy64LCkraqidqglIHdvYrTUFygrYwdQbJw5p9VltJRqd+k/6rS0mjnGzY/OdlJieQRhZ6juelojnBPYEKzjrBsRuFnawwC2E+kYwsl1r8Kumevog+pi+TrmZ8OrhGl4PbJHPC0Uc4cFKilaBuFC4znVJTg8M8MbWfEn4KSimvVJPfOm2O8lY1xc6Id9Q/wDX1XqnS3W3T/V1OKqyVolGMlpGHD7haMhsoMcjQ9jhhzXDII9wV5Z1T8FI4Kxt9+H9wdaa5pLjCCfCkPuBx6bIZScTXK+GrjtmlGX79f8AU9TY8DlPfJuMFeS2X4sV1mq4unviRa3WqsPlbUluIZMbZyvS6aqp6hgmp52ytcMgtO2Cigt3LMdlE6l93/f0TmS74wjhwI5CiCUgJZPqU8UuSZqb6hLI9QouT6roJyl4IGa4k4JRQRjlRwRjcrgO+5V4ISMlLJTGvGNyu62+qHkg7JSyVxJQh3JSyVxJQgkkklCCSSSUICqKdtSwseAQRgqljfJb5/lqjJicfI89vZaAd1FrKWOojLJBzwfRWiAvEyCh78nuo7XvheKebYgeU9nBSgcjhB2EMxlZjqTpp4/96WxuHDeSMcH3C1S7Ic7quEFGWWebwTCVpic0ah9TXdlURCu6JqzXUD3TWyZ386lA2h/xMHYey1/UFikdKbhQMDZB9TQPrCqYZ46mM087RuNLmnsmmiLzw+jS0FdS3Okjr6KUSQSDZw7H0PopGQeCsFA6s6QqjVUWqa3zO/mwc6PcBa+jrqa4U7amlkD2PGedx7FFgprBOyPVCmiErdBPKY8kEHKI0bYymCclRM35eYsAxhPa72UqrphMw4GDzlVrJC3LHDcFQhH6gslJf6B9HVRBwIOk9wfULxRhrLNcXWmtcNbPKdtvyXvLX4WR6+6VprxQOr4ItFZCMh7eTjsUGDoaW7bLazziujdTTRXKHZ8bvMR3Cquu7OL/AEv+09ta0SwN/wB5a0buHb8xgqyt1b4jDSVf1NJaco9M0W+rdTvaX0lW0seP6fdY9VUpxwej0GvnoblbE84s9wfT1DHE+Vw0u32WlnaCRI3ghZvqazy9OXUxAH5WdxMBA2HtlTrTcmyQCKR2SBjleX1OnaZ9p8R5GGohGyPTFc4jM0M9lM6PvBpnut87slpwM+iHUj17KlqA5tQJ4SWvb6LmSjsZ6dWyqmpo9Bvdvjr6R7dIOtuy8krqJ1FUPgkHmYSF6n07cW3Ciax7svAwfuqPqzp4yl1XG0ZxumRkV5PT/wAyr5qzzyRowo0gAUqRpDtOOMqLIMLRFnjLYtcATykQewXCCHImkOGFGZF2JqkU0pjkGAouMEbog2Wa1G6p4wzW2erG3BWqpXCWIbrzu11XhuDcrZ2WtBaNR9Uk9f4+7fDAr5Qa4DKwbsOfuFlpIgO2Mr0SohbNTHABysldKIROLmDAKgOs0ufvRnpYj6KxtNe6IthPdAkjBHG6iNPhSA4yocmEnXLJu6WpGMYBXKiLziVgwqO21/Gok4V9DI2ojAHKh1arPkWS0sty83y0nONt1fNfnssWNUEzZWbYK0NFcBNGM9lDp6S/+ibLNAqgOyI2QEZKY/du6prg35RDPKY04cER3KGlsB8Mm0ry4jJwppdqaPZVcbtJCnwHUN1RorsE7g/ZRSDuph7oBaN8BAaPREkBXIXkO2KLIFEDDk9kDWRaltZcUkzSMHCnRyuGHMOMeiz8MpjcrGmqxjBWe2vJv097Rvum74wOaHHDm7ELf01RHWRB7Dk914fBPJFIJY3YIW66V6lAcI5HbnYgrnW1HpdFq2o4kbKpgL8AtyquES22qJIJjJzstBC5szQ/bhRauAOOkt2XOnHDOrGW4mU1XFUsDmHfCmRDJKytM+a3VJzksK0tFMyoYHsORhAW1kDfLFT3qjdFLGC/HlPdeQ3S21fTtf8AL1LSCHbHthe5M2VT1J05SdQUbopWATNHkfjdXGWDPZD2jz223Wnr4jRTbOcNs8ZWeudJUWGvFWxuYyc5CLcKGs6cuAgqWFuD5XY5Cvv5F8oQJGggtwfZaIyMks7i3sF5gvFGNLvOwYcFImoxMeF5zHJXdM3LXGXCLOx7EL0e31kdwpI6ljhlwyQrk9w+Esr7jJX+yP1ukazP5LIwzVllqvEje4N1Z2XrdTBq8rgCFhupLDKxzpGDLCcgpU4FTi4/cj0DpDqQ3KkjjmeHOxsVqQC3BIXz7ZL1VWKraC8hmeF7L071JBd6VrS8a8bLHOHs06bUyl+RpGTEY7owk1b4UBu523yjxu2Cx2RwdSM88klri07Ikcx7hR2SeyfnBylYGOWSYDlRK6me53jwbObvsjMeOEUHUEHYfYS2XITxhh+tuzsq2jw4ZBWTqWSUUzamHI33HYrQUNU2WJsrTkOGUrGRckSJMeibnCed0OTkJTjkFPI9JMBXUPRY48FZe/Unh/z2s2JWoUOvpW1NM+PG5GydVPDwBPky1M7XgE7qS5gLS12CDyFXs1UtUGyZAB0lWQfnsunRLkRbFJZPJOtLSKepqQ2PDJmnC8rbiGpADfpdhfRHV1sbVQtmEYOk4P5rwm+0bKe5ysYMDVkLt6afo8r5LTbX8qNp0Zcgyoia0gF2F6rTSCUNkadwvBrHVOp5GNB0vjIdleyWGpFVQiQO1HG4ymXLJt8XqcwwzVMIc3UO649ocMeqBbptcGHchGdkLBYjvQluRm6+L5aqJA29UWmnbjBwQVIvVOH05eBuN1S08xYQTuigX0SXRup67LNmyNR7G90dRLAPpydlyRviBkjdxjlR2PfTV7ZG8O5TY8MVZyXNdE97SGbOxsvM/inaZqy0NqYQP5Rw8L1aUtkAPsspeqVlXS1EEgy1wcCF1dFdstTOB5vSR1WknW/aPmUvdC8sd22Kn0dSRjZCvVI+kuUsLyDpcdwgQvDdsr6Lop/JDJ+Z9bV/HvlX+meodNTudG0Dvsf0WklaCBp7LAdL15ZoY53cBboElufVdAPTWB6V+rMbjv2VfXRGOUkhGjkcyUOUiviE0PisG+FDoplOJDnZWNLIHRhpI27qozhxOEelqPNghJtjlGvT2uuWS7p36HjdXlI/LB5sLMxknByragqNw1cjU1Z6PceG1a6ZdtOUQcKPG4ac5RRzyuVZFpnsYWZDnhCJGeUg4ac5QS85S0hrfAytjDoHeqpmybkDsruZ2BgjlZ5+RWln9Rwm1oyWk3W4jlBkJ0lGbhoIByhOaXZ+6djBmnLaQJHanYHZBKdcHeD5jwgNe1wyCjbwZbJ5By/3zX4VlTZLAqyoOBrHYqbSyjQPYKn0VCWOypurXU9wZKRsSreoxJT6hvlv+igX2FzmNmHDSpFJM2akBbuC0BJZoU8FQ3yTB3opxkD2DI5UGtIimGylgjwwB6KiOWEAl4d6YUIuKnTH+U/1UDsii8GG3s8T+IuDd3Z7OWSctZ8Rdrs7/mWTc4bLu6Oa+I+HfUCX82f+QD+QjR7hBf8AUEePcbJqeWcKxDTyFIixhRzyFJj3CZETPI/JSSTX/SU1lLsHIcDlRD5ifZFmO4wUFqyWPLNNfIwcosAOQcIbPqClQAHBIQxWQbCVGMNSHKcOE0coxQaIbAoiHF9IRExAHRwUSJu+ShjlSGENByMI0xdgp36QP+qmWWDxHCUt5VfIPEcA05JWitsHg0oBbgq0smvRU7pKQcnwwTz6IlE3URKeUCQ6nBSoW6GjC01rHJ3t2SaXZHos7dajxHmDPCuKmXRE6QnhZGeqMtQ+QZxlHnJk1moVcMMj3yrbFT+FnzELMRtycqZc6h9RUOGdspkEW3CxXP5JswxnuimSqaMNYCeV3Sl/SBthGb9IVRj6Ylv2MY0kgqwa0saD6oEDQ45UmQhrNKL8RDeWRqyY40hQ3YI5RKl3mUOQHbdInLI6HCOl2/OyanYCG1J3ZLSydKl0cIlc4kfTugRReI4D1Vq2FkcQY3bb9UmyzB1tBRue5D7Ha5bxdY6bBLGuyQPRfQfS9njoKOKJrMADdYT4a9NeFE2vnj88hzn0C9bpIRHEBjCQ2mfSfDaZ11/LNcsM94jjxpxgcKrDnyz9zk9ke5VGPIDuQlaYnavGPA2UiuTszn92EWdNF4bQ0qTqDRnKGXBo+6BK45ABynobGSQ6Ql5ySo1ROGDGOAiPl0NJwoMDXVNRgknJRN45GRl8klFF1YKJtU/x5m7DgdsrUgNjZhoAwq6gp/lIGtwM47I5m1bei5eqvyz0uir+OPPYbOp+FaUrBG0ENx/qodBThxMrxsOFOc8NGAFyLJOyWDfO1RQV0uluMZVZcKjRvsiVNZHTRGSQ5zwPVZSsrp6+pFJTyZkldp24aF3PG+Pla1NHzL6z+q6vHUyjnokS1U11qPkqIEkHDnDst10v0xBbIWTzMBkO+TygdJ9MR2ql1SMBlkwTnn/5d1qYYnbZ4C9PCG3g/KPmvM2+Wt+SwkMAOBjYKRG0bHCHG0jspMQxhMPP59hGjAwiJJyiWQxJHZJcLg3lEQ7rzsmg45KG52eFCuFzpqCndUVDsMbyhyGk28IdfOpbb01bZrtdpmw00A1Pe44AC+Ym03Vn9o7qp1zq5H03TFHIBGw7NI34Hrtz7q1utX1D8e+phbopJKbpi1v3I2E2T+/C9/6V6doOnLWy2W6kZBA05DAP8/Uqdm6Mo6OOVzN/+X/7QnSXTFs6Zt0NFR0rI2xN0jAWjByo7RgYRmuBzuo0c+UnJ5kPSyVzICWoYyFRQicIElYyL6hv23TKifSM42UBrXzyF7yrwQeXSyymQuy09kYDASDA1o9kN0vYDKjIEkkDdtt1m+o+qYbVooaSCSruE7wyOBhxn1OcHH6IN76hmdXR2CyUzqu7VG0cIPGe59AtV0b0HR2ESVt0m+eutQA6WcDygf0N3+nfhU2EV3SHQojnb1H1GTU3V4BaHnLYh2AC3ZGrlO0jOdsrPda9aW7om2srKyKSpqJ3+HTUkX95O7uG/bI/VVGWeCEnqDqK0dL2+S6XmrZDCwHS3l0juzQO6x9HYr/11XNvnWVL/D7fC8PpLSW+Z3o6bj28uPXdc6V6Uvd4uX+2XxCmfNc3uPg0B/u6NnbQe7sH6sfkvQWHOfXuUJATG6TzwpDe6GWhoyTsEF9cxu0fmKsgeapjg8rju7hBjZUVTyHx6W+vquwUL3uNZVnc7tB4AVTfOqPlm/K2p2qY7ZVpZITrpc7bYjlztT+3usdcrnWX6fVK8shP4GlCdTVFTJ8zWSF7zuQTlFEbYwMABOjEh2GnjgbhjQEGqqdDSMBOnqABhVVXUAhRRCisga2oL3Ak8KoqqjtgItZVebHsqqolzvynRjgYKWQk5UadziAAkZN8YTXvBG+QB3wjDwC3JXHMzu7IHrhQ7jebXa4jLU1IB7ALzzqT4tAMMFtLsAkEnuobqNNK3o390vVttcQklqRq7Bef9TfFFug09E85HovOrl1LW3ObXJM7HoSokdPU1ZzFEXE98KHTq0cafumSq6+VV0fmokc7JJ3K7QUVTXyiKGMkdzjhaSw9AVUmmrrAAOwW3t9qorfEIqeFrCfqKKMcjZ6mupYgZC0dDuMolriDjgLY09ugpQ1kUDG49AFPjopS4Fo2Ks4aKNoBeMkIznW6mUu2QIqKWTGgKdBQGHDpdypQxCMManM1SHSwbqm8GSU8s5HHG0bNxhEawvIawZJ4ASIgo4zVXKojggby5xWTvvxJjYXUnTcAPIdO9u/5JUpZDjXKZra2os9npjUXSoDXDcxn6vzCxd6+JMlZG+hs0Igh41AYJWQram6XiU1NZIZHnkkqvmr7ZbIS6eqY+X/u49ylztwbadJu9FoJ6id5kme6Qu5JKU9RQ0UJmqagMxwPVY65dXVPhGKiYYweSVlaq7yzOJqp3OJ7ErNK5nU0+gb7NhduvoRGYLcHj1J7rI1dxqq6QyVExcDwM8KK53igFrdj3XWxNB1ErPK2UuzrVaWFMcIcwE4yjtOnchAdMxoww5KA+aR31HZLc2N2bieawxeWMhBmq5H8uyoYcTyVwv075S5TbLjAMS7VqGycySBm8pyVDfWTM8jTnKayhrq1w8OEk+ynLGNRj2S5bkGf3GAFDluc8uxeMeitrZ0fcqt/89oiZ3JWloeibXSYdM3xXIlDIqeopq75MCPGqCGAFx9t1Po+mbvWEFlMQD3XpNPa7fSbU9HE0+undTGDTw3HsE5U7zJLyGOIIwtD0BVTEfOPMYHOCrWn6ItUW0mt+PdalxGPM7A+6Eaqjh5mBP3TFWomaepus6IVPaKGnYI46WMBvq0ZUptO0YDWgD2Cjz3620ziHyD9VAqusbfEzMTHPd2AKtShHsUoaizsvGROYNiiEE9ysfN1xIAPChdn3UKo6susoGkgAqvmqXQa01ku0b5pHqEGaRkZ+oe687d1DdH7+OR9lCmq7hM7U2aQk84dhT5Vjgb/AA2vyPSXXSii+uYfqos/UlqjxmfK8+dS1jmeI5xJPbKTaGoJ3Yd/dD8gyOlqX5M27+rbW3OHKI/rSlBPgbrMttsxG8aQs8x4bjKCVlj6YxafTr2XzutucEKO7reqOQyUfoqoWiXP0D9UQWeTH0ge6HdZ+w1VpkSndXXM5IeEI9WXQ5Hifuh/wiTszH5pn8Hl9EEvkfsYoacIeprtz4yH/tRdQf75MNmlx9OUE2abJ8pCS5Wr2Xt05MHVl1A2lOVwdYXxp/7Tson8En7OCTrPUAZyFN9n7Io6Zli3ra9N5kBR4viBdMgSiPHqGqj/AIZUcEj9E2SgqGNzjKnyWfsJ6eifRpW/EKoH1MBx7KTH8QwSA+MgeuyxXy0g5amGJzTgj9kz5rV7Aei0/wCj0qDrm1yAeJqB7qdH1VYpMYq8ErylpB7Iw2zpwD9kcdXZ0Jn4+qXR67Bc7fVHEFU0n0OylxtD+CD+a8XFZVxuw2Qj7FTqe+3SAgsqnjH+Ip0dTnhiZeP4wj10xkLmgf1fsvNIur7rGMGZx/NWtN8QJA0NqKbJH4h3RLUR9mWegsj0bgDflPAOVmqTrW2y48Rr2n8lcU/UdmnADaprT/iKbGyMujNPTWx7RYhgwu4/w/umR1dJKAWTtdn0KkNY127T9kaaYmacOwOnHZIMOcAKSA3gBdwOVYGQYiHou+GPRPJwuavZRJkBCM5wQjtaANtksj0XdXsrcWyDnNaQdgoT6CB4OtinrgGO6DCI5uKKiSxxSg+EdBUH+HXOlkIjJIG+QtU0D0Tmtz34U+LJFc1wzLm5TwkR1ETh742SkbbrnH4VRDG8H23WkfSU8+00YKra3pekmbqpXmGQb5CRKvAcL8PKMxWdBW6pBfQPMbjuATssxdOkbhbyS6Mub/UBsvQJrVeqODVHK2XSeyUN3fA0R10PiMI31DhDsya6tdOHbPJXQlhw4b+iHp916tW2Lp6+tLoWtglP5LLXjoS40GqSnHiM9R6JUqfZ0a9bCXDMmujlHnp5oHFksbmkdiEMAHhBhmqFin0PHC7gcpJIhmR6SWClgqmwZSwORGoaI1LQuQdJJJNKEnjlMTxyjETDjhdHK4OF0coxYZn0hOHKaz6QnDlEQIOF3bOcLg4XVBb5DxTSRD+W7GO3qnuio7gMSxCOQ8OaMZQWrrRgHCrAtyeSuqaKopJNMrcN7FCcwHCvoqnLBDUsEjPcZwoVwtph/nU51xu3x3CW45Hxmn2VL6ZruFGkgLd8KwG3K4WjB7qpRwMjZgqiCM5HCEH5JGOFZSU4dnAwoT6ZzHE6c5Q4Y+NmeyOkkkjHZCpJJKAD0kklCD8nhcSXCcdkKb9A5wOB7Ig4QxyngjCYWz9SI5i5TaefGluVWs3IIR2kjfK/IUo4P2i0Xsbw5vITsj1UCjlDwADxypZHG6zyQEo4OyNxjBXI3nghO7JPYA4YCGMmKDtORldQ2OwE/V7JyYtrB1PTE9WUJJJJQg5JJJQMSemJ6hBJJJKEEkkkoQSSSSgkSSSSgIk9MT0IAkkklCCSSSUIOSSSREEkkkoQfnC7kriSgA4jKzt+sLZgaylGmRu5A7rRZC47cbHB+yhaeDKWeukhwJvqxg+q0UVUHjAwfsqi72UjNbRHErd3N7OCjW64YAOOOR6KB/kaVrsnKIDwFCp5/EG6lDdCA+CQcOG5QJ6dkzCx++f2Tge+UTIQFGff49tnA3dG71KsmSCVoc07FGqKeOeMxyDIP7Kjk+Ys8++p8TuxKMJL2TqmiMf8+H82qA5zozkjOVcwTx1UQfG7IcP0UapoQ4ADAymqWCnzwRKerAPYKxhqg44yFR1NFPTO1fUw9x/qnUtYwOw4kkcp0LMMRbVu6NREWzDDsEHkdivEfiz8JjTyy9RWCENg3dLE3ho9AF69SVJJGAphPjNwSuz43yM9Hapx6OfOtrg+LHx47IDm7L2X4qfCt1JLLfrDBhjvNNC0bA93NHZeNluN19U8Z5SGtjuRztRps8oC5u53SMRS1YdwjgjHC9DVe0c2dDIkkAIxp2PIVRcLDS1OzRpJ7rQloKjzQ6xsuhp9U4M5Ov0C1MNk45R57d7HU295IZqYPQLPyuJOCNP3XrEsYbtKwOB7HdUN16WhrCZqYNa70wu7ptapcTZ818n9KfE3LS/9jBl+g5xlcM4O52Uy52uqoH/zYyGcZwq57VuU4WLMTx12ms00ttscMKXMf9JQymA6eE/IdhA1yAuehmDyh6neqkYHohkYSmiuzoJynfhTEhygwWdIOVzBTxjG6Rx2VEGJZKR5SUIJJLBSwVCCHKLhulCwV0ZzugKFjfKeAMJD1XVCmzhAQzyinhDwc5ULQgO6eAMJAd11QjZzASwF1JQo4QMIZCKuEDGUARGAwcFDcM7KUQhZ7YVSWRafJDkjycgb+q1/R3xDr+m9FPWNMtCwYdg7s9wsw5mUzQSs9umhdBxkjs+K85q/DW/LpZYfv9M+j7ZeqO80TK6hkbJFI3IIOUR0z4iHNJC+fen7/c+mKz5q2ylodu9mdie32Xsdg61tXUUbQ0tjqMedjncn7LzOp8dOn+5+gPpf670vmIRqtey39P2amnuIdhsimePqAIGQVSOazOQMIkFRLH+LUPQrkyq5wfRKNZ6kXInIwCpUNU9h1McQfuqhs7ZQNyCjtkxjG6U6jpQ1Cmi9M9LWgNlYI3+oGxQJqWSnGpp1MUGKXv3UyGve3yzDUw7YQZ2FWQUxmWu5GCmaQe6nPpYKhmunlAdjOkqBLGYjh3ZNjPJjnpW2DczB5Qqi30VfC6mrqeOZjxgh4ypGMbhMf5sY/ROhY63lGO7S5WGeS9Zf2fbbdhJV9OAQ1DskszgErwjqborqPpaodDcbdIGtONYBIK+02E4IGf1Ua42u2XmndS3OkjnjcMeZu66dGtkniR8/819GaXW/dWtsv2j4aByMkYwnHB7r6K6s/s7UVZ4lX01UtieckUz2+X/PdeI9RdDdR9L1BhudC5rAcB4HlK6kNRCxcM+XeT+mdd49tuLcf2UTJ3s+k4wp0F0kjwHjUAq+VpjwCF0HK2wPM2V4eGaCnr6apGNWl3o5G5zpIOPRZocqTHXSxFpY45CfCzgQ6n2i+/JdUWlu9POAyYaXeqmaWubqjcCPurVjESUo9oEkkQQDlCOco1PIGQ5IxyhklJDA9d0TswGkEyUslCIwkDhUpZI0SI5jjhGZJq5CgtODkozXDHKIAmDSe4QJYsDOE1hI7o7JABghQp5RWzRkHZqCwljiSFbvjaeGqHU0ruwwlyWOS1LPZKonUszQH8+/YokttJJc1zdPZUZ1RO2yM+6trdcwcQTux2BVRlngGSkuiPNRlnlLchTbBfbl0zVfM2+QgPwHxk+Uj7eqmOjZODpAOOVCmoj2T4ZjyUnv4muD3PpHrq2dSwth8RsdQGgOaTjdaxsWk5Xy3E6opJBNTSPieDkOa7BC9Y6G+KcRiZbuo2Pa9gDWVDTnV9x+m61Rszwzha7x3LnV0epR7OyrGGQgAKsp6iCphbPBIHB3opUThjHojX9jiyg2W0VQNsqbDUsOADlUrX47okb8HIPKgJoGVHG+UdsurGThUTJywjO6lsqozjDkvGQAl96fsfU1ufbb5QQ1cLxsJGg4+y82m6C606BkfN0Bd/n7cTq/hNXLg4H9Djn/ACXpolzjdFbNjGyiGRunDjtfp9GO6Y+JFtu8xtNzgltd1hIbLSVI0uz20/1LZCTPZVN/6XsPVMIgvFugmA4eW4kaf8LhuFl5LF8RelRr6crG323sOfl6sZmYPQPOx/NFKTXQXxxmvs4PQS/HZdMwA4WR6f8AiHa73KbdVQy224RjL6arGh3/AIfVaRr9W/qqzkVscXySPGPokJd+ENIco8gNZJAcSuhxCECMLuQFZQcTEDGF0TE9lGyF1TBCYHAjOQu5HqFF1e66CcqsECJLgIxyuqyBUkHISyFWCDgSOFw7rmQlkKyEWspRUx47jcH0QIptGIpdnjb7qxOD3UGrp9f8xnI/dRrJaeR4IcmkZ7oUUmRg7EdkZIawwhgaDlZa/wDTzmSGuoRg8vaO61iW2DkZRIuM2meeai5uh4B23BVWx1V05Viuog51HI4+PF/RnuAtbfLUynf81A3Z5w4BU0kbXAxyDU07Oae4Texud3DL+kqaeupmVVNIHskGQQpLRnusVBNL05WCVkhNtk2LOfCWuhqWTMbJG4FrxqB9QjAnBrokPwWnfsqSuhkhf8xCCfUK3ZknOTskYWEEOAcD6hECuypbMydjXx7eoXfKdnN1NPI9QgV0LrbWtc0YpZRuf6XIgkBGobjsVSWBsOHweYfEbpL+F1Dr9bR/IlOXMHLCqakljr6MB3OP0XsNwghuFJJRVEYcyQYOQvHrrbKiwXeanz5Acs25aglFSOnTe5RUZeiHerV/GbJJbZmg1NLmanefUcLyuJ9RRVTop2lkkexC9lP81rKhhxjn3HosT170+5zXXykjHlH8zHouTrtKnHKPcfTPl3RP4Jvj1/YBBOKmmbIDuW7qDVR8nCrLRcZI5Awnyu7FXT/5m4H5ry99TyfYdLqVbWlnJHoK2otlS2aJ+BnDh2IW8iljulG1+QS5u6wFS3S0jHKt+l7uaaT5SY+UjYk8LPXnPJ09Jdsl8cumUnVdpFJKZY49gd8LJyDLsgYXsl5trK2B2Gg6mry+8WyWimc1zMNzstUZYOf5bxyj99a4KaQAYwnNxjGVxwOeExuQUfZ5ayGx5OuGk7DlOGXNyRhdyHDcJzAB2QSQ2pjqeQxyArVWarzpGQsm8bgqxttT4ZAys0oo6ui1MoWJI9Jt8viNy5wIcP0UO7Uetri1uQeFXW2sIaME5WlY1k8ALm5JCA9Rn5o4PPpo3Ruc0jBUGVmDnC1l6twDy9redwVnp4CG4IUOLqaPjlhEWmqjFIM7LUWyugc0DxNysfPCQchHt1Z4UgYQoJpu+OaT6N35ZGgtOQi00xpySByq6gqmOYNJz65U1rtQyp2dWuxN5NDQTNqY9TXZxyPRSy3AO/KzVNVSU0rXRnHr7q+pKoVLNQCs6lVm9YBSjBQtTfVSKj/RQyCPX9UsZJ7R5dhw3U+nkyAAquQgkYKlUsojIBOVAoWYZZcocn0p7Dlq4gN8JZRDcN+ELAUtwBB23UYjBQC7H+hun3SjkdGRjddXTFrGCltZWA65OPKJ1NVNeQ15AJ4VpA6SneJYyQRusrMyencJBu1XdsuLKlgje7fgFZbqjo6TV7ZYkendM9TmWMQuk83cFa+NwnaM8juvFYnT0UoniJBG+3ot/wBMdTipY2GV+HDbdci6t5PU6XUJrEjRVVPq2I90CColt8wc3OgncKe5zZ2hzTnKizQteMELK1g6C5L2lqo6iMSRnOeR6KUDlZKGpntkgdyxx3WjpKuKqiEkZznkeiomCJ1F07RdQULqaojAkAyx4G4P3XlD6W4dL3M0VTnwyfKTwQvbAcqp6h6co+oKUwzNDZAPI/G4KOMsCbaVJZXZ5/W0UFzpt2g6hsfRUtjuNTZriaGR58InADuyntguPTVe6guGoxA+V54IRbra4bjF48GBIBkEd01PIhxaNXFieMPG4xkKHcKVtTEYXjnuqLpu/SUcpoLgT/SHHstXIxrhlu+d1GMX3LB5t1J0zNE0zxgOA9FH6Y6hltVS2KV5AzjfsvQKyKOeIwuGzlgOpOnpYnmeBuC3fbukyjkVh1vKPZrLdoq6lbI1wc7G6tY5A4Z9V4t0Z1Y6B/gSktLMAher2+viq4WzQuyCNx6LJbX+jpafURnFYLdvdO152UeOXOx5RhuCskomyMgjHb5yiiUt7ZyooyDnKIHBLwMbySgG1EZa8bEd1BoqiW2VvgyAmKT6d9gVMa4BBq4PmIw0DJ7JeSjQMcHMDgcgrrhkKgs1we1xo5yctzjJV7G7PKB8rAAMktOMIowRnK5K3AzjhR2S4OClYISUxODgQmndSPZDJ36BzJxOG7A7p0D2vjDmnYhXF1oxPTOwN8LNUEmnVAdnMPC30yyIsWR92b/ILnDLe68Z+IVmNLVMr4mDw3HJx7r2yrj8SndHjOd1guraFtZbZISzUWAkFdnTz2nK11Py1M8nimPzbZGbZ2XqHQd1y75d8mx2wvLHO8KdrSOHYWu6Vro4qtrHnHC6Ulvjk4OhsdVuGeywkR4DeCpwxI0Kro3eLTMcDlWEHlH3WG2OD1lUsrg7LCyRpY4AgrGVRbT1TmAeXJAW2HKz3UtAP+0xt53S8MZMDRTZj0HcHhEqow0tk0Zxvyqy3T6gM/hOFdPHi0+gN3wjQOck6klM0QcSMqqu0QbKXAYaeVKtTsNEZTr9Sl9ETGPM3JWumW3kzamCnW0eA/E60R0lzdPHHpEgyMLBRPLX/Yr2v4i0kE9njnljzI0YyvFS0CoeAML6F4e/fVg/O/1noP4etckuy6stW9lSMbAj/Vep2uYz0THOcC7ABXj0MvhkYGD6r0rpOtbNSiIu3xkLuJ5PK6eeJJF89oByNsqXTHxIHMceyhvGeEWil5iJ3xsjOpGSZU1cRikc0jhR4ZdDwcKyukbhJrxsQqhp/mEoGsjs4LmCbLeFOoZSycZVRBJsBhToJBkFY7Ibzt+M1mySizSxTZwARupLH+yqKOQPxucq0Y/I4XJurxLCPo+l1EZ1phC4+qQwO6YRtym5Cyyiom35Mj5hq3VFdgI543M2OVdv3CpLvHqb4mOCiSF2vEch2uOxzsnuwBlR4jmnYc7oiY0Y5S3rBUdQHFPraOFX0kpmhD/VWnULNVskxyqCyS5psHtsi2nOts22bSe4EwvyfRGpJCRhDeMNKHTv0yYVNZGxlklXIl9K7HKh2KqBp3QOHmY7dTnkSM0kdlSW6T5etmgkGC47LPNYHpki8sAcCO5yiRkmJvsEW4xNfTZIyQdiolK8mPQdyFAmKQkhwwoedJIKmvOxyFBmAJBTIrJkt4PFPiVtdjj+pY5xO262XxMBF1yf6ljHDbC6+njtrR8S+ol/89JnJHYIRY3ZbwozmlxzlGhOpufRaoYOEzmrzKU36Qof4lNAOkbIo9igqA7hHQH8JrYKWSNIfMgoz9zj1QVkm8s1QQ5n1BTIxpaFDjB1BWLfoCusVYJdZ9QXF1n1BOYDJI4XVwcLqAS3gJENwUWTIaANsrkP+S5ORsmrgU/uC2+F89U3HA5Wk4bjtjAVRZIXajL2VnO7T+ibE72ir21oTMvkAA5U0eUfZR6NuW+KRunSVIY3JGyM2N7Vllff63RAIo3eZxxssxVSmKmeQRnCmXCq8aoeSdhwqOvlL2Fg7oLJ5ORbP5pvJHaNZBO6kwt0gIUDcYB7KWG4aCkLsXlLg4isbkoSkxDdNFN4JMTQ0DATKpwxyERrcNJUGqkzgJdjAXYB7sk5KCSM8pOPO6HjIWWUsDF0OTmNycJYwj0kZfKMBKlPA+ml2yUUS7bSBznPePp4V7ZbN/FLnFDoyGlRoqYRsw0dl6N0B0+xnh1k2Q4nO3p6LFZZlnufF6HY1FI2tjtjaenhpY24IAyFevk8Boaf80KiDYdRA3PdRrhPmUNCpNs9n/sw2kUufU1Jbjcuwr6nYIIwz05Vdb4mtmL3DfGynyPAGy0QFqzK3Me+YgABMa7O7kHPcoE9QA0sB5WqMS/nwPq5y8BkZ55wrmxUDGASyM57lUdBA+epb3A5Wra9kMTWtGzRhZtTLa9p1dDHe1YSZJg0YATKYuml0Y2PdQnTl7wOVdW2D+X4jm4I2XD1Mss9JG2EYZkWdO0Qx6CUGeUMG5CbJISNtsLNX6/RUsTo9XmPoU7x3j56q3jo8h9U/UdHiqHKUuTnUV01OFNAcyHb9eFpOiemGUEfztbHqnkwRnfCz3SHTVRXVTbnWZLGu1Yd+I9l6lSU/htBIXu4aeFEFCJ+TvqLz8/MaiU5EuJmQDhS424IIHqhRjAGykxAaQgxyeTm8hGNGOERqY1ParBDp43TEppo6eMySu049VaDHTERDLtlCfOX7AKMaiauqPOcRY290ZwDG4zsFSeSCfLgeuV4T1xf7t8Uuo/9hekWv+QiOKyqDsNI/wCmx+6n/EfrS7dS3NvQPRhJqpC4Vc7D5QzbYHt3W9+G/QlF0bbGU9Gzzvw6eQjeV3r+5VmuDVMNzXL6LfpDpG3dL2imtVDA1rYG7nH1HuStK1oaMAITRj2RWqJmdtvlnV3JXElQA9ziRjKDNPHBGXyu47eq5V1TKSPxJOO3uVWwGS5PbUS+SIHIYefzVEHROqK6Z0j/ACwZ2aeVNADRskGhvHA7Ib354VESyPe/VsFkrvfq6uuh6a6UHj3HbxnkZZTtOfM79Ch3O83fqW5u6V6OiDp2jTV3DmOjz7/1heidHdH2vpS3GktrXapTrnkkOZJH+rv1QuWA+iL0D0RQdIUDi/FVcakk1VU85fJ6DP6/dacNO+kE432RNGkbLB/EP4jt6bMXT1hgkruo7kCylpYt9PvIP6dxlCUSevfiJRdI0UVLRwitvNW7TTUTRmR59vb1PZU3Q/Qdwdc5Os+t6x1bfqoAadOYKRm/ki325/ZF6E+HsllMnUnVdY+7dSV4BlrXu1NYz/u4/wDDxhbYOGkjKhYQtaNic/crmtn9SC447oQa55xlWUdnlfOfBhO3c+qLT08FAPmKseUcJrTFSRGWQjbj1KpK6vlqJPqOn7q0skH3rqCprGfKUjiyPOM98Kq8IAAloz6o8oaQDjCizSgjATYJEOO0tGdQUSecDbAXKiYg4BVfUzBo9Uwg6pqFT1tUdOCF2tr2MYXZOewVLPPJMcOdymQQ1RbFU1Rc7YBRvEcTktKh3K62+0R/MXGfw2c5XmXVXxgjc98Vnc8t3GTjdMNlGksvklBHpN1vFFaYPFqZQNWdO/K836j+LLGMdT0biT7LzS49R3C7SuMk7wH9sqrbC6SQg7uPZQ7tXjoV8zLa6dTXO6vcZqhwae2VWtiknIwHErSWHoW43ItM8GkH/JeiWnpO12hjQyJr3ju4d1Btl9VCxWYXp74fVlyYJatwiZzuvQbdYrbaoRFHAC4bFysY4jjEQ2HYBWcFrYIxJPy7fGVDnX6uU+CshppJXBsTfL6KzpbdHCA+RmCfdSWNZFhscYARPBfO4NAOccKt/oxTnkY3SNmt2CI0OcQ0NySitipqOJ09fUxwsb/Udys7devIKfXBY6Rxd/3srds+yqU8ARhOx8GimZT0sRqLlUR08bf6zz9lmbt15HTNfT9N0viyf968bfksJfOoRK/5nqO7uLxuIgdlkLr8Q3BjqexUbgeBKXYH6Y/1SJ2nU03j5WejX3a51lW4y9SXsBjsktLsAfYLN1fV9vp2htsjdJjI1EYBWNqbjHKTUXWsdNK7fSTnCrZLpUVDvCoIC1o7lIldk7dHjYL8jR3DqOuqnONRWviYd9MZ05+6qKi6MfgQ+Zw7nuojKCtnw+p2HccIwFvpWjScuSpTyb4UV18RBg3CpOQcNRHU9O3DpneYKNNcZ84jOGpkbZJjl26VKWRyikSXTRt2a1DLnuz6J7afJDncBSGmKMARO1EIMMqc4xXBHjgcTgtITnwBuN1LZHWy4bHjH2U2ltDj5qgZyiSyKd0V2UfgyvOI2ZypNNYquoIDhgH2Wlp6GljH0borK2lgcQ548vZRxQp3z/pIFv6Tp2N1VLclX0FHBTMDYY2tA22CrZuo6aHZvmIVfJ1HUTnTTg/oqUlFiWrrezVMdgbdkKa5U9NvM4D81kZKy9zbtkwCor6erkOaqTV+ar5V6Lhps9mqq+rrfC3MeXu9AVWz9YvczEDDlVUVHQMOZnYS8W2U51NIJ91Stn1kdHSQXofL1Ddah2lshGeyivfdJfqJId7oputCDs0IbuoI2khsR27q5W4WGNVDjzGJwUda/Bewn7okduqHfhA90A9ROOQGlCN9qR9I/dLdqYTjd6RYstjs7typDbbkDLf3VH/tBcCCAR+iEbxcSd5B+iH5F+iKi2fbNILfAOWjCI2Cibw4ZWWN0uB5mGPshmtqicmRT5CnpZLtmuHyzTlrmj807XAR9bQsh83Vf1rhqqk7F+ynyf2Kelya7XT/APfj9UzXTH/jhZPxXnklFDznk/qp8n9iv4hp/wCR/wDJIQ/BDtmT5/NZxtSScbojZ3kZDiFfyFrT7TQfIzO3E/7obrbX4yH/ALqlbWVTeJnD80Vl0qx/xCfzRZUiOprosXUF3B2l2TDS3UZw/f7oUV8qWjd5OEZl9kJ8wJUxBeyts16AGmvuTg7IZZeRyCriG/MaAJAji80z+w/RW1H0wHKS/pM6990ZywlDNXXD64iFqm1tM/hoP5J+IZBvCwj7IduXwXG1rtGONa8nzt4RW3FgGDCDj2Wklt1I858BufsgyWeleNowP/CqlGa9lq6t9ozwq6UPLzDglFDqOUag/TnsrOTp0OOWMaFDmsZa7T4Z2S1lehqtg/ZHdHTn6XZQtIB2Uh1skj2GU35WYbhufzV7mvQW9DBskiCKUbOZhLSUSWXkvIhnslg8jZPawLuAmp4AbyFp66rpzmOZwx7lW9N1XdYQB4xOPdUYbn2SeDtur+SWeGKlpa59m4ouvS0NZVxYxy4K9o+sLTVvbF4mhx7uOy8sAx3yngYORsnQvlH8jNZoK30ezw1lJOdMUzSfTKKfsvG6W41dJKJIJ3tI91fUPWdwhlDp3a2+nKbHUxz9xiu0UofieipLO0nWlBK8RzNLM/i7K9grKeoaHxTMcDxunfNB9GGVNkXyiQMnsiNBzwuAEkbbIgCmDLOTY9i6d0m8pHZMFzH7YxwkMkriSjWQNzDaQRgbZ5QZ6CmqWFk0LHA+yO1dS2kErJIzlX0sWkyUEpDvQoLZbvbT4dVCZYht6rVAd0TDXNOWg/cZQqCkNjqJezIVNBYL8wtfE2KU87d1krz0FV0pMtGA9novRa7p2kqnmSH+RJ6sVUT1FY5P94jFbTdtIyQPslTqwbatXJdHlE9LUUryyojLCPUIY523Xr8sfTXUbPDmiZDMeQ4YKzV6+HFXSNdPbiJY9yB3SnV7OlVrU+JcMxIaOE8Rj0RTTyMOHjBQ0vabFJSWRun3XQMLuCkpgPcgqSS5g5z2VAvg6njldaMDBThyifAibyEHCemDhPVxlkAMkOUkhymkCDhEQxwiKFN4Qk8cpieB3UFNLI8AYT9R4O49E0cLqgoVXbIq1viUpDX/ANKppYJoHaZWkYV5E5zTlpwVImpoLlAWPw2Ubg+qgantMyuPhZIMFHrKCakk0PB9iosbzqwQgwjRGWeURaiiazeNpUQAgkEK8yxzcEKNNRNdu0ITRGbKpJHlpnRk4CCQRyoMUkxySSShY48Jqem6fdQprIRdyVxJEWfp3Q18dVAx0e+2CprH6sbLz/pi9OglNLO7ykeXJW1in1Y2X5FkuOT9sW17eizjkfG8OYVaQTeK0ZwFRMkHdTKWp8wGEhoRJZLYcp+xbjKDG4OaMLoJzyl49iWh2S0hHa7yhDGCE0HSVMgSimGSSByMpIxXQZJJJEQScmpyhaEkkkoEPSSSUIJJJJQgkkklBIkkklCMSSSSEXLsekkkoUOTU5NUIOSTUkRBJJJKEHJJqShBZKWSkkoQWM7LP3u0S05/iNAN+ZIx391oFyQZHGVCGftNy8WPHcbEHkK7hqNQG3KoLvQmimbXUYLdbsPaOFMoKrxWNwcnGfsoElkuQfRPLiFHY4EIqEroeH57JlTDFURmORoOe/oujuuAHlQmcFE81FnnzguicVdQVENXE2SNwI9PRPfDHM0tewOB23CopaettFX4tO0vp3HzD0RAt5LmSPUMO3ys/cbZPRvNVT+dmfM0dld09VFVRCWJwIP7I+2DkZCJPJWTMUNzLpGt1kH0K0FPVF2FVXHp9kkrqmid4cvI9AVV0t0qqWf5Ws8r2nGeAU6Fm0VOtSNuxjahumRocD2K8T+K/wAHzAJeounYyWkl09O1vH+IL1aluLwA4OVnDcGPGl+Dn1Xd8Zr56We6JjtqPid7CHFrhghNL/DwPVfRHxV+D1PeWT9Q9Mx6aw5fLTtG0h7kei+d6+kmppn09QwxyMOlzXDBBC+n+N8tDVxWOzmXVYeUObIHDIRG49FWGV8LgA7YqVFUMIHmye670JvGTPhdMlyU8M0To3s54Poqt8M1K/wngub+Eq0Y8Y45XXNbI3DgCPdba7cdmS/RVz5KeejbURltTTtcw+oysvcukKafVJRHQ7nT2W6bP8m4RTNL6d539Qn1NsgMPj0YBbzyt9GrlW+Dga/w1GojicEzxautlXROcJoHADuAqzxy13HC9mqKWnnYY6iFrh6ELMXfoWOpBlt0fmO+F1IayL/I+e+S+lp1tz0y/wAmIjm1DBaunHIK7W2qvt0jmTQvZp23Cise/OCVoi1JZR5O7SzpntmmmGSTA8HunK8CbKpV9o7kpZK5kJZygFj0k1IcoSBMBLATtQwmHlQh3AS2C6eEPfKhAiS4OEshACdSwOUklChJLmQuqEEkkkoQSSSShDhA5Q8FFXMBQtMGW55CFpGON1JICHgqmsl9gS0eicySalmbUU0nhyN4cFzOeySRZDLDqusomrK3ho9B6V+IR3gve2MZn1/r5cfbuvRWv9l89tbgbLSdM9c1dif4VafFpOA0baPfK4uu8ZnNlZ9c+kPr3EVpPJy59S/9z2VrtJ5wpUMoJAyFQ0F1prtSsq6KQPjeM7HhTI6jw3Acrz862z7VovI12RU4vhl0HnAAPCdHK9w8xyoMVUCMFSGPG5wsk62ju1XRmsxZMZLJG7Ux5BU9kkFWzDiGycHKqmvA5CKRgZAQr7Wad+VhkuSnfGN9weCo+COV2KukZhj92+6PqimaXwgau4TPkETipEfWD2TQ8k7hdJwcEJurHZHGeTLOlSJMUuwzslWUlBcoDS3CkjqIncteMqM9+rBHZcZUEjBGU+u1wfBhv0cbFiSyed9W/AKw30SVFkcKSZ2+hw8n69l4Z1X8K+qulJnironvhB2ewZBHsV9bioc7IOU50oljdDLEx0b9nBwyCulRrbIPlnh/L/Rmh133pbZftHw0Yy0eqEGuzjlfVvVPwW6S6g8SptsItlW/fMf92T/y9l431f8ABrqfpt75jBHPSs+qWE6h98fqurTq659s+Z+R+kdbocuH3I85apVLVzwnyPOPQpT0MtO/RIPzQgC1aYyUuUeUu004PFiLaKv1EeKQMqQHRv8AM0hUWvIxjhSYah7MYJTeUZJ0x/pLLfK47hAZVjOJXIoniIy12UWUIw4gyDnK4jloO+N0Eg5OyIhxOa455TUkZRKBGE7V7qNk+pXQTndxUL4ZNinZnDzhSDFHONiN1XjBGcosNToKnYpr9Aa6gki/mYBb7dlWnLXA+i1NJNHNmOTHHBVfcLK7Lpab6TvhC1jkKE10yPSXR0EgJO3cK9a+Crja+NwGeyyGCDgnhHgqJqeVskbsAcj1U+T0y5V7ujRTUeMHSgeEWcDv6o1BeYqw+HKcHHdSZYQDtjB4T4yM84uPEui96Y6/udhmZHUAz0vGgHce4XsNj6lt97ibLSuIBH0u5BXz05gHAUm3XW4WuUS0dS9mOwOyfCzBz9To4zWYo+mA85G6Ox3C816V+JtLXsjo7pEYpQA3xM+Vy38NQHbYTMr0cHUaeVT5LEHKfG4tdgKMyQH80Qvx2V5yI/yTmVDm4KO2pJ5Vc2XPZF1KiiyZL6EIzJj6KrZJjuVIZU9iEBQ279PWS/w+Hc6JjyfpePK5p9QVnf4B1h0zkdOXD+KUjd20VXJ5mjvpctWJQ7ByiskCsvLZmrZ1xQ1EvyN2jdbK/j5eo2JPt6haBlQH+mD3QbvZ7VfKf5a6Ucc7fwkjzN+x5VFH011FYQZenKoXCBuc0VR9bfTw3n89iUZDTNkPJ7JGcnssnb+tqaeqNuukb7dXg4NPVDR+juD+RWhZPnsFACUJTnhF1qEH57J4dnsrwQliQ5Tw/bhQmuweEZrsjhV0Qkh2/KIDtyomseqfq91eQA2SlkoeQlkKECZKWSmJKEO6j6pZK4koQDPEA/WzY90xjznBUl+lw5UWVuDkJQYbGRylj3QGS9iEdrtStEBSxteNLmgg9isld7XLRSmQDVE45B9PZbMjKjzwRzxmKVoc1yrOGWng8/lp4alnhzs1N7hBtlVPYqswVD3SUcpxEf8Au/b7K9udqfRSFzRmN3BVZUUcdVEYpRkHg+ianyPT3Lk0MUgcAW7h24RlkLZdX2msNor3lzXn+RIePsStSyXuRymroVKLGXCnZV07qd/DhsfQrNROqaGcW6pPk/A48Fax3mGFX19DHWxGN+zuWP7tPqrCjLHBDDeDjdZ/q/pw3ujD6cNFTDu3/EPRWFFPPSTOt9xJ8XOWP/C8dsKwyByqZqqeGeNUGoscw8ZR5YWOjMUjA5kgw5pGQQr3qux/wuuNdTgCnqXE4H4Xeipwzxhss10dx0a54+5dnjnUlpfYbnJThpMTnF0Z/wAJ43UqyVvjN8GVwLgMtPst31V08LxQljABNGdTCe/svKY5H0tQBndjsHH3XmtZp2pZR9b+mPI/yKY5fKNPURNcNhnb1VY9zoXZGx7Kxo5WVcZex3bcKNU05zloXGmtrPd1z+RKUTa2C4NuFA1pcC9g0uVL1VaxJG6RrVTWy4zW6pbJE8gZ8w7ELdkQXGlbLgObI1SE9zOvGz+TV8Z4zWQOpn6Hj81G0rX9VWloDzE3dhysg44G6fk8drtHOiWGJqM3sojfqUiM4OVfZgqlteB8wJ82EylnLHozsPZlQnAtflKtialNwkpI1VsrSWjcLa0NWHQx4IOy81ttQGt3ytdbqsCNm+dkjDPS6HWKUUmXldH48YGFmLnS+H2/daeCZszcEKFc6EyDICo2W1K5ZRi548bEKG1hY/WAr2vozGc4VVKzBxhQ4V0Nk8Fjaq0tkDXFaKmnbIABhYuHLHBw2Vzb6wtIyouRtN+HyaUtJ4Uqhr5IMRAZyoNJU+I0AhFliJAIHKKSxydSubWJIvY5fGZqQZmgNyolHWiJjYnD81NlIc0O9UKNytVsU0RATnGUWneQ4DIQXbZQmuIeoiK3azQQyZaAngZ7qBRzbAFTgcjIQHSqnujkeRkEKJLHndSg4E4TZW5CAZnJExg7lGjwDso8gIOV2mqADghADu2snOibLGWuCp5YZLdKJWOOlxx9lcsfsDhDrGMnh0FqCUcrkOS3LK7LCzXFtczwJCCRwp7Kl9rqsx5x7LHMM1DKJInYI/dam23GmukIjmx4gGPdYL6MrKOtodW21CT5PQenuomzNa1z9ytPEfGXkVFWOttQWuGQD+y3tjvrZmMPiZB43/Zcuyp9nptJqVJ7Js0EsLZG6XDYqLTyz22fIJLD2U1srZGhwPKFPGJBjlZsHQyn0XVNVRVEYkjIOeR6KUDlY8y1FslE0WXRnlqv7bc4q2MFp5VF5wcvlhpb5TGGZoDx9L+4WBmtddYqp9JUEuYPpOOQvUAcqDdKKnuUeiWPLwMB3cI1LAMobujy6tomSyiSMAOcMK/tddJBHHTVo7YDvVFudikjhLoM6oz6J9CynutCYpcCpj8u+yIUo4DVMDSRJHwRlVtXSsqIzFI3OeD6KXR1Wpz6KTHiQ7b9wnTRjg8q8ZLnDKPL77Yam2VXztHkEHJA4IWq6L6r14jfJgt2c0qxrqVlRqZIMgjC8/vVuq+n6z56kBxnJxwQhdeTLudE1LHB73SVcc8bZIzkKbG/Izjlee9EdUR3Cmj48zRtnutzFLnGyyW04fB1KblMmpocQfVNZK07Jz8EZ9FgsTRtUkFEpIUiJ+cEhV0cn8wMI2UlsuHZSsMZlNDK+Mxytq4hgg74Vxb6oTsGSMhQdcVUwxA74UOOWW31bWvB0u2VdlKJqtWW4KhvjOrKfDJkBEe0EZCDCYIxpdjdccm7Nf7IrXAgYKApjC0EFp4KyN4p3UNeJmN8rzvhbI8FUl9pRLATp3HBWjTvAqSyQYnNkZuQchZW6wGOV7JG5BJGfUK9pCSA3OFCvcBkgD+SN8rq0szXV5WDxbqmyvoq974mHQ46hjgKLbajRv3G263HU9MZ4RIG+y8+aPAnfG7nOV2q55gkeS1NTptyj2foqufNQNjmfk9t1qmu8wXlvRl1DXMYHc4/VenOOoNd7JViyej0Vu6tZJoGQDlAroGzUz2OGdtl2JxADcfuivAeMEbLPg3YyefsZJTVr4eBqytFTzamacDhV/UVL8pOJ2jG/wCyfa6pryNRUJnBYwuMMwc0YCsnAVFM/I7FQnjLQWjlTKKQaPBPI/dMr5eBE4bkYC/0LKuhqaaePOkHAXgN3iFJXPj0kYJG6+m71BG2rcA3Y8hfP/xItU1uvkk7mYjl3bjhey8Hfte1nx3690Up1K5emZ1smRnC1/SVa/WxuoDCxcLg72V5Y6ltNVjU7AK9dB5PkcJbWerNeXtyBnbshQyOjlyRggrtpqY5KUEDJXapo8XxAMAp50qZZWWTK1rJafX7LOytLJCQFoHOD6MYPZVFXHqcdlTNDngBBNhwbhWMbiGB2eFTNdok+ysYZxpCROG4bVbtkpFtb6k/MAE4AWgjkDsYPKyMUpDw4bYV7R1OpoBKxW1cZPd+I16ccNltkYymEnKGCSM5TsjOFzpxbPT1Xbh5OQq66gfLu9cqeOVWXbLo5Mb8IVFjLZfbgFQu1QDdGcoNsd/J57qbnICMw7muCPdIvFongrH2F/8APkpnfhctrWDVTPaOSsJSStpr3K1+2o7JhzdZNwal+zRS5YCMchRYzolDhhSpN485zsq4Z8R2SgcXgbGZZtcCMgqmqR8vchM/6XbKziJA3KrruPolxs0pEobjTGXst5QJYQR6KoppNNRjG26sLfUGeIOLst0jCiSxhlYdIwDugccDnLKHT4yMBQKjLXNOFKmlIkGRsg1IbgEFHEz2Hi/xOANyDh3KxDlufik7w68d8rCB2occLsV/7aR8U+pH/wDPyiNRIPoQ0WH6EcX6OAxv4wp+BpGyg4JeCpxI0gJ1YoagzHGwKI7uo0nKK3oKPYJ/bJXWYxyhS5yAFxuVkeW+RuOCTE0ZBwpg+kKJF2UtPguBc+xiIz6guIw5RsX0EHC6OVwcJ8Y3ypHsU1kKPpJ9EMapXABPccNyn2z+bUAY4WhIuiL3rBf0EIhhaMY23Cc4mSXA7bJrRpGM8ItOzOXYVnpK4qEcIkRNDY8qsvFUI6VwBGe6myShmAsze5yZnRZ2KuTwZ9ZPbDCKp0rnZcTyoMpOsqQ/bbKGzd2cLPN5OVF+2Ohacb7KUBtj0QmgAbBHUUccgt8jW7lSY243wo7PqCmNdhv0o28IXYKd5a0tBxlVk5yeVKqpc7BQSO+VmslkkItgScro5KQGCQue6yzY+CCgZOFdW62ujaJH7OduB6Ktt0LpqpuO3K1UURcMLNbZ6PSeJ0il/qSJFots1dO1jBtncr2WyUTaOkiZjGAFkeiLG9rGzyDylbxoAwBwFnzk9/oNN8cdzJZf4bdyqtrzPVebgFSJpdg0IVNFpfrPdaK1kbqLMcFjEAxox6J2rPJAQHEbYKZI8YAytcazDLVQgsMdNOI2k5HCrxM6V+ccFAq6w+N4XZSaJhJ1YTs7Fkqm9aiWIl/QRNp4mu1ec7n2Ut1SXAAqrgkOkDfZSIWmR+nK5eqll5PUaOarjhlvbYTJK2V2CArzxxEzIHCqaZ4gga3G4Qa6v8One7dY6NNLVWJR6E+Y8zp9BpXba8Dr1fhSQHDgC7gqk6etlT1BXOq5WFzA7AyoAbU3yuDYhiNuwB/zXqXTFoZRQM8NuCW+Y+697RpoaStRij8sfVX1Jf5XUSblmPouLJQR0jBE1uA0BXkOzgSEGCLZuG8KaxuMbcKTllniJSyEYMb4RRwuNGye04OVSFsIwEfmiN7rjXZbnhRrlcYLZCZpDufpYD5nO9kPZYerraehj8WofpHb3Poql4rLs8Vc7vDgd9LPxH7oNLT1t1mFfdnANaPJBjYDsf8AmVocNHlGwVpE7GNAY3DQNuF5f8TviJNEWdJ9OSOddqomMiMZxn0KuPid19T9J0UcEBMlwqRiGIb5HGSFB+FHw4qLYJupeppPHu1cA7D9/CByg4RphGNUflky3+G/w6pulqHxKoeJcZ/NUyu3cT6A+i9Bij0tAIAA4CdGMAahk9ynqsmadkrJbmMxhJJJDYWPzhAq6yKji8aV2G8ZXK2oipYTPO8NY0dzz7Klp45rvMKyqBZSg4iid/mVE8kJEQmuc7aiqB0M3jjPH3Ks9A7AD7BJsQYMhJ7g06eThQi5eEdOCMBYGW53P4hXeTpTo6UNo48suVyH/AP9Mf8Ai53UdlbevivdpOnOjJJqaywBxuN0ezZw40R78c916/Y+m7P0jbo7XZqcQ07ANLR2/wDlyoNxs/yA6Z6Yt/S1sitdsg8OBnGd3n3ce5V8xwxsN0EO1Lzn4k/FGazzM6R6SjbV324fymBo1CEH8TvZATsk/E/4lvsckXSPS1J/EOpq/aKJr/JTt7uk29+E74e/Dl/TLJ7zeqw196uZ8Sqq3jJJ9GnsPZR/hj8Pj0zDNdrxOau8XAiSpnfue/lHoN16C52G4JUKyhhJ04J4CjFxCK9wyTlRyeSoCOzqKa+oigGTufRBfUBmRhQKh2rzOOVCHKyokmecv8vYKLI8MAPK5M8O3zjCgTz6fUookDzVI9lXyzlyBVVeHYVdJWyZIjOEaygkiTVVQj5xn0VRWVhkGlMqp2QRGpqXkAfU5eT9Z/HGz2sOpbGPmqgcPAy39U+KNen0l2ol/po3t2udHbo/ma+fw4x3XlvVfxopaUyUtip9cg2Er/8AovKr/wBa9R9S1D5q+vlLXH6A7YKqijLh5jue5TD0Wm8Wqv8Ad7J946pvt9lL6+tkk1HOnVsPyUWOlMgGRn81Mtlmmr5xHC388L0Xpz4bNBbPd3NERH0kcojRK+rTLCRhbN01WXKUR0kBG+55Xo1n6AoraG1VwY2SXAOy0tNDQUAFPb6ZjcbAgDdSRRVNRg1cumLuMKHN1Gtdn4kWJ/mEcLBjGNlMp7fw+oZnPujsipYyGUzdTgpcVPI/DpmlrVDBKTfIOKCFoAZHwUdsb3jT6c+yTqmipRkHJVNdOo2xRvNNKGZ2ISpWJFRg7HhFrJPT0vmneG491SXPrN9JgWuNhcOXvGf0WCv3XlppdYq65zpAN2g5XnF5+IdbMww0L9Efb1SnadbSeKlbzJHpd66nY0vq7rWOc47huvb8gsNefiC+dhgtzHMHGolYeWqrq15kqJnvzvu4lGjpiW5dkJU7Nx26fG10cirK2pqpNdRI6Un1KCRWkAU7cfkiOkhiOXncdkjcpHeWAABZ5SydCtKPCEy3U7G+JXS5kduU/wDiEdONNIGjHfCjOZUVL9ZyUdtK1oBePyQNsJ49sDNU1dWQHznHoEyOlc45cdyprWUrMcApxglOPDjJBQSeAXNIZDSRfjaFIbABsxqLFTDAdMMHlEkqKemZrByQqTFyk5cI5FRyu/Dt3UmOjp4RrcAD3VZLeSW/Xpwq6a6l+WmU/qidm0FaeUuWaQ3Gkpdhuo8l+e8aKdhWcM8mC5oymCprXnBwwfZL+TIxaWHbLqS41hzrfpB91HfUscB482w7KvAqH/XISuGjeRqJP6oHNsJVRT4LE19EweUbhBffCz/szQMd1FbTkH6UQUxH4QqbbGpQ6Y518r3eUnYoZqq14yZeUUQAcMCIIQBgDCCSaLe2PSIZfUnmUpvhk8lTfA9kvl/dDyVuRE8E+i74J9FM+WJG6XyivDYXyEMQb/SiBhA4UsU/qniJo7KRiT5GV3hO/pS8M/0qzEbAMaUtDfRF8ZW8rdD/AES0O/pKs/BA/AuiNn9H7qbAXZgrfCPou+EfRWYjaBjQEtDQchgU+Mr5n+it8Fy74LlaCJoGMBIRtHAU2FfOVghcPwp3huH4VZaG+iRY09lNuCndnsrTESueC5WXhN9EvCZ6IXlAO0rvCf6rojeFYeA30SEIB4RfkT5CHhx5SGoHKnNgaB9Kd4A/pUUWXkh+PMMaTjCOyvqW/i/dPEGeWBIUmNyicWLltDNu1Q3Hf81IbeiMCVqifLn0TfBHorTwBKMH6LVlygk5cQUdkscwy1w39VSiI9khqB5O3uiTwKnD/lLd9O93AyFHkpXN5CZHcp42aTkgeqkxXGnkA8VpB7oc5ZHvj2Qnw52IUZ8OOGq+DqWZuYmob6Vo7BMSLVz9lCYn9guaXgK4NKOzQgup/YKSi5dBq5Mqi4g/SnB2TjCmvpgOwQvAKRyg/lQLOobJeGfRPMBHLUtBHZWpsvd7OLn08J6Si75AUuRuc8FTKK6VdI4aJXEDgEqKlkJ8ZOPQN0YzxlGqoetLjEAySXLfffC1Vu6toaprWTeR5G5zsvLG59UVkskZyxxC0V3yXZht0kJrhHtcNRFO0OjeHZ9CiryKi6guFE4FkpIHbK19m65hmwyrGl3qVojfns51uinHo2ZaSuM+oIVJcqOsYDHK3J91KAxvnKPemc+ytwfJ0cLo5ThskrF4HAd11JIcoiYEAiADGMDHukB3XVGslqTXRVXDpu1Vx1mHwpez49iqprepenXl0b/n6T+k7uAWr0O9Em90Dih0NRJflyZKoh6Z6laRPAKSqPJxpOVkb30Hc7aXVFMBPDyC3nC9Lr+n6Cvy/wAMRSf1sGDlVgPUVheQ8CtpT2xkgfZIcOTVVqZQ/F8Hkhj/AAuGCOyGGZ7r1S6WCydVR66FzaOuGXEacavbCwt56cudkl01kJ0k4DgNiglXg6VOqysS7KUAg7hEa3G5G6dpPIanpT4NfyCSSSUKbyPTxymYKI0bhRECM4Tk1nCcmIAenpierFzHjlEA7oYHdEHChR1IcpySgkKOF1JJQjWQo8KpYYKrcH6XHkFUdxtj6WUkDLfUcK4AOUZoEjdLgoSE5RZlHHBxnB9E9rxjBU+62UtzU02fdqpcvd5SNwgNkJqS4JLoWSDjKhTUvh5IUuOTSBnunuaJB91SWA1PDKgAjORwlqHqp01IOwUJ1O5p4zlUNVmRiSWMJKB7kJJJJQs+8w3w3B7Tgg5C1/Tl1+ZZ8vI7zMG26y7gm000tLO2aJxaWn15C/JMpbj9xWR3I9Mjk2AyCpMT8EEKltldHWwiVjuBuFZseNkrBinBpltSVZOxAU5smocKjjl8Nw2VpSztk8qXgU4knJXRkkJg5RQRygwJfQQcLq4PZOAz3RCZdhEkkkRQ9JJJQg5JJJQMSSSShB6SYkoQekkkoQSSSSgkekmJKAD0kkkIIkkklCCSSSREEkkkoQSSSShBJJJKEEkkkoQBURCRukjIOyoqqlmt8/jwg6SckDutGRlR5oRJsRlQJSwRqOrZOxr2n7hT2uWefFPQVBezdjjn7K1pamOZoc0/cKFvknjlFwHN3UdEHKgMlkRZIw5a4ALjsTM0uI32IRQWubumGJo3Y391Bb4KKopZ7TUGopgTC76mcgfZT6StiqmB8Z2P7KWXg5a5v5FVFXRPopTWUY/luOXsChC1VfcbLTXLd40vxgOA3R6SrZUMBB3UlWnhgyeDESvu1irPlq/z02dpQNsdld0tYX6XtIc07ghW1ZTwVcJpqmMOa8Y3HCyN2sd4sDTW2Quq4s+em1ZcR/hWqq1iJLca6krC0g7Hsd1iviT8KbZ1jDJc7c5lLXAZLi3PiH/EVZWC+Ut1iHhv0TNyJIXfUw9wQtDHPpYASuro9fPTzU4vkyXVbj4xvlkuFiuEluucDo5YyRuNiPUKtyY92n7L7B62+Hlj6+tppK6IR1UYLqecDdrv+i+X+tehb90NcX0N2pXCHURFPjyvHZfSPGeehfBRk+Tn3VOPRSQXHSQJTsp8NQJBthUcje6dBWPjOAV6qE8rJnby8M0Q8ORha9oIKBHHVULy6E+JEeWHlR6esB2cVOjmBGQOU+M8B/CprK7OSijuH0nwpByHbbqFJSVNK7LSceykVdGZyJIzoeON+Uw3CWna2KrjO2weOCtELucejLdolavuXP8AYizUdHc2GKuhaT/Vp3WNvnw2qTqntDfFbzgHGPyXoIbTVQ1MIB9kOQz0hy0kj1C306mUOjg67wGn1MHG2J4ZWUFdbJDHVwuYR6hAiqCTgAL2yuobbd4zHW07C4/i07rDXz4cT0+qptbg9h30rqV6mMliR88130xqdOnKr7ofr2ZIPBHb9VzxfUINVTVlDKWVUL2Ec5CRmYWjOQmJqXKPK26VR+1cS/TCJIXiM9V0SMPf9lDE6pR/INrKK2XsoxeAhCY5QgJMsQQe67gcqGycbZKO2cEBQmQp4QRq1IocClgKEfAhwundJJAUM39U9JI7qEzkWQkmYPqnqEawJJJJQoemJ6YoQS4QMZXUlCwZC4iEDlMIOUARxCc0O2O6KmKNZWGU/wCxOsnUNxsEhNJKTCTkxk7fkvUbB1JR3unZLC8B+MOYTuCvHyB+SLTVM9HIJaWV8bgeWnC5es0UZLMUey+nfrHVeIaqublD/wBD3lkzm4x2U+nrIj5XnBXmtg+INPIxlLdWlkg28QcH7rYicScDIXn79JKL5R978T56nV1K7TyTRoxJrw9m4UllQCBkLP0tdJTnGSWnsVZskbM0OY4fZc6ypxPY6XVxvhlE4FrzxhIZactOD7KKx+OTwjsft6rOayQKhv8AxQCfXC6WwytyxwGUAtDlGqGPYQY8gj0Ktfopkt0EgJJGyC5paNghRV8sflqM4Ulk0UrcscHZTYZ9ipJMiukczgLsc73HDsI0kYO4CjyR8BoT4TMdtSfQfxP8QT4p8HGkH7qAdTFwVGMgtT4T5yc6zTp+im6o+GXSvVIdI6lbSVD+ZImjc+pC8f6u+BnUVm11NqjFfT8jw/rx/wAq99ZUY3JKLHcXt8pAcPQ8LdXq5QZ5zyH01otfndFJnxnVW+opJnQVUT4nt2Ic3BCAMsPK+vL90n0v1QxzLjQMZK4bStADgvJuqfgTXUxdUdNVjqxoyfDkK6lOpjNfcfNfK/Reo0vND3L+3Z4+DnkhP16d2uVjcbJWWyZ1NdbfLDIzYkjb8lTzwygkwjI+60qe7lHi9RoLNPPbNEllbMTjOyksqQ8AEbqm8V0bsObuiifODumZTfBjlRLOGi1y08OC5keqgNqCTxlHZLlMyC4NEhJNbI0jld1BMFYHZKcwnKZnKSrItkuKU+uPzVlTV7Q0Mn37ZVIcggo0b1YEo4J1fZ4qlxnpnBriMkdiqGSN8bixwII5V9BVBgDUaeljq4tmtDvXG6CSCjJxMwNQdnOMK4oL3pjENSeOCodVQzUxy4ZHqorW4OeUPyY4GPbYuTXwhs7Q5pGMZXDFp5CztJc5acgDdvor2kuMFU3bloyQmxsyZpww+Dry+MjHPIWv6W+IVbaJGMrdU0P0kA8BZaaMHBxlC0+61KRitpjasM+h7J1VZrzGx1LVND+7HHBCvQ/I4XzJQXCqttS2opZC0t5HqvTel/ihrDae69ttSPKONqtFJcxR6m13siGUjgKtorhDWxNmgcHNcMjBUxr8jOEeV7Oc4NcMO15JGSjNPuoiIwnIGVbQPZMDj6ogceMqK13GSiBwxypkhKa886k8TnjChh5Cfr2wpwyZH3K22u/QCmu1LHUs7B4zhZaq6M6nsAa7o+u/iNI0ZFDWSAPb7NkxnH3K0oJBzqUuCqdGQ7KhEZK1dZ0VTN/DLjDNQXFuxp6hukn3B7haEVOPRSrrZem+qIRT3ygZMRnS/GHMPqCslW9FdW9OZqOmakXegaP+zTH+ZGP8JUIahsgcAUXxB6fusrYurqW5TOt09NLR1sYw+GYYd+Xqr9j84I/zU/yFJYJYJBzqRg7AxqCgCfJwieKp2KJer3C6CcqO05PKMz6Qo0QMOEkzISyFMkHpJmQlkKZIdyVwgHlLISJB7qiEaRoadk+GXOxXHMwUFzTyrayiE9rgQkcHuokcpPlwntcRvkpLWCHZ4GTRmOQAghZiuoJKWQtcNuQfVazUolfAKiMR535BTYSwGngw9yt0dwgMbhiQbsd3a7sn2G7yNxZ7mdNXCNvR7fUKyqaZ8Emhzceh9VUXi1GsArKV2isiH8t49R2TexqaksM0wOr2SLQ78lTdPXY3GkEdS4Nq4jpkZ3yO6uTyjFSW1lbdLXFcYw1x0ubu1w5BVEytnpJRQ1ww4bMeeHBa15yMEqpu9rjroC1zd27tcOQVBkJ54Ku60kd1oX0jwMkZYfRy86jY6mqX0s3lewkbrc0tbLSy/JV/lI2Y88H81U9aWsSQMulMwCSI+ctHI9Ut8m2meGkzOzsOdl5J1tYX2erNbGzMU7t8cAr1yORs8QeO4/dV97s0d7t0lHKBg7jbfK5uro3rg9L4XXPR6hc8M8ct1bPTyNcw7HkdloBK2dgJx6rN1EUlBVyUM7CyaBxa5vp6KxoqvBbnheZ1NOJYPsvjdbxh+w9VDg6gMZV/0pdcA0Mx3GwyVCDY6qDTp37H0VVqlpJy9hLXNOQsL+xnfU5VSUo9GyvNubNmVrQQRuF5r1FbTTP8aNulpO4916jaq+O6UDXHGoNwfus51HbNbZGaMgjITN3AzX6f+TXuR5w33Rm7Js0DoJXRuB2K72KOMzx0ouubQdjs7JlVGWt8Ro+6CyU6wFMOHR4JzkInyFCzcQoKt0Rx+i1VBWZij3HCyksGlwcBsFNt9WWOAcThJaSNmmvVctrPQLZVl2MkBXTg2pYPVZC31JDQVordWjADkqSyep018duJEK6W/Y4GVl6yB0b8EbhegzxtlbqxlZm9205MrW/khZn12mb++Bmk+Od0PCbI0sO45XcYAKtPDOJulCRo7fXNMbCTnbBV1HUNewbgrFUk5Y7SAr2hq+AeE/OUbqb30y0qMtYXsHCLR1pEQimcT6Iepro91FdseEqb2myNzg8xLQztdwUg4ZyCqttT5sZR46jIBQjVbuZaQSlh2VnTvEjcE4VHFKDj1KlR1BbjSrN9N+C5BB/FlEKgQzagFKZKO6Wbq7lIFIwEbBQtLw/YqzcMhRJYx6IUHJZeSRBOCxrCRsiaRjnOVVlxjcDlT4KgOaNlU1wFGfoHURBwJwoUM0lJN4sbsFpVq8NcDvnZVdVEWAyAfkkThngJzcHmJsKKaK7U7ZhgO07jPdSbRcH2+t+XlBDX8fdYu23GehmbLGdu7exC2kT6S+UglhIbI0cdwVitqOxo9S5/5PQLXctceC4EK4Y4PA35XmtjuzqSb5OtcWu4a7sVtaOrJwCeAuTbDDPUaS7dEuHMBHAKrZmVNtlNTRnyE5cxToZQ8blPkAI9VnawbU8k203qC4RgEhrxyCrFwBxlYqqpZaWT5ujJaRu5oVlab8J3CnqnaXdifVUGngu6uIEawPuqmqtTZT8xSYjmbvsPq+6uHPD2kFRJHugdrHqjJj2Zq505nj+bjYY6qnPmxtqCkU+LnQipj2nZ/eMOxwrerpmVLDPABqIw4Kif4tqq2Sub5HnBx6IxclkjSgHnbCqrjRR1TSyVoLSMbrVXC3RVsIraA/8AM0dlQVMZwWkYIRC7K8o8+Iq+l7q2SBxbBI7jOy9c6bvrbhSM8VwLiOQsHdqJlZAYX7HlrvRVXTt2rOnLj8tVOJhJGCeMJclwIjY6We3snLSMYKkxzawB6qloqhlTFHPG7LXtBG/qp0cxYRtlYra/0dKq3csktzDkOAwnxP1AApsMwlGCN0nxmM5Hf3WNxNSlkMGlpD2bEb5CmztZXUreA9vdQYXtxgp0MroJCM5aTwhwHklWmtc6Q00pw5mcZVyyQOGMrMVTJNZq4G7jcgFWdBVOqIhIdj3GUGGWWExPITY38ZK6DlufRRwcHlK2tkJ+R2UWoa2VhY4ZTmS5HCR3RwWGAY+vbJQVJwMAldqY/nKUhh+oZCur3RCppHFo87Nws9bqjWHwO2LV0KXhibllYMldKZzopISPM0kLzW+Ur6apEzRjfBXsV6pPDnMoHlfz91g+praHNeQ3YjK7GnnwcHXUZjuKmzVJp5GODsZK9esVZ83Qs1P1OYMFeGxvfFTmTUf5ZwvSOi7tiOImTIIAKfNcAaO/GInoUWQ7PZS9OyBEWOaHs7jKLr04HKys7sHlFL1PSGopA5rclu6zdDK5hwdiFuakCRp2ztwsHVtdT1zmkYBKoqXZq6Zwlp2HKNHlj2lp3yoNqf8A7vucqYOc8ok8PJclmJF6gptYE8Y3byvJfiva31NvNaGag1oI9ivYqpplhdHySsd1JahcbVVUJbh+kkfkux43Uuu1HkfqHQR1WlnB+0fNVPMdQBGFYMl8MNI3VbUQTUVVJBPGWPa9wIUqPdo3X0jTyU4KR+abofDZKt9p4PVelqky0YHphXtTgs/ZYLoy4SRvbE92QRjC3jQJm4ytJr09mYIZRSF5FM84Q6xoaMoJcYavPZqNO7xmbKGhzWCmqTpkAARKeU7AodY3zlBglDXAIGArsPBcxuA31BWtvqBq0k4wFQRu1AHUQpsEojIPKVZDKwdvx+rVUksmrilDmgZCI3PqqqkmJAVixwxucrn2VYPf6XVKUUwz+OVBrsOgfnndSpHAqBWZLMBZ1HBvdu9EC3EtjI9Cp7H5CgUbx52kYwUWN51hv+qvaxO7kmvw4YPC8+vMbae/hwPlkIIW81lrCSN1iurIWtLKlo0kP5QpmHX8wTXpl20h1M059VCkwH5HKdQvL6RmTnZAqThwRtZQquzKTJkb8jCBcGa4COUqV2dvRGnj1sx6pElh4N1c8oBaJQI/DGzm7I9UwCVrwO25VdSuLJ/Lt5irabDoskbpUluGqWSurDgNeBkd0GocfAyj1WTEB7qPI7VCRjjZStYYiyeGjx/4qM3bU45OF54yTbccr0v4qMzTNH+L/VeaMLQBkYwuvV0fHPqZZ10pCzl2Uan+lAHKPT/SmL80eeYYAas43RsnSEIcog+kJsBZ1yjyIr1GkOBhVaXEY/c7hc7YXHfUiR9kntjSRC3fdSRwo7DgcIzfMm44EzWRo5R4+Ag4wQjR8BGwPQZnZGYABlBZ2RQMjnCKCyKbwcmdnACsbNC0RmTG5KqzkuAAzlX9BGI6cN4PKYbdHFbtzCSPLXADupkBIiGyiOZrcPZSiRHBkDcIzrReOyDcp3RjU0cDZZaokc97nPdnfup92rJHuI1cnB+yqZXcYQTlhHOvt3zaAyc4T4m4AQ3jJAClRAENCzp5eTJPPocwYTkk1yb0ToNFjIyMoskg0YwhQDuSmVMm4wgnLIn8gUrtRJUY8oxIxygnlZLJ+jRDo4ljJCSJSxeLUMWW2e2OWaqqpTmoxLuyU2mPVo8zj3Wus1q+aqWtOdLME47+yrrXRN8JhA3XoPSdq8KLxnN3zklYnZuPoPidE44SNNbaVlLSxxsbpwOFJf8ASU1gJ2Slfp2xyigss9a4KmCBnLnj2RnEMAAQ2ODfMUj5yt9UMHmdfq054iG8TIySoFbWBvlByn1UjYmZLvyVLLUCR3cLoRiksnFuvcmS4AaqoBI45V9BEGBVdriaxoeW7kq1c8NaFmunng7fjo7IJsLrDdgrG3sLj4uNlTw5ll8P1Vw1/wAvFpxlc+dfyPB3JauEI8kuerbCMFyoausmqZCwHDScABcrq4yENaVoOlOnpKyUTzR7dvZep8bo4aWvK9nwb63+qf8AiNv8al/ZHj/sW/R/T0UUHilm+xJPOVu6On8PADcAKFb6VsBETW4AVvTswclb5yyfLbpbnlEqJo2GFKAGEBjXAjIUgcJPszj10AngJYPYKovfULLaG0FIfFuEx0siByG+7kIOCXdLzDaIWu8Px6iU4hp2nzSkc49hkZPuoNvt9RUz/wASvD9VS7fwvwRf8o7BMs9m+Vd/EK1rJLhI3zPx9Kt2h2dR5VFoKGfnlUXWfVlu6OsstzrnjVgtiZnGt3orSuudLaaSSurpmxQRNLnOccfkF5PZKGu+L3UZ6jrmaOnqRxfQwSD+/d/V7jA/yUbSNNEM/dLokfDbpG49SXb/ANpHWdPGKubzUlNjyRR/hwP1XsUceMHHKUMEbGBjGBoaMAY4RC1Lms9CbJb5ZHjhJNSQbWCOQKytgoYTUVDw1g7p9RUQUkL6mqfpij3cVQUMUvUdbJcKmJzKBpxBC7YnB+oomQPBTz397a2sJZStOYouC4jhx9lbtYGAAADHYIjYRG0NaMAbAIVTURUcRnndiNvJVMnfCH1E8NPC6SV+nHAXnbnX/wCMdzfZOmw6j6bjLYrhcdWfG58rODjY5PdCgN6+Nd4ks1mdJTdK0r/97rOX1Df6WcZ4Pfde20tJYeiLDHQ0UTKaCBoayJjcDPt6IZSwNSVa/uR7RZLN0jZ4bVbKdkEFO3S1rRjP/qiRuqKt7ppTpa76RjgKJRCorqj+I1JIi/Aw9/dZDrfrS6zXNnRvQsjX3OQF1TVg5jomerv8Xt2Qk75G/EP4gz0NU7o7otvz3UkuA5rOKZh5cT/opHw/+HNu6Pp5aqrk/iF1q8PmrJB59+yl9FfDy19IU75WvNVc6lxfV1km7pXHutVhoGc4KhTaOR5HfhdqHlgUerrmUzDq+o7Ad8qNE6eoGqQ88DKglsP4hcdk150j7rmzeVFrKloGMcKwgdTIAc5CgzTEj1Qqus39NlT1Fe9x0sOyKMchE2qrtJKqp6vXshSSukPmdufdU97vdv6fpTW3GdgjHocrRGOBkIObwi0leZcHIWF6v+KPTfSfiRVeuWoZxE04z+a8z6/+O1ZcpZbb04BBBuDK0Yd+S8gqKuprZXT1U75ZHHJc85JVHd0fit2J29Gm6s+JPUHV8p+aqHQwDiGN/kWScwvOCOUQNA7q4sfTdzvkhitsOt7efzTDtxlVo44isIqIqff6crcdKfDquvJirKgBlOeQ4crbdPdA2yw0jKq8mN9QMEtbyFo2iruErYqGER05G2ByiMOq1+7iBCorLY7A35ejhZNU48u2VMbQXOsx82GxMPb0UuKKltjtb4/Eqjtj0TXTV9af538uP7ozj22u15Y2KOhoyYaaISS45KK1s0pxUOAaeWpzGQwH+U3LvXCDPVaPNM78uEuVm0Sm30GkEFMQYW4I33KhVt5Jj0TyhgHP2WS6s+J9n6e/k+E+onGxja7Tj88FeNdQ/EjqC9ksMohYT/wxgpLuOvofF26rDawen9TfE+1WeV0EMhleB23XlnUXxJvF6kLKYtgYc50bErNEmoeXzSOcXcklEYbbS7jzuWeyzcz0un8ZVpf7s42K4VztUoJHqVIZS08ADpgMqPLcpfpp/KFEL5pTmeQkHlJdpu2L0WEtfSRf3Tcu9AhGpq6vYgtHbZBa6ihAeG6nojn1b8CnZyqcmW9qEY9JBmPPqiCeijADAcp8VuLhrqZs5/ZF8a10A3cHFBKWAXj+nkEHVTtqZmAfZSW0cgaHVMoIO+PRRHX4nUylhxlRHPuNQdTiWgoclKDfMi3Mltpzl3mdzyo03UMUQLacYP3UD5KR7h4rwB3KOykoohkEF33VvkNVwGyXatnOQNP5oJZVynU/v7qTpZnDGbD3RQUGAntXSIRp3v8Ar5+6I2lwchHHKIAMIewXLPQJsLQE7SE7A9UsD1UIzoYF3ASyFzWFfADy2LSM5T9ITDLjsmGXPZTKJhhsNXfJ6fuo5dnulq91T5JtYfDV0EBAMgHcpeKPUpeC8B/EHou+IPRAyEshWUGSTMhc1BQgTV7rodvygavddyVCEoZxuu4UYTZ2yu+IVPkAJGE/A9VE8Qp3iFT5CYJCSGJfUJeKPRRci8BFw8hM8X/D+67rd/R+6tcE6Dt4XELxSiCXfhC3kqUcjgDlEAOFwOGOE/UPRHDHsr2dBwnkAbgbpvin0RGyZPCZlFN8CDW9guNaUZpyASiN0qxe/AHwR6Log9lJDWroIPAQYBlPJH+X2+lAFOQeFZNDfRO0NI2aqA+Qrflx/Smmn322VkYQm/Lkbq9rCdmSu01EeDEMAKQ2slbgSnhSTBngYTHUmQjAyh8dTTybF+CntgbMPIoJpy0+VqLDJUwOHlwEWSMO+3SjgDCjuptGzmqfBXtwBKUYSU0gzz+SBQUiOe0p3wHbyob4P/lwruSnaRs3ZRX0x7NCr4v0WrCpdEW9kwghWRi9QhGnHohcGMVqK8tPGE0tcOynGPB+n903R7KYwFlETJB4Tw/HZP0BM0eyZgLA4HK6PZINISRJ4JhPsnUV2uFE4GKYkDsStfZuuT5Y6o+xysG0kZXSMo42OIm7T12Rxg9tt92pK9uYpBn0yp2CV4fS3KuonNdDUOAb7rY2H4gvi0xXButvGrutML89nCu0cofiehJKNb7rQXWPXSyjVjOMqY1mHYTlNMx2RdfaOtCcz6giAEN4XNXsi5YrA/YgbJafddSQlDCMppHbKKlglQtNrop6uzU87vGiHhSjcOZscqOZHOZ8pfKY1EfAkAyQr/w0pImvboc0EcYUaTGQtnF5yecX/oXEjquyzNmicNWn0WNlhlgkdFKwtc04IIXtQtJo3OkoJCATkxk7KmvnTdHecuEfy9SeSR5SVnsr/R0tPrMcSPK8YSHKsLraam0zmCpjLSDjPY+6hDHdL2s6ddisWUdaAeUQcppGO6WckIGuQ8hWcJy40YC6mIEenjlMTwO6gAQDuurg4XVCm8IcjIKMoLfYl0A5SA7p+xA2UId2wNl1q4nx91BXYduMYI2VHd7QW5qaZmR+IBXTXIjSOCoTc63lGFL8HgjCeyUjGyu73ZMtNVSjjdzQqLGkbndQ21yVkU0SfK8IUlO124QmPdGcEZClRyNO2UAXRAlpyzgKOriSNrhkNVfJTkk4HCgSk2R0l0tIOMLigw+/ZIte47KM9pbnIVrUUclK8sk/IqPLGHDGF+RT91hLDcDTVPhvOGu2W0gkBAwcheePiLTlowfXK1nTVeKiARSHzx7KC5wUjQAnGSj0dS5kmShg5HCE4Y4QNGOUEuy/bUah9PKI1xVRQVZJ8J54GxKso5GkIMGeccE2OY+iKDkZUUFGilDcAqGeSyHSXA4HgpE47KABEkklCCSSSUIOSSSUDEkkkoQSSSShB6SSSgkSSSSgMlkekmJKAD0kklCCSSSUIJJJJQgkkklCCSSSUIJJJJQgxLGUklCEaphEnlIyCqbW+hqC0bNzkLQuaHcqHWUTKhhwPMoGEpaoTMGN1KB1BZyKSaimDHZxx91bw1WoA9ioQmsJzypDcY3UVr/ZELsqCmsjpIfE3GyADglrgPQgqQHgbcpssLZgHZwfUKFFXVUZikNVSZB7t9Qj0dW2YAHYjkIrtUR0ncKLJTkv8WnOD6KwCfIwPA2UZzn07g5zdTfb0XaWqDh4cmxG2/ZSHMa8YyCjAM/fuj6K5Sm52yR1HW6QWzxDv2DgCMhZ2j6nr7LVx23q2P5dzhhtSdonH3J4K3rqSoi/mU8n/hPCjVFHZupKaW03emjke4bxvG2EyuzYyms9ipqlwcMDKdeLHaOqrXLZr1AJIJhsHDIDuxWIq7D1V8N3/MWDx7rZ3H+bROx4kI9Y8DzfbZajpnqqzdT0vzFrqxI5v95Gdns+4XX0mp2tNGS6nJ83fFb4PXnoGU19vdLcrM9x/wB5ccvh9A71/wBF5e0nPPC+/n09JW0ktDXU7J6edpbIxwyCF88/Fb+zu+hjn6j6Ag8QE65rcxuB7lnp/wAuPzXvvE+dx/p2nOtpxyeGxzOaQQeFZ0ddkgErPmUvcNv0RYpXN3XsYXKxZQlScDYx1LXtHG6c9jJW4e0Oz2IWbpLicgEnCuqetZI0J6bQyNil2cFK2FxdCSM9uyKybPklA+5RsGTfHCFJTeNgA4PqmxuaJOvPY2Sjjf54zgpNDmeVzcj3Q3CopnAOOW9ijMm1gHAKdXc1+TMFtCfEUQLt0/ar3FongYH+uFg758OKuHVJbY/Eb6L01zGO3aMJNdKz3C31ayUejz+u8Dp9TDFsFn9rs+eaimlpZXQzRlj2nBBHCaxoPGF7zcun7JemObW0jRIfxtGHfqsHfvhjcKcuntA8dnOAdwtkNZGb5PFeR+m7Ko5isowT3EbJp3CkVtBV0cphrIHxPbyHDCjadjjfK1qSmuDyt3jpQ524E1+DnI2TxO7P2UZ8UgOS3CYM4OytowS08odljHWHg4UmOZrhyqVpOcosc5/RUZ7K2XQcCuqthrM4BUxk7SMlVkDoeknZC6rIJJMSQFYHpZC4SOEwDHdQpIIkuZCWQoQ6kkkoUJcIGMrq4eFC0DPKS6Qc5XFAgQ2SPtwuJw3CGSByDkGrC0HT3W9fZniGrj+YpcYDQcOb7hUKY5me6xXaeNi5R0PHeV1firfl0s2n/wCTPa7Zerfd6RtXbpxLG8duQfQqwpamWnk1sOR3HsvB6OsrbdOKiiqHxPHdp5XpPS/W9FdSKK5EU1SANJ5bIf8ARcXU6F54R9t+m/ryrXNVXYhP/wBT0OGuhm/Fpd6FSRKWjGMrOl2QHN47Ed1Op68saI5skDgri3UqLwj6lovKKx7ZsuY5icZCeJBIeOFCjnjeAWuzlSWEN3KRtaOrCxT6CSQtfgkZUZ1FNT+akcMD8JPKk+IAdKcJdxtyqXBco7iBFc3Nd4dUwtIU4lr2hzSCE6WipKxpMzN/ZVslLW23Jhf4sedh3COLyImmHlxnGOFFkaTxsiQXCOof4T2hkmNxnlGdDpGcbJyZmeGQTracZwm+K4qUWA5BCB4XfCZGQiUUNM7hsVKiq9GARj3ChP1cEJheT2T1bgx2VKXolXSzWS/QGG4UkUufxYGoLy3qn4KR+ersUu3OjK9La52MZKPHUyRnc5C0w1MvRxtf4fS6yOLII+W730lcbdI6Ouo3N07ag1UE1CW58MjI9SvsCutlqusZiraRji7k43WB6k+Clsrmuns0hhmO+knYrZVq89niPI/RmPv0z/7nziKgxv0ysIUllQzT9S1nVPw86g6fJ+ftr3R9pGjOVjZ6MREgFzfY9ltr1KPDazw12nlixEltQDw5PbUk4VW6mkJzE8g/dCbLV07g2QE+4WjemjlT0Uk8Ivo6jWcYUhsodzhUkVewgHO6kMrgcFp4VZyzLPTyRakYSzhQ21bzgO3CO14IymJ/sU4P2HbI5pBzwp1NWvDh6HkKuXQSEQqcMovHPiqY9LgCCqyqt7G+ZmUoJzGQCcqxjlbK0DAQpZFJNFA+FzTgjCJTvdC4ObyrSeka85aFAlhdGdghf2vKDTUuyfS3J4eGz7tO2fRWTWmZuqEh49uyz2fVGp6yakeHwvLT7FNjY2BOuPcS1ILSQeQnRyebhNjr6OvIL/5Mx2P9JK7JTSN8ww4eoTlMROO7ho1HT/WVyskg8Ooc6Mn6S7IXrfTfW1qv7BFDKG1DW5c0nGfsvnjUc47qXQV01FM2aF+khPi8nPv0UbPxPqBr9Qyig5Xj3SvxKqaWYQ3V+uJwwD6L022X623NgfT1DST2ymqX7OJbp51zw0WwcRsCnNe4nCHnYH1SzlFgz8EgEEZyE/I9VDBOeUZpOkboWsFBs+6fqx3ULU71KJ4g9VeMEwStR9VIprjU0rgY3nb3UHJ9U4DAxnKrILROu9q6e6opw650bBOPpmj8sjT9xusvNZ7/ANLuM8Urrlbhzk/zIx/qrqR5bjAUilu+jEc7duM8/qrSyEU1rvFNdG66Z+oYzjv9lOE2+McJtx6boa6obcbPM6lrtyCHYid92gfuokU7y91PVRmKqadJadg8+o9lRCxiqM4yFMimbjGVUEOGCcjsntmex2+6vBeC41H1SyVAjqQQjh4IUwVgkZKWSgpKYLwGyUslcSVAiXHjbK6koWDPKa3Z2ERcPCAFrI8O9wkd1E31ZyUcPbjlXgoiV9L8xD5fqbuFSugcx2HHGOVo8gqFW0Ze7xIwmDM7Xkyd4t0tOf4tbgRK3nH4/urK13dlwpQ8DEjdnt9CpvhkAtcAR6KhuNDNQT/xCgB05zLEPxBEG/uRf6soZ3QLfcIrhFrjGMcj0UhMEtOLK262+GugMEsTXB3B7hUTIZ6Em214MsLhpY/GfL7rWSAbKLUwskbpexrs+oyqY6FrTPI7lSPslzkpXeaKRxMZ7YPCLHJvnC1fVvT5rqEOpwPEiOpp/wBFiIHvjHhy/UkTSZ06bN7MZ8TunAWt6mox9JDahoH4e7lgoKg4GF7y4RTxPhnia+N4LXMcMhwXjHUPT0/Tdx8J51U0xc6B/qM/SfcZC4Ot0zeZI+i/TfmN2NNZ36JVuuTIIwybfPdT7jRipibUQgbjP3Czkcgc3AGcK5s9e9rxTSuyw8Z7Lh218ZPpui1SkvisO2a4ut1TpeToJ49FrqmKOspxI0ZyA4LLXSgaB8xEPvhTelro4vdQTvyCPJk8eyRn0dmmyNc/jm+GZ7qqxmNxqY9hzwssDyF61eaFs8LmFucjC8yulufQ1Lo8bEqQfJyPLaLY91aIIaAchSY3kAAoGCOU4O0laFyeeX2MJO3vyorS5rttt1NB1Dj1USYaXDZDOIyXPJe2m4PePBkPHBWgoa0h4G2yw9PKY3AhXtDVh+ADukNejraLUtYjI3lJVCVoyQuVtI2obozjPdUdDVkYGSMK9gqBI0BL2noK7N62mPvFA6nlw1uR6qr1ey3lyo21MRYGjJ7rF3GilpJCx7cY7+qvBy9VpvjbkiOJNBBHZT6OsOpVQGTyjtd4WHYymLgwqzBrKOp8VoyUWUAt5yqChrS04yrmmmEoz6qfnybK7N3YB5LHcZR45sAAhEmgDiCG/mo74yO37qsYNKeCdDMSQpjZeDt+qp43EEf9VLa8kIDTCwtqerIwNvsrCGYPxvys8xxzspkFTpIyobKrtvZoozluc5Qp484IQKSqBCmCQSD0QHQrsU0Vk8RyDjhdieWYbhS5ox6cqGYy05VN+ipcdExkpeNyuVEIc3HZRWvDSMlTWTgjGEElwXuyVs0PhkY2U20XF9HK1zH433GU2ri1jDfTKrCHQu3WeUcjarJUzUonoEnhXanEsRAlYM7cq66UvEjyaOqfl7NhnnC86tV5lpSDnOFomkVeK2ik0uO5aDggrBdRufB6LSazdicGeqxTOGPdTIpA8AZWS6bvrq+L5So/vohjPqFoWO0FpwubbVKEsNHpNPqI2xyic+MEKsuFC15bJGNDxuCFYxyamgrr4w8jIys5rTyCtN5cWCmq3edp05KtpGiaPbf0VDcbeZW+LCNL274HdEtV1ewinqjg8AlUEpYLGKR0L9Odj2QLjSishMeQHcgqVMGu8zQoz3atuEYSaKu1109rqDFMDoOxzwp91tUNbEayjxvuQOyHVUwf5gMlOtNeInPpZePdGXOCaMdcKd0Eml4I9Fnb3bnVcOuIgPZx7r1u7WWmuNOQGgP5BA7rz27UNRQSmORh2/dW3u4OdqINrCBdDdXSt02ipb/MZsC47EL0ZlRqA2XjN0pTGW19JlkrDnyrcdGdRPuNKGVDwZYxj3KXOvciqb9qUWbmmnLMKxL454gQd+4VLFUZ2IUmGXusM68M6VdmUTMujPsiNk174QfED/uuRv8ADPGcpLiaFLJOY/IA4yo/jPoKsaPoedx2SY4O3BRHsjqGFj279igcQy7Y7U0H1GUyUaRnlVVorZNb6Kdxyz6SfRW5Iwl7QwccpzghSQQ4fdQnOwSnxT74IQpMAK9uRg7grFXWJ9rufiAeR5ytm9wdjBwqm/28VtC7SPOzzAp1U8MBrJU10TKujLmjluVh7xCHxSBw4atlaajUw08nLexVN1FRhkvisbhjuV19PYYNTXvrZ5PJA4RyU2MF5KtOjK1za1tE5+N8fZdrYGx3AuPHoqWB0tou/iF2MvyCuglvR57mqxM97oaiRrGsJzgKx1lzRkcrOWKtFXSQ1DXZJABWgjlBAwEiccM9DprPkjlBFlOpqR0T/GYzPda0HKq7zEaimIa36dylj28FTZ6troGgHcq3jfkLJ2+XwKgx/h1bLTQTl2AQoRSySycqmuoEc2oN+obq4BB7qFcIBNHpHJWvTz2STOdrq99bPmn4nW59Ff8AxnANZPlzcBZ6jkxsQvUfi3ZW1Fs8Ys/nQv2I5C8ippnx4ZJuQvoviNR81WD82fVuheh8hJpflyauw1boq5mCAML0+hl8ZgIPZeNUVSWua4D816j09UmWkBO+AF2zz1FmHtLGujLS547YTadzZYQXHBRpSJI3MI5VXC8wymJ5xvhQ1Tk0Kuj3OB2VWHGNwKu6pnlGVS1bC12rCgndzknU0peBk4UuN5BG4VNQVWpm6miYtI7oDXVfg0NBUbtBVvG/LRuslSVRD2q/pJdQG/IWa2OT2viNY5RwyyBJzkoUgBGCusOUOUZGMrO4I9NC3grafLZn7bak4vxWjA8q42TNSYsY7rk4xIXeqpxWA088k0yBzDhZfrCPVb9Ybu14Kvo5OMquv8YmoHx4yeUjbyI1PMGQLFUNqKPLewTqxvmUHpeZgjfCdiSQFZ1rcY3RrCMVL+xEenk0SDJ2OynghyrWuy4eymM+jlIshl7jXXPHBDmAiqHaeAcq0a4S0wIPuqqsJc7IG6PQTamGMn3SHwaap/dtOyN8pBUN3Dh3U0uOsghRC3+dIrh2DdJI8t+KIzTt+68p7heufFGM/Lj7/wCq8oLM43XSreEfI/qmG3Wf5RxucZKPB9CCDk7osH0I4SzNZPNYyGj5Uhyjx8o7+FogLGSkeqhy8osjiCgyDCp4awNhga1Fh5KE1Fh5KUkWS2cLq43hdTEKksnRypLeFHxghSGfSETWRMnjgJjKf2KUeMjIXJAD7JyeAPYWkj1zjbIV63ytAGwVZaw3Ogt4VlwQrOlRHCDRjg4Q7hUeHEQMDPujxAAbqlvNSHnTnYHhW3g1XSUIFNWOL5C48FRScjdHmOST7KK7lZ5vJy+3k4xuXDA23UsN8oCHE3uQiE5UislHE4NOQuDlGjZncjhG+gZPCO/S3ZRJjlSZcYKhOOSs1ktoERhccnJQsZCeN+VxY5y3DkOxnZX3TtCJJi+SPI2wqSBnizNj9V6BZKDw6VoLRq23WTUz/pPVeE0iskrJF1Zbcamojjazb2XpFPTspadsQaNhkqk6Yt7IGiV7RkNV8XapBpWHfzg+keO06jDIWnGwlI/JDkwT+aJIQ1gA22QOcjK26eLlLIXlb40U89nH743XNQa0lN08nKj102huPVdiEMHhp2Z5IVzqydIAzyo9vjE02XjIBQZ3eLIABklXdupGRMGBudyislhF6aqNtickTImhgACI7U7bK7jAARIGl0jQBsVjk8s7yW1YRJoGNjOtzc5/ZButx1EQxHYclPrKmKhhyRu7YDuo1qpDX1BMg3PAXU0GmjP/AFJng/rD6iWhqelqeJtE2wWWputSxxYSwEduV6rbKBlvp2wjGrvhV3TdsFtpmuewayNvZX0RL98LtN/o+F3Xux5fYekaDKMq5hiAwccquo4iHhxCsowcDdJsb9GWUiQG7DsnJre6p7pdJppP4ZbCPFdu+T+gIABt4v8ANHN8havNUO2LsbM912zWGGiL6ypHjVUx1vlfu7KdbrdDSHW8eJKd3PPJKtW5PZQpDgMlOe8NaDhOaNONuV5v1j1BX9VXc9AdKPzI8EVtQPpjbtsD+qnSCik+yDdTXfFnqcdP2+Z0HT1veW1szXZFQ7+jbtxtlerW600dopY6GhhbHTwjEbGjAaFB6b6ct3StpgtFtjDWQ8nGC4+p91cDA2ykSk5MZdNywo9Dwcd0sj1Q8n1SGSeVeWKCrhcG7kp4ZgZ9Vj66on6zujrPbfLZ6V+mtqe1R6xs/Tc+/wCp4CSHMlm61rgYQ6Oz08gJcT/2hw9PVq2EYYwANb5RwEGlpoaOBlNTsDI4wGtAT3O0hD0XjdwOknA2xheaEXr4w3xthtL30/TschbW1A2EwH4W+3OT3UisrLj8S72zpTpxzobdG4ivrWnZw28jfbn7r2Kx2a0dG2VlDQQiCkgHHfKrstPZyuxluprR0TYo6CnjbFDTt0taBguKq6eCqv1WLlcQ7wgf5EHr7ldcypvtX87VD/d2H+Wwnb7lUl6vtde609LdLymLw8sr6tvFMdvKPcYKWX3yB6q6pudxqX9JdFhr6sN01dSPopB3H3Vv0b0bbelKIw0cR1ynVJI85e93qSj2Lp+3WKjZR0kZ0tOp2Ty88lWoOBuoUwpw0EqtrK0wscIhrlzgNz3Tbvdm0rWwxtL55NmMHdMoaEtxUVQ1Skfoq6EtsHT0sr3tlrxqlA49FOAZE3t+qc7B3zuodTKGQul7NVfkUNq5cbg7AKgrbnyMAodxvOuMxwO+rlUclQ5zsb5KaoZGxWSZNWmXsoROSSTkeyrr11FbOnqJ1dcpQyNvqvAOvfjVcOoY5bdYdVHTEnLm8uT4145Nun0U9RJKJ6X1z8aLF00x9HbGtrqvuAfpXzr1T1lf+qqgz3OpyOzRtgKse8uxnkJhbq5R9cHqdNoqaK+V937Awx5GUeKHW7GcevsrSwdM3C/1IpqCMuLSNRxsAV7P0z0PZumKP5utZFJVY3yM4UwDdq4VRwuzE9I/CyprHMrLwBHTO30uGCQvR4IbXYQKKzsaGt747ok1XPcsUtGCxg5ONgEemt9PQnxGjW734yrOLbqZ2dg4KGOon+cuUukYyAU+aoqJWupaIiKHs7Tv+SJK1tRIHzDJHA7BdxpGGjhE3gz7svAOKHT/AHjtR7kncokjgMHOAqu83yhtMYlrJNI7DPK8i61+L3izPpbVI8MGwwUt3ejXp9FbqZpQR6T1D19ZLICx9WBK0btwvG+qvijd7rM9lFK6KPcavVYytudTcpDNUTOeTvucqG6fRwMrJbflnqdJ4iuiW58hDLNOf5rwfyTHODffPugOn1eyZknkpDtydiKS4QYy7kjZMy3OcBD3J5TgzKBybCksCLtsAJzYppjjOyc2PSMlJ0oPlAwhBCRxwQ4dLgldfXaW4h2Q2wmTd3CJikgPmByEZTSfLAOdX1DstccJwo4ycz7n7ogrW8U+wTRqkdk/mgRcZNcRH+FBCP5bcEIYnlk2cdkXwwRg8fdPAgjILW7qFyk/YNrJMY33905sB5T/AB2f0pjpAQRhTkWEAY0YyP1XS5vqP1UUjvlN1D+pVwQll6aagn8KBraAd1w1OMnAUfAUlgP4zs/TslqJHOFGE5P4Ug9542QbiyUNR7/sljI+pRtcx/4myWhx5KtvBWCUXNxygl7c8ofhEgnUmeFvguQN4LxgNr/xBLUP6gh+CRyUvA91ReR2s+qWs+qXg+pS8H3V8FbR2r3S1e654Z7J4jIOUDeAAmo+qbqk9F1oxgIgAwqIN8ydgpwAynjThQCUsAS0kpwGBhEwU8R5UBApI/g5/F+yQgJ7/soUDAycBdaMHJUnwCeyKIW84RgOxIjhpxwnYCOI8bYTWsfndQH5GMwUsFSQwY4XRH3woR2ZI+Cn4KPoHon6B6KwckYA5RmnAT/D9GpwZjspkCU8HV0E5XMFLBRAhQ4kBFZJo2xlBaCiYKgElkK091IYxuO2fuoieyU6kQD4Jen2S0ey4yThHaQMFMi00LcwPheiRhJGMqcIm44XfBB/D+6vAG5laabJzpTHUrsHJAVr4Df6P3XPAHooV8xSOpnA4yEhFIzcOCuPAB/CFw07TwAFMYL+Ur4a2WPyyDW33UlkkUu4PKbJSB+4ACCInxEFqJPBaaZLdSNeMhRpqIt7J8VY5hAlOfRTGVMbgMhFhSI3gpZoXsP0IOnkEYWjfTMkHACg1Fvxu0YS51/oNWFMY8nhc8Meimuh58n7oBjOUO0creCNgJhBypWgofhFQLKAYKcieGfRNa054ULOAEdl1pKNpBaMt4903w/dRMmCVQ3KroX+JTTOaR6HC3HT3X2S2G6DOMAOHK8+a3T3XTtv6JsLHFma3SxsXR79S1lJXQtlpZBIDvsU/C8ZsfUlxtj/AOTK4t9CV6PaOsrfcmsY9wZJgBwz3WxXcHH1GksqeUjQ/kkuBwOCO/C63lF2Y8M6B3TwBhIDuuq0ijhATCDlETiBhXggDJQSATkjKlEeiZgpfQXZWXG20lxi8KrgZI0juOF5n1H0zUWeoc+NpfTuOWu9PYr1x7NSC+jiqWFk0bXsPIcMqnFD6tROp8HiIOeN0tBWr6o6Plt73V1A0vgJy5gG7f8A0WbLQ4AYSZQz0dem9WwyhjBjKfgroGO6fgeiHGBm/nA0co4HdAHKOOFCZ4yE2xgJAZSAynKCpSyMRhygow5UIggHddXBwuqFMekkkijHIMpbRA4RA4gnZcyPRPJyi2ASe4RJcNJKortaTDmppmau7mjlXwGO6I0BwId35UawXXOVcsxMOdL25bz6IHiSRuyRt6K5vVplt8jqmJuuF5J2H0qAWMqWDw8IMHQjJNJsbHVkjCIA2UZ2BUCQOgkw5uFIil0hpBzn3VBNY5XRyan3yGqOYyDjCsw9sjdwo0rASoRPJ+g7JXVOaerAyR5T3BUSamfG/wANw+xV9drRqBfDs9u6gU0zJQaWrGHjYOX5DawfuyMtxUy02wJHKk2dwpqrcfUMD7o9TTGJ2kjIPBQoR4ZDtO6pLJcujWUlSJXCB2BL6KVIwtGCN1VNjlfTCrib/NbtlSaSvFSBG938wbae6AyyjlnXvMbwQFa0NTrIa47lV74y7tugsMkMzXDgKAzjuNQzcbkJ5yMKtp6wPxjZT2uDhnKAxzg0SWPOkA7ooOVGBwnskGcFQU1kkpLjXagkTjsoLOp6YnqEEnJqcoWhJJJKBCSSSUAlLaJPTE9QASSSShGJJJJQWx6SSShQkkklCCSSSUIJJJJQgkkklCCSSSUIJJJJQgxJJJQhW3GjdJl8Y3ChUlQ6J3gzbemVoWgHJIzhUt1oXPb4zOQc7KFp5J0UhGApLXghU9FXMcGxS+V7dt+6sXPDgCP0UCJCOw429FEY/fGFIZJkcKCmsjpIRK3HdVz3SUkuiQHHYq0aQuSRMlbpe0EfZQArZWte0TR7Ec4RoZT5SUN8clM4tc3MXqlHI0nI4VkLGN5LRnuo9dRR1JBwGPHD27OH5pRPxjZSQQ4ZCtPHJCBDWzwP+VrXFzRs15/1WZ6k+G1JX1Rv3TVY60XXGRUwDZ5HHiNBGsfntkrYSQse3DwHD3CA1z6J+tri6M8s5P5LRXa0LayYWwfEWqoq8dO/ECn/AIZcgSyOfmnqCOXNdtjOR+69GhdsO+VU37p/p3rG3PoLrTCoiePpIC8+/wDrx+EjGkCo6i6aa8NkDW/71Rx+uoDzN3/+YuhptVJP7jNbSnyhfF34EWnrRjrzYi23XZudb258Oo9PE5Of8W6+Vr1Zrx01cZbVeaJ1NUROLXNd3x3HsvuiwdV2HqilFZYLpHVwDGtuf5kZPZw7Km+Ifw96d+INq/h14psPbkxTsA1Rn1C9n4vzk6Wozf2nKvjteD4jEpG7VJp7k+PAI9Vb9f8Awx6q+G9ZivpzU2p7i2OuaCAD2Dh/6rLGQMBJXv8ATauGogpwfBkbcXlGwtl9ge0Rz5yO6uA5rgHMIcDvsV55DWRxPD5NmDkrQ265OBBjIc0bEH0T3yOq1CfEjROaHNIIzn1UCWmLDriJBHbKOyuieMtT9erGN0UZuLGNKXKI8cupuTz6IkdUxuzxhKen8U6ozpcP3QGHB0vGHBOVjkRwXsm+HFN52PAz7oT5aildnBLfUIY242Roah7dnDITIz28mW7SQu4INwtdlv0Xh11LGXEY1adwsVevhS4NdPZaxr3f908Y/Qr0Z1PT1HmA0O9QEJ0NRT5IGtvqFtq1clwjia/wVV0MTieCXKz3G2udFW0skZb3I2P5qocQHYxwvoepbRXFpgrqZkjTyHN3WVvnwztFaHSWzVA87gE7LoVaqP8AUeL130tPGKH/ANGeQHYZQ/FzsQtNeeiLzaS4uhMjB+IDOyy8jXxvMcjC0jsVp+SM+jyGs8XdpZYtQ5spa7IUtlVgDj9VWk90zxcbboZLBy5UZ4L2KvzgE5ypbKgPxjusy2pLd99lPpa+J2ATuoZ5UtF4DlI8KHFVx7BSWzBwBHdU3gW4tCJOVxOXcFXkgzJXQTlcXQDlQg8cLq4OF1QESSS4eFChHCGeV05XFAxJJJKEB5zyFzHoipYKpxTKwDbGPVDfHvspCa5uruh2L2Xlp5RddPdZ11nf4VW59TTYxhxyW/ZelWy8W68QMnoalr9QzpzuPYrxYtJRrfcKu1ziejeWkHgHC5Gt8fGct0D3v059bXeNap1X3Q/8z3aN7mZLThSoK6U+WQ5C87s/XlPUSNgr36Zu+CtVT1zZRlhBzxuuFfpJQfKPuPiPqGnW1q3TvKNNHL4g1ZyjtOPyWaZWyMdkHCsKa5ZAbK5Y3Tjk9TRroTXJexy4xuE8yZ5VdDOHgEEognxvklDt9Gz7Z8j6u30lV5nR6X/1t2KrZKiotr9NQ4vhH4sZwFZtqAeUnmN7fO0Ee6tcGe6uKXBGinhqRrp5GvB7Dn9F0s7FVNzt1TSl1XbHljhuWt2yoVN1Ru2mujPCm4zxlMizm22Kt4ZfvibjjP5qK+HTuESOojeMscSCnh4cCMIwFNT5REc9zTgtSLw7GkqUGNJ45XJIAW5ACPIuSXYCN784BUuKaUHzOBHooLo52HMbV3x5I/qbkpkJ44B2JrBbNnJ3Izj1WS6j+FfSHUxfLLbxS1L/APixDAJ9wr6nrYZNs6T6FTY377J3zOHRjv8AH06mO21ZR8+dU/ATqe3F81gbHXRjcNL9Bx+hXmd0oLrZpjBcrc+Mt2ORn/5q+2GSahwoV3tFuvEbaa50cVRCM+V7c8+h7J9Wrl/UeP8AIfSFVkt9Dwz4m8OmqN2HQ8phglZsN/zX0d1X/Z76duYfWWOV9A87kAah/ovJ+ovg71z02w1EFP8APwA7Oj2OPtut9eqjLs8br/pvVafL2tpGJirJYnaX5I91LZWascBRpnOp3mC7UslNIDjzNwV3wI3ND4pGub2OU+NyfR5i7R7Cygry04fuFNbPHK3ZwWdeKin33x6okVW7I9UzejBZpsGha4nfVnC7FVSNdsdlUx15YMEE+qnRVcL2gh2D6FWpmWVTXBdQVWRh4BXXwtk3BAVa2YAZaeAj01wGcOzsiXIlwaOz07mfSP3Uf7hWw0zN4HChz0biC5hAx2ROP6Ipc8kZpxuN8KfS3WSNgjezUB6lQAHN+oJokAyqUmFKCki9ZJTVLC6HyyAeZp7phD49yFUtmLXbZCnwXIgBkw1t9+ydG7Alw2kuOfJ0lW1tvtdbpGvpqhwx2yqcGlkw5r8ZRHUgmb/KmOR2T42ZMl+nVvZ7D0v8TIZw2nuuoYwA5b+ir6WujElNO2QH0K+W2T1dGfOCQ39Vp+nPiBUW+UNErm78ZTzkX+PzzA+hkQfSVlLD1vb7vGyMuDZcbknYrR+LqGRx6hHuRzbanU8MKeUg4g5Q8hJTIkkCfA+ldE+fwoKR2V4RCQXB4BwhtIOcJrZcduVwPz2VxeCDw4tGGuOCh3EC5QCOYkSR7xSD6mu7fdOyEshEWVdDeZ6SQW69tDHnaKbHkePv2crh7ANv9VFrKKmuFO6mqma2O7enuPQrOvN26Td4mmevtud258SeMevu0KB8SWPZqAS05zwjRVJ4IUCiuVFeKZlVb5g9jm5x3HsUUjHdLYt8PDLOOoB5wiGTAyqnWYyMKSyo2GVCZZN1+y7rygtkBCcDnsryTIblFUfITshRrJfZ1JcyF1QsYR3QsuRchcOOyjRTGAnKKTlvKEeVzJ9VWcAMDPADlwaoUkYwQRsVbjGMEKLPEMbNR9lwkZaoop7dOayizpO74xwrCmrGVEQkj78j0KnuYA4ghVlTQy08xqaIbHdzOxRhykpEoHKEcO2IXIJmTNy078EdwURUkU2A0jfO+dlgOr7BLSTmvpow6N27gOy38pIxhRquCOqiMUrQWkYVdmiizZLJ5NHLsB3Vd1J09S9R240suBKw64nnsfT81e9Q2t1oq9TW/wAuQ+U9lBimDgsttKsWDrUXzrmrKnho8SayajqJKadpD4nFrgfVSI5XE6m7Ebrddc9NGvY25W+JvzMYPiNG3iD/AKrBQu/Cdl5/V6X43hH1jwPkf51ClJ/euzSWi6RTN+WqsbjG6rbnSVNmqhUREmMnU1wURvkIeFoaGeO60hoaoB2B5T3C4lsHGWUe1ok9bD4ov70uC3s1yp75SANIErWgOaTvn1VL1FY3yh2G+b7cqqttXL0/efDfnSXaT7hbaZ7K6IVUBDm43HdDXI6GmueqqdFv+5HhnkVVE+lk8ORuChZ9lqOpLX4r3PYMY8wKzT4nRjdqemeX1Wndc2FgcBsU6ohDmaxvhRgSSpUL9TNJRGdT9MgElpUukqXQyB/IUesjcx4djbCYw4CXKOexkLPjluNjRT+IwSBw3V7b6nJAOFhrbXlmIXcLR0dU1p9UMo4O9otWreUatumRnIVTfKJlRDgjBadijUtVkAKYA2fGUJ1LEroYMBU0rqZ+Duh52Wkvtrd53Rt2Wa0luxVM4l1PxSCxOLCCFa2+twcFUw7okUpDs4VrgXXPazYU8gqGjjKUkP8Ah/dVdsrNGNRV5HJHK0bcd1beTo1zUyEY9G4CTZcbYUqWIf04/NRHMc050/uoaUsB2v8AZFjkIIUQPIOCERj8FVgtWclvTTkYKsoajICo4JwcDClxTcFLN9NpauOrGEGU42Shl2wU2V2EBpcsgXsIORuuxT4OCFxrgc7qM7lR8i3ZtZbQyNeMEhR66lGnWCosMzmHCmRztmaGk4S5xwaK7N3DKtxfG7HCtbRdJ6Vwwc4/dCqbdr3A/dQsSQnGFnlDcPjKVEt0ejfR1gDI7hRPw8fVg4/IraWDqCK5wiORwErRuPVeMW66y08gIdlh2LSr+hvYilbPTO0nPAWK+hyO3otfGGJpnszZdOBhS4ZWntlZqxXmK5UzcvHitG4VrFLocMrlzqcWetp1EZxUostDgjAVZcqAlniMG4325CmxvDgN+UVzSVnawaM5XBW265ucBTVJ8w4JU5/YjdV9fQE5mhGHDfAQ7VdRr+WqtnDZrirTCj/cs2u1nB2VdU07opdfZ24IVg9ul3iNOQfRE0xVEJikAz2KYOyhttuLhiGdwPYFPvFnp7pTnYasbFUrxLST6JAcZ8pVxQVwe0Rvd9ioZ7Yp9Hml4tk9umMMzfLnbblZttTU2et8SB5Dc6hj0Xst8tUFyidloJwvNbvZ5KOZ0VRHlv4XY2IRHMtqafBt+n7z/EKJkxILgN8K9hnDgOF5BZLpUWevEbXnwicaSV6VbbhFUxiaN2dtxnhKlWmaKLuNrL4TloBO49UZrw8Z2Ve2USx4GyLA/QRk7LM6zpQn+yayXDtJIUyKTODhVcrHF4lZuPRSqaXIAwkSWB6eQ1Y0t/3qMeZvorKjrfGjBcd1D+tmn1USMvpKnLyS08YSnEM0B3BHsgBhB5T45Q7BA5XTwgwQYHnI34RG4LcHBCiknKdrx3KGK5KfRl7zSuttx8ZgxG852TbnE2so9bRnbK0F7oxWUZAHnYMhZ63yZa6mk7bLo0SaESWeDze+02JPEYMEcqnq4GVlOH4/mMGMrZ9XWx0L3PY3yuysTE50L3MJ77+4XVqllYPMayG2bNl0Hd9cXycrsluy9EgeDGCF4hZKx1ruwfnDJCvYLVVtnhaQdnBFJZNfj78LYXDOEOXGdxkJ7DgJknKzs66eUYy+U38PqzK0eV5BHturigk8VgO2cArt/o/m6cnHbA9iqaw1j2ONPK7zM8pVAP7WaMPcDjK5KSQCUNpyUZ+HMABTIg2JSWDFdd2uOuo3RkEZGSV84XKEUtzmpwclhIX1deaB1bSuDAC4D9V85deWc0V0dUtjwHEhwHrlew8DqcPaz47/AOInj5SqjdH0ympDhozyt30ZcMnwXv42IXnsD8EBXfT1Y+nrmOBw08r2tdmT44pbZHrIIJVfcmiN7Jw3I7qQJcta5p5C5PGKiBzCN8ZCdJfo253LIxx8UB4IILdsKtr4sjA2yn22pLXvpZdtPCNWM1tyBnKWLfRQRSCGbw3bbq2DstBwqe5RGOQP/dWEE4nga5vBCvBUZYZJZNh4V/bqguDeFlJzpcMHdXlpnA8PKz2LJ6XxWr2ywaWOQ4GyITlQ2vCKDrPPBWZxwezrv3IhOAFwTavOdlyXavH2T5xkA4ygfRrhasA4nnACHcvPC8nvsuxPa7IGyVYMw4B7pTQFstyMnZH+DXyw4+lxwFf1jsx59FnoAYb8442cVoKp2qP80EG8mSPBCiIe0OOAVLZgjAOwVbu06QVOozkIrF9uBtcuQVQ3CbQyZlIx2R6tuw3UAHw3jBKxSi2aFPa0y1wM57qC4+c/dHY8luSeVHn2OoFSLw8l2S3GB+KMI+UDsbLxhx3XuXxIhMtkklA3zheHOYQSF0aZZPmH1dHGqjL9oc5GpvpQkWn2ajXDyeWzgIOUcfQUAco//DWmMsoEju7oJbvyju7oJ5SW30RA2o8XJQGqQzlWl+wkSmjI5XF1vASPKa1gB9HTyFIZ9IUc8hSGfSFZlsCtT9OtwAO6YO6LRR66gd06JdazLBaUkbGMAa3B7lS2Ny7lC06cY7KRTtz3RHVgtvQUkMbuVl7pIHSHHqtFWva1vKytWQZXZd3VPoTqrG+CLL3QGHzFPfykzlZZdmVSwGwABhJFHCWAmp4LbyNHKMDhu+yYAc5XZCC0Y7KpPgVLsDIfqyohO+6M8nJ3Ud3Kx2yyHFcHI+6Ttz9l0jC7EwyHS3krHOWEadPW7Z7UXXTdvNTUCdzfKDsvT7DbvExI4YYwg/dZPpu2FscUbWnJwvTrbTCkpQ3T7lczUT9n0jw+j+KEUToAIW4ZsFY00X8sSkblVtOfHnbHjCtXP8NoZhJqg7GexqagsgqgkEAFCBBC686slBLtOTld7TV7Y8nlvMaj5ZMfLIGDKz9fWGZ5aHZAPKsK2qaAQs5EXSyFoB5K2KWEecivkeC1tkD5Z9ThkBaWJmhgUG1UhjhaXDdWJ25SpSTZ1tNV8UeR+M7KXTMZHEC7GRndRByoN0rHtaKeGTSSMlNoo+WRk8x5WPjtM5t8iklfdbj4bG5Yw6QF6L0rYoomCeSPjufVZrouyucBPIzJfvleoW+mbBAGBowF2ktiwuj89+V19nkLnba8scBnthWNDGS4EhRo4cu23VpTR+G0bJhx5NokMjDWgjZSIoyQchNhjzvhVV/v8dEz+GUhLqyUeXTvp+6jWRb5HXS6yeJ/D6HzSu2c4fhCLbqRlK3Dd5HfU88lQ7XQ/LR+JN56mQZkf6lXMELmjLmqECtjGBkfmjNAG/omKBf75S2S1yVU7vN+EA4JS0DgpOvOpJqIQWO0P1XKqBcxo5DQcE/urToXpGj6XtTAyMmsqAH1Ez93ucfdQOi+nKg56jvzWvuFTgtbjaJvoMrXuGMoZywEFJBBGUIvdnlN3BO6R3QwWeyPkeTlFiiJPGShQML3A8qo6lvcxc3pywkPuM5AkkB8tOw93f8ARST28IhHvdxqL9U/7LWaUscd66oZuII+4B/r/wAlfWy3U9rpWUlLGGRtHbv7lNsdjpbRS+BANT3HVLKfqkceSSp5AQplpZG+3def9S3y4dX3RnQfS5cPFJFwqWnaJo7A++/6LvWXVtfX17OkOjmmW5S7SztOWwN75Xo/w/6Fo+h7QyliLZalw1TzPGXOd33UCf2k3o/pO09C2GGhgaxpjbmWTG7nKJX3V9zqiCCaaI4awHGSO5SvNykrKgxasRMOMBUkklRcJf4db/5cI2nnA4HdrfdTckLbyErrncr082CwYhgPlq6sDIjb6N91eWi1Udmom0FEzEbBj7o1ut9LbqZtLSR6WAZJP1OPqVIILRnKXKWCxDGNuyqrrdW0g8KIapXjyt9UW6XAUsJORnHGd1AtNve6f+KVvmf+BruypPHJAlotkjHm4V511Em4z+AegVq4gBJ8wG+OVBqqtsXdLlJvoAJUVbKdhfIdlkrvfJKkmGElrO+O65eLrLO8xA6R7Klkl0DOAnVrkOMcjm7n/RYzrP4lWPpimc75nNW3OmP1/NZ74lfF+m6fDrZajqrCCC9pzp9l873G5113rZK2vnMjnnIyeFpSaR2vH+MdrU7lwXHVfWV36urjVXCYmIHDWjYYVE0AcJcDPACmW211l1mFPRR6pHcJh6LZXpl9qwiIGknDdz6LedJfDStuYjrq9wjhO5YW8/mtL0r0FQ2GNlXeGxvqcAjvhap01ZM0QUZDIuPKOyA5ur125bKzsElrsNMLdaqdocBjUAhspq2qIfVybHhTKK2shcZ58OcBsD6+qlOY6XcDCJvBxpTcuZAojTwf7vTtzp5Pqiubkbpj5IKcapRpwsb1h8ULJYojBDMX1PbR2+6CViiOrpsuliKNXV1NPQxGSd+nHAXmvWXxet1AH0lsy+Vu2RuvL+rPiNeOoHGF858Hu091jpanPIWey49FofCc/JaXd96ru18qXTVVU8h3AzsAqWUtdvkZ9UEPJymtz6pDuyj0VVMKeIhDMWghDLi7OUgCSiNh3zjCRJtsa2kC0nnKfoPqiiL2RxBsOysm5AY4sjOMrpHmHspAaxjfMgSVUYP8vkd1Mg72x/h4bl+3quF9JF5mjU5AM8s3kB2T46WR++MAKEzkTp5H7M8oSbC5/wBe6IWNi2cN10StDcAKEOCCKMbDH5pEMDdiP1QnPJKbu7lTBAmojgrhk91wNHBXRDD3YSfuoTsYZfdd8RxCfpp/+7P6puBnYKskG4J4ThSzHfbB90TSAcjZdyf6kt8kwDFMceZwXRFTN+rlc1O9SuYCLBDpDM+UbJAtH4U7w/ddDMHOVOCDA0ncBd0O9EXAXcBTJQHdcwUcRnvn9E4R5QZBc8AMFP0eyMIc9kQRHPCoveyN4LydgniB5UwRNA3anmP0H7q0sifkInyxO+P3SNK47cKb4QK74QHZTYC7MEIURzx+6IKMgKa1oCK0DZVgr5Sv+Vf2CQpajkNVmGNTsBDJZAdpWiCYcs/dPDXDkKx8Mn8P7rvyo9AolgnykBhHdEZjKlGgaTnj7JfIBu4cUxL9gTsygYawDITwwA5wniIjbT+67pKsXnI3wwu+F6JwJzwnsOcHCgLmMEQ7Nwn+GEZrWu7rjYy44BUwBvAaAnBvspHgFOdENuyhHYADAloClCPA2C74Z9FOAXJsjeF/h/dLwv8AD+6l6PZIMz2V5K3kXwkTwh6qS2E84RBDtvspkveQ/DcmtjIOSpfhp3hD0RKLYt2AM42RGyEHOETwcb4TxEmqHsg+KcjAIUxhDlDbGRwEWPW05UFN4Joi2yRskIEyGZ+QHHZTGhpbuqzgTJtkYwtQjTHnCnGI6s4XfD9kz8gN+CuMJ7hC+WH9KtvBHohmIeigStKl9G0/hAQn0b4G64t/VXBhxwEwMJ7cK0hqsz2VcNS9rw2XOD6qadD25BSnpWztLcYPIPooLqesongh5c32VtE3IfNTAnytUSWm2zhWbKmKRvuV3wAdyFTWQ1NlIYBnHohGEDv+yuZqTuGgKHLTFvb90lwHRnkrSzBxhc0+yllhBxp/dNyPRVhjcgNIxsEMg5UpBwFXRMjUiM7JJKsMPJ1myLTzy00olidg5QwMLqJTaI8Ps3Vg678JjaatBwNtS3dJWxVcLZonBzXDOQvC291eWPqurtZbC5znRgrXVb/zM5es0fc60extd7JyqbTfKO5xtMMgyQMjPdWwOVoUkzkOLXY9JJJECcwEi0FdSUIDMeUvDRElMIiYB8bXtLXtBadiDvlYXqXox0T5Lhb2/wAo7vjA4Pt7L0AjKaABsdweyXtDrslXJOJ4gQQSCMYOEtJ9F6B1X0dHMH3G2Nax2Muj7Z9QsS+PQAHN3Gx+6TKOTr1XRujuiRgDlPHCJhreAm6vZDgN2eh4GF1JJUQelgroHdPA7qBnAO6IOEsBEIwoA2LbCXIGEhjO64mfiLlLIZJcByuqxY0nPZczhPSVhhIpI3tdBUtDmP237LL3a1Os9YJY8mCU7egK0oYe4RKiGOup/lagZb69weyrAatccIycsEFZAWOAOeCFR6ZLbUmGVp8M7NPorOtZUWWtMMmXR52ONsI8kdPc6fGxONj6Jclk3R646IjH5blpyFzWc7hRGia3zeDKCWZwCrHwBIAWkbqg3g/R3p+/UHVNCPBcGVjPrY47u+yiXW1F2ZI2lsjeQvIbReqy1VjK2kkLXgjI9V7XYr5S9UW3x2YFRGB4je/3X5Jsj+j9zpOJnYKoud8tVNORsCVMjp8PbgLt1t8kUhla3I+yZSVXhlsM5zngpSeEMTyXlE4MjDeyrb1RSwuNzoTiRu+Ap0X05adlI2IIPBVMXJ4AWO9U9ziDZMNnaMOHupk8Yb7rL3e2TW+f+J27IOcvaFeWO7RXeDQ4gStGCClgEiOZ0bxsrWlqi8AZyq6SnIOQEqR5idgjhQVbHJftflOBwcqJFKDjdSGuBCAySjgkMn1DBCM05UI7EFHiqMbEKC5RbJSS4CCuqANYHpJJKFDkk1JQvI5JJJQWNHKIOE1JQg9JJJQgkkklARJJJKAD0kklCCSSSUIJJJJQgkkklCCSSSUIJJJJQgxJJJQglwtaRgjIK6koQobhQSQS+MwamZyPZSKWpErRk7jYhWxAcMOGQVSVVFPS1HiRbxuOfsoWnknsOFIjdtjCrYKnXthSmPz25UCJ7HFEIyogkwiibPZQVKOSS5jXjS7BBCrZqN9OC+Fv8scqXqc8g8YRgQ5ukjburAwVsM4cBvwpccv55USrt3mNRASD/wB3+FDgnGdLgWuHIUIWqZqGc4/ZAEw4wpDXhwG/KtPBMEKWmkbL49I7S7uw8FSYKylrIjT1TWNkILXxu4I9PdEIxwgT0MFU06wQ8bh45BT4zAlHJg+qfhhWUVe/qr4e3IWu6ggvpw3+RVt/okA5CXSfxZpKy4DpPrWAWS/fS2Gobphn94353HHIHK2cNwqqFzobt/MgaRifGXD7+qresehem/iFQmG4+G/UP5czB/MjPq09u36LVTqZVyEz00Z9k27WC33akfR1seqOTkL5c+LP9n6p6afNe+jqeaakyXSUodqLR/8AQx+uy9XpL9158I5H0PWTJ7/04MCGtiOqeA/4geQfv2K9Joa+w9XWdldaqxlXTzAjIb9J9CvS+M8s6pbos5mo0covKXB+fzJ4dJbK4An2XYa6WjlEsZy3gg8EL6W+LHwCtd9Et06eb8pdQXSTNxmOceo40lfMlzt11slY+23aldBLGSMOX0fQeSq1MMt8nLsqaeUae33RlUwPj59Fc01YABr2yvNmzS07hJC8tPsVobXf46pjYpTpkG255XWUlJcBU6lReJG2ZURSAaDkp0tO2ob6OHBVLSTlrgcYVpFcGgAK0sG2FsLEBeJIX6JGnbuiMexwwCpeqGobh4BUOagkjy+F2Qi3r2McX2ugrSWnIKkw1GcAhVzJyzDJf1R2uDxlpymRf6D2qXZLlo6SqBJAY49wor6CeEExSteB+FFjc4fkieI5uABlW7ZRYi3RQs6K35nJ0zxke5Cpbr0b0zfNRmpmxyu/HGMLXDwZWkSRtOfUKJNb43H+SMLTTqtq5ZxdX4iL/KKkjx2+/Ca60uua0kVEQ4GdwsLXWyut8ro6unfG5vORhfSM0VzpBl0biw92nKrqltrukZpLvDG+M8B7eD/otdWtbf3HjvI/SmmunvrTg/8AyPnPsQCgEua7LTgr2i+/CS11rDNY5/Dc7cNJ2Xnl7+H9+sjnGWB0jRvkA8LWr4z6PHa36e1WlzLG6P7RRxV8seM74VjT3Zu2HHPoqOYuhOl7cHjdALwCjkty4ODPT84Zs4K578O2IKnNeJGDbGVhIa+ohPleSB2JVvQ376Q92Puhy4meenlHo0Qbg5RNuyhQ10MzQWu3KOHZHKYpZM8otdhsj1SyEMfdJv3V5RWAiWQuZB2TAMd1Mg5Q84Q8FdBOU4Y7qwuhmClgonlXDjsoTIwcp+2PdNI9FzJULEedkkklCDE0syipIMFYIwHm1Abq8snUtTbXNbK9zmjuqrT7pFvulWUwtWJI6ni/LanxNvyUP/oej2/qSGtIPiA57cEK7gqvExgZC8loql1JJrBWgob5k+JHM5rhyCVyNT45LmB9f8D9b1amKjc/uPR2VUrC3Q7AUyG4sAAlOCsfRX/OG1A/NXMNTBPgseCuPZpZwfKPouk8vGz8ZGjZVQvwQ9EEhByqIF7caHAYR2V0keBJk9tkjb+zqQ1bn+Rc+NrA2VfcrHRXNuJomh3ZwG6fHVscMhGjqQ7spjAcvjtX3IwNSeoemq1zGOfPAN2g7jCt7b1fSVYEc38uQchy1TvCkHnY123cZWavfRlBcszUoEE3OW7Aokss5j01lLzW8otILnTyvDRI0qc1+RnC8zlgvtkk0zRulibw4blX1p6hke1oMmR3B5CcoZRcbdvE+zYxkDfCbNAx2+FUMu+s91Y09c2RoJOVWMGiElLoDPbxKNTPK5CZNWURw8F7QrNssbjsAn4yPpB/JC2HhEalu8UjhG7yn3Vk14kAKgS2umqHatAafZQ5KGvpT/Jnc+PsM5wiTZTryjQ6fLjshOpYnA+IM+2VXRuq2Aa58+yO2vdgAglEpMzTo3cMqrz0R09fHONwt8cmoY2AXmHUv9my21Lpa3p2pFLJyGOfgFe2w1UL9nbH3RdLXDLCMJ0dQ0cbVeC0mo5nE+Pr78KOuenGukbSS10bT5gzz4H+iyBM8W8kWnK+7vli8fSD9ws3f/hp0l1Fl9xtbHSHl2AtEdY/aPJ676Irte6mWP8AJ8bMqtRxgI0b8HI7r2bqr+zcxplqum6tsGPMI3u2/JeX3z4edYdODXPbp5QPxMb5ceuVohq4t8nh/IfTmt0TbcMpERlZJEQM7FGiqQTljslU4qJowPmI9HqifMQgDS7lbIXKXR5+emlDtGipLhM1w82QrWGshqPIHYd7rIRyyM+l2ykR1jmuBLi0+oWlT/Zlso5NLLSk5IwoEsLmHBXKS8YwyY629iFYh9LVR5YQc/qjWGKw48FYiB5GyO6mAzhR3ROaqFt57JEUgGPVSGVs7CDE7SqwPOeEZkm3CtNroGUUzQQXqlkaI7hGGjjUAn1FpgqWiegmY7uMFUWgP5T4ZqijOumeW47Z2TlZJ9iZQa/EtKauutplDg6Ruk8jK33S3xPqoi2Gtk1tG3mO6xND1PSTDwLnTAdtWEepstLcG+Pa6huecApymYLtLv8AyR9B2e+0N3jDqaYF2M6SVa5HqvmOhu9+6emyHyAN7gr1LpT4rW6sbFSXXVHLs3xOxT0snJ1GglH7oco9J1D1C54x/pUaOrimIfA/XGeCpQAIymKBz5RcHhnUkkkPQB3JSyVzIzjukoQfnCWSDn/NMSV5LTw8lHdOjYamrddrJXSWq4vwXvi/upccB7O/3VZQdZVdsqHWzrqAW2Vp0x1XMEp9dW2PZbEyae3KBW0lHcqKSiraeOaKUYLXtBGEA5Tg+JofE7xTnHCNpwFgH9L9RdIyCXpB7quhAOq3yTAOb7sc47/b/qr7p3rezX2NsLZ/BrGeWaml8sjH9xjv91OER0yf3Q6NEypDDh55UiOZrhlqgyYdg/uha5GY0nIVCnFrstxJ2CcHEqshqztq5UuOfIGRhXyVhkrWU4nPZA8TfhPEgIyomVk7kpZKbkLqogkkklRBZwkWh2xTFzxGhGkysHJIcbjugggE6hwpZIIwo00ZduAnFlfVW0SPM1OdDz6KKyeSN/hTjBHdWgcWHccplVSx1UfGHdioQguAcmvjzjKQjmpzolGR2KK5zCAAFBnRT3qzU92pHQSxg7HB7gryeqp57XXSUjwfI44z3C9tc33Wa6q6Xgu9O6aFgbO0ZBHdAbqLkuGedsLZuSF531R03Pbax9ZTt1U8jifL+ElboNmpZnwSghzCWkFKpbHV0r6aVoLXjG/ZYNTSrFg9B47XT0Vqsj0eVsdqGyNBLJTyCSN2kg5Um7WmSy1ZB/upDseyhuAfggrzepo2ywfWPGa2OqrV1b+4v6inpOo6PYBlSwbHvlROl7vJR1TrfV98t3UO3Vj6OfxG9tsK0vlBBWUzbrReWZu7i3lc5xdbwuj0lkparbqqX/qriX+CZeaMFri0ZDgSFhrnSPp+RsDytp0/cjcaY01UQXsGM91CvVtZJmPjPBV4yBdQ7459mG0j1RGOxv6J1fSTUspY5vHGO4QGuRrs4tsPjltDVA8WMtwoAOl2jCnA5BGECohxh7Wo5GezKR2LLCHBW9vrnZ0lUUc3YhS4JdDgcJTC010q55RtKKs2BVtTVBOMYWNoqwtwFf0FXsM+iCSwer02pjYlgupCJA7y7uGFl71bmxHx4m4zyFpYHCRp+yDWUgqIXMwqNN1KtjhGKb3XQMI1ZSyUcpY8bHhBUbycSyt1y2kiGodE5uFe2+sLsNJWdUqiqPCfvup0MotcJZNc0626icoT4vZR6WsDmhpU9gDhsj4Z1oSU0QZW6MEBC8Qnsp88YIyB2Va4FjiMd0D4BnwyRBIQQFYQyk4/dVLH4dwp1LKG4JCWNrmWbZnMxgIpJlaN0BvmC74hb2URpVjR15LDymlwKbI7UAUEv8NwJUK+Td2SCNk0Tvh3buuskDxgJCLA37pbHxn7RLorl4kghqDjPCNPTRzAlp/NVmgNOQE+O4GBwDn4CFwNMLP+cUtI+MkgLtJM6HYjCmxVUFSMN3JQpqT+nbKTKOeB8JJPKL6xXySlla5smCF6dZbrFdIQQ4B45C8KaZaaTU0/cLS2DqOWjnbl+n0PqufdT+ju6DyMapKEj2eGUseGu4Vk14c0bfnlZW0XiG5RAh41433VtFUSREAO29CubZVg9bXfHjBYuaqi52wSZqIBh43ICt4pGytyDuUnN91nawasqS4KO23TUflao6XDYE91aeN4e+nKrLxaTKPmaYYe3cgIdsumr/dqo4eNgT3Vp5AUmmXFVC2upW8NdnIKqoZH08uh4IwcK0Y7AAHH3Qq2kZUxHs7kEIguw8VRrAGRuo95s0N0pCxzRqA2I5VXS1klNN8tV5GD5XHhXNLWxPcGF4/VEJtjk8qvNnnoaoxyt0kbh3YqZ0xe3UtSYKgkNO33XoF7s9Nd4C1zQH9ivN7zYqq2ynLTkcEK2mZNrg8o9DpazJ2PKsY5dTQccrzqx354xS1L928O7rbW+p8VmknJ7JLRsqsz2XlNJqaWlObJ4EmJPpdwVA8d0Dg5qmPDKmLbG4z9lnnDPRthPBZRnAyUyYiZhbjcbhQLfVvc51LKTlv05PIU8crO1gauQluqHjMTznTwrIvD2khUswdBI2VmdyrCkqA9oJSnHIY9wOeFzV7o5YCNlCeHNduoo4IS2EHLTuDssvcohR15czYZ3V+2Uxkd1F6gohUUzKqIcDfC1VvAqSwzKdUUz6ilE0e7cLze4QFjvEaOOV6tGPmqV1M/cgYC8+vtEaWokjc3bchdOmRxtdRmLkZ6UF7GyM+phyF6N0bdxVUjGF3mYvOJJPBfocNnK56YrTR14BfpY45C0y6ORpZuuZ7IJcsa5vcIjHahwq23TiohyHZAU4DCytcnpa571k5PCJGGM76tlhq6J9sufi4w0nBW+LhjB2ysx1NR6mGUNzshLmsEmlmEkbXjcEZUppJBVBYqp5i0O4Gyu2SgjPqmLgCTysHZnae33Xi3xdtEjB83DH5SdRXtUo1DdZLrW1fP2qbEWvDD911vGal12o8v9UeP/nePnWlzg+bGgjCsqJ2hzHA4IUOqwypdE0AaSisOG5Gy+h0Xbkj8yXVuubj+j1Wz1BqaRpdyAFYRnVlZfpGpmfC1rjkYwtK1+n2XSjyi4XYjyU1WPla3XpwHKex/ixjfhDvNKJovEaNxuo9qk10xZ3bsrivZfyZIt3p9cRLeQoVmlIc6JzhgdvdXM0XisLfVZ2nPy9c5rticjCk1+id8lrVH+cSOFOtk+HNb6KBIP5IlwuUM/wDMAI9VnksnT0E9kzZQzEtBJUmOTOFU0spLBzspccmOVmkuT3WluzBDK0/zyQd0Zx8SBueSOVFnBe8vR6eT+Xhx4UlHJujPKK+OcirMR2U2oHAyqucaK4Ozspsj9TUiUSpWGfqm+Fd2vxs44yrh41N5VVeG4khkxvrG6tWOBjDh6JOMMUirc7RKRjuVNpneUkKBO3ExKk08nlDcK2SM2mSZTqbkqrl2dlWTzlqrZwc5wkyjk0RllEqnk1Qt33TancBApH7lqNJ98pSjhl/JngzfWkXj2J8eOXf6LwyeMNe5uOHFfQN9jFRbpWEcbrwS5Dwa2aIDhx/zWyk8H9W1tyhYv8ENEjQ+USNMPFh2dk9CHK67gLRW8AMZLwhORZDsgvOMILH+glycZ2RWHDkJnZFYNwUJZIHC6uDhdTc5FsIeQpUX0hRTyFKi+kIzPaFAypltYTMXegURo3A9VaUsYjaNkZo00MyySAfN91IacNCEOU6bOkYRHTSS7ItynIAwfVZqpyZSriulGS0nJVRIQ5x2VyeDnWy3TZHlBOESEEcrpAPKfjCSAPSPCS4T2VMGXQZuOVHlO2lEHBUaY5zhDa8AJDXEb7qK76inOJ5yUxYpvIwKrOx0L6uo1NGzVWchbjoq0zvjLw0bhc/Uz2nf8Bpv5F+f0bXpq16dMrmcDZaSolELAxvJ2QaOJtNTtYBggJkZMsxc7LsbLmTnvZ9PoqVWMFtao26TK76lImky/CHCwRwhowDzslnXyOFu0Vf3Gm+7ZWxznDGcqvrKjDTgI0zw3uqWvqABjfdduKweJ1du6TI1dWPc7AHspNnt0jnid42JyBhQBE6ofgDP5rXW6ncyKMc6e6qbwhemrzJSZNjaGtAxhdfjsnvwG59lHB9UmOXI6Nk0ojppBFE6QnGAo3T9Ay7XLE2ohpyfdBr6nx3CmhySTjZb3ovpw09O2ocAHk5OQu9pqvjipHxb6t85LWXOqt/bHg1NntcNJA3Q0Y9FaxjUcZXYY2tiDMcI8EWXBa855PAt/sk0kX4iFYRM3GOyjwjAwAn1ldFboPFkO+MgKCwd7vcFmp8Y1zyDDGDnPqqO0UEhmN0r8GZ+7R6BBoon3asdca3L3A+XPAWhgjLnDbAHCGUsEJFJG2RwOlWWgYwgUzBG3OMFFkfpCrsU3ueAdVUQ0sLpJXYwFlrfA/qq9OrpmubR0RxGP6n+qk3Wd93n/hlEScH+bJ2A7j7rQ2+kZQ0kdNG0NDB2HKgX4oljAaBlO1hByfVLJ9UDWSBCMrmn3Saod4vFJZaQ1NScvd5Yoc+Z7/RTogrteHWzw6SliM9dUjEMQ7Z/EfYLnTnTsVlpzJM7xq6fzVEzty5yB0paqoO/2iu79dxqBs3lsLOzQtEQSckoEiCD9IO/ZYLrXrSphqIunem2/M3epdpijaeD6n7IvXvWwsvhWe1U76y6V2Y4IY3b59T6AZWg+Fnw0Z0zTOvHUDjUX6sIfUyE50Y4a37ZKphJ4J3w2+HNJ0fRfN1gE9zqQH1E7uXOV3fb6yMGmp3/APM4f5JnUPUDKRhp4HanHYnKy1LS1N2qAwE6Du9QpvIaN893nNJS5awH+ZJ7ey1NJRRUkLYYWgNb7cn1PulRUEFBA2GCIDHJ7k+6lbAblKsf6Kyc1KLcq9lLDk8ngLlVVRwt1E/b3KqmRyVUoqahpx+EFUlkgKmoZq6YVlYTj8LfRXGQxoxuEMeTAQJn4w3JVSIOqKjPoFmr3d2wAuaNWPdC6l6hhoI9IdnY8HlYC4Xsva+qqZNELed02upsOMd3RbV10dkzkAZ4XinxL+MUzWvsdmmzsWyyA5B9h+6pPiR8U6i4STWSySlsedL3g9u4yvMxCZDvytddWD0Gg8ZsxbYO1uqiZpXFz3EkklObFk77J0VPjDR+263fSvQUs4bXXJg8B34XbFFhI69mojUsFH070lU3mdrZIz4BPmOF6pZ7Na7AAaWlaZAMaipNOyOCIU1vgYGMGPKN1e0NmAjbLVjJO+n0CttI4uq1jk8FdFQVNx/n1bPI48eytoW0tO35SlGt4491MjifM/wo24jbwE26Vlo6dpjW10ojaOT3SpT2nPjJ2SxFcjY6Jw89THgeuVm+q+vOn+loSZ5tUrc+TOF5l8Q/jo98stB05M58R2Ds8Lxe4Xeuuc7qmtmMj38lZbLTuaPwc71uv4RvesPjDc7tO9ttnfGw7A+y8+mrJqgfznAqJ3JSkBOMLPK19HrtJpKdNDbFDi85TV0AlOZG4lL5n2aZOMUc8PKeIyUZkWQDhG8EY4QzTQqcv0gMcPfCMyI+i6JImA63Yxuoc1xwdMP6quwMSn0TiIowNZxhR566NoxG8g/ZRNU87hq3T/CDNyN0YxQx2NM8rycnIRIqaMjVMuNc1oxpCRk1bYQylgJ4T4JGqlhHkO6E6uc7y7Y+yjYJOcrqBSyXs4yFc9zuSna3eqDpKeGknCaQcXg9kvE7YXNHsu6fZU2QWSnJJ2QlbyuBmn3S0+6drC4ZQEtybIJJN1pa/ZVvJyLBXfMlrb6Ja2+iYpovJ3J9FzJ9F3U30S1N9Fe5EyLxD/SkJXDcDCd5UvKplEyhfNTjYFIVdQPxJulvqnCMHuqyhcorscK+cd07+JTjgoGn3S0FXgLYkiY24uJHiNyEdlwpiACMFVOn3S0+6jT7EyhB+i9ZXU+26MySOTGl4WdAI4K6HPach5CpyFSqyaYRp7WkYWdZV1TCD4pOFLjusuweScKdipUy9F41jiBhPa0hVtNeqbOH5BKsIq6kcA4PCnQqyuaDtaMcIw9hsmsLX/SR+qMwAhHGKYl5RzA9FzQEQMOUVrcY2R7cdAuWCL4X+H90hAD2wp4aMbhLS30U2sr5CD8qfRM+XKshDnfT+6IIW44wi+MW7Coe18eMjlJkoGxCtzTtx9IP5IRos8MAV7C/kI7HhwBwnhoJB9ET5R4G2E0RzNOXxkD1Cra8gy55OhgwiaAiRxlwGyKIfUI1AXvwRvDS8NTBF7Loi9lewrJF8E+iJ4KliEYT/A9lNhfBB8FE8JSjEOzf3T/Bae2EeEBvwQfCHouiIA5wppp88bJGAjurJ8hFDMdl3T7KR4Q9EvCHogF7wIAHCMyRzTsUtHsn6PZQtzTWA8MzpXhj0fwwfp3UMAg5BR4Kh8ZxnZQQ4hiwjlNEWpS4vAqG5duU4QegwFAM4IBiQzF7KxdT7nLc++UMQjPCMYrMFe6Ij8KG6MOGHcFWb4WkcIMlNgggKFqzDKSqo2g6oRhKmkfGAyTfHCtvBB5ao81HHIAC39ETiNViBENkAGECemGM+qYWz0b9D2l7BwR6KZEWzsBaf/RVgJTaefRTz02OyjOix7K9npMDKgSwBL2jPlZWFhHKZp91NdF7IRiKHA5TyRNPulp90bw3LhGO6gWQeMJLp2XFBy6GpJySojjngsLRe6i1yh7SSAV6pYOoaW607T4jQ/HGV42pVBcZ7dOJYicdxnlNhPBgu0inyj3Zru+E9Z7pnqWmvFKxjZR4vGk85WhbvsRghbYvKOLODjJoSSSSsWxJJ6SgvdgYknpKFbzjADnIWR6u6UjqGuuFvj0uG72Dj7hbAHKbIM43S3yOpudb4PFjCWktxgjkFN0+633VHSjZ2vuFuj/m/jaO6xTo3NOlwwRsfug2nTqtViAafddDd+UXT7pAY7oDQIDunDldGy6oMbwPB8uEgMriSgmUshMdkjylkritvIAVJJJWUPSSSUIOwF0bHKSSPBCPcrdT3OndDO0Zx5XdwVhtNVYK10EwPhk7HsQvQ1U3q2Q10RL274QSXOTRTdte19FLUU0Fyp9ceCSP0VLHLUW2fwJwSzOxUlr6myva/wDvIHHH2VhPBTXWmEkZBJGRjkFA3k2N7eV0fTJz2OFcdOX+ts1ayanmLcHzDs4ehVNq9k9rsb+i/J7jk/d35HvFru9F1DRa4y0S48zPdQKuiEZ37bLyiydS1Vlq2zxPcWgjIzyF7Fabvbep7eJ4HNEob5m53BWacGmA8xG0cx0iN3KsHAuaC0cqAYPCPHClU0+PKQlNAvkM9ge0tcMgrLXCCrsFcLlQtJiP94wenqtZkHgINRDHLGY5RkO24VFIkWm6Ul3pWzwPGSPM3uCiTQmN2cggrDzxVXTFybU0rj4MrvM3stnbblDdYA6N41dwgFzD007muDXcKyieHNHmVbLTubghdppnNdpcdkAl8lwHZXC4ggoUZy3KMBkZyoKwHimIwDwpIw7fPKgosUuDg8KCpRyS0k0PaRnK6TjsoKawESSSUIJOTU5QtCSSSUFiT0xPUIJJJJQjEkkkoLY9JJJQoSSSShBJJJKEEkkkoQSSSShBJiemKEEkkkoQSSSShBJr2hzS1wyE5JQhUVNK+B3iwg6eSE+KXVjIwrCRgcMKvnpXMIIH7qFp5D6s7go0RwcKvim4aVJbICoEWDJB6ImrbOFCyRwU9sz9g88eigGCYolbRNqACzDHjgozJ4zwUUHuoCUIq/kn+DWHSc4BI2KsoajUBjcKRV0sFXH4c8TXD3Co5WVFkcNWZ6d5w0jlv3ULbyXrZNQ4TgMAlQKWrjqWCSIgg+nZTGSZ7K08AnQ1koLJGhzTyDuCq6S2VFNIai3Shn/0L8P5KyYRjjhLWDwE1T9AFcaqOsiNPXxN8wLXNeNivOrp8Nbr0tVP6j+Gs7KKdvmfS7iKT/mbwfRepvgimBD2A5743UV4uVE7XG4TRf09wnU3Ot8C5x3rDMX0v8Rbf1K3+DX2i/hV8jBJhdsJPdu6qviT8LbD19bPla+nbFUMyYauMYfGfY+nstH1h0BYes6c1MbGwVmPLIBux3qshbuo+peia42nqtslbRvwyKqc7OPucLt6LyEqpppnPs0u4+W+uegeoegbm+gvNO10OcQ1MZyyQdj7LKywOdh8ZLT2PC+8rlaemet7W+GYMq6eVu7Njg+4XzH8T/gle+i3y3HpyGe62lxLvBP99Tj/AF/9F9B8V5uNuK5s42q0Uo8xPOLT1HVW6ZsFcXOjOwJ7LX0lziqQHwPDvXdeetqKauHhg74zvyE1k1bbZA6nlJHplesjPK4Oerp0vB6tFXObjOyn09dG/wAr3YysDa+rqGrDaepeY5hzq2BWlhkDmhzTqB7o+zoUa1tdmhdRw1Uelu3fI7KslinpJS052/dcp7hNFszZWlNV0lc3RUANcNsnhX+J0I3QkuyNDWsdhr9ipTMPGxQay1Fo8SDzA8EKLG+eE+YkY7FCpDVYWBY5pyB+6c1rgN1GiuDQdMoU0SwyNBZt+atvA2MkzrXdnbj0Uett1BWt88LWuPdoRnjOMJgY7Y5Vxm10SyqFsdskUs9grYB4lvqckfgcVEfcqilcI7zb5A0bagMrVseWdkpBSVTDHVNaQexGU+F8o9nKu8LW1/pP/o+jCXboro7qdjpcaah45yBuvN+ofgxdKYyS2yTxYxuANyva6jpKKRzpbZP4budJ4Kpqn+M2iXErHuHG24K2V6xt8M8nr/D1S+zUU/8AVHzVcrTdbLN4N0oZoMnDXPbgOUEylh27919Oy1FlugEVyoo35GHNcNishefhJ05dHyTWp5gkduIyfL+S2Qu3HkNZ9NtNvTST/seO0twmgILX7ehKu6G+BwDZDjCJffhh1NaHOdDB8xE3u0b4WWmFRSP8KpgfG9vIcMJjksHmdT4yyl4si0b2nrIJQMO3KkB5wdl57T3GVj9UTyD7FXNJ1DIAGytyB3Q7+Tk3aWX9KNY057rqqaO/Ukp0OOknuVZsla/6SD9ke5mJ02RfJ1LJTd05EpZB2sWSugnK4kmZGBtsIJ5SyfVJWUlgSSSShYkkklCCQgcIqCoUwuW+oS16Dqad0DJ9Usn1KFxTJGTg90eGWFNeZ4HaXEub7q+t99GQWSFp9MrI5KsbfNTwuzURlwz27LHqNOrOz1/hfqbUUWKF0+P2bulvlRqyd/YlXtNXQ1LA4kZPZYaNznt1wYc0jIIKNTyVMZ2cdlzLtFH0j6lovqZ8Zlk3ZqRHxwiwVrXEBZOlvTm4ZMQR7qw+bZMBJC78lglp3Fnq9N5aq+O6MjVRSl/BwjNcMEF4KyUFznjdpzsPdWsFzikwCcFK2HUhq4zRaOYyQYeAfuFQ3HpOnmeZ6BxgkO+x2VxHUahkHOUZr9844RFShCzlmQkZc7Q0mrgMrR+JoUqlujJSDGd+4ytM6Vsg0uYCPdVtb0/Q1TvFhzBJ6s2B/JCpZKdcodD4at7hnCn01WXbOIKpBR3Smd4Z0yNHBzyiQyOzgkgjkFC0h1Un7NGyZuMghObLnncKqje4DOoo8dQRsQoaFPJKkbnGAhgaDnTlPa/PIRPKW8bqmW4KQxsccmA4bpzoJwA6J+kj3XPDJcCOyMH7AY4VJC3WmOiq6mIATMyPUI0dxhe7EjC33TQQBgjZNfAxw2ACKM88AypTJxFPIzYtIKh11joq+IsfC0hw3BGxUYw1DHZhbn80aOa4s+sAge6jE2adNYZhuovhH09ctRdbY9R9GryvqL4AVNO+WotUjjGN/CPb7L6TFZGf+0O0lddJSTjS1wcDymRtnD8WcTX+C0utWLII+L7j0V1HYQ6SakkfEPUZIVJ8w1xLHtLCOQV9u1XT1BK/W6MHUPRZDqP4OdO3inkDKdrXuyQcd1rr1kl+R4/X/RFUnml8/o+VYnFu7XAj2UiOslgcNLivUb7/AGerhSwuqrLV6nNOfCcO33WBvHRPUljy+toXlg21NGVvr1kX0eM8j9MavSPGx/8AQdTXdjgGz4zxsp5NNM0GOQZKyhp6iM7wu/RHgnkhI0uLXBaY3xZ5u7xttb+5NF+6mDtxshuYWHHqoEF2qoz/ADMPb6KdHWU9SNnaT6Ep2+JinXKHDQZhKfsRyh5B4OUzB/qKPchcY5C/LtlOCiQw19D/ADbbVuY8bkZ2KYx2khSWOJajU8dAyS6ZPpOqxIBTXqlAI28QDYqY+3UNa3xrfM3J3wCqJ7Y5Wlr2g7d1EiZV0Uni0UzmnOdOdlprsa/Jmedaf4mwtXVPU/SsgDSX07T9Azj9F6v0p8UbJfGMp6p5pp9hh52yvFKXq2N7RT3Km9i7Clmht9d/Pt84Y/nAOCtPyRxwzDfo/kWZLk+mgdQyAVw8LwjpvrW99MObBJLJJANtLzkY9l6rYesLZfGNFPLplxlzHn/JXg5N2klWXp2dhFZ9IQR9XGEZuwUZgaBpJLhOxVkOl2eSkHY4KGScrmSoQknB7hUHU3SFt6iDJXufTVke0dVB5ZG/mOVcOJyPZdBwMJcot9BRsnD8WYyHqXqHpF7aPrGmFRRMAaLlCf0L2Y2/Va+lrKS5U0dXRyiWGQZa8HYossUM7DHMxr2u2IIzlYyu6RuXT1SLj0RUx07CS6WgkB8KT7c6TzwFSHZjZzPh/wDka54c0gtP5rjLhJDII6gZadgeyzXT3XdBcqp1sutM+23Fgy6CU8+4PcLTuhZMPM1pYR332RCnBx7J8cwcMjBz3T2uyqF8FZbA6opXeNTj/hk7/krCjr46pgc3Y9weVMitjLIOOckowIxyFDB7pzSdQ3KrBMEhJMBGNylkKijqC86dzwi5C47B7poY1lSxx0j91JDQQDlQ5Y9wWhOilwAD2Ri2snZoM7tUfJad1Pa9pGMIE0AdxsoURZx4g3CieG5jgVMcCx5aRsE1wD27BQIj6dQCEQWcI7gW9kBx1HfbCphKTRj+sulxWNdX0jAJgMuDRyvNpJJYJDFKwhwO693kbq5GViOs+kW1DHVlHFh+5cAOUicdx0tJq8f6dh5pcqOG6UzoZgDsceoKwM0T6OodTTZGkkAnut3K59O9zHggjYgqovlrZdKcjGJG7tcOcrl6rTbnk9b4jyE9FemujNujIAcO6sLPXvhf4LyC07EHuFV2+q8KR1FW/U06Q4qVNAY3eJH99lxNRRsZ9V0Gqzi2tllVQC3VXzNL5WS7kKzm8Oqha57Ny0bhVEFUaikMMu5HB9FKttUI/wDdpyc/hd2WXCO9C6DW5eyhvlI50hGOG8rNuaWkgjC9CulG52ZGtBaRhY640UkUpaW87goTma2nneiFH9SfIA5uBgfuuBmCmtaScZRnLsjlEOWMxPII2PBT4nkEbKW+NsjMO7qASY3YxndVjJmS2MsqeYtIVzQV24Bws3FLsFMpZdBSpRydLS6jY8m5oKoPaBkKyY7UNgsjbq3BAzwtFBUNc0e6Do9Rpb1asjbpQRVUTssyQMj1WRfG6N5YQdity52scLP3W3Py6eNu3cD/ADVPAnV0KX3opE+Mua7OE0fVgKQGgtxhRI5WcMm0dWWkDZXlHV5GDhZHUYn7FWlDWkEEq08Gyi7HDNNkSjCi1FLgZA5Sp6oPaNt1KDvF24Vt5N2NyyU+ksdg9lJgfghFqaMkamjCrw9zXgEYVdAtuBfQyZHCI47ZUKjlBAyprXbZVYbHwllDHuJQJtyCiOdqzsgZIJyFFEvsfFK5hwQp7cSDAKrX74xspFJM1rsPKHHI2meJYZKMLj2QJKUkZIVhHpfgjdGEWpuwCp9G+Nan0Z57ammdmE6QpEF5dGQyqB+6sJKYZ3blRZaEOGdIH5JLRfxzXTCmop6hupjkJr9LhgqKaSZp/ljb2TmmRpw5vCTOOS1KSNh0/ezSyMa12k+udj7L0ChvnjsbrcCvGqefABC1lnvcZjaxzsOGyw20fo9J4rXttRmz1WhrwSAH5z2KtGyagDjlYOhuQw1wdlai3XFkzQ1x37LBbTg9XXqIS6LjTq7qku1m+Yd49KQyQb49VcMfj3XZBqwVlawO7M7bLs7xPkq0aJG7AnurxsvfTlVN7s4qmfMU/llZvt3USzXsud8jXeWRuwJ7qBbscF3crdFcINTcB7ePXKpIJ30c3y9S0g8A+q0EcwJAQq61w3GI8B/Yo08EzkdSzOmbj/JRrpRw1cJimZnPB7hUsc1bZavTPqLAcb8FaKKeCug8RmDkcInJNYFTjk81vNmmt0xkjB05yCFYdP39zHNgnfgjYFa2qoIaxhglGx7nssRdrBVW+oLo2nA3BHdKwKxt6PQYpxNE12QcqXTT+AN+AsR03e/KKapeecA+i1Yl1NA9EuSNNVjJ1Wx+ptbAONzg8qxpaptTC2RvcbqspagNHhP4PCjiWS2Tam7xPOfskShno2QmX0p1jThKikMADHJsbxIwSN3BGU2YhzdTW7tOcJUo4DcsFzDIMcZTKhoPAUekna+NuN8/spEhD2ocMIjHfZGpJB4UkEg1AoGjzYyuB5p5A4/S7Yooppk7KOtgNBWk8Mcc/ks/1dQNliFTGwE91tb/AEZqqIuY3D275WfnhbPRvY8cMK20zwY9TBThtPJLrTu0am8tQ6Scuja7u3lXNdTYL2Fu26z0LgwOBHdb08rg83dX8bPX+kbjDLRAh3IHJWnaRjIPK8l6PuLYKlsUrsDORuvUoJWyNDmOyPugaTOzo7k4pEonxODwFEroG1MD2FuSBsjNfhddjOClmyTUkYNsj6GtdGDpBdkLR0z9QBzlVfVNvMbxUxjGDlFs9W2djW6uW5CJdic7WXAOWlQa2PXGY8cqS3OeVHqTqOkFaqntaYi+KnHB83dcWoWnqWojZEGxyHU3CqIycEAcL074vWuEMirdGJCdOQvNYmaW5IXvvFX/ACV5PzR9V6D+D5KyCWE2X/S9ZLFLoDsAHhbhs2vAwvNLZUinm1re2+YVEAl9V6Gt7keWTwWLsyMLfZUNJK+huD6eU4DiQr2B7c6cY9Fn78ww1EdU3s7BTEmi3LBc7E7BUN5p9NR40bcY3JV1TuMkLXE8gKFdotdOcclVLLDjMjwOMlNgnKHTktmBCjWqZ2oxO9EWchkjgG8pLRq0trU8mooJg4A+qnOl4wqK1TkwA47q3a4EA5SZrB7LRX7oII85AKUW/kzhDY7zhp7pbeO/HCXjJ14WcEO4EsqGn90dry6MHHKDdGHwQ4cp9M8Op2DuFnmsDMkK7NL4xgbg5UylJdStJQ6oBzdwu0zx4AHcICEWsHm4Sp3AHkJ9T5uyixt0uVMrdhli4gs29CoMzdzlSoz5RlR6oeXA9Utj/k4IbHeHMHAo5dkAqDJlkgz3UyJwLQUtARlzyArmaqKRudyvA+o4nQ3iojx+Ir6AqGiTbnK8U64pRBe5jjklOp4PMfVEN1Cl+mZoLrOy4/1XU0+fPsI1PcmNT3IwJRyCxvnKFJyEZBk5Cjf7Cj0Pi7Iw5QovpCKOVCpSyw44SSHCSaR9DjyFIb5WoA+oIzXcHHCalkzWPDJVEPEmAcNhurQKvoMNmzjsrEEHhWb9MuMh27HKe7GnBTGoNc/SzCIfZ+OSmrnu8Zw7KA47nKmVDtTiVXynzBDOWDmqTbyOZ9QUkcKNGDkFSRwgCzkaOURu4QxynfgQsXI4SBndRXHOd055OTugZOTukzlkNJYE/lDHdPO+FwNJGFknwslrl4LGy291fXRxAeUHJXrlgt4p9424GMFYvou1PLWzEbu2BXpMTBSwtYBvhcbV3ZeEfRvA+PVFKsa7CVNVpGgc4U2z05I8aQbDf7qqpw6qqg0gkZ3+y0UQbG0MY3ACwqW49dUuOQjnYdgDZOlaGsCTY9skqPUyYIBK7mkjiOTn6+77WiDXzlucdgs3UyPklcSc78KyudRqecHGAq+nHiyhp77rqReOWeUcXbPBbWelc4NyMlx5K1UbBGwMHZQLVTtjjBI3AwFYHhLnLcdDZ8cUhSYxyFXVdSG+XuiVlQIhnOcqvoKeor65pbu0Hdb9Dp05b5HkfqnzS0OmddT+5mh6RtIr6xs725aN8L1ejgbTQNjaMdyqjpy1w0sDHMYAcbq9XUxjhHxG7UOzlh4iS7CsoYxjjdQqWIlwJVowBredgjMcmLxRA0vOMAZ3WVmnqr5XYId4bTj8ka93U1s4t1ETpzh7h39lYW2ibTQhjRhx5UIiXSUzWNbFG0AAK0iiDAMBDoqffURk+imFuBsUtvBUngcwYBVPe65zG+DE4ajypdwrvlqdzgQDjCq7HRvuFUaubdrDye5Q7/2Uv2WNhtfydOJpBmSU6yVcgjCQAHlHCRGELn6Ak8g09MXXPa1pc44AGT9kRY2srqS2Ub66tlLI2d/VUlittZ1FWC/XyLSyNoFJAd9LN8Od6u90rfDL1bXfM1Y/91Ux/kxkY8V3qQtlGWN2IQSntYQwR6AAG4Hssz1x1rRdJW8ZHjV1SfDpoA7Be774OOyf1d1rRdL0rqmZ+ADj7qk+HXRdwvld/t51b56qTPy1O9uWxNPcb8qs5CSLT4WfD2sp9XWPVT/mLxXeZrXjPgN9B6c/stpf71HaYCxrgXvGES53aGzUZe4hu2GgLER/P9Q1xkcSGk7ewVFvgNQ0tZd6rUckvOfsFtqC3w26Fscbcu/EfUrlst8FvgEUbRrx5ipJPqglLBTCHSBkqJUVAxsE2sqfNpZuohJceSh7EtieDO7cbIoAaBsk0ADZdJA5KtLISWROIx6LHdXdVUtsjdCyUeKfTt7IPWfXNNa2Gjpn6p3A4wV5Lc7uWxzXa8TFrOwPKfXVl5Y+Fbm0kWNyvBlMlfcJsRD32AXiHxF+JNTdJZLPaXeHTt2MrXfV7Kv69+IdVfpja7WXw07DhzgcagsnBTvkI2WuMUkej0XjlTiywZEHOOSNz39Va0NtqK6RsUEZ32z6KTZLFUXSoEMDOD5nY2C9Rtdtt/T1OJZ42veBsPUomatVqdiwit6b6Pt1qjEt3jDpcArU09PV3EGGkGiA/i9k+22Kvvbm1c/khJzg+notfTUMVNGIomjS0dlnlPDODqdRKT5INtssFE1ukB2Bz6n1Vo2PIy7YDv6IdbcKK0UslXXSBjIxk52XgXxI+PT3Sy27puZ2hpwSEq2WA9Pob9dJKtcHpXXvxY6d6Qp3U8EplqwNgzt9181dZfEm/wDVVQTPVv8ABJOBnGyzlbdKy6VT6ytkL3yEk5KjljT2WaVx7TQ+Ip0i3SWZHN+TyV3OVxdAJWec9zOmM5OycGEnB2RhGe4RWMY3coQjkcQIyQixsAzhDdMxvlxhClq8jTG7buj5I05kl0zI/THdR6m4hwDITj1UZxc7lyZGwAl2FWCKGArnPkIyuiIDB2SDxjTpTdwVYeUlhBQ7SPKMIZlc47pwYSutjOVRXLBhruQE5rTwRhGDQBwu4CB/3KGCAkZwuiIg5T/EwMY2THTAAhB0E3geGtwunCjGXc8rhkJQu0FckgvaOChmYeiBqLih59HFKdjGbM8knxfZIzE9lGz7JYz7Id+SYJBcfVCc855XN+5TC0lUWFEpPZLxD6IWj3XNOELyVgP4q74h9P3UbQ71XNDvVTktxwSfF+36rokz7qNpK7oPp+6tTaI1gm+OfVLxz6qLgLuFfyAknxnJ3iAqNgJmHNOcq1YwZLJOaQTyigAgbjKgNmOMInj4TVaVklFre3+aEW7ofjD1/dP8QJisQGBySSSqU0yD0l3Suhue6rIWQWB6JzXuYQWncJ4hyu+CPRRtMB4fY+O4VUbw4SHb3VpTdRyRYEkWrHuqXwz6J2HcAKt20S6oy4NjSXuhqw1odof3DlZQubLw4fqsAzy7gbo0dxqoj/LlcMe6dXYvZlt0v6N9oSaw5VBbeqTgRVbcgbZWjoKulqvMyVp9RndaIyhLoxTonFhBHnGQjCBx7IrYxkHGyKGY7JhmlLaRxT5GcLvy6lafZLR7KC/kwRhBjskYTjcKX4aXhqsE+VkIQlp44T3MAAwpPhey74aspyyRiz/D+662M5yAjhm42Rg0Y4UB3sAIjzhP0eyMGZ7J4g9lCfKyN4Z9E/wz6KR4ITvDaoL3kXwz6JeGfRS/C9l3w1AfkInhD0S8Ieil+ETwl4J9f2ULIfhe37peF/h/dSvBS8FQvJF8P3S8P3Uvwj6rnh+6hMgIXPjOWqzpKrWQyU49CogjaOya4E8KAt5LV8YPA/dB8IDsmU1S7SGv3wpmGuaCDyoCQzEPVcMQPf8AZSvCPYLmkj8P7q8FZRAfDx5c/mgOhO2GfurSSNvYKO+L2TYrJcZ4K+aMEYAyFWz0ssBMsGQM5ICvXxF2MBCG2fIFTSQyNnoqYKoyDDwCU6SKOQEhuCu1lGWONRTgju5oTaeUH79wgwMTIctKQeFGkhx2V06IPHCizU59EGBsZlSWBDLFMczBxhCLUI6M8kN0eOE3T7qU5vumlme6g1SyR9PukR7o5j90ExkKBZBkYOEkXCa5CngY3wSLZXVFtqG1FO8tOc7L1jpnqemvVO1r3hs4G4zyvIAecJ9HV1VvqW1FNIWlp3GeVoqtaObdp1Po97SWe6S6ljvdN4cjgJoxuO60RaQtKkmcWyLrlhjkkklYsSSckoANSTklAxuRjGFkeq+mWSA3Cgjw7mRg4PutgkdOCHDY7KnFMZXY4Pg8edEW7FuCmgY7rW9S2JtPitpxmNxwcBZl0eEiccHTqvUlwDGySekhGSm2JJJdaoUcDDlPDduU7AzlPR7SCSSSUIPSSSREEkkkoQcuPY2Rul42K6kqwWuHkzdyh8CV1LVQf7pIcRvxwVSOiqbLUam5dA7jHGFuq+iZcKV1O84zu0+hVBBiQvsd1aBJ/wAIkc+6Uaabc/a1wfSDoSOWpobp/NW0tNkfQocsOg8L8sYR++SC9nfKn9PX6t6frW1EDzoJ8zc8oDm+6juYB3S5QTJjJ7vZLvRdR0YqIJGiUN8zc91J8IsK8Ms19rbBXR1VLKQ3ID252IXstg6jouoqZr4nATY3bnlZbKymsFmw8hOlGwIXGjSSEQ7rM+GJ9kGtp4qqIxTMz6FZ6nfV9N14eCTC8/ktU5qhVdLDUwuhlAIIxxwgJ2XtHWw3KASx+iZLGW7gLJWqunsdR8nMT4efK48Eei2dJURVLBIw5z+yoCUMA6KscwiCoOM8FWjH87ZVbVU45aAEqKd8WIp3Z9ChksmeUS3SzjdNa4Y3ThugXAljmTEbKQDkZUN7cYKfTzlv1bIhUlknpJocCMnZdJx2UAOp6YnqEHJqScoAJJJI7qEH5HqlkIYye64zJ78KFMKklkJKAMSSSShQkkklCD0kklCCSSSUIJJJJQgkkklCDEkklCCSSSUIJcPC6koQZvld0NcNwnY3ykd1CFbWUmD4sP5tQYZDs3CsSw6gOyjVduyfFgJa474UCHMdtwnqHFOR/Lm2cPXupTXeyhfY8Nc36Tujsnl2D48e6G3kFSMtc3DgoAFZMHYG2V2VgeMEAg+oyo01K1w1QOc1w9CmitfFiOeM5HdQAq6m2VVtmNZbAZGOOXxenuFIprpHKdGMPH1BWjZQ9upvBGMhU9ztbpGipocRzx+m2oehULLSGo19lJ0gDPqs3bLs+HEVfHolJLccZ+yv2Py3VvgIVIJxF4jWuAdsjAsLRgjdBcA7dMa7Q7zE4TFPIoZPQkvM1OdDjyOxVfX2elvUD6K6UzXAjynHdXkcsUuGtO67LT8OxynRscOgXFHid36ZvnQlaa+xyOdT5yWnJGFc2frO1dQBtNWU5p6sgAhx8jj916eYI5GmOeNr2kYIcMhee9U/C0VE0lwsUoaSdXgnbB9iulptbh4bMdtW/g8s+KX9mm1dSsmvfScht9x3cY+InH2I47r5fvtu6o6NrRauq7W6ncTgPznOP6XcL7UtHVlw6dndQ3rxHxNOjS/lpVvfelehfijaZKC600c7ZG8HGy9z4r6gsqS+V5icfVePUuYnwO9sNTu6PBHDhs781MoLzdLS4eFOZIx+Fx4XpPxP/s59T9DU8106dc642cEu1NaRK37g7rx8OfHs5xdle70utp1kN1TPO2KzTTaaPR7Z1PSXBoYHhkgG4dsrZk5cOc49F5Ix5GXNGCr6y9TVMUjKbxtBPd24WrBoo1qXEz1G33mpozhxL2eh3Vr41vubctIjk/RYaj6ge0j5yJr2H8TVc09VTS4mpZmg9wThDtydWnVwfTLCooqiA6pYTo7ObuhNka7ywzeb0JwpdPXPk/lTkjHGeFypoIpiHxgMeO47ok8HSjLKyDjqalo05zhSoa5udMoIKr3R1dI/LxrZ6hEZPSz+XIDu4OyrgbGRah0bwCxwOUwxalBNPpwYZXNP32SE9XTed2Hgc4Kscpk3MsRBY4jHujx1plw2aJjiO5CgRXSCc6XZY70Kkxxh4Ogg/Yq1wTYp9kS49N2y45kZEIZDyWcLO1vTN0oyXwSa2N4I5WsJqI8+C8A+hXRcS3yVERB7kcFMV84vg5er8LpbsSSxL9owgra6lPh1kbns48wVfdLL0z1A10dZQtje4fWGjK9Nkp7dcIjHJExwPtuqOr6KjkkLqWcMB7FaYapf1M4Gs8Deo7klKJ4rfPg1TljprBXjxM58N237rCXfo7qixZkraJ7ohy5m+Puvo2rs1fbHEvjLmDhzd1CdPOXYm3HbKfG6MumeS1vgapxwouLPmyNzgd3HKsKW4VNOQ+KZ4I917HeOgemb658r6QU9Q/fxItsn3Cwl++F95tOZqB3zUPIA5wtKlxyeW1f0/dVHcvuRU0/UVUyTM3mb6K5p71SzgYcA49iVjpIZ6Z5ZPE5jgcHIT2uB3B/RM/wefu0ai8YwbtszHN1Ap7TnssVDXVMbdIldge6s4OopWRhsjdRCLLRjnpJdo0a4q6C9Ur2anEg98qW2qhe0OY7IKvdkzumUeGHSXM74yuok8kfAkkkkzJAKSSSgAkkklCDzukMjvskkgISaernp3Dw3kD0V3Q39r5GRVQAzsCs6nhzQc+iTZVuOlofJajRTynlfo3hpLdWR5L259jhRZqSttx10zzIz0J4Wbprg6LbJV3SXp7GDMmth7HchYbKOeT2/jvqHT34T+1k6nuzZf5czdD1KZUvYc6s+iri6lqfO3DHlO14GMrNZpkuj3Gj82ksOWS4julSMDxFOp7rO0+d+xWZL3Y2dhPgqpmnzHICzuhnao81F+zZxXaAgAu3KksqSSC0bLGxVRBG26mQXKoiIycj0WeVTfR1KvJwl+TNWJ+NspERPOoxtye6pKe7s1YmBwe6sW1MLwC2Qb+6U68HRq1VUvZKwBwutOHAoYO2RwueLvghC04muLT5RNZKMBFEoxyFBD+6KJSg3jESxKM8hEEgwoIcMjBRGSDHJU/uiyaHe67k+pUXJ9Sute5pzlXkhLDyDsiicu8uFFE/qE4SgqcMmMkh0EUwy8ZQDA2A5iGMpzJMd+EYnOCqfBW1MjsqKuM5aA4e5R21zSAJGYK4Q3bypPa0jAGEUZZYuVKbyh4ka703UWa20dSD48DXeuye0YJKMwjfCfF4Rlt027sxN6+GHT121AU7Ii45Ba0A5XnvUfwOfDI+W2yZcPwuHK91cBkYdunc7lOje4nG1fgtPqo4mj5HuvQ19t0jmuonkN9is9NS1EDi2SJzXN5yF9nVVvoqv+/p2Ox6tCyV4+GdluD5JG0jGl3oE+GpPI636Oql/tny2yoqYnZaXfmpkN1BOJoyPcL1i+fBeQTOFI/S07jbZYO8dDXK1uc18JeG92hbKtRH2eM8j9M6jTy2wiV/iNlbqikBRo5pWtxMBj1Cp5aSenc4aXNxyOEOOrmjcdLzt2JWqFu7o8pqNJZTLbNNGiinY4jDsopAc0YGFTU9fA5wE8Z3/AKeysYpKd+QyrI7gOWmM8mSUMcoIadsvIBQ9Nfbz8zRPIA5apLI5TuwavtuusnqI8/MNwAmRbT4FyX7J1J1PFgR3SPSCMagFawSZLaq0Vuk8t0u4WeDaSrBjLGuz2IQRRVdE/wAW3TOb/hytMJy9mW2iNi4PV+nPiTXW97ae+sfKOPEG+3uvTrZeqS5wNno5A4OHGdwvmmk6iccU9xhweNWFe2261lrlbVWq4va0nJbq2/RMTycy7QZ6R9E68t3GEJYTpv4l0tYBSXV2iQbaxwVtoaiOoY2WFwexwyCDlMOPdVKqWJIekkkoKEkkuHhQh3UfVOQfxJ44UImVXUnTVn6ipDTXClbnlszRiSM+rXdllmVnV3Qkhlry++Wg7NljGmZg75b3/VegHB7poBHBVPgbDUuP2tZRDsvUtn6ghElrqfEAG4Ixj2R5qKOKR09OND3cH0WTvXw9dLIbj0jVm03Dl3heWGUjgOaPz391CoPiBcbNUCz9dwNpZ2bCpB/lOHGc/dVGSfYx1Ka3VvP9vZvKSvfr8CrGlw2DuxViHB24IVTBV0NwhbNTvbKxwBDhvt2IKmRuLcYOQiwjK8p8kzJSyULWPb9Ug8HhQmQuSlkrg3SO6hYbZDez0TW5OfMU380YA5spYQDupQcCM5UIjKc2Qs91CB5Yg7cDdRdEkR8zVLjeHp0rA4DuoQryA7OyjSxknICnyQkHyjZCLMchQhD0kBNcGuG7cg8hHIHohEYQBYPPesuiGTsfXW9nnBy5oXmlQ2SlkMUrSHNK+iHsa8EEcjCwPWfQwnjdXUTMu5c1oSrIbkdXQ67b9kzw7qC0fMPdW07cHuB/moNtqnSE0lRyOMrYVVLLA90UrcFu2CsvdrRpe6opwQ7nY43XMv08bY7We58R5eWnkoyfAmh0EhGNkUP1NzjJHBUKjrhUROo6rDKho79wpcHkGCuBbROqW1n0fSayF8E4FzRVTayEwu2c0b+6pLzRPw44yGlGDzDKJoTgjn3VhM5lZCJWgbjcJJ05WK2vazDTDw3cIZdlpVndaR8Jy5u3qFVkggqHFuWx4OZKjzM9kb8W6edJG43RKOTLPkgtaWnJ7KQxxGFyRuk7Bcb3QteiVycWWNJUOjcN+Vo6CtLsAkLIxvwdirSjqQwhJksnW02plB5Rt6WQPA4KdNECNhkYVRbqwAAFWwka9u5SpRyehhYrIpszFyomxTF8YwOSFFaMNwtNVQMmBDmg5Wfqqc07iBuPVVhmHU0qL3RIR5RWSlhylpJOUnHBROODFlotaGsOQ1xwtBSyteBjCxzHFrgQVc2+uDQNRVm/Tan+iRpfDa5vGVT3CldEBK0bE4VjTVBcBkKQ9jZ26RtlTazdJKSyUFNO4ODSMBXETstByqyrpzSTeVuAjU9QMAIo8Ax+0m4QJQAQjtcCECfcgKxyaODhdZgOzhCHKIOEvJOixpJ9DhvsfVXEJY9o2CzQJBBzwrOhrACA7shwbdLqVF7ZFoadvYZQ3UoOAApUT2vHKLgYOyWddJPkrRSaQcBRZaNuc8K5dGckKNLESdkGAJ1ZKeSm0guaMKPFVSQPznBCtZIsg7Z2VZU05BzhDKKYqLlU8o23TtzbVRNGd8DZaOnrn0sgcM4PbK8poa2ehma+I49R2K2tsvDK2MNkcN/2WG6k9H4zWwceez0i3XIzNDhICB2yrdkmoA+q8yir57fM17Dlh537LZ2i7w1kbTrBOPVc+2rHJ6Ki/cXhGVQ33p4VrTV0nkmZvt3V0yQHHujM34WVrBp7MbZb9LFMKC4eWRhwHHutZFLkBzTkEdiqXqLp5tY01dK3RM3fbuqezdRS0cwoLgCHA4BKorODX1VLBc4DBUjyng9wVm3fOdOVeh+XwuPld2wtBHK2RgfE/IO+xR5IqesgdTVbA4O2DscI4xyXlMiRzRVsQqaZwJxkhdmggr4DC/GcfoqplLP01Wkv1SUsncdgrOWEAC40DssIy4dsKmAzCXW11NpqnOwdBOQQrmwX8PDaeofkjYFaGrpILnSESMB1N29l59c7ZV2aqMjNRjyktAp7Weil4djAwjPAqISx2M42WZsN5E8LY535PYrRwuxgjfKpo1VzyTLTWCEGjqDg8NceFNeS05xnKqKmIysDo9nsOR7qbR1nzMfhybPZylSiaSXBUeGcAKyikEjMhUjwWH7qXRTtDfCe7GeClBE6Rwadt8pjyJoyMbgZC5jOTlMbJhwOOEUVkhyhqjUMdDIM4yPyVTUwfLVDmuHld2UySX5CubKB/Lm2IRK+MVUZLW7t7p0eBcujzzqm3fLz+PG3+W49lhLnAaecvZs15yvXLnSCspHRuGSBsvOLzSFjHRvbu07LZXLjBw9fS8bkV9tmGRk4IXrXTNwjnpGMB3I7leMwPMMgK3XSde5jywO8uzgmSWORGjnteWekA6cLkpLnahsgwvEjA8HIKOATwq7O5B7kQbtTCqo3NLckNWNtkz6SqMbtml2wW+c3WNKxV9oH0VSZON8qmBbHBeRy6jxynubqOcqstVX81ED3GxVqd0yIl8mO+Itnfc7FIIgNTMkHG4XhHYjK+na+nFTTmNwyHAghfNlzpH090qopPqDj+meV63wWp7rZ8h/8SPHbpw1UFz0yLESx2xW56fqfEhbESNwsG4aJBlaGxVJjnZg7Fe407R8auXxywbQfy5A4EYChXqLxqRzmtyQCeVIeS5uxTy1rqfwnDcd0/CYp2ZKuwVpqKTQ8+aPZTJsSjSeyz9uc6lu8sTDhhJOFotY5KWFXYUQj+WuBb+EhGq/JGZSMgLt4ZoPzDRgrod49A1unc7pUo5NlbxyHs8xyWagQdwr+N50gLI26XRPjjGy1EbwcZ7pE0em0F22PIeRxaQQutdnfO6FM7jC405YHDbKUdyq4dWO1R6COe6j0j9tBKLUN1N/JQ6ZwZMc8rPPk0xtJNQcocBxt2T5s6C/HCE0+drccpeBrnk7OOEBu7gUeU7Ywog2O5S5lZJg4Qqg4anAjCFP5gAhGp8EGq+kv9EopiQAUps6HsIQIJNB4UAk8MlgkndeS/EiHw7oZcbHO69ZDsjK80+J8D/CZLjvhGuDk+dr+XRS/sedP3IK6PpC6B5PsExvKNHzVElqIhtRE1AA3IUhwiuQpeyCRB0XdFHKFF3RRyiQtBBwujlcHC6OUxFsPH2RWDhCYCMZCKOForFtcpkyl2OVPp8uduVW07gHBWdMiNlDWCWGjHKg3Fxw7fgYUsHGMuVfcXgah6om8DrpYrKqQ+pUN31KRLnOMoOckJE3k50UFaABsiJg4T1C28HWocn0lFb3QZSMYUksLgWnkC7ug9z912QnPKa1ZZDWd7hSqCn+ZnEeOVFG5Wr6QtkNRIJH5zlYdRdGuDydTxWkeouSwbzpa2NpqZshbgAYCtKybQQ0DPqjQsZBA1jdg1qgMldPWhjm8leelJy5PqNFeyCgWVrppGHxnDGeFeUzS52QFAjyxoZhWsLPDiBxudypWb4vZHA+QhrDsqitl05OQp08uARwqasm3O/K9BpfwOF5GeclNVyF0hGeeVZWSgLsTObyVVaHTSuwO61tnhfFTN1DndarJ4Ry9PU9ymyzhjDGDAQppgByEWR+hmAOAqOvrDkszgqtPB2zwXr9TDS1O2foZX1Ylk0M3x391uOibJoi+Ylack6icfssx0vY33Sp8YxFzQcBewWyjZR0rImtAwAvQ1pVRSR8E8/5H+bqXJPgk08YibgDA9FKYMuQWDJwp9LDuHEI088nmp5yTKWMNAJChX+6iigMTHYc4KbPUMpYDJj6VmGMlvlcZ3jTE07A90zoFLJKstDreKqRuXuG5WopacggkY2UaipxGwAtAxwArNhw0bJEp56I+A0TdDcJs8wibkrofsTjGFmL1dnTyGmgk3zgkKADHPmvNyFOSfDad8LYUdNHTwhkTA1rRjbuq/p+1RU0Ae5vneMknkq2AA4S7MkGnlcXTsuK4x9giPBVPKZb1XMoKeUtpmO/nubySPw/ZFulTUSytt1Fs6QZkePwtVra7fFbqcRxt3O7j3J91cnjghOhpoKOFsEDWsYwYAAwqvqHqCjsFtkuVY8Njj5Rbzdaa00rqqslbHEwEkk4yvK7Ra7p8XuphXVjSzp+gedEb2keMT/pgFLbyNjHPL6LDoTpu5/EbqA9b9RwOitUJBoad/wCP/ER+QXsdZW0lopAcNa1ow1o2C6DRWqhEbGNgghbhrRsAAsbNU1XVNy8OnjIo48gknn3RgOW54XQJ0lw6ouBe7PgZwB2x7LY222xUUIjY0Z7lNtlsioYmxQtGcblWIAA4S5gybZ1oIGSc4QZ6jfSMLs87IIi5x3OwHqq4OfK/UTyhCRIOH7nddTRkADG64SDkdx2VpZKSyF1NG5IwNyvOeuviPT0bpLTaMzVDdnFp/ZVfXPxKM0p6f6YJlmdlsszXbN9gvNbjVU3TtI+5XKoJeTl7ie6fCGOWaqKnJ4S5DXC4/JxzXq8z+cguAcePYLxjrTr64dTv+VhkMVOwkADuo/WPXFx6rqTCyR7KZh8oG2QqKKHAAI3WhcdHp9FoY0RVli5GQU5JGeStLYbDPXODWNIBOCcI/T/TDp3NqqjAb2B9Ft6OkdK9tBaY8u4ccbEowtVqcLCD0NNT2WkbQUDGuqHgZPclamw9H1NS6Oturg5v1eHnbKsOnukobWG1FcBJOdznfC0O7D4hOmIfUfRKsnhHEvvdjwPjgjhjEbGgRt4AGyy3WXxE6d6PoZHmqDKjGQQc4WU+Knxvt3S0H8Ns1Rrq3ZBc13B2Xyxfepbx1FVmsuFQXvPdYpWcnS8b4K3WP5rliC/8zW9e/FO89Y1csctQWxcANOMhYlg79+5QmM7nk90Zo5S7J7j21NNelgoVrgb9WwTy0nsutY48qQAABtus/LYcpDGRlyNHEGeY4XHyMiwgSVLH7NOVWAVFsM+RrRjA/VR5pzjGEB0he7nCcRlQao45GOlc48rgB55ThuithLsYTCbkuBoJ4wnBh9UZtOe4wjNiACgMpYI4hdxhEEOdzsjEtA2Qy8IcoFPJ0RsHb910lqjumxtum+IPVA7MEDF/YBD1eyZ4gPCYX9kqU9wSWQhI9VHcSNsruolccqYW39jvpTSMoiETlKxknQ5D0opGFxQsYnfSnE5Scrgi+zoGEvKkeEsKN4KOABdxhcOB2SyPRTJBaR6LhaB2Xcj0SyPRTJDoOV1N1eyWr2QYIOSSSVEHJBoKbg+iaTvuFC2/2FEeV00+2crgOF1spG+lWnkFMYYXldAeN9OfzRfH2xpC4HNJRFbUIPIHCcKglIacYS8NucqNNcgjw/PZPa4eqCYyRsmhkkZy4fuopsF4wTmrqjRyEbEcorZdWMhHkQ2ExlcwE4OBCciSyECztjC63CIkjwUwbh3R2VU8BHhPI/NN0lcwVMuHQqSTfJo7V1fJFphuDXPaNg4dlr6G5UdwYHU8oJ9M7ry4A53UqmqZqdwkhkcxw7tKbXbJvEjHfo42vMT1TT3wugDKzdj60jGILoARwHAbrX0z6aqjE9Oc6lq3Ra4OTdTOqW1oE2IkA4XfBPopojH2XNAVmSU9pD8E+iXgn0U8Qg8Bd8H2V7WV8pX/AC5/p/ddELgc4U/5c/0/ul8ueNP7q3HBPkyRWgcYTw3ZH+XdnOnb7p4jI20/uqwTJH8E+iXhuUnR/h/dd0f4f3UwTKI3hn0RAwA5wpGgeiboPopgrKQwRN9EvCb/APKEXQUtBUwXlAPDal4bUTQ70S0O9FMEygRjbgoJjI30/upeh3om4CmCZREMZBwUvDypvhrmgKibkRWtPCPTyOaAHbhIMA4RNIxhQmMkljmuaOEx7M7oMR82fRTGPa5oGOE6PPAqSaImDnhNeM4Up0YO4CGRp5KtRwym0RxGCN0F8QHZTNB5TXN90WQ8ldJEMbBV1RREkvi8pPZXT2e+VHdGBw390Mo5GRkVFPIdeh53CNJE2RvKU1L/ADTIzvumtc5uAShccDUyFPCWO4Ud7O2VbPaHAjGSVCkiIPCXgdCeSA6LuhmMjsppaeCEIx+qocRy1w2ITNPspbgPRBLRnhQKMsdkV0eOCm6fdSXN91zSgHKQADCYRlGOyYp0UFoq+rtlUyqpJCxzTk4Ozh6Fev8ATHVFLfqUAkNqGjztK8bU22XWa01TammcQWnJ9wmwngxanTKayj3NJV9hu8d7oG1sWMHAIB74VgtUXk4tkHXLDEkkkrAEknpKEGJJJKEBzU0VTCYZG5B49lgr7ZDbqnYeR+SPRegqJcaGOth8N7d8bFBKO4bTPZLJ5kYyCmqfcKR9FOY5G9zgqIRnulSjg6SluWQacBhPSUSDyJJPSTMEEkkkiIOSSSUIJJJdwVCHF3BSAOUTYgbKmR9CYSM4VR1HaPn4zXxktnj3y1XLk0jKS1kGNkq5bkfRzom43Cr6qm9BsreaJziCAgGMdwvyuf0FKGeIs2woZjJV9U04O4b2VZJCWnGFT6IQXx5GOVJtd4r7JUtqqCbQ4HODwuOYUF8ZON0mSyR8ntfTHVFH1FSte1zWzgAPb6n1CvNXsvn223KstFUyso5S17e3Yhex9K9WUvUFK0OcGVLRh7D3Pqs1lWBc44L94y0/ZQyDkgqdglBdHg7LO+BaZU3Cjjq49Dx9j3Ci2S61Fvn+WnJ0h2kE9wrl8JONsqsuNL4jMAAOPdLaci2smuZK2YN483ouz0wIGnZZGzXiajlFNVE7bDPBC18E7J2B8ZyD+yjEyjjoZBVy07vBmaSM7FWMZa4Ahw3UR0QeMFuUyNkkJwWkD0SpJozyjktCA4coMrdHmbsmRTEj1RtbZPLnCgB2nqXucWSHHopjVXSxkEOAwe26JSVYefBlOHDYFELayWKSS4TjsoLCJJJKEEkkkoAcPCQ4XU0jChUlkeCcp44Q27ogIwoLOpJJKEEkkkoQSSSShB6SSShBJJJKEEkkkoQSSSShBJJJKEGJZHqkeEPfKhAiYnDcJqhAbPqCMMYQdDvRd1FQtrIyrpYpgC5oB9QobTLEfDkBIHDvZWSY6JjhhwyFZaeCPG8Hcbo4JcAAoslHJAdNIc9w1FpJ25xJ5XDYg7YKoslRkg79lIPgTN0OAdn1CHhpGEMjByCoKayMdRzU+X0smc7ljvpTqapY86HeWXjSdt1Iil04BGUpoKeoGXMAd/UOVGslEK4WuGvbh/leOCOQoLH3G0hsE5EsGfrG5P3VgY6ym3DvFYP1XX6aqPG2/YpaQxMUFZDUN1RPB9vRG2cVRz0Etul+aoQRv52diPZSaC7wVTzG4Fjx+FyICSyWZixhzfKfUFSoqkaQyQ5KjA5CexodkJgBLbpdu1NPlOc8oGJGEFjsD0ThNkbjhRPnJWCr6h6RtPUkXh1tOwO4D2tw79V5ZeOkepeippKmAmSiY4aZWE5bngO9F7U2Uk4LcIzXB+5W2jWyreGJsqUjyux9cfNQiGvDZARpcCN/z9VkviJ/Z76O+IrXVtjc621xBc6WJwDZCeNQAXpPUXwhtV3Pzdlc+jrNyTq/lvP+JqwcVf1D0TVfL3mOejIPlJGWO+xXovH+UVclOLwzm6jSQs4kj5H69+FnWnw8qPDutpmmpiSGVTGHQ7HusY000x0zMIPodsL9F6S92fq6kNFdKennY9uHa2gh33yvEfih/ZJtFzIuvw9rRbpwHONHJvA7jGMbt7+q9/476hhbiF3H9zz2u8bsw6z5ahut2s7xIKj5ilJwQdy0LS2vqa3V4DYqrRJ3BOFRdQdOdV9B176HqixVFOc4OtmWOHs7gqD8pR3FpqbUfBnj3Lccr09dsLea3lHLTnppHp9FfKmnAD3eKztnf91oLd1LSVAEch0ntkrxKg6ivFmmLLlC6eA7eXkLU0F6pK9glidoJ7cEIlhm6jydkXyexxvjmYHNIc0qPV22mlbs3ST3C87pr9X0DmuimLm+mVqLX1jT1IbHVgNd7pck0zt6fyELFyS3Q19Ecsd40Y/UKRT3aEkNkbv3yp0M1LUt1RSAg9srj7TQygnQY3n8Q4VJ5OjXNS5QKSmoqwamENce4TBQVNP54JySO2VGqbbWUx1xO1NHcJ8NwqYABOwkeqPchyn6JIubmEMqoiD/AFBSopKaoALSCfQqIK2kqjolj/MpSUMT2h1O/QRwQUuUsl5zyyW6lGdUJ0n2XWz1EflcMkd1AFVXUZ0Ss1t7EqQy6U8jR4jXNd3BCg2NkUsEwVEUjdMzB9jwoFRarZVP1iIN9cBGa+ObJZumyF0ePT7IoycXlGe6qF6xKKZSV3TTmZkpXZHoqmSGtpjpe1xA9ls2zHGcLrnMJ8zWH8srRXqpx7OLq/B03rNf2s87utqtN/YY7nRxl5GNYbg/qsTe/hVC1pls8pHcNJXtNwstFUHU1nhuPdqrH9O1kbiI5A5vYro06uMvyPJ+R+mnJZsSf+D5zudgudocW1NO/A742VcN87YwvoustYwYbhSNlZ/iblZS8fDa2XIOltrhBIfwnhaflU+jx+u+mLaov4Hn+zPJ4zgqdBO5jRpOMqxu/RV5tDiJIDIwfiaMqle4xAAtR4yeVt0d1S/1otMnxXOaN31furCG5B4HivH6rObl3KKCcBWjDKmMuDUtq4n/AEOynmX0CzEVQ5owMqXDVuzuThRSaM8tO0+C+a8O74TlWRV0WwLt1KZUs7d1fyCZVtBkkMSN7J2rKNNMm1jkkklZTWBLuSuJKFD9+xRI6h8LvL3Q1wjIwglHPIfK5RZ01y0keKNvZW8FZDMPK8b9lk2c5zwixSOiOoOWecVJ4OhpvKajT4w+DXOlA4wuslAO4VDBcXtwHnIUkV7XgbpUqcHoNL9SNPku2HxP7s742XPmKiJwEzduyqxUyxkOjdhSWXBkgDal2Qs8qD0Wj+o4T43FpBV0zxh0uHKQ2Q4y15wVSPZRSgOj59ikw3CndmJpcwcAlZ56c9JpfOxfbNTSXCphABcXN9Cp0V0a52JG4HsspBfYhhk8ZYe5Knw18E2NLx+qyzqzwj0Ol82p8KRqWzxvALX8ojXZGFnWSubgtecKbBWvOxcUp0ezu0a+Mu2W7SfVEYT6qviroTgF26lR1LTx3SXFo6UL4z6JYIKMCCcZChZ90UD1Q5yHuRKA2ym5cDygCQ8ZP6orX5PCmBgcPIRmzkYGFHDxhLA9VAorJNEjfUfqlhv9QUPB9V0SEHO5/NRPAzaiSGY7rpz6qOJ3A7tTxVjG4V7mU4Jjzq5ISEuBjCQlDhkBMdjJGVakxU6UODsnZFaThRs4OxRGiUtz4mfbCZGwzy0yHSNBbvuq+a20dQczU7HfdoU4OcOUsj0TVLJit0isfKMR1B8NLFdmvkggbDI7fIGN15rffgrXx+eglbI458uMEf8AVe/EDGEN1N4mCE6F8odHG8h9P6XVx22RPka69M3ezTOjrKV4DeThQGkY0uOCF9bXCy0lY4fMU0btuSN1guovg5Z7o589LH4Mh/o23W+nXR6keA8l9Byjmell/wBGeGUtXXwHNNPp9juCramv0UmIrlBpPBcBsVY9QfDHqWxvc+khNRGPTnCyznPikMFdA+FzTg6m8Low1FcumeA13iNVpJYtreP2ao0lqrWeLb5SJB3aUERVtIdTtTh7rPsiIIfb6vTIN8ZxlWtP1PVUgEV3pDp414WmN205DrlngkyNp6oESNAJ74UZsFZQv1005LfTOVaQvtF1bqoapgkIzpJwhT0FVEcaThNjYmA1jhnYLkH48dml39TVqbF1ldbS9vgVRkj/AKXOysWBg7/onMqSw4xwnZRmtphb+SPoDp/rmguzGx1LhFL77AlaVsweAW7g8FfNFPc5ach7HEY754Ww6Y+JUkEzaaasLmjbS/smp5OTqPHY5ge1g5XVS2jqKiugDWSt1EZVyDkKHLsqlU8Makml+OyWvKgsfkri5qBXVCCyfVRq+zWq805prrRR1MZz5XjOPcKSnNdhVhFxbi8x7PL7n0R1T0nOa7omrkqKQkukoC8//Uj7Ky6d+KVJVzttV4pZLfXtGPDm2JK9AHlOVQ9UdH2XqrJuNMzXjDZA3D2n1ylyTi+DXDUQsWL1/wBS4hqfHYJGP1NPupETyTwvIqm1dfdBS+NbKx10tw3ET/qa1aPpn4l2u9uFHO401WNnMk8u/srhLdwLs08vyg00ehxvyERVlPUF+HcgqY2YgDblMMz+14YRJIbpIwRJEZSSUIcY8sOc7KU2oY8AN5UZNbtuOyhCcMO5CBNGCMprKk8OCK2RrlCEGRhymvZ6qwfE12NkB0J7KEIWn3QXb5BG3opjmEBRSME7YVPotGF6y6Gir2PrqBga4buaB3Xkt0t8tLIYJ2FpBxuMZX0k7dZXqzoqlvjHSU7WxTYzxtlZZwydfRa/4/tmfNt5ofBLaqNoyDgnuh0tWJx4bhhwA/NazqKx1Fuklo6uIgjI42PushPTCNw8MYK52o0zsPZeJ8rKuW6BMBOc8qXSziJ2l30kYVVT1Gf5ch37FHe4Pxg4XCtonXPDR9H0WujqI5RMulKJoHADO2QVj6iIxcraQTeLEI34y0fqqW+25ugyxtwDvsk4Zo1Fe6O4zurzIzTgcj9VEIcCTjj3SZLvhFhnI3ckt4B5CCQis8zfsk5gwSqHIE0nVuVKhm9womnBOE1oIP1FKlHI6qTizSUFWQRuFoKSp8RoWKo5Swgq/oqwYCDo7Gl1OGoyNBnUNlX11OHsI07nupFNUgjBCk+Ug5blC3k6ko/JHBl3sLDpcMEIbxnCsbhTmN/iDgnChPGQq6ObbXseAI5R4pnREOaVEeC12U4P9SomZlPDNRbK8ys53HPqranmJxlYqmnkp5BJG7GOR6rQ0lcHhpPomxknwdajUZWGW1XTiqjPqqctdBOYiPpVzS1LTjIUa4UrnE1MTc+oUwjS/u6BwyFwAwiubnlRYJdDsFqnB7XtBwrJlkfBSwUYtBOSFzQEqUchDWokchjOQmLoOEGGWi5oK9riGOOCPXurthBY0jjCxrZdGNlfW66NcxrH79lMM62k1ePsmXBY3BUZzPUI7HtcBpdnKfpA4CU1g6yakiukhyNh+6g1EGrfGFcPjGfugy02RkIJC51ZM/NT6TnCVHWyUkoLScZVlPTHB2/dVcsLo3cJcoqSEx30yUom1tNfHcIvBeQdtvUKVR1VTaKoHJLCVhqOrmo5WyROwR29Vs6G401zpsSEagN8rFbUd7S6t3xz7PRrXdoK6NrmOGccZV1A/HbK8ipaypslYx7HuMbjg5Oy9DtF7gq4Wu1ZJWCyrB39NqotYn2XjgDwsz1J01HXRuqqVumVozt3WhZM13CIcO7rO4s1yxNZR5vYeoai21XyFfkAHAJW5hqI5YhJG4EOVF1Z01HWMNZSMxMNyB3VN07e30cpoa4kEHDSSp0K3ODN0SZY/CmaHs9DugUzjRk0sh1U7ztjsPRFoqiCpZpDsEdzwVyrppIyD9QPBCgcZZGB3yk7oCPKd2/ZPlp6esjLZomvB9Qm6P4hROaw4liGR6kKJTVMrP5Ug8zVWC2jKXS3y2WvL4A7wXHOPRaW0XA1ULdXYKxMdPWxmOoia4HbcLI19LV2GrMkZJp3Hb2Q4RIycWbeM5blAe51PUNqG7AnBQLZcW1dOwhuDjdTpWNkj08pUo5NcLE0T9UdXDrjIz/khtJieAd8qFbZzDKYXH2U6oGeyVhjc5LGGUObzunEd1V0lQQ7TjhWMcgkG+yHoYR7jTmoow9vLePXKHaagTM8OT6mjSVLzp2O49FSPebddGtH0TFNRT6D1tP4E7h+F24WP6st8WDLp2cM7LfXAMlpg88hZ660ba6icwjdoyForntMOorVkdp4/UR+H2VpYa8wTt83Gx+yDeaN8Ejhp2aVAhlMTw8Hhas70cCyT09mMHtFjrGzwhurkZCuWkYwSvP+lLnqaxpd6LbeIWlrucjKX1wdyieYJh5HaDn1VX1DR/OUusDzNCs3O8RvohyNEjcA8qDZy3Iw1rndS1Xhu2DjghahpyMrKXGCSkrXhwwQ7IKv7fUOlpmOcN8AJiWTK++CY4N21EDC8E+JtJ8h1P48ZBZVDIA24Xu8uXYK80+K9ohkoo7gGeeJ/lI7eq6/jJuq1M8p9XaSWq0MnH+nk8mqzpl2HIVjaZSRGdWCHBQKoeQPxlOpn6AF9C01uWkfnPyNLT3noUcmoDG+ykRu52VLbKvxIG5VuxwIDvVdNs4m/cZm7RS0dwFQNsuz+Su2S62A+oBUHqOmkmp/EZ2TbLU+PSta52XM2Kj6G1ywyZWxGeBzByBlBtWZabQR9OymHc4Ki0J8Gvlhb9J3x7pMzoVTIDQaarc15xh2fyWjo5xJGPULPXppZU5HdWFolc5jQXdkmSydnSXei7JyBkprXbYyhPOeChsd78rO+zu025RM2Vfkiu52UoE4IUSQaJQ7KX2boW4LGXBGOyAANQPou5LowcoLe6U0aYzyFlILd8KGDhxRM+6C8jIS2hgcFwHK4STylGSQuHZKayHGWSNUcuUFp/mhvGe6nTDVsq6Z2mTjjuqBmTtgDusR8SINdq1gZw5awPLhuVSda03zFme0DJbujMutj8mnnH+x42OAmRd0QjBI9EOLujPljWG0OHKOOEAco44Tok9iPB+yEPrRTwfshD60ufZJBBwnDlcHC6OUSFPsIOEVvKEOEQbj1TYopskNwRwnIbUTOFpikgGPpXHUFaU2wCqqX6la024CM0afLJEp4wVWVxyXZPcKc4k8lVlcfOd+6pmi/wDArpTlyGw5KJIRt6obOVnm+THnHRJZ2RG7hCjOUVow0KCZnHnCiy5xupkhAGPZQHHJQzngGCBu5KGRhEBymA5Wax5NKjkNFHrIC9T6NtkTaZk2OOV59YKH52tZG7OMhew22lZRUbIWDGBkrzuuszPae9+nNI66vlkHqpBEzHqi2qlBBqHsGTsMqvJlqakM5ycYWjpYfCjawDcDdYHLB7SmvdyGihy4bKc4FrQ1CpwNs7Ik7gG4TKx1kOCFWPxvkKhr354Ks693O/ZUcmXv9d139O8QPNa6LlPaSLTSumnDiNlrYGBkY22Gyr7TSCOJnl3IVo8hjQ3smSe58CorZFJkKvqhEFRMZNc60sibkHn2T7vUunqdDHHy7bLY9CdPswJqlvmc7IK7Wj0+2KkfLfrLzOc0Vmq6Ts7bdQREs85GStK122MIUEbYmhjRsBhGYN1tbyfKpz38hIASRkKwb/KaCRyorAAM4Ua8XE01LgO0lyMB8kW63F9bO2jgJwDvjury2ULKeFoa3fuqjpy3lznVkzSS45GQtRCzQAGhWA5YJEUfG3Clhoa0DOEGN2BwgXCvipoy9x3A2CWC1uIV+uBpo/Aif5yN1F6ctYmca+pYSAfLnuVX09PU3WrcDk5O5K3lJTMp6VkTQBoAB9yhlLBJLARnlbgDHsunJ7pZySkh7KEodyq/loCGH+admhSZpmQRukcdmDKg0FNJXy/PVI8pPkz6KZxyQkWehEDPGmGZZNySpVfWw0UJkkdg9sIsssUEZkeQ1o5K8m6rvFy66vT+kumnfyWDTV1H4WN77qk8hxWQVa28fFfqRtqo5S2zUZxUPaTh7ucZXttotFvsFvjoqGFsUUTcbDGcKt6S6et/TFsjt9DAGAAaj3cfUlROqb6JWutNvkzO4b4KIOx7uF0Qrvc6i/XRtroXF0QPnLdlpbTbI7bA2JjAPVV/TNlNtpm+IA6d41PeeVocD1VZQnGB7Ttwk6VoaXHgLg7j1VRW1crqv5CF3P1Y7IAR0j31lRqBw1vG6kRgN5GUFkYjZpB/NEL9HbKJLIaWSTsNl5D1v1rX9R1NT050q/FM3y1tTq2xwGt/QqT1n1tL1DLJ0107nwfpqaxrtgO7QsV1l1hY/hn08WEs8eVpMcYdpDpMck777p8IY5NFVM7HitZZW3mvtHQtulkqZQJGg6ifrcfTK8C6q60u3V1a7xJS2lafIwcY91CvnUlx6wuMlfXvcWO2wTyg0NDLLOyGmjySmHqdJpIaaO6fMx9PCcY0kYWu6e6XdIRWVmGsG4DlZ9PdLNp2sra9ofI4bNwtzZum57m5oni0xE5LfZWI1Gsa4INnsU9xlbBSM/k/142wvQbRYqOzQaYWN1u+o4RoI6a1Uwp6eMBo2AHKhXu/0HT1skul0m0Rt/dDOW1HKstna+C1M8MML56iTRFH9RxnC+ePi58e45nSWPpJ+tjAWvna7Y59v1WN+KPxnvXVj5LVbZ309taS0szkPHfPC8vbqCw2XZ4PWeI8F8f+tqe/0FqqqorpjUVMrpHu3JcUmDGCQmhpzwpDG5A8vCzSk8npXL41tijoPoESFhcclEjY0YLhsk6WJowzdDkTlyYYMY0ZKjzVAB0gZwhS1DtWE1jtQVDNvsT5nS7eibG0c54TtBOwKcyFxOCPzU7LbUVwMEeeCitj1corYQ3BIRxDxjZQW7MkfwCMbKQxukAEcJ7mgcobpW4xhG3grOQmpvqmSSDgboPiILnDB82UuU/RMBi/vlCc4nbITM5JwUwZHcpLk2ElkeTnlNyVxPUDG5K4n4KWCoQYkiaSneHxsoUMSRRDkZSbCcoQMgsFLBUjwR6Loh9ApgmSOIyO6WgqX4QG2UvCHqpjBPkIek+i5o3Oyl6W+i4Y/RDgLciMnInh+yf4avBW4Bo9ktHsi6Cu+GVME3ANPulp90bQUtBUwVuAeH7rrWYPKNoKWgoS/kRwAaUwtz2RcFLT7KAzYFrSDkhEDQW4wu4C6qUckXXIIw5OUvCPqjpIcEBaSEvFcNsIq5pHojLGtkdnhEEvchcwPRNQqW0CSyGw1+2y74ON0AOLSO6NHOdgWo1LIsQMjDwjMfkZxyute0jGOV3T6JmSDkRgy5AEbin8IwZckwMaRnKGYhk7obJSDhGa8EbKAAw0A5SJynuXQMI4R9kGlme6srVf6+0SAwzOLM7tJ2wq9dwU1cdCrKlZ2erWjqGiuzB4bw1+MkEq2a0k7BeM0tTLRyiWF2Mdl6L0v1lTV+miq/JLjDXE/UtNVkc8nD1ehlH7ompDcjcLujfOEQaXDIwc+iWAtSSfKOY/7jdPslo9kXATg0c4QtIW54BeEO4S8Jv9P7qSGegS0eyrCK+VgPCd/T+6XhO/p/dH0eyWj2QYRfysDpHokGDkBFawnsnaXeiJRQMpuQHR7JaCeyM5nsuaPZVhEU2gGgJaAjaCloKrCC+Vkfw00MIUssGEMx7q8InygdIAQTEcnZS9HskGgqRhkKNmSEWkHBCQaScKTgJYCL4xm5ATHsCB+67G4txsjJjo84OUOME4aDNdq5C5JEdnBMaNPZHaRjBTBL4AacbJhiBOcKU+LuAgkYUJGWQDmeyBJHtwppGUNzCq6G5SK50II3ChTwFpyArh0RO6jyQnHCmExsZlW0EDSRsmSRAjZS5IdO4UfJzwl4Q1MhPi3+lBdHpGdP7qdKMEeVCczI4QjlIgknOCE0jKkOj32H7phYcKB9EZzfdMc3I5RfCdnhLw3IA1lEQswT2XCMd0ctyuaCoHgjFpCZh3JUrR7Juj2UDyi26S6gqrJXsYJD8vIcPYTsPdewUlTBUwNngeHNd6dl4OG47rX9EdVNts4oK57vBk2a4nZpTq7McHN1umUvviempLuMjICWMJ+cnIawOSSSUIJJJJQglwgY3C6koQzvUVmNZE6WEDU3cLHOgew4c3C9Rkj1DHqsTfqJ0E5kDfK4peMmyq3C2sokk57SDlNxhUaU8iSTklAxJJJK1LIQkl3BSAOURBAd08AYXQO66hbCSOYC6kkqLEnJo3TlDLY8dH0fbblBcoAWnDgNwUWenOcgLPVdJU2yq+Yp2lmOR2IV9a7nDXxAE4eNiCvyep5P6FAjCeCFEqaQNGpoVzLFvjCjys1dkeUQzksOk4QHRq6qKbO7W9lXSRaTugIQTFjGESjram21LKqllLHtOdu6e9o5KC9uRyqayRnrPR3XdJeHCgrh4VSBsSdnLXPaCvnOKaWlmbPA4se05BBXqvRXXMV1ibQXB4ZUN8rXE/Us9lYmdf6Ng9gwoUrQ7kKwDs5zsgyRA8BZmscANFJW0bX7jZ3IPojWe7yUrxDM7bON1Lmi1DYKrqaQu24PIIS2nkJo3FNURzsD4zkH9kWTzNCxNrvM1BIIpuM437hbCmqo6qJskbsj/JKaFWV/oG6SaF2GHZSaeZ2xdyneG09soL4zHu0fuoZ8E8PDwotXTOI8WHYjsO6bDUHbIUlkoI4VJAtYG266CUfLznDhsCVZg5VLX0Of8AeINnjcgJ9surZT8vUeV42yVYlxbLpJcJA5KQIPCgDWAiSSSgsSb+JOSUI1kSQJyAm54SZ9QUFpBxwkuDhdUCEkkkoQSSSSgA9JMSUIPSSSUIJJJJQgkkxJQgkkklCCXCAupKEBEyN+ghdDjkbJ7hlDPm7cKECjTpQDyfulk+pXFAxLuCuNIynqAt4He6DUUzJ/qyD6hGSUKIjZpqJuZyHRDh3cfdTI5GSsEjHAg9wmuaHjS4AjuCgmCSEl9KMD+jOxUISwMnCK1paAoFNWsc4MlHhyf0HlTw4YCgOArDhR5qMOcZIXaSe3ZGb3SGecqFZIgEg8krQotXaKafD2jQ/wDqbsVYSNMh4TACztlQMqWy3C1vBmBnp+7hyFaUlfS1gzBKCfTO4RBodlpaMHtyq2rsxZI2qtzhDUep2YfuoAXIOUgMd1Tw3mWneILvEIX8CQfS5WsczZGh7CHNPBHChB7m4wR2TWTuacaUUHKYGtwcjIVp4BDNqDpye/oh3ClpLvRyUNxpo6iKUYc2QZQNMoOIxlg4HoiRyEDdqbXY08oXOtSPLuo/hFdbaH3PoepLWxeY0jz5T9lSWf4jy2yUW7qqkfbJm7ETHIP/AKL3EVeg4IUC+9I9LdX0phvdtinBGziBqauzpNc4vEjHZVgw11tXTnWdu+UvNvp66kmbux4BDh7FfNfxK/siVNNJJefh7WNkxl3y8wOsfY59F7nevhd170PK+t6RuTrtbCdT6OQkP/8Al5QunPidbLnKbbcg6grWbCnqXaHL0uh8vKiW6uRz9RoYXL7j4UuU146cqXWnrO0SUk7DpLJG5cPddZQU87PmrPWDJGdOcL756r6G6P6/oTSdQWqnqQ4Ya8tGofZy+b+v/wCyff7E6W5/DqrfMzdxhe7zjHv37r2mi85TbLbPg4N/jp1PMXk8bpb5U0b/AArjC/DTjUOyv6Sspq1oMEjSecZWdnrLlaal9q6ss8kb2eV+qPS/7p7KGgf/AL1Z7no7+G47hd6M1PoQouvs2cNbXQMAZO8D0ytFa+tJ4NMNa3xIxtnuF5vTXmvoz4ddEXs/qCt6e4UtS0OZKB7EqNG6rVSh0ev267UNwbmGob/yuKNNQRyDIAGe44K8ljqKiDeCTH2V/aOtK6ixFUkyMG3m3QuLOvptZGXEjUVNrc0ktGPsgeHVwDyuO3GCpdv6ltlxAHiBjj2cVYSU8Ezct0uB/NC8o6MHCz8WVcd1qoxprKdssX23CktltFYwNc4RkoU1BNGS6M5b6chRXRNdlkkYH5IRm3BYG0DAfQVmXjt6qK+e80ztFXRNe0d+FHa240v8yimBA/CVOg6paGiG507tXrjlXKWCLbjkGy4R6tMsRj+6kF1O9oMJ377ozP4JXsMheBnsTghMk6cjdh9FUujHbuFE17FybX4g3vIIykZwAAeO6jOoLxTSkaRK3GxG4KEa1wd4dREYyOdkakvRna3dolSOpZW6ZHA+xChyWamc4yRuAB9EXwxKNUZBzwozae5MccHLfRPjZNdMy2aOufojVdrjOGk6vusvd+haW5SPeYYw5/4mjB/NbF0rh5ZmOBC4HBOhfZH2czV+IoujtnFNHjV5+GVfSF8lMC5o32CydVbK2heWzwOaB3wvpF7A8YIyq+ssdrq4jFUUzHB3qOFqr1LX5Hitd9GUWy3UcHzsO6IzK9bufwvoqrVNQvw4fgKyty+Gt7pIzPC0StH4QN1tjfB9nlNb9La3S5ajuS/RkB5d8IzKxzcDsEaqtVxoSRU0sjceyg+JzkJqSl0ect0ttf8AuRaLCOuLtypUdSD3CpGSBuN0Vso3ypsZllDBeCoBxxuiNkyOFTNlcNwUSKumzpJ2VNtCp15LZJQ2VW3m7o7ahpxnurFyhgloROVwyNOwK40AjKuUsAtM6u5wuJIewQwLh3TmyvYcg8IOQeUvKr2orBNjuEmcO3UhtQH4Jwqto2O6fHJ4eN8qfEi1KcfxZaMndCct5Uhl0qIhlzshVjJgcbqRnI4QS06kbaPI6il9k4X62hwjrGfV3wpccNBVtDrdWtD+cByz8zGPOHNH6IIpQHB1LM6J47hInpIrlHVo+o7qJJs2LH3KnjwXB+PRSqW7D6KhpB9VjIq/qChf4xm+YZ3a7fZTGdUUbyG3OkfCDsHAZGVmnQew8d9WRljMja09ZBO7Sx26s6acgjusRDU0E7BLQ1IJO4IcpdPU1kLw8TH8ysdmm/R7nQ/UEJRzk3IqTgZCkRz7dt1lYL08ACVmcendWdNdWSNb5SAsktNJcs9Lo/K1XPDZch+6O2QkAAKtZO0lSWSDAKS4uJ2q7lLolhxxsU4OJUZsuOyOyXAGyBjk8BtZb2Tmuz2QvHa7AIRAQeFQXyMLobp4/dB8N3bdI+J+F+F0E84yoFvbOHx4zxjKRkd+JF8UYwRldAil204KoPvkDqcd8rvjSsGWFPLAOE0gjhQUxhryxw8b9UWOugk2BwUNzWvG7QmOooCD5T+RRwkxbiSXvDwC07JviSMOGHAUL5epbn5eb3wUL+JVMDgyajkk/wATRlM3CbYZLMOBwXBEHgvbhqiwXSje1oxh3cHYhSmzNkAc1owfRWZZ1kaelhnaWPYCD6rJXz4eW+8lwqKeJwdw7GCFtjv3S8P3TqrZVvg52o0Vep4sXB8/9RfCE0j3vtT3tc3cBYqto7haX+Bd6F00Y2zjOF9WzRNeNJA39lVXXpa03OMsqaSMlw3OkLdVqpf1M8f5L6M0moy6VtZ8uMtNNUOM9oqjDJ/QTg59FMjvvUNoAiuVK50XGvTlep9QfBRtSX1Nmn8FzdwB3WDulm606cc6C5UAr6VvJLckBdOrVVv2fPvJfS2r0eZTjmP7QOku1hu4DGTeBMf6xpBUyqstRFHrfBqZ2cN1ljT9LXmQiKtbQ1Q/4crtO/sjx1HVvTIBBdU0Q4BOtuPb0W2Filyjy1mlcev/ADLJ9OYzjJx6FCdTxuOrQ3PrhHoeqrFdcRVv+6THbfjKn1VlnbF81RvbPFySw8J8LTPKMo8NEe3X252mRrqed5aDkAu4XpvS/wAUaOoaylr3OifsCXnb9V5QHDOHN3G26b4Il/u3aT6pu9GK3TV2rk+mYq2KfeI5R2nIXznZus+qel5gWzOqqUfgJzpHt6L1bpL4mWjqAimqH+BUkbNdtkoso5F+hsre5co2ocQniTthA8TfYbLusYyQpkwThgPkHuu5wozSc/UUdpyFYvawiSZkJKAN+mP/ACWb6g6DsV/JmfD8tU8ieEaXZ9Vo8hLIQYChZOv8WeayQdbdEvBildc6EcZ3cAtLY+vbbcNMM7/An4LJNlpueVSXXoux3g+JLTiGU7+LF5XA/dH0apXwsX+osM0MFXFM0OY7IPupIcCsMyh6j6Zd/u0prqUcNP1gLQ2y909WNMzXwSDlr1alkzzhHOUXKSY14O4IIT0QtrAkkklChjhjhJkrmHbdPQ3t25UITIp2uAzyiaQVVjUDgFSoZn7B7sqECSRgjjKhyQkdlYgAjlDfGCc4yoQppGuYfpSaRtkKwmpw8bDsoc0Dm8BLwEuHkz/UvSVD1BC4Pa1kuPK/C8H6v6PrrLVyNfA4Bp5A2I9QvpHxdGxCiXK0W69QmKtj1NxjjdDKCkb9Lr56aSaPkeohIOQMLsU7s4cF6R138NqiyVUlVSsc+ldu0gZA+686np/AJ9Fy9Rp97Pc6DyvVlbJMU+HA54U3VFPFoc0HKoS90Z5Kk09XjGSubZpdnR7nR+Xhckp+ynu9D8vUuAGxOQqsDzEei2lbTRVtPqxl2OVkp4jTzOaW43WSUdrwxuohHduicY44wQjA5QXjyB7U2OQu2IQYaFxlgPgeqG7I908NPJTwwcnfCDDHpjWOIxturGjqS0/+qrc9sIkLtLgUmUcjYW7ZZNVRVOrGSFcRyB7RhZKhqMEBX9FO3AQHotNqFKCRLmiZI0seMhyop4XQyOYRsCtCwiQFV9wgc7huSoFfDcsoopm77BBGSQCpr277hRZBjGAqaycia2SCsZ3yp1JUOY4NVax+BjCMD5gVSWOTRVZyaqjqcgHIVg2XUwb8rL0lSWABXFNVagBj9006lVmVyOqWeGNbRnCfTyF2AThPJa8EYUcNw5Qc17JXcIruBgKPGRjlHjIxhQI4WkoSladsgIZaR2QBOOBhGBnKdTT6HjypgeT2THRk4wphFJPJpLfX+JpDnBXbHte0YKwtLI6J43K0VDXBzQ1x4SZRydjSar+mTLZ7c43TXtz3TGnXvnKMlNHUIkkQIxhQKqiHKuDHq/JCI1chA4gyjkzk0JicMNUiiq/liHFp235U2qpweGqve3w3HS1KccgQzCXBqoquGvpwXYJPb0Ui1XV9qqhG8kxuOyzFHUOjGAMK4jlgqowXY1AYKx21ZOtp7+cs9Rt1zjqcGM9laxyZA3BXllnu01BUNie46c4B9lvqSs8TDgc53WOdeDuafVRlwWsoDh+SxvU3TwkzW0bP5o3cB3WtjmBGDyUGob3Ays84tmqbzyYqw3ySCQU9ScOacbreUtSyug2OR3CwvUNmAeayiYQ/lzQl091FJTSNildgjYgoM/sGM8GqkbUWyp8Zn0E5/L0SrNMwFZT9/qHop4fDc6bLCMkfoqsNfTS/Lz58Nx3RdjnLI6Gr2Gnk8j0UqeCG5QeBK0EEKqqoZKKQPb5o3cH2UmnrCMEbbKi28lPH83Y7gaeXIjJ8ufRayCUTRh44IBUa5UlPdKdheMP04yOcqptNbNSVLqGd2zTgZQMqE2i+maNnjZw7qTR1JqG6H/U1RZDqGR2QYJnQyB7QlOJqhP8AZLnLqacObw5T4pTgDsVFlDKunL2HcbodHK8ERvOfRUkOzkuR5gDlV18pDPSiRn1xHIKlRSggBFcWvGDwrDZEtdS2uowx2C4DBHuo0kZje5rhsVFpy613V0TjiOU5CsasF41hFF5YqXZguoqGN08mmPf0WHuEHgSYG2or1m/UYmjErW+YDf3C88vlCCHENxjcLSuDiaynneLp6sfTvbl22V6nbqkVlG12fM0LxW1SyNk5+y9P6YuIfG1hd7ImvYWlt6iaiJ+Y8HkJm+cpNOl4PYp7N84VM6TKDqak1xNqWN3bsVXWOt1E07jxwtTVwNqIHxHkjZYRjZKGvMbsgteR+SZHszWrDRrfqBCzPXFtfcbHMxg8zPP+i0UUodGHd8KLVls8ZjcNnAgrfRZ8ckzHrofLp5w/awfOE7P5T2clpwo7CWgeyvr/AEsNHfKunjHkJJA9FSZBJAGML2/jrHJKR+cvOaB0qUf0zQ2ic+A3dXsMpIaVkrTPhwiWlp3ADC9NF5imfP5P45YYS6vzRHb1Wf6brGCqlpnc52WjkDZY3RuGxCyUJbR3xrWjZxwrCjZybAu0yn3CAGFlzZJ2kCKXB+Ht4KFW48JkrT5o3BJlHJ0KZgr7CMl2O2yhWKqw8xvPfZXFdF4tOHEZyMrLxSCmrcNOBqSpLg6ens2yRsTJsSQgxyeZcbKDGCN8gIBGXArJYsM9DRZlZLJrgW7FRKk4dkJ0R2G6ZL2QYNsJ5J8Dg6nbvumOwAQo9E84wSivBIKWba7MA3nzFR3kg5TyfNuU2QgAFA+jTlBoHghdIPqo8Tsn0RH5OClPgOEsDJOFWVXlaZMZVlIRg49FXVv/AGc/dAFPkaw5GVEvcXi22duM+Q/5ItPJgDK7WHxKV7APqGFa7M1zzW4/s8NlGmZ7fRxQou/3Uu5xeDcZ4scPP+aiR8u+6Yj5hdHZZKP6Z0co44QByjjhPiK9g3Li65NBBzvwgn2UGHC6OVwcLo5RS6BCDhPiPqmDhPiCZHILC4wQiP2AQzyESTgJ8WC+gtPsQrSEeQKogd5xtwreJ48MfZNRp0/9x3qqm4HLnfdWbu6qK4gvd91T6DveI5IUjsuXWcITslwUiIZasz7M+MhWA5RyMNCYwDZPlIDcK+xEiPO7G2VDJyUWpd5sg8IA2Cz2MJI6mRN8wGUx05HZS7TF48jXkclYrrXGOTfpofJNRNr0HZ5Z6j5ktw1p7+y9BqZPDaQOeAqrpGikpKAOkAAcMqxqCHvIC87qJ/JNyPqeh08atNGuJLs9Juah43PCu4RlwGFBooXMgY0jndWcDMb4WVvk7lUNsUgzWacY2QKx4A54Uk7NP2VTcZtIx6rTWFa8RyQK6pJJaByFFo4DLIDjkpkhLn59Vc2igkwJXgDvhdup/YjzWp5syXVPHoYNuyhXyokgpcxOAJ2KsMgMOeAsjdqmaurvloHHQ06ThdLRVO2R5vznkv4Oncl2S+mKGS5XAPePI07kjkr2e10UVNC1rWAHCyfSFkZBFCSzJADifVbZuAMAL0UYqKwfBPI6yerudkvYZgAONQOVJY3hRIo3EglTIjp5Q+zmj5ZBDC6U48qordHV3u5GV+TEx2AOyV5rXXCZtsoMucTh7hwFpLLbfkaVsO2rAJKmSpdE2nj04YABhT4gM7oLGAHdFP0qZRnfYSSVsQySMLM11d89WtiY0gZwMo91r2y6qeM5PdSLFaC53zVQ3J7BA2F6LmzWltFE1zgC47kq2DsZKCx2wAGyKDhALlLI3V7LpGybq3Oyg3OscwClhOXvHCtvBCNJI+6V4oIR/JjOZH9j7LQiIMYI2ABrdgFDtVvZRQjDfO7cnvlZL4k9dx2GidaaJ+q4zkBjWnOEt5kNjHJW9f8AVlXV1Lejencvrao4fI3dsY7k+nK1nQHRND0rbwzSH1cwDqiX+t/r+5VN8NeiG2Wi/it1HiXOq88xfuW57ArdVVwprfSPqJdgwE/ooRvALqC+09po3tB1TFpDWhVXTFoe9n8Xr2AzTnU1p/CFBtdOep6911maTTRuwwH8RW1iiDWBoAaANgOyJ9At8BY24HKe5Dah1MwZGXnsgScmAwN2rX0tOBER4kh0hQqKDwGa35Mr93OJ3UYCW4VfzD8iNmzQVPJwjawTAdj8Z2Xm/XvV1Xda1vSfTT8vJc2snafpH9LT+qldadWVMsjemenX6q+pbl5H4GH/ACXnXW3V9m+E9la58zZbtK7zgnfUed9/VHX3ybNNRO+fxwXILrfruy/CjpttJDIHV5Hka0+bV6n1K+YLndrz1pcHXS9TukOdtXp2CbdLtdetbvJeLxM6SRxyc8ewCmwwvZoghi1uk2a0c5WhLJ7DS6WGhhj+v2xtNSudIyCFmSdgB2XpXTnS8VtjZUTNBncMjbJCf0l0jDbYWVlbE19S4Zx6L0exWTIFZVM2P0tKtrBztdrfu2wIln6efUvbVVIw1vAK1YkEDdEekZGMjsmamx+VvHH2XmnxK+LVs6RbJRUMgmrmctxkNKRZbsObXXbrZ7Ydmi6w66sXR1JJVXSo87OIs7uPoF8t9efEW9dfXI19Y90MPDYWOOgfkqXqPqW7dT3CS43GcufJ2B2AVa1pxgdlisv3cHtvHeIr0KUrFmY4QjGT+iQYOwT2tcSB2UgRhozhZXJt5O1KfAKOAEjb80fDWAJjp2sGAFG8VzjgqnLAtfc+QssxaQAELVq3SOXIkUO++yHsNJIboJ2TmwuPZHEQznCIGY7JiBlNg2R4AyEUMA4XE4uCsDOTg2RDK0NxgfqgmQ4OyASQc5O6pvBQaao7AIJecrrnA8H9kNrudkuU9xaXIXO3O6jEnKLvkDK4WOJ4QBSWDmCnJwaM7hEaAANlaWSSlgDoJThFuCjlgI44SxjumbAc5GtYMJwYAnj0CWQr+NFrnoa5gXNPunGaIclNNVTAZ1j9UH2luDaHsOMrrWngKKbjTg4z+6ZJdYWgadz90O6MeyKmb5LLwtuE0tJ9f0VU68S/hGyCbvORjCB3Q9Bfx7GXWkeq6GY7qhN0qPX91wXSoBz/AKqnZkn8Wz9o0GkpaCqP+MT/ANI/VdF6nBzp/dVuRT01i9l3p+/6JAAnGVUNvs/BYMJ7b32MZJ9UW6H7AdNhb+GPRLSFWNvkewlBClNu1I7G5GVN0P2U6rF6DeE30/ddEYHZNbV0zhtKMlJtQx5w0qsoBwmEEQAxhMMbe4/dPBBRFYLeCN4fsl4Y9FIwEsBQpzIml3omqYYgeyEYj3aoWpZAJIngPXDE4IB+UMSSXdJPZQmUcSRklCZA4BST0lAMDGvc08ozKtwIA2QsFcV5BaJ8c8DgMv3PsiuY1wyzhVffKlQzSRfSePVNhMBxCGMtOSEWMnGCeEeN8FSzVsHdwfVIwPacadkQt8ARyityBwhcFIOIOcpjbXRWQoYnhgA3XA/snAZOVW4jeDgB5C60HtsfVdSVqTXKEuWeDZdK9YyUuihuL9TDsHnsV6HTPjqoxJG8Fp7rw0d1oOnOsqqzvZFUF0kQOOd8LVVfjiTOTrfHbv8AUrPWDGR2wnBuClbq6kulHHVUsgc1wyfUH0RdIbjC1KSkso4UoNcHABhdAGU8bJKCzoAwuafZPRA0A5AVsgIR53ASMeNyFIwEsBTJCKWYOCEtPspWAlgKiAPDPp+6RYQM4R8BcLQRjCvJCKWrmgIronZS8NyohH8P3Q9PupWn3TdPur6Gf4Imn3S0+6P4ful4furyTkj4K5jKlGMYOyjkHKhecHAPRPZsQnYwkd1TYtvI9jg8YPKa+HA1AIbMhwPopmQ5uCr6DIRaQm6fZSHRkknCYRhQmWRy0eiEYx6KU8AHZCwFWMhRkQZoRj6VBkg074VxJGCOM7KJLD6t/dDJGiM8lW+PsQhSMBVhK0eiiPCFRyPhLJDc3CEW98KU5uUJzMDKsbkjaR6JhAwjnlDPCAY+ABAyuYCIeUlQzAHAQsD0UhNwVZNzIyZxuAMj1R9DvRMLSVWCS5XJ6l0N1M240Qp62bM7TjJPK1LgBwvC7XcJ7VXR1cTiA0+YeoXtNsr47jRRVMZBD2g88J8JHG1FDi9yDp6YnphkEkkkoQKkkuavZCUJ4y0/ZVVyoW1FM8AeZWyG9nA5VoOLwzzieAxvLHDBBwopbhaS+WyVkrpQMgnIIVBIwtyDthLN1csrBHSXSDlLBUNBxdHKWCkAcqgh4Awu4CQ4XUTCQkkklRG8CSSSUI1lCHKcmjZOUMs0z6krbc2ZxLmgh3qsjVUFbaqt0kTSW5yCPRejFkNR/cu1bKrrqTVsQPzX5Kawf0KTyVFuuUddGATh7diFJkjJHKobhQT22q+bpgQOSB3V1arlFc4stw17fqCNNljXwEg5aqyrpjnIbstI+Eac4USWmGMYREyZOojc08dlGLTvstBV0WTswcKrnpnM7KEK8tQ2kt42IUlzOdkIjBQMmMnpHRPXDKstt10k0SAeWVx2d7LciXUMgZC+fQ9wOWkgjcEeq33R3XZh8O1XY5admSk7590qysCcD0J4Duyh1MQ2KnQllQwSRPDmkZBHCZNDq5CztYARQ1UOSDhFtF5loZhHITozjdTJ6fO+FV1NMc7NWaa/RTWTe01ZDURCRjxv29FIDmvCwNuu01vfokBLVsbdXQVTGSxOyD2zwhFTq/RIkjIOQExk5DtOFM0hwAQZ6Ug62DnlQS1+wsdRqA4UO5UPjDxqcaZG77d01rnwuAcFNZOHtbg4KgvAC33Z3kpax2mQfrhWrXfmqWvoBWx62HTUN3DvX2QrRejTyfJXAEP4DioLccmmY/OdkRAje0t1NOQUYHKgprA9NSTlBY1IcpJKECAjC7keqFkpZPqoQKkmg4TlCCSSSUBEkkkoAJJJJQgkkklCCSyEkPB9VCBMhJDGSeeE2asp6c4lfjYn9FA4xyGSXGua8ZaQR6ruVC9rEuEDC6koVgC5pycDZNO6OQOUItdk7KEAOJb9kQTMds05Ponta12dQygVFLvqp2nWO6hRJDs8jC7kDkqubUuheG1hLG/1dlIEgkAc05ae6hYVn1BSCAWjB3UUcJ+sqAtZOTUkdR9bRn+rv+qBFNVUfklBkjBwHDc/mprUgPXdQpvjASKpimaDG7UT2RmqqfSvY8y0j9Dzvjsjx3GSItjrY8OPDmjYqAOJPxhcc0ELrXNe3Uwgg9wllQgAxlpy1c8Rw2IUjAS0t9FCkyPJRwVbcTsBA7HdVjqKstz3SW6XMY/4DjnP2V41uNkxzBnPdQsraG+Qyu8CrBgnHLXbK0a8KFW2umuA/nNAeOHAb/qqwuvVjJMv++Uw2DuXNChZohynOaHj0UC33OjuLNVNKCcbt7hTgRuMq+in0AmppsZhc3Poe6j6pgcHUx4/RWDTvnKTnB+xbwjjNxEuPIGnuc0R0zDI7lUvVPw76A+IEWm6UMRqR9MrAGSNP3V0adsn2CjyUY1amHQ8cOan1amUHkXOvd0eOXPoL4sfC+L/AOtOT/aaysyflZnYqY2j33z3XOmPi/03ep/4TeHOsl3b5XUVY7Q/PtkL2dtyrqXSaiN1QG/iYcux9lSdTdGfDv4mUrqW+W2B0xHJxHO09jnldfTa7/nZksqxwYjrD4b9K9a0j6e+WxlRrG7jjV+R5Xzf8QP7J1bbBLX9A1p05LjTyjfHple71Xwe+LPw4Dpfhp1W+92yI5jtF1PlLfRsmeee7dz37Atnxwtgq22P4j9N1/StxzoJq2fyCfaT8wvR6Ly86OYSMN2ljYuT4srh1L01Obd1XaZGeH5fELNiuxC3VY8WlmAz+HOF973zoLpPrSgL3U9DXxzN8ry0Paf05Xzz8Rf7LE9JLJX9PFzByIhnR+XovW6DzsZvZfwcq3SSi/sPGYKqso9g8yR+h7KyguME+GvOl3uqu52Dqfped1NcaSQxtOPMCf3QPmGOw57CCew2Xo4Wws/BmGUraXzwaYFw8zHH8lbWvqi420hplMkY/C48LHU9Y6HDmTvI/pecgKwirmyNBLdyiwmaKdZOElJM9OtfWNBW4ZKfDf7q5e2kqma2Fpz3C8fB4c3Y9iFZ0N9r6QtAmLmjsSlSjk7NHks8WHovybgSI38bgFRJ6dkuWTw/nhV1r6ugnAZUeV3qr6KohqWaonB2UJ0o2wuWYlK61taT4cpH5pgut6t5LPFL4hwRuQrp0TSeMIU1LG7kbqNZI00NourWP0sqQA7uVcfM2S7RhjjGZCM+iy9TZ4pMuYAxx9FANPVUbstztwQq2v0RSb/I2T+nIX5dRSljucZyCobqWvp3mOaLXjuO6oqS819NJrZO/I5BKvYOrGuYDPGHOHopulB8hKVTGMdS1LjE92l42IcMKPVWuQDVEchXkFTZroA5zY2yY3zsmTWyeI+JSS62/wBOcpnypdgzrjPozjqepjbkjP2QHlztnLQFzwdE0f5YQn0kMh1NAz6IlbnozT0kZLgzstRLANTTwo5v2CI54jj1V5UW1r8loH2VfLbWk4dCE75Wzn6jQ3LmBC8azVz9FRAw57kBV9T0R0vXO1Nja12+QBypdVZ9y+MaT7KA+nqYzjzfqn16iafDOHq9FOxbLq01/goq/wCEtO+R0lJW4ackNxwsxWfDfqSja+WODx4wfwcr0SOsrKR+sOePXJyFOg6le8aHENx27LXDU2P2eZ1n09ob5ZScWeIVlFcbc7FZSyR45JahMlwMkL30yW25YklpYtXBdgKpuPRHS1wjIjp9Mh3OjYLTG/8AZw9V9Jy708kzxoVGp2AQVJbK5wABWyuHwn1OzaavDjvpeVTV/Qd/t0Piui8QDnTyj+XPB5/WeC1mmf3Rz/gqxM9p3RG1Tm40qE+OuhfpliIA5yE3xskDH5IliRyLdPOt4ksFrFU5O+N0Xxx7KnbKThE1lE4CdhZhwPcJZHqFA8c+iQqDnhUsgfGWWseuUzxHE59FF+Y042T/AB2n8KYRQJInc30RmV8gwC7ZVhnHp+6Xjj/5SoXsL2GppJRpkO/3RTFT4AheP1VB4gbhFZVFpBUAdaLov0Y8xP5pr9MuA5gP5ZUCOvaSNRUv5mB7AGndDsTAScOgQtUDJPGp5HQSejTsfyUuK8Xe3u/3praiEcYG+EINc/gqRE5waGvGUiem3Pg6mh8jqNNLMWS6Tqy2TkNlf4RO2Hdld01Y2QB8Ewc13oVlKq10Fa0kxhj/AFAwoIorpb/PRVReB+AlJs03B7Px/wBSNSSsXR6XBXyx4BcVZU9xP43bFeUUfWc1LIIq6FzSPXhae1dU0VYA0Sfllc+zS5fB7fx/1NRa1tmegQ19MeX7qWydhbsRuslFUNdu3fKmw1jhjOVjsoZ7TR+TjZHLeTRBxzkOUhkmwyQqKK4hpwQSpcVcx+MghKdbidaq+FnOS2DhnKfqaRvj9VAbUxEd0mztJxuktYNCkn0TQN0sOacgoEcw90dsrSqLyOMrhgEZTmvDgMphwe6a8O/Cd1RMhSB6pafdAAkz5n5C6JXZxpRxjnkvAUbLoeRthDbJvwjDSWq5JopxTI1RR08+5YGu9RyobqOup/PTT6sfhd3VnpS0+6gqVSZAbdKuAA1lN5fVgU2G5UlUBokDT6EpPjDhg7hRJLZA85A0/ZFuwZJ0v0WJAIzq2S0h5AyqKSS4UT9MeqRg7EotPf4mP01sbowe43wmpsTKtxLtsJaM/wCqE+mhkOZGNcfcJ8NZTzMD4pmOB4wUYb74Vp4M9lSksHn/AFb8Ielupw+UUTKapfv40Q0uz65Xll7+F/xA6T1Ps+u70I+mNw3I7+q+j5CWnHOUKRpdg4WqvVzh0eb8h9L6HXZc44b/AEfINW22VUroL1QutdW04IHm3/ZSKCe/2I+NYLu+aHnQx2HEe7V9JdR9D9O9SQuZcrdG57h/eNADgvKb78DKugkdP03WEEnLGE/6rq0ayM19x878p9F36R//AC73RM7RdVWu4u8PqS2GlmO3ixDDT7kdlLqLA5zPmrRVsqIjuA124WavVBeLTJ8pfra8aTp8QN5/NR6C51NueJLbWObg7sLv9FvrvU+jxGr0ktPLZKLT/uX7pJ4DoqoXNPfIQ3wUr8va0ZPpsjUvV8dYBBeqVju2oDBUw26lqm+PbagEHfTncJytzwYdklxJEmw9b9QdOvbEyrdU0zeIZTnSPYr0qxfEa03kMinf8vMdiHbDK8emppYiWzQkY7gIIjIOWuATNzM12nrt6SR9KxSNkaJGODmncEI7X5bpK8FsnWl+s5DG1DZoRwxxJwvSLB8QLbcWtjqXGGTuCcBM7ORqNJOrOEbYEpwfnsoUFXHKMxHUDwUbxiOyI5rQfJXQTlCByMrqhW0ODtyuoAJzyigjCsjiPIyRug1NDTVDcvjAd6jYp5mwQMcookz2UKyQo4JqT+4lcQOA4qXDXE+WZhB9U8sBQ/lw/koySlkmtla7ghPUERyxHyjV+aLHM7hwUADJJZ2ykoQWAlxwkkoQ6yd4cMFSY5w/AOMlRNPumjW05aVCFkWgjhRp4gRnCUNW4AB+6OHMeFCFXLSsdklvHuoZa6M8K8fCCNmqJLTkfhVPotdldLFFURmKoia9h5a4Agryzrj4SNrHyV1hcwa8uMDhjB9j/ovWZoXNI2Qi3GM9lmlHI+nVzpmpRPkC7W6qt1S6lq4nRyRkggjChZLCCvqHq/4eWjqhrpnRNjqMY1Acr576u6SunTE/g1sRwXENeBgOA7hZrKsHtfGeVquSTeGV1HWFpIdjBGEK5UkVTEZGjDh6KICW7o0dT2cuXfp+cnstFrlP7JlINTHFh7dk3XocMDlWNbRHeaLcdwq57A7bKxuvB0lLPRKhkDhxuneJ7Kvhm8GcB3GcKw1B24CXtHRs/Y3A7JicmZwkzjkPPOQ8E5Y4BX9vq9QAOFmhsplFVaDuk4ZtovcGbGmn4BKO5rZm4JVFR1RJAVrDPkDKh2q7lYisroSJDhuyguYMbrQ1TGvYRp3PdUksPhuIChj1MMckUsIRoTg4XXAYOB2QGEhwVdGSE9rJ7SQ4EFT6WoIx3VfE4OanNcY3Kzo1W4L+KfUBuik5VRTVG4VpA5uAecqG+u3ePbqGMqRD9X2QnYxsV2ndh+5UG7sMntGoJSsAGyJBghOcwluMKGqK3IryzL8AYRhDgfThN4qWbbZVm+MYzhQiryVZjLeBwnwVroHbjZSHwn+lQqiI5BAS3zwynHHKNLbq1krA4OyT2Vm3DgDnlYmhqjTSg745Wmo69k+kZ7JMonW0moco7WWLXA8j90nRtKYWf4l0OIzndDtZuUkCdGD2yq+poX7vZgj0VmZNRxjhMm2wEvaX2UrMtIBGFLgeRjGxXKmndjWxvHIQI3lpGQlzgFGexlw2XxA3IGccq/sN0nppGRyS6gdt1lIpuOVNp6ohwyNlhtrN+nu2y3HqEFc1+wIUkTB4wsfZ7kWtDX5PotBBVAgHsss44PQQshOKkgtVGDuG59Vi71aJYpHVlKScOyWjlbcyNkbgqsroxjZuc8rJOPPBU3jlEHprqQjTBM7DhtutfXRtrKUTx41N32Xl9wpH0VR8xESA52duy1XTPUzX5pahp4A3UX2kha32XDdFTT+FKM4VVFK6nkMZyQCcequ6qlAPjQ8OGRjhVtVD4zMtA1t7+qo0J5JVNUF2BjZDu9u+ZjE8AxMzcEHlV9LV6JPClON8Aq6p6hpwCFCIh2a4STA01R/eRjvyrEtwFR3iCSkqfm6fIJ82ytLdWCsp2yEjVjdBgZCeSfQzhkmhx2KkzMA/mM7HKry3S4EFToJmPZgnfjdAaoyH0tRmUMJwphLuxVRJqiqfEA2VhBUiVupQbkj3qLXC2Vo87N8p1LUfMUoPfYFSKgtcMEZCq6OUU8klM7YZLm/ZWiSaZIqWB7DkdsLFX6kAY4tbkEkLbuweTyqK7U7HCUY8p3TVwjn6qO6OEeZDFJMct4O601grzDM06vK5UV8g8CYHTjKVrqi13h6vp3CcstnLhP4pqJ7BSzienBG6NG7AOd8rPdO3ASxiNzuRhXTHGOXBPlKKS44OxCeUH1b4wsp1NSmnnbVsbsditUSOVVX+nM1Fgb4Ki7Jak+iLbphPTtc08DddqGkAYVVY6kwymJx8pOFdzNDwnxlgyyjlYPHviRamUtxhrY8NM2QffHKxE+GEkbZXrPxDt7qyjc8RZ8NuppHYrySdrnDGOF6zxep+1Hxv6o8fKu6SfsJQyOjmD1p6OcyAH1WQhk0PGQtFaqgOAZjdey0898EfGPI6d1WF41x7rJ9RQSU9U2dn9WQVpo5i44IVP1SzMbTjsn9GBPHJb2uq8ejDjuQAnucZY3R+pyqjpucmARf1BWwIYTlR8o36aW5ZLKPEtC3XgkDCx97aIatugYyVqqJ2acAjuVS9S0rGtbIBgk7FZpHTrz2T6CR0lM3PIGE8nBx7qD07UukAZIc42U6pYWvICy2rLO5prPswyRTPHchcn4UWFx9d0V5BCSdGE8DqYkHCsGgFo+yq6V2Zgw91ZtGBj0QG6qZBqGlsm57psoJaN0aow5uTuQoz8acZQyWTSrGJh0u5wpDt2hQM+cb4U4eZmyRZn0NhIHvk5KgV4GhwCnOZk8qFWNyCEPQ9vjJXxHDhupBIc0hx2UQbORWvA7q0ZpvLPJ+qKU014mB31OLgfZVDW6e60/Xkei5tPqFmRsmI+deRr+PUS/uMR2nOUBFbwU1SwYv7nJigtO6fJsVyPugcssmQgOQCSijlBRhyjbyiPoIOEVvlKEOEU8hPgJfY8cJT8hIHsuz9k0odB9QVlA44x6KuhADhsp0SIdVMlvGWcqjq3anP3Vpqw05KpZyS9+/dXJ8DLnwAYPMpkP4fzUNn1BS4OyQkZpvCJI4Qqh2G7FEyA3dRJXgnlSx4FRy2BfvlB7n7ox4QTtk+6xzeRrBlmcbrY9M2uKaeKIM55KytC0Tzta4eUHdel9G0bC/xWtyRlcrXWbIHqPB6NTsVkjYta2mpmxM2wAlRQmecOI2aclNlJcAptvia2LX3K4Vk8I+iaeO5p/otYwPRS2HDQSolMCSFLd5QMLOnlnYilgTpRpOfRUFfOJZjg7DZWddIYotY9FQOJc4uzzut9HJl1L+3aEbEXuAAytTRRlkLcjsFRWyAyVH05AWhOGtxhdamLaweZ1lqqfJGutUylonvJ3I2ULo+1PmkdcJWai52GghQrm512uUNsgJOCC/B/ZejWWgjo4oKYRjOF6nQ0/HWmfFvrHy0rbfiiy9tcDYYANODhWEfKBDhjNIHCkR8ronzycnIkRkNGdKiXm5xW6lOp2HyAhqlvlbFAZDgaVmI45OqL8fJmkphgntkIWFjJddI2t3/AGyVuXynVn2WzDByBgqPR08VNExkTAABspSQ2Km8iVfd6/wG+Ax+HOG+PRSqmpjpYjLIeOB6rMPqHXCsJP4jsqyATLbQy11Q1rG5H1OcVtaaHwo2tIAwOyh2ShbTQDUBkqyVTBk8CXVxJXGOQAdRUR08RkeeFFtFJJUTuuNUMA/Q0+iDh93uHyoJEMW7/dTbvdKCx299TUyaI4goy1kidYdX0PSlC6ec6pXgiNgO+rtssT0L0nU3a5t646jZ4lTIS6CN+4ZnvhQrLbaj4h9S/wAYuZc6305/kMPDvf3Xq8cMcQbHG0BjRgAbYCrA5vaseyTGGtbsMLIXyunvVzZYqL6A4GZ2fw91ZX68Npac01M7VUy+RjRyCeCp3S9kjttIJnxaqiXeSR31E9/yUbwA3ksrdb4bbRR0kIB0jchTmHKYDjhPBxlUpZEtseCN8rO3O4Pq5vlaffB3x2Uq93H5Wn8jtL3bNKr6CNsEPiPGZpBlxVrgIsKfEcbWfqs/1b1Oy2UroKTDqmYFkO/4lJvV3bbaF0pcB6LyDqTq6ns4qr9dZW68H5dr92sHrhWuezRp6Z3TUYI71N1hQ/Diyy364SiW8z8sJy8g+h7Af6r5dvN2vPX97kul1ndK9xyTnYD2RepOor18Q74+onme6PJwCdgEUGCijZSUjMyjb/mKZFc8Hs9HpI6Rbn+QzEdO0U8LAZOA31XqnQnRv8NiF1u0bXVEgBjY4fSFzoToE2yJt9vLM1TwDG3GC0e/7L0CioWT1DZJwcMOyajDrtb8jdcGOtdnbI4VVS3DG7tae6uJK2CJuJCGNA2+yr7reKO3B7nyARxDLiTheB/Ev4xVNY6azWSQsiP1uD849O33S7rVFYMOn0NutniC/wAmi+KvxtitfiWfp0O8fdr5ydm9jgeq8Ara6puFQ+qq5TJJISSSeSVHmeZTqcN0oxgLm3WtvLPcaLQVaOKjBcjCzjZHZCMcJNA2JC66TbACySnlnSfPLHMa0ZKa+bUMYQxIfT90gMos7isYGuaXHJd+y6GYTxESfpx+aK2MDARbMi5S29A2R6hujsYiMjGF3TpTNmCt7OAY7p7gMYQ9fOyY+Qu2Gyp8FCd3Qg92rCJ2QDyfuoQk7Yyo7vqKQLicAldw70QSWSA/MiNac8YyngDPCIG7cIFDJeAej2RWsCTnMYPOUGSup4x9Wc+6HMY9sPY2PLPRIkDcnCr5rlviFQ5qyd+2vZSV8I9Bxqcuy7NTTjmTdAlr4AfqVJrdq1EpxIOAQky1DfQx0JFlJc+0RUeSun+kuzlQwMJ5ye6F2Tl2w4wUeiQ6olcNzyo5cSTkpuT6pKKT9jNiQs7JJJKm8hJHQMruAuNTkt9kY7ASwEJJGTaJJJJEULOF3JSxwuIAhE55SyeUklCYHtec7Z/VSPHmaAWvxhRF3J9SryB8aJzLjUAgEqQ28SNAEh/dVYb6Lr24IKJSyKlVCXouo7xE4bglSY7lBIcb5Wfa4YPsENszsnGyLeJlpovo1zJ2uwRuCigtODhZOOqnjAIecKZHeJgcPGw90SlkVLTSX4mjaI8EIckQ/VQIbpDpGonKmxVTZRlgCvIp1TXY35fYn0Q9HspCeWAKxakyLjC4iuaOy5pUL3gUk/BXFCxYCanJqgWTgGF1PwUsFQDecBIOQFLpK8wHTNl7D+oUTD0sPRrgksS7LlkMFWDJDKATyCo8kb4XFjxghRYnlhyDhWtHcaWsYIa1uC0YDsI9+eBE1jog4zwiNU2qtvht8ancHsPp2UYROZyh25AU8nDunphJHIRByrAOgYTSwBFBHCRGUS/YWf2XXSvVFTYakNc8ugcfM0r1q1XKlu8DZ6d4wRkjK8KLdlbdO9U1diqQW6nRZ3bla6rccHK1ujVj31o9rLceyQZk4yg2a5Ut6omVdNIHZA1DuCpmMLWmpI4dtTreGLwx6JwGO66kOVBI4bLo3XRwuqEFo9lzT7oiShAen3XNPuipKEA6fZMwPRSMBDIOeFCANBTNPupKa5vuiTLTyRdPulp90bT7rhGO6mA8gyBhCMYzwjlpC5p9lMEyR/D90vD90fQVzT7quScEfQR2RGZAAKdgLjhuMKZLxgKGggqNM054R2cbpzmj0VlELGExzduVJdGO2yFKw7Y3UyTGCMQcpkrMtOQj4C44DCmA0VcrDlQ5WY5VtLEDkgdlXyxn0VM0QlgguGChSDbYKS9pB4Qn8Kh8WRSMIZ4Uh/KEgGIAWnPCZgqVgJmAhksjcYAYK5gKQQMIJByoMBYCWAupKAAHxjt3Ws+H98dSVpt1TKfBmHkyfpcsyRlNiJjdqYcOG4PurTwxd0VKLPdXR8Ebrvh+6quk7w272iJ7nZliaGP9yO6uTwtC6OHOLg8MAkuv+orisEKeE1OPCaqQEhJH6SkkrIngh1sLZYHtcOAsXcaZ0Uh2wt5IwEYPCzd8pA3JDc57qGqq3BmCAd0tDfRdLXA7LjgRjKF8G+M8jdPsu6fZLJSSdxY5JcByuqBjUkkkZJRyJJJOUFuWBq6DjsuFJQrs+lrVdprc4awXN4/JayKWkucAlY1u/OFkamhcAcBR7bdai0zkDLmZwWr8kqeT+hUomiudtGC1zctPBWSq6KotVT81S5bg+Zo4IW/paumudMJIyCHDcdwodxtLHxHAyP3CJgZKm23WKuhAyA8bEKU5meFma+3z0Mpkhc5u+dlb2W7x1TRBUkCQbZPdWRrJJlpw4bhVVXRAnOMZWjkhbjYKHUQA/hRJAmQqqbw84aoDgc8YWpq6PV+HsqepoXMGQ1WGVBGDgruzuU+SJwchkEcqmskNZ0f11UWQikr3mSlzpaTy1et01TS3CljqqaUPY8ZyDwvnaTDtlfdKdaV3Tkoifqmps7sJ3A9lnsgU1g9nlh/w/uoFRT57KXZ7zQX6jZVUEgcHDduclp9CjyQatsYOVllH9imjN1dMf6cYTKKuqaCTVFIW77jOyuqmkGOFU1FG7IwAlE/sbK2XiCqiYXPGrG6tBJqbgcLzJjp6dwfG4sI9CtdYL6ypa2CoOJBsMnlQXZDPJdzU/ibgKP5ozurBha5qBLDq4QtZM+MPAON+SBxlNrbdT1TA6RoDyPqHKa5pY4YRmy7DKoFogWu5S22pNDXkljto39lp45GuGphBBVDW0UVbEWlu/Y+hUSir6qzzClqyXRk4a4+igmUcmtTkGGRsjA9p2cMhGzlQXjHY1JJJQUJJJJQgs4Tk1OUIPSSSUIJJJJQESSSShBJJJKAtZEkkkoFGOTmn3Wf6is9Zc4iKWobG7tlaFMc1QZGSiYWhul66fIpbg10rGn6wDjC1FtvtFcv7l+PupFdRw1URjlaD6FZqr6dmpnmaheWHnyqDouMuzYawnLIW6/z0jvBu7XgcNeAtFT10NQAYXage6gLgvRNXCBjKQORkrqgoGWnPC5k+qOQMIBG6vGChskbJWlkjA4HsQqmehrqFxltx8SPkwk5P5BXC6ADnKohW0V5pag+C4mOUcxv2cPyU8HVyMKLcLLQ1w1PjLZe0jdnD81UkXuxnMsnzlMOD/wAQD/VQvs0rSE5VlBdaSujD6aUOP4mnkH3CnidpGcKCmshEySISDcZAT8hdG+VCiGBU02RTnLOdPdSKasbJ5Hgtd7ojGg5UaanEnb81Cf2LFrg5dyFUtqpqUefzN4CmQVAfjfYqFNYJaS4NwkeFATq4dxg7hM/EngjGFCFTcbCyY+Nb5PlZx+JmwP3Q4LlXURbBdoHAN2MzBkFXY5T3simjMcsYc08ghQhFhrIZxqhfqae6kNORlU89nkpZDNbHlrRv4JPlKdSXljXiCvYYHH6dXdQEt04tBCaCCMjdOyrINa0NOe4Uee30VWHeNSsLnbagACpIOTuE9pYQABgo1PIqeGUjrZfqMarNdnSBvEFSctI9AeyqL7dLLW0ppfiR0G6WBvlMvgioh/UAH9lsXNTfG0nzDZaar5VPgXsg+JI8Zp/gt0tNUNvXwe6+qLBM7LzDrE1Ofux3mBI75SrutviP0HI2l+KPRYuFtb9d1s0fitDO73R/UPtjsV6HcegulrpUGst7prTXnf5ijf4biffbCgfM/EjpQGGuoI+p7YNi9nlnA/5cEO7910qPISf5CbNNGX4cGYFq+E3xWoDNa62krRIPpBDZGexadx9l4t8Rv7LdZSF9f0rKHN3d4ZHP/Re0XLoD4TfEKsN26frJOl+oGHOaUfLzNd/jjzvwP3QP4x8U/h3qg6upv9obIMAXGmGHxD1eO/f9F6bReWlCWaJdemznanSxePkXH7PiG92O8dOTupbvbZYS041EbH81DhkB+l+M+q+85qP4dfFigeyOKnqZNPnbpDXj7rw/4hf2XKqm11nSNU5zBkilm3H5Fev0XnqrJbLlhnG1Hjpr7qujwenrZITpe7U337KY2shlADH7nsoN6sd/6XqzSX+2S0hyQ0v3a77HChRPgqz/ALvUhkg98YXehbCz8WYnKVTxNF+2d7DlwI91aW+/1dE4Fsp0+hKyQuFzonYqYxPEO4G6lU1fS3DIil8Nw5a7srXJqq1c6+Ynp1t6rpqkBlRhp9QrqOaKduqJ4cD6Lxt7KqLdriW9iCrG29TV1vcA6RzmjsVbR1dP5NPiZ6o5vuhOjDhh24VFa+sKWrDWTOAPur6KqpZwDHK059DlUdKvUVy6ZDqLeyTdjQCqya31UWcNytMxjT5gP3RWxgDcIMGh1RlyY3RVsOzSCPfCm0l+uFE4OEpOBjBKvJ7bDNvjSfUKqnsU+s6CMeoROKYpxlH8WWlJ1dQ1DmsrYWxvPJxsrBxttaM0VSzWd8ZWFqKOeF+JIjgd8LkfjU7g+J7mH2QpKIHyS/qNu+jqGjUMP+yjyRtds9uD9lS0nUtxpAAXh4Hqreh6qtVa4RzNayXvkIvk/QyF0J8NgJaUHOACoj6BpcctWjMFLUjVTyNyewKGbaechEpBzpU0Zma2RPYQWBU1ZYQCXRDB9luX0rcY0qHLSasjSrVkvRgu8ZVb+SMJLQVlMMNJIHogiatpyHgOP5rdOosNOpgKqamjByCzb7LTC9+zm2+IUf8AbKWHqPw8CaI6grOG7UlWwAP3PLSVFqbJFM3LW4PKqZbPUMcWtcQFohqo/wBRy79DdDtZNBLa7JWMPj0zST6BUdy+HtjrIyKdroHk5Dm7qE990pBo1uLRx3Uun6iq4WhrwSQtEdTF9GCfjtPd/vVL/sZuv+G1fRxGWmk8THYqhrun7rQxiWWmcR7BeqQ9WwNDWVWMO7EKwhutjuA+XkYzB9cJv8k4Wq+ktJdJyre08HkkdGQHRkE+oXDNjG3K91qOm+m7gAwwRbcYABWbufwlp5ZTLRVOlp4BRx1KZwdV9HaiDzTJM8wMmcdl0zeUNWwrvhTfm7UpY8c91l63pW/0GfFoXktODsmfLE4eo8BrdO/uhn/BG1E76kvEd3Ci6atu5iIxyuCqcNnkbJqkpdHOnpbK+JIneKUvEKiNlyeUVrwUQiUdocTOCNHVujGGqKCD3XdXsjj/AHBcUWEdxniO7shTYLrG8gSOVL4jXHB2T2wuP92BlXgKtbTUR1EbxlrgcoocD2wspi4QkFu4U6O8yRYNZG7fYuCXOKZrqlgtqmlgm8z4WOI9QqaospY4y0UpieewOytoq+lmaHMlbv7roIOCP1WadaNlcv1wU9BeupLTJpIMrR6laq2deU1RpiqQYZeDq4VeWteNJaoc9lpagHbS71WaVCZ6HQeVv0mFGTaPQqG5R1OktkDs+hVvDMQF49GLvZ36qaYyRjtlXlv63qG6Yq2F7W/1DdY7dOe48f8AVMXiuTwemw1WXY2/VS46gDnCyFsv1HUgOEwz66leRVEcgBDljsoaPX6bysZ/1F4yVoGQQnsmI2VZG/hSGSjG6zyjjo69erU0WInTxIDtkKBk+qcHb8oeRyuTJ+Qe6WGqKHHHJTmP33KmRimmSV0EpokAG6XihWGOEvbCfqGM5CHym6T6FDwU2g3iAnGF3IUbOnuneK0bOOETQCayGLAQQRnKjSWqml3LUZsrTx3RDII+e6Z0DKCkUFTaaimk8SjeW49OESK93WgcGVcfis9grjIchzxteNwP0VmedOejtNd6KuxpkDH/ANLjhTPIRsQfzWeqLFTVT/FbmN47tOFHkqb/AGcZYyGpgb2wS/CtGedcoPk0r4xt3QzG0jcKFb+oqSsAjm/lS92u239FYggpiZlsq3eimvHT1uuceieEOJ2yV5z1D8FKCq1VVtd4c2+ADhevPaCgOjzgA4To3Tg+Dl63wul1scWwTPmK+dB9RWZ5Bo3TNby4bKjpa6ppH5jkcxzTgt9F9ZSUo2OAsh1D8M7LeI3GKmbG7tgbhdGjWY/I8L5X6F3LdpZf9H/7njtv6tjJ8K4wamn8Y3IVoaS3XFnjUUzcntldv3wlvlvL5KGM1DBvtsVjZobraZ9L2SQPYe+QujHVwkj57r/BarQt74Nf39f9zST2+opydTDj1UcPlYeSEC3dZVbC2K4sbMzjjdaMMtV6iDqKdscvOlxwtcLEcadco8TH2TrW7WlwaZ3Sxj8LznC9FsXxAoLgGsqHBj/deS1Vqq6UnVGS31G4KDBM+ndkZGO4T00zBboqrOj6NpqyGpbqhcHA+ikNdq7Lw+zdX11C9oEziPuvRLN1jT1jWtlcA490WDmW6SVUsYNaut9ygsqI5ACx2cpx39lRkks8DxzklFacDlRsb5yiZKroQ45JWpvqE/PoVDB35RA7bBKYD0StYGwS0lwy3YqMDg55UgPBAChQ3M7Tt5giNkOwI5XQcIU7M7hQhJbgj6gu4HqoUcpadLtkVkoPB4UIHSxlN1+yWv2UIccCOERkzmEd03UukZUIS45Q8DOAuva142UE5aRhGimLQBjKhDksIxkNVfLF5jthWpk1Y2QnwtO+lLwgis06eVAu9jtt7pzTXGESMI3GBuraopnAZAUYuMZ3aqcUy03F5R88/EL4QXazyurrMzx6V5LmtA3aPReY+ZpGV9qPMVREYJmBzHdivJPiR8Ioq8vu1iZh5y6WIN/cLNZSmeq8d5twxXYeGMkJbgnP5qsqqZ8Ty5oy12/2VnW0FVbKp9NVRuY5p7jGVHe4P2O2Fz7dP+j2Gk1k4tTT4KmVhePp3ClU0upmD9Q2Ke4Nb+HKil3guLmjYnhYLKsHaq1UJk5De07YRKaRr4wScEp80ZIBWWXHBsjPJGTmPLDkIRyH4TgRhJcQ1bgtKGrOcFXdNVZwDhZRkhYdgrWin4ygOpptTxg0bZARvuotXC1x1NGMpkM2ABupIaJm4yobZSVkcMq34AP2UN7t8jsp9ZCRIQFD0+6hhsTQ+CoOdJ/VSyNQBB5VW/LXDCmU1RtpIUGVWYeGSYnFjskqzgqM4VW7J8wRIKgtOCNgob4WbeC+ZJqGeU9mdQwoVLUcNIU3UMDHdLN0Hu5LGkdkDJUzSCqukdvjKtG+Zox3Vm2tkXQPmW/dWLm+6r9P+8N+6sCMY3UNURgZ6qPPDqGwU1MezPdQGUU+CmmhLXAgYUiiqnQShxcMBHmgBGwVdLC5pzjdAKcpVPMTV09xhmA0Hn1UnxA9qx1JWeA4DgK+pa6OVo0HJ77peEb6NVCcctk87b5SD8njhDJLwCF0dwl4Ncbgh0uGNlAqoPDcHNCkODs5BTiNTcFLlHI1yyiHE8tOnCmRvGQQRuo74RvgYQ486gMrPKG4ZVbtZoKCcjBDsY91f2+vII8R2VkKafRjKt6KqHplY7Yfo7Gl1Ho18dTrAIKUj/EZuFVUtSThWUcwLQccrHOKR1lPcuSsuNGZQWtbnKzQdNRVBLctLHLcSBrmu2zhZ+60QnGGjDgc59Qk4yLk8dGm6ZvBrYBTzPDttvZTKqAxSZGwJXnVvrp7bNkEjS5ehUNY250IkJBfgKxkLfRUV1P4U4lG4d+xUyiqnagCE+VodG6N43GygjVG/VjhQdkvKqJtVSkY3AyFRUUr7XXCN/0S7fmre21XiMAd3US9UZc0uYN2+YJYxSWS4id4gJwuxkxvyqSzXCR38p7txsrnxAd0A+M8kqRwljdgbptBOWu8F2x7JkFQAdJGQmVGIZBUjOPZQepcFo86sqqrgWHxNOSCp9PUeKzgYIQquHU3YKFy5QFspe0ZO6j1kRkYWjckJRHw36UV2HDJTBEuTD9Q28TQuIbhzFkaWR7Kgb43Xp92pQ4F2nZw3Xmd5pn0dcXNGGk5CbF4OJrIup/IjZdO1LzKAHcLaTSHQx4O+BuvMbFXlkjJA7GdivQbfUCpg0k5IGycnk1aS52Ryy7a8TwNeMZAwUCdgliMZGcoFPN4YMZ9VIEjSOVTNz+4x72CjuJa4YaTkK616o9Q9FB6joyCKiPsU+gkc+lbq3RoU1jkgX6mdV0E0UeznNK8QrKZ9NUSwSjDmOIXvdcMZXj/AFfTGC4vlx9ZK7GgscZYPC/VWl3wVpkpQA/0VpY5CZw3Kq6ofzN9kWgnNPO12diV7vQXZSifBvqDT7HuRsGkDZRrxGyWieXDOkbJwJIByiOaJY3RvGQQuueQ+RGf6ZqmxVLonnk7LTTg52WPoYxTXcsHGrZbGT6QfUIX0b9LNdE2iGacAHOEG8UzZ6R2obgbItpOqJw5wVIqY9bdPOQQsszt08oyFgmdHO6Fw3aVoqoADJGVkad8sV7fBjSdX7LWlxdEwnc8JElk30SwRozh+CUVzs91G/47wERuTndZmdGFi6HwHFQN1aa9SpslsrXKxa7Lc+qhvpnl4OSnMblEZISccqS92tpbhQoyGvLHbHdLZpcsDJD5xvjJU6J3kG/Krpzh4wEanmAGMpT5YyqzEsEokZ5UapxpBT5TwWoMm7VnseDW5ZRWzjS7ZNLiBynVP1KIcuJ34UXZnk8MzXXcELqds5aNY7hYULf9WRGagJ9FgicJ6PFebjjUAk9MT0ZyBJpIJ5XTwfsgDOpCngpEjb1TmcpjeE9nKNsmCSzsincBCZ2RjwFogJfY1qeRlNRBgd09LJR2D6grCLgqBCMOCmNI0qxsMI493kLfVVEu0jh7qxnOCcFV0h85+6CwkpZFEPMFJjG2fVBjA/RSIwNH3SxM3g5K7A5UEucSd0ed2TjKjpVnAUUuxIZ8wRE2JpfKGDusdk8LI6uLskorstbVRtMbSxvmJXrHTVFFTW8P04cV57YKbVURxkDYhepwxCGnDW7DHH5Lh623d9p9E8RpVXUpCa3xJQ0DYlW8EekBuMYVdRRnUJMc7K4hbpAIC41sj2GkpxDIeHDNyEdzkKNwHbdCrphFFryqq+5mpvaslTcah75SzXsOyiM2O6bLl8hfknKfTxh8ojzyuzpa8nJ1NucyL+0QFjDKRjOwyi3KpFNTulyNge6OwCKFrAMYbgBZu6zfxCtjtYcdJd5seq7+hpzI8L9QeRjp6pTZa9DWp00r7lO0lz3Eg+gXptBBk+M4bjZv2VJYreyho4oWtwcDK0dO3Q3jb0Xoox2RwfAddqJamxzn2Hj7qXCwkZxlRYgSUS4XBttoXSZG44RyeDEU/UtxMrmW2md/NkONjxlabpWym10bYzgZOonuSst0ha5blcn3WpBLdRLcr0RgAGANglzljgGc8EkYIGBhIuDdycJrTgZJVXd7k2nbqaNXblB2K7K69XIzz+BHwDgBW/TlojDPmpW5IO2VR2qkfX1okIJBOVvKWJtPEyJoxgKiB2DS3SOEYjPdcjII4TlbAFkDkqsu1a8EUdO7+Y/05wpFwqo6WPxJD9h6qLY6Px5JLpVN8pJDSfwhQtLJMpYo7NQmSZw1uBc9x7LzG8VtX1/fG2mma9tthd53Z/vCP9FY/EDquevrGdJWPLquoyHPactDD3Wk6Y6eg6etsdK3DpsZkf6lUE/sLK12yltNJHSUkYY2MAbBSKutjo4HyzuGkAnc8ruoNBJVC0SdTXqMRnFupcl7uz3Dt/ko+CbtxJ6UtE1dWvvtxiGgk+CHemdltjpcMhuAhwRsZG1rGhrGjDQOAEVLk2xbEgVjxHA6Q8N3KI6RoaSTsszf6+V9Qy20r86t5t/w+iOEW+SsZAmX+I1ZqpRmJgwwds+q5VVvgjGNkGpq4qWMMaMBowAF5z8ROvm2Skkp45Aap48oB49k5QH0VOyWCN8QevqCOR0TqjEce2Ady4L5m616nuvV93dSiV3gNOC1p2wrHq27V4a+vrpCXynyMB7qjs8L6aJ1Sdpp84zyMq5x6wer8dpY6ZfL7CRtjttM2kpI8SP2JA8xXp3w6+HkdHGOo+oWtLxh0Ubx9PundC9BxgMv18ja4hupjXDY+638FO68yjxMx0MZwBxrwjX2idb5Dc3XAVLDLdpC1g0UTNg31+yF1H1FRdPUjpHPGpM6m6utfS1tf52tDRhrQcFx9F8x9b/EK59TzyQuqHCPPDT2S7bNovQePnrZZ6Xtlp8RPiVX36sfSUFQ9kAODg8rz5x5cd3Hk+qXAz3SHqufba2e00+nhpobYAyCTkjZEbgb55SG+Sh7gndY5zbNMV7HpiSeBkoUshjWxk90WNmE9jERrccFaIx/YDnk61gxuF3T6JEgcrqYC+TmMd0gMLqShWBJnh+6euEgcqFjNPumafdEQ5pWxNyUuTS7Ik5dHdKc4NAydgq+W4aMiIqDJWzygtc7ZJnclwh0KW+y0lroY9s5KiSXOY7NOAq8gk5JXclZJ3SfQ5UqPLDvrZXfUc5UfJJJK6klNt9hpJHWgei5krrUh2RR4GCzwUjwEu+EnIJPnBQ8OBXcj1QMn1KWT6lEpED5HqlkeqBk+pSyfUq9xB+n3XQMLqSvJMiSSTXKiCwVxdyUnK08lpnF0cri6fRXKROh+pMO/C6AOycRhKU+SjiS4DldRkGLrVxJEEFAwkh6vZcVJYKwd1O9UmfUFxJEWEHCKGt5AUccp4IxuUYIfccJzKieF2tkhGE1JTIMoqS5LGmvvDZ2fmFaU9ZBMMteN/dZcsAOU9pLO/CkbMPBlnQn+JqzkjONksZVHSXuSLDJRrZ7q5pa6kmwWuA9iUxNMx2UygP8HIzhC0lTwGkHvlAMAO4CNxE7+cEZcAx3RzGQm6fdCHuG4CWAupKEOYCWAupIiCS4SwUsFQHGeGWFBdHU7fDkJLTsp4gbONcZBB3VApFJVzUzg6N59wjF2VrHBYSU0kfIQ9OFb088VfBg4DsYUaehlj3AyPUKGfLi+SCAeEYcLpZjsuKF5yNQ9I9FI0+6Zp901PDyE3lYLbprqes6eqQ+Il8RPmZnbC9mtN3o7xRMraR+rUPM3u0+i8DIV90l1PUdP1rTrJhecOb2wtVVpzdZo3bHfD0e2YPouJUNdSXOkZV0rw5rgCf8JRdK0J5POtYeBq6AcroGO6fgYAwiwUIcJJJIiCSRkkOSAVwgYR0lMkIpHouYKLgJYCmCEbQ70TMFTMBDLQRhXnAzGQGAlgIhhycppiwpkmAWAuYKcdk8xgqyiOuYBRjDlLwfdTBAKekuN2KhDjmHlAecg5HCmY1DhAkBYdhyqZa/REITEcgcoeCrLAPYCoU8WATp/dWZGVGmGncNyqYcZclNM0B2MKO9Sqxp8QuxyogQ9GuHQJDcjnlMUHJ5BLmn3RcY3TAcdkqSaCAoZAxlGTcFQJS3ACFxEITCDlQcNPCE5pz90bBS0+yhT45Lroq+OtV1bFI7+VP5CM9162DkAjuvBnAtcHNOHDhevdI3UXOzw635liAjf6nHdNrxLs5esr/rRbJJEYSTjmCSSSVEEkkkoQbNgYJKq7jH8xAcYJapN5m8CjMpOOyhU8gnp8g8hUNj+zLPjw8sI3CA4YOMKwq2GKq16dsqNVMx5mjZSXRug8ohJJEYOEklrkaOSSSVBjUkkkYbkkJOPC4B3XVDNKXI1OHCWAuavZQJvJ9ZS0Yl/Dws1c6F7JXODO/K2j2jHCr6qEOaRgZK/IyR/Q4y1uuVTaptTclvdq29vuFPcYBJE4Ekbt9Fka636NxuodDXT2ypEsLts+ZvYhEnyKshjo2F0tbZGFwZkH9lirnbp6OXxYcjSc7L0S219PdYMtwHAbhRK61Nk1eQEehRtAxljsz9ivjapgpqp2HjYEq7fTNcNsfdY67Wp9JM6aEFoz27K3sF+EobR1j8Pbs1x7qZLcck2ppN/pCq6ykbpxjC1E0LXNBwDtyq6ppwQPKjbB6MbV0Wl2zVWyRnccLX1dHq4aOFSVlE4bhoVhlJo3I4Q+O6lyRFrlHmbwUBCfYr9cunasVdumx/Uw/S4fZey9M9V2/qakbLE4R1AGJIyd8+oXhAGESguNbaqxlZRSljmHJGdnD0KXOCYEo5PomVgO2OQoctMAM4Wf6P6/or9poazEFSBsXHAf8Ab3WvfCMZWSdbQDRQVNLjdo7KtLJInhzSWnPYrTVEAPDVV1NLk7DCSWnngt7FfTtT1J37HK1ED2yt2xsvM3B0LtQ2wrWz3ySOYGSbAHqoKshnlGzmhGeFHeCBsE+jr4a4Ex8jndGdEXcFAZ3lEaOYg6X7ehTqmmirIjHIN+x7grj4u+nhcildwQoARKavrbS/5eYGSIHY+gWnhlbNG2VpBDgCFUOZDUNLXsB9FDimqrROB5nwOP3woLmtxp0kOnqYqiISRHIP7IygnA1JJJQWOSSSUIJJJJQg9JJJQgkkklCCSSSUIJJJJQgkxPTFCDU148pTklCFdWUMNU0xyxNcPcKk/hNfa3ma3TOLDvozwtS+LVhCJdHyMqD1IqqHqSNhENxDo3cZ7K+jka8amkEHjdU9bbqWqHniGfUBVjv4vaJDLDKJYB+DuoRI2IOUxzcbqmoOoqefDJxoefXZXDZg7cDlXnIOOeBhBSHKIQOUwfUqF9DwMhLS08hIcLqhRTXTpynqz49E75Wcb6ozpBPvhUzb9c7LL4F/oj4PDamIZZ+ZWyQZmFzQBwFZZHo6+mrImy0s7ZW98HhTmOyM4WUuPTMhk+cslSaKdu5YCfDefcJUfU9Vbnil6jh8DGwnH92fzVCzYA5XHMDlCorjTVsYkpZBIw8OByFJMmOytA7Rj4RIBkZxuoM1HMzMkEmgjtnYqza7I4T3NaeBhXJYIVlDe8O8CuidGRsHY2KtGzh27cEHgoE9HDUt0SMB91VfK11tkL4XGWH+nOUJC75SDXd1AobrBUv0HLHjlrlaA7cKFNjU/JTE9WCJR6mhpqtpbPEHZ79wjagSnK5RwQo30l1tB1UExqIe7HnLlY0d2pp8Mk1RS92v2U1roxjW7Ci1tsp60Z0gO7OCEhMBaRt2TWnG2eFStFztkhc9pnjG2RzhSqO5Q1T9LXFru7TyFYucclhkJ5Y3GQgA78orSMblGkAofsC+MNdlowmtqqyJ2WDWApLm6u6Ho2xlNUsIFpeysunT/TvUh1V9J8vVjiePyPaexyFXOt3WXTg00c7OoKHGND/LMG+mdw5Xz25K41rxu12CmwscHlEaT7PNbz0T0t1BUG72h9w6Zv0bsyVELfDyf8UfDv1239VTyda9XdHzGg67sklbQDAjudK3c+7mdv1Xrkzat2MMp5h/9FOMfZClFsqozSXKiNM5wOWS4c137YXQo8jKLxYsoVbTGWHDhnnb4ehfiFR6vlKK5Rlvma9gcQPYn/ovG+v/AOyLR1niXHoO5SU7m5d8lUeZmfZe7Xj4KWnxXXbpCpfa613mLoXYY4+4VA68de9GzCDqei+ep27Coibgkeq72h8lOEt1E8JemIu0lWohtsWT4p6j6Q+Ifw6qn03U1llMAOBKGkwfk/sqCOtsV0fmeB1NL2c08H7r9E6e/dNdV0bqWobA8SjD45WjP5gry3rf+yn8OOqHTVtlkls1W/zAQnLHH3C9Zo/qSG7bqI8v2jh3+I2c1NnySG9QW9viWqYVcPcE74Uii6io6h/hXCmNPMNjkbFa3rD+zb8VPh/quNuiZdaZvMtI45x7t391gn3xxk+Q6otAcI9tLmaXMPqD3XpKNVTqY7q5JnMlTZU/vReujpal2aGsb4g306kennvNueJ4ahxI5AOVQG2WSuPzVnuT6aYjZurf7FFbUdTWtwYQyduNnDuE9DK9Q63weg2nr0sIirYyD3PZauh6mtVcAIahocezjheP098pag+HVweBNwdTcAqXHPBI7TDM0H2KLbk6FPkpw7PaWSskGWuBCevJ6a6XmmYGRVjtA4BOVfW/rieli03CPUG/iHdVsOjDydc1iRuHRseMOaD9wos9sp5W6XRtGe4Ch03VNpqYWytm055B7K2ZNFOxro5GuDhkYKVYm+hyuqn0yjqOnXAkxSDCq57TUxSbQAn1AWy8M/qh+DJ+JuB23QpuPY3+LCzrgxYnrqSQOilexw91MpuprhBJqmfrHcLQzUMEhy6FpJVVWWEOBdCPyV/IU9PZVzCROpuprfMzVJlru4U+GeknaHxzNIcsfNZKmJuprc+yY2Ksj8o1AfdWmvRcbLI/mbnwWOAOkEFDlozMMMY39FkIr7XwN8JshIHqVa0vVYYweMw6h6HCZnBatrk8MnG0jUTpG6BNZoicloBKn099oJYw8u3POVJ1wVLA6J7f1S9+WM21vpmbqOnmSYLGg/kodR0ycbRD9Fr/AJZ/IcFw0snOU2MscoXZpoSWGjAVHTDiQfBB/wDCq+osxi2EJYRwWhekuaWnzgYTT8mfqLfzaE35mc+3xddvXB5eIaqF2oOfsptLfKyI6XPwB7rfugt7xpMUeD/hQXdPWmUZETBq9lPnZkfhLO65GXh6oc3AdOM/ZXkddb7gxrpmROdj0XKvoy31Df5RDHdiAoP+yEsYwxziES1EmJn47VVcSjuRMrLDaLhAGzUcTh2OlZ2v+F3TtTJ4rIGsyMEYVqaC80g8KOZ5aDtlEiudxg/lywOJHcDlPWomumYrPGU38W1L/sYC4/ByQPc+grCQdw0jhZ6t+G/UNDv4fiMyfpGSvb6W8gECeJwB74Ur52jqSGl+Amx1lkfZyb/pPQ6n+nB821NjvNLkmhlIH+EqA59RES2aAsPuvqF1vtc4LS1rs87Ksquhena4ky0kZz/hWiGukn95xdX9DR708v8AufOAlfkHspAqnsAxsvZLr8HqKTLaGYMa7cbZx+SyNw+EN9p5CKZwkatUNXXP2ed1f0nrtK8pZ/wZCK5zs7agpDLnTyHRUx5B2zhKu6Zv9BMYn02Mfuq2SmnhOJ2Fp90z5YvpnIt0Go0z++DLljLQ938vUzPoUZraiAa6aUSs7NJ3Cz7ZMuxwpsT5G6cTFoPuqT3CoLnD4LaO5v1YqIC0eoCnQVNNMP5UzST2VIXygeZ+fumuiEhDmnQ71bshf9zZW3E0L2OcMKLLTOb9TAQq1tfX04wXagOCVPp78xzQ2anORzg8oJQTN1Vyg+RngBjst1M9gcK3t3UVbQ4Y5/iMHZyhMr6Cp8hYWE8Erngxu3Y8YKzTpUjrafXzrkpRZtbX1XTVWGudod6Eq/p6xziMgEH915W2nOctOCO4KsaS6XSjcGCTxGDgErLbpVj7T1/j/ONv7z09tRgcDdEbMcA4WOoeo2EBs+QVewXKGVodG7IWGenlF8np6PJ12rsuG1A4wiNkB7j9VVtqmHg7ojJM8f5pUljs6NerUuiz8btkJeKVWtlIKMKgdwqwa435RYRznOCjFtQ8AxYd7KubMD2RBVSQ4LHH9VeCfLkM6eSF2KiDHuW5TmSwSHySNJ9FxlzJGJsH7oclJbqoeLgxv7OYcKYL3ImeGSPKVGdLPE7D2ukHsOFXmnvVLLqgqI5YjuA4nI9k5nUDoHiCvoKmJx28QR5YfzCIL5Uuy0ZVU5IafIT/AFIzo38twQVAZJbq8DL2PB9HbhPdRTwgOoal+B+FxyoB8q9Eknwj5mro8GTYYP3Ub5yrhH+904e09wF1slHO7Y6T6FQj57B1lipqsF7cNfzkbH9VDjfe7RlsEbamIc+Ju7H3VwGuj3GS1J0uMY3ypkW4pkeiv1vrXeC5xhnHLHjH6KaRndQai3UVWCZIQ154e0YIUOGnvdA5zo5hVQDhp5CKMssH4sFy5odyuhjVAprrCZPArGmnmP4XDb/zcfurBha4amuDge4OU2LFyryRp4i47KhvHSdlvEbm1lEzU78QG6072h2MqO+PcHCZGbh0YtTpIX4jYso8f6g+DMEjXy2pxY4bgeq87ufTfUvTUxfPSSsY07PZnC+pXNGkNxjKhz28SO1OAK10aycOJHi/JfRWh1OZQ+1s+dbP1nJD/Ir2eIzjfstDFT2e+MMlLK2N57LbX/4W2S8PLoR8kT/3Ixv7rzm9fDzqfpuYy0BdVQt3EsecY+/ddfT62L/I+ZeU+ktXoW3Wty/scrbFWURLmDU31CFR3GooZPxD2Xbf1bVQAQ3Boe3g+qt9NovDNUL2seV0q7I2dHk7ISi/9VF1YOspW4aZ9h2JW7tXUNPWgNc4ArxOstFbQO8WAlzfUFSLV1NU0LwycuCYYL9JGb3VnvzZA7cBEBysBYurPGa0eOHexK19Dc4arAyAT7oDl21Ot4Jyfq9Chl2xCCSc8oxOGTNQPcJ4cPUKBk+qI0nUNyoD2T2ykcJ+sOG4UJsreyKJAFCYJJijc3BGfdRiHRnOMhED/VOLmPHmaoTIo5W4znlGUSSDSS6FpKUNY0v8KTyntlQtEvOE8bJieN1BQ/b0XdPuuAZ7rur2UIdBwcp7JskDSmLgGFCEnS143CjS26OcYJwil+k4wnskBUIUc1LLBK5pGw7pA8jOCVdlrHkagCq+qtL8mSncDnctVYLT5PP+uPhva+paR8nhATjJa5gxh3qvnjqTpW4dOVkkFTG4tB2djkL68jcWOLJAQeDlUvUPR9tvrHeNTxu1DByEmypSO5oPLW0NRlzE+P5AHemfuoMjcZOF6H138Oqrp2vmkpQ6SnyTsPpWGljxsVzb6D2+j1MLFvgyLBKY3BpGysmytkaBsqyWI52CJBNoIBXMtpwd3T6lPiRJnh7tCjbg4Vk0BzMlQpoSTsO6xyjjs3d8oF4vsptJUEOVediQntODlIaH1XbGaSmqc44VhBNsBkLN00+nGc5VjFPnCo6tV26JZztD/NyVWTAtdwprH5GChTR5GwUGtKRAeMpschhdqAyiFhBO2ENxwRsoJa2PJawu1wh5G/oh7h3CBSTgeXCkP3AICg6NjkS6aUgjKtYXBzdzlZ+OTdWFJU4PmKhuqux2XVM7S8DOyuYCDGNws9G7J5VtSPGG5Kh06bMhWgmoafdTlGYBnJG6kDhQ3Rlg6kkkgCGublRamAPbwpia5uoKCpLcigqYnRu2Gy5TVclO8PZtjt6qzqYAT9KqqmEtOwwgMs4yh+Jf0N7heQJPKe/orZlRTyAOB59FgDIWH1UqmuMsZH8wgDtlTZwP0+t2LbM3Aax3/wA1Me4MVFRX2LZsjyVbwVUVQ0FjkmUcHUq1MLEEPBUYtIJ2Upc0gdkhoeppsECSRjsplFV6Hhjxj0KjBoadynEDGyz2Qya6rXXJM09JPxj0VnFM4gLHW6ukifpe7YcZWpp5mOiDhwVz7YYZ3dPerY5RP8cgcZUWqjDxlPBynuGe6TKODU+TOXGlw8u0qV03e/kJhBMfIdlNqYGv3Iys7WU7oZzpG2cj2QMS/skmejOMc4E0RBDx6qvljw4tKrenr1HLEKSV2HjjKt61mWCVo45VGiNm4DBK6nlG+Gnb7K+ZoqqY8E4VAC2eHyjzAKbaKoxv8OQ+xyhGxbZWzxut9U6XHlyrmmmM7RvyMod3pWzMLm77KjttZPS1Py735AO2fRLDjPDNMC5pyN0aT+dTHPdBjcHNzhFjd24V5NUZ5OWupLJPl3Df1Vs4B22VRVQ+WkbUxjG+HYVtDKJY2vacgjKoYpZK6qaYZycbIjXB7Q4Itxj1REjlQqOcNZ4buQrCYqxpkj0YWF6nog+Nzmx7t3XoEgB3VFdqMSxvIbk4IRmDWVb62edW2cxS+G4916B09X5DWl24XndzYaCq4wCchaGwV+HMcHehWis5WmtcHsZ6KR/MLxsCianADdBjf41PqxyE9jw+MOVWL9HZqluFVR/MQuY8ZyFS24ua58WdgVea87YVPVxfKVniM+iTdXHsu1ZQSoZrGF5p1rRapS4Dgr03xPEGMLFdWU3mkyF0dPPaee8zp/mo2nk9yjLZ9hthRWv8J4OnUrW9ReGWkjcnCqXYcF7Hxdu5rJ8K+pNHtTiaqjlMsDXk5OFMgk82COdlRWWr1xiNXMcmk5wvUp5Pl0lteDO3MOp7kS1uC12crVRy64WOxy0Kj6gYDioDdzyp1pmfJRM1nJG2VGaNLP7tpaWaVzK2SIfSRlWuzi4EKhopQyvzjkK+Z/V2Ky29notPLMDC3xjaG9iSIYc5wWigfrp2nPCputqd0VVFV8NJUyyVHzEBHcAJRtofOGHJ0VJdynk6d/VCmdpmPuV1/A3Wa6OOTdGTQ5ztwcKbA4vaN1Wv2ICmUTwMApfZrpsxNJkgjGxKrZMioJzwrCqdmY44VVUOLZSccoDouQ+YgjJTKd2H41DZMJywn0CjwOxIclAyo2YmmXIcCASQo7u64x22NS64gBInHJ0I2KSINcABn2UAEb7hT7kP5JIVO12DyqijPbLBEvERnpHsAzgLzh2WSPaRwSvTqjzMc3nIXm1yZorJRjGCnRPKeYhvkpkWTkJw4XJRuMLo4RqWThYGprRunJo5VFhBwns5TBwns5UIw8aOe35oEaOe35rTWJl2OH0oZJyiD6UM8p4IWM4I24Uljy5qiA4RMjSVC84OzOBOcqDNnWMc7oz3b8oJ5S7GQewZUh390AhxAHAT58Y2PCEW45IkpySmjkrrtyuJNvQyKwJSaKP+aJSOFGwTsFcW+mLomMxlxXPulhYOv4unfduNj0ZbWzzmpe0aWgErcb8duyremqJlHb2N04c4Bx/RWw0ufpb2XmtVJubZ9M0VOK0iRRxDHGwVkxowFEpo8NCl8Bc5vcehq+2OB5wAqu61H8rSDup0soAydgFn6qbxZ3OGcZ4WvTQ5yBqLEo4EOMk9lZWSmEzxM4bNVTzgZWqtsLILeJWjjlej0VWUeT8nq1RDGRl0rW0cTpHHZrSgdDWx1bUuudRGdIcXDPqqm9VL66pjoYhl0rw1oH35Xo9lt4t1vipmNwQ0avuvSaOnHJ8Q+qPKSuk6YstaRhfIA0bf5K3Y0fSCo1HEyOLUB5ijQZd+S3s8FLMnhkpuIxqIWYr5p77dG2+DIiacOIU3qC7Chg8IPw5wU3oezaYHV9SDrlOsfZQJ4hHJqrVQxW+jjp42AFowSFMZymskGB5V17g0bpEmZZ/cNq5/CafTCx89RNWVLjny5wArDqC5HxBSROwcZeR/ki9O24VI+YmbsCSPdEmsBLhGh6etzaanbK5uHEK4TIWtZE1rRgYT1T/sInL9BGohOBk8IY7quu9a9wbb4P7yY4+w9Va6LI7pHXq6CFo/lRnBPbHcpvXXU9P07aH0sLmNmkaWwszj7uKly1FJ05ZXyOLQY2lznu77ZKwdlt9f1Zdz1LegWU7HD5aBw5b6n07IRqiWfRHTjqaJt6ubGOr6hu7sfSFtG5xugQtBxpAAHYJV1wioIdb/AKjs0Z5KhU1kg3atmqZRZ7eNU8/kc4H6Ae60Votcdpoo6OIDSznbk9yoXTVoNGx1dWBrquo8znDsPQK8RJA9BWHAScQULJSe4sifJ/SMpWCES8VooqcuJ3PCyMtY2kifWznMkpJGfRdud2fV1LnSnytJACzF6uTZXazLpjYNOForSHVw3Ar71PT2ylkuNfLpDQdLc7krwi8XibqK4zXepyyljdkaj+isuvOo3X+t+Rp3Ygp8Bw9TndeddR3h1WRYrP5nOHmOeSnHe0GkTabRXSVMnU13ZK9hZAwYjBOdvVes9GdDClEV6vUWoHeGIjHHc/sg/D/ocW2jjnrmguADgCP816BFSzXKdjGNcKZp/mPHf/0VNpdjtdrc5qq4SO0cL7vJoDTHSxHttqUXrTrG29N0Qa9waACGgbA45/zCZ1n1ja+jbWdwAAQ1rTguI7BfLnWHWNf1LcHzSTO0ZIDQdseiTZal0K8X4uevmrLF9gbrXrSq6lrpNUh0NJ0gHYBZgDA4TMD6kQ8LDZZlnuaKa6IbK1wcJB2CTkjtwlp91lnLcGlk4uHddSAyUAxvBwDCMyPJ5SY0lHaGtHKdGAGWxBgH3XDKAOOExxOSBnH3XAN85TCYOve554xhOj7p2lvouqFZEkm6sIc03ht3GcoXJLstRbHyEDG6jSVLWcqPLWjGOFAlqC5ZbdSo8IfGrPZNqbgeIjj1UN08kn1vUY5JyV1w91ile5Pk0xpUVlBUkFJVuLEkkkqIJJJJQgkkklCCSSSQkEkkkiIJJJJQgkkklCCSSSUIJJJJQgUDHddQUkW4gZJMSQkCpJJIyCSSSUIJJJJQg1JOSUICT2atvRJrCCiAeqLJbY0e6Sdp90tPujyUESTEkIBzG+cp7JHRnLU1JTLKcVLhlnQ32SB+JgXN+/Cv6OugqWaonZWM7qTBVS0xzGcI4XPP3GW/Sp8xNe9gdwOfRCMZCq7de8yCKp78HKuqeZkg8oWhOM1wYZVzh2A8I+q54fupjoQe2UF0RCNQyLUsgNBS0+6OBlIsz3VdBqWQOn2XMBFwEwg5UCBroODkJ+CuKECUtRLTyeJG7jkeq0lJXRVcQOoB3cLM6CiwzPp5A9h4UM10M9F9UU+nzYGD6KGWkE+ysaKrjq48EjPcFNnpfDORgg8YVpZMuXHggaT6LikOZjsgaXZ4RBqWTh3TTnKLjCSuMtpeTS9GdYz2GrbBUuLqSQgPaey9mjMc8bJYSCx4DmkHkHhfOZ5XoPw56xdTVDbJcqjMLx/JLuQfRbKrcnJ1+k3f6laPTC0eq7o/xJPZl2w2Sb5Vra4ycTrseuZCemoUslN4HJLgOV1UCJJJccoQbkISNkprUXQSeQaSJp90tPupkPIM8KO4POR2UnBXNHspjIRHwW9k0nKkkDB2QC12TsnRiUc1eyWr2TtLvRcVYReDmn3Q/D91IXNPugyUNYh1DBjOEYDCbITjYKeyEAgg8JpAwpEjcEnCiu7qwwZ5Q5QMIhBzlMk4ULXZVVkQccAdlRvqWwzmJ4WlmiyRss1fqMxu8VowEqw01vLwGDw7cJKvoKkvb4TjnHCsEJpBLoOOy4kqCGLhAwurrVCASN8IeApGAh4KgSluB4CWAupIRwN7M91qPh3cmUtxfRzuIMo8u/dZtOoZX0tzp6hjsFjgUaeDNqY7obT2pw3yuIcT/Fp45v6hldTl0cGS2vA9JMSVlD0kklCMpOspjDZQW8mUBV1gqTPSuaT9IypPXvlsrATj+aFn+lqp3j+GD5cYIUN0YZoyi1ucQwXYUIM+Yojp3cFbXeB3haxxglZ+y1jY6t0Mp8r9t/VU+i6s7ckdzOM7Lnh+6nV1OYJ3ADyuOQox4SWOhLKAJLr/AKiuKgzur2XDukkoTI5JJJGAPQkVMwFAk8H2ERlBkjzjuuUVbFWx+JEf3RyMr8lYwf0OyirqqVsoxhZ642x0Zc6Nu43x6ha6VmcbZUKopvEGeEALZlKOuq7dO2eFxGPqae4W9tV3prtAHBwEmNxlZO4W8YJDcFVlPWVNpqRPCcYO4zyExMpxzybq6Wxk7XEMGe49VhLvaZqWQzQZBb6LeW27QXimbIx4EgHmblNqaCOfIc0ZKjjnoFy28GX6d6kLsUVc7zDYOK0zomyNy05B3ysferE6CR08LT67dkbp/qd0bhQVx9muPf2VpgP7ujQy0o3y1VFbQEjOlaSIMqW62kOGM7JS07CMaUZDAVtAW58vZU8kRa8gjC31db9eSGjZZqvtjg4lrP3UIUMse3CjkdlPnp3A4LeFG0lpwUcY5IAD3wuD4nFrhuHA4IXpnRPxKjcyK1X15Dx5WznjHuV5rI3hR5QRgjsl2VJkayfTD2h/G4Uepo9gcfuvJeifiTU2ueK23d2ukIDWu/oXstPVUlxpWVFJI17HAHIOVinQ0xaRQ1NJv9Kr5aZtOdTW5WmqYATkNVfVUm2yRKDLI1suk1FMHs47jK2tuuMVXEHsIz3CwEsRjcBj81Ipayajka+I/cIHHAM4Jo9Ac0P4CC+n0jPqq223llSA1zsHuCrjxBI0EIDHJYZEy5hGykska5oDmg/dMezPbKHksKhQSBj6OcyQOwx3LDwrSGqbIOMH3VfG8OG4RWODTnCgmUdxZB2V1Q4qjgEKU1+oZwoB12JOTU5QpCSSSUFiSSSUIPSTElCD0kklCCSSSUIMSSSUIJJJJQg18gZyEMPgn8oeAfdG0tcCHDKjzW+N/mjJa77qF/JyMmpZY9wNQ9lGfHqwDspQmqoPLKNbR3RQYKyPyYDlYxMoau3McMhgJByEymrK6leBJktCuJqaRn1Djuor4mvGHDIVFqWCXS3WCRul58yltkDtxuqKWjaw6ohgpQ1tTSSDxPOzg+yhaRoQcrgfnsotPX08w8rsE9ipDccg5UKfYRIjKSSgkaGhRaqipquMxVMLJGHkPbkKYuEZUIZWbpaegkNTYax8Jzkwud5PyHZGpeo5YXimusLmPBxrx5StJp90CpoKWsjMVTCx7T6hQs5T1bJhmNwcD3CmMlzyOVlp+nKugJns9ZIDz4b3bfku0vUb6ZwguzHQuG2rGxRgGqJOE1RIbjFOB4MgfnuN1Lb5mh3qrTBkskCvtFPW4d/dvHDm7FQXS3ez/X/vMA79wFejfhIj1CvAKeCBb71R1+0UgD+7SdwrLxC4YIVTW2GjqiZYW/Lzdnx7b+6hNrbxZiG3CI1MPHiR7nHuFTLNCCT3RFXUV3pK4B1NIHZGSO4+6mmQFu6vIEk30F0Nd3C4S9hAadkAvLTsU4Sl22OFMlYJDX5GHDKjVVqpqkl7W+FJ/U3ZFY8FGb5lQLzkpSy528+b+dGOCOUaG5iQ4LsH0OxVoS07E5/JQ6mzQ1A1swx/qNlCPkPBUxvGCcFSAQdwVQvgrqJ2HNL2j05R4Lm5uGn9CpnBe0tDjbdd0t9VHZWMkARmyteh3g4OtaEGqoaevYY6ppePvujtOcpyNMoz8dmvtneZLLcXVEA3+WqDnH2KnxdTwFho+pLY6j1+Ulw1xn88Kzacfkgzxw1WBPGHAdjwnQtcOULa/Zm7t8M+l+oT87Y65tLK/fxINxn7ZWPren/iD0pK50sAu1C3iSMeYD3C9BqOloRKKq0XCot0vJERzGf/AApzLx1Ja3aLzRPuMQ28alZqeR7tXQq1tkRaRg7b1VR1Z8GYGKTh0cgx/mqnrT4VfD34hU7/AOM2WJ07xtUxANmafUO/Tt2Xo9dZehutG652mCo/+hO0Sg+7eSsvW/Dzq6wF03T9V/FIBjTFnTIB7hbqNe49PAqymu3iaPl/rL+xreKF38S+H18NazdxpqgefA7ZH59l5HeLN150NUuouq+nqmlDDpJcC5v5HGD+RX3PSdWNbMaS603yFQ3ZzZvLkq7LaG5U0lDdKGCqp5fqZMzUF6nSfVF1cVGS3HO1HiKbOYcH57Nr7XXx/wA4R/mMEJSWunkYH0Uxa4cEFfYfVP8AZb+E/WEUklngNgr3bh9F5Y3H3YvFuqP7I3xT6Wc6o6fqIr5TjLmtga4S6fUtK9RpfqDTXwTfDORqdBbVwkeRtqrxTfyiS4Dg+qlR3actDJ4Acd024vudiqXW/qG0VVJMwlpE7PD3/NCp6qjqnFrHAfnldajVV6hZgzD8codk+nu8IdiSJzB6q6pbvNFpfTVRx2GpZmSknd5oWB7T6FMhndTktdG4HuE/GR1V0quj0Ki6urInZlkDx78rRQdWUksY8TUHdwvJoLlC/bOk+5VjT1j24AcHD7oJRRtr8lZE9Zp66kq2B8crd+xKkNAXl8Vxma3yuc37FWcPVFdBG1msuA4yUDqz0dGnycZcSN5pByMcoRtzZhggfdUds6rgnaGVHld3yreC8UUrtIlaPzQupxfBthqarPZHmsET5C7wQfcd1V1vT72EuiB+2FrWyNeMs3H3SaM52yraaNLhXZyYSS21cLdWk4XPmq+nZpaXY+63b4mOwC0YKBLZqaRoOkZKWm2C6FH8TIRdS3KFgaRqx3KtaHrOMRhtTEQR6KTV2GItIEf5hVU3T5blgjIx3CYC4Wr8XkvabqqyzeWVrsn1UxlTaarBYG7+6xcnT8zDkHn2UaS1V0DdcchJHYEqsoisuj+UTezU1NKB4W3uEP8Ah7uzi381hmTXqHBjmeAPUlSGdSXunADyXem6PJI3xz9yaNa6GeF2QSU/5t0eGyMIyqCDraRjQKmk3HcKXH11bNhPTlnuQFMpDndBloayMHJb+y6JaaXljc/ZQh1Z01VM0vqIx/mpkclqmjD4KiJwcNvMFfyi3tn2cMFHICxzGfkFHks1O4eU4Uk0cUm7H++xQHtqIyGMe4+mVcZ+wHpqpLojC0yxv1QzFp+6druUbiBl32xupTRW6fpBTRW6SQ+E5CLe32I/hVy9jGXd8RDaqnc3G2QjtvdEdnFcFVDIcPj/ADIQ5KeknaW6GA/bCJWciLNE30Snto66PSGxODhuCAqi4dFWSuic2Wjhye4aEU2zBBp53MI75ThDcqY+IyYSexWmF7Rht0GXiUEzJXL4TWqpiMcJbE8bhzQs3VfB65M/7NK149yV6s26RuGJoS145wFIjqqZ7Q4SkE9sp0dVKL4OBrfp3TXS3Shj/B4DX9FX21MLpYXuY0ntwPuqvw3NbnSdtsr6QlbDUbHDseu6r6vpyhqjrmhYc+rAtUdS2uTg6j6Zgn/oHz86TJwV1vhnOMfqvWq/4a2+ondJHGGh3psspcvhpcKV8ktOXPYNwBymfNk5d3g9TTzjJkdAPCa6OTORI4E+hVpP0/caRmuSnkA92qE9pb33HZXuRglTbS8Si0S6esqI42tLGOI2yQpDa3u4YVUJps41bJ/ikN4zlB+Q6q+UXwW7K2mf9T8FTqa4SwYdFNt7FZtjw527QpLJCBtslSrz2dOjXzrNrSX7WA2TAPqp8F1aX+WReftmfG7IcVIjuE0bg4Oys708X2d/SeX29s9FZWl34wVJbNqAIXn1NfJWSAklo7q3p747Z3iA+yTPT46O7p/Kxlw2a5k+43RvG1Y4Wbhuwe0OICkNrtgSf3SvhZ1atbCXOS8E47gLokHYqqFYCNineK71QurBqjqIz6LyGrc3A1AgdiimsY7yTNBz2IVE2oIPP7ozKt7gNeD6KnFoep5JFXZLdORNTa6eXnVG7AP3CBC/qS2y6fFiq4fw5OCiR1e4ydk81WDyd0OAW/0SIOqKM4ir2Op38ecbE/dTRJR1sYMT2ObjYtKqpoKesZonga9p9Qq42uWjeDQ1JiaOGqFuU0aZlNPGf5VS9w9H7ojxOwAyR7eoWbbf6ylxHVs2H42qfBeDMNTJQ72yoFC2Ptlt4mTnBCcHnbCrRcQ4YkG6eJy/eJ+lD0NVkX0TKmOGZnhzxB4PqojbfUUx1WucNH9Er9kRrnn63A4TxNjkKZBzF9g4r46N/g19K6Nw5djylWDZYJ2h0MgcPZQnGJ5Ae0O+6C63sYCaOR8D3d2nb9Fe4FxTLTSlpyquOtuVIdFXB4zP62dvupdPcqKpOmOpjL+7dW4Rp45ESqX6DmBpB2UZ1M4gtPGeFPSDQTgLTC3aYb9NXOOMGI6h+H1gvIdJUQObM7fW0rzm9fDXqCzPdUWYmoiG+AdwF7zPTB2MDlB+V07DuuhVqZR6PH+V+nNJq+ZQWf7Hz1QXurgm+SucLo3jbEgU2pt1DdAfCw17d8DuvXb10pZbywiqpGa3D62jBC88uvw1u1rc6ptVQ6WNu4aNnBdSjVqfEj5p5T6Tv0r+TT/cY+SC42V4kje/RnutTZOsX6GCZ2498FVj7i/ehvNK5hG2rTuh1dlp5ImyUcgOeCCtlbU+UeM1FDrk4Wwaf9z1iz9S0taxsbHYd7lXbZQ/GMfkvBaOvuNok314HfO63HT3WLajTHqOoc5KbjBzL9LKMd8Eei5C4eFX0FzhrPKDhw7E8qwO4Oyhh2sbqOcIzXbcqOeUsn1UBJweOchdDzlQg85R2ytwoBnJL8ZwaFHlpmVAySWvPcJwcCnNIUJggMqqm3S/7xl0I21HsrWCtinaHRHUCgvbHI0te0OB5BCqaukqqHNRbSdI3MXOR6hQtLg07JMjOERZ2136Kta1h8kg2LTzlXLJ8gau6hUofokpDBOCcJniLjjnBUFErAI5QtDvRCDyPVEEuNlCHdbvVF1HGMrgORlCUIOlgimHnYM+o5VdKySndoI1DsVaKPUtEg9VC08FBd7RTXWndDJDFkgjLm5yvCPiF8MJqIOr6OBo3OdA2K+iJIcZIGygV1HDVROgqGBzXbYISbK9xu0WunpJ7kfFlTTSQvMUzC0jbBUSRjvwhfQHxB+GcNRG+Sjg0vyXNc0LxO5Wirt07qeojIc0445XNvoz0e90Ouhq4bo9kOiqzjwpTxsCpR0uaRkKvDA05CLDMc4I4XKtqwej0uq42TOTxb4CEBp75Ux+HjPdRnRkHOVjlDB0EOjkcCFa002zcqmDxqxhSoJsEApZoqtceC+jkGEcEEYVZDNjAUpkoIzlUdGu7K5FO1rTqwob3azxwpz/ADN2Ve/LXHblQqx5ORvdEdt1Phn1tAIVfnUMgIsEuHbjCEKMscE1+cgjZHgkLXA5QsggFNacHlQ0wmX1LLrbzuFa0kuHAZCztFJ7q1ppQHNwVDo0W4L9py0EozSotO4OZjKPnOCCodauW5B0lwcLqrI8ckeEkjurIBkAyq+rpg7HZWYZ3QpGg7YQCbEpGaqoCw8KIQeMrQ1NNrzhvZVFVSuadgjMFkMcgGvLRt2UmkuVRA7JkwAq97znGFwvCCUcmR3Si+Ga239QRuwyV4cT7q8jmErA4cFebZ7tO6trXfJYsU8r9uxJ5Wd1nY0fkMJRma+QHlKOUk6SFDoq+OqHh6jrHr3UoeUHus04NHbhdGf4hiPxN2KsrTcyw+BP+RyqtkoJxhOJAcNuVkthno203OLTRtKZ/iAEHIUrGNsqitVxBDIT3Vw5xKxTiegrsjZFNMTmqmuMJcdSulDracvHHPdKfBJrKM6yV9DOJWjhbahrm3CgDgQDpzysjW0hO4CdZLmaOf5d58udt+FBcbHF4ZpaaXwpsO4O26nPa1jhIwZBGeVWVWSwSs/5sqTbqoVEfhu+pqA1wmW9NMZ4sSEb7KmvNE6mlbUMHdTg4xDAHClVUTa2iIIyQEsZn2QrXXGWPS5wOFbxkEBwKxcE0lvrPBfnBOFpKeoJaMbhGlkZXNssZ2tfE4HfZAtdU+J3gk5A7eyfG/W3fuoEz3Us7ThDjBqTwX8rmyD7KqewwzOeOCp8LxKxrmnZwyh3ClzTuI5KWM3YGRya2Z9VDqo85B3BTqGb+WGFFmYHjOMpgE/vWDzjq22EantH05IVVZakx6QXLc3ylbJC/U3sd15yWuo6mRreNW3stNZ5vUp0Xbl0eu2er8WiaC7UQMKbE4gELH9K3MOa1jnZBGFrmuw0lEzsaaxThuQUv0DONlEuLXSsa9o+lHfJqa5mEwY0Fp3zhB0x05buCJSyFuxGSFQ9VQ64zKByriR/hVDxjY4UW/RiageMb4Wus5mrjvraPKL/AE7DRlxHmB2KyRyAt1XRtkgkjkGRusRU4jkc0DbK9T4y3DR8f+pdJnMgtpqDDMI1o45vblZGKcQztc71wtFBK1zWkHIIXsq5ZR8T8hX8VvAa6N8amO24TOn3vMD43fhKOB4kekjkFRbTKae5uhx5XDcJr6M+nntlktWZZUB/cLRtIdTRuH5rMVflqCOFoaU5oB34wstvZ6bSz3RwUfWkBmtzHgfQVV9J1Os4PphaW9U7qy2vjYPM0avusZ0vI6Cslp3jDmOSjoR4kmaaraWTEkbIRcXAbbKRcjpiB7lR2uGkAjhIsTZvjLgcThGp36SPdRs5XYjh25SsD6+HksH5d5vVQ6toByFLBywKLUbwvHfsqN25tEI/SVEaS2QjHdSY8HlR3kCd6ABz5JsDy4DJwjP++FW+OWuGApzagOaEmaNtFvHIyrAdC4KglJBx7q9kGRuVR1DiyTGPxJcCXSBZySD3WCv0Xh3GRnAyt0Jhq+nusb1QP/eRdjkZRpnD8lDdXkqE524TU48IjzoA8preU48po5REDDhPZymDhPZyrSyLZIi3Uh3AUeHkKQfKAtMeEJl2NTEXAQk1PJR3OE4k4TEQjbYqN4IAeTlcauv5SZykyluZZIaEKU5AGUduA3dQ5DvkFEyIaeUM8J6YSAs9zGdkiCPW8LUWCkdUVUTGDODus5RtOc4W/wCiqB3iOqewAXF1lmFk9b4XTfdE3VPEIYWs4OEanZl3lQnAnT9uFLpG6QMrzuon7PoumrXBKYMNwirg4Q38YWWKyzoLCQG4S6YzuOFnw4l5OFY3SUiB2OVWwbxh7huV19HXlo5Wru2tpk+20xq6lrMbA5K0FylFJQ+GwhoA/VQenaeTW6oI8vCjdWVvnhpIt3yP0gfdeu0Onwss+aef8jFtpeg3R9sdcLl/EpoyRGSG54XptK3GHEeyz/TNGygoIo/Dw4gElaKNgIGCu7THYj4rr9R897kTWZLQ0I4cymYXv2wMlcpmYaHOCpeo7ifGNNA7BcMFMMEY5IENPL1HfmswTAx+Xe+Oy9PpKdlLTshjbpDRhZ/o2zCjpG1ErPO8asrTFItYq1+jrdsqFc611NFrapUkoiaXEbLJ3SvlqKhzdflBxgJaWRcVk5TQSXCty7fUcu+y39oo209O0acAbBUPTNrIa2Z7cl2+fZa1oAGAqnwVNj/skkkqEnZJRE0uIVTTNBmkuM++5AJ4AUqvla8eCw791j+sLzO91P0vanEVFQBqIP0j1PojDguQN2nqeur5FaKYhtspTqqHg/U8EEBbSCijpoY6aEAMjAaFB6asFP09a4qGFo1AAvI7lXB9VQcnxwdbohZqds0cqvoKJt+uja+dpFJSO8jT/wAR3/RMrzUXKris1KDh5Dpi08NWrpKSGipY6WJoDYxgK0hTYXA/CMD0SSSRFiWX6rv3ywFBC4guGX4P7K5vdyZa6GSocRnBDd+68xqamWpldUzPLnO3JPZWkHCO5jqqsLWE7cE7leY9YdTSVLDS0T/DAzqdyCVYdVdSurJHW23SFrWZEsgP7BeQ9ZdSMINpt79U34iD3R9HY0GmlZPCRCuF4ngjdS0zdVVVHPqQFrPhr8P207f4ncow6d2D5tzuoXQPQs1RK243JuqR2/m7L1dxhoYGxRs3OwDeT7o28HQ1OpVK+Kpj4qSSapFFC3yNxqIKZ1b1bbujLSXybdg0HGrHO/5qTebzauibRJW1848YtOBndx9l8pde9ZVvWNydNNK4QsJDGg4GFmtnkHQaCeunn+j2wHWfWNw6quUlRNMfDBOhoOwCzYZ7rrG6duURjCd8LJOeT2VVUNPBV19IGYyV0DCLgeiacDus0mx2BiGTlETWtOQhGR4XJxrXahsjNG4XQBhdVpATf6HDACaM59lwcp4AI4TYrJQ7TkeYbpy4ThNe8BXknY1NLmjuECara3ZQZarOwKRO+MeB0a3LsmVFa1uQ08KukrXyEh3CFI8vP1FM0+6w22ym+DRCG066RzjlJJMSW37GLkSSSSoISSSSmCxJJ2h3olod6K8MrI1JdDSThP8ADOAcKsFg0k8RO9E/wVCAUkcR+oXfDHooQjpI3h+66ISdwUzBACSkeCfRN8I+qmCsgUkTSVxTBYxJEwSuYwpggxJPSUwQSSeBld0+6srINJE0+6Wn3UJkGkkkoWPSSSUIJJJJQgk5nKanM5VS6IEAGF1IHsupWXkASSSSbueMkGJJJK1LJBJJJIyD0xJPVMh1u2SpVFcpaecPzsdiPUKK1cLQDlVHdF5QuyCmuTZ2+50tZ5Q7S70KlyMGM4WFje+IhzHEEdwtHbb7HLEIao4eNs+q2Qs4wzlX6eUVuiWJ5wkn51bjdLGEZkWc8jEzT3wnjlEAGFAt4LSMYAQ8FSMH0QhH6hQnyDcBIjPddwRykoTOQkb3RO1RuLSPRaGnmbU07Xg743+6zo2UqjqHwSgtO3cHgok8Ge2P6LWWH+lv7oJhA7Ke0tkbqA5UeVhPCsz5cXgiuYBwE3T7qRoK54R9Ve1jMkfBS0kHUAM9sopZjkLmAmKW15L9YPWvh91ab5ALbWv/AN7iH1E7P2WvIwSD2Xz/AGyvntVfFXU7y18bs7Hle6WW6wXu3R3CEjD8Bwzw7G63V257OBrtMq5b4EzsUksYSTzmt5HJJJKFiSSSUIJc0+66koQakkkoTJzAXCBhOSULTyCPK5gJ6SMPIMgIRa7J2RksBUWNQUZD0O9FEWhqWMpLoGThWWDnjDRseyry3c7q1mYXDIGdlAMW+7f3VFEYgcoJBypjuD9lHIGVYxckeTjjKqrzB49McDJ3Kt5hxtlR5Yy8AFuUpmiqWDARPdTVXmKvYXB7A4HlU95ibBWPDdtyj2mqIi0E5KUzX+Syi0SSByMpKgASSSSgYxcIGF1JQgI8pJySg0EhTOLMPHIUhCmGcBTGWC0ep9H1vztkic8+djQD7q4DvZYroGqyySmBOwGy2YGE+PRwb1ixnUk0cogIxhWKOrrPqC4kBk4UIzLfEyXw7LFjvKsj0pV/77gnHZaT4qDFmpwDuZQVh+mpS2tb+QQuW1nUojnTs9UuEXiUu3dv+i84r3yUFYGnYl+y9MzrhYD/AEj/ACXm/V8XhVGot77H0RSYvSfc9jNHUMkqbbBV4ycAOwq08Kb0lO+4Wh9K93mA8ufZV9QCH6eMFJlLIxfbNx/Qx31FcSSQjBJJJKEEkkkjIJJJJQh9L1dLdOkaps2hz6Rx0g+y0lvuFPcIGzQvByNxnhZTpXreG5QmzX4iTxARFK/j7JVtPWdLVJraQmSlcclo3AyvyhOB/QbJtCMoMjBhRrZeqS5sa6F4yRnGe6nn7pLCKqrpg78Kpay3BzCCzc8FaeZvG2VFqYWvGA1QMx0ctdaJxNT5IG5C21jv1LeIR5g2QDBCpqujJ/CMKhME9qrvmaZxbk5cM7FEpYAlHceiVVCJBnAKxt+6VMj3VFFhrzuW+/srywdVU9ycKOpHhygbEnZyvJadsuDpwoL5izzizdTVVnl+Vrg4hpwc+i3VNW09bA2ogeHNdvzwqW/9NQVJdL4WH43wsnR1tz6Zq3Nw6SDu32UDTyekPga8HZVdfbGvaTx7qTZb/Q3mna6B2mQDzRnkKydEC3OOVaeQTz+vtZjJAblUNVTuYSML0mvtxlacMysxcLTM3UdO2U4hkZcjbThAc3flXVRQuYTlvCrpYXNOAFZCA6ME5K0nSXW1w6XqBgumpyfNGTnb2VE5hQ3ZbwMoJRyQ+iOn+qrP1RFmil0zAZdE7kKwnpc8bYXzjarxW2WtZW0UhY9p332I9F7R0Z8Rbf1MG0NUPl6wNH1EaXn291lnX7QKW3ktqiibIwtLRnsVWywvifpcOP3WlkjGeEKWmjlGHAZ9cLLOPoHfngz7HOYQWuII7haG1X0Na2OoO42z6qoqaWSGQjT5eQQgs3Oyzyj+ibYyXJu4aiCobmN4XXxdwslRXCSlIzuAr+ku0c2G6hn0KoROrHRLGyIHYTQcjKaoIwSASDkKVDOeMKI1FiOHZ9FBUo5Jw3XUxjhjGU9QS+OxJyanKACTUk5QgkkklCCSSSUIJPTE9QgxJJJQhwA5TwRhLAQyTlQg5PTE7IUBOkA7EZUCW2YcZaOR0b+cZ2U9IbKBdFe2srKc6K2nJb/UN0UMpKsZheA70U1wDhh24UGe1M3ko5DDJzkcFWT5PQKSmfGfM3I9UB8DScI3z9bRkMr6fVGNjI0IwFLVt100zT7ZUGKWSrlpi0gs2K5DcKmlflw8Rvop0sR4Ld/uoxha7IxhURlhTXKmnGA7S7uHKWDncLOT0mCC1DjutXQu0uy9nueFCoxwzUJKvo7zS1QALtLu4Kntc1wy0ghQrax+R6pZHqh5Pqlk+qvIIUNB57KLX2iiuLNFREw/cKQDhOO/BTCGVq+nrjbCZbRLpbzpBKbTdS1MBEFyhLHDbVjYrWnBHKhV1roq1mmeFpz3wqaL/wAnKC70s4GHgn2Kn6gdxwsdV9Kz0bjPbJ3tI3xnZCp+objQv8GujcA3bPZRCpLJtlwsB2O6qqG+0tU0fzAD91ase17Q5pyCoUVNf09BUZlonfKz86o9gT7qt+fu9lIZdoHTxjYSRDt6latn1BGDWvG7Qfuoyk8FLRXOjuDdVPMCe7e4UwDlQ6/pilncaiiJpZ+dUZwCfdVjajqG1PLa6MVMLeHMG+FRMmgY4gojagnYhVVHe6KqOkP0uP4Typ7XauAoTBKGSRg5R2EgY9FW/wC8Z/klFjmqWnEwVlKJYHSfqwfuodVQU8vmDdLj3aixu8Tk4RAzPdUL5TKeSkqaY5b5m+y7DVSx7OaroNGMFRqi307zkDBQhbgMNZFJsTg+hUtsjX8EKtlt78ZiGcKI59XA7ckYRshoAQOU10ev6XgEd1UQXGTYPKnQ1kBH94h34Fyjk6Yq6OTUwtc0e6JFcN9ErHMP7J7agHdu4KeCx/LR+idGYLWOyNPZ7PcHeM+ERzdpYTpcP0TIor1bfLFP85AOGH68fdSfk2h3iRPLD6DhPj+epnkgeIPUI9xRAr6PpzqeJ1JerZDI4jDmTx7/AK91iLj8IKq1uNT0ddJImN3FJO8vi/L0C9Fkloa46KqHRIPxYwf1QpKWupsPpKjxWDgE7p8NROvopHj9RXX/AKbk0dU9PVlPDnHzcDTJC78+yubF1Dba93iWW9Me8ds4P2wvRv4nTOYae5RDS/yua9uWn7hZy9/CvobqVolioGUkvOumOjJ91sp1ss/cypLPDItxhs3UdC639SdO0Fwixj+bCCfY5XlXU/8AZA+GnVRMvSlyqLPK458Nga9rT38rtlt5fh58Q+mZCyxX43Knb/dxVW7semrsqt/WnUNlnMXUPT89PLGfO9px+Y23XZ03lp0f7T7Mlulrs/JHzr1P/ZK+L3S8j5bK+O+U7NwaYHUR7t7Ly28UXUlgq30nU1ilpnxnDgYy0g/mvvWz/FSy1T3NqpJQBt5ytPKzpTqqh8CeKironjLon4eM+pXf0n1DfH8+TmX+MiuYH5uMfZp2jMgY88ak19unaNVvrmvPOglfcPU39l34Y9UudJTWltrlfkuko24JP+i8i6p/sXdWWkvqulrrFUw5zG2QFriPQkLvUedpu4nwzmW6S2t9Hz7BV3qhAdVMEjO4HZTIb8yQgTwuYPXC0HUHQPxA6RJjvvTlQGgkCTSdLscnPcLNS6ZsNdEG45C69Wsrs5i0xKrmu0WcN0o5X4bIAfcqXHUuO7XEemCs6bdTykYyCR2XPlq+naRTVD3AHgrYrEyNuBtYL/cqVgjZM4gcZKuaLrcMjDamPURzg4XmUddcId5dRCKy6xPwHZB91ckmhsdZbA9mpeprZUxtcJdLjyD2U5lZrOIpQR914pFX8FriPzVhT3y4wbRzuH5pWxG6jyjX5nsQmLQNQynNlYcDSF5zQdcTxtbFVO47q8p+tLXMBqeQe+6vYdKryMLDV+EyQbhuEGSgpnggsUOnvFHPG18c4391MiqQ4ahgg90mUGjZXqVZ0AdY6U9lHm6ej2xDlWrJ8kZCKZsAbIGpI1dmcl6eZj+4USTpiOQEOpxj7LYB+d8J4c3GMKstBRqhJfcjCO6LpDnEABPsgf7EvZnwah8f2JC9BAaSmPgB4OMqsgS0lcjz49MXumOqnu832LiU5sXVVKMfMeKB6reinaMbBLwgeGj9Fe5lfwl6Zgf4p1FSPDpacvb3ART1MSB49FLG4ckt2W2NM0jLo2n8lDqaKGQ4MTd/ZErQZaaUeIsyrepoxsWs39t0WO8Ucu7wc+xVxJ0/bZd3wNz7BRn9J25x8usfmj3C3TcuyP8AxmkA88jmorLrGNL45muB91CqOlJw8tilBZ2yosvS9bEM078E/dFvEuFi7Rfx1tPMf5kX54TJYaSZ2WPwfRZh9u6mpziF4I98obLjeqc+FWW52ofiaOUatwLsUGsWI1HgzNwYp8Y47rkdXd4XkPayZnYLPRdRmJ2Z45Gn7KZT9T0sjt3ub+SbC6S7MkqKm8J4LiG+Rl2KmlkixsdtlZQ1lurG6WStyfXZUrLxb5cfzWuPG4CI7wJ2+VjQOxbsn/yBFukT6LWW20c2zhGfYgLNXn4bW65uL4WeA8/iY3b9FYimcPpfJnt5iu+Pe6fHhynT7o43tnL1PjPl/KPB5xX/AA0vVI+R0LWSsZwQeVnKm1VdM8xT0kjHN2ORsveIrmSwCoogXYwSO/uhyQ2K4O8Oopw0/wCIJkb8HG1H07XZzDhngRiLNiN10DHde13PoTp24wlkAbHJ2cFnK/4TVsjGi1va9++d0atXs4+o8Fq6XmCyjzk57J7cjlX9b0XfrY13zFBI5zewacKskoZ4N5Yy0n1CNyj6Zj/jX1P74tAAO6K0kcLmkDjlF24yp2Pr3RF4smc6z+RwpNPcHRYLi4/cqMkwZOMqbTXXqbYvhl1FeojjU7BUhlylJDmzBzfTKzphGxGE5pez6DgoJRTOlR5KyHbNZDcHHGr81LjroMAB+6xTZ7kM6ACFLiu4DcTQuDxz7pMqsnSp8w0+WbBk4duwohlfznGFk473lwa12j78KfBeHO8r52gfdK+M6cPKQmuy9ZXTREAuyPRSW1sUoAJwVUMqWPAOoEojQlyrZqjqZP2WTxFK0ggOB9VVzUZp3mSme5p9AdlIjcexTnSaz5m8KlEv5N3ZCbXVNO8GeTb3VjDconNBD9z6KNJFBJ9TP1KgyUrozmInBOyJwz0V8rj7NDFXsz5nn9VOgq6eYAF2SsYKqVjgHEkKXDXx4AMmCh2DIayOeTWuIO8ZwD3TRUzN/EFTQV7ywCOUlSmXENA1tyUG00R1MJdMs23OKMaal2jPfshSWa23A+O0hj+z4jg/mhsmpKlml7Wn2co8lGIzmCV7AeACrcWwvlyTB/GbVy75qAcf1AKXSXyknIa/MbuMO2VZFcbrAdD9E0QHDuUm3ezVeIbjSmM77gbhWuBdk4fs0rZGuaO4HC69gfyqKFstB/PoKoVdM7/hud5mqzpbjR1bAYZRk8tJwQU+FjRkshGYV9PGN2hAdG5pO2xUgjB5ykQCPstMLcnO1GkjNcGdvXTVpurCKmlaHn8TRgrFXToest+qW2ya2c6CvUJIQTlQ5GFxwOy30auUHwea8j9P6XWxxYuTx7w2yF0FVHpe3YghV89KaSQyQBzTyC07r1e7WOgrmlz4GiTH1NGCs66zNp8ieMFvqurDVxmuT5p5T6at0WVTloztr6hqoHASvJA7jlbaz9UeMAySQOH7rIXPpmVjzPRnLTvgKtp/m6SXz6mlqfDE+jxeo0sovE1hnscdQJOEUHK88tXUMzSGSykH1WsoL3DM1rJDv6hGlg5s6mi2HKKHkNzndRg5pGoOGPVPz7qxGGH8ffGEYPyM5UJdEpChRN1FFbJp7KCJxwQjhwIyoUyBcLFHPKauieYJ+QRxlRrdfZ6ap+Quo0yA4DjsCr1pCg3O2Utwb/NYNWNnY3Chec8FpDVF+3KlNfq7LFU1wrLLL8vWNdJE0+WQb+X3Wooq2GqjbLC8Oa4eqEXKP6LLGQm4IPCY2VpwEUPyoAIHHZLA9Ui3Y7oXmzwoUHTc5TQ4cZRM5UIBezZQpIjk7cqyIygSANxsqZaKipptWxaCPdea9ffD6muUclXSwhrzuQBwvV52gtJA4VPIQ5xY9uQdt0icNxu0t06ZqUXg+TL905U2qZ4MZ25GFRkaQd19RdX9CUt8hc+ANbJg4yF4H1j0RdLDKZXQnRkjZc6+jL4PaeO8pG7EJvkzEcxDlIl0uaCMKDvnOMYRWzEYGOVzLasHpqNS48Poa9hBT2uOyfkEZKHjDsrFOs6ldsZ8omwzEAKbHLsNwVUh2FIimGQlm2u3HBcwv1DfuhVMQA1AINPNjCkF4kaqNGckQDkLo8rgQlICDumg4yoWTI5CWjPdOcS0gqNHJ5sY5R3nWAeMKDa5YJdNLoIGVbUT9W5KzbJPOB2CuKKTAB9lDoUWezTUspwAVPjk2GQqOjlBcOf1VvE8aeMqHYos3ExhBxhPUeInuioNpsTHpJJKxgkxPTFAGNLGkHKr6una4KxPBUZ8ec74UM84p9lBVUJyTp/dVdRE6J3qtTNEHDGFVVdIXZwMKHO1FK7RUiQ75CXiguzjhPkpyzJxsgDV6KpLBj+5FlR3GSB7XtPHutRb7o2pa3Uc5/ULC79jjCl26vkheOMd1ntjk6Oi1sqniTPQWOaRkFFI1d+FR0NxEwGFZRVAOyyTgej0+rjNcFjDO6E5/daW01xqI/De4EtGx9lk2vDgj224mjqQ55Ok7FYrK8nb0uoS4NsOV2ZgkaOyFSSx1LPFjcCCpIOntlYpROzB5iU1bBp/D+6ztbCY3mQbHstlWQ+INgqG5UYfCcDcb5QCrVh5RYWG4Nr6PwX/AFxjBT3F9HUAjIGcrKWu4OtNd4js6HHDgtrVCOtpW1EIG4DgR6KBU2ZeC2ie2eJsjTsQj08xh25B7LO2yvdA7wXnbKvA5ruHKKOezWQr5b/nB8xTgB7d/uo9hri+N8MzvNGcK3JHBWVuIktNxNQxpMUn1D0Uxgtz2M2MM7TjBGE6thbUQFzcam7qtoZop4WzQyZBG6sISHjGUA6Nm5ZO2eqA/lPO4VrLh7Q3IIWZex9NVGRpwM5wriCqEgAQYGxnuK+Rxp6slv05xhTGv1BcuFOHxa2jzNOfug00uWYPI2KiGPoiXSIPgOOV5zfaT5eV8gb3yvUp2iTGQsV1PQt/mELRCWDmeQozDKKTp6uME7QXbZC9OgqWSRjTvkBeQxgwPDm7EL0PpmvbV0rWOd52jCYY/H6jH+ky9L+5SY/J3Ued5a/RjhJsoB3CW1k67nngHXROLPFZ9QO6aNNVSlruQMFTJMOhdkdioFMQGnB4K0V8Ge2KksHn91p2xVcsYGGk8LCdQUYgqdhgO3XpHU9MYa0OI2eSQsX1LA1zNRHbYrv6C1QaZ82+oNNuhOK9GOnOCAr+3zZhYAOyzczj4xYR9Ks7ZVaY2hw4XuNJZvjk+Ceaoank1NOctOVAla6C5RyM2JcM/ZTadw0j3QqwBrhPpBx6razz1csPJNupxioHoru11GqlY0AZO6z9Yddua/J39VY2KY+Ax2OOyRbA9J463c9pdPwWkHbbhebVLpaHqghhw153/VehucTusX1dHHT1sNUxnBGSkPg7rWxbjQ1THTULHjfHKr45TjSQptHL4tv+7cqvY7zhnqlsfVLcshTkHKdCfNshOGDjC4CMpTSNUZYZaRuyzdR5D5SE+nOWcph+r80pm2LyiCfK8j0USQ4ndg8qRVgiZ2OFFkIzklLFzfI4ODeUaCfJDeyjTDhBa/w3ZS5LgZXZhls92GZVLXDLgR3Knsn1N37qFXM8oPqkp4ZqnLckyC9waRvys31YxuqGUDBxuryY+YEnhUvVI8Wja9v4ThMRy9e80tGcBzuE48JjSMAeyeeFZ5ojHlIcpHlIcoiBhwnM+oJo4TmfUFaAJcO2EYDCBDwFITs8GezgceEA8n7o54P2QDyU2MsIE4nk4HCYnO4RPkIFIRq5TofqQJM6kSMZ2CX/AHC/sSZDhvKhHd+6LMScY/zQRucoZNYKOrmMuC6iQt1OCx2ywsmuiO6aRY26Evw0Nycr1vp63soqGNundwDifUrznpumEtW1pHBC9YiYGxtaBjYLz+ttzwfQfC6fat4RuXyAAKdE0t5UWkYNepTlw7pbmewpjiORw4Q586dk5BqCA3KursZN5Ketl8afw2/S3ZOjpz5WNbz7oFL/ADKxzyPLkq6t8PjVDXafKCvT+Moytx5jy2qVVcpMttUdttpeRgNZkrPdPUT73fTcZvNDEMszxlWXVVZJDRtp4iP5wIKt+k7YyC2R6BhzgCey9Zp68I+Fed8lKcmos0tJE3SHYw1qs6GMzSDbbPKhsADGxt+yv6WCOmpw/TvjK2fieInPnLA3Spjo6ckEZA2WbsFFLfb3478+HA4OcfX2/wAky/3CSuqhRwk6nO0jHqVuelLJ/CaNgO7z5nnHJVPoGc8Iu2Na1oDW4Hou5Hqke6jSSiMFzilJNszylvZEvNwihjMTTl59FTWu3mtqgXZLW+Y+65cHCapcWjO60vTtD4MQlcNzur6Lbwi8oKZsEDQG42UkprZBzjlPLtshLlHImTyPTJH6Rgd0x0+NsKJW1kdJTvqHnOngKsNESyU/V1+/g9L/ALu1rqqUaY298nvhR+i+mzSskvlx/mV9Zhz3P3LR6eyprHTVnVd9lu1X/wBmpn6I8j0XozAGjSOAiG52nA1Arqr5ePTHvK7Zo9PdHlk8OJ0g3wo9oozWTurqjfScN9FCi0sduFFAahxzNNu9x5+32U/xM7Jj34AAXI43FWASGps8rYIXSuI29VwDSMrFdX9QOnd/C6d2JMdj7q2y0slP1Bdaq8V7gXnwoyQ1oOywHVnUErybNaXOdNxK5vb2Vl1VenWikFHSvBrqjhp5AWGu9zh6Qtk10r5A+rnBdgncZRLg30UubwuzPdcX6n6YtrqanPjVE22AcH33/NVPw06Kku2L3cmjDyHMLt8qF0Z03ceurn/G72x7aRrgcHv6DHovaqKCChhEUbcY5KYdu696Ov4Y/l7YWOngt9MGwgaWj05KLTVNHaKCa/3eQNDfoLhs0eqZR0fztQLnWuEVFS55/EfQevC8B+NHxRqOqKk2W1T4tsbsFoGzscJN08GTQ6KettUfRRfEz4h1/WNzf/OcIGEhrQdsLFN2TdLjuiMBysVkmz32lojpavjj0dA9UVuMei4MYGya/wC+EhvAzs6SADuo8rxnYhcmfgbFRW6i7lC+Q0sklhLiD6I7QEOIYbujtURU8+jiSckmRWRI1EcuF4xkKJNXxx7HcqpzjBcjVHdwSJZQ0Z2VdPW7Yyo9TWOefKdiokhLsZKw3ajd+JohXgJLUOkOQuDH9WUJJjSTglY5Scux6WBJeIfROwEhpCLBZzB9EsFPEgAxpS8Qf0qcEGhuThE0jA7oer2TNZUzgMOG44OUsHIKDr9l3XlM3ooPhoGMD9V0Bnt+qYGSEZThHITypvQO1s7kei7q9l3wDjOEvBUIdyPRLOey74JS8EqEOavZLV7J3yx/q/ZIUzj+P9lC9rYMO34RARjhP+Xd6J/yzvZGTa2ByPRLI9Ef5V/sl8q/sMoclfHPtggG9xsn+HRHgkOS+UqOdKQgmB3jRFqMvaEYG/hGyY6mGM5Uhsb9PCIGEFDKWBijkrTTuBxhcMLmjOnKsg7G2nK6HtzuMIVyGq1Loqix45aU1XIbTO2z+SXyVO4fTypkn8aT6KlJWclsaf7kcqPJap3DIxspkp6eaIRGEkY0c0ZIc08ZUcO34UyivjkhySXPCWCrAEkkBld0+6vBDi61DSQvogVhPCKCMILU4cpMuwAqS4CuoiCSSSRxj7IMSSSTCD0kklZBJJJKFMaO6dnG4TWpyNNroWy8tN98HEVSCW+oWiYWStEkbgWkZBCwB9cq6sl6dRnwpyXRn9kyuxvs5+p039UDR6fdOwU5pjnYJ4DlpGU7AxwnHLbbGYCWAupKF5AuaOy5p90YjK4W7cq8BgVwZByCnEHK5gqii1tNY/Pgyuz6K0e1rgMbrNRPdE4OHZXtuqRURbncJ0VkzWw5H6QeyHoCklpyh4wnJJCkyOW4XNPupBGUtPuhyHkiub7rUdBdRPs9zbTTSZp5jgtcdh7rPvZnG6E5pByDuO6ODwxd1Sti0z6JIDhkJun3WR+G/UTLjbzapnETUwyM9x7LZFu3K3QeUeZtrdcmgKS6eVxECPSSSUIJJJJQgxJJJQg1JJJQgxJPSUJkYkkkjCGLhAwupKBgXNOTgbJM+oIxA5Qg06s42VF5CYy3dQ5m4zspo4QKloIGArKK93KCjvBygKB5wBkGUzARHpigUZZ6Mj1dQlmKiNm3dUNtlLZ2g8La9SU5moiR2WDa/wAJwI5CzWHUo5jhmmjeOyKoNvk1xB+cqchBksMEkkkoWMSSSUIMSSSUII8IZaSeERPa0eitdkRf9CyeHXyNxy1egA5XnfSTcXAgHsvQGkeqdHo5GqX+owqTWn1XWpE5RpZMwRI7jCSTvpP2VkMN8WJg2joofXdYGzTCGsje7u7C2PxaeDUUDAeI25HvusRS4ErD6OWefZ2aI/6GD2enOqCI+rQsR13TeUlowcrZ0DwaOA/4B/ks91lTiSmMh7qJ5Rkql8dxQdB1ssNW+BzwWkArQX2kbBVeLH9EvmCxfTchhug54/1Xod6pXVFFFVRnLWAAqLk03x2y3IzCSR5SQEQklzISyFCzqS5kLqtPJBJJJIiHpzmOY4jGME4I7brZdJ9XMMf8FvmJI3DSx7vT0KzDy1/4cKNJH3aN1+VpSyf0FN1cLdP09K6525xfSuOrA3wtFZ71BdqZsjJBqxuO6xXS/VPg4tl3IfTPGnW7fH3U2uoZ7BMbrayZKR51AN3GCszjktywbk79k12Bg4VNaL7HcKYShwJA3HorZs2QDjlXsCGSQtlBGFTV9Dvl35LQNcMFCqGRTMLHMwexVBmIrKKSB4qqXIc05wFe9OdYvdKKO45AOzXH1XamiLRsO3qqCsocOLmjdULayenubFVRhzSHA8EKouNip52ESRA+4CyNk6mqrJVNiqHukgfsQTnH2Xo9Bc7ddqfNNIHYGSCdwpkDmJ5dc7NXWGoFwtriA0+YDuFd2HreOZwguALDxutbcLZHURuaGAjusXeOjmTZfB5HjjGyhfZugIZIw9pyHDIKrLlTB7TwFi7T1Vcun3fw65tc9jDhrjzhbq23agu0eYnNc7GSDyp8hSRka+3AkloVFV0BaeF6XXW+M5c1o3CzVzt7Rk4xuop5LMRNS6fw/uoU0enkLSVdFhxwFUVVOc4xhOTygmsFQQWuyBsE35iZh/lHSpb4djlqiujweFbWexclk9T6G+Ksb2Q2jqNrgR5W1XbHbV/1XpwLHsbLE9skbxlr2nIIXy3g42Ww6N+JFw6df8vcC6ppOA3O7B7LNZVnoXho9zc1r9nDKq622uiJqKfdvLm+imWq6W6/UcdfbKhssbhk4O7T6FTW+QjIyFlnUVvM21x3GN1LhkLHB2FOrra2od4tLhjvQqqeKmmkDKppDTsDjZZXAn5GioriZGBjzuOMqeyTXj3WXilLSHNKsKa4FhAfkhVhguvJomNGM55TwB6quirWuAAJUpkmRlUZ5xwySyZzSpUUgcANlABz2RGPLSoZpLJYJyjRzAD7o7XhygprA5JJJQoSSSShBqSSShBySSShBJJJKEEkkkoQeeEzfPsnrmAoQ6PdJJJQgl0E5XElAA3le3DgCPdVlTZonuM1I4wSerTsfyU5226TZMbYV9BdFK6esoHaKyn8RvZ7QjsnpasZhe0O7g7K2IDxggH7qtqbLTTO8SImF/q3uqL+TkDJF2cFHlpYnjBHKK5ldR+Wob40fZzeVxlTTTnEUoyOx5UIpYKya3OZl0JwfZMgr6+hd5iXNCuCM7IZomyA6sHKg1T9BaS9wTgNkw0qyBDhlpyCsxWWx8J1xDn0UenuFdQO+pxaOxUL4Ni5d1Y2VJRdR09QQyYaHK2ZNHMA6NwP2RgNBwM7rqEDg8rok7YVpg4HkZUOttlJVtxLE0k98KWHArvPdTshkK/piogJmoJCMb4BUehul2t0nhzEnHYrbPZjG6h1VupqpuJIxk9wFQBFo+paefSyUaXnlXMNUJPpw77LLVHTcgcXQPGO2VFjdcrbNqBkGNsjcFQpRybtrg5NIDuQD91m6PqiAENrXYPq1XtNW01QwPhmD8+h3VoXJNEO4dPW2ry4xeFIf+JHs4KsFJebLl8TzWU/YfjAWkMuTxwiDB7KiYM/TdSUGWtqHOgedsP23VxHI2o3BCi3Oy265s8Orp2uB4IGCPzWaf05een3eNYqszRDcRSknA9AoGlk2RcYyADyuictA2ys9b+rIZS2lulNJSTjbLh5CfYq+jLZQDG4OB7jdEA0SBN7J+oHuEDQmgHKUDgkswO/KdLTQzD+Y3OECPIxlHEgCYDtZCntMTsmLylVk1FUwHVpyFo8hNcGu2KDBZmmXF0DsSO0KwprlHLgMOSptTbaKpZpfGN++FUSdPSxSF1LOWhGDlSLcTkjhGimcNjuAsu6S50MuZGuc0dxup1Neo3+V+zvuryRou/EhecvjH3wugQuOIped8Z4UWGZkzcjByniJudWFasF4Yd1NBLnxGB59UE0JjOad3hp5FT/AMEjb1SbUVI2nbjHojU0VkGKisp5P57fEZ6hHcKC4DTUwRytxghw3H5pa2yDGcH0KjyUziQW4RxscHlAzWTNXv4TdLXpp+WjNI5xJJjA3P7Lz68fCC72WT5i03CV0kZ8rhkbL2fw6qHzteUVte4D+bCHH7LXVr7IMW8ngsHV3xA6ZeIJWmQMOCXjstRZ/ji1zWU9xp5Y5O+BsF6bVW7p66tIrKNmt3JwsX1F8ILPcHuko5hDncEDOP0XTq18ZfmKkoy7Rd0fWXRvUsTYpRC+V4/FjP55VR1F8CfhP1s0urLMyOaTdzon6cn12XnN4+F/UtpjfKxnjQ74dHucKpt3UHU/TcgiiqJdEZxofnZdCrX7Oa5CZ6eM/wAUd6m/sPUUc8s/SPUYiDvMyOcce2c7heQdSf2dvjB01I9k1mFXG0+V9P5g4evC+kbN8ZbnExsNXNg+q3dm+KVBXMYyocwOP4s5C61PmNTB95MFmicfR+ddztl3tMzqa822alew4draVXltvk8zXt1H2X6b13+wvU9II7pQ01WHHLiWg5Xm/U/9lz4O9WvM8FPNbnO3zTuwfz9V2tN9QRjxeY7dFJ9I+EfAc4Exux6IQFzgOchzF9RXz+w7XxF8/SHVjDEd42VIzt6ZyF5f1F/Zl+MvTbDK+0Mr2tO5pJmvA/ddejzGmu6lgy/xLE+jy+SvkjwJG7/ZFguVPjPB9D2U+52LqeyHw7107PAW8uezZVH+5zPIdH4bu+Vvhq67PweSnTJF1T3Q6AIagjPAyrGm6iuULBG2pcQON8rKfJwfhlx9iusjkjOYJySOxKZvz6JG+yD4Z6NSda1LYmslGSO6tqbrWEhonicfdeUx3KshOCAfyUuO/PyBPEceoQtpnSo8hbDtnsFP1VbZWHD9LvR2ynwXCCpAdHKDntleNxXqlkOPMp8F4ZCA6Kd4/NBJZOjV5ST/ACPYmSatxunDUeQvLKfqeuj2ZUP9t1c0vXFxjDWTsa9o743QNm2Hka32bkucPfKfG7bJCzNP11QyYEsJB+6taXqO1TjPjhuVDXDWVSXZaMLXHBGyc6CAjOjlBinp5Gh8c7C08bopOeEOMDlNSBmlh5DVxtGDwOFITo+6voIjCjI4H7rj6OQjygFT8BLgbKtzJgpX0dRk+RAkopTkui/UK/EnmxhEDgRwom0A4JmSfa4HkiSmZx3aFX1fTVBNxTM98DC3JiYTnSP0QX0MDnasYRqwTLSwksNHnruj7fIfLqjd6gnZR39I11OdVHdZvYFxXpP8Pg9B+ibJbW8xtAIV/KZ56KB5syj6uon5gmbO0ctdvlE/jnU9Of8AebKZGj+hehiilDSNDd0P+GyOJLhsUSuwJloPakzDx9VSHartFTF6nAUuHqaxPaI5Q4H3buFrTaKd31xh2echCk6XsdQ3+ZQxk/YIo38iJ6OxcRKOlulmqXaKeoDXf4nYUttPU5zFVyNb2LXIkvQ1le7LINH2QT0fVUw0W28VLG9myO1Y+yP5zLLSXQfRYNqaxseidzJQBjL274Ud9PbKvAqbRTP9y1Rounup4JNZrWTM/pcFJZFe6U/z7YZG+se6OFvORNlKf+5WyLU9H9MV7BqomUrhnDos/wCqop/hPbZCTS3gRn0eFqnVUwA1Wmt2/wDoaeyaKTDtLmnuHNIITf5Ml0ZZ6CixfdA8/rPhRdIf+y18Ew9eFT1fw/6npRn5MSN9WL2Bk8AGBIAjR1LgcB/Pur/k2e2YL/C0z5jlHgdXZLvb266yikY310qIQ5gyWEfdfRZdHKCHsac7HZQp+nbBWb1FBCSeSWjdMVz9nPn4aceIS/7ngLZy3YhNL9e+ley13wxs1Tn5fyatxk7BUVf8IK6NpkpqqCRv9OrdNjfW+zLPxWpr5xn/AAeafy++EeFtDJzPh44V9W9D3Ogc4VNslw38TRkFUs9Hbm+WaCZh4zg4RqUJdMRttrf3JoIBPj+VOQ3spVNdK6n8r2CQDvlQW22TH+73Fug8BztwgupbnE85aXjsQdijdUZDYa22L7NNS3oSbSRaPuVOZXU7hkOWQppCAfmHGPGx9cqSz5iR2qnlxjuTyg/jwOjT5O3pmqZU0j9nkkpzWtl2Zus5HW1UJ8OWnBPqFZU1ZQyxgl0kD++yCUEuDVDWufZLmtvBON1CltM2s6MEeyneDLMAW1Ac08bojaaqI8PWcdjlVsyW70yma+ppXkYdsjRXV2cSAkqxNpmzqIleD+aT7K2ZhaWNBHqN1PhTZfzSj0MhrRKAWqXDXzkBurI91TTWOqjJdC97S3uFELrpSS7sc9XKnCNEda4dmsbVvI3IC49zZN3aT+SzMd2eTiQlp7hWMFaJQN90CpwMWujLssjBn+7mdH/ynCFJT1WRofgjh7dihmUgBdZXPZgEZHoi+MP+VFdkukv11osNrIvHY3bLPqx9loKC9Wyv8sFSBJ3Y/YhZ2Oogn58rvfZNfbIag6mHQ8fjZs79VajgTLUv+l8GxeDhBETXZ1DI9Fl6WW80D9AqXTsbwJDlWNP1HS6hHVh0TvtsjTwZ7LE/yLGeCPHkbhQ6iha5mXMDh3BCnslhqWh8MrXj2K45mRynQkZbaa7otMzbqFlPMJWZ0/0nhV9daaGtyTGI3nuFq5IWHILBhVlRRYJcwbLfVfKLPIeU+nKrYuSRhq3p6ppSXw+Zo4wokNXVUj8O1DC3D2OaCCNvdVNba4Js+XBPcLoQvyuT53rvBzpltSG2+/zta0+JlvoVoqW6iZoJHPbKw09rrKMl8Pnb6BdprnNTuDX5BHOU5PJ5vUaKVUsSPRmVAeBtjKLnIKytBeHFoIfkemVdU1wjmwCcFGYJ1OJM14PKOyo4bsooc08FOAPqg3CXwTg/I5SzlQvELSOUVs2cDChAksEczCyRocCO4WclFV03UOmYXPp3Ozt2WkEgKUjIpWlkjQ5p5BGVYSZ22XmOuDHR7Z5VwyXOAVgrhRVVnm+Yoy4wF2dI/D/6K4tN7bUaTI/257qA2V5NY14IXXsY8Y7KDHVxlo3P/VSI5g4KCXFo4WCI+QcrrJSdiMIwAPKBJH6KAhsg91xwyEABwKICMcqEBSxE8BVVRTGKTzD7K9GO6DUxRysIcPsfRC0MhLBTsjzg4zhVV/6bob3AYqmJmcHBIWiZT6DjGV10GOBys847h8LHDlHy/wBffCuusRkuNCwyQkk6Gt3aPX7Lzggg4OxC+3K23wVkJhmZnK8e+IHwVbV66+ylschy4tPBWKzT55PUeM83Ff6V7PBXbADK59lIvFpuNnqTT11O+MsOMkbFQ2OyD7rm307T1+nvW1Tg8ofsPROa/J5CAXZSBI3ySsLqOpTqovssoZtIGVMiqSSAQqeOQAAZR4ajDuOEB0a7sltIA8AhR3NXYZwQB6o8jCWjAVGjPsACMo4IxyopyHYT2k4UCUg7Rg5yp1JUdlXtOxCdTS+FJnsVDRVY4vBpqGYlwz3V/TyDA4P5rI0c51NCvqaTIaQUB2tJZwXsbwRsiKFC7YFSmH1UOpGQZJcG66oHkSSSShYw8KM9p3UlNcBhQXP9kMt3QXRNIUt7MHYIOlQRJZ4KmqpWu3A7KslptI3C0ckYO+MqDNTjP0oJrJlnQpdGfmYYz9OyGCWnPCt6imBGzQq2enORpH7pcomKcHWyRR3GaNwAOy0lDcWyhoackDdY8DRueyPS1zoJQ5hwR+hSZwNmk1LrfJv4aguABCI46sEFU1vuAnjDm8jn2VhHOCN1klE9PptQ2sl/Yrw6imEU7iY3bfYrXsmZJu0grzVxWn6fu8MrRTveWuGwysN1eOj0Oj1n9EzUgg9lW19JIQ58Y2zkhWTNhulK0FuOFmOjJbkef3ukc06wzAKvOlLuJKX5KU5czYZ9FIvVvbNTnS3cbrHwTSUFa14JaAdwqMrTqluNvUwmOXxGjbkKyoKtsrQAdwMEKDBMyuomyNOThRKed1DVgOGz9lDdCzJpnF2OVEq6WOujdFKOQcH0T4589uV15O2AoMn9yM909Wvoq+W3T7YJAWqhlIKyd+p3QTx3OAYLThyu7TXNrqcTN5A3QrsCFjitrLKpy9pI55XaGYtcGO7bLjZA4EY7IBd4TtfZVJGqEi8PnZznKq2vLJvDxs4ndSaOqGnGFypi04la3OShwx65EqO9UZlDnluQ7b7K3ZMDtyhVkYlj0Y75RoG9bo4PLrlA6mnLOBnZWfTFxdTVLW6sAnGEbqGhOXODeOCqClldFM05wQUxHmMOjUHrcjQ8NkxyNyo7/KQRuhWiuFZa2tJ1PAwSiFpwhO9CW+OSU0h0RIOchVrSYptJ+lyk0kp1OYdxjKHVhpOR6psXhlTyZ7q6AOjbI7twfdY65UzaqkcNPmaMrfX6OOe3HWMkDlYrHlI+4XSok+MHkPMUZnLPtHmdxh8OckNwcEFBpalzTjHdW93h/mvOnYZVCz6iR2K9142WakfBfqbRumbibWklyxoznIR6tv8AuriBlVdtkLg0H0H+SuXMzSuyOV2I9HgJp1ywMDjNaGu9NkfpyoOHsIyAdlGto/lTQO3YNx7KNZ5HQ3J0bXeUnhVbydbx12LOTZl4LDssr1fTvmovFYMmM5/JaWLdpyq29wGSke0d1mZ6784YK7pSofVUmmRw+nGCiTtMM5aRwVT9M1LopJaYghzCQfdXVWC4g43Sn0FRlLazjnBzcoQJ1crkZyOVxxAO6zSyzWngsaJ4IAPO6dLjxDgYCh08miQOypUjg/B4ygNVMskKuG+VWOcdQ3VrWYIPsFSyHDjk90E+GMaDvOw3UadxaQQiINQ0uaMIW8oQ20wtNUFwwUWqIfCdtxwqxsnhOUwSeIwDPKU0Pjbujgqapxa7ZVV4HiW6QHkHKt6sZcSq2ZofFIxwyC07IjNqfui0Y9pOQM7I/wCFBDSH8bZRvwqHnGBPKQ5SPKcG78oiBGfSE9v1BMZ9ITmkBwyrRT6JLOE8cJjeE4HCallGWwcmJ6YmlM4AcpxPlXcDshuyMoywTsZRo0E8oreEtlnTjG6juO5CdITnlMWeTyyMWM7KVRR78ZUVucgKyt0RkkEbRyVi1M9scHS8dW7LVg33RNrjeBUOGdJycrbqssFGyit0bA3DnAElWO5kGlea1Mt0sn1DxlXxwSJ9NGGMB7o2QgQ5LMZXW533XNayzuR4WAxUCvk0ROaTvupkv3VNWzg1LYmnOeVs01e94E6ifxxycomAQBx+rJWitbWNpRI7n1VPT05OGgbKwrasUdAWNbg42XuPF6bbXk+YfVPkJRplGPsr9M936oZG4fyacBzh7L0OiY2IAMHlWU6PtbooH104JkndqyfTsFrqXJOlrSc+i66i0uD4nr7XKZb2ymNRMHOb5GblSL9cm0cBjZjU4YA9FLo4fkaIyPwTjPKx9dPLeruKSEZJyAmHNXK3MtOjbM+vuIuM41MYSQTxlek4AbgcBVFmoG22gigaMOwC77qza5FlC5S3CPKqLtUlv8pqs6iUQxl6oZs1UpcOSgFDrLQvrKlrnt8gOStixjY2hjAAAoVoo20tM04w5wypyVNkCDlFYdtygrhOBjKiWQAkrwOeFi+oKqW8XCO00jnNaHZke07keisuork6Bny8D8yOG2PUqR0pYm0tOK2qaXSynJ1cp3CQSeCztdGygpI6aJjWNYOAOT6lSnv0DjKc+Rrdgo2S48JeOSM7HG+tmbFkhucnCumtZTRiNjQAPRCo2QwQ6gPNjcpNldNKcqAhWOMjgcbKWAGtCBHgbqPc7hFR0b5XnGBnlTJaWSt6sv38Mp/Age3xXjjPZea1VyFBT1F7q3ZleSIwVJqrhJeLhLcJcthhB3cdiAsdPVVHVF3OpzWUNG7UezTjgf5I4rPJrqr9kNrYmCp6t6il33cxrncemPQLyx8tf8UOpmuw/wDhdKSPTJ9T7bK/+KN7quorlF0bZhmPZs2j3K03S3TtL03bIrfTMAcANbu7imY9Ha06jpa2/wCt9FrbLfS2qmZR0sYbEwAYAxn7qyho3XBwxlsLD5neqZR0UlTKI2jb8R9FifjH8S4ekrebFaKj/fXg7s4GP/moJvCMtNU9db8a7M78b/iaGU46LsE2iNoIqXsdufb2XhAl1uwRwuSVU1TKZ5i5z5CSSTklcYfMNlz7Jts95odHDRVKCXPskta0gbJ3lByAmt+kJzsNGSUJoec4RwnAyoc83YBEmlHCiDJckyngZGI4l0h3CkQwgeYjdKGIEbhF+lCuS28HQAOF1JcztkJiSXIOMhRt3Qpp2sG5CDNWtaC1Vk8zpCcOSrL1FfaNrqzyw1XXnOInKA+Rzzk8ru3qmh5yVz7rnLs0Rgl0cJyuJJZwkB/iO8R3ouBxHDVzUP6Ui4eihDmsruD6rga53DUXwJT9LUzDZAadod6IzKOTILsAIuhrMbcJirI+CKIneie2DJ34+6kbeiZpKr+xW8e2np8ZLN11opGndmCmYcuad9wrJkNrYPpbsl4g7DCaGpafdUTc10d8R3fhJdwUhHg/SmKBSlkWCiNaQckJ0be5CKGjG4UGxQzORxhOjHc9k7khEDMYOFQ7CRzT7LrW78IgHqlgKm8hJLscGNwEtITgcbAJZHoh2jE8HDwh4OURPLQOAo0T8gYjBGSEvCb6YR2sBThCpwhirXZFNIHf/NXBRnPH7qboKWgqnyNVZEFP7BIxOG+lShEQUTbH0ocDFVkhZcNsJ+Hf0/upPgj0Cd4YVYYxVkV8YeMOZkIbrdSvzlgyfZT/AAhjZqYIiXcboWnEF0xZVTWPG8Jyoc1BURN3bkLTtiwPRNAH4hlEptCbNHCRjXMdGSCD+acDla2egpahmh8IVTU2B4BdTSZ/wuTFYjJZo7I8xXBTEYXeEWSmnhcWyROGPUJg5RYTM8oSh+RzSR2yuavZGGCBsuEY7oXXzyKGNyNs7Ig4QgfNhFHCqUcEGpJJIiCSSSVyWSD0kklRBJJJIyDEkkkQAVJJJWCXFkur6WTwpXZjPqtUx7JI9THZB4Xn7Sr2xXgQSCnqHHS7Zp9EyqzLwczUUdzgjREHPC4pIDS3IwR6oRGCtJzk30wKSJp90tPuiyHkFgJEAdk/QUtBVcEyAzzsplsndFMBnYqNp905oxwUxdgyjuRp8tlGpoQ3Mxug2mqBYInjJKsJYhyAmrk588wlghaT6JYKPgJEDHChcZ5IpBwhOBB4Ust34TNHsrGMNYbnLZ7vBWscQ0ODX+7V7rTVMdbSsqoXBzZWhwwV4A6I4Xo/wxv/AI0clmqXfzIxqjJPIT67McHN1enUluRuDynLpGENaE8nHHpJJKEEkkkoQSSSShBiSSShBqSSShQxJJJGTeJJJJQMYlgcpJKBiTZRlqcuOBLSAoQrpgAdlCPKnTgg7qCeVBoxMT0xQtcEK5s10cjcZ2XmdSSJ3xEY0lepTjLSPULzK7M0XSdp23Wazg6Ollngt7U7NOBlWQ4VFapC3SM7Dsrlpzv6oE8jLVhjkkklYAxJJJQgkxPTFCD11q4nM5VoiLzpIH+IH7LctJWK6SA+fJ/wrZDkpy6OXqOZslsdnOURRWqQ1MMElzwOXDwuppeGjV/TuVBi7PLfiZOZr7HCeIollY3aSD6HKsOq6wVl/qpjknWQN+yrGuyDss8+z0mnrSqSPXrHP8xbYH5/AMhEu9JHVUEjXjJG4VP0TWMqLcGA7x4aVoJQHDB4KiWUce1bLjyoQGluoMRwA8L0pzg626Ozmj/JZS+WZ8deZYm7OOVr6Fp+WjY7kMH+SiX7GWWbsGSlgMT9DjuhuZgcqbdW+FVu2UR5AbugGx5RHJOUslI8rigR0E5RARhCXclQg5PTE7IVt4Iez1lqqKOQseNQAyHDuFAc0k6V6XV2rxmYLAstd7DLEwyxx/svykrM9n9B9uTMSwZG3dXvT/U1RRMNtrsSU7tgHb4CqXRkHBCFIzbI5TAJReTQXSmntErbraHa6d3mfGDwrrp/qymuMbY3kNcdhk8H0WXst5dSu+Vq/PA7bfsjXawTxO/itjGqP6nsb2VSRcT0WObON+UUnK8/sfWI0NgrSWvacZWupLnDUNBa8OBQSWBqZYvjY4Ycq2tt7SNUbVOL9QyF0nt6pbLMvcLXG+IxPbuNwe4UCiqq6zTa6aVwHcE8rXVNMJcEBVNbbDyG8ocFNZNRYOr6GvhYKhwZKPKfurx9NBVDOkDPcLx2SmNPKXRuLSd8D1WksfW1Rb3tirWmSPjI7Il+gJRwaK9dK09bG4SQtfscHG6wpoLv09V+NTBz4mu4HOF6zQ3Clr4RJDIDqHHdNq7VTVjCHxgH1AVNYKjIy1q6pprizwapxjkAxh2ylyRxPBBaHNPqqK+dLz0tQ6WFpAG4IXLfepaYNiny4N2Koj5Fc7QS8vhG3os/WW5zORghbuGrgrY8ROGcbgqurrW94L2gHurU/QRgp6XTy1Vc0eMghbGst5H4RwqOsoSDsAE5SyU1gz72kFCVlPT45aoU0JaeEQOC16Z6muPTFV81QSHDtnxn6XN+3qvaOl/iBaOpqaNjXiCqx5o5Djf2XgGkt5ToppYJBLBK6N7TkOacEJc61IXOH6PqRj3A5ITpmQ1sZgmaBng+68o6N+Kzg2O2dQgbDSyfVz7H3XqdFNBWxNmp5A9jxkFu6xzpaYCi0VdTb6igOuMl7FyGYPwc7+iuXZYdJ3+6h1VBBUjXH/Lf6jbKzuOGTfyKGqLSM7K1pqzIA2KzRE9M8RT5x2cpdPU6CMnZBgqaUkaRk4HAG6lAhwyHBUUNU14GCVOhn1Y3QGWVeCeCR3R4ZicBQ2SjujAqhEoZZZMcCOQnKvimLTupTJmqAShgIkuAg8LqgsckkkoQSSSShB6YknqEGJJ6ShBJJJKEEkkkoQSSSShBJJ6SvBGJJJJULZ0AHIIUKrs9JVHW1vhSf1M2U1qe1QrODPyUtfRfUPFj7EcpkVfGTgnSfQrStA32UKss9BV7yRaXerdlA4z9FcamMjBwQmPbR1LSxzG7oM9mraFxfC7xov6e4XIpKcbA+DIOz9lAlJor63p97cyU7s/ZQIqq5W131OLRyFpRUVERy4B7PZNf8lWeWRga4oxu4r6LquMuDahuCr2nrKapaHRSg57LO13TrXZfCB9wqh8FxoH5jc7A7KESyegl55Gy7HKSdJCyNv6pkYRFVtO3qranv9HUO0atP3UJhl8Hg910jKrY6yFx/vQprKppaMEYKvIDQXSCMIL4Wv2IA+4yjtfkZwuEZUwV0Udf0tFODPTgMf3HYqsdRXK2ASxZGP6Stm3uhuia/Idgg+oVAdmcoOqCHCKsZgjvhaCluFLO0OjlBz7qFXdOUdT5gNDj3AVHUWG40eoxPLmDcaSoVhM2bXat8Lp37rE0fUVfb3iKpBewevIV/SX+hrgA2URu7hxUC2NEutoKSsjMU0bHOPfHCp5bPd7SDJaKkvYNyx5yVeRlv1ZBzwUcOAGM8KA7WZiDq0wuEF2gdA/jVg4K0FLOyQBzHB4cMgg5Qqyjoa+MxVkAe37BVpsL6TMlrqXxuH4SThQE0IIxjhMOrUN+VRNvlTRuENwgc0/94PpVrS3Glq2gxytJ+6heCYCccruSm6hxldUAawEyVwuIK4HAnAK6oLfI/S131NB+4UOosdFUv8QMEbjzpCmg4TgdiVYttxKGqttwojrpzrZ/h5QYbxUU7gKylma3+ot2Wlc7VthDdG1+zgHfcZVMpT/ZBorxRVR0wTgu7tzgqc46gCQq+r6at1U7xWtdBKfxRbKJ/C7xQt1UtaakD8Ep7IMvJMxfRc6G+iC5k4OqJ+D6EqB/E6+k0muoHhh/E3fCmw3KkmaHNlG/bKPcyg8dTUMAE0YcO6Iypp3nGgZ90OORkrA9hyCk6FjuWq9zBwEkgp5fMzYpjqSUDMLyCOxPKA+F+Q6KQtI4XRUVtMMvLZR6cJinnsHag2JmMxKwEHnG4QKi322tiMNXQxuB4y0bKSy408gy4Oae4IRWuppBhsjcn1KdCxx6YGcGEvPwf6YujnSUjX00ju7Nx+iytx+CF7oh4tkukbz/AEPOk4/1XtDaYg7bBcfG5o3C0w1lsPZfZ841NL8SOlJi02WaogZ9JbkA/nuptr+ME1tH/vajmpiw4ka/8K+gY2FoyQq+usNgu503Kx0s53DtTB5vzWmPkJP8xbhF9nnVv+MHTldE2RlzEY/pecLY0F9t1wgZJT1DH6xnkYKo7z8Eegbrq8K3PpNXPhvWQqf7PVwonB/SvWUtva45BducemMrRXq65e8AumvH6PT6iK3Vmn5qip59GceJGHYz6LDdR/A74XdTxObVdK0kEhORLTAxOz928rLydKfH/p3Hy1XS3URf4tf+gwkPi51z065sHV3w+uJe0YdJCNvvjC31a+dfMJszvSxM7f8A+x50fVMP8HvldQvJyHOIkAHpjb/NedXv+yZ1zbdRstdSXED6cP0E/fJXvds/tAdFVc3gXSOrtzuMzMyAfTK29q6v6Wvbgy1XqmneRnSCAcLpU+b1NPUs/wCRE9HU/R8IXb4V/EqxuxXdLT6Qca2EOH54WXqIKqmldBWUr45GHBBav0sJgcd3MP6KlvXRvS97Djc7LS1If9WuMFdCv6psh/vL/sA9FX6PznA3O2E6PId9S+3b1/Z5+Gd3BAsopSeDCdJ/NYS7/wBkS1StItN+bSOLshzxq29MZC6VH1LpruGsC3pf0fNUVQ9oByEZlzqBgHhewXX+yd1vSBxttypawD6Sct1f5rIXP4GfEi16s2J82nnQVuh5TS2cqaAemknwZVlcNtWykw3Fn4Cotb071BQA/N2eqjLTpcCw7FRo4JYt5GYz2WuGrqn1JDYRlE01JddsNne321K0p+qLlTtDWT6mjjJ3WHOedR++V2KWoxpEuFo+SLNMbrf2em0XXFUDioY2RvorSn63t0jg17Cz815NHVTxu+vhHjujm41RhxHfhA2h9Wrti+z2mn6is1QM/Nhv3VhHUUUzQ6GqY4HggrxGK9Q6RqaQVOpb2yPGidzPz2VZNUdbJ8SR7MynEgywg/ZJ0L28sP6LzGk6lrWY8G6tb7Fyt4er743H+8Nlb74VKRojq4rs2mld8NyzEPXNRFgVFI12edDVYQ9dW1wAno5mjvsryNWqql7LYN35RRpIHCr4ep+n6kgNmMRP9eymCotNQAaeqY7/AMSrcg3OE+gw08Ahd0hd8BmMxuyugFu2CopBKKYPwm8pogOdtlI1+ycN1eUEq8ABTj0wiCnAOQi5Pongg91N2Bm0Z4Z7bIga7PKIGtRGho3Awr3gSgpDWsyOU11NCfqiac8+UKQC31TtAV7wVp4PloiCy22b66dpPsECTpi1yZGmVuf6SrVqeAcq1NroqWjql6KB3SNCf7qepYcdyor+k6gZMFaXezyteNxulpHoEatn+xM/EaefoxDun79TH+VplaO2VDnN9pcma2SgeoOy9D+yYWOPf91HbgzWeCg/wkzzp14nYNNRTP8AcOH/AFUepqrRcAGXG3RzsHAIGR+a9Ifb6OYET0zHA87BVtX0fZqrJDHxE/0Ko6jBit8NOPSTPNZ+juirg/UYTTZ9HYVVVfDgRB0tkvbKgZ8sErOP/Fn/AEXpFb8OmSML6GseHDhrzsVU1PSHUdDH41PCybHIikyR90yOslEwW+C3fnXj/B5dcLBc6KTRcrD4uNi6nbnHuo38Fs0uA6skhcfwvJBC9Ta+80LM3S1ymI/iAyQgy0vSNb/Pr4I2E93NwtUNdt7MFng0vweP8nnLemast/3K9U8rRwHHJC6/pm/RAOeInDsQvRJeibBXM8WgeQ08eE/Cht6HvdLNmhvA8IDaOqJITFra7GZp+IvhzHn/AAeeGOvpnGKSCQEckDZSoLlI1obLVMjx/WVsTb+qo3OZXWymmh3wY2Yz+aBVRWt5ay5dPSwjjWyPv906N0WJejvj2mirpq9zmhsVWyQns05R33EwgGWFzvdoTJelbDWyE0VZLSSt4LJCP1ygCxdR2yQNobnR1bPWZ++E3ItV2x7J8N5o5XeG9r4ie724BUlsdFKf76Mk/ZUU9ddaN2m+2KRlOTgTNbqafcYRIpun65wZT1RjkHBJ0qfJ+y0tvaJVz6YgqB4jGBpO4c0bKkrum7lT4dTBxI79itJFFeqUkxytqYm/h5OEQdQvjOiuopMdwG8KOeBU4uXRghV3GklIna4EcghFZeS44IC3D/4LXsJexp1djyFVV3Q1FVNdJb5fCfzjOxRRlkTKNsWU8dax7NRlAz2Toqyohd4kcpH5qPV9GXajjMjHeIe4bnKrWzV1C7RPG8AdnBHtTK+d19mkZfywhtSzP+IKxiq6OrAdlhPusq2tppm+YbogdCW6oz+hRSpj2iLVbniRqhDpOuCRzB6NdsUdl1raXDZIHVDPVo3Cy1LcamndgSFzRwHFWsV8jLRqaQ7vgocND4214+00tNcqSr21hju7XDBR5KdpbnsVR+FS1LRM17S5w5CfEK+m80cxewcNdujjJgtyl/cPPSDOWt591CqaCQbtbspDLzEx+mraW5244U/MMsYkp5WvB7A7rVXa0zmarR1X5ysGd8HRs5uFCrbbSVO5YA49wtFLSskDjI3dVM1M5hJG4yt9d2ezxflvDxlHEUZmWkqaKU+EXED8xhTaGum1APAyFZZb+ID9FHqKGOU64SGP/YrZF5R4PWeNspzktKSvJDQTz3VpHKHtGSsdmppXYdkAforKkurdIBByOfdCcWdeDR4GMg5SEvqFCp6wvGCiGUO9lYlxwTWS88D80XxFBac90QPwc5JUBJTgHjBAIWfulslpJfnKIHTnLmBXzXJ44OQoEmUVtvTwdL3Yx2K1FJWMma0g59VmLpZQ+R09IdLjuW8bqFR3eWmf4M+ppacZUKlFM9FjlyEQnKz1Dc3kN1OyDwreOfUAcZyoZpRaJelvZC0FND8FOEnbCgJ3OEs5S5SUKB5Hdv7pacpafdIHPZLwM/yc8L/D+6Xhe3KkacjYrugn8X7JYvcYHrD4aWXqSBxMQbMQTqPBXzp1f8Mbz01NJI2Iy0+Tp07kBfY4ib+IZUC62O33OMsqYGnPcBIuojYuTs+N8xbo3tfMT4TcwsJDmkEeqQIXv/X3wImlkmuNjcwh+SYsd/ZeGXax3axzujrqORgaSM4XKu0rj0e60nkqdXHNb5/RCBIPOco7DsD6KMPPv6LpJbj3XPlVk7dGplBJSLCGo3GcYCs452uaAVntRBB9FLpanQcOJKTsaZ1KtTF8FhOMHI4TWHsnNe2ZqA4GN3sqNKnjklDdJpLSE2JwyCU+TGBhQarCxo5hqHutFQO2BJWQpn6XgkrRW6cZACh1NLqMcGjhOw3UlhG26ronZbsSpUR3G6h2a57kTmnIyupsZy1OO6hpUsDshdQxn1RFBoxcduF1JQVYBc05JxsmN7qQQOUIsOdgoJIzxgKHJudwrB49FFezfYIMZAfBCkjBHChT0/cBWrmdj3QJI1HERbDcihqKdw3a3GygvDmELRSQjBw3sqqppjnIalyjwYmnHodbq6WnkGDt3HqtNS1pkA25WMOoFWVtuLo3Nildt2KxWROhoNd8b2WGvExcOy7HUvppGysOCDlQ6eRrwDlHIB4Kx2QyeohZlJnoFkvfzoaC/JxuFdF5k7cLyugrZqCXxIj9wt/Y73BcIWtc4B+MLFZHB39Lq98dsywlZrGCsV1FbzBMXtb5XbgrbS+g7qrudI2shMRG/YpWB92JR4KXpK5mOQ0srs9t1ortSB0YljHG+VgJRLb60OGRodgr0G1VbLhb25ILgMFTBVVnO1grZXHIglO/YlXbGh7CTssjXtfR1Ac0HAOVobbXiqpmvG5AwVRqU8dimEcpdBKwEHbBCprc91lu5pyT4E+wB4BV5Utz/MbyFV3Kn+cjErNpI9x+SskuOUXzZcHGOV2cZj0g7lVlprhV0wDvrYMO/JToz4gI9FckNhMLTzluBjhWTZGyxgA5HcKmJ0OUylm07EIcI1QsOEmCcsdw7cLtR/Mb6J1cwOY2UfV6pkUgezc7jZBLsv5MlBf6YmHIHKw88Zjkwe5XplwgE0ZZjlYK7UxheXY2BTY9HF19WHvRddJ3PQ/wHu2Oy1r5GuYV5XbK11JXAk4GV6TTVDJ6dkzDkOAKsPSX5jtCU5xK/f8ACuTE6CT6rjP74b9l2oIDR91a7Ne/JHnYJad7HDI0lYWZhjkc3B2JAC3YIcw43BWNuDQLjgDA3XQolg4flYZW8x16oAYpZRz91jaiPw3EgL0CsAc+alI+yxNwi8N+42GV6/xOoz9h8a+rdOtvzEq01fDXO9lqaSUPi0O32wVh6Y77Hdam0TOeGjO4G69IuEfJNUsfeTaYaJZWkY2UCLNLcw942cVYOIbUNe3bVsVDrmfzmvAzuo+QNLY4WI1cJ2DmnIKFXt1UrwuW54fSsOclGkAIwUiSwe4rnuimYSg1U11lY8AaitNVNBjBwsvdiaS9OeeHHA9lp6SUzUzHE5OMJLNFTwyFFKASMcHCZPu7YoLiWzuA9U+V+ktGEqSNSeQ0LznhSpHlzRsocbxnYKSH5jyBlJfDHVvAOQlzTlVM7cvJz3KtdW/HKqrh5HuLRgFL7NA1rs7hdqCNI2QYn4YG4RHHIUFTlgr585CLFMQ3CZP3Pso8UwDgCgwJVm0kVHGVVSYOoZ5VnK4OZjPKpJSWzOaexVi77eDO1H8uZzNPBPddByiVwHzLt8ITcDg5QtYOLLGeBg5TCd8p4OCmIZlBAcrrfqC41OaPMD6K0U+iXFwE8nCZFwE9y119Cpo64YCGPqRX8IJ5RCWHjxggoMmMLreEx/Kp8FDPxJ34UNpyeET8KCUsBg38po5XX/UV0cJDZTOtGStD0xQS1NawNHcKigaXOAAySvSOibeIB4rm5cW7Ll62xKJ6jwGncpps2EIMcLIsbtUunbnchB0gYxlSohgBebulk+laaGGmgwGEhucpOXCQ3nslVxyzocJDKqQsbsOBlUsTTPXB/oVNvFQ5sbWtONXKHaICSZjxnAXb8fpnKWTzXlNf8S2p4LakiGclV9fLJVXCOlaMt4wPurJrw0fqhdNURrbo+sc0ljXYBK91pKlVWkfD/qXyUrrmos11LG2CCOMADS0bK96fpnvl8bHl43VIInTVQhj5OAFrmtFtoWgDBA3T8I8Pc9zK7qe7GkpjTM2c/wAoTOhrU6SV90lj2+hpPqqB3j369tiblzNeP3XqdDRxUNLFTRtxobuo1kzzeyG0mjhNdsk12y5qDdyeFSjhmUiXOc+AQBugWiille2QjATZ3GomIaDhX1FAIYmjupPohOAwAPRJIcJLNLsg9RLjWxUcWt7h7BFqpxTwmQ9lkXSVd3rTg5bnA9k2BCVZaCW83R1VLnwmOzkjbZbBzQxukHYcBOttDHQ0McLWgOxqcUCok8R+lh47q29wLWRhLnPwpkMPG3KDBFuCQphIaxCUMleYniJvBRoPLj3UYeeYOPZTGlrRlQgSSbw2kkLznq+/SXCr/hFMSCR5iPTur/qu9CniNPC/zhvAPJKwNfXR2i3yXKo3qXjA9d1MYHVRyyh6uuklPFF07RPOuXBl084VF1LW/wCzNi+VocGqnZlrc9+x/VWtloZ9c3Udzj1SSnYO40eiyNVJ/tDe6iue0mmpn+HA30cEw6dMcLL6O9FWB1sjkuVwxJXVWHFzty1bSmgc4gluSeAg2q3vIEkvpnfsrm4XK32K1S3Wr0tEIGHYVuSiS6zdPKKbrfrK29AWE1NTtUStc2NvfVjn7DK+Rr5eKy/XWa6V0zpJZnZJceFcdf8AWdZ1nepK2eVxjDjoZnygeyy4DiVkut9HtvFaBaGndJfewoaDjZFjjz2Sjj4yETgLP2dKU2zrfKCVGnm7YRJJtIIHdQ3SanHZDLlFwWRr3OeUWNh1Alq5EwkjIUvSNtkja2xjlgTdhslkeqdkBu6jvkDe6ttRKSyPc4NGSeFAqazOWxuSnqs7KCfMSeFmtv8ASHVV7RzpXPO5QycrpOVxYnJt5NKikN1HGMrmR6pxjdjYcpCmcDl52KEoZ9XHZcDXuOAFI8KJpGnZP1NYNmo4xyQCylmdvgAI8UDGjz7n7pNcXcbfmmhjzyeUahgCTCZhacHZd8XA8rdkMQHOSEcRgDCY4kBeM7VjByn6SRkhODRnhEAGFX+CnMDgpYKJgJYCoobgJJ6ShTfAl0DukOU8AYVpFbmjoZgDZLAXQSujY5TQ65oeGgHIC7gnBwmg6sdkYABUOyNA7BEA7rg5RAO6g+Mjo4STshdUD3IYknroOEIaQNFAwuhpCeGYwcKDIxycYDyijhIBdSho7ATsBNRA0ncBWho3ASwE7SR2SAOVY6BzT7LuCitaCMkLuhvoqzgaDXMBHwUgDlDJ7iAvCd/T+662Ig7t/dSA3bhLR7IcYIB0A4ACQhJPP7KUI8425T2RAgjCJRyGl6REfTse3D2A59lVV1hgnjzBhjxvxsVeFhXNBVcoGzTQsXJhp6SqpHls0Rx/UOEMOBW8lgjmYWSRhwPqqOu6Xa4GWjfh3Ok8JkZZORqdDKK3QM9p905dlp6ilf4c8Rb2z2XETWTnyg4diTEk9Uo4BGJJ6SsgkkklSjggkkkkRByaknIiAl0HC4koAFXQTkbriStcPIBq+nruHD5epeONjlXjmZ3HC86jkdE4OB4W+s1wFwow3UMx4Wmueezj6yj4vvCkkchc1eyM6EZ4XBFg5AWjgxpggzO4b+6RZjct/dGwEsBQjkRsFMUktB3whAHdRvBankPQz+DM09srSiRs7A5m4WSz6bLQ2WcSRiM8p1bz2I1EcLcSCzBTXN91LkhLd9P7oRbtyjMieSMW+oSwEQg5TTwoWrMgnsGE621U9trY6uB+lzHAnfkeichyMOAQrjwXZFWRwe40NdFX0sdVT7xvaCCpCw3w3uxljfa55Pp3YCt2WgZweFqj0cC+GybQJPTTsnIhQkVCRVTICSSSVkGJJJKEGpJJKEEkkkjEjEkklBwxJJJQISe3GN0JOYcd1WQyLVtAJIVYeVb1g8upVLvqKsgJyG9EchvUGsCQvNuqWmK6vw3GV6S76SsB100C6x4GMxhZ7uI5OjoeZ4IdqJ5ytDGMNA9lnbURgfktG04aD6hIhyatQsPA5JMSTDOJJJJQgkkklCDERqGiNVoiNL0g0Ged2NwNitbHnIysx0Y0Dx3kZB2WnDvZNXRy7/zYccIur2UYcog4TTM1yGUC6VHytvqZf/obgpmsNBKzfWFf4FknztqyAqbwNpW6aR5RUyOnqpJ3cuJP7po3XA4Hf1XVmk8s78E4xSNf0JWCGSSA/i3W61ahheWdPVLaa4N1HAfsvUYXB8YI7gI48nJ1cGrMjJaZlRs9oIHqiQt04A2wnN2XTyjawZslLf6YFnjMbvndUD8nHZa65xOmpXBnI3WWe0jIPIQM1VWcYIqSc8YKaqHDUkklCDl3JXEkBD7DLGDgZUaenilHnblTiPVCc33X5LTwf0JTyY+89KeNmWjI1HfBWSq6Gamc5kjcOad162xgJyeyq7lYqa4EvLAHnumQtwymsnlL4wSOyurFfJaCQQzO1RO2IKddrDUUc7gGnSPZVD2lu3dO3KRT6L+89NU1cf4hbHBrnjJaD3VNbr1W2qs+WridAOPsjWu8y0UoikcXRntlXFxtNJe4RNE9rZMZDkWMgZ5L21XqnrmhgkGexVuHg87LyhjLj09VBzwfDzjIOy1tl6ohqiIZX7njJQSjgZCf7NYz3OcJTQslGHBRopg7b1Ulr9Q3QhkCptsDmEhu+FnK+2TRgvaMgHhbMtDuUCemg2Bjz+aDaQyFtutwt8gME7gB+EnZb6y9cRShsdaMO43WXrbDqeZqUgHu0qrDXROLHghzTghXgqUD2aGpttyi05Ycjgqhv3R8NQ3xaLSx/wBtisha77LTAMc8nHBW6s3U1JVsEdQ4AjvyqFNuDMOY6u01GmQFpYd/dXFPcmVEYEhG/dbGstdBcoiXMY8EbHusdXdOVFukdLC/XFn6e4QlfJkjVdEyTdpBBVJXWwAZwtE3doB7KPUwBwwrgxmTFVdvOdm8dlV1FG4fhW2qqQH8AVVPRHfyhPyQyctPo204/NRTG4cq/rKPJyG4VdJTOby1WU4kArRdM9e3rp2QMbK6SHP0k7gKmdH2QHMLd1TSkVKOD6H6Y62tXVUYjicI6prcuYTz9lfeEWHcfcL5goa+eimEtPI6N7TkOacFerdIfFCINZTXkuc44b4hP+ayW08iXE9GnjjnjMUjB91Wy0c0HmjdraOynRVdPXN8SklbI0jPlOU0sduM43WZxwAntIVPUva7duPurOlrBkbgqFJT6zqGyjubJDuMn2ykSWSniZpoZhIBhwUpkmkjG6zFFXuaQHFXMFUyUDSUPQuUMFq1wcAcgFObKQQ1QmyYxun+JqAB2VCZQLSN3iDJcEbIPBVWyR7D5TgFSoptX1KGecGS0lzK6oLawOSSSUKEnpieoQSSSShBJJJKEEkkkoQekkkjIJJJJUyMSSSSEWxySSShQl3BSHKdv6qAt4Oubq7qFW2mirGFs0Qye42U9JQH5DLy9LXKnYX2i4sGP+HM7Y+wVZNVXGjPh3SzzBzeZIm5B91uXMBOUQHIw4B333UDhdJPkwlHf6eSXwWvcPZyuhAyVoe6MHIVp/C7a7LxRReJ3dpCYKd7DlkeyMd8u4ztf09T1AJYwRuPos5V2e4UDi5gLwPReiv8MAeINKGIIpTwN1Ao2pPk8+or2YXeHVMdgd/RXUNcypGqCYOJ7Bytrh01RVIc7wQ0u7tCzlf0nPTHxaOR7HDfI4KgbnGXRd09zrKUAysc6P15VjBeqeUDOxWIivVytZEVdCZGDk4yFbUt2tFywQWxP9CcBQvGejXxVEUozG8ORgcrLhk8BEkLzjsWlS471JFpbO381eQJRwaDGSF0NDeTyoFNc45QNwcqWZmOAIKj5FtMj1Vqo6g6n07C498Kjr+lYtRlpvvgHC0oOFw5KmAsyXRiWXC62Z2k63xj8L1b0HVtHUYZMCx/cFX76WCZmiWJrwfUKjrulaSUufTDQ4qEUo+yzZVQTgPjla780QSN041ArGVVjvNucZaJ7yW787KysNzrakaKyExvbschUW1HGYsv3U0dU0xysDmuHBGVUu6Uipnmot08kb850h236K7ZxznuikbYV4EOxp8FXDcqiFwirYnAj8QGxU9lZE8DS4HK5JAJhgjKivtmPNC4tcqfBPyLJkgd3RQcqidNVQHQ5pPupVLcg5wZIcIU8lNYLV2cjBXdRbsd8qP8w3O2Ci+IHDOUQtxyPByMrqCug4OVBTwSMlc1750rgk7YSwDvhAKaSfATVqGHDPsVEmsluncXvg0l3OkkKSDhE1Ad0a4CTwVDrDNDL4lHXPYP6X7hB8W+UcmiWnZO3sWnCvtfumPIPdWpItt+ynZf6QDFTHJE8bEFqmQ1dJUsEkU7HA++6kGngef5kbHfdoKiTdOWyR3iwB8DjnOg4H6KSWQc7uA/hxuGdAwfZAfRNzqiyHfdB/gdfTP8SjuRd/hlOQk+W+0P82ajjqY+/hHcIllCnEksdcKYaw7W30Kf/FnRn+dD5VFb1PSN8tTBNEe4cxTGV9prPJHLGcjg4BCaQJHcaeQcgZ9SpbdEjQ5hBHsoYt9HMPIR+SGbRPHvSVMgHoShaBcWTSwgc8pNbtjKrz/Fqd2+mUY4KcLk5hxUU74z32S8tMBlgG47/suGNjvqY0/cZQW3CgcAfmQD6FHa5j26mPa4H0KbG6S4RCiu/RfS9+1C5WKjk1/ViIDKwl0/s0fDyvf41E2st0mrUDTS6QD9l6wAT2RFphqLY85APEJPgF1VavJ0l8Ta+HP0Q1XnYP15Qjb/AO0X0y8ONNaL5DGNLfD0tf8AfGy9zxvlO2O2VoWusiuSHhc3xS6mtbxF1V8OrrDIB55YWAsJ9lYWn4t9F3JrZDVy0me9RHoH2ByvZ4wBuQD9wqu59K9M3kuNysdLPqILtcYOUcdapdoBoy1Bf7JcX+FQ3SnnfjOlrxlWkZx2yoVZ8G/h/WEGG0uoiM7079GPttsoX/sjvNvB/wBnes6pjCf7qpy9uPtlGtTX+yPhF4+lpZj/ADqaJ/8AzNBVJd/h50beMmssVM7Vx5Bt+yK2yfEm1hjGCguTQNycsP8Aqoj+q77RzeFful6umjacGSNupoP6DZPhrZw/BiZLkyty/s0/DC7B/wD7ulp9Xdj+FmKv+xxYJsSWi9vjxsHy7/tlevU/WlheMPndE7trGAVf0lbSVkYdS1LH7ZwHLRDy2qg+Jso+TLx/ZJ66pnSGhq6GpDf6HnKx10/s/fFC1Fxn6ele1vdm+Qvu4yShuCCQF2Os0DzsyPQhbavqLU1rD5LPzjufR98tJcK23Ssa3YnT3Vc+hfjLgW/sv0xdFZK7Hz8EZPo5gKqrh8NfhzedRqrLSvLuP5Y2/ZbavqWfcwz83vljkYdg+qNE+uj2ZUk+y+77v/Zs+HNx1fL0LKfV/Q1Yu4/2O7JUNcKG+ujeTkEw6sD0+oLfR9R1S/3GW5R/qZ8jtud3pz/fY/NWEHVEjWhtRTh5HcHle9XP+x91PT6fl6uCfb8IIWMvX9nfr2yl3i9OSyAcFq2w89ppvGSnKH9LPPf9pLa9w+YpnN9wp1Pd7O8AwVjo3ehdhCunw26loJi2a2Stb7jhUVTYHUriJmaXd/Zba9fTZymPhPb0a+K61wINBdpfzfkKzpeqOpqduzo5R/iHK8zNK6F2WVMo/wDEpEVbeYcGnqnkDsSnLVQf4sN6ieeD1Km66uMLv/eFuD2//Q2qwh+IFqeQJqeaMn1C8mZ1NeafDZml477qdB1bROYRWUT99zlqJajIa1ViPW6fq2yz/TM5ufVWEFwoarHg1TSecE4XjcV7stS4RsBiJH4tlMgqadnlgrSB2Bfwmq1PoYtdP2exsk/xA/ZEa4leTQ3K5x4MNe/H/NlWND1Nd6aTUZfFHoUeTRDVxf5HpbXlHY4b4KwEfW1SXgTRAN9QrKn62t+wmDmn1V7mzbDU1S9myBLTwniTP4eFRU3U1vnYC2dmPcqVDd6aV2mOdv5lVKWBqtg/xLQVDAcP2TxNCR9W6hxzxu+ogkruQd8gKvkGxWSYHA904DJHuouHYGHJ8ZqGkES/so7MhbCZggbpdiUEVD9g85TxUsd9KDIaWBDbIA5XNJ/p/dP8QHBY8bpwAKmWMUc9kZ0bZBpkAcDyCFCrenLLWRGOpoIng8+UBWukHuu6fdTLKno6bO0Ymq+HNlc5slDPV0kjeHRSY/X1UR3S3VtDLrtl9iqs8tqvJgf82+Vu3R7junNg0jfurjLaZLPFUy/Hg89F16joJTFebMfCG3iwnU0/l/qlH1NY5pBG+bQTx4jcArfyR6hhwyPfdQa+x2y56WV1PTyMbnAcMH8k1aiS6Mc/EyjzF5/yZZtk6buLvmPAjJO2qMgD9kGq6OpSzNE8tdyAVc1fw36fnLZKOSallYMB8bz/ANVBk6N6loNH8M6hbUt/A2oZgn88o46yce2ZbdBJflD/ALFTJYbhEwNe4Pa3cAnYKjuHSduq5TNV0jA52clm2VsZK3rS3RgXHpyKtYdsU5w4e/uk3q2zAtjuFpqKKQ7Fs9Powfv3T4a2Tf3GK3x1dvG3B5rJ0lLQeaxXKpgwdoy/b7KLJP1rQPd8zbaathbydH8z9V67FSdOXN3jQV1I0nkeJjf7LlR0dKTqgn1Mdx3H5J61i9nPu8Jn8DxuTqO0x/zb1aamicOXRjUB/kp9FWdO18bZ7T1KwPHLXhzf816FWdJ1EDS8xRvzz5d1lrp8P+n6iJzqm1GJz8lzo8gZ9dk2GpTZgt8VfX+KyRWNrcaoq+Gdvq05QaqjZVMLa2mZK085Crf9jYrXIHWi+1MIHDHOJb9t0NsvVlBUEymOrh7e4W6NqfJyb9NKt/fFgKzpKkOZKCUxu/peqia1XCiJ/k628khal3UlOMMuFte39R/kVYUk9qrWB0L279iU9WGKdNb/AA4ZgBUEOw7n0R2zxubh5wStlV9M22scXGNoce42Kpa7omthDpKV/isG4B5V/JH2Ilp7YcvkqopnMPlkdj2Kt6PqCpiaGSN8QDjJ3VJJTVNK7RNE9pHsutmaNsj9ULa9CndODwa+nuFurQPEY0P7hwT221weZaGcsdyWg5CyscufMApkN1lpnNLXubjuCmR3J5RcrlJYky5fU19O4ioZrb7BRTXtJOWKTT9QxSta2cNye6PJTUFc3WwtY49wtdViX5GWdSsf2PJUvdT1A2IY5QnCeBx7t9Qp9bZp492bjsQqxxqqU4e0ub+6313RfR5vyGj+STjNBjWRkBsrQcrjYIH+aM4z2yok8jKhuQzS7uooNTTnUxxIWqKTPC+Q8ZsbcC3jfPA7yuJHoVYQVLsAkKmguLXYbKMHupbZYnt1seMeiNxwecnFxLiOrJ2RmT5IVUx+MBEa9zcHJwlgOBeRyBwyEQy6eBnKpGVUrcY2AUxlQSBndQBplhqD8HCg3Ozw17dbCI5PX1RWTtOxPKMXB45VZBTaM0KurszxFWNJZnDXBXlsvMkjgwO25wV2poY62F0Uzc5Gx91SVFDV2stmZl7QcbeismNxtIawvOCQpQkDt1krfe6aQhryWu91ew1XGRsoKsrLTxR6JeKPRR2yggFd1A7KCtrDio9QERrw44UJ0Z2K417mHjKgZYB+k7DOUZjgQMhVsdYBgOClMla8DsgAaySdKYG47pviDjH7oheByhayVygMrMjHqsh1d8OLH1RSOjmiEUxBw8DbK2p0numOb5SlTqUxlN1lElOp4Z8fdefCe9dHPfVub41G52z2jj7rA+JucL7wrrbR3GJ1LX07ZYnAgtK8S+IfwGp5YZbh0toiLMu8Ajn81jv0cfR7HxX1B8uKtT3+z5/PCEZHMII3UytoKu3VD6WthdHLE4tcCMYKiStDguVdRjhHrKr8rMSZSVpxg4+ymiVsgyqFpcx2QptPUlp8yxyqaOjRrM/bMsYy5rgFIa7I3UWORrsY5RS4EZCBpo6ULN3Qdv1A5VnbqpzJRuOOFTtk7YRqWTTICqNlVux5NtSTCQA5VjE7BCzttqAWgE8q6gO2cqHfovUo5LJjiQEcHKhROwQFLaBjOVDfGWRZ9U9JCBwoMUshUkklAZjE4gYyupihQ1wG4QHMBJRihkHKgJGc0DhAlbtyphGUJ7chQW1kgvYMkKBVRbZCtJmHOVFmYCEDMs1kpJocfh/dRgDG8HCt5ogNsKBUR77JNtZks4ZZW64HZriMq+jdqaDnlYZkjop2PBOBytPQXOKQDBwsUoZO147XqX+nJloThSbVdzbqjxMEtPKiOc14BCYRgLPOvJ365yhJSTPUqSuZW07Jm7hwBRJWjYrAdO32SgnEMrz4Lux7LdxTMmjEkbgWnfZZHDB6Gi75o5M11NbgW/NMHOxUTpK7OgqTTSOwM4wVqKuNlRC6F42csDdqOa1VfiRkjB5S9oFicLNx6PX0zKqAuA5GVR26qmt9UYXOw0u2B7qZYLuy4W9oJ8wbg/dMudG2WPUG4LeCOxVJGlWZ5Lxk+sbgYKA//d5g/HlO+FU2ave7/d5nZczYH1V1M3xYcgbhVgbu3IrY3ChrxNGf5M549D6K61acSxnY7lUT2ZL4SOfM37qyt83zFOYHO87NiqChLBYvDJGeIw9spkMmOBhQ6GdxmkpZThwzhSHZYcEKGqEyyDvFiAO6gMe6GZ0Ugxngo9LOM6Ch1uM+KBlKlHcNCvAcAsj1DR4YSB3JWoidrZnKr7vS+LBgNGd0cFtM2qhvg0eayZbLkchbfpW4ian+Xc7cbjKyFVTPZK7ZTrLUmknZg8Hf7JucnFps+KfJvySJWldqSXM/JDZJ4mg45GUWQBzcZwj25OrCW5ZRGppf5Q1DclUV8p2irDmtwraCUNndHjgqJfGf7wCP6U+t4Zk1kVOtowVf/JuzQ7Gl5wVm+qaPwHuc0bP3C1HVcDQIqoAgtd2VPfojWW1tawggN3C9D4uxxsyz5l5/S/NTZXjpGTpMk7rQ2afD9J4ws1EcFW9ulEUofn2Xs4T3dHw7VQynE0smXPDwhVf90X44RYniSMFNnGW7oznJbWWdmlDqYNLhn0ViM4WctDi2rDckD0WiJzkApVh7HRXbq0zHdV07WSmU8k5BU6yVBdSgHfbCN1VTRyUGst8zTnKp+m5nnMZdkLOzTGzFmP2TKlphqw93BOU6QhxDuwSu31A44Q3t1QafVLbN0WkEY8Obgd+6PE8GIMI4UKndoYGEZwpEDtEgclmiMss5JJocQQolwGqLIG6kVRzM4hRpniUFp2wljc8EBpx+SO057KO92l5GO6KyTUM45QCpyyBqQefZVhyHK4lALTn0KqaoYOygix4HCQuGCq+oH84n1Uhjt+UCpIyFH0InPcZ+6n/eDhR4ycBS7mP55Kis4S2c39/5FMSAMIKNPwEFKn2QI1EYMn7IbUSPlXFlPomN4TzvwmN4XVshLCFsekuA5XUwScPCEeEd/wBJUMh+ds/qlWPBaO48+U+TgJg5TnnICHOSegSQ5SXQMJecESy8FjZYRNVgHher9PQCKNhA7LA9J0Ub3Ne5uS52Mr0+gijihG2OwXndfNysaPong9N8VKsZKa7U4bcKc36GqJA0HcqXHtlcK15lhHsqPxydO/CHMQ0ayUTY/koVxnLYDgLRRW5SSCvt2xbKmoklq6oRg5ycAei0EEIgibEOw3VPZIg6Z0z98DZXL36SGgcr2fjtPhpHyz6i8pGpvcBr3OEBY12C84WntdK23WxrseYgH7qgpaM3C5xRH+7iOt3utPKfGq4qGL6TsSvQpNLB8e1t/wAs3Ivel6Iyk1sw+2UTqe5hkZpo37uGNlaMbHbrZoBALW5KxsQmvt6DGbhpwSjOW+ZKRqOhLJ4Ufz8zSSfpytpjIQKCmbSUkcDRjS0Ao+r2VCbWnLJxDm3bjKIozzql8MZ9VYo7RQgzayMhXTeAolNCI2DygKYBnO6VZz0AFYMDCcSACT2XGqnv9xEDRTMfhxGThBFZIV94uslXIYInEMBwcd1d9OWjwWNnlHO+/wDkqWwW75ucSyNyAdls34gaAPTsrb2kOVcxB8Jh3PKFBEQQSNkKLVLUlx4wrAAADA4VAt4ONaAOEGqlJcIWuxnlHcdIJ9FXQuM9SXdm8qFE6naWtGUK410dDAZZHdjhHcQzfssH1ld5Kmr+Up5MCMYcEUew4rJClnkrq11e8EMBOM91k6oTdUX/AEx5+Sojhx7FyvL7UyRWtlJASH1ADQAqqsqY+j+nw3I8WVup4zjKe4ZRpqSfC7KXrrqHwCzp2h2ke0MBaeM9/wDNA6fs/wAtFG148rN3f4nKn6ao57rcZLxW5cXOJZnsFu6aIeI2EDZ2UEmomuU9kFENTxat5MtpxvIQvnn42fEn+P3R9ls07mUEBLSWnAet18bviNF07a3dJ2yXVWTEmSWN30t9PzXzS3VqySd1kus9HofCeO3taq5ceg7RxtsiMbjGy4weUFEWTmXLPV2PPI4uAAwEOR+yUj9lEkkyiRUYZOvkJKQaShtBLgpsbAANlY1radhbgDIRSQAm5DGqLUVXYJE57AUshJ59PCrZ6glKWcuIG6ARncjP5rFbY3wPhEa95fympEYOCu6HeiyNtjByQODlINceAnCFx5VqLC3Ib4vo1ccXvwAFJZAOcIjGAdkxQ5A3kVtLUE6sbI7ac99ipIdhuAUI8puzgB2ZEIBjO36rmkBdyfVJU0DltiSXMhLIRho6kuZCWQqbSLOpJmv2XDKc8IZTx0QIkh5CRIPdLcsECZHqntI9VGc8tXNRyqVmCmskzI9UtvVQhP65XfmPYoldgFRJvitzwiiXAwBlV3jfdP8AHA2KJWfsZHK7LAStJxlEDwRlV3jb4yUQTgjv+qJOL9h/Iyd4icHDKheK1EEwHv8Amr3IJWlg3BaNwkRhQ2TjI3KO2duBkKx0LM8EhoGcoh5CjeOPRP8AmASNlGaoWJEkcJLjXAhdSH2OTyEaMnBRgBhAa4Ao44RDG8nHAJNAzldck3PYKvRpgNa0g5IRRwlgJ6oYLAXWt3zhIDuiMAJCKKIIM2zhd0+yK1oIyQu6G+ikmiHByngDA2SHKIOEI+AHQFwsARvCPql4R9VeR2SOWY7LjmkhSvDHouFg7KZBwuiqqqGOqYYpWZzwe4WfuHT1VSjxIf5jfbkLZsiGd2rvh7eqoxXaGFy2nm5YW7HZc0+61F56dE7zPR4a47lvYrMvikhe6OVpa4bEFMOFqKZ6aW1jEk5JQzDUk5JTJTeBqSSSsmRJyHq9kRETIkkklAcCSSSUBYlZWm4PoahukkNJAKrU8DO2cI4PDAsrjZFxkenMxIxrh3AKRGO6pulbmaiMUU5zJG3Y55C0JYd/dboPKOBdD4pOJEIwcLh4RnnB2Tc5V4EbyOQcrmjvhFwEsBFJYLTxyAI7KXaJ/BqGtcdjsELT7rjRg5RLgux7o4NmdMjMj/NQ3NwSV2hl8SlafRGeNTdk1HNxteGQyBlNR3NOeEPBUDBkZ7pmndHwU3BULDWOufa7vTVYdhmoNd9l7Q15e0P/AKhleHPblvO4XqfRV2dc7IwzHMsH8tx9QO60VSz2c7WV5+8vEl08ri0HMHpJJKFiSSSUIMSSSUINSSSUIJMT0xQgkkklCDFx/wBJXVx/0lQIE/6ikxxyBlJ/1FJn1BV6G+jtYP5BxyqcgjlXUuDGQquoADtlYJFchvRHIbyoNYw8H7Lz/r7/AOekf/0tq9APB+y87+ITgLrDv/wwkXvFbOloP9wg2s7LRAeUH1Cz1p+lX7e32WeBsuX3ZCpLg4XUwyvhiSSSUKEmJ6YoQS6uLpIAGVa7JnBsekozHQukxy5aBnKqrDEGWqPb6jlWTTunJZRy7nmTZLHCed0FuwTycJyRn9g5pCw/dYjr64sbRfJ48z3crYVMwDgF5j1zVa7i2PH0tKVOW3g26KvdamZsFzcAorTkKMTvlPa7Czs77iTqaTwp2SehXqtqqBLRxu2J0heRsdhel9Lyl9A0nfAH+SkOzm6ytY3GhG/5Jw3Q2PznZEGy0HJGzN8pGORhY6viLJ37YC2bztjCzF4aPFJAUG1Pkp38oaLJyhJRqQkkklCxJJJKEPrqGvLzonOl45CmtcHDIK5PQQOGprN1WRurKWpc1/mYvyOf0H6LPT7pafdBjrI5caTuUcOyMlQsi1VHT1LcSsG/dZm6dLwPc4xs0n1C2BGUzw2uBDtwrTIeSV1rfTyOa5hBCZbK6ooJfK4lndpXpFxsUdTlwaDlZG89PSU4MkbSPyT4zwASXCjvNJpcGnUOO4KzdVZ56CbXTE7cLjH1VFJqaXN9cd1cQVUdZGHBw1HkH1RqWSCs/Uz4mNgqidTdsrVUNybVNHhvBCxdZahITJGNJP6JtFW1lrlGppLe/urGp4PSGHLc55T3N1Kitd7pqgNaZME8jPC0NOdg7GQeCqLI7oXKurrbDP5nDDztkLRNDSOFGngacYGFTSIYqst9RRnWDqbnYhNp6+WBwIcQR6LT1FKXcNGPRUlZZy4ukgIBP4Uh9lNZL+z9Xvi0skft+y11PX0ddHlrwS7kFeLyNqqWTJaRhWVsvtVTvDRKRj1KgEqsm/uVs8MunpxlvJaOyqzucHbCsLX1HT1UDGzEB/BUmqooKpupgDD2IR7QXmJRPpmvH2VfU0jXbcKxkkmoZ/Bqmktdw7spDoIZ4w+HGe6pMiZlKq25z5VUVNvezlq201I5gIczZVdRSlw4ymKWQsmLqKQsP0qG+IZwRwtRW2+XORHthVE9C9vbCMvspZISCC0LjZCSA7t7qe+A75bnZQpad2QWhU1kpo1PTnWtfZJGtY4mPbYFetWDq22X+MNZII5w0FzScZ+y+fotTcAjhWFDcJqKVs0Eha5voUidWRexM+jNPugvgDwQBuvPOmviQBinu7Dv/wAbV+2F6BRVsFfCJad+vPosc6muhM4OL4I0tPJCc6cBDZWvid5TgBWulrwQ4ZUWpthkBNOzfkpOC089kmiu0T8MecFXEcrJWgsOVhS50cxbpIc0qyt94cwhr3YwqwyOCZrtRG3KI2UgcKuoLlBMMF2SpokGPZAZ5xwyVT1mPLI/n1U5jmkZDuVTEZ3RYpzERqccKhM68oucg8JKLDUseNjlSGvBUF7WuBySSWQoUJJJJQg9JJJQg9JJJGJEkkkoQSSSSpkY5JJJCLYl3BSHKcoA3gSSSShXY9JJJQESSSShBDlFGA3ZCSyfVQmTjmMJOWg5QTRQuOSXt/5ThHSHKhMkcw1EA8jvEb6HlBbPvpnp3Bp9QrIEYSeGnn/JWFGW0pp7ZbawOD2gZ9Qs9WfD6GaUyU7g1p3BatrJEz+gfohhkrN4zn2JUGxvlHo8zfTdW9PSuEbhVQDhrvRGouqqSof4NwYYJOC17cb+xXort/8AtFOMHbOMqquXStkugd4lMwOd3ARDVdnsqaZsU4EtFUtcOwDsqbDWSU/lnBwO4VHU/Dm4UQNRYbm5kgOfDcTgoBu99s38rqC2mRjeXxb7eqhe5Gyp7jBJgRztdnsSpXjgchZC3XPpe7YdT1Zgl7NLgHD7hWTnXWkAe1zKuDtjnCsrBoGTt/VFB1ArMx32m1iOoLoJPR3Csoa6RzdUcgkb7KAtFi5uc5Oyb8pSn/hgE+6A25RtOJQd+6MJIngOjkzlQB/acbTyxO8sjXN9CdwiiRjPqO5TXAnjKa6Mu7KxZIY4O4RAAMg7e6gNdJEQWlHNWMAOG6BrJQSSNr9iOdlDmtMThqYd1LbO1xAHdGByhI20UrqW4U7h4QyB6p4udXAMVFIXY7sCuSB6obow7YjKgO5MgUt+t05DfF0PP4XbKfDLHMNTHAj7qHV2ihqG4dC0H1A3QY7GwHLKqVv2KhJRS6LfQTwnNVNI3qClwykkZI0cF3KGzqSrp/LcrVM0j6nxtyFBbjgvXZyMFJ2dt1WQ9SWmU48fQT2dspsdbBM0OieHA8FGAFyUslIAngLmRnGVCwi6HuHdNSV7ORe1hPFyckLrZiNgEEHPZP0o8pAYCllPMP5kMZz/AFAIE1ht8u4jiaTzoT3NSa4x8BH/AIAy0Qf9nnxPBpbhNGB2ymvp+paSXMNS2VnurQVDhuQnCrwMYU5B3yfDK9ldd4gBV0Pi+8ad/FYCQZ6WVuPUKybOxwznHsmkxO7B35JZRF/9zzgSFrGk89kD+FBxLqWrww741cKYbRSVDy4s0k+ib/BBAddPVPjPsVCEUuu1GNAj8Vo790orwGnTVQPjPc4UjwLhTkuZUGX/AAuTXzTN3q7c5/8AygFXlkDRV9FMPLUN3R2Oa/6XAj2VU+G0VB1vidG7uMYwuttjy4SUddowNt87fZTLKyXIyAThN1Z2wqZsnUFLMdTWTs7e6f8Axx7BieglY4cjCm5lSjktASDkFPzx7KBDerdK3Lpiw9w4KWyop3gPZMwg8eZUAShI4DbKWvG5aCuCRvou5H9BWiM2gCBcLJY7pn5qz0xJOc6BlVE/w8sL8OpZ6qkeODFJgfotKuhvfKZ8hDFv6Q6poHuFo6hdURjdsdQ8kIYuPVVCPDulhfO7+qEbH3W5AxwU0yygY1n80fzFPgw7OqrfktraGrp3jkOjVhDc7XUNbJS3Fm/bOCFfS0VFVO1VFLG4nYnSq+o6UsE+7acAnnAwq+TJBsFXKwh8c+QfflTG19VnLiqr/ZCOHJpq+dvcAu4+yG61X6nP8us8Qdg4qfIAaBl0qB5SCVIbcYsASgLLg32DHiQBw74Kc65SRtBnp3KfKA1no0+bRVf9ppY5fu0FUN6+Gvw3vpL6zpqk8Q8uawDKDBe6cEamlqmw3ekkGA/c+6bHVWQ/FlOvPbMPeP7MnwovQPg0MtISPwPysHev7FsE2qXprq8NH/c1EIH6EFe+09ZG5xa137qQZSCDzlNr8lqK3mMiKM4v7WfH1+/se/E6gcZLfLQVsY7+LoP7rA3/AOBfxVsRDqno2pmjBwXwfzAPuAv0DbUFuNlJZVANGQt9PntTDhvIzdPH3H5g3Gx3G3PLK+2yw6Dg6maSCojYhy1zgR3yv1Eq46CtiNPX0FPVRu7SsDsfbKx90+C3wovmp9f0RbvEf/xIm+G4fmFvp+oZp/cUptn52vkroseFVOb7ZT4rtdYN/mQ72K+1b5/ZE+Fdzy63S3S1yHvFUl7R/wCErAXj+w9eGB0vTXXFPVtJ8rKmENdj7tO/6Lq0+fhL85Fbj5xZ1RdI8B8URx6BSB1cxgBqqdzweQ1vC9Kvn9kz4xWcl9PaqO4xjg09UNR/8LsFYW8fDX4gdP5F36JukGn6j4Djj9l0q/MVWfjIZCzBHpusLbkgMlZ7EK0peqKU7iuIH2WPkjpSAZcN29EM0tLLjwnrbDXws9muF0o9M9JpOqIMgfxJ32yVbQdRl4wytLvzXkjaDAwHO/VCNPdKeTNPUvA7HJTf5MX0aI6uxdM90i6irNDWhwIHcqezqKsAH0leDQ3fqGkxioc4ehJU+Hru+U7R4zGAeqn8hPo11a6S/M9xp+pGucBO0+6sYr/bnbPeWfdeI0/xOiYGirpt+7mrRWnr6wV50SEggdwp8yOhVq4TPV4bhbpD5K2L7ZUyMslblkgI9l5rBdLDVv0R1TWO7bqxhqHMP+6VhJA28xVxsXs1xui+jebjcu2TydsrF091vMf0uZIP8SsabqWZmG1tOWj+pu+6bvizQnkv3SHOC1d8Qf8AylVkV5op3aBLg++yL8wwvwHIk8hRwyZqBOMLohjfu9uUJriMHCcKgjbSoMwghpmD6HOb9ih4qQcCTYcIgqMn6U8OaRnCVKW0ppMjGSuacCPxGpktVHEMVNC87ctaCpzHAbBKQAkFUrWhEqFIzc9s6DrmmKoip4JHbkF3h5KY3oWKEiazXispgd2llQXMI9MHOQrmtsdpuDNNVQQvd2cW7hVbekIaLM9or6unlznHiZYfbCJXtiJaSC7GOsHVFJl0N0gqh/TJyoj6m802WXKxNlYdswvD8++BwpjpurKAHyRVbG92buH3CC7q9scebjbpqd42LnMwCnwvMluiUuuCvkksdWzz2+SFw2cHxYwo5tVteA6IRuaeAOVf0nUFjuOBHLEXHs7CJPYrFUjxY4pIpT3Y7AP5LZDVSic67x8m+GmYis6HoqqTxHAewWdq+hKmmnJo2SNYfVuy9NmsdVHgRVh09g4ZQCLrTExOja9o785T69fzyzl6rwldjy44/wAHlD7fdaSQxua849CUSl6graN3hyRasbYcF6ROMuzNbQSe6pa/p+mrA5xpw0+w3T3qVM5dvhHDmtso4+obZV/ybrao3Mf+NjcOCj1PSvSl4efkZ3QSHgOOAptZZJYGta2j1NHtuq1v8CEnh13jUpBw5zjsFojesHOs8Y4cWIqrh0D1DQF0lCWVkQ3xG7UQFRVtNeLe0SV9tmjYds6SvU6KmdBF4ljvrJWEZa0uzkeilg3zQRX0UNXE4fS4ArRDUuP5GK3xkZ/gjxltSyYAscGn0UmGsqGDQJDj7r0ms6e6NvMuLjZ5KCcfU9jjGD/5dv2VJL8JZaqR7+nb6yZm+hkrTt7ZGVpqvhLs5l/jraeUinpeoKqBobK3xG+hVvBcLFc2hlQ8QSHs4LNXPprrGwZNytMhjBx4jRqjP2d3VeyqoZDoqpHQS9w4J6uivxZyrFODxOH/AHNZX9MSBxmpnBzMZBHBCopoHMJY9uCNin09yvlsxJb6wTQjfQ46grSk6u6euAFPeqYUk521gbErVVqnB/ccjWaCNudvszske/G6bFK6A5A/daSt6bdKz5u1zx1ETtwGndUFTSyQu0yxlp9wuhDUxs6PG6/w2yW1INTXTcCU8q2gqqeYDS8ArNOYPRPp5jCdk/bxk8/qdFOo1Qa07tKLw0qlpboI8CU5BVjHXRPHlPKBo58o7ew/iOadjwitrCBuEEH07ruM+yDaJwsk+CqjOATglOkcyQbEFQNQbklNbUaTjCspr9EW42wsJqaUe5aP9Ea3XeRgbBUBxI4UuGuiBw/ugTUkNQCQdJzkEKFNF1T1okA0kHKmxz5O+FRUNLLE8Fx2Vm1rhuoLlFIsPF7ELrmNc3chQfFI7IjarB3CgvDHGJzXZA/dIVL27aUdkrHDhd8FhGcBQEdDVk4BUkTB5AzhQHwkYwMLoc9mM7qEyWIkOPqSyPVQm1WeQjCQEZygKCpgb6bZXE/I9UMo7iGL6/8AhjZut6Lw3MZTVTd2zNZufY+oXzJ1x8Pbz0VVmKshLoCSGSt3af8AovtDWFCudrtt3p3UlwhEkbxhzSNiFkt0+7o63jvL3aF7XzH9Hwkxo5wuSeXhe3/Ez4F1FA6W59NMaYANXhY2XiVVDNBKYqiNzHsJa5p2wVzbdNKL6Pe6LX1a2O+t/wDT2KGpkYRg4CsIqjxAMkZKrMYGcJ0EhDsLBZWdmq9w76LcEEgg8osD8OByoULwe6Iw7hJlBs6ldinHMWaCiqyzG+y01HNqY1w3BCwtPPpxnK0tnqyQGZzhLOvotRj7WaWJx2IKmMdtyoEZbjY8ozDg8qHoITTRNyPUJ6itztlGb9IUHCAx3XUklCZH5HqlkeqDkg7uKQdk4yoC5YHrhAwupHhQoEeUJ/CMeUF/ChGRZ2jlRJQcKdIDlRntUM9kclfI0gqFMwuCtJmgDOOFDmaM7IGsmG2OeCqmiI3wu0VV4EgzsFKljDhwoE8encDhInAzbpVPKNTQVzahuxyVOzlYu21skE+ppxjlaSGuEgCyyhk9J4/Xq2GJMluG4wcLR9NXiaGUUkz8sPGVlg4EkkohnLCHMJBWWdeDt6fVyraaZ6j4mvsqi+0Aq6N2Bl7fMFA6e6gbUMbS1L/ONmu9VeuIfss0opHf+WOogpRMd07cX2yt+Xkzocf0W8OmeLI3DhkLC3yi+UqnTNGGv3B9FoOmLoK6l8BzvPGMIMFRbi+SPUNlo60SgEDO601HWMkiaSQcjdV9ZA15wRnIUO2TOjqTRvPclu/ZVg0RkW1XEQ4SMCh09S+kuImcMMlIafurFjsjBHsq26wuEYlaNgd0Iaf6La7jw/CroO3OPRFiqDPE15OcqLaKtlzt7qZ+72DCjUEjqWofSSHg4H2UH1st4XeblSpHNfAWHBzwq5rxnIUmJxIBQGmM8I5TuMJ8N3KPOxskYCjVGRM2YDYIscokAIHKhM7uzE3qk8GocQNt1TRyeHLkHgrZ3uk8WSRoG6wtZG6nnIJxvhFF4ODqYuu031kuHzFKwHdzfKSraVzmw6xysN05XmOQRk7O2P3W0EviU4BPGyd2aqbHKJXhxFcCeCu3Yh2JecDCbVHw3hwCbI/xadwI3T6uGSbynEynVMQltpdjdpys/bZmSW91JI3IIII9Fta2mjqIHQvGQQvPqWVkF0noycf0/kuzo5qDTPEeZh8c3JdMztbTupauSIjAByPsuwSOByCp/U1NIJmTj6SMKrjbgZXrdJZugmfCvNaaVGqnF/5NdQVAdA3jKPKdTcqntkuIGnPCuWSaomvAz7Lcnk89NYB0r/CqQ8rRMcXNDieVmJCS8vG2eFoabL6WNzjvhBYeh8ZPdDAC/N10JaBk5WLtcr6a4FjTsTwt5VRB7dBGQVgq+MwXIhp0lrs/us50ZPbJSNJXOD4dRbuocLy+ENcpUcrail1EcBRINOcHYApE3g1wnnkbC/FQYiMDHKODpKiTOEdST6o5dgN91RtrCzHUATzhQ3O05KO85aobtyfuq7G9kWd+H8cldY/PblDqiPXlNjfgjPZBgCTwHk+k/Yqrqd1ZuI0H7FVlSFPRnt5RFbIWnKFM7WUnHSUIkOeXeqjwYZT2sr7oMBp9VCZwp1z80bfYqCw4CVMzgpeyGizDGEJIwWo5CNR4+UBqPHyrQMiY3hdXG8Lq0wFsc1dXGrqahIx5whnCUudsIWopFnJZx2M7cLuHO3SZ9QRcDGcICARyjQRmWQNxkA7oYfk8Kys8XiVQPokaiW2GTToqndqIwRuLBbtHghjMYAJWyiOAGgYws/YuWn0C0IBBBwvNauzLyfVtDWoQUV6JLDjCO3BHKjMOwCdkrmxW6R2ILEcEokaSMhUFxqhNJ4MZ2B/VWVTUMhjLnHjgeqpIWiataRwTldrQU7p5OD5rW/BVJJl5b6dtNTNBxqd5iVIc7XyOEE4ZgDKLTt8WUR+q9tpqtskz4R5nXS1Fz3FtaWmGJ9UdtWw+y0/S1EKqqFXM3v5fRZ14DoBTs9AFvbNSi12djiPMG5XQeEeWsfLX7IHWFzNLF8rE7L5NgAp3QloEUAq5med2+Ss3QxzdSX8yOaTGx2PbZel0kEdNG2KIYACsyz+3gnnhNXWfSEtPulrgzzWWNccAplKwyT6jsAuSAucAFLpotAyRuUM3gEltbhdCYN07UByUrdkA5UTCmiMmVli99wuJc4nDjz7I96rpamoFLE44HOFbWW1MZD4j25efVFFELOz0bKdmtrcA7BHnmzKYvRGOmKHHAA/dRIxrlEpGwQkJELCw6iMFSQcpgx6Ic1S2BpJPZQAiXSqIe2njdjO7iFIoImxxeJpwFV0kMlXVmR/05yp9dWNgpsN2AULIV/vIo4XMY7fGVj6anEjpLjVnOSSAVKnlkutWXg4a3nKDX4bEKSN3mccYHZNgNi8FdG5tTWSXCfAgpgQ0HjI7rzXqC5y9Y9Sto4Q40tOcO0nYlX3xEvwtdvZZaI5qJhpw075KjdL2WOzWpjpG/wC8TfzJCfdPbWDdT/px345Za01NBb2MhiYNhgdlG6z6ypehunJ6mWNrq+oIjha44w7B2CsPFo7dbpeobz/Lo4MYdnnOf/T9V8rfEXryv646imrKnV8nG5zYIidmt9v0Cx3ywzp+L8fLXWqUvxi+TPXC4117rZK6vndLLI4uLnFC8MAjdcbsNm7I8bc7lYJzbZ7dJRW2PQmRnGU44aDvlJztLcKI6Q5OCVM/oYstnJ5MuwAhN8ycRnlHjj422RDW1FChg4JG6lO0gDB4TQWtYQosk490uc1Er8jlTMQdIHZQJHEhGklzthA7FY7Z7hsY4BHJK7pJ7p2k54RGtORss/YzKQNsJznCK2MDfCIG98LuCooZ5Acxmhq7gLqSNQSBbyJJcyEiRhF0Elk7q90sj1QnZJIBwuZI7kqN4D2BlwkY5CC5xdsNkJ+oY8xS/kJsDl3oUtXug7+pSJx6/qg3/wBgtgbV7pas90DPt+6WsqpNvooNkeoTX4I5GULJ9Usn1U7IdLjuAkCcri6Bnuo3ggTILdzuhHlJJQgkhykkoQKCNGMpgJ3CakqayQ5rciaj/wDKULT7p+n3U2fog/5l39KQqTncJmlL6VbTXKJgO2sPopEdU5wCgkZTi0nuhVsl2Xhlm2fUM5CMx57hU4Lhw5djqpwd35To25DjY4mgZUEc9kdsod+aooqwj6ipMVW0nGVeUaI6lLst2uzjdGae2VXxSBwyCVKY7BBKrKRpruXZMyERn2QGuGMrrJCDjHKmDXCxMkLoHdMbuUcacbq0x6eRALq7p913QVA8j4+6emR75RRHgg4UCSyDDSeyOwHK6GjZG0t9FFyaYLCOBgxuN13Q30XUlYZzQ30TAw53RQO6eAMKEB+G30TPDzyUfRnddEQI2CoJRyQzGM5KrrrZKe4xHADJRuHAf5q6dEc7DKa6IkbKCr6I2RcZI80rKKooZnQzsILTzjYoGML0WstsVbGWSjBxsVi7taZ7a/cam55UPOanRTqjuiitSSSVYOQ5NiSSSVBJtoSSSSheRJJJKEyJJJJNIPSCSSGUtrK6J1trXUVXHOD9J39wvSIZY6qmZPGfK9oK8sGy23Rlf49O+ie4lzN2/ZbKLDleQqz96LhwweVxGezB2CYtaeTjgUk9JWGCSG6ckd1EMaLmzzHw/DVmT2IVDZHkVgZ2ctE8aTsOU6Mco5l2d5GIHohlu/CkkYQ8BECgWj2TNHspGAmYCKMcjcAdOVqeg7h8pWSUZfhk42Hus54ZCkW97qavgqAcBrxlFHhidRFShhHrTe66mQvEkTJRw9oKetCOK1h4EkkkrKEkkkoQSSSShBqSSShBJJLh4UINSTTyuKEEhIhcAcEoWQoEKRDad0pNkxnKmMDAr3EtOSq+f6lPk+j8lXy/UVCEd/CA87o7zlR38qBsTvpP2XmvXT/Gu8e4y2ML0iWTw2l2OAvKL7UfN3qeQE4GwWPUPK2nU8eszySLQCG7rQs4/IKktjQGhXbvpb9kEDVZLLwdSSSTDNLsSSSShQkkklCCRIYH1ErGMGTn1TBsrCwUwqrtExxIaMuRRWQZvEWzawtZHTxMiGzWgH74RWHJwk4NGw7JLTBcHKk8vJLiOQClNuMAoUZOQlOdkx8IBESpcQNRdwvJ+p6tlXdZHR8M8q9Mu04pqV8530jheQVcgmqpZRw5xKz29nV0EcPcMT0xPSGdfsMw5yt50PNI6mkY45xwsGwYytd0JJL8y9gd5TyFIdmHWrFZvWHLURIAAYCYRlaDhegpCz17j5eVfkgNOSqi4eFPTva05LfRUg6s5Mw7cZQ0R53OyGl9m6KbGJJJKBOOBJJJKAn1TZesKapiayodj0OVevjiqmBwIc0jIIXjcDywhzStVZuq5KbRFNq0DbIK/JLjg/oO1k1lRTOpzqgZn81ymr36/Dn27AqTT11NWMHhPacjKjVVBI7LmY37IS1wWLXDGR3T1Qw1s1I7w5QcBWtLWRVAwHbqEJZGVEqqWOoYWPaDlS0i3PKMhjLv01rYXQgFZCejq6CUnS5uDyF62WAgg91U3Oxw1cDtDfNyopEMTQ3QSnwpwM+6lzUsVUwhhGVXXG1T0kztLSNO6h09znpJcuLk0gWekq7e/wARrjjPIV/YurHxHwaskt4wT/ko1PXU9yZ4Ugbkj9VDr7G4gvgOMbhQh6LS3GGoYJGkYd+yl4Dxsdl5Pab9WWqoLJC6RmcFpK9DsnUVJXRtLvLtweVCFo+myOMqHPRem2VbjRK3VG4OCjzjSRkIQjNVlLhxZLGCPVUFZbHxPMkG7eVvJII5G6XNBVNX217CXRg+v3VBKWTLQ1tRSu3JGFp7H1SWu0VDy5n3VLVU8cvle3BVVUUtRSkPgcXD25VlSjk9VEtvusBZqB1D8wqKrtlztBM1M/xoufLyAsna+op6N4EhcN+VubVfYq2MNMrTkYKoVtwMt94oa+MMdI0PGzmu9UWotzZPNBjfdR6/punmD6uh8j+SG8ZVVRXyqtlR8tV5xwC5WL5yTaugkjb5ws/XW3l2D91u4Z6euh1Na05HCg1NtYAcAAeqIZGWFyeeVNC5pPlVfNDoP0rc19saMkN7KjqLW4n6cYR5wEZp8WOyBpe0q5qqLR27eqrnxEHBCmUQGJCMA7q+sXWd1shDad+qMfhyqJzCh6SO6FxTKaTPeemetbRf49LpmwVAAzG5wytM2RzDqb/81fMAmmp3eJTyGOTs4chbjpb4o3O0hlPcwaqnG2onLx+ay2VL0InH9HssjbZUksrGCNx4c0bqkuPT9ZSSF9OzxYj5g4cYUmz3yy9VQa6GZurGcH6sqyE9bb/IMvjH4SchI2YAUnEy8FZNA8AO0kHcLQ0F6wB47tsJ1TR2u7j6BBN6jZUVZZrnbSXs/nRjjG6RKOSmt5s6e5RTtBiRZCZMEbLDWy7uilGHaSNi0rU0l5ilLQ4Df0VOOCpQwTvEljILDhTaStBcGSHHuoOtjxkcLjmB4znhAIlDcaFjg5uRvlcbn1VFFW1NKcA6h6FWlNWsqGB2QCeygh1EtJcByuqC2muxyemJ6gQkkklCD0kkkYkSSSSpkYkkkkIthUkklBYkkklCD0kklCCSSSUIJJJJQgkkklCCyUslJJQg5LACSShBHcYK4GNHAXUlCxNbjhNc1jzlzGkjjIyiNS0+6hNxnLv0J09eZHS1dHoe7cuiOgk+qoD0n1d009z+nL8+qg/DTVXm29Mr0NNczV3Rk+Rnmz+qamFxi606WkpWfT8wwZaT+mysrf8AwC7sElivzoT2bryFsXRgndoP3VLceh+mbm4zVFrijmJyZYhod+yvAUZ57IE1P1PRZLYo6yEfiaN/zQ47u+IhtTTyQO4KK7prqi0R6+n+oH1EbOKarGQB7OTZb3PTNDOp+nZGsOxqKceIzPv6KBNxYSPqAMIInyFYU/UlM4AOjJ98qFFR9J3dgNBVNbIeGA7j/wAJ3UaXpqujd/KLXs7EKgTRMrKSZocx437KRHCx4zkELDv+do36JWvbjupVNd6qnIcx5/VQhr3wAD+WMFAPz0Z3aS1VEHUcwdiRwCtaa9xyAaiCrRTiEFSWgeMCCUaKqhJwHcpMraSU4IG6J8nRTjLos59CoLEXh42x+q7H3QjaGNOYaiRo7DKE6luEZIY5r2+5wrKyTsgfiQXHXnUMgqLqrWH+ZT/nlE+abHgSsOSq4I2jklstsu8lI0n7BQpenKXVmlqaiAchodsFYMrIHnGrCK1wdwqAKL5HqC3vMlDXiRo/DKcgp4v94iyy4WcuePxQDYq+Y0HOQmvYTjkqEK2HqegczMwdE7u1wwQrCK40czA9lQw590J9BS1LSyop2PDu5G/6qvl6eoMYYHNPqCoVtRdtla/dpB+xT3PHqs1LZK6mIlt1e/UPwvOxXPE6kgxlsDx7o2s8l/GmaTxt8YT2z4x5Vm29RyxgMq6GQOHdo2KkxdRUEo5LD/iUFypyXr5GYGAusDX7at1Ww1sEwyyVpz7oviObu1wTQfiLAwZO3Cb4LwMgqF83UDhxT21lQOTlQnxEnTUg7SJ4nqGD+cBj7oQq8fUERtfT5GVXfQDhjoI2si1YdlpR46uBwLfE5QBPRSAAtGU0w0rz5QRlToVKDZIEVK/JIac57Lot0Hb9lGNO4Dyv4Q9NcDsf3VNpC3Bkh8E8e8by4ei5rkO0kId+SG2tqIxokYchdNxDT/MjOD3U3IsT6Shl/vKEE+obhRpbNRyD+Ux0asGVFO8ZDgnB8bhspkop/wCEXFmPlrjsN/OU4HqGAjD45mjkK2EQdwuiN3YFWA+Csbcrgw/z6F+PUBHbeYWnErXMI7cqeAe6C6GB+0kIIVlI5HdaSbZr0cSNeMgghRZLZbnjLWEfZRzaBxDVysHYE5UbeCpLJaYYeAmeCAdsFVot9xhdqhq9YHIcuma7xnPhtePZBvwUWXhEb4TSDgqCy51LCBPSyD7BShXxcOBB+yNS3IsRcQeMpj4IJSTJCCT6opqKcYOVz5indw/CFt5KIT7XROOfCaPyUWTp+nc8uZJpz2Vq8xO4kA/NItbjyP8AzRKWUQopbPVAaInnA3BB5Uf5e+Ux/E4f8y0Wit/4Tsj7JNqKuM4maMfZTdhkKAVlyi/vo3DHupEN+0ACVjiR2VqamB394P2XDBbpjw0fkr+QmMkaO+U0jQ4uwe4JUqK500gDWyDP3UeTp6ikJeyQDPbCiSdNF28Mm6v5CtqLoTh+7SCD7pzZuMNCzctqusB/k1Bx90OKovlJIQ+Bz8I4zyCasVHbCI17HnLmtP3GVkz1M2HAqWPjPBBarCC/W+ZjS+pawn1KbG6UPxYMo56D3jpLo6/6m3fpe11QePNrhCwl2/syfBO7Fx/2SbSF3/yJO+LH2wVvG3KmONMwcfZHjm1DJOxT4a22HTDinE8AuP8AYr6RdMZbL1jd6Ts1kmmVo+42ysheP7G/WdEHyWXqu2V2D5Wz5hcfy3wvrAuPIPCa2bO2Frr8vqYPsL5JR6Z8M3n+z38X7Nq1dJ/O6e9HO2XP2A3/AGWQrukuobTK6G+dL3OlAHmMlG/b9l+i5eBuey783tpwV0KvN3L8h0NTJfkfmsaK0SHT5c+hahDpimleZKeokhJ3Gg4X6G3zoHorqXJvvS1rrdXLpKcF36rFXn+zN8Jrpkx2iooSePlKhzMfbOVth5qLf3MdHVxj2fFkdiulN/NpK10jx2cptPd+q7fglwfj2X0rcf7IkLpPE6b66qqZnaOqjD2j9CFlK/8As1/FO2F5oai23UD6SyQREj3ytlXl4z9m2nWwfTPII+tuoYf7+AnHpsr20/Ey3nTDdD4LuPPt+6tb30Z8Qumm/wDvr4f1r2DP8yKETN/Vv/osRcKS03JxFwt0lO/hzZI9Jafsta8jD0zXHWy/Z61ZLnZbzoLHxkHggq8NFE1obGS33yvnE9Mtpnl1nufgjOW6SQQVeW2/9f2Rvhsu/wA1GdtMuTsta1cu0zZVq/TR7jBHXwuJE4kZ/Q4cfmumrqIzmop8N9Wrzah+L13pGBt3srXsaN5INj+i0du+LHSdcGtqJJYC7Y62cJq1Un2a4aqD7ZqRc6Ru8jnAFSop4pWB0czCD77quguNgupDKOqhna4ZGCMqe2229rMshI27FEtRGT5Hqal0SIiS4YOcorpXt/BlRImSUz/5byW9g7spTKjV9bMo3bHHAw42oBPmGE4zDI8N4907TRTAZaQ70ThRU43GUKmgVhHWO2zsPsh1FFS1jdNRC149xlG+VA2b/mnOoqkNwDj3BU+Vrov7f0UFd0ZY6loxSmF3Z0flIVRJ0RWROcaS+1AZ2EjicLUS0FyY7XBXH/keMhC13enOZKXx/QR8oo6mxdiZ6eub6wZhw6yoNLDHHVNbs1x5wiRdRP0GO5Wyqp5W7Ehmx+y0D79TxBor6Sqp8bHMZOEX5uy1hBbVslP/AMvqmLUfsS9I4/iyiNZbKlgdHWEnu1+xC4yGNrg5jmuB4IKtajp20VbzL4Ayf6ds/ooI6WodWPnKmMHgB3C116iEvZms0016Bv0NwDGD+Sra/py0XJp8eijBfydKuHdO1ZAbT3NpA4L2qA+29UU85bKaWoiHGg7laFel0zNZp+MThky9R8NaMSeLa7hLRn0Hmb+mVAbaOvLI53yU5rI2cB51Bw+x4W3lqamiP+9W+oDT+JjchOiucLm5DiAex2RrVP2c27xtM+V9rMRB17WUcvy3UnS0obw9wh/6q6tVd8P77g0VwNvqO3iO8M/bHH+SvKiG2XOLw6gRvB9SFm6/4X2eqc6ajDopDuCCmx1MZfk8HOs8ddD/AG8SRojTdT26JzKRkNxoXD6cA5H37qoudl6O6la6HqSzGjndxJu0NPuQR7KiPTvW/STCKCrkFOOG41x4/wCXsrSj63aGtp+oLeHtIwZGnf8ATCbDV7OmYbND8ixdHDKKv+CcsWqp6R6ha5h3bDVSZ2WRudjv9E0t6wselxOPmIXeI0+/C9tpILNXxiew13hPO/hl2RlELbwyEx1tJFXQnZzSOFsr10k/uOXqPp+q7GxYPn6moqmmeJ+n7trxv4Tv8lZnqVrg2m6ktBjdx4o3/wBF6dcujeh7tM+dgNBXv31xN8Mgj1Hf9VSV/wAPKwU2IquCtB58c6Tj/m3z+i6NOvgvZ57X/T1tP+2s4MVPZKStZ49qqWPB30k7qmqaOopHaZoy33V3c+kbxaZfEp6aphcN8MGWH7YQW3KZjfAusAdjkkbrpU6/PZ4/X+FcnunDBS5BIUqCcsALcZ+6kT0VLVDXRyBpP4SVXyU9RSuOtpx6roRv3HktX4TEm0iziucocGnj1VpT1VPM0efBWXbUYOHuRWTGMgtKZuR5/VeOlU/tRpnjP0nIQZGuaM4VbDdaiPTn6e6s6W40k7Q12Afuryc91Tg/uRCkmLX5wiRV+k4ceFNqbYKgB1MOVS1dLPRvIlYcDgqm8AqKkaWgucDgA47q1hmjlA0HK8/gqS1w0jhX1vuxBaXHI42QgyqwagQhzSR2UV8UgOpozunxVYd/6IzZByFYhrAFk0jCA5uFMiquNWEGRgPZBkgJGWuwVAGsloJGyAHCe6FrgFSH52n8wOW+ykU9zLiGyA5UF7CaYsHhM1PaeOPdEFU1/HdP8jhsMKETwNEpPIRA7PdDMffCZhyhMZD6vdcBOUEZyn5GMZUJgJIdYAzwvN+v/gvaOsY31luYKe47uJHDz9l6EAR3Tw4A8lKsrVnZo0+os0099fZ8U9U9H3npKukobpTvYWOwCRsQqMMPbdfcHUHTdi6no/krtRRytAIDnjJH5r5u+JHwdu/Skj7jQMFTb3uJDoznwx7rDfo4ro9x43zsLkqr3iZ5rE8tIyVIjl1bEKK9hzjuOyc3LeRlcu2jHB6Oq918oniQ42VvbKzQGkn2Kz0cu+kqbTSuaRgrn2VNHY02q4yeg0VV4kTQTuFYMI+oHlZW01YdHhx3C0MDg5jXA8pZ6rSX/JFFnCUTP7KPEQNiUZvqCjjFezpKawFznYJmn3XcYTVfRTeQTyQuRyEnGEpCmMkGrjhT2WWDDloKY/6SmseMAJqmAsjTyuJJKywMgBQXI70ByEz2EeVgxlV0jcEnKspBkKJMw8AIBFqIEgUKYasqylaTuRyoUjTk7clA1kw3Fa9zoXAtCsKGuLiGnGyjTRhw4URuYnZx+6XOBnrslTNSia2GcOaDqCe6THKz1FXkHS4q0jqQ5o2WadZ6XTaxWxyiZBPJDKJY3YIW6s18iroWRuOJWjBB7rAMeCDspdJXPpJRLEdwsllaO5odZ8Uuzd3ambWUjm4GoDIWXsla+2XARuzku0uC0NDcXVVOx7gMkbqj6hojFMKuIYB32WZxwdid2Y70bfxvEaDj3VVXQFrxURkhwPITbBXtrqJoLgXsGkqZJGHjBGUrBqqnGcFJEu2VhqoMvx4jNnKSSJGljhkHZZ6hldQV5Y44Y/ZaJhGc9kJohLcU1DK+03YsccMedvsrC9QlkjK6Lg8oV6gD4Wzsb5o98+ynU8sVztzQ0csx+agxPDOU83jUzZBw9WER8ocDnCoLVMWeJQv2LCSPsrelmHhGF3JKEdCeSVI4Pjc3G+EKllx/LPZIO04CBl0U3jEbKDU8DrhG4S+J2cFieo6JzJDM0bFbyZ7Z6dzi3jhUFyp21UD2Fu+FF2YdbXvi5IytnmMcvOMLd26bx4Oc4XnYJp53MxjBWp6ZrX6tL3ZGMJq6MOls52Mubg3+TqHKjtfqpi7CnVjdcWlVjSWgs7BNXZotWGCduvN+qKd1Fd/mmM0b5K9GklDXcLF9fUkz4vHYMgjK36aTTyzyvnobtO5x7RUXYGttzZoiDjchZ5pGnlXVirI6ilMDh+HBCop2iOokY07Ales0Nn2JHx36h0/yyWofbXJb255EAOcq6oZtdOGnGyz1slx/JKtbe/Mvh55XXg8nh7Y4kT5GdwrG0ve6Etc7Ok7KvkOlxbhFt1R4c2k7NdsjlFs3eNu2zwXZCw/U0ZgqHzD1W28UOWc6opRLE6QN5SJLB3LXug8Eez1Lail0g7kZXTqZIW98qr6alMTnxOO3ZXNTpBa5ZrU2O0s90FkiVgIPjjsnxzl4aMLtVh9O71UamOoBpO4QdnRgTHEaT9lDO+UZxIyMoJ5UQwh1YO26E1SKsjCiNk3whBmwzSfXhCqGjw8+6O1owcKPMPIceqrJmnPKwU1Q4h33ygNkJOMeqPUbHfsomrBUxk51ssM5XgeCPuqkHDla1Z1xBVXDkufYClkfKcgICNJwEFKnhJDYj1Jp+VGUiDlCgJEocLq4OF1aYCJdhGrhOUlxHKWEAMPCAWEkqQmkDCCSyXgEz6gjAjCC5pycDZJpPqlFf2C6d8rR9N0jHR+KRk53ys5Fl0zYgPqW2t0Qp4I4w3fbKwa2zEDv+Ho/1VYbCyU7BGHBuDwrhzRgEHhQrdH4dO3t3Ux2eMrzF0tzwfSdGvs5OAnVjOyIThqEzlOc/SxBXHnBsnPYskKvkDjg/kn2uCONhlcMvPr2UOYl84JOd1Pp26WDthet8Xp8JM+bfVXklGDSJLzqcFMoxpkEh7KDHyVNiOBgHdeprjg+O6qfyS3Gl6ZpRcLkHvZlsW5Wl6puYpaT5GB2HyDAA5wg9L0QoLeJXMHiSeYkqJSab/1NrDNbKfyagNs8opnJnP7/APBoujrO2ho2zSN/mPGSStM0HIUSGMswPTsprTnGyieTLZLdLIQcBI7pDhdVixMYXPA53U0AAABChb+IhFSJPBWR6iXCrjpYi97gNtvdSidlmK+Z1dWljDlrDpVJZLDWmkdV1RqHNzqOfyWxpoA1gaBjAVbZ6NsMLTjdWkjxEwDG/dM6AAVchMjYWbk8qREwMaBp3UahiJkdO/ck7eynkDGAUsg3IAJJVRcKlsjvAYck+il19UynhfvuqqhhLz8xJnJOQrAJ9M8QwgadJ7lZ3qC4STTfLwu2A3wrW6VjKemeB9R2CoKeF5HiybudvvyoMhj2PgYKWlLnfURkrPdQ3qGw0EtylOZNwwOPdaKqeyKFz3nDGjJJ7BeP3aum6/6g+QpwW26id/NLh5X45P2Ro10VbnmXQ3pq3VF2qJeqbwwvkmefBa45AHqFqaWGW41LYQ3FONpHD19EBkckszKKB+dbsZBzt6rO/GTrSn6K6dbZbe8NrKsA7HcDjUfXO/6KpywjcqpXzjXDlt4/6Hn3x6+JEVwuP+x9kkHyNG0Nn0nZ8m+V49GC/twk5ut2o8lGYABgDCwWTcme802lho6VXD/qJrAOyecAJzBnAKHIUvoalkY9xOVFLck5d+yKZM5GEms8wICBy2miKwsjWtOobKWNIbymhoA4QHd1JTwC/uHSP2OHBQnk6iE4k55K4s85bh8Y4BYK6Ac8Imn2S0+yS4ZYT6Gho9EQABdIwnhzR3RKsW28jdI9EsNTiMAqOSc8q2sFLkISMcoZ5SyfVDLXHshGRiIOJSOTsSnpKDkhq4eE/IXCRhDLksCeVxPJGVzIQEGafdLT7p+QlkKsEGafdN0FPXTpKmCHElzSuqyCPCQ3SXNPuhlHJDiS7od6JaHeiohxJNwVxQg9JJJQh0A5TwRhLy9kMk5RkC5CSGCcow4UIBAcOyWr2RTpwgnkpWEyCJykkugZ7ouEQ6HkIoeQgIqjbIGjrZc+U4wrCluB2EjsqpXGgt5OVTkwlJo1EFWx+DkbqwGkAZOCseypfFjBKn0d2IOJc4VqWTRXqMdmlBTweAq6nropsBrs5U2OTODjlMeGboahExp23KJgKOOEVqs0KbYQbIkedshDHKM05bwozTAIOEkklZqHroBykAcogA22UCEG98LoByngDC7pB7KshJZOAdyN05JLBQlnCAeUi0J67gq0XgjaR2G6i1VLHUN0yxhwPqrHThCMefdXkCcFKLiee3yxyUEhlhaTEd8eip16jU0jJ4zHI0OBWGvto/h1QSwHQ4qYPMeQ0Cp/1F0U6SI9unG3K4q2s5WU+hiSSSm1liSSSVEEkkkmkEkkklECNVx05XmjusWHYDzgqnHdOhdpeHehTqpbWJvgpwaPXXRNc3WNwd0FzcLlonjq7PBLE7OloDvVFfwulFNxyeanHa8Ec7Li67OTsuZPojwQEku6Hei4oiEm1jTWsctKfOMkLMUrtEjXD1WqjaPCafbK0wMuoWOQOCmKQdkwtJ7KzOnkEuafdF0O9EtDvRQIFgJzcDC5jCc0Z2VoqS3rDPSrBXx1dthczctGkqyzkLM9ISMFG+IHcHJWkaVpXRx7VibRw8pJJKxY5JNSUIOSPCakoQaeVxJJQgkkklCDFw8LpI4QCSSd9lCCJOdiuNJTU3T7q0EPATBynZTWfUEWMhjn/QPsVAn4/NT5MBgHsVAn4/NQhEcclCaiOIB3Qm7lUGRrpL4NHLLnhp/yXkwe6erlmP4iVuuvK98FAaeJxa5xxt6LC0LSXA4XPtlmeDtaODUNxoLbGQwZCsuwHooNJ5YRspbXeyKPQ2XYVJNSVihJLmQlkKEOpLmQlkKEyEAycLS9IUzNM1YR5mnQPb3WZjzK8RtG5W9tdG2ioY4gMEjU73KbDkx3zUVtJWTqRhwgDlSWcLRFHOxgcO6DPLkhG1BoJKhPOuUlSefRCk6uqfBtb2g7kYXlzhk59Vs+uq53jila44zkhZBqz2M7mlhtrTBpJJJTNgRq1/Qf/bH/AGWQatf0H/2x/wBlIdmXV/7bPQ0klzIWg4Yph5TvthYfp+8OrZKynld5vEcWraVzxHSyvPZjj+y8UsN4dTdTSRF+GSzHHtul2SxwbNJQ7cv9G3rW6ZCGgBRVNrC18zi3hQjygX7HQQkkLPql+SrcWFSQyupkAT6YvfRGxmtJaAP+G5ZB3i0kroZ2FrgcEHZexbeiqb505br1D/OZ4czd2yNG+ff1X5LZ/QLcYe23uekILDkDgZW2svUlLcgInu0SAfiPKwl2sFfaH/zY3GLPleBsVHpakxnU07jfZBKOA08nqtTQxVTd2j2KpZ6aaiflhcAFW2frGeEtgrRqZxla6OejuMOuItfnkeirASeCBQXQucIqh32KuWvDhtuqGstrWkyQ5BHZAirp6N4w53vlEWaJc8MhAprjFOASQHfplTwWuAwEABW1dupqtumWJpz3xusXfOmWwOL2MOOxC9DLACCEpIY5GFj42uHoUakQ8WdFLRS6mZGCrKkvJOmOQ49Vr7x0uXgyNiBz2wsZdLDJEcsaQR2RqWSE6a30lwZraAHf1N2KqZG1lqnzG9wAO2+yDQ3CpoJtDnHGcYKvqetprgzw5mNJx+qIhZdP9aFhEdUeO62lHcKO5N8jmk4XlVyszdJmpSQW7kBds/U09pe1kuctKhD1qSBoHlCjPj7EKstHV9HXNa10gyexWhbHBUs1ROac+6hCirLLBUAua0Nf7LM1tDNTvdFI0jHfGy3slO9nH7qLUwNlaWvjaQfUKF5R53LRtfy0HP7IEElXbZ3eGXNA432K09yskkTvEp8Obzj0VTJCHbPG4ULL+x9VxOY0TOw7ggnlXVbRWu9w5dG0OIODjdefvt5Hngbjuplv6guFtk0ynxGcYPZRguHsmPpLvZnkNc4xg5aR6K3tl6E4DJ9OeN1No62lu1KNwQ4cdwqO6WKaKUyU5IHIIS28A4waYRxysOGN49FS1lrYdWNlXUV2r6CQRzklvAytDSXCmrgGu06vVU5ZKMjX21rDjlU1VbQzzAL0aqt8EgOW/nhUlXao4zkDOUeWEmYOenMZxpUZ8Zxha6rt0RONA/VU1bbZYBrABae4RFlC+NwO4wnNAUp0YJ2CE6MgcK0kymgtBcqy2TCahqnxPBz5HYyvTul/i017WUN6j348Q8fmV5KWEHlEJGkgnlVKtPoW4H0xCKO4wNqqOQEOGoFpylFUVELvCf5m++6+erD1Ze+mpvEt9W8MJ3jc7LT+S9Y6T+Jtq6gc2hubW01URs4jDHH7rLbQwMGguFmo67+Y1vhSf1M2VLLBd7U7VJE6SEcObuVqXwPOHQnI7HOycycAeDMzI4IcNkiVbRTRWWi+xyERyvP2J3Wgp6kuxtkdlRXDp6jrB4tKfBk522CqmVd5ssmmYOkiHflKccApZ7NyXB/ZJzHNw5hx9iqa1X6kuP8ALjf/ADANweVbteTsTlVhgSgvROp7oYgI6hpP+IKdHURzDVG7KphgjBGUo5ZITlhwqM0q8miBynqoguXAl57KwiqBINkAtxwHSXAfZdUBEkkkoJHpJJImRiTk1OQi2JJJJQoekkkoAPSSSUIJJJJQgkkklCCSSSUIOSSSUIJJJJQgkkklCCSSSUIJJJJQmB+MpYwkkjIJcI2AzsF1JQnRTVvR1iuLnSS0hhe/cvgOh2fuops/U1ma7+E3Q10Q+mKq3ePbK0bDnKL7qwHbhmQ/2nDGuZ1JZZYdOz3tjyB75UlrOnrrAPkZoyXcAO8w+4Wlcxj/AK2Nd9xlUdd0ZZ6yQzwNfRzH8cJ07+uFC4zyVlR0ydOqI6iOyrn0ldRHIa4tHZS6u09Z2Ql9vuMdygb+GXZ+FGHWMQc2G9WyqopOHOdHlmfupgapo4y5SQODpmOwf2VpBe3uA0VAx6ei4x9ruEQEFRTzFwzpDhlBms8LwNAMZ9lCngtqW5yvcMzA5VkysyAeVjzbKunHiQT5cOy6ypulM7Vgn2yoTabNlZnloSJikwC0LJM6hw4Coc5h9MKyhvVDIABMcqdinAuXUVJKPpA+xQRZo85iqpm/+JAgrmPOWO4UxlVgZIUK2sBJbqyNuYqlzyOxKR/iUUQJg1gKUKwdwjCticNOTuqAllFZ87Kz+9gcF0XCEnDmub+SsiYpPQ/cIUlHGeWj9FAVnsitq4Dw/dEa9rwcHP5pxt0B7fsmG1s/DK5v2Uf6DU8djSxjxhzQQo81qoZPqp2b+ykSW6qDcwS8evdRpIro04/0RoPOSG7p6Fry6CV7M9tRSFqrWY0Vx24ySpbfnGH+cM4CGaxx20nZWWQz/G6Z5YHFw9UZl2uEQHi0/HdG+fJxnsiNr294w78kfYSSYBvUMbTioYQVLirqOdoe2Vo9fZMeLXP55IGhx52QxSWzPlbj7KkgXWmWUMtO/wD4rQjatYxHID9iqc0G/wDIqdI9/wDJC8K7U78RODh2IVSjkB1ov2OnYchxP5opqagc4VAy4XSmIdUwameykMvjC4CSNzQe+EElkW6y8bUhw87R904ugk8rg059lWR3Klf/AMVoKf48UrvK8YHogaaEOvJYCkpyMtC46KX8KiCd2wilOQiNrJwPNuiyyfGwhbVsOoyBPbW1LdnsGEMVg7p/zVO7k/sq3iZQyHFawbSbFFbPSyEYkwoJNK8bnKb4dL2yjTbK2Fpogfg5B9MFcFMTnDlBEWkHS8pjpq9hHhPdsmZA2MsXUz8fVhCPiMONO3qgxVtfGcysDh6FEF1A5hwgBlB+h4J7t5TfCYNi0LrLlA/YtA+4RGmmkbqLgfsd1MlYY1tPTuH0BMNHAfwo/htGCx2Qn6PdWXghmhjzkApCleDlrsKVken7ruP8JUKwQx85EcDBC66R+AZWKaWhu5OE12jnlQmCHmkd5ZG8ey4aWikHkcf1Uosa4Y0hC+QgzkuLVCsEb5GQbRTnCaXXGndho1t9lLMJ4il0/uhkVkbt9L2qESBm6SRkCakk9zhO/idC4eaQtPuEUTO4fFkd8pj46CoZofE0H2CMmcC8C31LcviikB4OAVCqOnbRUNIMLW57tCMKCFnmp5HMI9Dymviq+WOLvbIQ7mRc9FRP0VSvOqmuFREfRryoj7J1fRxFtFcoJ9P0tmHIV86smpcGogeR6gLrL1QPIbrId6EIozbCakuzMfxPru3fza2xsq2caac+ZNZ8Q207iLv01dKP1cWagFsWV0UpDWvByCeU57GPb52Bw9wmOWAmk+0Zmm+IvSVb/wDZVlPjb+f5cn0VvSXm017/AA6K4wSvxnS12+EOt6dsteSamgie7GMlozhUFV8O+mZ3Eupns3/AcI/kIo5Nk0jjOSETBIXnz+gjDgWvqG5Uun6NMxwEyWz/ABDpMfL9RmqHbxWgK1LJPjR6ABjfOUxzyTjCxEdz+I9C4Ontltq2AYIY/Q4/mVz/AG4vsD//AHj0fVhnd0L2vATYzcS9mDckAjBKh1tqtdwiNPX2ykqY3ctliDlnWdeUTsfMWu4Qf88SmRdZWN7ceM4E9iDlOjqJQ6DTkuimvPwP+GF7DvmOl6en1d6XMWP0WVr/AOzD0W4NFnuNbQaeNTvEH5g4XpDOqbPkZncFNhvtqqB/KqWkn1KYtfcvY2N9kPZ883r+zB1Cwv8A4NfqWsA4EkJiz+5WGvfwD69oCWVNgbUDP1wecfrhfYzamF/0Pbv7pBhIzjOVpq8rbF8h/wAyafKyfAVd0zXWSR1NNFW0MzTy5paMotNf+qbWNNNeHvB7SnUvvKqt1HcITBW0rJozy1zQVkL18FfhtetTqrpuGOR/MkB8N36hb6vMzX5GmHkGveD5etnxUv1GwMq6WnqdsOzsVf0Pxc6elJFXFLA8bOaRnC3t+/so2yoMk1g6hkhycsgmG49tWd/0Xm3Un9nH4gWjLoKRldjhsf1YXSo8pXPtm2ryL/eTZ0XVfTFa1skVwj83YnBV1BV0dQ0GKoBGMhfOtw6c6m6dJbcbbNBpO+3CHT9RXa2nVBUTRE98nBXQhqa5riRtr1qfZ9MNjc7GOO2U9mWDcleEWj4rdQ0bmiWdkoH9QWst3xigdIBXU7iDzoCY7UzXDUwfs9ML2uPCRJByDhZq3fELpm4lrRVeE939ey0VNW0NW0Gmqo3k9g5FGWRjti+g7qeOoBbKxrgf6hlQJum7TKSHUrcnu3y/5KzaMDOV04PdH8izgco5KF/RlO3zUFzq4PQa9Q/fKjVljv8ATRiSCdlWRy3g4Wmbn1RDIWcI42Y7BcDDfxK5UgHzdqqGM/q05GUqbqe0v2fN4bhtghbZ0viDS4B333VZW9NWO5M/3m3Q6/6mtxlM+Qm1oroLhS1jR4LxI0/mifKU0o89LGc+rAq6s+HELneJbL1V0T+djqb9sZCp/wCDfEezML6UsuMLc4y76h/oUaufQqcVLtGrbZLXLvJRRb92jCjv6bb4n+7VpY3s1xzhZdnXtTbz4V4tVRTTj6m8j7hXlu6ws9zaPlq5niHljjghMUt3IuNMf6VglTUFyogBO4VMQ/oOT+ih11n6duw0VVudFI7hxGnKvKesDgD69x3Uh8lNM3w5oWuHuOExWSiBZpYWfkjzyp+H7qdxmsVW+Jw3DS7ZNgr+qenneHcGOqIhycZ2XoDqeFuDT5Y73OxTS0u/vI8ke2U2Gqa/JmG3x9b5ijLUl2sN0cDLDEybuHgA5RJbG5z/ABKSr0tPYnIU64dJWi5OMoiMM39Ue26qKiy9SWjDqKT5qAdidwFohqovowW+O3cSQGop7lSO81E6oZ6xtzsqatt3TN3JZcKLwZjyQMEH3C1FPfJoC1tUxzNQByEeoobTemedjBIfxNGCuhRr2uDja3w0LV0eV3X4aibVNYa1smNwzO6yVZQ3u0OMV1oH+GDjVjK9qq+lK6gHjWqqId6g8qBV1EgZ8tfreHjgyaeV1aPJY7Z5LyH0vG38Vg8Vc2jmccNLCUM0kzXao3NI7L1K4dBWi7NdNa5RG8/gKxd06Wu1pe4SROcwdwNsLrU6+FnbPC+R+nZUN5izPltQCBLwnMe2N2S7SUXBLiHfmuBtO84+orYrzzep8NGyO1InUN1qIcYky0K1bcKS4xeFUkF2CAfRZ90QA8uwQtbGbPdpKcrUeT1XiZ052+i0qrIGjXTHUPsgQxPpnDWMfdPo7zNCwRF+oKzc2luUWjbUe/ujUk+jkSjZHiY6hrDsAQcK2gqNeOFl6ilq7dMMZLR+6l0N7p3vDXAtPuVeTPOBpw/UFwkg5yosMxcBtspIkBVi8Dy8j3XPDhedRaA5dBaeUtIUKEW6eEZsxbgYyhZC44gjlQDCJrJWnuE9ukqrJc12xRmVRAAKmBeCdpb2KZjCE2XVuEQSDhQtHNJ9FwklP1g7YSLRjKJxJnAIknkpuiF20rCfscJxGCuIHDci8tPK7PHPiJ8FKWvMt46ab4cuS6SLHIXhddbqm3VUlJWROjkY4gghfa2wzg7rJdZ/D2y9XUjxPCI6oDMcgHDlku0u5cHofHecnS1Xfyv2fJgwPxBFjeWq86v6DvPSVc6Kup3+DqIZLjZyzzcAnBz7Lk2aZ5Pc6XVxsip1vKL23VWkDBBJWvoqoGOMbLzqnqTG8LRWy4EhuSVhlTg9P4zyEN+GbWN+rgqQDtuVUUVZkDO5Vg2QEZzhKcWj1MJ5SkSfFPokXkjGEIO34R8jR9P7oMMcnkA45TScEFPeN0KThQpy2hops7FHb5hlVsTyHgFWUbgWBTJam32JJd0+6Wn3RZGZBSjhRn8KbIAQozx6IQGiMeVHeAQpZBygyAkKCZLJXzNAPChPAVlK0lQJBhAY7UQZR6KFMzPCspQCTlQ3tJQNZMFhBbKYXZCsaWt14Bxsq+obncBR4pjE/BCVKGQadV/HfZqop9Q5G6K155VHR1mVZRThwWOyDR6XS6pSipF5bbrNQzAl5cw8tytdHLT3Glxs5rhx6Lz5j/blXNjuron+E52AN/us8oHe0urz9k2TbRPJZ7u6lkPkecD/AEWv8fIzp2Kyd5i8drKyEYczckd1Psle6pi8GV2XN4KQ4nXpmo8FhcG+NHrZs6M5VpaqsVFO3J8zRgqqedPPdct1R8rWiPhj0vDN8JpGle0SsLHDOQqu3VDrbWupXnyvOW5Vh4rWnGVWX2E6I6uIbtO6g2TDXVpo6qOtiHldz9lMjly6OZu7T/qhMDbjaxndwb+hUO3yukp5KWQYLTgKnHHRcJF4XB2CEyofriLQMKPSTaGCI8hSNQOCUJpUmx9NL4lKYzyq57C17mOHsjxS+DWFjvoeMfmnXFmD4jecKAze9YZhr9TGmrAWjAecotiq/BqWtJxnZW17o21tD4jQC+PcLK0tQI5wXggtKdGOTh2N035R6e7zR59QqyUBpcM90a1VwqKRuTkjb8lHrNp3Y7o4x/ZtsfyQyiFM/Q7hVF/hfW297GYy0Z/JWcjsnKiyu1xvjxyMLZU9rOLravmg4M8yszhSVklNKMOyQnXilEcvjtGzufunXCP5O8Pe8bF2FLneyppHFw4Gy7/j7G5I+U+Wp3QnX+ipo5NFQPdW7HmGZj2qgJ0ODh2VxDIHRskG+y9LVJHza+GHkunTawH6UmPAdqIQqciakPqk45Ax2T28iqZ/HZkvKeTUwOBzkKNeIjNSuATLZU+QtI3Rqh22nnKyzR3q7fkjkwtLO6muHhYwtFNqeAs5dQIbiJAMYK0FM8yQMc7nCU1k06WeJ7RacjBOQocLw2ZzcYG6sCdsqskaQ8nHJWfODq9B3vyc7boT3jumB+DhMmcTggKZJvOTHLSfZQAcOUx30n7KvmOk5U7Acsktsxa0DCY85Bygwya/KeU6YkYUAUtxXV4wSAq4clWNUQ7Krn/UhRytTncOlb5Duqp486snnLfyKr5Bv+aC5YKgL8OSeyjnkqQTkHZRzysk3gelgI1SIeQo7VIZ2wriLk8EscLqEOUQcLQnwIsZ1JJJGAJJJJU3gacIHKF3P3RTwhHukyeEUlksbPEyWtbrbnG629riZJVRtcNs5wszYKdjRrcPMSttZIGO/mEZOVydbPMD2nhKftRpIQGtAAwOye5NBGnGey6xecz9x7albEdCj1ROnSCpDsAFQah2TgFatPDdNCtXeoVtg4Y9cupx2G6mtUalaQ4/ZTImc5C914+nbWpHxL6q1jtu2xYRhxuVb9P0bq+5RRFhdG3zOVFI5wOAt/0LQyQQfOSN24BPquqv2eH1UtlZe3md1HQOigwx72lrfZWfSVoZbbeyV4zNMNRd91SUkb7zeHNmGWxHYdltWgMDWN2DRgJc54OS3nkksAznCMAMDShM7Ig4QqWBLDLrRkpoOUSM8HCLJXZIj+nC67bdNBTZniOMvPZADtyyBfbj8rSkN+uTyhRbDQPz4rs5fuq4yPvF03/uYTj7lbG2UoawHTgDYfZWFKOCbAzSBwEKaUunLBuB3RZJAwaR3QIGa3F5HKYCS4meUHCc54HJXB5WkdwoFXOWMLh2SiEC4PNTVCNu+CjOlbTxhuAAAhQANLpnjzHhRa2fxMxg4VkI1TIayoyB5R6p+jYLkbQ1uAFXdR3qGxWuStnl8Ng5KNcBwi5PCMX8UOpJ45Yel7VIRV1bDqLeWgnH/VVlFborBbYLRR48d7QZD+Jzu+/oq7pSlnq31XX/AFBN5p2k08bvwN7LSdPUzauV3UNYD4MeSB/oEE57TqbNkVGP/wC7GXC42zoexz325yjxI2jYnfJzgYXyf1P1Dcup7tLdLpUumlkcSCeAPQLY/Gj4hv6tv7qOgn1W6mf/ACwBgOXnIyXZys1ljfR67w2ielgr5/m//II1FaPRMYMBGBAG/dJz7OzOe8br0Z25UeWTH5osgAyogyXKlLIVZwgkjAUiMYGCuMYAMkbpSY04CXYNHEjHKjvOxXXE77ppSJPAC4BO3ckAcpw5R9LdGcboBqfAED1XcBdPK4dlCzuChaneqIZRxpQjJtwpKW0g9zhghBJG6a6Q7oJm3OyW7A9mQ5l9lwyejUDUuZPqg+QtLAbxfZIy7cIGEsBA7Bg8vceFwl3BK6uOQKTbIcDyUslNanYKaiCyUslJIcqEFgroJyigDShYOcqEHjhdXBwuqEEknpKEOYCWAupKEB4CajJihBiSSWVCDclJJJQghyn/AIUxLJUIdJOeVxJIcqEHHhMG6KOEzT7oZRyQ4kkkqIdZ9QRgRhASyfUqmiB8j1CWW+oQMn1SyfVTABPgqXRDA7K+t90hnAjd5XAd+6yzCBnKOyYxO1N5Uy0OrscWbdrtvVGa72WatF51PEVQ7HoVooXteNXZGdXT256JQOUSMYJQm49cozOUZvhIMOE9MHCeojUnlBcBPTF0nKsckFSwUhyjDThD2EkDT9PsugIjWghXgJLIIcohAIzhd8P3T1YxQyAI1cBMLfZSfo4bymaM74VYLcOCK5gVVe7c2to3DIDm7glXbm+6C5o2yVaeDDqdPG+GyXR5bLCQdLgRp23TDGQM5Wg6pohQ1fjsb/Ll3HsfRUBlH9KZFpnjNVV/GtcEBOyS6eVxTAhcjEk9JCGMST0lCCSSSUIJJJJQCT9HofQVVDPQy0ucPbvj1V7M3zY9Fieg6jw7k6H+pq3M2xK62nlvrR5vVr47miMWg8hc0N9E48pJmBClkDgJqkIKEMczn81q4N4Wf8oWWAOVqKf+4jz/AEhaKzNqBy5gImCuJxlGYCWAupKiDC3C5p90RJTBC/6PkIlmZ7Ba1hwsV0u/w7iQfxNW1ByjRzr197OpJJIxAkkklARJJJKEGJJJKEEuHhdJHCCScncqEE5xyQDshpyaoQ61L6kmrgOEyIQwpRfUuEjhKMgHdWGOqSQR9lXzEZ5Uuc5/RV0hOeUJBkrTtjdNwGjJdwi4zsqbqKtFBbZJc4cQQEqyW1D6ofJNRMF1ZcH19zcxr8sYdICj22MahhQHF0shkJy5xyry20umLfk7rC+ZZPQuPxVqKLCFoawAIrUIDCI0hNRnbyOSyPVcJGEMn3UIPyUslMSUIPyUslMSaC5xAVlSe1ZLTp+jfVXJhGNLNyt9qGANQVBYqOOhoxI8fzZBqJ9ArBkxccjj7p8FhHK1C3SyTRyjtcAFGYctTgTlOMo+V2nb1UUnDS8lKeXL9PooV3rPlLdNJqAOMDKGXQ2qve8HnvU1W6ousmr8Oyqj9JSlkdLI6R7i4uJOSkfpKzS7O9XHbBIEeU5NPKchl0NCDYErZfD9hfO6UjGVjmcrfdDQGOmc7GMqodmTWy21m1JGDuFGDiCuEn1SWg4a7IfUFT8tY6uYndrCvAaWoP8AF2vP4pCc/mvZ/iFUmn6aqAPxjC8QpT/v9OcckLPZ2d3xkc1yketh5cxpccnSEE8pkZPhs37D/JORLoVKChLCGg4SJymJISgqSEkj6KwfZuR6hLPuoAqDnhGZMDjdfkw/oBglvip6hhiqohLGRwVj770KI2yV1keD3MLjg/ktayQIjXDKhSWDyD/eIiWVERjeNi07EKytd2rKB2qGVwHplb+8dP229waZWCOYHyyNGD+awl36Wulmfq0+NAP+JHuMKYJk1dr6mpq0COraGP41Dup80EEwJ0gg915nDUE8dlf2nqd1KRFUgubxkKxpfSwPp3aonOx6eilW+6yRSeFP9J23K7S1tPWsDmEbjjKFU0D8a2AY9EBDQU8rJzsQUXTg8rIx1tRSyAayMK8o7tHUNa2SXdUDJZLXwfEABP6qpuvT4qMvaBlW8TgRqa7ZHG/CsXymeV3npxshczT4bxwcLMVVFXWt2XA6RwQvcqu101c3ErAD6gLLXTp10bnRmLWz3GRhGnkLJgbZfQ+QQVLtjwVZVFuo61hIa3J7hRLz0sIcz07S08kDsqSO6Vttk0OJIHqmRSZYd0dbZao4BLAcg+y13TvXDIS2Ocn9VR0t1pLozw59IOMbqHX2QxZnpDnvsUYEpYPY6G+U9bG1xAIKmyUzJBlgyCvD7T1fV2uXwpw8NB78L0bp3rSmqCPEcdxwoCm3yaCalLcghVdbZ6eYE6Ax3qFo454KyMHAwhzUWQdByPRVgJTwzCS0UtM4teAR2IUV9LHJkFgOVs6igIJJYD+Sqamg8NxlYzHqEMuhymmZgRV9A7xKWQgA5wtNaOoqeshbDV4bINjlRnxA48qgVVnL3Gandpee3Czy5LaTL+426lrI8x4Gd8hZ6WCpoZNILhp4KLbrhX0DzHOC5nuMq/jdS3GLJa0kjhUngFrBWW6+S6xDUbj1KvWPY9oe0NcD7KlrrCfrp3YI3CjQV1TTjwZGnLTwSjbyRxyi5q7fSz76Q13qFWVdtja0txkH1VhSVTZmBwdk9x6KU6ETgDhWAlhmHrrMT/dRhv2VLU258fLcL0aoogM6QqestzXA5ABV5DzkwklM5p+kqNJERw391rp7Vzhnb1VVUW1zT9OPzTYywXhYKQj1S0+inPpHAHb91DMDmnjKOUVIBpGl6c+It96ac2IzvqacbCOQ50j2XrvTHxA6e6rjELyKeox9D9jlfPU0RcQQhiSeB2qJ2D6pUqdyEyjk+qX0bmjxIJNTTxuhuY2UeHPGCPcLxbpX4wXWzujpr1iqpG7AY8zR916/ZOpLH1RTeNa6lr3ABzoyfM1ZZ0NATT9ESv6WEg+Ytkoik5y3ZQor7eLO8QXOndIwbawN1pDFLE7MZIPOCu+MyQaKmEE8ZIWdwwVn9jbXeqK5jEMgD+7TyrJZS4dLsLzVWuV0UnI0uwg0/UV1sZEV9pnyQ8CRoyfzSnBsF18ZNgRlGjqZYsaDwq233akuLBJTytIdwM7j7qahccCXHJYwXPO0ynsqY5PodlZ8DJRGPlhwWOwhEzrNADldVTT3EjaYqfHUxPHlcqESg2SkkzOUleRbWB6SS6BnuqFM6kmpKECpJJKAD0kklCCSSSUIJJJJQgkkksFQghyiDhMAOU8cKEGpJJKEEkkkoQSSSShB6SSShBJJJKEEkkkoDKW0ekkkjFN5EkkkhayRM4RnuhTUNLV4bVwMlZ3DhlGXWqi9zMxX/D+xVUhmphLRvccl0Dsf+irJOnOr7Vl1urm1sDOGzHzYW7XclTeRXHnzOoKykd4V6tU1M4bagMtP5qwor1Z6vZtQ0k7YJWvqIY5frY12QRuMqjuXRlirm/8AZfAeeTFtkqDlYn2QpKSindraxrs90KW20xGGxhvuAoU3RNwomltDdJnDkBxOyG5vVFBGPEpxM1u2poyUwiaJMltrAQ6mmxgcJB99phq0+MB2CDH1AY9Laulkid3ODhTYr9b3s2qMZ9VA1gFH1BOTpqoXQnP9KnQXVuw8UEfZdD6acavI8H7FNdS0bv8AhAKiShknR3OMtwHI8Nac/wB9n2VMaJ7DmCbAPYpgFVG7D2ah7KAuCNPFUtcOc5Rw5p7hUVFOHAZfjHIJ4VpC7I2OfzVsTKGSd4jD9LgSmky9sOQAMcLoJzyq3+ijrw7GJGbILore7yvbhSw7bducrmiF4w6NGuSZK59soH7xO0lBNoe/JjcMfqrY0MP4QQUN1HUAfyX4+6PKIp4Kp1qnQJKKcHGCMd1bmOuidlxDh6Lhnn/FBwr3INTyVPgVWnAfwutkrYiDp1D7q0ZUEnD4C0AZzhOxCfOMKtyL3orRVSH62J3iUUuzxkn2U0siPLRj7oZo6Vw3j3KohG+SopN2gAfdMNsYGgRVDxjjBUs2tvMZI9kH5SdpyyXThC8AtIAKa5U5/lSkj3C781cYwPFGoBS9VZEAS8OThUnGXwb+3dQHaiILi/Pnbj1Uhl2g0gFuFx0lO76mAH0ISEVO8bNZv7IBcopDmV8T3YY8AlE+aPaQKMLVT69bX4z2C6bX/TNhMAcSUKyYcShE/iEgH1k/ZVht9c0kNeCOxTWwV0btwCPumFfHktxdH98rrKuNzvMOfVVmJu4SIlG+VC3WXXjUxGNI3TMxtP8ALcAqYzSDsn/MvPf9lWBbrLfxn6siX90QVMoH94VUCd/9ZRBU52KgHxosfHeTnMmV0T1R+moI/JQW1Adtkp2o+qsnxkgVN1jkzrbKz0Kd/Fq9hzJQ5H+FBZLKBjJwE9taRkHOVQLgkGHUQbgS0cjfyRP9oLe8APkLM+qivn1ctTfBo5P72ID8lMlbMk9t1oHHy1UefTKMKhsgy1wI9iqd1stb+GY9wm/welx/KqJ2/ZyDIOwu9j3Q/BzuBj3wqY22pYcwV8gI41FNLupIhiOenkA9OVCbC6MZaccLhimaAWTafyVGLpfqU6quiEzfRi6er4o9p7XWM9fJkKE2FwXVX0ua2VvoQo81PHNs+jb+gVe3reyAgSPkhz2kbhSoeqLDUf3dxj/VTJYGps8UwzCZIX86mlRW2u90wHy1wdJj8MgytBHLFKwSRSNc08EFPbvuN0bZFIzYf1TTPL30bJ2ejTumf7RSRHFXZq2PHJ0ZC1RzxkhBLC76nZ+6mQk/7FBF1Bbn4L3Pg9pRhTI7pQVWGw1kbiPRynz26hq4zFU0sb2n1aFWv6Ssz/7qF0B9Y3EFMXBYdwyQRv8AZdI7Z4VdP0k+EeJb7vWRydtb9QQI7f1fASRUUk/u/IJ+6tTJlei1fDHJ9bGu+7coLrZT/VHQwk+ugKL81fqTBr7a2QdjAc/qpDOoYI24lppmfkjyU3gJEyCnOJ7RTOb/APSwUYRWCoOmW2Qs/wCVuEJl1opwHCdgz2ccFSoxFJgtLMe2CpkqSyNfYLHPh0Rki/5HJzemw0D5S7Tj/mdlFFO0bjO/oU6Nj2nLXkFTeAwbrVeYmYZUwSgcdihZuMIHj0Ls+reCp7amqjPlax33CM24PIAfkK/lYpzwVjZyR54XsI51BE107h9e6sTU00uNY39cJporbP8AW5uT67KvlZFc10VFZZ7ZeIvCraaOYdiWg4WMv3wC6EvwPi0ToC45OjYZ9cL0c2unjP8AKqHs/wCUpvy1UNhUuIHcpkNXOH4sJ6mz0z5u6j/smRGaSSw3DOd2lxwfthebX74AfEqxOPgWh9S0b6mbbfdfbDzcoyBHEHY5cEVs404nifnuCNlrr8rdDsfXrZr8j85q2DqKyTujuVkqIRGdJLm90Wh6tfHhra58B9C4r9CK62WS6MMNbbaeVjudUYyVg+pv7Ovwk6pjzWWJlNKTnxaX+W78/VbqvOWL8joV+VUOz5nsfxHu1HoE1T48fucrV2z4nQz1Gioj0tPcK9vn9ixrC+p6K62lpt8tpqunMmB/4SvOr/8A2dPjn0o11VSxU94iB2FI0l+B/hK6tPlK7FyzdR5dSeGz1Ci6ttFZL4TZg0n1KtWV0Ex0wvDivmll66isDhH1J09crfKDpJlpnxjP5gK+tHXLhI2aGv052wXYK6NeohZ+LOrVrap+z30OBTmkeq86tfXmoMbVEOB/EDytNRdU2+oeIy4t9yVtUuDZG6E/xNCmuHCFFVQSDLJGuz6FGa4O3Cp2NB4TI9RR0tWwxVdNHMw9ntzv6rMXL4a9P3NrnQxGkmOTqh8uStguAYVq6XoGUDzB3RnXnT7DPY7z85pziGc5DR7KND17fLLKI+rbDNAzgzsBLSft2XrcYO5BQ6mliqYjFO3Wx3ITvmfsW0ZC09X2O+NBoK1jnEcE7q58Y9hnKz18+FHTd1c+anY+jneciSLbB9SO6zr+mfiN0tltDcBcKaLeME+cj0xujVmQXHk9DDweye1xxjJXnVF8TTSSNpepLfLSS8F2nGfutbbeorXc42yUlVG8O9HBNTwDKO7snzW+kqGOjlha4OJPHBVNL0tPCTLbqsg86HFXwlyMgLrnYwQeUyNu0TLSxl2ZmKuvFvkEdRTue0Hc8hWkN2tdwi8Gsp2OJ5a4K0c5p2c0HPqFW1dkoZ3+J4YaTzhaatQkZbtFlcIgVPS9LUEz2uR0JO4GdlUy0NdTF0VypxNH/UBlXRpbjbiXUspkj/pO+F1tyEw8KoZpd3yFuq1ri+zjarxlc+0YG99DUFzYZ7cGwy84xgH7rB3SwVNC/wAOspjGeGyNGxXubw1pJa0EfZR56Ckr2GGqgZI13ZwzhdTT+Sl7PJa36fosnugsHgPyszNgdTR3yhviim8r2bher3b4cRy65ba/T30Hj8liLr01W0D3NqKdzcfiAXVq8hGZ4byn01bDdiOTNS0kzN4W7ei5DWVFM/Sw6XDlTX6ods8IMngzjzxgH1GxXQhqTwOv8G0uiwpbp8w0Nqn5yu1FkhrHOqaSTQ7nCpjGWHy5OFMorg+ne1wcfQg8FaY2ZR5XV+LtpW4NFc662SCGpBLOxPCvqKu+YaHscHA+ihSGnr4gXBrg7sRwq2qpZ7d/NpHvA7tzsmqSZxJLHZsGSEj7oocN+FkqC/PyBMdwr2mr4KkDS/f3TAZRwT8lLJTBwlkcKAYCbEYKGYy7hdeCeDhJqNSAGEysOWnA+6eKwNIbInEg9kMxg9lb4ITI5muGUQPOFXYLeDhdbUzs5IwjUgJLJN8Xf6dlwuBagib1G5XcouMZKydLznYrmMj3XEkpoieCFc7Nbr7Svo7lTiWNwwMjcH1XgHxE+ENZ07PJX2aF01GcuIG+kL6NyD+L9kOpjjnb4cjQ9h5aeCsltCmuDraHyFujlmL4Pil58J+CN+4VlbavQRnsva/iN8G6e5+JdbA3RKMufHjkeq8MrLdWWqrfSVcTmOjONxyuZbpmj22g8lVqFug+TXW2sD8ZIV7TSeIBusJbalzMNBWjt9djklYLaXE9943ycbobZPo0bBp75RmuAUKGpD2cIzHHKz7cdnfrsysoOQo7+Cj52UaTJHCWg3LILOHbKZFLqACr3HBT4pcYyrA34ZbtfqTlDilBACOZT6Kh6k2EPCA4ZJ+6IDkZSf8ASVQwjkDCiuG5Clu7qK7kq0KsQCWMeig1UQG4Cs5ScYA5UN7DhAZro5KqTIBB9FDfuOFZTxZOQFEkiIyQEBhtgQJIwQRhV80eNwFazN3UV8WrKp9GCyGHkhU87mOwQralqNWkKpniDTkDCJTz6SAeyzThuNek1TqeJGkhflqkxE6stOCqqmm4z3VhGRgHPKzSj+z0FGoViyjUW+vHgtilwdsFchcaCvBB8j/MPsVRx1JZhXNO9tVC3I37JMoYPQabVuUUn6NKHtkbkOG4UWU6Hh2M6eFDppy0iLfH3UyoaTAXDlIcUdeu1yimXlHU/MwiQ4+wUtzG1FM6J2+yz1inc0/Lu7q/jkEbw49ko2wluRBstSaeqkopcgZwF2cG3XPxcfy5dj+aHc4jSXJlZGAGSgKTeI/mKRsgGXAZypgpTcQsrzFI17N2uU3OWtIO2MqpoZhWUOhxy+MYU2hqPHhMbvqZsfsgNELB1WAWNeB5geUVsrKylwcamhDIyHxnckZChtlNNJg7Z7q8BSkCLjE90Mgy12QsfdKQwVjwBgHcLbV8QkY2do37lZy/wGSFlQzfScORnO1cE1uLTpmqjki8IOw7A/ZWle3Q4uOwwsX05UPbcA1pwCtzXBr4ySM+UJi7Jp5fJVhlHMc8d1H42UiU4c3dAlxsRwtNayzNbFJ4PPusKZ8FaHHh7tQUeik8SlkaewWj6xpmS05eRu0ZB9Fk7a57JcfhI3C62inssR838vp9l0/0wcsRYSSEWjeS0xevCPVx53aFDid4Mod6L1Ncz5Xq6fjm0XluqNvAKkB2M5VVSS4qAfVWzCDutaeTlWLEshaCbTU6DsCrGbLcE8FURcY60PB2CvJZRNTFwHblKm8cHV0ln24ZleqqItaKiMJ9lqDNShrnZLNlZXRjKihLHDJAWcs73RVbos+U7EJLNdM0rVg0TNxgndQ6kYUiJ2ahrT3TKhuGF2OCkTjg7yeSuLgHYJARJMFoIUOfPjn0RAcx4zwgwCdxjUB6KFV7DIClN8ziAgVjTpwPRF0KsntRBjqSyYHGwUx8glaDhVEnklzypTZx4YGFMMyq3kHMeSoMvI+6lTzjgBRZN8KIz2vc8nHfSVXVH1fmrF30lV1R9X5pV/oqsZnYoAPmIRXj3QgN+VgsNAVhyMqQNsKOwYGFJHZNrFsMiNQ0QHCeZre+By6SMLiZk+qJvAB08pyYnpUxjOJ1IXOqGtDc5TScKbY4TJV+IW7BJtlti2aNIt1iReW6ARODAtrZIi1mSMLKUTMzjA2JW4oogyFowuDqrdywe/8AFUfHhkh5IIwjxfSFH/Ei5GnBK5kaz0eUdkcNJJIGyryS6T80aodtgHso9MCXkrqaCndM4HltWqa5N+idCwAZA+6M86NwuRAafsmSuAAIXutPH469p8J8hdLVaqU30Foqd9wrIaSIZdI4D7L0qtc+22yOkpsA4DSRyT6rLdCW8yySXKRmzfKw/wCq00TX3a9MY1+Iabdx7Epj4Rw9RJzbiaTpm2Pt1GHSgF8g1Z7/AJq6YPMmsb5BgbAYR4hjGQkvLZglhcBmjDQnppIIGEThGlkSx4b2zyjxsAHCCzLijMHZSRAizvU9yfEWUcDvO4ZOFeVdVFRwOmlOMDKyFu13avdXPaTGXENJURUeHkubFbtEbBp8z93FayICOMMAUC3wtiGdOPRTCdlCSlkFLJqkDQjxnwxnCjRR6pSSNhupOoAKAjs7HJVXUPc+Yg8BSp6hrGkE7qvJzk+qhDk8mmPI7dlEEZc7URuUWXd2Oy6NhwmwSIB04Gy8n6xqqrrTq6HpmmJNvoXj5/B99xn7BbP4i9THpmwvqYBqqqgGKnaOTIdht3WFsVEOk+mH1Fc8uuVc8zOd3weMq5YR09NWtu5dvomV8YulzoelKEaYI8B+n0HKy/x462h6XtDOjLc9ol0DWQ7BAOd/2K0vzkXQfSVT1feN6usaWxhxyePT0zj9F8q9T9QVXUt4mulU4kyvJAJzgeiyWSyzs+H0P8i/5J/iv/Ur9nHPOd0Vg3BQWdtkZoOyS0exa/QRuAE2U4wAVyQ7DBQ0DWeC4xyccT3KTANWe6E7JICOwYCVjAUnjgeMBqCTuugnB3QTyfulSlktcnF0b/kuLo2/NAwjiWv2Ti4BAdMCCEIyPQXI9R+qGSMchBL8nOUwk45S941QyFLm5+ofqhk7IBBzyU/JO+VUpYD2Cd3KQ4SXNPulSW4sGknpKiCSSXWqyC0+6Wn3TDk74S0k9ke0vA4couG6UEHK7k+qooR5XQDlcHKMNOFCHRwm4HKdkJqhByWR6pHhCwdShB6S4OF1Qg9JMSUIJLDv6f3SH1BHAGFTeAlHIAhD0qSW4Qy3blWCwKSR5SUIJJJJQgl0A5SAOU4kYUIdHCR4Qs+ZSBwiawQCQcriOQMIJByhIdSSSUIJJJcJx2UIczhLJKSSAAJnO45V7ZL1gimqHD0ByqAOGCMoeh2rZRLk0VWyhyj0tjwQDqz6bqSzlYizX10EgpKonIOM5WzglDmtxvsmLo6+ls+SOWSRwis5Qhwis5Vo6lQVn0hEHIQ2fSERWaEFHCc3PZDHKOB3QoJDgO6eBhNT0QyA48JmDlETtPsoNBhvlAIS0t9E7GElBj6BvZ3yo0rCcFTUJ0ee6hmnHJn+obeKy3PbjLmDU1ecOLg4tIwRsvX54Q9ukjIcMLy2+0ppLrLC12WA7BEeZ8zpsNWohpJDZJGefEkkkoGJJJJQgkkklCCSSwV3BQyfoDGS66UqPl7uw/1DC9HkOXZxyvLbK7TdKZ2dvEC9We0k7BdDRv7cHB8rHFiaAafdIMz3RkjwtpzU+SOm4KeeU7T7IBmRrAMrT0wxDH/yhZuMEkNWnpgRDHn+kJ8DLfIMGjTjCAWOzwpA4SwEzJn3gMYSRS3C5p91CAE5o3wUQMx3SIOeVfZcpYJVqcYrhG4DnYrdNGB+SwVCSyrjOO63bH5aNuwVmG/l5EkuBwJwCuozOPSTFzU31UIdSXNbfVLW31UIdXH/AElDSUINJOcLiSc1QgzT7ri7n2XDyiawQchvxjlJzgMjO6CSc8qyHSVzOEkkQYOU7blRHco8/ZRXIQorI7IG5OF531zdHVNX8nFJ/Lj2PuVtrzWR0VvllecbHC8kqaw1dU6R3DifdYr5ekdTRVPduY2jj8SUMWkh/lsAwqq3waZBIQrjTsEqPJ0L5bhqdrd6pqSYJHa3eqakkoQMkgpKECqdaaYT1G/YgqENyB6lXs0lHbaHwmjMxAO3ZFFZFWvjBPnrgwCMHjZWlCT8u0kbrN2aB1Y7xpQS0HbK07AGjA4CcjnX8PBJa8NG6HPUiNh9UJx4wVW1VUJ6sRNJwjFxjngntl8Q6vVZnriudHCylacajv7rSQMEbdyvOuqKuWpusjXu8rNgENjNekr3WFQkkks67OtJYGpyanKpvBYZgOV6Z0hEI7a2TG7ivOKaMyzCMd16jZad1NQRsd3GVIM52unxtLJJMSyBynOWDkpZMD8Wat/ydPTxyYaXnWB322XmVEwuuFOAPxBan4kVsk17NOHYZGzIHus3ZB4l3pgRw8LNKW5nqNLSqtNk9HbsAMdk5cP1LqaujBJ5eRJIKSLAIkkshc1AK28EPrkEZRGykEKMDj1RGydsL8myhg/fisyTI5yMDGylNccDdV7XjlHbN2IQhpJk3V2ynEBzdDgHNPIPCjtdlEBGOVRGjOXvoulqCZ7Y4QSnlp+grGVdFXWyXRVwFvv2P5r1k4PdAqrdR3GIxVcYe1WU5YPNKK7y0xAYdu5ytVbepo6jEc7xgDuqq/dEz0bnVFua58I3I5ws0HugOlwII5B2VtYCPT3MpqpmWlpz3Vdl1M8gM3B5Wat3UD4mtjlJwO60FPcKaqaPOA4+qrAZa0F3e0hkj8ZWhpK2GRo82SVi5YH/AN5Hgj2T6W6yQO0vdjCgtrJvo5gSOMKQCxw8zWn7rL2+6h7R4rtldU1VrAI3BVAOLIV06eime6WAhody0jbKyF56Ohm1aoAD/U0L0UPDxhcdA13puqUmisnz3dbJLbZnGMOGD2TaG91MBEcp1D3Xt126ZoK5p1wtBPoF571N0GKRpngblp/pToTzwyZKSppaC8Q+RzWS85VQBcbNIA8nw87OB2QJYqy3THBcMHurSlv8NQ3wK2Nrhx5hlMa/RDR9PdczxERyy5A9St/aup6SrADngErxa4WTxWfM2hxJG5YCg23qGvtUuioDxg91MEPo5rIqhmphDlGmoGknLVgumviJD5WPkx7FegWy90d0YNDmlxGeVTXBMsq6u1tILmNH6KskpHt2cAPsthNA12SBsoE1Mx+Q9o/RIcQ4zMrUUZc3I3UJj5qGUPYD7haqa3AZczcKM+kYG40hAMzkjUV0jqfI/Y+hRqigpqobtGfUcqPLRRv4ZpPqNkOAVtG/Z3iM9+VQwi1NvqaJ2uBxI9k2mrKlr9Rcdu2VeNmZNHnPOxCiVVBqy6MNH2RKWQBR1sUg/mnSiaKWoA0HKz1yq321up1NJIf8IzhMo76ZiPAp52/dqIhe1FtjcMjvuqestjft+6nU1wlfgyZx7qWTHUNxwVCGRqbUGlVdRbCzgfmt1NQMduBwoFTb87BoCJWPohhZ6UtOC1Qpocfh/dbGqterzBqp6m3lp4wmKxMAoDGN9l2jrKy11DaugqJIJWHIcx2Cp0tIW7lqivgI/CmOKkgXFHpHS/xtkh0UfUsYe0bCUDzfmvUrRerL1DCJrdWxyZGdOrcL5bkpdfI4Uq0XW52KYTW+qkiIOcB2yzzpTFSgfUz6eWE5ZnCbIYahhiqomvadiHDK8q6X+NcjdFLfYsjjxAvULdd7NfIWy0NXG4uGcZ3Wade0rDKet6VLXGpstS6nk50A+UplN1BdrW/5e7UznNG2sDlaN0MsRy05HsmuNPO0xVcLXNOxyFncci9uRUF6oa8AwzNz6ZViHeXduyy9Z0hTk/M2id0Eh3wDsVCZeeo7PIIrlAZ4m7agMlJlEpwT7NpgE5RWSvh3CpLd1Fbq7GmYMf3a48K6bIHNDhx6oMMRKGCVBciDiZWEdbFIBpVS3T/SAuiMj6TgFUZ5wyXgOrdPByFTR1c0GATqb6E8KbDXwSbE4KmTPOtkpJca4OGQV1QWOSSXQM91CDk9MT1ABJJJKEElgpDlEJGFCAxyiADCZ+JPBGFCHcBI7pZCShAeldT0lCDEkklCCSSSUIPSTElCD0kklCCT0xPUEWLIxJJJQFrA9JJJQDcxJJJKDBySakhIOSxlJJEQWEvZJJXkvICakppRh8EbgfVoUOTp+0Sg66OP8m4VmkqLUmjOT9IUhdmlqJoz6atkJvTd1pnZiq9Y7B2VpwMd0YHPPZQJXTRipor7A8tdQufjuwJsdXUFo+apJos7ZLVuRugujY/ZzQfuESeS/lcjFyOydTNkwVlzhP8AJnbj3Wqms9FI4v8AD0k+nCjyWGlBwATlGTKKyn6jqGs0VEQLh3HdT6a/UrxlwIPomy9M00mXMe5p7bqFP0pWHemqvywlkyXzLrRyAAE7qQ2drsEHlZH+FXymwPCa/HGDymsutypnGOqoZiRt5UbAkkzate1+4IKdnHdY9vUzY8a45ovu1SKbquiccGdxPuMKbmC4ms0575SwPUKkg6hhlHlkGCpTK+F2CJMk+6mWC0yxcxjhgtCCaKA/h/ZNFXCR9S6KmI8E/oplgfdkYaCIHOVz5N34HYKktlDuAnYaqyU5TXsgmnrM4BGE3w6jGDDn81YGT/5crvij0RSi2EpyKrw3f0Hb1SLc7YVsQx25AKGSw48g/RCRPJUmFjhhwBTflY+wVq6CInOgLngxjcBQLOStNO8cJmipGwkVo5jQSAE0wg9kwtlX/voO+4TxM/8AE3dT/DHH7Jpp242bujyTciH4g5LVwzsA4wjmkl/7vI+6EaM53g/dTIux/oD4lMTzj2XCGO2GFIFHGR/d4QjSgbDKmUCM8P0cP1XfAeU75WTkFc8GpbxLn2VkOimk7HBTmwVw3E0WPum/76O2QnNmePqbuoQK1taBguafsnNjlByWj9UyKuDdiQEZlU1uCOShyAObHJkDQitY/GdASZVvI8rgR9k4VHq0KZRDojJ5GEQQg8bJglGfpRhuiIN+Xb/8pSFOBu3n7p2cd0sn1SgDhiqMHDNvXKEYQfqaCih5CfqHooQrprTQVIxUUsbh/wAoVbUdE9N1GSaWSInvE7StCuafdQhjaj4d24HxLbd7nSyeonyD+Sit6T65oZNds6xEzeBHURAAfotzp91xzfdNKTwY583xPt+MU1FVt7kSBv8AmjDry8Uob/FeiLpGMYMsBbK0n8sLVEZ7pmn3VYL3IpKX4i9OynRMaimkHLJmaXD8ld097tlWR8tXQuDhkZeMoc9DTVDdM8Ecg9HMBUB/S9lkOZKJoJ/p2RSlgmMmha8SDU0gj1G644A4ysz/ALOSwH/cb3XRM7NLg4fumvZ1VRyaGTw1MfZzhv8Amh7A2bTTuGe6GYYSfNGw/cBUjOoa+lwK60zuaOXxjIUmHqm1yuAcHR//AExqtNlNMkz2W2TuL30rMnuBhRX9PwM/7PVPi+71NhvFtqTpgq4y70zhHc5jsEEFTLKbaKr5K8U7dFNWQyj/AB7pjbleKaQsrLcXAfijHKug3HAT3ehKpstPJUx3umLgyeKanPYvbspcVxop3aI52E/dGfEx/wBbWu+4yoklmt8rN4dDvVhwowGsk9pb2ASLQqn+ETseHUVbI1o/DIdQTx/GYHaJGMmaOCO6p9E+PPss2ucNgUQST7Fr/wAlUfxYxeWoppGO7jClx3GlkYHCQAnsUKk0U4E9lfURfUzIXP4swOzJTuGPUKPDUxyOOlwOEUgOGCMhFkBoMKm3zjUWAOP5JfLU7jqidg+yjGKmecBgB+6aaNww+GZzCON1PkYCRINJVtyYqjPs4oeqpadMzcoeblGRpeET5ufAE8fCNSbCxgj19ttl0h8C52+nqI/SRgK8x6w/s1fCXqkOl/gb7XUPOoz254iOf+XGn9AF6zG+lmHnByh+G0k4O3ZOhqLan9jDhdOv8WfLl1/sh3qgd810T1uJXO+imrYgzP6FYO6dJfF/ot5F76Iq5o2OwJaR4lDvcBq+3jFvsEMxE7EArp6fzN9fEuTbV5C2D7Ph21dfwxVAZUVEtPKDh0MmWuB+y3dr62Y5rXCYSA++6+iepeguiur43N6k6YoKyUj++fGPEz6l3J/MrzS5f2ZumzkdLXyrtLidTYtDZWfvjAXVp80p8WHRp8vOH5MpKPqy2zBoml8Mn1VxFUU87Q+GdjwfQrCXb4R/FPpyQk26G9U44dSHMmPXThZ0Xv8Ah05pbg2qoZmnSY52FhB9F06tbVNZydSjysLfyZ7G3ddXn1B1dVxQgMqBK3sSclaGj6voZgxk/wDLediSdlsVyfR0IamufTL0twcpxawjDzgIcFfbak6Kesje701KQY3dgmqxoZuXoqrj09aLrH4VVTRzMOSQ9gOD6rD3X4QwMe+r6ar5aSYbhhdhq9NAeTsxcw5uzgm/MVlHi7ZfiH0xj+IU4rYGclmSQFeWj4i2mqIhrHOp5eHMkGMFemGNjtnAH7hZi+/D/p6+apDSsgmd/wARgwmK0mUPpa+lrmB9NK14PocoxHqVh6noDqKxudLYbi5zWb6T3CBB1lebdIKa9W9wc3YvAOCj3ZI+T0FnugVVDTzeYsAd6hVVr6ptlwAa2YNd3BKt21cMu0bgU2Nu0ROlS7IYogNi3Ye6bNb45G4Z5XeoU/bP3SWiGpcejDboYS9FCY62heXOaZGeyFK623NpiqYQCdtwtCWAqFWWunqNxHpd6t2W6rVtdHK1OhXpHn/UPw/pZQZaJoy7sFgbn0xV0TnZjcML259LV0hyD4jPRRKmmoq5pjnjaHH1C62m10m/uPH+S+nq9RnasHgUsEkZLXNQg3B5Xql76CDg6Wkwc74CwlfZaiikcJYC3HcLtV62MlwfO/J/TdlUXGayQIKh0WzVNirHzNLJmhzSNvZQnxOaeE+PIcNluq1H7PB6/wAB8nSwOqKSF2XMGD7KI2aWmd9ZACsQQRumz0zXgacBb1dFo8lqNHZp5bZodTX920bpePVXNJc4ZwGl26ylTQEEFowoj3VdG8GMn8ijMsq0eiteHDI4Xden81jrd1JIwhkufstDBXtnPlIKszussMg913I9VGa4kZTgTlHkAOuBg4GyYDtuuot3ohyUPA8vKZFJUNP80ZHZELs4ynENkGM8IkAhwlBHZdyPVRzGeVwZzjKshIyVwk4XARjcrqDAYxzy7jZZjq/oKy9V0egMbDUHfUBjJWoLdiozwWOGBlKnWpB1XT08t9bwz5j6q6KunSlaY5Y3GHPleNwVEoaxzMHGV9PXK1W+80zqW407ZGkbEjcFeGdbfD+t6drH1dG1z6VxyMb4XPv02ej2XifNOSStfJHt1bE9rcu52+xVtHI08brGUs+g+h7hX9DWZAyuPdU4s+n+N8jG6Kiy4Eh4TiQRwo7Js42RRIMLPhncyAlHmzhAcSCMKVJvjCA5ueypi5sJDIWkZCsGyBzQcKpD9J4ypkM3G2Alja7CfnKSY1ycDlQ1qSYI8IB5Uw8H7KKd8qiS6AytBwo0jBhSizPdDlbtjKt8ozTWSunAyoMrQQrKYZP6qC9KaMdq9FbUM3GCgObtyp07M754UJwxkqjDdEhzsIzsoOXRvzhWTvQhRZog4bBA0ZrEFpKw5AJVxBUlwGQFmY/5b9XorWlqQQ0FZ5xOlo9TtWC/ikzjcK4ts5DhxhZyCXjCsaab3WeSPQ6XUYeTSB4D2yN4CtGyNmjxqGCs/DUh0BiPPqp1uqCG6Cdws1iPQ6fUphPmHU1VhhLdJHdamKUyQMlyMuCyNcwulE3YlX1oqfGjZDnJSEscnTptLSrh+et7o/xs3CDaqg1VI6llP8yMaSjwP0P0ng7FVwY6iu2phw2TOyI0S5WQVC91FWOhkP4sH7KwfJ8pVCRv0yKBfAQ5lWxuOzvdHfI6SijfgFwGUskXgsHPydWVFrfLEZSM6U+mcJYGvC7M3xojH6ouxzeRU7/mKH6t/RVcrS5r4JBs4EbotFK6OoMHYJXBjtXijjurawZZr5ODJxmSgrS3OC137Le0U5qKRhcQSWrD3eJzKjxTw4bLQ9OVodCIy72RLsx02OFvxj60+Hlw/DlCedVL4nflSbuwNzgbFQYnZZpAyFqqK1TxMq71Caq2Oe7nGFiIx4UoGN16BU4fC+IDYrz65RaKp4W2ueDx/mqft3k5wEkWr2VVKdE2QrChlD4TEQcj91ErITqO3K9Vp5ZrTPknlavjsyOhmIIeBwrunIdEHZ5WehwI2jPCtqGbIAyt1cso8/Yg0xy7VwrWkn10RbtuqmVuRkKRQTah8vkopLkbTZsD6Q8OYeFlATS3Q+hdhad0mip8L91R3+D5edtSxuQdj90ia/Rqqt+9NljE4eK14IwjVJy0e6raJ2uJkhPKtGYe0d0qSyei09nyLJS1YDXZwhNdlvspdyhADsD3Cr6V2WCN23ulYwHOWEGhfiYZ7grlU0Hb1Qnksn27J0p8TdWuzLOTZRTnMp9AlqIGFypBbK73KaHak3HBjlLDwd1FxJK5keoTcgA5QcnUlMtPI88KHUchTPwqHN9QSLiR4ZGk2CE3Od1In5H2QcbhYrOzQgsalRfSFFjUqL6Qjr6F2BE4AhcHKMAMLSlkz4z2NHukSMJHhRy85UbwW3gf/wARFGwQWfUEUHAS2UNO+yv7JFphDtO5VExpkeGhaegHhwsYG8BZL5fbg6njK82ZZd2eFj6pocNgtezDRgDYKhsEDMeIW7q8zgFedueZtH0Lx6xDIQd1x7hjGQmBw7FR3nJ5Uqhlmmy/bwKZ5J5RaNoJUQnzAEqwo2kAOwvQeM0+6W4+f/Vuu+KlrPLJL26Bn2URzjK8M7uOEedxGAp/TFu/iF1iOjUGFerSwfKpyxFyZtrfC2zdP5aMO0jA7kkLRdG27NG2slZgvOoqnuUDrhWQWiE7Zbqx2W7oqeOkpo6aIYEbQMJVvBx7rOchwBnhFaBj0Q28hPBACXF4Mcm2dTmnBTXnKdHkEHCNMoPFsPp/dSIzjshRkEDAwuVlTHQUzqqThu+FCFB1lcD/AC7XTnM0hGQPQqfYqB1NTMEgHrwqGwxy3q7TX6QeTUWtBW1pWZ3IUBbwSoRhqUjsEAd0tmg7ocRdI/jZQoNHwm5OUTZuyBUkaQFCEKoJMzkN6I76soahAbm6u6bM8RxGTnT2RjwvP/i/1LJbbPHYLW7VcLofBa30aef9ExDaqZXS2oyzaqTrzrJ15ccWqxODKfPD3b5/yCtJTH1FfYmmPNJRu11BH9Odgo8dIzpnp2C00uDUSgE45c93dZ74g9VQ/DrpCSkjm/8Aed1Gohv1A+v27fqgueDq11TusjXWuOjzb44/EF3Ut6bZ7fIWUFuZ4IY12Q5/cryoj0CI8ukeXveSXHJJ7rmn3WCyfJ9B0mljpaVXFCjB2yFIw0Mz3TIwEzcnZTI7gR5TE5NAJVlnWN3GQi7Bq4wAA7IJJBwEucsCzp5Q9XsuEg8ndDJGCAUhselkICAeQhkjCGSc8oZcQlSlkJRyFc477qPISnavZNPCAYlgZqOvGU9uwTNJ15wn42wlSjkawaS5g6uE7G2FAziSaQcpAHKhDmCu6HeiI0eqdgKAt4B4KQ5RtIxwhD6lCh4AwlhqQO2EMatWeyMg5JOHC6gIMXclcSUIdyUhyuLoIyoQIOEsBcBGF3IUINSSSUIJJJJQg9OTU5UxjHocuzccp+QkRlCFGOSE5pzwmqYWj0UdwwcIkyTjtBroBykOUXyaPdWAPAGEI54Kew74XJQdtIUBSbOJ+QmJrdQcMk/qjKJCaQMLoPZdUIRnNdqOyapRAwox5P3UCTEOVw7JJwOUMlkpjUl0jC4gKO5KTJJIpWyxuxp3XElRC4/hbb9TmptLcVMY/mRd3H1CPY73NSzfJ1gc1zTpLXchU9vrqm2VTKullLHsOdu49Forxaxe6UdTWnzP/wCPGOc9yiH13SrfBrIZBIwPadiMqTFyVkelLuZXminfvjy57FbBjNJHujPQaK+N0eA44Thymg9k4cqzohGdkUcITeyJkaVSCQ5Echx/UiM3wVY+AQcowAwhAd0YcKDmNLcJpGO6KkoTJHIKSIQhkYKgpgiwHkrCdd0DIpY6tjMF/lOFu3DKo+qqUT2iR34mbg+iM5nk6vlol/Y81SS+6SI8QJJJJQMSSSShBLo5XF0cqEHgDCcA09k0HsunhQAkWzPz9Pp58Vv+a9dwMDPOAvJ+nmeJdqZuM/zBsvVnAh/st2i5i5HB8pL7khJiKOE1bTlgWtIO4RQPVLAT1COTwcpos1DQN1pGgNa2McgYVRbYS+pBIzhWobrrcZ2CZAzTlkKNkkjykmChJJJKEGJ6SeoQfSszVRkDutmzj8lk6Fuaphx3Ws7D7K2ZLhgJyjMIwBlAXclMM5JJGOQoxJylk+q4oQ7kruD6pNXCcokskHJLgOUshWQakklkKEGLjyNJGUi5uDugknPKhDpK4kuZChB5IxyhE8lLJ9UJ5AG6IYlkFLJwhFMkOo4BwoV4rxb6B8uvGdkmyWEaKq9zwuzI9dXsyvNDC/yt2PuVkaOKR8o0Djkp9bPJW1rpDvqdsrChhERcD6LFL7mdyuCqgkS4GhgGFJBGOUBdyfVMjHAqbywqSHkJEjCog/I9V1AydXKLtp53UyQ6nNQvxJ44U7JjITxC0ggbosDaisnxgnPKE1upwCv7HQv1ePsB6FFFMVbHEeC5ooG01MyMDBxupY3yhDA/ECnGRrO4/VORz5RlN5G1Exiic/0VZb8uLqqQcnbK5WVZknbE8+Tvgrs9dTxRiLUADvseEYyNbSJtfO6G1S1WNsFeYyyOlkdI8klxySVturbhG20Q0NNLkygOOFh9JGxCVZybdLDatxxJJJIbwbBqeNlxFLRhD2VlItenqN9XcGNa3uDlemsIa0MA4GFkujre6GmNVIN3DDVqWbjcooHG1k91hIUS5VApaZ0+QA0FSQdjss31lcI6SxT6zgu2COUsIzUwc5qJ5Jd6ySvuM9TI4kuecZ7BTukKeJ1e6ZzNRa3LfZUj3bFx5O61nRlI+KjdPI3BdsPss67PV2vZp9hpQRuEI8lIZPdMWmHRyEmwxIwdwgnfKWfdDPupuSJhjtWxOeFHfOQeQk9+nuSochc8pUpZCjHJ9SWLrCnrnNZM8NLuMnbK0zZQ8AjGCvDWeIzBaSD/AJLS2TrOqonNjrAZIxtkFfmGyo/eUJZPUGPJUmI5VLa7tRXSMPppgXYyWk7hWQfpPKyyr9D0+CybgcFLWWkBRYJtWxUnIccZS5R2h5CtceUQOwOVHT8lCCG8XV5cbKqvfTFrvMeXxNikA+tgwVYA4XQQO6vJDy259P3GzvIljL4RnEg9Oyh01dJGQ5knlXrkscUzDHMwPadiCMrK33omCrBktYbC7nR2KtvPAZXUF6e0DL8+xVn4tJXNAcA12OVjJ46u1SmnqWEOacbhTqO4AtHmRdETL1s1TRPwxxLPQ7hW9u6hc12C8g9wTsqCC6tYA2Rutq5UQYHzFO7LTvgdlMMm7J6PRXmmnABdpPurRr9QBByF5JTXeaneGvJAWns/UjzgGTb0KDaRxRudnZyFGmpYZW+duUClucdS0aBkqYHFw4Qt7QHwZG+9HUl0a4iJjXfbC82v3Q1db3F8LHOaN17t4If5scKJU0kM7XMljBB23CZG5lJnztFV19ukxlzS3kZVo+qtd7aGztEM2MZPBK33UPw8grA6WlAB9l57delLhbXn+W7APotMJKSLIVXaKugPi0ri5vOxU2w9a11skGqRwwcHfhR6S5VdA4xztLmd2uCdW2amuQNXb3hpcMloPBU4IesdN/ESnrg2OpkGfXuttDJSV0QfA9rs+hXylI652ebV5xjuFr+lfiVX0MjWSuc5oIzkoJQz0Q93ki0k6Qoc8WPw4/NV9j63s13DWmTwpSN2uO2VfSRhzQ5oyD3ys8olplQ6MtOdK4YQ/GytDACP7v8AdC+VI9kBamV3ygDtQAC7gtJBCmmFw/D+6G6P+pQshvgjf9cbTn2USagZpJiaxn2CtzB/hQnRnsFRDOy08jDktTDM+IcZV/LS+Jk4VbVULh9ICJSyGR4axzvqRmFku2wUGSF8Z8owmxzlhw5WQmzUjCNu6qau2AkuA5Voypa4DJTyGuCKKwQytTas8DKqZ7fp5GFvX0LXj6R+qrKizGTJY1GpkMS+hIzt+6hyUxHIWtqrNOw7NVXV0hYQHAApnaKwUDoCM5apNrvV1sswmoaqSPBzp1bKTJSkb6f3QJIBt5Uucck+LJ6T0x8a/DLKW/wtDRsHsG69Ntt9sl9hbNQ1cb9QzgHcL5idC0ctH6KRRXS4WeYTW+pfEfQHb9EhwFus+oNLonZbkJ75g4fzGtd9xleK9PfGO50rmw3qNs0XGoDdemWfq2y3yNrqSrYHu/A47rPOrIp1MPW9N22sf40bTTy86o9lEZD1BZ3Zjm+ZgbwOSrouJPKcHHGNRSNnIpxZFoOrodmXKJ8HbOFoKespalrX087JGnfyu3VHUUlNUxlk0LXA+oVc60eB57fO+CQdwdigcWhDjg2rmhwQxC47tO6y1JfbnRPEVfEZG8a2hXNJ1DQzNBEgB7gnCDYwXWmW0c1ZC4bZarGCtjkAa44KqI69kg8p1D2UhjqWUefn2QttGeyr9Fy0BzdTXZC7p91UxSSwvJjlOn0PCsIaxrxh2AVRnlBhtXsn5HqghwPC6C7CMBxaDJIer2S1eyoHARLPZcyF1QoSWSkkoQ6Ccp44QxyiAjChDqSSShBiSSShBJJJKEEkkkoQSemJ6hBJJJKCZj0xJPUA7EkkkoWJJJJQg5JJJQgkkklCCSSSUIJJJJQg9JJJQgkkklCCSxvlJJQm5DiG4+n90PB7I2n3XNAVk3DDvyU0sjf2B+4Ri3O2UwRkHOFCbgD6OmeMPgY4e7QgP6etc25poxn2U7Q70TiwkjdQm4zlR0TQNeXQ1EsYd2DjgKOej6lm9NcpPbcq/qaqqgm8MUj3sPDm/wCqlwOL25IIJ7FUDul+zJtsPUNM/XDV+IB2eU4s6mhOHRB2P6RlawtJOQ4rrQ7jVwjBctpmG3S6wtDZqCQY7hEF9B2cyRp75C0LmazknP3TPlYHHzRsP/hUJuRStvUfOsj7hTYrtTvjHn++4UqS1UMg3gaPsFDf07QOOWtLfsoTcg7bnBn68ojbjETgNO6r5enmHHhOd/5kz+C1zBhk+w4zuoWWoqQ7GE4zDYbbqnbQXJh3kBSa2ra7D85HqoWXIGrfK74eTpyqkSVLTgPRmurxxurQubx0WIgJ3TvBwOVBZU1g+sI7ap/cK9zF5DNjdnlPMKYyshb9Sea2nOMPCm5gylgaaYDfCD4OCpgkDhkcJulpKrcwfkACm2+lD+U9lYADGFzR7IybyAad3ogmkzy1WegJmACqJvK00EJ305KAaIgnw24yrrQ3+kJaG+iuSyWnkovlK5rtbCQfT1QXNusTjJ8vIVoXDSQUVmQME5VLgMxs3UjqU4qIpGn7Jo65tgw2SdzD7ha+elp5tpIWO+7QoMvTVlqM+NQRH7NCLKIVFP1jZn/VcYR7E7qwi6jtT/7urjdn3QajoHpifc0LWn/Dsq2f4bWJ+fBmqYj/AIXqLghoWXaieBidp+yOK2mIzrKxr/hs+PJor7VsPYF5KjO6L6yhP+79RMwOPEJREN2KylzjxMIompnAYl3K88/gXxEp9xW0NSB2B3XW1fXVJ/fWdrsd291CHoeQfpOQkvO39Z9QUGBU9N1z/eIZwmD4s09K7TW224wnvqi4UwTbk9H45TPD91h4Piz07Jj5qoMOePF8uVbUvX/TFWB4N2psnt4iopwlHs0YZvuV1zBgYKqoeorZU/3NbE/7FSmVcL92vzlWVhh0juMJgkB3CWv2VlHMEjBOR6KLLR08gw+Fh/8ACFNBymnGeeFROyoksNG/zMiDTj8Oyh/wySB2W1NSwD/GStLgbABcMeeVAOuzPF9xjOmK5OGn+sqXTXG8gEunppCPfJViaend5ZIwQfZCfabfKP5YMbvVhwoRSRxl0uJx49HqHqwI7LpGd5YZIx3LgoL7XcmEGiuAAH4ZTyhmbqWncRJSUtSz/C4A/uVCYL2GuoX8Tb+hR/EY4DDhj7rJN6lo6f8A+e9oqqfHJEOoftlWdLe+nqn/ALPWhh9H5arBlHBcmOKQ5c1rvuMoc1moKnzviwfbZBimp5D/ALvUtefQOypTJH4wXcKuOyiHLYYjhsE8kePQoHyF8pHaIpmTR9tXKucvwCMbrpe4bYyrBM5NX3GndpqbeNuXMBR6a+w7NlcWZ7OCuy4O+pufuhSUVHUY8WnYR/yhUo5KbSIsN1pZXYZOM+5UozxuA437hRpem7dUDZhjPq0qE+wXCkdmkq9TBwHnKgKwWgYM5HBRHMa0DQMKoJvVIwOlZqH+EJwvTmDE1O/PrhQhaB2nndLAJ4Uanr6aoALZAD6FSI5Gv3ac4RgidSxuG4Ud0DwcsbsprV0DA55V5BlMiCN34x9woNxsFjvMXgXO1wVTP6Jm6m/orhjWnOQhuaOyKMpReUyRuaeUeSdQ/wBnHo+6TurLLU1Flmccn5fdn/lJ4/Ned9QfBf4h2GMy2yOmvUbDsGSeG/H6FfT+M7LjWkbro0+Rtqecm+nyFlfR8YG6VNmn+UvdHUW2oacFkoI39j3V9butpXsEFNcg4jgOOV9P3rp+z9QRmG8W6GoYQQdTRn9V5b1H/Zv6Yrony9MyPttTkubvlpP+i61Hmd3Fh06vKyfEmZai60dFGBVU+sju08rQ27qSzXWMN1iJ+Nw/bdeeXv4U/FPpFhndTsutKzvDzhZxl8kgk8G4UctLKNnNcMEFdSGvhJfazo1a+EvZ7oaRsnmika4HggoMtPIwEOG3qvLLf1ZV02llFcPp/C92QVrbT8R4XaYbpBodwXDgrWrmzX/Ii/ZoGjGQQo1bYrVcWOZVUzCXd8bqdR3qxXdoFPUMDj2JCkut4fgsOR6gpsdRnsYrsnmt2+E0cpdUWWodBINwAeVmqik6w6dk0VNO+aNn42g8L2ow1FOctJICc18cxxLG0n3Cb84XyHkVt60p3uEMsmmTgtfstBBcnTYOBg8LQ3v4ZdN34OnEZiqHb627b+qwV46A606ZcZbY91bTDcNyScJ0bl7L+RM1EU2rAON1Ka1pHK85p+rnUrxTXRslNK04IeCFqrZfqOqY0tnByOQRhPjbgROtSLoxt9FDq7VT1W+NDvUBGZWQyHAcjgg7hPhqJRfBkt0ykZ2ot1ZS/S4vZ2wqivttLcG6KmFod64wtu8Z7qHUW6CcbgAn0C6VOtcDlanxldscM8lu/RRaHSUuHDnCx9VQVVG8sliIA7r3aqsj4maoX6j6LPXWxU9c0sngDXjvhdXT+Qbf3Hj/ACv0nG2DlSjyNzjkYRo35xnsrm9dJVtA50lMBJHucDkLOPzCcO57gruafURkvtZ8y8p9OWV/ZOJMka17VCqIM7AYBRY5CSM/5o5LHjjhdCrUepM8L5D6etqe6tFNJRlhBA3Q/Gq6R4dE5wx6FW0sY22QDGCMYwtsZKSyjzFlEqpbZoNQ3+QYFQd/VXlLcoagDDgT7FZSWlA+kKPmpo3a2POPUK9/OBEqYvo3vi5wQERrx6hY+n6hlAa15z+auae6RStbzujyJlW0W+fddyVEjkD8OBz+aktOQjyBtY5cPC4RhcRlHMnUjtI0jcKMu5KhCVkeqHJGHb8oerON0eM7DKCSyQiSNezYDsgSw01whfRV0QdG8YGQrRzGkHIUSSMNOQ1JlHIUJ7ejxTr/AOG1XZZ3XG3gvp86sNCx9FVFhwQvpedsVVC6nqYg+NwwQd14z8SugJrNVOvdnjL6CTd0beYz7rnX6fd0eu8J5uVMlGbKemqvEwCQpriC0HOcrKUNwaAMknsQrmnq9WBnb1XKtr2M+paHyEdRHLZasmJ2IylI3IzjGUGMgYOUfxtQxhZ08nS3ZWSI7ZyfHNoIxhcnZtkKC4lruUJXy7C9gnDwBspLTlUNHV+YAq5iqQ9gChspvU1wGKC/gruSuHhVkd8oM8oLh5SjHlCcMNKIjaZDl5UGRTpeVCeDlKwZLVkhztONhthQHA+itpQNJz6Kve0eiAxWkYgbqK8ZBUxwIyojticoDHZ2Qp2nIIT6ebSRlOl3OMKK9jmuylTjkXXb8ZfU1TnGcKyp5s4WZpZtJAyrWGbABCzzhk7uk1G6PJo6abON1M8Z8T2vYfyyqKkqfM3ZW4kD2BZZxPR6W/CL55NRSteBgndPslUWVLY87A4UG1VXiZpn9hkLtSx1DVNqGO8jzuPRIlHJ3abftTNpkZJyg3RhmibKz64t8j0UehqfmIWuzk4wd1Ke3Aw4ZBQNHSrluQNzBcqBwP1NaoNqlc5ppHnIGQEehkNHWmJ5yyThRanFFc3PZs0nKGKwVOWC2oNmmE7FEz4chGNlFbIGVLZAdnqbPhxDmhEFGzKKira6nqRMNgSphLZYSeQRlArm+NGQBu1DoJ9TDE5242Vi9+15Kq8wtdBnG43Ch2SqdTzNBOAThXFfDq1Nws8/NNLxwcqLsxT4t3o29XF49Lq05dpVHTSZJb6HCt7ZUCqpgdWQWKnLDBUvifyHZ/Jaayah71uGSOxVeBp5CyPUtM2GoMgbjUtTV/yq9r8bEKl6mp3zRido2BWiGTgeUh8lWDL0NV4dRp7HZS6zG2yq4/5U/m7HKuJi2SNr2nkZXqNFPdUj5N5yjDyVpBB2Uy3vIPKC9oBOybTvLJRtst8ZYPKPDRcyEFnKHTOMc4cEt3xFgQmENcMrQnkz5wydUuOTUgbqvux+YpQD2KnyuHhgYUCZutpYThAx1U+SFRTujjEZHCuKec6d25VAyQxVDmEfZW1DMHgAjdKPQ6K3KH1p1nSR2VE1+iq8Id1oKlozws1Vgsrg7GyVJZNNz6JUv1A908cJjzkhPachUnhi2U1a3+aTjuVHaR6qZXAazsq8E5O6J9GOzsUmdsIY5Ry3IJ9EAOyUDJHoIOFCn/D+am5ChT/h/NIu9Fx7BHcfZCJGeUR30n7KPg6tysVnZqiuAzOVJh4CixqVDwEdfQqwkDlGBGOUBOAdlaUxEpbR54QvX7omdkE8n7oZ8gt5EnA7YTUhyhInhky3ReJUt9lpaUeGeFR2MA1OCFpIANWcLmaqeHg9N4ujKyaiyt0xD3Csn5zscZUS3MaacbYUl4wDvyuFas2ZPa6aKjXgYXnHKC48rrjucFMecNWimG7gwau5xY1gLqljR7q4hxFGGkKposvqQwhW0wDGhud17Dx9OyvJ8i+pdU79VtznAGaXthb/AKGtxt9C6slZ5njWT7LB0FFLX1rII+/f0XqoHytnZTHlwDT/AJLpo8jqrPt2ImdJ0xq6qe5yDJc4hh9Ate0kk5VZY6JtFQxsDcZAJVm3ugsORY+gi67K4qq/XcW+kc7ODwqUQEslyCSQScorSCBtwqiwzTVNE2WfvuFbR+UogkSmbFZvrOv1thssD/5tQRnHYLRzVEVNTunldjSM/dY+xQOu13qL3UAuDSWRg8YVCzR2W3R0FDFTRtxpb5j6n1VvFsMY4QYW6WDZFa4NBUAHTyEEAd0+ABsY23UbzSSZ53U0DDRuoQa9xAyoM8znEDClTSADHsoI3cVCHeQguBypGOyYQ3uoWv7gqiohpYXVFQ/TG3krxCxSv636qq+taxpbSwv8OkY7dukcOC0vxnv1ZLDR9E2aVza67uAIH/dnG+e26ix08NmtdNZKOPDGRtjH3HJRt4Opp18EN/t/+hyWeF9VUXyukDaa3xYy7jLQTlfMnxC6qn6u6mqrlM4lmshgzsB2Xo/xs6w+SoW9HUDx/NbqqSDv9ivEnfSVkvswep8F4744/Pb36GnfJXWA8pg2ejgbArJJZeT0reOzrfKPVdG43Sxn2Sf5cYV9CH/YE/6sBFiaDjITNOTuFIjGAjjLIXQPsozvpKknhRnNO4wk2rJaeCOScpmSjuYQUPSfRIkmaYsGkkkgDBLuCiJKi28AcBdx2RUlCxmAljsupIQzmAlgLqShDi6kkoQYmIyHkKEBtDgcHhEGEsBCIfk4z+qhfYZJMSQFD0klzIUIdQwCiLh4UIcyU0E5SIOUnKEHg5GV1CyPRdahTyQIkkkrbwQekm62+q7qB7qxo4E5TxwhjlGj5CF9jK1yIsdjhAkZgZCm7EDZBkY0DYq+i7IZK8g5SBJ7o0jMElRh9SmRBIY3PdEHm2wgsAxu79kaOQKpBROSMIwh/kpmzhjCjSR6TsOUSlkKUMdDQeyIOEMcog4RiBHhRy12TspKaQMKEIyS6/6iuKBD0kkkAIxJJJAQSvOlLubZXiKQkwTeVzSdvdUaexwaAeCFaWSF31DRSWi6mppiWxyHxGEcYO62tnuTLjbopgcuwA77qgt72dUWh1qOltXE3yOcefZROkq99FVyW6oJHmLSD2IRyWDbobvhsNywu29EVqDHyEZqI9RCaksoInDVlNHKMAMIUhiHM7I7N8IA5RmfSFY1BhhOHKCOUVnZWNQUcJJDhJQIahyDjCMmSD2UI+iG9pPCg3aHxqCWPPLSrM5OcjCivj1DB4KbExalZraPIJWlkr2EYw4hNUq+M8G61EYGAHFRAcq2eEugoTaOpJLuCqBOJJJKEEkkugHKhBDP5J4wRjOEhjHuhklRgIv+jIBJe4ieGnK9NeQTwsP8P6dnjS1Dm5do8vtutuulpFis835KebtoksFdAOUTTkDZaTGD0+6fjG6Wn3TwwnhHGOQZvgsrZCGjxj6I0ILpjKOE3HgUbXIlE0+AHHkojFJ4CHcpJ+CkjwL3jEk/BSwVCCT8FIBEAx23RJYI3gl2tmagHC0ROOyo7Y3BEuMK3ByMolHJmnLJIyPULjiNJ3CjZPqlk+qmMCx55SSTgMI0iCAwkkkjIJD1u9U3ITVCByRg7hRyTlN1e64SMKEHavdcyPVDJOUsn1UIOTclNMoHKE6ceihaTYUuaO6izTdkyao2BAVbV1RAyd0DkaK68ktz2cl4wsH1leHVExo4X+VuxAV3cbo6Kndg79lisSVFS+aTcuKTYsnR01e2W5jKODDg8hWDQG8JrI2sbu3H5pwc090EazdKW4IkmEEjZLTPqAiGQrw3whSi30PyUifUruiRozIMJA0wGqU8KOmUugvjnjIgc8BODifL2THVlIwYYMYUc18hPbCuOmk+ytrJuluN8LuuOPkqAalz++E3xATkuJTFRgNQyWTZwNwjtu1S0afE0t+6qDI0DGrhc8dp5JGEaqwU68lz/GpQd6k5TZr3VvbpDv3VR83StO79x7JrrnTDGCrUMAqhLpE03KqL9eo/qkayRxy4OJO6rxdYAMBu67/F5hu1o9leClU/0T5ZJpcYjJx6oLopnb+Cc/dQ/wCN1vqPbZL+N3Ds9v6KnXkKNUl0g5gqx/8ADlObFUceEobrzcDt4o39kM3CsdzKN/ZIdGRihJ98FvDQSzENxp9yVd0HTcDwDJWwk+md1izWVg38coJmqSSfFfk/4kP8cGVLmez0T4aeFkMbmYaMbFSmyNPBH6rxJtbXt+mqlH/jKKy63Rm4rpf/ADlRadiJ6He8nuDCXA4GfsvMvilXzN8CkwWt1EuGMZ9P9VQjqvqKnI8C4PGPUqzoviR1PTNdFPUCaJ3LSOUMqWgqNEqZ7jEuJeWgD2Xo1mj8C3xRkgktB2UR/W9qq3AXKywZPdsYypUN66UqMBvzVMT6cKlS+zbdF2rCJ245Ca8bbofh0s4LrdciR6SHdDdFWsbl/wDMb7InBoyy00484HED1CBK7I5wmOlAOZNTfumveJPpKXKLyJlDb2Mk1OdgJ7YPXuusiyRlv7qRgNAAVbCuD0zSPRMLWlGTcFfm2cNx+54zwdoLnWWqYTUkpGeRnYhb6x9c0VxxDWZhlGBvwV5/oDgQVFLCDkDfss9lIatZ7lT1AduzcFWUM+rDSvGbL1pcrS9rZneLGdnD2XpNl6hoLuwOppDnG4dzlZp0tDVPPZpdQI5C6DkZUQZBBBKMCMZys04MZgNnCRJIxlN1JavZAMyIE854XRJk4wkkBhQMBXWuhuMZjq6dr8/ixuPzWHvnRtTbyai2PL286c7heg5CWQjU8FJHkcFbI3yy7OHIKnw1zhgxyY9jwtpeOl7ZdWlwibFN2ewYJPusHd7NdLHIDPCXROOGvZuPzTlJNEbwWxqKWsbomaI3evZQTLX2uc8yR9iPRVsVaZAPNnCnU9wLRoeSW+hQuH6JuLy29SPjcCJSxw98LaWzq6KZrWVGPuvN3QUdY3ynQ/1TGur6B31F7BwlyhgvGT2ynq4J2h0Twc+6eRkrzKzdW+GQx+oELbWy/QVIaC8HPO6XhlbcdFo9uPzVRdbJDcYyBgOKu9QeA5vCboCKM3ErB5TfOmqigJM9GJ4Dy8DzhZuazMB8azyua/ktLsfqF7rJBHK0se0OaeQRlZS9dDU9WXVFATDLz5dgUyNmSjy2SZxzT3Sk3G2rSqOusL2E1FucJGnJ0Z3C3dfS3O1O8O720zQ8eI0ZIUCa0CpcauxVYDzuYinqSIYWjvdbbpQ1xe3Se+xC9C6W+KlbRlkc83ix7Za85wqiosNFdH+HXxmmqeDtsXLK3Ow3SxzFwhc+MHYj0U2qXZD6asvV1jv0QFNUNbOBkxk4/RWeNQ2Gy+UqC+zQytdFM6KRvvggr0fpb4s11Bpgun8+IdzuQEudWeiHsUjBtlMEIKrbN1p05f2AUtWxspH0OON1bDIB0nI7JDg0TIPw0IsYEcyeyHrxwgJvAlmM7bKM5jX8hTcZBQCCw8KBlbUUAeNgqOrpJoZSCFrCzO6iVFKJTk4RZwGZkeIzkIkdZpIDzhWFVR7Ya1UtZR1LXZDDhEpZIW8NQyT6TlSBhwxhZmOaaEgZIU+G54w0yZ9leSFpJEHgjA3VTV2dkhzjdWVPWNkHAOVJaGv/AAonLBE8GMrLNKCSGqqlosZB2IXoNTTh34RghVlVa4ju1uCrUtw5SWMGIdROH4cKLNTnuFrpraCfK3hQZ7cXcNV4JtTMyKUnnZNLJIwQ1zgDzg4V06gIJ2wos1GWEEhC4plOvKL/AKe+J1+swbDVP+biHLpvM/Hplei2P4k2C7Mb4s3y8h5Y8jK8XNO1+ABwmNpscHS71S3UhEq0z6Yp6iGrYJKaRsjTvlpynY3xlfO1rv8A1BZZWvornM1jfwF2QVubP8ZwxzKfqC3Na3GPHh2P5hZ505M9lJ6aY9YwRkFAktcEhL2xhrz6KNZerun7y0Poa6N+ofSXAEfkrpuHZcBgJPxinWylEVxpJQ6B7gB7qQ3qCtpnB1VBlnqOysHjKjvia8Yc0EH1S5wFuP7JdH1JSTYzJjPIVzDXwyAOa8ElY91op3uLm5bn0Qm0dypZM08+pg4BKDZgW4Jm/jq8YOxHqpbKyN2AQvPoeoKqnPh1Ebhj9FZ0t+inIxJg+hKDAEqdxtBIDwE850lZ+muXHnVlFcw/DH8eyhnnS10S9RBTtXsgtka/dpRFQhwx2GSTdXslq9lCsDl0HsmavZLV7KEwGB23K7keqFkpZPqoLCpLjV1QgkkklCDEkklCCSSSUIPSSSUAEkkkoCJPTE9QgkkklCCTk1ORIgkkkkIAkkklCCSSSUIJJJJQg9JJJQqXQVJJJQRLOeR6SSSgORidgJqeoTJzAXcZSSUJkbkriSShMiSSSRht5EkkkoUdXEklCHclLJXElCCXHMa45I4XVxyhbkzjY4RyzK6NIGBsFxJQW7MjDGHcpeE1PSREGeG3GMITqKF24yD7FSEkIJE+TwctnlHtq2XDBV4yyXPsVJSUBIoNe3bOU8VVe0fTnHuiknuUPV7q8B7BNu7mtxJCcjnZIXWI/gcENzmk7tyhhrQc4H6KibCwFwpdILn4ynispHfTMFWlsZGdCEIoznchVv5JtZciWnPEqcJGHhwVMIzkAZ+6IGvP4ii4CwWutn9QTlV63Dhy4184P97+ymSYLXcpYPooAmmxvKneLL3kUyTDJqSitkPdGbLnsjwTARLJ9U3WF3ICsGTcRFrTy0H7hDfSU0g0yQMcPQtRUlYPyNFZUdL9PVBzPZ6WQnkujBVVU/DXomuyJrBTA+rAW/5FapcwPVTJHY2YKp+CPQs5DmU9XB7Q1Lm/55VZJ8FqSnP/ALp6qvNLj6c1Bdheo5CY6MdirTLVkl7PKh8NevaPa3fE+rbH2ZNAXt/PCTrL8dqHD6HqKz17DwZYHMXqjW6e6coV8mDyd10+P1AMTdNWi5A/9zMGEf8AmQW/Ej4k25w/jXwlujw36jRuEn6eq9fahzN47qZD+TK6PKY/jxa6cA3ro/qa3f1eLb3HH6KdSfH/AOFdXII/9qIYCe1Sx0Th+RC9B0A7FRaux2S5RGG5WijqmeksQcrB+19lVQfEDoe7aW0fVtpe93DfmW5VzHUUsv8A2epjlz3YcrMXD4KfCm5anVPQtr1v5cyLR/8AekKnP9n7oKEZtct0th/D8tcZWaftyqAyvR6M3zDhdI3GV5o74T9W0H/zh+L1/gHZtTioaPy2SZYvjraQXU/V1juccfBno3xvP3wCrJk9McGuaQ8A59VXz2a3VAPiUsYPq1oCxTupPi1b4Y21nQdDXHBz/D6wkn30vHf2Kaz4uVVCMX/4f9Q0OPqLafxQPvhQhpZ+labOukramnkHBa/ZdgoOoKEkNvHzId+GRgAH6KgpPjX0FUuDJLhNTk9pqd7P8wr+k676NrmB9Nf6V3/M7SqISoq/qKnkxLSxSgf0lWVN1Aw4FTSyREbHI7ocVxo5D/JlzlG1NfuWA/dWAS4bpRyu8NsgB9ypGtj8FjwVTvoaeRxeI8euEWOijDRolIc3jS5QBwLhg53TyM98KrifUMGnxOOFJjqKlv1sBH3VYA2MmEAjB3CDJTU8p3jGU1tY0bSDH2RWTwvwA/cqgWnEgvsVM9xe06c+iBLa54/5lPMWuHbPKuRI091zLf6lAfkZQ67rDu5oKTbw4DRNC4OHKvAGu91ySiilHmY0/krbI7G/RAirKZ7QfFAJ7FGbI1+dJBwmVFkpX76cH2Uc2eta4GGctxwpvKSyTdu6dhvoq0SXeldokhZK0d8J8NzBdpngkj9yNkUZ5JjHJMcwJnh6uE9s8Lm6g8EH3TwMe6IvewJZtgBZ6/dEdNdRxBl2tUUjt/O0AH7rTuAKE5qdVdKp8BRulHo8J6j/ALO1HG6Sr6ele3JyGZ3CwN46C6s6ebrq6J0sI7tGSF9Z6fdCqKOnq4zFUxNkaezhlb6/I2QfJ0NPrZReJHxsTU0+zonw5/JXdr67v1rDY2VPjRN/C/dfQN7+GdjvAc0wxxg8YYvNupvg5NQudNRxHHZ0e+fuF1KPJwmuWdWrXQl7B2f4l2euDYbkDTynknhaaKW31UYmp543sdwQV5Nceh7lTReIY9RHbG6qY5uo7M3NPJK1mfpOSAuhXq4T9m+F6me5GB4OWOwPun+PVxNDdYcPdeXWv4pTQOZFc4iDwXdlvLR1XabwGfKzBx7j0WuN2eh+4JeOnbP1LE6O7W6J7nD6g0A/dee3v4LT0rTVdK3N7JAciCTg/mvVmFvLRsURaFqGgsnz++v6l6VlEHUVqma0HAkaMgq9tXV1BWgaJwCfwk7r1yvpYayE09RDHLG/ZzXtyFhL98JLNXF1TbC6lm5AYcDK0w1GSPDOR1scjQ4HnupEZDxq7LCV1j646Tlz4ZraVv6gKbaus6d501LHMI2c3uCtcLkxcopmreMlBkpoX5LmjP2TIaxs2HNwWn0UhrtQWyN2DPOsoa6zQSEkDGe3ZZDqDoWnrGl7ImsfjZzQvSJoi4ZxlQ5oPZaqNZOp8HK1vjatVHbYjwO4WK4Wx7hJEXMHcKCx+DudwvdblYqevj0viaCR+qwN86Akjc6WmaQf8K72l8hGf58HgvK/TEoffTyYwnKYW7cp9ZRVdFJonYQAeUJjvRdurVp/gz57rvBQ3P5Ig3MOeMJhYDs7BUtjQ7kcpr4Mb+q3V6iMvyPG676clB76SslomOOqPYoBFVASMux6ZVo9pZ+FDeRKNJGy0KUZfizzd2ktplixEelu88Lv705HIJWiobxHMweIRlZee3GQ/wAgb91AkNXQvGoOIHoiy4mR0pnpkc8coy1wXScBYGj6i8LSQ52e4ytJbr/R1YAMhY7vlHGwTKlotiDlcT9bHAFjs5SPmCNSyK6GZKI2UjAA4QXbEofiYPCMosmPz25Sc3UosUwwAjCoace6WwNoxzA3cBRKyGKqgfTVDGujeCHNcMgqwcQ7ZR5GADnlKlHKCjJxeUfP3XfRrum6sT0kR+XlcSO4CpKKpc0gEcL6Evtkp73SGjqWgt5HqCvCOobLJZbjLThrtLXHC5uo07fR7Dw3l57lCTxglQVeoAEhTGSZGccrMQVTg4Y7K4pa6JwDXnBXLsp2H0TR+ThbiuTLCSXUMYVfMzJPupetrhkEYUabcJLTOlZLjghmR8LwQVZUdxZs153VVUKI6QxHUDwgbaEQ1EqpZibSGoEgyAjagshR3WaNwaXbK/pq2KWNrte/cZQ4OrTqoWxySzIBshvOQcJamkas5QzINxhWO+UC8b4UWQDHClOOVHkCiAbyQpgXEY2UaVuwU6RoxlQpG8gIPZmtIsgAUORuN8bKbLyguaEKiY5x3EItxyFGnbkAhTZQNsBR3Z4IS5Rz0ZpLkhtcY3BWdJNrDSdlXTs3yAlTVBYcY2SGsGjTahVvDNHBLpIwQrilm8RoBIWZp6jOArakm0ncFZ5xz0ej0mpyi5Y90bg9jsEcFXL3fP0QcTkgYPsVnhLrA2xhWNvqXRO8POx5WVo7+mv3PD6LyxVToHiKU7YWjlIkhMjN9KyURBdtsVpbPM2aAxE7pUo5O7VZgFVN1MErfqZumXACutzauJmHjn8lKcwCfwXN2OybA0RSS0UmzX5LfZKaHbiHHKTBE8ndqtaWUTwBxIyqN7TEJPRmwRrdUlsgYTsURUZ47J1Qd9ICqYZDT1TmuH1FXFR2OFTTDM4k9CoSx+ydL/MwSs1cYiKpwAwtEx+rcBVdzi/m+Jp5VozW/cif07VxiHwe/CV0ic2pEvY8Klt9SYKrY4GVo69rpYGvHbcp0JYE7sx2sprgdhMeQod0aZbbrG5KnVrDJAdO+yiNb41EYwtlZz9VDdHBgatmicKfHIHRMG2wQLrTviqCHDglMgfhgyeF3NDLbHB8y8zRndkK5BJ0ODscKQzkqNOCSMBdeJ8/ksZRb0R8SLIdnIQ5MtfnCDaZSH6CdiFIqW6TstMejM0Ha/VGHZzsosu59ESnf+HKbM3bIQMuHBT1X8qr18gqXbqj+cAcDKFVxhw43G+VEppfDqWgjYFKxydnQ2fdtNNJiRZ65s0SF+NwVctmDh91WXRhOw9UEzrTWSM15cAixuPcKPER5RhSmkYyAlMW0VlX9blAPKsKr+8KgEHJ2TDDP8sDTwgd0c8IB5QBofkqNP2UhAnGcJNpa7AOOASgggu2RHjKHp91is7NMZYQVnCkRcqJHyFOiA0j3V0irAjeyNhulBXQTqG61ZwZkJ2rfC4NkTG2Uw8pUm2RnEkl0bkD1U6LissvrHDG2B0uPMTyr+3MJlGkZVZQxNZSs0jGwJV5Y2Ze5x9Fx9U8yZ7Lxq2RijR0o0MwE6V+2AU2MgNwgyO25XKae49NKWyODjiM8ocztIyFwnfCG8hzwwHddPQVOczz/ldUqaXNlvaI2mN0xbuR3TqqU54z+Sk0kfg0oDhvjKiOaZ3loG69np4KEFE+M6m6VtsrJe2azoOhE0j6k9h+i3MdEa24U8IGWRfzHD1Vb0lbmUVsYNAD3gOJWksVO1tbU1rtxp0AJp5/VTcpZLtoBAA2AXSMLjTgcLur2S3yYHlhmnCxPUdQ263aG1xE7ODn4WruNTHR0clVI7GgbD1WS6SpDW3Ce6TZzK46M9giURyWItmztkJpaVkQGMDhWEWWknCjx42HYKWXsZHreQA0Z3USwK3so+sKqR0MVrgBElTjceh5VnZKBtBRRwBuCB5vcqmtcUl1u0txnaS2MlkYPAC04AAwFZXYdmMJkzsYCQIAO6Yx5Ls4RMpLBIpW53cEeQjGE2IAMCFI7JwClFApySdkOMeqed+U7yhQg1QrtXUtroJrhVSaY4GFxU8kDleO/GjqGe41dF8P7UdU1dIfnADxF6f59+3uoaNPT80sFJ0Y2TqS713X1aHNZKCyijcc+Ez2/T91M6l6gp+n7TV3qZ48RjdMLD6nO/6q4ZRRWa2U9ppgGsjYAQF8+fFzqtl6uzbXCQaejODg8u7/AOiCVvo72j08tfqVFdf/AGMHernUXi5zXCqldLJK7Jc45UVccwajjYLqyXc4PdV1fElFehBu/KKOAhfZEagRU3+h5wAhk5KbKc4wUojndRlqKwEwF1OSVkUcDVzSE9JBjJHwRpGA7gIL8Y4Ut/GVElGMoJRwMi8sjnlcXTyuLPJ5HLkSSakhLHJJJKBDUkklAxJJJKEEkkkoQCmb59lIQsBQgh7pYCSR4UIJMaDqCR+tdS28F9BBwmZOcJoJ9V0cqigg4XVwcJHhQgjjukSMJhJyuZPqoQ4W78rqSShBx4SHCS5p90Mlkh1xK7qz3XEsBSMsBj2Y33UlrW4+pQXb8FPbM5uByraCjLaWA7pgac5Kjx1J7jGUdsoI3UHKSkNni8uBvkKtLS0nKuHYdsVAngOo4G+VGip15AZKcxx1BNIwutUzkSnteSVG/YJ0jcjKj6xGQcKazTJG12N8KYHVy+TKZCe1wIwE9nZEkaB2Q28phml2PXDwupKFEZzXajsmqUQMKMeT91AkziSSShY9JJJAABXQSOFxJBnBCys1xdbbjFUNcQ3IDh7K1v1N/D7tBVQO2q8TB33WcacHKu56l9fa4S4hzqU5HrpTo/cE5bHlG8t8hlpo3u5wMqe1ZrpGrfU0bg/Pl4Wkbsp0eq0M99KYUco4IwojPqCOwnbdD0blwHRkAHsjA53CjDOojOUNEZyrYZIZ9IXVxn0hdVhsYmIg5QzwouSSlg4Q3BUUc49U9xJdjKY7fZPisIRLlHlvU8Wm9VG3LiVUgYV71hFovT87ZaCqTT7qmeC1H+7JP9iHKecaeEzT7pw4KoQMPKS6QcpYKhBDlPwCOENEG+VCDQMd0jwfsuaUWnZ48zYR3VpZ4Kb2rJ6L0LSNbaBMAMuWi0YKBZqJlHboIY24GgEqZpxg5XUp4gkeS1U3bc5HABhE047LoG32ROTutUF+xUp4A6fdSKWM6wcZXWR6jsFKpY/Cd4hCZ/gROz0jlfJpaKcKbAwMp2DHZQKeN1bXmQ7xx5z/ANFa6R24RIy2PA0gJmDnKIuYCsSID1SwF1JHtGcjsBEadO6YRhPAycBTAUuizt7MsD8YAViwgDBIUGkGIG9sFH9N0UVgyy7CpLgIwkSMKAnchLI9UMk5XMn1UIFXDwmrhIwiIIk5TTumu5KY6RoHKhBx+6aXnhBdMMlCdU5ztwrCjHd0SS8BMM23ChTVDs7BRJaioOPMcItprr0dtvSJs9QGnkKHU3KKNvnKjTzEfU5VlVUUjN5Js+yHB0avE2vlhau95yICc+gVZJU1kx1ayAfZcluNAz6Bx3VfV392NMRBU2N9I3R8bGtfcw9Z48+c/TjhVwhEbscEqLPX1UrtQOPZANRK/d7sq1V7YxUwhwWjjCANTwEI1FJHu0En2KrnPcRhzilr2zhEq0g1iPSLA3CPG0ZCE+5TAaQcD7KEH6jhGbBK8DAVqEfRJNvobJW1LnA68rjpHuPnO/3R22+V4DiMBEFLABl7sFNjHCA3cckRodhd0nO5UsMZ2GyWhn9KEU1yBBOEi0lPS1+yErI3DvVNcwkYRElRZHMIPZc8MeikaR6JeCVTWS00iKA3+kJbcYUnw0vDV4KyRMHsMJEEjClZjGy4XR4VlrJF8J2eE4AgYynuewO3CYZoP6jlC1gLBwNTwweiYajPAQzOcfShwWkE0D1S0jgFRzM7P0pGZ/YK8B4Yd0GrdNMQQDNVdnbLmanO7sqbSYDGFvsm+F2TNbh9X+acXHGcZVJeikzrDUMOYZS0hTKa+XenI8SXIHuobXH0S857KnDISt/ZoIOrGn+VcKZskZ9uFNZJZqpgfR1RhceGuOyxzzq7cJok7DYhLlUM+ya5RtQydnDWvHqDyniU/ibhZGlu1bTOGmclg7E5VtT9R63YqIgWn0QqszW6aMnxwe0h2/CLlunj91GBHYpNmJOn0X5k67P2fGYVyEXHJ8qOxocMhN0eyW+RsZEV7ByiUtXVUMglpJnRuB7HZPcMY3Qy0FVOGRqkkeh9PfEOmlbHSXZrmSDDfEHBW0jrIpw0wv1gjkLwfGNjurSx9S3OzzAsmMkPdjzkfl6LLOnIasPbmS6gMlGAz3WQs/WdouIaGVAa89nHG60sMwcdGFmdQ6LbJJ4SG6TTq7Lmn3SZRGJ/sdkpZKSSrAwWSmvhgqB4dTGJIzy0pyStPBTWTIX/AKCEpfUWKRsJ3Phu4KxDpamildTV0To5GHByF7U1V91sNruzC2tpWPceDjBTlPIO08xgrWuaNLhg8FT4K8sHnGpvoSnXboq62hzpbfoqKUEnw/xNCq4KyGV5ha7Dxy08o1FMKMsGgp5LTUjABhlPfOxUqk+Yhd/Ln2CzrqfxMEZB9UWnrqulfpcS5o4yhlBDUzf27qaspSGTHW33K09FfKOsaPNpcexXlcd6a5oLoyrWjulPIAGv0O91nlDJTimeoAgjIOQuaCeCsXRXyspSCJNbPTOVpLf1BS1AAk8p7oUsAOvklVVHBUxmOohbI0jcELF3f4fwOLqmxzOpZucZ8pW/BilGqJ4cD6ILom5+n90UZ4BweP15npXiC+W57Ht2E7Blp/NPaYZWYcGyMI+69TrbdSV0RhqotbCONljLl0BJHqnslUWu3PhPOxTY25KPP7x0VQV2qakxHId9ljK633Wzvw+Jz4x3C9Nmdc7bIY7pQSQ4ONYHlK6W0NxbpeGPBTVNdF4yeZ0F5dDIHxSOhkHcHBXoHT/xXuNs0Q17vHi4yTuod26EpKthlpAGPWNuXT12t7yNDnNb2wr2qXZFE+j7D1lYuoIx4NQ2OU/gccbq6AHLTkH0XyTFXVNO7RqfG4HjO2Vtenvire7XIwVcxnjaMEHfZBKnPRWD6CI9UBzBysvYfih05d2MbNP8vK4cOOy1MNXDVsElNI2Rp7tOUr4mRsGQMFRHg7/dWGM8BCcxpyMBDtZW/nBVyNOeEORgcMOGVYSQjOwQn0+RsELTDyVE9DTv3LBkquntuDqiGFoXwu4wgSUpAQZeQ8lB/Op9gF2G5VEZw87BWklGTny5yoslrjcDnZOi89lokU1xppwNcgBUt0LJmhzTt6rN1tsljYZIckN5UWG+V1uIAzI3+lx4V4GNGmfQg5Bbyoclvbgolu6moK0BkgDJOCD6qxY2OU5bj8ioTLM5Na8E4bsPdQ3UQacuaPzWskgb/R+6AaWJ+dTAoEpGPntscmXMGh3soElDNGcEDHqttU2yKVv8vyuUGS0zM31NITCjKugxs5pCGKNkjdLmAg9ytQ6ijA0SRjdRn26LP8vZK77JKCZl3W6alJfRTSRO7FjsYV7ZviT1f09oill+dibtifzbe3oiy0JHAQHUEch/mMQuKBdSZvrH8b+mq93y93DqCcYB1HLSVvLfcbVd4mzW24U9SHDP8t4K+eKvpqiqQS5gz2ONwqttou1imbW2Wsmp5mnZzHYz91nlHIiVOT6ldEG4wkGZ7r59tPxo64sdQ2K80rLnANtIGhwHrnfK9CsXx16JuThBXTSW2c9qkaWe3m4Q/G8cCnW0buophLjLQcKvms7H7xOMbvUK4o6uir4GVNFVQVEbxkOifqGPuieEDuAs7hgVtZl5m3aiGkOc9g4IKmUnUtRTaW1LSR2JV06IAaQFDlt1PUBzZYmuB5yEvArBPpuoYXgSRzfllW8F9icwF2DlYmfp0REut8zmO9CdlFEt+tz8Pi8Zg/pCHYwHXGXZ6dBXQzN1McPzUlrw7uP1XmdN1Ax5DXOdG/uDthX1FfIyBl+fzV8iZ6fHRr9Q9U4HCpae8QyaRvurKKYOAI4KmMiJVNEkHK6mA9wu6kL4M8ohEklzV7KZBCJLmQlkKFHUkklCDEkklCCT0xPUI1kSSSSgtLAkkklCh6SSShBJJJKEHJJJIyCSSSUIJJJJAAPSSSUIJJJdZ9QUI+BBp5ATwDlPAGEsBQzyaZ0cJJJKAiSSSUIJJJJQgkjskkoQEXEH6VzxR6IxYMIJjGTsrIPBykkGkLpBHZUQ4km6j/SkHE/hUIE0+6Wn3S1eyWr2UILT7pafddSUICSSSRgCSSSRhiXDsupKEGF5HZc8Q+ifgJYCAABK/AzjhVst5oYjiSRzfu1XIiyOMgprqaI/VAw/doVsIopeoLXGMmtjx6aXZ/yUKTrOyxHeo49itMbfRu2dSQn/AMAT2WW1Dc0EGf8AkCoJT5MoeuLIAf5h/QqJJ17ZmgkCd2PRi2/8GtA2/h1P/wDcwuiz2rkW+D/yBAU7EjA/+0e1sJAoKw+4jQZ/izaqfY2ysP8A4cL0cWm1YP8AuEH/AJAk21W5uQKKID00hGT5zy//ANstqzgWqr/8qJ/7W6EjJs9Xj1wvT/4bb/8A5Dj/APKEQUdMQG+GMDgBXgr5zywfF61g+e21Y/8ACiD4xWDG9HWZ/wCReo/J0oGPDQnUFK7OYshUX855o34ydNNP82CrZ/4MqVH8Y+kC0AyzDPOWrf8A8MoRxSxHPqwJgs9t/FQQH/7WFeCfMYmP4v8ARryB848E+ylj4p9FvwP4tG3/AJjjC1D+nrLNtJbKc55BjGChO6P6aeB4tkonD08EBXlgStyUcfxO6Mdt/HKbJ9XqXD190lMQG32j3/8Aoilu6F6Nk+rpui/+5hA/9nPQZ56Wot/8A/6IsFN5JUPVXTk+zL1R7/8A0Zv/AFUmOvpJyBTVUUud8NdlVn/s16C//pei3/8AoYVlQ9P2qyxiK10FPTs9I2BqPAuTwSA53dc8cj8KfjbCWkeimUA5A/mmj6wQnfNw/wBR/RE0N9AuaB6D9FMFt5E2RjhkOC6S0/iCb8uzOdKRpITyD+RUwTJzA9UtPunG3Qf95KP/ABIfyQ/DUSj81ZMj9JXCwclN+Rqwcx1Ocf1lc8OvZsfCf9lCOR3TjhLQVz/eRu6Ibei6ypafKYntI9VXsH2cII7JpeTsYwfuieNEPqOMpoLHbgjf3VluWCDV2+grsfNW6mkxxmMFZ64/Dboe5F3jdO0jS7uwFpH6ELZMYDsRlOfRU7mg6ME91A4yweZy/CCzU2kWe73GhaPwsmJCYeiusbb5rR1i6QcFtU0uGP1XpDqMeqG2Ajt+aoLPJ58H/Eq3OIc6nq2OG4ZnZEh61vNF5bl0/VN07F8bVvDE4cbJhhDzpeAfuMqEckzHw/EilEgzT1Iz/W3hXNN1rRVABGsZ7FTqrp+gqm+eliz/AMoVZL0VTfVC98Z/wlWDwWkXVNqxmZz2/cKwpbxa5AJBURkO43Cx0vSlRGcQyOkx/VugPtFXTgOmpvL/APQxgqi3FM9DbVQy7wSBwT9Tuey86Z8xD/cz1DPzR4bncoTn5yR33KsX8Z6IwkHJThU+oWJj6grAMGTJHurGm6maGATMyQoB8aNOJteNkTxOFTw3mjkYHh+M8gqTHVQvGRI0591WCfGTtiEIwMcckDnKY2YOOAUQElVjAtwa5I0luhcS9g0eoCB4FRHljZzgcZVkXae3KG5gcrQWEiGyeVnllZn3CI2Zj+yfpHB3SMTXDAwPyVyltAwNyDwV1Ckp5wf5RTGumH1s3QqwPCDafdMLMgg9/ZObM14HqnEgd0xSx0MfHRSV/TlsrYtMsQa8/iAWPvHwxBD5acNe077D/RekuaktENTZAZTqrIPs+db58PWBz2vpME+jVi7j0XW0Gp1FLI3fI0HGF9bTUdJMS6SBjjju1ZW8dD0Ndqkp2iKR3YcFbqPIzi/uOlT5DH5nzrQdW9Y9OlsU7zUQs/qBJwtr0/8AFOyXDTDc5PlZeMkbZWmu3QE7I3NdTatPcDOVhrt0HaZi7x4Sx5HLRhdavyEZI3Q18JdHo8VTTVUbZqSdksbtwWnKIOV4i6ydUdKv+Y6auTwwHOgnIIV7ZvixX0kjaXqigeTwZI24/ZdOm/JthZvPVHxxzxlkrA5p5BWSvPw46eusjpDAYHu5dFsVZ2LrHp6/eWhrmiTH93IQHforst1DI3A7rZC5h5PFbr0N1X0291RaKp1bSg5EZJLgFHourJWkU1dG+CQHB1DAyvbtAPKq7x0jZL6w/NQHxHcvxkha4aj9gykmYqiuInjB2dtyFIawSnjCh3T4bX6zOfUdP3DxYxv4bsql/wBpqy2SimvNFJC8bF4BAWyGog/Yp9Gjmgx9IUV8WQcj9kWluNPXMD6epY4ntlH0SO/CFrjcjNOtPgy926WoLk1xdA1rz3HdefX/AKFqqJxlo2lw5x2Xsj4SBkgIBp2ybHZdDT610s5Gv8Pp9XHa0fPD2yQPdHLGWuacEEYwuCbJAwvZr50HbLo10jRomPfsV5xeejLjbJHHwi5g4c3dd2jXV2L7mfPfJ/T1ul/21lFK0Mk+pKSijc3MQGShujMZyU6OVzSAQupXqZR5ieL1njK7c5WCLJDLB9Q2QXBkw0PaHA+qu4/lpm6Z0Oe0tcCaULbVqt/E2eK13g51zcoGVqrCCDJTSYdzhU8tRVUEmJonADuFtJKKeE/zG4QKilhmaYqhjXA9iFqTzyjzt9U6ZbJIr7N1NM0geNqA7ErWUV7gnaA4gFef1/TlTTudPQP1N509woNNeqqik0VLHNxtlV8jTxgzyo38o9cEmsHA2KE9uFk7N1Y0YaZA4HsTwtdT1dJWMDmPGr0To2/szTrlB8gtTmFPEhd+SK5jSCNI/VRTlhJ0/umZAxgmMnaAA92CnyBrgCCCq8vzthEEpGFMEwSWgAHPZZXq/pmkudK+dsQ8YDkDlaQvLguSgEDPCTbHKGUWSpmpI+brpaqi11JbIw6MnBwgxu3Xs/VvScNwhfJFGNRG4C8euNDPa6l1PO3vsfULlX1Z6Pa+L8hXOSk2GhqXtwAcKUJNQ3VRHOCcYUyKbYbrBKOD19OplLphaiPVwFXSRHO4ViycOG4Q3BsvAwktGjduK1w07kpMrpYnDS4/qjVEJPGyhPge3fGUBcZyg/tL2huoIAlcrJs4e0HbdYzxHB2W7YUhlxnjwA4kD3S95pq1mOJGqJxuShOl1AjGFT012BwJcqa2dswyzsrTybI6lT6DOIIKhP3ypBPIyhdyrXJbsyQ38oDxlSnoLhlV0Km8ER49UCUYbsFNk2UZxHdLayhE2QZWkZyomS1/HKnz4xsoM+BvhInHJisfOSXSzkEZV1Sz6tOwWbp6gNdwramlGAQs81wdnQahKODSU0gIypbXEEObyFS00+kjJVtTya2jZZZQPS6S/JeUkwkjB7q3oKgxEFhwRv8AksrSVGmdsZzytDSP0u9dkh8HodPduRopnF+ioYeQCCg3HzRx1LORygQVJ8Lwz+SkBwkiMThkOQHQUskNw8aB+ManDKh0kvhvHGRtypVGTDO+nec5+nKq5mupql7H8hxKgEnteTRNm8Zg2VfVsIdqwu0E5AwQjVGJGZCg3O9Eanmw7TjlDrmhzM6UNzhFOHZUiVwmgPl+yglozriWykjkFayke6a2gvcM6cLKzMLZDnucq2sdQ4xmF7+TsjRnzgdIdPlKgUR0ySsB2yrKsjLJz2CpjqhqTvsTlaYPBmuRQdSR6JnZ7lU8MuSAtV1JTskg16d8crG/3bxldjTWbTwXmqMTf9yzYMjOU2Vnl9UOF4LRgoxOpuF26pbkfMtTD47mhtC7TUKznIe0FU5d4UgKtYneJC12ey2w5RktSQyMkO5T5PpQnHDwSiE5ahkCiHUDIVW8mObOO6t5RkhVle3E2RwlM26aeyaZa05OgZKFXsDmAn1Q6KXXCATkotYNUYA9UiXJ3t26KZUx4Dxv6qXGcgHKgSZbMWYxhSacg7ZQi5S2kerBEmT6qJIBgYU6vADc45VaMkHJ4TDJZzLI14wSAgEHKKeU3AQBLoaeD9kF/BUh30n7KI9pxwk3FoY4AEgIeR6rru6ET7rDassegjOVNi+gKEzlTovpH2R0rCF2ehy6OVxJaRMpbQg4Qi7c7JHbYFcQYA7OtRKduupYOwQhyp9rj8SpHslW8RyadOszSNNG3EYwMDCvrHH/ACtWN1TNILQMcDC0NojEdOCRyuLbLKyz2Gjr+9JE0nCBKeMFElPdRnHss0I5kde6XGB+dIz6IdFE+orw4cDldlfob+Sm9Pxh4kn9dl3/ABlP3ZPCfU+r+KjbnstZXlrQ32UiyUD62vY1g4IKizjUVrOgbe6WsMhHZemguD5lqZbYbjasiNNTCMYDtOFa2uF0VONfLtyokrBJK2Fo3yMq1iGAGkYwMIJy2s4krN7JA4TgMpHgJBwaC4nGEIMVlmX62uWRDZ4cmSYgux2CurFQNoqOMaMEALL20PvnU1RXvZqhgPhtJ7kclbloDWgNGAEwKfCwGZyq3qSsMdK23xn+ZUnTkcgKybhpy7gcqloWC9dQzVrwfBpz4cfocKGfBeWe3i30UcecuwMk8qemhvZdJwqLFK4jAHdPgGTkhAbqklA53U5rQ0Yxwr7BbwP3DeeAoxOSpBdsQSo55VooceEMk5RDwhOOASVGWiFe7rTWS2z3Ssfphpo3SO39BwvDegYJOoL1ceuLk0+LVPIh1fhZ2wr7419QG8Vtu+HtuLjLWvD6ktPDMjA/zUmGmhtFpjpadgDYG427lKslg6tVcq68LuX/AKGW+J3V/wDs9ZamoDgJ5QY4d+D6r5lmqJKqd88jsuedRPrlbD4o9TSX69PgbLqip/Lsdi4clYtrdKxTnk9t4nSrT0ptfcMLsohQkYDKj57Ow1kc1qc84HCTQACScJjnZ2UAQM5c77I8WyYwZ3IRnNABIUJY36GLqHvn2TxwglLALHojUFOQ9klyjr2YGcqDO3JBwrH6gRhRKlukKprhF18EEjBwUxFeN84QlkmsmuIkkkkIQJFSQlCD0kklAxJJJKEEkkkoQSCkia2+qhAa4BhdBGUt/VDJ4IMAwnpqcgIJJJJQgkkklCDUk5JQg1JOSUINSSSUIJJMSUDFnKWSkkoQ7qIOQURr3DbGUJPUInjlEpk/AJ49USYtcwOyFXvJBCOyTAwqazwGrX0wEwIdwk1PmIOMJkaqKwBJ5HKXSk6cHsoZUumIHJRYyFTLbMfM3BG6HgeqPMzbcchRtJHdMaKu4mdSZ2SSZ2VCzh4UY8n7qSVHLXZOyhaGpJJKBCSSSUIdHK4dl3Q70TsO/p/dC1kFnAdPupFPIG+R+wKBgp45UTwUzRdIVEsVc+LV5HDhblju4GfzXnvTkmLgPcLet24KvJ6Dxdma8EsHKK1R2o8fKjOwGGfyRB7prSMImQrDEzlGZ2QWfUEZnZUNiyUz6QuprOE5WH2cPCEeEU8IWcK12LmAIOonGyXcIhwhk+bK0LopHm3XgAvf3YqHI0q769z/ABsY/oVACccoGeC1ixqJr+538SIOEMcp+dsKjMdwFwgYTPxJ4IwoQZjdPBGEiQmEnKhAisemaJ9Xd4QPpackqtb3K23QNul/m17hhp8rdtyU2mLlLBl1lvx1M3DGhjQwcAYRCmBpxwiBuDuF1oxxweVlP2PAwiDdca06RsiNGThPSEyY6OM6gQi1LiyIhvJGF2JoG57LjGuqarGPIzZFgS5Em3QeBTgHl25UpdawABo4CWn3RxiIm8g0k9JWLEkkkjHBUSH6ghokXIVEn0WUWzAAnZKGz6Qu5wjMr7DZKWSh6guF7ccqFYH6glqCjmXfAXDIQOP3ULSyS9YIO4QvEwMlRvEkOw5KTI6hx/mHbso3g3UeN1Go/CIV0/IAUdznHKP8u4bkJjy2NuTshcsHe030xZKO61gBqPJQyMZJUatvFLSgjUCceqzFw6gkmcWxybKLk6FXiKNLLLWTSVNbTwD+Y4fqqSv6kihBbFhUFVWzSbyOJyqyariGdR3BTI5HNVw/FFtVXypncS04H3VbNPJOcyPyoTqwcNCB8y4p8Y4WRU7PRNJHqo+rDiQo5nJ5ykJCTgBTfgzNuTJBn3HlSMpxnC5BE6Y4AVhT2uWQguGAo5ItRkyvd53NwpcFDLJgBmQVbw22jhAdL9Sc6UxjTFgNCnawGoe2RYrbBGA6TkeqK51Mz6Tv9k2SRzzuVwMz2yVSTyXJJLhA5Z3nbOyjcu3KmGE5Ae3ZOEMAH0bppnlHPJGbG7Cb4ZKlnA2DUI63bNZsq6FtMEQByVHke1nfKkSwSO4Ci/w2pkPKW20SNTZzxh6JhqgOyL/CpxjUdkUWyLAyMFA4th7MEM1T/RDNVUcA/sp5ocbaePdPFIBvgBFsFvgrfFqjvqXC2qIwXE/krPwWdmfukGNHZTYBvKww1X9P7rngVR2LQrUHAwF0OGcKbMFxtwVXydSeQE0UE4/CFciNxGdK5oKtxJK3JVCjm9B+qd8nN6KzEbicBdLHDkqthXyFZ/D5j2XRQTA50q1DXHsuGN4OMIlHBPlZWigkH4F35GT+hWXhH1C4Y8cuCLCL+VkAUT/6R+id8qRywD8lMLQO6WB6qtqK+QhfKDPCeKRgGCFKwMFMwPVDgpSyC+Sp8HLQokttiJ8oAKnvBPBwkqccjFOUeimloZ4zlo2QjrZsQrvTnbCjyUzXHOlKcAvlk+z2tjs7ZRNHl2GfzUJj8d+FIjqDjBX5inE/ZOUEbJPE7J2CkCYOABG6ja9ST2u2czZKwxm5Eo7jKGTq7cIAqXswH7hGieyUeU5V4C3CzjsmFuQd0XT7pafdV8aaGpkUt0Oy06fstPYviDcrcWxVw+YiH4vx/qs85mSN0IxOOxKRKrIxSa6PabJ1VbrwwGlq2tf3Y84KvGEkAnuvntrp6OQS08rmPG+WnC1vT/xJrLa4RXRjp4eNQO4WaVTQ6Fmez1wHK6qe0dUWe8Rh9JVN1O/ATuFbg5GVndbQ5STBJzPqC4RhcShocEYXcj1QMn1KWT6lQgV4zjPHceqzXUnQtvu5dU0LRR1POqPbJ91o9bfVEyEyM2uAWsnkkwu/T87KS+05Ech0xTDgn0KmRSQz+Zj2u7bFemzQQVcLqapbrjfs4LF3b4atptVR01MYgN/AJ2RrkvopnUwb5mcHfCGGuB5IQTXVlrk+VvNK6OQd+ysYZ6SrYPCc0qmv0HuQ+mraqDGJSWjsVdUd/hGGyNwVTCmeXeUZaimlj2/l7oGsBJmyorwzZ8NRpd9+VfQ306MTRhx9R3XlgBbsHkfmrKgu1XT4aX62js5LlHCKxlnpsNXT1IGh4B9CnuDRuSsZR3qCXHm8N/urqmuDpGgOeHAcbpTyibMon1VNS1sZiqoGSMPZwysjdvhxSOLp7NUOp5edOrylaxj9Q+6RJzkORRk0A4s8vlhvlnk8KtpnuaOHNGQUaCtoq0ebQXe69MLGSDD2B33GVmLt0Pb6kmW3NFM/nybAlOjMtMxF26Otl0BeyJsUh7t4KyFy6CuVDqfD/MYNxheiVVuvVmdpliMzB3AXIrtC7DJRg92u2TY2t9FPk8efBVUMmHgxuHthXtj646hs7mmlriWt/C45C9DrrNZ7zHpkhY1574WWuvwwnaHSWlxzzjKPdkXtyaqx/G8PYI7xRNBGxdE1b+zdU9O9QxtNDXRmRw+knBXzNcbPeLS8tqaeQFvcAqHDeHwH6/COd8ZGVWxMGWUfXklveW62YcDvsowhIJDhjC8F6Z+LPUNokaJKo1cAwNDzkgey9Is/xp6buf8ALukRpH8ZzndDKvjgrca404O6A+Eg5xnCn0z7fdKdtTbK2OVrhkaXLghxseQs8oYGbirMAGQQo8sPsreSIemVHMQB4wqw0RT5KgwO0nLdlXzW2CY+aMA/Zad0LMHb8lDlpt8huFbkN3ZMZXdOEOMtMSD6tUIuvFqkEkcshP32W2khIGzVDqIC7bAVB5RVUnW0flirosO4JCvaO426uGaSqY5x3IzuqCqslLOS4whpPcKqmsT6R2uglfE/kFpVyeCzdmFzeUOSPjusLTdTX6zPDK5zqqLjzb7K9t/Xlkq5fBnd4Lz2dxlEiZLcwwu2ezVlAkoIzvGMKdBXUNb5YJYj/wAuxK7LCSQACoTcU8tvkHbI9lFfRe2FfmB4GccobontPmjwhcclp5ZQGlePwfuhmndwWq/8NpBAZyh/LgctQyi0WZ2S1wyO1PiAJVRcujqWuJOgNPqAtwaduD5Ao0lPjgKk8C5YZ5xHaOq+mp31PT96q6R2eY3ktP5dlqrN8eOsunWsh6it8dxYzYytGl5Hv2/Uq0dF2IUaa10szsvhbk87JUlkB1pm7sHx06G6haGSVn8PqMbx1Z0Nz/z/AE/ut3BVU1RGJKaUSA77FfNF3+H1BWZlhGH84VZT23rPpJxqOmb7WUjwdm6i5n20pfxpiJ1n1YDnbCeO+V88Wb499V2dvy3VdkZVlgw6eF3hucPXJBA/NeidO/HDoC+N0SXT+HzbAR1g8ME+mr6f3QyrwK2s29XaaGpB1xBrj+JuyqKjp6WEeJQ1Lg4diVfUVXTV0LZ6aohmY8Za6N4cCPYjlG078JO0FrHZm21t0oY2ioiOB+Ju6mUXVXhnE05b+auSxpGHNB+4UOfp+3Vb/EdC1pPOAqwC4JljRdR+JgiUOae+VdUt0p6gAasErAVHTNXA4y0E5AHZAbW3S2ODZ43ux3AS2siJUbj1VkwOEXY75Xm9B1W7xA7x9J4IcVqqDqKCcNbI4AnuCq2mazTtdF7qz3XQTlRm1kLuH5Tg/O4PKszyg0Sgdtyu5Hqg6sd10E6sKgMMKkuDhdUKGJJJKEHpJJKEYkkklBbEnpieoUJJJJQg5JJJGQS6BlcXQcdkLFWHEkklQAkkklBo9dZ9QXElCpdBxwupiShmY9JJJQgkkklCCSSSUIJJJJQgkkklCDsBLAXUlCA8BLAXUlCCST0lCDEk9cyFCAk9JMUIJJJJQg9MST1AW8AhuieGRg4TUZGUN0N9EsMXTwuqAyltG4b25TsHGEhyjADCtLItzz0Ba0g5RABhdwElaRYk7ATU9UymJJJJUCJcwF1JQhzGUsYXUlCCSSSUIJJJJQgkxPTE0I5p90tPuupIwRJJ661QpMWhvoupJKFiXCcrp4TVAZPA7bsF3A7LicBhQBZZ1Ac1ruQjoShaG+HGdiwFcNDAeAQfYp6ITgZUIyI+gDNxUSb+64G1EflBD2+/KlmXPZdcoXlogF9QD/c7fdcMjWD+aC0lTlzTGc5AUBU2yC2anJA1EfkiiJrtwVIdRU53LAED+GxP+mZ7cf0lVyFuOeE48DhLwpGjzN2Sdbqof3FXx/UUJzbtTjUHtkHcKFpjyD6cLmqPiQAfdDNVMN5aGQf8oXfmKWT+8YR7HYhWGmd8Gmd/woz/AOEKLNY6CZ2vRpzyBwp7PkXjLG/unCLXwcD7qF5RTu6aoyf5ZLSo8vTb2n+XOPzWg8Jw7FIjG6omUZOS2V8LyxrCR6juufLXJn/DefzWu1kDAaE3TzkKETMrHcqulePra4cg5U2HqOo7lXBpopNnMac+yjTWmkfxG0fkrKbHRX+N7BrIz91OgudPKNnblU8ljgP07FAFmqG5LXn2UKNKalpGW4OU0HKzhprnGcMy4I0NXXQnD4yce+FXYCRoCc7ZXCA7lU8V6y3zwuUiO6wPxvg+hQ5I1+ia+JvLRg+yAXPHcp0dUyTAHdFIa4ZAU/wVkAJJOJE7Uxw2cn+GPRM8DG/CLBYgSe6aW4XTHKN2NymB83eJRNop4OuZqBHKp66x22eLRLSRue4klzh6q48Vn4stPphCl8N/4sfktFdrXQcZuHRhLj8PaOo1eDOY9XYcBYy7/D2cP0eR4adiW5Xs8sDh6EdioM1I2QYeAQtlOssg+zVXrbInzld+hPl5zKIHxSA5a+I439UO3dRdbdL5LJxWQx7NZKTuPQr36rsNNKSQ0E+hCoLp0nS1DHMfTN/RdGryc12dGnXuXEzJWj4r9P13h093YbfVu2Id9BPsVr6WrpqqMS0s7JWO3Ba7Kxd1+HjHuc+GPYD6SFlZLV1F07P41rqZGhpz4ZJI/RdejXQsXLNsboz6Z7MARuRhV1zsVqusTo66ijfnvpGVhLT8Va2le2nvtJqA2LgFt7T1VYL40fJ1rA8/gccFb67EuUO7MPefhX4Oqq6brXwSDcRud5Ss5He+ounJfA6htcnhA48VoyF7Y9hxkb+4VdWW+nrWGGrgZKx2xDhlb67wGYWhvNoujA6CoZqP4ScFSXUvdvHYhMvnwktlQTV2SaSknG4DXYblZKabrfpGYsuMBrKVvBAycLbXbl8ims9mpfG5uxCBPSwVLDHNGHA7bhQ7V1rZ7riOR3gy92v2IKuTFHM3VE4EHuFtjLjgRdUpdowF/wCgYagma2tY3GTowvP7jZam3zFlTGWemQvdZIJY3ZG4UKut1DcWGOsp2Oz3IXU02ulBKLPM+Q8DTqPwWDwt0R28v7rvjzQkaXbLc33oGqhc+e3ObJHzp7hYyppXxPMMzSxwOMHYrt6fURs6PAeR8NfppYkuB8dVTvx8y3J7KNUUUUrjKOOya6nLSHY5TjPJCBg7BdSu+Uejw/kfDRmnJIjSUrmHZpwFU3fp6C4gua0Nfj9Voo6uGXbGSnima/da4WKXZ427x9tHo8muFkudmk8WHU5vOyn2fqeeHBfKc9xncL0eejilYY5Y2uaexGVjr30TBJqmov5cm522Ry46MmE+LEXtr6rinaGyOB9+60DZI6hgfGQQd8rxPNxstRpqAWtzgOWksvVczcaZRzxnZWrmjPbpXL7oHoUsfcBCEhB3CHRXSKuY3cNcRnnlPlYtCsyjK63F4Y9tUB6Ihm1jICrJnFjk+Gokadio2mA44JjpNeW4WP6x6OiuMD54GAuIzgdlrI36vMeV0uDm4PHos10UwqrZUyUos+cq2iqbVUmnqGkYOxxymioLQBheu9adJ010p3TQRASbnbsvIa+jqLbMaedp2OASubbVk9n4zysp1rAeKY8onigKAycYGQn+Lp91hnBpnrdPfGcUyWTq5KRjY4YIygtdnBRQRjcpbNeVIBNRjSXRN47KG6F7BlzVcNla0gYyuTaZgNklpZBdWShdqzxjCc2oqI3BzHkH7qykoAfNp/dRJqJ7fpCgLjOv8R8d2kaNMgBKmsrIZWA691RS07w7jC45zogMAok8FR1U63iZelwO+UBz/ZVkNweCA84ClNqmPGWuyrHfyo2HXv8AQIDyT3RnEFBez2VNElPcgBGo5yodWwgKeGY7qNO4OPCTIzSb9lW4vikCtqOo2GVWVbcEbcLtJUlrhkLNOP6D017hNI0sE5yPRXdBVDAGyzMEmWBWNHIWuwXLLZD2ep0eo2vJfB+ioEoOQr6gqxJvkLNRnUPf7qXb6nw3CJx7rLOJ6TS6nLX6NlC7YKZE/ICraaZsjAB6KVBIGE57oDuQmPqnBlTG/TzyVEvTMMZVMbnGx+ymVLRNHkfU3cIE3+9W8sYMuj+pUHLlYI1JMNDHNPKsANcYGcKipXljXMztnb2VnR1HiDQTnHCgNU+drI1Y0tkwduykU8gMIb6LlziMkXiDlqi0r8EDPKhUpfdgi3BgbISB2Q7XO9lVjtyplwaA/ONiFVB5jka5uxBRRWRE3iWDS1pE3nA7KlnGH6j2Vsx/i04J5IVPcHFsZ25KbHgTqOI7gNxjNVSua3kBYWsY6ObSdiFvicwkeyxN7iLak57ldCpvg8n5urdFTQyAk4ycqcwbA5VVSyngnhWMT9hlej0zzBHyryUdt2RlS3zl+MBTqB2acAqNVDVBsN1yjl0kMW2MsHPnmRKqCQ8YCdHISNwmzYwCQmMkxsByrbFrgfL2wMqsuAwA4DO6tHHPZQqpusbhA1lDK5ZZEtkp8bQeMKymO2/ZUrXmGoa4HurbxMDPKyyWOjuUTzFJlZVtxMThOgcccrlc4anSBMhcNsqkSxhKwZaFW5w133VpM3U1Vb/xfdWLfBHPK4unlcULEhPA0lGwUJ/0lJtIuyFPsThAA3CPUclAWKfZqiuA8XKlxcFQo/qVjCRgJkBNvY/BXEXYgbLhA9VowZ8AUsFdxh2F3uUpvAIlaWFodUHKq1obFAxkHiafMTys+oltrZv0cW7UW43wtPQDFGxZ2jY2SeNjuCVpwGRxBo2A7LjWPCwew0fD3A3ndCB2JTZM6xuujAbucKVLI6+eOSLVy5On1WltMTYqFmkYyMlZmlikrbk1sYy1pwfRa/AjaGacAL1mgr21pnyfz+p+fUtZzgWNs5XpPQNuMVP80W47LzyCEyPa0DJXr1piNtsbA7AcWg/supnajyGtt+3Yg1ITNVyPA2Y4hWTdlDtsYZT6sbuOSfVTGgpLWWckODjsqTrG5ut9oc2I/wA2fMbfbPdXTRsSeFhbrLP1D1lFQxuzS292qYDgEDKi4G1vY9xoukLZ8jaohIB4hGpx9SVoW7FR4IQANOzeyktbuOyYBbPMsojXurNPQ6Yx55ToHspNkoBRUTWjhx1fmq5kbrpefD5gpv0JWk0gANbsAMAKhRxvdMmdjCIBhMaDJJsMqFhaNmX5xyp7gAFFiIY04Cc6Yu2wrwANdscZXElwkHuiIdG5xlU/Vd7penLHVXWrPkhbnHqfRWmrR5tXC8M+NnUtRf73TdEW2fPMtWAcjO3/AKocmjT0fPLBUdCsmvF3rus7hGXTVL3eGSfpz6KP8YOsRaLMKCjnDaioHnaDg6T6HstVSRUtgsw14ZFTx6nn7BfNvxD6ld1H1DJLnLIiWt32Gf8A5izWnp/G6V67U7sfav8A90Ztx1OLiOVxIbpLOuD2UYqK4EiRAEjKCOVJhBDd1Cxs22AEFpyU+cgu2XGg5UIHjAxnCaiM+kIahTOY3ymp6GeFnsRR0EZRmHAUU55RQRhXCWCSe0lMx3CFUx57JzOcI7wMA4z+aKXRcYlNI3Q7CARlTKuMiUuxjKi4KTJD1wDSSdhvKSQxqEkkkqINSSSUDEkkkoQSSSa/6SoQHkJuSmknKcoQbrd6pA47LiSALAVJJJCCJJJcJx2UIdSSSUINSSSUIJJJJQgkkklCDEkklAxJJJKEEkkkoQSSSShBZykkkoQ6DhSaZ2H/AHUVGieGHJUIuy0nH8rWBv6KGfXCmDzQB2NiFHez0TFHPYVy3PcASSPKSIUOQnNbpOyKmOGRgKiEY8ri6QcpDlQg5JOHCShBYCWAkkoQcQEItIJOEZcwEJCVa5XsrIyx2DqXpELtTWnPYLzWikEVTG93AK9DojqjYfUKjseLnxtJ8akjhR2jDgpDdwozvRQUE5RAThCHKIOFEMCtRmcqPkI8bgTyoNi8BhwjII4RlYztDEyUbZT0KVw2wrXYAIuOohM/ECu5y7KaeQtHoDODznrof++v/As8tD1yc3rP+ALPIGeD1j3Xzf8AcSWeySSozCSyUl0cqEF5ilgp4Awu6QoRjoGF7w31IC9gs1HFSW6njY3bQD+a8/6MtQuNz1yDMcPnd/0XpkbQCAOOwW/TR5ycDyWo52ILoCK1oDshcZ9IRF0kjhSY7YgbIjIznJTW7FHjy7YbIypSwdDMNIapNPCI2Akb8pjWDG4R2o4oz2P9DklzIXUwSJJJJQgkkklBw5SadpHKjt+oKTG4Y2CgL/RLc8DAJCE+bA2wgSvyQAnxwl3flE3gdptDdqp4rjk6J3k4wutD3dlLgotWHEKVFShv4RsluzB7LRfRs7cO32QG0r3coraQ44Vk2JoOwRWsbhV8qPW6L6P02me6ayVTaMgjAH6orojHgnhGr6yChi1PwSeAsJfOtqiYupKXAA2cUqU8s6N+l0+nh0aC6X+jomva06i33WOuvUdTMcAYB7ZVJV1s5yXSElVVTWvDcOOUccvs8/qbkkT6quMjtTnZKrai4Fm7Tuob6t7iVGc4k8psTh33OT4Dy188hxqwEF8xyM7rjWk5TfBOfumxM7k/Y/xsjjlJpJRYKN0rgANzwrWlscryC7YI3LAOJS4SKkNLiABuVZUFpneQ5zfKrumtlLABqaCVI8RsQAaEO8dXS1zIj09uhiaNgCjkhoQ558kEDCF4hfsFbWQ2lEI6UbgnKAXb8LvgvJyiiDblWCAwU8AjhPDN+E7A0o8gATkrjc+qcQAeVzLR3TRbwhb+i4G44K6XNAzhBNRg/SqEvGeA2ATuitewDcqJ45IzhDy8nGVTwy8pInGSDG8pQjUQDh2UEU7nb4ThSZG6iBbb6Q11S0nZq4XeLjBwpEVNA3++K7I6hjb5dyoLksgREDjblOFO38QQ3VTWnyoMtY9+zuFYkl+DA3cY/VLVRg4A3UASvceU4Z9FZCdrYeOEhp9VEDnYwl4crvp4VAtZJOuIfW/CXj0o5OcKP4TvxBc8DB3KmSg7qmPiMZQzVTAc/suCMBE8FvqqIA+Ymcd01z5Xc5UpsTR2yu6G+ismSKC/ullylaGf0paG+imCZIvmXNLvRS9DP6UjEMbBVkrciJgpYKKW5OwXNHsryHkahKT4fthM8EeiXjAZ6gCcojCANkJMaT3K/MTSP2OmTPFLSO6kR1HAIVeH4Iz2Ty8Y2PCW0hqbJr2NkwWhNMckW7HaUCOoewjBUjxdYGUGBnXImTyE4ecqQyTWNgo2kHJaU0PfGctKhaswTSMpOaFHjqT+II7ZmuVYyhsZ5GkA8oToRzhSE3RnslyhljkyPE6oopRNSSOicO7ThbLp/wCJdZby2G7Rumj41DkLKbM+obJo8B30u3SZVJ9Bxm0e42jqG13uMPoahrjjdmdwrEnHIXz9C6roH/NW+ofE8c6HYWrs3xNuFDoiu8Xix8axz+ayzo2mmFp6uuOVVZOpLPfWZt1U1z8ZcwncK2GQd1ncGNyhul2M52XWvcTgp4cD2S07ZwlpYLOtcdlKY4AcqEThPyUSlgFrIrjabddojDW0rJAe5G4/NYy5/Diqt7nVVlqC5p30E7hbmN2CpDZCQpKeCsM8nZWV9vf4VfTuYRtkjYq1p545MFwyCt3W2m2XSLwa+HW322wsnc+gLhT6p7BWa4xv4Mh3U3DU8A3Q0UrRoHm+6GbfOzLg3ylU0lTcLXIWXOilgcDjVjyn81LpOoHOxpkD2+gKhZLLHxEFzTsplNUudjwJsEdsocNbTVIw4gH3TjSMb5oSAfVScMhFnT3OsgwJMkeqt6S8U04DXu0P9HLJGSrjOHbhTIHUswAmcWOScIvJs2uBGRuCngE8LLwVlxojqilE8P8ASeQryhu9PMAHgscex2V54AJj2AjD2gj33VRcOkbXdCXCMQyH8TBhXQe2Tdqe3PqhUmiHntd0jfbY4vpW+PEONJ3VWy8VFFJ4VY58BHZ+V64HHBwoFdarVdmGO42yCbPctGQmwsKZhW1lHcovDniilDhzgFZ+9fD2y3QGSEeC492t7rY13wxpoi6exXKSlfnIif5mn29lnamn6usUumqo/moh+KMJiuRTimed3P4bXi3MdNQTNlx+AZWXqGXSgkxX0kjAO5avb6PqShqz4c7TDINiH7I9VZrVdIyJI45A/wCycrExEoHj1q6uudsw+3XGWMt4AecD8lv+n/j7cqV7KW90kdVGdvJsfvlQr38IKOoDqi0SmGTnGdisLdOjOpbQ9w+XLwzk42IUxuAeYn0VaPif0heGkCr8CQ8skOCCtLGGTsEsL2uY4ag4HYgr43MlRDnxmGNw5Kv7F8ROpbEwMt90kc4H6XnU0fklzrIpL+o+qXRkDJGyCY24XkfTf9oIhrafqKhyBsXRt2+69MsfX/R1/wANo7nEHEZ0OOCPZA4ZGqa9El9MHE4UWSj9dleOpGyDxaZ7XtPoUF0WNi3dBtZakUEtJjfQoclMDz2K0To2uyCEGWhp3fh590GA4yyZapt8E4IewKkrel6GfUfC0k+gW5ltzP8AhqFUUE44j29VMBZPPX2W7Wr+ZbqmTy8AlGg666mtZa24Unixt2OG+Y/ZbF9C9zcluAFX1Ntgn2kYD+SNFqQrZ8SrDWxA1PiUzhsRIMbrS0dyornEJKSUPHfHZYC59IU1S0uja3V9lQ1HTlxtz2VdHNJHKzYFjv2UCyj2MUzSM6diuPpARjjPcLyej636ttRaJR47e4etFQfF21FzYLvRS00h/o84/wBFTBcsGufbZW+eGck/0v4QJKWpjbqewEeyVu6v6cubwykucb9XA3ac+4KuyxrsY78e6Aoo2RCXLS1uU3+FTYyBkdlcSW4TOBZHkn02QTT3CmdiPOPRwyh2h5RVfIzt20bBAngyRqCuhdZKchlZRuLfWJuSnivsdVs8OYf8YwpgB4MrV2ikqtzAzP2Wfr+hKKaN3gtDXE5wNgvTRa6eZhfTSxkffdRpun6jGdQ/RU1km3B5NDZupOnZDLZbtV05bxpctFZvjd17Zp2w3uFlzjGxIYGPI9yBuVrJbPOPqIKq6jp2GocXfLN1d9kvaRwi+zU2b48dJ3HS26QzWt5wCZt25+63lsv9lu0TZLfcoZi8ZAa8bheBXToVksZfHGAfQBUM/R9xt7RUW97oZRwWJc68iZVpvg+r2yHBGEwQsl2c0H7r5ktfXvxO6fma2KsNVGwYLahmvI9jlbO0/wBoWaB7Yuo+ntAA80tM7G/2I/1QShjoXKvHR63UdNW6qkMhiDD307KoqOm7pRPMlBUF7Bw0lVlo+N3Ql0IBuPyxdtpnGk/otpQ3m13KIS0Vwgma7jw5A4/sg2sTKuS7Rn4Ltebc4CqhfhvtlXlD1lDIQ1+G9sZU4wsl5AI9xlQ5unbdUPMhhaxx50hBhiJV5NBR3alqx/LlaT6ZUzxmuOyxj+nzB/NoKl8cg90CKsvtFMdZdJjseCglyJdKfR6AyUHdE1LK0XVELsMqmOjcOVb0t1oqjHhVLSfTOFMZ6M86XEtMj1SyPVBDs75XQ7flUJ2scku6l3V7KFYOpJJKACSSSUAHpJiShB6SSShByaknKANZEkkkoQSSSShBLo5XElCNZDtIIXUBpwUYEYUESjg6klkJZCgAkkklCD0kklCCSSSUIJJJJQgkkklCCST0lCDEk9JQg3BTMlG8qGoQYknpKEEknpKAt4GJJJKFD0kkkZBo5Tk0cpygiYhyiAjCGlkqLgBcBUshMLtPblMBJV5Ghsj1SQASSjAjCtMgRJDyEshVgHBIJGDuEA8pavdMU6LHpLmQlkKyzqS5kJEjCmSHUkP8SeCMKZIdSXMhLIRkOp4OExPwUWQcHdPuupHV/SR+SbkqZRNo5JOyfRLf0UyiYZ1cIz3SyRyFzWFMoXsZ0DC6m6wlqypkraxySbrCRIPJAUbSJtZ3ISyFwb8JYKW7MAnF0DJwkkBnug+Qg/w9soQY/VtsitXcDOUaYDeCPKKxrcx6Hf8AMEI1FW3+8pwR/hGFYAY2CaGnnKtywXnCIXzgZjxGEZRYquD+oZKlujY7loP5IUlupZR5mYPqFWclOY0VDeW4IKaY4pRvG39Ex9nhJJE0g/NAFvrI/wC6qQQP6uUzouEgnyVOdywtPtsuG2RbGKomb/4lwOucO3hsePtlL5yWP+9pJR9hspkZuOCkroz/ACasEejyuO/iMe/gsk9V3+IsBGphGUYV0DwMOx+asm4ifNyB2JaR7T7DZGbV07jpewj1ypLJWvyBuuup4JBhzAqL3MEG08gHgu3XTS47pptsLzkPe3/lK58rLFjw6k/Z5UILwtJ3bhEDHY4QxJXMP0McO5IRRUtbjxW4z6KFN4OaHeiG6lbIRqARRU0x/HuUi9p4KsjBGjjAGY2/oo77RTvcXta1pKsiCcYC5kqkDvwVgtUrT5JwPyUeSC6xu0scCBwVd5K54blZfylHHdqiHyTU7iR7KZHd6R7Q4u0nuCrD5aJ/943Kiy2eje4uLMZVZLVmQ0NRBKzyPG/unsaCcqrksWkk087mj0yow/jFI/wx52jgqy3FPlF3LTxv5bglRJaRuOFGZeHtbioifqbzspsNdS1DBpeGn0JUAf28ER1LLjyP/IqPLSVIGSdQ9lcNi1Z0jKE6B8eS4EAooz29gqeChkD2YywoWph5x+au3AavMwZx3Uaot9NOcluD7JqsHK4qXtgfthn6Krq7DSSPMjoWHPOyuKq0Oi3piSVDaytjdplBWivUbehsLpQ6Zjbx8P6Kva91OxjHnfdvK8+vXQlwt0plpmvhe3cPj4P6L3MPbvnb80Extk5AI9xldCnyE4G2vWzXZ4TQdZ9R2R4ppakTMZt5xuQtrZevbXcw2OrHgS9/RaO8dEdP3bUZ6QRyH8UYwsFf/hZcKDVUWuQzs5DfxLtabyMZcSZ0KtVGX5G/gnpKoA0lUyTO+NSU1NT1DDFVQNkadiCMrxaG63rpyYNqaaqp9J+pwOFuOn/iLBWgQ13hbDZzeV2KNVGf4sclGzmJE6o+FNouxdU23/dZ+QW7ZKw8rOr+h5S2eJ9VTjbPOy9up6+nrIxJTvDgew7IdTTU9WwxVMbJGnYhzcrfHUY7KfWDy60dd2m6YiqP5MvBDtt1eOhhqG+JC5rge4KZ1H8KbZcNVRbT4E3O2yxFTB1Z0dNpkZJNC3vzstdepj6EOBsXwvhODuCqe9dL228sPiwsZJ2e0YOUrV1pbrkBDV/ypeN1dsLJWh8Tw9p9CttOqnW/tM2o08NRDZNcHkl86QudsOpsYmjHBaN1nn0viYBOD3XutRCHjS4exysld+i6OpLpqT+VIcnld3S+SysWHivJ/TiabqPMH0xgOWhdjqnZDSOFdXC1VVA8sqoTp4DsbKqmpSSXNAI9l2qdVGX4s+b+R8POt7ZokRASjPquvp2ZBLN1A1TxHLHYwiMryMCZwJWuNx5PXeKxzEiXmxUNxYWzQt+4C89vnQ9XbXGptz3ObzgHhep+I2Xjj1QqinDm7HCcnvOBZXOl4R5DauoK2kf4T5cOacEFb6zdR/NNa2ZzXfdRL/0XSXEGQRCKTs+MYP5rBzxXXp+qMTi8sadj7JrbiZ/gV3vk9jBp525BBPZBMYb22WJ6c6pjlkETn6XjsTythFXQzNyDgn1RKeTDKmcZOMkP8UxnGEVsmobFRHv1uOEmyFpCt8iWsEuRocFjusOkae508k8EYEjQScLWtnBG648ahseUmytSHae+WnluifOdVTTUc7oZBjScLjHAncr0/rbo+Ooa6to4hr5c0Lyyqp5aaQxyggtXOtpeT2njvIqxLBMa9uB5kXVtsVUiVwdjKkNnBaNyslleD0derjMl+KdSMJMjdQjIe6QlI4WdrBrjPJYtmBO+E/EbhwFXNlye6eJhjlUPysBpaRkv0qBVW+Vo2AIU1svrlE8XWMEYUBcYz7M7LTSDgITHPgyXNJC0M9OHYIxuFAkoy4HIUMtlLXMSALiGndjv1UllZBK3Z2CeyjVFGW5wFBDHQuyBugcmJ32QeGXBcHDIOyjO/q91GZWDZsjlIZKxwGCqxkjmprgh1TMvyBthRIjperKUDTlVsg0uSZICT2PJbUsxAAVnA/BBCztNPhwBVxA/LQcrJN5O9otSrIrHZfU1QdgSN1MDi1+sd1SU0uHNCuInBzAVlnE9HpbvtNHaK90hERHZXAcchY6jrH0soe38wtZTTipiDx3ST0el1G6OGTI3nAXaSQR1L2EeV+yjsOCjDGxwhbwb4y3oq54XU9dJGNmOy4LlNN4UwcTsdlJuHmna72wq2o2IIPCoXnay8m88JA3yFWxExPwexUykk10zdR7KJVs0vBG26sk5buQ1SRLBqI3BVNNH5wM8K2jkBjLSFW1ez+EQux55LSgmzEGn0UW57RZ09/VCt82JmtJUy4sD4CQO6YhNv3QZWU7i/AIWb6kia0vdoOQchaKMhrx91XX6n1skcBnK3VnD8hX8lDiY6nfhw35KtYXcYOVSjLX891Z0jwCN+y9BpJbo4PlHlKWnuJ7vMzGFHhOicFSmnI4UB5Lalx7LejjR5Ldzg5uQorfqRIDqjxlR5CRIW+iJrIprkmAjHKBKBldbnSPMU2XdDLouOYvJTT5FV7KwaR4Q3HChVwIc0j8ynQy+UDKzt8nUpn9qYyqzwhwEh3KfOc7ocJw7JVDW95Nd/dn7Kpn+s/dWriDGceiqqj6yqZUlkC5JqTlxhzlV6B9hMBQ5ttQU0cqFUj+a70S7RsOyJMgDko8oQByVis7NcAzPqUynJ22UOP6lYQBoATICLew4+lMJPCJ2QzytDM7GDlOHJTRynJEwTrQSQAtXb4vDpG47rN0Tdc7W4WniyxgbjhZdS8x2nX0EcS3FpbInSVLdP4d1fynDR7KpsrHB/iEbOCn1coBDQuRYsywep06205Y12CRuEGpl8MZG6aSSc5UavfiMMzz3WrS1tySZi12oVNLky26ThL5JqjsHFaLPiPy3ZQbHTsp7S1zG4LxuVPpI8k5/Vew08FCCifH9VdKy+U37LnpykM9zh2yAQSvTrnlsMcAG7wMBYzoWiMte6XTswZW1qC2e5QNbv4WM/daLP0cDVvNhMpY/CgYwjBA3UhgxuQm/iRWY5wlMyL9kW7XCG22ueplONI29ys90Fb3tgqLnUA+LWyeI4nvzj/NN65qfnpqXp6Ekvme2RwH9OVpaGlbR0sdOwYDGgKDM5r/yT+RtshVcjoaWSRp82MD7ogBUR7hWXGKlB/lxnLvcohLlkn2GjNNSeJJ/eS+YlWa4GhoDWjYbBLIUKGlEpm4JJCY0ZKlRgAcKAt4GJiemKRlkoSaTkYyuuOAVE1OB1A7+qkpYLXZWdWdQU3TdkqbpVuBZC0nGcEkdl4R0HQzXW41fVFwBdPVvJ1HsD6K4+Od/feL7R9D2mZxc5wkqtJyCT/8AMKuLZR0tmtTBNiOOJo1uS3LB16YuirPuX/oYr4ydTMs9ndbaeYa6huducL5zJLnFzjkuOSfdav4i9RSdQdQzSiQmGIljRnZZQ7FZpyye68RpVpNOotfc+WFZ3TsgclNj7pPaXOGEB0x8TclGmIYA0BKEaGlx7IMr9ZyqbFSlgbkucpELcDJCFG0kgYUrGluMKwQThg4C4k4gu2SUCEuJ6R4QYLwBI7pgJDuUVwJyhHYpQLJUTtwpgbqYq2M4KsaSQYGUUpYH1kapgzvp/dV8jA1aKWFj24A5VHWQkSEDhBKWRjWCul3Oy41EcPUrmn3WaxZLGpJJKghqSSSgYkkklCCTX/SU5Nf9JUIBPKSR5SUIJJJJQg5JJJCQGOU47JyHq9kLWS+xySSSooSSSShBJIKSrJBJJJISD0kkkYYxPSTFXRB6SSSsgl3T7pNTlaRBiS65cVEEnAkN2TV0/Qrj2QuYfNQ5zwhuILcZXaL/ALGQfRB7crRHouUuEMPK4unlcVC2xJHhJJQrIBzRqOyYpCCgLEkkkoQSSSShBJJJKECsODn3Xolpfrp4Sf6QvO2cr0CxkGmZj+kIDpeLf+oWuckKRjICjDlSRwrPSoIOUcEY5QEgd9yhTwEmGyUWBx1DdAHCLGQNyrGE4EYSyPVC1e67k+qiYYQoBJJ3RCQox5P3Tooghyunc/ZcHKcDh2U19C7ODzXrM5u5z/SqFXPWMoffpgOGjCpktngtRn5ZZ/YkkklQgSSSShAjU8BxIY0ZJ4TWbZWm6OsklfWCqfGDGw4yUyuG5ib7o0wcpGx6TsjbVamOeMyz+dx9jwFctbk8o2gNAY3YNGAk0ehXVoqweSut+WbkPiHlRWj1SjbnARo4yTwtaWDLN4E2MvOw5UiOPTuUSJrWj7Lhy4jG2FYhvJxrcHKJjbCQCejAbGAk90RN0+6cjCEuZC7jYoWoN3JUIESyFHfKcgAKVSUNVK4ZbhSXBt02hu1cttSHNLpDhrcqbS0U8hy6PYqXQWmUYLmE4V1DAYgAUp2HuPF/R7lieoWStjtkQwXM3UyOkhA2YAj+FuEVrRjhBKw+haHw9GljiMEiOIA0jDcJ/ghuEUt90GeQM5IH5pUp5OmqoVLJyRoa3JIWevHUEdCCWPzjjHdReoOoCR8tTZ1dyCsyaepqT4k5dv6lBkxanWOScKyLdbvXXSTxC8sGeMqpkGnJPPf3VxM2OBpGkcKirpAcgJkezzuuvjVDdPsr6yqOSAqySQuOcKZNE57/AFXI6EnnZaorg8hfbO2TbIQaSiMpzJjAVpDbmu3LVYQ0kUQBa0I0Z/ilJ5ZTQWxzjgsO/urKmsgBBLPzU5pazGIwitc54G2AmIKNaXY2GipqdvmaER1REG6YxnCC4knJJXQAFBsV6GPlc47JmHE4OykRtHdELATsExQC2ewDYS8bhPEEcWC0IrGEbIvhnAOOVOgXj2R3MAwAFxrHDvsilzW8lAkqXNwGtRKKYMnFIf4bR9RwUCV4bjByhSzvdug4e84JUM0pro6+ffAQXOkPZFZTHk7o7IdI+nhMFuDZFGt22EZkB59UXVC0ebZCdVPBxGMKuEA4qHLCeAAPMMAppNLCdRkBPoFGeayYbHIKH8tMMlzf3RRSYLm16JTq6IZDEB9dO/IBwgaQOdl0DvlEBKUvYnT1DuXJnmJ9SjANGxT9cQxpjG3uqygXyB8GWT6Antp8nDtkX/eSB4LMApjaSrkP8wgIQZLA/wAGEDykBISMaBgApwpMY1u/dd02+LGp/wB1TaQOAfi77MCcJnj8Gyeaq1NGC85Cjm5Urfpzge6X8hMMMXF5GxTix2BgKH/GYW5ETSDhMF0qDwOfdB8i9lYfonCCc/h2RBETtkKqN1qcYCH83Unl539lPkJhl34Od9v1SEPuFSCeoP8AxV0zVA/4qF24BVRdeD7hLSP/AJSqXx6j/vSufN1A/Gq+YnxF7pb/AFJaM8HKoW1tRn+8KOysqMA6/wBlfyE2MszGCclLQAoArJsbvH6Jwqps7u/ZMVqJsZJOQeFwNx3TfmRjcJeO1E5prgPDPTFx/wBJQIq6OU4dJlSSBgFfmQ/YqkC82r2RAThcyOUgSeAgGnQcHIR9RQE8uBGEAbaJDX5RC4AZUNhOc5OyLk+qprJM4ESewXWSvYR/mu5aukNI9FQ3OCQyqZsHnBUqJzXDU05VPK0jgZTY6mdrvKeFMZD+Qunxg8BCNIc5aN1HpbgCAJipsdWxwB7FU1gOMskV4qIjnBAXQ8PGJWgj3Cnv0yAAjdQ5aRwILe6CdakOiwUDZKSX5igqH08g7sdhbGyfEy40OiC7M+YjG2sfUse4GMjbKTy14BxhZp0YHRsz2e42bqW0XpgdTVLQ8/gccFXIBAzg49V85tNRDIJaWZ8Tm92nC2Fi+Jt7tbm092aKqAbB2N1lnRgNWHren3SDc91VWPqi03+PVRTAPAy5juQrbON8LP8AGxm4JowMrgl3xhcEnbCRaCgcSb+cEgeYDB3Kc18sP94CGqI0ubw4o0VdJGfO0PHoVW0tPISqit1yjMNVFHM08h4WQu3w4oJdU9llfTSncNLvKVsGCinOoAMceRwnmnkj3jdqb6FVuxyGeN19o6lsry2tpfEYPxw+b812i6inhwySQnTyHL2Pw2Sf3kYOOzgqS8dD9P3lrnPpxTzH8TBhGrN3BblgydH1LSyaWyt5VoxtHVjXBI3J7ZVDdPhreLcw1FtqG1DOze+FnRU3a1y6KiOWJzTg6gQokmTdg9EZT1EezJtvupUE72kNkjBI7rG0XWLo2ATs1q/t9+oK8ACTDu7SpKOCOW400F0kbjBwrOmrYpdg4Z7rMxSwuIERye+6kMceRsltBGrjfqOzc/mjANcMY4WdorpNT+Vx1tPr2VzS3GCcYJ0u7gqmC1kKWEe+UtIds8Aj33RRPEO+UtUbyAEtvkoorv0ZYLwCamjEb3cuj8pWXrvhlcaRni2G7OfpO0Mw7ffO69KMeBnCa5hRRslHoGSyeRS1nV1odputoL6dmxkjaUYX+1Vsempw3Oxa8bhessa7vvkd1R3Lo2w3VjhUUDWSnPnjGMrVC9Y5FmCq+mLDfKMRCKGRp4wBssPdfg3MyZzrXLsdwO4XqL/hvU0UhfZ7i9g7NcdlSVT+qrJUk1FM+aMfibwiVqbFyW5niV76SvNnkc2emeWt7gKkFQY3aHhzCO6+k6e8Wi7sNPdKVurvqbuo1w+H/RN8gMZpGsLtw5uAVakkC4M8h6b+I3UljIjprm8xN4YXHZeodP8Ax+piG01+twLiNpWP3P3GFnLv8B3/AF2C4ZcckRvGMfY91gL70R1ZYJXNrbVNpZ+MbhVwyKTj2fUVp616QvzWOo66MSP/AAOIByrp1IHbx5IIyF8WRV9RB/LeXRkbEcLX2P4m9WWVrY7deZgxvEbzlqtxRfytH03LSyR5Lm4CBq9l5f0//aDkLWw9R2t0unZ0kIyPvhb60/EvoO/NDIrpDBI7hknlclYQfylg2lZKTkKLU2qI7xndXkVK2aPxqWVk0RGQWHKD8s5ysv5TMTWqZn0hV89LIwfzG7LbOhewEvbsocsUM2z2hTJatyYaa3U0x/mQj9FS3DpSlleZoomk+mF6S+20z99ACr6mz8mE7+imA9x5PXdITxjxackH0BUWml6ksj3uoqyWM7ZwTlenT26oDtJYdu6r57e0OJkhBP2S8EU0zNW74rdSWx4FdTtqg3jctI/RaOg+O9tcR/ErXVNxzoAdhV81mgkeXiNm/YhVVT0pTySFwjxn04UwHuPUrf8AFDoSvDXC4tj1c+MzSWnHGFc07Ojb24SU9wpJnvGdMTwV4LV9IMazXHGCQqs2GqZnQ1zT7OUwgcv0fSruh4dLpqCplBO4GvhBZYOsqUjwJo54fR43/VfPdJ1F11Ysfw291sYhHlHjHCu6L43/ABLoyDVVlPP/APTodX+qAGVjXZ7l8ncoW6rhQ6RwXMGR+af8lGW/SAT7LySm/tHdUxN0XCy26rYezWuYf8yrSk/tF2Rx/wDeXTdVTyjktc2QH9cf6ocE+XJvn0DX5GkEIZtDD/R+YWfofjv0BXPEVTLWUpP9dMCD/wCVaW29efD656W0vUVES7nXJp/zVOOAPlIsnT9PJs6OP/yqBVdCWyqGJKaP76Vu4G22oP8Aus8ExxnDJA7ZJ9CSfLgBVtyT5Tyqv+FFvmOYIWb9wFUyfCqtoSZLdcJaeQ92jP8Amvam0Tm8Fq58oe+D+SFxKdiPG4H/ABfsBDbb1G+VjOGSjW0/qrqg+LXxUtbm/wAZ6dp6+MfU6MlufyAXoU1BCXEuZg+yivt0A2xn8kpxQD2y7Kmj/tBWMyCK9Wattvq58YLR+eQtTafih0Dem5p+oaMP9JHBqoqiz0k7dLoWHPYtVHW9B2CscTPb25PJaMIHCL6KdcfR64IrfcYBJH4Usb92vZg/uhtstKz6A4fZeJu+GcVOc2a9XGgI3aYpSMKfH/7VLM/xqHqv+JOxjw6qEAAe2Co6lgTOv9HtFPS17R4cVc7T2Dt8KVHWV8B8KeIPxw4Lx+h+KnxItTW/xro5lXH3lpZNP/VaCi+P3TIkbDerXcaB/cvg1D9khw5Mc6ZrnB6THdBnE8LmD17KRHWU8rtLZBlZ6zfEDovqPENBeqN7yM+E94a/9Cr75SlmaDGAM8Oaq2szyi4+iU17X50kHCcopt5YA6GZ4cPflNMVcD/eD9UPQsmJKLmrYBrZqHqu/MgY1txlQm1ElJRhVw55KM2UOGRwVAWsD0lzIXcqZFj0kxJTJB6S5kLqgOBySakoUOSTUlCN4HJwcQMIaSgoNkpAnK4koAFB23KWR6oWSlk+qhAqehJ2QoQekmZCWQoQekmZCShB6SSSgIkkklCCSSSUIdyUzBTxynDThQgxMRchNUKyJJJJQESSSShB6SSSMgxd1ey4koAPSTdXslq9lAcDklwHPZdUIJLJSSUILJSyUklCCyUkklCCyUslJJQgslLJSSUIJLJXMhdUILJSyUkkXZWUgg7qqv1Zf6eIOsVujq5O7XSaf9VaA4XRgd1UuCzDOvnxO3LelohgceMT/qg/7S/FEbDpGmP/ANsOf816FkJpbxuhWWFuR51J1V8VWbjobX/yTtUd3XHxOid/P6Alx7VDf9F6c1LT7opJom9Hmn/tC66a3zfDquJHcVA//hXW/E/qpkYMnw2up9SHZ/yavSdLTzj9Fzw4zyB+iDLL3I84/wDave2n+Z8Ob2PXDc/6Io+MIaMVHQ/UUZ7n5YED916H4LP6R+i6GgbBTLBk0zAM+M1jb/2uyXqD/mo3H/JSI/jX0U4/zHVkJ/8AotDIP3wtvp911rATh2CPcK8tgNL2ZGL4u9Bzb/xuOP8A+mMc3/RTqf4j9DVGNHU9Dk9vE3WiNLSyNOqlhP3YCoM3T9kqP7+zW+TP9dOCi2cA/wCn+gVP1T05V5+WvNM/7PU6O5W6QhorIiTuAHDKrJeh+kXkOl6btjj/APswCLF0f0tC3ENmhh74iy0IAZRT5RZtqIX/AEytOeMHKfkHuoUNnt1Of5DJG+2oqQxukgAnARC3/cPnO2F0bJN4XVBMm2OT0JORkHpYCYkiDHpHcYKSShMgTBGc+Ub+yA62QSHI2U1JDKW0mWQJLbnHhTFmn90E0tezeOXWrVJo9Cg3BFSJLnEcOi2+6J87pA8VmFZOaO4QjDG7lgRplbyMyugdtnH3Tz4b98ZBTX2+B/bH2QTZ3MGqCrlafQlHlEfIf5anfxFgrvy5ZgA4UPw7nTHy5eEmXKpYcVFLNj107Kw0iZrqY+PMO6eycYxJsVHZc4T+Eg+6K6eN4B2H2VFYyEaRqyDspAAwo4j2SIkbu12AFYGA6YhCV3cZRBMCOFWCjq45gc3HC6kqC3MiuomvOotChVNoaXF7WAfZW645odseFeS1LHZRtlqqI41ucz0O+FKguWtw8Qbe6nmlpzyOVGloGjeIYKvJG1IlA0s7NJa3dBloYwPIVDMdZTkOAy0dlIhrmkta7IPuoimsAXUxadgo00DZRpkbhXQMZHHKZ8pE/wCobq9zImzOTWiCVpcMg9lUVFFW07iWAaVtJKQMOGjlRX07sljmpyswPhLBjvEDP7zykJzZdQwBkLQ1Ftp5xpMYz9lXyWKSIF9O/Vj8JToXMbGzcZ28WO13WMx1lNG4HkkLzu/fCKFuqosMzoJDuBnZetmCPVpqYHbeiFJRNIIp5cj+ly26fWTrf2sfG+cemfPT5Ouui59VfTPkgb+JgWq6f+JlouOiGsf4E3B1HG69MmpZNR8SMn77rH9RfDTp2+F8xoY45ng6i0Y1H1OF2tP5P1YbK9Ul2W8FXDUM8SCRr2n0OUGphpq6Mw1NOyRp23C8yn6T636LmMtgqJaqlaf7l7s6R6BW9l+JlFI8UfUML6GoGxLm4BK7FWuh/SzQr4yA9RfC+jqS+qth8KTnA2WPZJ1F0tO5lRFI+JpxnnZe2008dVG2aFwdG8Za4HIIQK600VwjMdRA12e+F0a9U1+ReUzz61dR0V4b4ZLWTY44ypjot8gKH1F8N3QvNXanljxuNJwqGj6iuFukNFc2EuYcHUF0a9VDsz2Vb0X1XR01TGY54WvaRwRlYu79HsBdLbnFrudJOy3UNTDVxNmicCHD9EN8TRuWrqUaxwfBxdb4urULE1yePz001PIWVUOgjue6iy08R3AAK9Wulno69uJYW59QFhbz0rVUjjJSEvbzpXe02uhLtngfJfT065OUEZ/eLAaPyS8V/Dgm+M6F/h1MRYW7bormxzt/lObuuvTdnlHgvI+KSm8IHI7U0jKp663QVkb45owdXB9FaPiliPmBwgubqW6E1M8rrfH2UvdE86vHR0lK/wCYoSQeRpKFauoqylk+Wq3Z07eblehTRZ91m7v0xBXOM0QDX/oo445Ryt0nxMt6G4RVMbXBwJKl6g4ZCwEYuPT84dLqdCTg5WjoL7BUAaZR9iUSb9iZ1e4l1rIKKJtgNlDE+eyc1xIyiEyg12S5AydhY5uxXnnXPRzpWGuomDU3LnADkLetkA90pRHMwxvGWuGCEqyG4ZRdLTz3RPnOVpYSC3cdkxkhad9/zXo3WvRRjY6tt0Qw3LnNHJXnJiIcQ5pBXPtqzwew0OtV0d0ex7KrfBCM2UOx7qGYyDglMGR32WKyv9HWr1bi/uLPxGngpvijsVBEjuOU0SlKwzWtfBlkJcIjZ9PGFXNm7bp/zA91MDo6uL6LFtRvuMogcxw7D81WCducbovzA23KoYtTFhJ4Q7gdlWVFIQM4VmJht5cpSuZIBtjCrCLsasRnJ6dzTxwmR1D2nBGyuKmBruG9lWT0xbwEJilDY+AjZQ4chRahgdx/mmA6dspD1ylSawLlLIwZa8OBVtSTeIAO4VU92Eehl8KQFxyFllHJq0d3xTwX8LyC1W0EpAG6pYZQ/cBTqeXgFZbI/o9Zpp4LQPJIIWls1XqgxnhZmD6RndTLfVGnn3PlJwsx29Lc4yNYZdI1BSIn62Bw5UGKQPZ5dwUSCQtkDTwUqSyehrswFrG5j1Y3BVXWbNBVvM7VG5uFU1DcAgngqiXPjKH22pOHROP2U2ojEsZ9RuFSxO8GYP7BWzXa4sg5yEyCF1z3R2goHfzAw8EKNXN9PVFccScrtSA5gxucIinL7drINM4xzNd6K2lJmhwRyqSR+hx2V1SSNlpm/ZWuxa54KVznRzFhXK9vi0zsjchPrcMqXFdDmyMx7LdSc3UfdmB5/VgxyYxjdHoXkkFEvsHgz7DklQ6d+lwGV2dHJxZ8y8xVsbRexvGntuo1S3fOcZ7p1NktByu1rP5BK6ucnlFwSKGQGMtJCbL9YOFGonYO5UqcbDCMprk52C4N9sprO/2TAcEZKWyKOSPcI8wlw5CgUsurAOytKwaqdwVPC3Q4k7YSZ8Pk1VvEcEuckgdzhAj+oo53buoryA7dRrA7cTNRLCCVAnOSpTD5Ruo048uUL6BU2yKSDsF1o3C6ecpuoHulOTb4HRjkkgjSd1CqByUbJ9UGo4VWdBwIkgyD9lFH1D7lSn8H7KKPqH3Kxz7NcQ7OVOpzwoLOVMh4CZARZ2TgfLyo7juuknHKSdKRmbycAwupJZxultlE+zx6qoZC0ukDfCo7JES8S4wArtkmt4aByVzb5bpHf0McVpmhtgDKcEDslOcyEkolOPCpG5HbdRnu1nKyRWZ5PQz+yuKR1QiXVVxijDHOYXgHAUl0gYPuj9MME9we8t+knC6mihunweW+odVCuhwfs1kwbT08UUTQBjhSIIiyIYG7lHdmV7WNGd9ldU9OHOhpSPN3XpKuGfMLJ7eTb9B2+WnoZKuU4aQru3sDqmSQjY7gpUsbKKzNYwYHhj9UW3t/kB2NymT9HFulunkmafdODmtBLjgDlNaq7qOubQWaomBDZNOGknhLF/4KWxx/xzqqou+fEipQYWHHYLbDlUfSNrFstMbSzD5Rrcfcq7VBrg7LIGMyMBdtVII2mdzfM85H2UOcOrK2GjjPlaQ9/wD0V8GtaA1owAMIxLH9kMk5ROyY0EOJQp5KDRNB5T9WdkIHISO/BR5AHndcSXHcJZBsmMcqg6nvMFntU9bPUNiZE0ucXHsFbTyEEALw/wCO/VEjooOm6FwMtYQ5zfVueEE5bTRpafntUDPdBwTdSX2u6wr4yZKqUlhcc4b2RPjN1i2xWV9upng1Ew3AdjAPB/YrUdPW5lisbGMbjDQSvnX4idRP6i6innc/Uxji1v8A8v5JEp5PTaHTPWatSa+yPr/HSMuDr853J3XUkkB7F5XJ0d06LLzwmtRoo9Lcu2yoXJtD5nAR6B3UddkJJ5SaMlQENEzcHGyLNgMXYm4bugyuycZVdE9gsnUjtI0jcKMugnKnROwqKN0EcIp7KxiHCMFpOeyjujwVLjZgcp7o25BSmxnx5K52Wb42KlUUuTkJ80DXxFoGCosQ8J2CgL2uDLqN+puFX10OcuwpVJMMYKLNEHt557qM0KG9GZqIyHZAQFZVkWmQtIUBwIyEuSAktrwCTk08pyWWJJJJQMakkkgIJBRkFQg1JJJQgkkklCCSTElCCSSSUIJJJJCGPSQUkvIAZJBSUyQSSSSEg9MT0xEwx6SSSsgkkklCCXdXsuJKEEkkkoQS72XF0cFWuyFrSnNF+SADlHpf+xfkgNBWqDyLsfR1JLGElBUhiSSSplp5GpJJJbGISCjIKosSSSShAySSShBLd9Okmlbn0Cwi3XTn/ZmfYIDo+L/3S5HKMz6QgAjKOz6QrPSo6ug4OVxJQaSGuTxyhtREKCDtcdI3TicoGQigJiQYTJ7lcPCWQmuc0hGC3gEeV1pw4H03Sd9RTHkBjs+iMx6qz7DyzqKQy3yqcf6lBUi5kyV88v8AU8qOoeP1ElKbwJJJJAZRJJJYzt6q4rcydckmlgfVTsp4hqc9wGy9d6etotlujhAw4jJ+6oOhenIaamFwqI8yP3BPYLZNGdhsF09PRt5POeS1kbX8cfQQAHhEEeeyTY+MBSoITscLowjhHFcsCggOxI2UhjABxunNZpGAuPa48HCMRKW4W/ZPjHqlGPVPxhXGOQRLqS4SByiLOruAOSuBw3Q365dgMKBwg5vCE+TTsN8prKeWY4aDupdLa5J3AkcrQUVoDAPKN0uc9p67w/0zbqZqV3RU2yxTveZHtzgbLQUVtkhwH7KdT0ukDsj6SEqVrZ9M0PhKNLHEIg2Q+GPukW5TnOJ24SSXM7ddGwHhpXCRjkbLriAN1Fe8b5KXKWTYlhHKqtjixrOFk7nU1U9Q9vinT7K2rpmTPLW742yfVV5a0kk4yoZ7471gqjRAnLx78oNfMyni83fYAI1wuUFM0uHbYD1WWr6587y5zicp0YbjhazUV6aLUAdwrnEnAVS9znnJUh/nOSuFoI2CfGODyOqnK97pAGw5OSEeOEDgJMadQ2UyODIzhORgdOWBa3tjCOGYAPqiCnzjAwithOeE2MS9r6AhhLtwitZgDZGbEOMIog4OEZNmSEYifdPFNnk4Up74IPrwO6gVNzgj2Ycn7qC5bYdh/l9P5pxMUYy937qtfW1Mv0cdlxkdZM4eJwjF/KpPCJr6qJudwPRRzVTu2zsjRUrAMyDJSdGxo2aFb6Bkt3JGL5DyU7SHbFIhvomh7RsqEzQ50I2OExz4IR5zhR5amQO0xnb1QGxzTSEvPuVYptrokGrOcQHKYHVUpw/YI0NN6AIwAjILgjJtyC8AvG4XJGNp8FxSmrjqMcPbuo/h1NQ7LjyoBLK6OvrdA0xd1G8SqqDgEkKbDRxn+8HClNbCGgYDcegUAVcn+RWClqXEeVSGURx5keaoZCNjn0UKevnfgNwFTD2Qj+RK+UiAzJ291xzqCHBG5+6ryayfg5CLFbp3nzNOEttlSw/xQc3VjMtp28qOa6pm+k4Cmx2qFrdUgx+SfroqfGkjIVOSissVsZWSMr5RgEnKaLVVO3cM57KbPeaGAENI/VVlV1Mxrf5JP25SJ3xXZcamya2xAt1FwB77ojLLE3+8kbhZ6TqKqkO235qLNd6t3/EKRK9FrTzfo1vyNri5eCUJwt7DtIsi641LuZSUP5yQnJQ/yEMVBsg+hI7YXQ+2k7OGfsse2qlOwJH5o0c87zgOOUSvTJ8C9mtD6AAeYH8kRsNvk4lAP2WZijq3AnIxjuVKiZVMbrMsWMca91TuSJ8JeC0Usp8tQASmTdN7Airi391B+VubW6mN1f8AKUB9ympzpqoZG47uCH5AHXOPSJ7+nZ2AvjmZIR2BQxaK3/u+FHp77BI/T4xb75VtBUue3/d61uR6u5RKyLF7Je0VMkFRC/D2O29k3xdO2FfG4PhGKilDz/VjlAMtpqXkmAtceccI089FbcFT4pcNkjK8KwfZ6eXLqar0u7Ncok9tuNPlz49TP6m7o1NorB6hVWjh1MMEKPE+siOmZpwFeuy0pk8TJ2AOaF+cpR2n7BlH9FbHUsI257o0M2o4wg1FrcCXQHlQnNrIHAPOQqawU20XIIcMhCBdqxhQ6O5wF4je7c91P8Rp4bse6UWp5HjhJLlJQadyUg4hcXRygCCZB2ITTGMZwnDhdHKEaQ5YSHZxsnMnkixjspj2tcBsgPp9QyAoGSaa4cCR3Ks4pmTgbBZt8MkRyW7LkVylidpDsYUDUsGlkpgRkBQn0pbkoEF2LgAZ+eymxVUTwNQyqDU8kNzzG7Dk81EUjQGlT5KSCUZ0bqvntssZ1QjSlyrUhqfIyJ9TTSielnfE9u4c04IWwsfxTuVu0QXWM1EQ21geZYouqI/745ATXVNPNswjKU9OOUuD3yy9W2K/Rh1FWMEhGTG86Xj8leN4yvmlsOl7Zo3OY9py1zTgg/ktXYviT1FZnNirXfO0o2w7d4CzT0/tFntiaW/4sLN2X4gWG8saGyuglPLZRpWhEjZmB8Txg8Hsss6mgxzoi5cjmraN2Q4vYE5viY3OV1sms44WdwYZIZdY5Mam4PoVIa5rwHt7qufTseM6cE90JvzFK7LZDj0JyFRZbEHbBxjsgVVpt1yhMdfSslcfxYQork0kNkGCVMika8bFXnBTMTePhnFLqltj9P8AgKyNd0zdLU86o3tI7gL2psoaRhP8CmqxidgP3U+TkreeFU9wr6OTWJnA9wSr+j6tcWBtQ057kLc3joK31oc6GPST6BZi5/D6Wni1U+XOHYq28jCTS36knADXHV6FWMNaMZbuvP5rdXULyDHIwjuMobLvXUMgeJXH1BKrsM9aorzCwBs7Scq4ppaWRoNNIATvuV5DB1jvmoYMK7ob7TytEtPV6PYlC1gh6SJKhpGWax7InzMIxqBafQhZGg6jqIy0Pfrb2IV3DcxOf5jWke6DABbfM05AAPKe3w8ZBCgipoNg4Bp7I38sgGKTUCqFhwGjYOAXJqGGoZolY17T6oRBJHKPE46cHsrTwTgz9z6BtdYHPiHhvPGAs1WdC3GhYZKSVzgOwJXpXiaTjHKc1wkGCNkxWtFSeDymCpu1vd4UzXO0jvz+qnRXx78NqmccOIzhegS2a3VDi+aEOOPRUFz6JY/VJQS4J/C5F8uRe9GOuXR/RXU2DXUcLnnclnlLj6rFXv4DU5kdL09XeG5+4Ej/AE7Y7r0SqsNZROLZIHAj0GyHBWVVMdBy9o/C7smb8rkvCmeF3b4e9VWQOfVUbZWM5dFufuQqQ62eWRhBGxyML6hgu8GkFzMn0KjVtg6Vv5c+voYzK7bVgKZRco7T54tXUfU9lk8SyXSrh9AyUgBbW0fHvrC2OZFe4RVU42Odz9/ZX92+CtK6R01gvTmvOSIZhlv2BWOu3w96wtrCaixOnZnGthyMevCtNFKLPT7P8cOk7qzTWtfRux/xOMrYUF4sV9jbJba+kqRjP8ojIXy5JZoBIWT64JB+B4xv7Jwt9XQnxaSdzXctc0omsFM+qxTa86QcKK6nAOV4RZ/iD1xaSwC4mojaMaZtzj0ytjbvjWctjv8AZABjeancc/mChKzlYPQaiIY2bsq6SgaXl4aDnsVFtPxD6PvrhFTXJkMh3DKghjj+S0TWRvaHsLXNPDmnIKhbbiUD7LC92otaCfRQ5bE8OJZwtcIGnhoTJYBjAACmSvlaMVNaZGtOWZVZJa2F5zHv9l6GaTuByo5ooterwmgn2UyUrMnn8tnjeMGPH5KFN0tHL2A/8K9KltcUzcOa0fZRpLI1rcsw4+iXlBdnlNT0m4SYEIOOCFX1PTx1FroOO+F68aBoODCdkCe2wuA1RY+4QkPG5em2/wDc/soEvS4Dstbg/Ze0T2SndwG/oq+Xpok5bEP0UX9yYPHnUN8pHllHWTRD/A8hWlB8QvipYMMpOqKwxDhj3ly3dR0u7xNmKFU9MOwMxA/kj4wTDI9r/tGfEqgLW3GOjro27lsse/6rTW/+1NC7U+99EloHM1JUAEfcOWOqelXPyTG0bdwqiq6ROR5W/oltIGUG+j3G2/2i/hrcGNZUNrabV/XDq/yWooviN8OrjEH0fU1v1n/hzTCN37r5Yn6VcP8Ahj8gqup6dfEchn6IdqK2s+2Y3WqvHh01VDI7HDHgkLptbAM5C+IoIblQEvo6qogkG4dHKWq4ofid8TLNKDT9X1ojbwx5D8fqhlVu6L5R9gOoY2+6D8qCcasL5ttn9pX4g0Gn+ItobgB9XiQBpP6LU2z+1bAwuku3Ro3xmSCcbfk5BKiaFObPaHUb2jIGQVAqbXTVG1TTtcPcLJW7+0t8NLhp+dfWURfxqg1D9itZbPiR8M72Q2j6qoXPdw2R4Yf3KXKplqeeyqruiunKveWgjyB2Crm9Gz2/JsN7r6A5yNMhOP3XolPDabhn5KrhmLRkhjs4TzZs/SQ1D8bK2xfZkrfffiVZABH1ALgANhUx8/oran+KvVlFIHXjp6Odp5fE8Z/QKdLa5g4tDBj1CBNbZg3GkbqsR9oqVdUv6Swo/jd07LK2C42+vonns+PIV/SfELoivfogv1M1/pLlh/LKwclskLsOYCPsotT05STjzUzR7gYVShF/ihEtHXLo9ep6+2V+fkqiGbSMnQQcBFMTHbtJHsF4l/szDG7XBU1MThwWSYUiJ3VFGM0F/q8jhsjyQluv0Kek/TPZ/AI3yT7LoZgbnC8lp+qOvKHGauGYf4xlWdP8SeoIsCqtsch7lgQOGBL0lnpHpeFwjIwsJT/FHzAVttkaD6BWkXxIsL8CTxYyfUIdouWnsj6NO057oioIOtOnajGivaD6Eqwivdrmx4Vwpzn1eossTslnDRMSTG1FK4eWrhP2cnBzT9LgfsrwytrOpJJb+imAJRbHpJmD6JKhexhcj1SyPVC1e6Wof1fuoTYx6SYkoTYwq7kpi5keqhNjCZKWSh+IBymfMx+qmSbGSATlSARjlQPmYxyU4VMHeRTJagyWko3zsHd6XztP/X+6hPjJmR6pZHqoHz0H9aXz0H9asnxExJRvn4P+8C4bhABnxAqB+ElpZKgm6QD8QXP4tT/1BQF1E8uITdXsof8AFqf1S/i1D/3igp1y9FgkoP8AGKPs9I3el9VAvikuyZgpYKgm90g23S/jdH7qF/EywSUD+O0nql/HaT1/dQp0yfRPSVb/ABykS/jlL2KhPgs/Ra4KWD6KnN7GdnjC4b3kf3gUK+Cf6LfT7rufUKjN3yf75L+Lf/RkZToZeEZXNPuqT+LHtMhuvEvGpQnxMv8AA/qCW39QWe/iEx3Ei6a+YbmVQnxM0GB/UEtPus5/FXA7zJ/8bAGHSDHuoU62i8yPVLI9VStvVOTucn7o7LtTnbJ/VXgrZgs0lDbcadwzqXfnYTt4rP1UwTYShz9QRWsyMkKB4md2nPuCniacbCRUA0TdBTtJUIOqTv4g/RE1z95FeMC/jZI3CWShgH8RyupcnkvAQE5TwdtyhpI4ywQLkeqWR6qLqd6paneqL5CsEjJXQTlDSHKrJYccLqGCMJZCmAcBEkklEDJZQQDC6h5B5SyBwjwIw8nV3PZMSQhjkkkkJDoOF3V7JqSgnAXIT1HRGq08kCJJJJhBJJJZCrKII8JJHhJKmQekkkqUgxJJJIgBJJJK8kEuOAcMOGQupIgmBfQUz9zHuoc1H4R/lMyDzurTITHNyNimFxntKoOlhGDM4DsCpENTK4YOCPVGfAHknCQja08cKdlzmvRwb74XV0gDhcViwqSSSAgkkklCA9bvVJq4kjIIt2O/7qKYxqJUsxlM0YPKrKCSGMLh+SOx+c7LmARsxOVNoJjiQeU10bX/AFBDa455KK1wIx3UxgF8Eeekj2DBgqHNFK0ZxqAVu7B2JQwwBNJvcWUb2M1YmGD9soMlup3HU0AE+i0L6eN+G4CiT29oOYjuijPAcbGykdapXHYAhQZ7UA8l0WD7BaGSKth43CF89A0+HVAsPqRsmxu55Gb2ZSehjY45bkHsVmb90DYb8xwqaOMSH8YaAV6hLQ0dY3VHpyRnIVZNYpNR0ceq2U6p1vKGQucWeDV/QnVnSUhqena58tODnwXEkfopVn+IMMLxR9S00lJKDjWW+VexVNE+AaXjII7jIWcunSVpvmqOtpYiXbZ0DP3XUo8lLqRqjq37IkTaW5QNqLdVxTscMjScqivvS1Hc2OZNTMZJ/Xpwf1UO5fD3qbpeR1b0pcHlnPhEkj9EO2/EiWKX5Dqq2vglbsZQ3Yrq0a+PaZqr1EJcSMfc+nbt08TJG9zqfO2nsmUF5FQWxTO3G25XrcJtN6hzRVEUzHj6cg/ssn1H8OIH6qigHgynfy7BdnSeQzPbMZKCs5RSOayQDCiVNGNOQqydl4sE+isBMecBxCsqG6Q1flOnP7LvU6iGcxZkvo3GavXT1DWg+JGGu9QFh7l0/X2t5lpnF7M9l7NNRwTDYDJVLcrMSCWNzsuzpfIY4bPI+T8FXdFySPLY7vHtFVRYPG6LNSskZ41Pg+wVxdun4Hlx8LDh6BZ6alrra7VTkub/AEldqnVb+Uz55r/FOEWpIE9h4cCFEmaGkbKyhr6erbpmaGv4PbdCrKPLPFhcHBdWi5Ptnidb4r7XKBRV1JFWRGKVoIPf0WWuNimoczUpJHsto9vr2UbZ/lcNlrwpLg81NWUS2yM/a78NLYKvOobZWhY8Fu3fdUlzsMcpdLT4Dj24UCjudVRvFJVE4acAnlUA3GaNWXuByn+IfRRYZxLGHAgowOVBMlgLM1ssbmSN1AjBXnHVnSOkmrpD6kgBej62nIyo0sbZBpIzlIsr3Idp75aealE8EnjMTi3SQeCg6cL0DrDpaRpNZSxAhuS4AchYeWDAzjlc+dLbPVUaiN8MxZE0+6GjPhxkgIJjI7JMoKI9YHEj1QS4p/huTfB/wpW0bCe04HHPKK2Q7HKCQ4dkwaigwNVss5RObV4+oJ/zMZAAk3Vc8Z2BwuDZwwoPjqp9FrrEg2KizRBzd0xs2nARfGaQSQqcR/zKa+4q56dzHZQA7sVaTaX5GFWyQnOwSLIN8iW1ngYTlOY4tdkJuMJDZZ2vQaeHktaOoOMEK0p5sEHCz9JL4cgzwdlcQYIyDws1qPQaLUNx5L+lkEjccI+ghwwVV0kpaRyrVsgcwFYJrB6XT25gmX9oq9Y8JxGVPc8tcHAcLM26p8GXWVpWyMnhDgNygO9pbk44JkL/ABW4KgXCPEu3CJE/wzhcqjqHlG6htlPdHBUy8+isLbPqb4bjuFX1HmdkbLlJUeHKCDj1UMlctkuSzr2+FiVg+6aXB0QIPIUlwbPD65CiNGPJxhGx8/2itrQWu4U62VJMIB5CjV7PxeqFbZg2fBOyiM+/bZgNdWOHn9VGpnlwG/CnXXBhBCrI3aVtolkxal7bGil6kjzJqA2GVQQvIeNuFrrtGJI+MlY0u0ykY/FhdfTywz595+vEmy+ozkb7KRUAPh04UCjdkjCntOQuvF5R4qfDIkOY36e6mudrZuOFWl+iv3GysGvBCIGQxmzt1x3IXXcjCa7gKEGy+ZmD3VRL5Ziwdlc8BU1YCKhzuyVb+zRAOCCw79lDkJ1o7DkDB5QZOQhctyGKOAsJzjKbMMwOPdcj4CJPuMIWRFcCTueUxpOUVw32QRykKWDTDoODkZQqjhFHCFOCRgKpy3BR7IruSoKnO5KgrLZ2a6yRFyFOplBi5CnUyZAz2dh0kkkximJdxlcRqbHit2SLJZLitzwXFr8lPjCt7bH4lU0eiraUHQABhXVohPzAOFz7OeWeh0cGnGKL2UBtM5o7YwoLjgAqVM4YLcqBM7G4SILMjqXzw9v6AVM5zgDlarpiibT0Jlewa5d8rIPDpqhkTR9S31vhdBRxsdyGhd/QV7fuPmf1NqnOfxlhbYtU7nFucDZXtngdLc43AZ0jdVlrjaIy8jc5Wq6OpxNM6pLfp2Xaj0ePusTga6Yk0zYOA5oCmUwayEMxlQ3gSztaBs3lSm5HZWceT3PJKd2WY6k/943igtcX8yNjvFmAPIC0YeGgucNhuVm+lYTc7rcL4QQwymKMH+gen3KpywOivtya1ga1jQwYAGwSkkbEwvecABIuDeyhVb/HkZA0fWVTWAIyySrLTyyTvrHDDTwDyVdIdPEIYWsA4CIrBEnYHKAioCSjkemZyuBwPBREYo61MnkDW/dPHBVfVzBrg3KAhHrq+GkidNKcAL5ooJf9s/iHJcZSZIYsFvoDtwvTfjR1RJa7IaGDZ9UHR47kbZx/8vdY34bWdlutTquSPS+Y6hnkArNa88Hc0Feyp2rt8Bfit1N/s5YJKaB+mWceFHg7j1K+bS4vJe45J3K2fxQ6kkvt/layYup4DoYO2RyVjEpHr/EaWOnqz7lyweRnhdG6YnA9lZ2XHgMzlHkPkaAUOJuxJXHnCgvO4aRk5yjwNAcCUANJKmxMIYDjlElkknt4R2QBrRpPYqE4OPJ2UiY+YAFMI8uyVY8AkXSfRPZ9QTXkhxT84IJQKWSgo4Tm8po4Tm8pw2PZKjyWoqbD9ICIwZwEqw21xY3BIUOeEgg4VnG0YKa+IFpwgClXv6K+neWPAJwrWN2pjSCquogc14cBgBTKKYABrlZdTcZ7RtdRiTU/GCqGRmCR6Fa5zWvAyMrP3GldTzuc0eV26i+4u+vnKKohDLd1J0E74Qy0jsgsr/QhMGkljCSVgYJJMXNW+FRAxIxygHlLJ9VxQgkkklCCSSSUICSSSQEEkkkoQSSSSjLR1qGiNQ0mRGGSSSVlAUZBRlSIBSSSQhj0kkkZBJJJKEEkkkoQSSSShBLv4Vxd/Crj2QtaVp+Tx6hcYzSd0enA+Wb9lzGCVrj0KktxGmAGMISLPyEJEAJJ6ST0qZASSSSWEPQcj1SPCGOVAwiSQ4SUIGSSSUIJbnp7/sjfsFhgCTgLc2eJ0NNGHdwEB0fF8WZLYE5yFIHCFGARnuiDlWekCLo5TGkBoynAg8KBhW7BPQs7p6ko4C6HgnO5RQQQMkZUdPBRdBhtbvVcJJ5XBwnYGMowZPBxRbjJ4dJK/PDD/kj687Ksv03g2yYk8g/5IzHqZKNUm/0ecynW97ndyUA8opOclD0knYIU8nit+55OJJJZVA8exLT9H2BtfMK2qZmJjsNB4JVRZrRPd6oQxDDW7uPoF6taqBlBSx0sbQAwYPuVs01bbyc3yGr+GG2HssIY4442siaA0DAAR4otRXI4HYyAp9JTlp1ELrVxweWsluZ2ngOckKZG0Dsut0gAAYXchaEZmxYC4cJagUEk55UyUF1gcBLX7IBeByuaxhQmCTqGN0J0hecBObTVFQ5oiYd1eWzpuoc5skrcgjgqN4O94v6e1fk2pQi1H9lPTUlRORoaXeqvrdZHndwwfVXtFaY6cDDRlWLYmRtGGYQSntPpfiPpHT6H7p8y/bKuktMcON+OymshazhH0aScBcSZz3HrqtHCvoYABwkuprjgIDUopdDXNHOUMv5SL8E5UOoqBjGEBZ2olDeHBVVRVkcJtXWBo3JVHW3FhOA9U44F2Xxh2TZKluTwqC5X6JjjTxn81BuN0eXFsTzgbZVLO1zzqPJTIQcjzut8q3mEA1wrPGORwq55Lxgp5Y8lEbTOOCtMYYPPW3Sn+QAMJOUZkeTupMVLsMhSoqbuGpu3JibyyKyl42UxkOw2UhkAA+lELA0Zwj2E4SI/gn0TvCXX1DYxu3AVbV3NxOmAEn2RqImTS6LCaeGAZkfhVs94Mh005x7rrKWSrx8wCc7j2UxlvpKfDgzJVipbpdMqzT1dcQXOyD7I7LVDGQT9SsBpbsxukJrhkKA/Ev6gLKWNnACfgNbgJhdpOcpjpwBjCMBpR6Hudg7lRpqlkY3OUKeZxIwFHcx0xGVYuWRPqt9u6b53DOOUWKkYSC/lS2wtAwOyoTKO4hR055cN0fS1gGTjCe7SO6jTTDhQmMD3ztZtGclB/nzHBA0pBpJ45UqNha0FpwUYOMg46JrN8YPuiBwjBaAnYe84Ltlx4x3UbIo4BFx5yo09S4HDVKLdaG5tLEC54wUHyYLkskTw5Jjv37p4p9GCRlAqrzT0wIhkCparqCWbLY35SZ6hRBcMmiNVT0n1kIE/UsULcRPAwsnPVTVBzLIgNeCcELJLU/ouNXsua3qWrqv5YeQ31BVY+unlGDK7H3Qsb5XDk9lknfJvkZGpDXPc4klxOVwEgriWoDdKlLdyxka0ggfnchdODyUPxQDgNXCSdwNvuqU/ReA2E8ED/wCao4Y475JT2xgHJdsryBjITxgBgNSFVO0eR2PROaYMb4cVHklA4CPICjySHVdX+KYfZB8eTWX6jnPYoPiuceEkO8YlgktudwpzmCtmb/4jhXtJ15VNYIrjb6araBglzdyss8Z7pJTtknwEbtsXQnUTNUUj7bVu/A53kz7Knu/TV3tI8eJ3jwHcPicTss83GckcK6tfU1ytuI/EM0PBjfuMJkJ5BnFSFb+p6un/AJNT/OYNsO3IVtDVUlYNVPIGvO+M4KI+j6c6jg10mLfWHcg4GSs9W2m62iTM0JcztJH3T4Wyi+BM6M8mi8OrB2aRng5UiCuuNINLgZG/0u3Wcpb3IW+HPI4jsc7hTI+oq+gaIZo21EB3D8eb9U13xaMrpknye30dbBWNDshpPYlTDEAM8grPtjppP+znDgM4yjQ1tVQO1VGXxnbHovz9KJ+to3ZLYsOCoc8DZtnhSKa4U1W3+XIMnseUR0OTkJbbQ1NSKCtshfh1PsVFifX0L/DlOpvbK0xZp2ygvpoZd5GakDywdvtFfT3GJ+Gvy0qc17XjLTlVlTa3NcTA73wUCOeopXYcHABRLJaky7AwkodPWQykAuwT6qbpyA4HlC44GRkmOT0xOyEJo3I6kNkxJQLIV+HgB3ZBno6cgEN3Tndt04cYJULID6fQ7yt2TmVckZGBwpmkHOyjS02vOkYUIngk09xnJHmBCtIaxr2+fKy8kVXTuBYNkWGvmBAfjZWg1YzSGnin7gqvqbM5rtTItz3CZTXPBGdyrKK5MkADgiwsDVPJTGKuhOOyJGXuGHDB7q4cIpPoGD6KO+kHD2Y90uUEMU+CIC4HLTg+xV7Zuub/AGN4D5fmacfgcckD2VM6nkDv5YB9sp0kcjRiRmn3WayhMOMsnq9l+JltuLWtLxBKeQ/YZWop7lSVbAcgE8OaV87TUziQ5u2e4Uqg6j6jsjh8tVGSMfhdusktPkblH0N4cpOY5QW9t00meM+duR7heY2H4pxuLYq4GKTgnst5b+qqauY1xkjlYR2KzToaDyWgfG8YwB9013isw9hIx2BTg2Cpbrgdg+iZ/Nj2IyEmVbZYWO7Na4NmYWn17KxgrI3tBZIAVS6Q48LmkDjI+xS5RwAaRtXM3h+QjiojlAbLssxDcJocAnU33U2G6QynGMFTIZay2+2VG7mtP3CoLt8PbXcS6SNoY4/0/wDRW0NVG8jHdS45TgAcKk8k3SXR5VdvhneKUvdRt8Zg7LI1ttutrcW1VNNEM84K+iBM5o3yc+6BWUVBcYTFWUkcrT6hETez58iv9yowGxzuc0bgE8K9tnxEniDRVtIDdvKt5dvhrY7iCKdnyzjw5qwfUHwrvVtzJRg1UfIPKpJMreaq09f22sc2OYubnucLUU9yjmaH0lSw7dnL59kp6+2ymOeGSJzTuHAgKXRX+vo36op3D81agXk+gf4tVQAF7SQpNJeaafyvOh3fK8rsfxKqGBsNzDZo8Y8w3C1FF1P03cj5ajwXO4D1TiQ3bKiGQ4Y8O/NHY7I4WPFNBM0SUtW453Gh2E6CfqCmky2YPj7B4Qi2bEyOb3yk2c5wWrPw3/w2n5yItcOSOCrCmu1HVtBY8A+5Q4FvBaamSjL2td9woU9gt1YS7whG93dqI13of3Rmyb5HZTLIuHwZq5dHSwEywtbI0+ipai2yQ/3kL2L0UTnABymTQUlS3TOAVfyscn7Z5y1kkbtUchDh7qfDd60MET3ZHvutTP0xQVbSKcmN+NiFnq7pW+UDPHAbPH2DeVas9lucccEKroun7y0R3i1wSn+tzf8A5cLF9T/COxXCJ46arZaKV2+gSZaVrS4My2ojdH66hhcjgopjmkqg2X01co/mK76PN6f4K9dU1EallXTVbWnHhjOs/b1WauVsvVoldDdLJVwaTgudH5V73R1F4pX6WEkN59MK1F3ExAr6cFp24yi3cFcnyzU1dEMBx0n7bp1uulZb5/mLVdamKTsQ87L6SuPQHQV+Y6SqsUMkj/qc06d/tjlZG6f2eumahubLcKi3SZyHEeIB7YyNlasz2AjG2f4s9W23DKyaG4xjkTxjUf8AxBaa3/HS0ySNiu9hqqY/idA4TBv5YGFQ1/wL68pQ826Slr42cODiw/mMFYq5WXqGxuxfLHW0r84OuLy/k7gosoCUkfQds696Luoaylv9M2R3Ec58J36FXYZDMNcDw9h4cO6+U21UTfqy0nsVNt9zuNDJ8zb7nJSuHdshaqa3dBxjuXB9Qtp88JjoXAbtOCvD7b8W+t6DSye4xV8beRPHkn/xNIK1Vv8AjpQyPa2+2mSn9XwyF7c/8p4/UodpNiR6CY8HJC66nhmGXsBVVZ/iD0TfSIKa907JHcMmyw/utARTux4Dw4H0S28FSbRXfwynJ22TH2xuMBu3rlWZpyfN/qmiORg8429VSZE9pTOtWo50IRtAIxoV2RvuOU7DfQKbi9/9jNS9PNlBBaP0USTptjBkhp/JbDS07YCC6mychVkvf/YxNR0607eE39FW1HS1M7+8jac+y9GNGCMOaMIZtUDs5YFeSvkR5jL0XRScMaPyVNW9CRlxAhaR64XsZssOdmhRJbGdZ0jZWngjmmjxSr6Ga3inbx6Klq+kCw4FOMfZfQEllLceQH8lEqbG15AMDf8Ayo/kYnCZ88S9JOz/AHTW4UObpyWPGNsL6Hd05b5AdULQf+UKuq+j7e84DBv/AIVTknyDsPCaakutBKJqOvqIXt7xu0/5LRWr4k/FCyENoerK1sbeGvf4g/V2SvQ5uhYQctiG/sq+p6BcRmOJrvyVJx/RNo21/wBpP4l29oFxZb7j6+JThv8AkVpaH+1nOP8A55dARPceX004af8A6oLFT9CVTDtTtKrqvo+qp2a3UhIz2Ctxrl6KcJPo9vtv9p34b1zw252y5UL8DX/LbIAfyctTQfFj4R3gN0dSU0Wr/wCSNUWPuvlc9OHvAfzagT9P4AxFhV8MSmmj7Opavo65g/wq/Wyf0xVt3/dTh05HI3+UA79wvhltmLHZ0Z+6nW66dSWmfxLTdqykI+kQTuZp+yqWmyLzNdM+0n9MyA/Qo8lhqG/Q3H5L5Wo/ix8VracxdW3CTPaaUSD/AOqBV1S/2i/ipTYE1ypX47vpgSf0CS9NJ9F75+z6KNgqTy0H7tUR1nOstkpmO99K8dpf7UXVTdq+xWyqBxqwHMz/AJq8g/tTQ4HzXRukY38OpB/zaqejs/RW9s9Ib0/TYyaRoP2wnfwOMfSzT9isBT/2nukpD/vnTVwYf8L2uH7Kyg/tI/DiTHjUFzh+8QP+qU9NYvQP+TWi0Ts3jne0/wDMURkN7g/uq9//AJis9B/aB+FUwGausYT2MP8A6qdB8bvhZNuy/eF/zwuQ/DZ+hU4p8F5FVdQxEEVbnfclHN76iiAI0O/Iqpi+Lfw2n/u+p6b8xhSB8S/h4/jqu359C5T4mZ5QwWbOpeoW48SmJB/pblSI+o7ocZpmnPsqhvxG6G/D1LQEf8//AKIo+InQ4H/5wUv5INkibEXTL7WOHmom5/NOF2qzxSgfqqMfErob/wDTtL+q6Pid0MP/ALN0v6/+imyRPib/ABRefxKvO4jIXW3C4E40lUY+KnQ/DbxTE+gd/wCiafir0iBllWx/2V7GT4Z/o0wq7gRwf0TdVwJxrP6LKyfFvpmP6fEf/wAqF/7X7AfpgmP7Jbg2RUz/AEa8Mrz/AMQ4+yeWVJHmaf0WLd8Y7TghlJJnt5gob/jEzfRRv9suCH42T4Z/o35dKDuT+ic1mdiV5wfjDIScUjB92hCd8X59/wDd4/8AyqbGEqJ/o9PEII5H6rvgD1Xlp+LVRyIWZ/5UCT4q3B4w2nxjvlTDJ8WD1rwAN8paBwRkLxt3xOvBdhrcBNPxGvbuBz7JipmyfGezeHTH6o8n7rvh0o3MRA+68VPXvUbz5Wnfuuf7W9Rv38acZ9HKfFJdlfGke2Yt3BYUwxWzGcleLHqLqJ2/zE36rovfURP/AGqb9VNgLqTPZCaAHY/uuGShA2IK8hZdOoHbmqfv6orZ744eardg88qbClQj1T5qga7cjCf8/aQ3eUZXljW3UjLqh36lEbFcTsZnfqVNhcqD0l1wtednhNdXW0twXYXn7Ka4H/jFSWW+4u5mJ9lHHAHwo2Dqm0Ek/MfkhfN27PllCzQstedyPzyitsdSTh0iHISikaH56j/78JGuo8f34VKzpyQ4JLv3UuLpgvx5j+6rIeEiX89SZ/vQui4UvAkBXI+mAMaiCFKj6YpMbghWA3ghG6Rg+VhI9V1twYfpicVbx2mla0MMIwFJbRwMaAIm7eyvAuTRRid54ppHA+i6TUy4ayllH3WgbCG8MA+ycGEKC8/pFEKGuf5tBGfdObZ68kfzSPur7SUQNz3VASkmU8diqNvEqAFMb09C4DxJQVOAbndFHHKgL5IA6doWkck991IZaqNuMsJ/NS2pagi6FtbgQoaEDHhO/Vd+Toh/win62+qXiN9VOC8HcQhulseMJYbyAlqCWoKCto8DC6h+KF3xAVOCbQmn3XWjB5S5SSgNoUcLqYkoDgekkkoBgSSHq9ktXsjJgJkroJyuJKECA7crqACc8ow4RJlZR1JJJWVwJJJJQroekkkoKSyOSTUkLRbWByc1NSVAhDvwlwF3ASwAr38YF4HYyclLH+H911c+pCsso4ug47LiSsgVJMSyEAY9JD1t9V1GQekmJKEHpJJK08kG5KWcriSZkgkkklMgCSSSVZIJJcG/K7geiHeQWQlkJbBcJCHcQ6kuNXURDqg1tS+nyWxl4Hopo34XCwd1clkPOCqivtE5oM7pYnDYjCkwXW3Tu8OKpbq9HHBR301K7eSBjj9goE3TVrqHmbwdEp/E04QN4DzGSw3gsv8AXhMLnMxkbKoks96oW+JbbkJC3hk5zgeyfFcblA0G50efVzAii8gOMfTLQyFwTm4IIyFEgraWoGWOG/ZHALfM1OBC+fPdOJ0jJ3QRLODjUMfZFbICPNyqINc/UeOECejp6kaZYwc98I+B6pafdGEQ/wCDxxjVBIWO52UZ0VwpJDqIlae6uUNx1chSM2hjKsvjePDqqdpafbhRamy0VV5oZdGf1CujGz+kbqJLbmSnUCWfZPhcRMz1RbLhQ7geLF2xvss5dbDYL2x8VwomMedi7TuFvZaesp2kMcXtHAVVVQR1O0lHpf8A1NGE+vVOt5QUZYZ45dPhZcrbI6r6NvLonjcRncOUGDr7qPp17aHrKyvaxu3jNGppHqvY/lKdwxDKWvH9Wyg3G009bCaa5UjJozt5hldSjyL/AKjTHUSj0zCsrOkusqfTS1UDnEbsdhY6+/D2utcpq7VktznT2WvvXwcsk0hrrBJJQ1IOoBrsDKrxT/Ezp6INqIm3KlZthzcnH3Xc0nkIrqRpWpzwzExXOppX+DXROY4bbhXMFRFLGDs4OCsblWWG6sEV1pDQ1JzkPbgZVNJQug81HUMlYeNJXf0nkIvtgtKaI9yskFa0mICNx/QrDXu1VFC/VLHhpPPZegRVEzHhtQDpO2cd0aaKCpiMc0LJGHbDhld/Ta/DWTia7xdWoT/ueLVtqpqzzDEb/wCpvKp2/wAStEpL2meH23OF6hfOkYmB1Rb9QPJYCsnV00lP5Z4SM+y9DptdCR8/8n4iNScWimZNbrg3ykMf3B2Kh11AYm6gMg9wiV9j8V5no5NLudPCiRV1bROEFa3Uwf1DK68dRx9rPD6zxMbMxaIb3lvO6gXG3RVzSRhj/VaBwoa3+7wxxVZWQywO0kfY9itddu5cnjrtFPTz2lFTPuFpfolaZY88gq8pqgVDcjuodS8Pj0uHKhx1MtKfLuPunCJQLwuITPFLTxlCpp2VMQc12/dEk2IGMqS6FNM68tlaWvYCCMYKw3VHSTQx1Rb2YwS4tHf7LZvOSPZMlbrAHP3WZxyNqslVJSizxiWAs5H3Ud0Zbw391u+pOmGh76ykaQTu5g4WNfHhxaRgjkLPZXk9JReropoi+G3sueGD3Ri3ndM0OBzhZHHBoznsCYgcnSoz4RgnT+6nB5AxhMJaRjSg2hqWCtDSCRhcG3KmPiDjkNQnRnHCHA6E0gGSMey6JDjCa5hyuafdUMyh2s9zlccAdiujldAzuUEy92CFM30CjqbKM7lRXNOVkksMdGWQsZ0uyrejnyANiqRymUc/hkNJzhZZrKN+mt2TwzQRSZ3AVjFM7SFTU0gcFPikBAGFjsjyeo09rSwWcMugjAWit1QHta0u2xkLKMdjGVbW2pDcsf23CSdnS24lyaA+oKefM3BQonhzAQc7LrZAdlDswnxyQaqPDlB5cRnCt6tmWlwCppgWvUEW/a8ourdU5/ln0Tn5EhVVQTETNPG6tpiHYc0cqdmiqzfBEavGYCQFV0ri2QK2nALcFUkg0vIRRjkz6h7JJl1KRLTOLhnHCphJhxbhWsLw+ka323VNVgR1IaNgVqq4M2sxJ7gk4ErfyWJrIjHUuB/rW2adlk70NE+sN2BOV0qJcnj/ADtO+reGosHO6sIhtsVTUMmSBnfkK2p37AYXYrllHz+aIlWwtqNeOVJp3EjJQ636mlNgmGkDCeC45RLk4CHKcDKfn1Q3/SVBb7G+LnbCh17AIted0YHzAYXK+PNPgBJs5WBq7K+N5ACfI3LcoEYwQFKDg5qQaAUX1gI830IH4kR28YymNEwRXgbqGPqU2TbP2UHOCkTjg0VhBwungrg4ThwUDDREl21Y9FCd/qVPlI832UQnBWezs0Q6HxDcKdTKDHyFOpkVTyIs7DpJJJrFMSPQg/MNwgKVbm6qgbLNZLAymO6xF/C1rcAK9tLR4odjbHKzrNQzlaa2BvygcRusFkuMHptJhWJhZ3HJUKQ47qRKcnlQpnAA7oqYbngmsuUZORNs1M6qrW6R9PdbmNmpwaeAs30hAGweMRu4LXULNb8+i9JpI4jtPlXmb1qLm4lgxnh0oc1oHZbvpqmjp7c1zWYcRk/dY1kTp5YKVjPNrBP2W+p2CGmbHjGBhdJw4PN2yeMBqTJmkJU7GFDo+XFTCNQLc4zslmLGSr6qrn0dmkELgJpyIo9+5U3pqg/h9riixgloLvd3crPXMfxvqmitLWkx0eJXnOxPZbXAZhjRsEI38YqIKd2Bn05TLMx8sr6l7e+lufRBuj3siDIned5xhWtFCIIY2YwcbozO3gmJJDhJUUJccurjlTGIa0knGVIBGEIjKQz6oE2gA2QAclZ+sqmtke95Aazk5VncKgU0OslefdZXr5C01EurBdlDOWEOpp+aWDyjrq6P6p6tMTZSaeF3hMHoc7n/AOX0Unq++s6a6e+XgeNegcHBVNZ6eSas+ccM7l5JWc+Ks7pGxtOd8Dlc6y9bsHr9L4+y3Y4/7cTzupqHVErpXcuJKAnlnqVwswOUSkj00Ek+Bjk6IHVwmk7/AGUilw7OUzIxywguzWDsUEnJXZiM+U7Lg3Vi2Pi5GymyENjAHdAp4skEhKrf4bgxHnCIDcSXJ5xpUYHLslFaSRsVnbyy0McN9kPgo5CC8YQtYKYaPflODUOM7gKU2LIDh3VxlngfCPISDO2VLaCBwgRDGApeAAMIuzoVoQydwETB9F3SD2Ti0HbCWPVbI08QIyB2UNoMbtgrIxj0UeSAuPlChXxYeR8UrjgHunVkDZItxn3QYhpeD6KeHAtGRwrC2buGZeogEMmn0TBC2THZWl2oi/MzRjCq2yGEjIU7MdkVCWBstA5u7R+6jSRPj5arylc2VoDmolTbDMzyYB90vg0LTbq98DMkdkDTvhTKmnlgkLJGkYQTwltZM+GCSXTyuKihJJJKEEkkkoQEkkkgIJJJJQgkkklCCSSSQhiSSSUIJJJdAz3VFA0kkkosSSSShB6SSSMgkkklCCSSSUIJOY3U4NzjKajUzC+QYCuP5JAt4LWJ38lrfRcdsE+MaYwEB42Jyt0YgSlgBMclNXZeVxU+GAJKRPQZOQkyWSDVw8LuMAJIQgZBzlMHKOdBz6oWD2VBjhwjIKMoQSSSShAkLdTgAM7rd24EQsJ/pCxNuANUwELeUwAhbgdlDq+PXslNOOyehtRMhQ7cJ4HE4TozkphI2TouSrQ1PIccLq4CNguprWUE3gek3lJJAEpZDjhPyPVAyRwUsn1KguUsjyMd1n+rJy23uaDuRhXrzjG6xnV1S98rYQcAnJCPPBy/JX7KWv2ZnsPsugDuuJJeWmeSOaMg7psFNPUztghZklF0k+Vo3Oy3XSXTHgRiqqtpnYc0DsPdaKavlYvU6iOnjmRadKdP/wAIogJAHTSeZxHb2WopaZxIOOyVLTFpBdg4Vg0BrRsuzp6FGKPIajUStk5MdFC0DdqPgAbJg2afsgmZwOCFrUcGRvIck5XCSe6YDqGVwkcEhQg8PxyU0zgeib8vUTuDYWFyu7f0hU1ul0jTv2QuSR1vH+F1fkZ4qjx+yjDJqkjwY9WPRaOz9LzTRtmnafstdbelqSjhb/LaNt9u6sRogGhjRgbYS3bh4PpHifomimKnqHul/wCRTUVlpaZpHh7/AOSsWwaMADARRlzgdGEUNJ7Kps91p9HCiChWsAAwnlODNsYRxEPqwmJTm/Zq24QIhvYJh3Ts4THcISugbxvlBnfpxjddlkAKg1NVH+N2FYuVqiuRVFSG7ZCqK+viibiR2FCul9gjkdE1244WZrbnJVEh3H3USOVqtao8RZPul5gBw12crPz1XinYYBSxrJJTPDLhseUcYZOHqNXOx9kdwy7ncrvhA91JFM44OEWKlIIynwhg59jyRBTN40ZRmU+/04Vgyn2B0/uiNiDfwJ0YmZ9ESKlGOEVkGjuCpHlA2GMKLVVJjGAE5REywmPe9kQy4hV1bcWDDIjugTzVEzsMBIR6e3AESzYJ7BGkJk8kQQ1tS7zjYqbT0EdPh2ACiyzmLDQmAzTY1u2VYAS55HueY/LGMA8pnmduUQhrBkhBmnaRjGFAmlgdqABKA6fIIwEGSdu4BUN0x3G6gmbJTpMn6ggnlBBc48cp4Y7nKjBUHIc/DjwnMY3khJrcDdNe/bAU/sSUdoVpa3uEGWYMGxyo75iDsmsa+UjOyglpMT6lznYTmQveQTthGjpGtw5zM/mpbYmtA8qptIpVZARwDbLf3UgMGMJEA5GeEBzhvup8hXx4HvIj4QnSeIdxgcJkk0cX94/GVSXa+Mja6CF2/coLLYwXJRY19xp6MljXazjkLO3C8TTNLAcAn88Ktkr5ZPrcSo+sk5JXPu1XP2gtZE85cuDbhLGUsFZZWuXYag+xaneqWCugJaXOOAEmVmAkm+ENym+K7P0qU2kyAZGp4gaOAlSsyNjROREALs7YSjic7nhTXQAH6VwR44GELtbHQ037I3gHuEh5c5HClaCueGDshU2hj02eiMZdtmoJkcdlP+T1b6f3S+Rz+H90XysS9JN8kDURvhc1AlT/AJEdx+64aCIDON1PlYv+NNEdjA4ZTCDwESSKdpHhDZOa0t+tu6YpZDVT6A6T6Lmk+intaAPpTHtDvw8INyKlTghpDlGe0sO4Tcn0R5Eyg0+TplLfMM6vVaG2dVExtpbxH40QGkOHIHus6Rlda33Vxm0yui/unTjZT87bHh8Ug1AA8Kmiqp6J5jlaSM4IcEa319TQuDopHFufpJ2P5K6mjt19jL2N0Tgbt4z9k7h9CpvB66+ggqJDNRTCN430nuo3z7YX/L1wDTx5hsVJkgEz/FpJxqGDjOETRHXj5e4wNyOHEb/qvillWD9H1arPbIr6GNw8alfoJ3GDsiQ3GspCGVA1NHdBkoZ7Q4y073SwHYtJzhdZVw1J0nLf+ZJlUzpVXL2y7hniqGBzSN050Xdqo3QysOqB+CPQ7KRT3OaLyTt2HdIcDVGaJ74R3H/VR5aNsoI0g5/UKXFUwTgEOGSuuj7tStu0ZwyhqLLJHmSnec+iDFWVlG7RKCWjsVojlux3QpqWCobh7Rkq/wDJNr9AIKmOdmtjgc8j0RW5PdV1RaZYTrp3lpHcJkdbU050VLMgdwhIpS9lqkgw1UUw8rh9kUEFQam2dSzhJJQMekmJKDMj3gHlCko4HDIbgoqcoXjJBdTSs+hu33XBPJHgEZwrE4cOMKM6FruR+auSyEkx8NwkBGcAhTWXIbCYFzfRVT4CD5RhNaS3cnjsqJlmg0UtS0PpphHKOC4ob6mopSBXwaohzI3cKpjm/JTqe4SMbokOtn9Lt0DjkbGWCbEy3XHBo6tmf6SU6Wgmg2cz81FFBbJyZqBwpajnPDSVYU9TWwxhte3X/jbuCEPxodGxsrJrVDUZyNDvUBQwL7Z5A+kqXFjeACSFpTHDUDXFs72QHNcwljx+oSrKshZaC2T4m3a3Pay4ecBek9PdfWm9Nax8zWPO2HHfK8lqbbBOCdIyqme2T02XQucB7FZ56dMKM5ez6XLWO3bj8kIsyM5XhFj64vlmczVUvkY0Yw452Xo1h+JtnuIbHcHeBIe/ZYrKA8+zWOjBOAOU3wNG+ydDWU1ZGJaWVkrDwWuRxnnQsrqYzKIz5ZWjGoorLjVRNDdRI90R8bHY2Q30ucae6pwaITaa+DZswVpFX0z2giQb9srNvpH4yGqO5kzNiC1BgtRTNnG9kg1MdlOeTgNDuFiGXGvpyPAm2HYqypupXxlrauPP+JqLJbjgtLhY7TdmOZX0UTy4fUGgFYu8/B+jqQ6azzGOTkMd3Wxpr7Q1DtOvSfUqyjkY45jka77FXloCUWzwm69C9QWZpfPSF8beSwZwqYfyiBwV9KnztJcMn3Cztz6SsNzPiVVCwS5JL4xjJ9SrUgcYPIqC/XOkaGxVL9I4GVqLR8RZI9MNeNQ4yUW6fDCYOfNa6gaOcO5CyNy6XvdrcXT0he0d2DJRJbuSHp1L1XZLm8RPOknuVZCkpJhrp5Bv/SV4e2pdA4buY4euysKTqKvpsGKqkH2eUMopAHssIrqc+SoJaPwuOVMbeZoxiSBz/wDlXl1s+IVXHKBWDU3jI5WmoeubNUOayZ5iLuCe6DayI3FJd6ecAE6D3yp7WibdhDs+hWTZU0VQwSw1ETge4cpET3D6HkfYoMBmk01UGHaHADuFIZXFwDJCqCG919MA0nWwdnbqygvlvnaDLCWP744QuLYmSz0TJIbfWtMVVSMkafVoVLcvh503cCZIn1NG7k+C/CuW1lE4BzBnPuitmp3bFwZn1cgeYgKco9GPd0X1Ja2fNW26RV0LT9Mmz8eh9Uemne0ll1tM0DTtrOHDP5ErUgRagGy/V6FHdRhzRqcSD6q/kZbtk/yMr4VMXZo5ix3OCMBHikkGGvIK0bLXCd3tz+QRP4XBtqhAH2CF3YFO4oWHJypLcOaNUYd91NnsZwX0rt/6SgPpa6mZqqKV2j1bui+YVKzd0Ulz6H6Kv+Rdul6GQv5exvhyH/xBYa6/2culKsn+E19TQscc6HjxAPbsvUYKmke8MEgBHY7FTxH5QQ3YqfPJdFq2a6PnO5/2eOrqAyOstcyugb6gMI/UrIXDoLrS1B76mzT4YedJwffK+vo/LtzhOw0/U0FF8/pjPnaeGfFL6eoY0Cppzgeg3CkUV5vNml8a03KppccaXL65uXRHSt71PrrQx8juX8LK3T4J9KVpd4HiQ6u5OcK1YNhqK32zxu1/Gfq2iLWXB1PcIm/983z/APm/9Fq7R8cqCd7hdrVLBGMAOi/mc+vGFYXH+z1UsjdLQ1Ec7BweP9Vi7x8H+pLcwvjoH5HYAlXlMOVlcsbWeqUHX/Q90b/JvMbH43jkGnHsr+FtDWQslgkY8EZ8pyML5kqOkr5R+aSilaR/gKixTdQ2uT5ikrKiCRvcav8ARVtyEoqXR9T/ACjRkNHC42nJOy+d7f8AFbr62NDZbiZgO0wLgtZav7RFdBEGXWzxzFoxmEaT987qnHBbrPXXU4GPIU1kOnchYqg+O/R9cWfNwVdM539TAVrLd1n0Xei2Kj6hpfFIyI3nS77cqN4Eyi0SPDbwuiJv9KlujgP90c5SNMQNWDj1QbyuiL4AI4Q30jSN8Ka6JzRkjCYASdlXyF8orDboQf7v90I26E8MAPqrcsHJCZpb6BT5UUyjloHk+QjAQDQyj8IWiEMbuQkaSIj6f3RqSYWUZaSieDggfohPoidixpC00tCwnZo/VCkoG4zpCm8NPHRmH2imdgGmb+gUSo6btb25dTgZWqfQHnTj80L5Bx3wi3sF4Zi5OkLY4n+T+yju6GthzhuPyW5NGP6AhGkHOkJvyMW0kYKfoCnfvDgqtqOgcZ0xtP5r0x0OGkBuFHFI9xJxhRW4K2o8uf0JUgktpGn81Gk6KreTDherGFwK4WHbZM+aS6K+NHkp6PrB9UTf0TT0pUgZMbf0XrPhNPLG/oueBGf+E39EPzSfZPjPIx03MHYLGozOnZMbtYvTJLZRl5cYOUF1ronDHg4U+QGVWTzn+AStOAG4R4bDBjzDdbaWzwDeMEeyDFbow7BYBvyhyv0LdODJf7Px58j8Io6bJA0zcr0iDoOpqYhPHV0j2u4w/cI0XQVWDvVw/qgyiKtHmX+y1QSND9SeOnauDBdhes0vREjCBJXQD81bwdI2VjQ2uroDn3QykolqGDxaKjERDHkb+qs6ahjOCC0L1yPoDpOoOprmSn/CUeL4fdPMILYEvKLfR5THQgkYUiO3F22nP5r12DomyxgYgCMzpazRnam3Q7kLbweTssjjg+CT+aNHYXHA+XK9bZYre3AEAwpUFrpITrZTtz7oZPJPlweTs6bkcN6dyMzpd7iAKc5XrraeHP8Acs/QIop4sf3TP0CBIp2nkzekKggf7rsjxdIvJ3iIXqrYGZ/u2/oixwMx/dNP5IcYFO3k8vZ0aefD/ZTI+jgAPIP0Xo/y7O0LV1tOzO8TQryyvlMDH0njA8NSmdKDbyBbsU8YG8bf0XRBHn+7CvLFztMSzpUbeRSGdKt2OgLZiCPH0BNETAfoCmWgPlZlm9LtGP5QUhvTLBg+GP2Wn0NAHlCWB6BK+VonysooOno+HRtA9VIFgpwc6R+itslLJU+VlO1srW2ambj+WEVtrpm4PhBTwx2fRdDB3Qym5AOTZEFFTgY8ILopIAciL91L0N9EtDfRBllbiOImjYNC6I88DCkeG1IRgHIVptE3AtBxxsnGIHujFgQizc7ot5MjfCb/APKE4MGP/ROxnsl3x6K3LILlgZgJxAHZLUE07blCXgYXAdk11QfRcM8I5chOq6cDn9kYtrLH+O4bYS+YfnbI/JRHXCAHCb/EydmuH6K8BbeMFh40/wDWlrceVW/PzHcOGPsufPT/ANQ/RUBGPJbB78dkvEd/8pVQauc/8T9kE1c5OC/ZQP48l9449R+qXjj1H6qkE7zuXFLxnHklQD4y8E4PcfqnNnh5NTF9sqgMrjySuA78KynWkaRtVTY/vP0XfmqbtIs6Dtyu6vdTLB+M0nztKP8AiJfO039az+spFxPcqgHWjR/O0v8AWkKymJ+tZ7UU4ElQp1YNGKilPEq6yRpyQQQs3kjcFO8WUfTI4fmoC6smlyllZs1NW07TFGbXVQ/4p2UFvT5L/B9ERqz7bnUgY1lEF7k06XRn7gqA/wAafovUlUQ3wZ0vjOPXKOLzTHsUWQJU2RLBJRBc6ZwyCUZlTA8AtkG6mSnCS7JCSH48f9QXfFZ6oZSwVhj0kkkBNuRyc1cwewK7p9QmsUk2+AiYdiuknOFxCUdJyuJYSUIJJFSUByI7jCCQccoy4TjsoTOAHm1I7PpCWhvouqEbEkkkoUJJJJQgkkkleSCSSSUyQSSEkqyXgKeEwbpqJp91AZREAF3GEzAXCMKKQIRIDVsFzOQU9uBsrcsEGOa9hyDhdXTg75TA/JO3Cvskzun3T2puQugg53Qgjc5/JcdKwjTIDul4ZznC60eqKLSCAPtlLM3yeQnuNlDNBX0bwYah0rSfxHKs3AkbHCEW1A+k5/NMTIRGVrtXh1ERYR3xspDXA7hwKT21BHmjDvuooidC/XCC08OaeCryHFZJPjYOCjtn2+lQRUwA/wA0IokicBodlQko4Jer2SDAOO6EGZGcpeKPT91WC8HSw42OULVKwgkah+iL4nshlpfjCJZJ/ke2ojDdLxglDfHBKMOII+y45mQdkDS/tlTc0ydDJrPSTNwGgH1CgVNjqI4yYJRJj8LlbNlc1oDuyQrYCcaiD9kyNuC02ZV9FICfGp3BQJ471TAm2zCTHEcm4W8McVSMHB7qNNaIG7t7rRC7BfytHnEl5tlYDQ9T2aOJ7tpHTxeU/YrPXb4Q2yva64dHXD5WR3mEYdqY729l6pcbLSVjDDWU7JWn+oZKzk3RtwtjjVdP1j2HnwXO8p+y30a6VLyi1fLPB4hdqbqvpSYw9S2R0sB2E0Yzt6rlJVUNeA+hqAHH/huO4XuIvj5Iv4f1ba5GxHyucBlpWR6q+B9h6gjdc+ibi2grRuMcZ9CF6TQeZ9WD1dFr7jCtwzImi/NUl3sMFyjc3ABO4PoUW6jq3oeYUfV1tc+IHDamNuQ/3UqiuduujBJRztJPbO4XqdHro2cxZl1NNWojiSPNLv03cLY4vDC9nq1UdQyKZhZURAn3C9pqo2FuiaMOaecjKxd+6LbWOdPb5Bk5Og7L1Oj8hn82eQ8j4NZ319HldXazCTPRvII3wCohqXyDw5zuNloLlRXC2SkVEDgB3wqmrbBVMGGhj/UBd+jUqf4nzvy3iW7MRXJWVFM541sIIHZV8rc7EcKXUOmpH4IOPUd1Fle1+CDj8l0oWJ9njtVpJ0SxJAYZn0kwcw4B5B4KtG1bZ2jZVNRGXDI7IMNVLBKNPHcJjeDDOKZdk5SL/UoDK5sgB9V0PDhkHlFhNCtuBszg84xlZW/dOQzl9VTNLXHctH+a1hZ6nKBIzOwWeSyNrtlU+DyiWGSCUxyDBCR0uaBha/qCwCQOnhZvyQFknwGLnss9kDuae5WxTTAGMHsmeHvlEPKcs2w1ZyBMfoEx0eRvspOAhuYCEqUC4zIEsQb+HdRwc52U+RhPblR3RejeUvDNMZEXGCE1Ec12c4TdJA3S5jcjCMoL2Y4CkYG+/CY/BGxWeUcoYiI4b4XYnFpSeDnITeHLLOOBqbXJc0M+QATurSmcSQVnqKTw5RurunlyAfVInE9BoNQ5R+4tGnOMFTKaTDwcKsilAxlSoX7A4WOxY6PQaa32aeiqCWjKlNcBvlU1ulwAD3VjnOEJ3KZ70mSpfM0qoqhg5wrSNzS0glQatueFA7VlEKKQtOyuqZ4lpwHHdUowCptPJsAiTApnt4JkhLcA91T1rNM5x3VrnKg3BgIzjJRRRL3uWQ1DIPDDDzhV11YRMHjsi0L9M4B4TrwzIyFogsGTUy+SlNEKObIHG6qb5FGW+Jp+pTYt3Yyo92YXU/2yt1B57yP+ppmigos6hvwf2V3BIBg4VDTu0PGPUq6gILeV2aJcYPnd6wx9UCcH2USDIdgqdKAWfkVXh2JHLQ3gCKzwTmvJSf8ASU2PsnohU1gBw5PqcPixlCk5C47JZjKXLoOLwysf5H7I7PO3HCHUuDX5KUZB5OFmzlj85Q5OPCanHhNLQOTk/ZV8hw4Kwk5KrpgQUq0fWPHCR+kprOyTwSNkljQDyd91GmJGMKQ9R5+As1o6I+I7j3VjTqth5arKnRQF29jhyiIY5REyYoSnWjeo/JQeFY2dp8Uu7LJaO0izMuadokmY0jYndaQtEdO1se2yobeAagEjgq7c7bCxz7O/R+O4G45ad+ygS6nu0jlSXvwCOyFQNE1c1pG2Vs0le+ZyvLahV0tv2bLp+kfBSxtd3GVqLe0MbnG+clVlDGGwt0jgBXMLBFCG9yMkr0lVeD5jZJTZb2WJ9TchK36WbrXPe7IaFnumIC1hk7Y3WgDhqG2Vqwcu15bRMpQWjcco1TP4FM+f+gEpkQAbkchU3VNbIaNlBCcPqJAzlLMyjlj+h6Qyvq7zUMPi1DzpJPDey1qhWqlZRUUNONi1oz98I88oa0tG+QowLewFNGa24l7x5IuPRXDuVDtMLooC543eeVOUyLayPTk1OVFDUkklCxA4SJykmSSiJpccYwgLj2U/U9c2MMpmHLjufZePfEu4vmkhomnDT5jgreXa5PfJPWPbnSTjPovJaycXK6TVsgLi5xAydgPYLBq7vijk7vi9NK+xRiglDAIYWsAxkbrD/FSEtjhcBsV6HTsLm5I+yqOrLOLrapGaNT2+YLys9c1fk+76Lwal4t1qPOMnhaR4RKmF9LO+CQYc0kIL3ADldyq35I5PGzrdf2sYSCThFj2HKit5UhOU2hT/ALnH5J3RYAdkMcqTA3OCQn1PcVLGCSzyNUSod4hypU+GQl3cBV+ov34RWS44F4OcHZGgPqgrreeUlPARM0jHKC9uyc3GOU/T7o39yL6IoBacqZRT+K7wzjhAe3YoUOqCUSDOAlPgdCe0ug3BJRo9tlGpJ452amnJPZSw3BzlXlHRonuSYVqI0YAJCYwHOVIYBhXg3wimAO/IXAwFGc0dk3T7qhnxkdzADsF2OTScYRnNQS0NUA2hZYW1EeCOQszcIPBlLcbBamFuRj2KgXCjZJC4ObvyCPVWZtRTuWUUlHUljgCtBSyiZoGQsvpMLtwrC31mCAUuZNJqNmISLqrt0NXEWOaNR4cFkrhbZrdLol3B4K2lJMC0EjKNU0MNfE6OUDJ4PogydG/TRs5ijzrThcIx3VrdbLVWw63gOiPDm/6qoe/Ks49lcqpYkjhXEkkAkakkm6vZQgNJPSQEEkkkoQSSSShBJJJKEEkkkoQScN01dAyhkiwaSSSV0EPSSSREEkkkoQSSSShBJJJKEHHhTbVH4k52UNWdoYYwZnN2J2TaVmYBMkAGQFEn4/NS5SP1UOflb8ciZvBHPK4unc7LoBylgyllBGjKBLzspH4SobzhyTYy08jEkkkoYcBOURrQRkhDAOUVn0hQMGkkkoQMuHhdSUIWnT0TJKvzjOMLatAA0gYAWd6cp2Qw+M5mXErQRv1Y25UO5oo7awy7krg3SUOipYOgnKKzhCHKI04CuK5LUshgcEDOyIOFGJyntdg87JiHNEpJNBGE5WUJcJwMpqG5wxlQGTwKoqAxuc7eq8/u9VJPXyE7huw3WrvFS2KmducnhY6R2slx55yiPN+Xvi8QiCDg7kLuPQLpAz9W60nS/TdRXPFVPHiEdnd0yurfLBwLroUR3MkdK9MOlkbWVTATyxp4HuV6PSUjIWtOBkBRqelipo2siGABj7qbETsAF16qIVdHmNVqpamW5kgNDeAjII4RSRwtRzrPSYUd0F0YJyCjNDnghgyTsMK5tXRNzrwHzYiY7ff0VuSR09D4fWeRnt0sc/8AoUTQX7MGr7LRWfo2suLWzOjOPTC21o6RttvjaGxMe8ckjK0MMLYWjQ0AD02S5WH03w/0HVR/qa97n+jP2bo2GhYTOwEu9lcyQUlE3yNa3Cj3e+toAWNkGvHHqqF1PdbtOXSSGNh35SlmR7mnSU6eKqpikv7FhLdGzyGKjBONiU6GnnJD5O6l0VtjhY1rWjYc+pUp7NuFXRvro28kRsTQMYTtLR2T9OCmHhVN/obhIaeFHO2UZ3dRnEDKUImCkk1H0TJJAxu2DlCmmaO/Czt16gYxxihfxsTlGlky32wqjmTJtxucdOC5/wCQ9Ssddr4Xucxhy4987BCuVfJVOGp+cbgqtkaDvlMVeTganWOz8AT3OkeXvdklNcCeEcRlEZTkHICbGH7OXZPf2Q2wudyjR0wGCppgGAA3H5pzIS0/dNUDNJMjsp842RI4BkEDCleGMDZMeWsACbGIiw4Y2hvHHugmVu4JC5NVsjaSTk+iri+SoOzTgojPKaXAOtuBDiyE57fmgwQVU/mnIAUxtJCw6i0al0l3AamCprPJxogh24K4Xl+zeD3TxCx5BeN114ZGNhsoKGNiY46njOF172s2DUKWfAwNvdU9TcdBfibOlUDKeCzqanAyAqqWrLyW57qM6oqKjB14CdDC4nJ5VZAk3LgcXyOKQjJIOPzUlsQAzhEbHjGGqNpEVb9g4odskIuljRldDwBgNQJjngqnyMUdonvGNsDb1UbJcXBEETnlSaejLSCQqBlDJDZSl7twp0VIG42wpQhaABpXHaWDAQt4F7BvhNGDj90yR+G7BMkmIOwQJakNbqI4QTlgro6ZAM5VdW3KKl+shQ7pfoIBhnmcewKydTWTVcrpJHfYeizT1MYgSeOCyrb4ahzhGck7Z9FVlxc4ucckoQxnbunrn23ysYtjUgSOCkutYXHHCS3wX3wh2pIEk4yjMp84LhspcdPCzBLN0uU2h8Kpz7RGZEXDjZHZFpOdP7o7QwZw3ZdYM/klyk5GiNKiNO4wuEZ7ooGF07KNYHxh7BiPfcLohbzj907V6NXDlCPUBOhadgFxtJMPNgYRByih+yhaSQHw8bFd0BP1eyWT6KFMbpHom6PZFTstG6hWCP8ALhx4Tm00QHmAJRHyADAaowlLnEK8sDalydkib+Efug+GMhSGRl3O+UdlPCN9O6mRdiIrKdjm+ZuUJ9AXnLcYVk3wGYDtgniOF2PBOSmLLETUF2VJonDG3PunMt8jhhrTlXkFtnk3LMBTIqER/hCdGDZx9XqYxltgUVJZ5C/MjdvdThZm/VC9zHjuCrRsLmj2RWs9Amrg5z1E89mkprkGkHJGw3CtGV5ma3U4OxwslA/AAKsaaoDRj1XiNR42uXSPb+M+rb4tQveTTNqhI3ScJlRDFMMFoH2VVFUFpGFNhrATuFxdVolXwfR/HebjbHMmMbJPSO8KQFzex9lIjngmHmAyiOcyVoGEF9GHeaPyu9ly50HpdPrflX9g4bo3YSMe6JFcXxnRINgq8VFVSvAmw5n2UlstPO3bYrLOlp9HShqIy6LaOoimA3G66WfkqYAxuyxxCnwV4DQ2X7ZSJwx0bIW4JG/fdBngikHmYFJY+N+7SCk4YGc8JeMDE0ymltxadUJIKH83PTECVpI9VdPGcDShPijkbpewEe4UGPhEWGtilGWqS12oZUOW1BrtUOrHp6KIZaqnOh4dpzgZVpEi8MuMhJRKepbK0ZO/cKU1wcgY3I4cp4IxyhpuT6qi0w+R6pZHqgZPqlkpmBpIawO5QpKYu7YC6yQN3RPHa4YLVRCG6EjgJrC9pOVNGkndMfDjhqrCIAbOTyN1Kgq6iJ2WSu+xOQo5hPbZPDSM7Kw08FpBcy1we8Bp742V1T1NtuLRre0Se55WPL87Jwdj6XEfZAGpZNdPa8eaF2Qq+ekmPkc3hVNNeq+jcAJS9o7OK0VD1PQ1IaydoY/vqSpRyEp4Zn6y3yglwbt7KGIiw4Iwt7Gy2VpzBIwuPIyos9ghe8kMx+SVKrI12ZM3a7/d7RIH0dY8NH4SdlubL8XaiEBt2ohKwbamLI1nTNVG5zot2+ippqWppH6ZmOAPfCyunAW499t3VdivMbH01whie7/hyOwfyVqGVJw+Aah9181BwHDh+RWisHxA6isuhkNYZoWbCKU6m4SnSFk92E/hf9rZoJ4XHmnqseHICsPavixaqmMC9Uxa/glvC1VuutgvTA6zV8Wt2+hx3HskTpxwHnBKkoIzuGblQp6CRnI2U10VzpvM2PxG+yaLnGcR1ELo3DbJSHS/RfyYZVup3t4agiaupJBJBK8EH+rZX+mGVuW4OUJ1CHbjAQ7WGpJkWl6quVNJqqoy5h9FdU3UtrqsB0wjcezlVS0UbR/MAcq2WzwPeXNJb9lWGRxN21zHM1NeC1w2IUeSIOzlo/MZWFlN4tgHgTyPjG4bqzhTLd1xU0+f4hTZjbtkcq1JgbNpY3Po+03Jz3zUjA5w+pgwslcfhg1ri631To3HcNct5Q9V9P3OQRxzGN5H49gVZOZTSjDQ137otwt5R4dX9I9RW5niS0Jkbn6mbqpDpIn6ZGuY8dnBfQpoGyADJx6FVFb0vY62UyVNDG547gYU3IDB43BcKiLZkz2j2cVfWzq68Uga1tRrYONXKvrn8NaaaUm3VJjLtwx3Czlf0V1DbCXMg8Vrf6TuqUU+Q8o0tB8QnB4ZcIQWnlwCu6brOzSnfj7LysuliOiqhcwjY6m4UmCaJpBBCJ1FtZPa6K5WqoYJoatrT6ZVjFUwT4DXB68ThqHlo8ORwB9CrOjvt3oQ0wVOoDs5A6kwXWj14Oij4ikdnnSp9NdfBAHiam/0v5C8po+vLnTzA1cILD/TytJRdfWOqLW1BMRd3c3/AKJUofoROGT0GG70z3gEafzVhHLDKAGyNKxFPX2itP8AutdkqUYqgAGBziPukTqb6M8q2zbxRAbgIohPJ3CxcF9uVJhnighvIerag6xpZcR1ADHd99kKjgzShPuJa1Nkt1S7W+mYHHktGFWTdKVTCZLfcZtt/DectVxSXSgrCBDUNJPYlWTCMbD9FW0FO2L5MFLJ1DQP01dpMkbeXxA5XG3+hc4NnLqZ3GJhp3XoMnHmPPqq6qs9tuDTHW0MMrD2cwFLl3giv/ZQU9fTTgeDK1/2OVIByg1Pw/sWddI6qpZD+OCUtd+qrn9J9TU2Y7f1K2aE/gq4xq/8wxlEmOjZXL2XLHEDAdt6ZRSWuHmOfus1LcOrrWRDXWITgHANKNbiPXCEzri0FxirBPTSMOHNkidkH7YVbmy0sv7DQy0FBNtNQU8o/wATAqiv+H3Rt0a4z2xsbj/3Ywp9JdqCreGU1UyQOGRh2/6KblHGxoa5WLo82u3wL6bqQ40E5Zq58Q5WYr/7PdQ1maGqiqHd2huk4/Ve3uG+Dt+SQB7FErQlfNds+Zrt8EOoqXJFADj0WUrfh71BQyFjqB364X2LJlwyXE/dQpKWknyKilY/7gInYg43Z7PkBg6ysZIpaqui9NMhIC0Fs+LfXtrbpkqXVGBg+MMr6OqelrBVnMtvjyP8IWcrPhTYal5dEzQT2IGEG9SGb4s84oP7QtRTNEd26cMoA38N+Pz4WotXxx6LuYHitmpHH+vBRLj8F4SNVO6J4xuNll7j8HWwuy6KTb+lqvASnE9NtvVvS93w2lu0DiRkt1bhWTX0cx0xyscecArwmp+Gog2YJMD2QWWHqS2PD6C6TwhvDWvKXtZUo56PfflTnLWnC4YHgdx+a8Yp+peu6EBjq8y44JVjT/EvqulwKumimH23U2srZ+z06SKY/SRkdkMCrj3fTkrF0fxdaTi4Wt7f+UYVzT/Ffp6UBssUrPYhEmw9vBbuniOzmOaRyCEhLBxg7oNL1v0vWYIma3P9asoq/p65ARxVMWeeQEzc/wBE2EJzIHHIeFxtKx2dLhsrY2iz1A0xyeb/AJkKTpuMD+TUln5pfyCpRKmSiHOEFtGB+Eq2dYq9m0VVt7hANrvTNwWn8lasyyipqKI5GGlCNKcZ04VtJR3hu74AR6hC/mM2lhI+wTt3AZVOock7ce6EaXHLVavMec4K5mP2Q7iclUaXP4UP5I9irnRF6D9Uz5dh4P7q9yIU5oiRjICGLXg5Dwrr5V2c4yE0wO7NV7kTsrIzV0u0JwB6cI7L5dotuw9lL+Wfn6UnUUjwMMCDfzgAPS9UQhobVUw1cEhWMd06dq8eNCc/ks/JQvDiDHnPoFxtmeRnIGVTW4j6NnR1HTsY1U7iw+5VlHcqF2AKgYXmstumAzHIf1XPlLpFgwzHP3KHKFSPWIamjeNpwpERhe7LXryaN/UcZGHAgfdSo7n1THjzjZBkRKLZ6rpjGDkBOAaQMELyv/a7qSlODGHkerMro+I3UMOM2/OP/oSgHxs9XbGCchFYzG+F5VH8WrrDgT214+0akxfGJzP76kkH2arLdbaPUo2AfhKJgLzGP40U2cGkn/8AJspcPxno3Yzb3j38NTImVU30ei6fZINwc4WEb8Y7Q8gOgcP/AAow+LNj2yx4H2QcAOuRuw32wujZYlvxY6bIyZJP0XR8V+mif72T/wAqnYt1WP0bZNcscPil00R/fSf+Vd/9qXTfaWQ/kqaK+Gz9Gz1LuQsW34n2A50tld+SGfilbBuyjlcewwluBPhs/RuMhIHPCwh+KzXDDLRLj10cqOfibc37UtkkP3apsyX8Fn6PRkuOV5o/rvq2c4p7OGZ7uYhv6j+IUzctZTR+mBupsGLS2M9P37tIXMryZ1x66nkHzd1ELO+gpssFzkP+89Tzj10uwj2B/wAN+2etSVVNDvNM1o9yo8l7s8e7rjAPbWvKW0kT3FtTdqybH9T9ijC1W7SCynmkJ7jKmwn8Y9JPVNjBx/EYSfZy4eprVjLJw77Lz+jszXS5hoHtPrLwrWGz1pA8sY/JTYD8RpndTUpOGNePfC6L3SO7lU8dhmwC6YD2RobFCDmXf81XRUq4rksTd4OQT+SRuZmGGtkOP8KDFbaeE6mMyfdSo26eMD7KC+EDxLINRjx90RrHHPkARcA8hdVgkYwNJ2ACXy4O236KTgpKEI4ohjlL5IeqlJKEIvyee4XPkf8AEP0UtJQhF+R/xD9Evkf8Q/RTV0Nz3UfBCD8kf6gl8kf6grHwjjOE3GNlTFWFf8m/+oJfKP7uCn6G+i74Y7BUA1ggeA70S8B3opxiB7JeEPRQvDZC8J39P7pCI53CneGPT91zS30UJtZGEXqEvC/w/uj+Vcy1QvDA+F/h/dd8M+n7ompiQli7kIZLJTXA0RlcMWEQTUw5kSNRSjfxFQO2WQYgPou/Ln0CcK2mbtrXPnqZv/EUGODkL5c+qXgvHDkKW8UUf/EUZ/U1vA+tXhi/gsfotGGRvlEiIHSnh6oT1Lb848Qp46kt5H96r2sr+NP9F4HVfIqfyS+cq27GYKh/2lo+GTlc/wBoISfX81FFk/jz/RoW3WpjOdWU8XufO5z7ZWdF8h9B+fCI29QnbNKPz3U2st6Zv0aOO9jh0JP2KKOoKMfU1zVnmXGF2CKimHtlTGVUTx/fQk+wR7WKlpYrtF0y82923iOH3CLHX0cpw2oYfzVEGxykAaD9k8W/b+4/PKBvAiWnWeDRipgPErSiam/1D9VmRA5uzXOBHAymmC6NwYXvwPdVhinpf7mpTRkdlmPmr1AQDFMcfonC9XgbOo/zIR4ZHppPo0yWR6hZ6O93TgwR/ZGbd60j/srCpgpUzRd5HqElUNulX+KlGPYJ4vGkZkpJB74VYKdcy0SVX/H6QHDo5AfsntvlC7u4fkrwBia9FikobbvQO28XdGZWUz8YlG6oLDDJJjZ4nHDXBPyPUKEwxJJZB4KShQkkks5UIJJJJQUCTwSmLrVGSccjtXuuZCWMJE4U3A4yDyUslPxn2S0+6mCYY3xD6LvieowueVLyqFBRLFwX7ruR2KY5rTwmvGoYBRkC5yuOY131DKDolactkxhc8Wfu3UAoWPNPTv5iCBLRBm8OxRRO4ctRBKDypgmSvcK6NwA3CIJWbeM05U/IQnwMeBsFC28gWStzt3RS/T2zlBdS4P8ALGPzTXMqWY1N1BWCSg4OHplNbG0nIUcvxjXkJzZwz3yoQdJD6DKjyU+sbNAIUwVELxjJBXCABkKLsJJ5KuSOri/u+Eo7jURYEgyB7qx2OyjS0jH8jATkRvI1lxo34EjMn3RhHFKA5hChyWuI7gboPyVdCdUTz7ItzBJtXQU9Wwx1MDZGn+oZVFJ0rJRPdUWeodG876CdlYOrrhRkGoh1s9gj094o6jbVod3DinQtcXkhSVdVTVcBt/WFpY+F406nRhwIXm3VP9nYSsfePh5XMgDvMKcHIz/ovbpY4aqPRPG2Vh7OGVWm0VNDIaizVT4u5iLvL+i6Wk8jZQ/tLTwfKNZW3zpWpNt6toHQSNOnVpyD75UyNkVTEKmlky1w1DB2X03cqGwdVwOtXWNthJcMNe5mc/mvIOsf7OtfYdd2+HFwaA7LzTO8+r2aP1XqvHea+SW2wGb3cHmN1t9NcIH0tdTDcbPwvMeqOkpLaDUUuXxn0PC9XbfZKeodaOrLaaKtjOHgtx+ak1vT1PcacmleyVjh9K9ppfNRpakmcjWeKjqYNJHz06NxYBUQkt4yQqqstzmOL4d2cr0zqXpyW0zkSwlsbydIIWRrrSSC6F+PZev0fkIaiKkj555Hw0oqUZLJlXOwMOAyobmNfwQptfBNHnxGacKrMnhHfuuxXYpI8Dq9I9PLbgM174ypsNQHAAqvEgeuCV0ThjfKblHPnWXQOoJmlRoKoOGCFIa8PCEThjZSANwCstfbCJw6emGHDchahzfdR3xn7oJR3B1Tdc00zzGop5aZwbI3GU0HK3V3tVPWxFrmAO7ELEVlLNRSmORu3YpEoY6O3XfGxDEkIvI/D+64Zcfh/dZ5LA+KTHOYHcpnhDH2RNS6kOI1NohSwgO2CizNLRwrN7Ae6jSxegS5RGwnkrCCE0Z9VLkhI7bqL3wkSWDRFjCBuhO7ox4QXb5wsti54HI5C4tkCvKOcEAZCoQN8qZSVGl2CszWTfpLvjmky/a45CmwkYzlVsDw5ilwvAO5We2B6Sm3HRb0kxY4Aq7idrjBWajPore31QIEJ3KRhna0t+eGWDHkHCZUty3lNMgDkRwyzlQ6TnuRVy5adjhSKeQggKPWNLX5HAXIncKCd21ltG/LeECqZq3SgeMfdOkb3z6piXIU5bobSsppv5p2xgqXcXh1KDzuq8HRI7PZxUw/zIMNOdsrREyRe6Dgyo8Tw5gey5XDVAds5QqjMcoaR3RnP1RkgditdPBwL/vi4GZe3w5dI9VZ0byQN1ArRioKkUjwMfmunSzweqhtm4lkTsVAd/eEqW135qNNhsrsD3WxmaKzwHid5RsiHhRmO4CkRu52U9AuIGYE8Jo2ajSAKNnnJQSljspLkg1XK5ESiVQJdsgQ+U7pEpYZojHKJKemDhOdwjCfAKY7jBUSpaM5AR5DvhMmGRhBYHGWCNECjuAIQYxvsjnhIyPIcg5+yiv5UuXv9lEkSbR0Qsf1NVhBwq+HkKxi3CKvrIq06/um4zunOOCmK5LIljpOyubSB4ee6p39vzVzZ94lnuNGkeJ4Lq3N/m5yrSSQ+ig21uJMlHkfvwsrO4pKMNoyc4GPUKd0vA2SscXtzgbKsqJM7eq1PStIPCLiNyOV1tDXhqX7PJef1Edvxo19K0NYNI4U876R6qLStAYB7KfRx+NVxMxt3XdXB4S3KNhaYmR0EZa3BduVOh+rJ3QYWtjhawDGAiweXnumM59jyTGPIH2VLSxMu3Urng5jpGglvbV6qwq6r5WnfNjgLvSdCIaKSukb/Nqnl7j7Z2UErhNsus47pmtxnYwDOpcmOTsi0bMSte4cKsi28osmN0tDV1LUCujlWDDsKxEcuMxjJTHn0KUQS5kJHhNQt4IPVN1RX/J0HhtxrmBaPZXRAHPCwHUVa65XF2g/y4PKPRC+Q4xz0ZXqasmpbKWRk6nbErHUMRDQ4jlWXU1yNZWfKxn+VEcH3KDRMAAOMDsvOeY1GyDR9R+i/FTnOM5IlwRYZghOMbeDx6KRHH5cAIMrSH4xv914Seqecn33S0OMNqPHvib0tLb6kXWAZhlcQcDgleeOkJOF9N3izQ320T0EjQXObluexXzn1BZaux3aegqoiwsccZ7r0XifISv/ANOXo8D9S+FlpbPngvtfZFaWgcruoeqBkroJyu+p5eDxzRKG/G6nU4ACgwHIGe6mDZi21LgRPvB2qOW6QVDIOUd25QyFU+ylygaSR5SQEHhxyApOPICoR5ClNOWgeiZDojG4OpdLQWooaD2TcFRpMuPeAdPJ8tLrA27hXdNMydoew7d/Yqlc33R7fU/LyaSCWuSZJo36a3Y8Mv2N2yiIbS3SMHOUZudQyijLB14S3I5gruh3ojt04GF3AUNaWSMY3Hso8kZyCrJrAgyxBw2ChJQwRYzpxunysD2gYyhSxnII7J0b8DBCguUcrBnrpQSwymVoyw+ihMn8Eg4WqqYvFaWY+rZZWupXwTua78JQM5t1br+6Je2yujeG5djO35q/hlG2BlYSln8NwyFpbbcWuaAUhs6Gj1W5JSL6WlgroDDMwFrliL/0tPbCamDzwk747LbU8oIB9VLMMdQwxytBa7Ygojo3UQ1UNrPINKRGO61/UnSEsDX1tCNUY3cwDcLIuyMgtII9VDzl+nnp5bZIE7ZCRXHB4QkLWRKEkkkqKEkkkoQSSSShBJJ6ShBiSSShBLucbLg3SO5S5ssYnpiehQQkkklZBJJJKEEmJ6YqZB6SSSsh0Ak4AyVf0cTo6drXDfCp6KLXUN2ytCSNOwxgBPpjhgyWSPNx+Srp3E7YU6dw9cbKE4hx+y1PszWAosk5d3UgAYQw30CezsqIOd9JUGT6ipM7tJwVHLgQUibDgh2R6hLI9QgknKQJyljQwaAcgLqY1wxud13W31UIDSSSUIGToWeJI1gOMlMPCnWeES1rds4x+SsOrLmkjTW5pZA1mnGFaRfSFHgABwd8KQ3jCo7tC2rAUEYXcj1QslLJ9VZpUshCcIrUBvmR2psYhHV1vK4kiLUwwJwnJhGU8DCgeRNGM5UaZx3GUWQ8YKh1mS3AVpZMupu+ODlgpL7P4rxC050jJVKYyDjCup4i9xIGdlb2Xp/isqmjf6WrTGnceG1eti5ORB6b6TdWyNqa2MiIbgL0SGCGnjZDDGGtYMDCi0nkAAbgBTG6nbBp2W2ijHJ5vW6iV0sthEaE6TuEW3W6ouM4pqdhMhGQMLb2f4ZV0r4561zWMA4K05SOh4vwGu8s06IPH7ZjGRVEpAhhLiVqLX0Lcq5jXzkQtPORleh23py221gDKVpcO5Cn6QNhsFTszwfSPF/+HenpxbrHul+vRQ2zpW221jQ2Fr3jkkK8axrWhoaAB6BP0+64QAC4nAHJQSbPe6bQU6GChTFJf2EMNB9lTXW+OaDSUnmlcNsFMr7q6tqG221tdI550vkH0t/NTrTYIqEa3kST75cdwPspkd8W/sr7ZYXOc2tuPnkdvgq8bAG4OBjspL2YAGE0geqr5MDVp4xWUMAAGAmZHqnu2BUQuIJ1FA7MhYxwPe4DcEKLJLnsnynChSz6W505V5yJmGfIGgqqrKyGFpErw3Ki199hptQduR791jLndpK2VznZIzsp2crV6yFTwuSZe+oS9xp6c+xOVnZZHSAA7onhl7s+qPHSnI2ToxPP33SullsheE4njb0RmwEb4wrBtO0Y8oRfBaBnATcMyYRXinAH0pwjGRgKWWgZ24QQ05ymKIi3AhFtsE5rcduPdE1gN3USSYDP/VGZ5zSCSyNY3sqyonc84wnyyFx5KZgDcozHbPPAB0LpSCTwniMRt2T9fYNSERO+VDNLkFu4ouGNaCcE+mU5wZG33wojn6t/RG3hFN4HvnawKur67wxnOD2UevucbQ7S7cbD3KqHvq6o7kkIVPIpy9D6mvqpXaWnYoMELnuy47qRBT4PnajOiaMADCFzB25eRNhbgbfupDWhmDhMEZGCQjfSACgzlhrgcM7AhP1Nxwha/QJvibnZSTDbOvdkkeiHpc524T2sc5wyP3U2OnBAIGFabC25AxQYwSFLjAGMhcc1jMZ7Jks+QAAoTCQR7w0YUSYk7pPdncnCr6y5RwMLieOEMpbRbeA80wb9WBhZS9X0yB1NTnAH1OUG632WqqHMY84HoVUudqOc4KxX3rGEIm8ic4k8lNO6SS583ufItrPDOAk90Ub5Ca2NziNlNhpG5DnDdAFXVJ9Ao4C7fHKkRQAEbKQyINb5QutAylpbuzdVQl+XYmxgAENz+ado9kRpyE5U+DRtx0BLCU5ox3RElRMAycdktXsiYK7pKsao5BsaB7p2lODSUVsBO52VDVHAHBwhaXZ42UwR4O42TgG42aFaK2biO0HungDCJpH9P7pmMKsBbBIRBDT5k9xI4CY1jiULWQJRwNLSSutpjnPqjti1HhS2wN0jZEo/sRLgBFCGgZG6TosDnCkacHhPMJeNgiUcsRbbGqOZFf4Hiu3VxQ2wRhssg37BGobXpxPKOfpb6KxbGWrTCB5XXa52ycawYa7GAu+GSckI2kLuj2TksHOdj9kfw2ngJNj9lIwVzQVQOWRGk5UmN+O6iLuTnOVw7K0Oy85LWGbON1LjmPIVIyqII5U2Gp2BWC/Sxm8s7mg8zbQ1FsuYqpw2wpkVYCBwqRlS3ghGbICM5XKu0MfSPf8AjPqKSik2XWuOQYcAQo0lI0eeIkH0BUSOpcwqXDWDO+y5d+lkuGj23j/K1XYwwIdURnL2nA9UZkgkHIUgvhlGM5KizUJbh0OTnkLnWaZf0neq1EnyuUTYZSwANdjHup0NSXgAkErPCrdA4MlY4e5UunqNWFjsoaZ0qdTCfTLwFrxgLmn3UGGd7XagdvRSG1IJwUicfSOhGSwSNPuumGJ394wOXBgjIKcG7cpbWA0k2Qau0MkJfTuMbudlX+DW08m+o4Wia3UmviyMKg9hUxzPOz24RQ4HujTUmN2hRDTSg5apnBTbiSUw8IYe5ow5qf4wzjCvISeRpLspAuCdsUiBhTAeTrZiMDCO2cYGyiEHOyQDsqipSwTg9p20hPLGubsQFCaSMHKIJSMeyhFLI51MDkoBhcO6kiYY4XPKoNAHPBCaW7cqW6IIJhO5Q4yQBFNU00gkgkc0j0Kv6DrOop9MdbHraPxDlUpGn8OUg0HspsbLyeg0F/tVwYA2QNcezipr6CCsYTLCyVh9BuvL8ac6Tj7KfbOo7vbXhsdSSwdnHKVKGAlY2aC5dFUchL6LMbv6Tws7X9O3OiJ0w62jkhaWj6xhnkDakFueTlXLKmCsaHRStcPQFA6hsZZPKnyOjOJm4+6lU1e6Ej5WUjPYFb649PW2tyZoBv6DhZWu6HqKdzprfJqaPwlIlVlhKTLm0fE3qW2N8IzsqothonGoYW2tvxXsVeyOK920UZdtrj3b/wCi8YlgrKR5bUU7xj2XBVMccenbKW6eC3LJ9I0dTZrpGH2q6RO1DIGrhPbHdqd/mayWLseF88Q1MjWDw3Ob32OFo7X8R+q7aGQisFREzYRzDUMeiS6MBxl+z2d1dE0Ymjc13BGNkRscM2HRkHO+yw1u+KdqrWMivFtkgkdsTH5mf+i0tHc7HWtbJZ7i1rzvpL8fkkyqG5yi2+WDBgtByoVVaaSY58EanegRW1dVG8GUah9tipbayknYBgtclSqa6A34Zl63pZxGunbpPbCgMZ1DZZhNHJOMf4i4ELdsxpBbuCiOpw7lodn1CS62VvT9GUoviBX00oFdDrjPOBwtLRdcdN10jWSv8Fzu7xsotR0zQ1xJbGI3nuBsVn7n0FUsJdTgOzwQqwycdHoobR1TWyU8sbgeCCgzUMxO5yPULy35PqywYmp3S6W7ADJA/JTrZ8SbxSEQ3BrXtbyXDDkaAlDBtKuy2+sjdBW0cbwfVu4/NZqv+GVtneXUMkkRPA5AV1bviD0/WlrakiFzu5xgrQQVVBXRh1NNG9rtwWkIyYZ4/cuiOpbO9z6dhqIhv5eyoxW11JKRPG9hb9QIIXvroJgeQQfVQq60UFfF4FbRskb6Fo2VjDxpnUMJIZO3Y+inxVtBUhpMzGZ4WruXwusFXG75TxYJTuCTkLF3j4c362lxp2GeIcFqppMrGS3hZVMxJS1OAeCCptL1Hf7Y53+9SSNPZ5yFhWz3e2ZgkfNGW7aXZU6HrCenaGSwCUjuqcUwXFez0ql+JsHh6LvQM221MGD+ato+pOlrgWtjqoaYuGdRfg5+3deax9R2CshDqiExvP1bI7aDp64N109wpST+DxMH9Ev4UKlGK4SPT4opiRLbq5sgG7Sw8hGi6m6ttc+uISVDB9bdOcLy2ltFzoZWyWq8yRBpyGskyD91Pb1d8Q6J7mOlbWwjGz+32VOkV8SfZ6xB8TpGn/f6CRvrthXdH8Qemalv/b2ROHLZTpOV41F8TC4FvUXTj2s2BmY3v9kaPqf4e3QOk+aMHoZBpwUidG4XKir2j3ynq6WuibLTzse13Bacgpz4iPqaf0Xi1LQsDW19iu3AyHQTZ291a03UfWlC4ubcoptQwBNx+SW6GkJejT/BnqUjO5GSVBq6GjqxippIZfd7MrJ0fxAu0BY27WlsjDzLC/P/ANThW8fXXT0jtMzpovcsJCUq2mVHT2w5B1vR1irm4fS+D/8ASToVS/oS5QHFt6sroIxww+bH7rVC6W6X+ZT1LHsIB2Iz+YRYqiKYFzHDAOOULi0E52xMRIPiHaZG5jpK+PgEjzEf9V1/Wd3pA3+LdOzxjG5jbwt2/Jxg8Jpa131AO+4QbmErFL8kY2n+IFlnA8Rk8YPdw2VhB1BZagjwq1uT27q3qrPbazJno4nE99AVTP0RY5eKcsz/AEbIlJewl8XvglR1FPMMwSh4Pon/AJKjn6CMZ1Wu51cRH0+fZdisXV1Nv8/DLjgHKmY+i3tf4svWg+i5oBOXAO+4VN4/U1IAayg1NzuWBFivLgcS0kjc98Ik0RcEyW22+c630zA48kDCgz9LW6pz/La38lK/idO8A6iD6Irahrvp3/NMbxyMc5R6M/V9C0jh/Lc0bf0qoqfh49+7NP6LdNnzgYRBNnG3KDeV8svZ5TWfDus1eWFpGFWVPw+rY9zTN++F7O9wyN+E7SCO36K4zSGRvweDSdG1UTtosfkVEfba+meWx+IwjuCV9AupoH7PiYc/4Qo77LbJPqpWEn2R70wnqE0eENqr5SkGOslB/wCcqRD1h1JRODvGc/2c7K9kn6VskxwaRo+wVbUfDuyT7jWCVSSBU0zzyH4pX6I/zG7BWtP8ZXaGtqKXLhyQruq+FlHI7EOC3sVWVHwjyf5WghUlhhZRMovi5aZB/vOpo+yuYOu+latoPzMe/PCw1T8Hq8OJjlZvwCqup+EvUEW8Rb+WUWMrAMpYPV4b30nVbumj34xhGx068eWRuCvE5Ph91jTnykkD0cVx1v8AiPQ4bE2UNHBIyi+PIPyHtzrNQT4fC5paeMFNNgZ2wSvGIb38SraPMJCBzmIY/VSmfEbrmnwJ6J0w9mKOqT6L+Q9Yd07Uk5jeAFx3TtYBnLV5vSfFXqCN2am0VTcf0sVpH8YqoNAktlZt/hQOua7K3mvNjrQeAUZlpqABliyEfxlibjXbaw//AGtSI/jPbds2+s/+5ocNdlmmbaappx4YP5J4s8/PhhZofGi252t9Yf8A7Wnt+M1GRta6r/yo3yWaT+Ezf9039F3+Dzf90P0WcHxfpDxbqj/ypf8AtaaRtaqv8moNos04tM2caB+iP/B5i3+7A/JZD/2relrq8/8AIuf+1O4O2bbKsDtlqrYyYNYbNPnOhqRssrvqYw/ksj/7S652/wAhOP8AwpH4jXRw8ltnP3aiASSNX/s2JuY4h+QUeTpCKV2HxRAd8NCzjfiBdnne3PH2bhP/ANurqR5aGXPuFQxJF6eh7UBvz9kh0RbSDsP0VB/tn1C87UTAPdm6c3qnqGQ7UoJPoFCksF3/ALDWwnJx+i5/sFancvb+iqW33qM7imH6JwvPUj/KaSL/AMqgLjnksv8AYC0ndulIdA20bnSoIruoXnLmtH5FPMt8fgGQj7FQrKRYf7EWlrd28eyCOk7Q0/Qo5pb28b1Mv2ylFZ7pMcSzvP5lATJPislhpv71g2HqjBnSsA+nUUCHpiWUYme8/wDiKnwdIUseHEnPfJVPkpySOMu1kjaI44W4b7IbupYWuLKah+x0qxhsdJER5AfuFZQUVLFgsgYCPZCkB8hm3Xa8z/3NKxgPHlXW0t/qvrAAWs8NgGAxo/JJoxwiyR2Gfi6ZqnAPmqQSeQpLOmKFmDJlx+6vEi0lMwC7G+ytjtFDAQ5kIJ91IjgYxxc1gGfZSNPuuhh5UwLcmxADCcOV3GF0NJ4CsgQcLn4k7GEhylLgVJZCM+kLq40bbLuCOQoKcGPSGy4XAckITqmMfiA+5RA7WSA8EDZLI9VG+ZgO5qIhj/EhPuNG3/4lhx7qshKDZPxlLBVaL1Stzh2r7ITr+w7Ckkcpkv4Z/otsj1H6pZHqP1VMb1O4+S3E+hwm/wARurj5KADPHlUbwRVS9l8N+E/JB4VCyW/SfTCG5XXUPUMv1Tlg9gkSnknx/wB0aAOA5SLmY3cAs+2x3x31Vrhld/2deADVXOXfnzqybYv2XT6imZ9UwQH3OhZzPlQm2CjjGZK9x9dTk0xdKQbT3aLI5zO1TDJ8cX0n/wBiWb3bwceKkb3QgZ8RVk1w6Cpzh90p8n0lyUv9r/h/TtDDUscG8eTKNJsGVcl+MWWAv1E46Wkn7BDN3ic4gRvx64UB3xG6CpzmJzAR3ZFk/wCSFJ8Wujmf3THvPtGAr2spU3T/ABgy4FU54y2J2/CY91U8YbCSqQ/Fzphx8lFPn7AZ/QpknxltETdMdlqXfoFNrC/iaj/kLprK5x3hIXfla1w3Ys2740UQ+iwT/wD3Qf8ARRZPjLN/wbQxn/P/AOim2XpDIaPUv+k1JoqnO7P3S/h9Wdgzn3WMf8ZLoT/LtFIfctKC74u3/tb6IZ/wKtln6Ceh1P8Aym7/AINVnc5XDZas/msH/wC1q/n/AOCov/uaX/tYv3/yDRf/AHMqvjsb6ItFql2bd1gqTnzD9FHd0rUu4kaPyWN/9rF+/wDkGi/+5lcPxYvw3+Rov/uZ/wCqLbfHoZ/C1P7Nc/pGrO/iN/RRZukLjjML2krOx/F67tP821Ubx7ah/qpjPjA4geLacf8AI7lVjUFLTaiPYafpvqOM/wAprXBVlVa+o6Ylz6SX9FbQfF605/3qhqo/cAFWdN8U+kqnAlmqGZ/qYiSuXaIo2x5ccmJdUXWF2JYpGfcFObeqqLBcwEj1C9Fp+q+h68H/AHqIEf8AeABSv4b03cGh9MKWoad/5ZBIUTlnlFfLKP5QZ5vF1VUx4Hy8O3chTYOvPA/vIISPstnL0lZZwdFIwdtgqmr+GtBO0iPUDnbZEpx6kXCdMvyRCg+I9HjT5Yj7I03XFPUgCG8GA/dV9T8LHlmI5Gt91S1nwvr2nIqQceyLbS+mOitNI08HUVY8/wArqpxzw3Q3/PClsv15gw4XUyA+mN151U9AXeHeOo0kDtlV1R051VEP5dweMcYLkfwwf4suzTUS5ieuM61uUP8Afw1cwHdjcqVT9c0E3lqYJ4x3MkTv+i8Jkp+t4DpF4qMegeUw1HVMB1SXCb83FEqE+xX8SHpH0My5WG5/3dcWOH+NzcIotUkrS6gvDyeQNa+do77emEeJWSbeitaLrO8UjgWVsgPrqRrSOX4oW9H7R7gbf1PB5qauc8+jiusqeu4/qo4JWj1G5XldH8Tb1E4B1S532cr+i+KtwAHi6zj1KVPS2Q9C56Wa6SZtje+o4B/O6fMmOdDUL/a18f8A2zpG4Mx3EYIKpqf4pTSY1sA91bUvxCo58CV2PXYJLqsXcRD0s3+UUPHXfTsbg2rslwhJ9YcqZD1n0fMcOmfGR2cxwI/ZEj6ltFUz+7DsjG4CTH9P1g0zUcZH/KFT3L0KdMYv7ov/AKEkdUdKzjS27safckKRT19pqtob1TkHj+Yqmbp7peo3bRNbn/CFCk6I6bk3DJWH/A/Sos+wXTU/2v8AJrovDB101xZIe+HZRRJUOz/N2HssUOiaGH/slfWR/eUrv+zd3gINJ1NUMPYGQlBkTLSwlxFm4HzP+I/kieK9o8zSfyWENu6yh2i6gLh7nKeP9u6TzRVsE/8AzBXkH+D73I3HzDu7V0VB7hYX+Pdb05/3i2xyj1YEaLraqjwLlbJ2/wDI1QW9JNdPJuGytI3wPzTtTfULI03X9nPllY6Mn/vAp1N1Jaq12mKqaDzuVAHprI+jQgg8JZA5KrYq6MnEczT+aOag7FCngU6WvRJ7Z7JpKY2sgxgndNMjTvlFvX6FuIQs9CFwtIGchN1e6cNXoVMFHST3C535XdYxjCFvnOUWCsBxwlwEPUu6vZTBMHSQTjCboPZd1eyWr2V8guLYgHA51fsijbKGutk9lRWB2oZ4TtQPcJqF4RznKhQ98bHc43UaWk7xHco7mnbBK63b3ULKuWO4w7twQozrhLE7FQ7SFoDuMKJNRU8zHNkjaQfUZUDU0QmXGB7dpdyjwSvyHvfqafZQKvp0aNVNJpcOFTCrvdqlxPGZYx6BMDiovo2HjwEAat1xrgc4cD+ao6O90dYMOw1/cFTopmZy1wKMGSwTy0O5UOa0UVQ7xCxrXeoR2Sg7Jb8goyimNPebdI58Mnjwjhp3IU23X+lkcIKseDMOWuU3Kj1NDb6tp1sBcfxYwR+aPJCbLSUdwZuxrx64yoXg1lqJdSvMsZ5Y45AVY+lu9rcZLfUGSMblp5U2j6hpZCIqxroJT2fymwscHlASjkruqOj+kviHbnUd/oNMjhgSs8r2n78rwvqX4SdZfDud1b0w+W8W85/kgZe0BfSUkTJG648DO4cEB1RXU/lqWNmi9MLs6XydlXD5TBcWuj5fpL1Yurab5O4shjqRlskEo3B/NYXrL4Q1lFC+4dODxgMnw9WB/qvqDrj4MdKddVAuUTW0FeRllVAzD2n33Gey8futH178M6j5bqWhbdbW8+G2ppQdLD/iPuva+N8xKC30Sx/ZmDVaerVR23Q/6o+aax7Y3PpblTtErdiP/XusxcrS2XVJTuDRyAV9S9T/AA+6R+INo/iNiEbaxo1te3Yn/C71XgfVnR976OrXUtxhOgHDZQMA/wDRfQ/F+Wq1nD+2X6Z4Hy/hp0xeVuh6a7/6nnmt8JLTyOQnfMB2AcK0raaKrBDQGyDuBys/LDJBIWSAghegVjS5PAavx06syivtLGKo8MjcKfFOSB7qhLnbEZ290amuGlwbK7ARqeTkutM0DZA5J2+2VEhljmAMb8ozXaduUaw3wZ3Xhg5ow4cKmuVtjqmGN7dzwVfEagos0QcEM48Dq5bHwefVtBJSSGORu3Y+qhA5JGOFu7hb46qEskZ9j3Cx9bROppMZSLIYOnRen2Qt+xT1wHKas7jk2rkdkeoXCGu7hByfVLJ9SlOOS12cljACr548HOFZOZjbPKDJGMbBKsrx0PjLBVkkHcJp4RqiLzbBDLVgs4NEeQDvKdl1jy06gF1w2IQmg5KQ1xkdFtcl9Qv1tDweynMcQdyqe1ytAMZ7DKsjuRukTjk7+kv3RLSF+QFMoZHNlDgVUQSEAEqex4IGFnlHJ29NYXpOpoe0o8Mhc3B7KDRzYjDTvyjxzYOMYS0sM69dhysaDqx6KFEfVT5iHN/JVm4kQsu1+0WNO7PdSVXRyA4weFMLtbBjZOiioTyVdUMPJHqi0c2Ro9k24YEfG5KDRuHiEZ7J64McbNtjX7IlxGJ/zXKc5Y5pRru0OjDm7OBUSlk4BWqrg5dyxNorLnGBOh0+Q4KZeWDyvA3VfC7BGey6VLR4rXxxcyzYchRqn+9KkROBblR6jeUla5PJzV2PZypLOFFYcFSmHZWiWnJOFEk+pS5OFEk+tSWCoLI2UAtyVCJxIMKdJ9CgSDLlkn6NMCU0+Ubrp4QmHgZRRwrj0W3jsDIPMmP+lFeDjOFFkPPuqk8dlRlngGz60/smN+pPkBLcBKzkanyAd9J+yhS/ZTDyo0wAwQEqccj4vgfTY1fkrCm3BVfS/UrCl7/ZMrxKCAsHP5SAwk45OFwHHZDJYEsc/kK6tH9wAqSTsryzN2YTxykWGjSLMy+pSWtz3RX8coDHAArkkuoeiVXDe8HUvnthkZnXOyPGcrfdPweFC3A5WEtsRnrW+y9NtdOGU7B3wu5pa9qR898rdKU3kt6bdmVaWKIyVrTjOFWRtwzfZXvSzQH6iM7ZXR9HnrXwaR+2AFIh+kKOMlyODsNkxmCfLK29SeO6O3j/AIrgMeq1FPAKaljgaMBjQMfksxQU5uF7ZIW5bTkklauqdhupo2U6AnwgX1P9VOjAa0YUGmBc0PcFYt+kIRQRpKNHyENuM7o7OFaBOuOwwhPzwV1zgCMoTjuMIZy2kCkg8JyYOE9LIV/UFx+Qt7y04fL5Grzi7V/yVBLIT/MfkA+57rQ9R17q6tc1jv5UPlx7+q8/6xrmENoWu82NRwk3S2rJ0NHS77FFGbJMkpc52S45JVvTNdlgDfZVFtiM0wzuG7/daSmY0Pzj2XgPN6pttH6C+ktG40xZKjbhoGFEnB8Z2BsrHTtnCiVAGrOF4+dh9ToqwhkTi0jCxfxU6Jk6gp23a3sHjxty4d3LaAYUiJwcwwvblp2OUzT6uensUola3RQ1tLqs6Z8kvfpcG4Sa7V2XoPxY6RNnupuNPDiGbkgd15+G44X0HR6yGogpRPiXk/HT0V7pl/0JlIe6lyHyjCrYZtBClslD9guvXbxg41lTiEXDwu+6Sd2UCITEcgcoeChawC0MxhHhPAJQnjC6DgqJ4ITARhIgDshtJ2RBwmFAycprmEDOUX6eBnKQOs44RKOQlJx6D2+vMREMx8pPlPor5kmQMDlZp8BAyApluuTmOEM524DkmUMHU0moxJRmy9iLiR6KQOEOLcAqQwZOAVR24NPoYmuGQpBaCBtyuNYeyho2cEGWIHdRnM9FZvhPI3UWWP1UFSh+iKqy8UomxKG+YbK30+6ZLCHsIQyWRNsN8cYMbJE5j8Ywp1vqTG8Z5RLlQkP1N7Krdlp08YSmsHLi5ad5NtbqvxWgEg/ZXcMuQFgrbcDTaQSdlrKKtbIwOzyhTyd/SamMlku2uDgWkbHkLN9QdG/Pgz0L2MkBzpI2KvIpM4wpUb9uOVZtsqhqY4kjxirpJ6Kd9PUMLXsOCCEB0bsL1+59OUF5BfKwNlxgOAXnl3stVaqh0E8eAPpeBsQocLUeOnT9z/H9meLCDg7Lqk1EBIBA/dRy1w5CA5ko7egaSSSgA9JJJQgkkklCCXRyuJDZU+i0MSSSWWWWyh6SYkiyGPSTEkeSD0xPTFGQSSSSEgkk9OY0vkbGBlHFclZwWFqhc6TxSMNCtnkYO6j0cRjga0jCdUv2GFrjHCFynwRqh2TgFRmjzJ0hLjymppmm8sIACOE5jfZcYCUR4DYwSqbwGQqvOvIUck8ZR5XZOVHPKzy5lkdASSSSEaLJSyUklAByMgoyhBLTdP0IhhNRI3zP4VJa6Q1lU1mPKN3fZbGJrWNbG0YDRhEng2aWvL3MeM5yEZMbgb43TmqzqpYOrrTgruAkzlQNSyFHCIhg9k9WnkYPSSSTCBNXsuOORwku50b8o4xyXkbvnJUaoOBujzTEDytUGKGquE/hM3CfCtHG8pe4R2R7OUlOaifDG7A5J9Fp6KItYByANlf9H/DW83ZrWwQiNrgMyPHlH3P6r1vp74U2KztElc91XOfqJOwPstEZbTjaL6V8h5SW5x2x/bPJ7J0rd7wW/J0/ff2Xpdh+FLIdNVd6nVJjdse36rfNp4KeJkFPExjGDDQ0YRmEAYJymqyT6PoHifoPRaJKWoW9/wByBS2mgt8bYqanY0Dvjc+6kufpAA3R3AHbKHKwHHdC5M95Rpq9ND461hAQcnOEgMJ7gByVEr7hS26mdVVMgDG85V5JLA6pnZCwvcRgcnKzktbWdRSfKWvy0ecSz559go7G3Xq6fxBF8tbGO3xsZB6LZUVDTUFPHS0kTY42jGAFG8ipLcRbVaae1w+FC3Pq48qcG4z7p8gGNgmOxjlESMcDCgucd99l1+Q7GUInCILI10pGwCjy45BCI52c52wqq4VzKaIvL9+26mwTZYodhp6kRDcbLLX7qBjcwQnc+iiXXqKSaMshcc8ZWecZJXFziSSqZxNbrd32Vjqqd9RgP7DCAyHfICkNgc8jblTqekDBkj90cI5Zx3yQo6X1apLIQ0DAUssaBjCEeU+KMtqwwZYAEJxKK9wwo75G85T0jLZYooW2MZwhPe1m+x/NDmmPYKI+XVs7ZMxg591oWWp5ACiyuccJOOo5T9PuiSyZZzygW4TdLndsI7It9xsuyysjAAblWJba5BtjAGTt+abJMIxjATJJc8DGFDqZchA5YKb4yPmqedwqC5XfGYITueSFFu15AJp4Cc8EoFDRvJE0wySMgHsglLJmnP0gtNAHgPmbv2Cmsa1gw0LmnHdPbtuoKY0ZJxhGY0cpBzQDsh6sgqDk8BXubgAIeslMaCXbohwAoWOXWtLtgmjU7OBwrCmpi1uXgb8KDoxyCjixjbhSfEEbMeiHJIITgBRnVBlOwUCfA6WdznYA4Q8h27yAujynL1U3W801OHYOS1BOagLnKKi3I7d7rHTsIDthz7rG3K6zVpdgloKFXV81VIXOJwe3oFEzkFYLrXLhGN2bugenfJO67kpHkrrWFxwscgUcAJUiCmcS1xRYKcEaiFIaGtAAQM206fOJzOsp2gA6d1KY0AYxwgZHZOEpJ+lUkblGK/FBtI9E1IHIT1RYl0DJAXF0NJ+yhaCCJp/+aiaAEwM9yieGfdUEsHNh2/dO29Fzwsp/hHGVEFlDdvRd1eyboOcLojcFZY7G+V0DJwlpLdiljuoFnARrG43Q3sb+EhMLj2XGhx2VFOeDpYDyn+G0d04QlwyAitp2cvG4Vi3PgExhyCEdoIGCnBsTSAThSIqR1Q7yDYcoowbObq9ZChbmR2jU4DlXVHQAMD3ckbD0RKK3RRDVo8x5yprYwMjGEyEcM8rq/IT1TeAWgAAei65gRNPulp91pSRgWUCDU8MHouhvsjBuArAk9oDSPRLAT0kIJT5B4KStpunZof7tpUKW31UW7mLzUdXRd+Mjt6rxWs0bfywf/QjjZGZIAA1AIIJaRgprQQ7JKLh9HPXD5J7ZHHcKRFM4YGFDgfwCOVJbg8JM60zp6a6UOia2oHYcojZvtuq4A5zlEEh4OVitpUuzvaPyVtT4ZaRz6SCMKdHVAgDIVCJiN0RtSeCsN+iUvxPX+P8AqaUGk2aJrYKphbI1pHuFAntsjTqpZCMfhKjQ1hA2cVLhuDsjxDt6rmW6SUfyR7jR+W0urw84YCnrpY3+FNsRscqfHOdnNCfmirG6JNOr17qFNbqulJkppDI3nSTwsFulXpHep1ThynlFtBVl2GqXHLngcrMxXHDtErHMcFOjqXnBDshYZ6eSfJ1adVGa4L9jx9kYAFU0NYG4EjvyUuOqaSN8BJccGyN2eyY5oKAYhgjhGa8OGcruAlWJhrlkCSlJydPb1UQ08g7K70BCMLTw1LC2ZRUODmHBCcJc8hTZKPX24UaSjcRgbYUJsyKPSTgnlH8D+kblRBE9m/6LrJp2EBz9vsjK2sOaebkNGPumeG4bkIjK6I4DnbogLX7hQrojDVlPBI5RdI5wmKBjtSWr2XNvVdIxyUUXgg3AKcINQzlcSyfUo28+gs5Bup8dv3TCDvspAd7J2qLuAEO3PZZFa3T2wnsqqmmeJIJnMPsURzW/hOyYWE8JbWC4ywXlF1jURMDKmESY7q+oL9b65oMcvhP7tcVgyMclM1HfG3uEtxD3npL4aWpbpe1r88KmufRVurAX0gMEp7jgrNUV4rqZzQJS5o7Eq/oerm6hHVRYH9QQbSbjP1fTN5tjnOOZGDgt3UF08tP5poXAeuF6NBfbdVkw+KMHs7hcqrXR1cZDoI3MPGAh2BZMFHWxOaDr/dSYql7cGN7gPY4U6v6QaxzpKbJH9PdUU9urKVx+st9PRLdSYam0bC29a9QULgWVXisaMBsm+AtNbviXTStDKujLHjnQNl5VHVSxjDXI8daRuRuhdKL+Q9xt/VdJPpkpalpB/A48K/pOoY5nhkkWx4Ld186NuRbu1zmn2Kt7X1ldbfhjZvFYOz91nlpsk3I+joXx7HIwfdTmNDmg4Xjtp+LdG1raS4Uha4dzut5Z+qbTdY2uortGXHfwhJl7fySZUYKc9popIg7ZzAfuq+t6Ts1wjxNQxtf3IHKlQ1uQC4hzfUcqwjnhkYDjCzOtokptmBrvhNbahxdSVQhzwHFZ+q+HnVtlGq2XGV2DlvhyHZevk07iP5m47YR2HbGB+ZVNtBRm12eLs6z696ekDLtRtmY3y65Iz+5V5bPjFZ58x3ahlpXt2JadTc/fsvTjTRPBL/BOe2As9cPh90jdQ8y2xjJHclmwz64QfJ6C+QDb+runbmGmmroyX8DVurZsjHjZuQsFXfASiqBm3XV0I5w//wCaqeToT4qdO7WacVVNFs0CbDj9g4q+yZTPTK2xWq6MENdQRytAOHacP/VZC6fDCwys0Ub5IH5+r6v2Wc/2/wCu+n5BD1D06NA2c8F0Tj9/w/urKi+MvTcrjFcs0Uvo54cP1R5yEUFx+HN8ppS2lhbUR8gsPmP2Czs1onpJnRT000D2nB1xlq9st3UlousbZbbcKefUM4jkyVOlFPWwmnqIo5WHlrxlGCzwQC4sOKW5yRO5w15VnB1N1rQtzLVwVTTgAyUwzj7helXP4fdJXIEutny0rty+ndpyfdZ6s+F92gaX2LqcBo4gqog4H7O7fohUl7KyZ93xCuY0tq7CJBjDtOQD+uVOp+tekKgA3XpioYTyRGCmT9K9e2uMy1VjZWx9/AdkY9QcKnqaq1OdovFtqqI5xiePAyq4Jhro1zKr4XVhZJT3iGhf2zK6JzT9iFeW2zNrnBtg67MgAy6PxWzNx7jK8yks9hucOmjmidqG2DlQpukpaaMuoyMjsFTimEq0z3WG3dW0zvO+lrI8fgY2MroZc2bS2mcAdwAQvEaPqL4h9PQiK336tjj/AO6Mo8P/AMpKuqD40fEC3vJuM8dU0jAD2AY+2kIHRKX4oF1s9YhlfA/UGmNw7HYqZHWz51CVwIGNisHZfjxZayoZD1DZG0xIx8wzTIM+4LchbSi6x6FvQbHTXiljJ3Jld4TR+aVLTyXaEzqwywiutwaRid2PclW0PUFU2MBzWuI7qNHbKGpaPkKwSBwywNd4gPuHNCf/AAKraN/8lnlQ1zgVsx0S29RT5GqHI9lJj6lojjxYZGe5Cp322safp2HOE75N8YaJGE59ElxgBJRfaL+LqO0nA8bSfdS47pb5cBtTH+RWPlpqckZix7pfI08o28qFwSF7Iro3MUsdQMB7XD7rjqSB+zoWEfZYV9NNB/cVT2k99RSjkvkfmjuDjj3KpIva+kzaS2WhfgmnaPs1Rn2GmcP5etn2KzIvnUkGMP8AEA90eLrW7MGJqQBw58vKibyC4W9pl7/AZGf3b9v8Tkz+FVzQR4YI9iq//b5jQBNb3Z/qDv8ARHi67tpx4scjUckmil8q7DigmBHjRpwgc3gYTR1nZnged2/qE8dR2WR2deMoMMmJ+0c8Fy54LzthSf4pZpWZFXGCfddbPb3jyVUZ/NXjBe6X6Ipp3nlqd4D/AEUryHcPBCWB6o84CUpL0Rfl3+n7ofy8v9Jx91L3B9U/gfSoHvZB8J4Pm5+6WkqUX8+RNV8gfIRfCB5aFw0sBG7VLw7+n91zHqiy0WrOSAaGmPEYQDaoDsWZCstJBxhdDhjBYpuf7ClMqHWK2EeekZk+wUd3TNpdxTMH/hV4R6BNyPVU5P2XnjJRnpC0nmmj/wDKuf7HWn8NLHn/AJVoMj1CWR6hUVvM5/sXQciiix66QnDo+196aMH7LS6s7DP6pFo7tKjJvM4OkLSN/lo//Ku/7MW0bfKt29lfgbgEKQ2BhaDgKs4L3szP+zNuB/ugPyRBYqEDAibt7LReB/gCd4Df6GolLJSlkzf8Eoe1Oz/yrn8JiH0xNH5LS+E3+lv6JeG3+lv6ISjM/wAHi9Gf+VdFniz+D/yrS+GP6R+i74X+EKZK3GdFmBHLP/Kk2zuact0D8lofBafwhOELBg6QryTeUAtsnHl/RFbaXbHLVfCNgH0hd0N/pChW8p2Wt3B0o7LVEDksarABufpCfhun6QoBKREbQ07RsxOFM1vAARyDnYJ4G4PCBvAHyNkcR6eAn4HopAbtuhuO+OEKeQHJgtPuugYTi5o5cB9ymSVVFEMyVkQ9tSvA2MHMKATwkQRyobr9aoTh1SD9lGf1PQZ/kh7vfCvGA1TN+i4AOeETAIGyzzupp84ggBHbUguu16n/ALqA/kptYxaaXt4NLj3ThJDE0vfI0fcrMNZ1BPguBaE9vTl3nd4j53Z91NrBlXGHcjQOr6Bm76yJvtqUea+2+maXtkEp9GbqE3pDUwOqahp9crrbR0vQEfM3eCJw51ztH+qaoP0Lexf3OHq2mBAbQz57ZGycb/WzDLKRmO2yra3q74e2YuMl7gkLeNDtapqj4xdGQ+anZUSH/BGpsZaqlP8AGJqzXXiUARxiMeoC44X2QDNQMe4WGqfjra2YbSUFSf8AmbhUlX8cbxM4tpbXFG3s5xyT+WFagwlprP0esijrHtHjVBPsNkV9EJgBMScLxCf4sdYVJ/3fwGDvsquo6r6yqsk3eYh34WnACL48jI6SS/I9+fTW+BpdK4AdyTso0t16bg/vq2hjx6uwV8/ul6iq366i4VDiBzrKAbZWOJLiXEnJJPJVqndwNWjPep+tei6L6q+B+P6N1Bk+LXREH0l7yPRq8YZZn4y97PcEIrbJA4guY3I9Ff8AHwMjoorts9Uq/jd09Fj5W21En5YVdJ8fC0/7v0+72Jc5YRtrpWjGlP8A4fTH8GVPgi+wv4df6Ne/479TTf3Vvpoh2zuVFl+LnWdTsKqKMH+lvCoGU0bRpEY29k75Vp2bGM/ZV8EP0HHTVx/pRYy9cdX1Z1SXuZo9GnCiy3q91P8AfXerfn1lJC5Da6iT6W7KXBZJy7DmKfDFdIYqoR6jgrzJLLvPO5x9S5OYMu5VsOnid/D/AHUqCxyDDTGGgdyFFUglFIphGC3BGUhSAnjlaFtm0kZc39FJFsbjhv6K1Wl0XgzcdE4Y8wCOLcTg62/or7+FvHDGpfw6QbkNCLaXhlJ/DXAfU39Ev4c7+pqvDRgcgJppHDchuFW0rkpxb5M7uCOKBxwSWlTzGxpwSAUtA7O/ZRQa6LK024Hfyrv8P927KwXMj1V7WQgtoTn8KL8rtu1u3spSbqnJ+ppHZE4ywBlpkT5Q92t/RI0no1v6KVmU/iYlqk/rYl7ZZIuSF8ln/htSNEB+Bqma3ceJF+q6Hb/zKinH/jwmKMimsEE0XqxqDJbg0ZDW/ZWhmp8ahXUeBz/NTf4jao2/zq6lz7TtKYmwMIp3W0uxiMD8l1tJVxDMUr2Y4wSrP+O9PxnD7rTD/wAYQx1N0sw/zbzTgexyqfPovC9gIrv1JRHMN1qcehecKwpfiL1TSEB07ZAOzgo46t6IPF0if64K6OrOhnEA3CAH/EqUIvtC5U1T9F3D8ZbvT4bVW6GXPpsp8Xxpt5A+es74x6ghZJ1z6BqpNb7hFv6HZFDfh3UYDr1TZ9C/CD4YP0Iekq/Rs6f4u9DzkCqMrD7tCms62+HlYBousbSfUcLCDpzoysGKa+Ue/ZtU0H9MoMvw5opm6qC5wkHuC1ytUwj/AGEz0tfayemRy9F1m0F4oHkjjWCU89N2KpwWxRyA8EN2Xkj/AIZ153pq2Nx7HOFCl6B64pHF1LU7DjS8gqnWn+MgYVyj+LPYZeh7HLgimjwf8IUOb4cWGQ+SFjT9l5YKX4l2kE/O3DHfw5ycpRdY9eUJxNNdDj/vDlMVU31NFvf7Z6XJ8MrYfpJb/wAowosnw2jjH8qpOe2ViYPij1PDtN4hP+NTIvi7fmY8SOnP3aqnTqF7LxL9l/L8Pq9py2oGEI9FXJmMSg491Bh+MFyyBPTUuPsrGD4txOwKimpxn0SpV6iJPuHNsN5pR/Lk/cp8UfUEByyRw/NHi+J9jfgyjGfRTIuv+l58f72Gn3ASnGx9xAc/7ESK+Xyny1/ikjnZTo+t6qNgbUUpyNtXqplN1BYKrzR11P8AYkBSvHs0wGk0k2exwVNj/QluMvyRHpPiHQNwypy31yQrml6w6dqcYq2MJ/qVVJbbJU5LrZTn3AUd3TfT04w6Hwj/AIEvbFfmLdFb9YNZFc7XPgwVjHfZ3CmgOc0Ojy4H3WBPRVrLs0lfUsJ7B6OyzdRURHyt7l8PsHOQtw/pFSoivxNuJJoTmQaR7pklVTbCpY3B9Qs9BcOpaYgTwwVTe5Ocqxpb1SVD9Fwo5IP8RG2VFz0KlU4rgkuoen6sZlhiz/yqHP0pZJ9oZPDPPk2KsGR2iqOiGRmfcrv8KaN4pg0+xyoIk5R9lR/shpcDTXapZ/4ihvt9/o3aG1UkjRwdXKu30tfC3VFMHY7LjJrgMB7dvul5Azu/IgwXK7wNDJ6Qvx+IDdS4r7ggSQPb+SK6ZwA1NQiIJvqgVgShGROgu0Ev4sKUy4BwwJfywqc0lG0g6SxFZFT42n/LCgqVJaipad8gromDjgYVXqGdLXZ/NJzKxo1MAR8i/iRch+RnCXieyp4qqvjdh0eQFJFyDQPEbupkr40T9aQfnsoTa2CXGHYyjtc1w2KmQZQSJOseyWoKPg5yutc7OMFQVsJGr2XUMOGF3OVMFODHeL7Lqb4YC7nGyrK9FOODqS4DnsnYKgLR3SuGKB/95GHJySLcRcdFNculqKqJlph4Mnq3ZUU9Fdbc7TIC9g4IW31A90x7Wkdj9wr384GMylHdHjDXjcKyiri4cZyn11gpqwl8ZMD/AFaqOqoLtaXB2kzRjgt5R5QUY5NE2Zr8AnGVwxEEOaFnaa7RyO0mbDxy12yt6W4SjA5CJtluP6Jkj3MGCFXVVHTVYIlja4nv3H5qxNTDIAJNkF1M0+eEfuqU+QCkxdLOddLMZoh+BxyrO0dX2m5ONLUnwJRsQ7hEdGeHNVRcOnKGs/mY8KTs5gwVphZwV2av+H07wZYHZB7sKr61s9O10dfSfOUbxh4DNRaPcLLQXO/dMScuqaf75IC1No6loL00sheWTAZdG4//AC5WmrUODTiW48HnF6+EnS14rBfOjLgLbVMy6QRnSCewLfyWL6n6WuApJLX1z062rpH+VtQxusY9SF7zc+nKavPztLO6huIziqjG5PuO6oKi73K0n5LqmkdJTv2FRCMscPVw7Lu6XzF6f3MyumGMJHwn8RPg9W9N+NX9MD5qjc7Zm+uLPZ3t7ryqQtq2up6pmiVhwdQwQfdfpddPh3051DE6stM8YLt9Df7sf+Hsvmf4tf2Yo6qR1wtUPylU0udrwSyT744X0jxX1bXJKvUv/DPIeT+m/kzZpu/16PlWoZJTP0O39Cok3OQP3V51N091B0rUCiv9C6MElscvLXfmqLV5l7OrWRuW6vlHzXyHjHTa044YSlrZaWVrm7Dvur6mrIqkAsO/os4QJNgMFMZNNSPy1xaPst1d2Th3aWSfRsM7JrxkZVNb7q2RwjkkyVa+K3TklalLJgti4PAN4BOFVV9ujnbnG6tiNyo7zr/JKcHIOuxxZibnQOp35I2VcDkkei3VXRxVLSHNyVnrlZHxsMsUfHZKlA6lOpXspiMoSKQWnDkM8rPJYNaeeUcSd9KYkly6GZAVDAeAojhjKnkZChygkbDusdkMja7CORvhDwOUQ8phCxWRxwakPil8N7SFcQSBwB5VAwebKsqGXhvqluLfBu0trhJIto9sBToHcDKr4+ApML9OM7rNOOD0dFqyXEEhaAPVSWv3VbHIMBSWSJf9mdiqfssC7U3c9ioEww5SY3tICDU47IDTKW5YBRlwcN1YM+jlVoIBUqKTICYZ84G14zCcKDSOIl57KymGRgqpYNFW/PGE+AmzjDD1vmYe6rGHS/ZWku8ZCqnYDyPdPTwzFqY4lk5cP5kOoqpiHm54Kt6hoMBwN1UM2eV0Kss8Z5SP+qT4ScDddk9UyA7J71oy2clLABxwVLhJ0hRHchSoSNITQbAp4P2UI8qaeD9lCd3UJXwcKhzj09VJPKDMAW7rPaPGsduMlSYzjCgjkqTGdkJLMhXgYUF43Ux6jOGRwpNFQ7Iw5RT9KF+JGf8ASEnBoXZGdyo0owQpTuVGmG4QSNMDtPyFYU/BKr6fkKxp/pKKriIuwWMErndOPKaNyEbYgdNy1aG0geCD7BZ6YZLVorUMU+/oFmt4Nej/ADLDJTJDjukSM8oUu+MFXpV9wevu2xcC76agMtUTjI2XpFKNDQAOFiOj4QHNJHK3lO0b5XcrWEfPfITcpMl8tHZaywwMjpRIG+Y7LIxu1zNiA5W4tkfh0rG4wtByLGydGMYJC7USiJhJ9CnMxpyAq65yufpa3bdH2zMy06ZgxHJUPbgyklWc7y9+gH7ptDC2nombY2SYNbiUbEzlklQhrR9vVSWqHxjdSIPpGVGAH31DBUlxDWjdBjaXPwuTvwAFEAclfnJHYLlOS9geVHldgc8o9N5acZSJ9kD5CgX+v+Qtz3tPnf5W/wDVTGnzDJWTvVS+63g0Ub/5FLu8+pCiDginq546OglmncC4jVyvMLnVGqqZJnOzqz+i2PXFbHC1lFC8EnzOx6dliHs8VwaOSuf5G5V1s9n9OaCV1sZpFnYIMwOeRutBSRAYJG6h0VMKemYwDfGSrKmjcTnC+X+S1DssZ+kPCaH4KIrAcgaTsq6b61ZOGGEeyrcan4PcrgzmmeurqaHtGQABhEa3Sc8LrGcbJSNOypDXB4K7qexQ9RWiS3ytBJ3acd18y3q1zWi4z2+dpa6J5AyO2V9VeJ4ZC81+MXSbLjSN6hooQ2WE6Zg1v1N7Fei8PrY6eShL2eL+pfEQ1FPywX3o8OJIKk0b991GdzxhJri05Xt4W4WT5PdDnD7Lhrg5ox2XVHonjHKkPGcLo1vdFMwSWHgauEDGV1JEUCLTnhNaDlScBMI9FWCsDoyFIZgNO6hNBBOOEVpPqU6KyUFcQ4pN+oLic0Z7JiRE8BmDUMFMfTZ3bjP3XWgDhEhcOXIJxH1T3PBNtNxJHgVDt2nCvGOyMjdZaWF397Fs4fury0XCOVgjl8rwO6Tjaz0GmtWEmWTdWd+EcAYTGlrhkJw5VnUi1g6WAjhRJY/yVgMH7ockBOMBC1km3JVSAs4CaRqGFMmhz24UcxkdlQp1sraqmbIDtlZuvpjFIQBsO62ErBjcqpraQP3A39UqTwZNRp1JcGbEr2uHl4Vzars9srIiRhQKqnLDsMIETix+r0QGChvTT5PRqSdsgABCnMOFkLRcC0hr3FaanmD2tx3UPT6S35YZLOJ+4GEqy2Ud2iEFZFrYf1QI3bjZTIXbA4UNsEpfbLlHnXUXRVdbJnPpmman+prhuQPQrM1FMA30K91DmyN0PALTyCMrJdSdB+O51ZanNDnZJiO2/socbW+LnHNlKzH9ezyeZhjd9PKYr6ot5ie6CpgLZG5GCMKtmo5InZIwCocOencVn/y9kNPSTEBnw12JPSTFCh6SSSjLQxJJJIklkoSSSSoMSSSShBJJJKEEkkujZQgsH0VhbaclwlIUSJokcBjur2mgEbAMJ9MVuyBLPoLq8vHZQ6iXVsRwpj/KDlVs8m/C2gz4BO3KeAcpoBJypUTMhUIQSGNpGSo9Y4DYHKkSeRhI7KqlkMjznsqm9qDisjS8uJXEkkgPoSSSSgY1MT03BKAg9qNnt3Qmt53VhaqM1tRuzIYomXGO54LuxUwp6bxXN8798+yt2oEbdDRGBxsjtRT6Ovp69sMBElzISyFZrCtXVxq6oQ6CiA+6jog5UCJSSGMkJZ3x3RjMMkNGcpxOeFedP9C9QdQFppaYtif/AMQ/SF7H0b8FrDZTHV3V5rpwMlp3Z/6p9Zu03jb9TLEUeQdOfD3qPqeZopKdkcJ3M73eVv3XtfSvwisNjYJ64iuqcDd4y0c8LdNjbFE2CNjGRs2a1rcAJOdpwMZWk9DpPp+iie+f3P8AuDEUMW0bMHufVc1HhLd3KWn3RHbhVt9HCc8ruSnJI8mgRceV0uDeTumu4yqG+39tOz5SiHiV7/7trd8fdQptLsl3u809rgM1QQAAcN7kqktdpr+opm3e6Asp8/yqc8OHqVOs/Scskou19c+SueA7GrLWewC1AYQAEYjG58AGUsEDAyFmlo/CNgnOAYMopICBM4u4VMNLAwy42wmBxOU13JTHSYBGFI9i30OJA7hRppMcYQ5aloyc8e6zF4vxeTBT9uTlPismO69U9k+73uGljO/ttySsXWV09W8ve8gHgAp8s7pSTIS4n1QRGHODQcZTEcTUaiVkskQwl5xpUmChOfMMKwp6LbUQpJia0YDce6FRyYXzyyubStZg4T9O2FIlLW8KHNUhg8w5TYQE2TUFyck9QeyiS1AAxshzVRJxE9RZAXbk7nunwgcrUamPoe+pO4yFH8RztymlpzklInCYuDm2WuTHO35Kiuy/gYRyHyeye2LTuQibyLlyRmRl3ZHZB+Iohaxu/GFErqwxgRR8u2KvoU3js7UVMUYwHbqE6VzznGybHl51HhKR7WBU+gGKWQMafssteb4XuNHSHMh2yO6b1BfvEeaGgfmTgkFRbfb/AA2iSfzSO3JPZJfLMNt26W2D6C2+gDAJqgNdK7n2Vp4Y05wgNZjdGzgYJRbSQeezgGDlcc7smPfg7Bca09zlTH7CHaiuDlJIbKyBQQBwusY6QgBcbE5+MKxpKfQA5wQjoRFTU2MOcMYTqmsZHhjRnC5V1IhGkDsqsB9Q4kkqDHLCwiQ+oM7sAcokUYa3JCZDD4e7gqu+3yOiidFG7fugnPYTKjFykxt8vMdMx0MLtxyViqqqfUv1OJx6J9VUvqXlznbHdRTpxysNtu7g5s5ysllsYfdMJA7rru6FvqxnlYpt5JFCa8lwGFNgYNiUBjRsSjtkbsOEPZqqjGLy0SA4NwAkC47IL2EkYKlwRZAyglHJuUt3BxjHHchFaw+ikMgbzhFboYOFMDox/ZHDT6I2hoAJx+qUkzG8NUWWYnsphklNR7DAhpzkfqumZoHYn7qCZSSugEolHPYl2cEg1Rz5Vw1c+Ma0NtO8kIraV2N1fRScmMbU1PPiI8dRVf8AecJMp9vpRmRYI2UHRizjKio4JGFMikJxlqYyJuMonhjT5RkpY9PHZIayJ4GsBcMAOcbIBjqA4FrTj7qbA1zuQoWyN8p3x+662nx+HKshE0N4QDgdsfmmRhuMttqj2R9BCdIAwZRzE47hqm0ltDcSS7k7gJqrwcLVeXjDNcSJT2x1SGPIx91c0tO2njDA3b/NFia1jNLW4CeBlMUTzWovldLdJiBxwE7OU0jC4rawZFLDHpJJwGEaWQhqS6RhcVkGJ6SeqIaswgjhRZKKKUFsjcqeuYC+KwvnW8xZ+k7NLC1YmjP1fTkUpLom5OFTVVhqYzkDYey3IGECWMP5GV1dL5W2DxJ5PMeQ+ltLflxWDB/KTQnEjcYRY84x6LWzUNPKN4wq2ptHJp2Lt0+UrsWGeT1P0zfpsuDzgqEkaSgniJ1t4QtPutW+Fn4nKjVZW/uTQ5JJJA45HxbTOscWnlHEjiAUDQ7GcIjRsQs9lafZ0tPqrKHmDJMc2g9lOguMke2dQ9MqoGc8lOa8sON1kt0qkuD1XjfqKyqSjMvHfI14/mNDH+qgyxTUT/IS5vbKAyfBGylsrQQA4ZXNv0uD2+j8rXqEvjlhnY6qOUDfBHYqXFO5vbIVfWUUNXh7CY3Du3ZRDLcLa4ax4sfqOcLm2UL+k7MNbOnm1ZRqoqx+Bq7qZFUB2xWapL3S1AA0uA91YNmJblucH3WOenkvR29NqYWxUol81wcMhOaMnBVDBWzRO2cSPQqxgrS/Bdv9ljcOTZG0svBaW8ZQXU4J4SjnyNuEdsrXchC00OjNEV9EHY2UeegwNtlak6iNk8hjgARhUPwmZqShcN9OMITm1EeDG7YLUOo2O4ATJLUCMmJQW68sz0VVK4hsgGyN4sLtte6nVNr058NirpqGVm+kEIyOtoc5pO7DlDxUcyDZCEk0ZwDghGjrsECoaji0Z5RONlwcEYRA4HunGSjkxhn7prrf4g1U7laZWGh3KaWHlBfDXQb51AJprWtAD2ODu+yMnytvGCUB6J2rSAC1BirYSAQ78kbU2QAjhTZlckjPJ1sbHg5CE6MNJwjM7j1TAwndLcUMUgIaRsAucIuAkWsI3aqda/RWW2NyOxUyC618LAxlQ7A4yVXPY7PlH7rgdKzAdGlbRsZGlpupnsYG1MWvHccqU28Wqobre0AnkELKNlJ5CcHAKKOQ8ou660W2pxLTSBpdv5VU1NjqmDMY1BPimLPpcQpDLhPGBvlXsIyinjqqd3njP3TBVPaNx+RWiZctR/nQRuA9kKcWiodrfBoJ5xwglAXLKKL5kyEEnJT/AJupiI8KVzPsVLlsMMuZaCrGezSVCntF1jbqZH4mOQ0pTqyB8hpLT8ReqrS9jo7m+VrBgNmw/A9Nwtravj3UwgC6WvVG0eZ0R7+vsvGw6dmWyxvaR6hcDznk/qly0ykT5D6dsnxd6Wuro2NkdE5//ebfutdR9SWqrf4UVQwnHGV8bv1kAtJH2Um3Xq52txfQ1kkbjjh2xSJaPgNTPsxlXbnkB87D/wCIBS42QSAGmqo8/wCF2V8n234r3akcBWsjd7jK09r+MkRwTM6M/wCE4WV6N+g0z6LNLdWHXH4UjB6nBQzXXGmdqqbdNo7uYMgLyez/ABcLnhjLlr1ctkcCFrqD4tU+sCrblhH4N0l6afsvLfRrXdQ24jEkbiP8bFV13R3QnUbXSVVlojLJy9rdJ/YhKk646OujxFVNjiLhsZW4CtG2qx3Ngkt1VETyDTyZI/JBscHyErV1JNHnV1/s99NVM4qLZdaqhfnOcB4/ff8AdVVV8H/irZR4nSnVUddE448F5LBz9yvWZunLrTN8aiuL5HD8EpyFFLuraLEzqdtRG3lreQik30gsxl+LPJD1B8VenGOi6h6HmqWw7GSEac++WhydRfGW0F/g3a3z0L+MSnIz98L15nVEDHMFXQ1VPK5wGl7cb+yLW0vRnVcP/vm10FaXDB+YDQ/90pxfsjlKL5MFRfEXpmpaGQXWPHOHZAH6hWouVoukTTK1k0LhxsQVHun9nz4bXHVJSUEtE9/DoJzpb+SzFZ/Z3vlvEjemuqIyzYsbPI6Mu9sgolHI1Wccosrl8P8Aou5h2in+W1HJEI05Koz8JXx+Sx9SSsH4Y5Sf2OVDqOkfjb07IHtpHVQj+n5bROXD/P8AZVv/ALTetLXVFl5o3B7RxPHpI+ya4uPOchblgm1/RnXtvxFLSU9wjbs7wxlypZzcKNxbcem6qEM2cTHnC01N8bqMMDayhkLgN3MOc/kri3fFbpm5ljDUGF7+A/Az7I18kecBdHmE38AqJdTGeG5wyQ4aQgOp7c8/y8bejl7BU2/oHqN58Sko3zv5dGW/6FVNR8MumJyW2+WeBw7tdsjVmfyBlJSPPKOStts7am2VMsDx+JritZbfib11RZ035784yJ3NPHpq4/JPqvhTc2ea3XYho7SO5VZP0H1VT7vp21IHdm6XOMJdg7Y+zb2/45X6F7RXUdNO0DBDX4J9+CtHbvjhZ3h38Qs0zM4xocH+vsMLxiWwXajcBVW6pjP/ANKJ/wAkx0L2Ea43DHqCEp0VPtFSprl6Poqh+J/QNw0eK59MX8eLF/0yrZl76MqziK7U4/NfM8T9IGUeOYsds/H5pE9JF/iLeli/xPpmOCzV/loa6GV43w1y62zOadpG5C+b2XKoiAxO8f8AiVrRdX3ijAbDXTNA9JClPRuID0uD3g26pa4t8IkeqFJRvbjxIv2XklF8Sr7TYxdHv9nnKuKf4qXaQDxJYTj/AApUtJYukSOnkvxN5Jb4n/XADj2UR9qoyf7oBZyL4oyjAlbFn7KZF8SoX4bLTU2/fTuhentXoL+PZ+ia+wQai5jsegwoU9rrYH4jc0t7FSo+trVJu+MEn+kozepLZN2IBQxjOL5QSpkuytFJV484Bx6JvnZxIWn1Vw29Ww7BoJQzUU0xJbTgj3HKNxbJ8ZXNrKkHyVzvtlHbcq9o8tW4Y90fVTcCgjJ+yDJT+JxQZB7AKlFspUpjmXu4R+YVBcB35QpesK2Nu1RqP2UK6UFy+Wc2gpJWt7hgKz0dlvTPN8pVZ9wUarB+FGrb19WtAY+m1u9Q1c/29rAcmBn2WXFDe2AgwSAe4QjTVbfrZg91arwMWmg/Rrf/AGh1QBHyrUM/EWrztSNwsrpx9RAKjySxxjdw/Mq3DJUqK0bj/wBo2WgOo9J7nI3Xf/aBH/8AIzl59LVR5+pu3umCupzsH7/ZDsK+Gv8AR6IPiAzP/ZypTOuw8AeBGM/4F5qJSRljSfsFxrqyUhrIp/yYpsK+Kt9Hp46uL92sgH3anjqeV2w+U3/Veaso7s8ZbBU78eQo8dpv8vFHU/8AlV7EKcUj0cX+d4yPD/JOF7rXf8Rq8/isPVT/AKKSp/QqRH031k44FDUY9d0E4fomxG7F2qTvraufxioH4gshH0r1keaOf91Lj6R60fzQTAe5b/1S9rBkox7NbH1A9rQ12n9UX/aGPvIFk29H9YnAML249gf80VvRXVpwHNIz6q8C8xXs1MV+gf8AU7P2UgXmmJ7rJjojqpoBFRGz80aPpe/wuHi3SEfbOVMFZTNULpT87pxu1PgeUrON6fuQH8y8tb9k/wDhBbgS35p/PCpA4yaD+KUw5yl/G6DOC8qgda6KMZlvOR7OUaojsDQNVylJHoUyMGwlXk1X8YoMZ8UoZvtAOZNlkSbKD5KyZ3/iRG/LSACCJzvQuROAaq9mnd1Ja2/8Uk+iA7q6iGdMErsKkbb65+7Kam0+p5RRaKsgF/gx/wDiwiVTYXxxXZPPWLQcRUkg9ygSdXVQGfAIzxuoj6Cggw+5XGOGPu4PwoNX1J0HbMmS7ePo9HqKhsKMI/osXdR3iodiBiH4l9neXumdk/dZyT4y9EUDf9zp6mVw7BmVVVf9oRoaWW6wtLuxnZgYRLSTfSGqEl+MUbwUF2qfLNVOA+5Uqn6dmfgVDsj1K8jqPjl1dUOBpqWhph/hhyq+q+JPX1y1eJfnxB3aJmj9fVWtJZnom2z9YPd4+n6GLeeoiY3vqSlqui7YNVVdqVpHIDt/0XzdJcLnUyulrrxUvJ9ZeEJ1Vb4BmW4Q57kuyU3+FN8kenb5csH0JV/Er4b2sDNUZj/gZlU8nx8swBbabDVyRg4DyAM/lheFS32yR7mcTOHZmUFnVDDtT26peBx5dkS0uCvghH8m2ey1vxz6kk2oLXS04PHiHWf0wMLP3H4nfES5MLTcRA3t4DNB/XKwLL7e59qOyuyeDI1E8PrypwI6VkQPphUqGi1GuP4xRfPunV9R/fXmpOf8ZUU2mSZxlq5y97tyXE5UOKydQh2Lhdi0kbhvZSWdL+LvNdKx/r59karSGKaXo6LdSxOy6UY9C5Fb/CGbOdk98FEg6Sp2ESNkml9nuJU2LpWE7mlz93KKtBq3JDM9lYMuz+WUVl0twGllJI7H/wBDV7T9OQta1pjjAHbSrBlmo49OYx+iv4kFuRlorg1+0NDj/nYpMTKx7tTKfTn0C1EcFtgbmRrQB3TajqPpy2RF9RcKeLGwBcMlX8IMrEiphoq+UDUz9lMjsdW/cjGfZQ5/iz0RQt1Pucbj/gOVS1n9onpOmJFNrnI7Fir4mB8prWdNzP8Ar3UuLpZrWgmQfYrzCt/tLQYxRWXX75x/oqOp/tDdQ1oIorcyLf8AErVQXyxXZ7izptufPIMd9lIFntcI85HvkL5uq/jL13U4MLo2A/0gqsl+IPXtds+5zDPor+Mv5Iv8T6kEVjgOXPZsg1F86TpNp5o2keq+VpLp1nWby3WrIPo8obLL1BWDM1wq3Z3wXEhT40WpNn07P110TSnU25UwI/xBVtV8XeiaUb1sbiPQhfPMXRtxld55XH77qW3oKU41AbqfGTLfSPZ6j479IQk+G7UR6FVNX/aHs/FPFLsfTOV5tF8P2MwTE381Kp+hKLUPEgaMd8qfGglGztI11R/aHGMU9CXe5aquX+0BeJSfDt5Hp5SobejLazAEIUqHpS1RjeHKnxpE+O2XsC7439VzHLYImjsN8oE3xf6xeP7oDPplWjOnLUzcUwyl/B6UO/uW4+ynxBRrsXso3fFPrOT6vEH2THfETrCTltV+WVpW2qkwB4Df0UkUUTWgCFuPsrVeA9kn+TMe7rrq52N6vP5p7er+qyATU1//AJlqhQw5/um/oni2xbYjG6JQSJ8Zkj1d1Xv/ALxcP/Mhf7X9WZP8+4f+ZbX+Hwf90EVtvgz/AHYU2JE+MxA6s6tI/wC0XD9Sujqfq3k1Vw/Vb0UNNpz4TUvlKcH+6b+iBYL+PJhB1N1cdhLXEn7rv8W61k5fXEH3K3zY2NGGsA/JdVZS9FfGef8AzXV7yC59cD9yiuPVLm+eapI9HEreAZRBDwcBRY/RPjPPDQdRTuBIJPq4nKKLF1C/6njH3K9DEYx9A/RdMQGCW8qdeifGYBvTd4O737n3KM3pW6HGZRv6rchgyPKikAgadlM49EdZhB0jcSM6wu/7I14315W80+6Wn3U3f2AcF6MJ/s5cG7B37rgsd3H4yt54a4W7KZS9E2swotd4h8wcSUVtT1DT4I8f/mAWxLPNn/RE+X1DKOO19oXKEn0Zyg616rtxJir7g31AcVdUXxn6qpCGyVdU9o7SRD/NSBQR6tRjGTzso8thopnEyxZB7K3XW/Qt18F7b/jwHODbmC7J9AMLS0nxc6FqWt+eLsnnYLzOXpC0SHPgEFCf0HbKhmGkxu7EJb0tcuuBLr5PcI67oK9RNlpjA8OG2MIo6KslcNUVOwA8eVfP5+Gp1h8NQwkeoKJJ0Z1RRDVb7mz7CQof4j9T/wC4O1nuFX8NqJ27IG4x6Ksf8OIQdo8LyyG8/Ga1l3y13qZA7BJefF49NXH5K5pfjH8UrY6MV9rp6xjRhwfA4F35jKp6e9dSTBaeDWTfDOUvPh1DQD2I4UV3wuuY3hnY5Nov7Sdtbll16R8OcfX4J/zyFrLT8cvh9cAzxqo0ReNhJGP+qXKGoh2IaZiqj4cdSx/3J49HEKHJ0t1vR7sfIQOwcV7PRdbdGXGLxaW/UTh3BfjCt4qi3ynbST9kOJdtCZZizwJtR8Q6AYb8xgepOCiw9b9aUpDZYm5HdwX0EIaSQDNPG4e7QmTWOx1IxUWmmPvoCDco9ony49HhsHxO6kgcPGhjcPblWcPxbc4AVcUrcfbC9Rn6H6XnO9siGfRqran4UdL1IyynEZ9gpuqfaKVsF2ZKl+KdvlIBfKPzVvB15aakAF7887rtT8E7Y/ejmLVVVHwZr4cupqzVj1KqSqf4l76pezTU3UlDJ543AfmrWl6nA4qAvOP/AGedU0b/AOUTIBv5clFNB1LQDElNJkf4SlOODPKMJM9bpuoojG0vw4+oKsIrrRysDtePZeMNud3iwH0rxp/JWVF1FI7EbnOa4dikziDPT1vo9YjqKd58mDlGbJGAPK0Z74XmsHUrozjxM/mrSm6ja5od4p/MpYmema6Nk4RP43yhSUUTyNBGSqWkv0L3Br3HB7qey50riPOVeGJ+GUSWyjPLXbjtlO8OqaMPaSAhR1sXLX5R210p21bIwPjZwlw5am6M9kXxQ4bgLmWZ3CsFxaBGnA32CY6SoGPDdwpoigI+nf7oRjxwqwL2sAKqpby7hEbcnghshwk6L1CH4WOynRJQROinY8Ah6N4rRgZBVVocODhJ0krSMHP3QtgbC5MhcPROaqmKtcPrOQpTK2MjbdJzyVKOCWNk/wAQeijtnDk8PBTVyhEq8htXsuE5TElOwNmB+ojukXE7EpiSvBBye5o77oSdkIkyJ4Ky6dNW65ecRiGT+pmxVDPa71ZzqYTUQjjucLaBwCWsHYhHkdkxlNfIZHeHUAxuGxyranq2HBY4OGOxUi6dPW+5DJjEb/6mbFZWss16sb/EpnGeL23IUyiGrE8Upwdik+leW6mODvYLO0F7ZMA2YgP7tOxCuqeqYWgwPcD6ZVxm0VjkDOzOWSR5HcEZVJWdPsLzU0D3RSjcFhxutUJYp/LK0A+qFLR/iiOU6uwYuUZqj6pvtmcIrvSOlgG3iDc4Wyo7lZOoaINY+Kdj2+aN2D+yqJ4Q9pjnjDgexCztZYH0cvzdondBJnOGHAP3C1Qtx0Zpwy+Cwrej7rZqr+IdIuaI9zJSOcdDvsECivlNd5X2670Xy1SBgxyjGfsjWnraS3n5e/seANhI0f5q8uNmsfU8TawafEc3LZozv7bhbK9S1xIXtZ5R8QvgtYeqKV7TRQSB4OWuYCDlfH/xN/s1dRdJzOrbHG6emyS9rs6m/wDX/wBF9+RMuPTk3hV73VFG/wArXncs+5Xa6gtF+hI0xSNI9Mr0/ivO36DiHK/Ri1vjtPr4bb45f79n5Ny0s0MroJWmORhw4EcFRzPIyXwak7HYOwvu34r/ANmCz39hq7VTH5k5OvVj7cBfIfXXw06h6Kn8K70jhCXFrJcH919N8V9QafXLb1L9Hzfyv0vqNNzB7o/v2ZGaLw3am42HIRaO5mJ2md3GyERp8hO+OEGaCSLDns2PBXpq9TH2zxms8bKuO/HCNFBXRzDLDlGaQVl4ap1O8PYeOQraC5RTYA57rXGyMkcSdfPBNfwosmW5BGxUou1AHCFIwS7cKnyUuCjuFpjqsuiw1yz80T6eQxytwR+62MsLoznkH9lGqKKGsbplYD790qyBup1Di8PoyWncbppbjurKvtUlLlzQXM/yVdIM4WaUGzpQsU1lAj3UZ7Oc91JOyadOFnlHIxYK+RhB4QnjAU2UDPCiPBzwslleTRCWAI5KPSu0yA54QCMrrMgrPtRphPDyXcU2eBypLHnIVXRTAnS479lZB3cBZ5rJ2tJbuWSdDJjupcchJzhVccnCnRSDSFkmuTuUWZRPY7fAKdP9IOcqNC7BGSpGcsyqa4OgpZRGecOR4HZPKj1H1BchJyiB9lkTkDdVtQNNQ5w7qWwk53USsGXfdMQu/iORZLmH7KsnJbJvturOIANwe6q6/Gc47rRDnswat4imPzqZglU7hh7gTwVYxPOkZUOoAEzi0bFdKh7UeS8it0shacnOEZyBA4AozncLR2cdrDAo8TjhARYnABWwSQeFFm7/AHUokKNLx+avOAUAHJQ6k8J7knjKVJpjl0RQ453CLEuOaOyczlCMaC8hCPB+6KPpQX8FSaygVwyNMRqGEQfQgTfWn/gCQngagEvOFHqeyNJ9SjVPISpyNEOh1P8AUFaU/BVXT/UFaU/BTYAW9hH91wcLp5TSMIpLIhj3N1YWhoG6aZvuqADJCvqUgUzcpE454Neke15D6vdI5dsgMJLsZKkQDUQ0d1r00FF5Odrr98zb9IQuc0Oxs1bFmQFQdMQGGJpIwC1aIlrQPZdSPR43VvfNh7bH4tY0n2W8gbpa0DssZYWGSrGy2xOGgJhybpc7SQHNAOSFAo2Nrbq1jz5WHOAuVdT4EL5fQI3S1IWQyVcgJdIcg+yYJb4NDOQ1ojaduwXWN0s91Ejc6afODgbKYSAMZRmZ9nYsulDSpeA0Y9ECnA1ZRHO1TBjeyohMp949Z5QJpMOwN0RpDIsk4wFFJ1HPqiAGyuBeACpLyWwZbyoMBMtafQKUSXzeHwAkSWSAq+tbS0ck520NP5n0Wbt8Pg2+SukJ1TuLzlS+opPm5YrTETlzg5+D2Vf1PXstlmcwENDW4A9+ELexZNFcN8lFHm3U9ZHVXKR8ZyG+VVdqYaisaCNmlDlJe5z3uyXElT7FTPMrqgjyjZeX83qcQZ9g+kNE4SgjRsY3YAKdTtA5UKn3O6nNGAPdfN9XLOWfe/HVYXI2szHCS07lVwJU2tcThme6CAABhcqT5O5GPofAM74TpcAJ8DRv9k2Ub4RJ4eQ3XwRXO824TaqGCogNNUs1xyDDgjmLILscd1Emk3GyfXJ5yjm6yCUGmfOvxB6bk6evs8TGHwJHGSM420ngLLah6r6I6+6Zb1LanRQtaKpgyxx7+y+cpIpqWofTTNLXxuLXA7br3PjNa7a1GZ8e+oNA9Nf8iWIslU9QWPx2VtFMHsBAyqNrgWnA4UyhqdA0O7Fej012FtZ5W+vjKLLS70TUZg1NBwuOaQVvksGBPPDBJLuldAwiSGtgkUjK6hs+oI+idhRyitaMbhCj5CMCMIwW8HUgcHKSWMqmHFtPKJMLw4YI3T/C05IGDyo8Z0lTBhzBk47pE1k62nnuii3t9UZYg0jcKwDcgYWchdJBIHMOB3Hqr+mnY9rSDnUMoDt02ZikGB7KRgFo3Qg1x7J4yCjRsgMkiyOFEnh76f3Vls4YwhyQe3KqURsq0+iinicNwFDewPGCr2WnB3wqarhMUhxsMpTRncSrrKPUDgdlRzRmKTBGFrBg8jOFUXOic5xmYzOOQl4OXqaG5ZRCpqp0bm4WntNzDg1jiFkiS0kEcKXQzmCUPyceiovT3Sre09ChkDsHupsLtgs/bawTNDwVdxTjABCh6HTW7lyToyVNiOcE7qvjOVKhOMKHUgyPe+l6HqGn0O0w1A3ZKGjOff1C8wvvS12ss746ylc+IH+8bwvXw7bAKkGOnq6YU1VEJG8HUMqGPVeMq1L3riR89VdA10fiU7cEcj1VcYy0DIwvW+pPhzURl9ZZntkY7JMR2I+y84rbZN4r4ZWeG9pwQexCh5jVePsok1Nf9SryEkpqaandiQbdiuA5QHLshseDqSYkoLHpJJIQxiSSSSQSSSShBJJJKEEl3wkrC2Ugkd4z25AOAoo7pJEXJKttA1uJnjfsCrPAjA8qTGt0+UYTnDOMrdGO0LG1ZZFq5AxueCq07nKNVy+JKccDZBG6ekZ5vc8jmDJG2VNZHhgymU0Y+ohFmmYxuwVN4WQSDXTHPhNdj1UFzfdFlOp5cd8lMIykyluGQGpJJICxJJJKEBjlFaNt0Jn1BF7DdKm8EHDc4HfZa61UTKSkYCPO/wA7lWdP21kmayZmWtOGA+q0CFN9nQ09K7aHNGETbCGu5KNv9m+CWMCJOdikHHUN1wnCbgpg1IkjhE54QAd8ZRGNke5rGMLsqBxjKbxBcj04A5wOSt10x8HuquoWsqZo/wCH07+HzN83/l2/zXrvTPwh6WsGmeop/nKkD65NwPsEcYNnW0XhdRqpYl9qPFOmvhv1V1G4PhoDBTkAmaQ4H5L1zpH4OWCzuZVXeH5+Uch52z7L0RseHegRS0OA7I8YPWaLw1GmWH9z/uCpaSlpG+HSQNiYAAAApLeE0DCc1GuzpxpUPxQ3OUiAeVxq6nIPager2XefZNXWo2DgWn3TXy6OwTKmoZTxl8hDW9yVm6ipufUs7rdaInw0hOJqpw7d2hXFgylgJcr/AFlbWMtVjjL3P8r5uWM+5VnYOl6a1v8AmqsipqzkmQ7gH2U2z2CktFK2np/M78Tzy5WhjDQOyaDjPIidQ33TXYwulwQCfdGVxFHHHfATHkaeUi4Y3Kiufud1Bcmkss4XAE7KuuNdFAzz8+mU+43CGjj8SR2/YZ5WKuFe+tmL3O8o4CKMcmLU6rZ0Hu92lqB4ULtI7kKpycZPKdjfco0NO55Hp6rRGODg2TlOblIjxwOldxhWFPQMjw8N3UmGka1uogbJ4IGcN490Yh9A/Da0ABCqAGtznOEWWoDOcDCzN1vZlJpqbbHJRRhkw36mNayw9wuLIAXO7cKnFRPUSOkk4PAQWtke7VKS7vuUduAnKODz92ostlnJ3ATnEYzlDe/A23QtTndk2Mcmdt+zrzk7JBhJBTmMJ3wiAAIsFCa0AcJEgDKROAVQ3K65Jpqc5erKJNwurGPEUe5zglRY2OMmtziR2yh0VA5zPHnbl5RppWU7QD3S5fsROaOve2IE7LH9QdR+O40FA7U/OCR39k2/dQyV0ptdtJznEjx/kmUFtjoYwSxpkI+o74S5SyY7bt3EWEtlpgo2mokGqZ4ySeymkZXG5xuUncYUisiV9vLHagDyEx83AAyhnJOyJFEQckIug4tsTQ4kOIRxjHK5hrRhBbqL0IwJpyUVkZLgMrsMZdhToYg0g6VGxsYZHU1MMAkYXaqpbCA1oylU1jKeLy8nYAHdVbXSVL9R7qBtpcI44yTyEuOcqZBDoGSN0oomsGSN1Cut0Fvi8TVj2QTnsWQW8LcAvl6ioonMjdvxlYasqpKiTxJHZz2RKyukrZS+TjJwoT27crDbbv4Mk5SseZHS7I5QC53GUiTqO64sjfItRwJJJJCFHsKwZynxRPe7CdTwPeRjgq3paMRAHG5VmuqEpAKelzuQpJjDcY7I+lrAo09bFGME7qGpP4+wuogbjhQ5qo8bID6qaZwax2x2RYbbUSkOeC3KpRyLnZOb/wBPob4z5N8J4jfJw1ToLcW4yFMhpWMHGUTgHXTKf5sp2W6dxzj9lNjoXxtBep+nHBT8HG5Q9GuOnj+yC2DHZFbCMbqR4W+dP7peEfRWGq8ARG0dkvCxwpDYSSpLKbyg4Cg1RSIAiPouhjgdxhThCNWMI8cFOMGUfol8hYTIcRJOMKQ+SKnZlx3Taqpp4vLHFnCriZJpC955TYQbOXrdfDT/AIssqar8YloH291Mjo5dQc5uAVUROdCQ5oyVd0VxD2hsxA+6111ZPH6zVW3S3ZDsp2tABCOBhdaGuGppyE8N9lc4KJy5ZbyxDZOzjZcG6R5QAWP9BVwjPddSUFjkkklAhqSKkoMwCXdPuuhpHZItceyOMclGx1FIklLSR2XF8GUsn6n2DUzGUVNRKbRnnWDIHohFvO2ykpmn2Tq7cGSynPBDfE1xy4ccKLU2yCfLmgNee4Vm5gzlc0+66On1s6+jl6rxsLo4kjNT0E8BOW5HqEEM3AzuFp9APJUWpt8EoJDdJ9QuvR5BP8zyut8FOD31clOGtIXNHoFKdb5G7t4HbKGIJGuAI4Wr542fic1aS2r80RSwnsuhpcVKa0YwAu+GPRTIxQSAiHK6YZQMsRSHD8K61xB4/dKlFS7N2ntnS8xYBk08Tv5hyFPhqqWpaGGTBPIQTE2QDI5QnUTGHMOzkizT1zWUj02i+otTQtln3INU2OKVuqlfocN9tgVDbNcra7TIC5g9UR89yoSHlmtvopdPdKSsHhzjDu4cFgu076SPV6bymnthvpliQ6mulNUYDzocpzHuA1RuyPUKqq7LHN/MpXgH2KiMmuFudpdktHqsF2kS6R3KfIfGv9Tk1DK57BuVPp66J+A44PusvFeIJAPEbhylR1AeA5vBWCzSs6lWurmsxNXHUtecNIJRvFJI2WWimka7MbyCPdWVPdXNwJht6hY5UtHSruUlyXsUm2/b3UiGoJ2wqllVHI3Ux4+yM2Qg5aSh2s1Rkn0WhZFJyEOa3U0wwG7lRIqh/wCIkqQ2TShDyQanp1zjmLG6rKuxV0W4iyPVaiOoOcYRnSmbyyHIUyC6oyME6mngd52YXGVk0WzSt0+ipJQdUY3VdU9MUswOH4P2VqXIudTj0Z1tfnkgqXFLR1H1NaHe4Rajo6pDs0pzlVc9pvVE5wlo3lre7d01PkRtfUkTJbXTPJexuCfQqKbROCTHM4A7gKCbpNAdDy4Y7FSabqBgAa/cd03PGQf9Fia+40x01FPkDggpwuUPDgWkcgqdHdqaUAlw/NSBSW+p/maWZPOEvc88EVUpfgQI54pAC1437ImxTn2OnLtUcjgPQJjbVWwnyTbdtQRp/sYozS5Q1zO6aBkYJ4SLK+N+l8QeB6JeI3HmY5p7ghDJLspZGiMDjuumB7hkLviN7FGa8OOEOMdF5IwFREc+Gceq78w4jDhhSy9vqmmGN2dlQRF+ZiBAL910OafREdRU798HKjyU0zf7ndTIMlkkREszpPIwlHNNE7VHK4H7qA5tyYc8hOE72/WN0GEDtZZiqdICyaNj2nnLd0x9LbZ26TGY3eoUJtYO6eKljxlXtKyOfatQ/kSB2OAe6jOt9ZG3MkADR3aFKErmcFFFVNgDxNlGslZKl9A1/wBcex/ZRpLOwt1Rcq9LznJAJ+yG/Q8khuk+yrYi28meMdVSu1RFzXD1JUqHqa90pGl0px7kKzLGnkA/cJnhMPp+iGUFIpOa6Y+k+IVdBKBWRlzffdXlD8RYJ5fD8Z8J7HUVm3W6nlJcWjf2UGSywOeXN8qS9NCXaI7pxfPJ7FZvjD1FbHN+Uv5LWcBwyQPTK2Fu/tHdRMkDq6hpbiDsc+Q/qMr5nlo6qm/uHHH3To7jdqUgMJ/VC9JD0C7YyfKPryk/tBdOVz/lrhYaine9uHiKXXsfXIWlp+sPhLd6TTUOhaXcOq6bg+7mhfEjep69v1gkq0ournjGqVzT3GUiekXoLNL6k0z7SprJ0RWHxLX1ZBTPbjHylzLf0Y7/AKq6/wBmbvTwufbb/DUjGQ+qDjqH/MOF8X0nVpDR/PP6q5t3XFTRyeNDWy+4a8hIemZSjP8Apl/3Pqw0nV1IQ6SlpKxruRT1HH5O/wBECqrBGA3qDp+ZtOdiaiBj48/+FeGUPxz6yhb4kHU0ztXLKj+YP0Ku6T+0b1XE4NmfRSD18LH7AhL/AIkk8oa46hd4NrcOj/g5fdZqLZbYJXnzPhY6F4P3Cydx/s99C3Hy2DquppJHHILiJRj7bKy//GC6cusbo+pOkvFj4dLHJG7H5PaAnu+IPwTuDdNRb6imbzuwN/Tw9WfyRqmz2y1ZKH5p/wDqee9R/wBnvrOxwmos1WLuxu/8l+hw/wDCT/ksW6m+IFgmME8F1pXM/CQ4YX0ZbH/Dm4Q6+lfinXwu/wDkP51hxnjySY/ZSZunuqZGA0/XUtQz+p9tZIf/ADMcU+vdHtJhx1CfHOf8HzbH8QutLO7+ZUTb9qhp3/VWFL8c+oYcCooaabHfGCvWeoOnOvX0h11Vqqj/APRY3NI+wfj9lgLnZLtRyYvHw8t9W7vI2ixn9MonGFj5jgapS7bI8Hx5pjtcrLgH/u5B/lhTYfjL0NUj/ebbKwn+uIH/AKKiqY+mGeWu+HUFO4948sVa+19DykmS111PntG7ICW9LXP0HGdkfZ6JF1b8LbmQBd6JpPrG5n+YVpRUHQdwI+V6gosnsHN/1XkZ6U6AqASLpV0p/wDopwmH4Y0VSTJZeqWzM9c5/wBUv+Io/iT5X+j3OPoWzVgzR3CGUe2P9F1/wrcW5jcw5Xgzvh11VTY/h97iH/NKRlWEMnxjtB1w9S1RA/pqs5/VV/Fm+mX8rfo9cm+F1ez6Y2lRz8Obyzf5Zo/NedU3xP8AjRast/ickw7+Mxr1Mi/tC/FCkeGzUlFIRzmnwSkyovXTRPla9Gym6HvkeAKYHCjydM3yMHVQyfmFV0f9p3qmMYuPTVFN7tJaQrSm/tO28kfxLpCZvqY5tX7EJcqr0XG8jPsd6jORTvCb/D+oG/ieFf039o7oSoH+82erhI/wBynQ/Hj4VTj+eZ4vZ9KUl1WrtBK0xorbvSyaZTLj1Csae6XFwBZNV49itxR/Ev4N15YXXekBf6xnb9leQdWfCojMF7t3/lP/AEVfE/0U7lH0eZ/xava0uNRVjAymM6mvQIbBX1I/NeusuvQkkbJqe9WwNd9JwFKZW9Lkam3i0H0ywf8AVRUtC5apR/pZ5DHd+sak4ppq1w76RspjYOvpwP59Y0H1Xqr75bGnLb3byBwC4YH/AEQpupqCMDF2tp/+2gf/ALynxMH+S3ykeZjpnq+p/v7jVNz2LsLsPw6ukz/97utQAd8+IvQX9Y26I5NxtRx6vVfXfEyx0+0lTanY5/mD/op8TB/kWPhIz1P8NKXP8+5VD/s8qbF0FaId5IXzY/rciP8Ai70q0EONMT3MJCjSfGfpBn93DNIfRpRfDlF7rZeiyi6TsbMD+Dxux653UuLp62jHg9Pw/fCwtd8eooZCKLpad7Rw8zkZ/LCgz/Hvq6UA0PTtIwdsuyR+yH+O2Ftsa6PVorFSxAaLRG3/AMIUuntkTXgtpI4/fSvBqj4t/FSrlLhMIg7YBjMY/dCf1r8UqoAyXa44PodlHphU6Ln0z6NZbonY1DT/AMoCmQUkEeMufgfZfMLr/wDEuY+a+V7f/EhTVnxBeB/9cVxyf/o3/ootO2AtLY/yZ9XMhoACTUP+2ye2a2RbSVOB7lfJDj147+96jrD96n/0UaSk6tk3kvk7j7yEo/4jYMtDv/qZ9gGtsucuujPyedk0XWwNzq6hhAHYyL4zlsF6lJMtWHF3JJJJQP8AZeu5MjSp/EyA/HL/AJ2faYvvS7c6upKbPvImnqfpVg83UdtwPWpbn/NfFv8As1W/1NSHTtY05L2qfwyv+Gr/AJmfZrusOjc4PUtsz6GpZ/1Tf9qekXf/AGZtrvcTsK+N3Wt8LQHOBJQn0FS3hucqv4eS/wDhsP8AmZ9l/wC0vRztjdLf/wDdWf8AVQql/QVbIXvu9Ewnfyyt/wCq+P8A5Kq/oXDR1I3LMKLRF/8ADkupM+tJrf8AD9+XHqSBuP8A6MFW1dx+GtpYZJOo6OTHAI1f6r5bMTwQ3ScqTT0NSTnQjjpcBR0aj/Uz3yt+Kvw6t7GmmhZVnJG0WMLO3P45OIDbTZKVsefLqaM4XlptFScZblPZY6vAG+E6Omj7HquP6NXcPi31NVkeD4NOPRgwqWq636hqsma5S/YOQY+m5pAPEaVJh6Re530FMVCzwHs9opJbhJPIZamoe5x3JJyozquIvwY3OH2Wzp+j3AY0g/dS4Ok2RuzIxoHu1GqUiLCMMx1OAAyglcfsiNZXS4bDbXtA4yF6HHZ7ZHgTgbeyI8WekxoA/NEoJdFuTgefxWa81AwIC0H0UpnRF9qcA1M7QfQrXyX600jC8ysYB3zsFUVnxEtEOQ65wAD/ABKYK+Zeyui+GE8mHVlZOc/48KfB8NLNAAZqh5Pu4lVNZ8V7DGcCvdIT2Zuqqr+L9vYMQU1RKfZuVe0Cd8Osm1g6SsFL5WQtd+Q3VhHSxQsDKSjjAG30rymb4sXCo8tBbC13rI3Cgz9ddY1JwyV0IP8AQFWwre5Hsb4qgHOkMHpjCZI+kibmruBhxzqcvFqm4daXVohmuE3h9wSQgDpi5znVLPklV8aJlnskvUPR9LvVXuFxA9ckqFN8TOj6TaGR82nbyN5XmEHRj5Hj5h5x65U+LpJkRGHA4Q/GWotmtq/jLa4nA0Nlq5SP8OAoM3xrvsw00Nnjj95mKvi6dEbRjf8ANGFiZjBaf1QqGBqg2Qav4p9fVRIjFNEP8EeFVy9R/EG4k6rrOAezDhamnscbTksKkfwtjP7tufZEki1W2YCqoeqq1wdU3OqcRt9aA3pCtlOp5dk8nUclemx2nWB/I/dEFpOcmP8AdTCC+BS/I81Z0KHY1sd/5kdnQbG4On7br0tlqZpBwAU8WxoOdkG5FrTQMBD0NSYBc459FYwdG0bSDnj3WzbRMA3aF0Ucf9Krchior/Rl4ulaKPcd/dS22Kib/wAIfqtAKBmM4S+RYoGqkuimFvga0NEDMBEFMGjDWAK4FMGjGgLvy4/oCgca0UwgIOzURsLjgY/dW/y4/oaiNpd/oaFAlBeinMLjg/6rnyrvb9VfGkGBhrV35Ueg/RQb0UYp3+mUVtKTsWq6EDc/QEQQtA4H6KpLIBSNojj/ANU8W8q48Ie36J4iGeB+ioopxbzj6f3ThQSbaWhXYAG2hpTiA0ZaAD9lCYKT+FTf0hd/hs3oFba5eARj7Jb4yWAq8Mj4Kr+HTDuF0UmDhxB/NWRATXQtGS7A+6ii2BvIopocfT+654cI/CjOfFHu94A9SdlGdc7RGMy3akYP/prT/qrVTFSujEeI4ScaU/5aL+lVk/VnStN/eXylH/iyoUvxG6Pj2bdhIR/TG7/or+BlK+HtmjDI2/haEtLPQLKO+KPR7N5HzyY/pYgu+MfSDRiG21kuPTSh+CXtFS1VUfZsw0E4wpEYZj6QV55J8a7EwkR2GqP/ADPA/wBFEPx1hBIh6bjP3ncijpZy6Qn+fUeo+HGfwN/RLw2f0D9F5FP8ebkT/u/TlGzHcyOJUGb479VO2gttDGf+TKL+FZ+gZeQrR7ZoZ/SEtDf6QvCJPjd1zJ+ChYP/AKTlBf8AGHrc8VcDc+kLT/motFY/QqXlK0e+6W/0hc0MPLR+i+fX/F7rwA+Hd9H2iZ/0UV3xc+IZz/8AXBOP/Cz/AKJi8fYA/K1Y6PowRxk40t/RE8BoGdIGV8zS/FX4hvIx1HP+ibJ8UfiJt/8AXLP+iJePsEvy1eej6dELTtpCKKRhHZfLA+J/xE5/2kn/AERP/av8Q8Af7RT7ewP+YRLx1rA/4vUu0z6j+Tj9Autoxw3GV8vR/F74hxHUOoZj92N/6KdB8fPiZSYH8WimH+OBv/RF/wANtRP+MU+0z6XZQVGC7GwS8INO43XzrB/aR+IERy9lvk/5qdTov7UPWTP7yyWuTHfS4Jb8fYV/xjTH0G2VzAAM/qmOqG4Otmoei8G//Gq6s0//AJt2z7+ZQI/7SnU81Z4lxs9smpz9UQje3P5lRaC1dFPy2ml7PfpH2dzTHNb4znnYKunsPSlXnxLe1ue7QF5pSf2i+m5h/v3SzYcf93KT/mFb0Hxz+HVwmENQ2qo88Es1A/uFf8G3tkj5DTS9mmm6C6aeQ+luNTT+oa7AQT031HQOP+z3UUjWjdp8Zwx+gK7S9W9CXebwaHq2ka7GdMp0H8t1aGjDmh9HUtnYd2uY7YhC9I16C+emXKY6l6x+L/TkAcKoVzBsdRLx+mxVxR/2g75S6W3qwRsfjzBnlz77hUrqi9wNGCWsbtvuoc13u7MiVsbmn/DykPSwfZLIxPQ6H+0f0rjFyo6mB440YePz4wtdbPjD0HcQzwr1Gwv7P2wvm640rLgXuEFNBkfhbpJWWq7NXRHLQSB3b3S56CuXQidUZ/ifdVtv1kucOu33SCX1w7hWDITIPKc5X58Onu1tmbLDUTQlvvjKv7R8aOvrI5opr3NhvI1HcJMtDJfiZ5aZrk+6XUVW3djMj7oE1PUAfzaUOHuvlaz/ANrDqu36BcaSKo08E/8AzF6XY/7WHSFZC0XhohlI8wztlJnpLI+hcqrV1hnqMsFpf/2mg3HPlUCWw9NVb9TWeG72bgplm+KXRnUTWOorjROEg2HiguH5YV46nt9WwSjw3xu3BalPSyZSlZH8jOu6Ls8n90/f7qDL0TWRSO8B+Y+2Vp32m3zHTT1Ekbh/S7CjzWe8sGm33Vzj2bMchI+DAS1LXszhsV2pSMYcAmn5+mOqaJ2B6K1lb15RDxGUdLWesbX6XH88FDb1W+Af+/rDV0w4OGB4H57IdmBnyKRBZdnREa9QHqVPp74HENLnfqpEN06UvR+WikY1xGQHDSnO6aoZ2FtLMA9vo5XtZSUAkd2acfzHfqp0dzYQ3lUn+zFY3/jIXgXOjeWaC4DhVjALrT6NbFc49IyCjx1rHnyhYgXeWnkAqWOA4VpBdoHsDmyjP33UAlQkapskcmwOD7rpia/hUVPXOcA4OyD3UptdKMboJtpCpUP0WJhaBwg+GHOw4bJjK5p/vDkojJWnfsk7mBskuGc+ThxkAgoXyxbnSpOr9ki7HZU3kH48kRz6uA+Vm33UinqydpBgpzpNWRhA8IOVFfCTm1LT9O6M2TUM4VS+CpBBicNuyeyepZhsoTBM6y1yPVdUGKo1EAkqWx2RlTLFuthyRg7hRiTlOz7pZwoL2tHclLJXFzIRZIEzlc55TUlMl8lXcum6C4Zc1ggk58SMYcqCpoL1YpfHA+ZhHdnOPcLbLhGeUWC08GUoL9TVjQfpPBaTuD9lZNrSzBjdqBTbt0rQ3D+bABTz/wBbPLk+6zpffOnpSLjTOkpRzOwamgJqlgNGtZU09QA2QAOKbLRtxrb5h7Knp62juTGvpZmkkdipcVVU0xAJLmok3kHGQNbbaapBZPA1w+yqW2252aTx7PVPa3vETlv6LUMqaWpAEgDHJstG4DVGdQPonb8FbUyHQ9XU1Sz5O9UYY7gkt8pTKixQhwuFhlZh27mA+UpVEFG05qo2j1yF1lBXwgVNhnaG/wDcu3jP5LTXfJPsXKvByGZlTGYZhpeNnNPIKynWHw5tPU9M+GuooZ2uBB1MBz91q/4pQ1Lvl7pTmkqR+MDDSfYpzXlmwlDm9iV1NPq51fdB4YrYnxJcHwt8YP7MVZ081106bDpGFxLow0kgf9F891NPNRzSUNfG5paS0tdyD6hfq7cbfT1rCyaJrmkYIIzleCfFv+zdZerHyVtupdNU4E6843/IL3viPqfGK9SeX8n9N1WSd2m4b9ej4NqKJ8LfEY/XH6+n3TaeQs3C13VnR3UXQt3ltN5t0gpw8tye47KgqLdTvaZqIuOOWHkL6LpNXG6CnB8HzPynhpUyb24a9f8AsFpLmNIjl3xwVPbI0jOeVReDA9uWyBjx2KdBVPik8Kc7cArqUy3HmLqdj6wXDjkHJyFCc4sOMI7JQdid12ZrXtyAj7E4wRZI2zDDttlTXG1gDVD+eyt5QWHZMcQ4FucJc4YGV2Sg+DJTwOhcQ7ZABPcrUVluimBJG+Nlnq2ikgd5xgdljsjydOq3cuSK/hRZWgb4R3ggg+ibIMt2WacMI2J4IZAyljCcQcpqw2LDHxeR9OcPBCto3AjBKpmcqbTvO2SkPk3aa5weCxjcSQVOjccDdV0ZyAFKacLHad+i4sY3bjCkNkyN1XwuIICkDfHZKjnJ1YWcBKjcbeiDBs45RHHy/ko0Z8x37pgW7BYMwe6ZVNDos43HC4zGOV2XBamxRJy3IjxvOAMKBcWk4IHdTDhrsKPWjU3jKfHgw6j7oNEGM4GPugznfKcPqQ6j6VvqeUeT1n4ZORkqQcndRIvrKmg+UYWuMsI5U0DXGuIITjjO3CYOUQskBzsYyhv+nKeOE1/0K5dAojO+sJ34U131hO/Csr4YxAH8pzPqC6/lCVjH0SgRjlAn4C4HnKTjs37qn0Lj2RJPqwifgQpc+MfRF/AEo0IjSDzKNUbkD2UmT6lHn+ofZIlwOiOp/qCtKfZp91V0/IVrB9ATq+VkGwceUh9QSPKQ+oJjE+wrBlzR7q4Y7EbQCFTs+pqsGk6G5QY5G1z2kpnKnW8Zq2DtlVseTsr/AKcpWzVbdQ7j/NbqI+zh62xttno9pYGUjMDBUuVxwACgU4DGBo2ACfnJ5WxHnJy3PLNR0nCHEuczJxsVpzv3VT0zCI6dhI5CtJTl2xTF0cq7mxlZ1BMWQxUzN3zyBoC0ceLfa2gN3DQMLK0hbcupQJRltPs0dvXK1Fyd4mim/E52MeiaKnEn0A/3UTOG7t05zyHAeqdtHG2Jo2Y0BDjfrkAxwiFE6E4YTnCVMS6p1FCJwAOEemAzlQWGq5MR4AUJ82GElPqJPEkwD5WqDXPw0R/1KslEq2HW51QRupBmawukdt7psLW09K1jfqI3VfdpS2ldFH9buFf+SyFSOFVXT1unbJY3KxvxJuLXxMocHU47Y+62zGtoqLXxpG68iv1wkuV7nlcctiOGrHq57K2zreI07v1KKiQlpbGeVp6GJrKWMNGMjKzTInVlzaIx5RsVqoyI2hobs0cL555rVNvafoj6T8aq4fJJE6kaSVOGMA4UWiIMYfhSXHAzyvG6iXo+o6SvESBVanVAHpwnsbpA3Q3ZdJq7lGhByM7rFKWDpwXIeAY/RNIycI0QGk7JjRvn0QKWTTtyhsxjhpXl+xdwqaR4G+FOvcvhiNoPdVesSNxldPTw+1M4PkJr5No52HdxsvHPip0aad5vdNHjU/8Am6Rsc9168Guzyo92oIrpQS0MzA5sowPZdPS3umSPNeR0kdZS62j5ba7PZHjJzt2U7qexTWG7TUkjSG6jp27Ksa7BJwvaaK5WRUz5VqdO6JuufaL6gq9emN4H3UuaPIBG4VBFMY3DCvKOsbM0Q43C7NVmezi3VOMsoGWEJ2MgKQ9gycDlBIwU9yFpjEkkkYQ9cydgupDlMTwVgLHwd0VrfUIUKmRtBHCsfUsguDnCI15GMLvhEbhIMLeSkWHQq+0lQgPxlTqNzonjA2HZV0XkAAUuF4DwcJJ09PLJo6aRso4wnvaAchV9HPjAVgMOAIKYuzq19Dm7Lpbq2TU4HKj/AGa08g5YByAq2soxIfp5Vw7dCMWQdksqVaZk3xPieWuGwK49ocOFcV1Hqy5reyqNGl5BPCBoyWVpdlDXUhjlcWt8qjRnv6LS1NIJo9IbuQs9LSyUkpY8fY+qXg51lO2WUTKOvmikaGnZauguHitaCd8LExbOVvQ1nhObq4QSlg16e5wRt6eXIByN1MjcMBUFvr45QGg7q2ikOBnhUju0XJpMsmuzuCpETsEbqDGeFJacIzowkmWtPLnlVt86Us9/YfmKdrJMf3jBhyPC8tIUhs5GNlA9kJ8TWUeR9QdBXS06iYDPCNw4D8Kx1RbG6iY/KfRfSzJhIBndZy+fDuw3lrpaaEUlS7/iM2BPuFDjavwcbm5wPnt8UjCQ5pGEw7crddS/D/qCyuc+ppfEhGwmjBcw/mshU0UjCdTdOPVAeS1Ohs083GSIiS4WkHC4hMco4HJJJIJRyW0JJJJAUJJJPiZ4kgj9VaW4g+lppKqURxj7n0WjgiETGsaMBoTKC3iki3ILn7n2UsNA2WmEMBxjk4BjZRK6oLQY2HBxujzyeE0/ZVMz/EdkFPSAtlhYQIjfCPBFkglDYC5wAU+GEho2RvgRFZHtaGsOThVdXOSSM57KbVyaWkDbI9VTkFzyc5SrJrbgI4TnlJJJIKHJZC5nOy6PRW5YDGpYKbpTS8BLc0iBSQ0IlJBLX1TKeMHLjzhRS50zgxm5Ow3WtsdqNCxs0jv5ztyMcBBnczRRXueS1gpm00DIG8NGETT7ogdr3SVnVrikhiSmUNsuFzmFPb6SSeQ9mhbyw/A7q25ua65iO2xOGcv8zv8Ay7f5p0Y5Ojp/HX6l/wCmjzfurS1dLdQXybw7TbH1OeNK986e+CPSFnLZ66D+IVDRs6YeT/yrfUsMVLGIoImRxtGA1gwAjSO9pvpmc1m+WP8AB4r01/Z9r6hsdT1HcBTNcMmGIZeP/Fnb9F6xY+hununmNbbKGNhaN3FuXH3JKvWuAOMJ2oFE1tPSaXxmn0sMRjl/tiGWjGV0glLOO6XPKapY6RvjAJtnKWR6oW/qk1xLgoNjEKkkOElAugSSSSaAPUSvr4LfEaiqcGxt5JKbdrpS2imdVVTw1rRsM7k+gVTb7RcepKg3K/xeDSjaKjdsT6OcPVNSyJm/RDEdx6zmJY4wWsHykn6/0WyoqSCggZSUzA2Ngxgd/dGZCGYOE/T6K8CsMcG7cpHAB3XSQAVFLtzuiG8IT3HPKC9zT+MJSO2UR7sHKYlkRZYoLLHzyOaVVVt1ipY3Oc4E9gnXO5RUcfiSEbDYeqxNfdPnZS5oIH3Towyc3VaqLjtiduFbNVSmR7yQeBlQwHu3wQjQwPldwrWC2AtBLU5QOZKTfZGo6HW0OlbudwpzKVseDhSBGBj2XXEDIJ4RpGab2gXNDcAKsuN2pqDVh2ohRr3e2U4MULwXdyCs64y1cnivO3ZNVeTla3VKHEDlVX1tfOZBIWNPZOhpfxuOSeUVsTQzZoCYXjGlaIQwcO+bt5Y2bSzDQEJ5z7J7hk8rmn3RmRgwC47ojWhuDhdwG9kicjKhQ9z2gDDUMy7bjH3TJZvDGcD81nrheJa5xpYZNOnkhD0DKWAt3uzpHfJ0bsnhzgmUFAIx40wy49123W+NmJZDknco1fVw0UJkkIxjYKm8C5TUVljqirjpWanfosD1B1LUXOpNttp34kkB49gg3a+113lNFQEgvdhzvRqnW61wUMQaGh0nLnHklJlLczDdbnhCtdsjo4w5wzIdyTzlWBGVxvddPCJQzyKjE6AANyo73Z/Ncke4nAzulEwk5Kvokk88B4Gc5CNgNGyY1uy6fKh/IfBfsY8OPCLBDqICcxhkOMKZDCBjA/NQbGORU8OnchFqJmsZgJ7sRsJCgazM8nsELWRrSSBSap35xwpMEIYMpzWADhCqqqKkhMkjsY4CrImT2rLGXCuioojJK4DA2HqsDdrnJXzHzHRnZEvN3lr53ZedAOAqp7tPByseosz9qM9lm7hDc4XDwurh4WFtoQDPK4unlcQyWQxIsUDpTj1ToKZ0rh6equqOjEbWktHCtLI+qG85Q0wbEA4YIU12kNGk5wmyaY2HG2Aq58tQ92IzyrNO74+EFrKss2buSokNFVVkmp8WGlWFFbJZpBJMNhvurqNrIx227YV4LX+o8lZSWyGlIe5uT6FWIO3CZKNZGNkgQOUyMR8YqPCEXjPC4ujdIMA3UZohyuRyeuDHCIkTTfQ5SwcAA7J7CAeF06WjLnYCEaqmHMo/VC8InzQRJAbtgYRGquku1BD/AHkyjtvoqnllK06R3KOFe8VZrKoLOS4OBvqGyjVMrzs04CEyV7xqJO6eRlbKtN7Zwdf5eUv9OngEWl31BIMxuAjeGfRLwz6LUqEjgzm59g8BdTkkezAl8kulur4GiOUamjv3V/TvjnjEkbwQQsjKeNkSnrJ6d2qKQj2zslTg2KnTk1xZnuk1vuodDdIaqManBr+4UwODkpxZksg0N0+6e5M1eycgSwKHJ6YnoghJJJKEHYCWAupIyGw0eyYpCHkHlfn5WJn6uwDTEfT7phGEWULlHKBrhG2U7BSwUwW45YIj0XMFFwFwgYRKwBw4AJEAp55SO6fG39meVCa5BFjTnCD8ox5455R9KQGO611aqUejBdo4WcNcEGagwP5LcoJilZ9bOFbtTXMaR5hldGvWPqRzbvEVvmBTOw44IxhJjGjfKtJKWB/4MIfyfoVpjqIzObLQSrfBXOGMYXMOGD6qcaYnO3CY6It/CmKa9C3XKHDBtyW4cotVQwS76dLj3Gyl5A5KRGVOGMqk4PKKlouNAQ6N5kYpjLtDM0R1MOCechSwAOVHmpWzcAA+qROnedfT+UuqfL4HmloqpnkDc+3Khz0VZTEvgeXNG+CmyUlRAfEp3EEds8osN4fEQyqiP6LJbpH6PQaXzNbWJPDB014fG7RURubjurWKrinaNMgyfdKJ1quDMOa3Ufso03Txc/VBNhp9CufPScnoKdbYuYSUkWMD3McHNP2U+nub2HRLjHqswRc7adLwZYx+aIy8wTEMf5HdwVknpXjg6tHlI9T4Zs4a+nkG78KW2TVhw47LIRPDgCx+cehU2muNTBsCXt9CsdlDh2dKnWRmaiOYkYwiseQeVRU97ic4NmjLfdWbZo5cFkgx90rH7N0LVLosmvJGQUQas7qCx0jSC12FLjqJHAahnCWPUiQ0u53/AFRBL/UzV90ESjjSigsIB4UywnFT7I89qs1Y7xJ6Rgf3wFRXH4d0FY4y0s0jM8BpwtKGZ7ogJHBI/NA7ZLoB6et+jzur6Av9M/RSPErOQTsVSyx320VGiSGVrh+hXsTamVmGuGoe54TpDBKNMsbSDzkZRRvmuxFmkz+LweQx9R10Th4wwffZT6bqqKXDZTkj3W/r+len7k0eLTtyONIwQs7cPhdRSRarbM5kmcjKbGyL/Ji/juh+LyQIr7SOwM8qW19JVDOA7IVNWfDq/UjtMQM22Tp7KtNDe6FmJY5W6TxgonKL6YDtnD/ciaaShp3EFrcfmm/w1pb5H4WYiu9XH9Ujhj3UpvUMzcB+T+avjtFfPCXrBbPo6ljuMj1ymOM7BpdHsmQX+N8Y1HdSo66ne3VqG6nIacZdMBrkH1NKXzAYBnZS9UD8HI3XTSUrgMD90DWQ+iIKiF2xduuCmhm+rupn8Op8EgbhANJNkmJUHtWCLJaonbsySoclvq486Tn7q3bHVsPnIx6IpkdtlqJSwA6oyM6WVsJ852T46tw5/RX4ljyPEjH3wgVFvoZyX6NJP9OypSyA6X6K5lYB9WERtTAfx7pSWLW7+RJj/mKr5rdWU7sOjJA7hEKlXJdlj4rD32TvDjdu0gKodJNFjW0jOeyK2qcADnBUST7Bc0uJFj8vO7aI7IZiqIt3RZQGXKaLHmUll2JwC9FJYB3Rl0MOoDdmPumksdsWhSBVRSHzDbunujoZcaRkocMrggClpD9TAgSWekkcXB2CfRWr6SldgNBB+6YKB/8Aw3KsZLxF9oqv4I78E7gEJ9quNORLSVRc4fhzyrd9NcWfSQR7oLjXxnLmZVbUXiP6K3xOoIMF0WpvfBTv45Ux7TU8zT64Vn8xUAbhM+b1HD4w78kUa4sijJv7WRqbqNrn6HSPZ/zbKc27NfuyYH80F8NvmH8ymbn7IBtNtccklv8Ayuwp8KQe62C4eS0bVTSDIcT6JMvN5oHh1JXTRH2cQqY2ypG1PdJWNH0gphk6ipn6WltQBwXKlVFAO+xfkbGk+JvX9tYW0XUFYwO5xIRlXFF/aH+JVBMJqispasek1Iw4/ZecMu17iOZ7QHgf0KUzqaldtW2qRhHOAoqolfO5dnrI/tO1lVht96Ks1SO+mJzM/plJ/wAb/h5XjTX/AAujaD3glx/oCvKo750/LxGxn/0wJrv4FK/VHUtBPYHZXKiL6LjY17PVo+uvgXcs/P8ASN0oPQxySO/ycnPf/Z6q/NSdS3i3OPZxlwP0aV5cKGjIyyTIPumPtkEvDsYQfxwvna6Z6tFSfCY72/4nzsI7Taz/AJ4UynobRJtafiZa5ndmTtb/ANSvGX2gNxpBPuuC24GM4VPT5GK+z0e4MsfUz8CO42Gt9NEwaT/9SiSdPdWho8Tpymlb2MUocP8A71eDmlqoXfy5HN9C12FKpq6+0e9NeLhH/wAlQQl/xBkNVZHtJnsM9grc4q+nCCOdMWf8kF1ltwGJ7Y1n/PHheYxdbdaUhAh6kug//uDhTm/Ff4hwNAHUNQ8ekp1IZaXAz+bF/lE3EvTnTkvMVMCfQKI7oewPP8t7t/8AuzhZiH4u9aE/z5aSfPeSDKlRfFi+H+/tdpk//tsf6pUqJr8S1rqf0XD/AIf2gHUyWbPuVz/YaIH+XVvaOyrx8W61oGenbbn1YHN/1T2fFcuIM9gh+7ZnJfw3IatVS0WJ6HqdOYblL9tRQh0jeWH/ALW8/wDiQG/FOAcUD2H0Dsro+K0AJJpJRj0wVSpa7J8lcvZLHS93OP8AepP/ADIjOmq5m5wT6lRG/FigdzTTA9yWp/8A7UaJ27Kdx+4Q/C/SBzU32SzZaxuASMfdIWUba4R+qjH4kRu4pIx92rh+ITX4Hh0h9jsqVE/0HCdUPZYx2xjcZpwceqN8qxo3o4wB7KrHWksm8VNQH/7d/wCq5/tPc5P7uhpP/Of+qn8dr0E74emWu48ugDHbC7oqgR4cYH5Kq/jV6d/8NTj7HK6b1fvwxQs+2ES0zKeoRbOjvBwYmcJv/wBcQ2MuFWNunUBBAkx9iEL5jqGY/wDai3PfIV/xmD/IRdZvxBzL+6GG3sk/zSfzVQaa/O3NyH2MgTTQXo4Ml1Y1p7mQKv42CnqEW74b08AunjafdyBJBeCdqiE/aRQ3WyVwAk6ghB95V2OyxHHjdSQAH/6IEXwgfOkSBHeBzKz760vl7qf/AIqH7eIufwu0wgGfqeH3/mhEjh6QiP8AM6oiPqQ5T4gPlQI090b9VQwj2dlcEVVw6Zx98qc2s6Cp8GXqTWR2D0j1b0BS/wB1VzS49sqvjC+aK7IopHkglzsn81MioZXgANduo8nxQ6Poj/u9BVTO9RHkKJJ8bIIz/uVnPtrjCv40T56/2XsVhrJd2tP6KdB0rcJtpKcnCw1T8b+onbUtvpo/Tybqsqvi98RaoYhnaxvbDOFPjQMtRBdHqreiqhpBfCxnuVMHTFPC0Onqqdg+68Ires/iPcSBJcpmj/CMKvlpOqa4657nV5O58ynxg/K30fQz4em6IZqbxSNwMnLlDn6w+HluGZeoKYkdgV4PH0XVyYlfOC925LuUeLoCIuzO4Y9lWwF2W/0I9dr/AIw/DygjJhqHTkf0N2VFU/HuwMGKKiqXHsNKx9P0Fb4xkfvlWFN0jQQbtaEcY4LhHUSJ9T8c7pN5bdasZ/rbhVFX8Vuta7aKjY0H0CtoenqVvkMbcKZHbKQbeGNlWEPVE/6mY2Tqfr6v+hxbn0QH0/W1dtU3CTB7F2y3zKWniOWxgFPLY/QIC/43PLPP2dIXipeJKmt1kd9ZypkfQbDj5rSfzW0DYxuGhMLweBwpkOOmgu0Zqn6FtsO/hNKnU/S9tiIzAP1VwC47BpRWUtTLxHgHuoMWlr7wV8dotkXEAKN8pSjAbAw442Cnstcuf5nf9lLitcTBkHKFywWqUuir8NgADWhqM2me87DdWrKSFhyGDKeImjgIG8BKpFb8jM4fTgJ0dFh24wVaaSBhN0j0SnPAcakiMykaBwnCkGdtlLSHKreEoJAG0jQF1tKGnIUxn0hJyikEoAhC4bAful4bvT91IaMrunHZEMVZH0eyJpH9P7ojY9+MorWjHCAjhgieGutZpOcKR4Q9EgxjTknChW1AhGR2XRGc8YR/EpmtyZWjHqVHdcaBn11Uf5OUJ0FEQ9F0RjOQoTuoLTF9VbF9tSjv6ts0X/HDlCFuIwNgn6R6rOzddWiPYO1H2UGT4gUTfopZnehxsoWpYNjkDuF0b8LBSfECtkOILazHYnlR5OseopP7umbH6YChW9no2D6FcO3K8xm6h6tmH966MH+kKGanqiod57hNv7qE3s9WkqIIW65ZWtb6k7IUl96fgGai7QM/8WV5NJYLxUPMxc97zy4k5Uap6fudO3xJYnOH6qxUptdHqNV1v0zT/TXeJ/yhVdR8UbTC3VBRTTZOBggf5rzLww3YgA/ZMczAwE2NbfJjt1Vi6PQX/FuTGKWxjPrJIMD34/ZVVV8UuoJ8+HDTxemGrIiXHZDMzT+FPVOUZLNXZ+y+q+u+qqni4iIejIm5/XCrH33qCYky3qqf7F+ygPqA3shukxymRpMr1Nj7YWR75nl8she525LjklBfGRuX5z6lcD8blMe4HumqoCV8vY8EdimHOEMOy7AOU8jI5RqtIXZY5A3DfZCRXYzuUNxa3sj2ZB+QZpPouFme2F3xWg7BLxB/SmQryJmDMeeyboA3wi+LnbC5sUz4igBjPdc8P2KlBjj9LST2XRFXn/hHH2RqrIvCIL4i0bIPy8oOfD2VsbfVnB8BxP2Tv4dcSNqOX9Eai0XgqfBPdqc+HjCtW2i4H/4KX/ypGw3NxH+6uARYK2plP8v7JCmB20/sr1vTdyJB8B36KTH0zcdv5JB91MMp1bjN/wALkdjQMrhsdSRnSFr4+nLkAABGPuVIb07cgRiaJo+6mGV/HT/IwZsNUDx+y46x1LRkj9l6G2wS6QXVUOfuunp95GDVQ/8AmU2sF6Wt9nmhoSx2CMFcdRL0l3SUZyTLD+qCekIiSBLD/wCZXhiJ6NN/YeeMpc9gk2ne38K3knR7WHIfGcqtn6eq4nFrYgQOCEW7+wqWisjyjM4e05byp1uu17tswnornJE8cFpOylS2WdmdcZG2VHFIQd9lSrjN8oBRtqNpY/i/1ranNdLcnVgbtpn8w/L0W9s3x+s9U0w9V2EMbx40DtTs/wDLj/VeHeEWnB2yk+MnBSrdDXPnoZDX21d8n1Rb7v8ADzqeCM2m80zZ3jaKc+G4e33T6zpmelBcYWzQu3Gnf9F8qDW0jBP5FbLpz4rdddOSh1De5TE3YRSHUAFhs0Ml+J0NN5OMn9/B7BWdP2isDWSQFrhzkrN3L4XSyB1RQS5HYY3U2zfHKy9QRiHq6zBkuPPUwO0u45Wlo5IqyAV3SF8bWw41fLTP87PzSfgsi+UbnqK5rKaPIq/pO7UEpZLTkj10qqfA+ldpe05HOy9nk6lkhf4PUNnc2POC4s7/AHQJT0FfJHQNkZC93Gto3SsN9lxVcv6sHksdfUQY8CZzB6tOFrbF8U+s7M1jKK9VHht4a+TVj7K6qvhhY6oukobg0DkNDsg/bfZZmt+Gd9pKh3yUoezkZJS40xn2DOtv8eT1Oy/2mL/DCyO72tlW5owXtk0OP7FegWT+0H0rXeGKueopCePFjJz+mV8tTWjqO2tLqm1SYGxcBkKF/GYonBlQXQu9CMJVmji/xMlkUmsn3haet7Feg0Wy9wzSEZ8PVg4/NXIuHiECVjX/AH3yvgSnuMmRLSVrmu7OY7cLSWz4o9cWPQ2jvtRIxvEcxEjf0IWSWhl/SVGv9H2hW2SwXiEsrrRTHnzBgBCqf9jaele02G7VNJp4aHZH6L57s/8AafvlC5n+0FpZVMGxkhOgj8sFb6xf2lOi7hhtTP8AIvPIqm4b+TkmWlsj2g1HaeiyTdcW0+GKaK4sHBZs4j3/APmLsXVUb3CnuluqaScbOywln/m7rlj65tl4Y2e3XGlqGPGR4MmVeNnhq8Odok9nAFZZ14eGU7MMgRSWy6gtZLFJ7E7hMl6fhzpbHgeyLV9PWqqfrZGaV/JfCdKCaS9W9ui3XSKsjb+GZ/n/AFSnWyK+BEns9ypf5tJUFwG+hyY26XOEBs9LsO4Ks2Xeqp9MV1t0sJP/ABA0lh+xU+GajqmjQ9jie22UuUXgL5E+iopr1SSECaTQ/wBFbU9aHgFmC08FRaqxUkrzKIG5POFWSWWqicRT1L2s/pJOyS44ZG0zUioOASMozJw4DhY0XC6UZ8KdrnNHBG6n017hewAlwd3VYyLnDPRpMhOYcZVPT17pN9WVOjqmYGs4yqwL2YJ2SmubqGCmxyNeMt3CcXY7KANfsBLE9v0lMbUVMRxyFJdIHbFvC6+NjxgtVi9uRkde0bSHco4qA87YUSSkbywboOmWI7t27KgHWi3a5pbsU3JzgKBFUkDdGZVjYKxLqw8kpdGyC17TwU9UEohQ/snjB4Ki5HohtdIXbSYARKWQHHJNyPVInI0k5A3wgtdtuUtY9UzcgdrM5dOjfMaqwTiln5LNWGn7BV1NeqqllFBfovAmGwfjyu/Nbc4J54UettlBdIvBrohI0+2/6q/k5wGuCiAbK0SQyNc08EFFirqilG5Lmjsqyv6Su1pc6exVRmpxv8u/kfb1UW29QwSyfLXAuppRtpkGCmJ57IaCK/dO17hRVFZFHUuB/lv2z9ioktDeLVIaq1ztmpeTFncDvhV946Ws9+YPmIWA4OmWMYe37H9FAoIOt+mqhrIaiO9WkHzsmaTUNHtv5kxSI0a+OS09RUwYHMMg+qOTZzSqiqtl0sLzLSQ/NU5PmY/JLfspbBa69onijfS1B3Ixoc0+isI6yoYBFVP1sGzX/wDVaYXOIiSSKmkuFLXkxtaYphzG7b9EaWn2IIIUm4dP0Nx/3iCXwaobtkacbqmFyrLVKaLqGJzS3ZsrR5XDsV0aL12xeF7Mx138L+neuaB1FeqIOO5ZKwDU0/6hfEnxb+BPU3w4uD6ylgfU2yRxMczW4Glfos3RNEJYXCSNwyHDcKjv3Tdvu1LJSXKkZNBICHNI9e69J4vzl+iajF/b+jm+Q0ENbHD4a6Z+V1VQsq/PGdEg5b7qA4uafBqGkObw7C+n/jZ/ZyqbJLU9QdFQmopw4ulpg3ztB7/blfOcwZUM0viBPuNwvqHjfNR1WNjyfNPMeD22Zl3+/TIcVTowAVKbUEgZVVUwTUmTgkYyFGp697nYlcvTV3xl0zxWs0sqJ7WjQuDZW7Yz91DmgkaS4hKOXDQUdsvijBC0cTMRE8Q5AdshVVLFUNw5FqYiHZaNkyJxBwUicMDozcOijr7VJG3xohqA5A/zVUSSSCOFuWaSMEDdU12s7SDU0w+4WW2vPRtpuz+TMw9oHZAeN1MkGNiFGeFz7YM31zTBDlSY3YxgqMugnPKySXBqTwXFO8PbjIUoEBVFNLhwHqrGIgtG6x2Lk6+ktyuSbGd1KjdkcKAxzW5KOyQNSZI69VpLJ25UcfWnBx9crqhp3ZCxOJAyU85Iwo8JxsSig5GUxBy6I9Q7DwPVNlj1s39E6oGRqT48GMEei0VrkyWSyUj3aZCMd8JtQMgEei7VjFSRwuP+kLfXwjy+sXDiCbypTSdIUUcqS36QtKORKOTiSSSJywL6CsPIXJeAux91yXgKEI7+VzsV1/K4OCs7DGHlNHKceU0coho4N8vKY7uiD6UJ/BVS6IlgBNjUCnMPlCY/lPgI4SkhrRHfgOwo9RwFJm5yOyjVHASprA2PQ6m5KtKb6Cqum5KtKb6Sm1fggLB55XWHJXH90m7ORN4M7DH8KmjOkKFgnThT4zjCJCJScCTCdIzhavo6EzTayO4Ky0WCBst/0fS6GeJpGAMrbSsI5WuliDZqS0MGxH6pkAL5ms91x+T3Uuzw+JWs74WldnmbG9uTe2yF1PSxtPOF2reYqeSb+kEozCNDQPQKp6oqHx2407DjxvKmIwt5mSehKeOVstc/zPkcTk9grhjvH6i34ZwELpykZb+nI3sHmA3K70xpqHVNW8ZeHluU0VY3KWS9nIydwhUjf5mvGQEGR2XHdSqAgU+SM7ogAkjtT2tCkDyRD3UKLz1gOdlKqTpwAoLAPdvwoJeJ69rXcN7I0ko32QLThzpJ3DJDsbqiYwWT36cKrlLqmvOr6Y+FKqKgHIHcINNHsZCcajglVJZJ0UvWdfNQ2mTwSAS07rymEl0Ukjt3u3JWs+I12c6sbQRy+Tg/ksjO7wYA1vdcbyd+IOKPe/S/jnNfMwlmBFZnvytLG3U4AjKp7HC0t8QjzHur+Bmkhy+ZeUtc5n6M8DpZVaeOSbEAGBoGyU4cyInO5To3bYwhVsnlA4XnLpbmez08MRI2rzKXEBsobPqCmRjICUzZGHJJZvnZcDMEHPCfFwB6rgbgn3VDEZ7qOoIlAA2BVXTVJc7B7Kb1B/fO+6o4yWuyu1p4f6SPIeRuxqGjQANe0EJwDc5J4UKhq2E+G84zwSpDhuCDsmqJk3powXxY6UbdKD+KUrP58exaByF4cBjynGV9XupmVMZhlAcHDG4Xzn8Q+nH9PX17WRlsD/o9AvQeM1m1/GzxX1HoMv8AlRX+Sh9x2Uy3zujlDlWtfgY5UiN+kjZepqsPEWQU0aaGVs7c4CZKNJ2CraOqIOCrQDxIw5pXQq+/g5047GR9Pulp904g54SWjaRSyJJLBSwVMBZHRkB26sYCHAeyq8EkKZSy6CAQiHVWbZJFk1gIIKa6LuAnQODsbqayLV2SpRydaEVjgq3gs2LefdHieQQcKRNRk4wEERFu2MJbRpq+wmU8uNIV1TSbDfKzsRw4K1o5wMAozpVWZRZkYRUEO1jKMOVDfW8j8FcLfZGa0EZIXdDfRLNBAkhHcbKmulscCZ4W/cLSOjyhyxZ205BQYAsr3GShwMajuo13t5qY/Gjxlu6s7ha54pXPjblp3AHZRmSaRokBB75QNGK2rjBmBFoO+EaM6ceyl3O3PZmeE5byQOyrGS42wkyjkwOE65YaLq2VpjlaTstRR1TZwDkLCxvLDqCubZcSwhrnFB0b9Pc4ySZt6eUDClsfkcKkpanLWnHKsIpQQESlk71c9pZMdvwjNOQoUUgKkRuyERthLJKhcQcZUyKQ7KC0DucKQw4P2UNNc8FlHLsMkbcZKzt9+HPSd/1SfKfJVB/HF9BPu3srbWTjco8TscqAW1Qu4nFNHifUvwfv1vc6W3xiphHdu+ywlZbK23zGKrh0nsvrKGfy4B/JR62y2K8sEV1t8UvPm0gHPqgOHqfp6i6TlB4PkzSONSWkf1L3bqH4G2asL6m01j4nk7RlmR+uV5/fvhB1fa3B8FGamAfjYCP2QHnNV4XU0N4i2kYnT7rmB6o09FW0kroKimexzdjkIcFPNPM2FjSc8+yDbk5c6ZQ4aE2MvOGeY+wWhttnZStE82HPIyB6KRRW6Kii0xty/wDqIUkZ7lNrhtKUcdjcYK5KeN0iQFFqHDGMp5JcIDWztkHhtO4UENPdOmGX7I1LCXEHCZGaRlk9zwdpYSTkhS5ZGxMAyP1S8sbT7KqrqrOBlBY/0HhoHVVBlkOCUEEYIymNOokpgYfVZZt5KY527iQuYKHyUjsl/I/0XkOMZ5TXOA3JTYhPK7RDEXZVnRdKXq4SBkUB9yqcnI0Vaadv4psqJKgNyPVcZBNOfJGXD2XpfT3wO6nvJY5tokdG7h8nlb+q9Ssv9mytMDP4nWw0m3EQ1kfuESg2dbS/T+r1L+2OP8ng1hsDGEVU7NzwD3Wwt1gu11lFPQ0MkzzxpC+iLH8Iej7MQ2SlfVhv/fu1H9VsYKWhooW09DSMgjbw1oTMYPTaP6TcObpf9jwHp74LdUXIj53TRRn8Txq/bK9FsXwQ6at2l90mlr5BzkBgz+S3/jaNhuiCQOGeFR6PTeF02n9Zf9zlBRUdrpm0lBTxwxsGBpGCj8qO12TyjNIToywdWqmNXEVg4npiejHJZYs4XclcSRjNnsJqcO6QcSdykN+VxNhhlJY6DBwI3IXcj1CBkroJyrwXgOuZHqE3UA3c74UcuA3cdlMAt4JA5UKvusNG8wxEyS9mD6iolfc3y/7jadUlU4/UPpZ9yp1nskVGRWVMxnrHDzuduB9kcVkS5kWisFRWzxXa9nW5u8MPZvoSPVaFgGE8jPdcaB6piBfJ1cPCRcAhSP1BPSIdc7Gd1FLiSV0kk8pj3NAQiJ2JHZBtkEKmuV0gpWF7jxsE+8XWKggLpJA3I2GdysJU1NVdqgvdkQ5wAe6ZCGWc3WahY2oZcLhNXTHznQTsEait73EEjClW21MLy/09Ve0tE2PA0jAWyCwjlkOitYa0d1YCFrRspAY1g2wFFra6KjiMkh44Ri7LFDsDPpiOTgBY+93t00r4aXIHBOV273aavnOh5DB6HlQGRBh1EblHBHH1Wt3ZhAjRU4kOqZpJR9LYxgBElkbGMBqCcu3wtKSwcixjSTnlNJ7LrshMRJGWUsnRuk/y4XEMv9QiEjyo082gYzgpVNUIhqdsFmqmsqa+r0Qk6QcEpWfQqUsD625z10jqSB5BHJ9ApFtoG0o4BJ3JPJXaOkLH5c33KJX3CChi8STAx2yqbwLlNRWTtwrIbdAZpCABwPVedXe9Vt5qzS0ziWE7kHhEvF5rL7VOhhJMOcf/ADFOtVrhoYh5QXnckpMpbmYbbd3COW22xUEQAALyPMVMci6fdIjHdFFCfeWASTy09gk1pByQiIm/YNrMuGQpLYgBsFxoAA2RDKNOnCFvA6HJwDCc1ms4zhMAyfupsNOcAnlUaIwydgg0NyVKaAwebsmtGjflRqyqa4eCznuVBv4jamodO7wojt3KTGBgwAm07C3JxyjHblU3gF/3GSSCMZKxPUN1lqZDFHJ5Qd1YdR9QN3pKR/Gz3D/JZWRznZJKx3WekZL7FL7IgM+iWcpHlJY5ScnkyCTE9MS5RyMQkanhc94wmxxFxCu7fRYALm4wrSyNhDcdoKFrQCW8KVM9kQAHZOeRGNLAhtpXyvDiSAmKts2fbGCjFEWoM9U5sbPKBuSplNbwzDjypUdM1jd2jKIGkK3HAK55OsGBgHhMfk90/OAUASEk7K9uRq+0f3yShu++E972saXOOwVdX3WCnZqadx6FTKXYxWxj+RPbtuUKaugaDqkAws9LeKiUbHAKgzSyTOy552Wey2PoXZqkvxL+qvjIsiN+6rnX+uJOl4x23VfpyBk5wuFm/KyzvkujNLUzZNmulbONL5SB7FRjLJnPiO/VNR6Wkkq5NEY/NKrlO2aSEW3trkdTQz1sgiblxPOey1VttsVDAGAebuUrZbYqGIYaNZG5U4DK9Dp9Ns7ORqLs8HAANgknaHeiQaQdwtsYpGFvkdp90tPunZyAknqsIbp91xwwE9JT4yEd7Cc5CC5p3wpmR6LhDf6QlurIZCDpY3amuwfZXFtvEjXiKodlp2z6KuewHhRywtSJ14FTrUjb5DgCCDnhOIwsvbbtLBiGV2pnYlaOCdkrA5u+VmnDBjspceg6SWoZxlJLFD09DyE9WiHUkkkRDapJ6S/O0W8n61aGJgOU9Dam5yKkkjmkDtlcIGNgnOXE1coU0sgiPRLBRMBcIGFZTWQKSeQuHhXGQGECSXSDlLBTlPHIt15BpLuClgp6vxwC6UzuQmeLk4wuHVhMJd6J0LsGazTRl2Ew3lNcxh5GUwH0z+qWSVrr1OTJZoIsa6KD/uz98oRh7jhFI75z+SYXY7LVC/kzW6GKXAB7COAkGkImvJ44TTI122MYWuNmTnWU7QexQnNpz/etBPZEc5o4Qy5uTlEIa2sgS0OlxkpZCxyfFX3GhwXnWPZTNsYCFM0EcpM6oz7HU6uyiSlBkyHqClkYPGbh3cELs1Da7o3xIi1kh7hUskAz5WgJjRLTuD45C0+xSXpYpfad6j6inn/WSaLZ9kqqdofS1BLmjGMqMKyupn4nY4junU14qIRiTzYU9l2opmh0rAHd8hZJ6V55R39J5Wm1JqWAEVyhLcuJz3UmO46gAxx24wcLpt9DUfzY9I1DOxUGaklhcdI1N9lkt01a7R2qdfJL7WX8HUNUxgZqDgOMq3pOp6QRjxWEOHO6wzJHRncFIVB7LFPSRf4nQp8o88s9QpbhSVLAYpWj2JUppI43XlUdfPHgMcR+asIOq7jBGIxISB6rNbpbIo6Nfkq5dnpTHc7IrTkrH0HX1H4bRUwPDxscHYq6oerLHWPEZqvCcR+PhYpUyRthq6p+y6wHBLTnASZJFKA6OZjgeCHBFMLhgYO6U012MTT6BtjwcghEEkzMGNLwXDcjH5pwdgKg0mEbWzf8U5TTJb5f7+MOz6hINBOEjD5c6QFaeAX/AHAz9LdMXOLHysbHuHIACqJvhTZ5j/LqXf8Amyrnw8HYYXY/EYchx/VT5JZymDKqEu0Yeu+E12gnd8jUNdGd2kqlq+juqqHZ1veRnlvBXrja6ra0MbIcdlLjvD4mhk0If+aYrp+2LlpoPo8Knor1R71NLMwf8qZ89NGBqe4H3K95Nbbqjy1VI0tPOWgqNUdOdF3JuZqeAZ9g0q/l/Yn4GuYs8VgvEzHag/PtlTYb87UBI3AXpVT8MelZ3/7q50ZI4B2Kp6r4NVTyX0dxDWnhro8/vlWrY+wvjtXZmG3WndjO5RWyU8mHB437KXX/AAp6kpG64Y2zDuGggqlm6V6ipP72imb+RV74emEo2L0WjWwuGnLSm/LMactOcqk+UulMf5sUjceqeyqqYz9Z27Eqty9F5f6LkwzZzFjHdIBw5B2Vay51DeSpLbxkBrnfsj3It5l6Duhglz4kIJKiS2Wmm7FufRSoq+mO5dklFE8ZOR3U3NdinCH9SKWXpZxJdT1O/o4qDLZ7lT/UzWB6LYROaiAtO2USuBlpIS64MI51VDtJER+SdHVEZC3XykUg8zGn7hR5LJQycxN/RX83At6SS4Rkm1zwRvlSGV8xGzlcydKULn6mOc3PZQpOlqpr3COXLe2VcLV7Alp5x9AW3GXfLwfzThWNOMoUnT9wj2GEB1srmfU1W5xFuM16JwnpjjXhE8S3kbsG/uqo09SNnRnZdMUoGwwVN6LUnnGCyMNC7g79kz5WI7NcPuqozzg4Dtk9tVKDyVeUVva9FoKcM3CaYxjjCh/Nz4BD+Em10uwJCjQTnH2StD+NZTHU4dgloOPZD+cf6hdFY/O+FezIO+v0J1FRyDElNGf/AAhRJbLQ5yIw37BWDJ2uC6S1xB5wrwylGMuip/gcbjllRM3/AMZS/hFdH/cXB4x6kq50sGMcruM91CfFFPKKP5a/M4q3OH3XfFvTPwuJHq1Xqc0/sp0FtyUPz12G0lOwgf4U03ScHzxAeuAtE0Du0LjooncxN/RURVsz4urMeddFdTvI2KuvkaN5y+nZ+QTja6I8QtCn+S/jKcTU+PqSDoM5EhVmbRSE/Ql/A6P+qT9VWET4ytL4v6gllhGNQ/VWJsVGTs+T9Uv4JENg5VKWCfGVRP8AiXMe6tv4RH2K4LUf+8S0030XsK7TnskNbTluysv4S7/vAl/Cjnd4wi4j0Xhlfrm48QYXQN8kKz/hUeOd1wWvBzrGFN5UoNkFo0/QACnB91H0OOPurJtviA2bk/cpot9Vnyt27boW8kUWiAZruf8AjP8A/MV10t2J/wC0Px/zFWPyVSOWfuuGinIxpH6qm8hckNtRdds1D8/8xRRNdXDBq9v+co/8OqNWcon8Nn9AhCI2q5firCf/ABFdAqRkmY5PJ1FSf4fUDhc+RqByVAZJsi+JU53lSL6gj+9/ZS/lSOSF0UpyqwRJvgg6KgneX9lz5bbJO6shTjHCcKXflDgL4mypNI55xp/dEZZwf+HlW7KVuMgIzICfZCEqipgsfHkH6qVHao2fWzCtYKU85x+akMiGTkcKhkKovtFXHaqfuwKbDbaccBS44W/0ojYh2CW7McGhUpAW0gA4CI2EtxhSAM7BEEYPsrfKDjUBELDuWogjAxkcIrYiTwjindgYCRl5Gwrx0BZGMcLoGOG/upLaWc7eHypDbZMQMjAVuTQ+MSv2CarcWyM4Mm2EVtFAzGG8KLkJwKYQyu2DCni31Tzs1XLI2MwGsRjlrcaVeCvjKiO0yPH81qPDZ4GEahn2Uwk/ZJqCT2hKKQhTwtbgNbt7Jgbg7bI5c3sucb5QpjlFDNJPKfoGMpauwamHKj5KcUuRy63crmk+hS2H1HCXgVhILoBCHp90vmadm7pQFEnv9rikLBPqIQtYITtPuuhgz9SpZuqKWNpMTNZVdL1dXS5EUMTAPZRRyQ14Ztymucxu7ngLEPvdzmz/ADy3/l2UST+IznL6iXf/ABItheDfm626HaWoGfYqPN1Daoz/AHyxMNvqXnBBJ9SVOjslTKAMY/JXtYT47LSXraCN7mxQuwOD6qLN1xIR/Kidn3XafpGaVw17/krWl6EJwdt/ZRxwSbyZ5/VV0lOWu0hR5LzdphhtRhbiPoQAAnSp0HRdvjw58Y1eytQbFqR5iTeqkFrpnaT6FNjslfUHB1HPuvXWdP2iLYwDZGFvtkYHy8QyEWwpvk8qh6OrHjU6nJz3UuDouqcd6dek6GDZoGAkW7KfGUYBvQhODLANvZT4ujqWIAaRstYQc8H9V10ZaASOVPjGLgy7elqZvDGp4sUDeYWn81ocO40rhae7VWwrekUgtNOBjwP3T22yBu4hGVbGWmYP50jWfcqHPd7XGTqrYRj/ABKbCvkRGdSAfQzACa6CDGl0WQfUrk3UFtZlrZvEJ7M3UGW+aj/Lo3/cpkaWypTiVF36IpqzVLRERyc4WCuNLNbJXU9VGWuacb916ZJdbo/Bp442/cKvrqCS8OJuMMTtudO61Qr2nO1CTPMxLq2A5UeRzgdgTlejf7KW2PGIgUZlioYcaIR+i1wqyc6xJHmLmzOIxG7P2RG0NfJjRRzH30r07+E0Yx/Kb+iIKeNoDWxAAJ0aUIaR5pHYrpMAWU7h9wjs6TvEuN4hn/EvRRAztGP1XPAYDnQESpyxMzBt6Hux3c+L8ijs6MrPxTM/JbhrAOyOxjQMYH6Ilp0wFLBgx0Yc+YOJ9gjR9DwE/wAyKV/3W2bnPKK3ONspq06RbZjmdDUWP+zHP3Roei7bG4Olg2+61ZPumlzDyQUSrwBuKEdI2NrcmjyR7rren7Ww+W3xbeyvQB6JA7fQr+MmSpFkoQMCihH5JwtEDTkQtCs9PsuHAGcK1AmSu/h9OOIWDCaaNwOABjspbqgg4wuGqOPoa77hVsBlNRInyb+QB+qE6llHAH6qWax2doY/0QjUVB/4NPj7o1V/YD5UiGYajO0jQieBUkY8doTpamZgz4EW/puo5qbhnLYYsfZWqsA/yYHXUMziSZhugT26oxgzjBT5Z6/bMYH2QJJKx4+kj8lfx/or+TAhyWkl28nPO6BJZiBkTfupkgrD6/ogvhrfU/oiUMFfNkhut9QNhMmspZGHzyj9VLMdV3cEJ8Lz2Ofuo4iZXtA3F7eJHfqgvq6huNMn6o4pajnT+6a+g1f3gwq+NBx1E17A/MSykCQtIHsiCKkcPNE3PsE5tCG7BNdSPbgA7KKCKlqJY5AzUVJJwxoP2VfUWdzhqhc3bt6q2+Vfp2O/3TPl6lpz+iZsM0ts+0Z19tljxqYm6Bj0WldBO762tKjz2+GbJ0hrvUKfGZ5145RRMbjhT7dX1tvnZUUlRJG9hyNLsIc1DPAc6dQ9QuNeMBukghC6FPsVGbreUeg2j4o1uBTX2FtZARg+INWPdWzrd0/fm/M2iqbDMd9BOMFeWhwzuplJXS07w+CV0bh3BSJ6JLmKNletj1Ysmor6W/Wtx0zStaOC1xwUz/bvqahZpbUE4xjVuu0nVhqIxS3MeI07Bw5Cj1jaeeQimB0+uOUtafPE4l/Pt/25vH6LCD4x1UGmK9W0yM/E+MA/stLQXX4adXvDZoYYpXAZ8YCPdeZ1lFTkFssYws/VWtjC7wXOAPYFR6GMvxL/AOIuriayey1/wetlRUmWxV8kORkb6gPy9Fj7/wDD7riygvpJhUhu5w3Bx9ljLf1L1d020C1V0jI2/hOSCtbQfHiqiYBfaBjngYJi8mf81nn4+yPQyPktPY+cxZUC6XO2sb/F7VLE07eIWbZXXX621AMcsbR+W621H8Uejr9G14rI4D38YAAe2VDu/R3TF+zPSOgaXjOuCTAP5IFo5PiaGz1KSzGaaMrRs+UmFXbKyaJ2Mh0Mmn/JbywfHz4p9HkPNb/GaNmwpq93iDH/ADcrza49H3K1Pc+01jntbvpzkYVSy632gd4ldTl0fB2ylvxqt6RmetgvyTPrPo/+2B0dc3Cm6uoqmzTAYe7PiRg+3BxxxlezWHqnpvqanZW2C801bFIMgxuGfzHZfnWbl0/eh4Tixkp9dsFPprd1BYalt26SvM1HUxbh8D8OPsslvicesFrV1y6P0r+YlDNBflvodwgSQ0Mrg7T4UhP1xnBXxH0r/a2+InSU8VN1xQC6Uv0vld/eEeodjAPPK916H/tPfCrreWOilvkdluDxltNXuDAR/wDTPo/dcvUeNnDpDlqa/wBnuMX8RhA+XxVsbyCfOB/qpMdzo5cRzRmmfwRO3SCfYqhpK5+hlRR1IcwjLHxvy1w9iOUeWsdVDTWMZM09njK5dmma7Guz9F94EMjdQaxw9RghVtbYKafMkLfCefTgqEzxoCH22fw9O/hPJLSp8N8cSG1Ue2OR2KQ6Hjgv5v2Vr7PXUo8SGXUR2BTRcaiM6Jojkcq/hq6apdpa/BH9S7LQRu8zo2uz3wkTi4vkYrUysgvIAGh2kjsp9PdPGwHnKgz2KOVxfE4sJ9lENtuFO8ho1AcEIAuDTxvbJwQjZCyEdwnp3jxNTVbUd5jeA17s+u6jAlHb0Xen3QfDDsglJlVE9uWuBz7puR6qC2sgpI8cIOl7TlTCMpOaNOMKskcdwBtQ4bYUhtRkDjKjPjJOQhAOBzlXkmxFgACMgpuSgtl7YRfF1fmohbgh/iu9E7zEgEoJGe6Wr2V9luCJQdt9YTg485yoQO/KM14AUS5FOJNDyfq3Vbd+nbZeGltRTMHo9ow8H1yN1Ma4HOCniUDkJieCjCVtn6j6bdronmvpBvpJ/mgf6qTaepaC4xtdFUND+C3OCD6LaOdnhUN26btt2e6aeEMnPEsXldn39USfJB0bWyHVhrid8kJ5227eiz8kV/sWkSj5ynacB0Y84HuFZUN3pql2Gv3I4J3B9Cm7hUo5J4nFO4bYUstoa6HwqmNkzXDBDhlRgIZ2btyUOMeC4lgz7LRCxxEyi2VFytFysJNZ08109Oc66Tk+2lHtF7t18pmkSNjmP/CccOCu6WrxsdsqrvvSdLeB81RvFJWj6Z4xh3545W6nU4fItwfRFulhiq2bsGQOQvlv45/2Y477JNfekgynuLcufE7icen3H+q+l6HqOpoZ22XqendTVAy3xxvE8DuD+atqmjinjLJY2vadskZ3XofH+RtoluqZh1GnjdFwmuD8mqynrrXcH2TqKifRVkLi18b9yCPyVNdrZEzVU079J/pwv0R+N/8AZy6b+KFqle1gobwzzRVgbkH0DgF8J9Y/D7qv4d3N1j6rp/DczeKZwxHM31a78S+meK85VqcZ4Z4jynhJxhysp+zF0dxdCBFUEkA4B9FdNEhYJIJBgjP3VVVMpbhmOnIEzfTbKhxzV9slDJS4A9jwvXQ1CPnuq0OzLrXRpQ8Obh4GcIDoyCgxytkayQO2IUkyg7Obv91p3bkc5QkuxgdpRCdXBB/NClHGExmRyhayWCrbVS1LCTEGuxy3ZZOrpnQSuYQRg7Lc7EeyBU0NNVNxLE0n1ws1lKkjRTc4vDMIW4TSMd1aXK1yUUhIGWHgqvPC5ltO06tdqmuATSWuGCrKGQEAZVW7IOUaBxBGTssVtfs2VWutlw2QnlwRmEg8qvjfkDdTY3AgbrM0dymzKTJbTkIiixuBA3Rgdks3wtwOaSDkIudhqO6jJ+r3RxeOxnyD5hhiBDJnbHdSHtyFFAAkICcjPPsr7k0io1DuhNeXN3Uq6eWHOMlQWSeUYC2VPg85r1tsa/Yj9YKlR/SFHk7IrSB3WlHKnHI9J65kJSDUMK28ixzSE88KO0nOUZp2wmJ5CBycH7ITPqCLJuD9kAJQI6XshZCIeUOQ4KGUsDAiCeF0jCaBgqnyRcAZmnPCbE4nIUiYDAx2Cj5wEvGDRF5GvGX7lAqBjByuvJLuVx4yBkoJRyGKHkBWtHwVVxfUrSj4P2Rw4FWejrvqP3To+U131H7p0fKIUSoxnGVLj5CiRchS2EJi7M1qyTYI9eANzkL07puIR0fGMgLzq0M11LQRkbL1C2xhlEMDGWrbU8o4XkLP6CRKcAH0Vz0zT+JMJfVULiTyVrekoMR+Iey0xWTh3LFbNKwEbZ4VLeS2vutLbo8lzSHOx9+FcjA82dsqnsgbWdQVNURgt8g9sckIznQ5WTQXiY0FjMMRxjy+6kdOxMgtIMY3eMknklU/VTi5tLSgn+ZKFpY42U9KyBuwDQmJ5AslhgTn15U2MeFTHV6KIw6pmgjIypdTvHpHsiAznkVGHB3in8kSqdkAErrNLYw0HgKPUO3G6sWuyDcZHRwkg7nZSqNrY6NhDd3bkqsvMhzFEB9ZVg8hlIxmN2tyrY2SxjAOZ+XjBBSq6ptNRPPsgUhMrPEPuqvqitbSW+Rxd2OyFtIOEN8lE81u9UbpfMl2QCR9kCvYWtaFGtzjJXuf6klSatxdPgnYLyXk7/yPtP0zolCEIlvZmlsTThXsLDhV9ujAgYCMK0jOBwvm+unumz7l4+G2uKCMGFDq3F04GdgFNP0lygOcHTuIOdlxpcs7sOEFj5U2EcZUCEYdyrRgAaMKSWDVWFjA8UZ4wVwclcaCeOUPO5GEKCnLaZq+HMxwqUsHGVb3PzVTxlUVRKYZtGNl6HTLNSPAeTs26mTHuDgMg8d1a0NUKiIA4DmjBVbGfGaT3QYqh1HUh3YnBVuBkrtyaVh3xnCyXxR6Wbf7JrhiBqIcvDgN8LVU746lrZIzsOVLc2OaIwyNBBGN02mfxTUiX0x1MHCfTR8hYwS3O/8AmjDfhbD4o9KPsV5fVxs/lTO39ASsWASF7HS6pTgmfMdZpZaW51Mlxy6CMd1c2+rDmiI43WdZnVzwplPOWEb4911qLsM5V9e5GhkYPRATqSbxYw15yfVFfDpGR3XRUtyMOXBgsBcI9k5JEngmRYyk04cEktOo4yrDjLnJOp59OMlW9LUB+BtwqAMOxClUkjozg7oTrae79mjEbHNzz+ajTQtG+F2ik8VvKkPZjG6A6cJJ8lW9paUamnIeBhHng9uyiBpY47KjVB4L6jk1t3Iypg5VFQ1BBAdtlXkDw9oIUOlRPPBIHC6uDhdVo2BCAeU0gHgJzk1LQxLIF0Ift2VDcbe+CUv05aTstNoPZMdDqaQ7v7IMZFWVbjHPiwNLm7HsqGvoxTTa2t2ct3W27MZe1nHoqSppo52GJ7fz9EucDn6ipx7M3G3VthODnRny7FElhMDyzGQE0jKzWJmPO18F1abv9MFQ7H9JWjp52uHlIKwbH6HAgZV/aa7hpPZCmdTS6qS+yRqY5CVOhfloCqIJcgZ7qfHI3ABRnbqtRYsdxupLHDsVXsdngo7XDbdGa42InNcPUI4I0jdV7CdQ3UhhOAhlLA+uRLY5wdypUch22UBh7KXHwCqHrBLbIRgBFbIXH39VFDsIgf2woTsLNQ22rDXVdrpJnjbVJGCVSVvw66Qq5DNHbn073bnwpMNz9sK9jfkcIwOVEjO9NVLiUUzCVXwgtNQQae5Twj0I1f6hVVV8FqpoxQXeN5PaUEf6r1JqK0ZcFeDPZ4bR3/lDH+DxGt+DvV9PvAymqG/4JP8A0VBW/DbriAnNjlcB3aV9J+LoAGOUVtRg8IjDZ9LaSzptHyu/oXqxpw+wVm3OI/8A1RIuk+oWDSLHWkjt4X/qvq2Kr042UmOvAHH7KpSaM/8A8IaZv7ZNHyU7orrKo/uOnK0j/wCln/RAPwr68qjn+A1Df/DlfYLawE7p/jsHDcIZTcuxsfpCiK5mz5Fp/gn17MQG2iUZ/qbhXNF/Zz69q8eJDFG33K+ovHb3GUvmB2CBmqr6S0X9eWfPNu/suXSU5uNzp48dmuwT+61lt/sx2WnaPm68SHvh69cbVO9SnfME9lWEdKj6e0FHUM/5MlZ/g10TadA+V8XSNyRstjb7T0zZY2mgt0QlAxkNSEuRucJnl51fsrwjp16LTU/hBImmqBORDGwewS+aOCAOVEyUsn1RmmMVHhEkyOJzlP1DsowKeCMcqDEkFJynZwmJ2QoEdHKKCcIQ5RARhGEOHKK0jSNwoyJt/UpjJAiSZkJZCakN7DJJiRIHKNcdASe0MuEhNB5HdU9Z1BTwyGlo3fM1PAYzcD7p2GLdsV2WtRWQU41VDwxnJJVaTWXtzoKceBQDmQ7Od9kyhsNZWTitvj9QO7YB9I+4WhgjbC0MY0NaOGjgJigJlPPQyhoaWgiDKePBP1OPJUxhA7Jq6DhM2Ah0IuJ2JXCQELJJ2KJII7IXbbrjOTkp54UOrqaejjM9VMI428koxdliguQ8rtO3OVn731Fb7XqjdIJJT9EQ+p32H5qnu/WlTV1HyPT0BlaQQahx8oVDJi3SC43KXx6vseQD7I4R3HJ1WpUuEMnNVdK5tVcQ4NBJbHngK2pqfxsNY3S0bbKNR0lTXyBziRq8xPoFoKalZTgNaBwtEIbTk2T3MJS04Y1rWMxjlTAA0JjHADhRLjcIqWLU/wDIeqalkCctvY+uroqSIySEDHA9VjrrXT1z8ufhp4A7J9dUTVkviPdlvZueFGZEc5KYonN1d+Y7UAZT4wSOfdKciBmrIz6KTKWRN1OOMKte51TMXNyG+iOMTjTeBgc6V2pw57ImkNHC6GNYPsmGTY7JhmlLI1zgM7KOSSScIrn4PCGXs5Lf3Vozs7qUGtqhC3OQESrqvCWZq6p9eXMicTvj7IJPHAtvBIq691UPCY7PZTLfQNgiAaMk/UUCzULYyXyjJ7eysLjXQW+m1OIbsgzgTKSjyR7hW09spzPO8d8D1K82udzrL/WmCB5EQOHEf5It6u9Z1BWmCB5EYOCewClW+hipIwyNv3PqhlJyMN9u7g7S0DaNgazcnkqdG9xAGFzTqG+2EWMBo33VxiZf8nUkiugHKaE5HcAlODB6JDhNdJp7IRkcYO6fdCcS52AOE8Satsco9JACS8hAMjnIeipMDxZcewUrw87ByHqJwxox2T8iAebcndQ2xXA2b+Uwkc+iBFCC7WRuU/S6WXV2PZSMBjcY3CpvBXTBMa1uSeFmOpeoWMa6io378OcP8kbqDqGOFjqeB2XDY4PJWLke6Rxe45J3Wa230jLqNRn7IMETk5zlcXTuuLHJ5ZhGpJJDdCWJEjic4/TlEipnOLTjlWlHTiPA0jKtLJohHcct9uc1zXuAPseytnwsji8vITGnQAAOUVoOBnhFGBrSjEA2CUuBkbsVMZG1oGyQxjddMoAxpTksdl5R3hM1D0THTY5CEXdy7H3QzwLdiQSZ2BtuoNRXsgGTyoldcnMcWQuzjuqioqJZSTI7KRZZt6BlaS6y6yS5DHYCqS4vJLt02TJPK4w42wsUrHLsVJ7h/wDquYwu79guZPokgNpD0sgclInClW23uuD8aSADjIQKErpbIrkGc1BZZyiopa2Tw4x9zham22yKijHlGruVIo6CGjhbHG0Ajk45UjT7r0Wg8bGmKnPs5mov38IYAc5IRAlgdgiNXU2pcGKTbfJzDf6f3XMDsEUDC6rUQQSSckmBjUk5JQg1JJJQgxzUJzMYOeVITSMIJw3EIhbnup1FWSQkNL9kDw9uVHI0uBOyyzryVNKSNVT1jJgMOyVOBBGQVlKSoMRyrunqtQG6yzhgx2V4ZOBOrGchEHCDGQSDlGBACSKYRJcyF1GUbjBSRvKQgnlfniMT9ZbxiSSSbtZMjElzJPCXmV7WKycSSx6pYHqmYJk4QOUM8ohLccoZ5UwBk5gJYCSSJRZMjMBLAXVzIVqLKckkMwFwtHKdnfCScsi2m2CITXbDdGOCo7jumwbK2DCCTnCRaTyn4CR4T42OIudSkALPZBMTlKcMHC4QFohqJpmC/SQkQXRv7hB8yssNPZCMbDwFsr1K9nKt0b/pIWt3qh5KlmIZ2QjFsVpjZGXRinROAAjKYY0Qs34TdJRZEuOOwRYhyx8EBSMYXHAHlTskW49MjRvqYnAxSuafupsd1na0B4DiFGLfV37LujHdBKmMvyRuq1l9XUixgutM92meHTnuFIkpaWca4JGgn0KotXIQwXj6XkfYrLbpUvxR1tH5iyqWZ8l2+3TMbqaQ77KHJBK3Ic0hNprvV07dGvUBxlT29SU+B8xSjPchZJ6exej0un8zp7+HwyqczSck4TNZZu3GQr3NnrQJWuDS7shTWdhGqmIwVilppZ5R0oWwnzCRXwXe4wkaKmQAcAOKvbf8Rr/SSDxHtmA2GrkKqdZqpudlFkt1THyxZpaaD7NkL76/xkb6k+KbM/77ROcD/Rgq/pOt+nqwB3zYh9Q/kFeNyQvi2dkZ91wAA6uSk2aSv0a6vKXJ4me80t3tNadFLXwvd6asKdGWuzhwP2OV8+NrHw4Mbi09iDhTKPqS80sokirpQB21FZbNJL+k3Q8nCXZ7wYjnOD+i65jcDsvI6b4i32HBkn1gdirmj+KkmAKyljOOSBusj01ieWaoa2uS7PQ2MB57LkkY22WRp/iVZ5NnwzNJ9tlaUvXPT9Tsakx/8wUdckMV1c/ZcOaBjfK45rNhshQXuxVQHh17DntlTGR0coDmOBz3DkDjLIWV6ONZKWBrXkD2T2yXWEg01bLn3dsnfw+Q7xVUjfz2Q3QXCLZszZR7IHFvsaiVFe79Af55jnZjjO6X+0xYcVdodIP8Jz/moBmqoz56ZzvXSuNrmA4kgmaf+VCNXRZ/xrpmqGKy1Obn+qMJgtXQNy5bTxE+nlKiNrKKUYeB/wCIJrqS2EF/hR/lhFuZWxEiT4edFVe8FZgn+mfH7Y3UGf4Q2twzTXANzxl2VIba4Hbsy3/lXG26Vjsw1tQCO2solY0RVopqr4Q1bDmjuFOfuoMvwx6mhB8N9LL7B61zH3Wm+ireQP6jnKPBeru06XiMe+FfyyfYToi+zzyforrGkdk0QeP8BygPt1+pd57RUbd9K9R/jtbkZeN04XWocQXAOV/KD8aXCPLRVTQECspJYQe7monz9KDh0mPuF6j86XjBY1gPOAFFlobLUDE9FTP9cxN/6KvkJsPO2VtE7iobn0Utrw9mG4IC2EnTXSk+77cxp9WbKLN0V068fyH1kB7Fk2P8yp8mSnXJ9GZLD6ZQ5IGn6mAq9k6I0HNHfagD0kax3+ijTdJX1m8F4p5PZ7dP+QVuxoT8bKV9rgcP7nBUF9njJ2Oc9vRaL+BdU0+f5dLOBzol3/8AqiotQy8M2ns85x3YGO/+9RfIynVu7KQ2gAf3W3qo5tMOfoV8KqAEsnhqYnDkPgcMfsutloHY/wB5jBPYndH8pfwQ/RQOs0P9KDJY4CM5x+S02iA/TIw59HJvyTHjLfdH8oM9NB+jJuscQOzimvsz3jYE4Wr/AIeP6c/mkKHHAx+aKOocehf8SD9GRFBVsOAxM+WrG7mP91sf4e87gj7JhoXEY0gK/wCS32B/ES6MiG1OcGI7e6KwnGCOFpjay7cED8k3+Eu9G/og+Zk/jMz+oehTmk+ivDaJP+7b+iI20P7xN/RT5mT+M0Z/WO6eHwkf3m6vf4SwjemCH/A485+XCnzML+PPBTtI3wQUTxA3YY3Vr/BdsCH90z/Z+TO1KcH/ABKfMwPis/RAa/UM7JaxxkKzHT8uP7gj803/AGdnU+UnxWfor/N6JmXKyFgkH45PtqRRYZf6MqvlJ8Vn6KfV7omT6qxFhlP4NvVF/gQPLlPlIqrP0VWpvoP1Tdft+6t/4E3+tE/gUZ/EP0U+UP8AjTKTWfT913LudKu/4HH6pCxRjcyyfqp8pf8AFmUWty74j/6j+qvP4PD/AN24/cJwsbOzQPyU+Un8eRSieYtxyutLu4/dXAssmTpxhN/g84O2lT5SfxplUc9ynZPqrF1kqycMaCnf7PVxHAQyvaJ/GmVmfdLc7ZVh/s5X5A2/Mo46VuxGf5OP+ZLd7kT+NMqQzO+36p4aB6fqrL/ZW4g4dLF/5k8dJ1+MmeL8iorMlrTTKrLfZPwDxhXEXSMryPEqGk+ynR9ExuAM1Q4f8pKGVjiPWnngzjHb7kfqjgsPBH6rRxdG0LPrke7HupcPTNshwfD1/wDMg+UtaafsygeBxupEEcsgyyNx+y2EdotsYwKRmfsiNhp2DDIGjTxgYU+UctP+zKspatxwylkOe+FKhtFa/d7NIK0Xihh0tbgLj5zgEbFC5bmMVeCqitBGNY4Uj+GwNwcI76mY/i2+ya6TTzujQUYo4KanaMaE4Rxt3AC5uSlqjAy+TCEaorHIQS48oCWSd8qMamnafrP6JNq3csbn7hQEluySniPbPCiCqrHNwIogPXG6b/Ped5QPYBQsmEtj4wUz5rsAELTtl5QnVlvphl8uCqISRIXcNwnbkHZVVR1Fb4vLGdR9lDk6lqjtBCAP8YSm8FmhDHOKfpZG3MjgB91lJLleKlulr2xD/AMFMbHV1ADJp3uA91STYWUad9ztsH11AVbUdUUMbyIWvd7+qhMsks2CWE+nKm0/Slc7BDMD7KYZeCJP1TVuGmBuke6gS3K5VvkdM7fsNlrKfouofgSMBH2VnTdGU7ceJ+eyv42xZ554FfLgF7iPdyOyy1LsHAyvTIel7ZERqZkqwhtFqjwfA3Vqp+wZSweWwdOVcpDdPPsrODoircQfl+V6RHTUMJ2hCc+qpmYAdx2TFVgH5DEQdBygAyRgKzpeiYCR40ey0wrAcEbhBnuEjQBGicMgSnL+kgwdLW+Ag/Lh2FMFsoYWjRC1hCim5VRJ82FCnqw06p5y3PdWoAubf5MtddLEN9IH2Xf4nSs2aQT+ixtx656Ytur5q5scRwGnOVQzfFmwN/7LTzTO/wCTdX8eQJXQjxk9OdXBwJaP2UZ1XUE/VsV5VVfFK7VHltFrcPeVuAoM3VXXVa0FktLFntxhF8QPy56PXpJy0AvOyjvuVFCDmdpwMndeTh/UVYB83e35xuGEgJv8KbJj5qeSc8+Z2d1Wwr5WemTdVWSDzSXGDHs5QZ/iHYYwRCZZnDswLER2agwNUKkRUtHT6cta0HYE4VYLVj9MvZviK2V2KS11Y9y1Rn9a36Qf7vQk+msKH8xRxAAzNGE0Xa2x4/3kk+mFeGT5JPtkl196wnbqzDED2A3CWu9zgOqbnJk8gdlFf1BRt2BLk11+a9pNNA55H5JiryC7ILtkz+GyTHVU1tQ8jtqSbbKYOHlOfUqF/E7nJjRDhJrrtIf5smkH0TI0CnevXJcMoY2DysAT2ho21DIVWKaZwzLVTZ9A5dLWAfzXbDuStNemb6M9mrjD82WbpoY8ZeN11socMg7LO116tFvway4ws9Bq3Kqar4n9N0jdLHzTY28oW6rx9svRy9T5vSVfnI2r9JIJISc1pxhea1fxdpQP/d1A+WT0e1V8nxL6xrTiitcEYPq3P+i3V+KtZxNT9TaKH9R6uW8brmn3Xj0/VPxPqyBDLDAD/QxRHRfEmrOai+ua086XZWurxFrZy7frDRx/FNnthAAySAPdRZrlbKf+/uNOzHq7heNHprqCoGusv87iPWTZRx0tbGjXXV7HHJDiTvnK2R8HY3ycy/63ohzFHrlT1h03SnzXmmJHI1KDL8TOkYAc1sj/AP6WzUvMv4F0Y0fza5hI/wDohTPC6KpvLHNJIfRmStUPAt+jkaj/AMRIw4ikehv+L3S+cQw18p9oMf6qLUfGWjb5aWx17wfVuP8ARYmK5dMQkeHQVrz6hiL/ABakBBprdVge7E+PgX+jlXf+JM/6Wkah3xZqZRmDp6paf8Tx/wBFHHxLvDnHTY3M/NUzbxUFv8uhm/8AFG3/AKLjrjeZCPCoox7luE1eA/sc+3/xEtb/ADLo/EHqdxyy1PASHXnWJG1EQPsFSfM9UH6RTAendNMvU7gchn5BHH6f3ehMv/EO7H5l1/tx1aRvGB+SC7q/qk7F7R/4VUiLqJ7hrLR9gnCjveMueE2P09t9GWX/AIh3v+ssW9SdTSHL6ho/Jc/2jvXDqk/ooHyV3HLgnC23N3JCP/gC/Rnn/wCIGq/pkTD1Bd8f9qKGb/eM/wDaSgNtFyJ+oIos9xx9QV/8A/sKf/iDq/bHf7Q3bvOf1Tv9o7r2qHZ+6H/BqzvhIWaqzg4Cn/AF/wApX/8AEDU+go6mvOd6kkDsUUdWXRg3kzhBFiqCM6ghustVjsp/8Px9RKf/AIh6qPth3da3Nuw3TP8Abu4nd0ef0UOWyVOeyELHVY4H6Kf8A/sRf+I+uT4ky3Z8Qm40zUGT3IK6zruhJyaR4/MKid09VPKYenKsDOf2QS+nt3ofH/xL1sfywzTDre2cSRvblHb1XZn/APFf+ixzrFVYIwP0QjY6vPH7JE/p7HGDVX/4n3f1wN7HfrTKPLVNb/zHCK2426c4ZVMJ9ivPv4RVNByM7IH8NrQcDI/NZZ/T8o9I21f+JUJv744PTWyxPHkkaR912YagMLzJ0d0hI0TP/J5RY7hfmgATvwP8RSZeFtj0dGr/AMQ9LPvJ6EGuHcpjyY98LCx326wnD3vOFJb1TWAYc1xwlvxNxsh9baS3jcazxsHBb+oUeeCmnJJaGu9QqCLqXWAXnHqCpAv1AcfzTlCvHzh+Rpj9S6WzqZMloJMZjcDj1PKikTRHDmlTIa+KVgdG4OB908SscMnCGWla5wHHy9NnUiJ8wSME4KPS3K405AjI0+h3XXfLyAN0g/kmmMRbsQPTNmmHk4rqRaNuLKhobVwaM/iCjVVLHnXHI1zTwoXzb+H8BM+fhyAJCD9kK0bXQ1+Vrl+TFVRluNuFVVVHTVIPiQjKtjO2UAeIHBCkgZjIKH4nF8ip66qfszVVbY2bRN4UN4uNNvTzFn2K1D4Ac5bnKgy0rs7NRfApivnWcwZT0/VHUFE8D5mXA9XEgq0p/iBUH+XcqKKeP0xpP6oRpgceQfmMpj7fBO3S+MD3ARLTVrpElr7Y9MdUVvTF2k/lxGklO4cNguR01VTuElrupMjfw69iq2p6fyNUDwSOxQo7fcYCJI3OafuhlpIT7RF5OS/M0EnVDWtFLfqAOadi/TkFQKjpjpa9DxLFWNpqgnIY52Bn2UB9RXN/7ZEJWHkEZQnPpj9FOI/sEqWijjhBPykZ9s0Fl60+LnwzmMtk6lq442naMOMsTh6Bn+uV7T0T/bjrKYQ0fX/TbZMAiSpoxod99B5/UL57juNdC8PbMZG/0uOf80R76Ou/7XTtDnbktGCFztR4mq3844G1+UlD8Z5P0H6F+OXww+IdPHN011VT+LIM/LVQMEzT6Fru63q/K2usMb/PSSA57E4XoPRf9ob4w/D6Bltor3/Frcz6qK5YqWZ/wkjLVxtT4PH+0bqvNV9WH6I50jPCcy81ULdAcSBxlfOXQn9sfoa+QR0/WtHUdOVWzXPP8ynz/wA2xaOPVe4Wu92i+0cdysV1pLjRyjMc9NKHscPuuLqPFTqf+ojqUa+q78JGto71FMA2byu9VYsljkGWPB/NYx26a2qnidqikc0hcu/SRXETdDVpdmympKedpZJE06t+FWz9PxuH8iQxn1VfR9RSRkNqBkeoVzTXemqAMPA/NYJ6ayPo1K+Fi4KsU94oJdMY8RvY5U+lvGT4dTE6Nw5yFZBzHDOQQk4U7zgBrj7hJaa7GppDoqiJ4y14OfdSNWrsq99LCHZbluewK7GZ4T5X6me/ZDJZLfJO0AoXhj0SbKzbUcZRQ5p7qYYtxYHShklqlBme6E6IuxtlQr/Jxj8jOOUQ7oIYW57pzJMnGMKi30LBG6GJHZ3ClaAWoLmY4Cv/AAKaCMmOBkouvJ2UMkk4RY3HByo3wBKOSSJ+yfkFRhKAcYTtQLcqlPnAOAxaDsVVXHpyjqz4sLRDLzqbtk+6tWkYzldyE2MymjKyC5214bOS5nAcEanusWrTLvnuOy0UrGyMLXtBGO4VLcLMx7DJStDZAc+mU6E8gEjGQHxEEHcFSKerLCGyNKoIaust5EVRE4Nz9WMt/VWbJoatgLHgO+6epElFMmXW00V/onUlW3Ux2+Vhalt6+H4Bcx1faD5MasOh9DxwtnDPNSO8xLmHsrJvy1XFuGua4bgrVTqZVvszyhnhmeoK+3XmkFVbqhszHDJHcexWU+JPwm6U+JnTlTY77RNlDml0LxgOjfjYgqT1F0nX9Hzuv3Rxe6B7iZ6ADOc/0/8AzFM6b6pt3UdJ4lHMBVN3lpifOwevuu/pdanynyZrtMpR2vo/NL41fADqz4KXUVzqeeqtUriIp8dgvPnzwX2lDoXASAcHnK/Xa/WS0dU2qe0XijbUU9Q3Q9jxkaTzt6r4J/tBf2R+oehqmp6q+Huu5W3xNclHGwtfCD6nfLfyX0Hw/nn+GpfP7PG+V8Fj79Mvt9r/AO6Pm2OqnoneE9py0q6ZUsqWipi4Iw5vdpVNWPbXHUGhjwP1QKOrmpH5H5jsV7qi9WLg+d67RfFPajTRVDX7ZBxynPIBBCqHGVgFXCfI8ZIHZSqapEjA4bkcjK1KxM5Eq/aJYkPBCe1yj+IJCBjCIDpwm9i2sdnZ4Y6hhjeAQf2WYuVskpZC5oy075WpDsjKa7w5W6JGAg7bhJtqU44GV3Sq6MK5vuufTvlWdztstHK54GYnHII7KteM4XKvqaOzXONkE0wlPLk7nGFYRSbBVDQQdipdPJjAK59sP0dTTX4WGWrHnbdHaVCiIPJUlhyFmUcHXrmmg5IxymZOVzJ9UIjvlEPyTGOznKAdpCfdNbJ7JsryCMBGiwVyGqBVbPpareoGqmdkbqlAwcLXUee8osSDg5XclNanLXGWDj5HNcSQM5RRwgs+oIoIwrF+jiemLpIwmII6UA8n7rrydRGU3OEsEeeEAkZ5RnfSfsomTqSZ9jYxyGauEYSZx90nHCtEfBw7g/ZRTypR4P2KiO7pdjHVgJeQmvzgYT3/AFFNPCEYOp/qCtabhVUGzgrSmIwmQF2egq7HyFxdj5CaKl0SGcI7C7nCDDyFLiaHYyrSyzPY8Gl6TgZNVDWM7hejgCOANYMDCxHRVG4yGTGwW4efLhbqlhHl9dPNgAcheg2anZHb2aG4yMkrB0sRmnZGO5XoVKfBp44McBbqzlXPcsBKg+HSTOzvpTekqTwqZ1RKzEjyXZUe8yaaFzBy/YKwoGvpLWHuO4bn9lO0Y+lggSSSV3U0bXO8kG4b2ytTUOIA3xnZZXpdnjVMtdJkvMhG/otLVuyGkbKJCbeJYC027xnfClTFzpA1vdRqEYKMCck5TELyFedLcNKhyPOob91IJPJUJ7sSGQjZTBceWVM8rqm9iIu8kQGysri8uDYWEef/ACVPa2ma6VNSfpLuVZ5NRWa+Wt2CsbL0SYQ2KJrcYwO6wPxBugbCYAd3nAW5qpWtwc7Lx7q+ujrbu9sTjpZ5eVk1b2Q3G/xtHz6iMRljjYIJJsZd6rtMzxqtuvfzZKM1vytEGMGCQCUyzu8Su0FvvleE8ve1Bn6B+ndFt2mqha1rQGjClx8hRoxgAFSWdl4a+e5cn1jTQwkPkOIJD6KqYSckqbWSaIXe6gxDI5XPxlnRzgmQDBU+Np08KBTjcBWjANI2QTwPgEpgHTgHuEFwALxn1Uqk/vwfZRpC3XJ9yii8EtMhcHH5p6p6t2XF+N1b3EE1MmPdVEgySF6DS/7SPnPl2/nkgMNS5jxpCsqmjZPHloGSAdlWFg/CpVpq3NkNNM7I7ZTZrKMFFqT2yH22tdQTmKbOh22fRaKOTUA9hyOQVRV1EHZe0KXZa5gZ8vMd+As7fJ0VPHRX/EPptnUNje9jMyxt9N8r5slZJT1ElNIzDo3Fp/JfXrCHDBGR3Xz38XOmv4FfXV0EQEFSdQxwMrueO1OMQZ5b6h0Xyf8AzEFz7MKDuCjMdjBCCxwduiZ0tyvTVzweKaz2WNHWOa4cK9ge2aPndZOOQ6hhW1DVFuM5XR092XhmK2rLyiylaWnYcpiMD4rckJh2OF0P7mfGOBJDlJIcqETwSGDIUhoDRsFHjIIwpTOVZsolkfBVSwvGk4CuqWo8do9e6pTFrbkBOpq00MwLwSx2xHogOpTY0y+cwO2O6iT02kZCm07mVDA+NwIKdLGCNwlYOjCSkipGqJ+QOFbW+rDmD1HOVEmpu4ahMc6A7cqdGuie2WTSMk1AYCeolDO18TSd9sKaDkZVo6kLEx6ehtRByrNBzASwEVn0hdS8kBsjAVXcbMJyZaYhrj+E91c4KWChfJcoRn+R5xc6GWN7tTMEfuq/GBuvTqmhpqtpbLGCfXG6x136dnp5XOhaXN52CTOGTkarSyj98TPEYOE1skzJGPY/Gnt6p7wQ4gjCGWkrLODjyZYtpmltN2bI4Nkdzt9ir5lRkjcFedQvlp5RIw/+q0luurZdPiHAO32VJtnV02paWGa6KbVjJCktlOASqimmBAwf3U6OXYZTMnTqvyWUcgH5o7HjKrA/HB591Ijl3+yhthYWkb89lJjkOMYVdFJ9PO+VJjfkDblQ1RmT2u9kUHKhsfjsjteOVDQnglNR27AqI13sjCQD2RxwGkSGv3wieIFHa4EHfCTQQec5RYGRjkljDgN0Q78KKx42GUVpG26EYqyQMjgojHHbdCGMYKIzAUckxigSBI4d0RrjnlRkQcpUntfA3YTA7blLV7hABOkbpAkd1XZcYkkE55RGnjJUdPyVMDdhKa4gbFd1n+pRtXukHY7qyiWu6vZAEucDCeJfZEElkeDg5Cc1ztQ3TNTexTgR6qBJZJIO25XdXug59Cug77lTDD2h8+ifkoDSMcp+oJiTZWAv0ruS7uhDB78JwcCcApqjgg8ZHddyUxDkkYxpkke1rRyXHZGlkFyUeWSw/Dcnj1UStuNNSR+LUTCMdu5KqJ+phNO6hs9O6ec/jLMxNRaHppksrK+6zGpqRvpyfDb9mp0azNO2MuEChnvN+eYog6lphzIdnuH+FXlnsVttjD4cJdI7dz3HJJUmNuNOloaBxhTWxjAwnqKQpxcuRxGFxJcJwiCHrucKO6cNOMJrpwRkgIwm1HskSHOMEFClqaamGqolawepOyzdy6yoqKT5ejArKk7CKN3+uFVGxX/qqcf7RStiohu2niGD+Z78KCp3LqJZ3jryKKpbQ2OjmuE52IjADP8AzH/oq2Dpe+Xc/OdSXFw1btpozhg+4Wuttjt1phbFRUzGBoxqxufzRayVkNO6Z52bklWlkxXOXbZRTw0Voo3uZDHGyNvYcrNUduluVT89WHyk5jjPb3VhUyyXeq8R7j4DD5WcZ9yptPEBgNGMLXCODmXyyHpadsLSRjdEOyQ2GFFqagQ88JiWTNKW0dVVsUDHOc4bLN1lRJVSa3nbsE6tmM8pIzgIQGeU2MTnam7IMj9kN7wMHjCPJ9KrZ3awWjZMSyzl2zb7AVMr55NPZOy2NuAEgxNlGcJkVwYpPLGOeTlBPdEOwQiQdsoBTHOIAO44UConETS4nYJ9TL4QL85AWfrK2atm8KmyGn6lG8GWctpGqaqqr6hzQ8hvCsaa0tjjaGEDbJ91yCmaGNa1uMcqe+oZDES/bAAQiJSysgamrpbZTeLIQNI29yvOLzeK3qCtdS0ryIwcOcO3spXU9/nvVcLfbc6WbOd2CdQ0EVBCI2jLju53qUMlkw6i79DqGhgoowxrQXDkqZpHOMIbchGUUTA5uQkkl0NJKIJPI9o3T8jGccJpcGAErnYq3yNS9idMBthCk8zgB3XHEFxwixR8ZCoYvuYSCHU4ZCsGMAaGMGPVR4m44CnxsDGanjlAaq4YGta2HzO3KE8md+cbFceTI/ClRRtDQ4jChoSGRRhg1O+6oOor9HAHshdjIwjdRX+OkjdDE/B7lYaepfUyGSR2c8LNbZ6Ml965hBgJpnyPMj99RyuB2puV1xBwuZwCscpZMOGCPK4unlcQEYkWOFzzjH/olFGXEbcq1pbdIcHhHGGQ4wlJ8HKKnLnsbj6eVZiBoGRsnNYynjDQ1c8XP4U6McD0/j7FsOURso2ACCN0UMDfMUeEW7B4Oy4SAMoc08cQ85xhVFTcNRLYif1SpyURcrfRNq6yONpw7fgYVLVVc78DWcexTZXOe7W47rgAdgErNOeRLsbBeZ253SdSzTf3bMqdDTuHn0ZwniaWM4iw38ktx3dguzJWMtdW47swiiy1J7hThU1JP95z7IjKetcdWXEn0VOmP6Bc2+iFHY6j2Qqm2iljLppA30HqrOYzUzdU0hGRtkqHT0M10mdJMT4YPBUVG57a1yRWpLkh26imuE4iiacd3HjC2lJQw0UTY4wMgYJQ6SkipYmshZjHJ9VKaCNiuxovHOnFk+zDffv4R1JFSXWwZW8jV0A5TwMLuD6IXlAylgcOF1JJGUnkSSSSJLJBJJJIvjIMST0lXxkB6vZMcjoQOOyqUcBg9OO/KBLEXkFoUzOdkN0eUmcCEdvlOcqfSTluMYUKRpJBSjlMeFlnWVKKZoqeo1AKSH68BUdNUceysYpg4BYpxwzLOBYNcSMkp6jtwQBlFShDWDft1/0n9E4tcOQV5yzq/qMHerafyRx1le8eeRrvuF8ll9NauHTR9zh9f+Nl+Skv+hvCAByhl5I2CxI6yuh+psf5BPb1jXtIxG0lV/8AD+qj6Gf/AB54t8Zf/Y2JLs8FMc4YIWVHWddjeJh9gm/7Zzd6CQ/kp/wLVfoOP1p4uf8AX/5GoLjnYLmp3osx/tlJybfJ+iX+2sXejl/8qn/AtV+gv/jDxf8A+k/8n/7Gn1O9FzJ9Fmf9tYv/AJDl/wDKketYj/8ACS/+VT/geq/Rf/xh4z/9J/6/+xo9XskXY7LNnrCPn5aX/wAqX+10feml/wDKi/4NqV3EOP1Z46f42I0LpsbYXNRwVQN6spT9ULwiN6qtx2w8fdDLxV0e0W/qfQS6mi4MmHYwueOcY0qo/wBpbcd9Tkhf7aTjxCh/4bb7QxfUWl/pmi2MxacEJrpOMBV/8at7xkSYTv4tRPO0mEL0U4jF53Tv2ThJjtyk6UY4UU3CkeNpWphqqfG0gKv+NNF/8XpfRKJyc5C4SD3UQ1URP1Fc+ai/qKONLXDKl5OqRJLe+Uw54/1QvmI/6ktQ7O/daI04Ey1kGPLUItx3XfE9x+qH4je/+aaoYMs9TF9nQzJ5yu+CAAgmqiaQA7Kd85CRjVumcinZU+zvgA8FBnhIHCd45bu1PZVDP845Rxk4gqNMuiA5kmfpQ9fsrTxaU7ldPyBG+yJXekX8K9MqfEBzsnAZ7qVMygO7Tuob3MGQ3hFjcD+B049Vzy98IZeAeVwuz3QSi2WrsBR5d2lFguFVCdpMj0UMOHqk9w5SpVKXY2GrnW/tZdw32RuPFGrHupzLvRzAeL5P3WTMgdsDwkJXEgEcJM9HCXR3tH5y+rGWbEx0VSzHkc13HquOs1OW5YBlZiCodEQ5pIOCpdPfKmGTzOOAsVmja6R3qPNQsf3ljN08JjnGnHZRp+n6qFhdG4P9keLqXDvM3IKn098pJzpdlufVZHpps6MdbRauGZqWhr2Y/wB3chObNEQZIyMLasqqSV2lkjCfdPdBA8eaJpB9kidLgaq5xn0zEx1LgMEI0dYB2GVqZbRQyf8Aw7R+Siy9MW+Zh2LSOC1IdSY9ZXRUR1/dr9P2OFJhv1wpyPBrJW4/xlcm6YbG3MMpcR2JUY2OsA8pz7JDoWeBkL7P2XdL1x1BTkaK97h6F2VeUfxPu8LQJGRv/JYGS03KM/3WR7FCa6phcWyRPJHIwlvSjo6qyPs9Yg+KtJsKyhc09y0q1pviJ03UAeLK6PP9S8RfcIwBqYcrsdxgJAASXpmOWvsR71H1D0vXDDa+n+xOCjRx2idwNNKHE/0SLwWOZjsOaAM+ilMqqmP+7qJG/ZxQ/APh5J/1nu4tzHbw1dS3P9L0RkdyiADKhpx3eNyvEqbqXqGlGmnvFQxp5GvlWNP8QepqQgitEv8AzjKB0sevJ1vjB69ruuMOMDgPfddjmn/HTPd/yDK8vh+LF/YMS08Dvs0K0p/jDTtaBVWZ4cBu5k2AfywluuUezRDXUy7ZvjVsBAkp5mn/ABwf9An6sjPhg/clqx1N8XunJvLUCeM/qrCn+JvSEp8t0ax3+NpGP2QbGPjdVLqRog94B3iH3cU1s8ZfpaQSFXQdY9OVZAbeaNw9CcH/ACU9slqrWB9K4SA92nYqbGW7a10yXG5rxgAbJzm59vyUYUkWDpe9uPQpeBJjapf6b7qtjGxkpLgkYxsAlod6KKG3IbRVUZ/52b/sFz5i4wf3sDJP+V2ELWAtvvBLx2PdOAOOFC/idSw5dbZ9v6Qx2UVl+t0jNUsc9MRsfGZp3VYyC4pchjHGT/Mja4e4ygy2iyVmBJQU5PswBJl1tc+BDcac57a1N8BrwHAjHqiWUC8Mr39J9Pyt3pA0+rThRHdEWrVmGpqY/QNkV62Jx7pFrmkYOCO6ptovajPO6Qq2A+BXggca27qOem707PlpXDty0lakurG48M6gntqKr8cQKvfIHYjHOsd4gPnpWOH+FyF8nVtPnoZW474W4+Ymx5o12OqhecTQuH5g/wCSH5WX8ZiREGjDoH5/5UtLG76R+i3P/uw/VTPP5Lj4rMBvbpCT7t/6qfKytiRh9cYOC1uPsiNnpjnLmj7hbEw2XO1vkH5MP+aXg2Ugg0En/ljU+Vk2Ix+ulIz40P2XNcXYNP5LXGishOfkX/8AljSNDZSMGjk/SNT5WU1gyIfH2a39EnYOPMAtZ/CrM45bSyD/AOX2Xf4RaT/8O9T5WCZQOA7j9U44I7fmtObVawdqV5/NP/hVs/8AkR36qfKyGTdJp28KPf2XMZIOwx6LWfw23A4EH7pwtlCDvAp8rIZTGBxlBw3P91J+i2gt1AP+AE/5Kg48EK/mZDFhgxnQfzCWgf0fstw2kpQA1rI8dshO/h9Kdz8uFXyMMwwjJ2DSnilqDu2LK23g2+AgudTn7JOrLLEPO6P8gr3sLKMT8jcXOGmnBRmWy5Y3pFqzfbFTnLZAT7Bck6ytELfJT1Eh/wALMqb2AZllluUh8tKVIh6YuhwTT7q2d1zT5/kWWud6Hw9k3/be6yjTT2KQehc3CFzyHkht6XuWwc1jP+YqQzpetA3kZumvv/VtUfJRQsHbIGQhj/bSq/8Aj6aAe3Kjky1NIknpSbbx5AP1Th0vTRjLquQfmoYtHUcufm+qQ0f0tdsmnplz96vqoO9hIqL3ZJjrTaYP76qzj1KE99hp/pqQT91GPS9iyPmrxVS4/peSn/wPo+EeYVUp9ySrTaLyhj7vZWbCpjH6IBv1tPFU38lLFs6WBzFbHP8AdwKeKW0s/urVAzHfGVG89kyV38doz9LifsFFn6iEbtLaOZ4/whXfiUkefCihj/5GbpgqaZhJ0NJ+yoKXJSO6jqXjTFZ6pxP+FNZV3x+SLVOAfVXbri0ZxG3bjAAQjeX8dlAcoro23eUjXTPZ91INtriAZJi0eyU16dxlRJbpq5lcB91BmUSBR6T5qqQn77IunDcaj+u6rv4jDjebJ+6G+6ZBMQJI90zbkHJOfAXH+9lGPQpCNrNsH7lVTrhcnnETMBIUl4rfKZNI5VqLBlLJal1O0Zle0IEt3tcGS6Y59gozOmLhUYDnPePbKsqbo2Rwb42gY7HlTaVkq5OoY86qeF7x+ijPvNzm8sVP4YWwpOkaZhHitYQPRWcdgt0YAEIOEewvKPOflL3XkATyMB/pVhTdHXGQZlD5M/1FehR00MLQ2ONoA9kZp0+6vYTKMRQ9CTOf/NY1o9SreHoqKMgyPaWj0Woa7bdOyDwVXxpkyUlP0zbWjBjzhT2Wm3RNDW0rNvZTAMJEdjsrUEibgTY6dgDRC0AceUJ7wANsDCjy1FNCMzStaDwSVBquo7JTDMtxhGOwcq2BOSRbCdw2XA477rJ1XxD6fgcGMkkmzzoGVR13xeaxzm2yyyyEcGQYBR7Bblg9KbqJznKfhzec/ovGqn4oda1Lh8pR0tMz7bqhr7/13difGv8AJA3sIjp/VFGtsRZZg96qLhS0/wD2mpjiHq44WaufxM6MtLiHXamqCOfD3IXiknTk9Y0Or6yZ8h3LgTv90+DpWhibifwgB3dyU9UvBmlqZLhHoF1+PFmjkMVooZ6k48pxpB/Yqgn+L/V1ycY6GxtiH9T3Yx+26qALPRgMLmEtGwa3Kcbs0HFLQyEjgkYTIafcJd837FV3f4g36Pwaitmp43E5bC7Gfuo9L0ncHnNxr6ksxkl0pUpr75UHYiBp4THW2vkdmsuTiz0LiAj/AIhHekuR8Nl6doXmWWrZI7/6NIXfsi/xDp+ldmF8Jd/gao/8NsEWHVlZE8+mpB+f6ZgmxSwOkLdtWjZXHSiHqIosTf6RgxBTSvzxhmyX8auD9obTgepagMvETv8As9vmd7hiOypus5Aji8If4wnLSf2AeuS4TOOrb1IfLTRxg+gTHMvjsYm0fkpUcN/l/HTD7jdH/g14kxrq2Y9ijjoYy7Qmerl6IbLdc58eJc3t9d0eOyQNAdUXcvBHD37KYzpppx8xXyau414RJqPpyjZpqamJxHPn3z7p0fHx/Rkn5FVfnLBFNNaowMz6/cFJkloicHCMu9gnu6h6Oow2KUeIBwGDKhS/EWz0jz/DrBISPple0f5LXX4hz6Rhv+o9LQvumXDJ6d4Aisk7sf4URzpwWmCyzsI4yMLLn4kdSTkmjbT049fCyVBqL31NcSHVV3lc49xsPyC31+ClL0cHVfWumj+HJr6i61VKMyWyT8sKpq+rbqARR2Zzsf1DKz5Zcz55LtM71DnJpmfHjVentJ7B2F0qPp5P8kef1n13OL+x4LOpvHVFZBp8aKj1ciNu/wCZVFWWq5VRb/EL3I0MzjD9OM//ADE+praUYNTemH0/m7qudUdIADXMHEf0jK7Gm8HXV6weT1v1hZPuxv8A6khtp6bp/wD54V8LjyDrOT9z3SNd0hSYbCyWocc4ELC//LhQTc+ng7FJTPlx/TH/AOqPDdSD/udgqHE98Y/0W+PjK4nm9V9XWy4jz/1CDqClgcDbulJpSfxSDQB+oKX8d6gecxWmki9NTsf5FOM99qSDDZZ2+zhsUaG09WTka6CBrTx6rTDx1ZwdT9R32dNL/qV9TP1XUnX8zDET2Y3YKM23dRTu/wB6vc8YP/duwtMzpXqCobplfHGO+DhFb0TUNIM12d7+bOFphoq4LhHJu8xfN82P/oZgWAE5q7xWzE/1zED9k51hsbSHTTB+wBHiE8LUf7LWlg/3m9Ru9g9dZaemKc5fVMfj/Gnx00H6MVmtsnzukzNC3dLNGPCZn13RIaex07tdPTtLvTStKD0rFgaad2O/JRf4p0vAQ6FkeR6MV/x1H8RP8pvtNmc+Z0nFPbCR66AutkuLyBDbT+YWlbf7aN47e+THoxcHUjCdMdmqyP8A6WmKANk5v0UTKS+S4HyrG5UltkvLhh3gjPoVbC81EuPCstX/AOVFbVXNwy21Sgn1RqADsZTDpu6Hdz2jKMzpu443mCts35+C2jA9iU5h6l4FLErVQv5peirb03V5/mPB/NFHTM7scHH+JWopuppMDwYRn2ThbOohufD39lahgnyyRW/7OSnGR+pRW9Ov32P6qeLZfncuCK20X0/i/dGA7JP2Vf8AApW7/wCqcLIcby4KsTZ7u/Ac8/qiCw3MD6leBcpzXTKh1jceJv1Tf4HIP+KP1V1/A7sO37rv8Fujd8qYK+af7KYWSbs9EFnq8btB/NW4td6A+3shmhvbfqZ+6mAo3SxyVhs055aE5tnmb+AH8lYeFd24HgkpabuN/lyVMEd7IQtbwP7sfom/w2Qj+7b+isBWStGmWBwcOchdNfE3+8aR+SGUMkjYVbrQ458g/RB/hDgT5R+ivI6yCR2GkD7oolYTjW1D8QTtaM4bMTyxv6JrrGCP7ofotSNJx9O6eYthwp8QLtn6MU6wgk5iH6IX+zw5EY/8q3BpwR9AQ/lSTgMCH4k+0RaixezDS9Pj/umn8lHf01qGBG3f2XoBonejf0XPks76WIZaeD6Qa1di9nm0nSpBzpYc+yiydHlzi5pA9sL1EWxuS7S3dDNsjB/D+iVLQ1S7Q6PkLo9M8jk6fuNO8sjLtPsUOSiu9JiVj37dsr182yHkhp/JRZ7bTux/Lb+iTPxdUjZT53VUvs8pZcLjAQ6eIlvspH8bPdrgvQqmy00jNPgs3/whVdV0nSzM0loH2CzT8PD0djT/AFRdHiTMkLrG/ZzU0yxyDsFe1HRLGRl0TtRVVU9M3CnZ4jMu/wAPdZLPDzXKOpT9Txf5MDA/RuHZRG1rgcEbKK6kroG63wvA+yhvmlbnOfzCzS8VJcSWTp1fUMe4vJdisiO0hxlO0RScHHus+ao/iRRXubuHJMvFP0jbH6hLl1G3GQEN1Hp4GFCZeZmYaXZCmQ3emcBrO6zvx9kPRoh52Eu5C+TPOEhCW8tRG10TziN4H3R4ZonjDgotDL2hz8rCS/IitgheNEjGkH2XXWWje3Oho/JWkdJTPGoNOUeK2Sv/ALrfHZEtCzPZ5OEVlMysnTlPrc4OI27KK+zPGzO3dbV9pqsbR5QjaZx/wgnQ8Yp/kcnV+flQt0WYp1sq27NaMKLKx8DtL4iD9lu5LXVg7RoL7NI85fG0/cK5eGi+kYa/q9t/fyYGaihqz/NCPabl1b0fUCt6UvtVQvadTRHI4Nz64ytoenIJj/OiaPdVlZ03cqZznwaZ4hwzG6x3+Ek1lxydKr6opfMZOLPTujP7ZXVNoFNQfEO1MuEA8pq6c6Zu2Tpxj9ML6G6L+M/w568pon2DqalNRKNqaZ+iTPcYK+GamONsZivdqqaeM8HwdY/9FWjp6kEwren7nmUeZuh2lzfyXk/IfTcHLck0z13j/qyajiTUv+p+l490s6Rqbt9l8H9J/wBon4sdAOjpb1i6W6LYR1LS/b9iPyK+hvh7/ap+HXWYjpK6d1orH7eHO8Ojz6a9gvL67w99Cyo5R7bx3ndNqkluSZ7jBequmIGdTR2JVtT3+lkYDKC13ssvT1dLWwtqaOeOaJ4y17HagR7FGbpAyTj3Xn79NB9rB6Ku9++TaRVsVS0FkgPt3RwcDOSFi4HuadVPKdQ7BSoOoLnRkfNR+IwdwFinptvRthen2al0mTxwnNqNPbKraO90Fc3yvDXnsTgqRjPflZ3XgPcmWEVUM4JG6PHUMP1bFUwJByCiCd2weVnawTZnotSGu4Q9GOAo0MzTgteT7KT4hZjLSVQLTQaPghJ4yM+ibHPHJsDg+ie/jCgPoAWgJHhdIyUsYRAgiTlEaTqG6am4KUBglgnkO5SJx3UbX21fulk+qJMFxyTA4FMMjjtpQQ4g5T/FH9KYsrkHA2RjJGlj2tcPQhVUtpmik8a3j3LCdvyVy3Ds7J0QxwVI2NlFJFUOl/lv2cNi08gp5kqKI62OOk77KdVW6Cqd4oJZJ6juq9wqqZ4ZKA+PfB5WiM8lSii1pLgyobpk0nPIKyHVvw7kuNT/ABnpypjoLi0hxlazBeB+F2OQriSLU3x6U4cOWjup1BcpCBHUtDD2OVqqvdTyhco54MHZes9Fa6wdSwfIXGH+X5j5ZCO4+60cvhVMMkMgGl+2cKX1X0RY+sKVzK2BjZy3S2cDcfmsM24XvoWYWrqINqqFpwytAJyf8XuuzpfIY/NmedPtHhv9ob+yRSdW0s/Unw8iprddmapZaYZEFTtucZ8pC+FL7Z7v03eKqzXq3yU1RSvLHNk2JI529F+wjKynqadlRTSNkhlGxByPsvLvjN/Z66T+M9vLaykbFXtGWVLBuD7juvaeI85PSySn0ec8n4GrXJtcTPzIpK98bthlpGC08EKQ6GSlIq6V2qN31N9Fc/FH4VdX/B+9/wAI6noh4UgzDVx5Mcjex9v1WfoK8NGh27HbL6PpNZHVR3w6PlOv0FujtdVqw0WFNXQynnB9CprZA5Z+doil8WLgnj0U2mro3Ya7Y+/ddSu39nKsr/RcB2QUzSRuhxy8Hse6ktLXjHBWhcmZxwCdpkBY9oIPIIWZuVukpJC4DMbjkH09lp3nTwhyMjnYYntyDss9tO8dVY6+jGaR6rsWzuVOudpko3GRh1Rk8jsoDVx7YbZYOzproyipJk6N5GFLhkyBlVcc2CMqUyULHbHHR2NPenwWTSMcpj+UKNxxzlEecYScHRU8odkeq5sUHJ9SutJJ5KNBKQWYAxkdsKmcMPd91cSEaPyKp3Ea3euVrpOT5WOcND2pySS0o4D7HJFxHBSSRltZOavZdDieSuafddUBjHAk144Tk14zhQM476Sop5Ul30lRx9STPtBQHMSefRPb9KCfqURH2Eb3+yjyI7OD9kCRBZ2hkOAJ5XF08riWMORjBHsrCmJ9VAZyp1MnwFWEpOauYKcwYKYJnLHAaPkKXFvhRouym027mhNrWWZrWekdHU5jow7GM8rQPOMKt6di8O3s2xkBWEzgMLbDo8pfmdjJdnYZa9jQ1bthyQPyWR6cjBnDyNytfAAXjK11nOtf3YIVePHuENG0ZMbg8+il36rdBRiBpDfE8qBTtMl5dKRtjChdSSyTXinpdZDTgbIpSwIwW/TUIhgA9ckq3Mmt4GOFXWpoa57Rw0YUppGsj0VLnkz2puWS0plxp1TGNciOIyfZDgOS5/O6MWSHHIKqLtUtpqKZ+RnsrTXkEY5WP6lqnF7KZpI1uwrGVrLwT7CC6jMxG7zurJmGjjlRrdGaWijjIGSMqQXt0kFQuzgrrzV+DTuf2AK8efqrLm98Y2dJn91veuLnJDQyMiOCTglYuxNa9jpSPMDhYddJfEz1P01pfkvUifcZdMbGDY4wpXTlJ9VU9vOwVbVuc6cgnYBaSywFtC0+q+a+Xt3ZR+ifp/T7VEnjhSItxjOEDHZHjyBwvI3Swj3tEcEWvB8HGeVFjBDd1OqB4jgCghgbjHZZXLJt25JFG3LsEcKyHCg0rfPwpw4SZPJorDQnByAq9xOt4z3KnwnG2FBk2kf9ymwFagy1dIDUyByqahu5wpt68lWTnAUB0oIwF6PTrFSPm/lZf/MyIp3eQThDk1RP8dh+k+qfKw51AbLjSCNBKbLo5S4eS/tdXFcIdBI1tG4JQZ6OSmqNTRsdwqZrpaCp8WF2NPPutVHIKqmjmBDiQsslteToUz3Lkm0r9ULC5wzhZv4k9Ns6j6ZqYWMDp4m62HvsrynOCANsKVgOYWu3Dhgp1FrjNSD1NXzVuB8fs8rsH8OyO12Oy03xM6aHTfUkojZop6omWMdh6gLLg5wvZaW754qR8w1NfxWSj/cK3ZSYZC3YFRWp7u263wbXRkayXtvrckRvwfQqc5oxqHdZuF5BGCQrykqg+NrO+F1absrDMdlbTyEOyS67lcWhCQkZO26msILRuoCkRnGMnlMccodRLayfGMrpgZO0sI/NDjOFKh4CWdetZRFp6mot0waSdH+a0dLVR1UYc0g+yqJqZkzNLh9j6KLTyz2+fGSWoDXW3A08sTcBV9RTu4A5VjSSNqow8EHZEngDgMNQTWTTGfJXUE/gu8N+wzhXUUwe1rQqaaDBy1qLQ1Ra7D+yo6FN2C6Z9QRxwo0Tw7BzgqQ05Cs6dc9yCJ6YnjlCMCaG+ibhv9P7oh4C4iGxjuB6fdMLA4YdghSsO/p/dM8NyXtyH8f7M3dOlYanVJBpDjvjCxlbQTUcphlYRp7+q9Y8I+qj1Nppa9pZURNJ/qxulygmYtRo4Se5I8jLPROY4xHbutde+jpqcmaiAe3nCyk8Lo3GORpa4HBBCROvac6cJVMtrbdnNxFI7HoVf0tYX4GrKwgOgqbSV88JGHkj3WZtjaNS0+TfxSZA7qVFJkrMUV0c5rSXK1pq3Uck5RHWq1GS9icNjkKVHKNhsqmKp4ACkw1AyCjOjXamWoeitkIUBs44wjCQbIkjTCeSxjfkZxyi6t+cKDHKABsjGQHgocM0Jk5kmAiavQZ/NQ2vRBJhGh0ZYJLZDkDCM152UQS7g4RWy7bqD08kxrzjlGDvQqC12/KK123KANPkmBxGO6IH47KGJhwU/wARpCDsNSyTNfsn68qJ4nsiavZQNP8AZLDge6fkeqhh2/KI1+MbqxqJOSugnKEJfZLxQoWSAUTPoorHjI32Rg4EZyiIEyV1rjnlDSGymOQlLBKDtQ4XdWnsowfjsuh+TwmpJE+QlFxCdqPdADs8ldySMjhNhHJMr2SQ/wBSF1p1fSQVQ3PqS220ubUSkyM/4bd3E+wVYx3U/ULtdK3+H0j+NQw4p8YtmezUJcRZoK7qKiopvlmn5mf/ALqE6nKtjorz1IQ+8u+UgH/wsXf7u/8ARTbJ0vS2smo3lqZN3Su3P5K+iZgjUMp0an2Z98pdsHQWykoohDSRaWgd+VPDAAhMySMDhH/JNSwLXDHxgZCe+UxkDCiOl0EYS1kudJLJzx7IhuSc2YEJkkhOwCq667UdBEZaiYMaO+VkKzqi6XqU0lqheIxkF57qCXdteF2aO79U2q2uMUshMw/AN1n9PVfWBc14bR25xwANi4KxsPRNKHitrQ6ed258Q5C2sFOIGNa1oAHYbBQkfksf3dFNYulbbbGh7adjpAPqIyVc+GG8Y/RSGgDgJrgByVaWWHOKgssESACTwAsZdbjJcqw01MHCCF2HPzjWf+im9QXuSoebdQOIZnTLIP8AIKJR0rIYGxDfT39VohE5+pszHCGxQCMDAwFKY3SMLhZggAJSPw3GE5HKnLHZ2adkLC5x+wWfrqx0ryxrtu6PW1JmJjjdxyVXFmEyBhusz0c1Fx3anlwAyU0aW7lRqmXPCacy2TY2rqTp0j9lCBJJJT3ZdyVzGxOeEyCRjseQa4SAunbKESc8os4M7OSPz7KHNIYmasZRqh/YKrrPEmb4bHlvurQmUskSvnqK17aeHys5e72TIo44SGxt37lSGAQxlje/JQ4oHDMjuM7IGsmeUdxIiAa0uPZZHqi9TVpFst7tBdkPeOcKVfr6/Jt1vcS87OcOyq6WibCNcnmkO5KFo5mp1MV/pwB221toYdOkF7vqceSpLm4wjMOcrpGVFEwTn+xjRhdSSUFj07ACauu2CIYhS743TDsExziXI8cRIU7GIHGxz3cKSxhxgBCOtpxH35VjSUr42B8h3duAhZoqQWmgDR4sgHGwSkeXu0g7LkpJGlpwE+CHG7ktmuB2Cnz5nKtv91FBAWRvAcefsi3O6x0cTmsfh+FgLncp6qUue8kFKnJJYAvv2JwgwNzrn102p5yBworXHGEiMnK59Kwzlk5fsW7uSlp90gcLowTuUnDbDYmhHpoHTOwO3dPgpnSEADb1VpC2OBmA0J8IZLWO2coqCKM63j7AqXJPFC3AdgnjCjSVBPlaBnsuQxSvdqlbhNjDAas9RY7xJHuzkkI7WHSEVkTQNm4Sc8Rty5pAR5wW032ca3uVGqKwR7AhArLmxoLI91VPndI4kk7lLnNJAykPrK2WoyM4yd/sooGn3ynkjlMY/PZY7JMBcnSQdglktBx2XDtwuHZZJTyydllQ3JjWeFUDOO6M+qoZCC0Yx7qi1ZyMLgyO6uN2OxZp457a2MOdGS4b7YQn30A6YIyAOxVHDHJLnSScK6tlneMVE+5O7WnstdMHe+EDOcYLkTKWS4P8WrHO7R6BWdPTthAaBsEZkYZuQEQNI/JdfTaWMMMxWWbuhNAxujAYTWjy8ov5rpJPozOfJzV7JfUiJI1ApvAwchF2IGyanK3FCXPDEkkkhLTyJJJJQsakkkiCEkkkjBk8CSSSQFRlkS5jK6kgayNYF8QUSRpLhtwrA77KPJGHDOEqUclKXIyFxaRuFY002cbhVjWEFSIXhhGSsN1WS5Ryi7ilyMKVG7I4VXA87D1U+JwwBhZJLYY7VhkTwsd0vD9/2RklyWsdkyC8MLnh+6MkqSwQHp90sH+ooiSEaD83qf1XNJ9ETASwFCAdH/y4S0+hRNHsuhu/CFrJT4BeG71TXR5HP7KVoGE3T7odgMXlkIxHfI2XJYRt5RlS9O+U1zM43S51hrjkg+Bvs1IxEchTPBXPCHqlyqUlgZG5rohBrgeE8ZwpZjZjhDMZzwlfxIPsatXYvYLW/ON/1RGzOG4J/Vd8MDfKbp90E9JD9GqryNkfYb5yXsl85IeR+6F4Z/p/dLQf6Ur+JBdI21+VkvZJ+em57rvzdRjAf+6j6f8A5cJxDTsSkvTZ6N1flnLthPmqj/vP3TTPUHl+QmNgy7Y/uitpXj8STKlR9G2HkXL2LxH+u5TdU/PiD9ETwnFcMTuxwh+Nfo2Q1W/sF8zUtd9YTvnagDzOGE/5R5OdQ3XfkS4ZLshTYjTG1/0gDdHAY8QAoYrZyfqyFKFsgO7iCURtvpx2U+OPpBqdjfLIoqSRu1MNQ4jGFZCnpG7FuETwLaBnVj8lFHCwaVlrllSHuLhkowcS3GVYaLeO64RQDcFC0C3grcSncApObJjcHCmmWkBwHBcM9MPpIKpRYSkvbIOmQnLgUZrSBwnmZgP0pGduOEXx5GRvxwhuSOE4/ZDdNg8Ifj/4ULpTH16hrkkbDGyWrHfKB4pz9OUtbx2QvS5NUNe4dsk+K5pGCR+alxXqvhYGNlcQOMquL8jzBdEmTws89DF9nRq8rOPUi+i6pma0Nkh1Y91Pg6noXs1PDmu7ghZYJ2n0Czy8fWdKjzdke2bSOvpJmh7J27+6O2NkgBDxg+hWKYxx2AIx6KTDLPDu2V7ce6yWePX9J0a/PZ4kjX+EQOEB8DSfPECPcKkhu1bH/wAYke6kDqCoxh7M4WZ6Cfo2w8zRLsnSW6ik+umZ+ijfwO1En/dQuQ3xsjsTMIB7hHFxpj+JJlorF6NdfktPLjJXzdM0TnF0U0jB2GeFEf01MN6e4N+xcVoBPC5uoPBB90wtZIfLhZ/4k/ZojfVLpmaktN9gP8swzN/dCdHdWY8SgfkenC17YJCMxjIRdJH1bIJabb2Hug/Zi/nWNGJopGuHILSuMq4JfKHb+4WxfT0sww5jTn2UV1lt7jtCN/ZInTuY6DXozWiPf6cH7Lhg1DBaMfZaJ3TVNOMxeXCjHpPJ8lwlHtlD/GDTy8FH8oc5aWhJ1PUZ1Coew+oJBV6Ombg0YjmbJjuRugS2S8D/AIbXgehQujA6MJorY6u+Ue9Heapmd8CU4U2m6069t5Bhu0kg/wDoh1/5pwtlxj3kpOO+UJ9PIDhzHAoPhRb+RvKk0W1P8X+uqRpbOKaYehjx/kptN8dL1GR8507C73Y5xP6LLvhbjzN/ZB0Y24S/hg/yDVuph1JnoFN8f6Ju1bYqtv8AyDAVtS/G7omtAZXw1EGf+9hLh+wXk4h184TJKdhGksb+ip0xX4lrXaqPHZ7VD1v8M7kPLW29p48zXRn/ACR42dE1ALrNdooqg8eBVD98uXgf8MY0aRg+6H/Bmk6vEwf8kPxD4a6/ucf+x9CNo75Teej6ulB5xIxrgiC6ddQAYrLVVNH9TXhx/wDKvAqaK/UGf4beZ6YOxnQ4jPpn9VLg6w+ItC8siv1Q9rf63FwP7oXUM/4i13BnuUfWPU9M/wD3vp9lQB/8jyFv/wB8UYfEjR/2zpW6R+7Gtk/yK8Wg+KHXkJxUeBOO+qPdT4vi/XM0/PWDURyYxhLdZa8lH2mj1z/2odPtIFRR3KEns+n/APVPb8T+iXEZuL2E/wBVO4Ly+P412oN0VdmrAD6NGEdnxd6RqD/Nt9UPXMIQfGFHyUJdSwens+JHRTuLxjP/ANAf/wBEX/b/AKLcM/x+In08N3/ReYj4ldDyYLqaUZ9YkRvX3QbuxBP/ANDVfGNhq4S7kj0w9cdKYyLm13oQ07/sgv666bG4q9vXSV583rboJ3mwwZ7mMI4606KGDHUw/wD3MKfGH/KqX9RuT1108BkVBPsGlCPxBsA/DPj18MrIt626Ob/xIP8AyBPb170g3iSEf+BT4yfyqv2asfEC1OOKf5jPp4L/APou/wC30HaCqP8A9rKyrfiN0o0YZNG37NS/9o3TQ8wnb+oVfGT+TV+zVf7felFVEe0ZXP8A2gngWyuJ94tlmP8A2m9Nt2DwnD4n9P8A/eKfGV/Jq/Zpx15Vndlnk+5i3Qz1nd3na3OaP+XCzMnxOsoH8p5/RC/9qNs7NP7KfGX/ACav2a4dVXojy0jc9sob+peqJBtSU+P+VZM/FK2tI/lk/kFyT4p28tGiJ2VPjJ/Ir/Zqv4z1O47wxjPtsuPreo5ANboB9ljz8TwT5Y3Y+yBJ8R3SbspJ3fZitQJ/Ir/ZtYzdpT/PkYfsiinnI+nP5rAv6/mOA2hqc+wTH9a3WQfyaOcD3R7UX/Ir/Z6HDDJHu6NqMyo8POAAV5g7qu+yHApp8/dD/jnUTzjwJf1U2oD54vo9UFwnGwlwERt3e3ioXlLa/qSTiGbdHY3qqUZayWPPdA6yfNk9KkuT2nV47zlMN2eB/fO/VeeMt3U8pGurnb7ZR/8AZ2+Sga66f/zKtoSsbNq67wZ/myu/VM/jFvHMrR9ysnD0lcHuxNWzAHvqUpnRjSR4s8j/ALvVbWhkZNmhZ1HaIvqro/sChz9YWpgy2cbe6rYuiqTAzGD7kqTF0bTN/wCGAi2sPIj1rA44ikDkOTrCoeA2OEj3U6n6RpwfoZ+isqfpO2twZNRKuMM9kyZc9R3R27GYz7IZu11ld3z9luoOnrVGM+FlHjo7VC4OjgGR6jKLYFkxEJvUw2Dt+NkeC036Z3macFbloj/BGNvZF1ggDSBj2U2E3YMpB0xdpWgOaFKb0bUnBqCD7LRCVwGkE4+6Xiyf1n9USqZMlVD0lRMAL8ZUuPp2hiOQxpU2LU7fc/mjkY+p4H3RxhgpzwRI7TRs4hbsiiCNn0saMeyHVXO20YzPcacexeqqfrjpun2kukH5ORbSt8PbL1jQ36dvsnjc5G6wlX8XLDCSKWCaYbgEDYqpqPi5dZ8i2WprfQvCigV80P2erNJxwdkpJY4f712leMz9a9e3J4bA9tIB+JmxUbweqq84rr1OWn0cmqvILtweyz3i2U4zLWRMA/qcqup676aptv4gyQjszdeZs6c8Q5qrjUy/d6kMstrh5YD7kq/iZfym3l+J9pAIpqeaQ9vKq+T4l3R+RR2nY8EtVGHW+mYGt0Nx7BCNzo4t/FV/C2V86L1/WPVM7dbTDDngAbhV0txv1SdVRdZmuP8AQ5VcnU1sjBzLwqqp6xt+4Y1zzngFV8Mn0VLUwXsvHxuLi6SeRznfU7Wcu+6YKSF4GthcspL1ZUynFJQzO25woor+p65+iPVC3nLgmLTtCLNWv6Vk2MsFLENmtYO+VBqLtaaQee4QfbVws+6x3CrINdcpS3vhxT2dPdNUZDqqpMjjzqdlNjQZ56qcuuCXUdX2qN2mF/jPPZu6FHfb1WPxRWduOxwuNr7Bb3E2+0iZ42z4WcrpvN8rTppKQUTT30gbJ0aBE75+2Gioup6qQuqCYIyMkuOAAhTUVBEc194DiO3iZ/ZcFJXzENuF5qSz+lruUaG0WyEAtpg8/wBTjklaI0CndlEf5u2sIbTDxHDu1qM253PytpKBgb/U9SdFO0aY4mNA9AmvlbEPMcD3K1VaXPQiepjDmTAumvlYPCnkZCz1Zykyztl2qayolHoX7KPU3620f9/Uhp9CVBk64s7CQJNX2K0R0Up/ijmajzOlq/KZdixWoDJY4n1LlNgoaSNmhkDMDjZef13xG8xbRUoONg5ypanrS+VBxHP4YPYLRDxVjOJqfqrSw4hyewmppaNmZXtjaPyUKXqy0RHHzAJ+68kkq71X4E1RNIPTVsnxWuufucjPqV0afDSxyjg6n6vknitHolX8Q4IXmOCJ2Bw7IVa7r26VBIikDR2WZjtUEbQa6o35AyjB9lpBguLh7LfV4iEX9yOBrPqnU2f14/wWdRfqyqJFZXPId2yo/jiTZkhd+ahm92WE6oKWaR3/ACqPL1I55/3azy7f4cLo1eLqjzg4Gp8/ZLmc2/8AqWzSM8bqXFNUtADaV59CeFnWXq8zv0MtscQP4njCKZOoZfK2tZEP8GVshoor8UcLVedcn2alrLrKA6OKNn5YRHUVU9o+bughz/ScYWPFrvU5zPfakD0a9SIOnDIf94udXN7OkK1w0yj6OVZ5fPs0ptdhcM1nVOMcjxUGT/2fQDFTdzIfYudn9FUt6ctgHnYXfc5Uynsdoibo+TaQE6NLXZzL/IfJ2yQ27/D+ma4QUb6h5GzjCXY/Vcg6ssEZ/wB26cln9P8AcmD/AER42W2mYGCGNgHGwRRX0bT9bQmfGc6drm8jG9XPk2ouiS09iY2Nz/kjRdS9Yu/7L07BCDwX42SffbbAB4kgH5qPUdaUkYHgynZX8YKUn+Eckz574h1Zy1tBEPdEbSdYVW1ZemQN9YW5Kpj12zcZKjVHWchH8lz9+yOC2sB03N52ovj01cZnZqupa3H+B6I3o+zSEfNXi4Sn0dKss/qyreNi/wDVCF7rZtw935lHu/sDLT2v8uDa/wCzPS0GDLLM/wB3PJUhlD0tABpp2n/mJKwZuNfJjzuH5osVRWu5lP6q1L+wP8b9yNwJunoj/Loabb1anNulka7LaKDI9GhYJxnLg7U7JPqjtNTgfytvXKIio/ub1vUNtYAI6WLb0aE9nVsLdmwxj/whYRnzBI8Nu6OIa5w+gbq1JIt0L0zbjq2Ls1g/JI9WsO2GfosS2irSdwMfZHbRHHnYPfdX8iBdGTYs6tj9kVnVsZONljW08Q2e8D7lEMNtjAJq2Z74cp8iK+CK9GyHUcLjqL3b+6f/ALS0ORmof+qxYms7B5qw7dsoBuFiafPWEfmplC5Ut9HocfUtBj++d+qPF1FQv/4xXnDbtYwPLO4/mmi92sfS9ymUgfgZ6g2+0nLZB+qe28tk2DgfzXmAv1EOJHJzepNOzJWkD+oI1NE/jtnqAufGDn80UXJx4zn7Lyt3U9Sd462Bv3K7/tNW7E3OMf8AISr3oF6VyPVW3Cp9Mj7InzTyQS0rylvVFbwK9x/8SlR9SXMYcKp5H/Moppi3ppLpHqLaknbwz+iIKkEZ0fsvMG9WXNm3jPOP8SM3rK6Aj+Xj/mCJNMX/ABbX6PSA+nl+qFhz6gLoprdIcTUrCPUNCwVP1pUuI8eJh/5dirGHq+Pnwn/qi4Kentj6NY61Wc/RC0fkgP6et8uzCB+SqIurKd43iOfuFNg6npRhxjO/uEHAPxz9BT0lCd46jShf7IzNyWV7yewyraG+298YcCRnkeiM260GcmQjPspwV/qIzjrBeoDmJ/iAe6b8ve4tjRF/2Wyiq6ctDmyAtPupIqISAQAc+yEX8phNVdGMTW+UfknMniyC4Fp7ghbp4glxqaP0UeSgt0uzoW++yhPkyZWM07xs8ZTm0cMn1FaT+B2x2/gY+yjPsNOHEwyPa09juoDvKR9siP0nCA+3Fh+jPur02qqieQAHN5yuvppWADSiSTD3oy8lC8beGUA0pj3cz9VrGgEkOYnmkpJBu0BW4om8xToxuAz9lGNMHE+ULdus9I7OAor+n4iSWDUo0WrMGJkt0cuzomY+yiTdL26b+8gZ+i20vTkpcSzZQpbVUsOgxE47hCoZ7HV6iUfxZ5tcugIHyl8D9LTwFR1PQtZFkwSNP3BXrpgdG/S9u4SfSxSN0vaMH9kqdEX0bIa+yPs8Qqem7tT8ta4D7qE6nngcBKzGF7yLJTStIOD9wq2t6Kop2lzImk+4WeWlNEfJ/wDOeNsccZxx7o0c8jX6mSFb25dCNdESyDSf8KzVT0hW0wzHqz7hInRg20+Qi/xYKmuc7cHTnCvrbdDqa5r8EcgrLPtt2gdgYI9MJNqZIToliex4G5PCGNKXobPVWSXDPUrdcDMRriBCuae3QVxGiItdhec9OdVsoJY2VrfEhzvp5XtHTtbYrpEJrXPE4YyWh24To1JI5OtuunHaVbejp5m6msDh9kCTpBzOYTt7L0mipyA06CAVZNpYZmhssY/RMjBI4f8AItTweMzdL4IzCf0UZ/T2gZMeAvbJen6WUZAAP2VZWdKkDLGfmAqfI1amWOTyGexwyMMU0Ie13IIBWWuHwws08hqKJ9RQTE5EkDtJBXttV0vKHbNCr5un3Q+Z4We7TV3L7kaKdfOp5i2j5/u3TXWFrDopqaO9UzeNLdMuPdZKW1dH3GcxTSVlmuI/BUDyE+mV9Sm0uLcacBUt26Nst2YIbnRRzsGcBw3B9Qey42q8Su4He0n1Ldp/y5PFeleoPiv8N5m1HS3UUj6WE5aIJTLTuB9G8dj2K9s6Q/tnW6SSnoOvrHJSOfkOraYjw9sb+Fz37Fec3H4MstVQ+v6SulbbKnlskb87ehCyV6k6vtkcsHWfTLblT7AT0jQxzud3DHPHYLyHkvpxTlvnE+h+J+tcRWLP8Js+8elOt+lusWio6Rv1NX5ALQxw1fYt5C1EF1a1xFTG0t747L807LTW4VjLn0Z1JVWq5tdlsfzBhkzyRrxkf+buvZekf7T3xQ6OjFH8QLM2/wBuZgSyjyTkn8Rfjc8nzFeS8h9OzS3U+j6F476wosltu/6H2ZLaaC7gPtlYI5hvjhR/4lfLA7w62N0sQ/FzsvNegvjT8M/iGxh6Y6nNDcn/AE0dX/KdnuGnh+Nv1C9So79VUzRBeKds8X9YGcheT1GklRLbKLR7PTa6GohugWNp6mtF28jKgMlHLXbHKtiw4z2Wen6f6av7fGs1WynqjvgHTgqrnuHWPSEgbdaY1lFnAkAyMexWGyjPJ0a7/wBmwLzDuBypMFyZgR1DdvVUlo6ktl/jJp3aXY+g/UT7BSJOdgR7LJOpxNKxYuC+NMyZviUp8/OxQH1c9PhkzD9yFWQ1EsBAa8gBWMFxjnxHMWuB5yk4KdeCbTzRyAHIRCBjIUCSia/+ZRy6T/TnZNbVT07hHUsdj1CoVjBOKbpadiFxkscgHhuynIuwAb4mjzM2f6rje2SiN7rj4mkbjKov+xzI9QujZR8Fr8nIb3KMHNwDnYoheAolx2XfFz2Q0kOQQurPdccGuGDgoeSlkpm4gB9DJFIZqZ4IPLCk4xzN0SwkAfUOMqW14wmSRh3myiUslYIDTPRvxDM4x/0uOVKnpbfeqN1NcaaOaN4wWkIckWThDbDMwa4n4P3T4zceRbWTDXPpi49I1TqyxzfMULgS6je4gt92nsp9h6io69gENQ1k42fA84cP+q2MUrJwYauNp7cLN9R9EU1U5ldaHMpqpp1Ne0YB9iuvpNeocTAnXnoz3xK+HPTnxN6dmst/tkFQCCWOczzMd/U09ivze+Ov9nzqX4I3szNlkrrJU+eKoO4jBP0yf0H23X6WWnqSpgqDa+qG/Kzs8rXkZBPrlTOquk7T1hZKqzXOniqaarZhzXAOY8b4z+pXrfFec/hy3Vvg4XlfFV6+v47Efj74+rDSE5oH4V7R/aN/sv3z4UXGW/dM0ctR0897nE489Pn8Lm74799l4nTyBo3C+peP8lV5CpWVs+R+T8Vb4y347P8Av6LGkrjHhkmT6FW0E+sD0WeIBORspdLViNuiQ59F2a7GuziWVKSL1zQ5u2CgbgkFMpKtrs5GUdzQW5A5WhtTRmcWmAe0SBzH4IOxCzVyon0Mh2yxxyCOy0h2OCo9VCypjMbxkFc7UUbuUa9PPZwZbJG6NC855XKiGWKRzHxlob39UJpwVy7a3F8nTptakmWsMpwAQpAkz2VdA/YZU5jxgYWfCOzVfuQ9cTQ4BOByo+DVnKyccTjdVTs/MPCtXEAblVT/APtD06uZg8g8wQUEbLi6zcbpOWndk4R0HK6mtTkaIMSSSRhCSSSUINHBTE8cFDzhJmXAKSMHcIB5SyfVJUEdah1A9E7uEnjLQhZaIZ5SHKT/AKkkDGpcD2Ebb+qn03ZVjCdQ3VhTfhTIywLsXJYRAHGUsYSi2wuo1yZm17CM5VhbIzJUtaBnCr2blXfTsY/iDMjIWmrsx6riDZ6lao/Dt0W2PKnv3zujNwImgAAadgPsgadyt0Fg8tKe5tmo6XjHg+I4dtv1WgJwwkdlU2WExUMfYqxdIRTvB5K2R6ObNfc2EoyCXT4AIWftdT/Eb5UTTDJhdpbvsFbTzto7e6UbeUqj6RhJpa24Pbu+Q4/RDPspL7HI2do3Ezv8ZRoDmqeM7DCDZvNQuk9UWhw6qJ5VRM05YLGSQx0ziRuuUhzROceSodznI8OPBALsKZINEMcTdmkZKaAInTTvl9AsBUVUlZfRE4bDf91reoat9utMsrTuQsTYH/MXAVDxlznZyoOhHjJum7xRjPDQECreY25zwnB+xOOFXXqrDaV3bYoZdA7cswfWlaamUMa7bVuAoVojEMDiM7nuode59ZctB3BKuAGQwCINwQMLjeTt2VtH0f6T0rnJSXohO1Ol9SStlRxmGkjjPOMlZGjYZKxo5Wybs1rfQAL5n5Oxuxn37wVW2vLHs3dhSo2g74QI+VLi4XnL2evpXBDd/wBsIPGE3HmSeP8AeHlOAGFibNLJFJjURhSVGpSNZUlUaYBYv75ueFCn/vSPcqY1Q5/70j3T4Mz3mM6oY5riQqGOZxx9lq+o4C8SYb29VjonYcWkbhei001KtI+b+brcdQ2T/qZwo4aWuzjgolPK3GCiOjaQSnnFUsCewTROHdHtVe6jPy8py3KjxNLXZKbVU78+Owbdx6e6CcdxrptwaqJ7XAOYcg8KSx+x2VJZasSRCNx3CuWu9kiKwbd+Uef/ABqsAunTf8Rgh1VFES8Ec47heCxE7bbFfWlwo4q+jlpZWBzZGkYK+Xr3bHWS61Fuki0iN5Lft2XovEaj/wCmzx3ndFGEvnj7IY9wnpievSnmAjTjupdFM5kgOR9lBcnNJbvnKZVPaxVkd3BpYJWyg4IRNPuqaiqi0gFXbHiSMEd11KZbzDatksA0WF2lwQzynxuxjK0FRnh5LCLzBSI/K7PqocL9OFNbIHt4QnWonwsh2nITJYBINzwnNd7IjUB0IvcgdPUS0j26Thv3V/S1UdUwBrt+6o3QeINuU2lNTQzh7eP80Mo5DztNA+FpDsjsq98RjfqAUylqfmG5xjKUsIePLypswaIWDKarOoMdgFW8OSAc8rNzwyB4czbCmW65Pa4MmOcJeDq6a5dSNCOERuxQIZBLGHjujIorJ0E88oKCNICc1BGVIZwiNMOzuAn4CanodqGg9DfRdAxsE/BSwUGQYxycIB7ZVVden7bcWnxadrXn8TRgq2TS3PJSpRyLnVGziR5pduja+jLpaciWIb7chUb2eE7SRg9wvZWsPGOVXXTpS2XMFzoWxSH8TBhJnWZbNAl90DzGKqdGW6RsrijuYGkEgol26KuFCS+nHjR9scrPyRVFM/TKCxw7FKw0IxOntG0p64kNOcqfBWA6RssFBXzMIAfx2VrBdiNOpxGO6p8GirUfs20dSXY2R21GyysF1O2ZVZU9e12M7ozoVamL7Zfx1JCkMnJ2wqeOrYeVJjqmAolydGu3JcMnzyjxyhyqWzgjnhHjmAIycqksDozTLMPGUVkmBsq8TZI3RWzjG5RGqM0iwZIQQBj9UVsu3IVc2cZ9EUTbclAFGzJME26NHLxwq9s2CitmBwptG5RZCQEb4/VP1hV7Zxjconjj+ooQ1JIm+IneKPUfqoPiH3TxNv3VpZC+UneL7LolOdgoniNPK6SG75RbA1LJMEh5RBIeFDbLnYBEa/vpUwwlNE5s5GNuURr9QzhVUlxp4NpXAfmqqp69stPIYo5S8+oRqDYqeprh2zWEgckJklVTwYM0oaPdef8A+2t+u1Uae02xz2jbUW6lYW/oHqO/yeNdqqWFrjnAeQMfZNhU2xD1u7iCbLS59dWakJipHPqZG7aWhQAesuqGlsQbRUzuzecfdbO0/D61W0D+Ux7u7i3JP6rSR0UdMwNiY0D2GFphWkCq7LuZtox9g6GoLY1k8zDPUY3dL5gPtlaeOLADQ0AD0VhG1uMaRsmmHzDC0QgkNjTGPQBsDcbNyu+EBwFI0loG6dp901YaI+ERmNAK6QMIpiI7LP8AUXU9tsrS2Z5e7GzQeUtmeU0ifUv8LzEgD3WMvvW0YJo7cPElPvss1db9dL48tfO9kDj5WNKuunOlZKnQ6SPc76j2UE/JK2W2LIdDa7nd6zxK2Zzw7B0ZOAvRrJ09Bb4WhrBnGc4U62WiCjja0MaXAbn1VmxmMYChpqoecs5TQtbyEbATmgAbLihr2JDSMDOVnr9ew1rqGjIdO5pzv9I9U+/3/wAIG32866l3p2Co6SlLfO86pHbveecp1aMGqu/oOUlC4NGo5ydTj6lT2MDQABhEibpG4ScAc74WtJHLm8jSxoG5CqblUB7jDA7YfUfX2Uyd7nOIbnZQXU5JyBj3VxWTBem+iCGfqmOYVPMGkg4VdX1HhERsxnGSm7Tl3y2dkWoOO6iuIPKI5xeckoWABujaOfOzIzGAUIt5Poi69SFO7cYTILBnkwZ7qOd8o5OAo73BqgiTwR5MqBM7Tnbup7zlQ3NOsH3ViGR2AucCRsoF+uRhi+VpH+Y7E+ykXevZSxiOH63BZ5viSOMkoySg7OXq9RjMIMiU9IYcvd5nu3JKO7PcKTpyB5UwtwqOVgamJ6YrYuxN9DE+PfCXfACJG31CpBRi2db7pP34ScPRJvuoFjAwMzuuul2DWjPbZRauqJzDC7fuVY2egk0+NP34BVjq4uT4DUdM5wD5B7gKbJOdOkD2TnARtwO+yAB5s5VNpG+MFE61pcclMrq35aAuHZOmqoKaB0khxj91iL3epKt7oo5MBZ5TwBZYlwRrpcn1MjvMSM/qqlziTk90WRwwCd8Ibt1z7LNxib3PI36lxIRnPKNDCXnAHKWotspDGxudxuptNR5IMjeVIgonMaC5gRi0jGEyMcBquXbOsa2JpIHZNja+c6WhHZTOlxnup0VPFDGGtbv6p8MDFXuI1Nb3MOt4zngZ4R/D39FIZG4jGDhCqaqloma5n4PYeqKU1Ajgo+jkn8oZ2B+6o7hc5ZAYWu27kKLXXSpqJdYdpB7KNkncnJSJzyuBUpZOH1XCcpOSDmjukSl+wRhc47ZXRwuAZTkiTyEMSTVw8JTKHYHqu00TqiQMDcjuu0tNLVSiOME+q1Vvt0VJG1ukau5T9LpLNSsvgzW2qKBUFtiijaGtwRurQNAGPRJjQBsMJ2kjsvR6ehVQ2pHPsnvZzGE8tA7brv1IgaVqjAXkbuDwiDjdLAzlPTlFIW3gSSSSsXKTfQkkklBQkkkkAQkkklBwkkklAhJJJIwBqSSSLonQkkkkokZZEuHhdSS2g28AHMxkgJrQ7Xt2UggHlNDN84Wa4ilkPD2VhHwFAi7KfHwFz7XliLeWdSSSXKsX6AHpJJIAhJJJKEEkkkoQSSYkqyFgekmJKZAyJLZcJHCCSc8pQbJJazGxCAeUsn1SQYBSYlzAXUkSjkM4eCgHGSiOTULiVkcB6Fcwey7p90tPuq+MEHsul5AS0+64RhC6kHvYvGIO3ZPFVMBjUP0QtPulpQKmL7Gx1FkfYT52b1SFbMDnIQMFLBU/j1v0NjrLYdNkxlecbpPuBdthQkkp6aA+PlNRHpkv50k/ThOFQHDlQkMahndU9NFdD4eWvfbLLx/8QQtYPLlF1O9UzWfVD/GRqp8vJdkzxB/8pS1jthQ9Z/8AlKWs/wDylKlSbq/LJ9kzWO4TNQ+6jayeEzUfU/qkuvDNkfJwl2TdQB5H6pamu7hRCcckrmc8FXs4wOj5CBLLmj8QQzNjsgeb+pdyfQfmq2ezTDyEEF+aDjuE8Tg74QRkf8OP74Tw4BXhDlrqn+TCGVzuAntPOWkIJmxjDQufNTdngD7KnFMYtXU+mTWuI7LoqphtqCg/MS4+vn2TNWfxIPjQa1ij0y0bVTD/AIgwisqnEDU7KqBJjul4p9UEqEwv+IuPReNq2t5CcKuMchUXiu9T+q74r/6j+qr+ONj5Rrsvm1sQOdJRxUQubs4LM+M4dyl478YD3D80uenGLy+DURzsa/yvUgyOLQWVQCxviyA6vFcl83INtbv1WeWj3Givz0oGvFxqac7Thw+6dHf5HHEuw9VkBWyj8bk5lZK78STPx8fZ0afqOxezbRXuixkybqR802YB0M7cH3WHEjschObNIOXlZ7fHpfidTT/UqT/1Gbpj3vIOon7Iv+9nBhOFjYrvXwMAjqNh6qSOpK9mMvDvyWKfj5ro7FP1HpJrDZsIZLkwZGk4XW112OwoYXj7kFZiLrKoiwJWsx7KZH17RtxrgO3OCs8tFZ+joVeW0kurGX4rK7cPt4GfQrnzcp+uzSu9wwHKqGdd2okeV6nRdbWnDcveAs70ti9HRq1kJcxsRKE1K/8AvbFUEeoiC4W2d2zrXK37xjZM/wBubUcCOocCfVFb1ZRPOWzjf/Cky079xNcdSpdTRw2+znf5XT/4EF1pspOC2QE+ymt6ipDuHt/8qIOpKA+V7Ine7mApU6lHpBq15y2mVbunbefNC47+pCaemRjLWj2Vub7Qu3aYB/8Aa2/9EWG5W+beSopj7ZSHWxi1CRnj01LnDT/qnf7M1I/D/wDUrTCvtrTmOeEEdwUX+LQDY1kePyVfGxkdSkZP/Z2bvG3/AMq6enAfqgB/Ja3+I0R5qI/1Tm1duf8AVI0/Yqvhk+kG7a3zIxp6bjP/AAG/ouN6WYc/yG/otw19rO7XD9U9vyLydLghlXKPaKT076Rgz0lETvTM3/wrv+xdNgE08Z/8IXoDY6QDBIP5rhgou/8AmluGQnGmPUTz/wD2NoO9Ew/kujo63g5+SavQvl6P0/8AqkhTUZOP9VXxspOpf0mCHSNvAx8i1L/ZG3//ACAxegC30RH1j9Un0NBG3W5+33U+Mma/SPP/APZG3/8AyCz9EQdI27/5Bat8KC2jZ8wan/w+1966AA+rkWwJbWYAdKW8DagYuf7MU44o4/0XoYtdpP8A9kYP/Ou/wu1N3/ilF9jO3/qpsLxH0jz1vS8BO1Gz9EVvS0W2KJmfst6LfSE4guVEcf8A0dv/AFT/AOGtZ/8AZKB32lY5TYHBwXaMIzo4uwW0jcfZSYejdxmkb+i2LqPGP97z/wAhCcyGUDAnxjglTYFKUX0jKDoxwH/ZG/ojN6MZpBOhp9MLTGOr7VTcfZN8Oq7zNKmwtTivRn4+lRGc+Qj7KU2wQAYIH6K3EFU7iQJzaSp/qCmwvfH9FWyyQbbNR22enacjSp/ylQDu9v6LjqeXIzj9VThgi2sjspGxjAAPuiMppxvgYPbKO2B2PM5o/PhdMTGfVVwgH1cr+NtBcIG2OYOwYx+qksYMbndNa+3MGZrnTfbxEGW8dN0v13OAn/C7KD4/7BqyEe2SWxahvuiiJrTnSqh3WvStM7Lrkwgeii1XxR6MhxivDiOwTI6dsGWqpj3JGniLBhujCMIw/BAwsBU/GzpSmwIYZJT28uVV1f8AaAgaAKO2A+mWpi00/SES8npYdyPV2QluN0V0J2wcZXh1V8d+pJSflKKnhb2IG6pa/wCLHW9dt/EhEP8AA3/1RLSWP0In5rTR/HLPo7w8DcgD1UaastVCNdRc6Znrly+Yajqbqe5OBq7zUu+zsKAYZZXl8khc48udkko1pJL8jO/OJ/jE+m6jr3om3jFR1BS6vRrsqhrfjT0VSE+BUSVBH9DV4PHRuOHEqdBT69iNhyr/AI6Qp+U1E39qPVZ/j7bWnTbrNNJ/ikH+mN1V1Hxs6oqzijtVJG3sSzdY+mpqeMAuhyp8TmNwGRtH5IvgQUddfL8mW8nxF68uHE0UX/KzCiTXTq2u/wC03eYNPIa5Njd304wjCoETQSdlPhGrUy/rYFttuFScy1csp/xOyjxdPxMIdM3coMt8ig2ZIGnvuok3U2sf34291aoyF/JhJ8s0ENtt0IbrA29lMjntcAyGjIWM/jc0+WxvyV2Nl5nOY2ZCL+Ogv5Ef6TYSXykh2H+ajVHVLA3+S059Mqhis16qSA+JWEHSVykGZGFo7pkaGg43WM6/qapfnylQ5LrUyElspVqzpOnpvNWVZj9nOXfD6aot3VjHkcgHKJVMkrZy7ZSSVdwl/uw9/wBgjQWq71QBdJpB7YyQrf8AjFsY0m30rpHj1GAo77zeHOzDTsi9wEcasgSvhHtgm9LyHeqcB9wuw2uz05/n1MTCP6sJpbd6wk1FQ7S7ndObZqQHxKjzHkkpiofoD+REa6vtVO8sp4JJNPdo2KGbpcJjppqR0XoXqTPUWyhaPO3y7nbhUdb1/wBO0pLX1JOPROhp3+jNdr6of1pFqKC91bcS1sYZ6NO6dHYaRpDpxrd3ysbW/FuzQZbSeI4/4Qs/X/FOtnOmJ2AeMrRXpJN8o5d/ntNT28nrf+5UbQ3LGYUSpvltphmSoC8WresL1WbtnwCque5XWsbomqnY9lphpTmXfU1b4qR7NV9cWSJ398Dj3VHcPirQwnRSRudjuV5lT07if5jyc+pUkU0EbgWAZ+61w0kP6jkar6g1NvEXg01w+J95n2o2RAd8t3VLV9S3+5sMdRVu084acILWMc0AMG3opUVDOSPCj39VshpoRXBxb9RqNQ8zm/8AuTLZZmVFM2orqgtc7cNypJtdLEfKduECK33Z2MPwPTCnwWS4zj+c/I+2E+mlJ8HPthN/3BNprWAA6TdEjmooX/y4NWNsqxg6apmAPnkHuFOZT2mhALHMyNt10qqjl6hbItlTHWTDy0lOd/UI7ae+1XEWgFTzdqGHaONpI4whSXuve0thiA9N10K4YPM6vUtEVvTNynkzUTaQfVSm9NQw4MjwfsoslV1DM7OMA+6Xy14kGJpiGnndaIVp9nC1GrsfslChtkX1vAwnB1sbsHce6jNtgkwJnHI9+VIbZ6bAytMIRicyds7HyxxqaIjGvI+64KyjHBTxbaUDBauihoxvoTUoxM+1yA/xNjSQGEhMddphvFGVLEdAzZzQCEvmqFgwGtx9go5r0C62/RXOu9duBA5AfXXWTguVma+iH4Gphu9M3YRjZBKRarlH+krNF2l5a7fvuuiy3Fw1PdK7PqVP/jrGnEbcJp6jqR9EUn/lU3oZGqcv6SI2yV22QT90VnT9Y8jy4/JE/wBpKsgkwuGP8K5/tLcP+GSPyU3xDVNy/FBR0zV4+kfojRdPVLDnQD+SiNvl/k2a/GeNlwVfUsn/AMQN/ZWr4R4Ya0erkXTLC4MBe9jfuEv4OIiXulYB7KkdT9SVDS2Sfyn0dhNFpuzv72cjHGXEov5NYX/DdVPsu/laWMf3zP1TS6jj+udo/NU/8FrXuwZv3TndP1DmgvqQB+qn8msteH1D7LI3GihdkOa9cffaNuPKD7Aqt/gBaN6tp9Vz/Z+McyD8lf8AKgaavBXyJz+p6dn0xn8kA9X8huoKP/BYBs6U++F1tit7XAiSXPfJQy1EJezXH6btfLBy9V1r3EajpQD1A92dRdn7qybZ7eBgZP3ThabSDu05S3qIr2OX08/bwU7r293d+/ugm5H1ctGLfYwNxkpop7ID/dof5UR8Pp2Me2Zl1e5x31JvzZPEZcfRasNsg28ILmbO0giEfoq/lQ/Yz/gFf7MsKyo4FHLj7Lpqqs/Qx7PyWr+btLRjwWprq61M8wgH5K/5UP2T/gFZmGPuTuDJ/wCVGZFeXca/0WiZdqIHApX/AH0IzblS4JAx+Sr+VD9k/wCBVwM0KG8Hu4Z9lJba7uQD4h39Qro1TJD5MpuuQfTI4fYolrIIv/g1ZVCz3l2CJce+Cni09SNA8Oqz91YaKp5z85KPbK6I6sbfNP8AzKr+Ys8Mi8JW/RAbbep85+YH6ozabqwgA1AP5qYG1g/+JP6lOaytxn5hx9slMWugiS8DD0iNFB1Qw5OD/wCNv/VFL+omYEjdQ9Ajt+cBzrcjtnq8YIJV/wA+Bnn4FSIJrbpHu6Cb33T4r5Owjxfm249Apvjz/iaT+SWtzuY/1CKOtgzHP6dT5iwtL1KI2bVlbGSe6s6Pqis1YiuTnH/GqZzQf+E0/kgvoonkuDC0n0Rfy4HPt+m7PRtqbrm7Q6QwRSDG/urKH4mVsYAloMAdwvN/lZG+Zj35+5Tx/FGjO5HbJRR1FcjBb9PSh/Ser0XxVociOqY5medloqLrXpiqAcbkxjj2JXg4qJx/e0jSQOfVJlwbnDqLSB6I/lr/AGYrfDWLqLPo+jvNnrXeHR3GKR/pqCmtkYXYa4H8180svFPARoEkZxvgq1t/WbIy0Nu00eNsHUf8lN8TFPxlsfTPoqIBwxpzlONDFkOcMZ7LxGj+IVREW+FfB/43Ef5rR2/4m1IaPFrKWfHuiU0+jJPRXR9HphttI8AeGPyQJbLT4GgbrM0vxGhljDpGsB/w4C0Nv6ntVaxpNQGOPYq9zEOqyH5I4LJMSdLtlHlt9XESPDJx3C0VNVUswzBO1/2KlN0n0VOzDF72uDGuZKw/zGFq6Q08gLXz0kEzdMsTSD7KMbJSv+luEcbs8FK3BlDbaSYlzo2gkeiivslM7OlvHstVNYntdmEkj0UOW21UO5ar3oap5M2bI8O/ltwEz+GTMPGVoCHg4LcELhiZLgOCttMvJRmjdpw6Mb+yjy2OnqG4ljb+i0EtM9uNDNQQTEW7kYSmkyKe3ox9w6Dt1W3DXviJ7sWQvPw3raLMsLnVLBuO5XroaM7pwj1DAVbUaYauce2fN9wsFXTOL30kkQPfGyjwSXa1StqKCRrZGnIJyvo2ptNJVNLKinY9juQQsvdfhtb6x5dSy+Bq/wAOQPyQ9G2GqrmsTKLpX443O2llLf4PGj2Bd6fYr2Xpjrfp3qWJpoqxrZCN2OO4Xgd2+H1ytznl9OJ4uxaMqjFuq6KYS0U76WaPhzTj9lYm2uq1ZgfYTYiCDjYo7g2QBrhwvn3pP41dSWNzKbqUmvg48YbnC9o6e626Y6nha623SPxnDeN+xH7oDFdpp1l0bbTTgFzQCoVTYIZWnwwM9sq0YSBx/wCqOxzW7kcqGPLzwYis6cn1uw0Y+yo6yw1EbtRGPyXqj4myYIwok1qhqR/M2SsBKbR5RJbjggtzhVdTbKWRjmSxNe08tI2Xqtf0s2R38kj04WXu1hmpZNLYz98ILK1PsZCeHk8W6q+D3Td9jlfDT/LVDtw+MY3XnFx6R656QaWW9xulMzbwahxdhvoOMflhfSlRRlpwW7qvqbcyQFsjQQecrDd42q3pHZ0fmr9HLKef8nyyK3pa7VX/ALxp5rFcGHOeWF3sdl6l0X8dvix8M2Q01LWf7T2VuzYKoePGG/4ZM6j35KvOrvhnZr1G7xaJhe7h7RgryW69BdYdJSPqOm657ohzC8ZBC85rvp+Nsdtiye38X9VTjNSjY45PsP4c/wBpX4WfEB0dFcalvS982109VLgF3+GT6T22yvb6S71NEPl7hC6vpXAYc1gcdJ7g8L8rJLtRV0nyvUtrdRVTdvHYMDPrtv8AoF6X0F8dvip8KImCzXJt66aztRVJMoaO4Yc+QDPGF4fyv0g4ffpX/wBH/wC59N8Z9cQg9msX/wDUuj79rei7B1ETXWidtHWjdz4hodn/ABNVZJc+pelpA3qS3CspQcGupxh7R2y3v+q87+GH9pj4cfEyeGiZWP6fvD9hTVzgwOP+B42cOF7XFdKhkYjr4m1MDhgPGHBw+/deG1egtolsui0z6HpPKQ1EVOmSa/sCoLjbrrT/ADFvqmzNIyQD5m/cJ7m4OeFXVvR9qqXm5dJ1j7VcTuAHbE/4men5qEL9crTIKXq2nkjcThtYwZif7k9v0XJt00l0dinVRf5Gopq19M4Fpz678q0irqWsbokaM+hCzkcjZGCWN4exw1BzTkEeqLFUAOB05WZwa7HvE+i/FHH9ULi085BQ3VctO/TUN8g5cFEguD2YAOx5U1tTFK0AOBJ5yMoAJQwSI5Ypmh0UjXg+hRSMqtktpaTNTOMT+cDgp0Vxc0+FVROaeNQ4KoW0TnRNIII2UYRuY7Y+XsEYPDt2uyCnFoPITM56AxgEyYbNI3RQcqPNTtdh0XleOD6IUVTIxxiqGnI7+qgJLSTQ9rhkFdzlCyHMlO1e6Ym5PqlqWGQKGg8obh4LsAgx+hSLtKTS1/O4T4zIognshkOYjg9xlPL3CMMIzhNmptg+HZw7eqbHUhuGTNLSjyC44K+52u1Xhzae5xN1PBa2TG4/NZcyXvoqd0MmK20tJIkG7om+63E9NFUsw0jPII5BVVNXVNLKKW4Rtezs7GxC2UauVL4Fzq3AbvZLD1rY5YHGmr6eePTIwYd5T6r8/f7Sf9lK59DVk/U3RVJJNbHOL5ImjJiz2+y+6P4JV2uvN26dqmnUS6SnccNd649Fcl9u6mpNMzWNkwWSQyDv3G69f4vyc6JRuqf+UcjyHjIaqr4r19r9+0z8bYpnNcYZxoe04IdsQfRGOk9wvqz+09/ZQqKJ83VPQ9C4Rxl0k0DB9JPce23C+Sf51LUOpqpjo5Y3aXMdsQV9V8V5mrXxzno+ReW8DqPGSeeY/ssqaocwgAK1p6rWACVSMfkAKTA/Sc53XpK7OMo87ZXu6LWZoLdTVGa/Bwd0SGYZAceU+qgikPi0/PdqZN55EJuLwQbnTfNQ+TAcFndBBweVqGAkYKr7jb9WZoW4P4h6rn6irOZGqq3BWROw5TI5SWgFV/0P3HCPE9paAuZKGTrUXL2TMlOQQcp+QEp8HRjZwKUnAAVe/IqHqwyCq+fHzDimVYzyI1jzWHZ9IScuR/SuuWpHGYmpya1OTEQYmJ6YjCEnHhNTjwoQ6eFGccFSTwoz+UqRUTqSSSnaGoYnO4TU87oU88BshSNOeFzIBOUWbAI2QZGknIS5lo6eQp9PwFA4IU+n2Ayri8AWdE6PgJw5TIjsAnjkJ8XkxSfIaJaPpdpdcGEDPCzkXIWt6MYH1wOPRPq7MmsltrZ6KchoHsnN3e0D1XJNgnW8F1a0c7j/ADXQieUn9qNtSARUsYA5CdOdgB3TW7FrR2HC6/LpNPotSeEYpvJA6lqPBs7gCMkEBO6ejFPYSAP7wZKp+rKgvMNC3OS/daKjjENpZGBwEtPIbW2rH7L61Dw7OXEJ1nGuTWQusAjs7QPROsxzASBghEc2xegdQfmLlHG4eVh4Vk/LpA0HjbCg20iWrnmeN+ymRZ+Y1dkbKaMp8Q6/5e2upwRkqr6RpwIxI8ZJbsonxHrvmLmykbtuMjKtunmBlOzbGw/yQxlk6O3bSv7l454aCPVZXqmrxG6MnbCvqmUMWG6krC+cNyibwSmttopqMeJWtcVaVIOCfQKJbIcy+KdgBwpda4Y2Xl/MW8NH1/6O0qVe79jrFH4k4kcOStKwnUcqksTNEYkI4Kuo3Bztu5XzbXW5sZ9t8bVsgkSYdlN4i/JQ4gf1UzSfCP2XD1Ess9DSiG4fzMp34U131p34VlH4wdpSfEIUscqJB/e/kpbzsChk8IfEKwqLWFvigAc8o7DuAg1WPEGyKEuRNryV9wohMN+4Xm1zZJRV0kbm8EheqHDwMrAdYUUkVd45Hlcuzob8SUTx3ndLmDtKeGd2oAhWLMuaCq2PAxhWEMzS0AhdnJ4bewo3OVJiAeNJGyj43z6qRD5fMqbyOrmRAX0VWCCQ0nIWnpphLE143yFnq+PxGBwG4RrZXOjxBI7HoUmUc8o6Ncso0jHDIzwvGPjj0++lrob7BHiKYaXkdj2XsUOrALjuqP4kWQ37pWeCJmXwjxAPUBadJb8VqM/ktN/IoaR81NORlEQ9OnLfTZPHC9tVP5IKR85nFweGPXRuuJIo9igrHeGQQrqgrWOAieQD2KoAMd0aB2HDJWymxwYi6G9GoaNQyOExrcOQqKra6IMPKOW9weV0YzTRi2uISLkeym07zkbcqA3uSVMgeAUeGzXTbyok9rtuEVqAxwI4RmO34VHWrsDtJHIwk6PxG4JXWPBGOMIjVDRnciPG6aB2WuwFZU9RqADtyob2A7prC5juFA4/ayzcxsgPHCrKinqGu1RNUuGfYEhSBO0jZqVKORyk+0Ctd+hZijqxolHutNC0PGQeRlYO9Wh9UXVdMcSMHA7o/SXWD/FFquRLJmbDUd8IJPadDS67ZLZM3JaB2RGpNOQDnORlOaiXJ362uxycmgE8J+MK5RGt5O4CWAuro5UwUuRugpafdHGkgbLmnT3QuOAkC0eyJjP4f3XS0BE0N9EtxHpAAzKi1nT9puJElTSMLgOQArDw3J2k/wBP7pcq89ElXGSxJGAu/wAN36nT2uX3DCsxXWG+20ls1C8tby4br2hrccLj4GyDTINQ9ClOrLMlmghJ5R4fDUPiI1t0keoVpTXLOGDBK9MuHTVqr4/CmpGDvlrQCs9WfDKieTJRzSxvPG+ypwaFPR2Q5iUkNe924KnxXF7SolT0D1FTtPgStkA3woJtXVdKC2W3SEDuAhwy4yvhwzTx3QHBcAFLiucDiAHb+ixHz1bSODa2jmaPXSk3qKMP8mW/kphjq9W63956DHVl2COFJbMcBYGHqaPAzNjCmRdTxf8AyR+6mDdHXwfZthKeURtQRthY9vU0WP8AtH7hOPU0Lf8A4jP5hTA1ays2TJiTucIwn2G4WJb1NCDnxT+qR6tgGMyHH3U5D/n1o3QnwQjfMfZefnrKl2aHvJ9lwdTT1R0UlPNI70YCSptYX/EIPo9CFT7BcfXRQgGQ8rDQS9YVhxTWiqAPdzcKxpej+u7gQZGNhB/qcjimiLWSb+2LNJ/GqRpyZOFFqurrXA3BkyR2yh0Pwfu1VJm6XQwtPJjdkrQUXwd6cpiDPLPPjnW9NjDI1TvkuODF1fxAp2g/KhzncABKGTry+t1WyCRkZH1Ecey9ftHSFgtbQyktkUeO4AyVdiKOJoETQ0DbZGqhkdJO385M8Ttvwt6nuzvDv1YGxO3cCSc/llba0fCOwUQYZnOmLe5/+atyWahghFjaQRkJqhgdDQVw5y2RKOzUNtibFSU0bGtGBgbqYwFuAigg8DCcxhecBMjE2QrUOhNG2wRNJcnRsz+SLE0b7ZR9DcAPA913wR/T+6K9jy4aQpkELQ1rnkDPcnYIwJJRILKcu8uEO4VFDaoDVV9QIo2jJJVZ1N17ZbA91LSD5+rb/wAOF2G/+bB/yXmFwvF96gm+ZvM4Le0Lfp/NGYLp54Ra9T/EeouDHUPTsL4WnIFU93lP5Y2WQbBUTuElTUyTy/ic45/RWtFbZaqVsEceGd9tltLJ0nT0sgnmwTzjChmUXPsqeluj3SPbVVbABy1pC9AoqOKmxpYAPT0XYImswAMAKQ0Y2ChsopjWlgKG54HCedsJMcG4yo9XcaWjhc+pkDPuVDXxBZZMacZPosz1B1N4ZNBQ4dM7bOeFSXjrKprnils2RGTh83+gTrfbCz+dUHxJX7lx3RwhuMN+qi+Ij6WlLPO465n7vef8gpscenAAR4abvjGyM2IN2xwtEIbTnTnveWAAAHCC7fZTHHAKiuOEwU+gPhhxBwuGFoGR2XXO/ZVl2uraeMxROy89vVHFZMOonGCywF0r44sxQnLuCVRuc57i525K6+R8hL3903GE2Kyee1FkrpZYkF3CMgkjGEZisQFxw7IQ85RH/UUI8JqFWP8AQOY8YKiS52wjnc5KYQ0kAqGeUwCgXSobTQE4DieBlS66riow7Wc44Hqs1PPNUyufI7IPA9EDOdq9VshiBGeXzv1Sbkp7YgANl1rW5GyJgaVWTjuXsHgIE5Bxgokx2OFHIJKiQDlg4kkkN0RExAZKM0ZHGF2OLONkZsenBIVZGwSANYRuVArKsAmGE79ypVfXCJhhjI1HlMtttL3ePMPsFC9sZySQ61WsvcJ52/YH/Mq8cRC0AAcJoAaMjZMkdqPphBKW06NNWyOGcMmopk0jWNwSEiWtG5VBfbo2BpMZJxtkLPKZV1ihEjdQXdjgaeI5djG3AWVeQXbfmfVEmmMpL+C7lD0+6yXT9GBzcuWNOcbnKcOyQajsgc7BA5WfbllLnhCggMp4VhTU7YwPLuE+mpxHGBjcqTFC7PCdFJIfCsaGk7YR46bhxCPHE0YGFJZERghqMfGv9gYYcbBqlCLTg9kRuljdwAs9duoMaqamGexOULltLlONaJNxvLaV3hwebHOPVZesq5qyYySuJ9B6JanOyXElcLM91nnNyMs7HJjA0gYwu4K4u6fdKdmBYNNyUTAQ0uUshdhUklzV7IcAiJwnQ0c9ZKGRD7lEpKWWslEcY+59AtPR00dLEGMbv3Pqtml0/wAr5M912zhArfb46KIAAazyVNbynYJ4C6Acru00qtYRz7LHMM0ANHuu4DkgMhOWpRwKGgHKMAMJuAuohdgkkkkzJeOORySSSoBpCSXcHlcUBEkkkoQSSSSgYkkklC28CSSSUBEkkkoWJJJJBKWCCSSSSZzUS28CSwEshNMjQcLHbZkENG7thSYpB3wPzUESt4XfFWK0FxbLNJJJcuUsChJJJJZB6SYkryMwPSSSVgjEkkkAYlw8Lq5kKEGHK4iHCGeVCCSSSQkEmJ6YoUxieknqFJZGJJ6SheBiS5q9l1UCMSSSQkGYC4QMJyShYIj0SwUTAXCBhQtJg0l08ripvIwahuRkNyFkzkaDlIenKII3enK5HTOcd1nsko9jqozf4objKSlRU3GQpIpKfuxZJTSZ2KfHX2JPorNBdhObFtuFZGngZxGgui0/S1Uppm1ePsguWRMFLBRzGc8JpZtwjSTK/izyRiD3KZ4zgdwjlp7IZj9lWQ/48md15HCFnfIRSz2Q9OEUUHGEodnQ89ylrKWd8JZCJRTHRlkb4p9F0S+q4W7crmj1KqUUglLATxh6LhmB7IOQugtPdDgvLkPyU7UTsmobpmNHKUxvQ85JySn591DdWBpTDXREY1HKHAxPJNc4AjcLrHtAzqxhVbqpxPl2TTVv9cfkrccj4pl2KyJvL/2THXKD1VDLVT6TpdnPsq90le4ngZ90myKHxj+zUvu0QcDr49VGmvtO0bS7qgbHKf755wfQorIKHHmccpDhk0wWCw/jzCceJkJC7U531HKhmG3sPOUN8cTsGHb8lXxZNcJuPRZuuIO8R++U112dkASb+irhT1WPqACJHBTjeoOClvTmurUzXsnC6zctI/VGZ1FXRnII291Xh1ANtv1RPEoW7g7pToi+GjX/ADLF1ItmdVV7RgcosfWd1iIGWvHo6Nv/AEVE6opRu07BcZcaXPcYSZaWC5wbKdfbHubNVH1zWgZkoYXfkjxfEJjcCSyA/wDhWRdc6UYwChvu1OcbZ+6TLSVv0aY+UnH+o3I+Idu/HaJB/wAicOtunJz56Orb64P/AKrCNvMDdvCjP3aui5UZzmmj/RD/AA4Dv+M2+mb7/ajpiXHmrmH3OyIOoLGceFc6lv3JKwAqqOZwAAYulsBHleP1Qy0UH0MXm7j0Vl+tBGf9oyz2ex//AERWX+1E4/2oi/8ALJ/0Xl7mszsT+qQA41FB/Bgxlfmrmz1ht5tjhqHVsYP/ACSf9Ev4zQEefq+Nw9BFIvKxCSM7rnhgdyglooRNC83eeqf7RW1v/wDMz/8A7i9Ob1VahnV1C8j/AJT/AJLywNH9RTg1o32/RB/Eh+if8cuPVB1fYm//AGYqSf8AlKcOtrDGRm5VL/8AwleXtA32wnNeGHGnKGWigxi8zcz0qXrSxuIca2r/AHT29bWBv/EqJD6OBXmwe1w4Ts43Q/w4DI+ZvXB6IeurVq2ZIR9inN+IVuZgMp3k9gWledh540p2fZC9JBDv+MXnoo+IsZ3FI3H/ACpzfiTGwf8AYwvOPGI42XTVNb6KLSQZT8zcj0gfFh0W0dOB+SM34q1rx/KgDiV5fJKBghq4Kw4wAi/hwJ/xm49PPxQuZz/Iagn4n3Qk4gA915sKmQuzkp4qX4U/hwL/AOMXHoZ+Jd4OcSaQU3/b67uzm4TDPusEJZHA4B+6YHVDdg/ZT+HAp+XvZuZevLs07XGb/wAyE/ru7OH/AM8ph/4linid5BLuOyeIZTgEqLR1rkW/KXv2aaTra7uBBuk//mVe7qi4OJJr6jfnzKsbTOz/AOqIIhgDSmfx616Fy1183+TDydR3Fxx8zMfu5BddbhMcGoduuBjAc4H6I0bWDsNvZC9PBei/5Fs/ykwYNW/6pc59khR6tyBn1U5jo8aQAnaG8lK+JJ8BqTfbIDaXBGAispO+FJ107Ru/GE0VtK3cvP6JmzBTxkb8qRjZHipRt7of8WpgCI43PPYAIkVXcHjFPSA+7gptwNjn0iRHRAAHGFIZSAHIQ46XqKYAxthbnthSY+nL9NgzVbWjvpQP9MOO70hojgb/AHkgb90UVVBBjE7SpEPRchcDVzl49yp8PSVtiIL4NX5lBKJojC1/iUct7po9oYpJT/hCYy63GbBpqCVp9SFr4LDboseHCG/dH8KKDAawfoijHPQ6NNn9TwYwN6mqyA1mgH1UyHpm/wBR5airDWHfhad08MRGpwB9EN16ijGHTtjHqVTplL8UN21xX3sqYekC04q5w4fmp8HTlipyHzNyR7qNWdU2iA5qK/J9Aq93XfTbDiRs0o9xjKKGksfoU9Tp6fZpomWCBo+XovFcPRGZWVAANHbcY4aRysLP8SHveY7NaooY28ahkn3UKbq/q6szqmbC3tpw1Njo7E+RU/KUw5gz035q7Op81MtNSN9Rsf1VZXXWlLfDquoyQO0D915pUVsEUplu95i8V27gZMlU9R130xSSmOOGSfTsXDYErTHS8cmOz6ghXxKR6bPU9PSNw35qseOBKcAZ53UiCtoo4w1tDA1gHLxnC8TrfixdtYjtNLDDE3gObnKz9b1L1DdpC6rukjtfI7BF/DX7OZqPqaMOK+T6Aq+prHQuBqa+JmPwt7LN3D4w2ekkMdPTSSgbaicftheMRxyB2t8pcTySU9zRsU2vSI59v1JqbPwSPQ6/41XioDoaCjjjZ/U7clUFf151Vcw6N9xMTHchmyoYYicAR7lS4rbWPPliOCnx08YHOt8pq7u5DH1l0qWBlRXSyM50lxwiAEtw4kn33U6Lp6rcMnbKsabpxrSPmjkI41KL4ESnO3mTM62FrnZAH5KQyIjGlmStZBY7ZFuWEn7qU2K10vmjiDnD1C0QrUilU5GXpqGpkwPlzj7KeywVLyPKW59lfNuMI+mLH5JwuUh4P7JnxYGRpx2V9N0o5xBmlGO6s4enrdGMuYHkeqTa2UjnATXSuePNIiS9BOqJKFHbWDDKdjcdwFyP5SH6H/koRkPBecLjailJwZcH7J6iKeEWPzzWjy/kmfxOrORHuhMNC7BkeTj0RPHpAAIW4WiqOGZrZYQLFwneSQ4590UULWgOqXfknCqmaMxbJB8jvNK45K6EDl6iHycMKyOhbgNZkj1RInsYdmYxwoh8Jp1Pfpx+6ZJXU4GkOyQtMJ4OPdoq5PlFmKk98YXTVwgfWSfRUjquTOY3YBXDUznYvGPsmK3Bkn4qmXLRbOrwO4QXXSY7NVd5nbkosMZB32TPlYj/AIXp1/SHdVTSA5cf1QTLI/8AE7H3RtCUdNI84YFPlZP+GVr8YgCZHYaSf1S8M/iOFLdAI8eLgZ904fw9m80v5BB8oa8fB+iI2I9uSnNpZ9sRgqU6vtUewy73Ud17w7EEZx2JQSuyHHx9a7QdlC8j+ZHhGbRjucAKvfdaqTG+EMz1M40ulOEp3sfHRVx6RceHSNwXSNyO2E01NFFv5Se2yphG8nk/qixDcKO9s0w0sEWn8Upxs1gSNywMtaPzUMAY4C6CAg+QcqIIPLdK1xAihjIQvErXnW6YgnsDwnNxjZcMjByVPkLVMEIOrDxNn809sNRnUZf3Tfmooh5jwgG4xb6ST+anyDVVH9E7TLyXZKaXP4LlAdV1Dz/JBXMV0uA5B8hWyS6RNdJk5LkySeMDzSqOKaqd9RH6ogo2NIM+PyVqwN1TfY188khHhS5wkZpCME8qQBRMwA4DCcKmib+Hf1VykmB8BAMb3ebfdc8B+N259lYCrpfwt3XRUtbu1gygbwMhp1+yt+VlP/w7vunCiqTzE7CshcJRhoaMJ4r5fUfoouQv40PZXC3PI3pz+qK23OB/uSFO+dmHDgi/OTkfUP0Qt4CVFcSGyhmxjGPuUZluPJkA9k8zSnJLuE1tRKTguUTyU4Vr0FFEwAfznJ8dK0HPifqUwPkPdOGvu4hEWo1r0S2wwNH95ukGM7BRMN5L5P1XRJCBgyOULexdImBsY9F1oYDyAoPjwnh5XQ/ffhUV9pZtMJxmTHthGaxpHlwVWNmiA3ecp3zByPCk4QOeCYgWHhpeFlQhWTDlyLHWkbk4Km9hJV+0SzBgA6Tv7rnhYP0/uhC5AbGT9kZtXCQN8n3Cm9hbKBoa3OOE4xFw27ogqc7COPB74SbI3vsnRntAnTRIjmlcfQfmuGhJH99H+qmtezYZ3T8N9Aj+Viv4NEu0Vv8ADWjIzG5CdbqQjBgbv7K30j0C5pb2ATI6hoy2+K09noonWeke76BummwxkfyawQH74V74TTtpCRt8EozK0J0dY8mG3wFU19qM/wDwa7g/7rd9Xp50dkXXFMP5Vbkf8ytTaYm7xZafzUSSjvcMn+71Xl7bkpq1b9HOs+mqpflEdSdddX2pvgOilDm8lucFaW0fHm/W6RvzlFqAGDrCzPzF/p8H+TIO+tuU03B8w019pjePVjE1anjk5Gr+l6/6Y4PWLV/aKtM8mm5UzWMPuBhbyxfEvo+9SCOmubA5w2aTuvmSSn6WqHD5uglYfZmFGdYLE8u/h9xfHncRvOP0RxvUuGcLU/Stkv8AbR9mxT0Uv0T88bcpssTX4BGQvki3XfqXptobabqSxv4C/IW1sPx46qtYay70sdZCNtBdp/fBWjh/izz+q8RqdLLbJHvzrdSvGSwKHUWmAj+WCD6rEWb489K12ltcx9K88tyDj81vbZf7HeYmTWu4RThwzgO3CvLiYLK7K/yRBNtniGQ3V+SiupM5bLHsVqTI1owW7HlAfFSSkFrc59UKlkRnkyFTbHEExFRjHU0gDnR6x7LYT2tp80Lt/QqK+mc3ySR7j2Rp5Dy8GZbVQS7OBYfdEELXDLSCrWptUVQ3S+No9wMFVL7FXQSZp58tHGSiLUsjXRdi0H25VRdulrLdAfmKQRyH8TNlafOz0j/DrKV3praNkSOroq5/htOHD1UGQm4PKPN7n8OHxBz7fKXN7Bxys7NZ75YphOIZYi05D48r2uooncR5/VV8tNUtPmhDh7oB38lz4kZ7pP4y3S2FlJd8zxN2y7kL2Dp/rOw9SxtNLWNjkx9DyvILr0lbLmHPEAp5vVowCVlKuxX+wzCahkfhpyCwlQjrhNcI+rmsLQPQ909rd8ZXzx018abzYyylvTDLGNiX8hevdOfETp/qGNhp6lrJHDdrjjdLaM1lEoM1IhIGUKSigqQRMwH8kRk+QMbj1RWu1dlYrODP3DpOmm3haBt6LJXLpiohc7EeMcYC9RUaWBso0uaPuo3gpWcnjlTasDOOFUV9l8eMhjGAnnPdeyXDpymqBlpDTj0WbuPSs1PE6TLJBnhu5CRKO4fC3HR8/wDVHw5tl2je2roWtfj6g1eQ3j4f9Q9NTPns073w9485GPcL67qrZGQWvZke44Wcu3TVO+MubGD6jCyW6ONiOxpvLW0/bJ5R8i1FRRVIdS3VjbbUE7SYIaT6j0Xrnw2/tCfFz4SMjpX1h6i6e/8AkOtf4ulo/wC7fy0c7f5q16s+HFtuMbtdI0k98bryqt6Zv/SckhpJH1FGc6oJBk49iuFr/D16iOy5ZR6/xvnpUrfp5bX+v2fdHws/tMfC74n6aGnucllve3/u+uww5/wSZw8cL190rqqH5esayeMgjDxlflSH2S+ZjqIRTTjbDwvTvh9/aN+M3wkjgt1U8dXWGPZsVY4ulib/AIH/AFD9V4Dyv0lt+/St4/R9P8J9dQn/AKetjtl+/R94R2Wps8zqmw1Gljsl9JISYj7gdiptNc6avZ54/AnBw5p239l5/wDCX4/fDf4txeB05eDBcW41W6tb4dWCc8Dh/H4cr0Ost0NdGWu8ruzhsV4TVeOnGThNNNH03ReUqugp1STX9jpllhIdjIKm0dW4bt5VTG+ooA2mrsSR/SyUenoUQ/yyJYXEj2K4tmnlGbTR2K7oWxyaSG4PJAkIwphlpp2aTh2fVZaKuxgHlToKzG7DgrO4sNw9k808sDi6mkcB/S7hHirTnRMwtP7KNBWOc4B52UuV1PPFpLsn19EGWmBtwwzZA8ZHCa6NrtyAVXn5ihfqaTIz0UunrIajZpw7uCr7K24RwwztOI3DT2BT2PyNJ+v0RSQOShYGc43UBxgfv3STEkBBzhkKOXvjOQcBSCQ0ZKA9wfsdkZEv0EjqWHy53TpWsnbhwChubg5C62cjDfRMLcfYEyTUEmD5mnuppFLXw6ZGMeCOCM4TmmOdhEjQfYquqKV9N/OpS4b7gFMzjkFrPRWXC21Nkk+cpC6WInzN5wELRRXYfN0TjFPjzBpwcq5gugePDqWZB2OQq692BwjNfZZPDlG7ms7/AJLRRqJVv7RU45QnRxXKldb7lG1z9Jb5hs4L5B/tNf2TzXQ1HWfQVAPnBmSrgbxIe7x/iO+6+sKO7xVbWw1p8Grj2JO2VYyMZUR6JWhwIwQeCF6Tx/lJUSTizlazRx1Mdliyj8cI6erpi6CthdFNGSx7HDBBHqpLDjnsvtn+0n/ZWZfYqnrXouIC6DL56djdpx6+xXxQ+B8FVNQ1DXRz07tMjHjBaV9e8L5mGpgoyZ8r8z4Cenk5wXAYSluApcbwGnB5VdgtOCixPIO69UpZR4y2pwntZJd5ikSG7Bc1B4QidPJVWLKARVXOidG/xm/SfRQYstd9loZgyaMxu7qkqIDC844XMurxLKN1E0lgIxxIwURxJ4OFGa/1CK1+MjCxWLPR1aJ7uAjnHHKhyfXlTDwocn1BVELUNOOB7eF1cZ9K6tUejk4xwPSTF0cpgIc8IJc3PKL+A/ZRMnUrbwW+Q6SazhOVlDEGXsjIMvZCxsOhqSSSgZx3ZOHBTXJ7UBAEoy7CjyDdS38jKjyYzsl2BoWMkKXT7gKIOVMpxwEUSrFlEyE5UjsECLZHPAToGGxYYVnK2nQcWurccZWLj+pb34fNxK5xHIWirs5/kZbaGbOX6sA8KZ080y3MnGzQMKuk/Fv6q46VaNfikchdGJ5iz8Mmox/veO3/AKJ7fqymwb1DSuTHQx8h7LTnCMOMmQuR+a6mjj2IacrZF/huijaMN0hYe2f73f31BOQCtnKA+tpYyMhxAP6paeRlvSRfuf8A+7ACNkenjEdsc6M6Tp5UW5/yoWsaPKdgESpldDaMg7kY/ZEjDN4YrUzERm1c91MjlDA52OFEtbcWyJ3c5XKuYU9BPKew2RvlA438HlPUc/zfVOgbjUf81sbRllKNlgra83C+TTkZxK7/ADXodC0Mpw3G4S4HRs/CK/QO6ymOLWsBdZzNUn2C0t6q5nTFhfgDsFkZXOdK4k5OVV0tqyatFX801D9lrb24pQ7CbM/U5HpyxlDqO2AobWue/PqV4zzFmYtn3r6e0iqqhBekXtvYGU4AHKn0+S8HPBUaFobC0NGNlNp2gMBxuV891by2fUdJDakTYW7hTXACmee6jUzdhkeqkVIIpnLj2cs7dCK4d0526a1Ec3hKGSQJjtMoyFPaSWglV7x5gVMif5AEElkqMshB/eNTawHOcJjSPEbujV2DFkcqs4BfKIzR69+FS9VW4VtAXgbsGVoGNyBj0TKin8WJ0Z31Aha9JZtnk5XkKP5FTrPIGnSSHHjZS6eQtIxug3qhlt1e+nkGACSD6ptJIOF6eEt8cny/U1fDY4lzGdYGQigYUWJ2nGynRuHlPCIBdnXx6xghQXDwJiCzON8K0GCBso1dFqPihqW1xg2VTwW1qn1w6ickqyy2Zpje3IcMEeyzFpq9FQInHyuGFpmt0EOQJ7ZZRtX3xwz5t+IvT56f6pqaaKPTBKfFjxxg9lnMYXsvxssUssdPe4mAtj8sh9uy8bL/APCvY+N1Hy14Pn/ldP8ABe0dSSSXROWJdBwcriScngBrJPpKl7DvwrykkbPGHahlZpjsfkp9BUiOcanEBbaLecMy21Z5Reyg7YT4HEFNa5sjcjcJoznldFMzQeyeSzZINOwR2uVbFIBjKlRSDuqOrXapckxpOUfGAFHZ2Ulp2CLGeToQkEXMBIbZThyg2jhYI4RGuOMei5scDC6psYwLGcFVd86dguRFTTvFPUs3Dxtv7qzBH2To5QzIPdLlDITxKOCD051NV2+dtqvZ34jm7O9luYXsmaHxuBB7hYyut9PcYfDlGCN2uA3aVX0F3uXTFS1tU909I86c5zhBjBu0uvenjtt6PTAA0A4XfyUOguUFfStqKeUPYRnY8KWDlFnJ3q7o3QUoMIkkkoaoDl0HC4nNGSoMishE5IcJ6DCGxRzAXQ0FPSHKrahqSwIRjnCJ4WBuF1oyOUVVhkxgj6RnGEVrQBsEgw53GyM0eqFpExngFgjgH9U4t1cjKOGjHCeWt7DCm1BupS7IYt1HUbT08Lv+doQZOl7HUbOtdL/9zCsmNA20hSI4yT6KOKJHTQfaKE9EdOv+q004z3DEF/w06UkzmhAz6BaoR42witizgpfx5Gfw6v0Y3/2U9Kudq8GUZ9HIg+E/SmN4pv1WzbH7ogi2U+JEWjqXox8Xwr6TjcHeBK77uVjB8O+k4sEW1rseq0LIvNwpLWcDhWqw46WvPCKWDo7p2HHhWim29YwSraGzUEIb4NNG3Tx5dgpIYQPuiMz68I1FI1QpjBZSRyKFrNgwBSI2AfhSjZqKkBoGMdkWxIbGIItPonjIKJgeiJob6IuEPS4EwZGdOPzRAMkbpMx6J45VoOMR2BgbJ4DR2XQdgi6C7CbFplgtXsnxnPA4RRGDjI2Kf4lLEASdJ7ogxRs1HGeUUhkGDK4NB2yVAlu8YPh08TXe7lDmlqak/wA2Xyf0hWE3ktKi+U1FIYaaJtQ8ckjy/qsh1BWdS3WV0DXiOHs2PbZWzIg04I27J4afVQRbyjFxdKVDiHTRjJ7qwpuk2587QPdadjNRRC3GN8IzI4c5K6ltNLTRtaIxqHdTWMDeAn6fdPjGCMjKhW3ASFurYoj3+FyOVRXbqe22fLZpf5jfwrBXfra732oMNte5jOC5RLJctTGs3t66xoLZmHPiTD8LTwsTLXXPqGr0zkmLfy+ifaemJap0dbWPLpD9RPdbOitdJTgFkeDhFKODNbdK54fRV2fp9lNGwOaMDcD3V82lEeDyiBgbwn5GMZTYvAhwXYzSGjAQ5OydIhPIG2U0VJ4FK0nGFFlGBnlGlkDRnIxjlZa938E/J0Z1PPcFNSyZb9TGiOWHul4ZCDFF5ncbKmLJHO8aQ5Lv2T4aTh8p1PO7in1OA0AJsYnntRqZah8keQAYwhnhddyhS74T/wAEY7Hga47nBQHE4IRsbFDxnuhbyY5yyBIOcrh2RSAgEHPCYJnYl2R3nU8FRrhNFTwF5fgnjCJW1UcEeSck7ABUdVUOl+rf0UObfqItYRFlmkndqkdkdkDSPREJGUxXg5Ntg1McRg7hInIQCTnlCkZnLPAnHJTSBjK6krBcsAjyiRRaiBwuAZOFMghJHCgVcXKR2KPSNwh1lQ2njznG2ydU1EdJGXyHfsPVU7fHrZdTtwf2S5/2NOFnA6ipDVzePK3YHIHqr5gDGdtuFHgYGRhoaBhPyeA/9kDeOTVVVGPKHPnycDskSdJwEwgDuq+5XMUzCQ7B9Emcsjpz2cg7rc4oIXMc7fusbXV0tS/Jzp7BEr6ySplLnHYnhRCGu2KzTlngxXWb3kCHFxRQE0ROPZWFPROkALtsrPJZ5F7c8IixROkeABvlW0FPoIRaajZG0DSM+qmxUrtsDZEuh9NUk+QUUPA04UqOHAzjhFihA5ClxRtGNkw3RhjkixQkHccIlVURUsBkc7BA2HqotyvFLSO0MGogdlla6tqKqQuc84PbKTZZgXZOMViJKuF/qaxnhRjQB3BVXgnd3PdIHK6kuTZhm9zycwFwnK6eE3U1BJ4BGjlI8ridq9kqSyQ6kkuAazhRLJG8HCco9NSSVJwzYeqJFb5ZSC0YC0VvpW00TWNaB6+pW/TaZzeTLbft4OW+jjp4Q1jMHkk91NaAMHHCcwDGQnjhd2qmMFwjDZZk4GhEDQEgMIi0RjgUcXUkkZBJJJKADkkklCpiXRyuLo5UKH4GMphByiDhIgYyoQEkunlcUIJdwUhyieXA2UIDwVxE8qYPqUILBXEXbHCC6UAFU5JEOpIDpwDwmmcgbbFJlckElkOueL6BRDPNnAcuanepWed+SEnxfsl4o9lGyfUpZPqVmna5ExkMZjjZCMxTU1IcmWgnjOXPGPqhnhRiTnlZ5yyGopmvwfRJSn9G9YNHmqIT7BA/2Z6vgdl1MyVv3Xk15zRS/rO1Z9H+Wr/+nkYkiG0dSN5tn6FMNtvzNzaZv0TI+W0kupmZ/S/lo/8A0WcSXRR3Yf3ltmb9wmmC4Aeajk/8qP8A4lpX/WhUvp3yke6Zf9h+R6pKM9tWCNVNIPyXBLJjBjd+iavIaZ/1oD/gfkl3SyRkeqYga5M50OTxI/H92f0VfzaPUgP+Ca//APRP/sGJGEzzdkMSO/pP6Imo/wBJU/m0/sp+H1y/+k/+xzJSS3zwlj2Qy11K9hx8Hr59VsSWCkAeQD+iK1urAEbx9wh/4hT+x6+nPIP+gEuZHqpQpnu/AcH1T220uP8Acu/JDLyVMRkfpjyEv6CFkeqWR6qxbZyR/dOXf4Mf+7d+qH/ilJoj9IeQl6K3I9Usj1Csv4Mf+7d+qRsp/wC6KGXlKkH/APB2v/sVOpdyPVWX8GP/AHZS/hGnfRhCvK1ZL/8AhDWftFZhLB9Fai3AD6EvkQPw/ui/4nUT/wCEdUu2ipLXEbBcLXY4KtDShu2hcNOB+HCF+SrfRa+k9Qv6kVpa4/hK54bjsQrMQN/pC74DRwEX/EF6DX0vcu5Iq/lnnfCXyr/srMta3YtCQDTy3GUmfkMdDYfS8m/uef8ABWfJlObRkHJVoKXJBDdvujClBHAWezyE/TOnT9LLHMSsbS4G7U4QgDZqsDA1pzhcAYNsLNLWSm+Tt6bwFdUcJIheEfT910RuHZTdDf6QuFrQM6Qq/k5N8fGVx4ZGEO2+y54AIUgkjsmudjfGUSub6Kl46leiKYG7lAcwbjCkySE5wFAd8ySfPt6LZXZwc6/SKLxFDXMbnlMwBy5d8KoO/hnCYYnn/wCamb0c90T9I46WEA+fdBdIDnCeafJzgLgj0nKiswxL0k2CAO+AcLjY35zhSHPY0ABqA+oP4dinb8hR0mOx2ggcFDdgZQ3TzE/Vsh5PcoXINaSD7Oue0HzOQ3mb/hnCdsU/AG+ErfgctJH0Ria47Y2K4YJSPNJueVK19g1MJ9kMpZGR0kV2RzATuSmFjWjLWbopeMrjtOCoDKuMOgBf2DUImV/94AB2T3OOeEFzZZT5RgBMJlQHOw33Qsl24RfAcU8Q6PwlKcchbsgDG45A5KZHRvJ822VJL3R8HA7oQqYt8uOVNhauUex4pwzBJBSbGBwMlMM+sgAJeK7HlG6tRwNWogEPiDGsYH3XHOpnDExQS2qeQCNvunmjYcGT/NA0OhbnoY/5M58JpcfRBLZJCAGEBWMMDGNwGZARywHhoCVt54GxZUtpZM+ZqlMpwAPKApeiMDL5Y9u2Ux9RFjDWud9kMq0zXGxLsYIWY+kJeHTDmEJhc92S0H80wNnccSgYWdxC+eL6CaaIfUwD9EMspu0QXDTF25z+qd8t7qtoat/QMsgG4j3QSDnZTfCPcruhg3wq+JsJWEYl/okDIOCpGG8YXdLfRV8ZbtkumA8ao/qyneM4cjKd5RyuZb6qfC2VHVTXGR3iu7hOEvsuBrU3wyh+FD46lvsK2oI7YTjV7cIIZkpxhJGEMqMhvUy9D21pCM24RAZAJPoojYNDtxypTaaHGTHlK+IZHUWP2EbXNIwGpwqdWwCGabvGxNwBsR+6r4sjY3SfbD688clM8GpJz29iuNAHHb3TjUN04ZklV8Y53J+znh4+p7ifQlPjfEzGpwUSWSU8NygmKrfxER7q9hP5D/RbCSDGxyuCeIHLXYKrG0tce+EYWyscN35B9lXxk/kMmCvAGkSjH2SNZFjOoKM20T53IypMdjmOMSx/qqlHA2Nk5dIZ863OAUZlTIBgHZTKXp6Z2HHSQrSnsLCQHRjKDo0RhY+0ULZJXOGHH9VMDagtB8POfdXwsdMzGpu6kxUNHGAHnCCXY9Vv2ZrwKhx+jCPDRVMgxp3WlEVvZvqBx7JzK+3wDB04VPLQ2CivyZQMs9e/8OAe6lR9MVUgBe6Q/ZytZL9RNP8ALjaUJ/VIaMNjAQbW+kPTpQyHotrgHSSuJ9CVYUvStNDjWAfyVXJ1TUcs5+yC/qW5yDeQYVOub9BO6qPRraay2+Jv91H+gUqKKghADnQMxwHYXn0l+uDz/fkKHJWzzOLpJXk/dXGiUgHrIx6R6dJX22EeeohA9lFl6htUQz8xGfzXmslS/GCXH7lQJ6ncZwPzTFpWLn5WUeEemT9bW+I4AzjuCq+q+IUQwIwT7bLzqaugjbmSUN/NV0t6tsRzJUBMjpof1IyWeanH3g9Fn6/qDtHG72OVXVPWl5l+mTAWCqerqCGP+VmR3sq6brOVw/ksOfTZNWnjHpGK7zMn3I38vUN5mcHGqx+Sg1FbNM7VVVbt+TlefT9S3yoOISAD7KNNPe6kZml57I41JdGG3y07PxZvp7paoRqkrQ53od1Xz9aW2nb/ACY/GcOBhZBtvmkIdJIM91IZbTjAw4+wTI1tsyy11suy6l6+uWwo6WGPHGWqpqL71HXyudPWPaHdgcBFgstXI4BsR342VpF0tcnAOLQEx1NiJ32T9melhmlJM0peTuSSuRxebC2dL0m3SDVyD7BWEdjtVPgthy4d8q/iZllCUnlmIitk0wzFEd/ZT4Omri7BLAB7rXsihi2jaAPsn+N4atVlxjgz8fSzg1rqmYD2CmU1joYSC461OkqSSVFkmdnZqP48DUsEltLRMGGxDZODw36cDHCi+Ie4/ddwTvlRJoNdksTvP1HP2ThUEdlD1gEZKK1wGExRQ+OCSKp52IGFwP7lu6EHhd8fI0gBF/gbGW0PqbndLxQBsELS4/mjNiGxKYlknyHRNJ+LBTiyZ+NOAF0BrV3UPXCNRBnNJDmsJ2cQitgpsZ0gO9VFMuFzxTlaIxyZJWJEsNY09sLrZ6ZvO5HoopLjtkpuW5x3T0sGO6zJLdWlrh4eyb475N3FRyQDgpzZGdytEOjPL+4Vzi7lMLc9lwysHJQjWwDPm4TehM4ph9KQLhuQojq8FuY91HNVVzHSzYDuq3iZYRbmVjfqICRrKdo+sKrEVQd5H5z2R2UUAw7Jyr+UVKK7RMNzDtom59Ew1ldjAcGAoQaxuAAnqlMoQlqST4kmrKWk90gfZPzkcKNhYRzS30CQa0HICRaCeF1rADnCW5BqKHYG2yc0rvbcYwhvqIgMZ39ELlgtRJMfdOJwMqvNW4EhjsIbnTuJzKluWAtpZGpYO6C6uiGd91DEcrju790dlOeDhUrBsY57HOrXk+U4C42R8m2UZtKzYvGfsn6ImAaGpgzYDEZfgu3UhlNFEMhv54XGg4OEMySk7v2ChIpD9bI9mdk/5vbGChO0ganEbIZrKWHzPk++6gLnCHbDvkd3zv7puXHyl2yhT323MIHijZRKjqa3NAGtQCWqqj2y5w0YJIKfluQAQsyeqqFh5J/NCf1bCDhkDsdjlFhiX5ChezXgtHYLur2WJPVrs7Mfhc/2sl/A1+Vai2Jl5WiPs2+v/AUzxHf0n9Fix1TcyfK12EVvU929HD8kSWBb8tS+EbIF59U4PkA7rKR9RXQDJcBnspI6mrMDU0FC1yGvIVyNGJJD3TwXtw5ZYdUT/wDdp46nd3aUTjgF+Rr/AGav5hwAyE4VLXbE4WUHUwOzgUeO+QH1/MocFLyNf7NOJ4SD5/2TRPCD9Q/RULLzT908Xen7DlTDGfza/wBl740PqP0T/Gh/qVELtAd8IrbvT53KmCnrYemXIkiJxn9kUeHjYhVDbxQY3eMorLpRu4kQuGS1rIfss8s/r/ZdDmd3KE2WB4DmyNIPunCSPs8fqiURqvTJQ8Mn6gfyUgFuBpxlQ45W54yixuJOxVqAUpqSJokwNinZJ21KKN+Cutc5pzgqpwLjPLJjWPduCisZUYw2ZQ46jGxCPHUNIBwr2j/kwH8G4HdmHD7rrW1o+qlefyXGTEEEPP6qZHWO2ySVWGT5ckYVAGz2ua4cghdbOSdpvyU8VUJ/vo2k+uEj8jUDQ5jRnjZU3gbG3BEFQSADIEdkmQn/AMIt0mNyPzTTZqhn/ZKokdg7sr3tDvkz6FueQf0XMAfhH6IRob7CcZa4eyEKuthfiogdt7IlNsFqE/yRJMLHfVEHD7IM9HbW4MtO1h9cIsd4oWt/nZaR2UltVbKlmsuaR7HdX8so9EWjomuytZQ2158j8JsvT1PUDLZng9sFXTrZSSeZgA9EKa2VjW6qWQZHY9wrWrnHtme7w9dya2Jmfm6Wq42l8RDscA8qNHP1DanZijmY1p5adlfP/jEQ3wfsmRX0Qu8Kvp3ffC1VeQl/k4Gt+k9PbHao4LKzfGfqe1uaZpzM1owWSc/qvRrB8d7Tc2NFzi0ScHHIXlrH9NXCf/eKYAnvwgVfRFBUyeNRV7Y2Hsd8LXXq4z4lweQ8h9E/FHdVLJ9JW/q2zXbDaSsYSRxq3Vpq1b/uvkd9v6s6cqfmbdJI9rfxMceForH8ZeprY4NuIfPp2cx+y1KdfaZ5HU+E1Gnlho+k5Y2EZUZ8MpP8tgP5rzvp/wCM1gurY45nGGZ31Nc7hbqivlDWMbJTTtdqGcZTTlTpnW8SQR8L8fzYG/mMqlrbDSzvMkYMEh3y1aU1DHN4z90MwNmGnGM7qC+jHmG92/OHCaJv5lPgvETz4dVEYzxkjYrSTUdUzPhR62+yrp4KaoaYammHvluFCEKWmiqQH072k+mVBlpaiHeeAhvqN0WSzvpn+Jbp3N9i5HZcamnxFWwl47+hUCU2jNXDpOx3hpMjf5h9eFkq/o69dPzGqtE7ywHIAPC9X+QtFwZqpXmmm552JVZVfO246aiDxI/6huEA6Fm78jOdMfF+92WRtJdw97G7efdew9M/ECy9QRtDJ2skP4SV5ZXWWzXpu7GskPss9V9I3myP+atdQ/A3GCVCWQjP8UfTzZRgHseCn51YXz1098Xb9YZWU3UED6iEHGSNwvYem+tLD1JCHUNX58ZMZO4QyWTNKiUDR6ARlAdE1wwWjCeH6hkcFd1D0SW2gSrrrHS1IJa0NP2Wbr+lpoo3PAa9voRhbknKZI0PGDwpkvdg8juHTkUzThmHehCxt96N8Vrg2Fm/q3lfQNZaqOdml0Yz64WWuXTNTES9gErD6cqSiprDHQvlDo+UerPhZT1Wt7IPAmGcPYMLCH/aTpfNJXU5q6RpwDjJAX2Jcumo52kSQgH0IWGv/QMFQ1wMAOR6LFdpYtZijt6bzE4xULFlHzwem6C9sjutmrXUdfGdTSwmN7T7OC9n+Gf9rjr3oCWl6f8Ai1RO6htDDpbcWj/eom+/eT1/r/VYm/fDKqt8zqq2l0Twc+VVfzMUjPkLzBl4GkvLMtd9wV57yHiIauO26PP7PWeK+oL/ABtnyaeeY/o/QvpXrfpPr60svPSl3pbpQSY/mROzgnsR2KsJaYRZfBnH4m/9F+cVqs/WHw8vn+13wuv09LWHeWKLJEre7X76Xj9wvpf4P/2w+mOsZqfp34jiPpnqKQCIF21LUv8AZxx4Rz2d6r5v5b6Wu0+XXzH9n2LwP1ppdW8WvEv0e+ecHOBt2RoKzThsm3ou+GDuW7+yBURtxsF4K/SSpk1JH0vSauOohuiWkNXqAweVOhqM4OOVmGTywnAOQptPcm7anYWKyr2bOJGkD9Q3KHJGw+YbO9QVCgrQ4Y1co0c24O5SsMrBLjqnuaGv5G2UdkgP5qBrB4GMIrZtGAd0OBbiTkkFkwITzKFQs7URuljLGnBIxlUhq623ymK4QuLB9L2jIIV+053XZYY52lkrA9voVC08FbDUxVDNcTg4JyBU2iSheZ7dgs7w53P2QYK5k7vDLXRvHLXbFGw8omiYxnHqjNmD8ZwobXatvROaC3f/AFTM4IlkVTRZd4kLeeQhR1L4HaXBzCNvupjJ2sA1khKWKGqbwD7qwWkVF3t1NdIdUTGR1Dd2vaMZ+6g0lbLG5tJWxmORowHdnK4lpX0/mGS3/JQ7hRMr4P8AGOD3TqrnBi5Vpj3lkjSx+CCMbr5f/tK/2YqPqyml6r6RpfAu8IMlRGwYFSB6e/K+gaavmgl+TrCWuafK891fRPhrofAm05xgEr0PjvJy08lJM52s0MLo7Jrg/IiqttZb6qa3XKF0U0Di0hwwQR2UZ4cw7Bfdn9pD+zQOqoZuo+laIC9sBe9jRhtQP+q+Ia+hkoKua31cb46incWSMe3BafsvrvhvPQ1MVGbPl/mfp/ZJ2RX+CGyXffsnvw9oKBIws3AOESOTg9gvXqyElwzwltEqZOM1yDyWu0koNVAJG5CNVRZzIOyFDORsQkWQUga3hlXIwxv0kYRWtB7o1ZCXkytH5KI3bk8Lm2R2ywdKi3aySWDB8yjTAAjdG1chRpSdQOUl/wBx9s90cBWdt0QclCjOMIgcO5T4vhIxnE5qakmoUx+47IA+pHJOEAfUrbyXkMz6QuprCMAd05EUzo4KjVHIUjIwVHqOQgkNBDlEHCGOUQcKIMTl0EYKa/hMaTnlAQbOcOBCjuOSjzAkjCAeUuYaCD6gpUHZQxyFIp+ArSyVPosGcKS5RmcKS5aK/Zju9D2r0noFgbb5H6fN6rzZnK9N6IAFBstNEcs5fkuasF9KdnE+hV90zH/uQeBv6qgqB5SM9lpunY9FrYPddCKyeYve2GC6p36TnGUK9zNhtVQ/G+k4/RKnOg5zlVXWNZ8tbCzONeQnSWI5McPzSKPpTVJJ47hu4rbN3r6X2I/zWT6WYBFFtjbK1lKNdfBjfBH+aXD9jbe8l5cf5mlgHfKJdgGWtoO2RhAmcXV7QTsDwn3+VwhgiYcF0gH5JyjkxtZJVDHotsTc7jdVHVVR8pZJ5M8jCuWNEULGjjCxPxLuYis8kA5KnXZdEN9iSMb0e0PndMRkvlcf3XoDHhrcdsLHdFQxCmEhZg4WmqJmsHKE6Fsf9TBm71Un5hwGO6qIGeJUtOdi4ZR7lKXVL/dNtkf80OKzaqe2pnc8Bpfm1UUvRZVYApy1vY7LlDGMgkJVG+B2Kl0TAADheB8rfmDP0D4fS4wybEMABWMGwaoDBwrGAEaTheE1NvJ77Tw4ROgA8uykVoApjhCgBwE+tGKYrmTluZ0oLCKyHkI7xtlAh5CM8gN3UfYcuiNL9QRYiNt0GfchKM4Csz7sMkawx4JKPKS4NPYqnrZjG4bq3gkD6ZhICCcfZHJMLG3AARMN7BMj4CJgqVtoXJJvkwnxEtRdEyviZ5m8/ZYallcJG6XckBez3eiZX0MsD25y04XidVC+33KWlkGMOOP1XpNBfvjtZ4Lz2hVd3yQ9mnYA4AjB+ykRHcKDbXh0O5yVLZyukefJrNsb5XZWeKzSDhMjIc3Hoix4HKAbB4KaV5pp9hgtK2FpqxVUzH53AwVm7rTAjxGhSOmaktlMD3bHhKlHJsrkW3VNojvtgqreWguew6c+q+W6qH5WpfABnQcZX1tkZAzyvnv4r2KOzdSySQxBkNUPEbjjPcLseIucLNrOB57Sbo/MjEpJJL1p40SSSShB6c0nVympDZEnhlMvrdXNdiKU4J4KtSzAzhZJspbgK8t9cXMa2R2cLo0X5xFnOug1LJPGoI8LsOG6aMFpIQozpcM8LcXTfteGW0btlIjfg8KDBINOFLjOTwodeqwmDcJx3QmPBG/KLnKiNsJnGozGh3dDxnZIAt/NGksDAr2kIUpLSO4RckjJCa9mpA0MOxvdgZTKiniqojDMwOafVIDC6H57IJQUi010yngfcem6sT0JdJCfqicdiFs7B1VQ3n+RkxTtG7H7foqVwa4YOD+Soq6zVMNSK+2TaJGnVgd0pwcWaNLqZaeeU+D1dp9k9YPp3rtzv91uoIcw6T6hbSkr6SuZrppmvHcZ3Cp8HoaddXb/AGJjkmHBSykACRhQ3wmu0FbwnDlMacNCeOVDRGSYccJLgIwuqDFIenpiepgIIGgHICI3lMTxylBhBwiIY4RhwjDQmtAOwR2jAQQDnhGGwQt4HxSQREag6j6IrHb8K8hhYs5GUVNYAG7IreyhY9n2RwMITBnKMrHxjwOT0xEbsVAwjHFu6MH57IbTkcIkYyVQ2MQjPqCMOEyMbBEDgNlYZ1qK1pJwh62N3c7Caato4PChCdHGGjU4gJ76qnYzY5KrnTvfyU1vOcogm8kiSuc7Zgwgkvl3cU3T7pZ0oyxaGjsERMByMp6MrIkklwkDlQW2h7SnEge5QXyCNpJxsFkeoevqG1+SB/iTb407hGzNddCmLkzUXC70dthMlVJo9F55fPibJLJJSWppdjbxPT7BZCvut76lqnNdO7S48DgBajpro5sTGTSxg+ue6hyZauVv4lfQWytvUnjV0j5JHb774C29j6chgYxxiGkck91a260R07A8sDQeAArCOEjYDACgUE5PLGx08cbQ1jQAPREAwnBq7p90eGx/R1MLuxISPCC5xydym7MirGEkfoHHKg1MoZzwu1VfHDGXO7fusnX3ea4SeBSahknUfRMjE5uo1EYrA663507zb6HIyf27qPR0kdO7xNGXkbk7p0FEynGs+aQ8uRHS42DeFqhwcPU3Ox8sdLsNlEkJKOTq3Qnt2KZ2ZG8EY90Fx8yO4jJQDvqRPkz2TGEY7ph5XSMoSJxwYbJcBdgqy413y/8AKYdzuUq25MblsZ82OVRSuklcXPOSe+VZzNRqV0jlXKZXayfZRXkYT3k53KjzHjdTJyrJ5Yxx32KYeUgSe6W2FcpGSdhw8IR5KaSc8pyoS7MCTDunaguNGogb7+ihFPe8D6WEyE7ZU7DYIXvOPL7qTT0opoxqDeMrM3y4umqHU0MmnPKj4NUXtRGqJ5KucuccjOGhW1BT+FEBjzHclQKCic1/iP7DhXEQAbgBKbS7NlUG3lhOBjKAS4d05zvdAkcMEBInLJr6RyaqEY5AwshdrgKuc6Bs3IU69XOIsMDDk+yz7SSSDuUmTwZLrecDX+fhKGFznAFGbG5xAAVhS0ZwHEAIBEIStlhAYKPIBIVnBTAAZHZOjgxgYCmxw4AOEs6dVCQOKnA7KXHGGjGOF2OMjAAUgmKFgMp07ZKhrjWl2A2bzsqi5dQRwh0EO7uMqHeeoRM59NRDyN2LwefZUxOdzylOfow6jU4zXAUkj5ZNb3EkpicfX0XCM90maMWc9nFzU31XHkAboJ3yMoG8F4yOyPVNyU0QOc4HB/VSRTuDc4VdhqH7BLo5Swd9uE4Mcr2uXRHJRE0ZJwp1FRlxDiMJ9Jbnuw5wH6q3hpvDABC3aXRyxukYr7vRykgDGjAwprWkEJU8J22UoMAAC69dGxHPnPPLGDcDdEckdkRa4RESeRJJJIiCSSSUIJJJJQg5dwUhyi5YQMjCgmcsgsFIcp/lTDyoTOQgIwkSMIeSlk+qgwR5XEklCCXXZ9VzO2UKSqa3bGVTe3siWQ3HKaZGt7qK+oL+FHdI5/dJnckM2EyWr7NUaSY4+6Fv3OU4/dZp3NlqODoeeV0ZPdNAwmSTti5Kzzs9sKMXJ4QZI7DKrai8U0Y+rce6rZepBgtbIs1morXsfHTTn0jQmXHZc8YeyyEl+nJJa5RTfKsk7/usk9dXH2N/gWG18cdh+6b447gLE/xyr/qP6povtWDnP7pD19TL/gWG48fbcJjXtOcFZFt/qdg4bfdS4r/AB5iSe+6X/MqfstaGxH10IWt4ITjDrCzLutK0H+dY5v8AwNRI+tWDHi2upZ+S+HbD9Ou6L7L0wDONIXH07MfSFUDra2HZ8M7D7tRmdW2mQYMuMq1uh0RTiyU6la4/3YTDQRHmBv6ITeorOTkVIGUcXy0PAxXwj80XySL+1gnWumPNMz9AmOtFFj/ssf8A5Qj/AMXtTiMVsZ+xRRX23Yiraq+aa6ZW2HtFY6zUedqOP/yhDNlpf/kSMf8AhCuRW23j5lqeKql0+WSP/wAyOOotj7BdNMv6SgNipP8A5Ej/AECX8BpP/kWMfkFdmSnJz4jP1XPEp/8AvWfqmLV2/sn8Sh+ijPT1KeIox+SaenqYcsZ+i0GqAjZ7UFxZnZwTlq7P2B/Bp/RSix0gOfCZ+iJ/CqUbCJmfsrUtYRjKE6AY2er/AJdntlPRVLpFabZDyI4xj2QjTQxbtjaPsp5gc7OCf1Qfk3ceZNjqUvykKloZS/FEB5aBgMChujJOQFcut7n8ZCDJangbOBT4aqP7Mk/H2x9FVpHqloKly0NTHwwFAMVZ/wDI4/VOV6fUjLPSWR7iwBb7oboiDnKlilrD/wDDnCKLfUuAywhF8v8AzSQj+HbY+IFeYgUIw7q3FrqDvhFZa3DaRuPdX/JhAavFWz7RQmEDkIfypcdsBaVtFRMz4zmj2KFKbTCfM8ZPoFP5if4or/g+OZvBRi2vcM+IP0SFtkP4wrV9zawmOCj1N7OKivNyqeI2Rj2CZHUzlxkU9DTX/S5EcUMUWPGIK5K+gibtglONqrHOzJITnlcFjYDmTKNWtPmWSfA//pwwQZaynDsMBQ31ErhiMYVwy10wH0hFZRQDhgR/K2GtJdLtlC1la47tyEVtNP8AjBH5K8MTWjYDCGXMzu1ArcEWkjH8isFG4jdL5Q+qsC9gH0hR5H7YwijPc8k+Kqv0RTB64z90J0HKOXEnZDOT2T08CbFB9IiugHohGJrclSSzclDMOc+6aptcHOthl/aiMXY7IRA/pUo05O4XflvyWmLcjNKuT7WCukZtxhQ5Gv3VyYW75IA+6jvNE0AukGE6M3+jPKqM+3gqfNuCf2QjE/nScK0fV2iMHLwSoct1oACY8uI7BMzN+jPJaer8pEYxP4xuueBUHiNPdXiX+7jx3CGKyvk2bDhWnL2hTuoX4nXUr2AFxG/b0TSY2Dzu0pj4K+c5LtKEKKQPxUzAgIoxyKlqVHoc6sgacB2ShOqNYIDVIENAwbnJQ3Ppnf3LRsi+Mxz1zbI5bLIfKE7BGMomoD2Q3SsHDtSm1i5aqL/JjNOey62ObtHsmmfHCa6qlxgv2R7Mi/5UAuwGXEApjqjy6fF/LCA5+eSd0wMDvwq/jBlrPUBzpA4kdkER5yiAb4yithc7Aa3lVLEQ4SstxwAjgcSPRSm02wOMJ0VJVjBaMAqR4bgP5rw5KnPCN9NOOZIBgNxuiZhaM6S8ohjgHLTlP8oGzQlp5NcFhEUyyAkMAamkTu5kGD7I2QTkNXHH/ChCTeSMYcnLgCiNaG8bLjpWN52Q3VcAH1qPkPfH+pkloZyTuFxzwdy3hV0txiH0u/dRJK+oecN2CH40D80Y9F0ahrBwMBCNxgyQSf1VH4lS/d0icwY55VqGBT1Ul0WclyjJ2YcBCNwDsYYVFDSUQRYxkYRbEXHUzZIFSXcBc8SfGdeyUUfAxypUNFISC1p9UPxoZ803wyM6R+cOG6aA8nDdyrWKii28UBFDKVn92wEq3BIJTbK6GGpI+jKmR0xaMyY+wRwSDsOU4OzzshdaNELGB8Nh8rWYITxHKMeQY+6JriafMNz6JjnvlGKamlz6oHWjRGTY9sMenLwNu5QHSQAnE8X2y9JtDcZ34k/ls91Jp7fRM/7TNGMEg6nLPOG0dCTXZCfLO4hsAyONk9lDVSYJad1YTVltpWhkOmUjYBoQRWV020FJI3PfCW0jTDYxgo5ogDICQuOdBFgyPDVJZRXSq8k8pYw8hSo+nbft4zpJPXUUpo0RjKX4op/nKUkCLzO7YUmNl3mP8mLLVf09Db6NoEVMzb2CO6tawYaz9AqNUKbH+RT0VouVQ7+eGxgd1ZMsMY/7RUEAf0lI10rj/KjcShmS4O/A4Dspg0RhGJNENBGNBi1Ad/VIS26mOrw8FV5iqJB/NeQmfK052nqNggaL+Tb+JZuvlNGfJgbIDuo8eWPZQ9Nni/42o/dBludsiGGBhwgcclrUP2ycbrVyfQeUIy3J5yXbFQP41SH6GZ+yC+8uAJa38iqUcFPUx9ssnSVR3dP9wuHLhuVRT9UGHaURAKtquuIIWnw3anegCJxQiesqjy2bJo32SfpBy84Xm1T1zdJsiHDAq6S/3qoyTVyn2BUjAzWeRq6ienT3Kip86pm5HuoM/VNqYD/N/cLzIfP1Dy6RzsHuXFE+UdnBKbsMU/JS9G1rOtrfCcMOT23VVU9bvLcxNPtus98sDy0FP+X1EADCYq2ZLNZbPpk5/V91k+gkBQ6i8XOrbpfM4A+iLFQgjBYpbLTKXDRHnKJQyZ3bZLuRTuZVSj+ZK8j/AJimijLuXH891p6ex1DsDwxhToen4wcyMwijU2R5fZk4aEDGRsp1PbogcsiyfccrVx2elZjyhTIaSmi3bGAfsnqlPkrJloLNVSH+XCApsHTs5I8Zq0rWgcDA9gieLABvJ+yNUx9k49FRT9OU+AXEfoplPaaGneHMiaXeqM6ugZkasqI64NyfDOSjcFEZlMtNLGNzpaPyUc1WCQCq99xkIOs7KM6sjcSRJlL4AlPHRbuqyeMKNNVkbEKrkrXcROJQGySvOHvQ7sgxlksjWOPol8xIfqcCoTSSMkpweTwrUcDcol+ISckhd8RuON1FBz3RRETur6GpZCmYdgl4hx9KTIs4PAR2xwAD+ZuoFsIp1k5R42Pdsdgi6oY9iQufMj/gu/ZRBpqK5DMhORr2Rw2nhGrSMqEalzvqOcJjp9XO6ZGGSvlRPMzTw1I1DSMYVcat7Nm8LniF+5JCfCGRUr1EsDUZPITBMeM8qEMu75wiAnPKeq32Z7NRkk6spaiOEwNJC450LP712AmKLM0r/wBj/mZeNYwkZiMDYqLPW25jcszI/wBAgCSpq3iOKmAbjOfZOSM8r03wT31DQOQhiriO2vdDbaKjU100waFKip7dBjWQ5wRrgBzbGAyS7t4SbQ1BIOkY91J+Zp2/3QTTVSSfUNlTlkvs7HQ+Hgyub+RR/wDcYwAD5lEPiSEBgyiMpQcF4VlbAjnMP0DZcDnbroDWNIJ2CE6qgZnLsKsgySR0k6gcqQx+W8KumuUMZw3cqMbpM87EAIN4pMuyWN3cQEx1TTsH1qpbJNLjU4lFbCXEZVfJ6GRhuJjqxpP8s5XPHncfqOPblDZCeQ1SGxbcKZbG/GNBB3JqM/snluoDAz90VkRwN/3T2+Gz63YQOQagRhSTPIw3AClR0xIwdl19fTQj6+PdQ5r/AE8Yy0b/AHU49hNwj2WLKcMweU4s91lazqt7XaY9ttlWydTXN5JEmAqMtuqhV1ybmaojhGp7gB91BqOoLfTf3kn6FYoVlVUvL5JnE/dL5R8w3J+6ZgyWeQl1E0lZ1hSxsJpsuJ7BVU3VFTJ9DXAlQo7aQc6QpMNGG/hAwrUcmGzU2z9gZrhdq0aRK/HscIBgr34a+R5HuVatp8AYAH5LpiJGMpijgzyU5ctsq22+pdjJz+aO22POHSR5UsxO1ZBwfunhtQRp8f8ALCLAtpkX+H0u2pob+aK2C3sH1DZddTOOT4m6CaN2frCYsCtk/wBBtVvG2kJa6D+kIPybv6wl8m7+sK+AJKUfQf5qji3awH8kQ3SADIjBKiCEM5wVwaT+BqDbkW7Jx6WAjrizO0eR+iabg07eGU3LP6R+iWWf0hX8bB+aeMCM5O4bhL5iQ/UE/wAp7LmG+ymAMtjfHJ/Cn6n90gGg8J2R2KrAMpuJwSyAcbpCepB2clgeqWB6qYA+RjxWStH8yTCE6reX/wB45J4B5P7IJa3Gx/NTCDjNskCYkZMp/VF8dwG0zv1UAsTizIxlTAz5J/smNr5hs2dw/wDEuC6V43bVOH5qCYi05/1XA1wV4LVtn7LSO/XZh2q3I0fVF3af+0k/dUzh7ro2yoEtRYvZoo+tbqwjWWkD2U2L4gyHDZN/XhY/UfRBdGe2yFvAxau5dM9Ch63hcN24ypcPVkL8aTufdeZtJ9E5r3twWkg/dVvY+Ottf5M9dpL+Zdy0Y9cqfH1DAwYLCvGYbjWwnyzuA+6lx9RXKMYMuVFLPYyOvnE9hj6gpJeWkKdBXUbw3+aBleOQ9W1DAAYhnufVWdP1nA1rfHBb7hH9r6NEfJtdnrTZYCMsnByjQTOafJIT+a8ypes7e8aG1b2n0VxRdSxOcNNVsf8AEqcUbavKx/Z6AyqlwMud+qKytbn+aM49VkYbwHYAqSpzK2R4BbKT91WxGyGu39M0Xg2+ofqfQwuJ5y1R5el7Y+TxYC6LPIDsBVkNXUcBS21dSCCckIZVzXTNtWopf5CHTd0i8tLd2ObnLQ924TW1PVlA4xVNB48Q/wCJHvsp8NeBjV/kp8d2g06NZ+2Utwl7NsLa5fi8FGzqJse1dSSx/llSo6q0XCPTHJFLq/CdiFPfHSVhxLEHA+yjz9M22ZmadphfzqYqSwaY2TXeJIjSWShnZiNmgjfLVFltL6cHRNIce5CdJYrrRDxbZcnF/dsh2IQW3DqSiOauiFS09mt4TM/sXdGqz8oY/wABY57zEzQwlzG8ZKRr6KY5rrWA8bOdp5Sp+pbfM4R1BdTP7teCMKxZBRXJv8iojeR7pldzr6OZqPGae7pFHLZ+mauQvpKh1HMdxnhAbF1DZqj5my3Fz3D8TX7EfZXVR06Mgt0jKD/DPkm5H+a3U6yWfuPIeQ+lFOW6uJZdOfGS+W2ZtNf4C8A4LgCvTLJ8U7Fc5Gxue6Fx4LtgvF56aGoOJm891F/hRbk0FeS/+l52/JdKFsbOGzxGv+n5VywkfUVFeaeqAdFM1zTwWnKmgU0/mdGwk98L5Wt/V/UfTMozJIWD3yF6B098Z4naG3ORoz6DBWjZlZR5zUaC2l9Hrs1ngc8uYQ0HtlVtVapnOwwBwHqh2frG2XRjXw1DXB3o7dXbHslGtjw4HulSyjE049mRq6Z0L8+G6N3qOE6Gulx4c7RI333WqligmaWysa8H1CqamxQyEmF+n2KEkZFTVWOkrm+LRS+FJzjhVkk96tZMdXH48A9s4CtJqe5W9+p8Lizs5u6LS3inkHhVUYc3g5UGRbRQP/gt6iMTo4ZAeRjcKiqelK22S/OWKqkjIOQ3VjC2dZ0faLgDUWmU0tQd8tOM/cKiqaTq+wv/AJ9MK2Bv4mDfCgzvsndN/Fu6WGQUXUlLJNF9PiA4Lff3Xq9g6qs3UkIfa6tsrsZc3PH/AFXiYuVlvIMFZAIpeC14wQVDdYa60zCv6frXROB1AMdgKmkwJ1xa4Po/B7jC4dwvI+nfi/cbaWUfVlI7QPKJQ3lenW2+2m9U7am2VbJmuGcA7hKlHPRllFolnlBRtQ790wnUMKkTDINXQ09QCHMAJ7hUdf09kExgOHotI5qY5vurIpNHmt06ZikBDosfkvPupvhzDVscYoWNce+lfQNVb4aoYeMH1VJX9PvbktaHtPCTZVvNNeqnD8T5YfZ770vN4RY58JOWhR7709031rShlZRNpK1oOmUtGsH3X0bdemaG4RGCsgIA9AvPOofhtXUbzV2ZgqW8mM/3n5LJPTJLB1qfI4+6Lal+zCdCfGb4rf2fZjZ7o6TqnpQjBbJJiWnHbwn48nfMf08L66+G/wAWOh/izaP4p0hd2zyRtDqijlGipp88eIzsfzK+YIZYntdBURbk6XxyDfPoQVmbj8O622XOPqb4f3Z1musBLw+IYDj2+3f9V4rzP0nVqYOVXDPpP07/AOId2iaq1PMT7ufHq7ZKjyxHnGF80/Df+17NaK2Lpv422o2yr2Yy7U8epjuxMjRjJzjzNGP0X0xQ11uvNLHX22sjqqeVgc2WM5a7O+x7r5T5Pwd+iliaPvPhvqPSeTgpUvsJBVSR4a7f3VpTVrSBuqp8eDwhEvaMNJH5rgzocXg9LGe40jZi4jZEDs43VFS3UMaI5gSeMhWLJxsRv9ikbA2i1im043R45NTvqCqhIXBFZIWndLwDsyXEUgCkMeCB/wBVVRVAOATv91JjlBQYYp1snuAJBHIVbX2amrH+NkxyH8TVNjftgomQFXAvDXBnJoK23uAkPiR9nDsnw1bXcEFX0jQ4YIBVVVWoOzPSgMeNy0cORjVLAgGy4wAnOa5g1MCiRTlh8OdvhvHYqXHKDsdwryiwkUwf5ZP3CBVUfhkzQnLeSEZzGkZGyGJHcHhEQraq2U1xZolY0O7HG6oSZ7RUfK1eS0nEci1zo2HcDSfZRa2hhuEBp6gZ/pdjcFOrucWBOG9YB0NbDVRtp6oNd2a4r51/tL/2YaXrCGbqvpCNzLxG3U6LtUD/AEP+a9nLanp6pENTl8RPleOy0tFcYKqFviaXNI55Xd8d5GenmpROZqtJGyOyS4PyIrKOttldNbbnSvhlhcWSxvGCCFBfE6El+MsO4Pb7L78/tRf2YW9bwzdbdFUbTfGtL5YY9jUgegHJ5Xwk+Kpoaqa23KkfE+J5ZLC8Yc1w2X1jwnmo6iOZM+Z+d8NGMnhcMgOcHtAyMKJOPDYXAcKXWUctDLpIOg7tJ9ELU1wwRlevqthdHMWeDt00tNLZIitm1AA/iUWpj8N+BwpFTF4btTAdPOEMPZUxlgwHcbpNsMsODwCY/PJBXHt3QtD43aSDsnF+OyySi+jRnIslPBOUPITwRlHWCFHCSQ4STQBJh3T01QgmZ9dgiHhNBzuE48IyAgTkoNT2RhyUKfkIGQaiNQ0RqFSyGdPCGPqRDwhj6lRR1wBAJUSTlS3fSozxkpcwk8jHKTTfUEBSKcgOCuMsFvosY1K/A1RYjlSvwtT4Mx2jsZI+69N6PGKAfmvOImjIzuvS+lABQDC2aY5XkX9haVZIGAtdZsNtLDjcFZCq3e1vqtdQgtomDgLpVnl7nxgtIRln3WT6/qSWx0w7lbGjA0ZxwsB1dVw1l8ipmbhmzvurnLEGhVEN08lz0/H4dPB7tWmtI1VrXO/CqC2saxrGtGAAAAr+04FST6KRXHBVqwWbpAa4Ab7p11/mVlNB6OBQqJoNe8uGccJ9a7VeYHJpjfZZYwcEryv4n1rmzspQNiefzXp1VUBgLsYxleKdXVb7hfxHIctB4/NKsZt0Ec2Nv0jRdOgQ29paiXOpOghNoyyCkjawYGlQbjUZGEI98zcisqX6psnlTrewAAgKre7VKCFdULcNBIXP8nZsrwe5+kNL8l28c8ky+bsrKmboaCoMbfEqRkbBWkYweML5n5TUPLR968VRiKDxDONlZ0zODhQoGbcKypwA0LyV8t0uD11EeES4gNkrgAKbb3ToxxhcuP8A2X9Vj9m30U9NwiSkjC5BwuT8qATltQNx9Umob00Ow0uJ2TorLMrsxyUnUNS+KVrg/GNsBX9lldJSNLnZ2BWBvte41j2yHZqvujLw2eMRa9WNuU+dL2bjn1aqM7nBm2Zyjtw4DZR2qRE7Sdwsa6Oi1kUjPfleT/EW0fKVgrmM2cd8L15w2ysr1zbG1trcdGS0E5XQ0V3x2I4nmNL81Lfs82tNU44a4gZV6w5aCsnbnFtQIvTIWmpagDDfQL0y5PnzW14ZOiyBgqQBuEKNHOBpwoEgdXGZIsDfZVMcjqGobIBtndX2Q4cKsrqUueHjglAaa5YNQyYVEMc0Z2cAfssP8XrALv0464RR5novMCOcd1qLTVA07YMbgYUqppWV1DUUMoy2dhaQe6bRb8U1JAa2H8irYfKTQQN+V1TrzbKm0XOot9SP5kLyCRwfcKCvbUWK2CkfO9RU6bHBiSSSTsCh6SSSiIPCkU9Q6FwP7ZUdccckJ1ctryKsrUkaigqvmIg5SZIyMPas1Q1UkEjXNd9wtBT1bZmg8ZXRqs3owW0uL4JME7WkayrGOZrgMd1UuaG+bujU8++MbBPUhtOpcVtZbBxwpERzjJUKJwcAVIBB3zwiOpTfkmZC636ggs7IrOyZnJvVvAZmAEpBkLg4XVMF7sgCDlcUtzG4zhRnA4KrGSbsDclLJTXAgriW1kr5CBcLLBWP8aM+HL6jbKg0Ut36fqxUQPc4DZzSSQ4K+1t9UKcB+3KVKORita6NJZeuLdX6YKnMEvBDuFpmPa9oe05aeD2XlMtsiqPO0aHdiFJsfU95sNYaavbJU0uwA7j3CHB19J5TalCw9SAynKrs3UFsvLNVHMNWN2H6grRWlk72n1cLV9o/JTxymJ6s2RlkIOERRxyiDhQepfsKz6gjN2QmjB5RARhAGmg7Zu2EQSjAOFGHKKCMAEqDE/2GDgCNkZrtXZRhJjsiNfnbCW4ZHRbwSBhEBwcqO05RBwiwGSWOxnZFDtJxhRgcIgcAoGiW14wi+IPT91X+IfT90UOKJLI1LKJoOUZQo3HA2RScqxpK1490RkmRnHKi7tHKM0oWshRkSBUPGzdk7LjgEoGQng90W0buRJxkbpoBBTGydsImrI4UwTchw2G6WR6hCc49kt+5VpA7+cBk5B+lEVl54HJpmwcYTgR6quuF3t1CCJ6gDHHujFWWqHZYiUEZxn7KpuvUdvt8ZfNNhze2Vlrt1pI+N0dtDo3caysbVOlqZHT1Mz3uJydR2VpNnO1Gra4RcX3resuDnx0b3Rsdtk91naWjqK6fQ0FxPLipENulqHfyWbey33TvT8EEbJHx7gZOe6PBzZync/uAdNdMR08bZJIxj7blbKmp2gNDWgAei5FC1oDWtwApTXNYMYwijHPY+mrCChuBjKQcG9v3TNedlzBxlE+DUoqI9MTXTBvIQnVIDSdKKMc8gzlt7DF7W8kKsr69kTTqOAOVFuV2jgjLtW52A7kqgdPPWu1OdpC0Rhk4ur10YvbFna2srLsfDpwGRZ3fnf7IkNPHTxhjG79z6olPGIm8JF+rbCaqziX3Ox5YNDJGeOEUnuhZABxvhMjBmac8ieQBkqLLJq7LskudlHkd6J0YCpzOEklCJTydkJz4425ed1MfszWXKKFnAVXcbgGgwwuBPcpXGueW6IjgHlU8gOMo8M5Gq1aktsBjickkoRO2/KTtnFCOT3QtNnInIbKRnIKjP3IRHnPdAPGVHwZZybG8BDc4kblPJymjuijHPZllJsCeVzXtjC6X47JpI9UbWAE9xzLiVe2m2GMCpqW/8oPb3VdZ6E1VW3LfKzzH3Vn1Bdm0EJia8BxCVkfTHHLKzqO9eDH8vSnDicZVLQURc4Tz+Zx337oETJKyq1vcXb5V5FF4bBthIlPJrhHdPIRjGtA3T8jnKCXAHbZNdIB5dXKVNnThwh8smdgs5eLw1odTU8nm7kIl1uwaHU9O/wAx2Lgs8Y3SO3O57pLlgXbY3mCOAFx9SjwQOJBI2UilotRBI/dWMVMBjypcpoTVp5TeZEWnpRt5cKwihxgAYRGQHbAUyClzwAl/IdanSqPQKOD1b+6lw0xJB4BUmKmAwSOEG5XKmtVP40uNX4W+qGU8D2o1Lk7O+Chi8SZ4bjfGVib11JUXGV8EJ0x5wSO49EG43Sous3ivyAM4GVGig0nUQEGd3BzNRfJvEQTWuHZHAOEcNYG7jlDdgBDjBjkvbI6bnSOF1xa13KGG69glylgtLIxzi44CPTU7pSNtkSmt0shzjZXFJQ+FjLQgNVdZDioMAZGF2eANbjCtXRBrdhwoMx1ENARxg5EtcYRK0QEuwG8qdR0ZDtRGCpNLSatyAp8cLWYw1dLTab2zi3X+jlNAGjGFJ0AYwuNaG7BE+pdSuG3gyyk3yxzQGhPJymuXVpSESlkMkkkmAiSSSQBCSSSUIOSSSUAchLuSuLo5UBYvMUsFPGMbpYGM4UByDSXdXOyDJVNbtjKpvA1LIVDlmZGNyoslTIdm7KKZnO3KzTv29DNhJkrSTpjdyopkcTuU3G+c7p434WeVkpdjFHA9p/ZJR5KqOnH8wqtrr/HGMRO3Wey+MOZMfGmUvxLlzg0EuOAFDqLtTR7iTcLNVN5qJjjXsoEkx+o75XOv16j+Bqr0Tl+ZoqvqB7/LE8KonuVVKd5NvTKrH1BB2CQdnlcy7WzmbKtLCPQaeqc4jugCXUOE0jPddAwsll2eGPhBQ6G6ikkuE4Wac8Dhml3omYIPCOS3BwmsY6R2lu5PolqbYUYuT2o4XHBGMobcknAJ/JXlt6crK9ww0gd9ltLV0OyJo8ZrdxyQnQg2dTTeIu1Ed66PoI04PK4aNjtnNCmaW+iWhvovlieej7Jgr5bfR7AwMOfZRH2mjO/gMH5BXD2cboYi1YwFC20Uxs9KDnwWfouGzUpGGwsz9leCDbhdFP7KbQk2Zw2NmctgaFz+Czeg/RaURYGMYXfBOMpbSRIyyZn+EVHoE/8AhNQOTgLRGA9gnGnJVYQzJnvkpBsXE/ml8pIe5H5q/wDkNW+Al/D8b4CvgJZZQtpKg8SkZ9yiCjqxv4/7q6bR4/AFwUhzsMYV5DwyqFNVjiX90QQ1QGPG/dWXgYHH7ppid6Iy+yv01AOdf7p4FSOXqUYyOy6YzjjCnATntRF8WcbFwS8YjfSEQwZOyaYvZRMr5ATpS4bt4QfnAD/2aT9FJLGg5yuvaNgCjzkKVkl0A+bJGRGR7YQzVyfhj3UktB7JmhvOlHEzytkiK6evP0twELVcH5D5Bj7Kbq2whgA8FP3JC90pdkR1OJcePuQnChpRuGDKK4And4Q9BccK00Kkpelkbojbs0ABOy0fiCQpidyUjQ043dn9VorlHrIt/IulgE9+e/HumGTI4zhF8GnbnzY/NBc+kjOfGC0RWejNOU3+UkhoOOAgmVwOA1GfW21o3qQocl2tzM/zgVogpy6iZrba4/lal/1D7keijOjcclCff7e3I8TP5qK7qOhGQNynLS3T6RzbvK6GqW2VqJT2PJ/9E0RkbEqum6ka3aFo3UGa+1EnBwnQ0F8n0YL/AKh8bTHdvyXr4mNGSQPzQHSRNG7gqE3Wd2dTygurXnYuWyPjbfZyLfq3S/8A0y8fU0rf+JhRHXWIOIDCQO6qnVABye6H8yPRaIePkvyRzrvqhWfg0iwnucuf5LeVCmqrpLwzAKE6ukj+gBBfX1ROfEWyOjcVwjn2+dlP8pDzBdH7ufpHdcNJ4n94/J77rnzsrx/MOVHdMXZySE2NDhw0Z35aEuwvyNAN5HYS02sDGB+ijOJd9Rym6R6K3XkW/Jp9JBzU0zPKxmw7rjrg4fQP2Ufb+r9kiWgbHKD417Ey1030EdWVJBy7CCZHOGC5IyAbYQTKTnDeUXxpCXq5P8mOIHqmagDthMLyeyF4ZedjypKOAf5O7oMZhgjIQDJvwutpnudspDaR+MAYS3hdhqFmofBEDnngLpbM8jDdirCG2SHzHGFLZTxRY1JcrlHo30+OnLllTHTPfgY3UmOgx9Q/dWDzG0YYwfdC1ufsUmd79HV0/j4Vvc+xrKaljwXtRH1EAGmKPTjuhukAOOUzLB5kDscuzcoxh0Ee+ok2YRhMex43PdR5K1rDhh3UeSsq5Nm8KFfITnHByShyVcEQyX5KrnuqDzIo5BzkndWlkXK7BMmuPm/ld1Hlr5iBkhDdho+yi+JlxGUWGId0n7DOqnSDcoYOcrh37ZRYonvJDG5KtRyC5t9kZzQV1jfbOFPitVdU4McOR7qfF021gbJWVfh5G7Woi97KMDJwFKgoJJ92xkkK5ENqoMOjxK77Iv8AEGDHgQhpVdkzkgQWWrdgmMNCmxUVNCB4zhkJSVM8zRl5A9kMMe47uKKS2jYp+iUJKSP+6hY7HqFw1LsENAAPoENsMuRobqRxTOABlbpBQ5RrqhOXoCXajyEmQkb45UiT5GEZdyozq9hIbDyhbRohU8hwzbdLTEPrGfzUcTVrxhrdinNoauQ5lOxSpzNMa5PpHZHwtx4bR+qb8/URnEDsFS47XSAgzzEeqnM/gdFh4eC73QOw1104/IqHG71wDHag32Umn6anqHNMoJIGN1Pf1LQU20b2/ooFT1pA3JjeSfZZ5y3MeoUp/cy1h6fhpmguYAVIEYi/whZOXrOV+41H0wVEn6pq5BpEjigGq+iC+03DqqmYMOk3UY1tM0/3uVhjdKyc5DzkrmbnNydvultZLhrMfibR91pWjImG3uoEnUdMwnh2PdZ1lvqpXZly0eqL/DaZo8zckIdvJU9bZ6Lb/ayKPIh2P3QP9qrhMS2I7BVo/h0BOtnCG66UUBHgR7osC3q3LiTLN10vkxznGUIwVrz4k1QcnkZVdNfarGI27EbKvlrrnK7UJCh2gfy4Q95L8OhiB+Ymx+aj1NztMDcsLpHegWfLZpnfzHk553Tm0hJ27otgmzVzfRZTdRYbilg0n3VVVXa8VPlY7APspkNCNi5SI4Q0gMaMqKszu2Uu5FEKK5VLszuKLFaYi4Ol7chaKOjqJhgR4CIyyP8A+Kef2RKpsVKcI98lH8jSMAHh5T2wB+BFDjStFDZ6aI5I1KV8tTgAMjAwnQ05nlfh8GYbbqqbGmLZHjsUuBqOAtC1rRsD+ydsBjKfHTr2T5slNDZIAfNjP2UxlopQc7beylgYJI7rhLncAhM+JFfKwbaOlZuGjIRoxFEMNATdLvUputoO71Pi/sU78EkTAdl0yZ7KMZWDuguqOfKFWxAvUxXZKMw9Ew1bhwAoZqPZD1/dXtJ/LgTDWznIBwo73TE7zDdDLw3gc+yDM8nglTaC9XH0SNTQNTnKO6sibkNdugEvPJTfB3zhTJFdKx8DzUyPPOQVwDO+eV1sR22RmxdjsgbNUISmgbG98ZRAQNgpEVOOSFKbTwjcMSW8joad+yK2MuRo6UvGcDCkeGxuNIwlpPZyvDZqhSvYo6WEYLhuPdOIaOBjCa5wPDkJ0x4DUYzhBtk3y+oQS9x5TcI3EVOwJLKOMBDLnN+k4TgwlItx3RxrbMd9yj2M1PPKWXIjWjKK1rcfStUazHPVwiCawuOO6MIwzckDK4HRxg63YUeevgaRl3CfGGDLbro+iW18LRu/j2QH1gORCMkKM64Q4Aa0kprZa5+PApj907ajM9TOXQfVdpjiF4YPsjw9Pukd41bcNWeQoZhvbsfyy0fdPNvujyPFn0N9yqcUhTsbf3FmyhtFLjDgXDujfMUMYxHKBvnZULqaLP8ANq3Ljv4exuxe8/dTGA4Ta6LeS4QuJa1xx6oPjUJOZXklVzKmlA0iI/qm/MtyRpwEO/nA9S4LcVNA36WpproB9Iz+aqwC7cDCL4efZTKHQngnfxMNGWtzhQ5bxUPJa1h291zwinQwt1bjGe6W7MBNuYH5mve7VwF0xzTkajnHKtGR0oaNZ/RPb8uBmKLKpTJ8OeyFHQuIGofujw0MIOSMFSCJQNo/zTS/G7n4KFyGLTxOsga3huFIZCMfTz7qG6pe0Y5QH1dQ7YOwg+QYobS4aGNGSQAEOStpohnVn81TOdPKPNKceiGNuSo7MkLKW7nJEI7KFLXVEoOThcIHOOE3b0wgyyn0Qqn52Y+V6EKSYY8RWekdktI7pqbMttbmQBRAkagEcW+DSMhHLcJ4aB3TEZHVjsFHQU/IaAiNhY3jZI78JzUe4B6bd0IRM7JaWt3C4uHhE5pALSTHa2g/SuF7T+FCPK4WkhD8qRa0zj2OkcG8JrXJukk59U5rCq+ZFfxG+hayuavZO8F/YFMMM5H0beqP5YsJaWeOEcyOMpHB9EhA93ATvlJTsAf1UVy6J/Ck/QI7890EkjPlUw0dTjZqb8jXO2GP0TI3RXLEWeOtn0ivLnZ4S1O9FP8A4RXHfwR+qX8Hrv8AuR+qP56/2Zf+EXvqLIGp3v8Aqlrf7/qrD+EVg5iCY23VAP8Ad/uq+ev9in4fVZ/BkPz/ANS5/M/qVkKCXT/dBBdRz7nwlfzQ/YEvE6pf0MhZf/X+y7l/9f7KR8pU/wDdLnylT/3anzQ/YiWg1EO4ME1ztxqTcn1RjTzNGXMwgiQcOyPyVKSYv4Jw/JCyUslcyDwUi9rd8j9UfALWOwms44XNQ9Ezxd8aU3RnfOMqiBicri43uu5CmQBYCWAm4KWCq4IcwEsBPSU4Lywen3S0+6IUMNV7SZGafdIszyf2T9Pulp90OCuxojAOQMIolkYMtcQfuubeqGZQDjCmSyXBdbpE8eHWOA+5V1RdY3elxqlDx/iWcHdIv1Ej0Vbmg4Wzh+LN9RfEaRjm/MQl3/ItFb/iBbZyA974yezl5Cx2nddMvfHCYrOOTTXrrIHu1P1Db6sfyphn7hT4J2PILCCD6LwKnuVRTkeE8j81b0PVlxoniSOodnuC5TcmbavLbeLEe6Crexu3dOZdaqN2nIcPReU274i1TZv96GWFX9L17a55hG8FmeCTso4pnV0/la308HoUV0jOPGGklS46ujkaA6XlY+mu1FVtaY5mfqpkby3zMdlC68nUp1qn08l9UWqy1Z1ytBd9lU1PSsocZbTVmJ43DcrkVdOw4LhpCmxXaIYAcdQ90DhtNSvqs4Zn3P6wtNQZHNNVGOWndTaTq+CYiK40T4HHY5GyvYrgZvrw4e6T6SgqXa30jCfXCJPBUoPuDIbKyz1v8pk0er74Q5bQ4uDoZAPQ+qj1nR1HUSGWnmdC7/CqmtpOq7S3TTyGoiB2I3KarpR6MN+njdHEkW1RBI0GOrgEjPXGVXS2WjrCTB/LJ7FEpOtKcNZTXWlfHKBguLdirWGpsl2GaKpY2Q+hWunVz6Z53V+BpmuEULIb9Y5BLRVL8N4AOy0/T/xhvNpkZDdWGVg2OBuAoT6C4Rkta4Pb2VfMync4srabSe7gF0YWqfZ43yHglW+IntFh+K/TV5kbD4/gvI3DyOVsqepp6lgkgma9p4IOV8ry2alqnF9uqhHIN/Qqzt18626cax1HX+NGz8DieE7avR5rU+OVb4R9OFoPlO/sq2usNFWZc1nhPP4mbLzXpn4208uikvkLoZRsSRgL0a09VWS8sBoq+Nzj+HUEto5s6Zw7RTVFqutqeZYXmRg4LeUei6pY3+RcstHG4Wkkw7jhVdwstDWjD4Whx7gKgFLJDrelLD1GzxafQyQ7h8exWauXSPVFkOuizVQt7Z3wrSosd5tDvHtEjpG8lurGFOt3WbgflbvHJE8bEkYUCTyYoXAzH5O70PhP4xKNkamFVa5fmrJWSU550h3lW/rLdZ75DqdHHID+Jo3CzF06Jkp2+Jaql2R+B5UKaTLmwfFKRjm0XUFO9p4E7fpH3XoVFcaOvhE9HO2Vp7tOV8/V7amnPg3Clc0jbJGyPZr9cbLKJbbVvaP+7LvL+iWD8aZ9BuJPIwmkZWNsHxKtVwayluX+6VeN9R8jvsVsYntmjEsRDmu3BHCETKDQ17TyEEvJOD2UsYIwRwo7mYPCjAIlZQRVTMYDXdiqiotj4ctfHkeoWgeS0ZAyo8jjL5SMJWCozZ571N0Ha783xXwNiqmDyTsbhw++ORssDcLReOlpA24sbLSuOlszR3917vNSbghuECemilidFLHnVwfRU4odXftfJ8/Xaw2LqalMdZTiQ4Olwx5crO9Nz/FH4LXI3DoS6fxCzOOqez1GTC8D2zscE8YXtV6+FjfGfXdIhsBcS59I44jP/L6LFsqJqa4NtVxpX01Xg6o38fcHusOs8fTrIbLVlHoPGedv8dYrNPLC/R6x8K/7QXRHxJY22T1Is3UDMCS3VOweT3ifnDgvTHsyBvsvj7qPoK13r/eI2imqm+ZsjBpOexOOcLTdDfHjrL4eyQ2X4hUT75Z27CuDtVTEPc8v+3/VfLvP/RlkXv0q4/R9t+k//EiF8VRrXiR9JyREbgITKualfz5fTKB011T091naY7z05cIqumf3YfpPoR2U2ppmkj3XzjVaGenm4TPsmh8hDVwUoE+lucMjQHuwfVWDZQ8AjgrLGNzN2jBR6a5VEIax+49Vz3Vg60ZZRp2yluFKp6jGBkKkguELmDW45R21LQQRwUlxwRmjiqAW4OEdsuv2VJTTF4yCpQmLSNkmUci3Etcj1CbgBpw4FRWT7AFEa5DgDaxslPFOS57d8cqM6B8Z8jMhTEi0OG6v/JeCMx+AWuxk+65pHYpTQNB1NJyhxlwIBCMPaPI09kMnO6NkOao+CD90eAWR66mp7hC6nqGZBGx7hZQtrOnaoRPBko3HDSN9JWxxhClpoaqJ1POwOa4Y3CdXY4sCUVJALbd45cU858p+l3ovnz+1H/ZhpuumT9c9D07Ir9py6mjbgVhHb/m/zXr9Qyp6eqtEoL6d58j/AOn2V5bL8wgAPDmO2IO4Xd8fr5aealE5Gt0MdRHZNcH5NTZpKie1XJv86FxjljdnXE4ex4VRV0r6R+fqjd9Lgv0B/tO/2WqD4h003XvQdOyDqhjdc8LBhta0b7j+pfB87amlqp7PdqV9LUwOMcsUg8zHDlfUvD+YhJKaZ878v4TOVPv0ylfIJBpI2CgTMdBKXtHlO6sayB9JJpc3LTuHdiFFdpmc2Mj6hyvXO6F8VKJ4edE6J7J9oCXtmGsHKEXB2fZCeH0tQWEnGcHKJq1ZSWixpJyngnKYeU4coFNJghxwuoY4SPCcmmAFaR6pjkwE55T38KysjoT6lEJGFGaSDsn5PqUZZ0clBqfw/mitQqn8P5oCHE5NTkAYk0cpyaOVCmPP0qJJypbvpUSQnKGTwSKOfkjwnzBBRYvqQBssYDnBU5vAUCD8P3VhGQW7J8FlGK0Kw+YBel9MN0W5rscrzOM5dwvTunWk2pg91voWDk+R4gT5n/7zCPUrbUoAo48LDEaqqMZ3yttGdFJEO+F0azzOqjtx/cuKchsWSdl5fdHCTq1xHAdx+a9FfMW0D3cLzalxU9STSc4P+qqXZejXMs/o29DjxWtHZXNrOZp/ZU1qZmsb6BWdmf8AzaontIQnxwkZrXlF/b2gzkn0UaZ3iXkDsxGoH5lJxwFEgfru0hxwibwZY8Nhr3U+DSOdxsV4vM81vUQk5A/6r1DrOuENH6bFeVWXM10fIRnIWeUuTqaJbYuZsSdLcB3AVTXyE53Ut7sg4cq6pGTuhlPA2mtylgBB5pm/daGJumMD2VFRNJq2DC0I2C8/5e7KaPq/0jo/jhu/YWjjBlBVlGzzYyo1DG3Rr75U9kWCCvmfk5tyZ9s8ZRtgpEqCMEcZ/NT4YtlGgjOnHCmxDAC81ZPLPQ1wwSIY+5CDdQRCpcYPKj3jHgDCBD3HBTs4TJE9nCY9Qz29AyM434US6TfK0Ekmd1MVF1NOflnQD1wtdPZz9RPZW2ed3WqfNO86s5zup3SF1FDVCEnBccqLW0urJwq1oNO7I5C6exSr2nlVbOq9Wo99o5PFga/OchTIzg5WO6EvQrqMU0kmXNG2StjGcHK49tezg9hTZ8sFNEppy3OFCro2zwPjewHIOymxu1DGFyWAEZxyqqn8bywL4qyO08I6goXWm8vLW6WPdqap1BN4jgeMq0+I9ukD/F08cH0WWttVrhGfqbsV6rS2/LWpHzbyFH8e+UDYU+SwHlHG4wodtqQ+AAt3wpjD29VoMqHxuLTumVLctx2S3bJjGwUhzNbGuAygY1dEKhe6Cqa08FaIublru3KzlUPDIeBhXMBMtE2TO7UqeY8j449nkHxg6ffSXUXWNuYpxnK840+699+JNtluvTfjRMBNOdTvtheBaTk7bZwvW+H1HyV4Z4rzdOy7evZxJPSXb3I4O8Yu4KQ5RgBhQsDgriMWtwdkLSSdgjCYQkgg+in0VY6JwBKr3JzvKQQijOUXwInHdwammnE7RuEQkx9uVSW24MhLWyK9EjJ4w5oGF1NPL5Ec6yDrkPjqJGHIOArGCobK0Ozv3VQRj2XYZDE7nYp+cGii/Z2aGN+oZR2O34VVS10IADnZKnR1DXcd1f8Ag6VeqjJYJw45TUJpyeUVuMBXk2RngJkEJuAlnK6oOctwKVu2wUVwIO4U4gHlMkj4wFZRD8/ouE57qQW+yjPYTlA4i3PAWF7XHdSCWlpaWggjG4VWXuieCrCllEuMchJaKjLLK11rrrbWi5WabSc5dGTsVqun+tzPMKG5RGKU7DVsCfZQw0kYDUCqoIJxmSMEjgjYhUlg6Okvnp5b4npIOQD6p6xvTnUsrGC217tWg4jeTvp91qo6kO7cqj1el1sLobkGHKI3shBwyiseBhQ2q0KOAnBxGwK41zSAEiQFB8bM9hUQHshakQEZ5Cg6M17Ct7IreOUNg3GyK0DChojNIc0jKKOEIAZRWdlWBnyD84RQ4numDhHHKEtMQByjsG4K4AMJw5UDjLIRo22RMFMAcGjAKLg+ihe8az6gjN2CGAcgog4UGKSwOBJPKION0IEZ5XRNEWZ8Ro+5VoPcw+Qitd7KC6rpY/7yqjH5oDr9RMyGEyH/AApyQDmW4IHcLuR6rOTdRztP+7ULz7vao0txvVQ3OuOL0ACpIpzwaeaqggGZXhv5qsruqKGnZ/K/mO9As8+kqpXF9TKZCfdcFC3u390zZ7Fy1DwFrepLhXNEdPiAerRuVRT000xMlW5zsnucq9bFHGw+UYAVPc7vBjwadnjTE7NBVYOddqHJ4ZXVgZE3bk8BMpbTU1YD5T4bDy091bWu2GST5i4NDicENB4WhgigOklo9gnRghMcyZ2zWqCma1uBgAK/iYxo2xvuq+GMjDWjAUyJhbjJUwkOhEkoo22BTWDDUxXjPBoWIchh6p5fp4GUB0gjB4391U113c1xjh/VNUM8ma/VQrjnJYVVXFEC6R2nZUFwuvikshdsOVHnfNUnVI7KDFFoO4TlWcPVeQlbHEWce3x3B8zdRCM2MN4CeNOPpXS7DcYToxwcdt+xDYIZIxymul34QXS7FMSFzlkc9+FHkkyMLj3k5QS45TYx9iJSwcL8koOSOSinjKhVVYyMbhFHCMt18UEnqBA3U78lT1VW6U/fsh1M75nk6kFzgBklHt9nH1OpcuEclcSNR3UOSXHZGklwcBR5SC3ZFtSRzXL2wRAOSCgOI33RHd1HJOeUtpC5yyNdkpv5IpxyUM8qJZM8ng4BjugvIGwOUp38AIIcO5V9Gaw6/B34TaajnqpxHEDjO59F1w1kBu5Oy0dBC2y0D6moxqcNX/oglIlUd0h9RU0dit5AAEhGB6krDST1FzrC+cnz5xnspdyrZbhUOe92QOAmU0Oh2SEqbNcFl8Emkp4qcYa3J9VLd9GEJuANymzVMcbceqyyeDfXFJDZHYycqluFxcA5rHeyVyuGTphf2VUBLI/JKTKTY5zeNqB6A52fVS4KYlzTjCJBTZAOlT4YcafKls0aehyeWKnpcAbcKUyEBEhiwFJigJPos8nydKukHBBqOAFOhg8LzEZT4YWxjcbqBeLuy3N2cM44QjpJVxywlyvEFsh1vAc7sMrA1twqrjUumnd5T9LewCVXV1FdUGWV2QeB6LkbeNuFH0cu212CjhOQcIoAb2Rm6Q3ccIM0wxgBCnkySSXLBTvI3CjSTEggp75AcoQY6d+lgVTFPM3wD8z3qxoaIkhxRaG16sOlariCnbFgAJeGaK6wcFMYGgAKQ3ARSG6eMYUGon3AamVwcmFbONUW5Daupacsa722QqeFxcHH/NdhpfEeCeFYMYA0ANxhdPT6f2cS/VOYoGBrQMIyTG47IoGF0q4beEYJT3DQC0p4dtwkQNkUDGwWhIgxJJJWAJJJJQgZJJJQgkkklCDkkl3BUAeDi7jK5nC46drBuglNRCSyPcSOEF9S1gOSo81Zk4iKhGZzyR6JM7kug1DJKlrCSRE5AL3HkoRA3TzkDOMrNO2UhkYpdj03SBkhClqRGCSAAFSV1420wO3WS2+NSzIfCmUui4lnEQJONlT1V52LYXfdU9VcaqQ/WcKIZDkuLsk8rlX+RzxA31aZdyRNmuFS8nL859SoT5NRJO6GXHKWn3XOnqJyf3GuFSXCFqPZcJJ5SwUsFJlLKNUYDEksYSSJPHJNuBJYKYMg+qOAMJU7MhRjuBrgYXnDeSihu/qtH0/0lV3GRsvhZb6EJfM+jbptDbqpYrRR0Fmra6YRtaQD3wt9070CyFsc0xGRuchaqxdKRW9rDKwEjsFu7H0nLcnAfR3+y001POWew8f9PqElLH3GVoOno3+WkhBkGMDHK2li+HlfVsa+rDY2kd1tbL0dT0YY+QAub7LTxQDAaBgBboxSR7PR+JUY/ejwn/2o4+rpyoA9p2FEZ8VbRxPbqyI+4CypiaNw1DMeey4k/pnRy6TR8Mh9f+XjzKSf/Q20XxN6bkwJPmWen8sf9VJi6/6ZO7qp7Af6mrz8wNPLB+ia6miI3jb+izv6T03qTNNP/iR5GPEoxf8A0PTo+tulXYzc2D7qU3q3pV4w28wgn1K8iNDATvE39Fz+FULtzTjKXL6Spl1Nm6H/AIl6tfnWn/1PYW3/AKfc7U290YHvIiNvdgOD/HKLP/0xeM/wag/7gIZstBk/yAlv6RrS4maIf+J9kfyoX/f/APYe4C7WAjy3uiP/ANtXW3K1k5bdKIj2kyvDv4DQf9yFz+A2/wD7kLM/pKzPEh8P/FJN/wCwe7i5Wz/5OhP2cu/xK2f/ACbD/wCZeEfwGg/7kLn8BoD/AMLH2KH/AOE7f+Yev/FNL/6H/wC//Y91/iVs/wDk2L/zJfxK2f8AybF/5l4Oen6A95h9npf7P0H9U/8A51P/AITt/wCYL/8Aiov/ANB/+/8A2Pdf4nbD/wDGxf8AmXP4lbP/AJNi/wDMvCP9n6D+qb/zrn8AoAc6pvzcp/8ACNv/ADor/wDip/8A6D3SW7WuMYFXCc+6iG+2ncm4U7cc5fheLfwakbsGE/cqRHbKcDBDsemU6r6Ssfcv/Ip/+Ki//Qf+Z6y7qWxNODd6P/7r/wCiG7qiwNGTdqUfd+F5QbbSZ3YT+aH/AA2k2/ln9U7/AOEYv85YEz/8U5Sf20L/AL//ALD1GfrDp6M4Fzidj+koEnXfTMeM12fsF5r8hS/92u/JU/PhhHH6Rpj3Nmaf/ifqpfjSv+//AOw9Dk+InTLMASTOz6MUSX4j2Rv0RTu/8KxQghAwI2/ol4MX/dt/RPh9K6aPbZks/wDEnyMvwhFGsf8AEagwdFHMT9lG/wDaGMHRbZT91nhBEPwhPdG3GGjCbH6c0sf2zJZ/4heXn+LS/wChc/8AtCqnZDLaB6ZYgt62u0pPkhZ6YaqfQd900REZ2T4eD0sfRjs+uPM2f/Ux/hItH9XXnjxW49hjCjS9QXWYb1GMqG6J2yaIyThPj4nSR6iYJ/VHl7PzuYR1zuz3b1Z391wz1jh55yc87lObAMZwloI20/unx0dUPxijDb5fXXP77X/3BF0h3LiT9006u/8AmjeGfRLwz6JypgukZZ6q+z85t/8AUjjV3H7p7cY7LpHdDJOVfxx9C3ZJ9s7kJaiQd11cPCpRwFveMA3OIOxXA4nkpOGXFIDCLIOTji7OSV1c1eyWr2VZGI5hCRAcoavOS8jELzAnblG0lcLd91UnjsZwCTS08KUKdzhkBd+VedsYSHajRXCcl9qIYLz3THNc7k7FTxQvO+EWO1y7OcMhC7ox5Nleh1FvSKoROzuuiLVwrf5KEfU3dIwRg5Y3CXLUL0b6/DSlzYVsVJnctH2yjMo4huG88qXoaAcBD0uzlZp3yZ09P4umrtDDFEMBrAMLrY2+ieWE7gJrg5w2CXKbkjp1aeFf4oZqI7rhcDvyumN+cuGyaWxt+kYS5RyO2JDHOOS0DdDMcw76QinPYILhU9njCtLIMm0I5H1O/JCc/Iw4ZC65rh9R3QnO7K8ejPNs44Qbnw9/ugmYDIa3YJOje45AKcKR4A8RpwfZW1gU5MjPqDnGEAukfw0qyFNSD/mKOy3yctjAHqiAw5FEKWrkOTwVIgs73uBlIwd1etghjGJXNJ9GlClkiZsxuPzRqYLrS5YGG20kWC8A49VIfLQxBvhDDggOLpN12OnLnYOyvKQ2MHLpBP4jUAFsZABTHGaTzSP1ZUhtK0chF8JoGCNvuqc0h0NNJ9kARZJGE9lK474wEWSWngduN/uhOuDuIWY/1QO1I0V6XL5DNp2tGXHAHquSVFPDw8OPoojn1FRjxtmegXWQQsOdCVK7Jsr02H9qDGvqf/hWZ9yh5uVTtUTaR7J+trBpaMYQ3VWAh+U1KvjDHNoomOBmldJ9ypIfb4QCx2Cq18rpAR6qN4Dnu3KCVjC2qP4lxPeqaNulhGeygPu9Y/OjjtuhMoo3eZ4yQi+EwdsJMptkTn+wL6m5yfZC8Od+8smVOJ0BBEjAdyoHLOCKaZzzuNvuiCg3BjYB6lSGzwN3Llw3HAxCFBG+MexjKFrfrAGeVIbTUMTRrIUQ1Uku7igulc7YnKor5Yv8SxZJbojluMoT7xEwlscI+6rywlN0oQXZL0SZLtVPdiN+kfZRiZ5SXPmdk+66GorWhTGQXOT7ZHdA5/1OJThSDOcKSQAmCU5OkZIRxg2RygvzGmlAxlq6KePOCcBPDquQ4OzUWGmDj/N3RKoF3RX4oaxlGwDbUU8QMkO0Zb+SlMp6aMA6EQujA2PCZGnIieoS4YBlBgZPCkQU8MRyGAn3TTUgZQvmXH6cpsaMciJ6mMfZOJ0+gXDL/iUDxZSfO7K46Q43cmKnkyy1cX0TjUNBTDODthQCXZOCU7UmxrwZ5ajJLMxzyEjMfUKHpPdxXfzTvjAepl6JPzRG6785NjAd+yBkeqYTgE44U+NAPVTCuqpjnz8phlf3TNRPZdHCCUUilfJ9jw9575XUMSaBjTldbOTwN0otyb7Hnblcdwhuke/lIjcZKpvA2FTn0cIcSRhJsRJ37og0jC66QNGQEqVqN1Oky/vGOg7pMiHqnEk4RmMxuVmladWrRpdDGwAb4ynNjIPCkBoxuueTsEO9s3QpjBdiA0jGEXI9QhZAByhF25wVe3IWUg+T35SzjdRzLjskJSd9K0RQuVgXU71TcZTV3SUUYmWy7B0AduUvDxvlLQRuVzUO5T1HJz7tTL0OEmkfTwuCXPZDkIxkqM6UN4T4V4OVfqmvyZKfORnAUV09SSQHJrqlnB2QJqqYY0nb7J0Vjs51t25hvCq5dnyAN+6cKWmH985RDUzOG7yPsk1znHDnZR8C0nMnB9HDvG3UU03eWPaJmPdRw0JxazbBUdiQzbP0x8l3ur9mOyEwz3KZumWQ4KeCwAABE1Ab5ylueRsK5S7ZHMMjt3nf7ojadx/D+akjA7Iglbj6Qhdhuqq/ZHbSd3I7YGDkcLvi+yWT6JTsNcaooexsTTh23onhjTgArgH+H904BT5TRCr9D/DaR/6roa1pyB+6FpPYpaSO5S5WZGxqyF8YDbSE3x3g5ZsU0jC5kIPkSGqGOh/jzO+ty455JzkJgY49k4QSen7qpWZDVf6H6uxCFlv9P7oogJ7J/gOP/wA1VkH4ZS9Ectdg7IA1ZVgIHD6wkIGjcNUzgr4H7IoBxwuYwpugY2Cj7k4R70F/HB5JSA3wpDYHOxhn7oraV55GFSsSItK30RQzPG6RjI5arBtIT6Iwo243Ulfgi0M5dIqiHDldb33Vp8mzO4T20NO0e/2Ud+Og4+Ns9oqHU7iScJhgf/Srn5eNp4TxCzGzQq/kZGLx0vbKMUsmc6cIwo9t1a+A3kNC6IgDnCF3ZGx8bD2ysFvPof1RI7dKBnGystOB9KaM75Q/LkOOggvRCFEGnfkJ4phndS9Pslo9lFbgfHRQjykRzSxADDcJCGNu4HCleGV0ROKv5Wy1pZPpEUYZ5cJayN9Kl/L7Zwl4OOyNyz2X/FmiN4zxwwrnjv8A6CpPgtA+n91wxsA+lBkp1YBbuHCYWOH4T+iJ4rYzsAifNS6cAtx9laYEo4IpiI5/yTgG9sIh8WQEnHsginndnLcBGpEcZNYSE57OCAh5b/SEb5Gd30tKd/Dqj0UcsCnROXohSxxyYy0YQZaOjk5jAKuBa3FuXPA9QuG2UvB3To3RXsRLRSl3BMoDbKQ7Yxn3QjYqQ7+J+60JtlJjkhD/AIXT58rse6N6j3FmOzxSn+VaM2bIQfJOMe6a+1zxt1NIf9lpxasuwJgGrrrO7hszTn2RLV/tmKzwlUv6cGRNLUf92UMU04dkxla02GqO4cwj7oTrDWAHdv6o46mD9mWfg8fijPCBwHmaM/ddEHq0fqrp1iqA7fC5/A6golan0Ifhpr+kqPAz6Lho88YVv/AKkHIK4bNV4xhEreRFni5xX4FO+jLtxIBjsheC7OAMq7NirDwUw9P3DGdIx2TlavZz7fH2p8QZT/Kzc6NvummJzeQrd1muQ5Yhm2VTeWqfLEzT0l8P6GVBD+FwscOysv4bUD/h5SNPO3Yw491FJMFae1rLRW+f+j90sn0U8wgDdijljc8hRxMzk08YApZHqjmLZRjCc8qsETO59E3xXcal3w3D3/NN8J2eCpgdFndbyfqO6eyaRhBDycLgYRzuu4wrwy5Ilw3OrjcCyd7cehwru29Z3iheHioMjeNLnZCzOcJAnkFTlFKyyr8W0ej0HxKe2T/foAWnjHZX9B1rZa6QRiXwnH+rheNaj6rrXuacglXnJpq8jdX28nvwq3SNDqSqj9t1LguNwhIL2hwHZeCU14r6cARVMg/8RWioPiLfKWERSvEwHBI3UOlT5mS4keztv8Tf7+Fzfsp0NdTVbQY5hv2JXltD8R7fUeHHVwFsjtnEBXtLdrPcX6IKrwn9gTjKOMdxvr8zDts2c1uoagZnp43/AHaFma7pBniOqLVK6nl5wDgIkVfWwt8NlQXNHGd1PhvxjYBUQB5HccqSjtHfzabf7FLFcepLM7w6qnNQxvceim0vVNuuJ8KvpTA7jf1VvFcqCubpcQ0nkOUKs6aoq0l8Za0+rUcLnFipxqt6HyWyjqW+JRytB7FpwVBeLlQEiUGVg791CqbHdLa/xKSWQY4IJIKfD1PPT4gudOSBtqwt1eqfs8/5HwcL3ugGbVWiqd/vTWxv9wuwQVlLMKm015jHI0u2/RPjdZrnvGWtc77Jstmq6QeLRyam+gWuN8ZHk9d4Wyv+5rLJ8Vb5ZHMgvDDUQjbWN9l6bYeubFfmMMFS1kjh9DjheBvqJo2htbS5aedkyOGmk89NKWE76cp2Ezz2o0El6PqFkuQAColwtVDcG6Z4Wkn8QG68VsHxA6gsxZDUsNTA3YEHcD0XpNl+IFku4a1sximPLHnG6GUcHPennW+Rslnvdhm+ZtM4li/FG7uFYUHVVLK4QXGEwSjY6hgZVoKnxACACD6KLVW2114/3qE6uzm7EIBfPTJ1Vbrdc4MTRMka4bHCxt86AeA6a2SY76SrM0V8sR12+o+bpRvocfOArG39T0FW4QSv8KYfUx40qFOWw8tkhraSXwK+HGk7E/6Fajpzre7WSQMErp6YjBjcc4+y2FzslvvEWJImEnh2Fibz0fWW4mSly+P+knhAGmp9nrXT3VVsv8eKaTTMBl0buVcObsN184x1FVTSh0UjopWH1IIK3nSnxIqqYikvjjJHsGyHkfcqCrav0enPYDsUF8BaMs5KbTXGkuETZqOYSAjfBUgFB2JcWiC7x2nEjchDfHrVnhrwQVBnhljHiR7gchQojAug2A5UK8dOWfqmnFPdKWJxH0vxiRh/wu7KxJDmjVygubnhUHF7ejybqTojqTpKcvo3S3i3NGSQ3NQwfb8SoRNQ3WnDpImyRPHcfsfde9xyvc3wpcSNPZyyfVPw1t18JrrbI2irxnErWbOP+ID6uO6XOO4012J9s8bgpr30RcmXzoCvFHMDl1Of7t/3HB7r2j4dfHm0dYeHZOpoG2a+NaT4bv7qb1w7PI9MLy+vobzYaxtv6gpBTudnExB8GTH9LvX9OypbxbKS4s8zQ3BOHgbgjuCvKeZ+m9N5JblFRl+z3v099Z6vweFndD+59bEZ5XHxNwvmzoP4vdVdDyxWm/tN3tA+h3M0Y79919C9N9TWPq62NulguMVTH+NjT52fcL4/5X6c1XjebVx+z9CfTf1povMVpQlz+iSGuY8OClx1Ti0NPZDczO6EQRgg5Xlrav0e7jZuLKC4yUbjOTmMfUryjrYatgfE4EOCyjHa2kHhDbNNSvDoXFpHoVl2bWOWGbkvcMIsU5I4VLbLzFUxtZM4NkGxVo1459UHRPjJYkGUTILcqCHe6e2bO26GS3AuOAzjk7phbtsN13O2UshQsjO8WI5e3DDyU9haccIpGxBOcoHhlpyB+6LJFHI9zR2UeTLMbIwlH0Ebrrog8JhJRwQaylhroHU07AWuGPssXLT1XTsphdG58Octd7LcyRlp2GyBU00VXA6CZoLXeo4T6rXBiJw3FZY+oIZ8ROd/1C8N/tRf2XKL4h2ufrv4f0EcfUtOzXUQxHHz8fJGMf3m2/5L0e6W+fp+t8Quc2B5/lvHB9loOn+qfBmbBU48F3BB7+q7uh8hKiSlE5Ou0P8AIjjB+VLHN8aW1V8RjqaYmOWORuHNI5BBVLcaCS3h9Q0F0YO2O2V+gn9qz+y3B1xTv+I3w9oSbzAzxqmkY7ArhjOpu395zt+L2wviF7BG99JUNBdjD2EcZX07xnmI2QTijwfkvDu9OuS5XTMcTFXQajgPA2PqoLSWu0E9/VW17tjrPVianz4MhzjHCrquIOY2ojGM84XqVLfWpHg9RppaWzZPsXLUxuxx6prHAEZKKCDwkc54FD0kshJNUngAeuHhdXDwmN4IcHKcmjlOVqWQW8DRylJwEhylJwERIxyhicmpygQk1OTM4QEHng/ZQy05KlIZA5wktZLTwCAwixndCL89k+MgHdHGJbLCnO4U+HcBV9O4ZG6nw8BORmtJEX1D7her9OAfwpn3/wBF5RF9Q+4Xq/Tf/wA6mff/AEW+hHD8o/sQRn/z2ib2ytwPoaPZYdhBvEX3W3P92PsF0ajz2s7j/gJXS+FbnuPovObG5zrzNKfxHb9Vu+oZvCs8mOS0/wCSxfTOh0rpSzcjYoJ9ovTrFTmjcWZwE7nEcBTbI/UavbGZCQodvDRSOkA33yVLsY/lvce+SmJ8GGbyaKha1keoc4UGkkHzU7gN+MqTFLiPTjsVX0bvDEr88uKN9CIrLM115VuFO5gH0hYvpqEue6pPACset62aSpdCXeUnf9VX2MFlMcdys/s7tMNmnLvVkHf1UKfujNzvugzDbZKtmdDQaVyW6R21gGsGeyv38jCobV/2wK/5cF5Ty13Z9k+mtLsqiWdFGPAzjO6sIGEEZQaKMiAbb5U+GMA7t/dfN/I3fcz61oobYpB42cbKTGAMFDY0HCkxenouBZLLO1CGQ8TcjOFDugd4PHZWMQwNwot1aPBwAhjLIco4RQ9kM8oxHlJQTynxWTDbLJwnA5WRvZfNUuYX7Bamqf4cRf6LLSfzamR5C30R9nI1cljaUNXSnuN1SVtI4H0WyqaTW7VjlVVXSZ20jdbXLBxbaNyK7pi7SWa4x6jhjjj7L3C2zsrKdk7DkOAK8HrKQg6gMYXonw46j8Zv8MqHYkjG2e4WTUQzHcjZoLnT/pPo9EjGNk9+wSYiOC5x2088mJ64tpqaRzyzOoHHsvHYC+33F0Mgw1xx+a+geoKR9Rb3tjG43XhPUFJLS3IukbtqXoPF2bq8M8X57Tf6jtRf2+bSNtwd1cwy6g3ZZa01W4BO3+i00Xlb67LrHm0SXgAZxvhHpXB0OCdwUCMiSLPcpUpMc+CdkBoXR2tp3SQPa1n78J9hl8eJ9M93mbthSwAXhh4cqiHVRXt0cZwDuQlPDDzjotXxR1tHVW97Rl7CMFfO/UVq/hNznpSzSA84X0XFiOr1P4kBwvJvi/ZJKOtbcomZjk5IXV8XqPht2nG8xp1ZS5rtHmyS7g+i4vZrk8KNTkk1QaOXdAXWrhOUSWSDklwHK6rINLTnIVzba/ZsDv1VQntdpOc4T6bZQfAm2pWLBp3YcA5pyE1zc5GVEt9VlgjdyrCRmQHDuuinuRztux4IxcWODgMqwo63JAPZQ9AwhtBYSW7JqlgKEnF8GkhqQ4bo8dRkYxys7T3Asw2UqypqkSYwjSXs21aqUey4jdk5JRshQYX5xupbSMI0m+Do137wmoJ+A7so4JyisOQi2ezQpewb2N7IYh1HKkEYXG+VU0TCZXVUAbwMKI6OWJwcx5afYq4mjBwcZUWSn1bAYSJwz0U1jkdQXAaxHUkb8OVi5gkGO3qqGalI7rtH1G2gkFNXRuLezwlNYG13KP5GioLbGZxPI3dvZaaGVwA8qqrPPT1bQ+Mgg+iuWgNI24UO5oZJr7RwmeeyIyct5jkP2C6zAxtwjZKh2ISyNFUeBDJ+iK2abb/dpMeuEmk55RWudt5j+qhsrkObM/GdO/uiCqqc4AiHuQuNAIyeUUAZUNCONkqT/wAaMfmnAVB/436BOAb6D9EUlvZQZCT9g9NR/wB9+y60VGf7/wDZGSUNCkvY4NqMf3yK1tRn++/ZNTxyEAxSyh4FRj++/ZdAqP8AvyPsE8cLo5UGLgZ4c/8A8lyj810Rzn/4uX/zIw4XVAgIpZyM/Oy/qnCkn71s36qSkoXkEKQ481TKf/EnGkgedTw4n7lGSUL3cAfkqT/uv9Vz5Vg+loH2COkdk1LJUpAS3HsuBpKU1Q1mxBJPCrqh9znjLaSMsz3cjjHIDn+ie4Du5VdZe7ZSSGP5gSEdsKvFg6gqnH525eG3/wChu3Umm6LtTTrlfLJIeSXbFMRlk5SfRmr11JX1zsQvbTwk7Nbs780y2mVmqSCnkle7iQDK3DelrUAP93afc7lWFPaoaYBkMbQB6DCqMTP8DlJtlBarRdqkiaoldGw9vVaWG3tgILTn80ZkekYyisd5uE3A6FezsLGzSBkIyaHNDdR2woNVeKeIENOSjjHJVuohV2WgcGtJcdlCqrtDE3THu5UlRcp6nIDyG+xUcZOSe6ZGrLOdqfI7o7YE6erqak5EhaFFIOckpzXAdkk+MNpxbJyf5MQGEsBdSRoyykcQnS9sIjnDB3UOWZjCp/gU7Uh25OSo0jwO6ZLVl50xnhCcCdySnRiInZnoc5/qmB43JKZLVQRt3coMtUyQHQSmGG/UYQWevJcWx8cKtneZTkp0hLHeqFI8AJigcq61zfIJxDe6A85Yuy4JO/CjOOO6sxTn+xrud0J7jjBXXHfI7oShnlLJx2xKHkeq6SMFRi8hxQMBzwwsgJxhAdJschFLgGnKgTyaTgKlwZ7Z/oe5+SUB5IGcpGXR25VtabZ8yTWVbS2niGo5/EfZDMU5bmSbTQx0sJuNxAGBljT/AJqnvd7muExYwkRDgI19vDq6TwICWxM2CqmRFxBwss3yMrWeh8EROHOCkhuFyMBoxlcmmYxuRv7JE7To0wwjs0nhDBI4VNXV2s6Qu1VS57+ScqKYi4hxWeVmTSoNgWs8Z2pS4YAwgkJ0EPGGqwggyRkJXyejdRp3PkZBBsPKrCGnBx5cIsFNnHlU6KlIAICrKOrTp9pEjptJHl/dSmUxY0PwjGNrSMqtvV5jo6d0UbxqxulSltHyapWQd4u8VvgLiRqOwGViaieeunM0ryc8D0XaqaaqlMkr8g8eyG1uElyyc2+ydryxBjQMAIrWjPCXJwExxwiRgk8D55NAx7KukkLyd0Weoa7IH2Q6ankmdkA4KsQ05sUMDpXjbIKu6O3xxgFoXaG3lgBIBVpFDjYDhUaaqnHljKeHA4RC3Az6Igw0EYAx7qrrqxzyaeB+PUoow3FW2qhCqq3WTHFx3Pqm08TnOy5MpoCcEjspzGacYGy6FFGOTh6rUysllj4YQ0Db90UAZSjHARRETuAulGKijBJ5OsAwnE4XGpOToAHEVBThKT2TAziSSShDrPqCMOEJrSDkhFHChDqSSStLILeBJJyRQt4KOjlEOkNy4YUOSsZHkHlRZKmWbbVgJM7Ui1HcSp6po2Zuob5XSbFMxhDMu3CzTuyMUTuACSmloAyXBD8QA5dwoVZcIYBkSZP3WS21RfJohXuJuvB37Ktr71od4cGNuSqitvUsh0xv2VY6d79ieVy9T5DGYVmynTLtk6uulRIdpNj6FQjITlxPKESSlkrkztnP8jZGCisITpCScphc5PG6IIspTWTRCLfQJFawn805tO4kbKS2HSMY+6FvA+FEmRvDHdIMClmLAygFxyQEt2GyvTtkcs9FzQVILQVyZwa3hZ5SyaIaaPsi6Md0algnq5hFTs16u4VrYOl7r1FI1tJTksefqXuHRXwqprLSNe+nZJUO8x1DOFUa3Nnb8f4Oepak1iJhOkPhdWT6au5ta0PwWNPZetWXpRtFGyJlM0ADc45Wmt/TgiLXyOBIGzQNgtNRWzytLgtlVOzlnudB4aFMdsUUdq6Tp3NEkjG59wtdRW2GnDfBYBgYRWRRxMA0YXTK0DDQnqSXR6KjSxpjhIPraxpGBuPVRjNKT5DpTSS85KRc1nKrea9mEfOugnsueFnkIqS6mD8UbmwOgNGEzQ30RyzPdC0+6WkgGwegZzp/dO8P2RGgJ2AiUUTcwGknsuaWqUWjGMKPjc5UxyHu/Y3A9F3SOy6Q7nHC4eVbWAlNo5o9ksBdAyln0VpZCVrYPASwETUkTlXsDU9wMgeiHgqRjOyHgIXBILORmkJEYC6kraaJkG5pzwm6QeyOdOEE8oXyVhDPD90vD909LBVYJgCkjYKSmCmsEfBXQ3fdPwF0MzuAhJv5wN8M+i5gIwDu654Y9FWSYz0B0grmj2TyMHBTy1o7KN4IlkFp90tA5XTsml23Ctc9Eawdw1MIbhNdnKGDvjKpvBaWRHlNwUURgovyxPZZ5TUTTCmVnREwfRItKl/LH0XDSyH6WZS3ch/8G71HJCJwuZ/+XKnNoJHO82AO6MKKAjdqU7kujVR4bVXLOMFVjO2QneG88Nz+atPkoBwxdbA0cNQfyDpV/Tl7/NlQIKnO0W3qitonHGrYlWgjLeF1zBshepl6OjV9PVw/N5KwUPsiNo4x9Q4UvSPRMyR+H90mVs5ds6FXitPV1HIIU7OAF3Qxu+E7STwEvBcfwpTkzbXpoV/jBAwQ36W79iuF8/8AXsjBhcc4XRF6hC7MmmFEn6wRSHd1wxk9lM8OMbaUjoxsEG8Y6Yx/Ig+AdWcLojA7I5Lew/dMOPVUpZFyjBfiC0j0TS0FEOyYjBI0oe7ZrsIfgtH1KWWe6A8asZ2wpguTwhpa2Mcfuoz3yE4jZlSXyUzcaySUIytO8LcFRGdzywWh/wDxG4BXMUUXMoc70RhS1tTu7YBHpbPEXCQwh0ndzuFbWAGslY8PkOIIjj1C7FRn66mqmJPDQVeClp4gTLUhv+FjlDlraOF2mJpJ9SFbeClVkFG0NGKelH/NIOEx4G3zFUAP6WHhKWqrH+WP6TyhNpycOdyUG9BLTyfR3TG3/s7S/wByuCnklwXxYwjMaGbjbCZJVxgYc7GELtRor0+fyHtha0Dbj3XXPp2D+8x7KulrHSkindvhBipaqZ383hKleaK9Jnom1Fe1p0x7qNmuqNj5W/qpEdFFH5sZKPGMDA7JcrGzbXpcfkRG0byQX8j3RRE1gycZT5JQNu6jPcXHCHczSqYQ6CGQBCNQOFw08riC0Z/NPbTOBGRhVKeClXLqILW552GyaIXO3OymFjI2jKC+oibszdSMskVbXLBeEB3XdLG8uATHvkecNOlL5eWQjGfuo5E+OT6QQysA8pygS1Dj9I3R46NwySispD/SFSmmE9NNlfqmecOOVzwnnn/NWXgY7LhiHoEWRctJntlf4R7gFc8L/DhTTGPRcLWt3IwrFvTxRDELgcYSMJHZS5NAGT2UWWrp/p1bjtlRciZOFXY3w/ZMcMcrjn1Dv7huQdk5lHUOx4x5TFXkzTvjLoFrzkJpFQ44ZGSrKCihj3cMlGcWQDZoTY1CJ2pFZDTTA5kBwfVS2RxxgEN39V11Qwn7IEtU/YMOExQRms1Sj0SS4AeiZ4o4UXVK85e5EbGRgp0KsmWesk+g5fK76W5B91zRJ68podpGAF3JWiNSRjlqJy7HnSB5xq/NNLmngfulodyR+6a6RsexKPakLc2+xvmLsBpRBA8DLts+6D82SdMWMruuV/1uyphEy36D642fUcIZqRnYbJphLhnfP3XRATjbCFlqMn6F42dtKGdROUfwSN8JwDR7qt/oZswD8ycw5dhNMrRtpTA5zydLcnlC54KjXkk6W7cfquYHqhx088nbACKYhGPOkytS7NNWlnPobo900DTyUn1ELPxZKiyTuccNCRPUpdHRp8e3zIlFzRyQhunb+HdCYx7/AFUmKkBwTsVmle2dGrRbX9o1uuQ8fujsp3fiOERkHh42/dSQABgBLcmzoQpjBcgBDjt+6INLBtuukEpgiJOxVxjkNYXo4XJms8I5YGjdB1Mzu7CaoYBm8+xpc4nJXNJPJXfEgB+rf0XfFGNmpsI5MVl8IdsQj7kJ4Y0en6oJmHYITpu+E9QyYLtdFdEvLQOQmmoYzfZQTMdxuuOz68pkaznW6ucuiU6sh41boDp3YOkoOgZyu5AC0RijFOdkn2cMspJBOUjHId3d03Uu6ydt/wBVPkURUqnPsaWeoXDxwnBrj2ThA/P0q/kyXHStgATk7Lv5qW2jc4fThGjtxcQCEuV2DXToZvogZJ21Lpa4q2ZbISPdSWW0AAgYCS7jbX4ybKVkErhnCJHESr1ltH9I/VHbboOCxB8uDbX4xrtFHHGXbAZRRRTc6QArtlDFF5msBXTEfTCF2o1w8fH9FOKV+dwjtpsDOAFYGAf0Lop8/h/dLdqNK0EUVzovRLwyFZfKAkHH7p7aNo7KvlQa0RViN2eET5Zx3LVZClaD2RRGxu5xsgcw46RIqo6JzvwovyJaM+CB7qwL2NGGDJ+yXg1cvbIQqznkd/D4+1clYadrTjGE7wmjgKzNsqTgkfsnttE2QX8fZXO1LoqOhtfSKfSPRIA8NGVfMt9MB5+3KI2nt4I0MOUtXYGrQTX5Ge8GocdoyUaO31L8eTGVoW02of7vEutpZh/fb/si+cOOgUiiZbXsH8zG6K22sBBbFq/NW8gpIR/M5+6hyV0DNmbqSu4Gfxq6+wIo2DBMegD3TZI4GAEPOR2wnyPml+hpOQgilq3nzNCD5AXFPiERpkaNmjIQjOCNgFMZbJfxjlPFqgackKnZkuNFv6K3xiTsijWdiFZNoIQPoKI2jGdmKfLkZHTSf5FY2F5OcIradx3Vi2lJGzQiim0ndV8g6Oji+yu+VPoP1XRTEHOFaCFoH0/uu+C0/gU+QdHSQiVraccYRBTNIzpappgHYJGNwOP9FPkBlRFPgh/LD+kJfLgb4ClhvPGUNzQ3+8mCtTyUqYoiGFo7YTNLWnPKlF1H+OTKGaihbx2R/ISUUuAbtYxojz+aY6Oc4/lD9Un18Wf5e+EKS5kjZF8wlqP9TCCknIyW4XPlM/W7HqobrnOSQ1yH49S/fOxVfKmKkqn6yTxTULd3Sbrjn0EQ2KriHvOXE5XDTSP+gKfKgXlfhEmitpQ4kBcNxiA8vKist9Rn6FJjtkhaC4gfkiVuAZK19LAM3Kf8ITPn6rnOylNthG5GfzTxQjjYK/lyK+C+b5ZB+bqjsXFcHzTjs/IVh8k0dh+qcKQDjZT5EF/Gs9siAS4yQkGk891OFO3unCkh507q1YGtM5eyFplxnIwuanDup/gN/pGEjRQHlinyIB6OUnwQDM7u4/queKfVWH8Og/pS/h0H9IU+QNePn+yE2R/Zx/Vd8R/9RVg2mYMNDGonyjSPwj8lfytgy0E0VwlIOPVFBGNQfpUj5EF2+APVOFvb/WEcb2gHoZsi+IM7Tj7YXQTznKl/IMz9Q/RL5ED8aP8AksTPx80AEv8AUuGSn7vjUj5Bp5eufw6P1H6KfyWIfjpsB41KdiWfokI6CX+88M/kpAt7Dw1v6Jfwlp3yP0TIap+zNPxU5cuJH/hlqk7R/ou/7NWV4yGMyfZFdaAcYkx9k02qXHlnI/NOescTLZ4qXXxoA7o2gnP8lrQok3w7lc4uhmbv2KtW0VfG3EdTxxlKM9QRHabbtumx1ta7MN3h44+6v/sZ6boC6xbiMOChy9I3KLZ1Llbll8vsDAyVjX474UmPqhzADXUefyTo6yuRzbPCUv1JHl0trkhcWyUzwR6hQ5KctONOF7JHfunqnatogAefKE99N0HXt0tYI3nuBhNhdGXRis8Ns/Gf/c8TczHsuBhPC9il+H9grRqpauE+22VTVPwrqmPc+llY4dgSm7q5ezHZoLo/jyeb6CuEY7rUVvRN5p3EGmdt6A7qpls9fAcPicPXZT7XwY502QeJRwVOSDwiBxHZSjSaTpcN0M04Hp+qnx46Ep57Gh+N8bp7Z5GkFriD903wz6ful4Z/pRYaJl54Lq29SXejkErK4uHdsjshaGi+IcolxXwMdHj8HZYbw/f9k1mx+ypjI3WR9nrdu6nslwIzUtp3HjxDjKvYJ5YtMtJUk53a5rsgrw3VxtwjU11uFvlE1FVPhd3c07quTVVrpQ7PemX2tbhtQG/fClh1lusemqgYx5H1AbFeO0fxBurGhlwgZUY2yPKStPbOtbNPCHyyvid3a7sVecG6HkoTeGaC6dGSNPj2qfHfDSoTLrerGRHWROeweoVjQXeOUCWirA4EcB2dvsrFlxjnzHWwsmY7sQNkUbGmaFOq5crJAo+orVc8Ry6Y3HkO4UmexRSjxqOUAncYKr67pqy1z3SU2qF/IwcKofT9R2F+unmdPCNw0nOy2Q1bXDOfqvHVWrhF7MytoDiVhcPX1RKd9DUYLHOp5x+LON1AtnxApXOFNdaYtJ2OoLQimst4j8WhmY17t8ZWqOpjNHl9d4eUX9iLC2da33p8tbM51TT+5zstxZev7JeWtBqPlZnbCOT6s/ZeWOprvQOPiAVEA/CRnZFiitFef5khpZu2RjdGpp9Hn7/F2L0e5h9WBqZiRv6KNOyz3A+DXQeDM3/ihuBn2cF5rbLx1X07pNLMa+lH4S7OAtda+ubBd2CmuuaSbuHtwMozk2aadb5LRgv1reHW+obXwD8BOXAK5t/UFvuY+WrIzBK3ZzJBhVsducW/MWWuczO4OctKjTVZY7wrzQ59ZYhgn80AONpKv3RMVfmqoi3JGdliK2kloZDBUREYOPMFvKK5Rtbi23IyMH/De7Dgpk38Ou8JpbhTtcSMHW3/ACKgO7LMFZr5X2qQSUVS4N/p1bL0vp7ru33TFLWEU9Rj8R8rj7Lz29dD1ttc6oscviw8+C47j7FUNPXuE/y9bEaeVv8AUMfogKlFS6PoVshcdTdx2KIJAQBheUWbrC7WcAvc+ppf8RyQFvbRf6C+QtmopwTjJZncH7JeREoNFpUUrZW5jIaVWATwSaZW7dirTxCwbhN8krfM0H7hTJT4IrGxyYwQCVxznxnSQmVNLLA/xYDkHfTlcilZL5X5a4eqsmUdq7fb7vRy0NypI54pRgtkAIXk/VXwpudmZJW9OyfM0jRtSOOCz/lP27L15oI7rsm+MoXBMZG2Uej5kBZM0iRu7SQ5rhu09wVGpqy99K1gu/TFU+nkJB1tzgkf1Ac917x1b8PLJ1VK64Pb8rc/w1cQwfz9V4t1R031J0fMyK+U7vl5yRDUsGI3kc49CsOq0kNRD47FlHa0OsnTLfRNxmj2XoD47WnqIfwvqaSK21zMBj+IZc+np/6r09rfEC+JKpjJcEtGM8jsV6D8PPjTfOkHQWm9VL7haCcOEzsyRD1a7svmPnfomKg7dE8Y9f8A7T7b9Lf+JMotafyX/wDcv/ufTejTnbhCf5zuMYULpfqay9XW8XCy18NRFjcNdlzfurMxgHAC+VarST089k1ho+36HX1autWVSUl/YiHMeC07q4t19cGthlGcbAqufFnGRlBLCwgt2WGcDpRlk18NT4mODlTGYdhwP5LH0tbLCQC7ZX1NXMe1uHb4S2muyy3yAOUzJygNeXdyig53CFosJknunnSWg+iHkHuhmQsPqqSIcnhOTM36hwnQyk7OG6fHMH+UhMkYNi1ETGR7dLuUCaEkl0YH2KTXEYBUgN8o3TCpRwVNXS0lyp30FbECHAgZ7H2Xm92t9b0vWeDK10lK4/y5PQei9Wq6IVDRpIa5vBVfPS01yp32y5xAkjDXELRXY4sUUfSPWRoGGCrzPTuxwdwvHP7VP9lOk6wt03xQ+E1KW3bS6e4UVPHq+cPJexu380/utjfLXX9G3Z0Lg6Shef5c2MB3t7LY9HdbutrmRvd4lNLs5pOwXc0OvlRLMTk6/Q/L/qVn5bup47pSm31MrPHDQc+hWNkD6aR9HK3BBIwV+hn9rr+yzQ36Cq+NHwliaZ2t+YvFDTtwXnl0zWDlx/F67L4Vv9tNwppKoMEdZS/WzGC8f9RhfUfD+TjOCjJ5yfO/NeM/lxc1+Rj5mmJ2x2TmSk4GF0uMzNTm7jt6KO3LXY9F6LKXK6PDSj6ZNyfVOUfJAG6JkIoyyLwGTjwhpyZkDAhyU9MyE9QoYkeEkjwoQYzlPTGcp6hYkGTkIyDKM4UyQew5CY9JnKc/6VCEZOjOCuHlIcqBE2Bx8pyrWD6QqWI4IVxR5wMok8Mz3IlwDMjfuF6t06P/AHWzf0/yXlUW0g+4Xq3TpBtbMe3+S6GneTheV/BCpiTd2kngrds+hv2CwlPIBc2/dbphzEw+y6FfB57Wf0/4K7q2TRaXNzy0rK9MjS0e4Kv+t36LaB6tVF039DPsgk8sbTHGmZuYCI7Y491Ks4xDgeirp3eDbR75VlaD/IB/wpno5c8lrIXMpHOzg4wq58wjgHbY5Uyd+aQt9FS3WXwqRXZLBdMVKWDzfqesbU3FwYfpKlW1vh0w991TV0jZ6972jAL8fur+ENjia1vYbrPk9DVDfFQDtOSmS4xuU/gKLOcEYWO6zDPT6LT5SiSrW3/exhX8Ok1EYduMqps7WmN0hHmHdWlAddQ3P9S8f5W3OT614Oj44QiamnhwAA3bClsjIIwFymjBwPZS2RHPC+ceRnmTPp+krwkdhiPOFJijPOEooxwjsYMLjynk6sFg6wENwB+6BXtLqcnCnNYG9kCuYDTPwrhLJdyeDMO2BCiHlSHclCPdbq+Ucu17WQbq/RB91RNxq1dyrW8ygsDMKmZIGuA5XXoqxBHA1d2bcEks1gDCiVNASMhWUUesA42Uw07XMxpVWvBFDcjG1ltDTnTwq+CSW0XCC4QkgNdh4HotfV0WT9PZU9bbdsac57ZWaUsrAM6/j+5HqdhusV1oY52EZLRndW3YLyzoW5SWyr+Rmkyx58uey9SidvkLJOOGb6LPkhljZmA8jIXj/wATrU6nl+ajZ5M5K9mlaC3YLEde2c11ve/TnAK26Cz45pHP8tR8lLPIbbMS4DVjHC2lC90lM0uO/CwEeuGoDQcYOFs7FM6WIsJ4C9IeBxhl1RnMgYeCnzDwqg44QmeRzT6otQQQH90uwZEkh5cGuBGQq29AMfHWMGHjY+6nU4zFrT66lFVRHI3HCS4vs0RjuQSGVtbRMmj+oAFZ74h22S6dPF8bQXQ7u+ysOm5HZkpy7YdlbSwMmifBIAWvBaQrptdVikI1Gn+WtwPl9xw7QW7gnZNVr1NaJ7Te6mkqBuHkggYyMqsc3AzlfQNLcrq1I+b31/HY4Akl07Li0lD09D1eyIiIJJJJWQYuE4RElF2R8hqed0ZaQr+mqY6mEFh3GxHosyMNznupNLVPhlDmnHqPVbKrWuGY7qucl+WnK5p912CVszc4wiEY7roRe5ZMjlh4ZHkjB4SZNUwH6cIpcc8J5ALcHsiTwB8jzglUlyLcCYq3gq45QAx2VlpYDkEDhHpaqWI4A2CdF4NML3F8Gqa4ORmHGVRU9x4DtyrOGoY9oPqjyjoV6lSJucrhGVxp/JO/JXjJrUgSa5oIREkGBu5ESSM+mVAqLbFUsc14wT3Vu5gKCY87BLnXu6Kws89Gcorrd+mKksYS+IHfO+QvQ7H1ZbL00RQSYqGty5jv9FmZqVkzS2RgIPqFSVPTTo3GooJjHIDkYOEhQaY6q+Wnf2vg9fY/O+FIa7OV5Jbut75ZHNp7nE6eIbB2N1uLN1jaLs1oZOGvPLXHcK+js6XykHxI1AOUePY7qDDNHIMseCD6HKmRAH81DtU6uM+iQ3hdOc5C43YLqo3wuXsfkogJyhp45VjlNElnCcOUNrgAnB2/CocpBWfSEUcoQlwOEXX6oRyCDhdXBuF1QapBmpyaCF3IUDHro2XElAx4fjsuOmjaPOcJmn3XAzHdElkFoY+qaDiNjnk+gTWmsncOGj3UgAN4HK6MtOx5RlA/BP4xunB5+nCODqH3XWsbnhTogwN1DcJzYADlPaNuEUgDkp2Bb6GBgCeAG8nlClqYIG6pJA1VVVfoHHRT5JHJRRjkyz1MK+y6LmgZJwFCqrpTwNw12XFU0lZUVOxeQPQIJYQRndOjEwajX7uIEye41FRtrIb90HZ43K6GbDbhdTIxwc+dkrOZCaMFHHCGOUZpBGyYuDJOaiNdnIwU5qZNMyIannAVfUXyliYRGS53smf5Ms7Uuy1QKmqipx5jk/dUX8aqpCdIwFBqrgyP+ZUzYz2yiS3GayxYL19x1Eho2UaSUu3ccBZSv6uoaTysm3KzdZ1rV1xdT0OQ7O3uiSyc+3Vwi8I9CqrrR0gGZAq6bqeOd3h0oP3WQo7HeroRLVyGMHc5K09HaKahaNABONymxWDHPVTk+AollmIfI7ITwcDZLA3whl3OCiETscux75ARv2UN73OBwnukyDnso2o5OQjMNkxPcckZ2QHnYlFPCBI4bhQySnnoEeUMkY5T3kbqKScqGedgnE5OTsgktA+oLrnAg4PZRDk53VN4Ftth5Zuwwokh35S333VpZ7QZ3fN1jSKdp3z3SpSBfIrTaPmnCqqhphZvv3Svd58YfJUWGQs2OO6fd7sJM0VEdMbdiR3VMGZOSkzmXFbmDaBwEdmMbBN0ehQ55xEMLLOeDoafT45CzVDIWEk5PYBVE1a+Q+YcrtROZDjhBawkrDOe46ldWeBAlzs8qUxmQNk6CDUBlqnU1KQ4EhJcjbTpm3lgqenyRlqtKWmAIJGE+GmGB5VNgg34UOtRRsHQxAAeXhScDCe1mG8KuutyioIi5+D7KnLBpe2tZYG7XKCiiMsjt8YA7lYSrq5KuYyP4J2CPVVs9bO6aZ2QfpHoFG0A7jZKk8nK1V26XA0AYSAw3ZcALjgJ7vKN+ykVkwyfA0YA1E7KJUTsIw0gldq6hzm6GnHqlQUvjS+Zv5ozK+WDho31Dxzg91oqWlaxjQ1mMfulSUjG4GnYfurEMbpAAUH1wGRMa0cJ75WRNLnHATtmDJKqqyrE7yyM8bEpsa9xd98aIZY2vrTMPCp3YPcoUcY2zsfVdjpznVhSGxEYOn91vpoxyect1MrZNsdHHgjbAUlo4OExvZGbggbLdCG0y2PJ0DAwjAYQ2ohOE2KyKGpyWcJhIHKPKIdTF0jCcjDGgHKM0YGCkGgHICeoQWAupJKEEuE4GUiQOUCoqPCacFU5bQUskjXjnZQpq0vcWR8BRZaieY6dW3snRx6Rvys9lmQ1E67Ljlx3XNWBwk4hoJJUV0owSAsk5e2MjBvokeK31CiVVUyJupwwoNRc42ZBO/3VJV18kxwXEj7rnanWwqWUa6tM5fkiyuF3j0Fkbt+NlRTyl25zumOy45JSIyuJbrJ3PLOjXRGCBk5OVxPXRysr5eR8YjMFPDSURrMjYZRdGPwqh8KXICIicbcqTFCQRsiMgLiDhSdLQPpGyHcb6NPjsCImgDASOB+ScZN+EHJSJzZ0I0prgT352Q9PuiYONgrK0dP3C8TR08MR1ycD2Qcs1afTO2W1IqNJcMtOVv8Ao/4UXS+COouUXhQkglp5PsvSvh98FYqYwXC5QhobuGEZyfVetU9pp6NgjhhYGjjATK4ZeT13i/p9J/JqF/gyfTfR1DZ6eOnpKKOMMH1Bq1VHQgEeTlWMNOMAaRgI8ehnbhaYxUT2FWkhFJRWEdpaKGMag0Z75TzIGfQACmuc4jS3YLjYCeTymm6utRXA0vke7nZODHDGyIIfDxqSfIAMacoJSwG3gY+SOMYccKFK98p2Cc5j5ZNTjlSmRgbaUDZUpZPn1JJJdy1fo/Ewk3T7pySSQYkkkiIJMc1PSUIDICYQcoiWAoQHgppGUUgIZ5VkEuE4XUkQYlw910nAyVDnqMnAGygcU0EJGeQmZHqo+Hu33T9D/VQND8lLBXQDlPDduEpyx0EMAOU8AYS2CWoKk8kEQEM8pySCU9pe1vpDGtIOSEUAYSwEjwk/NH2Mho77X9sWIgIRaSSQE/B1JwCB6mCN9XhNVP0CDSOyRa48DJUjSPRIAA5wkz1SfRsr+n7/AOpkXwakcRgonyzgB4mMlTWl2MZSc3VykS1kl+Juq+nf+dkQUrfxDbunfKW4ckl32RNPukGDKTLUWS9nRp8FRX+SG+DTg4azK5pHZqkBgxlc1NG2EPyyfZ0qvHaerpANI9F0DHCLq9ktSrezXGmuPSBJgbk4R9PuueH7qZGqK9AwzvhLYBP0O9E3wzlQds4yMLsfhSOXjOEYMZjC5lreypvBEl7ABpGRhOEI7jn3T3SN/pTHT7YCB5kR2V1nfCal5ByUIyoIcTwVW1tC3qk/xJJlpxnzboDpgQcDZMLQVzA9UOwW9RNjXOflNL3HujFrd1He7RklWq2xbta5kJc8yZ8xG3cnCYawYxhHGiTFS1lUe2EyB3THzxR/U5BJdI4BucosNolnIMu33R7Ix/Jg/wAp2cwQCSsa4Yi3KGyKsqvLjAVsy2UdMQZJoh7ZQ6ivpoSGU7SSNsjhA5x6Qa+Sf5EaK1vbh0m/sjfL0kOCX6SFHkr6mTbXsfZAllLgNRygchsaye6ugiaQxxcVDmuFQ8EA4CjYOc4XHODRl2yGU8DlVkQc6R2XD909jGt/CFFlro2HDN0J9dM7Hh7JUrcjoUYJzpGxDJUWSvi/C7BCBiqn3O6fFSEEEjCzuw1QpfoYampkOGk4SFNLI4GUbKY2JrO2crr8MAyq+VmmqiPsbFRxMaMNAPKe4ho9MIUsxGMIWuWXZxQbzRsilwEdO3hx37ILnyuOI+E4Q5IJRsNY0EhU5YLa55Ashmd9YRmxCMjP5IUlwhiGkHdQZq+SXh2PRXktNei2dLDC3zHCgT10hOIjjKCyGsmI/FlWNJbD9Uzd0MrEg1VOf4FePnHnfzZUqKhdtkY91Zx0ZbgNaAFKZTYxkIXYaa9J/wA5WR25pALhuEZtKQMBuArNsLcfSumNobsEr5mao6eMOUV4pO5G6d8uBwMe6K+RgJ3QpKqJrSXHCZGTYqySiDMTQd8Ib2Abhqi1FcC7EecoA+el9gfzWiPJhssj0uw1RPFGd1CkqHPIDGcqYKR5+sglFZSxDdwT4x3HNucvfBX+FM/Ae3Yp8dsp2YeRuprnMZsBkKPNOewxhOUDn3L9jmRxxjbAwhyzt9tvdRJa0R/3sgH2VbUXRmT4WT7psYYOdZqK6y3lqSOAoU1aCMSS59lVyVtXMcA4BTPDkcfPvlOUUYLtapcRJ4qyTsRgp7JvNkqJDTOJGf8ANWMVOWgFEoozOUrOgsXnxtwjaUNrQ0YynPkwNt8pkZJEjFvsQaGjJOEySqhbs12CmubK47AnKfHRtJ1PG4R/Kgtjb4QLx53nDT5V3wXyDDiprYWMwA3hcdJGw4IQysz0MVWAcVK1jcEfmjeC04wE0Sh4OgEkLgFTIdOnSPXCBzwOhX+kdcWs2zwhuqwP7p26M23yvOTnB5UmO3QN3fgJUrkh8NNOZWmomkGnP6BGipJ5gC0ZU97rfTjfBIUaovMYbppmAY9EmWqxwbavHN/kObbABqnHCc6Wip24aBkKqkrq6pPlOAgmJ7iHSOJKzz1LaN1WghEnS12Noxsoj5JpPqOco0dO7AyP3UlkIGPKFldkpdmyGmiV8cDnHOFLipsEEhSBE0cNwiNZ2GyBc8j41YBtha0YCKGHCJoABJ3QzVRs+s4RDsRgjqcZG+oUKouEOQAd1EdUOftlNjHJjt1MYdFo+oj7uCjyVjwP5ZwoI1O3KM2MkA4TYxwYbdXOX4s66oqHkefC7mR2ziuDwmHD34SdURHaPfC0wiYrLc/kx2nBG6eAO7gFHLyf/mrga93ZPUUYLZ+kHc4Y5CEeU0NJ9UVsJeMhFnAprIzOV3VgcJ3hlI0zn47K5TwXGmUukBLym5d6KWyhccKZFbjtsB7oflNMNFOfoqWRvcfp5UmKkecZGArqG2jA8imxW47ANwhduTpafxb7kikZbyRu1So7dvnBCvY7Zlv0j9VKjtpH4UHyYOjX45f8pRR20AcI8VuaCMhXjaPSNmLoiDTwkWWm2Gi2eiuFshxnByntpNJ2bsrDS3sm4zthB8rZpjSokQU7QE3wcHhTPAJOcJ7abJ2G6GVmDQqE+iGIPZdFKAcqcKZ/oiiin7DlJc2xq0uekV3gADGBx6ITYRlW7Le8uAfgBSW09JFgyNAKp24Hx0iXaKRtIX/S3KO23TnhvKt8U5wIW8J/iS48rAglaH/Fg+0VQs8jvrajRWinjGqUgeynAVkh+oNA9Vz5LW7Mr9X2Kv5hsdLF/iuSKY7fDsGgk+y5GdOfDjx6KxZQU4GSz800iKPGAMfdLldyEtI4+iD/AL0848Pbsu/Kzvx4x2KmOkyP5e/5IMkdZL9ALUDuQf8AHS7QI0EP1PyMBAdJRwDyAEhS22qd5zPUSY9AUQW+miwWMOfUqfMvQP8AFk+SqdWVbDpposgppguVYPO8sCuRCGDyMAXSHNVfKEtGn2ylZZGnead7z6FFZbKZhyG7hWnh52yh6D6qK1vsZHS1ojNpWsGGNACdoHopjYXHfCQp3ZyMK3ZgP4EvRC8MnIXPlpBu7bKsBDpRHRF+Bwp8jKdS/RWCAf04RBEOdKsBTDu4A+6ZNJDTbvkYfsUPypFOuJCbFjbCeIC7AwfuhzXWBu0bNR9AVEkude4YY3SOxwp8yFtRXGCc6Es+rZDM9NEMulGyrnvrpd5Jue2EL5Zrt5iT+av5MgNP0TZrxQM2DzlQ33t7xiIZA7lAkFBF9WMqO+shA/lx6vsp8gqVbfbCSVFwnP8ALQyyrB/3g5yhNluUmflaGbHrhTG2i7VEYdPK1mr8JO4RfKKlCXpEJxHOpNbM07K4i6eYQPHm1HvgKTFZ6CH6WKfKgP49k+yhjje8nS3J+ydHb6iU+ZuxWi0UrG6WNbsk6bSMtaEXyB/xkvyKeOxPdgubj3UhlsjafN27ZUo1s24ygmoceQic8BfHCPSHiipQNwMrogp28NA+xQfEJ3Tc5G5KpzwBhLkk5YNgAhF4zwhZPcpameqL5WU3kNrb6BMLgUMuA21ILiN87/mp8jAbSDl/uFzWP6goZdvyuZ90UZti3YTfEH9YTg9p7qDk+qZqPqmbkDvf6LPWznUF35mAfi3VdrJ7pDZVlFKbRYfNNynCrgPfdQN/dO2224V5DjY2WAqMnYbIzX7bKs8XAwNimB85OBJt6KZQeWWnjj1S8f0KgiOcjJwfzTtJ47/dTKJkmfMD1SE4JxkKF4c39I/VLwp/6f3V5RRYeID+IJzXZOxVcBODuwY+6KM43RbkTJYtLNjlFbodhuQCqsOf2JTtT+MlTcGnjsuGU0b8EOA/NFFtdIB4ZH3VN472cPKIy5VUZy15VuX7C3Vr8kW4s1Sfp3/JEdaq9rQTCcBV8V/rowPPlTYOraqM5lYHj0KrKJ/oT7OOpKhpw6FcFJC4/wC8QqfF1dRS/wB9SgYUuHqGxzHDowD3yEUZpBPTaef4tf8AUpn2m3yjZrR/4UE9LUhOWTNGfZaJrrDVSHRUBhPYnZHFppeYKtpynxvkuEZb/FU3cNJmTlsFXTN10U41DtkpQu6jiAzI4gcbrVSW6dpHht1rjoqyEDNLkeqfDUNdnKu+nKpcr7f8FL/tLNGwRVlCXPGxOnlDZdrLUHNTaST9hurtrqJxxVwDP/KoptFjqpCS4jPbPC0x1WDk6j6am/wln/JWVPTnSd1Y6Zg8Nz+2MFpVNV/DehnjxQ1rGu9XHC08nR73O10le8MPGDuq+ay3+llLQXStHHutNerz7wcLWeAvhw4Z/wAGNrvh5cqTeN0c4POg5KpKqwXKn3fRyAf8pXpwq6ygx85STNb/AF42CcbnT1IDZZWAf4k9ajPZw9R4ydfG1o8gkpp4TiWMtQxDqOcr12S222v/AL2nhc31aN1WV3Rdvmi/3fyP5BTdykc2eltj6PNnMI7JrmkY2W0l6Fq2j+UWuP3VLVdO3CGUxuhO3fCZtyIdVntFMSPT909uApMlC+MkTxkY9kEsDdhwhlDHQtraGpK6sopBJS1D43D0Oy1FB1vWQMb83EJcckHBWRDd0VvBCpJjI6icOmeoWzq2z3ANbHUhk3dkm36FXLJxKMtJIPovEwNJyNirK29T3u1OHgVJdGPwvOVT4NleukuJnplystBWtPiwNa/+oDBVIbNd7a/xrdVOLG8DKZafiHRVpbDcY/Ak41ditPBV09S3VTzNkB/pKYuOh61MJogW/rWtgIp7nGfLsSQrxtTbbpH4sABd7chVVTa4KnU7SA4+yo32y4W6QzUcj2YPAOybC1pibao28m6obhV22Tyvc+Luxx7Ky+Ys93GJWCKTvnYhYqg6rG0F0h0kbawFdwvoqseJTStdnsDutULs9nC1fi42PdFGpttTdLIdVprZHsH4C7UFpLX18yQiC+UBjzsXNGQvOmzVtMQ+kqCwj13BVky8u0D5mFjndyBymppnn9T4yyLzg9LipbJcD8xb5WAu4DTgo8dNV0xLRO71y4ZIXm1JX2yZ/krpqWXtodp3WopL11XaoWufHHc6Mb62HVNj/wC9ciaOXbp3X2auK4zwOaKlo8Pgv7IF56bs/UsAd5Wyt3ZKzkH3XbN1b03ex8v4zYqjh8UrdJB+xU+a0hp8aglLDzhp2P5KjLyjzytsvUvTkjjI356j/wAPICHbrox0vi26pME7N3NY7BH3C9Ihq2vaaeqADxsQ4bFZ6+dAUNxPz9ucaWqYch0ZwHezksvdnstrD8QCHNor45rcjDZD3/NbSKYOaJYnBzHDII4wvBJ31dBO+09RUwBccMlx5D9irCg6s6h6TczR/vlqbxg5cweihUqdyyj27xwSBt+q5LTNlGw0n1Cztj6ltfUFKyst9W1xcN2k7tPorymrtJDZnAqGacXFjf8AeKd4E2HRngjkfdEcRIBpcFIEkUoxjITJKZmMx7KZKBMGCiVFLSXCnNPW0rJozyHDKH5GHEhI/JEY8b4GQqnFSRcZOLyjxrrr4ISQ+Nd+lZxpyXfJY/ZoXkMkb43up6qMxysOlzSMEFfZcb89lkuvPhlYet6cOlYylr4946ljBn7O4yFjnSmdHTa/ZxNnzf09frv0ncW3WyVJhmac5aSMr6O+G3xssnVkjbZeGfw6vDBlznAslP8Ah439l86dVdIX3pKpdDdIvCjBIjlcSY5B6td3CpI6gsIcSQ4bhwP+RXk/O+B0/kYtSSUn7SPpH019Xazw090Hur/ufeb4gCNsoLox6L57+GXx3rLY+O0dWTCoo2gMjmziRg+x+r9Qvoajrrfc6WKuttW2ogkaHMe3ggr4t5bwOp8ZbstXH79M/SPg/qXRea06tofP6/RHkicBkBOo610LtOnOFMkjGACMqLJAcamt5XBnDHZ6OM0y4o7kJMAkK0jla9uc8rGNkfA8YzhW1HcsgBxS2sBGhBz3ScMhQ4KoPAUpsgKhY1rnRuBAR2SB3PKa0BwOQgkEHOP3QdkJEsZIy3lBjmcw6ZXZ9EWGUEaSF2SIS/TgH1QkHNmDuAmVNK2cZGzxwVGjlkgm8GcYHYjhTWyhwym5BlHgraikg6gpH2m7RNeMEMdjcH1C8mv9srui7q6kma59M7dj/Ze0zQh7ctGHjcEbbqDX0ND1HRvtV2iaZAN9tz6EFaK7XBin9pmOhOtv4e8RyPElNMNL2O3BHcEL50/thf2WhZ3yfFn4Y0QmtFSC+40cLfNTO/rAH4dzleodSWK7dD3Y0tQxxpHOzDLnIPsfRbz4edfQxxus15DKiiqW+G9sm7S07br0XjNfKiW5HH8h49WL5YLn2fktdLfFHK6WNuhzvrbxuqSWIxOBA/dfZ/8Aa9/sqTdHyP8AiL8O6N03Tk5dJVU8YyaQn8TQP+F/kvjqpZgnUNxyvqvjtbHUUJo+W+Y8a6ZuaWERWjISa85TDjOAn5K6cZ4R5hoOOEjwhjlPzthFGfPIvA0OOpHH0qP+P7qQD5VpTyLYw8pPSPKT1CDWoiG1EUII8IRGSinhBfwQhlHJBMOcLr0NmziEZwy1UW1gipDZdPK4jLDxnSre3nLMnsFUNVvb/wC7/JWhNnWSaw+bI9l6l0y7Nsbn0H+S8tZyvTumzm2swt+mOB5T8EEhJFzZ/wAy3sO8TB7BYLGLmzH9S29MR4bd+y6dR57WLO3/AAUnXj8ULG+oVX039LPsFP67kApWe6g9NAlrPyQPmTRorX/yxrbgf90ZHngq2tRxA0ewVDcMmNrPfKu7aM07PsExdYObOOCfVACnO6zfUMwjoxvyCFoawf7sTnhY3qufFEBnsf8AJDb0TTwbtRgWnXVnb8a0LA4ELPUb9Uzds5K0wGwIWSbwes0NCssWfQQfSoc/1BTOBhRZtnhczUWHttFplvRbWkYpnZU+0kGqZg53US3tAt0hxgovT5JuDAeMrxnlLOz6h4qpRUEehUwyQD6KdG3P5qLSgl2R2U5jSBwvnusnmTPommjwgsTPZGY0jslG3GwCM1mrG2Fy92WdKMTnbGMIMkeY3McMggqWY8YOEpIxpx7JkXyFOCksGIkGl7x6FRZX6WEkbBSqx2ioeOfMVRdT1go7RLLnC6mkh8klE85rrI1KTl6IdzmbM3UzBDRyqYyuBzjKkU1Q2ooGuBzkZyozwN/ZekjVtjtPJvVK6W9F/b5NdOwkK0pm625VBa5h4AbjhXtumA5XL1TaltOvpZb4pg6qlBOzeyq6ulLhsNlqHxCRoOnsVEkojxjlYnPk2OncsGKq45KJ7JogdTXZyvS+lLsy5UMZc7+Y1uDvysvX2rWPoG/uoXT1ZLabkYJCQzUhlLcBCDr4PVD5goNypRPSvhc3IcCp9JPHNE2RhDg5uV2aMO7KVWfG8laiHy17T5sutBNQ3WogmZh0byfuFNsFY4VWguw3GCrv4i2yelvT55B5JRsVkaGQwVJa4bjj3XqaJ761I8FqtP8AHY0egHJiyOcbIkAMsB1bkKJbX64fDcckjIypNIdMpidyrk8GZLA+hmy90JP2CsoiHAxn6XBVj2+BWAgY1KfFJpe0EbFApZNVfRnHPfar0xx2ie7BH3WtbvuBtyqPqCi8dmtgw5u+VPsVZ41E0SbvjGkpM+xuDzX4w2J7aiG8xMGlw0P/ANF5ngr6H67tBvNgmiY3L4vOB9l8/StaCWjsSF6/w+ozXtZ4Pz+mVNvyRXDIZBHK61Pcx2r2QyCOV3u0cCMsjE5qWn3XUSQW5D0kkkRYkkklCAsp0btJBTF0bI+gGsl1bqsjDXK3Dst1LLxSGM5BV1QVrpWhj+F0dNdlbWc+6tqWUS84PCe1dDQRkDlcAwtqRmY4tBTTGMcIidgKwd+1kRzpIzsMqXSXGSPGQuaAeVGmh1DbZWngOFuHwX1NdWOx4jwCp8VS14y0g59FicVETgWAkKfS3N8OBISjVq9nQq1TXEjWZB7pKqpbrTygAv3VlA9kuSCEWU+jbG6MvZ1cxlFAIJBS1eymMmmOe0CbGD+SY9gwpGr2TXeZVtI+eytqaKKo/vGAqnqum3McZ6CYxSc7HC0rmAEFOfGNP2S5U7gOujN27qi/2OQR1YfIwbZ5WqsvxIpZpvCqg6PHc8KG6kD86mBVdZ05S1J1sHhP9WpcqWjRTqran2eqUF/pKtrSyVrgeC0q1bMHYIwc+i8HMV7s8gdBK50Y4LSr22db3Cl8NtSSfug2s7Gm8p/zs9hDgU9YC3dcsllw7jHYrT03UVDOwOL8E9lWTtU6+t+y6bn1Rm5GVXxXCCQZadipIkD9wodGvWRl0TNQ7rrSM7FRw/A3KQe0nYqGuF2SeCMcruQooJxyU9p35UHxnuJeD2KTXHPKYx4wnOICjWB0ZZJDSNI3CdkeoUfKdg+qg0Mkh4HqugYUwyN4DJIBqY2AkkDCh1N9pYhiNpkPoEe1iJXxj2XGfRMfI1gLnu0hZqe+3GaPRSQmPVzlR5KWtqxqra6U6uzHYRxiZrNdFcI0FX1DbKRu0pe88BoVTP1Hc6k4pKbEZ4c9vKjw0kEIAYwH3O5KkncAdgmwRz7dVOfsj5rJiH1RyT2BR2U/fACe1pcRsSEYuEbd0SM857uwXhuaBhEjj34XPmoW7POEB9xLSRFTyP8AcBMRlnhE8M2QyWN+p4ChE1k+75XRA8NBVZc+obFZcx3O4xiUcNDtymGW/VRqX3F1LVxNHkdkqJPXTtGW5YB3wsJWfFOGQS01otj5iOHkZBVPLfOqLxGZJ6z5WN3IHZHCOTlXeRh6N3XXunjz41Y07YO6o6zqe3RM1QOL3ewWFqflqd+qprvmXO7Ndlco6HqC6VAhoqAwQfgdLtlN2mC3XuXSLur60q2u/kuawe5VHPeLrdqr5ejc+WVx2Gdlqbb8Oovru8wl1csbnZaijstutkbYqWHyt4BTFFsxyU7397aMJRdB3CtLZLtMYyd8MctZbunLdaw3woGFw5JG6uk14Dts8JsY4IoRgM2DccY90JzjgnlddyRlBcTumAWSS6BySEE90FzzlPLtZwUEtLVDLZZlDST24TeN0Q6AOcoDnAbqGOTyDkk7YUd59E+SYcYQHHKhknMa55UWV4JwiSygDHsoEkh9MqGeTyEc/Tz3UZ7sZ04JPZdc8v2A+yuLPYCB87ciImjdoPdKnIB2RXYyzWgvd83cv5MLfM0H8SJdrz8yDT0nkiG23dcvV1NY/wACF2I2bbcKqAxn3S2w4feNDDyTuu6fdOQpJhH2yslszpUUpCmnZTs1PP2VXNOZHZHHZEnL5ZNTjn0HohCJ2cZWCduTr0U5GtaTwpNPBkg4ToaYnBwp9NDg8JEnuZ1KaMHIafGNv3VlDTYAJC5DT4xlqsoYsNadP7pZ0aasAooCMZb+6lsYGjGEmsDeFypqI6WIyPOMDj1R9GrbgFcbhBbqczTO+w7krAXG4T3Od0j3ENzsPREu1zqLpVOLnHQDgDthRQ0MGwSpSyc3U3OWYoHjCaG5Ce5pcQMJxwwZ05VJHNnlrINrQwElQ6qfy6WgJ9VUHcNCix080zsAc90xLJksm28HaaB9VNsNhuVfUNCIsHHCbb6Hw2taxmMDJJ7q1DA0AYwU1VjKq88sUUII2XXvbF3G646bQNuQqipqjO8taTgJiryXdZGmOWduFxdUP+Xps4H1OTaSF3Lh+6bDDpdktByp0QAxtha6q+Tg6jUSs7HBjQMYRMBIcJ63xikjA2MRWroaV0DKbtKHtXcj1TXEYQiTnlVnAAR5J2ahEEIjRsMhEawDOypZbIDb32RRylpwugY7pgY8cLq4NkiQOUTeCHUtvVCmlEY37qqqK+UvLYBn3SLL1HgJRb6JdfXxwu8Njsn2UKN08+HSHY8LtPTNf/NlAc/uUfU2MZws0rZSZaW05oGx4KTpA0HG6j1VW2MEu2AVJXXYO8sTv3We7VRpjmRpqolZ0WdVcYYQdbhwqKtuvinRC7ZQqqofKcu3KjjuuJqfIOyOIs6Fen2cs7LK6V2pxQsnhP8AyTFyXl9mqCEkkuhpJwq4GpMTUWOIk7hKOMjchSmNACpvBppqb5Y1ke24Ri0NwVxPHKW554OlVVgfGdsY2TiBslgADHddbETykuRshWkDDSdgEmQOftj/ANVPoqCeonbFCzUTsfZev/D74N1tXJHcbs1ggODocOR91FHLOxoPG26yW2CMH0X8OLt1FPG6GElrj3GwHqvonpH4a2jp2nbPIxslXt5gPp9lo7Va6GxUbaK3w6Iwc/spgdlpOFohXjs97oPEVaXGVkEBpIbnb0RG42JTMFzkVkZxhOUVFHZjWO1NxiPclIQy8uGAUengxklqNkO2xwhTwxyWAUMQPO+F3RpBx2RWjAxlDLcclEECkcXn0wmFurZP1YJGOF1zg0bnhBKO4XOSXI0Qkb4z9lUdSdX2npqmbLI7XUH6WtPCperPiDDb2GhtDy+rd5Q4fS37ledywGsnNbcHGeofu5xdkfkiVeThazye2e2srkkkl2z8iiSSSVYIJMT0xUQSSSShBiSSShBIYce4RCcKNJMGggDKgcY5C4Hqo09WyHbO6BI+V58pwkyBp3kGT91MhqIN9RVTOGgYaiMjOxPKI3DeG4TXPDchQIfpaB2XNY9FFc/JzlLxFT5CQfxR2auePMRjIwoxkyeF0SDO42SJPAxQyHLid+U8Ek4yhNOUQfVhY7bJf0nX02kqktz7HhnsuhmDwutcMLqwzsnJ8s7dNVUUlgcOMJJZC6ltt9nSq2xXBzASXUlWDaprA7WUg/HZLQVzQVWM8ET5HiTfhLxD/SuAAHOMImpgbnKXKLQ3dtOYKbk+i46oiBwQu/MwAfUiUGylOMeWwre+yWPdRzXxZwChy1ZcBp2/JE62iv5FaJBBH4v2Tcj+pQjNUH8aXiOxvuq+MGWqiuiZkDuP1XdYG+Rt7qJk85P6pvie6bClyAetUSWZ9uEwzZ/Co+r3QzPj8KY6G+jNb5SMeGyUZCd8IZlJOFGNQcHYIRnJ/CqWnmzn3eahD2SzJ6kfquGQex/NQTJvvlcMvof3ROhr0ZV5pSZOD2k4ThlQDKTxshmrqGbAhFHT7hn/ABmMFyWRPdCkqI49y4KuM9TLsJP2T4LfWT/UMg+6N0Vw/MFeYnfxWuQstwY4YiOSoplnrHafRW9PaKGnbrqpB9k6a42ulH+6w6nN2ylWTrisQHR+azm6eEVsVpq5naiMfdTBQUVK0fMy5eOWgKHUX2pkOlrdIKgPfJKdbySfussrJv2bao1L8eS8NwtsGfCheTjkhQJ7pPMSAcN7KC4H+pJp2Jwl5z2bK1npBXOLzlxyUxNM2M+XhD+YwdxgJM5KLN9VbZJQJJWs5cgz1pxiI7qORI/nZJlbk3QqfokSVxbtEVFfPNNsd1IjpC4A+qkRUzWEbZKVKz0zTXp5eyAyje92SOVMio2x4JUpxZGBhgQpZm4ycjCW5M0xo28jmRtYMNCY5zGjt+qjPqzu2N6il7sklxSm2HF7eEiZJUnsgGV7zknhDa7PKUjg1uSiDClw7kJGVjCO6r3zEFNYyepdhjSfyVFN+l2S6ivDB5SFDdVVdSdDXbfZWNL0/LPh8w2Ct4KGmowC1jSeN0Mp7TRHTSl+SKGms1VO7W/hWcFrp6cDIy5WelzsaG4ypEFuIw+UJUrc8G2jRxXorYafQQGMwCp7aTy5P+altp2t2DdkXSB2QOTfZshSorgiNiDSDj8k8gHAA4TpJ4YgdR7Kvnr8bQlXGW4qSwTHuZH9bsKFVV0TWYa/lQqipkeRrOcpkdJJI4aQmxhkzzs9HH1Mj3eVvKb4E0pBkGFYMoQwA6RldcBGMublPjAx2/cRoqKLGp4Ce0NYNsJslRoBCgzV8cQPiFaYQycy+2FXZLkkDTsFFnqQG+bACqqi8lxIgVXK+qqD5pTj0WqMTi6nXxjPCLaqukMeQHZPsqmorquo2Y7A7JNp3dx+6kNphjOkJpybr7bZZyVvgVUjgZnZCMykOAccKcIhnBH7orYQPw/umGV1OfZBEbWbFvKK1nHl4UvwAeRwnt8KL6sInLIK0zzlg4ocYwN0ZznAAOaBj3THSyE6YQMIsdIZceICSfdDuwPhp5PiIIPBOFIEJ2JRm27bU2L9SutjlB0yYx2whdjRohorPaGtZpCbl5OzFKbCTvhOMbWDLgEDuxya69BJ9kQsqHEY8oRYqF0hBcMkd0R1bRwDD35KiyXoDIpwkvUo1w0MY9lhHRsYBqwNK7JV0FO0F84yOyopq6rn/FpB91GLHuJc4ZJ33S5ag0x0sP0W9TfmR+WkGR3JUGW4VVVs4kD2UZtPupUEXDWtWeV+TVXpYtfagbmOd9RJ+5RIoFNit1RNg6MBSW0kcO734PolSm2aYaVrsrmUzyQGDZTYqVg3e3dGBaNmhOfgDcqZyO+FLgHojHATxE0cNQ3EZTXTgDCgMoKI/S0fjCHJLHHy4KJUVrGAnf2Va+aSY6co4xyZ527Oiyqrh2iOVCfOZMF6bFQVDyHAZCmNpWQNDpwnRjjsz2XOXZEjaX/hUqOmYAHOQ5a2ng8sIwf1UWSaqnI0nYp0I5MF0k+uyXNNBF3wVGfWyOOGDZdbTOkILzkqZDbZJMCNoTlDkyyU58RRAkLpCNXKkQ02rHZXlB05I5wfJHkK9hscLQ0CLP5LRFJdkhobbX9xlILZNNgxhWVPYpjpL27fZaeOiZC0NbGAnBpZg4/JSU0lg6Ffj4V/kipZZadrQXtGfsolbQwx4bEAFczz6vK1u+FDNFV1Ds+HgJe4f/CjL8YlDJBoIyEamg1HYbrQ0ljJOZ2/srWGy07ACGgEeyCU8D6fGzXSMzBbnncswFYQWvceXC0DbewYaADhHbb9ONLQgdh0q/HuP5IpY7bpxtlTI6AMAIb+6sPlS0jZSPDbGzLhgJU7MGuGnjX2VzKYNGMIuhrBuOEyruVPCPJu72UJle+odpdwh3Nh/auIkiR7W7AIJbr3GwKkxUTpMOPf3UttAANwlyngYqJT5aK1lOTgo0dLnbCsBTRsGw3XCP8AAl/KPr0y9kQUeBvx6I3yzGgaWIjm5c0on1AYGT90E7GOjp4p8EcRNCTcgZ/ZS201Q7cR7I8NBjeTGfbss8r8GuvTT9dFe5r3kBrU5tFLIRqw0eqtm08bfwBLSBtlLd+TQtKn+RXikDBjGU8U5z5W5U4xEkHlOEDiMAJUrshx0sUQ/BxgEJhGgfy2b/dWHyzn42RGUjicYwhd2A46R9xKhtPV1DsatDUZtrizqeST33Vu2m2zsEx7AxB8zHw0y7l2QRSwx40M3XTHv6eiOd+AhvZK/wArI8qOzcX8ajxEFIAcHKjyAEA91NZQVDjlw2Tm0MIPByo57Rc6JS5K0scfpalHS1Uh82MK3bTsaMhoSDQNgi+VgfAl2VnyZ/F/mitpI2jLm5wpbm+6Y5zW8uRKeQvjS6RF8MAkaUg0YJ9E6WpjJ0sH3UOeZ7sBpwFN+ewJQ/QSWWGL63Ywoc1xyNNPuV10UcuPFdkoThTQcc/dT5Bbo3ESapr5DsCAheBI4gzd/dSp3vONLfZBFHVzfUCQhlZkD+O/0Ce2jg8zwM/dDkuMBAbDklWEdgc86nsz+SnMs9JEAC0E/ZVvB/jTf9jMv/iU+8MWye2yVcwBnqC3PZpwtSyFkYw1oH5LkkbecI424LWkzxIzzemqM4MrpHk+rlY09tpadgDIm4HfG6nBjRlAcQARlX8gEtPGHQ3WGAhjQ0eyEZMkpPlGcIRdlT5QFBR6Hlx9UJz8tKa4nBQCTnkpikLlBoT5MO2S16humvz2Ca5jncbJqkhM4tsTnDc5Cj+MAeE7wXE+uU35U85TMiNrOmcY+lB+YfnhE8I+q54KmRUojPEPomlz8H0RC1gzt+6GS0AqwJJIZrfnGVwlxGF3U3PskaunaMY3Vp4FNexml2cpwYTzsgvqm4OkdlFdXzkkcKKYqU1Esgxo3dwuPfRsGz/uqt1RUO5kQCHE5TMgO39Fo+tpWnylAku0LR5QSVXEEcphbggq8syzum+iabzPwG4H3S/iNQ4ZB5UQgHC7kqZEudiechjWVOfrS+cqP6ygEpofnsplhq6wm/PVH/e/uufOz/8AeKFrK4XEqZL+awn/AMRqP+8/dPFwnP8Axf3VVkk8p4BPdE8or55/ssxc587vH6ozbrMAPMP1VPg+qW4HKvLJ8817Ltt5mGM4/VGZeX7asLOmQjuVzxX+p/VTLC/mSRq2XikGBI/BKltr7c/GJ1itYPKZ4imWHHW47PQY5aOX6akHPZSBTsduHA/mvOBUSN3bI4Ee6dFdK6IktqHbe6mWPWvrX5I9GbS6uGJk1P6NCw9P1ZdKfH84uA7EqUzr+uLgJIY9u4CikwlrdLPs1Qgc48kEIzZKumIMM7m4/wARVFF1/b3AePSYd3IUtnWdimHDmn7Jis9DlqdN/RLBewX+7QEZnJx7qyg6zrIgPHi8QD1Wajutsla2QVcYDuMndSG1NDKAGTt39CmKQyNzl+MkzXQdYWqVgNTCyN/cFqkRVFgr5MxSta8jJGcBYl9E2TBAH3Q30bozhriD7IlML5NvfJ6Gy3Z/uK4tbyN014vcDtIMcrR9LvVYiCsvEDAyGoc5o4BOVKp+qrvSvb8xGXs423T4ywKcovtYNgbi0ARXK3ksdtkDUPzUWak6WrniOWAs/LSquPrGnnZmQ4zsQQpVPdLbXfy3Oi/PAwmq5oTOuiz8kmMquiY5H+JZa8sAGdLnKBPYuoqJhL4PmN8Dw+VfMp6Z2BDUkY3wHI+LhH54ajXj8LiVpjqGcjU+E0t73LgxjKyNj/CqjJBIOWvBBR8ySgOhayYexBIWndJQVMg/jFtDhxraN1BqOn7W+Qy2Oskppc5DXOwCtUNThHC1n08o/wC2ZurihDNFwtw0O76eFVVVmsVUzRG10Z9VsZqHqGli8SsiirIiN2gZIHqq2U2auaIamIUrh/hIKfHUKT5PNarwVueDIT9JMdHmhqWuf/S5VtT07dqSPxZacub/AIN1uJuk6vR41rqPEwM5a7KrJJ7tQfya2N4A2yQcJ2+Ho4Go0d2lbdkXgw0sbm/U0j7hMDwdsLayVNDPGY5qZj8+gCgz2a0zM/lSeG4qpR3LgyOa9GYLGnYhSKWurbdIJqSplid/zbH8lY1HS9xjYZaQiZo7hU0wr6V5ZUwEgdiFNrGKeFlGxtvxDdGWx3ODI/7xn+q0sF/t1wja6GoZv2JXk3iQPGTt7FdYHM3hkIHsUQ2F017PWpqOlq2+dg37hV5tdTQP8Wgnew/fZY62dU3G3kRyP8WMdnnhaig6xoqhwjmGgn14RwmaI3KSwy5oupJoiIblEQRtrar+lrqaoGuKRrs+6zxbR10eWuacoLaCop5NVNKWf5J8bPQmypW9Gte6KQYLRt7BSbdeLraJBJS1DnM7xuORj7LL012qYD4dXHkf1BWkFbDMMxyAexT1LcjlanxqkbMT9P8AVD9b2/w+5baZGeRxPs//AEIVzRdR3/pOQNvYfX0h2FQw6iB/iXnYcxxB+lw4IV7aOpqihHgV7TVUx2LXbkBMODrPHTqjugj1ylq7T1FStrbfO2TUM7HcJpkntjwX5fGdj7LzaCKFtSLz0dViml5dG76HH0LVr+nOvaC5Zt/UPh0ta06XNIw1x9RnsocmVbRoqmhtt4pi2aGOVjhu0jKydd0qKB73UspdA76oXnI/Ja6a2vjcZKEuHqOyayYSkwVUY1DbcKCt7i+TyG40V36Xrf8AaDpkluMfMUwG0jB6D1W06O+Klo6lc2iq2GirAAPDlO5Kva+zU0uXMbjKwXVfw1pLq0VtFI+krYCXRyxeUk+/qoHF1z4meuRV5Z7hW1LUsnYHtdn19l889MfEW+dL1YsvW0J8Np0RVh2a8dvzXrtrvNBdIWy2+ra8OGcByWZ7anWzXuY1wyWhRzEW5Pb0HJQbfcBIPBmOHDYFWLC1pBIVIT2Q4pQTxhSNeoBMnp2B/jR4GrlvcILZNJ0uBQdgA71ZbX1BQvt12o4qmF4ILZGBw/Qr50+JHwbuHRkTrr09G+utpeS6IZ8WAdtvxDnfbC+lQ4FOD2gbpF1EbVya9Nq56eWV0fELZw7crb/Dr4q3n4eXDx4Kl0tHJgTUryTG8euOxXo3xO+BdJfNd56NZDR1+5dTE6Y5vQD0P5L55rG11ouUtovFG6nnhcWPZINw4dl53yXjYXR2XRTTPofgfLWVzV2lntkvX7PvDojrbp/4hWn+JWOc+IwkS07xh7Mf5q+DRjdfBdi6nunTVwiulmqTDPGdnNdgr6p+Ffxvs3XMLLZcw2ivQbgQh38qcjkR8YPGGr5B536bt00/kpWYH6F+nvq+jyCVOo+2f/qegz04J2ao7GuYRjsrYsbg7cqM+DUSQMLx0q3nB7uM0OpKsjYnCtIKrIHBVE+MsOQESmrdLsO7JUo4Gp5NIyQOGfVEVbBUEgEg4U6OQEZ9UJY4gjcFOZIeFwkJnKhAz2CXGcbKO2V0cmh7fzRdWnAXXBkow4KEJMLg5gI3QKmgNTh8b9Ejd2uHKixySUs/lcS07EFWEdQHdlF2BJZKuvo6XqCjksl9haZMEMkcP0OV4r1FYrt0Lc8Tse6iLvLL2A7L3ysp46poP0yN+lw7Kur30dRTvtHVEbfAlbpbUOb5W/crdRf8bFyWVgy3RfWlFX0LrFfGsqqCpZoLXjUMHuf8Pr6L4r/tcf2U6n4cVj+uuhYZqnpipcXyxg6vkB2Ge0e5X031X0hdfhncvHpC6eyyO1Rlgz4Oe+e4W16X6ror7aZLFeHRVFDVRlj2SN1Agheo8X5CVct0Tz/kfHw1EcNcM/IDB74RGgr6g/tW/wBkyb4cyVHX3w/pHSdLvdqkgjGo0ef/APnzv+y+WI5s8D3X0rSa+GqhmJ8e8l463x1uywkJZOMJoIdwuHZbovk5wQHG/opDMkbqO1GaVsjLAuUcnTykmOPsmk5RgYH6vZEQE8HHZQJrA5cduF1JQEjYOpF/ClgJHhQIGeUkjykoQ61W1ux4f5KnbwT6Kzt5OnGeytAWfjgtWr0vpKTXbBkei8waSOy9H6MeDQBvfC36Y4XkV9iTJtTtUtcDgg7fqtlREuhYSfwhY2vZpqWH1K1lDLqpo9vwrowWeDzl6yUfXjiYIxq3KXTONLPyQOuXbwb7FP6az5Bn0UxiTRoiv/lzQ3B27RjdX1uOKdn2/wBFnKvJrWBx2wtBSYMLADjZGjm2J8Eytk/3YrCdYSltJj7ra1/lp+V591nUjwQ3HCG4bo1m1GYtXmmafdanIA3xwszZ95G/daFrt9iVgv6Pb+Kq3WZDg41KI7zO44KkuIDf1UYeZ3HdcTVSwe30NeLEaEFsVBpa3YsyUPpp2bgM7Ikw00LNvwoVgbpr2Ed8LyfknmLPoGi+22CPUaIAMBwp0YyBthQqEHw291Y0++Nl891UszZ9H00ftQZjONkdjMAHG6cxoDeETT7Lntm3samu7ouClpKuDwy2YW8xMir5AzYHfC8/+I1zFPavAB3eV6P1HAW1xf2wvE/ijVvfVQxN4zuF6Xw9XyzyeI+qLP4+lm/2Tuma0TULIy7PlU6UaCQVjuk60sm8IvwNsLZTHWAQN16a2vYzxHj9R8lKQ+31QbMIeAVp6LLHANIWKDzHUNk9Fq7ZU6o2zcri62vnceo8fdxtNLCC5rT91I+XDsEjHuhW57ZIg5T9OAFwrng9HUtyIFRRADhZ65W7DjPp4WydEX/hz+ar7lQl8OA3dJVmA51Z5Q7pmvxCynd3AWocwEeqwtvBppmvzgLZ0E4mZnKPclyJVeeDDfFS1eLbYbg3bwXEPHcg8FeQVzdDWTRjdp3PsvpO+WyO6W2elezVrYcBeA11uEkVTTM/CSGn2C9F46/5K9p47ytDrsyW3T05kiaXOB2VtnwpRNjIysr05VNYPBcSC3yla57Q6jaAMkrfN4OC4vJ2v2MU7d2u7qUzeON43KAdMtFoI4Gy7Sv/AJQjceOEpvazRVwGqmGWBxaM7KutOuGt8POGvG4VpEB4RYdyVT1T3U58dow6J2T9kPZo7NY2AOGhzchwxhfOfW1nbZ+o6qnjbojMhLR6L6Pp521NBDUx7kgZIXlfxussb4IrlBF/MAAcR3XU8Zqfis2s8957SfyNPldo8sbEHsyN1HmiI7YUqjdiMMIRJafIyAvc1/fHJ86c9stpUytPouavZSaiF22yilpbyEYammFSSSUCyJJJJQsCkkkiCHbg7FTqOcsIChJzeQ4JtU9rF2Q3I01JVa27o4B32VJQVWggEcq6jnbKwYC6ddm859kMMKiavZARQMLUo57EDtPuuFgKROV0NJTdmSsiMQAKjOpxgnbdSdPuulxIxj90EqdxFPBWSQ1LCTBsAu0VyraSUOe44HZWAb7IUlIyTloVfDL0x0LthZ0vUUUxAlcMlWcVdDN/dEH81knW+NpzHyhE3CjcDENvVGt0PyNcNc17Ny15cM4XdSylL1DVwtAqXcq1o73SVIAc/SfcpkZxl0bq9RGS+4tCD3S8Ny4yZjsOa8HPujastzwr7CVkX0CGy6WsxhJwwdkiCpjITltBviDgVDdb4ZCTIwElT13SMZQSrTAdpRz2Q5DqScxEdwk0XSkGTOZB7K6DCdguiEk4Qy06fQcdTKHRWU3VFxpS2MibA3OeFeQfECONoE0uD/zKO6la4eZjSCgvsdBK0h8Ld+fKg/jP0aa/J2Q9mqt/WdHLG1/jtfntqVtTdTUchHO/uvNX9MUYdmJ0kZ/wHCY6zXOM4oqyQ47Ocly09kfR1NP5mUfyZ6/FfKN7dnElSG3EScDZeLMb1XRSCRp1gepUqn6l6oppdc9PqaOyiqaOnV5lP+o9njrDyi/NasbBeTU/xCnp5M1FPI1WFP8AEO3ynzvePyVNGyHlk/6j0v51vc/qnm4U5GNW/osFB1vZXjD6h7c+qls6rshIIrYzn3VxQ2PlXnhmxFaDuDhR5qyd+wft6LPjqe1OA01AP5pzOoLef+KmqKGPyEp+y4e9suPGy7HumFkAILGYwq8XSlcMiRd/iNP2eUWxFPVxf5MsxMG8ALpmzsQqs3GI7tcufxWlH1ygfmrjFCZX1/stQ4FcEuBwqGq6pslC3VUXCNvoNSoLh8VbHSMLqcunI/pGUW0y3a2mC5ZuXVM7dodl1jap/mqj5SvIq/4tdSVYMNrs8UDD/wAR7s5/LCzVwud9vGX3zqKdod+CPYfZUc63y9ceI8ntN36w6Lsuv5u5MdNHuY4zqd+iytV8b2PbjpiyT1Q41ObjH7LzSKCw0x8RsZnlHfBJJV3BU9Uyx6bfYnGLHlc5oTVBs5l/krbvxLC533rzqWMmtrIKSJ25Y12k49yqj+H2Om/mXKuY+Qdgc5Kuoehr9dI2z3CtMJfuY2OxgK8tvw4slERNOwzSY31nUMp8KmzBOc7H9zMhTV9fJHosdqkeTsCGjdXFJ0f1Jc42uudWIY3buiYd/wA1uqOjgo8RwRNYG/0jCnsOx2TvhwRV5MzaOiLJayHinMrx3lOpaFsDI2gMYABwB2RHDfKcCB3TIxwNj9qGpYykuEjCYooGU8CJGOUDfhdPJ3XFYmUsjAMILuEY7IJIxhQz2PJHP1obzgFFI82UJxGD7qGax8EWSQtKHLu3YhFlAGTnhVs0wChzrbMcCkdvyECSUEbIUkxJQnkqGZyydkeSgh3iHSGk/ZGhhkqX+DGwuedgAFsbN03T2ukFXW6TIRk57pc5pGey6EI5ZU2ewthaLhXgBo3a0qPfbu6sk8GE4jZttwi3y9GdxggdhjdtlQ+IHbLPKXINcHY8jOQupZCY5wAJ5Kzzswjs6XTsdLJoCrppHPdnV3TqickoLGucTlYrrMnYooCNBJ5yjxRZISp4HHgKwpafBGyyN5OvRTgVPTEgeX91PpKQ6s4RYYABs1To4Q0AhqtSwdSqnAxlO0YOFIDQAupOkyN8KzVCGBkkgjGSsZfru+slMMT8BuxwpnUV7aT8rSvJI2cRws2PU90MmYtZqP6K2cDSutByn6R6LhLW8pZy5yx2ce0MA2VdU1RLtLDsESvrA4+DCeOSo1NA6Z23HqjjFs59tu7iLCQUz6qTGcY5JVxSUQi3ATaKl8MZI/dWLAG4wE6McFRXthKdnhDjZKeVsfpumT1TIIw489gqiSeSoeXZIymqOSW6qFS4OVtc+of4EAIA+pyVPEWAEjdPZEBvpRGjBC11V5ONqdQ7JZY8NBAwEdowMYTGtJAyNkdvbZaYwwZHLIsFPHK7sQNk5qYgBwIwDhMLgUnYHdCJOeU1PgpLA/JSA7pAd0QD1UKHNxjjGF1cAwuqEC5HqEsj1CD+fC452kauyFySIHOwyoVZWNiGCcFR6m4OB0w8jdBgp3znx6nk8DPZIsvT4QSRzxp6h+SdlIip2saHHldwyJpIaoFZdWQtIJ3+6yWWR7kx9cXPhEyWdsA3wAqqtvMDRpa7JVVWXOScludiqt41HVnlc2/yGyW2s3U6ZZzIm1tylldzkFQtZJ1eq4d13nYrk3znc90mbIxUehOHqlqXeVwYJwCsjTQ0cdhlAByeEbW31TdGk5yrCj2dazKIxgCTRgYyitZ3wozXXDJxoGAcIiQ2RAC4pTe46NVbGIrWE8jlO8PHIxlEaG8cBLfB0KqzscerBwrmxWCsvtYyioWnxHcK36N6CufUNbFoAFM4ZJxlfRXSHRFF0xRCCONrnE6iTzlRLJ6XxPhbL7FOxfaZ7oL4VUdjENXco2SVDNz33XpbGhowNgOy4AE4b5WiuGOT6BptNXp47YIa8B3fhda0rrKdzjjnKkRwlpGdk6SWODUojYabONlJZAGDhPawADC6eEE8+hsEcw1oOMZwh4wSkfKUMklDGLZG8HZM7dlx+SMApGYY4VdcbpT26nfUVLsMCZgz22xj+RJmnhgGZX6f9VgOqutxWsdb7PIA0gh8oOc+wVN1D1NXXuV0cDnR0mSMH8SpY4gzYAAJkK3I8r5Dy27NdY8QZIe/BJ5PqjBmBwusBxhGEDyM7BaY17TjfMZ5JJJdGMT82iSSSRygiCSSSSGsEGJLhIHKTvpKhAaYdk4t3KD4sIB1vwoHGOTs0jicAIOgjc7JklwEZ/k7qHJWzSnc4VMcok15iZy7CC+pP0sCjnU4Audlcznsh2l8hTLMR/ebeiEXO7lcz2ykgnLaRHclcTM4XNXsk5cg8jlwnTumEgcpZGcEqmmxgeOU5wjeNjgBQ2ZaCSuNk3SJ17uEbqLnHhk9shG/ZEEigNlcSBoR8TEeVm6S9Ozq1a2uK+5krxE7xWhQcVjjgx5CI2mqj+FLeml6RoXlKIdyRLFWxmzk11WMZ5QfkpzuWhOFKRsf80X8SXtB/wDGtPjhiNYQfKE011RwCAE80pJzgLnypG4GFf8AEl6QifnK4vg4J5zu45XTK8jCf4RSbFuq/iS/Rns89H1kAS9x/wCido24ypIjGEzR7I1pnDszS83J9APy/ZdRMHOEi0lMVUfYiXlrZdPAMy52whk77hGMe+SE4Rtxwr+KBnl5G+X9QPfHGEMtPKOSAgvqGgEYUjCKEy1Vs+5DCSEMlcfMN1EMp33KJRj6K3zn2yUZRvso5mGSMIRc475K4jwTAbJSyVzJ7JzInFwJSXJIITWnOBvlSYKEHBmwAV1jGgDK5M/UMAkJFl7XCNlNG7Epr/oHe62UbdhqeoU93mG1O3YqPK3Lsn9VxzRttwkOSl+R1Ka75vbBbUDlqK+oOZG5H3Q2tIOTsVMYDgjKG5gHBSJyj6OvR45S5m8sDt6LoIHZP0+65j3WWdqOxptFjpHCMpjyG+6dqzkYQnsJG5SZXYOtTogb5C08ZQyDIcBuFMZQvkOdO33UyGjDMEgLPO1yOlXoZekVbLc95HZTPkPCwRurEMa0cDZRpq2Bg37JLkaI6dQ7A+GAOEOWVkYySgVVxAy2Aqukmkl5z+qkuSpPBLnuGk4iOVCfPJKfOUwD3ThjCgDY3JacHunteMElcLS/GAnx0dTOcBpHuhbwFCMpvhAXyOOcbEJjGVU52BcPsruisJJDp+yuIbdFTNHhMCW7cGyvSSl+RRUNjErPEqDpJ3wrOlo4abaNo2U50DiRgIsNHuC8beiVK7J0qdHGHKIugu2CLFQtkOuQ7hWBihiZkNAUd1SxmdIylSnuNcKYr8jrKVjMbcJ2sNB1HYKNJWEfSokk8zvq3QJtjdsYdE6WsgaCA7dV8tdMdg7YrkcLp3I8dASQTt7p0YORnnIiOfJPguC42jc85xhWraNsYBLfyXfKwfRkp0KsGOyWCBHbWbGXkIhjbCPLhFllDRk7AKnrrvBFs12XLZXAwajVQqjmROlqdLTgKpq7njOqQZVfUXGoqXYDtIUJ4L93la41Y5ODq/JZjiAWouFQ52GP2UBzpZHF0jic+6kObwnaRttwnwrOFbfKf5AGw7jZGbEB2RBp4ATge2E5RS7McpZGCIDsnCM+iM2AnBwiiIHkbqZQyqqc+iO2Anf0Tmsc7ysG4UpsXqNiitijABa3CFywdCvQyfZBEFU7luyPDbi7eZoUxhGVyeRrWgvfhC5JI2Q0kV2KGjp2cMT2wtactUV9xp4RgHJUGa6Sbhhxn2Wed8V2aYaaHpFw7S3dz9lGmraSLGnnvuqd81TMQTLgJnhuduSkO9vocqixmu7icQtxhQZamqnzreQPunMhx2T2xAYOEmVjfbHQpIfhvccnJR46YDByBn3VhFRSuwGR5yp1LYpJcGRqD5F7NVeklNlM2EkgNbupMVuqHkDw8ZV9HQUVMMSchcfWsjGiDBAQSsyaoaOEfyZDp7G0DM7gFIEVHSY0EOP2TZamY/iCC075cUrLbD2wh0GdVv8Api2CG4F+7jlNLwzZCdJgcJsE2LsYTDQPqCFNOewUaeqDOVX1Fw1+WI59RlPUTJK+K4Js9aG8FQJat8vlaM5Xaehq652dBwrels0NJh87R+ZRKOTLbY59PBUQ0lVUkOLNvVT2UVLA0PnfpI7LtbfIaUmCkYNhuqWarmrHnWVeDHZbjotKm5iEaKY5Vc+erndg+YFKnpyTlw2VnSUM020LMp0Y5ZmW+54K9kJy0vZuVZ0VsmqR/KacH2WptfRsksTJpgMHkYWgpbRDRACMDP2WhfYb6fHSs5kZa1dKyvOqYceyvqezU9M0eUZCu2M0twBhMcz2V/Kb69DGvorvD0/SMBFaQ0HAUg0+ojyp7KTfzKfLk116ST6IOXSnDW5ISZSvk2kZgK3jo4mDyswUVsW2PT2QubZuq0Me5FUy1wfURupEdMW/S0bKeIvZHZTkHgKtxrjpoQ/Er2wnIy1GbFsANlOZCARloSmfHE0EhqtvBJRS7I8dMTujSeHE0Fyqq2/R0/kjduqeputVUg4OyTKWRU7oQ9l5UXOli8pduq6e6TVQMMR2J5UahtNXWjxnt/JaOjstNTtaZQCfslOeAlVO/wDwUFJaaiqk1SHSB3Ku4LTSxAHup8jaWnaA06VHdqm2HCU7PQ+vRwh6GkMh2ZvhcMkjzhhwEVtK7knlFipSSAG7rPZeo9m2vTSn+KACJ2ASOV0xZ2aMq6o7LPKQS3y99lbR2umgAJb5hysdmrS/E3U+Nm+ZGXp7TUTkEtw1WEdpggAJB1K88N5GiKPIQjRzNdlzcZWaWsmzfDx8YrorfCDRpa3ZCNNIfparhtMHcNyntoJM5LNikz1DGx0rXBTMpi47j8kZtAefA/NW/wAnGwZDcELhGDhA9RkfDSR9lWKAEbtwnspRnGMKfp90zA9UPzsatNCHJF+WDOQmODIxnlTzG54wFxtvYRqeSMI3a2A6/UUV2ZHbMZym/JyuP80YCtRC2MYaEwhzlaluAdK9kA0cbMYak1ojGwUt0eRkhMLASi3OIt1xXREJcTxwmeESMEqW7QzsgSSsbvnCnyZBlFDBTd3IEpgiG3KZVXDHlEqgzTnkHJ9VbmlyZ3DkPJUdsKJM/V3TfGnk8rTt9k+K2VNTy04Vq4qVUn0iJ4jcncfqhF5ftjhXcfTmPPIMDupUcNopWgyOyfRX8rKjS32ZyKknnOGNOFNhsLtnOjwfVWElxpQdNJHj1KBJWVM4068BV8mQXDazkNtpIt5XjZPdJRxjEXIQPBe46nO/VMe+Jg8xwg3MYkkh8lQ/OGbBBfqduShPq4gMNJJQS+qkIDMEFGrMrkBrJJ1taCSUCWshzgHdc+WncPP3912OgcSqdqQG0CahxBACC4vdnblWTaIDGWojaMAbNV/KhcoplQYn84TPByrjREBgjZDMtC3lu4U+UW6kyt8B2MgZXBR57KdNW0wb/JiOfVQXV0wJ043TlPJntil0d+TA3cUwtgbkOeAgyVM7/wASjOa49yUxSZjkw73U0ecPz+SjPrIBs07pj2Ej1QTEc50pymZ5zl6Hmp2JAUc1VQ7IOyOIsj0XHxegRZYhqT7AFzzygkuOVM8HPDf3SMBPDP3RxnkCUHPgh+Y8oD2DnIVj8lN2b+658mGf3oTcoH4X2V/hnGwQHRY3x+6sZGtZ9PHogkeJy1WLlVkhacFdwPRSDARvhN0b7DP5ojPKGOCM5oHCY9mcbqSWHZPFM56LIp0yb4RALCBlC839KtRbJzw3ZP8A4ZMOQApkj0snyVOh3ouaS3lWxtkjRk4Q/lcu0loKsF0tFdod6LhBHKs/kDsGtyufwuo2PA+yYoAfBP8ARW+E70SLXAZwrVtFhp1YyosjI2nDuFeAJ1NdkAnHZLPfClOfQgb4BUd0tPk4erMs1gHv6IeTjOn9090w3wEEzjJ8qoS36EZCOy54p9F0ZeM6VxzHHhqsFt9iL++d0x02xGEPcldERO+FOwZOX6GmQ54QzqKOItR+lG+Qc4KNNAODfJCz7Lodg8KQbe87gIYt07TnsoDtf6E2QjHKOysqI8GKZzcehQvlpAMFv7pngS+imWMhKcPxZZwX25MLf99l29XbK0Z1fcYQMuDvfusvod+iI1ziAMK1JjI6q2Ps29H1q3A8dgJ7gbK0p+rLa8fzQQD+a81Jyc8I7Zw0DumKz0a69fYuz00Xex1TNLsAfbCOygtE7A+CUtJ7hy8yjq3AeVxUiC4zsP8AeOA9imKXs0LWQn+R6O+03CIh9FXHTyMvKUdw6rtLhNrEzBtjlY6n6ruFPGI/EcQOMlX9t60jkj01LMkcpisQ5X1eng0sfXMT4mi4WyXWdiWNVjS3/pqvGgvdE8cB/lWdpr5a6l2gxtb7lFqLLbK7+Y0YJ4LSm/Ky5zU+nk2DZIgPGoqoku3+rIUeanpK5xjuNNGS7YPa3CxwtNxtoD7dWuOPwOOxT23e/wBE4S1cAkj9BvhOqtETphZ+SNMzp11KTJaa57CN9BdsVx4qgxzLnRsnjOxAGSFVUfVkDyHOcYz3B2Kvob9TzRhxcx3vsnK1mG7QQmuEU8ti6XrotDHfKS+vG6o67o25UodLTgVEXILd8hbZ1JYbjh9TiN54LU7+G3ahYZLVVtmh7Ndumx1M4s85rvAV2/04/wAHl80dzoMtlZLGz7lNNZTys8Osp2yA/iA3XpTnxzjTfbZljti5g4VZWdDW6qBqLTUtw78B5H5LXHUJrk89qPpmyPNL/wC5hpbFaa6L/d8NcePVUVb03cqRxdSxmVo7ZWyuPS1xtryQxwI7hRYa2oheI6hh+6NWJnClprqPtti0zCPe9h8Oogcxw5BCcwNd7L0KWnttewiqp2nV+IDcKiuHSFO4F9HWgO5DHbJqWRexsqaa511AWuhncWjsTstNbetGO0x1TcH1WTfb7jTPMckWpo/RdZG1pORgouUDvnDpnpcNdSVzQYpWk+hKK1mOD+i82hqZYHh0Mrmn2KvLf1RU04DZ2eKP0KbGzHY2Ooc+Jm1grZ4Tgv1N91ZQV0cnfB9Cs7QXm21jBqqBG8/hdsp423G4O4Pqm/IXKFdkcF3FXPpHh9PIWP8A8J2Kvaavtl7IjrIhHVacCQHGfzWLa9wxnsiR1DvTB9U6Ezk6vxUZ8xPUbL1TeelHhr4zXUQAGkO/mNHrk7H7L0G2Xaz9X0Iq7ZJpkbuWkYc0+4Xhlr6kMcbYKvLgNg7vj3VtSvLZRWWisdBMNw6N2N/dMyeW1WjnVJ5XB7FNHPSNb8yzLDsXeijVVOxzdTB5T3Wf6e+Iz5HRWvqWENl+ky4zG/0OfVax1KxrTUUj8teM4By0j2QmGVb7RlL707b71SPo62mY9kgxktBwvKay29X/AAluIrOnvEuVpJxJBk6ox699l7m5zXk6mjJ9lCqKcS4J4yoaaLtixNZRTdE/Eyy9X0rJaKdomI3YT5h74W5p72achs2pwPvwvCuuPhRmoPU3RksltucGXhsJwHfbHdV/S3xprrfVGw9fU3y1ZGQBUZ2kz67bdlQc9DG7/VofH69n1HT1EVTGJI3ZBC5JGDuOVhrL1I1jY6umlEkMoBIB2IWxoLrS3Bv8p2HDlpSzl2Q2PANhnhm0THLTw/v+aOXk8ORi1rhg7qLJC9rtUbT+qsBrAc7jBIWO+Inwn6d+IdsFPVQimrISfBq2NHiMP+rStU2UjZw5RTIHYIJG2Ei6lXLDG03WUTU63hnxB1h0t1V8OLlJbL5RCWJrtMNUx/klHY8bKJS3VuoPpZCHDfY43X2p1N05aOrbRNZL5TCelmG44cD2IK+Ufip8F798PKp1wsIlq7PnZp3dCPf0XF1mg2/gj3XifOxn9tzxL9ntXwi/tJMdHB098QKhoLAI4rm93mcewk//AIsr6HhmiqImTwSNkjkaHNc05BB7hfmpBcJCNL2gkBexfBz+0Deug5xaLq59TYn7mMHzwHuWZ2P2/dfMPqD6Yc5fLplz+j7b9MfWvxf/AC+ufHp/pH2RJFnlqiPpnE7bYXemeprJ1ja23exVTKimecNc12f19FPfHjgYXzbUUTqm67Fho+sabVwvgrK3lESlq3wO8KYE44KtYKrUBghV00BPbjhCa+SBzWzMIa7grNKODYpZL9sod+IJw5VTDUFu5OR6qwgm1gBAGSgdtyuZKGHZ4KcccKZIce0O3PKUb3AgYyB3TXAg5yugghTJEskyGXJGe6NV01Pcqc0lVEHxP2Ixuq0SFh2GVNim1D3RRYE45M5/EH9ISnpzqhrZrDVYZHVSjXoJ+mN7u3f1XmXWnQ9f8N65t7sMs1Z03UnUYwdToM9wfRe41tBSXi3VFsr4myQVLcPa4Z/P7rHwTu6Smd031RIamwVeY6KoeNQaDxC/09/yXV0l+x4Mko44fRV9K9TW29UDaC6eHV0k8Zjb4gDhpdsWkFfFP9rT+yfP8P56n4h9BUr5OmHu1zU0Q1Ghzvgf/QufsvpzrTomu+Flx/2h6eY6WwTuL6hjD5YW9i0fr37LddKdTWnqi0mgrxFWW2tj0ecAte0jcEL1Hj/IShLMWcTyPjatdU6rF/h+0fkE2TOxwCOyNq1L6L/tWf2Waz4Z3OXrPoulfL0rO4l8bPN8i7nwx/gHZfN7cDbPC+gaDVx1UN0T5D5Hx1vjrfjsCowOFGyEaPuunCRzmgqSGduF1PjLIA0corRkcpmQkmkHpJJKADE48LqYoQaeUxPwUxQtdjmb5VlbTh7h7KtYcZUylfpcCpFclWrKL1gBblbroh/8prCVhYf7seq1/RsgbNpJW/TvBw/IRzHg0dy/7SxaO2vD6eP2Czdy/wC0MV7ZTmJuewXTqPO2rEclN10cvgA7I3TRADD9kDrUgyR+xAXbCR/L3S22psYv/wAOXddNiqjICv7fMXQx/ZZqvfioZhX9tIMLB6YRx5ZhsXBOr3E0+F5v1o86nNz9l6JcCBAM+q806wOasDO2FLOkN0CzaQLIMklXkRJdv2KpbNsT+iuYuT91hvWUe78QspsM8+XCHHu4BPehw/8AaGhcLVPMMntPHrM0aGp/7Cz/AJVCoHObVRFhwdQUy4HFFGR/Sq+iG7JTtgheU1q3RbPc6Z7bIyPXbVvTgnfYK2gb2AVNZHB9viPchXtKBsfZfO9W9s2fSNJLdBMksBypMbQQchDYBsisGThYlzyblwc8MBJ8Q08owZ+aRhONgiSyGluMl1LBnzAbr5966YJ7s+M4xGF9IX+HUG4bnYr5z6kz/G6px/7wr1fgH92D5/8AW6cdNtXtmSpZXUNW1wOAMBeg0VS2rpWvG5xusFcYS2XxgNjstD0jcAc00h54XqtRDd0fN9Bf8U9jLepa4OV7aKkGlAbyOVWzxNceMhCppn0ryWu2zwuTqat8cHr9Lb8ckz0iyPdLEGj1V81gysd0zVvfMNLvKRnC2EJJ4C8pqouE2j2WkmrIqRJbGCOEOem8RunGMqRDuEUt9lhydHbmJkaiB0cxZjdpV1Y6nUPl3HBAyEK60ul/jBux2KDbZWx1LXO7o4SyZ5V4NZCzIwRyvFet7SLN1JPE1uhk/m09mkr2iF2cOb91gfi9bQ6OnvIGMDw5CBkn0K63j7vjng4XltJ8le48kp4nUVxcx3d2c+oW0p5vEpmjKy1zheBBVYyG4DsK7tM5dCM9l35feeMshslgs4d3+GdgQmMcW1Hh429U/wBHBMeNw4DdLfAKeSeNuCotfTiSJ5A3LUWmPiN5OQnSHU0tQylhGiPRM6PnfLQyQv3EZ29lC68tZunTVXG1gc+MFw98JvTVW2ku8lM52GSduy0lTTePFPSuAJeD+iuqx1zUjNqafkjtZ8oRHw5SD+E4U9rw9o2Ujre1/wAGv89L4enzF2fUKtpX6wAOy+h+Nv8AnpTPmXmdKqL3tJToWvB2VdVUuncDZWbTj8l3wmvGCNl0TkKeChOQcYXNXsrStt+GGWIZxyFWlhKodGxyEkljCSg8YkkkoEJJJJWQkxOLSMdlbUVTsG7KkL9JxjlHpZhG4ErTTY4szXQT6NJG4P3UhrdPdVtNVRuADSp8ZBGQV1oWqSOdZW0xw5RhgjhC0+6dqDeO60qSQEjoGE/A9FwOBSAPICITzk6GD0SMe3onB5/pRQ5pAHCZBZC3YIRaWnhPLC7Y/upfhtO+Ewwu/C3ZG61Ivd+iDLQh2SGg5UV1tePM1pyPRXIBGxblEYzxDjGEuVK9DI2STKDwq5pwJHtH3KlwXq4UoDJQZGt9VbGi18FM/hoOxCFwlHo1xta5OQ9UUzmjxWuDu4VjTXCmqmgxyjJ7FVkljhkGdIyorbDVAnQ/T6dkUd0e0GtRN9mlaQfpcD9l1uCdis/DbrrTP1Rzn8yp1HV1ok8OeBxPqOE1R3Fq6RbgZ3KcMcYXI3lzRluE8YPdMUUgvlbOhuUVrcdlwNRcYx2wrUf0ErMnPCYey6xgHCcHgDA3TmvyeFeBm72xFpK54YP1NCOAMLrdOVSpT7C+bHRGdb6V488DTnnIQjYra7/4doJ9lZaQQNsJafdX/GgUtZOJUS9NUL/paB+Sj/7KUW5JIPqNlom7nBRcAgYGFX8aAyGssZlHdMRtP8uSqP8AynYLg6cqG7x11QPueFrAdIwBhdHOccq/48DR/Ps9MybrJcmbR3Cc/nwhmzX7G11mH5rZCMDgJwbvwp/GgT+dbLtmHNk6gds26z7+6iv6S6ll/vblO4f8y9G04AyF1T+NAF3Tl3JnmZ6CuEpzPI+Q/wCI5U2n+Hda5oDXQRj32W/Ayn4A5V/xoMXtT7eTGxfDaN7R41zfkchuwU+h6DstO4eMwzkceIcrTtOPyXMgcI4aaKGKMYkCPp+0wAGO20wP/IFMij0ANYA1o7AbI6cxoB3R/GosOKQwDH3XU9JHFqPoZhAw1FDMLiejS3Lgt9DE3JTkxALbEUw6sp64QMZViZsGuE7LpwE3Gd8qhU5A3HlAJ90STO2FHmdpGQrMk7MdilkAChSzNG2QlVVekEHZUlRVOLiASqMd93GCRVV5cSxnbuobnvfyuRtLnZPdSWNH0gbhDKW05llmWRXAt3dspVvtlbcphHSxE45Poruw9G1d8cXTM8OBvJPdehUtvtnTtAAGNy0ckblIdnoyW6iL+2JQWywUVjpW1VU0F+O/JKzXUd+dVPdDC7DR+gRuqOppKuV0UcmANhjgBY+pqTnbcFIcmy6apWyGyO3yDlDBIzk4SjOTldfhrRhItng9Do9HhZZ1xAChyynhPmm9kFuSVmc8nZpo2gg1znaiplPDuDhPjgGN2qbTU5JG2AkTeDpUUsUEGwAb+6saamIdkJ9NRnSDhWEEIaMYwlpZOtVRhA2QhuNlJa0BoXfDwc4SG2yvo1xjtFwMnhZ/qS7Npo/lI5dL3DJx6Kfdri2khkZ6LB1U8lRMZHuyTv8AYIW8GbU6hwjtiMOXnJCcB6JNHZPeWsbnCrs4r75EXNa0lx4VTVVpBLQi1dRnLWnGVCZTvkfnKOMNxztTqN3+nAUTHzv0huPUq+oaMQtBwm0lNExrC1nHr6qyYdAGRlMUdomEcLLONaG9sIVRUCEdkp59P0hVx8SSTU5ydGOQLb1FYOPMk8ut5z6eykxQAAErjWDHGMIzRzunxjg5ls9zFpGMBwSazJymNaScZUpjAAFqrWDNI41oA4RE7T7rucJpQkzXnZJ8mkZ5QdZc7jGFRAupzjgd0QHvhNaNhkIzW43TUslZGgJ6WwTPEa3jdRvAITXp7AIZm2xhBllyQgyzbDZLlZgtLIZ0ujfIUZ8s85A1YCRaXkElFYGsGTthZpS3BpYAtgwQXYRZp2wMy7Cj1tzp6aIuDw53AAWZr7vNVHRqIA9Cufdqo1y2x5NVNW7ssLreyGGKDYnvlZ988spPivyER0jXclDw0cH9lyLrpWyy2dGFUYLhDM++UjuuluO64RhZhqwujic1NThtyo+CM47/ADQiDjlGcmpTXIwF5tSO1pwBhcaGgqQNGBkj9VB9ceRBuRyn6fdIAHgonhlLfR06YITGayjxNwckIUbSSAOVa26y3C5SeDTxEuKUos62noc3iKIunUcAZx2C9C6A+GU19mjqri0shJ1NBHZajoL4XR0zYrhcWAvG+43J9l7JbLV4FOBoawHgAbpkKsntPE+DksWXIi9O2K32SmZT0kDRpGNWFeNIxl2wUOeaGhYXyPAd2CjSxXeqifKxo8PbTtzlM+PB7KutQW2JYTVMTcMhPiPP4Qp0MB8NshG590Oz2iOjhbJMNUrh5nKwDNttgrwPjHANrA0cJ7QARhOSUHQSOjhMPKSGThTGSSltHoby0N1OdsnkgEtPYbrF9Xdc0VlikpqV5kq/whpzhMgjBqtZDTx3SLK/dR0FopnzzSjLRgNHJK8ruvUFyv0xdO9zabPlYNshQqmpuV3l+ZrpA57t1IpaR22RsnQryeN13kZ6nO1jWMLRgDA9FJjiLnAkIzYWtA8qKxo1DC1QgonL/wAnGQtA2ClBoAxhNadI5XfHarLUsmPSSXMgclbco/Op1JIb8Ics0UQy+VrfuVTmWlnoeSB3CaJM8DKr57tQxA4Jkd6AqvfeJ37QDSPQoW8hKEpdF3LKOTsAoklwij+k7qoknqZMapP0TQMDc5QjlDBNnuEztm8KM4vecuK63HcbBPbLTN3Mm47KZDSz0MDMDPqlp90yWuhGzXa/smsqZ5jpjopj/wCFLllkbS7JDe6TiAEorRdax+GMdA31ep8HS9UD/vNU17fQBTDJ8kPbKd8wY7AwUhU74xlaWLpuibu9mSpcVnoI9xFghC4bhUr4royopqicBzIyjw2m4OOBCN/dalkEEZOmMNwuhgxyoq8CXqjO/wAArHAFxDUaLpwbGWb9Ar4jblC157K9ov8AkTkVzbDRgYc95/NdbZ6JhyGk491YEjhD0qtsfRe6T/qZG+SpW7CNdFLG3hHTVW1Ez/cGGNbtpCW3sunhBLjk7q0kiYQ88IGluTsjnhBLXZOysNcCAb2XNAXElAlZgdpb6JYCau5woWrMjFw7p6WcIMBrlDPDHouANGyTngDlRn1LQO6p4RaWQ7g0cOCFLI1g2IJUOWr7+ihvqXSbZIS5NMuNWeSXNVAHYhQ5agv2AQy1ziM53904ta3CVgfFJDC9x7p4GFwOwcJmCg4Q2Mf0EJB7pBpJ2S8FzyDhSAwMA23S52KKNdGjsvlhIYxnBUgFoHCamrHO7J2qPDNd9jy4oL3EgjKKeEI91mldg6tPiWmngCQ4lOGE/DeUzKVPUYOxp/GyF+yW/YpcnA5TvCc4bd1ks1OTt6fQKPY04x9SEG5OMqVDRSSvAOw7qcyiihOoMBKzTsbOnVo8dIrI6GaQjSMKbDQCPBlAR31DIBnAHqoVZdYWDDXb/dLczVGuuv8AIm+BExp27KDV18VOcd1VVFynly0OOCoTtbz5iT90G8t2x6RNq7pK/Zh2UKR75jlxS8EuHKe1oHKp8rgzTlkFjG+E7ARDGXYICLBTZweFI5AhBzZG8Mp8UBkdjj3V3R2syAEtwFaxWqlYASwEqOSRrq0MrHkoKK1a3g859eyuoaEMaMABTvlWtwGMAA9EUxNY0EjCRZblHVo0e3oixxaeQitg1DOFyWpp4xs/zKDLXVLjhrsAcLM7Ms2xrhBfcTSGQ/UMIEtbGwYi3Kh+LO8gyHK62Ik7DlV2TKXQjWyud7FDJleRgcqVDRaiCR+6lxUYbg6UcYti5lcymmd9TeVIjtkrgC4ZCsREAPslrlds04WiFYicyNHSxRDAbuk92PpGD6ohGD5jhV9yulNRh2l+ot9FphXgy26iFcW5MM5zwC6R2wVdXXiniBDTk/dVVZd6mvjDB5GnnHcKucQ3c9lpqqbPP63yncKw1bdKmpdpYcNUIMI3duSjOc12xGMIT3N23IC2QrOBZqZT4kM2bthcwP6guuezGGuzlR/DL3YDs5WhJJGKyW/hBnAeqGHaiQpFPb5n4c4nHup8cNNE3zN3UjJIGGnnY+SBFSSzEY2BUyKmZFu4ZP3T8jPlbgLji1gy92B+qGdiN1OjiuzuAeGpY9kGa4QU428zj2UGS41MpODgJLviuzoVUxj6LTU2MZcQFFmucMZ0hrnH2VcX1D3Zc4n809kTtikSvbfBo2foO+4Sybxgtz2KAHzybvflEEYxx+67px2SpWSl2HCPIGRmfdNAA74UxlNNNjw2ZUuC0FxDpxhJks8muFMp9Iro48kADJUqOhlkxhqtobfTRN4yihzItmt2Q7sGiOl2v7iBBapdshWEFDTxbuG6a+rwMjlRjVyyHHKp8mmPx19LJZNfT0wPmCjVFxkPlj4UfQ+bBKKyNkeMnKXhsr5P+UG98suA8LoiA5xuuS1RDtEPA5KC5znDJBTFXkCbb7DPeG8EFBdIX9sIbpYo2kyyYwqqsvLGksgdujUDLbfGv8i3klhY0mSUNVdVXOL6YXgkKupqa43aQ+Ulo5K0Fv6dt1E7x7g/Psn11nMt1Flr+3op44a25OwAS07HZW9D03HSYnqRpbySUau6moqBnh0EIBGwwAszWXytriRJI4NzxlHjAmVjjz7NBVX2ioBpo9v9Vn6641ldKXGVwa7sCowiL3AlWdFbJqjT4LMn7Iox3CVZO54IMFM5zgXknPKtaO1Pmx8tESVrLH0FWVDWvqWNY077rdW6w0Ntja2KFuw3OO6PG1nU0viLNRHc+DE2XoSrmY19SAwH1C2FLYaO3sY2KJuW87clXIA7dkOTOwwiX9jvUeNq08cJckTSQ3ACFjfJG4UwRF545ThRY3wP1UlPA7+O5fiiGItQXfBx7KSWtaNkwNMhAAwhUt3AcKUuwDmBidEyd5ALdlOipWHDntyQpLY2tGGjCtIbGva+CIyncAC5FbGBnZSA0YJPZRZauKE+cj9VY2WIrk54Y7FMlrIIDiR2M+6pbp1E2N5ihO/sVR1FbNVHMhKjeDLPVKPES/r+pYonmKI/mqSqutTUE+c4KHFbpqpwLBytDaOlHuIfMcj7JU7AYQs1LKCnoqiteNAyfdaC09MzNeH1BGkbgYWlpbVS0QBawagEpZy0kBqzSt/Rvo0CfMgAjipRiNoCjy1Bk2A2UgNdUEBoO6nW6y1BeXGPO22Vks1Kj2dKnRN8QKqGF87/ADD9VZ01nkkIMYWipbLDEA6YNOewCnNiZCA2NgH5Ln3axp/adTT+OXcijprFpx44VgyhpoQNMWSFO0l+2EVtNqwSsc75T7OjVp4V/iiEGTN2hGGnlOFLqA8QbqdHGc4YMIwonbF42KR8nodsK5kGnAaEY0bpQCQCFN0U8I5wVCqapoOBwgc/2EoJDPAih4xkIL5xwAnO1zbjK5HSSZ845UywtqYCQucfRMELzw0qw+UGAdPCcREwbjdTJMIgClk/ENvuiMpIBuRv91KJ1DACEaV+cvOFMkePYF0bWbhqE7U8YAwFKcGtIB/zQ3VNPGOd0aeRUkiMYy0+YYymuLWBDqLjTk7Ht6qDNWashNEzkSZahjcgYUKSqA2GEB7pZT5MpMt9TI4AjZFuM0230cmqye2FDMr5cgBWrbUxuk1DlIH8NpQNIy5C5YA2tlA21VU7gQxT4bE2MB1U8Y+ykz3J7dqcYChvqKib+8eUO/JFElabXRDgOKjuumdqbYD2QCwZyVzy42AU3YC5XRyaeqqMNdKQPQFD+Xx5jvlJ8jmDyhR/FqZTp17fZR2FbWw2YIvqwEKStj4iblyLHbqibBdx9lKjtbIyDoBJ9VammC6slO+SulI0twEVlFUygEgZV58sBgFgCMyl0jsELtSK+MpY7c5v1tBRG0WDsMK1fLTxbPIGFBqbjERphG47qO1FOGORpoxjzdkMuggHmI291Gkmq5T/AC+EEwSP+rJS3bgW454Cz18DdowSQoz6+aRunGAjfLH+kJhpdJzpRq4S4NkRzpHncoBZ6qw8LPZD8IBOVqAlW8EAxlBdFuclWZi2Od0AxHJ2TY2Z7M0qskAxHuhuiON1YeGmeGnp5EOn2VxhOeFzwfZWPg5/D+6QgAP0olIQ6t3RA+W/w/uuinxwMfmrMUpxnGEvAA+ogI/kBVCZXikIHAH5rjoA3c4U6V8bBhu6gTSF/sjjMCVSQKR+geqhyOfJtjAUsRuecAEkokdtl1AkbfZP38CpUyfRW+C4nJTm0z+zCruOgjaBrG6dphj2LQFPkQS0r/qKZlsmfjPdPFtgbu4EnvurVw1bBAmik2LhhH8hJaeKI4giaMaW7eyRZCwEhrfyCJ4RdjPCe6CJoGNz91fyi1T+iGZHcNYmCmqJju0gKcIxnLWJOFW4ARsx7oozyU6F3IifI6RqkOPzQXmjjBAfghTnQT/8ZwOR2KjG2B58sOrKYpfoz3VP+hECWvgZtFvhRJbnVP8AK38ldiyM+owpCloKf6sAj2TFMyS098vyeEZ50VyquSQEw2uqIw87K+nq6eMaIvMccAKHLIXDjlXkzy00f6nkrDaYRu9wyAuCkpxtoUp0UzjkAn81wwvI4ViZUx/pRG+Wp/6P3TDT0rRksUp1FM4+UFdFonIBP6KAOmT/AKSA6Sm2aBjCY3wzy3IVu2ywtwZD+ikw0Nshbqe05+6MW6JR7KWKGF3/AAcqSyCAHeD91OlkoWHyYGFFkuFM0eVufzTIC2oR7HCCmxtGAUExRjgD9UB9fuQ1qEalxPCa45M8rILoMWNB+nhDDhnShmo7EIRqGlVsFO1EnREeT+6Y5kB+goJdnumF2BkIXAH5UwjqeNvcFB8BvGPzXDIXHHoiNd7ItqA+RATTnOQhmJw/JSjK1D1lVsQakgOp7TwntqSPwp+kHbCZ4B5KpwZUp4HtqS7AIwnieM7CQqMGY9k3QVSyilNssYapzSCJT+quaO/XGFoYyd2B6lZTztGxXG1dVG7IfsnIYrpQ6PS6PquXQG1Iacd1dUXUVHM0NcQQexXksN58PHzByrGmv1KPb806MsGmGql7Z6lJTWytjxpj3/p2IUP+Buidqo6lzAOxOQshR3WF3mZPyONSsGX2rhaGiYlvY53To2JDfnTXJeN/jNJNnAkaOMcFW9D1oKLAqWSRY2I7Kho+pWENZUAfdWJqrNVNDjMwk/1DKPenjAqU89M01D1bb7i8wzOaWn+oKx/hdK8mWmfpa8fhOywc1ngqQH072s9HMOCiUn+0tqkDYajx4xwCeU2L4M80bbx7nRZjq2NrqbjS4btUSssVhvDC8t+Ukd2IzuoNv66NO4Q3i3uiB2Lwcj/JaKCWx3pmu31sbpHDOk7I1JmayqFn22JNGGufRlxt+ZaOQTxcgA52VCzT4xjrYXNI244XqTmVtCcTU72s4y3cFCqun7Xeo8uYxshH1NGCtldu3s4mp8FGfNGDzyotDJoTJTPDx3A3KoKuzMGfIQfstvcekLvaJDNRvdJGN9kCOsppP5dfTtyeXAbrT8sWefv8TZGW1rk87qrdURu1MGW+ndAbI5pLXNIIXolRYQ95np8GIjIKpK+yU7yQ4BrvUK2cq7SzpfKMuKgAg4VxbOo6yiLW+KZIx+F26rqyx1dMS+LL2+yrnvlhfh4IKtvBnTceUen0HUFvr2hgd4T+4dwrBrNe44XldNUkgOY/BCvbd1JV0pDZHlzR6lNhYM+aUuGbcl0eyl2+5T0z9UZI/NU9BeKS5twxwEgG4J5U1uGjBWhT4M99ENQsTRr6e6013i+WqMMcODnG/qFoOnuo7r01LplLqyiOzoy7do9QvLiHt8wJHuCrq3dVmmY2mrmEgbB45x7o8o4Ws8aoLNXSPcKa52y+MFRbKqMnHmjJ8wPuFwSODtEjS33wvMrdWtgmZcbLNqdy5reHD0K3Nj6lprwz5er0MqG/Uw7FWcOUGmWwpxKMtI/VZDrn4bWbqu2vir6TUezmbOB9crUPlnopMgF7D6KRFWRVDf5Zz6hBKWCq7Z0zU4cM+WhXdb/CC4GjEstVaGHIcQSQCvZOjvidbryyKptl0YyUAamnhx/0WpvPTVuuwcKiJuHjBBbkfovn7rn4S9R9DXGS+9CtldA12t0MZPlz6eyo6SdPkGo2pRn6fp/5PrSx9U010ia12GTjYgnkq7a/OxHK+TehPii25QRwVUvy1fGcOa52CccFe1dL/EuJ74qO9ytaHDS2X1PbKnZydVpJ0T2yPQJYy45CGdQ2wnQVcFS3XC8OaeCEQgK3EyOLQAF2c5ynyNjqojDUDUx3IK64aeyHnByhaT7Jl9o8F+K39nuMPm6g6F2e8l8lBp5PfSf9F4AWz0sz6epicySNxa9rhgtI7L79a7AXnHxN+Dli63iddKKFtJdm7uqO0p/xj/Vc3VaSM+Yo72g8zOvFd7yv2fPnw9+JfUXw8uguNkrJGBxHiRF2WSY9W9+T+q+0/ht8Ven/AIkUDZaImmuETR8zSybEH1b6tPYr4Y6m6UvfSFwdbr1R+E4HDXg5a77FCsnUV56crorjaa18MkRyBnYjuCF86854KrVSe+OJ+mfZfpj6tt0cYxzurP0iMecIVTEXNxp1ey8a+D39oS19URQ2nqaYQVgaAJXHDX4/zK9zfGxzQRj7hfJ9f467Rz22I+46DytOvqVtT4KVraiF+nSPD7NPZGhncHeU/llTHxDGHd1Glo2sBdF+YXNlHadmE4tckuGUPG7gjPIxkHZVLNTCMuIClxz4A3QDYxT6JbZM9l12/BQWvGCPVOwf6lTQxcBm4xgrmZIHh43HCHJkEEFOjm1eUjhWA1uLGnma5uWptfarfeKY0lwh1sJyPZQIi6KXWw4B5CsYKjXxsQmwswZ51Z6Mfb6l/TM46H6waK21Vvkoa6Xfw2j/AIb/AF5XlXW/Tl7+D19N3t7H1PTdW8uLWnIpx2wvfrxbKO9Ub6Guj1Mdwe7T6hUFCwR56K6rAq6KpHh0lTI3UdHaOQ9wulpNW4yyzNOozVDWWfrjp19JWRw19BUx6JY3jIc1w4Puvz2/tMf2eLh8JLvJfenaWSfpusefBxxSntET2G+w9ivsS80N6/s+dRaZTLU9H10n8stBPhb7/luFvr9Zunevel3xSRQXK2XCI5YcHUwjY+xXsPGeQVMt1bOD5XxdWvqdcvy9H5Fxyl2AVIa7PZemfHv4LXH4P9QOaNdRZauUMoqnGXNzxE89nD/VeWxzgnBX0LR6iOohuiz5Dr9BboLXVauSSunfhNBB7rq3xlgw9BATlPHCEDlOBOUZAy6mNcAMErutvqjAHJJJKEGlrcHZRjypTjgFRTyoQ61SIjg5UdqPHyrQMujQwS+Ru3ZaPpSoLavGcbD/ADWXpsOaMcYCurHIKerafXH+a10vDORrFmLRvrk7ErD6hXFoc4NaAeQqOqeJIRIRwBgqws0zy0b8YXUg+DzNy+0hdYPPiNPumdPyF2nfgp/VOHPb91GsfLSD3UeM5HJf6Bd1r8zsJWitL/5QyspWyH5howtHaJMxjHsiXZgujhFpdTiAb915p1Sc1OSey9FvDh4DSvNuqj/Pbg87IbHwHoP90FZ9iriE7n7qktZLYiQrajOXHPZYL5cHuvEfi/8AJJl4CHTf9panycIdM4fMN3XE1jxBntfGy+80Fe7FGwEfhVfTO2GNsKdXb0rfsoEIyMrymolug0e5q5wz1Ppacz0MYHYBaymbhYv4fv8AEpCHfhAW3Y0jGRwvn/kI4mz6B4yz5KYklnZFa12obIcX1BSwBhc7pHUOjhOIGOFzBT8FX7GIpbxB4n4exXzR1aDF1BWRaeHlfU9VEHDcZ2XzH1/GIupqvy485XpPp+f+u4nhfratzoT/ALmWni8aItx9lFtFQ6hrAScYKtGtyCMchVFZEWu1jZe327kfJJN1zUkehRSiogbIw5yMqDUNcwnAUfpO4snhNPKfMBgK5qIO+nlYNRBxPW6Kz56lMm9PVMsckeH4wvSrZUMqImuB3wvJKacwnA2W96ZuIkawaudj915XX0Nvcj2HjNRmKizZwEDClmMFowocIwM+qlxknYrgz4Z6asi1lMJoXDGVn44XxT4c3GCtgYssOR2VNXUh1eI1oG+VcLEXOtMn2mZsjfCcdxwo/Wdqirunqhkm2husd+Fyzj+fstIKZtWwxPYHNcMEFaqrvjeTBqqd8dp813ciKjDQ3thdtFRmIDAWh65sJtVwqKYs/lvJfH7ArK0f8l4HAXp9Jb8sNzPBazTuNjNNC7IyiloeMqNAD4YR48njdOksnPcWjsB8N+e3dSpmBhDsjBGVE1b4wpJ/nUwzy3hZ5odAr3xiC8QVQHlOCtuJGyOZOOHt2WKqCTo9QRgrSWeqknjfDKMOjxt6KgrEeXfHGxMjkjvDY8axpyB6Lya3TAv0OO5GQvpr4gWk3jpaqja0OexpLfuvlnW6mlBA+kr2vgdR9qrZ4Tz+my3M0ce5RuMHCBTEPiZJ/UEYcL1MUjwklh8hXNDxpPCh1NsAbqiU0bIrTjsqBjZKHRm5aZ8TtJZ+6Fp91pZqSGceZu6qKu3zQOIDSQFDVXqU+JFekunlcUNSafQJJJJQsekkkp0U1kk09Q6IjKu6KsDsDIys6iRzuiIxv+a0VXOL5EWVbjWMma4bYXASSclUlNcsYac7q0hmEgyO66Vd6kjFOpoM17mkd1LjlBA2UZvrjhOBz2wtULEZ8eyV5SFzSQg5LTnOURsudsJ8Z5KxkKHngoweMBRwM910NyeU2DBJMYaTuEdlO0jIPKh6Zv8AhH7ojDUMxpcmlpEltPPnLDsigkbFvC5T1haP5jdvUI7pYThzSDlAjTWzjAMfSnjGQScLoLCcJwYCqfI5BA6HG7xn0S8vbCb4bTyEi0EYzhNgibkOwPb9V0M35H6rraYu3BSEMmfLyiInkK0OA9cLjnuO3omCKtHBCc2GrG5GyYkkVzkeMk4JUhuMDBQAHAebld0u5yoooP5GS291xoIO5TGagAusdIT5sHCNRSJvYcbhd0nsmMeQfpRRIMcKwoxydIyitTQcpzVaDUcHPE9kQYzwh+H7p+B6qgwmQkSEwBy6A7KhAmo+icuMaccJ4jcVA4ttnNXsup4iI7cp4iIOVaeBiQ3JPCIntj24RWxE47JkXtQxJgsFPARhCCM6f3XGxkcBC2mMSYDBSwUcR+gXMBAMSygeCiNTtIxwuAHJRhMEmIqafRAJseBiG4ZGERMUMkp5AOGSQukho3KReG52USpqByBlQzXXKPY+aYdxwqm6VzomeXCZXXIgYYMnCqiypnJdODpP7KHOv1K6QF9fNUP08hFipjINR2R4aIkgQQ6yVrrD8OrjcJWTV2YYRuWg4ylysUTk362MVyZWjtNXXTCCgi1vPbK3nTfw8dERUXZzCTghg7FbO22K12hgFNTMa4D6iNyjPqWR5cdkic93Ry7NXKziIAxUtupgxgDGNC846y6rjmldTUzvKBhG6z6wdIX0lM/ABIOO686qah73FzyXFyWP0WnlZPcxtVUOc7J7qOTkrpy45IXMHgLPOaier0uj2tSZ0HGSmyP1jHCa/PqmBpkPoss5NneppXoYWFxCkQUxcQeE6KB2RsrCngOx4SXLB0tPQzkNOXYGlWlHREYdhGo6PYeX91ZMhAAGOEMlk61FG3kBDEGjGEbRhOYAO2UVwGBvjCE2qKQAjHdRK6rjpoHSvOCOAi1tVHSsMkhxhYa93uSqkdFG/A/yQuWBOpuhTDkDX3KerdJqds87eyixx5AJCUbC4DuSjxs8MbqLk4d9jnyDMekblVtwq2uPhRnYcn1RrhXt3hhd9yqsMLnZymKGTkanU5zCsdGx8rxlWdNTAYKHR0xIzp3VgyJ0ZBx+60Qjgx195Hxt0hoxsiPlAbgAIZlAGMIYducpkYZKttwsI45xcVwANOcbp+cLmcLRGGDn22OTO6vZdLXHskwHIPZHAGE2MMiRgByitGcBcwE/YJkeAWEaO6DI/fACT5DwuMZq5Rt5KOEkp7W4IOEmtJI22RMA87K0ih7MY4xhdL2juhGQMyor5i44AzlSU9pWxkmWYDIaQVFMjxzwuBhJ1H/NdmA04CRKbkHjAnPz6IRGe6fHGXHdMqZRAMkfklzltGRhkIDgEnCqbrdw1vhRZ9CQh19wlePCiGM8lVkkJeck8d1zNTqJPMImmqnHIB0hld7fdNMRO2MI4DIsbbrrn7bbFctR55NajjojmBwOcYSMJOxKc6SXONWyWr1VuK9ob2NFOO5/dd+XHqP1XMn1XcORpxXopJnPl99sfqkKfUcagF3zep/VCMcg37fdVsjLtBBhRsP405tA1xwHhRwJM/UU/EpbjUSq+OH6HQlhkhtuY78Q390/+BuG4BKjxNq9Qw0/qp0Da/YHceizWxS6OhplGcsNDI7bUath3VjBaJZSA/AHuj0lNVSkAtWmsnT1fXStijG3crL7wem0Wki5KOCDY+kzW1Ajgblx74yAvY+jei4bXEdbGPlOMuI4UvpzpSG3xxxQsBkwC9+OF6FbaEUsIBYMn23Tdh7/AMZ4WMErJdkS02oxua6TDh2HYKyrar5eQwRs1yH6R6osr5WN0wYGfZOpaF2fHlwXkd+Qp0eoqpfRDoLH40nzd0GqXs3sFeRsa1ulo2HZMawjuSiNVZHKrAm9gn7Y90NLJVEwI87JiemFWlkpvBz3KZJMI8EjIHK5NJ4Y3HK8q64+IL55H2awTHW3IkkB2cfb90+uGTl6/wAhDSRyy3636/8Al5X2+0t1TPy0kH6V5tDT1M87qmqkMkkhySd8J9uonjVI/wCoNACtoow3GwWiNWOTxOs1s9ZPdIHFTAAZCls0sAGEmgAbBL6inRjgxLA7lOXARhMJGEQYRz9tlGklIThqzhJsPJ9VC+jMvqKSH++rIG/+JVlV1FTRP0U8Qlx3cNlnT5ud0tJHYrWq8HwOOniuy1nv9XMMRtbEP8KhOfLMcyPJz6lBDgN8ogEkwAp43Px6IXFF7YQOeGc8IgaIgHORILPd6yQMbC6Fvdz9laU/RztWqqrJHD2coDKyuC7KV1ZTjYOJPoFwSVk3/ZKCd/odK19L09bKfBMWsjuVZsjgiaGxMDQEElkS9TH+kxVPYL/VAGUNia7tncKyp+h6TTqqqiZx7gOwtM0jfddLgFW1ipamUuuCrprJa6RgZHSN27nkqWxrIsBjAAi5yeFwjKJJIU5SfbO5zuh7FETMYRYWBTbZzBPK6NuFxy5koVhEFkrmD6pLmr2Vgxjnk4uEDBIXUj9JQYDigRJyuLp5XEIzA1JJJQgLJTM5Tk1QglzAXUlAxiS6QByVzU3GQqygtrYxLUG9wo8tW0ZHdQpKp3qglNIOMGWElS1vOFHkr4TsDuFXmcvTMD0SXZyOUCRLXOJwO6jyzOI+6bo9/wBl0DHdJlPI1RSBEPeV0NwM4RAA3tlN8zvLjCGVmBijKX4oG49gE1xccDCkR0znb42KlR0pG+AlTvOvpfC6jUfksEBsDzg6SpDKbgkKaGRtx5cLjnMA2WOepSPSaTwUKliSyCETWhDLRlJ8wBIQnSggrLbqNx2aPGxj1EJrA2/1TNWeQo+t2cj/ADRG540rLO86lOha9BchLI9VxsRI2XRA4nus1lzZ0a9NtXCOrgiLjjOEeOmJIOOUcRMjaC/b3SJ2tmiunBFFOSRtnKlMpw0AkIUtxpacHzAkKpqb9LLkRHhJcm2NjOFfZdvqKekb53YVXX3nIxTuH6qlmnqag+c8prKc53OEWf2E731EkPr6iU5cc5CieG+R2TkZUsQDGe66Bp/DwqyJlPPLBMjDRuMJx0O+jdGMLpMEDAR6ejc4gtaCVT/ZIRlN8IisjceykQ0geRk4VnS2uaTGY9u6tIbZBGAdO/dRtI3VaRz7KmmtDpCNIyO6uqW108TQS3zfZSooRGMNGPsiu0RNBdsClSuR0KtJGsC2CMO2GEQxiMBx2CjTXGFgIYSXKunqqqU414BWec3I21wVa4LGor4YRhoy5Vs9XPMcZwCuNge8hzu6MIGtG4SnmQblkjsgL/Me6cYw3GUcYG2oFFhp5ZnARtyrVbYuc0uyL4QaQCOVNgo9eDpx7qxprRluZhhS4aRrNsDZaq6sgOaaKyOjLCNsqQIeApuiOP68AD1Kqbl1Pa6PIa/WW+nqtEacGPUamFUcyZJdDjlVlbc6S3l2HB5b7rP3Hqarqn6o3aAfRUssz5CXSSFxPqtUKcnBv8q1LECxrbzUVshdksHoCoT3h25dn7qL4g3CE5x7u/JaY04ODfq5WyzIO6RzciNwGyjue7uUwynOEtLiM4T1BIxTm5dHXSZ9kMeJMdLRlS4qRrwHSNUuJkEQHkwmbkhSi7GQae2uccuYp0VJDAMhoynSVEAAGvCjTVrHbNBOEuViNVenySHPDTygSVEbBlx3UKSeRx37JjyXcpLtN1dGCQ6ve3IjGxUYumcSXvznsu6An6fdKk3I0KvAB0eo5wnthxjblGDGjd3ZNdIzOI9ykuORkUkOjjYD5tgnfyztGdRXYqSefBLCArGmoooQHFm6pcD66ZT7IEVHUSuHkwPVWcFDFEAZAC5J9VG3ZowFHluDf+GTkKpLJqhGqrvsneSI7DAKa6oawZyD+arhVSyOAcnBsjuSQhSDVqX4kiStPACa2R8uwG67FAw7vblPeGRgeEzBVYLc5PsQp35BkwAnu+UiaNDslDcZ3Dz7BRjPSUx1VL91ai30JlaocskGWoBxTsyDyVx2tozIeeVV1fUkUbdFIfzVTJW3e4Hw2SOIPAGyNVP2Y7PJVweIcsvprlRUg1PlBd2GVVVF+qqx2imZkDvlNg6ammw+rfpHO6smCx2hgAaHuH+abGBlnqbbeW8IgUdpvN4nDTE7SOSr+Dp6x22MOuc7Nfceiqajq6sGY6B3hN9R3VNUVlRVPMlRM55O+5RRrMf8mK/F5NRVdTUlG10Nqg0hu2rHKzdbdq6veRJK7BPGUNoODsnQxB2wGSmqOOAHdKfDAiFx3O+fdSqW3zTn+S3JKv7L0dcbqWlkZAPOy9R6c+H1DbWsfPG0uG+B6qNJHT0Xjb9VJNrhmH6b+Hlwrw0zw6Qd916LaOl7ZaWBscDXOHchaDwwwAR+UDbZCLSOVXR6/TeKq08Me/2D0NA0gAAdgm6fdHERKM2lyAcqnnB0I1SSwiI2CR/0jZd+UMeCR+6nhojHoodbWxxt33PYeqHL6I4pLkE/w4tzhRJK2OTyx9uUGWaSYnIO6PSULmDW/G++3ZWk+2J/shjY5JTnHKlspwwDI3UiNjW/h4TZ5WwjLkcUsAP7eRuhMkqIYf7x4Cq7h1A2mwIdyeyzdVU1NZIXulIB7BRywBK3PRb3PqZrHOhp2knGMgqglqa6rOZiWt9MpzYgXAAbqfSWuprJWs0YB9UDkooTstt4RVeE55AAJJV5aenKmqcHuGG/ZaezdKMiePFjzjckq+c2no2hsMYCTK46Gm8apc2FTbrFTUkZ1gajuNlKfiEYaNvZPfMZThoRqO11VWfNGcLDdqlDs7FWjUeK0QDK9/lAR6O01NS4FzNloqCwxxYdMwAq2jhjjAbDGuZdrXn7DfRocPMynt9kiiaDLHgqcIiwhrGfkFO8J7N5G4z7rmloxpaCVgt1MpfkdKumMOIoimOR27m6UgI8AOdgqcyllneAWlrVNjtcIALmjKRK7KHxhgq6en1/S3PopkdG5u8owEeWWkox5sDZQprkZjop90v5XLgtJIkTPpIW7EAhQJ7gHeWI7LooaipOpzcKRHboohqxug3vJaRBeHTc8pwoo9nPblSZXww7Hb0TGSVEnljaNJ7ok9xbwgWmFhAa3ThPDwQCwak80YyHyjJT9DGDyhGkA5YI5iqHDygNH3XG0xBy5wyF2on0D2VbU3eHgnCbgDciwfojb5eyr57gyPIcRyq6oupk2hcob2zS4OTui2oVKeSZVXeJx0g7qE+pll77FOioATqmZlShFEwDQ3GFBM5Z4IAp3SHJ5R47c3YzFEkkY3YBCfMX87Isi8Z7DaKWEZ7pj6lzhpjOkIBJPJQ8+iqU8F4HudK4nW/KAWb8JxIHZCOo7Y5Q/JkHDHOc3ByBsgGT0YiGBxOCeUZlEDvuq3INQbIeHHgIjKSR+DjlWcNseSCG7KfHQBoB07j3QO5BfGUkdqlfgnj7KbHbIWaTjf7KycGRDzHZQ5rjTxbMdqclTt/RarwO+W8MDI2THPp4t3uAUOesqZiA04ahmJ7hl3JS/n4wW4hJrqyPyQU7Xe5ChyVdTON3BoPZF8DBG2c+yJHSDIchdgmUMkExPeNwSm/LH+j9lbtpRjYBI049Ah+XLwD8ZWNptH4P3SMIG5CsfCaNtKY6MeiJTLVZXmHGxTHQ7eisPCJTDD+SL5GKlWkVjofRmfzQXR47furN8W+7c/mgOhzjy/umxsaB+Ig+GT2QzT9y1WQonOOdOPzTmUGvYZC0K0VLT/oqfA3xpSbTh34VfRWknckIzYmRDdjRj2WiNzFfxn7KGOg1b4Ce6mbCPNghWVVO3OGM47qtlbVz+Ud06NmRUqlHpEaWSNuzdyoUji4+itIrUTvOCjfIQM4TcoROiT5KB1JNOR4YypNPZjjM4VsQ2HAa0fomSuLhjCZkV8RD+Vo4BxumPkABAbsiSANIJQ2Nc/ZmyvLLjBLojuducjCDgZycKwFtqJyC44H2T222nhwXkq1LBbqnPkrmscfpGU8UVQ7ct2U58lBCQGuGUJ9dLI7RT5A9cIvkA+OK/IB8npHn2whkUMYzq3RvAraggSPw0p7bXAzBfue6nyL2VKnP4kAyAnFNGXFdbR19QQZPK09lagwQNAAA/JAlqZSMR7I1Zkp0xjzIj/JRQDVJu77qM+sjiy2J2D9lILaiR38zvwmClYNy3JWiuWDJZF9RRAnkq5j5HbFANI4gGcZx7q1EQb9IwgyRnI2/dPUsGadTl2VT6OPhrE35EnGBurZ0bAOEGZ7G8BWpGSdMPZBZQygE4AC4KdrXajhGdVAZA9FCnqDkYCMzyVdfQdr2xAhoCA+twC0HhDdI4g7KK7UXH/qjM9k5f0j5a2bP1bIEkrpOV1zMoErvDHGU2KT7MNkpS7OFgJIQnQHc4CaZX/hCCZKjGNey0RiYrZP2PIAOFwkYUdznE7krmSeSjMcpYHnOdnJhaR+L9kgMfiT8D1RJZEttgS4g4SOofi/ZPDBnnKXgbZyrcCsjCcompv8AUP1TPD5GMJnhEHO6XtC5Cas8rg0hcAA/EnNYXbNU2l5aOiTAx/ouuSIcN0tIHZCWpZGpYC5gei7p9lBu/HoaWeiA+PKNP8xjEIUbwbgNwA4KCpTyDfA5xyhGN3ojn5xvMWPVc1uHLUYPytAsyt4kcPzUpl1r42BgmJDeMoIIIyAuOOFfJUrpYLKLqaaNobJHkhSG9Uaxu0jHoqB0fcJoGnOUcZNCXqZx9m1ousRExodUuaB2yrql64YQAKkn815ecDcp4fgYBT4ywXHWST5PcIL3RV8DWz6JAR3XCyFmJKKQwPHBacLxyG5VUTdDKhwA91dW7rGqg0x1B1tHfujhbyO/kRl2ezWrre5ULRT3ICoh4yRk4Wgo62z3T+Za68RzHlhON149Q9Y26YBs0obq7FXMEtNNioo6gMdyHMdhaFPKDVqPWI62uofLcaMuiOwe0ZCiXLpyyX9niUxZFKR+Hb9Vk7f1jdKICCteJ4W7ebfZXlHc7RXnxKGtEE3JaTgIlLAM4RseZFVNabr0zJq3lpAcaHDLR7lMkhtF9j/3eVkNQOWnYZWvZXTxt8OvhEkR2zjIKr7n0n05d8TxvkpJeQ6I6QD6p0b8GO7Q1X/kuDCVNBUW6TTUs8h2DuQVV11roKwHMYBPcBbsm52jFNd6WK6UQ2ErG5OO35qNUdP0F4b4/Ts7Wy8uhkOCFpVqZ5vXeEnBbqFwvR5Lc+m66hd49ITIzsBnZQI6+SI+HUsII5yF6NWR3a0TeDXQ6N8DLdlV3G0W28M/mRNjlP4m7ZKNSPOSjOr7bItMzUVwMRbJTykH2K0tn6udlsNZqf2BHKyN06fvNn/m+AZYM7Obvso9NUtlYHNOSNiO4TFYyYfZ7HT1lPWN/lHP55TJ4wdl5rQXetoXNdFM7HplbG2dV09ZojmaY5QNyeCmxsyKlDdwy2pKyttsmulmcwc4zstVb7vBeIhKJPAq4xg6HYc77eqzBLZGjYfcIIa+NwfES1zeCDghaFNI5uo0UZrMUex9O9aMhjbb720kjyiT1Hv7rSyUcbA2sthw4jVjOzwV4rbb/FVaaS4BrJSMNkzs77+62Vl6kr7S1tPI7xoM5bvkgegVtZPP6jTyrfKNrT3FkjjHVuEUo/DhSp4YqiEh41NcO/dV8b6O/UzZYHM8XGQRyPYrkNwntswpLgz+T2k9FZim5IwPXXwUtPULPm7HI2217cnxGDBee2SPRec2q/Xnpe4/7MdY0ropmEsiqHbNlA4K+lg0Obra7LTwQqTqrpOzdV291tu9MJGPBAONwouHk6Om1u6Hx3rMf37M70v8Qq+yPZ4zTU0hAADXYI/6r2Gz3+gvcfi0UzXtLQ7Gdx918p3npXqT4Y1TcOkuFle7Trccvi+/stN0v1oaSWK5WWpMjPxsB59QQrbyKv0i/KLTX9v/ALn0uRlCe07YWd6S67t3UjRAcw1LRvG84JWneMhLxk5k4bXgDnCZqPCeQmJQC4KDrHo209aWp1uuTADg+FKBkxn1C+Z/iD8M7z0TUF0pbUUbnYZOwcexHZfWpAA32USrpqWshdBVwsljcMFr25BH2WbU6SGqjtZ1PH+Vt8fPMOn2j4cY+ell8SGR0bgdiCvpr4Jf2jZaU0/TvVkofSYEcdQ53mi9AfX7rBfE74OSWWF926fBkpQ4ufEG7xj/AKf5Ly2je6jna8HAJwvB+W8NDHx3LP6Z9f8Ap76j2z+bTvrtH6Y0dTRXOmbW22pbUU0jQ5kjeHApsgJ2/dfIfwc+Od16JqY7XXzOntkxAkjJ4HYj919YWS/WnqW3R3Oz1TZ4JGg44c3PZw7FfJ/LeGt0bzHlH3Dwvn6fK/b1L9DpYtW7QozXOYd1YvADjkZQJ6cOAwvOyjg9ZXLbwcin4BIUlkgIyqeV7opNJ5Umnn1NGBwlSeDQpKSLVrsjKiSiWOTxmDYcj2SiqNwCOVKAaRlCCsp4ORSsmbqYf/RDMs0MrXNdgenqor4pKSUzwEkE+ZqnMMFZFluP9QU0LCJkNUXtBxymXC30l1pnUtXHqY5VxM1K/YktU6Cra9iuFmBFleeiqNrtnUNml6B65gbUskiEUFTINnjfG/YrwyhHUPwJ6tf0p1LJLVdP3F/iUMm5+XGdiT3G/mb9t19DVlNFWReHINxu1w5B9lSX3p63fEGwy9O9RRtdUQamwvAwWHsWldHSav4p7jBbS28xMN8S/h7YPiR0tU2i8MFXQ1sethYcFm3klC/Mf4s/DK9fCXrKp6cu0LnU+ddJUjeOaMk4IPdfpJ0JfLh0Tc39CdUSAQU+llLKGbYJO+c7tOFC+PPwUt3xa6WqKCbw462L+bQVgbkxSb7g/wBLtv0XuvGeQlQ1bH8Wea814h+Rqy196Tx/c/MCOQkAI7TlSuqOl7x0Vf6npy/Urqeso3FsjHDG/r9lXxvB2X0DT6mF8FOLPkmo01lE3Ca5QdJcDgV1bU8mYNkroJymro5CMgccJJDhJEAMlaTjCCR7qSdwR7KMW4yoQYNipDCNI3UY7JzCc7FXnBDQW45gBJ3CtLc7TUtJPCpbYe2VawkAjBxutFcsHJ1UMyaPQmu8W37c4U+zbNH3VVaJPEt/hZ3AVnagGnSfVdKueUeau9xI/UWXHdR7CdwPdSb63OrdRbE4a+UUhiWaSzrRmZiv7Ecs5WfrXDxm79lcdPyhoI5ymRMtv4FtdifBbuvOuqP78fkvRLqQYW4XnfVH99+ilhWj4sQO1afAcSQrOj3Liqa3nEJVzayDHzv/AOq5+ojk9n4t4TSDTEb7qNTOPzTd0Sod/PIyo9McVLSey4WuX2HsvGyfyI1VZvSMx6KDTcKc7ekGfRQadeWujiOT39D4N38N6kirlpSdjuAvTg0A5Xj/AELUimvseeHNXsTTk5Xh/LxxLKPb+FlmrA9jTsApLOyawDTwiMByuF2d9BGt74RA0aQuxjbK65Eu8D0iNUwl2AF86/GCkFN1E1wZjW3Jx3K+j5XYxsvDvjvQBtRS1wby0g/su34W749Uv7nlfqvT/PpJY9cnlURBIdjhRbhTHwC4BFifuNlKnaHwFgGcr6NB+z4lqEU1oq3UNYyTVscAr0lnh1lMyVh2cMry+SB0biFuOka/XAIHuyRssupWeTq+I1Sr/wBKRJni8B+QrrpurMcwBdgKBdKZzfO0bcqPb6gwzNOVw9XSprB7DSW/FNSR7Vbp21UDJGcY3Vi3GBgLHdLXMHEbnbOC2MRHK8nq4bJ7T3GmmrIKRIj3ag1dO2WMtHJRo/pRBHkbrnyzFmxLJEtVsLpfKcY3JWmo6cR4e5uw2+6qqD+VUDbYq9blwyOFfzAzp3IwnxP6birLeK2NoLtWAe4HovDa+impJC1zfpOc+oX1NdKJlxoJqSRudbTj2K8G6jsz6eslgkZuwkbr0fj9VitRZ5PyOh5ckVdHKyWna9u+W/oUankw4jHKrraySCaSA/SDsphzHJqauyrE0eXtqWQ8rOCBsj0RDmugJ3I2XfDD6cTEJkB0SB3OUM3yJjHayJWRvDXNH1A5VpBV/J19vq9X8uqIgmKi1rdLnOx2TauM1nTr/D2lp5PFae+xVQXOS58I1dbTtBkp3gGKQEexB4Xyv8R7WbJ1NUQNI8KVxezAwBuvqS2VTblZIKku1yMaGPPuF458denIp6WG5QsxI1+A4Lt+IvdN2DzvltP8te5HmNkqtbTA52S3cZPZXB3wsja5vBqg4/ZauN4ewFvC97VLcfNNXXsswGHKKOUIcorRkpzMNnAePgI+A4YOCo7PpCWS05ySqAbaeUV10sYeTPSkAnct7KjMbmuLXbEdsLbRbYDhlBuNpprgzLQ2OQcOA5+6nZop1GOJGP0+64Rjup1XaqujdiRmpvZw4UI8IDpQtjZ0CLcd01PcDnK4R7I3BljV0HHZcXdPugIFy4EEHhSYK6Vhbh2Aoqa8ZIOU2uexgTqUjR0lyZJ/ePGQrBkjSMgLIRuLDkHdTaO6Ssdh52W+rUL2Y7NO3+JpsFyW7DwodLdYXANdz91PDg4AhbYWp8oyOuUO0Oa7ARMoOkOI3T2tLVojIANHKR9lJjnp+7t/sosbmcOOFJZG1wBAG/snouLwHJhdgNdkJzaaIeZp3Puo/hnOyKA5mDumReBySfoOGkJ4OOTsgiV2PpXWzNOxOCVYZJ+Yj4Lzn7JRjU7Y8qMHNPBC7q22KsmSxYx5xolAPojNircbOH6Kq+ZeNgnC4VDeHIg96RZiOsZ9Q1J+a70/ZV4udRwSii71DANs/mo5ZDjhknwqhztT2lE88eCYyfyQIb3JnzRqyhvUOkFzRnvkKlYHsRFEru8R/ROjkxjyqc250kmxa0fkiNFA/wDmAN390amWq0Qi9oxgJ0ZyQpzW0Z/CEUQUh+kJm5BKOCIHDC7gZBypvykHokKeIHIaEWURLBHDThIRuBypgjjxgBdELc5wqyElkCyLONkRkOCCWogAHZPDwOymQnE42FoGE5sQ5ylq9k7xPZTIyMUhwiaE8RNzt/km6z/T+6d4nsryH0PbG0bgfuuuaPb9ULB9U5rHHbJCJhKQ/hLxR6Lgwed10FrTknCS2MU0O1f4UxOMseMN3Q9zurJKaQ/UPVcIB7fumE47ppc71KMVK9IJjAKASMndOKjvcWAlXj9mS7URXYUnCjTVAjG4UaoukURLCcOHumUtBdrsBNEwNgPD3HAVvCOXqPIQqWUCqK7U7Q3Gr0UGWhr6l2twMcfqRytLS9PMicPlKb56sH1GMZYFqKDoaquDGSX2p+Xad/BiPCU7cHC1Pk5WdnmkdnbMdFPEZZidgO61No+GlXWaRcpvCjIyWMK9Jt/TtmtjWiipGDT+IjJKnPY0jCTba30cqzWy9FDbOkbHZmN8Cla94HLhlWgbgEcBEc3fcqPVTtp2+cj9VnnJsySnK+XJHrHhu4IGy876r6tiY40lM85GQ4g913rLrF3noaGU54e8H9gvM66vdO8lxJPfKpnW0Wkzycrq9007nkZzlRS7VklCJLySERpwlTnjg9V4/RYakE0j0XMD1ScRgoTWOcc9islkmz0EKl0jjm5OyLFD6bLsVO4kd1Z0lI7IJCo6enoGUlEX8tVpT0WCNsKTRUmB9IVlT0wbjyhLOxRRt5A01MGgeXH5oxapPhhoGENw91WUblHAHT7oFbOKeEy5GyJUVUVPGXyOAAWB6jvz6x/hQOIA90ub/QnUamOnjmXYO+3ySqkMUb++PYKlZGQ7UdyeV2KMuOp+5Uloazc74VRjk8xO+V090h0TsNw7ZQ7jX4Hgwn7lcqq1rDt2VSSZpC4bDKNL0ZNVqtq2QExpJ9cqbRwnIJH5ocEJcRsrelja0Alq0wjg5i57HU7AzGRhOmlBwwYSlmDRpa1AjBcclOjHJJz2oecnBKLoLuy6GEkbcIpAa1PhDBknLIDjO6Y3JcCAuvaS7ZEA04C0RiZ5SwPA7pwGUmgnfCccAb8q0sC3LB1oA5KHJJjsmOeXOAbn9U9jdslQoY0kndSWjI+yEAQd0YO0hMiWOaRsSEOeZsTfVBmqQztuoLpnzPOSUMpYQcVjkO6pdI7A+yJHHtqKHDFuCQpQbnAcNkn8uyNgwc5AC6G75ceER8lPC3JGCoFRVtlGmI4QyltKjyw01VFGP5ZBKoqiokfK58smx7eiJVyiP7qqqKjUSAufqL4pG+qtskySw4JL9yoj5nPyCcgcIQBOSnsByuVZa5v7TVGO0Y5zy7CKOE8NAG43XQcbAIEn2QFp90tPuiJI8EyN0ey5gJ6Wn2RKGSDNPsu6PZFw3+n90nBred0aiol5ACL0CkRRgO44QzLI12GBSqaCWRwOnnuk2SUTXpoOyWEEjiOwa3Kt7fROdu5pRbfQaWgubkjstLZ7RLWSiOJuPVYZz3cHsPGeNX5S9h7DY5ayVsccYz69h7leq2Dp6noomhrAXgbnG5KF05Y4aKnbojGrAyfUrcWq2GPFQ9u3YFLUcPJ9B8X42p7XgNarYIWB72j13/zVhLh50t7LskznYaAAnxR5IymJnsaqvjhtFFAT9QUxrd02PAGcIiGbHwQQMZp5QDylk+qSoLCEkmLmoKCZYigij1lbT0ULpZ3gAb4Qq26wUELp6hwa1vqV471p1hUXqskgoZnNjGxwUyEMnF8hr4aaD55HdadcVd6q32211D2QNJa4g8+qp6C3eAQ9zg4nk43TKC3RwYcRqJGST3PqrOPGnYYW6qGD5/qdRZqJuU2OZG1g2HPKeuZC6tcYrAliSSXQ0lCXEbrK6GnO5T2xk9kcNaBjSFBoENHouo2CuOcG8qEPHGUNzlOIqU591Z0vSdwqQ19XP4QPZq2mhvYAfkkcDutUk0fnuerk/wASipelqGE5lJl+6s4KCjpQPAhDcI52SSjPK2Uuxx4whknKIeEI8qFCXclcSUAO5KWSuJKEHpJJKBiQ8BETEYGBJiemICCXNXsk5cUCSyJcJGEiRwmAH1ULOHlcSSQBjUklwkDlQg1MT0B8jQMkqm8ESbH6h2KbJJoHHKhT1TI/xKvqaqebYOwEqVq6HwhnsnzV8bCSVXT3F0p0xcIJifK4FxyjCmDQDgJLk2aMKIMvkdyuomkAYwmhpJQNt9l4zwhmn3S0+6MIHHgIjaN70mVkY9m6jQajUSxCJFDCeF0QucVPioiN3IzYmNPGMLO9RA9Dpfpu1v8A1SAyicR/6orKUg5wprtDADhAkqYwMBuVlu1UD02j8FXTzg6ImMHIC46SONuBgqHJV5PJUR07pNskLFPVxZ3KdCorCRLmqRnbCiS1LneXCHpc4orYvULJZe5G+vSQXLAedxRGxucpLYgANkRrG9gkObfZqVMF0AEO+ot3+6IIcfh/dFGlu5GwTTW0zBg7kKs5I1GPY+NmMZHKdqjj8z9gq+e4nin/AHUV81RNs95VOOQJ3wr6J9TeI4PLG/BVRVXSpk/FsfdPFukncHDspDbfEABKAShUGIlfKXvgqw2ed2oNz67qSyjwATgFTtIiAaxgH2C46mnkxoYiVQv5oJ5bIb2Mi2xnKaCH7BuFawWguw6Y7lTo7bBGNm7qnHaNhP5eiibSTP3aNipMNE7IJGFbtpgCTowEZkDdvKhbwbKdPu5ZBgt7MAlToaSKIgsbghGijLiGtburKjt0znan4aOxKzzsOvp9L7RGhY4DGnGUfQGAOOwT6iop6UFrcl3oquoramfy5wPZZJ3N8G+NXxkuorIIoi5rsu4A91WGpmmOl52Kf4XiEEruhrcHGEvLkFwDZTZwSiGNjcEALrnADHC5HG550jcpig2SUlE6HNGAiNp31BAY3IUyjssk5a97MhX9HbqamAIblwWiuoRKeUUlLYS4hz4lbso2QNAa1oUuR7WjA2AWeu/U9BbSSZQ4jjBWqFOejFqNRCqOZsunNDB5nYA9VQ3TqaitmsNIkLfQrE3rrKtucpDJXiPtg4VMJnyYLnE5zyVrr0x5rWeae7ZWXt36nra4kMOgO9CqZz9e7v3TXSD9FGkl1nbstEaEjjX6qyzmTDvl22QPFzzumOLnrscBc7zcH3WiNSRglqHnCFqLjsneBK/gbI7YI2gEDfvunCoZGDvgq21EuDlMbDSNP943dFAjjOcgYUSWqmd9LtkMOf8AicUmdq9Guuhv8ia6rj4ZyEB80j8gnZBDSN09Z5XNmyGnjHobgpYKKWgdlzAVZch0YKIzATU8tbyhulABUHKSR0kDumumI4CjyP1HbKQODlTBN6DMNRMfKMhTKaiZAfElcCfRRYZpW/QMIwZO85JO/O6phx/ZNfXwwjDXEk+ijPraqc6W8dk+KnyBloypUVO0HOAPVBjI5OcumQxHUu3kHKM2kGxU0hoZuOFHkqoYh/MdhGosN8fkIRCPGUTLQPpxhVtRfKaM6Qcn7quqLnVTeWM4yq+MzXayEHtj2XzqqGIEyPx+ag1N+p4vKzc/dU/yVwqzqdkhTKaztYNVUFWzngzT1F81xwgNReKypIbC8tB7ITLbXVTtUkhwe5ViZLbR/SASq+rvTn5bAC0LRXVk5+ovphHN08v9EqK2UdPh1U8DT+6K+82yjb/ujf5g2BCzs1RNKSZHk5QGx55CeqTkWeVwsUpIsqq/VtUcSSHHsVGMhk3dkqPo90eGPXnZX8aM/wDKtvf3sc0c4RG7Ee6fBA6R4DBueFtemfh/XXSRskseAhwo9HU0Olu1MsVozdvttRcJGxwRl2Tg+y9M6V+GUkbhU10TQ04IyttYuirbYYW64GF5Gfz9VbPqG50tGwQSake78Z4GKxZqPyA0NBS2+IRRQtBHcBPd3JK74o3KC7VUHDQkzyj1MKFBYj0J0zj5WjJKfTU1VM7MmAEekoSw+JKM59eyPK8MAA4QDYrAhAI2+bH6oElQ2IbYPtlBqazRtk5VTUTukOxKtICdiSwSqy4OcNDFBZE6V25/Up1NA+d2w45JVpFSNhAcR29U+MUjHOe4jQUWMOHZStDWNyTgBEkkZEMYA/NZ653wAOpqc87E5UFKWCxr7tS0MfiB2s+mVla+8VNY8vJ0tPbKC7JyXOyhshmmOIoyUtvgW27HiIN5Lzlx3Umjt81WdLGZCv7P0hPVsbPK0j2IW1t1gpaGMFzASB2WSy/Yx9Whst7MhZuk3uIfJH+y1dLaaeia3yAnCsJaimpG6SA3ZQNVTcHkU7P5fr6rHdq4xX3Hd02k+OOEh8tV4bdEZG6DT0VRXzaWDbvkK3tfTrnSiWZv6rQQUTYto2BuPQLk6jXNv7GdenS5WZIo6Lp6NhzK05CtYaZkTdMceMKxZTZ3wuSPjpxkY1emVhlqJz/I211Rh0gDKRrm65xgc8pGamjaBGAT6IscVZWtDdIa3ufZSI7bFC4P05I7JMrcDlHJBipqmpfqcDj0U6Chp4t3k6lKfKIQNhhVVZci4uiphqcP3SpTcg1DBNnqYaZpBOPRVtRXz1Xkgkz+S7T0lTUNEtUeeynxUsFOPK0ZQ5L4KplvlnfqqzlTI6WlpsY8p+yPLUQxnEjw37qsqayarm8GiZqGcElQAlzVbIm4jIUMur6p2GcFSobQ4kSVLwXegU1kbY24aMYTFDPItzK9luOz6kZKNHG2IYZwu1FfDED4j/3VFX3UPy2B233V4AbLOor4Y2kOI291S1d3Bz4T98qDLNJNnVk7eqBHTOcfTKangCUh0tdVTHGrAQjC+YgkY9SprKZrBkhPBY0YwjbyDtbIcdDHy/AIRmxsj3ATZZmg4CA+XI2JUywZRwHfUNAI2UR8xdkEJulziniBw3wqA2sCS4nK5ghSdLccJaRzgKOWBihkAQhhhKnR03ibDlSYLRJkF/CXKxInx5KpsJkPlblHp7bM52Q3GVfw26OPA0DIUgx08Lcubv8AdLlekT48FVTWgEfzhlTWUlNT4IZjHcodTc4YRpjBcfRVs9XW1ZAYMBJlfwGopFjLW0sJxqH5Kuqq+WY6aYEJjaSR+7xupLKTRjyrPK/D5LwivDax399uCntpCdyMK0FOT+FEbSd+EEryYRVihH9OPzRRRgYwOFZilGPpT/ls/h/dJd3omEVjaZreGj810QAfhCsvlP8AAP1S+UP9AV/Lkp15IIhAGdIQzGO7ArE0/sEP5b7K1ZgnxFf4Q/oCDJGAPoH6qzNMfZDdSuxsAmqxoVtKvQEN0Y5Vn8o5xHlRYbY9x4TIzyT4slKKcux5U+O2eIdhhaKntrXFvl27qebfDC0EDb1T4vIOxLszMVqIIy0o8sFPA0E4aVIr7tFSSGOmIcfZU7xVV0pkm2aeydEktq6FUVsTR4dONb+wUB3zVQ7+c3Sp8dJHCctG57ogaNgey0wlgTKO4rhRZxqKTY2xZ2ClyOa0YHdRJRjfKemInAHI4OO6iye26O6KSTYNSZbZ3ZLuPsmqYmcJPhIgPl8wAC46ComwGDGfZW0VthYdThuuvMETcF2MK/lFfA+5FZDbHkh0wBG665tLT84bhGmfPKcQN2TY7Y+Qh0+cqfKi/ha6REmrCTpgchNo6uc5l4Ku4aCniGdAJRNmDYKfKg46aT/Lopf4PAMF4yUcUcUbQGgDClu8xwBugvic8I4zyM+GteiPIQ0aWgKK5srj5jsp7qYgg4/dOMIIA0oxM6l6Kt9M5xy4rnh6O3KsXQ44CDoHJamR74Mk60uyCWajuFwxAtGThGmLG7EqHNPFwHEla4dGOxKPQ4xtGds491Dme0EDZOfLUE4iGQUJ9MXbzBPSMlryCnf/AE7qBJ4sm2lWggjbwEMwtcNhhMSMk4ZKk09Qdy3ZCMB5PZWj4DnlDEBCYjJOuPsrjF7IToRucfmrTwR3GUF8YGfKmKOWZbEiv+XL9gmih0jMuPZSHStYcIL5y8EALRCD7OddOMSNLBG3OQAoMrWgnDgp00b3HzZGQg/JwjBLy8+i0xjg59s93CK88pAA88KyEMA28P8AdNdHCfpjRbWZGyKwUDR/Nfg+6KJLYNy8JSUcD9y3hNNHTY+nn3V7SlKSf2hRV2YbF+6Xi2vs4KM62UueEvkKUnABRl/JL2iT8zbO2P1TPnbaN/DafySgtNI5wDnEAq4pum7E7HiTy+41JcnguEJ2P7GkUZuluzgU8f6IMtzik8sNLj7DlegUfT1gdG1jaNr8d8bqdDarTTY8K3tz9kDmalorcfdJHlRfVuOW0bj+qZiuxvbp8f8AKvYBHbmgYt7Rj2RRNT42o24+yVvGLQr+pnjYZVHmkkH3aUiyYcwvH3avZddJt/ubM/8AImE0X4qGM/8AgCm9hw8apcxkeO/zG8tcPuuh5G2r917F/DrJWDEtHED3GkBQKrorpyqJxH4Z9Wqb2SXiJtZjJHlge93Az+a5gAklnPqvQ5/htb3/APZayRn3VVXfDW7Qt10lTDUDktad8I1PkyWeP1EP6cmNfAHbhuCgyUshGwV7U9M3umGXUUhA9AoJgqICWzRFhGxBTk0ZJaexPEotFU6KrB8rAhfzW/3jMe6uNWeyG+MO5CiwZ5UFY4QH6icpjou4cFPfTNeCQOEFtO/1wmtIzzrsj6IuXDZO8RyKac+iZ4JzjP7K9qFvcuzrHNHICnU9wq4WhsVQ9o7AFVzmuynt1MHqieUSFko9GxoOsXkMirYy4gY1g9loKS5UNWAaWraH+hOCF5kJTkbI8TyN2kj7FX8jRpjqH7PZrb1bfLWQ2o/3um/pcMkD2WttXV/T90Gl83ysp/C7jK8JoOq7pQtbHrEsY7P3K0NN1LYbkGtqgKWc98Y3TVI0V3rJ7e2ASMzDIx7HDYtOxVPW9Pt8T5imLqebkOjOFi7Verra8SUVZ8zAeBqzstnb+sqWqa2OqjLHnnIwE9SHOSl0Rp7jVQs+UvdG2shO2sjdU1f0ZR1rTU2Gs0v58F2y2+mhr2fy3MdnsVUV/Tz2O8WjeYnDcb7JsLMGPV6SrVQ22I87FXW26V9JXRkhp0uY8bKvunRVFcg642GXwnu3dFnh3fZb+pnnwYL9QMqYgMB4b5mj7qlqLVCHfM2SqLSd/DJwQtcZKSPJarxEtP8Ai2zyetiutmmLKuF47Z7FSqa4RzNAD8O/Reg1cNJc4XUV9o3A9pGjcLH3z4eVtAPm7PUCpi5DQfMAr3bGc11tcE+zdS1Fvdpnc6aI9ickfZbChvFFXsDoH792nkLxyG5vpnmGsJY5pwQRwrihub2kSUcrQfunRtT6YmVMj1J8DJdy0H/RSbffJ6B/ylfl1NJs17fqZ+ax9o6qcNLK1p9MjhaIltQ3UACHfmnKwy26aNkWmjdW25VNrljq7TP5D9QJyHD3Xodp6jtfUDflaljBLgBzXdyvB6W41lqeXQnVEfrjO+3qForddKSvAqKGoIlbgkNOHAq8o89qvGTh0etPpK23SF9uk1QE5MLzkD7ZUqnrIqhwjDgH+ndYywdcmD/db05zoxs1w5C181HS3CJtXRyBr3DVHLGf8005Dg4cE2elimjMdRE17HDBa4ZyF5B1p8Jqiy1EnUHw/Iha5xdNbSctd/8AS/32XpDLtV27+XfGhrScRyt3B+/oriFwmY2SMgtcMgjhQuq2dP49f+R899OdXzzTscHOpqyndgtJwWu7jC916H+J0Vxay33uZragjS12PqWT+Ivwtpb/AAm89PtFJdYAXNfz4h7545wvJaS7VtBcZLNe6d1JW050kk4DiO4UNsqq9VDdV2fYpLXYLe4yhPOleQdDfEyaF8dvu02sbNZITvj0K9aiqYayFs8Lw5rhnZAcq2qVUsSOyHIzwobnuJU130lQ3sdqOygvA3AflrgCDyCvKfiV8EaW6PkvnS0fy9Q7Mk8OMsPqR6fZeq507rhncRg8JGo00NRHbJD9PqrtLPfS8M+ONNZbqt9FVwujlhdgg8hekfDj4p3vo65xVNDPhhw2aMnIlbng+43/AFXpfxB+HFr6wozKYhHWRAujkbtuvnq8WO8dK17qS507oyw4Duzl4fyvhEk9qyj619M/VEbZJzltsR999G9Y2jre0x3C3TsFQGgzU+d2FXun3/ZfB/Q3XN76ZrmXG11GJGHI8xGF9dfDj4o2zrukZTytNLcmsy6NxGmT3afX2XyjzHgJ0/6kD7x4T6hqvgo2vk1s9NFJ9Q3KpKl89skBcC5mcD7LQEAuOFHqaaKojMUrQ5p9l4+dbiz2dVn6IkU5cGuwPVWEU+WgFZeolqLHOGTgvpnHZ/8AT7K3gnjmY2WJ4c0jIISzQsSRalwcMbKOYpaN/wAxBktz5mobZHEjKnRytLQ13dMJyjuplZDlhGcfoorC+nf4bhuCpRha3+ZT7O9PVdcyOob5gA5UC2mjsNRqG6e9pD2VEONbDn7j0UBgMUmk52UqKbYBHGWGC4ezP/ETo5nVtodXW1gZcaYF0ZO2/oVm+kupTJTGy3WJ8c9L/KfrGDge3ovTYXBnsDysd1t0n4s0d+tUeiqjGXBvDwurotY638cumZrIe12eC/2r/wCz1S/E7pl/WXSjMdQ2yINaS7zVULR9AGPrbvp9dRX51zNqaOofS1EJY+I6SD6r9ebNeWPa6GZvlPlliPY+oXyv/bV/sy+D43xf6GpWSRFrpbzBAzsMEzNxzjfV+S974TyPwP45vj0eD+p/CfyV/Jr/ACS6/Z8ZxSk4Uhrs9lXxPAcApUbwQvdwuTSaPl04NPBKantyHDZAG6JqWuExWMEhpGkbhOUUE55R2uAGCUwAKeFFPKlHhRiDlQgNObyE1dacHKprJM4Ra2l58YAjGyt4yc5zwqKgeGzNPCuojg+qdW8GG5Zlk2XT9UDH4ZPIWgpn+G8OzysVYajRUaS7AK1zeA7OMLpUvKPM6qvbNodeTqa5w4IVfYXHXz3U6vBNNnkqvsxDZAD6p0iQx8bRbV5PitOVa2B3l5VZccOaSO2FMsDsDTk5RxZju/A0VaSYt1591X/ftXoFZ/dYXn/Vm0wKuzoHR/7iIdv/ALg/ZWlqeQ3SCqahmHgOGPZWFolxK4FYL+j1fj57ZtEqYnxnbpRbPBzvkJs7wJne6Y7fgrg6/wDA9r4+z7zXMHiUYx3aq6E6agxKyoBrtrSecKrcdFcD2XlbnmDPoGmlugi6sdSaS9UzycDOCV7pBl8bHjgtBXz7rwQ8HBHdfQHT8oq7PTTHktH+S8r5irMFI9d4W1qWwmsOcKTCOChDlSIuF5ZdnrFwGaABgLq41dVMcnwMlbqXmfxptbKnpkzkeeJxII7BenkZWU+I9EKrpesYRnETitmhs+PUQl/c5nlafn004/2PlNvIKnQ4ewAkcKC7yOLDy3ZGp3DVjUvrFK3JNH5+1axJoBcIgCS0dkTpq4fJ14a47FSaiDxG/kqAOdFUagcEOQ3JbcCtPZ8c1JnsbWR1tHlu5LchZwtMFQWvGNJVl0pO+aiw92cNCfeKBxd8xGPcrhXpo93pZ/LBSRY2CvMUjWl3B2Xp1qqRVQtdnfC8XopiG8bheg9J3Zrmsjc8enK895HTZ+9Hr/GarMVBm6Y3blFaUKENc0EHYooGF525YPRQfIaPZ2odlf0DmzQgHkKgj5wrS1yeFMMnYrLzk0YWCwlYWkDC85+Idmb43zcTMHGXL1CaIOAcAqTqG2tuFvkwzztBP3C6GkucJo5mrpU4M8EloNM/iBuMhDlgyc6f3WmqaHDiA0YBIVVUUz4yQW8L0leoyeR1mix98EQaSQmN9Oeeye1ukqMwlk+Qe6mPZnBC2KeTiSrYGuJe3PsplgZT1dPNQSjzOBwokzSBjGU+z1DKO4tdIPK44+yOLFTXA7oCqEVXc7DU7GKdzowT9QQut7Sy52aspZIw5zQSzPYoXUIf011/Q19P5aWtaMH1PfK0dzayXW0t2kyf1WzT2fHNSRy9ZHMdjPjqohnobhLSysw6N5Cv7ZVa4hGeQp3xPtE1qvz53sGiQncBZy31Wlw919A0Wo+SCkfNvJadqxmoYc7qQzG2RlQaNwlYCFMaF0U88nBujh4Dog5Q09QUGZjHCM1R2orVaTA4CFjXjS8Aj3VLcumy9zp6JzRq3LD/AKK80+6I0e6LAUbnW+Dz+alnhfplic0j2Q9PuvQnUkE396wO/JVld0xTzAvpyGvPbsicvRsr1i/qMhp900s75VpUWW4QF38kuDeSAoTo3DILd1Sjkf8AyIT6IpbjumqUWAn0XPCxvhRxaGxnkFgpAEFP0j0SwEvlDeEdY4g5B3Cm090ni8rnZaoSSbG2cX9oqyCmjR0d4gfjW7BVsyeGYDwzlYVuxyDurKirquPHlc5o9At1Goln7jFOlI18TGk5OEbXowAFQ0l5ZIdOrzKzgqxLwOF1ITUlwZJQlBk9sgcRspcbWOxuMqvbMDgYRQ7UMgrQssOFv7LBsMZHOU7+H+Jjw2KG2VzMYUiK4zxHY7IzVGcGF/g7iAdG/wB1w2mo4BGEVt2IwZlIbd4NstKg+EaX2RP4TULhtU4GdlYi6U5G+BldbWwE5DlA3Ct9Iqv4fUA/SniimGMtxjurhtTG/wDJE1sIGDj8lC1CC6RTtonDfR+6I2kdp4wrPyc6QujT/SoU/wCxWikdn0UuOld5dz+qlCNh7IoaOVWReWmDDHMG6KJXMwMZTtk/yo8sNTzwcbUvOMhSA7IzhA0j0T85U+RhPAYPOU/UQMkfuo6fkqfIUEEhP4U8EZQmZOUoyc5J4UVmRgcSeyID3UdsozjCKN0zcGP8Qei74vshro5VpgSntHeK7OwTw6YjeTb7JrQBg4RRIwfhTED8g3S/uP3S0O9EXV7JZP8ASUOGR3Y7BgegXQfQJ7iADqUSSZrThnmPYZV4x2Z7tZCK5ZIA3Qp3DnIRKK3X28y/L2yjke/jyjOFfUHw1hpZRU9UXoBpGfAp8ud+fohdkYdnI1Xl4Q4Rkpa0sBDG5PCnUnSPVF2YKiSM0dMRkSSjAI9lvGRU1qDGdHWCMPHFZVN1Efl/6oUvTFZe5Pmeo7nNUk7mEHEY/JBK7PRwtR5Sdv8AgyVvsPT9JUj5CCW6VhH1vbmH75WrpemKq4v8S6VRjY4D+TFs0K9obfRULGw0lOyNreA0YU0hpHCXK1s5dupnLoj0VrorZEGUcYaT9R7lOnGSPVOcTqO5TTvygy2Z5WSfY1vdMOwyUQuaBknZQLncaemiD3OzztlBOWAYpzeGMr62KmjMkjgAPfleZ9W9Wvme+KKU5Poo/V3Vz5nvhil34GDwvNbncHzSYDy71OUOcna0Wiy8sNcLm6Rzmtdkk7lQNZkOSg7uOSERoI5S5zSPTaPRbmkg2NAGRyuHnfZI7c7pzQH4JWWcz0tFCgtqONDnFSIo+E6OAuxsrGmpfpw1LOpRpmxtLS5Iy1XNFSgEHTjZPo6TYHQrenpgAMtUO1ptNjkDFBpGzUXTpGFJ8LA4Qy053QyeEdGMElgR3GFDqp4adp8V2EasrIqOEyyuxjgeq87v9+lqpXRRP2PdJbMuq1UdNHLA3+/vqpXRRP2BI2KowSXZPJXNBO57pwacqjy19srp75MKAAMqPV1ALNIKdPUCNmAFVuL5H84RpZ4MV1qisDJQ97991JpockZCUcWe2fzVhSxDI8qdGODD28sUFOG42RpXaAGtRHBrG4CGyJ0rlqjHIuyeBoa55BKlRwgY2RoaXABcEOomDSGxnjutEYpGac2PIDGqO5xf9k3XI/6iigaeyPsRKWBYxyE5o1FIAkp+QwZwmYAHgBjd1FlkL3aQNk90urYArkTd8kKAiiZwXd0dvlTXMJII7J+oNG6hB7gAM+ihVVUBsFyprWgED7BVx1zOzlSUv0MhH2wrpHSuR6eAly5BTuxkqRqEPAz7IVzyXOXpBmxhoHZcmkGA1qjvqC4jsoVVXeCMg5IQWcErg5MNO8O8ziAqWqrSHFkLgAO6DV3SWQ4JwAoLiXHnC4+r1n9EDdRVFcsK+WZ5Je/KGOUsFPHKwN78ZNfEegjWNxnC6WgcBJnC65RcFo6uHhNSTEKOEHKQByn4CRAwrLOjGMEhdyB3QTzyu4ciU8FpZEXYSAc84AwiRU5cd1YQU7W42S5yyaadO7ZJAqOhMpDnDhXVvp2tOkDCFTNEYwGZzstNY7GJ8S1G2eB3WO55PTeO8Y1LhDrRa5a6XRGMY5K9L6dstPRwNIZvjc9yVW2C1QwvIijwTsV6Z090+XBk8zMNbwClQie/8V46TSJVktLQ1ssrPKN8K9IyAAMAcLpHhgNA2T4mE8hVM9xTp40xSigUUWTuFL0DAA2wk1gaMBOQmkSSSWcKtyYzIkzxD6LhcByhiQOJGlWVOzaG1Ag52UKtrYKGB007wAO3qnVE4HA3xwvJOq+p5rrUOpqeQ+A0kEg7H7Jlccs43kvJR0kcsF1j1bU3ipfSUshEbTgkKhpaIHd+xRY42cuaF2WqYwANC2Qjjo+farUSvnvkya0NY0D0CeCNxlVzKgu4R4mySH0WqEcmVNslajn1RGku7LkUJOMhGiiwc44T4xyMwxNZ3IRmsGEgA3f0Sc8EHCk44IkIkN25XAS7cDhM0ue4YR8iJoJHCAcoZOtGkYxlVtdViOTSCFOkdUP8sLcbKO21RvOurbqce4Kg1VsrTwo+XA8KQuYC1NZPzQDwUkby4QTyltYIJJJJUGMSSSUIJJJJQgkkklCCSTElCCSSSUIJcLhjlcLgRhDAPqglLBDhJyuJJJMpZIJNTiQEN72sGXFQZhjkOQj1Qn1sTAdSgT1omOI8oZSyXGOSW+qiiB1Hsq6prRLtGuFr5TnCLHRY3clWT45NNdbfSITg6R2XbpwiOOP3VkKEkZwiR0BfwscrcPk6Gm8bqNVLbXErWRjchqe6N5xkYVvFbgPwqSLc1oDtOEqepUej0FH0vbN4sKRlG9w3aRlFit2HA4Vx4UUY3GMKLNW0kGRqyVjs1U2+z03j/pamnDksgRRBnbKc2JrBnSo813A/uD+qgzV1VMcB2Fku1Oez1NPjoQ6WCxmkYwYHZV89UQfKmBlS/eQkgp4pDyXLK736NcNJGBHNTMdjumlsjhupgp2A8Bdf4bBu3P5pMpOXY1VKJWmB+SkKYg5KlOkY08IDq2HdozlL25K4idbENtuEtTR6ZCjyVMmf5bdih+HPNu0Ivhm/QqV8YkmSsjZsSgOrHu+ggJ8VBk5nAKOyjgZw1Mjp/wDmM1mql/SQy6rdw7IK6KVx3ccFTmta3Zowu4HomLTSf4mO3WbfzZEbSDCc2FrTwpKc2InlOhorDl3eXqr6YAMOAAMfmnMp3PcO2VIbBpIyP3UlgawDATloZds51nm1N4gAZQA4JH7qTHThg8uE4TD+ldDs8FItqVUTboLLNZLGDoY0JacJyWCeAubOeT3Wm0ihFJDDg7YUqlo3zHduxShp2NAfKNylLcDEdEGwHdY7rccHY0+n2YlIsWRUdANUmMlQay6GY6IchoUJ8kkh1OcTn3TRsszk2bFLH4jna5Han7ld0ADhIvAHCYXuOwGVSi2W5fsQOCdk06nuDQN1Ip6KqncMRkAq5o7aKZuudgyU6uvkTOz9FfQWp85zKzAVvS0FPSnLWgn1RDK2MaQAB7qnunUdDb251l8mM6WrXCoyX6mFa3TeEaRpaxp4AVNX9UW226/EmDi3j3WIvHWtdVReDTAxDfJWcke6bd7iT7nK116ds83rfPRWYUcmgvnW1XcJHsonuYx2xJ7rNFz3ZL3lxPqU0NDdspj5dHAytldG08rqNbbdLdYx5Y3OeEx7gwbbofimU4HZEZFn6u60xijFPVxXQMSukOAEWKklk3HCNE2mjbl2AU2SuaPLDv6qpYQMZW3SwhzYWsPnIymumDNgFHfI95ySutweSlTtwdSnSpfkPM7jsm4J3XF0Dus8puRtrpjF8HcBdxhPH0hNLggwalFHcD0SJwuOqRuFHdMDtlDkvKQUvA7hDNR2wo7sk5ymjUTwqB384DmYlBMjvRFZSudggKXFRnbYBGMhByIDY3u4ClR0z9naVPZSN28oUtkDGAa27KdmmNHtlfT0wdtjJCmx04I3GF2WroaZp0/UqyW8SvJbC/OPZC1uLlOur2WrRDDvK8NwolTdaeAERnUVVOlnqz53ZThRySkAMyExRxyZp3zfEDs13qZgWswMhQmwXCpeTICc8K0jpKWMBzxuFyS400I0sdujWfRjtksbrZEeGzA4dUjAHspZFspMEOGe+VXVN4mcNLXbFVU7nuOSTk7p0KHP8jm3+Up07xUsv9l7Pe2xjTTkKoqrnVzkgv2KiOBPCanRojHo4t3k9RdxJnHF7zlxP6rmnHZEwEsBMdajwY3Jy5Y1dantGoqRDCw+ZzVa6Dqqc3n0DhhMjsYVtbbLNWysp4Bqe/gK46X6Mul+mjFFT+Rx+ojbC9w6S6BtvTsAlmbHNUO3LiPpSLJYPY+I8BLU4lJfb+zK9HfCzwXxVVyhAawZ3HK9DAt1sYI4mMYG7bBNr7qY3GCnOw2JVU4ve/U85ys8pZPpGi0NGkhtrRKkrJZpHSOPkPBUczt/DvnlNe0uZgdlJoLXPOPEd5Akb2mdJROU0UlTKGgbDkq0bRQ07QQd/fuuvfBSwhkfI29yVElqZJPrdsqb3BvhBpagFxDOAoFRU52Q5al2otjO3qgwU01ZKGAHCOMcmeywbI4zHAIKNSWuTUHzDYq0pbMyBwllb9KdcLpR0UJkdIHOGwaOSVbeDLOeewUkENLD4gbgtVLcL5A1mlh3+6rbj1DU1cj42NLQfdVjg6TAxv7o8oDDlwg1TX1FSceIQ32KiRwOmcADz3U+js1bWyBkUZI7n0WvtHS8cTWOeweXkkJM7YwWWFXpZzfJnLZ01NUEGRpwD32Wrs3S8dO8SSMAA9VeQ0MMAbpb9IXamvipxpc4NIWG7V54idXTaLY8tBNDYGHYNAChG4M1FsZ1IdPDdrvNpa0Mpxw4nlaa29PUtOA6QBx77LjX67azsU0vpFPR9PyVp+YrnHS/cNx2WgobbBTMDYY2tA9Ap3hDAaBsOEQQOaASFxr9RK2WWb6accggwBEaxgBLjjHdBnmZC36gXdh3RKWkqqlgfUO0xn8Pqs/yo1YI0k08jtFGM42JR6a1YxNUEPkKtIoIqVnkYAFBqrnHEdLBk9lTlksksa2FmxwAq2uuUfERyR6JZrq8eH9EZ5PqpFNQQUx1BoLjyULYcW0QYKWtuDWvqHaY/wClT4bdBT4LQMjupJc1gAA2Vdcro2lk8L8XbCtPJeSQ/SzdzgAqye7CSQwUkDpnj+ndOp6G63PDqkCKI8gnkKzo7XS0JzEwA+uEwXKWSuprJU1eJq8hudw3OcKwbRMpWhsbR+Q5UqaobAMuO6z11vrmOIj3xycq0AWNRUiBpJ4WfuN9/BEPvuq6ruVVUO2ecFQ/Cc8guKfGPAASoq5Kl+p4TGAv2IwpEVNtktSkaGnACIgNkWOQikNjAO32QzIwDJPCjTVbeGHOFBbx7JE1QANsKHLUnBGEJ0jnnBRI6ZzsOzyjyECMj3u4RmU7uSjxU4Z2RQzsglNRKUcgWxtbwETQDgKQykkeRpGxUyKjY3BcNwlSvSL+Mrm0j38NUumtWreUDf8AZT4mRtBwBsgVFxhacF2ANkiy7JNoeChp4xswErk0sNM3LnYVXPdp5Dop2HHqhinqajDpng57eiRK3ISeA1ReSHYpxkquL7nXVB8Q4aeFcU1mb9RDVNZREEYAASZ24DUclHFQvOzxn3U6mogzYK0bRtH4d/uiilDTnCXK3KI44K75M84/dPFIQcq0FNtxn3TxTeyzysyWoFWKbAxpThAfRWgpwPwrogH9KHcWq8ld4A7t/ddEIBzp/dWYpsfg/dI04/oVbiOtorxT4/D+64Yf8KnfLHsNkvBI4Z+6JMHaV5hHqh+A31/ZWRh32KYID3P7JqbZMFaacdgnMo8nhWbKMHkqdT0LcZwE1Jsm1FLFbm5GQFYRW2Jo1FowOVJq56O3Ra53tB7D1WYr7/U3F4pbc10bPxvPotEIsGWIk643e127DW+d/o1Z6qrrhdHO0OdHCeyfHamsk8V7tZPqpbGtY0MwBhaYIzSW4qYrYyM6tOXepKM2PSNwprg0HZRJJQMgBOS4B+PAB+BvhRJJBjACmiN0mRjYpMtjS7OEzKyDtbKmTVK7AR46HXh0myt20MEQDtIyEOR8DRudOPQI/laL+L2Qm0scZyQmy1LWDZPeZql38lmWdnI0NrGzpTur+Uv42uCqeamZ2mJuycy2vJDpufsrxlG2NvlACYQDyi+RgLT5eWVrKER8ABdkaA0eylytJA0oIhc44cFPkZezb0ROTgBMfAX7cKybSMaMtblO8DJBwmJ5BZV/J9yuCADluMK0kia0b8BVlTX0tPkSH7D1WiCbM85KAJ8KDUPZHjUQo1TdJn/9niJBUXw6mcapTse2VoUPZjstUugk1fTs8o3OFCfUTSf3bNlKbQwDcjJCa5jWbDATYmKeZdkN0Uj93nBQ/AA2wp+gngJvh45WqtGSxMgiLTlrQmuidjcfup/hj0TC3C1JGaXBB8NBI3Iwp7mtbnVsFBqa6hpW6u/plOhHJivtUewZjIKFMxsTNTnDCiVN51ginGn1VW+onlcTJImwrbOZdq4LpkypuMEZLWnJwq2etmmOM4BTTjOSutiDsY/VaoVYOXfqJS4TBnXkEnOU4A44R/BbjcJxfFEPNytEYYMM555ZFcXH6gh6d0aWpYD5WhRJZ9saU2McmZ2YCkt33CCZsbYQDO4lNzlpKbtSQiUsh3zgDhAM540hDcTq5XRwlNAOZ35hy4Zj6Jp4Qi3fhRcFb8hvnH9sp7a6oxsVEGy74rf6UMobhMrHF8FzSdS19IRocSB6lXtH19C0D5ul3HcFYrxW+i4XAnOlB8QyvWWVPKZ65b+qbJWRtzLHG49nBXlK6llAkYYi0jY7LwxpA9lYUl8uVK0Miq5A1vA1FL+M6+n80oL/AFEe4QxU2caYv2RHUtI7bw4j+QXmFr670uDLi0kcZb2WvtvUVqr2tNNVtzjhxwVXxnb03kdNdHKL4Wqkk38JufZcFkjHDAM8IEc9Qd45AW9lIbW1GMFyW44OjCVcuUgbrLJnIwR6YSFt0b+Fg+oKkR1kxOC5SRUAjzHChojjHCK40TDsWk/dR6ix26sAZVUkcjRnAI4V0ySkOxl3PbC6+nafp790XJbrhZxJZMZcOgLFWQ+HFEYj2cFnq/4XaGgUdTk+pC9UFICM/wCqC+AtKpNmO3xtFvccf4PCbp0VfLUXOqKRzox+JoyFSmlfE4h40r6RdC5w339MquqOnLNWHXW2+Nz98kDGUXzYOfd9P55rZ89lke/mCD4QXsV3+EtnrnOmtznwSHcNzssjcPhX1JRhzqYMmDeBlRXnG1Xhb6nlxyYZ8QJ2CcWYUust9ztUhjudvkiI2zjZRRNG84bt909XI5V2m+PhrA3QBxsu8IwaCAQOfdcMbsbA/oic0zK62uhuQuFoPPZMeHMIT2yb5worMC/uROob1cbW4GCYlo/CTstRZ+vKeZ4Zco9Hq4DhYzWH7acLggAPHKarhkbJpntluu1LPpmtlcHDGRh2/wCi0lPfJsNZVNB9188U7quje2emnfG5vGl3+i1ll67qYS1l4BmA21jlOhblmqFyawz2kmkrWb6SPQqrqumIpsy0rtDuRjuqe0dVW2ua0QTDftncK8jr6qIh9PI10X9Dtj+RWqNnAaipGXuVurKZ3+8McQDsfVRGzui+g/cL0ZtXRVcXg1QaxxHD28/mqm79G008QntxEbyM4P0lOjPPZyNf4hzi51I8/vHTFi6jhwImU1T3kDcZP3Xn136VvfTEvjRxGeAnBc3cL1Genmo5XQVEZY5hxgjlNbVh7TDM0PYdi124wjzjlHmZVWVcTR5ZR3mOU+G86HcEOV/brrX0eH09QXs/occhWl9+Hdru7fmbLK2jqgclrh5H+3ssTNDfOm6gx3Kjf4YONY3afsUyFvImVWeUeoWu/Uty/lPHhTAbh2wP2Vg2JkL/ABYS6KTkOYcFeZ2+5UtaMxPDXffdaSi6jmo2NhrWmRo2Eg9PdaIvcJlGM/tkj0GiusdWBDUtAmA57OV3aepbtZ5QIZS+HP8AduPA9lhaaqiqY2zQvDsjY5VhS3CUODKp4cDs1w/1WiMsI4us8WpPdWe1WnqK29QRGHA8XGXRSgEH7Jz6a62gmotL3SgnenJy0D2XlNPO6Nwlglc0j8TTgraWLrcxNbT1jnHG2opkVk4N2isrfRubXfqatjAkIhmGzoycEH7Kq666BtnXVAKeoxDUR+aKoY3zNPv7eydPSUV5hbUwkMmAy2Vmx/PHK5R3+qs0zaW7OBids2X/AKo3HBjrnOiWY8M8DqWXrou7ix32CQlh8k44c3sV6X0P8RprXKA+Yz0zsBzNXHuFvb/03ZusLY6mrI2yRvGWuaR/mvBL10tePhxX/wC94qaCUkMlYc6R2ylYZ0IyhrV96+5H1Pab3RXinFRSvOhw4PIUh7W8hfPXRPXj7ZKHwz+LCT5mZ7L22zdQUl3pWVEMgIcOM8KGC2jYywlB7KNu0+6lnBGUCVueB3UMrWBpGFS9T9K2fqekdT3GnBkI8sgG7VdvcGjdB8TVthJsqU1hh12Op7o9/s+Zur+ibz0LcXU1QXPh1eWZrcNPspnT/UVfb3skjncwgjBBIIK+g7paaC80xpLhAJGEHHqD6grwvrDoev6VrXTQRuloHnOsDOj0Xk/LeH+xyr9n0j6Y+qZRnGnVPn9n0h8OPjFRX6CKjvlQ1tYQGiQnGv7+69R16xkdl8KWm6SU+l0Z3G7T3Xunw6+LFTSQx017frhIDWuzwvkfmfAY/wBSs/QfhfqSueKrGe31dJDVwugnYHNcMbhZOR1V0xVCN+qSkefKf6VpqC70typm1VLI17HDOx4Tq2kp6+B1PURhzXD9F4W6Dg+T3tM1PlA6SqgqoWVEDg5pHqpYcRj2WK/33pOt0nMlA87d9C1VJVw1UIngcHNcM7FKxg0NZLKKbSd8KQ0tfuMKrBJ/JSIZtOEfYDgFqGAnUOSECN5a9STI14wdlGkiPICsvJLa8PbsRnCLDKJIxDUDW0KujeWHCkxuxv6q4troXOKaMR1PYHWW4G6xOzTSnJ0jj7qb05drdVH+C3uFs1DVtLS14y0Aha2eKnq6d1NUxh8bxggrz69Wd1rq3RRZMXMee3suxodW01CxmOypSPhL+2F/ZkqPg51V/tH0xC6Xpe7DxInNbkUz/wDuyffO32K+dYXnYFfsN8lYPip0bWfDPrpgljqo8Fzz9Q349Hj8P3K/Mb+0B8CL98DOtpbPXAvt1SXSUFRyJYs7Z9wvovhPK/I/jsZ8x+pvCxpk76VhezzwHbcp6jtcMjdEacjnK9nCWTwUo5JOpEB7KMiA4WiMsi+iQ1wxuRlccG4JGMoW6WT6poAjzskkkoUyVC7Q4EK9j3jz7BZ5pxur2CRskGR3ATF2ZL/RYUz3RPEgK3FFIZaJpdu4gLBQgnknZbOzzsmpGsadxsVuplhHE10OWy0qC19Gd+Bgqnt7tNRpzhWXDHsPdUsbtFwI7J7kYYReDRz+Zoz6KRZHYqC3IAUZx8v5Ltqdpq9yjizPZ00a+Uamj0wsB1Y3+byt82XLRt2WG6syZDt3TJvKF6VYtRnqRxax33VhQT6JT6qsp385HdHidmsBzgFYLnuPR6SWyWS2mlDpNQXWvyPVR5nYI2XWyADdcTXx+zg9j4y7dYkbiynxaEDCh10Ph1WyL0zN4lIcdgn3SIZ8QjjheTt/5T6RpPwRFmLhTuwd17V8NbkKzp+Ma9To8NI9F4iH6mluOy9M+D1axzJ7a0fzM6vyXB8pDdQ3+j0fi7fj1Ec+z1KPcqUzhRmAg78qVFwV4rOEe5T5yOAwupw35XRs4YS9/I5dDdJ9FBu8LZ6GWJ7Q5rmEEHurTAI4QJY9eG4zlOqnsmpA2wVkHH9nxhf6V1Deqqn/AKHkfuosUha4FbD4pWo0PV1aPB0Bzy777rGatyMcL654q5X6dSPz15yh6bW2Q/uWkc/iMAIyqSvp3RzEluxOcqfSSBrgCEe4QiaAADdbLoZRyIPcF6TvFRS1IhdL5OwJXpkgZVUYkYPqGV4tSyupqlrgcYK9a6XuLayibGTvjZcbV1JcnsPDajdHYyrMfguIxyVa2OrEVSNRxnhcvlD4QFRG3buFVxTEHZcbU1qcdp6vTWfFLKParJXiopm75I2KumtyAfVeadJXctLGvd/hIXplLplia9hyCF5LWUuMmet0t8bopoJG3vlSqeTwyHac491HZs4D1RxHqXOaxydBdGipZjPAHnvsnCNpyCNjsR6qHapNQEGFNkboI3xhSE+Rc45PNOpLKKKvka0YY8lzVm6ui1bH0XqPVlvNVCKgN+nZYSamyRsu1ptRjlnG1NHPB5/UUr4ajBHBUhoJwVcXehw4nSN+FVMaWdvZdqqxTjk8tqtNKqbbRyWMFowFVPfokyOQdlfNZ6jKqbjT+DKXAeV26dGRzra8In9WUjb10nDcWeaotx1AjkcItiqheenYaovzKwaH452T+mZmVVPU2mcgsnYW4KzfSUslku9X0/Vu0tDzgHhPrfJzdXFSe5GZ+LdgFwtbqgRZfGCc/ZeEsldAcHkbFfU/UdGyshmp3jIcC3C+Yb1bp7Xc6ihqB54nnO3IzsV7bxFyde1nhPK1Ys3F3Za5rmiNxGXK7bvwsHSVLoJA4E4BWvt1wiqIxp5K9FVI8rq6tv3FinjlDByMog5Wk576JI4RByhjhEHKYksGdsMHbcJ+r2QhwjsBzsrUEyjur2Tmk5wujhdV7EDJ4HgB7cEbKPJa6N5yYxv7KU1p3OEXRuBwqSxwUrNvRn5+lKWd+pjtOeygVXRtwjcflsSNW1jjaOQjsOB7JmzIS1tkDzCpsNypBqlp349cKIaSoHMTv0XrmgvPmaHffdHjpKaRo1U8f/lCF07go+TkvyR462iqXHAhcT9lNpem7pV7NpXEfZesNoKeM5bTRtPs0KVFC1mNLAM+iZHT45Kn5SWODC2n4esjxPXObqIzpHZamjsNupmCMUrT65HKty0ZGG7ohj2wBhNrqSOddrrbfZRXHo+x3AEw0rad54dHsVRVnw+uVOwS2upMjx2JxkLdMYWlS4iQAAFpgtvQFersr7eTyaQXq3v019sm0t21BpR4rnTubu7B9CvWHNbI0h7A4ehGVVVXRXT1yaRU0YjceTHtumwunH2PXkIL80YaOobJjTg59FIY7O+FbVfwrlY/VaboW+jZHfsqmo6R60tzg11vfMDnBZwQtC1C6kaoaiqa+2RIika7YtCK8tdjBCon1lZQv03CgniGcai3upcVfTuaHCQJ0ba37C329xeSybFGfqb+aJHSjlp/LKhMrIzkhw/JHZWxE414R/awlqLY9k1kVQPpbkfdFDagDGn90KnqmEgB+VJMoODn91bjgZHXTQzRUe/6ojXVAGC0p7HjjIP5o8ZHdAxv8yXsEJJwc4Kc2efu0p4cD/8ANRQ1vY/upgn8xoa2Z55CKCTukGsHYIhliYPPgKYYz+WkuRNPqnNdEf8Aib+mFHfX0jP+IP1QZL3bW8ygforwyfzosstjwiEjkKnbf6AZ/mfui/7QW/8A7w/qphgf8QgmWgBzzlE0A9sqpHUVADnUf1RB1HQ8av3USYqfkix0+/7IjVV/7RUXum/7T2/+mQpiiwX5CTXBbkgcnCXPCopOq6fIbDRvkJ4yEelqbzcpRFb7XOXHsAiyo9mafkZR5ZdNxvnCbJUQxfW8D7Kwofh71dXxiSr00kffWVfW/wCF9npXNmu93fKRvojOcoZWwj7EWeZ2dGN/idM46Y5AXdgFJoYeo7iXC30L5g3nQM4zxn9F6RS2Dpegl8Wks7ZHY2c9WrqyuMYijaIY+wb6Kv5Cxwc2/wAxZZwjDUHw2u1a0S3S6wUWoZwfMftgFX9t6W6Ztbm6qR1wnbt4khw38grhrHyY1nP3TmxNHbCTK2Uuzn2ay2ztnGwCQaAfBp+0UQ0hO+TpQdQj39SigADAXULeRDbfZwNa0aWjAXHNGOE5cPCoXuYPGNkLJxjsinlByrQIk158uy6SADkqhvF/jtrC4uH2KqUsDa63J8Eq5XeC3xGScj0A7leUdX9Yhwkjinx64/yVd1X1rLVSvYyQkn0OwWDqJpqiUySPyD2QT5OxotFiW+aDV1c+d5w8nPJUTGcZ7LgO+wTxylSkkeh0+m3vg6GgBPA9Em8booB4WayR6bSadJLAxrCVKgpi4jGy7TQ6zwrWjo3ahsg3Hb0+mcmNpaJzsDSrmit+ADjhHoKFoaCWjZWcEIaRhuFDuabS7QVNShmNlLa0N4RmxDSPKuhvuo3g6EK1FAlEraqCihMsrsY/dGuNdT26AyzvAGNh6ry7qPqOa4TPiilIH34Wec8mXVamGljlneoeqJa2d8ULtgSNjwqEOycncpgG+e6expyqPH3Xy1E3KQRga4b7JlRI2McJ0jxEMZVdUzmQ7BHGOezJbbhYGzzlzsDdKJgcQmNYXcqdSwEeYhPjHBgsm5MfBDqIyFNIaxgAbwmxhsY3T2tMpG2E6Ecip2A2skmk0gbDlWMEIbuW7hMZ4cLA0N/NBlrHuJbGFpisIQ7cjqqsa0eFEFFY0ychFip3OJkl3J7Jzi1g2Cb2Z5y3DANBCM3zKPoc92eMKQDpbhRAj/KxqCCXlcc7UQScJ4b2CZ2UItGxRGM/JdbEecJssjWjdQEedMTckjhV1TVjjITKmrcTpB/JRfCdM4HOEucvQ1QxyLU6R/GVOpoBsSFympRgZajOIDdI2wqX7Cb9IJhrW4BUWR+M5KTn4ydRwFVV9wjxpY7KC7URqLhW5MNV3CKIYyFSz1T5jjshVM5ldlwQ2nSSuNq9XOxbYs211qKOucScrrWkFcacnKOAMDZYYrI5cDQPVdSSTCN5HJJJKyhJJLukjsjSyXg4kuritrBP8CRGAauEPO+EVrS44CEOEsB4yMbBT6VjpDs0k+yDS0LpdxstNa7WIw2QjYevdKk8cHqPGaKVmJIl2KyOOJ52jf6Qey21otTTjgYxgKHbKMvLGhvK9R6T6XIaKqoiGnsCN0ixZPoXivHL8YErpvpqNrWSysGAByOVrvLE0RsaAEJoaxrWRs0hoxgJ4ztlLPZ6aiNEdsR2MnJCMwYamsA2T0B0opNCSTVxxwEDBDEgID5c7BNfJq2HZAe8k8JSWS5S2oO8YwQUCaRsQ3cN/dcdOI2nftyV511r1ZHVarXQyZ0/3jwdvsnwjuOTr9fHSxzId1l1aKoPtlGTpJw97TyPRYwFrcdknPGBqO6iVEr37MatlcMHg9XqZ6iW6QSoqxnQzso8bJZpMA4HdPpaGonk3bpB3yr+itgY0ZaFpgjCouRDo6FxwXBWTIAzGykshawYAwnaQAPKtEOBsYYGNY3SMLugJy6xj37AI1INQyNwDtlC0kHdTIKF5Ic87KZ8tTRgZG6tsZGr2QYIuBhH+VbjL0UiNn0hAlmbj+Y/AS3/AGHRidwxoIaAgFwzyEx9RHuWvyFHNTBneTdUNSRVLh4TUlrPy7kY5ztR3TUklCxJJJKBiSSSUIJJJJKIMSSOybkqm8EHJZCaXJpIwhcsEO5HqkcHugOODklMMzQM5S95eA+/quqI+vjizlRZLhJJtG/ZD8mR0KJ2fii0JAGSUCWqawbYKrC+ofy/b2TmtecElC5pG3T+NtseGGlqn8Duocgq3n6sgqa2HUBlu6O2MDYJM71E61PgLpPLKwU8kmC8ZKkMosYOMKwjiGR5VJZG1ozpH6rLPUNv7Tr6f6dj/UiuhotR+lTGUGRsEQ1dPTnD8fqo098hjGI34/dZLdTJdnoNH4SFb4iTo6FgwXFPeaOnbvhpWaqL1UVDiI3kBRXNr6nYPLgVjt1WfR6PTeLjH0X1XdqSnPlOfdVc1/kmOmJ6FDa6nHnbkd8qVDa6cYcW4cFis1DkdevSVw9ESSevnwWu2SZRSyfUNyrJjY6fYbBNkq4I27jdLc2x+EiLHbWjeYgI7YaRgyG7j3UOavy7DeCo753uHJU2uQMrYx7J0ssY22Ud9U0DbCiP8Rx+opvgudjKGNEpPgRLVQj7DOq3bgKMZZiTr3HspDaf/wCXKIImtG7U9aZ+zJbrW/xIWHu5TxSg7nCkaWDdM147JtWmcnwcvUeQ2fk8DRTNbjIRQxrBtjdc0l2E/wAInHb810K9HZM4es89RQsuQPcpYKLoPouYC2V+PiuZHnNV9U3TjingEujdEx7rmn3WmOmhDlHBs8nqbpZnNnWs74RG+XjdDJDeUJ1QB2VTnCtclVW3Xy2rkk+N2IS8QEchQfmMnYcpzQ93fC5up1Mcfaeu8X4ac5KUyZ42dgEWEEndBghJIJCmYa0cLham9yeD6X4zxvwxUsBWBu2Vx8kceDnBUdznZGAuNjdIQXBc2csnpaoYCOnkd3yFxkRJzhEbGGjcJPla0bNWeUXI0J4XIi1uN9kNzg3g5XCXO7KbS2svaHyHB7BEqWwXakRGwTVBAiblWtFaXRHxZ/yCmQRMgj0saBgcqPU14i2qJceifXSKtuS7JrZBCMtA/wCir7ne20kRkmmbkcDKzN46yZGH01O0k+uVkpq6pq5TJNISHcD0WqvTZZ5/V+chTLbU8s0l16xmqYjHDsD3ys5LVvneZH7ucSTugF7W90KScRjLSM+631aXB5HVeTnbJu2XBJcO+VDnrBGMDBUd89bOcRbhKOkkBD5H5PotkaWuTgX+RgpNQYhPPI4CPYFSIaeR2DKNj7rjNEWMN3CdJVZAACKTUTJCeo1D/sHIpYW74BQXTg7NxhR3S6+eyZxnfKQ5+jpafS85kFc/UeVzCGGuRhws9kzvafTqJzBXWhx2T8BNJalZNuzCCCMHzZH6p2pre2SPdA1LhfsUsJPAV1QdxgIDpDgobnnVhdEDjwrwTc5dDDK9xyF0an7AqTBR6sEj91NbQxtA0gZUG10TmyDHA534eVJho+5UyOJjMeXhcfVU8Q53UNSphXzMUVMz04T808QzJIBhQpbi76YFHc58py4qFOyMfwJ01yp4xiPLioNRcqqYaW5DVxtIHb4witjaxo2yrw2KslOXvgixxPlOXN3KmQUbDgkDHok2VjAcNCiT15aCGnHsmRrbMdl9dfMmWDzRRDchpChTXJjBpp3DHdVVRWOcd98KHJM52wGMrVXRk5Oq8socVllNci/LcjcKHKdRz6qOI3v3KKxnvwtEdPjk89qNVO2WZMbl2MLqMWNAOyEQcp0YKKwZU88iIGOEzBRF3QFWMhpZAp7YyRkp2nui0sMtbM2GGMuPoEE5KPY6qqV0tsPYyNm/GT6L0boL4ZV9/fFV1uIac7+butL8OfhPDGI7zfIhr2dFH6e5Xqc01FbaU+G1sQbwB3WeyeD6P4H6Z/01Zqlx+hlJbKKzU4p6KMMaAQPYKrr7qXkwQbdi4KPPX1dZgasNz2KdBSnIcQsllm499XXj7Y9A44nOw53b3RiwABSBBt5Qp0NNFTQmoqsAgFwb3Wdt5HwikBt9BqHjT7NHAUiuuLWtNNSYDMYyok9xM0fhRNLGnn1UCaTQNnYVDnJRQV8hO73KLLUmZ5hizgcuTI46ireQHHA5Wgt1pZHCHTRg53x3RqIl2EChtksoD8ZHoruKKKnGzQ0jlNq7rQ2uDVKWs22A5KxV36mlr3PZAXBp2ymMzzkmXF+6riponQxEE8crGTS1dbN4s5LQeAnMo9RE0xLjyAVJp6aWsk8GNmc7FKcvYlx3Mjww5Or6ifRaSzWDLWzVA3duG+ysbN05DRxN1Na5x33V/FTiPThoWa+9xN2m07k8sbb7bFTt/lDGrlWHghgG6C+eOmiLnHT7ZVc2avvEwjom6oh9TjsAuVqtWzr1UJLkLWXNzHGOlOp2cAAZyVNtHTD6v/fbq4ue85wFY2np6npZBUSt1uxwfVXsYIIGNlxr9XLpHQqobAw0sUEbY42ANG2ykaM4DU8jhddNFBjvIfpb6rBO1y5ZurqURzWtiGqQ6QPVBkmnqmFtCMsJxqRoLbV3ImarGIz+FXEUMNPEGMYGNaMcLPOWeg1Eg0dqpowJ5Yw+XG5K7W11NTRnxHNaWfhCrLlfg2QxW8l7+PYlApLPV1sgrLmSD2aloPoU1dV3Vwht0fkPLipdLbWMlEs/mLdsf6qwihjgbpiaGj2CFUTRwM1yOTSh7yBsBsodZVQQgGR+Aq2rvj5nGG3RPmfx5eFLtlinmPzF3w7O7WZ4URHLBHfNW3H+VSROYw/8R+ynUdipqd4nkLpZe5echWbY42N0MAa1vAUeeq8MbbI4sW2wzn+G0kjZVtVd6WE/UAfcqmuvVJbqp4zqPssxUSVdwl8R3CclkBvBZ3W+zVdQ5sMhw1VbWzTPy5xJKLT0bwfM3lWVPRkAHSAmxiUQY6ZwILmqSKcNwQFM0RxjJxsq6tuVPGzDNyExECPe2IZKrqutjdszdQqismqHYyQPRNiie84/dQg5075Mj1TqelJOTspVNbySCQrCOlwANP5oW0inHJCjpIxu5qPHCBuG7BTWUT3bgKVBRub9bEmdmC4xK1lLI5wAGymx07IwC5m6O5rIhkgNH3UaouMEbfLJl3YDdZp3buBqWA+GsGT5Qo01xpYgWl+UFkdyrHYI0t9lYU1ghZiRx832WeVhCndVVlY4/LRkMPB9VIisskpD6jclX8Nv0DQxoA9gpTKTSQSEErgdpTQWmOLGqNTY6KEcMIPqrJtMT+FG+SzuNlnlbkJIrmUgA8ox+aOylBGNOMKdHTDH0ovgZ4CXKzcEkVooyTjH7ojaQjfKniDUcaf3RBCO+xSnP9hqGSAKcen5J/gAD6cqcKdPEGOyrd/cvYV3guH4P3SERz9GPzVoKcAbtyl4A/o/dXlhYRWiHH4f3S8LG+n91ZeA3+j90vlwdg3CmWXgrTGP6UzwR/T+6tTSN5wm/LAnAbhMSJKKRWtpQ78OEeOhP9LR91YRUwBALQo11vVutAxM8ax+ELTWhEsIGabwwXPaMc5wqS8dS08EZpqEeJP6NVbVXi8Xpzgx5hpyTgD0XILdBTnxAA5x5JWuERcm2QDR1tzkNRXy4B4YDwpkdOyBmlrAPspWoDOyBLPpGMLSlgB8gnkYI42USTb/AOaiuLpXYaF2G31EzskYCIFRfRD0SScNyiQW1xOZB+auKe3iNuS3ce6fI0MaNsq3LAewr2UbIx9P7oUhZA0ucDhGqatsbfLu47ADlMgpK2sdmY4j5x6qKzJfxldJUPqCWUsetw7IsFoe8h9S3f0V9DQxQkGOMNI7ojmho4ySqlLBarKqOhgiZgR4TXxYOwU+RoOcDsorYnknIwrUshOCjyQ5WnAwh+HIeGqyFGx+7xldEQZ9Iwm9i5YKv5Y/iG5Tm0YxnCsXRDZQbhdKGhBa5+SOwPK0Qhkz2Pb2N8JrGlxGAO6rq2vpaWMvbJqI7BRay41lawMZIY4uzQoUdIQ7JOfutMazHOwZU11dVH+X5QVENLrdrn3crRsYaMAYQ3x5GAFohH9GWz7iE2FrchrVwsPYbqVoIOAOU/wMkHGFpjHJmkkiAInk+ZuxThSw86TlWHhjG6GYP0WiFfsy2vCILomg+UITojt5SpVVJFTsLpXaNKztw6tigaWwTancAALXCGDn26iEItyLCZ7YW6nnAHKqarqChgGWEveOwVDV3SqrTl0jgD2yoegk5ynxgzjX67cv9MmXC91FaXaSWA8KESXYz2Tgwk7blHit9RIRqbgLXVX7OVZbOx8kUADjCe2FztsKyFviYNTm7+iY9rQMNbhPUUjI1zyQhRDYzDYIhFFA3YElFf3QtPsmp4M80AlkyfK1RJ8uGSFOfG09kF8eVog00InHcsFa4OzuEINd6KzMDezUEwtH4QrXBmnXtK90R7LimOhwR5f3XPAO23KMW4sglvG6RBxwpvywdgkj9V0mGMZe4BLaES4K1wdnGlcIceGqVNV0TPqduPQKFJdIQcRsVqDFStjHs6IJ+fD2S0nuo81xqHDEY2+6hOnr358vKvDMll6fRaaR6fuuFoPp+qpz/EScpBtxPqpgV87fouBlvZd1O9Cqnw7jjbKWm7dpf2S9uQ/ma7Rbbv23UmESxjMbnNz6Kha+6xHOz0ZlyuQ2dHjCmwbXq1A1tB1Xf7YWtiqPEjH4X7lae3/E+DUIbnROjGP71pyM/bsvM473GWDxmEO7qQyuo5mg+I3fsUDq3dHTp8vKHs9pt/VtirI9Yqy32KvI5Y5Iw9jw5jhkEFeARv28jsD2Kt6a9XaliEcVdIGdhq4S/jZ3tH53dHFh7SGAPypkT8tAwvLbT8RKim0w3BviN41d1p7d1xaK2QROcWZ7koXE7mn8nRZymbFsrfUfqu4BORuqanuluqH6KeoaHfflWDTJt4Uw/LdL2s6Vd9dnMSYGNxjCcKeN+A4KOyaQ4Dzn8lIY9p74SpRyaYPPQvlseyaaZwG/+alNdqOEVoAHCXKLRoWH2VMluhm2li5Wcvvwu6ZukRc6l8GUnOuPbJ+y3TmA4wF1sfsl72Ju0Om1C+6CZ4fePg1UU7TNbLkSB+F7OPzysZculOq7YXh1MZGs3y0chfUjadrgcNHuhTWyKUeaFv6BOja12cjU/TOnt5r+1nySTNzURaCOU0SQnaOTJ9F9P3PoeyXKPw56OPPrpCwd8+CdteXy0LXxu5Gk7I1dk89qvpm+nmt5PH2Z9EQO0jOFqrl8LuqbewyUg8Vg9RuspV09db5zBXQGN3Y+qfGf7OHd4/UVPEosIyoJOMLry52CozJ4CD590ZrtQy3haIS4MUouD5RLp55YHh8MhY4dwVr7F17V0b2MuTBPENvcLEh2k49U8vJ3Rq1xYyFkl0fQNmvVhv0IENQwPP4XndWnhV1E7XDJ4kZ30ncfkvnSjrauikEtK8NeO69F6Z+K88LWUd7j1AbeIBkH7rVXeaY2NrDPSZm2m7x+DXUzWvxjURuPsVjr70ZWUeqot8jZ4tzpH1ALW0dZar5CJqKZr3EZwDujuppoQHMc7bsVphPcZ9VpoaiG1o8oZM+J2l4II5CPPPRV8Py1wjZJGRghzcraXezUVyZiSFtPP2ka3Y/dY259PXG3kvdGJY+zmbpsZJHltT4+yl4XJi7t0BLTyG4dOTNLBuYSVTtvtTSS/LXWkMZbsdQ2K3VPXvpJeCBwQU66WWz9VUxilYGTj6HjYgp8ZOPKOY4J/kjOU0tYWtqbTISMZLc7LU2q+0VxhDKh3hSt8rmO23WOksfU3Sbi6D+fTj03OEehrqa6R+I0hkmd8/UCnwnl8i5La+D0Gnq5aR/kGqE/h7q3payKpGpmcjkHkLAUV6q7fIyK5ESUx2Ew5b91r6GSCopmVdFO1wJ5ac/qtMXgy20/KsGus3U1XbJAA9xZ3GdluqO8Wu8wCIsY52N2Pwf0XkkdU0nTKQD6qyoKkwPEkT3AjuCmxnns83rdBNNuK6PT4YprLL8zRl7qd31xEkgfZW4faeo6OWhnijd4owWyNB/ULH2Xq10jBBc26m4wHt/1WgZRxTFtXa6hpeN8D/VW0cZNwfHZ5j1h8MK3pOqkunT8T30Zdl8fPh/+ig9OdUyUUjKgOe3JGdLtvzC9sobyXv8AlK7GeDqCxXWnwrZXSTXrp12ioedb4c4a4+3/AEQpDI3fJxNmz6d63oLvFHGARIAA452Kvy8P3xsvnC23GttVQ6KZz4JYnYe3ggheqdKdcxVwbSTnDwNi48q2sC7aU/xNzO0kZHoowzvsiw1kcoGCN+ye9ocMho/JLMrTQNrvZR66jgr4TTVLA+N3IKPqIOCF1DJJrDIpNPKPFOtuiqnp2qdcLa1zqN51Fo30f+iqrZdXMA82Wd2nsveKukp62B1PUMD2PGCCF4/1p0VU2GSS5ULHOp850gcLx/l/DK2LlWfRfpb6qjTJUap/4f8A7m96N63rLPJFIyQvjOz2diF7b091Vbb9HpgkxKBktdyvkKw3wANDnZb6d2r0TpzqKegnjngmLXA5BB5Xyvy/hoyi5RR+hfAebzFRcs5PouspYayF0E7A5rhjdZqGKs6crCNTn0bz/wCVP6S60pL+BSzkR1DW7ZOz1oaikZUMMT2gg7LwOpplTPbJH0SmzegtJLHVRiSNwIIzyiE6N1nY46q0VGWOJgJ49FewVEdQwPYc5/ZIHElkjuEdrmvGCQPfKjNcANgmseWuV5Kkshpo8OBAXY/vwkx4ck6TSRsoRIJqOFHr6WK5UroJGgOPDvRFEmocLrTjsjXIqcDzmso56Cq2cY5GHLHjlW/xB6A6a/tK/Dao6Xv8UUF3hjcaOqLcyQTEf3mffA1H2CuuoLSLjBrhwJW7j3WSoqyusF1iuFMXRyQO8wG2Qu7odQ9uP0c/WaKGog4yR+WPxC6A6k+GHVtd0l1PRPp6mildH5hjWB3/AMlRRuJGML9UP7UXwBtX9pPoD/anpijY3qu3NLoS1v1sA/uHeufw+m6/LW62qvsdwltlyppIJ4XujeyRukghfUvDeTWogq2+T4753w89BPfWvs/+5wHKeo7SSfZFacjK9GmeZ6JGpPUdEBTYy3CxyYnpiaU1kMO6tqA/7uB3VSx2/CsKN+MBMRlvjxkt4iWkD1Wj6ZqWNlMLjudwsux+SNlbWadkNYwv77LVUcrUx3xNpJgyuA4AVFISy47K31at8qmuJ8Or1+i0y9HNhH+lmkacx59ly3k/NjHcqPb6gTU+CckBDMhiqG4PdMRmnDLwbiMjSN+yynVUepxOFo6d2qFpzjyhU/UbWmnDuef8kcuhNC23IwzXYdtsi6i2djuVGdtJj3KNLjSMFZLf7Hdg9rLKY8OyOEzVnYHlCDw6kAHPqhseG8nhcrVxzA9B4y/EzYdKVT/F8EEYAwQry7N/kg47rJdK1OisOeNluK6EVELQ37rx2qjizB9V8bZvqUjNwyaXbha74ZXcUHVcbCdIlaQse7AeQdsHCmWiqZQ3WlrH/TFKCfsuRq63bBxO5ppuNkWvTPp0nVv6o0XJUSgl+apIpsfU0HGVMjGCvCXw+ObifQabFYk0EZwijlCZn05RgDlY32bEPHCG/kIrfpQpASNkUZcEmjwH49UOm/QVIb9cZ3Xjb2Fj3NcF9J/HS2sqLFDWBoDo3YcRyfRfOlcwsIfpxkbr6b9OX7qFBnxf6z0fxaxzXtZI7ZTG4EK3jDaiFvuOFSAZOcqxoJMkMJwAvTzjk8HCe1lRWwOpZ3MfznP3Ws6MvOl7YycYwqy90fjQiVo8zRv7qotFW6jrGnOBkFczUw3RwdjRaiVU1g90qIo62j1NGdTVkJoTBMYztgrSWK4wV1IxsR3a0EqB1BQ+bxmDAK4l0GuD3Wnv3JMFb6t9Npcw4IOV610ld21dKxusZwMrxajlJd4bzkjharpq6uoa9mXYY/yn75XF1mn3RbPQeN1Ea54fs9iB3yEVpx2UOjnFRAyRpzkbqY1pXmLYuLwesTysh4ZXxvD2HBBV/nxoBKNys63urq3TD5bS5ZyiQWtlppIpBkOb+688vFAaSsdGRhpOQvRGjJ9Fn+rLa6WMTgcDYrVRZtlgy3V5MHdaEzUpcB5m7grKujLX7jBC39PiVpifyBhZ272xzKhzmNGDuF2qbtvBxNdpvlgVEIGQNKh3mkdo1gbEbK0iiLXYI3UuqoDU0eAN8LfG32cW3RuVb2mEp62S31UU7dtLhlO69pXNrKPqmi2bI1okx6rtypHMe5hbgj/NTLaxl7s09ondlzQSzPYrZVZ9yZwb6WotMUr211uhr4sOy3D8eq8P+LtodDcGXiKPyyNDXleq2eukoIai0VIOqN5aCe2FTdeWmO5dPTeTU6MFzV6Px2ocJrHR5DyOn3Rf7PAWnJGys7ZWGleHDgqvOmMlncbJx34OF7CueDyV1KsjtN5STNqIRI0jdSRysnYrqKeTwJjlrhjPoVrWnVghbq57uDgait1PDJEfAREMcIjOy0weTEwsfdSGfZR4wf1R2pgLeAydH9SY3dSI2YwUYmUgjGDG4TgAOAlg9gugHIJUjHIltsTdRIwNlKY3ygoTR6oo4CbGBaDNY30UiEYdt2UdhzlGaiXYiSyTGtBAyusGSAUxh4R2dkxdCZscGnPCM1oK4AMJ4HdHGIrsdHEDvhFY0N4SjBxwisZ7IsNlN45EG+gRA0g8LobtwiBhBzp/dHt4EzluONySCeQpjfpCCGE9sYUlo8oQOJOhvgU02Wz00cgcMHU3soVV0T0xWNJkoRETyYxhWIODsEeNx9P3UwD804/i8GPrfhXZ5vNbq6eIjsXbFVU3wtu0W1NVwSnfDSTlemMOOyJGMb4ToykhsNddHt5PHJelOp6Tyvtrz7s3VZMZKZ5hq/FheOWuBXvEgcceYlJ0FPK3RPCx7e4ICJX2RY+HkZf1I8DFS5pwyrLf+ZSWTV7t2TtcPUL2ap6P6ZrgPGtkYPq1oChO+GXTTx/K+YiP+F+EbvyOfkq5cYZ5PruZ4ef0RGC6uPle7916c74U2w5MNzq2f+JBd8KpWn/d79O377o/nK/nV/swDaS8PGPEcM+id/s5cZhmSsnOffZb1nwru2Rp6lx7eFn/AFRf/ZZeMDPUxx7Q4/1VfOinrl/zHnX+ytbnJmJHuk7pyKPBndj7L0dvwurifPfpj64KmR/Ca2uANTcat57jUr+cD/iC/Z5YKG2MGkyZKeKKidw0L1+l+F3TsRBcJX/chWtP0R0/TY00Ebsd3NU+cXLyFaPE2UbiA2ClD/yRobJc6jaK2k9s4XvNNYbRAPJQxD3DVObTRNwAzIaMDPYKfPjkzz8gn0eEUnQN+qyP9zLQfUK/pPhFVFofPNE3PIK9dawN4aMImkEfSglqJvoRLX2/0sx9j6Fs1tDPHo4p3NHLm5wVphG+OJsEQbGxv0ta3GFMYxo/CEnRjIOEDnKXYmWolP8AIjinfIP5kryPTUVwUMLHBwzlSx5QBhL6kSFtpoCyFg4Ccd9ikugZUFJNsWkDukRjuu4Houamqwvj/uOXMhLI9UMbd0RQ5LI9VwkAbqNk5VpZISXYwQT2UbHOdk5zttzwsj1d1lSWmmc0PyRkbHkqm9oyqudskool9S9RU9viIEgwOcHn2Xi3VfV8lxmfFHIdttjsqzqHq2pukz2slIB9+As66TJyTklBk9JpNF8XM0GJz59eTyha98IWs5witbnBwgnJJHcp0zs4QRjNkRrMrjG7cozI+wWOyeTvaTSqKSwJrc7BSKeAuIGMIlPSl5Gyu6C2kaSW4QyO9pNKBt9vJGcK8pLeAQdOMI9DRAD6QrWCkIxsElJtnoNPplDkjQUhbgAKdHTYAOP3RGRAEDTj81IDQOEZ0YwUVkjluPZV92ukFrg8WUgnGQMod5vtNbWSOmI8vAzuSvKL/wBSVN3qi4vcGAkAZ2S5Tx0Y9VrIaeD/AGO6h6kqrtI/S4tbk434CpW+p5Xc6uAnNacoc5PHai6eom5THAZ5CI94jbgBcJaxue6hVE+oYCOKyYbJ7TlVU42aFGiy5265gudhSqeFwcDhOUWjDbY2w0FOCRspsbQxqGxoY0bcosbNxqH2T4wyKlNYO+E55CNtGO2V3WGNwBuglrpD6BaIxxyZpyE+R0jgAisjDfMQlHEG+Yhde/PAxhH2Idno6X9kwsJOSknpmARNa0BDce2U5x22KBHkuA+6jKHFpLgQplNCTgkbLtNSOkIJGAN0asl+Xh1NxsjDUcnJ5I4Y9+fRUFXXan6QDhEqat87cA88qMKfWQSgk/RcVhjBqkeCQrKCBukEocNOG41NR/obshX7LnLjCHOcIgMBR5Zw4EbJlTUN9cKjrbhkljCQO5QXXRpjukFVW5PIWuuQdqhidt3IVS8knZN1anEhEXntRqHdLJvrrUUMSSXQDlLH8IQHdEHCQHdPRRWQJSwJJJdweUWAMnF3ST2TmtdqGyNpBARqJeUD5XdATgMJjgU5RRMnNPukRthInK6z6lezKLBtiJcNlaUlJqLdse6FDT6nA4V7R04bg4HCzWPadTQaX+RLGCVbKAMwSN1orZRSyvDYwSQVX2yD5iVsTRher9D9Nh+mQ0+W5xkpPZ9D8ToJTxXAsujOlsBlVVxbDdoK9GiDI4wyNoAGyjU8DIoxGxoAAwjgD7JTawfRNLp40QUYjtIzyiADbbhMJXSdsJO43xWAiaTnhDJJcng4aEMpYHIcBjlCJGV3JIO/CCc7jKU8yISMj1CjT4YMng91zJALs4wMrz/rXrdscT6ChnL37hxb2RqOTDrdTDTw3MB1v1oXOdabTLl/EsoOw9gsM12Dqdue/ugh+TqIJc45JPJKI6Nz8YWipHgdXqZ6qe6Q6SRzyAFMoqF0jmucMI9ttEjtMsjRvuAeyu4KZsRGGj7rXCJmVeQNNQ6Gjb91KbHpGMo7RsNsJBme6fFDI1YA6fdPDSeEZkWocIzIdBzhHlDFXkjx0xJy4bKWGQRNG2CnYA7LkjwBnGVGw4wSBukwmPnbjOxUeqqdO2MKsnqpCMNJQNsvGCdPVBirZ6suPYoBbVTO5yPupENueTlxVlLngiySVEnlhjyDyj0ttqJv7waArimpGsY0AAKUGDbthQZGsxKS7p90sD1Wzcj8uA13BXQMd13uUMp46IJJDByu5CAMSSSa84GVCDshLIUN1VG04JQ3V7Ds0IHPAcYORO29QkXd1WSVpG4ygT1U0oALyB7JblkfHTWS9FjNUhpG4QZKzAGCMqty87aiuhjzjJQORto8ZOyWGSH1crjg7hDJe888rrGbbozGcEt4SpWYPSaXwMP6kBMJduUmwYO2ApWFwnKQ7cHZ0/hoQ9DWwgAbfunCMNOdP7pfdI8YwkzvOtp/G156Hh4G2N0jVRR4DyglrvVc+Unmxhix235OxToI4CS3A/8ABQJKqaQaS/8ARS4bRKcasYUxltgjwS3JWOeoaOhVosdIofBfMdySfdGhs0zsFw2V480NM3ztGVBlvdNGDpKRO52GqKrq7GxWaBhBe3dSXCjpgOGqmqb5JI7ELtlDdVTTf3jicoFFy7D/AJVS4ReS3KlZ+PKrprzDu1mcqIynlkOWtyCpLKI4BLQCiVLZnnq8fiB+ZnldkkkJj4ny7uPHupojYzAwukADhOhpmzNZqZvlsgCF3onth3GUd2nOUJ0rR2WmGkZgu1sFxJhBAzGSP3QyGN7g490zxnOyAOUMRvcVrp0jXZ5/Wee02nzlj3yjIwhmVzsDCKynJ3JRI4QMZC0x0SfZ5zU/U8pxxQBEbnDK62Ig8KTpHGEtHstMNNCHR53Ua/U6iWZMa2MAbp2F0A+iWkrTGODM25dnMD0TU/GEI5BzjKpsB4OHYZKHLM1jeQVHq61jBzvxsquaofKRg5WS/URqjmRt0egt1ksQROlrN8NQTK55QoYXvI2JVjBQHLSVxL9UrOz6H4bwEYJZQyCBzyHYVpT0owM7bJ0NM2No2UhjCRt2XMtuT6Pe6Lx0KVkFpEewCW7sIpjzvhOEYG45CwWTbZ26oKKwDEYPPfujANYMjsmmTkYQtLn7eqWotj9yijk02OAlCx0jk9lDLKQd1YRxMgj8zQMJsaciJ347BQUoBDiNwpz5mwDzYwFUVt8pKGNz86nDgZWQu/UFZcS4NcYwfRaK9OczV+Tr08d3ZpLt1bTxEspXFxbsT2ysbWXaurHudNM4gngHsokrgBnO/dAMxJwzYrdTpMs8drPMyulmTwFeQfM45QXVUbAQ48oZbUyHY6h7dlIp6OJmHTHf1W6GkSPMajyyhPEQDTPUbxN2PdPZRgO1VSkSzwxNLYiPyUCWqytSrUDk26iy+Wck0y0UIxG7fCgvqwTtwoz5T2HKYI3OISrZpLAVFE7HlIleOXJNySSUxsJABIRo2jO/Kw2WI9TpNJKUcSOaSThEbH3wn+UBDMucjCyTnno7dOnhXHGB+GjuEzxgNsIbmueQnCA8pDbNKil0P1eyZuiCMojYNRwUQahkjjJOAM5RI4Hv2xypkdJG0ZARRpHDVC1XhkSO36nAyDjupbKdjB7rkk2jbCBNUho3PPuoM+yBIwxh5AAQ5K2NgxGclRC+aR2GMyD3T4qEcvUSyWrZdROOqZpdg7ZcZTySHIClNhgbgMG665wjGwRKLYqUvcmCFJgZdgEJaQ0cZwhTXGFo87sYVbVXvJ006bGlsy3a2miOW+S2dPo5Gyi1Vypmt+vJ9FSz3Gpk/HgFRnuc4gkrTGjHLONqPMNxxEnVFykc7EfCiyTyyc7Jjd8AhSoabJBIWiFJwdRq5WPMgGl7tyitgOQSFJEbGtxpTM42wtCrwZd+RojACEGuz7Iy5gJmCm8jR7rmAupISh6aSQM4Sycq76e6UuvUUzWUsfkP4kidiidHRaS3W2KqlZbIFotVdfKk01DCXluNR7NB/wDmL3Ton4Z0XTzfmK2DxJX4cAduO5V30j0ZQdP0sTjAHSNGd+SfUq3uVxFNFrMeoj8OcZWSyzcfWPA+Aq0MFO5ZmOmrIqOJ0j3YAGA1UBlqLnUGR2QzsPRMY6pudQS76fTsFdU9MyABrWjbusttm7g9elhYQOlogwDUB+qkiEbAbIhALRp2TZKuGljMkvbgeqztjYpI66WKjZ4svbhVVTVT1khe8kM7LkkslbKJJPo/CEGqqg1ppqc4PcjdUQUlUyPAYdRUqltz6oeJNnPIC7arK+Z4kl+/2WgBp6UBshDcfurTwLlycoqOCkZnQCGjP3UC8dQQ0EZfG4EnIxlVt66njYDTwA+5B5WTEk1VM6aV2QeB6JmeDNOz0drq2puM5mlyR2C6yIRDU4YRWgAtjjaC8nA+6uLb0/LXR+LXZa3sgnPAMYtsiUForbmGujAZF2cVsLXZWUMYEbA9xG7lLoKERRNjYxoa0YACnBzYtuFgv1KidHT6XdyDjhxuW7qPVXGGkYXOO4PAQK+6OL/CpMuPGR3KsLR0+XFlXX+eTkNPH3XI1Gs/Z16NJtRDoLbV3WY1VTtE7YNcOy1dvt0VIwMiY1o9hyjwU2kAaQPspsVOAMnYLjajUufR0qaNvI1jMAAopLQM4Q5ZmN/lwnW89lLore6XTLV/QfwrDOxmmMEuiK2OoncBDsO5VrRW1sbhNM3WWj0Uh0lPBiOGMNaNtgo1ZeXQB1NRjVI/hKlJsPAetuMFGwl+Af6VnZ/4xd5iIpPCpjuDlT47U+eYVVfKHuxnCmhjWN0sGAOwVZIuCHRWynpI2jS1zh3UqSQsHr7ZUO5XCKjj1PcATwMqgNRdr04w0rCIz+P0VojeCxuXU9JRO8EAvl40hRILddrw8S1I8KF3LSeyt7b0zQUoa+piEsw/E7dW7iGABo27BGnwAnkhW+zUVtaPAj83qpU8oibl3Hqo1bXNhZqdseyy126pdIDTUrtb0SXJRcXS+U1HGTrBPplY24364V2Y6UljTyUEQVFVK6SrHPAzwptFRZOGgBMSwC3kroqSV5a54ySrSmoJNg1vKsGUDQNZbjG6bV3Kho4QNbjL/S1Oi8CxNo2wgOf/AJqDX3empnGGM6j6qvqLtU1LjpdpCrZI3udvuSmLkFvA6tuM8xw1xDfYoMTDIcE8qRFbamcjSzZXlusRYAZRupKxIop4La5++klWVNaSMOwr2noGNGNIwpsVE0Y8qU7cB4yUsNtI2DVNit4bh2MKz8KOMFzmhoCh1NxhazEA1u9kmV42KQ3wGRAknAHdRKi5xN8sLfEfngFNbTXK4v0vBij9SeVcUNno6NgIga5/cndZ7bslpZ6My23XK51RNQPDhI3CuqHp2gpn+JHGHO/xbq4ZDuRpwEZtORwOVklbyHsIcdKI9mtCK2mAwcKY2mJ3wispj3GEmduSlHJEFIAMhqIKbSeMKe2mJG7f3RW05B4SpWZC+Mr/AJc7eRGbAMDAU7wm4AwniEdm/ukyswEoYIIpwOy6IB/T+6sBAMfT+6Qhwchv7oflYe1EHwPZdEGMHCniHA2XREULlkjIYhwNwl4Sn+APRLwQOyPc8EIfhN/p/ddEI/p/dSvCb/T+6QjA7Ik2yZRGEBx9P7peCf6f3Uzwx6LpY1g1EbfdOSbKbwRWU5IIwotTLSUMZkqZdJHA9VHu/U9LSRmnpDrmdwAsrUOr7jIJquQY7N9FqrhkVZZknV/U8ssggtsJ82RrPZVgtxkk+YrJC97vU5UiKBsWHd12R2RhaYxURb5AuayEaWAY9AgvlPGEQAuT46N8xxjC0ILGURi5xGzcpkdvnqHANYcK7pLVndwz6KdFTCIYDcKb8AqJTwWbw2hzm7qW+ARNA2UyV2gZ5VTXVrg3DDuFN41QOTSiNpJxwqt/zFZMIosYPJVjQUU9dmSsH8rs08lWkdDTwkFkfCjsyW4IqKazQtdrk3cp/htaABthSzG0cbYQXAeqDIUYAHMb9kCQDTypErS4jbCayE8lGpbimkkRDCT+H9135fG+n91N0NG2EN2GDUQnQWRMmvZHbAAo1Y6npojLM8N0+vdRrhfWxSeDRkSSY7HZUzqasrZDJcJdbXcMHZaq622Z7JpfixVl6qKlv+4M8h21FVzaNr/5lR5pO5VsyAQDDWjB7JrIQXccLfXHBjk5SfJXilzsG4A90wxFu2FaOiY3bOMcqBOJJZPDgdhvckLVsyInhEd7o2bOduhaXynDHaQpnyLc5kGSE4xNAAG2E6EDHbMiNp8Y1IpiAHonykRDLth7rN3rqylpmGCmcXOzvhbaqsnOu1MK45ky5mkbDu44HusteOsIIXmOjy8t2JHGVm7je7hXyEvqHBh4A2UB8ZOA7utcKTj3612cQC3K63K5PJlqSGn8IUDwzkZO/qrGK3VExBjZkFWlJYuDO3CfGrDObapW9lFDTSvHkblWVNaJThziPsr+Chp4G4DMrsrQ3GkLTGCM3xFV/D4GgZZuEnNDRpUx49VGlWiEEhc4pEYtPcoT2YGc8o0pJI7LhGW4ChjtWCE5hBOBsuFuoYxhHcBkoL8gEg4R9mWb2gHMO6YQAhzVTYt5ZAAoFTeaRgw12opiTfKMk9RGPZP1c7IbtABLiACqSe9lxPgZCrZqipqPqlOPRN2sxW6mL6L+puFJCf7wEhV9ReNX9wVV6I3f3gz9yuxxOcSI25RqOTJZqZf0hpLhUPOzsKO+WSQ5e8n81Jht1XNu2Pb1RxbNBHjygfZGoCHKcvyIAwTvhEDPLkNViIbdGMvOSEJ1wos6I4iMItoicop5kyEWkEDQuOeWjOFKNQx24Zygkl5+lL2lKcH0BMzh+HCEKuYHYqWGM7n9k4RU2PoU2gSmpEYVs39Sd45xkhGMFN/RumaYxwqcCbkMbUOaSQEQVurHiMBA9ExzAdwEB7SdsodoEml6JT5rdKNMrG5+yC2gtr8lr8ZUR0Wo5TcOZsFS4FStySTRVLDilqyW9gSutqrrRHXMwuZxkHKjsmcD9R/VGFaCAHEonBBrVOHsMy9tlcBNGWE8HspkFWQ4GN2D7FVj3Uz24wHZQ5ImtwYZHMI90LrQ2GvnF9mnpr3XUsgljmcT91f2z4iV9vnD5i5zT7rzVtRWQO1Z1BFF1kYR4keQlOlM7Gk83OnqR73b/iXaKmBsk2Gv4ODhaa3362V8YkgqW79sr5ojr6SRuWuwT2yp9Nd6uNumGpeB90p0Hf031Zt4mfT8Lw9uph1D1RvE8PAdx6rwKz/Ea924sY6oLgBg6twVuLV8WKSoY0VsRJ4djGEiVbPV6PzOm1UM7kj0plRE84DsqTsQNlnLdf7Bc4xLT1oaTy0nBCtoHvH91LrZ+qxyreTs03RlyuSc0FpRNiBso/zDB/ebIrJGuO3dTrs2VzjLo7pzyF0sy3GEYMBGdKRj9Aq4LcVLogPpg/ykbHsqq49LWuvhMNRSteD6gHC0IidlE8NpGC1FuYqemrs/NHkt7+CNnrIXG3AwS8gjgrze9/DLqixyPMdO6eJvdu+y+oPDHAQn03qA7KKNso9HG1v03pdSm1wz48kFRTyGKoidG8chwwixPBG2+V9PXjoKwXjVJUW+ESO5cG8+68z6k+CdawvlsGZHHdsedk5XPpnktZ9LarTx3VPceZiRo7j9UUOaU26dPXizzOgr6SWF7OQ5pA/VQwXDk7haoT3Lg4EqrKeJxaZf2u93G0yiWhq3sI7B2y9Q6Z+KFNXNZS3rMUgAHiDgrxZsxbgEFHbMCnRucSlPJ9OsFPVxNezTJG8ZDgoV06efV05ZTzFvfC8PsPWl7sL2inqnSRD/AIbzkL2Hpnr2232NkYe1k2MOaTvla67c9i5w3Lkyd96enhB8aHQ4fi7FZz5eWI5ieQ4dsr3GqpYa6PRPE1wx3CyF96PhlBloXBj+cEbFb4yOFq9DH+kxtJeC1jqa4xmSNwxnuFW3foamq2Cs6fJY93mOHYBKnVVJJBI6CojLXDY5Qaaorrc7VTvJZnOnKdFnJso2mdprhXW+f+H3mn0tJwC8ZBVnB83aphW2SoZpd/eQu+hw9h2Kva+ht3U1INZbHPjk9isnX2q79NyB5eZICcZ5CdCzJlccG1tV6o7tEH6mwz8GNxwVaMnkgIPb3Xn8D6W4HxIH+FMB22OVe23qGWLFJeS0NGzZvT7p6aEuO7s21FXgP1skz6tK01pv1Vb3ielf5fxMKwbG6GiSN4cxwyHNOxCsKK6upsawXY9O4TcnnfI+Oak5RR7FRVduv8Qm1CKXGCPdTIZ620OxI4yUzti4buaPZedW6vbNG2allLXegO4WptXVD4B4Fxj8SJ22RyFZ56dTiTeoujbH1RTmogjayp05D27av/VeXV9ru3S9Z4dVG6MsPleOCF7GKOmqWNqrLWgEjUBnb7Lk8FHe4TR3anYZWDBLxyjIpNcMyPTHWratjKedwbKNgSeVtaK6iTDdXK8s6m6IufT1W6st7HSU+dQI5ai9O9WGGYU9c4kHy5P4T7oC5V7llHsIw9ocNspr9tlVWy7h0TRkPYeCrRsglbqwhxgyyi0wYB1ZJTpooamPwpo2vadiCMgrp3yExoI7pU4prkD+55F130HNY6l97tEZ+TJ1TNH/AA//AEVPY7/oeI5D5TxuvdyAQQRkHYgrybrzoB1rnferLCTTuOqSFv4D3I9l5TzPiY2xcoI+k/Sn1XPSyVF7/wAMv7RdpKaWOro5iHNIOxXtfR3XFLd6dlNVvDagDGSeV8r2i7uhc2WKTcbPaVurTc/GDZqWYscN9jggr5P5rxPf2n6F8B51WxScuz6UniEzckDGFU6JrfKZ4SXMJ8zVQdEdbMr4W226Shs7RhrydnLZTRDGcbFeDv086JbZI+hVWRsX2vI+nqop4w9jue3ojAhwVFVPnt7hNT/Q4+YKxpKyOojD2H7hIwPaJrHYO5UiTD2A/wCqhas7hHikLcKAiD8O0lHa/UCFHmaCdQGFyKXSdwoQN5hkrNdR2xz81UDMn8TVqQQ4YwoVbE5zMtG3BWmuyUHwLx+zL9GdVu6auhdI1z6OYGOeHOxB9l4b/bj/ALL1J1DbT8afhxF48bmOmuEMY88hOP5+Bx7/AGC9outrY2oMkTdOvke/qrnoLqaKkjn6VvhDqGrf4Z1cBpyMfuV6Xx+vlXLfDs4XldDXdB8cNYPx4ILSWkHI2OURvJX1T/bO/syP+HN8d1p0pS+JYq14yYxnws77r5Ra8BfVfG62OuqVkf8A92fFvLePn4+3Y+U+n+w6chJ66UXycp/aSOThJciRBvlaU+BeRNI9VMpfq5UDRjfKlQPDXAlHGWWItWUXEXbdTYDpka/PCrojsFNYct2WqDObZDdwbOlkc+njc474UC6/3hKdZJzJTaHO3ASuQOjOMklaG8HMx97RKtFRgNx+al1xDJmuA53VNa5g12khW1X/ADGeJxpCOMssz3x2yaNfRyl1K045aP8AJVl8BkpDtwU/p+Z81CQ450jCbcj/ALo/b3TXyjFH7bTBTjTJx3K6XamH7LtWMSn7po3BwscnydqLyshqd5NOATuExrjnlNj2yPZMBwTlZNTDdDg6Oiu2TLqy1HgVgweV6bSOEtG0k9l5HTShjwc75Xp9km8WjZvjDQvG66OLT6z4TUb6EimuEZhqSO2Uxrsgeyl31uH5HqoLCNGM9lyrksHpapY5Pof4c3Ftw6YpyH6nR+UnOTha2P6l5J8F7owU1RbQDqaQT+//AF/Zessc0keq8R5GGy1nufFXK2hMlhowEXAwNkBjtuEYHPbhcew651q5gFFTHbhSHAxLgxfxWtsld0dVGIajD5v2K+aLjQmopXujGCzlfXF8pH1trqKWPcvYQP0XzE2ED5uLYF0rx9l7X6f1LjhHzz6r0X8izd/bBgRkZB5CLSVhik16Rsi1lHJSVMkMg3BKgzMwR2Xv4z3I+NalOizb+jUxFtXSZwDlZa40zqWoOBgZyFd2WrA/3dx7JXujEkfiNHus9qyzdp3uimW/RN50OYxzvZehVUTKymONw4ZC8Rs1W6jqxvgZXsPT1e2rpWtJyQFx9RX92T2fi7/khhmaqw6jqN243wVa08wIZMw+hUrqa3CWHx4278rP2mp0vdTSHvtlcy+GY5O3TPbZhnsnRl5bPG2NzuQBue62rXNI2C8V6cuLqGqaNXle7C9XtFa58GZDkjheU1lD3ZR7LRalyioyLdTaKUsIb2UGM+JwEUDS4HK5LWDpL9l+1wc0Fu+UyrhbVUzonN3xsg0EgcNJU0bbKReHkua3o83rInU1a5uMbqPc4BLHkjGQtN1RbtLxURt2Jyq404mDRp7LfTec+6nKwYnwdFQNvyVpG0taBp2XblQfJVbJtPlccHCnSsa1rXNG2P1XSr1CfZz5U7ODC9TW4w1AlDfI9ZOlrXWe+aTsx2M/Yr1e728V9r1ho1DOF5ffaMsIn0Zczyn3XRos3HntfpNqc0N6zovk6mG80ozBUAZcOMqAZo622ObKAQWlpHqrukcL10tLb6gfzoZMsb7YWLjqXU0r6STykZ2PsvS6CaWDw3kqXncumeN9XWl1rvMsbRhkhLmKrZnGCtp8RX09RNCdH8xpyD7LGk6eV6/TNyhlniL0ozaR1hLTsVpbFe//AIapP2KzIIyjMdp3XQqlgwX1RsWGj0eBwlGRuEZoweVjLZfJ6RohlJcD3Wrp5BLE2QHIcMroVs4N2mnTLDLCLGkIqiQkghSmnITcmZ8BW7KQzs1RwcI7SDwmCmiVEQQCUVsYJ2H7qIcjglFhlyQCnQeRXBLEXlyuHlPY4OGCneEDvhH0LdhxnKkM5UcDCkM5V+xc1uDs4UiLkqOzhHi5KMzTWGS2dkaMDIKCzsjMOME+6NABmAIzOyEw5RW9k9IVYGa0EZIRQBlDZ9IRRyrFBGNGERqYzhPaptTeCBA0ZR2gAbIbcuOfRHHCtQ9i28Dm7EJ44XByiDhDjAOeMjs57IjcZ2TUVWkmA5DhwiDlMTwDnKAU5NhQc4yiobdgPdFaMlHsyVNj2k8ooc4DlNAGE9A4kT4HM+pGGDg44QEZqJRyRBAANgnYCanq1HDFj11n1BcSUCwGGF3I9UDJ9Sutcc7k4UKwHSXARjcpZChQ1JLLf6v2Sy3+r9kZbjkSSZkLhIwqCCkjB3CjknKRO/KbkI1wW3kdkrmo+q4SByh53RN4JgO85xgoZAaNTnYHqhz1LKeMve7GOF5j1/8AEqno4Tb6OoL3uyCW+qFS9B06ed8tsUWvXXxEt1oiFPTy63HIc5v+S8OvN+rLvUSSSSnQ4+VueAoVbXVNfKZKqbUckgeijZGOc5QN4PV6XQR00cIWe4O66C4jjKGBl3KkMGRlJlM6temlMayP9lIa1JjM7KVFCXHASJTyd7RaVpYBxtycFWdJRasEp1BbfEfqeOOAtDRWnGDxslOSPQaTQuUlgi0Vty5pLf3WipaENDSBjCNRW4NaMNVjDSkEABLc88HoadLGv8SPFTaCPKpzGANCK2EAbhIkAfbOUCZshFRQPSBydgs91H1bS2pj42EOcRjOVD6t6wgoI3wwOy4ZBIPK8srrlPcZTNK4kHgZQOzPBy/JeQ+L/TqH3S8VVyqXyvldpJ2GVAaCTjCaIy4qTHGGgFw2US9nlp2zs/JjoowcErrtLQm5wos8pAwiMtssCqKjHlGFEILjknlIgudklSYYhgHGFohHBzpzc3gHFEQ4EjhTxhoaA1JkQAzpTXyBpwVrjFGebwGB4JT/ABdQHlwhNY54BAUlsYABwmxjgy2TE0EnzIzABx2QxvjA4ThsN0YpzHJJLh4VACyPVccRhAcTqO5XM+pTMkHanEk4yp1vt7pMySYbtkAolst2r+dKPcBGr66OmjcGkDtt3VDVDjcNrKuKjjAbjA7+pVBV1ktW7LjgeiU8xnOd/VDbGcqOfovKSOMicSCeFLjjAwcfulHH3wnTOxgYVZQuTbHPLQAQQFDqalrGncIdTVeG1UlXXOkJGTulX6iNEdzH1VOTywlfXueS1qriXPJJSJ1OyU8AYXEttldLdI6FdSiNSXcFcSB2UkdaMlE9Nk1hAxlEyAEQmcmzicuNY6U+UKQykczBeeUyMMipSwMMZkwQEZsQaON0TAYOEk6MAHPcC2HZcyfRPII7J2AnfGEmxmr2XMj0RUlPjLyBxlFhiLnABdAycKdR0pcQ4hBYnFD9NTLUWKC6DU1OMAlqt6aPWQxo9gokTA3y43K3nSPS8tTIyWWIYOCAVhsy2e88XocyVNaL/orpAyBsr4wc4OSF63bKKKjgayNobt2UC1W+K3U7Y4274GVZxOOwJSbJYR9P8boo6aOESQSE/JQxunrO5HajHA9Oz2KbqA4K5kJMpDjo2TvG2xhCL8dklM5CHA5SJDRknA9ShukDGl2fzXnPXXXjYGOt9vndI/hxZ2TPxMuq1UdLDLC9eddiAOtNpky85EkjTx7LzbW+dxe7JJ3JTYmPqMHCtqO3udpGMe6bCGTxOr1M9VPdIj09G6RwOlXtDaA8AuGFJobcGYOgbe6tWMawYAWqMNpkVfsFHGA0DHAwnNaE9daM5ThqijmewC7DGdQ2T4o84JCkAAIglWJseBwkcNXdeBwoFdWsgZrc7BHAUcsBqOOyRLKACfRVNXcTwH4QpauepboHlB9E2Okc4glVvIRpH1k7gWHI7qVT0riQHDBU6lpgzsEUtaMKxYGOkazBCOI2jsm5CRxwoTAQYHcBc142QC4Z+pc8ZqhN2DKpmsphrKYDPij9VFfdIGjylP5PzE6miZuRwuHZVEl3dxGchAfW1D85dsfdHhjVpbZdIvH1Ubc5IUM3SEEjuFVume7OXcpmW91fRphoZvsny3k7iJqivr5pRguQdPoV0RuJ3UckjdT47+w8yyk+Z2Ug/GwanthceyI2kccLPKaZ2dN41yxhDASeAnBhKMKfG5/zRmxEb4wkylg7NHiG+0RhESfpRmwbZLVIDQBs1dx7LPKw61PjVDHBG0AbZS0k8FHMfsnNiLzws8p5OnDSgAM7BEEWcDCkMo3PUqO36MOmcA1InPBtq00faK9tM4/SOfdHit0rzlqmzPt9K0HxBke6rKnqaCAaYjj7FZ5ts2wrphyyfHQQsGZt8J756Cmb5HDKytX1NPOS2MH7qGHV9WctecHslODkW7oR/A0tTf6aLIac4VRVdQSTgiN2yFDZauUh0g+6soLPTxgBzRlUqE/yQqeoslwikE9xqXnSSQVJitdS/d7cAq+bDBA3DGgfkhPqWt4GU2OlT6ETsb5kQY7VGwAubupLKSnYNmjIXJarI2ChyVZBxjunw0WejJZq4V9ks+HHnSQEB1Q07YChuqnHIHdDMVTIQGNyCtFeheeTh6v6j0+nTWSS6dueQh/MatsLsVumJBkzgqa2hY0DS3B7rXXo1H2eX1n1XZYsQ4K93zDz5GZyuNpJzu9uMqxEYb9IwiBzWDURlO+CMDzd3k9VqJZnIgspg36gnObGzHCdNO3cAYUMOMj8Eq0hLk5cyJB27LmpObGTjb90ZseANk5IUmkMDTnhPDRjhPDQE7IxwrKc2ugbWBIaRvsu+IOFVV90igcY2uyfulTtjHsbFb+ibLK1h9vuqOvugkeYoTsNifVRqmtqao4DiGoFNRzyyhrRjuSeAuVqNfte2B6XxPgLdTJSsXBw+NK/J3yp1NQu2LtlMprbgjbOFZx0wbw1cm7UO38j6b43wkNOkoxAUVC0AEhWAgazcDddjja0cYRmu2XPtnk9NRp41rCB6MbcJzNLRnGSE4uABycoLHHOyz8yNaaQXxAdkMvcPddaXZw0co0dLLKQXtGlSNeSStwAZl/0jhSYKbHmKK9tLSN850rOXfqVjGup6fORtkFPhSY7tbGuLci8nuEFE05cB+ay936kklDmROyMqhqblUVOz3nH3UV8wAwtlVGTzGv84nBqPAaesdIXF2+QoTp3HbSntY95GByjiiaG63DZb6tN7PGavys08ReSIGySkaRkd1Jjo4426iMJfM00Qww4Khz1krzgP2W6FcYLg4Vl1t0syJL54ochjs+qiuqtYKiuc4nJKarl1wSMeTr5sOIA5QNRccZROSutYAQSs9k8GyjTO1pIQjO2QpAAwAAma2twOMJjp8jAC519rZ6jTaaNCwh7psY7rkczuMILWPe7jlT6alwQ7usMrG2dSmDfQ1ut3ZObGc7hSg1jW4wFzWwfh3Vd8m5JRXIxsO2cJ+kDbCHqycAJ7RqODsoXv5HMYO/ZE2Awlpa1uo7BRZa6Jvlad1eCTvjWuSc3yglRZK2OLI4JUR76mfZh8v3Raek0OEk/mPYdkTizO75SfB3NRO7IGQjRwO1AuC783TQg5cBhV9Tfo25bEd0Uam+wbNZTXDdJlv5YWAHhRprpSxbF4JWdnulTK768BRJHl+5K016fJzLfMrH+mXtRfYmHELsZ9lXT3OonGC7YqveRkHlPYtEdPtOXd5C23tjpJXynLzlM2S/JODdSdGtIxTuy+R2MokUReeEWCDO7gpbI2sHCco4Mltv6BRU0YGXDcIjiAMAJr3b7IYce4TYxSEpuQ8knum6fddSVhgkkl3BVBjk3cnAGSeyJHE6YlrD5j+y9E6R+H7YY4a+6gPeeBjGVlut2rB0vF+Ku8nbsr6KzpHoCruz4qiqxEx/Ac3O36r27p6x0FjpGRxxNBaNz6p1otMVJC06ANthjgI1wrGwN8oyW9vVYJz3H2TxPiKvGVbK+/wB+wlyubYI/5T9zsAFTt+ZrSTITgldhpZ66oBPHOewCvKelZE0AAbLLOR36632cpqSKCFrGNA23PcogjHc7Lj8kbbAKLU1r4W6WYKztvI7GAtZU01PFlpOs7AdyVXEPlaJKge4CExsjtVVVbn8I9EJ0tRVPEbHEBWC5YFPM7RohGM7ZVnZLM53+81LRv9LTyiWq1iN/jVLdWOAVOrbtT22EvcBtwMqE49kp8kFDDk4GP3WHvnUxme6GH6htnPCiXi+z3XLIZC3JUGGm4c7lC3gzWy3PEGDZFJM7W9x37qfFBK9rW00OrtsjUVulrHiKJh35ONltbLYhbWtcAHOA390udqiMq07k8srbV0xDSsFVUDM7xnHotHRU0j4w6UBjD+HHKlNoyWtnqBpB3AQrhcI4I9TcABc7Uaz1FnX0+iilljpJ6ekHnONtgqeqlmu0ggpAQM4cUqahr7vO6V2BF2cT2Wrt9uipIQyJgz3OFyNRq16OnVpkuiHa7JFRRNDmBzvUrRUtMdiR2RKaiEQEsoB749EX5mEDEIL3DgBca++UuzdGtRO6I4xhxwmMZV1x8KkZhh/EpFDa6irf49Zsw8tVjVVlBZoQ5+ljezRySsjsbYzHpA6a1U9IfFcNTu5KiVFfJK4xUkes5wAO6AJbpf59NPmGnJ9eytYaent7fBbhz8blTcmEk0RWRVDSPHwc9lKbFE3zBgB9V1zhk6j+Sh1teynjJc7SeynYRIlqNPsPVUVdeyZTBSed/Yeqbqr7w4xQksjP4lc2qx0tvw4tEjwOSFYMngqKLpma4SCtu7zg8R+i0dLT09FD4UTA0BElnBxgKtr6+OCIyPkDSFAJLJOkmaznGCqG83+KkDhG/VhUl06hnrCYaYnQOHKuZDK465nZJ9UaWQTtZcK25PDnPLW/0gp0FEcgsZkqdSW18pGlgAVsKWGjYHad1ojEpywVtNQPfgytwEaaalowC3YhDrLqBlkJxsqaeoe85cOUWUiiVX3eSQ6Yn7KokJkcXOO5RSNRyB+isqC1CZofOMZ4CjeACnhpJpnYjblXFDZtgahn7K4prXFDgsCm+FsBjhU7URRyQqahip92BSxg4BC6WY3I2USouFLBy/J9EuUy8E+OA7OxgHuo9Zc6aj/lsJdJ6BVk1XdbhiKkdoh5zwp1BZdAElQ7W/HJWadgWMkV/wDELq3w/wC6aeSO6nW6zx0LACA4+pVlTQNYMBuylmIHTpCROzIaiyLHCeMKRHBnfGFIjg9lIjgzvjCzzswOjEisphzpRY6fzcKW2n2OW7/dFjpsHcLPO0MjR0w28qOym74UplPnHl/dHZT+oSpTbFkTwf8AD+6QhH9P7qwEOPw/uuiL2Qb+RhC+XOQNP7p4gPopZYNlzSfRXnJRG8E+iQh33Urw0vDUIBELcbldELQpGgpaCoQCG42C45vujaVwZJ4UXZCPp090tIOC44HqpDg1oy4gD7rM3nqcRZp7Y/Mv9S0xiW2W1ZcKCgj1zT7/ANKx1xvNXcJ3thldFT9lFeyapl8epkc9x3OTsiAtjAwBstVdeRMpNgmU4aQ4gE+qdI9rBtgpslQcBoCGyNzj5jjK0xWAcHDI558oRGROfthSae3kkEjlWdPRFuNsIpSSDUCrhoHOOSMKxpqNrMbduVPbA1oHlC4cMHCpWeiKAwQNjGyj1lQ2FvCFW1xiwGjcquAq6yUNzgck+ivOeRqhjsBUz1U0mImkjuplJbY2gSyN8x3UqnodG+PzypWkNACNvAxL9A2sa1oaBgBcfpx2Ti4YO6C2Nznb8KoyyQE5/mIAyhaXA5KsG0zCzIG6Y6Jo5aFaKZELARuEms0go8ga1uo8KhuV9cWupra0SSHk54WiqDkZpyx2Ta6tgoo/EkcNu2Vl665VlxLg0mCA9xzhGjpZJGiSvfrlO5bny/miSRgDAAx7LfTTjlmS2eOCDBQxU+C3cnupDQO6JoOBhMlkhgY50zsEdvVbIVmZySEYwRnso0k0UOzCXn0CRlnnIEQ0xcjKJHSxjzNGH+q1QrM9lmSKIpZ/5sg0tPZdY1uThqlubgbqNUzU1JEZJSGMHJK0xqbMF9+1cjHNB5PCpbzf6S1Zw4Pc0bb43VLf+r8l0Vsdsdg/1WQn+Zqn+JPI55PqVsqqOJq9bziBPunUtyuz3F0jmN7AFVJjL+QpdNSODgCzOVa0dnfI7MjMBbq68HKnKV3ZRR0PiHBVvQWmM4c4bhXkNopmNBLM+ylsgijbpawBalFIGNWCuioxCAGtTzGANzwpbw0d1DmfvgBNjHILwgMijyEjsivyTlMkGWpqrZktn6I0nCjuGchSnN3ySolTI2NuokJm1ox2WKPLBFgHflAmc1gy44Cg198p4fLnLsbLP1V3qKrLQ7SE1VNnL1OtrhHOS6q7nS02cPBJCpa2/SSsdHE/YqvdqeSXHJQjHpO4To0tnDs8lOQOWSpmwHzEoIbp5U2np3ynSxpJU+ms5+qdu3ZMVeDLZc7eykBLtmt3RqahqZ+WaAe5V94Nuox52hRaq8xNbin29gi2CVOMe2DhsjG+eeVhxvgJzpKKnwIcAhVs9xqnEb4BQmsfMc5KtQFWXZ4gWE90fjTE4EKGJpXkj13RoKT+oIr6ZrRwAjjHBlnZa3yR9GRlMIYzfZckmZG7TnZRpZ4x9L8lTGRcrEvyDPmaDjCG6do7KO6obtsmuqoNsuKnx5A+X9B/mPQJpqHEfT+6A6eM/S7KGZvZX8Yt3Sb4Jfjkn/1XdTvVQPGdnAC740/aTH5KOsYrXjkmOklzkEgfZc8XbcKHrnz9ey6JXeiCUcAu9+iT40fDiQuPa1w5QPEH9ISyfVCqwPkk+xFm+yGWnCInHhSVTZW5MjBxa7ZEFQ7OTumu5KZrOfpStjLy0SfmMjzDZL+S/wDFlRTjukD6KLKK+TkMIYm7sGPzTXPnGND8ALmrB5T/ABB6KYyWmNFVVg4MikxXKZgA7+xUZwB42QMEbZwr+OLNENROv8WaOh6pnpRoMxb+a2PT/wAU7jQOa1tXkD+rcFeUGM5yiMdjsky0sTsaP6k1mlaxLo+lbT8VrXXiNlY1sch5cDstrbr5a69jRSVzNXoSvj2GulhdqjcWkforW2dWXekqRIKsgDsslmjyeq0X1rultu4Prts9cx+Wva5vZSW3OlaA2qJid6ngr5/sHxkrqBjWVIFQ1vYu3x91vrP8VumLuGx148Av7uwQsk9O4nr9H53T6iOVNJ/o9NidFIMxva4eoOU8sA3BVHbXW6ujE1puDCeRodypxq62nIbNBrH9bUmUXHs7FerUuOyXp910jKFDWQTbF2l3odijY9DlCao2xkLw24wmGMjjZGZ9QRNAc0bYQTeBuEypuVjtd4gdBcqOOYEclu4/NeW9T/BWCYyVFnfp7hi9kDM7BcbAXcBXG6cXwc/V+N0+qjia5Pku89IXqzSOZU0z9Le4CpSJIz5mnC+wq+x2+4ROiq6Vjg4ckDK836m+DtK9j5bW0EHLgw8hbK789njtf9NTqzZRyeGRzB3JRmVE9PI2ammdE8bhzThWl66PuNrmcHwPbj2VPNT1lI0PfGS1a4XZ6PN2aadfE1g9E6U+K1Zby2C+66iPGPEB3C9UobrbbzSsq6GZs0cgzkdl8zxVMMvlPkd6FWNrvFyskwqLZMGO7g8FaadRLOGYbKlI95udkoq9pEkYye+NwsBfLRVWeYskZqYd2vHBCvekviVar6RRV5+Vqo2+YuPlf9lq5YqatYYpomSMcNtQzsulVbk5Gp0yTPImvyCWnH2KnxXSnqaf5G5R64yMB2MlaK+dBS4NVZAC45JYTssJUCRsj4J4zG9hLXNOxBWmE8nJt020fduk3wxfP2V5laNzpO7VWU9xma75W4Rj087VcWm9T2l2n64OHN9lb1tssnU9KJaGdkc2Mjtg+hWhSMUq+Sotl1q7bISx5npXjBi1fT7j0Wmpq+lq49cDjnu1w3Cxj6OttMvgVsfkOzZBuCpVNVPgkEsL9/vynKXAiyvd2belrZqR+uF5afZaqz9SU1RiKsbpPGcLz+hucVX5CNL8cHupzHjVseEZxdb4+Mvvgj1eimqqR3jUMuWHzAA7FayhutsvkHy9W9sFYBggnBXjVq6grqTAD9TR2JWvoqqlu8bZ4naJ275Bwco8o81bRKPLR6BNFJTxCkubWyU7vKJfb0K8/wCsPh62AuudlHl+otG+QtdZuqw9os97a0ucNMUruB91ZGmkoG6tQmpZNiBuB/6K08GffOs8js3U9XbcUtSD5DweV6LYr5FVRtPiDDx68FV/V/R8NxpRX2mNglZ5iAPqHosFHWXGyy+G5j2EHcHZHjcU8TPbGvBGR3T1hOmurhM8RTOznbBWyhqRIduDuglHAqdbiS04jbATQcjKekyipdgJtPKPIfiD8Oam1yv6lsDSadpLqmFo2aPUD9VnbRd3QvbPTvP+Jq+gtJxleQde9Ay2iqffrBERC86poG8A9yF5PzXiYWxcoI+mfSn1PKmSpvkX1ou0dTEJozhw5wdwvU+jeuvEiittzcHEbMkPJHoV86Wy6u8tRSkhzPrZ399lubHeIblH/Ldoe3t3BXyjzPiG28RP0L4P6g3qPJ9Iup4aiESMw5rgqWopprbN48GdBO7VlujuspqN7KK4SamEYDivQnmOqhEsJDmu3Xgr6J6ee2R9B09qthuIdJVNqmam9uR6Ke0qiqopKGT5mlacH6mKZQXOKq8h8r/QpLHNFsDlDI0nICa2VpJCcXahhVgrskU8uryo4xgtIyFWOc+mla8AlrtirCN4xuVaeOQJRyU18oBpE8LTjOCAsfcoPJ40Wz43ashelOYHAg4OfVZLqG0OtsoqohmKU+YY2C26bUbJoz2171hhra62/Ffouu6A6lx4zIPKXDOsYIyPscL8zv7QPwSv3wp6uqaKajIp3f3JaCWubk9/ZfoFVips1RF1FaXObJSnVhhwVO+L/Q1k+P8A8OXVdPHCbvE5uPLhzHY9V6/xWulp7lOJ5TzHiar6vis69f2Z+TTM435RMjsVfdbdI13SV4noKwN+sgaeFmwCN87L6dpr43wU4vs+R+R0ktFb8M+yQyTfGOUdrid8KG3ZHjOOy2xnjg5koh12N2lw9kmnLUNv1lNTFyjlYLunILRupkTzxhVdGcDnKnRu34WiLMNq2mgslQfELSdsKyrXB7cYWdtkxjnbtytE4tc3OeyepZWDk2w2zyV9PII5titG0iam8p5Cx4eWVB+61dpk8aMRgdlpgxN8G1uLTpuR7JnxB2W+isblEXxSNZ2GVn7c6SnumluwJ4WkqnHVjHITnyjnz+2zKPPK4ESkH1QY3AcnlS7u3TM8Y5cVWwkg8rJKPJ1KuYJklgzM3sEyc4P5p47FDlGcJUo8DqW4S3BIpS3BXpHStYJaPUzfAAK8yaRutp0fWN0CNp74cF5PylXLwfSPp7V4ijQ3holjc9zd1Rxu2A9FpaiNrxgjIWYLdFU9gJwCcZXnrOD3dVmTZfDC6/IdTMiMgaJm4yV9BQvJcD6r5WttU2gulPVPB0tdgkL6ctFaK6hgrGtAZKwOG68r5anMtyPW+DvynWXcJyFKj+lQYiAcKXC7SvN2rDPVrgNgpp5KK3BHC5p83KGPYbWSO9vbK+YepKb5Dra40UW0b8SBuPpPfC+pXM3zlfP/AMW7e2j63p66LAMzAXYGxyu/4i7ZZg839QUZpVn9zzjquhLWMqmt3Aw5ZGcHYheo3ulZLQvLm9l5rUx+G8j0K+haHUOa2yPjn1PoY0WKyPsBT1Pgv1aeFqafRX0w04OpuVlAzfOVa2Wt+XqhGT5HbYW6x5Rw9LY09rKm6RuoanOMbrddF3tszWN1bgfsqfqG1iqiM0Y3AyqLpuvfb64ROOBqXP1EMnpfH3Omf9j3V7W1dKWc6hsvP7nTy2+v1DIGd1sbDXtqIG4dnbIUfqS3NlY6ZreRlci2Po9fGScPlRCoajxYmvacHn816V0fdvmabwZHjW0YOTyvG7XVvjmdATgtOwPotfZbi6gropg46DgOXH1Wnz0dnxuqy9zPaaKYggOCtGMa8B2eVQUVVHVwRzw8OAPKtqaUggHsvMamvZLCPWVz3LJYUj3RSjPCtmO1jIVQ0Z0kbKfSS4GCsbeB8ejtxpRU0zoyMnGQs1TRYe6J2xbstfu8Kir7eaet8VrsB4yjhIXZDLwUd5tpq6YhoAczcKqhhc+kY3uNlshTCQDKpJLe6jq3xv8A7uQ5HsfRbq7OTJbTlFLh1PIGuA0nYg8LLdV2dul7mNGCSdh2K3l6t5jp2ytGw5VJLTCupCTgnghdOi/BydTQrI7Tye1TGhq3wu5zuPULMdX0MrHC4R8eIc4W06mtUtrvcdd/wnnS7AVJ1IwVFA4MH4sr0vjtTiayeJ8tomouK9HhnUta6qr8PbgMGFRTAYBC0/WdtNPKKpjNjysuHktyQvfaWxSqR8o1dMq7XuAgnKkMcNkBwI4SG+CStanyZGic1ytbdeZ6MCMkuYOxVNGNgitW2uzgTbBWRwz0G310NZG2RjhnuMqyjdtjC84oa+ajkDo3nHcLW2m+U9aBE86HgdzytSlns4mq0sq1mKL8k52RGHCjteD+aK13sm5OZ7JIfnsixcqKTlFiJBAT4PBWGT43H1UyPfuq+MhSopAAMpuTPNZJehINIXGPAOCjamuAACIA41Gj+pCRGAnOEYiwmxcIiDGiDlGgCTGcqQHY4UZnZHYdgSmoRNZDx8hSWcqEzlSI/pR9CyUOERRxyiDhW0QlR4yMhHURpUhj852RABkRqEDlEaQgACoqDkIoIPCgGAg5RmkEcIKeDhQEOjM+yCisOCjQDDJLgIwuogR8ZGQjNIUVqIw4xkqsFpkpPQchPUTyRrA9JcyF1WUJJJJQg/JSyUxJQg/JTclcTMqECZKZkriYTsVTeC0sj8+6bkoW+vkp+QG7nCpstI68j1CiXG5UlsgMtTNoPI2VJfurLdZw8vl1Fo23XifVfxBuV2qJI46jybgAHYBFlGvTaSeoltRqevfil81G6gtrnNwSC8ckLyepq5al5klcXO9SUOSpc53mGSUwODhwkyng9VptIqYqMVydMpOy63U7YrjIC52VMjhwB5UqdmTsUaacu+gTISSHKZHHk4yuxwn047KbDSPecjAyszmdrS6TL4GQ0xdwOVaUNE7UDhHt1sccEszn3WlobaG4OjGPdR8nodLotvJFt1tyDlmNlfU9DgNPsj0NGGk+TGytI4GjHlSpJo7dFWxYRGpacAYIUoRD0wntYGjIGyiXK7UNth8SafB9FTew1OUa1ulwPqqmKmYfEdjbuvPerOvY6fVRUO5Ozngqm6u69nrpnU9JJ5QMbLF+Z5y4k53ykuw4PkPKx/2qWEqauorZ3zTvzngeia1dERHZcxp5QNnAcs8scCByEnybZA4TXO1JpdgcK08i5SSOvmABHsouNfmI2C6Q6V2cKSyDAG260QjlmS2W4CyDUBspLYi1oOMrrgI8ZTXVEjhpZwFrSME5KI2Sd7CGtxunQwvkcHnsiU1KHjXMN+ykkMiA0haIpmKy3LHMYGNAS5S5TvpTjLKWTn0pZ1JPOVwcKAnUsFc/EjNaHIQ8AdOTyptHbzMQ7T+aLS0PiHUW8eqLUVsdHGQxwBATHwHCGeZdCrK2Kkh8KM4wMHfkrO1MslTJrcduw9EppJJ3Fz3ZycpgByqUshWTzwhzWeyOxjdIQm7Lpn0txhADtywxe1o3IVbXV7WHAGcINbXtYCQTlUs1Q+Z+ouKx3anZ0PrpzywlTWOme45JQCMpqeuVbOU5ZkzVCKiMXRylgpYPoq7G9IJsQNlwjHddjaXZDRlSIaSVxy5uyKNcpdAOfJEa0veMDdWFNRbAzDlHiipox5xuFySXVs0bdlohWl+QErN3B3w4o/oaB9kwlz+y4A4lGawjcBOjBCnLAPBK6n6QO2U3BTYxwUNwEzBzlSNDvRM0eyMI4OEk8Mz2TmM83CpvBFzwdgiL3jZXNPGGMGyjUrGsA2VnR001XKIomZzysN08nrPEaL44pLtlx0tYnXOoEpjJaHYC9u6YsLKNgdKPpGyzfRNhFHTRF7MYGo/dbqAkH0CxzeEfVfD+P+CtSkuSbpB4Oy6HsYfO7C4zjdJ7GStLH91isnyenrjtjklwSMmH8t2UZUGqotNQHsJc0/phXMFXFUxiSM88j0KXwxldinw+wmSlkriSE0Yz0JKV4Y3JIx6pkkgY3O2PVecdeddeCDbrYS542e5p7qCtTqY6eOWF6665bAyS2W+TMh21N7Fed0sM1TKZZXZcd3H3SpqWavldNNkuO5JWjtlpMbWuc0DPCfCG48hqdRO+TlJkegteohxatBR0DWYO3CNBStaweUABFAaM4WuEdpkUUPbC1gwEMuA7JxcScIrIinBRhkZFl5xhHbGF0ARjhN1tGSSoM2DgMLks8UIzI7ChVVw8Mlsbtwq189RUHSQpKWCEusurnO005wq8eLK8ukJKPFDg6nNRwxo4CDO4BxyDhiDRuFLjDQhjA4XN+yhTD+PowAEN7i7krjnBoJJ2Cr6u5xR8Hce6MXKaROaXck8Jk0+BjCo57vMdmnA+6hyVdQ5270WRTswXc1xaw4cf0UcXB25B5VS6cYBccofz0ZwOFUpYFymZXxH+pXNR9FK+XPonNp91vbSPikPGb/RHiaecI4ACkMp8Yw1FbSOPKW7Ujq6fxU2sYIRY4kDC62B7iNlYso8YJCMyBoAy0bJUr8nSp8Jn8iCyjdgHGEVtPjGQpfhdsJ4hHOFnnc2dbT+JhAA2EAYRPDGMIojIRm07nY2/NIcm+zpV6SMelgjtj7AJ4iHPCktgdkEongxcyDhBKeDXGjCIYj1cbrohJOFJlqqGBn1AEKpqL/FGS2EjKrOSt0IfkWbKXUAXD7rsslJTAOJDT91m5+oK1/lidpBUX/fa075eky5Irl/QaCfqCkg2aOO+VUVnUk1SwxQ534TI7JVSnLxgd9lZ0djpmEFzd++yTJZYanbPsoGtuFbjUFJhsNS8hz+PstPHS0tOMtaMgJpqmxjYZU+OUukSX7ZX0ljhjwXNBP2VjHS01NuxgyEE17WnfuolRW529fdNhp2zPLVVw9lhJVNbxjZRZKxvbCrJa0nuor6pzthutVelyc/V+UrqjlzSLOWv7asKBNW+6YymrZztEcHup0FjLyDUjHstK0qR5HWfVKhLEOStfVzvdiM8+yNDR1UuNcZwVoKW108A1NaD9wpegNGwCbGpRPLazzupvbwyljs8IAc4HKkspREPKFNLRwuODQPdPUV7OYrZ2czZGLRxhcIGE6RwBUSeraG4IQyaiRLIp5A04GCoM1TnyhBmqJZHYYcZShpnEhziktuQ6P2nDrkPCPBAQQSEeKmwAS1GbGAAeEUYlTlg4yIbZCINlwu9kN8wbu7YK8illsI4j1Uaoq2Rs8xACh113gjbpad8bKhmqaqokOMlpKy3XxiuTdpNBbq5bYIn3K6jSY6d255VM6KWpkD3EnPdS2UT5cFzeVaUVDpwSB91xdTq3LhH0fw30mq4qdqINLbztqB/VWtHSaONhzypTKRowQ3hSxC0AdlyZ2ZZ7/R6CNMcRQOGJrQNlI0MahkYBTZCBtlJcmdOMdqCSb8IBk07YTHztjbku37e65FDNUyAHjkqks9gSt9IJ4heeUeGjkl3GwUqnoIo263hQLl1HQ23yk7jjdMhVkRZqYVrNjwTfAERGsjblVVz6shpJDDC4HHfKyl26sqq6Y+BK5jTyAqaSQzODnO3WiFDZ57Wec2y21lzX32rrpDqldpztgqCXYBJO6jsYDhF8IPIzwt9Gn/Z5XW+Usm9+RmdZw1uUWGm21yDcpa6enBzsVGqLp4gLWuz9lujVGPR523VWXP7nwSZHRQM1d+wCgy3CeVpYdgUNz3vHJTAMJu1IQkCJyclcwfVOIA7piBprotI4uHhcfvuCgOlOQMIZPgdGIYcldeduUxh23TXk+q511nJ3tHWlHItTycKTBASQ4lBiAzkqU17QAAVhm9zO7VGPsOxjG4RPFw3GFFD+4PHuuiYnygJahk1qyMV9oYzEuxhJpLu6F31YQ31bY2nfBHdGqsgS1KX5E0YjGpw2UapukEA0sdlxVdUXB9RmNjtu+EyGnjJDnjJTY0sx3eQS/Fkv5irqyAwksPujx0wjw6Q/dA+Zjp4vLsewUSorqiUY17eiY9O2YrfJKPfLLSWspaVuGyZcq+W6VEuWhw0qC4l5y45K61Mq03JzrvJWWcLodJNJKcvdug4HoiYKGtCoSMUr5WPLEknpJirSIhhGUgMJ4GTgIkUReUSrI3gEGknAClxUoGHHlHgpWjsnkYGE1RM07MjGtDRgLpO2E0kE4SRxQL57BkEldxhOwE1WV0NTkkw+ypvAxvA9GpKGruEogo49byjWu2VF1qW0tO0lzjuccL1jpzpihsVOBhss7tySNwst1yhweh8P4a3yD3S4gQukOjYrRHFWVcTHzn1Gd16Tbra3y1E7QMfQ1K0WsRsFXVtG4yxn+qk11SIItY98Bc623J9e8b42rQUqFaO19bHTR4b9R2AHdVUBmrp/P8AmmU9NU3GoySRk5z2AV9FRw0kbQBv3WVzz0dqusVNTtphhpynl2BjK4SAFDqKlrMhIk89GjG0dUVLm5DCoJmYMySnJB2CU0pzk75TaenfNIGt3z+ypIAZIZqtzWNGGlX1qtcUJEkmHEDb2912joI6U6nlrttvRV3UHUkNFEYYTv3IVi28Eq/X2ktoIY4PI7BYKsrqi5TGSQnHYZTHyz18zpZXZ1cD0U2jpAActVdCpSc+ERqamORkbq+tVkluEgjj8oHJwrKw9OSVDmPki2O+/C2NHb4aUARt0++FkuuVaNOm0zk8kOitUVDG2OJm45OOVN/u8YxlMqbkIpDBRO1v7IOTENT/ADSO3cVx9Rrc8HZo0mBtbXSMbh7s54CHTWx1xAkqciMHOOMqVRWt8rvm61xwd2t9laU9LLVS+HEP5Z21LlW6nJ0oU7RtLCWtbBTxDSNshXUFMKeFvi7HuSnxU0FshwDuNz6lPp7dVXF5mrRohP0t7lc+23JojHANgq7h/JpYz4Z2Ls9lb0FrgpYw0NBI5JR2tpLfSbHww391mK29XC+VptVgZlrR/MlJ8oCyt5DwT7p1Myme+goMSSu22KFbumq24N/iF9kDdOC1h4wrGxdNW2xxfOVpFRUu4zzqU98s1UQJXfy/6UttFrd6F4kQiEFFEI8DGoDsgu0x+d5zg7ldnmiphvjceqqZ6ie5O+Vozpz9bjwAh5yE1hcj6+5M8XTT+Z52DfVNorBU1MorLi7SD9LVY2600lE0PeBLIPxEKVUVDQB6BMQLbkOEUFOzETA3bsorptOSRsVGr7gyljLnu3HAzuVmLhe6irZ4bcsCYTGC0uPULIHmOI5I9FnKmomqpHPlfkHt6IYic4jO5Ks6G1yPcDINj2RRjnsjZXU1OXOy1nHor6it4bG18zdzwFJjoYYGhzWjZV9wu3gkxwHOOSnpYFTJs00NDCTnfsPdZ+tus8zi1rtlFqq6epOHOQY2Fyty9CsjiXPOc7lEhgdK4AjZSaake8jIVtS0LY8OLUEm1yGRqK2RY1FgyFaQwMYRhqdG1jBgBLUAcoZSbQSiHLWtAxuiBuRlDhaZIw5PeSBgDKzuT9hbSuuzax2mKkeACPMoFJYXPnE9TJqI7eitpI5XPzg+nKkUIaZBE76iqbeCOIoaMMHlACmRQk42UmKkJxspccIGMtWSyzaNjEixU3spTKc5yQpEdPxlv7qVHTYI2ws7uGbUQ2U230/llHjpt+FMZTjH0/upDIN84Sp2OReUiE2Ag7t2+6MyEbFTBDgcJzYUmUiN4Asi3Awith2R2R7BE0DSqyKcyJ4Q9V3wUfQc50/uiNYMKZRWSL8uVz5fG6l7eiW3opksjeGPT90vDHojEA9ksBWUA8M+ibgKXpGOFGPdx2HqjSyMQ3GN1BuFxgoI/EfjPplQbvf4WNNPSP1OPJCzk0sk5zK4n7rTXU+wZPArjdKuvLix5Yx3ByobY2tIcQCUVxa0KPrc4loHK11wBXI58gAwGqPlzzwpMdM92/OVY0dsccFwCeopcEwisho3PIyMZVpTWwNwX/rhWUFBHGNwCVIhi2VOW3omCNDRNa3jZGMLWlSA0AbbIU7wBsP3Q72xiAvOn3VZWVwzoYPzTay4ZJiiz6EoFPSvldqd90UVktLJFZSz1E2oknO+/GFZ09O2EYwpEEAiH04RDho5TMDlDI3DWjPooszidm7o4zO/S1uw5R4qWNo2G/qoRtRIUNLqAfL+QR/BYBspDm6UIyAZzgY9VaWQXLAPTjOFX19xhpWa3kEj8OeUGvuxc8xUuSRtkdyoTaYOe2erGt491qpqcmZ5WLor5Za+7uL3F0MBPlbndc+WipR/LaM9ypr5Wsy1o2UR8mrtwunTQkZLGCOXuydihyu8NuTwm1E7WDY79hlRo21lS7Dxpb7rVCDRjtlk6+uIOmDd/ok6kfJI2eqIJ7AdlJipWRYOBq9UXGd1shHJknJkcRBowNguhuN+3qnyu8MZJGPdYvqLrLS91HQEkt2c4cFbK6zFqNQqottllfepaW26g3zuHG6wV0vFdeXnx5XBh4AKjl9RXTulmdqJ7HspApHDTpat1dJ57UaydxCjoNWNlOpbZLK4BrFZ0Nrmc0O0jAVxTwiJoaGgLSq1EyKOeyuoLM1gBmbxwrIRNa3AHCMxurOU15aAcJkUscDYwUQL9LQocr2HZpzhFndvhQ35cdm90+MciJ2KPA18pdlDLdQweyLggZPCj1FdT0+NTx+a1QgYb7owjmTGOb3UWqqoKcDxXgKlvnVcbGOgpeeMhZOpu1XVDTK84+60RqycHU+Xqh+PJorr1PA1zmUri4jbKzVddKqq21nBQXEHsuiIuI/6J8dP7PP6jyMrZZyRTrccuOSugEcqyjofFxhqnQWhgAdUAYTY14OfO3eUsMD5ThrSrOms7cA1GwKmVNVRUcPlwXDgAbqjqbtUTjTkgegKbGOBKmWNRLbqF/hscCR3VZXXx8o0xOyAgCjmqnAkEgqXHaadgGpmT3UcAZOT6KoOq6p3dyLFaqhzgXt0hWhfTUjRqc1mO6hV/UtNHFpZKXn0AwhSQG+MfzYeG3wsH87DsLs9Xa6NupgBKzUt/qJiWt2B91FL5JvOQTkqZwBZqUvwLurvlPv4TN/ZVk1wqZPxYBUMtxuU5VkySvlPsM6aR/1FByknq+xMm0+QZLjymlpPZE8q7gJgSQIMwcgJ4bjsnEgIfiMG2UqViQtIJhqWQBsgeK31KXjN9Ur5kHtbD6t+FzZC8do2wuGRp2yorM9k2tB8j1SUcSb5yl4uo8I8k2hk9RvH9k8zA9lWUisMeuYCYXt9UtQPdV2Fgfp91wtz3TktQBUwimhnhnkBNLSj6h6LnlUlDJRHbqzuU4bJ+Bnld0nGUO1kwM8RuMaUzTg7Y/VdMZCb4bvVQZlDXNLT6pbjg8IqSrbkBCZOYXA/qrCmusAI07FVzmEhB8MDJSnUm8munVzqfBtLP1Vdbc9z7fWPic7G7XEcL0bpz423Ci8OC+QeNHwZGnf9F4SyWdnmjkxpUulutRnEpBA7FZ7dPHB6LQfUGo08k1I+r7F1/wBFdROaHVfgyO4Djpd+i1jqO4UwD6I/MQuGpu/ZfG9LdoPFaY5dDvUHC3fTXxH6j6akbPQVvix/93L5h/mufZpmnwew0n1RGfM1z/Y+joq1rjonY6J/+IYUuKTVu0Zz6LA9P/G/py+iOk6lgZSzO2LsbE+xW8hoqSqphV9OXAyB4yADqCy2VtHsNH5GN8U8h84OCE9pHogA1lO1v8RhbHnbVxlSAA4ZByCl7DqQmprKGkdwEgPZEAwkhy0XhPgo7507bLvHoqaZuSPqA3XmXU3wpqIQ+e0F043Jjcc5+wXs8jQ7lDY0NKdXe49nP1fjaNTDDjyfJV16efTzOjqKV9PI04IIwqp9NVUxx9TAvrW+9LWe/RFlbRsLz+MAB36ryXqT4UXW1PkqbcW1dPuQwDzNC1wt3HjNd9PWUx3VLJ5NG8A6mt0u9RsVt+l/iPU26JlDdQ6SNmzZR9QHuqCttbGucDGY5Gkhw4wVAfCGgeXccrZXqJRfB5e3SJ/msH0Da7wytp2VNNKJGOGRgqDfekLb1DmpiAiqnDGW7ZPuvGbNf7rYKls1FOfCP95E47O/9V6z0l1ra+oYGxR1LKetaP5kD9n+2g9/2XSr1PHJzNTov0ecXiz3Kx1T6S405YAfK/GxCqPmqi3yeNA5ze4LeF9A1UNtvEQprnTNkBGkOIyV5n1p8Orv04Za+2xtq7YPOW48zB6LbCzJwb9JLtES332ivNO1kob4mMOY7fdQKqy1FO901G7WzOdB5Czb46erHj2yVzZW7lrdnBT7T1lPSOFHemnLdhIByFohZnhmJxxwy1oXl51ZLXsO44IWgpapsjRk7jlQZKWlqo/n7dI2QPGX6V2CJzCCR2WhSFOtT4ZdxzPBDozwrSkrXsIlp5Sxw5wcKhppdA826M+Rww6MkH2KvcZNT46FkMJHoltvMF1YKStAjmaPK/OMn/qtVYupprU4Wy5jxKR/la48tXjdFdXFwZUyAEcEbLUUl0mlhYyR7pG48pd2TEzyOs0EqHyexOJpwJ6QiankGcA8Ki6h6Xpr5TOqKcAPAyRjcFUXT3VM1rHgz5mgP4e4+y0kFyjlm/iNql1tP97CecfZNi8HM2uDyjyeqpK6x1pDg4aStf0t1frkbS1L8O2AJ7+y019tFBfKQzwRjxHDcdwV5ZdrTUWydxDXDB2xthMf3jFixYZ7hTz6gByCpwaBg+q8r6L6316bbcpAHDZkhPPsV6RQ1jThkjtQP0nKROOBFtTjLCLLSCMcKNPBHPGYpWhzXDBBCktdqXSM434WOS9MFNrldnivXPQ9x6ZnHUdhaZqPUXVlOxu5/wAY/fZVVBVOnpo77aHnB3fGDuPVe9TQRzMMUrQ5rxggheM9XdJ1fQldN1FZ4i62ykGqiHDfcBeY8n4tTi5Vrs+kfTP1TKuUaL3ho1vTl+p71Tgx+WWMeZp5yvQ+lusHUL20VY/XGdgSeF4NBMGiLqPp+UmCTBe0fuMLZ2i8U10hE0T8OH1NPLSvlfmfEZz9p+hfAedVkFFyPf8AxIqmNs0RDmuHIVZV0Rjf8zTggg5ICyPSnVUlG4UdW/VGdgSt8x8c8YkjeC1w2IXgNRRLTy2yPoFFsbYJp5AUNxbM4ROBa8evdWTXqiq6N0Uhng8r+QeykW24tnPhud/Nb9TT39wlZHp4Ln6uybFKYn+G4+Un9Exr9s45XJmCQYUfQRZRvzhPqqaOvo5KZ4BJb5T7qvo3uxoceOFPYSPyQxlteRMo5MNUUTqKSSkq2eSXLQTwqW03Cu+G17NwYx81uqhpnY08NzyF6Rd7ZHcoCC0eI0be6yclG27UdRZa+MCRjTpB5C7Gh1TjLLEW1Qtg4yR45/au+BdN1RZX9XdMUkUpewucIhjLvX2Pqvz2u9trLNVvoq2JzXtJG4xwv1c6JusVprZfh31awyUVVhlNJIMt3zt7dl8uf2qv7Pr7XXVF0oaQOBBfBOzh3r+fC9/4Pyvxy2T69HgPqLw68hU3/wDVh1/dHx4HhHjdg8IDo3xPdDKCHMOlwPqERvde7jYprKPlM4OHZJY7bhObygBw3RmkFaYvIh8k2lk0bKeyQH81VMcA4KdAMgHV+S0RfBjtWSyp5dDmkLQQSGSFrs8hZmIcbq2oqgNiDD2ToPk51seQc+WTE+6ubHWETty7AIwqirw45T6SYw6cHBBT65CJw3Rwaqoc6KqbONt8rUO0y07J2HLXNCysmKihZMDkgK+tE/iW3T/SFpUuOTk3JJmSvjcVDjj8RVSDjOyvr+zyvON8lZ8HCVYdDTPdAKTnsmuGQu+4KXYpTeEaMegLnYJ3Wh6TqtM43G7lmpsjceil2WpMUzSSRg5XB8hVuTken8HqlXPaz11jiRqKpbtTGGcTsGxU22VZnpWOducDKV0jdLBkD6TuvJ3wPp+ms3RUimkcCM+m4Xv3wzuv8Q6ep4/Ez4TQF4AGjBGV6B8ILxPS3SS36i6J2+PRcDyNe+ts9D4m747f8nvUJI2UyHlV0T26uVMhIwF461cnvYy3IntOy6hMOe6ICAEoeOyMYPC8h+OVscKaiucDMeDJgEdwexXrqx3xUt5uHSVU1rdRjaXDbcFbtDb8dqZz/JVfNQ4njhiFVQN1tBcWrz3qugbSzMexunUSCt5YpXyUTWyHJAAKreq7c2opX+QFw8zSvdaHU4mj5z5vRfyNLJ4zg80z2ATGSuheHg8I8sbo3kYQJsYC9LFKSyfK5N1Swja2mojrqMMeQSW4WQv1C+315kaMAnOVJsdwdBOIi7Azsry/0TLhReOwZcBykXQO/pbPkgsdkvoe9HyxPfkjbdeiva2rptPORsvC7HWvoK0AnGDuF7B03dGVsAaXAHHquTqIbeT1njtR81W1mYvlA+21gnYMAlWdsrRVwtI+pqvOorOKyjMjRuAsPQ1brfV+DJxnC500pnUqm6XwexdDX4Ry/J1DstePLk8FegtmEeHAZXh9tqdGHsPODlem2K7OrKdsMpGQ3IXnNfpcPcj1vjtU3DEjbU0zJo8sPHI9FNheMgrO0Mxp378OVvHIHEEnC4lkGuzuVyTReQEPbyMplZBHNFhwyRwfRBpXbBwKljzBZ1LHAyUSnEWl2nPCFW0jpWa2jOnfCsJowyU7bHcJrm69s4ToWNCJRyilfTunpzTyN2IxkrGzwTWmvMUoxHJsD2z6r0iWnI3GFnOqbX83ReLGzzxHOy2038mK2r2YfqCysvNHK1oAc0ZG3deZCBwfNQ1Ddxloz2IXrdDKY6pkMm7ZPKc9ist1xYjbq8V0TPI874Hdd7RajDPPeQ0fyZkeK9VWb5mjmp3M/mRkkLyCaF9PM+F4wWnC+jOsKEmF1wib5XMDSB6rxbrG0ugkbWxs8r9nY7Fe98XrN8VBny76i8U4f6la6My4NOT3QG51bJ7iM8pq9BF/o8RhkiN5wM91Ia72UVhznKK0haYWYFSWQzSQeUWNxBBBwVGyOxT8rXCxsTg1to6h+mnqfsDlaWKoil/u3asry9j3MOQrm03+WkAjly5vqtEJ5OZqdFnNlZ6Ax2VKDWkZyFS2+60lUwBsoD/cqzjeRvyFoTOS4Sh+SwSmkggZUlhOyhCTg4R2TZwMJ8WxMopk1sjtipMchIAyq9sgP5osTsHcpq/YicSxBypMHOMcqtEzmtGBukysqo3jWMBMM7jkvBHtnhEHKgU1yikAa7YqfEWyjIRlYDMI0gImfRRgCDgorTluSmRlgVLokNR4+6itRQcJhnfZLaitIUdrgc7p5O/KsolDlHjIwBlRG8cog5RssmDhOyVGY7BAJRmuGOVQmSyHDnOIGVIaMjlRQcHKMyQYwoL67DojSQdkDITshXnJZNBGOU4HCigkHlSGuGOVTWBTWAweQnA57IAkycYT9YV5/YOP0HyF3Pug6vddB33KsoM1xzypIII5UQcLuT6qmWngkgnPKIDtuVFRclTovsKkmZCWQq3FYHpJmRnGQmySMjaS5wH5q8kwSNj3QsYVXUXumpjhzsk8YSgqa+4kGnizGe5VSkl2TosH1DQdOyTA53bnhRagUFoY2uvdQI2N7BebdWfGShglkhsrniPgZwl/IaKdLbe8QR6JdLvR2gO+blDXNGcZXlvVPxUaHSR0kxydtivOb31pdr1K8y1T9LvdZ8uc9xcXEk+qCViid7SeMcebCxvHUtyukrjNUO0k8ZVVGSN0/QSiRwuceEDuOzp9I0/sQzQXY2UiKE845R4IMkZGVLZSk4w3CRK3LO1p9I0+QMUPGGqYyD0CPT0TjjbZWlLbnEg4x7pcp7ju6fRSlwQqW3l/4Vd0Fr3B0kKXQW04+kBaCgtxGNkB39JoYR7IlDawzHlVzS0ekgqVT0gYBsFJih48qM6caFFcA4oWx9kUENBJOAO6FV1EdLGXveAewyvPOrevzBTyUlNJ5++kpcrFEG3UQ08MyNJ1F1lS2uCVjHjVxzyvIb91PX3mQgzODeyq6y41lxm8Wpk1eg9EyKJ7jnCROeTzWq8hbqFsT+0ayMkg4ySpTIsYJanwRgDJHCbPUMxpAxhAc7alydfIIxjYqO5xkOcYTd5Hd0YMEYBPJUFZwDPlCHoLz6I4aXnYIga1nIytFcBc54QJkYGDhKR3hjYokszYwNvyUTLqh+2wHJWuEDm33nMyzOwTspMMON12KEBEG23qtFcDnWW7uBzZCMABEa0nBcOFxrODj80UHHZaoxETlg6BhNT03BRgDQDnJTxwlgLo3VEOBmVMpqck68LlLTuleABgDkqRV1ENPDoGAR+6g6MG+fR2arjpICSRvwAVRVMzpZC89906oqDOc42QyMqmSbzwNwCnYC6hPe0DB2S28LLBUXLoc+TwxsqivrsgsGEy4XIOcYos+hKqwXHklc7U6vHETZTVLtnZpHSOySmAJLoBK50puXLNkYqJxPGy7o9kSGIvcAP1UUWwdyQ0NBCPDSuefoyCpMdLGAC5uTyiOkbG0BjU+MMci5zzwhjaeKADAwU18pGwamyOdIeDv7pzGbAYRx3dIDI3LnnJCKxu/CfEzB3GUYMDsYbjCbGLzyLbRxrBgFdw0ooaQlgp6QMp4A6R/V+y4GNBzlSNPuljHdECrMjNIxhMMQzs390QuDeUJ87RsqbS5GJNrgdjT2x+adTsJOR3UUyiQ4zhTqZzRGG4WK7UJcI7HjNDK2e6ZLiGcNxuvU+hunmiJtQYgRkHLljukrKa6YTSREgnDche2WK3CnpGxNaAGjf7rBO3cz6p4LxMXNWWLon0kIjADRyrKJuAMBBggI5GymkCJo8uchZ7LT3VVeBDyhJpOchDOXO4UhoDWg4WafLNS4R18QmbpcNim09MynJ0I7XeyR3Q5KWE8hGkJssjY25fx3UWScQsLi7hYDrPrOVwNuoZdTuHEFGlkq/Vw00MsZ1l10TrtVocQASC4HhY6hoZ6lxnmd5nb790+npJKgeI4AEnfPK0tDbS3c44WiunceUv1Er5uUgdNaWsYwNI9VcMhDQ3bfCdHG1jRnGwSDvZaYQURBzgbJmHE4RERrQ1wLgjIJkDjgkI5kbG3cA/mhmpjYMFVlXco4suyXEHhGTOCwkqAMhVs9c5zixvrvhVxraiomJa7AUmCJzgCUG5luWOhFpc8vPdPa3A2RBFjA/dO0tbypnJXYwnKI7BGCcIc07Yhk4UGoucbgQ3kKidE58zISS9yg1N3YBpidgqumkqJznXgeiGIz3AVOW0VJuQaasqJhgyED2UZzScknKOyFz9gEVtDIfrGyLIv43JlbI/V7YQXSEjAard1uh/pJ/NOZb2DBa0K8l/A8FG6Ook2a3CH8nOPrC0D6URjYYwoNXIyIanfkglPAD02Ss+Xb6JzadoKkYylgrVKbaPLQ0kF0jjKcAbNTgwBPDCUVsR7hJlI1wpX6BBm+AnCNyMIz3RmtY3c4CS55NCrUeyN4Wfw5RGQEEFNqbhRwj6wSOypqzqhjPLCMFC3+yfLCBoHQtYA4jAQZrlQ0w80gOPdZWa7XOuAY2Qlp9NlxlpqKlwMxcM98lLlyT5JT/BFvVdTUxJbTO3VXUXStqMhmd/dTKbpyNuHasqwitNPEMuAOPcoN2QZV2v8ngzJpblVnzvICm0linJHiPBGPRaEmmhGCAPuEN1UG7xgD7BXslLpAv4o8zeQMNkpYmh0ilRMoqb6SG4UKWslccE5UWSVzzk9kSoln7gXqKYfiW76uPGIyCob62XPIwobp9IGyFJUZ35/NaI6VGe3XpdsnGudpxtn0UWSpdkkqKBUTHETCVIZaq2fHi/T9lohp9vR5/WfUNFOU55BPq9R2IQ3sqp8NjjJBVtBYoGYe4Zd7qxihbCMNbsmqtL0eR1n1NOX4Gfgs1VMQX+UFWcFmp6fDz9X2Vk0nnGMJxGUxRSPNX6+zUyzKQNkbWN0tGy7jK6kiM2W+RiSS45waMlUHyzgIwd1Hnka0crks+hpwqiprdRxlLc8DoxbCz1e/IUF73SkhdijfO/IBUyKj04OEtvcNztI8dMXEEhTYIWtxkIzImho8q6QGjhRPALk5dDhGABjsmkYGcoNRXNgBc7hU1ZeXP2gdjCk7FEbTRO54iifXV7adpcfy91nqq51FUdI8oXXmpqjh7sqVR23S4Pduf8lz9Rq4w6PZeJ+mJXyUrUQmU0kjgXtyT6qfTUBbp2wrOGja1oOgfqpDI9IGGhcXUanez6Z4zwFGlWXEhspB3apbKUAZGykBrRwF04xhYpybR6CMEuAIaGp6YW+pUeeck6QEna2xrSgHklbGOcqJ4jqjPhjIHJT46SoqBk7BToooaWIANAxyUcazPZNvldAKeibKczNyRuAiVNdS2+nc97wzTws9fOtaK3FzKN5fKNgR2XnlyvFwuz3fMTODCdgDha69PuPN6/z9Gj+2v7pGrv/wAQ5ZM0tukyB9RWSkudRWyl07ifzUFsRzsMZR2Q4wVsr0+Dxes8vfqJbpMnQvLlJYC7AyosLPD3IRfmNA8o3WuFSRyrNVOb4J7XCJuXIMlYCMDhQnTyykNJwESJhIBKdGG0XKcprke97pzlw4QwwN7cIwLWoMsu2AEb4EnfFaNsJhmBGMIf1HJQ0veQ6XElNO66uHdDJ8BRjkaTyUEuBO/ZJ8gYfVRpZjnYLPZyjZSsEkTLok3CiBzsojXYG4WV17+TpU6hQWCY14xsl4hxhRQ4gp4lwNmoPhNf81dIktee6I2aFn1uUA1GMjGEBz3SHfsijRkCzXOH4k2e5HdsIwobZJ5SQ85CcyEkjZHETcAYToaf9mC7WWWcNg44wzcjdFLgNhuu6UF5LD90+NaiZXOTOPcXnftwhJ6a3Yo3BF9i0k9k6M4KfkEDZN0+6tRwQLgaVGPKe54xsUE7qBJZH5CSG3JPKmQU7n78K0sgzltGQQl5GynxQiPGQnRQCMbjCc9wI0gcJsY4M7s3dDxpa0gEKM7uul2/KSsgHzakT8K7gJHhVjBWAZ5XF13K5jfKFvBTESrCyWSsvlWKelGG/if2CbarTNdZvBiGAOTherdOWWGghZb7bBsfqceSfusd92OEek8J4SzyNinYvsO2C001kpTT03mc7Gt5GMkLc2WxNAbXVzcu9MbKV030pBAxtRUgGUDLj2J/9Ee/3yC2wGCEj0OAuVfe5M+w6LxtWngljhdHK650lM0RjBONgFT08dZXVZPLHfsg26mnudR4zxsN8ngBaOCJsYw0AFKcso6sY56BU9K2mBaD+a7I8uTpXDGT2UCpqOzQgi+TVHCQ+epLQQMKE7XM5d0ukcFMpqXjI3VYKb3AmUhkwSPyVpR08dO3UWjPO5XaeFsfmeBx+izvUXUMe9JSk7ZBIOymBUrNpJv/AFGxjTS0hy7guBWTxLWyZeTv3TqeJ9QcnfJ3VvSW8N05buo3gBJzZGpbaA3OFrunOlHVOKic6WN4BHKldP8ATT3FtRUgaTuG+gWmqqultFNkYGBsB3WDUajHBsp03OQ2mjt1CQcM0/uqCorbhepnUNvAc1v1u9FFijuvVlUImO0044cDhaLTS2GI2q3Na+oxlzuSSuHrNWdnS6XBEbBBaIGQBmupdsW4yco0FHpInqm5edzhSKGifCHVdadU8nGeylU9NNX1AiYwhuckri2XuTOnXWoHaWGStla2NvkHJ7AK6jomQtDYhg+qlQU0VPG2GJgGOfcqVHEGYJHPdZLLMjcAqakjP8yZoc/1KbcrnS2uHxKiTTn6QoN66korWC0nLhwPVUFDb7n1RP8AN3BhZTu+kHsFncmyJ4D6bx1XVCGCXRTjcvHGFp7XbaOyRmOmYNTvqdjclSKaGC20jaOkiDRjBPcpjTg6nHlBOWByW4c8Plk1v39PZR57lDSjSSC4dlFuFyLXeDS5cTtkeqLRWjJbVVbtUndAssk1hESnp6u4zeNVNxGfwlW8UEVO3TEwDHoivcG4a1uyh1NQ2AZecD3RxeAO2SJZ9PZUdyvccLtIGSPdRLlfC55ig3xsTlU8hdK7JOco85GqKOVdXLVT+I52R2CJTUE1QR4Y5Vla7EalwdIPc+wWnpLVS0wGBx3TRc8eiittjELxNUDURwOynTy0tM0BwDSu3m+UlAC1pDtPusRcLxU1sur6R6JiFFjdr94pNPTjGOTlVAkcRg7oQdq8x5RYo3SHDRlMQAgCTgKyobe8uDnNwVKtFme8iaUDcZA9FdOhigYBpAwhcsAkKCiZG0Z7IjiAMBMlqMO0gJrMloOP3VZGKA4vIQtZ9UnADuhgFzsZ7oE0MXBZ0FTGf5L9s8H3VlHSA+bPKrKKmOoHHCuInODWjCz2SDjhgnUrBtpyqlkng3qNuwB2wrmpcdsDddtXTviTfP1m7ictB7BIlYkU1ktY6f1b+6kR0+dwFIjgH0gZ91Ijg74wsNtmWEljgjxQEH6f3UmOLvpx+aNHD/h/dSI4gBu3dIlLJJT2gGQc5b+6M2LT2RxHjsnmM+irIlzbAhm3C7p9kYMz2TgwA5wlSk2HnK5BCMjgLikgDSgFrsnZA8kQ3G+UkbBSU5JkCkkkrXJbeDmn3S0+6cq65XeC3AiYZPYeq0Vwcig9ZUxUkRklcA3Cx916iqa3XTUrtMA/H7IFzuVTc3eZ5ZHnOkHlV0j2xNwFtrpLlLAxmGnOc+5SklDQGhRpZ8njC6wF+Od1rjHaCOdqedlJpaNxcCRjKl0drlc5pcB6q5hoGxgYARZwWlkr4KDADsb/AHVlFAGtAxwjsiaMeVSmRtAG2FSm2E4kVkWdsJ4YMIpaGg77BQauqAGAopbgthypkbHkhwVJW1sha6NjgMncolZO57tiUGkpHTZke3ue6KCRFFsBT0plcCW/urWGmEYGyfDCIxsxFd5gABjCY5bRsY4GP8gwN8oLYnS87Ka2Evxq3RvAY0Dyqs8ByljgjMjYGhrW4wnbMG5CdK9sIye6qqiua4lsfmRqOTLKWex9XXxxnGdwFSzGrrZSXOLWf5o7aVz5DLPlxPHsn1U0VNFl23oPVa668i7J54Ihp4aYAjGVGqJi8aQmVFU6U7KG6oDTh3bddKivBlcmxz38uc7hQ5ah0n8unGpxXCyWtnyG4h/zUyOmZCRobghb64meywixWzS4SVLS5/3UxjWtbpA4RidXPZDd5cZ7rRGGTLY/YxzQO6h3Cvp7fD4kzh9vVRb3f6S2hx1ai0cepWAulzrL1Lre8sb2aDthbKasvJyNXrPj6CX7qWruU7oqWV8dODgAHlVUVKHAOeM53RoKMZGcKypqHWBkYC3wqPPTc7p5kyHDQ6iPCZ91a01CxuHPbupNLC2NugNClMhDdyFpWIoKNeOwDIi04aP3RtLWtBJ/JOL2xjGMqO97nnKNNsjikJ8mnYKNI93c5RScocukDLnYCbGDkLslxkE52rsgOlgh/vX4Ue53mhoI9UkoJ7Ad1g771RLXB0cOpm+M5W6nTuXZwvI+Tp0sct8mgvfV1PRxvigIJ9crF3K8VVweXueWg9gVWue5317ojQSNgulXpsHiNX5ezUyyMy5zv9U9sPtz3RoYCTnSp0FLw7C1Rp2nKldl8kFlIdiQp0NI1uHE4RjEGYOMKHWXSGncY4yXu9kxQwLlNEp81NTN2cchVVXc6iof4cbshEbDW17WySYY0nhTPlKWkjDyBnuq27SRmvZWx0FTUOEjxt7qbHR0tMA57d/UqNW3eCnBw7BWcrb9PVNMUL/0KCTQfywiaie5UNM0hjxlZ6v6klc7TE8EKBFT1tUQBCceqnwdPAYdVHGUPAt2uXRVT1FXWnu7K7FZaqQ5cNlbyVtutrjHBEHuaFW1t/qqyMwtYyJvqzYkJcp7RU3X/U+RzqOgpAGzkF/4h6IE9YMaKZoaBtlQtWd3OJ+646UMWeUsmeTTfB0ySF2Xu/ZP8SHH1n9FH8YngJgl3+kKKbKRJM4zsMrhn2+lDaxxGQu+G70U3Mm0bJUvzsEI1NRwHIhjcd8JpjcdtPCBub9kTSB+JPnJk/ZN8Rx5KIueG/0S2pPstPA3W9LU9FELj+FLwXf0oNkmEpoZqPqlqKWh3ol4bvRFtkkTchCUhOEuOyZpKbpKrNn7CWAusLviH1QtJS0qsz9k2oL47l0VBBzhR8H0SRKUol7ETRU7Ywu+IfUBQ13J9UcbsdgyrTJ2pv8AUP1TskjdQtThuCVwVsoOCdkbsyCo+iXqdnBCMH7fSojKyI7PdujCdhRqYEo4DYHouFgISD2nunItyEvOQXy+DlIAt7I2oZwuhod3wpwX2ByHbFq74MZHk2/NOdAH7jZNbG5v/wA1XgiygcjNJ2CE1uM4KlZB+pqa6Jr/AO7GCglBMNSwRHN3yNlIp7jV0xAbKXNHYpOppGnzt27IZaM7lJlUjRXqZw6ZeUl8pJAGVbgwn1C13TfWHUVjmjmsVzmdGCD4bJtsfZeZSR7hEpqmqpHa6eZzCPQrLPSqT4OtpvM6jTyTTPq7pX+0FA+QWzq6342AMuMn8/Veo0Jsl7hbV9P3anl176GSamfkV8QUXV3iAQXSESM/r7haeyX6+WKobcOjrw5sg8ww7b7YWa3S4PceL+q2/ssPreWGop3aKiItPqOCmgg8EFeS9If2moH6bR8QbU6GQ4b81HwT6kL2G3MtXUFKy49N1LJ6d2/iMdqaVgnS88HtdH5bT6iOVLkAuafdFqaaemdpkiIz+L8ITQz0/ZL2tHVjdGayhhAI3QyCc7IqWAmReC3zwZnqDoixX9jnT0rI5sf3jBg+2V5L1T8Nbhay+Wmj8aIb5A3AXvxbsd0EU4fkOAwmwsaOZq/E6fVwxJc/s+T5qDQdON/RRH0oY9srMse05DmnBC+jup/hpa75E6Slc2mqidWvTkOPoV5N1L0NdbG8mrgIZwJWjLD757LZXceH8h4azTt8ZQ7p34mVFE+Og6jjD6TYfMxtHixf6uXq9tuIkhZLQ1raylkaHMdyHNK8CmoQwBwwcbZClWa/Xjpaq8e2uDonf3sDj5X/AG9D7rbTqZReGzzd+jj0kegdZ/CVl5fN1D0lMKSud5nx/hLu5AXlNUxzp32jqyibSVkRLCdOC4+q9w6V64ob8wGln8GpaPPCH+cH0A7qd1X0tY+urcKK8waZAcxVDB52n39fsuhVdu6OBrdIo9I+d6epvvSlTop5PmKJ2+nnU37rZWi/W68s007jHM0ZdG/Y/l6qg6l6X6l+HM7IrvSyXK1nIiqmNPHoR7ZHdVrYKGvZ87ZKpwmb5iGHBH2WuNuTjThKp8o9DILDjg+iLFVtadEg3Ky9l6qkc6O33toaQNIqDyfutU6kZPGJKd7Ht5BBzlM3BRtT7E6nEo1N4RaC5VNtn0TOLoztg749wo8b5qc6Ht2UvRFOzs7PqmqwlulhqI4kjSUt0bNG0sdnKvbVXvicHwuII5AOF55B8xRPzGdTCfp7j7K5o612oPikdkctzgpsbUzyOv8ADyqk5Q6PULZeSJQHbZ5zwVNu1ppbtAZmMaXY3Cw9tusVViN/kkHr3Wgt12noZMuJdH3BWiMjz1kHBmJvthmt8zpYg4DORjsVe9HdduaW2u5u3+ljyVsK6hpLzS+PAGuJG7V5nf7CYZjJCwsIOxHYopPcWsT7ParVd2F4hnONX0uyrwHVwvC+nerahkQoq4Fxi2Du+F6l0z1FDVRNhmkDsjyuz+xWeyrPQm2pxlwaIjPKbPDHMzw5GBzSMEHgooOUlklH0zMm4vJ4N1Z0hX/Da6yXuyROnstUc1EGMlp7uPv7qJT13yro7zZ3+JDJu9oP6gr3ytoaevppKWqjEkTwQ5pC8O6o6KrugKh92tYNVa53EzQgbxe/23XlfK+J+WLlWfTvpX6pmpKm94x0zbWS9Ut2p2Swvw4DzNPIK3vTHUslG9tJVO1Rk4aSV4JbKl8ETL7aJNUT93xjsvRen75TXymD4jplYNx3BXy/zPg++D9EfT3nVcoxzye1CpbK3doIKraqlIeKmny17TnbuqHp6/Pa0UtU/ODhrj2WnZIHYONivC36Z0y2s95C3eEobmZiGyEBw2IOys46howDhUtXR62iogwHgZTaGua92h5Ic3Yg+qzuOENLyeJ5aJIiR32UuiqDNHh58zdio9NURyNEZ9P1THtkppPEZ9JSimsouWHG6qL9bBIz5+lboqIt8t/EPQqdTzsmaHNP3UrPIwnVWODM8+DEdQ2in6wsr5YC2G40gy3tlwQKRlF8WejJ+lrzFi822PX5xhzcDGvHcH0V3cadtluDK2Fn8mc6JB2CzfVlHVWC60vW9gc1r4jmbDchw9CO45Xf0GqjKW2Twc3VaeVmHX+SPz8/tB/B64dGXie6U9A5rnzPM7eA0Dn7rxgbghfrN8WOiLN8WekpupLTFE+VrCKpmnDgcen6r8zPij8OqzoPqGWEUzmU0wD2nsCSdvZfRvD+Qx/p2P8AwfN/qnwu+P8AxHTxwv6l+mYwF3OUdjzgBR9YA25RGu9l66qSl0eAaJbXEvGNlY0zsYyRuqljt+FMhl4WhPBltjkuGEbbqZTOIwchVUT84GVNhdwNSdF4MFsck6Y+I1DjlI4SDw5vKG0BjspsZ+xWzPBr7XMJqHwwdz2V3YpmsD6Nxw7GQsfYqkxzhpOxWkic2GvZP2cMLVGaZxtRX9zRy+058N5I2O6yL9nDB5OFurvh8JOMrGVUbRMQOxypYN0z2x2ghwiH6EzhOSmso2AJAEynd4b9Q7I8nqoh55XP1Ve+ODXpLXVapI9G6crhJSgDdaHHiRuwRuOFgumq8McIOMcj1W7pHAN37rx+sr2T2n1nxmp31Jszz2lj3NJwATyp/TN1ktF7pqhr9LS4Bxz2QbvGGVBc0YBVdK4Ag4zhcPUV704Ho9NbslGSPquhqnyMa8jkBWsE52WG6BvJuVjgmc/WdIz+i2cLgQHLxOppcJuLPoejvV1akWsUhIGUbOQFFif5Rtyjtd7LG1g6CeQ7FAvNM6stlRTNxl7HAKaHjdDIDts8o657JZF2w3xwfO9NTNoa2roeHskOV24UomgIIyQrzq+3i2dUSO0YE2XfqoMrW4xjler0VjcFI8rqqk91Z5H1BbzTVLnAYaf2Wflac8L0Xqqgxq8mzslYGqiLHEL2uju+StM+Reb0H8e+UkiF4nhEEc+q2djrG1tGInnJxhYh433Kten6/wCWqAxzvKStd0crJztHeq57ZDL7Sut1brDdicrQ9O3aVjGOjkwW7o/UdBHcbd48Qy5ozlZO01jqSfwneuFzb4blg72nv+C1YfB7/aqyO529pyDqbg/dYbq+zuoan5hjdicqR0RePBn+Xkf5X8LYXy3x3CicNOTjYriTr2PB6yuz56+OzEdP3YSMETj5gvRrJVF4hdG/BBHC8ikgls9wLTkNJyFt+m703LWH7jdY9XTuhk6eg1U638cj2CnuMUzYy7ZzThwyrkTOLGvAGPVYOmm1hssZztlbK010FdR/LtOmQdie681fSes0upyi/oKkOYGHlWMZ1HHCzEUjqeYF+Rp2IV/DIHtDxwRlcyyvazqwlvRLqWaos9wog5U6NwezdRH+V+yAvaPc0OaMqO6ma7ILQQeQVKjOQAu+F3wmVz2sVZDKPKuqrXNQ1MzYQQc+Iwjt3T/Bi6k6fdrH82NmHfcLVdVWmeR4qmt1NaMELD0VbLYru2IjEE7s78b9l0qLm3wc26ldGNrLXHJTSUTxqLwWhuPTuvIOoLN/2m2ys8wzpJX011B0+xtU6ogbmKb+a0jlv2Xj3xH6fkobgK5jCY6mP6scOwvXeL12ySTPIeY8e5VSlFHzXWUMlJUPp5B5mEhRi3jdbfqu1B5+bazcDDseqx3BI9F73S3K2O4+M+S0k9Nc8r7QSdqJ4KautW1HNfQUEkojT3QxyngjC0xlgW0shA7jZOztlDGycH47LRCwBp4DwVMsUgdG8tPstXaepJQ5sNS4YOwJWPjxndSNeQMHhPjcZbqY3R2s9NgrYZgMOG/upbXZ3C80pLrV0hGl5c0ditFbep43aWSu0n0JWuM00ce7RSj0bAPJ/JFZIQQFWUtfT1ABa8AlTmEuIPZOUkc6dbi8MsGPzglSAA8YJUFnbdHjJx9k3KQlxJUdKOW4z90cPqoCBnSOyiCUtwpIl1tGpGhLJkVaQR4xU2GQOAGQqxgBOSpEeNt0xCZRyWYcD3C6D6KHG7flSARjlNQqUcEgE55TweFHyPVPDgO6MDBOa7ZGY/GdlDa5Ga5MTLTJLSQeUZr9hkhRA4cogcPVTAvslNkycYTw48qM14BBRBM0dlSYpxySxKe6IHnKiiQFEEoxwoU44JQeiayoYkx2ThMBypkHBNEx4witfkbFVwqYAd3rpr6doyXlRlKOS01e6dqAPIVM690TOZDshu6moQC5jHSFv+FU3gjqb6NA2XCd4o9FlndWNIIjoZfbZQH9SX95/wB0oQB6yBA7Afgkjdh+RnCbJcIIf757W/crDum6kqWB0lW2LVy1m2FyO1XCYjxqp8p75PKpSyWq/wBmum6itsWQapjj6NKhTdVw4xSwOlceNtlVwdP6SHOh1K1gt1PTgYjDT77IpNFtL+kiOvN9rXAQU8cTftujQ2eurT4tbWPBd6cKvu/W3TfTocyprGyTN28OPc/mvPuovjjXyMMNkayna04DtOSlyng0UaK+98Lg9hmksPT1GJbq8Bm/mIysF1J8dqOhjdSdM0wOMjxHgb+mB2Xh936gul8ndPX1ckrnHPmdsPsoTMgBLlPJ29L4iuPNvZfX3rG+X2UyV9ZI8uJONWw+yosucTlxTw0ynACkMpHHBPdKlaonf0+iUVipAI2OyUeOmc4ZUqOmAH08qUyn3AIwglZuOlToHJ/ciFHTZxspUNMNhxlTqehDi0EZz7q3p7QcNIg/NJdno7em8V/Yq6Sgydmqxgt+CCQraltjmNBIH2CsKegyQHMGFWWdmnx0YlRTUbQQMZV5RUGCDp7KxprVHlpbDkq2paFrcHGPZEuTq0aVQ6IVHbRgZareCjZGBgJzI2sxpGE6WaOBuXSBv3RuKXZqUVHseIdI4VNdr/BbmOcJMafflZrqn4hwUf8AIp6gkZIcQvKL51DWXeV4jqHtaT6pNk8cHN1Xlq6ZbY8mn6q63mrpXRQOO/J1LHapJ3F8jy4nuVyCB79nbk91Np6XScuWaUm2edvvlqJ7mwUVLqI2UxscUTcuwEJ8zIRgKJLV+JsCoJclELVVYjOmF2VEYXyndcERkdlTIogwA44RxjkTKWRRx6dyMLjsudgJ0r+wbhMjGkgnfKdGvIic8B2YYASEyonEbCR2XHzhhACjGJ0suonAK111s5+ovAtbNVSZcef0ViyBsbQ1v6+q7BEGN2GEZaoxwcy23LB5xwlod6LrWu1DZHAGFphAQ3gYAcog4SwF1MFSeRyWAku4yoQQ3RoqcyEdkoINZy7gKbNNS00YLdz6BBKeOh8Ibu3wKWWOkh0twDj81R1MjpTgnvlHmqHSyFzj+SERlApZGzntWER9PuiMZqTzhu7io1TXwU8ZcHaj6KpS29i4x3M7USNhGSRv2VFX3EOJawbDYn1Qa64Sz5wTuoYz3XK1Oscs11m6mrbyMAOr1RGg44XQzcHCI1g2zsscYuRo3YBgEoscRf8ASMlSIaTOMjlTIqeGIAjujjXyKnPPCIcFE8nLxspBZTwDblNlqyH6Ijt3QzmTco8YFNscZ8nDRlda0u53SjjJwpMcJBToRzyRvHYFsJJ+n91IbB7KQyIbbI4jbgLRGtCpTz0RmxBvZFEeOyfp90/T7o9gtzwC0j0SwEQnKa9zWjlU+C+ZDCAOSgveD34Q6mdrO6qaqv7bpVlsYdjK4bidU1TQNiFXy1TnkgKDLVPkdynNz3C4uq8glLajvaXxrsSbJkMrg7POVoenqc3CqbCQdI3JA/ZZ2kgdUP0tG69p+HnTEfgxyCmJLsElZY3fJyew8R42V9ihH0bTo2wxwUjHmLBAGNltqen8MDyfuhWuhFPA1unGFY7EAYUnPafVdJpvhionGYaOOFxz9ZG3CcThNYclLU93J0YxwFa0ac4XcZ3XQMbBMcW+qqSLDaw0pskrQ3OR+qA44BJPbO6xPU/V0cOaOlyZNxseUHIjUaiOnjljetusGQA2+gfmT6XOCyNttMlS4zzSnU7ffcrlFa6iqqTUVPmc7ffstTRUrYWgBoC1VR5PL3Wz1E90mMobaxmHOaDp491YRtDc4TmljcAJ2oLdCOELxgZqK6mE6yBhO8WOIZkdhHkpvBwZ5xsEOsroomgPwPzVdXXzRrgg/MqjnqpJzuS4+5QZyLyWVZdXOyI9+ygwiepf5ycJ1FRyvdl7dvdW0EDYcHT+6tAv7hsFHoDSW4UtoDRgdl0PyAMKM+UMz3RYReGw5e0DchQKyrd9MYyV10j5DjhNZSueQSg4GbZS6IOuqe4+LwU9tO93DFaNocgZH7orKTSRsFTaGKl+ytbQSkZDDhEbRhpzjCtmxYbjCGWY7oNyGx02CA2nDN9tkiQBujVDgOCquoqDnACjkipVJEnWwuxt+qM0taAcZVXqdu5DkrpsaNeELmkR1km4VTYW4xnKqRFPcp2xRt4JyVLpbfV3KcRMJcT3xwvR+m/h9Mxscs7WNHJJ5KzW3rOB+m0FmqliK4PM2xEkagiMgGeE2WqpWNLtY2VbPfmAlsXI91vk2zxCshEuWxsYMnbCBNcKSEfXnCz012qJjhp2KCykqZnZIxlVlE+b9FtPfgCW07e3qq6oq6+r2aTgo8VscAC7spsNM2nA22Q7c8i3Ny/JlKyhne4Ofnf3U+ns0BIdMAVOd4Y30obqj8IHCqVbkDGyuD7DwUdHBuxrchPlkjYRuAFDfK4bglDdITjJKkdO32VPUOP4kw1e2InIHzEhJDngqMXgZ3QjPg4/1T1p1HkzW6uX9TJrnlxy5DMnhj1wo4lLjgAko1PbqqcnV5B6lNjV+jiarzum0+VKWWDfLknshBzn7M5Kto7GwkGV+fsrCmoKWIbM3Ceq0+zzGq+rJyzCqP8A3M7Hbayd3nPl+ysqewU7QC85KtywN2bsEgMI9qR5rVeW1WobUpNEeOnjhAaxo274Rk4jK5p91Zhy32NwEsBESUKwDICYQcoiacKEwhiCjH2QxwqyWkdJAGSoNXWxMHmPCkVJOnAVPLRS1Em+SEEpYNEEkDqq01BDIj90xlE+Qhxzv7qbBbI4sHG6msia0YwlSWRu7HBGhp2MYBoAwj6GjGNsJOeBx2UCtuccIxndC3gpRc3wTZHCMZJ2VXX3iBjdLDkqvqbhUVIMbXYB791EjpHyOGePVZ7L1A7mg8HqNVjKOTVVRVPO5IIxhOo7e76i07+qn09EIxu0Kyiia1o8uFy9Tq88I+l+J+mq6IqWCBT0bRjy4U+CmAA2TxHg50ojQMYXIsslLtnttPoo1rOMHQ0AYS2BXTwgamjJyszbk+TakohycKPJLlDnqBxHuUOJk8hzJx7I1ETZNf0hdTn7BOipmh4keM44CKxrI26n4wO5WW6h62pKXXS28mV42JHqmwplJ8HM1fkIaOO66XBpbhd6O2Q+NVyhgA7nn2XnN/6zrq6Z8VC90UB4z3VHW1dfdJfmK6TU49kLwyMLfTpvbPA+V+oLdW9tMmoHPM7zP3J7roZgg44TwBhdDfQLbGrHR575HJ5ZzRxspEbA0ak1rRjPohkknCcqxUnkK+bhoamgOO5XWR8Eogc1oON8KZwCmdBA7JOlyMYQfFw7AC4N1N/ISQ4vcTlczlcSRIoSSS454agbwRLJ3YDlAmnwMYCZNUHOAFHLS8rPOTkPjHA1xc5y6I+5T/Dwd0QeUeqqMN3YyMsDQ1oHC4CAMAJ+r2THInDBHJnEwZHdPXcEpbhyRSaBafdEbGARvhEEZzxlEazHKZGCQuduehNbhqR3T/KAglucjPKMFNyOk490Fx1b8YXXEtOecobfMccKDEPLzxhcazfJCI2MAA90i8N2KhM/o6PK3dAml7JSTeiATlGOSEST3XW75XAMnCnUlKSQSMKJZKnNQQOnp3PIJGArWKJrWjthdjha0A4XS7O2OE6MUZpT3HJBjgoUn0pxPclBlIJGCj6BQE6teyMOFwAYTkpy2kEkkutaXIXJJZCWZPbHsaGE8KXQWqprphGwEA8n0RqWiOWufgk8Bb3pjp+pqSGxtDScErHddjg9R4nwjusj8q7C9PWJrGsoqKHzfjdhet9O9MRW2Fk9Q1ri4d0XpfpuC107ZpoWkkdxufdB6k6oij/3KkO42JHC5112WfWNDoq9JDZAb1H1BDRRGmpXYxyR/ks5baGpu07qqqd5Bgtaf806goJbjVulnJcBuB2V+Gw0kYjjaBjkrM+TrVRyOYxtOwMa0DbGyWsgZTWkyZJUWomOMNGUtvBpa2oVTUkHS3CjRsfK7J7o0dPI92qQbfdSWNa0ABqoU5MbFTtGPLupzI4qeJ0sztJbwPVdbDDBB49TgdwMrK3rqGSqkdBBxjCjeCpTxwh/UPUJ8P5SjOC44JB7KigpnVDhqaQe5TqWAzEOIzvjK1Fqs5c0OcQ30VRlklcHY+SLQ2xjWAaMFa+w9NuJbUTtGCfKCi2qzxRvD5cHAU+53eOgpzDC7BA7LBqtV3CDOlTpsch7hcILV/Ie3MgH0jsqWhtV16jrXveMQ/hPbC7Z7PW3ur8acuLXHJJ7rUVNY22tbaLQ0F5GHvHquPfqM8HSpq54Bzy09mgjtVqja+ocMOcBwhw09FaCZptUlU/d2d11gpLTFx4lW7dzic4JUi02ma4zGoqXb8jK4mpu3HTpioo7bqarutSXkYZzv2C09Hbo4BhgGQpNJSw00DYomBuOT3KINthuVz5S3Dc5AmPSfRZ/qPqentX+6wu1yOHZc6r6qjtcZo6YeJVOGC1v4Sqvpnpeerc25Xtxc/Vq0O/+XhKksBpisHT1Te6k3e8EluctYe62sbHRtEMTWtY3sAiRtZEwMY0Na0bAIVTUMpovF1D1SnPkOMchHAY3PHqqioqJa2b5SmYccOcutNZdJzI1+mId/VWcFMIfTOMZVPnkYsQOUdvp6VgaGguHJKO/DRknZNc4DfOMKlu180A0tL5nn3VqWCPnsmV1yp6SPUXZPos1WVM9wl1yOwzu1ObDJOQ6ckuPZT6W0TTOG2gDur7F4wVUNpkmflo2791e0NhhY1rnA5VvR0jYWBjGDb90eWop6KIyzYGP3RrsKUsAxFHBEGtaGgDcrM3/AKrhiaaei/mO3DiCqnqXqyornyUlE4xx5xnvhUEQ1bkpq6EN5HyyyznXKTk+pQ9PupDY8n1UmmtstVK1kYO/JTMlAKOjfVSaWg4HK09ssLGMDnODT2yrChtUVFE0lo2GfuVysuMUIxHhxVuWCD5Xw0MOARtx7qqkrZZzh3CjzzyVEmXOJXWREEZ7oW8opJhms1bn9UTgJM2ACLHBJPu0bDlKbGIjmOWU4Y1TKGiJcC4cg89lNo7eWgam/up8cDIsHZLlZjgOMcgIaYRAEbok0zYcMa3U88D1XJ6kAlsYyQp9mtDi75yryXE5APZZbLcF9HLdbZJHCpqG7dgVcRwnYYwEdsRJClNhwB5f3WOy1sWBjgIO7f3UyOH/AA/unxxNA4R2sCzym5F4BNjAGMJzW78oun3S0+6AW7DrQ3TwkQD2STmqN4QLlkbo9l3T7IqSX8gaeRi5gJA5XUQRwgJhByiLmApggBcJwMohADSSeyy95vjfNTU7jngkFPhW5MtskXq+CkkEMRySNyFlaqeWqlMkr8+nsuPdq3c4n7qJPUaQQAulRTjkh2aYRjAA4UCSV8pxwk97pnZ4UuioZJngtAWvCii9oGKke/zYOFfWiy6cTzY/wtKmW60SNbqc0bKzEWgb8hA5+g1D2Djp2xjSO/dOa0O2Gyfo1HhGEeBxylN5KyCERA45TH4bjzI0rxGFT1VYHHSzKJLIcU2SKurIGG4VRJK5+S7hF1OcclDjiNTOYwf5bRl/3RxjgNA4qd0zgXBWlPThjQCOF1kbYsaW7YRuQiRUXgG5mNsZylDE4nhGjjLjwpI0RtxgbBQLfngiloaN9sKPUVscTSNW6FX3BuTHEDtsSq3zyO1OOU6MMipsU9TLO45OyGIgzDscopYA3OMKvudzio4w94yTwFsqqbM0p5DVdbHTR6n424Hqs/VVMlVJrefsPRcMk1W8zSHY8D0CFIceVm7zwPVdKigROZ10ug6e5XaeldNIZJWkDsiwUg1Nmmblw5U3YjjhbYV4Et5AsjaxukBdw1deQM5UUyAZcT+pWuEMmWbQWSTw+Vmuoup4KOMxQ4dNjYAqH1H1Y1pNLSNJcNi4FZVtJPNIampeXvfuM9gttVGTh63WZlsgCq5am4zGaY59B6ItLSk7acFSoqfGBpUyKJrO2Fvrr2nKtza+QEVHG3BcM+imQw9gMJ8cD5XjGwG5UkBsTM84WpYRUa8dgomBm5CbJJnYBOc2WUjS3Yrvg6W+blTZuYM3tAnJ3JQg8ZwAjOZjPdQa240lAzXJ5T23WmFLZivvjXHdIJNMIdzgfdY7qXrOGAimiZnfBIPKouqOspqqd0NM844JB4WPdNLK/XJIXE+q6Gm03J4fy31Ko/6dLLS5XOe4SF7nEA/sojMnZDZlwUqmp3vO+3uutXp9p467Vzvk5TY1sIcR5f3U6GiDQCiwUZ28u6nMgdFh8mAwd8rVGrAjewFPSAnYIkskNC3L34Kh1d1kLXwW2PVKDgOzwmU9sd/2m51Bkcd9PoiaSJnIJ1bW3Cbw4mjwj+JEbb4KV+tzQS7kldrLpRUMBMTA3HACzNZd6q4HFOC4fdA8LsnPot66+0tM90DXbgYCz1ZdayqkLIZCRlSKW0yVr9VVGRjfJVnFT2+37vDc+6TKaQarlLllLS22vqyHTk6T6qxitNtoMPncM+iVXen4LKZmkeqpZ5ZqlxdPIQFntkT/AG2WlRe4KTMdHFj3JVRUXGsqs6pCB6KNLJRRjU95e4cAKI+vc86YW6R3ys7m10LlLPQR5cH6nHJKbrLkiC8anndITRxHJduo57hLXJzwpn/SCR9k75UOGXnBCXz030txhMDpZPrchyUE8OPONsfdFb8u3cMGfuo7Y98kp4aAqTwVkNlg4alqb/SmZHqu5HcotyI3wPw30SAjB8zdk3xoePE3XPFaq3pAchg6jA3Zum+T8I2Qtl3IVqaLH6GJaGJuT6pZPqrckijgiblPMDMZ0pBwCe14QtpkakA8Fo2wmmkaT6KScDulkeqjhkrLIwpfdNNNjupSZq9lXxhqTIjocdsoBiO+yn6RnOEtI9ELqyM+RkAMcF3BUxsbfRMdECdlWwnyEVMUsxYTPC9ApsLUskfA9E4OITyxw7JaSh5RbwxGd7OCiNqpjsXbIJakBhTLBaiyU2oJ3JRm1AOMcquw5dBcEW9lfGkWrZMorXNcMbKpbUOGAjtqjjhGrQdjJ/hBwyMD80IMkactGcITakAjCO2drsZCPcmBtY7xsDTI3ZNfDS1A0xv0uKK2OKUAOG5Qn0b27xtyFbBzgizUs0XPmb2IQAcKc2smpz4b25b3DhlEEVFcNopGxy/oFShwHGWSuG4OVIpqyponiSmmfGR/ScJtTRT0p/mNy3s4cJmr2SpRyPhY4PKNJT9R09dGKe7U7XZ21gbq0sl6vvSNU25dJ3eVjc5MbZMYHf7LDc9lIpa2emOY5CB6JEtMpHQ03k7aJKSZ9TdEf2nrfcQ219f0Laad2G/ORM0wH7+i9bhhtV4p219jurXMcMh8fmA/dfB7bjR1IDastid6gbH7rR9J9ddV9D1Iqem7kY4TgmKNxMbvu39f1WKzSbOUe58R9WrPx6h8fs+v6hlVQvAqqeR0Z/GwZCcJ4HnET9R9O6wXQn9oCzdRNbQdQ5pK52AC7eOQn/LsvRqm1UNXEKiJzoag8vacA+myxyqkj32i19WqjvqkmgA34SAwodTPdrMdd0t7paUf/EUzcgfdSaKspa9okppQ9rhkEHkJeDqRmmPUappoKmJ0VTG2Rjti1wyCp7mFpwRgoRbtyrUmip1xsWGeZdRfC6nqHPnsULYicnwifL+S8wuNpmo6h9NVRGOSM4IIX0wG6Ttsqy9dP2m9QmOupWudjaQDDh+afG1rs85r/BQnLfSsM+Zn0Rp6j5ilkfBNyHsOCCvQOlPid4kkNr6jy2ceUVGMMcOxPoU/qb4d3O2udNbwKuA7/wD0Qff1WDrqMntjPC1V3yi+GeH1/irKJYsie9SSW25U3h1cEdTBIMEOAc0j7HYrxrrz4SVVkd/HehZpHNJJko8as+mn90TpbrWv6fxS3EvqaHg5dvH7tXp9svNDdIWz0c7ZGO30k7j7hdKu9vs8xq/H7u0fNsd8p66PwK+IRVDSWvGMEOHqrqy3urs0muN5np3DeMn/ACXqHXXwo6f60jfU0oZQXIjy1DGebPvjkfdeD19H1P0ZXG19Q0rmFrsNfjLHj1a7utsLc9nBt0cq3mJ7Narnbr3TB8UjWSHmN+xCfNE+jcHhpLV5bQXI4bPTylructOFvbB1hSVQZQ3R7WPxhr3cO/8AVaE8krmocTLqN7ZWhwPKdiem/nRf+ILs1tlj/n0bw5jtwEoJ9f8ALk2cNt0Sm0OcIXLLJ1NUtlaHsdh333CvKG7zOLYpTqA9VmBA5j/FiOPUIzKl+cOAWiu7PDPO+R8LG5NwN3SXKopnCSCQj2zsriRlJfabWwNbOB5m+qw1uuYeBDMcZ+lysIqqSF/iQyuaR3BWmMkeS1GlnpZ7WiJc7a62VJk0YB2KNbLxPQvbUQ7gctzytB41HeqYQ1RDJsY1Y5WYqaKW01LoJx5HHLX9k5YksMS2n2ew9LdWU15pmRukAeNt+QfQrTGPAGy+fqS4VNoqG1dKTjOSAeV6x0l1jTXqnbHLIBIBjc/ss9lKw2ZLav0apjdt+6DPRU9ZA+mqIg9kgIIIRGPxnZEIA7LntZ4YqE3W8o8D606FuXQNxfdrO109rmJM0IGQ33Cr7fdjRSR3e0PJY7d8YP6hfRkrIZoyyVjXscMEOGQQvDetegpukah1zs8DnW6Ql0zBxH7gei835jxe+DlX7Po/019UyqsjVc8NdM2llvdLeqZtTSvw/wDGzu0ra2G/Hy0tW/cbNcV8/Wi8yWioZXULiY37uA4wvT7ReKa607aqleA8DzNzuCvknlvDzjNo/SH0/wCfjqK0rHl/s9fhma9g0/5qHXUWt3zFP5Xjcgd1Q2G9hwFNUP34BWmpqho2IyvJW0uuW1nuYWRnFSTI9HcSzDZNnBaGCZlVDscnCzVdSGOTx492u3+yfRXCSlcDvj0WOUMht4L5niU0oI4PIVtDKJsDIBUBssVXTtkDRuM7JsDzBICTsEvmLES+4tpaaKphfBM0Oa4Y3HHus/DTsoKh1lurNVNUghkh3Cv4akP7YXLjRQXKm8KQbjdpHIPsnVzywemefWyef4XdS/ztbrLcDiRrdwMfiH6rA/2k/gbbeqLG66UsEckFXiaN7BkZHp6cr2SekF4oZLDcnCOVuDTzOG3fY/dVvTNe6zynorqaEPt0pLI3OGdA7L1PjdbKeK32c3U6bYpWRWU/yX7X/wCw/IvqPpu4dLXaa0XFhbJGe491XM2zlfc39rL+z3hk93tNMWlhJ1NbxnJH+RXw5JFJBK+GZpa9ji1wPYhfUvF6+F9W32uz4/8AUHh/4F/yQ/258p//AGCs7KREd8+ihs+pSYT6rs1zbZ5ecU+i0hccc5UuN5wFVxSDYKZE8HT+a1KZitrwWEb3cJzjjdAjOSnuJwN1aeTNjBOoasxyB2OFroptcDJyMkLCRu04OVqbFWtmh8CR2+MLVXLDOdq6uNyNJUky0Ot3fdZCtY4VBI2Wpp5DJTPpyclvH2WfrmgTnZaJ9GOkiDhccnJJJtAvBDTlRHbHKnyAEbKJI30Cz2rLDjJki11Dm1LHNON16ba5jNTNOoE8LyiN5icCOVvulqvxIRG925GQvL+Ro5cj330/rpTgq2XV2p9dOXgbqhew8O+y1H96wsIzlUNfHonLcYXm7I5Z7qmzCNx8I75PT1b7U9xdG7duTwvcKZ2O+V8vdP3CW3XaCaF+Dq3+y+irDXmogifIQdbR3XlvI6dqbkj2/hNS507f0aiGQ7DCmMAIzlVsUrdtwpjHNO4euHbHDPS1yyHyUslcH3SSsMaebfFKiLHR155BAaQse0uexpPoCvVeuqJlbZJIycEAkHC8soYnGENcc6dl6DQ2bq8M4GrqxZkqr9AyWkJLdwvNL1Qljy7ThetVkGrkbeiw/UNu0PeNGe4XqPG6vb9jPBfUWglanNHnNQCMhCieWnOd1Y3CnLS7bhVUvkIGV6aLU0fMNUnTZwbvpqvFXSmmmdkgaTlUF/t76GuMjG7E5UWy3J1HKHjcdwthcoIrnb2zxgEluUm6nJ2NFf8ANXn2Vtnr3ljZGPIexesdH3Y3SmNPO8F7Rt7rxGgkdR1RidwStl0/eH26sjeHHSTuuNq6Wmes8XrMNRkazrGxmVjqiNmHM3WXsdc6OXw3HDmnuvUx4NyoRM0AiRgyvLOp7dJarj48TSGF2dlzZrKwdyzMLPkj0ei9M3giTwXvy13qtxTTG31MdQz6H4yvF7LcTLAHsGHAbr1bpi6Q3SjFJUkMkaAASeSuRq9P9uUd7x+p3x3G8lnjuNI2ohI1M5+ysLTM4wgE5xwsvb3S0M3gykGN4xkcFWFHVugqPKTpJwQuDdDPJ6bT2muZIcbd1yVhyCEGlmadxg/ZSiNbNlhawdBYwDZgYUpqg4LXlqmRnZUKmhk0DZWGJ41BwwvN+qrC4vfSvbhzcujeOxXp2CeFTX+1OrYvFYB4jR+q0U2bHyZLq9xgKSonuNjLQ4fNUOWuz3AXL30zSdV9LyR0rQZCCdJGXA+yiRzOsd9DpGnwag+HIO2VeMeemL4yocfEoavBZ6DPZdnT6jHKOVqKN62nyff7XJQ101vq4chpIyeD7rzfqG2NoajVEzDX7r60+P8A0PDH4fUNphDYalgf5BtnlfNt7oH1lO5rQNbB35Xv/E66M4rDPmPn/DycZwa/wYFwOSV1rT6Iro5IpnRSx6dPf1S0j0Xqq5qayj5hKLhJxfoaug9lxJaELCAjG5Xcj1CFkpYRqeCsBmnBRQds5UdPBwjVvIDiSPFOOEvE9kLV6pavZaoW8C9pPhutXSkaHkgdiVobZ1mWaWTZ9DlZIuyuJ8bX2Is01dq6PWaC/UtWBokGT2yreKojfx3XikNVPTv1wyuaR6FXFv6ruNO4FztY7glaa711I5uo8bnmB64Hatx2RozjZYu1dcUEmltU8xu9CtHR3q3VjiyCoaSBncrTG5ejj3aW2t9FyxxxsVJY4+qgxnONJypTQR6piaMjTXZIEpyjNedlDa/zYAUhj9uE3OFkVwShLsiteSVD1eyI1+OyJTQtpY4LBjhjlFDh2KrxIQiCQ5RqYtxJus/1Iur3UESHCL4v3UcsE5JYkIRBKQMKGJMnGETWFHIWTPGPoiCQ5UIyA9k/W31V5AJwkGF3V7qHv/UV0SHO6mUTBILR3wloaeQCEIvJxhPjeDsSP1U3g9D/AJem58MEpgp2agQ0DHsitaSMjJA5Kc0MJHmA/wBEEp5LWX0JlPqBw0LsdO7JJ4UOv6q6dswc2puUORwGnJWMu/xkgpy+Cz0YeDzI/v8AZBuQ6rS6jUcRiz0YU+Rk7Y7lQ63qPp6zwaqm704kbnLQ5eH3r4l9S3HLHVjomO7M2WXlq56pxfPI55PJJS3bhnRq8TJPNrPZ7t8cKKlLo7NT+ORtqdsD9l59fPiF1Jfi5lRWvZET9LThZbOOBhOZ90ErWzpUaGmnqIZ7nPJL3Ek9yUBzRnkBSoqaec4jYSrGnsHiYdUghVO2K7Z2NNobLv8AbXBTRRGQgN3U6K1zuwXN2VxFbqalwAzJUkxl+GsBSnYn0drS+I5zYioZQMiAw3dSI6YOIAKuqWy1ExBLdirikscNPh0zEpybO1T4/C+1YMzDa5ZseE0q3orKG4NQ39lfshgh8sbAEZlI+Qgce6vJ1adDGPLRXw26nbjTHuFPgp3ZAxgBTaa38HH7qwZSMZgYUNtdCj0V8VEXYyOVY09vDdLsKVDS8eXhT4oAwBztgFDTCsBTU+BoAUpsOjcqHX3m22uIyzSgYB2yvMupvisGvljo5HZO2ytzSF6jVVaSGZm/u3VFstOvxpQS3j3XlXV/xJmr5XQW55A3DjlYq63q6XecySVB0ngFBgonvOTyeUmy7PB57U+TndHbHgY6apqn/wA1xdndS6SjJcCQpVNQhuMhSnubTt+kFIcnI5Si1yxrIo4Rkn80Oeria3TGclQqi4h5IBULW57s8ZRxhnsB2Lok1FU55wO6FDG97slPjgLiCQpscAAG2E5Vi3LJyOMNA2RXPDcAbrriGDA7oJOk5ynRrETuSHlurchDlcBgJeMd2tGSuRQSOdl4IytVcMnPv1QwRukIUxkIABSawRgDGcp4Bzla4QwjmzucmcAOoEhEHCQGE9HjAtsWAupJJomUsiTk1ORC2JSKVms5TIKeSpkEbB9z6KbVGnoYWsAy7/Mpc5Y4NMIZ5FJJFSRajuTsAFUyy+K7K5PVCY78dkwEHhZ28hvk47ORgpwOASVwkDkqmuV3O8EB45KCy1V8lwrc2S624RRZafRZ+omfPIXOO3ZNfI+Q5e4lNWC6+Vns3V0beQeM8lEaPQJzY3u4CmU9GTpL289spUYZ7GOSj0Cig8QgBm6nxUTGAOc3hFYaaBnGCotTWySAsBwPVHlRE5c3wFdJGzZoCiS1LjthDbqJ+rKe2Mu5Ci5JjA0Eu4HKkxxE42XYaYkg4U5lOMDbhPhX+yp2JdAoacA5IUpseDnCc1mkDCKWEgDTx7rRCGDNOzKGgNA4TtXslt6JafdM2i1LJxdG3Oy5kDcnhRamqDBnHCGTwEothpZQBnZVdXX6c4IPsgVl1Ay0KkmrHOcdyubq9bXTnk6Gm01lsksEysuTj5Ruq5075DkhcOXHJCPFEHb6V5m7XWXSzk9HpPGRrlmSOQxk7kKXoGE1rQ0YAUyhoZa6YRRjvuVmy5PJ3KNM84gjR9GWB1wq2hvfGV9I9IWZlBRR+UB2N1gPhr0uKZrA+PzbEu9vRev00QhjawDGFrqltR9G8L43+PXua7JTGBrRsmkgDGVyR+w3USR+eCUU5bj0cVgM5+TgLp2AKZC3LQ53dEc7jZTOBjeBCTse6FLKGb5GEyaaKLd78LGdUdURxf7rSkuO4JB7ozJqNTGmOWP6q6ucI/kqI6XE4cQd1kqOndPL40wL5HHk9kyjp5Z5jNKdTycnPZaGjpdABc0D80+qvcect1UtRLdIPQRhrdxyph2GxCE0BowNki7HdaYpRE78PA/Uc8p4e0N8x2UR9QGAkjYKmuN3z5ID9019AOe0up7rTU2xcCVnq28fNOJY45B2UGSodMcuTIYS52w/RLeWxTk5dD2vmmfucq0tluL3GWTsNgi0NsLA0vAJO/2Vs2BsTRgIopjYwYyNgx9kTIHcIbniPIG+VGc9z87KSlgZGps7LUODi2M7dyhta+QjJRoaZziNTVNio8AHAQ/KaKtPnsBDSasHCkspsYICkRRAY7Lpb2ylytwb6tMl0gOkBEw30XeE7IIIys8r2zXDTRfY3IwQolQVJLTvugvBk2Q/KH/Fi+yuqC53dQTAXOydlbvgMo23XKS01NTN4Xh7FLlqNpS8epdFNI0t8rW5J4V7090HXXb+bUARN5ytp090RSRD5mtj1E8AhbWmpIqaJsUUYDQs9upbNml8XzmZQ2fpS2WiMCOFrn43JHdXTRoAA2HonySww7SOwgtc6pcXMbhn4T6rLK9yfJ6DT6RVrED5IbFWTEB7Tjvup8NqYACRv3yrQfLRDIAbsgSVjRtCvVrMukfnltReWxrLdTx4c5qOG08A1NAz6KK6d8n1FMcNWN+FSreSpXLH2kiWqLTlmEI1Ej/qOUxxa3lyEZgOAmqGDPK9+w7pSRygFxzuhyzOJAa3KLBR1dXuItI90aikcjV+X02nzvfQnS4xkpmt02zW5PsrOGxagHTPzjsFY0tBT02C2ME+pTIwPN6r6tlJbaV/3KGO3Vk2MNwrKn6fa0B08gOeyttONwMYTxsMJjgjzeo8rqtVLM5EWloKWA+WMEn1CKYweNkcDHfKRGUyMMGKUt3ZHxhdRGrqghiSSSUIMSSSUINSSSUIMPCESeEQkcIZ5VMJAicnJXEk7T7oW0iDZGg4JSaxjRsQk8F2NlFqZmwtGo8rLNja22GwPXhQ6qsZG0jIJVfVXMvJZC4j1VfIZXkEuJQSntWTuaLxVupaD1Vzm1Yj4IUKTXUEFylxUjpCNQUuCj0EHCwX6vB7bxn00lNORDpKEuxqap0dM1h+lS2QtaBgIulu23C5d+p3n0HQeOq06TwAbDxkIoAHZEwMIbjjJXPsm5Hail6HaQuEY7pnjtzgqNNVue4tj4GyUotvkOViiuQss+kEY7KCXSTu0tdpARY4nTOy4qW2niYBgY906NbZjsscuU+CJHAW87kodddKO1xGWrkx6N9VT9R9Y0dvMlHQOL5hsHjgFYKetr62Qy1tQ6Uk7AnhaqdNJvk8v5X6hq0sHXS8zLi/9WVV1eW0j3xU+SAM4JVE2PB1HcnkpxAwANsLq6FdO0+f6nW3ayW61nQBjcbpYC6nNWjZgzNYWBhi9k52GY7pzjkIekuOcpyiF0dz6J2Am4xsnoiIcSQENziRuioKS47ihmd8J4b7J3h43Ts7YQyjtDG6fdcx7rnGShySgj7KOaQS56HyODBzlQnzFxIxwnvcShNZk8pEm2y4rAg0uO6IBgYKc1oATgMbBWoh4yJNTkPV7K8EYhyu85Q8FOBOeFbWSNCA337ojcAZC4wDAPdOVqKI45HEgY2XJHjTpTXu4QXuI91OhW3LHOkOT6rpGAd0IHGVxzi844UHqKwLTqcR6J5j0YKQbpGccomxAVJYI3gZwECQ9gUSU54QCfVEFGORu6Q3TkehpJZZRgbKJZLb2o5S07nyAFuArmKJsQCayFsTRtghdc7Vt6J0YmSct7CEjHKjHlLJ9SmuOAj6AwNJQXnJXXk5IS0u7BBKWA3yEanJrUaNhzlA5YGV1yskoxQ1rHE4wrGlphHh2EGJrW48vC2vRfR9bfJ2vdATDnGD391iuuPU+J8Tmz7vyOdI9MT3Soa9seoasDI2HuvdLD05S2qmYNDS7AJcQi2Hpejs9KxrI2gtaol96iZTtNHTnzHYkLBZbuPp/j9BHTQxJcjOpupG08RoaN+X8OcP8llbfRT19Trd5jnJz2RKejnrqg4y4uO5WgEFPbaXSBhzRl3qSslksnXhA4Ay3R4B1E7LsUXifzZxueB6J9PT/NPbI8cDIygXS4siIhjBPYkKjZCOEDrKpkY8OM87bJUcEkh1uHKbQUL6mTxHjYb7q3EIYBhoCWFjIARYGAn4go4jU1JGQPKEqiaOmjMkjtgsfd7tLXTHS4ho25VSeBMnwdvnUE1a90EBIaNtlX0kPiHzZyuwQGR4a1uST2C2NpscTIAZowCdwO6RKZKqnYwFotDWhsjoxxsP9VqLdbgBqcAMDIBXaWmawBoaMBFrK1sLQxh3IwViuu4xFnVp0+3DOXC6R0kRjYAXu22Uagtjq0GWpfud8FcorW+ol+ZqTkndrT2WgigZEwNYMY/dci63B0q6glO51FTtgpnadsEqOyVtIHvaAZXZ8x7J1TP4QwBuUO3UFRc6kMjB053PouZfca4QUVkLaLdLd5mzvGX58zjwtzTU0dLG1jGjIHPqu0dDT0NOyGFgbgbnHJXXuz3wuZZZuY9BQ8YwAst1T1XFbGGhpHa6uQENA3wl1T1THa4TTUrtVQ/YAKr6S6anqaj+N3d2p7zlurslPgJHemOlpJZxdrtmSZ/mAccrata1jcAcLgY1p0gjHbCZVVMVLEZJD9gglPdwPjH9nKmrjgYXSHGP3UGCnqK2UzSAeEexTqalluEvzFRkRj6W+qt2tDQGtGAEG0Z0DjYGDS0YAXZpWRN1PcAD3KFW1kNFF4kp2WbmrKu6Tuc3LabcBp5KFywTvlh7jdX10ppaE+QfVL2QY6NjSPDbqKLSUWwjgj8vdXtDbo4QDjJPKtLJTZCoLUQRNLz2b6K8gg0Yz3T44m7bAY91SdS9W0FkjLD5342AKNPAtvcTLzdqSyRukmI2GwzuSvOLrfrheqpztTo4uwyoNdcq271DqqpcdLvob6BMZlqZGOQXI66PfnJRIonk7BEihMh4yr232pwAc8AEjYeiYCRaC2TzTNbo25JPYLU0tJFStGgDI7rlLC2Bn04wq26XjGqmgP8AzFGUSLleGsb4UZzjYkHlUvnmOooLGue4FxypcYDeyGUsBRQowAckKRqBGAE1kWsjAV7arQSwST7E7gY7JUpYGRwQ6O2TztD3ENCuoKRsbQ0AbKTHFHCAMbBDnqYA3ynhZ5zyWNfoibnsoMle2UmOnJdJ2AQpKie5y/JUbSST5j2P5rT2fp+C3ND9IMjhuSM4WaUys4I1osHFXWbuO+n1WgihyQ0DAT2wOGMjOfdTYafYHhZ7LMi3MCynDQDhGY3J44RjHjGycIxgbrNKeOwN43w8AbJwaQnhhC7gpUp46CRxJPSQgDEk9JQgxJJJCNHpiemJpDhOEOWQMHZKeYQty7A+6yN56gFQ51LSkgN+p2eVqqqciBL71CZC6jonEHh7x/ks68jknf3TnOby47qsq6sPfojGcLoV1JED1FTpOG4Uc65hkNTWMdIQSCc9lorZZ3YDn4yVpyqy12QrZZ9bQ+dnO+PRaakoI4gMRtAA9EelpmRhoLBkI8jmsaAAlynk0JLAx3kwAm4Lt1whz3AqREzTyEIQGNmjchKedkLckhKomZTt1HvwFTVVW6dxDSceyFSyUona2uFR/Li/NCgpi46nclHpqBxw9+N/2UmRjIGj2TIvBMYIM0TWvMaJTxNjGlgx6n1TDqfIXFSqeMjchMRY4Q5GeE5rNRBxjCJkZxhDmnbTtye6mSHXvbDgEgEqnuNc+pk+Xpzho+p3r7JtVO+aTYkBJkIIGBymQjlis4I7YyfdFDAzzHui6RGMlZ283sOJpKV3n337LpUUbhE55WAt5uzYmmCnJLjyVRxtfK7VM/P3KaA8+aQ5Kc1kkmzW7LpVadLkzSYV0zcCOJuw2JRYafHn4d2PouQQMijDdGD3R2j0W2ENpnsmLT7pwOASuEgKHW1sUEZfKcD7p0IZZndiG1tW2IbkDZYq/wDURncaOkJ2+twQOo+oZKyY0lA4+jnDsFEpKEsw5zge+V0KavZxdZrN+a62R4adznBzhkjJVgyLAAA4RWU2QMNx+alRRDZuNwt9cUjmbWyM2EAgYUqGmY7BcE8QjY8YXHzObiOMeY9k6TwhmzHLHHEYwBymiN8jhq3Z3HqiNjJGp5XHTBo0wv45Ugm2LsmkPe5sTSGjKiGUk5IwlLUBhIJGcd1i+res4KBhhgOT3wVvpq3M5Gu11WmjvteEWl+6jgtkb3CUYxjOeSvKeoOpqy7VB0yubENgAeVDul5muU/iyOODwM8KCSCPRdajTZPmfm/Py1G6Fb4E9+eeV2FmojbKdFBrcARyrejtuMGKP7krpVUKB4+Vm95A01M5xB0q3pqXSAdOUSnpmxjztAxyoVTdJTIaegZqeNlrUUh8cvol1dXT0UY8V+mTgNCrnxXS5P0k6IRwc8qRT2wOe2prpQ88lvoVGvF+hoRpgePLtgFVKWwNJ+yW5tJa6cOJAe3v6rO3DqSWolMMAzhRM3C9TkscdHJ34CtqCw08ID5ufskSsGwg5FTHSV1e4OlGWq0hoYaEAhoBIU6Z1LTs00/IVRPUySOPiSDAWeyzI+MUglTc3Nd4dO3YbEqpkL3Sl8smcqLW36GmJbA7UVQzVNfXTF7XYB7ZSG3kqUsFxVXikif4TDqIVXPW1VVJ5W4aUxlFJHh85T3VFPE3S12Sk2L3J4ENtijpQTqkdj1T5XUzGjwfqHJUOWsJ+k7IDZcb45WeV0V0Wo5JUlU/IHKUb8uBLVEM+DjCLFJnchJVuWRwJjdIAwF3xRjGlAEgwu4HqnK1YENYYfxR6fuuiXJwVG0n1SDHHuq3lYJGfdInIxlBDThcw5TJWB5YCugH1Q8OXQDlKlPkmA4J9UslDHG66iUmyYDCU+iRkyMf6IWn3S0+6PLZYUkncrheQlgpFpKJAiDynaymNXUxEHCf2XfH/wAKCujdQIKJ/ZdDgRnICEIjjK5gqFh8j1C4dJ5I/VCAcdwm591CYHpexC7p91xQnQtvRLA9EklMEyCc0dtk3T7oxGUtPupgmQGj2S0+yPgJFoKraiEVMLnBTDFk5QzDgJbiGngGx5H5IrKk7ZCFpd6Jr43Hg4QptMvCaLCCsOcFS46rOFRNec+iIJ5AQGlNjb+xNlXsvHPhl8sjR91GmoAPPC7B9kCCoyAHFS4524CfGaaE7XHoZDW1EB8Gpw9n+IJ7qJs+ZKZ4wd9JR9Ec4w4AqO6nmgdrgzt6FSUUWp/siBwjm8OZpbj1UpjKWXAZyimrhmHhVsDTjbUOQgzW90Z8SmeSzkKJpBZWexz6EPwQ3OEMOmpCPDeW6U+CtlhcGzDhWMUlFXM0va0ED9UMq0xsXjpkQVjpQ1xA1DuF6F8P/jN1H0nIylqHmst+cGnJ4HssXLZmaMwnBVbI2WB+JGkDjIWW3TJ9HW0Gv1GklmuT/wCh9q9FfE/p/qeIfw+vEUhHnpZsBw/JXVf09R1rvnLRMLdW8iWMZa4+4XxDQ3Cso3tnpahzXMOQWuII+y9l6F/tBz0U0Vv6qZ4zXbfMtGJR9z+Jc23TOJ9O8P8AVlF/+lqftl+/R7S273O0u+W6jpAW8Nqom5Yfc+itIZ6Wrj8WmnY9vq05CVsvlq6hoGT088dXSyt3djIz3GFXVPTUtJUfP9OVTYn766eTPhSf9Csbi0e2rs/qXRYFmE17R3Kr6W+j5j5G7UzqSpP0g/Q//lKtcAjIOxQTz6HuSkuCE6MdgFlupvh5br1G+akIp6p+S4keVzv9FsHR+6Wn3VwscWY9XpIauG2SPnHqDpG5WNzoqmPVp5IGxHqqa0XOusNZ81SPJb+KMk4IX0zdLJQ3eExVceoY7cryvqn4Yvoy6ppWksPGnc/mt9d543yf0/ZCGalwTunurKO907XMzHUAeaNx/wAlZ3i1Wjqq3utV4gD43jGHAFeOyw1lrqDpc+N7DkFuy3vTHWcFzhZR1pEdS0YDicasLoVW5PCanRSzwjyrrz4ZdQ9AymsoP99tb3bPaPNFngO9vdUNvuMdS0B+x4OeQV9RwVr3t8CfEsb9i14yCF5V8RfglE90t/6KcY3El7qHTnJ/wn/TC6FduOzz2s0Lzkq+metKy2FlFVvbJS5wC7ctW1cKS6NFXbpAQe4XhUVdPGTRVTXRzRnS5pG4IWk6c6krrS7xKaclp5aTsnZTRlqm6/tZ6hFI9h0PHmGxRtGsAt2+6hWm9WzqKAS08gbUAeePgg+ynBr4HAOzhVGTRri1JCik0SBsgwRx7q2iqnbAhV5hZO3B2PYrkUj4neDMOOD6p1d5i1Hjq788dl5FMdi04Ks5J2V9KKaqYHYHld3CzjKkNxhToazblba7keI1vibdPJyXJ1rHUchgqBmN30OPZPp5qi0VQrKNx05yQCpAdHVxOikAzjZV7Z2QE01U/TuQMrSpp9nKWJcM9e6T6sp7vTtilkAlAxutSHZB2XgFNLVWWobV0zyWHB2PIXq/SnVlPdoGwyyASgY3KRbVH0jJdTzwacuJXJGRTxOgqGa43chcyPVdWKcH7M2XF5PJesegH2KolulqaXUEpy+MDPhnv9gqKx3g9P1wkcC6CXAcM/T7r3rAcNJAIPIPBXnPWvw8ERkuVqaXQPOXxBv0n1HsvKeY8XG2LlBH1D6R+qpVzVN7xjpl1bK+GqbHV0zw5rt1srfctQGSOF4HYr1V9PVghmcTA4437L1S3XATxxzRHLXN1DBXyPynjJVWNs/SPgfLrVQUcm/hqmyN5BB5yoz4suIbwSqqgrcgAk7q1BBYDlecup2M9ZG3cSaGsmt0mCS6I8j0V6ZWVDGyxnIIWXZM3V4ch2KmwyT0eCx2WeixShkYaCKd0ZA5VlDUkgZwqWCpjnY17Dn1HopMchDc4490KWGRom1tFHVN1sGHjcH3VHcY6W6Q/KXJpjnj2ZMBv7K3hrMkNO65XW6O5RZGGvH0nC0U2uE1NC3FlVRx09xpB0R1XGyTW1zYKhw2c3/VfBH9rL+zxX/D+8m/W+kLqeqcfOwYae4/+X2X3fZqj+MOPSPUDvCq27UzjuN/fb2Ui9dP2r4hWSr6K6tpGCpEQiaX7+LGAd2j1HPPdex8dr5QkpxZ5nyOijZCWnn+LX/Z/tH41tlDvRSWSDkL0n+0J8Gbl8Juq5LfNHmldnwZGjyvb2/P1XlbJAMBfS9FrI3wUo9nxvX6GehtdUiyjkJIU6F5ICqIpDkKxhlBAXVhPJzLYFnC/hSGuGFAhfkjZSNyBg4Ttxz7Ihyd8gqwtE/hVG/BCrGnA3KNTz6JA7COuXOTPOr5Fhm6oJ9U4II91GvMbGyEtGMqFaawZBcVZVmKin1Y37FbV96OY4/FLBRHlOJwuk90LOr8kDxjk0Q+5ZHtOrOUGRoRY+6Y9KmglwyHKNJ42K0fS9Y4uEZfgtIws+/fkcI1tqzT1TXcAbFcjX1boPB1/F6p6e5PJ63Sv21FVt4p3HFQBgE4KVqqvHiD9WQQFOrMTU3hheQuhjg+r6S3fBSMyZHQvDwdwdl7P8Ob+KugihdJlzAG/mvG6iLQ4jHC0XQd0dQ3JsLpNLHkLi66nfBv2eh0GqlTNYPoyCTUGvBzlWEMhOlZy0V3jfynEcZHurmKUagvKWww+T3lVvCZbsO3KId1DilyACpIeCCsq4Nae5EW407KilkZIM+VePyMZSXSophkMc46R6FeyyN1Dn8l5X1bQvo714jgAJNxgLoaSzb9pz9bH7dxXzxtJG2Vl75RF2oln7rUg5UC40zZmfTnI3Xa0trhNM8/rdPG2t5PI71ROY5x0YWTr4i3JHqvUOoLXhmsM5OOVgbnAGzvgIwQMr2ugvVqUWfKPNePUMtoo4qgxHGRutj07d3SRNpJMYHBz+yxNVE6OUAqdbat0ByxxBHddaVe5HltLqp6a1I0l8ozDMJ427E5RbfWMmYI3HDgrCmfHdLYNgXBuD91nSx1FV6SCADsuNrKWz2VFjjPej1f4f394qHWurky148mTwVouqrA2rpnvAGcLyWjqpIyypheWvaQQR6r2Xp68wdQ2xjch0jIwH5Pf1XEtrcWev0OojfDazyiOWey1ZiOQA7v6LeWS6eFNDVMf5Hgd+CqjriykEzxs3ac7Kk6cuwgHyk7jzgH0KxW171hDtLqP4lzrfTPoa3VrLlRNe3GtgzypjHEb53C8/6avboGtbr4PqvQKXTVxCRp+oZK4Gp0zzhHr9Jqk8M0NiqPGj0eivaOTXKIysNQ1T6Gvbv5DsVqHvl8lXTnIG7gO6419W071Nu9YLSspSyTWBsmRkgYG6lU9RFcqQmM5PBHcFRo3CJ5jkGDnCz4wOJLHD0XdGe3K4zlFLmlowOELs5FtZPPOt+nHkPqYGAtfvt+EqlsE77vQydM139/CDJA5x3wOwXq08LKmN0MrAWuGF5T1RaKiy3P5inc5j2O1Me3Zb9Pd+zHbHnJdWA01+tNZ0PfZN8EQB3O3Df818o9e9K1/SnUVVbquAxhr3aPcZX05JVRV8EXUtHJ/vdKR42jY4HLlF+LfS0fxS6Qh6htjIv4lQR4lGMOkaBt916XxWtjRZiXs8z5jST1C3RPh3qSgMM/jtb5XcqjyPVei3ag8Rk1LLGQ8Z2PZeb1UD6WofE/PlJX0XRardFI+Nef8d8Nny1rj2PyPVMIymEkjOU8HK7FcuDy51JJJMIPTXJy5jKvOCD0kkk2LAxkekmJJ8bEiSjgIMZ5RGnHdCXW5zhFKxMEMfNvhPjqaincHwTFpHdCacBOwRwmwsa4BcVLhl3b+sb3SnHzRcO+VoqD4lSABtS0uxzvhYNrQmgNBJ9VohZOJks0FNnaPXrd1/aKk6ZXGM+/CvqXqK0T4DaxuT6FeDMwD6I3jStAMcjmH2KctRL2c+7w9cumfQcVwopB5Jgc+6OZhtjBBXz9TXm5Qkaap4/8RU1vVd6ixmsefu5EtQ12Y5+Fln7We8tkyMjCeZgDwvC4+uL7H9NS/wDMqQz4iX5vJb+SNayHTEy8Ncumj3EPyM4T9XsvEh8Sr4B9LU8/Eu+9g0FMWqgwP+Daj+x7g1/fCIXZ7rwn/wBpPUm+JWj8kw/EfqZ23jt39lP5MGB/wPUftHvWvtlPMgYMuOAvn9/xA6nk3+aDfsgSdWdRVG0txlI9A5T+SReFt9yR9DNuNGAdUw25UWbqiwU2RNXtaRsQvnmW53Gdw8SslP3ekZJXganOP3Kr+SNXhkuJM92qviL05TZPzYeAqOt+MlGGE263skwcAkYyvJhvnO67HAT2wEuV8n0aYeHoisy5N9XfFrqCridHSMjpg7nTuszX9UX24M8CqrnlhOcA4VY1uk8p3KpWN9ja9JTU+EPaC5u5ynAnGAiU8bn+XTk4UyntFXIc6Nj3U+RLs6FdEpcQiVUjSeeUWngfJsGndaCm6dGQ6c/krSnt1JDgeGM+qF2J9GynxFtrzJYM1T2SplI2wCrqm6cigAfLyrURhuzE9kMjz/Mbt90Dlk7ml8PCrlrJCEcNMQ2JgUhsD5wNLeVNbS0o8zmbhHbNG3aBuSEL5OzVp4x4SAUtj1kGfYfZWkVDQUmDyUGI3Gc4Aw1WMNv1gGXcqG+vTr0NbLgYib+idHT1MrgZzt6KYyiEeMNUuOIkDKhsrpyBht0IAJG6lR07GbAI0TAdgpcVMMA9/ujNHxpIiwRbjy7Kayn4PH5plRUUdvhM1XPHCwf1nCxHUHxettBG+C0tMkwONRGR+SFySEXXV0R3SN3VVlDbIDLWS6MDYeqwXU3xat9PE6ntrnOfwcLzK99X3i+vJq6qQgnYasAKhEL3uz3PdLlYee1PlpWf7XRdXjqq53iQmSdzWHtlU/gOleD+6kQUbnEZHKs4aNsWkpbk2cyc53PM2RKS36sFwVpHAyIBNL2xsGANlWVl42LWjgqkmxM5qvsmVdbFTt2/L3VPWXOaZugnY84USaaWofqJKTIiCDjlOjWYrdTl4ixzA9x3Cm08eMHC5DBxkKfFGMA4T4VgfIlzk7HGMb9k578jGEmuDcgjCa8t5ytKqM9up9I4STueyjSzbhoT5pDjDV2mpcOD3jJ9Mp8KzHbczsETickKcNgB6JNY0NGBhO0+6fGDRhnY5MYAe6eB3SwF1OSFjl1JJM2kHJJJKACRqeAzHAXIYXyyNa1ucnCk1csdDGGjGvuEqcscDIQ3d9BpaiC2wBse7jz6lUtRO+pcXvP29kyWodOcuHCRbgZJWeUs9j288R6AlridkKaoEDcOOCUyquLISfDOcbfdU1RUvqnFzkmyzC4GQqz2GrLhK86Q4hvsVXk5OSukdyV0sx3WGyUpPk0xiodDQMnCkRUskhBaNkentsrmCV+wUw1EULNDGglAkXKzPAKGmZEMvISnnYAGtwhSTeIcg4UUhzj3/VW3jgFd8j3yl5zyub44XQw5Ckxwk42RRg5FykooDGwuO4U+GnxvhOhpwADpUmNuOy0wrM055GMiDcYb+6kNGw34SDDjONk5rAVpUUkZ5TyPDQE8gAZwlkAblDJDOVTlgX2xB+ScBI4A3IQXStaDthV1bXhjSBulytSNFdbfRIqatsIO44VHcLhqaWggqLWXBznbE7hVxkfM7JK4+s8ioZUX0dTR6Cd0sD5J3SOO/K62MnfC4GozTjGy8pdfK+blJnsNPpI0xUYiYzjyqWxoAGEJrQSDjdGHCVk2xrZ3lehdBdOmYtqJGHAOonHPoFQdIWD+K1jZJmExg7L37pHp+OKICOFoY3G2B7LVUeo8N41zfyWGj6ZtjaOka4tw5wyrsnAymRhkTNIGAEOapawYHdalwe8qjtiMmnIwCuR+Y7qK5zppMkbKWwANBJ4VjW8Eg7ADOEOSURjOx/NDllz3xjdZHqLqNjM0sDiSMgkHujSyZrr41xcmwfVHVDG64oD5vp2WSpaeWqe6eZ2S45AKdDSvrKh0kzicbhXdHQ6cEDGy1V17meb1F8r5ZY6iowxoAaFZNaGjC5GzS3AbhNlkDB2/Vaox29GboeXAAknhV1bcomN0tO6g3K6kZiiz7lVYL5Tqd3/ZVv5AlPAasrp5zp8Q6fZQmtOcEo4YTwjQUMkuDjZEL5mMpaN878N47q/t9uiY4SOaDpGAP9UWktzImNDR23U1kYaMYRJ4NFVT9jRG1nAwhVEmwATp3gkBMZC5xVOSwbYU5ABr5DwpcFKTg4Umlpdt24U4QBmCAs07MGunTpEWKlDcEhFDWhuEaQBg4woMlRg4A2Sd5rjUohSADkFLU0bZUaSoc7GyaA92MJU7MGiESZtg4OUMl2dilDE44z2U2Clc4gBqVKaia4VZIgjeeGqRBQl2NTeeysqag8XZrd/uru22jBDpW4/JKduDRXp9zKm32EPc0mD81qbZYqaBzZS3cdlOoqZsYAAGFLIaxmvIaBySdlnstOjTp1E4YwMY4UOqusFLIY2fzHegQZK+atd4FviL8nHidvyU2ktkMDhMWh0pHmJCzytN1dGQFLRTVRFTV5AJzj29FZtjYGhoAAHZO8UYxjhBlnAwkykbqqdq5Pk8vLgdSH5WnO2VFNXq2ARIaG5VTiYYPIeHEr6TClRPyDq/Maaj85L/AKDnzNA23Ud1Y52GsblWkPTL3EOqpsY7NKtYLTRRafDi3Hc7qSjGPZ5vWfVNaWylGaiir5txAQD3VlTdOiTElTM4E8BpWgZG2NukNGFwtJQKOejzuo8xqdR/U8EKmtlJCMBhcfUqaI2geXYLujT7p+CmbUcyyyVvMmDOD2TsBODSdwERD0CNLW4OyEeUc8H7IBByjRTOJJ6SsmfQxJJJQoSSSShBqSSShBi4eEshIkYULSGEnOEHlFdygOka3k4S5T2hY5wPxjfKHLM2IZdjdAnrPDBwqqWommcdbtllstOho/H26ueIonVNy/DA7BVNNLNKSHyZyjtY4n7oraUnBwsdt57bxv02ozTkskKOmOQ7G6lQ0pBBwpUVNjAx+6kxwBoG3C5+o1UvR9B0HhoUYm0RooQ3AwjsaAMhPw0bLi5tl7m+T0NdUIfih2AAhnlEJGEB8gbnukNtmjKQQHnJUaWbbA3TZJe2EBu5O6kYOQuVqGyPe9wA7qXBTZAKHHEAQ5w2VZfOraS1AR0xMso2LW9k6NEn0jDq9ZVpo77nhFpW11Ha4zNVSCNgGclef33revuE7oKF0kFN6Zzn81VXOvrLpUuqah3mcOBxhR2MI5HC6Gn0+3lnz3yf1Fbql8dLxAZu86ncnkp4DQ33TsDsEMA5XQjXg848t5Yi05SDXZ4RmMxgkImkac4V5wA3gE0YAz2TkjykqLApIml3ouJoWBJJiShMiT0xPUIhx4THHAXS8YUWebIwEm18BHXTDJCAS4pBric4z+aO0ABZ3lsKLwDwfRcLXHspGkei4QMJsY+yKYNJdIwuHcKwhqWCnCLJzhFDO+FNpAWn2S0+yJ5UjpwrwTINMOy6eUJA3gsefMhvI7/5rpdjclBwZMIHLBaH6i84HdEDcALjGgb4RGu1fkqLk9vQ1DldjGO6eXNwVFe/CMKJ0vOd01x1YKGTk4Ro4jIQAOThWueENeEjtPE+aTQwK/poBTwhpO/dDo6SOCJuG+bklHcQBumxRitnzhA5dty5R3O9EqhxLguNaO5TOhKE0gA5KFPNgjCU7txpKa2M5yR+6TOeeB1aHMaSc4RdAXGABGiYXFRvHYaTfEexjY3agpjYg3AxunRxgNGQtF0l0xP1DXsYyEuY04JWS+70el8b4+aa9zYfojo+a/VYf4ZMYdjGO6+henenqWw0TImMaHAbkdkPpjpqj6eoWRxRND8DJUPqfqSOAfKUziXHkhcy2w+o+M8dDTVKUvzF1N1G2MGion5dw5wWWggkqJPEkOpx9VyOKSaTxJdy7fOVfWi3OcRKWgNHr3SHLJ24R5JlDSw0FIZsebTz7oVPTurZ/EeMhu5zxlSagGpmbSxnYbJtzqae204giOZCMEhJNUYJIi3OvZGDT0xx2cQotutprHl8jsBu4yuW+hlr5httySVqI6eOCNscbQMDc+qoMZFBHFGI2tAwNz6qHcKmKhi8SQ/kpNdWQ0EJmmd9h6rCXW6zV85cXEN7BRvAucsDbndpa1xa0lrVCghdKcNGU6CIzStja3Oo7rXWqwxsbqOBg9+6TOeA4Q3sZY7O2FollYN991pII/MDhDjj0ANzwnSTBrQ1vdc7U3pI6Ono2vJ2qqTD/Ljd23T6O2ySuE9Q73Awi0ttGptVU753a0qzjZnjgLkWag6cKzkMIaN12WYMG2FyebwxjG6j09PNXTiOMHc7n0WG27JpUcBKOgnulRpa7bO5W6tlFT22ARRMGe57lBtltht8DWRtGojc9ypEjsEYXOtsyNQWWXBGyouob7DboHNYdUpaQGjlSbxdY7VTGplAIHAzuSspardV3+4uu9S3TFnDWu9FinLI5JDum+nJ7jUfxe75cCctaVtWtaGhjGhrQMADsgscyGNkLBgNGFySpawaSBkjOFQUY5Y+apZTsL3u+w7lQ6enlr5fmqoERg+RiLQUMtRIausHl/AxWbg0DjGEDWORwmBrWhrQAB2UOvukNEwl+C7s1NuFxio4i8nLzs1o5JWe3qqj5qqOvHAJ4QuXoKMcikfPcp/EnkxHnOMqfT0ssr2Qwx4aRz6Idvo5aqQ4bpg757rTUlOGcNwrUWy30MpaNtM0RtG3c+qmNjaxuSQAFyYiJus4AG+SVgeq+tXea2W45JyHuBRpGdv0WHVXWdJRt+Von+JKcjLexXn7nVNdP8xWSGQ5yAeAm01LLI7XKM533VgyBuA0bYTYxRQ2NmoDyqTBRukOQCpFJRucR5dlc0lI2EAlqPorGRlutrWYke0cbBWWpsQGnGUN03hjGOFBqqgnLVAmsHbjdJMGFj9zzhVcbC45d3T3DU7UV1zScBuQpkE60aeFPt1HJVzBjW7dyj2qzvqHtdKzA5OewWop6KGnYBEMe+EDntLAUVnp4Dr+pwHBUt0jBk7Jsk7YWnfsqirrichrsFInPJETaqs8POcAKFTUtbeZTFSs0xHl5Uy0WKsusgNWCITvuMLa09BTUTAynYGjHosllqLcsEC02aG1whjWBx5J7qzYzBBxujsZ7IjGYPCySsyhcpYGBm3CK0OBwE/TkDDcfmn4CU2LyJozhPTgMbBdwUizks5gJYCS6OUI3oWCuIw06UI8o2gDianJqogkxPTFCD0OWURN1fnlNqqqGjhMszsALDXW91tyncyle9kAJwMrTVU28l4yOvF6rK+d8VOf5W4cfX7KncWxtJwAUZzmUzCZX6SRwqmasZM4tjcfuurRXgM7UVT3Za0coVLTuc/cH7qRTUbpHjG5WltFr0YfLHwnSe0KMckay2pusyPZwNgeFoqenbEDsiU8McYwyMD1RMhmyVKe4JJjSAAd0A5c4BOkJecBHhgIAeQEvLGpYR2GLSA4jhBq6psQGGj7I9TVRU0Rc8b42CzslRJUPOe5RhxicqZZp3nzZyiUdI4OBIwjUdEXODnKweIqdg23VFt44AvxEzcY/NV08xmdhEragvcGt77JtNAQcnunRWQZcBIYBsSFJaA0YCQAA0oL5REcHdGUOnlZTs1vKpZamaqmL8+VOq3zVc+knyj9kRsTWNDQEcI5KYLQXEbboxAhA1YH3KTnth3djbuVlL5fJaqV0MMmAPRdPT6dt5MdlkY8Njr7fjM80NAdxs96psYIJ5ShGnncnlHZHqXXpp2mVz3DGCSaRrGt+5Uhh8IYATQQwjSMZRqeM/UQtUYipSwPbk8jCfkMGU4tACrbjXR0keuQ/llaIV5MN923k7X3COkYZJHBo9+6wN4vsl3qvlo3ERcE52KFerrLdpjC3VpzjY/sn0FuEEYLhlx9uFurpxycfUat2LbBnaWjZE7ZgOdlZQ0m2oDCNT0WBrfjft6KQcRgaRv2WmMcGNQ9kQQkHSG4IRBG2NuqT6u5UzwWsa1z8F7huVAmf48nhRZwOSmpZHJKPI18gdtFuQix0wgaZZHBzzv9vZGihjpoxkDOMhR5nOetEINibbV0Mkn1O0gcqNPK2njdM4gY9Uyrq4qKF00rwMDZeU9YdfEGRjHnfYAFb6NO2eZ8v5qrx0G59ln1n1zHEZIaV2OxOV5nW109fMZpnEg8BRpauorpjLLuHcD0R2QO22XY0+kxhnyHy31Bbr84Yo2ufypVPA9x2aiU1KXYOFdW+iHlJH5rrVUqPJwo2uYCjtsjyARp75Vk6eC3xEveA5u+FGudzp6Fpji8zxsAOSVy12WouDmV1ycIw7doPojykaqKpWvgjNFfep3yMkMcI4Kl4orZDlzhr7uPJR7lcaK3O+WgII48ows+aaouU3iEktUckjpRocTldc31EnhUbjvymUViM7vFq8777q6orPDAzU5oyNz7J1ZVxM8sLskeyy2TyNVDXYOnpIKNmIhhArKoRsyRsoVddvl43OmfjbIWMunU09UHQQuOM42WK27Dwi2lBYL259Q0tK0uBDj6ArL1FdXXCbW06Wu7ZQWUzXND5zk8ohqI4m4a1IlZnlipTY5lNHpLpiC4Ickwi2ZgYQJalzieyAHlxyVns1UVxEF8hn10jstduEE7nK5qPGElhstlY+SYHAJLqSEsCiALiYoEGie7bdSGOzjBUFSInhp3RwbYE4YJYIxwn5HohByIDnsnoyyR1OwEhumHhMwTI7DUsNQiHZXMn1QYKwH2xgIYG+UzxCneIPRQmGEHHKcCBug5KWT6qm2uiYJIc3/5Sk5ze2P1QMH1SwfVXGX7JgLqH2XUxdyQmKa9lBUkPV7JB2DwjyiLhhdXsuDBJ2SBwMJawjyM3JhY4wdiOU80kJbnG6YHYT3SbKw3KMVyCfBgkYQzER2/dFLwDlPEzRgloA9VRScJ+yL4TvRNIwcFTzJCR5QMoBYDwoR4RGSRvCHol4O2cKFAUl0tIOEsFQAcl+SSShBYaeQloYeEl1qppEba5AOjwdghuYVMIyuSMGAEvHILsz2QgXN7oral7CM7rpjydgmuiOM4V8oNYkToK0nGdip0dQHAYws+A5p5RoZ5GkYcjVr9gTq/RcSUsc/nadJP7oWiqo3ZYdTfRNgqthknKl+I145ToLdyJaaZHfPBK3+bFpco7onN88Mm3YZ3R5Ywfw/ugOgfEctKMuMyTS3arpcCUF7ON1eU9daLm0R1MYDiMLPQ1D2ZE0Ye07YRGUXju10VRG13Ol7sIWkx0bJRfBZVtgq6I/NUIMkTvw5Vd83C93g1UWh3BDhwpcF9utvIhrmP0t78j8lcn/ZrqSEMqQKep7St7/dInWpGmM89nenOqeqOk5m1fT9fKWZGqPX5cfZfQXw/+Pli6hAoeoY/4XVNwNWMxOz/AJL5pqunb1ZyZaKQ1EHbQc7KFDdonPMU7HRPHOod1kt0meUel8T9Ta3xf2xe6P6Z94zx0VzgDZ4Y54XjLXcgjsQVTutN0s/ms05mpRv8rJvp+xXzd0H8WOpuj2Mo/mDdKAkYp3Pwcf4Sc6V9B9HfE7prq6Lw6WpfBUsGX08ww5v2Pdc6dEoPDR9S8V9RaTyS252y/TLigu9HWu8GQGCp48J4wVP0Act4Q6u2W+5t1vY0u5EjNnD8xuoQZdLSNmmuoRySf5gH3SFBZPQ78FkGN9EOaNhAJaCPQplNXUdWwSUryfVp5CO5pVv7Sm0+zB9WfD6luxkqKFrYpHb6e2fZeR37pivss5kmgdHg7ObsP1X0k5qr7pZ6K5xeFVU7HtPq1Pr1Di+Tz3kPCVahNx4Z4X091XNTyspLjK5zXbMeTwfdejUFy1MadiMcjgrK9Z/DWWgZJXUJ8SnJyWgeaP8A9FlrddbtYpsSl80HdpJyPsuhXfuPnuv8RZRLFq4Nt1t8K7N1zCK22E0lw0nL2HDS73C8AudqvfSl0fbL1SOgljJbk/S8eo+6+i7Bf/FjZVUkmoO+puVaXzp6w9eWp9uvFOHE7sfw6M+oXQrtwec1Xj1/Qj5lpa6enlbNTSOjeDnLXYK9L6Z64pbs1luujRDMG48UnZ5/6rCdffDi/wDQNaX0mqrtzj/LmDsgD0PoqCiuHj4GrS8c+oK0RkpI48lbTLno+hWt8MgAgtIyCOCFKEbJ49JaHFeZdL9bSUsTKO6B0kY2Eg3IC9FpJWPibPDIHxvGWkHlBKLT4NdUtxx9PLA7cZHqiQyEEDlSYpIpPLMUKropGYdTcFMrsbDnUprlEmCpLHAqTPTwXCHRIADyHDkKmZK5hAcdwptNWlpytkLzy2v+n65/6lX5ChlkpCaCtOWn6HlEoqurstWJonnTnsdiFMmp6e8waPpkYNsqsY6SJxoa4cbNcVshNTXJ5XU6Gyh7Zo9f6V6rhucLYZpB4nYlahj8/mvAaaqqbLO2WJ5Lc5BBXqXTPVcVyp2MlI1jYnKllSfRybaGujYAjPKKHZbg4I9FFa7g9iiNORysNlWOGITcHlGG636IjmD7hbotju+Mdj6hZ/pq91Ftm+RrHOMWcDPLSvWnt1YCxPWfSGxuFujy87uaAvGea8NG6DlFH1z6K+sHSo0amWMdMv6KuyRjdX1PVFzQOV5NZL/PARR1Tj5TgE8j2W0oLjK4NLX5C+SeS8fOiWJI/R3i/Jx1cFKJqZDqALThSaG4D/s9QfYEqqpKt0mGvxhdq4na9bOD6LgzpcXyeghdk0J8WB2uFxx7K1oq1k7NLj5gs3Zrqz/stUQQdmkqdLC+lf8ANU7w5uckBZbIDt2S7e50WZD2U6jrGnS1zsehVRR3anq49L24dx+acf5L9UecHtlBDKZHysneqrC6siN3oiW1VOMtLTh2R7plsrpeqKA1U7vBu1ABqLNnD0P7K6parVEAXArOXqnqen7jF1DbWHwmnNSwfib9u/ddHSalwkjHdUrOfZQ/GP4YWf47dCzWmupoor1FG7wZcb6scgr8rut+jrt0R1HVWG70r4ZIHFoJGzj3x9tv1X7AOkicIOorM/WwbvYOy8K/tWfAGi+LXTsnWHS1LE28UrdTogMGZgGzfZw3375Xt/F+TUbFzg8f57w/8mrPtH5txuGRjCmwTHYKumhmoqmSlna5skTixwOxBUiF+CF9Ao1CnhnyTV0uqbgy4hk4ypcbgQAqyKQHHqpcD+Mrox6OZKBNacjPqnNODlRwcp7dk1PAiS9FzQVJaAMrSU1S2WIMdv6rGU79LgVd0VUWAeyfCz0czU1c5C1mIZS0N2PCi6sq2ukDX07KiNuTtndVI2G6uWeyqeYhl1wyENOJGFQwA5owdlH2BJCknk/ZRiBklZboblgbCWx5Nz0zVskpmtYcEBaOOQuaMheedN1ToqkR6tj2W/geHDHqvJ6ynE2fSvDav5qU8kG4wBjy4cO3UOjldS1LJmnGHBW9whLmascKne3Bwdlxb4Lo9Tp7G+T2rpK7uliieZc5AW+p5s4eN8rwnom7mNwpnv3bwvXrZXiWnbvnC8nrqds+D2vjtU5wSkainmwBuFM1kgEHlUlLNq9VZxOyOVy5xwzv1SyTFievaDxWeOeW7tI7LaMGMqn6mon1ducGAEt3RUPbLJWoirI4PNISXMBPOFyZgc3GV2EOhldA4btJBUh7BpC7Fczj2QzwzM3ykZ8s7IyvMuoqAxvE4bu3Y+69kq6cPwC3IWE6jtul0jCzOc4+y9J47U4konifqDQuxZR5fcaYSxF7R5huqiCVwOFoasmGV0T28HCz9wpzBUFzR5X+YL2VU8o+Ra2vZbwarpi7mKTwnkaSFddQUQljbVQt7Z2XntFUOYcNcQfVb/pm5sr4HW+fGoM2J7pWor3dHY8Vq3P/AErGQbfWaQI3d1ruj+ojY68PlJMT9nBZG42+agnL8eQnIIUmCYOYCeVwtVQeu0N7qZ7nXxUl5oPHpyHtkbleT3m2yWuvdgHSXbLYdB9QxyxG2yncDbJU7qywNqIXTNAzjK5Eo7eGd/aro70UfSt48QiF7vM0Y55Xq1hvQip2se7I4Xz+x89BUksJa5hXoHSvUHzjBG54Dm/UCsGpp3dHS0Or2PZI9fe9lQwSxnJO4KurFdW4+SqSA/GNysdaa5rogxzueDlWbpCJI6qLZ7CA73C89qqOT1umv2yNfb6l9lumiTeKY4/P1WhuTGTRNq4NwPqWXpaqnvFK1pOJmNxzup1huUjZXUVQcgbYPcLl2wa4OopKXJaU8rXs2O45yjMznlR6mA08viwjyndEjla9uR+YWVx5yEScA4OFV9TWRl3oyGNHisG3urJrvZGzqGOEyubTEzhuPFKN/wDs9dnPkiL6Z4MU8X7ErRUWOm6+CsgOu3V27Wk5aPVpVl190vE6n/ilNHh4OJAOD7rOWO6xinks1x3il/unP/4buxHounRPPJjsrxweQfHn4ctsVw/2hstORQVTNYa3fSvnDqakY+XxoxuBkr73rqWGst83Tl8YJqaVpEch30+hBXyf8Vvh3UdK18hDM0surwnDghe58H5DMlGx9Hz36m8U51SVS7PGMFdGxTnNIcceqaBlw35X0GuyM4JxPjN1E6JNSDDhdXAey6nCRiemJ6qba6IIchFbvshJZKFWlokiPVjA/dd8E42CBHM+P6SpEVW3OJEz5TRUoSeJC+Xcey6aZykte14y0ZXeN8K/mZs/jVyXBG8Ig/SnBpAwCpAOfwp7WjI2TI3sn8OBFETuzV3wJedAwp7WtxkNCaXFM/lSiwX4+MiGGOb+FdLD3CneGP6V3wWnYtTI6xf1C5+NXpldgLuBkBT/AAIjv4X7rhp4iP7n902OqrkZ5eNnjgiBoK6GAI76J/MTE35Oo/oTFfW+jHPRWRfQzS1E0x+q4KGoPbH5oooZfzQ/PED+JZ+mDDGjvlPDWcJ/yVS3bw859Cix2yodjtlMVsfZFo7W+Isi4YiM0j0/VT22ic8hTIrLgZMYyi+aP7C/4ZfP0U4BLgpDRkDZXkNlaTvHwpsdvpgMGMKfNH9jq/D2v8ngzsML5XYawlT4bbUuwBHhXbIIm4AYNvZSBjAwMK/mNtfhof1spYrFO8/zHBoVhT2SlicC7c91OaSnaj6qOzJrr8Zp4ehQ0dJE3+6BKIxozsdkmZ7IscbnHytyUDk2ba9PCHEEdDTgLuB6qRDQ1Mo2YpVPYwTqmfk+iJTwbIUyl0QWPAxhuUZkNTPgRAgFXNNb4YcaWg/dTBCyP6WAZ9FFLJqr037KmntEj8GY5VpTW6nhAw3dSmxkjhPjj3RZNddMYejsUYbwNkdkOfZEjixz3R2MbyTsOT6IsjlBR5BMj33HCkMhYMB4/dQ669We0Q+NV10bCeA44ysHf/jBE1rqey0gLwceK/cfkEErFERZqq6uz0eprbdbIHVNW/wmN5JKwXU3xepLdE6KxtE8xOA4jOF5leL9dL3L41bVSPPIGdh9gqwQEndA7cnL1XkvkjtrLO79U32/PL6+tkdqOdOcAfkqoMkc7O5PupUNK7Y6dlOgpG7ZAygcmzhWSnPiTyQ6emncR/L2VjBRg4yN1IaAxoACG+obGMnCIU8QXI9sLYht2QZ61jfLsVCq7oSC2F33VRJPJKTlxRRjkzz1UY8RJlfcZXHEZHod1BL3uOpxzlNaC477ozIz25T4wOdbbKUm2OjaTjKkwQl5SghOAS3KnRMEY4WuuoxzuUR0MIa3fZPDhuMJO342QHuPotMK8CZXt8ILM4AZBUcSPedIb+acAZCFKgg04JCcoC3ZgHFTOID3YUqNmMIgAAGBjC6mqOBU57kOHC6kkm4EMSSSSgQkkVJGQS7E0yOGkZykyMykADk4Uud9Ja6UHOZuyXOeEFGOR81RHbYgYiPFc3fPZZ6aeSaQvkfkkrktVJUPL3kklSIaeKBgrKrYD6W9yVklL9jIr0gUTDnLtvuoF0u4ANNT8/iKjXS8TVEzg3LW8Y4VadyT6rLbbHpGquseHvfyc4S2aMkpheGHGOUemoZq94awEA8lIbcmObUAHmlI0jP2VjSUMcAE9UcZ+lqkRMpKCEt0Bx4USqqdfbZDLAvc5Pgky1bOIzlVzpC5xPC43Lu6eBkoEtwaWOWcAOeURsBzqxynsgLiDhS2QYxsnRr9sXOQOKEY3UqOMDjZdZGUdjHAggLTCszWWM4xgOyM1mCDhcaATjhFy0crQo4QlzO4AHCETgnZFcQBuUB50590EpFJbmOcMYw5Bnl0+m6FJU6M59FW1lcCNlituwPrqywlXW6MgEbqirq0v8uU2urSTsVXgl7skrha3yCjLbFnc0ei+TseS57slPY3G+FxoGyMG4AOF56+6U5tvk9Vp6Y1QxEQaccIgaG7roaMYRACeEj5DZCOTisbRb5rhUtjizgEZKh09PJUTsgYMueQF690N0pEGsIgzj6jjkptUdzOv47RS1lmEXvRHSwa+MNZp4/yXrFFRMpYst29FX2W2w0cQLWaSf8AorSSQYAHZdCuOD6Jp6IVQUUuhssmnuN1F1ue72TJn63AAp8TcDJ7pno1dIIz1xuiuOBjOAExZ7qTqGKkjMMTzq7keqiE3WxjFtkfqbqLQ00lI7BOznLJgSyyanZJPdOAlqnmV+5duragpA3Bc0bLXUuTh3XfKxUND5dRGFZR4hACYXsgYSBsFU1t1/DEcrTu2LgyuKJlXdmwZ0Hj91RTVdTVS6y/SD2THiSeQvkOR6JwjaOynyZETWThYCN+6a1hPlajthc44CnUdvMhBe3Ge6oqurd2RaKgmkfhwwOcq8o6FrCDjCkUdCAAOFPbC2MAhE3g21aX2BEIY0eXhBkkDtgj1MowGgKLHEXvBKU7fRsr0+DjYnSOzjKmQQhm5CLTwhjckIukDfKV8mTVGlITA1nA4SfUFg22IVVc7uKVpEbs52H3WekvdU52rUUqUmW5wjxk1bqmWUlp3yoxaSdyo9uuDaqIEjzAYKs6eB0rgQOUt2YNNUPk6BMgLj9OVPpqQ7eXHupVJRDLchXcNu2bgY90mU8nSq0zZUQ0A2AG6tqK1u28RuxVnSW2IjU9vCnMhAwAM4SLLToVabaRaa1xswWjGFYiMnAATHTwUkLpZ3aQ1Vf8Vrrs4U9ogfHGfrkeMDCzzt/RohTgsKu5R28uDm6iOADuVHgp7ldHiesPg0pOpsOfNn39lIorFTU8gnke6aTuZDkforQlpGSs8ptmyqs7SwQU8TWQtDMZ4XJ5cYAam7g4zwloLuQkymbIx2jcuO4TmwlwGVKhpScEgKS2BrQNggc8jj5egs1vp3644G59wpga1jcNaAPQLqS+qLJ/NudjmCDBnOEQAYXcb5SQy45I/wBixhc0N9F1JXFhnNI9Eg0A5ARElUm2Q5gJqemKMsS5pb6Lq4/6SiKBpJp5XEQIk1OTVCCSSSUIMXDwkSAhF3KpvBaWRxJzsVzV7oLpwNgoz5gchInMdTVO6WIEieoAGBjhV087jsAuuLi7OSmhuSFktuwex8Z9NStxO0E4OfuRn81zwe5Ck+GF0RbrFbefQfHeJrrjhoAyHONsKU2MaRsuiMc4T9gOVgttcz02m0kKcJHGsA9knu2wEx79wEmtKxTbbOiooaS7lInCIdICiyOx3QJZCfB2SXT3UZ8meEOd7nEBoXYqeUeZ42RxryZ52fofg8pj3wU48SqlEcY3Lig3W601qpzLK4Fw+loO5KwF2v1ZeXFtS7+W78IK10Ucnn/Jeaq0q2x5kWt/6vkkDqe15aNwZD3+yzwe6TzPOXHkobmZwB2Tg0DkLfGrasnz7Xa6/Wy3WP8A6eh+gJBrQu9kPdx9kyMDmJPoROVzARW5xvyupmcBHA1o4C6kkoQYu4KQ5RDp0qFt4BkNAPr90E8lOcd9jsmAYRFpZGpJJKFj1xzgG4yE3UMFR8nJ3S5ywGlnse55yQEPS7Vkp4ZgghPHphKw5dljQ1dEXsnhnfC6NkcYYK4GAYSJTiRgoLCXE7I+imxPkwcAJRx4IJCeyIc4XSTwAqCUsjgE08JZQy4YQzltCEScrjicJp5XNSTvLOHlDeQGnPdddloyeyE3VK70VSZZzdzlIaAxoSYwAZI3SQovvgScSMcobnDcZ3QiTk7qy4rLE4nJQTyiE4CGeVaeRiwhDc4VvbaZ0f8AMcBuNgVHttGJCZnt2GwBVvgNbgJta/Yi6znCOZ90Gd2OCnEnKBI4OPK0tJGdc8i+vtwhyP2KfrDWnKjOyTsUqbxwGl7Osy5wycqSAAAUKJo77lGCV+PIceXg61uXAeqnQQaMEhMpafH82QfYK3s9oqrzVNpqVu3d3os91uD0nivGucszXL6JHTfTlV1FXtpaZh0gjWcbAL6H6S6Soum6FjGRN1kbuQfh30RFYbc10sbfEIDiSN/uSidWdTxUo+UpnEu3yQubbZk+l+J8XDRxVk195zqTqSOkjdTU0mXnYkf5LHxNknm8eoJcXbgHsokHi11S6aU6sHPOyu6Oimq5WxxD/mPosVk2z0MIZJdrohUyYLchvKvpSI2imhIbtyF2np4bfABgav8AMoTXiMmrm2aOM90GTVGDQpHst1K6QY8Q9zyqGBlTcqo6jq1cn0XaysnuNSGjOnOGtWktlsZRwAPAMh3J9FBw6kpI6SIRx7ep9USWeKEZkeAnSvDASVi77eBUPdDG4jG2xUbwBOe0i3y6TVtQ8GTLQSAB2CqGlziAGndca4l24JJWx6dsfhtbWVcQ827WlInMCtOyXA7p+xiFgmnbu7fcLRtaAAANgk30AwBwnAHO2x7LDqb0kdfTUcZY0j8I5PZSaO36CKipGccNPqplLbY4WfOVbhkD9UzxX10pc1x8PjGFxNRqMnTpqQRpdUP0t+kfsiSytp2gNaCnPMdJD7+nqVBjbLVS4zyVz52ZNkIqI6OOe4TiOIE55PotlaLRFQRBxaC8jlMtFphoYWuLQXEZyrF0mkHAyslluAm8nZJAwKDU18dNG6STtx7rlTPg5wVm6qeS4Vnga/Lxssc5ZDjEjR/MdR3MyVBJpo3Ya0cLTaoqONtPBGM42aECOGC10uI2DIH6lDhfhpmmzqO5z2QDVHJJfViOMySnGO3uu26jqK+X5up2YDloKBT0U10qW4I+XYck+q0zdFOwMY3YKglwMA0jCgXKvZTREZ/mHgLtzukVDHrk3cdmtHJKz8xml11c7sk8DOwHolybYY6d/jYkfu88lSrZbJKxoleSyPP6rtotr6yQVErSIG+v4itPAxrcNaMNHACFLktywcpqVjWNY1oDRxhEnfT0EJnmcAB6lOmnho4jLI4NAXmfV/VUl0e+kpSfAGxcO60RQqU8C6r6yqK+WWgt8pbAdie/5KgoaEPeZJB5mjunW+h0gSyt54BVhGxrdm7JsYLAtSyc042AR6Ole5+dKdDTOcQSNlcUsLGYBABV428hqWDlNTCJoyN1JztjGEXwdIBwgSuDdglzlktg5nYxuq+V2+++VKm82N/3XIrfLK4ae6rJZGZE5/AV7abGdp6jGT9LSFJttrZEQ+ZoOOArUuaFTn6KGsg8LBAAyuTTeEOMps1S31VR4tVcKk09GS5x/RIlMgWtrHPxHHu93ACuun+lTI0V1yB8xyxnorSw9JwUULZqoCSd2+42HstCIi3AAwsV1vpASlgFHCGgBoAA22RmMOeERrBtlv7orYwQCG4/NZJTyBuycYxpaugBuwCMG7bBLBSnJ5FSeRoa0cBOwV0A5TwPVD2DkYAcp2NsruAuq8BAiPRLBRMBIgYVYJuB5K4unlcVBDUkklAxINXVRUcJllcBj1SqaqGlidNK8AAZWBud4quoq11LSHFKNi8nn7LTVU28kO3S81F/qXQQOLaZhw4/1fZNPy9FTnJAwNvdFMVNaqbBwAB+ZKz1bWSVMmojy9guhVVgbDAGrqXVMuouJ9ESmoy9wcBhDjhL3NOOfRbCy2d8UbZZgAXbgei05UUECtNlly2c7D0K0jIgAOMhKOnMbQA3b7on0glJsnktIHhrPyQZCZHlw2XXOMjtuyKyLPJSXnIxLHLG08Oo5I2CLPKIG8BO1MpmFx9Fn6qrfUvJcTyiXIyK3Aa6qkqJSNRwiUNK5zgS1cp4A9wBH5q5hgELAS3KagpPPA1rWU8WXDB7e6qq2rJdhu4Uq5VRLQ0bDuq+CF9RJkHHuij2ByOiidKdbgpjY8DGERsTWNGG4Q3kYJynJ46BeZDZX+GMghQZnOlfkJ8pMrvsuOGnYJkI7inLAEMA47rkjxGMk8boj5WsaXOcBhZO93sVDzS0zvp+ohdDTUSsklFGe26NXZHvl7lqpXRQyYA22VQxpOSQn6Cd87okYDDkrvU6dQOZZapyyPiYXdkQu04AGUPxSSGxHHqpdPDjDnBatmBTsR2GmBbrlbueEZpDRs3ZcLs+Rp45KiXC5QUEB8UgOI2TIVuTEW37eWduVygoYHTSuGw2HqvOrtcqm7SHQ9zQTsMpXa6VNznOHHRnYeyPbbc7Z0pGXcey6FNSORqrZWNqLwKhoWNaDgF2NyrmCl04JGCi0tGyEB5GcfsiSOzhoatPETLXV+xrmlrdLRlMbE6HMszPtlFAwNR2wor6qSud8uPo4yolkbL7TuqWul8ONvl7nhdEMVNsxu6WRTghv6pjhr8xPK1115M1tvpHJNTiNlBu1zp7bT+LNgkg4BKi3rqOKzwGRzxjBAHqV4v1X1lVXaqfHHK7G/B2C6el0zk8nkvN/UFHjYPPMv0Sureupq50kEDi3cgYPZYYtlqZA6Qlx9SjCJ7yCRkqXDCG42Xb0+mwz4x5Pyduvtdlj4B01KG4yFY01OHEbfmiU8AOMhWFPC1hHC6MIKKOOlulgVPSacbJlfcDSgU1MA6Zw2aEq24sicaSj88pGymWi1RULDdboQZ3DLQd8fZXOW1cHV0uhnc0kCs3TxJFzu53G/hnsi3O7OmcYKUDR9LSOAiVlfLcm+DASxnf1I9F2itj4CHPxvxnsszmeho08aI7YlZTWeWoeDNHn3Kt2wU1C0Y8p9EWe4xUzvDhAdgblZ663Roa6aeTGOAlzuXsOUUuSxuFYXR+HEdI/EQsddupKWgDmgh7hkcqivXV89UXUtBKRj6is82GSR/jTkkn1PK51+q+7bARZPHCJc9wrbtKTJKQOeeAiQNhpxqc0EjhR45GN8ox+QXH5ePqwssrmuTM3u7DS1G+GgKM5xPdMwfVdSpWSn2C0Ox67pAYGF1JZiDsBNTk1QgFJJJQg9JJJQMYuhxC4kouCmSY5ScZCkg5GVXA4OVLilBABT65iJRyTG+VOznshsfkYwiNWxYwANc0AcIRGN8I7k3AQNFN4AN3OCu6fddczPCTRgpeATmgpaCigDC6WgItmUVkHgpDlPICCeUiS2vKL7DAjHIXVGBOeUZpHdFGW54Jg7gpYKIMfmuloCMrODmr2TQXZ3XRkEIrQ3GAiU2yjgdjuu6/dcbucAJZCLcyPnsRGTkpIeR6JZA7Kt4OAucJZOULI9EsgDj91amXlhxLjsn6xjGFEMh/pTxNk4wiU8hf5CkA9lzATNbfVLW31RN5AY4w77LhhwMp+QkdleRgHSWnhdEpAxhP8UZxpSDWkZwoQ4upJIRRxcLc905JUH0R3RBc8IgZ9VIIykBhU45DU/2R/EdGchS6erJwMhR5I+O6Boc0kolKUOgWlIuRKJO4SIz3VXBO5rt8qYydvBK0Rsz2KlDaHdG08bIQbjcFHa4HuukYTSk8BKe4SRt8OZrZmej+yf8AJUVaf9znMFQeAdmE/dRtPumuGACDwg2hqxl1R3W/2E+HKC+Mc5GWkKyYeleqmlk2imqsbuA0glUFH1DXUg8F4bPEeWyb7KziprJe/wDsEzKecf8ADPlyfYoXyaI2cEG4dMXvp5/j0bvmoDuC052T7V1C7xmOke+nqYT5Xent7q3obr1T0lM2SWF01MOxOchWD7Z0V1nH/ujGWyrA+jGMn7/+izWVqXDHV2Ti8weDe9DfGq62l4puoA+vptgJQf5jfXPdy9wsPVdl6hgE9orWSuxl0R2H2c1fFtws1+6WcDK4zQg9jqAH3VjYetqihmZPS1b4ZGnZzXYWK3TqPMD2/h/rK3Rv4tXlxZ9lT2+hqZPEYx1FUHfVGcNJQTW1tA9kF0gDWSbRyh2QT77LzHoT41Q12mm6kLnBmNM4xgc/UvX6Wot91p/EoqqGoikG7dtx9lgnXPPKPpWj8rp/IVK2h5/aAhwmaHxkEeoKWnfBQJLbUQSa7RLsMl0Dz5T9k6luEcrjBO0wVA/A/YH7KnE2q3I2aIPGMZBWN6l+HVLc43SUBbFLzg8FbpzMpaCihNwZn1Onr1Mds1k+bqqlu3TVdJD54nRu3b2K1vTXVUde1scjtEzNiNWMr1O8WG2XiExV9Mx+xw7G4/NeM9UfD282SrNfaWufGCXN0+meFthqcdniPKeClp/9Svr9HocclLcITT1MTZGuGC17QQQvDviP8E661Pm6j6Ra6eHVqlpWt3YPUH0Wu6Z6xfJL8pXExyMOnfYgr0m3XGOeMO1g4HbuttWoyeSv0UbuJdnyHbLq9pAecArX9OdZzWapyMvhf9bC7Y+49CvRfid8EKbqIOvXSw8C5bnwcZ8f0avn6Rt1tVVJRXSmdBNC4tex+xaQtqsUlyeZ1FF2lswfS1qraS90rKuheHBwyW53B9FaRS4b4cgwW7br5+6Z6rrrNPHNTTO0tIJaDyvYbF1db+o2ARHwqlrcuYTjV9lFwaq71jEuy4q7e2c+JC4Nd6dioDS+J2hw3HKso5ScBwI+6JNTxSt1uaM+qOM8M1fFu5IlNVmPdWb2091pwx5AkA8ru6p5IXRv2GyNTSFg4wtULjBq/Gw1MHFjHxVFukMNTl8Z9eyn0NTNTStqKSXYbkA8j0U6kMFwjMFSGkgYBPdUFRQXCxVbnxNdJAd8dsLdVdu4Z871/jZ6aTjI9b6e6wimgZDVO8w23O61MNWHgHkFeK2q509U1r4zpPp3BW7sd6LYmxzZd25R2QUkefupceTcskDt0XIc0AgFVFJWNkI0nKsmbtB9Vz7qfWDMpSj+LwYrrPpQZNytsWHcvaP9FSWW8VFODHIMlmxBXqbsbZWG6o6YFI51yoItTXbysA49wvF+Z8JG+LnFH136J+tLqpx0d8v8MurVdYqhjXNkB/zCvYp9bACcry6lmmgiFVRgnT9Tc8rSWHqSOoeIZMskHZ3dfLfKeLnVJuKP0Z4vykNRBKTNTUQEnxItiN8Kwtd2y35eodgjglQoakbZA3QqyHWfHg8rhvhebsqZ34WFzOXx4raE5Ld3sHp6q1t90grIhn6uCCsxbbrok8OpGO2/dSKuKaGU3G3yYH4mjuszjgb8hrYphG7U123cZVk5kddSPp5QHNkaQQsrSVzauESRnc8hWlqurWyeDKfsVFlMje4rLNWusF4dYKrajnJMfbGVctLLbVzUc4zTzfpg8FD6ns8NzovHY3E0fmY4cg9lHsVVFfrW6nqB/vVO3Q7J3yO66entaaZl1Fe6J8gf2zv7OTv5vxK6NtzXAtMlZFF5cAcvwBzv+a+MKckEAnJX7LYpLla57Dc4WSMlBjcHjII/+Ur87/7VX9niq+F3UM3UdlgLrDUk4DG5ELuzcehyf0XvvC+Ucv8ATsPmf1P4PLepq79nhUR754UyJ2MBVkMpIAIUuJ+MHC95RLdHJ83tjjgsGOyEUHKixuwpbJG6cLSzDJckiNwyp0E+AFUtJBByThS4JdBAUhLDEXQyaymm8SlDHOzsq+eLDjj1QqOrIAA4UuYh8ReBuFujyjFjZwQl3J4ymH3XEEp44IuQjjkIJ5RCQhnlZ7FuQaWRRSvp5mSsOMHdeh2aubVQRyZyQMFedkZWh6UrMSmBz+NlxNbp8pyPS+C1MqrFBG4m87MeypKsFryWq8GC0fZQLjTZaJGN74K8vqK8n0bT27WDsNaKeuDztwvYenrqHsYwEebC8JEpjeCOxXo/SdzbhmXHgLia7TboNnp/H6nbJHsFG/JwFaU0mCB6rKWqvL8N15I49wtBA8OAdlebtr9Hr6Lsl2x4LU2oGqncPVApzxupIw4YO4SI/a8mt/esHld6iZDdnBgwHZymsdloV71rbPBkFVEz3ys5Tu1Lo0yzFM510cSwPljBHGVk71D4sr2kZwti5uxCprtStdFqDfNq/VdTTWOuW442v0ythyeN9T24wymVrFm3sFVA6IjzNGQvS+oaJlRE9rW7gLzqpaaaXBbgtO/2XvdBf8tWWfHPqDQrT2uSM+0ugmLSN2lWtDXy000c0Ty0g+qi3KANeJ2DyuCBG/BAyug4bkeXjbPTzU4dnqjZIb3QtLHAyaQT91TtgkgkMLhghVvTV8FJM2KY4HAK1FzgbKG1MY8rwOFy9VQ0e48frY3wUl37I9HUzUU7KiCQtc052K9hs92g6gtjWjBe2MavuvFACDnUtP0Ten224tZK/Ecm25XE1NOOUeq0Oqy1Fll1b0++B5qox5SewWZtd0fb61soyBw4eoXsNZDTXSkLAAQ8c+i8r6isc9BUuOjyk5aRwVzZLPDOnZU6n8qPT+m79BXQxujkGdsjK29BUNlGD3C+f+lr6LdOI5SQMr1mzXlk7GuEgOeCuTrKHjKO743VRshlM3FJUG3Vccrc6HndaappjMwV9IRnSHbFYynnFXAY8gkDLVaWS7Opn/J1b3aSfKSdvsuHfTxk9DTdk19puzauHwKgjUNvzUrwgx+W8LOzxigrBWU+8MmC4DsVoWSCaJkzDs4ZXPlHBvi8h2HvypTSHjZQ4iMYyitJbuCk55CkuA0zY6iJ8MrA5jhggrynqbp+e01jnAZhedUbh/kvVWPxnZQbxbI7rQPpjgP5YT2K0V2ODMtkdx59b6+C6QNoaoaZ2DDSe6zHV1ho7vFLY7xCHNLT4byNwfYq0raWqtVaWSRlkkRyD6hWz4abqy1O8JgFwphnnGsey7el1Djyjn3UqfZ8LfELouv6Qu76erixHKS6Nw4IWTLNsZX2H8QOkoOsbTJa62nDamEENcR5gQvky92ersNwltVewtmh522I9V9I8P5J2QUJdnxr6m8FOmbsrX2srhnjKIgkOa8gbp7TjOy9PCzceAlXKDwx6SYkmYyAPSXCcJA5U2Ih1cXUlCBWTSR40uUqGu1EeKcKEkd0I2u6cHnJcwOhlHldlF0BUMc0kRyx2FOpbkRgTHCXLKOjXq4y7LEjPdOHKZHVwSD60UebjhXls31yjPoIAMJ+kBN0eyIIzscKdjlFZF4bfREZG3PC61jjthFa3BUXA9R4ONiaPp2/JF0A7f6J7GZCM2HOM/qnRyV8f9iP4II+kIjaVmcgKY2mBGeEUUridke5oL4s9IisiDW4DURrCDuNlMbQTuGwCJ/D6j+kI/kb7LWnmyKB2Rmh++M/qpX8PkGMkbqRFb3EDLgFe4v+NMgYcnx77K0Za3YBL2kI0dtgzktCNBLSSkVQjJwANypEdFUOP0K3joqdmCGDIUtjWtGANgmptIJaGL/JlPFbqg9uVJis+rBmP6KxGQeUUDAwrUsjoaSESNFa6ePndSY4I2YDWgY9kRIcohyqj6QRoAA7BPac7JN4XeNymZRaiokhjN0doBxsowfpHmwPuVEr+p7Ba4tVVc4RJ3aHZwq3LJTuhUvuLlobgb4Kc3MZyV5vcfjJb4HOZa6T5jGwc7YH9lj7r111JeHOAqnRMdyG7KpWNdGazyNcfxPYrp150/Z9TKip/ms5asB1B8X6yvkfHaofBYdtQGMrBCCpqX+JO4vJ7kqVDQBu+AFTsb4Obfrp29Pg5UVtdc5HS1cz5HOOTqdlchgyeFLZS7jDQFIihwRthDtb5MM7JWP7iKyDgYOykx0wyCApQja0fShSTRwYDncq0InNQ7OshaMbJSPZCPMdlArbvHCMRvwVVPr5Zz5zkJkY5MV2qjH8S1q7o2MEMfuqmWsnmdnXshPy85KQ27psYGCzUOXYRpJ5PC60eifDA53ZSoKXBBO5WmulyMsrkgEMJGMt/dTYafSBhv7ojI2jBDdkcaQOFtrpwZrLW+ENY1o4HCJkAIerORhNLSTytCgZt27s6X+i41r5CNRThAXEFSo4wMeVMUc9kzhHI4Q1uSFJwNtuEhxwknxjgTJ5Y5dTElCx6SSSgIkk5dxhQhxdAJOAFzIRIMNf4hOA0ZQyltCSJuuG2UxmmAMjh5W+nuqMvluFV599XARHPmuNQXvPkH6AI0s1JQRGRoBdwB3JSLJZGJeh1RDQW2LXOAZP6VmLlcn1j8AkBp2AOwT6qqlqpTJK478KC8hh1Y5WScsmmusY4EkEuXAzV9JyUaKkmrJWxxsJHdXVHbqK0MdV1Tg534WDklZJrkcnt4RDtthklkE9Y0MjaM5PopFbWQ02qmoAGsKi113nqZDglrDwFADiSXE7lBKRT5Hulc85c7dN5zuu/Zda05BwrUWyNqKwdbGTwEeKI5zhOjZkZKkxtAK0QhgCczsceMbKQwDZNa3vhGZgYJWmMDPOY5kfchHa0Y4XG6QF3ITYvaZpNyG5CYSey7qCG9waN98oXYSMcj3uA31DZRKipACbUT4VTV1IA3JWG+5I1007mPq6wAHjj1VLVVury5CHXVZc7AKgAOLgSSvO67Wc7YM7mj0afLDFznuynBpxwkxuUQNGOFwbZ73lnf09KrXAhypA8wQQMoqXjJ0YI7p91JiyHAYJJ7BBaDnK2nRnS0lzrIppm6W9ge6qMcs6Ok00r5qMUWfQfSdRWStqJ4ANXG24C93sllgt1O1rGAY9lE6dskFtp2fyQCAr5rgNsLbVHB9E8fpIaWG1LkKDgKPLOTsuSzgeX1QGuwcrTE6cUFY0ucMqUACBuozHAbYTZ52QRmR78YTGBZLauQV4ucVup3FzhqcDhYGad9wqjJ+HtlHvFwlu1YS3UI27AHupFDQBmHFoCOETj6m5yltDUNIA0EtCPO6OBm+AnlzYY8NCpq2rMpLWuWpLCMTGVtzc92iE8qHGxxcHEc5SazLgfXupDCB24RqQhvLE1vsixROedhldZG55wArehoS1up2MlRySGwrcmBpbc4kFwx3VvDTtYBldiYGjA7IrWElLlakbqdOuzrRjjfC5UTaAByiEhjclQ5C6U+iVK7PRuhThDHOdK4ZClQxhoDsbpUsIG7mp9RI2MAAcpLk2F+AZpDQSSNlT3W9NgBiiGrOxIKiXa7Hemp3kn8RyqJ+t5xqKnIm62S/E7K+SeVz3uJzx7JRxEuwP/mo0ERdy3K0Vj6bke9tVOzy52B5Qzs2iqKJ6meEAsltlIAI0533Wxt1u0EZBGytKKyQs0OZG0bDlXkNG2EA6W8eiyztPUaXR/BFRZXUVqiOC4cbqzbSsjAwEUMDeG4Vfc+obdaj4cry6bswJUptnRgoQXJMBZGDlwAaMlVlX1HFFJ8vQtfLMOQ0ZAUJrr11FJr8MUlPyRjBKvbdaaKgAMMI14wXFZ5SZoUVPoraG119dVirusmuPkQ9vzWkip4YRiGMM9gmxYaScKQ05CRKzBpqqBn7pvmJxlF8LfOFIZCAAcJTswaoVgo6ckqVFCG4JC6GhgACeS1m7jgFIsmP2hAMDA7J6EKiPGG7lJrp+fpS3YQ+bEkxJfXT+auR6SSShYxPXMhNVdDhJJLmpvqqIdSQkleCCSSSTABiSSWQoQauZHqk5zQNjyhF2/KX8nOC8D1wkY5CYXAKK6VreCqc0gsB5HkHIOyjS1A04Q5ajsVDke4nYpE7sHY0HiL9Y00uAzpslDBcXcrgDjtyitjPcLHZefQvHfT0dNjC5EACMomB6LoaQMEJywW3M9np9H8aWBnCdsm5Cbk+qyTscjp1wUfQ9NBJ7ricd0iUjUkjujj3TcY7pZxuTwoVTXsYSM4wgjFthzsjCOWGqJjH+aguqDIdLRwmtNRWzafwjkqS9lJQwmaY6WN5KdCvJzr9W0tz4Q2GIkh724Cp+oeqYbdC+nppA6Q8BVF76wqJmmmoHaYhkAlZnUXnU7zH1K11Us8d5Pz6lmqh/5CT1M9XK6epkLnO5yghmOCi53wurVCG08hba28vk4G4GF3GE9JPyKcmxi5pGc43TsFLBVAnV1JJQgxJPXDwoQah6neqTiCSULIKJIh1NwU5sbjvhSAxujhWXJ44I6Y7hE2DkMnV3QTljgifOQRBzynBq7p3RBHtzhCl7Yxy/Q3ASwEkkQPY9NfwulwTM61AgR1F3GyK1obykQGkJHzAEKEOrhxykXDhAcM5GeUMpbS0simlxsAhZLu645ueTlcdvss0pZGndWclDc8k7bLgB9U5uRvhCGko8sawSSHDjsjtYIx6rjQCAAMJpznlE1gF8jjumvI0kZXTwfsgknPKsiQiTuAVxJcJB7oW/Q2A1+/CkUNN4soznAPKFT08k8oYwfcq8gp44I9LRv3KdXDPIq2WB4a1uzcAD0Xcj1QSSTjcJj3YzunuODO1ns7LMGbAZQWtLt0w5c5E4arbIljkDJqBwEowcAYXfxIzWjHCTuCGt3UykiDn5cONwhQU8ksga0fcq3pqXWQ0N3WW23B2fHaJzasmh9FRTV0zYIW5ztle+/DPoGC1Ujayphb4jgCM8/dVfwz+HzImMuNfANQAc1rhx7lehX++0nT1CMDcjAwVz7rWfUfG+OUYK6ffohdXdSttFOKKnIa5zcuIO+PReZfNPutY4nIHumXCvqr1WucXudqd3PAU+2Wx8j2w07N8+Zyxznlnoqotsn0VBrc2ngZ9ytXbqNlBBpDRqPJ9Vy2W+CnjDQMuHJKlSODcYCS2b644BSu8V+p48reypLtVzVEngQ8DsOAp1wrhE0wxHLztn0T7PaXvPzEw990tyyzUsYCWWztpmipqAHSEZAPZW54JXNIbtlUfUF+ZRQuijdueSrzwU3grupb8wZpaZ5JGQSFkm5JPcn912SR0ry9xyXHK0HTXT5rZRPUDS0bgFU54Fpb2SumOmS8tuFezy8sYf81rHNGPQBEGmFoYBsBgBCEmXHblYbrUdPT0RSG6t+Mq3oKFkMfzlXgAbtaUrXai4ipnYNI3AKBX1E1wqfk6Z+GjY47Liaq/MsHSqrwKWpluk3hsy2Jpxt3U807KKn1MwSAnU9PDb4MuxsOVDmnfO85dpaeAuVbPczZCOAGt9VJl3fYBaOx2oU+JqhmTyAR3QbBaWvd81MzbPlBWkLQRj0We18DDoeCCOFDqqoU7SSQU6okETC4nZUdwrW1A8KI7g7rI232FFZG11fNMDHFtnkhHttJFTxfMSN1PO/wBkGGIYBI4C7IXOwwnydwhGJD5JXTSapMaRwAdgnwQPuM7YI8tjafM4d0COMyPbEwbuOFp6GjZRQgEeY7lUFJ4JFPDFTRCKJoaGj9VDut0io2Zfu4fhXblcGUsWtx37LMOdNW1QqJnZUZIrPI7+bVzGurXbcsb2aFYW62y3CQSSNLYGHYHuu0tv8eVpk2Y3fHqr+GPSABsPZKaDY+OFrGiOMANbsAF2pniooPFlkDceqVTVQ0MXiykAemV5t1N1NLd5zBTuIhbkE9irUci5SwP6r6qqLrIaKklLYWnDnA/V7Kjp6bODjASgp9xkKc1mkYAWiCwJ/Icd2gAYwEajgcTrf+QTGNypkewARt4GxjgkQsAIGOFbUlLjE8rPsE6124taJ6hux3aE+sqQD4bOAkTnnoMZVzho0sCrnOO7j90WR/5rsY3yhKOQUzZmiR447Kzp2BuABwgMaGtwG4XfmACAFcngtliJvDbjIP5qNUVpaDkbKJUVJA8nJ4VjYOmq68zCe4OdDA3gZxqSLJ7VyU3gjUtJcL5OKelaWxOPmkxwFvLJ05SWaBjIw18vLnkd1MoqCGhiEUEbWtG2QNypLWkbrDbZkTKQ8AgbhOwPRdGcDIRNB9MLHOWexcp5E0dgiAd1xu53RQBhJeci94gPVLAXUkeCx2keiSSShQkkklAxq4eF1cPCjKbyDPK4unlczhAWJDmkbGwucQG9z2Ce4jByey8/6l6hlutcLHapD4YyJZAeT7JtccsMjdQ3eo6hrv4fb3ObTxnEjx+L2ClQw0tqpNyAW8Ad06hoae3QYbjIHmcqu4VTquQ9mt2AXSrhgNLJDrq2WtmLnO8vYKPFE6Q4I5TnMw/7rVdP2EuAqahgA7ArRnCGtY6HdP2IRxNnqmgnlowtGGNaRgYwu6A3YcBdSpSygkhwAxwok82s6GHYd12qqTnw4+/JTYo9g4j80tvLGJY7HQx43IRc4bkBNaR9gq68V5ij8GJ27uUyMf2EsyYK5XIO/kROyRyolNE6U8cqNDG6STA3zyr630wY0EtCNLIxvahUlK2I63tBITLjcGwgRx7qTPKxgwBjZUEglqpj91ZaWRB0tZLgf/MVrBTthYPLulTUkdOwYG+Nyu1LwAAFCA5nb8hRHPJ2XXv1HlMWiuOexfCEAhzPDRk4x909xABycbLHdRX5pcaeneTyCQuhpaHZJGW+2Ncct8jeob42cuo6Y8bOcD+yoYwd0xmZD7nlSo2hgyQvSUaaNK4OJbbK6W5nWkDlca4SbAJjnCRwaFNpqaOI5A3WtRyLb4OU9Lg6i3ClE7AALuoNGwUavrYaKLxJPfATIQ3PBnss2jayuhoIXSyv37DuSsFc7nNdJ3APOkFNut2qLjO5rXHBOPsErfSaSMt3K21VKJhuvdjwh1DQ6z5gr+ko2sAc4ccBcoqUNAOkKZKAMNCfjApLPYwn8ICXhgAErgAYNRVdV1TqiT5WnOfUqJuRTewdWVPiHwITtnDj6p0YZGwNa3zHkrghEAHl8yeIiQHH6jyVqqrcmZLL88HHtz5is11F1XS2eJzdQdjOd8JdVdVU1qpnxslGoAg4P7Lw/qC9y3p7tTnYzkbrs6XS5PE/UX1HXoa3XW/vCdS9V1l8mdpcWNJIG+wHsqiCEggkLkdOTjbj3VhBEONK7mn020+Na/X3aqfyXPLORQA8tU2GkGcgJ9LSlxGysqalAwXtyFvUFBZOXulY8JAIKMbHCFXTDV8pbWh83BOUavr425o6IZednEJ1BQto486Q+ok33S52ekei8d49tbphbVaoLNGa64FskrtwOTn0TyK251JdLGGRj6QfRS4LXJNpkqXcbgc4UmSanijwXAELPO09DTSq1hAm0lPSgPBGyhVt1aWFkI3GxKbV1wdkA7AbrDdQ9XUsINPSOLn75IWW6+MIuTCsjtjktrpfaK1QulqZBk5wAdyV59d7xV3dxxJoa781CrZqi4S+LM/I7A9lyLDW4IXInq3YYLLGzjI/BwSAT6pPye6e5ue64OClKW4zOeeAWo+qdnKa76injlXnJBmCE5EkaABgIbUCBGjlEHCakOVa4IPTEdn0hDUIMTEZc0FTGSAxyjM+kII5RmfSEPoM54fuuFmBnKNo9k0jHdTJbWCOdl1pOQF07Lh4RLjoXjJMppNOMqUHalUxPOrCnQyAjdaap5FWRJI5RBwhjlPAyE3GRMo5GFuUxGz7Jh5Qyjgro4kknNQx5IzhGEIg8qRnOyEQCOFJRIngAug4SPK4kpY6GKXoK1/bKOx+RhQQ4g4RQ8YRxZJRzyiU4tx5e6Y3J2JXIychEkbsmJIW00diAHJTlHZkOG6OCCOUSwRMWB6ocrDsRunYPquvAOMnCigmRAgzHdcRgzHdIxnnKkoYKbwR8j0XdPunEOBxhLwj6qsEFpICZk+qJp907wgRypgg3xCueMf6V3wTnK54eFMkEJST9KeHN9Ui0BuAEMxkbqN4IF1N9Usj1UfDgU5ry3gZQ7y8BElwOBCcBkZBUyUEJGEPBXA45TwW43R5J2JDe0coiSjJ0RS0g7DCQe8bdlIyPRM0tIIwrWVygsZ7HxVJaQHYVhHMHgbKlewghGhqXRkH07JkLpJ4YLhktiELHIyhxVbXbeqeM8laoyU0L2sYRpI2yuaWHLgA13qFIjbqO7cpSQ8OiYfdDJEUmidbOqq+hxDcdVZTnZzXnOB7K5bbbPfx8zYqn5efkxvdpIPssuG4A1s3Q2MqIZvGoi5rs52OEjGXg0Qnjg2kF3vNlPyd8pTVU3B1jVt7FBuXS1ovTPnOn5BFnfwjtugUXWcdZTi39RQl2BpbK0cfdT2ULMfM2erDm84af8wo6+Mjk0zJR1FfaJ3Uk7nNIOPN2XoPRvxLvFge11PVv05GWF2yrS+nubflLtTsc7gOIwf1WduNrqbNUeXL4HHLH+iy21b+DoaPU26Oe+qWGfWXRXxPtvUminLmw1gGdzs72W0nhobngzs0TAfWP+q+ILddauilbPTzPY4HIcDgr2HoT43T0umjv+ueEABr8+ZvvnusU6NvR9F8V9URvxXqcZ/Z700zUOmKpIew7NeP9UQODzkKLZ75RXmjjqKaRk0EzctPI+33RpKJzHeJTyHHOnOyzyjjs9pXZ8i3R6CSNOPVRJotTdJbkKWyQgYcN1zIdkaeVW0a47liR5p1b8NKa5udV2fTT1A8xP8AUfdYKg6kuPSde63XmGQuYS0/b1C+gpYhnYLP9S9JW7qWn+Xro8DGzmjf9U2u1xZ5ryngIz/1dPxIrLJfqa50sb45g9rhs4HcexVR8QPht0715RMbLE2mrYh/Kna3k+/qshWWi89A17mUzJJaTORknBH/AFWv6U6xpbsTAXaXgbsf/ouhTfuPF6nS781XRxL+580dT9MX/ou4mjukTWszhksbiWu+/oiWi9z00sdRBKWSRnIIOF9SdR9O2vqa3yW65wB8cn4gNwfVfOPWXw5u/RlfIGRunoicxygcD0K6EbE0eS1/jrNPL5II9G6U66p7k1sFynayQ7Nd6n3W1il8QADg8FfMkFVLE7LHFrgexXpXSfxFMdPHR3Il2nYP74VvnorR6/c1XYeqPgBGohAEOjjuuW+4xVkLZY3h7HjIIU1mknhCpNM7ca1LoijWwghxBCsaWv8AEcKerLXNcMDIUOeMEhD0+60QuZz9d4yGqhhka82GooHOuVrlOgnLmt7K46V6kimLYKp2mQYG6ZQ1xpnFsg8SN2xB9FDvvTjWt/idsJ0u8xDTu0roVX7uGfNPJeInp24y6/Z6ZDVnSJIpCPsVobbdPHj0OILmrx/pTq06m0FwOHN2a491vQ7DPnKE5afqbndaJwUjyllUoycWbMT6+E4tbIwse0OBGCCqOz3GKZgDnnPGD2Ku2v8AZZbaPQhTdT3R7Mle+npbc91wt3mjJ/mRY4Cpn0zqtvj0LMSs3IBxheiTNLsLP3GwSU8huFucRjd8YGx914rzHh9ybrPsv0d9X2KUdPqHhkSwdRn/ALFW5ErdgStRBU+MME4ysfJQRXEGogHh1DeQO5R7ReZKSX5OtyH8BxXy/wAn43bJuB9/8b5aNkUm8mkrqd0oyARjghFtF4dE/wCTq/sCeCEqWr+YOiQjOMhDuFubK3OdJHBHYrzFtSR6ONmVwWxnNrnFfTkGAj+YwK3fGyrpW3a2+ZrvqaCsPTXZ9G9tBcQSCcNeeCFPtt5d03X6ZJNduqXZx2wUlQGQa6N/ZLl8w3wJDnHYqj6lo6jp+5R3+2OLGSOAlaOD9wiVGIZm1dGSGPAewg7EFXtPNDdaExVEbZGuGHAp0colkeAIfDdKGO5U4AeQC7T6qBfbBZ+t7FP0/wBQUkdRFMwx+cZVfDLN01ePk9ZNJMdg7gZV68eFMJGHyu3C3abVTpmpIwX0KXJ+Y3x/+Bl4+DfV07DG6Wz1Ti6ln7NPOn9P8l5lG8ggYwv1q+IPQHTvxU6XqulOo4y+OoYfCeDgxu7HK/Mz4qfCfqP4X9T1FmvMZexhzFO1uGSMJOHBfSPC+WjbiEmfLPqPwNkLHbUjKROJAUlhJPKhRZG3KkxnuV7NdHgbK8dkoHLclFYSHKMOEX6TnlUZ5xyWNPOQRlW0EniR4yqCJ2MKyo6jTgFaK5ZWDBdW/QeZuk4CEjy4e4u04yop5VzTyBBD8lJJJA+g0cTqGsfRVbJM+UnBTTuMIBZvgrHfBTi4mii2VU1OL6PVLbWtqaRjwc7KU8B+xWP6Rue3ysjvYLXg6jwvJ6qvZLafSfHayOoqViKOtpjBM7A2O4Vr01Xujl8MuxjZMuMHix6wMkKrpZzSzeJ6LkaiOY7T0+j1Gzk9msdfmRpLuwWzoKzLQM52XlXT1xD2xvyd2hbSgrwcZd2Xm9TRjg9dotVuimzc01UNtwpzJMgLMUdUDgElXlLJkBcycdrO7XPcgXUVI2rt726cloJC82gBbIW+5C9XcBIwtcMgrzi+0Rt9zfhuGPOQm02AXR5yDcw7YUOraPDyRkBTIiD3QqqLVjHddCuw590NywYu80OiQlrctcMj7LzTqKixM57WYXsV0gOppLdsYwvP+oqFrzIGs+nfC9d4zVbYqJ8++oPHRtTbPPhocwwyjI7Kqq4XU8mwy08FW9bCYpiMY/NAn0TUwiI8w7r1dElI+VaqrZJxIUMpwD6cL0Hpa/U1dSi21TsSAYBJ5XnOkxnSdsKZb6t1HUNnYeDlTU1744QXjtZ/EuW5/aegVdFJSSbjyZ2K5G7G7diFY000V6tTcEanN591Ww4hkMMm2Dj8153UVuLwz6Dpbo5Uk+Geh9BX01Bdb6yTLgPISrnqGyC4MdGMNPIcV5nTzy2+rirIyRpO+F6lYLxFeaXS4gyNC490MPg9RpdR86+KbPKbtbKm21L2SsILTsfVX3RXUUrZX0suTpAI3Wh6rsRr4y6IDxGD9QvM5o6u1Vnixktc07rJOKtW1lJz0VinHo+hLPeG+Q+oWg8SGsjL2fUBleNdJ9URVkYhlk0v+/BXpVmujMtB5xhw9fdcfVaRxe1HqdFr4XRTibS21hnoTTuOdPGSrq0XJsY+UnOAdmuKx8dR8tK2pj3hds/B4VrK7/d/mI9wBkYXGtowd6m7fwbAyGJ4zuDwVIZLrAKp7Ddae7U4p5XBsjRjdTWSPoZvAqM6XHyu7LDKGDXnJYtd7IgODnCCxwIyE8Pz2S+UC1kz/V/T5usPzVMB4se5HqF51BLU2isEsLixzXev7Fez4B3PAWG626Wc3NztrNTM6nsHIWqq2S4ZnnDCM91HbmV8MfUVq/mNmbqljA3ae68W+L3w0Z1hZX3a0tbHcaYZGBgytPLc/kvZLVc32yoGkAsk8sjTwQo92o/4NXu0jVSTedruwaeB/wDL6L03jtdKlpr0cLyGijqanTLpnwW1mHlj2lrgSCDyD6Jsv8vsvdfjv8KBBOetelqUfLSguqomfg/xY75z+y8TZGyobsQHN5B5C+jeP18dRFNHxjyvh5U3Op9+v7kUHPbC6nPjfG4tI4TcEcrv15ksnkbIOqTjLsacnslgoiSYJ3DUk/BSwUorKOJImClgqBA0sD0RMFLBQyjkmRjCWHIO6lRXOpiwA7OEDBXNJQ7Bsb7IPKZcQXPVjx8KxiuFMWjf91mRxgpaizGN1HW/Rvp8g4/ma2Krp38ORmuaSC1ZJlXNF9CkRXaeN2rB/VUoPJ0IeTrZrGHKlRnIG3CycXUMjDksJUmPqcj/AIRTMPBoj5Cl8Nmrj4ClsHdZKLqlu2WHClx9XUwwdTsqYZphrKV7NUNWRyjRZPOVlG9aUuMb5RR1rS85KYa1ran7Na1mRujMbjG+Fj29cUg2yUVvXVIBq3P5o92PRf8ALr/Zs28bLu/osb/7QaUD6SV3/wBoVKBnw3fqiUy/5tKXLNq0HdFaCc4BWDPxFZ/wYnKO74h1ecQRnJ90amB/xCj9npOl3oiccrzE9d3dwOlmM+6h1HU/UVQ7AqMA+hKveLl5KqP48nrZLeScBRZrxaqX/tNdGwjsSvKjcbzKMur5s+zyohgqJXa5ZHPJ7uOUSkZ5eVk+Ixwen1XXlho9mTOlP+AZVDX/ABTqnNdHQUQI7OespFTjGC0Z9URlE0HICvc3wzNPV22+8D67qnqm7amPnLGO7MOFAba31HnqpC4n1OVaxwZ2CM+IYGyrDbM890vyeSrjtVPHjDQpTKRgA0tAwj6D7/ontIZu44TlHIiUlHsAKZrMDSiiLbYYQp66kjAGvBUGovkYOmJ26pJCLL64ey10tj3IQZblTQjzEKinulRLw/lQnSPlOXOKZkxWauX9JeVN+j04i5KrH1s02dTtioun3TmgkFEk8mK66cu2Okw/BPZca09k+OBzzuFNp6TB1FaYV5MkpeyOyBzzsM5UynoCDqkAz6qRHE1o2Cf9K011YYiU2+BrIms4CeCG4Tc5RA0laYxwLlli1eyQ1OIxwuhicBhaIx/YLeFyIMRWR4XWM1bBOAwmYwJb5EABwjjlC0O9EUA5RpAhBwurg4XU0gkkxJQg9JJcc4NGXHAQA4yEaMd0OWZv0hRZ6o50xvTYGue7JKGUsDYIO2RznIzh40Xh8BcjiwOE2aeKKMlx3CVKWCnHISSeCjpsAAHgAckqhqqkudrdv+adV1niHONlXvf4iy2WJmmuGBslRqdsFIo6GaskGkaW93FMp6cOIL+B3UioryxroKd2lv7pEuFljuiRJcaSgYIaN2pw2c7HJVZUVslS4lxJ+5Qy0nBzufZNIz3WWUsjEsLLOZJ7J7GFPjbpO+6LgEDAwrjFyAc8cDQxPY0ZAXWsJ2CK2PcHGFojFIVKQRjRgAKQ1nBQ2sOOEdkZOE+Mc8iZSyxwAAXdPsntjJHCdhNEykcDiNkiXHbK5nfKdhDJ4JnAM55yo08pA3/zRppNlTV9XpB2zn3WK69IfTU59CqqzAOSFRV9YXZa0grlVX6jgKtLy9xyVw9brU1tidjSabkc6QyOyUZoJAOEJoyeFJaBpC4Fk8nodPTtHM+yOBhBapAGVnZ0YROAEnARo4jnOOUo2bgkKytdDJX1TIomq0s8G6ij5HtXZL6esFVc62INhJjDtz6r37prpunt0DB4TS8AHOOFV9C9Ifw6mZLUtaZCAQP6Qt7GxrWgBoGFpqrxye+8T49aWClLsJDszB7Jkk54ATZX+GDjbZRI5TMTjstGMHcwkGc5z3BHb5WhAYNPIRM6sI0ww+zQTlZm+3Qyn5WB+OclWV5rPlKU6T5n7BZaFr5pS8nJ7lGYNVZxhBqGkGrW8b9lZnTHFgDhCjYI2cYKiXCs/lGNuxK0ReDnTklyRbpWvc0xRSAZ5wq6MufzuUzDnO05JU2npjsSmbzNLMuhrWkqTDTuceOUVlKHHjGFa0dO1uMt4QuxIZXRKXQKiozrbqbsFaaBGMBvKblrMANRcl+DhLlbk6VOm28sbGCSDhGAw0nCdHCANwmzOzhoCzym2boVJIDI4vOAiQ05yHELkMJJ1EbI80zKdm/5BUW2l0clcyCPJKzV0vQ3hiPm4z6LtzukkrnRRP3PJ9FVxUjpHAq3LaZbZgWtc859eSptNAXuGBlTKG1PnxoYXDvgLadO9INL21MjAPYhLnZtGU6SWoZX9O9KanCpqBloGQ3C3tttDYmiWQN48rfRSYKVkLQxrQA3hHdKIxlxwEmUnI9DpqIaeGEN8JrTkNwh1twprdAZp5gzSM7lUN861o6NxpqJxmmOwYO6ztNbrtfagvu7sQncMys9j6G/JGX2x7LGt6tuN9PytkaSzOC//VWFo6Vpo5G1lxmfUz8kOOwKk26201vYI6aFrBjGQFbQZ28qFM1Qoy8yDRgAAN4CkN0jdxwhMCfGxzj6JMp4N9dWOgjHNd5WnJKktbjdDZGG9kb7DKyylk1RrH4HoiNxuScKHPWtpxgtJk/pCUENbWNEk2I4zw0/Ulzz6GrgI+uZrMUI1P7I8VJLLg1Dtj6HhFpqOGA6w3LvVSctCRPIQxsDGABreE5LITXVEMYzLI1g9ScISHzMkkkvsR/NISSakoNG63eqTPqC4uZCgZIHCjEnKdk8ZSUIMSSSUIJI7JZwuEjChBpOOyYXnC454GUF07cbIXJE7OySEFCll+36oUswJUWWRJkzVp9LZqJbYIO+oPA4UaSQnYFcGSN0mRHOT2Wey3HB7bxH0zukpXHAHE5x+6e2PgYRmxH0RGs0n6c4WSdp7/R+LhRHakMbF30/ujtY0AJbNHHCa54x7rNOZ26qYwXB0luMadvugufnK4+UboBcSSA391ns5NEVgeSeyWMrrIy7sitiwM44SR0VhZGtblMfKGcplRUshaTnfgD1KriaitODuFca2+Rc7tvQ6uuOr+VD9iQmUdvdKBJNkHkBSYKGGn/myDcb79lRdQ9ZMo4zDbPNLxqHZOjUcjW+QhVHdYy2ud1pLFSOkmI3BDWg7krAXi+1t4OmSQshHDGlVz6urrpDNWSukJOfMeE9rMHlaKqscng/I+at1L2R/EE1rsgFGa3A4RAzbOEQAAHAWuMDhgkkjzskm7EQSSSSsgTQ30XMMSJz2XFAXLAkklzIUKOIcpwEnSY2UV8hedkpBjic7J0MTwdXZdhizgkbBH1Na37K2yHQGgcIT3jBG36rr5ACchRw52TgZ/NRBRjk495J2CaGnuURkedyn6SCMBB0ToZod6Ii6NxuF08Ks5LI6ROER7w045QsOe7OEWSDfMSEQDQAMLoAAXcZUCGHfdccRhIkboJzk7oZS2hJZGveQUzIdyUicoLncgFJlLCHRiPLhgoIeScYXNy5GjZjfTn80p/cV0Jre6IGgDBXQ4AYAQycqEbcgiauFwBwShoyYyEJGDuEA8pZPqmIW8FpCXBqds3lOAJ4U2jo92yOCOEcvIU5bES6Gl8KEE/U7dSQME7rrSNO2yE5w0la0kkY5S3Mc8ho5UJ7tRwHBcqJXasDumxsdscfuhYXQWHkLs2cjC4NksZVt4QWAQGCFLpoy44TIofEKs6WnAGABnCxXW4OlpNEptTkFo4wzIxztheo/Dboc19UK2rjBaCC1rh2VN0B0bNd61skkOoNwd+B7r3iGkounbc1oa1paN8dyufZZln07w3jMVKyxEmtraCwUG5a0MGMd3H0Xj/Ut7kvNc+TW4MycNzspnVl/qbnVmLxctzsB2CidP2R9yqQ98ZLWn0WC23Lwj1NNbfC6C2a0y1QjZTsILt3OPYLeW23xU0Qijbv3d6o1DSQUkQjhjDdsEqUA2JuSOfdKydKqrAwt8IY7lV9dW/LsJ7lGqasNJ7Y5UKgo5bvXeI5uYoylSlk0Rikglnt3zkhqZgdIPBWhJaxgZH9ITXFkYEELcHGNlHrqyK30w8Q5cM/qgKkyPdbjDb4fFlcONgvO7pXvuFQXgYZnICl3W6SVc7i45aM4yo1uoJLnP4UYxvuUTB5m8IPYLRLdqsMYPIwguK9EipoLfE2NgGQOU222+ls1G2CBgDseZ3clDmeZpNuyyXWqPBvo077CPeZHABTrXQfMTDVs1u590Kgo/F3wryZ8dFRjwmaS0c+pXK1Oo4wdGqvaRb1XPiay30hw9+xxyAi0NHHRQA4zI7dxPKDbaMHNbPl0jzkE9lKqXYIC4tk22b644I9a8yYYOMqRarf4tSzxAQBvsUKlo31c4A4G5K00NOyLGloBws83gdJY6DtjDG6WNw1NdKGNx6J2sAYwqm5VmC6AbFZ23ItIZc7hGWGFh1OPoq+lgJ87guRQ+I/JGVLw1jcAIAxr3aMAIT35w3HKc45z9lPslB4pdUyZwDge6FstPBY2e2CnZ8xOAZHDYegUi41cVHD4kh7bD1SqKqKihMkrsAcD1WaqKua41BlkJ08NHolSlktcgHzVNfOZZOD9I9ArKho3AgluNtkSjt5bguAz2VtBTgY24Qt4CXA6ipwwZ0otXVQ0MLpJXY0jIB2ymVdbT2ymdPO8ANGQPVeadQdR1N6qHeHK5rOAijDcVOSQXqTqOousng0zz4eSHEcY9Aq6mgJGSFyCAEAlTomtaANKdGGBDeTkUekYT2+bbCIMHYDCmUtGT5sZRtqKDgsgoaVzxkDdXtlszyRVVDPLy1pStlD478NAAbySp1XUmnxHG7I7pMm58IaKuqw0GNh9tlUyyZOTvldqaoHcjJUF0+rIwqVftlEkuz3Uin+oFRIGl3mJXKuuEOaeF2c8lXjBZJqrgWP8OA59SmQzPl8rG6pOzR3QbRQ1N0nbBTxlxdtn0XpXT/SNNamNnnDJKj1HZZ7bVHhFSeCp6c6TLmNuF4ack5bF3Wwgpw0AN2A4CLoJ3T2RkEey51trl2JlPI5jQ3G6MyM51LrYyBuUdjA0BZJyYlzGho224T8AhFLGkbbLnh+6zOTYLyDAOUQcJYCKBjYI+iAkkkkwgkkklCCSSSUDGrmR6pEjhDJOeVTZB5GO6E7LjtsnOBPdZHrLq4WqH+G252utncGgN/DlSK3MJLJC606okMwsNhcX1LziWRp2YPRAtVqgtkGp5DpSMvefXuudP2IW6J1ZVkSVk/mkefVcudUx+YIX7jkhb6a+chJZIldcXTkxR7MG2fVQjsnFoVhZLY64VIc6MuiacH3K242o0QiSLDZjO9tVVR+UbtaVsIw1jQxrcAIUULIWhjRgN4RWpcpZYw6o1RO0HAKdWVcdLHqfvngKDSh9QTM7jtlCGkkHjjDiCW8oruy6NsBBnna1uXcBRcsjy2DrKqOli8R7vsPVZwvkq5y8nZxyn3CqfVznGzBsApVrpNQ1ub+ZTUHF4JNvow1wkcFZmQRgYCYyIRtAAwoNwq/CeY8KyNZB1dcHv0N+yfRU4EniOCi0VK58he5uQD3VnhrG44UCHTuDG7dgq6aYvdhPqZy4ljDt3KBhMhHLKbwhac745XSANy4Lp2as11DfGUcToWygOIycFdHTaf5ZbUZbLY1puRE6n6jyTQUD9xs94/yCypGo7ndLWZHF53LjlEjb+Ir0ek0nwrD7OBqL3dLIWJmBuMfmk9xmf4TOO5XHvJcIwNyplHS485C6KgI384HUtLHH5y3c+qkluAuOHYbINTVR0sZe/8AREotlSfGRVNbFSxOllOAP3WHvN3muczmNeWsHZGu13mrJHMY7DVDhgLnAgLVVWc6+bbwMpqPLg4hX9vpWhgk0+wQqOlGNwrNrQ1ukDC0C4xGgBmzd8pzmHGopMbk7lBrKnQQ1o3Uxkao4I1XVZzCzBcUOCFlGzIALzuSU+ljZGH1Eg1EnygpM1TPzn/0Wqirnk599m54Q5jXSO1PWZ606wprLSOjicC/g4KL1h1TTWCkcxkg8RwwADvleDdQ3qe81hnmeTjbY7Lt6TSZ5PCfUf1DDxsHXB/ext+v1VeKlx8Q6M+qhU8LnEZ2XIYMkHCsYohkDgrv6fT7D4vq9bPU2fJY8tiipctzj91NpabzcKRRUTpsEN2HKsRFDC0aW743W9JRMcm7AMTBCRkKPXVkjwaeiALhs53oh1Fd484o6fk8u9FbWqyuijyXAE85G5Sb57lhHa8V4/c99hFs9nwPEfgvO5JV7BRinIldpccc+iKHU9NHh2AR+6qbld/GYYqd2PUrDOzHZ6ymnag1fdtLXUtMfMeSqasqooYXS1MmkjjKh3G501shNRUPbt77krzm/dR1t5q3Fsrmw9mhczUapQXY7GCx6k6wfWF9vtgIYNnSg/V7BZyKMndw39UWGLbcAo5ZgYDVyJ6iVr5AcXJEV7QBsFG7qVPwVFPJRxjk5OoWJiST1w8JplGpzdkM8riLIRLBGMFAe0h2w5XQSXDfCKW6hsrA/EFnITAN8pcHCcAMIOyzo90ZR09RrJAq4QMLq4RlHBZRAbmkprdnBGIHKC76iqkiBgcjldQWE5AyjtIxylvgMC9pOMBNxsc9lMEYxuEGSMZ4UyQjEYKNG5wPlTNDvRMwUcXtfBTWS0p5Gu2yP1ReCB6qtgOnfKmxyNc0YWmE8ozziSAcpEZQQ7BG+ykNOQmdiMbWC0+6Wn3TnLivaRD007kj1XGnJRRwhayTBEc3uhk9sKXI3AG/qo3c7YS0gk8AeDxslktx6J6WcKh6llBGOxjKkNe1xxkBQnD3XY3FpySpCQucckwxjGxQmvLc7IscgcMJOZ3Ccl7FPg6HZXZPVDa7BxjlEDg7O6tMpMZHJh2McqSCHBRcb5XWPLDjGVG8FyWQ5jHomlnsnMkzhPAz2RrDAcsEZ8WOAutLgdypAae4TTGOwQ4KUt3BzYjhMdGO2yIGkJ7FWCpcEbQRzsml2O3KmeGHZ0hA8B3ohccFxlnsEGtKYRlPMbgCnZ33Q4yMA6XBc174Uvwm44Ud1O4E7IJ5ReDnK7kpoBBTs7YVKTIIcorSNI3CAedk46m+v6olIiDrmn3Qmy47IgOsEYV7yDHMBO+6DLDpAxwUbTpK6TlFnJMkVrnsIOVMgrCXBsn6oXg5QyzCm6UeicMuopGEYRW/dUsFSWOw7hT4K2MkY/NNU2+yl2TXQh42G6F4E8G7vpUqIeIGuUxunZrmg/cIjRGpT6K4UsFS3Dm4d6rlJV1lkqS6PLo+7TwQrB9Axw1wP0n0SMOpobIAT6q5PAxVNckiC9UFy2LjFL/i5BU4vc6Mw1LRNC7bI3ws9UWZknniOl/tsh0FzqbdP4FYS6M7bpb5I5uPBPr7e6mIlh80TuPZRoJ3A4IVt8xBUxEwvyD2VRURGJxOMKnDIt2yi8xZqulOt7101UtkoK6RjSd2F2Wn8l9EdC/FWy9URspKiVtPV4ALS76ney+S8k43Uyjr5aJ7ZaeRzHjcOacHKy30e0ep8P8AUt+ie2csx/TPuMRBw1NII5QdLgSNK8P+G3xqqGObRdQSh7TgNevdqGttt4pWVNuq2SBwzzwsE04s+s+N8lT5GpWVsA4ZQ5GjClvh4zshuiwRsltZR2HHgqa+1U9wjdFVQtkYRghwyvL+pegqmySm62MlrGHJY3t/6L2UsBwMIMtK0tLXAEO5COubgc3W+Mq1sfvXJ5J051bK6T5S5ZB437FaOvgpbnT6CRIDwfRd6m+HsNaPm7STHUty4js5Y6gulfZK40dxY5uk4IcP3W6rUbjwes8Zbo5YtX2/swXXnwxqKOomuVnaA0+Z0Xb8l52xzmkDOHey+qXup6+Frxpe0heYde/DWOR0t3s7AyT6i0cZ9VvhYeL8j4nbm2ozPSXWdZa3NpZZf5ZOxK9ds92p7nA18bxqPIXzq9stPIYZ4yyRhwQQrqy9RXG0vDoah2PQnZMyn0c7Q66VD+Ow+gyckeyb4ZWf6V6spL5TMD5GtnaMOBK1DcEDZC24M9RUoXRUosj6CpdFWvpfI8a4zy0pFoLdggeCckhNr1LizNrPHVauG2xAr5YYp2C5Ww4/EQOQVYdH9V+BJ/D7k4jPlyVFp6qWifqaNTXbOaeCEO42Bl0jNxtr9L2blo5BXX09/wAp8v8AN/TVtEnOpZRvXa6Z4qYHZY7fbhX1qvHzcYY7lq8t6V6tkgk/g942I8rS7ute+N0RFTSPOk7+UrXOG5HhL6p1ScZo3jHamgpx4VDY722pYKedwD27AlXhcHN3WC2r0Si+ensU4lVXWkmQ1lHhrhu5o7qorqKOvYSBomYtRqfG/U3f1HqgVFDHM7x6fAJ5b7rw/mfDRsztR9l+lvq6cVGFjyZ6011QyQU1STriOxPcLWUNYyqHhvxqA/VUNbQCdupnkmZweMqPb66RzzDL/LlZ74yvm/kvF/E8YPuHi/NV6lLay/utqiqonNIz6EchZRtTLRPdbLiM07siJ530Fa6gubJ/5E/leNsngqF1BY466AuY0HZednTteD09Vwukur4qWb/Zq7uzEf7iYnOCeN/Ra6nr5rVVacksJ/IheIVjJqGT5arB8pzHJ3H5re9C9bU12i/gd7eGSNGIZjz9iUtxwa4z3d9HpV4tkN6oxMzBdpy0jlZ+z36Smn/hN02AOI5CiUl2qLHVimqgX07zsc5GEfqvpltyibcrU38PiADfKtJoGSzF46LxgDBrj+sbtd2WF+Mvwp6f+MvSFTb66GOG6U7CaSfG7JMbH7eytekb/JNqttxy2SMhoLuVf19HNA/5iA5A7eoXQ0GqlTPMTmamiF8XCZ+UfWPSF16Lv9RYLzTPhqqd2HscMFp9FTjy78r9C/7RvwTpPir0/Nf7M3Re6RhOnvIBwB9t/uvz8ulDU2evmt1bE6OaB2l4cMYX07xXk43xUZM+S/UPhJ6Se+C+0GyTJxhGDsjOFEY4co7TjsvQRf6PGTSfRIik34U6kkw4BVzDjKkMOCnReDLZHJeMcHR87qLK3JTaZ5OAXKRMOCAtEXkyNbWBJx2SByh7d0tQHfKp9BqGUHJGOULufumHODuU4jJzlZrY54IkSrdUupKpkgON916TbqptRTtlG+QMry5pyCtd0pcgR8u93suLr9LujuR6PwmtjTP4ZezWOAI34PZUNxp3QTHH0k5Cv2+bgKLXUwliAdyN8ry18c8H0DSXYJPTV2aC2E/U1bygriSADnC8hpJnUlW1/GDuvQbPXCVjJGnIIyuPqasnpdHqHg9At9wc7BJC0tvrMhucLA0VRpwVpKC4NGkkri6ir9HpdJqM9mvilBH3We6woPGpRURs8zd9lZUtWHNCNUNZVQOhePqGFkhwzpv7ked0rzkbqU8Zbuo8sJorjJTPGBklvvupPK6NLxyY7IbnhFTcIsgjCx99pA2PUW77re1MOsbDss3eqEuhcMeq7Ol1Px4OH5LRqyB49e6UOe5zW8bqhw5pwVvr1bj4BIb5m8/ZYqrgIdjHC9noNRvSyfJfqDxzg8wRXVlOceM1RGucBhWobkEHdVtXE+J+dO3K7qSaPF7Gnhmg6Wvs9DUiB8mY3epW6rqeOqpxVRgasZJHdeQtJHBII7rb9GdQyyH+HVcgIAw0nuFydfo5TW+B6DxHkPimqbHx6L2lkMrHQSHJA2V70teH2uuY1x2JwVSVlOaKpErPoduEZ7xK1lREMEYOy85bV6Z7zS3OElI9gZJBXxeNC4HUOMrH9UdMibVNEzDt/wA0PpW7yhwaZNvQraAx10JBaM4XOlDZI9HCa1FWGeKRie0VetuW4K9H6cvplijc9+/qqXqazhsr8xn74VBb6iqtkxaCSwb4KTbBWoHTt6SWT3213GKrhERdv6ZV/Za2OCd1trHeUjDHnjC8i6bvhl0mOTcdluoK1tdAD/xI9wRyuFqdPKEsNHqtNq4yxJGprYKiz1DaulzpO+3BC1VovVLeqQRTEeK0c98rOWKvbc6T5Ksw4geU91ClbLaazxYHFoyuRdXg60bc9HoUEgZ5SRhHL8Y25VFbbpT3GBj2TNEmMHturZs2WgOHmGx91iksM0RluRKa/PZdc1r2ljwC1wwQUEyaey6J8q+nkpxyed9ZdOC2TfO07SIpDuBwCq+3zR3Gndba0h4wdBPIXqNXTQXCnfTVMYcx4xuOPdeXX6y1XT9WcDYnMMo4HsVv0+o2PBkupyVNTb302u110bZYXggAjIc09l8ufFX4aVHR1+nr7fGXW2pdqjcPwc+U/bPPdfXPiMv9IB9FfAPMCfrHqFmL7YaPqW3VFmuULfOC3zNXpfG+QlTLKPNeY8VHX1bOpLo+LqjAI1coGlaHrzpC4dH3mShrCXNJ8jhwR2Wda4b7r6xoL4X0pxPhXl9JZpdS42dnEQcoaIz6gti5OMwjWghItASA2C6DhXsFcnMN/p/dLDf6f3RQcrqmwNdAcN/p/dLDf6f3TtXslq9lNhY3Df6f3Sw3+n907V7JavZTYQQOVwgH6l3V7JY9CiUQZPA3S1dDAeCn5K7g+qmxC/kGiIY4ThEAc4wurmAp8aQcZuPI9rBkcIjY2kcBByfVPBIV/GaI6qUfQQUzc7tACKKGnxu390ES44CIJyEXxo0LyCXEoj/koP8Au/3RPkoP6ChCox2ThVS8a9kPxjo+Qh+graGB3YIraWNuwY3b2UcVWSMhOFZj1U+Mn8+BJEEYH0N/REbSt7Rge+FFbXaRktOUjcnjYFTYT+dD9ExtOAcYwjsia0bBVP8AEpPUrn8Ul/qKJRwWtfBei60BPEYHZUP8Um/qKGbrMfLkokT/AIhB+jRgMG5IC6JqZoJMu/oss+sqH7h5CjOmlccucf1UFWa/H4GtNzo4iQ6Qfko8nUMAJaxh9is1uTuU/U0bZUyZnrZstKi+VLz/ACvKFEkr6yTZ0uQo+R6roaTumJNmeV8pds457zu45KbkZycFEMTj2XY6CTVl42PuiUWzPKTyMaDwN09sbzw3Kmw0cbRkNwVIbE1u+FohVKXYErcEBlHUP/CpkFC6PBcRn/JS2AYwBjCcBhaY0i5WbgMcTQQB2UhjQ0bJgcAuLRGCiJcmwy5k+i7gnddAOeE+MMim8CAOUUAYSAGE7BToxwU2ID0TmtyiRsGMkJ7WhvCJC3MZjOA1FA7pDlPAGFoSTKb9iDRjhd2CR4QyjawCnkJkeqagtJ1Dcoo3CFvAWDuQko+to3c7hR6utbpOOyTOwOMMk6WojjYXagT2CgOqnzbEqIHyTkZJU2mp3EjIxlUpZGKCQyOnc54KtYKTSAVyKnDADhFmmbHFpCtvaDwgc8jImkAhU9VPqO+Dv6olVNrJ3OFVVEhLy0du6yWzGQQ2plJwAmwN0+YpNjBJLt0nvzgAYwsU58jgpqgwFoCj6iXF3qlp9khqyNkDm5LAa45HYJwcImCkAMImApGGSSlkYB6IgaXcJNGThGaxxIOE+MdoqUto5jAUaNpyuRsKksZgA4ToxyZ5zExgOAjNbjhIMJOMYRWtzyE9JJCHMC1ERBF7J/hoXwA3kjg9sJriA3BIH5p88giHHZUdyuGjy+vus91saY5kOqrdssIbc7hG3LWuwBz7rLVte6Uu35TbjXGR+zickqCH5JJGV5fXa3fJxgd/Tab41gdrc92SnM790mhEbtlcWyTZ2KKkmPaEVoXGhEYFlcsnWrhwOjaSpTGDYkbpjGAjJClU9M+qkEMQy49kRvoqbYShopq+dsMDck8n0XsvQXRApI2VM8Tex3G6gdAdBiNrKmoi9Hb/AOq9VgijijEbAAAOyfVHB7XxXifi/wBWwkQhkcYYxuAAuz1Yh22JPZRKisZTNy7cngKqdUS1L8uyAT2Wjo9FFc8FgamWtlMcecZy4qxp6fQwZGEOhpWQxDyj1J9VIdKG7NCM0JcC04TJ5m08TpSRskZ8jhZ29XITk00LjtyVWcCbntiQqyrnuNQXPdtnYdgFLpYREwHSFGoYGtOp2/8Aop0krY2ghuSExNZOXOblywNXUCKMnGBhUcs7pScqRWyyzyb/AE+iaymDxgbJymkhDi5MbS0xeRlv5qzjhbGAu00bY4g3SpENMZTvsEuVo6ujk7TQOmd5eG7lTmt0DCfGxkMYDBwkxjpHDZLc8nRqpwOawuIKn09PkA4wnU9GSAcKU5oiYBhTJrVRGm/lN0gcqNG0vdwpLwZX7BNk007QSFRBkskdPGXu7cBZuvuctTqa04zt+SkXCtfUSFkbjgbKNFSF+Dvv6K1IVt3dEOKAvd5h9yre12iSqk8NjTjucK6tXThna1r2DJ34W4tdhgpacAtAcO4CXKWTRRpot5kVdm6fFvjifpG/ZaSGMMbuMBRaqsp7e3MsgAHAysjfuvCYjT0YMjuNjjCRbI6MNlKwaq53+3WsO8WUOLRwDysBdOqrnfpjDbcxQHIGVCprfXXipbVVbyGnfGeFrrfaYIQAI2jHoEn5OcBJSvf2lbZemGQSRzS/zZvqc93A+y18MGQNgMD0Q6ekxjSOFPihI5Cjeezfp9Io8ijgG2W/upccbcb9ko49s44Ro27bBZpywdOun2zkcWUdrWtH2TRsCTsFAq7o97/lbY1ssx5JGQ1JlLJpjFImzVcVPvKdLe5Udnz1yeYaZ3y8XJleMHHsn0ljLpBUXGTxXEeZmfKVeEtYNgMeiU7CnL0RKOz01K/x3PfLIRu55ypj2jlCfM3O22PyXPmWNGXHA9Ut2E/uEbKCcY5TJqmKEapZA0e6guuFTOf/AHXA2Vw/4jvpCJD0/wCM8VtykMsp4ZnyD8kuTwGpZG/xOoqctt0TXE/S548qY2yyTv8AGuMvivP1MGdCuYo2xANaxoaOzRgKQ0NP4QhyEfLCSSS+xn80msCSTElBoQkYO4Uck5Tsn1XFFwGJJJJQgklwuAQnyAqZwTA5xwgyzkD1TZJwAfZQJKjUlzmkHGDk8IO+qJzworpycghCLiTnK4s8pnpfG+Bt1OHNDnOc7uuAZXQ1x7KRHFjBws07j33i/p+FDwkMjjJ7I8cJ5T2RjGQu68ZGFmstyesp0cYHfK3G26Z4gGwCGXnJQycpEp5NcY7Q7pAFFmkLeE4AknflPZASQcIAyLqkefpUmOHLRlHETWj6UOapZEP6SgcdwTe3ljmBseS7bCg1lZrzFEOOfdMlqJJiQHbeybDC1jvEkGcI66l2zPZqsrEQIinmdmVuPzRZ6ymtdMXvcG6Rt6lAu18obbTmSR4c4cNHOV57dL5V3ebVMcMGQ0egWhVpHnvIeaq0yaXMy2v3V0l0j+Wo3lg/E7glZtoJOSclcYw8gBGZGSd1ohV7PCanW3amW6ZxrByO6KG90QR8AjCI1gPZMjBGJtvsYMAcIZ5P3RDwhnlG1gsYknLpOVUlkM6SMJq7grigqUsiSSXMg7ZVEO7eqGXBoyTsmSSCMgE8qFJM+WURxglpOCUE5DVHIWWqY8hkW7z2RYabGHOO/dFho44vMOUTGAUKTXJGNDQ0YHZRi5wJ3RnPbkjKBjBKJBRRxzy52kbJ7GloB0/uk1hJyj6dkcY5ClLaNwB2TtDfROTDurcMC5SyINa3OCgSu1cdk97y3b1QQHA5QYwwkhmHF26OxrdIHdcLQANk0AjlUFgc5NkIIGClI4Y5UZ7hncoZy2hpZHudzuo7jyuF+e6GXDuUpv2NjE6ZuRhBBJKWMlHbGW4OOUl/cHkUce2SiE4ACROBjCa1pyd1BY9cPC6mucMcqyEck5XF08rioIYkknNjc5UlllN4DUkTpX4A2HJVxDEGt0jhNpKdjI2hreQpOA1uFsrgsCLLc8AZCQFEe4nZHlcOFEI8wPoin+gUt3JzSXEFwRgBhdaG4AwuOcCqa2h4GpzWlxQgCXYCmUrM8rPbYa9Ppp3SWB9OzTuQtZ0f0/Neaxo8NxZn0VXZLS+510dO1hOpwGy+iei+lKexUkbnwjUcE5C5t03k9/4Lxf8AImm19iLax2e39J2wZa1pwMnuSsZ1t1aSHhs23AAVh1/1RHTv8GOQeVuAAe689tNHWdRXZpecxN85zwPT/wCX2WK2R7lNKSqXbJnT1qqrvP4rgQ0HLnH0Xp1BSMpYgxjQ0ewUW20MFvgbHDGABz7lT/FGOOFjf7Z16Kfjjhhw9rRqJUSorAPTCFW1OmMtGxKrYhNXTCGMbdyglLJqjwGiinu1YRE0iDhxPdaWARUkApaVgaANyO6iUcbKCn8NmC491NgblmtwwqSyNSyDfIynhfM8/SNRJXn9/v0lTIcOy3OAMqx6rvUjpHUsUmI2847rDv8AGr6lkETvM4/kFZlsn922JLp4J6+qZBE4kyOxsvTrJZILVTjyDxMbkqL0x01BaadtRM0OncM5PZWFTWBx0jskW3fGbNNTt+59namcvOlpTqWnL8E9/dBghdM/091e0dMGsGABsuLqLcyydemKRLp4I4IwG4G2UNjJK6cud/dMOMeq7jJ0hS4g2nhDWj3K5t1mTXGP6OSObC3sAOAorWuqpcDOEyUy1UoaCcA7lXVsotDA4gZKxzngfFpEugo2QRNwwep91M4TYxpGECurY6OIveRk8BZZy3MPsFcK9kI0MOXKlc18z9TjklM1yVcpeAfU5UprQ0IQooa1mgZ9E17ydk98gamxMkmlbGxucnc+iqUsDFENR0klXKGNHlG7j6BX5fFRwgYDWtHZcggjpYQyMY23Pqqm5Vom1QQuyW8kLNKQPTIVdVTV1QdR8oOw7YVjbLcNpJG4PICHarXI8iWVv1bgFX+hoAAaBgYQBPkY2EMA2wu1FTFRwmaY4Y3kpz3tijdI84a0EkrzrqXqOa51Bhp3lkDNgB3RxjkCbwA6i6gnu1S5jHkRA4AVVFDp3SDd8hSaaHxMgHjutMYqKE5cmPp43udsNhypgbjAOykQRMZGAG4wFYW6gbO0yPbtlU7MDYwyBoaASN8SRuPRW1LROe5scY2PPspDafLQ1rONkZ74qGEE51H/ADSnLcaIRwEmdFQQiCLAJG/qVSV9QWjLzueyVXWiIOnmfvyMrNVdzkqZS/UcdgmRgBKeGTpawudgYT4Gufv2VVTyOmmEXOVbmUUkYYRujKyFq6kUsIjafM4LvT9irL3VaIhkH6j6INqt016uHy4y5x/PAXslhsFLZaJkFPGOMknklY77/iQLltOWGwUdjpGxsYC/knG+VZDun6ds5T2REnB7LkXWuTyJlLJxjckZGUeOPSc4SZGBwFIY0ZAIWSU2wDmkYG2F1OSVgCSRkkvJAKMkkqbyQCkkkmkEkkkoQauHhdXCRhRhgyTnC4unlVHUnUVJ03bzXVI152jZqxrd6ZVRjuIA6s6np7BREj+ZUSeSONvOTwfssrYbBIJRd7uRNWyeYk8NXLJZ5+oa0dVX6MhxJ+XgJzob2yr65VAo4fEA+y101DF2Qb1XGICnhPncN8dgqOU6dzyU50xe90sji5zt8lDZHJXTtggblx7LdBKI5IPbaGa41AijHkH1H2W3oqaGjgEMLNIHPug2m2xUFMImN85GXHupobhVKTfQ46hTTeEON06STQNhlQXPdM/UUqUsFpEd8ElXU+JM/LRwOwU1rGsaGtGAE0N09kQnuh7JzkTuMKjvFY5pFNG7Gd3Ef5Kbc651PCdGznbBZ0uMj9TySXFPihqDU0TpScDK0dJB4UTVGt1H4MIL2jJ3U8YaD6BGEMrZPBh8Q4yAqKndNVVOQM77ko1fVPrJRDvjOAAp9LSx00Qaxu+Mn7qyBGMEUekdlCqJyXYDVIqZtOGqEdyijHLIM759UicBPUOtq44IjI84xnHutddeeEJlP2RL7dxQU/lIDnLzurnNVUOlLjv6qZdbjJXTOBeS3OwVe2M5XpfH6X40pM89rdRGc8RCxxZwfVElcWYDeV3WIm+uUSji+Y/nOGf9F2Ixwc/eS6OlbpE0zcvcN1PYAOEGMaWgeiU0zY2HJCYlngvsbV1EVLGZHu+w9VirxeH1T3RteVNvl5ZJmCI5cNlRx0rnu1nunRjjky32SctsRU0Bc4bK3paXgkIVLTgaRhXVPTAAZC0ReBUYuXYyniDRsMI4GE7QG8Iep39KLsao4GyP09lXynxp9WfKzZGrpiXCJhwTyht0xt0gYWmmvLM91uItIaXZ8pbsFS9RdRwWKhfI52XngKReL7TWaA1NQBpwSBqwSV8+9S9T1d/uctSXubE44a3PZdrSaXdyeB+pPqOrxVO2LzYznUl/rr7VOnmedycDPAVXTxEu3Cc1rnYyFMiiAwdOF39NRtPh+s112un8lzyx8NN5Rhqt6C3ggPlaN+E220b53DAwBuSrWQNhZgDhdFJRRhWZyE3wqdulgA/NVdZVy1M3ydHuXfU70TKySpqpG01Lkl5wXDsFprJ09FQhskwD38n7pE5ej0PjvFuzFkiJZenhB/MkILzuSVeSvip2NDsDZMraiKiic87E8Ad1laq6T1b8EnCx3WYPUV0wrXCJN0r/AJmUsiOGjYlZ673mltMIfq1uPbhRuouoI7bCYad+qpeNsfh+6xM01VVuMtTIXk77rh6rW7eDQuBXO4T3KUySuOOwUKONodlH04XGjDguNdc7Xllok00Yc3YJz4w0cJ9GAWp07PRFWMcMRyVswIB27KK8jPKm1OdBBG6rDkd1srZw9VF7shUk1qez6gnGRcjMFcUkNGnGFHIIO6pPIUlgcisQQc9kVhwVYo5LHkg4XGMwOMI+Q5uyA8mN2FMEOELg5RMZGcIZBBUIEHC6hDlEHChB54QSDlHTSBhQhGTmuIcCuHlcG6gZMY7UBvhdkGwGMqO1xaPujscDyULCisg9PsmaAN8KUQMIRAygJJYI+C1GpXnuVwj1QvpdtsrjNiWslg5xdghEYc7KLDIBjKlRnJC11PIhrkODkZSTWkAAZT8ZWhNAZApI2MLjSM/ZRxwVk7pJQpIcDUApIxgbLjhkKnXxkDfl4K8jBwhyA7YUuVgBzhRnOyCs04YY5PKBrhOCCF08rh4QJMMKyQgqZG4Pbg4/VVYc7PGEeJ5zlNhPHDAnAlyRgAad0JmQRlHhLcYO6e+MYyAm/wBxEeGNacjJQ3DUAnaR6ImMqSeRnYAPLXcbKVTygYUd7MoR1NOWkhUm4sHGS3axrxkBB0EFR6epkacOOQpYnY877I1JMFrAnNB7YTAMKUW7ZQgC7kYwm7U0Buz2cjxwQnaGkHdO8PA22ynNbjvyhxkGUkiI+Ib4HZRDG5p1BXPhtI45Q3U4IOGoZV5LVpAjkwcEJ+A/hNmpZQcsbkJgc9hALUlxGb0zrohyBuo7g/cY2U5rw5mCUJ0AIOyBxz0X0RWY2yiyY07JssJ5aEJrznBHCmAzuk6uEVh2wnNAxwuYLhsi28EEThcO4ymEEcriHlMrAXOVwjPZdwFwjCNSIBfGRwNk1rXtzp5UpmDyE18YKj/sRyxwSaC5SQs0v8yvqWaKqjEjHD3HosmQW9kSOWQcOI+xRRngdCew14cWJxeHYy1UtDem6WxVQO22pXkTY6lgdG4EeyNSybIWp9i3KHPSRVDcSxA+/dHEZDscIuWjCN8GhVQsXKKGShqKOQvpXuA5wrCkrYqtvg1TGh3qQrRrGkFulDNBTEk+GMlLc8A2aDCzAqKyjdTu1MOYzwfRRckHdXr4HR5bu+M9j2VVW0TmESR7t/yRP7zHOidXLQ2KRzXAsJBHoV6F0D8Tbp0rWNfI509McB0ert7e6808Qx423UqGc4CzXUpmvx3lrtFLdWz7U6T6ysvWVC2stc/nxlzHDBV29o9V8VWHqO5dP10dwtk/hyMOV9H/AA++LVo6oiZQ10zYK5oAwTs8rnTqcWfWvBfVdOuUabeJnoR5wuEZSAz9K7jCW1g9pFpgtHm1Aqsv3SlFfacslhi1kbO0+b9VcDZEHGFFJx5FaiiGohssWUeIXK2XjpKsdC8udBq8ru2FZxVUVbC3U4bjcdivUa2gpa6MxVcLJWHkOGV531B0XVWucz2kOfT51aDuR7LTVqmnhnjvI+DlVmdKyv0efdYdE0Nc91TFDhxGct9V5Vc7XVWqoMcjTpB2K99ZOc6Ht37j0Wf6k6VgusL5YmAOO+MLpQs4yeA8l4NWpyisM8ltl2ntswmhJz33XrXSHXENXCIq+fJOA1eWXSyzW6ZzCwgA91Gp6ieAjwn6UbeTjaeVuill9H0lDUiQjHB4UprAQvI+kuu5opmU1wflhGA70Xp9BcIq2Nr4HAtI9Ut8HpKL4Xx3INNECOECJ9RSvD4XuYc9ipxLXDZD+WD9zspDUThLMRt2mhdXsaBXSzw9Q0/zVJiKriGSBtk+oRuj+rJaGb+DXrIcPKHO7psRlpJRLEcEJ1ytNJfmCeF7YKpvf3Xa0nkPkxXYfM/P/S7bcqomqqIH07xW0b8sO+yv7F1BHWtFPOdLxsCe6876b6iqLfObNeQRp2DjwQtDU0roiK2idlp38q6E4r0fNdRpZ6aeyaN+TlClD2HxI+3IVBY794oEFQ7Dhtk91omua5oc05WS2hTD0mqlpZ7okZ7vGxLG3fHHqVFrrOLlF4tO/RVwjLmDnCmTwOYTLFse4CB4z3yNqaY6Joxg/wCL7rxPlPFK3dk+tfTn1FtxyVdLVOL/AJaqBZMzbPGVfWy4CKQRVhL43bAnsoddRQ3eL5iACOpZ9QG2SoVHK8uNNUjS9u2/dfOtf4/4ZYwfavE+Zjqq1lln1L01BXwGaFoc0jII7Lyy7UdZZ6gSM1BzDkEbL123XF1O75Wq3jPGeyidS9MwV8DpYmhwIzt2XCu07iz1Gn1G4ifD/rmj6gphZrzIGygaY3uO+Vv7bdKywTilnd4tK5wxncY9l88XW0VdpqBUUhcySI522yvRugPiCzqCnbZro0eOwaQ5xwVkawbWsr+xv+r+lmvpz1V044ujB1Oa3kHuCpfR3VUF3pxR1paJWeUh3KVmuc9hlMEx8aim8r2HcAFU/U/TzrLWM6n6faZaWTzSRt5CGuThLImUY2L45I090oTQSioh+h/I7FfL39qj+z7TdY0c3XXStG1t1iBfVQs2+YA/15X1N01fKLqm26WjL2NGpp5ChXO1uppdOfKdwu7oNa6p7onJ1tENVU6LVy+z8iZGT007oZWYx39URrzjhfU39qP4Dto5JetukraGt0l9bG3lzv6h78r5YAyCF9L8Z5COqioxPkXmPBvQScl7JDXBHif7KC0nOSjxu3XaR5ecSzglLSCrBsjZGjOMqnid5RspULyHDzYwnRlgxzjhhphgjTwhtJzhSHaS3PdRjyj7QKYcHbcpZHqEDJ9Slk+pSpIskNGMj1R7bWPoqpso3GRkKK052wu8j7rLfXvjgOEpQmpr0erW2sFRAJMdlJlAcM4ysd0fdSW/LSuyW7LX6gcjGF5DW6d1zaPo3jdUr6VJFFcaMwSGVm7XH9FcdMXAsd4LnfZMqIw/YjIVRTymlrDgkDK5F9XB6nR34WD1GlqiCAMK3o6xwcCshaasTxNcXbgYV3TyBu/+q4uopPR6TUNcm4t1w1AA4V5DKC1u6wltrMOAK0tJUhwAzlcqyva+D0Wnt3x5IvVdv1BtdEN284VXSnxmah+a1cjW1UDoX76gsf5rdWup3jyk4RVzCtWHkkPjBHCrK6jEmdtlduILc8jCiSxCYaeFuqsxyZLavkR5peaF7Kl2G+X1Xnt6pTHUOIZgHde3Xq2sdA8tYNX3Xml7t7Tr8m/K9Z4vV5weG83oNyeEYQsIdn0QqtgmhLSFPqYHRHJCh40nJ9V7Cm7dHJ8i1ullTY8lRIx0J0kbrscjmOD2OLXDgg7qbW0+t+towCFW6SDg9k5vKOflwlmPaPT+mL7R3qhbbqp2KhgwC47lTKdpglfSvOACcZXmVsuEluq2VMW5aeF6NS3KnvEIqIxh4A1YPdef1mmak5I934byL1EFCf5FpTSy0MwkaNvRbywXqKoY1zTuORlef08niAwykEgeU91NtdZJQ1PlcQM7riXVnsNHqHFqLPTZ6akuUWiTB9F591DZZqKdx0eQklrvb0Wxt9SHxtkYchwyp09NT3GA087RuNvZc+XDO3Kv5EeWW+uloZQ5jsYO69E6b6gjlLXF252IWKv9klt87iGYbnIPqq61XKWnqBpdpwUm+r5Vkqq16aeD3WmrpIJWyxOIwc7LXMqKa60wdsSRv6heWWG8CohY2Z+c8Fau13YW6o84yx4wQuLqdLjo7+l1e7st8T2uo8SPOjO47LXWi8RVcYaSNSoXiO4U4dEQ4OGyqhUz2qfIBxlca2rDO1VZjk9MacjnK6dlS2a8w1sTQXgO+6uWu1dlnawaoyTQ4S4PHKjXW3U91pXU1TGHNI29QUYjCK0tccZQqTiwZLJ5VcLZVdOXNjzktz5XerU+6xw1cDblSgBzf7wD/NegdQ2Rl3oHRtAErd2krzMtrLJWOgqGnTnDmnghdLT6jDwY514Mf8Qeg6brmzPjDWNqWNJa7TuV8i3myXHp65zW64QGMxnyk8OHqvu+ohZG/wASHPhyDUPZeY/F34XU3WdsdVW+NkdfDl7Tj6x3H34XtvDeYlp5KDfB4P6m+nK9bU7ofmj5TG/CeOUqymqrPWSW+4Uz4pIjpII4Qxg+ZrgQV9D096sipfs+KaulUzdbXKJTOMJYwhAorHDG5W+EjBgKgruAfZERp5KcsDUl0jC4rKyJJOx7pqtrBSYl0HHZcSQlj00/ZOSRRlgE5+S6kkrbIJJJJQg5JD0+66BhFlA4CZKWSuLuCh3EwheIUhISVxJTJYXOyGScpLimSYEm5KScoVwhJaCugd0QYwNkyMMkbB6cdlwQj+n91Iw0dktY/o/dN2C/kwB+XI7JwpcHzFH8TPZdDMHOVPjj7Bctw1lJDyQco7adoOQAuNdtjC6Hk9k5QXojTHCNreAi4yhF59E7xHeidGKXIDyPRNKDgogYc7rTHkWwur2XNZ/p/ddDCcFEa1vOEyMclAPMiMByntAzgBGDe+E1QFylgTRsMomAugHCctEYpIW2NHKMACAcYQ0ZExMpZEOUQcJgBynjhRAnU9MT0zOAhiR3THSsZnUeEB9wgaD5hkKpSSXJcY56Duwx2onCi1FdG1mDv+ahz3AyEhrshRwHPdk7pE7svCHxglywklY9zsNGxTCHuxtyjxQgYOlTIIAMeUIOXyRvb0CpKf1araGnw0EN/dcggwAAFPDA1n2TvxQcFkjOaWtJ9FV1dTq2HAUitrw8mKPYDYn1VRPK0DGc5Wa27BTg2wVRMdWyjFpccnumyeZ2Q5cJwAAsVlmR0Y4Q5xI42TCCTgLqe0dikv7gmjmkHsn4C6nJsYgNnADlPHCc2PO4RGswcYTFH9At4ORxkHhSYosbpRxqbFFwU6MciJyBsj9sI8bSANkQNAHC7gLTCOOTPKWTgaMcLq6khsf6AHJzvpJyNkxzgGk+gVBeLuYYHASaSf3WW66Ncd0hkKp2SUUjt3vEMIJG+NgPUrG3C4Szkku+o9jwhVdZLM8vc4nKjEk8leS1uulfZhM9Hp9NCtJITiXfUuJJzWnI2XOnLHLOlXAIDvsjtBQmAhu6kxjJCyyluOpRWcYDlS4ozjcJsTAVOigc/Aa0nPolJZOnVX6GUtLJUSiKJpc5y9Z6B6Ba1ra6taNXIyEPoPoXDWVlXFyNQyF6fHHDTRCKNoAAxstEIc5Z7LxXjNq+W1EimihpYRHGA0NHZBqK7wxhoB9lHkqXZw1NiilmlGB75K1JKKPUKWeEhkcc1XMS4/r2VpRUgjOcdk6GnbG3GM4Ro8DvwhcssdBYJDQGtxnhBcXE7pb+qG92GklRywHnPQOrn8GEvaRwsw46pS7uTlSrtcXOkMEZwAosBy7hDvyYbpZe0mxHSAAMLkwL24ynwwOeOFMjpdhkI93BnVOXkpXQkO3CJFHg7hWNTAGDGBlCp4S93orU8h/xx9OwuI2U2JgYNgmxQhg3GPzTnncAIJM0117QjAXOwrKjhAcCQolNHnBIVkxoAACtNmutE2IMjb2KA/z7ArjiWjY8oYfp3O6I0tLB12iJutxwAqa517ql7mZ7ItzrHSANi7bfmh2+1zVLwO7t/siyI25ZDt9vknlDdBx3K2Vq6aZqbMWDHuFY2qxx0gaZGggDOPUqznrYqdhzhpHGSpkfGqKXA+Gnp6KHUAMgblU196wgttK9sThqdzus11P1mWn5aBxJ9iszHTVNxJqKzPm+lueB7pFk8LAWcPCCVl8uF7mIaSwffOArG1WF8jhK8ZH+an2SyMa1rnMAb6Y3JWwobVgDyBo9FklJtmynTux5ZCobVpDQGYAV1TUAZjOylRUzGMDWsGykQU7nFVuSOxRpYwWUCjpRthvClCJg7IojDRtshSTMgaXPIwlzmbI1qI5rcEbbKPWXSmonYAMjuzB9ShyV9XXyeBboHjOxld9I/NWVv6dp4nfMVBMsx5LjkZWeUssYuCBHS3a8DxpHilpzxHnzFX9vttFQsHgxDXjBd3Kk6GjsBhdLSW7d0qTWCNiy0bjG6BLJ5S5xDWjknhRKqtEbjFEPFkGwDdxlMhtVZUtDrnUnB3MMZ8v5pG7DKwckrg86KOEzv/qx5B+akUtukMwqa15JPEbT5QpsdPFBGIoWBrR6J45VylkJI7GxkfljYGN9AMKU0jG5QBwnDlA2iwu2+OSlnGyXA2XEqUshnyqNk4bpiS+0H82pRTHpLgOV1QAYkkmueAFAxLhcB3CC+YDOyiuqAM53VNpFqLbwSZJsFQ5aokYCHJU52UZ7iSk2SOtofFX6uWIoK6oJ5CETkkroYT+aI2HuVlnYe98V9NQqSlNZYJjSSBhGjhJIKkRwAYJH7ojdLQNlmst9Ht9NoYQXCBtgGMkYTy5sXA/dcdNscBRsue7JWWdh0oV7Axm32bsuY2ykI+6cGHKTJuQ7gGWkJBpKktY0tyQu6G+iooCyEnB2RvLGBgZXH4BG+FAq6sud4cRzjkpiWRdt0aVlhaqrDTsoDg+d5e8pMDpHZcclKeohpm4kONk1RwcfU+Qys54OxhrMk4291QXzqmGl/wB3pyMk41KuvXVJfrpaTbs5wKzMo1kOO5TYJHlvIeabzXR/1CVMslTK6eR5eX9ygxxkOGyNG3gY2RSwDGybBcnmLbHN5kNDG4RBEM4BT2MKKBhaYrgzym2DxnfC4XbYRC8BpGOyAW78qijjnZ7LiSSsMSSSQ3VBCz7JaQnEADKCXHcKAiedPvlBfLoGdilI/G+dkCKKWeQNaDj1S7AooYWz1czY427dz6KVHTNhOe6PHAIhtsmP5VRjl8jGwmcIL3N0ncJzjgFRSC5xGUcl+ihjnEu5RGQnOohdZA7IcVKazYbKootvAxrcBEPCSajKzkGfrTTwkuYJ7K5LJDgG+6eQOyThgJjeUBMuTHkYQJcAYCM9zcYyocjvdKzhZGRWRsjvdRnuzy4J0jgTgFR3k55WebyaIxwd1H1TRkrqJFGTv6Kg28DoYxscIkkmAAAkmgHlCLzuYk9JDf8ASVCCJ2O+6ES4nKW+fZPwNGe6gXQJJI8pAZOELWSHI2lzw0K1o6YDDi3dRqOmIeHkZVs1oA2GE+EBFszuzQAAhTPw3HqiveAFEe/B9U9cdC4rIFznF2V0BLHdGAAGArG9HHcFRiTnlSCcgoA2ckWySGVV73gNTs1HdW9rts1dOIoAedyq+3wSVUzIIWkueQNuy9x+H3RDqbw6uSBoaOdQ3JXPut9HsPBeNlq5bEW3QPRUNvhhrnRtMncubwtR1Rfo7XRuAma15bsCeysKiamt1NrdhgA2HqvIupru+710rQctDsN39CsN8+D6TCEdFUqqyrnNRerkSwF5edyTsAvROnrPHaoGu0ta9w3VN0vYTTAVM45Ofv7LUSPGxzssMpNm7Q6eSXyT7ZNa9mnt+qjTVPhg8KNJVBgwoElUKmXwGkjHJSpSydVBJny1M2lmXFxwFeW+jFDDl+HSO59lFoKUQSNkeMnGytGML9yqSGQDQQH+8l+4yqXqPqWOjY6jpn+cjchTLzcvk6JxacOIwF5pcK19XUuPJJ7Im9pn1GoUPtQOqqp62fwoyXPceVuekOk2ULG19dGHSuGWg9vdC6M6WbE0XCuiBcd2tP8AmVr55hA3YJU57Rui07k/ktQCtqCweG04yN1EhjdI/K47VJKTnKn0sYaQcbrl6q7J26qsdEqgpgACWqwc4R4j2ymRMEbM9huiU8YneKotJaeFybp7jdXAJCzJyV2aQkaGnCbM7Ts3hS7dTMlb4rlgnM1RiFt1Cctc5o9d1choaAAAo8DAzGOydNUMpxlx5WaTyC1kfVVMdLEZJD9gsvV1b6ypAduDwu3OvlqJjqO3YLlHEzImeMuCSMRMgayJgaAAmPcG5wc5TJZsnYIecgqwwgy949Sry20PgtEkgBJ/ZV1ppA8molzgHyhTq2tfDGDHttwlWBgrvdcZpaZ252cVHtlBJOdzvyT6KPQ0ktfU5aO+XFa6jo46aIMZ+Z9UkiORt0NDfQAJx2aXHYDko+kDdYzrHqXw8263y5J/vHDt7KksguWCB1T1O+re630Ly2Jpw9w/EswBnYLm53PJ5RYgQc4ytMVhCZS3Do48425VvRUemPUQEqCh0/zZBueB6K0gpi57YombHko5y2hxiwdFROqJMcNbyr5sTYmta1uAAlT08dO0Na3hSHAEbpDeWN6QxrmtGojYKmr6/WXTuAEUe2SUO8XeNpMEbiGj6nDv7LJXq7GtBpGZZEOADufcpkINi52+hXG6yXCYtYcMHCBE1xwxu5UVuI8D1VxbqctImlbt2CfjaL3NsnU1PFQw+NLjURlDHzdzq2xQjW+T6WhdrZvFb4IG5Oy33QHRr4g261w0ynBYPQFKssjXFtsZuyX/AEj07BZaVriwGpcAZCRv9lqQXeiG1mHZKkswcHG64F1nyNsCUhuDnblEa0jbCI1oxwn4Cwzk28CxADCMBjYJAY2CelkGJJJJoAkk9JQgkxPTFCCTE9MUIJNTk1QgkMfdPKA5wZ35UUdwYO4XGitdLJV10wjijY57ifQDJXmVujrOuLo2+3Fzm2yN2qjgdtt/UQjXC4/+0W+spqQvFkpHZ8TOBUuz6eg/dapsUNPG2CFjWMYMNAGAAtNVZa5COkbCzDcBrRsFkbjcZa2dwLvI04AVhfblHo+ViJydiQf2VG3AHK2wW0fFcDZC7Ia0ZJ4Wx6espoacVM8f82QZyewVZ05ZnTVBr6huWxnDWnjK1yCUwznCWR6rhIUd5JyMoHYPUcjamUyHw4+ByUoo2hozhJgGrK43PqhTbYTeAnh+6j1U7aduXboz5NI9Vm7xWiZxhbIc98J0VkNYZHrKiSomLnuyO2OFYWWgbJmqmbkA4aD/AJqDbqT5idoeCWt3K0rNDGhjGYaOyYuCxyr7nVviiDGbajgqXPO2GNzzwAqyCCStlM0zgB+FpRkD0FOGt8eQZe7jPZTJJRG3jK40COMAngKHUy+IcBRLJAE8pe4nKTUtPuuEhoWmEfZTOSyCMZPCxHUd7+YkMFOfK3YlWvVF3ELPl4n4cB5sFYoyEZLt8ru6DSSf3yOJ5DV/H/pwBDJOeVIGGszjhDjxnJTpSZGeDGNyvQ1wwsI8/l5yObE+skDWjDRuSrqCFsTA0AABBt9MYIRrwSRlS9gnIbGOTkjgwZA7LNXq6xOa6mYfN3IUm/XV8bDBA7BOxKzbIXyuJcck7ptaBseFgE6PUR3U2KINAACTYNGNQU2liMrgcbBNM2xyeSRQ0WB4kg3PA9FNADQnMYGR44QcEuRjowSHZJPHCHPM2EZOEfZjc4VNV1JqJ9DeAnwjuYq6yMI8nQDK8yE8qBd7nDbITLKeM4R6ushoad00pxpBXinXfXE12qX0dNMfDbsdJXb0Wmb5PE/UvnIeN0znnl9L9lb1n1fV36sfEyUiJpI2O32CzUUeeyc1moj91NZTbDbleg0uncT4Fr9ddrrXbdy2DjYMcK7t1uOnxZRzwEy02wyHxnjYcZV0HM+lo42XSisI5+cvA6LRTxhjGAevuqm5VUtTO2hpmkk/UQj1tY4u+WpRqldtkdloOmenRTs+cqm5e7fJ5Klk9p1fHaGWpn/Yb09YIqCASyNBeRndWU9bBSjEu2yLXVMNBE58jhvwM8rA3W6urZnOLiADznYLDbYksnt4wjRBQj6H3K7mtmcBJsCR+Syd96jipw6lpXtdJjBOMgKJ1BfWt1UlE7Lzs5w7LOxwOcQ8nc98rg67WxXCJGWQup8zvEeS5x7kqQGYaNkOOLGFJ04bwuNO12PLNCi2QZ2hpACY0EOCLUDzBcwA1Ka5B6Yel+lSJRso1MA0qZNu0YTYND09ywVtUANh6Kse054VrMCSVBqGcYC1we05mthhZQJJcyR7rqYcgM1DlZtsF2LsjyNaWAYVt4HJFe5pBOy7nCLo3OQhEY5UXIixY4JEb9xldqG6jqAQg3BBzwpDXDSAeyegQbe2UngchMmB1AhEjIc1VjJAKeOV1wOeEPGEJA4IxyuoAJzyjDhQg1zfdc0+6IuHhQgIprC4OXMHUntAIUDzgkxnI5SPKBG7wypA8wCH+wSlv49g5WcYUbT7qaYyo8jVaiVJYQJkxBwrCB2tuPVV3hlu+VIgdpxuihLbwzNOOSduDyjRuG3uo7ACPuuhxidvvlaoCZxySyARshtB1eicx+QnachPf3ISm0zoIwuoBDmu5RQRhXGXopjXsyMKM6nIyc8qamuGQhnDIcZFc6PSVzT7o87CTkBDAx3WZrA9ME+IdhhDa/GxCmuYCMYUWaEjcBAMTTCRylpG6mxyB4G4yqppdkbY/NHhk0kK4yfQqyC7ROLdwcpzT7LkbxI1JzS3fHKYkLT/AGdIyhub7pwkycEJzwQBsixlAgsY3CYJXtdscYTiTjhDILTwqxjkiwydT1LyQHuypoa0gEFUwGDkKRHVSQkDVkJkbOeQJwz0WiSDHWRvAGd0drw4ZWiO2SM0kxAHKeG52TtAT9PupsIC8IZ45USqoHSeZuFZafdckGd8oJVLBN+1lG6KSEgEJ8eHDc4VnLTtlH0qulgfC/YZ/NI2YGqakNfEDw391FfCWnYKU2oa4BrhuiMaDvpS3Bvoc5NFdqczYtwixYwN1ImpdW4aogY+J2cKvuXZNyaCOj9E3R7ojZGuAyF3GobI+GE3gjFmO674fujFnqFzR7IJLBaeTmn3S1eyWr2S0+6hQi0YQi3c4CMuaW+itsJoApdJXVNK7VFIQB2J2QfD90wE+iieC90kbG33Smq4xrcGyYwcqa+im0eIzcLDteQdjgq7tHU1dRODKhwli9HdkUZHRp1WIqM2XdPVeEdEzTspow5oc3cIkQtt5g8WleC8jJA5Cr5obnannwWGWPuPZFwzcrpVNSfMf7EqRmnGSmGmZICcD391Ko5qSvYCSQ7gg8gpVVNU0RLo/M329EfRpnCF1fyReUZ+vtDt3xEDG+CqtzyxwGFsoJIapmDpJ7hVl4seGmpgHuQqa3cHF1Ohx/qVFPFPsN1Mgq3wPEsLi143DmnBCrHxluMbYTopgDhwWedSYim2Vb/ufQXww+N8cbYrL1Qx5AAa2qb5jj3b/wCq9yikhqYmVFPK2SKUamPachwXw1DK0jAC9G6C+Ll76R8CkrHmqt0ZOtrjuAeP0WO2nHR9K+nPq+UMabWcr1L/ANz6fedJHdJrshVnT/Utm6rt0dzs1WyaN7Q4gHdvsVZdisrWD6jVbC6Csg8piJyU7Y+hUfJ187IjfpCVNuL4D2p8GY6h6Ipbm91ZRP8AAqHbkDZpKw0gqaCodR1kZa5pxkjlewquvPT9uvlOYquLDuWvaPMCtNV0o/kzheT8HC9fJV+R4vfunqa5QuljYNRC8vvHT9TRTOxGQ0HuF7lc7PcOn5MVTC6lycSAZwO2VX1lDQ3SDzRxysPB7hdGu3cj59r/ABKf+nYsM8FbJJBJ5jjHK1nTfVlXQBrXSuLWn17IvU3RU9PM+SmYSzkHCx8bpKeYteS3SSCmbkefhCejnta4PoCx9Q0l1ha+OUA4wQTuCrxjuF4HZ7w+keJaZ5PqF6h071dBXhjZngZ23PCBo62n1EZr7jWObkIA1RP1tJBUjU0DPY8JpAOMFVGex5RrnUprLDVdNT3ylDXYjqox5X9yl0/1BU2OZtrvDC6F50teTtlAALTkHBR5ooLlTmGoaNYGxXV02ufUjxfnfpqrVQcork0lXRsLRXUDwWO38vZTrL1D8tIIazO+wJWJt1TdenpjguqKYjDmOPAWrppaC9wAgNa48DghdWL3o+Q63xd2hsxYuDdxSwzxh7CCCq6roZICaiHduckDkKgoLrVWWT5eqa58QPld7LX0tVFWU4lgeC1w7LDqdMp9gaPUy0090WVTJSCJoziQdvVKoZHdIfwxVUe+2x/9UevpXRNEjW4GcHCiRh0Z1jn1XlPJ+NhOPR9V8D5tpLkFSzPe40tX5alvBPDgrmiuL6XEFSNUZ2yeyrquKKvYJI/JKz9cpUU3jg01VtI3bJ7r5z5DQuuTbPtXhfJLUVrLDdQ9PQV8BqKdoIIzt2Xlt0tNZaK352iLo5WHJxtlew0Mr6fMZdrYdsFV1/sMFwhM0DRkjO3ZcC6lo9XVZngB0J19DeYG265PDaho0+buvT7LXxsYbZVtDoZMjccBfNtbaau2VnzVMTHJGc7d16Z0V13FcoWUNc7TUsGAT3WKUTRKrcso0ldQXLoa9m7W/LqOZ2SG/SttBXUfVNuFRRkCUDUWjsVBoqunulA+03DS9kow1x7FUNPT3HoK6eIwudSvIwewCZTN1vL6MV8VLr8w12tENwhkpKuBsjJAWPa4ZBC+CP7RHwVqehOo5bpa4C631bsN0jZuNwMduSv0jrqKKvpWVlFjDxrGO+eywfW3R1D1lZJ7TXwsexzTy3JB9QvR+O8hLSy3R6PP67Sw11Trs4Z+Vhf5i3b9UVjs52W8+MXwtu/w/wCpamnnpyIictLRtjK8/avpOh1sdVBSifIfJ+Nt0V7hNf4/wS2OxjZSo3eygNKkRnOdl0ovJxbIYLJkhLd0w8lCjeO5RM5TkIccCT0JOUKCDlLGCuLucpclkjJVurXUNS2YHYcr0G2XL5mBr9jsvNO+Fpel7jo/kPd9srja/SqacjseG1cqLVXJ8M2weH8hQrnQtLBPGMO74R4iDuEc4e3S7heVurfR9G0t2AVjrXMc1jncHBC2cD9hkrzqVr6Kqy0kNzkLXWuqdVRtdqyMBcm+vDPR6K/c9ppaechzSCtHbKw4AWQhfpxurGjrXRvBBxhcq6vceh012xm5gqdWOyr79bvHjFXGMFq5TTNe1pY76hnZWg0yQ6H7hwwsahhnW3fIsmfopfEi0OPmbsUTSQC1R543UNYRjDXFSyQ5ux5TVLDFyRX1kHixnbIHI9VhOpLSQwzRtOHE7ei9DeBuqa5UglyMbei6Wk1U6prByPIaVWQZ4jdaAsySzGFRSsLXZAyvSepLY1viaWY5WCrKbSMAL3nj9UrK0j5Z53xrTK92HMIIVVVQkE+XAVk8mN+CE2SNsrctHK7db3o+f6it1WPJTYc05PZW1iu7rbUg6jpccHdQqiIMOA3CiaSNspV9SnFph6XUy09inE9a8USxR1kByCAeVYNc2ZrZW8kbrA9K9QCJooap3GwJ4IWvpqoxP1M3Ye2V53U6VxPoXjNetTHKfJqLNeJKJ4ildlhON+y3FJM3VHKDljl5nG9s42HCv+n7y+nf8nVvyz8JPZcW+pro9hodVxssNlerTDcqYkNB2Xll4tslvqtWjSAefUL1akq9GMnLHcFRL/YKa507pI2AkjOAs2OcM6FtW/lGAs15fSAZccZ3C9BtN4jrYWhz8nsV5bX0c9sqHROaQ3OxU+y3h9JIPMdOdwl2UqQqnUOiaiz3Lp/qBlK8U0pBa7grSVtPS10Ye0jzDYryWhuMdRG2eJ+fUdwtn09eTO35WR2SBlu64Op0bUso9NpNXlbJsl/73aqjUwktB7dwtvYLyy4weG53nYFl5sS8hQGvq7bUNmgcQAcjHp6LkW1NPB04TafB6gHjjPKRkLNxuqa1XWO5QNIcPFaPM31VpG4AbrPswOUskhk5J0uGFV9R9OwXamMrGgTNGQR3U5w1kadkSKfSAHDhVFuEk0RrJ5g0GCb5WoBDM6HD0Q6qlMLy36mO3BHotz1R0+LjF85QxtEzN3NH4v8A1WUcBM0RO8kjPKWu9V16LnJ5Md1WTxP4wfCOl6spH3C1whlyYCWtaMeIvmOop6mhqpKKrp3QyxHS5rhjBX33V0j2uGQB6FeNfF/4PRX6B97s8LWV7AS4NH94P+q9v4XzHwyULeT5t9VfS61UXqNMvu9r9nzQD3CcCcpr2TQTOp6hmiRnISX0OFqmsnxy7TzoeJBxwnjfKCOUZn0hPRkawdSSSTAhJJJIwQqEkiqF9gkkklChJw4TV0DJwhayQHuDwiNkIGMInhAjOEMxnPCoJPIQHIykhJK8kJGR6rpDSo2H+qfkq1L+wA8t9lzR7Ja0tfsrLHafdN0FODsdk/UMcKFAl0cpyWCrj2JlLLHAd11JJaorCL7EnYHKanIgTgByitJAxhcLQOAigY2RxjkhzBPsugFpSacuCJpaQNk5RwU5jcDA9UYNGdkwNI7IgaSmwjkCTCCMIgYAcofKK1u/KcomebO6QCAOy6AcjbZPbwiADKfFYKc8jWtzjJRWtxgpBuy6BjujESluHhoC6kNkkQwS6Dg5XF0NJ3ARN4EhGyA7YRQRhRCQOU19SyMeZ37q3NR7LSb6Jhe1vLgolRXMYCBgqsq7lglrXFQTJNUH6jhZ7L93EB8KWuZE2ouL3HDRnKiCNznZIO6PT0xOC4Z+5UsQtH4UEHZLmQyThDpEWOmwM4wpkUQbjb912NvoEaKEkrRGC7AlLPQmR7gAKxp4AMHTgJkMQ22VhFHpAdjCjaiRLPIo2NYBnbCrrlcdWaendsPqcP8AJDul1D801McafqcqSWYMGOcpN1uBqXpB55QwbHchV8khdyUyeYvKaN8rnWWuTHRid37nK6B3SaMlO47Iey+jucBPH2SwnpsYipSwJPa0532TmNJ7I4YDjIwnxjkBvB2NoIzhFjjAPH7pzI9uEVrCDwnRgInYdhYPT91KjaMDZMa0DcBFZ2RGeUsjsbYQ9KIkrk8ADVw8IhxhZy8XptKHGN/G33WezURr5kNqqnOaSQ+9XiOnjc1r8AbH3PosTXV01VKXyE4PA9FytuE1U7MhyM5ChkknJXldb5CWok4xZ6KjTKpDycriSc0HK5T47NkINsYAcqUxuw9UmsGNxuigdkmyWTo0VNcnPDBAACkwREn0SiZkjKnRxbABuT7LMuztU0vCaFDS5IIHJXpvQvQ8srPnazS0HBa0jdROh+ipZnx19wi8vLGHt7leqxshpYmxxtAAHZaa445PXeK8XjFliDxFtJTshaB5QgSzSSO0tbym5MrhupdNTHILgnZ/R62MVjg5S0b34fJwrBkLWN22ykyMMaBhdJGFHLI6MEjrn4/NdjDiUEE6keN2OyAZgIWgA5cqu617IYdGRk5/JTayojhj8V7sALJVErq6pc9hIYDkk8KpSwLm+MDMOkcXnJ1HlWtHQv2c7bPHsn0FAdIe5o3GQreGnbGBlVkSq97yAhpsY24UoNEbQcZTjgDYJj3bYV5Gxgo8kOcGSb2PZHgpQ0A4wnMgLnZIXZZGtaGjsjSySQ2TSMAFDZkuTCSTsjwtOQcI9paeSbTeQDZSvEHp+6hRu42RjkkdlQ+AYP1IEzz9I7pz36Gp1LTukLT6qDlzwNhoTMQ7Tvlay10ENLG17owXAKPQW5rAMt2+6bcrzS2xpGrWW9sqZLliCyyxuN2iooC+UgDsM7rzXqDqmquEroad5DW7HBUW+3+qu0hZG4taTgb9kK324aBkZz39ShlJgxk5PArZbHVDhPOMkcArY2mymXzyOx7YXbJZjLjyacDbK2dBbvlIxsN/bdZbHlnS0+lcnlka22uGA6tOccBW0ULewwnRwejcIrAGHcJcmdujTqCOww5OcI7WhoPdR6iqjpWFxIz91UyT3K7SCnp2+HE7cyHsEhybNaSiTKy8U8LNDDrnJwGD1TGW2qry0XDDYzvpBU6gstNSzCd7fEfjAJ9fVWZGXbDJKCb/AESSyDpqaKGJsULA1jRjZHAwMN3PZMlnhgGJHafZU8tVcLhqhoWuhjPMrhg/kkTe0hZVd1ho4yZRmQcsChRQXK5/7w+d0FO7iIHDvzUqkt0cDAJB4jhy52+VPaQ3ss7k2XGICnpYadjQxnmHLu5UhJJCEPXRyuJKmWlkK0gBO1eyCOU/IDUDZYTI9Usj1QCTnlcycZyqIfLiSSROF9qP5uDiRjlDJwcphlwgunGCo3gELJNgYwo0k2BuUGWpycBR3Fx7pUrMG/SaC3VTxBBX1GcgFRnOc4nHBSAcTueUdsQwDhZ7LvR7rxX0x/XZyRwwkgkIrIxkZCIGDOyK1gCyzuye30nioU84ONiGNl0ANOe4XTIAMBBdIcHGf1WWdueDr1VRjwgpqO2lCdKX4HCGNTjwitYUpts0xjg5jO+U9rACnhm+AiiMY4yhCGta3SNk4NAOQF1ccCoQRIwmPcI8ZTZaiOFhcXb9gq2apfPs48JkIORk1GqhSsyYSvrNZ8GE7DkqPEMYzumsAByVWXO9xUYd4b92/uVpjVhZZ5rW+Ti/vkyfV18NBGZJCPYZ7rD3u/T3AOawlhJIz7eijXG6z1kplkccHgeird3OJzyhaweV1fkbNQ2lxEaxjtXqVKjYdlyKMbe/dSo4xgbJkINnJlPA0Rgb4xhEDMu5RBG4p4b7J8Y4FSk2cAGEMkhEJGEJ3KaUo5GveTsNlx24SITQcqDNiRzB157Ig4XBuc4T8bYUKazwNTXuAGUx78cd0I5zlQJIdJIXcBCe4gYaMkrs0zGMyeew9UqSlfJmSQ4zwChayW3gEIJZnDxNmdx6qWxrYxsugadgUx7y4qbcdlKWTjnHJ3TSQE4kYQsEnAVYxwMGvcXHAXY2EnhFbASM42RGRd+MKkim8HGtAARXNABKQ22wmHZG1gpSyNPKYnJqEISbpHZNDXA5wkTgZVylggiEF0oAOAkZORhBOOcpUpYDjHInSHhRp37YHdKaQA4CjalmlPcPjHAi4lcSTmg5QDujgBypTQAwJMY3GcJoGfyUA/IbjfKfhunPddJZue6EScqEEedlxJJQgsb5S2IIyEicBAycqMgTv90aGMlwKFGC5wCsqODTjUEVcMsXOW1B6eINYDhSHYASaAAMBBmcAFo/Ayt7mBnkwdiuNdq7IZOSU6PurNEFgakkkhl0WPSbDrIDeT+6XJWw6C6YN1uLKiRrtDTgbLBfLJ2vFaOWqtVUVyzUfDDo4yPZXSQ5xjJcF7ZFEymiayNoa1o7KBZrXDQ07IYowA0DV7lQutL7/DYfl4CNRbl2CuZOXOWfXfH6aHjqlBLkzXWvUE0kjqeOXfjAKpenbaKqX5uoGRnYlVxEtdVAOJe+V3K2tHQtpKdkYHAWayW42KDts3lh4gY0YwMdigT1mkdv1QZnhgOSVXy1BcdIHOyzTlg6kGyTJVPncA0YyrWgomDTgZedyUK228wQtknaC47jPZXVBTujcJns2PAKWaoLgNDTHSMhPqquK3wmSQduMoxeG7gLFdS3aSWodBE/ygYRFW3RpjllTf75PXzuY1/lzjbspvSnTktTKK6fAazdrXDP5qFarQ65VbMDZhBd7r0qjpWUsLY2MAACXOW0TpaVqJ/LMPCfl4Aw4JAUCqmMrw0cBHqpseUBR2DfJCxX2po79UAlNEcjLc5V9RUehoke3c8D0US2Uj3ESOGAPVSqyqMbgxhztuuXbPea4rYOLvHqW024YT5sd/ZWehsTQ1oAA4A7KNaoA5nzbxyEd+p52BXKssbk0Phwhjaf5mcNzgK5ggaxgY1oACbRUjYWanbucjueIxhZZTyPTyDc/wAIZ2Weu1yzJpblyfd7o4EwtOMKkj8Wpm1Z/XsllkyHMztZCljDW4QYQ2NuwTXv7lUEGJ5JKk0EfzMpaW5A5UKNrpjgArQ0cMdJACGjJ3JS7H+hyW4LLNFRwZdgADYBVUBqLjUFgb5T+yHUSzV1UIxnc4AWqtdrhpoWgM83JJSnyFjAWioYqKEMY0ZxuVKJx2S2Gx2VLf8AqKC2QOiEmJXjYJclnopvBD6o6obQMdSUjtU7mkf8vuvPXvfI8ySO1OduSUeed1VK6WQkuccklC0+6bCODNZPdwNaCSMBWVDSPkLfLjuSUCipnzSgNHHJK0EUHhtAAx7preCQg28j44ywBoGVc0dMIGa3Y1OQLdTNcDUSNzjZuVO2CROW41pcCJwqy/XL5WmPn0aufcKVXTinhMvovObxd6i4VTi5x0g4AB2WiqvPIi+WB1Vc/mHERjA91Akdl2cblDLtPZTKOne45IWlRUTL+TC2+gMpE02zRuB6q2c/U3AGAEOCN+A0BaHpnp991qml7Mwg4Oe6XZZGuO6Q6KwTeielhcqgXGqi1xsdhgPGfVeswxMhjDIwAAFFt9FBQwMghia1rRgAKewEnYLz2q1HySyEPDcbojQc8JzGcEhFaBhc+UxcngQ4T0k/sFQDlgSSSShQ9JJJQgkkklCBCRg7hAPKWT6pii4IJJJJQg1JJczhQsRXnPxFvdVW3CLoywP1TVA/3uUf8JvduVpOteox07bg+JmurqAY6ZhP1SHYfpkFZnpKzPttKam4HxayoOuSR+7ifcrRVDIRbWW009ht0VBC0EsG7h3K7cqxlNFqcRuDhEnk1Ak7Y3WSulwNVVEA+RnlAWqEeRkINgXymWRz375UyzUU1VWNcM+G05cQo1JTSVkwijHPJW4t1FFRwNijYBgbnuSmTxgaSqaNkTAyNuGjhGdwEmAAbJj+VlbGx5ZzJQtPuujkrpOVEsjnLajgGE1xyE8lRKupEcesdkyMclNlde7g6FvgRO87hv8AZUlPC6Z+c7nuu1c7p53PO+TsrS2UfhNBeAS7da4rBFLJOoImQxtDWbnkqa4NDckj9UFrWsZn0UGtqyY/BjyXu4Cg07O51dKIIvoacud2+ynNYxo8rcYACj0kPgQAEeZ27kZ8gaCoTAKeQjYFQSS479iizu1HYoQ2RwhllN4HqBd65lBT+I52DjYeqlTTiIZ24yvOr9daitq3gyHS0kADhdnRaR2ySZh1eo+KOSLWVL6qZ0jnE5JO6ju3IOUzPOSmZxk5yvXVaeMIqMTy1lsrp7pBXyeG3bZS7bAX4lcNlAijdV1IiAOARlaSCAQsDQ0DCa4qJcY55HNdzsoVyrHQQksxlS53thidI87AZWWqauSomc4nLeygzoBO99VKXuHPZPiiEYzhEYxoGSN00v1HAGyfDgRNZHaNWwVtRxtgYNMY3G+VGooHSO4VnI1oiyBxsilLAdcMkeVxf5WjCc1oABOy6xgO5UKvqmty1vZXD7pJFXPZDIG41weTBA7jkqA3DcuOAU10uXE+qxnXfVYtMHy8J/mEHYFdvSaRzkjynlfK1aSp229Iovib1lKyX+D0D8OLfOQey8xALyT3PJRJ5Zqyd9RM9znvOoknJRoKcuI2XqdNp1FJH57815e3yeod1n/RekjkEXmGQrmkoXzgFoGEO320zycbD9Ar4sihY2CBvG33K6ddaijz1lrfBwlrI208W2NiVBuMxpGiGFwM8o2Hopdwlp7TTOlmkzUHZseO6J03ZpK3TdK0Zc85Grt7BVOW3g16DRz1c8ImdL2ABvztZH5ucHur6vukNFTl7wABsAlVVcdHTE40sYMled3vqB1wqXsZJljOwOAFkvsWMs97VXDT1qMVyK8XiW4yvDZSGt752AWGvXUBm1UNH9A2e/8AqPsgdQdRCdxt9vOGtOJJB39gqumi8uSF53yGrz9lbLc3N4ONaS7OFNiaB2Q42gHhGZyuI032aqYh42AhPlaA3ZOiB08IhGVMYNyh9pVzAZwhtRKjPju9EPOCl+sGaawwkR3HupZOWDKiD6gpsGSAFcHyOqWeCHKzzZIUWpaNjhWE4AIUaYAgFbqn7MeqTacStLd901HcN9gmPafRPbysHClHDwNZypDTqGFHapUDdRVBVvMsDTGMcKNLEc5AU8xkd0GaPIGFf+BllWSKMdk5pOU0swcpJif6MsljgOWhzcoLCWP0FOY4t2O67I0F3iaeUSAwELQ5uQo5GDjGESJxbsd0pmF3AUSJ12R2fUFJBGOVG0O9E4B4OefzVhskJJjXY2T1CjmAhkHKOmYCpkAtUiI4wAEzHuuatB9UnDyRcckwEOaQAgOjOeEamc12xRZKcOG3dGnwOS3LkhFrcILTg5Uh8J3KjujcDsgTwJnBok09SSQCFLlbloLVVNJ1A+inwTgjB7LVCe4TNYCMkGQ3hTG4DQQcqA9p7IsEucMPKfCX7Eyj+g8pDjsmR5zyn4yuacIwQw4SIymNIBxlFHCaLXBHfGCc4UaQFh4Vg5vuo8jMjOMpNlYcZEVqc8NI2TJGlp24SYdkge3gE+MDcBDHlPKlO8wUZ0Ryga4LUskinqMHBAwpwc2Ro4VSRjCPBUluARsrhPkGyGeiXNHpwQOEmyh+BhPY9rhgjKBLC9j9bCcHdOxxkS1wGfGMbIIOOQjRvy0Bw5TiwKJgPMeSO1M06vKThSCD2GUzDu4QSTCjIawFmHAKVBWgEB36IKQjaRwopSiy5VqRbU8rZgSFLG/Cz7HywuBYcAe6saO5iRzWOOfVaY3ccmWytx6J+CE5OBa/gcJaHN4CankRnPA0DOU2WkbK3Dht3RmbnKLpGMKsZAU2nwZ6vtr43B0A43Q6Wq0ENndx+S0rWtzuFArrPBUPMsQ0n0QSrxyh8L9yxIjNdHMPLuEGemDu3KGHPoZND4yWhWMLmVDAWpTipBqW3lFNNTPiOQF2E42cFbSRNIIwoFTRSDzRjIS5xlDlDFYp9jMA8FcLMjGUFkj4HYeFLbK1ypS3dhKWOiKYgd8IJ2KmkbfdMMR5wi6KyCTA1wOcZRCMLuAhayNTOZ2xhNdECPKN0/T7pB2/CoYwGmWN2SzZFa/UNhhG2c3BCGYN8+qgCYahqqihkEtNM5jvY4W3s/VdDWMFPcR4T8Y19isHjCcQTwVabXRr0+plp5blz/b0en3Dphsw8Wlf4co38u2VAorw+3vNDdYydO2SOQqXp3rWvtDI6apPjws5zyR2GfZb59NZeqaJk8RjOsfmCic5f1HYo2WP5tHJQs/5fTKmo6cjrmfOWU4Lty0O7qHBcGQuNFcjokB0+bunyMuvS9R4XiOMOctd7K2ko7R1VTeI9rW1QGzgcZK0JbefRcbFqc1pbbV2n7/wU1ZYqWpaXxgAkbELLXG3yUU2lzCPTK0xnutglNLcqV7omnDXjc4Vu6noL3RYOk6hlru4KlkP0YnTHUfZ+M16Z55DOWuweysmTB7BgAgo936alogXaSW9nNWf1VNLIRrO37rNOJkj8lDxNG46V63vvR1zbcrTPhx2fGfpeF9KdDfEyyddU4dTNdT1bWjxYZNjq74C+SaeUTRh/wCqnUNbVW6rjraSd8UkW7XMdpIKw2V55R7bwH1PbopKFvMP/Q+03MwkvKfhz8bKW/MitfUsrYKpo0iYnZ/pn3Xq3O44WOVeWfWtDr6fIVK2l8CSSSQtG/KkCmpoaiMxTxtkYdi1wyFkLz0SdTqizuZGOTCdh+S2hICiySF54xhEpyg+Gc/V+Pq1UXuXJ5TNHpc6nrItL27EELHdQ9DUtxc+pow2N7uR2XvNfaqG4sLaqBpd2eBhw/NYm+9M3C2jxqeP5mlJ84b9QC11254Z4/yXhXGt8ZPnKrp66xVLqeZhbg4BxsVY2u7DbGWvb3zyvSrtabbd4nMfCH6eWvHmavML/wBP1ViqHPja51O45afRaFJM8TZpbKXwj0fpvrgOxTV79tg05W5p6yKox4TtWV860twjJaHOIcO63nTHWjKJzY6kFzSNOcq8o16bUN4hYestAcOQk5pGHBV1vuMNXE2WJ2c74yrNkgfjZRScejpRiphoagSjwZ+eAUwMqaCpbUUziWg509ik6IPbkDC5HNIw6Scgditmm1llUstnnPL+Bq1cW8Gmt17p7w35OrbokxsT6qwop6qw1GC4vgd29ljHeFJhwGl3qFe22/tkibb7gNR4Y8rsV3xuXJ8h8v8AT1mkm5QPQ6C4Ul0iIixkDcFQ62AwOwW7HghZyGWS2TtqKV5GeR2K2Frraa8wZIaXgeZpWTV0J9GfxuqnTNRRSEYOW7ZC48a8ODg2RvB9VZV1uNNKQB5XcKslhc0ryHk9DXNZSPrn0/5xwwskumrWuwybZ42yp0czSMAjBVCMA41blSoKpsLgJCvBa/QSrbbPs3jdZ/ISYrzZ462MyMaA/HbusNU0U9sqjNDlj2nOQvSoqlr2juq672mKujc9jQHLgW0PB6Guz0O6X65jMUcVY7EjTjK9XtlfQ9SUPyFwDSC3DHk8L5ymon0c7g4YwtZ0z1JVse2nEpa5oyDnlYpRcHyLv0/yLdHho9VpZ67pCtNFW6pKF7vK476VZ1lIx4FdRkPhk327KLaLrR9RW8W+4lplAwHFNop6npmrdR1QMlHIcAncBPpudff4nBtju4/qPN/jJ8LaH4iWGSIQs+aia7Q7G5X569f9D3Toy7S0lXSuYA4gbcr9Wq+hDP8AfaMh8L9yAvFPjp8FLZ8RLM6qpKZgrIT4mAN3EdvuvX+P1stJjHRyfJePhr6XW/y9H50sfkcI7XeyndSdN13TF2ntNxjLZYydiMbKqc8sIwM5X0DR6iOohuifJvIaCejnsn2iaJNxujMfkKvD9WCpML+Mrcnk41kMEtJNDhhdyEwThj08HCEnKNZKCg5/JPpp3007JWnGDuhLpHO6z2171gtPa8no1qrW1NMx4IJxurKOQY+6wXTdwdBMKeR3ld7rZRTHYFeT8hR8Uz3nhtb89SZIqImTMLHj7FR7XWzUdSGhx0E4wVJa4HcqNVQ6neJG3GTlcW6pTR6rS6lxkmbaCQlod6jKmQvw4HCynT90e7/dZn5x9JK0cbwCNlxrq8SwerptjZFOLNLbKssGnIWjpZy8DcLD0lQGkEFaC3VzXAAlc+2vB2tNdxhlncqP5pmtg8w/dVbCW+R2xHYq8ppxjcZVbcYNDvmGDZx39kqOc8mubWMkSVxGMKNOARkjKPr1nGEJzS3bHK119ma37+zJX21GfUG7Fy84vlv8IlwYW4OCMd17LV0+s50rDdTWw6nnRnUV6LxutVUlGR5HzPjndHdE8vrKYndo7eqhwu0MDHdloaylMTtL2/ZUVVTaJC5vBK9no9XXOW3J8k8z46yEtyBzQNlGRsqyaExuKsopCdiE2eAPwQunKKfR5lNp4ZXRHQ4EcrW9PXZ8+aWZ2XMGW78rKyt0cBNp55qeUTRPLXArnanT71wdLQ62WknmJ6tbK6NswilOM8K6qYnA+PFnA32Xn1uvTKqFrnbPGxWxst3EkQjncCOF5/U6WUOWfR/G+ShfFRb5NhYL42Vgpah2CNmkrSQ1UkR8rtvuvPJoXROFRAffZaCyXoTtFPO/DhsCVxranzJHrNLq8S+GffouL/YKe60xniYNZGSAvMqylmt9SYntIAOAvW6WpIaGE7Kn6o6bhusBnp2gStGSB3Sk/wBj9TS2tyMfZ7tNTytAf5e4ytvbrtq01FO7BHbK83dFLQ1HhyNLS3ZXdFWmIB7ScHfY4SrKlIDS6t1v72e02e6irgaZXDWOVa64agGF/pyvJrXd3agYpXMkHvsVvbZeYauBr9w8bPB9VxNVpGnlHptHrY2rlls11Rapm1FO4lud8Fa23XmOugbIweYbOCykNS2QAO3+6JDrpZjJTSFgdvgHuuTZU0zqQsRu6ao8Q4I39EeRmwcAstR3SVzR4mAR3HKuaa4Odhkh27ZWWUcD08ltTSaSNwSFn+prKDObtQwgbZmYBye7lbAnOpjiCisnP0yDI9UVdjg+wZLKMXppa+DQx2Tj8wVU1FKYHFjxt2z3WlvtsjttR/E6RhbC4/zmjge4TGQwVkYdgOY8ZafZdOm9PlMy2U5PnP4yfBSHqCOTqLp2LTcW+aaMDeo+5/8Al5XzVUUlRQzyUtTE6OSM6XNcMEFfoRcLc+meRjLDwfReO/Fz4PUfVtNLeLLCI7kwatIGTL9z/wCi9r4LzXxP4rD5p9WfSsdXF30L7/7I+WEVhAzkrtzt9xs1Y+hudK6CaNxaWu9kAu1EY2X0aqzeuD43fp7NPP47E0wyegjhPWuMciR6SYkp0CPSSSUIJFQkVQtCXRyuJKFhhjCEeUsn1XFbZSWBJLnij0S8UeiovItDfROG64ujlTBBwb7JafZdBGF3IV4QvIPG+EsFOHKM0MxupgqMsgADlGa0Hlc8qf8ASmRiBwDSTk7S70T4xyX2NXWjJxnCKGkJYI5TYxbKzgd4eRlNa0gojY3HBxt908Mx2TlD9C3MY0OONkZm2F0MPYLoBymxgBuHgDA2RC0DskDgDZFGyalgXOYNsZyjNbsNsJA7fSuhxJxhOWDNKTY8NRQzBzlCDcovhn1/ZMLY8HHZLV7JEYHKadP4nqm8FJNjsFIDJwgSVsMexfkqFU3bIxCVTtiuwlCUi1JEY1HZCkuFOwEA5P3VI6pq5js7lBFLUvdlzcJMr9/EA40qL5LCouRJ/ltUNxq6knDchSaeiO2sFS2weFs0IYxss/IY3GP4or47c55BqG4IUmOBjeylrgYStMKdvIuVkmMa0NGAnYOUZlOXFSGRMY3zMBKZn9CW3kFFTkjUdkaKIZxnCNDCZH4A8o3KNNPQ0LdeoF3ZBKW0ZFZE2JlPC6aV+kjj3VVXXh80ZiikUa43aerOguwwcAKsmma0ANAJws1l8V2PjANNO2FhzuSoTpnPOo8LrsvOSd03w/dYp3bhqjg6fuuJYKI1pBAS0shuSQ5owOEUDskGAAJwatEYiZSyd8PjZGbFpOUomFFa3cdk6KyA5YOhgwitbgp7YyQMb5RGMyU6KEymPibgIzQMJNAA2XU2LwZpSyOxhdSSVtgDk179AzhcfIGjlZu79QiEup/F57rPddCmOZGiiiVr4JN5v0cMb4434A2JHf2Cw9ZVyVchc/6ewXayrdUyEuO2dggEryWt1ktRJqLPQabT/EuQZ3SSTmjJXLbwb4R3PCOxtLjnCM1oG5CexoaBsnDdJlM306dvlnOEaCEvKUcLnnYKwpacsxkLO5bng61GlcuENhi04HdbrpHpaaqkZPNGN8YBUTpjpl9dOyWRm2dsr1u322ChgaxrBqARwr9nrvE+N4UrF0SKKIUlOIdtguOldK7SNkyR5JwFIoIS8k6U49VBY4QelidsS3CsYxoA2TY2tY0Zbwul5GAAjNUVwFTdzsuA5CdkIc5GjmxgdkpCGNxkYXS/SqW5V/iONPA7/mKqUsdEbwiPdKoV0ogjcQG7Eo1BRsiLdTcgcD3St9uDnmSQbhXkbAxoGgbKLkTjcxsceBnGEVOwAm5woGN37lJuM8pjngbLkYcSpkJ9BXENaoMz3HtlS5hsN1H0+6dEVJZBwBxdk91YMa0NUeNoBGyICc8o5SwFGOWSI9sp5lzsGprGOcMeqsKK2uc4H1QdmqESNT081RK1rWLQUlAyFgyMlqfSUrKY68AZHqqHqbqmKhjMUO57kFXJYLnZ8fJY3jqCG207mtcNXGxWAqq6e5VBe7IaeEE1E9wkMkhyDuArKgoyckM4VClKd7wDoLUHuDy0lbSy9PNw2aQDAHlaQu2WyOaxrngb749lrqKgMbQ53fj2WeyeODraPSSzmRylpGsA8gbj0Vi1o29k1kQAwClLK2FuXnbusspZO3VVsQdunG2FWVt1iZJ4EA1zD8KA6snrJhHSAljuXKyobXBSzGdzQ6R3c9kqVmOzUuCBR2uorpRU12dB4bnhX1PTtp4wxgAGUUYcM42CBXXGmt8JnmlDWjvlJlPITZMw1rd9lV1t1cw6KEa5+2OFCZU3DqAFkREVFwZOHu/5VZ0lvhomBrDqPqeUpzI+SNFQVUpEtwkDnu3wOytIoRG0Dsu6RkH0TxskzluDSHADCGAdRPYlcaTqG5RQBhAGdHukklyCRvhQg9JBkq4If76QMHqSor7sZDpoKOWpJ4cweT9UMnghYYOM4QJq6mhOmadkZ5w44QI7beq9wdU1/wArGfwRjLv17KXT9OWuJ4me01ErTnVUfzN/zQEIpugkyyhp5KiQejfKfzR46K+1zA2oZFS5/p3cB7/hV3FGyMeRjW/8owiNJHJKhD5BfNnGyFJMMdlHfUNxsoz5SSvs7mkfzhqqlc9sCQ6Y5OFFc9xzslr9khk9lmttPVeM+nZWf6lqBEOJySjNYMDZd0d8Lug+n7rLK79n0Txnh4URUsDdDQnAZXEjwUic20d6FKr6HGQc4/dDMhxp7Jmkk8ojYieyQ2aEsnGkn809keNyERkZAzp/dEY0tzkIJRyNUcAgxoRg0DgLqeqCGJx2SQnTAN4RRjkGUlHsc6UDKjVNU3TgINTVKC6UuJJT4UuTOR5Dy0NNFqLOzzOkd9k0YGSTgIUs3h/5rN33qNgDqSnccjZxHqtUalWsnidZ5h2Zw+WTLvf4Icwxu+5BWSqKp0uxORnZAMvinJ3+6a1pJ9kM36OJdbK17pM6DlPY3JT2RZBRood8kK4wz2JlLByOEjfHKkxjBT2sAAwu6fdOjHBnlJseA3ShOI33SJ7ZQCTnlGRLkTnEJi65cUHx4Qk4DCfjCR2UBnMHp91xzsDhdJx2SIx3ULAhpJyUOpcGtwMJ75cZDQnU1MJAJH53V4yE3gDTUZkLZ528cBTn4YNgneVgAHCE857Khb+8EScpp4XSMLh3VyWQgHmc4gFHiixg4XWRYIcRsijAGMKlEtvA5rMdsLrgAM4XdXsuOORwrwLk2wThg4CGiP8AqKGqLQk1OTVTeBiFkeiA5+QUUu24UWR2cjHdZ5vc8DEsg3HdAmd5eU5zhnOVGmPG6TOZojHANxJO64NksFdAOUAwcBlPwGpDyhNG/wCSogRJIbJKEG5K4kkoQSSSTvK37qN4INeM8IYbk4ylk5KkQREnJCFJzZTeA1HBl4yNgrNrQDsgwRaRwj4xvlaYLaZpvcP/AAqHOTnGUeZwAwCoZ5Ka5ZBhH2JJJcO6pjuhZC7jKGAc8qbRwOnlEYbknhZLrcI36PTK6WSZYLRLebjFSRtJ1OGfsvo/o7peltlGzRAA4Ab4WN+GfRDqNra2oj/mu3z6D2/deuU8Ap4g0DjkrnW2ZPqv0/4mOlrV0l9xFulbDaaB80jdx7rx+73Se6VkkgzpJ7nstF111DJV1poad+I4xh2DyVQWmkE0gBbnUVhskduTcrdpb2G1xxMbUyNzI4bZ7K5mmDG7nK5ExsUQaBjAwq6unIeGNPus+TfCO1HKmpL8taVPsNt8fXWzsy1hw0H1UO22ua41LY4gQ3l7uwWze2Knp2UcbAHYAwOyRM30wzHIOCJ1TIA1uA3k9lZybNGfwp8ETKWnADcbb+pKrrpcY6amfrOCc4Qjm9hVdSXn5WM08DwJHDfHZY2MOqagNeSS47lOqqiSpmdI9xJJ7q+6dtOrFQ9md+SrlLBkad08l9ZbZFRwNexu+N1aPm8MfSFyJrWRnAwAFEnl35WS+R1NNSorAnOdI/UTlS6OmNS4NaOOSgUzPEI99lp6KjipoWgNGojJK5d88nWqh+wUsgpaYtGxAxlRLXTPr6rBBc0blDnMtZVeCCTk6QAtTb6CG3UrY2Nw8jLj7rnWzHpYYjE2NojY0BoGAAn0sPm1Y4S3dMGAbFWEMYYAcLnzeRyWRNLWsw4gLPXu8sizBC7LuCVKvNzip2nDt+BjuVjZpzNKXZJz6pPORnCQ90ksj8uy4/dToWeGwDudyo1K0OaDhStmhW3kiQQux3Q2F0sgaBsuta6fBarChpcyNaGjJylSe1DoxyTLbbyWa3kD0CVxqnNxTxu3POFIqp20FLsNzndCsdB85I+tnBIztlZ28hlnY7W2NjZ5G5e7ueyvwGsbhoCjsI0kAYTKmqjooXTzuwxvJVSZb45I14uTLZSuqH4JA2GV5dX3CW41LqidxcXE49h6KZ1Bfai71LmteRC0nAVUG4GwTK455ZmsnngI1SqamMxHKBExznYAV7bqZ0bQ57Rk9k3oqEcvJJpKZkbGhrAMfurGnpmyvAdwN0GNuSGgYyremgbEwHG5SZSya4pRR0AABrRgDgIU8mgZUl52KxfV/UDaXFHE7L3DJwUVccsk7I1xbZWdUX+eeX5KCTGedJ7KiawYGShRed5lfnPupVJSy18ojiH3K2L7UctTlZJyY6hpHVMwaG5x39FpIKJrGNY1vA5CPbbUKWMN0jflXlrtL6uYMY3bO5SLtQodGquGSLaLLLXziGKPA5c48AL0+z2iC207WMY0EBBt1pjo4gyJoyeSriCM4GVxdVfK6XI3GA8YGRkbKVC0DshxNwPdGZkHhc2yfOAG8BQBgbLo5XWnI4XVSM83kcOF1JJQEekkkoEMSSSUIJJJJQgkkklCDEkklCCUS6VsNupHVs7gI2cklSyQOSvMeuLzJfLmOnrdMfCaP5pB/EmVRcpYGwWSttfzXVl6d1LcCfAjP+7xvG4HZa1jyVHoKRlvooqZjRlrRlcrqyOkp3SvcAQNl0owS4HfH7K7qO5uhaKSB+HOGXEenos7AwyOGNyVx80lbO5+5yc7rUdOWRxAqJohjsCia2oKLUSzsFoFDAJJgDI/f7K4H1Bc+kAAJNOXBZ5SyGHb9KA7lOecDlDAJylMOK45HrjV1NAyCmQKl2ckeGj1WRvNxm8wBwM4wCrK83N1PqiacH1VDBG6rmL5fMBwCnxiMJ1sp2vAqJW5/pHuruAHOVFo4PKMjAHAU7aNuR6JhEhtZMyCEl7senuotAwTO+Ye3jhQ3iW41WS7yRnjsraNoaMAYVjUghIwotS7GN0UnA5UGY6ttRVoN8DC8k4xlJxABJOFxgIOSOVCvFwipYS0nJwtunodssIRZYoLJQ9UXnYQU79xsTlZBzi5xcTklFraw1NQ9x4ygEjC9jo9Kqoo8lq9XKybTBzv04wUNjnOJxyhzEuPKsLRQSzSh+MDldL8UZK3llrZKMQw+K9vmcrGV7Yxk4ATQA0Y4VZd6tpAga7DsZKD8jUuEQrpWyVExia7EY9O6iNhAAJT2R6jlJ4DW4TFHHALe4DJtsEekhLnZIQGsJeMK3oafABI3UlLaUotsLC0Rt2TwdWxScMn7JsrvDbnCizYxnEUDqpWwx5LueAqCsqdT8NUq51JfpHoqOsqYqeN0szuF2vH6NWy+4835jyEa1hMj369QWahNZMNXZrAcFx9F4Zc7pU3aqdU1Dy7J2yVa9b9Uuv1cGUpc2nhy0b/AFe6oKeFzzuvV6XSKHB8C+qfPT19vw1/hF/9zsUWTjBVpQ0uv8PC7SUWsDbCuWMZDG0NYNh2XXrrweIttyxROZTRBjGYON/dTI5Ka2UxutzAaG7xtPJT6KmjDXVtY3TFC0u39lStbN1leT4rnCghHlaBgEBObwN0mmnq57YhrPa5+o7g+8XBpbBnLGnuOy2RMdNGI4mgMA2ATWNipaT5WBga3AAwsp1b1I23xfLMeQ8jfCx3TT4Pe6TTQ0sMRK/q+/zVNSLdSPx2dg8Lzzqm9sjb/DLdJxtNKO/sFI6gvbLZTGNs2ayq3Odzg/5LKMhkkd4rjzvuuDrdS3mCDstbY6nhIbqcNzupse2AmMADQ3HCI05K4jjnkut5CHlSYeQhNHCkREDBHO6VN7Tp0kyNowNkncLsfAXdJIS2+ToJcFZWjcnCi7jfHKsa6PMRPdQWnbGMYV9mW3sQ5VhS4LcEqvHKlUpwRkoI9l1hZ48nKgTjCttOpuCoFVFjstUANVUnHJXubwcrkzQWomcHC47jZaDg2QILhhyl0r9BCC7lIc84RZMkZbJbixcQQMIWMjGEoTsN0TlRvBvz8kU0Q5o8DIUVzDk7q1MQIOWqLNEeWhCpYYm6nCyRQMOCkDBGMoGnB5Tm88p8HhGGSyOc3BRRhwxhNwHN5TWnS7fsmRkLbGyM0kYamOwRwpTsOAOOEBxxthWWnkDggqUzBaBlMLW4OyEMg5UGkwMB4SdHgJkT89lIjPGAoWkRHMLUPRnzKdPHkbBAZzuqaJhg4nujcB2U+OpD2gKFO0fh2TKd2l25S2sMbGW0sHx+IchBkhwMgKTEdTQU5zCQhfIxrfyVhZulHlhUiSLfYKO5hBVp7GZrIZJQk1AZCaSWSNcOEKKTB4Uo4kblaoy3cmWSwSqeQSDJCI9gA2KgMf4Tvupkbw5ucp0JZ4AksDMuD8dkVvCZMzgBKPIHmTuhAdMe3PdOyF1RrJaeCHLEOzc/mozmlhxhWTmZCjyw57JNlf6GRlkjg5XHNBCbpIKeOEgNcMivBYeENrjklTnta9pOOyilgafpQD1JMNTVDi4NI4VkcPYFUM8pyFKhqsYDk2Fi6YmyPPAZ7XNOQNk9kwI0nCdqa9uMKO5jmu1Bv7o29vQt4fZLbgprmBMglB2IwpAAOMd0XEkA0R9BTWgg4ypOgIbmZBGEE62uURy2nMAjdDa10Z1tGFzS4HlFa5pwHBLTZHLBLoLnolEUx57q7DmyAYHKzL6aN2HRjBUm33CSnkEFQTgbArRCTXDM9tak90S7eCzBATopA44Oy7FM14B0ghMlptTtUYwtK/aMUouPZI0ehyuaR6oEdQYxolHtlS4dMgy0g5RpqQDbREqqOKoHmaMnuqOalnoJdUbnBv6haoRA8oEtL4jSHNS51foZXa1w+iriqY5wMnBRdBIxlBq7a6IGSHPuFykqtxFL9Q4KTjHDGqSf4g6u3MkGpw3VY9stO/Dm7dlpfK8Ywgz0DZh5sb+yXOteg42tPDKeOUvwMI5ZkKNVQVFJKRpw3sRxhEpaprzofs5DgbnPKGvhOdm/uguBaQFZAMJ+yBPFkZAVtDITwRdOyWn3SLHNO6chww8jdwnMk3wQnDSTumyxcaQoA3ydLA8bEfqmYKb5mYKd4g9EOQk8jlIorrX2uYT0Muh3vwUAHKTm6laW4mXHk9e6Z6ysXVEf8MuhbFUhuwe0EPHsm3jpKotbv4tY5dTGnL2N3yF48WAcL0bo74mOt0TbXfGh1IBpbKXbt9j6q1KUeEd/T6zT+Qj8Wr+2S/GS4/7l3b7na+p2G13in8OoAxG9x5Poq2tslw6Ul+Yjk8ejc7sN2/da+v6bs/U1KbhZ6keM5ups8e3ieip6Srr7Gxtm6jjM1JJlrJSOPunRnxyabob8Q1D+5dWL/wBGRqG5UlwYWuc0+oduFUXfpLxS6eiLXNO+j/ore8dOspdNys+8D9wR9LkO23YF4inGAqcclTanL4dSufT/AGjz6WGqoJizBGk7j0UqnrGTDw3DDl6FcrLbbtGZoC10gGXADBWBudjqKKd2hpwDkHCzyjkxS01lL+3mPoewaTsvUvhz8aazp5zLZ1Q+WpoDhrZxuYjnvk8LySCd2rw5hh3r6qRqyNis8qf0dTxfldR421Tqf/Q+16C42660kdbbKttRDK0Oa9vGCjnhfJnQfxKvfQs4ZBI6ooifNTuPlX010j1lYus7Yy42aqa8EeePPmYfQrHODifXvD/UOn8p9q4l+i1OfyQVKI9kF4WWUss9H3wAeNwnRyQyZjyHDuE17S3kIEkRB8WLZw7BOTaM84r2VHUXRdFc2Ca0RNp6tuXHGwePReY3yyVVKXU9zo8N3HmbkFe101Vl+mQaXdilc7PR3mDwK5mWfumRsaPOeS8PDUSzA+UL/wBHwxh1TQtLTzgcLNQTT0s3hSZ29V9BdV9C1VmDp4f59I44GAS5n3Xlt/6UFS50kADXcrSp5R4rWeOeknjATp3quWg0F8mQP3XqNm6gpa6ESA4OOF88yfNW6Z0UmRpOCCtR0z1K+me1j35Yex7K1PdwLqu2cM96jqg8ZAGCulvfgFZTp/qOnqgIXSD23WrhnbM0aPzRpY6NkLFI4A4H7p2MEOO5HCKQ0AbZQiQ3stdGocTHrPGUaxPci8tt0Dm/K1ZyOGuPZWMF0daJ2zskI3/VZZjsnhWtDWQTsNJWYIcMNcey3K9WLDPmXmPpadE3Zp1yj1W23Gg6ioAA5viY/MFU9zpn0T9Erdux9Vhoa+t6cq2SxOLoic7ei9Ft96oOoqBjXlviY2OdwVg1Wn3Iw+NnOmf+osNGXrhrYZqUapI/2TLdXNrhpfhsrNiD3Vhc6CW3TeLGMg8+hCpa+ic8ivoDpkbu5oXndfpI2Qw0fZvp7yexLkvoZjDj3UtkwcAdslZ+guLatgY/yys5Hqp0c5BC8TqdI4SwfTtJdG6O5B62309XkuYNR7rNVdK6hm8SElpaVqGTeqHcbcyujBYQHYXF1Gl/RuWGsEOx9T1EEzHOlwW+69hsF+oeoKIUdaWl5GGuK+fLhR1FJMRggsP6q36e6knppGDxSHM91z3BwfIq/SK6L28SPcfFqLBP8vO0yUkh29k+qpGOZ81SkPieNx6KJ0x1LQ9QUYoa5zC8jDXH1UueGp6fm0kGWlefyC2U3NddHnLa5Uy2z/I+d/7RfwEt/XVtfebPStjuUTXOy0YLl8J3m0V9luEttuVO6GaF2CCOV+u0lPBUR+LCA6OQbj0Xy9/aS/s90vUVK++2OlaysYC46RjUvWeJ8i6ZqMpHC8x4uOug5Rj9x8PI0bsHPoh1lLW2ytkoK6B0UsZLSHD0SY/Izjle8o1UbOj5Zr9HPSz2yRLa4nuiNJPdRmcojVtTyctxwyTkeqWQh5KQzkbowGg66uDhdygfKFx4fIRjnMIe04IWysde6WnAmeC4bBYzB47KfbKowzDznSVzNZpo2weUdPx2r/jWpZ7PQGOyNiAjxhr9n43VbRzCRgdnlSml2Rgryd1TjJxPe6bUZ5Ix8ShrC9h2Bz+S29tqW1VOyVh3IGVlJohUx/4gOUrLcpaCXwJHbB2MFcrU0Z5PS6HWRg1F+zdNeWAHup9BWuY8dlUhwkDTkDKI12BsVypww8M9RVbt5NvQ1peAD3U57WzROa78QWPtlxfC9sUjsgHAK0tPViQALLZHazo127lyV0kZgkLSNkg4OGFLuMfiR4AwVVh5adJ7IqpZQT5XISWIEKnulubNTvGnzcq7a7UMIMrMjjK1wswzLdXvjtPKL1a2jP8ALO6yFwoS1h1DC9evVs1B0gaN8rD3S2E8MAXo/GavE1GZ4by/ioSTZ55OHQSAYT2SeIAM4VheKAs84bsAqBspjfjndezp1CkfINfop6e15Jk9OHAFQpIzGeOVPglEjd+UOph1NyGrTKO9cGBPa8AqOpMDsDutHb7kNIOrBAWR3D/spkNS6MNwSCFzdVRvR0NJrJ6ae+J69Y7xDWQNhe4agMKTVMfTPE8Hrvhed2m6gBrmP0vbyt/bLnHV048VzScYOVwNTpfiifSfGeTh5CCWcTRprDfWVLBFK7DuAf8ARaGGpc46TwvOfDkt8/zEOdLjkrUWq6R1bAC7DguPZVhZR6zSa1Tapt/Ik9R9ORXKB1TA0CUDJx3WCa6elm8J4PlOCCvUqOqGMHf7qm6g6egrWOmp2aX87LNGeXhmjWaVS++CM5TVmjBYd/utVZOoIocGXnjZYB4moZTFM05ad1ZUcwOHsOfzVW0qaMWl1Eqmex225x1LA+N4IPuriGoDwAV5PYrq6nnAD9IPIXoFBWsqYw5jvuPRcfVaPHR6vRauNkco01LM3VjUFawTPa3DtwOCsrFIWEOBV3brk2VgimcARwVxrqnE69VqkaCmuAADXFThUsc0OaQfzVGHZyccIlPUaTp9FkccM0/3LCpnE7fDeAW4wQe6yNdNW9OVoqHAvoJD24jHoFpXPBAIKY/5WujdSVbAWOGNwnUvaKn9y4BwzUF5pddJMJgRk45Crqq2NhOWjA4yqW8Wi7dFVZvNhc59E45li50jutJYr/aeqKUTUkjfFA/mRnkH7Lo1W7GjJOMbeH+R478YPg5QdcUTq2ijZT3KMEslxtn3XyTerNcunbk+1XSmdDPGAXBw9fT1C/RipoXsJLBkf5Lzf4nfCW29eWh7JGtjrYgXQzNbu13+o9l7LwnnJaWarm/sPCfU/wBLQ8kvloSUz4mY7I4RQc+ysequkrv0fdZLbdYHN0uwyXThr/cKt0BoyThfS9NqoXw3QZ8V1Oiu0k3XdFpnByiDhDHKIOFpbyZTqKhIw5VC0LBXETLcJEY7q8A7wKcu4KcqJkYkkkoXuQkk9JWlkrfzgYujdOSG6PZwVk5pOEvMnBq7gKYAbwNSLiE9JM2Eyges59kZs+R9KFp3zhdAOVReAurPZFDhnOEIO24TdXsnRlgElawNgF0DJBAUYOOeSn6nkcJyl+hbJoLccrrSwnlQf5i7iUd02FjRTiizADgu6AqwS1WNnJwkrDwU1W4F7Sxx7ompoOS4bKpLq88YTfCrnbF3Knyv0ifHn2XBqKYcyDKYblTAZz+6qPkKh25KeLbKdncKvltT+1FfFBdsnuvNOM/9UB9+PDd0orTFjzDdGjtsMbtTWj9ETldLsvFaI38UnkHcFD11knJICtRSRnhgGEZsAIwGjZHGE5fkwXOK6RUeBI/6gco0VC4HJCsflmg50hFDGgYwi+HPYDuS4IkNGBj1R9OMIrQQcDuu+GT7JsIRh0hbtyDAASxlODMHhGbFgAkJ+SN/sCGkojWAdt1IZGN8NyjQ08h3c3ARdi3MjsjdwApMcGnBmOjPtlNlqqelafEIB7bqiuF4fNlrJMjPqk23Rr7DhBy5LGtujKVxip3ah3VLPVmZ2Tg/moM0znOyuNb3JXOu1OeEa4QaOumJJCYSSST3TvD90tH+JZG93I5JIScMg8JNGUVoG2yuMckk8ITWbcImn2TmgbIzQGgHC0wrEN5BhjieEZjNO5T244LUVkZ2wtKgLlPaMa09hsjtZ3IT2xZ3wjhrQMFMUBEp56GMAOMhFj4CHp90UDujSwLydAOU8cJwAwm5wrBOoU8zYWa3bhclnaxpOVlb31I0aqaDJI5IKy6jUxpjuY2mmV0tqJF5v7WNPhvwccBY2aofUSOe87krk9S+d2SUNq8rq9XLUyyz0en08aI4RzJTsj1TUmNcSubOSiasZ6OhpKlQx4wSN0+GDyglucIuMbLLOeWdTS6Vr7pHCcdk+KMl2yUcTpHAYVpSUhbg4/NL7OxTS5M5SU3GRhaXp6xGvqR/LLg1Ds1q+fmETIid9z2C9VsVohtsDWMYA4jcq4Qyeh8doW5JhbVaYKKBjWsGrG5U8yFmAN09zxE0ADlCja55z2Tj1dXHAaGHxnAHuriGONkYAAGFDp2BmCQpOCQBnChthEe52+AntbtlMY1Pc7GFcmaFHJzV2wugHuutb3IUWvrmxMMMZyTzhJyWBr67Xmnp3b/iKFSURc4OcN0Sho3DEsjRk77q1hiYxo2VxfIMlk5BCIm7I4cB2Q3YHdCdIMEK3PHRRIkcOzgMKM+TXshlxcVyMHKEg4ai4ZUuNowhtZtwnHyj7pqQTeENmI9VFLdzunzuy7YrgGThGKk+R7RlS4YiSNkOmjy7hXdHTAgHTgo+x0XgbRURkwS1XTI4KVgdI4NPuooqKeib/MI9VkuoOpH1MjoIDxkE5VtYJZeoE3qjqlrc0dE454c4LKRF9S7Mji4n1QMPmfqduT3VjR07m4OFJLJnU5Tl2Go6IZGds+i2tosWImudhuN8YQOnbA57m1E7Ac7tB7e62sFOGBo0gY9Emc8HotFo8RU2No6QRNDnAewU1q6GNY3JUWerjb/LgJdIeAsk5ZO1XFJYJNTVxU0Ze5wJHAz3VfSQVtzk8eow2M8tPcKTBQOc4S1LAXqe0aBsEhjsNhaelhpxiNoGPZF0gd1CluENMD4rse6qX19xvcvytudohP1TYxj7JFgZOuvUEcDflqH+bM440hMpLTLPUNrri4lxAxED5B+Sl22w0tA8zv8A5sp/EVYuYMgoAxrGMjYGxsawDgNGAFwatSeNkTQ30S3wEdHCemccp7iGDLiAPdAWc0+67nnGNlWyXlj/AOXb4jVSf4N2j80yO33WudruM3gNP4IjjI9ygCJc90oqZnmlEsv9EXmKC2W63JmmkjjpIj+KQYcfyVhSWyjpMGmha0nlxGSfzUkNHcBQhDpenqIuE1a59VKOC8+U/wDh4VnHEyFuiFrY2jbS0YCTDjtwnZCAhzJXQTlNSUIHBGE4OxwUHV7pavdQh8Xhzyd08A4SDN+EVrMAHC+rys3I/GfjfCQhDKiDDTnhGawYzhdwANgu49d1lnNnsKNHGuKwMOOAk44GEjtwlg8rPKRthH0CO52S0k9k/QchHDG44Q7h8YANGDuMo4xgHCRAHIyuKDYxCgAbBIADhdSUCykJcJAGSuFwaos9SPRHGORF2ojTHMgj5gAc4UCpq+wwg1NZ+SgunJJctNVWezxnmPqGEY7ayQ+o1HLsKHPcY4R5ggVVWGDJ2wFmLxefHYYIDj1Ke/8AS6PFS1tuq7YW+9Rh2umpnEk/U7/RUGvXuTv6pjmF+55RI2EFJlOVgPXY9rCitjI3T2RZ5CkNiwAMK4rnIuU8g2NIw3CktZgcJNZjsiADC0RQqct3A0A5XT9K6cBDc7nBRApDHHdNXTyuKBp4GJwGF1PULUmhiSWMLmVCm8nCMd0F8hOwCeRJMQGDj3Rm0hbglHGOQ3JIjxU5ccuGykP0xt0gLrnCIYA5QHOdqRtYLb3HHOc52UQfRuEmtBGSE5B2WBIyV1kee6eRhda0pmzjJTeBBrRwF1JJDjBMpnCMrhbtynJKYJgA4EE7IamOA0n7KGSM8oCxuCuHZEOlAckWSwGlkbI7G2FCleiyyjdQpJOwWecsLBphE4525OULcnJXMku5RA3bhIw2OOADHCfgLqYrIJJJJQgkkklCCSSTvpUbwRvBwDG5Q8j1SPdMG7uUtvcyuwkbNTlZUsRGDhR6aHgkKyiaGjZPhHAq2WBzWho2C5UfSEUnCjTuBA3T0I7AOe4ncpqR5SVh5wJdf5iACuLsbS4gJVliijRXW7pbYnWxbjK3/wAO+l3V9V89IzyRnAyOSspbrdNWzMgp2anu4C+guj7KyipaanZGQWgFxA74XIvt3vCPov054iMpqyS4RpbLSmCmY0jBCret+oHW6idRUcmJ3NydPIBVtcq+Kz0bqh4Bxw3O5K8suFdU3OukqtJdrOd+w9FksnhHvLJ/0ohUlNPWy65QS5xyd9ytZb7fHSxhzgC4j9FW2yFzcPcMFW5qQxoB9Fkm22FXXzuYKtrBGNLTuoFNDJV1GkbkpkznSykjutP0zZCG/NzN5O2dkrLN1cNzLS0W4W2l0OwZH7uKtLbS6nSV04BAOGg/5rjotb2tA27/AGXKydzGimhfjbJVG5R2RwjlZWxta+Q7NYCV57ernLWzlvieUHYeyt+qLmIovlI3b4y5ZSBjpiCe5UETlueEWNnt5qalokZloW5poWRsEcbQ0DZVVlo/DiY9zBkjlXZcIhjG5Wa6xLs0aen2dkf4bcDuFCjjM0hCU8+pw5VvZrTK9wqHEBvoVz77cnVqrwT7VbBC0SzMGcbBK41uomngdjsSplwqBT05wfMRgKroITWz4kyfXdc+yXOTdCJZdP24mQ1koyOBn1VzUTGMgDulrjpYA3AaGjAAQKWKWuqeC4f5LmXSzLJoUcE6ji8T+aW4xwu3KtjpYHFxwcbI8r20rNIAGAsTdbjLWVDv5nlHAWaTyF0Qa6pkqpiXvPt7BBii8Q/6rjvMco0R8POpR8EJjAyNga1oGE1zi/ytCjSVO+AFb2u3ljBU1I2O7QUDYyPY6lp3U1NqkwXFXNGyOKESnYnfJUSkg+Zl1OB8Np2CNcJMaaaL6j2Cz2GmHQOOGS8XAMfnwmHstWyKOJjYomhrWjAwoVotwoYQ5xBe7khTycJQXXItmgknZefdX36aqqjRRS6YmbEDurjq/qN1EwUFK7Ekgy4g8BYQeJI/W85c7ko4QyZrbBzGcbI0ceTnCcI/KFJo4hI7daElFCkshrfROe8P7D1VzGzTjZMgYBGMbKdSRa3B2OEqcsmiEcBaOEBwe5mfRTxxwlBCCA0DhBvNdFa6M1D+WjYeqBLI2UtvJUdVdQMs9N4TT/NkBwO68zfPNWzmomJOTtvwpF2r6i7Vjqid5dknHsEKNgADWjcrXUlFZZzrpfJIfHE6R7YmDJccLa2SztpYxhvmxugdO9PjaebBeRkZ7LaUltfI0CJg29Eu+1RWBldXsj0Npmq3hjW4Hcra2u1wUkTGsYNWNzhDtFvdTwBrgNTt1bwxlpxhcbUahy4HrgfFFx5cY91MhjAGVyOMEbozGYzuufZZkqTwdHKO0DCCAcow4WRvLE2P9D0kkkwWPSSSRkHpJJKEElgpDlOQSltBbwJCRUJVEFDEkkkwYJJJArJ46eEzSHAaMq0slpZM9111H/A7ZMIv76QeHH9ysf0la34fc6oF005LiT/kh3Gpm6x6hBaT8rTuwR2JHK1UUTIWCOMANbsFvohjk1QjjkcdhlY6/wBydVzup2bNZsr6+3RtBSlrd5JAQMdvdZa3076uowRkuO62JD0TbBbHzSsBZtnLit/BE2GEMaMYCgW2gFHAGAebklT2+UYzlJtkAhAEuyitGBhLAzlPPCySYUXyAcCcAHZOjbgbhOxklOIwqSGPoadhlQLnWOgpy6MDPCmyyNijdI44DRkrFXW5vrJiGOIY3bZPh2CQ5pZaqcvkdklWNugDcnHZQoGGQg8hW8EfhDfutDWOQidB/LbglRq2d7yII3YJ5wlLKWN/dct0QmcZ5G5wdkQyAekgEMQaDknclSRvld0gcbLhOgE8qDQFQ8MYSDuoQcXO3RKjVJISDshuIaCE6pC5zwKadkLcuIHuvPuo7u+pqHwxHYbErQdTXKOmi8EO87h2KwUtQHE7br0/jNIn97OFr9ZjMECGoHfddc/SMnfKc3fcoL8lwwvSxjtPOzk85CU1PLVyiKNu61NNTikhEY3PdRLLb30zDNKAHPGw9Aps8g4CCw1014jlgKmqMbSQqZsfzEplkzknlSqp2t+kfmhub4YAxyFSY2SyNfG2MYaopJLsI8vlJBKZSs1O+6bFfsANTU+pzcjOFatAiYNuUOCARtG25T5MndRxyy00hY7qquteAPCiPGxKNcKt0MJDDjKzs9V4jj3XR0emc5I5Hk9d/Hi4oDNKSSMkAb8rzr4gdRyOay20kpa05MjgdyOwWm6r6hjs9E522uVpDd915BNUS1kzppnklx7r1+i0ir5R8U+q/qGSTog+X2RRFlwwM5VrQ0TtQOnGy7Q0BmOst2CvqeBkLANPAXbqp9nyqywZHA2FgAYBtupdtpWzzh020Q5d6JQwmpdoaMNbyT2VfdLnLUyCw2HeU/W/sPdaJYghMIO2eAl0rZOqrmOmbO8mnBHiPAwPuVrKKigs1vjooWjyjzH1KjWK10XTNCKeBgdO8ZmlJyXFNrKnx5PKScLDO/DPdeL0Maa8xGXO4x0NNJVy4wwbD1K8kvNzlrp5ri7SGt3aHHgLQ9b3oyyC3QP8rfqweSvPL9VCKn8HVku5C4es1f3OCO1OrbW5MpZnOuVz+ZmOrO26tHtA3AVXR4yD3VmRlgIXMk3J5ZzlPLBOGDgKRC07FB0nVlTado0jZJka6Fulg6BgFKDUHbp7gABgcpR4BWWxZZ06+CYzspAA0qOzspTfpCE3QWUQqpuW4wq1wxqH2VzM3LTt2VRM06lSYq6PsGeUeB2lwIQk5hwUC7Ew7LSM5HCiVbcjKkU78gbJ08eWrTCWB847oYKVzck4C44Zbj0R5W+fJCCdinxZxNRXjghztOUFpLXKdIwYzhRXN5Cajl2xwyVSPBOnvhS8EBVNO4tkBzwrhjg9ocByhkjVpZbltB4KZJGCN9lKwEtIOyDo1ygpLBUSsLHbBMVpNTjBOlV0sbmOO3KOLyc++r4+TjOdynuaHDIUd+cjBRmHbC1R4MMlkew42K5IzHCbpOc5RQcjCNSyUiO074xynhg57pTMA3CZG/seyoYmFAwpVOAc5Kig53CPG7TuoWnySXsB5UaSnI3apAOUmqGhLKITozg5UNzXAndW7o24ONtlDcwDKCTBlHHQSjqvKGOCssB7A4bKhJwdtsKyttWZMQSOyQMhBwg6pZe0M+HbGn91Emi0/hVq/GPpQJIwVB06d3RU7g8I0buAE6opzyBhRBmJ3G33TKpYOfbW8k141DYpUszm/wAsprJtTQCE6UbhwC0RliWTI01wWDMPATXtwdlFpZ9TtB2OPVTQM/ktakprKEtYBsJyjngIJBBCNERgqkUL6U1zQQSnE5XEzblF9ESWIZ2CBICzGysJGbZUSRuocLLZXyOTwCac5THQh49F0NLXbcIoIHKQ0UnggyNMZxhcDyDkKW6LxBkb4UcscDjCU/tY9NSC01SXOAKnkBzQc8qqYMHPopVPUZwDwnQnnhgzr/QVzC3GlHimdgArowQhhpDsp6WOjNKOSU3cLjm7YTGuA2XdWU14wUhjo+ThB3BUvGyE6HOdlnnD9EaOMftunmLxMEfqgaS057IjJOxQKRW0JTVk9DP5iSz07LTQTxVUQkhOQefZZshsoIc0INPWT2mYOBJjcdwnV2NCLKt/XZqnQsfnP+Si6JaR4ljOW9wjUtXFWQiWJwOe3oUduDsQtEWmY5pxeGOpqyGc6M4d6KQWZyqyooHMeamlOHDlvqpVuuDJh4M3llb2KYmLkuOAjodRxpyFCr7S17PGhaA8eiu2hpzshOZhXKCYCnKD4M7HK6NwZK1wI9VNEjXgbBTaijjmYctGexVc2mmhfgtOOyVKLHxsUux74myN0vYCD6qnrrSYh49PnbkK8aQdsIwjGMkc8pWxDY2OL7MrDUPJAcN1MLA7GUe62nBNRTDB7hVkNQ6M+HLnZVtNKkpLgkTQjGQ391Cexzd9KtWYeAcbLktOwN4CFLJFPaU/nBRhJnYhGkpyM+XsoxacocBOW4K5rXDI/TKjujc08IrHFpCO1zHjBCGUdxZEa4j6gih7T3C5LFxgKOI3NPol4cQyQlt3Ge6aDgbldVx+4jL7prre8dLVwkhldJRPPniO+n3C9ms94sHXlrcyMh0hGSx31N9wvnsjKlW+51tlrIrhbp/Cmi4PYj0TVFo6ek8jPTx+KaUo/o9r/hM/SsrXhvzFASRJH6A91X3axwyZuds80Lxkgblqk9F/Ea3dTn+G1WIa1reHEaZft/0WhNB4G9NH5D9QPBCYp54O5DZdFSrfHowdLNLSyiSJxBHPurVslDc2mOrja1x74Ui62Y5fV0bP5Z7Kgmhe7YAg90Eooji48Fd1F0pLRtNXTOEkROfLyFQMzwTuFtqK7Op2mlrWa4ztk75CHcLDb6+M1Fv2djJA7IJQ9GOcIrmKMerCw9RXnpa4MudlqzDM0+5a77juotXDLRyeHKwj3QT5gs06d4yi6dU1OttNH1T8OvivYuuIBSTTMprqxoDqbOXSnuWj9P1W3LPRfDrRJG9ssT3Me0gtc04LT7Fe/wDwz+Oja8ssvW1S1tThrIKx3Mp9Hn143WCynY+D6Z9P/VHzy+HVLD/Z7A6MEFRjGRnbCn6c74TXRAtxhIcsHtZWKXKKuWFxOpmNQXaate1/hVR0u9MqU+HDsgbFAqKJlVCY3Dd3fuFSbFMlOY2Rha9jXtPYjIK88606DBa+5WtpySS+MDj7LWQV89vd8rWtLmt2a/1CtY5Y5Wh7CHNKbGbRh1enr1MdskfL9/6aDnOdNCQ/G+24WCq6aooZ3ANIbnYhfXXUXRdHeHPqIomskI7bZXifVPRstJVyMdAWjftsnKR4rX+JnTlwRgrP1LUUEzXOcSF6v011rR1zGsdPpeOcrxy4UHytS5oBA/yQqeqnopGyQvLT7FH8zyciubg8M+maatEzBhwcPZTWvD+F5J0n142d0VHUtLX8Fx4K9GpazWAQ7IPBBToWJm2FsZIuA0AcjdcDC7v+ajR1GcKVFI13PdaIWbWHOmN0cSJbazx4Pkqv6h9DihRXKssM7JY8ujJ3AKY6PJBRGPboMVQ3Wx37J7t3rDPL+R8DF5sqR6Hab7T36jY4PaXgbgndQKylkopHPbvG4527eyw1Mai01YmpJz4Z3AW1tt8p6+ANnIDyMEFYNTWpIy+Nd2lmolVW02JBW0R0uHIyrGiqxUwiQ41DYp9TQiNxfGQWO3VHO6a1VIlZnQ8+Ydl5zXaL2j6d4vyM44yaWF5k47KTFOR5SFTsqHgx1EL8NIzj1VlC4PAcN8rzeo0rXaPaaez5I7hXKgbWM8Rg82FkLhRTUz/EjBBbvhbuKTw8AjKZcrbBcKczQgasZx7riajSbujaujG2Pqmqt9WzL3MwfVe9dFdd27qCAWm5uHiFuGvcvn+52hk7QxkjY6luTpO2UCw9Q1NtrGwTuMUsbvKeMrBsdTwY9Rpo6iPPZ9O1tmrraTLb3iWF2+nPCivZTXandDPGA7BDmkcKu6E6/julOyjq5GmVoxl3daO6Wvz/AD1CMEjLgO61UtvBwbFKmTjJHx//AGm/7ObbjHVdX9O0wbOwansY36uV8YljonujeC1zTgg9iv17lMdU3wqiPB4IcNivj/8AtQ/2aZRLP1n0nT7Oy+ogjbtn+oBev8X5L45KNh5vzHiK9XW5wX3HyQxzc7EKQ1VbS+GQxyZBaSCD6qVFNsML3mntV0NyPlGqpdc3H9ElGHKjAg4wU9aTL2ShwuoQ5RBwoZ5rHQ9Oa9wOQd01I7pdsU+ClnJorBdyx3y87s54OVrYZtQDcLzGF7o5A9p3C3FquUdRAzfL27Fec12j2/ej1niNdu/05mhieNiQoV2gwRURDBB3wiwvBH2UjZwII2XnbI5eD1+nt4wSbBehIBTVDyHdiVp2t2wSF5tNqoazLR5SchbS03NtRSx6nZcBgrm3afnKPS+O1m7/AE7GXTDpOSry2V+SGOIWb8XVjCkwTeG4En91zraj0FNyXBsnOEseQQchVdREWvyAnW2uyRG48qZUQtk4WbGw3xlvWUQ4D7ojwCN1EBMdR4Z4Uku14RxkB+XBX19O2QEAbY9VkrvQMwQB3W6kiz+HP5qpuVA2Q62jfuujprtkkzma7TKyGTyu82rMLsAuK8+rqcwVBGMAnIXt1xtoJwWDC856ksj45Hv0ZackH0XrNBrk5YkfMvqLxUrYfJH0ZJkpjcMKdG5szN8AqslaYyMo1LN4Z3Oy9PTasHzacHF4CT02k6gFGJOeFbRaalpwNwFDqafweRhMnDeskO0c/hvBK1dnufh4GVijkEEFWFBXFp8y5up03yLBv0WpnprN8Geq2i5trWmCcjYbEqVploJhLETp52WHtlxxjcg7rX2+5mWERzYdjuV5/UaXbwfS/G+Qhroxbf3L2a2gurJYxI0/ceiuqKtin8ucHHBWJh/luJj2BVtSVbo3NeBuB+q5F1UY9HrNLqsvZYw/UXTzZw6ogb5uVjmtmo5iwg87gr02lqWVkehwwQN1T3jpplbqlpyGv9D3WZSw+R2r0inmyozUVRqwW7ZWmsF/lpnsjlftwCe/sVk3wS0kxp5mFrm/ujxyHAQWVqxHPovnVNNHstLVioja9pBDhnZSRMWjLR+i806d6iloZGwVDyYzsCey3MFUZWCWCQFpGVytTpD1Om1imk0zUWy76sQT/kVatkD+FjYZi0guG6taS6eG5uokjuuRbRzwdeq/cuTTMLiN0N7dKHT1TJWAsIIKfIdZACzYaNK5JFPVysIjc4PYdsO3CzN96Rntta7qTpiYRzHzyw5w157/AGV5xuiR1JyA8EgFMhNx7E3Uqzlkbp3qalv0PgzN8GsZ5ZInbHUOVNq6CUglmFTdQdPR3BrrjZyaavYMjScZK7011c6QNtfUDPlq2Py5dxJjutsLtyM2yS/JclD158PbT1xapLXdqcNJ3ZKG+Zp+6+QPiJ8Lr/0BVkVLHzULnHwZw3ALV9+1lNrZ4sYGCFl+oenrZ1LbZrRd6Zs9NMMOY4ZGex/Jek8X5uehwm+EeX879NaXzEPv4n6Z+e7XIoeF6j8WfgZdei6mS4WWIVNsLs+V2XxA8Bw7d15McnGF9Q0Pk6ddDdWfD/JeH1Hi7XVcv8P9kjI9Qng4OQVFaTnlFaThdFM5E44JOsp+r2UcSdsJ4kz2Vi2g+R6JavZC8UeiXij0UyB8bCJJiShNrYTT7pafdN1eyQdjsjjJIOMMC0FO0+674u2zUzxHE/Sn9gSQ/B9UgMd10PyM4XQ7HZRJFCGR2Xd/RdD2jsuiRo7I1go5oC6I907W3HK61+DwrUUVJ4EKbIz/AKrvy2P/AJqOH7cLokwc4RqKFOQNlOc4wiim4OEm1LB22TxWQ9jumJJA5ZzwMbYT2QM9F35ln4Qmiff6QmxaRWWPFM3nCIIWBcbMHdkQHbKJSX6KyMDcDCXlRMFdDSSmpICU8DNJKc1h9EdsI5IRAxuMYRCpzyBDBhdDBlP0+66G78oilNCDU4NARB9P3TQzJxhFkW5DkMMceyOGd07UAMaUeSsgw3PKIGDCQbuihoA82yNJdspvBHMW4wEURkDOOUyWspIBl0oJx6qprL8BlsHqlW311+x0a5z6LkVENNvK4A9lXXK+lw0Ux/dUc1bLUEmR5+yih5OxXPu1ueIGmFCXMiTJPNM8ulfq/NMBHqP1QtzuFzJ9Vmdkp8yY1JJ8DwMpLiSXjIx4SDJAZK4MngIkbcYyE2McAOQgMEIzWHAK61hJypDIvfC1QgLlLANrSPzRoIjkHGyKxjcJ40tOy1QiIlNsIyGPAJHCeAwcYCEJdsYTRknKYkIbyGT26nEHGya1hICO0NZjARgnWtPcJ4wltjKGXEE7ZwoRxciRkKFWVQYMbJlZXMpmEuP5eqxtzvrpXHDXA9t1m1Gphp45Zr0+m+Rkm+dQA5p4XHPBIKzb5fEOSEiDK8n133TQ3cheR1GpnqJ5Z3aKI1rg4uEjCfpz3Raehke4Z4WGx4NsKZWSxEDFGXu4yprKcM0khSm0kcTAdO/dDlkDsNaNgsc5tnWp0vx/n2dDgwYx+6fFF4jvRcpaWSok0gYxySrujtpO+MYSzq0UZItLQnbZXdutxnlbDpO6lW2yz1EzY42fc+gXoNh6dZA1kj4gceqOMcnodD4/dyPsNjht0LT4Y1kK/bgMwBhFZHG0aWsAATXAt8o7pmMHotPplSsIF5nuxjlT6WmDWDPKDFFjzFu6lR5BAUfBtqjyGa0ADC6lnbK6Bk4QqWTbGKQ9mTnZGDc7oYc1m5QZagyeRmw9UMpZYZ2qqtIMUW57lCpqYAiaVuT2BXYocnU4KSX7YwgTwQfqHom+JgKMZDlN1E7ImwZPAeSoPAC4Mu57obGEnOP3UhrcIQGzrWeqLEwasrjG5zuisZzuiIEaBpBxwolQ/IwjvkETSVXSudI/bZNBmxOLnPCkxRE9kKni3GQrGJrQNgjEuaiFooQCCVYuq4aZmZHYwFVy1cdIwvd+QWWud5nrdTWktySPyRFS1CSJl46gfUFzYCS5xIJzwFVQMMhJdymU8erluVPgi8wDW7lRvJn3Ob/Y+lpDtstt0308GYqqoav6WkbIXTnTuS2qqm7AZa1bOlhIwA0ADgBLnPHB6Xxvj9uLLB9JD4eCGAKYMDGdkmaY250grmg1DtOnA7rJOe49FGHpApp3SnwITn+ohHpLcyAeI46nu3yeyfBFDCctZkrs9xghGJHAJDZpjHgLJK2MZJVdV3hjRiA6jxgbqNI6queWwAtiO2r1VlbrRBRRjU0Ocd8kJcpbQ4kOjtctfIKiuBLD+HKvoYaenYGU8TY2jsNl0DAwE4sc4ghZ5zyGkdc4uxgYSwfRGa1rG5chy1lPCzGS6T+kBA5ljg054TZqylpv7+XT+6iGW5TnctgYf/Omw26la/xZA6WT1echA3uKE+51dU50FupWhp/4k2zU+GxySOE9yrppnH/hteQwfYKcwNaNIaMeiKTlWQbFBT05ApohGPbZSQdhkoQXRnKrIYVcXAV1CQMlkpJICCSTdXslq9lMlpZHZKWv3TSc9kuUEp7QlH9nx+Gb7j90QhunPdc8vZM37L6fln5ojQoficPOyfg9guNB1BPBGOEuZojHjAxrSDkhFAGEsBdSgl2NwD2SPoutXVbjkYh6SS4cFXGOS5SwdTZDhq4XtaNzgKvra9o8o3TYwMGs19Ojrc5sJPVBueOFVVFeckcoU9UXk4yochPqn11HzLzH1FZqJONXQ+Sd0p9EGethpQTK7Gd0Koqo6WMySH7D1WTuNykrZC52fYdgilPZ0efhGVzyzt0vE1VUO0POjOPuoWS45IwUIgl2pSY8OAwOEpzlN8m2MfjRxrPVSI4gDlKJilRMPKZFAyYxrSCAApLQNI2SaweiQBBToxFSlk7gJEgJw+lBJOeUYIyaUjYBDY8lEe0OxlN0+6gQ5JDJwlhztwExQyQIkuEgcpHdRrBAbnZ2ASbG7unxsOckcqQSzA2VpZJOWAcbNODwiySN0AIL3A534QWuJOSVOgY5bE/JdkruMHICIGjG43TSCTsqzkJy2nd/RIDC6koogqz+wk7ASQ3JgLeTucrqa1OUCTYkkkCeYRsLhuUEpbRiQ2onAGlpUYB3JP5LrQ57tbynPIAACzzmMSyNc7HdRpHjGM5XZXjB3I2VdLJ2ykWSNVcMnal5JwFHIz3Ti/KfFHnBwkS5HrEQbWkHhSAGtZnGcp2hoGMIbvLsVaWCMYeVxdO64gLHpJJKEEkkkoQaOU1x2TiMDlCKXNldjNW5UiBhLgcIccRedlY0zAzGoI6o5YM5YCxM0gZG6kM7LgA2OF1bUlgRP7jr3AN5ChOcSSMos5O25XEKDhEEnnlMTiVUnhEZ0DPdS6WnI82nJQYYjIQ7lafpayS3W6Q04/u/xhczVW+j1HgvHfLNWWezW/DbppxlFynZsR5Rjhex0cDKWmDneXO5Psqi126CigZBAwBrAAo3VnUDaKkNAHkSSNztzhc5yy8n1nS0R0enUImf6wvzrnWCCmeRDHlv3Kh2ukeQC/bPCiUVK7PjT7l24BWioYQG6w0bJM5pjoRy8sLHAII9TlXVlQSdLcYU+4TYh8MDCq6OmlrJhGwZ9SkPo1KO7hFj09b31lSJJG/y2nP6LdRODAA0YChWyiZS0rI2tw7G6n+EWDUQls6FcdscHZqlsMZcThx2AVNXV4oqZ8xI8R3055Up8gneXfgYCshfrh8zOY28M2Cou6eyJWVLpaqYySvLi455V1Y7c14+YkZlrdh7lVlvopqqUNaNu59Fs6Gl+WhZGG7AJc57ULpi28smMY2NoDRjZMqZNIwN8rskmhuUOKCWunbHGNs7lc2+zJ1qIYJlmoW1dQZJmEtaNh2WmD20sflGwUeipm0kQaG74Ue4VrXgwM5HJC59thvriAmkqK+qDW+bJ29AForfQw0UQLgC4jclV9opRDGJ3jJdwpdXV6RsP0WKyZojEDWSyVFQyFhy4nAAWgpIBb4A07vdu4qn6dpDLK+ulGQ3OE+/3kRNMDXYcQeFhseRyWSv6hv3iudTQSH0c4f5KgBJJJQn51Ek5J3RBullj4xqcNlypkETtAGcJOeyJmsnGEO300tyrRgks/ErksIpssbHRCrkNTM3LGcehKu6iYSj5Zv1HA27BMmLKKFtNTgNOMKbZ6BsrTUzNyAdvdZ5SGwJMbWU1OAcZAQrfTGqq21TgctdsiVZDx4LR9XCtKClbBC31wlSeB5MyAOyq75d2WyjfMcasbBHqqjwRq5wMrzi+XKe61j/ABZD4bTpaAVUI5JZNJEOqqprjVuqpvxcD0RI49ODhKCEDfCOWjYDZaYx28mOTyzoG+FaUVNpYPKB3UeipwXeI4ZxwrGEZdpG2UMpZH1xyGijLnBg3yrulpmsaABj/VRbfSESanDgK2a3TvhI7Hg5iKandMRswZXl3VF/qLrVFglIhaSMDutB151C5pZaqSTScapSD+gWFALimQhlmW6zHCHMaPRajpvp3xnCrqmgY3Y0/wCar7BaH3CrZkHQ05PvhelW6hDWhjW4ACl09iwKgsvJygoQHMiYzc7LW0FGyJrWsbjHPuVFttA1h1Fgz3V3T0xBBIXK1F7ZsikkEhi4OFLijA7JRxjGEdjcLmzs5AnLDHNbgYCIB3SaOyIAMLPKWQc+xBoxwupJIUZ5PLHJJJJhB6SSSMgkkklCBUkkkoUCTE9MRBiSTVw7owh+Wjk4WA+JPUToxFZaGQiWbdxB/D6Fa27XGG10cldUOAjYD33yvMrRG/qG9SXqYHwy7ytd6LRTHLH1xyW3T1uFut7CR/Mf5irjsSeF1zQMAfZVHUVx/h1GXB2C/ZdGEeMGgy17r3Vtyc4O8jDoaPstD0nbXyvNQ4YaDss1a6KS4VrG6SQ45K9Qt8DKSmZA1mCBujm9qDJAYBjHZcLM909JYrJewBJJx4Qjys/5EHrryQ0nGVxUvUF7bRQmFrsOcE2CyMIHUt10uFHDJjbLiD+yzgychDleZ3asn7qTRx6ytcYpFdFlbYS2EF435U8PGAMJkQEcYHoECSYk6WjdMDDtHzUwiH0jkhWjGNjaGMGAFFtNLoiMrx5n+qnFqHvoYNUWomzgYRpnhg5UFzi5xJTIR3MtvB0dyd9lArqnwITJjjKmue1jS5x2WF6svvhaohKBzsCuno9N80sIxam+NUd0iivVxdU1UkjnZBJACrYWOe7JCC2odUyjbOVYBghbxkr2em0/xxUTyl1vyz3A5D4YGApdnovnaoF2zY/MfdRNBqJGgAjOy19JSwUNKNDBnG59StcltJVXu5OTOZC3c+wCgPcXEuXJ5XTSZzwkxpzwkfkbYrasA46fJMrxsMlQ3SCR5PYHAU2vnEUPgsPmcq/T4TADydyrwDkFK4zTeQYCsKGmAIcRk/5KLTQufIHadirqJghjALdzymgnCRG0Ad1ErahrRthGmdlpcNsBUVdUlxwtNMHKRi1GpjXFtgrpV6mYGDus9X1kNDRy1c5zp3DfVT6h5ecHheZfELqBz5xbKaTDGjzkHkr1Pj9Lhbj5Z9TecdMZPPJmeoLtLea99RI9xbkhrc7Aeyj0NOJpAMIUUDpMDC0dsoRDDnSASMr0+lr2nw3WauWpsdk+WyXSQRxwtDWgYG6eyKWombDC3I7n0XW8loam1de+0UZdFvNLtzwCuglsRzs72AvNyfBps1oGuaTZ7h2VjYLRBZoNRYHVMm73nc5VdYLXJBI641e8su4HoFevlbG0vfsFk1NnB1/G6ZzsOVtYIhl+5dsAs1fr7/C6J2hw8WQHSO4Clz1sc0r7jUnw4KfIaD+I+ywF7uZula6YDDBs0ey4Or1HxLJ9E0VDjDBAkmfM90sryXOOSSVlLvI6Wqc0uC0lQABnPZZGqeJKp7gds4Xn5WuybkXrpfHXtQWkGkjCt2/3YKqKc4cCrcAvjaQESeTjaf7mMIBOcKVTdkJrQN+6LEozqURw8hpW7DCFESHhHeMhAZs9Jng6CjyT2fSFIjUaL6ApcI9Ehrk6FMeDkjdlU1QAkwPurpzdjuqytjAOcYKXLhlXwzHJBeMJkf1J7+UxnKowLssaQ8ZKlyDLVXQnDhurGPzNG6dGWDXBqRW1cWDlqh68E7K5qYtYyAqedpjfpI5WiueTn6urH3DSARgqNPH3AUpvn4CZMzIAJTTkX15jlFc1xaSMK3onh0AyVWuiAdtsj00nhOAJ2TGZtPNxmWeCUsFEiwWAp+AlnZUW+UM0BwIKg1VLn8Ks8H0Sexrm4wrXYuyqNsdrM8+EtPC40YOcqwqYN9WFAkac/ZOi8HGuh8ctoQ4xsmDPdJnOCU9wwE6LyZ2IjKA5mOApC44ZVWZ9EGRn1RWHzDCCdiiwnDgSgQUeGSm7hdXWEOGydgphrh0DPBUZwO6m6T6JpY30CDsJ8ldJGeOEAGSN4e3YhWUjG7bfugTRAjYIJIWuOUWNJVCeMEuGUct1DPYKhgkdBJkcFXtNO1zR9lMmyqeVhg5I89sqDUQY309/VXDo9W+FFmhOPpULsqTRVsd4btwpDXNc0AlMnp3E5A4QWO0HG6ZVP0cu2lw7CPBYPEbsQeQp1HVGQAOxkKOMPYQe6AC+KQOYcLTXLazLKvJcmMOGQhaiwrkU+sDKfIA7f0WrOeUIaw8MdnUMhJBw4HlHPARReSCG+3qgSMARl0nKko5IQXN3IIQZGOzkBTZYsb4Udzc7FZbIDAbH+qfLE1zchCcwjcFPZJpG/ZJx+wk8EWRhYdhylE/Sc4zhSnxteMqPIwsPCrrodGe5YZKhqtwHYUoaXtyMfqqkc7FTaeUDAJT4T9MVNchXBwKfGd+U8tDhtuglpY7OOUzGHwIz+yWzzBdLTwgxybcIweDzsj4kimCkjwMjuojctJOFZgAgghR5ID2akTrz0Du5AxTZOCFK8krSHMBChyRkbjZPgn0nSQqQTXsWqot0niQOd4ZOcA8LS0FdDWRBzD5uCDyCqUPEg3AI9EGWCWl/n0zjjkgdkxTcDPZBW99mwY4nYIFVa46j+aw6JPUHCr7TfoZmCOoOHjbPqrppAwc7LTCe/oxyhKt5ZEprg+AinrGnU04DvUK1aA4agcg8KJVQRVMehzd+zu4UFk1VaJQ6XMlOdic50p6QppTXHZeMjxyEOaASDBRaephqYxJCQWkZBynkZVuCYrLj2VctGWbtGyHE87D0VwI2u+oZUWqoN9ULfulWVh/IyMQHDhQa6zQVg1Boa/1CsWxOZs7ZFDA5oS9jZcbJQeUY7FRQSGGdpIB2KkxzCUjAWlloIKtpZKwfdZauoKm11BBBdHnY+yWoYZrhb8nYZzWvGwUSSmwc4UmlmilPP5KS+EOAwq2jm9pSvYRsGpm4wrZ8H+BRJYcfhS5RaHRmmAaRjzD91x8bcZyuuYeyTH4OCgn93DDbAFrgTuuNJyAQppaw7oMlMeQEKjt6K3HAQVxwyELDgd0UEYwryFgA4OY8PjJa4bgjYgr1Pov4pySsjtfU8oy0YFWTgY/xD/XK8yc1NwBzg/cKx9GonRJOJ9MN0Oa2Rha+J41Nc3cEFVd3scVSTPTOYw9wV5R0l8Qq/p95hrNVTRu/4efoH+FevWy6W+8UrKu3VQljeO3LT6H3RnpK9ZXdBN9mPr7eWtAc3cKva+soJRJBJpHcHuvQ6y3xVDC5zRnGyzNdaXseQWDCgVkMrKIbay23hny9dSsbKRzjGVmrtZprZKXMaXwndpHb7q1qKB0Tsj7j2XYLhPGDDOBLH6PGUDXBmawZkPB7Jkg22OFo7haKaqiFVbwGvO7mDhUUkL4jolaWH3We2rcNrtcXwei/DT41XDpNjbb1Drq6AABoZ9TPcZX0fabtQXughudsqGz08zQ5rmn9vuviYMA3Wu6A6/u/QFV/7veZaJ5/m0rz5HLn2V7We38J9Qur/T1L4/Z9ZuYDjKH4fuqfpTrG1dX0QrLZIDho1sJ8zHdwVeO3Cz4wfQqLIaiv5K3lECspY6mMskH2PoqlorrO/LR40J5AV69nm9EOSHUMKZxyBZHPR2lq4quMSROG/IzuFFu1kobvEY6mnYTj6sbqDJTTW2Y1VLlzD9bP9VY0NyjrMgbOHIPKOM8mSUM9niXW/wANJ6aolmp6Yvj5BAXlF2tnyUhY9hHbBX2dNDFMwtmjDm+hC8z67+FdNeWyVFtLGSHJ0kY/RGec8p4bK+Wo+bWiWF4dE4gjcbrW9OdfV9FKynrHtMPAO+yq7509X2OcwVcRABwHY2KpZonHBCtS2nkm3TLo+hbXdqeup21FPIHAjffhWcNXwRgr5/6b6ouFlqNJlLonYBaT2Xqtm6ot1wY0Nl0u7hx2WiFv7N1Gqj1I3lNWROw17hk+6k4jeNiMFZmGoacOa7I+6s6WtaCCSStCl+jcmmidJC9o9Wnj2TIJpKaQSMP3Cn08sT4wRv6oM1GJHF8O2d8Jj5MV+ig38kTRWy9sliayTBHG6lyRw1AIMYc09iMrEB8kD/KS3HZSI+oK2AtY1w098rHfTvG6ayVReMiko53RNOqI7tB7KdFUOg9weypYrzFU4I545VjDJ4jclcLW6Rz6PeeL1cbK8IuYakPjycbqVTVPgnnk7qjjeY3AAnCsIXagCvO6jRyid6Fia5CXqyw3GL5qlAbKBnZYS92l1W0gt8Opi78ZXotJPoOMbEbhVd8tD5c1tKMkfU0ei5N2lzyMfRg+l+q6u01raepe6ORhwCTyvoroH4jUVXEykuMwDn7AnuvmrqSxST5raX627lo5Cb0p1dLTTtoqxxY5pw1xWT4nWzDqtNHUR2s+yLta2SD5imGzhqGO6qAynqoX2+4Rh8cg0+YZWY+HPxOhqxHZ7rKHA7RyOP7LeXS2tefGgHIyMd1speTzttc6ZOMj4b/tT/2YH2n5nrfouk/3UeeWmjb9JPJC+St4iBlfsK9lPXU0ltuULZYpGljmvGQQviD+1F/Zgm6dfVdbdHUpfREl81OwZ0k8kei9F47yc9M1XNnkPOeFWrh8lX5f+p8wRuzjdSWHUOVBiOj7BSYyCBuvbafURsgpI+Z2Uzqm4SXRLT0Ak7boo5WlSyZ2gqS4D2XVYvODrDg5Vjarg2nqQXDZ2yrmkDOSntOh2eVntqViwzRXZKqalE9BoqxsuDkKyjfkZWGtly0OALitPSVzZWheR1en+ObPfeN1MdTWpJk6sgbUMwR5hwVDtVe631JZKTpJ9eFNZIXdlBuNM7UJY288rn2QysM7NcpRkpRfRuKaqZURh8ZBBUkS4wfRYKx3mWnnEDnZafVa6OfxRlc62lo9RpdUro5Rd0tcY3B2RkLR0dYKmMOJ3WJY7B2PCtrdWaCNzsubdX+js6a/C2svKyLS/wAdvB2QY5jnGOFIilbUR6TyoT8xSFpHBWVcdmx/snR7jdAqIw9uAE6F2poRZADgFMhNpi5RUzO11EC47dll7rbRKXxvjyCt5VQ6hnHZZ6vpS8nbuuxpbn6Z5/X6TdmJ4l1HZ301RI1kZxnUPsqB2W4wV7F1BahURAFgPK8nvFC+kq3x42ySF7HQa1SSiz5J57xMtLPfFHKSqkgkDmnb0Vu5kNXT5IyT+yzrXFpAwp1FWS00gc05Hou/VbuXJ5ba+jlTEYXaSMeyDG4tdlXtTRCsh+ZazJA4VG+Pw3HA2V2RUg9jguS2t9a5haDstXarlnTuDysA2QsweMK1t10MJbqycLnX6dSOj43WvSzUcnqVHcA5ozhW1HKJnNDeSsTbK+KaJpY/JPvwrqlrnw4cCQvNa3RTWZRPpXj/ACsJJb2a+CaakmDnA6RscK+pqyCrH8s4cN8LN0NbBcIBuNYABHujtdJTvD2EjHouJdXtWWesqt3x3Lpk692SO4RmSNoEreD6rGzxyUkvhSsIIXoFHWMqWYOzxyFGudopq1pe6MasJKk0yWaeMluiYuN+cLQ2K9VEBEBk8o4yVR1lDLQTFjgSzOxTGOONirsirEBTJ0Tyeq0VW2rj1NO45VjC4jA9F53Yr1LTua2R+42+4W0t9yhqyGh2l3ouTfRhnf0+rjLo0NJVvhwGuwCVc0tWHgaiMrMgEYKOyofgAEhcyyvB1qrzVB2oeiE8Y4Cg0VxHhhk7txwVPZKHYPYpDWDTlTOxzlhyQo12tNJfIxgCOqbuyUDfKkSxCUDRsVFcailkDnN8p2UhLBUocEag6iuFhrBaOogHwkaY5xxn3WmEdDXxiWnex2rgtPKp3GhuUZhqWNkB2IeMqnIvXSNbHNRRmqtpd9PLo8rRCzkzzrw8vovrhbInDwalgex224zhfPnxa/s3srn1F/6Fgc1+dUlEBkNb/hPovpi13i1dQ04fTyMc4jJbjcfkm1tEaQa425B5C7Oi8pbo5ZrZyPI+N03kKnVeso/NyustVQVUlJVMdFLG4tcxzcEFR3wOh3cQV9xfEX4M9L/ECH5uN76G68mob/xD/jHf/RfKfWXw7vfRVwFv6jonMcRqa8DyuB4IK+ieM85DUfmz5D5v6W/iT+Stfb+zB6xxsjNdpzlW5tFI8DS3B7KLPZqho8g27L0MNVXL2eT1HjLao7oLP+CJgHulj3XX0FXCclhKY+KYHduE1WJ9HO+CftDvFPol4p9ELPbCWoJmcigiMNlGTwMjIRg9BRKPTKXiD+lDwUsFXvIF1hLWEPCRaew/dWpNsEPk+qWSham+q6mqf7KDZKeOUFOyEStAJQJS1Y5UbxD7peKfdGrQMIOAT3ThG3GchAEmeyJqTFZnoXhBY2kbZR2Nz3QI45CcMGpHZHM3dzP3TYywU0SAwDBCIwbhMZkDBTmuDSclMTEzeCSAMLuAmh+OyXiYTk0zPJtskbJ6jNJzuThED245RkwFSTfEZjUXbBCNZTAbyboZTjHsnxuXRI0+6WgqHJdqePgg/moU/UHlwxyCWojH2SNFjL4HGUB9VFEMyHCzMl4qXk4dhRpauplGHyJM/IRj0Ojo5vs0k96powdJycKpqb3US5b+H7qqLS7krqx262yzhGuvSwissK+V8h1OJTclLBXcFIbcuWNjFR6FkpyQZlEbGCMkK0iA08NJ4C6GkndFaAUxZA6G+66xpTxFkgozYxgHC0VxyLdgMMyitj3ynBo4T9IWmMMdipSyOZGMb4/VGaWjjH6qPk5wihpA9UxIjf7CB3YFdGo8prYnFwOFLEQDR6rRCLYlySARxHO6kxxA42XAwgkYyiMY4bpywgHhoKGAcJoYcg54Tw0p+gIHYkFVTKfQJ+w5woFdcoqSEvkx9vVcu1yhpmFznbD91jayvkrJi9ziR2HosWq19dUcnS02glKaTH3G7S1jjpJAz+yrXDVyUUt32G66Q4cDJXlNRqZ6iW5ncjo408IAG4BA7obI3SO0t3Kn09BPM4eTynlWbKGnoQHloJPKy2TUUb6NDOfLXBX0tu1DXK3jhSHuip2ENdgrlTXHOiAqOyCWZ4DmkgrJK3J1KtNs/BHDUPlfpJyCplJQuOHkc7qdQWZmA7wxn7q/orU1zmhoSTqafR739xWUFDpw0t23WktdmldINLCB+qsrXYWggys/Za+2WrwQMNAAV4Z3tL4+OE2RLFZTTsJ9Tk5C0zIwxjW+i5G1sTQNK6Z2jtlFnHR2aqVVwhDuF1rBnKA2Qvlc4DlSIwcg8KOznBurjkMzS3YNRGNHI2Sa3Yb8IgOOymcj4Rxyd0+64XY7Jur2S0+6mP2PE55ccBda0NGcJBobymPfqRBDvFxthDM4O2OUJEIyMKs5KTyO5KLHGdjhMii3yApjWgAKmwRgaAn4C6jDdRLJYyMHcpzpPCG4Ti5sY1EKFU1TJW6Ixv65U/sBN4OTT+I/DRsuNZjchMj3I2wVJwA0bphknMazZOkq2wDcgqLW1sdJCXPPmOzR3Kzs9wmlOXO2Kangy2WEm4XGaqkc3OBnso8bCSmRMc85O+VPhhOQAN1ecClFzY6miOdIG62nTnTu7amqb7tGELpzp07VNSzOd2tW1o6Uj0wk2Twem8d4zbiywkUkDQ0DGwUxjQPpGfZBA0tDWjGU9jSzclZZSyemrjjoJ4T3Ea9m+ie5wiHsUCeuZBHl/PYd1X66yvf4TMtYd84WeUsGuKWB1ZcnmUspznG2R6o1LZ5aseJXEjO7QrGitUEXm0AuwpzYyOAl/JgaNgp2U8bY2NAAGNkXSXkADGEmnC6XhgyEiUtwUeAgjDRqOwSMzfwHJQtb3fU7KSAYhOlked3JrWjOSN05LIHJQkESTuV1qaXtBxkBN8fT/djWf8KhCaEnzRRnD3fkFFaaqbByWD3CPHTtadUnmf6qiDxU6ziKNx9yMIodI4DWU0ADgJJck0QICitI0jcKMiDlUQOuOSb9IScoyDvpS+pc1Apa/QrO85GLCFlJM8TfGEtZ/pRNNlnyCNWUUAYXcBO0+6+on5tFgLqSSAISSfgpIcEAruCk1Jz2t+pHGDZJz2BDjuUOWYMbkbqNWVYj2VTVVcrj5XHBToVnmvLfUVGli4Qf3EqsryCWgqqlmdKTn1TySTl25TRGB3T1DB8y1vlNTrrHKb4AEk8oFdVxUkXiSH7BOr6yGghMszvsO5KxVxuM1bMXF50ngIZySQmqpz7HXO4yVchAccKKzOokpgaSeFJY3UBthZ3mTNsY/GIM1EeXdGjZhdYxEa0kpkIFTnkexunGBypETdhkJRNG2oZRQAOFojEVKWRDZdfhoyuIUsueAjKGOmIOMJmc7pHnOEt/srwGkjmr2SOT2Tg0hdAORsjUSnJLoYAcp4xjdEw0N4QQ0k4RYIdcwuIwnNjxunsbgbpPeBsFHxyyHQAAgknhIklJUnuKf9xuSV2MH0Tox6ovl7K0i+gaWAunlcVYwRrIkkkkyIoaknJIiDUk5DlkDQglLaOSzwNmmDRgd1GaDId0nHW7hdJ0gLPOWR8YjXjGAhyOw0klJ82nJIUKefbus9jGQjlg6qU5wP8ANQX59USWTJyQhsaSVmlJyNkYqKHRxklSGnSEmNawcLgdudlaBY1ztRXEklCCSSSUIJJJJAEJd/CuLjnADCqXRTOSDVuELT7patyjxN8w25QRg5spvCH04JO4U1nZMiiAbxhFa0laIx2mecshoxtklckkaBjI/VcGzM5xsobidWBvgppIrIbG/KS436QkTgZRBCPC4I/HeI2u8xTDISMYU6ip208Wt+S9/mOe3ssups2x4Oh47SPVWYXokUNK+Qx00bS57naRj1K9r6L6djtVBG+SMGZ4yXEbhZD4edMOqJRdqkYjb9LSNyvVoWeE3W4AAbriW2OTyfWfDaCFaUn6CVtdHa7e+oOA8Dygnk+q88nnnuVW6eZxe5xySeyn9R3l1zqfChyIo9vuVEpNJ0xtABPKQ+jvylueCbQ0zp5AOzVcktpowMbpUtOyCFoa3BxyVDuE5a/AJKQ28j4xwiHWSvll0askrTWC0GmjEkgy47lVFlt3zdR40gyAdittTQEEDsqk8GvTVZe9hIvJgkZQrnVOETGM21bFSntDW6j2GVQzVL5RJUE5Y36Sltm3gj3u4OoqUQxEN1jJPdZSCM1M2lx3K5c66etqiXuOAcAZWgstsYwMmMeT7oJSSM0c3Sa/RY2S2iniDtO5VwQ1jMkLtPAQ0eXAUO4VII8Fjt+6yXTwdGmpIHNIZpgxnfYALS2m3Cji1yY1u3VZY7Q9721Uww0b791c1tQIxpC5d1m7g6VMUjlXVBg0g7lBt9Mx7/HkZkZ290GKJ1ZKC53lbufdWbdLQGtGAOAsU5YNkFxwSnThrcNaAFXundWVTaaJudRwnVk3hwkDk7BWfTlDBS07rpWDzfgBHZZ7GGSqqrp7LQCDI143x6rE1dW+pndKSd1LvVzNfUuLfpzsqwbrNKIYuSnyO8JuT3XHaGbuOFFllM7hHHk9gqSBbwP0zXCVsEY77n0WroYYbbAI4mb/AIj6lQLPbvlYvGkGXu3U9zvFOAPZBZwHDkk0NM65VenPfLvsr+rIpYRHGAGjbZK10cVDTNDB5nDLieVX3Od9RVsgid7FZH9w+MSTbqbx3mqm8wB8vorTOGnbhDhiEMLWDhoVL1PeWW+HwQ/DnDdDgN8IrOrr0/WKClfuRl7mnt6LNRREYc4JazO/Udyd8o7TkYxjC0VxwZZzbYmjbZSYYXSPGAmRNOfpyrSmg8NvmAyVcpYJGOQtPCGM4xspdupw+Vxc36eEqendM/Qwbdz6K8paRjAGtaNhv7pDeTTBYCUkOO3ZUvV1/ZaKV0MMgE72+X1Hurq4VcNro31cxGlo4zuV5DeblJeLhJUuyGnZoPYKQjkXbZt4IUkstTI6aV5c95yXHlT7Va5rhOI4xxyVHp4NRxheh9JWN9PA2flzvMcps5KpGZZkyxstlZSRsijYAceZ2Fp6OlA04aBjlMpaZxOQ0K5o6XSAS0BcrUajI+EcDqaDTgAKyiYMBMjhAHCkRsLTnOy5VtuWFKTXB1oOQcbIo4SAT0nOQG8iRWISNH3QByERhJdcuIkJaCp6YuuQEFgpYK6ThIHKv5ADqSSSogxJJJGCMSSSUIJccCWkgLuoKm6mvP8ACrVLVl2GsBz7p0I5GwjlmL+Il2/iFXT9P0jyXZD5ceh7Kxs9rZbqKNgG+Bss70nb5LnUS9QVZJMzyWg9h2C2D5CzgZW2qGDRt2gpnd+MDKwt+rn1tX4TnamsPC1N8uQpqJ5bs9w0tWLpI3Vta3k+p91tSwsk7NT0fQktNS9mOzVsG8f6qHbaVtLSxxtGNlMaNyPRZ7Z4GdBU5NTljk8kQ1MT0J5AaSThRLJZyqqoqWIySO+wXn1zrHV1bJId2g4Ct+pbl4xFPA/YZ1HKzoLv6U+KwEPii1kADOVdUdI2BjXuYONgodspH6vFcPKrR5w1aCzk82kaQEqCBz5g/kdgoxzPJpbyruig8KNoPOOUT5CJbBpGPRckcANyujZRawkYwUtvA1LIKd5JTEkpCBjK00xbfAuySRW36tZRULpHuA2JXj1fVSV9a+TJc0nAWp69v5nqDQRP8g2OFmrZRSTSifhrfXuvY+J0Mq18kjzmv1Km9iJdJRtp2BxaMkJSyFpUuoe0DACi08XzNQI/Ur0fEeTk7N3RcdP29rwa2ZuQNmg/5qZcKl390x2Pt6KSdFJSNibtpaqxxdJIXHclZ7JbmbKo4jg7TRnTk+qkhoY3W7ZcibsFHvE74qYaDjPKWlhjZLCK6SZtRVOOoOwUpyC5ozso9MRkvO2QpEUZkeBn9UyKyIbeSxoYQMOIwAEeWTz+wT2gRQgDY4QJ3aRnHCeoFSltId0qnMjDAdOefVZupqMHYZR66sllkc57u+PyVPX10dJE6aR2cZK7fj9M5NM8h5nyEYJ4ZTdYXyS3W8+A4NkfkA915MHy1lSZZnlz3HJJVn1LfJLnVyO1HSTsPRRbRQTTSCbhrfXuvZafTKpYR+e/qLyX83USa6TLG328EAvbgq0P8sALg/lDhMyXuC6MI4PJylvYdrmRROneRhoyodtpXXWpdW1GSyM4YDwSmyl1XKygiydThqPbC0TKZlJE2KNgAaMK5zwsGjT1t8nI4i5wPGNlBukxfOy3x/U/bI7BT5JmQRPlecBoys1VVrKSlqbrNIdbsiMejVx9ZqVFZPa+H0XG4oOtbmfGFkpneWIAvIPdZkNIAGEaLxK2eWsmJc6RxOT6IkzAMNa3leY1NsrJNs9xp6PjjgqLlK2GFz3cAfqsnjJ1Z5Wk6hIZTYx3WbBykQOB5OeZ7Q0e3CvKbBp2n2VGzgq3oDmnbvlNOfpeJhyE5nZdOClGcOCpnXrWAwBCWgAg55RQC4bBDkaSWkLPab4EqL6dypVLjcH1VfHtjdT6THityeyT7N9TwHeCBj1VVWsOMq6Iyd+ygXCHMeoBLyFdHMCmA5QTkHKNvq3XHjYYChycHYnEEKzopCWhVLOVNoXlsnthWngdRLEsFk4Bwz6KnudP/wARoyrruFFqoPEGlaosbqa90eCkgeWjBanTNyAQE12YpSwtxg4UkgOYCOU04coZTiVz2kHhAcHNOQVPkwCRhRZG9wEZi+PaWlBMHwNG2VLVFQTmKUEnb0V+x2pod6qHR09m+OGLAXcZ2SSUH9AZoARnHKrZ6cDJVxIMtPsoTcPeQ7bC01LdwcXyS2tSRTvaY3DblFaMjlS6+jawCUN2P7KG30TVHBy/k3HUsFdHKNp/l7K2WRUk5w3TcpakGmSKeQNPm7qfgEAhVGDkYKsKOpaGiJ5391eUzRXZgkOYEPT7o+QeFzT7q2smmMcoiub7oDzqyCFLkBHG6DoOSQlOOC5QZCkh7gI1DW+FKI5Bj0Rg0d98KHU02p5c0DdV0D1JM0LZGuAICZI0HCq7ZVuINPK7OnjKtGjWduFDo1NW9Ed8QLSq2eAtcSr0x5GCFFqabIyAEMeAbtOrCpY85wVJcxrgMYygTxFjj2wmskOfstELM9nEvr2SwSI3mNwHqpsTg4Z1BVziXj8l2mlMbsOWuE8GOcclo77JofnslE8PGEyRuON1pi88oVjHYYDOw3yuIcUmNiEbOpM4aKG4ycKPJHjgI2lO3S5w3FkJ7d8EfZAkYc5AU6SLPA490BzCdlksrGAGSFOkAfuuPZgZCGx5Y7OFnkgl/YZ4Rac42XWOORhHOlzfdBMZHZXHgvOSfTTjGDj9UV4Dt+FVxSFjsqxhqGvwCU+FmeGLnEWC12MIrHZCdpDuyDgtKYm4gMkx7E5RiA4bHCiNfjsnRk554TE1JCpc8ilhGNhkKLIws3Df3Vq1oI3QnRNwdkqcS42emQqapLHYcMKxje17c5G6ramnLTlmwXKadzSGO7Ic57GPEuUGqaNuvXFlpPYKZbb6+kxS1zXOAOzvZdiLHjflDqaJkjcO/I+iOKdck4gTUZx2yRqYJ2TMbJG7U1wyCpWGPZ4b2Ag8grE2+41Nql8KVpfHn9lq6G4UtawGGTzAZLTyFuhYpdmCdGzoD8vU2uYzUg1wO3LPT1wrSlqY6locw7nkdwmuCE+BoOpmWO5y3ZORjmtzLEM2TuxQ6WfxAIpDh4G6lhgxnCjxIVKW0hSU+ok44QRGWv3VqYgRsFHczUdm8IZRSBVmQDWbcJSU8c0ZZKwHPCK0EEbI7QCOEDryMjNx5RjLn07UUspqaAgtO5Yg0VW138qXyuGxB7FbnQBk4VDdunBUyGroiI5OSOxS5Q2s1w1O7ibK90OeOFElp+4C5T1ckMxpqsFrgcbqf4IkGR98odqY/ftKZ8GDnT+6jSQkYw3H5q5mpt8gKHLB/hSbKv0Ohb+yAx7mHDhwpLXh7d9k10O/Cbu05/ZKawMzuOSU4O7QortcZ3aprJwdiE6SESAEDCFQyXGbXBCbIHAbLpYXbhOkgcw8YTWP0nBCrGA8oaWqxsN+runK1tbQu34cw/S4KIRluQEEvycY4UDjY4PKPb+kuubf1ITTvHgVLRkscdnfZaCqpxMNPHuvnOOWWF4khkcx7dw5pwQV6V0h8TIxFHb7+x2puGtqGnOR7j/VGmjs6XX78V2GnuNp2Ja1Zmst8kJOoYHZegiSKoaHMw5pALT6hQbhbmTNyRumtLBunFS6MJFI+nJ5wUaVlvuTAyoBbIOHKfX2mSNxIbsAqsNcxxxyEqSyAoODyVlxtk9Bh2z4zw5vb7qG06lp6ata7NPWNDo3bfZRrlZQ1vzFvaHtH1AFZLatw6M8kOx3659PXCO42ycxyx7ggnK+kfh78UbZ1hEKOdzYa+NoD2k/UfZfMZj0kAnBSp3zU8zZYJXxyMOQ5pII/NYp0uPR6XxXmrdG1HuP6PtTGdvRcLNsHuvJvhz8Yoq6SO2dTzNim0hrahx2k9j7r1svDwcAhZJRaPo2k1tWsgpVsAWDckKpq7UfEM9G8sdzgHG6uNO53XC3PfhClt6NTgmVttugld8tUjRK3bfupr2gqPcKGOcBw8sg3DwMFQ6atqIJvlqwE42BwjjLLAlD0UvV3QVD1JC/S1rJXDuNsrwDq7ouv6eqpI5IXaWnnHZfVQeDwq2+9P22/QiC4Rah6gbojha7w9OqTceGfHb4cYw1TLdWz0Mwkjccdxlegdd/DaosNVJUU8ZfSu3a4Dhefyw+D9kaeDxN+is0s8SPQum+soZi2mndpd/iK2dPXxSgOY/n0XhLJTG4Edu61dg6rfC5sEpGOASVohbjslWpcHiR7Hb6/QNJIOVd0lTkAkDdefW+5sqmDRLur+hub2ARSnccFaIyydKq5TRqZKeKqb2a71VPV0z4X6Hjjg+ql0dWXAOG6mtkgqW6JQPzCth7Y+igAc3dmR9lc2m5lpFPUH2a7/QqLc6Cqo2mam8zOcY7Ktp6tr5NEmzj2WaypSNWnvlp5ZgbiOQPOxCsYHBoAyN1jqaslhxh2wV3SXGOQN33XI1Wl3dHr9JrozjmRel5YzUFLgq2EAA5yN8qsp6hrxpIyCj6e7QuJZpVng6kbcrKIF3tscJ+agb5XnDgOy8+6o6aBea6gYWuHmcB6r1Js2Rpe3IPqqeppWsqHROA0P3asV2iz0W7P7HnFg6llieKSocWSMOAScZX0T8LfitHXxR2K+SjWMNhlcdz6AleCdZ9GPANztoIc3zOaFS2a/vlIppiY5o9ucErn/BKp8Ga6qOojtkj7hqKGF8hkHcdlHqaOmqaaSmqoGyskGMOGRheQ/C74yQwiHpvqioAiwGU87uR7Fe0ERzMbLC9r2PALXA7EI8bjgz086ZuLR8Ff2pP7Lk9gq5+uuiKYi3uJfPAwZEQ9AP1XyyyUsOkj7r9lKu30tdTPpaqJsjHjBDhkEfZfEn9p3+ylUWyep6z6FojJSPJfU00Y/uz6j2XoPG+R/j/AOnYeI874OWql89P5ez5Qil1DjlSWu1DKroy+NxjeDkHBz2UqJ5xxyvaaeyNsFKLPnOopnTNwmiSCiAjCAnjlaDK1kdnCcd0gRjcpqXOO5EQWCVzHgg8LS2i4YIa4hZZpwpFJU+BKH5JA7LmanTxsi00dHx+rlprFjo9IpZg4DI5Uota8bjKz1uqtcbJCdirynkDmg6l5y+n43g+h6a+N0FJFXdKIQOFTT5GTuB2VrYb4HAU1U7zcAldnZ4mNshZ+ogkp6k6CQM5CyTqUkbK7p0zUoHobZc4KkU1Q5juFlrRd3SQBkzsluwKuoKlrt8crl3UYZ6jS6uM4qSNXb69wb9QVjWNbKxr286RlZKmqnAg8K9t9aHnRIdiO/Zc6yv9HYpu+R4ZLp5jG4B3KsG4e0OB5VTPGdQLVJoqktADlnaNOdrDyx6hgqorafB2CvjgjYqFVQB4wAtNFu0z6ipTRk66ja/YtwAvOuqbAXyPf4ex4IXq1dDo5Cp6uhjqoXRvYCCu5o9U4STPK+T8dHUwcJdngdXBJRy+HI3fsU2N2QDhbrqrp1sQdqZkblrgsS6n8I6SV6/T6tTij5F5Hx89HNplna7m+nf4Upyx3qplxtTZgaqmAwRkgKgAWgsleC35ed2AG7FdGN2ezJDE4/FayhlbpOF2JxYdt1eX+yuYPmKdvO7gFQt8pyrbMttUqnyXdouAp3iN7tOrg+611vrTMQx7s4Gy84JyAMq3t10nhAje7OOD3WO+neuDr+N8j8X+nYejQzSxO1xvLSO4K09qukdbGIpsCQDH3WDt9yZNC3xHAuVrTzOa4SROwV57V6KNiwz6H47yMq4pKWYm3Dn08mthIwriirGVLBvhw5CyttvUM7fCq/KRtq9VZsDoyJqd4cORgrz91Uq5YZ6qi+NqzDos7jboqyIgtGVlq+1S0Y8RoJZ/ktbR1rKluCQHjkLtXAyojLcDP2SU3Ee4bzCRzuYQMYWjs94EcjA84PCr6+2CnJDd++VAi1RSZc3IQW1qxBQk6ZHqNvurXuEUp+xVu17SMggrzO3XF7XjLj5ec9wtXQ3dj2gH/Nc23TnX0+pyuTQl+eOymUl1fHiJ4LgNgVURVGRko7XA7+qwW1YOnXPKyainrC4ZBBRnaalulxGPust85LTloadu6sKO7wEYLjnus2x5NEbU+GT56Dwv5tOfMOR6rsF08SPwJzgcEFEiqvFGQuTU8E25jAPqFa4G7VJFVW2GSmkF36ck8Kpi3LM7OHcK0sXXUUzxb73pgqRsQ8YB/NQ3yVNBIHeYRjlybU0Nrv8AGG1DIy/tI3Z36o42+jNZDabOpt8MjfFhbjIzss91D05aOp7dJab7Qw1DHNwDI3JCzlL1J1T0O4UdcZrpb2ned4zknn7LeWq6WPqqiFVQVkYcRkjgg+i2UamdP4MyzirPtkuD5L+KX9ny9dGNfeOky+7W1zj5dX8yIdg7nA5XlLKojAIX6Evpp6LyzRZZ2cAvJviX/Z36d64ZPe+mC223s5dgN/kzvPJcBxwvV+N89J4hf1+zxPlvp3ObNL3+v/Y+VmkTYOAgzUMTsK7v/Sd86PrjbL7SuhnaTjI2d7hQWxmQ4HK9ppNbXbHKZ4bU6OT+22OGVptNMRuEJ1pgwdLTlXPysjd3DZMLdOxaunDUwfRy7fFRfoz81onLst4QTRTR51jK0pYShupg/GoZT1bE51viX/SZoxgcjCXh4Wjfb4SPoGVDktwB2ajjOMuGzn3ePtq9FNoeeyXhu9FYupS0fSmYYDggJ0UmYpqcOJIhtjcniEu7IvlT9TfVN2YF7wXgE/h/dd8J/opBLe4XPJzwi2omGwPhO/p/ddETs8YRvHgG2rdN+YYDkN/dFiK7AwdbCOcIgiwhfONHbCYazG4P7JnyVxBcWyYzLUQOII3O3uqqS4zN8oQ3Vk55dlDLURXRFU5F58y0bHCaKpuVSGqeeShmaQ9yhWqL/j5NI2up8HL0Ga6wN4P7qhDic5KR3UeqfopaaPsuDfAMjUgvvZcCA5VZYnBgHp+iW9TYw1RWvRMfcqh7i7WcFAMzn5JzumBjs8YT2x4O4Q/LN8NhfHGJw6zuSuaXeqMGjHC7gIXFsHKXQDzNXGgk7qRgJYCKKSL3f3GhvskG78KQBjYJItqLyNDBjcLoaAcgLqWCiKEu6vZdwXbp4GESWSm8DQ3fOE4fUFwnCTPqCNIVKWQw4T0wcJ6dB7QDuSn5c7bKRBO+EURk7ZWmMdwJ1jO+UVjDlEjp3HfClxUZTo4QMq5S/EFFECOEZrHHbGykMgIG42R42ZGnSilaoIdXobLOyKIhzhPDAFJ8IYzhCJA7jZInqkuzo0+Lz2M4VTeLzHRtDGnOdiQuXi/Q0kTmt3PG3dZGWSeukL3EnPA9Fydbrn1A6NOihAFX1s1dMSSdOdghsi0gZCn0lmq5SD4f6q4p7I2NuatuFxLNRl8nTo0UpfgZ6KlfKcNaVaU1pDQHTj9VPnlt1vi1RkFw4VJNdp6t5jjJwVhtua/E6kNPXTjfyyXUVVNRtIiGSNh7qtkq5aw4c7bspEVqqqp4dIdgtDa+mKfSHP2Pv3SnJz7N1enst4iuDP01tEjgSr2jtLRsDyFpqDp2nJADBt7LQUnTtMMAsCVhnT0vj7I9met1ha9rW6dhvstJbLFCxoc5uD22VrBb2xs0sDQB7KyZEIWhzsHZGuDt6bTRh2iNRW8NeDpyB68K0a6OEDDQcKM6qjjacD7KM2V8jsZO6PejaopdEqaqzs0ILdchwispy7BIUunpgOWhQ0QjkFBCGbuG6mBo5AXBHghGGCBslmuEODjV3ISQw0g7lEMCLuCkNl3WCBsoGceMoRGBklG15OMLnhF5CMIAC4nGlHjhJwUZlOGgOITi7GAG8IcgnGtDMbI7eNghCMuwcIglIAGlREHZA5XC4N5OEyV4cAc4woM9RrOlnCvILeB1XVOf/KY7buUOCP1C5HFk6j3RhhgUSMtth3AG5KFXV0VHFqe4Z7BRrhcIqSPxHnjjflZqqqZqyUyvecHgIzDZZ6D1tbJVzF5OfT2Sp4XSHdNpItbtxlW1PAGEEjCakLhGU3wKmo3EZDTlazp2wP8ALV1EQxy0HlNsNjlme2cgNaCNitvBTeG1uwxjYDslzs2npPF+P/8AqWIfRU3hsBeBvwB2Vg1oAwFGaCNiuyTNjwDssllm49LGGOiQ1w3LuyjVNzja/wAKFut3ohmomn/lwtw134lLo6COE+KWDUfVZ3I1QWAdJbHzSirrOPwt9FcQwsjA0tA7pgOe3CKx3IxwkSnk0Rg2w7diEQvAGdv1UfUPVcGfVJcsDtg7XvgBOzncpBgO+E7Zo3KrJDqWR6oElXCzbOT6BR/98m+loY09/wAQQby28E10sbDh7wEF1QZHBsTAR3LlyKkjGPEBcfUlSPDYzAa0AKEyD8EPHnCPA1rCMALu2NgnR91ZYZJMXHODeVCBsj1SyPVRvFPqVwyE7boCEkuA7hLxfZRCSTzxymVFTTUkXjVVQyKNvLnOwhayLnbGvssGz57JGp/D6rE3P4qdG2l5Y+6x1GO0B1HP2Wdrfjk7IfYrBk5OmWqJH5gBUZp6yqv2etMeXY908mKNuZZQ37r59r/iv13cTJi5tpg//umY/wBd1nKquulefErbtWTPJy4ulJBP2UwZZ+ViuII+ja/rTpC1Mc6vv9Kx7fwNeHk/oVn6741dHQBgpBWVRdnOiEtDfuSvC9I5O5PcolFQVlfMKehpZJ5D2YMosIRLyN0+iIAn4K6B6pwx3X0nGT4n+IxIcp+n3TM57K8MFySCbEcIetMfKI+VDqKxmMFHGrcY9Tr6tJHdN8EqWQMbtgqqqa12SG4OCo9VVSuPkfgFR2EnOTlPjVt5PnvmPqqVjdenl2dlqHyPJcUi3PKbo904kAZKJLB4my2d0983ljS0AHdQ6y4R0UJe/nsuXG4xUkfiSHGOBnlY243SavnJLiGDgIZzWMGnT1OTyPu1dNWPy52xOwVYOUbXrABC61hyszbkdKMdnQmszjbhHjaMAYSiiJ3KMyMgbdkcYMqc8I7G3PCkxQhMjjwpccewWiMcGaUs9CbFsCAkdgupr58jGEYHYx3dRyTlEcd01WkM3YEku4KQBymx5B3M7gJ5AHZcBGEg0lEQbuTjCfoAGU/S0DKGcnsoQWdsYQiCUUjAzlBL+ypjROdpGAFxrS4hy61hcQT+iOcNAw1FGIEpYGNGBhcyVzxDnGlPa3g4VAjcFcR9IxwgkHKtoM4ku4KWCoQ4uhpKQ5RDgN4RdLIIKXDG5PooTnl5GEapJkHhjuhMh0jdZ5vLNEDibNjAT3nSFAqZtseqVLo0JZGVU4Gwxwq18xccJ0z9ROCgsaSVlnLPA+McLIQNzvlPDdtgutjzwMJ5Axyoo45LlL0hodldXAMEhdQPsIYkkkqIJJJJQgVJJcf9JUCESMHcKISclPJOeUwDJwltZIdY0lwVhTxZwcIEEQyCWqezS0BMriLsHgAAYTxgAnC40LshwEZmI88pHlAQWDJyQuuf5sYTgmYD6HppIPC67goTRuBlBZPYg4x3PAaGF73jA2G5JV5YrbLd6+KmY06A4aj7Kucz5WEbeaTC9V+H/T/8OoW1ko/mS+bcdly9Tbu4Pf8AgtB8TUYrlrk11lt7KCkhpYm4DQMoPVF2+TjbSQuGtw826sZZWUlM6okdjS0u5WGqHS19W6pkds45Az2XOlLB72uv4Y7UNZxqI+paDp61Ag1s7cjOGA/5qBara+4VIA2ijxqP+i1NQWU0YhiAwBhLlLHRpri3yMqJGsAbgBUzWOqpyME5ONt0+ple+TYnAVnYKZ2o1BG2dikyluN9S3dl5aqVkTGxtYBhXLWhowFEpmiMl+nlHmnbE0ucNggfRtWIxwV98rhDEKaM+eXY4PAWbu1c6lpGU0YGHDCJUzunqZKiXYAnG/AVLqkuN0BjJMcflGElsXucngkWS2tqqkyzNyG7rcW+kBHlYNLeAq2gojE/AZguG6v42tgh32wMlIufRroq+OIGunFNTkj6jsFW2yhdW1Je/OkHJ259kyZ1TX1YYATvgDsAtFBTso6dsbR5hyQsVsuDoVxZMbLHBEI2gANGMKqfUPqKkMPc4+yZPVOcdLVPt1KIGGWVoc92+/Zc2cucm2pc4JMcccLAxo/9V1xLMH1T2s31vH2UOpqQ86WjjZZbJGxcBbdTyXSuEe5a12/sFP6qujIIm2ymwNLcHCk0zW2KzOqMtFROMjbcBZGV0k8pmlcS5xySVnctzKlLABjScZTxHjc7JzAAc44QKqcDYBFIpDZ5W5DQMqXZ7a6eXxnENaPVRLfTGeQySA6QVdMcGgADGEqTwElknSytaNDT7KzsVvla8VMrQc7tae3uqmgopqyoDGDIG5JWxhi+XiDCcuAwSs9jyHGIGuqxSRguOS7YAd1FtdMZZTUvGcnKj1kj6ys0s3AOloV5BG2mpw0jgbrK5YNMVhZBV9dFRUznycnhed3WqkuFWZ5OOAPRWXUd1dV1DoWHyt22VTFGcjKZWsirJ5ORxacZCK3AT9OykUlN48mkjICe8RQnGWSLfTHImc3bsrNjNRDWpCPQ0N9FLoaZzneI4bdlnk8s0RiSrbSuY4uI5Vu1rY2ajsECBjWDhUHXPUENst7qZsgE0jSQ3PIUSyFKSjHJmOueohcK35CjmPhQjDsHkrN08Zdk4yo9PqlcXkbuOT7q7tlJ4srYgOU6K2mFzc5ZLXpSyurZDO5mwOAvUbZQilibGWjGFW9OWZtHE3DOVqYox2aFy9XqG5tIZBDqWBoxsrKIAYwhwRaQNkdrSFybbcsaGY0EZKNgJjPpCIs7eWTsckkujlUQQHdEHCQHddRJEZ1yIhuREsWxLpOU08J+PQoZPBRwnKaBhJqIqSyAJJJJEQCkkkjINXDjjKR4QyTnlRsh3B9V5d1dcKnqS/xWOif/ALtTOBqCPY7rZdadQCw2aSWPeeYGOId9RWQ6Qt0sNLLWz58eqdreT3K1URyaIJl/SUkNHAIIBhoTpHBw3GwTmjHfKo+oa90DPCid5j9W/C6VccD3gzvUNyM1S5jT5G+UAeqsOkLaZ/8AeZGkZOQss58lbViNmSS7C9P6YonwULBIN0637INCy3aNIAARI2kE5CdpGxRMD0XLlL9jMiHCRxxlOOwQC7flAWjuFXXWsZBTuDjjIKsjwVX1lFHUjDxsrXZGYRzzNISB3UqnodZGRgK7msTQ8OhbsjxUHhgZaNlqhLgIjRwlsYGMYUSukdGwNbtnlWzgGDcKjqZfHmIB2GyaWSLRTSTSmT8LVoGDAwg2+lENO1gG5GSjnDQTwpJ4DSyNe/QoMxc95LinzyanbHhNyBylxTk+Rj4Qw7Kk6muraC3vfqDXOBAV1NKGA5xwvJeuL+641j6KBwDGDT+eV3fGaKd1iaOPr71GJn5HzV9aXFxc6R2FpIYhBTtj2BA3VZZqMN/3iRu4GynTzg87L31NXxrB5p2ObywdXJl2M+yubLSRxxeO5mXnuVSUtOayrY0bgblanSIYmsA7K7XhGnTwzyBrZMgNCBEMDOE6XLnZwnMaTsBwsbZoxgJwM+izlzqpZagse7IHAVvdJ5Iaf+WcE8rMl7nSFzjkoksi7Z4JsQONlc26maG+K4ZPZVtujEjwHjYK6jw0bcLRGPORKY8jJySqe81hb/u8TsHHmU+uqo6Zmtzseg9VmqiYzSl5O5K6FNTmc3yOsdMXGJEnB8xO5Xm/X3UJjeLbTv3AzIQf2Wt6qvbbXSygOw9zS1m/deKVlXNPO+SV+p7zkkr13jtLiKZ8V+sPNOqL09T+59joI3VNQ1gydR5Wwo4BFEGhoGNtlX2a3xwwtl05e7kq2BGMAYC9FXDB8kvsbWGMlYCRhCeNAx6oz2kblDgikqaoaW5HotKxFZM1acngnWm3mN/zUjcZHlCtHgHGUg0wsa0+ij1s/gxeIuZqrMZZ3tDQ5NRKi/VPiyR0UR3OC7Hp6LI9ZVIY2G3McSQMvx/kr0u8eslq2/S1Y26TPq62Sd5zl2y83rdRuWD6R4zR7YJjqSDRCMDkIcow4DT39VaU9PmnDyNsKBLHl+Vyuz0e1RRk+pyMFue/Czcavepj/P2Kz7c6yojxPknm5slHgYVvazmDSTuqhvAVpaCPG052xwmoxUT22E7BB3KfF9S5INR27JR8qmdqvlk2MAhNenxfSmyDCyzllnQgJv1hSodpWFRO4+6kRu0uylyNlbwWgZtnPKBVx6o/spbG+QboLmpHJrlHfHBm6hojk0gLj2gtGQj18emQk8ILeMKzk2RSk0DYMHCk05w8HCB+JEZ2Ri4fa8lxA7xGrlRGHNwUOikGwUxw1DCYpYOlGKnHkztfTkP1Fv7psZAABKs6+EOBPoqoDQ7crTF5OJfT8c2cmjJwQgOjDmYypjzlo2zlRS4tJ2TTFdHBCeDG4EK7t0/jwAE+ZuxVZJHnflPo5TTzg58p2KgqmfxyL3RsDjlN0+6kMcHMDm7jCFq9lDo44yc52VZO4wVDiG5B91aqFVw6nA43WmrhnM19bnVx6JEMTKmENxkEKnq6UwSkNGysqKUwO/wlS6qibVMMjWjJGcrS1lHm9zhLDM3wiNdgYTpY9DnNIwWoGo5QmhPdHI97M7hALSDvspYIe3ccIbm9wkWL9BReQKfFnWBlNIwkDgpcG/Y6L2vJaxPy3KKq+jqfOGFWIBPC0HQompIdpDuQo8kbQMgKQw5ylIMtQNZNTjlFeRgrjmjG4RntIPCFjCqSyIlEiOh8ObxGjvlWdFVh0gicPzUV4yEJjjC7UBlLk8F0zlXPMTRNbn6TlNkYCPVR6Cra9oPJ7j0U0u1AbITpwnvWSoq6PVqIHPG6rTE5pII4WlmYCMYVZU02dw1FGWGY79IptyIUR3wRylNFjDm8LnhlrvspEeC3da67NyOPfTsYKnqXRuDSFYag8A5Cr54PMHNGE+GfQQ09lpqsUeGY5QbJbmcEJzDjK6xwkbshkFpGVsX7QnAYnCWC7sk3DsHKccadgmYyUDcMKO5uM4ClHc4ATHDy4ASbK8lkJwBy1B0d+FLc05OyCW5B2WK2toYRwSDhF2I5QnAg7pNJykBYydLO6ayR0bxhGyHD3QHMyeFaeOSLngs6epDwBtujviBaCN8qmje6Igq1pKuJ0Ydn7j0TY2buGKtTSyMc0sPCJE8Z3RZIw/do4UYtLDwmJtcCc5JzHZCeobJQBxypEcoJV5AcRPiBByMqBNDo3a1WuA7CHLCHAbbqpRLjPBAiqXRuAcrCCVsrc6goE9M7ILRwmRSOgdghHF4GyxJFhUQ6hsM7KG11XSSCelBy3nHcKXT1If5XDOQjmA4BaOUzP6E5w+SfZ7+ysxHMdLuN/VX/AIeMHnKw89E1zvFi8j/buraz9SPhcyguTDngP9k2uz/nMt9OczrRqom43I3KlxHcKLEWvAcw5B7hSouQVoTz0cy3+4fAIUcs3OymDjCWlvoiwxXRF8FLw/dSNAQDEcndTDDyOXAwDcBOAOU8D1VbMl8roorx0/Bch4sREco7+qzrJKm3ymkqmHLTjdb/AE+6gXOzUt0YGztO3dvKF1Y5HV3bVibM6wtlbqA2PdR5qfPbCbU0dd0/UfzGvfTO2DjvhTKeeCsbqiOSOd0qfPBp3Ncx5RVyQY4Z+6izRnHC0EtK2QYA4VfNRvbkAZSZwyaIW47KbSWnZGhnIwMcI0sGDxhR3xn0Sdm00KakHdG2YAhQ6iAtIIThJJCQAdipLHtlAyN0LWAnx0QI5ZYZA4cDkeqlSwR1MPjUwGR9Te6dNBqHlZuosfzFJJraOe3YpfZM5GHIOHAg+6aeNirMGnrI8kAE8qBUUr6Z+N9PYqmnkKufPJoemOvbjYJhHUNNRS8FgOCPcL1q29QW68sZJRztc17cjfcH0IXz+FYWu7Vtpk8aik0P/ZNTeDp06yUHye9TUsdS0tOMKlrbD4mfAbv3VX0n17T3V7aSsAgqA3ku8r/t6FbJjmPbuPKVR1a7Y2rOTzupp5qeYxyMwBwV2GZzCNLz+RW3uVqirI9DYhk91krrYqq1nxYml7e4AVNZHEert0FwaJYXCKYcHtlVJa+kkMFYzD29wOfdXdHPHJGNOx7hHmgp6tnh1MYcRsHdwlTryMhPaULQ04dG5el9B/Fe4WDRRXSM1NEAGgNOHN9wvOZqOSim04LoyfK5OZIBjdY7NPnk7XjfIW6We6tn1vbrnQ3aBtXQTtlheAQ4f5H0UwHK+Xumeq7p03U+NQylzXbOYScEf9V7l0l8QLd1BGynd/Jqg3djzglYp1tcH0HQ+Vq1CW54ZrXtDuUF9NE/dzQfyRg8nkYTwCeEtrjJ1+GVD2S0cmNzGT+iK2VruCFPdHqGHcFQJ6RkZ1RhUp5eCpR4I9bTQVTPCqImyMdsWuGQvI+uPhQ988tZZmDw3+bw/Q+y9dc7BAcmOw7Hf2Rp5Obq9HDVR2yPka4UFRbqh1NUxljmEjcKPG4ggr6Q6w+Hdp6la+dsYinxnUBtleF9TdHXbpmYmphLoHOw17RkfmmI8NrPE3aebaX2g7Xfqu3Py17nN9CeFuLV1YydrRMF5hFLvxyrCmrHwEFu4HITozwc5XSr6PZ6C9A4fBPkf0krS0tY2ojD2nfuPReO2e8DDXNfse3otZaup2xSAAH3901TT7NtWpb7PTqSvcGCOQB7fdV91sFLcXGron+BUAZHbdRaC7Q1LgwnScbbq0bUCPBxn80b6NsLEzOU90fTzfI3CPw5mnGTsHe4VzSVGnDmo9fQUF6iEVVE3UOHEYI/NUEra6wSeBUNdNCD5Hj+n3Wacc9nTo1Di0bKhuTdhJsVeUtSJAAe6w1HWRVEYmheD+fCuqGuk2DzkBYLtPF/ieh0euTWJmlfHqALUCeIPbh/5H0TaSta5uCjuLZG7bFYJ0nXhYpogOOG+DKA4EY3WC6y6I05ulnGZfq0N7r0CaLfYKC+WakeBIzVF+J3osdukUiZSPLbVdTL/u9SCyePYg7HK9c+G/xjq7FVRWm9PMtI/DI3uP0DsFkeq+i4bnGbvZ8MmA1EN/EsKKieKU0de3RIMgagufZpnHozXR+Xs+7aC40lzpY6yikbJHIMggrlRSxVkZilbnPHsvlL4c/FW6dDVTKZz/Ft0pAnhBxkeo+2Svp3p3qWz9S0Mdws9WyaOUZwDu32ISHFpnKtp29Hyv8A2m/7J7K51V1t0HDon+uWjjbs4b5x6L4vqKapoKmSirYXRTROLXNcMEEL9kCWlhD2gj0K+a/7Q/8AZa6d+IMEnUHT8YpLxEHO2bnxWjseMrveP11lKUWzxvm/BVaqDnVHEz4GY70GUYHKNfbDe+irtNYuo6B9NUwuLS13p9+6C0h41N3C9TRq42RPmOo089PN1zXKO5K4kN+F3GFrTyjI00LJHCWT6rgOUkM4ZDTxyi4s90MDhBM44J8p9FsKCqZIAGvHHqvOfEDfdaKx3WF5aM6SOxK4Gu02fuR6jw3kMP45m4icCNyN1Gq6ZswwW5TaecOaCDsVIc4SDGfzXDnBx4Z7KMk1kooHTUk7mYyMlaOgrdYa0ngKuqqQHzDlRIZnU8ulyy2170aKb3SzaU8owHAgqypZ8OBOP1WYt9WHgAn1VvE8DDgVzraD0mm1CaTNbT1TZWDVjK6HmN+oDYqkoqsjAJVr47ZGBc+yvazrVXbuy1gqS5uDunPAcFURTvik1A7d1aQyiRuoBKb28mpNS4IddSCaMhow4bhUmnS4tcNwtQ7nlV9fQNlzLEMO747rXRdh4MGq07f3RM1c7bBXwujkYCCNvZeT9T9PT0UzpImeQende0ujLQAQqa/2VtfTkxAahk49V3dJrHXJZPKeZ8UtZVwvuR4aGlSYmmMhzTupt6s9Rbah5cw6CTj2UKM9l6anVb+T5nrPHuqWya5NRZa4XGB1FVYL2jLT3IVHfbY2mkMkbdIPI902F0sEjZYXFrhvstJE6C70g8XSJMYP3XRrtTXJjlRKcNkkYYZPdGY/w3ZHfsrG8Wk0Z1NYQqdyLtHOtplW8MvKC4GN7c8Ba22XSOUNa1y89hJaBurO3XJkDgH9+yx36bedPxvk5aeSjNnozJGuGWuV1abq6AiGV2WnYFYe3XLxgNJVzDUh2FwtVpVPMWj3+g8ltSlBm6afMJoXc+hVpR1pcNDgdXv3WKoLy+DEbzlq0UU4cxsgPIzsVwrtO4Hr9Lq1fHMWXEtPDUNIc1UVfa/COpo2VlT1ZJAKlSiOeMAtAWPlG3EZ9mUDnQPHlwrOirXDAGM4T6y35JLW8BVul1K8ZH7pUo7g9zr6NlabtnEM5xng+6vYpDt6FYClqg4AY4V3b7o+B4ZI8ujO2/ZYrtPk36bU4WJM1JcJBjH7oL4nwjxot8chBgqopcOY/KlseCMcrFKpwOhCxS6O0t5fA4NLiPvwryjuUkha7IcCs5VU0cvIwfUIVNVVFHII3AuaOCkyhk1K1o3sc8U7NEjQQfVV9x6fL8TW+QxP5wDgFVlJeI3gHJBV5Q3JjwGzvwOyUk8hznvRXQVkrXCivMAczgahkFVFd0o2Gb+J9NVDaadvmxnb7LYVdJTXGAta4OI3BHIVM+mq7ZIHEl7DttymJ4E7f0Lp/wCKkcBNo6yhfEG+UTBuR91sDRfNQNrLHP4lO8ZDO6xtTbLTfISyphYHYPmA3CzlO/rXoWd1RZKySWmccmNxJyP8k6E+MCZ1m9v1m6Y6ytr7D1VbImzEYzIAXs/5X/8AovnX4ifAG8dIxvvHTTH3C3A/zAD5oR2/LlfQtn+JvS/VjW0PVsT7dUt2D2jGT9/0WkbR1tvDpKGV9TSnYahvhb9Hr7dFLdBnJ13i6tbHbZ/3PghpLhhy5JG36sZX1t138EekPiE01NFMbNdWkkyAeSU+jgP81869bfDLq/oCdrbxRCSjJIZWRHMbvYFe28f5iu2OZcM8dr/EWaWeEsx/aMeQPTGO6WgeuFJa2CTnC5JTBw8uwXfr1MbFk4s9K+49EUtaUJzADuEZ48I4xn2QyC/stCtUjNLTt9kaWFpwo8lDC4eh9VY+GXBMczstMb3E59/jq7O0UklDgnSeFGdFICQWq9dFk8cphp2Ebs/dNjqm39xzL/DJ/giiOod0LxXHbZX7rfCQSW/uo5tsIzgJ61CZzbPEXQ5Kch3KRcQ3GVPdRY4CCaN2Tsqla5GOzSWVvlEPxXZ3K54pUn5R/YJfJyHkBRcifjku0wC5nPsjmkcO2UzwHZ+nCsNVPAFOwEYRdsIoiJ/CUaTKcZdJEUDJwE4MJODsjeGfROLR6IsEUGN8MHld0LmfdLV7qspANZHYaEtvVDyfVLJ9VeQJJsckmLoBypkDYwqcmDhExjdMSbJsEBnuuJ43OF0sPICJrBBAd08AbFdwElGRjsBdSSxlMFPLYkk9sZcjR02rfOEecFquUugOEeOF7uylQUbDu5uVOZTtZghqJWJGmvRznyQ4qF7/AKe3upMVGW4JUtkZaBjYIgYOcpqvWMGuvx+e0MiiDRsFJja0Y2TWNDeQiNOM52Qy1SiuTpUeO/sOa3fZdc0RjJHKa4yNwWHCGBLUeVxysl2uTXB16PHpLrka+bGQBlVldLNKwxwnGecK8gsdTN5iDp77KSLdQ0YzO8NPuuVqNU7OMnXq8TJw3SWDFQ2CWqcDLCXK3p+nIKcB00RYAErn1da6BxZTkyub2as7V369XyQiPXpPABxsuZZc0+CQp0tPD5l+jQ11ws9pi1eK3bsDysnceo57m98dNqDXbAkKwpOjqmsc11U7nffK1Vo6GbGA7wM49kiU3M0V6e254UcIwNBY62sIJBwOcrVWzo8gNJhyd+y31D0xBTNDtDQfTCtoKOCANyxp/JVJYOjV4yCe6XZjaHpl8JyIAc+qvqGyQRAOkYM+yt5JY2ABrAEA1IxjCLGDp06dVLCOigpmAaABjsujQwZDeEF05zymGTIyphGpcEgVIGRsuGqkfsd1FDHSO2Uunpy3BcoPr5HtgfKQSMqbT0wjwSESmY2McI2WncBQ0KJ1jQMDCKPpAQxyiDhRGmEUkPAwnoZe31TXT9gEI0Lgeq4ZABnY/mgeI535pCNx3x+6hA4flEaChRRb8KYwNY0EhWwwcceTghG8jB2PtlDfLggNCTYy8jdT/IY/zSEBowiRxaRk8p8TGtamPwByp0QRc0YDR+6FJI0c4CZLKIyoj3ul5OEG/ILeB00xlPhxHbufVNZFjd3K7C1rQNk+aaOFuXFMSMdtiFxndVV1uzI2mJh39QgV911EsgdsqnJecuOVMmG21NYQMyy1MpMji4dlIgpy8gcI1FRiQ5A2CuKG2h+Njt6IxMIucsEe3W98jw1oxnutdaLCGStkqRkdgQpFqtMdO1kskYyB5R/qr2CFxcFU57ejv6HQ/dlkmjhbGA1jcAdlaQNAGfRRoWCNnmGE18s+SIXYWaU93Z6mmvag9XUsjZ78ABNpqGaoAfPwd8J9Db9xPUDU877q0BDMEBZ5M0xiMpqWKAfRuEcnPZc1Z7cJnieyS22aoxSQ/OEQOxsN8oLQXuCkRR4ASZ8DYvAtLiQcIgI05PHqhvnazbGVCkfUTu8MDw4/ulh5JslbFGMM8zj2Ci+JV1TsOAawevdEgo44/MRkqUoDvAMpGjB5PdSmNwuNT2oBc2dSSJAS5GyMJNjshd1lvA5Q2gk8qBduorLZTpuFwia4ctaclQtzhH8mWzXh3t+aHNk8Lzq8fFuDz09ltT5XZ2mn8rf07rIXbqrqW8k+Pc3U7DzHTjQ0qGaesjnET2C5dSWCzxF1zuccEn9LvRYm4/Ge0tldHZqeSqLTgOzpB9+CvPRA5xLpHue47lzjuSpVDbKuumEFHRvnkxsGtyoZp3WT/EsLl8ROs7sSYKhtADvqjG+FnqsVtymNRcrjUVTzz4jyRlbe1/DPqWvLRVU4pI3cuetRbvglahkXG61MzXcsj8g/zKiMkqrre2eLst1PC/WyLfk7KworLermHi22qomx9PlwCvoa1fD/AKUs8YFHameI3h7zq/zWhghbC0MY0ADgBVJYItFns8GsvwX6yuEIqKyOkomuGQ2ScOcfbAWtt/wHtoYP4reJn5A1RwN0D9cnP6L1EMceAiMjcXEEEfkgyPjo4GSofhh0PbmNaLHHORjLpTqJ+5IWhjpaKnAZR0kcEbQA1rQNlNkY1o3KCS31UyNjpoxPkXZDJI4XM9spE4GV9PhHPZ8DlMIDjKE6VoB4z90GWrY1VdVWNkyyM59U5V4OD5PztOii/wBkqpqxw0g7KtfIZHElMDnuOSSV1NUUj5j5DzGo1+dz4G6SeQlpx2RMBI4Cs4u3kETgZUC43GOki1v59Molyr4qOPW87jgLGVlfLWSF7+OwykzmkbqKNz5OV9bLWPLnv2PAVe5pBC7I4udpATmMdqWSUss6dcFWh8TTx6qRHGB5iEooeMhSYgSfsm1okrMHWR47IrY8HhFZHgbogjxw391pjEROeRrYwAnafdOLm4IygOI3Tdoke5wIO4UYk7rpzlcwVajks4ugHKQByibEDZMjANIQHqlgLuMJzGlxVFNjPDJOQi6Q0cIoaGBA1Z/JQFPI173ZAwn4AbldIaNyFHmmBGAqbwGlk5LJggAJrWZOUxmXOyVIaMBTmTD4Q5rQBwmukzthFbu37ofh75wmRiBjIPTl2cIg4T2tbjGE1F0WhLmAupKFnMBLAXUlCDdPuhzvwMBPkkDNvVRiXSH0QTlgOKyDIJdlOeQRjUE7DWtP2UOV+O6zt4HRQqiVrGFxOfQKnqJ3OOMco9bP2BUR243WWyw1QjgCSXFHiaOSENrdxsjsADdlnTyx2BJZKSS0FDEkkkBAqSSSEIS7gpAd084LeELWQZSwCHdcfwuk4ygSk9iULKzxkY5u/KJEzcZCY1mTypcDCMEhDHskpbQsbTgDCKwOJx6J0bRhEYAADhaIYM85ZHjDGqLNKXbYRJpg3YBRc6jlRywSMciGScp4IwljZDJx3QOW0LH7CnhSbdA0A1Mo2B8ueFDDHSPbG3klWhORHRRt3cMbBZNRbmODveJ0qnJWtFv0daX329tmkbrhiwWg8cr2+jjjiGkMAbGMADhZzoWxR2m0xvdGPFlGc+gV3X1go6SQgbuXLtb4PqfjNI6qt0+2VHUt1NTK23wnbI1Y7qLBSmQsgaPM4bn0UemY6WV9VJu5x2WitFE6P/epm4HbKSdZRJtFTxWmi0OILzufcqO9735c/umVVYamYFrSGt2CHNI5zQ0eXPJ9UmUsGiuJxsXiuwAtbaqVsUDA0YAH6qqslA2TEz2bDYZWlY1rWgNbgBLNtcccj2gMbk9ln+oruGFtDE4gndxH+SuLjUspqNz3HGN1hvH+cqX1EnGdkEngOb4OV07mUwjZy/Yeqs+nbZohD3My525JVdTU7q+uGATHGtvQUQhjaA3skzngdp688kikp/DbqcNyot1rHAilifguGXY9FMqaqKjh1yH7D1VPb6aeurTUO+nOd1ksnuN+3pItbLROYHVUgxnYAo1bVav5UbvuUeolENPpbzjAVSA6d4YOSsVhsr4JVup/HqQTu1u5WgazJBHZQ6CBlPE0MG7uSeSprj4bQcLm2s1wjjkBXvc2Pw2nHqidO201lT8xKP5URyfQn0UN7ZKibwxlznkNaPuryumFjszKJjtErjh/qsk2zTEqOpK/5mqMEZ8kewAVOG7J0smXFwJdnckpvitwSdsIY5E2SyDnmZTRkuOSeB6qDC11VNh2SCUypmNTNsMAbAK3o6VtPH2LjuSrlLBSeSRExsTAxoAAS1lxwFxw91cdO2s1BNTIwFgOBlZ7JJdjoovbFRCkoxK4ed+67dKtzMU8bsEjLvsplRK2CHPAaMAKniY6sqjqO7is0nlmiBKtFKXPM72+UbDKi9VXcUzPkopS17hk49FbV9ZFbLeX4HlbgfdefVVW+tldLLu524+yCMRk5egLfMcu3JRowAQhsacDbCKwHZMjwzO+wrGFxAxnKuaWmZBG3A3I3Ki2qm1nxXjO+GhWr2tyGq7J5GRj7HU8Tpn4AyByreBhADcIVvhDI+Oe6nMiDd8JMpYGdIi3SuitdE+rl3AGze5K8fu9zmvFeamX6dwwHsFpuu766prfkYJP5cQw7HcrJxRFzsgJtaMd023hEmip9Q2bwvQOkrNG1oqZI+cLO9N2aapma7Hl916la6JsLWsDcNHYINRZtQCRZUkWwAGwCsqaLfJCFTw7A4U+GLHZcO6zezRAIxo2R2NGAcJrPqCMOFgm+Q0dTk1OVAiTgDlcHKJsQNlZBDhdSSREZ1yIhuREoWxiKMjshjlFQASltGLhGV1JTopPIxJJJNINXMj1SJHCGSc8qmyBUKVzWDLjtyU7IAOVlOvb3/CrFJ4Tj49SfDZvxnujhHcMgssydyqZ+rOsA1pJoaA6fYuHK1TI2RjQxuAOFR9JW00FvbJKP5s3mcT3yrqWTw+3K31Qwa4xGVVQ2liMhIWA6juRLngO8zslaG+Vx3hJx3WDqXGqrdJPJXRojnGSTlguOlKGSpmimDdycn7L1Wii8GENLcLK9I0MXhN0twWjlbADzADgJesnmWELbyGG6S4D2XVzJvIYjwVGycoxI4QzyoEOHCWAUklaIwLwNkJzQOEWTkIchDWlxOMBPrLRR3ur8LEEbsHG6g2mldUziRwy1pz91Hq5H1FWW7nU79lprZTNp6cDTgp64CJbQGMx7KJUP2xlSJnho29FXyPLzyrxkdHgaTuSmOfqIGE9AqJhBEZM8DKZVDMlFC7bMLJnOub4LfQOpo34le3fHOF5XQNkqakk7kndx3Vp1TdZLlcpfPlodhdtdIyODxSPMSve+K0cqK8v2eQ12pdljSLBkYpoy0EKvq5XZICk1DyAo9M1s9Q2NzNQPO67Wdq5MMczltRedO0jmQePKOeCrKV4JOEm4jibGMAAY2CEB7rLbLLOzTHbBI4MOcPKiO0QtyQnRx+qg3mfw4MDZKSyBZJRRRXWvfJIQX7ZxsolP/MeMKNPIZZC47q3tdGdpJBj0C0RjgxOe5lnbafQA7GMKVNI2Juds+i5GBFHnHZV1bOd2grXXHcy7JbYuRGuk3zOloP0lU9bMKWEynZTn5JLiV5r191LLAfl4XZ2IIB4XoPG0/dyeB+pPLLTUytZmOsL2+urZcSZYzyge/qqC10bqyqBccBh1H3UWSaSaQucfqK11moGwUrcjzO8xXr9LUorCPzz5LXS1dztn2yfTsa1gAaR7FFA3z6Lv0j3XYwXRBxG5XSjHCOPKe5g5+AAFY2ilMcZmIALjhRIoHzTBoGw3JVtGA1gb6LPqLdiNWlocnuG1RHchZnqK4kNEEZVxdKmOCEvc45OwHusZcagySsJ3yVwtZf9jPaeI0W6akSS50NnfLHs5wxlZh0XfGcrRXVz2sip2eVmgEj3VQ6Jeauscz6Hp6PjjwWLGBltaSN1US4xu391fyM021gz2VDV4jjJJ2G6CJrujthkwfULs1BVKG75VpfHGSoJA2VbjBCv2eB12XYw7fo/JSbbKWTgeqjM3bj2RaRwjlDspiMUHiRoDuMpjfqXWO1sDh3XGjzKpPB2qHwibTnyp0rcgYTaY7DKO8ZHCyzWTpQlkjjlEHCZ+JPbsly4NUXh5LejeXwN1HfhEkblvKiUT8AD0U5Lwb63uiUt2gxFqYN1VxEgYK0dXDraRjOyoHDS9w91Zivr+7Iw7lOXcFMUM23aTKVxZI052VvFiQA7bqhjdhwPorWjdnYnCJrLNlUsLA+rg1jCz9TGWTEcY7rUujLm7BU1wpiDkNWitrArVU7obiFEA4YPKBKzfICI0EOCfM3YYC0HGuhuRFznkKNMCDspLhg4Q5cHsoYJxa6LW01fiU+k7luym4J4Cz9vndBNn8J5C0cUjZWAgdk2CyaqLZNbZDQMnAQalnlGylR8BOIbnBCfHsKyO9NFOA7WGgbq1oXlrPDfuFAfGYqouIwPupsbg0ZG+Vqgso8ZrYzrtaZGuNvbh07FRuZg8LWNkBGHNyFWXO3BrvHgbsdyAl2Iuu7CwynTyMrjgW7OCcBk4SMDoy9gHtHI2QdO6nSR+XYKFIDGeOUtxHRnkTCWODmncK0oKoyv8N5GcbKqBynQSOik8QHhEjTVY63k0BZnuuaPdNp6hlQzU079wjYKI69c98cgJYh2Ciyt0nYcqw0n0QpYdXZUi7I/ognHdMMDXdkWWPJCawYJ34SpMVFYGslNK4aRsVb0lSJmgZGVVPj19sp1GXQzBx4HbKFcmiqbiy7c3KC+IOBHCKyVsgyE8s25UwbMb0VFRTBhyAog1NdgBXUkYcOOVAmg0HOFcJuJg1Gn3IGAHt3UeeMtOWou+ccIvhh7duVpjNSOTZRtQKlnLdnBSCQ8DbChSxEHU3ZOpasAiOXbHBWzT6jH2TOfZBokFxjl0KQDqAIQ5I9Xm7prH76fRbVIUSsBMLcpNyRkohBI2RdlEZzBgn2UYtOcdlMceUDRk8IJw3FkWWHbICjEYVkW+qjzQgbhv7rHZVjobGWCMCc4TxjG6YRhcyVmksBYHOYE2GQwPyeCnrkgDm7IE2nwWn6fRa0lXHI0AHJR5YRIBhZ0GWF2phwO6tbbcoZXiNzt8d1pqtjLiQuyvjch00T4yMBOjfuAVPkibKzYKvnppIzrG4HICdKHtdGdNSWCew+XIKdq1bEKDBUNGA7IKmNe14UixUojjE0tyVAqqf02yp+CDuU1zQ5XLkkZtFbG98Lxlv7q1pK2J4DXnBUSWAE7N/dRgySJwIVcph/kXkkQdhzRkJktDFVR6JGgOPBQbZcHF3hSjZW0lOQQWjP5pq+4RLMW0V1svNVY6ltJW5dTnYH0W4oZ6arYJaaUPHt2WPqYYquIxSsB9D6Ktpqmv6eqxLC97os+ZudiE2M3W+ehU6FeuPyPUo4y7ZEMf5KpsfUVHdWhjH6X4yWlXbTkrYmn0ca5ShJxksDNBH5oZjwpoA0oRY3fZF0BGeCHpxwE5SfAB30/um+B7KZC+QjgHKeAnacdk4Y4CsFvPLI9TBHUxmOaNr2ns4ZCyF06dntUn8QteS3PnYOMfZbjRnumujzsRkJU6U+R9V8qv8GFornHUu8ORvhyeh7qc6NrhhSrz0yyqkNTRERSc47ZWfbV11qqBFcGENOwceFnknHs3wmrVwSaq3t5aMqqqYPCOC3BWmEkNVG2SIgg8qPVUUcrd25KBxyhkbHF4Zlnxg9sobHuidjGVZ1VHJC7duygSRg7LPKv0alamGjnacZ5TpoPFbsM5UJ7C0ggqRFPgDIS0uQnzyDFNLAc4U+nqIZ2+BUNB7AlLWJW4IUeSlkDg9gyPRXjAClgVba2hpkpznHIVfpxsrilnLfK5KqpIqhuqNoa8eg5VJhwsaf3MpWvfG4Oa4hw4I7LZ9M/EOrtzWU90BmiG2ochZOWnkidiRqFp91DXXe4PMT6Atd3prnTsqKOQPY4Z2OSFInxKPM3PsV4RaLzcbNKJaGpez1bnyn8l6r011tbrxTsbUzNgqAMOaTyVE8M6+n1kWsTB3TphxkdVW52gncs7Z9lVMqXRnwakaJGnBz3W+IDyAOVW3WxU1zZiRjQ8cOAwUbxg3KWeUZw6ZW74IVfWW8Rkzwt2PITpXXGz1Jpq2EyRD6Xj0VrHIyRgIbkFJnHJprtwUMUuHDVsVZU9Y+NzZopXMeNw9pwU6qoYZQSG4J9FVup5oJPI449ysdtR0qNU4cnsXR/xWnj001+c+ZuwEvJ/NesWm7W26xCWhqWyAjOAdx+S+U6Cq0OGsBa+y3mvtcgnoah8ZO+A44WWdGT2Xi/NRlFRmfRbmAcIEkOvCyvSvxFt11Y2mupNNO0AayfK5bVjQckDICyOvaz1ddtd0U4Mrpbcxw83KrZ4XwSFrxt2K0UjBnjCjy0rKhpY8fYpe7a+QpQRQHcFVNztFFdInQV0LZIyDyM4K0FVb5afzDzN9lAe0nunJ5MV1CsW2XR4d1v8Kai2slulolbJDku8LG7V568PixqG6+sTG07uwfyWB61+G9LfBJU0GmKc5cAe5RZPKeV8JH/AHKDxKnnexwcwlv2Kv6S4k4IIyqq5WWts0xp62MteD6KLG9zTnJ2TYSPKYsrf3I39svtTGQ7XnHutpaOpmTMYZXZ9RlePUlxMflO6uKa5OYQ6J5B52WqMk1g106nb2e6U9RHNE2SIggqV40E0fg1bGvbxuMrzKx9TzM0gyjHcErY0N1hrB5Th43IJ5+yKUEdSjVRmNutiqbY75+yNL4ScvjzwpNnvMFa0NHkk4LTyCp1PVEDSf0VddunY61zq+2vMFU0ZGnglZZx/R1KbeeTR01S5isYasOwNivPrfe7hb520d9jLGnYTds+61lPLHIwSQSte092nKxWUtej0Gj1KmsJl8wNlGdv1Uaph1jQ5oIPYoVJUkdlNdKyVoGMELLKB0VPJQTGqs5NTDmSEnzR84ygXey2PrG3h0bGxVPLHM2eD6K+lh1NLXNyCNws9W26eikdWW3+97MxskT06kW1k81udtufTtWaa5xOEROGSEc/mtD0b8QLz0fWNq7VU6o+XRl2xWoZdaa+QPtF9pWB7xj+YOfssX1D0LW2Vhq7UHTU2cnHLR/0WKelw8iLaz6t6I+JVm60tkdRHM2Gq0gSRE76u60kmJMFfClov9xsdcytpJ5IpYzw04K+kfhr8ZLdfqWGiuczY6sDTufr/wDVLUXE5dtfOTvxq+AvS/xWoXCeFlNXY8tQxuHA9t18C/ET4b9X/B/qF9uvdJJ8sHkQVOnDZB2+y/UoSR1EYkieHAjOyzHWvRdn62s01kvlKJqeYEYIzhbtHd8T5PN+W8NVrlu6l+z8xKQUdwY40vlkbuWn/RCkhdG7S4EL0742f2er38Ma2W72OKaW0N0iKVuzmDfGodgvMqe8CsZ4NwZv2kaN8+69JpdVGzo+X6/xtuintsX/AFBkY7pmrOQpstEHM8SCQPbjOyhEYJB5C6CkpIwKOOwe+ckp1NL8vJrB++F0jIwhBuCT6LNfUmiV2SrluRtLLdnui8MnUBwfRaKnm8QDK8xoq2Wkma6M49R6raWm6iZpHOMLz2r03OUe48T5GNsVGTNG4Bzck5VXWU/8wyNGylQ1eoYwnOw/8lyJRaZ6Hhog0tc6B4B7LQUNw8UAErN19G7+/gG45CVFcWwuDZAQR6rPbXuRr0uqdclFm5gqNOCCCrajrdRAyFlaGpbKwOY7I+6sqep0EHdc2+nk9FTqF6NHJJqALVJoK5rB4b+VU0tUHt0kKQDpcCsNkMnRpuy8l+x4e0Fp2Tn+pUCiqdOG4yppJkwQlr7GbcqSKqvpHAmWIZA3IUKKQOIbhaHww4YIzlUddRS0cxkaMsJ7LVC1s5WpqlF7kih6k6ahuNO6WJgLsbjC8mu1pmtk7ssOkFe9UMscxLCcH3Wb6r6VZUtfLHHuRuB3912dDr3U1XYea8t4iGqg51r7jyCCfV5cbKXT1EtFIJWbg8g90K4W2a11RbIw6c7FEY6OZgC9NXeeAv084y2TWGjTAU92owHtB1NyD3CyF2tMtFIXAZaVcW6qfSO8Inyk5HsrmaGC4QFrsHIW2Fv7MGp0zsWGeea9O2OV1r9w7CsLvaJaOQua0lqrk9PPBw7qtktpa0NylhIDTgFae3XEyAb5wFh9wQQeFMoa+aGQOY7jkHgrPfp1LlHQ0Gvlp5KMmeiQVBeACFd2q4yRt8F7iR29lg6C85cMjntlX8NW1wDgcrianRNrDPd+P8im1ODN7SVPiAEEFWcNRxuFg6O5SxOwCd+VorfWmYA5XAv0rg8HsdD5Cu94fBow5kgAcBuo1RbY3s1ack8Iccodg5OR2UuGoBaMrnNYeDtKdcuJFHLTzUkn07I9FVid5iIwQM/dW89OKgcAqmrbbJA75inzkHcBKazwwJLa8xLyhqDC/UDgFXUFW1+NwsRS3QtIjnBHuFb0taXYcNx2WeyrcaaNSlwapsocMjCbJEyUYdwqmnr8fUVYwVMUoAzglZZV46OhG9ME6N8DtVO3nndSqKtnB853CRiOkkcKM6Twjgj9Ut1j1YaOhvUlO8Occt9lpKe52+4NG7Wu9HcLzyGcEahlHhqXhwAylzgPjho2lfZ5Dipt8Q1DcgcEKGyYSg0tXEWOA3Dv9FFtnUtVS4a5xe0evZXZrLZd2AShrX+vBQpFYyZa79EUl0aXRNaHdtt1U0d6656AkEdHUCSnHNO7ONPtlbp9BV0vnp5PEZ233Qnvpqxpgr4A7/mG4TFLHIudOeQvT3xK6N6o00tfm2XEfUTs0n7rV1FI2rpHQTxQV1JKME4Dsj/JeVXv4f0NaDPRYa/kEbOCq6Dqrq7oqUROdJPTN20PyQAtdVv6Ms6s8YJvWv8AZw6TvxkrulZDaat25iA/lE/8vb8l4H1V8P8ArLoiZzL1aJPABw2oi88bvscL606a+I/TXUuIZaltNVDkOGnJWpkoqatgdDURQ1UEg3DgCHD3Xb0nl50La+Tka7wtOpe+tbX/AGPz8bUQSHBaAfXCYGAu2X1j1p/Zn6S6k8Sr6cP8IrXb6GjMLj9uy8E6y+DfX/Qj3vudrE1Gz/4indrGPXGF6HS+Whb2eY1XirtPLMo5RihFjtnKE9hO2EXx424D3YRGmN4BY8HK7Nep3rKObOiDILoj2aU0xPAyQrHDWbAcroaxw+lMV+WKemyVhaRywproyRwQrPw29lwRNH4U+FgmWlbKcxDJBCB4QydleGmiO5Z+6XysXZgT1cZJ6OL7KP5XO/hrny4G+n91eGnaBs0FANOBy3lOjY/Zms0Cf4lSacenCF4Qzwrk0oP4RgoRpW+gRxsyYbfGtPJVhjWfgH6LhlAGNA/RWTqePfjHookkcIGByj+RezLLSSr4IuGuzkAIMuGtyTynVDyDhoxhQ3mZ587kSlk5moWHhHC7ckFDJcd00ZzgorWgjJCN8mB9iSSSRADxyiDGBshIgOEyC5BY5OTMhPyE9JIrsKDlcODtqC4QMcoO+VWUDhskLuChta7Hqi+E55G+FMhxrlLpBE+MgkcJ8VGTz/mp8NviwDpwlO1ZNdWhnY+SPDEcg4U2GncUaOkDceUYClxxgAbKStTOpR41R5YKKINA2UjQdtuEaGB0mwapcdvmJGQAEr5kuzq16CX9KIAaG8hGihc45IVpFb2af5jdwjQ0rQfK0D80MtRFezoUeLsf5Fe2jcRwixUTc+ZqsC1se2nld2ecgYWO+9y6OtToIQ7IjaBjyM7BTmRUdM0OfgHCcKeR2NA/dd+QhlH88ZI91klM3xp24cUZ289U1zA+ktFLI7+pzBlZmKw9X9QPBrC+FjuS842Xp1LRU8Lv5UYGfZWTIcAZGyU+QZ6KWplm5vH6R53bPhlHG7/fC1+e61Vu6Po6VrWiOPA9G7rRCONgyWjCbJWQsbh2BjhJ49mmrQU1POCKy10UAHkBIRxUQwAAEDHGFFkqtZ24QHHVugwl0a0kuia+sLvcKM+pc7IQdfYBMwSVMlhHTuccFcGU0Bd1EdkQYiDkIrIjt7pRML3AYU9kbGgKhq5BxQDbZTGRNbjbddja0DbsmPeG8vwoPi0g445SBOeVG+bgGxk3RGzMecMOVY5Mkg90/wAXbGEFu6IxhJGBlD0OrbbFqcTwniNx3wnMYOUVowNgqHroY2LglGZGNsJZHoug57KFjwA3GAnblcbuiNAwoGlkbHHqO6IG49kmjAJ9EwyjCvP7HLCHmQjlyjyz6u4KHPIRsFFyfUoZPHAqbHSvc9wyU+PcccIOVCqrs2B2hh3UXHJjutcCfU1kVNGXPP5KiuFykqhojJAPJUaaSSokMj35HYJgI4xwm54Obba5A2txnfOUamgmqZhFEzIPJ9E+KnfL9IWmtVtbBC1rR5nDJKJBUUObBUlubG0MaPYn1K1VooPlYgSwAu343TrVQRtd4kjQT2VoxvmznCqck1g9BotFGD3SHwxl5AAAA5VhE0MwRsQmU9OXAADCnQU5ZhxCyTkd/T6dR5QOOOeVwB4U+CkYwAhmCnQtDAdsJxlDeN0ls6UYYCjDRgBN15QfGTWuJKFvBEiSJc9l0Hugg910Sg+XCU1yOXRJdOIx6oD55ZNmnAXQ0uPqitjaO6TOORgNge45dupOjygZxhJrGjhODUPxlbvQmu9kbBTWR4O3dEfLHGBrIB91JRwU5xj2canAgAkbrMXv4idNWQObLVeNMDjw49yvPbz8XrzWvdDZKMU0Z/E9m/5FCZbdZXWewVNdR0p11tVHTxjlzysVe/ivZ7e9zLfrrNJwDGM5XlVZJeb7/NuNTJMXb4c7hSrb09M5gZTxB7zw0DlQwy1c7HiBdXP4g9UX9r4vF+UpXbtZHs7HuVTRUr5Xa53udk5y45yVubH8K79XNbLUtjpo3Dh27h+S9Asnwys1uY11Q0zvH9e4ChcYWz5mzxmhsdzucwp7bRyTyf0tHC3Fn+EVzqIGyXKWOAu5aPM5v+S9Xgo4aZjYoY2ta3YYGFJja4DKpvBohpzG2n4YdL0MYFVRGqk/EZXZH5BaqnoKKihZDR00cLGjADW4UnRvkhKSWCIZlkDf3QuaQ+NOGNLRwQk2LHDUN12oohhsZlPrhR/4rUyOzF5Ah+RDFWWTIWgZecBIyU0W/iZ9lU+JM92p8hJPuuEE8lVKeSbE+y0+dhGzBuo01wqT5WPAH2UZoTtOQN0qVm0NQS6O+NM7d78pa3HuuluBnC5pP9JQO7AWD5K3G5IUaqqmlmkEKPPWahgHlQ3FziTkr7NCHJ+O/M/UcKU66HyOklc5x35QsD0TsFcTXFej59fqJ6iW+x5ZzAXUlwnCDIpHScKtud0jootbtyeAldLpFRR6nHJPAysjU1MtTKZJHZB4Hos9lnpGmmjPI2sqJqqUySOODwFCe4MGD3R3yhoIAUMuc922yxyluN9cNg6Nmo5xsVKij4KbBEfVS4oycYGEVcG+S5zwdijKkRRgHdOZGMZRmMxsO61wgIlPA5owFx249F0nIUaWbJAwnxiKb3HXE7oW+U8bpYCYQWPVLAXUlWSHMBdBwcouFwAuOAEzORjlg4TrwAEVoaxoeRv911rQ1uohBc4yHAUFt7h75C86WjhMOB3RGNDW5IwotXMwbN7IZS2hwjuFLMMbYUQOc8gpEOkcpUMWQPLulp7mMbUENjaR2UhrcgFJrW+ietEYpITKWRiSSSIoSanJqg4SSSShBJO8o3SHKDWzt0+E0790EpYKAyya3jBXW/SmsYTgkLkrw0fdZrGHFegc7i3OCqurqN9I3UiqqBwqqR2o5WWyw3V1jZHFxyV2NCwchGjHAIWb8uzQ1ge1oAG26YioSotj0kkkZQ5JJJQJvAl0A5SHKJsQNlAZS2iASJGOUjwhOJ33VSltAGPOFHYC52USXlca0FyVncE/2FijycqZGwAcoULM8o5HoUaWAJSyPHKcXNDeVwHDVHncM4BVylgTjczkztZ5TWMyh6cknlFG3KFSyG1hDth3QnEuOAuPBJG6kUEXiTg9ghsksYNOmqd01DBIpITA3xpOSMNHda/oGwvuVzFxnjJhgyMkcn0Wego5rjWw0NOw6pDuewHqvbbBaIrNbYqNgGQAXEdyufe8M9/4Px0rLVx9kSxjIjjDWtADRjCzdwqpayoLHO/ltOMBW10rRBCWM3e/I27KpooC52p3Kw2vJ7hPHCJtqpY3yB0jfK3cBTa6uD/92gOAOcITXNijAaECmjzUGQ8ZQ5HQ5JEUeluXjBIXaRrZZw1w2yuz5ePL9lb2q3taGylmfcrPYb6o5LejjbFC0NGMKQZAweZMbgDYYwoV3qjFTEjbCE1Se1FF1Nc3VEvykTtuNlVv/lsbBH9TkgXSTOqJNznZWdloRUTmolbnGdKRYBGDsZbWS2/LQjXu52CVo4yI2DUfZRKSENxkbDcoVbUhxLIySAstrydWmCjFIj1spq6rS0eUeUBW9HTtpqcDhx3UC20ZL/mJht2Cm1FQ1pwFllLJpggFZUh50NOUW00z5ptfAaoBjc9+GgnJWrttI6mpgHgE87LHqJpcGyqGQkNPpO4Q6mXzOYBs1HfNp2AUYRGaYRj8S505ezRjBY9O0DXyvuMuNEX059fVU3UdydWVzjnU1u35rQ3WpjtNqFHEQHubusTK4ySZ5SYvLJOW1A3HKr62d+fBY7GecI1bVeCNDT5iotuimqajxAMgcn1TOEhG/LJ1ppM5qJm8HDQVZucG4ATGNDG6RsAk1jnHIPdZrJZZprWSXSQ/NSiMd1t6CnZSUrIQMaRuquxW6KCJtQ9mSeMqfcqn5aLWslj3cGhQINbVOmlLNXlG2FYWqlEUJmePM7j2CqLbSuuFV6NByVK6junyMIpoCNWNxlKcsDF0UfUd2dV1DqeN2GMOMepVRFHk5K4Q6aQvdy4qU2Ixs3G6OM8ASyMwG4GEenh1nhCB1HGFcW+kdpDnNwrkwYPLJdLGIoQQMYCkU0Rml1EeUblN0HAbvhWlNCGRt2ASpPLNUUsBmANAAGMKr6nvjbNbnacGabLGD/VWryI2l7tgF5b1Re3Xm4mRmRDENDB/qpEXbYl9pUSeJLKZJCXOcSSSVZ2ygNRIIw3soUMRefpzjdbbpayTt/3qVoAPAKY7MIyKOWaDp22imgYS3zFa23xEAOI+ygUFLw0N2CvaaPSAcbDYLlau5sZGJJgaANgpkbdtggRgjspkf0rlym+xiEnpJJRQ5JJJQh0cog4QwO6IOFaIdSSSRAyeBJJJKADkkkkAAl3BSHK7jJ5Qylgh1BPCN+aCeEBTBknOFxdPK5lGENncWj2PK8ruFTL1V1Y+Ak/K25wBb2c4Lb9a3f8AhtklfGdMsh0NP3WU6MoJIqc1s+8ko8x9StlMMj4I0Xla0YGkDsq+sqg0ZOApkzvflZm+VYDHRtO4XRrhgeyivVc+Rkzw7fhV1jpfmp/EcC4jlRblO+R/gBx5yfdarpGgA8PLdyQStb/04Ni/yZurJQto6Jg04c8airAcLjNmhoHATm7YXMunueQmsI6M/kn5GlIDbKHlZwxpJzhOTcFOUIJJJJWiMa8ZGfRZ3qa4yU0LIY9hIcE98LQTP0DfhYK71TrldDpOY4jgDsn1otEmyRmeq1OGdO+61ZwGADYKBaKFtPTtJaNTvMSpVS4YAT1wg49gKiU5wEBoI3K64ZOSV0vaG4CKK5GuW1HNW+McrIdcXd1BRup43Ykl8rT6eq1MtR4eXEbBeOdZ3h1xuryDlkeWgdl6Hw+iVtinL0cjyOshVW0yqponVVTlxzvlxV3HiNulvAUK0U2iAyO5d29lLleGDAC9zCOw8i5b3kbUzb4wrWwUQ0Oq5Gg5OGZVG1pqJ2sxyVs4Y2wQMiAwGgBLvs42o2aSvMtwKcnUAOF2PI3KT9zsixNA5Cx5Om5behOmbCwkgDZY+7V0tTMW6/KCr6/VTIofD1YdhZTOrzeqbWsmHUTzwNZFqwtRRQ6WNyOyrrZQtcRK/fHAV0zDVpSyZ1xyxk7y1u3oqh7i5xJKl19UHu8OM8bEqvnk8GF0v9K6eiq3yOZ5LWOuDS9FF1ReW22jeBIGkNyd14ZdrlJca2Woe7LeAtH8QupHV1U+iifwfNgrHRxGaVkI2zsvXaHS7eT4D9V+bnrLXXB/Yv8A1Lfp+3MqZPmJWZDT5QeMrXRxBrcAAKHa6RtNTsaBwFNmkAaANl3qY7UfOr7My4AnU+YMaMjuVKcBGwNA2XKaIBusjnhGhjM0wHKfJ4WRdcXZJJEqkhHh+JsM8ptS7SwlFI0NwOyrLpU/y/D4JXI1l2D0+h0kpYiimvdZnuCB7qgto+duJ8TcR4IHqm364tiywE5CL0pGZpjKR9QXnNXqMrae88Lpfu2/ol14Mk5B/CMAKAY/5gaOcqzqW5nd91Xxj/fy3OwxhcuUsdnsoQ28E6taW0rWD0WfvDdFMQ7bZaWsc0lrPQbrLdTyhsEmPRRSwiap7amYO4kZ9d1XFoU2tB3z65UVrdSpWcnhdVXueRNzuAuAujI2RmNw3dNcxpIyE9dHJnHa8ov6JwNOwkjhPafNwoNBLhgjU0gjlRrJ1dJLdAlR5BAUs7sChwKdBuEmawdapZIj2nVwnDbJRJWaTxlMzhZZrLNsVgNST6ZtPbhXA33Co4vK/Ur2D6B9lRoreeBj2ahuqGohMUzmn1ytH+Sp7tTvdIXgbFTou+H28EF4DmnCiYwSpMP16D3XHxEHZQ52G+xrDgqfRvLXgBV4GFJjODwoOqeGX8eHMB5UStgDmHZEt8ocNJUmWLIxhEpNG/arYbTK1Mfhv+nCaAHhWVygHIaqpp0OwVpqnns4l9PxvAGZhBwhub2KmyNBA2QDynZOfZWiKG4yQrm0VIli8M/U1VxjJC7ROdBPracY590yMsCVFwkmaEA8omcNymRSNkAIG6IN0+PIz5PZHlhbIcubuPdCjHYHZTywFp25UUxlhOy21nn/AClW77xR+UqQGiRmM4yhNBKLH5DyinHccCTx0UlwoXxSkFm3Oe2FD0aSCtZURCph8PG6zVdTmllMWEiUMGmqzIPbGMqNPGBuijbklJ7dQ5S9mUa4vBALSDwmO4ypT2EZ2QCDlJb2M1RkmiRb6nwqjBOAdlomhj2BwOxWTAx3Vvaq1+rwJDkdiopKRu09yX2MtNHsuOjy3GEYtCWkcIsHTjyV8sW+QFHLVZSMB7KG+EtPCXjJJ1pAmgd02RuBkBEAwujBQ44JFYHUlS6Nuhys45tbRgBUzm43Cl0U4GxVp44Y+qzLwTi0lR6mMEZwpjC17eOE18YPuhZpnBSRTPiLTwlESNirGaEEYwoJhLXFVGe1nPt0+TkkQcM4/dV9RTv+tg47KzxhMdGQdwtUZblk5V+leeCNb6wyfyZHbjjKkyxgHW04+yg1VIQ4zQDfuApVHVsqIwx2zwMELbRe87JnLsraZMgIkjz3RB/SdlFjL4ZNt2+inECoYA0YPZb8ARinwBdB3DUNsO+4wpEEuHeHKNwcBFkj1btCpjFAhOgAGQo0jdWx7KfuTjCZJACOEqSyG4NFTJFp3AUeQFWUsJyocrNPZZrYfoHDALoOSkR6JYKz7eSh+lrmnKhvjfGfEjGDnspLk7bSR3Spw/QUXjgnWq6iQCGY4cNt1bDDwRgLJOjIJLRj3VpbLofLTVJ9g5aqL8R2zYq2mPMokupgJOtrUyKocwhrmq0DBI3cbEKFU0JOS0Y/NPkkllGXrhhY52vAGRunFh5Crg10ThsptPUgYDhwpH7uypLA/wC4TJIWuCklglblowhBsjDh7ETjkD5MMhFjonZaNJVxarm06aapePYqBIxruUB9K1u8YwfurT2sJpTWDT1FMG/zYhkHfAUYGGdvhvYD6gqPZ7sQ0U1ScgbAq1mga4eJG0euR3TYyU1hGWzdXLgz00NRaKkVVK4hmc7dlrunuqPmSI6lwydlVyxBzSx7cgqoqaGe3v8AmKckt7gdkcZuDKnCGphiXZ61E5rm5acgpwGO6wfTXVr24p5wXY2C3NJUxVLGyxOBB/ZaYWRn0cm3TTqltYYM9ktGeykMaMbjldDWnsnqOTI5YIj4NuFFMJBVo9ueULwwpgnyEVu3ISLQUSWEkYAUcxzRnynZDgtSyJ0YHChV1spq+MxTxNdt3CntOdid0UxnGQEuUFMbCyUPxPPam01/Ts3ixEzUznYwNy37o1JcoKs6WHS70K2s9D47HNcMtIxhZG99My0pNbQHzNOXNAS3VsN0b42fl2PfTtnA1AY5VTcrSGHVA37olJc5WvEVQNB9SreKVsrQTvnukuCNEZ7GY2WEsdocNwgEYIK19daYqxuYsNcO/wD1WcqqSeldiVm3qOFlnW88Guu6M0CZIWYBClxva8YcoJISbL5sY4Q/j2NlH2ibJEweeNNime12MJRvyMHuieG0jKguT2kjRFUM8wBPZVlTRSxOzo27KSJHREYUqKpZIBrCjRcZ4KXTvgpheYCHRuLT2IPCtqm3hzjJT4AdyFUSxuicWvGCkyTQ6NqbyjcdMfEaajDKG6jXHs0Sj6s/delUlbTV9O2ellD2kb+oXz61uRuP1VhZ+orrZZg6lqX+GT5oy7Yq1LPZ1Kda1xI9tqqaGqaWTRtc0+oWbrrJV213zVuY6WLPnjznA9lJ6b6vob40QOPhVDRu122fstDnkZ+6PGejoQ1MZcox8NVHUtGnY8Fp5BSnpWyN9MKwuvTQqZXVlvk8GfnH4SVVw101O801ygMUrTg+h9wqlVuN9N8emRJad8Ltmo1DcJ6R2HEvZ6Eqe9rJm5AB2VdUU5a4bLPKs3QscOYmnpJ2VcYfE/nf3C2/S3xFvNgYykqtNVSN20EbtHsvIIaiancHROLSPQq/ob7BNiOoyx3GexWK2rk7vj/Ky08stn0xabtRXukjrKGQOa4btzu0+hU0wEDK+frXdLha3ipttW6M84a7Y/kvVOlPiNQ3fRQXIfLVeMNLneWQ+3usdlL9HuNN5KFrUZcM1fhhzS1w2VTcbdjzQs+6vWESAlvCC8fhSeYnTlFS5RlXxOZs4YUWRmMgHlamahjmBJG5VPUUEsbvpwiUjJZXkx/UfS9BfqR8FTA0OO7ZGgagfuvFuoui7jY6mRgjL4uWuA7L6Kkj2OyrLhaoLhTugqYwQeD3CbGWDia/xNWpTxwfMxc6N4GN1NpatzTvutv1n8PZbew11viD2fiDRvhefFj4pNL2kfdPjI8PqtJZpJ7ZF/R1uDu7BWhtN8lpTkzYHbfhYaKVzdwSp9PVg4DlqTbRVNjiewWXqKOqxFJIMkbFX1PcnQyA9u68gt1wdHpLDgha+1X3xC2Gd2knhxPKWdSnVNdnoNRR0N5pXRSMaS4bH0Kzwpbj0rJmmYZ4Cd253wn0tbJGQ5jiB7FXsFTDWRZy0k7FrkDi5HYo1CfK7GWi/wBFcToY4xyjlj9irmOdzHAHcLJXPplkzvmKRxhkG4LThDt/UNbbZm0V5a50J2ZKex+6x21cnoKNQuNzN/A5tQ08EoT4GnII5VZS1cUzRJSVGfs5W0E4qBh3lkHI9UmUcdnShYpdFFe+nYLhDrZlsjN2kcqot/UVXaXOtl9Z4lOfIx5H+a2c3kx7qoutrprlH4dRGD6HuCkTrRJLKKHqDoagv0Dau0PjikcMgjg+xXnFdTXvpO45np5GiIgiVnBW5bWXfpOpMRcZKNx9M4CuTJaOqKF0LnNmjeMuA+ppWd0psxWQTeF2WPwv+NDzLFS3KcOyA3c8r3u1Xy2XuPVSyDWBktJXxl1D0BcLJKLj0/Lra3LtGd1pvh98ZDbHx090EtPPGdJLtgcIJV46MFjj1Lg+ob/0/R3ekfTVMeuN3LV8R/Hv+zLcum5p+qOkaV8tJM4vfTsH92e5Hsvsnpvriku0LXPlYcjkHKvbhb6G7UjoZo2Pilbg5GcoqJSpllM5PkPHVa6p1z/7+0fkpDV1NJKYnao3tOlzXbEH3VkyWmq2DxGhrj+IbL6p+P8A/ZjlrX1PUXSVP/MHnMLW88r5KqaSotlVJRV0LoZYnFrmuGMFdzT6uLWD5j5Twuo0D3NZj+w0sT4icjI5z2UbxM7YUqCqdH5XjXGeWlFqaKF8fzFKctO5HcLd8imjiKvPRXkDnuFOtlZNFM1zH4HcKAY8HBOE5p0Ozn8ljtrjND6LZUTUom6oLh4uDtureN4c0HI3WCt1eWOaCT3Wnt9dr07rh6nT4Z7nx+r+eOS40kqsuNG6J+trdjuraN7XNC69jJBhwBC5zhyddPdyirtddJTyhhdsTggrT01QHkHKyFfRy00vis3ZnIU6gu8WoNfkHjfus9te436PUOtbZs2dLVFpAGFaRS+I0ZIWZp6gZG+Va0tUNsrmXV4O7RqPZdQzmNwV1S1AewAkLNRyhym01WWELHKGDp1X7i+0Ab5QqqJtRC5hxwhsqDKwJzXmN2+4KGDcWNtW+PBmKkz26fDgeeexVzb54blDoe4A4/RSKumgroTG9nPBxuFmA6e11hDSQGnB9wtEZ7uTlyfwyy+iL1d0iyoY9zY9+dh+68orrfUWqoLXNOnK+iqeWC5Uwa5wLsfmFjOrekmVDHuZGM+y62j1ri8WM4vlfFR1C+Wn8jyyKVszBg+YKVRV0lPIGud98qJXW+ptdQQWkAH0XBJ4jQSMFegp1UZr7TxF2knGTjJco1M9JDcKbs7IWMu1pkopSQ3yeqvbZcZKZwZI7LTsrytoIa+mL2gOBGT7LbDUY7OZqfHxvWH+Z5vkHldYMKfdLVLRSkgEtKr2uDeVvhYpnmr6JUT2zXJJiqnwvaRutHbbrkNDiDlZUjVwV1szoSBrICq2r5Bml1c9NPcmekU9UXgObv7qypa+WF4Dd/bKwlovuQKfxQT7rSU9RqaHO7riajRtTw0e60HklbHdFm4t9zdKzLuVb0tQJMbhefQVksbgGuwFoLdc9m6jvgrg6zQ4++CPaaDycbcQmbKGojbgPPKktEThkEb+qz8NY2QAgHUPVTaetLCMrlWUtdndjanwxtws2tzpYABnke6p3VFVQSeZrsDstbDO2Zp9cKFWUDalu43SGscMaoLuJBo7vDKAHEtd7q2hrgwBzXbrNVtrqIP5jGZHbCbSXVrR4U4II2+yW6nLoartnZuKW9x50TAlvqFNfFS1kRAcHA7gg7hY+CoifuxwP5qZDXuhcDG4jHukW147NNdrkiwqWVdG7WHZYO4RKS7U8pDM+bvuiU90paoaX+Vx5B4UWsskE+ZYRodzlqzuGTRC2SfBatmkwHRs1j7o8VSQcZwfustR3qotkny1axxDTgO9lewTUVxAfBIA49kt188GqN8WjR0HUFVSYa5xez0JyriG72m4DFSRE/1WGd8xSvxIC5nIIUuKqhlADSAR6oZQY3flG1dSSxt8WllErORgqHI+iqgYLhSg55dpVJBdqu3uBieS30zsrmmvdqr26a4iF/8AVhSKcQcJszt4+HlFVE1dpl8KTkFhwVFtvVfWfRTxBMHVVFH/AMN/IHqCtr8o+MePRTtkYdxg5Uepkgmb4VdTg+5CYptFuP6LHpn4udI9QOFNNWmhquCyX1+62gMg5OoA7Lxa9dAWa7jxqRrYpTwW7HP5KBSVPXnQz82+s8eBvLAS7I+yfHUbehUq3I2nXHwP6B62L5p7U2grX8z04AyfUt4K8J6u/s29X9LmSrsg/ilENwI/7wD/AJV7r018Zunro4UV9d8lVDYnTgEr0Gkq6eqjbNQzeLG/dpPBW/T+UuqeM8HK1XjKdQuYpP8Asfn9U0lVSTOp6yCSGVhw5j24ITRtlfc/VPQHSPWcTmdQWiN8jhgTMADgfv3XivVH9mKtp3S1XSV1ZVNb5vlXtw8D2OV6HSeXqkv9R8nn9R4a6HMFlHgWSOWpvij2V7ful7907O6C8WmaAtOCS04VQI6Jw8zCD3XZo1ldqzF5OVbpLKniaIxla3kjZM+dgHLuFMdb6WUEsKiSUDIjho57rbC9ezHZROPKGPuEHABQ3VQ5CT6Q44CjPgcCtCtTMdkLV2h81ZICAwYyob55n4y7ZSTFkbjhMEQB43ToSwYLcsG4vIG6jSRuPJxlS3g8aUGSJx4WhWJ8GGyvd2Q3wg5cd1FkDQCNtlNfBK7ZvdAdQSHgJiaOZqdK3+KK14BK45x9FPNtn3dthcdROA43TNxzpaG79EIHAOU4uGMrs1LUAgiPZCYyfOHRFHuRmlpbV6O+Ic8bIgk2XBGeSN0Zjd9lHakHDSWy9A26yfX8kVodhHjjA3IRmhgHZT5x60Ev6gDInnbHKlQ0uSD37p8bN8AKZDTTOH0KO/Bto8bHIEUoOMd1JjoRkEf5qXBbZ3Y2Cs6azVDiDxn2S3qMnVo8d6SKxlIRjy/up8FI4hoA3VrTWaRpy4jHupbYKeHGkDbukyvOtT4zKy0VcFtlcRlm33VjT2yLYuYAe6lMqYGNIzuhOqSfoIASpXs316Kuvsf4MTMANDcI3iBgAACjaJHkHco0dO84JQSuNkK4/wBKHl4P4V0NHHCK2A4AIR2U/B4SXajVGpsAIA/BIRGRNGzWY91MjptskJzRGzsku0dGlLkHDTuOMDCPFQgnM2wQ31ToziPAUaSrqCQNWQgc9wyMcFnijg4OShS1ox5Bj0VeHufudynEayBwgdmVgvaG+Yke7Jchy+YglPbHj81wjKFZkEkAwfRLBRg1p7LhaB2RhYGYC5gI2PdIcKs4LlHALQeURgA3XNTeyFJUYacgIm8g5RLY9rdhsuyVLIW6pHKlfctyGqK51bVOw1+yEKTa4Ra1N+ZGdMbuyrJ7hW1JzHnHsnxWeV/mkblWFPRBgDGNAUChGcuwVBS1T9Mk7sl3ZaKmZpYMhMp6QANOOykOeyMADZFFZNlaa7DMZq2CMNMWCVDFS4bRHdNjfK9+XnKklg1QeETxN3wiCUE4wozeE9AuRxKByuobUQ7KiD08OA7oPiDhAfMQVAyU6bAO3ZRfmDnGF3JIQDyVUokbaQcnVjIQpToG52QqutZRsLnnfsO6ztdfJqtzqaE4A5KoxX6hRJVbdNUphpzkDYlRfK7zzDUSgU0eganDJTnv3wrxk5s7ZTfIRzw3IaOU6mpnSu9iu08DpiNuVoLbazgZb+aMdp6fkYW1WweGHFoC0NHSAEFNo6UsYGhuw2VxTUrnY0jCps7+k0e3k7Tw4DQG7fdWVPSnIJTqej2acfurCKIAABqROZ3tPRtQqeFrQBjClADGQMKO57W7ApklQXDhIlLJvjHaiQZAO4QXTZ2IQQSXZyURo4VDFLI4F2corNsAhca0YB7ogGNgkyk5dBDmfSF1JdwVYeR7U9x9CmNOMk429VU3brGx2nUyergdMz/hsO5S3NC7NRCH5F4zLhzlDr7rbbTD8zca2OCP1ceV5Ve/i7fqs/KWOgbSMbkeI5vZYesjrbpVOq6+rkmkdudRJCB2+jDbr0uInqd7+M9LTiSmsVH4zs4Ez+PyC88u/VXUvULnNqK6Uwk50B2w9lFgt4c3AGSPRb3p/wCGF+ucTT8u6iZjcysw79FW7JinK7UPHo8/hoHSEGTZ3utNZOir1eQ19FT6oz+Ir16w/C+wWhrZq6L5uoHd+4/Ra5jIIWNjghaxrdgGjCpySNFGgUuZnnNj+D8TGMfearbksYcLcW3p6z25jYqaijaGbA6QSfzVkA5+wRo4GtGpxwlu1I6ENNCH4oUYLRgA7e6KDlAnraWDYvyfZVtRdpJTiAFo9UuV2Ohvx5LaSaGP+8eAoM99jjOmnzkKqd4shy9xOfdOZTnY4SZW7hsY4JEt1ralulz8D0GyG0veQHEnHqniHBAwpIhAAwEiVjDwgTYsYIRAAEbwSRwl4TlfylbkhoBPCWkqRHAdst/dGjpwCDhVK5i3akRmxEowiPopbYgNtKK2MDfCB2ZEu9EAUxPIIS+TkP0vlP2KtAxoGMBdAA4CBybET1DXR8G+YndOHCfgJq+6H4EznkdgJqSE5wAV9FdhMgclVd3usNIw5PtyuXO5x0DNT9yeBlY6qqJ6uczSHIPA9Fnsng1U0uTyx1TUTVchlkcSDwPRDkxpxlJ0gY3GFGLy8rHJ7jbFbDhy53KJHFgg6f3SijII2/dToYsY8v7q64ZY2UsIUMeMDCksZgYwlG0AYwjxsxtjla4QMs5ZOAFvvlFJDRnlI4aFHJ5GU+MQP8nZpskABRwCTlPIyclOLQmFdHRwkkkqIJJJOajjHJB4cDlOiaCSSmNbpOcrrjsAixgGUsnZXHOkd02NgAyV1jM7uTZpmtGwQyltRcVljJ5sZ27Ku1GV/wBiU+WV0riMJ0bANiOEn8jR+KHwtGBspI22QYxhGT4RxyKlLIkkTT7pNTcAi0+64u53XSM91bWCAkkkkI4SR3SyAuSEMblU3goFMfDYXd1EGXu1Aco0h8Ulq61ojHCTOQa5FkBpVdVT7YR6qYZwFUVU+rYLHbM01wBVM5J23UYZJyVwnJynsxtkZWOeWzbHg6B6owGNgkhKi+hJJJKFBUkkkYTeBJp5Tl0A5UXAEo5EB3RBwkB3TjwrSBwMchyOb6hdlPuob8lyVY8l4JGx4KTWZcN0yNu3KlQt3yVKydBYxho2T2nBXCMYC47gJwscXbKHK49j3RpnD1QGgl5KROWSYQWMeqUm2MJwIDUI8oM4LXY9rdRwrSmhZGxugYPcqFTMyckK96dt0tyucVO3dmfNskWWHqPF6LlJ9vo13w8sL3yuuc8eGDZuRyvQpZvBbqxlCo6WGip2QRN0tY0D81DutWwjwGHJHOFhsnvPpui060lKrXZDqn+LOXZyCpUDNDc43USnYSQSOFLkdoaBhIccmr0dc8khqJE7wxnHKDCCTqOyksYXu0hJsz6NFEeMsm2uFtRUfzG5AWmawMaGtGAoFrpWQwtLW7ncqzGCOOEnOTpVxa5OFwa0ucdgsfeK+WpnMevytPAV9erjDTQOZq83ssmX6su/NBKWA5c4Q+GMuOlgJytfa6VsUTNsbKkslKH4mc3IWojGhg2xss9rNNMcBZ5mwx5424VdTa5pQGNzufyTaiSSV5B7cKfQUwjhBP1O3WOTOhWiU1pZGW6uyrp5sO05Ux8vg7c7KuhYaqrI38xSJz2LI5LJcWagmnmE5GGt337rRyuEbNPZCpIBT07WcHG6DUzNlk0RnjuuZfPdLJuoWDpfqJOFaWiEMJq5G5A2GVVxwOJG3KmXevdRW9rIsAY3WKbz0NbS5Ka/V7qmqfg5GcBUlXUNpacyEAk8Bcnr2ueXuVHPPLVzEuOG8AI6632ZLrM8Di+Wol8TffstFQ0zYadvZxGSqq2wA7kK7OGta3vhDbxwXTHLOPyXaQrS0UPzEmkjYKvpIfFlDcrZWuhbT04Lh53b/ksc5YRuisE5rRHG1g2DQs7cK2Son0k5GcNCm3ivMDfAY/BIy7Cj9O251xqX1s8ZMMAODnl/ZZm+Rpc29jLTbjUSjDnAvJ9vRYyvqnV1W+Yk4J2Vz1Ld/HAooThoxnCoo4i4geqkY55GZJFvoxK8kj6eEq1w16GnfuraoZHaqJr2jLnt7+qo95XFx5KNIF/cFoaWSeQNaNuSVpYY9DQCOAo9tpRDCDjcqyiYSUmcs9FxSGww5cHYVhFkYBGMLsUYa0bINdWR2+ndVP8Apahi8sc5YKPra7tpqQW2B5E0o1Eg8BeeMZkhvGFMuVdJcq+WrJOHnbKDFG55w3OfZNjwY5rfLJbWG3Oq6trWjgr0q30ojY1mnZo3VL0zbBT00fl87tycbrXUtPnDWjG26y3WYXAcYk6gp/pAHKuGsAwB2USkj0N2G6nxDA33XJus5IOAwjJJ6wzluLEnJqcoEJOAOVwcomxA2RgCAXUkkRBJJJKCJiSSSUKHJJqShBydq9k1JA1kh0nKGSAkeEwgquiHNWcjCH33KegVcgihdNn6AUdayxkFk886yqJLreoLS15d4b9TscYV/TwtpqdkLGgBo4VFZKcVd0q7nKS5znnBPor+aTQOMrdWsGqMVgh1c2jG4CxF7qnSVDmErQ32qbFC7U46iD+iwlbUF7iS4knddOlMkmiOxnj1zMnvhepdKUEbIBL6LAdP0cU0rZJASdS9XttPHDRRhgxndVqrPt2gQ7JvsioTeUVcqbYxnX8ILc5ynuSaEJZ3AXUklCCQ3HC6uvLQ3LjgI4rJRnuqbo6ipBo+p+wAWf6bpfmpjI8ZwdTsoXUdxdcLiWNd/Li8oHutN0/QijoWuLfNJ5iVrgsIMshhkecYAHChSyl/2RqmfSC0KITkIhsDhPuhaiTyk4lCc9rG6nHAC00VubwBdNRWTPdYXZ1BTuY1+Nl5M6R9RVaxlxc7/NaPrm7uqq58LZMsacKotcGhpncNzsF73xOj+OKZ4fyep+a3gnw/ymBpOEOV2DzlKU6zkIcTTLM2LH1Lsye1ZMlMt7wXnTtD4jzVyN8jeFdzEO8oK5TxNpKRsQGMN3QNZB37rnWS3SydumO2CQ+IHJcd06onEMev0T4wMZVPeKosa6MFVGOS5vCKW71Zqak4dnCFRRFzx3QC1znlx3JKtLbD4ZDi1aoxSMUnllnSRmKMbYT6qRrGbuxnhPa7DeMKsqJXyzHO4B2T4RyzLZbtGuaXHV6rH9edSR2ijdGJPPpyRnla2rqRTU7pSPpGV8/9b3mS9XiVrXkxsJHPJXovGaZt7j5z9Z+Z/h6eUI/lLhGeke+WR00jy5zzkuPKvunKAFprJY9W+GD/AFVPT075pWQNG7iAt3SUXy8LI2t2aML1+mr2nwDVXNJxfZIjYWxlxA4UVpdUSaAO/ZOq5HMYGMONXKn2qjEcXjSDJK6UY4Rzm8nQwhmkjG2FJpYvCj1kblLR4kgAG3dEmeGNDcLNqLVGO07fjNIpvdIFPUhgOw4WXuVXjXJJIMDPfhWtZUDVleadY33wZzTxSHLs5C81rbz2GlqVbKq63X5uqcYxhoJC2fRp8udPZebQHxPMvTek2aqF2BvgFcK6e9nrvCRzNkuQap5M7YyqyNhNfn1IVlM3DnEFR6KLXU5075WSb5R6dR5CXEYn8qyPVTv5LxlbScAzyZHAWG6nOZNP3TI9GTXyxWZCuGcdsgKOBoa3A5UqsblzQOyE5oc0Aqo9njrllHI2mTbCZLERg44UykiLgXkYwuVLctwBuFpj0c2yvhyB29x+YDSeyvMbDCz9OdFQ1y0MLg9gIVjNFPCwKLYjKnU5GnlQjs5HpzjCXYdumX7JMwB3UN5LTwp7/oUSQYKx2G2LGtV3SyNfGC09lSt2U2gkxJpzsgH1ywWrkCsjEkSk+H+ScxgPvhWbNu+Jl3tDJDtjC69ocFJulJ4VSS36XbhAhbtwoc2cOWiK5paUWI4C7OzjZDafNhTsBfbyWFDNplB7K8w17MhZyM4IKu6OcFgBUNtE8vBHrabV2/dZ+qpzHJwthNDraSB2VHcKUjJAR1PAGsozHKKlm7cEcoL/ACv4yik4fjGE98YeAVqyzhTiBGHN4QgNLtXojhqaRjujTwZ5L0T7dOHkMc7srZrcYKzkMuhwOOFpKNpmiDvZbKWpCZPAQDIxjCjysw4bcqWW4wmzNyRhq3QWFk5nkHurwR2gALqeuhpO4CM8o/7jozv9kOut8VdCdgHjg905qM0FB2SFjizGTxOjeWO2LThcj2zlaS8W1k0RqGR+dvOO6zgy3OQl4OhTP5BzmBw+yiyRY30/upsL2u2KUkQfwkWV5Nsc4Ks7HBGF1ri0hzTghFqITnIGPzUfcZBCytODGKRo7XWePHpe4agpzuFk6SodTVDX58p5Wsp5mzxteOCExcnb0lm+Jwsz3QZogRkKZp9017NicopI3PlFU9haSCggYVjPCcZwoXhkE52SehTQ0+YJjCY3ZARPpXCA72V4Cj3ksaKfUMuU8N1jIKoog6N2dR+yt6WeN8Y82COQhyjVCz0zssQ4I/dQamA4yArYx6gMHKE6LIIIQjZQUuSmwQ4AhPLQ4DsjTU5YeOUM7c7I67NplsoTAOYSPXKr6mikgf8AMQc9wFdhgI4QHsyTtsVrjNPk5Gr0mPuiiJTVgqGjI8w5VpQuaeVQVEEtLMZY92ndTaCua52ADkLfTf8AbtmzkKO2ecFxVQF/82MbjsmUtQyUeE8aXDbdHppxK0ZXayjbIzxYtnjfZaE0+g1+xny4achufzTZI/LgrtDVeI3RNyNgVIfDq4/VWMTyVrogc7cqvqqfG+FdPhOdhlBfDnthBOOUScMmfczQdwuOaMZVjVUZOSAq92WHSeyyShgzTjtYEtIOMLikbYxhAI3SXEo6QN0DSc5ARsFNwEmUecoJSwS7bcpaaQMkcXMO2CeFfxSsn2acrK6cd0SkrZKaUOaduCPULRXbJcMTbXueUaKopQd8dlCIdE4ZCmUtdDWtw04cBuCuyQB42G60r7llGR/a8MbT1PGQFKfplaN8ZVa6OSJwBGAnxVLm4BRRnjsm3JIfCWkLmAeQjRyNeAHblKSBzhqYNkbWQE9pXyxPDjLGra0XcDEE5291Dz4bg14SnpA8eJFs8b7d0K3R6JJKxYNQ+Fk0euMD8kJ0bcaHt291R226z0UwbPksPOVq2/L1sAkhxunp57MjUqpYRna+0wgGenBY/wBW7I9p6inogIZnuBbtn1VhJEWHS4be6h1Nvgn/AA4PqEUeOUDOasWJG7s93hroW+calagZXktLUVttl8NshDQcg5W2sfVPjBsVSR6brVC3jk52o0rS3QNMYiQCAmFhHKkMka8AtGcrujPCbnJz+SN4J9EhTt7hSvDwu+EPVTGSJtFXUUDyS+EgexUQTVcD9MjchX3hITqMSZBaCPdCotMJTIcErZRgt5Tn0zCCCMgodRbZY/NA4j2yhxVM8LgycbD17onHJbfspbv0xHVg+G0AnghZR0dws1Q6FwcWjs7jC9SYY5m5bjJUG52lldEWGNmfUjdZ7K2zXTqcfbIyFHcKeYDUdLu6lTU1NVMw9jTn2VbdOnaugd4kLSR7JtDc3scIqjLcbbhZ8GpSz90Cvu/T76dpnpRlv4gFSBujY9l6MwtlYDkH/VVVx6fpawFzGiKT1HBQThk2U6ra8TMnFLkqWyQOGVGqaOehmdFKwgjv6ocb8YBO6VjBryrOUTSMpgzHuE2KcOwjE5wQoU1+x0VW7Ia4co01PHVNBIBKhc47JzKh7CAHYCW1kBccoFUUb4XbN2UNwGRuryN8cwAJ1Huo9Tb4XuMoGCUpwYyNvOGVJfJG5r4pHNc3cFpxgrd9M/EYwsioryxxLcNEzd8/cLFSxeG7SNj6Ib2twNR2VxltNtU/0e8UtxpqgB0Lg4HcJlxtVJdW/wA5gDsfV3XkFl6orrPI1pJkhG2nO4XpfTnVtuvTREx+mQD6XHBTYzUuzXHUtFPLFXWOd0M7HSQj6Xj0RWzwVrcxPGRuR3C1sscMzTHMwPb3BCzF06UfDL85Z36cblhPPsrnXno30a2S7IslPpGrCj55GOE2K6ljjDWM0PbkEOUpwjlGWs/MLPOhyOnVqI2dPkl2y+voyIpgXMHHqFpoqiCtaH08rS7HB5CxD4i3dGpqmSmdrjeWn2WWdJ3tJ5D41tsZ690p19cbBKILlmalGGta36mj816zbrnQXiAT0M7ZDjJAK+ZqK8irIjnIDhwStDZ77cLLMJqGpewDfSHbFYbqD1/jvLKUdrZ7+95jIBbygSsZMPMFU9L9aWnqajZDK9sVdjGg/iI7hXcsfhjZZHW0zv1Wwu6KetoBzExVj6cszqGFpHOyMYUKqo9W7dkSWB8qoyXBQS08cjDHIwFp2IO68560+H8E8Tp6CLS/6hgL1WWkc3sor4exbkJ0ZYOXrfHw1EdskfMlZa6u2v0VMZaOM4Udji12QvdOqOiYro18kDQC7cjHdeT3vpmrtDyXxHQDytUbFg8PrfGWaSe1coiUtUWYV7R1ocRk5WZaCN8YUunndG71CJSyY4px7N9bb9JTjTKdbD69loIalzw2oppMZ32K82pazUACVfUFxnpmgMfkc4KtpGqu+UOj0e2310jhBVgA8AnurWopKSrh0zwNkY4bZC8+pbjHWDS5wjeO59Vd2691ttqBBXvMtO7YH+n3WeyOTsabWf8AOHFqq7PUGot0hdGeYnHb8lZ2/qanleI5muglHqpcU9LWR6oZGuyO3KrLnaY3+bww4ngjlIccdne0uqUujVxVMdQAHAbjYrkjB65WNoayutb/ADF00X9J5H2WkobvTVceoOwfTKTKGTox1EZHaikhmYY542vaRw4ZWHuNgudgrDcrLOBCcufEf9F6CTqGRwUCSAOGlwyDylOBLq9y3R7M5YupaS8s8N4Ecw2cx3cqj6z+GcF5f/ELIwU1Xu54cfJJ+nCsr30Y5sor7JKIahp1YOwd7J1i6ymhlFt6jb4ErfKHHYEoZV8ZZjsjCcdti5/Zhem+vepehrx/Dbm4hkZDTnfZfS3QXxTtV9pIzFVNydi0nuvN+o+lLZ1VSaZ2NOG5ZIwbnPuvKai09UfD+uFXQzSeCx2Rp7j1S1XkzTq2JP0fcsNRTVkYLHtdnsvEPjf/AGaLF1/Rz3CyQCluGNeWjbVvnb3Vd8L/AI4QVIbT3h7Q52Gh2cb+697tt1p6+nZUUszXNeM7HhBh1vgx36evUQ2WLKZ+WnWHQ3UPw+uj7deadwa04DuQoNLOAA5hX6Y/EP4RdL/EW1vhr6FvjAEhzeSV8L/Fv4AdU/C+vkqW0zqm2PeQ2VgOI/Y+3ut2n1KfEzxHlPp1VPfplx+jziembVvMgeBKeAO6rZgY3aXDcHcKxglDSM8qVUUkNYwZaGuxyFs3pnnJ6F4zFcopYZS05zhaC1V+ktBIWbnhdE/Q7YgkKRTyvi0uAJA91k1MFJB6O6emllHoVFXeIG5IVpH5hkb5WQtVUDEHE7rR0NWC0LkW1tHrtPqVOKZMkjZI0scMgqhrqM0coka3LCchaBsoTJomTRmOQZBWNo3xkpckO21zy0Aq8pqt22yxtXDJQy/y3uaM7bq4tlcZYsnBLeVktr3dG2i/a8SZsqOp8QDJCsIpcb8/msvS1ekg8K5gqWlrdysM6zt6e/KyX9JXNYQH91YEidnl2ys212fZW9FWNc1sUhwQMArNOv8AR0VblcjvmZqeXSPXG67cKGG4Ram4EmOR3XaqISNL27kKNFUSMODthDF7Rc1GcXGSKenqKq0Vel+cArVQTU10pwcjP+SqrjQCvjEkbgHYVVSVdRa6nQ/IAO47J2N5m/A51X0lFWxPfHGNQHZeVVltmt1Q6KVpwDtle/Q1ENdDrac5G49Fluq+lIa+N0sUYDuduy6Wl1HwLazjeR8crV8tZ5O12eytrVdH0zxFIcsO26jV9tntkxjlYT74QYxrGwXZr1CkjzVmnk+fZqq6309xpsaRkjIKwF3tMlDUFrm4B4WrtN3fC8U858nY+itLja6e7U5GATjId6LdTqdnZytb43+RW21yeXjLSQU9zdY9FYXexz26Q5aTj25VcPLycLr12wnBNM8XfRPTy2yQo26CSDury03cwARTv1eipScAn2QA853UtgpkovnRLdFnolLcIp2gxnJUsVbxgAnHsVg7ddJKV7QScA/stLTXSKpP8sEFc67Tbej1mi8p8kU92Ga23XqVrmxyOyO2StBBXvdjhYGKYkgjsragumjAmdwuDfo+co9d4/zOMQmbekr3tOMjBVxT1QlDTgZwsZSV7JQCw5VlBXPYRgrj3adxfJ6ijWOT+15RppMS4O2FAuFip6mMvEYa/wBWptJcQ3AduSrD5psrdu6yyg4nQUlauTFzU1bbpjoL8Dg+yn0VxMrQJC3K0D42vzkA/cKmuVkZIDNTNMcg38pxlDiM1yE4Th+Ifx9OC0q1oL2GtEcp/NY9s9bRnTM0uaPZTIayGcYDtLj2KRKpPoKFsovk2cjaW4NzhhOO4VFW265W2Qz26TYnOlRIK+ooX62Elp91oKK5w10fhvIyQkyq2mqNyfsjWvqyQn5a6R6C3bJGytXQwVTfGo5hnnYqsuFrp6jZzfz7qqdFcbS/XTSF7B2yl7DRCyS7Zp4a6eB/hVAy31KnNfDMMtwCVnbf1BBV/wAmuYGuHcqzbGCA+lmDge2UmyDHRtjItoK2uonZgmcAO2dlZwdQRSgR1sQyfxYWbZWSs8r2Zwjskp6j2d6FBtbNUZccmmjDT/NpZwfbKL8y8DEkIJ9ccrNQa4idD3AexVlT3KRnlkGsD15VOLCTXQO69K2G8tLpKZsM5/GwaTlU0FJ1x0hIZrJdpn0zdzEHZDh7hapk9LWMDQ7Q70cuOmnptmeZv6qy1WmdsPxmgc9tF1NRupZePEbs39Oy3lHeLVdIxLbK6KfVvgHdeZ11pt95afm4IwSOQ3BVDJYrzYpTP01czt/w3FHnBUoYPa6+iorpTPorhSRTRP5bI3P6Ly3q3+zv0deS+ptMk1tqDuGsOW5T7P8AE652tzabqi2yNHHit4+631r6is96jbLQ1sbyfw53C1UaqdDzFmS7SU6lYsjk+YuqPgv1h0rqkhpRcKZu/iRbHH23WCkYQ4te0tc04cDyCvueZuRvwFluouieleocurrJTCX/AL1jcOBXa0nm8f7pyb/AwfNJ8dOixyEyalBAIHZe4dU/AaRniVVirARz4crl5pdej+obCC64W6RjQeQDpP2K9JpfJU2xymcDV+NupliUeDLfJHsChGjI3OVba2jlmE1rg7hq6UNSn0cSelrkynNOG8t/dMNPkfThXhhix52DKF4TCdtgnxvRnnoItcFJ8s5ufIueA0H6VeilYdy1GZR05OHNwPVPV6M38H9Gd8P2/ZcEbWHVp59lr4bbQADBH5hHdYaGpZgPDfcBG9Qo9lrxs5dNGMD4cYkgDvyXC2iP/wAKP1W2HStEBvL+y6embUBuCSqWrg+MlPxk0/RhDTULuYOfZD/grJjqgIHoMLdusNujILY0ZtspIiCyJufcKpXZ6KXjZezCR9NVBAzI391Mj6aGxcB+S2Xy8faNqeadpGAwZVK1jI+Nh7MzBZKeEDUzJVjT26lP4FYGgOcuaAE9tFjbOEbuWDRXoYx6BMpqWIbRglddPpGGgN/JFNK5uP8AqkaYbbpTsNVen2LCIj5pCcOflCk1O5PKtI6Om/EDlSmQUbRu3hB8g+Onb7KaCmc8505U6C3AkaIySphlo4tmt3Q5K1zABGAAUEp5GrTxXY9tvkAzpGB7p4iY0bkAhRvmqlwzr5Tdb+S5U3wNUFHomeLFHnUVw1Rx5VFJ189k9Kk3kYohPmZ9xq2TfFeRgpufZPDAVSCSwd3duSutYCclNa1PYAOSoMjHJ3SPRdXSMListjycpIeoBc1hUQIm+IEOSoDdvVBeJnY8NqJIvBJdIMHKjPqo2DcglJlJUPP8zIBR22qHYnJKVOWS1Hcisnq5XHERx6ILKeuqBhztvYrQMoKRmNQ/ZGL6OlbmPBdhQnwlRS2VpIfIN1ZNoqaBg0jJTXVc0rsNAATgWtaHSP3Rhxjg60nONOyPmCIA6cFRDO7OItvdJkUj/M+TKmRseCaamQgCPYIrI3PA1FR49LcAhHM4GMBWOiGAbGBwuMeC7YIeTIBjuiCPBzhTI6PRJZwiIDOEUOLTs3OUCaHRjlBy/ScY5XXSkgYbygmQEZcQ0D1UeeuBOmA5xyrLfBO+kancJhfG7Gl2VADK2c+Z2AjsxA0NdyeUMpYJuJBw0ZccKHWXGKjiL3n7AKFcrs0SGOE5I5Ko5JJqh2ZDkeirsx33y6Q6rrJ66YSOyB2CdTUzQdR5T42MDRsuOJOwVrkwTzJ5YVzg0aWjP5rkVO97vpKLR0r5HAkZWjoLW1wbloVqW1DqNN8nYC1Wd4DXv+4C1FDQgBrWt3wn0lFnSC0K8o6IMLTjdB8nJ6LR6SMUkgNJby3Bc381bU1K2PBTw1oaBxhOD2gZyglPB26KFEKCGAbJSzANwo0tQSRhqTXlxwQkSlk3RjtHF73OyRsnD3SAHOEQDOwQBN/sGxpyDhSGnI4TWYHITstHfhGBOagPRe+FV11+tNui8SpqQD2A3WTu/wAUWMY5lmpg9/Gt4WaVsY9ip6mMez0N0sEO88mjvusteviXY7ZllO01L27aQcfuvMLnfr1eyXVtbI4HfSDsq1lO4uJ7rNLUJ8GK3V2S4gX99+IfUd81QMqflacnZkYwf1WdbBI94llc5xP4nHOVorP0Hf7yWupqTETuHL1Hp/4MUdPFG67zeKMZMZ3SnZkTCNtr+88itVrrbpMKWijMkh4GV6DYvgzdrgGyXCY0rDuXf+i9cttmttnhEFDSxxsaNsN3KkOqSBjOyVK3Bup0ifMimtXRnS9gDfCoNcjeJHNDnfqrn5l4GmPZvbKZrL9yUCSpbHyFPnOhVQodEhznP3J3SDgMlxwq6e5Y2iUSWoqJeXnHslz1GR6gkXUlzgp27HUfZV9TdZ6jyh2keiiMBdsVLio3uIJ2ys8r2w0kgTGuecu3JUiKA5G2FLhodvpUqKkxjsqdrfYEpqJDbTA4w390VtKfTCmiBo/CiCFoOcKt4PykFtMTvhHbGduwUoRDnCI1no3Krc2L+TPCI4hGOEhGAdlNawlv0JCinPLCArwxTsIzWDKKxo23R20zu43RBSPAw9gwfU4USb6EWXRS5I2cp+CeVSXjrv4e9PZN46wtFJp3P+8h5/ZYu5/2nfg7a9fhXaquRZ3pYNj9tRGU345MwWa6iv8AKSPVEl83Xj+2ra6eTT010VNKQdpa2XQMewaCsVef7Y3xQubnR2lltt0Zz5WU5fn7l/8AooqJy6RzrPN6ODw5GXTU5MLgF9vPxLFYETgFVdwuMNLE57nDI7I9ZXxQNLnnGFk7hUCqmLxnT2BSrZ4NNNeXki1VVLWymWU+XsENxDWYwnOAYFGlkydIWST3HQhFYwgUriTgJ8DDndJkJecqZDDjGyGMXnIbeB8MWMKXHFsNk2KMnCmRR6QFqhAz2WYGRxY5CMQAE/ZoQJpcjAWmMRKeRjyckIBO6ed1xEENTkklChJJJK9rIGXQO64OU/G2URDoxhCLSSSB3Xd9eMnCf5Ryo3tKSyDaQAd1Anl1u0NPHddrqrW7wojsOSgwsOcu3ykyzJjoxwEazKOxi5Gz1UljMblNhHCyF2BDcHhGZwm4CMBjYJy7BYxJcclq9k3bkEYTlIHHZcSUwFgekdk48IeMkoQQRznbsmzkPGAUSQCJmT6KHlxdkrPY/wBDEsnWt31Eps0gDF2R+G8KuqqnjAWayeOxsI5YOomOTt2VXI8uJ91IlmJdwgPOTlZJveb61wMantBPCTUVg2ykdB4BpLrhg4C4oQKkkkoEJNPKckjXAEo5OjlEGMDZDwU9qtAjl1/CamSSatuMIZy2lgpTgoLQiSdlxgOEnssewHsFMjbhoQYWb7hGPZaIL2Lsz6DObq7oc7sADCcwgZyo08mpST2gApXEuCfG0FqDH5nDKkHgJL5GLkY7PYp8LNbsJAZUmCI5yQkzltR0tDpFZLfLoLHHpaABglesfD6wsobd8/PGDLMctJ7BYnpOyi61zWluQ0j7L16OBsFM2BgAEbdP6LFZPcfRPC6RQ/1Zrn0crallOzUTk9gqESGWQuI3JRa6pFRJoY4kN2ylSxYIOFmZ6XO4kwAMaDhOjcZ5tKHM/Q0ADlPiYIIwSCS7f7IG8BR7JDg2MgNVhaqcyyeKRsD+qrY2PmcA3fJwtPboRBE1oaP/AFSpywdGiGeiyp4w1ow3ZdmkELSTwiRnDPpVN1LXGCmGnYlJl0bZfZDLM7dKl1XWOAOWNP6rtHTeM/BBx7KLATJl57laCzUerE2NlmmwaE5stbfSCONoLA3HYKVWPbE0DGPZdY3AGBhQZXySzEvOeyyWyOnGGEHgiMhDi3OVaMGiMBRKZmA3KJWTNZH9lkcss1QWCNXT6TgYKt+mbdnNXK3bsqi20brpVtZ2By77LXuDKOn0RYaG7DAWW+z+k11RyNrqgNHhxu3I3wotJG/WJCMNCjtLpZc+pVpAwhgyNhwudN8GpLHRIja0DUdllep7iaio8CN/lYMHdXlzro6OmcHnBdwsBJUmWV73bkuKquOWJvsS4OTyvB0+qbAw6uN0xztTwCrG2w6pA/GwT5NQRmh98izttO2KDU8DJ35RtWtzgOc+qDJLpw0KRZ6fx6sZ7LBdPJ0aK8ou7Fby54le33WlkeyCPLjpAHdQ6CHwpCBwQoXU1whp4hC53mIzhYZ8mhrBW1RkuFcIoiXF7sDC0tTMywWdlFG0eI9vm+57lQOlaNtNC+71TfKAdOpV12rnVlU+XlpOGpZZAly9+skEk5JV7YaKNkL6+paNDPpz3KqbZRurqxkLR5c5d9lcdTVgoqdtHTuAbsCAjZcpYKi6VstfUkv2a04a3sFItFCJpsyD6dwq6jYZZC52Sfdaq10r4G+M9o83AUlLaXFZJLYdHlaNlKiYAAUmN1ncKQ1gIwEicw0sCGwKxXWl3BDbdG/zfU/B7LTXy5stNC+dxGoghv3Xl0s8lbUSVMpy6RxOfZVB8gXS9IGCAAFpOkbYZ5HVkjcsacNB7lUdLS+PMIxndenWG2tpKRkOgZAH6pls1FYEw5Zb0lO2JjfKM4/RXFFENiAo1FAXjftwrmmiDGjAXLvtyPXQeFgAAwpLPqCGxuOykLnzlkAcOF1JJIDHJJJKEOjlEBGEJdRrgAJkeq6gAnPKMOFaZUujqSSSszy7EkkkoWJJJJQgkkklCCXCBzhNSQ5IN1chQbix0tLJC04LwcKXIM8FDezON1cXhjoLky1stUlvY5r++6VY/A+yu6sANI9lnLiHMikI7DK6WneTXHhGV6nnOMY/D/qscdUr9t8q36grJXPDZH5y1Qun4BVV7YjwV04NQWWJl2bHpC0h7GF0eO63ga1jQxowBsqu0UbaRjWNGcDlWzATvwsGonukHHhBGdk48JDhNefQrBMtDc5fzsiDhCYDkHsijhUUzqSSSMISqb9XfLW+R422wrUjOywfWlwc+rZQwPy1vP3ToopFfYKF1xuALxljDrd7rcvc2OMMaAABgBVPTdE2ioPEe3+ZINWfZS5342zytMVwGMqHlxzlDzhNJyVyXO2EcI5fITltHkgDJKouo7kKKhc/YbHlWdRLp2zwvNviJdZTKymacADbC7/idG7bEcryWq+OpmNrqh9fWlwzlzjhXMGqCFjCN8KttUIfMZXDOn/NWUzx6L3tdSrWDw87nN5Y8yAj0Vr03RCeZ1VIwaGHbPcqjjZJUTNhjyXPOFtKanbR0jKduxA3+6VfPC2m/RUuUtw+ok1O0t4Q2xl+4KHnLjlSo24asJ2ugcsgghc8nhZStnfLIXOOQVeXmobHCY87lZvGpw3TYoRYwlPFqdnCuaWNoAx6KBSx8bKxa3THgrRFGSctqHVEjWNwCAceqgMAyXuOyVSS5+zjj7qLc66KgoXzyH6Bx6ro6XTu2SRydZfGqDnIxfxK6lEND8nSyFurIc4HdeQQRmUl7jknfJVx1Jd5L5cXGPIiaTjKj0tIX4Yxq9t4/T/HHDPzX9T+Zn5DWylnMU+Cd07b2ul+YLeAtOXBjONkygo2QUrGAYOASuTOPDV3KoYPG3WfLLJ2hpfmqvVNktG49FcS6WDw24A4wEG3QeFTanN8x3RGtL3bJ0p7A6KXbPCCxNZHEXuGNlXVb9WSp0zsNDfZUl8uUNBQyTy9t1xtdY28nt/G6VQisma6xvsdpopHB48RzcAZ7ryCaplq5nTyuLnO3ySpfVN+kvtc7QSIWHbPdQadmlg1d15nVWbng7MEkywt++y9W6Tj00Ds92/6LyygblwaDuvV+mWH5D/wrmzPV+BjmWWJ5yHbeq5bgPH47pO7p1vBE2Tws7zuPUYR2YYmkC8/6jyanGeMr0KdpEkjvuvOuoATVn805Pg5fkeIGdqQNQQUep+oILQSdkSeWeSuWY4J1KP5IUeoBBKmUwxCB7KPVN5wOVoXRiujirBAeN9ld26TxKfDiAQqYkasKZQTeHM0E7Ioxyc7S2bJ8lm4HWNkan7J7mgjICDGCHHPqk2Ho6Z55RZMOWFRXg54RYDkcosjARws0uTpV/ciEiUsphlD+UM4BK47fBBSmNisM1MQD2DfOQuxt05US3T642kb7YU12QAccqHQh9yIF3ia+HUB5gdlSscdshaKpZ4jDtnbhUU0Xhv47qYM18EuRko1AHHKjtBCk41DhCwMqYZkaydHKn0Mvn0lQACUeElrxsoOq+1mhifqYAd1DroA9p2/NOopdQxypU0WtgGFaeHk2uPyIyFdTGKTIGAhgEtwSrm40xGTpVG8+HJuM5WmLycHWU/HMY4FvZLPsiEh4G3Cbp90050lhkd7ire0Vs39w535qsc33RKaTwZGvB4TqZ7WZrFk1Ya48nJTy3I3CZQSNnia7nAUktwF1K3uOXrfwZELQ13CfoGMohbl32T9O2U+UTyc5YeCMGEOUmMDATdHsiRnBCHDBO+GADkZWZ6gtrYcVMTcNJwQtZs4AYwo1XStmjMb2ghw7qnHA6m2Vc8owYLmbqTC7PlKLcqCWkkLS3bsRwQorSRyOElrJ1q7k1kNPT6hkBVs9MQcgK6he17A0jthAqqYkamhZ7ILs2RgpLKZTFqtrZWujb4R4VdUROBBKYx5Zsk9DYWSqeEa6CUPZqG+UZVFsrGmMRu9VasdrGQETZ2qJucUxrgJAdlDmhLXccqcGlv5rksQcAlzizS45Kt0R2TNwcYzlTJWaCNlHe0O5QsU4uJzGQlHI6ndqaM55XGnO+OF0tD8ZCTnkODwy7oahk0eRz3HojvZnfHCo6Oc0kocBlp2IWjhMVVEHxnI/wAkaOhU9yK+aHUOFXVUJaRgYV9LAM8KJUwhzcAfmoHOCaKqJ5BwUV0YeMgLksTmHIbsnxP9dsIq7cMyWU54ZHkgD2lrm7FUFRT1FvqdbT5Cdj2wtUY9W6jVFK2eMxSNBBC1xmpcnH1Wj/5SNb68uxgYVxFOXt3HKxsjKm01HmJMZOx9lf2+uEjA5pzjla6rccM5cofG+SXV0r2tdUU7TkbkDhTKKds8DXdxsU6nf4rMY/8AVVtbHLbahtTDkMcfM3sVshMmPt3Fo+MHcBAfCMfTj81LpJoayISR74G4zwuyRAHhM4YaZWS04II0qprKBw8wacBaN0Y9EyWnZLE5hHOyVKvcDOOTIYDSRqBTXNVhcbYaZgkj3BOCq/ZZ3WZnFoRAxwhHlFPCEeVnsrAQk3wyeyQBHZP8QDlqV0MFHM+nkD4zgq8t9w+YyyUgOAyCqJ3mXYXuidqadwm12ygxNlUZ9mnkaJBkDKhzRFvmAwmUFwGQJ3ZViNFU0aBha4tWdGWX+myDHM5jgDspsFVt91FqqCUnXGNghgujwH7Jy+0B4kWojinbu3JQsTQu3b5UKmqREQSpwljqm+hHOVG8gY2sBJCyobg+V3qm0VfVUMnhh5ABT5oXQ4cw7HZMdHHUMOdneqi4BnhmoimiroGubu/G/wB0wwyR7uasvDLWUTtUb3YHutLRXCCsha7XpPBB5BTovJlsrx0KanilGHNCrJKWemlzE4gcgq8lhdH5tOx7qNKwOA7Ims9CVPnDJ9j6hmgkZHUP2HBJ5W1t9xpqvZp3XmEtK5u7Ue23eqt0wJc5zR2ymxlgzXaVWS3QPWAz0SLD32VTY+pKSvaIi7z47q7Hm4C0waZzbM1y2sZ4bUvDaipI8C20iM9pI5UWSBkgIe0Ee6sXRnZD8I5yrccE3lOKOSmcXwvP2ynwVbZXeHKA1ytHQggYCh1NuiqOfK4dwluPAW8ZLSsmaQ5gcFmLv0kybMtPs72WjaKm3vDZD4kZ4PopPjQTt1NGD7JDryPrulF8HmLZKu3ymF+SGnBBVvR1MdS3dwz6FaK52Gmr9Ti3S4jlZC5WOutb/FjLi3OxblK+No1fIrOyfVW6GqYWyxNeCsxeOmzGDLSnHfCu7ZeXhwiqCCDsFdujhqBksAJHZJlXuZrrtlX0eWsLoyWuO47KTTTFx0kBa+59O0dQSdAY/wDqaMFZOutlRRSuYWkgcEJcq3E3Q1MbEG8LWNkB0Wn8P7pQ1jmN0uGcKa5jamEOjIyN0OA5PBBaC3OCjwVrW4bM3I9UMtLTpcMZXBEHDOcJU/tKkkyf4VHVRhpAz6qtrLRPFl8TtTQiBzoHBzf0UuKta8aXOxlKayXCcodFC+JzPqGCmw1E1PIJIJHRuHDmnBV5PRsnaR5Rng+iqamilpTlzctPcKnmLyOhY32bfpz4ixtijpLwx2powJm75+63dHWxVkbZad4ex4yCDleCkK1s3UFxs7w6lqHae7Cdk2F3PI7fNdHrt46co71TkOjayXkPAwcrG1NFeOnJQKv+ZAdhI3t91e2DrOkuEDDLII5OHAnG608ZpbjF4crWSNcOCMha0lJFx1Lg8+zCQ1sdSzYb9118RAB7KzvPR0sLjVW1+M76WnYfkqKKrqIpfl6iM6mnBBCRKnJ3dH5D5OJh2vMZ3KtrZdJo/K862+hPCq2ujmGQ3lDfHNA3xIiftlYraT0Gm16r/Fm1oK5kjg+GQxyN/Igr1HpP4jNxDa78x2fpbUtOdv8AEP8AVfPlNfIo3htU8xns4LQ09ymcB5g8DhYbKPZ6XQeV2y3RZ9POIJJaNvshCWMnEjtJXjHSfxGrbG/waqQOpDsWD8P2yvV6C5W6+UrKu21LZQ4aiM7hZXXhntdJr4XxTRNngZIAWbqumpsdsKwimEezgnFsU48jt0KWDc8SKbwS3Pl/dU126fpblGRJEzO/I5WpmpwOB+6gOYdRACLODPqNPC38keL9SdD1NNI6aCAuaezRwsZLTvgeY5GkEL6VqomSDSQCDsdliuougKSsikmpRpJ3O3dFCzk8zrfC5zZUeQQSujIPKtqSvyQCh3Gx1dvlMRbkN7lVoeWPx6cjK0JqR5qdNlT+9GngqQcEEK/tt3bJimrMOadmk9liaepLMA8Kzp6kZBxlX2FCbRuaOukoJMwu1Mz9OVpKC8U9wGjOmQDg915zT172YPIO2Cpgqy5wexxaR3Bwlyhk2Va2VXR6KWMIPlG/sq6a3gO8WncYn/4eFW2zqhga2CuadtvEH+q0MTmTtD43BzTuCEqUMHodLqI2RUosHQ3uenkbS3NoIdsyQeqvmFsrQRwqKooo54yyQZzwfRRI3XK2uzDIZYx+EnOyzyidOu6Xs0krBkbZVNd+nKC7NJnjbrxgOxurClr4quISM54IPIKkB+eyCcHIdiM+WYuKtvnRv8qXNXSE7YGXNC01PPauo6JszWslbIPMx2Dj1CPUwNkHmaHDHcLJVnTlwt9Q+usNV4eo63QE+XPfCDawIR+PMX+Jnur/AIXy01Q649NSOjBOoxA8FTuhPjDdemJhb72ZT4TgwnJBAH+a09l6tpa1gpbg3walvleHeqB1d0LQdS0vlDYZQMtkA3PsfZL25Ms6Y/8A0z3LpXry33yjhqqOtjkDxnAO60VbSWvqegkt9yiY+ORpa4OGeV8S0lf1b8LrhG573PpNflLScfmve/hx8YaPqqJkckrYp2jcZ5SbKn6Mko7eJHlXx1/sny0RqepOgKdwha7W6lA1Yzzj2/6r5rkgqrdUOoLhTyQTM2w8Yyv1Bob4JdLJHBwOx+y84+LX9nLpn4j05rrRA2iubvMJ8bO9iAqhbOvhvJxtX4qqyW+tYZ8By0kNRkyN39VDfQiM5atv158N+q/hxdHW3qS3SQtJxHNjyPWaaARuFpV27s81qPHxrliSIkEr6chqvLdW5IBKqJIweydTPMb90qxqRKoOp8Gxp5tbRvlTAzLc55VBb6k7D0VxFUHHCw2Q54OtTPKOzU8coLZGgg+oVFNBU2qp8SIkxk8ey0LX57Js1I2doB4KyyiaWtwChrhOwPac45HorqjrHAhYqSOqs1UScmJx29MK6p69ksQex3PPssttWejpabUbVg2UU5IBxjKmRSEkbLLUNdpeI5HnB4V9DUtLRgLBODTOtVfuRf0lQC3S4g5TpoG6cgg5VPFIWkEFWMVS1wAJSZLBoUshIZHR5YTsgV9uFY0ysG4G+EeRmcOShlcw7FUpYI4xaxJFLSVdRbKjQ/OnK1FPUQVsQc0g5HCrrjb46uPxGAaiFSxz1Vvk0gkAFGpZEOLgsLomdQdOQVkbz4YyRz6LzK6Wuotc5BadOV7Lb6+G4Q4cRrA3HqoV5sdNWRkPhadvRbqNQ4vDOZqtNv5R42BrOrSrmyXfwHiCoOWHYE9ly7WaS1VLssPhOOx9FANOT52HHddOF6lyji2aaW81VytsFzg4BJGxXnt/6fqLfIXtaS3vstdZru+ncKepOW9itDWUNLd6TSQDtsfRbadX8Zz9f4qGuhtgvuPGGe5TdGd8rTdQ9PuoiXMjIIPYcrNEHdhGCF39PdC+GUfPNXpJ6ObrmuTpI5BGU+KrmjcHMcWkeij4PqnNTJJTMybjyjVWy9RSsayZ2Hcbq4jlDwCNwVgA4tOobEKzoby+F4Ekuyw26fJ2tN5TGITNzT10lM4aTsrqjuzZAGg7rHUdyjqWDQcqfFN4RBYd1zNRpVLs9fofJuqCw8m3grXEg8K4pa7IGcHZYSiuL8hryrinri0AuOy4+o0qiew0PkoWRTya+Ot37I/iCQAcLOU1cNgSrGKpyAQuXOvB269SrFwSpqSKQYc0EFVNZaPCzLArVlRnYozZGbEpDW3kb9szOxVTo/5coyByCjtIkw6nk0O+6tKy10tZuRod/U0KnkoquheTp8SPsRuVTW8XKMostKC8zscIaohw4yVbtkgqW+UjdZHW2X6Tg+6k01dPRu3yQEmdeOjVTa+pllX2QS5fH5T6hVjam7WZ+cuewK6oLxDVO8NxDXYU2WGGduHsBylyjg1fa+YEO39UUtWBHUjS73Vs0xSjXDICs3W2CGUl0J0OVYJrvZpNtT2eyX8aHRtnH8jdMfVM/uskd8qRHWBmBNsfssvbur4HlrZxpd3WgjuFFUxhwcMH80Mo4HK6L9lkythkwGndS4JnkjzHdUYhjdh0MgGfdOIuEBBiHiAehSto+M2jUMOpvm3/ACQZPKQTsPVUUN9kiIZIC1w/qVhDfoZdIlbn3U2sY5phqiKlqmeHO1soPIcMqnl6TEUvzFhrJKSUbhod5StDE6jqQDsfsmyUs0Z8SB+pvbB3CopYZFoeteorA5tNe6V1RGNvEaM5C1ds6ust7YBDKI5Dy0nBBWd+acRomZnHqMqvqrRaq1/i0cnytR/UzyglVnAxL9G/lbqwW7j2UGtoKWtgdBVwMlY4YLXDIWNbV9YWXSISKuEd+ThWtv67t0umC6sdSzcEuGBlHGcoPMSOP/Mihv8A8JLBcoXfJRinlO+3GV5ne/hR1BaJHvpqczxt/pC+iIpqeqaJKWeORp38rspxYTs9hI9F0dP5W6nhPg5mp8VprnuUcHyZJSCneYa6mkY5uxBGE+GloJDhuy+pK7pvp68xeBcKCN432IAx9isPevgVbpYnPsVQIHZyA9y7mn82msTRwtV4SSea+UePxWimfu1+Puii3Qt2A/NaG7fDvquwyO1Uz5WM/E0bEKlDJOHOwe66lfka5rKZlXj9vE4ghRNGC1oT/Aew+Vu6NpqGbxD9U6Kaoc7TLHjHdM/nNiv4MJdIBorQDpAwh6KgbyhWDauE7akXyy9h90yOsS7Aeg/RUO17+ThCdOQcY3Vy6nj50coEtvgI2GCtC1sGsC5aGaK4SgjPCXjDsn1NDID/AChso5p5/wATSPzRx1MX0KWmlF8oeZznlcFS4fhCCY3N5JTdQHKOVjZSgkSDUk42TXTE/mhpxGUHyMOMMjxK/wBU/wAVxGChImArVn7D+NnCNW+OE3XnbHCImeH7qnMnxhA4nskQT2SaD6ruPXdX8gahgenoA+yfrb6oG9w1RSDbJEgIPiDOMlLWPVR8dg4Hl7yRpOETfbdBEjRyUx1dAMguUckXgk6/ZcL89lCfXZP8opNq3Dctyq+QhKc9/ZuUmtediUyOqHBajGZpAw1TcgoxyPbFG7DpP80Zr6dg2fj2womSlrHom7sBMluqmcM3Q3VVUdm8IAfg5wiNlDRjSl5wUjgfM4+dyK2BpGp5/dC8Qei74xxjCmUMDB7WnAakYmuIc9wwo3i+y6Hl+CEblgvBLxA3aMAlISnGNKjtcAco4lGMY/dDuSGRaYRrynsBJ3Sijc8jZTRC2EBxGyuU8dDowbOQt2GVIcOMKLLcKSIbuxhVdZfC4aKYZQNhxlGL5Lp87IhlxGFFnuzQNMDvMoVBbLtcCJJ8MafUq+ounqakcJHOD3AdwhzyG5uXESrjir61w8Vp8PuFZ0lrijAd5sj3Vq0x07MBox6qhuHUUVNIYogD75RrkvKjzIm1NbBQt0vH2VBX3b5kOZAcZ2JUGoq5KuUyyPLs8b8JoIA4V9GO21yf2sYGnvz6p4IA4QxICcBSI4y4hQTzLsaA47AKZTUrnOBxhEgpTthm6uqGhdlp042RJ4HVUObOWy35wdBGFp7bRZIyOEGgpAzGWjJV7SQNZgjugkzs6bSqIWmpWsA8qnRjSBgZQ24aMBcL5Ds3ZKbO1p6lFB3zb7IZLuy6ynkdglSG0zfxBJlLcbYyUQDPMeMqQyPbhOMUUA1bD7lVtd1LbreP5kwz6JMrYx7LdqiWJdEz+9fpQnXSjgPmkCxlx638SUilhDxxl3CoKqtqax2uSV2/bOwSJ6uK6ETvTX2m6r+ubXQuLADI4cALIXTri6VbntpmNga7uByqmWFzyMNyTsFOtPSV2vExjpYS4N+rY7LNLV54yYp2Sl2Uk1TU1ZAnkLvuUSltFdV4+Vh1Z7L13pz4LyaxNc3NG3HK9BtXR1hsjWmKnYXjuRlZp2qQUK3N8ninT/wku900vq3OgaRnK9N6f+FVntOiSaATOx5jJuCtnJU01O3EeMjgAKHPdJqgaNwEl3JGivT8hWw0NuYIoo2RBowA0YXHVeeOCqueshiOqeYD7lQZb5TkaaYh59wqd/Btqr5L8zawTkcKFLWRRZL3b+ipjXXCp8hDYm/4RglFjpaiTSSSfcpEr8mlJQJElydIcQ5CHpnl3eeVLp7c4AagAVYwUIGCAq+QJ2qJUw0D3HOnn3U2G1yHGRsrSKlYBs1HAx3wq3tgO5shxWyEDcb/AGUhlK1uMBGY05wBkqXBSTTcR4RR5AldhckRkbWjHC7p9CrWGzOeQZRsszfPij8JOkozLeOsqBunlsT/ABHfkG5KdGpy6Md2uqr7ZZCNx4GcKQym1gHOMrxbqH+2T8O7e4t6e6cudzLTgGRzKdrh675P7Ly7qH+2N8RrkdNkobfZ49/7lpc8j01E7fknx0rOXqfP6WjuWT7BbRAjc/nlUd0636C6b1fx3rG1UZZy2Wo8w/JpXwR1P8TviB1g3w7/ANV3KqZnIjfP/L/8oOP2WWc6WV2qR5JToaXJw9R9U5f+jE+3r9/ao+Fdndots1Zdnk//AA8ehgH/ADvICwd8/tvV4DqTp3oqkjDfplq5XvOP/CQvmIRYASdGTp9AtEdGv0crUfUOqu46PWb1/aj+MF41Cn6g/h0bs4ZSRtZp+zsav3Xn9465616jcf451Rc6wOOS2SocQfyJVSGAY2xhEwCBgYTlporowT11935zf/cEGnG+T7roB9EXASwExaeKM8puS5Ywx5+oJeGMYwnruMpka1HoQ8ZN69+lRKicR4y4DKUtQ1g5ys9X1xmkIbnY+q+mSng/OEI5YO41XzM5IzgKA8BoyiOdncqLPONgs85bjbXHAGabB0gITGE7ldc0vdnCkwx7DbGEKWTTnahRRluymxR4AJTYolOijDQnQhkz2WCji04yjYDQkAAhTu22WiEcciH93I2WTOwQkzfOSU9EEJJJJQgl1q4utVogvqS0+6TURrfZaElggxrXahsijhPDQE0kDlA2WNIx3UOsqwwY9dkeplbG3U44HKrRmWQyEbHjKRJ5DgsHWt1HOOUVjE+OPgAIzGbcI4QyHOa9DWx7eiI3AzunAaQm4K0xiKlIenJJqgIkkkkQYFFJwMrqEqbwX2OBxnZdAaPO47BMaM5BKHUSks0N2ykznhEwRaqczTYZkAbJwaAMkpscXdwx+aZNJtss02MSyBqZNPtsqiol1OACPX1AIMYOSq3cnJKyWS3cG6mv2w+2EItK6CdjjZPa0EZISFldj+hJJJKFiSSSUIOSSSUCbwJdAOUgO6ecaeFAJTx0IAJyHg5RhwrQEXkYeFGed8KTIQQovr90ix5CRxxyASjRMAOwQo+6lxNwckKRWWW+B7GgBEamrh4T30KaycldgYBUN5yUWY77FCYCXBJk9zwUo4Otai5HqubY9E+ngMhJHZSX2ofTVK2W2I+IEHOMqdSxeK4MA3dthMjjDBjC1PRFjfXVja18WWRuwMrHZPJ6zQaWVk40xNz0bY22egY5zAJHNUy810scIij21kgnvhTJ5mU8GfpDWrOPnlq59bjkZ2HoFisf6PoMKo6eChEdSsPJCsI3Bg4QomADYYXXOz5QlDo8BomGeTJHlG6NJ53YH5BOpGCKmJfsSFymHj1A2VN4NNcc/wCSytdOWxtLhvytJSMLY26gq+3RMLtJbsFbEho2CzWSydfTR2rkdLM2OPUcDAPKwVxrp7hXESOJZkgDOwC0l+uLYYAw51O2ACzMUeDrcNykSlkK6WXtRJpKcPlZCwcla6khEUYAaBjbZU1ipC5xnc3Y7BXz3iJo2yslkjXp61GORlVNoxEw4JT6OlOPFkG/ZRoWGpqMngHJ+ytWkfSPyWWcsm6KycaA0HAVZNO6pkLWDIbt+al3CpEMDgD5nbBKw26SR4kftk5JKyWy2ofFNtJF9YaAUVEZntxJIM/YeiVZVF7jGPzR6upFPFpbzwAoVOC92pwyeSsEp7nlm+EdoakjJfnHsrF7hE0bKPHiMZ04VV1FcxT0u0gYTlJxvfBdktkdxRdUXj5ioMLD5WbKia44ye6A6Z0sjnvOcnKJrDgE+EMHIst3yyHa4lwa0bnZaCljFNTgEDU7cqrtNL4kvjOHlb3VtK4ZABS7+ejZpYf1MWTIcBarp63CKISOG7t1QWilNXUhh+lu5W6o4Qxoa0YwuZdLB16sLkMB4EJlI+lZOGml6ivROT4bXaVddSXD5em+Uid/Mk2AHui2SiZY7X8zM4CaTzDUFjc+S5vIupKxlPDDaaYgCNoDsd1m3kudpbvhGqXvmldK55JcSSSi2uhkqapoYMhvKiZC9sdKy2W59dMBreMhZO4V77jcMNOxK0nUlzbTUpo43AANxhZq2Uge4VMgOx2wjKTyW9vovOxjRuTuVpoQc49FBtdI9gD3N5G3sFashDgEq1jVx0PZGA0Jzn6BkhODMbBZ/rW6C2WpzWPxPKdLQk8yZJy2LJkusb2blcvlYn/yYPLsdiVTxx4GwUQOL3anck5KtaCAyyNjAO5T4rYssyubk8mh6PtInqBUPGWtGSvRqSnDcaRwqqxW5lJSxs0eZw1ErR0sZaRtyseos3PI2AekjII2VtAMYyo0DAOylxAADC51jGrkO1oHATxyuYwu4Kyt5YAQcJqScqKEkkkoQSSSShDo5RgRjlAXQTlWngCYVJcBGNylkIsijqS5kLqhBieuZCad1XRB2R6pEjCGMnuk3PqqyQR5XDwkkqCSBuJJ3KY84aiHhAPJ+6KPY6HZEqRkE+gWV6kqDHSua06Sc7rV1mAw/Zed9a17Ix4THbg5OF0tKh7fBg7pNJLUYc7gYWy+HluidHJWyNy5jsbrCvL5qjGCS5wAXs3T9tFutlPE2MNLmhzj3JK32z21C13yW0DNxgcqaAAOEOnYABsjnhcmyTYw4cAEKLhxdhHPK7gJZWRAd11JJUQSSS4ThMTwE+RlTJ4MD5v6RleY0wlvHUTnPGYg7UCPvwth1jdfk7VI1r9Jf5cqk6WoPCpPmXjD5OPYLRBlGhwGjTwBthRJySeUeVwAxlQnOBPK0qOQwn0jKaX6sjHC7nugueCNJWiupsVb0QLvVNpIDM9wwF4zea+W5XCaVziWh2Ghbz4g3cU1J8uCdTzgLzikaZ5Wsxse6934TS7I72eP8rq97+NFvQM8Cmy4bkbLrpM5JCUjw3DAcADCboMjg1vK9C+Fk4tcfklgt+l4WyVBqHtzhu33V/UTnVjCHa6VlJSMy3D3DK6/zP2XLte6WT1GjqUIYYowS4bKY5wjYCeMIbGBrc4UW6VJjgOEsbZLaihuVS6eodvsCosYy5J2XEuJ5Uiliyd0yBjn93JMpWZAJCJVvDIyQUmDSAAOFEqHnIC2Ux3Mx3cIH4ms5I5XnvxK6l8OF1vgkAc4acd/craXSsNJQyzMxlrCV4Xea6S5XGWeR2dyF6bxmn+5SZ8v+vPNQ02k/jQf3SINO0uOVoLHSOkl8Qt8re6rKKlLzsN1srXTCmpWjTuV6+mOD8/amfoLK/QMAdkOlYZpwMd0qqQOIwFOt0YEIk07la1wZY8skFugBoHZJowMnunA6nLjxnjss19uEem8ZpFxNkeeTTnjcLxv4ndUPnnbb6WXTGBh4Hc+i3PxB6op7DRiNkn+8vaS0DleC1NVNWVL6id5c5xJOV53XannB6WMlBLAxgOQccqS0nCYwAjJCI3Yrizlu5NEZPJZWfJq2tI2Xr1oj0WjLdiRheUWPS6qbsvW7X/851nme68FD/T3EQDHKkUTcO1AIQGVYUTBjICT0z0kY7mCqo8Rvlx2XmV7OqqeccEr1K4jw6WQd9JK8ruut7pHA75OUMm3wcnyvEdpRVX1DCbSgEpTDBGU6jBySmwPI2InRDDcYUWtADfVT2M0t5UKseSOFpRk1X2wZVEEPKNDs8Edk1xyeEgMJylxg4G7a8o0VukMkLtRzjhOdscYwoVpnOdJPbCsXtGMgpM1k9Bo7d8OTtK7fcqa5oc3lQIvqU2D6Qs9kTt6ef24INS0tILUxue4U2pj4OFEGR2WZ8Ggm2uo8KTQ4+UrR4a9rXDghZHWWEEDdaS01Qmia0ncKI00Sy8Mk+GS1wIVJXQYJdj91pC0FuFWVcGo7BMgN1MftwUUY8xYeU2VhjOccojWEVuTwnVJDsYCtrg5yWGDjxncZyu4whNd7Iv5JeMBxJNFUGGcajkHZaABskYIPZZcDJwr221ILAz0VPg20SzwwdbAHDjlZe5QOhlwG7eq2szA78PZU1yoxJG4ad06MsGfX0/JHgzsDhjCYTpP3XXQugdpJXXDJTkeenDHA2Qlwygx6s7lSCBjCFjBKYhM4FzZax0bvCPHutE3BGQcrFQS+G8OB4WqtdXFLGPPvhdPSW5aicvWQ3Q4JWndE8M+icG78ozACAMLprB4zUrbMD4Ixwh+GR2U3w89vzTPAQpIzuzAGI4JRXND254TNBRIzjsoynN9lTeKCSpg8g+nf7rLzQmI6SMFehCHXyMLL3e1ubOS0YBSJV5Nunv9MoWyFhGApokbKAECSDHAQY3FrsJNsODs6e/GB9ZStLctCpnRkOI9Fo4x4rVCr7aSDNE3B7gLDNYOjKG9b0VsNS6BwI3WntVSJ4gdsrKPic0kEI1BXTU0wLTgdwgU8M0aa7a0mbJ4xjASdvyEGirG1IwRuFK0pje5cHag8rJEmi1DOMqC+LG5CuQ1pBz6KLNTasloS5RDccorQ3GcobQQ4Z91JkYWnhCI9EnAtrBxSqCtkpJBg+U8hRSQOUlQcJuLNgxonjErOCMqPLFk7jhVNpur6Z4ikcSw7fZXxDXgOHB3CM6FUlMqqmmB/CoL2GJ+wV3PGQQcZyoNRBq7IQp1ZARPDsDCc+AEAgIRY6JwIG3opLZg9oTa5GadXBXVlFHURmORmx49lm8zWuqLN9IPfghbR8XfCgXC2x1kBY9gDh9JHOVqjLHJytXoYzg8gaCtMzdbJMfmrNkrahng1ABB7rIN8a2z+HJkDPKvqSuicxrid1srt9M4eNsdrCFlRZ6jxI3F0R7dsK9pJWVjA+M88j0Vc9zayEs742UOiqJqKcNxgenstkZA4cWaGSDAzhRSMZBU2GRk8escYQ3sDd2hPxlBp5K+aJr2lrhsRhUF1t4hZ40bds7rTPOdsYUaWJj2ljm5B7JM4A2JejIk5TdPurG7W5sDRNADgnBCrsYyCs0oZMrR044Ka5mF0NyV05aMeiRZWEAI0lOG66WknYJuktPCS1groKwgHdTqS4PjeADgfdVpOpLf1RQscHwBKuM+zXU1ZFO0BpyTyuT0UMwG43WahqnwEaXYHdXNFc4ZyIy/cDuVurtjLiRjsrlB/aR5HPgkLHN4KkRTHLcKfNSx1Uelwwex7hVcsE9E8F27OxTWscoTnPDLWGXW0NfwlNQud/NgeARvhRo5I5GBzD+Skw1GcBU3krGOQHmewtP1BKne6F+W8qW9jZBloAd6oJiySMYIRJ4F5z2aG13uKeL5WuHGzXd1KmpQ05YdjusnHkkDOD2OVd2y7yUrRFVN8RvGe4TYTMtlUk8omGIO8ruVFnoQPMFevpYqmAVFMQcjOyh6cnS4YITlHIlSa7KmOaWilbJDlrh7rXdO9XukeKepdv7qgq6MadWnCqSx9NJra7golLYwJ1QtXPZ7TDLHUMD4yN+yfg+i806d6snoalsdS4mN23K9LoK6nuEIngIxjJ3To2Z7ObqNLOLH+GfRcMeOyOGYPCWkHstCOe8p4ZFMY9Ezw/RTNG2MoWgKSQSaIzoRIMOGQq+e2uY/xaQ6TnJaTsVchpAI9UwMSnDIxTwUzZsEMnYWO9eyOaZsrRnSQfXdTZKdsow9gIUV1FNAdUDyR/SULr4HRuZnLv0hT1BdNDGIpOcs4/RUDqi42ciGrhc+MbB7eQvQW1Bb5JW4/wAkGtpKSqYQ+Jpz3ws7rw+DTXqHnEjL09bTVbQWSNcfQ8pVdvhqm/SAT6plf0m+F5qLe8tPOAUCkujoHfL3M6C3bJCXKO54NKtjHmDM9dOl6iJ7pacDB5CpYpp6KfzA7bOaV6gGxTMDonte0qnvHTlPcI8taI5Bw7CRZDHRoq1bbxIoG/LVsXiMxn091Dmpyx2Fysttws7wZAdGdnN4U6krIaxgZK1pP7pUlng1qzjgrHszjdRnsJOyuquh0DxIdx6KA6EuwgcWg4WfsHT1ZYNEu47FTodFQMDDgexVbIzjKbFNJA7LOEnHpjGm+iTWWdr/ADQ4Y707FUzqaogeWysx7+q0MFYxzA4nc8gos8DagAloU2hQslF/cZwOe0+Ulp9QcLVWLrqW3sZTVocQ3YPHOPdUlXa5YyXxAY5wqyYODsPGCEUbJ1vgKShauT3K1dS0tdG0sna7PbKPcLVQ3aI6GMY8/ixuvEbdcKu3vD4JXN9s7LfWLrmOYMgqYyx42LidlrqsjZxJgudlDzHoLV9P3G2SmRgL2d8bobZM/dbKmr4aqIDW1+RwVBrenqeqzJANDj/SjnQsZR0dD5SDe2XZlKqggqh5mNB9cKIZq63OacFzBt5T2VpV0VVQSFkgO3dDbI2QaHtG/qFitoO/p9V9ylWwlFeqWqw17tD+4K03T/U9x6fm8e3SjBO4JyFhqq0NJMkBwedkKGurqB2mXLmhYbdNg7+k81OpPnDPpzpj4g2zqNjYTpiqg3D2E8nuQtIyUsdqacEL5aoq8nTUUs5ZINwWnBBXp/SfxSjZFFQX+NxLcNFQ05z9x/qsM62j2Xi/qKu1Ku18/s9e8WKYYJ0uPrwolRAW+49lEjrIakNkppBJG5uoOHdTIqjIwUprB6iGohZyQpBpPGCmFuRyp8tP4o1NGfsoL2SMO7MIMPORqaa4Kq62G33BpZNA3UR9QGCvOeqPh/LSMdV0h1NBycDfHuvWHuDsZCDIW40uaHA8ghHGbRh1Wgr1UdrPnzwHRuAJ3HKkxTGNwHK9S6i6JoLuwyUbWU1RzkDAP3Xm9ztFXaqh1PVRlrmHGcbEeoT4zyeO1fjrNNPallEimqSQCQp8U2cbj9VRwuIAKmQ1BBGyZlGHDXDLlsu2SrC23yrt7v5TyWHlpOyomSl+AdlJaBgFRrI6m2VTzFnodBfKWsDNTgwu91YEZ37LzBkrmkFpIP3WgtfVlTTBsVXiSMbJMqs8nZ0mv+7bYaSSkka/xqd5jd6A7FT6GuEg8OXyyDYg91Gp7hR3CMSUrwQfVNqKQTHUHYcOCNkpxweghbD0y6A1KPLDgbDH5qtpq2ajeIqpznN4Dj2V5G+OoiDmOB9UlxHRlGfBlrzYoa45DRFJyJGjBB91XUXUl36emFvvbPFgjOBNj8PZbeShDxqwoVbaYK2MxVETXtIxuOEvANlWOV2Bnp7J1VQ4donicPbIXmHUfQNz6bqRdemJ3MAdlzWnsPZag266dJ1Rq6F/i0zznwhucLQ2rqG3XtphLQybG7HbIGsmZwU+0UXw8+PDqWaK0dUNLZWnR4hONuy+g7F1Y2rhbPRVQkjdvp1Zwvnrqj4b2e+NMscTYpxkh7Rg5WJt/VHW/wAKKsvqp/FthcGtIyQ37rPOG4y3VuDWVwfZfUdjsvWtnfbL7Qx1UErcFrs8fkvj34uf2arx0aJLz0o+S427cmnA/mxY9877f5L3X4e/GWxdUQsbDWtZNpGWk8nuvUKStpLhHplDHNdse4P3SmnHoxX6SN6yfmW5mwyMobYyXADZfbvxY/s0dL9cyPu9ocLfdCCWyMaPDcfcBfJXWHQnUvw/uptnUlukhBJEc2PI/wCxVKeezh6jx863wihZI+nw5quqCsjqWABw1DlU7gHcjZMbE6lcJqY4cORnYhUzHDMHg1ROjdEbIdlT268x1R8CYGOQevdWYaXYWecc9Gyu3PY6phjqozHKNQPf0VG6Ca2ylukujO+Qr4eUblClijmZoeMgpDjk0xljki0lY1+CDlaGirHYGVkainlt0okhBMP+RVpQVviR5BysVtWejdRqMdmvgqw/G4UyGoIIOyy9LWnOCVa09UHYWGyHo6lVxooqrUADuUUbZVPDUYICsoqjU0bJDi0zYpJktkvbCBWUMdUCR5XJwOMpzZAdkUXjkJpOODPvlqLVODgjB7LS2+609bC0ucNXBBUero4quIskHPB9FnGulttSW76QU3cmZJ1OPBqbrZKS6QGNzWgng4XmtzsNXaKpzHNPhg7HGy9Dtl3iqR4TnYONso9bb4LjC6KYAg5wccJ9Vrr4MNtClyjyaopTp8SMcb4Ck2S/Op5RTznbOASrq7WKW3yODWuLf2VBW2Z0mZoDpfzhbYXbjmX021f6tXaNbJT0lxiy5rXAj7rD9T9IywNNVE1pHq1uEez3uot9RomcSwHBB7Ldwy0l1pdtLmuHHotun1MqJpxE36fT+YpxZ/uHhT2PieWvGCFwbZXpXUnRTZ2F9M1odyCAsFU2+agmdBURkObtwvQafWRsWUfO/JeFt0M8WcIri0jsg+YvyVPLW4OOFH8MnstDsUjjfBJPJJo66WmxodgLRUF3ilw2RwBWQeDsl5j+IoJ1KZpp1Mqej0iCbU3VG5SqeulYf5jsgLCW2+y0obHI4lo7rR0l0palvleAT6lY79Kn6PRaDyeMTTNZTXVrtOHbhXdHcmu+ohYaOTQQWu/RWMFfpwCVyb9FF+j1mk8w12zdw1kZxh26MKggjG6ydJcBt5lawVwfjO65d2jwen0uvhbHOS+bVu74T2yh+xI3VUypyAEVkud1hlS4nThcpoJVWlspMtO4AnsoL454DplYSArKOqLcAlPMjJRh7QQlNNDI4KjDHeZjtLh6bKTTXKtpHAPdrYizUEb/ADRnBUYwTMOk7hLktzGqWx8F/T3KmnYNwHFKQB/ICzwGDqacFWVLWEsDJTx3S3HHQ5WZBV1opZzqawMce7dlAEdxtztULzIz0V+10Uw8js4TXQtcNLglNZC57RBouqWscGTNLCr+juoqcPiqAPbKz9XaqaXcNwT3VeKKoopNcbnOb2weELgh8LZL8jemogqPJVRD/mAQ6qz1GjxLdUtcP6SsvSXyWPyTNJb6nlWtNcjs+nqMe2dkOwerk+gsNxr7fJpqGOYR37K7t/UR21PH5FQWXCCrb4VbED7oMtngkzJSyZB/DnhLayOjLJqYbzR1DtLw0E90aSnilGqLQc+iwj6WppnF0bng/dFgvlZRuAcTt6JTgxsbor8jZCWspnEgkt/pO4Q5mUNxBbW0sbi7uG7hVVF1dQyYZWHQTsrhrqOrYJaeZhB9CheUMc4z/Er32F1K0yWuvljcdx5zj9FLg6g6jtUTRUQsqmgbkDzKQKWTs7lNPiQnBBKiJKOeg1L17ZZsMrWup5OCCFoKa4U1XGJKSqjladxh26xlZbrXXAiana15/EBgqlqOn62gBktVXK3uAHFMjLItto9cjeJWeHPGHtI4cMhVF76G6TvsWmptvhyf94zY59V57Tdb9aWRn+/UYqII9iQN8LQWv4uWGqe2CrD4ZPxZHBTVZODzFme2Cs7Kq7/Bqspw+ayV7amMbiNzcO/zWFuNjvdje5t5s80UYONQGV9D2u+2KvY2SkucbtQ4zgqxNNHNE6F0bJY5BuHNzlbKvIWQ7M0tND0fLrae2SjUO/uuOtmd4JyGHjde+XP4YdLXKMkUTKaQn64RpGfssbdfhFfKLVNaiKqEcDut1floPhip6TB5ZNT1tOdwXN9RuheLKD5wVtK6wXy1ktrrXLGAdy5uygSU8b9nsa3HOy0x18ZiHpmzPMkzzsieExwGcBWstnbJ5o2ZJ9FHdZahpyCcemE+Oqa6B/iv2isdRxO3LMoMtuhAyBhWclJVxHYYwgPeRs6M/onLWvIuWijL0VL6ZzThrSUMsc3kK1fNTbakNj6V2xG60R1qS5FS0WPxK4tcNyneb+lWXysUnm0lIW+WX+7jP6J0dbB9gPSy9FZkjslq9lLqbfVwM1CEkewVW6rcSWBhznjCbHUKXQmdTh2gwdgjZPL8DjlQXOq3bsZgIRhrHnGvPqE3Jnk2iwM4J7LjpzhRWwyDd/P3RRGQFe9+ikt3Rx1S8Hhd8Zx7J3gH0T/AcDwglLIarbB6nH803wv8IUoQDkhODA3hVll/ERBF6NRGwnP0qW1jQeEQNGOFWSfER2Q7bhGEe2Cn4CIB6K1JoOMNoLw/ZLw0bI9V3I9UfyMLaB8E+iXgn0UnDPb9V0RE/S0oZWBKpsieAf6f3S047qyhttTN9MYwpcVjeXfzWgBV8y9jFRKRRaUSKmllzobkLRttdLCMuxt6pj6m305HnDSPRErl6CVS9lXDaahxBecBTW2+CFuXYGO6jVPUQbltPGfuVUVFdW1bsb4+6pzyFiuHRb1FfSUg8rsn2VZNfJq0mKA902jtdVWyhhacHnK0du6bp6R4lkAcfTCtSyFhy4XBn6ax3K4ODnHLTyVpKDp2CliALQ5w52V1DGyNumNoaB6LjyWclFkNUY5YKKNkY4AA4CDV18VO3U54aQq+69QU0EjoWOy4DkLM1FfLVPJeSR23UFTls4RZXe+STt8KGTbuVTEFzgXclNLT3CdglMRnlKVnYQYAHZNe0vGxT3RucQQFJp6R5xkIuhcanJkaGmfqzjJVrR0jiW7KXSW8HHlVxTUGgNdp491WUa69O2Bo6EAAuburqjpmjHlUaN0MeA84U6GoaSNGD6IZS2nU02nwTWRBrQBspkTn5Aa3KZS26sqQ13hkAq7pra6mwZiB7krLPUQXbOpXDBGgpaqbB0YCsYqEgB2FErOo7TbgY/FL3DsFmLj1zWSNdDRgsZ2yslmsj/Saoy2mvqamkoW6pngYVDXdaW+Fp8EF7htgLFVlbV1btc8z3E+pTKO211wnENHAZD+LA3Cxz1svQFtjJdy6iudyeS+dzGngNKq36nH+Y8uPutzavhL1FcQyVxZAHb6XnzBbW1/Cmy29zJ7hmeb8QJyFz7dZnsQ5OXZ4rRWuruEwpqSnklkPZoW0tPwivVyLTWl1Mw7knZe0wUtDQwMho6RkbG7ABqMHO2yDj7rK9U/RNrMdY/hdZbS0GcGoeB+PcBa+kpoKWNrIoWNDRgADC5PXU1MB408TO/mdhZ24/EWz0Rcyka6pkbwGnAz90qeoChDJqHVUrMiPbbfZVNwu0EXlnma37lYmp6s6kvTzoEdJG7+jk/moraSWWTXVzPkdzkk7ofnkzXXDbyX9d1PSwSGKnilnf/UweX9VD/ilyq2nSRCDwDuUOnodWBGMK1pbRPs4gAYV72x6kkVTaKepeDUSa/1VnSWlrcENAVlDbg0AEBTqeDRjZTLZatIkFtcMZIwp8VJoHACkQs1cDdS4aQtzJPMyJg7uKKCcmLs1EY/kyLHDjtlSIYHHPlIWav3xa+FvSuBdOsaR79/5dM0zO29gvMuof7Y9ip43N6Q6ZqKw5w2Wrk8JpHrpAP8AmtX8eyX4o59/l9PR+TPe4aGaXGgZCNUusVnhFRfrvR0EZ4fUyaGn13/RfFnU39qH4v8AUMfgQXxlrgO/h0LPDI/8Wc/qV5dcbjd71UvqrvdKqsledTnTyFxJ/NaatBZJ8nH1H1LX1Ufa3Uv9qD4SdLSPgoJai7VDNv5DcRk/8x3H6Lynqf8AtndYXISU/SdiobTET5Z3gzS47c7fsvngQ6RsMIgZjsuhVoYx/M4Wp83qLuE8Gi6l+JnXnV+v+P8AVFfUtcc6DKQz/wAqymZHSZeST6lSNPuuxxEnhalp4R6OXZfZZzKTYxw2CjPaBhTnhoGFDed9k2NaRhtlyd0t9AuYaOAnJFpKNQS6AjPKO6vZOaQe3Cbp905gxlFtLyOwEkklNpe4SZk+idqA7poOVMAfJyFa3UnsamsRxHtypgNPJNrq9wkMbNwO6rXPA3IXWZOS852QZpBjAXv5Sx2fnuEMDJ5sbBQy4yORdRcTgLsceDjH5oX9xq4ijrYsgeXP5qXFFjG2PzXWQHA8qlxRYx5f3ToRyLssORw47KS3YYXQwYyhvkxthaIxWOTM5OTOk+6jPcSd+y69xJ5TUbeRi6Eu6fdJqROVcY5IOSSGTvhdAOVfRDmCkibEDZINUI3gZHGeSEYDCc0D0XU0Df6GHZRaip0NzgI9RJpGfQKoc+SeXDdgO/ok2c8DqxO8WeUufuPRSIo9wAF2JgbyMorWc4UjWw28oc1gxhE0gdk0NIG266tEYpC5Swca0g5IRQBylgLqMESYnpgIPHZQg1JOSUDGrnG67g9gmv8AJG6QjcJcpbVkrIOaVsDNbuew9VAhkfNLgjb1SkdJUP1E8/sjtjZHFszfklZbJNjI8DZ3iMYCrqqUNZv3RZ5NTshVtZLnYLPZPJsphkhzO1PPumDlJxyTlOaDn2WOfeDZxFYCAA4KGiM+kIatFD0kklRY5JJJQIS6GnVlIDuibEDZFGORdggEsj1SPCYM5R9FZH43ynu7roBDN0J/CCctqBGOOc7oJBJ2C64nXjKIxueyzJbmGciacgYUsgBowmRsGE/OHBaYRwgJcjzwhSP0jHqjFw05KgVL9T8A8IbCJ4OOJc5GY3G5CFEckAo5wGpQUpZQN2XEAbKypYBFHuRk7qHSweJNqI2buVPOM+yzX24eDv8Ai9LtXzS6fQelpJKqojpoRl0jg0L2Gy22O126GmGGvxl33WU6F6bLHtutSQcjyNI3HutfcpjBD4g+yxznk9/4fRqmHzTXLIF4uDXuFLEc7+YoFLARiQhRYWCaYPeM5OVaN4wBwkS+460uWOBABTKUGacZHlBTZnY2HfZTKOE08Q1YLjuhGQjkJUHDCxWdtpWhgwPMe5VbFEaqpBx5StDQQAFukbDZKsZvoqbaZY08bImDSN+6fPKGN83CR2aqu+V4hpyAcFZ5s6L+yG4prjUOrK0uz5GbBcp4jNK2Md1Da/VuNiVfdP0heTUPb5QcBIm9oFLc5l7RQNp4GtAxgJlRJqIaOUVzgxjiSgUrC+bxXbgLHZLcdaMcLBNpIhDDqP1O3KKwkDUTgBCA3xnZNr5o4KY6zueFnayaEtqyRJXmurgxrfKCtXSRNpKdoDd8ZKoOnqQvkNU9uW52yrysmxhoXP1MucG7Sx43MZUOM0v2UqlYG4USnbqOSpZd4YHdYHlvBsHV07KeAyEhebXq4uuFU5+TjPHYLR9UXRzIjGDhYsOzvhOqhg5Gv1H/ANODFrLOByj0cT6iUNGfdRS/JxjhX1ophBC6WQeZ/HsE6bUVgx6fNjLOEMpoRG3GcJoJedjklRy/XJgZVjbaXXUsysF88cHd08MI01ht/gxNcW+d+59gtGCKeDXjhRLcwDluNIUe/wBdLBTCOLmQ6VzLZ5NuMIhUVNJer+Xv3ihOSe2ym9S3FtROKSHAZEMbIlPG3p2xNfIc1FQC733WeEpedTtydyVnwUPAJGwWms0LaOiMknlc4aiVRUEQmnDCMhWN/rfk6IQN5I3RklLaZy6TvuNxLGuyNSurZBh8cTRgD0VPaYNZM7xuVr7TTaI/Fc3d2w9gibwRclkxoa0NGyNnCG0Z2CedlnlLJphEc+QRtJPovJ+rbw+6XR2T5YvKB22W26yvH8OtjxGcSzDQ32915fHqe7zHJO5PumVRyzHbPMtoenjLnZwt10TajI410keQDpYCP3WXtdFJUyCJjc55XrNjom0VHHGBjDQpqLFFbSRiWlLABjU0bq1p49OCVCpmEEHCtIm4AOMLjzk2Ni9oaMAYwpDAdI2QmdlJaAAFmm8sP0cYDkHsjgDCbgLqUAOSSSVEEkkkoQSSSShBJJJKAHclLJXElARwJynfhQ13JVkESc7FcSSVEEkkkoQakkkoQGeD9kB2xKOXAg7oDnDJKZAfBEC61HhR615N1hXwzVD9K9M6kn8OmA+68Wv03i1j8HY9/wA119LD7cjLOCd0PbZrrfIvLmGA+I/I5wvZmtOQBsBwFjPhha/Btr6zkzOGnbfC3ekYGyDUz4wLSCRjAXXJNGAk5YGM59nEkklRBJJJKEEhyHAzlEUGvm8Cnc77lMj2EzFdXVIud0htUQ1AOBf6K/poG09OyJo+kALN2JouV3qrjoIY12lp+y1MuzMLXBFEWd5HdRslOqHZfsUxaoxDDNd5XAqJVO8GJ0vojvHG6zvWN2bQ2x7GvwXBdTQVO6xRMWstVNbmzzTrG6Pr7q468xxktA90C2RER+M5vfZVzy+sqtt9RV6A2GJrOMDC+i6Wj4YKJ88tv+exyZHlkc6YgBW1mpDLO0ubsFVMbrl2G5WutUHhUzS5u5ATNRPatpt0FDlLcTnktGAdhsuRtJIOEMOLpGs7FS2MwBsuZJ5eT0qxGPB0d1n7xWa5DG07DZXNbMIY9eVk6mQyzZHcqRWTJdL0cYS5wGOVYwRZAONlGp2A4yFPjGOG8e6fFY4MzeBv0tJyq2qmGcKfVytY3JKz9zrIqaF00jsYBXS0Wnds8HK8hrI0VucujE/EfqCVoit1HMWtdkyEckeiwEbCTqIUy81r7lc5JicjUQ37LtPTmRwa0ble50Wn+GKR+YfqXysvI62d7eVnCLSw0fivDiFpJHCJgaBsBhCtlIynp2O04cQCmVbjrwF1oRwjx9s98jkbBNIAeFctAija0ADbsoVrp9jO9ud8NyppBJySisltRo0lTssRxvdRrncIbbRvq5nNDGDJycBSsbEZ3K8c+KvVsstSbDRSNMYGZe+65Wq1G1ZPa6Wr4oIxfVF/l6mu8tYS4R7hjT2CpnQaMFOYwgg447I2D6LzF03ZNyNqa7GN8o3XQQTynnhAB0uyPVJYUbOS/sG9U38l6/b4yy04PdeUWGECSFwG5duvXoQBamY/pSJn0XwK/wBFkONnsrCgYA0DHdQ44zoLs7Kwt7P5GT+qT7yekhEiXzIjmxxp5/JeX1/1y/mvUr7gW2YnnHK8sreZEL+7g43lu2UFVsQFIt0QLMoFVvj7qxoogIm4HKbUsHlZRzNhwzDVWVrdj91cGLDM4VXXj+U9a8ZMWuWIFWeU7GExPTEeakGppvCeMd1eRyeJECPRZ1XdrkDoNLuUEouR0NDftltCx7O3U+Ajy/moEo3GFIpnEEZKzzR6jTTxLBMlaHtGyguaAcYViDqbhRZ4CSCAs01g6WE+iMW5U22SmKcb7HZRdPukJDE4EJYUXtlk2kQEjQ4b7KNVxZadkyz1gljA1ZyMKyfCHcDlMT/Rta+WGTK1EIbKSG7qG52xyFcVUWirJI2xhVldF4LfEwmo59kNrIgPm4UljtTeFHDgd8IzH5zsqkkhUOwikUMhZKDqUcjIwhxvMbt90qUcmqrh5NRCGzNyCECemB2wgWyrxhp7qxmiMjAQpHs2OKsWDFXemMU+QNiq9rvZam60fiRkgb4WYkY6N2khaU+DzurocJjsFDdsEQOJCGd0UZZMMlwDa46gFbW6Q07tYOMhVWMHKPTVB1YwtWnlslkxXV74tG1pp2TRNcHDJUyMEnKzFBVFpG53WmoZQ8DI7LtVzUuTxXlKfikSg3ZP8MJwZkZH6IgjIT0snEbIj4wOyZG053CmujI903w98huEewnIwNwOFErbe6pZhg3I5U8DHdEa0EaRshlFMZXa4PJ59cKOWjlMcrduxVdIzHmAXoN6tQq6YuDMlqxFRSyRjD24wstyOpp7vk4AQT6HAYVhs9ocByqc5jeDjhT6aoDmgFYbYHpNFcmtkivuFGG5kaM/mql3kcHAZWsmgD2Yc3IPuqWtt7WnUwcrFJYZotpcfvrO2uvMUjdR2WogkbMzUCFh/DfGTnbCvbPd4ARA92/qUcZpGvRanP8Ap2F9oIPskcEYwiMc1zMtGQUwtRnbUcEOppvxNCheGQcEK98IEHO6gVNOdWWtSmkBZX+irladsbrjW6e6NNGTjbKZpwgFYONG5V3Zq94d8vK7IA2JVKBhEBIOQcFC3gbTJxkma+WNpaCNxhRJIh/T+6FZbg6dny8xDi3gn0VlLDqGWBV2dOM1Pop54B6KG3VE8bZVrNEQeOVGmp84wFM7QZQyKMtkb2BTXxYP0oALongY5U6MtkaE1TbM8689lHeLWauHVHgPbv8AdUVNK6nk8KYYLdt1uHxgdtln79aRM0zwNw9u5wtlT5OLr9Bu/wBSsdQ1jQ4HP3VlLTx1cXl55B9CslTyyRYDnbhX1quJacPGQVuhI4Kl6ZIo6mWjm8GdzgCdiTsrhkmsD3VdXU4qW6oxhw3CDQV7oX+DPsRsMrXCeCfjyW74cDUAobxg4IViHh7Rso81OXbgLQ4qSLbyitqYjI3RjOVQV1FJTy6XDY8Fad7D37KNUQMqWFkjfse4SJ14ETjnoy+jC7pypNXSSQPII27FRz2WaSAb28A8DuFxzRjICdpJ7Luh3os8q8gkZwLTsF1p1IxZ675CF4bgScJEoNDDrmHGyawEHbb3TmvxsQnbHBCpN9oD/Jd2m6bNgqXb8Ncf9VeGKCqhMbgCCsQ8Kztt4lpSGTZeB39ltp1HOyZkvo/+pWiTUUVRRSEx5LeydT1WT4cnlP8AmryEQXGHLXAgj9FS3C1yxyHGxG4PqtMo/ozKalxLglRvew6uymROY/BKqaatAAin2cNsqYHkYcx3KpMkoP0SaigyTNTkA+hQGPke7w3ncKZSVA+mV+xRaujilHj0bsuG5b7JmMGeTb4O2y6VNrk3BkiPIytXTRUt1jFTSyDJG7e4WIa8k6H7FGgmrLa8VFJK4E74BTVIy2V55Rr3Q6D4Ujc42wVHqrPDLGXxkNPoVYW26UfUNIASI6powQdjlF8KopD/ADGEtTorcZ1Lbw+zGVlF4LiCMEe6nWLqGts9S1we4xj6mk8haGaipK5m0Y1Y5AWar7bNSyFj49hweyNra8oY5RsWGesWa+0d6p2yQuaHY3bndWWgrw6mqa23SCanlfG5u+WleodJdZU18gZTVTmx1LBg5P1J0bfTOZq9JKK3Q5NBp90NTXRFoBIQtO4WlJNHNWQZjyEHwcE4U5sYI5TCz0VNIJsjGJpSEIajaDqRNA0odqLyVlRQskJIAGVXyQSwHD2am+o3V++P0QTTtcMFuxQOGQ1PBR4a7g/kVEr7XR10fh1EDHg8HG4V7UUTGEOiGCVEkiOfMMIJVIbXbhmKlstztOX0rvHhzkAfUAjU1wbINMv1dweVqmhQa+z0VV5vCDHn8TRgrNKrk0xt3FLVQQVMelzGvaex3WXufTE9O/5m1j3Lc7LVzWyspPNGfEZ+6EycZw4FpSpVGuvUOLMdTV+/y9ThknBaUV9M1wJDeeFf3Wy0lzZkMYyT+sDBWbqKeuskgFQDJAdg7nCXKBthbGzp8kaoo3x7uGxUJ8buMLQtMNXCNJDgf2USehaMaQEmVOeujRG1rhlK9r2cd1Lo6/S0RTHJHBTp6Rzdy3ZQ5YHDt+aRKLQzKmuC6bIycZacqNUWuN7eMn7KsiqJYHAsdsPdXdNWQ1EIdrAcBuDygbyFhwKGejfAT5cBR2y9twtRNC14w4Z91VV1s0+eFnKNRceUMV0ZLEiVZeoq+3nDJi5n9LivQ7H1TBVMYXubqPvwV5E4Pifpc3BCkx1DmAFryMehT672uJGS3TRl91fDPc3fJV8YbLG12r1Co7r03HGDNSuwD2Kxtm6yqaPTFUOc5o2yTlb603ulr2DTM37FadsLFlMKnV36Z4lyZowyxHDgfzXH08czSJGjdbWe3Q1ozgA42OFR1tongJOBozsQs9tOej0Gm10Jx3SZj6i1ywkzUkzhp3ICfT3KeEBtQM+6upKaRpzp2Ud8NKWlk4DR9lgsoOpRrccwZoOmviBcrRK0RzeLBwY3HcD2XrvTvWVrvrAyneWTYy5j+fyXzvLbHN/m0r9Q9inUl0raCQOD3Nc07EHBWC2jb0ev8f52dMdk+UfVbX1DQHwvG/ZOdKyoAjmzG/1PBXi/SnxUrqYshr5fFjG2TyvWrT1PZr3A0NkYHEcFZth7nR+Rq1EFKDDVFuqgNcIDwN9iogZr2cNxyrXwqmn/AJtLMXs50k5Ud4p612tp8KXhze2UB042buSEW754USvtlDcYzFWU7JARjJG4/NWUkMkZw9uR6hCcMDIUyVZWrOzy+/8AQlZQOdUW5wmhOTo/E0LNs1NdhzSCOQvbJQXkAt2WevvRlHcmmWiAgl534KOM8HA1/i85srPPonnZToZC7CHX2avtEmmrhIbnAeBsUOFwdsOyepZOFKidTy0T8gjlLQUNkZO/+qktBbhEg4oUVTU0Lg+nkc0j0K0Ns6uJ0xVrf/EFQuaHDhBNMJCMHCCUVI1VXTqfB6VHLS1sWYnseCOCq9pqrVP48LiY8+ZmVkIJLpQYko3F4B3bnhaO3dUUNe0U9V5JfpcD6pEonT0+rU3h8M1VuvVPXYZrw/8ApKnOblY+pogf51I8skG7HAo9p6mmilFHc/qGwcdlnlDJ04X5aU2aJ8LCcloO3dZO79K+JO+ttjzDIdy0HG/stg2RkzA9jgQfRCewZyUH9jQ6k1mJh7d1HX0M/wAjcjqDTjLhur97bXeYDHKyORrxgggFcu1ko68l748PI5CzzaK59Oz+NADURH8I5ASmhLrzwzJdS/CastM7rr0fWviI83g6sD8lougP7QlxslaLX1tBUamkN8Zxz/8ANWkoOoqKsAY8+G/gtcq/qnom09UQbxRNlxs8N3P5hKccmayiS/2z3/prqy0dSUjaq0V8dQC3UWjlv5KTf+nLF1XQut98o2TwPBBY5oI/dfGLqLrD4YVQrrXXVDYA78LjgL2T4df2lLXcyyg6qhNNLkNEzDlhP2Sp1+0ZIyjP7bOGY/4n/wBlG7WyOa8fD97aumZ5jQE4eP8Al5z3XgFVDU2+pfQXGndT1EZw5jhwV+k1sulHdKaOqoaiOaJ+4cx2VlPiN8G+i/iLTg3m3iKraDoq4GhsjSfU9+Bygwzn36GGMwPz/fBHJ5sYPZw5Raa6VFukEdQS+I7AnsvSPiT/AGfevPh691xpoxdbTufEjGZGAerV5tFUU1SzRIwehDhwlNYXJzHROD6LyOqjqWCSJwIPokXluO6z3ydRSuM1BMcf052U2jvDHkRVhDHjbcJMkSMm+C2BEjdxkehVZU076SbxIMhjt8Z4VgzSW6mHLTxunODXtIc0FKlHI6EsEekrHbZKt6OuyQM8LP1VE6M+LAT5eyVHWuYQDue6yzo3G6nUqL+42sNWCBnCn09buBnKylLWOcAc5yrOCcjBwsdlWODpV6lGqZN4jctPCTZSw5VLSXAtIaXYyrNsoe0O9VknDDNcbdxOjqdWAcBKtoYKyLQ8AHs4chQsgEHKkxVJdgO4VxTQ3iawzP1FNPQylpJGOHBXVrvrCwRVX1DbV6qRU0sdTHoePsVnquhmpZMFpIHBTUjNZDY8o2ThRXGAxSAEOGx7hZK6WKejmcWNyw7ghEoblLEQzUduy0lHWw1kQjlwdu6dGTiIxk8yr7JHUuMsfleeVEt10q7JUGKUOLQdwt9erI6B5qKcZY7cgdlnbjZWVrMjDXhaoW/s5uo0n3fJSuS7oLjBXwtkY5p1DhVl96Yp7kwvaA12NnYWXgqK2yVfhu1aAdwt5a71SV1O0uIyR+a012yi8xYixx1kHVbH/J5HeLFPbpHEedgPYcKpa0AH1C9yutopK+EgMbk8EBef9Q9ISUrTPAzcc44K7Gm1ifEmeX8h4J0x3V9fow87SDsMKMrWame0HxGYUIwHGQurCxNHkNTpnXLKQDJRYquSFwcx+nC4YsdkJzdsJuTM1Kvk0Nt6gZqEcri7P7K/hq9eC05yvPGjB1A7hT6G5VMTsOflqTbSpm6nyM4rEj0OCuc0jcK2pLn+ErC0V4gkAD37/dW9PV6sHsVz7tHk9JofKyUVhm2p7gX7gKxhquCQFiILjIw4Y7cKypbrj+/eubfo0lwj0em8y4rlmyiqIHjDyMp2octOQs7T3GJ2MPzlWFNVEnU3cLk26WUWek0uvhbHOSzbOc4xwjtLHDzjZQY6uIHD9ipLJ2HAB5WPYdKFyYSSmhcMxu3xwohhczjdWDWADOEN0WrgZSmjTF55RFikfGRoOAp8NU1wAed1DkY4cBc37hKccDI247LFxa/ByNkzR2z+yhtlLCAjsnaBnHKpwb6HK1MbUUcbxkNx9lEFLo3aSPzVm2Rp5CG6Np4OEO1F5REZLLEQMu/VS4q+dhDmSEEe6F4WcnCGYiSl4QyNkl0XUN71YbO0ffCmMNDUnUQ3J9FnBE4DjC6A8cOI/NVKrcPVn7LupsVPUHUwhufZRpLPcKaM/KVbiP6QSEClulTT4BdraOxVhFeongF+3qCkyhgZGyL6BQXnqG2MaJMysHqMlXVH1nRSxhtVE5rxyMJkckUwDmEOHdcfbaGc63U7NXfAS9rGfI49FxDU2uujEjKhoBHc7hPfQz7GJ4czkLKzdNuc4mlqHtHomMqOqaDMEcxkY36d1W0JWGimL25jniJHfZUFd07aLgXObE2KQ/ibscqVRdbGFwp7pSaXcay1WkNd0xdH4mlEMjuC3YJhJNTMLN0z1Dbsuttf5QctOSi03xD63sMoZUzSaWbZOSCPut1NZLhTOPyZ8ePGoDOct9lVTTUoBhvlskhYe749v1VPADqbWUS7L8eYWYjvVvDYwMa2Hk+pC3Vp+KXTNZH4sNWNJ7F3C8ol6K6duuXQSNLH7gNdwqet+HV1oJSbRWERnfCGUN3Qpxug+Vk+lqe92OvibL40bg4d8FQ6z4e9KXSMyCliaX7lzNsr5tA60sDNbpJJY+/hk5VlQfFq80EQhqDUtx6uTIN19Fxsjn7lg9XunwTicTJablLGOQzkKgn+F3UtCT4Ub6nH9O6L098cmPjijnqW8b6uVqqP4q0NZMIm1bRnvlEtXZF9jFKEvxZ53VdNV0LSyutdVG8c4iKjNsNO/wArmBv/ADNXsw6pttxZ4U4a7OxPJKDJT2CqAaIoyT6gJsdbJh/FHs8dk6PpJPN4tN+i5F0hRsdvJBj7L1CtsdqwTDTsd6gFUtZabcwHxLdKG+rDq/yTVqpMnwIy9P05bIyCZYDjkY4U5rOnaUhj6im1egUa7WXpWvb8rO2eJztx4jXNH7rMV/w16XmH+6VlVE/1E5KJaiUuxcqnD8Vk2uiwyDZkZB/whV9R0d0zcTllOGSbnU0YysOfhjd4v5lh6qnif2Ejj/1TnWP4rWkiSOpZVD118/smPU2emJaiv9yBoqn4W22cjTVvZj+lUtd8MrnTSkUsrJI/wnuVFb1f8QrRI03Pp6apj4Jibx+atKb4s0sIDbha6qH/AJjlOr190PYt0aa31gzVb0Tf6Yg/JGQDnRuqqW31FK7E9PJGRyHDC9Npvih01UkNfO6LsfEOFbw9T9NVrQ1tyo3g9i8LXDy9sewP+G0z/CWDxlrWtIDm4Ke4MOCCF7K+19J3QZEFK8+sYGyhz/DfpyrP8vMZPGXYWiPmIf1IW/FNfjJM8mAHYpmPdenzfByklwaermZ6ebZQJ/g3e4d4rhA4fh1cp0fJVyEy8dZEwAYUdsJONuVrJfhZ1RDkukhcANsZVfP0V1VDjELZADjDeyZHXVP2L/hWJ9FSylzycI4o43jS5yl/7M9TMb57a/8AIIRsvUbTg2yT9Ci/m1fsNafHaZ2K0xO3DwM+6PHZYScukGEJlpvjPronhE/h13A/uXtVfyYz4iy/gS6iyUy10EbcvwfzRRV22laG+XbjZVUtqvMw0hxI+6B/s7czuR+pQuXvJPjmukWk9/oojiMb9lAquoKmX+7wAgSdO12R5AU9lhrwM/Ly/k1NhKH9TBcLnwV9RW1kzv5kzsfdNawvG5Vk6yV5P/Ypdv8ACjRWSvJ2pZB+Sar6l7J8E32VcVE6V2A32V5bbCGYdP8A5K3tVjfCBLNG3OPKPT7q0+Sf/ThF89f7LjpmV8FJDTjDGgIhaBwclSnUrmYyFV3KesgdopYyXAc+inz1+mOVLXR2suEFDG50z9OB6rHXLqWqrAYqV5a08n2RKm2VVTIX10z3EnOOyE2hbF5WxnA74RK1MXbCzqJW6Xu8zwSfVEjBzsMqzbSjuzARm0jSR4TBtyo7UhT005dlfHC6TA0o0dJk8q2pqIAguZ+StYaKAtBZCXH2CJamEe2HDSMoqe2klp0/uremtzGNDsYKn09puVS7RQ2yaR448uy0FD0D1JU+araymYBnVIcJV3kKYdsfDRy9GYa1lOdORlSo3TVDQ2CDX9lt4ukOmrbpqLpVtqZeMRZKP/FIqUiHpnp57Xt/4j4x+qwWeYqjxE1V6Rr8jPWvom8VgE1cxlLHjJLvRXsUPTFgYA+ITyM7oE9p63vjiZnSgOP050gJ1P8ADS9SEOrZ42tPPm3WG3yu/wBm2qtRINy6ykkkc2iiETfbCoqi63CsyHVD3ezSvRKD4aWiIg1b5JHemdle03SnTtC0OhtrC4dysF3kFLodho8Xgsd6u0wZS0Mp/qc4LTWn4RXetcx9c807Dycr06KaiogRFCyP7BAqeozHtJUhjQsktZP+knRVW34WWC1uEk73VDgP+IcgLRww2ega1lNA3Lewas3VdV0ETsvrC4nkKpn6/wDDcW0dG2QerxykvU2y9lYyegurZHDVFsPXCjPuVJAdVZWxR+pc5eYVvV19rcxxziCN2+mMYVbiqq3/AM6Z7ieSSSg+dvsJQ9no9x+JFjoCWwsmqXNOPK3ZZy5fEDqC4uIoYo6eI/T5clUtPaXOIJH7q3pLTpAzsrc9waiipkgrrm8yXKrkkJ3xqOP0VnRW2NgGIwNucK0gtjQAcYUtlOyLBARJNlLCZGpqM8acD2VjTW+A7yb+y417GDOnZQq7qKz2iPx7hXMhZ6uK0QqcukFO1VrMmXYjp48BjQMe6ksGoYLtI9SV471D/aM6UsrnR2yjkuUrTjBOgfcHB/yXl3UX9oXr29NdT22s/hUJP/APnHtq2WuvSWzfRy9T5jT0rGcs+rLhebFZYhUXS90lOwd3vwvPL/8A2mOhLIZIrXT1l1mjOMRsMbT76nDj8l8oVtbcLnO+quNXLUSyHLnyOJLihCHGCVthoP2cHVfUdi4qR7Vf/wC1Z19XOI6doqG0M30v0eNLj3Lv9F5hfuvus+pnPN9v9XVh51Fj5Do/RVGM4ynOYNhwVuo0NcX0cO/yN+qf3yI7WEkEtRWRnbZFbEMjbKKIm4+n91uhQo9Gae6ay2R9DSNwu6QjFp7rhGE/ZgW/7g8BLARQcrmpQvILSnEBoTy7bhR5pA5uFBdk8IDNNp4UYZe5dcC9+Mo0cPBIUSyZHLJ1rNgSE7ATg08J4j74TVEMZgriPgAIJ5RYI5YOJqdnfCapgX8mXgHv6p7Rg8rqI0HKDBa5HMBwpDQ4bYXIo/ZSGNAHCLaOiiC9waDuOFDfl5xnCc/LyN0nNJxsvcNZZ8FSUVyJkYP/AFUmCPS/ITIoyp0MenlNjDIucwsTG4T2hc7BckcMLTGOFkRJuTHvfpCil+/Cfr3x6rgAHHdWFGIJJd0+67oKvAQ9NHKWCnIiDgBhLAXUhuoQ6BlFZHtkpMYOSEVX0KlLIPT7pkh0hEcNIzlU1xrtzBE7fuQrnLAVUcyBVtW6pl8CA+UfU71T4o9GMd12kow1oc4DPKkFnbGMIYrPI9tJHGdkdoACGGkEYCf2GU9LIt2egmAupJIyD0xPTFCCQQw90ZcPChAI5SxnddP1pM3I9kuxtdEHs8oGpQK2p8QmKInA5IUqplayMZ5PAUAM1O1ELLOwdBfsJTxjYIVyqPC0wMO55RTKIWknhVUjnTymQ8ZSrJ4QyMOUzszgyMuJGVTyOLicnKlVk2CGA5BCgrLKWToQjhJnMb5R2AYB7pmN8pIA3yJJJJQsKkkmoUsklLaOXRyuNBO66Aco1HIHoIB3XVwcJHhEltJ2KY7jBT4W9yEHBLlKYMNCoHJxwAGyiybjCPIR6qLIUiwJLKGD6ypMQ2GUFm54UmPAAUrQTXGApAGwTBynHdcefKtD4FSTQ2d+AMEcKHgk7p0rjq2KewbAhIlLcyLkTQW5XdZccYwn5AbwnUUXjzg42aUm17UaKKXfNQRYwRtijAAxkZJVl09azc7myIgmNh1OwOfZQJh5g1nPGF6f0VYXWqifJUAePOATtu0f9Vz5vLPdeL0ktRbCtr7Il5RwMpKZsTQAGhUlzqJpqgxl2WjgDhWtzqRBGWsd5sYCpo2OkfqO57rNaz2cpcYj0HghaxoPJUkHAJTIxthcq3+HTkjkoSxRN+ZqWtaMhm5VnIdI0gcjZBstN4VM6Z4yX7hTIWiSoYccIJy2mqmO5h7fAYogXjzFX1DG1sQPc7qvjZqkawN2VuwNYzZJbydamO0c9wa0knAWNvlZ8xVCKN2QNytDd6xsNI7JwcbLHA5cXnclJmy7p5/00S6KndUTsgaM6juttFE2CJsTGgYGMBVPT1vEcfzcg8zht7K5dws1rwsmrS145AVLzoLB3RqQYhB7qM45kClMI0Y4yFik8nQisskDPIVZczLUV0dOwagAAAOysTK2Clc4j6AoPTsMlTUS1kgO5OM+iRY8Iclu+001LE2mp2RNwNI/dAc58khLiizSY0geibGBnhc657mdCCcVgkQswModxq20cGsuCIHhrHEjZY/qK5SP8SPVnHASoRyS26NMN0imudfLV1Li92QScKHO8Qt3G5XYjqJkc3jhQnPdUz7774AytkIbVk8zZZvsf9ywtMZrKjBHlYclaN7gxoaOECip4aSlHhN5GSe5KYCZ5A1uQs1s8PcdXRVYWCbSN1vz6LUWSjw5sj288KooaZmhoA+62NppwIw8swAMBcnUW7md6qO2OCxgYGRE8bKot8L7vexO8E0tL9WeHEdlIvtW+ko9MQw5408pznx2Hp6GMH+fWHOO/wB1hsY+KyVvUdwNdcDHGcRxeUAKCG4AQBqc8lw3J5yp9JTmWVrCMg+6OAJZ2aNjIzPjLs4VFe6t9ZWGNpyAcFXt1qGW2gLWEBxGkALO22Lx3GeTkHP3Vimslzb6baOFjdzjK1EbMNbGPwjCq7LTkB1Q4bcBXcIxjbKVZ+hsYD2AMbv3TJCIwXO49V2Y5xhZ7rS7/wAMtTsHSZDjlKjHLClP41kxHV96fcbq5rXZhi8jR2yO6rKR3maSFGYDO/Wd8nKurXRtmnjYWbZWmK2rJkxunuNd0Ta3TPNRI3DM7ZXoVPGHOAGwCprNStijYyNmnYDZaGCPwwNsZXP1Um3kek0S4GjbbCsGgABRKdpGDhTm/SFzZ5ZcnkcOVJZ9IUYcqSz6Qszyy0dT0k5QoSSSShBJJJKEEkkkoQSSSShBJJJKAiSTUlChySSShSWBqSSSgQxcPC6mlwOwKtFx7AOJzjKHI4hPduUKZwa0uzwnVrdwaI4wYnruukiBjD8bYaF5hJmsro6Vo1vkcG7dyThavq25yS1sxc7YeVoUPoC0G49TxSub5IMvJxxsutW9kMAS7PVrHb2Wm0U1IGAOawE/fCtI260GQ5fpH5IsZLVjslljIpYOvGE1OeQU1JDEkkkoQSSSShDh4KzHWNXJDa3tjOkyeTOVpi5uknOywHU8slzvdPb4nh0TCHOHumQKJvTdG2jt7GBuC4ZJ9VYVbsMDcp0bWxRBg2wFDqZMnC2VogEnLspztkxpyUR5AAW2pZZTeEMM/qMLyr4iXdtTWijjefJ9S9Iu03ylFJVDfQOPVeH3ipdWV0krnZLnE/uvUeE03+rvweY89q9lWxew9npzl1Q4bcBSaqbTKGD0TqdhpqDWeVBDjJJrznJXuIYSyeHhN5wXNsgEtQwHfda0x6W8qm6epW6fFcOFfg5GQuTqrMzPYaCrZWmwMLMyZxwpmBjHGEJjAAhVcwijyDusxvlLaVt2q8hzAduAqYjJB7o9XJreSTzuhtGXgLRAxze6WSTAzGFLcQGccIdOwgArtY8iA45WmuOWY75bY5K6vmDiACF571/fG00baCN3817STvwFrq6p8KF0zj9AzjK8Yv1e+53WWocSfMQPYL1HitLxvZ8k+uvqB6ej+PU+Zcf9AFLGXP1Eb+qv7LSGSoaXDyjuqikhJaMclbK00nhUrXOb5iM5Xq6Iez4PqbfRNOGN0jGygP8A502kBS59tieybQw6pBtytnEUZYR3vBYwAMhaA3AAwudyfVEOB5QMAKLca6G3Uj6yf+7ZysWosWDu+OpxJIz3XfVVP0zazIH5qnf3TB/mvn4vlq5XVEz3PkeSS5xyStD1jeZupbs+r1OEDfLG0nt6qlZGGjYYXndVfvltR61R2oEGgJEDC6RhLK5uCsgyEPhwRyByh9/zQPoOC5RrOmmB8kAPqF6xJgUoY0YAaF5V01/fwD0IXrL4SYGtHdgWaZ9O8FDNJHawCi1d1YUTAKZqiCMiiweQVYULHFrIscjlIfB6KtFL1O4xW94x9WV5jWf3jh6r0rrOoZBTeC7knZedTsJfqwrhg4Hlu2Z2ty1wGO6tqZv8lm2NlWVjQ+pcPQq50mKjGR2C0RWDzcFmcmOIJB2VTXD+W/7q90gsG3ZUlxGI3/daocmLyMc15KddwUhyjgNDM4TIpM8pJAwCeymUMzo5msxsUGBoeTkJ+nwnBwGSi2fbgGux1zTLx8YIyE2J+HjZDpZ2yx4Dt+CCnnykLJZE9Vprm0pllAcgFKobluwTKI5wprm5ZkhZJxyehp+9JlQ9hB32XHt3ClTw+YYTRGCNxlIYzGGGtcz4Zhg7EYWwpZRIwEnOVjIvK4EdlfWqtALWFSPLNVE8cMfeKItBna1VDqcVFIXu2/0K1lTG2qp9GOVn2MNLUugePKdk8DU1f1GeMZYS07YTmqfdqMNd4kbceqronYduOVRha2MltGQmP8pzhGjwQmvHohfI6LygtLIY3A+i0NJJ40WPZZhju6tbTWlkvhvdtxugjE1VWc7WSqymDvw7LL3ehEZMrQtpK3xG7DsqWvojKC07JsGJ1dO+JkQfVddsi1sBjmLQMAIDe6OLS5PPWVut4Y0jKG3MTsgco3O6YRkrRGfJlaJlLOfTC0tqrtmNJGcbrJxZDgFaUzg3G5XS092Ozja/Rxui8m9o3NljyN1Lc1pAAWdsdxDj4BK0Me+2V1q5KSPn2ojKibjJC0BcdGCMZUkDbjK6WZ7J4lWFcYiHZA2T2qQ6L2QywoJLIxcixnY8FUfUFgE0JqKYbjchXoBHZPwSMYSbK8lxvlVJSR5TVweHnUMEKNBO6N42W36nsLPANXCO+4WHfHg/SsdsGel0WqU47olxTytmZg4Q6mnDu2yhUkhjcBlXTAyRocFgtryer0dkdRXhFDUUfcN7KvMZicMNx9lqZoA4Y0jhVVVSHkBZJJpjXQk8osLRdPExA4bq6a0O3AWG8SWllD4zhaq1XBtRC3W4asI65Z7NdNssqMiURg4Q3AEI553TE46DWSBNTjOQFFkixtjCuTGCDndQ5YCDskSWehc4FWWELo3yFLkhGM4UXwi0pb4AUWmMZPLSzCWN24/dbO11sddTteCM4BWNczOM7qTRVklDK2SN2AOQqyaKbNsjV1UAzkBV7mkEghW1PIyshbIMHUEKqpNsgbq8ZOlFb1lFPLTatx2Qo3OYdKsHDB0kKHUU55aFa7FzrJDB4jdSjzRngjhCglljeBq29Cp5DXgH1T4T2meUfTMtdrUQTUU7Mf1NCgQTOi+62EsBOBjIWYrqF8NS4Nb5SchbK7TzWv0Man8kSxttzbKBDK7ccEo9dRiobrj2eN9u6z8eWcdlf2+tZPGI3HD2jG/daoWfs5di4wOtlwcxwpqo7jZpKu9TXjAIVDV0T3PE8Y43wpVBXNkdpccEbEH1W2u30I5jLBLmhxuAo5YB2VlgEboMkId9IwtTxJDNu4pq+mE0BwMlu4VA4FpIPIWvkiI20qmutA0AzRjB7rNZX+jNbAp9IPZcLARgbJ+l3cLizOIpsAQWHjlOABGCilodsmlrmYOEqyBaeSM+MgjC41HIB2KHp2JyszgEdyEPBzsu4IPsnAAhD0G+uQ9FcJaN4ex7vtlbG319Nc4Rq068bg8rDlmO6fBVSwPDonFpHoVqptaeJMyXUqbzE1Nxs+HF7W7cjCq4JpIpNGcjjBV/ar5T3GnbBOQJQMZO2UKvsxe8ywAAkZI7FbftksxMnyOD228AIZBJwpdLO6mk1YyCMEKnzUUbsObjH7qdTVTJhp3Dvfuhc8di7IZ5XRbzU8NXEJYiA/2URkjoz4Uw9t06KcREY47qS/5arjLQ7zDfPcI0xD7IuiaGTxqR5Y7kEHC1Vk6uhq2i3X14bJjS1+MZWVDpIHeHJuPVFdTRVcezWk+43TITcQJVRn2b6ot9VSAVFA5skJGRjuns+WuMOh7AJBsWkbrJWfqm62B7Kapc2WjzjDhnStlHHRX5ja+xztbOBktzwVphNS7MFtU4S4XBnLtYqiN2Y3NLPfkKi8GWklDopCx7TnU04IK3cVdiQ0tzhDXjbXjYodxsNJUMMkbBnnIVuLTyiV3buGSekPiE+YMtfUDgC0aWzn9lvWxa9+y8PrbW+F5ZpJ9Fd9JdZV3TxFHWx+LSDYBnLftlPrtfTM2o0ilmys9W0EcjCRbnYolvqKW6UrKukna9jxkYO49ii+Ec4wmp7jkPMXhkbwR6LugqT4WOQueGPRWWRfB91zwh2P7KX4Y9E0xn0V4YWUQJIw48IEtHG9uCFYPYcgkLjmA4wFGmWngop6F7CSxuQoTwQS1w3B4WoMY7NUartTKlmpgax47+qBwyHGxmfa3Krqu1QySmQDTq5AV1NRT0rsSN27FLw2loOAcpLgaoWezJ1FHUUpJaNTfRR8w1I8KdgOeQ4ZWskgY7ylg/zVdVWeKbJYMFLlXk0RvUDIV/S8jf94tGWu5Lc4Cq2TZd4VQNErDhwO262ggqqF+cFzfRRbjYqK7j5iPEcxHI23SJ1tI01ahy7MvJTNe0HCrqijxwNlYyGsttSaS4ghucMfjYhEDGnnG/BWWUM9m2E2uUZmopnsOdKj5c3ByRgrTyUrHg+VVFXQSNJcxqzyg08o0xuT4Z2ku+kCOpycbagrhro5Yg6NwIKzIiJJa7nuuxVVZbz5DrYqjJ+wpV7ui5qaCKUHLRnGyqJqOaMnLdlZ0l4p6kBsnld7qU4CUYPCjW4ibjwZ8tc3lSaO4VVE8Pgmc3HbKl1NvDwCAoFRRSNIATISdb4JLFnZvbB1244irDjHdbOlr6S6RaWPa7IXhcbzFsFb2nqKqt0gdHI4DPYrVXfF8SFqtx6PVa20ta0vY3ZU8tuimyHAD8kWy9eUtW1sVYBk7ErSGht9xj8WllbqO+xTHTGxZRsovnX2Yee2VFMS6Akj0CrXvBcWzswfUBbyWgnpXYezU31Cqqy0U1Tkhoa4+ix3aQ6um8i4v7jKOp2g6mH3wCrizdR11pkGiV5APBKi11kqoSXROOBwq0SuYSyZu49lzLdO48HotD5XHEXg916O+JsVT/ACKxxOAt7T1lquzA+GRoefTYr5VgnfG8SU8xafY4K11g6vuNEWCWYkDg91jlQ/R7nxXm84hYe/y01RE0587Rx6qF4nm+nus/0/8AEeGoY2KqcCODlauKe2XRgfE9rXHuCl7Gesr1Vdn4sjOia4ZAQ3R4GOFKko54N2+ZvshF2NntwUqSNTW9EGpo4aphiqImvaezhlY+79G+A81FsAIO5YSt25md8JgaEKs2mK/RRuXJ5Zpkgd4VRE6Nw5zwVJjYJAMLdXKyUdyZh8bQ71wsnU2Ost8pdEHOj9OU6u04t2gnW+ERhCccJnhvByGZ/NGExOxACK1gcMgZTspmf4mngjxVc0Ozoth78o8tLRV7BJpDXn8TdnApSRgDduUOMgHDcDKBjY8BIKq62s+WT5iH+knJCuoaihukIdI1uo89iCqgOyN0wwhzg+J5jcO7UqUMj6rHnE3wXzZrjaXB1LK6SP8Aoccq+t95hrYhqwH8Ed1jKe+Txu+WuIJI2DwNiFYimjq2iWnl0nGdTe6U4YN0dRs/B8GqkDXkad0OSnDWgkAqipbpV26URVg8SM7B3otBHPFURh8bgQfRJcTZCzeuTM3Xpps0jqikOh530+6i0F6mt7/la5pBacZWsc0dlCr7TS3BmmZgz/UBul45DlFrk6RS3GnxJGyWN43a4ZGFgOp/hfQzF1TY2thecnwgcDPstA6K4WNwbq8SnJw0jt91Mp7m2TGog57qSh+jPZXGz8kebdPdbdb/AA1rQyGpmaGnJhe46cey+ivh3/aS6T6qay3XuI2+t2ADjlrz9/07Lzm6UdsvEHy9fHrYe3ofVecdR/Detoiazp2q1DkNJw4JMq8GO2iUOYo+6fBpq6n1x6JoZRnB8zSF418UP7MnR3W+bha4xabkCXeJEMMk9nAf59l4V0B8feuvhvVC33QTzUeQHwyEkEey+pOhvi70t8R6cCzzaK4Ny6leRr/RZ517jO4KfEkfF/Wnwn63+H0xZcre+opcnRUwguY4fdY17aao8k0el/uMEL9JKuOlqonQ1cDZGO+oeq8P+I39mHpXqeSa69OD+G1z9/5ewd9//mJO1ma7SRxmJ8m07qmgfmNxliP4SePsrOnuFPNsDpd3aeVYda/DfrL4fVGi6UZlpi7S2YDYrPRRw1jdQw13cjkFBtMTokmXGA5Q623YBnh/MBQ3zVducC4+JGds+itqOsjqIwQ4HKVgHa/ZWU9VLGch/wCqtKW4PdgE/uo1XbmPfrj8ueR2VaJZaaQskB2/dZ7Kt46Fvxmrhq9WHZGVZ0dfhwa92ce6xtPcNJG/Ks4KwbHCxWU4OhRqUzZsn8QAt3Ro5Sxw2Wdobi5hDdXKtmVLXjPKRtwdCF+S6hqg7GSEaaOKpi8N4HsfRUbHlh+pTqar3GVT4H5UysrqCSmfqAOOxQqWpfDMCX4WkeYqqIxvZnPdU9dZyTmMhWpZEzrT6L2lu9JUxiGYjcYJKFWWiGQF8GDlZQGemkxv5Srq2Xt5xE48dijy0Ka29lXcrS2VxEkY1DuQqOahrKGTxITsP6V6O+GnrWawBnCprhasg4GAPRNhc+jJbQpS3oq7J1E4vFPVADtur97aKrjOdO/6LKTW7wZNYHupFJWGAgEZC0xs9gpY4ZDv3SNPJqfDFgnJy3hYG5WmpoXnxGeXsQOF7PS1UczcO7qNX9PUlwjJ0N1H25W7T6ydbxI4ut8LDUPdA8OdF6DlRpIi3cD91t790nUU073wM8vphZmekMf1DddvT62Nh43XeL2NwkioIOTthN1aSABlTJWD0UYxEdlvhbF9nEu0k6llHWPOdQ2U2nuU8ZAdJ5VB47rjgT3TIwUzOpyj0zVUd8iwA52/3VvDWCUAjGCvPgS05B3UynulTCRh+R6Jc9MmbdP5Cdbwz0CCoMbsg4+5VrTXR7ABnYe6wNDfRkNqCfurqkusU3lj7e651+j3cHoND5dRklk2sN0gl2c/dT4awkAsKxcNQNnKxpLlIwjB2XIv0C/pPV6PyrX5GsguUwdgu2VhBWMkAHdZWOvZJhT4apoA7LmT0riz0Gn8kn2zQtMb/wD5qG9gI2KroqwNIOVLhrIT/eOwsllW06Neprs9nHxEEFIPKkGSGRvlOUPwsnYJDW01xftDmvKIx+Dyo7mHlMDznvt7oGg/kfsnkghJrByAoTag5+lHEgwlODfQ1Tx2S8NxnZCc1p2TMj+pNaSCh6GKWTpi5KC5pG5UoNBGdX7JFoPZAEngHT19RTO8rzj3KnUt/JkA8TPqCoBhDxwo/gFp2AVbUGpvs10F3Y4DO+VLbWNIzjKxHizwbtJIUuG9BoGpxyOxKrYhiuNfooKoAzRsJHqFAqumKSZ3i0svhZ3USiulPLjL8H3Kt4pg5o90LTDjYmVxtV7t0bpLbcTrJyQHc/kpUXVFe2L5W92l1ZgYJDMg/qpgcRk5TGyZ5290EoNjdzQFlB09ez4tDXttsw/4RfowfsmPtHW9sc6e3zNrYwMjPmDguTUFvlk1hrdZ74wV2J18teJrXc5g0cMLsgIUgla2Qp+s7zQ6De+mJI2cF7Isj9Ez/aD4bXSTxK2le17hgkMx+y0FP1d1A1pbXUsNS0j6Xs4RJZ+gLxTf+++mH01QdnFjiRn12wqnFsPKfZm5OiOi7qD/AAq4Mj1eZmX7/oozvhVe4AJLPcmzEbhudx+fdXTuiPhlc2+HTXieheN8ybg+3KCPhz1rRt09I9Z/M0rQHN0lw0gk4G2fQoNrBca36wZ6a3fEmyue59PNKGb+XP7p0HxEvdCWtuFNKztytM5/xktjBHNb6e4Fg2eG7491Xv8AiLcYyG9U9D1GBtJowf8ARHBteiKEVzuHUnxaomgNqDIw+5VxSfEi1VAGK9gz21LOy9WfCi562VFlkpX8EOaPL+ahPtvwwrQDTXeOnJ9XaSExcltuP9SZ6DB1HaK/zPkjl9M4Ka+lsdU8vLCwn+k7LAxdHdOTHNu6uaD2AqCP2Uk9G3mIA0XVgI7A5d++UwFXLJrprNTPdmnqpWH0BKiS2i+w+amrHOH+JURg67oR/LqaepwOcHJTP9rOs6HDa20PcB3YCpk0Rvjj7i9+d6ioNpoI5R323KizX0u2q7C4juSwEFQGfEGoBArrPVD308KdF1xYajAml8A+j9lNwMpVzZHdV9JSnFw6eiZn/wChALsVn+FNTvJE2ncf6fIrBldYrp5aeppnnHBwmSdPWqfcwRb77YU+QpVxfRG/2U+HEpBpLs5h9PGUmPoixvA/h/UNSB7THCg1PSNq5bDpPq1Qx0xDGT4NZVM+zyiQEobekaZnS9waQKXqirx7yEhSm2DqaIBzOoRIRxknKyH8Ir2b097q2Ef4yuCHrKAZo78HY4EhRlJNejZfK9YRbGuY8D1T2/7T/i+X29liP4v8R6Z2DVU8o+yKeq/iHGAZLfTStHo3dTJHP+zNt4vUOPOISPZD8e6n64WfkFkWdedZRf33TwcByQwI8fxJuGQJ+m6oeuGBXlkUv7GmJqXfXA39AmO8M7SU4J7jSqZnxIpnY8WyVzT38imxfEGwz4zR1TT31Rqb5LphJ5J0dNRPxmlaD9kUW2idj+SEKHqqxytDxDMAR/QpUN8tE30+IM+rUDvtXsLCBGx0bhlrBn7JzLKR9DQpQuNvO7JcfcJ4rGOaCx2odsFV89v7Jgh/wmccYx9kv4VUDjT+in+JVHiHI+674tYNxDv/AMyr+RZ+wfiX6Ks2Socc6T+SX8Fqm7hmSO2FbeNch+FuEvmLj/w8ZRR1Ni9kVaXSKoW6uaNJowR9l0Wiol+qhZ+bcq0+Yu/cgD7IjJrljJna0n2RPV2L2XsSKg9N1Dv/ALGU5/8Atab/ALKSnmzx/srkTVgP8yvkH2KXjY5r5j/4kP8APtC+NIpv9kxkZtTPtgKQzpKnI2s0DT7ABWDqjj/fHn/xLjahgO8/6uQS11svZaoRGg6RhBBFsi/PCtILLNSEfLWygB9xuhfxCnjxmui/8667qO2xtDfm2O/8SW9Xa/ZaoSLBlFdZmBhfSUw9YgAVJj6fhlH+/wB3Dh6alnZeq7ex+84P/iQZeubVE3eRoP3SndZLthRqx0amntnT1BKTHA6Yju8ZCmitttP5oqVjT6gALzmp68pj/duyO3CgSdaTSj+WCD90uUmw9mT1F95pfthV1X1JTRD6sfmvMn9Q3ad38s7ILjXVLtchcc7ndUl+y1FI3lT1nTMdhs5VTWdZ1Dh/IkKzwoXOA1jdHZbycZ2RYZfCJEvUF0qAf5uMqFLLV1OTK9x/NTYqAZzhTI6VjQNt0eAJPJSMo3vcMt5UtlqkdjQ3f0VsyBg20gI8RxtjCvBSK6KzEN8zgM/sp1NbYYznOSFLa0Hf/NV1z6x6bsAd/FLnTRaRvg7pkanLpEsuhV+TLaGljjA8pR8RxjV2C8jv39ofpyja5topJqx4OMatAPvnBXnV7+O/Vl1c5tIxlJGeGtOcfngLZVobZ+jm3+a0lH5SPpWs6gt1uhdPV1UcUbeXPdhYDqL4+9H2zMVB4lwmB+mM6Wf+bf8AyXzjXXi53eV09fVSSuccnLtkBq6VHi/dh5/UfU8m/wDQjx/c9G6h+OfWV5c+K2iO3wu4I8x/0WDq7ldbi8vuVxlqHuJJLjt+mUBwJAA7JAHK6dekhV+Jwr/IajUSzKTFoBG4yutYAeE8N25TgzPdaoxS4Mim28s4GjuE44IxhIjC4ijX7D7EugZOEsFFihcSCU+MVEnfQ9sY5wiY2wjNjw3JCYiCf9wTm+65p90UkeqBIdewOEYLwhrvKfVDyQd907Sc8oUhDNuUAiUh0sga3A3yq57y4kosshccJsYJKsVKW4TIt991KY3ZcjYMIrWpsYgHMBI7JLhIxymdBN4GPf7IbjnsuvdkobnH0QipSy8HAclP/ChhriQcIzGkYCstQ9jGtdqOymRR7AkJrGtxuFKYBtshSY2AmN4yEZrdtghjlFbsOEyKyMyiiDSThSIYhgZXGsJOyl07Oy9wq8s+ASmchixypWkAYC6I8AHC6QAMkp8Y4ENuTwcJwCor3ElPmlxjCa12rsiYUYnR7lDaiJjOVEMZ1oJIPZEAGEgO66tCSwUcwF1JJAUJEjZuCQuMZkjIRmt0jYq0gZPAQcJEgJKLUS+BGZCcgKN4WSktzA19Z8uzUBv6KrpacvlNRI3GrcBNlfUVs+pwwz09lOiZkc4wlL7mOcfjQ9owAAntBGNtkg0gjA2RAE9LCFSnuEGgDGF1OXVYAkkkkYYkkklCDEjskkhlLaED1ey6/wAkbnnsnBozyo9bM0t8Jp37pNk1gKK5IkrnSP1POc8JwAxhDA3TnvEbC4jKxyY7GeCHWT5cYARlRJMQ05BO6ThrqxKOFErJ9chYOAkSlng2Vx4RFkdrJckmnjCchNcVhCSSSULCpJJKEEujlLBSAOVAB4Awu4CQ4XVCmJu3Puhk+YD1T3kdkyPJOcKplPoKwcZT3/SE5o8uEOU90L6ASAuJzyhp7jgprRkpHLY0ewZ3Rm/h/NcjGCnn6h+a0RWEQeOEGoO2xR3EBqhyu9CqnLAsG76kccBR2jPdHBGnISGQ5IM43VjQ04ihDnbOduoEMZqJ2twcDcq3EXiuETBzssts8vB6HxGlf+412XnSVsbcq/zs1BpG69Ty2nYGgcDCpOkrRHbrfG7R5i3lT7nVtgjJG5WSXR9D8fT/ABav7sq62czTu3yAcJU+W8hRosyO1+pU1jNhgLPLs2/4Ch2RlRmaq6ujpQDpG5KdO8tGysbJR+FE6qePPJx7BUPhHJYSaYYhE3bbCJQxkZkI52CAGmaXG5CsIwPEjhaNilWcnR08SxoItR8Qjbspr8Y3OE2JgjjAA7KDc6kxRGQHCU0blLYjPX+uNTVeCx3kj2x6lQqaF8srI2gkuICa5rpJS87lxJWk6bofK6pcweg2/dZpioRc7cl7BGIoWRgYwBlKZ4ZEXd/RPI0tP2UN7i48rLZLJ1q/t4HRM1uBUmQbtY1coYvEkDjwN09xAkmlG4bsFlZoh0V13qXNYIGndxAP2WgtVI2lo2gDBIBWct8L7jdhrbqjjOs+617sBmwwOwWW000d5ZGqHnUBhSadmcZURztUoaByrCJmlqxzWXg3N4QC5TtpaV7nHnuvOrjVOqKlwYcglaPq24vYPCJw3CydC0ySuncMtbwm01bTia6+Nj+NHa2WOnh0tODjC509Q/PVfiOPli8x91XXCR1TOWg9+Fs7ZSR2y2xxhoD3tyU2+SrhgyaSCtsU5ejtTIGAsaeUaz0jp5TJjytVY/L5Mk5yVrrdTNpKIFwxqGSuPfbhYPR6WrL3Eilp9cjIY27k4WuhjEEQB7DdVHT1GXudVubtw1T7tWR0tK8POCeFzpP9nTINJqv3UcMZH+7UzvP6HHKhdS3H5q7ytjwYoP5cYHACtYjFZOmHVB/7XW5awdxnussNT3Bx+rus7+9lyltJEIz5iFdWhgwJ3Dgqrp2Fxw0bq/n8Oit3IDsZWmEcICT4M71NWiesEMZzjlS6Gn0xsjbjJxlVFNC6ruDpJNw06lqLRCJKoDAwEE5bUDXyy+poxHCwNGABwpQHht1Ec9l0tBwfRNfIG7crJJ5ZtglgHJISdhwF5X1zd3XS6fLh38uHY47kLd9W3gWa0vqWnEh2avJo3vq53Tv3c86inQRz9Tbl7ESKZmjchbjpG1aQK2YAtP0t7rK0FKaiVsYHJC9PslGGNjhxtgAYR2y2rBdWcGltlNpDTpwSFbNaM7FApmNhh1O2wEG1XCG4vmEZ3ieW8rlX/caIyLeIAAbKUOFHYwtwMKQOFjYU8D0RuxQ09KeBYccJ6jtDgd+EUcJZB6SSSogkkklCCSTUlCDkkklCDUkklCCSTRyiDhQgkkklCDUxPTFCAk3JTk1qMs4qq/VjaC2yzu7D9Va5WJ+IVx0UzaQcly1UrkZFNHnN4q/mJXygbuJK9A+GVqlpLXLcKhv82oOWn/CvNKl+uT0XuVkon26009NLu5rBnC13ScYgkxg7FGPCZHnuF1YW8h5BvJJwmpJKxoZJJJQglwjIwhJYzsoQjXOoNNSSSZzsT+iw/TcTqyrqLnK05e8huewVl1xdJGUfyEOfEncGjHp3T7FTCjoWRhuDgZWiuOSidI/Swgnsqx7suO6k1b9yMqvOcnzFboxJkO1OeM4wlCB3OEsYyttENzF2z2oxHxJvElHRMoozh0pI+682oYXVFQC7fSclWvWl1ddLzI8Sao4iWMHb7qLZoyMyOGx4X0LxOlVdeWfNvM6t33bfSJlznZHTeENieyhW+J8mDjOTgLt1mbJKGN54Vn07T+MASPpIXXufx1s52jg7r0jS0ELqaFrTzyp0Ttzsh4xt6IsLMjK4Vjzyz3tcMRSCOfhqqLjPlunI/VTqt+kY9lRVchJUj2LulghyuLncqTSR7h3sopBLwFZUceMHHZaoLgxSZKY0NbwoNwly3TjlWJcGs4WbulWYmvmJzpyuloqPkmjieS1sdPVJy9GF+I18bSQC307yJpRjbsCsBSRk+Z3PqpXUFe+63eWdzs+YgewT6SMN0he50NKhXg/M31J5P/iGqdq6LGy0LqipYzT5WnJWwqAyGMRtG4CD0pbnNjdVubgcDK7VuJldqPBXWrjg8ddPcyHI4yHA2wrKijAiDiN1AgiMsoaOM7lW7WhowBsqs6NOmh92RZA5IC8z+J/U50/wWkfyPOQth1Zem2e3mRgLpZAWsaPX1XjNWKmqmfUVLi57yTv2XE11+E4o9x4fRRlF2SKbTpG/KA7AJUmqbpcANkCMg891wZN5yzpXRS4QInOQdkDSpE0e+yFj3VMz7GcTInAzsa4bZRNPuhgD5rI4KTJD649L+5rel/NXsaOzgvYnAaGN9GheP9JNJuLMeoXsBzpaT/SFnl2fTfBLFLAub/Kc0eoVlQNxocdzhQizbcKxpWEBv5rNYz0VZiuuj4jhnsVi6nGMBbXrIZkwOcrGVUZIwVcezzPlE22Z/wAIPuA1DbKvK9obGxjRgYCrXMxWR45yre4jyx+4C1wOFCO2DZxoOgbdlQ3YYjd91ogBoG3ZUF3b5HYHcrTWuTD5Lij/AKFKOE9cC5gp7jg8ZLL7JFPsU+oGwICDEDqypLgS0bbpsVxgXPsfbpQJXAjGytC3LQR3VC1xbJ5dsK0opy7ySP7HCx2x5wdjQavb9kywpZPCI3Cuo2CaMFp5GVnpWFp2Kt7PU6miNxWScT1+iu5SH1dPpwQO3qoRGTj0V/NTCVnuqSaLS8geqySWGdSyGegYGESjqXxTB2OEPOF2PyuyqKre1m0oJ2zxAk7+ir7vSGnnE+MtcotmqyyZrXHZaCsY2spnNxvjIRmuT+Wsz1XCJ6QuaMnGVmy3SSPTZaalk8zqd44VLdKQ01QSBhrtwjZgtjxkZTEkIjhtuEOl7Ka1g0jIQzfolb3RyQNJ1EHuiwyGEh5Gcdl2ZmSCAmsOo7hLzgkW4yyai11MVVDsd8YIPZcrIh2GFUW+p+UmDvwnYhXpLKhgex2cpiZri1YuTKXOhBcZA3lUL4yxztsBbeuozuC3ZZutpHBxIbwjOTrNN/UirAylp3+669ul2EgSjUscHIawx4aMemUeKR2QCg54aiFnBC1VTwxNlSmizoKk00olytraa2Kti8Rh3HIXndPONQY44+6uqCskoJWvjOATuF2NNbjs8p5jxkbYuUUb8Au3XQDwUK31kVVCJWHJI3ClhuTsurFqSPDtbHhjNAIQDFvyp2jA3KaYxjhF0RT9EMMAXNCOWHK5gpeC8gXxtewskaHNPIKxfVXTjYf98pW+QncAcFbkhMlp/GGk7jCVZXuH0XyoluieN7seO2FZUdUdgcKf1VZXUUpmZHpaSQcBUFOS1+5K59tZ67xuszJOD7NAHB7eOVGqacOHCJSyDSAfRTPDa5uy51teD2Ff3rJmauj32HZBp3y0suthwO4V9U02s5DRwq2akLdtIWZ/axvx7Wmi/pJxUU7ZAeQEVZ+grH0x8InABWhpsTx6gU2MzTCeVyDXHx+XcI5hAzsuJjY9RyV8sZDlHkjACtHxtKivjOcYSJLJHBIrzHvgocrTsQeFMljxgtQjF6lJmnngCSwTrJd/BcKaY4HYlarwxURgtOc915/JH3aN/Vafpm9sGKSpOHAYBPBRQlg36WzH2slVdIWkkD91DLcgtIWjqYWv3Dc5CqKmlOdhymSw+jdKG5FVPTlpBaEoZ3Bwa4KW5uDocN1Eq4DGBIBsTuqbwZLKvaJWWyN2Crq6iM+Bp35UikmwNLu6k4a9vC0VySMVtUbIuMkYueN0UrmObjBwmNc5jg5pII9FpbhQMqIyCzBHBHKzboyx5jdsQcFaYT5PK6rTSplhmitlxiqmCKXGsDCBV0slJP8AMsHkdzhVEeuJwkYcEFaSirIa+Hw3fWBggrZGeOTDKPIekq21EQ0nzNHClNcMYKpxG6jqCWHDeVZRnxWB7TnK212kUQkjGu7ZUWajE7HM04ypTSQcEJ5ALeFpxuWQHHcY6uo3Uj9Dht2Ki491rqyhjq2Fj9j2KzE9M6mm0O/JZpQyZbK/0BDE+SNukEbp4AIxhcDSDgnGUqUMARlggyMIOw2XCcYVg+NhGwUSSE5zhZZwD7BY3yuavZc4XEpRGCTUVMUAONldEQW8+y1nTvUkc2mjrSAQMNef8lkyA44ymhruWnCJXSr6E30QvjiR6HcLcyZhcxoOdwR3VBPSS0rg8AkArlg6pfRMFNXtMsfAd3AWlqIKetgFTTEPjeM7dltqcboqSZzZRnTLZLoooKrxNnDDlKhm0HIG6j1VCYTqYCPsgxykbIm9vBTSfJdRubOCHYTBFLTu1xuyPQKJHLjupUdQT5XcIhTRIEkdSwxTNAJC5TPuNol+YtdS6M5zgHYpj4js5qcJWNGl7sFHCTT4Bkk1hm2tPVNp6hxSXaD5Oqazd5I0yH1HofZTn09bbGh8RFXTO3aWncD3Xm8oDiHMOT2PotHYOsqm3sFLc2meHgOHIWpW8GC3TbP9tcGikpaeuZ4keDqH0nkKluFicclg0lXMkVLXRGvsdWPEHmLM7t+4TY7lKzENzp8H+sDYok93RmcpxeGZ213689NVBNJJjB3Y7dp/Jeu9LdVUHUdM2RjgyoaP5kZ9fb2WErLZTVTciMOBGQQqGShq7dUfMUM0kT2HIc043TIz2sXdTHUJNrk91MWD3H3TXMKw/SPxEfUSstvUOGv4bUE4B9ivQWQh58oT1JdnMuhKntEXBHsueEp3gdsLhhGOE+LTM+/9lf4Q7BD8PfKnmMoJi3yFMDN3GQHgjGQhGM5zlTnRghBMYypjJN5FfA2QEPaHZ9VV1NmewmSBxHt2V7oC7oCGUEw43tGR76XjDhtgrugZ+laGstUFW3OAx4/ENiqSeiq6B2mYeJGTgPA3/NKlDA1XZIstPFJsWjdQprPgeJTuw70Vq1oeuubslSgpDY2tGXqoIKhhp7nSB7Ttkt/1WUuVjntRM1NKKinJJDfxNC9KmgZICHsBz6quqLWx4PhgYPYjISpURkbK9Y4nn0BZMCWncjceiHJDjfGyvLz00WRuqKZpje3fy91TwVLQfCqBpeNiVktqS4OjVapxUkVFVbSXl8TcZ5UJ7GtOiXutY+kL26mEEY7KrqraHklzcH1WaVX6NVd79lDPQN0eLTnDhvj1RaO6mPEUzSSNkeSN9O/S5uw9E2Wnp6obgByU4tGpNSRNZUtlbqByF0x09TkB2/oqUMqLZJrDi+I8hWVLNS1YyMB36KKf9gJJp5icnto5jCgugdEcHsrFzp6V+MlzQuGsoqjySgB/rwiSzyXGTXZXiV0JBYcK+svVNfQyNAnIb7nZVj6Bjt2PBB4yo8lLLCeNk+E5R6DbyetWrreCqaIq3AztlWhp6arHjUkrd99ivEo6+amIwSQOyv7R1ZPTFuJCMdiVpUlJfcUp7GejTU725bIzZVFfaKOpHmjAJ7gKRbOrqaraGVBGfdWjm0lS0SQkHPokTqU+jZTfjmLMBV2Gto3mancZGj05Qm1z24iqAWOHqvQDTRn8GFX1tgt1aD48G/YjZZJ6ZLo7Gm11lT5ZSW25ywHVG/I+611l6ykgcGvkcPzWHrOn62gcZKJ7nxjfTndRIbxHE/wq8OhI74WR6c9NoPOOP5M+ibD1nLUR+VzZg3kZ3Wmhu9sr2hkjfCkPOpfN1DWVUBbVW6tJ7+R62dm6/wA6YLtEMjbWFkt0/tHsdD51TWGz2V9ueG+JC4Pb7KI6A4xhU1rvcwibLS1HixEZwTlWtPdaapIDv5bvfhYJ1s9PptdVcux3hlmcjKiVEPjDTjCsjokALTwhlg7oVx0bE1JcGWuPTzJMOiZv7BUssNVQymNwwOy3z2jYhV9bQxVAy9gKKNmDn6jRJy3RMkxwfgPHKbLRtjGqM4J3U+ts0rHkwOOOVXh9RTnTUcDjZNTTObOiUJbWgJbUNJGNQQxUOYcOCneNFIBoO55QZKFkzc5wUSa6M0sxfA1k8LtpACD6o0euE+JRTkf4c7KvlpKmI7NyEoqh8Lgc4xyFJpdhKzGM8F3FehJiKtj0kd+ykxulaRLRT49gdj+SqGVFPVAB4AJUiGldGQYKjGfUpDRsrnN8xNLSXlrsRVbDG/jV2KswWOGQ8brJyGcNGtuojggKVR3hjXBkocDxuluCNtV7j+ZeyxMe0te0OaexWcrrRPTvdUUMZc0HJZxhX8VTE4Ze7nhEcWuaC3gpb+1mnCnyjMUdZS1DjA+Rscw5aVJlhewZG49QuXXp9lU7x6V3hyg5BVdS3Oa1y/LXgFrHbMk7ZVyimgJccEe6WCyXphiulCHZGA8Ddef3f4f3vpaZt16br5WNadUYY86mY9Mbheuvip61muCRpyNiCoVTSTtGl2XNHHos8oroyWVqXKIHw8/tN3zp5kdl+IFI2qposNbUsZiUD39V9DdPdX9P9W0Pz3Tl0jq4XDOeHNJ/qHZfMd86Ut13jImp2tf/AFALEtoOsOhq/wDiHSlVNG5pzhkhA/RJlDBllFrg+2K+3UVwh+Wr4RKw8grxL4h/2bbDd/EuPTTxR1hy7SBpB/P/ANFD6C/tPRzPFs+IlI2lqAQ35yFux/5xt7cL2ygvlqvlKyutFdDVQuGQ+N2f19EqUOANsWfDnUHTXUnR9WaC/W5xhedLJuxKpPlpY3GShefUsX3peunrP1BTPpbpQxTMeMHU0FfP/W/9mq4UDprl0PId8uMQ4+2FmdTfKMltGejw+G8uB8GrYW9sqRNDHUx5BBB3Dh2T7lbauieKW9UbGS8a2jGSq7EtGdcD3af6Tug2syyqa7B1EFTSEHTqHqFIo7jGSGO8rvQqRHX09S0RzMDD78IVRbIpBqiIz90qcE+xW6UH9pZw1LxgtOyuKKscQAcbrENnq6N2l2S0eqtqO4Ne0En8ljtp/Rqp1TXZtGShzQQ4IkVUWHCz9JXN2BcT+asGS68HlY51tHUpv3GipKzbfCmNlbLtys3FNgAZKnQVekjKXho1xmmSbjQa/wCZE3tuqSSN8D88Ee60UdSC3B7qPUUcc4zjdNiyrIKa4K6mu80DwHkgD3V3S3OGsZocWhyz1ZQSxO2bsFGhqHRO8vKLCM34vk0dVQslJc0dlR1NG9jtmqfQ3ZoAbO7IKlvfTVIDmEFFGTQMoqRSw1D4HAK6oLhHIA17sFQai3t1F7O44UAk08m+6fGzIG1o000EFS3D2tcD6rNXnpNs+qRsTHtP9IwVOp7njS05Vi2pD2gE8rRXbOD+1me/T13xxJHkl46dfSEkQuA7bLPS02k7jH3XuVZQQVO8jQVmLt0aycOkg059CMLp6fXNP7zzmu8Kmm6zyuWM5wAhFpC0l26eqqNx/lnA5yFSSxaBjG/ddnT62M/xPHazxjrbeCCW4XQSNsJz2nPCaW47LoK3K5OLKmS7CZyjR1s1K4GNyBkE4yuuLdslXtjIBbk+C+t9/e3+/wD81fUt6pZQ3DwCexKwL9O2SnBzmnIJ/VIs0sJo6en8lbUsSPUYK2MYcDyrCGvBAw7K80or/U0wDXnxG+hV9SdSUUrRkua48grnXaGLZ3tH5hPtm4juW4yePRSorjG8jSc+yydPWiUAtOx91MiqQ0DI4WKzQxfo9DpvLLPZrqasG2CFZQVPqFi46x7cYOCpMVyqAd3ZHouffoF6O/pfLr9mv1seOUxzQeCqalubXY8R+CVOZWsPJ2XJt0s4vo7VHkK7EF0aTwngu4yl4sLhu9dDWyDylZpV4NkLYy6Hh/fK6JO2EPQfT90iw4SZwzgYrcEgOBH1AJ2R6hQjqHdODvVA4jXZglal3XvnT+6j60tfshwGrMEh2gjGNvugupYDk6RlM1lLWVMFqWQUkDhkx7Y90yO6XKmGgTP0j3UxhAG6aY2k5IH6KtoSbXRMouqJg0R1DuO6uKTqC31DvC8QBw5WUlpIjuBg+yjPpalu9O7GFexMnyyj2ei4ppgHAtPpgpksc7t4pdOOy88jrbtSu2lIxurSj6vmja2KqGcdwh+LHIUL4p/cak1Fyh/4bJAPUbppubdxV0pj9S7hQIOp7eWB00paT7qyZWUFYxrxMxzTxndBsNMboy6YAPtE7sMkjLu4ypDYwY2tp5C3TkjST3/+YnC122o3MLM+rNlHk6eLXaqWuniGcgZyh2Bt+yZBW3qnGKe4ytHcairJvVN8EYZK2nk0jAcWb/ms54N7pX6WFsrRwRyUMXeaB2iso5IznBPIVbUXGf7RfTXK21+P4r0/S1GxyTv+mVDdZvh5WZ+ZsTY8/wBDcY/RVb75ScOyAUWGqgkAcyRu/uolgtyg/QSb4e/DOuP8ltTAT2bK8f5qI74R0Dd7J1jV0uPoHiF2P3U9mDwcp/guAyARlEVtrl6KeT4c/EKnGqh6/NTjtKCP9SoU1t+MNCdB+QrGjYE6QT/ktMJKxpzFM9v5lFbV3cDd5P5qC5adTf2yaPP5+peubfI+K8dF1UxbyYY9sf6qvm69sb2GG7dL1tOe5fGBgr1uK51QYBJAHEd0yonoakaa+gMn/gBUyWtJal9sv+55LSdW9FPcGx+LTn1d5cK2ivlgcAaTqJ7T6GfK2FX0z0ndDpltMDSe7owFUVfwj6JqskxaCT2cBhTMV+TAlXra/wAcMrI+pNBHy16EgHOX5UlvVLzjMrXH1yo1V8ELE85oblUwn0Ehwqyb4N3OA/7repvbLiiW2X4sX8uuh3E0rOqyAMRfdFh6oDjhwH7LHSfCvquH6Ls9w9NZUc/DzrOLf5nVj/GUXD4L/l6ldwZ6FH1LTj6mZ+xRP9pqbswn8154Oi+tGbOyfTzLh6S62b/wiR/zKnHHJf8ALt9wZ6L/ALVUvdhH5pHqu2d85/Jedf7Idbf9yf1SHR3WhO8J/VEWtRZL+hnon+01r/pH7JHqGzuOXRtPuWhYIdE9YkZERP5orOierjzE79VBkbLF/Sbn/aCyZ1B2D6YT/wDaq0M4eFimdBdWOGfDP6pN+HXVJfkxuQuORkZ2P+k2Z6xtI4cmjrq2xg6HFZhnw16mdjVEUdvwu6hOC1hahcMhbrl0i+PxDgBw2VwH3TP/AGkQ7+d5x7quh+E96f8A3wapDfhLUg7zM/RLdYUZXsk/+0yDBw6T9UI/Et2+iR+UWD4Rtdg1NUG49DhTovhfb4RvcoPzcpt2jIxufZUf+0u4E4GohCl+IF1fuxxH5rRx9CWmI+asidj0UhvS3TMX1yEEdwFWUGuOzInrO/T8Sn9F03/qOXHmIC2Mdq6ZiIDZDt7BS447BFu0ByVwUYRty6llIxKQfsjth6sqcAyED7LcNnsbD5YRsu/xinB0wQAY7lQvcjHR2XqWQDU4nPsjRdJ3p5Gondal98qXbBjB9hhCdcqk7h6vDI5JFPH0ZVnHjvP/AJipEfR9LER48m/3U11wqXf8V36oXjyuPmkccoowbJ8oh07aovqAeiC32+Ijw4gmeICNzjCYaiHu/f7q/jI7v0Sm08DMaGgIrI2s3A5UETOfuCUTFXJhoJx7hDs5B+b9kl7I+dtuUg+I7MOcKsr71aLPk3G6QsaO+rcrMXb4s9P0TXfw9r6mQcAbAp8dNOXSE262imOZM3zU98sTf72TQvEbl8ZeoKlhjt8ENMD3I1n/AEWMunUV9vEjpLjcpJi45xnAH5LVX4+yXZyrvOVQX2cn0DefiH0lYtTau6NdK3lkYzj7rDXb4+lsLh0/bdJJwJZX5/QYXkjid8uKjPkDcgb5XS0/jY5+44ur87dLiHBpr18Tusr0HRz3QxRv3LY24z+ay09RPUkvmnc9x5JOUwy57IQyO66teiqgujhanX33flLI3Tl3AwiNaB2SG5yBuitCfGtR6Me7f2cDBjYLoByngDC7gJ2z2N9CA23RdDfRDRDvhDj0ELV7JavZEEf7rpjx2TNiL4OJLgOU9jHOKgaWR8MIceFLZGG791yCMsbkoyIao4QOU4GAoxPJT5TjAygoksiZyGuceEwNPdFDR3QpJGtB2RbBbaQNxDRkkKJPKXHCU0uTgITQXOVGecjrASeFIYzbhKOMY4RWco4rIIg0hdG2U/U3A2QpJdIIATOim8Cc7GVGMhOV10hJKGCc8KgJzHbk5Ke0cZSDe+E9vKoGPZ1rR6IojSYdgMI2nIBKbGGRqyCAwpDU1sQPKfsEajgPJ0cousADZRvECa6ox2RYSL3HI6f1UuKLGAAuiMjgJ2cAle4gj8+OWRxbjuo0snYLssx4AQMOJOU3pFwESSclJLBSwVQwSWCkOUYAYUIDT0k9M7LbEutaecJAd0RrQRuFYveOaMDC6hg5yuPOFHwTsMTtn0Wfr6t1RVina7yjkKRdbiYmGCE4e5R7fQaMTy5Ljvukybk8eh8YqK3MksiLRgD7ojA7UjYHolgI4rAE5bhAd09JPTgBJqScoQanJJqIgkkklCDEk9cPCXLoNcgZZRGCqx0mt5zySi107STE05J/ZAae3osVkh0Y4WR6jVlSGxFuN3KS44B+ypJpi55c45wVnmxtUd0sjjL4UGrHmCgOdqOojcoj5fEIGFxIks9HQhHCGYwupJIQhiSSSaEFXRyuLo5UZB4Awu4CQ4XVBbEuHhdTH78KERzJLkeJvGQhRt3GQpLdIHOFALM+jrsDCizfSjO+kqNKcBKsJGOQZBB2RKcEu3CY0ZKkxgDsqgg3wOeAGgLsfAQnHD9PojbeHumt4F7+QUjiAo7SS45RJTlwCTVnlLLING5wnZ0YymjI912P+dI2NDN8Dqa/kko+ywt8ZDDNjGrYZWs6PsrrjVid4/lRHJ9z6LPRQlwbEwdsL1bpK1toLdHkYLm5P3WCfLPoHhdM1hP0W5MdPB6Bo2CzVbUuqJzv5R/mrS8VmlpiaVSMyXZPKz2s9VJr0S6Zg0jDcYUzIa3hApxpaDhdqpNEZKSF/cGP94qWxY5Wlc1sMTWAcDACrOn6QvLquRo08BWEzxPO2Nv4d1TNlCyssJCCzLj33VrbI8gzPYD2GVTsa50rYgM5OFpIWiKNrdO2EhvJ0qlgkB4IOdlkL5VSyVHhl/lB4C0lfWRU0JlkONth6rF1c3jTmXs5C+UFYw9DE6eRsTRkuOFu6CmEFO2PAGkLOdK0DnOdVPbtw1avZrceyyWm/S1rG5kGrqcHQz80Ng1R+IUJ/wDMkJx3KKG5b4Y2ysM3ya0skym8kDpDtkEBQayctidExwBcMuKmVQMVJHtyVVVIMj2Rjd8rwAky6Hx4LPpmB8TZKpwyH+UK5nk8mcbIdPE2ngZC0YDGgfmh1suI9AHKyWM1VxxyOpf5kweRnCny1McMLpHnAAJUa007nRmRw2zgKB1PUeBEYgOEtLLJdf8AFBtmLvdxdcqx5GdOcAINRKykoxGw+Zw/+UoEJD6hxI2a4lRLhKaifQ3tsFqgsLJ5Wdsm3Nk7p63GtrWzSDMcZ1E9itLcJQ5xiY7G36IFnp22+2hxHmcMpriXuLjuSVg1dmZZO5oKMQX9yfYLabhWtafpYQStTXBraiKmaMtzuAm9O0IoKISub/MkGrPoFItEH8Uvet2dAOB+S418nKR6OiGyODT0ULaanYwNwMKhrJTcL4y37aO60F1qGU0R07BgwsxanNigqrxI7+YXkRuPphIlLA98DepLgKiu+VjOGUzRHp7ahyVXQA5Gyj6nySOlecue4uJU+n2A8qCKyL/IsrbB5xIW7eij3+uMjzC04aFa07WU1I6V+22crM1shnnOnckpoMv0SbZEQ0yY+rb7rXWekEEQme3zO3VBbqV5EUAOSSAtawBrQwDGAEqwdVD2SC7Yn2UcSAnzEAZ5TpXA8FVN8uEdttk9Q8+ZuwGUmPY22ahHJgPiBeX3G5iihfmCHYgdyqiih8OPjBKCNVXVPqH76nEqzp4vElbEO+y0JYRyYt2T3Gg6WoHySmbSCCcDK9PstFgiZzdhws509b2QRRAtxkBbGRzaGl1AcDKz2vPBvrjhFN1bdpIWCippMOd9ZHO/ZWfR1B8jQte9vnl8xJ5WKfLNdbsImDLpJN/1/wCi9MpIvCbHE38IAWO9qKaCLFmC0HCcuMGGgJ7PqC5Us9DEPA07ogdtwkRwVxC2CFwF1JJWQckkkoQSSSShBqSSSAASSSShBJJJKEEnJJqhBJJJKEGISKgnhEiDUw7Lp5TFMbngs5JLgE/07ryPq65/N3CaVzstBIxnbZei9VXH+G2eWVrsPf5G/mvGbhVmSbLjkZ3910tNX7JKWCz6FoZLp1RTSgeSmPiOP27L2t3OchedfCW2uFLW3KVo0vkxGf8AP/RegaT6qaiX3bQ4fd2HAwmpJizDRiSSSgQZBRkFQglySQMb7Y5ThwVS9R1/yNA+USaSR+qOCyyjH1tQbl1F/My6ON2lvplalgDYwAMDCzPT8TJ5vmHjLnHK0r5Az81srWCyvrZcPDQhsZlwPGUx+ZJ8u4yjtG+y3QQOcLI540gYVP1TdTabRLVxyaJG/SVcktI3OF5x8VLuHGKzUzxlw1ud6b8YXZ8bp/ltRzPJ6j4qGzzt5dLLkHOoq+hj+TpWueRx6qkt8Dn13hjcRgEq4uTwyEA9yvolFfxpJHy/UXOctzKuV3iSl+63HTtPGyla4N3IysjbadtVWRsf9OoZW/iayJgjjYAG7JWrtw9p2vCafL+VkkDDgjAgM4wgRgl2cJ8xzH6LlWcnqd2ERK6TnccKiqnZKsKyQ6vyVS9+pyOCMNtuWEh+tuyt4GHSNuVAoIQX6nDP37K20hrFrhHJlslhZI1TIIxpz2XmfxFvQoaQ0UMn86bPB4B7rfXiXw4jMPwDK8C6ouj7pdpZi7UGkgfZek8Vp3ncz5P9d+X/AI9DpT5kV9LE5xyTkk8rQ22ifPMyNo3JAVTRRZaMclb/AKOtkMmmZ+ctdn9F6+ivHR8F1Vrxgvi1tDbxC06XBv7rOzOc5x7lXV7qcu0NPKqY2nnG61qW1HPh9zySKKPSzXjc7Is0gjbk8eqJThpiG2N1nOtLy6jpfk4D55Bk77gLHqr/AI4bjueO0075qMUZDqe6Pul0eQf5cP8ALaFnqyJmnJClayfM/k75QKo4K8zdb8snI+nUaeFFSijM140vIUHOFZ3IfzsgbKqkOMLKzm38WNDzuCg6d0Rrl0DIIUwLQM8FNgbmYHHddLeV2lBEwSpD4L74pfs1/R4H8RZn1C9hIAa3/lC8f6P3uLPuF7CeG/YLJM+meEjtqY0jCsado0N27KB2Cs6f6G/ZZJZbPQwML1W0Gs09sFZatpwBxytX1P563AVBWwkNDiEaycDXV73JmepKZslYNQ4ypVwGzMIlDEfm+PVEr4S4NI7LXWcOyv8A0mDZ9P5KjuoBa7PqryMdvyVHdti9uOCtdfZyPJRxRn+xSk4P2Sa0cpBd0+61qJ4mTyEj3wpB+lR4uykH6U6tIBkSUYfsiRPwckZwmyg6wUmbArDOG6TD3Y5RdwyieMFxySj0zzBM13bO6pqWbw5mlxOlXDSHjLTkLNZHB6fxWrlNLd6NVTETMDxwQoFdSAPLxwd02y1el3guOx7q4npRM0BvdZLI/o9nTONscoy8rCDwmt2Km1sBikIwoWgpAE1hkykk8ORp9Fp6Cp8TAJHCx8bsOCubdU6cHfgqDqp4WAlyiEVdrYMd0K5RNrKYuA8zBn8ld1dPFW0rZgPMGqqps6jG/t6oyrIZ5M3Dlp/ZT2v1NGGpt3pTTT+IweQnOESk0uZkeiszVrbJoTmBwOVEc0sPCnvZuMIFRHsCAltYGSjgE12eyt7PUgnwXH7KlBI7I8M/gvDtOVEFCWDUVNOHjYchUVbQjfZXtul+cp9RO45QK2DHDc/mmoOcPlR59UQOjccjuhs+yv7lQZy4DHdUbotBIxwmI4Gq07rmOzjsig5aNkAnKPG7fKYngQoprAF7CJA7HCnRzmVgb3AQ3xeIzI7BR4C6GYOwcfdb9PbtZi1Wm+3JpLJeZaGVsb3EDjfgreW+tiqoxJHv7LzJzJKka4WcK66YvT6Wq+Un3Dhjldqm7PZ4Dy3js/6tR6EGDAwUvDz3TaSRk7NbHZ9R6I2n3W1LJ5nrsB4I9UPQFMLcdkPTud1bWCZwQy3CWPdSHMCZp90OMhRllldX0UNdC6GdgcHDb2XmN6tb7XWuaGu0Z2yvWnNyqm8WyGvgLJGDI4KzX1YOho9T/Hlk81pas5AOFbQVOtoGyp7hQyW+pLHbDJwi2+YyODRnZcu6o+geM8hGcUpMucCTso09PnkKRE4HbhHMTXjZc+UD0ijlZM7U0pa4uA/dHtldNFJ4bvp9yrCppQeGjhVj4DG7ICU04k2uLyjQslDwDtuuqroqog4crNrg4A55TYyyaap7kNQnNBBGFITDwpJZGYIjoe+FHkZ7KdpOrHqmTQ7AtCS0U4lY9mQhRl0LxI04I3BUx7cHjZBewYG/KVJNFrjo2tluDbjSNz9bBg7qVUUw2cAsLbquegqBNA7GOR2IW/oqiO40rZWEZxuEcLM9nV08/kjtKOspC0+I0bBDa1srdDwMYV9UUmWHy8qnkhdC/OExr9DbKyplgfSycZb2KPBJt6qcQypjLJG/mq6SGSllxy08FVGTRz7YY6DlrTyFT3i0ukHjwtGocj1VtG/ODjlSCGyNAwtEJezDdQro4kYTdpw7YjlEiqJIHh8fIU+92qWKU1MQyw7nCrYnBuMrXGZ5fUaeVUsM09NLHXQNc/BdjdcBko5PWMqjpKiWnk1s47j1V/DURVUO/PcLZVbgTsbRMZonaHx8ALrAc4woTHSUcnOWlWcb452B7P0XRrt3C3DaDdEQNxyq+ut0VREWFuCTkH0KttIxhCewHsjayZ5xMS5roZXRPG7ThPeA9uy0NwtkE7XSluHY5CzkrHU7tLgd0mSMs4DRlpyVyVrXNwNl0nKYBvyktIp8EWSPfhBd5T6qxfDgZUaaEnfTnCTZWSMsgQcpO3C4CWnBCckFgslrgUTI06sfukQCCgkEJbWQsDvE3VrYupZ7XJ4cgL4XctJVQ1cLcb5QxlKt/aBZCFkcSPT4pKK5UzamEgteN/b2VVcLcc64WrK2q71FtlBDi6InzNW0oLlT1zBJE4YPbuFurnvXJzbKXDopwXR+U8hSIn4wcKdWWxkzjJEdLu47FVul8Lyx4wQtAnvssYanIw5PcwS4xhV+o9k+KeRh2dsiTwDOJLP8rG2cp4DZMHC417ZQASkGlmMI8gkigrqu2VLaimfp7ObnZwWuorzR3php5wI5cd+PyWMadXbCPG3BBacH1TITx2ZraVI1+irtjtcLzJGe2cqRFXW24fynuEcvcHZUtFeCxjYqnJA/EFMfBRVjdcZAd2c3YhPUovoxzht4HXLp90rdcJGRuNuUSxdYXzpaoZT1RzS5xjfA/wCii091udskLKxpqqc7DH1NVwz+G3eL+W5jifwP5TN21CJ1xlxJZR6fY79bb9TNqKCoa92PMzO4KsywnleFClu/TtR8zapXhmc6QcEL07pHr+3XzTQXE/K1rGjAdxIfb3TIzycu/SyXMTSmEeiEaY84/dWADfTb1ThEHD0TzHLMeGVToyNiMILovRW0tJuMDKjPpXDgIyKeWQPD90vD91IdGQmlpCgYFc0B3lcAR7hEIwuJeMhptdFHcOnnucaihkwefDPCqNbmOMUw0vacYK2yjVdupK1hbPECezgNwo4jIWN8MyTm57oegKwrbHVULvEpyZY/TuFBY8uOlwwUDWUaIsYYWOPmaCqS/wDSVNcYvFpg2GbkEDYrS+EcZwuOjKVKqMuxtdrg+DySpp7nZZtFSwhucB3YqRFUw1DRrwCvSa20QXCPw6iJpGO4WIvPSFTaXOqYcyU+c7Ddv3WadG3o6VWpi+JFVUW+OdpIaDn0VJV2eWJxfGcK/hlMflR2ASjzAbrK4bjUrnHpmRDdY8OXBB2Ki1dtdB/OpyQeditFX2cl5fBtnsq0MqKd2idhc0JLr29GmFzfTAUdzaWCGrGSNslHmt9LVDXGRn1HKZNRQznWG4z7KE/5q3vDgC5h9CgxJ9mhcrLCmGspCdJLmjsususedMrMZ5UqOpZVMEjHDJ2I7hCqKSGYeZgB9QrTcXwRPLwdEVLUDLcZPZAdRugdk7tQXUtRTHXC4kDhPiuckeGVYDmj23RxsxwypRfonUkmjYK7t14raTGiQlo7Eqopamkk0mPSc/spwiwMgbFaK2pClJ1s2Vt6oppwI6lul3qrhj4KluYJWu+x3Xm5jOdiiwVNXRyCSCd7T9+UyVeTVTrHHiR6F8uRvpG6hV3T1BXsd49KzJ7gBVdD1e5uI66MHtqC0VFcKOtbqimb+ZWSdaTOpp9RXZJLODDXDpmvtD/Htczi0/gzt+ijsu7y4Q3CExOG2ojGV6TLThw8zQQfzVZcbJRV8fhTQMPvjdZ7KsnartlWvsZVWnqC42stloqtzo+7C7IwvQbF1vbLniOdwhlGAcnuvKa/pWtosuoppDGPw5UOKolgdpqGFjxtqwudfp89Hb0Pm7tM0nyj6Niqpg4SRzZ27HIIVrT1cU7RqcGv7heE2Dru420hs8njR8ZG+F6LZur7Ndg3xTpefQ4XPnS0z3fj/JwsjujLn9M25wdwd0B7QRzlQTLNE0OieXxjsd0eKsjkwCSCexSXBnfhq4yj9ywNlj4AGQVDq7XTSMy6PJKtcNIzyuOaCOFMtEshG1GMrrS6BxdTR5UBtW+A6KhmgjZbmSlDgcAKiudlNUdowSmJnNu0ri8wRXRTNqB6hcmtcEv0jDlAq6Kut82iMeVKG8eG4MqT+6NSyY7Go8SG1FFU07ssZkITZ6tpwJBt7K4jniq2jQ/KHUUMeA5gwqwLU5R/Fj7ffnweSpj1N/VXQdabkzLHtY89lmPALTgNykKEOIk1uY4ehQNZH1aiWfuL8srKJ2WOMkfod1Y09U7SHNOQeyzsFxrqPySnxY+3co7a+JjvEgfgncsJwgcDdG9ro0TKguOCOUp6WmrYzFUwMkaf6hlQKKvgqWAtcA7uCd1Pa4gHZDOLZoVm5GWq7PdbI8y22TxoMkhmfMB6ItB1TS1BFPWROhl4IdxlaF8pfyFW3Ky0Fe0+JCGvP4mjBSdryC4vs7JFBOMtbz6KtrbV4g23UZkN7sQwHfMwDgjdwHupdLfaSr8jiY39w5V8eQNqk+TI3voqir2uMlMGv7PaMFZ21VvW3w9rHVXTVzmZHnLo8ktP3C9fZG2XdpBCh1tipaxrgY2td6gIJV46BnRHH2lh0R/aKtdxcyh6ppPkKr6TKz+6cft2XrlHd6Oup21VLPHJG8ZBa7K+Wb90Bq1SRsH3aN1R227da9C1Alt1bKYGn+6eSWkfZKdRlnGUX9yPqTqvoTpXrSF0VyoYvGcMeK1oDv17rwLrb+zr1H0/rrem3G50+STFn+YB6Ad1tekP7Qdnrgyi6np2UM3GtjcDK9Ts98orpCJ7bXR1MDuAHZP5hIcORM64WLhnw1V009LO6mrqOWmmYcOa9pBBXI5ZocFrtTecL7S6t+HvR3WUDm3i0xulI8szfK4HtvheB9d/2fuobJrrunJHXKhbuA4Ylb/1SLKX6MVunkvxPMhUQTt0ytGVDki8JxdEThdnpquimdT1lM+GRpwWvGCFxkhzg7/dZ5VsyODj2Hpq2Rjhnsrujr3PALX5HoqEhrgRpx9kNjpInZY8hInUmNqulX0biCp1AKZFMSRgLI2+7BhAnctDTXCmkaAH9lknTg6NWqUkW8dU4YU2OrGwBVK1wIyCcJwmPAStrNit/ZeP8OobhxBVRcKFkfmjHK7HVlpaATgqX8wyRoDgq5RG1MoJHOheA5ql01YIyCVPmo4JwQRueFTSUc8EzmFuw4KNNPsHmJeR18UzQ0EZPKbPSRStzyVSRyeGdjwpjK/gIlFgOY2enliOQNkqWukjcBI/ZTmztkA1jKhVVGx7tcW2eQmxlgGSyW0NZHMBpOSpLQ1/ossyaWkf5eO6s6W6xkDfP5pnYmUckmutkFQfOwHIWYuvQtNVNL6Uhr/tha9swlaDhI7p1d06n9rM89LXb+SPHbr0jc6BxJiLwPQLPTRFhLHDSRzle/PjD/qAP3CoL50labiNRgEUh/GwYXV0/kZL8zzWv+n4TluqPGsEOXX8DK1t06FraUufB/MZyMcrO1Vvq6bIkgd+i6levhI89qfC21f0kDW4J5djfhMcTqIA3QnPIOCF0Y2po4llHxvDRI1n+pdEhByDuouT6ruSgc0/QjO18FtTXargIAeSPTKurf1JhwE/+ayQkLNvVIHUQUuSi+jTTrLKnwemU19pZWg6h+qs4K6nlOGvySvJo6qWLHhPwp9Nf6qBwcf81nlp1I6+n8vKC+49UZJvnnCkxV8jAMdl55RdRGUZM5afQq6pb49wDXYcPULHdpM8YO9pvLZju3Gyguzy7EhGArKG80wABcsTFc4XO0udgo/zsGRhy50/Hxn2js6fzLj7NxFc6aRwaHD9VOEkT2ggrCRTggEKwpLjUQ7a8t9Cuff4/D+07FHmYv8AI07mDOWlLRnlVEN5JeBINlOZXRSNBDxv2WCzTOPZ1avJVW9MkeGPVMDO+UhKD9OD+aIHZWeVaRsjfF9M7jbCHg5yjZGN03AS5RSNcJqSENkk1cyEPAzKHnhAJdq3OEfIXPKqks9EGOaHtw4ZQH0MDs+XBKlpKsEcUysltw7bD7qHLDcaQERyuLOxaVfHc4ykB67q1wUljoqaTqa70TQwvc4D1Vxb+vapkgFWzUzgphiiPMbT+Siy2ykkcXeHgn0QSxIpStjymaan62oZ5PDd5M8EqfFeLfVP0CRjj7rz19ibqLo5iPZAdQXGnlzC92RwQeVShkP+TYvzR6XNDbKlhjfFGfsAFE/glE7AZlv2KwcVzvdvk8WVr3N9t1MpeuJo5h48bg37KbBsdVXLtGqfY6oDENzkYBwFHNN1DS/9mrWy/wDOq9vXtvc4AylWdF1Laqo6WVLQSO5QtNDFbTPp4Bi59T0+PFpRKP8AAE49VV0W1RZ6oY7gKy+dik/u5QfsU8O1e6F5Q2MW1mDIMHV9Kdp6WeM+7VMi6ltkv/HDfuUyWnik2fE059QgOsdA4ajC3f0CmMjE7Osk8Xe1S4HzTN/dGY+3yEFsw/Iqjf07QOOWMLT7Jn8E0bMEmPZypwCU5LtGpikiaPJICjCsyMCYLIC3TM3Ek4+7yu+BNGdpX/qVSWOg/kZrPmXHmUY+yXixn8SyuawD++d+qQfXg5ZVEKZK+Q1OsO4JXXajjDsLMCquQGDUZRG3K5tAY3SSO6vLJ8howKjtNgemF3VU/wDen9FQ/wASuw50YXReK9p+pn6KyfJkvgav8Mhz9lwPuw+mX9lUC+1wGDoP5Lv8cqe7GlXJ4L7LoSXfH98uh1271Mo/MKk/j9T2Y39Uh1BXZxhmEtzwHkvddxxvXS/qEMy3HH/zwmVWL3UFuS1mUM3qoz/ds/VTcTJaeJc3bfxCbB90vBqiMuq5v1VX/G6jP0MH5pfxetd9Tm+yDLJuwWojqxzVSH7lN8JxOS5VZu1WdtTUz+IVB+qQfkrSb7LcmXLI8c4XXtac8Kk+eqMbyKO+qqBzLnKpwcipWJF24xAknSMeyH8zTD8QBHsqY1Mh5JQSSTnKtUNoCVqRefNUv9QTDcKdvDlSl7Bs5+6Y2UOdpARRpwKdrLh91hHqufxWI9yq75d7hnAH32XJKm10UeqquMLHDkZytENO/SFzvS7ZZi6MccAn9EdsskzQWjIKxtX8QumqIEQOfUFu2zcAqir/AIsXSdpht1JBBH2yMlNjo7JPhGSzyVdfbPUmxfiqZfDb6qnu/WXSNoBDqz5h4OA2I5JXjtxvVxur3SV1W+QntnYfYKs0+YuPK0Q8fL+o59/l/wD9Gen3P4wsEToLLa3N9XzAbrH3PrfqW8BzJ7lNG08tjdgKlYRgtym+UA4K3VaCuPODBZ5Kyw46SV+fFk1Z9U3DfZDccHlMfKGjcrVVQodGC29y5kGdgA+YKHLOGZGxQ5qrB0tzuokxcSCCtMaTBbqV1ELLVuJwAhOeXfUuNYNspxGMALRGrbyZJTlN8nR90/GE3B9E8co+iLL7EAisaMZSYBgHunIWECT0k5MCGjlFaDsmgHOUYFgAyhDHjhdJwMpmV2Nhe7KIYlk4yNxcNuFYQU4ABI3XYIQBkjdG59sKzRGODmkAcoTn5B24RJAcbKO7LjvsmKGS5y2gJnajtsmIkvlUWeYYx3VmS2Q+R2BsQq2acu2amVdU4eRvflBhDnHUeEZlnYPaHOdkqRGOCuRtAA2RWhALbyPaupMGcpOw1pyeVaeA8jC4+qY4pPOShu5CNRbFSlkSc0DKTckZRAMnCKMM9lJHQAQNkRkerkJNbuCjABqPbhkbwcYzJ4RtOAhlwaMuOyjTVhJLI+AmcYI7EiS+YN4I2UaSrJ2wganu5KcyMF26qKJ8rOl7icoscbn9sp2iNoBOPfdQKu/01GSKdxdIO4QuSiW7ors05a3uFHmwMbo73tDTv2UF7snle8XB8FjHIsZXMBdSRBHMBIgYXUkUY5DI+k6sYRxwlgJ2CmqOeyN4OIgHdcARABhWLcxALp3SSUKB6VGq6psDC52x7I8kojGSMqsInrKjcDT2HolWcjYr2+gdJSOkkNZUj6jloKsQDkbLoYRgE8bBEwCArjHBUp5WEdHC6uLqYUOSSSUIJJJJQgkkkkRBqSSSCZQlHrJmQxEuP2UhUtxqhK8tzs3YLPdNRiNqi3Ijuf4jy7jKNGo7d+FIaC38lib3cmp88EWvqDGPCY7BI3VS/J7o9TIXyOJPdRw72WebH1x2nEkkkMOzUJCRUJNDEkkkoQKujlcSUYEp7Qo4XUIZRycRqFdjEwDdc1blGjYSQccqEfCHNZgZxuF3f1Rg1rWYUd3dVkVnIpCMcqJLzyivdk8oT9yMJEp84HQ4CQtB7IxwAmQD1Tnq0/YE36ONBLsokzvKMFdjbsThBkJzyrk8cCxmcvG6eCAMoKcMgYyl55yNisiLxuFLt1Nv4zh22UNzC4ggK8p49EDGY3/6pdr4wdnxunUrFJl103a5LhVamg6WkDhep4bTQMj2bpbuqHo63NpKFsrmYcRlT7vU6W+FnzO3WGT5yfRNHSqK0/bKermM1Q7fIyi08OSCQosTXPkAxvnlWUbdIws03k1xywgAaFBk8SpqfCHHspNQ4tG3oiWmnDz47hwUBpj2XlMwUlK2NoHCHEPDzK7cuJI+ybO8gAJQgnS3BPblLsbRupXpFpaomvPjuHHCti7ZAgjbHE1rGgbDhcq5xBEXpPZ0IcIq77UsfinyMjdUkVO6Z4YBkkrtRI98zpHHJcf2Vj05Tieua8jZiGb4JD75pGvttK2lpY42txhoylV1AY3cbnhSQQG4wq+pcHS49FhukdiuGFgGxpcc45R6WNrpm6zsCmxYxsE7xGsaXu2wsTYxir6gVFRoYfJHsECkgdUXOLQNojqcf9E2kgkk8WY8Ak49lZWSF+mWdw2e7b7IX0Nh2WUpHPChPBleGjckqRVuAbjPIQ7a3MuvGcLHYss2x6LdhbTQNAG2N1geqLo6eeRjXcZAW0ulT4VC9zRjYry6ondPW4zsSd1dUXk5PkrsLYhjcQQGR31EZJUS2RPra5ukbZT7rMGtEDSM91bdI0To4Za6RuzvK1Osltg0ciqErr4wXRdVeGhsQ2AACkWKg+drWhw8kfmPv7KK9rp5CVrenaAUdGJHjzyHUT7Lh6ibXB6zS1tzX6J1xeKen8OPILxpA7gK36WtopKX5mQed4w3291m53S3K6xU0JOS8fkFuSRTRNjxs0YWCyWDsReSg6gqnuf8rE4ZeN+6p7475alo7VG/zg+LJj09FYVU0clzdISD4Y1KgqZnVNVJUScuJA9gkvkk5eh9O3W8ADhW1HTOe8NaP/RQaFhDPELduyu6JhjZ42OQVEAl7I94rNEfgNIAA3VTQQumn8Vw8o3+6VZM6ed2+2VZUUDWRtaNiUbYUFllzbIA3TMFbtOQMqDRRlsbWkcKa7Zo9lmnLJqSSRyQknJK85+IV1E9Qy2wvO3meAtxdrjHbqOWrl2bEwu55Xj/AMy+61Ete/OZXEj2CbVDPJh1VmPsRKpoQIwGjstP0tbxJP8AMFurT2Ko6CLxXthA55XpFjtzaeCNoaAcZJR2NJYApj7NDZqMFwle3Zqh9W3YRRGlieNRGMZVxSjwaQvJ4yV57dal1ZWyPJzvgLHKXOTWui+6Eo2z1D6tzclgwD7r0Kn2cCRlUPS1vbb7bG0sw+QaiVoqZhA1EfZYNXLLyCSQcjKL3QkQcrnOWRjCDhJIcJISgySSSMg5JJJQgkkklCCSSSQADUkklCCSSSUIJJJJQg4kY5Qjylk+qErSyQSYnoZIxhEQ7kYO6F33Oy6eVBulYygt01TJw0I61ljI9GB+Il3M1X8rDLmOPbHv6rzupc6V+huSSMYVxe6t9XM+cn6iSFDsFMLjfKKjcDiWUNOPRdSv7I5FSeWeydH2/wDhXTFFSkASPb4jgO2VdM43TWxhgaxvDRpCc3ZY7XmeRi+0KmJJxIxhKcsDRZCWR6oWTk7ruT6qgsnEkkshGWOd9Jx6Lz/rm4CWqitzMnSNT8f5LezyiJpJIGxK8vc+a79QSztblgk0hPgCjQ2GkbFSg6MFwCPcCI4tWVLgY2GMNxg91UXCp1z6B9LdlurRYGLLvMTuSpQ8oQY2YII7Iz/MAtVeclPoHNL4MLpcZ074XhN7uLrncay7OflpcRGD6Beo/EO7OtlgkbDJplnPhtxzv6LxyeIx08FDqzJJgkeg917Pwmm5U2eN8/rFCGxFvYKYtgdUSDzynVn2QrlUGWTQ07DsrPSKWh0MwHBgCpADJLvuSV7BfasniYL5pqJo+mqMDFQ9n2WqY3BBVZaqYQQsBbsB+pVq12ey4+plunk9p42tV14JLGgNKi1E2fsj6hoJPoqurmDThIjHJ0LpYiV9dOA1xyq+DW94Ge67O5736RncqTQxkSYA4TEsdHNlyyypGhg1acIss22lJoDQduFBq6jQSFsog5PCMWst+OpmL+JHUL6C3Op4naZJSWN9l5AzU9+TuTyrzre9Put/njDyYqc6GjPdVFKBnOM4XufHU7ILJ+a/qvyP87XSWfx4Lez0xmkEYGV6ja6VlutzfL5iFjukra2WQSY9O621e8R0rsbYGF3a1hHgdRZulgoqxxknLiQQfRdjZnACGjwg7ZVzlhFUj5XCmgdLwG7ry++17q6vklc7IBIWu60u7qKjdAx2HO2BXnDZSTqJyuF5G/K2n0D6co2t2P2hzxnjZBqG64yD24UgbIU41NXBWWewUSgr25GpU0jdyM8K+uPdUb/rKhydXHEwTBgo2nCawgHCK/GBhQzxWQJ4P2TaMfzR+aceD9k2j3mH5pcjTVjfH/Jsejh/7wZ7levkbNbngLyPo8YuMZP9Q/zXr4Gd/YLLM+meG/2jjeysofoB9lCY3ON1ZxsHy533wkYPQRXBgL40vuJVbcYgKYbdldXCMPuTtW6g3Fn8nACLByb4ZUihoYR4+S3t6ptSMndToItOduyi1Y32WiBxra8QZFaz34VLf2BvmA3IyVesGCq69xNdEdQ4C1VdnA8is0NGTZvldck3krrgVvjyjwL7H04yFIQqTgqRgkIoMTNkaZnBHKGIyN8o8rDqCRYNKTOOXwWmRu5B2VrbqrGmF36qrkG6UdUY36g3j3WWyOTdp75UyTialkvhPDgMrV0EvjU7STusNRVHjMaSd1o7NW+FUBjvpcMfmss4nvfHamvKeeybcaUPOcYIVLPFpzthaush8T+Y3BaQqeppcDgLNKB2LIqSyijGWu4Uummc3GEyWHQcpReVwJ7JL4ExzFmstEniRFjnDGOFFu1JJRTtnbs1xwVDoal0TtidwtNPE260DWYAk08+qtSyakt8cGbroW1lJqbgkBUtE98LzGeMq3gkdSzOppgeS3dQLjT+BMXgeV24RxXJlsWzkk4Ejc9kyWMOHKbQzNki0Z3aiEYRTWMYDi98UyFKzQRgJh2UiTzEZb+6b4eO6SDJYDW6umgmaGHA9FpMtniDu5WTj8rwVfWusGnS4q49ja5egVfRZBGOyy1yozE4kN5K9BlpvGZrDeyz91t5dnyhNXInV0b4ZMaGlpwU9j8LtaxzJizGMIcYIIzymI4MoODwTIzny+qFMwtIICLFuEVwDm7p8JYJKO5YBU1dNCcNUogCZlRC4DPmHsVBMek7DZFY5wxgbD3XRovxwcbWeP8AkT2ezW2LqCWklDJH5afflbimnirI2yROGCvJGP8AEA2wRwr6x9RS294jlJLc4/Jdmm4+e+S8fKuTaR6Ro2ymFqdQTw1sIkjfnPb0Rnx4wtSkpHBknF4ZCdGTjdN0Ed1L0BDc1XgIhObjCjyxg8jKsHRk4yo74+xSZrIcZZMl1LYo66nL2x+YDO3K88eJ7fUbE4B3XslUwAElYbqqytMXzVOzfO4AWC6vJ2vH62VWISZXUdW2dge0/cKfDKXYblZujmNONDhg5VzBMCAVzLINM+keM1ytiotlk+IOb6/mq+opuNlPhdnAPdSJoA9o0tWVo7u1SXBm3tdC4EDGFNpKokhpRqmkychoUQMMR4S08EjDY8lxHh7c7Ljm4UOmqAMAqeMObnKauRvYAAZKT26hunuB1ZT4w0geqANRyV0sOD9P7oD4yRwrWSIOHCiyQ4H0/ugJKOCvcwjtsptlvUttqAC4+GTuChPbnsok0ZJy3lJl/YkJyrkpI9OD46iBszMEPbnlVtXTA5wqTpu/ln+6VJ22DTlawRCVocP1TYz4O3XJaiK/ZnXxPhdkNXHRtnaWvCuKqlBH07qrdE5j+MKxFtP7KrQYZHMI4UmCTA37qRUUrZmam7OH7qEA5jtLhghHCWDHOrBJkYyZhY9oIKyd2tzqWcviadPOFqo3g7HZKso4548FvKfGZzdTpY29mKjmzjIVpRy4wA1RrnbjROErTlrjj7LlDMMtHrlaa7MHAtq+OWDQR6ahml4CE10tDLydJTIHloDuymvY2rp9LD5h+y31XYEzrySWvbI0Padikq6nnfROEM7djsCrIHIyAt9dm7hmV1ZGuiDmkE8qqr7SySIgN9891cJpaDtlSSyInV+zDyQyU0hjkH5+qS0tytjKmMuYN1mZYZaaUxyA+x9UprBlnBxHcLhja7ZPb5gEXSRj3QtZFlXU0xzloUYEgkEK8MQcDtyoMtEWnUBys9leOgsZIa4WghPLCDglcZ9QSGikAc1zDwmqaWt0HbsojmlpSWghqlUNwmoJRJEfu3sQo4OUiMpkJOIMoKXZuLPf6a4fyjlsgHB7qfVwRzswRg9iF53C98MgkjcQ4bghaO19QSuc2GpcDnYFa6789nPu00lzEmvifE4scOOCmqbI5swHCiPic1xIHKejOpPOGdbK5ucHCNTVes6ZHKG8E8HCaGY7q8lShkumFrhqachHgOs4JwqNlTJE4YO3dWDKyEgEv37olLPYmUWy3YzuFJpXvhflp+49VEts7Jn+FnPor+CxyVABiOM7+qfWYrcR7AmaN487sKGXOhk1xEg85BwpdVbqmnJbKwkeoCivGDjCdnIiLRe2jqMPcKWva1zCMBzgplXYqWsBnpXAO5y07hY14zhTrZe622nyPL2+hRrgCyvJv+nOvaqyuitF7aXQt8jJNO4HuvTqGogrYW1FPI18bxlpBXj9uuVm6kZ8tWs8KTHOw/dTbfJeekK/5iidJUUJ+thORj1Hunwnjs5Wo06k8R7PW3MzhLw24wq+wdT2zqGBslJIA/G7CdwfRW+n3TlhnNdc4fkiDJRA47qHNRSRb4yPZXWn3THtyiCzxkzz4y077Jun3V3JRxvBy3BUOSkcD9KmSfJyQNPulp91IfGW8ppbjkqdjFNAsDvuq25WWKsGuHTFJ6gYyrjw/dLw/dBkYrMGOfFUW9wiq2bHYP7LuA4ghaqSnjnbolY14PYhV1R0+GZlpH4P9BOyocrMlSyHHuiCFpGkjIPKkNhlYAJI8FEFOcA8KnFMJyMZfuiYqhpmoHBkvOD3WMqaOutryyqp3MA/FjYr2YU4djthBrLPT10fhVEbXtPqOEidKxmJqp1bhHbLk8b8YSbpT0sVXGWOGD2Wrv3QNRSOM9s8w50rMBkkMhjmYWOacEO2WOVck+UdKm6M47olS+11EH4chRpoY5WGORv5+i0msEAFQ57fHO4vYdLu/olTrwaq7pLsylRaqiH+ZREuPcZwmU9cSfDnwHDY59VoKiknpTk/T2IVfVW6lq3+I5mlx5x3SHBmqFu7gF5XjylQqugfIC4YXR8xbZCx7HPj7OHopkdXBUDkApckOUvZSsZU0zyWtU2lv1TE4Nk+kbKXPEHDYA7KumpRnYIW5xeYluMbPyRpaWtpapoHiAP9ypgYMZwsK5z4XtLc5+6taDqGWBwbMCWn81phqE1iQi2hx5iX74T2GVxvis+lzh9ii09VS1gBilbqPYnCkikc1oIAKdGCn0ZfklWyVbOprlQYjleZox2dytNSdQ2+tABIY88g7LFvpy0/T+6G5ukZBwqdeTo6fyc6uz0bRFM3LSHAqBVWmlkdl8Lcn2WQpLxX0DxolLm+jitBSdVU1SGsqBpf7rPOk7On8pCfZDqunWiUmnJZnf2UM09dQSam5Ho5q1jZYphmN4ORnlDlia8Yc3IKxWaXJ3NNr16Y2xdeXW3FrJ3GWMch263lr6qtV2aB4gikPOV5xNa4icsABKjxfMUVRqZsWn9Vhu0rTPU6T6gnCKhN5R7LHLURYkifrZ6A5U2C4Mk8sg0lec2jrB8WlkpI+/C1NLeKKtZ9Ya4+iyuqR6rReQhKO6mfH6ZpWuDgcDOe6E5gwdwFUNq6qA6oJA5p/NSYLpG7y1Hkd6jukyWTsValTWJIdVUEdY0xybHse4WXu/S03mexocD3C2DZmvyG74GeVwS520qsuLF2013HmBhr7a/ylwA7KwpL9nEdQN+62FztlLWDS6MNJHIWOuvTM9KTJTjWD6cpqsOXfppQ/FFiySCUB7HAj2Kc9hwMArK+JUQHS/U3CnUvUEgAilcdtslMSTRl3Sj2XLiRjbK5phkAD49/UIcFfBOAXOAKkBsLxnn0QOOQ1e49kWS27+NTzPa8bjDkejvV0tu1aDUxe31BckNQw/yBkehQjVQs8tS0g98jlDKODRDVN/2L+hvtvr8eFMGuPLXHBCsPq3AWP/hlrq8SwudFLyHNOEWC6XSzHTM01EHY8kBJcTXDUP8Aq6NPIMqsrrJR1gLtAZJ/U0YKPRXygr2jRKGP/pdsVMIOM42PdXg1xshP8WZEG82ObVHEamHuM7gK1t3UtvrHCOTMMndr9iCrN0bXZB49FUXGyUVV5tGh5/E3Ype0trHJcuayRucBzSoFfZaKvi8KSBmPsqBovlkfqhlNRCOATk4VnSdVUs2I6hhjk752QOOeAZpT7Mpe/hpHMHvpR7gLMQnrfoepE9FJOyNh2AJIXs7KynlYHNkGD7pk9PSVjTHK1rgezkmVeHwIlRH+koelv7RFdCY6fqqg1tA0+ICvVenfiL0tf42vpLgyMvH0OI/QheRXL4e2qrc5zWaNX6BZGv6Gu1hmNVb5DIxpyPCduPyUlUmLdThyfQ/VPw26U6zp3Ono4fEeNpogMrwfrD+zz1HaXST9Ph1YwbtYOcLth+KvVPT0gifO4sZsWyZXq3Tfxvsl2gDLnG2KUbEg7FA6MmeVddnB8rVlHc7TUOpLrQy08rDgh7SELUHr7MuVl6K68oi2qgp6hsg82CA79V5B1b/ZubCZKrpOsETfqEUz8AfmstmlMl+llHmKPD9xuOyfS3GemlzK7Uw7fZWd76T6l6endDcrVKzT/wAQbsPuD3VM5gx5iBnlZLNOzFtlUzVW/qCB7QyQ7dj6K1bMHgEcHusAI9I1sOPspNFe6yidp1lzR2JyskqDVXqMfkzcteRv6IjKpwO4VJQ36lqgGuOlysmnxAHBZ5VNG2N0X0WMdae6NqbNjVjKrG+U5T/miMbcJOxj3PjkbXWxwaZ6c5HJaq7xXQOzIMK3bW7EFDkhgqRgs/JMTwLeHyAp7jG4BrXBS2zax91W1tqkgZ40AxjsFDp62emkHjElhH6I44aygXL0W80bTxuoUscrDqiCLFXQyP0h3KM8ANyEcX6AfIGlvM1NiOcHHqryluUdSwaDk91nJtH0vjGCorddK/XTyuGfQo12LUmng27ZNXZNmYHc8rO0fUEkZDKluR/UFbsrYqpgdC7PqMpq6C7OSxdlEloYZd3xMP3aFPJym4x3RRk49CrK1PsyV16Lt1YHPjiEUju7dgs1X9ATsjBp5NRzvleoSNYRwo0kY7DutNestr9nLu8Vprs74ni9b07daJxHyzngdwFCfTVUQzLA5o+y9wdTteCHsBHuFAqbRQzAh1Mz9At1Xk/Uzian6bqk81vB40TlOO4XpVV0baZzkRFh9iqer6ABJNPVkA8AhbIa6qRx9R9PamtbocmMB9SkT6FXlX0TdYjqgcJAFWT2a6UrSZqZxbnloynQ1VT9nMn4/U1fnAjPLjgh36FEpLhU0UniRSv/AFQSx4JyD+YTfZO3RlygVGdfrBoqTqwbMqqdvu/GT+auqS+W2qaBFVtY88ArBpjQ4OzGcFLkkzVVqbInpbamtDv5EgeB2ypLbxWxEeOwgD3Xm0dVdaRwqIZnjHvnKlxdVXGF+ahviNPIKTKmL7R0atdKP5M9Jg6igOGvG/3VhHc45APDed/dea0/UdHO7S9piPYnhH+auUp1UUrZGjjBWKzTVv0dHT+Qf9LPUKetfyHn9VOhu1QBpG+F5TDWdURn+7JA9Cp0PUV5piPmGELFbo6/0dWnyk4/kepxXJ/MikR3Smdtq39F5lS9cx4xOHOP3V1T9Q2ydgkEoBPIKyz0NbOpT5j+5um1cbtwQiCRjxs4BY6G7xSuLYpQdKsIq52kEOz9lls0SX4nTo8vH+pmgxnfVskQR+LCpWXKcEeZSGXNhwJH5Kyz0s49I6tXkq5otW9108KHDWwPOA7GUZ8rHcH90j4ZrtGmOprl0x2rzY7J4Iwo2fdE+xx+aXskh8bFLoInIGsA4Ty/CBRkhiYRPwPRA8Ydgn+L6NVbWH8iXY4sBGDuhvpKd4w6Fh/8IT/E9l0PHdRJ+gJSjIgT2a3uOTTs/RAPTdvf9Icz/lKt+e6QGFW2T7BddcvRUHpx8e9Pcqhp93lIW/qCmINNdXOHuSrrIT4xkocf2GKlLptFSys6sp8aXMmxzlSHdUdRU7R4lqLsckNVq1mBkd/dNLXn+oK+f0XGqUXlSZAb14WACostU13ctbsjs+IVqcQ2WmqIz7tRjFnluf8Awrgt9JJtLTsP/hCra2NzZH2Hh6ysM4GqqEfs/ZHdfen5XAsuUZOPVVUths8p3pWZ9wFHk6Us0g/uMZ/p2U2r2Fvu9GgbV26YDwaqN3/iTonRnGkg+4KzP+xtOwkxGoaPZ5XG9KVDT/KudVHj0kKrYVvtXLiaoxDkA/oh6SOxWcHTVzBwy+Vee2ZEUdN9TNGpt7H5v3V7Ale0ui/w/wBHITmY3VILR1U04/i0Z+5XTZ+qMAm6RfqrVeQf5WPRc7/0Jb/0ql/hfU42NxiS/h/UA+q6Rj8lfwN+yv5ePRdaPZELQ0btKz/yd5Bw68M908UNw5ddsj3OVf8AEb9l/wA1/wDKy414PCeJG8YCpPlDjz3OXPsmiigJ81fMfzV/x0T+b/Yuy+MDJcAAmiqp+0gVWygogcmomcR6uKeY6CEanvGP8SKOl3AS1mSx+bpzxIE0VkZOACfsFXvvlhoxiWelzj7lQZuu7BS5LHh/sAp/Dm+gHroL8pGhFQHfTDJ+YXS18mDjH3WMrfiZSluKODJHCpaj4g3ifeEiMdtk+vQWCLfK1R65PTmxaTh5A/NRqu52Wi2rK0NPcYXkNVfLrXF3zVZI8O5GrZRS5xGC4kfdaY6Fr8jHZ5mPpHqVb1v07RM8SmDqiT0wqas+JsjmD5CijjkHDi0ZWESwOVqhpa4+jFZ5O238eC8rurL5XEvkrHjV2B2VPLPPM4ullc4n1KQOEvyWj4IJfaZZ32T7ZzSB2SAASSRxrwJcv2dyeMri5qC4940o1U2BKSQtXuuGQY5USSYZOCgGoccjdMjDBnsu29B56nfyjOFDmqXuGE4EkklMc33TlWuzFPUyk8MAXPcclGZ9ISDGjsnAZV4wBnPJxEG6QjyiCPBzhEEkxNiyuhmDnKJrDW4whOcTkIdrDXQUYHddUYEl2clHDtuFW1lnE5rCDkhNJA5XfFDhj/RNSyEGJGPf7oHiuzxsuEOO6NG0OdgBVgalkcyJ8pAAVlTU2kAkdkSkphHGC5oypjQ0cDCPZxkfGOOSMG4GwSRXADKjk8qhspbRPcAN1FklAG2P1XZpQAR7KtmqAAcf5ozJZaFnqBySFV1NVklo7rlTUOLsBCjjdq1OChiss3HfCdIQ52EZrQ0YCe0DHHCcOUQlyw8nQDlPHCcNIbuhOcAoWnwGYQAcoMkgd3ATHzZ2CE1pyCc/qmwhnkvPofvnfuiiMuXAwkDIRmp6iiYGsaO6cBjuukgJj5mtGOUPRTkkFyG8kIFRWaT5EKSQuQQxxdklDJ7uBM55Hmpmldudk6Nu66xjWgk9kOWtggbnxBlVF4QiU8Pkk4axuXcKLUXKCMYa/wAyq6u8vflsbgQqp85lO/dC7E+BcrsE6vulQ92GS+UqFkO8zjuUIklcyUpybESucj0qd57HKDvndIEk7lFGnC+idnyEaOF1JJEQSSS60HKNLITeBydgJAHCemipSycwF1JJQAYuE4GURR6kgggFQMFMfE8oKUcQZuO6UTDnJRtPugDOJ6bp905Hgg5JJJQgkkklMEEkkkoQSSSSIgk1OQ3vawanHZLk8LLLisvBEuVUYISGuA9VnwXPdlxUm41QqJi1hOkFCaPQLm2vfLJtrht5Dwgjcp9VMIoCQME7BcjyOyh3GY+JoxsAlSe1Bx/LBXPLi7c8pieTk5TErOTVjA5JJJCECRUJFTRokkklCnyJdAOUgO6JgYGypoS45EAkeF1cPCgQzGXKVEMAIUTfNkjhSWjAG2FAXwNeSOO6DKRjlGk+lQ5CfVBKW1Eisg3cldj5yUMnJRot0tLIzoM0gA4CYHZck5+kHZcj2P3RMAO1+GkY7IGckp7/ALoWr2VMg5JJdAyUpvBo08d08BIANbchaiwUIrK6FkgJaCCQqO3UzXSBzhk9gt/0paphN84GjS043WacsnsPF6TM0zXsayjpg1oAwFnblVOfPqznP7K3u1RoiDQceqzwJmm1Z2CS+j1/6iiTSA5yRurNuNIPqolPHsNkWV/n0Dss1mB0ftQ2fL5A0b9lbQMbFBG1rcbbqso4i+Yyu+lW2MsyOAlmqqORP82Cp9sg8STPZqrG5c4ALSW+mEFO3+p25KVY0bqoYeSS0dlTXqt0HwAcq3ke2GN0jjsBlZGsn8ed0gzg8JbNMntAySYIGnOVtOnLcKWlbM9vnf5lkLdTyV1xhjjbwd16NHGIo2sHYYWe58GjSQzLcMmeWEDjKhlpJ1Hui1ZPiAZ4XGvyBssE5ZfJ1ujjOUGskwzwx3RnFrc5KjRxmorGgOOGDJ/6JQDfJN0iC3gsHmfsraijENHHHpAOMqtqSXyxU7W75yQrWocI6UYHZKlLBppXOSsqJnF5JOd1ZWyNogzjkqqaRLUNae53V7pZHGA0YGEjtmttJZM/1lc/lqXwGOwXbLCxABvjvO/b7K06vuTKiqFOzJIKpZZ8QeFjCdGJ5fWXfLYyK2KWurmwt3dI7H5LdtYykpWUzMAMaB+fqs10vSNkrHyEZdG3ZaSTU6TCRfLEtpq0VbS3e2SrXSyVErI2jJe7H5La1jPlKXy4GG4VZ0zQta7xngeVuy51PWS6hBGeRhcHVS3WcHq9LDbBNlh0ZbzWVslylZ/LjyAfUrRXGdjA45wMFA6To5aCyxsm+p/n/VV3U9UY4i0fiKxzWTbHgz81RgzSMODKdLfXHqo8TS84yu/3vnHAH6KRSR53AVqPsTN5LGkjMuiJg9lPu07KSDwIz5y3CVqjayMy48wBwqu61JqaonbDRhU+CEamYHzt1b75V9Rw+JKDjyt3VVbockyuG3ZaG2xEt18BDKWA12WUQDRkBNMxB0kIow1qhVtTFBC+aR2nQMj3SUtzG/JsjkxPxLvTXeDZIHed/nkwe3os3RwCNjYwMYChVNVJdb3U1UuXYecHPZW9ujL5Gj14W3btikc5P5ZuTNB03bGySCV7STlei26n06dsALP9N2t0MQc5uQ45HstbC0RtH6rHdLk2Vx2lf1VcTSW4QxHS6U4HZZ7pigNwusbZBlkfnd7oXUlwdcLnoa7yReUBaToa1yxtfXv2ZwB6lZrPtQ01ukh7Q0bBWsQxG0eyhQRl5DiFOb9IXKvn6ADAYXRykkOUgMIOF1cHC6oQekkkoQSSSShBJJJKEEkkkoQSYknoABiSSShBJJJKEHEjHKAeSlk+pTM5RJYIIoRJ4RCQhnlR8liWH+Il30sZa4X4cfO/Hotu46Wl3oMrx7qe4m43ieYbsafDH5FbdPHLLbwZ+teA3TlXvwvp2zdTNkIBMcZLcjg+qzVYHF2Vv/hHSxh1ZVuYC8ta1p9MZz/mFvtSjUwISyz0rSOwTPxJ44TPxLlyeUaJLCHnhCeTwikhBfylrss6ujlcSREHgjRjKAScpy7sW7nCYlkMper66Kiss0pOJOGrIdJ0z3SGo7EZKsfiFVxnwLdGdT5DkIlgpXU8ALhjbC01rDKLGd5jaTlUjyXznG+6s7nOPDIHKhU8Y1BxHZb4IgVoIGCiJwbsg1lRHR0z53nZq36av5JYEamXxw3HlnxMrmXLqWnt8D8Q0wbJpz335WRt7DV9Rz1Egy2DkZ2+yJHWy1punUUoy+XJjyeAOE7p2IwUZllbmSd2tx9V9F8XRsqTPmXl9Q7ZuJYXOchmG4GoodigbLWa3DOjcAoFxlGQzvyrjp2Bgh8THmJ5XTvlsg0YvG0udqkaSnwBgdlKagQDupbTgEriz5Z7emCihksuGnsqK5TEcKzrJMAhUVW/U/BRwKvniOAMf8yQDCtLdEA92VDpICXj3VtHDoAxt6o49mBvCCPaGtIBwsf1pdIbVa5Zyf5mCGnK1VQ7Tydl4v8AFu+tkrKeyUr8uflxcDt67/lldjxtLnYjyH1X5H+BoZzT9YMMXOlkfM85dK4uJ+6tLZRulOwVbFGdTWkgnjZa/pugPjgubsMZ3XvNPTtWD8yaq7PJs+mqAUtG17mYcRldu9SXvEDHbN591axRsgpNR2DW5Wce4ySOdyXHK2OOEcly3SORt8ykB7WNydsIcJx2UHqGq+Utz3juCEq6W0fpo7ngwPVtyNbcJMSamMy0KggyTkpwlMoe4jOXk/umRuOrGF5TWWOVjR9Q8NWq6UiU7YLkm4XCcgFOe30XPTwz0USiuIyCqKTklaG4xuw72VBIDkjvlGjka2OJ5A5IcpAOQo34lIZ9IUMMDh4Q6UiKo0u7lFAycIOkipH5IJGmDxJM2vTG1xgx/UF6+OG/ZeP9MkC4QZ/qC9gHDfsskz6Z4R5pDQqfGfIR7KBApzPp/JIbwekr5RkK1ubk/wC5UKvYQ1WFWD/E3/coNwizBnCtSyc2a+1lNHGCTjjCg1jQJMeitoI/KSR2VdWM/ncd05HK1MfsILGedzvVVl8diJwA7K7YwCZ49Aqq+w5idkdltpPN66GaJGObynuATG8/mU9/C6Eej52+GEo+QpZA2KhU2z8qxjGWBWkZp+iPM3GNsoZUuQDZC0Eqn0RMhyN25wgPZk8qbIwjZR3tJWaaGxb7DUE5ikGTsr6CfOmRqy7GkHlXFBONIicVmlHJ3PG6vbLZM39oqfmaYtcc4Cc+l8TbhUtjrBBLoJwOCtMA0gFvBWeyJ9E0tsbq1gzVbAI5CMdlB8JwOcLU1dJHPGQRvyD6FUc1Lp2xusU1gZOsHA8sc3fK01nuPnDCQAB3WUIMT2nH5ZVlS1IbjAwR3S+gqXh4Za9VW7dtfA3AO6ppmirpM8uatpD4d3tggcRqxt91j6iJ1rqzBIPKSQtNZV1XbKeBzqeo82wOxVsYsDOVGutMMCaMc75CLQVHjQtDj5mbFXKOTPD7XtOGPHIUeWPjAVhLHgcZUcxnulSbiNlHHRDDC05RIahzCMDhPc1MDdOyBAJ4NVbK6KoptIHmbsU6ppGz/hVFbKk01Rq5DhghaeKWOojGNk0enuWGYG8WwsmcWtKpHgxvxhekXK2iXPlG6wt2pDDORjG+yNcHM1ml2regEZ2RgMkFRWbHCkxcN/NNRz4LgT2A7lcjO+MI2MpjGEEhPjJxKsh+hxaW4ICex5k9iEhjTjC5pLHAgbLfp9S00mcTyXjFqY74rk0nT9+loZWRyyHT6r0akroa2FssRB23HovGtWQFoOnuoJqCVsUr8s43XZhZk+a+Q8fKmT3LlHpGMJhGMbptJVRVsTZI3cqV4YA2C1p5RxpS2kZ7BhQpo9XbCtCwHlRZI/QK3HJIzyU88ZwfsquaIO2c3UO4V/PDjP2VXUR4PCzXVpmqqWTzvqOxzUUxqoG6onEkY7eyh0NSCR+hC3lfC2phdA9uzhz6LAV9DJbqtzeBn05XNuqweo8Xr3Q0XtNK04GRv7q2hwW51ZWapJNg7KvLbO17vDJxtkLm2Rw+D6VoNZDUJYCTwh+4blVtTBgZ0rQiIEcZUaqpMjAACzNHWlBYyjN5cx2ym01UThrl2pptByG4UTGkhUpYZnw4suW6ZG5xlDxpOEOjmGMFSizO+FaeR0Xk6NxkhBczI4RXDGAnaQeBhRlqOStmg5wFCfER2Vy+IuGQFDmhHphLksgSiVrG6HEg4Ws6bvUjx8tORhuwKzE0JJwFyGd9M7LTgpT+1mjT2uqR6VIwPGexUCqpmkbD80GxXY1dOGTOGWjZWb49YBCYnk6W9WlJKx0ZxjlRqmAPbq4cFcTU+dy1RXwngNRIG2nKKdodGd1KZLqw0pVNOcggdlGGqN2CEyLObbXgfXUENVD4T27Hg+6x1fQyUkjhEXADstuyQEAFR7hbYqpuQMOPdOUsHL1OkUluRlrVVzGTwpHZGO6vIHOY/LXLOV1FPb5iNwM7EKyttYaiLDz5m7H3Wqu3HByJV44ZdysZUw6XgE9sdkClqXwP+XqCcA4a4pU8xZt6I1RBHWR4Iw4cFb6rsCJU55Jnh4GQM5QwxzTghRKC4Pif8pUHOk4BPKvHRRuYNhuMrdG3IiVeSuczLSqyuoWVEZa5gHofRXj49OdlFfHvjT+6trcInTu4RiXNfTTeFKMeh9VYRtErRsrO52ttRGXtG6pIJJKOXw5skcZSmjBbTKuWGSHRnIBGF2Wn1MGG7qU1rJWBzd9spEE7Y4VbckjEoKyge0504CgvbpJJWpnp/FB23VPV26cEkM5KTZWC47SubL2xyutjDwfdN8MtJBT43Y7cLLKIOSPNEY3HA2XB5wFNLRIMYUWWEx8d0HRSlngbp90mOcxwcDwkCF3I9Vak48oYy4tt004bK7ftlXsc7JmZG+Vis4cHZ4VnSXF8RDc7Baa7fUmc+/T5lugi5nGHbBMBwnQVDKpvOSE2UY43wnZT6EbWlyOAB5TdOg6lxkzBs44yiBwcdkaYDiHpLhLTSagOFtLP1C18LDrJH33CwxDSMFOhllhdrheQtFc9pivo3o9dhniq4g/IdnkFQq6ztmGunIYfTsVlLP1QaZzWVAI7E9lt7dW01ewOilaT6ZTnNM5rqnU+TF1Zkp5jHKwjGyY2UOGRutvcLdBOwtnga7I5wsNeLZNZ3/MU2ZInfU30UcsdDISUnhhqepLX7DBWosHV9Rbj4VaHzwHbBOS37LCQ10VTkxOLXt5aVNp7iI8Coft2CuFuRk9NFrOD1WhitlymNfYrgaWpf5jGHYBP2W8s18qSyOlujGiQDT4jeHFeB0tS6PFTQymOXlrmnhaq0fEaqt+mK8wCVnHiN5/NaI2vo5Wq0k5v7Ue4xObJw4InhH7LOdM9QW690zZqGoDiRlzM7haeN2sAaeFpUso404ThJxkgBjA7pphaVM0ey4W+yvIpldLQR9woE9M5rshuyu3Bzti1J0DXHcKFplDpKWn3VzPQMc3LG4KrnUkzH4LVBql+yH4R9U7Q52xCPscIrY2jlWXvIMlHG4anNycKFJRu5aMBXTmoQZhQtTKYwuZsUtBVs+ma/twhSU2fpGFWBnyFaYgdj3VRd+k7XdG5kYWyH8YAytC6Ej8K4YidsoJQ3Fx1EoP7TyS9dEXW3EyQgTwjgtG+PdZ+PLXaHDBHZe9mm8pBGxWdvfQlsujXSxxthmP4mDH6+qRKk6NOu9TZ5eBHI3S5oI91X1drb9cDcA8hXt66QvdncXNY6WIfibyAoEEpDQHndZZVYOjC9S5gzPz07ozpe39VU1VsacywjS/nZbp9JDVM3G6p660z0zTIGlzc9gs1lRuqvx2zKRzz07gybcepUlr4ZR2yplTSsnYWkYcqySlnpiXNJOEiUHE0ws39D5qJrxlrQq+Wkkj/AA5U+C4tBEcg++VKHhTNy0g59UDimOUpLsoY5J6d+qN5afZXtt6pqIiI6jzDhR6igackDCrpaYNJ2V/JOvop1wtXJ6DSV1JWtDo5G5PZHqKVpaMtAyvNoa2po3ZjeRjtlaS0dXgYjq8kf5LRVqFLiRlu0soLdEt5aRw205UcxEHccK2pqyirWAwyNORxndcqKBz8ubjC0cS5iZd7iRaWsnp8BkhwN91c0t0kcB4p2VG6hlj3BB/NMjrXQksezJCVKK6NVWssp5ybGCoinbkOCUjWOHIWfpLhCRq1Fp4wrCOcyY3yCkToUjs6XycnHMmSDE1p8o5RqWpnp3AxykIDZNt11so1bhZp6ZLg7Gl8w65JpmloOpJYy1s4yOMrRRV1LUsBa9pJXnhcCMZwnU1ZU0zsxyED0ysdmij6PX6T6qe1Qnyj0cSGIaonlpG/KPFdGbCYAH1CxlF1O4ER1LDp9QraKqgnAfHK12exKzT0uD0um8vVdHMGamOogmGQ4Lr4WyDSeCs/HI9u7CRhSKW4TRu/mHU30SJ0NHSr10ZLEglwsFJO3du57rMVXTRE7oxhg7OWybXwyYEhweye9lLUAeI3IQcxKlGu3mLPN6u1V9IDgF7BwWqNHdq2ABjy9oHGQvQKy0VTAZKKQEd2uCpqljJB8vcqFhb38uP3VmW7TtfiVVL1E4MAkw4j0KtYa+huDNMgbnHBG6pK7p+gyX22Z0bvRx2VdNQXSgAlYRJ/yndWkIk5x/I0kttewl9DU4I30kobLtX0n8uvgEkY24VJD1HNG0MlDg4c55VnBc2VAGpzZB3aVbhkpWNrEWSHiguB8Skk8CX0zjdGpr/fbS4Mq2iqgH5kBRpIKOYamAxu9WoLhURN0ioLh7qvjG1Wzg/tNlbrzQ3ZuIHaJAN2O5RKiN7PMRsFh2tOfEb/AC5B+NhwVZ0fVdXR4ZVNE8beSeQEqUcHSq1bfEy5kdqOk7YUSts9LUty5ga4/iAU2K5Wm8Rh1OdH35yk+mqIN43629krBrhZGwzc1qutA0SUNSZMfgccJU/UE0REd0hfTkd8ZCvn1MkeDIxMe2jrRl7WavdA0mE1/wArOQXSKdrQ2qDmnjBU4EFu2MHv6rPVHS0T366aoMOeQ0nChma9Wg6ZMzQjg87K8ANzX5F7X2i3XGLwKqmjezfHl4WTuPw0i801nqHxP5AJVzD1DDpBe7B9DsrWluUFQ0OY8ZPuoJ2xs7PPIqrrHpR5j8SbSD9TckLb9NfGWYCOlvODjbJVnMGTga2sd9xlZ+7dFWW56pPBMUp7x7bpbW4CdM481vJ6QL1ZuoqQRAU88cg3Y8ArG9TfBXpa+NdPQ0raGd248IYZn7LESdJdR2T/AHm03SZwaciMHG337qxtXxT6gsj2099pzNENiS3cIJ1ISoRfFqMZ1J8H+rrBI+akiNZC3szdxHsO6xkjXQSGGrp3RSNOHNc3BH3X07a/iB01fgzwrkxkp/4chwQUa/dHdO9SQn5+hjMhH960AO/VYp6dSFWaSuXNXJ8taG51RuwfYqfR3qsoyA9xc33Xpd++Bj3vc6yVjGAbgSO5Xn906M6ksYca2ic5rSfMBkEfdZrtL+jM6rKn0WFL1JSzYZJ5XHlT2zMkbqY8OB9Fg36dWHsdG73R4quqiaA2U6fusf8AFknyiv5ElxI2rtQ8wdj8l1lSYyDhUFH1E9hEdSzU31VlHdKOd2lrtJ9+EDoGx1KZatqnPbhx5QKimhnYWEAEnII7FR/Ea/6SuiR4IwCUvZgZ8iZBloaildqA1D1CJBXSA6ZTsp7ZyB525XXw0VW3GA1x57KbSpZ7TAGSGoxpdv6IEkGlupAnoZ6dxkiJI9QUxlzkZgTtI9CjwL3JfkELSCQQk2pkpiHRuIPsjfMQTNBB39lHlgcRqbgj2RF70W9Ffw7DJ/1VkKqKoxocsW9rs4byE+KtqYTku2CgLn6NeS/Oc5TlnKe/bhr3K0iuUD24Lhv7qbwdyfROL28HCEWNOwcAgCUOPlKIQQM5RrkptMGYmnt+6E9h5xx7opO+MoTgcHIKagOgRJBXNDHbPjDgeyc4HKblXlroppPsFJbLbMDqoo//AChV1X01Zpz5aYRuGd2q4acZTXDON0yN1kfZnlpap/lFGVd0Vbjn+bJugHoKAn+TKTn1OFrdPuu6cbZTVq7F7MtnjNM/6TFu6Ir4D/KrYiz+knKFL0XXSf8AFiH2C27gD3TS3blG9bYzM/E6Z+jAP6Fqz/xWfopNH0lcqM6qeo0HPqtjpIJTHOc7OARj3RLUyn+QpeMphzBGZkd1NRPMbMv9+yC+pu53rKUPH2C1D3l/KFhXKxSKek/uUAmpsAVFE1h52CQFvk2blpV4Yo3AgsG/soz7ZSv5jwqyiv47XRWva+MN8OpOBnG+Eo7rc4D/ACqokD1yVLks1PIdiRhCkszBjTM4fZDtiHBTiGh6ou7ANT2H8lZQdajwwKin845I7qgfb5WbRkv+6Z8hUAZLQhdSY6N9sejW0/WVHkaw9n2VjB1RQzYxUFufVeeupXgjLN05kT+yTPTJmqrX2x7PUKa9UZw7+Ix/bUpjLvD2qA77OXkXmG+ESGocDvI4fms/8RejdX5W1HrzbrA/ADs/mpLajWAR3XkcVyEW4qn5/wCYqRHfK7I8OseQPdL/AIiNUPMSXZ6sJsnOEQTHHC8uZfriMH5l36o7ep7gzfxnbe6T/D/Roj5dPtnpgfn8K74rt/LhecR9YXBuAXOP5qRF1tUs+prj+ar+Jxk2Q8pCR6AKo9wu/Ng7YWGi65w7+bCSEZnWdDJthwz7qlpWx8PI1/s2hqiBsh/O1DckPCyP+09O45Bd/wCZFbfonkFrzn0yotG/ZcvIp/1Gn/ilW131ZRxe6hozjOFlm3Zx3bg/mu/xp4GDHt65VrRouPkGupGpHUcjdpAAEh1JQt/vHYWTN3jP15TXXGhI3Zv6qLRhf8Qn+zZM6htEmz3lHZcrbIAG1en88Lz+SopXnLXY/JCfUxHh5Qy0SJLydkT0kVFHti4k/wDjRWkSD+VUA5/xLyx8pd9Mjh+aCaqqZ9NRJj0DihWjIvLWez1nwKgnU2Qf+dIxVWNjn/xLyf8Ai1a04FXNkf4ymm+XXGBWS/8AmKv+E2X/AMWh7R6qWVQ3z/8AVJmp/BlP6ryg3+6Z/wC3S/8AmKH/ABm5O5q5D/4irWjZT8tWvR62ZTg/z/1coslVHGf5tZCP/trf+q8qfdKxx3qpc/8AMVFmqXOOXuc7PrunLR8CJ+ZivxPWJb1bYhmSvjz7HKgTdWWmPI+aYV5j459/1Tcg7lFHSrozWeZnLo9BqutaCFuuIeK7sAq2X4g1jvLDSRN9DpyVkElojoq+zNPyNszQz9WXaoz/ADdGf6dlAnulwqAWy1Ty30yojV1M/iwXQt6i2XbHOOR5jk+6DjfOE7kjdPa0YUjWolKTl2IMaBjAXGhwO/CenYCKS2lpZEBhdSSR4yTgSSfrC4XAodv9iZwNTiccJh4QyTnlNUPZW5hTJnsmukGMIbpANkAzDBR7UhdloV0pycKO+dzhjCYZXHIwmK8GaVzfBxziTlcTc54CciUWxc58CSTWtIKKwHbITVEWop8jMFFY3G6dgEDbCWcK3EZFBOBgDCQcO5CWoEEeyBgkql2HnASXBxgoYJJxhOawjBT9AR7eCHY4gQCV1wDRykCGhR5ZdWyW0kym8Cmm32C7A/fdRyMncqdbqKSqkAZwOVAoZkyTBD4uny7Kyp6OGIiTTv6I9PSNgZjSEXThQ2wikjoGBhPO65p90OaUNGOUZYOQhvdQ5ZNA5BylUTt3yeAquqq2kEDdQz3WpI7V1enIBCq5JnPyFyV7pH7HZKNhGHKHOnc28HI2F7suUoMAAA7JjQBsAiIoxyBnPIk4kJqY5+nkq8EYR0mx3UR8rjt2K7IS5wwiRxjIJCZCDYOUdgjJOXBSAwAg+i6xoA9F0hoGdX7J34huWDuAk5wDTuEJzsbZQzk91HLAG5HXzkEgBCOtx3OycG78J4AAyFWULcsDGswMkbrhka0YABx7oVVVxxtIfseyoau5PLtLOCUmUsGedyRb1tyEMeAefRUU1QZXZPdMMj5N3nK4kTmzLbZnoZ3ykkkhi2+xcXnsSSSShZ6Ku5KckvpcY5Pk4kjuku4KNR/ZQ1rd0eNh22SjjzvhGaxoGCjUtoMpZG6WjhdSSRADEhunprjgKFjZnNjZkn9FGGXnUU6cF5XW7DCnYR0ABdSSRxQYkkQDCWn3THEg1JO0+6Wn3U2EGpJ6aRhRxJ/k4kkkltYIJJJJUQSrbzUtZF4TT5iplRIGAb9lmKmY1E73k99lkvs42mmiPsHGDlTYm8HCjRAHGynRAaRsscY57NE57UckIibkDfCpZXl8jnOOclT7nPg+Ew423VWH5JGOEm184GVR3LIxJJJANHJJJIQxJJJJo1iXRylgpAHKpmd5bCAd0YDGwQRwjK0EwSS5kJzPqChYWNoByAjnAamRjYHC5KMhU+Rb5BzEeoUObgp0pOrlCJzhZ7BkVwDaHF+eylx/SgtA2RgRgqt+0JjHokaHg6kbYNUi+QHLByY4PKYOFx253TWq1LJWW+giJECSABlDxhTrbBrd4hGwOEqZ2vH0b8fsu7NQkvjywnJyV6Va6Y0lK3Ue2cLO9N20PeyQt8jBlaKtmMMLnA4AWd8HvNHQqa8lTdq0VExZHxwh0MJc8D91DOZZRpG5OVcUEBLdRCzzlk6NSzLLJYa1jc4AUVjfFmc7sUSrfoZsnW2AkFx/CC5ZmbFzJJEloaxjWNbpx+6nNj00uHc8qCzM0rWtHJU6Z+BoHZC+jZVE7QU7pqhoHA5Wmb6KpssBax05H1bBWcj/AA4nSeiyzeWbKotLJUdQ1Lg1tMw/Ud/sqCYgENUmsqTUVD5icgbBQdPzEsbM/W8N/VRvgtre9prOjaBwa+ve0Yd5WLUOcAColvpm0lJHC0YDWgFOrJtEWpu5WS2WDr6ev44YYCTMkhJSA0jVyE3nSM+Y8j0RJtLIiT2WRrcx85YRFnlI2Ck2mEsPjubycqDHmaoa31Vz5YItIHAQyjgqv7uQtNiWtc4t4GyJc5i0iPtjOErZHqzORjKiV5dJO4k53Waw2VdHKKJ0lSCN8HOVaXGpZTUr5HuADWH/ACUe1RlrDMW/VsFUdZVxhpnQDB1jSB/mUMYtgau7462YaV5qKmSpec6icfZDe0veNJySkNhglSrRSGorGkNyB7o3wjzcIu2aX7NNaaSO224Oe3+ZL5iVMo4XVL843J2Q5w6SWOEDygDYK4tlM0VEcI775XO1VnGT1NGnxtS9F9QD5SiJdtkKupWOul8ijc3UGuDtlYVUrIo3FxAaxqP0LReNNUXWQeRp0t9T9lxZS3PLO3Xwaypb8vBhuBpbsvPOo6mWorREXYaAtnf6zw6dzg/B4AWA81XWumLshmcoIrIc3hD4/wCVSub3UqgY50Q2zkqFNKDsOFe2OlEjBq2xhGLSyT3yR0VCXkbafXus5E41DySNid1O6iqzrFNG4aRyPdDoIA2MFw53SpywHGOSypo2hrW4wPRX1IwCJpaFV2yFr5f5gzjhXflYwNAws9nIzG3kaTnYLEfEa8uorf8AJRHEs50tPoO5Wylk8IF547leN9TXN17v7/N/LiJY30HunUxyZtXbthtXsFbacwwgyeZ7t3H1WtsFEHzxPkbsTt9lnoI3PLY2DfYL0Hpm3ObT+JKOMJtktqwJ0+UsGsoog1jGRjbbZE6hqv4dbHyNd53gtbv+6NQgBokLOOFl+sq6WavZTE4jYzOB3Kwt5Z0I9FPQQOrK2Njnbvdz9165Q0rKOjjpmAYY0A+59VhuibS6oqDXSsHhs2H3XoUfIwseps52osmUjG+CM8oqHGMNwiLlzeXyEgy6Acrg5RNiBshBOjhJJJQg9JJJQgkkklCCSSSUIJJMSUIJJJJQgkNn1BcRNbfVV0AOHCCeSlk8ZTDupjBBPfpQwcrpGe6QGFTeSDclJJcJzsOUUVkbAqOq7gaCy1D2SaHvaWg+i8fkcXN1OO53W3+I9c8Sw2wEgga3+/ssJOcEABdPSxwDPCI0wDuV6t8M6BtP094wGTLITleWBushufq2XuHTlI6hstPSloAawbD17puqliG0XVHLJ6EiucAdyhLmdGhD8lcTUkJYxJJJEGPXcDG/C4o9yldT0E0reWtP+SZHspnn14kir+qCWjLIjoB7ZytFGPDbsFm7A1tTVvnkGXayVpZBhhW6C4IV9U50km52KJANIGyA/wA0qlM2aFsgslhDsMrFfFG+OtvTErGO0uncI8jkAnG36raEgDdeSfFaqZc7/bLPHJiJo1y++OP8iu34yndM5PltQqqGjG3Boo7HSW9jtpHNL8c4zwrmANip2BowA0Krr43T3ttMQDFA0HCsZ5wxoAG3ZfR9CttSPlmtucrWRCDNU+bcErZWeBkcLNIwAsvb4vGlBAzutpRxeHC1uN8Jeqll4O54en7NzJrQNiiyEEJkXBQ6l5DQsG3ng9DnaiuuFQGh5z7BUwLpH6ieVKuDiX87IMAy4bKGS6zJOpGEEEqxAwMKJTN0gHClHzZCbX2ZZ2bFkh3iphpKKSpmfgMafz2XzRcqx116hrbg86m6y2P2C9e+L99Nu6fkpYn4lndob/qvF7fC5kILt3O3JK9b4fTZkps+Kf8AiJ5TfOOlg+uWWtspjU1TW4yG7r0Sy0QaxjGt/mOOfsFk+nKaPAfjLieVvLWBHGZCMnGF66EcHxjV2c4LKsk8Oj8PYkcqkjYXHB2yps85lidlAhbkDARt4RkhHLOmPSN1598RbtM3RRtOA4LfVbzGzUAcALxPqi5OuV1llLstYS1u65uqnlYR19FTypEammx5MKQ3GrjCqYZyydrjxwrPUHtDx3XndUsyyfQvE2b4bSQ0jZFABac9lGbkd1Jb9B+yxez0VZV3Lh32Wck5P3WjuIJDseizsrSHH7ozma3KmAwNeAijhC/4iKOFb4Oenhj29kHA+ZRxygP2qAUqw0weTW9PbXCn3/EF7DHl0bD7BeNWT/t9Pv3C9opMOp2Z7NCyyTPongJZhtJEGM7qwiH8vJ4VbpIJVuxv+5DHKS+z1kVxgx1aMXN3uSh1oJpipFwaRcCcdyhTjVDoxyqOfZ20VcTdiq+rZmY7d1cMYACFX1UJMxIHdPgznaiOY4RXBv8APfuq2/MzE7f8Kti3E791W3+M+E7B/CttXZwNdDFEjCN+ooko2b9kN+zvzRH/AEBdGHR8ysjtY2n2ePuraMZaPsqin/vVbQbtaij2YrBz2rjYxjhFLchOjiJ7InFCPlwQpYe2lQpmaT9P7q2ezOxUSeMEbDdIsgPhZnsrcAOGFJglMRDx2Q3gg8JoOO6z7cGuMv6i/t9a2TS5uxB3ytnabgyUNhldjPBXmtNMYXg8LW2WvYXNBG4Cz3Q9o9l4XyPSya57BwNwqy40waBKwfdWNJP4jQDyiSxAt0uGQVgsie1ilYsmTmjB4CHESwnJVlcKcQS4aPKVXSsxuEn+wmS2M0nT1foeI3OwCpnU9pFVD85FyOcBZSmqPDcPuvQrc5ldQeG7fLUfQz/cjtMHCfHgdC8ZcxQKdzqOrLTsCcYV5dqF9sri7HlcVXVlMCfHY3PflGjLKOJ4ZO1axs1AlbpOMcotE4PjBG+36IksWcHCk1lDu0V7mob24CkSRkHGENzCkCWgAeWuBCvbTWkENceFSFuOSixuI2zhQuEtrNg4MnaHLK3+2sJe4t2PB9Cru21IkiDDyEWogEzCMJiDtj80Np5jLC+CTD27990+J+QB/qra+W6SAyue3GeFSRgjG6dE4c65VyaaLKLzAHCdp9kGmcMgZU0AObgBaE8opckcd05wBXJARunMIyrjLawX+geD6J4BBzhHawEfTlcEe+CMLo6bWfdhnD8r4yOoW5Lk0HTfUbqeRtPM7bsV6LBK2aJsjTkOAIXjL2Ojw5vIWt6T6nkjHytS/LRxld2u1M+Z+W8bKqblFG9Q3R57okD2TsD2HIKcWrUmsHCzgg1NNtnHZVE8WMjC0skYcN1XVNN6AJdkcjqrcGXq4MnYYWfvVqNbTEMwJGnI91r6uE5xhUlU1wcsN1Z0qbsGDpTLTTOpZ9iOMq0hlLHB+OPdN6itzn4r4di0+YBBopBUQgjkbFcy2s934TWYwjU22pZUNxqyccKY+PxAsrQ1ZoqgPP0nYrW0L46mPWw5CwWLB9D0t0dRXwV1ZR5BON1SVNI5jtlsJoA4bDsqqroyewWSaY6dWejPxPdE4bK5ppRI0BQJ6VwcDhcgnMTtLtsKKWDPhwZauZwQuZxthKCRrmhE0FGuRsY7gYAPIUaoi7gcqZp90tI7qBOvBUuiG+QoM8OdsK7qKbbICgSxE4yEqS9gOOOgdDWPo5Gu9Ft7ZcIKyFpY4asbhYGWM8qZaaw0swfkgdwgUvQ2u1wN/JCHDIA3UOanxvhHttfDVxBzSCe4ypckIcMtTjp1yVkMlDPBntwq6qg08DBWjmp8cN/dQKimz2VrIi6pN8FFqcxwGMKbE9rwAUOppTnICjtcWnfsmJ/swzrxwEuVqiq4DgA/6LGSw1FpqsPB052Pqt9TyDOlx2Iwol2tMdVEfL/6J0ZHK1GlzLKKWlqmTMD2EKfBKcALOPiqLVUFrs6CVbUtQ2Rocw59QtVduDBOvbwyfUUkVQPELcO4yF2guE1JIKWqJc0fS8+i5FLnDV2ppXPALQCt9VyRlsr/AEXLXwzjLSEySmA8wCooKiWhmDgSWnkFaWkqoaqMOYQfUei3V2ZRjlHBAkixthU10tLZ2OkY3BC1M1MHDLcBQ5Gb404RNLIm6vcjEUsstJN4Lz+qtowOSj3e0NnaZom4cN9lV01Q6J/gVBwRsCpBHOl/pvDJunbIGya5uppb6o4+nKYQQTsqshkm7Jn7lbCwF8LeN1VgYz7rYkA7EZVNc7XpJngbseQFjsqfoWVLHbojmNe0bqM5pbunRvOwWdxx2Axk8B5aNlH1HO4VllrhjCBNTHYgIJR/RalkG05GSmB5Bz6JOYWp4IPHZL6L6JNFcnwSg8Dv7q4iq4pxkOWbc3HdPgqZIHauQnwtxwKsrUujSOi1bggoEj5oCNIyEymrWPaDnlGkeHjyrRGW4zODQ+CobLs92l3vwjgysOWgH/VV0kR22RaarlpyGu849CUyM/2IsgWkMkZALiAe4KvrVVSwYfDMR7ZVC00dczAcGP8AQ7LjRWULtUbyWj32T1LKMt9e5cnqNs6iEwEVW0emVYTUlDXRksLTkcLz20X2F7gyoBafVaumly0Pppd/YrRDD7OZZVKEsxM31L0lJAfnLezQ9pzgd1nG1skR8KthIPfIXqL6mSRobM0ZHfHKprnZrVdwWeVkvqBhU445Q6rUvqZl6Gt+Xd4kD9TDy0lXlHcqOvDoXM0uA3a5Z649P3Oyu1sjMsWcjHoosNVBI7zao3jkcIflwzQ4qayjXxuuFmlFZaaqSIg5w1xwvVehfi9DU+Db7/5ZfpLxsPuvEaO61dP5S7xY/Q8hWoFFXN1MIjkx9lqquyYNVpY2xxJH1fTz0tXE2ajnbKx2+WlP0ZXzl0n1xfuj5GxF7qml4LSey9x6R65s3VDRHTv0VIbl0btj+S0qSwecv0ltLyllMuvCXNACnmIYyWqOW4OExYZkw12R0pImSjDgjmIjfCHo9leCZK2ptgeCYCGu91VvZWU8mioaS08EDZaYMITZo2yDDmhw9FCZM+2YH0Kfq9lJq7LkmSjdoPJaeFUyVE9I7RUREDPPZQYkmTMLmkEJsFXDIBh25TwN1YWARjGUzwmqXoOM4Q9KrBMkcx5GEtBR9AS0BVgvJGMTXcgH8ll718P7Xc3F8AZSn1Y3v6rYaCloKXKrcMhdKt8Hil06VvdhkJfTmeDs+Pc49woDJmSeQ8jkFe6zQtkGktBHuFmb18PLRcw6WlYaWoO+tmwJ90iVJ0atanxI8lrrPBVDVEGxv9QNiqKqttTTkiWLLfUbhby7dLdRWIl1TSGaAcPj32VfFLBIfDlA32IKQ6c9nUp1axwefVFugmzpABUB9LU0rssJIHC9Grekaerb4tu8kh352KzldbKy3vMdZCQOM42Wayh+jdXqlLopaarL/wCXNt90aSmhmbkALtRSRHdux9lHBlhdjKRKD9mtS9kee3jfDcqDLRPaTpBV0JNY3CHIzIwkuGOQ1MrKauq6J+WucMe61Vr6wZIGxVf23WcnhyPp4UKanfkYCONk63wC6YWdnqAfFOwSxOBa7fIQpqSKYeZoz6heeUd0uNAR4U5LB+FxyFqLT1fTvxHWN0n17LRG6MliRkt00k8xJstA+I6o98cJkdZV0zvN5m+ndXMU1HWM1wSNOe2UCelY4HLcFMx7Qrc4cMVHd4HAB+oFWDZBJhzMEKgno2tOWHBQGS1FNJkOdt78qrI5Y6F+3o1PijGNQSbMCceqpYrpG8DWHBylRVAlxpygdSaH162cWWfiAEd1JhqjHgtOFVePjGQuibI5KzzoydOny7hxk1NDe3tw2SXA+6uaa4U0gBEgyVgY3ZIzupcM5jIOFls02T1Og+pdqW7k37JmybtIICksqXx40nhYulvJp8AuICtqe9U8mATufdYZ0Hs9F5miyO5Pk00V0nYf5gDmohloLiNErBk+oVRFM2RuRjdEYB32WeVUvR1q9V8v9yTVdJU8rddDLh3plU1XZ6+jJEkZOO+FdRSzQkOikcD91LN0c9oZM0Z9Uv7vZoars46MBV0FLVZE0Phu/qxhV01kAbmjqMPHuvSp4KOrjLZYY3A+gwQqms6ZhMeaN2lw9d8ooyj/AFCpaTP4Hn7qq5UnkmBIH4gptN1FENLKiMgYxqV7JYLgNvDjlz2VJcLO1jy18Do39xjZMco+mZpUW1smQ3egqHaA8A+6leFSvAc3b9wsrJRRxg4d2QmS1bAWsqXBo4GUiWGB88lxI1MlE3WJKaYwPH9PBU6jvlxoCGVQ8SP+obrHwXCshfqMpd7FWkN/pMBtU7Rn1GyWPq1Movg3FPdLfXtwXNa48goc1sxl8Lsg+iywZT1IEtPKN/6SpNPcrjREAPL2Ds45QpHRr1Lf5Fr/AL1TO7uaOx5CO2qglbpmaPsUCPqChfH/AL0Cw90YNo6lokgeHh3p2VG6NkZoBUWi1VxOqPS71aqyXp6voy6SimL2DgZ3Vs6DwzlhIK6K2SAgPBI9QqYyVUJLhFAbpW0hEc7XDHdTKPqOCZwhL/N7q1e6jqQHSRtLu+yrazp6hnzJAAx57t2SXLDEuE1+JZfNlwG+coNTR0Vwi8KspY5Gn1G4/NZ51tvVM4xxzlzexynQXuWm/k1jHc4z6K+wJJy/JAbh8PqWV5ntM/hSA5Dc4/dQBP1p0uXNBlfEPwnzDC1NPXRTAOilBB7Z3UoSh483m9iUsyuldxeGVlr+McDIxDeaBrC3YlgwVp6bqXpbqKnbmoiIeN2PwSszc+n7LcmnxaZkcjvxNAGVmqno+ro3OmtspGOzUsXL5YcNZN9cvhv0neYDimaC7cPjxsVgbz8F7lTve+1ytkiHAd2USHqHqmzgwOfOxufqc04K0lu+KFc2nbFUxa3t7juqnBSFba7OJrB5ldekb5Zi51TSFzG8lgzhVDZd9xjC+hKLqyz3UMMgjZIRuHBR7h0l0veCJZ6Nms8uiwM/dZ3RkTLSPus8ObXTswWSKXFdakYD3jC218+FFNGHT2mqc3PDXbrH3HpPqK1El9E6Vv8AUxInptvQuddtfaCx3WAjS53mRIpmyeYOCoTzonhfG8c5GE4PAGBK5Z5aaSB+aUezReOQcYzlMMUU4LZGNIPqqaKtnA06yQPXlSWXGNoHiFL+JoYrovsJPZZWZlo6nB/pJQBPX0rR8xCS31aco/z7JceG47Jza2MDD+6vayOUX+IBtZTPGSQD6FNc+Bw+vlPmho5nawwD1xsoc1E/mnf/AOElWoZEzlMKY2E5BC64OBBaeFAkfXQ+V8B27pn8Tx9cZVbEL+RR7LcV9RCANWUWO8y5w/hU8dyhkOk+X3RfmoD+MfqrccFfMvRoornHpBcd08XLH4gR6LOCrj/C790RtQcbcK8Mr5UaA18bhjTumCQEZG6pmzHPKlsqCMA/qiCU0yd42Tt2TTUjghBZPAOX4TtdLJy7JUGbkE1g7pawh+XPlOy6WlQCSyOLvdcMvbCaYzzumnZQW8oed1zAQi8j8KaZiPwowGkP0bkg4yh6fddEwdtjlMcCM7q1JlbUc2CRxjZMJOVzJ9UTm0KcdrEedlwgHlLISyEakw3FMamage6dkJjkaeTPKCXQIsY47tTTCzsnZC5qKjBcQHhN4xskaaAjBZuiLhIxhDjJeGRzR05OQzC4KYNPl2RTyuItqKw/Y3DguaX/AIeU9JVtXYSA4rPyXQXfi5XfEHqueI1VsSHKWDhc89lwahwMJ3jM9EvGZ6K1BLoLcN11HZ2EvGqW/wDE4S8VnokHg52RTgsEVjYT56sbtrOfuni7XAcSnCAXnGzUMuqBw8folxrWRkbJ+mTheK0bOcSixXiXUBLwfsqwNmPLgU9sEhx5gjdaQSus7yWhubCfO9dN4iPdVzLe92DIQnCjjadxhLdaZctRZ+ywN1YRjJ/VN+ezxqOfdQs0rOCP1SfUxsAEY3VfHguN837JprHHcAobqiU/VJgKH4kzz5XABdbHKd3vyjUEgHbPJI+aZnBecrhlkI8p2TGs3GQEQN24UUI5Cbchpc88nK5lx5RNA4XMBTYgkhwG2/KQOSnEriWkGkEZ9ITkFOanLoYgicm4KeOVY2PPAsFOG6dsQNlwuAQ7VILocGZ7JJnib8JNGpC4ZZG2gpcCmF5O2EmxklP04GcI4wx2T/IMtPK5hKSoa3Iwob6gkkY2UwKsmlwSTIBzj9UA1BP4QgF5JykBvnKYLdjaOySudwFxjSU/A7rhIwrwxLlkRAQ3d108pAZKNRAbx0CPKeAcowptslPDABwmqJMZBNYMIgj7hLOOQnlwxwjSDUBqZJnbCcQSeE+NvmGQoEkCAcTwnsA57qSGt08IOk5OyWFjB3QMIZ2RSRv7IDiMJmST4GPfnbhRxjguCbUSEHA7qbabW+peJpBsN8FLFJOyWB9utzqxw8n5n0WjhjipIhFDGBjk+q7DSsiA8MaUdjBsTuoba4KCBMceSOURzvZceQzshGXbGFBz4COc0NO44VdV1AaOQm1VcyPIyqKrr2yuIY4ndQzXXKKH1tY7OG4UEukeckp+nW7JGU9sYxwoc6y1yYNrOCd0QAYXcBdUEjRyn5AblB1IbpCByU6MtqCckEdMGnGB+qGHmVwbwgkOkcNlIbCQARyjitwtzyPDAOUQEJun3XTunxjgXubYTXgcpjpcbFCAJOclE0Z7KBN5RwlzkhsTlLVo7ZUOqr2wjfYpbaQuU8EqWVsQyVVVd0duIio1VcXynBOyj5Bz2ykynkRZbk5LUySu/mKOBk8oxbnuueH7oDLKTbOAYahnlEJCGeUsESSSSFIgkkkkf4lt4PSEkl0cr6b0fKRye3AcCAlpOkbImMd0SWQZPAhwm5wnkYTFYA9MST1ChIE0mHaQiPfgbKPpJdqKgyI7nldThwkmxiEDAOUQcJYCKBhFFEEBhdSSRkEkkkoQSSSa5Qgzb1XEkkmTyQauEjHK6o1bIIojJnhJss+NZLjHc8FfeK6MMMTTklUsYcTgp08jppy4+qLEBnGOFzZy3yydCuGyIenjORspJeGNShADeFFq5vbCp8IpfcyuqyXSOOck8qMpLhqLnFA8Pc9lnk+TTFYQ1JJJUWOSSSQhiXRyuLoHdNY0eAMLuAkOF1QUwoGNguP+krqY5zdJ3UCAknOEeFrsjAQPxKyga0RBxG6oROWBAADhRqg7KU8gAqvmdk8pcpbQYtsA76iUwcghPlwSmxg7ZWectw5SwggBxwm5Pqi7aUBmS8lVjJUXlkiMBKQ4xhdZ9JQ37kd+U38UQZ+aewEdk1n1BFONPCEZSnKeEJ5zgNHK09kodfhjHlG59ys5QMMtW0AcL0SyUQLGADGMFJmes8RTve40lrphS0gAGMjKgXerMkvgsd5Wjf3KsayoFNTEA74wFnyTI8kncnlJb4PYPhJIPQR5cXkeyuoWhsQwMKtoYnHfCnSPLGgBZ32aa+iNVu1yeG05VpA0U0HmO7hhVlIwSVbde4zlXcrGSkQjnlImjVUtzOUEPlfOR2wF3Blkw3cnhSJj4UGhoxtwh2thmqQAOEqUsHRqTykXtDEYaZrCclRr1VGCm8NpwXqyGI277ALKXqrNTVENPlZsAks2SkoxwQDwd1Z9LW8VdwM0gy2HzY91UPkLNsZyt10vRR09tEjR55DlxSbeAaE52plu4gA9lBmeXEDO2VIqT5c5UNp82Vjt5O236CgYGpAqpjjThSHPDW4wojm+K7SBlJSxyJsbxhEyz02oOne3Y7BSqhpcNAPKPCxsUDWM4AQRl8rW45SpPJorjsgiXA/5ejJA3aFWyO1uc4nlTqxzYqYsG5KhNjBDeyU1kepYRbUBAo2knA3Xn/W1eyouDKaJ2Sz6lt6mrbBQOAGnAXlVbVisuc07B5dWEyCRzPIXfZg7ISAA0LTdOUJp4RUyjOrhZuIePM2PC3MbQGQQM8vlGyTfPbHAjx9O6SkSKWMGQzP7cLQWiMlrpdIGdge6oxGTpp2jzSOAWqp4hTwNYBwFw9RZlYPX6WPsqr7MC0QDkkZ/NbewULbZZYwRuQHkfdYWCF916hipR9GQ523ovQ7nIKana0bNaOFz2svBt6Mh1ZcpG5Y3vsFTUzPApcfik3KHdKp1fcS0btacYRHnYD0GExcAOWeAWklwA3OVr7XGIKXUdshZe3R+LVtaeFpriRT0Ja3bZQpIoKh3zdxLBuMq5gpjGGtxwqW0RGWsyd+60rWnbbhZ7BtawTLdBhxcOMKcDlCpWBkWw3Kd9A1E7BLHcLsz/Xd1Fsskr2yaXHbHdeVWmFz9VVJuXnIytD8Sbsy53WG1UzjrjcHP32woEEQa1sQ8q01o5N7+S7+yLSzU73yCUNJwdl6fZ6N0VPGx5B77LH9J0ZqKhrWNAEWHO916DRRObIMBI1MsS2mulB6iZlFSPmk2bG0n7rAO8S6V7nvJzIdvYLZdUVEcNE+nP1SYAVR0rbo57gHyDaNuQsU3g1YNnZLe2hoIqdgxhoJ+6uaNueQosRz5WjAU+mZoAOFzrp5ZCSBgYSSSWBvkMMiNQ08d0wAdkJJmD6p6hBJJJKEEkkkoQSSS5kKEOpJiWQoQScSMJhIQXOIJ3PKrJB55SyVwb8JKwB6GeF1MVMg08pJJISCQs4OS7Abuiquu0/yltqagnGI3J8Flhnl3VVwNffqiQO1MadA/JUk7gcBGmeZZHyOOS4k5+6ivdj3XVoWBdhIs1G+vulNSRHDnyDfHA9V7zpbHGGDYNGAvJfh3S+NfRPt/KYT916tI7U3OMLPrJ5nhB0rAN7iHbFMXXDBxnK4sZpQkkklCCSSSUIEas51vWSU9qxG7HiO0laMZOQFhOvqpzqmmtpyNB8V/pj0Wivvkr2BsUTIoY3gbu591ZVM22MKPRsaKdhbsMJtTKC4AdlviiCj3cpQ4UaI8e6JnC0V8MFrgVXL4Tc5AXg9wr3XjrKsry7+VR5jOfUL17rG4xW+zTTyOOWtOwPOy8StLHRWmprpf7yqOXE8k5XrfDUZe48h9QalxarRJt5dUVFTWE+V7zjPoiVT9bg3hNoB4VINuSU1vmmy4k7r3lMNkT59ZL5LeC76eg1HOO4Wvj8uMhUlhpmRnzNwOVegDsVy9TPM2e28fBQpQUO9lEr3YbupI7qrrXukJyc4OEiHJsufBUV0up4GOVIoGFw14+ygTu1VOM8K4oW6YmbJslgwzZLiADdgntIa0k8BczgBV3UVwbbbNPUl2C0bLRpYOyaic3yGpVFEpv0jw34v3Y3PqqOjiP8qJudOe+VT0sOoBoHsq81Ml1vNXWz5cS8kHPbsFf2GIS1eCMhe/8dT8cUj8x+f1stZqp2S9s1FloBHEwacbLQOmFNRvxzwodHG0ANaONkqrLqyGlJ8pOSuyuFk8nbLdIlAk08eeXcqRTjABIQ5m6JPCaNmqVC0NaEi2ZdWUZ7q65MoLdKS/SNJ/VeIPkEkjn5+okr0H4qXWOFjqXkuOy8xgy7clcjUzPRaKH2biQ5uN8qyo36oBnlV2ny7nsnUFQWT6XHyu2XJuW49F429U2pMtBypLSNI3UVEHKwtYfJ7CDWMg61uWnbss5VNDXEe608u4GVm67acq0Y9ZH7ckCRu+yKxJ2MpzfpVnKS9iQ5G6nNwnf8ROOAQSOEscuy4tc7vHh07EObuvcrUS6kif6sC8CopdNREAPxD/ADXv3T2JLPTnuGgJM0e9+m7HP7SYWj0VnAM07R7KDp91YU4PgjHoszR7aBlbqA2sJAUR+7BkKbd2H5sk+pUbSHM2QnPs/NkIc4wokgHiHKnsA+YaO2FFc0umIHqmx7MN0c8FTNHipcoN7j1QO2z5Vc1MWKguUK6x6oHbfhW6g4msjurlA8xOzyPdEkOGhDqvLWPadsEp2oFuy6dfKwfK7+JuI2Iebcq3gaRG1UmrzYAxgrQ04Ba0+yJLBgueEPa0nfCNEzI3SDduFIp498cJkY7jBOeWQpovbsoMseyu6in4ICr54SBwhlEZVZkqJWDOVFxpfzyrCaI5yoT2EHhZLFg6NcsodyQVa2qocyVpHZVI2R4iQQPVZ2smvSXvTz3I9DtlbrwQdlfnEkbSNtl57Z7oGFsRytzQVjXsA7LLZA+oeM1q1FSwCuFCZ4sNxqG4Wfmic0mN4wQtk9mWaxwqm90IMQqYxuOVisjjk6Nsd0cmZkzGQWrX9L3TGiJ7huOFlHODjghHo5jTytfk4BGyXufQuuWGbXqKibW0xka3zNHZZCnfrDqd4wW7LaUNYyphBznIws7fbcKSoFTC3AJ3R59l3V5XyIgUf+7TmNw8r+PurN8bXNBVY8+K3U0bt3yrGjeZovcbJgEGyNJEM8fugPhyPpx+asnw5GwUVzd+EvIyUCtniI3AQWOOeFZyw5GcZUOSAjhqBrgQ4NEijle1w0yY9le00wfpyR6rLxZY8Eq1o6gbEqRfI2t4JV1t4qmOkLQ5p2I7/dYO40fyk5AGGleixy6hjlVV8tUdTC57Y8O9k9MRq6vli2jEwvLDyrKkmydPqqiWN8UpjccaThSaSTS4d06JxFmLwy1nh1t1NChsDmvwdsKwppA9oBHCZV0mA6UBMaGpChwQnObuMBRackO3Uxg2RxeHktxTQtLX7FQ3TPoavUwbKa9pODlNmp46hha4b9iurpdR+zynmPGOcXKBsOkuo/EDY5Jfbf8AyK2sb2yN1tOy8Np5qi21AcCQAV6N0t1NDUNbDO/nYHK7FdqaPmXkdG6pNwRrkGaPU1Eje1+44TtOe60fkceEmmUdfSZyQOFn62m524WzqYQ5p27KhrqMgnASbYG+m0yc0TXSCF7Rpfkb8LMVdM+y3DAB8GY4HoCtpdKMvjIYNJws7cmOrKQUsjdUjD5HDlc62vKO7otXKt5RDJa/thWVjuhoJtMpJjft9lS0glnie0YM1Ps9qMSZMAbFcu6t5PpHidc7EtrPQA+OZgkY7IIyo08OvhVVhuzNIpJzgjgkrQth8UZHdYZ8Hs9PL+RHJRVVAPqAVRUUzmO1Y491sJKc4OWqqrKLVwOUprJJ0ZKilnIeGu2Vu3S5oOVUzUr2ODwOE+krWmQQvOPQq4zxwxShtZZ6fdCmbgZ5RgEx2+yMc0DBDvKdkCopCW62DjsjOjcXAhSWN1gNOyGSyL2ZKCWH/D+6jFhZnAV/VUYG4VXLGM8JEo/oTOtnbZcZqOXWw7dxlbu03CC4RB7HDONx6FecvYWqdZLu6gqQX50HYoq5tPk0UXKEVGR6E+NpGwyoc8IcOMKTRTx1kXjQv1AhPlj9lqg1I3KSnHJRVVLnt2VTUUxafRaeaEH8P7qvqKXjIVyRnsqz0Uw1McNt1LpqkPxFL9gU2Wn/AMOEFpLeQgi2jHbX7CXSzw1tORgahwe4WPfT1NtqdBB05/IhbaKoJOD3Qbnaoq+AkAascrRGWOTl30b5ZRR00wdpIVpTztmcI3DHus0BU2uoME4JbnYq1pqwB4IAP5rVXbgwyhjgm1NE17SMYzwVXRVVTaKjuWk/kVcRTtmABSlp2St0yMDgfULfVcY7KvaLCgrWVsQkYQfUIk1MMZ4WWMtRY6kSR5dC47haiguEFdCHNcCCP0WyM8mOxNAHwgfhVBerJ8x/Mp8B43wthJSEtLm4IUF0e+cIzLbSprkxVFVvif8ALVWQ5uwJVrs4bBFvdmbUNM8I0yDfbuqe33Etl+Vqhpc3YEo3yYJRdZZ+CDwEM05PbZS2jZcwFbgmXt3GcullaM1EA53LRwqN0WlxGMFbx7NWx3yqW62oOHjQN45Cx205AcNpnA7SRvypAeJAARhcMJJO3CHgtPCyyrdYtvgc+nDgS0fkoZhlDiHN27KYyU8EJS4eEtRyCp4IqaQHbZwiOhOSRso+ktO6XLgYsPkMx5YcgqxpKzIw7Cq05riBspCySZJwTL4FrxnCYW4UKnqnNaGSHOOCprZBIMha1NNdmSUGmNBLTqB3CnUNyxllU/LO4UF24KEBl2SjjOSYDrjNYZohBBP/ADKSXPfSTuFY269VducGyaiO+VkmVD4SHRkg+yuKW9RTNEdUwHtkhaq7E+2Y7dK3+J6La73R3JojOGv91Lnt8UvmaNLhw4crzyNgBE1FOWnkAFaqzdTsMbaevJa9u2r1WjOTlX6acHmKDT11dRPMNbGJ4cd252VTPZLHe3ONHO2KbktO262RgjroswsZKCNxlZ6ustNI8viDoJB3bsQUMogVSafLMrV2a62l5JYZYx3G+yfS3GM4ZICx3fKuhLd7b5KlnzMI74yUx7LJeARoEEv6bqQW1mqUlLgfDM57AC7UO26kMuFTQSNnpmgPach2dwqiW2XK2nxKdxljHoc7KTT3KkqP5NQ0xP7hyb8zFOtNYZ610Z8aKyLRR3c+KwYGXbn9V65aL9bL7AJaCZrnYyW53XyobVxPRvGrnnYqVaOsrp07UBzHyxEHkOOE+F5ydX4/Mt1Z9XlpJwdimaCvMukPjHT14ZDc3NJG2scr0u3XWgusYkop2vyM4B3T093Rx7aJ1P7kGMQIQjEcqaWHH0oXh7nypnKEJ5ImgJk1LDUMLJo2uB9QpmlcLM91MhZwZS4dJu3lt0+l3Ok8KpFXdLa7w7hAXNbtqAXoDmnHKh1FJFOwsmjD2n1VhRtw+TN090pZW5jeCT29EVsoeMjgoVx6QaA6a0zGCTnBOxVE+5XK0yCK5UrgBtrbwVBqcZLg0ySrqK8UlU0aZW5+6sGuB3achTOSOLR3R7LmAjJKsgJ5I+AUh5TkJ4GV3T7q3gmRkjQ/DTuPRZvqD4cWO9MMtNEKSpP449tR91p9DvRFaEqUE+jRC6cOjxO5dK9S9NyE6HTwt4czfZRW3GlrW/L3GBpxsdQ3Xu5a0jBAP3Wbv/w+6f6hzJLE+nm58SE439SO6TKGDbTrkuzxmv6Spahpmt0gGfwlZe42Oqp3ESxluO+Nl6tceiepunSX08X8QpW8Pj2eB7tVO2vttwJpqhobINi14wQUmVO7o6lOtf8AUzy51OWdwfzQyeQQvRrj0VS1bTJb2lrz+hWTuNiqLfllRA5pB5xykz0skdCrUwl7KFwBQ3RNOchTDFjhDI0HBWaylo0q3BWy02OGqLJEQeNh7q7e1rhjAKjyUjTlZ5U5GwtTIdJda23uBjkJHoStRa+r4pw2OqGD6lZiajOfp/dAEBaeN/VHGc4dFyphZ2emQT0lUNUT2u9srslLCTqLV5xT1VVSv8SCdzSPdaO3dWuwI61v/iWiNqa+4yWaaS/Et6iiYDlmxQg17HAtzt6FSae50dUMse3f3RQxpyQOeCi3IzNOPDBtq8YbId0dsoPDuUEwDc6ULD2/SFBeWmWLZi3CIypOQMKs8SYbSDZFEwI3CGUMjq75QLds7SN8J7KjS4Fp3VUJ/uE4SnlZp0I6+k8o65JZNFT3SpYBiTb7q3o77ggTn91joqstGCjR1gyMhZ56XB6/R+clXwmeg095ppRjVup0T2zDIXnkVdp3B4VjTXypiGA791ks0zS4R6DR+d+SWJs2xBbjScLoqHxjc5CoKbqVvhjxmEnurWluVHVAFjwD/SSsrplF8o9LT5CMuEywFTERlwASfFTTeZzWO+4TGiJ4wdimPgc36CceyTKuRvjfv/LkgVfT1sneZHQAE842VNU9IQOkJhlxnsQtNv8A1FMc3OMlJeUH8dU+0Ymo6SuEbyIdLm+qpauhqIHGOppjjjJbkL1DG2Agvhjef5jGn7jKHDBloov8DyyOSajfqp5XM/wk7Kzpb1IwgTjI9QtZVdPWqokMrqcAnnTsqSu6Sxl9FL/4XKdGaemurfAaKehrGYOnJ9UWCkmgk8SjqC0emchUUlludG3xAwn7JQXOtpjpexzvZC2kPhY6/wAjWsr6mMgTFsg9Cj/NUsrcnLT3BWepbpBUbOJa70cpzZGkZBG/upk116mXpll4MT/Mw5+xTXNlZ9B/JQmSPjOWOIwiNumR54849CgkscmiF6a5JbanPlmauSx0E7CyWBrgfUIYqKaZu5wfQ8pzYmvOWPGCgyhilGRU1vTrv762zlpH4SVFxfre0PdAZm98chaDw5mHyrrZntOH+b2VgyhH0VVLfaWf+XUgxScEPGFNaTjxIZAWn0KdV0VurHB9RStLvUBVwss8Muugri1nOh++EvojzHpEub+dgSMa7HqAVU1vT1BUZkjZ4Mh7s4/RSvnaiB3h1sBx2e3cFP8A4hTngn81BbhG3iaMxV9M1cP8ylqcvb24UZlV1FZnioY+R3qM5WyDo5W6g380OSBj9nNBHoVMGeejT5g8FJRdeVTZB80A4Hlrgr2DqeguDR5mDPLScKvrLLb6lmDEAfUDBVZN0xG1uqnedQ90GMsS4W1rlZNDPS2ms3+ThcfXSFmrr0Xb6lzpafMDiew2UdsF7tspkLZAwehyjs6hrIHZnYXNPqMK9iYhyr/riyhrOjqunYTBKJCO3Cpai13OB5bLTFb4dTU5zmHC7JU0NU0SB+CexSp0JCZQrn+B543XAfM3BSfLq3JC21TbqGpYWmIH3VTV9PUMg0gOBHcIFQhcqZr8ShbUngEJ4kcDkOzlSanps+HmmlIcOygSWe5RDOvKXLT56Ey3x7QczOI3BKjvjgeD4jM5Ud0dzYSC3YeyGZpGuIe0jHKV/HYDlH+o7LTx5JjbhQ3REZO/6qX8zBjzOP6JjqiAjEZBRqkzydb6ZE1PDsFxH5o3jzBgGs4Huu+HHJuW/unNpDvuqdeSsHGVcrT9bv1Uxt0lAAByobqR226b4TmjdV8RSbJ4uMrjyAisq5c51ghVOh4KeJHDtlT4mM3svGXFzRxkpwuko4cVSNqiNi0p/wA4w7aSp8TL+f8AZeC8v4OURlxhyCVnvHXRMT+MqfGyfMjSippn48+F3DDuHhZsF44eUjJIB9ZKnxsnzGgw3+oJbf1BZw1E39R/Vc+Zl/qP6ofjAd5ocD+oJEDH1BZ35uT+o/ql81J/Uf1U+MCVuS9Lt9iuOfgcqj8aT+o/quGZ+PqP6o4xwD8hcmVMLgVTeNJ/Uf1S8aT+o/qiwR2ZLf8ANIuHqFUmZ+PqP6oWqXP1H9VMFbi1MzOMhMM7O7tlX6n4Tf5hOAESiy939iyNVANtW6F8yezQQobYZj5gxFDCAMqbWyP7ug3zXfH7IZqXEYwmiFx4aniA54RbCsDPHeTwlqe4blSWwtG+ldDWhRrAW1gAx53K4Y3AKRt6LoAPZUGotdkUMfqxj90Vpw0BPOD2XQ0N3VhxiMEed08RtG+N13Vjshkk53UG4wFaIwOQkZWjjH6oXguO4XW0jjuSoV93oT6qbhuyF4lTN5MqXHRjGSMp/wAvgghuFQOyT7IApJC4FyO2m4JKmtgJG4S8PSeFA4VsjsjDdgEZjcJ4wNgEiVBihgW3ACWSnk5XFMDFFDScriSShQkkl0AngIMJFpMQGTgIwHdINOeE8BWNjHIgPVdT9J9F0A5UNChwc0lDDCSpHl0gnbCA+qp2ba1WRMpRXbCCLOE0uaw7qLJcMHEQOFGkqHPxlQCWoXosjVxhpyceihyVsjsgEYUc5PJTGhwIyU3DEyslIKZHP5XA4k4Tg3Zd8Mt3IUwJcn7EGd8Lo2SSdLnYhGohDShnVlFwTuntjJPCaolOO4G2MuRWR6cEozIRgdinvaCMcIuEMUQfHdcOOUwk5SyfVEVg5n2XRykAXHAUiKLbJCrOBgwMAG4RAAOF07JiotrAlwsBTAMpwiLtlOisZAOOlBcHHg/sp8dvlkcCNwrektrIdLnMGVAlW5lVQWhsrA+oGM8BX9PBDDG1sbMaf3TixgxjZceQ7GCrHQp2vITWBsAmZTDsMoDpwcgjhWMyl2OnkDeSq2vrPDZpxyo9xugDi2MEkd/RVD6qSXJkOQOyEy33x6Q+qqXzOx2OyjBmDnCMwk7FqeGeyhjsblyMA8uCiJITsEYyolkQ+B+pvqhOlznZDc7B5TC/KvGBbmPMmE1rS4rjWknJCMAGBFGLYpybHtia3fuutfgY9EwOcRs391wNIOVohwWFT0IHHZPcUzJDp2C54gIQairjhaSVTVNf4pLY3JM7McATviuGS664OjdojPZVT5ZZnEyOTslxLnHJXCMd1ncmzJOzc+AQGO6dnCR2XEIsSSSShAep3quJJKEEkkkhIJMT84TFBMpbT05dYDqC6GOzwntYcZwvpp8rbwdAGE5cXUYPYkkksZUxksS47hdQpHbgBQg1xyV3ASG6emKJBiSekjDEug4XElZB6SSSIgk5NTjwoQahuTjyk5RkBpJJJDIxLPXyuc0/LjvlXFwnfDTOdGQCsbJK+aYvkcSSVz9VZxtRq09WXuHs1O37qZTtOpAhbjkKdStwM4WWH9zVY9pILhGzHqqmrk1yEDgKfVv0jA9FVPOpxKk2SBxMTshNSmaRiSSSsASSS6OVTeA5SwIDuiAd0gO66rLbCgY2CSSa8gN3ULBkoZJykeUgqbwBKW0PTR63AEZU14LGgAfkuW+EBvikdkSQgkqCHLcyNOSBnPZQHk4JU2pILCzO5UF+zcJVnofUkDJJk3RGs2BAQy06s42R9tKQRsG/sMrtO084QZD5xhS4G7DI7JkFktrCyPOA0oLQdye6K8rhAARPkgMg9k5daMpkmc5CVM00L7slpYacS1RzvhemWOFoaNuwWL6YogyNjnt8zznK9EoadtPANt0pnvPE6bZSpP2RLvKzdmd1WUkZkkGdgEe5StkqMNP3R7fCQQ7Ss05ZO1FZeCfBGGgHCFWP0YaBypLXBreMYVVI6SWYucc4OySa4LBYWlofI6QN3A2yrOk1SV4B7eiBbKYQ0+fxO3VtTxtpKcyYGt/cpUpYNtUfZEuMmmbT2Vl0/S6WPqXDY7NVBM4z1WjUTkrX00TaeCOJuw0hIs5N9CzLLAXWoENKSO6x735cXE7lXV+q9WaYZWdnOAAPTCSHZPDJtoo33C4xxY1MB1O+wXo0bWRsEcbQ1rRgALKdGUUsYNU8eXC1AOQSs8zfpa0luYGqfiMnOSgxbNDuUypJc8MBT9Pg025yQsk1k2N4WRTSavQYCZb2OmqduBuVGdMfq9Vc2iJrITJjcndVNYjkXW980TJHBjNIQqEeJUBxGy5VyDsM7IlGDHTh5G4WWUsG4HcX6pDGOAmU+xDe65L55S8906nw2Yynj0QAyltIHVNZHTW5wJwXAtAyvN48BpOMnlabrW5RzPFK3OrOeeAsyyMnHumLg4GqsdtmDS9K0LJpvHkA0sGTlaWj/wB6rn1Ib/Kj2AUO0U7ae0texuHP/dW0DG01OyMDd4yVy9XbmeD0PjqNsUTbTT/MVPjubs3hW1xkEVOXE4XLdTtggbt5iMqv6iqcBtKw+Zw3XKs+470IqCwW/Q1Caq4PuLTmNo0klXfVVfDFG9oPAPdE6TpnW+yxte3GoZ+6yPWNex0j42HjYpKiMlNIpaAmV0tTpw0uIBRaiXQ3A3JT6On8C3tgcPM4alHmwaiOI75O6PAtywaCxUYiY2pkbkncJvUNY9z2wN2BHCsYg1lOzAwA0FZmWd9VWuc7ducBRlrk0HT1KwU7pSPMVb0w/mYAUW2M8KjGRgFT6ZpDi88LLaaYLBMZs3GOFXXq6R2+hkqJCGtYCd1Pa7IK89+Jt1fDRMt0JBfM7Tz7qQWWK1MtscmPpQ6uuFVd5Ml0zzpz2CvKCEf3725xwFXU0Pg07IsYw0Z+6v7bTl/hU55ctOVGOTFCLk8s3fSVA2noBUlmHznJ+y1dJFpGshVNrpXUtJFA52SAMlXE0gpKQyYGoDYf6rm2y3TydCuGEZDqGSaouZjc7ZuwC1PT9EKSja7SNTtye5WVpIZbjcQSMl7/ANAt7APDa1mNmjCyaifA0lwA7bKyYMNAUOADIU0cLmWPJQ9JJJIDDLo5XEhyjACjhJcB7LqhBJJLmQoQ6kmJKECkjHKCScrmT6pKEEh63eqIgqmWh2p3qhvOE5Ncd8KkWwtPnfKeeU1gw3ZDV5KxkSSWQkhCGpidkJmr2TUsgBFlfiLXtpLEIwTqnlDBg9lqXZwcei84+JlaBUwW87lrBIRnglOojlkMYSNPPKjk4OfRLJ9V1rS4ho7nC6kftQp/cek/DGjay2T1jmDU+QgEhbR/0qq6apPk7LTR6Q3ygkD1VoSHZ3XP1HMsj4RxyDf9RXF1/wBRXEgchJJJKEGJJJKEbwFYcZK8zvEsty6nm8TdsJA++F6PUTNpqZ87uGDJXmlvd85cqqtA8j5Djfnda6Y5KLxkobGGhuMBRC4vkRpj23CFAzLhst8FghLZ9K494YMrrPpCBM4B3PdbKobiN4ML8V7iyC06Xb+M7wwB6lYGUeDbYKL8ZaM4V38Qq6O59QQUjMuipMvkGdi7sPyVO8iQg4xjhe68Np9sUz5p5/VKy6X9jokayINIwQMIluZ4lU3UM7hQaqXS4NCuenaKWolEoacZC9XZLZUzzegi7tSkjXU0bYwNIxspsOc7oLW6cDClRgALiSlueT3NC2rCHPOGnfsqCreWB2e5KuKiQD9Fnb3UhsJa3YnKkVku+W2OSPTQGoq9f4ecq8jYG422HCrbOzVTNcRurfbAOEeNzMEpcZEG7rzD419RPobF8hCcSTv0j7d16c54YMk49184/FK8G7dXuoi8lkJyu34rT77MnhfrLyK0mhlDPMijtNO6GlBccuk3JW36co444xKRlzt8rN2ymNVO2IDZuM4W5oYG08QaBggL3mnr2n501t2+WS2pmhsYxyVHpNdbdS9o2hO5+y6yXS3HopXTDQGVc7uHEhaJPHBz1mTD5EtS442RJ5mxRhzjgAJQx6SXDdVXVFZ4FrkOdJwd/wAlivntWTRRDfLB4r19cxcr9KWP1MY7ThU8eNIwFHuEhqK+STOQXFHhI0gDsuHZJym2eoqrVdSQTPlwmh2l2rC6PpTHDIws8llDa3teS5pzria7PKMqmjqTH/LeTjKs43AtyFhuR7PRalaipNBSMrPXBh8YlXxkBBVVXjUMgJa7H3ffBlM/ZyI36VyUYK4zsmHH/sNd/eIjs6m4QXI0eHsDils0VvDJFOcVERPZw/zXv/SDtdohwc+UL58GQBjnUP8ANe99AO12dmTnyhJkev8Apqz/AFsF9LkOAAyrChcPC3CiyMBwcZRqQ4foxsUmR9BjLBQXsBs7nAcFQoRqYVY30eeRVkBw1KxyYLY4mwOjE2cIUTQ6R4PYqRIDrXI4/wCZsN3JsXyZZxyyur49LgcclQa9g+VcT6K4uEQ0ZcN+FAlY2SFzTvgLdS+TkamGZNHkF2yy5yALrR5eVJ6ghay5yFoxvuojBgYyunUfJNXFwvkv7sRGCr6iOYm/YKgV/QEFjceg/wAk/GTBqY/bknMb3wpMAAdgIcX2UmJpE7CeE2MTkTYWWE6dwq2aLkLRVEP8vOnZVssON9P7qpxwVC3DM/U0wByGqtmbuQBwtHUQbY0qoqIME+VYr4ZOhVbkrNJ1cIwHk5XTF5uEQNOBlIUG+zUp8CppTGcg/ZbWy1v+7AuIysQWOBDuVZ2+vdE0NyQlW1no/C+SdMtsmep0ssc9BoHKZJC2SMwvGxGFT2O6DQxrjnUFfgZwQufZXln0rTS+eGf2Yu5UDqSoMZ7nIUSRhYNtlsrxSNrKXW1g8Rgz91l3xF7cEcJEoYKtr2Swi16euQj0CXjKv7pSNqqYgDORkLDROfTyAtO3ottb64SQs1caRlLUssOuW+vYzKQtMc7oZNiMhSoCaeX/AAuR79RGKoFRCNnbqHE7xGYcdwm4Exj8c8Fs1oc0qO+EA7M/dPpZwQI5NnD90Zzc8qsYNK+9EJzAdgFHmiwOFYFvCbKxrm4Qyjkp1ZKWSLSdk6B5BwpM8JHZRASx24S2hEouLLaklwMFTQ5rxggYVPBJkjthTqaXThEsoLCawZnqaxSxSOq4W5Y7JIHZZynmLX4I3C9TqWMrKV0RbuQvM+oLfJa6s+U6XOTISOPrdPs++JYUc+wIwrUH5iLTxkLM0MwOkhyv6SdukN591qjMywfGCLMzwJNAGQiwSAH7o9RBr82N1CaC13oiGLgn7OGwTBlpweV2B/BIT5Wa5NYGxTa7NrBtqVkcEO4wudD4gGw2KrKWunoZxIx5wDuFf48ul4yDss7daZ0MhIG3ZdSnUfs8R5Xxe2TltPSelusYatvgS51DuStpTyiUAjuvnanq5aSQSRSuafUHC3PTnXOkNinlcwt7uK6tOoj/AFHhdb41w++CPVHtyMKBU0oe0kjAT7ddqauha4SN1EeqmLTxNcHI5rfJl62h827NljrnSupK4SaToJzj0Xp9XA1zdmhZa827XHp0jc+qy21G3TXPdhnnNc82q6srmjMM3kk9890VxbBI2qYNcL98jsplxoPmqSS1zAMl3dG88FVFjrWBkvT9ccSA+Qkc/muTqI4PZ+M1Tqa2k+rZ5W1dIcjk47LV9MXxtbGaaY/zGjbKytMXRa6OY4adsnshaai3VIlhcWuac5HcLl3JZPomg1bSU4M9KkaHdlCnhDhkDCj2O+RXOERyHEzdiPVWjoy7BST0tcvljuKSajAOcKprqJsL/GjZkE4K1skDXjjgKBPSgjS5gIKU17BlVllTQzgtDc5I5BU7whyByqmqoaikkc+IEszkYU+gqTNHpedwrTyA0H8JNa1zTwpGAUwtBGEREjmjWME5USptviEvjwD6KS0mM+oRhplb6KmibNxl6iB7XYLeFDe3A9Fqauh1hzgFRT0+hxBSmuTHdS0yT09fJ7bUBj5D4Z2IK9BpKuGtiD2kHK8qkjI3A/NXXTPUJoZxTVbsMds12eEyiaUtshmnvcMQZv3wtIJwoE9P/hVrDiZgewggjIKaYhxhbXydSUVJGdqKb/Cqyop8cLVVNMCPK1VFRSOQSjgzW1lLksO6mw1PAdjCBUU5DhtsggObshXBhtrCXW1RVsRcGjVjIKzBimopTDI3jj3Wup6kjEcm49UG52qKuhLmjzDj1TYyOVfRJ9FPR1TsgYVxFI2VgO2yzbhNRTeHJkY4KsaWvjGxz+q2QngxyrfTJ88Uc7DFI0EFUxbV2epD4SXR54V0xwdhwOxTpYmzMDSAtkJmK6onWq7RVkQGoZ45Uyam7jusTU09Vap/mqbJjJy5oWqsV8gromxvcC7gZO/2WuqeezFKOB0tOQMFuFQXmxsq4jJEwNlbuHDuthNCHcNUCppSQQBhaDHbVlYRiKS5yUx+Vrmu1NOAcK2aQ4Ag7FOulqbUxnLcOG4I5BVRQ1c1DL8pWbtH0uTDIk4MuTHjsgvjyOMqW3ROwFhXPBPdDJLHIzG9FBX25heXRx4JVFPA5jiHNIwVtZowCBjlV1Zb45BrLQCkTrUkJlVgyToyMEdl1ucYJyrOsovDJ0NwFXOhcwnZZJ1uPRnawzpaCgSxd8IrHkHcIuWndZpR3lp4K8scOQkBypssIcNgokkBaThKde0NS3HHOIILSpNNXNZs8KIRjlc4OUKnhkcU0XDKgPAIHKcQMZVbDMWHBGymMqG43WqM9whraOIKFwpOxGUMrRz6K3Z7C01fUUpBa8kDsr2kudPWk48kgG4KzZA9EIFzHZBI+xRRscexThuPR7Nfqu0zCRrnPj7tJWzoam1dTP8A5M/y1TjcHuvF6K/zwYjm/mM9+Qryiu0L3NlppjHINxg4IWiF2ezkarQtS3x4Z6JWQVtpqXU9dCJIjw4t2I9cqqrbVba1xfB/JlPBCLZPiHJG0Ud7gbVU/GXjJA+61FV05brrBHW9N1Ake8avCB3T1yYk7K3yYAPvtkeTK0VVP7bkBPebRem4IEM3odlc1RrLdIYK6le3Gx1NUJ9ot9y/mQuEMh7jZW1gJXRfZAjiudocTFIZofQnKtI7la7qzwKyERyYxuFAfFdrWdMg8aL9dlz/AHGu5b4cn6Khiaa4FU9PVNK41NqqCRzgFWFi+Il5sMzWSSva5pwdyFGpZ662nLHGWP0VjKbNe4/Dq4GxyEfVjBRKc4vhipxrlxJHsHSXxipK+NkNdK0njPdeiUN5t1xja+nqGHV2zuvkCq6Zulream11DpIxuADkhWvTnxJuNnnbFcRLhu3PC1Q1KXEjm6rx0ZrNR9akZ3TXNyOV5h0t8VKOuY0fMteCPpcdwt3b+pLfXAaJA0nsSnKSnyjk2UTqe2SJzmknIC4WHGSEbykZzsUgAdwi3GbDIjoyFHqKOnq4zFURMkaezhlWEjBtlC0+6jaYabi+DC3foA5NTZqkxSDfQTgLO/xu9WGXwbnSyaGnGvGy9dMe3Kh1FBS1cboqqmZK13ZwypFexytz+Rj7b1NQVzQPFAd6Eq5jkZKNTCCPZUt4+G8FQ509nnNPJyG52Wckb1j0s8tla6SNu5dpyMImgoxjZ+LPQElkbT15Q1bhBWHwpRsSdlqKaspqkB8MzHA+hyqwBOqcCRgLqcOElMCwS7q9kRJBtLzka4ZIB7qpvPRfTnUDHOr7eBMeJozpcFcIjVe39FqTjyjyu5/DrqKzOdL0/VS17fwwyO3ws6btiR1B1NaTSSN2Pij/AFwveWnHdQrtZ7ReoDBc6CKoBGMkDI/NC1k2U6yX9R4PW9EW66tNTapmkncBpyspcOmKqgcWVdM5zR+JoXtFy+E89KXVfSF1kppeRBJu1359lnJ6+72ouo+sbA5rRsZ426mu90iVW46tetx92c/29nlD7a0j/dm/llQnUs0ZxI1etz9EWK+U4uFhrRGXjOx2+yyN66YutqcRUU5lYPxtCTPTfo6VWshIx7o2u5CC+jaRnhW74GSHDW4PoUN1DJ9UY/JZZ1bTZG/JQzUZB2CAYXA8K9khmbs6IfdRpIAOW7pMoYHxu/ZXtLmDYkfYqyoL9V0mGPeZGehKiPiaMgBRvDcDg/5quUFKEJrlG1o73SVQALg13upbXtJy3f7LBNLmkEEhTaevnhIc2VwPuUyMzJKjng2LhloUdwIKqae+FpAmG57hWUFbBMAWvGfco1JMzzplFhtTmYJTxL7Ln1jhD0+ygvBKEg5yM/dP14/GP1UHB9UtZ/8AlKjSY+M5Q5TLKOocDypIq8ABUrZy0hPE5I54SpQTN+m8lbS+S9irHHADsqWKp7MPY8tPsVnY5Dg4dunMrJm7PcSAkTpTO9o/PxcsSeDVw9Q10bdGvIHfKtabqxwiDZM6gsNHXMGA88qUyrY8fdZZ6f8AR6XSeexJbZHpMF5opow58gBKl5Y9oexwLTuF5Y+VzeHO/IosN5uUDQxlU/SOBlY7NJ+j0NHnU/zR6UWy7mI49vVC1SN3lZgeqxFP1hcqfAc/UPdW9L1xSvw2qG/rlZ5aeUTrUeXqn1LBoQ9j9gd/dMMbScAqHTXyz1ztPiBp9zhSXNbn/dJMJMqmzdXq1P2EdEA3zAcKI63Uk+5iAPqpTJamEfzmRvB7lIVUX4m6c+iU6mzRGVb/ACKuWxUjjkMAI9lXz2meHLqaU7fhcVo9bXZI4KUkbXEFrUtwaD2xfRlRPWQgCalcQO4Tm1cT8DJB9CtDNAHtwACq6azxv3fHhR8gSWGRGys5BG/ui+I5rTgnH3THWYtBMLtJxyo7ae5RuwXxvb6ZS3EOM2ia25zRjQfNj1RG3ZuPPBkqsE7t9cLhp5SFRDIMMJz7qYHwtT6LptXRyN1F5bnkJCOGQZgqGu9sqi2JxlNxK0gxSlhHdBsbDduC7fESMOblRamkilbpcwfcDCp5pr2H/wAuoaW/ddF/qoGiOqpiXDkjup0C7IP8iQ63Tx5EczsHflA/94UztRJcPdPj6kpnjzscD9keO7UdQ7SJNJ91C98H0wRrHDBdGV1txpQQHv0lEc6ld+Np/NAkpaeQ5MQQdlSbXKeSUKyleN5c57FBlipKtpZJCxzT7KJLSsaR4bcZSdDUNAMbtgjUWxVi3fkhlRYaGWPTG3SfVVdT0zKP7qqACtTUSs2JOUN9RMDypjPZknpq5/2M+633mmcYmuLmjg5TfnaqP+XPCdTe+FoBVPPJTJWQykOfGCVMYFfxtvUijFcPxMKRmjkGdYz6KwltkDySARlQprI0nMRJUwJlC2D/AGB0sdxhCkghDdJY3HqQnvt1TFgsyCPdNdDWDluVW0VLcu4kR9topODFv2ygGw0HOnf2KlaJBuYwu5k7MP6qbUJkot4cSBLY6YjETiw+oQ/4K4cVBKniXPZCkMvEblXxoH4oP0V76CaNxG7vdBNPJ/Rwpr4K6TfVhBFNXDk/uqcEKlDHRDMTx+BMLH8mMqW6lredSEaauHqqcEIlPHDRGMRJA0ppiI7IzoqzOC1NLZm/W1DsQltyfCG+A5LwXeoROOVzVkEYV/GUsiGQkSQM4XPCenujfjOEG0jmwRcM/Sm6/wDCkZBndqd4jf6ApsKGcpmCjDBPCK1gwDpwr2FpZI2T6JZPopOgf0BdEf8AgAU2DNhF0+yWhTBGMcLojHopsK2kMQOznCeIT6KXhoXM+ymwOMUBEAB3RGwtxsE4Z5wmkzfgICLCRNgTRhM8OIHJdgrhjneMGRPZROdu6TKt4QcYv0hF0LB5nLgcHbtGyK2mpxjU1P1U0Q2bv90IaqcewWmR+zGZXPAezBeOUQ1WgHw28oWuaR3nJVN5CjHA7A9VzJ9E4M7rugIQ9m4CUMudlTPAd6IjaXJ4woEq2QRG70RRTuOFPbSjnSitiHGMKDFVL2Q46fA3bj80RsQJRnaWJviMb9ByVAlDAhBjfCcI2jfCb47jzum5OVAlFIJkcYTNXskBnumafdQvCHJJJKAiSXdJXAN8KF7WcIzsEvD2zp/dHEYdyMrun2QyWQ9n7I3hH1RYmLr3sj+pBkuEEAOk5P3QMpuEOyTox2S1Bu57KofdqlxIbgBRzU1chwZNioD/ACIrou5bhTR4BO/3UOourOInYKr/AJd827iitpA05KJRyJsvnPo6ayqefr2KZoc46jvlEEQHZOAOQSEWBXMuzgZgYwu6T6I7YzjhODCDnT+6NRK6AhpKfoxjIRmgDlqRCdsSQZxo25S1j0RA0jsu6fZKaSZCOQfRJsWXKUIwOy6I+6MJLIPwWgDZGa0Lun3XQMKDFHAwnHCY4lPchyODRuiCGE4XGkuOMJBjpCNlKiiDQCQiySMcjWR5xkIpaNIwV15aOG4/NADychCE1gR5S0n0RYoS4jZTYqfgloVlxg2QWQvcRlp3VhDRAAOx+6PHAwb4Rg4YxhXgZGGATIgwYCJk8LmoE7FJWGkl0cGT3TScbkpzeCfRVtwuUcWWjYqmSdih2SKiuigafEOFRVd2bMCyIkA8oVRVSVJIcctURrMEqjBda58JjzuMIIadWMI4BynhoxwoZJZzyMaBhEPCRICC94A91ajkGUtp1zgM7hAc/PdCcSTyubp0YiJWZ6E5xzgJNac5KcGjuUj7BDtByEa7T2T2sweU0MyM5XQ/JxhWkDKWAgY3HK6cHshAHlMdMGtweyYC2kSCWjlwUCrrmt8o3QKmu7A4VZNKZDn3QTswhM7fRIqqh86hAYRMldckqW5mWTyxqSSSYXkakkkgJkYknpZb/V+yhYxJJcJCgEp4Opi4ZcdkJ0+30qRhkU7UuWGecd0wkDk4UV0xz3TZZicYCYqzLZqYdHsoYAc4T26cdv1XSBgn2QSTlfRlHJ82HJJJwGEaRBoGU78k0jC45+lFnBDkkg7BBbknJSdJuNkWNoIVpZIcHCdgpDlFw3TjujIBSXTyk1QMWn3S0+6ROVxM+Mg9JcByuquiCSSSVEEhuREInKpkOJHjdJQ7hVmKncQN1lts+NZDjHfLCKW+XCR7xTt2A5IVbEwl2ShvkdLIXvJJJUiN2G5wuPZLfPJ1a47IYDMbpVhG1rYmnGCo9FGJnkuGwR6uXDMNbwijyhMpZZXVD3yE5dndRS3blF0k5Q3nGwS5jIrgCScri6QTuEsFUNOJJLo5VlCwVxF2IGyQGO6oLAgMLqKAAMAJKw8CQ5N8YOU5zgARnfCjh25UJnJ3T7p8TNbtKapdBAZH6x+FCuRNjSRMjIip2x4wo8h2IR5/McDsok+3dWLisgp3EnnKiT9sI54Q/wASXYjRWca3vhMORndScNDVFncAeUuS2hcSE3BcFMjGGqHGDkKUT5EdZBj8kjCUhw0JNGSnPO4RC3LA1u3IT42GaVkbRkkgJj8Fu22ysOn6UzPMp57eyzzOtoqXOUV+zfdO20OMZc3ysAWir5hBB5e4wPZQrHC6KmBPcLl1qNtOMY3SJy2n0aitV1KCKxgL5gXHOSrqjAHZQKKDUdeNyreJgjaCUh9GqmHsDVSAAtCj0LA6QE9yUKre41BA4UyhY7xmNA5SZGmDzJIuYIzpG2wUiqedDcO2wiuY2no3bbnCgTT5iJPos0jpVxwNs8DZK4Oe3Izlaad/hj2CgWSm8Km8V7Bl24Kfc6j+ScfqlZyaIL7clBcpfEqn57KrbqmqRA0Z3AGEarkBkJLt1M6XpfHuBeeW+qVPglf32YNvb6dtLSRRNGMNGfuiyuDGlxOE9gwA0En7qNXSsY0Ncd1lnydeC2rAOGMSzavzQbnOyGEsJ3Kl0LSG+JjbCqq6YT1Wlo+nZKUQdRPbDA+nidKYYG7udhad8bYYGxDGWjdZ62DTWRu9Fc+P42T2yUFv6GaXkE4F0vqApuWtpXDGCgQM1OJ5wuzuP0gLFM2t4WSNISNwkZRFG6Q/hCZrL5S3GzVBvlSYLfJj8Sox6iWImKvtSKi5uLQCMcp9upXTzxxY5KhNBnkL3bnutL0tC2St3bnTurnxHJz9Ot9uTUPa1nhUsQADGjP3U6ljElTHr3aN1Admatc5g2HlV3b4cjXjjgriah5ket0lWFwWbTgbDYLOtinuV58JvIfknsAFdV8xgo3vGxAQeiaZtXcXTu9jlZDoNNm6rJ4rbZsyuGWxheUVUpr7g0Ekt15OO63XWtfBBRGnc7zEceywtowJJJMZ2yEAqxss6h4D9hs1oCDaIGVdz1P3A3CZUyFsBf8AidsrPp2k8GnM8jfPIds+igOSbd6n5WmLWHd/lHsFRUbC6RoAy7KlXqV76vQTs0bBHtVNpLZNOS4j8t1UuhsezSQNxSNjDdypLdmgIcbQMDc/dHHCxz7NcTkkojaXHj1XkXUUzbv1MXh5LYTpDew916dfKn5O3SzEbNacryqhaZqmeuAAYSSMo6+smTVrc1FE+JodUiLGQFrelqaOa4tMjc6dwsxaotT3VBBIztlb/o+ic5j6x8YAJw1VbZtrZdSNVRR+JO3I2G+EbqB4jpQG+iNa4j4mtzdjsFVdQSyS1bYgfKBwue2bcpId0pROAfVuH1HDVqGMAcq+zxtjpmNY3AwFaNjxgrLbLdwCSIhgN/NSRyo8fDfzUgcrFMjCDhJIcJJTCQZJJJECdB7J44Q0slQgckY5QSTlcyfVJQgkkklCAUkkkAYkk1JXgi5HZDdz2QYZPEkfIRtnATKx+GtaDgu2Sp2aWj2/dHGOURrBJTV0EYXFaWAWNyV08JZCarKOEnKakuO3UIEDmtBJPAyvGuqa0XS+1VUCcF+B7AAD/RepXip+TtVVWD6mRnBz7Lxpzy9xkPLyStWnh7ID0+6sem6H56/UcDnYZr1O25xuq9bT4d0GZ5q2WLbGmM/5la7HtjkqPZ6CBpAY0eUcLpye64ONl1Ym93LNMehiSYkgDEkkkoUJJJJWkJlLcVvVFT8tZKh+cEtIH6LD2GINp2kDbk/daL4hVYitLKcZzK/CprW3TRtDR2C10ohIneSd0embiMOI5UN/mlaMqyaBHCCdsLdGIYuQR7KuuUwpojMcYCsXnAAPdZHre4GltU2DwulpanKaiZ9VbGmtykeWXCY1N+rJwPK52ycdkGmaXuMhG7jklGmGhuSV9G8ZVthE+R+Wty5T/bINQ7XNpC23S8boom6hjO6w9I5k1cBnPZejW6LwIY9uy36ueI7S/A17rPlZZNeTIG6eUcNwMIMOHbopePDc8/hXJPXw7I9SSBnKyNyldNVmMbjOy0txqNFM4hZWnLqm58bAg/umJ4M98i/oozBTsYRvhT2jO57oGN/sjY1ZCfUtxz7bMIqeq7rDarTNUyHOGk4BxnZfM8cklyuEtyqDqkdsXeq9Y+Nt7dR2gUMTj4k50sHr6ry2gh0wRMAwXAZXsPEafEVM+GfXfkvn1OzPETR9NUsplM+MNWtaCB64UK00raenja1uCRurCcBjAML1MP2fKbpOU2MdI4skkx2wrq0xtgtHitG7s59yqU4FGMDdz8K+gZooIIc7at0EugIvAaLAaARyF598T7w2nthpc4dISAQV6FMQ1ocTgBeH/E24NqLl8v3B/Zc/Uv7Gjo6GG61GEGcnKNTuzyUxwAGyZE7BwuGm0+T0zXCLADIzlcXWfSF0clXJYQOQbjoORurGkk8SEOzv6KA8N07p1FNoOOyyTjk6nj9Q4S2oso3EkhR61o0o7SDv6oVSM4WaUWmemX3RKWoadWAE0cKRUAauFHVpnIsWJsEnwk4x2CYnREDGTyhYUXiaDL3P4ayl9qAI4aF4Zxuva/hbMJLfoA3wks9X9OT2an/JtSDkI9O051BNcBkI9OASAkyWT6NBZKy+QscNWncjdZ6DZ2n0JWougBYc+iy4w2pLWjbKWngRfHEsj5Gt1rrAPGjPYlNmBJOERoxFF6hybAyArrGNAwOVSxnMcmR+Jaevia6mJO+Fm2sJldoGy2VnK1MfubPMeqowy5OdjGVVNWh63a1tcCBhZ5q6NB8n8tD4tVKP9xHsrq17sxnjCpsEK5tJAB39FqRxtTLMcF5Tx5xspzIgHsOM4QaRmoAqcG4Lc7J6OJJ8cksN8SHSQoUtP6hWlOwmMJktPngK8CN2GUdRTeU7KnrafSdgtTNDsRp/dVFbATw3CTbE11WmZljAfwusZkjZSp4P5m7f3XRHgDyfus239G9T4I7ohpzhAZkOLQVO07EKLIzfOEmaG1WuMlIurPWuBEZd9O4XoFoqmVNOASNQC8rpHuZM0tK1ljuLoahrXOwCsFsMM+meA8luhFtmzLPDO4yCs3dKM09S5zW+R+4/NatjW1EIkiOdtwolXRtmYWPbzwsslwexlD5OTG1EXl1MG3dWtlqs/wAlx3AyEKSARSvhf7gZVdl9LUB4JGk/ssz+xmdx+Pk1FVEaiPTjOdlnHudS1Bje3g4WooJWVMLX87bqov1Fpd4zAri/ZVkdy3IYMYjkaeSFYCQPVLR1GWCJx3B2VhA4jGUxvIFVjJErNhgIbQScFSowHDB/JBmiwRgKlyaV93IKan1sy0ZwqmqhLTkN+6uozgY5yg1MGRkNGSqksFWQyVMJLHDKlxzFpBG6BLCQRjZdYC3ndAxCWC1p5s4KjdR2Nl2oz4ekSAbJkMuggFWEMwIAzsVa7LuqVsHFnlJhnttSaapYW4OM9ldW+oyRuP1Vv1lY/Ej+eibxysjTTmLYLRE87bW6JYZsIsSswR22UOopiHZCfQVIkia7O/BUqdgc0EJwcXuRCjGD9lOjIc0bKEW4dlSqV2g7qDsDnREcKuu1OH0xdjJCuzh4wGqPLCDzwn12OLEarSxvhtZ588Oa4hwwVzURvnhXF0tjm1D3taNKp3tLCcrb8rlyeC1Glenm4yXBorN1lNQubFIXNA21Ar0mxdWx1bG5ma4fdeHF3sj0lyqaN4dBI5pz2K01aqyBwNX4uF3MUfRzKmKqaDG7KhVtO2TkLy6x9fTwFrKlx27re2vquguDQ172kn3W2Oo+RcnGs0FtD6KPqG2OhPjNGcHIK876jbJTVUV0gaGg7Px6r3CpgpK2EtBDmuH6LzPqmzOpfFp5m5jkyWELLqoboPBs0Gr2WYmVzK9lbSxVTAMloDvurFmirpgTucLH2usFBM+hqCdBdgH0Wjo6oQP8Mnyu4K4sq2z6T4e9bMB4DNbZxPG7GDut1abpFdIA+PkDdY92mVpBGxQ6SpqbPVCaAnwyd29kk9fptRJcI9B0qPLFnsm265QXCESRuGcbhSnNylSWTrQe5Fa+HsW5Cz9RFLRVTjGCWk5C1j4x6KvqKfxWmM455QPgCyv9EGkqm1OW7hw5CllmBnCppGzW+p8zCRznsQrSCqimaHNdnPZRSAh3ydc0HldaTGRtsnrjx4jNPqjDxgJtK3GFBrLcHxkgZU2HyDfujEa9glvoGdamY+opnscWvaoM0JB2b+619xoTINWOFQ1FOWndvCW+HlHO1FXxy4LPpHq6SmeKCueSzOlrj29l6LGBMwOBBDhnK8SqaZ8TjLGOD2Wy6L6se0ihrpdhs1xWmi/Mtsx+lvwts2beaDPAVfLRh2eyuCWStDmkEEZBCC+MHg4ytbWTotKSMzWUGDnSq6Sm0ncLYS0Yc0kgKpqaM5+n80EoCLaVIoHMLeRhPp6vD9L/AKeFJqaY8YwoEkbmbIMtMw21OPQe4W2CvhOANWMghZWopZqSQseCMLSUtS+F2HHLUesoae4x7EB2NinRm+znW1bikoapxa1jvsrMZ0g5VFVUs9DKWnUMKbQ14kaIpDuOFsrs9M51lJOfEJcDIVJNSz2qqNVTHSc59ldMdvscohayVul7A4e62VzwZJ0RmmmTrJf4K6NjJiA87Ej1VtPTAjbG68/r6CegkNTRkhmckDstH05f4qmMU9Q/DuNzwVrhdns5dv8ApvaybLSDcFmQqG72Vs8bnsbuN/dbDDSDsodRAHcbH1TkzNKCkYGCSrtUo8Ql0fG60EU8NTGJIiCD+yJcrW2rj0ceiy8b6yxVpjkyWE/kQmiGnW/7GikhG2yjTRZbghT6WaCugEkBB2334XJYC08IlHJTxIoamlBz5eyqKql07gbLVPp9WduAq6ppNtgAlWVKQmVWOTKyxaTwgsc4FXlVQnOQwDZVktK5nZYbKdvIprHZyMh2y6+nGM4591FcXxuB7KdDOHtAIWaSb4ZWcECeA8YQC3G2Vcvia5p8qrp6Z2eEqVO7kr5AA8uSBhOY9wI/yQ9Lm7FdIzwh5rG8PksIZwRjkovdVMchjeCSrKKqjc0AHhaa7dywxVleOjpYUzHClYBCYW78Ju0BPHZF0+6ax74namOIPspWn3QXsxjdTDXKJhS7LKkvpbhlSzI9QtLZOpKu3StqbVXOje3gB236LB6vZOikkicHRvLT7I4XSXYi7QxsXB9A2r4lWa7xNoerqOMOOwma3n7lTq/oOGqg/iPTtU2WN41ANdkheCU16c3DKhocPXC1/TnWF16fe2e11zgw7+GXZb+i0K3d2cW/x06nuijRz/OQSOp6xrg5hwdQUWW309Sc4DH+oW3tvXnSXV8TKW+UzaSr06S8/Q4+oPIQLx0LJoNVaKls0R3GHZT089GbLr4msGIdBXUZ2/mx/qm+Pq2fDj8sKXVtu1rfpkiOB6jZEpa22V48Os/kSeuNirJlPk5SXSej4Jc30cpUkdkvLS2ogbHI78QACm03Srqw6qeRsjOdTTlPn+H9yd54JBt2VQFytgveDMVnR91tT/nLNVFzeQGlWVk+IFwssjYeoYZWMGwe0K3FF1DZWA1EZliG2OcJkzbVdWeFVRNa47EPCdia5iwZThasWco3/TXXM1wjbJbK5lTGOWOduFs6TrKnjLWXWJ9M38Uzh/KH5r5yrOi6+2yiu6erXwvByA1xAVxaPiT1DZXNo+raFlbTjA8Rn1NHrumK1x4mY7NDCSzS/wD3PpSmuFNVtbLTTxyxuGWuY7IIRsA75Xkdl6n6eumKrpu7NhqXbujB0b+hadv0WppOsbrCRHdLeZox/wAWmZx90zejnW6Zw7NkueGAFXW3qGz3MYpqturuDtv6fdWQdkcI8macGuQOADsk5rXjD2hw9108ricLTxyjM3r4f2K66nMhEDjvqaMHKxtX0J1LYWCqtNS+WMHZuonZesJ7N26ew7KjRHUTXD5PJqLrW521whvdBKwDYu0nC1Fq6ms92A+Vq2Fx/CTutJWWi33KMx1lMx7O40hZG5/C+2EOlssr6SbJIIOyGUsDYyhZ/Y0DTq3Az9klhHjr7pt/hspzWQt5cBnZWNr68ts7vl7tqo5xsQ8YyVSeSp1tfjyavGURhQqWppKqNslNKJAfRGwRyE5RyhWx+xmcLpJPK4khxgEc0plRT01XGYaynZOx3LXjIT2DOU7T7pbWGRNp5Rj7l8LLLUTOrbDU1FpqTvphf/KJ92qhrbZ1PZCY71QC4QY/v42/h9SF6k0Y7pzJwRhwBHuq25Hx1DX5M8RrOl+muomCWhkbDK7chowQfssleOirvaSXxsMsQ3Dm7lfQF56RsN4eZnUfy9Qf+PAdL1na/o7qqiZi2TQXGJv0xyHS8hKnWpdG2nXbfxZ4FIzcsqIy0j1GCguoGuOW6ce69ZuNntFa4014o30FWOdTMA/YrOXLoySnBlpHNnj5Gk52Wd0HXp16l2YKWztlGWkZ9lDntMkPLcrXOtMzSdHlcFH0Ttk8OSMEhJenZrWrl+zFS0r2k4bj2QXBzTuFuZKSkmGJYw1x7gKvm6dD35YW/dA6maYapLszIzjdda97foeQrCstFTSuJ0ZaPRQzGW8jCTKLTHKcJkunutVCAwuLm+6sobrC8DUd1Q6R6pgc7OQNwqbaKlVCXSNUyoDwMDlEyDystDWVDRjXsFPpLrkgSnCsTKlrouHNQjkDCZHXQv2Dt0cnKuXIrrhgzJKwgsKMKxrPrG5Qy4N5GUORofgcKikH+ZbIRwjCR2nyuUBtOScg7pw+ch+luQqcUzTTe65ZRL+bmidqBJ+6cLs0H+aMKKyre4gStGyKZLZKAJToKW6kzrVeSsXskfxGmlwA/BSE0TnZDgVBmpKV+9M7OUB1urOxOO26TLT5Onp/KvOJF0X6gCx+PsVPpb9dKRojZUEgcat1lI4LjA/UwnP3XJK+6xnGgJEqMcI7en8tlJZweg0nWtwidiqijkZ6YwVPi64t8n1wFpXl38WuDT/NYMIgvJGNcGc77LPOjB1tP5ra8OR7BDerdUsbIydrc9lMiraWUYjqGOPoV4qOoGN4jePsVIg6pjhO5fj/AJlknp2zs6fzcXxJnspqoycHwxj0TnSxvx5gvLaLrqiZhrnv9dyrWHrOglIAmIJ9wl/xmdGHlany2b1rGEHCAYhk+X9lm6fqAzbxTgj7qfFeagYIIP5oHpX6NlfkKZFo+lY/Aczj2Uc2qkOcs5Q23mpx9GR7JC9xN/vaeYfYJL00o9mn+TVLpgZbEwnMEpYQostsr4m5hDJMcgq6ZXUsjdYkA9jsU5tVTTENZI3KBwkg4yhLlMzrmVMQ1VFM5o9RuEx0bJR9IOfVaaTQBvgqOKSmlzqib+SCVcmM4MxLbmOORTjHsVGltEBH04K1U1vjbvHkeyiPou6Fxa7CcIS7M0+2Oj80cjs9suK42G7M+ipa4emVoZKdrRhzRgoZpo2jIA/RVjAKpT6M+6S7RkawCfunC51IbofE/I5IVw+lD+Ah/LFv/wAxRcgupxKs14d9TX59wu/OMdsWn9FYOgaPqa39EKWnhc3S5rfyUK2Mha2vIwcJ7iRw4Jr7cxxw2QhcdZG4z81MP/EqFfFZno6185H1DHphMNQRsQu/w6dow2sOAoUkdyieWgNePUqZBk3H8kSHVJzuAmmXVtpG6Brrz9VLGffCWqoG7qfb2KgDl/YeaeN2+EI00eTkbLpqCAQ6CTPsFHdVg5zTyj3woK46wGNHTYOW/ugOo4mnyJhrYs7uI+6585D/AFlQTZ8fo5JCO2yAWY9lIFVTux51wPhf+IEKGZ4I2fdIhvBAKk5oRsSM/dIut52yjUcgOKIhEGN4gT91HLICf7oKfm3Hv+64Tbh3/dA4MGSTWCD8vTEf3YXPkoRuGYUrxaBp2P7p/wA1RgYDgoLUIR7ZANE0cBNNG0jBClPqoi7ZpICH8x6NKWA/jXXJH/hkBPC6bdAB9KkGR5GwTNc/cjHZWWlF+gBpIW/8MphpxnylGlFQ7AYM5TBSVJ3JwCoE63/Shgiib9bsH0TPL2CkClJxq5XflSFCfDKXoiaTnYJaCdsKa2IN7J5aMcKA/DjsgCBxKKKXbKIXRtcumWHs/f0UHRhBDBCPTC54TQdlx8+NgNlwVBKGSyTCXQ4tAHC54h9EXS4jIG6Qp3cuA3VDFHPQF4LiMDldZA127xuFIEOPNhIRZ2BUL+Ngfl242wueFjspTacn1RCxjGguQBxqXshNgc87hFZCQdhhEdPDEDk8KJLcT/wAoX9lfsmiMY4XDJDF9bseyrjUVsp+kgJwjfsXqFKe5/aiW6twMQlANTO44J2TmxDCQ0nhuEKlkN5l2zoD3DzHKcGN9Auamt9k3U47hu33REHp2w3CC0Pzvn9UVrSVCDNfm04TwCey6IzzhPDcdlCA8FdY3URsuukZH9XohPuEEXDt1Ct8Y9ktrQBjHCGXNzvthVlRd3u2iKgmtqJDgu2UAepj/SXsldBEPqyVCkusjgWxOCgN1OByMp0cR1bjlXjImVs5dD/mJ3OJc7IKZ4TjuRypEcQOPL+6kgANxpVKOSPL5ZEipvUIoiA42Rw3HAXQ0k4R7GilyMjaByF3HZFDPZPZCTyNk1QwitqZH8P1T2QgEORxEBvhMc7AQygkxm06GgDBb+67hv8AT+6aNhldOfRN2i3wLGE4NJ3AXWjDgiADCpvAaWRuAup6SWElk5gLqckeFA1Eahk4XXd0PBO2VCxF4CYGOlI7JwgOc9lIDWsbxujCjHJ2KAMbnCa+X0CY6WTVpZwi08TpiCoEovoFqdIdm4CPDSF5B4ypsFFgAkBS4og3sNlByg+wNPRANydkQtDRsiS+UAN2QXOGCMqwniCG68E4GE3UmudgrhkAVAZCA+pRNbfXZQZamNgy52FV1dyke0xxuIB7qLgVO5QROrrwyPMUe574VHNK+aTxHklcx3PK6oYbbXM4OF1JIbKhTkOwEicBN8YDy90B0mdt0cY57AlJRHySZ2CjuJ9V0k8kphfkcJ0DNbZkbnfKXiD0Q3/UkJgTwiE5yEBzhPA09kweXCf9SgWQgOUicJusAEqNPVAbYVN4FyngPLUtYMZCr6mpLh2QqicuOUJhJ3JQSlhCZ2ZBSPe85TUUgcoZ5SW8ik8nE9MT1RGcJwhp5cD3TFYtsSSYkqKcsCTclcTUTjkreEJGOUMkpZPqh6h6ooxEzsyOLgQcFR5SB3TtQ9UCU8YKfGJnssysHFzGV1JPSOe1ye0Lun3SauE5X0BI8SFSXAcpfiVvgg0jQN9lGkfqOyNVvxgeyiRAl2SlxeSBGtJOSisGMpNbsnp8Vgg5dz2XEkRBqSSSgYxJFPCam5BbwMT0kxQoekkmuSgxpIwmpJJUpZII8LMX24BmYWHur+ul8CEyeixNYXTTGRxyCVzdXZxtNmlr53M4x5ccY4UuMlwDWjdRom74PdWlvhBlBI2KwRi2bLZk2mjEFOM/UdyolTJqfgHYKZVuDGHB9lXEknJR9GddgiRg79lEeclGn2Gyj4OcpM5ZNUBwAwkQF0fSmEFQM4edkgO6Q5TwBhMCOjhGQkVQrOORLj/pK5krkh8qgKlu4Bk74yhrjs52TsFQJLkdyrmlhbBS5P1HdVlNA6eVrG9z+itJ3AEMHYYVJGa2XOABOTlRKjlSXHDT9lEGHZzuoi6wcmce6ZECOQiJ2AEDWRgN5wOVBcSX8qXUuAGx7KHGCXBJkssdFY5JUIyASEWQ7BciGBuFxx8ydBbVyDuywtOBgk+iGeURuzEM8qrHhFRhve04ASCFqelqMlmdPZZtjQTj3XoXSlMGxgloxpWOUj1XiKfksj/Y1dLC2Clax2xxlU9XKZpjvsNgraaQMhJOwAVRFH40+SduVmnLLPaR7wTqGI4Duyk1JwzlKnwG5Awo9VN5tGEMng1QWCOW635I3CvbRRay2ckBrf3VIzJOMblamnYaOh1HBOOyU2aqkuyLca0PlEUZJa0/uuyxlwjjaMueQoVMW1Fd5hsHZV5TQ+JWDSPLH5kmb2m+h7o5LVrRHC1mMYbjCo7zUtbH4ecuKuJ5N/RZC8VAlqXAHYbJTHTW1FfM5zn+XclbrpK1tpaL5mRvmk835LGWulfWV7I2jO+69Lp4/BgbCBgNGFlsfPA7R1/duHDaTWB5QqyVjqitLXHyt3U+eXw4XD1UShiLmGU7lzuVmsz6Or2Tp5WU9E9wwCBhqzTZNJLzu4kklW18k8Gk8Jp8zt/dUwYHFrNWDjlFEw6if3bUT2ziCglqiPMW4HspFvuXi07QeXcqqvs4prfHTgYc84wEzp7XPLkcMCz3LJVVko3KETcU3htaDsFFqpB4jvRMa9308IEzjkx5ySsU0ddsLCzOXkcrJ9Y1kjXinBw0jhaZ0/hMyRsAsBdah9xuEjictaSAEUUc7Vy2xBUkbtGrHPC3HTdG2it7qiRvnk3BWXt9O6ZzImtySQ0LbaNEEVMTgtaMpOps2x2haCnc8h6CInMhbs4rQUjB4bdIVZRR+Ru2BwrykjxEDhcS17pZPV6ZbYYZUdSTGOndTjYu4Wj6Jo4aW1/MNH8xw5KyFzl/iV4hpXEg6gdu4yt4xrLZbQGjAY390ge5ZMj1xV+NV+DjzYwq23xtbTZGxdyVEu1XJV1r53HOXHCn0QLaTUQrawJYOQ+LM2BgJ3WnhApaRplIGluSVmrY3x60nHCvLzUCGj045GFRUeykkLqmZzzvqJK1FnpyI2l2OAs5Rs1Y2ytZbGkwDbsEm1mmtE4clEKG1E7hZHyzTEyPxFrXstkdDC/eZ+4HosuyDwKSNjRgYGVa9TzNuN98FmSymGHHtlRHR+LMyEHDRynwWI4Mtkd1hOomNbHHG0fVgL1S00jYKOKIDA0j/Jef2ChiqLpBE8ZYxwOPVepRQtGGhuwWS+XobGOCZC1sMGt2wA2WdqW/M3MbZCvquYR0rmu7jAVXbovEqA4jKx2S2oaXlJCI4wAMYCljlMDcDACIAcrFJ5ZaDx8hHHCDGDkIw4SJFD0kkkkMMkkkjAEkkkoQSSSShAKSSSAMSanJqJAsSWM7JIc0wgbrIyBuoxkOiHVPL6pjBuGuyVPGO3CrKZpc58p3L3agPRvqpw+6YWEyVxJJQobkriSShGsjjjB3QTyV3B/qKGNyASpFAJYM717UCO0il1EGV2dvQLzMxkADGy1/V1aa2qrJGvzHTk0zR/jHKy7AHYHsuhQsIEHFAZXBoGcr1HpqjbRW2Jhbhzxq/JYey2uWrrY2N7n9l6TC0RgMH4QAiullYLXZJbuk4jSdwuN+k/ZAJOeVlNGcIM0+YFcXGHKR4V5KUsiyEshDJOUsn1UyRSyHyPVIgnYIAJzyjt7I4YBwmYH4hVLqi40drjbl4IcfQKVRwCKENxjAVTd5v4j1c8Qj/s+z/urpxOwxjC11LDLIMX8yvLRwNlaSHJACrrWwvnmnI/GcKZkmo9mrfWiPhD3bDJPC8t+JNdJ4sVIHYa8lzvfC9Jr6kQtDjx3Xi3UlW+53aWYuJYxxYwegC7ni6d9h57zuoxTsI1FFhmpwx6IF3PhweU87KxjGmFox2VHdZzKXQD8K+i+PhjCPlnkrMpxD9KQMnuTfEbqxuvRhhgGBsFjehqZofJO9uTjZbIkEDCRrZZswjveDr2UJkqDJjDiOV15JjLB+JPGBAwD3ygncgLBHs9GksFVe5BDS4cedgqqx05kndMdgP3UzqiUBjYhyErMNFIMjlO25MNzy8FhwTvlKaRkMLpHkYHZM7qq6nqzR250uThbtJTvng4Hk9ZHT0yb9HiPxHvAvnU7YIyXRwZHOw33UWihDqyFjBs0gKA2VtfdKuua3yuedP6rS9MQtfWFz25xwvf8Aj61VUj82+d1ctTbOcjVRMLWN23ATK2URRalLeQMDCr6yRjp2xH0yug3lYPMvkksYXU8Qx3ytEBppId+/+ipIW4fHERlX5b/LDfRJsZUFyV12qCykeRtgcr576jqn1d2mkldkteQPsvbeta4UtomxtqB3XgM4e+Z0rjnUSVztQ8cHf8ZXzuBycILNnkosnCCO65FjWTu9lhAQ8copGO6h05PqphOkZ9VHyLYGUk7cJrXaHDG6K4ZBKjOakzQVMtkslnTzF+EWR2tu4VZST4fod+SsWPBGw5Wdx5PV6S+NkP7lfVghw+yhuVlVAYzjsq1/KWhF8cSbBHhOj2eBlNPC6w4kyUuwCPZJkadGV658I6jMAYeMLyeXAZx2XonwkqSDoxv/AOqDGT0Hgp7dSj1+TlEpP74Z4XC044RKTGrOOMpU/tPqMJYIN1Gcge6yj36KgnHdbWsgD35IWQuMbYawYGAXJQF/WQgGp4bjkLuNDC4Nzp4CdGWmdrR2CcRyE2LMb5QdzfFoS4DJIWfLAwkYwVo4MGnDe2CqG4s/3g4C1VnN1cdq3GG68pYDEJg3f1Cw7BvyvROsoDJbw4DOCV5w0YK6FMsM+XfUdezV5/YdwACmWtxwd1DHClUJwMH1W9HmLI7uDaW0aoBkKc+MgtPsotmaHU4yM7KynjHhA43TorJwr3iTiS6JhdHnCLLHhEtIaaX1R3xk8BN2rBjcmnyVckORjCqK+DDfpWikhzuq+th243S7K8j67OTIVUIDwMYCE5nlVrXwYOoNUMx7LLOCR0I2ZRDZHyMqPJGf3U8Mwd0CWMLLND4SIYeYjqG6uKGUSxteDhyqpGgjJGUa0yEVIaTss868o9B4jWSpkoyZvemry6F/y1Q/Y7BxWnqGAAOHdeexEtIIHHC2VkubKymMco1OZgDdYrK8H1LxWt3rZYyNcKIPJma3jkKjq6UyMJaNwtfUMGDtsqqso485YN1knH9nZtrUo8FPZriaZwifuCcK/q42VdMcDkLL3CmdTvMjdg4/oVd2Ou+YpgyQ5dGNJSeuDHFbftZQSRmmqNJ4yrKF3lDinX2iwfGYFBgl1RDPLdimCN2yRbwz7gEYUwxiRoKpIpi0gEcK3pJ/KARyobKpJjTEWO2C66MPGAMYUnRr3wmHydlDQ4ZRVVNOWOyWqGBzsripiLhsMqD4YBILeCgwZrK8EUgghSqeXGAhyRgcIIJjOVFwwX0WsoZWU76eQAhzcLzm92ma01RJHkeSWlbplUW424XLvaxfLXpbgSs8zSmxeTm62j5INow9srzG0g8ZWjieyeNrg8YIysZNDPRVLoZmFrmk5BVzaq3QWguOAm5OTU3W8Mt6iPDguR+UghS3t8WIOAUTSWuOUw2xaayT4PME98QPZRqabBAIU4eYDCtPA2Mc8sq6+kZLERjcrJV9AYidI7reyw5GCM7KnrqHxMkDG6bG3BzPI6CN0W0jDTQOafpxn3QdOOdsq/rqLSchoVZLSlx9FoVnB5G/QSg8RIzMb7o8FXPSu8SCZzD7FCfCQQcH9V1jHA7p0LcGOWkm+GjR2zrevpCG1DyWjuCrqfqSgvtGKeocGv5a/wBFhxGXbhqJHAWb8Jj1PpmaXhoWfclhgL3SmGfxWbjgkKZbKozQAOd5mbLrvPE5ko1DG2eyhxNETthhZbJLHB2NJGWmwjUW+q1jw3uGRwVZaGzNA24wszRTkOC0lskDsZO6xS7PW6O5SSY6hnntdSGjIbq7ei21LVR1LQ5nGFmxEyYaXMBRaCV1qqMuLjC/YjPCo71NjNG9u3Kivi32GFKZIyaMPjcC0jYoTm7pUo5NixJFbXUYqItHpuFn4mzUFWWybDsT3Wvc33VTdaFtRAQ6PLuxCVJMTKOOhRy626scorQqKiqpKSUUdW7/AJStDgaQVFLIKeXyMLSeEWnlP0Oxsmgn05QpmO+uPYjt6oh7iTtDZARjCqblbQIzK0bqwopRMNLjghGqIvEGMoUsgzrjZFqSMXLBjbSqmogmgf40BILTnYraVltBGWN7KgqKYscWuaFbhno5F9LrfBpei+qxM0UVbJjGwJW52cA5pyDwfVeFSia3yiogzsc7L0To3qplbGKWpkwRtv2KfVdJJRkadNquoTZsNJKiTUrXgqYHB3CRGRhanLKOnhMoauiAPHZVFTS+y10tO2QE47KsqKI9glGe2nJmJIC040/umRyyU7g5vHcK4qKPPDQq6amIzsoYp04COjpq+LL2gnH5hUNfapKR/jR7sz27KzjL4JNY2HdT2y09ZGWaQcptc8GC3T7uDPU1QSQHY3ViwZblCuNnABkgyCN8BRKWtdGPBnBy3YFba7P2czUV/G8FmQCMEZCp6y0vbKaijcWnnA9VaMna9ocOCiNIPdalNHOvpjNYaO2DqAyYoq46ZG7Bx7rQOAcMgrIXW0ukb81THTK3fZFsPUb2PbR1uQ8bAlaa7Tl2V/EzQSwHO7P3VfX2yGticyRgyRsfRXPitlDRgb902SH0HK1btyAlFTWDzpnzvTtd3MRO/oQtXTVFPcqcTQuG/I9CpNdboauIxysG/BWTkdWdM1oc0F0LjuOyfBmOadTT9F8+AtcQRyo81LwQFa0tTSXalE9MRqxu30KD5dXhPGnHBVhKSkuCkmpmnOWbqnq6TfYYWqrKV8ZyRkeqqp4A7tulzgpC7IZMrU0hachv7qL5oiDhaKppf8Kqamn7ALBbTjoztY7GQ1GcAhFcxsrcjZQXNdGQUaOpIIBCz5ceMCZLIOel08BQjG8FXY0yjhRZqbbYIZwUllBQs2dlY9uQkxxYch26NJCQeEMx+pWdpxfBo3KaJUFSdQEjshTg5ruCqfPYBHpqgh3m4T67f+Zi5QLHT7ob25GMo0L45hhpyU98DW7sbv8AdaE0+haiyCITjOnP5oRadwQrFrA46cYXZKUEAjCHA1Rk+ipIcCjw1L4Ts4/qiTQaD5m/uhiMnuqTaJOD9k+nukjSDqOR7rYdN/EevtQ+WnlkdC7A+rIH5Lz0jS4YPCPHVDABCfDUbezFdpI29nuEXUUdzpnTiNlYzG8bQMhUlS6yVRJbqp5O7HjBC83ortVW+US0sj2+oBwtLR9R266hrLm0x1OcCfGG/Zyd8ymcu3RSg/tRpKa5XmwuE1sqdcZ3wHZC3fTXxJo64tgusfgTDALsYBXlrpK2gc2QSsmgfs1zDkLklxgkIJj0u7kJsJpGG/SqXa5Po2NlLXQA6WyxvGQeVW1/SFnrGES04BJ2LdiF5H071pc7K8fL1Tnxf9245A/Jeo9OfEOzXUNir5BTy+vYrSpJnLuptqeUuCpqej7xQa3Wyfx2D6Y5CqV8kDXuob7bzE453fHho/8AEvZRR925USutlLVwuhq4mvzxqbnCP493YmOqdb54PE63oKhlPzthqXU03LXMdsf0XKDrjrjomZsV6gNwpR+NuzgFu6r4dxse6osFaaGbOfCxmJ3/AIeypK1l4tw8DqWzltPwZ2jW322QOlLmJrhqoWcWLci7stR0j8QGfxOgmjt9wGMiAeHPn23w7hXcHUvU3SMmrqEC528bGqgbplYP8TDz+q8sk6Xoq8C6dO3U0Va7zeJG7yv9OOFdWb4o3uxu+R67phLH9PzY31D3GEULEvyF2aZf/SeY/p9ntFl6ssXUcIms1eyowMubw5v3HZWjZPZeUVPRXTnUWi99OXP5apeNbJqGbTk+4CJD1Z8Q+jniPqKk/i1vbsJYxmYD1x3TVb6Rz3pYt4jLn9M9WwVxZ/p3rvpjqVg/h9xaJvxU8nlkB9MLQA6j6IsmdwlCTjNCzhcwE7BSIwoLGOGeSqa7dHWC8scay3xF7vxhu6uxsnt8wIKJMJSlH8Tzip6AutoBn6bukm24hkcSPyQIOrb/AGJ/g9S2x5j48Roxj3XpwZjJDd/uhuo4pxmZmrsmp8ZHK1v8jMW3qaw3YBtJXs8Q/hccfkrMggZPCq7p8N7FXZfTMdRT51eLT+VxKpJrF1707g2+R12pwfK2Y6ZCPtugdgSxP8Wa9JZSl6/oI6gUF8pJrbUbA+MPJn/mWmgqIaqNstNI2VjuHMOQUyLTBlW0goJHHdJIgjkJKYQtwC7N3xwnRy52wmrjW6e6UAuBVVNTVuIqymjmj3Ja8Z39VQVvw9sVS50lPJU0pO48N/C0CMDhD7GxunF5R5bdfhTdADJbauGrzktGND8eh7FYW52e62yR0Vxt0kWDjVo5X0a0aTkbFDqqeCridBVQMlY/6g8ZVOOUaqtdKL+4+YXU0ZyBggoXypbnS44/yXuF3+FFkry+W2E0kzvTcH8liLz8M+o7O5z2wCoY3fUwchA6jpU62uztmDkYSNL2agVDmoqaoYWPp2j3C0L6V0flmiDT6ZUKanw76MLNOjJur1Cf4mbqOn4tBMTsOCrXW58WQ+M59crYuZjYoT6dk3lIBSHSa43tdmMNONwWn9UEwjfutjJaY3DLWAqFUWd43bHj8kmUWNjq49MzbHyxnDTjCPFcp2YD3EgKfLbw3bQoctFjgJbTGQlCztEuK6wyAB/6qWyWB7fK8HKohTYOwC4HTwu8oKpvBU6o/wBJfgSjeMalwyVjfrbsFURXWpjIONh7qfT9Q0zsCpUjJPsF1SXoK+YH6hhM008u+ckKYyvs84DTtlP+Ut794nA5R5QCzEhx+Q+Q4RfFna0YkRBbT+CQnPGSo8luuwPlaCOyJvIxXST+1hhU1BO78hdJL9yoOqqiJjlgdqHcBI1ro8B7XAepQOCkbK9fZHhh5Itf1BAfSdw1EZXRE4LgjtqIiD5v2QTpRsq8hjmRWvpWnluFGfQRYzg/qraTwcjBXBEHjyoHpkzbV5VZ4KCSiIPlH7oDoKqPdo475WilpxjYKFNSOKXLS5NsfK/3INPca+DbxiPzU2HqS50xBjqX/qoxojygy07wNhlJ/jYN9PlcezR0PXF0iwXzasepVtB8StRDKuEEDktC8+MNU3iMkJoEncLPZSzqVeWn6Z6xTdb2KobiSTwz6K0jmoqpoko6nS/GRh/K8SYcHAblSG1VQ0YZK9v2cUl1fs31eYl7Z7L49SNvGcfzRIK2rjfkvP5ryGnv92pTtWyO+7irOj66ukD/APeAJ2f0uS/jibYeWwerfxWXbLgntuMDuZhn7LzNvxAc4jVRMb9gpkfW9CQPEiLD6hKlSn0ba/MHogmp3jDnAg+yYWQE5a4rCt6zonfTMfzClU/WNO1w0VQb90idJoh5bca50bQfKEySMAA4VE3q+mIGqthx7lSGdR2x41GthyfdLde00x16l7J5bEdnsyPumvhoCNyVBPUFsJx8ww/YopuFCWNealgDuCSg2DFq0/6hSxwA/wAoFMLRjlO+bozxVRf+ZL5ul7TsP5qbC1qk/YB7HA/U0/YoL2HG5Ut0tMdhID9kF0lOOHhBKLZf8mJFcCDwgnICmGSD+sIZkpzsXD9UWzKKnZH2QDPg4wmmYHYtyFO/3E7kBcP8PA3AVYwL+aBXGOlcd4QnGlpcZ8EI5ktjScvXDU0Dd2zgfdTgj2e2iKaSDjwB+SGaSDH91j8lM+ftoG9VH+qC652xrc+OD+SmRclR7aIpoID+AJhtkHdoT33u2NJxIhnqGgH0O3UEyenXLY3+FxE40DK7/BhjPhAoZ6iiBw14whP6l1ZHhu+4Kgp26ddBv4Nv/dD9U4WqAbloUF3UUv4Q77ID79VuyBG5QCV1C9FwKKnbxGNl0wMA2Df0Weddqxx+l26Ea6udyXpYD1EP6Il8+FgJ2QdUbTyFSiaqJ80pRDrcN3HJUB+VvlItvmadm2ofquOrKcDOr91VtoppXDG6PHbZ8KBxna1wgslfTtONSjPuzs6WnI+yNHanO+tgK6224dkQge6hX+syMauod5hx9k3x6p22rIVm2iYB9PCKymhGCGKFqqUu2VghmkG43RIqCfkgYVo2FuPKxPbFUEbQ/uoOjT+0QYqBh3kGcIrIqZmwj3CnMpX6fPgJ3h0MI1PfgoZvA1xgkQnQg4LGpCnII1Ls9zpac4aA781AqbwZBiAYyllKdcPZYFsUY85Ayo01XSQ/QMn7qtMtVMcyHC4yl1HBPKguV0v6CQ+5y/TEOQo2usmcSdwVIZTtYRndSWhrRgDCgKcpfkQTE9+NY3T2Qb5AAUkgOTCMDOUOAcpMc1mluEPXvwmmUA4TPFycaVMFqzA9dG65qB5SOwQYYxWNhGwsO5G6IGjgBRzOG88IL7hHjZ+PZHgp3RXZNGhvJGyQqIGDcqplrwc6HZKjPq537HGEe0RLUxT+0tai6RxnTG/Cim6TnOFXuaXHJTmt1KYAldKXQSSeV5yXlMDT33XWs3Rg0HGArcRUpOXYFkfsisg0uGRyjNjxjARY4nOI25VxjkiQOOIY5RGw44UmKnLuykNp25GyNRwaIJkZkZ5x+6dpI7KcIGhv0pvhhp4VY2jAAh9kQRjHCJqaOyYZGHZpypKWQcpDA3Sc5zhIzgbaUzfK6G55R4yELxyeyYGnKM2LuiBoHZFGJATWEkE7Inhtxkj913UPRdMmRjCuSyQYkkd0krog9cOy6kqDicBTXvA7hNc7GwGSuxUznnVK3Csalng4GyPPlbsjNi0kFw3+6ecRDAQnudJ2woRQx0de9oAACY3VJwESGinlIICtaS3lgBc3fvuoNjW32Qaege7Bc1WkVLHGAQN1IjjY0YDU7T7qGqFWOxgYAAB2TDgDOU97g0cqHJJqKhJJRHSTdsKO54z9QTZJAByoMkvOFDLOaJE8ga4bqNNXMjbgqLUTl2wJURwLiDnKhmnYKpqJJH6tzlD3JyUdunBy1DOD2UM05ZfIhwmrmQmqhI9De8N98pPkLRxygEknJTIoROZ0uJXEk1zgAiQqyQ58gKjSP9AmySjVjJUaR5OyLJlnZnokeLnbbdNjjc52yHBE9z/ZThGIwPVGVFtnWtTXyBo27LkkzWg+ygOqMhwwqLdnokTVBGwIUGWZzzsmvcSc5XOQlTbEt5OF2eQlgroGO66rAcsCQV0jCKoUBXXDA5RUGQ5xhWo5IDwc5XNW2EtW+MLhCHYLbwcO64mnlJTAqU8iXMj1SJHCESQeVYErNoTOyjuzg78JznbbnKEeU2MTLOzI0k5XM5SST0sGeU2JJJJWJbwe2cpOS1eyTV9ASweLOAEHJTZXiOIuRGtBGoqvnmdNJgbAbYQN7nghxpklfqceUYABDZsMYwiI4xxyQMkkkmkHJJJKEEkkkoQakkknEEmJJ6hBJrk5NcksMTlzjcrrlGuEwhpHvHZZLZ/GshRi5PCKC+Vkr5fCEg0g8BVBGUp5HTSue48rjVxrJ755OrStscBImHOwzlX0EDIIRjkjlQrXTbePI3OPpBUuqlGA0I0sITOW6WCNWSlxAUZ/Cc4kuJQJ5A3AS7A4oE85dymYHK6kgGCTThdPCjgO1KBBcb7cJ44SA7rqMY2FSSTFCpS2hlHnO4RAcqNKRsoChAZKJsQNk1n2RKaLxpgzPKgcnhZLC3xmKJ05GNWwSky459VInLWtbE0YDQorn7HZFJYMb+6WQM7tAxlRQc5RJ5Mu2GUMHKAfCODqdJwmrkz8BVN4QzGWRKlxJAyuwAZQZN3KTTjbcLKuWG1hBsYACbGNyuOT2psWxTOuOwXW7vDPVcyF1gyQpY8o16WOZ5J9spGz1kbHfTkL1K1QRRUrCxoCxHS9tD5xK5uQQt8zTFGGNGwWGxnuvEabbW7P2R7jLloYDjuUy3xO3kI2UercZJBj1VrTNDYWgDGyV6O5GPOR2rDSQOFAja6oqtztlS6p5ZA4jnCZRxeFT/MvHIKWzZCOSTa6PxqzLvpiOSpd5qyzFPEd8ZOOyNZYvDpnSvGC86iVW10onqHyAY7JDY+KxwS7JAXMkq3jYbN9yr23Me1rpnDkqst7fDtmMfU7/VXjC1kTWgYAASZPcdSiO2CItXMWkjuQsXXSFsrj7laS7VXgsec4JGAsvpdUzZG5zslvouf3NRNJ0bb5Jqr5jGA0ZK27m4OFVdNUZp6LURjUBhWpfk4xwssnlnRohsgQro8MiDW7k9lIhjbHGwNGMAZVdKXT3HQN2s3VhK4xNyeMJeMj3PCyUN2kdLVEOO2EKhY2SqY124G6BM8vme5zu5Um2Nw90/Iarawc5/fNyKfqeV8lxDSfKwYaOwV30wxsNEZQ3zPO5WVmmdXXNzCckvwtpTxtpKaOFjfw7rJcVoZfLa7H64LGOXSM42TIf5tQHH6UiPDoMkblEo4c0nint3WY7T+4g3mYQ0pI25WFpneJI+TGA5xwtF1fPI2ARMdjJwVQ07A1rccI4vBzdTPdLaX3T0BkqmOxs0rUPBM4we4VTZImspfEDfM48q5oo/EeCd91zdbLLydnx9ShBMt4GElrGhWcsraOkc+Q4DWklRqCNrpdxwq3rKrMFLHEOXkn7rlSeXg7kMKOQXSdO24XSSve0u0u8uewWu6jro6e1vDti7YKn6MonwUomeMB4z+aH1rWxODKNpy8blRdkbyjKgeK8H1KupcR28NA3VTR+edseOFe1MZY1jAMk7I5L9C4Pk7YKdrWmVzfMTygXypcaxsJPkAVpC0UdEXbHG6zXiOqqt8z8kZ2S30FHsubdG0hgI5O61tKWNgaGtws/aoWOLMj0WgIAa0DhYrZZeDVAP8Akh1MgihdIeGhJhxlRrw/FE9g5dss6fPA30YuJvjT1NUB5ZHkhNpox80559NlMMYp4sAdkCnb53EjkJucIDHJreiIY5K2SR7clo2XolIATlZTouhiht3zAHnedytVTtPK59kt0sjF0R7zIzSIW8p9mgZjxCN1Er3iSpwO2Fb29jY4dgs13RCWAMbojQMpiIOVjfZbJDQAE5cHC6kzWShySSSAMMkkkjAEkkkoQSCjIKploSanJqiIxJJJKyJZEoF1l0RtiH1zeRv3U/IHKpXv+ZujpHbxwDQz/mUGEunaWgNPIGEccoMWc7oyMthQRoxlCPKSShBiSSShBKJdLjFabdVXF+MwwucCTgDClFwAWP69qPmaei6dbkOutR4bz28Joy/P7JkYoksJGekhkj6Wpnyu1S1RM73HlxdvlQKamcQtP1tEYhRMBABaMgBV9HSlwGG7lba3hC2uS/6aoTDCalzcOI0tV80kOyd0GhhMFHGwjzAZRkE5ZKj2HD8NIPogB252T3DPdDlOiMu9Ek0oLGcjOV3I9UOn2gGeVwk55UA6HJJJKAnRslJN4Mbn44GU1yh3+cU1nqpjyIyAnVrkJGKspFTdqyqIy6SVxJVrXyGOnfp2OMKu6XieyldUSAan8eqm15aS2M/iW6CwQfamFlMSRu7dFDtJJIySnwjREAR2TT5N8cLZUslN4KDqm4R0tBI+Q48pAXlccZkeXnvutl1/WNe0U/4nO2WUhjw3jhex8Rp8RU2eK83fltA5niGMk8ALOTOL5Hknc91c3ibw4CwclUTHFzmg9yF7OhbI7kfOtXLfbtNz0pAIbeJO7itDAfNhQLfE2Kkhja3A0hWMLMHUO65upe6WT2njatlCRKJOgIMZJIz7ozhhqCzbf0ystfZ0rHwZfqGQ/PeFyrOgj00rB7Klr3GovGojO+FodoohgbAYwtEFk51sscs7p91598Tr0ae11ETnBo0YC3VRVeFTulxuBsvE/ifchPEKV275JNIXe8VTusyfM/q/W7aZQzjJlrNG0UbZBsHnut10tStbAZSBnCx8EDWRRwt20AZC9Ds8TI6KPSMZGV7iiG1YPhWtnmOA8w2B9N1WRAVN3jixtkKxqJdJ2GVD6ej8e8OkI2ZlNZzYLBcloF08MDZoCtjkgjhVlCBLc534zjYKznOABjskTGwSPNvibdo4be6lJ80jtIwvI/wlbP4m1gkuZphuWuJysW1crVSzNo9N46G2sC7OCfZR3fUVMI2KihpBOVzLXydNrA+KUMOPVWDHlzQSFVZHAG6sKZ2qJuo7q65Z7E2ZCkYBKA/uFId9JQXg7+6GYKZGHllaQraBwLBuqp/1BSqOTtlIaOtoLNk8Euduobeiq5QQrY8FV9SzOdln9nVtjnkgHlIeqThgrrcg5whayJi8Mns/mUoJ3cAtt8KZfCu/gnYAA/usPRDU0t9itP8AD+bweoBvyP8AVLSydrxU9uog/wC59CSOGNguURLpHY7FcHmja71aClRZFQWZ3Q2I+qw5wEqGb7LI3xoFRkbEFbWcaXcLJ9TQ4IdG3jcpAzUQ/wBLJX0zzJUhxPZTHg4KgWw5qBnurRzcvcwdk6Kwc2KyNgzo+ygXaAZEjRyrOn8rxHjlDuMILRgcJ0eDNrIbqzEdTQmW2u2zjK8qLS15B9V7NdoRNRSMDd15HcYvCrXsxjC3VHzT6oqxKMxsXBRYDpmaBwhRcFEacOyunHk8azdWM5hAAV3VM/kcKh6beHeGFqKmLVAQBlaYI87qJbbDtkB8HTzurMRNOVW9PHL5IiFcGMApkY5MF0tsyJJCMbBV9ZBtktwrl7MqJUQ5bkNVtemVCZlLpABHkN3VS2PygELSXGLOdtsKjkZpeR7rFav0dKmzPZCewNO2yjTs47qwmj3GN1GlbsNllcW2aozK98Z0ndBpJTBVNeWkjPZTXb7YUCoYC7HGUvbk21WYeTWU7hMzU0g/mpFLVS0k4kY7A7j1VPZKoYFPjtyrSUFpGAk21HvPCa3fjL6N1TTQV9O18bwXEbj0Uaopyw7hUNhusVJVBs5Ia5a5zGzsD4iC07ghc6yvB9I0t0dTDKM5WUXiEgtyDt9lSROdba4chhOCtnJCAd28qmvNpNRGXxDDhuQsko5LuoaW6JIqNFVRF+M7LMMPhTlvbKu7DNpzRznOR3VdeqM0lQ4gbE5CH0cq94i5HHYOMFTqKfBDSO3KpYptTgCp9PIG4OVYentNFEdQ5XXxZGcKJRTZAGFaRAOAyFDs1tSRDMW3GMKDVQ482FcPjHIUWaEPGMcqm8EsgmUud9JCFJCecKVURuilO2yQAeAqSyjJKGGQ4xjkKdTTmNw0EY7hCfEcHZRfNkqJ7RM4eiH1d066qZ/FKLDtIy5o5WNp5nRbZwRsvT7dUCXNJMQQ4YGVgeq7LJabi8sB8N51DbhNi8nD1+ndX3xLWy3Hx2mCQ5cBsp00GrBCx1uqXQyZa7BWwo6ptZTB3cDdNRmouysMG1pa70VjSODhuoTo9/RFp3hr8BGdCEiwLRg7dlCkjyDkKwYctymFoxwrXY2UVJGcr6IOJAb2WfqICwlrgRvhbeqgDhkN7KmraFssbiWb+o5CZ6OVqdMvRmHQgn6VwRgHOlTXwFjtLhkpulv9KOMmzkzp5AtY0fhXdKN4OO66yPUmZbA+Mj+Gf6VHkhIwQ3j3VkGdgEGaIjGQgcgXRl5AQuwQMbq5t1Q6N7VTABpzlToniQac4SJS5NWnk4SSNnb5GzN1BTpIGyxlhbz3Wes9YyMthkdgngrWQAANyOyE9NpZbytoq2S3zeFJnwieD2V9G5kzA9jgQVDqqSKpj0FuD2I7KDT1EtteYp2uLM8oZSwdGGY9l09m3CjnABOlSYpo6iJr43ZBTHNB4KW1kJ8ozt2tvjgyNaNvTke6jWq5uYfk6p2S04aStHJFntys/crFI57p4CPXHdLUcCJcPJctIIwGpFuVV2O4uLjR1By4bAnlXj4wBnCI0QnGcU0Q3wOYfGi2I5HqpEUzZmgjnuPROaDkghR5IHxO8WPjO4RxWQ8ZJJa1wORwqK5UYLy9o5V1Cc7kINRCHjCtIzW0qxGPqqfzfTzyqqN1Ra6oTQuIGcgham40vhvwWbHhU9THqOCMofeTi3VOEjedI9UR3KJtPUSASN2yVqw3I5XhbKiotVQ2opiRvuAV6d0p1XBdIGxTPAkAxun1zz2dHRarP2TZoXNwSmPjBB9kY8IOOU7s6rwiFPTA9lVTUmCcLQOaD3UKaHI4QyeBM6VLoz09Jg4A5UNjX0kwkBwO/utBNSaznCgzUhIwQhTMdmnxydpZYK3MWQHBVlyspL3FrdJ9uCiyRPhcJYhpIVxba+Grb4NQAH4xumwsMF9EZxaaMJFM+mnMUpIwceyt6ebWAQeFbX7pqOpiM1O0axvkBZUNqrXKBMDp4WuFmTg6imVb5RfteXBVV1tbZwaiAaZG77KTTVkNRsx2/opWsErTGWDnXVKaKqydRS0wENYS4sOnJ5wtrS1MNVC2WI5aRlYi62yKTNTEzDu4CJZr6aACGbOAVsqtOe4utmyfGOwVfc7fTVsBhmYDng+isKaoirIhJE4EEJskRYQ7C1qWeUBNKa5MDorumK7LS4wE/lhappguVKKqncC7GXAKVW0EFwpzBMwbjY+iyrPnem6zSSTCTt9k1GNxdL/sX9FJ47THIAcbbqNW205MkJGnnCI5rq1grrYATjL2BSKOqZUDS46XDYg8go2gt6aM5UU34dO4VVUUbzw381uq2gZKNQYAcKjnonsJGEqcMip17jIVFI4HOnChSxFhBxjHutTPRtecgKrqaIg7BY7aV6EyjgrI6h7CAQpJla8b4ygyU+nfTwo4kLHcJG3aIlEPJFq3A2UZ8enfT+6mMlD2gOG666BpAcEtwUiRm4srCXDOWoZG+QVYywDGzP3UJ0Th2ylTq/RoViZ2OWSIgsdhWVLWawGyOyVU5cc7YXY3FpzncKoWOHDJ/dF+GAjU08J7ZCCBpVVS12ggSu2Vsx8dSweEMlaFONi4CVjXQ7woZW4LdyodVRPjGS3AUoiWI5czCMJmyANeMqRjgLdvM+WnJGEEhzTsVoKuhbIMws3VTNSTRO8zVUlkFwkuwLJzGRkKSyWOUbOznsohAccJBhYRgcoVJoGVaZawXOuo2eHDOdH9JOR+itKPqKkqMRVsQjd/UOCs2yTOAeSjugbpBI/NPVuOxD0kZcs1vh+I0S0swcPYrkdVVUz9WSCFlqeprKMgwyEAdiVc0t+inAjqmYPqnw1UOsmHUaVrhI9I6U+Jl6s2iMVJmgG3hSHIH29F7B0z8RbB1DG2GpcKebg6uCV8xFzfriJCl0lxngc10chBG+xwVsr1COJqvFxs5XZ9bSULHjxISC07hzTyos0D9BhqYhLGRgtcMgrxHpb4r3a0uZFUTuliG2l5zsvYOnviL0x1GxsPzDIpyN2u2GU6NqlwcS/R26d5ijPXr4e0VW41VkmNHOd9AOGE/ZZe5WS8UMZgvVtjq4BsS1urC9kqKJn1RA49QoroNWc8j1CvYmZ4aicHiR4NTU9w6dq23Tou4fLygkup5clh/Lst50t8W7Ldz/COqaQWyuGzw8Za7P8Akra89F22v1TQxiCbnUwYysP1D0DLUw6Z2MqNGdJAw5v2KGUHA2xupu/Pv9+zeXj4b2C9vFZDmmlcNUc8JwfYqoZUfFToclkT/wDaK3N30k6Zy33dvwsDZeterugnto5oHV1uYTpicSPD9fsvYOlOvunOqoXfI1vhzMGp9PKMOaPXlWpMllN8XlpSgwvTvxZ6cvMgoa5s9rrc48GrboyO2DwtxGYpoxJDI1wIyCDnKyF46OsXUbDHcKNrtXJAxn3VAOheoulR4/Rd9lDGnPydSS6Mj0U+QxOqqTwuD08xkJ0YwV59S/Eq62tvh9bWKejDTpFTECYnFbCydRWe/wAYltdaybAyQDuE1SyZpVyjwy2AGF3ASHAyup2ULkmJrQhvbk5J39UVq6RlC0Uv7EGstFsujRFcqKKpjGTh47rL3D4aRxSGr6ZvFVbZicmMvzCf/D2W2AwkjXAatkvZ5xUVXW/TjsXe2MuFK3/jUxy4j109/wBVMtnVVpunlim8OTh0b9nNPoQty9odjKp7t0lYbuS6qoI/EdzIwaXfqiyHG3PZHZIHjU3BB4ITlVTdG3m2sL+n7qXtbxBPvt7FRje6+3ER9QW6Sna3Z8wGWhWTcjR5HqnOPoVXUlxoK3DqSqDwfdS2ZaRlKKDpJDhJQDadBIOQntlJ2dlw9CVwbp+gEIsFrjorbp0zYbw7xKighEp5e1oBWLvfwjOH1FpnLs5Ol24/Jeh6HA5GycJZYiC1xQSjk0V6mdfTPn269MVtuLoaujcwjvjY+6oZrPMzLoJMu/pX1A51HWx+BX00c0Z5a5qz12+GPTtz89ucKFx38jc4P2S3XwbqfINcSZ83zMu0DsPpXfkmR3uIDw6mFzSNiCvWLz8OeqLa9zhEK2nbxJEN8e47LGXXpuGfUyppDFIOTpwUiVOejdDVVWdlDDVWesdoBDXe+yUtmp5c+GGuz6FArejDo10VQfEbvyqR1Nf7fMTEZMt98hZpUuL5OhD7l/pyLKrsM0bS9kWB+qrZ7a6JuXtwpVL1bcKc+HWwB+NjsrGDqO1Vx8KeIMz6hKlWMjO2PZk5qYM4aoktKWkEALdPt9ruJc2nmYHehUWq6YcI9Uelx9Ev4jStSo/kZCNmNh2ThNPDvG8/qrWezVTBlsJ29lXzU00f98zSh2MtWVzeUdjvFaw7nj3U6PqaQAAv491UPbhR3twrwOVUJGmj6laD5wD+ikG7UVU3RLA0g/ZZDJXWvc07E/qqzgp6WL6NW2O2TkBrdKf/AAqF5zFVgA9isuKtwGN12OreHZMrwPupv5AdMl0zSmyzg+R+odiCo01LXwkhsJcAq+K41GAKetIcOziQpUN8u8OC2Vp+55RqZFFo4XVrT5onD2wmunkHIVjF1TWsGJqOB4/5Eh1Va3nTV2sH3YxTegop5K5sjXbnH5pEtHGndW0V26MqciRjoHdstRPk+mKkDwa+I57EquGaYSceihfpP4moPgRu5GcrQSdN0khBpnah6gqO/p2WDYvLgeM9kDgmaK9XZW+ykfSRM3aEB8QzgDlaB/T1a8ZjxhRn2OrZyEmVSZsj5CxFMaV7twQh+ERyFbGzVZ2bsgutddF5vDSZaeBqr8nYQDDJy1uyYcjkcKaYKlu8gIH2Qy3fdn6pL0yfR0KvIt/kRteNtOEhLCOZCEbQDy1O+VjkGXMCVLTM3Q8jFAhNB2kGV3xo/wDvE/5GEAkMQXRAHGEmWl3GheQT9kjxmf8AelM8do3Ep3QtHt+6Ho9v3SHppehq139yWKp44qH/AKoja6pHFQ//AMyg+Gf6SlpI9f1U/jS9DV5H22T319d/8kyD8ymi51o5qn/+YqEWOPqm+E7uSEEtPNeg/wDij/ZN/idb/wDJT/8AzJfxOt/+SX/+ZQ/Bd/8AKV0QE7ZQ/DP9BLXzl08kj+JVv/yS/wDVI3KsIx8y/wDVBFE47/6rooc7E/uqdMvaCettlwONfVHmoP6poqJc5dK4590VtrZ3duiMtwGAcEIf47BdlsuWyN4zs5Lv3TxO4fiU1tshIy4BPbbqfnAQSpa4CjvfZA8Vv9CQGRnCtWUULeWhHZT0w3LQMKlSx0U2VAj32G/2RmxO21ADKtg2hbsQM/ZOHyXIH7KKnAyMEnyVbaYnHl5RRRyEbN3U8SQD6QitkOMtYAp8Roj8ftECO3z927KVHby0Zc5v2RC6qfgMAwutp66TYgAH2U+MNTgugXy1M3lgJTgyjbu4YP6ogoJQcyHn3XRQQjc5VbBif/KBEtKwEMcU0SOPDdlJMMMe4ZlP8v8AS1ColpSfsjxsmOCGnf3UgRnABXBPBDjxHAD7oNTfLdCPJnV7FC+AlOMfyZKbTE9uEVtK1u7jj3VHN1PIBiD/ACUOS7VlY3TJIQPYoMBfyIQ/E0j5qKDd04UGXqKmYHNiBJCoCHO/EVxsZzsrwwJaqcuEWM99rZchrtIUGWSsqXZkn29E5sDjuERrdO+Eva2A5SfLYNkbiACMokdOGkFdM0TcZ7Lj66nGNL9wqjDkX8kF2yRo2AKTh3JwoElyf/wnZCE+uqJBgnCbt9gvV1rhFm6WA8y7jthDNdDjAeqou1HJK7rYDucIVFsVLVE99VIQSx3ZRxJUOO7/ANkE1lO0YLuVHmuGNoSqlXgXLUxXbLIPcBuUvmWNG6pfm6hxzlO8d5G4VxqyC9YvRaS3KJuw5+6iTXSc7NOyiuBfuQulpcQEXxAvUzlwOfVzybF64A4nLk9lPnclHbG1oGyr4yt7lyRgw5R2jdOAb2CK2CR3DVaqbImM0gjhca0qVFRTybluApcVAW4JGPzV/Ex0XkhRwuJ3Ckx0ziBtsp0VO1v4VIjiA4HCYoGiMckJlEe6kRU+ngbqYI2gYwnMi9Byoo4GRjgAyMHsulmNiiZbGd1FqKkE+UcIXHIe5RDmYM9P1UaWf0CFqL3bjC6WZ7q3HgGU/Q0yO7hcD9/pTxCMozY2gZ0oNuOwE88jA3I3ThGAchd1AbJhfjsmQX7GcBUzI9VwkIZRh5C5HqmIIJznJRmDYBAWJPTSAGnPomGdvCVKeOiByQO6E4zSHEQGE6OCSZwI4UsMip2AtGCeyAbFZAxUhjxJM8F3Yeie6TGwGV0h0uMbZUmntzyQcfurHwg5dIitjfKRhqnU1vOziFNp7a5uC9qntY2HGGhQ1VaeSeZEamovDG4RwxrdwjhzcZAwhiTnZWjQq1EDp90F8ukcIz5AAceiqqquEedIVcAzkoILNKXfkq6oqgfKMbKLUVszzkHAUZxc7cuV4OfbdklPqCcnZRHzF2RhcyfVcUwZZT3DHZccpYynYb3TSdtlTEzngRIHcKPI8cIc0pBwELDnHIUMs7Mjy4g7OykBhcGQunbndMisi3MeRkhcIx3TkConZG3dH0InMTpNjsq+abxDgcBCq63UdEZ+6C3OxJRKOTPZZngKXH9USCMl3C5FFqOCpILYwMBXgBPHLCsDY288KPPUZAAwhT1GSA1RXuJBOVCpWekFfMSN3KIS7KWTq5Xd/VC3gQ3kaM5SwUxdbkEFA5plN4DpLg4SJwrSyVnPIzT7pAYS+pNd9KLb7LcsD3OBCASd0iTnlcUB3IYu57LiR4RCpzwCwkRsmOcc7Jpdjk5Q4MzswIvOcBcLxj7+6Y544QMklGoiJ2OXAQk55XFwbrqYZnNiSSSRlCSSSUI1k9qTwMkNQ8YR3eHT0/il2JXfSF76yWOPZ4yMdxGrZnM/kMOAeSokQxud8p7nOkOTyusBG6kF+yxaT6JydsQNl1NIPSSSRADkkklCCSSSUINSSSTiCSwUhykglLaQSad+Etz+a4UmUsBnXEY5Wf6grdLBTNdudyreumEEReOyx1ZO6ondI48lcvWXcbUbNJXmW4BjKPTwmU6QExgxuQrW104OKgjb0WCuJrtaUeCdExsNNuNIaMKtmlJf91PrZsM0gYCq8mWQkHhPaEQXthDp0Zxuq6UkvUyZwaAMqGd1ns5NMEjg911JJUWJcwF1JQgkkl1gJdsjDDNC45PbsN0CQgnZQEedxhRJAdQ3Upxw0qL9TlCBmNyzOVKtcJMpeRsAosbCcAd1cwReHABnB7lFFZBtlxgFKd9lGm+lHkIJ2UWoO4wrmhMAD+cFcSSQGoI76SodScjGVLkIDTlVszsu5Srf0XBZY3Pnypkf0AqFGDkKaNmAJUY45GzGb6x7I43CAOUVm4Rp54FMQBzypFOzVI1oHKjacOyrWy0zpqgHGQCkyZ0vH1qc9vs2nTdI6KIOx2V3USaR90GgjbFStGMHCHUTYICyzllnvtLF11KB2lb4s5Lh5QrZjgG4AwFW0Qw5TnuGn0QPo6ECJXPMk0dOzvu5WDm4ZDRAeZ2D9lApIjNXPkxnR/mrijidPXNe1uQzbPus7ZqpeVlkqrmNHQPYwAOAxlVEbTJgnujXmfx6rwIycA7p9FF/MZGBuUBrrWWX1MxhMMeBpwDj3UqpdpwwcKNSRlsgJ2ATq14c7bsls6MeIlHfZmOIhGM4yVCslKJaoDGwIQa9zn1LnOOd1edJ0jzIZi3Zx2Wex44BgnOxG0ha2OCNrcDy8JsrQY3ebtlNIdqa0H8lDuc0kLXRMO/G6zM7PSO2ppnnMx77Il6mEULmt3wESgiEdK1w2dhVF7n1FrNXdWkZrpbYPBUyEnfO5U1rm0lmlm5JzlQXM1uDc8p3UFR8nZDGBuVJowxs2wcmUHTzTVXfLh9btS9B06tLRv2WR6Kpmu8SrcwZczY+i1tI3Ly4En0WG40+Ohtg3+2SKrGiKmPYguU1xZDTaRsMKHSRmpqZC4ZDP3R7hJ4VM844aVmOq3iOTz3qOqkqLkInHyN3wlTtMkjI2jckBQi91TWSyyb4ccK4sUQkqsY4x2Uk1GDbOXDNlxr2RtpoI4mt4aP1VvQU+iMOI3O6qAcyNbyMgbrTUsZY1u22FxdTbuPU6OvCJtJEI2avxFY7qJ01w6hhoxu2PDsA9lsZJPl6d0xGzBlY/prTcb5UV7yXZeQ3PYLJnJtlLDwje0DW09MyMDThvCxV+njqbjI5h2b5VtJ5PCp5CBw0/wCS85qn6pCc7kko4rJUrOEWdlga+oL3DOkbKxDvFrw1w8rOAo9iaBTuf39VOtcTXukndu4OIRgZxyCv1U6GlLWP055VTaITKHZ9eVzqKd0lQIQdip1oh0xg45SbJcBwluZf2uLDmq57D7Kst4DHDsrQcDHdc63k3QWRNUO4jU3TnnspzW+6h1bXGpznIaOElIYZ6uj0DHGFFpI/EnZGPxFWN3jzFtyndLUXzd2hy3OndMnxBsA9JtdKylo4YI24w0Z+6sXERRF+OB6ocDMN3HGyDdZ9FMY2nclc2TzyGQYGPqKgEHOXLRxN0MDA3hUdkhkfIJMeUFaMtGFmnLcQYOVIzkBAAwVIZ9ISJPBbCMGMp6a1OQPkockkkkhiSSSUIJJJJQgkkklCDUkkkYAkxPTD7BUxsP7gq6UQU7pjw0KpoG4Zk/8AE/mfqpF5ldOIqJuRl4kd9ghRYDuNgii8BE9vCIht4REQIkxPTFCDiRjlCO+V3J9UPIVpZCSOOO+52KyVDIy99a1VcQJae1RfLRg8CR2C7/6jK0tfPHSwmeZ+hjRu70Wd6MhjhtArA0+LcpHVkh9C/t+gATYRBksg+rQairpW8hjNh75RbTQvBjJblSLkxslxjJbw3ACn0bGsbnSn9IFPHZMTEk9AUnljkGqla1gjPLjgIygVb818EQ7+ZCPj0TmZDACMYXE5D1eygHY5OQ3J/wBSKKyQ4TlUXXFX4Fo8Ju5meGfZXw4Kx/WswlnpqL1IkKfWuSI7aoDDQRDHIUec+Lc2RuOQ3Gys4Q1sTGtGAGjZVtJia5VMxGQx2kLauiyzkAIA4CHVYZHqJwuuJdK1uOcqt6krGUdte97t98DK6GlW+SiZ9TP44OR5lfquStvEmp2QzIagxgNHHCC0+JO+c7l5zujB2kEn0XvPH1YrUT5/5Ke9OTM5eKlr6gsb2Ua3QePcIWAbZz+6BUSmWvmJ7FW/TMImujMjOndekX20M8PH/V1SSN3E0MYGjgABTaQ5ByogG5Cl0gOCuPY/Z9G0le2CQ+YnGMoD5NETn+gSmc50wY0lCuDxHSkeoKCAV3CM5SxGpuLpWjYOV6924b2VTZm+dzs8OJVmHZOU5LJytVL7GV3UE/y1IMH6l4V1TIKvqRurcMbsPfJXr/XlUaaFkWOF4nPIa69S1bAdDTpyV67w1WIqR8T+tNTm34/0WNBC2S4RwPGRqBPuvRaeJrYmtbsANli+m4GSXEyPbnA2W2OGx4A4Xqq+T5PqpfdtIFWdJOTwE7pqPw4qirJAAyMqJc5CIXY5Vhb2Gn6dc6QAOk3x7I5diYrBYWEsd4kwBJc45JUu5zeDAZcbBBsUTG07WtHO5UfrKoFLaKh2PoBP7LLa8LI2uO+WDwfq6uNbf6h2cgKoKVTI6prJag/jJxlLSfRce57pZPX6WO2KX9jh4Kiy4I4Uo8EqLKM+y588s2S4RGJ82FOp34AwVDI9k+ndhwJKCMsMVLlFu1wc1NkZtyuQOGnGUUg4TmtxnZXTD0XaNxEgOeOU+UZQG7OKz2JmrTz+OWS3YQ4ZBUarb5eE+mdtgldmGW8ZScM9EpKyvJVkHUnbYyU543JQXE7oOTJLMSVb5s1AaRsrzpicQ9SM0jAz/qs/QP0VAVtbHeFd45+BqG6W8I6+gn90X+mfTNG4SUkMu3maP8lyPauOk7YUezYqLPTzNPDRlSMASNcDgg8pc3k+taSWa4sn1QyGn1Wf6nhDYWuA3IWhld5WnHoqu/QGel1AfQlJGzUc1cGLo5NFSz3Kv3NEbySORlZlhLayMf4lqXnJafYJiOJVLIKHacDGNlyrGppB7FdAIqiccBKUYDtt02JdvKwUFXCCCwjYrx/qOIx3WUAYGdl7XWMDnbDC8m61hEd0Lg3GcrfSfP8A6m07dOf0ygg+oI7uAgQfUEdwOkErpw5R85m8M2HS7gXR7jZbd8euBwPsvPOlX4lY0ndemMA8I/kttS4PO657LMldZCBWOA2PC0BaSqClxT3hoA2ceFqHMaQMDCZA510svJDc33UeSPLcZU90eeCgOjJVy5QEZYZQ19Lrzt2Wcni0vI43W1qovbssrXR4edsbrJOO46FE8ldLFtkhRHjOysS3LSAoMkZ9OVnlHBti8kCYBh2UGoBdvhWU0R5woEoByMJOEmbKn+x1tkMMweVqBIJ2BwH5rIMOh2VpbfUtNK3PIQSjuOzoNTLT2faPlj7ha3pi+RPjFFO7DwMAnusw0iUEKKZZKWo1MJBacgrDfVk934ryrqtTkz0yqiGxHB4UN0eSBjbhDs92bcKJrJnAkDnuEYS6dx2XOlXhnvoaiFsFOLKm5235KobUw8B26FeKb56nE7Ry3n3Whhc2uLqacDONvuo1VSy0g0SxjSdilmfUaeMo5j0efYdG8tPLThSqeQhwyeVJu1vdHUl0Y8rhlVbs5xxhQ5Ek6ZYNFSz40uGFeU0jZWAByyVDU6h4JVxQSugc0EkgKHU0uoTReHhR3jPlKkMdrZqxymubvugxk6ON64KuvhBic7GSq9jtGBhXk0evYjPqqiqpnRuDhuMoM4MtkB2Q9vChVLPDP08qTE8HgIz4hM0aWq1+hDRUsfJHIJGnBburSpgor/RmOZg8QMxvzlQpoQ04HZNo6h1JOJQNu4RxRk1EFZHazB3G3TWuqLHg6QTgqZZ7i5j9GcBbHqeysvFIaqjxnnHcFebyRT0VRoeC1zSmo83dTPSzzjg3oc2RgeO4TYsteN9vRU9kuZkHhPdn7q6DTkYTEbdPbG2KaLGA5YiKPTPxsQpQORlWdCHICSPI4yoM8enfCtSMqLURk8BGVbVkytzpdOZA391WjkLU1tKJo9JCzlXAYZgzCbDo4eqp2fcIAEDbCQGO6TXjGDsmhh33TEjBnIZmPRKaIPGwTWkIzXN4KCS9hRaZWTwOa4YGy7ThzXBWE1Pr4Qo6fSeElo0V1NyTJNLqa5rs7t3Wqs9yfM4QyOGwws3TR4B2UqlL4JmyjgFAdrSPY8m3G/umVMEdRH4b2/Y+i5bKmKsg1sO4G4Rywg8JUlk7KxZHJTM+ZoZvCDsN5HoVa08hlaCU+SnimGHjccKBKyeml0tOG9lAcNMnuZlDcw7brlPUEjDtyjHB7KFtZM/dLUS75ukGiQbkDupNnuTqppp59pI/VWj4yRwqivtr2O+cpPLI3cgd1WSsbOi4DARsFx0ZIxnChWe8xVX8mfyyjbf1VsWZOWhWNrlv4IMkD4262jYdkIn1VsWNIxhQZ6V7DrbwTx6IgnDBAqKeOeMseM+h9Fnayj8ORw08Hlagkd1ArIBI3I5UOdqaVNNIytRBk8ZwFFgmntlSJ6ZxbvkhXNXTOB4/dVdRFkYU6ORZB1no3THVEN1hbDNIBIBjdaR8flzheGwVU9tqW1FOSCO2eV6d0t1XBdYGwTyASgY3KOM8m/Ra3fiuxl65rgdwmEBTdLcbBRjsSEXDO4lwAkjB3AUKanyMgKzIyhFgwVWMEnVko56cDPlVVNC6J5cwkHO2CtPUQjkBVNTT5PCuMsswXUNdEuyXdkgFNVkZ4BPdK+dNMuDHOhxgjICpZozGdTRhXNhvjnEUlU4Y4a4p0JnPuqjOLi0eeVVHV2WrIIcA07/ZXFJWx1MYex2/ce62/UPTsF1py9jAJAMheZ1tBV2mpc0am4K2wng8/qNNKjs0TXAgZaqe7W2J7jNEC32CNQXSKZgbK7D+CrEaSNWMrVGRyL47ymtV8ntEojmBLB2z2W8t9fTXGBsjCCHD9CsDdbTLO8ywYGPwk8qNY79UWup8KXLW5wQVrqtMM81s9KfDp3buAoVZSQXCF1POz7H0Uy23CCvhD2uByE6aMN3a1aovIEkrEYqM1vTdby4wk49sKyrKd0knztH9MgD8A91Z1tPFWROhlZn09iqmndPa6jw3jMZ234ITs5MzplF4j0TKO6Q1DBFKdD27EFFmpY3jUMEeqrrraTgV9Cc93NCJaby2oAhm8r27YKguE5KzZZwRLnQeBiVg8rjgj0VPLCCN9lujHHIzS5ocD6hUdyszwTJAAQd8BKlHI2yGejI1NMHDYKqmpsHZac051OY4bqDW27w2h8YJycJU61IyTgUZY7YgYT4pS7yuHCK9gJ259EF8JPDVknBxZnf6DkNc08ceqiuiHYYXGyOacHupDXNcAqymTOCA+HTvpQMn0Vq+DO4CjOpDzhKsqz0HGz9kPG+VIhrJaZw8MobmOamu25GEmMXF8DVJMuae4vqG4lIR3N21NOcqgic5hBBOytKOtGzXEp8LE+GVLK6JrKhzSNQTpGQVTcasrrYGyN1f6oLmuhdlowUUo7uUFXqJLifRDqba2M6owVDkBZ5XDCuRUh2GTnGUyWjgmHH2StrG5UvxKXQ47t2PZFp55YzpnG3ZElpJIJS3TsEi1soGewUk8BQ549hxI2RuQE19OZMY290DUYTwpsUrHsDmn7qOOR8IKXAGOevoXZDi+P05T4ZTWSF1HUls3drjj8lLaMDJCj1NDBIdbAY3/wBTNimxm4rAi/QR3bohY7lXUT9NXE7b8QCtbd1GwPDo5Sx44c04KoWXWponfL1kPzEZ4JG+E99NbrkPFoZhHJ/SThOq1DTOZqNCnxNHr/THxfvljLIp5jV0/GlxyQF6/wBO/ErpzqWNjBM2mnI3a8918fNmuVtdplY57B35Vtb7+1rw+OYxP9jhbo6hnD1fhYWcwPs18Ie3U3BBGQQVV1dJh/C8J6V+LF7spbFPOaiAdnHOy9Y6c+KFhvzWRyObFM7YgnutMbFJcnn9R4+3TvoddbBQV7SyenALhuQF5zfPhtWUE4uVimMU0Z1NLCR+q9snZHINQY3BHYKsqafTg4wFeP0DVqbKvtPMOnfjD1P0vOKLqWifUwNOC/8AEPzXtnS/W3TXVMDXUFdA6XG8erzD8lg750xS3eEtMEbXY5I5Xnlf0VdLLU/N2p8sEjDlroyR/kgGTjVqVuXEv/I+mZbZR1LiZY9Syd1+GNvlqDX2Wpnt9VnVrp36Dlec9N/G7qixFtD1NB87TMw0vA/mgey9e6Y696T6sjabRd2GYjzQy+V7T6bo1wYrNNfTyuUUEVy656YIiuFObrTM28Vo0yge/qtBZ+tbVdQGOmbTy8Fkx0nK07qYSjDjgeqoLv0NZbmXPkjIlfy8cn3V5Zn3qzguWOBGQQc+iesS7pzq3p7y2S4/NQN+mObJd+qNRddeHIKK+0MtHONi94xHn/mRAbTYZCSiUtZDVsa+CRsgcMgtOQVKDtskYTE8ipJro6ljKWcpK28ArIhtwk4a/q3++6SSH5ORmXgoq7o+11TdVKHUUpOXSQ7b/bhVc1m6htB/kT/PxDuecLYrmMcFTGSbzI095azyXCGSndx5htlWTJ2yY07g+6uZaKlqmGOogZID6hVUvScW8tuq5YZDvgnLUbRcZJ9jwcpayz3VXUUl+tspMkZlYOSNwnQ3RkztAb5u4ypyF/gtRKONKcC15GQAoTaphwHbEoniADPZTJCYaWGQZBwfUIT46un3icCExkhHdHjn41cKFChuUrB54nDHOO6DVW3p6/Nc2qgi8Rw3IaGlSXOge3A3KjPpmF2oDc9wlhqTj0Ze5/Bu1VpcbRXmmlO4DtwV5/f/AIVdV2xrpPlvHYD9TBkEL2lrKmMh0BJI90aO91MQMVRCZB3B7pcoZNNWssrfJ8o3G1CnlLKyhLX8HLVVT2ijmbhjWtPO3K+urgLBe4WwXGiiczu0s3H2WNv/AMEembpmptFQ6nLt/XB+yQ4HV0/kl/WfM01sqKch8EjmkcEHlHguN1pHeI95eOCM5Xpt9+EHVtpjfNT03zcA4LN8BYKutdwonujraKSPBwchKcDpR1dUxsHUjnOxOzDT7KW2ssdyBhcWaj6hU09NE0eUaSfVRzbyd2AZ+6DYOcU/x4NAbBaJuHxj7KBU9EOkeTBK0NO4KrPCqIzuXD0wSpcN3uEDBGKg4HGShcSf6kOVIiVvRdfTxmSItkI7DlU81qr6duuWncB9lt4Op5WxgSx6iO/qp9Nf7bVaW1ELQe+QELrYS1V1f5I8vc1zfqaR9wuZHdesPp+nbh/KfTxjHfACh1HQNmqBmLIz7ofik+UMWvj/AFpo8wI7grpfLnLZSCvQKj4ZF7c0suk9u6qqr4c3uDJYWP8ATlC4MfDVUT6ZmGT3FhzE/XhSRd6uLBmoo3H1xyjy2S/0ZwaF+3OAoswqozieAtI9Qh2tcjt9UlnJJjulnm89RQlrz9XlTflrBVP1Q1phJ7HZQTICDlgGfUIPgQSHLwEDnJdh7N3TLttplA1UN5d/91TGw9T05yJzO0f4sqqEEbdo3OafZyMK250gayOukDRxurU8kW6P9y2F2vtMP51O77grg6okB0ztkafsocd/uUQxI4TNPIeEn3eCf/tNCCPRqLK9lbp56LJnUcD9hIco4vAcAcjfjdUZHT8/1w1Mbz/TwhmlonE+DUPaD68oZJeg1NmljuLThxa3HuEpq+jONUTc9/Ks0KOvi2hqw5nI3TH1lfTHRJEXEd+yAm+zPDNH8zbZWlskbQOcgYUd7bU45jqSB6KgbdHZ/mwOH5Ikd0tv/EglBPshby+hituLoR0Gd5119NbRj+aDlVrK+zyDGuSP7tRBLZ3gBlb+uVW1MfC+z2yeKS28+K1M+StjtjOAPVAZFbn7itZ/5khSUBOPnG/qg+NI1V3zXskG02hwyK9wz7pgsNrJ8tyefzSZbqDH/bG/qni3UP8A8mN/VC4pdGyF8vbEOn6PH8u4EfcpzenYe10g/Mpwt1Gf/jR/5l1tttgP97+6Fx4Ntc1P2N/2dZ2uUDvsVz/Z7J/7bGpAo7e0YbP+6f8AL0/adLlWaq5KLxkjCwOP/wAZGujp9wOfnI1IMFP3mH6pCGAcTAfmkuBqjagYsL8Y+bj/ACS/2fPPz37p+w4mA/NIkf8Afj9UEo4NCuwMFjewjFUD+ac21MBw+cD1TNyfrP6prnuG3iY/NKlDIa1CRMFvgxn5lOFHRNOfFBKrzIAD/NH6oXixg+eZo/NRVoatXFLktXNoo+7Sl83RRDGWfkFTSVFCP7yvhH/iQf4lYYt3XCLP/MhlBIr+ZH00jQMuFE3/AIbT+SGblTZJEZ/VUT+orHGMNqGu+xTG9W2oZ0tzj2Q7SfzYx7kaFte1w/kxlOFVcXbeGMdlkpurw9+mkpy30KHJfbpM3HiYCDaH/PqSNXLPU5zLIG/mgT18MDNT6xj/APCw5Kx0lXV1B/mTu/VNZ5d8nKFxbBfkP+Q08nUEBGljHgqBJd5n5AY8Z7qoEu+QiicgboPjbBlrbH2THTTSnMkhTQ0clR/FcfwH9FzJI3JQ/Hgr+U2uSTrbxsnNmDfsoTQ5xzkogDgB5iq+NEWol6JorIc4JOfsnNqgBs1Q9LfRPyPVF8Ra1c1wHfWzjAbhCfPUyjSNwmyHGNl1pefpaVapJK+cvZwmQ/UcpukA5wnObO4+SLOfRM+WrHfW3ZRU/oU7n7HamgcBMfLsfKnCilbu/v7p4p+3Cv4ZNcIXK3JBfLLnLTgJFz3jSSN1PFOzkgFLw6Rgy4YKuNEvaFO1lb4DzvjOU5lMSd9lKfO0HTDg/kk3XjLm4yidLRalkYKVoGf9VwRgdkQZB3RGtzwMlX8eEGv7A2huDsuFzW+6ki3zyOGW4Cs6e1QtALtygcB8K5yKiON8hGlqlR22olxkbH2Vy2lhZ9LAjMGBhVsNUK/2VkFrbGQZGqUyljZjA4UlzdW5KTle3A+MEgYAHCWAn5wua2dygwg1D9HWNJ4UmOIDc7ZUM1cMXfLkGSsmfsDshGRltLN8sEexeMqJNXY2hcohy8guO6JpAAwFC1ZljTNNISX7pY1bFPLAkRjuoE8yONjA4CdwFzVvwuncKAHPEAPCRlz2TDykoXnB0uJTSMjC6uA5UGRi5IQJ9UshI8JZDShbwMjEQa7PCc7A3ccIb6uNgwRv2XKaKpr36Wty31OyVN/oNLdwuwhka/ZjsqTS0AwJJeTuPZS6W1ClOuRo34yny4OwKSaI04/JAiGxjS1JkDnuyQjRUskjttwreit/GyM016dyfBApbe+R4GnTjfKtoaUQ4OFKigbEN2gJZzt6KHQroUUMTE9MJA5UGOSSGvBI2USqmbA3zFRq68iIObE7jYe5WenraqpPmkwD2UMV2pXUSyq7q7JELvuq11Q6UnUhhrty7cnlcJyp2c+y6UuxE5XMZSzlOGOyvoy2TOY91xxDRkpspGxyok842CrIh2YCOl3KjSTvH0nZMyXnOeEhtvzlHGORFk8iIc52XBOAGNwu5aNylkHO6NxwZ5SY7I9U1xCETjlyi1dcyAZP6ZRr7ULlakSqiobGMEhUtVWGVxaDndAkqZqiUu1bHhPjhPJCkXlmWdu4TWF53CmRxY3ITI2gdkbxQBwmoXk5rEY2QJZidsJskgcdihOkyDtwqAnYIuJ5KaSD3Qnk5xlcyfVBJ4A+TnAQDC4/hMSS28lnMb5R2DYFNwM57pE4QxjhkCEj6UMt35TBqwV0keqelwDKW0ceEI8JHhDJOeUM8+hcp8CPK4klkKsCXPAkNzmgchJzgGnfsob3DfdMSE2WhHyAZCA6YnIwhknPKQ5R4Rmdjk8I7kk5TwO6QHddUBckJJOSViXLkakkuEZGEQa5FkeoXUINP9SKoW1g9tiDQ/XIPI3n7oE8pnkLnb+mOAFyodj+Ww7clDaCBgr6BGG6e48TGWDvh+6JoCZg+icn/GEPSTklRTeBJJJKihJJJKEEknpKEBJJJJxBJp5Tkw7pEuiHSeyaeF13JUWrqBDEZHbYWWyW1ZGRjueCo6irdIFMx3mO5VCOd0SrmdUVD5XHOTsmMBJ2XIsnvmdWivZHBJpohI5oxyr5rWxQAAAeyr7ZTOLvEI8oU2seI4kyMcITY8ywQa6TV5RyhMaGR78lDJdI/UUqgkRhDPoZFYRHqXHVyhDhdJyclJZn2M6EkkkrCEkkkoQSewY5CYOUUDbhQg6Q4G3oo4JJOUSXkJo+k/kjCRyU/wCSC3YlOkOCkzlQpvBLoWapm5Gw3VjL9OAfyQaCIAeKfROkIcdtkyMtpnk9zBuwMqHMcuR5yQNioh5QyluCisBVwnAyuprtkI0BK8uBHGyhOGSpFRJgjblRfzWectw6HAaJoLhspD+AmQNwNxuugElQGT3cHU9MPZOkxpG6j6I0dwTwtf0rRZw5ze6zFLF4juMr0Dp2JrIgdPAWeyW09H4WjdNTLZxEbMDhQ3FzpAAVIqnnGOECFoe4ArKj2cOywpYjp1Y7Js0xZsApTB4NNkjcKvyZ52NA5KGUsGtPHCLe304p6Z0j/rk391PpsU9C6YbHJQfDMhhpm/UMBFvzmwxspYzs0b49UtmmK2oqoB4kz5XbknKtrYxrpS4jOAqykaWs1O5crqztwXlw2ISmb6FllnGcDjdQayTAccgYBU5xDGlxOwCpbg7+Q4h3KTKWDZKW1YKTS6eQnnJW36bpvCgjJHKyNvi8SUMHdbmlZ4FNE0jfCz2jtJHLyTtQ8fjZgVZXymWuDWH0Uwv0QOmPOCoFExz5HTv3JO2fRIN8ngs2vEcQGnSAFlblOXVJA3GVorhJppHYzlZEyanFztyiMWos4C0zi+rDMfSonWU4+WZSDdz3YCsLUzM5lIVJfyam6thb+F2UMujBOWa9v7ND0/Rvt9na948zgriieG0xkdkbE7KMX6aCCLHmcAFJP8tjYWjkLn2vk7ekr21pFlamgU7n6MOeckqJ1POKe1Syd8EK4pomxUjBjCyfXNW2Kj+UJwZDgJOTRdxWzExv31gbu3Wv6Zp4xTmbHmyVkmRkaQtvaG/L0DSB9RSbn9u0yaCG+3LLm3Rtkqmhwzjdain3eABtjZUNji1h1Q5uOzVoaVocBlca3g9ZQ9hA6tq30dlk8JwBkBbn0UH4f0rRQfMP3c45yovXVQXsgt7NzK/GFpLJSMobdDA1oB0jKXFeypNysyLqOrfDbnOj2LvKSsMCXkE7krQ9UVTnBlPwMkn3VFSt1VLQmAzluNHAzwLcNI0lwUuMintxkbsdOSfdMlLXRQwAYA5Ue/VJpbXlgw3jCiIZqaSSurdjk6tlqbbC5rWgrK2Nj6mr1NHfK29NEGAbLPZ0NreCbCdJBCsIpctA2Krs6W5Sp6ppy30WGayzdXP9lvE7Vuo8o1TuXaWQODiCutAzkhKNDjgpLu+MEsHYZP3V50BQvLJK97AA46GZVFXQ+LO5v9RAXoVkoW0dDFC1uMNCC+zEdoBZs2G/ZU10qi6oMbcEKyrpfAp3P9FQURdVVrSR3XPl0Q1NojEVMMNwSrJj8Z2UeJmlgAGNkYDCySfJaCY39138SXbKQ5WebyUSRwurg4XVCDkkkkAYkkklCCSSSUINSSSRgDEkkjuoQdkeqRc0bkoDgcg5QLg/w6Rz2nDz5Wn3PZQaQGTGrr56rTiNjTG37qREzdAhjEMDI8bnzO9ypUTckFHAL2HHC6kNkkRYkklw8KEESMHdRiTlPJOeUM6cYdwdlAZGc6+lfJaIbPBq8W6VMdM0jsCRn9lc08TIo2sYwNa0YAA2AWeuU7rj1rS0cIHy1BSGd/s9wwz91p2N4TovAEeXyVdQBJcmM9sqybFpGOFBMJ/izjj8IVjjCkpZLR1JJJQoXKq4nGou5PaFmn81Zlwb5nHYKqs4MslXWY8ssxDfsNv9FA0WjjvuuJe66TlMwkif4EOCujhcHBXRwpAjHP3Cxd5kbUdRtjIyImABbRzw0Fx4CwVPmrvlXUAbNeWrRBlotqh3g07pBtgbKLbGAweJjdzi4n1SvMpjoi73wiUjfCpGNI3xkrXWskJGASCDush1/WsZTilPLjstSHkELzrrWr+YuYhx/djB9MrteNq3Wo5flLdlRQsDQ0ABBuExhpHn1ClxtOnhUvVMz4qLSzknG69/oa8ySPn3k7NlDkZtshD3PPJytd0RG175p3N307eyxLH+UHC9E6OhDLcZdOC84XV1EtlbR5fxMXZqUzSwAE7qXA0AEZUKIkcKQHHfC4c3nB9Jo4FpHzOxUC+P0UxHsVOZtI5x7hU1+kBjA9MooCrehtrY0QasYJKmNGCN+EGiIZStOOQnag1pcTsttMdxwPIWfHWebfEe6TPrHxudsxuy8zt79bpsD8ZWq6/uLKitndEThvlWatrGthBA3duSva+Or+OCZ+ePqPVy1Grm2+mbTpGJmh7yMkcFaSYhkZLvRV3TsEcdExzW4LuSp1y/umAHG67tfWTw90t1hT1nnboznKtK13gW2nph9UgDQqhzXy1McLBu5wCtLhl9XTw/93hSYSL20xOhgYHDfAWX+KleaeySgH6jgha+lI1MAXmXxor2R03gk+Z5wBlYtRLbBs0aWO+6Mf7nksB1HPrupAaDyFGpth+Slt2OFxpyyeyqjh4QPScHZRZhgqx0gMOyr6gO1cLPNmlx4APA5QGnDshHfwo/BSfYiUUWVI7XgEqccFuFUU8gbgZVpTyahwnww0ZZrawMrCoj8g5I7qylbkcKFK3PCqcS4SyOpZtTtHBG6lO4VbEAyXUrAEacg7lZ2ju6W7MdrIlS3DhgKK5T6gDGVCI3SGMsWegkJ84PGFas20yN9eVUMGM7q3pSHUeMZJSJLHBt0TamkfQ3RdQajplmSCQwH9lYuJJaQcrNfC6oNRZnRE/8LC0cgdDGXEZ04CXJH1nxs99EZFs4aoQf8IKi1rC+he7HIKksfrpOOWhCBDqYxYS0sHYlHfHaeZVMgir2/wDN/qtRFIJWRyN4ICznUEDYLg4MGBkq9tB8SkbtwE5I8/VL/WlD9Epuk1g9CFyoaPFd6YXHAtqmIs40vOU1NRHSeSqqoSdwvNOuKRvne5vmByCvWJYsjOM7Lz3rSkMjZSG8LbS0eV87R8lEjzOD6xlTX7aSAobRh+PQqa3BaF0YSyj5DfHa8Fv008trAOwwvWKZviRNx6BeRWSTRWt9yvWrU8uiyR+ELfQzz3kliaZX1jfAukTh6rUM8zAR3Cz/AFBTuY6KoHBV9b5BJSRnG+AnHLt5imPLfUIRYD7KSW+yGQc8KxKZBniBbjGdllrnAWgHT+IrYysyFTXOBpaMNxukzjk0Uz2syhbjYhRp2b8KxqWaX7DCiVMecYWaaOpXLPJXyxagds7Ktlh3II5Kty0Nyq6pZ5uFnnHJqrlyVUwLZdI2VnQTEMxnZQamPJyOcI1vfiHcbqorJr+Rx6Linqjnsn1GHecDlQMlpBzwpcUoeNJ2QXVpnU0Ou6hMfQ3GWgqRJG4gfib6hbOiucFSxkkbs55HcFYien4c08LlLcpKCZrm8dx6hc26jPKPceL8zKlqtvhnolwgqKCaKsjflkgHHZXzPCulE15GTpwVCttTDebIGuwSGgg+iFbpJKGTwdWW52XPlFpn0Km3mPuLKjqChdSQukxkNOQfZZatphpE7G4DucL1O40DLjRP0gZwsEYNFQaJ7cHcboHwYfJab7sxM5FMaeQPxxytDSVUFTA18TtzyFT3GjEEjgG7DOVFtlWyjqjrzpJUOdVKVU0jc26rJd4MjhjsVYyNBGyzUT8ubLG7IO4IV9STiVuHKZwd6i7KOOHqolZDqjcQOFYOjzvhBkZ5CCkzWRs1lFBp0ndSYXeXSd8pVVOQ7UBthAifgjOypcoxvhnaqnJ3AUCZhb2V6GNe3BGVCqKU+nKYKsgRLfWSQS+Gfpdtgqt6rscM7DVwMw7k47qdNCYzkBOFQXMEchyAmpHN1dXyQ2s85Y6aim1DIIK2NoucFbE3fDwMEEqB1BboS8ywswTuQqigqHUVQJWg44IRnDql/Hm4s3cWA4KYxwxwqajro5wDxn3VlG7bCM62ntUiWhPaMbhOb2T5QBsEZr7RXTQ5yWjhZ27UpDjMBwtW5oIPuqq5QF0Ra1oymrswauvesIyWSO6cuzx+FJpISxkpieTzsvtk4jNbvVGDyChpnKFrKFxs2Mt6NombnOdk99LodkBV9tqDT1ADjljtitCwB3bKU0drRzhbHKITGkdlKYwYyQuiLPZE05OOEo6lUAtBVyUcwfEdjyFr6cCrgEvGVjHQ5wQFbWO4zQSinkflp4yhUjdTJrgvDC5pxhCmp/FbzwrDQJAHcpjWhh3VpZNu3JVNp3Ruz2CkMdkYwpL4mu4CjmJzXbBC0TYELW+iGWYGcIrT5UTSg2gOvK5MtdLS+GQ11DkOG7mhWNjvTKhop6g4kG26sn04k47rM3GgntlX8ywZYTnZQFJwZrwM8Jr2atio1oucFZE1pdhwGCp72jlGPjKNiwiouFG+NniwjPqFVA6shxWnec7EKnuFs8Rxlg8p5woJtqwslRLA1/Iz7qjuFJLE8gjI5BV24PY4tdkEcpsrGyMLXjIUORfDcZGWLUeMlNp5p6SZs0Dy0t9O6t6u36SXM37qqe0aiAOFZy7Y/G8npXSvVcVwibS1bw2ZuwJPK1RZgZ9V4ax743B8bi1w4IOCt/0r1pBNGy33WYMlb5WPPf7qZOp47yOX8dhr3RkoJbtypoaHDUDkHumOhJHCI9HCSl0V7xnIKiTQD0VlLER2QC3OyhU4JopKmk3GyrKiAxv1Rkg87Faean1AYH7qsqqQ54TE8HOuoJdhvxLW0la7cbNcVLvViprlA57WjWRsVl5oC05aMH2V3Yr85hFHWu24a8p0LMnOuojNYkjzq7WirtFUXBh0gqbarq14DJD+q9Ku1mprnA7LQS4bFeX3myVFoqXPa06c9lsizz+t0ex5gjQGNs0epiz94tD5o/EiGHsOdu6ParsRhj3e26vsMnaHMxlaYSwca2jfwZCy9QVFpmbHNnGcEFekW24wXOFr2PG4WAvljk88+MhxzkchRLHe6qz1IjlcSzOFurswc+SdM9p6pLQOc3VHgFVtXTFu0kf7KfZrrDcoA6N4O2/srCSFkjSHtBHuFpUsoNNNZM9TlrQGDGD2VddenRKfm6I6Hncgbbq1rLbNBIXw5LeQu0lRqHhyHBHqmiZpTWGuTPW++uhPytcC17Dp1LQRyCRgdsQQoN06dhrCZo8B59FSUtdW2ef5SryWg4aT6KGZfJCTjMtq61CZxmiw09891AkpAG6HN9ir+CohqYQ+M5yNwgVVICNTSl9hqCfJirlaGxfzoRnPZVZjBGkjdbt9KwjDmAqlrrE4kzQOaCfwlBKtSM19G374mUlptR1AcIIJi3wrR7DGSx7TlRp6bPAws1tOPxMq47GRTh2xARcNeMNUF8bmu2BH5o8RIPGfzSk/TKkjstIAcgKDUQObuArQTcAtyhzRteAQqcF2SM2mVA1DIwuse8btKlyU++QzZBMR9MJEqfaH788MNR108bhqfkd1bNninaMO3VEGkIkEpifkK4ycOGBOP6LY02tcLnR49lyCtaW+ZEOmTcJqalyBucBolikIEux7IVRbnuPjUzsd9JTnRHOWj805lVPERrAc0dkE45ZohfF9lfnPklZgjkLj6cxATUhI9W+qs5W0lwblrhHL7qvqWVVFjUMt9R3Q4GK0PT18UjRHKCx3uFKJ1b9lVjw6mPOfN6+idDNUUzvNl7FGbK7W+yZJG14w4ZUKotzZD4kDvDf6t2yrBkjJW62HIXQzPdLcmuUaGlYsFfDd623nwqyHxoz3xlGdFbbqA+klEUvdp23RnRg7EA/cKBJaGyPMtO8wyc7d0UNTJP7jLfo0+YdhmPudtOHAvjHflWVF1BG14LJTFJ6gqlddLtbcRztEsfqRlS4W2S7MBY75eox34JW6rVRl0crUaVYxZE9O6a+Jd9tAYw1XzELfwPOdvZesdO/Eqx3uNsNQRDKRuHcZ9l8q5uNrdkZfH6g5Ctbf1C0kZcY3+uVuruz2cLVeIjZzBH1wWwyt8SCRsjSMgtKh1MGs4I/1Xg/TnxJudpkaz5oyx+hOV6fZviZZLmxjayVsMh/RO3JnDv0NunlwiReekYK+Nz4GMjk+3KwVZ03V26q8USPpZmnySx7Feux1MdRGJIiHMcMgj0UWpp4KlpZPC149CMosCo32R+2RlOmfjF1v0g5tPef/AHtbRscHDwF610p8W+jerWtjp68U9U7YU8n1Z9Mry64dLyFxfbWgnnQ47fksrW2O1zzeBdYn0NUDu7GlpP8AzKipU03ctYf9j6uIyMj0yoFVbaKuY6GupWSsPIcMrwGydVfEfokNNnrzdrc3iGV2S0egO69E6e+OXT1ydHRdRU8lnuB2cyZuGk+xRMxT0dlfMXlF0/op9FI6o6drpaZ+c+G52WH8l1l4v9vf4F3oTK1v/EjC1NLVUtXC2oo52SscMhzTkFOcwP2dv9xlSGcmObaeGioo73RVeAJA13drtiFYh+RnGxUKv6dttU7xfDMcn9TNkBtLc6PZknjRN4B3OE0FPBbAg8FJQYKtriGvDmn0KmNkDuAllhUkzI9UlCsD06MkO2TUk0EJJl4BP6KHW2a31I1GERyH8bBgqVkIhOcEIgzNVXTU7W66SqLnDs4qrlmrKNwZVQv224W41DuhTMjkxljT9xlTBNxlIrlCWjzb+6mQ1MUoBa4bqRW9MUdUTLEDHJ/hOAqersVwos6CXtHoq6CLUbbgp7Xnv2WeZXVUX8t5cMeqmU92BIbIRn1ULLkTEDAC66Rr+WhQW10Dvxoge0jId+6qWMEwwz6Olm3LQ0qOI5qd2YZdI/VPEp7JF+eUppF5CRXKrhGl2HtIxhRaqGz3VohutsiljGdtIBHuCjjT3CG+MO2zhVtQ2FkodMyF8+DXSl2GaKYwSP3B5/ZYe8fBK7UQcKGaOTSvZDEWEOBTtUuMNf8Aqg2odDXXVvhnzJc+guqKFjpKi3P0s5IGRhUUtvfE3NRCQV9ayN8QFkkeoH1CpLj0rZq46pqOMk99IUVWTdV5Sa/NHy5JEAcBqG2LJBC+grv8PLTNvT0jRn0bhZa6fDWAwnwIyxw4IUdRvh5SqXDPK/EMY5J/NSYL7XQgMbISBxkrVz/DmoABLyq2o6FrY9o3A/dL+M0x1NFn5Eel6oqWbSyEfmreHq5ugB/mVFP0jeo9xC135qCbPdYTh1Ln7FXsxyU46efTNm2/W+YB0kQJPO6ktp7BXsDpI4vzAXnbhNCS2SN7XDtgrsdzqYxo1vACVKGWBGpN/Yzey9L9M1LSC2nB9OFWVPw5tEx/kNbg+izkd4GfNUkH7qwgvZwAKx36q1RB9oLF9X4zFWfCyR41UUml3qqmo+GnUMI1N0ux3Wohu9wwDFUOx91Mi6iuLPqeXKnpa10HDWamHvJ5tV9HdUU5/uQ4D0BVbPbbpSDVVUTmgdwF7AOpatvLW/m0Fcdfo5hiopY3f+AJUtKn0Oj5GxfmjxgyuH1MP6J5rImAB4x+S9XlNlmz4luiGefIFVVvT/TFUNTI3td3DUp6eXpjo+Qi/wAkefx3KnYcB/6rrrhSnGZcrWT9FWd5zGXj7lVtV0PTaCYHZI9SlOqcezTDVVS9lMaqilA1O4TgbZLgd0d/R9Q3j09VEf0vXx7sOP1VbB6trf8AUGFBRSbscDlBktUY2jAz6oZst0Z+LH2K58hdIcEOJP3KmyPtB7k/wkI2yVoOkBBfRVDASRspAju7OYzj7peJcWb6CVThAkbWnhshGKbOSHDHuml8jdiXfqphrJf+PFuuieHl8WVapg+maFa+yE6omA8shGfdC8SfOfm5d/8AErP/AN1vz4jcfmk2CyP/AOIQfuhlpt3TL/kPPKKvx6po2qpM/wDMmCpuDs/788fmrN9toHO8tVt2B7JOs0D2/wAuoGUt6Sf7Q3+S2sJ4Ksz3A/8Axz/1S8a4f/Jzv1Vh/AJju2oaunp+c/8AGH7oP4s2T+S1/UVfj3D/AOTn/quGa4f/ACc/9VZf7PVH/fYS/wBnan/vf80L00l6DWsk/wCorvGuB2+ed+qaRXu5uL8H3Vn/ALOVR2E3P3Xf9l6ojJqP2Qy0s36L/mSX9RUEVGfNUvJ9dZCQbI44kndp93q1/wBmJv8A5JC7/s0wf39UEP8AEmRa1+2VwpbeRqkmJPucrggtIPIKnNs1EHYL/wA102u1jmYfogemn7Qz+dF9ohA2poA0BcbUW9h/lNGVNFLa2HOdX5J7ZLazZtEXf/a1FpmMjrF6IrKiIA6GD9EVrpn7MZlSg4SYENuP/lXfkLk8jFE5gPfCr+Mx3/EYw7AiB+MvAakBCw/zXbKa2y1zhuCPYow6efgOkmH2wrWjBflox/Er3OpiB4QyVwP/AKW4wrmK0wsABaDhSmUFOOIt0X8IFeYXsogKo+UY39k9tFVOGS3AKvmW/TjUzARxTsAw7hRaKL7J/wAXl6ZRQUTnHdqP/DXHsQrYSUEHB3QZrpSMGGDdT+FBdDF5X+5CZaiSCQceiki1UsYBeos12n/4fBUUur6x2GvOCg/hoOPkZT6ZaPjtsYwQCfuo81TQs2jZ+hQorVKfNPv+ae40FG3XIRkHAHOSq/jpD1qpP8mNjqHZIhbz6p/h1sm+Q0IUty1bQU/7IBkuE5w4aWqo0pDlqeCU8tH99KMhRZamMbRuynmke/HiOznlFioYmjIYMqOGOg1c2yHrc7fC4YnOOcKf8tk4DBhHZb3OIw3ZDtxyPw5lV4WCABupcVDLKGlowreOhiiAJaM+4RRGB9I/ZKngdCBVxWsDBmGVLhggY4aYxlSJHYwheIwbZCRJo2VwwPdgAY2TmY23USSoG2F1sk5xoZn3S3LLNSTLAOxyVx0rWjI3UT/eH7EJ3hOxklC2Ph/cc6oxnZC+Ycc42XSN907Q3+kKgmhniPPJyunJ7ruB6pawqSC6WBmgE7gLvhtxuOF3UPRcB3VBHMFdGpOGMJEtChTeBugpafdcL8dkx0gIULUshCRzndCMhPZMLsHJXPEadlAsj86iugYXBC4785RxCQB4g2S20hkIZGfUNksEbYSfUUsIOk5KHG2qr3BkWw+yDO4djb6Hh8TdnPwUzw5qg/ymEhXNq6Vmmf4tRvj1C1FHaaWijAawE+4VSlg2U6SVkcy4MpbempKhrZqjA9iFoKa309G0FgGQFOmngp2+cgDsBsqmrqRV+SAnZD2bq9MqoYigNfWsL/DjbnO2Qo9JSVE78vbpHIVtabFJNIJZm8jIB7BaGK3U0P4ckbIexkaJSeWVFHa9EYc/BU2KJsYOylSFjdmNwFH9SojRCGzgFIdbsAIThpG6ZU10dOD4jsHCz1wvL5hpjfkAqmLtvjBclnX3KKnYd8ngBZ+pudTPtqwPTKiTSyTO1OycJqhy7dRKT+047W45ccpNac8J/lTXFuNjup2ZZTwP8ulRcEp553JQ3StYPVTozzswdxg74QnzBo3OUCSqzkb8KKZXO7lX2Zp25Jbpy44woz86uV1gzuU4nCYoZQiU8nME4yMJ54SyEJzgQi6Ezmcc7SfqTXSHTzlRKioYx2C/GFWVVyB8sUn3U7ET1EY9kqsr3NBaCMkKuYZp35kdkdl1kUk7g4nKnw0+kAYVtbuDK7N4KKnGxIwpLYx9kQRaRygS1AaOE2KwC3gJlrATqUaWXIw1DklLs4OFH39VJSwA5+h7pCScLuCkXDBTEEpYBxnkISMHccIIG+UgTlEAGNwpjIDEOEkklBgkks74SP0lQp8BDpwdx+qjknKRJzyuIxEpZEmJ6EXgIAZ2bRxQJJNA5BQ5qknYBAeSd0WDLbbk7JO7OAOUE6iu4JPCeMYGyNIyttsHgpDlGw3GAhYOcqworK5HjhdXBwuqAN8jk1OTVbeQUsiQxj1T8jOEMjCsbF4CrmR6pHhBOrJ3KgfDR7Sn4wmIjV9HisHghxweySSSalgMSSSSogkkklCBUkkkBBJJJKEBJJLun3RN4IdPCEioSRIgsLPdQVpb/u7Rue6vKqoFPEZT2WNrak1VS6QnbOy5est2rYjbpqtz3EZSKSMSOwUIbqyttNmQSY2HKwVxbeTdZ9sS1pG+FE1hbuFW19Q90pa7jsFayyNjZkjGAqJxM87jzutWcIzV5m8j4QHbqNVSFzy0HYKS5wibhQHu1OJSbHk0Rjk4kkkkFiSSSUCEkkkoQczlEfgNTWrjiPVQg1/1FEQk95w1GEyNUjBGCi0jTqAKE7d4yptHH/NbtsjhyLmydENEePZCcc5RJdsBRzwiYqK5BzKMBuUWY5Oya0JT7G/2HpknCMo1U7AAVPoNdkKc5cuM+oJO3KUOzgszNCXBLa0Bq40jGSEnuJw0DldcNEbW4RAJAm5LsgcJ0ZdI4BdJDQCRynQjWR7qmFFZeC6stOXzgacgrfUkLaeBoAwcLMdN0mPDe9oWrOMbFZZvLPb+L03x1qWMEeeQkhHt0JlmyRs3dRXnfhXFpi0xl5H1BZ5S2neoWWduD9ETWN2zyu2OFr6nU9uQOFHrS6WfTyBsArSigNHR6nYLiEiZrhDM/wDBIaHfPGUfQwZVVc6mSqqtLDnLlamoip6PxJOTn7lU1KRLVl/CodLlkxwIDWjsFobdDpgDuCVRxM8eUMwtFFGY4GxkYIGeUmbwdLSRecsU+BC/ccLP3CT+SW53VtVOIGj1VBWuJmc3OyS5bjTYs8Enp2EyVOXDbZbeQNGlrT2WZ6fpSHRnHPKv2FxrAw7hqRYaqH8awK4v8KjcAdynW2PEWXdt1Cr8S3JsJJI5x2VrHGGtAGw9FUTSnkrL5MfBEbNtRWeczDSONlYXepc6qLc7DYBVs8mCGjkqM5uolmZYWvEdNrPKoKbFZfw8BxaHYyBlXRkbTW7W7sCq3pZpFzB/qdlDJfa2ZHl2RiaWo8lXHTgbDGFOhaZK2OMDIZuoc+JbmNvpVjaMGsLjvjuuTc8s9FT0XbsgNaBgBeedeziS4xQNAcQMr0KWUNBwOy8s6nqDJeH53w1Kg8smrlisBSx65o4zvutoxh0NaOMABZXp1rZqrJbnTuFt6eMOeBjCRqbNssBeNhhKRe2yL/dmjI+ytoRpAVbb4i1rQrNxENM6Yj6AuTZLLPS1r7cmEubjcOro4fwx9s7L0FoEcfsAsL0tEy436rrXjJ1nStpXSeBTPf7FFGORa5juZjb1O+WueHOyG7BNtMXiVG3ZQXvdPM55J8zir3p+n1SueeMJuz9iW8ssmAuqIx2VN1fVEmOkYcNHmOCr+nA8XX2GVjL7UNqbg7BJDfKqmsINLJadKxRxQGbTlznLVQNyNZVHaYGx0segY2yVo4mtbEAB2WS01VLAGd50nA7KtZV6XOBx3VhO5rQSeFnpX4mIB7rJJZNOUsGntNW58G4GVZMfntyqK1+UDJ2V01h8PUB2WaS2tM1Qe5cjLXRfOXcam5ZGdRHqt9TAFuAMYWf6dojFAZXt88hySr6YimptXcDJWG+eZllFf68vmFPG7yt5+6ndK0LnB1XI3y8DKz4bJX1ojbu6R2FvqKBtNTMhYMaRg/dIslhCyQAPRExhMT1ik8sJBV0cri6OUsEIOF1cHC6oQSSSShBySakqwXkSSSSsoYkkkoQSYnoROVA4xyO5VVWh0tayF28Uf8wj37KyfPHG0uceAquLU5z5XHOo7fZQILnO/qpMQA2CjKTGEZaCJJJIghiSS444ChDhwByo73Z/JOeTlQL3XNtlqqq55AEELpMn2CKPYEnwZ/pR7bjcLtfA3LJaowRv/qbHt/nlath7rM9BU01B0lbqedmmR0XjPH+J5yVpI374wmPoXHsYxgdVSSY4ACOgUpJEjiOXlHQDAKSSSMgG6TfL26ebONLSUOxx+FbY4yMEtMh+5US/uMlLHRDf5iURuH+HurKJpY0NHAGESQXQYLnGyamggOAUl+iLke5PAyCFxu6YmQiQj3GoMNFM/O4aSP0WQsRHgPkLcue8kkrQdTzeFbXN7v8AKFS2VgZSBpaNytECxtzcZKilpyfLI/LgrB38vYcdlXSEVF7axo2hjypk51OG62VdgSlgdK8Njc7IAAO68or5HzXGaSR2fOf816LfZzT2uUgkE9152xg1EkZPqvT+JpzJSPP+Uu3fYJoBAyOFjurJ3PnZFnDQc4WzeMNJz2XnF5qHzXF4cfpJA3XutHFJ5Pnnn7/jr+MjtB1AL0/puPwrVE3jVuvNIgXFoA3JXqduhMFLTxnljRn9E/VSzHBk+nq91m79FnCMFFeQBlMg239UnksaXc7rkSie9jwjsIyVSXceNUCIH3Vyx2yoajL7mMdvdFWssyX2YJ0QAjbgYAGFGu8xhts8wGzWnJ/JTTjTgDgLJdbXCSmtT2MdjVkn32XY0Fe6aR5Lz2oVWnc/0ePXuqNZWOYDkFxLkehgL3xxxjkgYVU1zpZ9XdxJK0thAExy0HTwvZaSG1YPzl5S12TlP9s21E0QwxxNbjA3Q7i9xkDc7AKRStAYO+3dQbjKHS4HYYXVjwjz75llAqNhfcGuHZSRqqrqS3GGqPb/AOXM6Zw5Ck2VuqaaQnOTz+aVMNGho8h2c8BeJfGysMl7pocb6NX5ZXt1KNLHSHtlfOfxMuD6/qyQv/4bdI/VcvXT2V/5Z0vFQ36jP6RTRqXH9KhxDCmREY+65cllHq9PJOeGFPBUKYAjOFNPBUR5yMYwlM2zXpEKQcqKeVPeDkqGQQd0tmWSwcY4tcD6K1o5QWgYVTgjfClUdQGuAIRRlgzXLJckBzT9lBmacEYU2Nwc1AqW5AwE1vJljLayAG4d6KZTnU0AlV8uztlIgeWpUjqaW37uQ88fdQXgaiFYF2pqiOZvwsth03LDGMycjCs6J38oMIVa0YKsaF42bjfdJny0atNPEz1P4SV88NTJTGTyb7FeoVgaaZ+F4r8PakwXfGcAtXszP5kLhn6glSPqPhLlKhIn28iajOk/S3BXA1dtLR8tIEbTjkoD00HlHmfWDfCr84/EVM6XnMkb2H8O6L1vAGl0j2Dc5aVVdOSvjnYWnZ5wQmxWTzE/9PWM004AnYU6oOXAgLlf/KkY/G3dPkGqATYVtZNs4AjhwxhY3qqjL2TDHPC2cP8AMGcKk6jpHOJeBs4LRRLByvJUKVTR4RUsdT1UkTxgtcVKhGtuU/qCCSnuUgkbjJ2TaI5HC69Lyj4f5CDrvlD9MNTSuiqGuacEFevdOTumo2vccnSF5AWFrvRepdGSGSjAJ/CFvrPO+QhmO4v77EH29p9DlH6eeJaMEnOApdVSiajexwyNGVUdMPcJjBq2OdvzWnBxM5rwaERNLc4QjGOFL0oToz2CgjLRCkjyDsqqvh8mCO6u3tKhVTNht3VPlBQnyZCugDH7hVtQ3A9VoblBlzgB3yFTVEZI44WSaydKiWSnn+pQ6obBTagYeok7S7GAktHRgytmjHomUhw8tHClPbkKPGPDkyeClt4NceiYTkLolMThtlcwUOYZIcgsywE+eCxgf4w3xlBr6Utj8Vozj3UanqhE8agcBXelk8DSDkEZSZpNHb0ep+3bNnOleoqi11AikkPgu2LTuF6PFDHWQ+PC4OB3yCvIq2ldGdTRgey1/R3U7WNbRTOw9u2/BC5ttfJ9D+nPMLK09j/6m9ttXpaYpN8eUhVnUdoinjNXAzErd8tVnAGVTRLG0e5CktZsA8bdwsU4n0FwV0eTzuogbUM8Yty4DDh7rO19txmaD8wtxcqB1HXyNA/lSeYeiqa6iEY8Rg2OxCE4l+lcZYRQWatlbJ8u7cehWqoanQ7A3WVraN8EongBHcgKytVY2Yg5wQNwlzBpsdfDNfHMZG8LjmZ9lHo6gAaSFNaA8bKn1ydmtKcMkCopxIwgDcqjla6N24xpK00keeyrK2lDhxg5yhf29CrKiJBKSBlSXaZGjbGFXkGFw2UmKXI45VxYhr9nJaZsuQByqaaKRkjgRjBIWgagVcLJoyMDJ7p0XgyX1OUcIzlVG2Zpa7k7LNVlDLTyHbY+i109GYTjOVW1EQf5XDITs5OFqdMtjcint9VJFJ4ZPHC1luqDK0ZOVjKiJ1PUHHGchXFmuga9rHEHO2FFL0ZNNbtkomvbwikau6jRODhlFa72TTuxfBwt2KhSRaiQRlWZaCMKM+MeiPoGxKRjb9QSQPErRlpONlWMfjOy2tfAaiAxtAzg4ysVK18Ez43DcHBRQf7PN6/T/HPMR7uEE8ou7m5whHkp23KORY3Dlj9e4GFeWyv1lkL8ZxjKz73Y4RaKo8CYPJ4QOOR2k1fwSyjaiFo9P1THMAOQE2jlFRE2QHlTPBIwcJE4YPZ6ae+CkBY3OxCT43RYlbtgqSIuMDBCeYtbSCFmecm2Ky8ltY7iJW+DKckjZWksRADljo3SUsrXt2wcrWW+t+ahHmBICNT4NlU/2da3JwumLPIwnyxljxIzb1R26C3jdQ1JJkDw9LuOU8DKkOjycoYBaeFRU4Ag0hDko2VMZikGQe6sGMbIAdK4IMbZwqayL+NMxdXRVFmqfFiJ0Zzsr+13SOujDS4B4U+roI6iIxStyCP0WUq6OotFT4jCdGdiqFY+N5fRq3RY3QtDc79kO2V3zlO0l2SEeRvCI0ZhJZXJT3ega8eNE3zdwqHU8eVzSFsJgdsDKpq+3FwdI0YJ3UMGo0+fugUjmtdkEKrr7fzPA37hWcsbo3ZI5SLQQoci+pSWGjNHbY7IYbghwOCOCrSvoA5+uNuD3VYQWuLT2UOPZB1s3HS/WzqYMork1z2bNDhyvQWVFPUNDoHagQvCDqx5XYPYrSdMdZVNqcyjqSHwk7OPIKs6/jPJ7H8dh6hJGD2UV8eDnT+6k0FXBcYBPA4EEZKdNBuCAiPVqUJr7WQXxnuodRTh44wrZ0eQBhR3w4xtlGBOGTOVNIc/T+6gSwgDOOPdaiem1D6eyrJ6IngYUg8cmG3T7h1pvksIFPUZc0bAqdc6Klu0Ja5gBI2Ko3QGM5wpduuRiIgnPl/C70WmFv7OddRlbTFXeyT2yZ0jBlueydbbk4ERvdgr0OopaerjLXsY8H1WHudk0Tu8LYjstcZ5PPavx7r++BZNe2aLTIA4ELP3ewF5L4MYO49kWiqJqZ+DIXN9D2Vl8w2UDIWmuzJw7qPk9GXsl7rbDWhkhIbncdiF6raLvTXSnbJG8ZxuF5zebKZmOniGSOR3UCzXyrsk43cWg7hao3YZgVU6H934nscg29lQ3Cika4zw9jkhSLNfILrA17Xjcfop0jFtjNNBuCfKKijrNeI3nB90W5WenudMWvAD/wALu4TKqiaJPEj2zyEemnkjaGvOcJgqUM8MxlVHcunKhr3Avhzg4OxCvKG509zia+JwHqCdwritp6e4QGGeMEHvjhZC52Crs7xWW4lzQfM0dwoZMTof2rKL+SAYDhuCo74QNi1V9pv7Z3eDUAtJ7FXby14BA/NQ0wnGccooLpZ46uIuja1so4IGM/dZieB8TjHKC1wXoD4yN1CraGnqIz4kQc714KFxTM9un3y3GDNNr3IQ/D8N24V7WWyal8xaS1QJqISsxwVksrxyjBNOMsMh6MjyjKEx5JwQuSmsoHAjBYeO66JoZzqHkeeQeCVnk2heAvlcMEIZpgRkbJBpHdPExG2lXuJyiM+nAPCjStLcbKzw1/ZDmpBtpQOKkEp5K7W4EYKn09SQBkKPJTuB2Ca3Dd88IUtpckpIuIZWv5C7NE14yFWxVRYfspsNW04yplCXDDyDdCWnIH5pMqHYDHgPb6HdTfI8DYIUtGM62HGeyj5CVjRAq6AafmKPAcNy0d1Cjri06JWEeuQrQh0WNvyQKuCKqGQ3DvUd1SiaqrwbJGY1wvwfupEFYS4RzDSTwfVVwglpzgt2CJ47HAMkBHoR2QShuOlTfH2W/KYBhQBVSQkYdrapkc8crA8O55SZQwboTjPoe5kcjdMrA4HsVXVFlpXEvpHOhfzzsrLBKSqMnHlEnTGxYZUsqrjQHw6hhkj9RuFx8dPVOMtNJocdy07bq1e0OBB4VZV0/huBgi3WirUST+5mG/RxhHMTsFRLTODZ2kgdwriluEbgDFJgqkjmEo8CfYkbJOpqlh1U7dQ52PC6NepT6OJZUrOGj0Kw9b3qxvHg1Lnx/wBDjkfovRLL8TaCtDI6sCOQ8nsvAKa6SROEc2ffKtKeujkALX6SVqjqEzmanxtc+j6eobrR1TA6CVpyOxT6y3UdyjLKmCOVp/qG4Xzrbeo7tbJGugqXFo7ZK3th+Kro3NiuMTg3+oJ3ZxdRoZ1/ga+bpGupCaiyVzxp4p5TlhVJW1eB8l1NY3MZxrxqYPcdwtTaurbZcGB0VS0Z/wASu3fI10WirhjnjcN8gFFkwOVsPtsXBiLUbpYnCt6E6hbBjdsBB8MfYZ2W5tHxduNEI4urrK4A7GrpBrYT7jsqGr6At4e6r6fnfRzHfAOxKhaeoLc90V5t3zsI21sHb7d1MYAn8Vqwe3Wfqfp+/RNfbbpDMXDPoPt91ZFgG4OP8l88RQWuWoNZRTmimHDmHS9vstNa+tOp7UGxv/8AeUTfpwcPI90wyT02eYnrpjaTktB/JDfEGnLSR7dlmrR8Q7NWgQ1jnUs/BZIMbrRwVlPVtD6eVr2njByhlLAj45Q7GgPDkQZxvyi6RzhcAzsECkLaOJLuMLiNTKO5K6ZiRghDL8dlw8I+CBC8k5JS1e6jknPKWT6qskJYm+yRkzyAVFGcooIwrRAVTbaGpBLoQ1x7hUVd0tI7MlO/jstLkLviaOO6otPHJ53UUtZSOLZWSADugsuD4Tu8/wDmXozoqeb+9jDvyVTWdNWyok8QxAE+gTA42J9mWj6je0Brm598qZH1BARksO/ug3Ho6rjL5KVwezsBys7WdMXN25dJGljYbH7NYeoad3bCcL7TnhpXntXZL5SM1xyF/t3VeK29W9wkkhlwfbKg2MFLpnqn8ag7tJT23qEcNcvJndaVsfMJx9kal67Gr+a3PtwqWPYX8Sb6PUzexgAO290J95p8+cYXnzetaaTlmn81Lh6io52hxlbj7qZRX8WyK6Nn/EqNwxq2KjSS0Lz5H4J9VnW3Skk4kb+qXiwy48J4/VRNC/heS4lpoJQWlrSCoE9lp8ZBx+SAHvHEh/Vd8aq4M+R22U2odCLSIlVad+NlXS2enbsWAk87K98Wfu8FNL43DzxAn1AVSikHlozUliovxxNOf8Kiz9M2iUYNKz38oWp/luOPC/ZBlponjJYQhwhv8ia6ZjJ+hrHLuI2tz3AVZP8ADi3g6oap7c+63stvhcM6dwo4onHOOFTjkfXq7EYKXoGqYM0lym27alH/ANlOpac+WcyDtuvQX07xwENzaxu8O6HaOWsmn0efvt3UdKf5tGJG/dC1XJuddrnGO+OVvZjcSRlg2Uijhqnf3kLSPdTaX/MfuKPOPmpWHFRSSRj1wuCeEO2P7L1CW2QzD+ZRsP3AVdNYaRzgDQs/8oU2BQ1UX+XBgnVcQwNYyU5sgeNls5+mrU8APpgCfQKsqOkKA7wzzM/NU68jVfV+zOFm+5SMR/pyrd/SBaf5Vdn2c5Mf07XNHkl1AJXxoNXVv2VXhA/gCaaaM/8ADCny2W6xnaMO/NAdRXCIYfTHHsl/CGpp9Mi/J055YFz+GUjuWKSYHD6oZQf+XZIx4Hmy0e6nxYHK9pYK6axW55GWJknTNtkbsMKyDY871MY+5Xfl8DPzMRH/ADKfEifPP9mfn6Po3H+W3KgS9FRndrdK13lbt4g/VJz2Y+oH81fwxl2GtXdD8WYl3RdRnEbj+qEejroOJMY91tjIAdnD9U/xB6/uhenXoZ/PufZhD0xeGnAmI/NL/Z+8DioI/MrdGRvc/uuB7PRT4MlrXWrpIxIsN43/AN4ThYLwTg1RA9QttlncD9EJ08A7jP2Vfx1+y/51r9GSb01cT9VxlH2cjDpioI81xkP/AIlpHVsG+w/RRzWwnOw/RV8CXsJ6m1lCOlXk5dWSH/xlSG9J0hA8WaU/+Iqz+aiPcobq1pJAyijVgjvtfsj/AOy9rA8xef8AxJ7bFZGbPgCcarP9X6oRmB5yj+NEU7P2PFBZIzgUTTjuiFtvjAMFK0EeyiGQDfUQhGcnjKF0xI3KXsnfMRM2ZGwY9kjWvkGl+FXeK73XPGPulfHFeitsv2TnyBx+oIQe0cuUdokkPlBJRGUNU/bGyijFFYftjjUwt75KaasAEt2RY7PO4jOEdtqjiwZMK9iDVsYkA3CcjAcgg1s5ww6h9lcaLREMTHKEbxBTeSjgAA745Q/GOhZkhw2S4TnOgb8k9lJHTtPC0PrqyED0Dt1Hq7zcJWhjZdA7hu2VEGuXZxJPqVXxobG1R7Jsktgt5Aj8SV/bbIUWovE5GmkpImA8HTuuxWyV7suZsVZ09mbtqZtj1QfEhi1KX4meebvVOBfKGtPYKRFavFw6ZxJaOcLVQ2eA4Dm4VhTW2AYaWjH2SnWjbppTsWZMxsdEITpaEcUbtvQraSWahxqIAd9lXVNNFA7YjA7rPJJHcpq4yUAoHYGW8o7KMDHZSp6+hp9pJAFWVF6Y92imjJx3WeUkjoVQSJYhaw7twnGaCAbvVW6S5VJ2bhqJFQTuAMyTKWTZCly6RImuVOSADn7KOa9ztoGn81IioYB+DcIojYNg0bLNJZNUKH7IGa2bkEBFjoXSf33+alhhCIMgcZwluLNEKsEdlHADkhFw1rcNC4ZhwUL5iIHAdlAntNCikdMhB2C6TkIZkHYJmSoUPPK4mpKDRZKaNed+E4cp3l0qEFn1XHEAZQnuw7GSmF+BuSgACCY5wmvce5wo0s2kjC60VE+AN8IG8DIwcugutCdK5zsMCl01tnfhzm7DlTWwUlK3LxuluwfDT+5FXDTVUxBcNlYRUkEYy5uMJSVbMaadhPphFpLPdri3UR4bD6qnPJphp0/xWSLUVMUZ0wkEodPBd7lMIo4stWvtXSFLA4TVLWvee2Nloo6Knpmjwog0/ZKcmbKNE5PMkZK3dFSGQOq4hxklaKktNFRD+XC3I7kKwMmgb8KFVV8LBpjf5kOcHThpq6l0FdpaCRgD2VfU1rAS1hymEXGpdhn0lTqWyysIklO6tvI3bngq/lJ654OjZWdJY44wMNweScK1giZTMPlAHdBluAYcU+CjaGRgP8SKmbh/lOOEB1X4mw4UZ5fM4ySHJ/yVfX10dHGXOdv2QL7QZzUFyWU0obuVQ3C+GB+iJur1VXVXqolOGnAPuoRe55ySqbOdfqvUR9TWS1khkkJz6ZQA0BdwPVIkeqoxTszyweAkSCMagF12wKjH1JVox2TQ/c91wP0gklCmeGnAUWetY0YPKJdGWduCTLUBvBGyrqmqztlBkqtRwO64xmd1cY5Mdl2Rank5Ro2kYOFxrQEQNAblNUBLlkdjynbsgnbKe+YAEEKM+cYJARFSmoj3ThuQSolTXfLjOAVArK0g4acFVwkqKh3mdsoZbLchKysknlOBs4JUtEJHBzwfujU9GXEOIVpBA1oGWokjPJbhtLSiNvCIdk4vDc57KJUVAxwo+AcpBZagAEbKvkkL3ZTJZC884TWqt4M5hPzH6pEjGELJ9Usn1UTyBk6Sc7FcSSQx7Cl0dbuUUAY5QUslM6Qt8hUiRpO6GT6FIgngoc5CbO53TsjSAhpE4CiWCjp5XNQG6Y6QDOVHdPnIARCZzikEfKACobpXEldc4uOcrmAoYrbMjSSeU0A5Tk7ARJGdywcDQOy4nJqMtcgtTvVE0jOcboSMoGxySSSAWNXDwurh4UIDJOVxdPK4mJN9BD2bZTWuJzsjwRazghavof4d37r+8R2Xpm3SVE7t3uA8sY/qcewW3T6GV8d0kLuuhTHfY8I3CemJ690eLEkkkmhiSSSUIOSSSUIJJJJQgkkk7T7qN4IDHKR5SXXJMyCJB2CWQNkjsNkKoOiIyeizznhZCjHe8FF1JXljPAacLNtLlIudU6prHOJJAOAhNwRwvP3TdtjOxRDZAcwFxwAtJbqcRQhxG53VNbYTLPgNyFotmsA4wn1rC5EWzy9pCus7WRaWkAqrpCWv8QjITbhO6apLM7BHIEdOBjcIm8kr+1JAao65CRwVG8P3SlJc7OUo+6RLs1wQ1JJJUEFSSSUAEujlcXA7fhQgUcKLISXYUp52UQAl2yploJGDjPqlJthEYMN3UeXv91ZPYwHLtlc0kLGwB2dz6qppo8v3GVbMGGDfhMgLsGzjcKM4bEKS7uo8pHZSwqBGd9SIhOILtkVLGseOCoNQSXDfZSpuFDkBJ5S7JYRcVyRnokIIOcIZ5Cl0+GtzhIjyxvSONfrmbHpRZiC7A7JlM0Oqy4jZdf8AW77p4A17sEDCPb2GSo4QSA5W1hpGPeHPaScpM3iOTbpKnbcka+0wCOmaQFZBx04PZCghEULWtGAAiggcd1hlPB9A08dle0ZgvOwV7EwRUQJ22VVRN8SVrQ3JJVvXNEVLpIGAs9nLN9SxFshU2qoqxhvJyrmp8rBEBwFAs8YH+8kKYX+NVZxgFAa6HiO9+yJdJWCGOH8QGVGt7HBxlxsE+5ObLVFre2ykQgMY1o29UE3gZDmeSdbG5qc4V9LwP+VVVpaPG44VnLyPskTnk6+mWI5K6vJa1zhyAVn8kvyTk5VndarAc0FV1vjEs4D8kJQ18ySNXYQAxjscDKs2YY8zYzj3UWiY2GlLw3BxgIzpxHQEkbnkpbWTTHoj0ume5PlIyA3ZWjjhpJOyrrNG3Q+Y/UTjKlV8nh0j/dUljkbJf6e4y9a8yTvcSoWc1EYB4RpXatTj2QKMa6oIjkynumg94lIp2RD6SUXpRjfHmkLBkN8pVfeXu+Z0F2zRgBXPTLNFM9+NyMZQSX2sVF79SseidGSa4uJ3wrm0RAROk5cXKigP897uey1NtaGwM0txkbrj38nodLyKul8CF73ehP7LyCtqHTVsz3nJLzuvT+rKoQ0ErBsWtP8AkvKGjU/BO7jlZ19onXTe7YbPouniML5CMuJ5WuoImvqGg8DdU3TdHHT25hYN3cn8lorXATOCVi1D3SydfQQ21ouYBp2a1NvtQKOy1En+ElSqaH1Co+upjFaTGDvJssDOy/tryRvh9CBSzVbxgyuLhlWfU1Q5tCQx2M7FD6Wh8G0QjGDhVXVFQ6SURg4GeFpqWRE3toKaAkg5Woto8ChMmNyFmaYantYOSVqYCI4Y4yEySyIqz7JHimCgdMecHKxNH/vdbqe3LdZ/NaPqaqfTW3Sw41+X8lT9PwBz9XOEm18Dovk1tLEBG1jBgK3YNMQyVX0TfIMjhT3nyN+yxzZtrWUQLgdMJIWXEpfUbdytFd5C2EjustR5krT7IMZDk8PBraIkNbgbkLT00eIo2OGXELN0eAWA78LXWyLXPG32WHUvBrpL6kiEcbGgYOFE6hmkZTaGuwCN1aBjWD0WXu8kk1X4eryjGy5c3l5G+yb0xQl7zWPbsNmrWMOSoFqpRTUrGAY8oU9gOVnm8iZhRwnrg4Rkhlp8CXRyuLo5UKCDhdXBwuqEEkkkgIJJJJQgkxPTFCCSSXCRhQtLI1Df9JTjygO3GMqDGR6p5leIAdnbv+yawAEBowBsEOMF8z5vw40orWkHcJkCDztpUlowFFkBxH/zhS1YaGJJJKEEmSnhdQ5RnChTGFZL4ny6umvkGfXcZoqJu/8AUf8A0WtKwvXbjU9R9L2YHJfXfNuHq2NjimQFzNfG3RGyMNA07J+QGn7LuAgyHDHHPAKYFCOA0AxCD67p6ZDtFEP8KehLElv257JJpeAC7PChCpkAnvkMQYC2Bhc4/wCMghWoIHbhV1rYZZKiuI3e8tB+yn9iiCHZHqguJ8eMD3XCTnlci/vs/wBKtdlpZJG2UkMHJT+RhOXRRner5C5tPTs5c7UfshWuIGnx6KN1DUNqLgxrCf5IDT91LY9sVGNI/CSf0WiBRXWk67lW1R3DcxhS85co1gA+Tll7ySOOVJ/F+a21LImUsFL1ZUsioBCT5nnACxjVfdXzl9wELTkMCoQML2vi6sVpnmfIPNhFucxgpXyA42Xmxf4lQ54PJJ5W76rlMdrfjuvOY5CSF6nSrET5n5+7fdt/Rd2xviV9NGBzKCV6jgABo7DC8z6WjNRdIsj6TlemsHm3U1Ms8HY+mq8VOb/ZOi/7OxKX0XI/pwlKQ7grA+T1cuhoIAO/ZUVKPFuEj8ZDVazvMTC4+irbawh8kn9WUcI8nN1b4LEkY3K81+JVbppntBHB/wAl6FVOxheOfE+4AyGlBOXEgfou742DlYfPfrDU/Do2v2YqlBcdQ7LbdN08ehjnDJJyVj6OPTE0Dnut/wBOxgUzCQvZ0LbHB8D1s9yNAMNi9NlSTEulJO+6tJ3aYHbqvp/5kgGFrOZWsdjs+FSvfjfspVnH8guxuVDrnjw/CAwrW2sayBmkdt0qYwtmao6CSQ9mn/JfLvVVT811PVPzkB5H7r6eudQ2msFQ87YY45XypUB1RcZ53fied/zXJ133RUTteGWJSmGjdk8KVG8kDZRWsxnsitdhYMpM7sJbeUTWvBQ5GhDY/fhEcA4ApE0zZXZvXIKZoxwoUoAdsp03ChysJOyUDMAQE1rix2QiljsHZCwQeFE+RGxstqObLRuDlSJcObuqqlkw4NVs14dGtEHwZbI4eUVlQwh+lJnZSKlvmBwo42QWI0UzxgkMBxyuPbtymxkHbKeXE9lma4OnXPd2AOzt1Lojh4dtsoko4ICJTuDXDJWebwbavyRsOkqvwbzG7gEYXutFKJfDY051NH+S+erXIIJ45hy0r3Hpar+YijlLs+Uf5JbPoHgr8PajS2suFTJEDgY4UuZmHYwolGPDuhafRWNSzfbuUtrB7ut8GP6vpmTQPbI36WZCxlqkc3duxYV6B1NBmGTH9C88pwY6tzGHAI4TYPB5zXx2XqZui01NE17hl2ldazVRY9ECyvdJSFjnfSprGHwnMA5yrbwbIv5IpkWm/ljGFX31pMIcB3VjF5CWkcJlxhMtM4AZI3TaeGZtVHfHaeHddxFlewkdlUUOB3Wv6/oQInVLmjYbLE0b9QBOy7FD4Pinn6Ph1kizIB7rZdCVUocIy/YbYWLjyFoOlKjwa8DPK6NL5PK6yGa2e0RESU2MfgWet4+VvpY3Zruy0dqLZIG59FQ3ZhobtFUPHlc7Gy1S6PLJ8M1Bb+SZp90WNwfG144ICWn3Qit3OCMYwQoFVGNOM91alu3Kh1LCQMeqgXRnK+AbnG6z9XEN9sbrX1kXl47LN1cJ1Yx3SLI5NlFmDMVzCHcKK4AtJVxXwENLi1Uz3YJ2WSSOpU9xEkGHYQCPMMKVOPxKPkA7pMlhmz1glwgGPhR5Bko8PBwhvGwKt8oFPBGf5Qj0de6lkBLvKdiCUGR2rnsoTyScZ7pDTZoqnya9ohqmB7MEH1VXJDNb6oTsB0g7Y7KJbLi+meGPOWq+cWVUWuMgpFteTs6PVfHJSNt0X1LT1EDaOd2l/Yla6QBoyAvEWSzUUjZostLd16r011BDe7fEXOAla3S7fkhcu6tpn13wHl1fUqrO/RJuFIKyPTkAjus5LEY3vpqhuCRgHt91rpInA5GwVTeaMyw+MxvnZv8AkkHo9RSpRyY6to3wu0ubkDv6hUrY5KOrdIweU7rZOjZUw6XDzYws7WwFjyxzdxsgOPZUyfb7gxwaCd1f0js4dlYeIuilBDditJa6zMeHPyOyXN46NVFritrLx7GkDByolRCHDYI8cgLeU5wyMqpSyjdjcihrKTfOFGaMFXVTGHcBVVRTuJyP81SllmacDuQQMELvOMqPDkOxlSXgNDThaFLBnkiPWUviuyByFnqpjo5CHN4OFqDgtwRwq+5UQkiOBko1LBzNXRui8GVradsrC4N3VK0up5SBkAHI9lopmujG7eFV1NHqcXtbkH9kSPNzi4vgv+n7o6pYaeR2XNGxV40j1Xn9NNJb52va4hbGhrBUMZI05DhnlOisnQ0eolJbZFomvGQkxwIC6d0ZvzlEOQHOcLPXy3jxDUNbyFpZ8N7cqBWQ+MNPCOPJz9XWpoybG4yHbKNNlvZTKyLw6gtGyHPT6oS4chaYHmtdDEeCATnfKY1ztWMoTiQd+U9vOQjcDzktS8/4NVYbgCRBIQMBamNwkALdwvNYpdODuCFuuna2Oqpw3k4We2B7XwPk4XP4pluyIEcpzYeeyezBP3UhjBjA2WaUD2MY56K99KJNu6HS1E9FUBzSQAcEeysjD6bIFVT6sYalYwNWU8o0lJKypiDv6m5XQwjA9Fn7XVy0sojc7yHjPZaMESMDgeVRohZlDjgjCA6Ig5RmscCDlPLQ4YIUNClkBEPMEfAOCmeEfVPaiSyEhObqG6g3CijrIjFI3ng+inNXTHrVFTgmsGCIrbBWeYkxE7HthamgqorhCJI3A+oCNcrbFWQuiewHI59Fj4zW9OXAN1HwnnvwQqMGHpn/APqmukj9Qo0sLS3GMKXSzsrYmyswcjOxTZWlpxhQ1pprKM1caAdhwql0bmuIIxha6pgEgzjOyo6yjOcgbqHN1Gny8oqzG12c91SXCi0PMgCv3NLTgqNVQeKMAcq8HH1OnysGcBIJBGF0gHujV1MYmmQDhQHzaSMhW+Tg25qeGafp/qess8jW6nPizuM9l6pb73Q3iJrqeQZ0g4z3XhUcgP3VpZrzU2mpbPC86c7tzyqXZ0vHeWlp2t74PaHxgFCcwKBYeoqW9QNLHASY3Gd1aEZTF0e3pvhfBSiyJ4QwRlRpIBjcYVjp90F7NtlGw5LgppqPVnbbCrp6PA4xvz6LQvjydmoMtOJBxwig8MyW0qXRVUtRNFiNx290eqpY6uIa2tHuE2alcHgtbwjQkswD/mtUZ4OfbQZe7Wd1OPFp26vVVkMzo3jI+63czGvGNIWdu1mO9RTN+7U6uzBxtZ4/H3wAwP8AGZ2VVdbLHLmeJm/cBc8WppHAu8oVvQ1kU7cDc91ojYcO6r5I7WZW23CqslUCCfDJ3C9DsnUlJdQItWmQDgnlZC72SSVxlhxpO4VJBNUW+pD2EsewrXC7BypRdUtrPXJotW4GVClBYchv5KusHVlPPGyOs+rhaWelhrYmzwPbgjK3QtUkU0pIrYpiCNuFJIErd2/koU2aV+HNR4qkOAJ7JwmSw+SnvPTEc7jU0eGuO5bxv7KkpLrVWqo+Xq9TmZxvyFvCeFWXKy0twy5zAHkcqGK2DUt1fAKGogrIRJCQcj1QnNwfRZ2ojuNjmLWajHnIVvbrrHWMAkxnv6qEq1GZbLHyGdE1+zgHA9iqmusckZdLTHLeceivzEDvGc5XQx2cFBKHA+zTxkmjD1FI1zXRStznt6FU9Ra8ZMR3HYr0O42mOpiLo2hrx6DlZ2pt74TiRmPdZ5U5OfZp5VN5Rk2zy079MrCWjupTHwTjLSASp9Zb9i7TnKqn074t9OR7JUq2jN2HIc1OimY44egxVTfolbkeoR3QxuGqMcpLzEHB10LZQS3fChS0xaMo/wDOiO+wT2zROGzgSVM7uy4ywV+gtJBC4yZzCp0sDXjLQok8BGMBDKGOgpNMmU9buASrGOZsjRus01zmn0Uulqyw4Jyl78PkXOHsuJKdsm42UR1O5jtt0WGrDsAqVpa5v+qesMVuceCA8QuGiV2CVEqre5rDLEdQ7jvj1U+eny4EBcY9zMAjb0KrA1WtdFGBjYFEbM6LOjuraWggqWlzBpd7KrloZ4nEOGQkyjk1V3yj0yRS3IE6ZPyVhHIHjU05VDp3B9EVlVJC4aTn80h1nSp1OPzLlBewEYym0twjc0NkOCpekOAICFrB0K3C5cMrJaEPGeDyCg5q6N2TlzfYq40AhMMYcCCdlascHwSelrS6K989rrgGyNMM2OTwSgSUVRT+aJ+pvYgqXUW2GQcYKgv+docBv8yMcY5T46lo52o0a/pQWG4VELgHg7cqbBdiXgeqgG4U07cPBY7g7JPpi4aoyCOeeVsr1Umc27TRXaNHTXSRoAimLP8Aldhaqx/EG72zTHLOZom8Bx3wvL2zTREA5GOVNhuZ2BW2q9P8jmX6CFnDR9DWP4n26rDGyv8ADceclbq2dRWq5MDI6qOUkbtJXyhTXRjBnuVbW3qOqop2zU1W+Mj0Oy0RkpdHG1Hh33WfTlX0tZbjql8Lw3nfUzYqod0ndKSUmjqQ5g41FeZ2L4q3GmnHj1PiN7glegWj4tW+QtNU5oDu3om5wjkXaW+lhSMSOhulEcjiQN3/AFUmhqDRzCS2V8sUg/xcj0V/R37p26RicPj83OUWXpq11jfGpJ2sL98tKoy2blw0OoOq7vA/VPK2duPpIWmoOq7fOwGVrmP7jCwU9gvFFJ5AJGcg5UYXCSkeI6qmc0jvhCop9iHWmerQ3Kim+iTGfdSy1rmggjB7rzCkvlPluHY/NX9HfnFrdMwx6ZVbcCPjyzVuZ6BM0+6qor2/AyMqTFd2HmMj3ypuI4NEnwj6pBmk5yhfxakyM5CI2to5N45cn0wiyA+AmkAYTdPuneNEXaQ8ZXfDzvlMyidjXA+qSeYyOQuaCiID1FczlPxhJWXhs43ugVFLHMPNyj5wuqcFRyihrLS9/mjbsFUzUrmAtlpwQFsnN2P2UOSnY7Z7QVTbQ2M2lwYGqttpm8stIxmfRoVXN0tYJD5WsafsvRqi1UshyYxuqqq6bpZHahsT6KsJ8jY3zXTMDUdEW6UZilDVBk+H8rfNDP8AYZO63j7B4J/7UMdgTwmC2P4bUA/YlA4RfZphqLUjz9/S17gdmEjb3O6Z8h1DTva4MJI7ZXobrZcnf3EgK4LVc85eWH8lTjgp6hyeZHnpq7+1+k0zyRyE/wDjF1YAJKKcY7r0B1ulBy+na5x7hNdQgtOqmU2siuTMG2/VAP8AMgmapcfUtNgB8bwe+y00lvonuxJTA/kgyWO1SDzUoRJNdjVKD/JFNF1BRHlrlIiutHUHyE591Jk6atDhjRoyOyqqrpWBpDqWpdGfVCRfE+iy8SJ/0kfqkGxgdlQyWWtjP8qvZn/mXG0t5gdlkkcn3KHcwnhF34LHHISFO0cbKpbU35uB4cHupLbjdRjVTNJ+ytPJXZONLkZwh+A4HYoIuVy70rT/AOFFFwrBuaAfoiwym8BGxvGM5P5opZlpBahfxGXGHUWE/wDikjeKJTAGUxny0ZOHR5XP4bTnfQn/AMSf/wDISRucuNqI/qphkyAkskT3ZZEDlD/2fJ4GPzUn+LVQOBQH9UaG5VTsaqLH5pe0jskuiuf0692+UA2F45xstCK5xHmiA9l0VLQP7mT9FMFq6z0zMSWuRm3gtP5KPUWZs8ZbJSsx7DC1viNefoxn1CA5rf1QuORkL7P2YaXp2nj/APg2nb0UN9mogMGAfovRJIQ9uCzP5KI6hp3HJhI/JVKI6Oomjzx9npAf7rb7LjbPa3jDn4+4W/qKW3xRl0jWt/NUtVJ05Ef5lWzPo3dXFDY3zkZl1ktOf70fommy0RGGShHr6y36j8k10jh2wq2Wa8zx6GRMjH+Ebq+DTW5y9hJLLA3zCcAD1UWempYWk+OPyK661XCoaG1dVhvpqQ/4FSxnMkz3f+IqcGhSx7Isk1OzbxSoclRGfoBPurd1vtLcDLs/dEzQRNDWxtIHsgyF8iRny/X+H9k3wzzhXj56V2WtpfsdKA2kmlOWwYBQYDjcmU5jKEWP9f2V/wDwaodw0DKezp6pG7wMK8hfNFdmc0O/qK4IyTj/AEWsbYqdjcyOaEx8dsph5nNKX8nOC1bu/EzRo3zDyOwfRFis07hyrd13tFLkta0kKBVdXUw2gh3CvsKLtl0jsNllz5iMIzrRSxYL1UVHUldKB4RaweigTXSvnAbJPsfTZTA1VXPs0b/4dAAA8ZCjvu9LCNLfN+aoWkuG7icrraZzz5RuUGQlX/zFpJeZHf3I0hQqipqpjl0uEWG11RGQ3ZWNPZdQHjtwouQpKqHRReeQgYJKl09tq5CDoWhp7bSxD+7yQpgY1gwGjCKSwKlYvRRQWZ7iPFaMeqnw2yCPGGjKnLrdiChfALbYKOkbnBGB2UpsbGYwEMTBo4UWe5RR/wB4UMpJLk00ZxhIsAxo4K5LUxU41veAs/U3g8QO/dRHTzVJ/mnIWC2+K6PTaDQ2cOfGS6r+o4tJjjOTj1WfqZrlWuIAIaVOp6SB2HGPf7qYGBuzW4WGdm49LTpccFEyzvkw6qzlTaW308H0sBPurBzC7twneFpIKzymjbCiMeUCDcbYXDunyTRMwCos9dGwYjOSlfKaoR2rgOWDGAOUEyMh8xIUJ9XPIcDZNLXuO5KVOeR8eSW6sYR5EB1RPJsCMBcDA3tukXBvZLcwxniOPJTV0nJyuKigq6g5CRI7KiBklFMuDjC6JXnZjd1WUEotkgnA5wgulwOcropq2U4LFPprE4AOqSCPRVKWB0aHIqi50jgGjJUiK31VRjylv5K4ZSW6m+pm4SfcQ0aacDZK+Q0rTR/rI1PZms81Vtj91Ma63UrPIzU4eihPqJ6l2CTv2Cl0dkq53BxacH2SpTz0aaqN3FaBSVznnTTtLco1PY6usY178tDvbK0drsMUIBlYM+4V1FSBjQGtwEB06vHyazYUlq6fpaeINe3LhvwrmOAAANaAAiPY2EZce2VFluD3fy6bkcqG2vTxq4iSfLD5iMYUWpuEQIEbvNxygiCurHDWSG87KdS2aCncJXed3v6qD1W2Vx/iNQ8Nzpae5UqK1AYdIQ4+qtJGAgZCBJVxQNznJUyXtj7HQQCEEkYAQ6i4ws8rXHUFFkrayoOmMeUqO5vhfzJAFBU5JBZp5qgY1kN9EAvZAMuxn7qHVXylg8rcE+xWarq+eqkLjIQ09ghcsdGW7UxgvtLa6X9rg6nptiOTlUb5ZZcmR5P3KFkZyTkruRgqPLOZbqpS7GE5cngjCC7ldJwNyqMcrMDy7A5QS8k+yaXepKE+RoamJGedgd8mB5sbKJNUMG5IUaetAJzwq2etEhLY3FUYbryfLcIj5cqFLIZTkDIQGxkuDjupUbAANuEcYmWVrZxjDzhEaMJ4AC7nCYUJOzhpKDNM2IZceVS3C7kudHDwOTlGJttVfDJ1bWtjJAcFUT1kkpw04CAPGrHkkk4UumoCDlyKMcmaVnyAPCkmcM7qwpaHSA7GCVKp6QDlmMe6keWMDATNgH+QUcDWYXJ5RE3hCqa2IAjOCquSeV53fkKugZTSJU1YScDdR3SGTGUIHO5XEIlvI9JcyEshAXk6kma00zb4AUBc0gqYkN09QNcjcFOXfKuDZGBlHADndFGMbofiADhDLz6KFSltDnAHKjyyknACRye65pBG6glz4ByOzgDZC0+6dINDtl1pyFDNOX7GHbZDT0xNUTLN54EkkuEjCgBxMSPKaOVMjcjWDcFGHC4wDAON05QqbHJJJKCxqSSStLI1vA3T7okcRJRaOkmrZ209OzVI7gL6s+B/9kzW+LqL4pubS02f5dvOdbhjlw7dsfmunpNLv5Zztf5Kjx0N1z76XtnmfwW/s+dTfEyqbUPbLbrUwjxKx7SBg/0+vC+0enOlOlPhzaf4N0zTNa/GJKjT5pPTPP8AmrCa4UlFRxWi0UMFLTwN0tbE3GfcqKBncndduinasHzPyXlrfJzW/wDBej4pSSSXZPSiSSSTQxJJJKEHJJJKEEkkkoQ6OU5MTtXshlHJAY5XRucrg5Thwk2EGndVF/rjBSFjdnP2VuSACXLGXqsNVWOAPkj8oC52qt2QZo00HKxMq9JJyTuntBPAXVKt8LZ5wwjK5EOZHWnL445Li1UghhEjh5nqRWzshj1ud2RWtDGBvGBhUN5qdT/B5wtUvsjk50U7LMgKZgqKzW7jlFqpgPI3cBdgYKWlMh+tw2UR2XHJKS5YNcYjSioSKq7HehJJJKFCT0xOPChBhI4ynMBOMIAyXYCktH8vdVkqSGTHcYKHGO647d+ykRtGkHCnRRyTYbKG/lTJDkH7KJnzqBN4RJo2d8KwG7Qg0jQGbjsiHlOUsGebyMfwokp5yUeUnGxUOTlBKWRtYPJ1KUz6R9lHHKM0EAAoENZx/H5KIeCjzHjChyEhmyRaHDrkGR58BSgdICjRNLnKVJswfZVAuzrgfT/TlNPJRIQBTg/dCYMFMeBae7gbGSXgErX9OU2Q1wHdZIZ2W96bg00LJPQrNdLEDveGq33Nv0X4DcDPogkEkgfmnOJwFxuCN+ywesntaywtEJE2ojGUa6udJIIw7yj0RqQNZTh2Me6iPJnqyGnynbJS85OkorZtLWljZHSta0AbIL36NTxjZFd5I2sHooNS/TE5oO7lY3O2CiR4sSVIJ3ycqwY0agT2UKji8+oqxhbrdws9vQ+jsvLZEBEZMb8I82zTujQtZFTNIGPKq+tnMULiO4WNvk6kftiUFxcNbtkW1R6pwfUKBXS65CPVXNlYC+NpHCMlPNiNCTopmRjkplU7NP4A5dwuSHXVCPsmSAurI4W/hVHS64LWjgFPTtZjcjJUO9yCOlxnlW0jQ2MewWZ6ikyxkQJy4qFXS2VNFLO7TC7B3KVraNRkPZBqHeXGeBhPonOZSF7eVfRwt2Hkg3OUvq3ey09hwyhLisjIQ6b7lbGkDIqKMAYBaPzSLP0XpPutlYPoGF878/1LXUuI2NaAsxbRrlLmjkZWni+nHquRfxLB6fRJbNzMt15VBlNIGkbj/ReeUQMtXE0DPstb13OfFfHknCz3TMQnukYLcgLPJ8Ga3NmoSR6ZQsaynhY0YGkf5K+tsYaQQ3f7qohZhzQBsFeUGzWhYLmjvaaG1JFpFwMBZTrepD5oKJoy4uGy10GANRCwd6LqrqVrM7DBC5/s3y4WDS28Cmt7BxssddKl1RVPOdgSFrKmQw29zB2CxDzlznepJWytPBkvk3HaibbWl9QB2C00ID5WAjYKhsjNT/EI2V9TOGfEPATcFQ6M91dUPlqPkwRpABAVh09TtZTtcBuRyqC6yGpvzyD5QOFrrOA2nYMLNb0NqW7kuKRnl2CO/slSN8ucYwmScrLLGTo18FTfZBGx2fRZ+zt8Src/CsepqgYICj9Oxkgv9EEnhASlm3BprXpdUta8ZAW9ssDM6y3dYmzQOkqhgcL0OhiEUQOFy9XPnBvr4CVL/DGcqrt1EKq5GokGWM82PVSa9+vYKbaafwaffl3K5kngY3gtGgdhgeiI0DCGzsijhJkZ5PLHoqEipTCXQl0cpo35Tg3BBwl/JzggQcLq4OF1RPJBJJJKyCSSSUIMSSSUIMQy4lEQlB0EJQbpO2npXSD+8JDG/d23+qnHhUNe8Vt0pqRpzHD/ALwT+RAUCLGEaYGRnlo3KK1oB2CYBvt3T0+BSE8AloHrlHbwECAHWHHfZSFZYxJJJQg1MIB5TshNUIJYK8xOr/iraAwgNt9ulmdv2cNP+q3q88tchqvi91DNjajpY6bnjfOFcBVno3BIxygSnEch/wAKdk+qDOcQnPcgJgcI5XJKZ9DfsF1cb9I+y6oFgedxhQ6txZA5uR5tlJc7ZVle4vdFCPxv/wAt/wDRCHs4JlvHy1KISMnnPqnk5J91wJIwDjuChQHU4uz3wnnhR7ec07nc5kKtPkJktLJATM74TKh4jp5JD2BTIvgEyFSDPc5GNH491Lu/8i2Skv0ktx+XdQ6JjjO6VxJc9xOUTqh3/u5jRy4tb+61QRRItUTYrTBoGARlPL8ZJ7IkDfBooojyGBRKsuNNI9h0lo5wulREzWvHJi7xUNq7lLK36R5R+ShaAOEWUtMjiBgZTByF7nx8cVo8prLN1jZkOvpntpYomOxk7rEQnHIWk69qHOuLYAfK1uVm4hlek06xE+WeVs+TUs1nQsfiXPIbwvRW/Udu6wvw4aBWSv05GFvW41nZZ9U/vPY+Bjt06JTPoQMklGYQG7oB5WM9DLlALo5raMvGxG2FHtzQIAfVcvby2JrB3OEakb4dMzI3wtVKycbWWfdgFcXaI9XsV4B17UOqb2WDkFe49QVXh0hcOzT/AJL57uUj6i6zSyuLjrIH2yvReOjh5Pkv1zqs1qv+5Ko4iI2hw5XoFpg8OjYMbrGUUXiyRtA7hbqnw2JreNgvVURyuT41q3zgdVuxAd+U23wE4IH5pleQ4eFnflWNujDaYHG+FoMi4KeuY6SvFOz1V5A3Q1rMYwFSMzLdyR2KunDL2tzhKcdwwF1vOaPo+qmG5MbsD1XzZ4RDi4dzle/fFOtMXSroTkahpXh7oToaedlydb+e07nil/pSl/chA5SBPY4RC0g8Li5sk0zrpZHN2R2uOMKI1++MI7HbcIliSwGpSg+DpIOf8kIgFHPBI9FG3DkmUDSrM9nTCMZwo7gMEFSgchcMaVtGKOeiE1xidkBWFNU5ABxwossOM+X90ODyPyf0RQlhibai0lw5ucKBICCdu6nRkaPVR5GYPC0SipLgzwW1goXkEYUsHLPsorRpOUVjhws04m2mZ1wzlChLmyZR8hCIGeFjt4OjXPaXVJK7DSvYeiK7VTxNyOGheLWt5cHMO+ncL0no6Z0TI987j/NCez8JY1JSPXc+FVx1B4d5VaT4275VPrMlLFMBngq1k87WH1aEqaPpFM90clXd2NeyTUMjR/ovM2txXv8AZxC9VrYwY8kZXm18gbT3FzoxpBPCiOV5OHG5FxZZy2o8MOGktxhXzQ3jZY61zGOoBJWqpzqlY7OxTFyDpZb4AJWFlTj+pPqW4DoxwQnV0bhO2QDIGyRO2++RyjreGNthk8368ovFtsntleXUrTG4fovauqqGSoo54WtGS0kLxeQOgnfE9uHNJBXVoZ8l+rdNsv8AkLJzf5bTjYhS7LUmCta/gZwhOLXUsZA7boUR8Mhw/CulU8NM8HqoZjtPeun5/GpQQew/yTuqKRk1C2UjzDfKp+iblDU0bNB3LRstTdoPmra4M3wMrdnJ5C1/HNwFZH+PQREncNCnObss/wBJSPdDLEXEhjtvZaPSVZlseJYIzozuQo0rA4blWJYCCoz48d1TKTyVFTBnbThZ+4QBshGFraiLI2Co7jTZBdpSpGqqW1mTrIwQ5pHZZeqBhkLXDutjVR75IWbu1PklwbuNwsliwdbSzy8FY92tpUN4LXhSI3F2W4QKqM5+yRKOTqRWCTSuBG5Cc8ZBzwodITnlWGnLeFQmb5IMoIKhyN3VhPz+ShyDBQY5HVghhWFvr5IDjUHD0yq6VpOMJsJ0ndVJZHqTXRqGzQ1jdQyCBwVItddUWmqZNC7DcgOHYhUFLUGLcZVrDUxVbNDRh43wVhvq3dHf8b5OdU1zho9jtNyhu9I2VjsuaMOCLLED2XmXTfUFRZaoNLjoJwQeML0+krKe507ammI3GXN9CuTZBxZ9i8T5Va6lKX5GfuVD4EolibhruR7qqr6KOojLtmvA/VbKanErC0tyqOWA09RkDZKOjZVuRh3xODsEEH0KJS1D4HAAZCvLtbJZdVVCzOOQqJ7Gjlu/3QYMUouDNBbq3xAMlWbH5bj1WQppnU0gfnIWjoKtsrNRVNZNlFmeGSZI+xHKizQtAyW5VkRrALUBzT6IHwaJw3IztRTvieXs49F2KYPGM8Kzq4AR5R2VTJSuik1sOM8hEpZMNlbQaQbg5SDQ5uHJgd6pOaTwnJ45Mso54ZU3G2lwcY28qlcwxHSVrjjuqm5W7OZ4W/cJqkcbWaVflEytxge0CQDy53UqyXIwYic7bOykPLJAWPbkFU1TTyUkmR9PIITkcPbKqzemb+ml8RoyVIPCzVgr3SN8KV+TjyklX0coI3TYrcdeq+M4po5KMlRpDtlSX+VR5eAnxiS3kz10psEzAcqEx+W4I2KvbhHqhdsqIt08lPhwec1sGpFRXR+HMcDZBByrKriy3VjKq/xFN7PIXw2TYfUTxsrWzV76SUNDsDOVTtUljkucclUXS081OJ6hQS/MRtlacgjKnxrFdJXd0dQaSd/lcPKSe62sZJ3A2WaUcH1jxHkIarTpokNaHAbcpSwgBFhIwAQj6A4bLPOJ3ILJS1EJByG/urCy1zvE+XmOcDYpT0/soJY6B7ZWDBaUsvG1mtYwPGybjBxjhR7bWsmYHM3PcFTPq3AwoaI8gsBNw7+n90QDBTwBhQ0JA0k9LBUJtBkZVbdrVBcIHMewZxse4KtkxzfdC1kGyvfHaYCkqq3pys8CoLnQk4BPGFqo6mKrjbNE4EH9ky+WeK5QHyjUAsxbp6uy1Rp6gkxZ2UObielntkvtNS9mQq+rp8jhWEUrJmB7DkFNki1DCtrBtdanHKMxV0pacgfuoRb2IWkrKPWMgfuqeSAxu4xumRaZy9TR+ioq6MSsPlWauFM6E8bLcyRjTjCprtbzJA7S0ZU2nntfpN0Moy0cuMBHiqNXIG6iTQuYfTCEyYsdghSUcI8z88aniReUNxnoZRNTyvYf8JXqHTPVsF1hZBO8NqAMH/EvHY5w4Y9UanrZaSQSxPLSDnYqHX8f5SVMk4n0EBkAobm5WM6S6xjqmshnkzkY3K2okbK0PY4EFQ97pNZDVQ3RZHMQPdMMYwd1L0eyZpUy0a8JlfJACd2oEsWgZAVk+LKDLFn3RJibKlIrGgl2CnywNdHjGyKYcHYJNBAwU2LwZLajPXS0QvGprSTjZZt9NV0jyWHSO2y9Ckg1DBGVW3C2+L+EJqsODrPH7vvrKChrmVDfBm+sbfdQ7xZmzNMsQ83qlcKCWjmMsQIxupdvvEb3CnqG4ce57p8bDgW0pZjYjI5mpnlpyCCtX031bNC5tLM/HoTwUrrYWVYMtPgHGVlJI3wykbtc04/NbKrmmcq2qVXL6PYWT09wg1uja52ORyqqoa6nyGhZCw9RVNvnDZnl0Z2OVuqC5UVyblmku7hdKu1SXIrG8DRV4fiKU4PAPqpyrbjbnRONRT8ckeiZS10sfllBI907KEuDTw0Wc9LBUsLJomvB9QsfdenaqindNREmM7gDstuzRIwPYQQVx0YcNLsYPqFYiVUZ9oxdtvGkCKoBD27FX8ZjqGBzHZygXiwMlidPStAeNzgbqhhmrrc4NcTpCP8AIVXZOl7Zco0xhLRugupI58tewEH1RLfdIqtoY8DOOCpE0JZ/Mj3BVSjg0tq5cmTudqfSvOG5jPHsqeehDhqDcL0EiOZuHtBHcFVdZY2vLpKfGD+EoJVbjFdpsfijzmpoHMkJaMFMZK+PDHN4WsqbcCSxzNxzlVdVajgloWSyn9GKxbeGV40zDzEIU1EGeeAZHdKSnmp3b8FEhqWABryVnlBrgT0RmztjdplOCiOa2ZuQpklBT1DdTMAqqliqaWXTg4HCHEl2FnJySm32CiODoyAQrJk2fqGV2WnjmbxugnFS6DzghQzubhWMFxGQ1wJ9wq2SllY76duyECW7EKlJx7K2xl2aATMecBOdD4jdhyqeGoLHBWdNXxObped05STAlXtYg2eB+xwE8kVOA9qJgTbjdMkpnbaeyjiLc2uiHV2wObqhwqp8Esbj4jcYWhjLotnbpSU8NUP5g4VfGNje12Z4HH0ncIsNfUxOBLtQHZTqu1MBzEFWzwOiPmakzqz0a69ThfYy3pa+Ko2J0uxvlSgs4xxacg7hS6eulid5zqHH2WeUDsUa3KUZlo5me+UzRj3SZWQvxodlEJxzwkSi0b4yhNfayHLb6aQl5iGcb42VdNbpWZMEjgP6cq9PbIylIxu2AFUbZR6LlpYTXJnDLPHhsrc49kVuiRucAE+it3wRPySwE/ZQZKBpGGt4WiGol/UYLvGe4kcOcCC1wwiiqe3A5ygupahm4jJH3Q8vGxYtcNYukzn2aKcXjBZ09cW88q0oruWkAO47OWaZUM9cFF8UO3BWqvVPPJz7tLB/kj0Cg6rqaMtNPUke2dlrbL8Sq6j0OM7hjtnIXjUUoaeVLbcJYsAOOPut0bsnOu8ZXYj6bsPxjgqSIK1rXjHdaqn6n6evQYHxxgnjVhfJFHd5mkHUQfZXNL1JLC3zVL2+nmKZuwca/wAK1/tn1DL05aql3jQODQ4cNOyhz9Nz041Ucz8+xK8TtPxIraanwKyR3/jOy21k+MbmwNExDtOxzyrycy3xttHODWGO90pI8Z36pR3m8Ur9cjDIPTlPt3xC6dvRbHMRE9w+pXDf4XV/9mna7HurikzDOE4doqx1rLCf51un++nIR4uurW8gSgxH0dspstDjdjGuHoquusVuq3aqmiZnvgBU/wCwp7G/uRZt60sjmaWz8+jkyXq2Tw9NvlfIPTO6yFx6BpnZmt8z2O5DS7ZVj7J1PZ4/Fo5teO3dDkfDT1z/ABZuJPibcaECOayzSAfiB/0wuw/G6zRHTcrfVQ+5avOh1leYv5VbR5e3k6cZUll9sdc3VU0obIdnDGFPkYxaOH9R6XS/GXoOqODcnQk8B7f/AFV3RdbdNXEj5K700mewkGV4jUWnpS5EOMQBHsq+ToSlDi+31TmsO4GrhT5mEtHUvbX+T6SFVBUND4JQ4eo4RAcAnC+ZZLR1RbR/7our43DghxTh1b8UrRu+t8Vo7uJKnzYfKJ/AUv8AbkmfS5eRyMZ9UF0me3C8Cpfjf1TQxiO5W7xSODjKsqb+0HSAhtfQTMP/AC4R/wAiHTFy8dfHpZPaHvD+3CiyOa7Yn915jF8cun6puHeKzP2CMz4lWOq/u55B+at2Rn0xa0d6f4l/1B0rT3QEtuVXAf8ABJhY6boDqKA6rZ1VMHjgyPKuP9sKKYeSV59N0P8A2iH1AH75UScuh0a7ofkVDbN8T6HBhu8U2P8AEd07/aD4n2zAntkVTj+kZyrJ/Vk0e2s4XW9XgEGV5UcMewkp+4ohwfE7qWlGm59LzF3+BmMKUz4sUgA+es9REO/lwpDOraKbaQNd7kApOu9jm/v6KOTH+EKoymvZGoLuI2D4odHyH+dDOw98gKfD110LUYAr2xn0ecKC0dG1X99aY/choSksnw8nb5rewH2aAU3Mn2Bin2pFs2+dKVZBjuVOMer05z+npwGx10Tj7HKox0j0PIf5Akj/AD2XX9CdNPH8uulb9nYUxJeittWeMlsLfa37xzxkH3Q32ijds1wOfRVJ+HlvkP8AJvdTF/8AbChn4a1Lt4Os5megDj/nlDifpB4h+y4NhjO8bSU02l4GAD+qqP8A2f3uL+46yn27GQ7pjujOrGjydRl33eVFvX9JNsH/AFFqbfU52aVwUFR6Kp/2W65iPkuoeB/iTXWrr6PmeI/dXul7RPjj6ki4NDMfRO+SmG+nKpmQddxjzeAf/Cuaeuif7lirc/0X8f8A+si3+UmB+hLwZgMeGqsM65PMUaQg6yJwSwfYKbv7FOvj8kWfy0x30YXfAkaN+FXCi6oIzJU4z6Jfwy+H+9rsZU3v9AqK6JrmhvOyEZqYDLqnA9MqILNUjzVNbIfzTTb6LJD5yT3QyeQ1FIkPuNBHnM+cKHP1BSRj+WC4+gXXUlrjaQXN/NQ3utMDtXiwfqg3foiRyXqGrG0TdIKiyVVyqhl1VIGn0R33WyxfU5n3BUebqiyRDOsDHogmx8IN/jEjT2yWpAM1VMce6jNskYdlsOs53yiTdc2KIYLgfzUGq+Itvix8tH/khUsD402y/GJYfwSXxS6CiGQOVx9lrjs6PBVDP8TZOIyW/kFUVPxGucjvJuFJSyNjptS+lg2J6c1YdUT7nsuO6eowPO/IWDm63uc3Mhb9lXVHU1ydzXTEemUOR8dHe+2ejSW2xwHL3DI91Fmq+n4fL5SR7rzepvtU8/3zifdQ5KuZ51OJdn3QZbNkNBNr7j0uTqKwU7cfyxjjZVNb1pRRg/LgOIOwCwT5jJyEMMJPP7KbmPhoK1+RsZuuTjDWFv2wq+frKukyI3FoVF8u89ijttsrhsOVWWx3w0Q7DVN+uk2cTnBUL5qebPiyE591Y09mqZD9OR7qxh6dJHmiChSnTDpGdaSXZOSifLuONLeVqYLA1rgXxgfdT2WqnYGgNGR7JgL1S/pMjT22qlH93gKfBYHuI8YABaVtK2MDAGF1rcHOVWRT1M5cFVBYIQRkDZT47dBBgtY0H1UvYBBMoycqIjk32cEDQdsYRQBgD0QDM0dyh/M5B2yqF43MlBo2wV0jAyq2a4eEVW1d5nds1+AgnZGH5M0Q01ln4ovZamKIHWcKvqrtGwEA7qgqKyom2dIUA6jy4lY7tVHH2na03g/ljuseCfU3aoJ/lv2+6huqJpT/ADHakAAk4yjMjA5PKw2amUuGem0njaaIpRQRhOfsreipxKwOOyrYhG3d7sKW24thaBG/hYZWYZ2qqkkW8dM1gydsLklRSRDHi5Ko5bpUSbNdso4kc8ku7pUrcmuMP0XFRdIoseC7UVEnuU0oA4BULAJynDG26S55G7P2F8aSUjU5IRntuuB7WjnKGZfZKchiSXYbSP8A5SlqHoP1UYyknKWSq384KJDn55IQ/F3xhBGScZKI2FzuGlVuQ6MXJ8BA4EZTTJsitttS/AxhWFLZmDDpng+3oqlNRH16Wcyn1vJw0Z/JSYaKqmONGFeMpaKADUNx7Lj6yJgxE0YCD5UaY6Rf1dEKGzNyHVBwp8VNQUwBdjKjvqvEOBt7oLg6TAByUqVuB0a61+CyTxW0cY0M4Hso8tc15OjOE6jsVfWkeHFse60Fu6Fqy4OqHNaPUoflbNVGlusf2xMo+KprHARsyrS29OVUrgZGkD7LdUXTlJRcMLj64U1xhpmEuwAOyBzwdSnx6jzaZ6g6Zp4QHPaCR7cq3bTMjaBgNAQ6q7U8B0M8zjxhQ8XavOY/K08FVk3Qorh/tomy1dBTbSuDneigy3GrqmujoofIeHKdB0/GAJKzEkh74Vg2KCiZgNaBxwpvG/G3+RSU1tr5W5lft3yp8NsijIIHmCNNcaeMclQZ7o+by0wxhQJuqC4J+lkY7AKNPXxsH8lwcVAcyvqyBI8tZ7J8cFPTDLnkFMwZp2/oZNU1U5ABIBTQwtOuV2fdR6y8U9NtHIAs7c+pDISzUcD0VbkjJdqYVR3Nmhq7nTUrCGvBJWbuF5nmBYH7exVRLcfFcTv+aC6cO3QOeeDlXa75PxCvdqdlcyULW0910EHhUv2Y5Wj9XqUi/tlAyfUpZxycJ2DPOYWQDYghCdIG8boT5g3uVDlrG9zsrSyZ7bcEqaowNsKtqa/AxkINVV6xpYefRQxE+RwySmI59t7YWSZ854/dOijxglv5p0MXh4LgjEgYwEWwzNuXZwMAT2riFPUxU7cyHlV0U2l2SXOABORsq6quccYI1bhV9ddXTO0U5KiNikqHDWd1aiLnanxENUV00z9jkHblDgonSYzkD1UyCg4c4bBWMdMxjWjSnKJnm3N5bBU9AxrG+UDAR44hHwOEQYY3PYKFPc4mNIPKvOAHJRJck8cDSSQqeuuLpDpiKBVVbpT5TkITWtwMqnMRbd6Oue6TzO3K5n1XC5o7rhe3HKU3kX8o7OO6WR6hCPPKRGVYDsCeKPVIyIIYS76f3RWxHG5UL3tjQXE4xyjhvBwuBjR2XdW2FCL9j9guEgIeSu4KgTm3wLWcp4cO7VwNzunYA4KMXuYxLASSPCiI5DN+cJoJScPMhF2NsprjlCpWeghwQgu3JXdRwhIRFks9CST1w8IhQ16C5x2yU55GeUFwJIwgkw4rI5EHKG0HG6IOVSBkvQQcJJDhJMKYkkk+KKSeQRRNy88BMrrdjwisrtjFrvh98L+rPiNcmUNhotTDgyTE+WNvqf0XrHwc/stXfqOSO+dbslttuactZgtkfjn7L6ptFmsHS1vis/TttjpaaL+ndz/cnuutpNFjmaPL+U+pqtN/paVbn+/S/wDcynwt+BnQXwpibUS08d1vRALq0ty1hGfoHbn9gt7VVbq2bJzgbD2TC/xO2E3R6HC7FVSj0fO9TddqZ/JdJyY9kDdIJwU8Rk7BMbkd+E99VDTRmWZwDG98p3Qk+I0l3T7pafddHB704kkkmBjkk1JQg5JJJQgkkklCCTU8cpp2QTltIc9kxEO3CFlZZy3EBXGUw07nt5AWHkdrkc71K0vUlb4cLYWnBdsswuLrLMy2nX0df27hK+szadsYdpAefVUQ5RW1Lom4aT9lmg9ryOsjvjg0tRIG437LNTvM9eQBnJwF03GZzXBxO3ulboy8/Mn1T52Ka+0RGtVpsPVgsIZnIGyjJ9RIXSnKYlTQ6K9iSSSQlj0kkkZBLrhkYXEyXJIAULQo2jUTzhPnkGkALsflbugOOpyplSW47Fud0U7obRgLqsHI52SDk8hCgi1ygngIruCD3CVI3z5I9VTLk+Ca3YbJp4TwMbFDdwmCPYNxGTv2UU8n7ojzgndAPKX0aILgfH9SLJgMTI+6UnZWF7AyHKiyfUpL1Gk+pZrHkNBaVg7+6dMM4SiBCcwZkA7q4xyR8hSBFSNd3QWvycYRZs+GAhNGrCKaFp45JFDE2aqjY/gndej0MbIKZjIxgYWK6cpmPrWmRuR2W7aA1oAGwWO154PYeEq21uz9hXDOyVPF4jtISJHqj2yLM2SNlmbWD0tPMkiyL2x0ZaRggYQKKPLtZGTuiV4LWtb7otE1rYScblKZ0qk3YkFmyQMlVs7yZNA4CnTnDTv2Vaw5eSUMlk0WYySoNmhWNC3XJoxyoEO5AAVtbGZnG26RYbNNEuZCRTsHsqW5TkQklXEpw3Cy96ncXhgOyzI12vCwV0mZH59VpbJC4yB3YAErOUgEk7Q4bZWutjAxhPAIV4x2VpuZ7iVES+sMoGw2R7fE+oubn6do90yBuGud2GVY2eEtbJORs7YKjp9h6pw3YD2WQvs+qSMHsStRWOwXHP3WGvU+ZmgdiVaWTJrLNtZFqXEkKa8+DQOLQAS1QC4OcGkbqVc3iKgaPUJrjlHCc90XIrKdhkeCfVawnFGwY7LM29uqRoWlkOzWjYBvCy2o16DLhkt7CwOBJH/DKvov7vPoAqqyRtbDsOQrRz/DpHuXB1E/9RnqNLH/AEzzLrOp1Vc+d8J3Q1C+ar+Zx5WjKg9Tu8StqAtT0DAYqPWR9Tf9VntlwVTDfqDVRABwGFfUUWGNPBVPAwOkaMZV9A06Wj2XNtnyd6mBIOI4y4nYAleeUcrpr7M9zs4kOn2C3d3k+XtU0nB0kArC9PUz5K50gPHmKVXyx9i6RcX2ofFRkNOM8rLg5Vj1TVSCdsIPlA4VNG7Vse66NaRy754ntNFacMgzjcqfLP4VI/23UGljLIo2d+SlephFb3tBwSraWA4S+xyKW35rLg6Y8F2MrdW+NrQxoGMLI9MwNID9O5W1pdLADj2WG+W02aVZhyWcBAGAOQhT+UosR0xZ9VFmmDVhlLJvSwjIdQzGSUxq3scLYqNpa3cjJWfucnj3ERgLX26nDKONpHZU3gXFfdk0PS0AfOXEZWw3YzGFnulKU5dLjbK0rsYPZcfVvMjfWQJTrqGMPJKuqaIsa0dgqulYJKsucM6TgK7Zjj0XOkxknhBW9kUfSEIcoo4CV6M+OQjV1IDCSBhHGfUEYYwNkBGBwlMhxJJJMIPSSSUIMSSSUIMSSTScqDIx9hCRg7hAPKWT6pigxcDnEAebhZ2xsdPPWXN7fLJL4cQ9GNGP9FP6jrhQWuScPLXnaIj+s8IdopzTW6CIjHlBI9yjiUWDNwE48JkfATzwmljoRkoiZB6p6hBiYeE/ITCRhQgJziDgFNXX/UVxQgVeadCEVfWHWVzzkyVkcQdnnAyT+y9LJABJ7Ly74RtM0N7uOcipuUp1evCuAqztI9BQK06YAf8A6Iwf/VBHUO5n+REAeaiEf/5AmjIPgtCMNA9kMclFfwgnuFTD9ieNSgRgPuEgdv4bMNUtxwCSVHoWZY+Y/U9x39kEewvRJHCR2SSTGAyNVyEU7yNtjuuW3T8mwDbO5+6Fdn6aJ4HJSpAWUcI76VEW+SUG4JyVFvEnh22VwPbCMCSVXdRP02/w8/U8BOgAVNuaHOyRwgdSykNo4gPrnbspVuYW8qJeg2a50UDiAWHxN/RbK0DLotJiQwD/AAhVd1ndDb5S1wBdsrKYjSFnupZtFK2PJBkOy7Ojr3yUTFqX/pszWCd0iCAduEUAYG265NiOnkmx9Ayvb6JKMVE8jqntTkeU9Xzma9PyPpaqmJ2kjCJcpXVNxnqic63nH2yo+cAru18RPlutluvlL+56P8N2AUVRIW+Yv2PstkOVlfh+0tsgk0/U4rUsOSsd/Msnv/DR26eP+AocdPKazkH3Xfwn7LkI/ktP5LOlk7cnwVl3IM8bc/jCl4GgN7KBXO13SOPnkqbKSMALbQsHmdZZ95m+spvl7e52Ru12P0XhFO4TVbnPGfOc/qvYfiRVFlt0gkeU/wCS8jtzGtb4h3OSvV+OrSipHxf611OdT8a9IvbMwvrGjGwWzgBa4BZnp1gM7X45WnDt8Y7r0dKwj5hqHmYyowZQByVcNi8Gg8TPZUgBlrgANlobmwQWnOcYBCJ9iihtEbX1D5HbuznKtWY+fZG4ZAOVCscbRG6QDLs53U+Le4h3oqI/2Y/4yTBtrbC38ThsvLNGYmkeg/yXofxcm8ZzQDsMbLAU79cG44auLq/907/jP/w/+WQZItRyGoEjMDBVixnLXchRpmFpIwsE3g6cJlcRpdgo8Z2BTJR5hskxzdt0mMsMYnkMhTNyMBHZxumkZymyfASbQGJxaclG1akCRuSCE6J2kjJSWsmqqzPDCyM1DGFXzxuhl2GyttiA5RaqMSMxjf1SX9rH2RUlwOo5NQwTyiSsHKrYpDA7BVsx3iwgt5KfCeVgybcMhOGMhcYd9yiTDBUcZBQyRcJbXgkZK4uDhdO6zXRyba7CTb5CypbgjDtivQ+l5HxPAzkZ2XmUJLJAdXdegdPVJ1x7eiznr/DXLKR7Z07K+soC2Q/Twrumc51OGvO7TgfZZDomre+R8Z4ytcwaZnRjhu6XYfS9FNyrycqh/LJxwsB1LTjxXTAbkr0OoZiI5WK6lp8tO3dCVrK99ZnqV2jBHK11ueHUzHclYuLUBgnhaWx1TXN8AnzNGQjOfpJ7eC2nfsMjZMaA8DbCM6MSM0+qBp8N+jPCOK5OhLlFVe4C8loHLcLwa/w/L3KYHu4/5r6Hq2ahuM5GF4Z17bX0tfIJG76y4EehW+izB89+r9I5Ub/0ApfPSDPYZTDwU+0ysmpvDHOMJszXRP0uHuurVPJ8v1VfOT0H4d3CBobCfqBwvVaYtlgLMZGN14D0rXmiu8MpdhjiGle92qRuhrjw4LoVyyjxvkavjs3FFZHGlvs8EZwxxO35rYPjG2BhZK/U7rfd4a2EaWPdvhbOMsmhY9vDmgphzrVlJkQsQnM9Apro/QoL4yRhQRGTyV0zBhVVbTeI0tV3JCQSQFEli58v7pbNEJmFroi1+NOOQqK5QOdEXNHbC193gGSQ3G5WfqGB0bmELLbwzqaWzkxLv5Ty3TuhzEPAKkXCIxTOBGNyoZ4KznbqlvQocCQZKsjjwwqgu84CsoHAsG6hLI4I9TyfsoMvJ+6sqgElQpASUAVZHkOAo+ohwR5OFHdsc4S5GpJYJkMm2MKRHI5jg5hwQq6CVrtiOFNicB7pMluFybiy7gqGVbADgSBa/pDqFtFIKaoOBwd9l54wlrsg4VjTT6cHfPqsN1G7o9R4Hy09NclJnucckc0fiRuBa4ZBChVNIJCXYWP6V6odA5tJUyZYdgSt0Hh7cjgrn2VNH2nQayGtr3RKox6CW6djys3fbP8ALv8AmYR5Xc7LZujaTu3lR5qdkrDFIAQcjdZ8OL4G3VbujzgtUyiqnQuA5R7xQfJTksB0HcKrBMjsgcKGWLdbNfQ1wlZggHCkOAeM8LM26u+WlxJnSRhaWnkY9oe12QUBtqs3IFLESNwq2qgLeGq8lLWjGMqLLG14OyroOcFJGanDo3bJ8cwcBkKbWUh5xthVLtUL8YTDn3V46JLxncILiSOE9sgISxjf1RrsxTrUkZ+628xu+Yp287kKBLT/ADVLpI3wtXJGHDB3yqKqgloqguc3MTvTstEJYOBrdJ/VEzNHUSUdT4cjiNLltaWoErGyA5DhlZvqK2HQ24U52zuAn9PXYSxiB31NWmEsHMpn8M0maxjtQymvZk8rkMmW7pz9wtcOTqSe5EKqjDmH7LPVcRY84GFppm8qmrWDcYTDl66GY5Kp7Q5pae6qJoTHMRwCrlwOeFXVrPPkhMWTyGshxuAjAbzunY90EOx3XQSUUY5OW02TYZ/BcHDn1XovS90FZAIZH5cBkLzNm6tLRcX2+pZNk6e4SrKjs+F8k9BqFuf2vs9XA8wxsp1PgDfuqu21bK2nZOwjBAJVhGe2eFjmsM+v6e+F0FOD7CvjB4CiGJpJjeN1YxtB5QqmDSRKxuUlmtx3Iqx41BN4kZOk8haOgnbNG143yFXuiZNHjHKiUk0tFU+FnyE8KYChmLNDNDnDgOEJji3spcDmSMGNwQk6mw4FoVGpLciO8kEZanag8cIpYCMJsTdLjlWNjDAPQU1zfdTC0ObgBRjE5p3V9kcEiO5vuqe72iOric9jRrCv3RHZAcwnulCrqvljtZhaGvmttQaecHRnG60zXNe0OB2cMhDudnp6lxeW4JVNS1M9DIaaZrnsadt9woc/bPTycH0XUsWtvGVT1lNjLgFax1bJAABlNmjBGrTn81AbPvRnHHBLSEyZjZGjIyFOrqTDjKFCA05BKYuzmaiv0Z282cHM9O3jkLMVNI5u2nC9DlZlpHsqGvt2rOBgp0o5R5bX+MjNOUEZHxHQuGQifM8bI1fQOa7IHHuq8l0fIzhB0eXsnbpZ7Wi2oq2SmkbLES0jst30r1q+OYQVTyWnYgnheYMqsYA7KQyudE4SM5Ch1PHeXeklubPoqiuFNWt1QSA+ykLyLpvq/wADQXSYI2O69Htt8iuEYdGQSOQgwz6P47zGn10MxfJaloQiz2ThJ4gGycDoIOFMHWi1LohyQkblv7qOBvwrRwa9vCivhGdm4/NF2VZWmBEYIyhuia7lG0e+EPT7ozFOrBVXG3RTAjCzFys2lpkhPmbvtytxLGHDBGVCkoRICCAPdEpNHM1WhjesMyNvu7qcCGqBOnupV0stJdoPmqZzWPIzxyVIu1jbNGZImhrxuqekulRapfDkaSAcELRXbg87fpJVx+O7r9lHU0k9EdFSzB7ItrutTQziSI8dsrX1ENvv9KRGG+IBnjcLK3KxVFv82CW+oW+u45FujnD74cx/ZsbT1JDch4Ep0vxwe6mVFLnfbdeb0800LxI12CNwVp7T1LLqENS4EHglbIW54ZkkslzBWy22YMkBMZV5T1FPXs/lSBrvQqrfHBXQ5bg59OyhNZPbZRLGSW53WlPIt1tGhfHKx2l/HqolwttNURgvYN+4UqhutPcm+DINL8JSxTU7yD5h7pgh15MlW0DqA+JC92M/orC1XlsmKepwHcZJ5V18tT1g0vaAfsqO8dOOYPEgGD2IRmeash+BaOptR1RHY8IbvEiOJB+aoLZeKm3T+BVuc6PjfstNDJT3BmqKRp9spuFjAddsbVtz9xAqaZtS3LNId6qqrLVI1vIJV3PC+F2NJ/JdLS5vbPuhda7KnTGX5Iw9bZ6hx2GRhUdTQte8tA0uaf3XpFTEMg4VLc+nY6zM0DgyTHHqs86YyMN2n2vMTK0sdTTgeIPKpPkkGXMBTZYq2heWTRFzAe4yE+MskGuI/lnhZp1pcMyyi1yiBVW57SZIfp5x6KEJ3NcGkcLRtLR5JG7qFWWhs5dLAcE8jskulR6AjP1JkEOEzRnuo1TSbF4SkZUU7sPDgAjw1LDhryT7oHDIyP8AYq3kxHSRunxycbZwrGWiin3GlQKijkpzk/QeCglHb0HKW7gmU9e5hA1ABWcVXFI1o17lZjcHOUWKoc3BaihZ+xc6c9GpMAlGsITYnRkqtorxKzDXvwCrVtXFK0evqtHDQh1Sh2cGl2zgmyW+Gdhy0ElEfCeV2J7o8DGUtxyBG1p8FNU2l8TsxsOFFkpntGC1akgSBRpqEPGw3KW60xsdQ28MzbGyRuy3YqVBXaSBM77KTPbpWu3bsoFRSvz9KzzqOhp9Zs5iy2iqYZQNL+UVzct5Wda18fBIU+C6PjjDJWaiNgVmlVg7mn8jl7Zk3Sc8LpYAF2KeGZuY5AD6HlFIwM5S2sHShdGb+0iOGcqO6ljfy1TSzchMLN+EsNxTXKK6S3wEZaN1FdSVDeGZCuHN900tz3TY2yiZrNJXYuUVHiTRnD2EJwroTsTurF8IdyFHfQU73Fzoxn2CdDVzTOZd45v8DkdRkAjui63E51FQpbcQcRyOA7DPCYBWwnQTqb91sr1v/OYJ6GyBaR1ckJGkqRFd3h2CSPsVSfMuaMSDCfHMwkFr1sWri1lGO3T+pI2NJ1FJGxoEnHoVe2/rivpNJiqpRj0eQvOI5QcYJCkx1rmjcFNq1CkYLdBVPtHt9l+MlzpXAzxx1DQMYed1rrf8W+nq1zY6hron/iHYL5nbcHDkqXT1gccjlN+ZZ5Odf4WmfKR9aUfUFhr4hLS10bg7tnfKkiRkw8hDgfTdfJ8F6rKTaGRwz7laWyfEi927Rmtdgcgk7o855OTd4iS/BnvtVQwSOy6njPrloVHcejaGqBmp2iKQ7+XhY2h+MUpfqq4IpW+gdpK1dq+IdnuQaGuEbnf1FR4Mk9LfQ+itqekK6mj1wODnDsFWNivtJLpEDxj07rex3yimy1kzSfZcGioJOxQlfNJ8TRjB1AYhoqoHahzthSqe7W2sAbJKGZ/C9XlXaaSV+t8Dc/ZU9V0rTSSF0bcA+iZGW0LfX64Cihs8484jdn2Tv9kbNUbmnicD/hyqSTpevbnwa+Ro7AbKM+29VUrh4Fa4j3cVeV+hmZS/CReVXwzslWP7lrc9wMKvk+C1E7DqW5TRk77uOFHbcOuKLDvB8YD7lSY+vOpKbArLW849GlAoQf5IJfyo/hJA3fB3qGJuqgvDXY7GQlRH/D34h0ZJZUtkA/xlXMHxWkhIFRb6hh/5VY0/xithIEjJm/cKNVem0V8mqX5JMx8vT3xBptnUrZMepyohi61p95bPIQPRuV6VF8XOnH41zEH/ABYVhB8T+lJ8NNREPuQijGt9SYbvvS/20eQPut8gOKq1yRHndmEI9Q1rDiWlmb/4V7hD1f0jUjDq2kAPIOEc1Hw/qRlxon59mqbX6FfyMfnX/wBjwr/aScciRqeOpyACZ3DPbK9qmt/w8n2MFMfsAoE/Snw+qB/2eEemMKYn6YS1VXuDPKouqSDkVLv1U2HrENHmqXAf8y3U/QPQ0x8p0fY4UOf4YdGyjyzPH/jVP5P+Yt3aeXcWZyPrqnaP+2OyP8S6z4hMBx84ftlXMvwl6YOwq5B+aiP+DvTR3ZcZ8+7ley/0wk9G+8oCz4gRHH8933ypLevnkDTWn9VFf8HLODll2nHtqQZPhHRDZt0k/NxVr+Qi8aJlmfiDI3/4wn80WP4hlvNRn81np/hZCzi4uIH+IqM/4bxD/wCPOP8AmKrffnkio0T6Zqv/AGjgO/vv3Tz8SBox4v8A9UsWfh3Dwa93/nKC/wCHUWkn+IO/85U32/otafR/s2D/AIkjJxP/APVIJ+I5Jx4ufzWKk+HrA44r3f8AnKju6Dkbk/xMgfdTdY+0Mjo9K+UzcVHxHc0eSY8euVXS/Eepk+iUn81k39IPZsLlnHqSgu6cmiGfmWY9VTlP9GiOj05oqn4g1zttZ49VXS9Y1jgSakjP5qodaS06XSZ98pCzxZ/vP3S5Sx2OWl06JcnVU0uQahztlXyXeV5P8126P/DKFoyZhlC8K3x/jzj3QOQ2MKY/iiO+sq38PKjPdVyHd6sTJQtBwwn81FkqI3nEMZ27K85L4iRflql+P5Q+64abAy86VMHz7too8ArrbTcKgjxAoMjbFdla9kPaQZQjpHCvGdNv+pzVOi6fjaBkjKop6mEXwzKhrnbNaSSl/D6t/wDwzgrZR2aJn4AiNoHg7YACiL/mfoxbbHVOOS0qS3p+oIGW5WzbROxy1d+UeN9QUAlrZvoy0fTTNILgMlTaewxN5Y381duiAxkIgjAx7KGeWrskyobZYQdomZ+6eyzhh1eUYVmHNAzhNMrQMZ/ZTIt6iUuGQ202jYgbIobjvhPdgbkphdjsrCUpTCFuO65pzwVHdUYz5VFkuLI9nPLPuglPb2aqqJy/GLZYSPDMZKFJK1nuqae90zXeafJUCo6haTpZG4j1ykz1Nce2dGjxWou/pwaCWqIHYKFLWMaPMcBZ2a71Lz5XYUV9TO45e8nKTLXQXR1KPp+b/wBw0b7rCM5kVfPdCRiGThVO5KaGu7bLBbr5/wBJ1dP4KmqW7GSY6vme7DznKEXPfud/zTAz1RQ0AbFZJ6idn5HXr0ChzFHCTwn990t07Le5Wedpqjp/2NyAkCeyWWjukXDtulSt4NMKdoQnO57LmWoXjDO4S8YeiRK00KOCRkLoeG8BRwXOO2clEbSVTnY0oHYaK4SfSHOnxthNM3ZS2WqoeMlqkwWSJuHP5VOZpWmnMqzISntBccAHKv4rdStAywFSI6ekiJc1gyPZLcx0dE/6jPR26slIDIuVPhsNSQHSlrQrR07R5WgBDllcN9/1QuaNEdLXD+4Jlsp48ZIJCltbTQ6S2NpPqoYlc84aCcKRTW26V8gjgpifugz/AHNddT/+mhz52gYa0KO+p0+UrRW/oG9VMumcCJn9RKvaP4bW+KYSXCo8QN43KCUsG6rRX2dowA1zuw1uo9gpdL09eKjdtLgHuvT6Sx2K3yF9LSNc7GMuGcKYWA40sDQNtgh3s3V+HU+bGzB0PQLi1slXUNBO+kDKvKLpW10ZDjCHuHchX72Njbqe4NHOSVW1t6oKVnknbM87BrNzlDJ7jbXoKNP0uSRFBDCA2KNrQPQIdbc4aAfzHgE9sqqim6gvmY6el+Xa3l5GlWFH0YyRuu71fjPPvwhGqtyf2FVU9S1kx0W1utx7JtFYbzcZBPVvLAdyHFagN6ftTxHTMjJaMZDVHqL2ZMtpmloHfCJPIWxr8hlN09SU41TEOI74Rpqi3UTQIsbKDJLWTbOk29EN0IfjWeOUwJzSXA6oupeS2nbnKieHVzO1P4P5qQ4UkA2O6iVF0bEMNdpHZUZbLk3yx5pM7uxt6ockkFNjWQPsqiuvuDgyn8iqCvvjD/xHfqo3gxW6uEDTVl+ZEC2I4AWeufUE7sg4IKz1bfM50P3VXNV1FR9ROFHM5Wp1zf4stKy5+I7POQoPjOccdkFjTnc5T9IQrk5lmolP8g4IIzlNLjwh5PqnK0sid53Ls5yitd2KCmTytZynKAqVpKLgO4UWpqiOyiyVzYwck+26r5qqSc6Sdle1szW3+kHqq5xOxHCgiZ8pwU8U73+YosUIY4bI4xwYpTlJ8ihhzuQpMcI5A4RGRAAY2T8sjBLuydgFv9gywj2TSABkkKLWXmngBaHAk8bqknuFbVu8mzVG2hE7UuIk+tu5jcWw9tvuVXOkqax2ZCUSCme/BkG6saenaMbKorkzuUp9kKGhzjLcKfBSCMg4/dSWxNaE7UBvx+acopAqSj2cEbRwmy1McQ3eMqFU3I6iyHgbZVfLK6U5ccq21gXZYSKyvkd5Q7y+ygveXnJO6IQhh2c7JLM0ps64N5KF42TpwnEOPGyb4ODkBUIbcmcOTuhmR/CkeGcbDKe2nAOcKEcZMANWxI5RGMJACkCIADypaWjsoNjH9jGxt5wnYAC74g4TVAlJI4Sc4XUk9QFzGJ+nG+EkxMS3E3Y7Eukk8riSPYBKY0n1XNTfVcJA5KjlxzyUagZpWMOeFGOolEyVzARJCpT3DUkkksjeTrkORwxyF1zh6qK9xygkw4xycfIS/AGURjNslMawbEhHJAAACGOWE3t4RzSPRdSSTFFsW1kckThdAJOAvc/hF/ZkvPWnhXjqkut1recs2xJM31YtNOnndNRSMWs19Hj4fJqHhf8AmeYdCfDzqz4g1wo7BbXSjGXSfhYP8R7d19ifDD+z50r8PBHX17IrneGYJmcMtZ9mlbzprpWxdF24WywUMVPE0YBDfMfue6sWyHPC71GhjT0fPPLee1Gue2v7Yf29/wCQ3ictxzsmaS7fC7p2Tm54C6EIYOBnB0DC6OcJsssMLNczwxo7lRsXC4vNNR0xbEcZmdsMeyYD2Eqq1kDzFTsfO/sGtyEehsBrJPn7pqIf9MIOAPyVhQWptFEG7F/cqa0HGN/shFN4PgvT7pafddSXawe/HpJJIQxJJJKEEkkkoQYkkkgIPQ+2URD/AApMuiHHclCLSBk8IpUOvqxFTOzscHCw2vCyFGO54Mrf6oTVmhh2YCoDNhumyvMkjnk5yU9oXEveZZO5V9kEh5IxygEkkgpwJPJSjHiStjxs5Uuws45Cupy2l8TH1cKbTtENCcj6k+8s8OaloYgMaBldrBpjZG0YDRwmpCHLKIPJykukYXEOC0PSSSUDEkkkoQSa05wSMrrk1vZElkg9/GM4TPD9117S7hda3T3QlnU9MT1Cgc+MjCLTtI3UeXJe1TYG4aDhWlkCwchnhEPKGeEQMVkhycpLs31LiWPQ6PulIlH3TZgTwpLop9gHcobOyeeU1mxWb2MDsIDeFynyagEj1TtmtSjOk5AWiPRXaHTf3hHYJg3OAml+okItvhdLUjuAlWMuENzwjWdL0oaA9zd8LTAYCgWOnEcTSW9lYOdscBYLWz6BoKvioUQWXHhW1ubpi1Eb4VdCAXjKtW4YwYSprJ19PDnLASyOkk85zg8KzjAZAMDkZVQAXS/cq0fNphaNKUba3h5ItVNpjcR2UalJezxCMZK7WPL9gOUWmj8KJrT91TGKTlLIen+rjKv7VC7Ik07Acqmpm6nDutNCGwwhjfTdZ7Ozq6RZjkHWStBx6hZK4v8AEnO/CvblMdRAznCzdSQXk5S1AvUTwOoRioatlE3RTj7LH20H5gbLZEYgaFJrA/RLhsltGmhzjclW1HGY6EF222VXaC6mjYBzhXM+mCjbGRvhKN64RUXN+mnc/wBV5/W1AfVEbeVbW9zYpDtwvNpZDJVyOymw5OL5K7C2llF/NqmOHBUq8nVCyMc5UW1NMlU1qdd3ObUgE5GMYTH0cnf/AKTYa1sGppx3V4N9lT2rDW6yMnsraN+ojbuufqXiOTtaCP2JGptMemAE7ZCPcZfBt0hBG/dDohmljA9EHqJ3hWrR3JXBtlveT0lUdsMHldyme+ol1+Yudz+a9I6VgENqjIbyF5vPGZrgImjOp3+q9btNMaa3QwvG4aCslr4wHpI/6m4nUIzUNCvodsbKptkWZtZ4wrho9FzreWdurPZX9TzFlmkAHIKy/TBxK53+EK160mcIIYGuwC7LvdQrTCyOj1t2Odyio7JZMpOopvEumkDbChxNGpuDwV24SiorZJWnYEtCbRNLpm7911K45RyLXmzJpojsw5HCqeo6wNaymG7j2U9uxGSqO8nxa1u24AwpKOBjliGDQdPQiKJriPRaeAZIcAqCz07mQM1cndaWlbho2yuZqTraSOa0Td/BG/ZV1YdIJz2Oynahp04VHfKk08bgPRYjXYtsMmYpz8zeSCBs7/VegiINY0AbYWJ6TgbNdHyyNznzBbxseTseEq2W2WBem5W413TMOihzjclWM7Tp2QLNF4dA3bCLO4uIYDyuHfPMzoRaSDWyIYMpG6sWcqNTt0xAAYUlnKyWMtrIYcImQOEMcJ6WTAVJNSUJ0OXc4XEkBB6SSShBJJJKEGJJJKEEmEZT01QsYmEkDZPTCoEZ3qBorK+goA3UGyiocM7Bo5z+auWEFxwNuyo7e5tZe625Bp8OAto2Z/wjU793FXAdudkfQPRKBGE1NyU9v1AeqIJckiMNDRhJ/wBK4x2BjCU5xEd90ZCM/VnbhMLidiUfy6fyUc8n7qEEkkljOyhAVyqRS0NRPsRHE5x39AvO/giD/sOyUj+9qpn/ALha7rao+U6OvlSDuygmwfQ6Vm/hJTGl+H9q2/vWPk/V5TIGabxbtNooVaNXyzT3rIe/+JTAcqurstnogCd6lv7KxvT4Lc8IR5Rn4DnfcoLu6tGiAGocQ049ClRnFEw45JKbPtDN7sIRacYpYR6NAKAkxJ6YnohZX3rHymPVwCfDgRMb6BAvf9zEPWUBFZkAD0COKzyXJtEkADuqXqWUAwQDu9Wj8nuqG85lu0MHIa3WU+EOQUGo4xq32VJcHeP1VEzRkRQ8591ds2cN+6oWfzOqJnZzojAXQpgBN44LeoPYcLOdTu1CnjxvytA9uTueFkb1M+a7NDnbMGAF2tBDNiObrJf6bIoacgIV4cIbLVOON2H/ACUvHmx3Cp+s5TT9O1JzuRgL2Ojf3pHk/KPbp5SPIclznEnkoLuQPXCJHuM+yFJxz7LvuOIHyybzLLPYOiYfCsMRI5OVexjVsqrpcAWOkx3YFbNGO6wX9n0nxq20Qj/Yc8ENIB5ToPLGD6Icp22Tg/ERwOAlxRvsfBSkumvuceVjSSpsrsAn1USibmunmJ2A/dSHyaSCOy3Uo8rq5ffwebfFOs0UejYc7Lzih/uAfVbL4sVQknEQ4KyNO0NhYB6Beu0MXGtM+GfVFvya+SZsenYwIXP09tirjlpKg2RgbQMON+6luf8AyX7Lv1RW3J4K782SbbGH1YJ335Vr1FKRReFxlQunmNfMSRnGFJ6pcC4RA744UBZHs7fDpiSOU+KTTOZT6J1MRBQZI3IUR8miJ8n9IJSm8LIOG3hmK6ufDdJ6hh3DRgexWDpmujm8M9tlqJKttTVVDvc/5qhmj8OoLgO5XE1L3WZPQaJuFewi1jDDVHScNwhSx+IzUFPqYmy04kHIKhAgNIKySWTfGWGVlTH/AIeECMEO3VhOzOSd9lXvjIOQFnksPJoTRKjxtkooaDkFRI8g4ypLT5U2LUkF/cY5mQSow8ryPdSnclCdHtwly7DjLaw0DtfJXZIzp5UWJ2l43Vi0B7QQlNZN9MlYsFTUxYdkDCkUcvk0o1RBr3AUENMDtx+itPYS2vHJKqY8s1jGyjkeyMyYOaW85QpBhW3kzYOsOcJ53QIjuUQHKVLlGipiAx3Wq6cqZCxnn3Cyp2Vt09UCOp0uOxIWWSwz0HjLfjuiezdK1ksNfEGnZ+Mr01wLKlr8/UAvILbI6N0MkbsEYIK9doNVVbIZpDl+kbpco5PrHjrE4qJKrQ3wRp/NZa+02qN5I4C1IYXtwd9lV3SBpZJqHZAdK2O6G08xj+tw9CVZW7UyoY9rsbhRa6AR1kgZsAc4T4HubxyiOBXmFjX6NtFuM+qFO3S7VhK0PNTStc7kAZUmohDoyzGCVTn6OvDlZIUjRI0LyX4lW+d85nI8oC9dY3QDnsFjeu7eaijMg25WzTM839QaT+Rppr9Hkdgfqc4Yxup1Y3MirKYvoqsdgTgq6qGeI0PaN8LsUs+O6yhqtkaBxikDweDle59JVz6u0xOcc7D/ACXhTSD3XpfwzuUs0clE9+RHuFvqPG+Rq3QybnqWMT24PcN49wQrbp2sZW22MtO7AGn7pngtqrfIyQAktICrejZxTzVFtlGJGuJ+4Wk88+Y/4NRpz2QzGMcKTgJmAoZskGSPbhQqhgB4VvJGCM91XzRaj6KmHCWDNXSjy0uA9Vk6lmhxyO69DqafUCCOyxt0pCNRDdwcrPZHJ0dPYYe/UoDS8N3zkLPv+krZ3OAywkAcLJ1MboX6XDlZZLB3dLblYK92WuUyknJ2UWfY5TYZQ124QG9x3otXgOHChzN23ClQPD24TKlu+wUEr7GV7t8gKO9pIOyl43IKC4AZSpxyaoSyskEEsf8AmrCF5IbvlRJmDOydTPGdyk4w+QpLcWkZyAUeMlpQI3DA3Rmd91Nm4QpSqluiTYKjwy0n1XoPSvUkUzflJ5M4wASV5secqZRVPgO22+yyX6fPR7b6f8/bRNQmz2staQCDseChPYcYysz011CKlvy1U/GNgcrTxku3G47Fcude1n1/SaqGrr3RK6voI6uMxys54PoshXW6S3znLTpPB9V6E9ocBkKrudBHVxGKRvPB9EkuyvJgpW54VpZq2SNvhPOQeFCuFHNQTGORpx2KA1zgNTSQg4ERm62beA+MzUSE58eRjhUNmub34ppj9ir9AdCE42RTRCqYA4cKiroBnjlaabjGOVW1lJ4sfl2cDlUJtryZ0ao3bjlSGyBwGyU0BH1BAbkHc8dk+MsGCyDiSSMqPU0jaqIxuPPBRWvA2T8hNjLBz761NFBGzXHLb5/du/8AmsjXUVTZq5r9wxztiF6BcqUPZ8xGMSN3yO6q7hAy82x7dAE0Y1A905SPOarTOLyg9qrW1VKx4IJxgqeXB7dlirHUzW+q+UqMgO2GVsY9xytdMslUWyktkhkoIJCq6yNwGcK4lbnCiVMQfEWgcrUDqYucdpn3gA8KBVNLhnSrOcaDgBRy0EHZPisnlNXXjMSjmaQ7GMJrVLq4x2UMO3KNRwcayOOCRFyVKadTcAKJFk52UuLbcq3DcjLLKNZ0jehE4Uc78DOBlegRbgH1GV4yyV0ThIwkEL03pW8MulAzUR4kbcO35wsN9TyfRPpTy+6C0tnfo0sJOApDmhzMFRoT9I+6ltOQsslg+i1PIBkYBxjZDrKHW3xYxgjdS9GN09rCeRylGnZkBbKo4ETjuFcsw9oOVST0ropBNGNxuQrGkqA7GpWOrWCQYyOyYY9lLDQ5uwQTtn3VYHg2HBwQlIwHkJw2OU9uJNgFCNfsjFjeMIL4sDKnmB39P7oRaeFCbCqnj1DACprhbQ52sDc+60zqYP3USopSSMhWZrq96MjHMaeXQRjBIVmycSNGy7crcx+Xjyu9lTwTSUsvhvOQp2cyUXX2T6iMPbjHZU1VCYzsFdeO12QByFHqKUTNOyYome6Cmijb59sJlRStLfupU0DoX5xsELWXHSiObdTgz1fbwc7LOXC3mPJAW9qaYOwcdlS11OxwxhFGOTznkNDG7LZh3ROa7SQutzgZV3W28bua1VD43McQQrccHkdRRKqWJDmnHBwtP05fKpgEQnIczgg4OFk39kSmmkheJI3EEIFArSauelnmLPaLP1LK4tjqHj7+q09NWR1AGHDK8YoLsZ4QRs5vKvrV1TLQyASlz2I/jyj3HjfqqEcV2s9TBymuZnAyqS29SUda0Bsu/oTur2ECYZacgpUoNHudNqYaqCnB5QJ0WN8ILmb44U50e2PVR/A3zwqb29jJLPZFMRTDGMcqcYwBhAMe+6i5Eyq3EF8LCd2qjuliiqCXhoytRJAQAQossRLcYRqWDHqdNGyO2R56YKu0TiWLUG547K7oLrS3JppaxrQXDYlWtbbm1UZjeweyy90sNRTnXT5/JPjdg4F2nlp/t7j+ht46aex7pKUeU7hZ0tlgkMcgwQtZauo/DYKO4DJb5dRU25dNQXFnzdIWnUM7LXXd+ziajSRsnmsz9jvE1JOGySExnsStdHV0tYzAcDlYWrtdXRSHLHABEt9xlpJgHk4zut9d2OzBOvb9rNPM19HN4kbiMHOVe2y+RVbBBUY1cZKoYKuCtBY0ZwN90CoppYSJYjx6crZG5CLK8RybGakGfFhJHfZMjqfFHgygbbEEKtsl/EhFLVHBxgE91b1FEJf5sLgDym71IRt+3JVXGxUlRk6cE+yzpjq7RUO8PWGg7HsVqfmpIJvCqwcHYO7I0kMFTHpkY1zSmLJnnUk90FhkS3XGC4xBr9IkAwQe6JUU/hHLQd1U1diqKZ5nopCW5zpBwQpVuvT34pqwA428w3CZjIW/P58BfDbKNLhgqvqWS0rtRblhP6K4lp2j+ZCcjnYrjSJGaCG++QhlHBcqsrJRSR0tYzTIwZWVvFgqba41dI8ujJ3Dey3dbagWeNTjDhuQO6rnPezLJWbdwQkSr3GK2hsx9HXxzkQTtAPGVYeB4RDmOyDwE6+dPR1LDVUDQyVu5DeCqSir5YZflqsuBG3m7INuDnW1MuJqKCqYQ+MByoa+zuiJdE049loIZQdxvlSQGuH0pU61Loy/JKt4MOwzxOw4bDlWDXwVUQjkIyVZ19nZMXSRYBPZUT6WWllIkaQOyRKDQ6NyfTB1Nrc3L4cEeirsaSQdldwVDo99/spUlFQXOPfTFIO+MJbr9jVe499GawM5UiKrkgI0nhEq7ZVUZOWamf1N3UUnO3oiXA+Mlb2W1PdScCY/ZWkUkVQBg4WWPr6KRS1kkRw0qlMRZUl+KNOIJWjMbchda8tPmGCq+iu4GBM7ZWTJKWpb5cEo19xklCS7Q5zWStAOMKJPbmPGxwpToJeY2EhJr3M2e3CJ1ZFwscHlFLNayDkNVfPSGPbHK1WGP2ICE+jjlGSwHKRKo0Q1TX5GUaHsdqA3CkwXCT6ZTsrKptZP90zb1VZPb3tOMYWWyn9G6rWuLTiydFUQy/TIM91IMOwPqs+WuYcjYo9Nc6mDynztHYrO62d7S+U3YhYWhZnuuaR/V+ybBcKWpGD5HehRmlsn07peDrQ1Fc/xYHwz6JpiIG7dvupTYxjhIs9lQ9JEIxhMcwYIUvR6BDLMb+qXNZYqUU+yvfSRPPmb+6jvt8WPIDk+6tfDym+Fp5CNWOAmzSV2eindFVwu8g2ThLOB/MGVaOYXbY2Q5aZrm7s/dNhqZZyjBd4xdxK9tW0HSdsooqJAAWSYAXH0TC7yt/dCNLKfoB/Vaoap+zm26CUX0S2XKZmzjkBSI7jE/knP3Va2nqBnMaTYSORutMNZJcGOek2+i2FRrGWO37IlPXXamkEkRcAOMKpY5zeEQXGrGG54Wr58rkzT06/RrLf1xdKKcSGR2Ry0laul+L9YzSJ42MH+ELy+O5RkDx2tz6oplpZgCJAPbCON0THPQU2flE9qtPxat88zY6qdo1dnBail67sczsCobkr5sAYHYGE500seA17t/dH8yMV3h6p9cH1NB1DaKlupkrCPyRfmKSrOICwkL5ZZe7nSEOgqZBn/ABFWFJ131RSPD4a9wx21cq/lRkn4Sa/22fTOkgaTHj7BA8GF5/mRgrwql+MHVEZHj6HtHKu6P44zDAmo2ZHOG5RK+Bll4vV19YZ6zJQ29zcOpI3fdoUGWxWWb++oIvvpCxtP8bLFK0Cpo52O7kDZWFP8VekZt5/Gbn2VxnB9iZaTWLtFtN0r0zJ/8NEP/CokvQ/Tj/7uJrT7BOj+InREnFSBn1KOzrHpB5wKzGfUolKt9MBV6uPeSvf0FanO/lyFv2JXP/Z9SNGY7hKM+rir2LqHpWYZZc4wfujNuVkn/urrT/8AmRbkRfN0Zt3Qkg+i5Sf+coD+hrido7u8f+IrYiS3fguEZ+zsp2um7VAd+amUCrbUYaTou/N3jvL/AM3OQT0v1RGMR3h//mK35LOzx+q61rHHG5CpsL+RYvR546wdYZx/HHf+YrhsPV7d/wCNuP5lekimpiN2b/dd+WpBv4RKHGfYL1c0+Yr/ALHmLrZ1m0EC7vP/AIihG09dE/8AzxJH/OV6mY6QbeAgn5EEgxH9UUcrjI1anjmK/wCx5mLb1qBh1c4/+IlCdaurnfVXOI+5XqGqgO2goZioucK5JyJ/Jf8ATFHmLrP1Keat2fuUjZuonbGsd+pXpRNENtCDJHRNbqBCHayfyp/8q/7Hnf8AAOoXb/Ou/UpfwO/jmqJ/MrevDR9G4HuobyCMZUaYUdRNmN/g96/FUApSWK6PGHTBamRuD7KPLUx6tJfjCW8sNXzRlZOn7iT/AHoTHWC4d5BhawyQ934/JBkqYuA7KXhjY6mZmP8AZyoP1Y/Vdb000HLwAfur/W7slrJ5wVXIxaiZSNsMbeAEeG1xRHPhtKssj0TdY9P3Rvgjsm+WRxTRAYEQRWsx24XXzwxY8R4CbJcaFo+tWRbp8JHS3gprmNIwoz7/AGyLcyg4UZ/Vtvb9Ij/RDwRaeyXosfDAS0tHcKhqet6VuwdEB/yqqqeuYARh0R/JU2o9sfHRXT6RtNTf6gkHNOwcF58/4gu1Oa2maQO+FGqes62YfyGBo/RLd1a7Zoq8VqLPR6O8tAzqCiTVjIxlxAA915rJ1HdJeZSNscqPPW3CZul9S4g+hSnq60dGj6fuk+T0Sa+UbD9fCgy9T0TOXEFYSP5gkfzHH80dlPI7Gp5P5pEtbjo7NH03Wv8AcRppuq4wDpBeoE/U9VNkMbpVV8q7GAESCn9RhZ56+b4R1aPCaevlIM+7XR+f94wCo5lqZM+NKXZOeVI8AemU10TQcYWSzU2S9nWp0FUPxRHwU/STsnhm/CI1gIWd2t9mr4Yx9ADGRyF0Nz3RyzPdd8MjulysTLVa/QwMJ5XdLR3CcfT1XPAeUp2tGmunPSHAY2C4XADI3T2U7jkY5T2UTgcnZKlaOjp5vpERzzxhLVP+CPKs20LTjU1FZSBpGBhLdo+Ghk+yo8GdxGWYUmOglcPO3ZWhhAwcIuRjCTK7JthoYx7K1tqidguG6lMtlOwbtR9Qj3xldFTn6QChU89miNFcTsVFTNwdCM1rYx5CPZKKjuNUR4FI532VpSdHdQVLRijkZn12UybK6W+K4Mr/ABPZDdUY4GVsrd8Jquo0yXCufHkZLQVoaT4YdO0zR41TM4990DtwbqvG6i31g8pM88hAjIGdlOorLd6/aCAuB74XsVJZrJawG0NGxpaMasblSvEDjswZ+yV8uDZX4Td/us8wt3w7vdY/FS5sDP6iVdUnwso2nNZXvd9nraBxefKU80c8oBGQPVC57mb6fGaWrtZKml6a6ft0YiZTwOx3IySpgjposNpKeMH/AAgBElNro2l1fVRsx2LlV1nVtgpmn5KOaeTOA2NmpEmzV8dNP4osSy4Sf3TDpHJ5Tvlw7AnePfOyz3+0fVdzaYbbbxSsPLnjBQT0xc60+NdrtLGXchj8BQH5OeC0uHUHTdpc4GqZM/gNj8xVU/qa71rHCz2vSx3L5W/5KfT2Hpe2N8aVkU0ntuc+u6l/xMaBHRUelo4AAUJL5J+yiZ09d61wmuFxIa7d0YOB9lZ09v6dtbvGEQdJj8R1YTnx3WufpkaY4+c//MXH0Vupt6t5cf8AmUA/H8jrry5ziykZpCB4VzqjiWUsafdGdd7XTsDYadriOFAq75I4jwmaB/ko0R2qKJTbc2E6pHZ9+U6SejibhpBd9lUVF5GjEs/5KirOoqKM4L8FQy26yuPbNLNWvBJaQG/ZV9RdWNaR4/5YWSrupj+CfbCoK3qN7tvGRnL1HlK4cGyrr7Gw/wB4Tss/X9RR95HLMT3mpmPlJPuo4lllP8zdQ49/k3N/YXFVe2yjyuJKrJJppSCXHBSjY3uE5hY0cbqmsnPnqZzf3DWxk4JajNY0NCCZN0hzglMURTuD68cBdyUwRn0S39eFSgwfmCfknFwHcKO+fRthRZqnZNjHAqVqRNlqWsyAQq6pqi7YboEkj3nk4XWRHnlMijNO5jH6pDlwRI4sEZCOxjQOE4M9ESSEtuXZxrRgDCI6PYOQZJmxbkqtrLy7ZtOMkdlTFu2MeyfU3GOjGH7KoqbvJVNMLJMA8/ZQZWVVVN4k5/LPClw0nGwCNcmedrlwiOyhY8h0mSfup0FLpwG7KTFTYA8vHujN0R7nsjURTWOWMjiDdy1G0hg2UaorI2jEaq5a2d5xq2UFytS4LWprQ3IaeFWvq5pMtLiAmNe527uUgAOO6MTKzcJJdwUsFKkmDyxun3XAwDjupGCcFdDN+eVTiUwAaCcJ4i9kYM3BwkdIbtuVHHBaiMEYXQ3HcJjnhucIJJPb91EinJRJZewDYhRXuc5caD3cntb3Vi3PINoJ5RtGwOF3DeycHAd1CZGJJJrnDHKPaC54C7AHcILiBk5TC8EndMcT6quhMrH6HGYj8KaZsjGExq7gIxbsfTOklcQkkzAIkklwuAVt4IdQnSZ2wmulwcYQ+6RJhxiOLiSmAHKcOU8AYQpZGdHRwupJBsjjhjNSbCDl0hRxaDozobqTr27ss3TVukqp3buwPKxvqSvWfhL/AGWr91f4N56wzarVISY2uyJpm+rR2X1j0z0h050PbhaOm7fHTU7cZOMyPI4LnfiXS0uklLmXB5jyn1Pp9JF16fEp/wDl/wDtPLfhf/Zu6b6Ma2u6lZHdbo3BY7J8KI75wO5O36L2N0hjxjBTpJMDA7oOCTuuxTUqej59qtZdrZ/JdJtiL3SEZ2Ro2DGUxjBjK5LPT0rPEneWt9QtSmujI3xgk6fdAkqY48NiIfKfw42Qv94uILKZrmM/rdtlWFJb4qYAkBzx3Ri2yLFZzWTtrbiS5pG0P4P0V5FiMaWjDQScIQOdgU/UGgkkD7lEESQM8lUHUPVEFsheylcHTn6d1VdQ9XkPdSUB3bkOcsXMH1Ehkke4uO+5VJYGRq3Hzskkku0e5GJJJKBiSSSUIPT0kxAQYkkkgIFJGOUE8n3SBOeSh8pFksEHkchUF/kLIdI75V8SADlY6+1j5akx9hthczVT2wZq0lW+zJUMyXcKRsGhNYBhMkPC5PPbOs1jg6cO2B4RGHw5WyYzp3SjaSnyjTsokLb3EiAyVdaaiTcY234T6p51kZyBsF2jZ4VNqdyQhOAOXHunxWEL7BP+opqc/wCopqvAYkkkkIQkkklCCT0xE0+6oh1vCbkEnBXDwUOLOoZQl4DNBynO2buusAODhcqSC3AKrIDlgjsBklAA7qyaAG49FCpWHUSpY4KJSwDY8idyUFxG+6e7uo0me6IkXyDccuSQ8nUpDPpCWhqfB1MkI04BTnfSfsors7nKqTwiHHcpsY8ya47lEgCQnljB830brrOMLk43ATiQ1iYyhuMlWNkjBqCqtpyStL09TgNEg2cTuT6LPNnQ8dT8t6TNhbmgUrccoz8ADKbTgNY0NaQD6rk5wQsdkss9/TDHASlB1A+qsJnYAGVDpRu0lGqN5TjjChvglFD6ZoMoceylyuGgbKLQtLg45zhGm4wD3Sx0XiOCBI4ukypw+hv2UOJmuTfsVOjGcJbGVywTbUwmoGRlX7wdgqyysHjZxnKsK6Qhnk2yVnn2dqh7KynuhLQ9w91nXuLirG5yyEOGvdVsuHNHZT0Zr5ZZb9OMa6r87c+i08wxPHCOHKn6VgaWGRw3A2OFd07RLWAnfBAHskzlk6WkWIFxC0NkhZ/SQpd4OlsYG2RhNpomuriCNgMqLep3+Ng8A7JcXuZtsxGtsyvVVVJFA5rXADTssO07lxO55Wm60nPhjAxlZeLy4PK1QhweQ8jfuswXlkZhz5Tw0coFxm11YGPdTLU0Gnf7lVswElfuc4KJoyr7oKJcUe0I25VnQBj5mtdg/mq6MARtwNlNtALq+MHcLl62W2B6TQLDSNrTZ8NocMduFV9UzFtMKf1Vw3bCoeqTlo37FedlLcem6jkw9qi8e/MDhnDl60PpH2XmfR1JJWXqSRo2jO69NxhZL2+h3j45Tl+yytjcQ6u6sIAS7B9VEoBinAU1m3CwyfJ14LHRkesnl9XFAOTghcjaaa1ua7ktz+Sr71NJPdi5784fgewUm7yPjoAGnkYWilZZlt4TkZTOXu/5ipdvH81pI7qvDsFxPqVa2wagx4HJXWgsI5G/fItHu0tdIOyoSHT3AOJz5lb1snhwO91VWlpmrzkcnKTZ0aE/uUTb0Q0xxjGNlc0g23VZTDSxg9lbQDDAuTe+Tu6aOI4HyHGMLLdUVBDXALSTkDlYvqao1O0gclZc45Gaj/bwXXRFGPlnVThu44Gy2EEXmbgd1T9L0vy9lhGnBJytBb2l1WzbbKxamW55Lqjsika+CMxUsbQ3kJpafmI9ucqTsGjbgJsA1ztJHC5Fr5NCbwTGgDbCMxCHKKzsslgxhBwurg4XVCx6SYkoQKkkkgIPSTElCCSSSUINSSSUIJJJJQgxRLnVsoaKesedoYnP/QKWVQ9Ty6qeltsZ/mVtUyIHnDeXbf8ALlHFZCOdPUkkFtb45zJKTK8nuTvk+6sNGCRwk2MQxiJvDRj9E8jPdHJFM6nsP89gTF2Bp8TJOVQyHRKxjZDlOwCJnCFIQcYRlMBqd6riSShQkhykkOVCIyfxbqTSfDm+TAZJpiz/AM2y58OYRT9DWaIjimH+ZVf8c6nwfhzcIv8AvnMZ+6uejY/A6WtcBGPDpmBPgZMZtbLlV1az/e7e3HNR/wDulWGQoFYc3S3gdnuP/wBSVJdjkWcmzj9ygvRX8/mhO8xAHKno0ReAE5Pgu99lIZsxo9go0/8AdO+4Upn0N+wQi7JZ4OpiemKBIrbyQXUkf9U4UnRgkcKDeXZrqFg/7zKsXcYTUslz9COHbZWWqpzN1DI3tHGAtKARvlZWhLZrtcqg76X+EFqriAWJySMHus/bHeLfa953w7GVfccrO2Hz1Vxl/qqCFvq7SM9hdl2cjhY+oeJbu/bdamV+khZGF4dW1jzyJCB7Lv8Ajo7ZnN1jzHAV/lndtssz8R6jTY2xN2L3gLTkajk8rD/FCYsp6aMf1Alen0X+6jyXnJ/Ho5M8+06QVGB1HCkO2a7KhjeZv/MvQy/E+Y9tf5PcunWGOyUgI/AFZtUGygfwekGP+GFOGB3XPu7Ppuj5pg/7A5cnCJJtEceiE85kaz1TqpwFO8f4Shj2Nuk0irt2XCdx7yHCfMdj7JlqGKLJ7k/6p8xABJ7Lo0xyeY1L5cjxb4kzGe6NhH1ZVJAwgMjzkjAVl15J/wDXJIB6bKFbAXVceo9167RPFaR8C8/N2a6z/JuaAeDSMGPTb8kaQjw3DjKa0AMwDtgJkjtQI4XYi3g8pNfcX3S8ZdI4/ZBv+p9z0j2AU7peLRRzSgeYDIKrC19XcjrcdQdnKIU+CbVRCOgaO5VNdpPlbZPK4j6D/krm6SAMjpx9XJWS67qDT2J4B5aVnueINjK47ppI83oK8vmm9z/qpM0TXYcQs9QVXh1AceDsVp26XsGD2XClLe8nfnBVLghQ4OqJ24JOFX1DXRSacKyczRUYG2VHr2A4cG7pclkKE+cECTztUOaPbOn91KBwSmyMy07pE45NcHgrwcOwpEbtggTtLTkDZdidxsgi8GjOSUmHhOHCaeFMYBIrtpPzVlTnU0DKgyNJcCAi07sOySqNWmliRY+GDuq6vgLD4gGxKs4htuh1MWsYAQnUshvjwUkbjqwdkaTgYXKmnLHZaEyObGxCo5lkHHsactRItuSuS4IyExhydygmSuWHgkLtJMaaobIeM7oeoNGeVyTzLPjB1NPY65KR6/a6uOpoY54jnLR+S9X6DrXV9tNLK7zNGW59l4H8PrgJ45KB7/MBloXrvw+uLKa4vpJiRq+j2KWfVPC6n5Ixs/Z6HS4c97C3Bbsq66QlzX6Wqzf/AC6nW3bU3ceqHWxZjyG7lAexxuPOb/TNa9krRjUN1TRu0PIIWsvtODE4PG7dwsrNGWnUAoef1Ney1l903VvbUuiLvIWggFaOVvlyViLbUaHslBwQd1u4z4lOyTHKE3aX7o7WV5aQ4hUvU1H4tuJDc891oZG6XbDJUSvg8enc3AOyfTZhgazT74NHzxe6T5Wt09s5VkxpkpQRzp9VK6zo2xSOeW4dq2KrrTVa4vDed2jC62nlk+N+X0uycokXlxx2Wg6PujrVeI5TJpjkIa4dlQPBbI8H1T2uLSHDscrp1yweD11OU4H0lQvLowfwuwVVTOFt6ojmjGGzYaSoXRd4bcLXC10uotaBz3Vl1RRuko2VUTf5sLtWe+FpTyeOlH4pSizXNaX4IGx3RDCQMqP01XMuNqimzl7GhrvXKsDv2TDnSzF4ZBLDuoczN8YwrMsG6izxk8BQNPBVTxgjKzd0pMtcQ3utfNDkfSqavgwwjRn80tmmq3B55W0+lzge6yd9pXNIe1uzSvQrrREZc1qzdZTNmjkaW7kYWaxc8HZ0l+JZZg5eyiy5a4EKwqqeSCVzHjBaSFBkIfthKwd+p71kk0dQeCpb3a27hVETzG8e6s2SB7VRLI4ZHnG4wgvUqXfBUR4wUmYVYJ4zlRoy4PCmOGyiyt8wwEiUWxseixgcTjdTonAAKppHjYFT4zxumwXoRNYZMBykCWlMYMjlP9vRVKrcKdkq5KUSfSVpgIJP2XoPTfU0FREyCZ252GTwV5g4F2CFJpKqSke2Rjtx+65uo059D+nPqKVWFKR7YJA4DZCnZkZws1011KypY2Cd/mGwJWmEmsccrmzrcWfUtLqoauG6LKquo4auMxysBJ4Kx9xoZrdLocMw/hIHC3sjAeyhVlFFVRGKVgIKy2Jh2Vp8mHhkc3JafzWjs1xNRGYJXAvZwe5Cpbha5qGUsDSWH6SoVLVvo6hsoJIHI9kORcJup4N27S4c5QJYwBzyh0NXFVxtkjdseR6KTNHsCFT6ybq5KyOSoqqcYJAVLURO1HZaOZudiOyraumycgK97EX15XBU5OxyiiQ8IdRGWnKC1/r2T4HLnDkmkhwwRsqmohloZzMzeNxzhWLZB6J72NewtcMgp8eDBqKFJdGTv1udUsFfR4y3cgcqd09chXU4jftIwYKPpdTTugf9JPf0VLNFJYroZ2AmCQ6jgcZWqqWDhzp+KzKNZnB37oVQ0FnK7BI2aMSNOQ4AhOdjG5W6Esot8oz1bHpflQSTuCFe3Cm1x6gNwqKXLCRhaE8M87racSbIdU3PHoqx7cOyriRueVBnjBIwExvJ5rURalkFC8cYU1hyMqA3Y7qVFLgAYRwM1i/RKZGXe6sen7pJaLg1jidDzwq+N242T6pokjD49ns3yhtr3IPS6ieluVsO0ey0VQ2ohZKwg5Cnwu1Fed9EdQhw+QnJ1gbZK3kMuXAEcrl3Rwz7d4XycNZQprsstGWghOjIBGR+6bE8aACOU9ww4YKzHo65bkFfG18ZGnfsVBbqheFYMORhNmpwcOwhHqDYakl8QDKMYjtuoUJMZAVg2Vr2jZTISTBFm2M8psA0uwe6O4cIT25IIUHYQbII2Uct52T252ypAjBbxuoHt4IJYUOSIObup/gn0Ud0TskKCpxKaqps8t2+6zN1oCJTI0bLbTQ6gduyq6ujLjnSoc/U0b1hGOZM6F4afVWccokaBjnuhXa1uaDUU443c1V1FXFrxFLtjhFBnHnmuWGT6ukDhnG5CqZYRCSTwrzW17QcqHU03iDACahFqUlwVzXxyDGeFBr6VmC9vflGmikp5TqGx4I4XSdYwSnwOXqKtywUM1OHA5b2VFX0OAXALZT0o5AVfJTNzu0FMayee1+iU6+TEPYWuLTthcAwru6W5jXmWJuM8qqkYWHCCUP0eQtr+OTiw9DOaeXV2cMFWnjaxtsqHfsVPoakj+XIc44KKCwYrF+i2pqmopzqjeRj3W36a66jaxsVacEbZysO3DhgBDewjcNUsj+jq+K83qPHS2xk2j3umqoquFs0Lg5rhkEJ4btzwvFrR1ZcbPIAyVxjH4Scher9OdRUV7pmuZIBJjzNz3WO2J9Z8X5zTeRSUXhk4tQXRj0U6SDG4QHNcOQlvg7/AC+CO5vuo7owe+FOc090F7M43Uyxc68kB0Y7BRZqXxCTjlWjo88obWN4TFw8maemjL8kYu7dPNlkdJG3S70VVSXG62KU4LzH6HcL0Kal8UElvAVBeLQ+ogJY3cFNhYcLV+OcJOdS5HsNvv8ATCWN7WSEbtPqqC8dPyU4L2t/MKK+nr7W7xWFwGeyvrZ1FSXCnFNXANd9OVshazhWUxu4n+RlKaoqKCYOJOAtBSXqGYBsmASplz6aZPHrgIORkH1WUqaGropDqYQAeQtULm+DmXaedctrL6spQ4fMUr+N8BW1l6mdExsNXnLdsrN0V2j0eDNlp4z2UlzBkEYwdwVtrtM7hjg9GjfbrjDhwa4kd1U1dPLRSE0+Sw9ichZ+33WaiIH1ALW0Vxpa+AOc5uSNwVshYkBKC9ECOp8byuGlw/dRbhaGSgzxDD8bgK1rbcC3xafZw32Ve2tdTnRO07bbpjmZbKtywVlFcJ6GbwqjJjO2/ZX0UMVUzXERxyFFqKajuMeGEMf6quaLjZn6oy5zPbcI+0Lhur4b4Lc+JA/RLu31Q6migq25GAeyPSXCC5whsmlr8JSUksJyzOFBjip9FC6CWlkMbmZwqu8WOlusRw1sUw3DwP8ANauXEgAc3zDYqBUU0jDljchVOCaMt1CR5r4tbZKg01bG7DT9WNiFeU1TFURCSJ2Qf2WhqqGnrYzFVQNeD6jcLF3Hp+6WSodJQvc+AnUMdh6JKi0zl6jSZ/Euw0+iFU0cNS3LxuO6g2i9w1MhppnYlHrsrhxc0amFDOCZyZQlS+UUFXaZWHXC0kDthQcOa/BGMe61sEzy7RIQQFHr7RTVjjLCNBPZZ51sZC7dwynhrTpDJQHs9wgVdogrYzLS4bINyEWot81G7Dz5eyZBLLBIHs2/1S3FmmEpLlFJUUk9M7ErCPdR+DkFbQ1dHWN8Orgbh22ccKvr+k8tM9vlDwd9OUDikNjqF/UUDXkA53Raeulgd/LOMIEkUlPIY5WlrgcbriFScehvEzS22/AANqCrEyQVYzE8ZKxZ9fRGgrZodo3EI43P2Z7KE19prhSSZBZgjuE9rcYa4YKrbb1DEWiKpBBG2pXUbqapaHMIOfQpm5TMcqpRYLwWnOMD81DqKBj9yPzVi+nkyPDBx909sYxgjdLnAXCbg+DO1NqicNmb4VRPbJYySG7LavhaeyDJSB3lI5SXWmaIaqSfJhXxFjhkYKM2sngwWlaWqscEmXAb/ZVNRZp2jIbsEqVCOhRr1DpgYbvggTBT2VcEwGkhUlRTOjOCOEGOWSM+UkYSJ0pfidijykumzS7EJha0d+VTNr6lpAc/ZS4K+nk2c/dIlXg6tOthPtksYxgJaRnON1xstO4ZbJldyMZSJxbN8JqXR0RsHZMfECNgioQYSTkqsYDAGEeiCYyDxt91LXNI9Fe5oprJGw7uEIxnnSpeAn6GnsiV7TE2aSNnaK3wsHHC4WN7hTXRf4UMxEdk+Oqa7MNnjlnojeBA7YswkKaMbs2RfDcCmhpG6bHUGSzxqTycLJgPJwmieob+LGEXW5v4f3XA8E/Tunx1Jml479AzU7gTlEE0JILSiNZC762ZRBBRHg4KP+TH2Jl4+aBaxjGFwMbnIxlENKzPlKRt8+Mg5UV8H0Z5aCyIgB2KWr2TPlqpp/ujsmhxGxadvZF8qYr+JZ+gjcNOQB+iO2smbw7hR/FCRlBCdGeBUobe0TWXOduACjNu1SBs4j7FVOvzcJ4ftwmK5ipUws7Lll+rmcVEo+zijN6pu7PprZcf8xVD4g9Fzxm+iv5iR0lT9Glb1jeBzWTf+cqVF19eYR5KuUfdxWRMgA4QTVYyCCq+ckvH1P0bpvxGvIPmq3n/AMSOPiXdQADO79V5344/qcl8xj8TlPnAXjafaPR2/EuvPMrj+aM34mVpGjyfcheZ/Mf4j+iQqR6uRR1GCn4umXo9RHxIrnHd0f6I4+Ita9ukvj/ReSfM/wCJy780eNTv1V/yCv8AhNR60eu6xxz48Q/8KaetqtxyZ4//ACryT5p3/eP/AFXPm3f945X/ACEUvFVM9cf1fUacuq4xn3Ub/at+cuuMQB4XlZqvV71z5hp5LkP8lFf8LqPU3dWsxg3Bh/NBd1jTM4eD7grzHx2+66Kgdi4JbvRf/DKj0WbrqMDAz+qgv67YD3/VYnx87ZKWxwcfsg/kIZHx1Rt/9uxjl2fuor+uqv8A4YI/NZMYPA/Zd45CD+RgdHx1X6NDN1pc3nZ/7qM/qm6uBHjHdU/PZLB9Cqlqn7NNfioy/FE2bqC6yHJqT+qizXe4PGDUP3903wnP4T2UjhjIG6V/KmzTDxLzwiOKmrc45ld/5k57qggZlJBUttvcRsEeO3VBAIZn80uzUz9G6rxUv0VZic7nk+6GKZxdnhXotc39A/VFZQtyNYH6pMtRKSxI31+LUe0UbKbjb8lKjhA4GFdNoKXGXMH6rogpRsIc490p2fs21eNrXJVMpNW4HCkMo99yp4iyP5MK62lqHHaPGVnnNM3V6WMekRG0jGY7ogbG0cj9VMFsqJPworLE9+Mxn9Ur5kao6Oc+kVvl9QkABwrplgJx/LKlxdPOJH8oqndg0V+Kvl1EzgBPYpeC9wwBz2WwZ0wdOfD/AGTh08Q7+6QPUR/qNcPE3R7RjxR1BOdCK2hcdjsVsm2HSB5P3RBZW4x4Q/VIndH+lmmHi2vyRjha3HzCQD2KNHanOxqePyWs/g7R/wAMBD+Wp4ScgbJLuHR0FUezPMtMeOMlO/h4b2wrp9RSRnys/RDJfU4FLSzOP/KglZuHx0tf9CyyobShpxoKI+mAw4BWkNl6hqnfyqUsH+IKypegLpVvAr5Sxp3yDhKlPA+Gitn+MDLOEbeT+6Y2Rj9ogX/YL0Wn+GNoYB4888hP+JXtJ0zaaKFsMVBEQO5bklD8hoj4mybzJYPJ4bfc6sYht07vcN2V1SfD29zxtkmLI9W+nO69Ojp2Qt0xxhgHYDCKwnfCrebavD0x/OTMRQ/C2kDQ6trJi7uGlaWg6SsFExsYoWOLe5G5VuXNbu44Cb83QR+Z1S0Y5VNtnQo02no6Ow0VJS4+XpI2/ZoUgOeR5RhQpOobVDtrc4+wUaXqKZw/930Uzvct2KLJsU4L8EWmmuztwi+A7GZXtb9yqQ1XVVRhzPl4Gns7lMNouVUSbhXlwO+Gnb9EBStk+kXEktqi3qa+DbtqVZU9U2mAllFSzVBHdrdignpy3j6w559SpDKanpWhkMTQBtsEBbc5kRnVF0qD4dHa2wk/ikbhcki6lrcCW6xsjPLWHCnvcMYLUEgDvhQCWY9kAWChZg19U6Z3fUSVIipbTRHXBCCfsh1NTTRbzzgY9Sq6bqC0U7v+0hx9AjM8r61+TLp9fMcNhGgfZDdHJN5ppHYPO6yVZ1xGHGOii4/ETyoE/U11qNhKGtPbChmnrqocI28wtVGzxpSHuHbKhT9XUMLQ2mgJx6FY41dRN5qmXP7IE1wt9P8A3lQAVDNb5JJcM09R1bWzjSw+G32Krn3CSZxdNITn1KydZ1JCx5ZA123DvVVdV1BVVO2MD0yrwYbPKxj7NvPe6WlB/mAke6p6zq9xy2NwznZY+arfJuST+aDnOclW+TnX+UnPouKzqCsnJPiAj2Va+4TSg+Icn1QM+6bgeqLacq3V2TfY10s7nfXsVxsOTk4yn5Hou6vZTBndmOzoiZjK7kNGw4TMn1SRqGQXcdMhCQJ4XEg3fhH8YG9sLqy3dISEH6U3UAN0x1QwA+VHCP7BlaiR4+kcIBqS3OCoktSSdhsmB2cotgt2skOmfJnLkEjfcp8fdPAOQSEcYgSm5dDTEiRnjZdJaG6nbAKDU3empmnLsn2UeIip2KPZPJA5OFV13UEVHL4UTg4/dVtTd561pZHlgPdCgtzZCHycpcm5dGOdzfCGzVVdWymSN3lPIRqemkacuG5UyngbDwAER08DB5uUUYiZPPLOsh2yQieJHBu4jZQ5KubSRDtnhQgyse/MrtinpYAdu3hFpNdMeWHG6gzT1EmznbLrYiMeVFMQwCrAc5SIzA4j7p4jzgkIwiHOEQNAUB2tgBGR2XRGfRGwEsBQm3HYwReqc2MNOU7xPZcMvoEOGHlRHnT3TCWjfUEGaU5GN0LUT3UwKdqJRl5xhBLzwuAEjlLT7qYBc8jUsBJc1D1USEymdSSyFzIRRg2VKxRHZKWrtlM15JGEtJV7cAu1hCRjlBJO6ceFHPJ+6JIVKbl2dLiTklcSSQEGJJ6ShBy4/wCkoaSZgg08obiSE9MyEElkiBkHOU3V7IrgCCUPGMqowy8Brjk4RlFbvwrPpvpe+dWXKO02C3S1lVL9MbO6+o/hb/ZGp6EsuvxFka/Oki3xHIPOdbv07LdTonac/X+Y0vjoZtlz+vZ4D8P/AIP9bfEetFNY7Y5sLceJUy+WJgOcb/kf0X1z8K/7O3SHw5bHc66I3O74BMk7fJGRngHnn9l6jQ0lus1DHbrXbqWjgiGGsp4tDf0XJZS/bPC61GjjTyfOfJ/Ueq8j9ie2H6X/ANx73N3wQPzUVzydiuOcSU3OFvUVg4OMiJJIJPCfgADIwPVCdLGzZzt/RPhpauuYNZxE3huERBrqhxc+OkZ4rgpFHa3vj8a5bvdu1g4aplJDS0UekDS4d/VdfM6Y4A2RJZAcx0bGRt0M2HoiH0yhNHc/5qDcLrBTP8NuXn2VldkuerbTM8SRwwN8eqy12vtRWlzY3FrTslW1ctW/U7IA4CrpA0HOQjGxRFewO3dz6oUsYbjClOgmmI8Nqm09p1DNQ3lQcuD5aSSSXYPaCSSSUDEkkkoQYkkkgIMSTUkBBDlMTxyhuOGlZ7S12DrZxEM7YwsPVSePVySds4WkvlUGU5AO6yzDngLhaux7tqOlpI4WR44KbAxz5E4cFSqGDI16dgdllXPRqlLARlOGt45UecanBjRuFPcQ0cKLTQl9XqO4ym7RaWWyTJhlO2M8kcKM4+6LOdT8Z2CGeFGAkBf9RTU5/wBRTVBrEkkkoEJJJJQgQcph3TxyhnhLmWhPXWAByYwHO6MOVSWSnyFZ9H5FRXkk4Uvhu/oVFefOjawKzyGp3AdlKByo8Qw1GHBQ9AS+4a4gclRanAxhPmJ1cqPITkKeg4oZg6sokfIXABhOZ9QUQ8M76VCl4Up30qFJ9SXaUDkOHKVTDuokoJGyl0hDYBnlKSyMGyEmRKQ6QNsrkh85K7lEy0OjYXnZa/p+Fzo2Bo7grL0bQ5wHcrc2CEMg1Eb4Wa1nofEVZmpFudwg6jJM1uN0YnS3POEGmBkrMgLJLs9jBYJ7GhowF0jA1O7pzMBw912oOwbx3RGqOSRRMLYnPI2KjzSbu+6mRECjIPOFXySbjZRjm8dj6YHO6mAbKNAPLnCmbYCz2cDauy7sceAHEdk64S6XFvIG6Na26aXOOyr6+QGQgb5CyvmWTs/hWkUte3U7OOVXyN4POFYVTi6U54HZQZPNKxjRk5CP0Y7OWa/p2Lwrf42ORwrO0MMlS5x/qGFGt0fh23GMbKzssJc3ON8rNJnY0y4SLiiBNbIe2lVF8mBm47q8oBp8SYjgELJXer/nv+6GvsbrJ7IYMR1LPJNcPCe7LW9lXaSjVr3yVskjzqOo4TW4ONuF0KzxGpszay9om+FSF/oqmmLqi4P24O6s2HFDzjZV9qb/AL9I7sUFjwSLbnFItpnYIa3bAVj02x0twbvwQqup8oyrzo9viVYkIXI1/wCJ63QxzJI2BBD3M/pWc6nkzG/P4WlaZ5GCVkepXeSTB/CV5xvB6OccVsD8MoC988xH1OK3mdMgACzfwxhDLVO7SC4uO/5rUhvnGyy3TxybdJXsqRNp9mhTQQGEk9lDjGA0YRah+ile7PCxZ3M35aRh5Q2S9vDhqw4/5pvUkhZTxtacBdowZbnJIRySo3U8vmjYDwCV0NMjn6mzEGZ2TIA3wVe2ZoEDcnhUL3fzWjnKvaGNzY2jHZb10cml7pphLtKBBvsg9Ox66vVjhCvZJAh9sqf0xD+LHASr3iDNVX3XGrpxghWzfpCpqfd4VpjyhcG2eT0enWFyMq3ho57LCXGR1TcWQ4By7/Va65v0gEHlZS3Rmq6ghjxnzJLWUBe2sJHp1tp/AoooDyGhXVogBq2k4VbG3Aa30GFcWaImoaVh1MftyPSwaSQAAALsLMHVhNHOCpDWj6lxpS9sYuh45RxwggHKMOFnk8sNj0kklY0ekkkoQSSSShBJJJKEGJJJKEEkkkoQYkdkkjsoQY9xdsNlRSRsn6hY5wy6CAOHs8uc3V7HACuzIGgk9lQ9P/73LX3N/wDxahzWH2b5cD82lMrIW3CIDjsuJiYQKjUzdTQ8jcoQ5RozgYAUDFKcYQSSeUaXsgKFDUkklARJw4TU4cK12UzzH+0JN4fQWkcy1kTMfmf+i2lmhEFppIB+GFo/ZYD+0NJqsVnov/ki4Db1wP8A1Xo7G6QBwBwFoXRlrluskOwfVQS0uu9Nk8Me7/5f1U1xGMEqKzzXtmBkMpHH/wCqagZqjHdksHnH5qNG4mfB4RzwgRf3zvbKotCqRiJ2E9v0j7IdRvE4epRG/SPsoQ6kkujlQhS3F2u9UsX+ElWPc+6q6w//AFwMB5ERKsGPA5WiCyFkMfKCfRY2yEvfcJj+KrfhauqlDaaV520scf2WT6a2oJH4/vJnPz+a0wWBbWeCzds0nsAs907u2tf/AFVLsLQznFHM7uB/os900M0Lnf1SPOf/ABFb6I5mZ7ET6w4iJDsbHdZanAAc7G7nEk+q0NxdpgeSdsELOUxBYfuV6TRQ9nK1T+7BJHIWA+KMzHVUEPJIBC3wIyvNPiW4/wAZji50xr0WgjusPH/UktuiZj53YaAO4UWHaojP+II8+D+QUSnP+8R75w8L0NkMI+bRlmSPebSS230zRx4YUppJJCiWsj5Gm/8ApYUtnJK5ty5Pp+i4oiNz/Nag18h+XkJOBpKew5qXe2yDdxpon78oqkHc0oNg7UAKFo45TK7y07yERmGU8TWDA0hR6t2KZ5K6mmXJ5HVTxW2eG9Xu8bqSRzuwQbaP99j+4Sv8gkv07hxqwjWZuqsb7L0+i4ifBPLy36mx/wBzZt1YGVybYbIgAA4QZ+QuxHo85Jcmw6fwy0yP/wACqrbme5yHTwrWib4Fgkfj8CidORjz1JbzsopZFSWSLd3aaoO9sLF/EioxZ9PGW4WtrHukq5NRzg4WF+J8mm1xNzjLgVk1f+2x2hjvvjE8wjOMey1tsl8WBhO2yx7dznhaKzVGcRcYXBgz0+oh9pYVEeJNQQpImzRlh55CnTNyMAKJpwSmmCLw8lDM1zJC1w3GycdlMuMG4kA+6hpUujdCWURZ26hjHZRY/K/Cnyt2UKZhadQbt90prng1QfBMjd5Vws8ucoVLJjYqXjZE0minwyMWjfKDGSH7IzgoztQOT6pTWBkJ7GW0MgLcbZPuiu8wwq+mJyMnZWMb2kAYVHYosUo5ZDqIQ5pOOAql4MTzgLRyxAt4VTWUuTkBBIG+rcsoitcHBCcSOF1owcZTn48PWBuhbyYMYZwOJ2Kd+FMBzhPG4wkWI2VMtumLi6gvELg7SHnBK9mt074LjTzx7FzmrwWIkHI5HBXsXTVw/ilmhlD81EGA499u6S+D3v01rG06ccrk95aS8Rv9WA/sjSDxGABUPSV1/idpYXuy+IaHFX+jUxAfUNI/krTZlrrTEOeHtBGMLJ1dKGRvcDs1ehXSlBYQRkhY2tiDZJGY8p7KZOdr6vvyjORlzPpW4sVSZqBscrsnGyyckAYcYVv0/M5lT4YPlxxnhAI0s3GeDQSNdnBamOZqa4EdlPfHtkt5QAwHt6ooPDOpOG6J5H1tbmvEuIwSN8rAWvDJ3A9tl691dQSB8m2dQOF4/MySirnxPG+SunRZtPl3ntJstcyRXACcuHGOUHG+UWtGaHxRuShM80TH+q7NEtyPmHk6cXs9B+G10ha40Lsh4Or7hetytFVTuiIzqb/ovnbp+vfbrlFOx2PMAfsvf7HWuqKaKR45A/RbUeH8jS6rNyOfD+vjjmqrTK3RKxxI9wtoI9zusBUPFn6rhnjGlk/leccZXojcljSBnIyjwcjVL7k17RH0qPLEDwFPc33QHsyOVBCeeysliH9P7qvrKbU3OMK5fER2UaWPPZUx6eDJV9v1gsxjPusXXUzqWpfE8bhy9MrabJyBx7rLdRWkzx/NMG7diB3SZLJtote5I826ht7S35gDthZGZmkkhelywMnYY3tBHBWKv1uFLKSxp0kpDien0t6S2soTthTKSXbB7KJICCmRynVxhLxyb5YkizeQd1En5CJG8lu6HMDlDJARWGCQ3gEbhETDuktD0CieWyYCtacamgqswAS5SqOpAOk+6pPINkdyLRnKKPrQY3A7hEO6dgxWIOBsMpsmQQQuw8BEIB5CVZDeVXZKqW6Ia21rqOdsh47r0Kz35s0bWk6vdeaub5TujWm5VFDPlr/Lnglc67T8n0f6e87HCjJ8nsLZGyDIOxQ5GjGeVnLXf/mQADsFeRVWtu/BXNu059No1ML4bosBUwiXyuGxGFmbzYCwOqKY57kLXPa1yjTMyMEZWKVWBs4qRhbVcpqOcNycZwQtlTVragDccKhvFkAcaumbgjctUWguYpnBsjXEe3ZDgKmbr7NTPGDwVCmbq5GFLgmZLEHB3KDUN4IVr7TXuU0VNZTDSXAKneCDgjC0kjQ4YPCqayldkysb9wmp+zBfBLojROIO5UtjgVXu5Ron7tB90cJZMMuR1yom1cepow9o2wqeMNuNLPbqgDW0HQTzstDG7cKsu1tkZILhR/hOXNHotlUkjkaqn7sorbLUy0jv4bUjzM+k+oV29mAFSzh9fE2spWfzYDl3rhW1LUiema/GSBgrZXM58k0Dqmfynb8qgrYSH50rSFusFpCgVtLiFxwMrVCRg1dW+LM85pAOygvB3yrUs2OyiPbgnblPT4PJ6ynDyVkjMEnhdhkOeEadmDso7XBrsAKovDObJFjAdTSnsLidPZRYJdOFMa8bHCf+SEPhnYnyUNQysh20Hf7L1bp26x3SkilaRq0jK8rk88LowOVbdLXV9tqG00jvITtvwsd1OeUek+nfKPSajZJ/a+z2GE5G3ClsYHDdVVDUtnp2vac7KxifjA4WCcP0fadLqIWQUosOwYcApekOaAorW91IhyszWDr1vKAywuBy1qUUjmkZHCsWtY5u7VHmh/pb+agbjgfEQ/lJ7ON0OPyeyltGcEKFojNYdQUhrwWjZd7fSmeESScqBZyFaBjGEJ8WBsE9nKLgOCgLIBiGcEYUSppwWq2ljBUdzfUKC51qaMvXU2jLiMBZe5WxkjjPTkZ7gd16TV22CtiMT/LkYyvPblQ1dhrXROJkgdwR6K8nF1un2reyFTzywDw5c/dTmuEozhQzIJCXaRhGhfI04ZjAT4HKwcqKZsrCx7fsqaeKSlk0FuR2K0RcHgZ5UOsp/Hbpwmme2GSnL9QwVCnaQeEabxIZCC36ThdcGytGdirUsnLvq3rBVVdM2eMjG6ztTR+GVrZIiyQtxsq+spGSHU1uCVpgt54ry2n+P70ZkxkHCUeWyAqzmpNxho2USSAtPG6uUMdHnN27snUVRqIY7upjoweFTNd4ZBHZXVIRJG1wPZSMciJ5j0RKiAjgJtJc622TNkpJnsIOdnYU+aHIIxnZVs9M70SraR2k1c9NNTreGj1ro/r6muzW0Na7RM0bFx5Wycxj2hzTsV80h8kEgkY9zCOCCt90f8QZKORlFcZHPjO2XHhYZ1N9H1T6e+rYXNU6zh/s9TLR2KA5vuiW+upLpH4lLKHYGSM7oskeO3CXtPfRnCxZgyGWeyH4aklmOQm6PZVgLCIxjGCo74Qc4GFYFm3CEW4KtPADqUiguNv1DIYCFj7pZHRzmWmBaXb47ZXpb4muBGM5VdW2xkjCC3GdwU1W4OLrvExlmyBjbV1VUW8Ckr4nFgOA7laGaG33yl10zml2M4VNdbG159D645VAyqrrHPmJzgM52OxWmu/k8vqNPKt/eibcenqmmc5zW5H2UeiqXhvhPOdJ4PZa61Xyiu9O3xnNbLjDge6gXXpXxXOqaF4BO+AtkdQc2yh9xK3WSNlIhnkYNLX4VT4s9JIYZwQWnByEdszZMFp/Jba7cmJxafJtbRf2hjYazgbBw3VvLBSV8WAI3tP6hedRVLgMZ5V1bL4+jc0PyW+q0xuBcE+ywqrZPbnieAlzM7j0RWSMnHhvGQR3VpRXOmrxp1DfkFMullPhipoxhw3LQtMbUxE6P+Uz9Vb56V/jUrsjnAOCplr6hfI8UtWzB48ydFUFjxFUnTn1XLhao6iLxYDh43BHdNTyKlVOK3QLCSnimzJA8fZRZYTjBVPSVtZbJw2pyWHZXcNXT1Q1RvGSjygYy3rEivlp8HUB+6E9nAkb/K/EFbSxNHblRnUzidhyo4pklSmYe+9FGeZ1daZBHLnOnjKoqe91tBMaWvaQ5hwQ4L05/wDKx5dlV3bp+2XsapYwyYjGoBIcWuTm6jTKXaKWmqYaqMSR4OQpOot3BxhZm5WS8dLv8VjzJTk7Obnb7qys1/pa4iCchsmO52KXnLOLfRKt5iiyc9s7SySNp+6ra60viZ40WCw9h2Vw+Bjt42kJjS9nlJ27gqSgmZ1dKLwZfScqRS3GWheM5cw8jKtq63Rzt8SFobIPTuqqanw0xzM0n1KzTg2OjJT7J8kdqvDMSxtDj3xgqkuHS08GZKV2tnp3TxTSR+aF+47ZVlSXrwwIqppHbUk7R8XKnoxsuuF2h7SHDkFca72W7qrdbLqwksZqP4hys7X9M1FKS+A62eiji0OjqIv8iqbnfCPFWVNM4Oikc32ygkOiJD2kfdd+pAsh4jYaC39THZlQPzV7T11NVAGN7crBNRIppoXa4pC0hNUv2ZrdOpfib4sJ4SML/TKzVF1NLCWtqBqHqtHR3ihrGjTIGu/xFEsMw20WV+jpjPcIbmjBBHKsNDXDLd8phow/kfZScEZ1Np8lRPb6acHyAZ9lV1NgZu6IA/ktPJSPj5GyEYnAHbCU68mmu+UOjDVdonYdm7BV7qcxHBavQJIQ44LdioVVaaZ4OWYJ9kmypM30a7H5sxXjSwHLHYPupEF2OQJyresskG5a1UtTb8EgDcLO9Pk61HknH8ZFlFcYHfiyUYzg4ws8KaeI+VhH5ooqZYsCTceyVPTs7FHlEvzL1ha/hwRfDwPuqWG4xepBUgV0pAcyUEH9VmlU+jpVa6qzpk50elc0FCbUyjBkGfyRPnYNmk6Sk/FJGqF8Z9D9I9Fzw2+iQljIy12V047kKsNDOGBkib2QhSk5xupYISJwMofkaCVUZdkL5aUf8PZN0Hu3Cn+NvjC4XNPbCONz9i56aC6IOknYhIsaPRSCxpOE19MMZjO6L5s9iXSkCaXDgp3iVDN4ik2nqxncYThqZgkJkbED8a/Q+KrqW/Vg+ykC4tcNMlJCR9lDdKBjLUmPB3R/JJ9A/FF8YLATW543p2tzzpTHUlqfv4j4yf6So22MYCcSD3/ZTfZ+wXpqZflFBHWmjcP92rPN6PTJLLUYHhyRuz6FNPIwiMlc0YDjkd0ausQmXj9LLuOCLJaLmziIEeoUaWmrYvqgOO+yuW1dU0/3mR6KRHdJmABwaR7hEtRYuwX4rSS6bRm9ThkOYQUIvyTstiytpJB/vFvhd76d1IFN0tVxgztMR7jCZ/JfsTLxEZcQl/3MNqHqElvoun+ipf8A4otcUP8A2CtU7i6nujdJ4Duyv+XD2xT8Fc/xkjDbHZd+X9Xcrbu+G7T/AHVwgOfugu+Glz38O4UmOwLlP5df7C/4Fqo9LJjHRBuNxv7pNi1dwFr/AP2aXwZxXUhH3b/0UeX4d9Ss/u4Gzf8A0s5U/l1r2C/EaqL/ANtmaEAPJwuCEHOSFo29BdW5w2zzn7NT2fDbrOU5js05/wDCglrKsdj14fUv/wCmzNNp9XfARG0Yd+ID81qofhb1o46X2iVnuQrKn+DnVxw6SJjM+qzy11a9mivwGos6rZhDRADlC+WPfZeoU/wZvUhHzcsTB7lWcHwTpGYNVdZAfQDj90l+Sh+zZD6U1M+44PHW0xJ3RWQsOF7ND8KemYXDxqud5Hvspf8AsR0bSAamh2Nt90L8lH0b6fo+Xc2keJNp2DfY/miCma9wwvaxbOhYMtNFC4+7U3HRsX9zbYf/ACJL8l/Y0r6SrXc0eNCgPAYTn2UmOy1sm7ID7L11tVYo94bVT/fQk68RRjLLVDjtpZuhl5OXo0V/Temh3P8A7HlcHS92ccto3YUuLpa8drbPn/lXoj73MN2Wef20s2TRe7w7aK21JHu1JfkLWboeC0cFnLZiIej77+G3SfmFMi6Mvjx5qcsWrNz6kccw0kjf+YIra3qp40mKMfdiX/Nt/YyHitL6jIyreh7ySMgBSIfh5WvI8dwH5LSCTqg74hH3YiMl6oO2YB76EMtXa/Zqh4zT+oNlLH8OZcZJyp1P8PoGNBOkE8qwa7qp3M8Y+wSLepCMGoaPslyvtl2zbXo6a/8A6I2PoWnaOGn8kUdG0kZGpo/IIHynUbnf9veM/wCJE/hl7cMuvTftqQ/LZ+zRGqK/GokxdK29vb9lKbYrawbxtHuVWCyXOU+a7O/JyMOnXY890qnHuNeyv5ZexyjJdVonC32WL6pYM+mUySpslOz/ALRCAPsoR6bpXEa5XO+5KKzp22AeaJx+5KjtkHtta+1JEGt6r6fojpdVMyeAFXP6tttW7RR0080h4DWq/PTdjzqdQwnHchSqalsVEdUFPExw7hqU7WxD0183980v8GYE9+mwKeyStz3e1SIrJ1JUYdJDFED7rTSXqlZsHZQpOo4GDLQ7ZXF5Gw0lS/OTZTs6EuVQdc9eGg8hrlPg6Bo42jx3vf66jlJ3VTslrGEnsAg/x2/1ORS0E+D3wpNDfj0seotltTdM2iEBrqVjseynsoLbT40RMYe2yzHhdYVh8lO9gPqOEdvTHVs+DLUNaPTO6XgZBp/7VeDSh9FDvI5jQgz3e1R7mvh+2pQ6boGSVgNwukpceQHFTIeg7BTPHiuMpHOs7IHh9GpS1HtYIj+pLSDhs4d9kM36aUltDRTSDsQOVfR2rpyjGltJRH7p4rqEHw4YmtDdhpbgKJ5LxY+5Gfjl6jqj/Kt2gesiL/CeoakaXzwxA86Xbq9FVO84hacFOEMz+Gko0slqrH5MpGdKFwBqbnO49wHbKS3py3RYyxzz7lWTvBhGqeYR49Sok3UNlpdpblAMf4sq8F4oq5mwsdvomNDRSswOCWhHbFEG6WNaAOMBZWv+JlhpJHMpw+XH4gNis/X/ABZmc0toqVo35LVBU/I6Sr8WeiyR75IQJp44PrcAF5HXfEK/Vp2m8If4e6pau+3iq+qul353UMtnmY9QR7FW9R2ulHnqBnCoarr60xEiN5cQvMPGqZTmaYv/ADXC3Pb9lDFb5W2X48G2qviF4jnNjhcAOCCqefq26VDyI3kA8bqhZJE0+Ypj6yliOdahgs8lOX5yLSWS5VR8SWRzs/4kzwgz/tJwP1VNU3lzcNp3nZQKi4VcuAZNlaMV3kU+mab5y2U7stcCVDqOpdLiKaPGO6zxcXbkrrnNA5TXDJinrZy6J1ZfKyfmQ7+6gGR7zl7iT7lCOSUnAnhDsMstTOXY/WuF4TdB9P3S0lHhCnNy5Yi854S1n0TtAS0BUogOTGMeXImkpoGO6dkDbKcoi3JnElzISyFSghbmmdTkMzNCYZh6JqiDKaiHLgOSEB9QBtgfqo8s7s4QJCXbeqvYLlcSZKs9sIPjukKG1hzwjsjxvhFGOBLtY1OjbqKUj2RNy53Kg1F2jhOI3gFFgB6iC5ky1w2LdxUerulPCwBjsu+6oKi5VM5wH4BTY6Z7vO45JV4yZ56zc8QJFZX1tS0xw8HvlAjppiQZRj81JjbowMo7sYBO6F1tmey5y/JkeOma3cBHDwBjCZlPa4A5RQqyKd6idJkd9LsZTRATgu3TxI0LomH/AMoTlVgVLUrIhEG9k7AzlD8QFLxB6pqrK/kx9hQ1vAC6ThC8c+iXjn0VfGH/ACYDtXsk5CM/sl43+FU4YKWoh+w3ieyZqyff7oXieyHryr2FS1EX0STpx9Q/VDJO4zsg5PqnKfGA7xHfldGy4kgdeBTuOiXHZIy57Ia6rcAHa/Rw7lcyVwDCerjDAMpuQ3JXMlJJHhA5Y9JJJJksBHELxD6IpICCH7nZUiHUkklAxJJLj/pKhAaYuuOChkgclWyDyduUIAruDM4AA/kvb/hd/ZO6/wCufDul5aLHaj5vFqSQ5zTwQ3um10TseEjNqdZp9FD5NRJRR4rBBPVTNp6eCSSR3Aa3K+hvhZ/ZI6hv+i6daS/wyjIDhAQfHcN8HGfLx7r6T+HXwd6B+FsLJ7RaG1Fybsa+ow6QemkdlrTU+IcNHC6dOiUeZHifJfVVlv8Ap6RbV+/f/T9FR0h0R0n8PaEUfS9sjpMDDpRgyyf8zuSrWScyZ2XHHOTnhRXTZ2AXQhBQWEeRtcrp/JZJt/3COdnOSoxdzsk8nkpv2T4xzyxYiQOUyJstTL4cbTt3wrCjtpqWh8zdI5U2V9NSRfyyC7gYG6IqTwAitVNTjxpWhz8bkpfNtJLIQNtsBBL6qp/vCWD2T2RsiaAAoUccyR7tcg590988MDQDvhDnnzsBsFU1tbHH5pDjCPAKWQ1fXSPOInYCqamUAguxkqLWXV0jg2m7IVPBU1DtUxIyoOjEa6pkme6OnBw3YlS6a2ueQ+flTKWmjhaBoGR3UpGWBipmwjy90ZPOwydgoctxj8R0MDS944HqoQ+S0kkl2D3AkkklAxJJJKEGJJJICAkkl32SZy2kOeyFUOA+yK7AGPVVtdIMeGDuVjts/YcI7mZ691Di57VXxHygkI1wl11BHOENvAXEn99jydWtbY4Q6JokeGnZWrIwGAAYwFFt8GR4zxtwFYHhFGOBcpkKrd4bMhdpWAQF5G5OyDUkOlEfKkucYqcNAR4CTwRpCS85TVwuyc4XUtrAQkkklQ0CkkkoQSemJ6hApIxyow3f+aJk+qSAh1oAGyKOUM8J8eS7KnQMngdIMt22UMZMuBucqZVO0Q7HdRKRp8XJKuUsgxXsnNGBhI8Lq4eEsoBMoz+VJmO6jO5RegzqKhIqsYwJ4Uct35Ug8IHJWe0tLKGuAJGUUktY3CFnJCK4eUBXEkk2cBympybjO2VUgoonWwaqlo7L0G2R6acYCxNipy+pBwt/RNDYAMcLNYex8NViG5ile2NvmKdbcGoJPoo1eMuDhsplri8OJ02Mlw/RZ2ekr/LBJbl0objkoz8OqNOeEODc6j2Shbrq9R4VN4RurSySpCWR6eNlA/EplcdMmjCixgE7pbeQ5xzgkwgacI8IMkgYhtGhv35UikHnGNyUmx5GVR5RpIW+FQZbgHCppCXZLjuriscIra098KjnOQMHlIXZ1buMIr6jHjcqFH5q9oHGQVJm/vHHPCZZoTPc9J9QqsltRlT+9I3IcIoGMDdiwZVpYnZZu3uq2WPGn0AwArq0Q6ackDlZJM79cdqRahjY7fK4Dc5K82v0hLn/AHXoN7nfBZtTDgnK8wu1U4Nec5LgiqWWYvJW4hgz8ml0rj6rrQcDCjNPm3dnlWFO3Lmj1XSguDxre6bkTZn+HRe+EKytGHvPOeVyvGKbA7olnYQxwSrTXpYqVq/sOrnkOwtP0S3z7+ix9ZKfGPdbnoWMGlfKW7kcrj+QliB63xsd1yNFU5DHEehWO6iy6nc47ZyFsat4bFusX1S/RAxoHJXmrHwejuX2M1vQMAgtGMcszlXUZy9RemaUwWJjh5S5oRYSQ5ZbTo0rbBRLRgy0IF3kMVukKkQ5wMhQOpJdNvIA5ys67HSajEzFnGqUykc57qo6kcXVZBPDVeWpmKcu/RZi5vdJWSOec7kLoUPByNY1t4K1hPzTG++FrIYw1jcDsstQNdNWgafpOfyWsYQMYK3KRgpWFkqLzKDUAeyuemG4icSs1dHH59wytZYY9NLkbLNqH9uDbolvtyX9M0EhWE2zBvuq+jac5U2Q/wA44PZca1YPQwXoqLvKA0eYbZVR0ZCKnqLWd9PCNfHkeL5j7KT8NKYOkqqhw8w2afRZrHhCZvNyiegMwH/mVe2UfzwSNsKli2wVf2ZuTkc4K5+pm9jN2OS5b9aMzshAEHJCKOFxLG0FJYCjGBsnobURKRB6SSSYNEkkkoQSSSShB6SYkoQemJ6YoQSSSShBiR2SXC4BQhCuVUykoqiqlOlsUZdlRbJG6mtNLG4AOewykemol3+qi9Yyh1tZQ6dXz88dIW/1ayArSNpDQHOyQAOMJ8CmdT0xPVljWfUFLb9IUVjTkHClD6FAjpxjlAPKRJzyuKEGpJJKAjF3suJw4VrspnkPx7l8a6dIW7G01xBP/mjH/VeonheUfGNxn+IXQ9FjIdU+If1avViQRstK6MNPNkwJJzhBpDm+yN/posf/AFQRjucIFCSb1KQOIAxKmbk8E8cqOwnx5CpHfZR4P+If8ZURGPm7DsiDhCmI2KICMKEOpqcmqEZRVW/U7h/TSh3/ANUp5O6gygHqmqz2po//AN5TfRaKwiLeZjBaamb0jd/kqLppubNTv/qBP7qy6vk8Lpqsf/gIUHpweFZaRpG/hgrZDsEmVoxb6nB4jJ/ZUHTZP8NaSQRklXVylxQVm3FO/wDyVF020myQnuV09PHMjLbLAW8SaaN+OcKggb5G4+6uL0cUkm/KqITgD7L0ekjwcrVP7woJyPuvNPiO4PvvIOIxlelN+ofdeVdauLr7UZOcHC7/AI3/AHDxX1RLGlx+2ZibONKh05P8Qjjxy4KZKdwfcKFTn/3vEBzqC9DYso+dR+2aPebTn5Cnz2jAUuLkfdRLTvQwf/SwpTOFz5rk+m6Z/wClH/8Af0NpnfzpSeNRQLyf9zcUVuzXH3Ue8FvycbSM5eEUVjoDUzarZ1p0wRZH4QoN1l/93zEbEAqW0ksaCQcDAVdfMNt8pJ20ldPTPazyGsl/oTf9jwqsmMt1nJ51FWvT7c1g9lRSAi5zvzsXHC0XTAHzZyvTaRcZPhWvlvc5muwAOVHn5H3CLP8AUEOUjAXWiuDgM2Dzo6bdt9TMBDsDAy1ulI+kbo9ZpHS8DfxEhDgApunpXkYKEWuTOTPElQ94OxcVhPio8igiaPVbZmx1HdYP4oy6qaNpCy6v/bZp8d/+JR55Fscq0tchZMCO6qWevqpdM7S8Lz1Z6qxbk0bOFwmj1qNKwsPHK5bJ9MejklSJsEZwtBy5L43hkGoYHxEEZVTg+ivNnZaRyq2qiDHkAJViyNqlggy9io1Q0YClv7qK7PKWo5NcJMjxgteDwrHI0bFQHtOQQjxSAYB7Kf2YUx7wAcYwo7x6BTHjYEdlGkGQlyRUZZ7GRy+G4YU+F2QDyqsswThTaSVgAiccH1VHR0921pMntOQgzwh4wpDWZ4XHs90DXB2MZRQ1UBjlw0YwhhpIwSrWqhDhqxnZVcjCHeiS2YbKdryNxhOxump2cIXz2DD7WdzgErafDe8eFWuo5n4bIMYKxL36BxlHtVeKGuiqGuIw4ZWez0dvxurlpNRGS9n090FXR01wfaZj5J9wvQ2AtdgDYHbdeL2ivDJLfeqd3lOk/wDUL2iCUVFNFUaceI0FB2j7R42/dWkRrmwPmIA2wsXcof5z/ut9PGHRl5GSFj71TvY5z8bFA3g2amvdBtmYq4scBCo3ywztla7GP3U2oGQobm744QTZx3Hbhm9pJxUUzHHBOldMYCrel6kyNdTnfACujGNWPdSEsnYrW+KkZDrGnBpmSAbnIXh1/gxcXPx6r6QvtuFXQPYWgnBIPuvDeqqACN4EeJInHP2XRpZ436i0u5OSM+B4lD4ZUaABrfDPLeybRT5c6I/cJjJfCuBJOxXY0s8HyHzFGXvJIJa7HBXsPw7vnzVvZTySZfGNJXj8zdwRwtZ8P7mKepfFjPB3+66tc8HitfT8tbkewdRUfz9sM8GPGiGrP2Wo6SuQu1igne7MrB4b/XIVFanCpidG7hwxhM6Qqv4Xe6mySHSxxL2/mmuWTys05m20+6G5udiphj9kJ7duFRkksPBXvZlRZIcduVYPG/GEF8YPdQNPD5KmogJHCqpqXlpAIPZaOWIH8OfzUGam3+lAPrs28nlN2ozbrlJC5vkeS5iz9+oRUQFwb2XpnV1n+aovmImfzITnb0WFc1ssJjcN/RJkjtaW/hM8zqISxxYRuFCOxzhafqC3Gml8QDIdss9UR6RsOVmksM9Hp574rI+mlLiAdsKQ8AjIVVHIWP2GysI5QWKhzjgEeUw8IhHdDyEBYJ2+QmxlwfsioekeiXnawksotoHlzRlTGs25VRRVB1Bhdt2VrGcNz6p0ZJmW2OGHh4CchQo53ViRbHuo8gdGNbBv90bSRyU5pHdLnBSBVk6pqUGCt15qaGqa57iGr0C03qGpiadQJPuvO6ym8TdjRspNsuL6QBridisN9H6PZ+E+obapKNrPVWT6mg85T3jV2WUs1/a9wY5+WnsStGyoGM42K5dtOD6ppPIR1UFKI50TcHO4Wavdp0k1NM3c7uaFqgdWeyiVMPiNIB2KxzgbnPdEzNsrnsb4Uj8jsrxr2vaDqCqLlaTCPmKUfTuQEOjryAGuygwVG9x7LWU6dggYacp8crZm5QyzAKIbKe9FbXUwYfEjGxO4UVh0lW0jMg5VZUwuadQG2VOuTFYv0HiIPdGO7S0u2OxUCGXSQCpcbtWCnVvJksgpIrKumfQyCamZjO5A4cPQoVFI2ObU36JD9P8ASfRaCSKOeIxub9vZZyohfTTubuBnZbang5eor+NZRZz+VwwOQh1LPGjLB3XaTVUwHUcubwU6MtwWuW6DRgsjuRn6mF0Li0sVZUsONlqbhT6gXFoKzdS0iRwP2WlM895Cjbkrn47qJJERuAps8eDkBAcMhMXJ5iUJQliQNjiHBT4icZVa/wAjwVJhl4yTsmJ44F2RyuCwZyCnSDz627FCbnGUU7qpwyKg9rPROiry2embBI8amjByVs4XgnIXiNqqH0VWyoY47EZGdiF67Y6+KugEsZ3A3Cw2wwfWPpXyitr+Kb59GgjPlyiwP3xhR4yD+aJpxgrnWRwz6Lp7HLgsmbjPqn6c8oFFK3Oh3plTGszx3QI6MVlckOSI5BaESE4ABR9II3QdGlxKrBMMKWA4SGD2XWnHZdLCeFMF4BnZO+pLn8k3GPdQpDyMoZi1DCK3zZC6AQrZcokTwy3gbKHcrXTXOndBMBn8J7gq1ezIUbwXA8qjPZUrFiR5deLTVWid0bmFzOWn2USiropX+GRpK9SuNthuMBhlAzjY+i8q6r6budlmNRScNOSMchFv2s4Wt0koLdBFgMsz3HKa52oYxwq+13SOpja17sOx39VOzpzstMJ7kcd88MhVdKJTqxvhVMzXQvAIV+ZQdnDZQq+BshJ0jdEZb6srKK1wa8F2d1CmaW52ypBaYnAcrjmtlbp4ynVzOFq9PG2LjJFU5oe4jCBNRhwyjzh0E522UiFweMrYvuPm2rhLS2uElwUj4HMdjTsptv1xHGdipslI1/AQm07o3fSiUDNKzeiWIw9vso9TSgtyBhSacEAAoj27KThuQlPDMzW07o3bN/dRi0DvhaCsptQ2b2VHU0szH7twsk6v0bqbeUy66a6vruna1j/Fc+I4BBPAXs1j6otvUUQ+XkAlAy5hPP2Xzw4DHm7KbarnW2mqZVUkxaWHjPKySrPdeD+prdNNQuf2H0c5hTdOFj+jviJTXl4orgRHNwCdgStsGhx8pWWUdrPqWk11OtjvqeUR3NQXM9lYGPAzhBdGPRQ2p4IWn3TZIw8YypJjPZB0HJUxgGayipqreyR2MLPXOyhz3NdGDnsR/ktm6POFHmgY9uHMBUTwc7VaKGojtZ5TVW+rt8xfTl2kHIx2V/YuqWACmrwWkbavVXlxsgmBcwgH3WMvFklY3xoc5HIxumwtafJ5i7x8tPLalwbK4WCkujBURaS5wyCO6yFdbZrfMW4Ox/ZNsvVFfaQ2nqNT4wee4C3cbKC/UbaiPS9xbuO63Vag59uljbwuGefh5BDkaOpJIBCm3jp+pppXGAZZyqgZadLhgjst0bNxx7KpVycZIuaaulhx4T8LU2bqmRxEE7sjjzLBQyFmO6PHVEb8H1CfGbQCWD1Kqt9HdYdbY26scgLPuNdapDBM10kQPldyQPRVNq6nqrc8Bzy5notpRXG33qLw5Gs1kdxytVd2QHHJUTQ0lyh06hqVLLS1Nrk8QAli0Vw6ffTu8ejeR3whQVYkHgVTGuHG4WuMjNOleiFQ3aKr/lPOlw9e6sWsD/zVfcung8fNUB0Obvgd1Cgr6umkEc7X+6NzTBipx4kWlZS6Wh4bkd1DbCCNlPgqxK0E+YJstKXHxac7n8PuqxkGdW8rZZG7wVEQcw8hwyCsteehIK9xqbN/Km5w04C2rA0jwatgbJ3BUapoKqE+PRaiBucHGFXxezJZpsI85prtebHUCiu8bgwHAc8f6rT088FZEJIyDkdlZ1MdJeIjTXKnY5wyN275WRrunb1YHGa2yfMU+SQz8TUEs9HG1WkXaRfiNzTlu/smzxQVjBHK0Zx3Cq7R1NHI/wACtYY3jYhwxurtxim4bgncEIHDJy5Kyt4wZyrtdVSHXEPFZ7cqL4TKhu31dweQtU1/huw7ce6j1drpawGSE+FJztslusKF3/OZhtVUUDw0g4zyrikuccrAHOBzzlAqY3QEQ1cQcw7asKFJQ4/mUz8DkDOyW48DWlLlFxVUVFcI9EkLDn2wVn67pmrgJfQgyMG5aTwpNFcpYZRFUAtB2BKv4ZdbA/kEZ5S9iLjbKBgnQvZtIMH7Jugf1Le1NBQ1UZjfCMnus5cel6qIOkov5jOSM7hA6zTVqYy4ZTnB5SDtPfH2QpopYSPFGnUMhDBQ8o2RcZouKe+XCmYI2TOc3tk8K/tvU7HNEdQRkc+6xjXNI3Thlv4kSsEWaWEz0qC4U9WBoeD7ZUnwGygYK8yhqp6d2uKZzT91bUPV89O5rZwSPUI96wYbNFJfibGW2vJ1MCjy07m41NOyHQ9V0c4GXFpKtYK6mqCNJaSfVVhSMU4Trf3IpnUkcnlOyg1FgY/eLcrWS0EUw1sw13qFCmppod8ZA7hU6yoXSi+DG1VlqY84ZkDsq2Shxnxoce63hlaTiRmO2cJjqaKUY0M374SZRN1esf8AUecyUQydLeFEc18J8pXolRZ43Enw2j8lWy9OxzZBDRj2SnUjXVroJmObcKxmxkz6ZCmRXWncwCogAPqFY1HS72vOloxjYhQJbFVR8JU6F6OnV5FS6YSKekmdiGYg+jtlJMDgCWOLsehVBLR1ETiDE4Y7rkVVU0z9TJnAjsSkOg6FXkpF7407CG+GXBI1wYcSRke6rY79Wt2fpcPsjx3mnm8lVAAD3ASZaZ9o21+S/ZPE0Tm5Dxuml7X7BwUQfJPcfCnLQeyXysoHiQzZSpaeZqh5CEu2TMHYp7i7bdQNVXF5nNyPRdjrnBxEjTj7K1S0hy1Nb9ksPOcp5cDyFGFfAU4TwEAiQZQ455HKxMkfynDDm4TTHCBsULW3sUi/0KvBGx5Zulg+qF4jyfMQQu61MuAveExnulv6pviBLxGpieQPkQTUuh5HCb4gXfFb6fuoFkIJnHZNPm3cMoeQu6vdQJpSOg4KM2vrYMGnmLMKPkJviH0VNFxzHouaDq270b8vcyVo/C4LR0fxHpj/APPK1YZwXwjcLBak5rhgjPKTKH6Nen1l2nWEz2yz9adCSNDnSg//AE2LBB+y1lvulrqDqtM9BgjYteDn/ovmphaMjKYJJIzmOV7D6tOFnlRjnJ1tP9QWV8TimfU5kuLhj5ZoH+GRg/1XddUzzOiOR7/+q+Y6O/3+g/7LeKtvsJCtPa/jB1pRMEfzIkA2/mRY2++d1lnBpnTp89RP81g9vmuNWMNJxj/G7/qgOraqT/4iT9V5nT/HO9AYrbTSVB9cYP8Akrij+Odmw35yzOjePqaxoOEpps31+U0s+FLBsDLUO+qZ5+5QJaV0o8z3b+6q4fjD0DUlrp46qFxG48Lb/NWEXxB6BnAxcmMz/WcJLWDWtRp7P6kMdRMdkOccHYpjrJSSY1NyFOj6o6Hn+i+UoJ486eytss5zSXemlHo12VS4DUtK/aK3/Z+2YyacErgtFE07QDZXQML8eG9rs+nCb4cThs9o/NXhsaqaXykVjbbRDYQN/RdZbqeNxkaBkqf8vncfsmeA8H6SphjY1xXSAeGBw0BdDccBSPDdj6T+i4W4HCofGtdpEfHom4KNjfGCnANHZQLCI6aRhTEiDjgqFxyQ/MEtLjwMlGMe5w37LnhzN83g7fdQby0C8Ob/ALvZcEZPDN1IMkoGGxE/mhePVsOWQYUF5aYhSz48sYTfkq4nGrb7IgqbjwIiPyRBLce7ThQYnkG211RG5H5FNNlmdzLJ9g5SfEqQPM85Qg6oJ+shQnHsYOnwT5pJcHnzojemLad5ZZcd/MnDxu8pH5ogg8QYdLj/AMSBovFa9HG9OdOx4c58pI9XbIopbFDjTE049UMw0sfmkqQPuUM3Kyw7S19ICPzKtLAGYJ9pEtklgi3+VZkejVIjvlIwaYaMbcYVK/qjpmn2dXQOI/pCgz/ETpqlyfK/00hRrJb1NNXO9GrN9nA/lU7mj123QxX3KX+7aDlYOr+MVuiOmkt75Pu1VdR8XLu7eio4Ih7jJKtJozT8tRX3LP8Ag9Qkhu07fNsPbZDlpJIowJ6hoHJ34Xj1V8TeqKzy/NCL/k2VLU9Q3euaWVddK9pOcFyvgyWeepX4rJ7hLWdO0hxXXSAHnBduqau+JXTFA8w00T5w3uGgArxwyA8uJXNbDycodpks81KX4LB6ZW/GOOEf+6LYGyHbVIcj9MKmq/id1PUY01DIs/0DCxWG5BBTnzADA3U2syT8nfPtltV3+9VkviVFxlc3+nUoTpnSHL3E59SoZqQEOSs4I2U2sxWa5y/ORN3PZcVa6vl3Aco5rpzycoowyZnrYZLgyMby4ITqmBv41WmpeRgoZcM8pmwGWufos3XAD+6IUZ1wmOQVE1lLV7KfGIlq5yDGskPKYZsjBCEkpsFyucuxJJJK1HADlkSaGklOXRwUwjlgbgLqY5wyua2+qii2BkLkeiZr9k3x24QjMO26JRFO6KDpKOZwDuE01A9EaiLnfFcIk+J7IfiHG4Uf5gjhoQzOXDBCiQmVoc1BG2EMzk8hAJJOVwysHJRqIiV2Ow+srhfnYuCiurIRkZ3Ud1RISdKYo4ET1lce2WJGUx8kcf1EKudLVSHd2Ak2F7z53k5VqLZls10f6SRJc4IxgblRzdZJgRG7ZObSU+fM3JXfCgiP8tiJwM0tW5cMjAVMzsukO6TaGI4MoyVJEoaNmhDLvFPphEq8i53J85Htp6Rg3GD2S1MAw1u3ZMPukjjDAmd79HSd8paiuJJ3xpi3fJiXclcSU+NASscjuSkCT3TklahgFybEAcJml3qiiJ2eMIngj0R4JuZGTzuieGnmLG5CEEi6DnKfo9kTRhO0+6rBeAOj2S0eyJp913w/dRvBE8AdPulp90Ysx3XCMd1WC8sAkiEFcS5MmWMTUVMyhCGpJJIwhJiemKEHrh4XUktrKwGCcXb7bJrUYgcoB25VRjggkk0t91w77IgxxIHdND89kMtLjtlem/Dz+z18RPiK6KW1W5sFHLuKqc6WBOronY8IRfqqNLHffJJHmcrST5RleqfDT+zf198R2x1bKD+H2041VtX5Y8f4f6jtx9vVfVHw8/sw/Dn4cRQXjqepiutyaNmVDv5AI5w08nhekVHUgdD/AA+w2+PwWbatGMenA37rpVaBdyPHeQ+rM5ho1/1f/sYf4ef2e/hl8MYY6l1LHc7qxv8A2qVvkaf8LTn9fZb6ou75T4dG4FR47RVTtE1zkIzuGg8BElqbdbYzHTNGTgHHdb6qlWsJHi9RqbtTPfdJtnGMqn5dPwgyT0tMMd/uoc9zqKh+mN2AuRUYm/mzHjuU3CE5HyTSSn+WcBcjyzzP/MppqGtcYKWB0zv8IVtR2yfSH14bpduGeimETJBip5KqQNiYdJ7q1joaakiMkxGodlyWqjhcYaRpGkd1HLZ6h2SSrKOy1cpGmIYCGGOcQ53KL5Y9nDhMkqGN4AU7JjIQsDWHB4Crqmr0A6uAoVxvfh6mxu4255Kz1TcKiqGlzyAUxQyGoFnX3dxOIXbqnkdV1j8PzhGpqGWZ+23ckq3pqMR7gYRfiFjayBSW4uw57dwrOGLSAMIoY1m52AQ562nYAIxqd6BQgQsDRvsos1xhjf4TA57zxpGUIQ1le8uc4sb2HqptLSwwADTl3qVCEeOGtq3ASHw2hS46KKDGgDPrhSGjHHZdyFCHxwkkkuwe2UsiSTklAt41JJJQgxJJJJICThyU0brpPlJSbmGAqJtODwqWukx4k/oFYVsmNlS3N/8Auzvdcu+WTTp1llK8mWYvI5T2gkJQgHn0R6UB07YyOVhS5ydCTxHBZUkLmwta4dk+V2gbEI7sRtG3ZV9WcbgozNjLG08LXz6nDPdcqn5fpB4RqRp8AO4O+6hvOXk+6g+HIwcpyYnoZDRJJJICxiYnpihBJJJKEGoqSegLbyCHKkwjLQow5UqAZaMKCZdgK7JYAClTR4wfZMlDnzYduOykRHDR5UITWEFXHEAbrqFLg43UBATHzILe6JIcIYOFYbDpJJj+6jeAgb+EMLsvKCAcHdZpvLGYCD6tkR/0hCg3dujSDICKK4KlLANNzggpwOU1pOvTjdVLgOLzyaTptgdO1bYN0tAWc6XpoxE2Qt3K0bjhZbJZPoHjq9tEX+0R6gufKW9grKFrYqNp9QoLWiSUkjlT5SG0wjOxCzw7OvCOOQkTQIMjkp1Js/OOEwv0QAdyEShJLC8t77IbDXBDaqYOqHDHZNhAdI0FBnbqmLs8p8AIeMlAGTZ9oThS7W3VO3PsoVS7DfDPdWdhYXzgkeiRb+OTVpY7rUizur/5Hg5HCpKggADI4U+8P/3jSDsqaoJ23SoG26alMjyeZznZ7KZ0vE11yzjKrqmXw2fdaPo6ljELpy3LyeVLBdMd9qRoqhh2wFo7ZEPlhkYWefuRv3C09uy2BvKxTPQVrBX9WzeDaWxYwQTleY3Ut8IHI3W+66qhgwdydl5tdQ/whv6p1K5OD5S7loqBnWAFZ0YIkZn0KraYZnblW7AAQcLox6PK1vczlbISAzCk2/yxF2OchRKk4e3IUrUYaPW1Zr5YR1NEtsssr3nVO8kr0rodobb847LzHB1l/wDUV6n0W3Tb+Oy4GvszE9b4r8yyuYHht+6xvUwyYR/jH+a1lycXNaAO6ynUWXVtGwc6xlcBvKPR35UeD0e2N8OxQgDHlTKcebOFJgAba4wNhoGEGkGXYwkW9G+EcxRYRjS0BVPVbw2gx65Vq4E6RnCzvVsjnSRxg4BO6zw4YVizHBDpsx2vxBtpYsXX5Ic8fiK29aI6azAZ3kGAFiboNEbey6NPRxtZBqOWO6fg8WoeecAYK0Lh4TS47AKq6TjHhySkZAGCcq5qcfKSuzvhaxdUEqssycrnS1Rc45Jd/qtzZhppmjHosJb/AObOQR9Llv7cNMDG4wUjULgd4/luZc0oGEeb+ooVIOEWocPBPquRb2eipW4xvUNQW+LgLS/DWPFoknLcF78ZWS6g38T3W+6Fh8Hp2JuMZdlZLvwMqWdRk0UX1NC0vT7c6yewWdiHBC1tnY1tHra3BPK5OofGDcnkm6QMY7Lq43OBlPaCDwubN5HD2hPXGnbhdS0CPSSSVjRJJJKEEkkkoQSSSShBJJJKEHEjHKGeUsn1TFTeCHChknKIeEPODlCUyivJbNe7NQk4cZpKlvsY2/8A+wV4ABvkKggLKvryTU4Pgt9AD7h0zsHH/kV80YJGcrVArPAM7J6YnqwgrQNk48JreE0k55UCwI8oKKhKFj0kklABi72XE78KuPZTPHfiYBP8W+jIiPoPiH2Gr/8A1XqLCTnK8t66/wB5+OfTsQ4ZRfof5i9QHBHqtK65MVC/1LP8/wD2OjBI3UW2OD66um50PEY/8oP+qPg+qi2RpDrg496p+P8Awta3/QpUzYiwHKDH9Mv/ADlFPBPsgs4Puoi0MncdBPdFa5waN0CcgHc7IrfpChYdJJIcqAlO7S7qCueN8QwDP/nypjPqCrKbJulxOdwWj/JWce5C0Vhmf69k0dMzgfjIb+pStkQjttM0dom/5IfxEJbZ6aP/ALyqYCPbIUinP8iPGwDQMfkttfYDWSLeX6LTXSekDgq3p7As0H/KpfUUhFirCBywhRLC3/3NT7/hC7GkWeTDc/uwRb7tTEBVcXDfsrDqA4gcFW0TsytGOQvRaaOEmcnUTxMIzZwB9V5V1kR/HajfuvUAT4nPcLynrJ2b7UYP4l2vHf7h4v6qlt00f8lBUfUFAoyf49C0/wBQU+cgvCr6TbqOL7heil0fPN2LIr9s97tBP8Oj9mBS2fSoVn3trD20hS2kFpBHCxWrDPpum/2Yij2afuoF9kLG07OxeFZRDLQVVdQ80v8A9OaEVYGr/wBlkoANAzsqbq1+iyzkHfSVczjDm4We60OLLMM/hK6OnXKZ47yDxpZ/4PEm4kke/uSr/pdv++Hf0WaY7c49Vp+kGOkrHHG2F6bScI+Gal5jI1dSRqAzuo0pILd+4T604qQM+ybNtp9yAuqujhtZNjWkizUze23+SFc3+D09p41lFqQTbKdnfA/yUbqgmK208A2yAgk8ApYRn2bDf0Xn/wAUfpa0ey38jgGtxtkLz74kfzJ2MB5wseslitmjx6xqUzAx8Y9gpERw7KC5pYdm8p7Hb8LgdHrXyXtpqf5oDtgr2duWeXuslSzeGQVq6N/j0zRnf1TlLBy9VFqWSJggkFBqYi5pcBupcrC2UjGy4dLhjhX2DB4WTPuaQTtjdBcwAZByp9dCWF2Gqt3yclAjbVysjXHUeOExnlcCi+H7proiSMbpclkMkCQPbghAc3AJXQC0BEDcjIQNZKXZGIOChB2HZIzgqU8Zzt2UbBB4QfiNhLDLuil8SMOcd1IIyqWkqtBAOwV3C9r2jBVN5O1pb3JbZEWRgIwd1V1lNjfCvnxj0UOoiyMhqzzRptju6KFzS0kYQ3PJcBjCnzQgHhRXx6eyHJldTTBHeMkqPl2dkbjIKHgJFoxZXK9HrfQV7E9mdRyu1OjGW57L3Hoi8vrrS2CQ6nQbfl2Xy10RcpKW4eC3Ba7kL3ToO4SwXMRxnMco3B90DWT6n9NeQd0I7/8AB6wHeI0gjZUt7pg+EkDjKtKadrz4YCZWRGTXHp/NJaPeyh8kMHnsrCDhwwo00WCMD3VvcYdM5DW7D3UAgEFU45ONOrEnFh7DWGjrGknDX7La6dW47rzyQFrg4HBC3lsndU2+F78atIBPqqzg16d/btDuYJGlhHIXj/XNqfS1UutmQ4k/kvZIgARnhY74kUDZYPmHDbTstNdmDD5bS/LS0fPLwyCudjjKDV5inEwGQrO90vhzmVrcAqpqg6SIYGSN11dLafHPLaR/dFlkT4tM2VhyCN06zVb6Sujla/SM4KiWOcTB9M/0yAkSYKotxjdduqW4+fXV53Vs+gekbuKiCM6twACr2/UhpqimvlOMOYQH47heWdD3nAZGXcbL2alMV4tToHDVli0o8hrKfgltNPa6qO4ULKuLdrguv3G4Wb6GrXU/zFlqHHxIXExg/wBC1L2jGyvByrIvcQ3N3OyC5pJUotGeEzACgJDki9d1GkhGk52Vk5gQXRZ4UGRngpailyS3Gx2XmnU1pNvrXAM0h2+ey9blizuG5/NZ7qizfxG3SeXzMBI9UtrJt0122XJ49d6IVVI4EDPIWHrKR8TvDe3BC9GdGQXROB9N1mL9RljtYGyTZXjo9JpNRykjGVEYYeMLsL3DCl10BJzjb7quJMTsYWdrB28qaLHILcqIc5O6LBJlvCbIwoWVjA1CecNRUMjIwlSGDIZiyYE8LQQPbIwODhuFni1urJOFPpZ9OG9lIMXdHJcRkbqQ3bdQ4DkjdTGO24TjE+B2nWMAcIY1McCpAGNgmPYCoLxk6NMgAPKE6kznAwhuc6J7SOFZQOa9oKpxTJJuHMQdJqhP04K0VquxyGzPz7KnfFtsEKOJ7XZxnCy2aXPR3PF/UV+iaUpcG/pq1krRpcCEZ7g9uVjaC6Op/qycdlpqKshqomvjfn1GeFyb9M0z694vy9GvpU4vk7K0OyD3VLX27QdcDfuryaMu47KOTjkLI6zpznmPBSRTviOlw37qWyUSNz6p1fQh2ZYRh3cKrHjwP3JwEGORKsnF4ZPkIac55UWqGRjHK6yoa/k7p0gDhscq3HAbtTRWOaWuUmB3AXJmAZKjNeWu3VxeBEmWzXYA3ylPSw1sOh4wex7gqJFODgFS4ng43wtMZCra96wU2ipt9QWHOn9iESR2S2oiODnzBW1XTiVmSFVviMTiNOQQtFc8nOspwGOKhn5Kgudvk800Yz6j2V3A4Z0nunT0hlbpDsZ7rXCeDn6miM44aMVJHkYPoobo8ZCt7pSyU8py3GDhVkxIGMLVGfB4/W6VxnkiSsJK5FJh+w4Ti86sEIcgwQVN/Jy5L0WUMuRwpAdkbqspJ/OGH9VOOHYwVojJTRmlFxZIacfktR0PfnUtf8rM/wDlvGBkrKNRIZfAcHDn1We2G7g6fjNZLSXKxHu8E5dggbKdEPEGFiekL589S6DJqLMfdbGB42XNtqPunitZHU0q2PTJAzFI0nsrWB7ZGAFwVaWF7fcLtNM6KRrTwVnawegpsbLMswuGMu4RmEPAIPCfgtUbNiXBEPlP3UloGjOQUN8OrfPC5ESDjPCmclKOTjm4Oy5pz2UkNHokQMIXPBHHACPc4PdHIGBhCdHuMIsfAzuhzkHDGeHlCfHtwpmn2Qy1QppMgGM5yotwt8FxpzBO0HbYqzfFncILwWqmJnDPB4v1V0rV2aqdVUbDozlzRwfcIVpurKlgikPnGy9lqrfTXCB8U7BgjnC8i6z6MrenpjdLePEhc46g3srjZtZ5rXaF0N2VrOQr28FDkYC3lVdrvAmAbM7n9QVayDYOG/otMLNxy3h8MrKynyctCgDLSVcSguGC3Cr54N8gJieDm6mrDyiFWU7Z2Egb8qDTyFsgZ6bK0wBkFQK6na14miHOxC10zTPDef0MrIb4+idFhwzkLr4m4BUGlmIwOVPY8uHC2Lo8VyuAeggcIgcM8hI7g7dlHw7KLBQWZjS1VtVB4nlKsYzsQd0KaIHgfuhcMjIT2merKKRjdcY45CgGTSMY3Wle3J4wqqvt5OZom59Qss6f0b6riujmlikEkby1zeCDheldG/FGSkLKe8hz2gBokG+3uvNHgsxtynMfjGQsFlWWd/xnmLfHWqdfX6PqWkrae5U0dXRyCSN7dQLTldc33Xz50z1jdemptdHUSeGSNTCct/Re09N9a2fqKJuJ2wz6RqZnk98JEoYPq3jPqDT+RSiniX6LcRgjdBfF6BTnQ6RkcFCc33Qco9Iv2QHRj0QXMA3wrBzfdR3s91Oy3FPkgSxtI04VZXW+KRhDxzvkK8dEewUZ8DieMqjNbTGfZiLl07C/O2Ce4CzkdTdunaktie4xg5GOCF6lLTA76QcKmuFmhnJJaMHsQjjNxPNeQ8fLdvrO2i/W+80zPGe1kpGHA+qi3npTW51RTdxnAWUudkrqGoMlGXBoORhXth67dTtZQXiJ3lw0SFbK9Q4nHthFrZcikdTSwkiVuCEwjHdej3Cz0F0hEkbG5c0OBbzgrE3ix1NvediWjg+y2Q1CkjnX+PnU+OUV7S4EHUptJc6mkLTG87e6r290QuA5WmFjRi+Np4NxZesHSYiqjqA/q5V1LaYriPmqKQN1DOO2V5cxxDgWnBCvrX1FW0WC2U4HbK1QvxwwZQNOypmo3mCYEFqJLHRV7cSMaHHuEqW4W69RNdLhk2ME+6ZVW6WnHiRuJb2IWmNu4CUcECqt1RQHxad5cz05wu09bK3HGVIgrZqd2JG6m9xypAit1WdWgNc7nGycmgFXkI0Udyi84AeBz3CqvGrLXVGKq80R+l+Nse6kuoKqjkM0DtbfQcqTDcYZW+BVxA52IcMpqki3TJdoivgt9wGpmlrz+Jqr5oa2hkLJ8Sw8A4zspdXajRO+etjtTOXsyiUlxjqR4Mo852DHcFU0mZLdPGS+5GPvPSlPcHOqaNwY93YFUnzF2sOIKyJ0kYOzxzhenTWdhOuA+G/ktPBVXWUzKhvgV1MMcZIyEDgcfVaJS6M/Q3ClrmjQ8Z7juFJdG8eZpyq66dJz0Mja60PJGcuaPRR6S/Ohf4VdG5vbIVNHBv0sq3wi3OiUaJmNcD6hQKmzvg/n0Tg5p5YSrJvhzsEkbgQ4ZBBXQZIjkHIQSgKTnAzsrIKwmCaExytHB2z9lDkbcbY/XE9z4yc6XLUTUlJWtzO0sl7SNVfUUtypMl7W1UHsN0qdQULM9kajvtNORHLmJ/cOVvDMdsA4P7rP1FBRV4zE7w5B2OxBURtTe7Q7zHx4R2O6Wsx7HbIzWUaWrttHVxGOana5riTuNwT6LNXHpOSLVJRP1N50nkK2oOoqSqwyQmN/o5WscgJBxkFC0plqydL4PNZI5YJCyVpa4eoSMpYM45XpFXaqC4M0zwNyfxAYKoLl0bK1pkoZA4DfSUv4maatbGXEjJ/MbHZNDtWdlIqrdVUzi2aJzSPUKOBhLcGjZCUZ9MJE90ZDmk7Kwouoamkdkeb81WjblLT7qKT9gzpjPiSNtQ9bQua0SOLT3C1FJc6WtjGiZjiRxleQ6e6fHV1NI8SQTOaR6FErcMxXePjLmJ7G+np526XMbhV1VapQNVO/8liqbre4QxiOVocR3WktPWdHVAMqCGO75Uc02c+zS20voM+OpphmXj1XGTU7vKXbq5jlpatuWOZID25Qai0Ukp1hulHtUuhbbj2iv0McNTQCCgywsO5YD+SNJbKqny+mn1D+lyAX1cXmng8vtuqdf7DgwDqKKTGY2fmFAqulqGd/iFoaTyAFbsqonHTpx90QnKX8Q5aqcXwzGVHR8rZT4LgWnhVNV0/cGSFnhk47gL0jnukQ3uB+iB1ZNMNfZA8ndR1ULy1zHZCc2omiOdTs+mV6bLaqKclz4mgnnZV1R0zRS50taD9lWw2V+QX9RimXicN0kZx6lPFxLiNQzhX9V0Z+Jn+SqanpiuBxGMgeyW60a4auuXsjuqopB2B9gm6gDklBmtFdTHzgoY+ZaQJWnCH4ofo0x1c/6JE0VTh2RPm3dwq4TuA+lEbUEn6QlOmA5au5dsnCpcd8BOE+eQFFEoxwuCRp7lLlp/0HHXTXZO8b3/dISf4goefdLJQqvA1a2MiZ47jwEjM4bkfuo2pIu24VYKesfphzVkc4XRXRcEkfkoTn4OMLmrPYK1EU9fNdFkK2Ej6075mB2wduqvSR3TNLvVC0SPkrEW3is/C4YXfEadtQVQTIPxFLXJ2JQ7BsfJTfZcZP9S4JHc4wqsTTjcPwEvmqkHOUMoD15OPTRZePONgdvsnNqJXfUVXtrJjsXfsniqB2KRKncPr8jV7JzanHKIyaI7a91WiaI/jC6XxkHD/2SZ6fA+vyFaeS0aY3n6hhSRSU8gGWqh8ZzT5XFJtZURnIdlZp6WT6NsPJ0r8jQi3QY1BoTm0chI0y6R2GOFSMvFSMDCmwXwt0+K7CV/GnHs30a7TT9ltHTVzBmOue38ypLKm/RnLLrL/5yolLe6WXDHOAPqrBssbwHNe0g+6r42jqU3Vz6sf/AHCxX3qqDHh3eTb1dlS4+sOsIxvcg7Cg7HuujA7odpqU5/0zf/csYuuur2O3qmEKa34h9SNALvAJ7+VUnhZ7fsnOhzgYx+SqUGw426hdTZef+0jqAbGOD/yro+I167wQ/oqL5I43S+TwUPxMar9V6kX/AP7Rb1/3EGfsl/7SOoONMAH2VEKPbhI0anxMNanW+mX/AP7RLxpyfD1dxpS/9od2xuB+ioBREkJ8lDgDGyirZP5Wt/Zd/wDtBufo39Ev/aDdOxA/JUHyZ7nC78kfVXKBf8nWv2XrviDeQMMkH6IDuveoDnFSB+SqDRP9QFw0Z41hCqm+iv5WtXssj111ATj5of8AlQndb9QH/wCJH6BQv4a/Vu/n2Xf4bhuS8foiVLFPUa32w7+rr5J9VUQo8nUd6lGDWPx9000gBxgFDfFGz6sIviygJ33L85DJLrdJDk10v/mKhukne4udM4k8nJRZKikacGQAqPJW0zBlsmo+gV/EZp6pf1SGnVnOo5+65l2d3ZQX3CPuCguujMHS3dUqmZbNZWvZOAwnajjGVUOrpiTh2y587ORuco5UmR62stPEameK0DkKsNSTyTlM8Zx7lUq8gPXJ/iWRqsdwl81j0Vdk9yu7+6L4cC3rZsmGt52Ka6pz3KiZPqV3JRKvAp6qb7JBmcheKc4TfEGEA1Mfc4VqAMtV7kStW3Kb4nso3zcAG8iYbhTj8SYqify617JiWSq/+KQZSN0iP07FX8eQXr6yySVV8/K76Tsh/MSn/ibKtgL8hBFv4rRyQuGZvbdVXiye/wCq547vX91NgEvIRfKLA1Iz2wkayED6t/RV3iZ7rniN7hF8TEy8jJE41vOkIRqpj+PZRy844Q/GePwqfExT8g/2ShVOJ3GV3xsjn91C8VxP07LoLvt+auNYmXkc+yV4xK4ZTjHKj+bGTv8AmkC47EFNVS7Fy8jFBDMc9lwzYCaI877rvhNG7hkK/iQh6+PoYak54Cb4zzs1oyi/ycf3QTNbQ7IYp8YievnL2DLa09/KUiyTHmKOJe2E1wBB2UUDPLUSn2wAAzuAnhrQE13K5kpijgS3kcd0juuYKWCi2kzgY7Pqub9yiBpKdo2zhVtz2XkCnMYf0TxGUYsz+H906MStyQDT7robnujBme67owcgqsE+QGI2ld8EeiKCQMJyJPIHyEfwP8f7JeB/j/ZSEkRa5B+CPRIRAHOERJQvBwNAXcBJJQmBJJJKEGpJyShWBh3XPzXTwlgIZPBQzT7rn5pDgrh4VN4Jg6Q3fPP3QSeSunlDSZvA0WvOyYngYSQhjUkk3V7IwhySbq9ktXspgg5JJIAlHGDYZxBc7PbCkxxmQ4aMkr0voD4AdX9bNbVOpxQ0T9xUSjY/YZWivSymzLqdZRo477pJI8uZBNN/dsyvUehP7OnxC65HjRUkdBSjBdPUHSRz9Prx/kvpLpL4Q/DH4Zt8eqzcqtoGDMdWcf0s/NbqlrOrOoiIrDaDQ0X/AHj/ACEg/kt9WgivyPIeQ+qpfjpY4/u//Yw3RP8AZ9+Ffw6p2XK/EXK44GPG8xyPRh+43yvSY+p7/dI47Z0xQmgpyPNIdgR22x9/1U22dB222MFTfKp1ZUu3y85AP2/RXL66OKMRUGI2jbyhbYUKHR5LUam7VS33SbZQwdGx+K6vvNR8xUO3cSdlPkuFFQRCKCFuRt5QAmTiWVxc6U/qq6rMNNGZ6iojja3nUd09RQgdU3CrrDp1aQe2VDdAANUu475Qo7j835aCne/H4uAVZUthq6/Br3uZHzpacKiFeKiniwKWF80mdmtGQp8NluN0PzFY99PGf+Gw4Cs2wW+1NDY2MbgbHuVHddLhOf8Ad2nR2OUABJEdutEQEbhrOw23JQHT1tWdjhqUVE4nxqlwcecHsuVFypqRmI3AlQg4U5Z5pBumTVLIm4BBx7qqqr1NJnBw1Utbe4wNLZCT90ajnstRbLqtu+g7kYVFcLwZCBE/91Wy1k1S/GrIKl0FokkOuSPIRuOB0I45I4ZPVSZaMlWdJaiAHTDdTIaSOmwGtwfRdfVsj2xkod/OC289HY4WQtAA4TXVLI9gd+yGfmJzsdLR+6IynYzcN37os5BB4qaryk6Wf5o8FNFCc6ASPVEaMfknKFBBp4GF1ABOUTI0YzuoQKSMcqMScndJxOdymlzRy4D81CHyKkkkuwe1GpySaoWJJJJDJ4CGLmM7pYBXVmlLJAeMboZIAy44CKeFCrXaYXYO6Rc8rkYuyHUS+LKTnbhUd5lyWwtKs25Hc7KhrJPErR3xlcu2WeDdpoc5ORHQMYU61xtdMXEbgbKGDjsri0QtEJlDcuQpezTc9sQ8wAaTlVjyZH6Ap9Y7AIx2UKkZrqRndRvPQiHCyw8v8imDe5Ve7kqdcXtGmMchQULeR1Y0crpOEgMd007lKmxw9JJJUQYkkkoQSSSShBJJJKEHqTGz+S57uAow3UqYiOg3H1KC59ohtcHuz6qQ0DCixA5GFLHCUyOWRHhRiSSVJPCjeqmcFAJSdkMZTpQS4YXQBhUnlhnR7oj+ExPfwifQxkc8pieeUxIaDQoeEc8IMTTjhGPCsBAzsVymGuqzjY9kn9/snW1p+aGR3Qy6NVEd81E9B6djDKXJarV52Ki2pgbRtwMI8j8YAKxy4PpGkr21JD6duHZUmqBc5wadtkOFulucIhGYtfqUs6EUde7U1p9G4UlgAoy4lQpf7ggcqTMdNuAzhJbHxQBji86j3Ro9nA+6jw/3LfVSIN3BUWw1dgzANPZX9ijDAHEY2WdI11wHK0kP8ukAASLHxg3aJYs3EK4P11ZGcg5VbUjJwpc7tby7KiyDIKGK4Lllt5K24E50Z4K2PSbSyjyRySsVWjXLGz1K9C6fhEdCzblLsHaSP+pknDzvaMfiC18EYZGxoGNgstSgOnYD/UtbnyD2AWOayduuWezB9ZTB91cwjIAWKvEkbWaDzytP1JUeJeZscBY69SfzDstlETyfkrW3LJBpP+0NVqDglVdv3nCs4+Vr9HG065AyapKgAb5UqqfooHM7goLP+0j7pt3lDImx75ecBYdRLKOtQsAIhqDB6kL1jphoitjTjkYXlNJ5pI2d8hev2KAstsXvuvO+Rlties8RHdJHJ25lY33WTvQL+o6OnaMguWvmH++47BZV7NfWVGMZwVxd3B6TUcbf8no78Nt8TeMBDox/Ob6YSq8iLA9ESkA5xvhZpyybq+iY7kLL9R/zKyKL1ctO7gfZZa6ea4M77oV2Vb0Rb7I1tLDTn8IysR1AZGOBB8uOFs7qPEeDzhqxXUDtcjWDnOFvp4RydbLCwaWwUzY7OyZgxq3KLcn+HRye7VKt0QisUAAxkBU/Usro6MBrsajgrSpGecnGoq7I0GpcPVy3dK3SWhYawAuqM49Fu6QHIWbUz4watD/tlzRj1Q6p2AcnAyj0gAacKLcv7vbnK5Nryzv1rbBMx1/dh7h64XpvScJjsdKCMZbleZ3lviTsb/U4Bet2aHwrVSxgYxGD+yyXPCwKivvcidGzOFr7UzTQtWYpmZe37rWUjQ2laAuRqWaYvIQbJ2Amp6wt4HjkkklYIk9MT0A0SSSShBJJJKEEkkkoQYkkkoQSanJqpkOHhRj+JSTwosjtDHPPA3Vw7KZQdOxiS7X24Z1a6tlPn/6XGNvy1LRtz3WZ6HHzFjdc9z8/UzVLT6tc7b/JaNrdPdaY9C4vJxPTE9UNEkkkoQYkknqFt4GJLpGFxQoS6OFxOH0q49kPGupH+N8c7cQP7qlJH/lf/wBV6iG988ryivf4nx0jBH91Sf5NXqbX5GPVaJdGfTJNy/ydTbQ3/c3S/wDezSuP5vKZKcRvd6NJR7SQLbCO5y79SlmoO76T9lHH9y31ypLiACSop32UBI1a7EQIPdSm/SPsoFecQs7/AMxqsG5IG3ZWQMkm6vZLV7KYAKOkGbrdPTx2j/6kKxbzsqy2v11t0djmrP8A961WMTtPvlPrGNcGc6/drp7ZAf8AiVrApVOf5LT7BVnXMviVtqpxz44crOn2iHstkOwEuSp6pl0WKpOOQAh2Zmmzw/8AKFzrLewz5287P/vgn2ja2RZ9F29H0YL/AMyp6h/uD/8AL3VfR48VufRWN+wWYPqq6mOXD2XoNPLKSOLqJZsOnPiHPqF5H1eSb7U5/qXrj3ASb+oXkPVrwb7Uj/Eu143/AHDx31Z/+Gj/AJKNxJduoVIP/rjZ9wpuN1CpCP8AaRnsQvRS6PnbeLYf5Pe7J/8AOeM+yOyXHblRbHIH2XGOEVqxWn0/Tv8A0USo3YGMcKs6hwBSkn/jtU9noqnqU7UX/wC0NUg8MTrJ/wCiyxk7LMdbuzZ5Wg/hK07iNljuunf+7Z8HbSV1dLweM8rLGln/AIPGYTguz2JC2fRZBlzjkLGxgaSR35Ww6KBMgx6f6r0OlPiGo5TL65kCoaAfxhcnB1Rf/TAh1x/39mT3R6gAFuR7rrw5RyJrDNhU4MFM0cYaq/q9xa2CP0AU2IF1JTE7nDVW9Yn+bG0D6GAoGsgMpKg4kh3wMLAdcAy3CPfgLa1k/nhOPwrF9TEGvDneixa3is06NYuTMrcKUMxI0bdwq9pycLSVkDXU5yOyzIGlx+64NkcYPS02qSwS4u2CtBZ6rViErNMJHZWdvl0EO9VcJCdQty4NLVNGC5u+3ZQW5zurGiaJafW7fZQ5m+G84GAU8wp7Xhkepi8RmCOyoJRhxHutP/eDGFSXCmdC4nHflDJ4NFFuHgr2fUEXAIQgCHDKKCCMZS28mwTU9pIQWt0nOVNZEJYduSqBk8AHMDm5CjSxjs3H5qXoLHaHchMkG2cpbBjPDIIBY/bZWdDOSAC5V87MO2XaeUsdv2S2zfp7WpJmib5wCDygzREjOEqCQObgqU5gQtHbhP5EUlTCc8KvqIzjdv7rQ1MILc4VRVR4PCTJZJOJUOa4HcJpacZUx0e/CZjbYLPYhOMEemnnpZ2yxOIc0jcL2vpK7uaKGoZITrIDj6HuvFSBnIK3HSdeamgkpBJh7BqZ9wgPS+B8gtPYoM+oLTU/zY3v+l2MK9niAIOPqXnfQV5/i1gg1HM1KGte7uT/APKF6RA9tfQNc362Df8AJIsz6PtOjv8AlrUjI9RUAgqNTR5XDKzUgLXcL0W6UQraB8pHniGCPVYOqpy2QjShhPPAjU04e5EJzdSvemq5zHGjldsd2qnLcclEhe6CVkrTu05Vvkz1cM3bR+iBd7fHcrfLTvaCcEtTqOobUQMlZuHAFStBzlHF8mmcPlWGfOXWFr+SnkiezcE4+yx0kWpuML2b4nWFzpmzRNA15yvHqiJ0T3xu2LTgrpaeeD5d5/QSpsln2VUExpK4EbAFXN1iHhsqoxkOxkqmuDA1wcNiVb2ycVdtfFJuYwu5ppZR8o8hp3TbuRbdJ3L5apaC7Yr6A+H9wiqQ6ne/625avmGhmMFRhp4Oy9n+Gl7iNRG2R+5AAOeCunW0zzHldNvi5o9HvVLJZrpDdodgHYkx3C2NNKyrp2VERy2RoIUGvt7Ltand3acfn6qB0XcDFDJZqn+9gcdOfRG0eWk02Xj2b+hUeRvCnysB7cqNLHtsEtiiKkRkZXCMORNi1QojvjByopiyCOxUxzd0N8Y7KBRk10eUdZWY0NaahkeGP7gLH3Ol8encMbgZC9yvdpZdKF9PpGvlpK8graSSlqJKaVuHMcWlLZ3NFqeDza4U5Zs5uFR1MfcBbPqKjc0Oc1u2VmKqMhowN1lsWOj0+mu3og08uHYI2Ux2HMCrpAWvG2MKXBJsMpGcm1rKEWgZ3whl2QUaVuUFwwOULKTAEnKJDKWkFNf3Qnk9tkDltYbjlGjpCJGNcDyFNYMDGcqht1XoaA52yu4XB3fKZGeTFZBxeSbF9K6QcrkH0hHwEZlIcsR2OMp9FUaJQ14OFJDBgqLKwMfkBWgW9xbgB4G4P2ThGN9lDop9w3G6sQMjKckZZrDIj4iMaQu0tbPbphNHx+JpOxCkvYDtlR3xjjCzXadTXBs0PkLtDPfS+TV2y7U9xiGDg4xg8golREBuFiPEkpnB0Ti0j0K0Vr6hhqGNhrDoeNg7sVyrtK4n1Lwv1VDWqNN7+8lvcY9iOVBqo9YzhW8lOyUZA9+VAmaYXaHtXPlU0z2MXvRTuhLHZAS8bAwQp0kercBQKqF2QWhDsbJLg452rKjTs22Ce1xbsQuHfKFrADeQEc7mPwVZQTghpByquaPO4CdTS+G4BxJCvOCnLBeCbX5XDlAqqcFoKY1+oNUhj9gtNbAnFTRVvzC/BClRS6wAQn19IXfzWDjkKDFJpIToywYrKschLpQtqKdzsZcFi6mAxyFh2wdlvovMNz+Sq7xZmTsdNC3zDchaoWYOF5HROyLlExTowDsENzT6qbNGY3FpGCOUBzfdN75PLW6ZLohEmJwIGVOp5y7AUaVm2T2QoZND9+Am1S/Zhtr5wXbTgZG+UTlR6aRrm4Rm4xjKe45QmL2stbBdzZ69k4d5M4cF7DQ1TainjqIjqa9ocF4FVF0cZkG+Oy3vw86klcRQTVGqI/SHctPosN6PffSPlXTL+NY+PR6lSVWpwYe6PNHvqCr4Dg5Cs4ZmuAyFisryfW9LenwSqKqcHCJw3VmQHDZUjiWy6w37KfTVeoAOSDpxeSVoKHoIPCltAeBthCcwIH9o6CyDGy6AR2SAwVIa0Y4VBPkBpBCYAWO4Ujj800gOHCsXg617SN2rhYcZxsmtbhykNILRsrBI4Z6oE0QO4CneH7obos+6nAOCvfGW7gKHUwQ1cL6eojD2OGCCrZ8R7qJJFg7BLxkTOvcsM8U646JqrNO642xpMBOS0dlVdP3ttQflqk6SNhn1XvUtHDUxPgqGBzHjBBC8d676BqLPUuutqYfCJ1Oa0Ik9rPLeQ0DpfyVhJI2njdQamPByAo1lvTalgp53Ye3bdWM7NYT1NPpnFe2zgop2FshOeUJw8QaTwp1TESc44ULBb2WiqW1nL1emViaZXSxup5wWnZxVjTSDONkKphMsWQN27hDiJjcNS6VdmUfOPMaH+PLckWbWg8ob2NASjxp5RnN1YwtUWjz+cEXBB2XS3I3RywA408+6eWE+yKMUyJle+LP4UB0OARwrJ8PdAdEcIZwz0NhbtKCuoA86g3Cq5oXMONOFqpYM8Nyq2rote4bhYbaf0bKrv2U7CTndHoa6rtlSyppZSxzTn7oczXQuwAhOlIxtysco8m+i+dE1Ot4Z6/0h8Wo5GNo74DgANEg7L02ndDWwtqKaQSRvGoOB7L5UZJnda3pP4j3npqZrHvM9LwWE749kiyr9H0Xwv1jKuKq1nK/Z77JC5v4UB0Z9FC6d60svVMWqikLJNOSx+x/JW74sb4SHFn0fTamrVwU6ZJpkF0W3CA6Mb5CsCBhRywZ3CrrsY1khGEb7KJNTDGQFaPZjvygPjypj9CpVJooamlB/CMYWXvXTQqQ58ADXc7rdzU+Ts1RpqISD6cEIzk6zx9d0cYPNKW63npx7Y3l+kHkcFbi0X629QR+BK1rZsbg43Ue5WaOp/vW5wsnc+n6q2P8AmqGR7TnlpOyKu1xZw5UW6aW1rMTT33pZgjNRQtw4blo7rIzMfG7Q9pBHYq/sPXDGxMpLsCJR5dXYhaKotFsvMAmia06xs5vZbq79xgu09V8m6+H+jz5rt90UPIGAVKvVhqrZKcguYOCPRVrH5GFsU+DkWVTrf3In01XUQPBY8jBWutXU0jQIqrDmfqsU2THZGZUnG+ybGzAlLJ6IKSnr8y0srQT+EqDJFJTSkYwR+6zdvvE9GfK8kH34Wrorzb7jE1lQQ14GMnZa4X5D2fodBWu+kn8iuT07JxqADXeoXKygcxvjU7tTR2CbT1GRpfthaYSyW8gYquail0SNy07EHghFmoILgPEp/wCXKN2uHcqU6mjnjzhrtu6r9E1BITG92PQnZM3C5w3HY6yropBBcM4OzXqbiGoZ5gHA9wm+JDc4fAqQM9j3BUY0FVbz4lG0yM/E0nsrTyZJUZHSUxpiXQnU08gqoufTVDcWFxiEchHI2yrqKthlOl4LHDkORjEDu3uiMlujhNHmUtBerC8+GDNAD25AU+33mCr/AJcx8N45BW2qKRkrS17Ac+yy906RjkJmpxodzlvKFdnA1nj5ReYDvDa4amEEH0Tcuj2xlvcKmgqau1SmOXMjByrajuVHXbB2l3oUe1NHGsrlW8Aqm0W6vZmPMEw/ENgVWTQVdGPDqovEYNg9ozt7rQSUpA1N49QhlzmjRK0Ob7hLdWQITlF8mUqLTSVXngIY72QYp7ranebVJGPVaea2082ZKc+G/wBlXTtuFMS2phbPF7DJSJ0NPKHfKpcMk2+/0NXiNzvCf3DuFcMbqGqNwf8AYrGyUtBVuLovI/0Oy5E+5WuXxaeR5b7FDHcuwZVJ/ia+eGinb4VXTNdnuRuqOp6NoZ5DJTyhgd2PZHousIciO5URAI3e0K7ikt1c3xLZXMLzvpJwr4fopfLV0zz279LXCiJexmuPsW7qkdHJES2RhB+y9blfWwHTUwiWP0woM1vsl0DgYhE89jtus9tP6NNOukuJHmSa7GMkrY1nQ8hkJp5BpPBWeuVguFC4iSMlo7gLO62dCvU1z9lYH5O42Tg+LkP3TDEWg5BGyB4ZYUEotGnia4LWluNbRSCamqHtPs5XlD1vcIZc1ID2HsskHuYBgZRGVG+4VKU49CJaaEvyR6HR9aUdRJomYWD1VvFWUdW3McrCD2yvLo527AtAUltSAP5c7h9ijjfL+oxX6CP9J6HPbIpfNHsT6KNJb6qFuWkkeizFFe7vAwNhn1tH9XZW9L1VXMIFWxkjPTCbG6L/ACMn8aUOkSdRbtICE8SxTf3bwT3Rob9Z6w+DVM8LPBIXZqC1vy+nqgR3xyrcoegXGS/JDGgkeU5TSJWbvjwlPa7hR+enk8RvZAFZXtcGVNM4e6nYOV6CmVxBBBGEEuDzzhPbX0r8B5wiOjt8rRofue6rCLxJdkN9LBMRrAKFLZqSVuPDx+Ssn2mY+aEoL4rhDs4AhTago2uP4spZ+mqV24GPyVVU9MFoJgd+y1ZmkaPOznlMZPSO+p+AeyXKrPQ+vWWQ9mFlste04YzUAor6esgOHQlejmOkeR4LxkoM9rEnDQUqVTRpjr5f1Hn4kc3AcwjKd4o9FsKixREZkjA98KvqemWOGYx+yBxeB0NZXLhlGJGnkgfmu5B7qY/pupa46XnH2UWS31VM462kgdwgUR/yRfKYNJN/EE8Obj6h+qHCzgZnccSwEgQeF0cq1XnkhzT7JaPZEAGEiBhC4JEzgGRnZLRjsu/iR2sBCiryX2RtOEtKO9mnuhavZT4igOj3TsImClgpU6y8sHg+q4TpHqn6vZdS9hFJsDrOdgkZCeQiFgPKXhgd0udeR0bpR6BhxByHcIzK6rZxKcJpYEIn0SXSmOr11sXwyzpb7VQPBdISPc5VgzqWUOz/AKrOgeu6TthndKlTjo6Nfl9RD2a2PqlwAyApLOrSMeULEGY/0pGocRjCD4jbD6i1EUbxnVkeMGPj0wnf7VU7SP5RK8+Mj/6yl40g31uU+IP/AOJtUuj0QdVUv/dldHVdMN/DJXm5nkH/ABHfqufMSf8AeO/VT4if/E+rPSP9saVpx4JSd1nTYz4BXm/jyf1uS8eT+tytV4J/8T6s9G/20o//AJHJwhSdb0bRkUzs/def/MSf1Fc8d/qUcYQXaFy+pNb/AEyNz/txDnaMgDsUP/b6bUQyijx2OFivGcf/AJiXjv8AVRqHpC//AIh1z7kbN3W1bINoWNCjSdVXKTl4wst8xJ/Ul8xJ/UVW2P6Al53WT4cjRHqO4O5egm4VEpLnyuOfdUfzEn9RXPmHnYuKtQX6FPylz/J5Lo1IJyXb/dL5lvdwCpvGf/Uf1SMjjsSUTgkC/JTZcGqhP/EGUwTDPIwqnBJ5RN8YyqValyLevmy0+ZgH41w1lOB9SqtKdnCN1LBX86ZYG4Q5xqTTXQ9tyq7T7JYHok/HyV/OtLD+If0hCdc58bKInpkauMiZa679hDcqg9/3TTPUOGfE5QtO+cLuCrVf9gXqLJdyYjNUE7ylcMsjhglJNAwVFUB800+xp1OOSm6PVqkCPI4ThTklNVeAZXSfZHDd0QN22COKcnlEbRyHkABTYgVcyNkjgLup/bZS20zBzz910MYN+FNizgt6ua4RD11HAO32XRHId8KaHU/GfywuGRuNmhEqSv5E+0Rg1+UhC484CN4o1fSF0O24TPjSBlfZIaIs87J3gjnP7pur2TNX3/VT40BumxxY1u2F0NA4CaDldQ7ECuR+loGyEdOTslqPv+qbq9kWwPBzJS1Ed13V7JavZTYTk5k5ylkpZPqlk+qnxl8iyUtR4yu6vZLV7KbCuRmn3XQzPdO1eyWr2V7CcnNLRyn4aENPRbUWLS09k7nnsmpwOVTiU8jtIHZdwENy4qwKbeQqSSSpILP6EkkkqCEkkkjCEkmpKFZHJJqb9SpvBMhEkM7cJB47lBvJk4kmZC4SMKygmR6rhIxhBJ35XMlQvA8kZ5XCRhDyfVLJ9VCYEeVxd0ldDHHslODkwxq7gozYCcHCd4bcA4wmKrJcpYI2gp2n3UgxtAxhM8PfdOhSwfkBafdcx7o8dNNL/dtyvT+hf7PnWXVobUV1OLVRu5qKppAx7DO6bCjcxF+uo0sd10sI8q0k8br03oP+z/111oPGNF8hS7ZmmGR34HfhfQ3Rvwd+HXQxZUut77zXsG81Q7yZ9mkFbRrr1fJvlqRoZENi1gwGrVXptryeW1/1Q5ZjpY4/u/8A2MV0n8Ivhl8NYonTxG6VzeDKdWT/AIWf+q3NIzqLql0kNqoPk6duPO8bAHPA/IrR2T4fW6jd83c3SzzEA414wtQZ4qaFtPTxNja30G5W6EVFcHk79TO+TnY22/2Z2z9AWi2tbU3h7Kmp/qIyP0V8+5NiaIaJgja3bIHKizv8Q5JJ/NRX1EcIzqwUZkbbDSCSodrmccepQJ6ikpx/eglBnqaidhiY8Bp74UdlLCd590ZYKprq2paYrfTtdn8Tl2n6Z+ZjEl2cJXenopTJYohopwM+wThHX1mGvy1ihAzX2+2xBjWsbpGBgIDbhcKwn5dnk7FGbQUUADqt+sjgFQqrqBsGYrbCDg4JwoXgltt+f5tVJkn17KLU3SCkcYohq0+iq6murJRrnlIB3IzwqO4X+gpI9T5gXD0RqOQlBs0FTdaiYc6Wqir7rBBk+JqcVTOu1yuY00kZbH6+qkU3Tsk7hJUThxO+D2V7AtmCNUXWtqHFsDMgo9BZ6qpaJpBjPOVd0lrpaVmS0EjujuuFJAAwHLhy0Kui1LAOktUEDNTo8kd8Ij7hHTjQwAngKO6oudY0sBEUPZmcO/NHo7bHTsBd53epVtZDyBzX1zsZEbP6sb/kpdPS+F9R1HjKPsNhsu5CFxwQ6WNxwhYKNrb6prtGDjlWLBjlFDgGoR5XMlQh3VnIwuai3ZcLgOVErblS0URmqpBHG3lx4ULSySpHasBvJWcvfU1PanGCKIV1Wfpp4vM4qqrb5deo6htFYWuip9xJU9vbT+6vbH0vb7QW1JJqKvGHTP3JUGNVr8z5hSSSXYPYjUkklRTeBJJJIH0WpZBtXUg0jkJLMwjhI0nfsqavlOrQ3f1VrMQG5BVC+TXKcjOSsl8vQ+AOaXQwn2VDjVO957q1ucoZAfdVcLS8AkLm2flg6dMcRyFbH5sZWjpIWspWtG2RlUVGzVUNHK0j8Rxg9sI4C7pYeCluLyH4B24RbPGH+I8jcDZQ6qTVKQPVWlMBBbi5g3cCSVGC+sIrKog1JKEfpCdqJ3PJyhu22SpcDq1gaT2SA2wufiTlmm+RrGJJJIixJJJIyCSSSUIJJJJQgRoy4BGrz4dPHH3KCwEvGPVduBc2pDSdgBhDKWBUuZoZEdIGQpAOUNgGAcJ7UGckGng/ZRs4JUkkbhRnDBU9BJZB4yurmQuoYdstrAVNfwnJr+EbCAP5Q3chEfymHkJL7GoLGBgLp2XG8Lshwr9Agy7Y7I9pbrqgQOCo7gNJ37Ky6fi1yMbzkndJmdHx0N+oiv7noVCwMoW7dsoT5DqGykUwxRtHsobnEStaBnKx2M+j1rCSLJjsRNOOcBEe3+QG+6HKNMGlo32R5nARMbjfbKE2QAHkDspFUP8AdQAVH5eFIqPoaPRLGAIuQz1Ck048+FGA/nM+xUiHg/mgkQdTA/P78LUEAUgz6FZuibqqxpGVoqnajaPYpFvJu0v4tlPnOT91Gdh2RlSBx+qjkb7IYvCI3llXvLcI2H1XpdpaG0MY9l5zRxeJc2Y7OXpLAGQxsYMeUJNksmvQ/dlku3R+JUADkOWonPhUznHs3/RUFhj1Vrdsq1v1QIrdMSMYyFlk8s6j/wBts8yuj/FuEzyeVlbw8GUgblaKol1uc48nKyle4/MnJ7Loafo8h5Oaxlew1sJ8XVyrNp0nKiUMLYow8/UUdzsMLlpfRh06wJp/mawO6i3aQvliaG8blSowTuVBq5BLU7D6VzNS+MHWpQa1ZfXxgjbK9qtQDbfDt2Xj1gjDrgzIzuP817LG0NgjDRgaRsvNeQlmOD13hY85IkhzVudj8KzVKBN1jGSPpOy0LsmreAeAs/aGF3Wuk/gwuRDL7O9e8uP+TfVYwAi0WzT7IFXnxw08IsGWtWaxnSgSXkYWVuJJrC/0K0k5IastdJfO847plXZnvItUS7zLH1g+Zu0MGNtW/wCq2E7gGZx2WSt7TN1EzbOHLdWcu1bpYNzVRiCCGJuA0MG35LJdUy/yo4u7jlay7NLWMAO4WJvszJahsTTks5TY9CdRxXgmdORZ0bbrb0gALSsl080NazIWtphkrNqTboY7a0XkDQ2IY7qvuOw+5VjD/dD7KvuC5dh3EvsRk64a62JoH427L2K3MAoacekY/wAl5EGh14p2kZy8L2WnwI2BowA0Y/RYdQDUuSTTDEzG4zkrTRAsYGrPUYBqWDutEFyr3yMCjhdQWgg8oo4WCwYh6SSSsISSSSg0ekkkoQSSSShBJiemKEEkkkoQcSMcoZ5SyfVMQt5IPVT1DUmjsVdWAbwwueN/ZWuQst8QptPTM9OBvWSxUmc/1vATIMCUsE/puhfb+nbZRyBoMVKxuBwNlZrm2cNGGtGAPQLqcRPIxOyE1Nbn1UDCpJJKEGJJJKEEkkkoQSb2Tlz8O6uPZDxWX+f8dquMb+FAG/8A1AXqLQvLKDf433OXnTCP3aF6nr2zhaJcoz6b+r/Iyqdop5Hf4SpFAwsooMHlgVfc5S2imcBw3/VWzRoYxgGwaAgHWZ9HH58E49UGT6QiO3CY/sqBZXXAkQtJ/wC9Zj/zBXDGgBUt42p6cDk1Df8A79XjUyIfsZp911rfMN+66uO+k/ZXhFFBaR/Nr3etU7/JWMXIUC1AYqSO87irCHYg+6ZCWGG+jGdXkydTW+EfgBf/AJq6g+hU1/xP11TNG4bCSR+qugAM4WuvsVHso+tiBYZcHl8f/wB8E+gGLbAP8I/yUfrY4sj25zmSMf8A1QUqkx8nGB2aP8l29H0Y7/zKO9uOkb91Ao93/kp99/1UCk+v8l3tMcK//cYyoJEmfdeP9VOJv1Tnu5ev1Zw4leQ9Uj/33UeuV3PHf7h4/wCrHnTR/wAlY0juVW28/wD1ynfhuVLdnIGVDtR/+uUn/CV6OSPnFkv9SCX7PdemXarQW5U8DflVXSOf4W8H+sq0xzusNvZ9O0rfwoO0YAxuqnqb6aP/AOnhW0X/AGdpVT1N9NF/9Paiq5lgVrP9lkiVxAO/ZZDrjezyH1BWum+k/ZZHrf8A+dD/ALFdenEWeO8r/wDhZ/4PHI86SD2JW06DAdIft/qsY0Y1D3Ww6A2mI75Xc0rzJI+K6iBc3MFtyA4wVNrWjw2HuFFvBAuYJHcI9eSKRpHsuqljg4lnLNbb5GvoI9uAN1T9VyZ0P5yMKZZZRJayR2A3Vf1BqlpGyN/Ad/srJ21kzlaRmMn0WO6mOK1pWurcPpwTy3usp1C0F0D+55Kxa7/bNWm/3EQ/C105GFmq6n8CoJA2K11I0OjIIVHd6Uh5yPzXFsWUdWif3YKlpyFLp3EEAKCNtlIjcAd+yRB4ZqayzV2eq1tEB4UmrhaTlUdsqdBH5q9a8SR5G60pnOti4zZHbkHBCDX03iwnZSCN+E5wyN1UnkkZbXkyTmcjHCYxpzjO32Vlc4BHO4tbhrtwq4NDT6JR0K5bo5HvZwQi0kpY8A8BNZuN0w+2yhGSKtmMzNGyA4ZbnKnQFlRAYnYLsYUF7HQP0OB22UxkBS5AzNJ5Cj7tdkBTXgEDblR3tGBgJU44NFVmCTQVZacFXbHhzQQssx5a8EK7t9WHYaTug7OrpdRGMtsibKzI4VXVw7Z0/uroYkG6h1MOW7DdA0dNy3dFBMzB4UWUHG6tKiPzbBQahmRgJE0Z7Eyvkyw7qx6eubrbXRuJ8pdv9lBlYAeEP6e6zvsGi2Vc1JHvXQ15Nmv+DJ/uVwi1Adg7t/qvd+n6lsMgaXAxygYXyx0Nc47nTxW6SYNqWH+UT3x2Xt/QfUTqgm2VYLaim9TyM8hKksn2b6a8mrKIpvJ6TPF8vUuYRmOUEY+6w9+pTTVbvLgHJC3bj85EJg4FzRuPRUvUtGKqhEjGfzIt/wAknGGevujvhuRgpWbggYCc0ZGyJpEjScboULtBETh3Vs5qWHgvum6oAupHu92rT4BHHCwkEjqaoZMw/SRlbmkqI5oGTNOQ4K4mmD9lD1daG3C2yeTzxjU1fOF/hZFXu0DGTuvquuhEsJGNu4Xz/wDEewfKV8k8UWljyXBbdO8dnmvqXRSvr+SJ5vWxF4bjfCZaJ3wVboseV4IIKkzYI3KrJA5krZGOwWldrT2Y4PjHltHJ5/ZLmc2muAP4crW9N3V9suETw4hkhGPYrJ3AgxxzY3LclXVv/wB/tjJ2HzxbhdSuw8hqqt8HFn1l0Td219vj1P1amgFRL7TTWi7NulMzy5y8DuF558HOrQ/FDO/Dm7blez3GibcqEuHIC0uZ4XUVfDNxD0M7K+ljqYzkOaCuzRZGD2VD0vWOoqiS2znYE6crSSjUQVWcmWUsFZPB5gQNkMbclT5WBw3UGSFwPCgI3T7pafddAwuqEAPZlYDr2xDT8/Tx4IPmx3XopGVFq6OGridDK0ODxjcKnyOpulTJNHztd4GyQOy3crE1cYa7BbwvWOs7HJa697cExuJx6BeaXKHEjjjjKVZDg9foNRGccozNZCQ7U0bfdMZJocApk41gkhVkudfCwzjtZ3YTyie1+pvCHI09k2FwwAjOblqr8im8ER3CGdkUjc4Q/qSpodBoa17o3ANPKv6CsD9LScLPkZ/JdgrHQvyBnHugi3FgW1qawjcwuDmg5CPrx+ao7TW+PEDnKuGDYOWmLycmacJbQ3IQZBlG4CE/lEgBUjtE4zwVchwc3ZUUrixwICs6GUOAGckp0WIsTZIcHZ4TS0nkKRgJEAdk3ZlCkyDNFnkZUKWF34dlaSN1baf3UZ8WeyROtMfXbse5dki09Ry0QFPWhz2jh3fC1IkpqyASsLXNcNjzhYaaDV2Q6a6VtqfpYS5mc47LnXaXnJ73wn1TZXijUvj9mxmgaD5WqvmbqOCMYUi1XemuUQe12CRggncFFqYhg4GfdYZ17T6DRqoaqCnW8op5YAAcKG4Fp3CtZI3NJyOVDnhyMhZZxyOyRxg5BQHxlu4C7IC059E9sjSMYSpIVJ5G0tQ9snhyHYq0a8DdVErMYewbhPp6zzaJCRnhFGRStZctn1ANON1AqqYwyamDLXbp8b8Hc5CkEtlZgpyeOSpveRqeQjDVILs74UKXXDMMDZSIZ2nnlPjIVKKZSX20OkLqmBvfJAWbc0tyxwwV6K8BwGyz15szZA6ogbg8kBaK7MHA8loM/wCpWjKTR5UOZhbg4491YEEEghAlALTsnJ+zzFtXIykrCHgOwFaghzcgjf3WcmDmyghWdLVgtAJ4WiNnGGc+yvD4LIsDmlp3BTKCrfa7mxzTgAhEiIcMgrtRCyePBbhw3B90NkM8jtPZKmasg8NHtHTt3julFHICNQaM7rQ08pGF4p0N1C6mqBRyOxvjGV6/Tvy0OHosko5Psn055NaylNv7i7YBKESIGNwI7KBQ1Ac/STjAVi8h4GFisjhnt9NLcizpZGvaRkBHc0HuqmmeY+/KsY5QQPdINpx7O+V2JxfkEYRCMpgaGqEH6fdIjHddSUIlkDoK6GkIhx6JDB7KF7DozjflLGUklBeATogo74geymocjeN1AHHJBLNB2QpqWGrgfBOwOa8YIIyprm+6D4fuqayZ5VprDPDuvOgqqyVbrpbGExE6iGqot17jljENUdLxtkr6Dq6eCphdTVEQex4wQV4z150DLbJ3XK3MJhduQOyqEcM8r5PQfx38la7K6VjSNQOQRkFQJ2aTkBCtVc45ppjxxlTZ4tQ2GVojI87ZJT4IjXN22CjVEX83W3hHmjLXbJkjsgBbabNrOH5PRx1FLT7FFIRgH/NTYXgjJVW3LX+mFOiGw3IXRhLKyfLr6ZVzcJdok6A4hG8MADy/uhxkDlSmnWPTC1VtGWawRnNHoo8rQBnCmOQXj0RSWQYzwyC5g32UWSIOBVg5mBkoLmeoSJwNMLMFDWUWScNVPUQOjO4WvkiaQcjKqq2jLtg3Cx2Ve0bYX4KHXp2xynMcSUaeke130oOkt5WVxNkLdyJ9Fc622zMqKCYxvBzseV650d8WqevjbQ9RAxvaA1sw4P3Xi+oeqcx/bKVOCZ3fFec1Xi5p1vhej6qwH505x7oLoyPzXh3SvxLuXTYjo5gJqYbafRe02XqOz9Q04mt02SBktdsVnlW0fWfF/UOm8mkk9sv0wrmFD8LIwVMfGAMqPnkYSmsHfIz4Ad8KO+HYjCnHdNc3I2RexM0mVEtMHZ8qq66iy3SRsVozEDnDVHnpA4ZARLsx3af5Vhnn116WgqmEQ4ZIDkHCpoajqHpqTLXvdG3tkkFekVFHg8KrrbeyojMUrQQe6YpbeTg6vxyj99fY60dT2u/0jWVbWiTGlwd6qvvPSLN6m1kb5JbnYrP1/TFdRSmpt7/fDVPs/WNZbniC4xuLRsSQmw1DfBzLKnLixFKTJE90UrC17TgghO1j1C35pLF1RAZImt1EbObscrFXWw1tpe4SNc6MnyuG+yfGzJzr9PKH3xXBHEzgchS4akkgf6quieCAigYPKfC3BjRsbR1IYGCGrBezgOCvNNDcWmSlkaHEfSvOYqktAyFcW+4/LObNFJj1BW2vUJLkbjcaFwq6R5LScBSGVdPVN8ObyuOxJ4QaW90tW3RNgHgkrlRQRvOtp2O+y1127ugWEkopqd2uM5HIKLDWlnkmBCiRTVdIQGv8SP0dupram23EeEHiOXuHbJqsyC0kdqKaGsaHRkNfyHBQxLWUB01bfEYdmuapEkNXRYLBrZ2IRoq2Cpb4Uvld/iR5EzgmcikjnYHscDnsuvgGM8IUttb/AHlM4sPOxXWVckP8upjyPVWL+FMgV9mpatpEkLQfUBZm4dLywEy02fUY2K3zfCmGWOB9igyU3PlRnO1PjK7c49nm8N2rqB/h1DHOYPVW1NcqOsAGoBxV9cLHSVbTriAd6gLJV/T89M9z4MgD0Kkp4PLanxttc9qRb+ACdTCMLmnGQd1Q0t6raEmOWLWPQq3p71b6wBrh4Uh5B2RJqXZglXKAGqs1JVZcGCN/9TRhVVTba6jB0/zYx6crTYBGWkEH0TNWcghC6ylKcezFSStedL26fUEIbWyxvD4H6SP6TjC2UtuopXF74G5PfCqazpzmSjlw7nSUrYMjOMvyB0XVV0owIp9MrB3cMq9p7pYbq0CocKab+oDGVkZYZ6dxZUwkY742Qy1uctS2uCS08J8xZuJaGrhZ4lNMJ4uxacqM57JW+FVw5HG4Wft17raBw8Kclv8ASTsrym6jgrXaLhA3/maErZyZ3VOv8SNX9P0VfBogjjaecgLOVvRUsURdEQ5w7Lbvo53tEtpma8ehKA2tex3g19MY3jbOOVbqTGQ1NtfZ5tJZKqAZfHt9lCfT+GcFq9Wlo6aqB8owVWVlko3s0OjH3wkSo/Rsr8h/znnDmkcnlcYC0ZzythWdLBzS6mcCfQqoqenq6BmvRn2ASZUSRthq6p+ysZUzRnLHKTFc6jYObx7ob6aSMAvYRlDc0Ae6zSrkmMUYWdFmyvi4kxko8NSY3iSKUgjjdUB5wEQSPachxUTcewLKMmupL7X07w8SF7fQ7qzi6miqHaKqHSDtkLCxV9Qzy6shSY6+MH+acZR/K/RmlpIvk2odZp9g7GUF9nieC631TS/+k7LOMq6Z+CJMFFhrnxO1RyEEe6OM89iHTKPEWXJgvdFF5ZS5voDnCY281keG1tO7A21AIUN5q43Zc7WPQqVFfIpHaaiFuD3wjykL+OS/KIw3u3E4ma4ZTmvtFc/EbwHEZ3RJIrRXDw3RtaTwQFFfYaTH8io0O9QUTlgvbFf2JDrcG7QOAz3Qpaa7QM1U9Q047EKKbfdqeXVFPqHY6sgp7aq6wHLoy72VdkUWDFddICHVlPrZ9kQXmIf/AA7wnsv8ZGirhz6ghSmXKxz4GgNP2CrCLcUvyRFkuFJI1pLwD6ELrW0NQNIc0k9gjOt9qq3k00g1H8JKBN08wt1Q1Gh49EMoIKMox6YOSxW6UbNaFX1PSjHf3GCVIdZLi0nFST6blIPvdIfDfE5zRwUqVcX6Hxun3GRUu6VuQJwBjsoFTbqynfofC7bvhagXiuZs+NwP2XHXfLsTRA/cKbBj1E13yZNwli+uMhNbPk4IwVsPmbdM0F8Qz32ChyW6zzvLsYJ7BA4DI6pL8jOam/1D9URpHqrqTp63y/Q5wPZR5emKpm8coI7IFmHY5amp+yCSCCMoOlTZLNcYf+EHBRZKWriGXwOx7bqb8+i1ZF9Mbhq4cY2QzkckpZx3Qbs+hiaZx2M7JNSwPVIuASyJcnUks7ZSyEHZfKG5Ka5dyEs5QhAwcLun3SxyEgVTiGnwcLRglBPKOSMFBI3Q7S8obp90tPulp90tPul7GHkbpH/ylLSP/lK7pP8A8pS0n/5SpsZMiwPVLA9VzQ71S0O9VNhMnNPulp913QUtBU2EydwPVLA9UPS7+n913Q/+n90GGTKO6fdLT7rug9kvBm/oRKLZMoSS78vP/Quinm7twFceGWNSRfBcOQkI8HKYopgylg5gpeZHaAByu7fdEopA54yR8FIA5UjQEtLfRW0V8gPAI4wuafdGwuA4CBx/QHyZGaP8P7paPUImce65q9leC28nPC/w/uuiNo5C7g+qW/qomSTyLw4c5JGU4eE3jCZ5fQJHT6BWmUE1NGwameK3+lM+lOcmKOSOL9jskJZPqVwHK6r2FcjjI48lNJJ7pJKbCmsnMD0XUklYQkkklCCSSSUIJcIympKEGJLo3XcAbFQJvA1JLb1SzjgqZKbwEwUNGDXndN8N3cKk8kzjsGknaD3CcYwFZYNJEwPVLA9VMl9jdPuieH7peIEMuAGVMkwP0j+oJaR/UEDxEvEJUKJWR6pqZknunqAiSXN8ZwuavZQHcgiSSWQhKEkmpKDMiSTElChx4SHC5grgaQhayQYUw6so2g4S8I5QuOC0wHmS3PKlCFoGMLvhN/p/dWQieHnlLwlKxhcAwqSJkEIfVdEOEQjK5j3TVDJQ3Q0JaR6LpwOSu/8Ay4TYVNlocwDt2XXNzjfC1vSHwo6760DJLNZJHU8nFQ7aP9V7T0n/AGZrHbY4avq+7Crn5dTwOw0H79lphRk5mt8tp9EnveX+kfO1qsF4vcxp7RQSVUgxkNHGV690n/ZovVWWVPVdbDb2OGTACfGHt7L6Ms1jsFhpmUditMNMxgwC0ZcfuVZRWW53Bw8KlOCn/Co9nltV9R22xcalt/8AUxPSfw26L6KjY61Wlj6lo3nldqLj67jlatja2sd5GF4zthbG2/D14Y19ycwAjOx4WjhislngEVPEC8d0cK0jz1187+bJNv8AuY609CVtTpfXBsLDvkrVw0FrssYbC0asbu9UOrvE0uGReVo4VY973u1PeTlNxgTkm1Ne1xxFwob53ObkjhAlaBhNZqdkAcphR19Q4kjCjEnOSpAhcXcIvgQsaDJsoQiBzzgMjT46GolGXNw0o0tXS02zBqd2VdU3Opl2LtLfRGWk2WMbaKjB8RuXfdQau6yOy2DYdlU3O+2u2w+NcKvT6ZWKuXxF+bJpumKOeqmJ2c0bBElkZCqUja1tx8A6qufACyV169oaV5ZQ/wA1w2w1VtP0x1Zf3ibqCq+XjcM+Gx2/5rUWrpGy2lgdDStdIPxOGVfQbhs7M61vVXUWJNXy8Z53VxbOkaSnaH1Q8Z/Pm33Vw+upqPLC0AAYwFFNwmqDikblGpFbmuiYGQUjA1rGtHsAFHmr44xiEFzj2C7HSVNU3NU4gfZS4aaKIaQwHHqERaZWxtuFY4F2I4x77qdFb6dgDizLvVSMN7bJbY5QAPkY1oa7ZGzlvKCeUsn1UKcWh5JzsUslcSULR3JSyUMkDkpEgDJOAoQemveGKsul+pLcx0ktS1jWdysDcOrbx1RXG39OwStzzUHZgHt6qDY1vtmrvvXFotuqBrnTVA28NnKobdZL71Uz5++mSCld9NKH8/8AN+ys+neg6K24rbtirrnbue7cD8lqYg1ow3YBQN7URKSkgoKdlLTQiONgwAFLjO2McJPDdvMuNLW/i/ZQW+T5PTUk5dY9kNSSSS5gsSSSSEo6QEIjn3SBOeSmOO+M4SJyGkatmEUDi5254VNGwuBcTypd0fl7Yj90LaNo2XNullmuuGUiluzyXCEIULRoQ5pHTV51djhSA3TnZYu5ZOnWsRwSLVGX1OSMq3rpAyIhRLJFuZSNgu3Z5aMD8W6bBGNycrcFeB4kmTvkqxrnGKmZGzYFu6iW1viVTQRsEW7lzZQzOytjJfkseiGCNPKA47kJEnI3XDys9hojg4kkklBCSSSUIJJJJGQSSSShBi6OVxJQjWSXRAGcZ4G6BJmerc55yAVJov8AjO9IyobHebKWxS/LBKAA2C4/6Sk36Qk/6SqICc45IzshHhEf9RQzwrfCGdAHEjujRoJByjRHG5SUi5SydXHcLq47hG3hFojv5XByuu5XByksaHHCHOSMIg4Qp+yoUNkzjlX3S7AZo/ZUZI4J5Wn6XgPiMP3VTO54WG7VI2rQBSNx6KDHpkrWMIU4nFPhQqXzVrSOyx2n0Bdk+UeZrfddqiRJo7DC4/epiHunVf8A2kqkaoDGYM7Go1Ud8eijQ/8Ab8IlTvO4JY06wZeCOyKx2RhCpRlxJ7BPbwT7pcyixszQ6ocT6K1ushjpxg+yrLI0mYn1CsLvvCATykPk6NHFLyVbX6m8coejGU5rdPdMqXFkLiDvhU+hbeANlHi3TGOHL0MN4GeAsD0nH4lcXHdb5p0Enn2WaZt8esV5/ZddPR6arVjsl1jLotMpG26kWFoMbpSNyMBVfX8mm1hgO7ikxjmR0LZ7KJM89kyW5z2WbqTmrK0FU/w6Y/ZZokumJcdyV0qo7UeJ10nJIsYSfDxlGzmMRd0CIgN32RR5pm+gG6ObwgKMqWAuQ1mcbgKodkzvee5VnJnS4KtYf5m3quVqZHVq/JIu+mWn+INGO4XsjB/Jj9mBeSdKtzdYsBeuD+7b/wAq8zr5YltPbeJhtryVjP8AtUuewVL04zxusp3kcK6jBNVN9lUdHtMnWFaMfQ3K5iljo6c8ynFG0qP+0I8IAaMIFR/fo8XGEi1cnVhwcq3Yj2HZZOvdiZreS5aur/u1j69knz7M5Ppj0TaVkz3jKshsJJ22KznTbBNf9WPpdkK+vOW0EhHbP+ShdEQNNRJORlxbstieDnSWbUi9vb8SFuNgvPrk/NwfgLd3uTMrhhYCZ+uulJ3ynRMmseJbTV2QAMix6LU031LL2T6IvstTStJcMeqyaro62iX2IvYt4QPZVdwB9PVW8P8AcgeyrLgB6d1yLHlnV/pwZumYXX2nBH4gvXoM+EwkfhC8npAP47Bt+IL12Bo8BmNvKFlveAauyXa26q2Mei0qoLM0Cryd8BaJcTUzyzQkMTsj1TU0E5WGTb7IngKkuArqsIckkkmjRJJJKEEkkkoQSSSShBJJJKEGph3T0xAQ4CT3WR63cJ7t0zbQdXjXHxnN9WxsLsrXrG3QGo6/tbQcihoKipI9nPawp8BMpYNUkuA5XUwESemJ6g0YkkkoGJJJJQgkkxJQgk1+2E5Nl2H5K49kPFrWdXxoux/+gs//AHV6mvKbEc/F+5uJ/wCCM/8AmavVsha88cmXSy3bv8kS4YNKWH8bmN/+qCucZYM84VRWDW6nZjmdn7bq2PJ9ikmljH7EBAeint+aE9VHsorrqQTSNPeob/mrkHDnfdUV1J+ZoGjvOCrwnDnfdGQIhu+k/ZEUarBMJARkRWWsEQPJHMrz/wDVFTqf6h91FoMfLMI9XZ/8xUqnOHZPqrj2MZiK7LuvXb50wFXwz3VFgy9c104xpiYGrQNIduAttfoUlgzPXBP8LiHrUsH7hS4TiJoA2ACh9euAttOwbk1Mf+YUpjMQt/5Qu3ojmX2feUl94/NQaL6/yU2+/T+ahUX1Z9QvQULGDj3/AJsbV7OK8f6uz/HagjYFev1uxyV5F1aCy7yOI+rcLteN/wBw8Z9Vf/hFL9MpHdvZQ7MCb+Xe2FMleAQCFEsLgb2dl6ZvJ81k/wDUg/7ntnSUmaOSI9lbkbHdZ7pc48VnHlCvBnfdc25NTZ9U0ElPTRJcA/kNCqOqdmUf/wBPCtqc/wAlg7qp6sB+WpSP+/CKriWQNZ/tMkynMefZZDrj/wCdj/YFa0uHgt37LIdcPAtzx7Fdip8njfK//hZ/4PI3A+EZccuI5Wq+Hsmqs2OwWRqXkUmAPxFaP4aSaqxzfUrraOWJo+NaiOVg1N/3uDCNt0ap1OtoJ3KBfiPnWE+qLIf/AHb+a7mcnEtWJF505If4S8bcKNdCH2+RhO4XOlpc0xh91yvGW1Dc9lTAeODNy4dRvz2WWvJ8RkZHY4WlJ/3eRvrlZysjJbpPYrFq1mOB9C5yCoN2gZUO9w5ZkBGojiVqkXKH+QCB3XIkuDdW9ssmKmYWvxhP4DSpVbEGvGyAzhZZLazoxeUSKaYscCtJb5BJGCDnbKyg2cCFaW+rMMrRnDTsUyuWRF0M8mgkjHYfuhnhFjlaWjblNc4acJ8llGF8Mr6+ISs043G6ztTGWPwVq5Whx3VFdYSJdTRsgybNPN9EOIk7FEcxRGvLXcKVnICWzZKOAlO4xO1DupNXB48QnYN8bqG1TqKUPBicdirQmcSta/YjHC45hcMcKVWQNhl1NGMoTwC37IJxyXCRCkj09l2jndFIHHsiPbkkqM5noEt8GqEsPLNHSV0NQMA6XDsVIe0Obys3SSCN4OcK+gqo3sGg5PdCdfT35I9TTA8BVdRDpGSNlfPb4gwq6shOCAMZSZLJrlHcjPVQIeMBRicYVpVQ77t/dV0jdJzhZpxMs1tZcWGtkt9TDVxO0ujeDkL2213YNmo+oKZ2A8BsoH7r5/op8S6HbA8L0zoG8CZxslQ8aZGksJPBS2j2P035KNUvifs+o+nLjHWUwcxwPiMBG6nTQhwwR7FebfDW9imnfaapx8RhIYT6L0qRzn4I2SZrJ9k0F8dRSjzy7UTrbcpGY/lyElvtlQJGhrg4LadT2/5ulE8bfPHuseGl7cdxyhfAm6vbYxrS5/utH03W+U0znbjcLNwu0zeE7uptLOaaobID33QxllgxkboO1NwQvP8A4j2Vk1E+URZ7ggLc0s4mha8b5CgdR0j6y1yxRjJAzhaISwwNVD5a3E+UbvSupagtxgZKqnNW864tJhc57Wb5yPZYlzeN106bHE+Oea0eyxpgwS5ulxyB6qb01X/K1jqOQ/y5N2qKW7E5UBz3QVLZWndpByuvVPcj5/rKlFuKPRLRcpenLyysZnwy4E4X1T0deoLxaoaiN4cHsBO6+TgWXK0snYcua3delfA3rJ0czrHVy7tOGAnsti5PG+V00pQ3xXKPWupqJ1JVR3CnGA05OFfWypbX0bJmnfAynzQx1UJjlAIcMKkskz7XcJbdM7yE+X7dkw8znjJfOZgnZRZIw4EZVgRnfPKCWb8IwU8lVIxzDnTslp2BVhPCHMIA3UA+U4KhYihkHlHTMBQvOOTMdW2AXmkcWMAlDf1Xz3faGSkqZYZW4c1xaV9UPYDyvG/it0yaeWS6QR+V/wBQA7qmsnW8ZqvjltZ4jUwlm2FWzR6TkDCvqyMEZ9QquaEuG6x3QPZUzyiEM6gQVJDwW4UWTLHHAXYSR35WbGDU1uCuAySoxbud1LzkIB5Qsi4A4yCgEHKOuhoPZANT9Co6uaklEjD7EditbbK5tZEAHZI7Z4WMkbjjsjW2vlppgQ7H+quFm3hmfUaZyjviegtS0+6iUdSKiFsnOQpYOU5PJy2muwckYd2yUqV5gmaXbNJRVGqGkEEJieBTWS9jkDhkd0RVVuqskRO/VW7XgBaIv0Z5xaGEDCEWc7Iy4QOcI3H9ETwyHJD7KJUQasZCsyMnhBfEClyr3DN5RPjmpJfFppCw8kAq8tvVUb9MFfGWu4DxwVFnpcj6VWz0bwCWtyViv02eDt+M83qNC0k/tNtI2ORoc3B2VfNEW52WbpL1cLW1rJ2Oez1C0dLc6K4MADwHdwdly7NPtZ9L0HnaNXDKfJBmYC44Cj6XNCuKinYBlo7KvmiJyFisi0dpS3rJGDwSQgyw53SlaY3ghJtQQAC1Z12Kkw1LVFjhHKd+xVjDMBgHCo5Rq3CfBUSRgNcc4T4TwTdgvZmNlGQN1XMldFP4bsD7o9JVtI8wTqqnZVML2DDgnqSKyS2O1MBTJGZHqqulrXQy+DO4jsMlWrCC0EHKNSwDnfwzM3uzc1FM33IWYLSCclekSx6hg7rMXqztDjLC3B5WiFmDgeR8dn76zKzxg7gKNTTPik4yrB4DsgjhQqmn0jjlM+T2jy9tL6LiiqxK0bjCnMcCFlqKqdBhhzv3V3BUgsGVprmpx5Mri4j/ABHUlcKiE4I3K9U6H6p/iMfyk0mS0bZO49l5XIA79FIsFwfarkyZrsNd5Sl2RwdzwPk3otVHc8RZ9BQyaXA4VtSyiUNbqGfRZay3KO50rJGHzaRnBVvTSOp5WyZJA7LDZDcfcdBrYWxU4Phl0WOYQ4BS6V+rGThCglZOzPchNw6J+QNj2WOSwzuxeVn0WrN0ntJwhUs+RghSDuNgqCBjlEHCZjBTxwoQ6klgruCoNGYKcnYC4AcqCsHMHlMR8be6YQc8KEwgD25xug6fdSyMoZZnuoJlHJFewHGRlRaujhrIHQVEYc14wQd1Yub7oTm+6jRnsrUlhnhXW/RFTZKt1fQxkwk52HCz1FXasMnfv2X0bU0VPXQPpqmMPY4YOQvGOu+iKix1Lq6ghL4HEkho4RQWHyeP8n4t1P5KkUr2Nc3LRkKvI0lEoa/J8Kc7Hgok7W5OkLQspHmbX6IsowwuHZGpZC/AzwhP8wLcIUMrqeYHHldsVv09v9LPD+f0G+T1EOy3bwixS4OPVDY5rhsVyRrhu3lbos8ZKOeGTdBIBxlBewdwgQVZjIbIefdSxIJRlqYnkXKOOSJIz0CjuB22U9zfZBez2RBxf6ILm+6jvha5T3M43QXNxjdLktw3cVdRRB444VRV0ZZkgLVPYCMYUOSkDwVnlTno102bTJua9pwVzJHKuqu3gHIbjZVdRE5rsYWWcMG6NiYxzi7lTLZfLnZp2zUE2kg53JwoRBCY92CMBJaTNVN9lFisreGj3foz4o2y8QtpLyTS1DQG+Id2P/6LbPa36mnbK+VWSHkc9luuk/ijcrII6O4sFTSM2De7Qs04Z6Po/hPq2Lap1nD/AGe2ae+Vwt2QrRe7XfaYVNulD2OaCW5yW+ylubzuluOD3tV0L4Kyt5RFLRndDc0EYUg8pirIbSZAmgD/AMKg1FF6K7EYIOVHki3OyvIidKkZ2amLeB+6o7l0/FVl0jGgOPIWyqKcO4aoU9HjGFaWTmX6RS6POpKa52SUS0b5GY7A7LUWjq63XOMUd4iEcmNJc4ZaVMq6AyjJAWYuvTD5iZaSQNdzgo1JwONdpZLhdFxeeiGPaK2yyNOrfA+krKPbJBI6GZhY9pwWlHt3UnUvTM2ibVNAMDQ7fC11PWWDrOLSY2RVQGT2dlPhd+zm2aRLiPZiSCcEIkcpjIGMq3vHTlVaXaXsL2jcOA2wqggErQpJmKUZV/kiZDUZwCrug6gdTsbFUN1s4zzhZgZGMHhEE+AMrRGyUOgMnoDHQVMQlhdlrhnZRqmjgf5i3S71bsVlKS41FK/MMpHt2Wgt96jrP5UxDH+vqtVWohLtgyjkm0txq6DyO/nMPZymwSWu7ZwfAl7hQyGbl2yjS0QefEiJY/sW7LUrgMFu6lraLJY7xWdsHKH/ABCB/kniLT7hV9PdLjbyBLmWMfmrSG6WG8Dw3uZFL3zsmxuzwVkF4LD56eTB9Mp/zksPlmZqHqnSWOdp1QS5YdwcqKX1EDvDqI9TR3Iymp5B7JzJIKgeQjJ7FcntjZG50DdR200co8Smk0u9EWOqrKfyyMLgPVX2KnXGXZQXXpmOoBIj0u9QslXWWppHEljsDgr1KK4Us50vGh3cFFqKOlqItMkDXNPsqzg5Wr8XXYuDyKK61dA4NJL2+h7K3gvMErWmRuglaK4dG0dS4+G7TnsQsldek7pbyXNb40Q4LfRHGeTgajxdkOi2FRFKAYnh3snElZEVE9G8ZD43D12U+l6heXASnI9CrWDlWUSi+jQSRRTMLJYw4e4VTU2GB5JheWe3IVhT19PMMh4BPYo4IPBBV/FnkGErIdGSq7VW0jtWjWz1aozarw8NcCPuFt8Z2IUCts9JVgkxhrj3CTOvAS1OeJspaW6zU5D4ahzfzV5B1LTVTWw3GJr87au6pqnpqeNpfBJqx+HhVM1NPE7SQ5pHql4aD212co3Tra2VgntdWHbZ0EqM+Sqp/LXUjmj1wslTXWuonDTI4Ads7LQ0PW0UoEFwiD2nbdXjIM9NOPKRYM+Xnx4RaTzjKZLCQNwpDaSx17fFoJ3QyO3wHYGUGanvlMd2CaMfiA3UlHJmcZQfJWy2ynfqLoxvvwqmosFPKTgYWjE8ZGJgGuTRE2Q+XZIlUn0OjqZw6MZVdOyM3jGFAktdUzOWLfvgP04QXU+Ru0BIlpjVXrrPZ566nfGcFpC6ABnIyttU2uCXGYwoFRYIHNzENJWeWma6NEdVGX5GabtnCIypeNgpktlqWkloyPsor6OqZsY8hB8bQxWQfTHCsqAfqH2UhlY44BCrzG5pwQUvEI/CUvLTGyipFxHWBo3wixVWT9Th+apGv+4/NPFSRjYovkyKdCZp4q7AH8w/qjMrRn6icLNxVbsA5RBWOHcpkLBU6MdGld8jUgOkibn7KLJZaWUl8bg3KrYq8Nxl35KYy4R6QS79ExSyJlCcOhptFRC/VTyEY4IKC511ieW+I849FYR1+fKHIwq2u3cxpVkTf9SK2K51cZ0yPfspAvLuHOJUowUsuH4bk8oD7ZTucS1+PyQ4Jmv2hMuUUmzmNH5IbzQynJjAJ5wmvtrw7DP1QJKaaM4LSq76I9vpkj5WhI7DKabZTgZZMNuFGLy0cFITuKFpPsvD7TJBpZs6ozwmA17O5wEP5qcHaRdFZOOX5QOGQkn7C/NVbdnHPql84OJI8+qH823u3ddEzCd27KlBILldHTJaX/3lMMj2SNJY52gloZn2Tc0D9y3BTDTUrjlsuApsj7JiTecjn9PWaceSow7so7ukQ8fyJg4KR8o3tKntFQw+V7tu4Kv4ofom62PUirk6RuDTiNwcOyjv6aukXLAVfGauYP7x2Puux3CujORIglTF9BfyLV2zMy2a5RfVAUB1FWM+qFw/JbMXaqP1sa7HsifxYOwJKZrh9gh+ANaya4ZhXRPacOBBHsm6RnfC3nztteDroW/+UJn/ALhfkut4/RX/ABwo69R7jkw2keoQnRnnC3xoenJW5LGx57Y3QP8AZvpybcVUn6oXQH/xGD4cWYcMz3XNLf6ltn9JWc/3Va8fcoEnRtM7+7r4sn1KX8Qf8yt85Mjo9CkGnlan/Yeud/cVlK4f82EGXoq8MG7oHD1DlTqyEtTW/ZnTGBjG6To+MFWs3St2iyTGD9jlRJLPdozvQyffCH4WMjbCXsi6WjZcLRpyEQ0NY36oXD8knQPDd2nP2VfGM3peyPjfCe0NxwueGc8EJ4YcIHDALsOeX0Xcn1XdJz9KWAoolqeTpye6cD2Sx65/RD29FSrfYzKCHZdXN/Vc55KpQZOBY/w/uu8dlzbsl+eEarkwZvAwHC7yn6m+qWpvqr2ZAGlpKWD6IuAlgKtrJyCw7+n90sO/p/dF0+y55fUfqr2k5GafddxthPyPUJZHqFEsE5QzB7FLHon5SyPVWC5pAwNR5RDGAM4Sw7+kp5BKPOAt8QScu+G4nhPFNUncRqwd6BpIwo6kn6EQW6od+FQpWR9kLOU/I9VLbaKj0RBZjyW4PqoV80P2Vy5qb6qwNA0HS7b804UlMOeyHBPlT6K4b8JYPoVY4pBgNIBCbqiBB2wouSKxsgCJ3onCF3cKb49M0YzuhmsZwGI9pe9/ojCA5wU8Ure+/wCa46o9GpnjEq9iZWXIkfL0wG7Ql4VG3ducoBd6lN8h7pLQTi2SNbAcNGy4XNH4VH1gb5TfmdsYVE2thHyAHGEKR4xnI+yC+bJzhCcT6qp59DVAIZiCuGYnsuYKWkoORnCO6yuZKL4Tj2XW0jid9kSi2TgDgndPAOVKZSbAlv7orKUDBA/dFhipzUSM1pA3CK1p1BSAxoGMJuj2TVHIrfkQDdKGeUTwjz/ql4OeQrxzgDDY08KMQ7Km+H7JCEZV7BilgieE7+n910RHO4U4RMAxhcIaNwFWwnyEbwz6JCMk8IusDbSu+IP6UDWAd7GinyM4/dLQ0en6rvibEeqBglw3VBdoLpHolpC6OF1DgDLycSXUkcYORcXuQxzfdNLM90Q5xstT0l8Meu+tS02Dp6onjdxLjDP1TY05FW2xqW6ckkZIt2zldpaesrJRT0dJJM93AaF9OdFf2PZn+HW9cX6NjSMuoqTLnfYuz/ovb+kvhH0p0ixtN09ZIqYAY8d+HzH/AMa010ts4Op+pdLRLZV9z/8AI+TOkf7N3WF8Y259QSQWWjaN3VGS/fP4dv8ANe39HfBzobpZ4FHY2XetZxJUjy/+EHK9vg6RoIniSRodjjIVxHS0kAzFCA7GMrRGtRPM6/zeo1vDeF/bg88penr3cpDFVYggGNLGgAAfktBRdDUUBDqgh/2V3UztjOrb8lEmucxGmI4RqODlKbkSKe02a3efwW6h/UMosl2pYRiFu49AqeVtXVEFxynMpvDGp2yY1hFNkqe51NRtqcG/dR3ZJy7ddDmsGNK54moYxyrjEs4SB3QXvLj5RwlKO5KGaiKEYJyUWGQK6MvxhLxIYR53Yx2UOWrkd/dnCg1VTHRtM9XMGMHJccK1EJRb6LKW46fLAVDNXUS5LzkH9Flbl8QrZBmK10U1xmbw2Lg/mqmRnXXVDdNTL/Cqd+4bC7EgHoSjSDVT/qeDR3vrXp6yhzKi4xOnb/w2nJWVm606o6lYWdL2vw2cfMT8Y9grO19B2m1uMtRGKyV25dUec59d1dARUwxDFpzzgqw8xhzFmQovh9U1kravqe6SVh5MTnHS32C1Vvt1ttMQjpKeKJrfRoBXZaskY4Qh4kuzSVAXZKXZInukEQ2yXKEamtrDpiHlUqO0ibzTDZSozT0zdOwwoW5siR2l0ml9WeFMZBBSgCJoCbJWAnZyG6QyYIUB7CyVJAw0cobZDk/9U3T7rqIMNkpZKCkoBF45CpJFwBwU10jQMqEyFTS8diCVHmqAME7BYvqH4jWugc6C0yOqatnDWFQONcp9GxrqtlOzU86T2C886j+JMLZTbLc51ROdmtZ6qJFZOsusJRNeZ5KGn7xuOHH2IW0sHSVo6dj/AN3ga+V3L3DJKho2qtfdyzHWrou8dRztuHU1S6Om5FKHnJ+4XodrttDaKMUdDCGxsOQMIhaCdk5qgDnJ8HXOJPK5kriSgjPOTuSlkriSg0+Uk5NTl1T2A1JJJCAJJJcPCAgMcpkxIxhd/Eo9aR4ZWW3hDksvBVSu8Wt8xyAmVzxFFr9AnQj+a5/OFDukuIMZ9VzLn9m9nQqW5oqIPPVF5GMqY4gd+VFp25Or0UprSXALNXwtxqlLai8tkWim3GMqvuT3OqCHcDgK5jYGW874KzdS8ySEk7rQ8Rxgy18z3k+1Nx/Owote90lS8k8HAU6ib4dE5/GFWSEucXk8lVJYQ2H3TYE8hcPK73+y4eVlsNKOJJJJZYkkklCDEkkkZBJJJKEEijbYoY5Tz9J+yGUsFPomQkMoZqju7LAoEY4Uxx8K1xjG734UeMAfkhz7FrlhWfSEM/SUVDf9JVZLisMCeUxPPKYhseAmcwF0cpJDlUQJ2Qnd0UfShO7obAwB5TxymHlPHKWMYQcIc/ARBwhzbgKAx7BvGXBbTpePLmYHb1WOAIdutp0kDqb9lUz0fgl/r5NPIMMOSoluy+vO3BUupHkO6jWYg1TjjOVksPbr8sEyba4MA9U+fepdhMk/+eIThvXOB4QmlcEan/7eUerI8c7oMA/94n7pVZPzDlAg9Mca/siNH8jfuSo0OdJ3/CVMP9xF/wAqzzHRjkuLDHwSOy7dpHGQt7BGtQ8Omc4DfTsq2umcZfN33Wd/kzeuK0gT/pGSgV5/kOx6IkpyQo1c4eAc+ij6EW9Fh0XGXT6vTlbePzrI9ENAgmkxv2PotdStLzgcrNM6uhWKEai0M8Ombtysx1/VAvjpO43Wttrf91YVgOtpfFu5GfpbhLr/ACD1stlDRkrm7FPys/C7xJwCPdXd2H8jlUlIP55XRj0eL1E8zUSwzg7I9N6nso2zdyVKpdhqUuf24G6aO6YyscWwuxsSFW0wOecqbcnnwwBtuotCMz/kuPf2deqC+RYNP0c3/wB6Nz2wvVwf5TfsvLekW/8AvVq9TxiIf8q87r/9w9v4pf6RXwYNTKfZVnRbdPUtwnHoWqdSP/nTOPZQeg/Pc7nLjP8AMK52MHSWHYjXTjMmrCLGckIbnajnGEWFvmCVLlnQksAq4lrD9lk5na7jrzyFrrhjwjj+krHRf/PBydVHAm7sBemj+Hy/YrvQdLpppJyPwofUBDaF26sukGFluOBy1aEsmDH+uQOpp3NZI5hAOCsRGNUuonJI3Wm6pmIZKMcZWWoiS8/YJyWEc7Vfdbg2lnbhkX2WroACc+iy9qOY4h6LYUEbQwe/K5+plxg7WhWY4LRu0QHsqyt7/dWg/uwqus5P3XKkdT0UtIP/AH/Tj1cF63gCMAdgvMaKNgvdNluSXBeoaXYGyRqOSq1gmWT/ALUfstAqKx7VR+yuzyuDqHtlgacSSSWeTTIdB7Ig4QxyiDhCGdTk1OTENEkkkrIJJJJQgkkklCDUkkkBBiSSShBLGWt/z3XV+qGgD5Knp6Jw5zkeI/8Ady2RcAMk8LC/DdxmF/uhGr568Tlrv6mxnwx/94nwM9nZsm78Lq4CDkhdTCkdbyESRuMJsQBeM8Ik3Oyg4EOF1cHC6oGMSSSUIMSSSUIJMnIEZPOxTyRwgTf3TjnsVceyHiXTzifi5diBxB/0XqrHk4XlXS2HfFq8f/SQPzXqcI8xC0S6Mmi/q/yPkwaimB/7wn/6kqxd33UBoHzzA4fQwuCmN82+pAbGsjH8oT0RyG9UUVtwIdcrewHOJCT+hV08EHdUUrD/AB+lbyCwvWgqyBCSB3RgnBuOcpswBieD/SUwcBNn/uX/APKf8kzBeCFbc/JjPqcfqVJiOHZHqgUAxQQe7f8AUo4OEUHyGYmky7qW6PBziTH+S0EfZZ+zDxbldpv66ogH7BXQBAxlbYegGZnrskx07e3zMf8AmFZj+6b/AMoVZ1x/2WkPf5ln+as2/wB2z7Lt6RYWTjX/AJlBf/o/NQ7fjQw/dSL/AP3ZPuFEtv0s+xXoKeUmcq9/6mBXbZuR6LyjrhobeI8d4wSvVrru3C8r66BF3iP/ANCC7Hjf9w8f9VL/AOTZla04mxxsovT7j/HT90W4HE3PIUXp9w/jhPuvTRWT5fKWJQ/ye09MuHzT2f1MWhPKyvTh/wB/afVi1p5WHUrFh9T8U/8A5dBYRkjfhVfVm1LTYGcShWcIy4Kt6oA+RaT2cENT+7A/WxzSxocfBZvyFkutyTQEZ52WsZ/2dn/KP8lkuuMfIt/+mBdivs8T5XjTSPJa4aWSADADsYV18MZR/EwCRvlU91OmSaJo4cXI3QMpbfWjOBhdPSv70fItSsTaN/1GdNRqxnfYo5I/hwyeyD1E3yRuP9WE0nVa3b9l24s8/csSLHpOUO1AncFGuAOKgA8hVnSziK4tzsQrSpP86QY5RvoQ1tMw0eVzOScrP1hJlc0jhX8eBXSA8KjryG1LvdYdQ8xyaKSsidpmbgd1aVIBp844VZMA2Q42VjE4SUw1b7Llvk1t4M1cGgyEegVYAQSr+6Q6fMBuqN3lJwMLNdE20y3RyMPIUqB2lwIwour2XA7Bylxe1jnHcjT0VRrAGQpjvYrN0FYWHzK+p6qOVoDStUZrBitraY9+2xVbXNBYdQyVauII2UGo52CklklcsMzk2IpAMKRGMtQ7hATJrC5AcADKWzf+SyFzjIXYZHRP15XHsOA5cfwMKims8FtIxlVAHEZyFXOaWOLT2RKKsLGaHcItVFn+Y0bEZV4yJf2SwQSzBG6jyM23UrRvunPiKVKLNEZFacsIwplFU6Dgt5Q5Yf8AD+6CTo2HdKeUaKrXHlGhpalrxuAlUxh7cgKpo6gsIz3VvFK2Vgyo0dOi928MpquDS7Ab29VU1cZzwtPVxNPDc7Knqof8H7rPOORs45XBUNYWuB9FdWm5OpahtQ07t7jsqxzDqxjC5TudFKNX0u2SWsEon8Fis9o99tt18eChv1K/D2Bolx39SvdLJc4rrbIKuMglzRq37r5T6DvB0vtc78tcCG57L2X4bdQGiqXWepflrvpyUiSyfZPpvy0LFHc+z06ZoeMEbHYrB3Wkdb7k8H6JDkLfOOMY3yqXqG2iupjKwYexJsR7W+vfHcjG1kIGJmbEc4RWHLQc5JCdT/7wx8Txhzdio0WpjzA8nLDge4Skc9RaNV09UuewxOdwr1oDsjGQsTb6l1LVscCdLvKVs4XgNDj3T4SwNis8M8p+JlhETpHtj8r8vC8QuFM6mnLCNjuF9X9WWpt1tkgDQXtBLV83dVWx8M8kT24cwnsujVPJ8/8AqXQqL3IzONcbmjkqtnGrLe/CsqcaJcuGexUe707KWcFg+tdWiXB8t8lpVGWUX3RleJKOW3PPnbkgeqnB1Taapt6oJHRy0pBcGnGVjLdXOt1wjqW8ZGoeoW7dIIa+HxiH0dyaAfYldOqS9nktVXh59M+peg+pqfqnp2luMLwXOYNY91Ou9u8cipi2kbvkL56+EnVA6G6yksVdUuFDctog47NeDt/mvpjaWMEHLXDYpuUeJ1+l/i3cP7XyhlprDUQBj3Zc3ZTHRjsVTBrrfWhwOGSHP2Ku2OD2hw7phzwT4w7uq2tg04lYOdiFcEZQywO2O6gRRtd6hPSqo/l5yzGx3Cc1ocM5UIMIyqq+WmC6UMtPNGHBwOMq58P3TXs43UDhNwllHyd1ZZpLLdZqORhDQ4ln2WXqG+XYL6L+MHSMd1trK+hhHzUJJIaNy1fPU4wcHkJVqyj3PjtTDUVLb2VU0WXZIQ8aeVMlaC5RZYztgLDOLOvCSQmpjkh3Tn8JRcuyMmp55Qzwg6DXDEcYKjYDTkbboxymoJfsci0tF3fSPEcjssOy1sM8c8YkjOQV548HkFXtku4jAhe7Bb6902FmODn6nSv84mvBymTNy1NhfraHA7EbIycmc5prshxSOhlBwrqGcvaFV1DASC0J1vqzFN4bk6GRcopl20Lq6xwcMtTlsiuBWAeAhlueykIeAphEBGJqjPhG+2FNLduUPwzk78pdkNyJ10U1XT54G2OFUSw1FITNATzkgLTyRau2VFqaYluA1Y7dPuNem1M6ZKUGNtXUTahjaaqGmTGASeVaBrZRkceqyVTRuY7XG3BAylR3qupJQ2pBDCcNPZcy/SntfE/UDl/p3vBoqmkycgKBPCWKbT3GOqY0Yy7vvsU6eIFocByuTZXteD11epjZ+LyVRkLTgjlNec4LThGngOcgbKMfJ9Wf1S39g7dkI2pdE4bqzo7nCQMndUxwdnFNDdsg79kSsKUsMvbjQsrIvHgxqAzsolDcXwPFNUZzwCUa33NjI/DlzkbJXCijq2GWMYf/AJrRGWeyp55lFlp9YG4UaeIO3xlVFDdJaOQUtXkjOGuKu2vbI0OYcgpyfBFNSRlb3ZMF1VTNx3c0f5rOTtLxjGML0eaMY33Cy96tgjcJ4G7OOCPRHFnF8loF/uVoyU0Ja4EDGFIpasghpHCfOxp2AUSSIxu1BOhNx6PNW1clzHOHAbp5weFU0tQM4KsI36htun/JvMyjhm06P6jkodMT5DgHBB9F65QyNrIWTRuBDwDt2XzrHK+J2thwV6f0P1RinZBJLkjbBKRLGD6L9M+YaS01h6ZQ1zaerEMow3sVdeScam8dlQFrKmn1RkZeMgqytlW1oFPKcHsT6rFZHLPqOi1SX2TZYQeWUNO2VPaAFDfGSQWjCPTyE7EcJLWDp8dhSMpw5Tk5jNSheMHABhdwF0jBwV1n1BQI4Gk7gJ+hvongDC4oXg5gYx2TXNbpOyekoWRSDlcUktbg7KOQcqCnyCcMhRyDk7KYQcIJZufL+6gucACj1tLHWU76aVrXMeMHIyphZgZyhE6u3CtdmaytNYZ4f1t0HPY6l1bSMLoHHJAHCzTJCW4PphfR1dR09fTupqlgc1wxv2Xi/WXRdRY6p9RTsLqd5yMdk6LPC+X8U6c21/iZgjAJUaTkHHCkt7oUjdtlprltPF6yv5IOP7DUdTuGlWTfMBhZ8amSAgq5oqkaRkLp0z3I+c6/TOibCvp2PBLm79lENRNSSBzmYYThWeMIU0LJWGN4yCnnNUucPoNHJFUxB8bh7j0QpGDCqpKeptsnjwuLo/xNU+krIqxgcw4zyD2KMLZjldDXnB4QnKa+LvjlCcz2UxktP0RSzHdD0BSyzPdC0+6BrI1NkCogDhsFUVVJk5AWhezKjSQB3ZKlXk0V2uJlp4TH+HCi6c8rQVVLrzhqq5qd0ZxhYrK3E6FdqkiEBhdD8nhF0HBQJGHbCztDpfcWVrv9zsc7ai3T6SDnBOy9j6K+KlsvzmW25gUlaGgN1O8sp9vf2XhKexxaMjlLlDJ3/F+d1HjWoptx/TPqsuB3HCaRjuvCOj/ihc+ntFJcGCqo27Y7tHsvYrF1TZ+o4RNbZ9QxktOxCVKto+neL+oNJ5JKMJYl+mWRBQnDsVJI74QjygUXk7zeFyR5Ix6ZQHQ69+MKc5urumBuO6dGIixZKuelDhgNVdPQhrsrQBoOx7qNNAH9se6mMmKyvJlbhbYahuiWMbhZGv6dqqWU1NvmfG4bgtJC9MqKAO3AVfPbyOAFTX6OfdpvaMhZ/iFcraRRX+m+apx5S5wyQFoJ7bYuo4fm7DUMY476T6+mFU3ax080hdjBcNxhURttxs83zNtncwg58p2P5IVc4Pk51tUU8TXBOrrbW22Tw6uAsB4djYqI4jI3CvrZ8SaeVoouqaVhx5WyGPOFOrOlLbeIhW2KtjcXjIDXbfotUdVGSwc6ej3P/TMqHHGQeF1srs8ldrKGstshirIXMIOMkbFCDwQnRtT6MzjtWH2W1HeZqchsrzIwdid1d01yhqGjwZfyKxj885TY55InamPLT90+vUNPkU0snoDZWuGHtBQX0FI93iCMA+oVHb+oI3BsVSMEbaleMflocx2QeFrrsUugAsFxvFrdlj/mIP8Au3bkfZWtL1DZ7gPDrP8Ad5Dt5gqsS7jUFyeCiq2YliGr1A3WtWOGAMl5La9vHoZmvadxpOUBlbV0rtFZCJY+ONwqOL+KWx2uhqS9gP0Eq3p+qqSVohvFKYnHbVjZPhbF9gyltJXytquPmb5XemcEIM1DdaJuuEvfGOO5CM+3R1DBU0Mgc07gsO4T2V11oGgD+YzuHb7Isp9ASakRobk1/wDLnbocO+FI/lyt8pa4fqisrbHc/wCXKwRTHnbG6DPYjF/NopiDzseVYLSawyqunT1FcAS6BmfYYWUuPRUg1OpTpx2IW2FZNGTFUt0uG2SOU8v8VuQcooLLObqfH12PK4PJKihudC7S+J+B3AXae7VVOdi4/mvUJ2R5LXxsd9xlUtb0nbKuQzGIRk86dgU7GODi3eKeftKGg6gjcQ2oz7q2ZUU8rQ6OVpB91TV/SNbE4vox4jPvuFVyUlXTO0StkYfzQYOZb45x9Gv2cMg7Jj6SnnaRLE12e+N1m6W8VVL5XHW0dj2VhT9QxPfpnjLR6hC4pmP4Zw/EVV0zDM4mJ4bn1VFX9O1NMSdGodi1bOKphnaHRyAg+6JjI3CGVWQ4W2w7Z5y2SvonZie4aexVxb+ublTkR1uJIxtgrRz2qhndqfA3J7gKouPSIc0yUrgc9il7Wg1dVY8WInw37p+6NAnc2F7vyU11oY6ISUUwcDwWnKwdX07X0o1iI/kEGju94tLwYZ34ad2EnCDLRJ6WqXNbNy+kuFKPEqYHOZ6t3QxPE/Hb7hVNF8RJw8Nq2tc07FpWihvVjucA8QMbnkYwQrjtn0zNKE6u0yMY2ObkHKEYRn0Vgy2QStLrfUnHo47KHLT1cEmJo8j1AUlUKcsgTStIORso7rfA7YsU0TQ7N1HKKGBzctbz7pTqXsZG1x6KWSy07gcNUN3T7SSRHstH4Y7BNOR2QTog+kNjqZr2Y2awVDJCGcehUKa31Mbi18Z27rfH3ahvijk2dG0j7JD0y9D465rswQjLNiMJO+63MlsoX4zA3PfZVtV01BI4ujOAeyF6eXodDWRz9xmA7b1Sa9zc4BVxJ0rUNyYicfdQ5LDXMBJaSB7oPjcexvzVz6Ax1crNgThSG3QbB0Z/VQ3000RxIwjCCXHBGChyxmyMlwXkVyYRu0qSy4Ru2x+6zTXbYDiPzTg9wOS5x/NVkW6EzWR1gO6IakOG7VlWVczdmn90dtfNndyJSwLen/RotNG/zOjGTyuGgpJxhhDDzyqeOv4yjC4t91MoFVSRIfap2k6SHDsVGlpaiMeZiPHXOduHEI7biQMFoKspuS7KdzHtJDmkLpkDeQrllTC44MbRn1CbLT2+XJLQCfQoWskV2O0UzS0nsmNdoOQ7Cs32immOIpvDPqgy9O1QbmKpid+aXNSfQ6N0CM2pl7uCf85JGQSchBlst2jOS0OxxgqPLTXJn97TSY+yptoPMJ9Fi24t/E1O/iEXduFTZkjAMrXDO+4TDWROOnJCHe/0X8UHyaD5ynDNWQfZOjlhmGzh9lnmvzuHp4c4jIduFcbfQLoXo0BEI5eP1TPDYdshZ/xnsJw4/qnCoqGn+9KN2pFfAzQ+DGe4XPBZ6gKlbV1A/GNlwXacbEZQqzID08m+C6NOc7PP6pCB39X7qmF2l75ThdndwUfBfwSXoumte05DiPzXfElA2lP6qk/ix9Cui5kdyl7ki/gmi5+arA7ImyB6qQLnVadJcD91n/4qfddF1P8ASSplMp0TZd/NnO7Iz/4Qk6enOz4Iz/4QqX+Kj3XDcGk8n9VUlguNM4lzm3d6aM/+EJuLaQR8vH/5Qqf59p7pnzLf6ygaTC2S9suDT207/Ls/8qXy1uP/AAW/oqf5pv8AWUhVDs8qlFItxcu2W5pbdgjwh+gQTb7f2aP0VeZz/Uf1QfGkzyf1RJxSwivj/wD1mWv8OoB2b+iX8OoM8N/RVXjSf1u/VLxn/wBZ/VCkk8k2S9SZZfw+g/pb+iX8OoDtpb+irfFd/WV3xXf1lHlfot1z/wCZk51qoCc5H6Ln8KoPUfkFB8V39ZS8V/8AUf1Q9kcJr+pk7+EUH/eP/VL+EUH/AHj/ANVB8V/9R/VLxX/1H9VWEDtn/wAzJ38KoB+J/wCq6LbQjbSP0UDx5PU/ql48nqf1UwibZ/8AMyx/hlD/AEj9EhbKEb4H6KB40nqf1SE0nqf1Uwi1CT7kyx+Socf3bf0QvlKHJ8jf0UHxHf1lD1SOP94VIRyMUWlgt2sp2jSGtwP8K45tL3a3b2VUXPH4ym5kP4yjcEi2mWRdSA/3bf0TvmYWjYBVjAT+I7JxBx9RVbEXtZNNZGOB+yGawdjhQX8rvl9FWMBbMks1zwD/ADEF9ZIRjxMhR0sBTgNQwONU/vumunLhhMyEi4BVwEojHZJzhc1EjCTpA38KjeISfpQZDUUgxZnfK75PUfqmGR2Pp5Q3RvPqqcmi3tDbf1BMMwwduFxsDz2/dPFITyrTcisYAmd2dgl47u7VIFJk5xuiNpWhBtZN+1kIiQ74XAx2dxhWjadoGNAS8EDgKbA3YVpgc7GGIjaI8lWPhNbjYLrmDACYoA/KQRSD0RY6UNOQpOD6p2n3V7EgHOXsCIm4wAu+GBwEbf0XBqPCL7Yrgjk2hmAOyROU0yN7peJGlPCFtNiBz2Twwe36oBqYRtq3QzWDGyLAeGTNLfULhLB3yoTqh3ouh5cM5VZQSgSPFA4wkZvsoespayryTYiSZyhmYnbCahtUyy1HAUnO64h7ruHYyr2sDb7QZJcbknGFpOmfh51p1jKIOnOnqyte7jw2ZB/NFGDYNlkKluskkv7mfS3PC+lOjf7FXV1e6Oo6xucFsgcMlkTRJIPbfYH8ivcujv7M3wp6NbFJJaP4tMzl9WdQcfUt4/QBMVJwtV9SaKiWyH3P+x8OdOfDnrjq3bp3pqtruN4o8t343XtfR/8AYz6orS2brO6Q21rhkwRsErx98nGf1X2HFHb6BohoKOKmia3DY42gABckmaPzTYVY4OFqvqTVXR2U4iv/ADPJukP7Nnww6LMdQ20/xKrZxNVYcP8Ay8f5L0mnpIYY2wU8TIo2jDWsbgAfZSXu7nsoktYIRknC0KrBwbb7r1m2bbJAg0jJ4G66ahrRhhVZNdycjX2VfLW1LuDhPjDBlxguZbmGH+Yf3UKpubpBiEqA1s0g1SuynMaGnhWGEEs0j8vdnKO1obvtuoxeGcDlcy55BAJUwQkvnfHtHshCWV5y53C4SGjLlFnu9HBw8Z9ii2svGSwJ7koD62FoIa/zKhrOoGniTDVUVF+cSBRjXIeBnlEoDFHJqqiscAXOOwVFX9R0NI0yPmBcOACql1uv14cJKqpdBGfwtdjKnUvTFup3Ne9nivHd26Yol9EGTqPqK6fyLLQ+Fn/jSt2CbD0bWVj2y9QXeaszuYtR0j2C0cZjiboYcD0UWpuRDtERwB3UGKbXR2ltFptQaKOjjZjggbostSMbYUBtVPMSSc4TmRSvI8QaQoSS3Lk5PVtBAc8hMzNLjQwuBUkUcRw6XGy5LXU1O3Qx26gvGAUdCXEOnbjCK+ejpxhnIUOStnmOGnYprIHuOp4xlQhIfcS46Ye6Gdcm7gnthaPwhSBGAMYRJZJkjsiJARGtwikYXMhUMQ4bLqSSoYMSXcbauB6qluHVVuonmCHNZUHYRQ+Y5UBUXLouZd8EOCyvUHXVss7TBC11dV50iGDff3PZBqLP1R1RmK7Sfw+ieciOI6ZcehI4VvaumLVYmBlFAzVjDpCMvd9z3UGLbX2smPNl616zLZbxUMt9Cd/AYPMR6EgrU2Lo+wWd3jRUEbpwMeI4ZP7q3xjYbLrdu6hUtRu4SwdfjVsFzKSSgPfIkkxJQsSSSShBJJJKEPlVOSTV0p59HrxJJJIQRiaTldPC6lyeAsjTs059FVXOcshOO6s5d8YKzl1k8SdkGTgO/VY9VLETTTHMg8AaIQ4dxlUV4ld4oYDtyrt5DY2jONlna14lqSW5wNlzrnmtQOhQuQ1K0CIH1yptFHrqG7cKPTtIhbsrO1xHWZiNggrWEkS3iOSbWTeFSloGFnWuLpFbXqqYyMR/iKqacFzgUyUucA0r7dxbB/h2/wC5VSeCM7lWVa8Mo2M91VkZHKlk3jAdKwnIR2TF1y4scnlmkYnpieqKQkkklCxiSSSMgkkklCD1z1XUsZ29SgISK86YqeEcDzobdxlPuBBkjb/SwBMbsFT6FQ6ydQkkR/0lToZ0ATUR/wBRQ0mz0UJOTU5SPRB54QXd0Y8ILu6trI0AeU8cph5TxylBMIOE1+xC60gjZMlOMFQGPY52DhbzpKMCAvLe2xXn7gcgcL0rpaIC1Rk8lBbLB6j6ejuuZYVZIYfsotgJMmTySj1jtIfk8DZBsDc+f1JWafPR7KPM0Tn/APzxCdxVEoRGu4ZRXf35QmhgKd2a9yVZ/f8A5odF/wBuefdEq96jA5yoSI9m36KWN4Y/sojFPhjMgjjaCVmsNtPZd0flpx22VTW4dUZB4Ks5HiKINA4GFRyEunIJ7pEezTLoe45DfZQbs4tix6hTmt4VbeneUfZDOW1CrvwZquh4cW4uIxklay3xaqgDGyzfSbA20txtly1VmH+8grK55OzpliuOP0aKkk8KMRkcLzPqiQy3qd3YDAXpLiGxud2AK8uu0onrZZAfxEfuqq/IR5aW2tIz13diE5Kqbf55CewUi/PeXFgdgAKNado8HddKPR4y2e67BLndggKfRgOgbvg8KtqCCVZtaGxsa3YYSr+uDXpE08sh3Lbyjsh0DcEnG6dWY8Z2TsnUQGMhcq7s69H5ml6R/wDnq37L1KTaD/wn/JeW9IEG7N/Jeo1BxGW+y87r/wDcPceK/wBopoHY8c4/CSo/w5dqluDyOXndEaQIpz/gch/DX/slc7G5lIyufLo6Ef8AcRsH7b+i7T7nC4d2hOpuVnecnRBV5zE7/lKx8QxWv9lr6/aF5/wlZKgw8yPI82o7rVW8Iz3dkPqIE0ZAO6venovCs8eRglu/6KivpIbE0jkrS28AWxmBjyJ67M8Y7rWzD9VSeSXb1VFaGh0hJ9ArHqqTM2hrti7dQ7M06nELR/ScPUS3WvBrbV9bR6YW4o2gNZj0/wBFh7U7VKB7rc0owxn2XK1XB6Lx/wDtko/Sq6qHl9sqxP0qvq/7l2OVzpHR9EG3YN9pv+YL1bA0j7Lym2Ai80zjxqC9YDTp/JZ9RwXHskWkAPkeBurZnJyqy08yff8A1Vo1cDU8yyGDRUJFWdkOjlEBGEJdHKoMKkuDhdRDRySSSMgkkklCCTU5NVMgkxPTEJBiRGRhJJQFES51cdFQT1UjsCNhd+yz3wzpXQdFW10gGqeN05Hu97n5/wDqv2TfitXSUPQlykiPmlYIfcasjKu7VSOoLTR0T8aoIWxnHGQnwM85ZlgmNI9QnKNk6uUdrgBglMCXQeL1SeclKL/RcdyoNBpJJKBjEkklCCSPCSR4UIDJOUx+zDn0T/xIdT/d7eiuPZDxHpQk/Fi8k9tvy2XrMLdR0g+q8m6XGPiffnerTj9l6vAdwFokspGTR/1/5H/Vci0fhgKktzgZKj07f/eEshGwjAUlBg3DEsZSykqIVwZ/7/hOP7uk/cvIVrUHVp9AdwoMY/8AejpQM6Yg390aZxLwB3RlBnkEDCFUf9klx2B/yXSMAJk3/Z5//pZTceiZBwDFFTgD8H+q7nC7CAKeEekYQZRhpJ91eMMsyHT+T884/iqn/wCQV8NmZVLYG6YJyRzO8/uVcNO2MLZV2hRmuud6akH/AOss/wA1ZN+hn2VZ1sctoc96hv8AmFZ8Mb9l3dN+Jx7/AMzO3/8AuH/cKHbhhrApl/H+7vPuFCt7hhi72nf2o5N/+6Ouw+kLy/r5mm6Rn/AAvU7oMln5LzP4hMxcY8nfSF2fHPFh5f6njnRyPPLs/RK33UbpwF17LvVHvRxIAUDp2TRdx7len5XJ8m/+pE9jtDvCrIj6twteDkZWIpHltTTnHIC2zSAxpPoFg1PMsn1HxEt1W0JB9SgdUA/IA4/Ep8H1KN1O0fw4bd0FT/1Eb9Us0SIkW9LH/wAo/wAlkOuD/urR/iBWugOaSMj0Cx/XG8DfuF2YdnhfLf8A4Znll2BFXI47ZaVzo13hX2M+v/VLqHaoOP6VF6Xk8O8Q57ldCniSZ8o1i+9nqXUwIpYz3LsoERP8Ld9gpfUozRU0oGxaFAZvbHn2C7UJcHm7vzYXpd2K/Geyvared49lmen3EXBuD2WiqT/vDh3IRvoyzfJmJMivf75VBcvLVEn3K0FQP9+J91n71/2nb1KyX/izVQiBNl7sqZTyERhnsoWoKRBOM4IXMNU0MuTAYzlUE8YaVo61pfGcHsqGdhGMlBNcZNGmZCOR2XNXsjEA524QSDlZZLHR0FycblpyFLpq58WMDjsoi445OQcIoSy8ATgpI09JWxyxB2vfgplQ4cjfO6pKecxnZWDKgPanJ5RllU4yI1cAQT7KBCcPGFPqd8/ZV3Dt0Q+tt9k8kGIt7qM4nhGgO35FMeCClBoFktxhW9PPHURBoOC0YIVU7jPoE2iqfBnBOwOyOLBsWeSzqIQNwMILSDsVOfpkacDsoL43Nfn1KKcci1LDwCmbjfGVCfGecKyOHj7ID4h6JMoDVLBDBdGckcKZS1x1Bp2UaYH0UduWuzhLaNNU5R5RoA8SNyXBRKmIFvCDT1GAGnKm4a5uxSZRydrTzjZHhlLNAGu4UORoBGArqpiG+AqyeIg5Lf3WaaDlFEu03CSinjnad28r160XQSMprrTvw5oBOCvDS8jYbLY9E30xj5CZ2QeMnhJaO/4TWxomqpez616bvMV6tkU4I1BozurJ7c7cg8rx/oPqJ1DWNopXeR/G69eY7U0ObuCMhLnA+y+L1j1FOHzgx96t77ZXfNM/upT+irq+EhzKmMbHlbW6UbbjSPp3bHGWn0Ky9L4QD7TUHErfpceHBZHHD4Nk4YIMP8wZC1VprDPTNY76o/KVlJWSW6fS8eU91aWqp8Gdpz5JNkyIh/aarAcC124IwvFPij086iujqoM/lTD917Qw4OVT9dWOO9WN2iPMkbdQwN1rqnsZy/KaeOooaa5PlKojEc72t23Xa2D56h1AfzIxyp91p2srHiMZAO+6FROayXQ7h+y7GnsyfHvJaTdJoyz2lzCfxDYrXWOo/jHSslGXZqre7WzffCoLvTfJXKSAfS4agUumroLRfoZXn+RJ5JG9sFdKLPE+Qo+xxj+S5NwP/rl6diraZ2iut3cc9v8Aovof4M9cRdW9HwRTH/faIeHKCdzjYlfOLpD0n1O6QAvt1xGrI4AP+fK0nS3UA+G/xAFZGD/DrmQ2odq2LSf/AJqfGTbPK6vSx1Ne1f8A80f/ALo+o6yHx6fVjcbp9DI7wAH7lOo6uCspPEjPPZca3TwtCPIy4eGTAcpIbURWWRqujbUtI79iqWBz4Z3U8p+knGVpBuqy6Wxz81MP1DkDlQgFI7qPDO5zMO5GyO12rsoQjVVJDVRGGZuQ4Y+y+d/jF0E6w1rbxSMJgqHEOIHBX0i1U/UNlor7ROoq2MPjPYqnyjf47VPS2ZzwfHIbjugSxgj2Wn6z6WqOlbq+lmIdG4l0bxwW5/zWfdkg7cLLOOT3Gnu+aCnHpla5ha4khcD89lIkaD2UN+WnjlZZxwzWh5BI2Q3tLcZHKLHIDjPK7IwEZCU02NZFIHKCQcqQ4YPGyYcIegwZ4Kj+YHOSFJPKY5owQFT/AGM/sX1gvzm4pap+Rw1xWobLqxgcrzPzRvy04IWnsN91gU9Q7cbAlNrsx2c7VaV43xNQTjnfKjvYWSF7e6OxzX7kLjmahnHC07jnNNdk+grA+MNPI5yrLGRlZuJxikGArmlq9bQForsEWIkHZPTOU9O7BGLhAxldSVkBOYCc4QHMaRg9lLIHKHgoXFNYIV0lM076VX1dEyeN0UjRg8H0V4+H2yo0kWeyyW0b1wFGbRi5W11pmzHI/T2Odlc2q/tqj8vUuAd2KsZ6RsjdEkYcPQhZq5WQwPMlPqB52XIv0rzwek8Z5WdTSmzUPAd22UKphyRhUFvvVZSvEMz9TePMrtldHPgM3K5ttLPbaXyVdyAzBzMBcY7nZHkAfgqO8YG3dZdjTNqt3coLnBBadwp9FWnAhmd9iqgP33KKHgcFMhIZ8mOC2rqFlUwkDDxwVApq6ooXeDLkgHupNLXuDdLxkDgo80FPVs1HGSOVqhPAX90ToZWzxh2QcjKFUQRyDBaCDsQqFlTVW2bwn58POxV1BUsnjD2HPqjymV8qfDMndbJUU0zpIW6oySRjsqOdgkGnhekTNDxxnZZS7WcRymWEY1I1I4mu0W57oGX0vjeNPdWFFUZADkKRgyQQgNcYH6wM/mnQlt7ODOv45F212d1JtdfJSVAc1+kFQKaoZJGHN57j0SkJBGnupY8mnT2yqkpxZ7p0X1C2tpWwyHLgMcrXaNgQd/VfP3Tt/koZmN1lvocr2rpu9x3OnAfINbRk7pGD6f4LycdTFRmzYWmrMzTBMfO0bH2UtxMLw4D91nZRPBKKuAnA5CvqSdlbAHu5xus9iye+onvikWUDhNEH7AojW6e6hUzjDLocfKeFO1AnAKA0Pg6kkkoNHJJJKEEkkkoQam6G+ickoQAQPRDLPZSkEhQV2ALO2EF0eN1KIQnNzsoLnAjEEHBCiXC309wp3U1TGHNcMb9lYFuTngoTsnkYTE8Mx20wui4TXZ4l1f0fUWWodPAwugcc7DhZZ7M919EXChp6+ndTVDA5rhjfsvIer+lZLJUGWMZhefKewTYTyfPfNeIennvrX2mOfGBvjhKkqTG7GEeRvIUGWItdqx+63U2bT5p5bQfLlxL6nqw9oGyksOcrPUtX4b2tOcK6gqQ5gwF0YSyeMvr+JuLDvaHDdVNTbXtkM9G/QeS3sSrcHKb4fujayLrmo9lbRXcPIp6gaZG7bqa92oKLWWyGpJkb5X+oUKCsmo3fLVjXHHDh3CKMsD3KElmJZO7oRByjNcHty0ggpuAoRMEgloKkpigRCkha7kKvrKIAagrhzfdCljykygpD4WOJmJYNJxgqLJEAtFPTB3DeAquppnZwAsllOOjbVfu7KwtwmuJZwMqU6I9xhCkj7EJEo4NO5AOSpVJW1tslbU0NS+GRu4c04QAMd0/G2EEl+x1Ns6LFOt4Z6h0t8ZGYjoepIHMcAG/MtPk+7vRen01RDVwMqKeRskbwHBzTkEL5be0FXPT3V176Yl8S3VcnhE5dC45YfXb1Smke48T9Wzq/0tbyv2fSCaRjusl0n8S7F1Pimc/5asDd4nn6j3IWr8TU3LeFD3dHkKdTFTqkmjh2QjGfRFOefVdAHooOlLJFdGCo8tO1ww5uysdPuhOiBIGeVGgHFMqJLVBIcloVPcLQIydLP+hWtMOBlCMOrYtCXOtGS3TRmea3Hp+nqmkSQgH7Kh+XvPTcwqLVUvDc50Ekt/RerVtjEpMkBGT+Eqgr7c6Hyyw7e4SJQfowT0zrf2ldbfiFQXRraLqWia1xGNRZ5Py/EFIrOlqWuZ81Yqlj2nfRnP6Kor7DS1YJDcOVXH/tD09J4luqXaB+E7ghFGconPtgpPEw9ZSVdA4tqYHNI742UdoDtx37rR0fW1tr2tp75TNYHDBdjLQf9E28WS0ut/8AE7JcontPEGf3B/0WiNyZlt00Ix3QM94WnDs5UyiuVXRnySlzR+FxyFXSmopnBs0ZaOxPdOZMCM6eU6NsofiYGmjYUd2hq2A6g13cEqe1xwsMHEDLTg9lPoOoamnAiqz4jW7A98LZTqv+ZgGu8Ut2xymvhiqAPFZlRKS4U1aMxP39CpoOxHqt9dinyhc68gImV1tk8a31LgO7Cdv0VrS9VNyI66HQ/guxsVAyc5yUOSOKUaXtB/JaIz29ithohFariNbdDXnfUxda24W85if4kY4HKy4pJKfz0k7mOHvyp1H1NUU58KujOONQTFfH2A24svm1LKwFtdTjH9WFGqLXNEPEt1Q32aSlBcaWsaDHI3fsjMmMZyBymxsS5RUnuK01Gg+HXQ+G4fixsU7wmEaongg9sq31UdQPDrIdTT6DhQqqwPaPGtVTkdmEq/kFSrwQXMexpGCMqBJSQTEumjDvupD6y70D9NyoS+LjLRlFhuFurG6WkMPoTuFZktoU+zN1/TlJM7VH5CfQKkqOnK2N5EYD29iFvpaRx8zMOB4wVHMboxhzcfdQy2aCEjzlwqqZxjOthBwVJZeayFgZrLgPVbGot8FUT4kYz6qqq+nWNOYRnP7Izl3+OaeURKLqamkLY6hpY/gnsrllZBIMRStdn0KzNZYJA3WYuO4VcYJ4v7qRzP1Qp4ObbpUukzcFuvtn8lDms9DM/W+nbqPOAqClv91oiGFwewdzurai6tonlrKuLwnH8QRYr/qFKqUOisunR0M2ZKcYJ7Kif09dKZ5Yx7sBejxz0NY3NLVxuPoThdNFJ9WxQS09cuYhK66HElwebw3q72s+E58gDfdXVF1y6RrY6jBPGr/qtFU2illJ8SFuojHCoa7oqjljJpj4cnPsl7LY/jyTdTPiawXlNcbNcWASBjHkfUMIpogMmkqQ/wDwlYio6UuNLF4kchf7AoEFx6gtQBeZNDeNW+EKz/WinpYS/CRu3xVUbcvZt7IWojkD9FUUHXQDGsq4dR4KuqXqKx3CQMOI3f4uFMRZnsqlV2sjWwhwBCa6PGxViaCGpGujqm57DPKa+31cbdRaH49FNiE78P8ARW+G7PCRBG6m+G5g88RGfZCcxpKHYxinkjmQjbSm+I07OZlHMeOQglpHZLnXkibQ11NSTDzxDKiS2SimyC0AH2Uvngrjj6lK+JMbG2fplVL0xRn+7bkqvl6XmBJhfgei0e4/EV1snsqlRD0NV9kX2ZCSwXCMnyghR5KCqi+pi2+rV2QzGx23+iVKnPQ6Orl7MQfEjOHNOfskZ3M7LYSUFM/8A/RRp7XSzM0eGPvhB8LGx1UfaM3HXEYzsUaOv33IVm+w0oGN1El6eAd/L/XKW4Tj6LVtcjnz0IH1blFiqGO/Fyoz7FMPpdhRpKKsiJa1p24KFb12i0oemWvjeh59EVs7gMjlUBbcIz3wE81NZCMu3RbmVKqLL5tZPnzOJwntuVTjB3WfZdp+4wEVl1bgapeeVTnFdlKnBd/NQyAtqKVkjXb8bhC+WtMx0upww+pCr2XCA8vCMKqnIyJQonGRJQl2mHls9ud9LmhQn9OAk+FVbeileI152IRWvGk5/wA1eyHokZWR9lW/p2uAzG5rh91GltFwj5iz+avDM4k4J/VFFS/GkycKSqT6LV1hmHwVceA6IlN8w5bhan5lp+pgP3C54lK/aSlj++lUoBrU4MucnkLgLR3WnMVCf/hm/ogSUNFJgeE0fko4N8IYtSvZQam+qWpvqrs2akduCB+Sb/A4j9Lwqdcwv5Mf2U2QlkK2Nif+GUBNNkmG/iNKDE16J/Ii/ZVHPdLJVi601AONTVz+Ez/1NUwyfNH9kDyrn5qZ8hPnSWn7pfw+b0P6K8E+WJDwUsFS/kZf6T+iXyMv9J/RTBW9ETUUslTPkpvRL5OX0UwXuRDyUslTPk5fRL5OX0UwTKIeSlkqT8nL6JGklHb9lMEciNkpZKKYJhsW/sl4Mv8AT+ymCOQLJSyUXwZv6FwwTH8CmCZQ3ISyPVO+UnP4Sl8pP/SVRMoaku/Jz/0ldFHN3bhRvBMoYXE9x+qb+iMLfORnKX8On9UrfgmUMGD3SL8b5RvkJRjzLnyEp/Erm+i00mBNQQfpTTUg9h+qMaLGzv8ANdFvgHqom2g98fRE+ZHsu/MZBAAUv5KH+g/ql8lCOGn9VHllqwhGQn8K4Xk/hKm/LNHAXRTtS3HJfyEHDzwFwQzn8OArH5doHCWD6qnBk+Qgtpyedk5lHv8AZSsgHdE1MUSK+QifKgchPbA0cDGETITS/YjCspSbY0xxjhODWeqETvsuZx3VqXGAuwulvZOamAZ3S8oGXHZDlBKLYRJC+ZgHMnCC+5QN4JKFzSK2y9Ilp+QquW6NI/lu3UZ9bO8gl2yreFGD9lwXMbuXgYTTVU4GTIqn5iTGCShE5OVfysL402WjrhCMgOyorrhKcjGyiLo5VObkO+OEUH+akO+Fw1DyMEJoAwClgdgo8sHCQhnOpEHAPqmB4HZd8Zp2VtAvD6H7LuR6qPqycZXQHO2AymxrbLf9w/lH4gu4HqnU9lutWR8tSSSZ9AtpYfgv15fMeBZ3gHnXsmKrIi3U6emOZTSMaCDwUhuvpDov+xtfrk5lRfaqOGAjJa3ke3K9u6O/sr/DbpmRlVWW91bUAYzIdv03VxqeTi6n6k0lPEfuPhzp/ozqbqmr+Vsdlq6nPdkef1XuPRX9jbrG6mOr6mukVspnjJY1gkd9j6FfZFHabRZKdlPbKCGnZGMANAyuS1YHcLRGvJ57W/U+psW2hbUeXdGf2W/hV0mY5qmAXSoaN3VDPLn2GSvVKOnt1mp20lnpIqeFgwAxoCr5rhADmR4GNlHkvVMxulp1FOVR567VXaiW62TbLo1TiSSQSgvqMjzOCz8lxqZXfyG7IJ+bm+uYhMUMCFD2XM9fBGfNIodReYuIsuKhfKD/AIhyniJreGhMUEgjj62ukzpbgfdDMdTJvK5HBxsAm68q3HIYBsYad07SE8kDkgLhIbkkj81biUotiDMd13QeVR3XrGy2lrhJUiaVu3hw+Z2VTm/dT3po/h9I6jp3b+LLzj7Itoew2E9RTwH+fURx/wDO7Co63q+kik8Gg1TO76Qs8+30kLn1V7uctRMeA5235BFp46upIbaqEsj/AO8cMK0gnDBKqbzW1Rw5/hjuM7qLqkmdopoXOcOSrSOxxRMEtc8OefqwpDquhpWaY2tJHoryCnhlZFYJKgaq+VwYfws2VjDR0VIwMgp2N098blR5KmrnOKYHHqiQ0VZL/fu2KLIxdBn18UflO/phRpaipecRjYoppoYnZO/quumpogA1+T6BWnkhHDJpB5jhPbRRu3kGUjVavoagONSf7x+AeyoAkkUkI50kKFJXtOfCcV0sLzucrogaNwAFBhDkfW1HlaThOit7sh8hBPoprWhvCdgqEwCZE1vZESSULC5HqlkeqHk+qWT6owAhTQCmv34J/JML5jtE0j/mChA+W4yXAD1VZWX+miyyhjdWydhH9P6p/wDD/mXf71UyAf0sOApMUFHStDKaBrffG5UG5KV1Feb0/VW1hpITxFCcH81YUVjtlrLZKWnb4vd7hklSw8HPbKbkeqFIrP6Hl3JyhkkrmT6piIjeTucpZwuJIxYkkkkAYkk1cPCheBZCWQguJ1HcrhceCVC8krI9UiQOSFCqayloIjPWTFjG8kqtivN1vj9PS1kmrGg/3sg0xY/5t/8AJVuRaj+z50SSSXRPWiSTEkvJeBi4OCnDlNwDkJE3hBLsDNJp3ys3K7xbkM8BXdeSIyQeyoKZ2qZzyNwSuffLfKMDdp1kPcZfBjJ1dlRx+Z+ojOSp16mPggYUKnAAG3IWS6WZ7TdGG2O4tIADANla0TS2mx7qtp2/yW7q3hAZRF3omRjwJt+5bSiu7tVWM9hlKhALt1Gq5hPUmQDA4Uu2Fr5A1w2S28PI1LbUFuGdLQSoQ5KlV5dJOQXYDdgFG047qpvc8hwW2OATlxOdsmrOxgxPTE9UUhiSSShQkkklCCSSSUIPToxqkaB6hMPCLRY+aZlQts7cAfmjvwEyPbKUxMkrnE9ynNUKisI4kkkoEBTU5NSLPRYk5NTlI9ACTDwnph4VsaDPK4unlcSgkOYchc/ElHwkeUSWS12KUbgD1XpnTxDbRFtwvM2/9pjzxhemWba0xpNx6v6bX+rJ/wBh1wcRBI8DgJ3TJzASR3JQbj/2WT7I3Tn/AGb9UiUsHrIv/UwS4f8A54ORP+MfzQof/ngUUf3x/NAPRDt//bZPuU9+9dgoFB/2+T7qUf8AtqjGRE0jUdxsVe2ine5pmI8rcrPRbzY/xf6rXPeyjtjWsbu8crLa8G3TrnICWUP1BVDv+1Zz3KsGSeXjlVcTi6qdnsUodN5JA2fg9lV3vhn2/wBVYP2qH4VZe+G//L3SbuhdizHBvOm4i21RZ7/9FqbSMOzhZ6wY/hMOB+Af5LS28D5dpwsLfJ3NPxFIsp5P9wncdsD/AEXlUx87yT3P+a9JuchZaqnHdpXmMzsuT6HhmDy8stQMxfJMynsm2tuIymX44mB90agGIgujF5R46KzqZIT3ZnYz1Kus5aB6BUh/7VH91djgJNvJ0qFwVNxJHiEeyNRHNM0nuEC5f8X8kah/7K37Ll3dnQpNN0USbvv7L0+vzox6tXmHRX/z3/RenXH+7P8Aylee8h/uHuPEPGmRQO/7DVPzwxyN8N2YtU0p5fKSoku1mqD/AIH/AOSsPh5tZG+//Vc99HSh/uI0bxjCLTfUPshydkSm+r8klrk6IK4kCnk/5Sspbhhz/wDmK0d7eWU7sdwVnaFw8LIG55Kb7EzWVki31oc+nH+ILStDWUQa3AHh/wCizl0Gqrpc/wBQKvJ3OFO4DGNCdBi61y2eadRya6sjIOHFdsg8rs91EvhPzpGfxKZadgfcrWllHnHzdI1FoGaluPZb2ADS0jbZYXp8A1G63cH0NXH1rxLB6PQ/7YU/SoFUdsKefpUCp2WJnQIlP5LjA4D8YXrGAaeN2OWg/svJ4nj56Db8a9Zh3oov+ULNeXAJaBh8gVo7cBVlp/vJPurI/SPzXB1P5jDiSSSzkCro5XEkIYUcLqEOUQcIhq5OpJJKEEkkkoQS5keqR4UYk5O5VrkhJyPVNTcn1XTwqKyNTBuFx/1FNBwMo4op9GH+KbvmKSz2nOf4hdaeIt9g4H/RbY8LAdXTR1nxD6ZtRfnwRNWuH5jR/qt01y0RRmXZ08pA9lxOZ9QUHEuDOg55Q3clFb9KCeVAhJJJKBjEkklCCSPCSR4UIAPKbUf3TvsnHlNqP7p32Vx7IzxTpdv/AOUm7kd85/Zeq05yvLOkwD8Srvn1P+i9Th8pK2LlcmTRf1f5DQN/3mU+rUfDT5S4b7IMG8rz/hTJSWlCopmuUtpGtdw/iElW3QB8tOYQc84VgW7crM9AyGoivEh//S85H2Bxhal4yFJRwLUskSlbmtlyfwrszg2dozynU/lnnxzpG6BN5qlrieGgIAuyWDkIUv8Acyn/AAFOQp/+yzn/AAJjDSOMPkaB6BMrdqOU/wCE/wCSLH/dt/5QgV3/AM7qr2iKOPZZmbQ3/dMgbFxP7qxZyolix/C4zjckqb+Jbqe0AZbrT6bf/wDtA/zCs3fSPsqzrT6bd/8AtA/++arR/wBI+y7Wl6Zxr/zZQ9RD/cHnuqq3OOGbq26i/wDne9VFu4jXeqe2tHJvli5IsLrjLPyXmnxEH/vCIjgtC9Ku/wBLV5t8Qd56Y9yF1NA8WJnn/qRL+FI8z6g2qtOcBRrKdN2YfRF6m/7WPuFGtn/bm4XsXHKPjs5bLkz2ODGmmqB6BbNp1U8cn9QCxFP/ANipvsFs4d6KH7LBqIH0rw0/uwTKf6ggdRgOtrvZEp3bA4Qb2Ndtft3WWP8AuI7uqjimRAojm2xFZPrUfygXbDIWrt+1vjHpsst8QBijbjnIXbr9HhPLQ/8AlmeU9RD+dk9wqu1SGG5wPz+IBWnU58zDx5QqOJxbNG4chwP7roVM+VayP+oz2W+HXaqZ3bQFBjI/hb9+wUm4Ev6ahlPJjaoERP8AC379gurXLKPM6hf6hyxSBtwb7haGpd/vrPQrKWWU/Nj7LR1MhNTH9k5nPs4lgrrrG1laC0YzlZa/DEuStTdn/wC8sOOcLO9QtafNjdZb+jXQsmfE3mwFKp93AqqMvhT47FWcGxBXNTyzoShiOSa/zMOfRUla3DuFctOWquq2gg5ClnKBpeGVXB+6a8DGcJ7uVzAWRxyb4zAOPIwhOyDupEgHHqhSgDGFGnEJSyJhwpEMpBGCojl3fbdEpckaTLAuDgos7cHI7J8bzgBdlbqGFecgqOBkMgBCO/DgCAoJ/luBClxSZbnCsNrA16iO8r9RHfKlScoEo4VAotKGqEjdz7KRPEHNBCpaeYxuGFd0UviNwU6DyKsjiWSHI0sdjSkW7BTZ4mu3xwo2c7Y4VtYKiQ527cKHK3TjblWj489sqHURgYWeccs0QkQw97XA4U6CrLgAVEc3CE15LvslNeh9djreYlsXCQKFUsHYJ8UhwMpz/MkTidqq6N0NyKt8WCUSknNHUsma7GCiztAUScEkLJZwx1bxLKPWrJd2zUsdQ0+YAAle49CdQNrre2ne/U9oyMlfJ3TV5noqhsTn+R22CvYOmb6611UVbGSYnAagChfKPqX055PKjCPfs95OOccLK9TUBhkZcoBgtdurq1XimutIyop3Z2GUWsgZVQOge3ZwSWuT6BP71kzdRE26UAnZ9TRuq6jkcAYnbOYVYQl9przRSj+TIMN+6jV1KYKzxGHAdugMso5NPbaj5mnac7t2KsmyDRg42WWs1WWVTYDw9aJ3PKYnh5FzgprDPDPiv0uLVdf4jFHiOrzI89tbuV5mB53Ac5X1L1p05H1L09UUekeNG0yRE/1AL5kq6R9LUvikYWuYS1wPYjYro6eeT5357QwhNyj7I98o/m6COtj3ki8rvdZhzQ8gg4PqtxbXNkn+RkGWztLd/VZK5ULrZc5KeQYDX5HuMrq1zZ8212mSnuNlbahvUXTD7dKP99tzdTHE/wB430Cl0zR1L0i6ik/7fb8gE8nHBWWsFxda7tBWBx8MkNlHrGeVpqn/ANw9QsrIT/ulbg7cYK1Qng8jbWq5OEe1yj2r+zv1w682k9J10uqsoSdJcfMWcD/JewYK+OY7lP0J1dSdYW06WkhsgHDgV9gdPXSj6lslPe6LHg1I1N3zjbj91rhPceP8xpY1Wq6HUv8A19kqPuippGDhOTDkD0/Y7EJieoUZ+50jqSXxWjMbyTt2QI5AQr+thbPCYnd+6y7o5qOo8N48p4PYqBJ5JqYd+U5p1DKaoEYv4hdDUnVdteBEPGYCWkDfK+YrnTTWytkoKhmDGcAnuF9oOGRsvH/i98PILjSvu9tpw2qjBLmt/El4yeg8V5B0NUy6PAX77hRpW5O6mObpABQHhZrYo9fGW5EPBYQeyM05XJG4HPYoUD8Owsr44HD5WADGMqKQeMqbpy0nKjSsxjsgkschoCkkkqGg3Mx3QvPA/Ww4I91JXHxeIFT45C74fRprBefHjbDUP34BWibHtnK8xbLJRyh7D+S2vT13+fi8KR2XNG2U+ue7g5es0+z70WrmcKTRzCOQMdx6oY3C6Dg5WhPBym9xcNxjIIOUVV9LK1wAB/JTAfKVphLPAo7keqSAXEycow4TCzq5gLqShDhAwoxAzwpR4UbufuqZTGSQjsMqNLDnYtCsEwsaATjKzSgnwHGbT4MldenzM4zU4DTzhZ8mopJdIe5jm7L0OQAu9FV3CzU9bl+kBxXP1GlWMo6el10q3hsoqO9u2ZOAff1U8yiZucfmqCvt01DKW+bbhMp6+enONRI9CuRZSkem03lUkuS6k1AjSnMkO2VBjuBlx5h9kYSaiNsLK4Ncneo1UbUmWUbycEKbSyluB6qphedsKbC4jGFaeTqVy3osKiGKqi0PA9j6KrY2ooptGTj/ADU+N5wFypjDxv2RRmE688hqar1fXjKdU0kVY3B2VZgxO2U+iqScA8p6YLXpmbvFnfC4ujZxv9wqOWPbjdejTRsnZoe37FZa8Wh0LjJG3bkhMjPJyNb4/MXKBn4ZjA/SBjKs2PE7Qe6rJ4fMDjhPppy06ccJpwcOuW0mPc+F+pp/JbPovqN8E7Q9xJYR3/ZYtztTc4TaaskpZWywkgj91TRv0eqnprFKB9RWS9Ut1ja+N2MjBHoVZNfLbHBw3jcc7dl430V1Q6lLJtQ8+NXovYLbc6a6Uw3BDhx6FKksn1zxOv8A5dKw/uRoafTURteN8jKkNBAAys7R1ktvqhTk5Y47ArRNdqGUiccHqqrVYuA6SSSA1jkkklCCSSSUIJJJJQg1cIzsV1JQgEhDwVJQSBjKgl9EaRuNghSt22Ul4GcIRGUztCmkQnRkndQLlbqa5UzqWqYHNcNsjhW7mAqJUtxhXHhmW+iFsXGa7PF+qelKiy1DnxtLoXHYrLyxA7YXvlypYKyndT1LA5rh37Lyvqjpea2SumhYXQk527LVBs+Z+b8OqZOVXRiZWOY4Fqm0NYchjimvaHZyMqFO3wiHAfuuhVNo+ZeT0Nck5Glika8ZDgUfAPBWeoa52Qw5V1G8luSt8JbkeVnDZLaHyfVQ6qkZUxljx9j6KWDlcLcqgYvDyZ4/N2eQEkywO59laQzRzxiSJ2QUeRgIwQCFRVVNPRE1NE46c5cz0QPg0L7i6TSMd1EorjFUsAe4Nf3BU1GECOyCRlSExQhFLAcqLU0YwCFZeH7prmAD1QTimMhZtM7PSFp2aq6dh/p2C1U0LDnLVVz0od5sLLKCNNd7ZRmNwSOymyxBpxpx+aA5ukZWayJtjPciKTjslnPZFLBnlLQEgN2MEA1pLw0ZW06X+LF5sj2wXVnz1GNg0nDmD2PdZDQEF0eCN+VDXo/I36OadTPpCydU2TqOMSWuqD9skHZWi+Y6Osr7XIKigqnwvbuC1xwvS+k/jBFOGUPUELYpm4b4zRpY73J9UB9D8X9S16iXx2/kep4KaRlKlqaesgZPA8Pa4ZyCikY7o/yPVRuU+geMpugJx2SUaDGFvlxwFEnp45mlsrAQfVTkJ7MY3QSimC4p9marunM5lp+/ZUNZRTQeSaIkHvheisAOUGakhqGlksbXNPqEtxRlu0sJ9I8pqbXSzMLDE3f23VR8tV21zjSOIb6Hf9l6VcOkQ7MtFLh39JWdq7XUU7iyphIx+IBBswzn3aRw5ZUwX6BzPBu1K0xkYzjP5rlTYqarZ49pqgQd9BKdU21j8+UH8lGbBNRkOjeWn22TM4OfOmPTK2WGuoXls0btu6fHUxSjDxg+qt/4s1wEdbE17f6sbpr7NR1wMtHMGnnBVmOWmbf2kJj5YT4kEhH2Ktbf1QWfy61rsDYEKhqaStonFsjHafUIAkJ+rdMhdOD4ZnnDbwz0GmudLUN1RyAg+6IXkebkFefMlLd2OI/NWtH1TPSAMnb4jB69ltr1eeJsSzXNldsE4uZINMjAfuq+hvtvrwNDw13oSpxbndhBC2QsjPlASrTBG3uLtdLKY3DtnZFZcbpTjw5Gk47hIPdHwSCERtWHeWVuR6rVGfAhwwyXR3xj8MnGl3fKtIqyMgOY/Y+6zr46eU+XYpojqo/Kx5wmRllkNYK5jxh41fdRZrRbKp5lNMGudyW7ZVJDcZoSGzDIU6G6sedIcQnoGcUgTrDX00pfR1vk5DXdlEN0raaQxXGj1M41NGQrgVD3cOyPuuuJfs4B33CMU6txWx1lBUN1Mka32yneGyTGk7HuizWSgqX+J4IYTzp2yoRs12pZM0FTrZ/S7fCMVOEo+iR8mHNw79FCqbDSzA4YM/ZcF1qaeTw6+BzcbZCkw3Skmdpa8g+6hnmq7OJoz9f009uTENsfqqSezuiBbLFkfbhejHS8ZByFGlpGy8tBwiwjFfoYy5rPNfkXtJZFIR+fCPBeb1bQIvHe9g4zuQFr6yxU9QS5jRG/1aqisslZS74DwO+Few5mo0dtfLFTdbUzo9FxpcAba2jdXFHVWW5MDqK5gvd+CQhZKSjhc4iSLSTygS2fLdVI/wAN/YjZV90VlGL4q+pm8ltlXgmGMSj1HCrp6aF4MNVT6T6ObhZeG5dV2lhjirHOYDnJ3Kv6D4hOLBT3qyR1DSMGUcj8sJfy88lSoj3Ag1nTdDKC6DS0nhVcvS1RG7VHKAtjBX9H3QZjmmopHcCTZv5Jz7FWbyW6ZlVGN9j2RKMbfRS3w9nn7qe+0cumKaQY7hx3VhR9Z3+glDZ3BzRsdQ5V/WU1TA3NXROa09wMqrqKWmmBBZnKt6f9AysjLiUUydB1/BKQytpAWn0VnS3CxXB38qpDHO/CeyyklHCGhojbgeyiOpoGPyJDGT2CW6px/uCtPGf48G/dbvE3gcHfnyo8tBIzAljOD7LFiruVKQ6nrpB6DJUyk6s6hpXB0umZvGHjOyW1gW9NL+lmilp4I+SWFANP4mC3dRm9eUxwKy35P+BoKsqW49P3BomjqRETy0nGChURUoTq/JEb5CfBLW5QDDUMO8Wyvo6WOdpFHWB+O2V11uqmjJQNAK7HZn8Hg8pgaccq8fRx588Yyok9K0AaWhqDbktTKwkjkJAggnHCkmn1ZOMYQnRaVewYuQDmnOw2XC12N+EbG+4SLQRhD/kMiFu64WAoxjOeMpaP8P7qpxUglJojeGN9go7qCB+7hnCn6fdM0+6W6kNVzKyW10x/DhRnWSE/ThXYaFwNA7JTqjJ4YaumZ91iOSQ1RzZ5meZucj3Wn1ZyMJunfOVUqILoYtRIzBhuLNm5wEzxrg3dzXFaogYOyDpa52ktGPsh+BvotXr2Z9tfUjZ2UYV7tsq6Nvp5ACWAKNJaad/shdNnoONlb7RAFd7gp/zv2RzYWu/uxlCdY6gDYj9EOy2PoNfC+jgrQfwn9UvnB6FAkt9VEcbFDdTzxjU5uQlOU4/kV8afRYsqmkatZRBXMHJyqfxsHGOUvFI3wp8hbqwXfzkI7fukK2HOyovmD6LonJO4V/Ixfxo0HzNOR9SQqKf+pUzZXAbFd8V3qq+RFfEXXjQH8QXRND2IVR47l1sxJwQrUinUy1zD3eu5g/rVZ4uwI2S8U+pR4J8bLH+WeMfou6G+yrxUOGyIJXnurwE8omaB6Bd0D0H6KD8y9O+Yf6qYKk2iToHoFzQP6QhfMP8AVL5h/qpgDcwvht/pH6JaB/SEL5l6XzL1MIm5htI7MH6IWBnOgJrqt+OAhfME74QSaiRNskhzTtpA/JcLW4yMKL45J4XdZxkIRqTClu+wXMeyAZ5wcBwwufMVH9YVYLwyRo9kJ0ZPdD8Wfs/9kMmtOxbkJeMMm157C50nd35JFzTwVHMVSdy0pGCcjhWMSyuQjtP9QXNvVCNNOTwVx1NLjcEBRsm3AQub7fqua2DnH6oPgOzuV3wT6/ul/J6DSHCUHsmmfBwGpeH+Sa9uMbqFjjPx5U18hxxyh+IM7jhNfVwDl/CGUsFpZ6HZcTsu5d3P7KM64wYIB37KO6vnds1wwgUshqt+yfkppewcuAVeZpzuZOUIveeXFFvGbSwfVQs/FkoEtZxpUZwB7JYQOTfQSigj62obwgGeaUYc7ZH8uD5UAYycDCrDwHFIWn3XNK7q9lwux2QcthoWgLun3TDLg4wuh+ocIg9iO4Hqlj3QiCSMFHgorhUDEFI+TPGN0UY7uim0uxuB6runPBWhtPw26xvBaYbLVjPfw/8A1WztP9nLriu0mogdE13p/wDNToaayXSMd+v0tH5zR5WX6SBjlOYXvHlYSV9E2T+yhUkNqLhUyb9iMf6re2X+zXY6HQ58QmI51lPjppR/I5Go+otJVxDk+Qqe2XKqyIaOR/byjK09j+EXV98wGUXhh2/8zbK+2bJ8JOm7e2MspGtLewWmp+m7BbhmaCNo/wCVaa6YPs5N31TLqlYPkDp/+zBfbgW/OSaM/wBK9d6Z/ssWikiZLNT+K4f1P/8ARe3Pv1it4bHG9jQOAAoVR1tpdooIiccEnYpnxxzhHE1XmtXqu5YX9iJ0v8G+l7BG0uo2AkeYALZRRWC1RNZFGxgZsMDCx03UHUNVvGA0KI6juFW/xKiqOXb4JRKrJzJW2Wfm8m4n6ttVL5WSfoVWVXWkcu0LiVQw2bOPEIf+anxWimwDpH6I/h2gDJeoK6pdiJpP5rsZuVSfM8jKmQ0cERy1g/RTQwNwR/kjjDBOyvbQ1DsOec4UplHpaCQMqUwYGEyd2MBMSwBgjhoZ5RslqHokTyUB0uAdlAw7pMIYOeVEluEUB/mnCqK7q+GB5ZRRCdw5ChEaM8ZwVV3C9Wq3ML6qtjYR+EndZqpr+qLm5zTIKSnd+EHEgQYLDbIXiorZHzzd3TO1D90SWRygTpuvJJyP4PapZ28ans2Ve6g6kub/AJi5XONkbx/c0vkH6b4Q5uq7VRym32iB9xq2/wDApBnKCbb1n1FpdcJ47PRu5p4xqmI93DGn91YxQwuyYR09YWeIGsmqj+Fg1vz90WmkvN6pz8vi3xO7TnDv0Trd03brUwNia6V4/HKdTv1Vlj13REfCI1PYbTTvEtUX1cwHLzlufZTH1lQ5ghpIg1o9Am7d+F3xGD+4dlygiUsg209W92udx+ycIaGDDpNiEiax/wBbw0JhhbnVJ5ihACtr6aLaNufyTH1FRLtE06UwlkewYEM1UnEZ0ogwrmOdvKQFHf4Ee45TXyyyHL3oXiMjIMjlBi5HGV7T/L2C6XPc3JB+6pLv1lY7WCyeXEjfwhUMN+6z6ocYrNSOpqQcTSjA/JQPZ+3g2VXcqOgjL6qYNJ4GV2CskrBrhizHyHeqq7N0XBB/vV3mkrKk9pHEsB+y0OiOnjEcTA1voFAZTiugbc53G6N5Q3OMn7oJ3SyfVQpcjjJvjCbgndJLxB6KFhNPulp90PxPZLxPZGAE0d88Lhm204KFk+pXFCHdRzlcySmJKBnclLJXElSRSQkk1JWFgSSSSgQlzU3jITDwVGzg5UKbwTCQO6YJM/hKpai/07ZjS0sclRUN/wCEzdysLb0d1X1DKXVr5LdSuH0nyyBU3gpywBuHUFrtsRdUz4lbyz0TqWh6t6ka1trtZoIn/wDxVSMj8ht/mtzY/h/YrEGyiH5ioH/Fm8zlp9IDQ1uBj0CXKfoU7WujB2j4SWSllZWXyR90qHDzmU+XPsOy3MVLDTQMp4GlsbNmt9ETT2C6kOTYDsk+z//Z&quot;);\">\u003Cdiv data-v-5bce1a4c=\"\" class=\"view_desktop\">\u003Cdiv data-v-278ca9f1=\"\" data-v-5bce1a4c=\"\" class=\"container-list backdrop_out animate__duration__0_3s\" style=\"width: 692px;\">\u003Cdiv data-v-278ca9f1=\"\" data-position=\"navigate\" class=\"container backdrop_in\">\u003Cdiv data-v-278ca9f1=\"\" class=\"app-item\">\u003Cdiv data-v-278ca9f1=\"\" class=\"item-box\" data-type=\"navigate_system_app\" data-position=\"navigate\" data-id=\"startup\" data-path=\"\">\u003Cdiv data-v-278ca9f1=\"\" class=\"active close\">\u003C/div>\u003Cdiv data-v-278ca9f1=\"\" id=\"v-step-startup\" class=\"el-tooltip item\" aria-describedby=\"el-tooltip-9447\" tabindex=\"0\">\u003Cimg data-v-278ca9f1=\"\" src=\"/static/images/desktop/TNAS_logo.svg?v=7.0\">\u003C!---->\u003C!---->\u003C/div>\u003C/div>\u003C/div>\u003Cdiv data-v-278ca9f1=\"\" class=\"app-item draggable\">\u003Cdiv data-v-278ca9f1=\"\" class=\"item-box\" data-type=\"navigate_system_app\" data-position=\"navigate\" data-id=\"allApp\" data-path=\"/allApp\">\u003Cdiv data-v-278ca9f1=\"\" class=\"active close\">\u003C/div>\u003Cdiv data-v-278ca9f1=\"\" id=\"v-step-allApp\" class=\"el-tooltip item\" aria-describedby=\"el-tooltip-7282\" tabindex=\"0\">\u003Cimg data-v-278ca9f1=\"\" src=\"/static/images/desktop/all_app.svg?v=7.0\">\u003C!---->\u003C!---->\u003C/div>\u003C/div>\u003C/div>\u003Cdiv data-v-278ca9f1=\"\" class=\"app-item draggable\">\u003Cdiv data-v-278ca9f1=\"\" class=\"item-box\" data-type=\"navigate_system_app\" data-position=\"navigate\" data-id=\"filemanage\" data-path=\"/fileManage/index/\">\u003Cdiv data-v-278ca9f1=\"\" class=\"active close\">\u003C/div>\u003Cdiv data-v-278ca9f1=\"\" id=\"v-step-filemanage\" class=\"el-tooltip item\" aria-describedby=\"el-tooltip-4342\" tabindex=\"0\">\u003Cimg data-v-278ca9f1=\"\" src=\"/static/images/desktop/folder.svg?v=7.0\">\u003C!---->\u003C!---->\u003C/div>\u003C/div>\u003C/div>\u003Cdiv data-v-278ca9f1=\"\" class=\"app-item draggable\">\u003Cdiv data-v-278ca9f1=\"\" class=\"item-box\" data-type=\"navigate_system_app\" data-position=\"navigate\" data-id=\"Backup\" data-path=\"/Backup\">\u003Cdiv data-v-278ca9f1=\"\" class=\"active close\">\u003C/div>\u003Cdiv data-v-278ca9f1=\"\" id=\"v-step-Backup\" class=\"el-tooltip item\" aria-describedby=\"el-tooltip-5282\" tabindex=\"0\">\u003Cimg data-v-278ca9f1=\"\" src=\"/static/images/desktop/Backup.svg?v=7.0\">\u003C!---->\u003C!---->\u003C/div>\u003C/div>\u003C/div>\u003Cdiv data-v-278ca9f1=\"\" class=\"app-item draggable\">\u003Cdiv data-v-278ca9f1=\"\" class=\"item-box\" data-type=\"navigate_system_app\" data-position=\"navigate\" data-id=\"Control\" data-path=\"/Control\">\u003Cdiv data-v-278ca9f1=\"\" class=\"active close\">\u003C/div>\u003Cdiv data-v-278ca9f1=\"\" id=\"v-step-Control\" class=\"el-tooltip item\" aria-describedby=\"el-tooltip-5947\" tabindex=\"0\">\u003Cimg data-v-278ca9f1=\"\" src=\"/static/images/desktop/Control_panel.svg?v=7.0\">\u003C!---->\u003C!---->\u003C/div>\u003C/div>\u003C/div>\u003Cdiv data-v-278ca9f1=\"\" class=\"app-item draggable\">\u003Cdiv data-v-278ca9f1=\"\" class=\"item-box\" data-type=\"navigate_system_app\" data-position=\"navigate\" data-id=\"StorageManager\" data-path=\"/StorageManager/\">\u003Cdiv data-v-278ca9f1=\"\" class=\"active close\">\u003C/div>\u003Cdiv data-v-278ca9f1=\"\" id=\"v-step-StorageManager\" class=\"el-tooltip item\" aria-describedby=\"el-tooltip-2880\" tabindex=\"0\">\u003Cimg data-v-278ca9f1=\"\" src=\"/static/images/storage_manager/Storage.svg?v=7.0\">\u003C!---->\u003C!---->\u003C/div>\u003C/div>\u003C/div>\u003Cdiv data-v-278ca9f1=\"\" class=\"app-item draggable\">\u003Cdiv data-v-278ca9f1=\"\" class=\"item-box\" data-type=\"navigate_system_app\" data-position=\"navigate\" data-id=\"Market\" data-path=\"/app/index/\">\u003Cdiv data-v-278ca9f1=\"\" class=\"active close\">\u003C/div>\u003Cdiv data-v-278ca9f1=\"\" id=\"v-step-Market\" class=\"el-tooltip item\" aria-describedby=\"el-tooltip-2791\" tabindex=\"0\">\u003Cimg data-v-278ca9f1=\"\" src=\"/static/images/desktop/app_store.svg?v=7.0\">\u003C!---->\u003Cspan data-v-278ca9f1=\"\" class=\"navigate__content warning\">1\u003C/span>\u003C/div>\u003C/div>\u003C/div>\u003Cdiv data-v-278ca9f1=\"\" class=\"app-item draggable\">\u003Cdiv data-v-278ca9f1=\"\" class=\"item-box\" data-type=\"terminal\" data-position=\"navigate\" data-id=\"terminal\" data-path=\"/terminal\">\u003Cdiv data-v-278ca9f1=\"\" class=\"active close\">\u003C/div>\u003Cdiv data-v-278ca9f1=\"\" id=\"v-step-terminal\" class=\"el-tooltip item\" aria-describedby=\"el-tooltip-1201\" tabindex=\"0\">\u003Cimg data-v-278ca9f1=\"\" src=\"/static/images/desktop/Terminal.svg?v=7.0\">\u003C!---->\u003C!---->\u003C/div>\u003C/div>\u003C/div>\u003Cdiv data-v-278ca9f1=\"\" class=\"app-item draggable\">\u003Cdiv data-v-278ca9f1=\"\" class=\"item-box\" data-type=\"navigate_system_app\" data-position=\"navigate\" data-id=\"security_scanning\" data-path=\"/security_scanning\">\u003Cdiv data-v-278ca9f1=\"\" class=\"active close\">\u003C/div>\u003Cdiv data-v-278ca9f1=\"\" id=\"v-step-security_scanning\" class=\"el-tooltip item\" aria-describedby=\"el-tooltip-9129\" tabindex=\"0\">\u003Cimg data-v-278ca9f1=\"\" src=\"/static/images/desktop/Safety_Guidance.svg?v=7.0\">\u003C!---->\u003C!---->\u003C/div>\u003C/div>\u003C/div>\u003Cdiv data-v-278ca9f1=\"\" class=\"app-item draggable\">\u003Cdiv data-v-278ca9f1=\"\" class=\"item-box\" data-type=\"navigate_app\" data-position=\"navigate\" data-id=\"docker\" data-path=\"/docker/\">\u003Cdiv data-v-278ca9f1=\"\" class=\"active close\">\u003C/div>\u003Cdiv data-v-278ca9f1=\"\" id=\"v-step-docker\" class=\"el-tooltip item\" aria-describedby=\"el-tooltip-4060\" tabindex=\"0\">\u003Cimg data-v-278ca9f1=\"\" src=\"/static/images/desktop/docker.svg?v=7.0\">\u003C!---->\u003C!---->\u003C/div>\u003C/div>\u003C/div>\u003Cdiv data-v-278ca9f1=\"\" class=\"app-item draggable\">\u003Cdiv data-v-278ca9f1=\"\" class=\"item-box\" data-type=\"navigate_system_app\" data-position=\"navigate\" data-id=\"Dgconsole\" data-path=\"/Dgconsole\">\u003Cdiv data-v-278ca9f1=\"\" class=\"active close\">\u003C/div>\u003Cdiv data-v-278ca9f1=\"\" id=\"v-step-Dgconsole\" class=\"el-tooltip item\" aria-describedby=\"el-tooltip-8286\" tabindex=\"0\">\u003Cimg data-v-278ca9f1=\"\" src=\"/static/images/desktop/tech_support.svg?v=7.0\">\u003C!---->\u003C!---->\u003C/div>\u003C/div>\u003C/div>\u003Cdiv data-v-278ca9f1=\"\" class=\"app-item draggable\">\u003Cdiv data-v-278ca9f1=\"\" class=\"item-box\" data-type=\"navigate_app\" data-position=\"navigate\" data-id=\"jellyfin\" data-path=\"/jellyfin/\">\u003Cdiv data-v-278ca9f1=\"\" class=\"active close\">\u003C/div>\u003Cdiv data-v-278ca9f1=\"\" id=\"v-step-jellyfin\" class=\"el-tooltip item\" aria-describedby=\"el-tooltip-9929\" tabindex=\"0\">\u003Cimg data-v-278ca9f1=\"\" src=\"/static/images/desktop/jellyfin.svg?v=7.0\">\u003C!---->\u003C!---->\u003C/div>\u003C/div>\u003C/div>\u003Cdiv data-v-278ca9f1=\"\" class=\"app-item draggable\">\u003Cdiv data-v-278ca9f1=\"\" class=\"item-box\" data-type=\"navigate_app\" data-position=\"navigate\" data-id=\"openclaw\" data-path=\"/openclaw/\">\u003Cdiv data-v-278ca9f1=\"\" class=\"active close\">\u003C/div>\u003Cdiv data-v-278ca9f1=\"\" id=\"v-step-openclaw\" class=\"el-tooltip item\" aria-describedby=\"el-tooltip-7838\" tabindex=\"0\">\u003Cimg data-v-278ca9f1=\"\" src=\"https://app.terra-master.com/images/tos7/x86_64/openclaw/0.0.109/openclaw.svg?v=7.0\">\u003Cdiv data-v-278ca9f1=\"\" class=\"beta\"> Beta \u003C/div>\u003C!---->\u003C/div>\u003C/div>\u003C/div>\u003C/div>\u003C/div>\u003Cdiv data-v-5bce1a4c=\"\" class=\"tos-main-apps\" data-type=\"desktop\" data-position=\"desktop\">\u003Cdiv data-v-5bce1a4c=\"\" element-loading-custom-class=\"desktopMask\" class=\"desktop_icons\" data-type=\"desktop\" data-position=\"desktop\" style=\"user-select: none;\">\u003Cdiv data-v-5bce1a4c=\"\" title=\"文件管理\" dragselecttype=\"filemanage.oexe\" dragselectid=\"oexe\" class=\"tos-app draggable\" data-id=\"filemanage\" data-type=\"desktop_sys_app\" data-volumepath=\"\" data-path=\"/fileManage/index/\" data-name=\"filemanage.oexe\" data-drag=\"/fileManage/index/?oexe\" data-icon=\"/static/images/desktop/folder.svg\" data-label=\"file_manager,file_manager\" data-position=\"desktop\" data-f_type=\"oexe\">\u003Cdiv data-v-5bce1a4c=\"\" class=\"tos-icon\">\u003Cimg data-v-5bce1a4c=\"\" src=\"/static/images/desktop/folder.svg\">\u003C!---->\u003C!---->\u003C/div>\u003Cdiv data-v-5bce1a4c=\"\" class=\"tos-title\">文件管理\u003C/div>\u003C!---->\u003Ci data-v-5bce1a4c=\"\">\u003C/i>\u003C/div>\u003Cdiv data-v-5bce1a4c=\"\" title=\"OpenClaw\" dragselecttype=\"openclaw.oexe\" dragselectid=\"iframe\" class=\"tos-app draggable\" data-id=\"openclaw\" data-type=\"desktop_sys_app\" data-volumepath=\"\" data-path=\"/openclaw/\" data-name=\"openclaw.oexe\" data-drag=\"/openclaw/?iframe\" data-icon=\"https://app.terra-master.com/images/tos7/x86_64/openclaw/0.0.109/openclaw.svg\" data-label=\"OpenClaw\" data-position=\"desktop\" data-f_type=\"oexe\">\u003Cdiv data-v-5bce1a4c=\"\" class=\"tos-icon\">\u003Cimg data-v-5bce1a4c=\"\" src=\"https://app.terra-master.com/images/tos7/x86_64/openclaw/0.0.109/openclaw.svg\">\u003Cdiv data-v-5bce1a4c=\"\" class=\"beta\"> Beta \u003C/div>\u003C!---->\u003C/div>\u003Cdiv data-v-5bce1a4c=\"\" class=\"tos-title\">OpenClaw\u003C/div>\u003C!---->\u003Ci data-v-5bce1a4c=\"\">\u003C/i>\u003C/div>\u003Cdiv data-v-5bce1a4c=\"\" title=\"安全顾问\" dragselecttype=\"security_scanning.oexe\" dragselectid=\"oexe\" class=\"tos-app draggable\" data-id=\"security_scanning\" data-type=\"desktop_sys_app\" data-volumepath=\"\" data-path=\"/security_scanning\" data-name=\"security_scanning.oexe\" data-drag=\"/security_scanning?oexe\" data-icon=\"/static/images/desktop/Safety_Guidance.svg\" data-label=\"file_manager,security_guidance\" data-position=\"desktop\" data-f_type=\"oexe\">\u003Cdiv data-v-5bce1a4c=\"\" class=\"tos-icon\">\u003Cimg data-v-5bce1a4c=\"\" src=\"/static/images/desktop/Safety_Guidance.svg\">\u003C!---->\u003C!---->\u003C/div>\u003Cdiv data-v-5bce1a4c=\"\" class=\"tos-title\">安全顾问\u003C/div>\u003C!---->\u003Ci data-v-5bce1a4c=\"\">\u003C/i>\u003C/div>\u003Cdiv data-v-5bce1a4c=\"\" title=\"终端\" dragselecttype=\"terminal.oexe\" dragselectid=\"oexe\" class=\"tos-app draggable\" data-id=\"terminal\" data-type=\"terminal\" data-volumepath=\"\" data-path=\"/terminal\" data-name=\"terminal.oexe\" data-drag=\"/terminal?oexe\" data-icon=\"/static/images/desktop/Terminal.svg\" data-label=\"app_store,terminal\" data-position=\"desktop\" data-f_type=\"oexe\">\u003Cdiv data-v-5bce1a4c=\"\" class=\"tos-icon\">\u003Cimg data-v-5bce1a4c=\"\" src=\"/static/images/desktop/Terminal.svg\">\u003C!---->\u003C!---->\u003C/div>\u003Cdiv data-v-5bce1a4c=\"\" class=\"tos-title\">终端\u003C/div>\u003C!---->\u003Ci data-v-5bce1a4c=\"\">\u003C/i>\u003C/div>\u003Cdiv data-v-5bce1a4c=\"\" title=\"TOS API/CLI/Skill 测试工具\" dragselecttype=\"tos_api_cli_tester.oexe\" dragselectid=\"oexe\" class=\"tos-app draggable\" data-id=\"tos_api_cli_tester\" data-type=\"desktop_app\" data-volumepath=\"\" data-path=\"/tos_api_cli_tester/\" data-name=\"tos_api_cli_tester.oexe\" data-drag=\"/tos_api_cli_tester/?oexe\" data-icon=\"/images/icons/tos_api_cli_tester.svg?modificationTime=1779634346\" data-label=\"TOS API/CLI/Skill 测试工具\" data-position=\"desktop\" data-f_type=\"oexe\">\u003Cdiv data-v-5bce1a4c=\"\" class=\"tos-icon\">\u003Cimg data-v-5bce1a4c=\"\" src=\"/images/icons/tos_api_cli_tester.svg?modificationTime=1779634346\">\u003C!---->\u003C!---->\u003C/div>\u003Cdiv data-v-5bce1a4c=\"\" class=\"tos-title\">TOS API/CLI/Skill 测试工具\u003C/div>\u003C!---->\u003Ci data-v-5bce1a4c=\"\">\u003C/i>\u003C/div>\u003Cdiv data-v-5bce1a4c=\"\" title=\"Docker Manager\" dragselecttype=\"docker.oexe\" dragselectid=\"oexe\" class=\"tos-app draggable\" data-id=\"docker\" data-type=\"desktop_sys_app\" data-volumepath=\"\" data-path=\"/docker/\" data-name=\"docker.oexe\" data-drag=\"/docker/?oexe\" data-icon=\"/static/images/desktop/docker.svg\" data-label=\"Docker Manager\" data-position=\"desktop\" data-f_type=\"oexe\">\u003Cdiv data-v-5bce1a4c=\"\" class=\"tos-icon\">\u003Cimg data-v-5bce1a4c=\"\" src=\"/static/images/desktop/docker.svg\">\u003C!---->\u003C!---->\u003C/div>\u003Cdiv data-v-5bce1a4c=\"\" class=\"tos-title\">Docker Manager\u003C/div>\u003C!---->\u003Ci data-v-5bce1a4c=\"\">\u003C/i>\u003C/div>\u003Cdiv data-v-5bce1a4c=\"\" class=\"adnanced\">\u003Cdiv data-v-5bce1a4c=\"\" class=\"backdrop\">\u003C!---->\u003C/div>\u003Cdiv data-v-5bce1a4c=\"\" class=\"backdrop\">\u003C!---->\u003C/div>\u003C/div>\u003Cdiv data-v-29022a20=\"\" data-v-e92f5592=\"\" data-v-5bce1a4c=\"\" class=\"popup-wrap popup-fitheight-wrap client-recommend-popup\">\u003C!---->\u003Cdiv data-v-29022a20=\"\" class=\"popup-mark\" style=\"display: none;\">\u003C/div>\u003C/div>\u003C!---->\u003C!---->\u003C!---->\u003C!---->\u003C!---->\u003C!---->\u003C!---->\u003C!---->\u003C!---->\u003C!---->\u003C!---->\u003C!---->\u003C!---->\u003C!---->\u003C!---->\u003C!---->\u003Cdiv data-v-2dc12ca0=\"\" data-v-5bce1a4c=\"\" class=\"x-dialog-user_setting\">\u003C!---->\u003C!---->\u003Cdiv data-v-2dc12ca0=\"\" class=\"tos-dialog\" style=\"width: 1180px; height: 680px; top: 22px; left: 145px; z-index: 5000;\">\u003Cdiv data-v-4e0a48fd=\"\" data-v-2dc12ca0=\"\" class=\"tos-dialog-header-wrapper\">\u003Cdiv data-v-4e0a48fd=\"\" class=\"tos-dialog-header\">\u003Cdiv data-v-4e0a48fd=\"\" class=\"tos-dialog-header-icon\" style=\"background-image: url(&quot;/static/images/global/Settings.svg&quot;);\">\u003C/div>\u003Cdiv data-v-4e0a48fd=\"\" class=\"tos-dialog-header-title\">\u003Cspan data-v-4e0a48fd=\"\">用户设置\u003C/span>\u003C/div>\u003C/div>\u003C/div>\u003Cdiv data-v-3936db59=\"\" data-v-2dc12ca0=\"\" class=\"tos-dialog-menu\">\u003Cdiv data-v-3936db59=\"\" class=\"tos-dialog-move\">\u003C/div>\u003C!---->\u003C!---->\u003Cdiv data-v-3936db59=\"\" title=\"关闭\" class=\"tos-button-close\">\u003Ci data-v-3936db59=\"\" class=\"iconfont iconReject\">\u003C/i>\u003C/div>\u003C/div>\u003Cdiv data-v-2dc12ca0=\"\" class=\"tos-dialog-resize-top\">\u003C/div>\u003Cdiv data-v-2dc12ca0=\"\" class=\"tos-dialog-resize-right\">\u003C/div>\u003Cdiv data-v-2dc12ca0=\"\" class=\"tos-dialog-resize-bottom\">\u003C/div>\u003Cdiv data-v-2dc12ca0=\"\" class=\"tos-dialog-resize-left\">\u003C/div>\u003Cdiv data-v-2dc12ca0=\"\" class=\"tos-dialog-resize-top-right\">\u003C/div>\u003Cdiv data-v-2dc12ca0=\"\" class=\"tos-dialog-resize-bottom-right\">\u003Ci data-v-2dc12ca0=\"\" class=\"iconfont iconresize_corner\">\u003C/i>\u003C/div>\u003Cdiv data-v-2dc12ca0=\"\" class=\"tos-dialog-resize-top-left\">\u003C/div>\u003Cdiv data-v-2dc12ca0=\"\" class=\"tos-dialog-resize-bottom-left\">\u003C/div>\u003C!---->\u003Cdiv data-v-2dc12ca0=\"\" class=\"tos-dialog-wrap\" style=\"height: 680px; flex: unset;\">\u003C!---->\u003C!---->\u003C!---->\u003C!---->\u003Cdiv data-v-67f4a501=\"\" data-v-2dc12ca0=\"\" class=\"tos-dialog-left\" type=\"user_setting\" main-id=\"user_setting\" style=\"width: 220px;\" event-emitter=\"function () { [native code] }\" watcherchange=\"true\">\u003Cdiv data-v-67f4a501=\"\" class=\"tos-dialog-left-resize\">\u003C/div>\u003Cdiv data-v-67f4a501=\"\" class=\"tos-dialog-content\">\u003Cdiv data-v-71072b9c=\"\" data-v-67f4a501=\"\" type=\"user_setting\" main-id=\"user_setting\" event-emitter=\"function () { [native code] }\" watcherchange=\"true\">\u003C!---->\u003Cdiv data-v-71072b9c=\"\" class=\"tab\" style=\"top: 0px;\">\u003Cdiv data-v-71072b9c=\"\" class=\"el-scrollbar\">\u003Cdiv class=\"el-scrollbar__wrap\" style=\"margin-bottom: -8px; margin-right: -8px;\">\u003Cdiv class=\"el-scrollbar__view\">\u003Cdiv data-v-71072b9c=\"\" class=\"activetag\" style=\"top: 5px;\">\u003C/div>\u003Cul data-v-71072b9c=\"\">\u003Cli data-v-71072b9c=\"\" data-id=\"setting_user\" class=\"tab-list\">\u003Cspan data-v-71072b9c=\"\" class=\"tab-list-iconfont\">\u003Ci data-v-71072b9c=\"\" class=\"iconfont iconuesr_set_account\">\u003C/i>\u003C/span>\u003Cspan data-v-71072b9c=\"\" title=\"账号\" class=\"tab-list-title\">账号\u003C/span>\u003C!---->\u003C/li>\u003Cli data-v-71072b9c=\"\" data-id=\"wall\" class=\"tab-list\">\u003Cspan data-v-71072b9c=\"\" class=\"tab-list-iconfont\">\u003Ci data-v-71072b9c=\"\" class=\"iconfont iconuesr_set_display\">\u003C/i>\u003C/span>\u003Cspan data-v-71072b9c=\"\" title=\"显示\" class=\"tab-list-title\">显示\u003C/span>\u003C!---->\u003C/li>\u003C/ul>\u003C/div>\u003C/div>\u003Cdiv class=\"el-scrollbar__bar is-horizontal\">\u003Cdiv class=\"el-scrollbar__thumb\" style=\"transform: translateX(0%);\">\u003C/div>\u003C/div>\u003Cdiv class=\"el-scrollbar__bar is-vertical\">\u003Cdiv class=\"el-scrollbar__thumb\" style=\"transform: translateY(0%);\">\u003C/div>\u003C/div>\u003C/div>\u003C/div>\u003C/div>\u003C/div>\u003C/div>\u003Cdiv data-v-2dc12ca0=\"\" class=\"tos-dialog-frame user_setting\">\u003Cdiv data-v-2dc12ca0=\"\" class=\"tos-dialog-content\">\u003Cdiv data-v-532628a3=\"\" data-v-2dc12ca0=\"\" class=\"tos-tabIndex-layout\" type=\"user_setting\" path=\"\" dialogstyle=\"[object Object]\" open-id=\"user_setting\" title-name=\"账号\" detail=\"[object Object]\">\u003Cdiv data-v-532628a3=\"\" class=\"tos-tabIndex-body\">\u003Cdiv data-v-5b7c7069=\"\" data-v-532628a3=\"\" class=\"tos-tab-layout\" type=\"user_setting\" path=\"\" dialogstyle=\"[object Object]\" open-id=\"user_setting\" title-name=\"账号\" detail=\"[object Object]\">\u003Cdiv data-v-12fd7ed6=\"\" data-v-5b7c7069=\"\" class=\"tab-slider\">\u003Cdiv data-v-12fd7ed6=\"\" class=\"tab-slider-item\" style=\"padding-left: 0px;\"> 用户信息 \u003C/div>\u003Cdiv data-v-12fd7ed6=\"\" class=\"tab-slider-item\"> 账号安全 \u003C/div>\u003Cdiv data-v-12fd7ed6=\"\" class=\"tab-slider-item\" style=\"color: var(--compoents-tabSlider-color);\"> 其它 \u003C/div>\u003Cspan data-v-12fd7ed6=\"\" class=\"tab-slider-bar\" style=\"left: 158px; width: 32px;\">\u003C/span>\u003C/div>\u003Cdiv data-v-5b7c7069=\"\" class=\"tos-tab-body\">\u003Cdiv data-v-8439b99c=\"\" data-v-5b7c7069=\"\" class=\"tab-container\">\u003Cdiv data-v-299495c9=\"\" data-v-8439b99c=\"\" class=\"tos-scrollable\">\u003Cdiv data-v-299495c9=\"\" class=\"el-scrollbar\">\u003Cdiv class=\"el-scrollbar__wrap\" style=\"margin-bottom: -8px; margin-right: -8px;\">\u003Cdiv class=\"el-scrollbar__view\">\u003Cdiv data-v-299495c9=\"\" class=\"scroller-body\">\u003Cdiv data-v-55c67e82=\"\" data-v-8439b99c=\"\" class=\"x-checkbox-line checkbox-line\">\u003Cdiv data-v-55c67e82=\"\" class=\"checkbox-line-left\">\u003Cdiv data-v-046dd9b2=\"\" data-v-55c67e82=\"\" class=\"el-tooltip checkbox\" aria-describedby=\"el-tooltip-5945\" tabindex=\"0\">\u003Cinput data-v-046dd9b2=\"\" id=\"4cf446e9-b352-4382-addf-a9192d218deb\" type=\"checkbox\" class=\"input_check\" value=\"\">\u003C/div>\u003C/div>\u003Cdiv data-v-55c67e82=\"\" class=\"checkbox-line-right\">\u003Cspan data-v-55c67e82=\"\" class=\"userselect-text\" style=\"width: inherit;\">\u003Clabel data-v-55c67e82=\"\" for=\"4cf446e9-b352-4382-addf-a9192d218deb\" style=\"cursor: pointer;\">不要在登出 TOS 时提示确认信息\u003C/label>\u003C!---->\u003C/span>\u003C/div>\u003C/div>\u003Cdiv data-v-55c67e82=\"\" data-v-8439b99c=\"\" class=\"x-checkbox-line checkbox-line\">\u003Cdiv data-v-55c67e82=\"\" class=\"checkbox-line-left\">\u003Cdiv data-v-046dd9b2=\"\" data-v-55c67e82=\"\" class=\"el-tooltip checkbox\" aria-describedby=\"el-tooltip-3126\" tabindex=\"0\">\u003Cinput data-v-046dd9b2=\"\" id=\"58c64c54-0439-4265-9e5d-6d3b8dd8d1b4\" type=\"checkbox\" class=\"input_check\" value=\"\">\u003C/div>\u003C/div>\u003Cdiv data-v-55c67e82=\"\" class=\"checkbox-line-right\">\u003Cspan data-v-55c67e82=\"\" class=\"userselect-text\" style=\"width: inherit;\">\u003Clabel data-v-55c67e82=\"\" for=\"58c64c54-0439-4265-9e5d-6d3b8dd8d1b4\" style=\"cursor: pointer;\">不要在重新启动 TOS 时提示确认信息\u003C/label>\u003C!---->\u003C/span>\u003C/div>\u003C/div>\u003Cdiv data-v-55c67e82=\"\" data-v-8439b99c=\"\" class=\"x-checkbox-line checkbox-line\">\u003Cdiv data-v-55c67e82=\"\" class=\"checkbox-line-left\">\u003Cdiv data-v-046dd9b2=\"\" data-v-55c67e82=\"\" class=\"el-tooltip checkbox\" aria-describedby=\"el-tooltip-3607\" tabindex=\"0\">\u003Cinput data-v-046dd9b2=\"\" id=\"72fffb56-c737-4447-8931-5bb75f01ad11\" type=\"checkbox\" class=\"input_check\" value=\"\">\u003C/div>\u003C/div>\u003Cdiv data-v-55c67e82=\"\" class=\"checkbox-line-right\">\u003Cspan data-v-55c67e82=\"\" class=\"userselect-text\" style=\"width: inherit;\">\u003Clabel data-v-55c67e82=\"\" for=\"72fffb56-c737-4447-8931-5bb75f01ad11\" style=\"cursor: pointer;\">不要在关机时提示确认信息\u003C/label>\u003C!---->\u003C/span>\u003C/div>\u003C/div>\u003C/div>\u003C/div>\u003C/div>\u003Cdiv class=\"el-scrollbar__bar is-horizontal\">\u003Cdiv class=\"el-scrollbar__thumb\" style=\"transform: translateX(0%);\">\u003C/div>\u003C/div>\u003Cdiv class=\"el-scrollbar__bar is-vertical\">\u003Cdiv class=\"el-scrollbar__thumb\" style=\"transform: translateY(0%);\">\u003C/div>\u003C/div>\u003C/div>\u003C/div>\u003C/div>\u003C/div>\u003C/div>\u003C/div>\u003Cdiv data-v-1e7cdf90=\"\" data-v-532628a3=\"\" class=\"tos-button-box\" style=\"z-index: 0; height: 54px;\">\u003C!---->\u003Cdiv data-v-569b348b=\"\" data-v-532628a3=\"\" class=\"button-box\" data-v-1e7cdf90=\"\">\u003Cbutton data-v-569b348b=\"\" class=\"el-tooltip button emphasis\" aria-describedby=\"el-tooltip-9645\" tabindex=\"0\">\u003C!---->\u003Cspan data-v-569b348b=\"\">应用\u003C/span>\u003C/button>\u003C/div>\u003C/div>\u003C/div>\u003C/div>\u003C/div>\u003C!---->\u003C/div>\u003C!---->\u003Cdiv data-v-25221402=\"\" data-v-2dc12ca0=\"\" class=\"container\">\u003C!---->\u003C!---->\u003C/div>\u003Cdiv class=\"el-loading-mask el-loading-fade-enter el-loading-fade-enter-active\" style=\"\">\u003Cdiv class=\"el-loading-spinner\">\u003Ci class=\"circular\">\u003C/i>\u003C!---->\u003C/div>\u003C/div>\u003C/div>\u003C/div>\u003C!---->\u003C!---->\u003C!---->\u003C/div>\u003C!---->\u003C!---->\u003C/div>\u003Cdiv data-v-0f63345b=\"\" data-v-5bce1a4c=\"\" class=\"contextmenu\" style=\"left: 735px; top: 421px; display: block;\">\u003Cdiv data-v-69edd53c=\"\" data-v-0f63345b=\"\" class=\"x-contextmenu\" style=\"display: none;\">\u003Cul data-v-69edd53c=\"\" class=\"context-menu-list fadein\">\u003C/ul>\u003C/div>\u003C/div>\u003C!---->\u003C!---->\u003C!---->\u003C!---->\u003C!---->\u003Cdiv data-v-25221402=\"\" data-v-5bce1a4c=\"\" class=\"container\">\u003C!---->\u003C!---->\u003C/div>\u003C!---->\u003C/div>\u003Cdiv data-v-5bce1a4c=\"\" id=\"v-step-resouce-board\" class=\"resouce-board\" style=\"\">\u003Cdiv data-v-5bce1a4c=\"\" class=\"resouce-board-in backdrop_in\">\u003Ci data-v-5bce1a4c=\"\" class=\"el-tooltip iconfont icontosboard iconhover\" aria-describedby=\"el-tooltip-2712\" tabindex=\"0\">\u003C/i>\u003Ci data-v-5bce1a4c=\"\" class=\"el-tooltip iconfont iconNotifications iconhover\" aria-describedby=\"el-tooltip-6407\" tabindex=\"0\">\u003C/i>\u003Ci data-v-5bce1a4c=\"\" class=\"el-tooltip iconfont iconSearch iconhover\" aria-describedby=\"el-tooltip-8799\" tabindex=\"0\">\u003C/i>\u003C!---->\u003C!---->\u003Ci data-v-5bce1a4c=\"\" class=\"el-tooltip iconfont iconmore_help-2 iconhover\" aria-describedby=\"el-tooltip-660\" tabindex=\"0\">\u003C/i>\u003C!---->\u003C/div>\u003C/div>\u003Cdiv data-v-22f5521e=\"\" data-v-5bce1a4c=\"\" class=\"resource static\" style=\"right: -480px; top: 60px;\">\u003Cdiv data-v-22f5521e=\"\" class=\"fitHeight\">\u003Cdiv data-v-22f5521e=\"\" class=\"resource-header\">\u003Ch1 data-v-22f5521e=\"\" class=\"resource-title\">\u003Cdiv data-v-22f5521e=\"\" class=\"user_name\"> 您好，\u003Cspan data-v-22f5521e=\"\" class=\"username\">test\u003C/span>\u003C/div>\u003Cdiv data-v-22f5521e=\"\" class=\"features\">\u003Cdiv data-v-22f5521e=\"\" class=\"el-tooltip iconfont-container\" aria-describedby=\"el-tooltip-5269\" tabindex=\"0\">\u003Ci data-v-22f5521e=\"\" class=\"iconfont iconPin\">\u003C/i>\u003C/div>\u003Cdiv data-v-22f5521e=\"\" class=\"el-tooltip iconfont-container\" aria-describedby=\"el-tooltip-3758\" tabindex=\"0\">\u003Ci data-v-22f5521e=\"\" class=\"iconfont iconrongqi1\">\u003C/i>\u003C/div>\u003C/div>\u003C/h1>\u003Cdiv data-v-22f5521e=\"\" class=\"resource-time\">\u003Cdiv data-v-22f5521e=\"\" class=\"time\">00:18 \u003C/div>\u003Cdiv data-v-22f5521e=\"\" class=\"date\">2026/06/04 星期四\u003C/div>\u003C/div>\u003C/div>\u003Cdiv data-v-22f5521e=\"\" class=\"el-scrollbar\">\u003Cdiv class=\"el-scrollbar__wrap\" style=\"margin-bottom: -8px; margin-right: -8px;\">\u003Cdiv class=\"el-scrollbar__view\">\u003Cdiv data-v-22f5521e=\"\" class=\"box\">\u003Cdiv data-v-22f5521e=\"\" class=\"vue-grid-layout\" style=\"height: 10px;\">\u003Cdiv class=\"vue-grid-item vue-grid-placeholder cssTransforms\" style=\"display: none; transform: translate3d(10px, 10px, 0px); width: 0px; height: 0px; position: absolute;\">\u003C!---->\u003C/div>\u003Cdiv class=\"erd_scroll_detection_container erd_scroll_detection_container_animation_active\" style=\"visibility: hidden; display: inline; width: 0px; height: 0px; z-index: -1; overflow: hidden; margin: 0px; padding: 0px;\">\u003Cdiv dir=\"ltr\" class=\"erd_scroll_detection_container\" style=\"position: absolute; flex: 0 0 auto; overflow: hidden; z-index: -1; visibility: hidden; width: 100%; height: 100%; left: 0px; top: 0px;\">\u003Cdiv class=\"erd_scroll_detection_container\" style=\"position: absolute; flex: 0 0 auto; overflow: hidden; z-index: -1; visibility: hidden; inset: -9px -8px -8px -9px;\">\u003Cdiv style=\"position: absolute; flex: 0 0 auto; overflow: scroll; z-index: -1; visibility: hidden; width: 100%; height: 100%;\">\u003Cdiv style=\"position: absolute; left: 0px; top: 0px; width: 427px; height: 37px;\">\u003C/div>\u003C/div>\u003Cdiv style=\"position: absolute; flex: 0 0 auto; overflow: scroll; z-index: -1; visibility: hidden; width: 100%; height: 100%;\">\u003Cdiv style=\"position: absolute; width: 200%; height: 200%;\">\u003C/div>\u003C/div>\u003C/div>\u003C/div>\u003C/div>\u003C/div>\u003C/div>\u003C/div>\u003C/div>\u003Cdiv class=\"el-scrollbar__bar is-horizontal\">\u003Cdiv class=\"el-scrollbar__thumb\" style=\"transform: translateX(0%);\">\u003C/div>\u003C/div>\u003Cdiv class=\"el-scrollbar__bar is-vertical\">\u003Cdiv class=\"el-scrollbar__thumb\" style=\"transform: translateY(0%);\">\u003C/div>\u003C/div>\u003C/div>\u003C/div>\u003Cdiv data-v-67163b94=\"\" data-v-22f5521e=\"\" class=\"createReceiving\" style=\"display: none;\">\u003Cdiv data-v-67163b94=\"\" class=\"wrapper-placement el-popover\">\u003Cdiv data-v-67163b94=\"\" class=\"cusotom-panel-list el-checkbox-group\">\u003Cdiv data-v-67163b94=\"\" class=\"custom-option el-checkbox\">\u003Cdiv data-v-55c67e82=\"\" data-v-67163b94=\"\" class=\"x-checkbox-line checkbox-line\">\u003Cdiv data-v-55c67e82=\"\" class=\"checkbox-line-left\">\u003Cdiv data-v-046dd9b2=\"\" data-v-55c67e82=\"\" class=\"el-tooltip checkbox\" aria-describedby=\"el-tooltip-2845\" tabindex=\"0\">\u003Cinput data-v-046dd9b2=\"\" id=\"b2b310f1-dd2c-48e9-8e3e-759dca403629\" type=\"checkbox\" class=\"input_check\" value=\"\">\u003C/div>\u003C/div>\u003Cdiv data-v-55c67e82=\"\" class=\"checkbox-line-right html\">\u003Cspan data-v-55c67e82=\"\" class=\"userselect-text\" style=\"width: inherit;\">\u003Clabel data-v-55c67e82=\"\" for=\"b2b310f1-dd2c-48e9-8e3e-759dca403629\" style=\"cursor: pointer;\">\u003Cdiv data-v-67163b94=\"\" data-v-55c67e82=\"\" title=\"设备信息\" class=\"custom-name\"> 设备信息 \u003C/div>\u003C/label>\u003C!---->\u003C/span>\u003C/div>\u003C/div>\u003C/div>\u003Cdiv data-v-67163b94=\"\" class=\"custom-option el-checkbox\">\u003Cdiv data-v-55c67e82=\"\" data-v-67163b94=\"\" class=\"x-checkbox-line checkbox-line\">\u003Cdiv data-v-55c67e82=\"\" class=\"checkbox-line-left\">\u003Cdiv data-v-046dd9b2=\"\" data-v-55c67e82=\"\" class=\"el-tooltip checkbox\" aria-describedby=\"el-tooltip-702\" tabindex=\"0\">\u003Cinput data-v-046dd9b2=\"\" id=\"c94e9e35-1c41-4289-89fc-cfd95a32e99b\" type=\"checkbox\" class=\"input_check\" value=\"\">\u003C/div>\u003C/div>\u003Cdiv data-v-55c67e82=\"\" class=\"checkbox-line-right html\">\u003Cspan data-v-55c67e82=\"\" class=\"userselect-text\" style=\"width: inherit;\">\u003Clabel data-v-55c67e82=\"\" for=\"c94e9e35-1c41-4289-89fc-cfd95a32e99b\" style=\"cursor: pointer;\">\u003Cdiv data-v-67163b94=\"\" data-v-55c67e82=\"\" title=\"系统信息\" class=\"custom-name\"> 系统信息 \u003C/div>\u003C/label>\u003C!---->\u003C/span>\u003C/div>\u003C/div>\u003C/div>\u003Cdiv data-v-67163b94=\"\" class=\"custom-option el-checkbox\">\u003Cdiv data-v-55c67e82=\"\" data-v-67163b94=\"\" class=\"x-checkbox-line checkbox-line\">\u003Cdiv data-v-55c67e82=\"\" class=\"checkbox-line-left\">\u003Cdiv data-v-046dd9b2=\"\" data-v-55c67e82=\"\" class=\"el-tooltip checkbox\" aria-describedby=\"el-tooltip-6294\" tabindex=\"0\">\u003Cinput data-v-046dd9b2=\"\" id=\"8205f018-c5a0-46fc-bd6d-0c1d89520c58\" type=\"checkbox\" class=\"input_check\" value=\"\">\u003C/div>\u003C/div>\u003Cdiv data-v-55c67e82=\"\" class=\"checkbox-line-right html\">\u003Cspan data-v-55c67e82=\"\" class=\"userselect-text\" style=\"width: inherit;\">\u003Clabel data-v-55c67e82=\"\" for=\"8205f018-c5a0-46fc-bd6d-0c1d89520c58\" style=\"cursor: pointer;\">\u003Cdiv data-v-67163b94=\"\" data-v-55c67e82=\"\" title=\"资源\" class=\"custom-name\"> 资源 \u003C/div>\u003C/label>\u003C!---->\u003C/span>\u003C/div>\u003C/div>\u003C/div>\u003Cdiv data-v-67163b94=\"\" class=\"custom-option el-checkbox\">\u003Cdiv data-v-55c67e82=\"\" data-v-67163b94=\"\" class=\"x-checkbox-line checkbox-line\">\u003Cdiv data-v-55c67e82=\"\" class=\"checkbox-line-left\">\u003Cdiv data-v-046dd9b2=\"\" data-v-55c67e82=\"\" class=\"el-tooltip checkbox\" aria-describedby=\"el-tooltip-4055\" tabindex=\"0\">\u003Cinput data-v-046dd9b2=\"\" id=\"4038c10e-eb0d-4adc-a6d5-1509a42b8fbc\" type=\"checkbox\" class=\"input_check\" value=\"\">\u003C/div>\u003C/div>\u003Cdiv data-v-55c67e82=\"\" class=\"checkbox-line-right html\">\u003Cspan data-v-55c67e82=\"\" class=\"userselect-text\" style=\"width: inherit;\">\u003Clabel data-v-55c67e82=\"\" for=\"4038c10e-eb0d-4adc-a6d5-1509a42b8fbc\" style=\"cursor: pointer;\">\u003Cdiv data-v-67163b94=\"\" data-v-55c67e82=\"\" title=\"网络\" class=\"custom-name\"> 网络 \u003C/div>\u003C/label>\u003C!---->\u003C/span>\u003C/div>\u003C/div>\u003C/div>\u003Cdiv data-v-67163b94=\"\" class=\"custom-option el-checkbox\">\u003Cdiv data-v-55c67e82=\"\" data-v-67163b94=\"\" class=\"x-checkbox-line checkbox-line\">\u003Cdiv data-v-55c67e82=\"\" class=\"checkbox-line-left\">\u003Cdiv data-v-046dd9b2=\"\" data-v-55c67e82=\"\" class=\"el-tooltip checkbox\" aria-describedby=\"el-tooltip-9806\" tabindex=\"0\">\u003Cinput data-v-046dd9b2=\"\" id=\"b5fb2871-d79f-4169-9480-4db2b2e15e63\" type=\"checkbox\" class=\"input_check\" value=\"\">\u003C/div>\u003C/div>\u003Cdiv data-v-55c67e82=\"\" class=\"checkbox-line-right html\">\u003Cspan data-v-55c67e82=\"\" class=\"userselect-text\" style=\"width: inherit;\">\u003Clabel data-v-55c67e82=\"\" for=\"b5fb2871-d79f-4169-9480-4db2b2e15e63\" style=\"cursor: pointer;\">\u003Cdiv data-v-67163b94=\"\" data-v-55c67e82=\"\" title=\"接口\" class=\"custom-name\"> 接口 \u003C/div>\u003C/label>\u003C!---->\u003C/span>\u003C/div>\u003C/div>\u003C/div>\u003Cdiv data-v-67163b94=\"\" class=\"custom-option el-checkbox\">\u003Cdiv data-v-55c67e82=\"\" data-v-67163b94=\"\" class=\"x-checkbox-line checkbox-line\">\u003Cdiv data-v-55c67e82=\"\" class=\"checkbox-line-left\">\u003Cdiv data-v-046dd9b2=\"\" data-v-55c67e82=\"\" class=\"el-tooltip checkbox\" aria-describedby=\"el-tooltip-3245\" tabindex=\"0\">\u003Cinput data-v-046dd9b2=\"\" id=\"38671f11-8181-4232-aca1-ed2064f75ead\" type=\"checkbox\" class=\"input_check\" value=\"\">\u003C/div>\u003C/div>\u003Cdiv data-v-55c67e82=\"\" class=\"checkbox-line-right html\">\u003Cspan data-v-55c67e82=\"\" class=\"userselect-text\" style=\"width: inherit;\">\u003Clabel data-v-55c67e82=\"\" for=\"38671f11-8181-4232-aca1-ed2064f75ead\" style=\"cursor: pointer;\">\u003Cdiv data-v-67163b94=\"\" data-v-55c67e82=\"\" title=\"磁盘\" class=\"custom-name\"> 磁盘 \u003C/div>\u003C/label>\u003C!---->\u003C/span>\u003C/div>\u003C/div>\u003C/div>\u003Cdiv data-v-67163b94=\"\" class=\"custom-option el-checkbox\">\u003Cdiv data-v-55c67e82=\"\" data-v-67163b94=\"\" class=\"x-checkbox-line checkbox-line\">\u003Cdiv data-v-55c67e82=\"\" class=\"checkbox-line-left\">\u003Cdiv data-v-046dd9b2=\"\" data-v-55c67e82=\"\" class=\"el-tooltip checkbox\" aria-describedby=\"el-tooltip-4677\" tabindex=\"0\">\u003Cinput data-v-046dd9b2=\"\" id=\"46cbe7aa-cd5a-4714-97f2-0994cd2fc821\" type=\"checkbox\" class=\"input_check\" value=\"\">\u003C/div>\u003C/div>\u003Cdiv data-v-55c67e82=\"\" class=\"checkbox-line-right html\">\u003Cspan data-v-55c67e82=\"\" class=\"userselect-text\" style=\"width: inherit;\">\u003Clabel data-v-55c67e82=\"\" for=\"46cbe7aa-cd5a-4714-97f2-0994cd2fc821\" style=\"cursor: pointer;\">\u003Cdiv data-v-67163b94=\"\" data-v-55c67e82=\"\" title=\"存储\" class=\"custom-name\"> 存储 \u003C/div>\u003C/label>\u003C!---->\u003C/span>\u003C/div>\u003C/div>\u003C/div>\u003Cdiv data-v-67163b94=\"\" class=\"custom-option el-checkbox\">\u003Cdiv data-v-55c67e82=\"\" data-v-67163b94=\"\" class=\"x-checkbox-line checkbox-line\">\u003Cdiv data-v-55c67e82=\"\" class=\"checkbox-line-left\">\u003Cdiv data-v-046dd9b2=\"\" data-v-55c67e82=\"\" class=\"el-tooltip checkbox\" aria-describedby=\"el-tooltip-3476\" tabindex=\"0\">\u003Cinput data-v-046dd9b2=\"\" id=\"3cac972c-5b4e-43bc-8867-4d4cf5d79f27\" type=\"checkbox\" class=\"input_check\" value=\"\">\u003C/div>\u003C/div>\u003Cdiv data-v-55c67e82=\"\" class=\"checkbox-line-right html\">\u003Cspan data-v-55c67e82=\"\" class=\"userselect-text\" style=\"width: inherit;\">\u003Clabel data-v-55c67e82=\"\" for=\"3cac972c-5b4e-43bc-8867-4d4cf5d79f27\" style=\"cursor: pointer;\">\u003Cdiv data-v-67163b94=\"\" data-v-55c67e82=\"\" title=\"硬件\" class=\"custom-name\"> 硬件 \u003C/div>\u003C/label>\u003C!---->\u003C/span>\u003C/div>\u003C/div>\u003C/div>\u003C/div>\u003C/div>\u003C/div>\u003C/div>\u003Cdiv data-v-018869bc=\"\" data-v-5bce1a4c=\"\">\u003Cdiv data-v-018869bc=\"\" class=\"message\">\u003Cdiv data-v-018869bc=\"\" class=\"fitHeight\">\u003Ch1 data-v-018869bc=\"\" class=\"notice-title\">  \u003Cdiv data-v-018869bc=\"\" class=\"features\">\u003Cdiv data-v-018869bc=\"\" class=\"iconfont-container\">\u003Ci data-v-018869bc=\"\" title=\"删除全部\" class=\"iconfont iconDelete\">\u003C/i>\u003C/div>\u003Cdiv data-v-018869bc=\"\" class=\"iconfont-container\">\u003Ci data-v-018869bc=\"\" title=\"设置\" class=\"iconfont iconSettings\">\u003C/i>\u003C/div>\u003C/div>\u003C/h1>\u003Cdiv data-v-018869bc=\"\" class=\"el-scrollbar\">\u003Cdiv class=\"el-scrollbar__wrap\" style=\"margin-bottom: -8px; margin-right: -8px;\">\u003Cdiv class=\"el-scrollbar__view\">\u003Cdiv data-v-018869bc=\"\" class=\"notice-body\">\u003Cdiv data-v-018869bc=\"\" class=\"messageBox\">\u003Cdiv data-v-018869bc=\"\" class=\"message-list\">\u003Cdiv data-v-018869bc=\"\" class=\"message-icon el-message-box__status el-icon-warning\">\u003C/div>\u003Cdiv data-v-018869bc=\"\" class=\"message-group\">\u003Ch2 data-v-018869bc=\"\" class=\"message-title\"> 通用设置 \u003C/h2>\u003Cdiv data-v-018869bc=\"\" title=\"设备 TNAS 发生异常关机，可能由断电或系统异常引起，建议尽快检查设备及系统状态。\" class=\"message-content userselect-text\"> 设备 TNAS 发生异常关机，可能由断电或系统异常引起，建议尽快检查设备及系统状态。 \u003C/div>\u003Cdiv data-v-018869bc=\"\" class=\"message-foot\">\u003Cspan data-v-018869bc=\"\" class=\"setting\" style=\"visibility: hidden;\">查看详情\u003C/span>\u003Cspan data-v-018869bc=\"\" class=\"message-time\">2 天前 23:45:26\u003C/span>\u003C/div>\u003C/div>\u003Cdiv data-v-018869bc=\"\" class=\"delete el-icon-close\">\u003C/div>\u003C/div>\u003Cdiv data-v-018869bc=\"\" class=\"message-list\">\u003Cdiv data-v-018869bc=\"\" class=\"message-icon el-message-box__status el-icon-warning\">\u003C/div>\u003Cdiv data-v-018869bc=\"\" class=\"message-group\">\u003Ch2 data-v-018869bc=\"\" class=\"message-title\"> 通用设置 \u003C/h2>\u003Cdiv data-v-018869bc=\"\" title=\"设备 TNAS 发生异常关机，可能由断电或系统异常引起，建议尽快检查设备及系统状态。\" class=\"message-content userselect-text\"> 设备 TNAS 发生异常关机，可能由断电或系统异常引起，建议尽快检查设备及系统状态。 \u003C/div>\u003Cdiv data-v-018869bc=\"\" class=\"message-foot\">\u003Cspan data-v-018869bc=\"\" class=\"setting\" style=\"visibility: hidden;\">查看详情\u003C/span>\u003Cspan data-v-018869bc=\"\" class=\"message-time\">2 天前 23:05:54\u003C/span>\u003C/div>\u003C/div>\u003Cdiv data-v-018869bc=\"\" class=\"delete el-icon-close\">\u003C/div>\u003C/div>\u003Cdiv data-v-018869bc=\"\" class=\"message-list\">\u003Cdiv data-v-018869bc=\"\" class=\"message-icon el-message-box__status el-icon-info\">\u003C/div>\u003Cdiv data-v-018869bc=\"\" class=\"message-group\">\u003Ch2 data-v-018869bc=\"\" class=\"message-title\"> 网络服务 \u003C/h2>\u003Cdiv data-v-018869bc=\"\" title=\"发现有人通过 Physical Console 登录您的系统后台。登录时间：2026-06-01 20:21:18，IP：Unknown\" class=\"message-content userselect-text\"> 发现有人通过 Physical Console 登录您的系统后台。登录时间：2026-06-01 20:21:18，IP：Unknown \u003C/div>\u003Cdiv data-v-018869bc=\"\" class=\"message-foot\">\u003Cspan data-v-018869bc=\"\" class=\"setting\" style=\"visibility: visible;\">查看详情\u003C/span>\u003Cspan data-v-018869bc=\"\" class=\"message-time\">3 天前 20:21:19\u003C/span>\u003C/div>\u003C/div>\u003Cdiv data-v-018869bc=\"\" class=\"delete el-icon-close\">\u003C/div>\u003C/div>\u003Cdiv data-v-018869bc=\"\" class=\"message-list\">\u003Cdiv data-v-018869bc=\"\" class=\"message-icon el-message-box__status el-icon-warning\">\u003C/div>\u003Cdiv data-v-018869bc=\"\" class=\"message-group\">\u003Ch2 data-v-018869bc=\"\" class=\"message-title\"> 通用设置 \u003C/h2>\u003Cdiv data-v-018869bc=\"\" title=\"设备 TNAS 发生异常关机，可能由断电或系统异常引起，建议尽快检查设备及系统状态。\" class=\"message-content userselect-text\"> 设备 TNAS 发生异常关机，可能由断电或系统异常引起，建议尽快检查设备及系统状态。 \u003C/div>\u003Cdiv data-v-018869bc=\"\" class=\"message-foot\">\u003Cspan data-v-018869bc=\"\" class=\"setting\" style=\"visibility: hidden;\">查看详情\u003C/span>\u003Cspan data-v-018869bc=\"\" class=\"message-time\">3 天前 7:40:04\u003C/span>\u003C/div>\u003C/div>\u003Cdiv data-v-018869bc=\"\" class=\"delete el-icon-close\">\u003C/div>\u003C/div>\u003Cdiv data-v-018869bc=\"\" class=\"message-list\">\u003Cdiv data-v-018869bc=\"\" class=\"message-icon el-message-box__status el-icon-warning\">\u003C/div>\u003Cdiv data-v-018869bc=\"\" class=\"message-group\">\u003Ch2 data-v-018869bc=\"\" class=\"message-title\"> 通用设置 \u003C/h2>\u003Cdiv data-v-018869bc=\"\" title=\"设备 TNAS 发生异常关机，可能由断电或系统异常引起，建议尽快检查设备及系统状态。\" class=\"message-content userselect-text\"> 设备 TNAS 发生异常关机，可能由断电或系统异常引起，建议尽快检查设备及系统状态。 \u003C/div>\u003Cdiv data-v-018869bc=\"\" class=\"message-foot\">\u003Cspan data-v-018869bc=\"\" class=\"setting\" style=\"visibility: hidden;\">查看详情\u003C/span>\u003Cspan data-v-018869bc=\"\" class=\"message-time\">3 天前 3:48:46\u003C/span>\u003C/div>\u003C/div>\u003Cdiv data-v-018869bc=\"\" class=\"delete el-icon-close\">\u003C/div>\u003C/div>\u003Cdiv data-v-018869bc=\"\" class=\"message-list\">\u003Cdiv data-v-018869bc=\"\" class=\"message-icon el-message-box__status el-icon-warning\">\u003C/div>\u003Cdiv data-v-018869bc=\"\" class=\"message-group\">\u003Ch2 data-v-018869bc=\"\" class=\"message-title\"> 通用设置 \u003C/h2>\u003Cdiv data-v-018869bc=\"\" title=\"设备 TNAS 发生异常关机，可能由断电或系统异常引起，建议尽快检查设备及系统状态。\" class=\"message-content userselect-text\"> 设备 TNAS 发生异常关机，可能由断电或系统异常引起，建议尽快检查设备及系统状态。 \u003C/div>\u003Cdiv data-v-018869bc=\"\" class=\"message-foot\">\u003Cspan data-v-018869bc=\"\" class=\"setting\" style=\"visibility: hidden;\">查看详情\u003C/span>\u003Cspan data-v-018869bc=\"\" class=\"message-time\">3 天前 1:21:27\u003C/span>\u003C/div>\u003C/div>\u003Cdiv data-v-018869bc=\"\" class=\"delete el-icon-close\">\u003C/div>\u003C/div>\u003Cdiv data-v-018869bc=\"\" class=\"message-list\">\u003Cdiv data-v-018869bc=\"\" class=\"message-icon el-message-box__status el-icon-info\">\u003C/div>\u003Cdiv data-v-018869bc=\"\" class=\"message-group\">\u003Ch2 data-v-018869bc=\"\" class=\"message-title\"> 网络服务 \u003C/h2>\u003Cdiv data-v-018869bc=\"\" title=\"发现有人通过 SSH 登录您的系统后台。登录时间：2026-05-28 17:59:15，IP：192.168.64.1\" class=\"message-content userselect-text\"> 发现有人通过 SSH 登录您的系统后台。登录时间：2026-05-28 17:59:15，IP：192.168.64.1 \u003C/div>\u003Cdiv data-v-018869bc=\"\" class=\"message-foot\">\u003Cspan data-v-018869bc=\"\" class=\"setting\" style=\"visibility: visible;\">查看详情\u003C/span>\u003Cspan data-v-018869bc=\"\" class=\"message-time\">2026-05-28 17:59:17\u003C/span>\u003C/div>\u003C/div>\u003Cdiv data-v-018869bc=\"\" class=\"delete el-icon-close\">\u003C/div>\u003C/div>\u003Cdiv data-v-018869bc=\"\" class=\"message-list\">\u003Cdiv data-v-018869bc=\"\" class=\"message-icon el-message-box__status el-icon-info\">\u003C/div>\u003Cdiv data-v-018869bc=\"\" class=\"message-group\">\u003Ch2 data-v-018869bc=\"\" class=\"message-title\"> 网络服务 \u003C/h2>\u003Cdiv data-v-018869bc=\"\" title=\"发现有人通过 SSH 登录您的系统后台。登录时间：2026-05-28 13:19:17，IP：192.168.64.1\" class=\"message-content userselect-text\"> 发现有人通过 SSH 登录您的系统后台。登录时间：2026-05-28 13:19:17，IP：192.168.64.1 \u003C/div>\u003Cdiv data-v-018869bc=\"\" class=\"message-foot\">\u003Cspan data-v-018869bc=\"\" class=\"setting\" style=\"visibility: visible;\">查看详情\u003C/span>\u003Cspan data-v-018869bc=\"\" class=\"message-time\">2026-05-28 13:19:25\u003C/span>\u003C/div>\u003C/div>\u003Cdiv data-v-018869bc=\"\" class=\"delete el-icon-close\">\u003C/div>\u003C/div>\u003Cdiv data-v-018869bc=\"\" class=\"message-list\">\u003Cdiv data-v-018869bc=\"\" class=\"message-icon el-message-box__status el-icon-warning\">\u003C/div>\u003Cdiv data-v-018869bc=\"\" class=\"message-group\">\u003Ch2 data-v-018869bc=\"\" class=\"message-title\"> 通用设置 \u003C/h2>\u003Cdiv data-v-018869bc=\"\" title=\"设备 TNAS 发生异常关机，可能由断电或系统异常引起，建议尽快检查设备及系统状态。\" class=\"message-content userselect-text\"> 设备 TNAS 发生异常关机，可能由断电或系统异常引起，建议尽快检查设备及系统状态。 \u003C/div>\u003Cdiv data-v-018869bc=\"\" class=\"message-foot\">\u003Cspan data-v-018869bc=\"\" class=\"setting\" style=\"visibility: hidden;\">查看详情\u003C/span>\u003Cspan data-v-018869bc=\"\" class=\"message-time\">2026-05-28 08:45:46\u003C/span>\u003C/div>\u003C/div>\u003Cdiv data-v-018869bc=\"\" class=\"delete el-icon-close\">\u003C/div>\u003C/div>\u003Cdiv data-v-018869bc=\"\" class=\"message-list\">\u003Cdiv data-v-018869bc=\"\" class=\"message-icon el-message-box__status el-icon-info\">\u003C/div>\u003Cdiv data-v-018869bc=\"\" class=\"message-group\">\u003Ch2 data-v-018869bc=\"\" class=\"message-title\"> 网络服务 \u003C/h2>\u003Cdiv data-v-018869bc=\"\" title=\"发现有人通过 SSH 登录您的系统后台。登录时间：2026-05-28 00:44:54，IP：192.168.64.1\" class=\"message-content userselect-text\"> 发现有人通过 SSH 登录您的系统后台。登录时间：2026-05-28 00:44:54，IP：192.168.64.1 \u003C/div>\u003Cdiv data-v-018869bc=\"\" class=\"message-foot\">\u003Cspan data-v-018869bc=\"\" class=\"setting\" style=\"visibility: visible;\">查看详情\u003C/span>\u003Cspan data-v-018869bc=\"\" class=\"message-time\">2026-05-28 00:44:56\u003C/span>\u003C/div>\u003C/div>\u003Cdiv data-v-018869bc=\"\" class=\"delete el-icon-close\">\u003C/div>\u003C/div>\u003Cdiv data-v-018869bc=\"\" class=\"message-list\">\u003Cdiv data-v-018869bc=\"\" class=\"message-icon el-message-box__status el-icon-info\">\u003C/div>\u003Cdiv data-v-018869bc=\"\" class=\"message-group\">\u003Ch2 data-v-018869bc=\"\" class=\"message-title\"> 网络服务 \u003C/h2>\u003Cdiv data-v-018869bc=\"\" title=\"发现有人通过 SSH 登录您的系统后台。登录时间：2026-05-28 00:44:18，IP：192.168.64.1\" class=\"message-content userselect-text\"> 发现有人通过 SSH 登录您的系统后台。登录时间：2026-05-28 00:44:18，IP：192.168.64.1 \u003C/div>\u003Cdiv data-v-018869bc=\"\" class=\"message-foot\">\u003Cspan data-v-018869bc=\"\" class=\"setting\" style=\"visibility: visible;\">查看详情\u003C/span>\u003Cspan data-v-018869bc=\"\" class=\"message-time\">2026-05-28 00:44:20\u003C/span>\u003C/div>\u003C/div>\u003Cdiv data-v-018869bc=\"\" class=\"delete el-icon-close\">\u003C/div>\u003C/div>\u003Cdiv data-v-018869bc=\"\" class=\"message-list\">\u003Cdiv data-v-018869bc=\"\" class=\"message-icon el-message-box__status el-icon-warning\">\u003C/div>\u003Cdiv data-v-018869bc=\"\" class=\"message-group\">\u003Ch2 data-v-018869bc=\"\" class=\"message-title\"> 通用设置 \u003C/h2>\u003Cdiv data-v-018869bc=\"\" title=\"设备 TNAS 发生异常关机，可能由断电或系统异常引起，建议尽快检查设备及系统状态。\" class=\"message-content userselect-text\"> 设备 TNAS 发生异常关机，可能由断电或系统异常引起，建议尽快检查设备及系统状态。 \u003C/div>\u003Cdiv data-v-018869bc=\"\" class=\"message-foot\">\u003Cspan data-v-018869bc=\"\" class=\"setting\" style=\"visibility: hidden;\">查看详情\u003C/span>\u003Cspan data-v-018869bc=\"\" class=\"message-time\">2026-05-27 22:50:46\u003C/span>\u003C/div>\u003C/div>\u003Cdiv data-v-018869bc=\"\" class=\"delete el-icon-close\">\u003C/div>\u003C/div>\u003Cdiv data-v-018869bc=\"\" class=\"message-list\">\u003Cdiv data-v-018869bc=\"\" class=\"message-icon el-message-box__status el-icon-info\">\u003C/div>\u003Cdiv data-v-018869bc=\"\" class=\"message-group\">\u003Ch2 data-v-018869bc=\"\" class=\"message-title\"> 通用设置 \u003C/h2>\u003Cdiv data-v-018869bc=\"\" title=\"TOS 已成功更新至版本 7.0.0612。\" class=\"message-content userselect-text\"> TOS 已成功更新至版本 7.0.0612。 \u003C/div>\u003Cdiv data-v-018869bc=\"\" class=\"message-foot\">\u003Cspan data-v-018869bc=\"\" class=\"setting\" style=\"visibility: visible;\">查看详情\u003C/span>\u003Cspan data-v-018869bc=\"\" class=\"message-time\">2026-05-26 23:46:17\u003C/span>\u003C/div>\u003C/div>\u003Cdiv data-v-018869bc=\"\" class=\"delete el-icon-close\">\u003C/div>\u003C/div>\u003Cdiv data-v-018869bc=\"\" class=\"message-list\">\u003Cdiv data-v-018869bc=\"\" class=\"message-icon el-message-box__status el-icon-info\">\u003C/div>\u003Cdiv data-v-018869bc=\"\" class=\"message-group\">\u003Ch2 data-v-018869bc=\"\" class=\"message-title\"> 通用设置 \u003C/h2>\u003Cdiv data-v-018869bc=\"\" title=\"7.0.0612 的新版本已下载完成。请进入设备的「控制面板 &gt; 系统 &gt; 更新」，点击「更新」。\" class=\"message-content userselect-text\"> 7.0.0612 的新版本已下载完成。请进入设备的「控制面板 &gt; 系统 &gt; 更新」，点击「更新」。 \u003C/div>\u003Cdiv data-v-018869bc=\"\" class=\"message-foot\">\u003Cspan data-v-018869bc=\"\" class=\"setting\" style=\"visibility: visible;\">查看详情\u003C/span>\u003Cspan data-v-018869bc=\"\" class=\"message-time\">2026-05-26 23:36:17\u003C/span>\u003C/div>\u003C/div>\u003Cdiv data-v-018869bc=\"\" class=\"delete el-icon-close\">\u003C/div>\u003C/div>\u003Cdiv data-v-018869bc=\"\" class=\"message-list\">\u003Cdiv data-v-018869bc=\"\" class=\"message-icon el-message-box__status el-icon-info\">\u003C/div>\u003Cdiv data-v-018869bc=\"\" class=\"message-group\">\u003Ch2 data-v-018869bc=\"\" class=\"message-title\"> 通用设置 \u003C/h2>\u003Cdiv data-v-018869bc=\"\" title=\"检测到设备 TNAS 有新的系统更新可用。请登录该设备，进入 控制面板 &gt; 系统 &gt; 更新，检查并安装最新版本。\" class=\"message-content userselect-text\"> 检测到设备 TNAS 有新的系统更新可用。请登录该设备，进入 控制面板 &gt; 系统 &gt; 更新，检查并安装最新版本。 \u003C/div>\u003Cdiv data-v-018869bc=\"\" class=\"message-foot\">\u003Cspan data-v-018869bc=\"\" class=\"setting\" style=\"visibility: visible;\">查看详情\u003C/span>\u003Cspan data-v-018869bc=\"\" class=\"message-time\">2026-05-26 23:33:55\u003C/span>\u003C/div>\u003C/div>\u003Cdiv data-v-018869bc=\"\" class=\"delete el-icon-close\">\u003C/div>\u003C/div>\u003Cdiv data-v-018869bc=\"\" class=\"message-list\">\u003Cdiv data-v-018869bc=\"\" class=\"message-icon el-message-box__status el-icon-info\">\u003C/div>\u003Cdiv data-v-018869bc=\"\" class=\"message-group\">\u003Ch2 data-v-018869bc=\"\" class=\"message-title\"> 网络服务 \u003C/h2>\u003Cdiv data-v-018869bc=\"\" title=\"发现有人通过 SSH 登录您的系统后台。登录时间：2026-05-26 23:26:03，IP：192.168.64.1\" class=\"message-content userselect-text\"> 发现有人通过 SSH 登录您的系统后台。登录时间：2026-05-26 23:26:03，IP：192.168.64.1 \u003C/div>\u003Cdiv data-v-018869bc=\"\" class=\"message-foot\">\u003Cspan data-v-018869bc=\"\" class=\"setting\" style=\"visibility: visible;\">查看详情\u003C/span>\u003Cspan data-v-018869bc=\"\" class=\"message-time\">2026-05-26 23:26:04\u003C/span>\u003C/div>\u003C/div>\u003Cdiv data-v-018869bc=\"\" class=\"delete el-icon-close\">\u003C/div>\u003C/div>\u003Cdiv data-v-018869bc=\"\" class=\"message-list\">\u003Cdiv data-v-018869bc=\"\" class=\"message-icon el-message-box__status el-icon-info\">\u003C/div>\u003Cdiv data-v-018869bc=\"\" class=\"message-group\">\u003Ch2 data-v-018869bc=\"\" class=\"message-title\"> 网络服务 \u003C/h2>\u003Cdiv data-v-018869bc=\"\" title=\"发现有人通过 SSH 登录您的系统后台。登录时间：2026-05-26 23:25:45，IP：192.168.64.1\" class=\"message-content userselect-text\"> 发现有人通过 SSH 登录您的系统后台。登录时间：2026-05-26 23:25:45，IP：192.168.64.1 \u003C/div>\u003Cdiv data-v-018869bc=\"\" class=\"message-foot\">\u003Cspan data-v-018869bc=\"\" class=\"setting\" style=\"visibility: visible;\">查看详情\u003C/span>\u003Cspan data-v-018869bc=\"\" class=\"message-time\">2026-05-26 23:25:46\u003C/span>\u003C/div>\u003C/div>\u003Cdiv data-v-018869bc=\"\" class=\"delete el-icon-close\">\u003C/div>\u003C/div>\u003Cdiv data-v-018869bc=\"\" class=\"message-list\">\u003Cdiv data-v-018869bc=\"\" class=\"message-icon el-message-box__status el-icon-info\">\u003C/div>\u003Cdiv data-v-018869bc=\"\" class=\"message-group\">\u003Ch2 data-v-018869bc=\"\" class=\"message-title\"> 网络服务 \u003C/h2>\u003Cdiv data-v-018869bc=\"\" title=\"发现有人通过 SSH 登录您的系统后台。登录时间：2026-05-26 23:25:25，IP：192.168.64.1\" class=\"message-content userselect-text\"> 发现有人通过 SSH 登录您的系统后台。登录时间：2026-05-26 23:25:25，IP：192.168.64.1 \u003C/div>\u003Cdiv data-v-018869bc=\"\" class=\"message-foot\">\u003Cspan data-v-018869bc=\"\" class=\"setting\" style=\"visibility: visible;\">查看详情\u003C/span>\u003Cspan data-v-018869bc=\"\" class=\"message-time\">2026-05-26 23:25:27\u003C/span>\u003C/div>\u003C/div>\u003Cdiv data-v-018869bc=\"\" class=\"delete el-icon-close\">\u003C/div>\u003C/div>\u003Cdiv data-v-018869bc=\"\" class=\"message-list\">\u003Cdiv data-v-018869bc=\"\" class=\"message-icon el-message-box__status el-icon-info\">\u003C/div>\u003Cdiv data-v-018869bc=\"\" class=\"message-group\">\u003Ch2 data-v-018869bc=\"\" class=\"message-title\"> 网络服务 \u003C/h2>\u003Cdiv data-v-018869bc=\"\" title=\"发现有人通过 SSH 登录您的系统后台。登录时间：2026-05-26 23:25:09，IP：192.168.64.1\" class=\"message-content userselect-text\"> 发现有人通过 SSH 登录您的系统后台。登录时间：2026-05-26 23:25:09，IP：192.168.64.1 \u003C/div>\u003Cdiv data-v-018869bc=\"\" class=\"message-foot\">\u003Cspan data-v-018869bc=\"\" class=\"setting\" style=\"visibility: visible;\">查看详情\u003C/span>\u003Cspan data-v-018869bc=\"\" class=\"message-time\">2026-05-26 23:25:11\u003C/span>\u003C/div>\u003C/div>\u003Cdiv data-v-018869bc=\"\" class=\"delete el-icon-close\">\u003C/div>\u003C/div>\u003Cdiv data-v-018869bc=\"\" class=\"message-list\">\u003Cdiv data-v-018869bc=\"\" class=\"message-icon el-message-box__status el-icon-info\">\u003C/div>\u003Cdiv data-v-018869bc=\"\" class=\"message-group\">\u003Ch2 data-v-018869bc=\"\" class=\"message-title\"> 网络服务 \u003C/h2>\u003Cdiv data-v-018869bc=\"\" title=\"发现有人通过 SSH 登录您的系统后台。登录时间：2026-05-26 22:58:25，IP：192.168.64.1\" class=\"message-content userselect-text\"> 发现有人通过 SSH 登录您的系统后台。登录时间：2026-05-26 22:58:25，IP：192.168.64.1 \u003C/div>\u003Cdiv data-v-018869bc=\"\" class=\"message-foot\">\u003Cspan data-v-018869bc=\"\" class=\"setting\" style=\"visibility: visible;\">查看详情\u003C/span>\u003Cspan data-v-018869bc=\"\" class=\"message-time\">2026-05-26 22:58:26\u003C/span>\u003C/div>\u003C/div>\u003Cdiv data-v-018869bc=\"\" class=\"delete el-icon-close\">\u003C/div>\u003C/div>\u003Cdiv data-v-018869bc=\"\" class=\"message-list\">\u003Cdiv data-v-018869bc=\"\" class=\"message-icon el-message-box__status el-icon-info\">\u003C/div>\u003Cdiv data-v-018869bc=\"\" class=\"message-group\">\u003Ch2 data-v-018869bc=\"\" class=\"message-title\"> 网络服务 \u003C/h2>\u003Cdiv data-v-018869bc=\"\" title=\"发现有人通过 SSH 登录您的系统后台。登录时间：2026-05-26 22:58:07，IP：192.168.64.1\" class=\"message-content userselect-text\"> 发现有人通过 SSH 登录您的系统后台。登录时间：2026-05-26 22:58:07，IP：192.168.64.1 \u003C/div>\u003Cdiv data-v-018869bc=\"\" class=\"message-foot\">\u003Cspan data-v-018869bc=\"\" class=\"setting\" style=\"visibility: visible;\">查看详情\u003C/span>\u003Cspan data-v-018869bc=\"\" class=\"message-time\">2026-05-26 22:58:08\u003C/span>\u003C/div>\u003C/div>\u003Cdiv data-v-018869bc=\"\" class=\"delete el-icon-close\">\u003C/div>\u003C/div>\u003Cdiv data-v-018869bc=\"\" class=\"message-list\">\u003Cdiv data-v-018869bc=\"\" class=\"message-icon el-message-box__status el-icon-info\">\u003C/div>\u003Cdiv data-v-018869bc=\"\" class=\"message-group\">\u003Ch2 data-v-018869bc=\"\" class=\"message-title\"> 网络服务 \u003C/h2>\u003Cdiv data-v-018869bc=\"\" title=\"发现有人通过 SSH 登录您的系统后台。登录时间：2026-05-26 22:57:39，IP：192.168.64.1\" class=\"message-content userselect-text\"> 发现有人通过 SSH 登录您的系统后台。登录时间：2026-05-26 22:57:39，IP：192.168.64.1 \u003C/div>\u003Cdiv data-v-018869bc=\"\" class=\"message-foot\">\u003Cspan data-v-018869bc=\"\" class=\"setting\" style=\"visibility: visible;\">查看详情\u003C/span>\u003Cspan data-v-018869bc=\"\" class=\"message-time\">2026-05-26 22:57:40\u003C/span>\u003C/div>\u003C/div>\u003Cdiv data-v-018869bc=\"\" class=\"delete el-icon-close\">\u003C/div>\u003C/div>\u003Cdiv data-v-018869bc=\"\" class=\"message-list\">\u003Cdiv data-v-018869bc=\"\" class=\"message-icon el-message-box__status el-icon-info\">\u003C/div>\u003Cdiv data-v-018869bc=\"\" class=\"message-group\">\u003Ch2 data-v-018869bc=\"\" class=\"message-title\"> 网络服务 \u003C/h2>\u003Cdiv data-v-018869bc=\"\" title=\"发现有人通过 Physical Console 登录您的系统后台。登录时间：2026-05-26 22:33:38，IP：Unknown\" class=\"message-content userselect-text\"> 发现有人通过 Physical Console 登录您的系统后台。登录时间：2026-05-26 22:33:38，IP：Unknown \u003C/div>\u003Cdiv data-v-018869bc=\"\" class=\"message-foot\">\u003Cspan data-v-018869bc=\"\" class=\"setting\" style=\"visibility: visible;\">查看详情\u003C/span>\u003Cspan data-v-018869bc=\"\" class=\"message-time\">2026-05-26 22:33:45\u003C/span>\u003C/div>\u003C/div>\u003Cdiv data-v-018869bc=\"\" class=\"delete el-icon-close\">\u003C/div>\u003C/div>\u003Cdiv data-v-018869bc=\"\" class=\"message-list\">\u003Cdiv data-v-018869bc=\"\" class=\"message-icon el-message-box__status el-icon-warning\">\u003C/div>\u003Cdiv data-v-018869bc=\"\" class=\"message-group\">\u003Ch2 data-v-018869bc=\"\" class=\"message-title\"> 通用设置 \u003C/h2>\u003Cdiv data-v-018869bc=\"\" title=\"设备 TNAS 发生异常关机，可能由断电或系统异常引起，建议尽快检查设备及系统状态。\" class=\"message-content userselect-text\"> 设备 TNAS 发生异常关机，可能由断电或系统异常引起，建议尽快检查设备及系统状态。 \u003C/div>\u003Cdiv data-v-018869bc=\"\" class=\"message-foot\">\u003Cspan data-v-018869bc=\"\" class=\"setting\" style=\"visibility: hidden;\">查看详情\u003C/span>\u003Cspan data-v-018869bc=\"\" class=\"message-time\">2026-05-26 22:33:40\u003C/span>\u003C/div>\u003C/div>\u003Cdiv data-v-018869bc=\"\" class=\"delete el-icon-close\">\u003C/div>\u003C/div>\u003Cdiv data-v-018869bc=\"\" class=\"message-list\">\u003Cdiv data-v-018869bc=\"\" class=\"message-icon el-message-box__status el-icon-warning\">\u003C/div>\u003Cdiv data-v-018869bc=\"\" class=\"message-group\">\u003Ch2 data-v-018869bc=\"\" class=\"message-title\"> 通用设置 \u003C/h2>\u003Cdiv data-v-018869bc=\"\" title=\"设备 TNAS 发生异常关机，可能由断电或系统异常引起，建议尽快检查设备及系统状态。\" class=\"message-content userselect-text\"> 设备 TNAS 发生异常关机，可能由断电或系统异常引起，建议尽快检查设备及系统状态。 \u003C/div>\u003Cdiv data-v-018869bc=\"\" class=\"message-foot\">\u003Cspan data-v-018869bc=\"\" class=\"setting\" style=\"visibility: hidden;\">查看详情\u003C/span>\u003Cspan data-v-018869bc=\"\" class=\"message-time\">2026-05-25 21:04:49\u003C/span>\u003C/div>\u003C/div>\u003Cdiv data-v-018869bc=\"\" class=\"delete el-icon-close\">\u003C/div>\u003C/div>\u003Cdiv data-v-018869bc=\"\" class=\"message-list\">\u003Cdiv data-v-018869bc=\"\" class=\"message-icon el-message-box__status el-icon-warning\">\u003C/div>\u003Cdiv data-v-018869bc=\"\" class=\"message-group\">\u003Ch2 data-v-018869bc=\"\" class=\"message-title\"> 其它 \u003C/h2>\u003Cdiv data-v-018869bc=\"\" title=\"系统安全扫描异常，发现 4 个待处理的安全风险\" class=\"message-content userselect-text\"> 系统安全扫描异常，发现 4 个待处理的安全风险 \u003C/div>\u003Cdiv data-v-018869bc=\"\" class=\"message-foot\">\u003Cspan data-v-018869bc=\"\" class=\"setting\" style=\"visibility: visible;\">查看详情\u003C/span>\u003Cspan data-v-018869bc=\"\" class=\"message-time\">2026-05-25 19:26:39\u003C/span>\u003C/div>\u003C/div>\u003Cdiv data-v-018869bc=\"\" class=\"delete el-icon-close\">\u003C/div>\u003C/div>\u003C/div>\u003C/div>\u003C/div>\u003C/div>\u003Cdiv class=\"el-scrollbar__bar is-horizontal\">\u003Cdiv class=\"el-scrollbar__thumb\" style=\"transform: translateX(0%);\">\u003C/div>\u003C/div>\u003Cdiv class=\"el-scrollbar__bar is-vertical\">\u003Cdiv class=\"el-scrollbar__thumb\" style=\"transform: translateY(0%); height: 21.4065%;\">\u003C/div>\u003C/div>\u003C/div>\u003C/div>\u003C/div>\u003C/div>\u003C!---->\u003C!---->\u003C!---->\u003Cdiv data-v-5bce1a4c=\"\" class=\"v-tour\">\u003C!---->\u003Cdiv class=\"mask\" style=\"display: none;\">\u003C/div>\u003C/div>\u003C!---->\u003C!---->\u003C/div>\u003C/div>\u003Cscript>\u003C/script>\u003Cscript src=\"js/chunk-vendors.10331b6a.js\">\u003C/script>\u003Cscript src=\"js/app.ba0ca957.js\">\u003C/script>\u003Cdiv class=\"el-loading-mask is-fullscreen\" style=\"z-index: 2000; display: none;\">\u003Cdiv class=\"el-loading-spinner\">\u003Ci class=\"circular\">\u003C/i>\u003C!---->\u003C/div>\u003C/div>\u003C/body>\u003C/html>"} | headers=HTTPHeaderDict({'Content-Length': '1906408', 'Content-Type': 'application/json; charset=utf-8', 'cache-control': 'no-cache'})
DEBUG    selenium.webdriver.remote.remote_connection:remote_connection.py:468 Finished Request
DEBUG    selenium.webdriver.remote.remote_connection:remote_connection.py:406 GET http://localhost:58731/session/eaeb57ab0a4d1deb93b3eddb8c40d746/source {}
DEBUG    urllib3.connectionpool:connectionpool.py:544 http://localhost:58731 "GET /session/eaeb57ab0a4d1deb93b3eddb8c40d746/source HTTP/1.1" 200 0
DEBUG    selenium.webdriver.remote.remote_connection:remote_connection.py:439 Remote response: status=200 | data={"value":"\u003Chtml lang=\"\" data-theme=\"light\" style=\"--compoents-checkbox-color: #3491FA; --compoents-radio-color: #3491FA; --compoents-pool-color: #3491FA; --compoents-advance-color: #3491FA; --appStore-text-color: #3491FA; --compoents-button-color: #3491FA; --compoents-tabSlider-color: #3491FA; --compoents-activebg-color: #3491FA; --el-page-color: #3491FA; --common-primary-bgColor: #3491FA; --common-active-bgColor: #2B81E2; --common-tint-bgColor: #E8F3FF; --common-tint-second-bgColor: #D5E9FF; --common-disable-bgColor: #C9CDD4;\">\u003Chead>\u003Cmeta charset=\"utf-8\">\u003Cmeta http-equiv=\"X-UA-Compatible\" content=\"IE=edge\">\u003Cmeta name=\"renderer\" content=\"webkit\">\u003Cmeta name=\"viewport\" content=\"width=device-width,initial-scale=0.4\">\u003Cmeta http-equiv=\"Content-Type\" content=\"text/html; charset=utf-8\">\u003Cmeta http-equiv=\"Pragma\" content=\"no-cache\">\u003Cmeta http-equiv=\"Cache-Control\" content=\"no-cache, must-revalidate\">\u003Cmeta http-equiv=\"Expires\" content=\"0\">\u003Clink rel=\"shortcut icon\" href=\"./tos.ico?v=tos6\" sizes=\"48x48\">\u003Clink rel=\"shortcut icon\" href=\"./tos.ico?v=tos6\" sizes=\"32x32\">\u003Clink rel=\"shortcut icon\" href=\"./tos.svg?v=tos6\">\u003Ctitle>TNAS\u003C/title>\u003Cstyle>.overBody {\n            overflow: hidden;\n        }\u003C/style>\u003Clink href=\"css/chunk-vendors.62c5fb31.css\" rel=\"stylesheet\">\u003Clink href=\"css/app.2a90e497.css\" rel=\"stylesheet\">\u003Cstyle type=\"text/css\">\nmicro-app, micro-app-body { display: block; } \nmicro-app-head { display: none; }\u003C/style>\u003Cscript charset=\"utf-8\" src=\"js/chunk-2d0be333.dd089ebb.js\">\u003C/script>\u003Clink rel=\"stylesheet\" type=\"text/css\" href=\"css/login.457bffb0.css\">\u003Cscript charset=\"utf-8\" src=\"js/login.f4fcf04d.js\">\u003C/script>\u003Clink rel=\"stylesheet\" type=\"text/css\" href=\"css/chunk-ec20d398.89e99e93.css\">\u003Cscript charset=\"utf-8\" src=\"js/chunk-ec20d398.e87325dd.js\">\u003C/script>\u003Clink rel=\"stylesheet\" type=\"text/css\" href=\"css/desktop.97a623f9.css\">\u003Cscript charset=\"utf-8\" src=\"js/desktop.f21fd5e8.js\">\u003C/script>\u003Clink rel=\"stylesheet\" type=\"text/css\" href=\"css/chunk-48ce7c9d.0329c0c8.css\">\u003Cscript charset=\"utf-8\" src=\"js/chunk-48ce7c9d.b1e8981c.js\">\u003C/script>\u003Clink rel=\"stylesheet\" type=\"text/css\" href=\"css/chunk-783d3707.6a1f8ed8.css\">\u003Cscript charset=\"utf-8\" src=\"js/chunk-783d3707.018e34fa.js\">\u003C/script>\u003Clink rel=\"stylesheet\" type=\"text/css\" href=\"css/chunk-47c240c8.20768276.css\">\u003Cscript charset=\"utf-8\" src=\"js/chunk-47c240c8.543cc93d.js\">\u003C/script>\u003Clink rel=\"stylesheet\" type=\"text/css\" href=\"css/global-comp-x-contextmenus-vue.38a3c294.css\">\u003Cscript charset=\"utf-8\" src=\"js/global-comp-x-contextmenus-vue.24a3a269.js\">\u003C/script>\u003Clink rel=\"stylesheet\" type=\"text/css\" href=\"css/chunk-2e5a1ee0.32e1d662.css\">\u003Cscript charset=\"utf-8\" src=\"js/chunk-2e5a1ee0.fe80c796.js\">\u003C/script>\u003Clink rel=\"stylesheet\" type=\"text/css\" href=\"css/chunk-30323ef2.062b5462.css\">\u003Cscript charset=\"utf-8\" src=\"js/chunk-30323ef2.b96b678c.js\">\u003C/script>\u003Cscript charset=\"utf-8\" src=\"js/chunk-0cd8ea92.58295ac8.js\">\u003C/script>\u003Clink rel=\"stylesheet\" type=\"text/css\" href=\"css/chunk-6de1666a.dc471a4a.css\">\u003Cscript charset=\"utf-8\" src=\"js/chunk-6de1666a.bb6f8c48.js\">\u003C/script>\u003Clink rel=\"stylesheet\" type=\"text/css\" href=\"css/chunk-f4268e08.053130e1.css\">\u003Cscript charset=\"utf-8\" src=\"js/chunk-f4268e08.42c59548.js\">\u003C/script>\u003Cstyle type=\"text/css\">.vue-grid-item{-webkit-transition:all .2s ease;transition:all .2s ease;-webkit-transition-property:left,top,right;transition-property:left,top,right}.vue-grid-item.no-touch{-ms-touch-action:none;touch-action:none}.vue-grid-item.cssTransforms{-webkit-transition-property:-webkit-transform;transition-property:-webkit-transform;transition-property:transform;transition-property:transform,-webkit-transform;left:0;right:auto}.vue-grid-item.cssTransforms.render-rtl{left:auto;right:0}.vue-grid-item.resizing{opacity:.6;z-index:3}.vue-grid-item.vue-draggable-dragging{-webkit-transition:none;transition:none;z-index:3}.vue-grid-item.vue-grid-placeholder{background:red;opacity:.2;-webkit-transition-duration:.1s;transition-duration:.1s;z-index:2;-webkit-user-select:none;-moz-user-select:none;-ms-user-select:none;-o-user-select:none;user-select:none}.vue-grid-item>.vue-resizable-handle{position:absolute;width:20px;height:20px;bottom:0;right:0;background:url(\"data:image/svg+xml;base64,PHN2ZyBzdHlsZT0iYmFja2dyb3VuZC1jb2xvcjojZmZmZmZmMDAiIHhtbG5zPSJodHRwOi8vd3d3LnczLm9yZy8yMDAwL3N2ZyIgd2lkdGg9IjYiIGhlaWdodD0iNiI+PHBhdGggZD0iTTYgNkgwVjQuMmg0LjJWMEg2djZ6IiBvcGFjaXR5PSIuMzAyIi8+PC9zdmc+\");background-position:100% 100%;padding:0 3px 3px 0;background-repeat:no-repeat;background-origin:content-box;-webkit-box-sizing:border-box;box-sizing:border-box;cursor:se-resize}.vue-grid-item>.vue-rtl-resizable-handle{bottom:0;left:0;background:url(data:image/svg+xml;base64,PHN2ZyB3aWR0aD0iMTAiIGhlaWdodD0iMTAiIHhtbG5zPSJodHRwOi8vd3d3LnczLm9yZy8yMDAwL3N2ZyI+PHBhdGggZmlsbD0ibm9uZSIgZD0iTS0xLTFoMTJ2MTJILTF6Ii8+PGc+PHBhdGggc3Ryb2tlLWxpbmVjYXA9InVuZGVmaW5lZCIgc3Ryb2tlLWxpbmVqb2luPSJ1bmRlZmluZWQiIHN0cm9rZS13aWR0aD0iMS41IiBzdHJva2U9IiMwMDAiIGZpbGw9Im5vbmUiIGQ9Ik0xNDQuODIxLTM4LjM5M2wtMjAuMzU3LTMxLjc4NSIvPjxwYXRoIHN0cm9rZT0iIzY2NiIgc3Ryb2tlLWxpbmVjYXA9InVuZGVmaW5lZCIgc3Ryb2tlLWxpbmVqb2luPSJ1bmRlZmluZWQiIHN0cm9rZS13aWR0aD0iMiIgZmlsbD0ibm9uZSIgZD0iTS45NDctLjAxOHY5LjEyNU0tLjY1NiA5aDEwLjczIi8+PC9nPjwvc3ZnPg==);background-position:0 100%;padding-left:3px;background-repeat:no-repeat;background-origin:content-box;cursor:sw-resize;right:auto}.vue-grid-item.disable-userselect{-webkit-user-select:none;-moz-user-select:none;-ms-user-select:none;user-select:none}\u003C/style>\u003Cstyle type=\"text/css\">.vue-grid-layout{position:relative;-webkit-transition:height .2s ease;transition:height .2s ease}\u003C/style>\u003Clink rel=\"stylesheet\" type=\"text/css\" href=\"css/chunk-0ae556f8.ee9a29a3.css\">\u003Cscript charset=\"utf-8\" src=\"js/chunk-0ae556f8.0922d40c.js\">\u003C/script>\u003Cstyle id=\"erd_scroll_detection_scrollbar_style\">/* Created by the element-resize-detector library. */\n.erd_scroll_detection_container > div::-webkit-scrollbar { display: none; }\n\n.erd_scroll_detection_container_animation_active { -webkit-animation-duration: 0.1s; animation-duration: 0.1s; -webkit-animation-name: erd_scroll_detection_container_animation; animation-name: erd_scroll_detection_container_animation; }\n@-webkit-keyframes erd_scroll_detection_container_animation { 0% { opacity: 1; } 50% { opacity: 0; } 100% { opacity: 1; } }\n@keyframes erd_scroll_detection_container_animation { 0% { opacity: 1; } 50% { opacity: 0; } 100% { opacity: 1; } }\u003C/style>\u003Clink rel=\"stylesheet\" type=\"text/css\" href=\"css/chunk-363946a2.24b944f7.css\">\u003Cscript charset=\"utf-8\" src=\"js/chunk-363946a2.15da972b.js\">\u003C/script>\u003Clink rel=\"stylesheet\" type=\"text/css\" href=\"css/chunk-fb52fa52.1335c53b.css\">\u003Cscript charset=\"utf-8\" src=\"js/chunk-fb52fa52.c2bad134.js\">\u003C/script>\u003Clink rel=\"stylesheet\" type=\"text/css\" href=\"css/chunk-187ea536.9931a71e.css\">\u003Cscript charset=\"utf-8\" src=\"js/chunk-187ea536.872a2a3f.js\">\u003C/script>\u003Clink rel=\"stylesheet\" type=\"text/css\" href=\"css/global-comp-x-tab-index-vue.08cbf766.css\">\u003Cscript charset=\"utf-8\" src=\"js/global-comp-x-tab-index-vue.7f68811d.js\">\u003C/script>\u003Clink rel=\"stylesheet\" type=\"text/css\" href=\"css/chunk-fb35c328.7f46e022.css\">\u003Cscript charset=\"utf-8\" src=\"js/chunk-fb35c328.a6813529.js\">\u003C/script>\u003Clink rel=\"stylesheet\" type=\"text/css\" href=\"css/chunk-36fbb7b8.25954ced.css\">\u003Cscript charset=\"utf-8\" src=\"js/chunk-36fbb7b8.5b487b09.js\">\u003C/script>\u003Clink rel=\"stylesheet\" type=\"text/css\" href=\"css/chunk-c902408e.1597a32d.css\">\u003Cscript charset=\"utf-8\" src=\"js/chunk-c902408e.4f5f47d7.js\">\u003C/script>\u003C/head>\u003Cbody class=\"overBody\" style=\"position: relative;\">\u003Csvg aria-hidden=\"true\" style=\"position: absolute; width: 0px; height: 0px; overflow: hidden;\">\u003Csymbol id=\"iconsocks\" viewBox=\"0 0 1024 1024\">\u003Cpath d=\"M889.002667 1024H134.997333A135.210667 135.210667 0 0 1 0 889.002667V134.997333A135.210667 135.210667 0 0 1 134.997333 0h754.005334A135.210667 135.210667 0 0 1 1024 134.997333v754.005334A135.210667 135.210667 0 0 1 889.002667 1024zM134.997333 90.026667c-24.789333 0-45.013333 20.181333-45.013333 44.970666v754.005334c0 24.789333 20.224 45.013333 45.013333 45.013333h754.005334c24.789333 0 45.013333-20.224 45.013333-45.013333V134.997333c0-24.789333-20.224-45.013333-45.013333-45.013333H134.997333z\">\u003C/path>\u003Cpath d=\"M45.013333 331.989333h933.973334v90.026667H45.013333V331.946667zM230.997333 210.986667q0 2.474667-0.256 4.906666-0.213333 2.432-0.682666 4.864-0.512 2.389333-1.194667 4.736-0.725333 2.389333-1.706667 4.650667-0.896 2.261333-2.048 4.437333-1.152 2.133333-2.56 4.181334-1.322667 2.048-2.901333 3.968-1.536 1.877333-3.285333 3.626666-1.706667 1.706667-3.626667 3.285334-1.92 1.578667-3.968 2.944-2.048 1.365333-4.181333 2.517333-2.176 1.152-4.437334 2.090667-2.304 0.938667-4.650666 1.664-2.346667 0.682667-4.736 1.194666-2.432 0.426667-4.864 0.725334-2.432 0.213333-4.906667 0.213333-2.432 0-4.906667-0.213333-2.432-0.256-4.821333-0.725334-2.432-0.512-4.778667-1.194666-2.346667-0.725333-4.608-1.664t-4.437333-2.133334q-2.176-1.109333-4.224-2.474666-2.048-1.365333-3.925333-2.944-1.92-1.536-3.626667-3.285334-1.749333-1.706667-3.328-3.626666-1.536-1.92-2.901333-3.968-1.365333-2.005333-2.56-4.181334-1.109333-2.176-2.048-4.437333-0.981333-2.261333-1.706667-4.650667-0.682667-2.346667-1.152-4.736-0.469333-2.432-0.725333-4.864-0.256-2.432-0.256-4.906666 0-2.432 0.256-4.906667 0.256-2.432 0.725333-4.821333 0.469333-2.432 1.194667-4.778667 0.682667-2.346667 1.664-4.608 0.938667-2.261333 2.090666-4.437333 1.152-2.133333 2.517334-4.224 1.365333-2.048 2.901333-3.925334 1.578667-1.92 3.328-3.626666 1.706667-1.749333 3.626667-3.328 1.877333-1.536 3.925333-2.901334 2.048-1.365333 4.224-2.56 2.133333-1.109333 4.437333-2.048 2.261333-0.938667 4.608-1.706666 2.346667-0.682667 4.778667-1.152 2.389333-0.469333 4.821333-0.725334 2.474667-0.256 4.906667-0.256 2.474667 0 4.906667 0.256t4.864 0.725334q2.389333 0.469333 4.736 1.194666t4.650666 1.664q2.261333 0.938667 4.437334 2.090667 2.133333 1.152 4.181333 2.517333t3.968 2.901334q1.877333 1.578667 3.626667 3.328 1.706667 1.706667 3.285333 3.626666 1.578667 1.877333 2.944 3.925334 1.365333 2.048 2.517333 4.224 1.152 2.133333 2.090667 4.437333 0.938667 2.261333 1.664 4.608 0.682667 2.346667 1.194667 4.778667 0.426667 2.389333 0.682666 4.821333 0.256 2.474667 0.256 4.906667zM371.029333 210.986667q0 2.474667-0.256 4.906666-0.256 2.474667-0.725333 4.864-0.469333 2.432-1.194667 4.778667-0.682667 2.346667-1.621333 4.608-0.981333 2.261333-2.133333 4.437333-1.152 2.133333-2.517334 4.224-1.365333 2.048-2.901333 3.925334-1.578667 1.92-3.328 3.669333-1.706667 1.706667-3.626667 3.285333-1.877333 1.536-3.925333 2.901334-2.048 1.365333-4.224 2.56-2.133333 1.152-4.437333 2.090666-2.261333 0.938667-4.608 1.664-2.346667 0.682667-4.778667 1.152-2.389333 0.512-4.864 0.725334-2.432 0.256-4.906667 0.256-2.432 0-4.864-0.256-2.474667-0.213333-4.864-0.725334-2.432-0.426667-4.778666-1.152t-4.608-1.706666q-2.261333-0.896-4.437334-2.048-2.176-1.194667-4.224-2.56-2.048-1.365333-3.925333-2.901334-1.92-1.578667-3.669333-3.285333-1.706667-1.749333-3.285334-3.669333-1.536-1.877333-2.901333-3.925334-1.365333-2.048-2.56-4.224-1.152-2.133333-2.090667-4.437333-0.938667-2.261333-1.621333-4.608-0.725333-2.346667-1.194667-4.778667-0.512-2.389333-0.725333-4.864-0.256-2.432-0.256-4.906666 0-2.432 0.256-4.906667 0.213333-2.432 0.725333-4.821333 0.426667-2.432 1.194667-4.778667 0.682667-2.346667 1.621333-4.608 0.938667-2.304 2.133334-4.437333 1.152-2.176 2.517333-4.266667 1.365333-2.005333 2.901333-3.925333 1.578667-1.877333 3.285334-3.626667 1.749333-1.706667 3.669333-3.285333 1.877333-1.578667 3.925333-2.944 2.048-1.365333 4.224-2.517334 2.133333-1.152 4.437334-2.133333 2.261333-0.896 4.608-1.621333 2.346667-0.725333 4.778666-1.194667 2.389333-0.469333 4.864-0.725333 2.432-0.213333 4.864-0.213334 2.474667 0 4.906667 0.213334 2.474667 0.256 4.864 0.725333 2.432 0.469333 4.778667 1.194667t4.608 1.664q2.261333 0.938667 4.437333 2.133333 2.133333 1.109333 4.224 2.474667 2.048 1.365333 3.925333 2.944 1.92 1.536 3.626667 3.285333 1.749333 1.706667 3.328 3.626667 1.536 1.92 2.901333 3.968 1.365333 2.048 2.56 4.224 1.109333 2.133333 2.090667 4.437333 0.938667 2.261333 1.621333 4.608 0.725333 2.346667 1.194667 4.778667 0.469333 2.389333 0.725333 4.821333 0.256 2.474667 0.256 4.906667zM411.008 210.986667a50.005333 50.005333 0 1 0 100.010667 0.128 50.005333 50.005333 0 0 0-100.010667-0.128z\">\u003C/path>\u003Cpath d=\"M121.386667 613.973333q0-14.933333 7.381333-26.538666 7.338667-11.648 21.205333-18.133334 13.866667-6.528 32.64-6.528 23.893333 0 39.253334 9.514667 15.36 9.472 21.12 27.605333l-26.666667 12.373334q-4.053333-10.453333-11.818667-15.786667-7.808-5.333333-21.034666-5.333333-14.293333 0-21.418667 5.461333-7.168 5.418667-7.168 15.872 0 10.026667 7.466667 15.36t26.24 8.746667q30.08 5.333333 43.733333 18.56 13.653333 13.226667 13.653333 36.693333 0 15.36-8.234666 27.648-8.192 12.245333-23.04 19.072-14.805333 6.826667-33.578667 6.826667-26.026667 0-43.306667-10.666667-17.28-10.666667-23.04-30.293333l26.88-12.586667q3.84 12.373333 13.866667 18.773333 10.026667 6.4 25.386667 6.4t23.338666-6.272q8.021333-6.314667 8.021334-18.048 0-11.093333-8.448-17.493333-8.405333-6.4-29.098667-10.24-27.306667-4.906667-40.32-17.493333-13.013333-12.586667-13.013333-33.493334zM345.6 745.386667q-23.68 0-42.026667-11.52-18.346667-11.52-28.586666-32.213334-10.24-20.693333-10.24-47.573333t10.24-47.573333q10.24-20.693333 28.586666-32.213334 18.346667-11.52 42.026667-11.52 23.68 0 42.112 11.52 18.474667 11.52 28.586667 32.213334 10.154667 20.693333 10.154666 47.573333t-10.154666 47.573333q-10.112 20.693333-28.586667 32.213334-18.432 11.52-42.112 11.52z m0-27.306667q13.866667 0 24.746667-7.978667 10.88-8.021333 16.853333-22.613333 5.973333-14.634667 5.973333-33.408 0-18.986667-5.973333-33.493333t-16.853333-22.485334q-10.88-8.021333-24.746667-8.021333-13.866667 0-24.618667 8.021333-10.794667 7.978667-16.768 22.485334t-5.973333 33.493333q0 18.773333 5.973333 33.408 5.973333 14.592 16.768 22.613333 10.752 7.978667 24.618667 7.978667z m183.253333 0q29.013333 0 37.546667-27.946667l27.52 12.8q-5.76 19.84-22.613333 31.146667-16.853333 11.306667-41.813334 11.306667-23.893333 0-42.453333-11.392-18.56-11.434667-28.8-32.128-10.24-20.693333-10.24-47.786667 0-26.88 10.24-47.573333t28.8-32.213334q18.56-11.52 42.453333-11.52 24.96 0 41.813334 11.221334 16.853333 11.178667 22.613333 31.018666l-27.52 13.013334q-8.533333-27.946667-37.546667-27.946667-13.866667 0-24.661333 8.021333-10.752 7.978667-16.725333 22.485334t-5.973334 33.493333q0 18.986667 5.973334 33.493333t16.725333 22.528q10.794667 7.978667 24.661333 7.978667z m189.013334 24.32l-67.626667-88.32v88.32h-33.493333v-176.853333h33.493333v79.36l61.44-79.36h40.106667l-68.053334 83.2 75.52 93.653333h-41.386666z m55.466666-128.426667q0-14.933333 7.381334-26.538666 7.338667-11.648 21.205333-18.133334 13.866667-6.528 32.64-6.528 23.893333 0 39.253333 9.514667 15.36 9.472 21.12 27.605333l-26.666666 12.373334q-4.053333-10.453333-11.818667-15.786667-7.808-5.333333-21.034667-5.333333-14.293333 0-21.461333 5.461333-7.125333 5.418667-7.125333 15.872 0 10.026667 7.466666 15.36t26.24 8.746667q30.08 5.333333 43.733334 18.56 13.653333 13.226667 13.653333 36.693333 0 15.36-8.234667 27.648-8.192 12.245333-23.04 19.072-14.805333 6.826667-33.578666 6.826667-26.026667 0-43.306667-10.666667-17.28-10.666667-23.04-30.293333l26.88-12.586667q3.84 12.373333 13.866667 18.773333 10.026667 6.4 25.386666 6.4t23.338667-6.272q8.021333-6.314667 8.021333-18.048 0-11.093333-8.448-17.493333-8.405333-6.4-29.098666-10.24-27.306667-4.906667-40.32-17.493333-13.013333-12.586667-13.013334-33.493334z\">\u003C/path>\u003C/symbol>\u003Csymbol id=\"iconhttp\" viewBox=\"0 0 1024 1024\">\u003Cpath d=\"M889.002667 1024H134.997333A135.210667 135.210667 0 0 1 0 889.002667V134.997333A135.210667 135.210667 0 0 1 134.997333 0h754.005334A135.210667 135.210667 0 0 1 1024 134.997333v754.005334A135.210667 135.210667 0 0 1 889.002667 1024zM134.997333 90.026667c-24.789333 0-45.013333 20.181333-45.013333 44.970666v754.005334c0 24.789333 20.224 45.013333 45.013333 45.013333h754.005334c24.789333 0 45.013333-20.224 45.013333-45.013333V134.997333c0-24.789333-20.224-45.013333-45.013333-45.013333H134.997333z\">\u003C/path>\u003Cpath d=\"M45.013333 331.989333h933.973334v90.026667H45.013333V331.946667zM230.997333 210.986667q0 2.474667-0.256 4.906666-0.213333 2.432-0.682666 4.864-0.512 2.389333-1.194667 4.736-0.725333 2.389333-1.706667 4.650667-0.896 2.261333-2.048 4.437333-1.152 2.133333-2.56 4.181334-1.322667 2.048-2.901333 3.968-1.536 1.877333-3.285333 3.626666-1.706667 1.706667-3.626667 3.285334-1.92 1.578667-3.968 2.944-2.048 1.365333-4.181333 2.517333-2.176 1.152-4.437334 2.090667-2.304 0.938667-4.650666 1.664-2.346667 0.682667-4.736 1.194666-2.432 0.426667-4.864 0.725334-2.432 0.213333-4.906667 0.213333-2.432 0-4.906667-0.213333-2.432-0.256-4.821333-0.725334-2.432-0.512-4.778667-1.194666-2.346667-0.725333-4.608-1.664t-4.437333-2.133334q-2.176-1.109333-4.224-2.474666-2.048-1.365333-3.925333-2.944-1.92-1.536-3.626667-3.285334-1.749333-1.706667-3.328-3.626666-1.536-1.92-2.901333-3.968-1.365333-2.005333-2.56-4.181334-1.109333-2.176-2.048-4.437333-0.981333-2.261333-1.706667-4.650667-0.682667-2.346667-1.152-4.736-0.469333-2.432-0.725333-4.864-0.256-2.432-0.256-4.906666 0-2.432 0.256-4.906667 0.256-2.432 0.725333-4.821333 0.469333-2.432 1.194667-4.778667 0.682667-2.346667 1.664-4.608 0.938667-2.261333 2.090666-4.437333 1.152-2.133333 2.517334-4.224 1.365333-2.048 2.901333-3.925334 1.578667-1.92 3.328-3.626666 1.706667-1.749333 3.626667-3.328 1.877333-1.536 3.925333-2.901334 2.048-1.365333 4.224-2.56 2.133333-1.109333 4.437333-2.048 2.261333-0.938667 4.608-1.706666 2.346667-0.682667 4.778667-1.152 2.389333-0.469333 4.821333-0.725334 2.474667-0.256 4.906667-0.256 2.474667 0 4.906667 0.256t4.864 0.725334q2.389333 0.469333 4.736 1.194666t4.650666 1.664q2.261333 0.938667 4.437334 2.090667 2.133333 1.152 4.181333 2.517333t3.968 2.901334q1.877333 1.578667 3.626667 3.328 1.706667 1.706667 3.285333 3.626666 1.578667 1.877333 2.944 3.925334 1.365333 2.048 2.517333 4.224 1.152 2.133333 2.090667 4.437333 0.938667 2.261333 1.664 4.608 0.682667 2.346667 1.194667 4.778667 0.426667 2.389333 0.682666 4.821333 0.256 2.474667 0.256 4.906667zM371.029333 210.986667q0 2.474667-0.256 4.906666-0.256 2.474667-0.725333 4.864-0.469333 2.432-1.194667 4.778667-0.682667 2.346667-1.621333 4.608-0.981333 2.261333-2.133333 4.437333-1.152 2.133333-2.517334 4.224-1.365333 2.048-2.901333 3.925334-1.578667 1.92-3.328 3.669333-1.706667 1.706667-3.626667 3.285333-1.877333 1.536-3.925333 2.901334-2.048 1.365333-4.224 2.56-2.133333 1.152-4.437333 2.090666-2.261333 0.938667-4.608 1.664-2.346667 0.682667-4.778667 1.152-2.389333 0.512-4.864 0.725334-2.432 0.256-4.906667 0.256-2.432 0-4.864-0.256-2.474667-0.213333-4.864-0.725334-2.432-0.426667-4.778666-1.152t-4.608-1.706666q-2.261333-0.896-4.437334-2.048-2.176-1.194667-4.224-2.56-2.048-1.365333-3.925333-2.901334-1.92-1.578667-3.669333-3.285333-1.706667-1.749333-3.285334-3.669333-1.536-1.877333-2.901333-3.925334-1.365333-2.048-2.56-4.224-1.152-2.133333-2.090667-4.437333-0.938667-2.261333-1.621333-4.608-0.725333-2.346667-1.194667-4.778667-0.512-2.389333-0.725333-4.864-0.256-2.432-0.256-4.906666 0-2.432 0.256-4.906667 0.213333-2.432 0.725333-4.821333 0.426667-2.432 1.194667-4.778667 0.682667-2.346667 1.621333-4.608 0.938667-2.304 2.133334-4.437333 1.152-2.176 2.517333-4.266667 1.365333-2.005333 2.901333-3.925333 1.578667-1.877333 3.285334-3.626667 1.749333-1.706667 3.669333-3.285333 1.877333-1.578667 3.925333-2.944 2.048-1.365333 4.224-2.517334 2.133333-1.152 4.437334-2.133333 2.261333-0.896 4.608-1.621333 2.346667-0.725333 4.778666-1.194667 2.389333-0.469333 4.864-0.725333 2.432-0.213333 4.864-0.213334 2.474667 0 4.906667 0.213334 2.474667 0.256 4.864 0.725333 2.432 0.469333 4.778667 1.194667t4.608 1.664q2.261333 0.938667 4.437333 2.133333 2.133333 1.109333 4.224 2.474667 2.048 1.365333 3.925333 2.944 1.92 1.536 3.626667 3.285333 1.749333 1.706667 3.328 3.626667 1.536 1.92 2.901333 3.968 1.365333 2.048 2.56 4.224 1.109333 2.133333 2.090667 4.437333 0.938667 2.261333 1.621333 4.608 0.725333 2.346667 1.194667 4.778667 0.469333 2.389333 0.725333 4.821333 0.256 2.474667 0.256 4.906667zM411.008 210.986667a50.005333 50.005333 0 1 0 100.010667 0.128 50.005333 50.005333 0 0 0-100.010667-0.128z\">\u003C/path>\u003Cpath d=\"M331.52 565.546667V742.4h-33.493333v-78.72H220.586667V742.4h-33.493334v-176.853333h33.493334V635.733333h77.44v-70.186666h33.493333z m173.013333 28.16h-46.506666V742.4H424.533333v-148.693333H377.813333v-28.16h126.72v28.16z m165.546667 0h-46.506667V742.4h-33.493333v-148.693333h-46.72v-28.16h126.72v28.16z m169.386667 29.44q0 17.066667-7.253334 30.08-7.253333 13.013333-20.352 20.266666-13.141333 7.253333-30.421333 7.253334h-31.36V742.4h-33.493333v-176.853333h64.853333q17.28 0 30.421333 7.253333 13.098667 7.253333 20.352 20.266667 7.253333 13.013333 7.253334 30.08z m-33.493334 0q0-15.146667-8.32-23.253334-8.32-8.106667-23.68-8.106666h-23.893333v62.72h23.893333q15.36 0 23.68-8.106667 8.32-8.106667 8.32-23.253333z\">\u003C/path>\u003C/symbol>\u003Csymbol id=\"iconhttps\" viewBox=\"0 0 1024 1024\">\u003Cpath d=\"M889.002667 1024H134.997333A135.210667 135.210667 0 0 1 0 889.002667V134.997333A135.210667 135.210667 0 0 1 134.997333 0h754.005334A135.210667 135.210667 0 0 1 1024 134.997333v754.005334A135.210667 135.210667 0 0 1 889.002667 1024zM134.997333 90.026667c-24.789333 0-45.013333 20.181333-45.013333 44.970666v754.005334c0 24.789333 20.224 45.013333 45.013333 45.013333h754.005334c24.789333 0 45.013333-20.224 45.013333-45.013333V134.997333c0-24.789333-20.224-45.013333-45.013333-45.013333H134.997333z\">\u003C/path>\u003Cpath d=\"M45.013333 331.989333h933.973334v90.026667H45.013333V331.946667zM230.997333 210.986667q0 2.474667-0.256 4.906666-0.213333 2.432-0.682666 4.864-0.512 2.389333-1.194667 4.736-0.725333 2.389333-1.706667 4.650667-0.896 2.261333-2.048 4.437333-1.152 2.133333-2.56 4.181334-1.322667 2.048-2.901333 3.968-1.536 1.877333-3.285333 3.626666-1.706667 1.706667-3.626667 3.285334-1.92 1.578667-3.968 2.944-2.048 1.365333-4.181333 2.517333-2.176 1.152-4.437334 2.090667-2.304 0.938667-4.650666 1.664-2.346667 0.682667-4.736 1.194666-2.432 0.426667-4.864 0.725334-2.432 0.213333-4.906667 0.213333-2.432 0-4.906667-0.213333-2.432-0.256-4.821333-0.725334-2.432-0.512-4.778667-1.194666-2.346667-0.725333-4.608-1.664t-4.437333-2.133334q-2.176-1.109333-4.224-2.474666-2.048-1.365333-3.925333-2.944-1.92-1.536-3.626667-3.285334-1.749333-1.706667-3.328-3.626666-1.536-1.92-2.901333-3.968-1.365333-2.005333-2.56-4.181334-1.109333-2.176-2.048-4.437333-0.981333-2.261333-1.706667-4.650667-0.682667-2.346667-1.152-4.736-0.469333-2.432-0.725333-4.864-0.256-2.432-0.256-4.906666 0-2.432 0.256-4.906667 0.256-2.432 0.725333-4.821333 0.469333-2.432 1.194667-4.778667 0.682667-2.346667 1.664-4.608 0.938667-2.261333 2.090666-4.437333 1.152-2.133333 2.517334-4.224 1.365333-2.048 2.901333-3.925334 1.578667-1.92 3.328-3.626666 1.706667-1.749333 3.626667-3.328 1.877333-1.536 3.925333-2.901334 2.048-1.365333 4.224-2.56 2.133333-1.109333 4.437333-2.048 2.261333-0.938667 4.608-1.706666 2.346667-0.682667 4.778667-1.152 2.389333-0.469333 4.821333-0.725334 2.474667-0.256 4.906667-0.256 2.474667 0 4.906667 0.256t4.864 0.725334q2.389333 0.469333 4.736 1.194666t4.650666 1.664q2.261333 0.938667 4.437334 2.090667 2.133333 1.152 4.181333 2.517333t3.968 2.901334q1.877333 1.578667 3.626667 3.328 1.706667 1.706667 3.285333 3.626666 1.578667 1.877333 2.944 3.925334 1.365333 2.048 2.517333 4.224 1.152 2.133333 2.090667 4.437333 0.938667 2.261333 1.664 4.608 0.682667 2.346667 1.194667 4.778667 0.426667 2.389333 0.682666 4.821333 0.256 2.474667 0.256 4.906667zM371.029333 210.986667q0 2.474667-0.256 4.906666-0.256 2.474667-0.725333 4.864-0.469333 2.432-1.194667 4.778667-0.682667 2.346667-1.621333 4.608-0.981333 2.261333-2.133333 4.437333-1.152 2.133333-2.517334 4.224-1.365333 2.048-2.901333 3.925334-1.578667 1.92-3.328 3.669333-1.706667 1.706667-3.626667 3.285333-1.877333 1.536-3.925333 2.901334-2.048 1.365333-4.224 2.56-2.133333 1.152-4.437333 2.090666-2.261333 0.938667-4.608 1.664-2.346667 0.682667-4.778667 1.152-2.389333 0.512-4.864 0.725334-2.432 0.256-4.906667 0.256-2.432 0-4.864-0.256-2.474667-0.213333-4.864-0.725334-2.432-0.426667-4.778666-1.152t-4.608-1.706666q-2.261333-0.896-4.437334-2.048-2.176-1.194667-4.224-2.56-2.048-1.365333-3.925333-2.901334-1.92-1.578667-3.669333-3.285333-1.706667-1.749333-3.285334-3.669333-1.536-1.877333-2.901333-3.925334-1.365333-2.048-2.56-4.224-1.152-2.133333-2.090667-4.437333-0.938667-2.261333-1.621333-4.608-0.725333-2.346667-1.194667-4.778667-0.512-2.389333-0.725333-4.864-0.256-2.432-0.256-4.906666 0-2.432 0.256-4.906667 0.213333-2.432 0.725333-4.821333 0.426667-2.432 1.194667-4.778667 0.682667-2.346667 1.621333-4.608 0.938667-2.304 2.133334-4.437333 1.152-2.176 2.517333-4.266667 1.365333-2.005333 2.901333-3.925333 1.578667-1.877333 3.285334-3.626667 1.749333-1.706667 3.669333-3.285333 1.877333-1.578667 3.925333-2.944 2.048-1.365333 4.224-2.517334 2.133333-1.152 4.437334-2.133333 2.261333-0.896 4.608-1.621333 2.346667-0.725333 4.778666-1.194667 2.389333-0.469333 4.864-0.725333 2.432-0.213333 4.864-0.213334 2.474667 0 4.906667 0.213334 2.474667 0.256 4.864 0.725333 2.432 0.469333 4.778667 1.194667t4.608 1.664q2.261333 0.938667 4.437333 2.133333 2.133333 1.109333 4.224 2.474667 2.048 1.365333 3.925333 2.944 1.92 1.536 3.626667 3.285333 1.749333 1.706667 3.328 3.626667 1.536 1.92 2.901333 3.968 1.365333 2.048 2.56 4.224 1.109333 2.133333 2.090667 4.437333 0.938667 2.261333 1.621333 4.608 0.725333 2.346667 1.194667 4.778667 0.469333 2.389333 0.725333 4.821333 0.256 2.474667 0.256 4.906667zM411.008 210.986667a50.005333 50.005333 0 1 0 100.010667 0.128 50.005333 50.005333 0 0 0-100.010667-0.128z\">\u003C/path>\u003Cpath d=\"M288.853333 565.546667V742.4h-33.493333v-78.72H177.92V742.4h-33.493333v-176.853333h33.493333V635.733333h77.44v-70.186666h33.493333z m150.613334 28.16H392.96V742.4h-33.493333v-148.693333H312.746667v-28.16h126.72v28.16z m143.146666 0h-46.506666V742.4h-33.493334v-148.693333h-46.72v-28.16h126.72v28.16z m146.986667 29.44q0 17.066667-7.253333 30.08-7.253333 13.013333-20.394667 20.266666-13.098667 7.253333-30.378667 7.253334h-31.36V742.4h-33.493333v-176.853333h64.853333q17.28 0 30.378667 7.253333 13.141333 7.253333 20.394667 20.266667 7.253333 13.013333 7.253333 30.08z m-33.493333 0q0-15.146667-8.32-23.253334-8.32-8.106667-23.68-8.106666h-23.893334v62.72h23.893334q15.36 0 23.68-8.106667 8.32-8.106667 8.32-23.253333z m56.106666-9.173334q0-14.933333 7.338667-26.538666 7.381333-11.648 21.248-18.133334 13.866667-6.528 32.64-6.528 23.893333 0 39.253333 9.514667 15.36 9.472 21.12 27.605333l-26.666666 12.373334q-4.053333-10.453333-11.861334-15.786667-7.765333-5.333333-20.992-5.333333-14.293333 0-21.461333 5.461333-7.125333 5.418667-7.125333 15.872 0 10.026667 7.466666 15.36t26.24 8.746667q30.08 5.333333 43.733334 18.56 13.653333 13.226667 13.653333 36.693333 0 15.36-8.234667 27.648-8.192 12.245333-23.04 19.072-14.805333 6.826667-33.578666 6.826667-26.026667 0-43.306667-10.666667-17.28-10.666667-23.04-30.293333l26.88-12.586667q3.84 12.373333 13.866667 18.773333 10.026667 6.4 25.386666 6.4t23.338667-6.272q8.021333-6.314667 8.021333-18.048 0-11.093333-8.448-17.493333-8.405333-6.4-29.098666-10.24-27.306667-4.906667-40.32-17.493333-13.013333-12.586667-13.013334-33.493334z\">\u003C/path>\u003C/symbol>\u003Csymbol id=\"iconrongqi5\" viewBox=\"0 0 1024 1024\">\u003Cpath d=\"M847.6672 85.3504c11.2128 0 20.2752 9.0624 20.2752 20.2752v410.1632a208.2816 208.2816 0 0 0-81.2544-23.4496V166.5536H217.856v690.7904h209.408c8.704 31.4368 26.2656 59.648 50.688 81.3056H156.7744a20.3264 20.3264 0 0 1-20.2752-20.3264V105.6256c0-11.2128 9.0624-20.2752 20.2752-20.2752h690.7904zM481.8944 451.0208c10.3424 0 18.9952 7.68 20.224 17.92l0.1024 2.4064V512l-0.1024 2.4064a20.3264 20.3264 0 0 1-17.8176 17.7664l-2.4064 0.1536h-121.856l-2.4064-0.1536a20.3264 20.3264 0 0 1-17.8176-17.8176L339.712 512v-40.6528l0.1024-2.3552a20.3264 20.3264 0 0 1 17.8176-17.8176l2.4064-0.1536h121.856z m162.56-162.56c10.3424 0 18.9952 7.68 20.224 17.9712l0.1024 2.4064v40.6016l-0.1024 2.4064a20.3264 20.3264 0 0 1-17.8688 17.7664l-2.3552 0.1536H360.0384l-2.4064-0.1536a20.3264 20.3264 0 0 1-17.8176-17.7664l-0.1024-2.4064v-40.6016l0.1024-2.4064a20.3264 20.3264 0 0 1 17.8176-17.8176l2.4064-0.1024h284.416z\">\u003C/path>\u003Cpath d=\"M527.104 614.144Q463.36 677.888 463.36 768q0 90.112 63.744 153.856Q590.848 985.6 680.96 985.6q90.112 0 153.856-63.744Q898.56 858.112 898.56 768q0-90.112-63.744-153.856Q771.072 550.4 680.96 550.4q-90.112 0-153.856 63.744z m263.2704 44.4416q45.3632 45.312 45.3632 109.4144t-45.3632 109.4144q-45.312 45.3632-109.4144 45.3632t-109.4144-45.3632q-45.3632-45.312-45.3632-109.4144t45.3632-109.4144q45.312-45.3632 109.4144-45.3632t109.4144 45.3632z m-77.9776 29.184v-3.5328l-0.4608-5.7344q-2.6624-16.384-21.6576-16.384H665.6q-16.0256 6.144-16.0768 22.1184v93.0816q0 22.016 22.1184 22.1184h93.1328q22.016-0.0512 22.0672-22.1184v-18.6368q0-22.016-22.1184-22.1184h-52.3264v-48.8448z\">\u003C/path>\u003C/symbol>\u003Csymbol id=\"iconfenpeiwangluo\" viewBox=\"0 0 1100 1024\">\u003Cpath d=\"M201.144558 333.395349v-119.069768q0-3.524465 0.666791-6.953674 0.714419-3.476837 2.048-6.715535 1.333581-3.238698 3.333953-6.191628 1.905116-2.905302 4.381768-5.381953 2.524279-2.524279 5.429581-4.477024 2.905302-1.905116 6.191628-3.286325 3.238698-1.333581 6.667907-2.048Q233.341023 178.604651 236.865488 178.604651h555.627163q3.524465 0 7.001302 0.666791 3.429209 0.714419 6.667907 2.048 3.286326 1.333581 6.191628 3.333953 2.95293 1.905116 5.429582 4.429396 2.476651 2.476651 4.429395 5.381953 1.952744 2.95293 3.333954 6.191628 1.333581 3.238698 2.000372 6.667907 0.666791 3.476837 0.66679 7.001302v119.069768q0 3.524465-0.66679 6.953674-0.666791 3.476837-2.048 6.715535-1.333581 3.238698-3.286326 6.191628-1.952744 2.905302-4.429395 5.381954-2.476651 2.524279-5.429582 4.477023-2.905302 1.905116-6.191628 3.286325-3.238698 1.333581-6.667907 2.048-3.476837 0.666791-7.001302 0.666791H550.4v127.023628h162.220651a35.72093 35.72093 0 0 1 27.052651 12.383256l119.593675 138.930604c1.952744 2.28614 3.619721 4.762791 4.905674 7.429954h47.389768q3.524465 0 7.001302 0.666791 3.429209 0.714419 6.667907 2.048 3.286326 1.333581 6.191628 3.333953 2.905302 1.905116 5.429581 4.429395 2.476651 2.476651 4.429396 5.381954 1.952744 2.95293 3.333953 6.191628 1.333581 3.238698 2.000372 6.667907 0.666791 3.476837 0.666791 7.001302v158.743814q0 3.524465-0.666791 7.001302-0.666791 3.429209-2.048 6.667907-1.333581 3.286326-3.333953 6.191628-1.905116 2.905302-4.381768 5.429582-2.524279 2.476651-5.429581 4.429395-2.905302 1.952744-6.191628 3.333954-3.238698 1.333581-6.667907 2.000372-3.476837 0.666791-7.001302 0.66679H752.818605q-3.524465 0-6.953675-0.66679-3.476837-0.666791-6.715535-2.048-3.238698-1.333581-6.191628-3.333954-2.905302-1.905116-5.381953-4.381767-2.524279-2.524279-4.477023-5.429582-1.905116-2.905302-3.286326-6.191628-1.333581-3.238698-2.048-6.667907-0.666791-3.476837-0.666791-7.001302V690.604651q0-3.524465 0.666791-6.953674 0.714419-3.476837 2.048-6.715535 1.333581-3.238698 3.333954-6.191628 1.905116-2.905302 4.429395-5.381954 2.476651-2.524279 5.381953-4.477023 2.95293-1.905116 6.191628-3.286325 3.238698-1.333581 6.667907-2.048Q749.341767 654.883721 752.818605 654.883721h18.574883l-75.156837-87.301954H550.4V654.883721h43.674791q3.476837 0 6.953674 0.666791 3.429209 0.714419 6.667907 2.048 3.286326 1.333581 6.191628 3.333953 2.95293 1.905116 5.429581 4.429395 2.476651 2.476651 4.429396 5.381954 1.952744 2.95293 3.333953 6.191628 1.333581 3.238698 2.000372 6.667907 0.714419 3.476837 0.714419 7.001302v158.743814q0 3.524465-0.714419 7.001302-0.666791 3.429209-2.048 6.667907-1.333581 3.286326-3.286325 6.191628-1.905116 2.905302-4.429396 5.429582-2.476651 2.476651-5.429581 4.429395-2.905302 1.952744-6.191628 3.333954-3.238698 1.333581-6.667907 2.000372-3.476837 0.666791-6.953674 0.66679H435.283349q-3.524465 0-6.953675-0.66679-3.476837-0.666791-6.667907-2.048-3.286326-1.333581-6.191627-3.333954-2.95293-1.905116-5.429582-4.381767-2.476651-2.524279-4.429395-5.429582-1.952744-2.905302-3.333954-6.191628-1.333581-3.238698-2.000372-6.667907-0.714419-3.476837-0.714418-7.001302V690.604651q0-3.524465 0.714418-6.953674 0.666791-3.476837 2.000372-6.715535 1.381209-3.238698 3.333954-6.191628 1.905116-2.905302 4.429395-5.381954 2.476651-2.524279 5.429582-4.477023 2.905302-1.905116 6.191627-3.286325 3.19107-1.333581 6.667907-2.048 3.429209-0.666791 6.953675-0.666791h43.674791v-87.301954H332.645209L257.821767 654.883721H276.539535q3.524465 0 6.953674 0.666791 3.476837 0.714419 6.715535 2.048 3.238698 1.333581 6.191628 3.333953 2.905302 1.905116 5.381954 4.429395 2.524279 2.476651 4.477023 5.381954 1.905116 2.95293 3.286325 6.191628 1.333581 3.238698 2.048 6.667907 0.666791 3.476837 0.666791 7.001302v158.743814q0 3.524465-0.666791 7.001302-0.714419 3.429209-2.048 6.667907-1.333581 3.286326-3.333953 6.191628-1.905116 2.905302-4.429395 5.429582-2.476651 2.476651-5.381954 4.429395-2.95293 1.952744-6.191628 3.333954-3.238698 1.333581-6.667907 2.000372-3.476837 0.666791-7.001302 0.66679H117.795721q-3.524465 0-7.001302-0.66679-3.429209-0.666791-6.667907-2.048-3.286326-1.333581-6.191628-3.333954-2.905302-1.905116-5.429582-4.381767-2.476651-2.524279-4.429395-5.429582-1.905116-2.905302-3.333954-6.191628-1.285953-3.238698-2.000372-6.667907-0.666791-3.476837-0.66679-7.001302V690.604651q0-3.524465 0.66679-6.953674 0.714419-3.476837 2.048-6.715535 1.333581-3.238698 3.333954-6.191628 1.905116-2.905302 4.381767-5.381954 2.524279-2.524279 5.429582-4.477023 2.905302-1.905116 6.191628-3.286325 3.238698-1.333581 6.667907-2.048 3.476837-0.666791 7.001302-0.666791h47.389767a35.72093 35.72093 0 0 1 4.858047-7.382326l119.069767-138.882976a35.72093 35.72093 0 0 1 27.147907-12.478512H478.95814V369.116279H236.865488q-3.524465 0-7.001302-0.666791-3.429209-0.714419-6.667907-2.048-3.286326-1.333581-6.191628-3.333953-2.905302-1.905116-5.429581-4.429395-2.476651-2.476651-4.429396-5.381954-1.905116-2.95293-3.333953-6.191628-1.285953-3.238698-2.000372-6.667907-0.666791-3.476837-0.666791-7.001302z m71.441861-83.348837v47.627907h484.185302v-47.627907H272.586419z m-119.069768 476.279069v87.301954H240.818605V726.325581H153.516651z m317.487628 0v87.301954h87.349581V726.325581H471.004279z m317.535256 0v87.301954h87.301953V726.325581H788.539535z\" fill=\"#86909C\">\u003C/path>\u003C/symbol>\u003Csymbol id=\"iconMusic\" viewBox=\"0 0 1024 1024\">\u003Cpath d=\"M906.991 150.344l0.009 0.996v529.104c0 88.368-71.632 160-160 160s-160-71.632-160-160c0-88.367 71.632-160 160-160 36.02 0 69.26 11.903 96.002 31.989L843 164.12l-396.575 72.104a10.667 10.667 0 0 0-8.755 10.21l-0.003 0.285-0.001 518.937v0.12c0 87.484-70.208 158.566-157.353 159.98l-2.646 0.02c-88.366 0-160-71.633-160-160 0-88.366 71.634-160 160-160 36.02 0 69.26 11.903 96.001 31.99l-0.001-391.047c0-35.725 25.293-66.389 60.248-73.262l1.062-0.2 409.15-74.392c32.411-5.892 62.27 18.7 62.864 51.478zM277.667 669.778c-53.02 0-96 42.98-96 96s42.98 96 96 96 96-42.98 96-96l-0.001 0.12v-0.243c-0.065-52.434-42.165-95.017-94.412-95.865zM747 584.444c-53.021 0-96 42.979-96 96 0 53.022 42.979 96 96 96s96-42.978 96-96c0-53.021-42.979-96-96-96z\" fill=\"#000000\">\u003C/path>\u003C/symbol>\u003Csymbol id=\"iconClipped\" viewBox=\"0 0 1024 1024\">\u003Cpath d=\"M512 422.4a187.733333 187.733333 0 1 0 0-375.466667 187.733333 187.733333 0 0 0 0 375.466667z m0-298.666667a110.933333 110.933333 0 1 1 0 221.866667 110.933333 110.933333 0 0 1 0-221.866667zM469.333333 571.733333c-96.298667 0-178.346667 30.08-246.016 90.282667C156.928 721.024 123.733333 791.893333 123.733333 874.666667a38.4 38.4 0 0 1-76.8 0c0-105.770667 41.813333-195.754667 125.354667-270.08C254.549333 531.498667 353.578667 494.933333 469.333333 494.933333a38.4 38.4 0 0 1 0 76.8zM789.333333 558.933333a38.4 38.4 0 0 1 27.136 11.264l85.333334 85.333334a38.4 38.4 0 0 1 0 54.272l-213.333334 213.333333a38.4 38.4 0 0 1-27.136 11.264h-85.333333a38.4 38.4 0 0 1-38.4-38.4v-85.333333a38.4 38.4 0 0 1 11.264-27.136l213.333333-213.333334a38.4 38.4 0 0 1 27.136-11.264z m0 92.714667l-174.933333 174.933333v31.018667h31.018667l174.933333-174.933333-31.018667-31.018667z\">\u003C/path>\u003C/symbol>\u003Csymbol id=\"iconrongqi4\" viewBox=\"0 0 1024 1024\">\u003Cpath d=\"M917.3504 768c11.776 0 21.2992 9.5744 21.2992 21.3504v42.6496c0 11.776-9.5232 21.3504-21.2992 21.3504H106.6496a21.3504 21.3504 0 0 1-21.2992-21.3504v-42.6496c0-11.776 9.5232-21.3504 21.2992-21.3504h810.7008zM132.0448 377.6c4.608 0 9.1136 1.28 13.1072 3.6864l181.0944 109.1584a25.3952 25.3952 0 0 1 0 43.4688L145.152 643.072a25.3952 25.3952 0 0 1-38.5024-21.76V402.9952c0-14.0288 11.3664-25.3952 25.3952-25.3952z m785.3056 91.7504c11.776 0 21.2992 9.5232 21.2992 21.2992v42.7008c0 11.776-9.5232 21.2992-21.2992 21.2992H490.6496a21.3504 21.3504 0 0 1-21.2992-21.2992v-42.7008c0-11.776 9.5232-21.2992 21.2992-21.2992h426.7008z m0-298.7008c11.776 0 21.2992 9.5744 21.2992 21.3504v42.6496c0 11.776-9.5232 21.3504-21.2992 21.3504H106.6496a21.3504 21.3504 0 0 1-21.2992-21.3504V192c0-11.776 9.5232-21.3504 21.2992-21.3504h810.7008z\">\u003C/path>\u003C/symbol>\u003Csymbol id=\"icona-2\" viewBox=\"0 0 1024 1024\">\u003Cpath d=\"M864 224a64 64 0 0 0-64 64v448a64 64 0 0 0 128 0V288a64 64 0 0 0-64-64z\">\u003C/path>\u003Cpath d=\"M288 789.12q-1.824 1.056-3.68 1.984-1.92 0.928-3.84 1.728-1.92 0.8-3.904 1.472-1.984 0.672-4 1.216-2.048 0.544-4.096 0.96-2.048 0.416-4.128 0.672-2.08 0.288-4.16 0.416-2.112 0.128-4.192 0.128t-4.16-0.128q-2.112-0.128-4.192-0.416-2.08-0.256-4.16-0.672-2.016-0.416-4.064-0.96-2.016-0.544-4-1.216-1.984-0.672-3.904-1.472-1.92-0.8-3.84-1.728-1.856-0.928-3.68-1.984-1.824-1.024-3.552-2.208-1.76-1.152-3.424-2.432-1.632-1.28-3.2-2.656-1.6-1.376-3.072-2.88-1.504-1.472-2.88-3.04-1.376-1.6-2.656-3.232-1.28-1.664-2.432-3.424-1.152-1.728-2.24-3.52-1.024-1.824-1.92-3.712-0.96-1.888-1.76-3.84-0.8-1.92-1.472-3.904-0.64-1.984-1.216-4-0.544-2.016-0.96-4.096-0.384-2.048-0.64-4.128-0.32-2.08-0.448-4.16T192 733.728V290.272q0-2.112 0.128-4.192 0.16-2.08 0.416-4.16 0.288-2.08 0.672-4.16 0.416-2.048 0.96-4.064t1.216-4q0.672-1.984 1.472-3.936 0.8-1.92 1.728-3.808 0.96-1.888 1.984-3.68 1.056-1.824 2.24-3.552 1.12-1.76 2.4-3.424 1.28-1.664 2.656-3.2 1.376-1.6 2.88-3.072 1.472-1.504 3.04-2.88 1.6-1.376 3.232-2.656 1.664-1.28 3.424-2.432 1.728-1.184 3.552-2.24 1.824-1.024 3.68-1.92 1.92-0.96 3.84-1.76t3.904-1.472q1.984-0.672 4-1.216 2.048-0.544 4.096-0.96 2.048-0.416 4.128-0.672 2.08-0.288 4.16-0.416 2.112-0.128 4.192-0.128t4.16 0.128q2.112 0.128 4.192 0.416 2.08 0.256 4.16 0.672 2.016 0.416 4.064 0.96 2.016 0.544 4 1.216 1.984 0.672 3.904 1.472 1.92 0.8 3.84 1.728 1.856 0.928 3.68 1.984l384 221.696q1.824 1.056 3.552 2.24 1.76 1.12 3.424 2.4 1.632 1.28 3.2 2.656 1.6 1.376 3.072 2.88 1.504 1.472 2.88 3.04 1.376 1.6 2.656 3.232 1.28 1.664 2.432 3.424 1.152 1.728 2.24 3.552 1.024 1.824 1.92 3.68 0.96 1.92 1.76 3.84t1.472 3.904q0.64 1.984 1.216 4 0.544 2.048 0.96 4.096 0.384 2.048 0.64 4.128 0.32 2.08 0.448 4.16 0.128 2.112 0.128 4.192t-0.128 4.16q-0.16 2.112-0.416 4.192-0.288 2.08-0.672 4.16-0.416 2.016-0.96 4.064-0.544 2.016-1.216 4-0.672 1.984-1.472 3.904-0.8 1.92-1.728 3.84-0.96 1.856-1.984 3.68-1.056 1.824-2.24 3.552-1.12 1.76-2.4 3.424-1.28 1.632-2.656 3.2-1.376 1.6-2.88 3.072-1.472 1.504-3.04 2.88-1.6 1.376-3.232 2.656-1.664 1.28-3.424 2.432-1.728 1.152-3.552 2.24L288 789.12z\">\u003C/path>\u003C/symbol>\u003Csymbol id=\"iconrongqi3\" viewBox=\"0 0 1024 1024\">\u003Cpath d=\"M512 68.2496a38.4 38.4 0 0 1 38.4 38.4v362.7008c0 2.816 1.3824 4.2496 4.2496 4.2496h362.6496a38.4 38.4 0 0 1 38.4 38.4c0 122.5216-43.3152 227.1232-129.9456 313.7536-86.6304 86.6816-191.232 129.9968-313.7536 129.9968-122.5728 0-227.1232-43.3152-313.8048-129.9968C111.616 739.1232 68.2496 634.5216 68.2496 512c0-122.5216 43.3152-227.1232 129.9456-313.7536C284.8768 111.616 389.4272 68.2496 512 68.2496z m-38.4 78.592c-84.992 8.0384-158.6688 43.264-221.0816 105.6768-71.68 71.68-107.4688 158.208-107.4688 259.4816 0 101.376 35.84 187.8016 107.52 259.4816 71.5776 71.68 158.1056 107.4688 259.4304 107.4688s187.8016-35.84 259.4304-107.52c62.464-62.4128 97.6896-136.0896 105.728-221.0304h-322.5088c-22.3744 0-41.472-7.8848-57.344-23.7568a78.1312 78.1312 0 0 1-23.7056-57.344V146.8928z\" fill=\"#333333\">\u003C/path>\u003Cpath d=\"M759.3472 43.52c33.2288 0 61.5936 11.776 85.0944 35.2256 23.5008 23.552 35.2256 51.8656 35.2256 85.0944v33.28h20.6848c8.448 0 15.616 2.9696 21.5552 8.96a29.3888 29.3888 0 0 1 8.96 21.5552v179.6096a29.3888 29.3888 0 0 1-8.96 21.5552 29.3888 29.3888 0 0 1-21.5552 8.96h-282.0096a29.3888 29.3888 0 0 1-21.5552-8.96 29.3888 29.3888 0 0 1-8.96-21.5552V227.6352c0-8.3968 2.9696-15.616 8.96-21.5552a29.3888 29.3888 0 0 1 21.5552-8.96h20.6848V163.84c0-33.2288 11.776-61.5936 35.2256-85.0944A115.9168 115.9168 0 0 1 759.3472 43.52z m110.08 215.04h-220.16v117.76h220.16v-117.76z m-110.08-153.6c-16.2304 0-30.1056 5.7344-41.6256 17.2544a56.7296 56.7296 0 0 0-17.2544 41.6256v33.28h117.76V163.84c0-16.2304-5.7344-30.1056-17.2544-41.6256a56.7296 56.7296 0 0 0-41.6256-17.2544z\" fill=\"#333333\">\u003C/path>\u003C/symbol>\u003Csymbol id=\"icona-111\" viewBox=\"0 0 1024 1024\">\u003Cpath d=\"M320 85.333333a21.333333 21.333333 0 0 1 21.333333 21.333334v42.666666h341.333334v-42.666666a21.333333 21.333333 0 0 1 21.333333-21.333334h42.666667a21.333333 21.333333 0 0 1 21.333333 21.333334v42.666666h128a42.666667 42.666667 0 0 1 42.666667 42.666667v725.333333a42.666667 42.666667 0 0 1-42.666667 42.666667H128a42.666667 42.666667 0 0 1-42.666667-42.666667v-725.333333a42.666667 42.666667 0 0 1 42.666667-42.666667h128v-42.666666a21.333333 21.333333 0 0 1 21.333333-21.333334h42.666667zM256 234.666667H170.666667v640h682.666666v-640h-85.333333v42.666666a21.333333 21.333333 0 0 1-21.333333 21.333334h-42.666667a21.333333 21.333333 0 0 1-21.333333-21.333334v-42.666666H341.333333v42.666666a21.333333 21.333333 0 0 1-21.333333 21.333334h-42.666667a21.333333 21.333333 0 0 1-21.333333-21.333334v-42.666666z\">\u003C/path>\u003Cpath d=\"M533.333333 597.333333a21.333333 21.333333 0 0 1 21.333334 21.333334v42.666666a21.333333 21.333333 0 0 1-21.333334 21.333334h-213.333333a21.333333 21.333333 0 0 1-21.333333-21.333334v-42.666666a21.333333 21.333333 0 0 1 21.333333-21.333334h213.333333z m170.666667-170.666666a21.333333 21.333333 0 0 1 21.333333 21.333333v42.666667a21.333333 21.333333 0 0 1-21.333333 21.333333h-384a21.333333 21.333333 0 0 1-21.333333-21.333333v-42.666667a21.333333 21.333333 0 0 1 21.333333-21.333333h384z\">\u003C/path>\u003C/symbol>\u003Csymbol id=\"icongengduo\" viewBox=\"0 0 1024 1024\">\u003Cpath d=\"M174.545455 418.909091a81.454545 81.454545 0 1 1 0 162.909091 81.454545 81.454545 0 0 1 0-162.909091z m349.090909 0a81.454545 81.454545 0 1 1 0 162.909091 81.454545 81.454545 0 0 1 0-162.909091z m349.090909 0a81.454545 81.454545 0 1 1 0 162.909091 81.454545 81.454545 0 0 1 0-162.909091z\" fill=\"#282C33\">\u003C/path>\u003C/symbol>\u003Csymbol id=\"iconrongqi1\" viewBox=\"0 0 1024 1024\">\u003Cpath d=\"M939.968 596.032l-75.968-57.6c0.768-8 1.6-16.832 1.6-26.432 0-9.6-0.832-18.368-1.6-26.368l75.968-57.6a51.84 51.84 0 0 0 12.8-68.032l-84.8-143.232a54.784 54.784 0 0 0-65.6-24l-90.368 35.2a306.816 306.816 0 0 0-47.232-26.368l-13.568-92.032A53.568 53.568 0 0 0 597.568 64H426.368c-27.2 0-49.6 19.2-53.568 44.8l-12.8 92.8a349.44 349.44 0 0 0-47.232 26.432l-90.368-35.2a53.76 53.76 0 0 0-19.2-3.2c-19.2 0-37.632 9.6-46.4 26.368l-85.632 144a52.16 52.16 0 0 0 12.8 68.032l76.032 57.6c-0.832 9.6-1.6 18.368-1.6 26.368s0 16.768 1.6 26.432l-76.032 57.6a51.84 51.84 0 0 0-12.8 67.968l84.8 143.232a54.784 54.784 0 0 0 65.6 24l90.432-35.2c15.168 10.368 31.168 19.2 47.168 26.368l13.632 92.032c3.2 25.6 26.368 45.568 53.568 45.568h171.2c27.2 0 49.6-19.2 53.632-44.8l13.568-92.8c16-7.168 31.232-16 47.232-26.368l90.368 35.2c6.4 2.368 12.8 3.2 19.2 3.2 19.2 0 37.632-9.6 46.4-26.432l85.632-144.768c12.8-23.232 7.168-51.2-13.632-67.2zM704 512c0 105.6-86.4 192-192 192S320 617.6 320 512s86.4-192 192-192 192 86.4 192 192z\">\u003C/path>\u003C/symbol>\u003Csymbol id=\"iconrongqi2\" viewBox=\"0 0 1024 1024\">\u003Cpath d=\"M768 89.6a38.4 38.4 0 0 1 38.4 38.4v302.933333H938.666667a38.4 38.4 0 0 1 38.4 38.4v341.333334a38.4 38.4 0 0 1-38.4 38.4h-90.752l-52.778667 52.736a38.4 38.4 0 0 1-54.272 0L688.085333 849.066667H469.333333a38.4 38.4 0 0 1-38.4-38.4v-132.266667H378.581333l-74.112 74.069333a38.4 38.4 0 0 1-54.272 0L176.085333 678.4H85.333333a38.4 38.4 0 0 1-38.4-38.4V128a38.4 38.4 0 0 1 38.4-38.4z m132.266667 418.133333h-93.866667V640a38.4 38.4 0 0 1-38.4 38.4h-260.266667v93.866667h196.266667a38.4 38.4 0 0 1 27.136 11.264l36.864 36.821333 36.864-36.821333a38.4 38.4 0 0 1 27.136-11.264h68.266667v-264.533334z m-170.666667-341.333333H123.733333v435.2h68.266667a38.4 38.4 0 0 1 27.136 11.264L277.333333 671.018667l58.197334-58.154667A38.4 38.4 0 0 1 362.666667 601.6h366.933333V166.4z\">\u003C/path>\u003Cpath d=\"M405.333333 422.4h21.333334a38.314667 38.314667 0 0 0 37.674666-45.909333A38.314667 38.314667 0 0 0 426.666667 345.6h-21.333334a38.314667 38.314667 0 0 0-37.674666 45.909333 38.314667 38.314667 0 0 0 37.674666 30.890667zM554.666667 422.4h21.333333a38.314667 38.314667 0 0 0 37.674667-45.909333 38.314667 38.314667 0 0 0-37.674667-30.890667H554.666667a38.314667 38.314667 0 0 0-37.674667 45.909333A38.314667 38.314667 0 0 0 554.666667 422.4zM256 422.4h21.333333a38.314667 38.314667 0 0 0 37.674667-45.909333A38.314667 38.314667 0 0 0 277.333333 345.6H256a38.314667 38.314667 0 0 0-37.674667 45.909333A38.314667 38.314667 0 0 0 256 422.4z\">\u003C/path>\u003C/symbol>\u003Csymbol id=\"iconrongqi\" viewBox=\"0 0 1024 1024\">\u003Cpath d=\"M913.066667 896V128q0-33.578667-23.722667-57.301333Q865.578667 46.933333 832 46.933333h-597.333333Q153.6 46.933333 153.6 128v768q0 81.066667 81.066667 81.066667h597.333333q81.066667 0 81.066667-81.066667zM832 123.733333q4.266667 0 4.266667 4.266667v768q0 4.266667-4.266667 4.266667h-597.333333q-4.266667 0-4.266667-4.266667V128q0-4.266667 4.266667-4.266667h597.333333z\">\u003C/path>\u003Cpath d=\"M362.666667 678.4h298.666666q3.797333 0 7.509334-0.725333 3.669333-0.768 7.168-2.218667 3.498667-1.450667 6.656-3.541333 3.157333-2.133333 5.802666-4.778667 2.688-2.645333 4.778667-5.802667 2.133333-3.157333 3.541333-6.656 1.450667-3.498667 2.218667-7.168 0.725333-3.712 0.725333-7.509333t-0.725333-7.509333q-0.768-3.669333-2.218667-7.168-1.450667-3.498667-3.541333-6.656-2.133333-3.157333-4.778667-5.802667-2.645333-2.688-5.802666-4.778667-3.157333-2.133333-6.656-3.541333-3.498667-1.450667-7.168-2.218667-3.712-0.725333-7.509334-0.725333h-298.666666q-3.797333 0-7.509334 0.725333-3.669333 0.768-7.168 2.218667-3.498667 1.450667-6.656 3.541333-3.157333 2.133333-5.802666 4.778667-2.688 2.645333-4.778667 5.802667-2.133333 3.157333-3.541333 6.656-1.450667 3.498667-2.218667 7.168-0.725333 3.712-0.725333 7.509333t0.725333 7.509333q0.768 3.669333 2.218667 7.168 1.450667 3.498667 3.541333 6.656 2.133333 3.157333 4.778667 5.802667 2.645333 2.688 5.802666 4.778667 3.157333 2.133333 6.656 3.541333 3.498667 1.450667 7.168 2.218667 3.712 0.725333 7.509334 0.725333zM362.666667 806.4H512q3.797333 0 7.509333-0.725333 3.669333-0.768 7.168-2.218667 3.498667-1.450667 6.656-3.541333 3.157333-2.133333 5.802667-4.778667 2.688-2.645333 4.778667-5.802667 2.133333-3.157333 3.541333-6.656 1.450667-3.498667 2.218667-7.168 0.725333-3.712 0.725333-7.509333t-0.725333-7.509333q-0.768-3.669333-2.218667-7.168-1.450667-3.498667-3.541333-6.656-2.133333-3.157333-4.778667-5.802667-2.645333-2.688-5.802667-4.778667-3.157333-2.133333-6.656-3.541333-3.498667-1.450667-7.168-2.218667-3.712-0.725333-7.509333-0.725333H362.666667q-3.797333 0-7.509334 0.725333-3.669333 0.768-7.168 2.218667-3.498667 1.450667-6.656 3.541333-3.157333 2.133333-5.802666 4.778667-2.688 2.645333-4.778667 5.802667-2.133333 3.157333-3.541333 6.656-1.450667 3.498667-2.218667 7.168-0.725333 3.712-0.725333 7.509333t0.725333 7.509333q0.768 3.669333 2.218667 7.168 1.450667 3.498667 3.541333 6.656 2.133333 3.157333 4.778667 5.802667 2.645333 2.688 5.802666 4.778667 3.157333 2.133333 6.656 3.541333 3.498667 1.450667 7.168 2.218667 3.712 0.725333 7.509334 0.725333z\">\u003C/path>\u003Cpath d=\"M324.266667 469.333333V256q0-3.797333 0.725333-7.509333 0.768-3.712 2.218667-7.168 1.408-3.498667 3.541333-6.656 2.090667-3.157333 4.778667-5.802667 2.645333-2.688 5.802666-4.778667 3.157333-2.133333 6.656-3.541333 3.456-1.450667 7.168-2.218667 3.712-0.725333 7.509334-0.725333h298.666666q3.797333 0 7.509334 0.725333 3.712 0.768 7.168 2.218667 3.498667 1.408 6.656 3.541333 3.157333 2.090667 5.802666 4.778667 2.688 2.645333 4.778667 5.802667 2.133333 3.157333 3.541333 6.656 1.450667 3.456 2.218667 7.168 0.725333 3.712 0.725333 7.509333v213.333333q0 3.797333-0.725333 7.509334-0.768 3.712-2.218667 7.168-1.408 3.498667-3.541333 6.656-2.090667 3.157333-4.778667 5.802666-2.645333 2.688-5.802666 4.778667-3.157333 2.133333-6.656 3.541333-3.456 1.450667-7.168 2.218667-3.712 0.725333-7.509334 0.725333h-298.666666q-3.797333 0-7.509334-0.725333-3.712-0.768-7.168-2.218667-3.498667-1.408-6.656-3.541333-3.157333-2.090667-5.802666-4.778667-2.688-2.645333-4.778667-5.802666-2.133333-3.157333-3.541333-6.656-1.450667-3.456-2.218667-7.168Q324.266667 473.130667 324.266667 469.333333z m76.8-174.933333v136.533333h221.866666V294.4H401.066667z\">\u003C/path>\u003C/symbol>\u003Csymbol id=\"iconbianzu\" viewBox=\"0 0 1024 1024\">\u003Cpath d=\"M496.213333 42.666667a410.88 410.88 0 0 1 279.04 712.533333l163.328 158.378667a43.349333 43.349333 0 1 1-60.586666 61.994666l-173.141334-167.936a409.002667 409.002667 0 0 1-208.64 56.832A410.88 410.88 0 0 1 85.333333 453.546667 410.88 410.88 0 0 1 496.213333 42.666667z m0 86.613333a324.266667 324.266667 0 1 0 0 648.533333 324.266667 324.266667 0 0 0 0-648.533333z\" fill=\"#000000\">\u003C/path>\u003Cpath d=\"M308.906667 642.304a29.866667 29.866667 0 0 1-32.341334-27.221333l-25.6-297.642667a29.866667 29.866667 0 0 1 43.306667-29.184l154.453333 78.506667V187.733333a29.866667 29.866667 0 0 1 43.946667-26.368l3.541333 2.261334 89.088 65.152a29.866667 29.866667 0 0 1-35.285333 48.213333l-41.514667-30.421333-0.042666 168.832a29.866667 29.866667 0 0 1-39.68 28.245333l-3.754667-1.621333-149.888-76.202667 20.906667 244.181333a29.866667 29.866667 0 0 1-23.168 31.658667l-4.010667 0.64z\" fill=\"#000000\">\u003C/path>\u003C/symbol>\u003Csymbol id=\"iconbutton_Knowledge\" viewBox=\"0 0 1024 1024\">\u003Cpath d=\"M896 85.333333c35.413333 0 64 28.842667 64 64.213334v605.952a64.426667 64.426667 0 0 1-44.928 61.269333l-384.298667 118.101333a64 64 0 0 1-37.589333 0l-384.896-118.272A64.213333 64.213333 0 0 1 64 755.498667V149.546667a64.085333 64.085333 0 0 1 83.029333-61.312L512 200.149333l364.288-111.701333C882.645333 86.4 889.301333 85.333333 896 85.333333zM149.333333 178.176v561.749333l320 98.346667V276.309333l-320-98.133333z m725.333334 0l-320 98.133333v561.92l320-98.261333V178.176z\">\u003C/path>\u003C/symbol>\u003Csymbol id=\"iconnav_Command\" viewBox=\"0 0 1024 1024\">\u003Cpath d=\"M125.184 471.04l-2.901333-1.493333a40.533333 40.533333 0 0 0-31.189334-0.853334 42.154667 42.154667 0 0 0-23.04 21.76c-4.650667 10.026667-5.333333 21.546667-1.92 32.085334a42.666667 42.666667 0 0 0 20.224 24.490666l395.818667 214.613334 3.072 1.536 2.986667 1.194666 2.858666 0.896 2.986667 0.725334 2.304 0.341333 3.925333 0.341333h2.261334l2.645333-0.085333 3.584-0.469333 2.816-0.597334 1.621333-0.426666 3.669334-1.28 2.133333-0.938667a36.992 36.992 0 0 0 2.389333-1.194667l395.818667-214.656a42.666667 42.666667 0 0 0 20.394667-25.301333 44.117333 44.117333 0 0 0-2.944-32.725333 41.984 41.984 0 0 0-24.533334-21.034667 40.576 40.576 0 0 0-31.786666 3.029333l-376.533334 204.245334-376.661333-204.245334z\" fill=\"#1D2129\">\u003C/path>\u003Cpath d=\"M125.184 664.277333l-2.901333-1.450666a40.533333 40.533333 0 0 0-31.189334-0.853334 42.197333 42.197333 0 0 0-23.04 21.76c-4.650667 10.026667-5.333333 21.546667-1.92 32.085334a42.666667 42.666667 0 0 0 20.224 24.490666l396.032 214.741334 2.986667 1.450666a40.362667 40.362667 0 0 0 26.88 2.133334c9.642667 2.56 20.266667 1.578667 29.781333-3.584l396.032-214.741334a42.666667 42.666667 0 0 0 20.096-25.301333c3.242667-10.794667 2.133333-22.528-2.986666-32.512a42.026667 42.026667 0 0 0-24.32-20.992 40.576 40.576 0 0 0-31.573334 2.773333l-387.072 209.834667-386.986666-209.834667zM501.845333 64c6.997333 0 13.824 1.792 19.925334 5.248l405.077333 227.626667a21.162667 21.162667 0 0 1 7.936 7.893333 21.973333 21.973333 0 0 1-7.936 29.824l-405.034667 227.626667a40.704 40.704 0 0 1-39.936 0L76.8 334.592a21.973333 21.973333 0 0 1 0-37.717333l405.034667-227.626667a40.746667 40.746667 0 0 1 19.968-5.248z m0 91.861333L217.386667 315.733333l284.458666 159.872L786.261333 315.733333l-284.458666-159.872z\" fill=\"#1D2129\">\u003C/path>\u003C/symbol>\u003Csymbol id=\"iconRebuild\" viewBox=\"0 0 1024 1024\">\u003Cpath d=\"M802.133333 849.92H218.453333c-50.346667 0-91.306667-40.96-91.306666-91.306667V242.346667c0-50.346667 40.96-91.306667 91.306666-91.306667h173.226667c24.746667 0 46.933333 9.386667 64.853333 26.453333l78.506667 78.506667c5.12 5.12 12.8 8.533333 21.333333 8.533333h247.466667c50.346667 0 91.306667 40.96 91.306667 91.306667v402.773333c0 50.346667-41.813333 91.306667-92.16 91.306667zM218.453333 212.48c-16.213333 0-29.866667 13.653333-29.866666 29.866667v516.266666c0 16.213333 13.653333 29.866667 29.866666 29.866667H802.133333c16.213333 0 29.866667-13.653333 29.866667-29.866667V354.986667c0-16.213333-13.653333-29.866667-29.866667-29.866667H555.52c-24.746667 0-46.933333-9.386667-64.853333-26.453333l-78.506667-77.653334c-5.12-5.12-12.8-8.533333-21.333333-8.533333H217.6z\" fill=\"#333333\">\u003C/path>\u003Cpath d=\"M465.066667 502.613333l-93.013334-57.173333v103.253333l93.013334-46.08z\" fill=\"#333333\">\u003C/path>\u003Cpath d=\"M647.68 512.853333c-12.8-41.813333-43.52-75.093333-84.48-91.306666-61.44-23.893333-133.12-1.706667-169.813333 53.76-4.266667 6.826667-5.12 14.506667-3.413334 21.333333 1.706667 5.12 4.266667 9.386667 8.533334 11.946667 2.56 4.266667 6.826667 6.826667 11.946666 8.533333 8.533333 1.706667 17.066667-1.706667 21.333334-9.386667 22.186667-39.253333 70.826667-56.32 113.493333-40.106666 26.453333 10.24 46.933333 31.573333 54.613333 58.88 3.413333 10.24 12.8 17.92 23.893334 17.92h2.56c7.68 0 13.653333-5.12 17.92-11.093334 4.266667-5.973333 5.12-13.653333 3.413333-21.333333zM556.373333 612.693333l93.013334 58.026667 0.853333-103.253333-93.866667 45.226666z\" fill=\"#333333\">\u003C/path>\u003Cpath d=\"M631.466667 630.613333c-1.706667-5.12-4.266667-9.386667-8.533334-11.946666-2.56-4.266667-6.826667-6.826667-11.946666-8.533334-8.533333-1.706667-17.066667 1.706667-21.333334 9.386667-22.186667 39.253333-70.826667 56.32-113.493333 40.106667-26.453333-10.24-46.933333-31.573333-54.613333-59.733334-4.266667-11.946667-15.36-17.92-26.453334-17.066666-7.68 0-14.506667 5.12-18.773333 11.093333-4.266667 5.973333-5.12 13.653333-2.56 20.48 12.8 41.813333 43.52 75.093333 84.48 91.306667 16.213333 5.973333 33.28 9.386667 50.346667 9.386666 48.64 0 93.013333-23.893333 119.466666-63.146666 4.266667-6.826667 5.12-14.506667 3.413334-21.333334z\" fill=\"#333333\">\u003C/path>\u003C/symbol>\u003Csymbol id=\"iconnav_Dialogue\" viewBox=\"0 0 1024 1024\">\u003Cpath d=\"M512 85.333333c235.648 0 426.666667 191.018667 426.666667 426.666667s-191.018667 426.666667-426.666667 426.666667H128a42.666667 42.666667 0 0 1-42.666667-42.666667v-384C85.333333 276.352 276.352 85.333333 512 85.333333z m0 81.28A345.386667 345.386667 0 0 0 166.613333 512v345.386667H512a345.386667 345.386667 0 1 0 0-690.773334z m14.592 203.178667c9.045333 0 12.373333 0.938667 15.658667 2.688a18.432 18.432 0 0 1 7.68 7.68c1.792 3.328 2.688 6.613333 2.688 15.658667v272.981333c0 9.088-0.896 12.373333-2.688 15.658667a18.474667 18.474667 0 0 1-7.68 7.68c-3.328 1.792-6.613333 2.730667-15.658667 2.730666h-29.184c-9.045333 0-12.373333-0.938667-15.658667-2.730666a18.474667 18.474667 0 0 1-7.68-7.68c-1.792-3.285333-2.688-6.570667-2.688-15.658667V395.818667c0-9.045333 0.896-12.373333 2.688-15.658667a18.432 18.432 0 0 1 7.68-7.68c3.328-1.749333 6.613333-2.688 15.658667-2.688h29.184z m162.56 60.928c9.045333 0 12.288 0.938667 15.616 2.730667a18.432 18.432 0 0 1 7.68 7.68c1.792 3.285333 2.730667 6.570667 2.730667 15.658666v130.773334c0 9.045333-0.938667 12.330667-2.730667 15.616a18.432 18.432 0 0 1-7.68 7.68c-3.328 1.792-6.570667 2.730667-15.658667 2.730666h-29.141333c-9.088 0-12.373333-0.938667-15.658667-2.730666a18.389333 18.389333 0 0 1-7.68-7.68c-1.792-3.285333-2.730667-6.570667-2.730666-15.658667v-130.730667c0-9.088 0.938667-12.373333 2.730666-15.658666a18.432 18.432 0 0 1 7.68-7.68c3.285333-1.792 6.570667-2.730667 15.658667-2.730667h29.141333z m-325.12 0c9.088 0 12.373333 0.938667 15.658667 2.730667a18.432 18.432 0 0 1 7.68 7.68c1.792 3.285333 2.730667 6.570667 2.730666 15.658666v130.773334c0 9.045333-0.938667 12.330667-2.730666 15.616a18.432 18.432 0 0 1-7.68 7.68c-3.285333 1.792-6.570667 2.730667-15.658667 2.730666H334.933333c-9.088 0-12.373333-0.938667-15.658666-2.730666a18.432 18.432 0 0 1-7.68-7.68c-1.792-3.285333-2.730667-6.570667-2.730667-15.658667v-130.730667c0-9.088 0.938667-12.373333 2.730667-15.658666a18.474667 18.474667 0 0 1 7.68-7.68c3.285333-1.792 6.570667-2.730667 15.658666-2.730667h29.141334z\" fill=\"#1D2129\">\u003C/path>\u003C/symbol>\u003Csymbol id=\"iconbutton_set\" viewBox=\"0 0 1024 1024\">\u003Cpath d=\"M647.466667 444.245333c33.749333 0 66.645333-11.008 93.738666-31.36a158.165333 158.165333 0 0 0 56.576-81.578666h112.170667c9.984 0 13.610667-1.066667 17.237333-3.029334a20.394667 20.394667 0 0 0 8.490667-8.533333c1.962667-3.669333 2.986667-7.338667 2.986667-17.408v-32.426667c0-10.112-1.024-13.738667-2.986667-17.408a20.394667 20.394667 0 0 0-8.490667-8.533333c-3.626667-2.005333-7.253333-3.029333-17.237333-3.029333h-112.213333a158.165333 158.165333 0 0 0-56.576-81.621334 155.989333 155.989333 0 0 0-187.392 0 158.208 158.208 0 0 0-56.618667 81.578667H71.381333c-9.984 0-13.610667 1.066667-17.237333 3.072a20.437333 20.437333 0 0 0-8.490667 8.533333c-1.962667 3.669333-2.986667 7.296-2.986666 17.408v32.426667c0 10.069333 1.024 13.696 2.986666 17.365333a20.394667 20.394667 0 0 0 8.490667 8.533334c3.626667 2.005333 7.253333 3.072 17.237333 3.072h425.813334a157.013333 157.013333 0 0 0 150.272 112.938666z m0-90.368a66.730667 66.730667 0 0 1-47.530667-19.84 67.84 67.84 0 0 1-19.669333-47.914666 68.224 68.224 0 0 1 19.669333-47.914667 67.157333 67.157333 0 0 1 47.530667-19.882667c17.834667 0 34.901333 7.168 47.530666 19.882667a68.053333 68.053333 0 0 1 0 95.829333 66.901333 66.901333 0 0 1-47.530666 19.84zM333.866667 896c33.792 0 66.645333-11.008 93.738666-31.36a158.208 158.208 0 0 0 56.576-81.578667h425.770667c9.984 0 13.610667-1.024 17.237333-3.029333a20.437333 20.437333 0 0 0 8.490667-8.533333c1.962667-3.712 2.986667-7.338667 2.986667-17.408v-32.426667c0-10.069333-1.024-13.696-2.986667-17.408a20.394667 20.394667 0 0 0-8.490667-8.533333c-3.626667-1.962667-7.253333-2.986667-17.237333-2.986667l-425.813333-0.042667a158.165333 158.165333 0 0 0-56.576-81.578666 155.989333 155.989333 0 0 0-187.392 0 158.165333 158.165333 0 0 0-56.618667 81.578666H71.381333c-9.984 0-13.610667 1.066667-17.237333 3.029334a20.437333 20.437333 0 0 0-8.490667 8.533333c-1.962667 3.712-2.986667 7.338667-2.986666 17.408v32.426667c0 10.069333 1.024 13.738667 2.986666 17.408a20.394667 20.394667 0 0 0 8.490667 8.533333c3.626667 2.005333 7.253333 2.986667 17.237333 2.986667h112.213334A157.013333 157.013333 0 0 0 333.824 896z m0-90.368c-17.834667 0-34.901333-7.125333-47.530667-19.84a68.053333 68.053333 0 0 1 0-95.829333 66.901333 66.901333 0 0 1 95.061333 0 68.053333 68.053333 0 0 1 0 95.829333 66.901333 66.901333 0 0 1-47.530666 19.84z\" fill=\"#1D2129\">\u003C/path>\u003C/symbol>\u003Csymbol id=\"iconbutton_send\" viewBox=\"0 0 1024 1024\">\u003Cpath d=\"M289.877333 453.717333l181.717334-183.338666v583.168a42.368 42.368 0 0 0 42.538666 42.453333 42.624 42.624 0 0 0 42.538667-42.453333V270.378667l181.717333 183.338666a42.624 42.624 0 0 0 59.989334 0 38.656 38.656 0 0 0 0-56.448l-255.317334-257.194666a45.994667 45.994667 0 0 0-62.122666 0L225.621333 397.226667a38.613333 38.613333 0 0 0 0 56.448 42.581333 42.581333 0 0 0 64.256 0z\" fill=\"#1D2129\">\u003C/path>\u003C/symbol>\u003Csymbol id=\"iconToolbar_Transfer\" viewBox=\"0 0 1024 1024\">\u003Cpath d=\"M676.992 938.538667a22.314667 22.314667 0 0 0 16.085333-6.954667 24.192 24.192 0 0 0 6.656-16.768V391.722667h139.946667a13.226667 13.226667 0 0 0 7.253333-2.133334 14.037333 14.037333 0 0 0 4.992-5.802666 14.762667 14.762667 0 0 0-1.450666-14.933334l-202.410667-270.890666a22.997333 22.997333 0 0 0-6.442667-5.888 21.888 21.888 0 0 0-24.746666-4.864 22.954667 22.954667 0 0 0-10.112 8.746666 24.362667 24.362667 0 0 0-3.754667 13.098667v805.76c0 6.272 2.389333 12.330667 6.656 16.768 4.266667 4.437333 10.069333 6.954667 16.085333 6.954667h51.2z m-265.6-4.266667a24.490667 24.490667 0 0 0 9.557333-19.285333V109.226667a24.192 24.192 0 0 0-6.656-16.768 22.314667 22.314667 0 0 0-16.085333-6.912h-51.2a22.314667 22.314667 0 0 0-16.085333 6.912 24.192 24.192 0 0 0-6.656 16.768v523.093333H184.32a13.226667 13.226667 0 0 0-7.253333 2.133333 14.037333 14.037333 0 0 0-5.034667 5.802667 14.72 14.72 0 0 0 1.493333 14.933333l202.410667 270.848a23.04 23.04 0 0 0 6.442667 5.973334 22.101333 22.101333 0 0 0 29.013333 2.261333z\" fill=\"#1D2129\">\u003C/path>\u003C/symbol>\u003Csymbol id=\"iconLoad_Error\" viewBox=\"0 0 1024 1024\">\u003Cpath d=\"M832 138.120533l-323.1744-0.725333-49.186133 136.772267 9.966933 98.952533-55.611733 57.745067 33.7408-65.809067-38.510934-97.6896L443.460267 136.533333l-248.183467 1.5872C136.610133 138.496 85.077333 184.064 85.333333 242.926933l2.235734 535.2448c0.256 58.88 45.781333 109.294933 104.448 109.294934H832c58.666667 0 106.666667-48.170667 106.666667-107.050667V245.1712c0-58.88-48-107.050667-106.666667-107.050667z m-631.133867 54.459734l171.989334-0.938667-7.8336 87.586133 52.6592 89.002667-39.227734 117.495467 117.504-100.420267 7.765334-114.090667 43.008-79.5648H832c26.666667 0 53.333333 26.752 53.333333 53.521067v479.744l-132.224-169.301333c-16-26.760533-48-26.760533-69.3248-5.3504l-149.333333 149.870933-154.666667-198.0416c-16-21.410133-42.666667-21.410133-64 0L141.482667 716.296533l1.672533-469.162666c0.119467-32.110933 25.710933-54.382933 57.710933-54.5536z\" fill=\"#DADEE4\">\u003C/path>\u003Cpath d=\"M596.932267 349.269333c0 11.050667 2.167467 21.9904 6.365866 32.2048a84.155733 84.155733 0 0 0 18.141867 27.298134 83.6608 83.6608 0 0 0 27.153067 18.235733 83.293867 83.293867 0 0 0 91.195733-18.235733 84.1728 84.1728 0 0 0 18.141867-27.306667 84.548267 84.548267 0 0 0-18.141867-91.690667 83.652267 83.652267 0 0 0-27.144533-18.244266 83.3024 83.3024 0 0 0-91.204267 18.244266 84.155733 84.155733 0 0 0-18.141867 27.298134 84.548267 84.548267 0 0 0-6.365866 32.196266z\" fill=\"#DADEE4\">\u003C/path>\u003C/symbol>\u003Csymbol id=\"iconStop_Sharing\" viewBox=\"0 0 1024 1024\">\u003Cpath d=\"M938.666667 128a42.666667 42.666667 0 0 0-42.666667-42.666667H128a42.666667 42.666667 0 0 0-42.666667 42.666667v768a42.666667 42.666667 0 0 0 42.666667 42.666667h384v-85.333334H170.666667V170.666667h682.666666v341.333333h85.333334V128z m-251.562667 498.816c-5.12-4.864-7.936-6.314667-11.264-7.296a19.328 19.328 0 0 0-11.434667 0c-3.754667 1.152-6.869333 2.901333-13.610666 9.6l-21.674667 21.674667c-6.698667 6.741333-8.448 9.856-9.557333 13.653333a19.328 19.328 0 0 0 0 11.392c1.109333 3.754667 2.816 6.912 9.557333 13.653333l101.376 101.333334-101.333333 101.333333c-6.784 6.698667-8.490667 9.856-9.642667 13.653333a19.328 19.328 0 0 0 0 11.392c1.152 3.754667 2.901333 6.912 9.642667 13.653334l21.632 21.632c6.741333 6.698667 9.856 8.448 13.653333 9.6 3.712 1.152 7.68 1.152 11.392 0 3.754667-1.109333 6.912-2.858667 13.653333-9.6l101.333334-101.333334 101.333333 101.333334c6.698667 6.698667 9.856 8.448 13.653333 9.6 3.712 1.152 7.68 1.152 11.392 0 3.754667-1.109333 6.912-2.858667 13.653334-9.6l21.632-21.674667c6.698667-6.698667 8.448-9.856 9.6-13.653333a19.328 19.328 0 0 0 0-11.349334c-1.109333-3.797333-2.858667-6.954667-9.6-13.653333l-101.333334-101.333333 101.333334-101.333334c6.698667-6.741333 8.448-9.898667 9.6-13.653333a19.328 19.328 0 0 0 0-11.434667c-1.109333-3.754667-2.858667-6.869333-9.6-13.610666l-21.674667-21.674667c-6.698667-6.698667-9.856-8.448-13.653333-9.557333a19.328 19.328 0 0 0-11.349334 0c-3.797333 1.109333-6.954667 2.816-13.653333 9.557333l-101.333333 101.376-103.722667-103.68z\" fill=\"#1D2129\">\u003C/path>\u003C/symbol>\u003Csymbol id=\"icondecrease_borderless\" viewBox=\"0 0 1024 1024\">\u003Cpath d=\"M932.437333 475.562667A21.333333 21.333333 0 0 1 938.666667 490.666667v42.666666a21.333333 21.333333 0 0 1-21.333334 21.333334h-810.666666a21.333333 21.333333 0 0 1-21.333334-21.333334v-42.666666a21.333333 21.333333 0 0 1 21.333334-21.333334h810.666666a21.333333 21.333333 0 0 1 15.104 6.229334z\" fill=\"#1D2129\">\u003C/path>\u003C/symbol>\u003Csymbol id=\"iconadd_borderless\" viewBox=\"0 0 1024 1024\">\u003Cpath d=\"M548.437333 91.562667A21.333333 21.333333 0 0 1 554.666667 106.666667V469.333333h362.666666a21.333333 21.333333 0 0 1 21.333334 21.333334v42.666666a21.333333 21.333333 0 0 1-21.333334 21.333334H554.666667v362.666666a21.333333 21.333333 0 0 1-21.333334 21.333334h-42.666666a21.333333 21.333333 0 0 1-21.333334-21.333334V554.666667H106.666667a21.333333 21.333333 0 0 1-21.333334-21.333334v-42.666666a21.333333 21.333333 0 0 1 21.333334-21.333334H469.333333V106.666667a21.333333 21.333333 0 0 1 21.333334-21.333334h42.666666a21.333333 21.333333 0 0 1 15.104 6.229334z\" fill=\"#1D2129\">\u003C/path>\u003C/symbol>\u003Csymbol id=\"iconfolder_Encrypted\" viewBox=\"0 0 1024 1024\">\u003Cpath d=\"M410.453333 128c10.752 0 21.077333 4.096 28.672 11.349333 7.637333 7.253333 11.946667 17.066667 11.946667 27.349334v48.384h446.976c10.752 0 21.077333 4.096 28.714667 11.349333 7.594667 7.253333 11.904 17.066667 11.904 27.349333V512h-81.28v-74.368H166.613333V814.933333h365.653334v77.397334H125.994667a41.685333 41.685333 0 0 1-28.714667-11.349334 37.845333 37.845333 0 0 1-11.904-27.349333v-686.933333c0-10.282667 4.266667-20.138667 11.946667-27.392A41.685333 41.685333 0 0 1 125.909333 128H410.453333zM166.528 360.192h690.773333V292.48H369.834667v-87.04H166.570667v154.752z\" fill=\"#1D2129\">\u003C/path>\u003Cpath d=\"M768 554.666667c28.8 0 56.448 10.922667 76.8 30.421333 20.352 19.456 31.829333 45.909333 31.829333 73.472h31.018667c8.192 0 16.128 3.114667 21.930667 8.704 5.845333 5.546667 9.088 13.098667 9.088 20.992v178.090667a29.056 29.056 0 0 1-9.088 20.992 31.829333 31.829333 0 0 1-21.930667 8.661333h-279.296a31.829333 31.829333 0 0 1-21.930667-8.661333 29.056 29.056 0 0 1-9.088-20.992V688.213333c0-7.893333 3.285333-15.445333 9.088-20.992a31.829333 31.829333 0 0 1 21.930667-8.704h31.018667c0-27.562667 11.477333-54.016 31.829333-73.472A111.146667 111.146667 0 0 1 768 554.666667z m-108.629333 282.026666h217.258666v-118.784h-217.258666v118.741334zM768 614.016c-25.685333 0-46.506667 19.882667-46.506667 44.501333h93.013334c0-24.618667-20.821333-44.501333-46.506667-44.501333z\" fill=\"#000000\">\u003C/path>\u003C/symbol>\u003Csymbol id=\"iconManual_Installation\" viewBox=\"0 0 1024 1024\">\u003Cpath d=\"M734.848 85.333333c18.389333 0 34.773333 12.458667 40.533333 30.890667L938.666667 490.666667V896a42.666667 42.666667 0 0 1-42.666667 42.666667H128a42.666667 42.666667 0 0 1-42.666667-42.666667v-405.333333l155.776-374.442667c5.802667-18.432 22.101333-30.890667 40.533334-30.890667h453.205333zM170.666667 849.066667h682.666666v-268.8h-170.666666v157.866666a21.333333 21.333333 0 0 1-21.333334 21.333334h-298.666666a21.333333 21.333333 0 0 1-21.333334-21.333334v-157.866666H170.666667v268.8z m0-358.4h256v179.2h170.666666v-179.2h256l-145.792-315.136H315.989333L170.666667 490.666667z m505.770666-128a6.4 6.4 0 0 1 5.546667 3.285333 5.973333 5.973333 0 0 1-0.554667 6.272l-164.394666 94.592a6.314667 6.314667 0 0 1-10.026667 0L342.528 372.266667A5.973333 5.973333 0 0 1 341.333333 369.152a6.101333 6.101333 0 0 1 6.229334-6.485333h328.832z\" fill=\"#1D2129\">\u003C/path>\u003Cpath d=\"M576 384h-128l32-128h64l32 128z\" fill=\"#1D2129\">\u003C/path>\u003C/symbol>\u003Csymbol id=\"iconinput_clear\" viewBox=\"0 0 1024 1024\">\u003Cpath d=\"M512 85.333333c235.648 0 426.666667 191.018667 426.666667 426.666667s-191.018667 426.666667-426.666667 426.666667S85.333333 747.648 85.333333 512 276.352 85.333333 512 85.333333z m120.661333 254.506667a21.333333 21.333333 0 0 0-15.061333 6.229333L512 451.669333 406.4 346.026667a21.333333 21.333333 0 0 0-30.165333 0l-30.165334 30.165333a21.333333 21.333333 0 0 0 0 30.165333L451.669333 512 346.026667 617.6a21.333333 21.333333 0 0 0 0 30.165333l30.165333 30.165334a21.333333 21.333333 0 0 0 30.165333 0L512 572.330667l105.6 105.6a21.333333 21.333333 0 0 0 30.165333 0l30.165334-30.165334a21.333333 21.333333 0 0 0 0-30.165333L572.330667 512l105.6-105.6a21.333333 21.333333 0 0 0 0-30.165333l-30.165334-30.165334a21.333333 21.333333 0 0 0-15.104-6.229333z\" fill=\"#000000\">\u003C/path>\u003C/symbol>\u003Csymbol id=\"iconfile_Recycle\" viewBox=\"0 0 1024 1024\">\u003Cpath d=\"M833.585951 290.441366a34.965854 34.965854 0 0 1 34.578732 38.237658l-0.062439 0.624391-53.610146 504.020292A128.724293 128.724293 0 0 1 688.727415 949.073171h-1.973074l-336.733658-0.811708a128.686829 128.686829 0 0 1-126.888585-113.639024l-0.237269-1.973073-53.972292-503.345951a34.953366 34.953366 0 0 1 33.891902-38.887025h630.759024l0.012488 0.024976zM421.813073 442.155707a34.903415 34.903415 0 0 0-34.716097 34.516293v241.726439a34.716098 34.716098 0 0 0 69.419707-0.249756V476.422244a34.903415 34.903415 0 0 0-34.716098-34.279024v0.012487z m181.110634 0a34.903415 34.903415 0 0 0-34.716097 34.516293v241.726439a34.716098 34.716098 0 0 0 69.419707-0.249756V476.422244a34.903415 34.903415 0 0 0-34.716097-34.279024v0.012487zM914.481951 195.559024a35.10322 35.10322 0 0 1 0.824195 70.193952H109.780293a35.10322 35.10322 0 0 1-0.824195-70.193952H914.481951zM648.504195 74.926829a35.10322 35.10322 0 0 1 0.836683 70.193951H375.458341A35.10322 35.10322 0 0 1 374.634146 74.926829h273.882537z\" fill=\"#86909C\">\u003C/path>\u003C/symbol>\u003Csymbol id=\"iconnetwork_OVS\" viewBox=\"0 0 1024 1024\">\u003Cpath d=\"M183.466667 775.509333a142.293333 142.293333 0 0 1-75.349334-20.992 163.754667 163.754667 0 0 1-55.125333-55.893333 150.186667 150.186667 0 0 1-20.608-77.226667l0.725333-243.413333c0-28.501333 6.869333-54.101333 20.650667-76.842667 13.482667-23.04 31.744-41.386667 54.741333-55.125333a141.610667 141.610667 0 0 1 75.008-21.034667c27.989333 0 53.12 6.912 75.349334 20.650667 22.528 13.738667 40.533333 32.256 54.016 55.466667 13.738667 23.04 20.608 48.64 20.608 76.885333l0.768 243.370667c0 28.032-6.741333 53.632-20.266667 76.885333-13.738667 23.509333-32 42.24-54.741333 56.277333a141.653333 141.653333 0 0 1-75.733334 20.992z m0-92.629333c15.530667 0 29.013333-6.272 40.533333-18.773333 11.52-12.714667 17.237333-26.965333 17.237333-42.752L240.512 378.026667c0-16.981333-5.376-31.36-16.128-43.093334a52.992 52.992 0 0 0-40.874667-17.621333c-15.786667 0-29.269333 5.717333-40.533333 17.237333-11.221333 11.52-16.853333 26.026667-16.853333 43.52v243.370667c0 16.725333 5.632 31.232 16.896 43.477333 11.221333 11.989333 24.746667 18.005333 40.490666 18.005334zM555.904 768h-93.013333c-2.218667 0-3.456-1.28-3.712-3.754667L352.981333 236.629333c-0.469333-2.005333 0.512-2.986667 2.986667-2.986666h87.04c2.005333 0 3.242667 0.981333 3.754667 2.986666l62.976 351.744 61.525333-351.744c0.469333-2.005333 1.706667-2.986667 3.754667-2.986666h85.845333c2.773333 0 3.754667 0.981333 2.986667 2.986666l-104.234667 527.616c-0.256 2.517333-1.493333 3.754667-3.754667 3.754667z m283.52 7.509333a142.293333 142.293333 0 0 1-75.392-20.992 160.554667 160.554667 0 0 1-54.741333-55.893333 152.362667 152.362667 0 0 1-20.266667-77.226667v-35.285333c0-2.730667 1.28-4.096 3.754667-4.096h86.272c2.005333 0 2.986667 1.365333 2.986666 4.096v35.242667c0 16.768 5.632 31.274667 16.896 43.52 11.221333 11.989333 24.746667 18.005333 40.490667 18.005333 16 0 29.610667-6.144 40.874667-18.346667 11.264-12.544 16.853333-26.88 16.853333-43.136 0-18.773333-12.245333-35.157333-36.736-49.152a290.048 290.048 0 0 0-15.786667-8.96 618.069333 618.069333 0 0 0-22.442666-12.8l-25.514667-13.866666c-8.277333-4.736-16.256-9.258667-24.021333-13.482667-27.989333-16.512-48.853333-37.12-62.592-61.866667-13.525333-25.002667-20.266667-53.034667-20.266667-84.053333 0-28.458667 6.997333-54.186667 20.992-77.226667a157.226667 157.226667 0 0 1 54.741333-53.973333 142.250667 142.250667 0 0 1 73.898667-20.266667c27.264 0 52.266667 6.741333 75.008 20.266667 22.741333 13.738667 40.874667 32 54.357333 54.741333 13.738667 22.741333 20.650667 48.213333 20.650667 76.501334v62.976c0 2.005333-1.024 2.986667-2.986667 2.986666h-86.272c-2.005333 0-2.986667-0.981333-2.986666-2.986666l-0.768-62.976c0-18.005333-5.632-32.64-16.896-43.904a54.826667 54.826667 0 0 0-40.106667-16.853334c-15.786667 0-29.269333 5.973333-40.533333 18.005334a60.416 60.416 0 0 0-16.853334 42.752c0 16.725333 3.498667 30.72 10.496 41.984 7.253333 11.264 20.394667 22.016 39.381334 32.256a1883.221333 1883.221333 0 0 1 37.888 20.992c8.96 4.736 17.109333 9.130667 24.362666 13.141333l13.141334 6.741333c25.472 14.250667 45.610667 31.744 60.373333 52.48 14.976 20.778667 22.485333 46.293333 22.485333 76.501334 0 29.269333-6.741333 55.509333-20.266666 78.762666-13.738667 23.253333-32 41.642667-54.741334 55.125334a145.621333 145.621333 0 0 1-75.733333 20.266666z\" fill=\"#1D2129\">\u003C/path>\u003C/symbol>\u003Csymbol id=\"iconupdatable\" viewBox=\"0 0 1024 1024\">\u003Cpath d=\"M85.333333 512a426.666667 426.666667 0 1 0 853.333334 0 426.666667 426.666667 0 0 0-853.333334 0z\" fill=\"#209AFF\">\u003C/path>\u003Cpath d=\"M738.133333 435.2c0 6.058667-0.256 12.16-0.768 18.176a116.352 116.352 0 0 1 40.490667 13.226667 128.554667 128.554667 0 0 1 17.834667 11.861333 119.466667 119.466667 0 0 1 37.248 51.370667 116.138667 116.138667 0 0 1 5.674666 20.608 119.125333 119.125333 0 0 1-27.221333 99.498666 117.376 117.376 0 0 1-33.024 26.624 116.352 116.352 0 0 1-19.498667 8.490667 113.493333 113.493333 0 0 1-20.736 4.906667v1.237333H328.533333a130.645333 130.645333 0 0 1-26.624-2.645333 134.485333 134.485333 0 0 1-49.237333-20.352 143.189333 143.189333 0 0 1-29.696-26.88 131.968 131.968 0 0 1-14.848-22.272A138.922667 138.922667 0 0 1 192 554.666667a133.12 133.12 0 0 1 1.834667-22.442667 154.282667 154.282667 0 0 1 5.546666-21.845333 147.925333 147.925333 0 0 1 9.045334-20.608 143.061333 143.061333 0 0 1 19.541333-27.477334 137.685333 137.685333 0 0 1 35.413333-27.605333 130.133333 130.133333 0 0 1 20.608-9.088c3.541333-1.237333 7.125333-2.304 10.794667-3.242667a230.826667 230.826667 0 0 1 6.357333-41.386666 254.890667 254.890667 0 0 1 6.058667-20.053334 241.493333 241.493333 0 0 1 7.936-19.456 212.053333 212.053333 0 0 1 15.317333-27.434666 194.005333 194.005333 0 0 1 12.245334-17.066667 251.946667 251.946667 0 0 1 13.824-15.744 253.952 253.952 0 0 1 15.274666-14.378667 224.298667 224.298667 0 0 1 92.501334-47.36 273.706667 273.706667 0 0 1 20.608-3.882666A228.352 228.352 0 0 1 516.266667 213.333333a216.533333 216.533333 0 0 1 43.264 4.266667 204.8 204.8 0 0 1 21.162666 5.290667 218.453333 218.453333 0 0 1 49.664 22.016 238.848 238.848 0 0 1 18.090667 12.074666 239.36 239.36 0 0 1 16.810667 13.824 225.365333 225.365333 0 0 1 35.498666 41.088 240.810667 240.810667 0 0 1 16.085334 28.458667 245.418667 245.418667 0 0 1 8.32 20.096 202.154667 202.154667 0 0 1 6.314666 20.864 207.573333 207.573333 0 0 1 5.589334 32.128 250.752 250.752 0 0 1 1.066666 21.76z\" fill=\"#89CAFF\">\u003C/path>\u003Cpath d=\"M483.925333 341.333333a17.066667 17.066667 0 0 0-17.066666 17.066667v136.533333H422.357333a17.066667 17.066667 0 0 0-12.885333 28.245334l95.658667 110.506666a16.810667 16.810667 0 0 0 12.928 5.845334 16.981333 16.981333 0 0 0 12.885333-5.888l95.658667-110.506667a16.725333 16.725333 0 0 0 4.010666-13.568 16.896 16.896 0 0 0-12.117333-13.952 16.810667 16.810667 0 0 0-4.778667-0.682667h-44.458666V358.4a17.066667 17.066667 0 0 0-17.066667-17.066667h-68.266667z\" fill=\"#FFFFFF\">\u003C/path>\u003C/symbol>\u003Csymbol id=\"iconuesr_set_account\" viewBox=\"0 0 1024 1024\">\u003Cpath d=\"M938.666667 864.384v12.373333a19.157333 19.157333 0 0 1-19.370667 19.242667h-39.552a20.096 20.096 0 0 1-19.797333-18.432 103.765333 103.765333 0 0 0-0.426667-3.84c-10.026667-74.026667-66.432-130.730667-127.914667-130.730667H621.653333c-61.909333 0-118.314667 57.472-127.744 132.266667a81.493333 81.493333 0 0 0-0.213333 2.218667 20.181333 20.181333 0 0 1-19.84 18.517333h-39.466667a19.498667 19.498667 0 0 1-13.738666-5.632 19.157333 19.157333 0 0 1-5.674667-13.568v-12.416c0-90.624 63.018667-167.04 145.194667-190.72a161.706667 161.706667 0 0 1-34.346667-177.450667 163.413333 163.413333 0 0 1 60.714667-72.704 165.632 165.632 0 0 1 182.314666 0.213334 163.413333 163.413333 0 0 1 60.586667 72.874666 161.706667 161.706667 0 0 1-34.816 177.365334c81.621333 23.936 144 100.096 144 190.421333zM162.901333 204.885333v576.512h169.685334v76.885334H124.16a38.997333 38.997333 0 0 1-27.434667-11.264 38.272 38.272 0 0 1-11.349333-27.178667V166.442667c0-10.24 4.096-19.968 11.349333-27.178667A38.954667 38.954667 0 0 1 124.16 128h698.197333c10.24 0 20.138667 4.053333 27.434667 11.264 7.253333 7.210667 11.349333 16.981333 11.349333 27.178667v220.8a323.456 323.456 0 0 0-77.568-47.061334V204.885333H162.901333z m77.568 192.170667c0-5.12 2.048-9.984 5.674667-13.610667a19.498667 19.498667 0 0 1 13.738667-5.589333h174.506666a19.456 19.456 0 0 1 19.413334 19.2v38.4c0 5.12-2.005333 10.026667-5.674667 13.653333a19.456 19.456 0 0 1-13.696 5.589334H259.84a19.498667 19.498667 0 0 1-13.738667-5.632 19.114667 19.114667 0 0 1-5.674666-13.568v-38.442667z m0 153.728c0-5.077333 2.048-9.984 5.674667-13.568a19.498667 19.498667 0 0 1 13.738667-5.632h77.568c5.12 0 10.069333 2.005333 13.696 5.632 3.669333 3.584 5.717333 8.490667 5.717333 13.568v38.442667a19.498667 19.498667 0 0 1-19.413333 19.2H259.882667a19.498667 19.498667 0 0 1-13.738667-5.589334 19.157333 19.157333 0 0 1-5.674667-13.610666v-38.4z m437.12-77.568c-23.04 0-45.226667 9.045333-61.525333 25.216a85.76 85.76 0 0 0 0 121.898667 87.381333 87.381333 0 0 0 123.008 0 85.76 85.76 0 0 0 0-121.898667 87.381333 87.381333 0 0 0-61.482667-25.216z\" fill=\"#1D2129\">\u003C/path>\u003C/symbol>\u003Csymbol id=\"iconuesr_set_display\" viewBox=\"0 0 1024 1024\">\u003Cpath d=\"M876.8 834.005333A19.114667 19.114667 0 0 1 896 853.333333v66.005334a19.413333 19.413333 0 0 1-19.2 19.328H147.2a19.114667 19.114667 0 0 1-19.2-19.328V853.333333a19.413333 19.413333 0 0 1 19.2-19.328h729.6z m-415.744-743.253333l294.4 296.661333a36.864 36.864 0 0 1 7.978667 40.192 36.821333 36.821333 0 0 1-7.936 11.946667l-287.701334 289.877333a36.437333 36.437333 0 0 1-51.754666 0l-240.469334-242.261333a36.864 36.864 0 0 1-7.936-40.192 36.864 36.864 0 0 1 7.936-11.946667l261.376-263.381333-28.117333-28.288a18.432 18.432 0 0 1 0-26.069333l26.368-26.581334a18.218667 18.218667 0 0 1 25.856 0z m304.170667 461.653333l51.712 54.485334c28.586667 30.08 28.586667 78.890667 0 109.013333a70.912 70.912 0 0 1-51.712 22.528 70.485333 70.485333 0 0 1-51.754667-22.528 80 80 0 0 1 0-109.013333l51.754667-54.485334z m-276.522667-328.618666l-235.008 236.8 18.389333 18.56 342.186667-1.578667 63.146667-63.616-188.714667-190.165333z\" fill=\"#1D2129\">\u003C/path>\u003C/symbol>\u003Csymbol id=\"iconMount_SMB_not\" viewBox=\"0 0 1024 1024\">\u003Cpath d=\"M42.666667 111.893333a47.829333 47.829333 0 0 1 3.562666-18.346666c1.130667-2.922667 2.624-5.696 4.330667-8.298667 1.685333-2.602667 3.648-4.992 5.802667-7.296a48.448 48.448 0 0 1 15.210666-10.389333A46.890667 46.890667 0 0 1 89.6 64h321.024c9.173333 0 18.133333 2.730667 25.813333 7.893333 7.68 5.141333 13.674667 12.501333 17.28 21.141334l23.082667 54.72H934.4a48.810667 48.810667 0 0 1 17.92 3.626666 48.448 48.448 0 0 1 15.210667 10.389334c2.154667 2.325333 4.138667 4.736 5.824 7.317333 1.792 2.602667 3.2 5.397333 4.309333 8.277333a42.666667 42.666667 0 0 1 2.730667 8.938667c0.554667 3.178667 0.938667 6.250667 0.938666 9.429333V698.666667c0 3.178667-0.384 6.250667-0.938666 9.322666a41.813333 41.813333 0 0 1-2.730667 9.045334 40.661333 40.661333 0 0 1-4.309333 8.256 53.333333 53.333333 0 0 1-5.824 7.317333 48.469333 48.469333 0 0 1-15.210667 10.389333 48.704 48.704 0 0 1-17.92 3.648H89.6a48.853333 48.853333 0 0 1-18.026667-3.648 48.469333 48.469333 0 0 1-15.210666-10.389333 53.333333 53.333333 0 0 1-5.802667-7.317333 45.930667 45.930667 0 0 1-4.330667-8.256A47.829333 47.829333 0 0 1 42.666667 698.666667V111.893333z\" fill=\"#9FA9B4\">\u003C/path>\u003Cpath d=\"M193.216 192h637.482667C859.989333 192 874.666667 208.746667 874.666667 242.432v453.802667C874.666667 729.834667 859.989333 746.666667 830.72 746.666667H193.194667C163.925333 746.666667 149.333333 729.813333 149.333333 696.234667V242.432C149.333333 208.725333 163.925333 192 193.216 192z\" fill=\"#EAEAEA\">\u003C/path>\u003Cpath d=\"M89.6 256h844.8c31.253333 0 46.933333 13.205333 46.933333 39.786667v411.008C981.333333 733.376 965.653333 746.666667 934.4 746.666667H89.6C58.24 746.666667 42.666667 733.376 42.666667 706.773333V295.808C42.666667 269.226667 58.24 256 89.6 256z\" fill=\"#A5B2C4\">\u003C/path>\u003Cpath d=\"M43.178667 877.909333a20.48 20.48 0 0 1 20.778666-20.202666h903.68a20.48 20.48 0 0 1 20.778667 20.202666v47.125334a20.48 20.48 0 0 1-20.778667 20.202666H63.957333a20.48 20.48 0 0 1-20.778666-20.202666v-47.146667z\" fill=\"#86909C\">\u003C/path>\u003Cpath d=\"M470.784 748.309333h90.026667v109.397334h-90.026667v-109.397334z\" fill=\"#86909C\">\u003C/path>\u003Cpath d=\"M167.850667 526.613333l62.869333-3.946666c1.344 10.218667 4.117333 17.984 8.32 23.338666 6.784 8.64 16.512 12.970667 29.141333 12.970667 9.429333 0 16.682667-2.176 21.738667-6.570667 5.141333-4.48 7.722667-9.6 7.722667-15.445333 0-5.546667-2.432-10.496-7.296-14.869333-4.842667-4.373333-16.128-8.533333-33.834667-12.394667-28.970667-6.528-49.621333-15.168-61.973333-25.962667-12.437333-10.794667-18.666667-24.533333-18.666667-41.28 0-10.986667 3.157333-21.333333 9.472-31.061333 6.421333-9.813333 16-17.493333 28.736-23.04 12.842667-5.632 30.378667-8.448 52.650667-8.448 27.306667 0 48.128 5.098667 62.421333 15.296 14.378667 10.112 22.933333 26.24 25.664 48.426667l-62.293333 3.626666c-1.642667-9.6-5.12-16.618667-10.474667-20.992-5.248-4.373333-12.544-6.549333-21.888-6.549333-7.68 0-13.44 1.642667-17.344 4.949333a14.762667 14.762667 0 0 0-5.845333 11.818667c0 3.413333 1.621333 6.464 4.821333 9.173333 3.114667 2.837333 10.496 5.461333 22.165333 7.893334 28.885333 6.208 49.536 12.544 61.973334 18.944 12.544 6.336 21.632 14.208 27.285333 23.637333 5.738667 9.429333 8.597333 19.968 8.597333 31.637333 0 13.717333-3.797333 26.346667-11.370666 37.930667-7.594667 11.562667-18.176 20.352-31.786667 26.389333-13.610667 5.930667-30.784 8.896-51.498667 8.896-36.352 0-61.525333-6.997333-75.52-21.013333-14.016-13.994667-21.930667-31.786667-23.786666-53.354667z m226.624-143.061333h86.912l33.557333 130.069333 33.386667-130.090666h86.613333V597.333333h-53.952v-163.050666L539.136 597.333333h-48.853333l-41.706667-163.050666V597.333333h-54.101333V383.552z m282.922666 0h123.669334c20.608 0 36.416 5.098667 47.402666 15.296 11.072 10.218667 16.618667 22.848 16.618667 37.930667 0 12.629333-3.946667 23.466667-11.818667 32.512-5.248 6.037333-12.928 10.794667-23.04 14.293333 15.36 3.690667 26.645333 10.069333 33.834667 19.114667 7.296 8.938667 10.944 20.202667 10.944 33.813333 0 11.093333-2.581333 21.056-7.744 29.909333a56.917333 56.917333 0 0 1-21.12 20.992c-5.546667 3.2-13.930667 5.546667-25.109333 6.997334-14.869333 1.941333-24.746667 2.922667-29.589334 2.922666h-114.048V383.552z m66.645334 83.84h28.736c10.304 0 17.450667-1.749333 21.44-5.248 4.053333-3.605333 6.122667-8.746667 6.122666-15.445333 0-6.229333-2.048-11.093333-6.144-14.592-3.968-3.498667-10.965333-5.248-20.992-5.248h-29.162666v40.533333z m0 84.010667h33.706666c11.349333 0 19.370667-2.005333 24.042667-5.973334 4.672-4.096 6.997333-9.536 6.997333-16.341333a18.56 18.56 0 0 0-6.997333-15.168c-4.565333-3.882667-12.650667-5.845333-24.213333-5.845333h-33.536v43.306666z\" fill=\"#FFFFFF\">\u003C/path>\u003C/symbol>\u003Csymbol id=\"iconMount_DAV_not\" viewBox=\"0 0 1024 1024\">\u003Cpath d=\"M42.666667 111.893333a47.829333 47.829333 0 0 1 3.562666-18.346666c1.130667-2.922667 2.624-5.696 4.330667-8.298667 1.685333-2.602667 3.648-4.992 5.802667-7.296a48.448 48.448 0 0 1 15.210666-10.389333A46.890667 46.890667 0 0 1 89.6 64h321.024c9.173333 0 18.133333 2.730667 25.813333 7.893333 7.68 5.141333 13.674667 12.501333 17.28 21.141334l23.082667 54.72H934.4a48.810667 48.810667 0 0 1 17.92 3.626666 48.448 48.448 0 0 1 15.210667 10.389334c2.154667 2.325333 4.138667 4.736 5.824 7.317333 1.792 2.602667 3.2 5.397333 4.309333 8.277333a42.666667 42.666667 0 0 1 2.730667 8.938667c0.554667 3.178667 0.938667 6.250667 0.938666 9.429333V698.666667c0 3.178667-0.384 6.250667-0.938666 9.322666a41.813333 41.813333 0 0 1-2.730667 9.045334 40.661333 40.661333 0 0 1-4.309333 8.256 53.333333 53.333333 0 0 1-5.824 7.317333 48.469333 48.469333 0 0 1-15.210667 10.389333 48.704 48.704 0 0 1-17.92 3.648H89.6a48.853333 48.853333 0 0 1-18.026667-3.648 48.469333 48.469333 0 0 1-15.210666-10.389333 53.333333 53.333333 0 0 1-5.802667-7.317333 45.930667 45.930667 0 0 1-4.330667-8.256A47.829333 47.829333 0 0 1 42.666667 698.666667V111.893333z\" fill=\"#9FA9B4\">\u003C/path>\u003Cpath d=\"M193.216 192h637.482667C859.989333 192 874.666667 208.746667 874.666667 242.432v453.802667C874.666667 729.834667 859.989333 746.666667 830.72 746.666667H193.194667C163.925333 746.666667 149.333333 729.813333 149.333333 696.234667V242.432C149.333333 208.725333 163.925333 192 193.216 192z\" fill=\"#EAEAEA\">\u003C/path>\u003Cpath d=\"M89.6 256h844.8c31.253333 0 46.933333 13.205333 46.933333 39.786667v411.008C981.333333 733.376 965.653333 746.666667 934.4 746.666667H89.6C58.24 746.666667 42.666667 733.376 42.666667 706.773333V295.808C42.666667 269.226667 58.24 256 89.6 256z\" fill=\"#A5B2C4\">\u003C/path>\u003Cpath d=\"M43.178667 877.909333a20.48 20.48 0 0 1 20.778666-20.202666h903.68a20.48 20.48 0 0 1 20.778667 20.202666v47.125334a20.48 20.48 0 0 1-20.778667 20.202666H63.957333a20.48 20.48 0 0 1-20.778666-20.202666v-47.146667z\" fill=\"#86909C\">\u003C/path>\u003Cpath d=\"M470.784 748.309333h90.026667v109.397334h-90.026667v-109.397334z\" fill=\"#86909C\">\u003C/path>\u003Cpath d=\"M200.789333 383.552h98.133334c19.370667 0 34.965333 2.624 46.826666 7.872 11.946667 5.248 21.824 12.778667 29.610667 22.613333 7.765333 9.813333 13.418667 21.226667 16.917333 34.261334 3.498667 13.013333 5.248 26.837333 5.248 41.408 0 22.848-2.624 40.597333-7.893333 53.226666a88.021333 88.021333 0 0 1-21.568 31.658667c-9.237333 8.448-19.157333 14.08-29.76 16.917333-14.485333 3.882667-27.605333 5.824-39.36 5.824h-98.133333V383.552z m66.069334 48.405333v116.821334h16.192c13.802667 0 23.616-1.514667 29.44-4.522667 5.845333-3.114667 10.410667-8.469333 13.717333-16.042667 3.306667-7.68 4.949333-20.074667 4.949333-37.184 0-22.656-3.690667-38.186667-11.093333-46.528-7.36-8.362667-19.626667-12.544-36.736-12.544h-16.469333z m284.224 130.090667h-75.242667L465.472 597.333333h-67.52l80.362667-213.781333h72.042666L630.72 597.333333h-69.12l-10.517333-35.285333z m-13.866667-46.229333l-23.616-76.864-23.466667 76.864h47.104z m77.013333-132.266667h69.12l48.128 153.834667 47.402667-153.856h67.072L766.613333 597.333333H695.04l-80.789333-213.781333z\" fill=\"#FFFFFF\">\u003C/path>\u003C/symbol>\u003Csymbol id=\"iconMount_NFS_Online\" viewBox=\"0 0 1024 1024\">\u003Cpath d=\"M42.666667 111.893333a47.829333 47.829333 0 0 1 3.562666-18.346666c1.130667-2.922667 2.624-5.696 4.330667-8.298667 1.685333-2.602667 3.648-4.992 5.802667-7.296a48.448 48.448 0 0 1 15.210666-10.389333A46.890667 46.890667 0 0 1 89.6 64h321.024c9.173333 0 18.133333 2.730667 25.813333 7.893333 7.68 5.141333 13.674667 12.501333 17.28 21.141334l23.082667 54.72H934.4a48.810667 48.810667 0 0 1 17.92 3.626666 48.426667 48.426667 0 0 1 15.210667 10.389334c2.154667 2.325333 4.138667 4.736 5.824 7.317333 1.792 2.602667 3.2 5.397333 4.309333 8.277333a42.666667 42.666667 0 0 1 2.730667 8.938667c0.554667 3.178667 0.938667 6.250667 0.938666 9.429333V698.666667c0 3.178667-0.384 6.250667-0.938666 9.322666a41.813333 41.813333 0 0 1-2.730667 9.045334 40.661333 40.661333 0 0 1-4.309333 8.256 53.333333 53.333333 0 0 1-5.824 7.317333 48.469333 48.469333 0 0 1-15.210667 10.389333 48.704 48.704 0 0 1-17.92 3.648H89.6a48.853333 48.853333 0 0 1-18.026667-3.648 48.469333 48.469333 0 0 1-15.210666-10.389333 53.333333 53.333333 0 0 1-5.802667-7.317333 45.930667 45.930667 0 0 1-4.330667-8.256A47.829333 47.829333 0 0 1 42.666667 698.666667V111.893333z\" fill=\"#FFB02C\">\u003C/path>\u003Cpath d=\"M193.216 192h637.482667C859.989333 192 874.666667 208.746667 874.666667 242.432v453.802667C874.666667 729.834667 859.989333 746.666667 830.72 746.666667H193.194667C163.925333 746.666667 149.333333 729.813333 149.333333 696.234667V242.432C149.333333 208.725333 163.925333 192 193.216 192z\" fill=\"#FFE4BA\">\u003C/path>\u003Cpath d=\"M89.6 256h844.8c31.253333 0 46.933333 13.205333 46.933333 39.786667v411.008C981.333333 733.376 965.653333 746.666667 934.4 746.666667H89.6C58.24 746.666667 42.666667 733.376 42.666667 706.773333V295.808C42.666667 269.226667 58.24 256 89.6 256z\" fill=\"#FFCA28\">\u003C/path>\u003Cpath d=\"M43.178667 877.909333a20.48 20.48 0 0 1 20.778666-20.202666h903.68a20.48 20.48 0 0 1 20.778667 20.202666v47.125334a20.48 20.48 0 0 1-20.778667 20.202666H63.957333a20.48 20.48 0 0 1-20.778666-20.202666v-47.146667z\" fill=\"#86909C\">\u003C/path>\u003Cpath d=\"M470.784 748.309333h90.026667v109.397334h-90.026667v-109.397334z\" fill=\"#86909C\">\u003C/path>\u003Cpath d=\"M202.389333 383.552h61.696l80.490667 118.272v-118.272h62.293333V597.333333h-62.293333L264.533333 479.936V597.333333H202.389333V383.552z m248.661334 0h163.328v45.930667h-96.981334v37.333333h82.837334v43.157333h-82.837334V597.333333h-66.346666V383.552z m187.392 143.061333l62.848-3.946666c1.365333 10.218667 4.138667 17.984 8.32 23.338666 6.805333 8.64 16.512 12.970667 29.162666 12.970667 9.429333 0 16.661333-2.176 21.717334-6.570667 5.162667-4.48 7.744-9.6 7.744-15.445333 0-5.546667-2.432-10.496-7.296-14.869333-4.864-4.373333-16.149333-8.533333-33.834667-12.394667-28.970667-6.528-49.621333-15.168-61.973333-25.962667-12.458667-10.794667-18.666667-24.533333-18.666667-41.28 0-10.986667 3.157333-21.333333 9.472-31.061333 6.4-9.813333 16-17.493333 28.736-23.04 12.821333-5.632 30.378667-8.448 52.650667-8.448 27.306667 0 48.106667 5.098667 62.4 15.296 14.4 10.112 22.954667 26.24 25.664 48.426667l-62.250667 3.626666c-1.664-9.6-5.162667-16.618667-10.517333-20.992-5.248-4.373333-12.544-6.549333-21.866667-6.549333-7.68 0-13.461333 1.642667-17.365333 4.949333a14.762667 14.762667 0 0 0-5.824 11.818667c0 3.413333 1.6 6.464 4.821333 9.173333 3.093333 2.837333 10.496 5.461333 22.165333 7.893334 28.864 6.208 49.536 12.544 61.973334 18.944 12.544 6.336 21.632 14.208 27.264 23.637333 5.76 9.429333 8.618667 19.968 8.618666 31.637333 0 13.717333-3.797333 26.346667-11.392 37.930667-7.573333 11.562667-18.176 20.352-31.786666 26.389333-13.610667 5.930667-30.762667 8.896-51.477334 8.896-36.352 0-61.546667-6.997333-75.541333-21.013333-13.994667-13.994667-21.930667-31.786667-23.765333-53.354667z\" fill=\"#FFFFFF\">\u003C/path>\u003C/symbol>\u003Csymbol id=\"iconMount_DAV_Online\" viewBox=\"0 0 1024 1024\">\u003Cpath d=\"M42.666667 111.893333a47.829333 47.829333 0 0 1 3.562666-18.346666c1.130667-2.922667 2.624-5.696 4.330667-8.298667 1.685333-2.602667 3.648-4.992 5.802667-7.296a48.448 48.448 0 0 1 15.210666-10.389333A46.890667 46.890667 0 0 1 89.6 64h321.024c9.173333 0 18.133333 2.730667 25.813333 7.893333 7.68 5.141333 13.674667 12.501333 17.28 21.141334l23.082667 54.72H934.4a48.810667 48.810667 0 0 1 17.92 3.626666 48.426667 48.426667 0 0 1 15.210667 10.389334c2.154667 2.325333 4.138667 4.736 5.824 7.317333 1.792 2.602667 3.2 5.397333 4.309333 8.277333a42.666667 42.666667 0 0 1 2.730667 8.938667c0.554667 3.178667 0.938667 6.250667 0.938666 9.429333V698.666667c0 3.178667-0.384 6.250667-0.938666 9.322666a41.813333 41.813333 0 0 1-2.730667 9.045334 40.661333 40.661333 0 0 1-4.309333 8.256 53.333333 53.333333 0 0 1-5.824 7.317333 48.469333 48.469333 0 0 1-15.210667 10.389333 48.704 48.704 0 0 1-17.92 3.648H89.6a48.853333 48.853333 0 0 1-18.026667-3.648 48.469333 48.469333 0 0 1-15.210666-10.389333 53.333333 53.333333 0 0 1-5.802667-7.317333 45.930667 45.930667 0 0 1-4.330667-8.256A47.829333 47.829333 0 0 1 42.666667 698.666667V111.893333z\" fill=\"#FFB02C\">\u003C/path>\u003Cpath d=\"M193.216 192h637.482667C859.989333 192 874.666667 208.746667 874.666667 242.432v453.802667C874.666667 729.834667 859.989333 746.666667 830.72 746.666667H193.194667C163.925333 746.666667 149.333333 729.813333 149.333333 696.234667V242.432C149.333333 208.725333 163.925333 192 193.216 192z\" fill=\"#FFE4BA\">\u003C/path>\u003Cpath d=\"M89.6 256h844.8c31.253333 0 46.933333 13.205333 46.933333 39.786667v411.008C981.333333 733.376 965.653333 746.666667 934.4 746.666667H89.6C58.24 746.666667 42.666667 733.376 42.666667 706.773333V295.808C42.666667 269.226667 58.24 256 89.6 256z\" fill=\"#FFCA28\">\u003C/path>\u003Cpath d=\"M43.178667 877.909333a20.48 20.48 0 0 1 20.778666-20.202666h903.68a20.48 20.48 0 0 1 20.778667 20.202666v47.125334a20.48 20.48 0 0 1-20.778667 20.202666H63.957333a20.48 20.48 0 0 1-20.778666-20.202666v-47.146667z\" fill=\"#86909C\">\u003C/path>\u003Cpath d=\"M470.784 748.309333h90.026667v109.397334h-90.026667v-109.397334z\" fill=\"#86909C\">\u003C/path>\u003Cpath d=\"M200.789333 383.552h98.133334c19.370667 0 34.965333 2.624 46.826666 7.872 11.946667 5.248 21.824 12.778667 29.610667 22.613333 7.765333 9.813333 13.418667 21.226667 16.917333 34.261334 3.498667 13.013333 5.248 26.837333 5.248 41.408 0 22.848-2.624 40.597333-7.893333 53.226666a88.021333 88.021333 0 0 1-21.568 31.658667c-9.237333 8.448-19.157333 14.08-29.76 16.917333-14.485333 3.882667-27.605333 5.824-39.36 5.824h-98.133333V383.552z m66.069334 48.405333v116.821334h16.192c13.802667 0 23.616-1.514667 29.44-4.522667 5.845333-3.114667 10.410667-8.469333 13.717333-16.042667 3.306667-7.68 4.949333-20.074667 4.949333-37.184 0-22.656-3.690667-38.186667-11.093333-46.528-7.36-8.362667-19.626667-12.544-36.736-12.544h-16.469333z m284.224 130.090667h-75.242667L465.472 597.333333h-67.52l80.362667-213.781333h72.042666L630.72 597.333333h-69.12l-10.517333-35.285333z m-13.866667-46.229333l-23.616-76.864-23.466667 76.864h47.104z m77.013333-132.266667h69.12l48.128 153.834667 47.402667-153.856h67.072L766.613333 597.333333H695.04l-80.789333-213.781333z\" fill=\"#FFFFFF\">\u003C/path>\u003C/symbol>\u003Csymbol id=\"iconMount_SMB_Online\" viewBox=\"0 0 1024 1024\">\u003Cpath d=\"M42.666667 111.893333a47.829333 47.829333 0 0 1 3.562666-18.346666c1.130667-2.922667 2.624-5.696 4.330667-8.298667 1.685333-2.602667 3.648-4.992 5.802667-7.296a48.448 48.448 0 0 1 15.210666-10.389333A46.890667 46.890667 0 0 1 89.6 64h321.024c9.173333 0 18.133333 2.730667 25.813333 7.893333 7.68 5.141333 13.674667 12.501333 17.28 21.141334l23.082667 54.72H934.4a48.810667 48.810667 0 0 1 17.92 3.626666 48.426667 48.426667 0 0 1 15.210667 10.389334c2.154667 2.325333 4.138667 4.736 5.824 7.317333 1.792 2.602667 3.2 5.397333 4.309333 8.277333a42.666667 42.666667 0 0 1 2.730667 8.938667c0.554667 3.178667 0.938667 6.250667 0.938666 9.429333V698.666667c0 3.178667-0.384 6.250667-0.938666 9.322666a41.813333 41.813333 0 0 1-2.730667 9.045334 40.661333 40.661333 0 0 1-4.309333 8.256 53.333333 53.333333 0 0 1-5.824 7.317333 48.469333 48.469333 0 0 1-15.210667 10.389333 48.704 48.704 0 0 1-17.92 3.648H89.6a48.853333 48.853333 0 0 1-18.026667-3.648 48.469333 48.469333 0 0 1-15.210666-10.389333 53.333333 53.333333 0 0 1-5.802667-7.317333 45.930667 45.930667 0 0 1-4.330667-8.256A47.829333 47.829333 0 0 1 42.666667 698.666667V111.893333z\" fill=\"#FFB02C\">\u003C/path>\u003Cpath d=\"M193.216 192h637.482667C859.989333 192 874.666667 208.746667 874.666667 242.432v453.802667C874.666667 729.834667 859.989333 746.666667 830.72 746.666667H193.194667C163.925333 746.666667 149.333333 729.813333 149.333333 696.234667V242.432C149.333333 208.725333 163.925333 192 193.216 192z\" fill=\"#FFE4BA\">\u003C/path>\u003Cpath d=\"M89.6 256h844.8c31.253333 0 46.933333 13.205333 46.933333 39.786667v411.008C981.333333 733.376 965.653333 746.666667 934.4 746.666667H89.6C58.24 746.666667 42.666667 733.376 42.666667 706.773333V295.808C42.666667 269.226667 58.24 256 89.6 256z\" fill=\"#FFCA28\">\u003C/path>\u003Cpath d=\"M43.178667 877.909333a20.48 20.48 0 0 1 20.778666-20.202666h903.68a20.48 20.48 0 0 1 20.778667 20.202666v47.125334a20.48 20.48 0 0 1-20.778667 20.202666H63.957333a20.48 20.48 0 0 1-20.778666-20.202666v-47.146667z\" fill=\"#86909C\">\u003C/path>\u003Cpath d=\"M470.784 748.309333h90.026667v109.397334h-90.026667v-109.397334z\" fill=\"#86909C\">\u003C/path>\u003Cpath d=\"M167.850667 526.613333l62.869333-3.946666c1.344 10.218667 4.117333 17.984 8.32 23.338666 6.784 8.64 16.512 12.970667 29.141333 12.970667 9.429333 0 16.682667-2.176 21.738667-6.570667 5.141333-4.48 7.722667-9.6 7.722667-15.445333 0-5.546667-2.432-10.496-7.296-14.869333-4.842667-4.373333-16.128-8.533333-33.834667-12.394667-28.970667-6.528-49.621333-15.168-61.973333-25.962667-12.437333-10.794667-18.666667-24.533333-18.666667-41.28 0-10.986667 3.157333-21.333333 9.472-31.061333 6.421333-9.813333 16-17.493333 28.736-23.04 12.842667-5.632 30.378667-8.448 52.650667-8.448 27.306667 0 48.128 5.098667 62.421333 15.296 14.378667 10.112 22.933333 26.24 25.664 48.426667l-62.293333 3.626666c-1.642667-9.6-5.12-16.618667-10.474667-20.992-5.248-4.373333-12.544-6.549333-21.888-6.549333-7.68 0-13.44 1.642667-17.344 4.949333a14.762667 14.762667 0 0 0-5.845333 11.818667c0 3.413333 1.621333 6.464 4.821333 9.173333 3.114667 2.837333 10.496 5.461333 22.165333 7.893334 28.885333 6.208 49.536 12.544 61.973334 18.944 12.544 6.336 21.632 14.208 27.285333 23.637333 5.738667 9.429333 8.597333 19.968 8.597333 31.637333 0 13.717333-3.797333 26.346667-11.370666 37.930667-7.594667 11.562667-18.176 20.352-31.786667 26.389333-13.610667 5.930667-30.784 8.896-51.498667 8.896-36.352 0-61.525333-6.997333-75.52-21.013333-14.016-13.994667-21.930667-31.786667-23.786666-53.354667z m226.624-143.061333h86.912l33.557333 130.069333 33.386667-130.090666h86.613333V597.333333h-53.952v-163.050666L539.136 597.333333h-48.853333l-41.706667-163.050666V597.333333h-54.101333V383.552z m282.922666 0h123.669334c20.608 0 36.416 5.098667 47.402666 15.296 11.072 10.218667 16.618667 22.848 16.618667 37.930667 0 12.629333-3.946667 23.466667-11.818667 32.512-5.248 6.037333-12.928 10.794667-23.04 14.293333 15.36 3.690667 26.645333 10.069333 33.834667 19.114667 7.296 8.938667 10.944 20.202667 10.944 33.813333 0 11.093333-2.581333 21.056-7.744 29.909333a56.917333 56.917333 0 0 1-21.12 20.992c-5.546667 3.2-13.930667 5.546667-25.109333 6.997334-14.869333 1.941333-24.746667 2.922667-29.589334 2.922666h-114.048V383.552z m66.645334 83.84h28.736c10.304 0 17.450667-1.749333 21.44-5.248 4.053333-3.605333 6.122667-8.746667 6.122666-15.445333 0-6.229333-2.048-11.093333-6.144-14.592-3.968-3.498667-10.965333-5.248-20.992-5.248h-29.162666v40.533333z m0 84.010667h33.706666c11.349333 0 19.370667-2.005333 24.042667-5.973334 4.672-4.096 6.997333-9.536 6.997333-16.341333a18.56 18.56 0 0 0-6.997333-15.168c-4.565333-3.882667-12.650667-5.845333-24.213333-5.845333h-33.536v43.306666z\" fill=\"#FFFFFF\">\u003C/path>\u003C/symbol>\u003Csymbol id=\"iconMount_NFS_not\" viewBox=\"0 0 1024 1024\">\u003Cpath d=\"M42.666667 111.893333a47.829333 47.829333 0 0 1 3.562666-18.346666c1.130667-2.922667 2.624-5.696 4.330667-8.298667 1.685333-2.602667 3.648-4.992 5.802667-7.296a48.448 48.448 0 0 1 15.210666-10.389333A46.890667 46.890667 0 0 1 89.6 64h321.024c9.173333 0 18.133333 2.730667 25.813333 7.893333 7.68 5.141333 13.674667 12.501333 17.28 21.141334l23.082667 54.72H934.4a48.810667 48.810667 0 0 1 17.92 3.626666 48.448 48.448 0 0 1 15.210667 10.389334c2.154667 2.325333 4.138667 4.736 5.824 7.317333 1.792 2.602667 3.2 5.397333 4.309333 8.277333a42.666667 42.666667 0 0 1 2.730667 8.938667c0.554667 3.178667 0.938667 6.250667 0.938666 9.429333V698.666667c0 3.178667-0.384 6.250667-0.938666 9.322666a41.813333 41.813333 0 0 1-2.730667 9.045334 40.661333 40.661333 0 0 1-4.309333 8.256 53.333333 53.333333 0 0 1-5.824 7.317333 48.469333 48.469333 0 0 1-15.210667 10.389333 48.704 48.704 0 0 1-17.92 3.648H89.6a48.853333 48.853333 0 0 1-18.026667-3.648 48.469333 48.469333 0 0 1-15.210666-10.389333 53.333333 53.333333 0 0 1-5.802667-7.317333 45.930667 45.930667 0 0 1-4.330667-8.256A47.829333 47.829333 0 0 1 42.666667 698.666667V111.893333z\" fill=\"#9FA9B4\">\u003C/path>\u003Cpath d=\"M193.216 192h637.482667C859.989333 192 874.666667 208.746667 874.666667 242.432v453.802667C874.666667 729.834667 859.989333 746.666667 830.72 746.666667H193.194667C163.925333 746.666667 149.333333 729.813333 149.333333 696.234667V242.432C149.333333 208.725333 163.925333 192 193.216 192z\" fill=\"#EAEAEA\">\u003C/path>\u003Cpath d=\"M89.6 256h844.8c31.253333 0 46.933333 13.205333 46.933333 39.786667v411.008C981.333333 733.376 965.653333 746.666667 934.4 746.666667H89.6C58.24 746.666667 42.666667 733.376 42.666667 706.773333V295.808C42.666667 269.226667 58.24 256 89.6 256z\" fill=\"#A5B2C4\">\u003C/path>\u003Cpath d=\"M43.178667 877.909333a20.48 20.48 0 0 1 20.778666-20.202666h903.68a20.48 20.48 0 0 1 20.778667 20.202666v47.125334a20.48 20.48 0 0 1-20.778667 20.202666H63.957333a20.48 20.48 0 0 1-20.778666-20.202666v-47.146667z\" fill=\"#86909C\">\u003C/path>\u003Cpath d=\"M470.784 748.309333h90.026667v109.397334h-90.026667v-109.397334z\" fill=\"#86909C\">\u003C/path>\u003Cpath d=\"M202.389333 383.552h61.696l80.490667 118.272v-118.272h62.293333V597.333333h-62.293333L264.533333 479.936V597.333333H202.389333V383.552z m248.661334 0h163.328v45.930667h-96.981334v37.333333h82.837334v43.157333h-82.837334V597.333333h-66.346666V383.552z m187.392 143.061333l62.848-3.946666c1.365333 10.218667 4.138667 17.984 8.32 23.338666 6.805333 8.64 16.512 12.970667 29.162666 12.970667 9.429333 0 16.661333-2.176 21.717334-6.570667 5.162667-4.48 7.744-9.6 7.744-15.445333 0-5.546667-2.432-10.496-7.296-14.869333-4.864-4.373333-16.149333-8.533333-33.834667-12.394667-28.970667-6.528-49.621333-15.168-61.973333-25.962667-12.458667-10.794667-18.666667-24.533333-18.666667-41.28 0-10.986667 3.157333-21.333333 9.472-31.061333 6.4-9.813333 16-17.493333 28.736-23.04 12.821333-5.632 30.378667-8.448 52.650667-8.448 27.306667 0 48.106667 5.098667 62.4 15.296 14.4 10.112 22.954667 26.24 25.664 48.426667l-62.250667 3.626666c-1.664-9.6-5.162667-16.618667-10.517333-20.992-5.248-4.373333-12.544-6.549333-21.866667-6.549333-7.68 0-13.461333 1.642667-17.365333 4.949333a14.762667 14.762667 0 0 0-5.824 11.818667c0 3.413333 1.6 6.464 4.821333 9.173333 3.093333 2.837333 10.496 5.461333 22.165333 7.893334 28.864 6.208 49.536 12.544 61.973334 18.944 12.544 6.336 21.632 14.208 27.264 23.637333 5.76 9.429333 8.618667 19.968 8.618666 31.637333 0 13.717333-3.797333 26.346667-11.392 37.930667-7.573333 11.562667-18.176 20.352-31.786666 26.389333-13.610667 5.930667-30.762667 8.896-51.477334 8.896-36.352 0-61.546667-6.997333-75.541333-21.013333-13.994667-13.994667-21.930667-31.786667-23.765333-53.354667z\" fill=\"#FFFFFF\">\u003C/path>\u003C/symbol>\u003Csymbol id=\"iconCloud_Drive_Online\" viewBox=\"0 0 1024 1024\">\u003Cpath d=\"M0 0m170.666667 0l682.666666 0q170.666667 0 170.666667 170.666667l0 682.666666q0 170.666667-170.666667 170.666667l-682.666666 0q-170.666667 0-170.666667-170.666667l0-682.666666q0-170.666667 170.666667-170.666667Z\" fill=\"#EEF6FF\">\u003C/path>\u003Cpath d=\"M858.901333 640.042667H165.354667c-44.949333-1.066667-60.202667 25.898667-80 44.437333l121.088-469.056c1.941333-3.861333 1.941333-7.765333 3.904-11.648l1.92-5.824c9.813333-17.493333 27.349333-29.162667 48.853333-29.162667H761.173333c17.578667 1.962667 35.157333 13.610667 42.965334 29.162667l1.941333 3.861333c1.962667 5.845333 3.904 9.749333 3.904 13.610667l128.96 469.056c-20.842667-18.538667-47.637333-44.458667-80-44.458667zM595.626667 421.909333c0-41.6-37.376-75.306667-83.498667-75.306666s-83.52 33.706667-83.52 75.306666c-42.24 0-76.522667 30.890667-76.522667 69.034667 0 38.122667 34.282667 69.034667 76.522667 69.034667h167.018667c42.282667 0 76.565333-30.912 76.565333-69.034667 0-38.144-34.282667-69.034667-76.565333-69.034667zM165.354667 666.709333h693.546666c39.04 0 81.92 35.690667 79.978667 72.618667 0 38.848-31.232 87.424-70.314667 87.424H155.648C116.565333 826.752 85.333333 776.234667 85.333333 739.328c0-36.928 40.96-72.618667 80.021334-72.618667z m666.88 106.688a26.666667 26.666667 0 1 0 0-53.333333 26.666667 26.666667 0 0 0 0 53.333333z m-106.709334 0a26.666667 26.666667 0 1 0 0-53.333333 26.666667 26.666667 0 0 0 0 53.333333z m-106.688 0a26.666667 26.666667 0 1 0 0-53.290666 26.666667 26.666667 0 0 0 0 53.290666z\" fill=\"#4EA3FF\">\u003C/path>\u003C/symbol>\u003Csymbol id=\"iconCloud_Drive_not\" viewBox=\"0 0 1024 1024\">\u003Cpath d=\"M0 0m170.666667 0l682.666666 0q170.666667 0 170.666667 170.666667l0 682.666666q0 170.666667-170.666667 170.666667l-682.666666 0q-170.666667 0-170.666667-170.666667l0-682.666666q0-170.666667 170.666667-170.666667Z\" fill=\"#F7F8FA\">\u003C/path>\u003Cpath d=\"M858.901333 640.042667H165.354667c-44.949333-1.066667-60.202667 25.898667-80 44.437333l121.088-469.056c1.941333-3.861333 1.941333-7.765333 3.904-11.648l1.92-5.824c9.813333-17.493333 27.349333-29.162667 48.853333-29.162667H761.173333c17.578667 1.962667 35.157333 13.610667 42.965334 29.162667l1.941333 3.861333c1.962667 5.845333 3.904 9.749333 3.904 13.610667l128.96 469.056c-20.842667-18.538667-47.637333-44.458667-80-44.458667zM595.626667 421.909333c0-41.6-37.376-75.306667-83.498667-75.306666s-83.52 33.706667-83.52 75.306666c-42.24 0-76.522667 30.890667-76.522667 69.034667 0 38.122667 34.282667 69.034667 76.522667 69.034667h167.018667c42.282667 0 76.565333-30.912 76.565333-69.034667 0-38.144-34.282667-69.034667-76.565333-69.034667zM165.354667 666.709333h693.546666c39.04 0 81.92 35.690667 79.978667 72.618667 0 38.848-31.232 87.424-70.314667 87.424H155.648C116.565333 826.752 85.333333 776.234667 85.333333 739.328c0-36.928 40.96-72.618667 80.021334-72.618667z m666.88 106.688a26.666667 26.666667 0 1 0 0-53.333333 26.666667 26.666667 0 0 0 0 53.333333z m-106.709334 0a26.666667 26.666667 0 1 0 0-53.333333 26.666667 26.666667 0 0 0 0 53.333333z m-106.688 0a26.666667 26.666667 0 1 0 0-53.290666 26.666667 26.666667 0 0 0 0 53.290666z\" fill=\"#A4ACB6\">\u003C/path>\u003C/symbol>\u003Csymbol id=\"iconfail_Full\" viewBox=\"0 0 1024 1024\">\u003Cpath d=\"M512 0C229.184 0 0 229.184 0 512s229.184 512 512 512 512-229.184 512-512S794.816 0 512 0z m157.994667 618.304l49.728 50.709333c-16.576 17.557333-33.152 35.114667-50.709334 52.672-52.672-52.672-104.341333-105.344-157.013333-157.013333-51.690667 52.650667-103.381333 105.322667-156.032 157.973333-17.557333-17.557333-34.133333-34.133333-50.709333-51.690666l49.728-51.669334c35.114667-36.096 70.208-71.210667 105.322666-107.285333a11996.202667 11996.202667 0 0 1-156.032-158.954667c16.576-16.597333 33.152-32.192 49.728-50.730666L512 460.309333c52.672-52.650667 104.341333-105.322667 157.013333-158.954666 16.576 17.557333 33.152 34.133333 50.709334 49.728-51.690667 54.613333-104.341333 107.285333-156.032 160.917333 35.114667 35.114667 71.189333 70.208 106.304 106.304z\" fill=\"#C53709\">\u003C/path>\u003C/symbol>\u003Csymbol id=\"iconForum\" viewBox=\"0 0 1024 1024\">\u003Cpath d=\"M512 85.333333c235.648 0 426.666667 191.018667 426.666667 426.666667s-191.018667 426.666667-426.666667 426.666667H128a42.666667 42.666667 0 0 1-42.666667-42.666667v-384C85.333333 276.352 276.352 85.333333 512 85.333333z m0 81.28A345.386667 345.386667 0 0 0 166.613333 512v345.386667H512a345.386667 345.386667 0 1 0 0-690.773334z m14.592 203.178667c9.045333 0 12.373333 0.938667 15.658667 2.688a18.432 18.432 0 0 1 7.68 7.68c1.792 3.328 2.688 6.613333 2.688 15.658667v272.981333c0 9.088-0.896 12.373333-2.688 15.658667a18.474667 18.474667 0 0 1-7.68 7.68c-3.328 1.792-6.613333 2.730667-15.658667 2.730666h-29.184c-9.045333 0-12.373333-0.938667-15.658667-2.730666a18.474667 18.474667 0 0 1-7.68-7.68c-1.792-3.285333-2.688-6.570667-2.688-15.658667V395.818667c0-9.045333 0.896-12.373333 2.688-15.658667a18.432 18.432 0 0 1 7.68-7.68c3.328-1.749333 6.613333-2.688 15.658667-2.688h29.184z m162.56 60.928c9.045333 0 12.288 0.938667 15.616 2.730667a18.432 18.432 0 0 1 7.68 7.68c1.792 3.285333 2.730667 6.570667 2.730667 15.658666v130.773334c0 9.045333-0.938667 12.330667-2.730667 15.616a18.432 18.432 0 0 1-7.68 7.68c-3.328 1.792-6.570667 2.730667-15.658667 2.730666h-29.141333c-9.088 0-12.373333-0.938667-15.658667-2.730666a18.389333 18.389333 0 0 1-7.68-7.68c-1.792-3.285333-2.730667-6.570667-2.730666-15.658667v-130.730667c0-9.088 0.938667-12.373333 2.730666-15.658666a18.432 18.432 0 0 1 7.68-7.68c3.285333-1.792 6.570667-2.730667 15.658667-2.730667h29.141333z m-325.12 0c9.088 0 12.373333 0.938667 15.658667 2.730667a18.432 18.432 0 0 1 7.68 7.68c1.792 3.285333 2.730667 6.570667 2.730666 15.658666v130.773334c0 9.045333-0.938667 12.330667-2.730666 15.616a18.432 18.432 0 0 1-7.68 7.68c-3.285333 1.792-6.570667 2.730667-15.658667 2.730666H334.933333c-9.088 0-12.373333-0.938667-15.658666-2.730666a18.432 18.432 0 0 1-7.68-7.68c-1.792-3.285333-2.730667-6.570667-2.730667-15.658667v-130.730667c0-9.088 0.938667-12.373333 2.730667-15.658666a18.474667 18.474667 0 0 1 7.68-7.68c3.285333-1.792 6.570667-2.730667 15.658666-2.730667h29.141334z\" fill=\"#1D2129\">\u003C/path>\u003C/symbol>\u003Csymbol id=\"iconDebug_mode\" viewBox=\"0 0 1024 1024\">\u003Cpath d=\"M704 269.568a185.173333 185.173333 0 0 0-53.418667-130.261333A181.461333 181.461333 0 0 0 521.6 85.333333h-19.2a181.461333 181.461333 0 0 0-128.981333 53.973334A185.173333 185.173333 0 0 0 320 269.568v9.685333h76.8v-9.685333c0-28.288 11.093333-55.424 30.933333-75.434667a105.088 105.088 0 0 1 74.666667-31.232h19.2c27.989333 0 54.869333 11.264 74.666667 31.232 19.797333 20.053333 30.933333 47.146667 30.933333 75.434667v9.685333h76.8v-9.685333z m-486.144 571.733333c7.125333-11.776 17.066667-20.565333 30.378667-26.837333 9.130667-4.309333 18.176-7.253333 32.426666-9.045333l0.170667 0.426666C327.722667 885.333333 413.696 938.666667 512 938.666667c98.986667 0 185.429333-54.016 232.106667-134.485334l-0.725334 1.28c14.208 1.749333 23.253333 4.693333 32.426667 9.002667 13.269333 6.272 23.210667 15.061333 30.293333 26.837333 7.936 13.056 11.690667 25.984 12.757334 58.538667h76.757333c-1.749333-51.2-9.429333-73.088-22.4-95.146667a148.906667 148.906667 0 0 0-64.512-58.666666 166.826667 166.826667 0 0 0-35.84-12.970667l0.256-1.237333c4.992-20.736 7.68-42.368 7.68-64.682667v-58.154667h90.581333c8.533333 0 11.648-0.896 14.805334-2.602666a17.493333 17.493333 0 0 0 7.253333-7.338667c1.706667-3.157333 2.56-6.272 2.56-14.933333v-27.861334c0-8.661333-0.853333-11.776-2.56-14.933333a17.493333 17.493333 0 0 0-7.253333-7.296c-3.157333-1.706667-6.229333-2.645333-14.805334-2.645333H780.8V394.922667c23.765333-1.664 40.234667-6.272 55.168-13.525334 19.114667-9.301333 34.133333-22.954667 44.373333-40.32 9.344-15.914667 14.72-33.749333 15.530667-61.781333h-85.333333c-0.512 13.397333-2.304 19.84-5.461334 25.173333a20.608 20.608 0 0 1-9.344 8.533334c-6.997333 3.413333-15.616 5.077333-36.608 5.077333H264.832c-20.992 0-29.610667-1.706667-36.608-5.12a20.48 20.48 0 0 1-9.386667-8.448c-3.114667-5.376-4.949333-11.818667-5.418666-25.216h-85.333334c0.853333 28.032 6.186667 45.866667 15.530667 61.738667a102.4 102.4 0 0 0 44.373333 40.362666c14.933333 7.253333 31.445333 11.861333 55.168 13.525334v136.448H152.618667c-8.533333 0-11.648 0.896-14.805334 2.602666a17.493333 17.493333 0 0 0-7.253333 7.338667c-1.706667 3.157333-2.56 6.314667-2.56 14.933333v27.861334c0 8.661333 0.853333 11.776 2.56 14.933333a17.493333 17.493333 0 0 0 7.253333 7.338667c3.157333 1.706667 6.229333 2.56 14.805334 2.56H243.2v58.197333c0 22.314667 2.688 43.946667 7.68 64.682667l0.298667 1.237333-0.853334 0.213333-6.528 1.706667c-9.813333 2.858667-19.328 6.528-28.501333 11.093333a148.864 148.864 0 0 0-64.512 58.624c-12.970667 22.058667-20.650667 43.946667-22.4 95.146667h76.8c1.024-32.597333 4.736-45.482667 12.672-58.538667z m35.413333-100.138666l-2.090666-8.106667c0.682667 2.688 1.365333 5.418667 2.133333 8.106667z m490.112 64.256c1.706667-2.986667 3.413333-5.973333 5.034667-8.96l-1.92 3.498666-2.389333 4.266667 0.597333-1.109333-1.28 2.304zM320 395.648h384v271.488c0 93.866667-65.962667 172.117333-153.6 190.08v-364.629333a19.498667 19.498667 0 0 0-5.632-13.696 19.114667 19.114667 0 0 0-13.568-5.674667h-38.4a19.114667 19.114667 0 0 0-13.568 5.674667 19.498667 19.498667 0 0 0-5.632 13.738666v364.586667c-87.637333-18.005333-153.6-96.256-153.6-190.08V395.648z m442.24 370.858667l-0.170667 0.426666 0.341334-0.896-0.170667 0.469334z m-505.770667-14.933334a238.933333 238.933333 0 0 1-0.682666-2.133333l0.682666 2.133333z\" fill=\"#1D2129\">\u003C/path>\u003C/symbol>\u003Csymbol id=\"iconProblem_report\" viewBox=\"0 0 1024 1024\">\u003Cpath d=\"M899.84 128c10.325333 0 20.181333 4.053333 27.477333 11.264 7.253333 7.168 11.349333 16.938667 11.349334 27.136v192a38.186667 38.186667 0 0 1-11.349334 27.136 38.997333 38.997333 0 0 1-27.434666 11.264h-38.826667v460.8a38.229333 38.229333 0 0 1-11.306667 27.136 38.997333 38.997333 0 0 1-27.434666 11.264H201.685333a38.997333 38.997333 0 0 1-27.434666-11.264 38.186667 38.186667 0 0 1-11.349334-27.136V396.8H124.16a38.997333 38.997333 0 0 1-27.434667-11.264A38.186667 38.186667 0 0 1 85.333333 358.4V166.4c0-10.197333 4.096-19.968 11.349334-27.136A38.997333 38.997333 0 0 1 124.16 128h775.765333z m-116.309333 268.8H240.469333v422.4h543.061334V396.8z m-135.765334 76.8c5.12 0 10.069333 2.005333 13.696 5.632a19.114667 19.114667 0 0 1 5.674667 13.568v38.4c0 5.12-2.005333 9.984-5.674667 13.568a19.498667 19.498667 0 0 1-13.696 5.632H376.234667a19.498667 19.498667 0 0 1-13.696-5.632 19.114667 19.114667 0 0 1-5.674667-13.568v-38.4c0-5.12 2.048-9.984 5.674667-13.568a19.498667 19.498667 0 0 1 13.696-5.632h271.530666z m213.333334-268.8H162.901333v115.2h698.197334V204.8z\" fill=\"#1D2129\">\u003C/path>\u003C/symbol>\u003Csymbol id=\"iconHelp_Support\" viewBox=\"0 0 1024 1024\">\u003Cpath d=\"M512 85.333333c235.648 0 426.666667 191.018667 426.666667 426.666667s-191.018667 426.666667-426.666667 426.666667S85.333333 747.648 85.333333 512 276.352 85.333333 512 85.333333z m0 77.568a349.098667 349.098667 0 1 0 0 698.197334 349.098667 349.098667 0 0 0 0-698.197334z m19.370667 504.234667a19.413333 19.413333 0 0 1 19.413333 19.413333V725.333333a19.413333 19.413333 0 0 1-19.413333 19.370667h-38.784a19.370667 19.370667 0 0 1-19.370667-19.370667v-38.826666a19.413333 19.413333 0 0 1 19.413333-19.370667h38.784z m-24.874667-387.84c46.08 0 84.394667 11.136 114.901333 33.450667 30.506667 22.4 45.738667 55.466667 45.738667 99.285333 0 26.88-6.613333 49.493333-19.882667 67.925333-7.765333 11.136-22.613333 25.386667-44.672 42.794667l-21.717333 17.066667c-11.818667 9.301333-19.712 20.181333-23.594667 32.554666-1.024 3.413333-1.962667 9.685333-2.773333 18.901334a19.413333 19.413333 0 0 1-19.285333 17.706666h-43.477334a19.413333 19.413333 0 0 1-19.370666-19.413333v-0.853333l0.085333-0.938667c2.517333-26.965333 5.162667-44.074667 8.021333-51.2 5.333333-13.354667 18.986667-28.714667 41.002667-46.08l22.357333-17.706667c7.338667-5.546667 45.184-32.213333 45.184-55.808s-4.096-32.298667-15.957333-45.226666c-11.818667-12.928-38.528-17.109333-62.592-17.109334-23.68 0-43.904 6.272-53.76 22.186667a112.341333 112.341333 0 0 0-11.050667 23.296c-1.28 3.84-2.176 7.850667-2.816 11.904a19.370667 19.370667 0 0 1-19.114666 16.085333H378.026667a19.370667 19.370667 0 0 1-19.413334-19.370666v-1.066667l0.128-1.109333c0.469333-4.352 0.981333-7.978667 1.536-10.837334 7.552-42.112 26.666667-73.045333 57.429334-92.885333 24.064-15.701333 53.674667-23.594667 88.746666-23.594667z\" fill=\"#1D2129\">\u003C/path>\u003C/symbol>\u003Csymbol id=\"iconReduce_tag\" viewBox=\"0 0 1024 1024\">\u003Cpath d=\"M899.84 85.333333a37.12 37.12 0 0 1 27.477333 12.501334c7.253333 7.978667 11.349333 18.858667 11.349334 30.165333v768c0 11.306667-4.096 22.186667-11.349334 30.165333a37.12 37.12 0 0 1-27.434666 12.501334H124.117333a37.12 37.12 0 0 1-27.434666-12.501334A44.928 44.928 0 0 1 85.333333 896V128c0-11.306667 4.096-22.186667 11.349334-30.165333A37.12 37.12 0 0 1 124.16 85.333333h775.765333z m-38.741333 85.333334H162.901333v682.666666h698.197334V170.666667z\" fill=\"#1D2129\">\u003C/path>\u003Cpath d=\"M719.104 475.562667A21.333333 21.333333 0 0 1 725.333333 490.666667v42.666666a21.333333 21.333333 0 0 1-21.333333 21.333334h-384a21.333333 21.333333 0 0 1-21.333333-21.333334v-42.666666a21.333333 21.333333 0 0 1 21.333333-21.333334h384a21.333333 21.333333 0 0 1 15.104 6.229334z\" fill=\"#1D2129\">\u003C/path>\u003C/symbol>\u003Csymbol id=\"iconnav_remove_folder\" viewBox=\"0 0 1024 1024\">\u003Cpath d=\"M396.672 128c10.325333 0 20.181333 3.925333 27.477333 10.922667a36.608 36.608 0 0 1 11.392 26.410666v46.677334h428.074667c10.325333 0 20.224 3.925333 27.52 10.922666a36.650667 36.650667 0 0 1 11.392 26.410667V576H824.746667V426.666667H163.157333v363.989333h291.84v74.666667H124.245333a39.765333 39.765333 0 0 1-27.477333-10.922667 36.650667 36.650667 0 0 1-11.434667-26.410667V165.333333c0-9.898667 4.138667-19.413333 11.434667-26.453333A39.765333 39.765333 0 0 1 124.245333 128h272.426667zM163.157333 352H824.746667V286.677333H357.76V202.666667h-194.56v149.333333z\" fill=\"#1D2129\">\u003C/path>\u003Cpath d=\"M737.237333 569.301333c73.685333 0 134.4 57.173333 142.549334 130.730667A102.570667 102.570667 0 0 1 938.666667 793.6c0 56.106667-43.861333 101.674667-98.176 102.4h-227.925334c-60.458667 0-109.525333-50.474667-109.525333-112.768 0-58.197333 42.837333-106.112 97.749333-112.170667 18.773333-59.050667 72.789333-101.76 136.448-101.76z m0 72.618667c-30.378667 0-57.557333 20.565333-67.242666 51.157333l-14.293334 44.970667-46.933333 5.205333c-18.261333 1.962667-33.109333 18.901333-33.109333 39.978667 0 22.613333 17.024 40.192 36.949333 40.192h226.944c14.208-0.213333 26.496-13.013333 26.496-29.866667 0-12.373333-6.826667-23.04-16.64-27.562666l-37.205333-17.152-4.565334-40.746667c-4.224-37.930667-34.773333-66.176-70.4-66.176z\" fill=\"#1D2129\">\u003C/path>\u003C/symbol>\u003Csymbol id=\"iconfile_favourite\" viewBox=\"0 0 1024 1024\">\u003Cpath d=\"M704 106.666667c129.621333 0 234.666667 109.568 234.666667 262.912 0 306.773333-320 482.005333-426.666667 547.754666C405.333333 851.626667 85.333333 676.309333 85.333333 369.578667 85.333333 216.234667 192 106.666667 320 106.666667c79.36 0 149.333333 43.818667 192 87.637333C554.666667 150.485333 624.64 106.666667 704 106.666667z m-152.149333 683.776a1141.76 1141.76 0 0 0 103.253333-74.538667C782.293333 612.053333 853.333333 498.56 853.333333 369.578667c0-103.424-65.578667-175.274667-149.333333-175.274667-45.909333 0-95.573333 24.96-131.669333 61.952L512 318.208l-60.330667-61.952C415.573333 219.306667 365.909333 194.304 320 194.304c-82.773333 0-149.333333 72.533333-149.333333 175.274667 0 129.024 71.082667 242.474667 198.186666 346.325333 31.786667 25.984 65.706667 50.218667 103.296 74.496 12.757333 8.277333 25.386667 16.213333 39.850667 25.045333 14.464-8.832 27.093333-16.768 39.850667-25.002666z\" fill=\"#1D2129\">\u003C/path>\u003C/symbol>\u003Csymbol id=\"iconremote_folder\" viewBox=\"0 0 1024 1024\">\u003Cpath d=\"M796.458667 85.333333a20.309333 20.309333 0 0 1 20.309333 20.309334v410.154666a208.298667 208.298667 0 0 0-81.28-23.466666V166.570667H166.613333v690.773333h209.493334A169.045333 169.045333 0 0 0 426.709333 938.666667H105.642667A20.309333 20.309333 0 0 1 85.333333 918.314667V105.642667A20.309333 20.309333 0 0 1 105.642667 85.333333h690.773333z m-83.285334 487.594667c82.474667 0 150.442667 64 159.573334 146.346667A114.816 114.816 0 0 1 938.666667 824.021333c0 62.848-49.066667 113.877333-109.909334 114.688h-255.146666c-67.626667 0-122.581333-56.533333-122.581334-126.293333 0-65.109333 47.914667-118.741333 109.44-125.525333 21.034667-66.133333 81.493333-113.92 152.746667-113.92z m0 81.28c-34.005333 0-64.426667 23.04-75.264 57.258667l-16 50.346666-52.565333 5.802667c-20.394667 2.261333-37.034667 21.205333-37.034667 44.8 0 25.344 19.072 44.970667 41.386667 44.970667h253.994667c15.914667-0.213333 29.696-14.592 29.696-33.408a33.621333 33.621333 0 0 0-18.645334-30.848l-41.642666-19.2-5.12-45.653334c-4.693333-42.410667-38.954667-74.069333-78.805334-74.069333z m-282.453333-203.178667a20.309333 20.309333 0 0 1 20.181333 17.92l0.128 2.389334V512l-0.128 2.389333a20.309333 20.309333 0 0 1-17.792 17.792l-2.389333 0.128H308.821333l-2.389333-0.128a20.309333 20.309333 0 0 1-17.792-17.834666L288.512 512v-40.661333l0.128-2.346667a20.309333 20.309333 0 0 1 17.792-17.792l2.389333-0.170667h121.898667z m162.56-162.56a20.309333 20.309333 0 0 1 20.181333 17.962667l0.128 2.389333v40.618667l-0.128 2.389333a20.309333 20.309333 0 0 1-17.834666 17.792l-2.346667 0.170667H308.821333l-2.389333-0.170667a20.309333 20.309333 0 0 1-17.792-17.792l-0.128-2.389333v-40.618667l0.128-2.389333a20.309333 20.309333 0 0 1 17.792-17.792l2.389333-0.128h284.458667z\" fill=\"#1D2129\">\u003C/path>\u003C/symbol>\u003Csymbol id=\"iconfile_favorites_Remove\" viewBox=\"0 0 1024 1024\">\u003Cpath d=\"M692.608 128C827.904 128 938.581333 252.330667 938.666667 404.266667c0 36.821333-6.698667 73.344-19.84 107.733333h-93.184c18.986667-37.376 27.690667-69.674667 27.690666-107.690667C853.248 297.386667 778.410667 213.333333 692.608 213.333333c-50.688 0-110.72 46.293333-180.181333 138.965334C442.154667 259.669333 381.909333 213.333333 331.776 213.333333 245.248 213.333333 170.666667 296.917333 170.666667 404.266667c0 47.146667 13.397333 85.504 43.093333 135.552 4.224 7.04 7.594667 12.586667 15.701333 25.6 4.992 8.192 10.666667 16.682667 16.981334 25.429333 27.392 38.058667 65.408 79.786667 111.232 123.349333 37.12 35.072 75.733333 68.522667 115.712 100.309334 11.008 8.832 26.026667 20.48 38.4 29.994666l0.213333-0.213333V938.666667h-0.213333a48.853333 48.853333 0 0 1-31.744-11.136c-9.685333-7.808-231.466667-168.192-323.285334-317.397334C125.013333 559.061333 85.333333 495.274667 85.333333 404.266667 85.333333 251.733333 195.882667 128 331.776 128c45.909333 0 85.802667 14.506667 120.405333 40.277333 20.736 16.128 40.704 36.906667 59.946667 62.378667a245.333333 245.333333 0 0 1 59.861333-62.378667A197.845333 197.845333 0 0 1 692.608 128z\" fill=\"#1D2129\">\u003C/path>\u003Cpath d=\"M646.826667 586.453333c-6.741333-6.698667-9.898667-8.448-13.653334-9.6a19.328 19.328 0 0 0-11.392 0c-3.797333 1.152-6.912 2.901333-13.653333 9.642667l-21.674667 21.632c-6.698667 6.741333-8.448 9.856-9.557333 13.653333a19.328 19.328 0 0 0 0 11.392c1.109333 3.797333 2.816 6.912 9.557333 13.653334l101.376 101.333333-101.333333 101.333333c-6.784 6.741333-8.490667 9.856-9.642667 13.653334a19.328 19.328 0 0 0 0 11.392c1.152 3.754667 2.901333 6.912 9.642667 13.653333l21.632 21.632c6.741333 6.741333 9.856 8.490667 13.653333 9.6 3.669333 1.152 7.68 1.152 11.349334 0 3.84-1.109333 6.954667-2.858667 13.653333-9.6l101.376-101.333333 101.333333 101.333333c6.698667 6.741333 9.856 8.490667 13.653334 9.6 3.712 1.152 7.68 1.152 11.392 0 3.754667-1.109333 6.912-2.858667 13.653333-9.6l21.632-21.632c6.698667-6.741333 8.448-9.898667 9.6-13.653333a19.328 19.328 0 0 0 0-11.392c-1.109333-3.797333-2.858667-6.912-9.6-13.653334l-101.333333-101.333333 101.333333-101.333333c6.698667-6.741333 8.448-9.856 9.6-13.653334a19.328 19.328 0 0 0 0-11.392c-1.109333-3.797333-2.858667-6.912-9.6-13.653333l-21.674667-21.674667c-6.698667-6.698667-9.856-8.448-13.653333-9.6a19.328 19.328 0 0 0-11.349333 0c-3.797333 1.152-6.954667 2.901333-13.653334 9.6l-101.333333 101.333334-101.376-101.333334z\" fill=\"#1D2129\">\u003C/path>\u003C/symbol>\u003Csymbol id=\"iconfile_big\" viewBox=\"0 0 1024 1024\">\u003Cpath d=\"M899.84 758.186667a38.485333 38.485333 0 0 0 27.477333-11.562667 39.68 39.68 0 0 0 11.349334-27.861333V167.381333a39.68 39.68 0 0 0-11.349334-27.861333 38.485333 38.485333 0 0 0-27.434666-11.52H124.117333a38.485333 38.485333 0 0 0-27.434666 11.52 39.68 39.68 0 0 0-11.349334 27.861333v551.381334c0 10.453333 4.096 20.48 11.349334 27.861333 7.253333 7.381333 17.152 11.52 27.434666 11.52h775.765334z m-38.741333-78.805334H162.901333V206.762667h698.197334v472.618666zM822.272 896v-78.762667H201.728V896h620.629333z\" fill=\"#1D2129\">\u003C/path>\u003C/symbol>\u003Csymbol id=\"iconfile_small\" viewBox=\"0 0 1024 1024\">\u003Cpath d=\"M256 768a21.333333 21.333333 0 0 1 21.333333 21.333333v85.333334a21.333333 21.333333 0 0 1-21.333333 21.333333H170.666667a21.333333 21.333333 0 0 1-21.333334-21.333333v-85.333334A21.333333 21.333333 0 0 1 170.666667 768h85.333333z m597.333333 0a21.333333 21.333333 0 0 1 21.333334 21.333333v85.333334a21.333333 21.333333 0 0 1-21.333334 21.333333h-85.333333a21.333333 21.333333 0 0 1-21.333333-21.333333v-85.333334a21.333333 21.333333 0 0 1 21.333333-21.333333h85.333333z m-384 0h85.333334a21.333333 21.333333 0 0 1 21.333333 21.333333v85.333334a21.333333 21.333333 0 0 1-21.333333 21.333333h-85.333334a21.333333 21.333333 0 0 1-21.333333-21.333333v-85.333334a21.333333 21.333333 0 0 1 21.333333-21.333333z m-213.333333-320a21.333333 21.333333 0 0 1 21.333333 21.333333v85.333334a21.333333 21.333333 0 0 1-21.333333 21.333333H170.666667a21.333333 21.333333 0 0 1-21.333334-21.333333v-85.333334a21.333333 21.333333 0 0 1 21.333334-21.333333h85.333333z m597.333333 0a21.333333 21.333333 0 0 1 21.333334 21.333333v85.333334a21.333333 21.333333 0 0 1-21.333334 21.333333h-85.333333a21.333333 21.333333 0 0 1-21.333333-21.333333v-85.333334a21.333333 21.333333 0 0 1 21.333333-21.333333h85.333333z m-298.666666 0a21.333333 21.333333 0 0 1 21.333333 21.333333v85.333334a21.333333 21.333333 0 0 1-21.333333 21.333333h-85.333334a21.333333 21.333333 0 0 1-21.333333-21.333333v-85.333334a21.333333 21.333333 0 0 1 21.333333-21.333333h85.333334zM853.333333 128a21.333333 21.333333 0 0 1 21.333334 21.333333v85.333334a21.333333 21.333333 0 0 1-21.333334 21.333333h-85.333333a21.333333 21.333333 0 0 1-21.333333-21.333333v-85.333334A21.333333 21.333333 0 0 1 768 128h85.333333z m-298.666666 0a21.333333 21.333333 0 0 1 21.333333 21.333333v85.333334a21.333333 21.333333 0 0 1-21.333333 21.333333h-85.333334a21.333333 21.333333 0 0 1-21.333333-21.333333v-85.333334A21.333333 21.333333 0 0 1 469.333333 128h85.333334zM256 128a21.333333 21.333333 0 0 1 21.333333 21.333333v85.333334A21.333333 21.333333 0 0 1 256 256H170.666667a21.333333 21.333333 0 0 1-21.333334-21.333333v-85.333334A21.333333 21.333333 0 0 1 170.666667 128h85.333333z\" fill=\"#1D2129\">\u003C/path>\u003C/symbol>\u003Csymbol id=\"iconfile_mid\" viewBox=\"0 0 1024 1024\">\u003Cpath d=\"M853.333333 128a42.666667 42.666667 0 0 1 42.666667 42.666667v682.666666a42.666667 42.666667 0 0 1-42.666667 42.666667H170.666667a42.666667 42.666667 0 0 1-42.666667-42.666667V170.666667a42.666667 42.666667 0 0 1 42.666667-42.666667h682.666666zM204.8 819.2h268.8v-268.8H204.8v268.8z m614.4-268.8h-268.8v268.8h268.8v-268.8z m0-76.8V204.8h-268.8v268.8h268.8z m-345.6-268.8H204.8v268.8h268.8V204.8z\" fill=\"#1D2129\">\u003C/path>\u003C/symbol>\u003Csymbol id=\"iconsmart\" viewBox=\"0 0 1024 1024\">\u003Cpath d=\"M501.333333 106.666667a394.666667 394.666667 0 0 1 307.626667 641.92l123.904 123.946666a21.333333 21.333333 0 0 1 0 30.165334l-30.165333 30.165333a21.333333 21.333333 0 0 1-30.165334 0l-123.946666-123.904A394.666667 394.666667 0 1 1 501.333333 106.666667z m0 85.333333a309.333333 309.333333 0 1 0 0 618.666667 309.333333 309.333333 0 0 0 0-618.666667z m167.082667 136.362667l36.949333 21.333333a21.333333 21.333333 0 0 1 7.808 29.141333l-117.333333 203.221334a21.333333 21.333333 0 0 1-26.88 8.917333l-2.261333-1.152-110.848-64-85.333334 147.84a21.333333 21.333333 0 0 1-29.141333 7.808l-36.949333-21.333333a21.333333 21.333333 0 0 1-7.808-29.141334l117.333333-203.264a21.333333 21.333333 0 0 1 29.141333-7.808l110.848 64 85.333334-147.797333a21.333333 21.333333 0 0 1 29.141333-7.808z\" fill=\"#1D2129\">\u003C/path>\u003C/symbol>\u003Csymbol id=\"iconVoice_Intercom\" viewBox=\"0 0 1024 1024\">\u003Cpath d=\"M185.770667 473.173333a19.157333 19.157333 0 0 1 19.2 18.474667l0.170666 3.413333c11.136 161.194667 144.256 288.426667 306.858667 288.426667 160.810667 0 292.778667-124.458667 306.432-283.093333l0.469333-6.272 0.170667-2.56a19.456 19.456 0 0 1 19.2-18.346667h38.485333c5.12 0 10.026667 2.048 13.610667 5.674667 3.626667 3.626667 5.632 8.533333 5.632 13.738666l-0.042667 1.664c-10.154667 191.530667-158.08 346.154667-345.6 364.885334l0.085334 0.938666v59.178667c0 5.12-2.005333 10.069333-5.632 13.653333a19.157333 19.157333 0 0 1-13.568 5.717334h-38.485334a19.157333 19.157333 0 0 1-19.2-19.370667v-58.197333l0.085334-1.92c-184.789333-18.474667-331.136-168.917333-345.045334-356.608L128 493.525333a19.498667 19.498667 0 0 1 16.042667-20.053333l2.688-0.256h38.997333zM512 85.333333c127.402667 0 230.698667 92.586667 230.698667 206.890667v206.848c0 114.261333-103.253333 206.890667-230.698667 206.890667-127.402667 0-230.698667-92.629333-230.698667-206.933334V292.266667C281.301333 177.92 384.597333 85.333333 512 85.333333z m0 77.568c-84.906667 0-153.813333 59.562667-153.813333 132.992v199.509334c0 73.386667 68.864 132.949333 153.813333 132.949333 84.906667 0 153.813333-59.52 153.813333-132.992V295.936c0-73.429333-68.864-132.992-153.813333-132.992z\" fill=\"#1D2129\">\u003C/path>\u003C/symbol>\u003Csymbol id=\"iconstorage_pool_Manage\" viewBox=\"0 0 1024 1024\">\u003Cpath d=\"M161.152 490.666667c0 54.826667 142.293333 115.797333 322.389333 115.797333h25.130667c7.04 0 12.8 5.76 12.8 12.8v51.626667a12.8 12.8 0 0 1-12.8 12.8h-25.130667c-215.338667 0-393.941333-75.52-398.122666-189.013334L85.333333 490.666667h75.818667zM483.541333 85.333333c219.946667 0 398.250667 95.061333 398.250667 212.352 0 117.248-178.346667 212.266667-398.250667 212.266667S85.333333 414.933333 85.333333 297.685333C85.333333 180.394667 263.594667 85.333333 483.541333 85.333333z m0 77.226667c-183.552 0-322.389333 74.026667-322.389333 135.125333 0 61.098667 138.837333 135.04 322.389333 135.082667 183.552 0 322.346667-73.984 322.389334-135.082667 0-61.098667-138.837333-135.125333-322.389334-135.125333z\" fill=\"#1D2129\">\u003C/path>\u003Cpath d=\"M161.194667 702.976H85.333333l0.085334 4.053333C89.6 820.522667 268.202667 896 483.541333 896h25.173334a12.8 12.8 0 0 0 12.8-12.8v-51.626667a12.8 12.8 0 0 0-12.885334-12.8h-25.088c-180.053333 0-322.346667-61.013333-322.346666-115.797333z\" fill=\"#1D2129\">\u003C/path>\u003Cpath d=\"M768 548.565333c13.482667 0 26.624 1.450667 39.253333 4.224l19.498667 43.050667a23.466667 23.466667 0 0 0 9.984 10.752 25.002667 25.002667 0 0 0 14.72 2.986667l47.914667-5.12c18.005333 18.986667 31.445333 41.557333 39.296 66.090666l-28.757334 38.144a22.613333 22.613333 0 0 0 0 27.178667l28.757334 38.101333a172.416 172.416 0 0 1-39.253334 66.048l-47.957333-5.034666a24.96 24.96 0 0 0-14.72 2.986666 23.552 23.552 0 0 0-9.984 10.752l-19.498667 43.093334a184.448 184.448 0 0 1-78.506666 0l-19.498667-43.093334a23.466667 23.466667 0 0 0-9.984-10.794666 24.96 24.96 0 0 0-14.762667-2.944l-47.872 5.034666A172.416 172.416 0 0 1 597.333333 773.973333l28.757334-38.101333a22.613333 22.613333 0 0 0 0-27.178667L597.333333 670.549333a172.416 172.416 0 0 1 39.253334-66.048l47.957333 5.077334c5.12 0.512 10.24-0.554667 14.72-2.986667a23.594667 23.594667 0 0 0 9.984-10.794667l19.498667-43.008a184.32 184.32 0 0 1 39.253333-4.224z m0 115.797334c-31.402667 0-56.874667 25.941333-56.874667 57.898666 0 32 25.472 57.941333 56.874667 57.941334s56.874667-25.941333 56.874667-57.941334c0-31.957333-25.472-57.898667-56.874667-57.898666z\" fill=\"#1D2129\">\u003C/path>\u003C/symbol>\u003Csymbol id=\"iconStorage_Manage\" viewBox=\"0 0 1024 1024\">\u003Cpath d=\"M85.333333 627.456l0.256-3.669333a37.077333 37.077333 0 0 1 0.341334-1.962667l0.128-0.725333 99.2-507.733334a36.053333 36.053333 0 0 1 9.301333-18.133333 32.085333 32.085333 0 0 1 17.152-9.386667L217.386667 85.333333h590.378666c6.570667 0 13.013333 2.133333 18.474667 6.058667a34.944 34.944 0 0 1 12.074667 16.170667l1.621333 5.845333 98.090667 507.733333c0.426667 2.773333 0.64 4.949333 0.64 7.253334v275.029333c0 9.344-3.456 18.304-9.6 24.917333a31.701333 31.701333 0 0 1-23.210667 10.325334H118.144a31.701333 31.701333 0 0 1-23.210667-10.325334 36.608 36.608 0 0 1-9.6-24.917333v-275.968z m768 0.896L170.666667 623.786667v225.066666h682.666666v-220.501333z m-61.525333 102.826667a31.573333 31.573333 0 0 1 22.186667 9.216 37.162667 37.162667 0 0 1 4.010666 47.402666 32.597333 32.597333 0 0 1-20.266666 13.354667l-5.930667 0.554667h-82.901333a31.573333 31.573333 0 0 1-22.186667-9.216 37.12 37.12 0 0 1-4.010667-47.402667 32.554667 32.554667 0 0 1 20.309334-13.354667l5.888-0.554666h82.944zM768 175.146667H256l-64 359.296h644.693333L768 175.189333z\" fill=\"#1D2129\">\u003C/path>\u003Cpath d=\"M512 234.666667c10.112 0 19.968 1.066667 29.44 3.072l14.592 31.701333a17.578667 17.578667 0 0 0 7.552 7.978667c3.328 1.834667 7.168 2.56 11.008 2.133333l35.968-3.669333c13.482667 13.952 23.552 30.592 29.44 48.64l-21.546667 28.117333a16.426667 16.426667 0 0 0 0 20.053333l21.546667 28.074667a126.634667 126.634667 0 0 1-29.44 48.64l-35.968-3.712a18.944 18.944 0 0 0-11.008 2.218667 17.450667 17.450667 0 0 0-7.509333 7.936l-14.634667 31.701333a140.885333 140.885333 0 0 1-58.88 0l-14.592-31.701333a17.493333 17.493333 0 0 0-7.552-7.978667 18.986667 18.986667 0 0 0-11.050667-2.133333l-35.925333 3.669333A126.634667 126.634667 0 0 1 384 400.768l21.546667-28.117333a16.469333 16.469333 0 0 0 3.413333-9.984 16.554667 16.554667 0 0 0-3.413333-10.026667L384 324.522667c5.888-18.048 15.957333-34.688 29.44-48.64l35.968 3.712c3.84 0.384 7.68-0.341333 11.008-2.176a17.493333 17.493333 0 0 0 7.509333-7.978667l14.634667-31.701333A140.8 140.8 0 0 1 512 234.666667z m0 85.333333a42.666667 42.666667 0 1 0 0 85.333333 42.666667 42.666667 0 0 0 0-85.333333z\" fill=\"#000000\">\u003C/path>\u003C/symbol>\u003Csymbol id=\"iconPin\" viewBox=\"0 0 1024 1024\">\u003Cpath d=\"M564.224 91.818667a21.76 21.76 0 0 1 31.018667 0l336.981333 337.194666c8.576 8.704 8.576 22.528 0 30.976l-30.293333 30.506667a22.186667 22.186667 0 0 1-31.018667 0l-45.909333-45.994667-138.624 138.666667c-4.096 4.138667-5.205333 10.965333-5.205334 16.64l-19.114666 273.066667c0 5.888-2.304 11.52-6.4 15.616l-40.149334 40.106666a21.76 21.76 0 0 1-31.018666 0l-213.546667-213.546666-217.173333 217.301333a22.186667 22.186667 0 0 1-30.976 0l-31.018667-31.232a21.930667 21.930667 0 0 1 0-30.976l217.130667-217.301333-213.888-214.101334a21.845333 21.845333 0 0 1 0-30.976l40.106666-40.106666a22.016 22.016 0 0 1 15.530667-6.485334l273.28-18.773333c5.802667 0 13.226667-0.554667 17.365333-4.693333l138.581334-138.666667-45.952-45.952a21.930667 21.930667 0 0 1 0-30.976l30.293333-30.293333z\" fill=\"#4E5969\">\u003C/path>\u003C/symbol>\u003Csymbol id=\"iconmigration\" viewBox=\"0 0 1024 1024\">\u003Cpath d=\"M128 490.666667v42.666666a21.333333 21.333333 0 0 0 18.858667 21.205334L149.333333 554.666667h470.869334l-128.426667 128.426666a21.333333 21.333333 0 0 0-1.834667 28.16l1.792 2.048 30.165334 30.165334a21.333333 21.333333 0 0 0 28.16 1.792l2.048-1.792 211.2-211.2a21.333333 21.333333 0 0 0 1.749333-28.16l-1.792-2.005334-211.2-211.2a21.333333 21.333333 0 0 0-28.16-1.749333l-1.962667 1.749333-30.208 30.165334a21.333333 21.333333 0 0 0-1.792 28.16l1.792 2.048L609.834667 469.333333H149.333333a21.333333 21.333333 0 0 0-21.205333 18.858667L128 490.666667z\" fill=\"#1D2129\">\u003C/path>\u003Cpath d=\"M725.333333 192a21.333333 21.333333 0 0 0 21.333334 21.333333H810.666667v597.333334h-64a21.333333 21.333333 0 0 0-21.333334 21.333333v42.666667a21.333333 21.333333 0 0 0 21.333334 21.333333H853.333333a42.666667 42.666667 0 0 0 42.666667-42.666667V170.666667a42.666667 42.666667 0 0 0-42.666667-42.666667h-106.666666a21.333333 21.333333 0 0 0-21.333334 21.333333v42.666667z\" fill=\"#1D2129\">\u003C/path>\u003C/symbol>\u003Csymbol id=\"iconFile_Nav_Desktop\" viewBox=\"0 0 1024 1024\">\u003Cpath d=\"M919.296 777.514667a19.626667 19.626667 0 0 1 13.696 5.546666 18.773333 18.773333 0 0 1 5.674667 13.397334v37.930666a18.773333 18.773333 0 0 1-5.674667 13.397334 19.626667 19.626667 0 0 1-13.696 5.546666H104.704a19.626667 19.626667 0 0 1-13.696-5.546666 18.773333 18.773333 0 0 1-5.674667-13.397334v-37.930666a18.773333 18.773333 0 0 1 5.674667-13.44 19.626667 19.626667 0 0 1 13.696-5.546667h814.592zM861.098667 170.666667a39.253333 39.253333 0 0 1 27.392 11.093333c7.253333 7.125333 11.392 16.768 11.392 26.837333v493.013334a37.546667 37.546667 0 0 1-11.392 26.88 39.253333 39.253333 0 0 1-27.392 11.050666H162.901333a39.253333 39.253333 0 0 1-27.392-11.093333 37.546667 37.546667 0 0 1-11.392-26.837333V208.64c0-10.069333 4.096-19.712 11.392-26.794667A39.253333 39.253333 0 0 1 162.901333 170.666667h698.197334zM201.728 663.722667h620.586667V246.485333H201.728v417.237334z\" fill=\"#000000\">\u003C/path>\u003C/symbol>\u003Csymbol id=\"iconFile_Nav_Safe\" viewBox=\"0 0 1024 1024\">\u003Cpath d=\"M862.165333 85.333333c18.688 0 33.834667 13.354667 33.834667 29.866667v692.010667c0 16.512-15.146667 29.866667-33.834667 29.866666H780.8v81.28a20.906667 20.906667 0 0 1-5.632 14.336 18.688 18.688 0 0 1-13.568 5.973334h-38.4a18.688 18.688 0 0 1-13.568-5.973334 20.906667 20.906667 0 0 1-5.632-14.336v-81.28h-384v81.28a20.906667 20.906667 0 0 1-5.632 14.336 18.688 18.688 0 0 1-13.568 5.973334h-38.4a18.688 18.688 0 0 1-13.568-5.973334 20.906667 20.906667 0 0 1-5.632-14.336v-81.28H161.834667c-18.688 0-33.834667-13.354667-33.834667-29.866666V115.2c0-16.469333 15.146667-29.866667 33.834667-29.866667h700.330666zM550.4 166.613333H204.8v589.226667h614.4V166.570667h-268.8z\" fill=\"#000000\">\u003C/path>\u003Cpath d=\"M529.066667 268.202667a21.333333 21.333333 0 0 1 21.333333 21.333333V349.44h17.066667a21.333333 21.333333 0 0 1 21.333333 21.290667v38.613333a21.333333 21.333333 0 0 1-21.333333 21.333333h-17.066667v51.626667c22.954667 14.037333 38.4 40.234667 38.4 70.314667 0 44.885333-34.389333 81.237333-76.8 81.237333s-76.8-36.394667-76.8-81.237333c0-30.08 15.488-56.32 38.4-70.357334V289.536a21.333333 21.333333 0 0 1 21.333333-21.333333h34.133334z\" fill=\"#000000\">\u003C/path>\u003C/symbol>\u003Csymbol id=\"iconFile_Nav_Latest\" viewBox=\"0 0 1024 1024\">\u003Cpath d=\"M512 85.333333c235.648 0 426.666667 191.018667 426.666667 426.666667s-191.018667 426.666667-426.666667 426.666667S85.333333 747.648 85.333333 512 276.352 85.333333 512 85.333333z m0 77.568a349.098667 349.098667 0 1 0 0 698.197334 349.098667 349.098667 0 0 0 0-698.197334z m19.370667 155.178667a19.413333 19.413333 0 0 1 19.413333 19.370667v135.765333h135.765333a19.413333 19.413333 0 0 1 19.370667 19.413333v38.784a19.413333 19.413333 0 0 1-19.370667 19.370667h-193.962666a19.413333 19.413333 0 0 1-19.370667-19.413333V337.493333a19.413333 19.413333 0 0 1 19.413333-19.370666h38.784z\" fill=\"#000000\">\u003C/path>\u003C/symbol>\u003Csymbol id=\"iconList_Preview\" viewBox=\"0 0 1024 1024\">\u003Cpath d=\"M891.264 85.333333C917.461333 85.333333 938.666667 106.581333 938.666667 132.736v758.528A47.402667 47.402667 0 0 1 891.264 938.666667H132.736A47.402667 47.402667 0 0 1 85.333333 891.264V132.736C85.333333 106.538667 106.581333 85.333333 132.736 85.333333h758.528zM576 170.666667H170.666667v682.666666h405.333333V170.666667zM853.333333 170.666667h-192v682.666666H853.333333V170.666667z\" fill=\"#1D2129\">\u003C/path>\u003C/symbol>\u003Csymbol id=\"iconright_settings\" viewBox=\"0 0 1024 1024\">\u003Cpath d=\"M512 85.333333c30.933333 0 61.781333 3.456 91.989333 10.325334l6.741334 1.536a21.333333 21.333333 0 0 1 14.848 12.373333l43.392 100.224a21.333333 21.333333 0 0 0 21.930666 12.714667l106.282667-11.776a21.333333 21.333333 0 0 1 18.176 6.912l4.693333 5.12a428.16 428.16 0 0 1 92.074667 162.218666l2.133333 6.912a21.418667 21.418667 0 0 1-3.114666 18.688l-4.181334 5.845334-59.733333 83.114666a21.333333 21.333333 0 0 0 0 24.917334l63.872 88.96a21.333333 21.333333 0 0 1 3.114667 18.688l-2.133334 6.912a428.16 428.16 0 0 1-92.074666 162.218666l-4.650667 5.12a21.333333 21.333333 0 0 1-18.176 6.912l-106.24-11.776a21.333333 21.333333 0 0 0-22.016 12.714667l-43.349333 100.266667a21.333333 21.333333 0 0 1-14.848 12.330666l-6.741334 1.536a412.842667 412.842667 0 0 1-184.021333 0l-6.741333-1.536a21.333333 21.333333 0 0 1-14.805334-12.373333l-2.858666-6.528-40.533334-93.696a21.333333 21.333333 0 0 0-21.973333-12.714667l-106.24 11.776a21.290667 21.290667 0 0 1-18.218667-6.912l-4.650666-5.12a428.288 428.288 0 0 1-92.074667-162.218666l-2.133333-6.912a21.333333 21.333333 0 0 1 3.072-18.730667l4.224-5.845333 59.733333-83.072a21.333333 21.333333 0 0 0 0-24.917334l-64-88.917333a21.376 21.376 0 0 1-3.072-18.688l2.133333-6.954667A428.202667 428.202667 0 0 1 203.946667 222.805333l4.693333-5.162666a21.333333 21.333333 0 0 1 18.133333-6.912l106.282667 11.776a21.333333 21.333333 0 0 0 21.973333-12.714667l43.392-100.266667a21.333333 21.333333 0 0 1 14.805334-12.330666l6.741333-1.536A412.885333 412.885333 0 0 1 512 85.333333z m0 71.125334a348.586667 348.586667 0 0 0-48.128 3.328 20.608 20.608 0 0 0-15.957333 12.373333l-38.656 89.344a58.026667 58.026667 0 0 1-23.893334 27.008 56.746667 56.746667 0 0 1-34.901333 7.466667L255.658667 285.44a20.650667 20.650667 0 0 0-18.730667 7.808 357.077333 357.077333 0 0 0-48.554667 85.717333 20.650667 20.650667 0 0 0 2.56 19.626667l56.96 79.146667a58.88 58.88 0 0 1 0 68.522666l-56.917333 79.146667a20.650667 20.650667 0 0 0-2.56 19.626667 357.077333 357.077333 0 0 0 48.512 85.717333c4.394667 5.717333 11.52 8.576 18.730667 7.808l94.72-10.496c12.16-1.365333 24.448 1.237333 34.986666 7.424 10.624 6.229333 18.986667 15.701333 23.893334 27.050667l38.656 89.301333a20.608 20.608 0 0 0 15.957333 12.373333 346.026667 346.026667 0 0 0 96.256 0 20.650667 20.650667 0 0 0 15.957333-12.373333l38.613334-89.344a58.026667 58.026667 0 0 1 23.893333-27.008 56.746667 56.746667 0 0 1 34.944-7.424l94.805333 10.496a20.650667 20.650667 0 0 0 18.688-7.808c20.053333-26.154667 36.394667-55.04 48.554667-85.674667a20.608 20.608 0 0 0-2.56-19.626666l-56.917333-79.189334a58.709333 58.709333 0 0 1 0-68.522666l56.874666-79.189334a20.565333 20.565333 0 0 0 2.56-19.626666 356.778667 356.778667 0 0 0-48.512-85.674667 20.650667 20.650667 0 0 0-18.730666-7.808l-94.72 10.538667a56.746667 56.746667 0 0 1-34.986667-7.466667 57.984 57.984 0 0 1-23.893333-27.008l-38.613334-89.344a20.693333 20.693333 0 0 0-15.957333-12.373333A346.282667 346.282667 0 0 0 512 156.458667z m0 177.792c101.632 0 183.893333 79.616 183.893333 177.749333 0 98.133333-82.261333 177.792-183.893333 177.792-101.632 0-183.893333-79.616-183.893333-177.792 0-98.133333 82.261333-177.749333 183.893333-177.749333zM512 405.333333a106.666667 106.666667 0 1 0 0 213.333334 106.666667 106.666667 0 0 0 0-213.333334z\" fill=\"#1D2129\">\u003C/path>\u003C/symbol>\u003Csymbol id=\"iconright_refresh\" viewBox=\"0 0 1024 1024\">\u003Cpath d=\"M667.008 750.933333a255.104 255.104 0 0 1-158.293333 52.650667c-7.466667-0.128-14.762667-0.725333-22.101334-1.28-2.986667-0.384-5.973333-0.896-8.96-1.365333a206.549333 206.549333 0 0 1-17.066666-2.816c-3.413333-0.64-6.912-1.706667-10.24-2.56a229.76 229.76 0 0 1-16.384-4.266667c-2.56-1.066667-4.949333-1.92-7.509334-3.029333a195.456 195.456 0 0 1-18.346666-7.168c-1.365333-0.64-2.688-1.152-4.010667-1.706667a456.448 456.448 0 0 1-20.608-10.837333L382.634667 768a272.384 272.384 0 0 1-61.525334-49.792c-0.298667-0.341333-0.554667-0.725333-0.938666-1.024a237.056 237.056 0 0 1-19.242667-23.594667 305.024 305.024 0 0 1-59.178667-181.717333h71.168L199.125333 327.594667 85.333333 511.872h71.04a403.626667 403.626667 0 0 0 63.018667 217.6c0.426667 0.896 0.768 1.877333 1.28 2.688 4.096 6.4 8.704 12.245333 13.056 18.133333 1.706667 2.133333 3.157333 4.394667 4.906667 6.826667a419.072 419.072 0 0 0 22.4 26.368 357.12 357.12 0 0 0 79.957333 64.810667l2.346667 1.365333c8.448 4.906667 17.066667 9.386667 25.813333 13.525333l6.528 3.114667a540.288 540.288 0 0 0 34.048 13.226667c6.826667 2.090667 13.781333 3.968 20.736 5.674666 4.693333 1.194667 9.130667 2.474667 13.952 3.413334 1.92 0.512 3.754667 1.152 5.674667 1.365333 6.698667 1.28 13.269333 1.962667 19.84 2.816 2.432 0.426667 4.778667 0.896 7.168 1.152 11.861333 1.28 23.68 2.048 35.498666 2.048 72.234667 0 142.762667-23.808 203.264-69.632 19.285333-14.592 24.021333-43.392 10.581334-64.085333-13.610667-21.034667-40.149333-26.069333-59.434667-11.349334z m200.448-239.061333c0-80.512-23.125333-155.306667-62.506667-217.002667-0.64-1.066667-0.981333-2.133333-1.493333-3.072-5.077333-7.594667-10.282667-14.677333-15.658667-21.802666a26.88 26.88 0 0 1-1.792-2.602667 359.296 359.296 0 0 0-132.736-107.648c-1.536-0.64-2.816-1.365333-4.309333-2.005333a407.082667 407.082667 0 0 0-25.173333-9.984c-2.901333-1.024-5.973333-2.218667-9.045334-3.2a335.914667 335.914667 0 0 0-22.272-6.272c-4.224-0.981333-8.448-2.133333-12.629333-3.072-2.048-0.426667-3.925333-1.066667-6.144-1.536-5.632-0.981333-11.136-1.536-16.768-2.261334-3.968-0.426667-7.68-1.109333-11.648-1.578666a340.992 340.992 0 0 0-28.245333-1.578667c-1.706667 0-3.413333-0.256-5.12-0.256l-0.853334 0.128c-72.149333 0.085333-142.634667 23.552-203.008 69.333333-19.285333 14.506667-23.978667 43.264-10.410666 64.213334 13.397333 20.736 40.106667 25.856 59.477333 11.178666a254.293333 254.293333 0 0 1 180.650667-51.2c2.432 0.170667 4.693333 0.554667 7.168 0.938667 6.4 0.853333 12.8 1.749333 19.072 3.2 2.730667 0.512 5.546667 1.28 8.106666 1.962667 6.272 1.536 12.330667 3.072 18.346667 5.034666 2.005333 0.597333 3.84 1.322667 5.632 2.133334 6.954667 2.389333 13.738667 4.949333 20.309333 7.978666 0.725333 0.170667 1.365333 0.768 2.048 1.024a274.133333 274.133333 0 0 1 102.4 83.072 305.28 305.28 0 0 1 61.44 184.874667h-71.253333l113.92 184.32L938.666667 511.914667h-71.253334z\" fill=\"#1D2129\">\u003C/path>\u003C/symbol>\u003Csymbol id=\"iconSystem\" viewBox=\"0 0 1024 1024\">\u003Cpath d=\"M511.701333 85.333333c5.717333 0 11.306667 1.28 16.469334 3.797334l345.898666 167.381333a38.698667 38.698667 0 0 1 15.957334 14.421333c3.882667 6.229333 5.973333 13.482667 5.973333 20.906667V731.733333a39.765333 39.765333 0 0 1-5.930667 20.906667 38.656 38.656 0 0 1-15.957333 14.464l-345.856 167.722667a37.845333 37.845333 0 0 1-33.066667 0L149.888 767.146667a38.656 38.656 0 0 1-15.957333-14.421334 39.808 39.808 0 0 1-5.930667-20.906666V291.84c0-7.424 2.090667-14.677333 5.973333-20.906667a38.656 38.656 0 0 1 15.957334-14.506666l345.301333-167.338667A37.802667 37.802667 0 0 1 511.701333 85.333333zM204.8 706.986667l271.616 131.968-4.992-336.298667-0.725333-0.341333L204.8 366.165333v340.821334z m343.466667-203.306667l4.906666 332.373333L819.2 706.986667v-340.906667l-270.933333 137.557333z m-305.28-205.653333l262.186666 134.272a12.629333 12.629333 0 0 0 11.434667 0l264.277333-134.272-269.141333-130.133334-268.757333 130.133334z\" fill=\"#1D2129\">\u003C/path>\u003C/symbol>\u003Csymbol id=\"iconapp_nav_network\" viewBox=\"0 0 1024 1024\">\u003Cpath d=\"M512 760.832c22.4 0 41.984 13.525333 52.522667 33.706667L512 853.333333l-52.522667-58.794666c5.376-10.24 13.013333-18.773333 22.229334-24.704a55.893333 55.893333 0 0 1 30.293333-9.002667z m0-204.288c72.789333 0 138.069333 35.712 182.698667 92.373333l-57.6 64.426667a165.888 165.888 0 0 0-55.893334-48.725333A147.712 147.712 0 0 0 512 647.338667c-23.893333-0.042667-47.530667 5.845333-69.162667 17.28a165.930667 165.930667 0 0 0-55.978666 48.64L329.301333 648.96a246.784 246.784 0 0 1 82.432-68.266667 221.098667 221.098667 0 0 1 100.266667-24.106666z m0-181.589333c55.893333-0.085333 111.146667 12.8 162.389333 37.845333a408.576 408.576 0 0 1 135.125334 107.52l-57.386667 64.298667a327.68 327.68 0 0 0-108.8-87.893334A294.570667 294.570667 0 0 0 512 465.749333c-95.146667 0-180.736 45.824-240.128 118.869334l-57.386667-64.256a408.618667 408.618667 0 0 1 135.168-107.562667A368.042667 368.042667 0 0 1 512 374.954667zM512 170.666667c167.978667 0 319.488 78.805333 426.666667 205.184l-57.386667 64.213333C788.821333 330.069333 657.578667 261.461333 512 261.461333c-145.578667 0-276.821333 68.650667-369.28 178.602667L85.333333 375.808C192.512 249.514667 344.021333 170.666667 512 170.666667z\" fill=\"#1D2129\">\u003C/path>\u003C/symbol>\u003Csymbol id=\"iconapp_nav_Recording\" viewBox=\"0 0 1024 1024\">\u003Cpath d=\"M122.453333 213.333333h519.424c9.344 0 18.346667 3.541333 25.216 9.941334 6.826667 6.4 11.093333 15.189333 11.776 24.576l0.085334 2.816v522.666666a37.418667 37.418667 0 0 1-34.304 37.248l-2.816 0.085334H122.453333a36.949333 36.949333 0 0 1-25.258666-9.941334 37.418667 37.418667 0 0 1-11.776-24.576L85.333333 773.333333V250.666667c0-9.386667 3.541333-18.474667 9.898667-25.386667a36.992 36.992 0 0 1 24.405333-11.861333L122.453333 213.333333z m482.304 74.666667H159.530667v448h445.226666V288zM938.666667 353.92v316.16c0 29.013333-34.56 46.933333-61.824 32l-142.250667-78.08v-224l142.250667-78.08c27.221333-14.933333 61.824 2.986667 61.824 32z m-74.24 65.962667l-55.637334 22.4v139.434666l55.68 22.4V419.882667zM345.088 362.666667v112H233.728V362.666667h111.317333z\" fill=\"#1D2129\">\u003C/path>\u003C/symbol>\u003Csymbol id=\"iconapp_nav_Productivity\" viewBox=\"0 0 1024 1024\">\u003Cpath d=\"M512 85.333333c235.648 0 426.666667 191.018667 426.666667 426.666667s-191.018667 426.666667-426.666667 426.666667S85.333333 747.648 85.333333 512 276.352 85.333333 512 85.333333z m0 77.568a349.098667 349.098667 0 1 0 0 698.197334 349.098667 349.098667 0 0 0 0-698.197334z m243.413333 200.448a19.413333 19.413333 0 0 1 13.738667 33.109334L678.826667 486.826667a19.2 19.2 0 0 1-2.773334 2.304l-150.826666 150.826666a19.370667 19.370667 0 0 1-25.728 1.536l-1.706667-1.536L415.573333 557.653333l-109.738666 109.653334a19.413333 19.413333 0 0 1-27.392 0l-27.434667-27.392a19.413333 19.413333 0 0 1 0-27.434667l150.826667-150.826667a19.413333 19.413333 0 0 1 27.434666 0l82.304 82.261334 98.474667-98.517334-48.938667-48.938666a19.413333 19.413333 0 0 1-5.546666-11.178667l-0.128-2.56a19.413333 19.413333 0 0 1 19.413333-19.370667h180.608z\" fill=\"#1D2129\">\u003C/path>\u003C/symbol>\u003Csymbol id=\"iconapp_nav_AI\" viewBox=\"0 0 1024 1024\">\u003Cpath d=\"M798.208 192.64C731.648 123.306667 641.877333 85.333333 544.426667 85.333333h-18.346667l-6.656 0.213334c-188.714667 7.04-334.677333 167.637333-333.056 371.285333-1.152 1.152-29.994667 38.912-52.650667 68.608l-25.770666 33.664c-14.933333 19.285333-22.912 36.608-22.613334 52.906667 0.725333 45.994667 29.653333 66.56 87.594667 79.232l21.76 4.522666 7.893333 164.437334 0.213334 4.138666A80.768 80.768 0 0 0 282.752 938.666667c4.522667 0 133.12-16.213333 195.328-27.093334v-86.954666c-42.88 5.973333-137.898667 19.541333-193.152 28.501333l-9.898667-198.826667-0.042666-1.664c-0.128-2.986667-0.426667-5.973333-0.981334-8.96a27.477333 27.477333 0 0 0-4.266666-11.093333c-4.48-6.144-9.941333-10.368-16.981334-10.368a1427.029333 1427.029333 0 0 1-46.933333-7.68l-5.717333-1.024-2.090667-0.512a17.365333 17.365333 0 0 1-11.861333-19.797333 17.194667 17.194667 0 0 1 3.541333-7.552c40.618667-49.92 63.36-77.226667 68.266667-82.176 9.770667-9.642667 12.458667-19.2 12.458666-37.12 0-2.133333-0.085333-3.968-0.384-6.869334a45.781333 45.781333 0 0 1-0.298666-4.053333c-1.322667-77.226667 26.282667-145.493333 76.202666-200.021333a263.168 263.168 0 0 1 194.389334-86.058667h4.053333l6.570667 0.085333c150.058667 3.498667 264.234667 124.074667 266.154666 283.178667l-0.085333 6.186667h84.864v-6.954667c-1.493333-99.328-38.186667-191.658667-103.68-259.2z m56.746667 682.410667l-120.917334-353.792h-72.789333l-120.405333 353.792h69.674666l24.789334-83.882667h124.245333l24.789333 83.882667h70.570667zM938.666667 521.258667v353.792h-62.805334v-353.792H938.666667z m-282.453334 208.128c26.197333-92.928 39.808-141.525333 40.789334-145.706667 0.981333 4.181333 14.848 52.778667 41.642666 145.706667H656.213333z\" fill=\"#1D2129\">\u003C/path>\u003C/symbol>\u003Csymbol id=\"iconapp_nav_Recommend\" viewBox=\"0 0 1024 1024\">\u003Cpath d=\"M565.973333 133.717333l7.424 3.114667c49.365333 21.546667 121.088 64.981333 121.088 134.741333 0 27.648-13.610667 64.341333-40.746666 110.08h153.856c121.173333 0 148.992 96.682667 121.173333 169.130667l-121.173333 288.426667c-10.24 33.493333-44.330667 56.789333-83.242667 56.789333H227.157333V381.610667h83.114667l180.693333-232.405334c11.392-16.426667 42.24-29.013333 75.008-15.488zM166.528 381.696v514.005333H85.333333V381.696h81.194667z m379.178667-175.274667l-193.28 248.618667H308.394667v367.530667h416c2.517333 0 4.48-1.322667 4.949333-2.944l1.024-3.285334 122.026667-290.56c16.085333-42.709333 0.085333-70.741333-44.8-70.741333H517.973333l64.298667-108.16c21.333333-35.968 31.061333-62.165333 31.061333-75.306667 0-21.290667-25.258667-45.397333-67.584-65.152z\" fill=\"#1D2129\">\u003C/path>\u003C/symbol>\u003Csymbol id=\"iconapp_nav_Backup\" viewBox=\"0 0 1024 1024\">\u003Cpath d=\"M473.088 146.090667a20.309333 20.309333 0 0 0-33.621333-13.056L335.530667 223.744l-1.706667 1.664a20.309333 20.309333 0 0 0 1.706667 28.928l103.850666 90.709333 1.877334 1.450667a20.394667 20.394667 0 0 0 31.914666-16.768V277.76h174.506667c117.845333 0 213.333333 95.317333 213.333333 212.906667a212.906667 212.906667 0 0 1-122.752 192.853333l38.912 67.242667A290.304 290.304 0 0 0 938.666667 490.666667c0-160.341333-130.261333-290.346667-290.901334-290.346667H473.173333V148.309333l-0.128-2.218666zM287.786667 296.832L248.874667 229.546667A290.346667 290.346667 0 0 0 85.333333 490.666667c0 160.341333 130.261333 290.346667 290.901334 290.346666h174.549333v52.010667a20.309333 20.309333 0 0 0 33.749333 15.274667l103.893334-90.709334a20.309333 20.309333 0 0 0 0-30.549333L584.533333 636.330667a20.437333 20.437333 0 0 0-33.706666 15.274666v52.010667H376.192c-117.802667 0-213.333333-95.36-213.333333-212.949333a212.906667 212.906667 0 0 1 124.885333-193.834667z\" fill=\"#1D2129\">\u003C/path>\u003C/symbol>\u003Csymbol id=\"iconapp_nav_Security\" viewBox=\"0 0 1024 1024\">\u003Cpath d=\"M533.034667 91.776l20.778666 14.08a36.608 36.608 0 0 1 4.48 3.669333c-1.28-1.237333-1.066667-1.237333-1.024-1.28l-1.28-0.853333 6.314667 4.053333c7.210667 4.437333 15.786667 9.472 25.429333 14.805334 29.952 16.384 61.013333 30.72 93.013334 42.922666 32 12.202667 66.176 20.352 100.138666 25.173334a470.016 470.016 0 0 0 44.373334 4.266666l34.389333 0.512a37.504 37.504 0 0 1 25.642667 10.581334 34.986667 34.986667 0 0 1 10.581333 24.917333v34.218667L896 350.421333v48.64L896 549.333333v14.378667C895.658667 735.018667 668.672 938.666667 511.957333 938.666667 355.2 938.666667 128 734.72 128 563.413333V234.666667a34.986667 34.986667 0 0 1 10.581333-24.96 37.504 37.504 0 0 1 25.642667-10.581334l35.072-0.554666a471.338667 471.338667 0 0 0 43.733333-4.224 468.224 468.224 0 0 0 100.010667-25.173334c32-12.202667 63.146667-26.581333 93.056-43.008a469.333333 469.333333 0 0 0 33.834667-20.181333l20.608-14.08a37.717333 37.717333 0 0 1 42.496-0.128z m289.28 307.285333v-48.64l-0.042667-80.768c-10.24-0.213333-30.208-1.792-52.138667-4.906666a542.634667 542.634667 0 0 1-116.352-29.44c-59.690667-22.698667-121.173333-55.637333-141.909333-70.826667a561.92 561.92 0 0 1-39.338667 23.466667c-32.938667 18.090667-67.157333 33.92-102.4 47.36-37.674667 14.378667-77.184 23.808-116.309333 29.44a502.186667 502.186667 0 0 1-52.181333 4.906666v293.802667c0 130.773333 193.066667 304.085333 310.314666 304.085333 117.333333 0 310.4-173.269333 310.4-304.085333V399.061333z m-129.877334 16.042667a18.346667 18.346667 0 0 1 0 26.325333l-163.669333 158.037334-27.306667 26.325333a19.626667 19.626667 0 0 1-27.264 0l-27.306666-26.325333-81.792-79.018667a18.346667 18.346667 0 0 1 0-26.325333l27.306666-26.368a19.626667 19.626667 0 0 1 27.264 0l68.181334 65.877333 150.016-144.853333a19.626667 19.626667 0 0 1 27.306666 0l27.264 26.325333z\" fill=\"#1D2129\">\u003C/path>\u003C/symbol>\u003Csymbol id=\"iconapp_nav_Development\" viewBox=\"0 0 1024 1024\">\u003Cpath d=\"M899.84 128c10.325333 0 20.181333 4.053333 27.477333 11.264 7.253333 7.168 11.349333 16.938667 11.349334 27.136v691.2a38.186667 38.186667 0 0 1-11.349334 27.136 38.997333 38.997333 0 0 1-27.434666 11.264H124.117333a38.997333 38.997333 0 0 1-27.434666-11.264A38.186667 38.186667 0 0 1 85.333333 857.6V166.4c0-10.197333 4.096-19.968 11.349334-27.136A38.997333 38.997333 0 0 1 124.16 128h775.765333z m-38.741333 76.8H162.901333v614.4h698.197334V204.8z m-336.213334 96.213333l34.432 3.754667a19.498667 19.498667 0 0 1 16.512 13.738667 19.029333 19.029333 0 0 1 0.64 7.466666l-0.085333 0.512-49.834667 360.832a19.157333 19.157333 0 0 1-7.253333 12.544 19.541333 19.541333 0 0 1-14.08 3.925334l-34.432-3.797334a19.541333 19.541333 0 0 1-16.554667-14.08 19.029333 19.029333 0 0 1-0.512-7.594666l49.834667-360.832a19.541333 19.541333 0 0 1 21.333333-16.512zM378.026667 395.989333l24.32 22.357334a19.2 19.2 0 0 1 4.821333 21.077333 19.2 19.2 0 0 1-4.138667 6.4l-66.944 67.754667 66.944 67.712a19.114667 19.114667 0 0 1-0.341333 27.178666l-0.341333 0.341334-24.32 22.357333a19.541333 19.541333 0 0 1-26.965334-0.554667l-103.893333-103.509333a19.114667 19.114667 0 0 1 0-27.093333l103.893333-103.466667a19.498667 19.498667 0 0 1 26.965334-0.554667z m294.997333 0.554667l103.893333 103.466667a19.114667 19.114667 0 0 1 0 27.093333l-103.893333 103.509333a19.498667 19.498667 0 0 1-26.965333 0.554667l-24.32-22.357333a19.2 19.2 0 0 1-0.64-27.52l66.901333-67.712-66.901333-67.754667a19.157333 19.157333 0 0 1 0.64-27.477333l24.32-22.357334a19.498667 19.498667 0 0 1 26.965333 0.554667z\" fill=\"#1D2129\">\u003C/path>\u003C/symbol>\u003Csymbol id=\"iconapp_nav_Drivers\" viewBox=\"0 0 1024 1024\">\u003Cpath d=\"M810.666667 85.333333a128 128 0 0 1 42.666666 248.746667v199.253333h42.666667a42.666667 42.666667 0 0 1 42.666667 42.666667V896a42.666667 42.666667 0 0 1-42.666667 42.666667H128a42.666667 42.666667 0 0 1-42.666667-42.666667v-320a42.666667 42.666667 0 0 1 42.666667-42.666667h42.666667V334.08a128 128 0 1 1 85.333333 0v199.253333h213.333333V334.08a128 128 0 1 1 85.333334 0v199.253333h213.333333V334.08A128 128 0 0 1 810.666667 85.333333zM170.666667 853.333333h682.666666v-234.666666H170.666667V853.333333z m256-85.333333H341.333333v-85.333333h85.333334v85.333333z m320-85.333333a21.333333 21.333333 0 0 1 21.333333 21.333333v42.666667a21.333333 21.333333 0 0 1-21.333333 21.333333h-213.333334a21.333333 21.333333 0 0 1-21.333333-21.333333v-42.666667a21.333333 21.333333 0 0 1 21.333333-21.333333h213.333334zM213.333333 170.666667a42.666667 42.666667 0 1 0 0 85.333333 42.666667 42.666667 0 0 0 0-85.333333z m298.666667 0a42.666667 42.666667 0 1 0 0 85.333333 42.666667 42.666667 0 0 0 0-85.333333z m298.666667 0a42.666667 42.666667 0 1 0 0 85.333333 42.666667 42.666667 0 0 0 0-85.333333z\" fill=\"#1D2129\">\u003C/path>\u003C/symbol>\u003Csymbol id=\"iconapp_nav_Downloads\" viewBox=\"0 0 1024 1024\">\u003Cpath d=\"M281.6 391.168v78.208H204.8v391.082667h614.4V469.333333h-76.8V391.168h115.2c10.197333 0 19.968 4.138667 27.136 11.477333a39.466667 39.466667 0 0 1 11.264 27.648v469.248a39.466667 39.466667 0 0 1-11.264 27.690667 38.058667 38.058667 0 0 1-27.136 11.434667H166.4a38.058667 38.058667 0 0 1-27.136-11.434667 39.466667 39.466667 0 0 1-11.264-27.648v-469.333333c0-10.325333 4.053333-20.266667 11.264-27.605334a38.058667 38.058667 0 0 1 27.136-11.477333h115.2z m403.2 312.874667c5.12 0 9.984 2.048 13.568 5.717333a19.754667 19.754667 0 0 1 5.632 13.824v39.082667a19.754667 19.754667 0 0 1-5.632 13.866666 19.029333 19.029333 0 0 1-13.568 5.717334h-345.6a19.029333 19.029333 0 0 1-13.568-5.717334 19.754667 19.754667 0 0 1-5.632-13.866666v-39.082667c0-5.205333 2.005333-10.154667 5.632-13.824a19.029333 19.029333 0 0 1 13.568-5.717333h345.6z m0-156.458667c5.12 0 9.984 2.090667 13.568 5.76a19.754667 19.754667 0 0 1 5.632 13.824v39.082667a19.754667 19.754667 0 0 1-5.632 13.824 19.029333 19.029333 0 0 1-13.568 5.76h-345.6a19.029333 19.029333 0 0 1-13.568-5.76 19.754667 19.754667 0 0 1-5.632-13.824v-39.082667c0-5.205333 2.005333-10.154667 5.632-13.824a19.029333 19.029333 0 0 1 13.568-5.717333h345.6zM492.970667 85.333333l36.352 0.128c4.693333 0 9.216 1.749333 12.714666 4.906667a19.626667 19.626667 0 0 1 6.314667 12.245333l0.128 2.261334 1.365333 238.933333 81.450667-82.986667a19.029333 19.029333 0 0 1 25.344-1.621333l1.792 1.621333 27.178667 27.648a19.712 19.712 0 0 1 1.578666 25.813334l-1.578666 1.877333-149.333334 152.064a38.058667 38.058667 0 0 1-51.882666 2.304l-2.432-2.304-149.333334-152.064a19.712 19.712 0 0 1-1.621333-25.813333l1.621333-1.877334 27.136-27.648a19.029333 19.029333 0 0 1 25.344-1.621333l1.792 1.621333 88.192 89.856-1.365333-245.674666a20.010667 20.010667 0 0 1 5.589333-13.909334 19.2 19.2 0 0 1 13.653334-5.76z\" fill=\"#1D2129\">\u003C/path>\u003C/symbol>\u003Csymbol id=\"iconapp_nav_installed\" viewBox=\"0 0 1024 1024\">\u003Cpath d=\"M723.242667 123.221333l66.176 111.36 111.36 66.133334a77.525333 77.525333 0 0 1 35.498666 85.76L904.362667 512l31.914666 125.525333a77.482667 77.482667 0 0 1-35.498666 85.76l-111.36 66.133334-66.133334 111.36a77.482667 77.482667 0 0 1-85.76 35.498666L512 904.362667l-125.525333 31.914666a77.482667 77.482667 0 0 1-85.76-35.541333l-66.133334-111.317333-111.36-66.133334a77.525333 77.525333 0 0 1-35.498666-85.76L119.637333 512l-31.914666-125.525333a77.525333 77.525333 0 0 1 35.498666-85.76l111.36-66.133334 66.133334-111.36a77.525333 77.525333 0 0 1 85.76-35.498666L512 119.637333l125.525333-31.914666a77.525333 77.525333 0 0 1 85.76 35.498666z m-66.602667 39.594667l-125.525333 32a77.525333 77.525333 0 0 1-38.229334 0l-125.525333-32-66.133333 111.36c-6.656 11.093333-15.914667 20.394667-27.050667 27.008L162.816 367.36l31.914667 125.525333c3.2 12.544 3.2 25.685333 0 38.229334l-31.914667 125.482666 111.36 66.218667c11.093333 6.613333 20.394667 15.872 27.008 27.008l66.133333 111.36 125.568-31.957333c12.544-3.2 25.642667-3.2 38.186667 0l125.525333 31.957333 66.176-111.36c6.613333-11.093333 15.914667-20.394667 27.008-27.008l111.36-66.176-31.914666-125.525333a77.568 77.568 0 0 1 0-38.229334l31.914666-125.525333-111.36-66.133333a77.44 77.44 0 0 1-27.008-27.050667l-66.133333-111.36z m74.581333 255.573333l-54.784-54.741333-219.221333 219.221333-109.653333-109.653333-54.784 54.826667 164.437333 164.437333 274.005333-274.048z\" fill=\"#1D2129\">\u003C/path>\u003C/symbol>\u003Csymbol id=\"iconapp_nav_Audio\" viewBox=\"0 0 1024 1024\">\u003Cpath d=\"M336.426667 90.794667l153.813333 154.24h38.442667l153.813333-154.24a18.517333 18.517333 0 0 1 24.490667-1.536l1.792 1.536 26.24 26.325333a18.602667 18.602667 0 0 1 1.536 24.533333l-1.578667 1.749334-101.376 101.632h267.946667a37.034667 37.034667 0 0 1 37.034666 34.389333l0.085334 2.816v576.554667a37.248 37.248 0 0 1-34.304 37.12L901.546667 896H122.453333a37.034667 37.034667 0 0 1-37.034666-34.389333L85.333333 858.794667V282.24a37.248 37.248 0 0 1 34.304-37.12l2.816-0.085333h262.826667L283.989333 143.36a18.602667 18.602667 0 0 1 0-26.325333l26.24-26.282667a18.56 18.56 0 0 1 26.24 0z m528.042666 228.650666H159.530667v502.186667h704.938666V319.402667z m-426.666666 116.992c3.413333 0 6.826667 0.938667 9.728 2.730667L634.709333 554.666667a18.602667 18.602667 0 0 1 0 31.701333L447.573333 701.866667a18.517333 18.517333 0 0 1-28.288-15.872v-230.997334a18.602667 18.602667 0 0 1 18.56-18.56z\" fill=\"#1D2129\">\u003C/path>\u003C/symbol>\u003Csymbol id=\"iconapp_nav_Community\" viewBox=\"0 0 1024 1024\">\u003Cpath d=\"M409.856 795.221333c32.213333 14.549333 67.072 22.016 102.314667 21.973334 36.394667 0 71.04-7.808 102.314666-21.930667 13.226667 23.978667 31.274667 44.885333 52.906667 61.397333a324.181333 324.181333 0 0 1-155.221333 39.338667 324.608 324.608 0 0 1-155.221334-39.296c21.632-16.554667 39.68-37.504 52.906667-61.44z m-163.328-253.696l1.792 0.085334 4.693333 0.341333 1.237334 0.085333 5.76 0.597334 0.554666 0.085333c25.173333 3.328 49.194667 12.885333 69.888 27.818667 20.693333 14.933333 37.461333 34.773333 48.810667 57.770666a159.744 159.744 0 0 1-3.370667 147.797334l-0.725333 1.28-1.365333 2.389333-0.469334 0.853333-0.170666 0.256-0.128 0.170667-0.128 0.256-1.024 1.706667c-3.029333 4.821333-6.314667 9.514667-9.813334 13.994666l-1.066666 1.408a143.36 143.36 0 0 1-3.413334 4.096l-0.64 0.725334a155.306667 155.306667 0 0 1-56.448 41.088 153.173333 153.173333 0 0 1-135.253333-7.594667 156.117333 156.117333 0 0 1-51.626667-47.104 159.914667 159.914667 0 0 1-21.845333-135.68 158.293333 158.293333 0 0 1 34.261333-61.44c15.829333-17.536 35.413333-31.232 57.173334-40.021333l1.834666-0.725334-2.645333 1.109334 5.290667-2.133334 1.024-0.341333c3.84-1.408 7.765333-2.602667 11.733333-3.712l0.853333-0.213333c1.792-0.469333 3.626667-0.896 5.461334-1.28l0.597333-0.170667a153.088 153.088 0 0 1 33.109333-3.626667l6.058667 0.128z m542.592 0h0.64l1.92 0.085334c10.581333 0.554667 21.12 2.176 31.36 4.864l0.896 0.256c3.925333 1.066667 7.808 2.304 11.648 3.669333l0.725333 0.256c20.352 7.466667 38.912 19.2 54.528 34.389333 15.573333 15.146667 27.861333 33.493333 36.096 53.76a159.701333 159.701333 0 0 1-3.157333 127.402667 157.44 157.44 0 0 1-38.826667 51.84 154.666667 154.666667 0 0 1-56.149333 31.488 153.045333 153.045333 0 0 1-124.629333-15.232l-1.28-0.768-3.498667-2.261333-0.213333-0.128-1.706667-1.152a149.717333 149.717333 0 0 1-9.728-7.168l-0.981333-0.810667a153.898667 153.898667 0 0 1-9.216-8.149333l-0.64-0.597334a164.48 164.48 0 0 1-8.832-9.216l-0.682667-0.853333a184.021333 184.021333 0 0 1-3.157333-3.669333l-1.024-1.322667a158.208 158.208 0 0 1-10.709334-15.189333l-0.426666-0.597334-0.554667-0.853333a159.402667 159.402667 0 0 1 41.130667-210.133333 154.026667 154.026667 0 0 1 71.125333-28.714667l5.546667-0.64 2.005333-0.128 4.693333-0.341333h0.981334l0.597333-0.085334c2.090667-0.085333 4.138667-0.128 6.229333-0.128l5.290667 0.128zM240.512 620.202667c-20.608 0-40.362667 8.32-54.912 23.04a79.445333 79.445333 0 0 0-22.698667 55.808c0 20.906667 8.149333 40.917333 22.698667 55.68s34.304 23.082667 54.912 23.082666c20.565333 0 40.32-8.277333 54.912-23.04 14.506667-14.805333 22.698667-34.858667 22.698667-55.722666 0-20.906667-8.149333-40.96-22.698667-55.765334a77.141333 77.141333 0 0 0-54.912-23.082666z m543.317333 0c-20.565333 0-40.32 8.32-54.869333 23.04a79.488 79.488 0 0 0 0 111.488c14.506667 14.762667 34.304 23.082667 54.869333 23.082666s40.32-8.32 54.869334-23.04a79.488 79.488 0 0 0 0-111.445333 77.056 77.056 0 0 0-54.869334-23.125333zM187.690667 550.784l-0.725334 0.256 1.024-0.384-0.298666 0.128z m579.456-8.448l-2.901334 0.341333 3.157334-0.426666-0.256 0.085333z m20.266666-0.853333h-0.512l-3.072-0.085334 3.584 0.042667zM318.208 290.176a198.4 198.4 0 0 0 20.992 84.522667 256.426667 256.426667 0 0 0-72.96 128.981333 191.36 191.36 0 0 0-80.128 6.144 335.701333 335.701333 0 0 1 120.96-211.029333l6.229333-4.949334 4.906667-3.669333z m387.968 0a335.616 335.616 0 0 1 130.986667 213.162667l1.024 6.485333c-26.026667-7.68-53.333333-9.813333-80.170667-6.144a256.554667 256.554667 0 0 0-72.917333-129.024 198.4 198.4 0 0 0 21.077333-84.48z m-221.525333-159.744a152.96 152.96 0 0 1 122.965333 30.890667c17.194667 13.653333 31.402667 30.805333 41.642667 50.346666a159.36 159.36 0 0 1 8.533333 128.298667l-2.218667 5.674667-0.085333 0.170666-0.426667 1.066667-1.237333 2.944a156.970667 156.970667 0 0 1-56.234667 67.114667 153.728 153.728 0 0 1-83.029333 26.026666 153.557333 153.557333 0 0 1-83.712-23.338666 156.885333 156.885333 0 0 1-58.325333-65.365334l-2.218667-4.949333-0.512-1.066667-1.621333-4.010666-0.810667-2.005334a158.762667 158.762667 0 0 1-9.642667-41.216l-0.085333-0.981333-0.298667-3.456-0.213333-3.456-0.042667-0.682667a176.213333 176.213333 0 0 1-0.128-7.168l0.085334-6.229333 0.085333-1.877333 0.298667-4.138667 0.128-1.92c0.128-1.706667 0.341333-3.498667 0.554666-5.248l0.128-1.066667a159.146667 159.146667 0 0 1 21.76-61.909333A156.672 156.672 0 0 1 424.661333 155.306667a154.026667 154.026667 0 0 1 59.946667-24.874667z m27.52 76.074667c-20.608 0-40.32 8.277333-54.869334 23.04a79.402667 79.402667 0 0 0 0 111.445333c14.506667 14.762667 34.261333 23.04 54.869334 23.04 20.565333 0 40.32-8.277333 54.869333-23.04a79.402667 79.402667 0 0 0 0-111.402667 77.013333 77.013333 0 0 0-54.869333-23.082666z\" fill=\"#1D2129\">\u003C/path>\u003C/symbol>\u003Csymbol id=\"iconapp_nav_all\" viewBox=\"0 0 1024 1024\">\u003Cpath d=\"M426.666667 554.666667a42.666667 42.666667 0 0 1 42.666666 42.666666v277.333334a42.666667 42.666667 0 0 1-38.314666 42.453333L426.666667 917.333333H149.333333l-4.394666-0.213333a42.666667 42.666667 0 0 1-38.058667-38.101333L106.666667 874.666667V597.333333a42.666667 42.666667 0 0 1 42.666666-42.666666H426.666667z m450.133333-2.133334a40.533333 40.533333 0 0 1 40.533333 40.533334v283.733333a40.533333 40.533333 0 0 1-40.533333 40.533333H593.066667a40.533333 40.533333 0 0 1-40.533334-40.533333V593.066667a40.533333 40.533333 0 0 1 40.533334-40.533334h283.733333zM183.466667 840.533333h209.066666v-209.066666H183.466667v209.066666z m450.133333-4.266666h202.666667v-202.666667h-202.666667v202.666667zM430.933333 106.666667a40.533333 40.533333 0 0 1 40.533334 40.533333v283.733333a40.533333 40.533333 0 0 1-40.533334 40.533334H147.2a40.533333 40.533333 0 0 1-40.533333-40.533334V147.2a40.533333 40.533333 0 0 1 40.533333-40.533333h283.733333z m445.866667 0a40.533333 40.533333 0 0 1 40.533333 40.533333v283.733333a40.533333 40.533333 0 0 1-40.533333 40.533334H593.066667a40.533333 40.533333 0 0 1-40.533334-40.533334V147.2a40.533333 40.533333 0 0 1 40.533334-40.533333h283.733333zM187.733333 390.4h202.666667V187.733333H187.733333v202.666667z m445.866667 0h202.666667V187.733333h-202.666667v202.666667z\" fill=\"#1D2129\">\u003C/path>\u003C/symbol>\u003Csymbol id=\"iconUpward\" viewBox=\"0 0 1024 1024\">\u003Cpath d=\"M917.333333 853.333333a21.333333 21.333333 0 0 1 21.333334 21.333334v42.666666a21.333333 21.333333 0 0 1-21.333334 21.333334h-810.666666a21.333333 21.333333 0 0 1-21.333334-21.333334v-42.666666a21.333333 21.333333 0 0 1 21.333334-21.333334h810.666666zM433.194667 388.053333v359.637334c0 5.376 2.133333 10.538667 5.802666 14.336 3.669333 3.84 8.704 5.973333 13.909334 5.973333h118.186666c5.205333 0 10.24-2.133333 13.909334-5.973333a20.650667 20.650667 0 0 0 5.76-14.336V388.053333h147.712c1.237333 0 2.389333-0.213333 3.584-0.341333l0.554666-0.128a25.088 25.088 0 0 0 3.925334-0.938667 14.549333 14.549333 0 0 0 3.797333-1.408l0.512-0.256 0.810667-0.426666a15.36 15.36 0 0 0 2.005333-0.981334 31.786667 31.786667 0 0 0 13.653333-21.333333 39.68 39.68 0 0 0 0.64-6.229333L768 355.413333a9.216 9.216 0 0 0-0.085333-1.152l-0.085334-0.853333-0.042666-0.426667a34.261333 34.261333 0 0 0-5.76-17.066666l-221.696-230.485334c-5.845333-11.306667-17.365333-21.973333-28.330667-19.797333-10.965333-2.176-22.442667 8.490667-28.330667 19.797333L261.930667 335.914667a34.432 34.432 0 0 0-5.717334 17.066666v0.426667c0 0.298667-0.085333 0.597333-0.128 0.853333A8.746667 8.746667 0 0 0 256 355.413333l0.042667 0.597334 0.042666 0.554666c0.042667 1.621333 0.213333 3.242667 0.426667 4.821334 1.706667 9.514667 6.4 17.450667 13.824 22.186666 0.64 0.426667 1.322667 0.725333 2.005333 1.024l0.853334 0.426667 0.426666 0.213333a30.976 30.976 0 0 0 7.381334 2.346667l0.896 0.128a24.277333 24.277333 0 0 0 3.626666 0.341333h147.669334z\" fill=\"#3491FA\">\u003C/path>\u003C/symbol>\u003Csymbol id=\"icondownward\" viewBox=\"0 0 1024 1024\">\u003Cpath d=\"M917.333333 853.333333a21.333333 21.333333 0 0 1 21.333334 21.333334v42.666666a21.333333 21.333333 0 0 1-21.333334 21.333334h-810.666666a21.333333 21.333333 0 0 1-21.333334-21.333334v-42.666666a21.333333 21.333333 0 0 1 21.333334-21.333334h810.666666zM433.194667 465.28V105.642667c0-5.376 2.133333-10.538667 5.802666-14.378667A19.413333 19.413333 0 0 1 452.906667 85.333333h118.186666c5.205333 0 10.24 2.133333 13.909334 5.973334 3.669333 3.797333 5.76 8.96 5.76 14.336v359.637333h147.712c1.237333 0 2.389333 0.213333 3.584 0.341333l0.554666 0.128a25.344 25.344 0 0 1 3.925334 0.938667c1.322667 0.298667 2.602667 0.768 3.797333 1.408l0.512 0.256 0.810667 0.426667a15.274667 15.274667 0 0 1 2.005333 0.981333 31.786667 31.786667 0 0 1 13.653333 21.333333 39.765333 39.765333 0 0 1 0.64 6.229334l0.042667 0.597333a9.344 9.344 0 0 1-0.085333 1.152l-0.085334 0.853333-0.042666 0.426667a34.304 34.304 0 0 1-5.76 17.066667l-221.696 230.485333c-5.845333 11.306667-17.365333 21.973333-28.330667 19.797333-10.965333 2.176-22.442667-8.490667-28.330667-19.797333l-221.738666-230.485333a34.432 34.432 0 0 1-5.717334-17.066667v-0.426667c0-0.298667-0.085333-0.597333-0.128-0.853333A8.746667 8.746667 0 0 1 256 497.92l0.042667-0.64 0.042666-0.554667a36.266667 36.266667 0 0 1 0.426667-4.864 32.128 32.128 0 0 1 13.824-22.101333c0.64-0.426667 1.322667-0.768 2.005333-1.066667l0.853334-0.426666 0.426666-0.213334a31.232 31.232 0 0 1 7.381334-2.346666l0.896-0.128a24.32 24.32 0 0 1 3.626666-0.341334h147.669334z\" fill=\"#23C343\">\u003C/path>\u003C/symbol>\u003Csymbol id=\"iconStorage_Nav_iSCSI_Target\" viewBox=\"0 0 1024 1024\">\u003Cpath d=\"M298.666667 256m-42.666667 0a42.666667 42.666667 0 1 0 85.333333 0 42.666667 42.666667 0 1 0-85.333333 0Z\" fill=\"#1D2129\">\u003C/path>\u003Cpath d=\"M725.333333 256m-42.666666 0a42.666667 42.666667 0 1 0 85.333333 0 42.666667 42.666667 0 1 0-85.333333 0Z\" fill=\"#1D2129\">\u003C/path>\u003Cpath d=\"M298.666667 768m-42.666667 0a42.666667 42.666667 0 1 0 85.333333 0 42.666667 42.666667 0 1 0-85.333333 0Z\" fill=\"#1D2129\">\u003C/path>\u003Cpath d=\"M725.333333 768m-42.666666 0a42.666667 42.666667 0 1 0 85.333333 0 42.666667 42.666667 0 1 0-85.333333 0Z\" fill=\"#1D2129\">\u003C/path>\u003Cpath d=\"M873.386667 85.333333c6.016 0 11.776 2.261333 16 6.229334 4.224 4.010667 6.613333 9.429333 6.613333 15.104v810.666666c0 5.674667-2.389333 11.093333-6.613333 15.104a23.253333 23.253333 0 0 1-15.957334 6.229334H150.570667a23.253333 23.253333 0 0 1-15.957334-6.229334A20.778667 20.778667 0 0 1 128 917.333333v-810.666666c0-5.674667 2.389333-11.093333 6.613333-15.104A23.253333 23.253333 0 0 1 150.613333 85.333333h722.858667zM213.333333 344.234667v510.421333l597.333334 1.578667V170.666667H212.949333L213.333333 344.234667zM512 277.333333a209.493333 209.493333 0 0 1 143.786667 56.234667A186.709333 186.709333 0 0 1 715.264 469.333333a185.6 185.6 0 0 1-47.189333 122.88l-55.424-74.88c7.893333-14.762667 12.288-31.146667 12.288-48 0-28.288-11.946667-55.424-33.109334-75.434666A116.48 116.48 0 0 0 512 362.666667a116.48 116.48 0 0 0-79.872 31.232A103.765333 103.765333 0 0 0 399.061333 469.333333c0 28.288 11.904 55.424 33.066667 75.434667 17.365333 16.384 39.850667 26.752 63.872 29.994667l60.544 81.834666c-14.506667 3.072-29.44 4.736-44.544 4.736a209.493333 209.493333 0 0 1-143.786667-56.234666A186.752 186.752 0 0 1 308.736 469.333333c0-50.901333 21.418667-99.754667 59.562667-135.765333A209.493333 209.493333 0 0 1 512 277.333333z\" fill=\"#1D2129\">\u003C/path>\u003Cpath d=\"M548.293081 473.420174m26.414676 33.506855l103.281379 131.011806q26.414675 33.506856-7.09218 59.921531l0 0q-33.506856 26.414675-59.921531-7.092181l-103.28138-131.011805q-26.414675-33.506856 7.092181-59.921531l0 0q33.506856-26.414675 59.921531 7.09218Z\" fill=\"#1D2129\">\u003C/path>\u003C/symbol>\u003Csymbol id=\"iconStorage_Nav_hot_spare\" viewBox=\"0 0 1024 1024\">\u003Cpath d=\"M85.333333 621.653333l0.256-3.456a34.261333 34.261333 0 0 1 0.341334-1.877333l0.128-0.682667L185.258667 133.248a33.706667 33.706667 0 0 1 9.301333-17.194667c4.693333-4.650667 10.666667-7.765333 17.152-8.917333l5.674667-0.469333h590.378666c6.570667 0 13.013333 2.005333 18.474667 5.76a33.408 33.408 0 0 1 12.074667 15.36l1.621333 5.546666 98.090667 482.389334a37.973333 37.973333 0 0 1 0.64 6.826666v261.290667a33.834667 33.834667 0 0 1-9.6 23.68 32.469333 32.469333 0 0 1-23.210667 9.813333H118.144a32.469333 32.469333 0 0 1-23.210667-9.813333 33.834667 33.834667 0 0 1-9.6-23.68V621.653333z m768 0.853334L170.666667 618.24V832h682.666666v-209.493333z m-61.525333 97.706666a32.426667 32.426667 0 0 1 22.186667 8.746667 34.005333 34.005333 0 0 1 4.010666 45.056 32.725333 32.725333 0 0 1-20.266666 12.672l-5.930667 0.554667h-82.901333a32.469333 32.469333 0 0 1-22.186667-8.746667 34.005333 34.005333 0 0 1-4.010667-45.056 32.725333 32.725333 0 0 1 20.309334-12.672l5.888-0.554667h82.944zM768 192H256l-64 341.333333h644.693333L768 192z\" fill=\"#1D2129\">\u003C/path>\u003Cpath d=\"M548.565333 252.970667a18.261333 18.261333 0 0 0-18.261333-18.304h-36.608a18.304 18.304 0 0 0-18.261333 18.304v73.130666H402.304A18.304 18.304 0 0 0 384 344.32v36.608a18.304 18.304 0 0 0 18.304 18.261333h73.130667v73.130667a18.304 18.304 0 0 0 18.261333 18.304h36.608a18.304 18.304 0 0 0 18.261333-18.304V399.232h73.130667A18.304 18.304 0 0 0 640 381.013333V344.32a18.304 18.304 0 0 0-18.304-18.261333h-73.130667V252.970667z\" fill=\"#1D2129\">\u003C/path>\u003C/symbol>\u003Csymbol id=\"iconStorage_Nav_disk\" viewBox=\"0 0 1024 1024\">\u003Cpath d=\"M85.333333 621.653333l0.256-3.456a34.261333 34.261333 0 0 1 0.341334-1.877333l0.128-0.682667L185.258667 133.248a33.706667 33.706667 0 0 1 9.301333-17.194667c4.693333-4.650667 10.666667-7.765333 17.152-8.917333l5.674667-0.469333h590.378666c6.570667 0 13.013333 2.005333 18.474667 5.76a33.408 33.408 0 0 1 12.074667 15.36l1.621333 5.546666 98.090667 482.389334a37.973333 37.973333 0 0 1 0.64 6.826666v261.290667a33.834667 33.834667 0 0 1-9.6 23.68 32.469333 32.469333 0 0 1-23.210667 9.813333H118.144a32.469333 32.469333 0 0 1-23.210667-9.813333 33.834667 33.834667 0 0 1-9.6-23.68V621.653333z m768 0.853334L170.666667 618.24V832h682.666666v-209.493333z m-61.525333 97.706666a32.426667 32.426667 0 0 1 22.186667 8.746667 34.005333 34.005333 0 0 1 4.010666 45.056 32.725333 32.725333 0 0 1-20.266666 12.672l-5.930667 0.554667h-82.901333a32.469333 32.469333 0 0 1-22.186667-8.746667 34.005333 34.005333 0 0 1-4.010667-45.056 32.725333 32.725333 0 0 1 20.309334-12.672l5.888-0.554667h82.944zM768 192H256l-64 341.333333h644.693333L768 192z\" fill=\"#1D2129\">\u003C/path>\u003C/symbol>\u003Csymbol id=\"iconStorage_nav_overview\" viewBox=\"0 0 1024 1024\">\u003Cpath d=\"M876.8 106.666667a40.533333 40.533333 0 0 1 40.533333 40.533333v567.466667a40.533333 40.533333 0 0 1-40.533333 40.533333h-324.266667v81.066667h101.333334a20.266667 20.266667 0 0 1 20.266666 20.266666v40.533334a20.266667 20.266667 0 0 1-20.266666 20.266666h-283.733334a20.266667 20.266667 0 0 1-20.266666-20.266666v-40.533334a20.266667 20.266667 0 0 1 20.266666-20.266666h101.333334v-81.066667h-324.266667a40.533333 40.533333 0 0 1-40.533333-40.533333V147.2a40.533333 40.533333 0 0 1 40.533333-40.533333h729.6z m-40.533333 81.066666H187.733333v486.4h648.533334V187.733333z m-114.730667 156.202667l-28.672-28.672a20.266667 20.266667 0 0 0-28.672 0l-103.68 103.68-91.648-92.032-1.92-1.706667a20.224 20.224 0 0 0-26.709333 1.706667l-145.237334 144.768a20.266667 20.266667 0 0 0 0 28.672l28.629334 28.629333a20.266667 20.266667 0 0 0 28.672 0l101.674666-101.674666 92.330667 92.416a20.181333 20.181333 0 0 0 28.672 0l146.56-147.157334a20.266667 20.266667 0 0 0 0-28.586666z\" fill=\"#1D2129\">\u003C/path>\u003C/symbol>\u003Csymbol id=\"iconStorage_Nav_storage\" viewBox=\"0 0 1024 1024\">\u003Cpath d=\"M204.8 347.050667v168.533333c0 39.594667 129.621333 82.688 307.2 82.688 177.578667 0 307.2-43.093333 307.2-82.688v-168.533333c-68.949333 38.4-174.037333 58.282667-307.2 58.282666-133.162667 0-238.293333-19.925333-307.2-58.282666z m0 271.616v146.730666c0 39.594667 129.621333 109.269333 307.2 109.269334 177.578667 0 307.2-63.957333 307.2-103.552v-146.730667C750.250667 662.784 645.162667 682.666667 512 682.666667c-133.162667 0-238.293333-25.6-307.2-64zM896 235.946667v559.317333c0 87.082667-172.757333 164.736-384 164.736-211.285333 0-384-77.653333-384-164.736V236.245333C128 145.066667 277.333333 68.266667 512 68.266667s384 81.066667 384 167.68zM512 320c128 0 298.666667-44.458667 298.666667-84.053333 0-61.269333-170.666667-90.88-298.666667-90.88S213.333333 192 213.333333 234.666667s170.666667 85.333333 298.666667 85.333333z m224 172.672a33.962667 33.962667 0 0 1-22.613333-8.405333 27.264 27.264 0 0 1-9.386667-20.266667c0-7.637333 3.370667-14.933333 9.386667-20.309333a33.962667 33.962667 0 0 1 22.613333-8.405334c8.490667 0 16.64 3.029333 22.613333 8.405334 6.016 5.376 9.386667 12.672 9.386667 20.309333 0 7.594667-3.370667 14.890667-9.386667 20.266667a33.962667 33.962667 0 0 1-22.613333 8.405333z m0 286.848a33.962667 33.962667 0 0 1-22.613333-8.405333 27.264 27.264 0 0 1-9.386667-20.309334c0-7.594667 3.370667-14.890667 9.386667-20.266666a33.962667 33.962667 0 0 1 22.613333-8.405334c8.490667 0 16.64 2.986667 22.613333 8.405334 6.016 5.376 9.386667 12.672 9.386667 20.266666 0 7.637333-3.370667 14.933333-9.386667 20.309334a33.962667 33.962667 0 0 1-22.613333 8.405333z\" fill=\"#1D2129\">\u003C/path>\u003C/symbol>\u003Csymbol id=\"iconStorage_Nav_USB_enabled\" viewBox=\"0 0 1024 1024\">\u003Cpath d=\"M759.168 91.477333C751.829333 87.466667 744.533333 85.333333 724.522667 85.333333H299.477333c-20.053333 0-27.306667 2.133333-34.645333 6.144a41.258667 41.258667 0 0 0-17.066667 17.450667c-3.925333 7.509333-5.973333 14.976-5.973333 35.498667v286.848h-19.669333c-40.149333 0-54.741333 4.266667-69.418667 12.288-14.506667 7.893333-26.368 20.053333-34.048 34.901333-7.808 15.018667-11.989333 29.952-11.989333 71.04v363.093333c0 10.154667 0.256 18.730667 0.768 26.069334l89.301333-0.042667v-415.146667H827.306667V938.666667l89.301333 0.042666a376.746667 376.746667 0 0 0 0.768-26.026666v-363.093334c0-41.130667-4.181333-56.064-12.032-71.082666a82.858667 82.858667 0 0 0-34.048-34.901334c-14.677333-8.021333-29.226667-12.288-69.376-12.288h-19.626667V144.469333c0-20.565333-2.133333-28.032-6.058666-35.541333a41.386667 41.386667 0 0 0-17.024-17.450667zM331.861333 177.578667h360.277334v253.696H331.861333V177.578667z m135.082667 69.205333v92.245333h-90.026667V246.784h90.026667z m180.181333 92.245333V246.784h-90.069333v92.245333h90.026667z\" fill=\"#1D2129\">\u003C/path>\u003C/symbol>\u003Csymbol id=\"iconStorage_Nav_volume\" viewBox=\"0 0 1024 1024\">\u003Cpath d=\"M512 85.333333c235.648 0 426.666667 191.018667 426.666667 426.666667s-191.018667 426.666667-426.666667 426.666667S85.333333 747.648 85.333333 512 276.352 85.333333 512 85.333333zM162.901333 512a349.098667 349.098667 0 0 0 592.554667 250.197333L473.173333 530.346667V165.034667A349.141333 349.141333 0 0 0 162.901333 512z m387.882667-346.965333v328.618666l253.952 208.64a349.141333 349.141333 0 0 0-253.952-537.173333z\" fill=\"#1D2129\">\u003C/path>\u003C/symbol>\u003Csymbol id=\"iconStorage_Nav_SSD_cache\" viewBox=\"0 0 1024 1024\">\u003Cpath d=\"M128 170.666667h768c23.552 0 42.666667 17.962667 42.666667 40.149333V813.226667c0 22.186667-19.114667 40.149333-42.666667 40.149333H128c-23.552 0-42.666667-17.962667-42.666667-40.149333V210.773333C85.333333 188.629333 104.448 170.666667 128 170.666667z m42.666667 85.333333v512h682.112L853.333333 640h85.333334V298.666667h-85.333334l-0.554666-42.666667H170.666667z\" fill=\"#1D2129\">\u003C/path>\u003Cpath d=\"M554.666667 564.565333c0 24.533333-7.893333 42.453333-18.517334 55.168-12.586667 15.104-27.562667 20.266667-45.269333 20.266667-17.749333 0-35.072-7.082667-45.696-20.266667-12.202667-15.104-18.517333-32.554667-18.517333-56.106666h41.386666c0 9.898667 2.346667 17.92 7.04 23.552 3.968 5.205333 10.24 7.552 15.786667 7.552a19.754667 19.754667 0 0 0 16.128-7.04c3.925333-4.266667 5.930667-11.818667 5.930667-19.84a35.669333 35.669333 0 0 0-4.352-18.346667 36.565333 36.565333 0 0 0-16.170667-14.165333l-27.562667-14.634667c-14.165333-7.509333-24.405333-17.408-30.293333-28.757333-4.736-8.96-6.698667-20.266667-6.698667-33.92 0-24.064 7.082667-39.594667 18.090667-53.290667 11.434667-13.653333 27.562667-20.736 44.928-20.736 17.322667 0 33.066667 6.613333 43.690667 18.858667 11.050667 12.714667 17.749333 30.165333 17.749333 55.168h-40.96c0-10.837333-1.962667-17.450667-5.930667-22.613334a19.626667 19.626667 0 0 0-6.613333-5.674666 16.426667 16.426667 0 0 0-7.936-1.877334 19.968 19.968 0 0 0-15.36 7.04 29.013333 29.013333 0 0 0-5.930667 18.858667c0 6.144 0.810667 10.410667 3.157334 14.634667a37.077333 37.077333 0 0 0 15.36 14.122666l27.562666 14.165334c14.165333 7.552 23.637333 15.530667 30.293334 27.306666 5.546667 9.472 8.704 23.594667 8.704 40.576zM597.333333 402.304c0-10.112 6.4-18.304 14.208-18.304h56.917334C723.413333 384 768 441.301333 768 512s-44.586667 128-99.541333 128h-56.917334c-7.850667 0-14.208-8.192-14.208-18.304V402.346667z m42.666667 32.896v153.6h28.458667c39.253333 0 56.874667-26.325333 56.874666-76.8 0-50.517333-17.621333-76.8-56.874666-76.8H640zM384 564.565333c0 24.533333-7.893333 42.453333-18.517333 55.168-12.586667 15.104-27.562667 20.266667-45.269334 20.266667-17.749333 0-35.072-7.082667-45.696-20.266667C262.314667 604.586667 256 587.178667 256 563.626667h41.386667c0 9.898667 2.346667 17.92 7.04 23.552 3.968 5.205333 10.24 7.552 15.786666 7.552a19.754667 19.754667 0 0 0 16.128-7.04c3.925333-4.266667 5.930667-11.818667 5.930667-19.84a35.669333 35.669333 0 0 0-4.352-18.346667 36.565333 36.565333 0 0 0-16.128-14.165333l-27.605333-14.634667c-14.165333-7.509333-24.405333-17.408-30.293334-28.757333-4.736-8.96-6.698667-20.266667-6.698666-33.92 0-24.064 7.082667-39.594667 18.090666-53.290667C286.72 391.082667 302.848 384 320.213333 384c17.322667 0 33.066667 6.613333 43.690667 18.858667 11.050667 12.714667 17.749333 30.165333 17.749333 55.168h-40.96c0-10.837333-2.005333-17.450667-5.930666-22.613334a19.626667 19.626667 0 0 0-6.613334-5.674666 16.469333 16.469333 0 0 0-7.936-1.877334 19.968 19.968 0 0 0-15.36 7.04 29.013333 29.013333 0 0 0-5.930666 18.858667c0 6.144 0.810667 10.410667 3.157333 14.634667a37.12 37.12 0 0 0 15.36 14.122666l27.562667 14.165334c14.165333 7.552 23.637333 15.530667 30.293333 27.306666 5.546667 9.472 8.704 23.594667 8.704 40.576zM853.333333 341.333333h85.333334v85.333334h-85.333334zM853.333333 469.333333h85.333334v128h-85.333334z\" fill=\"#1D2129\">\u003C/path>\u003C/symbol>\u003Csymbol id=\"iconlist_move\" viewBox=\"0 0 1024 1024\">\u003Cpath d=\"M682.666667 746.666667a21.333333 21.333333 0 0 1 21.333333 21.333333v85.333333a21.333333 21.333333 0 0 1-21.333333 21.333334h-85.333334a21.333333 21.333333 0 0 1-21.333333-21.333334v-85.333333a21.333333 21.333333 0 0 1 21.333333-21.333333h85.333334z m-256 0a21.333333 21.333333 0 0 1 21.333333 21.333333v85.333333a21.333333 21.333333 0 0 1-21.333333 21.333334H341.333333a21.333333 21.333333 0 0 1-21.333333-21.333334v-85.333333a21.333333 21.333333 0 0 1 21.333333-21.333333h85.333334z m170.666666-298.666667h85.333334a21.333333 21.333333 0 0 1 21.333333 21.333333v85.333334a21.333333 21.333333 0 0 1-21.333333 21.333333h-85.333334a21.333333 21.333333 0 0 1-21.333333-21.333333v-85.333334a21.333333 21.333333 0 0 1 21.333333-21.333333z m-256 0h85.333334a21.333333 21.333333 0 0 1 21.333333 21.333333v85.333334a21.333333 21.333333 0 0 1-21.333333 21.333333H341.333333a21.333333 21.333333 0 0 1-21.333333-21.333333v-85.333334a21.333333 21.333333 0 0 1 21.333333-21.333333z m341.333334-298.666667a21.333333 21.333333 0 0 1 21.333333 21.333334v85.333333a21.333333 21.333333 0 0 1-21.333333 21.333333h-85.333334a21.333333 21.333333 0 0 1-21.333333-21.333333V170.666667a21.333333 21.333333 0 0 1 21.333333-21.333334h85.333334z m-256 0a21.333333 21.333333 0 0 1 21.333333 21.333334v85.333333a21.333333 21.333333 0 0 1-21.333333 21.333333H341.333333a21.333333 21.333333 0 0 1-21.333333-21.333333V170.666667a21.333333 21.333333 0 0 1 21.333333-21.333334h85.333334z\" fill=\"#1D2129\">\u003C/path>\u003C/symbol>\u003Csymbol id=\"iconcard_more\" viewBox=\"0 0 1024 1024\">\u003Cpath d=\"M768 448h85.333333a21.333333 21.333333 0 0 1 21.333334 21.333333v85.333334a21.333333 21.333333 0 0 1-21.333334 21.333333h-85.333333a21.333333 21.333333 0 0 1-21.333333-21.333333v-85.333334a21.333333 21.333333 0 0 1 21.333333-21.333333z m-512 0a21.333333 21.333333 0 0 1 21.333333 21.333333v85.333334a21.333333 21.333333 0 0 1-21.333333 21.333333H170.666667a21.333333 21.333333 0 0 1-21.333334-21.333333v-85.333334a21.333333 21.333333 0 0 1 21.333334-21.333333h85.333333z m298.666667 0a21.333333 21.333333 0 0 1 21.333333 21.333333v85.333334a21.333333 21.333333 0 0 1-21.333333 21.333333h-85.333334a21.333333 21.333333 0 0 1-21.333333-21.333333v-85.333334a21.333333 21.333333 0 0 1 21.333333-21.333333h85.333334z\" fill=\"#1D2129\">\u003C/path>\u003C/symbol>\u003Csymbol id=\"iconnetwork_device\" viewBox=\"0 0 1024 1024\">\u003Cpath d=\"M681.984 844.416a50.986667 50.986667 0 0 0 15.317333 36.48 52.309333 52.309333 0 0 0 36.992 15.104h130.730667c13.866667 0 27.178667-5.418667 36.992-15.104a51.2 51.2 0 0 0 15.317333-36.48V179.626667a51.2 51.2 0 0 0-15.317333-36.48A52.650667 52.650667 0 0 0 865.024 128H734.293333c-13.866667 0-27.178667 5.418667-36.992 15.104a51.2 51.2 0 0 0-15.317333 36.48V844.373333z m74.794667-61.866667v-56.746666a10.24 10.24 0 0 1 7.125333-9.813334l3.328-0.512h67.712c4.608 0 8.533333 2.986667 9.898667 7.082667l0.554666 3.242667v56.746666c0 4.565333-2.986667 8.405333-7.210666 9.770667l-3.285334 0.512h-67.669333a10.538667 10.538667 0 0 1-7.424-2.986667 10.24 10.24 0 0 1-3.029333-7.338666z m-362.410667 61.866667c0 13.653333 5.504 26.794667 15.317333 36.48 9.813333 9.685333 23.082667 15.104 36.949334 15.104h130.773333c13.866667 0 27.178667-5.418667 36.992-15.104a51.2 51.2 0 0 0 15.274667-36.48V179.626667a51.2 51.2 0 0 0-15.274667-36.48A52.693333 52.693333 0 0 0 577.365333 128h-130.773333c-13.866667 0-27.178667 5.418667-36.949333 15.104a51.2 51.2 0 0 0-15.36 36.48V844.373333z m74.752-61.866667v-56.746666a10.453333 10.453333 0 0 1 7.168-9.813334l3.285333-0.512h67.669334c4.608 0 8.533333 2.986667 9.941333 7.082667l0.554667 3.242667v56.746666c0 4.565333-2.986667 8.405333-7.168 9.770667l-3.328 0.512H479.573333a10.538667 10.538667 0 0 1-7.424-2.986667 10.24 10.24 0 0 1-3.029333-7.338666zM106.666667 844.373333c0 13.653333 5.504 26.794667 15.317333 36.48 9.813333 9.685333 23.082667 15.104 36.949333 15.104h130.773334c13.866667 0 27.178667-5.418667 36.949333-15.104a51.2 51.2 0 0 0 15.36-36.48V179.626667a51.2 51.2 0 0 0-15.36-36.48A52.650667 52.650667 0 0 0 289.749333 128H158.976c-13.866667 0-27.178667 5.418667-36.992 15.104a51.2 51.2 0 0 0-15.317333 36.48V844.373333z m74.752-61.866666v-56.746667a10.24 10.24 0 0 1 7.125333-9.813333l3.328-0.512h67.669333c4.608 0 8.533333 2.986667 9.941334 7.082666l0.512 3.242667v56.746667c0 4.565333-2.986667 8.405333-7.168 9.770666l-3.285334 0.512H191.914667a10.538667 10.538667 0 0 1-7.424-2.986666 10.24 10.24 0 0 1-3.029334-7.338667z\" fill=\"#4E5969\">\u003C/path>\u003C/symbol>\u003Csymbol id=\"iconnetwork_router\" viewBox=\"0 0 1024 1024\">\u003Cpath d=\"M426.666667 385.621333c0 10.88 4.821333 21.333333 13.397333 29.013334 8.533333 7.68 20.181333 12.032 32.298667 12.032 12.117333 0 23.765333-4.309333 32.341333-12.032 8.533333-7.68 13.397333-18.133333 13.397333-29.013334 0-49.877333 44.970667-90.24 100.565334-90.24 55.594667 0 100.565333 40.362667 100.565333 90.24 0 10.88 4.821333 21.333333 13.397333 29.013334 8.576 7.68 20.224 12.032 32.341334 12.032 12.117333 0 23.722667-4.309333 32.298666-12.032 8.576-7.68 13.397333-18.133333 13.397334-29.013334C810.666667 290.474667 724.736 213.333333 618.666667 213.333333S426.666667 290.474667 426.666667 385.621333z\" fill=\"#4E5969\">\u003C/path>\u003Cpath d=\"M341.930667 384c11.434667 0 22.442667-3.754667 30.549333-10.410667a32.725333 32.725333 0 0 0 12.672-25.173333c0-106.069333 104.490667-192 233.514667-192s233.514667 85.930667 233.514666 192c0 9.472 4.565333 18.517333 12.672 25.173333 8.106667 6.656 19.114667 10.410667 30.549334 10.410667 11.52 0 22.485333-3.754667 30.592-10.410667a32.725333 32.725333 0 0 0 12.672-25.173333C938.666667 203.093333 795.477333 85.333333 618.666667 85.333333 441.898667 85.333333 298.666667 203.093333 298.666667 348.458667c0 9.386667 4.565333 18.474667 12.672 25.130666 8.106667 6.656 19.114667 10.410667 30.592 10.410667z\" fill=\"#4E5969\">\u003C/path>\u003Cpath d=\"M867.584 609.322667h-213.333333v-181.973334c0-11.52-4.693333-22.528-13.056-30.634666a45.056 45.056 0 0 0-62.848 0c-8.32 8.106667-13.013333 19.114667-13.013334 30.634666v181.973334H156.458667c-39.296 0-71.125333 31.061333-71.125334 69.333333v190.72C85.333333 907.605333 117.162667 938.666667 156.458667 938.666667h711.082666c39.296 0 71.125333-31.018667 71.125334-69.333334v-190.677333c0-38.272-31.829333-69.333333-71.082667-69.333333zM214.826667 830.293333a53.546667 53.546667 0 0 1-37.376-14.762666 50.986667 50.986667 0 0 1-15.530667-36.309334 49.92 49.92 0 0 1 15.530667-36.309333 52.48 52.48 0 0 1 37.418666-14.762667c13.781333 0.170667 26.965333 5.589333 36.693334 15.146667 9.642667 9.557333 15.104 22.485333 15.104 35.925333 0 13.44-5.461333 26.368-15.146667 35.925334a53.034667 53.034667 0 0 1-36.693333 15.146666z m153.088 0a53.546667 53.546667 0 0 1-37.418667-14.762666 50.986667 50.986667 0 0 1-15.530667-36.309334 49.962667 49.962667 0 0 1 15.530667-36.309333 52.522667 52.522667 0 0 1 37.418667-14.762667c13.781333 0.170667 26.965333 5.589333 36.693333 15.146667 9.642667 9.557333 15.104 22.485333 15.104 35.925333 0 13.44-5.461333 26.325333-15.146667 35.882667a53.034667 53.034667 0 0 1-36.693333 15.189333z\" fill=\"#4E5969\">\u003C/path>\u003C/symbol>\u003Csymbol id=\"iconupdate\" viewBox=\"0 0 1024 1024\">\u003Cpath d=\"M667.008 750.933333a255.104 255.104 0 0 1-158.293333 52.650667c-7.466667-0.128-14.762667-0.725333-22.101334-1.28-2.986667-0.384-5.973333-0.896-8.96-1.365333a206.549333 206.549333 0 0 1-17.066666-2.816c-3.413333-0.64-6.912-1.706667-10.24-2.56a229.76 229.76 0 0 1-16.384-4.266667c-2.56-1.066667-4.949333-1.92-7.509334-3.029333a195.456 195.456 0 0 1-18.346666-7.168c-1.365333-0.64-2.688-1.152-4.010667-1.706667a456.448 456.448 0 0 1-20.608-10.837333L382.634667 768a272.384 272.384 0 0 1-61.525334-49.792c-0.298667-0.341333-0.554667-0.725333-0.938666-1.024a237.056 237.056 0 0 1-19.242667-23.594667 305.024 305.024 0 0 1-59.178667-181.717333h71.168L199.125333 327.594667 85.333333 511.872h71.04a403.626667 403.626667 0 0 0 63.018667 217.6c0.426667 0.896 0.768 1.877333 1.28 2.688 4.096 6.4 8.704 12.245333 13.056 18.133333 1.706667 2.133333 3.157333 4.394667 4.906667 6.826667a419.072 419.072 0 0 0 22.4 26.368 357.12 357.12 0 0 0 79.957333 64.810667l2.346667 1.365333c8.448 4.906667 17.066667 9.386667 25.813333 13.525333l6.528 3.114667a540.288 540.288 0 0 0 34.048 13.226667c6.826667 2.090667 13.781333 3.968 20.736 5.674666 4.693333 1.194667 9.130667 2.474667 13.952 3.413334 1.92 0.512 3.754667 1.152 5.674667 1.365333 6.698667 1.28 13.269333 1.962667 19.84 2.816 2.432 0.426667 4.778667 0.896 7.168 1.152 11.861333 1.28 23.68 2.048 35.498666 2.048 72.234667 0 142.762667-23.808 203.264-69.632 19.285333-14.592 24.021333-43.392 10.581334-64.085333-13.610667-21.034667-40.149333-26.069333-59.434667-11.349334z m200.448-239.061333c0-80.512-23.125333-155.306667-62.506667-217.002667-0.64-1.066667-0.981333-2.133333-1.493333-3.072-5.077333-7.594667-10.282667-14.677333-15.658667-21.802666a26.88 26.88 0 0 1-1.792-2.602667 359.296 359.296 0 0 0-132.736-107.648c-1.536-0.64-2.816-1.365333-4.309333-2.005333a407.082667 407.082667 0 0 0-25.173333-9.984c-2.901333-1.024-5.973333-2.218667-9.045334-3.2a335.914667 335.914667 0 0 0-22.272-6.272c-4.224-0.981333-8.448-2.133333-12.629333-3.072-2.048-0.426667-3.925333-1.066667-6.144-1.536-5.632-0.981333-11.136-1.536-16.768-2.261334-3.968-0.426667-7.68-1.109333-11.648-1.578666a340.992 340.992 0 0 0-28.245333-1.578667c-1.706667 0-3.413333-0.256-5.12-0.256l-0.853334 0.128c-72.149333 0.085333-142.634667 23.552-203.008 69.333333-19.285333 14.506667-23.978667 43.264-10.410666 64.213334 13.397333 20.736 40.106667 25.856 59.477333 11.178666a254.293333 254.293333 0 0 1 180.650667-51.2c2.432 0.170667 4.693333 0.554667 7.168 0.938667 6.4 0.853333 12.8 1.749333 19.072 3.2 2.730667 0.512 5.546667 1.28 8.106666 1.962667 6.272 1.536 12.330667 3.072 18.346667 5.034666 2.005333 0.597333 3.84 1.322667 5.632 2.133334 6.954667 2.389333 13.738667 4.949333 20.309333 7.978666 0.725333 0.170667 1.365333 0.768 2.048 1.024a274.133333 274.133333 0 0 1 102.4 83.072 305.28 305.28 0 0 1 61.44 184.874667h-71.253333l113.92 184.32L938.666667 511.914667h-71.253334z\" fill=\"#1D2129\">\u003C/path>\u003C/symbol>\u003Csymbol id=\"iconDownload_client-01\" viewBox=\"0 0 1024 1024\">\u003Cpath d=\"M772.565333 859.434667a29.013333 29.013333 0 0 1 0 57.898666H251.434667a28.970667 28.970667 0 0 1 0-57.898666h521.130666zM830.464 106.666667c47.957333 0 86.869333 38.912 86.869333 86.869333V714.666667a86.869333 86.869333 0 0 1-86.869333 86.869333H193.536A86.869333 86.869333 0 0 1 106.666667 714.666667V193.536c0-47.957333 38.912-86.869333 86.869333-86.869333h636.928zM505.429333 256a17.194667 17.194667 0 0 0-12.8 5.632 19.2 19.2 0 0 0-5.248 13.525333l1.28 239.232-82.645333-87.466666-1.706667-1.578667a17.365333 17.365333 0 0 0-23.722666 1.578667l-25.472 26.88-1.493334 1.834666a19.84 19.84 0 0 0 1.493334 25.130667l139.946666 148.053333 2.304 2.261334a34.773333 34.773333 0 0 0 24.746667 8.874666c8.96-0.426667 17.493333-4.394667 23.850667-11.093333l139.946666-148.096 1.493334-1.792a19.84 19.84 0 0 0-1.493334-25.173333l-25.472-26.88-1.664-1.578667a17.322667 17.322667 0 0 0-23.722666 1.578667l-76.373334 80.725333-1.28-232.618667-0.085333-2.176a19.413333 19.413333 0 0 0-5.973333-11.946666 17.450667 17.450667 0 0 0-11.818667-4.778667l-34.133333-0.128z\" fill=\"#000000\">\u003C/path>\u003C/symbol>\u003Csymbol id=\"iconTips\" viewBox=\"0 0 1024 1024\">\u003Cpath d=\"M938.666667 512c0-235.648-191.018667-426.666667-426.666667-426.666667S85.333333 276.352 85.333333 512s191.018667 426.666667 426.666667 426.666667 426.666667-191.018667 426.666667-426.666667z m-372.266667-138.666667a23.68 23.68 0 0 1-23.722667 23.68h-61.610666a23.68 23.68 0 0 1-23.722667-23.68V311.68c0-13.056 10.666667-23.68 23.722667-23.68h61.610666c13.098667 0 23.722667 10.624 23.722667 23.68V373.333333z m0 348.117334a23.68 23.68 0 0 1-23.722667 23.722666h-61.610666a23.68 23.68 0 0 1-23.722667-23.722666v-249.344c0-13.098667 10.666667-23.722667 23.722667-23.722667h61.610666c13.098667 0 23.722667 10.624 23.722667 23.722667v249.344z\" fill=\"#000000\">\u003C/path>\u003C/symbol>\u003Csymbol id=\"iconClear-011\" viewBox=\"0 0 1024 1024\">\u003Cpath d=\"M594.773333 85.333333a41.386667 41.386667 0 0 1 41.386667 41.386667V256h246.954667a42.666667 42.666667 0 0 1 42.666666 42.666667v213.333333c0 5.674667-2.176 11.093333-6.058666 15.104a20.394667 20.394667 0 0 1-14.634667 6.229333h-26.965333l59.904 355.328a43.178667 43.178667 0 0 1-9.088 34.816 41.514667 41.514667 0 0 1-31.658667 15.189334H126.72a41.557333 41.557333 0 0 1-31.658667-15.189334 43.178667 43.178667 0 0 1-9.088-34.816L145.877333 533.333333h-26.965333a20.48 20.48 0 0 1-14.677333-6.229333 21.674667 21.674667 0 0 1-6.016-15.104V298.666667a42.666667 42.666667 0 0 1 42.666666-42.666667H387.84V127.573333c0-23.338667 18.858667-42.24 42.154667-42.24h164.693333zM175.914667 853.333333h170.581333v-170.666666c0-5.674667 2.133333-11.093333 6.058667-15.104a20.352 20.352 0 0 1 14.592-6.229334h41.386666c5.504 0 10.752 2.261333 14.634667 6.229334 3.84 4.010667 6.101333 9.429333 6.101333 15.104v170.666666h186.197334v-170.666666c0-5.674667 2.133333-11.093333 6.016-15.104a20.394667 20.394667 0 0 1 14.634666-6.229334h41.386667c5.504 0 10.752 2.261333 14.634667 6.229334 3.84 4.010667 6.058667 9.429333 6.058666 15.104v170.666666h149.888l-54.016-320H229.888L175.914667 853.333333zM469.333333 170.666667v170.666666H170.666667v106.666667h682.666666V341.333333h-298.666666V170.666667h-85.333334z\" fill=\"#1D2129\">\u003C/path>\u003C/symbol>\u003Csymbol id=\"iconbrowse3\" viewBox=\"0 0 1024 1024\">\u003Cpath d=\"M785.493333 85.333333a38.613333 38.613333 0 0 1 38.698667 38.826667v349.013333h-77.397333V162.944H205.397333v698.197333h232.064V938.666667H166.656A38.613333 38.613333 0 0 1 128 899.84V124.16A38.826667 38.826667 0 0 1 166.656 85.333333H785.493333z m-96.682666 484.864a154.368 154.368 0 0 1 132.010666 74.154667 155.477333 155.477333 0 0 1 5.76 151.594667l63.744 63.957333a19.413333 19.413333 0 0 1 0 27.392l-32.810666 32.938667a19.328 19.328 0 0 1-27.306667 0l-61.738667-61.866667a154.410667 154.410667 0 0 1-194.816-29.482667 155.306667 155.306667 0 0 1-36.693333-132.821333 155.392 155.392 0 0 1 83.157333-109.738667 154.410667 154.410667 0 0 1 68.693334-16.128z m0 77.568c-20.48 0-40.192 8.149333-54.698667 22.698667a77.653333 77.653333 0 0 0 54.698667 132.437333c20.48 0 40.192-8.149333 54.698666-22.698666a77.653333 77.653333 0 0 0-54.698666-132.437334z m-193.365334-174.549333a19.328 19.328 0 0 1 19.328 19.413333v38.784a19.413333 19.413333 0 0 1-19.328 19.370667H302.037333a19.328 19.328 0 0 1-19.328-19.413333v-38.784a19.413333 19.413333 0 0 1 19.328-19.370667h193.408z m154.709334-155.136a19.328 19.328 0 0 1 19.328 19.370667v38.826666a19.413333 19.413333 0 0 1-19.328 19.370667H302.037333a19.328 19.328 0 0 1-19.328-19.413333V337.493333a19.413333 19.413333 0 0 1 19.328-19.370666h348.117334z\" fill=\"#1D2129\">\u003C/path>\u003C/symbol>\u003Csymbol id=\"iconicon_wifi_desktop\" viewBox=\"0 0 1024 1024\">\u003Cpath d=\"M517.973333 915.626667c-7.68 0-22.186667-12.8-48.64-36.693334-26.453333-26.453333-36.693333-41.813333-36.693333-48.64 0-11.946667 11.946667-19.626667 33.28-27.306666 22.186667-7.68 39.253333-11.946667 53.76-11.946667 14.506667 0 33.28 4.266667 53.76 11.946667s33.28 18.773333 33.28 27.306666c0 7.68-12.8 22.186667-36.693333 48.64-27.306667 23.893333-44.373333 36.693333-52.053334 36.693334zM653.653333 759.466667c-1.706667 0-7.68-4.266667-19.626666-12.8-12.8-7.68-31.573333-18.773333-53.76-26.453334S535.893333 708.266667 513.706667 708.266667c-22.186667 0-44.373333 4.266667-66.56 12.8-22.186667 7.68-39.253333 18.773333-53.76 26.453333-12.8 7.68-19.626667 12.8-22.186667 12.8-7.68 0-22.186667-12.8-48.64-39.253333s-39.253333-41.813333-39.253333-48.64c0-4.266667 1.706667-7.68 5.12-12.8 27.306667-27.306667 60.586667-48.64 101.546666-63.146667 40.106667-14.506667 80.213333-22.186667 121.173334-22.186667s80.213333 7.68 122.026666 22.186667c40.96 14.506667 73.386667 36.693333 101.546667 63.146667 4.266667 4.266667 5.12 7.68 5.12 12.8 0 7.68-12.8 22.186667-39.253333 48.64-24.746667 23.893333-41.813333 38.4-46.933334 38.4z\" fill=\"#0567FF\">\u003C/path>\u003Cpath d=\"M800.426667 583.68c-4.266667 0-7.68-1.706667-12.8-4.266667-48.64-36.693333-90.453333-63.146667-131.413334-81.066666-40.96-18.773333-87.04-26.453333-138.24-26.453334-29.013333 0-58.88 4.266667-87.893333 11.946667s-55.466667 17.066667-77.653333 27.306667c-22.186667 11.946667-41.813333 22.186667-58.88 33.28-17.066667 11.946667-29.013333 18.773333-40.96 23.893333-9.386667 7.68-14.506667 11.946667-17.066667 11.946667-5.12 0-22.186667-12.8-48.64-39.253334-26.453333-26.453333-39.253333-41.813333-39.253333-48.64 0-4.266667 1.706667-7.68 5.12-11.946666C199.68 436.053333 256 401.066667 320 374.613333c64.853333-26.453333 131.413333-36.693333 197.12-36.693333s133.12 12.8 197.12 36.693333c64.853333 26.453333 119.466667 60.586667 165.546667 107.52 4.266667 4.266667 5.12 7.68 5.12 11.946667 0 7.68-12.8 22.186667-39.253334 48.64-23.04 25.6-38.4 40.96-45.226666 40.96z\" fill=\"#0567FF\">\u003C/path>\u003Cpath d=\"M936.106667 408.746667c-4.266667 0-7.68-1.706667-11.946667-4.266667-63.146667-53.76-127.146667-95.573333-194.56-123.733333S592.213333 238.933333 512 238.933333s-153.6 12.8-217.6 41.813334c-66.56 27.306667-131.413333 68.266667-194.56 123.733333-4.266667 1.706667-7.68 4.266667-11.946667 4.266667-5.12 0-22.186667-12.8-48.64-39.253334C11.946667 343.04 0 327.68 0 320.853333c0-4.266667 1.706667-7.68 5.12-12.8C70.826667 244.053333 148.48 194.56 238.933333 159.573333s179.2-51.2 273.066667-51.2 185.173333 18.773333 273.066667 53.76 165.546667 85.333333 231.253333 149.333334c4.266667 4.266667 5.12 7.68 5.12 12.8 0 7.68-12.8 22.186667-39.253333 48.64-25.6 22.186667-40.96 35.84-46.08 35.84z\" fill=\"#0567FF\">\u003C/path>\u003C/symbol>\u003Csymbol id=\"icona-iconlan_enabled\" viewBox=\"0 0 1024 1024\">\u003Cpath d=\"M129.706667 318.293333s-0.853333-33.28 32.426666-39.253333h141.653334L332.8 183.466667s10.24-19.626667 33.28-19.626667h290.133333s25.6-2.56 36.693334 23.893333l27.306666 91.306667h138.24s30.72-0.853333 34.986667 37.546667v500.053333s1.706667 40.106667-36.693333 43.52H164.693333s-32.426667 0.853333-34.986666-39.253333V318.293333z m0 0\" fill=\"#0567FF\">\u003C/path>\u003Cpath d=\"M772.266667 422.4c10.24 0 17.92 8.533333 17.92 19.626667v310.613333c-0.853333 8.533333-7.68 15.36-17.92 15.36h-34.986667v-76.8h-69.12v76.8H563.2v-76.8h-69.973333v76.8H388.266667v-76.8h-69.973334v76.8h-72.533333c-7.68-0.853333-13.653333-8.533333-13.653333-19.626667V438.613333c0.853333-8.533333 7.68-15.36 17.92-15.36h522.24z m0 0\" fill=\"#FFFFFF\">\u003C/path>\u003C/symbol>\u003Csymbol id=\"iconicon_right_hover\" viewBox=\"0 0 1024 1024\">\u003Cpath d=\"M60.586667 571.733333h658.773333L470.186667 810.666667h175.786666l311.466667-298.666667-311.466667-298.666667H470.186667l249.173333 238.933334H60.586667v119.466666z\" fill=\"#0892F5\">\u003C/path>\u003C/symbol>\u003Csymbol id=\"iconloyout_fix25\" viewBox=\"0 0 1024 1024\">\u003Cpath d=\"M746.666667 131.413333h-469.333334c-80.213333 0-145.92 64.853333-145.92 145.92v88.746667h58.026667l9.386667-88.746667c0-42.666667 34.986667-77.653333 77.653333-77.653333h469.333333c42.666667 0 77.653333 34.986667 77.653334 77.653333v470.186667c0 42.666667-34.986667 77.653333-77.653334 77.653333h-51.2v68.266667h51.2c80.213333 0 145.92-64.853333 145.92-145.92V277.333333c0.853333-80.213333-63.146667-145.92-145.066666-145.92z\" fill=\"#666666\">\u003C/path>\u003Cpath d=\"M277.333333 892.586667h469.333334c80.213333 0 145.92-64.853333 145.92-145.92V658.773333h-58.026667l-9.386667 88.746667c0 42.666667-34.986667 77.653333-77.653333 77.653333h-469.333333c-42.666667 0-77.653333-34.986667-77.653334-77.653333V277.333333c0-42.666667 34.986667-77.653333 77.653334-77.653333h51.2v-68.266667h-51.2c-80.213333 0-145.92 64.853333-145.92 145.92v470.186667c-0.853333 79.36 63.146667 145.066667 145.066666 145.066667z\" fill=\"#666666\">\u003C/path>\u003Cpath d=\"M243.2 269.653333c0-15.36 11.946667-27.306667 27.306667-27.306666h484.693333c15.36 0 27.306667 11.946667 27.306667 27.306666v484.693334c0 15.36-11.946667 27.306667-27.306667 27.306666H269.653333c-15.36 0-27.306667-11.946667-27.306666-27.306666l0.853333-484.693334z\" fill=\"#666666\">\u003C/path>\u003Cpath d=\"M311.466667 619.52v-45.226667c30.72-11.946667 54.613333-26.453333 70.826666-42.666666 17.066667-16.213333 24.746667-32.426667 24.746667-51.2 0-9.386667-2.56-17.92-6.826667-23.893334-4.266667-5.973333-10.24-8.533333-19.626666-8.533333-8.533333 0-15.36 3.413333-19.626667 8.533333-5.12 5.973333-6.826667 13.653333-6.826667 22.186667 0 5.12 0.853333 9.386667 1.706667 14.506667 1.706667 4.266667 3.413333 8.533333 6.826667 14.506666l-38.4 17.066667c-5.12-5.12-9.386667-11.946667-12.8-20.48-3.413333-8.533333-5.12-17.92-5.12-27.306667 0-16.213333 4.266667-29.866667 11.946666-40.106666 7.68-11.093333 18.773333-19.626667 32.426667-24.746667 13.653333-5.973333 29.013333-8.533333 45.226667-8.533333 17.92 0 32.426667 2.56 45.226666 7.68 12.8 5.973333 23.04 13.653333 30.72 23.893333 6.826667 10.24 11.093333 23.04 11.093334 38.4 0 18.773333-6.826667 35.84-19.626667 51.2-13.653333 16.213333-32.426667 29.013333-59.733333 39.253333h84.48l0.853333 54.613334H311.466667v0.853333zM586.24 624.64c-9.386667 0-18.773333-0.853333-28.16-2.56-9.386667-1.706667-18.773333-3.413333-26.453333-6.826667-7.68-2.56-15.36-5.973333-19.626667-9.386666v-45.226667l4.266667-1.706667c6.826667 4.266667 15.36 7.68 24.746666 11.093334 9.386667 3.413333 21.333333 5.12 34.986667 5.12 10.24 0 19.626667-1.706667 27.306667-5.12 6.826667-3.413333 11.093333-9.386667 11.093333-17.92s-4.266667-14.506667-11.093333-17.92c-6.826667-3.413333-17.066667-5.973333-28.16-5.973334-8.533333 0-18.773333 0.853333-28.16 3.413334-9.386667 2.56-17.92 5.973333-27.306667 8.533333l-4.266667-1.706667 9.386667-131.413333h152.746667v54.613333h-110.933334l-2.56 23.04c9.386667-1.706667 19.626667-2.56 29.866667-2.56 29.866667 0 52.053333 6.826667 69.12 18.773334 17.066667 11.946667 25.6 29.866667 25.6 52.053333s-8.533333 40.106667-26.453333 52.906667c-17.066667 11.946667-42.666667 18.773333-75.946667 18.773333z\" fill=\"#FFFFFF\">\u003C/path>\u003C/symbol>\u003Csymbol id=\"iconloyout_fix36\" viewBox=\"0 0 1024 1024\">\u003Cpath d=\"M746.666667 131.413333h-469.333334c-80.213333 0-145.92 64.853333-145.92 145.92v88.746667h58.026667l9.386667-88.746667c0-42.666667 34.986667-77.653333 77.653333-77.653333h469.333333c42.666667 0 77.653333 34.986667 77.653334 77.653333v470.186667c0 42.666667-34.986667 77.653333-77.653334 77.653333h-51.2v68.266667h51.2c80.213333 0 145.92-64.853333 145.92-145.92V277.333333c0.853333-80.213333-63.146667-145.92-145.066666-145.92z\" fill=\"#666666\">\u003C/path>\u003Cpath d=\"M277.333333 892.586667h469.333334c80.213333 0 145.92-64.853333 145.92-145.92V658.773333h-58.026667l-9.386667 88.746667c0 42.666667-34.986667 77.653333-77.653333 77.653333h-469.333333c-42.666667 0-77.653333-34.986667-77.653334-77.653333V277.333333c0-42.666667 34.986667-77.653333 77.653334-77.653333h51.2v-68.266667h-51.2c-80.213333 0-145.92 64.853333-145.92 145.92v470.186667c-0.853333 79.36 63.146667 145.066667 145.066666 145.066667z\" fill=\"#666666\">\u003C/path>\u003Cpath d=\"M244.906667 271.36c0-14.506667 11.946667-26.453333 26.453333-26.453333h481.28c14.506667 0 26.453333 11.946667 26.453333 26.453333v481.28c0 14.506667-11.946667 26.453333-26.453333 26.453333H271.36c-14.506667 0-26.453333-11.946667-26.453333-26.453333V271.36z\" fill=\"#666666\">\u003C/path>\u003Cpath d=\"M388.266667 623.786667c-9.386667 0-17.92-0.853333-28.16-2.56-9.386667-1.706667-17.92-3.413333-26.453334-5.973334-8.533333-2.56-14.506667-5.973333-19.626666-9.386666v-46.933334l4.266666-1.706666c6.826667 5.12 14.506667 9.386667 24.746667 12.8s21.333333 5.12 34.986667 5.12c11.093333 0 18.773333-1.706667 26.453333-5.12 7.68-3.413333 11.093333-9.386667 11.093333-17.066667 0-8.533333-3.413333-14.506667-11.093333-17.066667-7.68-3.413333-15.36-5.12-25.6-5.12-3.413333 0-7.68 0-12.8 0.853334s-9.386667 0.853333-14.506667 2.56l-4.266666-1.706667v-23.893333l59.733333-44.373334H312.32v-53.76h168.106667V452.266667l-56.32 42.666666c19.626667 2.56 36.693333 9.386667 47.786666 18.773334 11.946667 10.24 17.066667 23.893333 17.066667 41.813333 0 21.333333-8.533333 38.4-25.6 51.2-17.066667 11.093333-41.813333 17.066667-75.093333 17.066667zM614.4 623.786667c-21.333333 0-40.106667-4.266667-55.466667-13.653334-15.36-9.386667-27.306667-21.333333-35.84-37.546666-8.533333-16.213333-12.8-35.84-12.8-58.026667 0-23.893333 5.12-44.373333 14.506667-60.586667 10.24-16.213333 23.04-29.013333 39.253333-37.546666 16.213333-8.533333 34.986667-12.8 54.613334-12.8 15.36 0 29.013333 2.56 41.813333 7.68 12.8 5.12 21.333333 11.946667 28.16 20.48 6.826667 9.386667 10.24 19.626667 10.24 33.28v7.68c0 2.56-0.853333 4.266667-0.853333 6.826666l-47.786667-1.706666v-5.973334c0-8.533333-2.56-14.506667-7.68-17.92-5.12-4.266667-11.946667-5.973333-18.773333-5.973333-11.946667 0-21.333333 4.266667-29.866667 13.653333-7.68 9.386667-11.946667 23.04-11.946667 42.666667v5.973333c5.973333-6.826667 13.653333-12.8 22.186667-15.36 9.386667-3.413333 18.773333-5.12 29.013333-5.12 14.506667 0 25.6 2.56 36.693334 8.533334 10.24 5.973333 17.92 13.653333 23.893333 23.04 5.973333 10.24 8.533333 21.333333 8.533333 35.84 0 14.506667-4.266667 26.453333-11.946666 36.693333-7.68 11.093333-17.92 17.92-31.573334 23.893333-11.946667 3.413333-27.306667 5.973333-44.373333 5.973334z m-1.706667-43.52c7.68 0 13.653333-2.56 17.92-7.68 5.12-5.12 7.68-11.946667 7.68-18.773334 0-8.533333-2.56-14.506667-7.68-18.773333-5.12-5.12-11.093333-7.68-17.92-7.68-7.68 0-13.653333 2.56-17.92 7.68-5.12 5.12-7.68 11.093333-7.68 18.773333 0 8.533333 2.56 14.506667 7.68 18.773334 4.266667 5.12 10.24 7.68 17.92 7.68z\" fill=\"#FFFFFF\">\u003C/path>\u003C/symbol>\u003Csymbol id=\"iconloyout_fix13\" viewBox=\"0 0 1024 1024\">\u003Cpath d=\"M746.666667 131.413333h-469.333334c-80.213333 0-145.92 64.853333-145.92 145.92v88.746667h58.026667l9.386667-88.746667c0-42.666667 34.986667-77.653333 77.653333-77.653333h469.333333c42.666667 0 77.653333 34.986667 77.653334 77.653333v470.186667c0 42.666667-34.986667 77.653333-77.653334 77.653333h-51.2v68.266667h51.2c80.213333 0 145.92-64.853333 145.92-145.92V277.333333c0.853333-80.213333-63.146667-145.92-145.066666-145.92z\" fill=\"#666666\">\u003C/path>\u003Cpath d=\"M277.333333 892.586667h469.333334c80.213333 0 145.92-64.853333 145.92-145.92V658.773333h-58.026667l-9.386667 88.746667c0 42.666667-34.986667 77.653333-77.653333 77.653333h-469.333333c-42.666667 0-77.653333-34.986667-77.653334-77.653333V277.333333c0-42.666667 34.986667-77.653333 77.653334-77.653333h51.2v-68.266667h-51.2c-80.213333 0-145.92 64.853333-145.92 145.92v470.186667c-0.853333 79.36 63.146667 145.066667 145.066666 145.066667z\" fill=\"#666666\">\u003C/path>\u003Cpath d=\"M243.2 269.653333c0-14.506667 11.946667-26.453333 26.453333-26.453333h483.84c14.506667 0 26.453333 11.946667 26.453334 26.453333v483.84c0 14.506667-11.946667 26.453333-26.453334 26.453334H269.653333c-14.506667 0-26.453333-11.946667-26.453333-26.453334V269.653333z\" fill=\"#666666\">\u003C/path>\u003Cpath d=\"M339.626667 619.52v-51.2h29.866666V476.16h-33.28v-46.08l108.373334-26.453333v166.4h23.893333v51.2H339.626667v-1.706667zM566.613333 623.786667c-8.533333 0-18.773333-0.853333-28.16-2.56-9.386667-1.706667-18.773333-3.413333-26.453333-6.826667-7.68-2.56-15.36-5.973333-20.48-9.386667v-47.786666l4.266667-1.706667c6.826667 5.12 15.36 8.533333 24.746666 12.8 9.386667 3.413333 22.186667 5.12 35.84 5.12 10.24 0 19.626667-1.706667 26.453334-5.12 7.68-3.413333 11.093333-9.386667 11.093333-17.92 0-7.68-4.266667-14.506667-11.093333-17.92-7.68-3.413333-16.213333-5.12-25.6-5.12-4.266667 0-7.68 0-12.8 0.853333s-9.386667 0.853333-13.653334 2.56l-4.266666-1.706666v-23.893334l59.733333-45.226666H491.52v-53.76h168.96v43.52l-57.173333 42.666666c20.48 2.56 36.693333 8.533333 48.64 19.626667 11.946667 10.24 17.92 23.893333 17.92 40.96 0 22.186667-8.533333 38.4-25.6 52.053333-18.773333 12.8-44.373333 18.773333-77.653334 18.773334z\" fill=\"#FFFFFF\">\u003C/path>\u003C/symbol>\u003Csymbol id=\"iconloyout_fix9\" viewBox=\"0 0 1024 1024\">\u003Cpath d=\"M746.666667 131.413333h-469.333334c-80.213333 0-145.92 64.853333-145.92 145.92v88.746667h58.026667l9.386667-88.746667c0-42.666667 34.986667-77.653333 77.653333-77.653333h469.333333c42.666667 0 77.653333 34.986667 77.653334 77.653333v470.186667c0 42.666667-34.986667 77.653333-77.653334 77.653333h-51.2v68.266667h51.2c80.213333 0 145.92-64.853333 145.92-145.92V277.333333c0.853333-80.213333-63.146667-145.92-145.066666-145.92z\" fill=\"#666666\">\u003C/path>\u003Cpath d=\"M277.333333 892.586667h469.333334c80.213333 0 145.92-64.853333 145.92-145.92V658.773333h-58.026667l-9.386667 88.746667c0 42.666667-34.986667 77.653333-77.653333 77.653333h-469.333333c-42.666667 0-77.653333-34.986667-77.653334-77.653333V277.333333c0-42.666667 34.986667-77.653333 77.653334-77.653333h51.2v-68.266667h-51.2c-80.213333 0-145.92 64.853333-145.92 145.92v470.186667c-0.853333 79.36 63.146667 145.066667 145.066666 145.066667z\" fill=\"#666666\">\u003C/path>\u003Cpath d=\"M269.653333 243.2h322.56c14.506667 0 26.453333 11.946667 26.453334 26.453333v323.413334c0 14.506667-11.946667 26.453333-26.453334 26.453333H269.653333c-14.506667 0-26.453333-11.946667-26.453333-26.453333V270.506667c-0.853333-15.36 11.093333-27.306667 26.453333-27.306667zM700.586667 243.2h53.76c14.506667 0 26.453333 11.946667 26.453333 26.453333v53.76c0 14.506667-11.946667 26.453333-26.453333 26.453334h-53.76c-14.506667 0-26.453333-11.946667-26.453334-26.453334v-53.76c-0.853333-14.506667 11.946667-26.453333 26.453334-26.453333zM700.586667 378.026667h53.76c14.506667 0 26.453333 11.946667 26.453333 26.453333v53.76c0 14.506667-11.946667 26.453333-26.453333 26.453333h-53.76c-14.506667 0-26.453333-11.946667-26.453334-26.453333v-53.76c-0.853333-14.506667 11.946667-26.453333 26.453334-26.453333zM700.586667 512h53.76c14.506667 0 26.453333 11.946667 26.453333 26.453333v53.76c0 14.506667-11.946667 26.453333-26.453333 26.453334h-53.76c-14.506667 0-26.453333-11.946667-26.453334-26.453334v-53.76c-0.853333-13.653333 11.946667-26.453333 26.453334-26.453333zM700.586667 674.133333h53.76c14.506667 0 26.453333 11.946667 26.453333 26.453334v53.76c0 14.506667-11.946667 26.453333-26.453333 26.453333h-53.76c-14.506667 0-26.453333-11.946667-26.453334-26.453333v-53.76c-0.853333-14.506667 11.946667-26.453333 26.453334-26.453334zM538.453333 674.133333h53.76c14.506667 0 26.453333 11.946667 26.453334 26.453334v53.76c0 14.506667-11.946667 26.453333-26.453334 26.453333h-53.76c-14.506667 0-26.453333-11.946667-26.453333-26.453333v-53.76c0-14.506667 11.946667-26.453333 26.453333-26.453334zM404.48 674.133333h53.76c14.506667 0 26.453333 11.946667 26.453333 26.453334v53.76c0 14.506667-11.946667 26.453333-26.453333 26.453333h-53.76c-14.506667 0-26.453333-11.946667-26.453333-26.453333v-53.76c0-14.506667 11.946667-26.453333 26.453333-26.453334zM269.653333 674.133333h53.76c14.506667 0 26.453333 11.946667 26.453334 26.453334v53.76c0 14.506667-11.946667 26.453333-26.453334 26.453333h-53.76c-14.506667 0-26.453333-11.946667-26.453333-26.453333v-53.76c-0.853333-14.506667 11.093333-26.453333 26.453333-26.453334z\" fill=\"#666666\">\u003C/path>\u003C/symbol>\u003Csymbol id=\"iconloyout_fix16\" viewBox=\"0 0 1024 1024\">\u003Cpath d=\"M746.666667 131.413333h-469.333334c-80.213333 0-145.92 64.853333-145.92 145.92v88.746667h58.026667l9.386667-88.746667c0-42.666667 34.986667-77.653333 77.653333-77.653333h469.333333c42.666667 0 77.653333 34.986667 77.653334 77.653333v470.186667c0 42.666667-34.986667 77.653333-77.653334 77.653333h-51.2v68.266667h51.2c80.213333 0 145.92-64.853333 145.92-145.92V277.333333c0.853333-80.213333-63.146667-145.92-145.066666-145.92z\" fill=\"#666666\">\u003C/path>\u003Cpath d=\"M277.333333 892.586667h469.333334c80.213333 0 145.92-64.853333 145.92-145.92V658.773333h-58.026667l-9.386667 88.746667c0 42.666667-34.986667 77.653333-77.653333 77.653333h-469.333333c-42.666667 0-77.653333-34.986667-77.653334-77.653333V277.333333c0-42.666667 34.986667-77.653333 77.653334-77.653333h51.2v-68.266667h-51.2c-80.213333 0-145.92 64.853333-145.92 145.92v470.186667c-0.853333 79.36 63.146667 145.066667 145.066666 145.066667z\" fill=\"#666666\">\u003C/path>\u003Cpath d=\"M244.906667 271.36c0-14.506667 11.946667-26.453333 26.453333-26.453333h482.133333c14.506667 0 26.453333 11.946667 26.453334 26.453333v482.133333c0 14.506667-11.946667 26.453333-26.453334 26.453334H271.36c-14.506667 0-26.453333-11.946667-26.453333-26.453334V271.36z\" fill=\"#666666\">\u003C/path>\u003Cpath d=\"M340.48 618.666667v-50.346667h29.866667V476.16h-33.28v-45.226667l107.52-26.453333v164.693333H469.333333v50.346667l-128.853333-0.853333zM592.213333 622.933333c-21.333333 0-40.96-4.266667-55.466666-13.653333-15.36-9.386667-27.306667-21.333333-35.84-37.546667-8.533333-16.213333-12.8-35.84-12.8-58.026666 0-23.893333 5.12-44.373333 14.506666-60.586667 10.24-16.213333 23.04-29.013333 40.106667-37.546667 16.213333-8.533333 34.986667-12.8 54.613333-12.8 15.36 0 29.013333 2.56 41.813334 7.68 12.8 5.12 21.333333 11.946667 28.16 20.48 6.826667 9.386667 10.24 19.626667 10.24 33.28v7.68c0 2.56-0.853333 4.266667-0.853334 6.826667l-47.786666-0.853333v-5.973334c0-8.533333-2.56-14.506667-7.68-17.92-5.12-4.266667-11.946667-5.973333-18.773334-5.973333-11.946667 0-21.333333 4.266667-29.866666 13.653333-7.68 9.386667-11.946667 23.04-11.946667 41.813334v5.973333c5.973333-6.826667 13.653333-12.8 22.186667-15.36 9.386667-3.413333 18.773333-5.12 29.013333-5.12 13.653333 0 25.6 2.56 36.693333 8.533333 10.24 5.973333 17.92 13.653333 23.893334 23.04 5.973333 10.24 8.533333 21.333333 8.533333 35.84s-4.266667 26.453333-11.946667 36.693334c-7.68 11.093333-17.92 17.92-31.573333 23.893333-12.8 3.413333-28.16 5.973333-45.226667 5.973333z m-2.56-42.666666c7.68 0 13.653333-2.56 17.92-7.68s7.68-11.946667 7.68-18.773334c0-8.533333-2.56-13.653333-7.68-18.773333s-11.093333-7.68-17.92-7.68c-7.68 0-13.653333 2.56-17.92 7.68-5.12 5.12-7.68 11.946667-7.68 18.773333 0 8.533333 2.56 13.653333 7.68 18.773334s10.24 7.68 17.92 7.68z\" fill=\"#FFFFFF\">\u003C/path>\u003C/symbol>\u003Csymbol id=\"iconloyout_fix_9\" viewBox=\"0 0 1024 1024\">\u003Cpath d=\"M745.813333 133.12H279.04c-79.36 0-145.066667 64.853333-145.066667 145.066667v87.893333h58.026667l9.386667-87.893333c0-42.666667 34.986667-77.653333 77.653333-77.653334h465.92c42.666667 0 77.653333 34.986667 77.653333 77.653334v466.773333c0 42.666667-34.986667 77.653333-77.653333 77.653333h-51.2v67.413334h51.2c79.36 0 145.066667-64.853333 145.066667-145.066667V278.186667c0.853333-79.36-63.146667-145.066667-144.213334-145.066667z\" fill=\"#666666\">\u003C/path>\u003Cpath d=\"M278.186667 890.88h465.92c79.36 0 145.066667-64.853333 145.066666-145.066667V657.92h-58.026666l-9.386667 87.893333c0 42.666667-34.986667 77.653333-77.653333 77.653334H278.186667c-42.666667 0-77.653333-34.986667-77.653334-77.653334V278.186667c0-42.666667 34.986667-77.653333 77.653334-77.653334h51.2v-67.413333h-51.2c-79.36 0-145.066667 64.853333-145.066667 145.066667v466.773333c0 80.213333 64 145.92 145.066667 145.92zM640.853333 244.053333h106.666667c14.506667 0 26.453333 11.946667 26.453333 26.453334v106.666666c0 14.506667-11.946667 26.453333-26.453333 26.453334H640.853333c-14.506667 0-26.453333-11.946667-26.453333-26.453334V270.506667c0.853333-14.506667 12.8-26.453333 26.453333-26.453334z\" fill=\"#666666\">\u003C/path>\u003Cpath d=\"M455.68 244.053333h106.666667c14.506667 0 26.453333 11.946667 26.453333 26.453334v106.666666c0 14.506667-11.946667 26.453333-26.453333 26.453334H455.68c-14.506667 0-26.453333-11.946667-26.453333-26.453334V270.506667c0-14.506667 11.946667-26.453333 26.453333-26.453334zM270.506667 244.053333h106.666666c14.506667 0 26.453333 11.946667 26.453334 26.453334v106.666666c0 14.506667-11.946667 26.453333-26.453334 26.453334H270.506667c-14.506667 0-26.453333-11.946667-26.453334-26.453334V270.506667c-0.853333-14.506667 11.093333-26.453333 26.453334-26.453334zM640.853333 430.08h106.666667c14.506667 0 26.453333 11.946667 26.453333 26.453333V563.2c0 14.506667-11.946667 26.453333-26.453333 26.453333H640.853333c-14.506667 0-26.453333-11.946667-26.453333-26.453333V456.533333c0.853333-14.506667 12.8-26.453333 26.453333-26.453333zM455.68 430.08h106.666667c14.506667 0 26.453333 11.946667 26.453333 26.453333V563.2c0 14.506667-11.946667 26.453333-26.453333 26.453333H455.68c-14.506667 0-26.453333-11.946667-26.453333-26.453333V456.533333c0-14.506667 11.946667-26.453333 26.453333-26.453333zM270.506667 430.08h106.666666c14.506667 0 26.453333 11.946667 26.453334 26.453333V563.2c0 14.506667-11.946667 26.453333-26.453334 26.453333H270.506667c-14.506667 0-26.453333-11.946667-26.453334-26.453333V456.533333c-0.853333-14.506667 11.093333-26.453333 26.453334-26.453333zM640.853333 616.106667h106.666667c14.506667 0 26.453333 11.946667 26.453333 26.453333v106.666667c0 14.506667-11.946667 26.453333-26.453333 26.453333H640.853333c-14.506667 0-26.453333-11.946667-26.453333-26.453333V641.706667c0.853333-13.653333 12.8-25.6 26.453333-25.6zM455.68 616.106667h106.666667c14.506667 0 26.453333 11.946667 26.453333 26.453333v106.666667c0 14.506667-11.946667 26.453333-26.453333 26.453333H455.68c-14.506667 0-26.453333-11.946667-26.453333-26.453333V641.706667c0-13.653333 11.946667-25.6 26.453333-25.6zM270.506667 616.106667h106.666666c14.506667 0 26.453333 11.946667 26.453334 26.453333v106.666667c0 14.506667-11.946667 26.453333-26.453334 26.453333H270.506667c-14.506667 0-26.453333-11.946667-26.453334-26.453333V641.706667c-0.853333-13.653333 11.093333-25.6 26.453334-25.6z\" fill=\"#666666\">\u003C/path>\u003C/symbol>\u003Csymbol id=\"iconloyout_fix6\" viewBox=\"0 0 1024 1024\">\u003Cpath d=\"M746.666667 131.413333h-469.333334c-80.213333 0-145.92 64.853333-145.92 145.92v88.746667h58.026667l9.386667-88.746667c0-42.666667 34.986667-77.653333 77.653333-77.653333h469.333333c42.666667 0 77.653333 34.986667 77.653334 77.653333v470.186667c0 42.666667-34.986667 77.653333-77.653334 77.653333h-51.2v68.266667h51.2c80.213333 0 145.92-64.853333 145.92-145.92V277.333333c0.853333-80.213333-63.146667-145.92-145.066666-145.92z\" fill=\"#666666\">\u003C/path>\u003Cpath d=\"M277.333333 892.586667h469.333334c80.213333 0 145.92-64.853333 145.92-145.92V658.773333h-58.026667l-9.386667 88.746667c0 42.666667-34.986667 77.653333-77.653333 77.653333h-469.333333c-42.666667 0-77.653333-34.986667-77.653334-77.653333V277.333333c0-42.666667 34.986667-77.653333 77.653334-77.653333h51.2v-68.266667h-51.2c-80.213333 0-145.92 64.853333-145.92 145.92v470.186667c-0.853333 79.36 63.146667 145.066667 145.066666 145.066667z\" fill=\"#666666\">\u003C/path>\u003Cpath d=\"M270.506667 243.2h107.52c15.36 0 27.306667 11.946667 27.306666 27.306667v187.733333c0 15.36-11.946667 27.306667-27.306666 27.306667H270.506667c-15.36 0-27.306667-11.946667-27.306667-27.306667V269.653333c0.853333-14.506667 12.8-26.453333 27.306667-26.453333zM458.24 243.2h107.52c15.36 0 27.306667 11.946667 27.306667 27.306667v187.733333c0 15.36-11.946667 27.306667-27.306667 27.306667H458.24c-15.36 0-27.306667-11.946667-27.306667-27.306667V269.653333c0.853333-14.506667 12.8-26.453333 27.306667-26.453333zM646.826667 243.2h107.52c15.36 0 27.306667 11.946667 27.306666 27.306667v187.733333c0 15.36-11.946667 27.306667-27.306666 27.306667H646.826667c-15.36 0-27.306667-11.946667-27.306667-27.306667V269.653333c0-14.506667 12.8-26.453333 27.306667-26.453333zM270.506667 538.453333h107.52c15.36 0 27.306667 11.946667 27.306666 27.306667v187.733333c0 15.36-11.946667 27.306667-27.306666 27.306667H270.506667c-15.36 0-27.306667-11.946667-27.306667-27.306667v-187.733333c0.853333-15.36 12.8-27.306667 27.306667-27.306667zM458.24 538.453333h107.52c15.36 0 27.306667 11.946667 27.306667 27.306667v187.733333c0 15.36-11.946667 27.306667-27.306667 27.306667H458.24c-15.36 0-27.306667-11.946667-27.306667-27.306667v-187.733333c0.853333-15.36 12.8-27.306667 27.306667-27.306667zM646.826667 538.453333h107.52c15.36 0 27.306667 11.946667 27.306666 27.306667v187.733333c0 15.36-11.946667 27.306667-27.306666 27.306667H646.826667c-15.36 0-27.306667-11.946667-27.306667-27.306667v-187.733333c0-15.36 12.8-27.306667 27.306667-27.306667z\" fill=\"#666666\">\u003C/path>\u003C/symbol>\u003Csymbol id=\"iconloyout_fix2\" viewBox=\"0 0 1024 1024\">\u003Cpath d=\"M746.666667 131.413333h-469.333334c-80.213333 0-145.92 64.853333-145.92 145.92v88.746667h58.026667l9.386667-88.746667c0-42.666667 34.986667-77.653333 77.653333-77.653333h469.333333c42.666667 0 77.653333 34.986667 77.653334 77.653333v470.186667c0 42.666667-34.986667 77.653333-77.653334 77.653333h-51.2v68.266667h51.2c80.213333 0 145.92-64.853333 145.92-145.92V277.333333c0.853333-80.213333-63.146667-145.92-145.066666-145.92z\" fill=\"#666666\">\u003C/path>\u003Cpath d=\"M277.333333 892.586667h469.333334c80.213333 0 145.92-64.853333 145.92-145.92V658.773333h-58.026667l-9.386667 88.746667c0 42.666667-34.986667 77.653333-77.653333 77.653333h-469.333333c-42.666667 0-77.653333-34.986667-77.653334-77.653333V277.333333c0-42.666667 34.986667-77.653333 77.653334-77.653333h51.2v-68.266667h-51.2c-80.213333 0-145.92 64.853333-145.92 145.92v470.186667c-0.853333 79.36 63.146667 145.066667 145.066666 145.066667z\" fill=\"#666666\">\u003C/path>\u003Cpath d=\"M269.653333 242.346667h484.693334c15.36 0 27.306667 11.946667 27.306666 27.306666v188.586667c0 15.36-11.946667 27.306667-27.306666 27.306667H269.653333c-15.36 0-27.306667-11.946667-27.306666-27.306667V268.8c0.853333-14.506667 12.8-26.453333 27.306666-26.453333zM269.653333 538.453333h484.693334c15.36 0 27.306667 11.946667 27.306666 27.306667v188.586667c0 15.36-11.946667 27.306667-27.306666 27.306666H269.653333c-15.36 0-27.306667-11.946667-27.306666-27.306666V565.76c0.853333-15.36 12.8-27.306667 27.306666-27.306667z\" fill=\"#666666\">\u003C/path>\u003C/symbol>\u003Csymbol id=\"iconloyout_fix4\" viewBox=\"0 0 1024 1024\">\u003Cpath d=\"M746.666667 131.413333h-469.333334c-80.213333 0-145.92 64.853333-145.92 145.92v88.746667h58.026667l9.386667-88.746667c0-42.666667 34.986667-77.653333 77.653333-77.653333h469.333333c42.666667 0 77.653333 34.986667 77.653334 77.653333v470.186667c0 42.666667-34.986667 77.653333-77.653334 77.653333h-51.2v68.266667h51.2c80.213333 0 145.92-64.853333 145.92-145.92V277.333333c0.853333-80.213333-63.146667-145.92-145.066666-145.92z\" fill=\"#666666\">\u003C/path>\u003Cpath d=\"M277.333333 892.586667h469.333334c80.213333 0 145.92-64.853333 145.92-145.92V658.773333h-58.026667l-9.386667 88.746667c0 42.666667-34.986667 77.653333-77.653333 77.653333h-469.333333c-42.666667 0-77.653333-34.986667-77.653334-77.653333V277.333333c0-42.666667 34.986667-77.653333 77.653334-77.653333h51.2v-68.266667h-51.2c-80.213333 0-145.92 64.853333-145.92 145.92v470.186667c-0.853333 79.36 63.146667 145.066667 145.066666 145.066667z\" fill=\"#666666\">\u003C/path>\u003Cpath d=\"M269.653333 242.346667h188.586667c14.506667 0 26.453333 11.946667 26.453333 26.453333v188.586667c0 14.506667-11.946667 26.453333-26.453333 26.453333H269.653333c-14.506667 0-26.453333-11.946667-26.453333-26.453333v-187.733334c-1.706667-14.506667 11.093333-27.306667 26.453333-27.306666zM565.76 242.346667h188.586667c14.506667 0 26.453333 11.946667 26.453333 26.453333v188.586667c0 14.506667-11.946667 26.453333-26.453333 26.453333H565.76c-14.506667 0-26.453333-11.946667-26.453333-26.453333v-187.733334c-0.853333-14.506667 11.093333-27.306667 26.453333-27.306666zM269.653333 539.306667h188.586667c14.506667 0 26.453333 11.946667 26.453333 26.453333v188.586667c0 14.506667-11.946667 26.453333-26.453333 26.453333H269.653333c-14.506667 0-26.453333-11.946667-26.453333-26.453333v-187.733334c-1.706667-15.36 11.093333-27.306667 26.453333-27.306666zM565.76 539.306667h188.586667c14.506667 0 26.453333 11.946667 26.453333 26.453333v188.586667c0 14.506667-11.946667 26.453333-26.453333 26.453333H565.76c-14.506667 0-26.453333-11.946667-26.453333-26.453333v-187.733334c-0.853333-15.36 11.093333-27.306667 26.453333-27.306666z\" fill=\"#666666\">\u003C/path>\u003C/symbol>\u003Csymbol id=\"iconloyout_fix1\" viewBox=\"0 0 1024 1024\">\u003Cpath d=\"M746.666667 131.413333h-469.333334c-80.213333 0-145.92 64.853333-145.92 145.92v88.746667h58.026667l9.386667-88.746667c0-42.666667 34.986667-77.653333 77.653333-77.653333h469.333333c42.666667 0 77.653333 34.986667 77.653334 77.653333v470.186667c0 42.666667-34.986667 77.653333-77.653334 77.653333h-51.2v68.266667h51.2c80.213333 0 145.92-64.853333 145.92-145.92V277.333333c0.853333-80.213333-63.146667-145.92-145.066666-145.92z\" fill=\"#666666\">\u003C/path>\u003Cpath d=\"M277.333333 892.586667h469.333334c80.213333 0 145.92-64.853333 145.92-145.92V658.773333h-58.026667l-9.386667 88.746667c0 42.666667-34.986667 77.653333-77.653333 77.653333h-469.333333c-42.666667 0-77.653333-34.986667-77.653334-77.653333V277.333333c0-42.666667 34.986667-77.653333 77.653334-77.653333h51.2v-68.266667h-51.2c-80.213333 0-145.92 64.853333-145.92 145.92v470.186667c-0.853333 79.36 63.146667 145.066667 145.066666 145.066667z\" fill=\"#666666\">\u003C/path>\u003Cpath d=\"M713.386667 781.653333H310.613333c-37.546667 0-68.266667-30.72-68.266666-68.266666V310.613333c0-37.546667 30.72-68.266667 68.266666-68.266666h402.773334c37.546667 0 68.266667 30.72 68.266666 68.266666v402.773334c0 37.546667-30.72 68.266667-68.266666 68.266666z\" fill=\"#666666\">\u003C/path>\u003C/symbol>\u003Csymbol id=\"iconloyout_customize\" viewBox=\"0 0 1024 1024\">\u003Cpath d=\"M389.973333 893.44h472.746667c7.68 0 16.213333-3.413333 21.333333-8.533333s8.533333-13.653333 8.533334-21.333334V348.16h-503.466667v545.28z m472.746667-762.88H389.973333v156.16h503.466667V161.28c0-7.68-3.413333-16.213333-8.533333-21.333333-5.973333-5.973333-13.653333-9.386667-22.186667-9.386667z m-732.16 30.72v702.293333c0 17.066667 13.653333 30.72 30.72 30.72h168.106667V130.56H161.28c-7.68 0-16.213333 3.413333-21.333333 8.533333-5.973333 5.973333-9.386667 13.653333-9.386667 22.186667z\" fill=\"#666666\">\u003C/path>\u003C/symbol>\u003Csymbol id=\"iconlog_layout_expansion\" viewBox=\"0 0 1024 1024\">\u003Cpath d=\"M302.08 793.6H384v102.4H128V640h102.4v81.92l153.6-153.6 71.68 71.68-153.6 153.6zM716.8 793.6L563.2 640l71.68-71.68L793.6 727.04V640h102.4v256H640V793.6h76.8zM302.08 230.4l153.6 153.6-71.68 71.68-153.6-153.6V384H128V128h256v102.4h-81.92zM716.8 230.4h-76.8V128h256v256H793.6V296.96L634.88 455.68 563.2 384l153.6-153.6z\" fill=\"#444444\">\u003C/path>\u003C/symbol>\u003Csymbol id=\"iconlog_layout_collapse\" viewBox=\"0 0 1024 1024\">\u003Cpath d=\"M273.92 665.6h-81.92V574.293333h244.906667v230.4H341.333333v-76.8l-144.213333 144.213334-67.413333-62.293334L273.92 665.6z m476.16 0l144.213333 144.213333-67.413333 67.413334L682.666667 733.013333v76.8H586.24v-230.4h244.906667v91.306667h-81.92V665.6zM273.92 338.773333L149.333333 214.186667l62.293334-67.413334L341.333333 276.48v-76.8h96.426667v230.4H192V338.773333h81.92z m485.546667 0h72.533333v91.306667H586.24v-230.4H682.666667V281.6l134.826666-134.826667 67.413334 67.413334L759.466667 338.773333z\" fill=\"#444444\">\u003C/path>\u003C/symbol>\u003Csymbol id=\"iconicon_left_default\" viewBox=\"0 0 1024 1024\">\u003Cpath d=\"M959.146667 571.733333h-657.066667l248.32 238.933334H375.466667L64.853333 512 375.466667 214.186667h175.786666L302.08 452.266667h657.066667v119.466666z\" fill=\"#BABABA\">\u003C/path>\u003C/symbol>\u003Csymbol id=\"iconbrowse2\" viewBox=\"0 0 1024 1024\">\u003Cpath d=\"M785.493333 85.333333a38.613333 38.613333 0 0 1 38.698667 38.826667v349.013333h-77.397333V162.944H205.397333v698.197333h232.064V938.666667H166.656A38.613333 38.613333 0 0 1 128 899.84V124.16A38.826667 38.826667 0 0 1 166.656 85.333333H785.493333z m-96.682666 484.864a154.368 154.368 0 0 1 132.010666 74.154667 155.477333 155.477333 0 0 1 5.76 151.594667l63.744 63.957333a19.413333 19.413333 0 0 1 0 27.392l-32.810666 32.938667a19.328 19.328 0 0 1-27.306667 0l-61.738667-61.866667a154.410667 154.410667 0 0 1-194.816-29.482667 155.306667 155.306667 0 0 1-36.693333-132.821333 155.392 155.392 0 0 1 83.157333-109.738667 154.410667 154.410667 0 0 1 68.693334-16.128z m0 77.568c-20.48 0-40.192 8.149333-54.698667 22.698667a77.653333 77.653333 0 0 0 54.698667 132.437333c20.48 0 40.192-8.149333 54.698666-22.698666a77.653333 77.653333 0 0 0-54.698666-132.437334z m-193.365334-174.549333a19.328 19.328 0 0 1 19.328 19.413333v38.784a19.413333 19.413333 0 0 1-19.328 19.370667H302.037333a19.328 19.328 0 0 1-19.328-19.413333v-38.784a19.413333 19.413333 0 0 1 19.328-19.370667h193.408z m154.709334-155.136a19.328 19.328 0 0 1 19.328 19.370667v38.826666a19.413333 19.413333 0 0 1-19.328 19.370667H302.037333a19.328 19.328 0 0 1-19.328-19.413333V337.493333a19.413333 19.413333 0 0 1 19.328-19.370666h348.117334z\" fill=\"#1D2129\">\u003C/path>\u003C/symbol>\u003Csymbol id=\"iconbrowse1\" viewBox=\"0 0 1024 1024\">\u003Cpath d=\"M785.493333 85.333333a38.613333 38.613333 0 0 1 38.698667 38.826667v349.013333h-77.397333V162.944H205.397333v698.197333h232.064V938.666667H166.656A38.613333 38.613333 0 0 1 128 899.84V124.16A38.826667 38.826667 0 0 1 166.656 85.333333H785.493333z m-96.682666 484.864a154.368 154.368 0 0 1 132.010666 74.154667 155.477333 155.477333 0 0 1 5.76 151.594667l63.744 63.957333a19.413333 19.413333 0 0 1 0 27.392l-32.810666 32.938667a19.328 19.328 0 0 1-27.306667 0l-61.738667-61.866667a154.410667 154.410667 0 0 1-194.816-29.482667 155.306667 155.306667 0 0 1-36.693333-132.821333 155.392 155.392 0 0 1 83.157333-109.738667 154.410667 154.410667 0 0 1 68.693334-16.128z m0 77.568c-20.48 0-40.192 8.149333-54.698667 22.698667a77.653333 77.653333 0 0 0 54.698667 132.437333c20.48 0 40.192-8.149333 54.698666-22.698666a77.653333 77.653333 0 0 0-54.698666-132.437334z m-193.365334-174.549333a19.328 19.328 0 0 1 19.328 19.413333v38.784a19.413333 19.413333 0 0 1-19.328 19.370667H302.037333a19.328 19.328 0 0 1-19.328-19.413333v-38.784a19.413333 19.413333 0 0 1 19.328-19.370667h193.408z m154.709334-155.136a19.328 19.328 0 0 1 19.328 19.370667v38.826666a19.413333 19.413333 0 0 1-19.328 19.370667H302.037333a19.328 19.328 0 0 1-19.328-19.413333V337.493333a19.413333 19.413333 0 0 1 19.328-19.370666h348.117334z\" fill=\"#1D2129\">\u003C/path>\u003C/symbol>\u003Csymbol id=\"iconCluster\" viewBox=\"0 0 1024 1024\">\u003Cpath d=\"M554.666667 85.333333a42.666667 42.666667 0 0 1 42.666666 42.666667v298.666667h298.666667a42.666667 42.666667 0 0 1 42.666667 42.666666v426.666667a42.666667 42.666667 0 0 1-42.666667 42.666667H128a42.666667 42.666667 0 0 1-42.666667-42.666667V128a42.666667 42.666667 0 0 1 42.666667-42.666667h426.666667zM170.666667 853.333333h341.333333V170.666667H170.666667v682.666666z m426.666666-341.333333v341.333333h256v-341.333333h-256z m-256 170.666667a64 64 0 1 1 0 127.957333A64 64 0 0 1 341.333333 682.666667z m375.552-579.968a42.666667 42.666667 0 0 1 16.341334 3.968 437.589333 437.589333 0 0 1 193.493333 182.613333 42.666667 42.666667 0 0 1-37.333333 64v-0.426667a42.666667 42.666667 0 0 1-37.333334-21.333333 356.266667 356.266667 0 0 0-155.733333-146.986667A42.752 42.752 0 0 1 676.266667 128a42.709333 42.709333 0 0 1 40.618666-25.301333z\" fill=\"#1D2129\">\u003C/path>\u003C/symbol>\u003Csymbol id=\"iconDatacenter\" viewBox=\"0 0 1024 1024\">\u003Cpath d=\"M682.666667 85.333333a42.666667 42.666667 0 0 1 42.666666 42.666667v298.666667h128a42.666667 42.666667 0 0 1 42.666667 42.666666v384h21.333333a21.333333 21.333333 0 0 1 21.333334 21.333334v42.666666a21.333333 21.333333 0 0 1-21.333334 21.333334h-810.666666a21.333333 21.333333 0 0 1-21.333334-21.333334v-42.666666a21.333333 21.333333 0 0 1 21.333334-21.333334H128V128a42.666667 42.666667 0 0 1 42.666667-42.666667h512z m-42.666667 85.333334H213.333333v682.666666h426.666667V170.666667z m170.666667 341.333333h-85.333334v341.333333h85.333334v-341.333333zM362.666667 512a21.333333 21.333333 0 0 1 21.333333 21.333333v128a21.333333 21.333333 0 0 1-21.333333 21.333334h-42.666667a21.333333 21.333333 0 0 1-21.333333-21.333334v-128a21.333333 21.333333 0 0 1 21.333333-21.333333h42.666667z m170.666666 0a21.333333 21.333333 0 0 1 21.333334 21.333333v128a21.333333 21.333333 0 0 1-21.333334 21.333334h-42.666666a21.333333 21.333333 0 0 1-21.333334-21.333334v-128a21.333333 21.333333 0 0 1 21.333334-21.333333h42.666666z m-170.666666-256a21.333333 21.333333 0 0 1 21.333333 21.333333v128a21.333333 21.333333 0 0 1-21.333333 21.333334h-42.666667a21.333333 21.333333 0 0 1-21.333333-21.333334v-128a21.333333 21.333333 0 0 1 21.333333-21.333333h42.666667z m170.666666 0a21.333333 21.333333 0 0 1 21.333334 21.333333v128a21.333333 21.333333 0 0 1-21.333334 21.333334h-42.666666a21.333333 21.333333 0 0 1-21.333334-21.333334v-128a21.333333 21.333333 0 0 1 21.333334-21.333333h42.666666z\" fill=\"#1D2129\">\u003C/path>\u003C/symbol>\u003Csymbol id=\"iconPhysicalserver\" viewBox=\"0 0 1024 1024\">\u003Cpath d=\"M898.048 128c10.752 0 21.077333 4.138667 28.714667 11.52a38.784 38.784 0 0 1 11.904 27.861333v689.237334c0 10.453333-4.266667 20.48-11.904 27.861333a41.301333 41.301333 0 0 1-28.714667 11.52H125.952a41.301333 41.301333 0 0 1-28.714667-11.52 38.784 38.784 0 0 1-11.904-27.861333V167.381333c0-10.453333 4.266667-20.48 11.904-27.861333A41.301333 41.301333 0 0 1 125.952 128h772.096z m-40.661333 551.381333H166.613333v137.813334h690.773334v-137.813334z m-91.434667 39.381334c5.418667 0 10.581333 2.090667 14.378667 5.76 3.84 3.712 5.973333 8.704 5.973333 13.952v39.381333c0 5.205333-2.133333 10.24-5.973333 13.909333a20.650667 20.650667 0 0 1-14.378667 5.76H725.333333a20.650667 20.650667 0 0 1-14.378666-5.76 19.370667 19.370667 0 0 1-5.973334-13.909333v-39.381333c0-5.248 2.176-10.24 5.973334-13.952a20.650667 20.650667 0 0 1 14.378666-5.76h40.618667z m91.434667-275.669334H166.613333v157.525334h690.773334v-157.525334zM725.333333 482.474667h40.618667c4.992 0 9.813333 1.749333 13.525333 4.949333a19.498667 19.498667 0 0 1 6.656 12.416l0.170667 2.304v39.381333a19.328 19.328 0 0 1-5.12 13.098667 20.522667 20.522667 0 0 1-12.8 6.485333l-2.432 0.128H725.333333a20.693333 20.693333 0 0 1-13.482666-4.992 19.541333 19.541333 0 0 1-6.698667-12.373333l-0.128-2.346667v-39.381333c0-4.821333 1.834667-9.472 5.12-13.056a20.522667 20.522667 0 0 1 12.8-6.485333l2.389333-0.128z m132.053334-275.712H166.613333v157.525333h690.773334V206.762667z m-91.434667 39.381333c4.992 0 9.813333 1.792 13.525333 4.992a19.498667 19.498667 0 0 1 6.656 12.373333l0.170667 2.346667v39.381333a19.370667 19.370667 0 0 1-5.12 13.056 20.522667 20.522667 0 0 1-12.8 6.485334l-2.432 0.128H725.333333a20.693333 20.693333 0 0 1-13.482666-4.949334 19.541333 19.541333 0 0 1-6.698667-12.416l-0.128-2.304V265.813333c0-4.821333 1.834667-9.472 5.12-13.098666a20.522667 20.522667 0 0 1 12.8-6.485334L725.333333 246.186667h40.618667z\" fill=\"#1D2129\">\u003C/path>\u003C/symbol>\u003Csymbol id=\"iconFileserver\" viewBox=\"0 0 1024 1024\">\u003Cpath d=\"M893.482667 85.333333c11.989333 0 23.466667 4.522667 31.914666 12.501334 8.490667 8.021333 13.269333 18.858667 13.269334 30.165333v377.770667h-90.325334V170.666667H260.992v682.666666h135.552v85.333334H215.850667c-11.989333 0-23.466667-4.522667-31.914667-12.501334A41.514667 41.514667 0 0 1 170.666667 896V128c0-11.306667 4.778667-22.186667 13.226666-30.165333A46.506667 46.506667 0 0 1 215.893333 85.333333H893.44z m17.450666 504.234667a19.114667 19.114667 0 0 1 19.2 19.413333v310.272a19.2 19.2 0 0 1-19.2 19.413334h-422.4a19.157333 19.157333 0 0 1-19.2-19.413334v-310.314666c0-5.12 2.005333-10.069333 5.632-13.653334a19.114667 19.114667 0 0 1 13.568-5.717333h422.4z m-364.8 271.530667H853.333333v-193.92h-307.2v193.92z m134.4-58.197334h-76.8V725.333333h76.8v77.568z m134.4 0h-76.8V725.333333h76.8v77.568zM554.666667 426.666667c5.973333 0 11.733333 2.261333 15.957333 6.229333 4.266667 4.010667 6.613333 9.429333 6.613333 15.104v42.666667c0 5.674667-2.389333 11.093333-6.613333 15.104A23.253333 23.253333 0 0 1 554.666667 512H373.973333a23.253333 23.253333 0 0 1-15.957333-6.229333 20.778667 20.778667 0 0 1-6.656-15.104v-42.666667c0-5.674667 2.389333-11.093333 6.656-15.104A23.253333 23.253333 0 0 1 373.973333 426.666667H554.666667z m180.693333-170.666667c5.973333 0 11.733333 2.261333 15.957333 6.229333 4.266667 4.010667 6.656 9.429333 6.656 15.104v42.666667c0 5.674667-2.389333 11.093333-6.656 15.104a23.253333 23.253333 0 0 1-15.957333 6.229333h-361.386667a23.253333 23.253333 0 0 1-15.957333-6.229333 20.736 20.736 0 0 1-6.656-15.104v-42.666667c0-5.674667 2.389333-11.093333 6.656-15.104A23.253333 23.253333 0 0 1 373.973333 256h361.386667z\" fill=\"#1D2129\">\u003C/path>\u003C/symbol>\u003Csymbol id=\"iconPersonalcomputer\" viewBox=\"0 0 1024 1024\">\u003Cpath d=\"M887.722667 605.184v-357.546667c0-46.848-38.058667-84.906667-84.906667-84.906666H221.184c-46.848 0-84.906667 38.058667-84.906667 84.906666v395.349334c0 46.848 38.058667 84.906667 84.906667 84.906666h252.245333v56.064H328.704c-21.333333 0-38.570667 17.322667-38.570667 38.570667 0 21.333333 17.322667 38.570667 38.570667 38.570667h366.506667c21.333333 0 38.570667-17.322667 38.570666-38.570667 0-21.333333-17.322667-38.570667-38.570666-38.570667H550.570667V727.893333h252.245333c46.848 0 84.906667-38.058667 84.906667-84.906666v-62.037334c0-21.333333-17.322667-38.570667-38.570667-38.570666-21.333333 0-38.570667 17.322667-38.570667 38.570666v62.037334c0 4.181333-3.498667 7.68-7.68 7.68H221.184a7.765333 7.765333 0 0 1-7.68-7.68V247.637333c0-4.181333 3.498667-7.68 7.68-7.68h581.632c4.181333 0 7.68 3.498667 7.68 7.68V577.706667m38.656-69.802667\" fill=\"#333333\">\u003C/path>\u003C/symbol>\u003Csymbol id=\"iconVirtualmachines\" viewBox=\"0 0 1024 1024\">\u003Cpath d=\"M356.864 125.952c0-10.752 4.053333-21.077333 11.349333-28.714667A37.930667 37.930667 0 0 1 395.648 85.333333H899.84c10.282667 0 20.138667 4.266667 27.434667 11.904 7.253333 7.637333 11.349333 17.92 11.349333 28.714667v528.256a41.642667 41.642667 0 0 1-11.349333 28.757333 37.930667 37.930667 0 0 1-27.434667 11.904h-232.746667v203.178667a41.642667 41.642667 0 0 1-11.349333 28.714667 37.930667 37.930667 0 0 1-27.434667 11.904H124.16a37.930667 37.930667 0 0 1-27.434667-11.904 41.642667 41.642667 0 0 1-11.349333-28.714667V369.792c0-10.794667 4.096-21.12 11.349333-28.757333a37.930667 37.930667 0 0 1 27.434667-11.904h232.746667V125.952z m504.234667 40.661333h-426.666667v162.56h193.92c10.282667 0 20.181333 4.266667 27.434667 11.861334 7.253333 7.637333 11.349333 17.962667 11.349333 28.757333v162.56h-77.568V410.368h-426.666667v446.976h426.666667v-162.56H395.648a37.930667 37.930667 0 0 1-27.434667-11.861333 41.642667 41.642667 0 0 1-11.349333-28.757334v-162.56h77.568v121.941334h426.666667V166.613333z\" fill=\"#1D2129\">\u003C/path>\u003C/symbol>\u003Csymbol id=\"iconSysteminformation\" viewBox=\"0 0 1024 1024\">\u003Cpath d=\"M834.688 489.301333l91.349333 90.325334a42.453333 42.453333 0 0 1 9.386667 46.378666 42.496 42.496 0 0 1-9.386667 13.824l-289.664 286.378667A43.093333 43.093333 0 0 1 605.866667 938.666667l-91.093334-0.298667c-11.392 0-22.272-4.522667-30.293333-12.458667a42.325333 42.325333 0 0 1-12.629333-29.952l-0.298667-90.069333a42.197333 42.197333 0 0 1 12.629333-30.250667l289.664-286.336a43.306667 43.306667 0 0 1 60.885334 0zM128.384 85.333333h645.973333c11.434667 0 22.4 4.48 30.464 12.458667 8.106667 7.978667 12.629333 18.816 12.629334 30.122667v276.736H731.306667V170.496H171.52v681.216h215.338667v85.162667H128.384c-11.392 0-22.357333-4.48-30.421333-12.458667A42.325333 42.325333 0 0 1 85.333333 894.293333V127.914667c0-11.306667 4.522667-22.144 12.629334-30.122667 8.064-7.978667 19.029333-12.458667 30.421333-12.458667z m675.84 494.293334l-246.528 243.712 0.128 30.037333 30.336 0.085333 246.528-243.754666-30.464-30.08z m-352.853333-47.232c5.717333 0 11.221333 2.261333 15.232 6.229333 4.053333 4.010667 6.314667 9.386667 6.314666 15.061333v42.581334c0 5.632-2.261333 11.093333-6.314666 15.061333a21.674667 21.674667 0 0 1-15.189334 6.229333H279.125333a21.674667 21.674667 0 0 1-15.232-6.229333 21.162667 21.162667 0 0 1-6.314666-15.061333v-42.581334c0-5.632 2.304-11.093333 6.314666-15.061333a21.674667 21.674667 0 0 1 15.232-6.229333h172.288z m172.288-170.325334c5.717333 0 11.178667 2.261333 15.232 6.272 4.053333 3.968 6.314667 9.386667 6.314666 15.018667v42.581333c0 5.674667-2.261333 11.093333-6.314666 15.061334a21.674667 21.674667 0 0 1-15.232 6.229333H279.125333a21.674667 21.674667 0 0 1-15.232-6.229333 21.162667 21.162667 0 0 1-6.314666-15.061334v-42.581333c0-5.632 2.304-11.050667 6.314666-15.018667a21.674667 21.674667 0 0 1 15.232-6.272h344.533334z\" fill=\"#1D2129\">\u003C/path>\u003C/symbol>\u003Csymbol id=\"iconClear\" viewBox=\"0 0 1024 1024\">\u003Cpath d=\"M568.32 255.146667c19.626667 5.12 40.96 8.533333 59.733333 16.213333 14.506667 5.973333 22.186667 3.413333 32.426667-7.68 41.813333-42.666667 84.48-85.333333 127.146667-127.146667 32.426667-31.573333 74.24-34.986667 105.813333-10.24 38.4 29.866667 40.96 81.92 5.12 118.613334-41.813333 42.666667-84.48 85.333333-127.146667 127.146666-11.946667 11.093333-13.653333 19.626667-7.68 35.84 24.746667 59.733333 15.36 116.053333-24.746666 166.4-17.92 23.04-31.573333 23.893333-52.053334 3.413334-77.653333-76.8-154.453333-154.453333-231.253333-232.106667-18.773333-18.773333-17.92-31.573333 1.706667-48.64 29.866667-25.6 70.826667-40.96 110.933333-41.813333z m145.92 283.306666c25.6-40.96 29.013333-86.186667 3.413333-131.413333-10.24-17.92-8.533333-31.573333 6.826667-46.08 46.933333-45.226667 93.013333-92.16 139.093333-138.24 6.826667-6.826667 13.653333-14.506667 16.213334-23.04 5.12-16.213333 0-30.72-14.506667-40.106667-15.36-9.386667-32.426667-6.826667-47.786667 7.68-46.933333 46.08-93.866667 93.013333-139.946666 139.946667-22.186667 22.186667-26.453333 23.04-53.76 8.533333-43.52-23.04-86.186667-19.626667-126.293334 5.973334l216.746667 216.746666z\" fill=\"#333333\">\u003C/path>\u003Cpath d=\"M713.386667 607.573333c-14.506667 0-27.306667-10.24-35.84-18.773333-83.626667-83.626667-158.72-158.72-231.253334-232.106667-7.68-7.68-18.773333-20.48-17.92-35.84 0.853333-15.36 11.093333-26.453333 20.48-34.133333 31.573333-27.306667 74.24-44.373333 119.466667-46.08h2.56l1.706667 0.853333c5.973333 1.706667 11.946667 2.56 17.92 4.266667 14.506667 3.413333 29.866667 6.826667 44.373333 12.8 7.68 3.413333 9.386667 2.56 17.066667-4.266667 39.253333-40.106667 81.066667-81.92 128-127.146666 37.546667-36.693333 87.04-40.96 124.586666-11.093334 21.333333 17.066667 34.133333 40.106667 35.84 65.706667 1.706667 27.306667-8.533333 53.76-29.013333 74.24-39.253333 40.106667-81.066667 81.92-128 127.146667-7.68 6.826667-8.533333 9.386667-4.266667 19.626666 26.453333 63.146667 17.066667 126.293333-27.306666 180.906667-8.533333 10.24-19.626667 22.186667-35.84 23.04-1.706667 0.853333-1.706667 0.853333-2.56 0.853333zM566.613333 269.653333c-36.693333 1.706667-73.386667 16.213333-98.986666 39.253334-9.386667 7.68-10.24 11.946667-10.24 13.653333 0 1.706667 0.853333 5.973333 9.386666 14.506667 72.533333 72.533333 148.48 148.48 231.253334 232.106666 9.386667 9.386667 14.506667 10.24 15.36 10.24 1.706667 0 5.973333-1.706667 14.506666-12.8 37.546667-46.933333 45.226667-98.986667 23.04-151.893333-8.533333-21.333333-5.973333-35.84 10.24-52.053333 46.933333-45.226667 87.893333-87.04 127.146667-127.146667 14.506667-15.36 22.186667-34.133333 20.48-52.053333-0.853333-17.066667-10.24-33.28-24.746667-45.226667-26.453333-20.48-59.733333-17.066667-87.04 9.386667-46.08 45.226667-87.04 86.186667-126.293333 126.293333-11.093333 11.093333-24.746667 20.48-48.64 10.24-11.946667-5.12-25.6-7.68-39.253333-11.093333-5.12-0.853333-11.093333-2.56-16.213334-3.413334zM716.8 561.493333L473.6 318.293333l15.36-9.386666c44.373333-29.013333 93.013333-30.72 140.8-6.826667 6.826667 3.413333 17.066667 8.533333 20.48 8.533333 3.413333-0.853333 11.946667-9.386667 17.066667-13.653333l39.253333-39.253333 100.693333-100.693334c19.626667-19.626667 44.373333-23.04 65.706667-9.386666 19.626667 12.8 27.306667 34.133333 20.48 57.173333-3.413333 11.093333-11.946667 20.48-19.626667 28.16l-4.266666 4.266667C825.173333 280.746667 779.946667 326.826667 733.866667 371.2c-10.24 10.24-11.093333 16.213333-4.266667 29.013333 26.453333 48.64 25.6 98.986667-4.266667 145.92l-8.533333 15.36zM519.68 324.266667l190.293333 190.293333c15.36-33.28 12.8-66.56-5.973333-99.84-13.653333-24.746667-10.24-44.373333 9.386667-64 45.226667-44.373333 91.306667-89.6 134.826666-133.973333l4.266667-4.266667c5.12-5.12 11.093333-11.093333 12.8-17.066667 3.413333-10.24 0.853333-17.92-8.533333-23.893333-11.946667-7.68-22.186667-0.853333-29.866667 5.973333-33.28 33.28-67.413333 66.56-100.693333 100.693334l-39.253334 39.253333c-26.453333 26.453333-37.546667 28.16-70.826666 11.093333-33.28-17.92-64.853333-18.773333-96.426667-4.266666zM320 259.413333c0-27.306667 20.48-48.64 47.786667-48.64 27.306667 0 48.64 22.186667 48.64 48.64 0 25.6-21.333333 47.786667-47.786667 48.64-25.6 0-47.786667-22.186667-48.64-48.64zM785.066667 700.586667c18.773333 0 33.28 15.36 32.426666 34.133333-0.853333 17.92-14.506667 31.573333-32.426666 31.573333-18.773333 0-33.28-14.506667-33.28-33.28-0.853333-17.92 14.506667-33.28 33.28-32.426666zM705.706667 769.706667c37.546667 0.853333 67.413333 32.426667 65.706666 69.973333-1.706667 35.84-29.866667 64-66.56 64-38.4 0-68.266667-29.866667-68.266666-67.413333 0.853333-36.693333 32.426667-67.413333 69.12-66.56z\" fill=\"#333333\">\u003C/path>\u003Cpath d=\"M657.066667 608.426667L419.84 371.2c-12.8-12.8-25.6-12.8-40.106667-4.266667-14.506667 8.533333-29.013333 18.773333-44.373333 23.893334-71.68 23.893333-143.36 46.08-215.04 68.266666-27.306667 8.533333-32.426667 17.92-19.626667 43.52 11.093333 20.48 21.333333 42.666667 34.133334 62.293334 6.826667 11.093333 18.773333 18.773333 29.866666 28.16-11.093333 11.093333-5.973333 24.746667 5.973334 40.106666 14.506667 17.92 29.013333 37.546667 43.52 55.466667 19.626667 25.6 39.253333 51.2 79.36 22.186667-2.56 10.24-2.56 15.36-5.12 20.48-9.386667 20.48-3.413333 35.84 14.506666 48.64 18.773333 13.653333 36.693333 27.306667 52.906667 44.373333 25.6 27.306667 52.053333 36.693333 83.626667 11.946667 1.706667-0.853333 3.413333-0.853333 5.973333-0.853334 0 5.12 0.853333 10.24 0 14.506667-4.266667 21.333333 4.266667 34.133333 23.04 43.52 20.48 11.093333 40.106667 23.893333 60.586667 35.84 25.6 15.36 37.546667 8.533333 42.666666-20.48 4.266667-23.04 9.386667-45.226667 13.653334-67.413333 0 0 4.266667-32.426667 14.506666-62.293334 0-0.853333 0-0.853333 0.853334-1.706666 4.266667-12.8 9.386667-24.746667 16.213333-33.28 14.506667-30.72 29.866667-61.44 45.226667-92.16 6.826667-16.213333 8.533333-29.013333-5.12-43.52z m-123.733334 273.92c-14.506667-8.533333-28.16-15.36-40.106666-23.893334-3.413333-2.56-5.12-9.386667-4.266667-13.653333 0.853333-12.8 4.266667-25.6 3.413333-38.4 0-9.386667-2.56-23.04-8.533333-26.453333-6.826667-4.266667-19.626667-0.853333-29.013333 0.853333-8.533333 2.56-17.92 6.826667-24.746667 12.8-19.626667 14.506667-35.84 11.093333-52.053333-6.826667-11.093333-11.946667-23.893333-22.186667-36.693334-31.573333-11.093333-7.68-11.946667-15.36-7.68-27.306667 5.12-12.8 10.24-26.453333 12.8-40.106666 1.706667-8.533333 0-19.626667-5.12-25.6-4.266667-4.266667-16.213333-5.12-23.893333-2.56-14.506667 3.413333-29.013333 11.093333-43.52 15.36-5.12 1.706667-13.653333 0-17.066667-3.413334-17.066667-18.773333-32.426667-37.546667-48.64-58.026666 13.653333-16.213333 27.306667-30.72 38.4-47.786667 5.12-7.68 7.68-22.186667 4.266667-28.16-4.266667-5.973333-17.92-5.973333-28.16-8.533333-2.56-0.853333-5.12 1.706667-7.68 2.56-46.08 11.946667-46.08 11.946667-66.56-34.133334 35.84-10.24 72.533333-18.773333 107.52-31.573333 43.52-16.213333 86.186667-34.986667 128-53.76 8.533333-3.413333 14.506667-5.973333 23.04 2.56 70.826667 71.68 141.653333 142.506667 212.48 213.333333 1.706667 1.706667 2.56 3.413333 4.266667 5.973334-45.226667 77.653333-74.24 159.573333-90.453334 248.32z\" fill=\"#333333\">\u003C/path>\u003Cpath d=\"M550.4 951.466667c-11.093333 0-21.333333-5.12-29.013333-10.24-6.826667-4.266667-14.506667-8.533333-21.333334-12.8-12.8-8.533333-25.6-16.213333-38.4-23.04-21.333333-11.093333-32.426667-27.306667-31.573333-47.786667-29.013333 12.8-57.173333 5.12-84.48-24.746667-15.36-16.213333-34.133333-29.866667-50.346667-42.666666-20.48-15.36-28.16-33.28-23.893333-54.613334-32.426667 6.826667-53.76-20.48-68.266667-39.253333l-11.946666-15.36c-10.24-13.653333-20.48-27.306667-31.573334-40.106667-16.213333-20.48-17.066667-35.84-13.653333-46.08 0 0-0.853333 0-0.853333-0.853333-7.68-6.826667-16.213333-13.653333-22.186667-23.04-10.24-15.36-17.92-31.573333-26.453333-46.933333-2.56-5.12-5.12-11.093333-8.533334-16.213334-5.973333-11.093333-11.946667-26.453333-5.973333-40.106666s20.48-19.626667 34.133333-23.893334c74.24-22.186667 145.92-45.226667 215.04-68.266666 10.24-3.413333 20.48-9.386667 31.573334-16.213334 3.413333-1.706667 6.826667-4.266667 10.24-5.973333 26.453333-15.36 46.08-5.12 58.026666 6.826667C510.293333 439.466667 588.8 518.826667 668.16 597.333333c22.186667 22.186667 14.506667 45.226667 5.973333 60.586667-15.36 29.866667-29.866667 60.586667-44.373333 90.453333l-2.56 4.266667c-5.12 5.973333-9.386667 16.213333-13.653333 29.013333l-0.853334 1.706667c-8.533333 26.453333-12.8 56.32-13.653333 58.88v0.853333c-5.12 23.04-9.386667 45.226667-13.653333 67.413334-2.56 12.8-7.68 30.72-23.04 37.546666-3.413333 2.56-7.68 3.413333-11.946667 3.413334zM459.093333 818.346667v20.48c0 4.266667 0.853333 8.533333-0.853333 13.653333-2.56 11.946667-0.853333 19.626667 15.36 28.16 13.653333 7.68 27.306667 15.36 40.106667 23.893333 6.826667 4.266667 13.653333 8.533333 21.333333 12.8 11.946667 6.826667 15.36 5.973333 15.36 5.973334s3.413333-2.56 5.973333-17.066667c4.266667-23.04 9.386667-45.226667 13.653334-67.413333 0.853333-5.973333 4.266667-29.013333 11.093333-53.76l-0.853333-1.706667 5.12-11.093333c5.12-14.506667 11.093333-26.453333 17.066666-34.986667 14.506667-29.866667 29.013333-60.586667 44.373334-90.453333 7.68-14.506667 5.973333-20.48-0.853334-27.306667C567.466667 540.16 488.106667 460.8 409.6 381.44c-5.973333-5.973333-11.946667-8.533333-23.04-1.706667-3.413333 1.706667-6.826667 4.266667-9.386667 5.973334-11.946667 6.826667-23.893333 14.506667-37.546666 18.773333-68.266667 23.04-140.8 45.226667-215.04 68.266667-14.506667 4.266667-16.213333 7.68-16.213334 7.68s-0.853333 3.413333 5.12 15.36c2.56 5.12 5.973333 11.093333 8.533334 16.213333 7.68 15.36 15.36 30.72 24.746666 44.373333 3.413333 5.973333 10.24 11.093333 16.213334 16.213334 3.413333 3.413333 7.68 5.973333 11.093333 9.386666l11.093333 10.24-11.093333 10.24c-3.413333 3.413333-0.853333 10.24 6.826667 20.48 11.093333 13.653333 21.333333 27.306667 31.573333 40.96l11.946667 15.36c21.333333 27.306667 31.573333 39.253333 58.88 19.626667l30.72-22.186667-8.533334 37.546667c-0.853333 3.413333-1.706667 6.826667-1.706666 8.533333-0.853333 5.12-1.706667 9.386667-3.413334 13.653334-5.12 11.946667-5.12 20.48 10.24 30.72 17.92 12.8 37.546667 28.16 54.613334 46.08 23.893333 25.6 41.813333 28.16 64.853333 10.24 4.266667-3.413333 9.386667-3.413333 12.8-3.413334h0.853333l15.36-1.706666z m84.48 87.04l-17.92-10.24c-4.266667-2.56-7.68-4.266667-11.946666-6.826667-10.24-5.973333-19.626667-11.093333-29.013334-17.92-9.386667-5.973333-11.093333-19.626667-11.093333-26.453333 0-5.973333 0.853333-11.946667 1.706667-17.066667 0.853333-6.826667 1.706667-13.653333 1.706666-19.626667 0-7.68-1.706667-11.946667-2.56-14.506666-2.56 0-6.826667 0-17.066666 2.56-6.826667 1.706667-13.653333 5.12-20.48 10.24-24.746667 18.773333-48.64 16.213333-70.826667-8.533334-9.386667-11.946667-23.04-21.333333-33.28-29.013333-16.213333-11.093333-20.48-25.6-12.8-44.373333 5.12-11.946667 9.386667-24.746667 11.946667-37.546667 0.853333-5.12 0-10.24-0.853334-11.946667-2.56-0.853333-6.826667-0.853333-10.24 0-6.826667 1.706667-13.653333 4.266667-21.333333 7.68-6.826667 2.56-14.506667 5.973333-22.186667 7.68-9.386667 2.56-23.893333 0-31.573333-7.68-12.8-13.653333-23.893333-28.16-36.693333-42.666666L196.266667 623.786667l-7.68-9.386667 7.68-9.386667c4.266667-5.12 8.533333-9.386667 11.946666-14.506666 9.386667-11.093333 17.92-21.333333 25.6-32.426667 1.706667-3.413333 3.413333-8.533333 3.413334-11.093333-2.56-0.853333-6.826667-0.853333-9.386667-1.706667-1.706667 0-4.266667-0.853333-5.973333-0.853333-1.706667 0.853333-2.56 0.853333-4.266667 1.706666-52.906667 13.653333-59.733333 10.24-83.626667-41.813333l-6.826666-15.36 16.213333-4.266667c11.093333-3.413333 22.186667-5.973333 33.28-9.386666 24.746667-6.826667 49.493333-12.8 73.386667-22.186667 34.986667-12.8 69.12-28.16 102.4-42.666667 8.533333-3.413333 16.213333-6.826667 24.746666-11.093333 7.68-3.413333 23.04-10.24 38.4 5.973333 51.2 52.053333 104.106667 104.106667 154.453334 155.306667l58.026666 58.026667c1.706667 1.706667 3.413333 4.266667 4.266667 5.973333 0.853333 0.853333 0.853333 1.706667 1.706667 2.56l5.12 7.68-4.266667 7.68c-42.666667 75.093333-71.68 154.453333-87.893333 243.2l-3.413334 19.626667zM503.466667 848.213333c5.973333 4.266667 12.8 7.68 19.626666 11.946667 17.066667-81.066667 43.52-154.453333 81.92-223.573333L550.4 580.266667c-50.346667-51.2-103.253333-103.253333-154.453333-155.306667l-1.706667-1.706667c-0.853333 0-2.56 0.853333-5.12 1.706667-8.533333 3.413333-16.213333 6.826667-24.746667 11.093333-34.133333 14.506667-69.12 29.866667-104.96 43.52-24.746667 9.386667-50.346667 16.213333-75.946666 22.186667-5.973333 1.706667-11.093333 3.413333-17.066667 4.266667 4.266667 8.533333 7.68 15.36 10.24 16.213333 3.413333 1.706667 17.066667-1.706667 32.426667-5.973333h0.853333c2.56-0.853333 7.68-3.413333 13.653333-1.706667 2.56 0.853333 5.12 0.853333 7.68 0.853333 10.24 1.706667 23.04 3.413333 29.013334 12.8 8.533333 12.8 2.56 34.133333-4.266667 44.373334-8.533333 12.8-17.92 23.893333-27.306667 34.986666-1.706667 1.706667-2.56 3.413333-4.266666 5.12 1.706667 2.56 3.413333 4.266667 5.12 6.826667 11.946667 14.506667 23.04 28.16 34.986666 40.96 0.853333 0 2.56 0.853333 3.413334 0.853333 5.973333-1.706667 11.946667-4.266667 18.773333-6.826666 7.68-3.413333 16.213333-6.826667 24.746667-8.533334 8.533333-2.56 28.16-3.413333 37.546666 6.826667 8.533333 9.386667 11.093333 25.6 8.533334 37.546667-2.56 15.36-7.68 29.866667-13.653334 43.52-2.56 6.826667-1.706667 6.826667 2.56 10.24 11.946667 8.533333 26.453333 19.626667 39.253334 33.28 13.653333 14.506667 21.333333 12.8 32.426666 4.266666 6.826667-5.12 17.066667-11.946667 29.866667-15.36 13.653333-3.413333 29.013333-6.826667 40.106667 0 9.386667 5.973333 14.506667 18.773333 15.36 38.4 0 8.533333-0.853333 17.066667-1.706667 24.746667-0.853333 5.12-1.706667 10.24-1.706667 14.506667 2.56 1.706667 3.413333 3.413333 3.413334 4.266666z m-28.16-57.173333zM265.386667 661.333333z\" fill=\"#333333\">\u003C/path>\u003C/symbol>\u003Csymbol id=\"iconClear-01\" viewBox=\"0 0 1024 1024\">\u003Cpath d=\"M653.653333 843.093333c-15.36 0-32.426667-3.413333-53.76-11.093333l-2.56-0.853333-474.453333-221.013334c-11.093333-3.413333-38.4-15.36-50.346667-43.52-5.973333-13.653333-10.24-35.84 4.266667-62.293333l1.706667-2.56 1.706666-2.56c2.56-3.413333 17.92-23.04 44.373334-30.72h0.853333c3.413333-0.853333 218.453333-60.586667 314.026667-189.44 17.066667-33.28 61.44-71.68 121.173333-48.64l97.28 36.693333L716.8 176.64c15.36-23.04 64-55.466667 134.826667-11.946667 4.266667 2.56 24.746667 16.213333 30.72 42.666667 2.56 11.946667 3.413333 30.72-10.24 50.346667l-46.933334 71.68 48.64 18.773333c40.96 10.24 76.8 43.52 69.973334 88.746667-0.853333 29.866667-13.653333 221.866667-230.4 383.146666-9.386667 9.386667-28.16 23.04-59.733334 23.04z m-24.746666-81.92c17.066667 5.973333 26.453333 5.973333 29.866666 5.12l0.853334-1.706666 5.12-3.413334c202.24-148.48 201.386667-324.266667 201.386666-325.973333v-5.973333c-2.56-2.56-9.386667-5.12-13.653333-5.973334l-5.12-1.706666L708.266667 367.786667l93.866666-142.506667c-11.946667-5.973333-19.626667-5.973333-23.04-4.266667L687.786667 360.106667l-154.453334-58.88c-4.266667-1.706667-16.213333-5.973333-26.453333 13.653333l-1.706667 3.413333-1.706666 2.56C401.92 460.8 194.56 527.36 152.746667 539.306667l476.16 221.866666zM779.093333 221.866667z\" fill=\"#333333\">\u003C/path>\u003Cpath d=\"M406.766933 396.834133l30.378667-70.545066 442.052267 190.344533-30.378667 70.545067zM307.2 666.453333c-13.653333 0-27.306667-7.68-34.133333-21.333333-9.386667-18.773333-1.706667-41.813333 17.066666-51.2l138.24-69.973333c18.773333-9.386667 41.813333-1.706667 51.2 17.066666 9.386667 18.773333 1.706667 41.813333-17.066666 51.2L324.266667 662.186667c-5.973333 2.56-11.093333 4.266667-17.066667 4.266666zM459.946667 749.226667c-13.653333 0-27.306667-7.68-34.133334-21.333334-9.386667-18.773333-1.706667-41.813333 17.066667-51.2l138.24-69.973333c18.773333-9.386667 41.813333-1.706667 51.2 17.066667 9.386667 18.773333 1.706667 41.813333-17.066667 51.2l-138.24 69.973333c-5.973333 3.413333-11.093333 4.266667-17.066666 4.266667zM776.533333 196.266667l-26.453333 22.186666s-39.253333 53.76-41.813333 57.173334c-2.56 3.413333-22.186667 47.786667-22.186667 47.786666v37.546667l47.786667 18.773333L837.12 221.866667 776.533333 196.266667z\" fill=\"#333333\">\u003C/path>\u003C/symbol>\u003Csymbol id=\"iconfail-02\" viewBox=\"0 0 1024 1024\">\u003Cpath d=\"M516.266667 58.026667C268.8 58.026667 68.266667 258.56 68.266667 506.026667s200.533333 448 448 448S964.266667 753.493333 964.266667 506.026667 763.733333 58.026667 516.266667 58.026667z m138.24 541.013333l43.52 44.373333c-14.506667 15.36-29.013333 30.72-44.373334 46.08-46.08-46.08-91.306667-92.16-137.386666-137.386666-45.226667 46.08-90.453333 92.16-136.533334 138.24-15.36-15.36-29.866667-29.866667-44.373333-45.226667l43.52-45.226667c30.72-31.573333 61.44-62.293333 92.16-93.866666-46.08-46.08-91.306667-92.16-136.533333-139.093334 14.506667-14.506667 29.013333-28.16 43.52-44.373333L516.266667 460.8c46.08-46.08 91.306667-92.16 137.386666-139.093333 14.506667 15.36 29.013333 29.866667 44.373334 43.52-45.226667 47.786667-91.306667 93.866667-136.533334 140.8 30.72 30.72 62.293333 61.44 93.013334 93.013333z\" fill=\"#C53709\">\u003C/path>\u003C/symbol>\u003Csymbol id=\"iconfan_green\" viewBox=\"0 0 1024 1024\">\u003Cpath d=\"M511.146667 956.586667c-244.906667 0-443.733333-198.826667-443.733334-445.44 0-246.613333 198.826667-445.44 443.733334-445.44s443.733333 198.826667 443.733333 445.44c0 246.613333-197.973333 445.44-443.733333 445.44z m0-855.04C345.6 101.546667 197.12 201.386667 133.12 354.133333c-62.293333 151.893333-28.16 328.533333 89.6 446.293334 116.053333 116.053333 292.693333 151.893333 446.293333 88.746666 153.6-64 252.586667-212.48 252.586667-378.026666-1.706667-226.133333-183.466667-409.6-410.453333-409.6z\" fill=\"#23C343\">\u003C/path>\u003Cpath d=\"M585.386667 515.413333c0 38.4-31.573333 68.266667-68.266667 68.266667-36.693333 0-68.266667-31.573333-68.266667-68.266667 0-36.693333 31.573333-68.266667 68.266667-68.266666 38.4-0.853333 69.973333 30.72 68.266667 68.266666z m-67.413334-44.373333c-17.92 0-33.28 11.093333-40.96 26.453333-6.826667 17.066667-3.413333 35.84 8.533334 49.493334 11.946667 11.946667 31.573333 17.066667 49.493333 10.24 17.066667-6.826667 28.16-23.893333 28.16-40.96 0-11.093333-4.266667-23.893333-13.653333-31.573334-8.533333-9.386667-19.626667-13.653333-31.573334-13.653333z\" fill=\"#23C343\">\u003C/path>\u003Cpath d=\"M810.666667 385.706667c-25.6-23.893333-40.96-31.573333-86.186667-46.08-35.84-11.946667-118.613333-13.653333-148.48 39.253333l-31.573333 54.613333c-4.266667 7.68-7.68 17.066667-8.533334 24.746667l50.346667 65.706667c25.6 3.413333 62.293333 4.266667 86.186667 18.773333 29.013333 18.773333 75.946667 68.266667 98.133333 81.92 36.693333 21.333333 73.386667-17.066667 86.186667-40.96 14.506667-27.306667 47.786667-122.026667-46.08-197.973333z\" fill=\"#23C343\">\u003C/path>\u003Cpath d=\"M576 576.853333c-3.413333-7.68-10.24-13.653333-17.066667-18.773333l-7.68 0.853333c8.533333-10.24 14.506667-23.893333 14.506667-39.253333 0-29.866667-21.333333-53.76-47.786667-53.76-17.066667 0-29.866667 8.533333-39.253333 22.186667l7.68-22.186667c-8.533333-23.893333-26.453333-56.32-25.6-83.626667 0.853333-33.28 21.333333-99.84 21.333333-126.293333 0-43.52-51.2-56.32-78.506666-53.76-31.573333 0.853333-128.853333 20.48-146.773334 139.093333-6.826667 33.28-6.826667 51.2 3.413334 97.28 6.826667 36.693333 51.2 111.786667 111.786666 111.786667l56.32-3.413333c8.533333 0 26.453333 0 34.986667-3.413334l10.24-29.866666c0 2.56-0.853333 4.266667-0.853333 6.826666 0 18.773333 8.533333 34.986667 21.333333 44.373334h-13.653333c-17.066667 20.48-39.253333 54.613333-61.44 65.706666-31.573333 17.066667-96.426667 32.426667-119.466667 46.08-36.693333 21.333333-21.333333 71.68-6.826667 94.72 17.066667 25.6 81.92 101.546667 193.706667 58.026667 33.28-11.093333 47.786667-21.333333 82.773333-51.2 28.16-23.893333 64-96.426667 40.106667-147.626667L576 576.853333z m-121.173333-66.56l2.56-7.68 3.413333-23.893333c3.413333 6.826667 5.973333 10.24 5.973333 10.24-1.706667 8.533333-5.12 15.36-11.946666 21.333333z m61.44 62.293334l-10.24 0.853333c0.853333-0.853333 3.413333-0.853333 4.266666-2.56 1.706667 1.706667 4.266667 1.706667 5.973334 1.706667z\" fill=\"#23C343\">\u003C/path>\u003C/symbol>\u003Csymbol id=\"icontemperature_green\" viewBox=\"0 0 1024 1024\">\u003Cpath d=\"M518.506667 64C561.813333 64 597.333333 100.309333 597.333333 144.576v475.648a170.666667 170.666667 0 1 1-170.666666 0V144.576C426.666667 100.309333 462.186667 64 505.493333 64h13.013334z\" fill=\"#C9CDD4\">\u003C/path>\u003Cpath d=\"M512 362.666667a42.666667 42.666667 0 0 1 42.666667 42.666666v288.789334a85.269333 85.269333 0 0 1 17.664 134.208A85.333333 85.333333 0 1 1 469.333333 694.144V405.333333a42.666667 42.666667 0 0 1 42.666667-42.666666z\" fill=\"#23C343\">\u003C/path>\u003C/symbol>\u003Csymbol id=\"iconfan_red\" viewBox=\"0 0 1024 1024\">\u003Cpath d=\"M506.88 965.973333c-249.173333 0-451.413333-202.24-451.413333-452.266666s202.24-452.266667 451.413333-452.266667 451.413333 202.24 451.413333 452.266667-201.386667 452.266667-451.413333 452.266666z m0-868.693333c-168.106667 0-319.146667 101.546667-384 256.853333C58.88 509.44 93.866667 688.64 213.333333 808.106667c118.613333 118.613333 297.813333 154.453333 453.973334 89.6s256.853333-215.893333 256.853333-384c-1.706667-229.546667-186.88-416.426667-417.28-416.426667z\" fill=\"#C53709\">\u003C/path>\u003Cpath d=\"M582.826667 517.973333c0 38.4-31.573333 69.12-69.12 69.12S443.733333 555.52 443.733333 517.973333s31.573333-69.12 69.12-69.12c39.253333-0.853333 70.826667 30.72 69.973334 69.12z m-69.12-45.226666c-17.92 0-34.133333 11.093333-41.813334 27.306666-6.826667 17.066667-3.413333 36.693333 9.386667 50.346667 12.8 12.8 31.573333 17.066667 50.346667 10.24 17.066667-6.826667 28.16-23.893333 28.16-41.813333 0-11.093333-4.266667-23.893333-13.653334-31.573334-8.533333-10.24-20.48-14.506667-32.426666-14.506666z\" fill=\"#C53709\">\u003C/path>\u003Cpath d=\"M811.52 386.56c-26.453333-23.893333-41.813333-31.573333-87.893333-46.933333-36.693333-12.8-120.32-13.653333-151.04 40.106666L541.013333 435.2c-4.266667 7.68-7.68 17.066667-9.386666 24.746667l51.2 67.413333c26.453333 3.413333 64 4.266667 87.893333 19.626667 29.866667 19.626667 77.653333 69.12 99.84 82.773333 37.546667 21.333333 75.093333-17.066667 87.893333-41.813333 14.506667-29.013333 48.64-124.586667-46.933333-201.386667z\" fill=\"#C53709\">\u003C/path>\u003Cpath d=\"M572.586667 580.266667c-3.413333-7.68-10.24-13.653333-17.066667-19.626667l-7.68 0.853333c9.386667-10.24 14.506667-23.893333 14.506667-40.106666 0-30.72-21.333333-54.613333-48.64-54.613334-17.066667 0-30.72 9.386667-40.106667 23.04l7.68-23.04c-9.386667-23.893333-27.306667-57.173333-26.453333-85.333333 0.853333-34.133333 21.333333-101.546667 21.333333-128.853333 0-44.373333-52.053333-57.173333-79.36-54.613334-31.573333 0.853333-130.56 20.48-149.333333 140.8-6.826667 34.133333-6.826667 52.053333 3.413333 98.986667 6.826667 37.546667 52.053333 113.493333 113.493333 113.493333l57.173334-3.413333c9.386667 0 27.306667 0 34.986666-3.413333l10.24-30.72c0 2.56-0.853333 4.266667-0.853333 6.826666 0 19.626667 9.386667 34.986667 21.333333 45.226667h-13.653333c-17.066667 20.48-40.106667 55.466667-62.293333 67.413333-31.573333 17.066667-98.133333 33.28-122.026667 46.933334-37.546667 21.333333-21.333333 72.533333-6.826667 96.426666 17.066667 26.453333 82.773333 103.253333 196.266667 58.88 34.133333-11.093333 48.64-21.333333 84.48-52.053333 28.16-23.893333 64.853333-98.133333 40.96-150.186667L572.586667 580.266667z m-122.88-67.413334l2.56-7.68 3.413333-23.893333c3.413333 6.826667 5.973333 10.24 5.973333 10.24-1.706667 8.533333-5.12 15.36-11.946666 21.333333z m62.293333 63.146667l-10.24 0.853333c0.853333-0.853333 3.413333-0.853333 4.266667-2.56 1.706667 1.706667 4.266667 1.706667 5.973333 1.706667z\" fill=\"#C53709\">\u003C/path>\u003C/symbol>\u003Csymbol id=\"iconpause-01\" viewBox=\"0 0 1024 1024\">\u003Cpath d=\"M513.706667 60.586667C267.093333 60.586667 65.706667 260.266667 65.706667 507.733333S267.093333 955.733333 512.853333 955.733333c246.613333 0 447.146667-200.533333 447.146667-447.146666S759.466667 60.586667 513.706667 60.586667zM480.426667 725.333333h-71.68V290.986667h71.68V725.333333z m137.386666 0H546.133333V290.986667h71.68V725.333333z\" fill=\"#C2C2C2\">\u003C/path>\u003C/symbol>\u003Csymbol id=\"iconPhotos-Expandl\" viewBox=\"0 0 1024 1024\">\u003Cpath d=\"M917.333333 768a21.333333 21.333333 0 0 1 21.333334 21.333333v42.666667a21.333333 21.333333 0 0 1-21.333334 21.333333h-810.666666a21.333333 21.333333 0 0 1-21.333334-21.333333v-42.666667a21.333333 21.333333 0 0 1 21.333334-21.333333h810.666666zM132.053333 377.6c4.608 0 9.130667 1.28 13.098667 3.669333l181.077333 109.184a25.386667 25.386667 0 0 1 0 43.434667l-181.077333 109.184a25.386667 25.386667 0 0 1-38.485333-21.76V402.986667c0-14.037333 11.349333-25.386667 25.386666-25.386667zM917.333333 469.333333a21.333333 21.333333 0 0 1 21.333334 21.333334v42.666666a21.333333 21.333333 0 0 1-21.333334 21.333334h-426.666666a21.333333 21.333333 0 0 1-21.333334-21.333334v-42.666666a21.333333 21.333333 0 0 1 21.333334-21.333334h426.666666z m0-298.666666a21.333333 21.333333 0 0 1 21.333334 21.333333v42.666667a21.333333 21.333333 0 0 1-21.333334 21.333333h-810.666666a21.333333 21.333333 0 0 1-21.333334-21.333333v-42.666667a21.333333 21.333333 0 0 1 21.333334-21.333333h810.666666z\" fill=\"#1D2129\">\u003C/path>\u003C/symbol>\u003Csymbol id=\"iconPhotos-Close\" viewBox=\"0 0 1024 1024\">\u003Cpath d=\"M917.333333 768a21.333333 21.333333 0 0 1 21.333334 21.333333v42.666667a21.333333 21.333333 0 0 1-21.333334 21.333333h-810.666666a21.333333 21.333333 0 0 1-21.333334-21.333333v-42.666667a21.333333 21.333333 0 0 1 21.333334-21.333333h810.666666zM294.613333 374.912a25.386667 25.386667 0 0 1 25.258667 22.784l0.128 2.602667v218.325333a25.386667 25.386667 0 0 1-36.053333 23.04l-2.432-1.28-181.077334-109.184a25.344 25.344 0 0 1-2.304-41.898667l2.304-1.578666 181.077334-109.141334a25.301333 25.301333 0 0 1 13.098666-3.626666zM917.333333 469.333333a21.333333 21.333333 0 0 1 21.333334 21.333334v42.666666a21.333333 21.333333 0 0 1-21.333334 21.333334h-426.666666a21.333333 21.333333 0 0 1-21.333334-21.333334v-42.666666a21.333333 21.333333 0 0 1 21.333334-21.333334h426.666666z m0-298.666666a21.333333 21.333333 0 0 1 21.333334 21.333333v42.666667a21.333333 21.333333 0 0 1-21.333334 21.333333h-810.666666a21.333333 21.333333 0 0 1-21.333334-21.333333v-42.666667a21.333333 21.333333 0 0 1 21.333334-21.333333h810.666666z\" fill=\"#1D2129\">\u003C/path>\u003C/symbol>\u003Csymbol id=\"iconactivated-01\" viewBox=\"0 0 1024 1024\">\u003Cpath d=\"M516.266667 60.586667C268.8 60.586667 68.266667 261.12 68.266667 508.586667s200.533333 448 448 448S964.266667 756.053333 964.266667 508.586667 763.733333 60.586667 516.266667 60.586667z m-33.28 653.653333c-63.146667-44.373333-123.733333-88.746667-187.733334-133.973333 12.8-17.066667 23.893333-34.133333 35.84-51.2 44.373333 32.426667 90.453333 64 134.826667 96.426666C539.306667 517.12 612.693333 409.6 686.08 302.08c17.066667 12.8 34.133333 23.893333 51.2 34.986667-83.626667 127.146667-168.106667 250.88-254.293333 377.173333z\" fill=\"#1EB300\">\u003C/path>\u003C/symbol>\u003Csymbol id=\"iconongoing-01\" viewBox=\"0 0 1024 1024\">\u003Cpath d=\"M517.12 59.733333C269.653333 59.733333 69.12 260.266667 69.12 507.733333S269.653333 955.733333 517.12 955.733333s448-200.533333 448-448S764.586667 59.733333 517.12 59.733333zM318.293333 557.226667c-27.306667 0-49.493333-22.186667-49.493333-49.493334s22.186667-49.493333 49.493333-49.493333 49.493333 22.186667 49.493334 49.493333-22.186667 49.493333-49.493334 49.493334z m198.826667 0c-27.306667 0-49.493333-22.186667-49.493333-49.493334s22.186667-49.493333 49.493333-49.493333 49.493333 22.186667 49.493333 49.493333-22.186667 49.493333-49.493333 49.493334z m198.826667 0c-27.306667 0-49.493333-22.186667-49.493334-49.493334s22.186667-49.493333 49.493334-49.493333 49.493333 22.186667 49.493333 49.493333-22.186667 49.493333-49.493333 49.493334z\" fill=\"#0086E6\">\u003C/path>\u003C/symbol>\u003Csymbol id=\"iconfail-01\" viewBox=\"0 0 1024 1024\">\u003Cpath d=\"M510.293333 61.44c-247.466667 0-448 200.533333-448 448s200.533333 448 448 448 448-200.533333 448-448S757.76 61.44 510.293333 61.44z m14.506667 208.213333c19.626667 6.826667 33.28 27.306667 33.28 45.226667-5.12 77.653333-10.24 148.48-15.36 220.16l-3.413333 49.493333c-0.853333 17.92-13.653333 29.866667-29.866667 29.013334-15.36 0-27.306667-12.8-29.013333-29.013334-5.973333-85.333333-12.8-169.813333-18.773334-256.853333-2.56-40.106667 27.306667-68.266667 63.146667-58.026667z m-14.506667 482.133334c-27.306667 0-49.493333-22.186667-49.493333-49.493334s22.186667-49.493333 49.493333-49.493333 49.493333 22.186667 49.493334 49.493333-22.186667 49.493333-49.493334 49.493334z\" fill=\"#C53709\">\u003C/path>\u003C/symbol>\u003Csymbol id=\"iconNot_Enabled-01\" viewBox=\"0 0 1024 1024\">\u003Cpath d=\"M514.56 59.733333C267.093333 59.733333 66.56 260.266667 66.56 507.733333S267.093333 955.733333 514.56 955.733333s448-200.533333 448-448S762.026667 59.733333 514.56 59.733333zM296.96 546.986667v-76.8l434.346667-0.853334v76.8l-434.346667 0.853334z\" fill=\"#333333\">\u003C/path>\u003C/symbol>\u003Csymbol id=\"iconwarning-01\" viewBox=\"0 0 1024 1024\">\u003Cpath d=\"M511.146667 58.88c-247.466667 0-448 200.533333-448 448s200.533333 448 448 448 448-200.533333 448-448S758.613333 58.88 511.146667 58.88z m-38.4 230.4c0-21.333333 17.066667-38.4 38.4-38.4s38.4 17.066667 38.4 38.4v293.546667c0 21.333333-17.92 38.4-38.4 38.4-21.333333 0-38.4-17.066667-38.4-38.4V289.28z m38.4 472.746667c-27.306667 0-49.493333-22.186667-49.493334-49.493334s22.186667-49.493333 49.493334-49.493333 49.493333 22.186667 49.493333 49.493333-22.186667 49.493333-49.493333 49.493334z\" fill=\"#F8AA01\">\u003C/path>\u003C/symbol>\u003Csymbol id=\"iconcheck_the_details1\" viewBox=\"0 0 1024 1024\">\u003Cpath d=\"M785.493333 85.333333a38.613333 38.613333 0 0 1 38.698667 38.826667v349.013333h-77.397333V162.944H205.397333v698.197333h232.064V938.666667H166.656A38.613333 38.613333 0 0 1 128 899.84V124.16A38.826667 38.826667 0 0 1 166.656 85.333333H785.493333z m-96.682666 484.864a154.368 154.368 0 0 1 132.010666 74.154667 155.477333 155.477333 0 0 1 5.76 151.594667l63.744 63.957333a19.413333 19.413333 0 0 1 0 27.392l-32.810666 32.938667a19.328 19.328 0 0 1-27.306667 0l-61.738667-61.866667a154.410667 154.410667 0 0 1-194.816-29.482667 155.306667 155.306667 0 0 1-36.693333-132.821333 155.392 155.392 0 0 1 83.157333-109.738667 154.410667 154.410667 0 0 1 68.693334-16.128z m0 77.568c-20.48 0-40.192 8.149333-54.698667 22.698667a77.653333 77.653333 0 0 0 54.698667 132.437333c20.48 0 40.192-8.149333 54.698666-22.698666a77.653333 77.653333 0 0 0-54.698666-132.437334z m-193.365334-174.549333a19.328 19.328 0 0 1 19.328 19.413333v38.784a19.413333 19.413333 0 0 1-19.328 19.370667H302.037333a19.328 19.328 0 0 1-19.328-19.413333v-38.784a19.413333 19.413333 0 0 1 19.328-19.370667h193.408z m154.709334-155.136a19.328 19.328 0 0 1 19.328 19.370667v38.826666a19.413333 19.413333 0 0 1-19.328 19.370667H302.037333a19.328 19.328 0 0 1-19.328-19.413333V337.493333a19.413333 19.413333 0 0 1 19.328-19.370666h348.117334z\" fill=\"#1D2129\">\u003C/path>\u003C/symbol>\u003Csymbol id=\"iconresize_corner\" viewBox=\"0 0 1024 1024\">\u003Cpath d=\"M138.24 1006.933333L1006.933333 145.92V37.546667L29.013333 1006.933333zM553.813333 1006.933333L1006.933333 553.813333V445.44L444.586667 1006.933333z\" fill=\"#333333\">\u003C/path>\u003C/symbol>\u003Csymbol id=\"iconmore_help_blue\" viewBox=\"0 0 1024 1024\">\u003Cpath d=\"M512 85.333333c235.648 0 426.666667 191.018667 426.666667 426.666667s-191.018667 426.666667-426.666667 426.666667S85.333333 747.648 85.333333 512 276.352 85.333333 512 85.333333z m0 77.568a349.098667 349.098667 0 1 0 0 698.197334 349.098667 349.098667 0 0 0 0-698.197334z m19.370667 504.234667a19.413333 19.413333 0 0 1 19.413333 19.413333V725.333333a19.413333 19.413333 0 0 1-19.413333 19.370667h-38.784a19.370667 19.370667 0 0 1-19.370667-19.370667v-38.826666a19.413333 19.413333 0 0 1 19.413333-19.370667h38.784z m-24.874667-387.84c46.08 0 84.394667 11.136 114.901333 33.450667 30.506667 22.4 45.738667 55.466667 45.738667 99.285333 0 26.88-6.613333 49.493333-19.882667 67.925333-7.765333 11.136-22.613333 25.386667-44.672 42.794667l-21.717333 17.066667c-11.818667 9.301333-19.712 20.181333-23.594667 32.554666-1.024 3.413333-1.962667 9.685333-2.773333 18.901334a19.413333 19.413333 0 0 1-19.285333 17.706666h-43.477334a19.413333 19.413333 0 0 1-19.370666-19.413333v-0.853333l0.085333-0.938667c2.517333-26.965333 5.162667-44.074667 8.021333-51.2 5.333333-13.354667 18.986667-28.714667 41.002667-46.08l22.357333-17.706667c7.338667-5.546667 45.184-32.213333 45.184-55.808s-4.096-32.298667-15.957333-45.226666c-11.818667-12.928-38.528-17.109333-62.592-17.109334-23.68 0-43.904 6.272-53.76 22.186667a112.341333 112.341333 0 0 0-11.050667 23.296c-1.28 3.84-2.176 7.850667-2.816 11.904a19.370667 19.370667 0 0 1-19.114666 16.085333H378.026667a19.370667 19.370667 0 0 1-19.413334-19.370666v-1.066667l0.128-1.109333c0.469333-4.352 0.981333-7.978667 1.536-10.837334 7.552-42.112 26.666667-73.045333 57.429334-92.885333 24.064-15.701333 53.674667-23.594667 88.746666-23.594667z\" fill=\"#3491FA\">\u003C/path>\u003C/symbol>\u003Csymbol id=\"iconInstruction\" viewBox=\"0 0 1024 1024\">\u003Cpath d=\"M899.84 128c10.325333 0 20.181333 4.053333 27.477333 11.264 7.253333 7.168 11.349333 16.938667 11.349334 27.136v691.2a38.186667 38.186667 0 0 1-11.349334 27.136 38.997333 38.997333 0 0 1-27.434666 11.264H124.117333a38.997333 38.997333 0 0 1-27.434666-11.264A38.186667 38.186667 0 0 1 85.333333 857.6V166.4c0-10.197333 4.096-19.968 11.349334-27.136A38.997333 38.997333 0 0 1 124.16 128h775.765333z m-38.741333 76.8H162.901333v614.4h698.197334V204.8z m-336.213334 96.213333l34.432 3.754667a19.498667 19.498667 0 0 1 16.512 13.738667 19.029333 19.029333 0 0 1 0.64 7.466666l-0.085333 0.512-49.834667 360.832a19.157333 19.157333 0 0 1-7.253333 12.544 19.541333 19.541333 0 0 1-14.08 3.925334l-34.432-3.797334a19.541333 19.541333 0 0 1-16.554667-14.08 19.029333 19.029333 0 0 1-0.512-7.594666l49.834667-360.832a19.541333 19.541333 0 0 1 21.333333-16.512zM378.026667 395.989333l24.32 22.357334a19.2 19.2 0 0 1 4.821333 21.077333 19.2 19.2 0 0 1-4.138667 6.4l-66.944 67.754667 66.944 67.712a19.114667 19.114667 0 0 1-0.341333 27.178666l-0.341333 0.341334-24.32 22.357333a19.541333 19.541333 0 0 1-26.965334-0.554667l-103.893333-103.509333a19.114667 19.114667 0 0 1 0-27.093333l103.893333-103.466667a19.498667 19.498667 0 0 1 26.965334-0.554667z m294.997333 0.554667l103.893333 103.466667a19.114667 19.114667 0 0 1 0 27.093333l-103.893333 103.509333a19.498667 19.498667 0 0 1-26.965333 0.554667l-24.32-22.357333a19.2 19.2 0 0 1-0.64-27.52l66.901333-67.712-66.901333-67.754667a19.157333 19.157333 0 0 1 0.64-27.477333l24.32-22.357334a19.498667 19.498667 0 0 1 26.965333 0.554667z\" fill=\"#1D2129\">\u003C/path>\u003C/symbol>\u003Csymbol id=\"iconCombination_of_characters\" viewBox=\"0 0 1024 1024\">\u003Cpath d=\"M320 277.333333a128.042667 128.042667 0 0 1 256 0 128.042667 128.042667 0 0 1-256 0z m128-213.333333a213.333333 213.333333 0 1 0 0.085333 426.752A213.333333 213.333333 0 0 0 448 64zM176 768c18.986667-73.6 85.76-128 165.333333-128h171.733334a21.333333 21.333333 0 0 0 21.333333-21.333333v-42.666667a21.333333 21.333333 0 0 0-21.333333-21.333333H341.333333a256 256 0 0 0-256 256v85.333333c0 23.552 19.2 42.666667 42.666667 42.666667h385.066667a21.333333 21.333333 0 0 0 21.333333-21.333334v-42.666666a21.333333 21.333333 0 0 0-21.333333-21.333334H170.666667v-42.666666c0-14.762667 1.92-29.013333 5.333333-42.666667zM789.333333 597.333333h-42.666666a21.333333 21.333333 0 0 0-21.333334 21.333334V725.333333h-106.666666a21.333333 21.333333 0 0 0-21.333334 21.333334v42.666666a21.333333 21.333333 0 0 0 21.333334 21.333334H725.333333v106.666666a21.333333 21.333333 0 0 0 21.333334 21.333334h42.666666a21.333333 21.333333 0 0 0 21.333334-21.333334V810.666667h106.666666a21.333333 21.333333 0 0 0 21.333334-21.333334v-42.666666a21.333333 21.333333 0 0 0-21.333334-21.333334H810.666667v-106.666666a21.333333 21.333333 0 0 0-21.333334-21.333334z\" fill=\"#1D2129\">\u003C/path>\u003C/symbol>\u003Csymbol id=\"iconPrevious2\" viewBox=\"0 0 1024 1024\">\u003Cpath d=\"M36.693333 190.293333h153.6v651.946667h-153.6zM517.973333 536.746667l432.64 319.146666c17.066667 12.8 40.96 0 40.96-20.48V197.12c0-21.333333-23.893333-33.28-40.96-20.48L517.973333 495.786667c-14.506667 10.24-14.506667 30.72 0 40.96z\" fill=\"#6B7580\">\u003C/path>\u003Cpath d=\"M572.586667 142.506667L189.44 425.813333V605.866667l383.146667 283.306666c17.066667 12.8 41.813333 0 41.813333-21.333333V163.84c0-21.333333-23.893333-33.28-41.813333-21.333333z\" fill=\"#6B7580\">\u003C/path>\u003C/symbol>\u003Csymbol id=\"iconForward2\" viewBox=\"0 0 1024 1024\">\u003Cpath d=\"M56.32 536.746667l477.013333 352.426666c17.066667 12.8 41.813333 0 41.813334-21.333333V163.84c0-21.333333-23.893333-33.28-41.813334-21.333333L56.32 494.933333c-14.506667 11.093333-14.506667 31.573333 0 41.813334z\" fill=\"#6B7580\">\u003C/path>\u003Cpath d=\"M478.72 536.746667l432.64 319.146666c17.066667 12.8 40.96 0 40.96-20.48V197.12c0-21.333333-23.893333-33.28-40.96-20.48L478.72 495.786667c-14.506667 10.24-14.506667 30.72 0 40.96z\" fill=\"#6B7580\">\u003C/path>\u003C/symbol>\u003Csymbol id=\"iconPause2\" viewBox=\"0 0 1024 1024\">\u003Cpath d=\"M284.16 190.293333h153.6v651.946667h-153.6zM574.293333 190.293333h153.6v651.946667h-153.6z\" fill=\"#6B7580\">\u003C/path>\u003C/symbol>\u003Csymbol id=\"iconNext2\" viewBox=\"0 0 1024 1024\">\u003Cpath d=\"M837.12 190.293333h153.6v651.946667h-153.6z\" fill=\"#6B7580\">\u003C/path>\u003Cpath d=\"M932.693333 536.746667l-477.013333 352.426666c-17.066667 12.8-41.813333 0-41.813333-21.333333V163.84c0-21.333333 23.893333-33.28 41.813333-21.333333L932.693333 494.933333c13.653333 11.093333 13.653333 31.573333 0 41.813334z\" fill=\"#6B7580\">\u003C/path>\u003Cpath d=\"M510.293333 536.746667L77.653333 855.893333c-17.066667 12.8-40.96 0-40.96-20.48V197.12c0-21.333333 23.893333-33.28 40.96-20.48l432.64 319.146667a25.6 25.6 0 0 1 0 40.96z\" fill=\"#6B7580\">\u003C/path>\u003C/symbol>\u003Csymbol id=\"iconReverse2\" viewBox=\"0 0 1024 1024\">\u003Cpath d=\"M966.826667 536.746667l-477.013334 352.426666c-17.066667 12.8-41.813333 0-41.813333-21.333333V163.84c0-21.333333 23.893333-33.28 41.813333-21.333333L966.826667 494.933333c13.653333 11.093333 13.653333 31.573333 0 41.813334z\" fill=\"#6B7580\">\u003C/path>\u003Cpath d=\"M544.426667 536.746667l-432.64 319.146666c-17.066667 12.8-40.96 0-40.96-20.48V197.12c0-21.333333 23.893333-33.28 40.96-20.48l432.64 319.146667a25.6 25.6 0 0 1 0 40.96z\" fill=\"#6B7580\">\u003C/path>\u003C/symbol>\u003Csymbol id=\"iconPlay2\" viewBox=\"0 0 1024 1024\">\u003Cpath d=\"M229.546667 532.48l477.013333 352.426667c17.066667 12.8 41.813333 0 41.813333-21.333334V159.573333c0-21.333333-23.893333-33.28-41.813333-21.333333L229.546667 490.666667c-13.653333 10.24-13.653333 31.573333 0 41.813333z\" fill=\"#6B7580\">\u003C/path>\u003C/symbol>\u003Csymbol id=\"iconicon_wifi4_enabled\" viewBox=\"0 0 1024 1024\">\u003Cpath d=\"M514.497561 510.75122m-485.77561 0a485.77561 485.77561 0 1 0 971.55122 0 485.77561 485.77561 0 1 0-971.55122 0Z\" fill=\"#FFFFFF\">\u003C/path>\u003Cpath d=\"M516.995122 821.697561c-4.995122 0-14.985366-8.741463-32.468293-24.97561-17.482927-17.482927-24.97561-28.721951-24.975609-32.468292 0-7.492683 7.492683-13.736585 22.478048-18.731708 14.985366-4.995122 26.22439-7.492683 36.214634-7.492683s22.478049 2.497561 36.214635 7.492683 22.478049 12.487805 22.478048 18.731708c0 4.995122-8.741463 14.985366-24.975609 32.468292-18.731707 16.234146-29.970732 24.97561-34.965854 24.97561zM608.156098 715.55122c-1.24878 0-4.995122-2.497561-13.736586-8.741464-8.741463-4.995122-21.229268-12.487805-36.214634-17.482927-14.985366-4.995122-29.970732-8.741463-44.956098-8.741463-14.985366 0-29.970732 2.497561-44.956097 8.741463-14.985366 4.995122-26.22439 12.487805-36.214634 17.482927-8.741463 4.995122-13.736585 8.741463-14.985366 8.741464-4.995122 0-14.985366-8.741463-32.468293-26.224391-17.482927-17.482927-26.22439-28.721951-26.22439-32.468292 0-2.497561 1.24878-4.995122 3.746341-8.741464 18.731707-18.731707 41.209756-32.468293 68.682927-42.458536 27.473171-9.990244 54.946341-14.985366 82.419512-14.985366 27.473171 0 53.697561 4.995122 82.419513 14.985366 27.473171 9.990244 49.95122 24.97561 68.682927 42.458536 2.497561 2.497561 3.746341 4.995122 3.746341 8.741464 0 4.995122-8.741463 14.985366-26.22439 32.468292-18.731707 16.234146-29.970732 26.22439-33.717073 26.224391z\" fill=\"#0567FF\">\u003C/path>\u003Cpath d=\"M708.058537 596.917073c-2.497561 0-4.995122-1.24878-8.741464-2.497561-32.468293-24.97561-61.190244-42.458537-88.663414-54.946341-27.473171-12.487805-58.692683-17.482927-93.658537-17.482927-19.980488 0-39.960976 2.497561-59.941463 7.492683-19.980488 4.995122-37.463415 11.239024-52.448781 18.731707s-28.721951 14.985366-39.960976 22.478049-19.980488 12.487805-27.47317 16.234146c-6.243902 4.995122-9.990244 7.492683-11.239025 7.492683-3.746341 0-14.985366-8.741463-32.468292-26.22439-17.482927-17.482927-26.22439-28.721951-26.224391-32.468293 0-2.497561 1.24878-4.995122 3.746342-7.492683 31.219512-31.219512 68.682927-54.946341 112.390244-72.429268 43.707317-17.482927 88.663415-24.97561 133.619512-24.97561s89.912195 8.741463 133.619512 24.97561c43.707317 17.482927 81.170732 41.209756 112.390244 72.429268 2.497561 2.497561 3.746341 4.995122 3.746342 7.492683 0 4.995122-8.741463 14.985366-26.224391 32.468293-17.482927 18.731707-28.721951 28.721951-32.468292 28.721951z\" fill=\"#0567FF\">\u003C/path>\u003Cpath d=\"M799.219512 478.282927c-2.497561 0-4.995122-1.24878-7.492683-2.497561-42.458537-36.214634-86.165854-64.936585-131.121951-83.668293-44.956098-18.731707-93.658537-28.721951-147.356098-28.721951s-103.64878 8.741463-147.356097 28.721951c-44.956098 18.731707-88.663415 46.204878-131.121951 83.668293-2.497561 1.24878-4.995122 2.497561-7.492683 2.497561-3.746341 0-14.985366-8.741463-32.468293-26.22439-18.731707-17.482927-26.22439-28.721951-26.22439-32.468293 0-2.497561 1.24878-4.995122 3.746341-8.741464 42.458537-43.707317 94.907317-77.42439 156.097561-101.151219S449.560976 274.731707 513.24878 274.731707s124.878049 12.487805 184.819513 36.214634c59.941463 23.726829 112.390244 57.443902 156.097561 101.15122 2.497561 2.497561 3.746341 4.995122 3.746341 8.741463 0 4.995122-8.741463 14.985366-26.22439 32.468293-18.731707 16.234146-28.721951 24.97561-32.468293 24.97561z\" fill=\"#0567FF\">\u003C/path>\u003C/symbol>\u003Csymbol id=\"iconicon_wifi0_enabled\" viewBox=\"0 0 1024 1024\">\u003Cpath d=\"M514.497561 510.75122m-485.77561 0a485.77561 485.77561 0 1 0 971.55122 0 485.77561 485.77561 0 1 0-971.55122 0Z\" fill=\"#FFFFFF\">\u003C/path>\u003Cpath d=\"M516.995122 821.697561c-4.995122 0-14.985366-8.741463-32.468293-24.97561-17.482927-17.482927-24.97561-28.721951-24.975609-32.468292 0-7.492683 7.492683-13.736585 22.478048-18.731708 14.985366-4.995122 26.22439-7.492683 36.214634-7.492683s22.478049 2.497561 36.214635 7.492683 22.478049 12.487805 22.478048 18.731708c0 4.995122-8.741463 14.985366-24.975609 32.468292-18.731707 16.234146-29.970732 24.97561-34.965854 24.97561z\" fill=\"#0567FF\">\u003C/path>\u003Cpath d=\"M608.156098 715.55122c-1.24878 0-4.995122-2.497561-13.736586-8.741464-8.741463-4.995122-21.229268-12.487805-36.214634-17.482927-14.985366-4.995122-29.970732-8.741463-44.956098-8.741463-14.985366 0-29.970732 2.497561-44.956097 8.741463-14.985366 4.995122-26.22439 12.487805-36.214634 17.482927-8.741463 4.995122-13.736585 8.741463-14.985366 8.741464-4.995122 0-14.985366-8.741463-32.468293-26.224391-17.482927-17.482927-26.22439-28.721951-26.22439-32.468292 0-2.497561 1.24878-4.995122 3.746341-8.741464 18.731707-18.731707 41.209756-32.468293 68.682927-42.458536 27.473171-9.990244 54.946341-14.985366 82.419512-14.985366 27.473171 0 53.697561 4.995122 82.419513 14.985366 27.473171 9.990244 49.95122 24.97561 68.682927 42.458536 2.497561 2.497561 3.746341 4.995122 3.746341 8.741464 0 4.995122-8.741463 14.985366-26.22439 32.468292-18.731707 16.234146-29.970732 26.22439-33.717073 26.224391z\" fill=\"#CCCCCC\">\u003C/path>\u003Cpath d=\"M708.058537 596.917073c-2.497561 0-4.995122-1.24878-8.741464-2.497561-32.468293-24.97561-61.190244-42.458537-88.663414-54.946341-27.473171-12.487805-58.692683-17.482927-93.658537-17.482927-19.980488 0-39.960976 2.497561-59.941463 7.492683-19.980488 4.995122-37.463415 11.239024-52.448781 18.731707s-28.721951 14.985366-39.960976 22.478049-19.980488 12.487805-27.47317 16.234146c-6.243902 4.995122-9.990244 7.492683-11.239025 7.492683-3.746341 0-14.985366-8.741463-32.468292-26.22439-17.482927-17.482927-26.22439-28.721951-26.224391-32.468293 0-2.497561 1.24878-4.995122 3.746342-7.492683 31.219512-31.219512 68.682927-54.946341 112.390244-72.429268 43.707317-17.482927 88.663415-24.97561 133.619512-24.97561s89.912195 8.741463 133.619512 24.97561c43.707317 17.482927 81.170732 41.209756 112.390244 72.429268 2.497561 2.497561 3.746341 4.995122 3.746342 7.492683 0 4.995122-8.741463 14.985366-26.224391 32.468293-17.482927 18.731707-28.721951 28.721951-32.468292 28.721951z\" fill=\"#CCCCCC\">\u003C/path>\u003Cpath d=\"M799.219512 478.282927c-2.497561 0-4.995122-1.24878-7.492683-2.497561-42.458537-36.214634-86.165854-64.936585-131.121951-83.668293-44.956098-18.731707-93.658537-28.721951-147.356098-28.721951s-103.64878 8.741463-147.356097 28.721951c-44.956098 18.731707-88.663415 46.204878-131.121951 83.668293-2.497561 1.24878-4.995122 2.497561-7.492683 2.497561-3.746341 0-14.985366-8.741463-32.468293-26.22439-18.731707-17.482927-26.22439-28.721951-26.22439-32.468293 0-2.497561 1.24878-4.995122 3.746341-8.741464 42.458537-43.707317 94.907317-77.42439 156.097561-101.151219S449.560976 274.731707 513.24878 274.731707s124.878049 12.487805 184.819513 36.214634c59.941463 23.726829 112.390244 57.443902 156.097561 101.15122 2.497561 2.497561 3.746341 4.995122 3.746341 8.741463 0 4.995122-8.741463 14.985366-26.22439 32.468293-18.731707 16.234146-28.721951 24.97561-32.468293 24.97561z\" fill=\"#CCCCCC\">\u003C/path>\u003C/symbol>\u003Csymbol id=\"iconicon_wifi2_enabled\" viewBox=\"0 0 1024 1024\">\u003Cpath d=\"M514.497561 510.75122m-485.77561 0a485.77561 485.77561 0 1 0 971.55122 0 485.77561 485.77561 0 1 0-971.55122 0Z\" fill=\"#FFFFFF\">\u003C/path>\u003Cpath d=\"M516.995122 821.697561c-4.995122 0-14.985366-8.741463-32.468293-24.97561-17.482927-17.482927-24.97561-28.721951-24.975609-32.468292 0-7.492683 7.492683-13.736585 22.478048-18.731708 14.985366-4.995122 26.22439-7.492683 36.214634-7.492683s22.478049 2.497561 36.214635 7.492683 22.478049 12.487805 22.478048 18.731708c0 4.995122-8.741463 14.985366-24.975609 32.468292-18.731707 16.234146-29.970732 24.97561-34.965854 24.97561zM608.156098 715.55122c-1.24878 0-4.995122-2.497561-13.736586-8.741464-8.741463-4.995122-21.229268-12.487805-36.214634-17.482927-14.985366-4.995122-29.970732-8.741463-44.956098-8.741463-14.985366 0-29.970732 2.497561-44.956097 8.741463-14.985366 4.995122-26.22439 12.487805-36.214634 17.482927-8.741463 4.995122-13.736585 8.741463-14.985366 8.741464-4.995122 0-14.985366-8.741463-32.468293-26.224391-17.482927-17.482927-26.22439-28.721951-26.22439-32.468292 0-2.497561 1.24878-4.995122 3.746341-8.741464 18.731707-18.731707 41.209756-32.468293 68.682927-42.458536 27.473171-9.990244 54.946341-14.985366 82.419512-14.985366 27.473171 0 53.697561 4.995122 82.419513 14.985366 27.473171 9.990244 49.95122 24.97561 68.682927 42.458536 2.497561 2.497561 3.746341 4.995122 3.746341 8.741464 0 4.995122-8.741463 14.985366-26.22439 32.468292-18.731707 16.234146-29.970732 26.22439-33.717073 26.224391z\" fill=\"#0567FF\">\u003C/path>\u003Cpath d=\"M708.058537 596.917073c-2.497561 0-4.995122-1.24878-8.741464-2.497561-32.468293-24.97561-61.190244-42.458537-88.663414-54.946341-27.473171-12.487805-58.692683-17.482927-93.658537-17.482927-19.980488 0-39.960976 2.497561-59.941463 7.492683-19.980488 4.995122-37.463415 11.239024-52.448781 18.731707s-28.721951 14.985366-39.960976 22.478049-19.980488 12.487805-27.47317 16.234146c-6.243902 4.995122-9.990244 7.492683-11.239025 7.492683-3.746341 0-14.985366-8.741463-32.468292-26.22439-17.482927-17.482927-26.22439-28.721951-26.224391-32.468293 0-2.497561 1.24878-4.995122 3.746342-7.492683 31.219512-31.219512 68.682927-54.946341 112.390244-72.429268 43.707317-17.482927 88.663415-24.97561 133.619512-24.97561s89.912195 8.741463 133.619512 24.97561c43.707317 17.482927 81.170732 41.209756 112.390244 72.429268 2.497561 2.497561 3.746341 4.995122 3.746342 7.492683 0 4.995122-8.741463 14.985366-26.224391 32.468293-17.482927 18.731707-28.721951 28.721951-32.468292 28.721951z\" fill=\"#0567FF\">\u003C/path>\u003Cpath d=\"M799.219512 478.282927c-2.497561 0-4.995122-1.24878-7.492683-2.497561-42.458537-36.214634-86.165854-64.936585-131.121951-83.668293-44.956098-18.731707-93.658537-28.721951-147.356098-28.721951s-103.64878 8.741463-147.356097 28.721951c-44.956098 18.731707-88.663415 46.204878-131.121951 83.668293-2.497561 1.24878-4.995122 2.497561-7.492683 2.497561-3.746341 0-14.985366-8.741463-32.468293-26.22439-18.731707-17.482927-26.22439-28.721951-26.22439-32.468293 0-2.497561 1.24878-4.995122 3.746341-8.741464 42.458537-43.707317 94.907317-77.42439 156.097561-101.151219S449.560976 274.731707 513.24878 274.731707s124.878049 12.487805 184.819513 36.214634c59.941463 23.726829 112.390244 57.443902 156.097561 101.15122 2.497561 2.497561 3.746341 4.995122 3.746341 8.741463 0 4.995122-8.741463 14.985366-26.22439 32.468293-18.731707 16.234146-28.721951 24.97561-32.468293 24.97561z\" fill=\"#CCCCCC\">\u003C/path>\u003C/symbol>\u003Csymbol id=\"iconicon_wifi1_enabled\" viewBox=\"0 0 1024 1024\">\u003Cpath d=\"M514.497561 510.75122m-485.77561 0a485.77561 485.77561 0 1 0 971.55122 0 485.77561 485.77561 0 1 0-971.55122 0Z\" fill=\"#FFFFFF\">\u003C/path>\u003Cpath d=\"M516.995122 821.697561c-4.995122 0-14.985366-8.741463-32.468293-24.97561-17.482927-17.482927-24.97561-28.721951-24.975609-32.468292 0-7.492683 7.492683-13.736585 22.478048-18.731708 14.985366-4.995122 26.22439-7.492683 36.214634-7.492683s22.478049 2.497561 36.214635 7.492683 22.478049 12.487805 22.478048 18.731708c0 4.995122-8.741463 14.985366-24.975609 32.468292-18.731707 16.234146-29.970732 24.97561-34.965854 24.97561zM608.156098 715.55122c-1.24878 0-4.995122-2.497561-13.736586-8.741464-8.741463-4.995122-21.229268-12.487805-36.214634-17.482927-14.985366-4.995122-29.970732-8.741463-44.956098-8.741463-14.985366 0-29.970732 2.497561-44.956097 8.741463-14.985366 4.995122-26.22439 12.487805-36.214634 17.482927-8.741463 4.995122-13.736585 8.741463-14.985366 8.741464-4.995122 0-14.985366-8.741463-32.468293-26.224391-17.482927-17.482927-26.22439-28.721951-26.22439-32.468292 0-2.497561 1.24878-4.995122 3.746341-8.741464 18.731707-18.731707 41.209756-32.468293 68.682927-42.458536 27.473171-9.990244 54.946341-14.985366 82.419512-14.985366 27.473171 0 53.697561 4.995122 82.419513 14.985366 27.473171 9.990244 49.95122 24.97561 68.682927 42.458536 2.497561 2.497561 3.746341 4.995122 3.746341 8.741464 0 4.995122-8.741463 14.985366-26.22439 32.468292-18.731707 16.234146-29.970732 26.22439-33.717073 26.224391z\" fill=\"#0567FF\">\u003C/path>\u003Cpath d=\"M708.058537 596.917073c-2.497561 0-4.995122-1.24878-8.741464-2.497561-32.468293-24.97561-61.190244-42.458537-88.663414-54.946341-27.473171-12.487805-58.692683-17.482927-93.658537-17.482927-19.980488 0-39.960976 2.497561-59.941463 7.492683-19.980488 4.995122-37.463415 11.239024-52.448781 18.731707s-28.721951 14.985366-39.960976 22.478049-19.980488 12.487805-27.47317 16.234146c-6.243902 4.995122-9.990244 7.492683-11.239025 7.492683-3.746341 0-14.985366-8.741463-32.468292-26.22439-17.482927-17.482927-26.22439-28.721951-26.224391-32.468293 0-2.497561 1.24878-4.995122 3.746342-7.492683 31.219512-31.219512 68.682927-54.946341 112.390244-72.429268 43.707317-17.482927 88.663415-24.97561 133.619512-24.97561s89.912195 8.741463 133.619512 24.97561c43.707317 17.482927 81.170732 41.209756 112.390244 72.429268 2.497561 2.497561 3.746341 4.995122 3.746342 7.492683 0 4.995122-8.741463 14.985366-26.224391 32.468293-17.482927 18.731707-28.721951 28.721951-32.468292 28.721951z\" fill=\"#CCCCCC\">\u003C/path>\u003Cpath d=\"M799.219512 478.282927c-2.497561 0-4.995122-1.24878-7.492683-2.497561-42.458537-36.214634-86.165854-64.936585-131.121951-83.668293-44.956098-18.731707-93.658537-28.721951-147.356098-28.721951s-103.64878 8.741463-147.356097 28.721951c-44.956098 18.731707-88.663415 46.204878-131.121951 83.668293-2.497561 1.24878-4.995122 2.497561-7.492683 2.497561-3.746341 0-14.985366-8.741463-32.468293-26.22439-18.731707-17.482927-26.22439-28.721951-26.22439-32.468293 0-2.497561 1.24878-4.995122 3.746341-8.741464 42.458537-43.707317 94.907317-77.42439 156.097561-101.151219S449.560976 274.731707 513.24878 274.731707s124.878049 12.487805 184.819513 36.214634c59.941463 23.726829 112.390244 57.443902 156.097561 101.15122 2.497561 2.497561 3.746341 4.995122 3.746341 8.741463 0 4.995122-8.741463 14.985366-26.22439 32.468293-18.731707 16.234146-28.721951 24.97561-32.468293 24.97561z\" fill=\"#CCCCCC\">\u003C/path>\u003C/symbol>\u003Csymbol id=\"iconBig_ico\" viewBox=\"0 0 1024 1024\">\u003Cpath d=\"M861.098667 128H162.901333a32.042667 32.042667 0 0 0-24.661333 12.501333C131.669333 148.48 128 159.36 128 170.666667v682.666666c0 11.306667 3.669333 22.186667 10.24 30.165334a32.042667 32.042667 0 0 0 24.661333 12.501333h698.197334a32.042667 32.042667 0 0 0 24.661333-12.501333c6.570667-7.978667 10.24-18.858667 10.24-30.165334V170.666667c0-11.306667-3.669333-22.186667-10.24-30.165334A32.042667 32.042667 0 0 0 861.098667 128zM197.802667 810.666667V213.333333h628.394666v597.333334H197.802667z\" fill=\"#1D2129\">\u003C/path>\u003C/symbol>\u003Csymbol id=\"iconmore_help-2\" viewBox=\"0 0 1024 1024\">\u003Cpath d=\"M512 85.333333C276.352 85.333333 85.333333 276.352 85.333333 512s191.018667 426.666667 426.666667 426.666667 426.666667-191.018667 426.666667-426.666667S747.733333 85.333333 512 85.333333z m-13.653333 684.544c-27.264 0-49.493333-22.613333-49.493334-50.432a49.92 49.92 0 0 1 49.493334-50.432c27.306667 0 49.493333 22.528 49.493333 50.432 0 27.904-22.186667 50.432-49.493333 50.432z m138.154666-316.757333a137.557333 137.557333 0 0 1-24.405333 33.706667c-9.386667 9.472-26.24 25.386667-50.602667 47.701333a207.829333 207.829333 0 0 0-16.128 16.64 74.069333 74.069333 0 0 0-9.088 13.098667 60.501333 60.501333 0 0 0-4.565333 11.989333c-1.024 4.053333-2.688 10.965333-4.821333 20.906667-3.754667 21.12-15.616 31.658667-35.328 31.658666a35.029333 35.029333 0 0 1-25.941334-10.410666c-7.04-6.912-10.538667-17.152-10.538666-30.890667 0-17.066667 2.56-31.914667 7.722666-44.416 5.205333-12.501333 11.989333-23.466667 20.48-32.981333 8.448-9.386667 19.925333-20.736 34.389334-33.664 12.714667-11.349333 21.802667-19.925333 27.392-25.813334 5.674667-5.802667 10.410667-12.202667 14.250666-19.413333a48.213333 48.213333 0 0 0 5.802667-23.253333c0-16.213333-5.888-29.952-17.664-41.130667-11.776-11.136-27.008-16.853333-45.568-16.853333-21.802667 0-37.802667 5.717333-48.042667 16.938666-10.325333 11.264-19.029333 27.904-26.026666 49.834667-6.741333 23.04-19.541333 34.474667-38.357334 34.474667a37.546667 37.546667 0 0 1-28.074666-11.946667c-7.68-8.106667-11.477333-16.768-11.477334-26.026667 0-19.370667 5.973333-38.869333 18.090667-58.709333 11.946667-19.84 29.653333-36.266667 52.778667-49.28 23.125333-13.013333 50.090667-19.541333 80.981333-19.541333 28.629333 0 54.058667 5.504 75.946667 16.341333 22.016 10.837333 38.954667 25.728 50.944 44.416 11.946667 18.688 17.962667 39.04 17.962666 61.056 0.085333 17.237333-3.2 32.426667-10.112 45.568z\" fill=\"#1D2129\">\u003C/path>\u003C/symbol>\u003Csymbol id=\"iconReboot1\" viewBox=\"0 0 1024 1024\">\u003Cpath d=\"M405.333333 426.666667a21.333333 21.333333 0 0 0 21.333334-21.333334v-42.666666a21.333333 21.333333 0 0 0-21.333334-21.333334H266.88a298.666667 298.666667 0 1 1-41.173333 256H137.514667c38.826667 171.050667 191.744 298.666667 374.485333 298.666667A384 384 0 1 0 213.333333 270.634667V149.333333a21.333333 21.333333 0 0 0-21.333333-21.333333h-42.666667a21.333333 21.333333 0 0 0-21.333333 21.333333V384a42.666667 42.666667 0 0 0 39.466667 42.538667L170.666667 426.666667h234.666666z\" fill=\"#1D2129\">\u003C/path>\u003C/symbol>\u003Csymbol id=\"iconLogout-21\" viewBox=\"0 0 1024 1024\">\u003Cpath d=\"M849.322667 730.282667h-68.352a15.018667 15.018667 0 0 0-11.946667 5.717333 344.96 344.96 0 0 1-118.741333 93.866667 338.048 338.048 0 0 1-146.602667 33.28 336.768 336.768 0 0 1-131.84-26.581334 342.528 342.528 0 0 1-111.701333-76.245333 350.933333 350.933333 0 0 1-73.898667-111.658667A354.048 354.048 0 0 1 159.274667 512a355.882667 355.882667 0 0 1 26.112-134.4A350.08 350.08 0 0 1 260.138667 263.68a343.552 343.552 0 0 1 111.744-76.202667 337.834667 337.834667 0 0 1 131.797333-26.709333 338.090667 338.090667 0 0 1 146.602667 33.28 344.96 344.96 0 0 1 118.741333 93.866667 15.274667 15.274667 0 0 0 11.946667 5.76h68.352a7.893333 7.893333 0 0 0 6.485333-12.202667 421.674667 421.674667 0 0 0-152.021333-144.213333A411.349333 411.349333 0 0 0 502.613333 85.333333a410.069333 410.069333 0 0 0-160.853333 32.981334 417.066667 417.066667 0 0 0-135.936 93.653333c-38.826667 40.106667-69.418667 87.637333-90.112 139.904a433.92 433.92 0 0 0-30.336 164.565333 431.317333 431.317333 0 0 0 124.117333 298.88A413.866667 413.866667 0 0 0 503.68 938.666667a411.52 411.52 0 0 0 200.618667-52.181334 421.76 421.76 0 0 0 151.466666-144.042666 8.106667 8.106667 0 0 0 0.256-7.978667 7.893333 7.893333 0 0 0-6.698666-4.138667v-0.042666z m86.4-224.554667L797.738667 394.666667a7.68 7.68 0 0 0-11.434667 2.005333 8.106667 8.106667 0 0 0-1.194667 4.224v75.434667H480a7.68 7.68 0 0 0-5.504 2.304 8.021333 8.021333 0 0 0-2.261333 5.632v55.552c0 4.309333 3.498667 7.893333 7.765333 7.893333h305.152v75.434667c0 6.656 7.594667 10.410667 12.629333 6.229333l137.984-111.146667a7.936 7.936 0 0 0 2.133334-9.685333 7.978667 7.978667 0 0 0-2.133334-2.773333z\" fill=\"#1D2129\">\u003C/path>\u003C/symbol>\u003Csymbol id=\"iconFeedbackl\" viewBox=\"0 0 1024 1024\">\u003Cpath d=\"M896 85.333333c23.552 0 42.666667 19.498667 42.666667 43.562667V746.24a43.093333 43.093333 0 0 1-42.666667 43.562667h-213.333333l-140.501334 136.106666a41.984 41.984 0 0 1-60.330666 0L341.333333 789.802667H128c-23.594667 0-42.666667-19.498667-42.666667-43.562667V128.896A43.093333 43.093333 0 0 1 128 85.333333h768z m-42.666667 85.333334H170.666667v533.76h206.037333L512 832l135.296-127.573333H853.333333V170.666667z m-277.333333 298.666666a21.333333 21.333333 0 0 1 21.333333 21.333334v42.666666a21.333333 21.333333 0 0 1-21.333333 21.333334h-298.666667a21.333333 21.333333 0 0 1-21.333333-21.333334v-42.666666a21.333333 21.333333 0 0 1 21.333333-21.333334h298.666667z m170.666667-170.666666a21.333333 21.333333 0 0 1 21.333333 21.333333v42.666667a21.333333 21.333333 0 0 1-21.333333 21.333333h-469.333334a21.333333 21.333333 0 0 1-21.333333-21.333333v-42.666667a21.333333 21.333333 0 0 1 21.333333-21.333333h469.333334z\" fill=\"#1D2129\">\u003C/path>\u003C/symbol>\u003Csymbol id=\"iconvirtual_machine\" viewBox=\"0 0 1024 1024\">\u003Cpath d=\"M846.506667 365.226667c-10.24 0.853333-52.906667 1.706667-96.426667 1.706666H121.173333c-43.52 0-86.186667-0.853333-96.426666-1.706666S5.973333 334.506667 5.973333 302.933333c0-30.72 4.266667-58.88 9.386667-61.44 3.413333-0.853333 62.293333-2.56 105.813333-2.56h701.44c2.56 0 12.8 0.853333 23.04 1.706667s18.773333 11.946667 18.773334 21.333333v57.173334c1.706667 22.186667-6.826667 44.373333-17.92 46.08z\" fill=\"#FFE9B4\">\u003C/path>\u003Cpath d=\"M436.906667 401.92H5.12V206.506667c0-20.48 18.773333-36.693333 36.693333-36.693334h295.253334c18.773333 0 30.72 9.386667 35.84 26.453334l64 205.653333z\" fill=\"#FFB02C\">\u003C/path>\u003Cpath d=\"M940.373333 482.986667H685.226667c-43.52 0-79.36 34.986667-79.36 79.36v13.653333c-32.426667 0-59.733333 27.306667-59.733334 60.586667v254.293333c0 33.28 26.453333 60.586667 60.586667 60.586667H861.866667c31.573333 0 58.026667-24.746667 60.586666-56.32h17.066667c43.52 0 79.36-34.986667 79.36-79.36V562.346667c0.853333-43.52-34.986667-79.36-78.506667-79.36z m41.813334 334.506666c0 23.04-18.773333 42.666667-42.666667 42.666667h-17.066667V636.586667c0-33.28-27.306667-60.586667-61.44-60.586667H643.413333v-13.653333c0-23.04 18.773333-42.666667 42.666667-42.666667h254.293333c23.04 0 42.666667 18.773333 42.666667 42.666667-0.853333 0-0.853333 255.146667-0.853333 255.146666z\" fill=\"#0644B2\">\u003C/path>\u003Cpath d=\"M519.68 855.04V626.346667s-9.386667-67.413333 59.733333-73.386667c0 0-11.093333-71.68 62.293334-91.306667 0 0 3.413333-1.706667 12.8-1.706666h212.48V326.826667c0.853333-19.626667-15.36-36.693333-36.693334-36.693334H43.52c-11.946667 0-24.746667 6.826667-31.573333 17.92-4.266667 5.973333-6.826667 12.8-6.826667 20.48V819.2c0 20.48 18.773333 36.693333 36.693333 36.693333h459.093334l-1.706667-1.706666 20.48 0.853333z\" fill=\"#FFCA28\">\u003C/path>\u003C/symbol>\u003Csymbol id=\"iconcamera\" viewBox=\"0 0 1024 1024\">\u003Cpath d=\"M517.973333 913.066667c-228.693333 0-420.693333-178.346667-436.906666-405.333334l-3.413334-41.813333h880.64l-2.56 41.813333C938.666667 735.573333 745.813333 913.066667 517.973333 913.066667zM164.693333 544.426667c32.426667 166.4 180.053333 290.133333 353.28 290.133333s320.853333-123.733333 353.28-290.133333H164.693333z\" fill=\"#333333\">\u003C/path>\u003Cpath d=\"M517.973333 809.813333c-66.56 0-120.32-54.613333-120.32-120.32S452.266667 569.173333 517.973333 569.173333 638.293333 622.933333 638.293333 689.493333s-53.76 120.32-120.32 120.32z m0-171.52c-28.16 0-50.346667 23.04-50.346666 50.346667s23.04 50.346667 50.346666 50.346667 50.346667-23.04 50.346667-50.346667-22.186667-50.346667-50.346667-50.346667zM936.96 544.426667H98.133333c-40.96 0-74.24-33.28-74.24-74.24v-204.8c0-40.96 33.28-74.24 74.24-74.24h837.973334c40.96 0 74.24 33.28 74.24 74.24v204.8c1.706667 40.96-32.426667 74.24-73.386667 74.24zM102.4 465.92h830.293333v-196.266667H102.4v196.266667z\" fill=\"#333333\">\u003C/path>\u003C/symbol>\u003Csymbol id=\"iconShut_down\" viewBox=\"0 0 1024 1024\">\u003Cpath d=\"M682.666667 177.92c150.698667 61.226667 256 201.130667 256 363.861333C938.666667 760.96 747.648 938.666667 512 938.666667S85.333333 760.96 85.333333 541.781333c0-162.773333 105.301333-302.634667 256-363.904v88.832c-102.016 54.912-170.666667 157.525333-170.666666 275.072 0 175.36 152.832 317.525333 341.333333 317.525334 188.544 0 341.333333-142.165333 341.333333-317.525334 0-117.546667-68.650667-220.16-170.666666-275.072V177.92z m-213.333334 363.861333V105.173333a19.2 19.2 0 0 1 6.229334-14.037333A22.186667 22.186667 0 0 1 490.666667 85.333333h42.666666a22.186667 22.186667 0 0 1 15.104 5.802667 19.2 19.2 0 0 1 6.229334 14.08v436.565333a19.2 19.2 0 0 1-6.229334 14.037334 22.186667 22.186667 0 0 1-15.104 5.802666h-42.666666a22.186667 22.186667 0 0 1-15.104-5.802666 19.2 19.2 0 0 1-6.229334-14.08z\" fill=\"#1D2129\">\u003C/path>\u003C/symbol>\u003Csymbol id=\"iconfast_forward\" viewBox=\"0 0 1024 1024\">\u003Cpath d=\"M610.602667 489.088L228.138667 95.146667a32 32 0 0 0-42.453334-3.072l-3.413333 3.072-45.013333 46.378666a32.853333 32.853333 0 0 0 0 45.781334L452.565333 512l-315.264 324.778667a32.853333 32.853333 0 0 0 0 45.781333l45.013334 46.378667a32 32 0 0 0 42.453333 3.072l3.413333-3.072 382.464-394.069334a32.853333 32.853333 0 0 0 0-45.781333z m318.805333 0L546.944 95.146667a32 32 0 0 0-42.496-3.072l-3.413333 3.072-44.970667 46.378666a32.853333 32.853333 0 0 0 0 45.781334L771.285333 512l-315.221333 324.778667a32.853333 32.853333 0 0 0 0 45.781333l45.013333 46.378667a32 32 0 0 0 42.453334 3.072l3.413333-3.072 382.464-394.069334a32.853333 32.853333 0 0 0 0-45.781333z\" fill=\"#1D2129\">\u003C/path>\u003C/symbol>\u003Csymbol id=\"iconrewind\" viewBox=\"0 0 1024 1024\">\u003Cpath d=\"M567.936 882.56a32.853333 32.853333 0 0 0 0-45.781333L252.714667 512l315.221333-324.778667a32.853333 32.853333 0 0 0 0-45.781333l-45.013333-46.378667a32.128 32.128 0 0 0-35.328-7.168 32.128 32.128 0 0 0-10.496 7.168l-382.506667 394.069334a32.853333 32.853333 0 0 0 0 45.781333l382.464 394.026667a32.170667 32.170667 0 0 0 22.912 9.728 31.872 31.872 0 0 0 22.954667-9.728l45.013333-46.378667z m318.805333-45.781333L571.477333 512l315.264-324.778667a32.853333 32.853333 0 0 0 0-45.781333l-45.056-46.378667A32.128 32.128 0 0 0 818.773333 85.333333a31.744 31.744 0 0 0-22.912 9.728l-382.464 394.069334a32.853333 32.853333 0 0 0 0 45.781333l382.464 394.026667a32.170667 32.170667 0 0 0 22.912 9.728 31.872 31.872 0 0 0 22.912-9.728l45.056-46.378667a32.853333 32.853333 0 0 0 0-45.781333z\" fill=\"#1D2129\">\u003C/path>\u003C/symbol>\u003Csymbol id=\"iconmute\" viewBox=\"0 0 1024 1024\">\u003Cpath d=\"M114.909867 110.08l58.3936-49.877333 693.3504 811.639466-58.3936 49.877334zM772.266667 277.333333c0.853333 0.853333 110.08 85.333333 118.613333 214.186667 4.266667 65.706667-17.92 133.12-67.413333 199.68l52.053333 60.586667c68.266667-86.186667 99.84-174.933333 93.013333-264.533334-11.093333-163.84-143.36-266.24-149.333333-270.506666-17.066667-13.653333-40.96-10.24-53.76 6.826666-13.653333 17.066667-10.24 40.96 6.826667 53.76z\" fill=\"#333333\">\u003C/path>\u003Cpath d=\"M738.986667 520.533333c0 18.773333-4.266667 37.546667-12.8 56.32l53.76 63.146667c24.746667-37.546667 36.693333-77.653333 36.693333-119.466667-1.706667-115.2-99.84-196.266667-104.106667-199.68-16.213333-13.653333-40.106667-11.093333-53.76 5.12-13.653333 16.213333-11.093333 40.106667 5.12 53.76 0 0 74.24 62.293333 75.093334 140.8zM447.146667 250.88l85.333333-84.48c0-0.853333 0.853333-1.706667 2.56-0.853333 1.706667 0.853333 1.706667 1.706667 1.706667 2.56v187.733333L612.693333 443.733333V168.106667c0-32.426667-18.773333-61.44-48.64-73.386667-29.866667-12.8-63.146667-5.973333-86.186666 17.066667l-80.213334 80.213333 49.493334 58.88zM536.746667 565.76v295.253333c0 0.853333 0 1.706667-1.706667 2.56-1.706667 0-1.706667 0-2.56-0.853333L332.8 663.04C317.44 648.533333 297.813333 640 276.48 640H120.32c-1.706667 0-2.56-0.853333-2.56-2.56V402.773333c0-1.706667 0.853333-2.56 2.56-2.56v-0.853333h145.066667c21.333333 0 40.96-7.68 56.32-23.04l29.013333-29.013333-50.346667-58.88-33.28 33.28c0 0.853333-0.853333 0.853333-1.706666 0.853333h-145.066667c-43.52 0-79.36 35.84-79.36 79.36v234.666667c0 43.52 35.84 79.36 79.36 79.36h155.306667c0.853333 0 0.853333 0 1.706666 0.853333L477.866667 917.333333c15.36 15.36 35.84 23.04 56.32 23.04 10.24 0 20.48-1.706667 29.866666-5.12 29.013333-11.946667 48.64-40.96 48.64-73.386666V654.506667l-75.946666-88.746667z\" fill=\"#333333\">\u003C/path>\u003C/symbol>\u003Csymbol id=\"icona-manualrecording\" viewBox=\"0 0 1024 1024\">\u003Cpath d=\"M64 170.666667h597.333333a42.666667 42.666667 0 0 1 42.538667 39.466666L704 213.333333v597.333334a42.666667 42.666667 0 0 1-39.466667 42.538666L661.333333 853.333333h-597.333333a42.666667 42.666667 0 0 1-42.581333-39.466666L21.333333 810.666667V213.333333a42.666667 42.666667 0 0 1 39.466667-42.538666L64 170.666667z m554.666667 85.333333h-512v512h512V256z m384 75.349333v361.301334c0 33.152-39.808 53.632-71.082667 36.565333L768 640V384l163.584-89.216c31.274667-17.066667 71.082667 3.413333 71.082667 36.565333z m-85.333334 75.392l-64 25.6v159.36l64 25.6V406.698667zM320 341.333333v128h-128V341.333333h128z\" fill=\"#1D2129\">\u003C/path>\u003C/symbol>\u003Csymbol id=\"icona-fixedaspectratio\" viewBox=\"0 0 1024 1024\">\u003Cpath d=\"M896 128c11.306667 0 22.186667 4.053333 30.165333 11.264A36.565333 36.565333 0 0 1 938.666667 166.4v691.2a36.565333 36.565333 0 0 1-12.501334 27.136A45.184 45.184 0 0 1 896 896H128c-11.306667 0-22.186667-4.053333-30.165333-11.264A36.565333 36.565333 0 0 1 85.333333 857.6V166.4c0-10.197333 4.48-19.968 12.501334-27.136A45.226667 45.226667 0 0 1 128 128h768z m-42.666667 85.333333H170.666667v597.333334h682.666666V213.333333z\" fill=\"#1D2129\">\u003C/path>\u003Cpath d=\"M320.085333 554.666667a21.333333 21.333333 0 0 0 21.333334-21.333334V384h234.794666a21.333333 21.333333 0 0 0 21.333334-21.333333v-42.666667a21.333333 21.333333 0 0 0-21.333334-21.333333H298.666667a42.666667 42.666667 0 0 0-42.666667 42.666666v192a21.333333 21.333333 0 0 0 21.333333 21.333334h42.752zM725.333333 725.333333a42.666667 42.666667 0 0 0 42.666667-42.666666v-192a21.333333 21.333333 0 0 0-21.333333-21.333334h-42.666667a21.333333 21.333333 0 0 0-21.333333 21.333334V640h-234.666667a21.333333 21.333333 0 0 0-21.333333 21.333333v42.666667a21.333333 21.333333 0 0 0 21.333333 21.333333H725.333333z\" fill=\"#1D2129\">\u003C/path>\u003C/symbol>\u003Csymbol id=\"iconcolumn\" viewBox=\"0 0 1024 1024\">\u003Cpath d=\"M891.264 85.333333C917.461333 85.333333 938.666667 106.581333 938.666667 132.736v758.528A47.402667 47.402667 0 0 1 891.264 938.666667H132.736A47.402667 47.402667 0 0 1 85.333333 891.264V132.736C85.333333 106.538667 106.581333 85.333333 132.736 85.333333h758.528zM341.333333 170.666667H170.666667v682.666666h170.666666V170.666667z m512 0h-170.666666v682.666666h-85.333334V170.666667h-170.666666v682.666666h426.666666V170.666667z\" fill=\"#1D2129\">\u003C/path>\u003C/symbol>\u003Csymbol id=\"iconuser_group\" viewBox=\"0 0 1024 1024\">\u003Cpath d=\"M510.75122 515.746341m-497.014635 0a497.014634 497.014634 0 1 0 994.029269 0 497.014634 497.014634 0 1 0-994.029269 0Z\" fill=\"#E9EFF4\">\u003C/path>\u003Cpath d=\"M394.614634 480.780488c12.487805 9.990244 22.478049 18.731707 33.717073 26.22439 26.22439 17.482927 56.195122 24.97561 87.414634 23.726829 39.960976-2.497561 74.926829-16.234146 103.648781-44.956097 3.746341-3.746341 6.243902-4.995122 11.239024-1.248781 41.209756 33.717073 68.682927 76.17561 83.668293 126.12683 7.492683 28.721951 12.487805 57.443902 9.990244 86.165853-2.497561 23.726829-7.492683 47.453659-26.22439 63.687805-9.990244 9.990244-22.478049 16.234146-36.214634 19.980488-21.229268 6.243902-42.458537 8.741463-64.936586 8.741463-52.44878 0-104.897561 0-157.346341-1.24878-28.721951 0-57.443902-3.746341-86.165854-12.487805-32.468293-11.239024-52.44878-33.717073-57.443902-68.682927-3.746341-27.473171-1.24878-53.697561 4.995122-81.170732 7.492683-33.717073 21.229268-64.936585 41.209756-93.658536 13.736585-18.731707 28.721951-34.965854 47.453658-48.702439 2.497561-1.24878 3.746341-1.24878 4.995122-2.497561z\" fill=\"#1788FF\">\u003C/path>\u003Cpath d=\"M510.75122 497.014634c-63.687805 2.497561-122.380488-52.44878-121.131708-122.380488 1.24878-67.434146 56.195122-119.882927 122.380488-119.882926 66.185366 0 121.131707 53.697561 121.131707 122.380487-1.24878 67.434146-58.692683 121.131707-122.380487 119.882927z\" fill=\"#1788FF\">\u003C/path>\u003Cpath d=\"M689.326829 499.512195c17.482927 7.492683 34.965854 12.487805 53.697561 12.487805 32.468293-1.24878 58.692683-12.487805 81.170732-34.965854 3.746341-3.746341 6.243902-3.746341 9.990244-1.24878 31.219512 24.97561 52.44878 57.443902 63.687805 96.156097 4.995122 18.731707 7.492683 38.712195 7.492683 58.692683 0 14.985366-2.497561 31.219512-9.990244 44.956098-8.741463 14.985366-21.229268 22.478049-37.463415 27.473171-19.980488 6.243902-41.209756 6.243902-62.439024 6.243902h-37.463415c-4.995122 0-6.243902-2.497561-6.243902-6.243902 2.497561-26.22439 1.24878-52.44878-4.995122-78.673171-8.741463-44.956098-27.473171-86.165854-56.195122-121.131707 1.24878 0 1.24878-1.24878-1.248781-3.746342zM328.429268 500.760976c-11.239024 17.482927-22.478049 34.965854-32.468292 53.697561-11.239024 19.980488-17.482927 41.209756-22.478049 62.439024-6.243902 24.97561-7.492683 49.95122-7.492683 74.926829 0 4.995122 1.24878 9.990244 1.24878 13.736586 0 3.746341-1.24878 4.995122-3.746341 4.995122-31.219512 0-62.439024 0-92.409756-7.492683-23.726829-4.995122-42.458537-16.234146-51.2-41.209756-4.995122-13.736585-6.243902-27.473171-4.995122-42.458537 1.24878-23.726829 6.243902-46.204878 14.985366-68.682927 12.487805-29.970732 31.219512-56.195122 57.443902-76.17561 3.746341-2.497561 4.995122-1.24878 7.492683 1.248781 24.97561 23.726829 53.697561 36.214634 88.663415 34.965854 16.234146 0 32.468293-3.746341 44.956097-9.990244z\" fill=\"#7A8EA5\">\u003C/path>\u003Cpath d=\"M279.726829 485.77561c-49.95122 1.24878-93.658537-41.209756-93.658536-91.160976-1.24878-53.697561 42.458537-93.658537 91.160975-94.907317 53.697561-1.24878 93.658537 42.458537 94.907317 89.912195 2.497561 54.946341-44.956098 97.404878-92.409756 96.156098zM741.77561 485.77561c-49.95122 1.24878-91.160976-41.209756-93.658537-89.912195-1.24878-53.697561 42.458537-96.156098 92.409756-96.156098 48.702439-1.24878 93.658537 39.960976 93.658537 94.907317 0 49.95122-43.707317 92.409756-92.409756 91.160976z\" fill=\"#7A8EA5\">\u003C/path>\u003C/symbol>\u003Csymbol id=\"icona-user2\" viewBox=\"0 0 1024 1024\">\u003Cpath d=\"M341.333191 383.99984a170.666596 170.666596 0 1 0 341.290525 0A170.666596 170.666596 0 0 0 341.333191 383.99984z\" fill=\"#F5F7FF\">\u003C/path>\u003Cpath d=\"M511.999787 0c282.773216 0 511.999787 229.226571 511.999786 511.999787S794.773002 1023.999573 511.999787 1023.999573 0 794.773002 0 511.999787 229.226571 0 511.999787 0z m0 213.333244a170.666596 170.666596 0 1 0 0 341.333192 170.666596 170.666596 0 0 0 0-341.333192z\" fill=\"#D6DCED\">\u003C/path>\u003Cpath d=\"M511.999787 639.999733c161.1306 0 296.191877 111.637287 332.031861 261.781225A510.079787 510.079787 0 0 1 511.999787 1023.999573a509.951788 509.951788 0 0 1-331.989195-122.218615C215.80791 751.63702 350.89052 639.999733 511.999787 639.999733z\" fill=\"#F5F7FF\">\u003C/path>\u003C/symbol>\u003Csymbol id=\"iconfolder2\" viewBox=\"0 0 1024 1024\">\u003Cpath d=\"M351.010133 0a136.533333 136.533333 0 0 1 84.650667 29.4144L495.633067 76.8H887.466667c75.409067 0 136.533333 61.124267 136.533333 136.533333v605.866667c0 113.109333-91.690667 204.8-204.8 204.8H640c-72.0384 0-135.3728-37.1968-171.886933-93.422933l-8.234667 11.0592A204.8 204.8 0 0 1 295.697067 1024H204.8c-113.109333 0-204.8-91.690667-204.8-204.8V136.533333C0 61.124267 61.124267 0 136.533333 0h214.4768z\" fill=\"#F8AA28\">\u003C/path>\u003Cpath d=\"M102.4 179.2m102.4 0l614.4 0q102.4 0 102.4 102.4l0 170.666667q0 102.4-102.4 102.4l-614.4 0q-102.4 0-102.4-102.4l0-170.666667q0-102.4 102.4-102.4Z\" fill=\"#FFEFD5\">\u003C/path>\u003Cpath d=\"M0 375.466667c0-56.5504 45.8496-102.4 102.4-102.4h819.2c56.5504 0 102.4 45.8496 102.4 102.4v512c0 75.409067-61.124267 136.533333-136.533333 136.533333H136.533333c-75.409067 0-136.533333-61.124267-136.533333-136.533333V375.466667z\" fill=\"#FBC931\">\u003C/path>\u003C/symbol>\u003Csymbol id=\"iconwarning2\" viewBox=\"0 0 1024 1024\">\u003Cpath d=\"M514.56 13.653333c-273.066667 0-494.933333 221.866667-494.933333 494.933334s221.866667 494.933333 494.933333 494.933333c272.213333 0 494.08-221.866667 494.933333-494.933333 0-273.066667-221.866667-494.933333-494.933333-494.933334z\" fill=\"#F8AA01\">\u003C/path>\u003Cpath d=\"M514.56 640c-21.333333 0-38.4-17.066667-38.4-38.4V308.053333c0-21.333333 17.066667-38.4 38.4-38.4s38.4 17.066667 38.4 38.4v293.546667c0 21.333333-17.92 38.4-38.4 38.4z\" fill=\"#FFFFFF\">\u003C/path>\u003Cpath d=\"M514.56 709.12m-38.4 0a38.4 38.4 0 1 0 76.8 0 38.4 38.4 0 1 0-76.8 0Z\" fill=\"#FFFFFF\">\u003C/path>\u003C/symbol>\u003Csymbol id=\"iconrisky\" viewBox=\"0 0 1024 1024\">\u003Cpath d=\"M514.497561 514.497561m-504.507317 0a504.507317 504.507317 0 1 0 1009.014634 0 504.507317 504.507317 0 1 0-1009.014634 0Z\" fill=\"#C53709\">\u003C/path>\u003Cpath d=\"M563.2 314.692683c-4.995122 77.42439-9.990244 147.356098-14.985366 218.536585l-3.746341 48.702439c-1.24878 17.482927-13.736585 29.970732-29.970732 28.721952-14.985366 0-27.473171-12.487805-28.721951-28.721952-6.243902-84.917073-12.487805-168.585366-18.731708-254.751219-2.497561-39.960976 27.473171-67.434146 62.439025-57.443903 19.980488 7.492683 33.717073 27.473171 33.717073 44.956098zM515.746341 661.853659c26.22439 0 46.204878 21.229268 46.204879 46.204878 0 28.721951-21.229268 51.2-48.70244 51.2-26.22439 0-48.702439-22.478049-48.702439-48.702439 0-26.22439 22.478049-48.702439 51.2-48.702439z\" fill=\"#FFFFFF\">\u003C/path>\u003C/symbol>\u003Csymbol id=\"iconnormal\" viewBox=\"0 0 1024 1024\">\u003Cpath d=\"M510.75122 11.239024C232.273171 11.239024 6.243902 237.268293 6.243902 515.746341s226.029268 504.507317 504.507318 504.507318c277.229268 0 503.258537-226.029268 504.507317-504.507318C1014.009756 237.268293 787.980488 11.239024 510.75122 11.239024z\" fill=\"#1EB300\">\u003C/path>\u003Cpath d=\"M477.034146 719.297561c-62.439024-44.956098-123.629268-88.663415-187.317073-133.619512 12.487805-17.482927 23.726829-33.717073 36.214634-51.2 44.956098 32.468293 89.912195 63.687805 134.868293 96.156097 72.429268-107.395122 144.858537-214.790244 218.536585-322.185366 17.482927 12.487805 33.717073 23.726829 51.2 34.965854-83.668293 126.126829-167.336585 249.756098-253.502439 375.882927z\" fill=\"#FFFFFF\">\u003C/path>\u003C/symbol>\u003Csymbol id=\"iconicon_volume\" viewBox=\"0 0 1024 1024\">\u003Cpath d=\"M1010.263415 477.034146C1010.263415 218.536585 799.219512 7.492683 538.22439 7.492683c-63.687805 0-123.629268 12.487805-178.57561 34.965854l178.57561 434.575609h472.039025z\" fill=\"#0567FF\">\u003C/path>\u003Cpath d=\"M323.434146 52.44878c-182.321951 74.926829-312.195122 254.75122-312.195122 464.546342 0 277.229268 224.780488 500.760976 500.760976 500.760976s502.009756-223.531707 502.009756-500.760976H513.24878L323.434146 52.44878z\" fill=\"#B8BEC2\">\u003C/path>\u003C/symbol>\u003Csymbol id=\"iconicon_lan_disabled\" viewBox=\"0 0 1024 1024\">\u003Cpath d=\"M17.92 261.12s-1.28-43.52 42.24-51.2h184.32l38.4-124.16s12.8-25.6 43.52-25.6H704s33.28-3.84 47.36 30.72l35.84 119.04h180.48s39.68-1.28 46.08 48.64v651.52s2.56 52.48-47.36 56.32H64s-42.24 1.28-46.08-51.2V261.12z\" fill=\"#8F99A0\">\u003C/path>\u003Cpath d=\"M855.04 396.8c12.8 0 23.04 11.52 23.04 25.6V826.88c-1.28 11.52-10.24 20.48-23.04 20.48h-46.08v-99.84h-90.88v99.84H582.4v-99.84h-90.88v99.84H354.56v-99.84h-90.88v99.84h-96c-10.24-1.28-17.92-11.52-17.92-25.6V417.28c1.28-11.52 10.24-20.48 23.04-20.48h682.24z\" fill=\"#FFFFFF\">\u003C/path>\u003C/symbol>\u003Csymbol id=\"iconicon_lan_enabled\" viewBox=\"0 0 1024 1024\">\u003Cpath d=\"M15.36 263.68s-1.28-43.52 42.24-51.2h184.32l38.4-124.16s12.8-25.6 43.52-25.6h377.6s33.28-3.84 47.36 30.72l35.84 119.04h180.48s39.68-1.28 46.08 48.64v651.52s2.56 52.48-47.36 56.32H61.44s-42.24 1.28-46.08-51.2V263.68z\" fill=\"#0567FF\">\u003C/path>\u003Cpath d=\"M852.48 399.36c12.8 0 23.04 11.52 23.04 25.6V829.44c-1.28 11.52-10.24 20.48-23.04 20.48H806.4v-99.84h-89.6v99.84H579.84v-99.84h-90.88v99.84H352v-99.84h-90.88v99.84H166.4c-10.24-1.28-17.92-11.52-17.92-25.6V419.84c1.28-11.52 10.24-20.48 23.04-20.48h680.96z\" fill=\"#FFFFFF\">\u003C/path>\u003C/symbol>\u003Csymbol id=\"icontemperature_blue\" viewBox=\"0 0 1024 1024\">\u003Cpath d=\"M518.506667 64C561.813333 64 597.333333 100.309333 597.333333 144.576v475.648a170.666667 170.666667 0 1 1-170.666666 0V144.576C426.666667 100.309333 462.186667 64 505.493333 64h13.013334z\" fill=\"#C9CDD4\">\u003C/path>\u003Cpath d=\"M512 362.666667a42.666667 42.666667 0 0 1 42.666667 42.666666v288.789334a85.269333 85.269333 0 0 1 17.664 134.208A85.333333 85.333333 0 1 1 469.333333 694.144V405.333333a42.666667 42.666667 0 0 1 42.666667-42.666666z\" fill=\"#0992F6\">\u003C/path>\u003C/symbol>\u003Csymbol id=\"icontemperature_red\" viewBox=\"0 0 1024 1024\">\u003Cpath d=\"M518.506667 64C561.813333 64 597.333333 100.309333 597.333333 144.576v475.648a170.666667 170.666667 0 1 1-170.666666 0V144.576C426.666667 100.309333 462.186667 64 505.493333 64h13.013334z\" fill=\"#C9CDD4\">\u003C/path>\u003Cpath d=\"M512 106.666667a42.666667 42.666667 0 0 1 42.666667 42.666666v544.789334a85.269333 85.269333 0 0 1 17.664 134.208A85.333333 85.333333 0 1 1 469.333333 694.144V149.333333a42.666667 42.666667 0 0 1 42.666667-42.666666z\" fill=\"#EA0001\">\u003C/path>\u003C/symbol>\u003Csymbol id=\"icontemperature_yellow\" viewBox=\"0 0 1024 1024\">\u003Cpath d=\"M518.506667 64C561.813333 64 597.333333 100.309333 597.333333 144.576v475.648a170.666667 170.666667 0 1 1-170.666666 0V144.576C426.666667 100.309333 462.186667 64 505.493333 64h13.013334z\" fill=\"#C9CDD4\">\u003C/path>\u003Cpath d=\"M512 234.666667a42.666667 42.666667 0 0 1 42.666667 42.666666v416.789334a85.269333 85.269333 0 0 1 17.664 134.208A85.333333 85.333333 0 1 1 469.333333 694.144V277.333333a42.666667 42.666667 0 0 1 42.666667-42.666666z\" fill=\"#F9A600\">\u003C/path>\u003C/symbol>\u003Csymbol id=\"iconfan_blue\" viewBox=\"0 0 1024 1024\">\u003Cpath d=\"M509.502439 1010.263415c-273.482927 0-495.765854-222.282927-495.765854-497.014635S236.019512 16.234146 509.502439 16.234146s495.765854 222.282927 495.765854 497.014634-221.034146 497.014634-495.765854 497.014635z m0-954.068293C324.682927 56.195122 158.595122 167.336585 87.414634 338.419512 17.482927 508.253659 56.195122 705.560976 187.317073 836.682927c129.873171 129.873171 327.180488 169.834146 498.263415 98.653658 171.082927-71.180488 282.22439-237.268293 282.22439-422.087805-1.24878-252.253659-204.8-457.053659-458.302439-457.053658z\" fill=\"#0992F6\">\u003C/path>\u003Cpath d=\"M593.170732 518.243902c0 42.458537-34.965854 76.17561-76.17561 76.17561s-76.17561-34.965854-76.17561-76.17561 34.965854-76.17561 76.17561-76.175609c42.458537-1.24878 77.42439 33.717073 76.17561 76.175609z m-76.17561-49.951219c-19.980488 0-37.463415 12.487805-46.204878 29.970732-7.492683 18.731707-3.746341 39.960976 9.990244 54.946341 13.736585 13.736585 34.965854 18.731707 54.946341 11.239024 18.731707-7.492683 31.219512-26.22439 31.219512-46.204878 0-12.487805-4.995122-26.22439-14.985365-34.965853-8.741463-9.990244-21.229268-14.985366-34.965854-14.985366z\" fill=\"#0992F6\">\u003C/path>\u003Cpath d=\"M844.17561 373.385366c-28.721951-26.22439-46.204878-34.965854-96.156098-51.2-39.960976-13.736585-132.370732-14.985366-166.087805 43.707317l-34.965853 61.190244c-4.995122 8.741463-8.741463 18.731707-9.990244 27.473171l56.195122 73.678048c28.721951 3.746341 69.931707 4.995122 96.156097 21.229269 32.468293 21.229268 84.917073 76.17561 109.892683 91.160975 41.209756 23.726829 82.419512-18.731707 96.156098-46.204878 16.234146-31.219512 53.697561-136.117073-51.2-221.034146z\" fill=\"#0992F6\">\u003C/path>\u003Cpath d=\"M581.931707 586.926829c-3.746341-8.741463-11.239024-14.985366-18.731707-21.229268l-8.741463 1.24878c9.990244-11.239024 16.234146-26.22439 16.234146-43.707317 0-33.717073-23.726829-59.941463-53.697561-59.941463-18.731707 0-33.717073 9.990244-43.707317 24.97561l8.741463-24.97561c-9.990244-26.22439-29.970732-62.439024-28.721951-93.658537 1.24878-37.463415 23.726829-111.141463 23.726829-141.112195 0-48.702439-57.443902-62.439024-87.414634-59.941463-34.965854 1.24878-143.609756 22.478049-163.590244 154.84878-7.492683 37.463415-7.492683 57.443902 3.746342 108.643903 7.492683 41.209756 57.443902 124.878049 124.878049 124.878049l62.439024-3.746342c9.990244 0 29.970732 0 38.712195-3.746341l11.239024-33.717074c0 2.497561-1.24878 4.995122-1.24878 7.492683 0 21.229268 9.990244 38.712195 23.726829 49.95122H474.536585c-18.731707 22.478049-43.707317 61.190244-68.682926 73.678049-34.965854 18.731707-107.395122 36.214634-133.619513 51.2-41.209756 23.726829-23.726829 79.921951-7.492683 106.146341 18.731707 28.721951 91.160976 113.639024 216.039025 64.936586 37.463415-12.487805 53.697561-23.726829 92.409756-57.443903 31.219512-26.22439 71.180488-107.395122 44.956097-164.839024L581.931707 586.926829z m-134.868292-74.926829l2.497561-8.741463 3.746341-26.224391c3.746341 7.492683 6.243902 11.239024 6.243903 11.239025-1.24878 9.990244-4.995122 17.482927-12.487805 23.726829z m68.682926 69.931707l-11.239024 1.248781c1.24878-1.24878 3.746341-1.24878 4.995122-2.497561 1.24878 1.24878 3.746341 1.24878 6.243902 1.24878z\" fill=\"#0992F6\">\u003C/path>\u003C/symbol>\u003Csymbol id=\"iconfan_yellow\" viewBox=\"0 0 1024 1024\">\u003Cpath d=\"M514.497561 1010.263415c-273.482927 0-495.765854-222.282927-495.765854-497.014635S239.765854 16.234146 514.497561 16.234146s495.765854 222.282927 495.765854 497.014634-221.034146 497.014634-495.765854 497.014635z m0-954.068293c-184.819512 0-350.907317 111.141463-422.087805 282.22439C21.229268 508.253659 59.941463 705.560976 191.063415 836.682927c129.873171 129.873171 327.180488 169.834146 498.263414 98.653658s282.22439-237.268293 282.224391-422.087805c0-252.253659-204.8-457.053659-457.053659-457.053658z\" fill=\"#FFCC01\">\u003C/path>\u003Cpath d=\"M598.165854 518.243902c0 42.458537-34.965854 76.17561-76.17561 76.17561-42.458537 0-76.17561-34.965854-76.17561-76.17561 0-42.458537 34.965854-76.17561 76.17561-76.175609s77.42439 33.717073 76.17561 76.175609z m-76.17561-49.951219c-19.980488 0-37.463415 12.487805-46.204878 29.970732-7.492683 18.731707-3.746341 39.960976 9.990244 54.946341 13.736585 13.736585 34.965854 18.731707 54.946341 11.239024 18.731707-7.492683 31.219512-26.22439 31.219512-46.204878 0-12.487805-4.995122-26.22439-14.985365-34.965853-8.741463-9.990244-22.478049-14.985366-34.965854-14.985366z\" fill=\"#FFCC01\">\u003C/path>\u003Cpath d=\"M847.921951 373.385366c-28.721951-26.22439-46.204878-34.965854-96.156097-51.2-39.960976-13.736585-132.370732-14.985366-166.087805 43.707317l-34.965854 61.190244c-4.995122 8.741463-8.741463 18.731707-9.990244 27.473171l56.195122 73.678048c28.721951 3.746341 69.931707 4.995122 96.156098 21.229269 32.468293 21.229268 84.917073 76.17561 109.892683 91.160975 41.209756 23.726829 82.419512-18.731707 96.156097-46.204878 17.482927-31.219512 54.946341-136.117073-51.2-221.034146z\" fill=\"#FFCC01\">\u003C/path>\u003Cpath d=\"M586.926829 586.926829c-3.746341-8.741463-11.239024-14.985366-18.731707-21.229268l-8.741463 1.24878c9.990244-11.239024 16.234146-26.22439 16.234146-43.707317 0-33.717073-23.726829-59.941463-53.697561-59.941463-18.731707 0-33.717073 9.990244-43.707317 24.97561l8.741463-24.97561c-9.990244-26.22439-29.970732-62.439024-28.721951-93.658537 1.24878-37.463415 23.726829-111.141463 23.726829-141.112195 0-48.702439-57.443902-62.439024-87.414634-59.941463-34.965854 1.24878-143.609756 22.478049-163.590244 154.84878-7.492683 37.463415-7.492683 57.443902 3.746342 108.643903 7.492683 41.209756 57.443902 124.878049 124.878048 124.878049l62.439025-3.746342c9.990244 0 29.970732 0 38.712195-3.746341l11.239024-33.717074c0 2.497561-1.24878 4.995122-1.24878 7.492683 0 21.229268 9.990244 38.712195 23.726829 49.95122l-14.985366 1.24878c-18.731707 22.478049-43.707317 61.190244-68.682927 73.678049-34.965854 18.731707-107.395122 36.214634-133.619512 51.2-41.209756 23.726829-23.726829 79.921951-7.492683 106.146342 18.731707 28.721951 91.160976 113.639024 216.039025 64.936585 37.463415-12.487805 53.697561-23.726829 92.409756-57.443902 31.219512-26.22439 71.180488-107.395122 44.956097-164.839025L586.926829 586.926829z m-134.868292-74.926829l2.497561-8.741463 3.746341-26.224391c3.746341 7.492683 6.243902 11.239024 6.243902 11.239025-1.24878 9.990244-6.243902 17.482927-12.487804 23.726829z m67.434146 69.931707l-11.239024 1.248781c1.24878-1.24878 3.746341-1.24878 4.995121-2.497561 2.497561 1.24878 4.995122 1.24878 6.243903 1.24878z\" fill=\"#FFCC01\">\u003C/path>\u003C/symbol>\u003Csymbol id=\"iconnetwork\" viewBox=\"0 0 1024 1024\">\u003Cpath d=\"M493.268293 714.302439c57.443902 26.22439 112.390244 46.204878 166.087805 59.941463v4.995122c0 12.487805 4.995122 23.726829 12.487804 32.468293-36.214634 63.687805-47.453659 126.126829-27.47317 168.585366-42.458537 12.487805-86.165854 17.482927-132.370732 17.482927-83.668293 0-163.590244-21.229268-232.273171-58.692683-1.24878-61.190244 49.95122-142.360976 136.117073-221.034147 9.990244 6.243902 22.478049 11.239024 34.965854 11.239025 16.234146 1.24878 31.219512-3.746341 42.458537-14.985366z m433.326829 56.195122C869.15122 862.907317 779.239024 936.585366 673.092683 972.8c-17.482927-33.717073-7.492683-88.663415 23.726829-144.858537 3.746341 1.24878 6.243902 1.24878 11.239025 1.248781 22.478049 0 42.458537-16.234146 47.453658-37.463415 64.936585 6.243902 121.131707 0 166.087805-18.731707l4.995122-2.497561zM243.512195 554.458537c42.458537 37.463415 93.658537 74.926829 147.356098 107.395122-1.24878 3.746341-1.24878 6.243902-1.248781 9.990243 0 9.990244 2.497561 19.980488 6.243903 28.721952-84.917073 77.42439-139.863415 158.595122-144.858537 226.029268-14.985366-9.990244-28.721951-18.731707-42.458537-29.970732-36.214634-81.170732-26.22439-206.04878 27.473171-337.170731 2.497561-3.746341 4.995122-4.995122 7.492683-4.995122z m-174.829268-247.258537c14.985366 57.443902 52.44878 119.882927 107.395122 181.073171-3.746341 6.243902-6.243902 14.985366-6.243903 22.478049 0 22.478049 14.985366 39.960976 33.717074 47.453658-42.458537 109.892683-56.195122 214.790244-38.712196 298.458537C77.42439 768 22.478049 645.619512 22.478049 512c0-69.931707 14.985366-136.117073 42.458536-197.307317l3.746342-7.492683z m694.321951 434.57561c74.926829-74.926829 164.839024-109.892683 218.536585-93.658537-6.243902 21.229268-13.736585 42.458537-22.478048 62.439025-36.214634 44.956098-112.390244 61.190244-206.048781 51.2-1.24878-2.497561-1.24878-3.746341-3.746341-6.243903l13.736585-13.736585zM568.195122 611.902439c177.326829-102.4 357.15122-132.370732 432.078049-82.419512-1.24878 31.219512-4.995122 62.439024-12.487805 91.160975-66.185366-19.980488-166.087805 19.980488-247.258537 101.15122-3.746341 3.746341-9.990244 9.990244-13.736585 14.985366-6.243902-2.497561-12.487805-3.746341-19.980488-3.746342-14.985366 0-27.473171 6.243902-36.214634 16.234147-51.2-12.487805-107.395122-31.219512-162.341463-57.443903 2.497561-6.243902 3.746341-12.487805 3.746341-19.980488s-1.24878-14.985366-3.746341-21.229268c19.980488-14.985366 38.712195-27.473171 59.941463-38.712195zM911.609756 229.77561c52.44878 74.926829 84.917073 166.087805 88.663415 264.741463-93.658537-44.956098-272.234146-9.990244-447.063415 91.160976-21.229268 12.487805-42.458537 26.22439-61.190244 38.712195-11.239024-9.990244-24.97561-14.985366-39.960975-14.985366-19.980488 0-37.463415 9.990244-48.702439 23.726829-52.44878-31.219512-98.653659-66.185366-139.863415-101.151219 2.497561-6.243902 3.746341-13.736585 3.746341-19.980488s-1.24878-11.239024-2.497561-16.234146c16.234146-31.219512 34.965854-63.687805 56.195122-96.156098 11.239024-16.234146 22.478049-32.468293 34.965854-47.453658 2.497561 1.24878 6.243902 1.24878 9.990244 1.24878 14.985366 0 27.473171-8.741463 32.468293-19.980488 43.707317 6.243902 89.912195 11.239024 138.614634 11.239025 167.336585-1.24878 313.443902-47.453659 374.634146-114.887805z m-771.746341-34.965854c22.478049 52.44878 93.658537 96.156098 189.814634 121.131707v-1.24878 3.746341c0 3.746341 1.24878 6.243902 2.497561 9.990244l1.24878 3.746342c-12.487805 16.234146-23.726829 32.468293-36.214634 49.951219-19.980488 28.721951-36.214634 58.692683-52.44878 87.414634-7.492683-4.995122-16.234146-7.492683-26.224391-7.492683-7.492683 0-14.985366 1.24878-21.229268 4.995122-63.687805-71.180488-102.4-143.609756-106.146341-202.302439 12.487805-22.478049 28.721951-43.707317 44.956097-63.687804l3.746342-6.243903zM398.360976 299.707317C544.468293 138.614634 720.546341 67.434146 820.44878 134.868293l1.248781-1.248781c26.22439 21.229268 49.95122 44.956098 71.180488 71.180488-49.95122 61.190244-191.063415 107.395122-355.902439 107.395122-49.95122 0-96.156098-3.746341-139.863415-11.239024h2.497561c0 1.24878 0 0-1.24878-1.248781zM512 22.478049c82.419512 0 161.092683 19.980488 229.77561 57.443902-109.892683-4.995122-248.507317 71.180488-364.643903 201.053659-3.746341-1.24878-6.243902-1.24878-11.239024-1.248781-9.990244 0-18.731707 3.746341-26.22439 9.990244-98.653659-26.22439-167.336585-69.931707-177.32683-118.634146C251.004878 79.921951 374.634146 22.478049 512 22.478049z\" fill=\"#1788FF\">\u003C/path>\u003Cpath d=\"M513.24878 11.239024C238.517073 11.239024 16.234146 233.521951 16.234146 508.253659S237.268293 1005.268293 513.24878 1005.268293s497.014634-222.282927 497.014635-497.014634S787.980488 11.239024 513.24878 11.239024z m0 11.239025c267.239024 0 484.526829 217.287805 484.52683 484.526829s-216.039024 487.02439-484.52683 487.02439S28.721951 776.741463 28.721951 508.253659 244.760976 22.478049 513.24878 22.478049z\" fill=\"#007BEA\">\u003C/path>\u003C/symbol>\u003Csymbol id=\"iconarrow_down_blue\" viewBox=\"0 0 1024 1024\">\u003Cpath d=\"M506.026667 768.853333c-11.093333-1.706667-21.333333-6.826667-29.013334-14.506666L58.026667 328.533333c-14.506667-15.36-14.506667-39.253333 0-54.613333 15.36-14.506667 39.253333-14.506667 54.613333 0L512 679.253333l399.36-405.333333c15.36-14.506667 39.253333-14.506667 54.613333 0 14.506667 15.36 14.506667 39.253333 0 54.613333L546.986667 754.346667c-8.533333 8.533333-18.773333 12.8-29.013334 14.506666-5.12 0.853333-9.386667 0.853333-11.946666 0z\" fill=\"#0086E6\">\u003C/path>\u003C/symbol>\u003Csymbol id=\"iconarrow_up_blue\" viewBox=\"0 0 1024 1024\">\u003Cpath d=\"M506.026667 263.68c-11.093333 1.706667-21.333333 6.826667-29.013334 14.506667L58.026667 704c-14.506667 15.36-14.506667 39.253333 0 54.613333 15.36 14.506667 39.253333 14.506667 54.613333 0L512 353.28l399.36 405.333333c15.36 14.506667 39.253333 14.506667 54.613333 0 14.506667-15.36 14.506667-39.253333 0-54.613333L546.986667 278.186667c-8.533333-8.533333-18.773333-12.8-29.013334-14.506667-5.12-0.853333-9.386667-0.853333-11.946666 0z\" fill=\"#0086E6\">\u003C/path>\u003C/symbol>\u003Csymbol id=\"iconBack\" viewBox=\"0 0 1024 1024\">\u003Cpath d=\"M371.626667 512l389.333333 357.973333a21.162667 21.162667 0 0 1 7.04 15.573334c0 5.845333-2.56 11.434667-7.04 15.530666l-33.834667 31.146667a25.045333 25.045333 0 0 1-16.938666 6.442667 25.045333 25.045333 0 0 1-16.938667-6.442667l-423.253333-389.12A42.282667 42.282667 0 0 1 256 512c0-11.690667 5.034667-22.869333 14.037333-31.146667l423.210667-389.077333A25.045333 25.045333 0 0 1 710.186667 85.333333c6.314667 0 12.416 2.304 16.896 6.442667l33.877333 31.146667a21.930667 21.930667 0 0 1 5.205333 7.125333 20.437333 20.437333 0 0 1 0 16.853333 21.930667 21.930667 0 0 1-5.205333 7.125334L371.626667 512z\" fill=\"#1D2129\">\u003C/path>\u003C/symbol>\u003Csymbol id=\"iconNext\" viewBox=\"0 0 1024 1024\">\u003Cpath d=\"M652.373333 512l-389.333333 357.973333a21.162667 21.162667 0 0 0-7.04 15.573334c0 5.845333 2.56 11.434667 7.04 15.530666l33.834667 31.146667a25.045333 25.045333 0 0 0 16.938666 6.442667 25.045333 25.045333 0 0 0 16.938667-6.442667l423.253333-389.12A42.282667 42.282667 0 0 0 768 512a42.282667 42.282667 0 0 0-14.037333-31.146667L330.752 91.818667A25.045333 25.045333 0 0 0 313.813333 85.333333a25.045333 25.045333 0 0 0-16.896 6.442667l-33.877333 31.146667a21.973333 21.973333 0 0 0-5.205333 7.125333 20.48 20.48 0 0 0 5.205333 23.978667L652.373333 512z\" fill=\"#1D2129\">\u003C/path>\u003C/symbol>\u003Csymbol id=\"icona-Deleteall\" viewBox=\"0 0 1024 1024\">\u003Cpath d=\"M511.146667 1009.493333c-273.066667 0-494.933333-221.866667-494.933334-494.933333s221.866667-494.933333 494.933334-494.933333 494.933333 221.866667 494.933333 494.933333c-0.853333 273.066667-222.72 494.933333-494.933333 494.933333z m0-913.066666c-230.4 0-418.133333 187.733333-418.133334 418.133333s187.733333 418.133333 418.133334 418.133333 418.133333-187.733333 418.133333-418.133333-187.733333-418.133333-418.133333-418.133333z\" fill=\"#333333\">\u003C/path>\u003Cpath d=\"M768.853333 402.773333H254.293333c-18.773333 0-34.133333-15.36-34.133333-34.133333s15.36-34.133333 34.133333-34.133333h514.56c18.773333 0 34.133333 15.36 34.133334 34.133333s-15.36 34.133333-34.133334 34.133333zM416.426667 679.253333c-18.773333 0-34.133333-15.36-34.133334-34.133333V532.48c0-18.773333 15.36-34.133333 34.133334-34.133333s34.133333 15.36 34.133333 34.133333v112.64c0 18.773333-14.506667 34.133333-34.133333 34.133333zM511.146667 679.253333c-18.773333 0-34.133333-15.36-34.133334-34.133333V532.48c0-18.773333 15.36-34.133333 34.133334-34.133333s34.133333 15.36 34.133333 34.133333v112.64c0 18.773333-15.36 34.133333-34.133333 34.133333zM605.013333 679.253333c-18.773333 0-34.133333-15.36-34.133333-34.133333V532.48c0-18.773333 15.36-34.133333 34.133333-34.133333s34.133333 15.36 34.133334 34.133333v112.64c0 18.773333-15.36 34.133333-34.133334 34.133333z\" fill=\"#333333\">\u003C/path>\u003Cpath d=\"M654.506667 824.32H367.786667c-48.64 0-87.893333-39.253333-87.893334-87.893333V334.506667H742.4v401.92c0 48.64-39.253333 87.893333-87.893333 87.893333zM349.013333 402.773333v333.653334c0 10.24 8.533333 19.626667 19.626667 19.626666h286.72c10.24 0 19.626667-8.533333 19.626667-19.626666V402.773333H349.013333zM439.466667 333.653333c2.56-36.693333 34.133333-66.56 71.68-66.56s68.266667 29.013333 71.68 66.56h68.266666c-2.56-74.24-64-134.826667-139.946666-134.826666-75.093333 0-136.533333 59.733333-139.946667 134.826666h68.266667z\" fill=\"#333333\">\u003C/path>\u003C/symbol>\u003Csymbol id=\"iconNew_tag1\" viewBox=\"0 0 1024 1024\">\u003Cpath d=\"M899.84 85.333333a37.12 37.12 0 0 1 27.477333 12.501334c7.253333 7.978667 11.349333 18.858667 11.349334 30.165333v768c0 11.306667-4.096 22.186667-11.349334 30.165333a37.12 37.12 0 0 1-27.434666 12.501334H124.117333a37.12 37.12 0 0 1-27.434666-12.501334A44.928 44.928 0 0 1 85.333333 896V128c0-11.306667 4.096-22.186667 11.349334-30.165333A37.12 37.12 0 0 1 124.16 85.333333h775.765333z m-38.741333 85.333334H162.901333v682.666666h698.197334V170.666667z\" fill=\"#1D2129\">\u003C/path>\u003Cpath d=\"M548.437333 304.896A21.333333 21.333333 0 0 1 554.666667 320V469.333333h149.333333a21.333333 21.333333 0 0 1 21.333333 21.333334v42.666666a21.333333 21.333333 0 0 1-21.333333 21.333334H554.666667v149.333333a21.333333 21.333333 0 0 1-21.333334 21.333333h-42.666666a21.333333 21.333333 0 0 1-21.333334-21.333333V554.666667H320a21.333333 21.333333 0 0 1-21.333333-21.333334v-42.666666a21.333333 21.333333 0 0 1 21.333333-21.333334H469.333333V320a21.333333 21.333333 0 0 1 21.333334-21.333333h42.666666a21.333333 21.333333 0 0 1 15.104 6.229333z\" fill=\"#1D2129\">\u003C/path>\u003C/symbol>\u003Csymbol id=\"iconcss\" viewBox=\"0 0 1024 1024\">\u003Cpath d=\"M147.626667 23.893333h512l243.2 246.613334v704.853333c0 15.36-11.946667 27.306667-27.306667 27.306667H147.626667c-15.36 0-27.306667-11.946667-27.306667-27.306667V51.2c0-15.36 12.8-27.306667 27.306667-27.306667z m0 0\" fill=\"#5E6D96\">\u003C/path>\u003Cpath d=\"M659.626667 23.893333v219.306667c0 15.36 11.946667 27.306667 27.306666 27.306667h215.893334L659.626667 23.893333z m0 0\" fill=\"#8695C0\">\u003C/path>\u003Cpath d=\"M252.586667 512v-29.866667l168.96-66.56v33.28l-76.8 27.306667-52.053334 18.773333v1.706667l52.053334 18.773333 76.8 28.16v33.28L252.586667 512zM602.453333 545.28l76.8-28.16 52.053334-18.773333v-1.706667L679.253333 477.866667l-76.8-27.306667v-33.28l168.96 66.56V512l-168.96 65.706667v-32.426667z\" fill=\"#FFFFFF\">\u003C/path>\u003Cpath d=\"M553.813333 359.253333h27.306667L485.546667 583.68h-27.306667l95.573333-224.426667z\" fill=\"#FFFFFF\">\u003C/path>\u003C/symbol>\u003Csymbol id=\"iconexe\" viewBox=\"0 0 1024 1024\">\u003Cpath d=\"M135.68 12.8h522.24L906.24 264.533333v719.36c0 15.36-12.8 28.16-28.16 28.16h-742.4c-15.36 0-28.16-12.8-28.16-28.16V40.106667c0-15.36 12.8-27.306667 28.16-27.306667z m0 0\" fill=\"#5993F7\">\u003C/path>\u003Cpath d=\"M657.92 12.8v223.573333c0 15.36 12.8 28.16 28.16 28.16h221.013333L657.92 12.8z m0 0\" fill=\"#82B0FF\">\u003C/path>\u003Cpath d=\"M677.546667 697.173333h-341.333334c-30.72 0-56.32-24.746667-56.32-56.32v-238.933333c0-30.72 24.746667-56.32 56.32-56.32h342.186667c30.72 0 56.32 24.746667 56.32 56.32v238.933333c-0.853333 30.72-25.6 56.32-57.173333 56.32z m-341.333334-322.56c-15.36 0-27.306667 11.946667-27.306666 27.306667v238.933333c0 15.36 11.946667 27.306667 27.306666 27.306667h342.186667c15.36 0 27.306667-11.946667 27.306667-27.306667v-238.933333c0-15.36-11.946667-27.306667-27.306667-27.306667H336.213333zM421.546667 724.48h170.666666v37.546667h-170.666666z\" fill=\"#FFFFFF\">\u003C/path>\u003Cpath d=\"M517.973333 421.546667h58.88v37.546666h-58.88zM586.24 421.546667h58.88v37.546666h-58.88z\" fill=\"#FFFFFF\">\u003C/path>\u003C/symbol>\u003Csymbol id=\"icondoc\" viewBox=\"0 0 1024 1024\">\u003Cpath d=\"M149.333333 17.92h517.973334L913.066667 267.093333v713.386667c0 15.36-11.946667 27.306667-27.306667 27.306667H149.333333c-15.36 0-27.306667-11.946667-27.306666-27.306667V45.226667c-0.853333-14.506667 11.946667-27.306667 27.306666-27.306667z m0 0\" fill=\"#5993F7\">\u003C/path>\u003Cpath d=\"M666.453333 17.92v221.866667c0 15.36 11.946667 27.306667 27.306667 27.306666H913.066667L666.453333 17.92z m0 0M778.24 658.773333H247.466667c-11.946667 0-21.333333-9.386667-21.333334-21.333333v-1.706667c0-11.946667 9.386667-21.333333 21.333334-21.333333h530.773333c11.946667 0 21.333333 9.386667 21.333333 21.333333v1.706667c0 11.093333-9.386667 21.333333-21.333333 21.333333zM547.84 756.906667H246.613333c-11.093333 0-20.48-9.386667-20.48-20.48v-3.413334c0-11.093333 9.386667-20.48 20.48-20.48h301.226667c11.093333 0 20.48 9.386667 20.48 20.48v3.413334c0 11.093333-9.386667 20.48-20.48 20.48zM448.853333 855.893333H243.2c-9.386667 0-17.066667-7.68-17.066667-17.066666v-10.24c0-9.386667 7.68-17.066667 17.066667-17.066667h205.653333c9.386667 0 17.066667 7.68 17.066667 17.066667v10.24c0 9.386667-7.68 17.066667-17.066667 17.066666z\" fill=\"#82B0FF\">\u003C/path>\u003Cpath d=\"M231.253333 285.866667h40.96l16.213334 98.986666c3.413333 21.333333 5.973333 42.666667 9.386666 64.853334h0.853334c4.266667-21.333333 8.533333-43.52 12.8-64.853334l23.893333-98.986666h34.133333l23.893334 98.986666c4.266667 20.48 8.533333 42.666667 12.8 64.853334h1.706666c3.413333-22.186667 5.973333-43.52 9.386667-64.853334l16.213333-98.986666h38.4l-37.546666 203.093333H384l-23.04-99.84c-3.413333-16.213333-5.973333-31.573333-8.533333-46.933333h-0.853334c-2.56 15.36-5.12 30.72-8.533333 46.933333l-22.186667 99.84h-49.493333l-40.106667-203.093333z\" fill=\"#FFFFFF\">\u003C/path>\u003C/symbol>\u003Csymbol id=\"iconfile\" viewBox=\"0 0 1024 1024\">\u003Cpath d=\"M136.533333 12.8h522.24L907.093333 264.533333v719.36c0 15.36-12.8 28.16-28.16 28.16H136.533333c-15.36 0-28.16-12.8-28.16-28.16V40.106667c0.853333-15.36 12.8-27.306667 28.16-27.306667z m0 0\" fill=\"#94C9FF\">\u003C/path>\u003Cpath d=\"M659.626667 12.8v223.573333c0 15.36 12.8 28.16 28.16 28.16h221.013333L659.626667 12.8z m0 0\" fill=\"#BFDFFF\">\u003C/path>\u003Cpath d=\"M353.28 407.04l296.106667-68.266667c35.84-8.533333 50.346667 26.453333 50.346666 48.64v304.64c0 22.186667-15.36 57.173333-50.346666 48.64l-296.106667-68.266666c-19.626667-4.266667-36.693333-17.92-36.693333-40.106667V447.146667c0-22.186667 17.066667-34.986667 36.693333-40.106667zM375.466667 426.666667c-31.573333 6.826667-31.573333 7.68-31.573334 34.133333v158.72c0 26.453333 9.386667 29.013333 31.573334 34.133333l253.44 58.026667c43.52 11.093333 43.52-2.56 43.52-41.813333V409.6c0-36.693333-2.56-51.2-43.52-41.813333L375.466667 426.666667z\" fill=\"#FFFFFF\">\u003C/path>\u003Cpath d=\"M342.186667 445.44l333.653333 82.773333v29.013334l-333.653333-85.333334z\" fill=\"#FFFFFF\">\u003C/path>\u003Cpath d=\"M549.546667 523.946667l-53.76 157.866666 24.746666 5.973334 55.466667-157.013334z\" fill=\"#FFFFFF\">\u003C/path>\u003C/symbol>\u003Csymbol id=\"iconjpg\" viewBox=\"0 0 1024 1024\">\u003Cpath d=\"M143.36 12.8H665.6L913.92 264.533333v719.36c0 15.36-12.8 28.16-28.16 28.16h-742.4c-15.36 0-28.16-12.8-28.16-28.16V40.106667c0.853333-15.36 12.8-27.306667 28.16-27.306667z m0 0\" fill=\"#73B9FF\">\u003C/path>\u003Cpath d=\"M665.6 12.8v223.573333c0 15.36 12.8 28.16 28.16 28.16h221.013333L665.6 12.8z m0 0\" fill=\"#99CCFF\">\u003C/path>\u003Cpath d=\"M407.893333 374.613333m-61.44 0a61.44 61.44 0 1 0 122.88 0 61.44 61.44 0 1 0-122.88 0Z\" fill=\"#FFFFFF\">\u003C/path>\u003Cpath d=\"M318.293333 659.626667c22.186667-47.786667 58.88-125.44 68.266667-143.36l5.12-7.68c11.093333-11.093333 43.52-37.546667 53.76 19.626666 0.853333 5.973333 0 11.093333-1.706667 16.213334l-15.36 33.28c-8.533333 18.773333 5.973333 40.106667 26.453334 39.253333 9.386667-0.853333 18.773333-6.826667 23.04-15.36l87.893333-176.64c10.24-20.48 40.106667-20.48 49.493333 0.853333L725.333333 659.626667c8.533333 17.92-5.12 39.253333-24.746666 39.253333H343.04c-20.48 0-33.28-20.48-24.746667-39.253333z\" fill=\"#FFFFFF\">\u003C/path>\u003C/symbol>\u003Csymbol id=\"iconmp3\" viewBox=\"0 0 1024 1024\">\u003Cpath d=\"M138.24 12.8h522.24L908.8 264.533333v719.36c0 15.36-12.8 28.16-28.16 28.16h-742.4c-15.36 0-28.16-12.8-28.16-28.16V40.106667c0.853333-15.36 12.8-27.306667 28.16-27.306667z m0 0\" fill=\"#C36DFF\">\u003C/path>\u003Cpath d=\"M660.48 12.8v223.573333c0 15.36 12.8 28.16 28.16 28.16h221.013333L660.48 12.8z m0 0\" fill=\"#D08EFF\">\u003C/path>\u003Cpath d=\"M439.466667 515.413333c-66.56 0-121.173333 54.613333-121.173334 121.173334 0 66.56 54.613333 121.173333 121.173334 121.173333s121.173333-54.613333 121.173333-121.173333c0-67.413333-54.613333-121.173333-121.173333-121.173334z m0 201.386667c-44.373333 0-81.066667-35.84-81.066667-81.066667 0-44.373333 35.84-81.066667 81.066667-81.066666s81.066667 35.84 81.066666 81.066666c-0.853333 45.226667-36.693333 81.066667-81.066666 81.066667zM640.853333 579.413333c-5.973333 0-11.093333-2.56-15.36-6.826666-3.413333-4.266667-5.12-9.386667-5.12-14.506667s2.56-10.24 6.826667-13.653333c31.573333-28.16 42.666667-72.533333 27.306667-111.786667-14.506667-39.253333-52.053333-65.706667-93.866667-65.706667-11.093333 0-20.48-9.386667-20.48-20.48 0-11.093333 9.386667-20.48 20.48-20.48 77.653333 0 141.653333 63.146667 141.653333 141.653334 0 40.96-17.066667 79.36-47.786666 105.813333-4.266667 4.266667-8.533333 5.973333-13.653334 5.973333z\" fill=\"#FFFFFF\">\u003C/path>\u003Cpath d=\"M519.68 326.826667h40.106667v309.76h-40.106667z\" fill=\"#FFFFFF\">\u003C/path>\u003C/symbol>\u003Csymbol id=\"iconpdf\" viewBox=\"0 0 1024 1024\">\u003Cpath d=\"M138.24 11.946667h522.24l249.173333 250.88v720.213333c0 15.36-11.946667 27.306667-27.306666 27.306667H138.24c-15.36 0-27.306667-11.946667-27.306667-27.306667V40.96c0-15.36 11.946667-29.013333 27.306667-29.013333z m0 0\" fill=\"#F16A6A\">\u003C/path>\u003Cpath d=\"M660.48 11.946667v223.573333c0 15.36 11.946667 27.306667 27.306667 27.306667h220.16L660.48 11.946667z m0 0\" fill=\"#FF9B9B\">\u003C/path>\u003Cpath d=\"M907.946667 988.16v-122.88H836.266667c-240.64-221.866667-261.12-399.36-261.12-399.36-3.413333-13.653333-29.013333-49.493333-29.013334-49.493333-29.013333-46.08-52.906667 29.013333-52.906666 29.013333L133.12 1010.346667h80.213333l15.36-22.186667L426.666667 955.733333c199.68-27.306667 377.173333-32.426667 377.173333-32.426666l104.106667 64.853333zM252.586667 955.733333s232.106667-324.266667 262.826666-418.133333c0 0 112.64 245.76 226.986667 334.506667L252.586667 955.733333z\" fill=\"#FFFFFF\">\u003C/path>\u003C/symbol>\u003Csymbol id=\"iconmp4\" viewBox=\"0 0 1024 1024\">\u003Cpath d=\"M140.8 12.8h522.24L911.36 264.533333v719.36c0 15.36-12.8 28.16-28.16 28.16h-742.4c-15.36 0-28.16-12.8-28.16-28.16V40.106667c0-15.36 12.8-27.306667 28.16-27.306667z m0 0\" fill=\"#8465FF\">\u003C/path>\u003Cpath d=\"M663.04 12.8v223.573333c0 15.36 12.8 28.16 28.16 28.16h221.013333L663.04 12.8z m0 0\" fill=\"#A791FF\">\u003C/path>\u003Cpath d=\"M384 512V345.6c0-20.48 25.6-30.72 42.666667-17.92l91.306666 75.093333L630.613333 494.933333c11.093333 9.386667 11.093333 25.6 0 34.986667L518.826667 621.226667 426.666667 696.32c-16.213333 13.653333-42.666667 2.56-42.666667-17.92V512z\" fill=\"#FFFFFF\">\u003C/path>\u003C/symbol>\u003Csymbol id=\"iconphp\" viewBox=\"0 0 1024 1024\">\u003Cpath d=\"M142.506667 12.8h522.24L913.066667 263.68v719.36c0 15.36-12.8 28.16-28.16 28.16h-742.4c-15.36 0-28.16-12.8-28.16-28.16V40.106667c0-15.36 12.8-27.306667 28.16-27.306667z m0 0\" fill=\"#5E6D96\">\u003C/path>\u003Cpath d=\"M664.746667 12.8v223.573333c0 15.36 12.8 28.16 28.16 28.16H913.066667L664.746667 12.8z m0 0\" fill=\"#8695C0\">\u003C/path>\u003Cpath d=\"M271.36 530.773333a242.346667 156.16 0 1 0 484.693333 0 242.346667 156.16 0 1 0-484.693333 0Z\" fill=\"#FFFFFF\">\u003C/path>\u003Cpath d=\"M365.226667 468.48h40.106666c27.306667 0 47.786667 9.386667 47.786667 38.4 0 28.16-21.333333 40.96-47.786667 40.96h-16.213333v43.52h-24.746667V468.48z m39.253333 59.733333c17.066667 0 24.746667-6.826667 24.746667-21.333333s-8.533333-18.773333-25.6-18.773333h-13.653334v40.106666h14.506667zM474.453333 459.093333h23.893334v33.28l-0.853334 17.066667c7.68-6.826667 16.213333-13.653333 29.013334-13.653333 20.48 0 29.013333 13.653333 29.013333 37.546666v58.026667h-24.746667v-54.613333c0-14.506667-4.266667-19.626667-12.8-19.626667-7.68 0-12.8 3.413333-19.626666 10.24v64h-23.893334V459.093333zM581.973333 468.48h40.106667c27.306667 0 47.786667 9.386667 47.786667 38.4 0 28.16-21.333333 40.96-47.786667 40.96H605.866667v43.52h-24.746667V468.48z m39.253334 59.733333c17.066667 0 24.746667-6.826667 24.746666-21.333333s-8.533333-18.773333-25.6-18.773333h-13.653333v40.106666h14.506667z\" fill=\"#5E6D96\">\u003C/path>\u003C/symbol>\u003Csymbol id=\"iconppt\" viewBox=\"0 0 1024 1024\">\u003Cpath d=\"M140.8 12.8h522.24L911.36 264.533333v719.36c0 15.36-12.8 28.16-28.16 28.16h-742.4c-15.36 0-28.16-12.8-28.16-28.16V40.106667c0-15.36 12.8-27.306667 28.16-27.306667z m0 0\" fill=\"#FF9752\">\u003C/path>\u003Cpath d=\"M663.04 12.8v223.573333c0 15.36 12.8 28.16 28.16 28.16h221.013333L663.04 12.8z m0 0\" fill=\"#FFB07B\">\u003C/path>\u003Cpath d=\"M391.68 384.853333h109.226667c74.24 0 130.56 25.6 130.56 104.96 0 75.946667-57.173333 110.08-128.853334 110.08h-44.373333v118.613334h-66.56V384.853333z m106.666667 162.133334c46.08 0 68.266667-19.626667 68.266666-58.026667s-24.746667-52.053333-69.973333-52.053333h-37.546667V546.133333h39.253334z\" fill=\"#FFFEFE\">\u003C/path>\u003C/symbol>\u003Csymbol id=\"iconpsd\" viewBox=\"0 0 1024 1024\">\u003Cpath d=\"M136.533333 12.8h522.24L907.093333 264.533333v719.36c0 15.36-12.8 28.16-28.16 28.16H136.533333c-15.36 0-28.16-12.8-28.16-28.16V40.106667c0-15.36 12.8-27.306667 28.16-27.306667z m0 0\" fill=\"#73B9FF\">\u003C/path>\u003Cpath d=\"M658.773333 12.8v223.573333c0 15.36 12.8 28.16 28.16 28.16h221.013334L658.773333 12.8z m0 0\" fill=\"#99CCFF\">\u003C/path>\u003Cpath d=\"M302.08 385.706667h91.306667c61.44 0 109.226667 21.333333 109.226666 87.04 0 63.146667-47.786667 92.16-107.52 92.16h-37.546666v98.986666h-55.466667V385.706667z m88.746667 135.68c38.4 0 56.32-16.213333 56.32-47.786667 0-32.426667-20.48-43.52-58.88-43.52h-31.573334v91.306667h34.133334zM529.066667 628.053333l31.573333-38.4c19.626667 18.773333 46.08 30.72 70.826667 30.72 29.013333 0 44.373333-12.8 44.373333-31.573333 0-20.48-17.066667-27.306667-41.813333-37.546667L597.333333 535.893333c-28.16-11.946667-56.32-34.133333-56.32-75.093333 0-45.226667 40.106667-80.213333 96.426667-80.213333 32.426667 0 64.853333 12.8 87.04 35.84l-28.16 34.986666c-17.92-14.506667-35.84-23.04-58.88-23.04-24.746667 0-40.106667 11.093333-40.106667 29.013334 0 19.626667 19.626667 27.306667 43.52 36.693333l36.693334 15.36c34.133333 13.653333 56.32 34.986667 56.32 75.093333 0 45.226667-37.546667 84.48-102.4 84.48-37.546667 0-75.093333-14.506667-102.4-40.96z\" fill=\"#FCFDFF\">\u003C/path>\u003C/symbol>\u003Csymbol id=\"iconswf\" viewBox=\"0 0 1024 1024\">\u003Cpath d=\"M140.8 12.8h522.24L911.36 264.533333v719.36c0 15.36-12.8 28.16-28.16 28.16h-742.4c-15.36 0-28.16-12.8-28.16-28.16V40.106667c0-15.36 12.8-27.306667 28.16-27.306667z m0 0\" fill=\"#F16A6A\">\u003C/path>\u003Cpath d=\"M663.04 12.8v223.573333c0 15.36 12.8 28.16 28.16 28.16h221.013333L663.04 12.8z m0 0\" fill=\"#FF9B9B\">\u003C/path>\u003Cpath d=\"M347.306667 726.186667v-70.826667S469.333333 643.413333 493.226667 486.4c0.853333-8.533333 3.413333-16.213333 6.826666-23.893333C515.413333 426.666667 565.76 332.8 678.4 337.066667v86.186666s-93.866667 14.506667-102.4 81.066667h63.146667v79.36H539.306667S503.466667 730.453333 347.306667 726.186667z\" fill=\"#FCFDFF\">\u003C/path>\u003C/symbol>\u003Csymbol id=\"icontxt\" viewBox=\"0 0 1024 1024\">\u003Cpath d=\"M140.8 12.8h522.24L911.36 264.533333v719.36c0 15.36-12.8 28.16-28.16 28.16h-742.4c-15.36 0-28.16-12.8-28.16-28.16V40.106667c0-15.36 12.8-27.306667 28.16-27.306667z m0 0\" fill=\"#5993F7\">\u003C/path>\u003Cpath d=\"M663.04 12.8v223.573333c0 15.36 12.8 28.16 28.16 28.16h221.013333L663.04 12.8z m0 0\" fill=\"#82B0FF\">\u003C/path>\u003Cpath d=\"M456.533333 443.733333H366.933333v-52.906666h242.346667V443.733333H519.68v264.533334h-63.146667V443.733333z\" fill=\"#FCFDFF\">\u003C/path>\u003C/symbol>\u003Csymbol id=\"iconxls\" viewBox=\"0 0 1024 1024\">\u003Cpath d=\"M133.973333 12.8h522.24L904.533333 264.533333v719.36c0 15.36-12.8 28.16-28.16 28.16h-742.4c-15.36 0-28.16-12.8-28.16-28.16V40.106667c0.853333-15.36 12.8-27.306667 28.16-27.306667z m0 0\" fill=\"#6FC470\">\u003C/path>\u003Cpath d=\"M656.213333 12.8v223.573333c0 15.36 12.8 28.16 28.16 28.16h221.013334L656.213333 12.8z m0 0\" fill=\"#85DB86\">\u003C/path>\u003Cpath d=\"M282.453333 349.013333l-47.786666-78.506666h46.08l16.213333 29.013333c4.266667 9.386667 9.386667 18.773333 14.506667 27.306667h0.853333c3.413333-9.386667 8.533333-18.773333 11.946667-27.306667l13.653333-29.013333h44.373333l-47.786666 83.626666 51.2 81.066667h-46.08l-17.92-29.866667c-5.12-9.386667-10.24-19.626667-16.213334-29.013333h-1.706666c-4.266667 9.386667-9.386667 18.773333-13.653334 29.013333L274.773333 435.2H230.4l52.053333-86.186667z\" fill=\"#FCFDFF\">\u003C/path>\u003Cpath d=\"M453.973333 639.146667H251.733333c-12.8 0-23.04-10.24-23.04-23.04 0-12.8 10.24-23.04 23.04-23.04h202.24c12.8 0 23.04 10.24 23.04 23.04 0 12.8-11.093333 23.04-23.04 23.04zM760.32 639.146667H558.08c-12.8 0-23.04-10.24-23.04-23.04 0-12.8 10.24-23.04 23.04-23.04h202.24c12.8 0 23.04 10.24 23.04 23.04-0.853333 12.8-11.093333 23.04-23.04 23.04zM453.973333 729.6H251.733333c-12.8 0-23.04-10.24-23.04-23.04 0-12.8 10.24-23.04 23.04-23.04h202.24c12.8 0 23.04 10.24 23.04 23.04 0 12.8-11.093333 23.04-23.04 23.04zM760.32 729.6H558.08c-12.8 0-23.04-10.24-23.04-23.04 0-12.8 10.24-23.04 23.04-23.04h202.24c12.8 0 23.04 10.24 23.04 23.04-0.853333 12.8-11.093333 23.04-23.04 23.04zM453.973333 820.053333H251.733333c-12.8 0-23.04-10.24-23.04-23.04 0-12.8 10.24-23.04 23.04-23.04h202.24c12.8 0 23.04 10.24 23.04 23.04 0 12.8-11.093333 23.04-23.04 23.04zM760.32 820.053333H558.08c-12.8 0-23.04-10.24-23.04-23.04 0-12.8 10.24-23.04 23.04-23.04h202.24c12.8 0 23.04 10.24 23.04 23.04-0.853333 12.8-11.093333 23.04-23.04 23.04z\" fill=\"#A8DBA9\">\u003C/path>\u003C/symbol>\u003Csymbol id=\"iconinfo_1\" viewBox=\"0 0 1024 1024\">\u003Cpath d=\"M512 85.333333c235.648 0 426.666667 191.018667 426.666667 426.666667s-191.018667 426.666667-426.666667 426.666667S85.333333 747.648 85.333333 512 276.352 85.333333 512 85.333333z m0 77.568a349.098667 349.098667 0 1 0 0 698.197334 349.098667 349.098667 0 0 0 0-698.197334z m19.370667 290.901334a19.413333 19.413333 0 0 1 19.413333 19.413333v174.506667h31.530667a19.370667 19.370667 0 0 1 19.370666 19.413333v41.216a19.413333 19.413333 0 0 1-19.370666 19.413333h-147.882667a19.413333 19.413333 0 0 1-19.413333-19.413333v-41.216a19.370667 19.370667 0 0 1 19.413333-19.370667h38.784v-113.92h-19.413333a19.370667 19.370667 0 0 1-19.370667-19.413333v-41.216a19.370667 19.370667 0 0 1 19.370667-19.413333h77.610666z m0-155.136a19.413333 19.413333 0 0 1 19.413333 19.413333v58.154667a19.413333 19.413333 0 0 1-19.413333 19.413333h-58.154667a19.413333 19.413333 0 0 1-19.413333-19.413333V318.08A19.413333 19.413333 0 0 1 473.216 298.666667h58.197333z\" fill=\"#6B7785\">\u003C/path>\u003C/symbol>\u003Csymbol id=\"iconshortcut\" viewBox=\"0 0 1024 1024\">\u003Cpath d=\"M866.133333 1024h-708.266666C70.826667 1024 0 953.173333 0 866.133333v-708.266666C0 70.826667 70.826667 0 157.866667 0h708.266666C953.173333 0 1024 70.826667 1024 157.866667v708.266666c0 87.04-70.826667 157.866667-157.866667 157.866667z\" fill=\"#F5F5F5\">\u003C/path>\u003Cpath d=\"M290.133333 198.826667h491.52V699.733333c-11.946667-12.8-21.333333-23.893333-31.573333-34.133333-37.546667-37.546667-75.093333-75.093333-111.786667-112.64-5.973333-5.973333-9.386667-8.533333-16.213333-1.706667-47.786667 48.64-98.133333 95.573333-144.213333 146.773334-51.2 57.173333-52.906667 130.56-25.6 189.44 3.413333 7.68 10.24 14.506667 14.506666 22.186666 2.56 4.266667 3.413333 9.386667 5.12 14.506667-5.12 0.853333-10.24 4.266667-15.36 3.413333-40.106667-3.413333-75.946667-17.92-105.813333-44.373333-74.24-65.706667-116.906667-145.92-106.666667-247.466667 5.973333-60.586667 29.013333-113.493333 74.24-157.013333 40.106667-38.4 77.653333-78.506667 116.053334-117.76 7.68-7.68 4.266667-11.093333-1.706667-17.92-46.933333-46.933333-93.866667-93.866667-140.8-141.653333-0.853333 0.853333-0.853333 0-1.706667-2.56z\" fill=\"#7D4DF8\">\u003C/path>\u003C/symbol>\u003Csymbol id=\"iconmore_help\" viewBox=\"0 0 1024 1024\">\u003Cpath d=\"M512 85.333333c235.648 0 426.666667 191.018667 426.666667 426.666667s-191.018667 426.666667-426.666667 426.666667S85.333333 747.648 85.333333 512 276.352 85.333333 512 85.333333z m0 77.568a349.098667 349.098667 0 1 0 0 698.197334 349.098667 349.098667 0 0 0 0-698.197334z m19.370667 504.234667a19.413333 19.413333 0 0 1 19.413333 19.413333V725.333333a19.413333 19.413333 0 0 1-19.413333 19.370667h-38.784a19.370667 19.370667 0 0 1-19.370667-19.370667v-38.826666a19.413333 19.413333 0 0 1 19.413333-19.370667h38.784z m-24.874667-387.84c46.08 0 84.394667 11.136 114.901333 33.450667 30.506667 22.4 45.738667 55.466667 45.738667 99.285333 0 26.88-6.613333 49.493333-19.882667 67.925333-7.765333 11.136-22.613333 25.386667-44.672 42.794667l-21.717333 17.066667c-11.818667 9.301333-19.712 20.181333-23.594667 32.554666-1.024 3.413333-1.962667 9.685333-2.773333 18.901334a19.413333 19.413333 0 0 1-19.285333 17.706666h-43.477334a19.413333 19.413333 0 0 1-19.370666-19.413333v-0.853333l0.085333-0.938667c2.517333-26.965333 5.162667-44.074667 8.021333-51.2 5.333333-13.354667 18.986667-28.714667 41.002667-46.08l22.357333-17.706667c7.338667-5.546667 45.184-32.213333 45.184-55.808s-4.096-32.298667-15.957333-45.226666c-11.818667-12.928-38.528-17.109333-62.592-17.109334-23.68 0-43.904 6.272-53.76 22.186667a112.341333 112.341333 0 0 0-11.050667 23.296c-1.28 3.84-2.176 7.850667-2.816 11.904a19.370667 19.370667 0 0 1-19.114666 16.085333H378.026667a19.370667 19.370667 0 0 1-19.413334-19.370666v-1.066667l0.128-1.109333c0.469333-4.352 0.981333-7.978667 1.536-10.837334 7.552-42.112 26.666667-73.045333 57.429334-92.885333 24.064-15.701333 53.674667-23.594667 88.746666-23.594667z\" fill=\"#6B7785\">\u003C/path>\u003C/symbol>\u003Csymbol id=\"iconsevere\" viewBox=\"0 0 1024 1024\">\u003Cpath d=\"M10.257749 817.493333l478.72-683.52c13.653333-19.626667 36.693333-19.626667 50.346667 0l473.6 683.52c22.186667 32.426667 6.826667 87.04-24.746667 87.04H35.857749c-31.573333 0-47.786667-54.613333-25.6-87.04z\" fill=\"#E64040\">\u003C/path>\u003Cpath d=\"M512.017749 705.706667c-21.333333 0-38.4-17.066667-38.4-38.4V373.76c0-21.333333 17.066667-38.4 38.4-38.4s38.4 17.066667 38.4 38.4v293.546667c0 21.333333-17.92 38.4-38.4 38.4z\" fill=\"#FFFFFF\">\u003C/path>\u003Cpath d=\"M512.017749 774.826667m-38.4 0a38.4 38.4 0 1 0 76.8 0 38.4 38.4 0 1 0-76.8 0Z\" fill=\"#FFFFFF\">\u003C/path>\u003C/symbol>\u003Csymbol id=\"iconsmall_screen\" viewBox=\"0 0 1024 1024\">\u003Cpath d=\"M725.333333 341.333333a42.666667 42.666667 0 0 1-42.666666-42.666666V106.666667a21.333333 21.333333 0 0 1 21.333333-21.333334h42.666667a21.333333 21.333333 0 0 1 21.333333 21.333334V256h149.333333a21.333333 21.333333 0 0 1 21.333334 21.333333v42.666667a21.333333 21.333333 0 0 1-21.333334 21.333333H725.333333zM298.666667 682.666667a42.666667 42.666667 0 0 1 42.666666 42.666666v192a21.333333 21.333333 0 0 1-21.333333 21.333334h-42.666667a21.333333 21.333333 0 0 1-21.333333-21.333334V768H106.666667a21.333333 21.333333 0 0 1-21.333334-21.333333v-42.666667a21.333333 21.333333 0 0 1 21.333334-21.333333H298.666667z m384 42.666666a42.666667 42.666667 0 0 1 42.666666-42.666666h192a21.333333 21.333333 0 0 1 21.333334 21.333333v42.666667a21.333333 21.333333 0 0 1-21.333334 21.333333H768v149.333333a21.333333 21.333333 0 0 1-21.333333 21.333334h-42.666667a21.333333 21.333333 0 0 1-21.333333-21.333334V725.333333zM341.333333 298.666667a42.666667 42.666667 0 0 1-42.666666 42.666666H106.666667a21.333333 21.333333 0 0 1-21.333334-21.333333v-42.666667a21.333333 21.333333 0 0 1 21.333334-21.333333H256V106.666667a21.333333 21.333333 0 0 1 21.333333-21.333334h42.666667a21.333333 21.333333 0 0 1 21.333333 21.333334V298.666667z\" fill=\"#1D2129\">\u003C/path>\u003C/symbol>\u003Csymbol id=\"iconfull_screen\" viewBox=\"0 0 1024 1024\">\u003Cpath d=\"M85.333333 128a42.666667 42.666667 0 0 1 42.666667-42.666667h192a21.333333 21.333333 0 0 1 21.333333 21.333334v42.666666a21.333333 21.333333 0 0 1-21.333333 21.333334H170.666667v149.333333a21.333333 21.333333 0 0 1-21.333334 21.333333h-42.666666a21.333333 21.333333 0 0 1-21.333334-21.333333V128z m853.333334 768a42.666667 42.666667 0 0 1-42.666667 42.666667h-192a21.333333 21.333333 0 0 1-21.333333-21.333334v-42.666666a21.333333 21.333333 0 0 1 21.333333-21.333334H853.333333v-149.333333a21.333333 21.333333 0 0 1 21.333334-21.333333h42.666666a21.333333 21.333333 0 0 1 21.333334 21.333333V896zM128 938.666667a42.666667 42.666667 0 0 1-42.666667-42.666667v-192a21.333333 21.333333 0 0 1 21.333334-21.333333h42.666666a21.333333 21.333333 0 0 1 21.333334 21.333333V853.333333h149.333333a21.333333 21.333333 0 0 1 21.333333 21.333334v42.666666a21.333333 21.333333 0 0 1-21.333333 21.333334H128zM896 85.333333a42.666667 42.666667 0 0 1 42.666667 42.666667v192a21.333333 21.333333 0 0 1-21.333334 21.333333h-42.666666a21.333333 21.333333 0 0 1-21.333334-21.333333V170.666667h-149.333333a21.333333 21.333333 0 0 1-21.333333-21.333334v-42.666666a21.333333 21.333333 0 0 1 21.333333-21.333334H896z\" fill=\"#1D2129\">\u003C/path>\u003C/symbol>\u003Csymbol id=\"iconTransfer_task_bg\" viewBox=\"0 0 1024 1024\">\u003Cpath d=\"M917.333333 832a21.333333 21.333333 0 0 1 21.333334 21.333333v42.666667a21.333333 21.333333 0 0 1-21.333334 21.333333h-810.666666A21.333333 21.333333 0 0 1 85.333333 896v-42.666667a21.333333 21.333333 0 0 1 21.333334-21.333333h810.666666zM896 128a42.666667 42.666667 0 0 1 42.666667 42.666667v512a42.666667 42.666667 0 0 1-42.666667 42.666666H128a42.666667 42.666667 0 0 1-42.666667-42.666666V170.666667a42.666667 42.666667 0 0 1 42.666667-42.666667h768zM170.666667 213.333333v426.666667h682.666666V213.333333H170.666667z\" fill=\"#1D2129\">\u003C/path>\u003Cpath d=\"M602.752 597.333333a10.581333 10.581333 0 0 0 7.168-2.816 9.173333 9.173333 0 0 0 2.986667-6.698666V378.581333h62.72a6.442667 6.442667 0 0 0 3.2-0.853333 5.888 5.888 0 0 0 2.261333-2.304 5.333333 5.333333 0 0 0-0.682667-5.973333L561.109333 261.12a9.941333 9.941333 0 0 0-2.901333-2.346667 10.88 10.88 0 0 0-11.093333-1.962666 10.026667 10.026667 0 0 0-4.48 3.498666 8.96 8.96 0 0 0-1.706667 5.248v322.304c0 2.517333 1.066667 4.906667 2.986667 6.698667a10.581333 10.581333 0 0 0 7.210666 2.773333h51.626667z m-128.042667-1.706666a9.685333 9.685333 0 0 0 3.114667-3.413334 8.917333 8.917333 0 0 0 1.152-4.352V265.6a9.173333 9.173333 0 0 0-2.986667-6.698667 10.581333 10.581333 0 0 0-7.210666-2.773333H420.309333a10.581333 10.581333 0 0 0-7.253333 2.773333 9.173333 9.173333 0 0 0-2.986667 6.698667v209.237333H347.477333a6.442667 6.442667 0 0 0-3.242666 0.853334 5.888 5.888 0 0 0-2.218667 2.304 5.333333 5.333333 0 0 0 0.64 5.973333l116.224 108.373333a9.984 9.984 0 0 0 2.858667 2.346667 10.752 10.752 0 0 0 13.013333 0.896z\" fill=\"#1D2129\">\u003C/path>\u003C/symbol>\u003Csymbol id=\"iconQR_code\" viewBox=\"0 0 1024 1024\">\u003Cpath d=\"M192 490.666667h298.666667v-298.666667h-298.666667v298.666667z m-42.666667-384h384a42.666667 42.666667 0 0 1 42.666667 42.666666v384a42.666667 42.666667 0 0 1-42.666667 42.666667h-384a42.666667 42.666667 0 0 1-42.666666-42.666667v-384a42.666667 42.666667 0 0 1 42.666666-42.666666z m128 170.666666h128v128h-128v-128zM192 725.333333v106.666667H298.666667V725.333333H192z m-42.666667-85.333333H341.333333a42.666667 42.666667 0 0 1 42.666667 42.666667v192a42.666667 42.666667 0 0 1-42.666667 42.666666H149.333333a42.666667 42.666667 0 0 1-42.666666-42.666666V682.666667a42.666667 42.666667 0 0 1 42.666666-42.666667zM725.333333 192V298.666667h106.666667V192H725.333333z m-42.666666-85.333333h192a42.666667 42.666667 0 0 1 42.666666 42.666666V341.333333a42.666667 42.666667 0 0 1-42.666666 42.666667H682.666667a42.666667 42.666667 0 0 1-42.666667-42.666667V149.333333a42.666667 42.666667 0 0 1 42.666667-42.666666zM725.333333 725.333333v106.666667h106.666667V725.333333H725.333333z m-42.666666-85.333333h192a42.666667 42.666667 0 0 1 42.666666 42.666667v192a42.666667 42.666667 0 0 1-42.666666 42.666666H682.666667a42.666667 42.666667 0 0 1-42.666667-42.666666V682.666667a42.666667 42.666667 0 0 1 42.666667-42.666667z m-213.333334 0h85.333334v85.333333h-85.333334v-85.333333z m0 149.333333h85.333334v128h-85.333334v-128z m170.666667-320h85.333333v85.333334h-85.333333v-85.333334z m149.333333 0h128v85.333334h-128v-85.333334z\" fill=\"#1D2129\">\u003C/path>\u003C/symbol>\u003Csymbol id=\"iconLock_Yellow\" viewBox=\"0 0 1024 1024\">\u003Cpath d=\"M746.666667 320a234.666667 234.666667 0 0 0-469.333334 0v85.333333H170.666667a42.666667 42.666667 0 0 0-42.666667 42.666667V896a42.666667 42.666667 0 0 0 42.666667 42.666667h682.666666a42.666667 42.666667 0 0 0 42.666667-42.666667V448a42.666667 42.666667 0 0 0-42.666667-42.666667h-106.666666v-85.333333zM213.333333 853.333333v-362.666666h597.333334V853.333333H213.333333z m320-298.666666a21.333333 21.333333 0 0 1 21.333334 21.333333V768a21.333333 21.333333 0 0 1-21.333334 21.333333h-42.666666a21.333333 21.333333 0 0 1-21.333334-21.333333v-192a21.333333 21.333333 0 0 1 21.333334-21.333333h42.666666z m-170.666666-234.666667a149.333333 149.333333 0 1 1 298.666666 0v85.333333h-298.666666v-85.333333z\" fill=\"#FFA510\">\u003C/path>\u003C/symbol>\u003Csymbol id=\"iconunlock\" viewBox=\"0 0 1024 1024\">\u003Cpath d=\"M512 85.333333a234.666667 234.666667 0 0 1 234.666667 234.666667c0 11.776-19.114667 21.333333-42.666667 21.333333s-42.666667-9.557333-42.666667-21.333333A149.418667 149.418667 0 0 0 512 170.666667a149.418667 149.418667 0 0 0-149.333333 149.333333v85.333333H853.333333a42.666667 42.666667 0 0 1 42.666667 42.666667V896a42.666667 42.666667 0 0 1-42.666667 42.666667H170.666667a42.666667 42.666667 0 0 1-42.666667-42.666667V448a42.666667 42.666667 0 0 1 42.666667-42.666667h106.666666v-85.333333A234.666667 234.666667 0 0 1 512 85.333333zM213.333333 853.333333h597.333334v-362.666666H213.333333V853.333333z m320-298.666666a21.333333 21.333333 0 0 1 21.333334 21.333333V768a21.333333 21.333333 0 0 1-21.333334 21.333333h-42.666666a21.333333 21.333333 0 0 1-21.333334-21.333333v-192a21.333333 21.333333 0 0 1 21.333334-21.333333h42.666666z\" fill=\"#1D2129\">\u003C/path>\u003C/symbol>\u003Csymbol id=\"iconfolder\" viewBox=\"0 0 1024 1024\">\u003Cpath d=\"M351.010133 0a136.533333 136.533333 0 0 1 84.650667 29.4144L495.633067 76.8H887.466667c75.409067 0 136.533333 61.124267 136.533333 136.533333v605.866667c0 113.109333-91.690667 204.8-204.8 204.8H640c-72.0384 0-135.3728-37.1968-171.886933-93.422933l-8.234667 11.0592A204.8 204.8 0 0 1 295.697067 1024H204.8c-113.109333 0-204.8-91.690667-204.8-204.8V136.533333C0 61.124267 61.124267 0 136.533333 0h214.4768z\" fill=\"#F8AA28\">\u003C/path>\u003Cpath d=\"M102.4 179.2m102.4 0l614.4 0q102.4 0 102.4 102.4l0 170.666667q0 102.4-102.4 102.4l-614.4 0q-102.4 0-102.4-102.4l0-170.666667q0-102.4 102.4-102.4Z\" fill=\"#FFEFD5\">\u003C/path>\u003Cpath d=\"M0 375.466667c0-56.5504 45.8496-102.4 102.4-102.4h819.2c56.5504 0 102.4 45.8496 102.4 102.4v512c0 75.409067-61.124267 136.533333-136.533333 136.533333H136.533333c-75.409067 0-136.533333-61.124267-136.533333-136.533333V375.466667z\" fill=\"#FBC931\">\u003C/path>\u003C/symbol>\u003Csymbol id=\"iconzoom_in\" viewBox=\"0 0 1024 1024\">\u003Cpath d=\"M475.648 85.333333a390.272 390.272 0 0 1 390.272 390.314667 388.693333 388.693333 0 0 1-88.106667 246.954667l155.136 155.178666a19.541333 19.541333 0 0 1 0 27.562667l-27.605333 27.605333a19.541333 19.541333 0 0 1-27.562667 0l-155.178666-155.136a388.693333 388.693333 0 0 1-246.954667 88.106667A390.272 390.272 0 0 1 85.333333 475.605333 390.272 390.272 0 0 1 475.648 85.333333z m0 78.08a312.234667 312.234667 0 1 0 0 624.426667 312.234667 312.234667 0 1 0 0-624.469333z m19.498667 156.117334a19.498667 19.498667 0 0 1 19.498666 19.498666v97.578667h97.578667a19.498667 19.498667 0 0 1 19.498667 19.498667v39.04a19.498667 19.498667 0 0 1-19.498667 19.498666h-97.578667v97.578667a19.498667 19.498667 0 0 1-19.498666 19.498667h-39.04a19.498667 19.498667 0 0 1-19.498667-19.498667v-97.578667H338.986667a19.498667 19.498667 0 0 1-19.498667-19.498666v-39.04a19.498667 19.498667 0 0 1 19.498667-19.498667h97.578666V339.029333a19.498667 19.498667 0 0 1 19.498667-19.498666h39.04z\" fill=\"#1D2129\">\u003C/path>\u003C/symbol>\u003Csymbol id=\"iconzoom_out\" viewBox=\"0 0 1024 1024\">\u003Cpath d=\"M475.648 85.333333a390.272 390.272 0 0 1 390.272 390.314667 388.693333 388.693333 0 0 1-88.106667 246.954667l155.136 155.178666a19.541333 19.541333 0 0 1 0 27.562667l-27.605333 27.605333a19.541333 19.541333 0 0 1-27.562667 0l-155.178666-155.136a388.693333 388.693333 0 0 1-246.954667 88.106667A390.272 390.272 0 0 1 85.333333 475.605333 390.272 390.272 0 0 1 475.648 85.333333z m0 78.08a312.234667 312.234667 0 1 0 0 624.426667 312.234667 312.234667 0 1 0 0-624.469333z m136.576 273.194667a19.498667 19.498667 0 0 1 19.498667 19.498667v39.04a19.498667 19.498667 0 0 1-19.498667 19.498666H339.029333a19.498667 19.498667 0 0 1-19.498666-19.498666v-39.04a19.498667 19.498667 0 0 1 19.498666-19.498667h273.194667z\" fill=\"#1D2129\">\u003C/path>\u003C/symbol>\u003Csymbol id=\"iconMy_shares\" viewBox=\"0 0 1024 1024\">\u003Cpath d=\"M124.586667 58.026667h159.573333c12.8 0 24.746667 4.266667 34.986667 12.8l54.613333 46.08c9.386667 8.533333 22.186667 12.8 34.986667 12.8h482.133333c41.813333 0 75.093333 34.133333 75.093333 75.093333v532.48c0 41.813333-34.133333 75.093333-75.093333 75.093333H124.586667c-41.813333 0-75.093333-34.133333-75.093334-75.093333V133.12c-0.853333-41.813333 33.28-75.093333 75.093334-75.093333z\" fill=\"#FFB02C\">\u003C/path>\u003Cpath d=\"M48.64 219.306667h841.386667c41.813333 0 75.093333 34.133333 75.093333 75.093333v547.84c0 13.653333-11.093333 23.893333-23.893333 23.893333H73.386667c-13.653333 0-23.893333-11.093333-23.893334-23.893333v-622.933333h-0.853333z\" fill=\"#FFCA28\">\u003C/path>\u003Cpath d=\"M48.64 219.306667h841.386667c41.813333 0 75.093333 34.133333 75.093333 75.093333v547.84c0 13.653333-11.093333 23.893333-23.893333 23.893333H73.386667c-13.653333 0-23.893333-11.093333-23.893334-23.893333v-622.933333h-0.853333z\" fill=\"#FFCA28\">\u003C/path>\u003Cpath d=\"M48.64 219.306667h841.386667c41.813333 0 75.093333 34.133333 75.093333 75.093333v547.84c0 13.653333-11.093333 23.893333-23.893333 23.893333H73.386667c-13.653333 0-23.893333-11.093333-23.893334-23.893333v-622.933333h-0.853333z\" fill=\"#FFCA28\">\u003C/path>\u003Cpath d=\"M1000.106667 744.96c-16.213333-29.013333-41.813333-18.773333-123.733334 3.413333-36.693333 10.24-69.973333 24.746667-155.306666 46.933334-31.573333 8.533333-64.853333 11.946667-107.52 0-43.52-11.946667-65.706667-20.48-88.746667-29.866667-23.893333-9.386667-57.173333-20.48-75.946667-33.28s-5.12-34.133333 11.093334-32.426667c29.866667 3.413333 66.56 22.186667 99.84 34.133334s58.88 23.04 98.986666 23.04c21.333333 0 39.253333-20.48 43.52-37.546667s-4.266667-40.106667-20.48-51.2c-11.093333-7.68-22.186667-14.506667-34.133333-20.48-33.28-17.92-65.706667-35.84-98.986667-52.906667-58.88-30.72-117.76-59.733333-180.053333-85.333333-62.293333-25.6-117.76-29.013333-175.786667 2.56-37.546667 20.48-75.093333 40.106667-112.64 59.733333-3.413333 1.706667-17.066667 9.386667-31.573333 17.92v285.013334h116.053333c46.933333 0 92.16 5.12 138.24 14.506666 68.266667 13.653333 187.733333 55.466667 289.28 78.506667 45.226667 10.24 103.253333 9.386667 146.773334-6.826667 84.48-32.426667 101.546667-45.226667 168.96-93.866666 69.973333-51.2 108.373333-93.866667 92.16-122.026667z\" fill=\"#0092FF\">\u003C/path>\u003C/symbol>\u003Csymbol id=\"iconarrow\" viewBox=\"0 0 1024 1024\">\u003Cpath d=\"M433.237333 430.72H285.525333c-1.408 0-2.773333-0.256-4.522666-0.469333a29.738667 29.738667 0 0 1-6.4-1.877334l-1.450667-0.725333c-0.938667-0.426667-1.877333-0.853333-2.816-1.408a32.128 32.128 0 0 1-13.781333-22.186667 34.986667 34.986667 0 0 1-0.426667-4.821333c0-0.426667-0.128-0.768-0.128-1.152 0-0.682667 0.128-1.322667 0.170667-2.005333 0.085333-0.725333 0.085333-1.408 0.213333-2.133334a34.389333 34.389333 0 0 1 5.546667-15.36l221.738666-273.152c5.845333-11.306667 17.365333-21.973333 28.330667-19.797333 10.965333-2.176 22.442667 8.490667 28.373333 19.797333l221.696 273.152a34.133333 34.133333 0 0 1 5.546667 15.36c0.128 0.725333 0.128 1.408 0.213333 2.133334 0 0.682667 0.170667 1.28 0.170667 2.005333l-0.085333 1.152a39.893333 39.893333 0 0 1-0.597334 5.674667 31.701333 31.701333 0 0 1-13.653333 21.333333c-0.938667 0.597333-1.877333 0.938667-2.858667 1.408l-1.408 0.725333c-0.938667 0.384-1.877333 0.682667-2.816 0.938667a26.069333 26.069333 0 0 1-3.968 0.938667c-1.365333 0.213333-2.730667 0.469333-4.138666 0.469333h-147.712v487.637333a20.650667 20.650667 0 0 1-5.76 14.336 19.413333 19.413333 0 0 1-13.909334 5.973334h-118.186666a19.413333 19.413333 0 0 1-13.909334-5.973334 20.650667 20.650667 0 0 1-5.76-14.336V430.72z\" fill=\"#1D2129\">\u003C/path>\u003C/symbol>\u003Csymbol id=\"iconarrowup\" viewBox=\"0 0 1024 1024\">\u003Cpath d=\"M512 1015.466667C239.786667 1015.466667 18.773333 794.453333 18.773333 522.24S239.786667 29.013333 512 29.013333s493.226667 221.013333 493.226667 493.226667S784.213333 1015.466667 512 1015.466667z m0-909.653334c-229.546667 0-416.426667 186.88-416.426667 416.426667S282.453333 938.666667 512 938.666667s416.426667-186.88 416.426667-416.426667S741.546667 105.813333 512 105.813333z\" fill=\"#333333\">\u003C/path>\u003Cpath d=\"M514.56 752.64c-21.333333 0-38.4-17.066667-38.4-38.4V378.026667c0-21.333333 17.066667-38.4 38.4-38.4s38.4 17.066667 38.4 38.4v336.213333c0 21.333333-17.066667 38.4-38.4 38.4z\" fill=\"#333333\">\u003C/path>\u003Cpath d=\"M356.693333 527.36c-10.24 0-21.333333-4.266667-28.16-12.8-14.506667-15.36-12.8-40.106667 2.56-54.613333l187.733334-168.96 178.346666 163.84c15.36 14.506667 17.066667 38.4 2.56 54.613333-14.506667 15.36-38.4 17.066667-54.613333 2.56L518.826667 395.093333l-136.533334 122.88c-6.826667 5.973333-16.213333 9.386667-25.6 9.386667z\" fill=\"#333333\">\u003C/path>\u003C/symbol>\u003Csymbol id=\"icontos_task_bg_off1\" viewBox=\"0 0 1024 1024\">\u003Cpath d=\"M692.053333 983.04H167.253333c-64.853333 0-116.906667-52.053333-116.906666-116.906667V341.333333c0-64.853333 52.053333-116.906667 116.906666-116.906666H691.2c64.853333 0 117.76 52.906667 117.76 117.76v523.946666c0 64.853333-52.053333 116.906667-116.906667 116.906667zM167.253333 301.226667c-22.186667 0-40.106667 17.92-40.106666 40.106666v524.8c0 22.186667 17.92 40.106667 40.106666 40.106667h524.8c22.186667 0 40.106667-17.92 40.106667-40.106667V342.186667c0-22.186667-18.773333-40.96-40.96-40.96H167.253333z\" fill=\"#333333\">\u003C/path>\u003Cpath d=\"M505.173333 338.773333h76.8v209.066667h-76.8z\" fill=\"#333333\">\u003C/path>\u003Cpath d=\"M417.28 542.72l126.293333 126.293333 126.293334-126.293333zM274.773333 663.04h76.8v209.066667h-76.8z\" fill=\"#333333\">\u003C/path>\u003Cpath d=\"M186.88 668.16l126.293333-126.293333 126.293334 126.293333zM860.16 47.786667H336.213333c-64.853333 0-116.906667 52.053333-116.906666 116.906666 0 20.48 16.213333 36.693333 36.693333 36.693334h4.266667c20.48 0 36.693333-16.213333 36.693333-36.693334 0-22.186667 17.92-40.106667 40.106667-40.106666h523.946666c23.04 0 40.96 17.92 40.96 40.96v523.946666c0 22.186667-17.92 40.106667-40.106666 40.106667h-3.413334c-21.333333 0-38.4 17.066667-38.4 38.4s17.066667 38.4 38.4 38.4h3.413334c64.853333 0 116.906667-52.053333 116.906666-116.906667V165.546667c-0.853333-64.853333-52.906667-117.76-118.613333-117.76z\" fill=\"#333333\">\u003C/path>\u003C/symbol>\u003Csymbol id=\"icontos_task_bg1\" viewBox=\"0 0 1024 1024\">\u003Cpath d=\"M680.96 979.626667H156.16c-64.853333 0-116.906667-52.053333-116.906667-116.906667V337.92c0-64.853333 52.053333-116.906667 116.906667-116.906667h523.946667c64.853333 0 117.76 52.906667 117.76 117.76v523.946667c0 64.853333-52.053333 116.906667-116.906667 116.906667zM156.16 297.813333c-22.186667 0-40.106667 17.92-40.106667 40.106667v524.8c0 22.186667 17.92 40.106667 40.106667 40.106667h524.8c22.186667 0 40.106667-17.92 40.106667-40.106667V338.773333c0-22.186667-18.773333-40.96-40.96-40.96H156.16z\" fill=\"#333333\">\u003C/path>\u003Cpath d=\"M253.44 335.36h76.8v209.066667h-76.8z\" fill=\"#333333\">\u003C/path>\u003Cpath d=\"M165.546667 539.306667L292.693333 665.6l126.293334-126.293333zM502.613333 659.626667h76.8v209.066666h-76.8z\" fill=\"#333333\">\u003C/path>\u003Cpath d=\"M414.72 664.746667l126.293333-126.293334 126.293334 126.293334zM849.066667 44.373333H325.12c-64.853333 0-116.906667 52.053333-116.906667 116.906667 0 20.48 16.213333 36.693333 36.693334 36.693333h4.266666c20.48 0 36.693333-16.213333 36.693334-36.693333 0-22.186667 17.92-40.106667 40.106666-40.106667h523.946667c23.04 0 40.96 17.92 40.96 40.96v523.946667c0 22.186667-17.92 40.106667-40.106667 40.106667h-3.413333c-21.333333 0-38.4 17.066667-38.4 38.4s17.066667 38.4 38.4 38.4h3.413333c64.853333 0 116.906667-52.053333 116.906667-116.906667V162.133333c-0.853333-64.853333-53.76-117.76-118.613333-117.76z\" fill=\"#333333\">\u003C/path>\u003C/symbol>\u003Csymbol id=\"iconThunmbnail\" viewBox=\"0 0 1024 1024\">\u003Cpath d=\"M372.906667 500.906667H170.666667c-69.12 0-124.586667-55.466667-124.586667-124.586667V187.733333C46.933333 119.466667 103.253333 64 170.666667 64h201.386666c69.12 0 124.586667 55.466667 124.586667 124.586667v189.44c0 67.413333-55.466667 122.88-123.733333 122.88zM170.666667 140.8c-25.6 0-46.933333 21.333333-47.786667 47.786667v187.733333c0 26.453333 21.333333 47.786667 47.786667 47.786667h202.24c25.6 0 46.933333-21.333333 46.933333-46.08V188.586667c0-26.453333-21.333333-47.786667-47.786667-47.786667H170.666667zM853.333333 500.906667H651.093333c-68.266667 0-124.586667-55.466667-124.586666-124.586667V187.733333c0-69.12 55.466667-124.586667 124.586666-124.586666H853.333333c68.266667 0 124.586667 55.466667 124.586667 124.586666v189.44c-0.853333 68.266667-57.173333 123.733333-124.586667 123.733334zM651.093333 139.946667c-26.453333 0-47.786667 21.333333-47.786666 47.786666v188.586667c0 26.453333 21.333333 47.786667 47.786666 47.786667H853.333333c25.6 0 46.933333-21.333333 47.786667-47.786667V187.733333c0-26.453333-21.333333-47.786667-47.786667-47.786666H651.093333zM372.906667 971.946667H170.666667c-69.12 0-124.586667-55.466667-124.586667-124.586667V657.92c0-68.266667 55.466667-124.586667 124.586667-124.586667h201.386666c69.12 0 124.586667 55.466667 124.586667 124.586667v189.44c0 68.266667-55.466667 124.586667-123.733333 124.586667zM170.666667 610.133333c-26.453333 0-47.786667 21.333333-47.786667 47.786667v189.44c0 26.453333 21.333333 47.786667 47.786667 47.786667h202.24c25.6 0 46.933333-22.186667 46.933333-47.786667V657.92c0-26.453333-21.333333-47.786667-47.786667-47.786667H170.666667zM853.333333 971.946667H651.093333c-68.266667 0-124.586667-55.466667-124.586666-124.586667V657.92c0-68.266667 55.466667-124.586667 124.586666-124.586667H853.333333c68.266667 0 124.586667 55.466667 124.586667 124.586667v189.44c-0.853333 69.12-57.173333 124.586667-124.586667 124.586667zM651.093333 610.133333c-26.453333 0-47.786667 21.333333-47.786666 47.786667v189.44c0 26.453333 21.333333 47.786667 47.786666 47.786667H853.333333c25.6 0 46.933333-22.186667 47.786667-48.64V657.92c0-26.453333-21.333333-47.786667-47.786667-47.786667H651.093333z\" fill=\"#333333\">\u003C/path>\u003C/symbol>\u003Csymbol id=\"iconSorting\" viewBox=\"0 0 1024 1024\">\u003Cpath d=\"M707.413333 498.346667l-410.453333-5.12c-19.626667 0-39.253333-11.093333-48.64-29.013334-9.386667-17.92-8.533333-39.253333 1.706667-56.32l200.533333-332.8c10.24-17.066667 28.16-27.306667 47.786667-27.306666s37.546667 10.24 47.786666 26.453333l209.92 338.773333c10.24 17.066667 10.24 39.253333 0 56.32-10.24 18.773333-28.16 29.013333-48.64 29.013334z m-372.053333-81.066667l335.36 4.266667-171.52-277.333334-163.84 273.066667z m-37.546667-0.853333z m183.466667-301.226667zM499.2 987.306667c-0.853333 0-0.853333 0 0 0-19.626667 0-37.546667-10.24-47.786667-26.453334l-200.533333-332.8c-11.093333-17.066667-11.093333-38.4-1.706667-56.32 9.386667-17.92 28.16-29.013333 48.64-29.013333l408.746667-5.973333c20.48 0 38.4 10.24 48.64 28.16 10.24 17.92 10.24 39.253333 0 56.32v1.706666L546.133333 960.853333c-10.24 16.213333-28.16 26.453333-46.933333 26.453334z m-17.92-67.413334zM335.36 618.666667l163.84 272.213333L670.72 614.4l-335.36 4.266667z m-36.693333 0.853333z\" fill=\"#333333\">\u003C/path>\u003C/symbol>\u003Csymbol id=\"iconSearch_settings1\" viewBox=\"0 0 1024 1024\">\u003Cpath d=\"M261.3248 204.8c138.752 0 251.136 105.984 251.136 236.8 0 49.4592-16.0768 95.3856-43.52 133.3248l100.1472 94.464a13.312 13.312 0 0 1 0 19.712l-25.088 23.6544a15.5136 15.5136 0 0 1-20.8384 0l-97.536-92.0064a259.1744 259.1744 0 0 1-164.3008 57.7024C122.6752 678.4 10.24 572.416 10.24 441.6 10.24 310.8352 122.6752 204.8 261.3248 204.8z m0 58.5216c-104.448 0-189.0816 79.7696-189.0816 178.2784 0 98.5088 84.6336 178.3296 189.0816 178.3296s189.0816-79.872 189.0816-178.3296c0-98.5088-84.5824-178.2784-189.0816-178.2784z\" fill=\"#1D2129\">\u003C/path>\u003Cpath d=\"M988.7232 477.696q0.512-0.512 0.9216-1.1264l0.6656-1.28q0.3072-0.6656 0.512-1.3824 0.2048-0.6656 0.3072-1.4336l0.1024-1.4336-0.1024-1.4336q-0.1024-0.768-0.3072-1.4336-0.2048-0.7168-0.512-1.3824l-0.6656-1.28q-0.4096-0.6144-0.9216-1.1776l-1.024-1.024q-0.512-0.512-1.1776-0.8704-0.6144-0.4096-1.28-0.7168l-1.3312-0.512-1.4336-0.3072Q981.76 460.8 980.992 460.8h-221.184q-0.768 0-1.4848 0.1024l-1.4336 0.3072-1.3312 0.512q-0.6656 0.3072-1.28 0.7168-0.6144 0.3584-1.1776 0.8704l-1.024 1.024q-0.512 0.512-0.9216 1.1776l-0.6656 1.28q-0.3072 0.6656-0.512 1.3824-0.2048 0.6656-0.3072 1.4336l-0.1024 1.4336 0.1024 1.4336q0.1024 0.768 0.3072 1.4336 0.2048 0.7168 0.512 1.3824l0.6656 1.28q0.4096 0.6144 0.9216 1.1776l110.592 127.6928q0.7168 0.8704 1.5872 1.536 0.8704 0.6144 1.8944 1.0752 1.024 0.512 2.048 0.7168 1.0752 0.2048 2.2016 0.2048 1.1264 0 2.2016-0.2048 1.024-0.256 2.048-0.7168 1.024-0.4608 1.8944-1.0752 0.8704-0.6656 1.5872-1.536l110.592-127.6928z\" fill=\"#1D2129\">\u003C/path>\u003C/symbol>\u003Csymbol id=\"iconEdit\" viewBox=\"0 0 1024 1024\">\u003Cpath d=\"M175.957333 938.624c-6.314667 0-12.544-1.194667-18.346666-3.498667a48.213333 48.213333 0 0 1-15.573334-9.898666 45.610667 45.610667 0 0 1-10.368-14.805334 43.776 43.776 0 0 1-3.669333-17.493333V130.986667c0-12.117333 5.034667-23.722667 14.08-32.298667 8.96-8.533333 21.162667-13.354667 33.877333-13.354667h488.704c12.757333 0 24.96 4.821333 33.962667 13.397334 9.002667 8.533333 14.08 20.181333 14.08 32.298666 0 12.16-5.077333 23.765333-14.08 32.341334a49.237333 49.237333 0 0 1-33.92 13.397333H223.914667v670.506667h576v-335.232c0-12.117333 5.12-23.765333 14.08-32.341334 9.002667-8.533333 21.205333-13.397333 33.962666-13.397333 12.714667 0 24.917333 4.821333 33.962667 13.397333 8.96 8.576 14.037333 20.181333 14.037333 32.341334v380.970666c0 5.973333-1.28 11.946667-3.669333 17.493334-2.389333 5.546667-5.973333 10.581333-10.410667 14.805333a48.213333 48.213333 0 0 1-15.573333 9.898667 50.090667 50.090667 0 0 1-18.346667 3.456l-672.042666-0.042667z m332.8-364.842667a44.8 44.8 0 0 1-14.250666-32.341333 44.714667 44.714667 0 0 1 13.866666-32.426667l305.621334-293.034666c9.088-8.106667 21.12-12.544 33.536-12.373334 12.458667 0.170667 24.32 4.949333 33.152 13.312 8.832 8.32 13.909333 19.626667 14.165333 31.488 0.256 11.818667-4.352 23.296-12.8 32l-305.450667 292.992c-8.96 8.618667-21.12 13.482667-33.792 13.568a49.450667 49.450667 0 0 1-34.048-13.141333v-0.042667z\" fill=\"#1D2129\">\u003C/path>\u003C/symbol>\u003Csymbol id=\"iconcopy\" viewBox=\"0 0 1024 1024\">\u003Cpath d=\"M657.0496 266.24c11.3152 0 22.1696 4.3008 30.208 11.9808 7.9872 7.68 12.4928 18.1248 12.4928 28.9792v577.9968c0 20.1216-17.8688 36.4032-39.8336 36.4032H142.2336c-22.016 0-39.8336-16.2816-39.8336-36.4032V302.592c0-20.1216 17.8176-36.4032 39.8336-36.4032h514.816zM614.4 348.16H187.7504v491.52H614.4V348.16zM827.7504 102.4c11.264 0 22.1696 4.3008 30.1568 11.9808 7.9872 7.68 12.4928 18.1248 12.4928 28.9792v512a20.0704 20.0704 0 0 1-6.2464 14.4896 21.8112 21.8112 0 0 1-15.104 5.9904h-42.6496a21.76 21.76 0 0 1-15.104-5.9904 20.0704 20.0704 0 0 1-6.2464-14.4896V184.32H379.7504a21.8112 21.8112 0 0 1-15.104-5.9904A20.0704 20.0704 0 0 1 358.4 163.84v-40.96c0-5.4272 2.2528-10.6496 6.2464-14.4896A21.8112 21.8112 0 0 1 379.7504 102.4h448z\" fill=\"#6B7785\">\u003C/path>\u003C/symbol>\u003Csymbol id=\"iconReject\" viewBox=\"0 0 1024 1024\">\u003Cpath d=\"M512 453.717333l276.992-276.992a20.608 20.608 0 0 1 29.141333 0l29.141334 29.141334a20.565333 20.565333 0 0 1 0 29.184l-276.949334 276.992 276.949334 276.906666a20.608 20.608 0 0 1 0 29.184l-29.141334 29.141334a20.608 20.608 0 0 1-29.141333 0L512 570.325333l-276.992 276.949334a20.608 20.608 0 0 1-29.141333 0l-29.184-29.141334a20.608 20.608 0 0 1 0-29.141333L453.674667 512 176.725333 235.093333a20.608 20.608 0 0 1 0-29.184l29.141334-29.141333a20.608 20.608 0 0 1 29.184 0L512 453.674667z\" fill=\"#1D2129\">\u003C/path>\u003C/symbol>\u003Csymbol id=\"iconmistake\" viewBox=\"0 0 1024 1024\">\u003Cpath d=\"M512 446.421333l311.594667-311.594666a23.210667 23.210667 0 0 1 32.810666 0l32.768 32.810666a23.253333 23.253333 0 0 1 0 32.810667L577.621333 512l311.594667 311.552a23.210667 23.210667 0 0 1 0 32.768l-32.810667 32.810667a23.210667 23.210667 0 0 1-32.768 0L512 577.621333 200.405333 889.173333a23.253333 23.253333 0 0 1-32.853333 0l-32.768-32.810666a23.210667 23.210667 0 0 1 0-32.810667L446.378667 512 134.826667 200.448a23.168 23.168 0 0 1 0-32.810667l32.768-32.810666a23.210667 23.210667 0 0 1 32.853333 0L512 446.378667z\" fill=\"#3491FA\">\u003C/path>\u003C/symbol>\u003Csymbol id=\"iconfullscreen\" viewBox=\"0 0 1024 1024\">\u003Cpath d=\"M147.822933 202.9824l54.510934-54.101333 664.200533 669.294933-54.510933 54.101333z\" fill=\"#333333\">\u003C/path>\u003Cpath d=\"M61.44 71.68l23.04 280.746667L342.186667 93.866667zM963.413333 968.533333L682.666667 946.346667l257.706666-258.56zM144.9728 837.742933l669.1584-663.125333 54.058667 54.545067-669.1584 663.125333z\" fill=\"#333333\">\u003C/path>\u003Cpath d=\"M64.853333 965.12l281.6-11.946667-248.32-267.946666zM970.24 71.68L947.2 352.426667 689.493333 94.72z\" fill=\"#333333\">\u003C/path>\u003C/symbol>\u003Csymbol id=\"iconarrow_down1\" viewBox=\"0 0 1024 1024\">\u003Cpath d=\"M40.106667 213.333333l474.453333 471.893334 469.333333-471.893334z\" fill=\"#1EB300\">\u003C/path>\u003C/symbol>\u003Csymbol id=\"iconarrow_up1\" viewBox=\"0 0 1024 1024\">\u003Cpath d=\"M40.106667 685.226667L514.56 213.333333l469.333333 471.893334z\" fill=\"#0086E6\">\u003C/path>\u003C/symbol>\u003Csymbol id=\"iconBackup\" viewBox=\"0 0 1024 1024\">\u003Cpath d=\"M193.834667 272.64c5.802667 0 11.392 2.218667 15.530666 6.101333 4.096 3.925333 6.4 9.216 6.4 14.72v561.92h592.213334c5.845333 0 11.434667 2.218667 15.530666 6.144 4.138667 3.882667 6.442667 9.173333 6.442667 14.72v41.6c0 5.546667-2.304 10.837333-6.4 14.72a22.570667 22.570667 0 0 1-15.530667 6.101334H171.861333c-11.605333 0-22.784-4.394667-31.018666-12.202667a40.576 40.576 0 0 1-12.842667-29.44V293.461333c0-5.546667 2.304-10.794667 6.4-14.72a22.570667 22.570667 0 0 1 15.530667-6.101333h43.904zM714.794667 85.333333c5.845333 0 11.690667 1.109333 17.066666 3.285334 5.461333 2.176 10.368 5.376 14.421334 9.386666l137.344 134.4a40.533333 40.533333 0 0 1 12.373333 29.013334v492.245333c0 5.12-0.981333 10.24-3.029333 14.933333a38.954667 38.954667 0 0 1-8.874667 12.8 41.472 41.472 0 0 1-13.312 8.533334 43.136 43.136 0 0 1-15.786667 3.029333H322.56a43.093333 43.093333 0 0 1-15.744-3.029333 41.429333 41.429333 0 0 1-13.312-8.533334 38.997333 38.997333 0 0 1-8.874667-12.8 37.333333 37.333333 0 0 1-3.029333-14.933333V124.672c0-21.76 18.346667-39.338667 40.96-39.338667h392.234667z m-18.688 83.242667H369.365333v541.141333h438.869334V279.381333l-112.128-110.805333z m-85.333334 333.013333c5.802667 0 11.392 2.176 15.488 6.101334 4.096 3.925333 6.4 9.216 6.4 14.72v41.642666c0 5.504-2.304 10.794667-6.4 14.677334a22.570667 22.570667 0 0 1-15.530666 6.101333H479.146667a22.570667 22.570667 0 0 1-15.530667-6.101333 20.266667 20.266667 0 0 1-6.4-14.72v-41.6c0-5.546667 2.261333-10.794667 6.4-14.72a22.570667 22.570667 0 0 1 15.530667-6.101334h131.626666z m87.722667-166.485333c5.845333 0 11.434667 2.176 15.530667 6.101333 4.096 3.882667 6.4 9.173333 6.4 14.677334v41.642666c0 5.546667-2.304 10.837333-6.4 14.72a22.570667 22.570667 0 0 1-15.530667 6.101334H479.146667a22.570667 22.570667 0 0 1-15.530667-6.101334 20.309333 20.309333 0 0 1-6.4-14.72v-41.642666c0-5.504 2.261333-10.794667 6.4-14.677334a22.570667 22.570667 0 0 1 15.530667-6.101333h219.392z\" fill=\"#1D2129\">\u003C/path>\u003C/symbol>\u003Csymbol id=\"iconbeep\" viewBox=\"0 0 1024 1024\">\u003Cpath d=\"M889.856 752l-83.754667-109.525333v-161.28c0-208.64-115.626667-297.557333-237.354666-314.581334v-19.626666c0-16.384-5.973333-32.042667-16.64-43.605334A54.613333 54.613333 0 0 0 512 85.333333a54.613333 54.613333 0 0 0-40.106667 18.048c-10.666667 11.562667-16.64 27.221333-16.64 43.562667v19.669333c-121.728 17.066667-237.354667 105.898667-237.354666 314.496v161.365334l-83.754667 109.525333a30.805333 30.805333 0 0 0-3.669333 30.592c2.176 4.949333 5.546667 9.130667 9.813333 12.032 4.266667 2.901333 9.216 4.437333 14.250667 4.394667h714.965333a24.874667 24.874667 0 0 0 14.208-4.437334c4.266667-2.901333 7.68-7.082667 9.813333-12.032a30.848 30.848 0 0 0-3.669333-30.549333zM512 938.666667c21.461333 0 42.026667-9.258667 57.173333-25.770667 15.189333-16.469333 23.722667-38.826667 23.722667-62.08h-161.834667c0 23.296 8.533333 45.653333 23.722667 62.08 15.146667 16.512 35.754667 25.770667 57.173333 25.770667z\" fill=\"#1D2129\">\u003C/path>\u003C/symbol>\u003Csymbol id=\"iconbrowse\" viewBox=\"0 0 1024 1024\">\u003Cpath d=\"M878.08 960H145.92c-63.146667 0-114.346667-51.2-114.346667-114.346667V197.973333c0-63.146667 51.2-114.346667 114.346667-114.346666h217.6c30.72 0 58.88 11.946667 81.066667 33.28l98.133333 98.133333c6.826667 6.826667 16.213333 11.093333 26.453333 11.093333H878.933333c63.146667 0 114.346667 51.2 114.346667 114.346667v505.173333c-0.853333 63.146667-52.053333 114.346667-115.2 114.346667zM145.92 160.426667c-20.48 0-37.546667 17.066667-37.546667 37.546666v647.68c0 20.48 17.066667 37.546667 37.546667 37.546667h732.16c20.48 0 37.546667-17.066667 37.546667-37.546667V339.626667c0-20.48-17.066667-37.546667-37.546667-37.546667H569.173333c-30.72 0-58.88-11.946667-81.066666-33.28L389.973333 171.52c-6.826667-6.826667-16.213333-11.093333-26.453333-11.093333H145.92z\" fill=\"#333333\">\u003C/path>\u003Cpath d=\"M465.066667 715.946667C368.64 715.946667 290.133333 637.44 290.133333 541.013333s78.506667-174.933333 174.933334-174.933333S640 445.44 640 541.866667s-78.506667 174.08-174.933333 174.08z m0-272.213334C411.306667 443.733333 366.933333 487.253333 366.933333 541.866667S410.453333 640 465.066667 640 563.2 595.626667 563.2 541.866667 519.68 443.733333 465.066667 443.733333z\" fill=\"#333333\">\u003C/path>\u003Cpath d=\"M708.266667 821.76c-9.386667 0-19.626667-3.413333-26.453334-11.093333L533.333333 666.453333c-15.36-14.506667-15.36-39.253333-0.853333-54.613333 14.506667-15.36 39.253333-15.36 54.613333-0.853333l148.48 144.213333c15.36 14.506667 15.36 39.253333 0.853334 54.613333-7.68 7.68-17.92 11.946667-28.16 11.946667z\" fill=\"#333333\">\u003C/path>\u003C/symbol>\u003Csymbol id=\"iconcancel_all\" viewBox=\"0 0 1024 1024\">\u003Cpath d=\"M48.64 119.466667h914.773333v76.8H48.64zM48.64 351.573333h914.773333v76.8H48.64zM48.64 583.68h482.133333v76.8H48.64zM48.64 815.786667h482.133333v76.8H48.64zM653.653333 892.586667c-9.386667 0-19.626667-3.413333-26.453333-11.093334-15.36-14.506667-15.36-39.253333-0.853333-54.613333l260.266666-269.653333c14.506667-15.36 39.253333-15.36 54.613334-0.853334 15.36 14.506667 15.36 39.253333 0.853333 54.613334l-260.266667 269.653333c-8.533333 7.68-18.773333 11.946667-28.16 11.946667z\" fill=\"#333333\">\u003C/path>\u003Cpath d=\"M913.92 892.586667c-10.24 0-20.48-4.266667-27.306667-11.946667L625.493333 610.986667c-14.506667-15.36-14.506667-39.253333 0.853334-54.613334 15.36-14.506667 39.253333-14.506667 54.613333 0.853334L941.226667 827.733333c14.506667 15.36 14.506667 39.253333-0.853334 54.613334-7.68 6.826667-17.066667 10.24-26.453333 10.24z\" fill=\"#333333\">\u003C/path>\u003C/symbol>\u003Csymbol id=\"iconClose1\" viewBox=\"0 0 1024 1024\">\u003Cpath d=\"M512 938.666667c235.648 0 426.666667-191.018667 426.666667-426.666667S747.648 85.333333 512 85.333333 85.333333 276.352 85.333333 512s191.018667 426.666667 426.666667 426.666667z m0-77.568a349.098667 349.098667 0 1 1 0-698.197334 349.098667 349.098667 0 0 1 0 698.197334z m96-499.925334a19.370667 19.370667 0 0 1 27.434667 0l27.434666 27.392a19.413333 19.413333 0 0 1 0 27.434667L566.869333 512l96 96a19.370667 19.370667 0 0 1 0 27.434667l-27.434666 27.434666a19.370667 19.370667 0 0 1-27.434667 0L512 566.869333l-96 96a19.413333 19.413333 0 0 1-27.434667 0l-27.392-27.434666a19.370667 19.370667 0 0 1 0-27.434667l96-96-96-96a19.413333 19.413333 0 0 1 0-27.434667l27.392-27.392a19.413333 19.413333 0 0 1 27.434667 0l96 96 96-96z\" fill=\"#1D2129\">\u003C/path>\u003C/symbol>\u003Csymbol id=\"iconCloseeyes\" viewBox=\"0 0 1024 1024\">\u003Cpath d=\"M512.597333 627.626667c-28.885333 0-57.088-2.432-84.48-7.125334l-21.888 87.381334a23.381333 23.381333 0 0 1-10.24 14.293333 20.693333 20.693333 0 0 1-16.64 2.346667l-42.368-12.16a21.504 21.504 0 0 1-7.68-4.053334 24.661333 24.661333 0 0 1-7.850666-24.746666l21.418666-85.546667a473.856 473.856 0 0 1-99.968-50.346667L173.226667 622.464a20.693333 20.693333 0 0 1-31.061334 0l-31.061333-33.28a24.405333 24.405333 0 0 1-6.4-16.597333c0-6.229333 2.304-12.202667 6.4-16.64l61.44-65.792a423.125333 423.125333 0 0 1-78.165333-107.605334l-3.114667-6.314666-3.712-8.021334a25.002667 25.002667 0 0 1 4.224-26.794666l6.4-6.826667 3.370667-3.328 15.786666-15.36 6.272-6.314667 4.266667-4.522666a19.626667 19.626667 0 0 1 7.509333-5.12 18.474667 18.474667 0 0 1 17.194667 2.133333c2.56 1.706667 4.693333 4.053333 6.229333 6.826667l1.152 2.304c54.613333 131.285333 185.557333 222.421333 352.682667 222.421333 160.128 0 294.101333-88.704 347.818667-210.432 1.493333-3.285333 3.072-7.253333 4.778666-11.946667a20.053333 20.053333 0 0 1 4.906667-7.424 17.493333 17.493333 0 0 1 23.722667-1.024l1.877333 1.749334 36.565333 39.125333a25.002667 25.002667 0 0 1 4.138667 27.093333l-4.693333 9.813334c-2.176 4.48-4.138667 8.32-5.802667 11.434666a425.728 425.728 0 0 1-79.146667 103.936l56.021334 60.032c4.138667 4.394667 6.4 10.368 6.4 16.597334a24.362667 24.362667 0 0 1-6.4 16.64l-31.018667 33.237333a21.248 21.248 0 0 1-15.530667 6.826667 21.248 21.248 0 0 1-15.530666-6.826667l-65.493334-70.144c-29.397333 18.688-60.501333 34.005333-92.885333 45.738667l21.376 85.546666a25.130667 25.130667 0 0 1-2.176 17.834667 23.125333 23.125333 0 0 1-5.632 6.912 21.504 21.504 0 0 1-7.68 4.053333l-42.410667 12.16a20.693333 20.693333 0 0 1-16.64-2.346666 23.381333 23.381333 0 0 1-10.24-14.293334l-21.845333-87.381333c-27.946667 4.778667-56.192 7.125333-84.48 7.125333z\" fill=\"#1D2129\">\u003C/path>\u003C/symbol>\u003Csymbol id=\"iconCreate\" viewBox=\"0 0 1024 1024\">\u003Cpath d=\"M512 85.333333c235.648 0 426.666667 191.018667 426.666667 426.666667s-191.018667 426.666667-426.666667 426.666667S85.333333 747.648 85.333333 512 276.352 85.333333 512 85.333333z m0 77.568a349.098667 349.098667 0 1 0 0 698.197334 349.098667 349.098667 0 0 0 0-698.197334z m38.826667 174.549334a19.413333 19.413333 0 0 0-19.456-19.370667h-38.784a19.413333 19.413333 0 0 0-19.370667 19.370667v135.765333H337.450667a19.413333 19.413333 0 0 0-19.370667 19.413333v38.784a19.413333 19.413333 0 0 0 19.370667 19.370667h135.765333v135.765333a19.413333 19.413333 0 0 0 19.413333 19.370667h38.784a19.413333 19.413333 0 0 0 19.370667-19.370667v-135.765333h135.765333a19.413333 19.413333 0 0 0 19.370667-19.413333v-38.784a19.413333 19.413333 0 0 0-19.370667-19.370667h-135.765333V337.450667z\" fill=\"#1D2129\">\u003C/path>\u003C/symbol>\u003Csymbol id=\"iconConnect\" viewBox=\"0 0 1024 1024\">\u003Cpath d=\"M394.24 688.768l289.877333-289.877333-59.008-59.008-289.877333 289.877333 59.008 59.008z m87.168-12.416a91.008 91.008 0 0 1-21.205333 95.189333c-56.234667 56.106667-74.453333 84.053333-122.325334 84.053334-47.530667 0-61.141333-22.997333-142.592-104.234667a91.392 91.392 0 0 1 0-129.28c51.072-50.901333 86.186667-102.784 153.856-78.208l61.994667-61.824a175.232 175.232 0 0 0-217.173333 23.893333L136.533333 563.370667a174.378667 174.378667 0 0 0-0.042666 246.741333C212.48 886.016 249.386667 938.666667 337.877333 938.666667c85.504 0 122.538667-49.834667 181.162667-108.373334a174.122667 174.122667 0 0 0 24.448-215.893333l-62.08 61.952z m406.229333-462.378667l-77.653333-77.653333a174.634667 174.634667 0 0 0-246.613333 0L505.941333 193.706667a174.506667 174.506667 0 0 0-23.893333 216.661333l61.866667-61.866667a90.752 90.752 0 0 1 20.778666-96c57.813333-57.856 74.752-84.053333 122.026667-84.053333 47.402667 0 61.013333 23.04 142.208 104.277333a91.477333 91.477333 0 0 1 0 129.194667c-50.773333 50.773333-85.333333 102.058667-152.533333 78.506667L614.4 542.378667c27.733333 17.408 59.818667 26.581333 92.544 26.538666 85.12 0 121.898667-49.493333 180.693333-108.288a174.634667 174.634667 0 0 0 0-246.698666z\" fill=\"#1D2129\">\u003C/path>\u003Cpath d=\"M394.24 688.768l289.877333-289.877333-59.008-59.008-289.877333 289.877333 59.008 59.008z m87.168-12.416a91.008 91.008 0 0 1-21.205333 95.189333c-56.234667 56.106667-74.453333 84.053333-122.325334 84.053334-47.530667 0-61.141333-22.997333-142.592-104.234667a91.392 91.392 0 0 1 0-129.28c51.072-50.901333 86.186667-102.784 153.856-78.208l61.994667-61.824a175.232 175.232 0 0 0-217.173333 23.893333L136.533333 563.370667a174.378667 174.378667 0 0 0-0.042666 246.741333C212.48 886.016 249.386667 938.666667 337.877333 938.666667c85.504 0 122.538667-49.834667 181.162667-108.373334a174.122667 174.122667 0 0 0 24.448-215.893333l-62.08 61.952z m406.229333-462.378667l-77.653333-77.653333a174.634667 174.634667 0 0 0-246.613333 0L505.941333 193.706667a174.506667 174.506667 0 0 0-23.893333 216.661333l61.866667-61.866667a90.752 90.752 0 0 1 20.778666-96c57.813333-57.856 74.752-84.053333 122.026667-84.053333 47.402667 0 61.013333 23.04 142.208 104.277333a91.477333 91.477333 0 0 1 0 129.194667c-50.773333 50.773333-85.333333 102.058667-152.533333 78.506667L614.4 542.378667c27.733333 17.408 59.818667 26.581333 92.544 26.538666 85.12 0 121.898667-49.493333 180.693333-108.288a174.634667 174.634667 0 0 0 0-246.698666z\" fill=\"#1D2129\">\u003C/path>\u003C/symbol>\u003Csymbol id=\"iconcut\" viewBox=\"0 0 1024 1024\">\u003Cpath d=\"M908.416 205.824l-1.749333 2.048-307.2 307.2 307.2 307.157333a21.333333 21.333333 0 0 1 0 30.165334l-30.165334 30.165333a21.333333 21.333333 0 0 1-30.165333 0l-307.2-307.2-110.336 110.378667a170.666667 170.666667 0 1 1-60.373333-60.330667l110.378666-110.378667-108.586666-108.629333a170.666667 170.666667 0 1 1 59.605333-61.013333l109.354667 109.269333 307.157333-307.157333a21.333333 21.333333 0 0 1 28.16-1.749334l2.005333 1.749334 30.165334 30.165333a21.333333 21.333333 0 0 1 1.749333 28.16zM367.061333 772.437333a85.333333 85.333333 0 1 0-170.666666 0 85.333333 85.333333 0 0 0 170.666666 0z m0-512a85.333333 85.333333 0 1 0-170.666666 0 85.333333 85.333333 0 0 0 170.666666 0z\" fill=\"#1D2129\">\u003C/path>\u003C/symbol>\u003Csymbol id=\"iconDelete\" viewBox=\"0 0 1024 1024\">\u003Cpath d=\"M795.733333 341.333333c22.4 0 40.533333 19.114667 40.533334 42.666667 0 1.578667-0.128 3.157333-0.256 4.693333l-38.826667 491.306667c-2.645333 33.152-29.013333 58.666667-60.629333 58.666667H287.445333c-29.610667 0-54.613333-22.4-59.818666-52.522667l-0.810667-6.144-38.826667-491.306667A45.525333 45.525333 0 0 1 187.733333 384c0-23.552 18.133333-42.666667 40.533334-42.666667 21.248 0 38.656 17.237333 40.362666 39.125334L306.090667 853.333333h411.818666l37.461334-472.874666c1.706667-21.888 19.114667-39.125333 40.362666-39.125334z m-364.8 128c22.357333 0 40.533333 19.114667 40.533334 42.666667v213.333333c0 23.552-18.176 42.666667-40.533334 42.666667-22.4 0-40.533333-19.114667-40.533333-42.666667v-213.333333c0-23.552 18.133333-42.666667 40.533333-42.666667z m162.133334 0c22.4 0 40.533333 19.114667 40.533333 42.666667v213.333333c0 23.552-18.133333 42.666667-40.533333 42.666667-22.357333 0-40.533333-19.114667-40.533334-42.666667v-213.333333c0-23.552 18.176-42.666667 40.533334-42.666667z m40.533333-384c22.357333 0 40.533333 19.114667 40.533333 42.666667v85.333333h202.666667c22.357333 0 40.533333 19.114667 40.533333 42.666667s-18.133333 42.666667-40.533333 42.666667H147.2c-22.357333 0-40.533333-19.114667-40.533333-42.666667s18.176-42.666667 40.533333-42.666667H349.866667V128c0-22.101333 15.957333-40.277333 36.394666-42.453333L390.4 85.333333h243.2zM430.933333 213.333333h162.133334V170.666667h-162.133334v42.666666z\" fill=\"#1D2129\">\u003C/path>\u003C/symbol>\u003Csymbol id=\"iconDisable\" viewBox=\"0 0 1024 1024\">\u003Cpath d=\"M512 938.666667C276.992 938.666667 85.333333 747.008 85.333333 512S276.992 85.333333 512 85.333333s426.666667 191.658667 426.666667 426.666667-191.658667 426.666667-426.666667 426.666667z m0-784.896A358.357333 358.357333 0 0 0 153.770667 512 358.357333 358.357333 0 0 0 512 870.229333 358.357333 358.357333 0 0 0 870.229333 512 358.357333 358.357333 0 0 0 512 153.770667z\" fill=\"#1D2129\">\u003C/path>\u003Cpath d=\"M222.848 267.477333L277.333333 213.333333l545.152 543.189334L768 810.666667 222.848 267.477333z\" fill=\"#1D2129\">\u003C/path>\u003C/symbol>\u003Csymbol id=\"iconDisconnect\" viewBox=\"0 0 1024 1024\">\u003Cpath d=\"M394.24 688.768l119.808-119.808-59.008-59.008-119.808 119.808 59.008 59.008z m87.168-12.416a91.008 91.008 0 0 1-21.205333 95.189333c-56.234667 56.106667-74.453333 84.053333-122.325334 84.053334-47.530667 0-61.141333-22.997333-142.592-104.234667a91.392 91.392 0 0 1 0-129.28c51.072-50.901333 86.186667-102.784 153.856-78.208l61.994667-61.824a175.232 175.232 0 0 0-217.173333 23.893333L136.533333 563.370667a174.378667 174.378667 0 0 0-0.042666 246.741333C212.48 886.016 249.386667 938.666667 337.877333 938.666667c85.504 0 122.538667-49.834667 181.162667-108.373334a174.122667 174.122667 0 0 0 24.448-215.893333l-62.08 61.952z m406.229333-462.378667l-77.653333-77.653333a174.634667 174.634667 0 0 0-246.613333 0L505.941333 193.706667a174.506667 174.506667 0 0 0-23.893333 216.661333l61.866667-61.866667a90.752 90.752 0 0 1 20.778666-96c57.813333-57.856 74.752-84.053333 122.026667-84.053333 47.402667 0 61.013333 23.04 142.208 104.277333a91.477333 91.477333 0 0 1 0 129.194667c-50.773333 50.773333-85.333333 102.058667-152.533333 78.506667L614.4 542.378667c27.733333 17.408 59.818667 26.581333 92.544 26.538666 85.12 0 121.898667-49.493333 180.693333-108.288a174.634667 174.634667 0 0 0 0-246.698666z\" fill=\"#1D2129\">\u003C/path>\u003Cpath d=\"M695.765333 387.2L576 507.008 516.992 448l119.765333-119.808 59.008 59.008z\" fill=\"#1D2129\">\u003C/path>\u003C/symbol>\u003Csymbol id=\"iconEject\" viewBox=\"0 0 1024 1024\">\u003Cpath d=\"M512 85.333333c235.648 0 426.666667 191.018667 426.666667 426.666667s-191.018667 426.666667-426.666667 426.666667S85.333333 747.648 85.333333 512 276.352 85.333333 512 85.333333z m0 77.568a349.098667 349.098667 0 1 0 0 698.197334 349.098667 349.098667 0 0 0 0-698.197334z m193.962667 329.728a19.413333 19.413333 0 0 0-19.413334-19.413333H337.450667a19.413333 19.413333 0 0 0-19.370667 19.413333v38.784a19.413333 19.413333 0 0 0 19.370667 19.370667h349.098666a19.413333 19.413333 0 0 0 19.370667-19.413333v-38.784z\" fill=\"#1D2129\">\u003C/path>\u003C/symbol>\u003Csymbol id=\"iconDownload\" viewBox=\"0 0 1024 1024\">\u003Cpath d=\"M192 768a21.333333 21.333333 0 0 1 21.333333 21.333333V853.333333h597.333334v-64a21.333333 21.333333 0 0 1 21.333333-21.333333h42.666667a21.333333 21.333333 0 0 1 21.333333 21.333333V896a42.666667 42.666667 0 0 1-42.666667 42.666667H170.666667a42.666667 42.666667 0 0 1-42.666667-42.666667v-106.666667a21.333333 21.333333 0 0 1 21.333333-21.333333h42.666667z m298.666667-661.333333h42.666666a21.333333 21.333333 0 0 1 21.162667 18.858666L554.666667 128v470.869333l128.426666-128.426666a21.333333 21.333333 0 0 1 28.16-1.834667l2.005334 1.792 30.165333 30.165333a21.333333 21.333333 0 0 1 1.834667 28.16l-1.834667 2.048-211.2 211.2a21.333333 21.333333 0 0 1-28.16 1.749334l-1.962667-1.792-211.2-211.2a21.333333 21.333333 0 0 1-1.749333-28.16l1.749333-1.962667 30.165334-30.208a21.333333 21.333333 0 0 1 28.16-1.792l2.005333 1.792L469.333333 588.501333V128a21.333333 21.333333 0 0 1 18.816-21.205333L490.666667 106.666667z\" fill=\"#1D2129\">\u003C/path>\u003C/symbol>\u003Csymbol id=\"iconEnable\" viewBox=\"0 0 1024 1024\">\u003Cpath d=\"M512 85.333333c235.648 0 426.666667 191.018667 426.666667 426.666667s-191.018667 426.666667-426.666667 426.666667S85.333333 747.648 85.333333 512 276.352 85.333333 512 85.333333z m0 77.568a349.098667 349.098667 0 1 0 0 698.197334 349.098667 349.098667 0 0 0 0-698.197334z m188.16 231.808l27.392 27.477334a19.413333 19.413333 0 0 1 0 27.392l-246.826667 246.869333a19.370667 19.370667 0 0 1-27.434666 0l-141.952-141.994667a19.370667 19.370667 0 0 1 0-27.434666l27.392-27.434667a19.413333 19.413333 0 0 1 27.434666 0l100.821334 100.864 205.738666-205.738667a19.413333 19.413333 0 0 1 27.392 0z\" fill=\"#1D2129\">\u003C/path>\u003C/symbol>\u003Csymbol id=\"iconExport\" viewBox=\"0 0 1024 1024\">\u003Cpath d=\"M349.184 128h86.101333a38.4 38.4 0 1 1 0 76.8h-84.48c-32.853333 0-55.296 0-72.533333 1.493333-16.853333 1.365333-25.429333 3.84-31.402667 6.912a76.885333 76.885333 0 0 0-33.578666 33.578667c-3.029333 5.973333-5.546667 14.549333-6.912 31.445333-1.450667 17.28-1.450667 39.594667-1.450667 72.533334v322.517333c0 32.853333 0 55.296 1.450667 72.533333 1.365333 16.853333 3.84 25.429333 6.912 31.402667 7.381333 14.506667 19.114667 26.24 33.578666 33.578667 5.973333 3.072 14.549333 5.546667 31.445334 6.912 17.28 1.450667 39.594667 1.450667 72.533333 1.450666h322.474667c32.853333 0 55.253333 0 72.533333-1.450666 16.810667-1.365333 25.386667-3.84 31.402667-6.912 14.464-7.338667 26.197333-19.114667 33.578666-33.578667 3.029333-5.973333 5.546667-14.549333 6.912-31.445333 1.450667-17.28 1.450667-39.594667 1.450667-72.533334V588.8a38.4 38.4 0 1 1 76.8 0v86.144c0 30.848 0 56.405333-1.706667 77.184-1.749333 21.589333-5.546667 41.472-15.061333 60.074667a153.856 153.856 0 0 1-67.072 67.072c-18.688 9.514667-38.485333 13.226667-60.074667 15.018666-20.736 1.749333-46.293333 1.749333-77.184 1.749334H349.184c-30.848 0-56.405333 0-77.141333-1.706667-21.589333-1.749333-41.472-5.546667-60.074667-15.061333a153.6 153.6 0 0 1-67.072-67.072c-9.514667-18.688-13.226667-38.485333-15.061333-60.117334a1025.621333 1025.621333 0 0 1-1.706667-77.141333V349.098667c0-30.848 0-56.448 1.706667-77.184 1.706667-21.589333 5.546667-41.429333 15.061333-60.074667 14.72-28.842667 31.146667-49.92 60.032-64.64 18.645333-9.472 45.525333-15.701333 67.114667-17.493333C292.778667 128 318.293333 128 349.184 128z m366.08 11.306667a38.4 38.4 0 0 1 54.272 0l115.2 115.2a38.4 38.4 0 0 1 0 54.229333l-115.2 115.2a38.528 38.528 0 0 1-55.68 1.450667 38.4 38.4 0 0 1 1.450667-55.722667l49.578666-49.621333h-30.122666c-32.853333 0-55.296 0-72.533334 1.408-16.853333 1.408-25.429333 3.84-31.488 6.912a76.8 76.8 0 0 0-33.493333 33.578666c-3.072 5.973333-5.589333 14.592-6.912 31.445334-1.450667 17.28-1.493333 39.68-1.493333 72.533333V512a38.4 38.4 0 1 1-76.8 0v-47.701333c0-30.848 0-56.448 1.706666-77.184 1.749333-21.589333 5.546667-41.472 15.018667-60.074667a153.685333 153.685333 0 0 1 67.157333-67.072c18.645333-9.514667 38.442667-13.226667 60.032-15.061333 20.736-1.706667 46.250667-1.706667 77.184-1.706667h31.744l-49.578666-49.664a38.4 38.4 0 0 1 0-54.229333z\" fill=\"#1D2129\">\u003C/path>\u003C/symbol>\u003Csymbol id=\"iconfavicon_48\" viewBox=\"0 0 1024 1024\">\u003Cpath d=\"M134.826667 188.586667l721.066666-165.546667c87.893333-20.48 122.88 64.853333 122.88 118.613333v741.546667c0 53.76-36.693333 138.24-122.88 118.613333L134.826667 837.12c-47.786667-11.093333-89.6-44.373333-89.6-98.133333v-452.266667c-0.853333-53.76 40.96-87.04 89.6-98.133333z m54.613333 46.933333c-76.8 16.213333-76.8 19.626667-76.8 83.626667v387.413333c0 65.706667 22.186667 71.68 76.8 83.626667l617.813333 141.653333c105.813333 26.453333 105.813333-6.826667 105.813334-101.546667V195.413333c0-90.453333-5.973333-124.586667-105.813334-101.546666L189.44 235.52z\" fill=\"#0086E6\">\u003C/path>\u003Cpath d=\"M107.52 282.453333l811.52 200.533334v72.533333L106.666667 347.306667z\" fill=\"#0086E6\">\u003C/path>\u003Cpath d=\"M613.546667 472.746667l-133.12 385.706666 59.733333 14.506667 136.533333-383.146667z\" fill=\"#0086E6\">\u003C/path>\u003C/symbol>\u003Csymbol id=\"iconencrypt_folder_mounted\" viewBox=\"0 0 1024 1024\">\u003Cpath d=\"M351.010133 0a136.533333 136.533333 0 0 1 84.650667 29.4144L495.633067 76.8H887.466667c75.409067 0 136.533333 61.124267 136.533333 136.533333v605.866667c0 113.109333-91.690667 204.8-204.8 204.8H640c-72.0384 0-135.3728-37.1968-171.886933-93.422933l-8.234667 11.0592A204.8 204.8 0 0 1 295.697067 1024H204.8c-113.109333 0-204.8-91.690667-204.8-204.8V136.533333C0 61.124267 61.124267 0 136.533333 0h214.4768z\" fill=\"#F8AA28\">\u003C/path>\u003Cpath d=\"M102.4 179.2m102.4 0l614.4 0q102.4 0 102.4 102.4l0 170.666667q0 102.4-102.4 102.4l-614.4 0q-102.4 0-102.4-102.4l0-170.666667q0-102.4 102.4-102.4Z\" fill=\"#FFEFD5\">\u003C/path>\u003Cpath d=\"M0 375.466667c0-56.5504 45.8496-102.4 102.4-102.4h819.2c56.5504 0 102.4 45.8496 102.4 102.4v512c0 75.409067-61.124267 136.533333-136.533333 136.533333H136.533333c-75.409067 0-136.533333-61.124267-136.533333-136.533333V375.466667z\" fill=\"#FBC931\">\u003C/path>\u003Cpath d=\"M683.733333 588.8c18.261333 0 33.058133 16.162133 33.066667 34.321067v239.982933A32.938667 32.938667 0 0 1 683.767467 896H340.258133A32.964267 32.964267 0 0 1 307.2 863.104V623.121067C307.2 604.970667 321.9968 588.8 340.258133 588.8h343.4752z m-171.7504 83.2768c-22.698667 0-41.130667 18.363733-41.130666 40.9344 0 15.9488 9.250133 29.559467 22.596266 36.352v52.4032c0 2.338133 1.962667 4.309333 4.3776 4.309333h28.416a4.352 4.352 0 0 0 4.343467-4.309333v-52.411733c13.346133-6.784 22.596267-20.394667 22.562133-36.352 0-22.562133-18.432-40.925867-41.1648-40.925867zM560.059733 409.941333A130.4064 130.4064 0 0 0 512.512 401.066667c-18.500267 0-35.549867 2.952533-51.1488 8.874666-15.5904 5.905067-29.124267 14.037333-40.610133 24.388267a113.604267 113.604267 0 0 0-26.9824 36.215467C387.242667 484.334933 384 499.114667 384 514.8928V588.8h64.768v-60.117333c0-20.693333 5.6576-36.7872 16.964267-48.2816 11.3152-11.502933 26.222933-17.245867 44.7232-17.245867 20.565333 0 36.932267 5.742933 49.092266 17.237333 12.168533 11.502933 18.2528 27.5968 18.2528 48.298667V588.8h61.9264L640 514.8928c0-15.7696-3.601067-30.549333-10.794667-44.347733a123.904 123.904 0 0 0-28.526933-36.215467 135.424 135.424 0 0 0-40.618667-24.3968z\" fill=\"#FFF6E9\">\u003C/path>\u003C/symbol>\u003Csymbol id=\"iconencrypt_folder_unmounted\" viewBox=\"0 0 1024 1024\">\u003Cpath d=\"M351.010133 0a136.533333 136.533333 0 0 1 84.650667 29.4144L495.633067 76.8H887.466667c75.409067 0 136.533333 61.124267 136.533333 136.533333v605.866667c0 113.109333-91.690667 204.8-204.8 204.8H640c-72.0384 0-135.3728-37.1968-171.886933-93.422933l-8.234667 11.0592A204.8 204.8 0 0 1 295.697067 1024H204.8c-113.109333 0-204.8-91.690667-204.8-204.8V136.533333C0 61.124267 61.124267 0 136.533333 0h214.4768z\" fill=\"#F8AA28\">\u003C/path>\u003Cpath d=\"M102.4 179.2m102.4 0l614.4 0q102.4 0 102.4 102.4l0 170.666667q0 102.4-102.4 102.4l-614.4 0q-102.4 0-102.4-102.4l0-170.666667q0-102.4 102.4-102.4Z\" fill=\"#FFEFD5\">\u003C/path>\u003Cpath d=\"M0 375.466667c0-56.5504 45.8496-102.4 102.4-102.4h819.2c56.5504 0 102.4 45.8496 102.4 102.4v512c0 75.409067-61.124267 136.533333-136.533333 136.533333H136.533333c-75.409067 0-136.533333-61.124267-136.533333-136.533333V375.466667z\" fill=\"#FBC931\">\u003C/path>\u003Cpath d=\"M734.933333 588.8c18.261333 0 33.058133 16.162133 33.066667 34.321067v239.9744a32.938667 32.938667 0 0 1-33.032533 32.896H391.458133A32.9728 32.9728 0 0 1 358.4 863.095467V623.112533C358.4 604.970667 373.1968 588.8 391.458133 588.8h343.4752z m-171.7504 83.2768c-22.698667 0-41.130667 18.363733-41.130666 40.9344 0 15.9488 9.250133 29.559467 22.596266 36.352v52.394667c0 2.338133 1.962667 4.317867 4.3776 4.317866h28.416c2.389333 0 4.334933-1.979733 4.343467-4.317866v-52.394667c13.346133-6.792533 22.596267-20.4032 22.562133-36.352 0-22.570667-18.432-40.9344-41.1648-40.9344zM432.068267 409.941333A130.4064 130.4064 0 0 0 384.512 401.066667c-18.500267 0-35.549867 2.952533-51.1488 8.874666-15.5904 5.905067-29.124267 14.037333-40.610133 24.388267a113.6128 113.6128 0 0 0-26.9824 36.215467C259.242667 484.334933 256 499.114667 256 514.8928v37.879467a25.6 25.6 0 0 0 25.6 25.6h13.568a25.6 25.6 0 0 0 25.6-25.6v-24.0896c0-20.693333 5.6576-36.7872 16.964267-48.2816 11.3152-11.502933 26.222933-17.245867 44.7232-17.245867 20.565333 0 36.932267 5.742933 49.092266 17.237333 12.168533 11.502933 18.2528 27.5968 18.2528 48.298667V588.8h61.9264L512 514.8928c0-15.7696-3.601067-30.549333-10.794667-44.347733a123.904 123.904 0 0 0-28.526933-36.215467 135.424 135.424 0 0 0-40.618667-24.3968z\" fill=\"#FFF6E9\">\u003C/path>\u003C/symbol>\u003Csymbol id=\"iconfolder1\" viewBox=\"0 0 1024 1024\">\u003Cpath d=\"M878.933333 969.386667H146.773333c-63.146667 0-114.346667-51.2-114.346666-114.346667V207.36C32.426667 145.066667 83.626667 93.866667 146.773333 93.866667h217.6c30.72 0 58.88 11.946667 81.066667 33.28l98.133333 98.133333c6.826667 6.826667 16.213333 11.093333 26.453334 11.093333H878.933333c63.146667 0 114.346667 51.2 114.346667 114.346667v505.173333c0 62.293333-51.2 113.493333-114.346667 113.493334zM146.773333 170.666667c-20.48 0-37.546667 17.066667-37.546666 37.546666v647.68c0 20.48 17.066667 37.546667 37.546666 37.546667H878.933333c20.48 0 37.546667-17.066667 37.546667-37.546667V349.866667c0-20.48-17.066667-37.546667-37.546667-37.546667H569.173333c-30.72 0-58.88-11.946667-81.066666-33.28L390.826667 180.906667c-6.826667-6.826667-16.213333-10.24-26.453334-10.24H146.773333z\" fill=\"#333333\">\u003C/path>\u003C/symbol>\u003Csymbol id=\"iconfilter\" viewBox=\"0 0 1024 1024\">\u003Cpath d=\"M85.333333 128a42.666667 42.666667 0 0 1 42.666667-42.666667h768a42.666667 42.666667 0 0 1 42.666667 42.666667v177.493333a39.381333 39.381333 0 0 1 0 12.16V320a21.333333 21.333333 0 0 1-8.448 17.024 40.32 40.32 0 0 1-10.88 9.386667L682.666667 487.722667V917.333333a21.333333 21.333333 0 0 1-21.333334 21.333334h-42.666666a21.333333 21.333333 0 0 1-21.333334-21.333334V469.333333c0-4.224 0.597333-8.405333 1.834667-12.416a40.448 40.448 0 0 1 18.517333-24.789333L853.333333 291.456V170.666667H170.666667v122.282666l228.053333 136.32A42.666667 42.666667 0 0 1 426.666667 469.333333v298.666667a21.333333 21.333333 0 0 1-21.333334 21.333333h-42.666666A21.333333 21.333333 0 0 1 341.333333 768v-278.826667L105.045333 347.904a40.277333 40.277333 0 0 1-12.970666-12.373333A21.290667 21.290667 0 0 1 85.333333 320V128z\" fill=\"#1D2129\">\u003C/path>\u003C/symbol>\u003Csymbol id=\"iconFormat\" viewBox=\"0 0 1024 1024\">\u003Cpath d=\"M539.264 106.666667C759.850667 106.666667 938.666667 288.128 938.666667 512s-178.816 405.333333-399.402667 405.333333c-130.688 0-246.656-63.658667-319.573333-162.090666l58.112-44.245334c59.562667 80.512 154.496 132.608 261.461333 132.608 180.48 0 326.784-148.48 326.784-331.605333 0-183.168-146.346667-331.605333-326.826667-331.605333-161.877333 0-296.32 119.466667-322.261333 276.309333h31.786667a18.005333 18.005333 0 0 1 15.701333 9.173333 18.773333 18.773333 0 0 1 0.085333 18.432l-1.28 1.877334-72.618666 98.261333a18.133333 18.133333 0 0 1-13.397334 7.338667 17.834667 17.834667 0 0 1-14.165333-5.546667l-1.493333-1.792-72.618667-98.261333a18.645333 18.645333 0 0 1 3.669333-25.813334 18.048 18.048 0 0 1 8.746667-3.498666l2.133333-0.170667h39.978667C170.069333 259.029333 337.109333 106.666667 539.306667 106.666667z m94.421333 294.826666a50.261333 50.261333 0 0 1 35.882667 15.104 51.626667 51.626667 0 0 1 14.933333 36.437334v154.752c0 13.653333-5.376 26.837333-14.933333 36.522666a50.432 50.432 0 0 1-35.882667 15.061334h-152.576c-13.44 0-26.368-5.418667-35.882666-15.061334a52.053333 52.053333 0 0 1-14.933334-36.522666v-154.752c0-13.653333 5.376-26.794667 14.933334-36.437334 9.514667-9.685333 22.442667-15.146667 35.882666-15.146666h152.576zM490.666667 597.333333h128v-128h-128v128z\" fill=\"#1D2129\">\u003C/path>\u003C/symbol>\u003Csymbol id=\"icona-istory\" viewBox=\"0 0 1024 1024\">\u003Cpath d=\"M539.221333 85.333333C759.808 85.333333 938.666667 266.794667 938.666667 490.666667S759.808 896 539.221333 896c-130.645333 0-246.656-63.658667-319.573333-162.133333l58.154667-44.202667c59.562667 80.512 154.453333 132.650667 261.418666 132.650667 180.48 0 326.826667-148.48 326.826667-331.648 0-183.168-146.346667-331.648-326.826667-331.648-161.92 0-296.362667 119.509333-322.261333 276.352h31.786667a17.92 17.92 0 0 1 15.701333 9.173333 18.602667 18.602667 0 0 1 0.085333 18.389333l-1.28 1.962667-72.618666 98.218667a18.218667 18.218667 0 0 1-13.354667 7.338666 17.92 17.92 0 0 1-14.208-5.546666l-1.493333-1.792-72.618667-98.261334a18.602667 18.602667 0 0 1 3.669333-25.770666 17.962667 17.962667 0 0 1 8.746667-3.541334l2.133333-0.170666h39.978667C170.069333 237.696 337.066667 85.333333 539.221333 85.333333z m18.176 239.530667c4.821333 0 9.386667 1.92 12.8 5.376 3.413333 3.456 5.333333 8.106667 5.333334 13.013333v128.981334h127.146666c4.778667 0 9.386667 1.962667 12.8 5.418666 3.413333 3.413333 5.333333 8.106667 5.333334 13.013334v36.864a18.56 18.56 0 0 1-5.333334 13.013333 18.005333 18.005333 0 0 1-12.8 5.418667h-181.589333a18.005333 18.005333 0 0 1-12.842667-5.418667 18.56 18.56 0 0 1-5.333333-13.013333V343.253333c0-4.864 1.92-9.557333 5.333333-13.013333a18.005333 18.005333 0 0 1 12.8-5.376h36.352z\" fill=\"#1D2129\">\u003C/path>\u003C/symbol>\u003Csymbol id=\"iconHome1\" viewBox=\"0 0 1024 1024\">\u003Cpath d=\"M485.12 94.890667a42.666667 42.666667 0 0 1 53.76 0l341.333333 277.333333A42.666667 42.666667 0 0 1 896 405.333333V896a42.666667 42.666667 0 0 1-42.666667 42.666667H170.666667a42.666667 42.666667 0 0 1-42.666667-42.666667V405.333333a42.666667 42.666667 0 0 1 15.786667-33.109333l341.333333-277.333333zM213.333333 425.642667V853.333333h597.333334V425.642667L512 183.04 213.333333 425.642667z\" fill=\"#1D2129\">\u003C/path>\u003Cpath d=\"M362.666667 640h298.666666v85.333333h-298.666666v-85.333333z\" fill=\"#1D2129\">\u003C/path>\u003C/symbol>\u003Csymbol id=\"iconicon_tips_blue1\" viewBox=\"0 0 1024 1024\">\u003Cpath d=\"M512 85.333333c235.648 0 426.666667 191.018667 426.666667 426.666667s-191.018667 426.666667-426.666667 426.666667S85.333333 747.648 85.333333 512 276.352 85.333333 512 85.333333z m0 77.568a349.098667 349.098667 0 1 0 0 698.197334 349.098667 349.098667 0 0 0 0-698.197334z m19.370667 290.901334a19.413333 19.413333 0 0 1 19.413333 19.413333v174.506667h31.530667a19.370667 19.370667 0 0 1 19.370666 19.413333v41.216a19.413333 19.413333 0 0 1-19.370666 19.413333h-147.882667a19.413333 19.413333 0 0 1-19.413333-19.413333v-41.216a19.370667 19.370667 0 0 1 19.413333-19.370667h38.784v-113.92h-19.413333a19.370667 19.370667 0 0 1-19.370667-19.413333v-41.216a19.370667 19.370667 0 0 1 19.370667-19.413333h77.610666z m0-155.136a19.413333 19.413333 0 0 1 19.413333 19.413333v58.154667a19.413333 19.413333 0 0 1-19.413333 19.413333h-58.154667a19.413333 19.413333 0 0 1-19.413333-19.413333V318.08A19.413333 19.413333 0 0 1 473.216 298.666667h58.197333z\" fill=\"#1D2129\">\u003C/path>\u003C/symbol>\u003Csymbol id=\"iconImport\" viewBox=\"0 0 1024 1024\">\u003Cpath d=\"M349.184 128h86.101333a38.4 38.4 0 1 1 0 76.8h-84.48c-32.853333 0-55.296 0-72.533333 1.493333-16.853333 1.365333-25.429333 3.84-31.402667 6.912a76.885333 76.885333 0 0 0-33.578666 33.578667c-3.029333 5.973333-5.546667 14.549333-6.912 31.445333-1.450667 17.28-1.450667 39.594667-1.450667 72.533334v322.517333c0 32.853333 0 55.296 1.450667 72.533333 1.365333 16.853333 3.84 25.429333 6.912 31.402667 7.381333 14.506667 19.114667 26.24 33.578666 33.578667 5.973333 3.072 14.549333 5.546667 31.445334 6.912 17.28 1.450667 39.594667 1.450667 72.533333 1.450666h322.474667c32.853333 0 55.253333 0 72.533333-1.450666 16.810667-1.365333 25.386667-3.84 31.402667-6.912 14.464-7.338667 26.197333-19.114667 33.578666-33.578667 3.029333-5.973333 5.546667-14.549333 6.912-31.445333 1.450667-17.28 1.450667-39.594667 1.450667-72.533334V588.8a38.4 38.4 0 1 1 76.8 0v86.144c0 30.848 0 56.405333-1.706667 77.184-1.749333 21.589333-5.546667 41.472-15.061333 60.074667a153.856 153.856 0 0 1-67.072 67.072c-18.688 9.514667-38.485333 13.226667-60.074667 15.018666-20.736 1.749333-46.293333 1.749333-77.184 1.749334H349.184c-30.848 0-56.405333 0-77.141333-1.706667-21.589333-1.749333-41.472-5.546667-60.074667-15.061333a153.6 153.6 0 0 1-67.072-67.072c-9.514667-18.688-13.226667-38.485333-15.061333-60.117334a1025.621333 1025.621333 0 0 1-1.706667-77.141333V349.098667c0-30.848 0-56.448 1.706667-77.184 1.706667-21.589333 5.546667-41.429333 15.061333-60.074667 14.72-28.842667 31.146667-49.92 60.032-64.64 18.645333-9.472 45.525333-15.701333 67.114667-17.493333C292.778667 128 318.293333 128 349.184 128z\" fill=\"#1D2129\">\u003C/path>\u003Cpath d=\"M676.010667 557.056a38.4 38.4 0 0 1-54.229334 0l-115.2-115.2a38.4 38.4 0 0 1 0-54.272l115.2-115.2a38.442667 38.442667 0 1 1 54.229334 54.272L626.432 376.32h30.122667c32.853333 0 55.296 0 72.533333-1.450667 16.853333-1.365333 25.429333-3.84 31.488-6.912a76.8 76.8 0 0 0 33.493333-33.578666c3.072-5.973333 5.546667-14.592 6.912-31.445334 1.450667-17.28 1.493333-39.637333 1.493334-72.533333V184.32a38.4 38.4 0 1 1 76.8 0v47.701333c0 30.890667 0 56.448-1.749334 77.184-1.706667 21.589333-5.546667 41.472-14.976 60.074667a153.642667 153.642667 0 0 1-67.157333 67.114667c-18.645333 9.472-38.485333 13.226667-60.074667 15.018666-20.736 1.706667-46.250667 1.706667-77.141333 1.706667h-31.744l49.578667 49.664a38.4 38.4 0 0 1 0 54.272z\" fill=\"#1D2129\">\u003C/path>\u003C/symbol>\u003Csymbol id=\"iconList\" viewBox=\"0 0 1024 1024\">\u003Cpath d=\"M117.333333 149.333333h64a32 32 0 0 1 32 32v64a32 32 0 0 1-32 32h-64A32 32 0 0 1 85.333333 245.333333v-64a32 32 0 0 1 32-32z m803.114667 21.333334H338.218667c-10.069333 0-18.218667 9.557333-18.218667 21.333333v42.666667c0 11.776 8.149333 21.333333 18.176 21.333333h582.272c10.069333 0 18.218667-9.557333 18.218667-21.333333v-42.666667c0-11.776-8.149333-21.333333-18.218667-21.333333z m0 298.666666H338.218667c-10.069333 0-18.218667 9.557333-18.218667 21.333334v42.666666c0 11.776 8.149333 21.333333 18.176 21.333334h582.272c10.069333 0 18.218667-9.557333 18.218667-21.333334v-42.666666c0-11.776-8.149333-21.333333-18.218667-21.333334zM338.218667 768h582.229333c10.069333 0 18.218667 9.557333 18.218667 21.333333v42.666667c0 11.776-8.149333 21.333333-18.218667 21.333333H338.218667c-10.069333 0-18.218667-9.557333-18.218667-21.333333v-42.666667c0-11.776 8.149333-21.333333 18.176-21.333333zM181.333333 448h-64a32 32 0 0 0-32 32v64a32 32 0 0 0 32 32h64a32 32 0 0 0 32-32v-64a32 32 0 0 0-32-32z m0 298.666667h-64a32 32 0 0 0-32 32v64a32 32 0 0 0 32 32h64a32 32 0 0 0 32-32v-64a32 32 0 0 0-32-32z\" fill=\"#1D2129\">\u003C/path>\u003C/symbol>\u003Csymbol id=\"iconKey\" viewBox=\"0 0 1024 1024\">\u003Cpath d=\"M530.218667 90.069333l2.816 1.706667 20.778666 14.08a36.565333 36.565333 0 0 1 4.48 3.626667c-2.005333-1.877333-0.341333-0.853333-1.493333-1.578667l-0.426667-0.298667 1.450667 0.938667 2.133333 1.365333 2.346667 1.493334c7.210667 4.48 15.786667 9.514667 25.429333 14.805333 29.952 16.426667 61.013333 30.805333 93.013334 42.965333a469.333333 469.333333 0 0 0 100.138666 25.173334 470.016 470.016 0 0 0 43.690667 4.224h0.682667l34.389333 0.554666a37.504 37.504 0 0 1 25.6 10.581334 34.944 34.944 0 0 1 10.666667 24.917333v151.722667l0.042666 3.498666v36.010667L896 493.952V563.754667C895.658667 734.976 668.672 938.666667 511.957333 938.666667c-155.136 0-379.221333-199.68-383.872-369.877334L128 563.456V234.666667c0-8.874667 3.413333-17.408 9.6-23.936a37.333333 37.333333 0 0 1 23.808-11.52l2.816-0.128 35.072-0.512a471.338667 471.338667 0 0 0 43.733333-4.224 468.181333 468.181333 0 0 0 100.010667-25.173334c32-12.202667 63.146667-26.581333 93.056-43.008 11.306667-6.144 22.357333-12.714667 33.109333-19.626666l0.768-0.554667 20.565334-14.08a37.674667 37.674667 0 0 1 39.68-1.834667z m-18.346667 74.410667c-6.613333 4.522667-22.314667 14.08-39.338667 23.466667-32.938667 18.090667-67.157333 33.92-102.4 47.36-37.674667 14.378667-77.184 23.808-116.309333 29.44-16.512 2.389333-33.109333 4.010667-49.792 4.864l-2.389333 0.042666v293.802667c0 130.773333 193.066667 304.085333 310.314666 304.085333 115.882667 0 305.834667-169.216 310.314667-299.477333l0.085333-4.608V399.061333l-0.042666-48.64-0.042667-80.768c-10.24-0.213333-30.208-1.792-52.138667-4.906666a542.592 542.592 0 0 1-116.352-29.44c-59.690667-22.741333-121.173333-55.637333-141.909333-70.826667z m1.877333 153.642667c23.04 0 45.098667 8.832 61.397334 24.533333 16.256 15.744 25.386667 37.034667 25.386666 59.306667v55.850666h48.213334c10.24 0 20.053333 3.925333 27.306666 10.922667 7.253333 6.954667 11.306667 16.426667 11.306667 26.325333v167.594667a36.608 36.608 0 0 1-11.306667 26.368 39.253333 39.253333 0 0 1-27.306666 10.88H378.794667a39.253333 39.253333 0 0 1-27.306667-10.88 36.608 36.608 0 0 1-11.264-26.368v-167.594667c0-9.898667 4.053333-19.370667 11.264-26.325333a39.253333 39.253333 0 0 1 27.306667-10.922667h48.213333V401.92c0-21.546667 8.576-42.24 23.978667-57.813333a88.192 88.192 0 0 1 58.709333-25.898667l4.096-0.085333z m96.426667 214.186666h-192.853333v93.098667h192.853333v-93.098667z m-96.426667-158.293333a29.44 29.44 0 0 0-20.48 8.149333 27.434667 27.434667 0 0 0-8.448 19.754667v55.893333h57.856V401.92a27.392 27.392 0 0 0-7.509333-18.773333 29.312 29.312 0 0 0-18.602667-9.002667l-2.816-0.128z\" fill=\"#1D2129\">\u003C/path>\u003C/symbol>\u003Csymbol id=\"iconlog\" viewBox=\"0 0 1024 1024\">\u003Cpath d=\"M648.106667 64a85.333333 85.333333 0 0 1 60.416 25.045333l162.56 162.986667A85.333333 85.333333 0 0 1 896 312.32V917.333333a42.666667 42.666667 0 0 1-42.666667 42.666667H170.666667a42.666667 42.666667 0 0 1-42.666667-42.666667v-810.666666a42.666667 42.666667 0 0 1 42.666667-42.666667h477.44z m-25.386667 85.333333H213.333333v725.333334h597.333334V337.706667a42.666667 42.666667 0 0 0-12.458667-30.122667l-145.28-145.706667a42.666667 42.666667 0 0 0-30.208-12.544zM533.333333 597.333333a21.333333 21.333333 0 0 1 21.333334 21.333334v42.666666a21.333333 21.333333 0 0 1-21.333334 21.333334H341.333333a21.333333 21.333333 0 0 1-21.333333-21.333334v-42.666666A21.333333 21.333333 0 0 1 341.333333 597.333333h192zM682.666667 384a21.333333 21.333333 0 0 1 21.333333 21.333333v42.666667a21.333333 21.333333 0 0 1-21.333333 21.333333H341.333333a21.333333 21.333333 0 0 1-21.333333-21.333333v-42.666667A21.333333 21.333333 0 0 1 341.333333 384h341.333334z\" fill=\"#1D2129\">\u003C/path>\u003C/symbol>\u003Csymbol id=\"iconLock\" viewBox=\"0 0 1024 1024\">\u003Cpath d=\"M746.666667 320a234.666667 234.666667 0 0 0-469.333334 0v85.333333H170.666667a42.666667 42.666667 0 0 0-42.666667 42.666667V896a42.666667 42.666667 0 0 0 42.666667 42.666667h682.666666a42.666667 42.666667 0 0 0 42.666667-42.666667V448a42.666667 42.666667 0 0 0-42.666667-42.666667h-106.666666v-85.333333zM213.333333 853.333333v-362.666666h597.333334V853.333333H213.333333z m320-298.666666a21.333333 21.333333 0 0 1 21.333334 21.333333V768a21.333333 21.333333 0 0 1-21.333334 21.333333h-42.666666a21.333333 21.333333 0 0 1-21.333334-21.333333v-192a21.333333 21.333333 0 0 1 21.333334-21.333333h42.666666z m-170.666666-234.666667a149.333333 149.333333 0 1 1 298.666666 0v85.333333h-298.666666v-85.333333z\" fill=\"#1D2129\">\u003C/path>\u003C/symbol>\u003Csymbol id=\"iconmapDrive\" viewBox=\"0 0 1024 1024\">\u003Cpath d=\"M896 85.333333a42.666667 42.666667 0 0 1 42.666667 42.666667v597.333333a42.666667 42.666667 0 0 1-42.666667 42.666667h-341.333333v85.333333h362.666666a21.333333 21.333333 0 0 1 21.333334 21.333334v42.666666a21.333333 21.333333 0 0 1-21.333334 21.333334h-810.666666a21.333333 21.333333 0 0 1-21.333334-21.333334v-42.666666a21.333333 21.333333 0 0 1 21.333334-21.333334H469.333333v-85.333333H128a42.666667 42.666667 0 0 1-42.666667-42.666667V128a42.666667 42.666667 0 0 1 42.666667-42.666667h768zM170.666667 682.666667h682.666666v-213.333334H170.666667v213.333334z m149.333333-64h-85.333333v-85.333334h85.333333v85.333334z m128 0h-85.333333v-85.333334h85.333333v85.333334z m128 0h-85.333333v-85.333334h85.333333v85.333334zM170.666667 384h682.666666V170.666667H170.666667v213.333333z m149.333333-64h-85.333333v-85.333333h85.333333v85.333333z m128 0h-85.333333v-85.333333h85.333333v85.333333z m128 0h-85.333333v-85.333333h85.333333v85.333333z\" fill=\"#1D2129\">\u003C/path>\u003C/symbol>\u003Csymbol id=\"iconlog_in\" viewBox=\"0 0 1024 1024\">\u003Cpath d=\"M661.333333 85.333333a21.333333 21.333333 0 0 1 21.333334 21.333334v42.666666a21.333333 21.333333 0 0 1-21.333334 21.333334H170.666667v682.666666h490.666666a21.333333 21.333333 0 0 1 21.333334 21.333334v42.666666a21.333333 21.333333 0 0 1-21.333334 21.333334H128a42.666667 42.666667 0 0 1-42.666667-42.666667V128a42.666667 42.666667 0 0 1 42.666667-42.666667h533.333333z m-287.701333 393.301334l165.930667-165.930667a21.333333 21.333333 0 0 1 28.16-1.792l2.005333 1.792 30.165333 30.165333a21.333333 21.333333 0 0 1 1.749334 28.16l-1.749334 2.005334-98.176 98.133333 396.245334-1.706667c11.093333 0 20.053333 8.277333 21.248 18.944l0.128 2.474667-0.128 40.362667a21.333333 21.333333 0 0 1-18.773334 21.12l-2.474666 0.170666-388.394667 1.706667 90.325333 90.325333a21.333333 21.333333 0 0 1 1.749334 28.16l-1.749334 2.005334-30.165333 30.165333a21.333333 21.333333 0 0 1-28.16 1.792l-2.005333-1.792-165.973334-165.930667a42.666667 42.666667 0 0 1-2.474666-57.6l2.517333-2.730666z\" fill=\"#000000\">\u003C/path>\u003C/symbol>\u003Csymbol id=\"iconMaximize\" viewBox=\"0 0 1024 1024\">\u003Cpath d=\"M808.064 278.656v557.653333a38.186667 38.186667 0 0 1-11.477333 27.178667 39.168 39.168 0 0 1-27.52 11.178667H124.288a39.168 39.168 0 0 1-27.52-11.178667 38.186667 38.186667 0 0 1-11.434667-27.136V317.866667c0-10.410667 4.181333-20.352 11.605334-27.733334a39.936 39.936 0 0 1 28.074666-11.477333H808.106667z m-77.952 76.672H163.285333v442.666667h566.826667V355.328zM898.986667 149.333333c10.538667 0 20.608 4.138667 28.032 11.52a38.954667 38.954667 0 0 1 11.648 27.690667v450.858667h-79.36V227.754667H382.976V149.333333H898.986667z\" fill=\"#1D2129\">\u003C/path>\u003C/symbol>\u003Csymbol id=\"iconMinimize\" viewBox=\"0 0 1024 1024\">\u003Cpath d=\"M128 490.666667a21.333333 21.333333 0 0 1 21.333333-21.333334h725.333334a21.333333 21.333333 0 0 1 21.333333 21.333334v42.666666a21.333333 21.333333 0 0 1-21.333333 21.333334h-725.333334a21.333333 21.333333 0 0 1-21.333333-21.333334v-42.666666z\" fill=\"#1D2129\">\u003C/path>\u003C/symbol>\u003Csymbol id=\"iconMore\" viewBox=\"0 0 1024 1024\">\u003Cpath d=\"M512 85.333333c235.648 0 426.666667 191.018667 426.666667 426.666667s-191.018667 426.666667-426.666667 426.666667S85.333333 747.648 85.333333 512 276.352 85.333333 512 85.333333z m0 77.568a349.098667 349.098667 0 1 0 0 698.197334 349.098667 349.098667 0 0 0 0-698.197334z\" fill=\"#1D2129\">\u003C/path>\u003Cpath d=\"M640 512a42.666667 42.666667 0 1 0 85.333333 0 42.666667 42.666667 0 0 0-85.333333 0zM298.666667 512a42.666667 42.666667 0 1 0 85.333333 0 42.666667 42.666667 0 0 0-85.333333 0zM469.333333 512a42.666667 42.666667 0 1 0 85.333334 0 42.666667 42.666667 0 0 0-85.333334 0z\" fill=\"#1D2129\">\u003C/path>\u003C/symbol>\u003Csymbol id=\"iconMount\" viewBox=\"0 0 1024 1024\">\u003Cpath d=\"M896 938.666667a42.666667 42.666667 0 0 0 42.666667-42.666667V298.666667a42.666667 42.666667 0 0 0-42.666667-42.666667h-341.333333V170.666667h362.666666a21.333333 21.333333 0 0 0 21.333334-21.333334v-42.666666a21.333333 21.333333 0 0 0-21.333334-21.333334h-810.666666a21.333333 21.333333 0 0 0-21.333334 21.333334v42.666666a21.333333 21.333333 0 0 0 21.333334 21.333334H469.333333v85.333333H128a42.666667 42.666667 0 0 0-42.666667 42.666667v597.333333a42.666667 42.666667 0 0 0 42.666667 42.666667h768zM170.666667 341.333333h682.666666v213.333334H170.666667V341.333333z m234.666666 64h-128v85.333334h128v-85.333334zM170.666667 640h682.666666v213.333333H170.666667v-213.333333z m234.666666 64h-128v85.333333h128v-85.333333z\" fill=\"#1D2129\">\u003C/path>\u003C/symbol>\u003Csymbol id=\"iconnarrow\" viewBox=\"0 0 1024 1024\">\u003Cpath d=\"M252.586667 27.306667l518.826666 491.52-518.826666 477.866666z\" fill=\"#333333\">\u003C/path>\u003C/symbol>\u003Csymbol id=\"iconmy_favorites\" viewBox=\"0 0 1024 1024\">\u003Cpath d=\"M973.653333 453.12c40.106667-41.813333 15.36-111.786667-41.813333-117.76l-212.48-24.746667c-23.04-2.56-42.666667-16.213333-53.76-36.693333L564.906667 84.48c-27.306667-51.2-101.546667-48.64-125.44 3.413333L350.72 282.453333c-9.386667 20.48-29.013333 35.84-51.2 40.106667L88.746667 358.4c-57.173333 10.24-77.653333 81.066667-34.986667 120.32l157.013333 145.066667c17.066667 15.36 24.746667 38.4 22.186667 61.44l-29.866667 211.626666c-8.533333 57.173333 52.906667 98.986667 103.253334 70.826667l186.026666-104.96c19.626667-11.093333 44.373333-11.946667 64.853334-1.706667l192 93.866667c52.053333 25.6 110.933333-19.626667 98.986666-76.8l-41.813333-209.92c-4.266667-22.186667 2.56-46.08 17.92-62.293333l149.333333-152.746667z\" fill=\"#FFB448\">\u003C/path>\u003C/symbol>\u003Csymbol id=\"iconOFF\" viewBox=\"0 0 1024 1024\">\u003Cpath d=\"M726.186667 802.133333H297.813333C147.626667 802.133333 27.306667 680.96 27.306667 531.626667s121.173333-270.506667 270.506666-270.506667h429.226667c149.333333 0 270.506667 121.173333 270.506667 270.506667-0.853333 149.333333-121.173333 270.506667-271.36 270.506666z\" fill=\"#494949\">\u003C/path>\u003Cpath d=\"M302.933333 531.626667m-251.733333 0a251.733333 251.733333 0 1 0 503.466667 0 251.733333 251.733333 0 1 0-503.466667 0Z\" fill=\"#FFFFFF\">\u003C/path>\u003C/symbol>\u003Csymbol id=\"iconNotifications\" viewBox=\"0 0 1024 1024\">\u003Cpath d=\"M806.698667 85.333333H217.344a129.706667 129.706667 0 0 0-93.312 40.106667A139.52 139.52 0 0 0 85.333333 222.165333v433.024c0 36.266667 13.866667 71.168 38.613334 96.853334 24.746667 25.728 58.325333 40.192 93.354666 40.234666h32.938667v116.352c0 5.546667 1.493333 10.922667 4.266667 15.658667 2.773333 4.693333 6.741333 8.533333 11.52 11.093333a28.288 28.288 0 0 0 30.122666-2.304l189.312-140.8h321.237334a129.834667 129.834667 0 0 0 93.269333-40.149333c24.746667-25.642667 38.656-60.416 38.698667-96.725333V222.165333c0-36.266667-13.952-71.04-38.698667-96.725333A129.792 129.792 0 0 0 806.698667 85.333333zM563.626667 553.685333H350.592a28.458667 28.458667 0 0 1-20.48-8.789333 30.634667 30.634667 0 0 1-8.533333-21.248c0-7.978667 3.072-15.616 8.533333-21.248a28.458667 28.458667 0 0 1 20.48-8.789333h213.034667c7.68 0 15.061333 3.157333 20.48 8.789333a30.634667 30.634667 0 0 1 8.490666 21.248 30.634667 30.634667 0 0 1-8.490666 21.248 28.458667 28.458667 0 0 1-20.48 8.789333z m109.781333-194.858666H350.592a28.458667 28.458667 0 0 1-20.48-8.832 30.634667 30.634667 0 0 1-8.533333-21.248c0-7.978667 3.072-15.616 8.533333-21.248a28.458667 28.458667 0 0 1 20.48-8.789334h322.816c7.68 0 15.061333 3.157333 20.48 8.789334a30.634667 30.634667 0 0 1 8.533333 21.248 30.634667 30.634667 0 0 1-8.533333 21.248 28.458667 28.458667 0 0 1-20.48 8.832z\" fill=\"#1D2129\">\u003C/path>\u003C/symbol>\u003Csymbol id=\"iconON\" viewBox=\"0 0 1024 1024\">\u003Cpath d=\"M297.813333 802.133333h429.226667c149.333333 0 270.506667-121.173333 270.506667-270.506666s-121.173333-270.506667-270.506667-270.506667H297.813333c-149.333333 0-270.506667 121.173333-270.506666 270.506667S147.626667 802.133333 297.813333 802.133333z\" fill=\"#0183E5\">\u003C/path>\u003Cpath d=\"M721.066667 531.626667m-251.733334 0a251.733333 251.733333 0 1 0 503.466667 0 251.733333 251.733333 0 1 0-503.466667 0Z\" fill=\"#FFFFFF\">\u003C/path>\u003C/symbol>\u003Csymbol id=\"iconopen_file\" viewBox=\"0 0 1024 1024\">\u003Cpath d=\"M817.493333 942.08h-1.706666L135.68 930.133333c-29.013333-0.853333-55.466667-14.506667-72.533333-37.546666s-22.186667-52.906667-14.506667-80.213334l98.986667-349.013333c11.093333-40.106667 49.493333-68.266667 90.453333-67.413333l662.186667 12.8c28.16 0.853333 53.76 13.653333 71.68 35.84 17.066667 22.186667 23.04 50.346667 17.066666 77.653333l-81.92 348.16c-9.386667 41.813333-46.933333 71.68-89.6 71.68z m-581.12-469.333333c-6.826667 0-13.653333 4.266667-15.36 11.093333l-98.986666 349.866667c-1.706667 6.826667 0.853333 11.093333 2.56 13.653333 1.706667 2.56 5.973333 5.973333 12.8 5.973333l680.106666 11.946667c7.68 0 13.653333-5.12 15.36-11.946667l81.92-348.16c1.706667-5.973333-0.853333-11.093333-2.56-13.653333-1.706667-2.56-5.973333-5.973333-11.946666-5.973333l-663.893334-12.8c0.853333 0 0 0 0 0z\" fill=\"#333333\">\u003C/path>\u003Cpath d=\"M121.173333 825.173333h-76.8V196.266667c0-53.76 44.373333-98.133333 98.133334-98.133334h204.8c26.453333 0 51.2 10.24 69.12 29.013334l79.36 79.36c4.266667 4.266667 9.386667 5.973333 15.36 5.973333h325.973333c53.76 0 98.133333 44.373333 98.133333 98.133333v114.346667h-76.8V310.613333c0-11.946667-9.386667-21.333333-21.333333-21.333333H511.146667c-26.453333 0-51.2-10.24-69.12-29.013333l-79.36-79.36c-4.266667-4.266667-9.386667-5.973333-15.36-5.973334h-204.8c-11.946667 0-21.333333 9.386667-21.333334 21.333334v628.906666z\" fill=\"#333333\">\u003C/path>\u003C/symbol>\u003Csymbol id=\"iconOpeneyes\" viewBox=\"0 0 1024 1024\">\u003Cpath d=\"M511.36 789.333333c138.154667 0 266.026667-87.893333 384.64-277.888C780.458667 322.090667 652.842667 234.666667 511.36 234.666667 369.92 234.666667 242.730667 322.048 128 511.445333c117.76 190.08 245.248 277.888 383.36 277.888z m-0.085333-640c171.605333 0 319.274667 104.874667 443.050666 314.624l7.552 13.013334 7.978667 14.165333a42.666667 42.666667 0 0 1-0.213333 41.770667l-8.533334 14.762666c-128.341333 218.026667-278.229333 326.997333-449.834666 326.997334-168.234667 0-315.306667-104.789333-441.088-314.453334l-6.101334-10.24a1070.08 1070.08 0 0 1-7.552-13.141333l-2.304-4.053333a42.666667 42.666667 0 0 1-0.213333-41.514667l7.210667-12.970667 3.84-6.741333C188.928 256.725333 337.664 149.333333 511.232 149.333333zM512 341.333333a170.666667 170.666667 0 1 0 0 341.333334 170.666667 170.666667 0 0 0 0-341.333334z m0 85.333334a85.333333 85.333333 0 1 1 0 170.666666 85.333333 85.333333 0 0 1 0-170.666666z\" fill=\"#1D2129\">\u003C/path>\u003C/symbol>\u003Csymbol id=\"iconpage_first\" viewBox=\"0 0 1024 1024\">\u003Cpath d=\"M567.936 882.56a32.853333 32.853333 0 0 0 0-45.781333L252.714667 512l315.221333-324.778667a32.853333 32.853333 0 0 0 0-45.781333l-45.013333-46.378667a32.128 32.128 0 0 0-35.328-7.168 32.128 32.128 0 0 0-10.496 7.168l-382.506667 394.069334a32.853333 32.853333 0 0 0 0 45.781333l382.464 394.026667a32.170667 32.170667 0 0 0 22.912 9.728 31.872 31.872 0 0 0 22.954667-9.728l45.013333-46.378667z m318.805333-45.781333L571.477333 512l315.264-324.778667a32.853333 32.853333 0 0 0 0-45.781333l-45.056-46.378667A32.128 32.128 0 0 0 818.773333 85.333333a31.744 31.744 0 0 0-22.912 9.728l-382.464 394.069334a32.853333 32.853333 0 0 0 0 45.781333l382.464 394.026667a32.170667 32.170667 0 0 0 22.912 9.728 31.872 31.872 0 0 0 22.912-9.728l45.056-46.378667a32.853333 32.853333 0 0 0 0-45.781333z\" fill=\"#1D2129\">\u003C/path>\u003C/symbol>\u003Csymbol id=\"iconpage_last\" viewBox=\"0 0 1024 1024\">\u003Cpath d=\"M552.576 497.024L298.965333 239.445333a21.333333 21.333333 0 0 0-28.16-2.005333l-2.218666 2.005333-29.866667 30.293334a21.333333 21.333333 0 0 0 0 29.952l209.066667 212.309333-209.024 212.309333a21.333333 21.333333 0 0 0 0 29.909334l29.866666 30.336a21.333333 21.333333 0 0 0 28.117334 2.005333l2.261333-2.005333 253.568-257.621334a21.333333 21.333333 0 0 0 0-29.909333z m211.328 0l-253.568-257.578667a21.333333 21.333333 0 0 0-28.16-2.005333l-2.261333 2.005333-29.824 30.293334a21.333333 21.333333 0 0 0 0 29.952L659.114667 512l-209.024 212.309333a21.333333 21.333333 0 0 0 0 29.909334l29.866666 30.336a21.333333 21.333333 0 0 0 28.16 2.005333l2.218667-2.005333 253.610667-257.621334a21.333333 21.333333 0 0 0 0-29.909333z\" fill=\"#1D2129\">\u003C/path>\u003C/symbol>\u003Csymbol id=\"iconpause\" viewBox=\"0 0 1024 1024\">\u003Cpath d=\"M512 85.333333c235.648 0 426.666667 191.018667 426.666667 426.666667s-191.018667 426.666667-426.666667 426.666667S85.333333 747.648 85.333333 512 276.352 85.333333 512 85.333333z m0 77.568a349.098667 349.098667 0 1 0 0 698.197334 349.098667 349.098667 0 0 0 0-698.197334z m-58.197333 155.178667a19.413333 19.413333 0 0 1 19.413333 19.370667v349.098666a19.413333 19.413333 0 0 1-19.413333 19.370667h-38.784a19.370667 19.370667 0 0 1-19.370667-19.370667V337.450667a19.413333 19.413333 0 0 1 19.370667-19.370667h38.826666z m155.178666 0a19.370667 19.370667 0 0 1 19.370667 19.370667v349.098666a19.370667 19.370667 0 0 1-19.370667 19.370667h-38.826666a19.413333 19.413333 0 0 1-19.370667-19.370667V337.450667a19.413333 19.413333 0 0 1 19.413333-19.370667h38.784z\" fill=\"#1D2129\">\u003C/path>\u003C/symbol>\u003Csymbol id=\"iconpreview\" viewBox=\"0 0 1024 1024\">\u003Cpath d=\"M661.333333 85.333333a20.906667 20.906667 0 0 1 8.106667 1.621334l256 108.117333c3.925333 1.621333 7.253333 4.437333 9.6 8.021333a22.272 22.272 0 0 1 3.626667 12.202667v589.312c0 4.309333-1.237333 8.533333-3.541334 12.074667a21.461333 21.461333 0 0 1-9.386666 8.106666l-256 112.128a20.821333 20.821333 0 0 1-20.181334-1.877333 21.76 21.76 0 0 1-9.557333-18.261333V107.221333a22.186667 22.186667 0 0 1 6.229333-15.445333A21.077333 21.077333 0 0 1 661.333333 85.333333z m-298.666666 0c5.205333 0 10.24 1.962667 14.165333 5.546667 3.925333 3.541333 6.4 8.448 6.997333 13.781333l0.170667 2.56v809.557334a22.357333 22.357333 0 0 1-8.533333 17.493333 20.992 20.992 0 0 1-18.858667 3.498667l-2.346667-0.853334-256-112.170666a22.186667 22.186667 0 0 1-12.8-17.493334L85.333333 804.608V215.253333a22.314667 22.314667 0 0 1 10.922667-19.072l2.304-1.152 256-108.074666A20.906667 20.906667 0 0 1 362.666667 85.333333z m170.666666 32.981334c5.674667 0 11.093333 2.304 15.104 6.4a22.186667 22.186667 0 0 1 6.229334 15.488v744.064a22.186667 22.186667 0 0 1-6.229334 15.488 21.077333 21.077333 0 0 1-15.104 6.4h-42.666666a21.077333 21.077333 0 0 1-15.104-6.4 22.186667 22.186667 0 0 1-6.229334-15.488V140.16a22.186667 22.186667 0 0 1 6.229334-15.445333 21.077333 21.077333 0 0 1 15.104-6.4h42.666666zM725.333333 205.226667v612.138666l128-56.106666V259.242667L725.333333 205.226667z m-426.666666 0L170.666667 259.242667v502.016l128 56.064V205.226667z\" fill=\"#1D2129\">\u003C/path>\u003C/symbol>\u003Csymbol id=\"iconPlay\" viewBox=\"0 0 1024 1024\">\u003Cpath d=\"M512 514.56m-463.36 0a463.36 463.36 0 1 0 926.72 0 463.36 463.36 0 1 0-926.72 0Z\" fill=\"#333333\" opacity=\".3\">\u003C/path>\u003Cpath d=\"M512 1002.666667c-268.8 0-488.106667-219.306667-488.106667-488.106667S243.2 26.453333 512 26.453333s488.106667 219.306667 488.106667 488.106667-219.306667 488.106667-488.106667 488.106667zM512 76.8C270.506667 76.8 73.386667 273.066667 73.386667 514.56s197.12 438.613333 438.613333 438.613333 438.613333-197.12 438.613333-438.613333S753.493333 76.8 512 76.8z\" fill=\"#FFFFFF\">\u003C/path>\u003Cpath d=\"M686.08 546.133333L451.413333 714.24c-24.746667 17.92-59.733333 0-59.733333-30.72V346.453333c0-30.72 34.986667-48.64 59.733333-30.72l234.666667 168.106667c20.48 15.36 20.48 46.933333 0 62.293333z\" fill=\"#FFFFFF\">\u003C/path>\u003C/symbol>\u003Csymbol id=\"iconread_all\" viewBox=\"0 0 1024 1024\">\u003Cpath d=\"M896 85.333333c23.552 0 42.666667 19.498667 42.666667 43.562667V746.24a43.093333 43.093333 0 0 1-42.666667 43.562667h-213.333333l-140.501334 136.106666a41.984 41.984 0 0 1-60.330666 0L341.333333 789.802667H128c-23.594667 0-42.666667-19.498667-42.666667-43.562667V128.896A43.093333 43.093333 0 0 1 128 85.333333h768z m-42.666667 85.333334H170.666667v533.76h206.037333L512 832l135.296-127.573333H853.333333V170.666667z\" fill=\"#1D2129\">\u003C/path>\u003Cpath d=\"M719.061333 354.688l-30.165333-28.714667a21.888 21.888 0 0 0-30.165333 0l-168.106667 160.085334L407.893333 407.253333a21.888 21.888 0 0 0-15.061333-5.973333c-5.674667 0-11.093333 2.133333-15.104 5.973333l-30.165333 28.714667a19.84 19.84 0 0 0-6.229334 14.378667c0 5.376 2.261333 10.538667 6.229334 14.336l128 121.898666a21.888 21.888 0 0 0 30.165333 0l213.333333-203.136A19.84 19.84 0 0 0 725.333333 369.066667a19.84 19.84 0 0 0-6.272-14.378667z\" fill=\"#1D2129\">\u003C/path>\u003C/symbol>\u003Csymbol id=\"iconRefresh\" viewBox=\"0 0 1024 1024\">\u003Cpath d=\"M667.008 750.933333a255.104 255.104 0 0 1-158.293333 52.650667c-7.466667-0.128-14.762667-0.725333-22.101334-1.28-2.986667-0.384-5.973333-0.896-8.96-1.365333a206.549333 206.549333 0 0 1-17.066666-2.816c-3.413333-0.64-6.912-1.706667-10.24-2.56a229.76 229.76 0 0 1-16.384-4.266667c-2.56-1.066667-4.949333-1.92-7.509334-3.029333a195.456 195.456 0 0 1-18.346666-7.168c-1.365333-0.64-2.688-1.152-4.010667-1.706667a456.448 456.448 0 0 1-20.608-10.837333L382.634667 768a272.384 272.384 0 0 1-61.525334-49.792c-0.298667-0.341333-0.554667-0.725333-0.938666-1.024a237.056 237.056 0 0 1-19.242667-23.594667 305.024 305.024 0 0 1-59.178667-181.717333h71.168L199.125333 327.594667 85.333333 511.872h71.04a403.626667 403.626667 0 0 0 63.018667 217.6c0.426667 0.896 0.768 1.877333 1.28 2.688 4.096 6.4 8.704 12.245333 13.056 18.133333 1.706667 2.133333 3.157333 4.394667 4.906667 6.826667a419.072 419.072 0 0 0 22.4 26.368 357.12 357.12 0 0 0 79.957333 64.810667l2.346667 1.365333c8.448 4.906667 17.066667 9.386667 25.813333 13.525333l6.528 3.114667a540.288 540.288 0 0 0 34.048 13.226667c6.826667 2.090667 13.781333 3.968 20.736 5.674666 4.693333 1.194667 9.130667 2.474667 13.952 3.413334 1.92 0.512 3.754667 1.152 5.674667 1.365333 6.698667 1.28 13.269333 1.962667 19.84 2.816 2.432 0.426667 4.778667 0.896 7.168 1.152 11.861333 1.28 23.68 2.048 35.498666 2.048 72.234667 0 142.762667-23.808 203.264-69.632 19.285333-14.592 24.021333-43.392 10.581334-64.085333-13.610667-21.034667-40.149333-26.069333-59.434667-11.349334z m200.448-239.061333c0-80.512-23.125333-155.306667-62.506667-217.002667-0.64-1.066667-0.981333-2.133333-1.493333-3.072-5.077333-7.594667-10.282667-14.677333-15.658667-21.802666a26.88 26.88 0 0 1-1.792-2.602667 359.296 359.296 0 0 0-132.736-107.648c-1.536-0.64-2.816-1.365333-4.309333-2.005333a407.082667 407.082667 0 0 0-25.173333-9.984c-2.901333-1.024-5.973333-2.218667-9.045334-3.2a335.914667 335.914667 0 0 0-22.272-6.272c-4.224-0.981333-8.448-2.133333-12.629333-3.072-2.048-0.426667-3.925333-1.066667-6.144-1.536-5.632-0.981333-11.136-1.536-16.768-2.261334-3.968-0.426667-7.68-1.109333-11.648-1.578666a340.992 340.992 0 0 0-28.245333-1.578667c-1.706667 0-3.413333-0.256-5.12-0.256l-0.853334 0.128c-72.149333 0.085333-142.634667 23.552-203.008 69.333333-19.285333 14.506667-23.978667 43.264-10.410666 64.213334 13.397333 20.736 40.106667 25.856 59.477333 11.178666a254.293333 254.293333 0 0 1 180.650667-51.2c2.432 0.170667 4.693333 0.554667 7.168 0.938667 6.4 0.853333 12.8 1.749333 19.072 3.2 2.730667 0.512 5.546667 1.28 8.106666 1.962667 6.272 1.536 12.330667 3.072 18.346667 5.034666 2.005333 0.597333 3.84 1.322667 5.632 2.133334 6.954667 2.389333 13.738667 4.949333 20.309333 7.978666 0.725333 0.170667 1.365333 0.768 2.048 1.024a274.133333 274.133333 0 0 1 102.4 83.072 305.28 305.28 0 0 1 61.44 184.874667h-71.253333l113.92 184.32L938.666667 511.914667h-71.253334z\" fill=\"#1D2129\">\u003C/path>\u003C/symbol>\u003Csymbol id=\"iconresize\" viewBox=\"0 0 1024 1024\">\u003Cpath d=\"M558.08 69.12h76.8v901.973333h-76.8zM423.253333 69.12h76.8v901.973333h-76.8z\" fill=\"#333333\">\u003C/path>\u003C/symbol>\u003Csymbol id=\"iconRestart\" viewBox=\"0 0 1024 1024\">\u003Cpath d=\"M512 93.866667c-9.386667 0-18.773333 0-28.16 0.853333v72.533333c9.386667-0.853333 18.773333-0.853333 28.16-0.853333 214.186667 0 386.56 177.493333 378.026667 393.386667-7.68 196.266667-167.253333 355.84-363.52 363.52-215.893333 8.533333-393.386667-164.693333-393.386667-378.026667 0-69.12 18.773333-134.826667 51.2-190.293333 9.386667-15.36 5.12-35.84-9.386667-46.933334-17.066667-12.8-41.813333-8.533333-52.906666 10.24-46.08 78.506667-69.12 171.52-59.733334 270.506667 20.48 215.893333 196.266667 389.12 413.013334 406.186667 264.533333 20.48 487.253333-189.44 487.253333-449.706667C962.56 296.106667 760.32 93.866667 512 93.866667z\" fill=\"#333333\">\u003C/path>\u003Cpath d=\"M391.68 128.853333L496.64 30.72c5.973333-5.12 15.36-0.853333 15.36 6.826667v196.266666c0 7.68-9.386667 11.946667-15.36 6.826667L391.68 142.506667c-4.266667-4.266667-4.266667-10.24 0-13.653334zM446.293333 367.786667V742.4L674.133333 555.52z\" fill=\"#333333\">\u003C/path>\u003C/symbol>\u003Csymbol id=\"iconRestore\" viewBox=\"0 0 1024 1024\">\u003Cpath d=\"M741.546667 790.186667H44.373333v-76.8H742.4c88.746667 0 160.426667-71.68 160.426667-160.426667S831.146667 392.533333 742.4 392.533333H162.986667v-76.8h578.56c130.56 0 237.226667 106.666667 237.226666 237.226667s-105.813333 237.226667-237.226666 237.226667z\" fill=\"#333333\">\u003C/path>\u003Cpath d=\"M289.28 584.533333L53.76 354.986667l235.52-232.106667 53.76 54.613333-180.053333 177.493334L343.04 529.066667z\" fill=\"#333333\">\u003C/path>\u003C/symbol>\u003Csymbol id=\"iconright\" viewBox=\"0 0 1024 1024\">\u003Cpath d=\"M512 42.666667C252.8 42.666667 42.666667 252.8 42.666667 512s210.133333 469.333333 469.333333 469.333333 469.333333-210.133333 469.333333-469.333333S771.2 42.666667 512 42.666667z m0 85.333333a384 384 0 1 1 0 768 384 384 0 0 1 0-768z m-48.896 198.229333l-30.165333 30.208a21.333333 21.333333 0 0 0 0 30.165334L558.293333 512l-125.44 125.44a21.333333 21.333333 0 0 0 0 30.165333l30.165334 30.165334a21.333333 21.333333 0 0 0 30.165333 0l170.666667-170.666667a21.333333 21.333333 0 0 0 0-30.165333l-170.666667-170.666667a21.333333 21.333333 0 0 0-30.165333 0z\" fill=\"#1D2129\">\u003C/path>\u003C/symbol>\u003Csymbol id=\"iconright1\" viewBox=\"0 0 1024 1024\">\u003Cpath d=\"M983.04 133.973333c-17.066667-12.8-40.96-9.386667-53.76 7.68L444.586667 782.506667 81.92 504.32c-17.066667-12.8-40.96-9.386667-53.76 6.826667-12.8 17.066667-9.386667 40.96 6.826667 53.76l393.386666 302.08c0.853333 0.853333 2.56 1.706667 3.413334 2.56 0.853333 0 0.853333 0.853333 1.706666 0.853333 0.853333 0.853333 2.56 0.853333 3.413334 1.706667 0.853333 0 1.706667 0.853333 1.706666 0.853333 1.706667 0.853333 2.56 0.853333 4.266667 0.853333 0.853333 0 1.706667 0 1.706667 0.853334 1.706667 0 4.266667 0.853333 5.973333 0 2.56 0 5.973333 0 8.533333-0.853334 0.853333 0 1.706667-0.853333 2.56-0.853333 1.706667-0.853333 3.413333-0.853333 5.12-1.706667 0.853333-0.853333 1.706667-0.853333 2.56-1.706666 1.706667-0.853333 3.413333-1.706667 4.266667-2.56l2.56-2.56 3.413333-3.413334L990.72 187.733333c12.8-17.066667 9.386667-40.96-7.68-53.76z\" fill=\"#0086E6\">\u003C/path>\u003C/symbol>\u003Csymbol id=\"iconscreen_custom\" viewBox=\"0 0 1024 1024\">\u003Cpath d=\"M1004.373333 995.84H19.626667V21.333333h985.6v974.506667z m-907.946666-76.8h832V98.133333H96.426667v820.906667z\" fill=\"#333333\">\u003C/path>\u003Cpath d=\"M474.453333 32.426667h76.8v144.213333h-76.8zM34.133333 470.186667h144.213334v76.8H34.133333zM473.6 836.266667h76.8v144.213333h-76.8zM832.853333 470.186667h144.213334v76.8H832.853333zM636.586667 735.573333H365.226667c-52.906667 0-95.573333-42.666667-95.573334-95.573333V366.08c0-52.906667 42.666667-95.573333 95.573334-95.573333H477.866667c21.333333 0 38.4 17.066667 38.4 38.4s-17.066667 38.4-38.4 38.4H365.226667c-10.24 0-18.773333 8.533333-18.773334 18.773333V640c0 10.24 8.533333 18.773333 18.773334 18.773333h271.36c10.24 0 18.773333-8.533333 18.773333-18.773333V520.533333c0-21.333333 17.066667-38.4 38.4-38.4s38.4 17.066667 38.4 38.4v119.466667c0.853333 52.906667-42.666667 95.573333-95.573333 95.573333z\" fill=\"#333333\">\u003C/path>\u003Cpath d=\"M430.08 501.76l234.666667-226.986667 63.146666 73.386667-230.4 226.133333-83.626666 17.92z\" fill=\"#333333\">\u003C/path>\u003C/symbol>\u003Csymbol id=\"iconscreenx4\" viewBox=\"0 0 1024 1024\">\u003Cpath d=\"M973.653333 971.946667H50.346667V49.493333h923.306666v922.453334z m-846.506666-76.8h769.706666V126.293333H127.146667v768.853334z\" fill=\"#333333\">\u003C/path>\u003Cpath d=\"M473.6 50.346667h76.8V947.2h-76.8z\" fill=\"#333333\">\u003C/path>\u003Cpath d=\"M63.146667 460.8h896.853333v76.8H63.146667z\" fill=\"#333333\">\u003C/path>\u003C/symbol>\u003Csymbol id=\"iconscreenx6\" viewBox=\"0 0 1024 1024\">\u003Cpath d=\"M973.653333 973.653333H50.346667V50.346667h923.306666v923.306666z m-846.506666-76.8h769.706666V127.146667H127.146667v769.706666z\" fill=\"#333333\">\u003C/path>\u003Cpath d=\"M614.4 52.053333h76.8v896.853334h-76.8zM332.8 612.693333h76.8v336.213334h-76.8z\" fill=\"#333333\">\u003C/path>\u003Cpath d=\"M614.4 331.093333h345.6v76.8H614.4zM63.146667 610.986667h896.853333v76.8H63.146667z\" fill=\"#333333\">\u003C/path>\u003C/symbol>\u003Csymbol id=\"iconscreenx9\" viewBox=\"0 0 1024 1024\">\u003Cpath d=\"M973.653333 973.653333H50.346667V50.346667h923.306666v923.306666z m-846.506666-76.8h769.706666V127.146667H127.146667v769.706666z\" fill=\"#333333\">\u003C/path>\u003Cpath d=\"M614.4 52.053333h76.8v896.853334h-76.8zM332.8 85.333333h76.8v863.573334h-76.8z\" fill=\"#333333\">\u003C/path>\u003Cpath d=\"M63.146667 331.093333h896.853333v76.8H63.146667zM63.146667 610.986667h896.853333v76.8H63.146667z\" fill=\"#333333\">\u003C/path>\u003C/symbol>\u003Csymbol id=\"iconscreenx10\" viewBox=\"0 0 1024 1024\">\u003Cpath d=\"M973.653333 973.653333H50.346667V50.346667h923.306666v923.306666z m-846.506666-76.8h769.706666V127.146667H127.146667v769.706666z\" fill=\"#333333\">\u003C/path>\u003Cpath d=\"M473.6 71.68h76.8v877.226667h-76.8zM685.226667 520.533333h76.8v428.373334h-76.8zM261.973333 494.933333h76.8v453.973334h-76.8z\" fill=\"#333333\">\u003C/path>\u003Cpath d=\"M63.146667 472.746667h896.853333v76.8H63.146667zM63.146667 685.226667h896.853333v76.8H63.146667z\" fill=\"#333333\">\u003C/path>\u003C/symbol>\u003Csymbol id=\"iconSearch\" viewBox=\"0 0 1024 1024\">\u003Cpath d=\"M465.792 85.333333c210.133333 0 380.501333 176.682667 380.501333 394.666667a403.2 403.2 0 0 1-65.962666 222.165333l151.765333 157.44a23.637333 23.637333 0 0 1 0 32.853334l-37.973333 39.424a21.973333 21.973333 0 0 1-31.616 0l-147.84-153.344a371.114667 371.114667 0 0 1-248.874667 96.128C255.658667 874.666667 85.333333 697.984 85.333333 480S255.658667 85.333333 465.792 85.333333z m0 97.493334c-158.208 0-286.464 133.034667-286.464 297.173333s128.256 297.173333 286.464 297.173333c158.250667 0 286.506667-133.034667 286.506667-297.173333s-128.256-297.173333-286.506667-297.173333z\" fill=\"#1D2129\">\u003C/path>\u003C/symbol>\u003Csymbol id=\"iconscreenx13\" viewBox=\"0 0 1024 1024\">\u003Cpath d=\"M973.653333 973.653333H50.346667V50.346667h923.306666v923.306666z m-846.506666-76.8h769.706666V127.146667H127.146667v769.706666z\" fill=\"#333333\">\u003C/path>\u003Cpath d=\"M473.6 71.68h76.8v237.226667h-76.8zM473.6 736.426667h76.8v237.226666h-76.8zM685.226667 711.68h76.8v237.226667h-76.8z\" fill=\"#333333\">\u003C/path>\u003Cpath d=\"M685.226667 71.68h76.8v664.746667h-76.8zM261.973333 711.68h76.8v237.226667h-76.8z\" fill=\"#333333\">\u003C/path>\u003Cpath d=\"M261.973333 71.68h76.8v651.946667h-76.8zM50.346667 494.933333h76.8v453.973334h-76.8z\" fill=\"#333333\">\u003C/path>\u003Cpath d=\"M63.146667 472.746667h266.24v76.8H63.146667zM693.76 472.746667h266.24v76.8H693.76zM63.146667 685.226667h896.853333v76.8H63.146667zM63.146667 261.12h896.853333v76.8H63.146667z\" fill=\"#333333\">\u003C/path>\u003C/symbol>\u003Csymbol id=\"iconServiceorder\" viewBox=\"0 0 1024 1024\">\u003Cpath d=\"M246.570667 907.776A21.333333 21.333333 0 0 0 256 890.069333V128a21.333333 21.333333 0 0 0-21.333333-21.333333h-42.666667A21.333333 21.333333 0 0 0 170.666667 128v533.333333H67.626667a12.8 12.8 0 0 0-10.410667 20.266667l156.288 217.088a21.333333 21.333333 0 0 0 4.138667 4.266667l0.810666 1.024a21.333333 21.333333 0 0 0 28.117334 3.84zM362.666667 277.333333h554.666666a21.333333 21.333333 0 0 0 21.205334-18.816L938.666667 256V213.333333a21.333333 21.333333 0 0 0-18.858667-21.205333L917.333333 192h-554.666666a21.333333 21.333333 0 0 0-21.205334 18.816L341.333333 213.333333v42.666667a21.333333 21.333333 0 0 0 18.816 21.205333L362.666667 277.333333z m0 277.333334h426.666666a21.333333 21.333333 0 0 0 21.205334-18.816L810.666667 533.333333v-42.666666a21.333333 21.333333 0 0 0-18.858667-21.162667L789.333333 469.333333h-426.666666a21.333333 21.333333 0 0 0-21.205334 18.816L341.333333 490.666667v42.666666a21.333333 21.333333 0 0 0 18.816 21.162667L362.666667 554.666667z m298.666666 277.333333a21.333333 21.333333 0 0 0 21.162667-18.858667L682.666667 810.666667v-42.666667a21.333333 21.333333 0 0 0-18.816-21.205333L661.333333 746.666667h-298.666666a21.333333 21.333333 0 0 0-21.205334 18.858666L341.333333 768v42.666667a21.333333 21.333333 0 0 0 18.816 21.205333l2.517334 0.128h298.666666z\" fill=\"#1D2129\">\u003C/path>\u003C/symbol>\u003Csymbol id=\"iconSettings\" viewBox=\"0 0 1024 1024\">\u003Cpath d=\"M512 85.333333c30.933333 0 61.781333 3.456 91.989333 10.325334l6.741334 1.536a21.333333 21.333333 0 0 1 14.848 12.373333l43.392 100.224a21.333333 21.333333 0 0 0 21.930666 12.714667l106.282667-11.776a21.333333 21.333333 0 0 1 18.176 6.912l4.693333 5.12a428.117333 428.117333 0 0 1 92.074667 162.218666l2.133333 6.912a21.376 21.376 0 0 1-3.114666 18.688l-4.181334 5.845334-59.733333 83.114666a21.376 21.376 0 0 0 0 24.917334l63.872 88.96a21.333333 21.333333 0 0 1 3.114667 18.688l-2.133334 6.912a428.16 428.16 0 0 1-92.074666 162.218666l-4.650667 5.12a21.333333 21.333333 0 0 1-18.176 6.912l-106.24-11.776a21.333333 21.333333 0 0 0-22.016 12.714667l-43.349333 100.266667a21.333333 21.333333 0 0 1-14.848 12.330666l-6.741334 1.536a412.885333 412.885333 0 0 1-184.021333 0l-6.741333-1.536a21.333333 21.333333 0 0 1-14.805334-12.373333l-2.858666-6.528-40.533334-93.696a21.333333 21.333333 0 0 0-21.973333-12.714667l-106.24 11.776a21.333333 21.333333 0 0 1-18.218667-6.912l-4.650666-5.12a428.288 428.288 0 0 1-92.074667-162.218666l-2.133333-6.912a21.376 21.376 0 0 1 3.072-18.730667l4.224-5.845333 59.733333-83.072a21.333333 21.333333 0 0 0 0-24.917334L112.768 410.624a21.376 21.376 0 0 1-3.072-18.688l2.133333-6.954667A428.202667 428.202667 0 0 1 203.946667 222.805333l4.693333-5.162666a21.333333 21.333333 0 0 1 18.133333-6.912l106.282667 11.776a21.333333 21.333333 0 0 0 21.973333-12.714667l43.392-100.266667a21.333333 21.333333 0 0 1 14.805334-12.330666l6.741333-1.536A412.885333 412.885333 0 0 1 512 85.333333z m0 71.125334c-16.128 0-32.213333 1.109333-48.128 3.328a20.608 20.608 0 0 0-15.957333 12.373333l-38.656 89.344a58.026667 58.026667 0 0 1-23.893334 27.008 56.746667 56.746667 0 0 1-34.901333 7.466667L255.658667 285.44a20.650667 20.650667 0 0 0-18.730667 7.808 357.077333 357.077333 0 0 0-48.554667 85.717333 20.650667 20.650667 0 0 0 2.56 19.626667l56.96 79.146667a58.88 58.88 0 0 1 0 68.522666l-56.917333 79.146667a20.650667 20.650667 0 0 0-2.56 19.626667 357.12 357.12 0 0 0 48.512 85.717333c4.394667 5.717333 11.52 8.576 18.730667 7.808l94.72-10.496c12.16-1.365333 24.448 1.237333 34.986666 7.424 10.624 6.229333 18.986667 15.701333 23.893334 27.050667l38.656 89.301333a20.650667 20.650667 0 0 0 15.957333 12.373333 346.026667 346.026667 0 0 0 96.256 0 20.650667 20.650667 0 0 0 15.957333-12.373333l38.613334-89.344a58.026667 58.026667 0 0 1 23.893333-27.008 56.746667 56.746667 0 0 1 34.944-7.424l94.805333 10.496a20.650667 20.650667 0 0 0 18.688-7.808 356.821333 356.821333 0 0 0 48.554667-85.674667 20.608 20.608 0 0 0-2.56-19.626666l-56.917333-79.189334a58.709333 58.709333 0 0 1 0-68.522666l56.874666-79.189334a20.608 20.608 0 0 0 2.56-19.626666 356.821333 356.821333 0 0 0-48.512-85.674667 20.650667 20.650667 0 0 0-18.730666-7.808l-94.72 10.538667a56.789333 56.789333 0 0 1-34.986667-7.466667 57.984 57.984 0 0 1-23.893333-27.008l-38.613334-89.344a20.650667 20.650667 0 0 0-15.957333-12.373333A346.325333 346.325333 0 0 0 512 156.458667z m0 177.792c101.632 0 183.893333 79.616 183.893333 177.749333 0 98.133333-82.261333 177.792-183.893333 177.792-101.632 0-183.893333-79.616-183.893333-177.792 0-98.133333 82.261333-177.749333 183.893333-177.749333zM512 405.333333a106.666667 106.666667 0 1 0 0 213.333334 106.666667 106.666667 0 0 0 0-213.333334z\" fill=\"#1D2129\">\u003C/path>\u003C/symbol>\u003Csymbol id=\"iconshow_all\" viewBox=\"0 0 1024 1024\">\u003Cpath d=\"M907.093333 977.066667H116.906667c-38.4 0-69.973333-31.573333-69.973334-69.973334V116.906667c0-38.4 31.573333-69.973333 69.973334-69.973334h790.186666c38.4 0 69.973333 31.573333 69.973334 69.973334v790.186666c0 38.4-31.573333 69.973333-69.973334 69.973334z m-783.36-76.8h776.533334v-776.533334h-776.533334v776.533334z\" fill=\"#333333\">\u003C/path>\u003Cpath d=\"M409.6 360.96c-10.24 0-20.48-4.266667-27.306667-11.946667-14.506667-15.36-14.506667-39.253333 0.853334-54.613333l91.306666-87.893333c17.066667-16.213333 42.666667-16.213333 59.733334 0l90.453333 87.893333c15.36 14.506667 15.36 39.253333 0.853333 54.613333-14.506667 15.36-39.253333 15.36-54.613333 0.853334L503.466667 285.013333 436.053333 349.866667c-7.68 6.826667-17.066667 11.093333-26.453333 11.093333z m117.76-98.986667zM503.466667 826.026667c-11.093333 0-21.333333-4.266667-29.866667-11.946667L382.293333 726.186667c-15.36-14.506667-15.36-39.253333-0.853333-54.613334 14.506667-15.36 39.253333-15.36 54.613333-0.853333l67.413334 64.853333 66.56-64.853333c15.36-14.506667 39.253333-14.506667 54.613333 0.853333 14.506667 15.36 14.506667 39.253333-0.853333 54.613334L533.333333 813.226667c-8.533333 8.533333-18.773333 12.8-29.866666 12.8zM346.453333 650.24c-10.24 0-20.48-4.266667-27.306666-11.946667L231.253333 546.986667c-16.213333-17.066667-16.213333-42.666667 0-59.733334l87.893334-90.453333c14.506667-15.36 39.253333-15.36 54.613333-0.853333 15.36 14.506667 15.36 39.253333 0.853333 54.613333l-64.853333 66.56 64.853333 67.413333c14.506667 15.36 14.506667 39.253333-0.853333 54.613334-7.68 6.826667-17.066667 11.093333-27.306667 11.093333zM673.28 650.24c-9.386667 0-18.773333-3.413333-26.453333-11.093333-15.36-14.506667-15.36-39.253333-0.853334-54.613334l64.853334-67.413333-64.853334-66.56c-14.506667-15.36-14.506667-39.253333 0.853334-54.613333s39.253333-14.506667 54.613333 0.853333l87.893333 90.453333c16.213333 17.066667 16.213333 42.666667 0 59.733334L700.586667 638.293333c-7.68 7.68-17.92 11.946667-27.306667 11.946667z m59.733333-156.16z\" fill=\"#333333\">\u003C/path>\u003C/symbol>\u003Csymbol id=\"iconShare1\" viewBox=\"0 0 1024 1024\">\u003Cpath d=\"M782.208 677.461333a137.386667 137.386667 0 0 0-84.906667 29.013334l-233.258666-163.114667a169.173333 169.173333 0 0 0 0-62.72l233.258666-163.157333a137.386667 137.386667 0 0 0 84.906667 29.056c35.84 0 70.229333-13.781333 95.573333-38.272A128.554667 128.554667 0 0 0 917.333333 215.893333c0-34.645333-14.293333-67.84-39.637333-92.330666A137.6 137.6 0 0 0 782.165333 85.333333c-20.906667 0-41.557333 4.736-60.288 13.781334-18.773333 9.045333-35.029333 22.186667-47.616 38.357333-12.586667 16.170667-21.12 34.944-24.917333 54.826667-3.84 19.925333-2.773333 40.405333 2.986667 59.861333l-221.482667 155.178667a178.773333 178.773333 0 0 0-63.573333-51.157334 185.173333 185.173333 0 0 0-80.426667-18.346666c-23.68 0-47.104 4.522667-68.949333 13.226666a180.608 180.608 0 0 0-58.453334 37.802667 173.824 173.824 0 0 0-39.082666 56.490667 169.088 169.088 0 0 0 0 133.290666c9.045333 21.162667 22.314667 40.362667 39.04 56.533334 16.725333 16.213333 36.608 29.013333 58.453333 37.76 21.888 8.746667 45.312 13.226667 68.992 13.226666 27.904 0 55.466667-6.272 80.469333-18.346666a178.773333 178.773333 0 0 0 63.530667-51.114667l221.525333 155.093333c-5.76 19.456-6.826667 39.978667-2.986666 59.861334 3.754667 19.925333 12.288 38.698667 24.874666 54.869333 12.586667 16.213333 28.885333 29.312 47.616 38.357333 18.773333 9.045333 39.381333 13.781333 60.330667 13.781334 35.84 0 70.186667-13.781333 95.530667-38.272a128.554667 128.554667 0 0 0 39.594666-92.330667c0-34.645333-14.250667-67.84-39.594666-92.330667a137.557333 137.557333 0 0 0-95.530667-38.272z m0-518.101333c15.530667 0 30.421333 5.973333 41.386667 16.597333 11.008 10.624 17.152 25.002667 17.152 40.021334s-6.186667 29.44-17.152 40.021333a60.288 60.288 0 0 1-82.816 0 55.68 55.68 0 0 1-17.152-40.064c0-15.018667 6.186667-29.44 17.152-40.021333 11.008-10.624 25.898667-16.597333 41.429333-16.554667z m-495.36 448.426667a100.992 100.992 0 0 1-70.058667-28.074667A94.336 94.336 0 0 1 187.733333 512a94.336 94.336 0 0 1 29.056-67.712 100.992 100.992 0 0 1 70.058667-28.074667c26.24 0.042667 51.413333 10.154667 69.973333 28.117334 18.602667 17.92 29.013333 42.24 29.098667 67.669333a94.336 94.336 0 0 1-29.056 67.669333 100.992 100.992 0 0 1-70.016 28.117334z m495.36 256.853333a60.288 60.288 0 0 1-41.386667-16.597333 56.533333 56.533333 0 0 1-12.714666-18.346667 54.997333 54.997333 0 0 1 12.757333-61.738667 60.288 60.288 0 0 1 82.816 0.042667c11.008 10.666667 17.152 25.045333 17.152 40.106667 0 14.976-6.186667 29.397333-17.194667 39.978666a59.648 59.648 0 0 1-41.429333 16.554667z\" fill=\"#1D2129\">\u003C/path>\u003C/symbol>\u003Csymbol id=\"iconsignout\" viewBox=\"0 0 1024 1024\">\u003Cpath d=\"M661.333333 85.333333a21.333333 21.333333 0 0 1 21.333334 21.333334v42.666666a21.333333 21.333333 0 0 1-21.333334 21.333334H170.666667v682.666666h490.666666a21.333333 21.333333 0 0 1 21.333334 21.333334v42.666666a21.333333 21.333333 0 0 1-21.333334 21.333334H128a42.666667 42.666667 0 0 1-42.666667-42.666667V128a42.666667 42.666667 0 0 1 42.666667-42.666667h533.333333z m103.381334 227.370667l165.930666 165.930667a42.666667 42.666667 0 0 1 0 60.330666l-165.930666 165.930667a21.248 21.248 0 0 1-30.165334 0l-30.165333-30.165333a21.333333 21.333333 0 0 1 0-30.165334l90.325333-90.325333-388.394666-1.706667a21.333333 21.333333 0 0 1-21.248-21.248l-0.170667-40.405333a21.333333 21.333333 0 0 1 18.773333-21.290667l2.688-0.170666 396.202667 1.749333-98.176-98.133333a21.333333 21.333333 0 0 1 0-30.165334l30.122667-30.165333a21.333333 21.333333 0 0 1 30.208 0z\" fill=\"#000000\">\u003C/path>\u003C/symbol>\u003Csymbol id=\"iconsnapshot\" viewBox=\"0 0 1024 1024\">\u003Cpath d=\"M339.541333 153.344a40.106667 40.106667 0 0 1 14.250667-18.432A37.674667 37.674667 0 0 1 375.509333 128h271.530667c7.552 0 14.976 2.304 21.333333 6.656a40.064 40.064 0 0 1 14.293334 17.792l23.296 56.405333H896c23.552 0 42.666667 18.090667 42.666667 40.405334v606.293333c0 22.357333-19.114667 40.448-42.666667 40.448H128c-23.552 0-42.666667-18.090667-42.666667-40.405333V249.301333c0-22.357333 19.114667-40.448 42.666667-40.448h190.08l21.461333-55.509333z m521.557334 136.32H162.901333v525.482667h698.197334V289.706667zM512 350.336c107.093333 0 193.962667 90.453333 193.962667 202.069333 0 111.658667-86.826667 202.112-193.962667 202.112-107.093333 0-193.92-90.453333-193.92-202.112 0-111.616 86.826667-202.069333 193.92-202.069333z m0 80.810667c-30.848 0-60.458667 12.8-82.261333 35.541333a123.904 123.904 0 0 0-34.133334 85.76c0 32.128 12.288 62.976 34.133334 85.717333a114.048 114.048 0 0 0 82.261333 35.498667c30.848 0 60.458667-12.757333 82.261333-35.498667a123.904 123.904 0 0 0 34.133334-85.76c0-32.128-12.288-62.976-34.133334-85.76A114.048 114.048 0 0 0 512 431.189333z\" fill=\"#1D2129\">\u003C/path>\u003C/symbol>\u003Csymbol id=\"iconsound_volume\" viewBox=\"0 0 1024 1024\">\u003Cpath d=\"M545.28 937.813333c-20.48 0-40.96-7.68-56.32-23.04L288.426667 715.093333c-0.853333-0.853333-0.853333-0.853333-1.706667-0.853333H131.413333c-43.52 0-79.36-35.84-79.36-79.36V400.213333c0-43.52 35.84-79.36 79.36-79.36h145.066667c0.853333 0 1.706667 0 1.706667-0.853333l210.773333-210.773333c23.04-23.04 56.32-29.866667 86.186667-17.066667 29.866667 11.946667 48.64 40.96 48.64 73.386667v693.76c0 32.426667-19.626667 61.44-48.64 73.386666-9.386667 3.413333-19.626667 5.12-29.866667 5.12zM131.413333 397.653333c-1.706667 0-2.56 0.853333-2.56 2.56v234.666667c0 1.706667 0.853333 2.56 2.56 2.56h156.16c21.333333 0 40.96 8.533333 56.32 23.04l199.68 199.68c0.853333 0.853333 0.853333 0.853333 2.56 0.853333 1.706667-0.853333 1.706667-1.706667 1.706667-2.56V165.546667c0-0.853333 0-1.706667-1.706667-2.56-1.706667-0.853333-2.56 0-2.56 0.853333L332.8 373.76c-15.36 15.36-34.986667 23.04-56.32 23.04h-145.066667zM701.44 715.946667c-11.093333 0-21.333333-4.266667-29.013333-13.653334-13.653333-16.213333-11.946667-40.106667 4.266666-53.76 48.64-41.813333 73.386667-85.333333 73.386667-130.56-0.853333-78.506667-75.093333-140.8-75.093333-140.8-16.213333-13.653333-18.773333-37.546667-5.12-53.76 13.653333-16.213333 37.546667-18.773333 53.76-5.12 4.266667 3.413333 102.4 84.48 103.253333 199.68C827.733333 587.093333 793.6 651.093333 726.186667 708.266667c-7.68 4.266667-16.213333 7.68-24.746667 7.68z\" fill=\"#333333\">\u003C/path>\u003Cpath d=\"M806.4 818.346667c-9.386667 0-19.626667-3.413333-27.306667-11.093334-15.36-15.36-15.36-39.253333 0-54.613333 87.893333-87.893333 128.853333-176.64 122.88-263.68-8.533333-128.853333-117.76-213.333333-118.613333-214.186667-17.066667-12.8-20.48-36.693333-6.826667-53.76 12.8-17.066667 36.693333-20.48 53.76-6.826666 5.973333 4.266667 138.24 106.666667 149.333334 270.506666 7.68 110.08-40.96 218.453333-145.066667 322.56-8.533333 6.826667-18.773333 11.093333-28.16 11.093334z\" fill=\"#333333\">\u003C/path>\u003C/symbol>\u003Csymbol id=\"iconspin_right\" viewBox=\"0 0 1024 1024\">\u003Cpath d=\"M957.44 507.733333l48.64-150.186666c1.706667-5.973333-3.413333-11.093333-9.386667-8.533334l-181.76 64.853334c-5.12 1.706667-5.973333 9.386667-1.706666 12.8l133.973333 84.48c3.413333 2.56 8.533333 0.853333 10.24-3.413334z\" fill=\"#333333\">\u003C/path>\u003Cpath d=\"M494.933333 41.813333c223.573333 0 411.306667 154.453333 463.36 361.813334l-76.8 10.24C834.56 244.053333 679.253333 118.613333 494.933333 118.613333c-221.013333 0-400.213333 180.053333-400.213333 400.213334s179.2 401.066667 400.213333 401.066666c83.626667 0 162.133333-26.453333 226.133334-70.826666 36.693333 11.093333 46.08 38.4 47.786666 59.733333C691.2 964.266667 597.333333 996.693333 494.933333 996.693333c-262.826667 0-477.013333-214.186667-477.013333-477.013333s213.333333-477.866667 477.013333-477.866667z\" fill=\"#333333\">\u003C/path>\u003C/symbol>\u003Csymbol id=\"iconStart\" viewBox=\"0 0 1024 1024\">\u003Cpath d=\"M512 85.333333c235.648 0 426.666667 191.018667 426.666667 426.666667s-191.018667 426.666667-426.666667 426.666667S85.333333 747.648 85.333333 512 276.352 85.333333 512 85.333333z m0 77.568a349.098667 349.098667 0 1 0 0 698.197334 349.098667 349.098667 0 0 0 0-698.197334zM416.213333 285.184l310.272 193.92a38.826667 38.826667 0 0 1 0 65.792l-310.272 193.92a38.826667 38.826667 0 0 1-59.349333-32.853333V318.08a38.826667 38.826667 0 0 1 59.306667-32.896z m18.218667 102.826667v247.978666L632.746667 512l-198.314667-123.946667z\" fill=\"#1D2129\">\u003C/path>\u003C/symbol>\u003Csymbol id=\"iconStop\" viewBox=\"0 0 1024 1024\">\u003Cpath d=\"M512 85.333333c235.648 0 426.666667 191.018667 426.666667 426.666667s-191.018667 426.666667-426.666667 426.666667S85.333333 747.648 85.333333 512 276.352 85.333333 512 85.333333z m0 77.568a349.098667 349.098667 0 1 0 0 698.197334 349.098667 349.098667 0 0 0 0-698.197334z m81.493333 213.333334a54.357333 54.357333 0 0 1 54.272 54.314666v162.901334a54.272 54.272 0 0 1-54.314666 54.314666h-162.901334a54.272 54.272 0 0 1-54.314666-54.314666v-162.901334a54.272 54.272 0 0 1 54.314666-54.314666h162.901334zM448 448v128h128v-128h-128z\" fill=\"#1D2129\">\u003C/path>\u003C/symbol>\u003Csymbol id=\"iconterramaster_logo\" viewBox=\"0 0 1024 1024\">\u003Cpath d=\"M118.613333 413.866667v35.84h-23.04v128.853333H75.946667V449.706667H53.76v-35.84zM193.706667 413.866667v34.986666H153.6v30.72h35.84v34.133334H153.6v30.72h40.96v34.133333h-60.586667V413.866667zM261.12 512c0.853333 0 2.56-0.853333 4.266667-2.56 5.973333-4.266667 12.8-12.8 12.8-36.693333 0-29.013333-0.853333-45.226667-13.653334-53.76-4.266667-2.56-11.946667-4.266667-21.333333-4.266667h-34.133333v164.693333h19.626666v-64h11.946667l13.653333 64h22.186667L261.12 512z m-5.973333-39.253333c0 3.413333-0.853333 6.826667-3.413334 8.533333-2.56 1.706667-5.973333 1.706667-8.533333 1.706667h-14.506667v-34.133334h14.506667c3.413333 0 5.973333 0 8.533333 2.56 2.56 2.56 3.413333 5.973333 3.413334 8.533334 0.853333 4.266667 0.853333 8.533333 0 12.8zM348.16 512c0.853333 0 2.56-0.853333 4.266667-2.56 5.973333-4.266667 12.8-12.8 12.8-36.693333 0-29.013333-0.853333-45.226667-13.653334-53.76-4.266667-2.56-11.946667-4.266667-21.333333-4.266667h-34.133333v164.693333H315.733333v-64h11.946667l13.653333 64h22.186667L348.16 512z m-5.973333-39.253333c0 3.413333-0.853333 6.826667-3.413334 8.533333-2.56 1.706667-5.973333 1.706667-8.533333 1.706667H315.733333v-34.133334h14.506667c3.413333 0 5.973333 0 8.533333 2.56 2.56 2.56 3.413333 5.973333 3.413334 8.533334 0.853333 4.266667 0.853333 8.533333 0 12.8zM950.613333 512c0.853333 0 2.56-0.853333 4.266667-2.56 5.973333-4.266667 12.8-12.8 12.8-36.693333 0-29.013333-0.853333-45.226667-13.653333-53.76-4.266667-2.56-11.946667-4.266667-21.333334-4.266667H896v164.693333h19.626667v-64h14.506666l13.653334 64h22.186666l-15.36-67.413333z m-5.12-39.253333c0 3.413333-0.853333 6.826667-3.413333 8.533333-2.56 1.706667-5.973333 1.706667-8.533333 1.706667h-17.066667v-34.133334h17.066667c3.413333 0 5.973333 0 8.533333 2.56 2.56 2.56 3.413333 5.973333 3.413333 8.533334v12.8zM493.226667 413.866667l19.626666 85.333333 20.48-85.333333h23.893334v164.693333h-20.48V474.453333l-17.066667 87.893334h-12.8l-17.92-87.893334v104.106667h-20.48V413.866667zM622.08 413.866667h-25.6l-29.866667 164.693333h20.48l5.12-29.013333h32.426667l5.12 29.013333h21.333333l-29.013333-164.693333z m-23.893333 103.253333l10.24-58.88 10.24 58.88h-20.48zM430.08 413.866667h-25.6l-29.866667 164.693333h20.48l5.12-29.013333h32.426667l5.12 29.013333h21.333333l-29.013333-164.693333z m-23.893333 103.253333l10.24-58.88 10.24 58.88h-20.48zM691.2 446.293333c-5.12 0-10.24 3.413333-10.24 11.093334 0 27.306667 45.226667 11.946667 45.226667 70.826666 0 33.28-16.213333 50.346667-33.28 50.346667-12.8 0-25.6-10.24-34.986667-26.453333l7.68-33.28c7.68 14.506667 19.626667 24.746667 27.306667 24.746666 5.973333 0 11.946667-4.266667 11.946666-13.653333 0-28.16-45.226667-11.093333-45.226666-69.12 0-30.72 14.506667-50.346667 33.28-50.346667 11.093333 0 22.186667 7.68 29.866666 18.773334l-7.68 34.133333c-6.826667-9.386667-17.066667-17.066667-23.893333-17.066667zM802.986667 413.866667v35.84h-25.6v128.853333h-19.626667V449.706667h-24.746667v-35.84zM880.64 413.866667v34.986666h-42.666667v30.72h38.4v34.133334h-38.4v30.72h43.52v34.133333h-63.146666V413.866667z\" fill=\"#404040\">\u003C/path>\u003Cpath d=\"M511.146667 742.4c-16.213333 0-31.573333-1.706667-47.786667-5.12L57.173333 628.906667c-25.6-5.973333-45.226667-31.573333-45.226666-60.586667V418.133333c0-29.866667 19.626667-55.466667 46.08-60.586666l407.04-105.813334c29.866667-5.973333 60.586667-5.973333 91.306666 0l407.04 104.96c26.453333 5.973333 46.08 30.72 46.08 60.586667v149.333333c0 29.866667-18.773333 54.613333-45.226666 60.586667L558.08 737.28c-15.36 3.413333-31.573333 5.12-46.933333 5.12z m-44.373334-20.48c29.013333 5.973333 58.88 5.973333 87.893334 0l405.333333-108.373333c18.773333-4.266667 32.426667-23.04 32.426667-45.226667V418.133333c0-22.186667-13.653333-40.96-33.28-45.226666L552.96 267.946667c-28.16-5.973333-56.32-5.973333-84.48 0L61.44 373.76c-18.773333 3.413333-33.28 22.186667-33.28 44.373333v149.333334c0 22.186667 13.653333 40.96 32.426667 45.226666l406.186666 109.226667z\" fill=\"#404040\">\u003C/path>\u003C/symbol>\u003Csymbol id=\"icontopbanner_language\" viewBox=\"0 0 1024 1024\">\u003Cpath d=\"M512 675.114667c41.941333 0 82.432 2.133333 120.064 6.4C606.72 809.557333 558.250667 896 512 896c-46.293333 0-94.72-86.357333-120.064-214.528 34.730667-3.541333 71.594667-6.4 109.952-6.4H512z m195.242667 17.706666c60.032 11.306667 110.634667 27.605333 148.266666 45.994667C801.28 811.093333 709.077333 869.802667 618.666667 896c33.28-48.853333 72.661333-121.770667 88.576-203.178667z m-390.485334 0c15.914667 80.682667 41.216 150.101333 73.770667 198.912a428.501333 428.501333 0 0 1-222.037333-152.917333c35.413333-16.981333 81.706667-32.554667 136.704-43.904l11.52-2.133333zM129.450667 305.493333c47.018667 24.746667 107.008 43.904 176.426666 56.618667A1252.266667 1252.266667 0 0 0 298.666667 481.109333v36.096c0.725333 35.413333 2.901333 69.418667 6.528 101.973334-68.693333 12.714667-129.450667 31.829333-176.469334 56.618666a412.458667 412.458667 0 0 1-3.626666-361.088l4.352-9.173333z m765.098666 0A410.88 410.88 0 0 1 938.666667 491.008a410.88 410.88 0 0 1-44.117334 185.514667c-47.018667-24.746667-107.008-43.904-176.469333-56.661334 4.352-41.045333 7.253333-84.224 7.253333-128.853333 0-44.586667-2.133333-87.765333-7.253333-128.853333 65.834667-12.032 123.690667-30.421333 169.984-53.077334l6.485333-3.541333z m-250.922666 67.968c4.309333 36.821333 6.485333 76.458667 6.485333 117.504 0 41.088-2.133333 80.725333-6.485333 117.546667-39.082667-4.266667-79.573333-6.4-121.514667-7.082667h-36.864a974.08 974.08 0 0 0-104.106667 7.082667 1013.76 1013.76 0 0 1-6.528-107.605333v-34.005334a949.333333 949.333333 0 0 1 6.485334-93.44c41.941333 4.266667 86.058667 7.082667 131.626666 7.082667 41.941333 0 83.2-2.133333 122.197334-6.4l8.704-0.682667zM512 85.333333c46.293333 0 94.72 86.357333 120.064 214.528-37.632 4.266667-78.08 7.082667-120.064 7.082667-41.941333 0-82.432-2.816-120.064-7.082667C417.28 171.690667 465.749333 85.333333 512 85.333333z m-120.746667 4.949334C357.973333 139.136 332.629333 207.829333 316.714667 289.28 256.725333 277.930667 206.08 261.632 168.490667 243.2a427.648 427.648 0 0 1 220.586666-152.192l2.133334-0.725333z m241.493334 0A427.52 427.52 0 0 1 855.466667 243.2c-37.546667 18.432-88.917333 34.730667-148.224 46.037333-15.189333-76.458667-38.314667-142.293333-68.693334-190.464l-5.76-8.490666z\" fill=\"#4E5969\">\u003C/path>\u003C/symbol>\u003Csymbol id=\"iconspin_Left\" viewBox=\"0 0 1024 1024\">\u003Cpath d=\"M66.56 507.733333L17.92 357.546667c-1.706667-5.973333 3.413333-11.093333 9.386667-8.533334l181.76 64.853334c5.12 1.706667 5.973333 9.386667 1.706666 12.8L76.8 511.146667c-3.413333 2.56-8.533333 0.853333-10.24-3.413334z\" fill=\"#333333\">\u003C/path>\u003Cpath d=\"M529.066667 41.813333C305.493333 41.813333 117.76 196.266667 65.706667 403.626667l76.8 10.24C189.44 244.053333 344.746667 118.613333 529.066667 118.613333c221.013333 0 400.213333 180.053333 400.213333 400.213334s-179.2 401.066667-400.213333 401.066666c-83.626667 0-162.133333-26.453333-226.133334-70.826666-36.693333 11.093333-46.08 38.4-47.786666 59.733333C332.8 964.266667 426.666667 996.693333 529.066667 996.693333c262.826667 0 477.013333-214.186667 477.013333-477.013333s-213.333333-477.866667-477.013333-477.866667z\" fill=\"#333333\">\u003C/path>\u003C/symbol>\u003Csymbol id=\"icontosboard\" viewBox=\"0 0 1024 1024\">\u003Cpath d=\"M772.565333 859.434667a28.970667 28.970667 0 1 1 0 57.898666H251.434667a28.970667 28.970667 0 1 1 0-57.898666h521.130666zM830.464 106.666667c48 0 86.869333 38.869333 86.869333 86.869333V714.666667a86.869333 86.869333 0 0 1-86.869333 86.869333H193.536A86.869333 86.869333 0 0 1 106.666667 714.666667V193.536C106.666667 145.493333 145.536 106.666667 193.536 106.666667h636.928zM781.226667 378.794667a28.970667 28.970667 0 0 0-39.765334-6.314667l-0.426666 0.298667-135.68 98.688a14.464 14.464 0 0 1-15.786667 0.810666l-0.298667-0.170666-146.346666-90.026667a57.898667 57.898667 0 0 0-65.28 3.157333l-0.597334 0.426667-114.432 89.002667-0.384 0.298666a28.970667 28.970667 0 0 0-4.992 39.978667l0.298667 0.341333 0.298667 0.426667c9.813333 12.117333 27.477333 14.336 39.936 4.949333l0.384-0.298666 106.496-82.816a14.506667 14.506667 0 0 1 16.213333-1.109334l0.298667 0.213334 146.005333 89.856a57.898667 57.898667 0 0 0 63.829333-2.090667l0.597334-0.426667 143.530666-104.362666 0.384-0.298667a28.970667 28.970667 0 0 0 6.272-39.765333l-0.256-0.426667-0.298666-0.341333z\" fill=\"#1D2129\">\u003C/path>\u003C/symbol>\u003Csymbol id=\"iconUnmoun\" viewBox=\"0 0 1024 1024\">\u003Cpath d=\"M512 938.666667v-85.333334H170.666667v-213.333333h341.333333v-85.333333H170.666667V341.333333h682.666666v170.666667h85.333334V298.666667a42.666667 42.666667 0 0 0-42.666667-42.666667h-341.333333V170.666667h362.666666a21.333333 21.333333 0 0 0 21.333334-21.333334v-42.666666a21.333333 21.333333 0 0 0-21.333334-21.333334h-810.666666a21.333333 21.333333 0 0 0-21.333334 21.333334v42.666666a21.333333 21.333333 0 0 0 21.333334 21.333334H469.333333v85.333333H128a42.666667 42.666667 0 0 0-42.666667 42.666667v597.333333a42.666667 42.666667 0 0 0 42.666667 42.666667h384zM405.333333 405.333333h-128v85.333334h128v-85.333334z m0 298.666667h-128v85.333333h128v-85.333333z\" fill=\"#1D2129\">\u003C/path>\u003Cpath d=\"M870.826667 607.786667l-101.333334 101.333333-101.376-101.290667c-6.698667-6.741333-9.813333-8.490667-13.653333-9.6a19.328 19.328 0 0 0-11.349333 0c-3.84 1.109333-6.954667 2.858667-13.653334 9.6l-21.674666 21.632c-6.741333 6.741333-8.448 9.856-9.6 13.653334a19.328 19.328 0 0 0 0 11.392c1.152 3.797333 2.858667 6.912 9.6 13.653333l101.333333 101.333333-101.333333 101.333334c-6.741333 6.741333-8.448 9.856-9.6 13.653333a19.328 19.328 0 0 0 0 11.392c1.152 3.754667 2.858667 6.912 9.6 13.653333l21.674666 21.632c6.698667 6.741333 9.813333 8.490667 13.653334 9.6 3.669333 1.152 7.68 1.152 11.349333 0 3.84-1.109333 6.954667-2.858667 13.653333-9.6l101.333334-101.333333 101.333333 101.333333c6.741333 6.741333 9.898667 8.490667 13.653333 9.6 3.712 1.152 7.68 1.152 11.392 0 3.797333-1.109333 6.912-2.858667 13.653334-9.6l21.674666-21.632c6.698667-6.741333 8.448-9.898667 9.6-13.653333a19.413333 19.413333 0 0 0 0-11.392c-1.152-3.797333-2.901333-6.912-9.6-13.653333l-101.333333-101.333334 101.333333-101.333333c6.698667-6.741333 8.448-9.856 9.6-13.653333a19.413333 19.413333 0 0 0 0-11.392c-1.152-3.797333-2.901333-6.912-9.6-13.653334l-21.674666-21.674666c-6.741333-6.698667-9.856-8.448-13.653334-9.6a19.328 19.328 0 0 0-11.392 0c-3.754667 1.152-6.912 2.901333-13.653333 9.6z\" fill=\"#1D2129\">\u003C/path>\u003C/symbol>\u003Csymbol id=\"iconUpload\" viewBox=\"0 0 1024 1024\">\u003Cpath d=\"M192 768a21.333333 21.333333 0 0 1 21.333333 21.333333V853.333333h597.333334v-64a21.333333 21.333333 0 0 1 21.333333-21.333333h42.666667a21.333333 21.333333 0 0 1 21.333333 21.333333V896a42.666667 42.666667 0 0 1-42.666667 42.666667H170.666667a42.666667 42.666667 0 0 1-42.666667-42.666667v-106.666667a21.333333 21.333333 0 0 1 21.333333-21.333333h42.666667zM490.666667 748.202667h42.666666a21.333333 21.333333 0 0 0 21.162667-18.858667l0.170667-2.474667V256l128.426666 128.426667a21.333333 21.333333 0 0 0 28.16 1.792l2.005334-1.792 30.165333-30.165334a21.333333 21.333333 0 0 0 1.834667-28.16l-1.834667-2.005333-211.2-211.2a21.333333 21.333333 0 0 0-28.16-1.749333l-1.962667 1.792-211.2 211.2a21.333333 21.333333 0 0 0-1.749333 28.16l1.749333 1.962666 30.165334 30.208a21.333333 21.333333 0 0 0 28.16 1.749334l2.005333-1.792L469.333333 266.368v460.501333a21.333333 21.333333 0 0 0 18.816 21.162667l2.517334 0.170667z\" fill=\"#1D2129\">\u003C/path>\u003C/symbol>\u003Csymbol id=\"iconusb_disk\" viewBox=\"0 0 1024 1024\">\u003Cpath d=\"M702.506667 85.333333l-391.338667 2.986667c-36.053333 6.741333-36.053333 31.488-36.053333 31.488l1.493333 183.722667c3.669333 13.525333 21.333333 15.786667 20.608 16.512l431.786667-2.261334c19.157333 0 20.608-15.744 20.608-15.744V115.328C746.666667 90.581333 702.506667 85.333333 702.506667 85.333333zM461.226667 219.562667s0 6.741333-11.776 7.509333H366.336c-1.450667-0.768-9.557333 0.725333-14.72-7.509333l-1.450667-31.488s-1.493333-7.509333 14.72-9.002667h79.445334s14.72-0.768 16.896 10.496v29.994667z m212.608-1.493334s0 6.741333-11.776 7.466667H578.986667c-2.218667-0.725333-11.050667 0-15.445334-7.466667v-31.488s-1.493333-7.509333 14.72-9.002666h79.445334s14.72-0.768 16.896 10.496v29.994666h-0.725334z m199.338666 458.154667V344.021333H150.826667L149.333333 810.666667c0 21.333333 21.333333 45.525333 21.333334 45.525333 69.12 83.2 172.117333 81.706667 172.117333 81.706667L669.44 938.666667c66.944-4.48 100.778667-20.224 100.778667-20.224C861.44 873.386667 874.666667 853.333333 874.666667 810.666667v-133.717334c0-0.725333 0-0.725333-1.493334-0.725333z m-127.232-29.269333l-65.493333 40.533333c-0.725333 0.725333-2.176 0.725333-2.944 1.493333-1.450667 0-2.176-0.768-2.944-0.768-2.176-1.493333-2.944-2.986667-2.944-5.973333v-27.008h-176.554667c6.656 10.496 12.544 23.253333 16.938667 34.474667 9.557333 22.485333 19.882667 45.738667 34.56 45.738666h19.882667v-20.224c0-3.754667 2.944-6.741333 6.613333-6.741333h65.493333c3.669333 0 6.613333 2.986667 6.613334 6.741333v66.730667a6.656 6.656 0 0 1-6.613334 6.741333h-66.218666c-1.493333 0-2.986667-0.725333-4.437334-2.261333-1.450667-1.493333-2.176-2.986667-2.176-4.48v-20.266667h-19.882666c-31.616 0-45.610667-32.981333-58.112-62.208-9.557333-22.528-19.84-45.738667-33.834667-45.738666H378.837333c-5.888 23.210667-26.453333 40.490667-50.773333 40.490666a54.4 54.4 0 0 1-52.906667-54.741333 52.48 52.48 0 0 1 52.181334-53.248c24.32 0 44.885333 17.237333 50.773333 40.490667h21.333333c13.994667 0 24.277333-23.253333 33.834667-45.738667 12.501333-29.269333 27.221333-62.250667 58.112-62.250667h22.101333a40.618667 40.618667 0 0 1 37.504-27.008c21.333333 0.768 38.997333 18.773333 38.997334 40.533334s-16.938667 39.722667-38.997334 40.490666a40.618667 40.618667 0 0 1-37.546666-27.008h-22.058667c-14.72 0-24.277333 23.253333-34.56 45.738667-5.12 11.989333-11.050667 23.978667-16.938667 34.474667h229.546667v-26.965334c0-2.261333 1.450667-4.522667 2.944-5.973333a5.418667 5.418667 0 0 1 6.613333 0l66.176 40.448c2.218667 1.493333 2.986667 2.986667 2.986667 5.973333 0 3.029333 0 6.784-2.218667 7.509334z\" fill=\"#1D2129\">\u003C/path>\u003C/symbol>\u003Csymbol id=\"iconUSB_eject\" viewBox=\"0 0 1024 1024\">\u003Cpath d=\"M512 34.986667L34.986667 631.466667h954.026666L512 34.986667zM34.986667 750.933333v238.933334h954.026666V750.933333H34.986667z\" fill=\"#333333\">\u003C/path>\u003C/symbol>\u003Csymbol id=\"iconuser\" viewBox=\"0 0 1024 1024\">\u003Cpath d=\"M747.52 576.853333c114.346667 0 207.36 93.013333 207.36 207.36v151.893334c0 30.72-24.746667 55.466667-55.466667 55.466666H124.586667c-30.72 0-55.466667-24.746667-55.466667-55.466666V784.213333c0-114.346667 93.013333-207.36 207.36-207.36h471.04zM512 23.04c137.386667 0 249.173333 111.786667 249.173333 249.173333S649.386667 521.386667 512 521.386667 262.826667 409.6 262.826667 272.213333 374.613333 23.04 512 23.04z\" fill=\"#333333\">\u003C/path>\u003C/symbol>\u003Csymbol id=\"iconusergroup\" viewBox=\"0 0 1024 1024\">\u003Cpath d=\"M302.933333 476.16c41.813333 0 80.213333-16.213333 108.373334-43.52-29.866667-29.013333-48.64-69.12-48.64-113.493333s18.773333-85.333333 48.64-113.493334C383.146667 179.2 344.746667 162.133333 302.933333 162.133333c-86.186667 0-157.013333 70.826667-157.013333 157.013334 0 87.04 70.826667 157.013333 157.013333 157.013333zM239.786667 738.133333V641.706667c0-71.68 58.88-130.56 130.56-130.56H154.453333c-71.68 0-130.56 58.88-130.56 130.56v95.573333c0 19.626667 15.36 34.986667 34.986667 34.986667h215.893333c-18.773333 0.853333-34.986667-15.36-34.986666-34.133334z\" fill=\"#333333\">\u003C/path>\u003Cpath d=\"M834.56 548.693333c91.306667 0 164.693333 74.24 164.693333 164.693334v121.173333c0 24.746667-19.626667 44.373333-44.373333 44.373333H338.773333c-24.746667 0-44.373333-19.626667-44.373333-44.373333V714.24c0-91.306667 74.24-164.693333 164.693333-164.693333 0.853333-0.853333 375.466667-0.853333 375.466667-0.853334zM647.68 107.52c109.226667 0 197.973333 88.746667 197.973333 197.973333S756.906667 504.32 647.68 504.32 448.853333 415.573333 448.853333 306.346667 537.6 107.52 647.68 107.52z\" fill=\"#333333\">\u003C/path>\u003C/symbol>\u003Csymbol id=\"iconwarning\" viewBox=\"0 0 1024 1024\">\u003Cpath d=\"M514.56 1006.933333c-273.066667 0-494.933333-221.866667-494.933333-494.933333s221.866667-494.933333 494.933333-494.933333 494.933333 221.866667 494.933333 494.933333c-0.853333 273.066667-222.72 494.933333-494.933333 494.933333z m0-913.066666c-230.4 0-418.133333 187.733333-418.133333 418.133333s187.733333 418.133333 418.133333 418.133333 418.133333-187.733333 418.133333-418.133333-187.733333-418.133333-418.133333-418.133333z\" fill=\"#F8AA01\">\u003C/path>\u003Cpath d=\"M514.56 636.586667c-21.333333 0-38.4-17.066667-38.4-38.4V304.64c0-21.333333 17.066667-38.4 38.4-38.4s38.4 17.066667 38.4 38.4v293.546667c0 21.333333-17.92 38.4-38.4 38.4z\" fill=\"#F8AA01\">\u003C/path>\u003Cpath d=\"M514.56 705.706667m-38.4 0a38.4 38.4 0 1 0 76.8 0 38.4 38.4 0 1 0-76.8 0Z\" fill=\"#F8AA01\">\u003C/path>\u003C/symbol>\u003Csymbol id=\"iconAdvanced\" viewBox=\"0 0 1024 1024\">\u003Cpath d=\"M168.96 571.733333l160.426667-156.16M401.066667 407.04l139.093333 178.346667M590.506667 577.706667l278.186666-218.453334\" fill=\"#FFFFFF\">\u003C/path>\u003Cpath d=\"M368.64 354.986667m-86.186667 0a86.186667 86.186667 0 1 0 172.373334 0 86.186667 86.186667 0 1 0-172.373334 0Z\" fill=\"#333333\">\u003C/path>\u003Cpath d=\"M558.933333 546.133333L443.733333 399.36c-12.8 23.04-35.84 40.106667-63.146666 43.52L494.933333 589.653333c12.8-23.04 36.693333-39.253333 64-43.52z\" fill=\"#333333\">\u003C/path>\u003Cpath d=\"M569.173333 634.026667m-86.186666 0a86.186667 86.186667 0 1 0 172.373333 0 86.186667 86.186667 0 1 0-172.373333 0Z\" fill=\"#333333\">\u003C/path>\u003Cpath d=\"M810.666667 355.84L569.173333 545.28h0.853334c30.72 0 57.173333 16.213333 72.533333 40.106667l221.866667-174.933334c-24.746667-8.533333-45.226667-29.013333-53.76-54.613333z\" fill=\"#333333\">\u003C/path>\u003Cpath d=\"M893.44 327.68m-86.186667 0a86.186667 86.186667 0 1 0 172.373334 0 86.186667 86.186667 0 1 0-172.373334 0Z\" fill=\"#333333\">\u003C/path>\u003Cpath d=\"M203.946667 591.36l152.746666-148.48c-27.306667-4.266667-51.2-21.333333-64-45.226667L149.333333 537.6c25.6 8.533333 45.226667 29.013333 54.613334 53.76z\" fill=\"#333333\">\u003C/path>\u003Cpath d=\"M121.173333 622.08m-86.186666 0a86.186667 86.186667 0 1 0 172.373333 0 86.186667 86.186667 0 1 0-172.373333 0Z\" fill=\"#333333\">\u003C/path>\u003C/symbol>\u003Csymbol id=\"iconAllow\" viewBox=\"0 0 1024 1024\">\u003Cpath d=\"M896.426667 271.146667l-29.44-30.293334a21.333333 21.333333 0 0 0-30.08 0L384.213333 693.333333l-211.2-210.986666a21.333333 21.333333 0 0 0-30.08 0l-30.08 30.08a21.333333 21.333333 0 0 0 0 30.08l226.133334 226.346666 30.293333 30.08a21.333333 21.333333 0 0 0 30.08 0l30.08-30.08 467.626667-467.626666a21.333333 21.333333 0 0 0-0.64-30.08z\" fill=\"#1D2129\">\u003C/path>\u003C/symbol>\u003C/svg>\u003Cnoscript>\u003Cstrong>We're sorry but tos7 doesn't work properly without JavaScript enabled. Please enable it to continue.\u003C/strong>\u003C/noscript>\u003Cdiv id=\"app\">\u003C!---->\u003C!---->\u003Cdiv data-v-5bce1a4c=\"\" class=\"page_main\" style=\"background-image: url(&quot;data:image/jpeg;base64,/9j/4AAQSkZJRgABAQAAAQABAAD/4gHYSUNDX1BST0ZJTEUAAQEAAAHIAAAAAAQwAABtbnRyUkdCIFhZWiAH4AABAAEAAAAAAABhY3NwAAAAAAAAAAAAAAAAAAAAAAAAAAAAAAAAAAAAAQAA9tYAAQAAAADTLQAAAAAAAAAAAAAAAAAAAAAAAAAAAAAAAAAAAAAAAAAAAAAAAAAAAAAAAAAAAAAAAAAAAAlkZXNjAAAA8AAAACRyWFlaAAABFAAAABRnWFlaAAABKAAAABRiWFlaAAABPAAAABR3dHB0AAABUAAAABRyVFJDAAABZAAAAChnVFJDAAABZAAAAChiVFJDAAABZAAAAChjcHJ0AAABjAAAADxtbHVjAAAAAAAAAAEAAAAMZW5VUwAAAAgAAAAcAHMAUgBHAEJYWVogAAAAAAAAb6IAADj1AAADkFhZWiAAAAAAAABimQAAt4UAABjaWFlaIAAAAAAAACSgAAAPhAAAts9YWVogAAAAAAAA9tYAAQAAAADTLXBhcmEAAAAAAAQAAAACZmYAAPKnAAANWQAAE9AAAApbAAAAAAAAAABtbHVjAAAAAAAAAAEAAAAMZW5VUwAAACAAAAAcAEcAbwBvAGcAbABlACAASQBuAGMALgAgADIAMAAxADb/2wBDAAMCAgICAgMCAgIDAwMDBAYEBAQEBAgGBgUGCQgKCgkICQkKDA8MCgsOCwkJDRENDg8QEBEQCgwSExIQEw8QEBD/2wBDAQMDAwQDBAgEBAgQCwkLEBAQEBAQEBAQEBAQEBAQEBAQEBAQEBAQEBAQEBAQEBAQEBAQEBAQEBAQEBAQEBAQEBD/wAARCAhwDwADASIAAhEBAxEB/8QAHQAAAQUBAQEBAAAAAAAAAAAAAwACBAUGAQcICf/EAFsQAAEDAwMCBAQEAwUFBQMAGwEAAgMEBRESITEGQRMiUWEHFDJxQoGRoRUjUggzYrHBFiRDctE0U4KS4RclRFTw8TVjc6ImRYOTsgkYJzZVZHTC0kZWhKPiw//EAB0BAAIDAQEBAQEAAAAAAAAAAAIDAAEEBQYHCAn/xABCEQACAgEEAgEEAQMCBAQEAgsAAQIDEQQSITEFQRMGIjJRFEJhcSMzFVKBkQehsdEWJEPBNDVTYuHwF3KCkiVjsv/aAAwDAQACEQMRAD8A+g+p7KzqCyVVpkxpqIy3dUXwzuz62wutda0iutL/AJaoB9RnB/ZbJYCuDukuv218Y0UN/aGT+gmbnf8APP7L4kff61g2s++MKM8eUgjlTS0HkcbKNIOMKJ4KzhnlHxgtlVa47Z19aGE1tiqGzPI3Phj6iF7TYbrRdQ2eivdvkDoK6BlRHvw1w2/1Wcu1ugudBNRVDA+OZhY5p7ghZD4DXSqs013+GNcSZLPJ41EXH6oHk7D7Y/dE3uKtW6OT2LhJcHuuoTHMYkkkongqMcnivUEb/hV8Z6Lq1rf/AHP1f/ulSOGtqt8OcfzOOF7DJLLKcud+SzvxR6Li696Qqun9bYqh2JaaYjPhSt3aQqj4N9WT9VdHw/xNhjuVrAoK5h5EseQSfvhaK5Z4KnHPRteyqeoXzUk1P1Axoe6mxFLt/wAHv/orzR6FMlp4qqJ1PO3Ux/I9Vqrs2GO2O6LifAP9vD4TNsnVlN8U7PCRa+oGBtVK0eX5sNABx21xr5cpnNZsG4BX6ofEP4e0vxM+HXUXwsuzG+I+LNukduWOOTDMc7bOb5vyX5bXO119hu1XZLnA6GqoZnwTMcMFr2kgj9ivsP0b5NXUfBZ2uv8AH/7D479ZeMdN61EOpd/5J1FJvxyp2ryHZVdM8YGVYwyBwC+hQeVg+e28MDNGS8bKVTyDYLkrNQyAo0TyH4O35qZ2MW/uRcRkEDBUhqhwcKQzhPjLIiSDNTk1qcOUwzM6B3TxwkB3XVCCSSSUIJJJJQglw8LqShDjOUZAAOUdh2BKhM4EknrrVClPINJJJQMSc1NSVEOkKJUt/kuA7qZnOyAWEpFsMkjLaWHRN9lt9T4EsvBC9ZeyG60P8xudQ59F4RUxOgeKmElrhzheqfD2/iuomwyEOIwDk91wtXBxlk+kfTOuhqILTyZBrKYU8xj07AoLmNlhdTvb/Lfs4ZWw6jsztXzUDQ5pGThZiSI4OAlVTTWT0up0qUnFnmnU1mbaq3+QwiB4y1U2B7/qvVLhbYLlTPgnYCCDg43BXmtxoZrdOYpRkZ2PqupXYmjwHlNDLT2fJ/SyKeQiIH4kRaIvBxZj0mnwpGyAcJLhHiYHqjT9izXWq4/xGkdSl/maMjKpLtRvp6nxDw79lW01XNQVRdFwMZ91rwKe8UPiROGvG4PIKfGXBmcNknIzBbkAHbCl2ivktlW2pj3A5HqotZTy0kvhyAj0KGx2RwijPLJOKtjg+gOm75Bd7bHJHgOA3Gcq3J9l4b0d1A6110TS4hud917hBNFV07KiJwLXtBGFqrllnnddS6pcjTukkeUlsTOWxJYKQ5RNiBsrKBqr6htH8WoHQtxqAJblXGn3T2NG2d0MlkZCW1mf6MvDhH/AathZNBs0nh32Wt0kbFYnqC31FBWNvFGMhpy4DnC1FluAuNvjqSRqcN0CfpjLVve5ExPTE9EJY9MSRNPuoBtOJJJKAzEm/hTkxU1ktPPBQ9Y9Of7Q2zwYiBUQnXETx7heFTySFwyeey+lCc8cryL4ndO/KV38Vp4yI5vrwNg5Z5wO147UKH2M80uERieKiIcncKBcYjUOEx3BG3srqVgeMHhV0jDG50TvpJ2WSxYPTUTxJNFbbqn5Gp1uyGk4+y1Uc73gFrsgjIWVq4AXeT0VlYbhg/JzbuaPKkx4fI7UQlYt8S9B2DiV14JGUwcqQCCMhMObKOGQZgchCUuZu52UQ8qmNTGu34XoPw36gkp5vkHvwcZB9VgFLt1W+hrIqljsFjgfyRwljgzaur5YYR9FxVBfjbnus98SrZ4ttZ1Fb4tNZQaTkdwEewXRlwoIqhpydIyrv+VWU8lLO0FkjC0g+6alk8w4fx7U2YXq2eWqsNm+K/S80kV1s7o3yPY7fy8r606H6pt3WHStv6gtbswVcQcW5yWP/Ew/Yr5Q6O12Dqe49DV8QlpKvUYA52kYd9J/Nuf1Wx+AHU46B67uPwzvNQWUd1ldU29zuPFPb03G35InHHIzX0K6tRT+6Kyv/wCV/wDsfTmQjR/UooOSN0VvZNXWDyuc8k1vlCegMOcBEacDhKksBBhyiAjCEu5KAgTIXUIE5RBwoQekkkoQSSSShBJJJKEEkkkoQSSSShBJPbHJE6ORmdSScBhEkQp5KY21+IW/y3HbHZSIqjxGgtcpsrQ4YPBVVNBNTSfywS0nIwmEO3GijulK6kqD/LdyspIK7peYUrg59C84jkHA9itbFMXcjldqmR1VM6lnja+OQYII4+ygUXgqKeqjqYhIxwdlHWdqIKvpmqy3MlA87dyxXdNVRVMQlhcHA+hUDJcTtKHXUDK6PIfonH0vTXdt0aI52UIV1rry2U264t0TtOzjw8eyuBGwcBRLjaWV8Yc06JmbteOQo9DXyRv/AIfXbTt2YTw8fdQharo5XBnuPZdbsVCBmnITKinjqYjHIOURkgA4SM5z9IUIZ2eGSyuGRqp3nALfw/dT6SZksfiRuBB7hWT9EzCyWNrgRggjKz1bS1Nlm+apQX0zj5ox+D3UXBCzc3KaYyRhMgq4qmISxHIPvwjpisIY/q/oMdRPp7jQVxobnRgCCYDI0j8Dh6LPdP8AU7mVL7F1E00dxgOHNP0yH+pvsV6iqDq3o+g6ro2xyv8AAqocmCoa3Loye/7K/kyHGWDDfE34Z2f4iWh0EkbWXGFodSzO3DXj1HvsvnezV916TusvSXVzRHURO0xyh3lPO/2K+j7NfLjZ7k3pbq6MwXN2XQyk+WrZ/W0+pz9P3Vb8UPhhbevLe6opmtgu1O0mnnA7+hSrK42Lk9L4Dz9virkm/sPOKaQMkZMMOA3yO69Hsl7hvNNloxLGAHg/5rwa33W62Cvf0/fonRTwO0+ccj1C3NruElHIyupJcY3djgj0K4HktDGyOGfpT6P+p4Uz+aqWa5LGD0meM6gUxoxsu0NfHX0jKhjQQ9ufsUi3crzllbre1n2Cq2GprVlfTIHUFlpL7ROoK1mqNw3Xyv8AEXpGu6Wu8lOYcUrjmN7eD7L66DsbaQVl+uejKLqy1SQPja2doLmO9/RSuW1nF834n/iNWY/kuj48dwVBqI984Wo6j6eqLLcZaSRhboJ5Co5YtW2NwtsZJnybXaazTzddi5RDpXmE4IVrDMJGdlWSx4GwXaOoLMMcnxkc6E9ssFm8E5I4Ud/BUsgBuDvlAcDuOFJLJonyQ3cpqO9obuO6H4h7hZ3HkUHo5BG8Eq9imE0bQ0jICzb8gggqdbqkxTAOOQqNdNmOGW2CDwhuBwphDdO3CCWDfCVYdKC3LJCIOeFxSXxeyHoKWHgakklgqiDDuMILoc5UjR7JuRnCCayU1khAGGZrw3haG23YSBsEx443VLK0HtkocbzDKJAM47JaLpnKmWUbMODuCEJ0e/ooVDWCdgOSCVPBy3dE1g6cLN8ckWUZwhs2IUmQZJQcHsEJohLBMpJWhzQVo6OQFrQFkWAtcCMj81dW+sA0hx9VDZVbg1ERBaN0sHVlRqWUOwcqZgOCpnRhLJKpJA3Y91LBDgqhsmhwIKmwVIwMrO1ybK55JR8u6a86giAhwQiC1C+TWmKikENUMjZXVwpn1lPmM9srPyZBBB3Whs1W2WIMcfMBhIY6qWHgzYhkgcWPachdkYXDZXt0t8gcahoBb6DkKpkjOQCVQ2SKudrozghNac7qbNGJAcjgKA9piJyNkqxZFr7WWdluEtrq21Ee++4Xqdvr4btTh8bgJMDy55XjjJAQFe2K8uoZWs1EfnysNteTpaS+K4Z6aHyU7w9hII5wVrrDdIql7H7am4BCxlHVwXKnE0LsnG47go1NLPRTCaE4Pf3XLvr5OxVYnyj1mOpD9sIzXZWZ6fuzLhHp1edo3C0Eb8gbLFODRqf3ckgjCFLG1/1NB+4RNWrskskkEkCo6mSJ3y8wG30nGysw7UPrUAw6sE9k2KR7JC05wEmUQ2sos09nCDDIHAIw5QNZFvg4Rg55RYzrwEnnDRtnKEwlhWeccC3mTJJOUlwEEZC6gBOs+oKQCMcqMntJKgMlkKOcpLg4XUqTyIaCpJJICh6SSShAU4JwhxjCO4ZwmhuESRB4GF1JJGQSSSSsgk1yckoQzF0ZU26tZVA/y3nBwp7ntnhbI05BGVY1dNFUwuhlaCHD9FnqKWS31BopwdPLStFch0ZZ7DPG5CgVlLHURFj25yrWqhJAkjGxGVDlDmEbZW+qXIbW5YPB/iH0pNT1b6uJuAc5GFgqLVTVGtwwQV9LdRWeK70kzX4BI22Xz/f7PNbLlJA4fZdnTWJoyWw5ybnofqaQyti8XHC9IiqdZBxlfOVHXTUNQ2WJ5aQV7L0Vfv4pSNjmeDIG7FbH0P081nBs4ptjsil2wOOVCzghSGS5bjHKzyi2zopof+F32TKfkpHuhj6ksdAnEjHKj/iKc0nSN11BMbjIkkklSmWJAqM4AwjpkjNWN0yEsC7I5RR3CN2xA5VJVMIG4Wulpw8YLVnrpTOjkLQNjuulprUjl6qlyi2jBdf9PnqCxSwwhoqYmkwl3r3H7BeD290tDM+OVpL4yWuHGCvp2ZjTsRkFeH/ErpaSw3cXeIf7tWuIdjhrud17Pw2sUJJM+WfVfjuFfWufYShkFVROjH1v4C7SyOoqphIVPaK10TRvwdlcTYmAezBJGV7GT+VcHg4WyrfB6v05dfnaZkb35wMhXpdqjxheVdHXY09SIZHYwcbr1GlmY5gdnIcFy9RU0fR/B65amrGeiwstXHTv+Xl218FaaBgznsFjJ2iNzaho+krU2iuir6V3h8kD8lxNTHk9ppLUoqJNkibFUtniaBnlDulOJ6clvJ91IZuGxuHqlgEOB3AXOZuxlEHp+Vvyjqbh8LiCFajlZ6icae9ujjOGyAghaEcqjZRP7doduwB9U9MacjC6Djss8lgflDkkkkBYFJJJWimI8IBByirhAxlaUxLzkBMMgKPwVKcFFkG+AowRzZiNsIoORlQxsniTthQgRcJGEsjCCSc8qkskHnlcSXDwiBGnhBfwUQ8rh4UDIx2OVDqP+2aPVmpT38lVtwzG+Kb/ABaSfZVHsVYSBwuoRIPC4tCEiTZEkOXO2FZDqBcc/LOx6FGamVLcs4znbCtdi7CrHmgh9mJukSN0k4SaCB4f9KbyfTC0RZgsWSpdL4NTKzHCyvVVFLORUxDOnOQthco2sk8Qd27qir8yN0j0WmuWTj62v5I4Ky05NG3O2FQXeoEdWeNt1o6GMxRmPHqslfKdxmkkPZaVLKOBqk1A09FUsrKFmj0Q7W8x3FzMLL9J3UxVbqOU4a7jdayMNgrmy6djjKqL5AptjbHKLBxLZpCByqXqLMlvkAG+Cr5oa57nE7FVd2hDoZGDhPjLbIHUR3Vtf2PCZWlldOCFEuv/AGU/dWt1jEVxl2xkkfuqq5kGmLR3Xdpe6tM/N/mKnXrrIv8AZFpu32Ut7tLOEKljw0bdkSoIa3CYznJZZVSDM5cO6tKXt+ar4vNPghWlO0gBDDsO3hYJI4SPC7pJ7Lj2nGDstnox+yJI/DtI3yraH/s7cqjpiZKzfcA4V9NiKEu9AlRDZn6z/tTkOSTw2ZxlIkyTl/qm1xDISSUiyWDTUtzRnrpgyuccAlU793EKdXy+I7IKhNGSuVqJb3wdyj7I5C0EZEzX4V0G68b4yodFEANwrFrDkYW3R1uEEItknLJYWuE5yBlaGhhdJK2PHKrrZC1kIIHO60log3E+MBv7rq1txJFeyZdKmGzWt2loBwfzK82nqH1Di9xO5yrzqq7Oq5BCH5aDlZ4bqrZ7gJST4GpJJJAIxOaDlcaCTsEdjeDhWHBew0LdjujRRkHJCUTPZSYowE2sc5ZHsB2GFY09MZQOyHTwAkDGVa0zWwtGQtEI5YF00onf7mmAP4VGbJq7J1RMZHkcAIbfMujVHg4t9m6WAy6SMJhc3B3Qy85TzNJZCHlcSXCQOSqbwUdSyWkEhAqqtlKzU4jJ4Co7le5pwaeI5xyQlSujAbCqU3wWN0vgiaaaA5J5IVQx885DpDkDuh09I4NEkhyTum19a6CnLIBjPKw3WuctzNkINcBKyu8KM08Ry53ooEERb5iN0Okie94nk49+6l5ABWNzyO/E74ukEYUSeYDbCfLM0ZCrJ59biN1kutH1rJ2aYA7bqO0EnK59RUuCI6gcLBJ72Pb2rIWmjPoprG4TYow0Irm+6OETNOeWPDcd0M7JEgIMrxpKZPCIlkZUTD6VAe7DifVPmy52zimEZWecsjoRwNa4nsuxx+ZPZESVMhpjscK4wbJKeOhtPCRgkKwZGcA6UoYgMeVShFkcLQqzLZahgbkc8J3hkkDKII8Hj90XQA0FaIxEfIR/BxvlOc8xDynfsn6tRwFOobWXkVE5/wCUJ2wOv7yNS0NVXta6ow1vor6mpGU0YDcfdNjAbxwF2WYMAVOOTXBbTpPJwoNbcIqdmokamnjK5VXAlhip/rd2RLbYvGk+crCdR4CBy2mmEJXSSiRoqW431/iyNDad3r3Wjttvgt8QjY3fvupMMbYmaI2AD0AR4oyTnskTnk9DpdJt5b5Hx6S3BaiFsfcfukA1g9FbWGxzXScTnLYYzgk7Z+yzTluO1p6JSkopErpqzirk+ZezyMOxW0xthMgghp4mxQsDQOcDkoh2GUKaR7PRaeNENqBhvO6C45PCe9/ouBoG5VHShHByKNhI1DKI5oDduE0Ox2Q6icBuFAbLFFAKl4Ycbbqtkk1PzjhPnmEj9ydlCnlDRj1TIRycnU344CzzhuMdlCb4s0znvOc8ey61rpXgkqZG0AcJ+McHJsuywkAxhSwRjlRyA0YQ5H+hKmzLyJ+Umam42IUaWVrtycAKO2c4Iz2WP6p6vioY3QQuOe5B7rXTTu7OV5DylOjjusf/AEL+89TW+zRNklcHF2Q0A4zj3/NeWV12vXV9zbb6KRzy4nGNke1Wu+9bXR3gxkx7a39omnjb33/Re6dL9F2bo2hdIWF9U7GZPxv9iVuhXGHR8x8v52Vq3WvldR/RnuhvhjbelqX+M38Dx2gPBJ49VrWz3Tq+MQ2UintYJaZXcv8A+U/qp1LYrhf6uOqumYaBg8lKTu4/4lrmU5aRpG33R5PEXaqV83ZL8iss1gpLXSNp2sy4cu9VbRRZ8oCII8gbJzWae6mTDy+xhbp7J8jdWF1z2t2JUeevhicY2YfIPwZ5UyTA8gAE6xgKgu/UhpZBT2dnzVZ20Hyt+5Ux1tuV3nc2sPy1GB9Eez3H7qztlhoLY0iKLLjy48qpSwVGKjyzJUnSFXepRcuqHCUv4p85YPyWqmFHaqQOJDQPU8p92uNNbafxZeeGNHJKyT4rje3GWvOmAfS3KU3kbucuyHc77cr/ADeDapNFM76Xc4/yQ4qGC2QiJn5lWckMVHGBGAMeiiyxax4swJceB6IJz28HovCeFu181NpqH+OyulfU1bDHTkMYfxHuu09tpKZpnczM39aLLURQMOkgHsAgQyVM/wDe/wB3nj1Wadm4+0eH8VHT1pRWEg5qmjLWHJTMyP8AqThG04OOE50scTcvwAO5WeTyevqcYRwgekgoFdc46KLVI/HoM4VZcb98wTS2huuYHAKNbekK+eUVN5k1k7hpPCFFTuj0iI6Suuzv90ixGfxE8q4t3TEcLQ+pxI/lX1Pb4aZoZDE1oHoEcxgtxwib3GaU9zIUMMVM3Dhp9F15nP8Ac8eqkina86nNJwmT1VLSRF0z9PoPVNrg5dC7tXXp47rHgA2nbI7NV5gimqttIAIzhUVw6mp/D0QAlx9FQTV9bK7LTj2WqFG48f5L6z0umyqnlmpr+oGtJEeWgd1QVV6a4ku1nPuoDaeqmOuQnf3RWW10mAd06FW08J5H6t1WqzhgJbg6Y+R8g+5Ud7Hz4a6Rx+5yrqGyRAZMeSptNYGkhxiwAtMVg8xd5K6382ZuO3u2Icp1Pa5ch2sfotLDbKaMYMYyFIFNGN2MGUZjlqM9lCy1ybfzB+imMpDCBqcDsrMUU8pAbFgKbFYaibGrYKtwt3JFGyIk8IzNeNIYThamk6XAIc5oKs4rTBDjETc+4QOwS7jFxUFwnH8un/VWFN0q97Q6qlDSewWvFLpxhoGfRPFHnOOQg3indL0Z2DpuiiALg535qyho4YQGshAA9lLlloqNjn1U4Yew9VXm+wkaaOmkneeA1uymULct/LJ2RgDAGE172MGXOH6qJFT9WXOTw4bbHTsxu6QYUim6Jr55SbpWaW/4DyqcsEykAlu1NHsDk/dRX3Osm2pYyffhaeDpK104AcDJ7lWMVvo4mBjYGYbx5UveD8hg/lL9VOGI8ZUql6TuVQ//AHmTSDzlbgsZGAGgDHoEzxSB9lAPlkvxM1D0RA1wMzgR7FWVN0zaYN9BJ+6sH1IbthAkqGt4KspTlL8gkdFQQ4DIzt7o2qCLYYCrJKvB2QZK8D6ihkskayW7qprc7hRZKxoP3VRNdYm4GVCnu0RAAJJVBqCLmoqWOwVClrmgjKp5a1792lx+yjvFVIfJqP5qBRxEu5LmwDZu6h1F3k4yVANFWvH4gkLFcJuCSoFuHy3LUPOSVDNUxzicKwb0zVYHjgo7OnmRnLwVRecFR8wMYa0klADpnOwInfotKy2U8fLE/wABgGMY/JWV8m0zXylRLjDCEWOxVTyNeAFofk5iCY2J4t9SBxyglLaA7MlRFY4owPFx+SkxUFBF/wALDvVWYoXAfzQUM0zgdgEJOwAAAxGMeiX++Eb/AEp66A52wBKvBYHQSQXcpxdoHCOKGpechqKy1VD8ZGVRT4IPzITC4FXDbEdi6NSmWaFrRr0ghXgHc2ZoRuJwAVJho6h3DditA6moqYAkNd9lHmu1spR/SiSyWotkCO2TuI1DYqQ22QxjP6hV9f1fSwbRO7Kiqusnyn+SSfzRqGAlDJr3GmpR5jpVbU3i305y6oAIWOfX3a6z6PFcGuU2n6XneRJXP8vO6IdCEY8tkqs6z1OMUDXOHAKr3zXq5EuihIB9Sp7aex2x2rAc8e2cora+tuI+Xt9E6Nh/G4YBUDbSK9liZgSXKqbvuQiD5WD+XbWlx7kBWtN02+VwfX1Jwfupr4rZbcBjASO+FAHLPBV0dur60YqiGxd2qc+GltzANQaB2HdQbh1A8AiMaQFnaq9vqXaWu1lQpV5eWXtd1DFTeWN6ztf1FJU+WN+T6LkFrrrhIXOYQPf09lc0XTVNT/zJmNc4+oUG7ow7Muyhu12foaHAd1f2/pumpYmGZoc8cZHCug+np26WgNxtsFGkq3OGGhQF2N8ROjEQGTsEGWqD9oxkhML5Hu8zspri1hGVC0m+Rjvm5jpd5W/dNEFNAQ52Mn1Qp7hg6IDn1UKSd8jv5js+ygaRMqatoGmMlV7nOc7Z5yeBlBr7lR26LXVSaSeB3KoX1N7v+YbPSughPNQ/Y49lBsUvZZXC+UtuiPjyl0/aFpy5yhxQXnqNpNWGUNE7cRgYlP8A0VvbOk6C3MZLLmoqAN5JfMcqz8P+kKBSlFdArZb6a2QinpWaWY9eUct3O6TQ5OLXDsoIlLIzT7pObobrccD1K5PNDSwuqKl2iNvJKyVfcrr1RKbbQ/ybcCWvm75HOFAq4bnl9AL/ANY1NRUts/S8bpqxx0l4+hn3KsOn+mqe0sbVVL3TV7hmSQuyPsFItFgobMw/KsBkcMF+Nyp0krmbN3Kg+bj1FDXty45TcwQccphFXM4dmo7aeBuHP57onLIAxofJ9Dcj1RGU5bu5cdURxDTGgyVT5Bgqm8kJHiMj7oMtY140xk/qorpC4keiY1uM75yqIELtRySuEjCDk+pSyfUqEE76ikDg5XElCBtWBwgulyk6XI3UVz1AorIV0g3UR82xXHSZJwgaiSoM6E55zwhDlGwCOE3w98qg4SxwIcLqWMLhcArGHHvz2QpHjCT5AFEe45UCSHOI3QsFdBOU7bHuoGMSSPKShZ+jqz3XNiN86fmhh2qIf5sLhyHD0WhSIyMEZBX4nP3aUPSN7/jlhpbiTl8jf5uefE/EraRodhY63D/Zbqma0Hy0dyHzFO3s1x5aP3WyBJ7KE/uRnt2XlvX7ajo3qqy/EW3NLWwSto64D6TAf6v3XrD26gqLqjp+DqOw1llmA01TCw5Vp4KfRuaYCaFsn9Qynlq87+CF7qKjpGTp+46jX2CY0Mpdy6Mf3Z/QH9F6CDnKpmKw6kkkoCNc3UQvEbrHL8LvjSLk3+XYuti2OpcB5YqsZw7/AMROF7gsV8W+jm9bdGVdriGa2MePQu7tnbu3CdCW1hPo1g3AK6CQDhYn4T9Zv626QpbhUjTW07flq1hO7ahmz8/stsBvnKdn2ZrF6RneomPt89Nf42f9lcRVuB/4B7474P8AmviD+3b8IjYeqKH4s2eDNB1E3wKt7G+U1bR5Xf8AjjP7L79qYGTwvhlAcyRpa4HuCvOuuOgaT4nfDu+fC6+EGZtL/u8rxxyYZMnjBA9V6LwHkpaPUwlH0ee814+Gt0sq5e//AFPymp5sEDKs6WUkgKru9suPTF/renLvTugr7dO6nqYnfgkaSCFNppDpG3Zfe9DqYaiCnE+A6vSTom4S7LnZ7MkhRJ2GIawE6CQnSi1EeuPT6rYzBJ44H0knH2U/XkDZU0TzG4A7K1p5A4BFGQm1BwcpzPqCa1EaMFaEsmcIOF1cHC6rDEknpKFZEkkkoCMT0k5QFLIzAXRykkOVCIIOEZBHCMoACSRVx/0lQgBJPc0k5ATFBo9cLQTkrqSAEBNCHMLTvlRrNcJ+n7k18jneFqzkH3U93BUCti+YhIx5mbhYtVUpxwbdBrZ6G5WRPoSyV9HebZGW4LZG5afustdba6jrZIyPKTkLI/Cvql8VYbZUv2OAzPsvVrxQCupm1UX1NG+O687tdLwz7ZotRDy+njbHh45MBJE6GXDtgVRdV9Nm5UfzFMB4rPNjHK29dbTLTlzRhzN1WRHUwseNxsQtlV20y67xytrdcujxFw0u0u2I7J61XXXTrqSYXKBo8J5wQBwVj45MHSujVapnzTyWilordj6JK6BhNY7UeFIjAI4W2COY3gjuYM6u6n2e4GjqGtd9LjgqPI1w5HCFp75TMYAm9ywau6UcVXF4mkHIyCFmSzwnujdsRsrex3Fzj8pUOyPw5T71aDK3xoBuN9u6gqKcOWVMJDSD+4Xpfw+6oLj/AAyR5w3gOPb2Xl0b3sOh43CnUNZNRVDZ4SWnO/uEyEsMXqaYaiGJI+iSc+b1XFQdG9RR3mkFPLIDJG3nuFonMI52W2MsnlLqnVNxBgHKKz6Qk0DOU5NQoYnjZMT0ZDk0TJo3RyNDmuGCFmKSSp6bubmTZfRz+VmPw7rVqFdaGOsg8JzdwDgpUo5Gb1jBYxPbIwPaQQ4AjCPq9lnLFXOhd/Dah2XsG32Wh1ZVYEz4CJJiSMoekkkoAJJJJQglBuluhulBNQTtDmSjHG4PqFOXTs1DNZQ2qx1S3I+cLza57PXyW+pGJI+dtvyVNWRB7Qcbgr2n4k9Lsr6d12po8zRt3x3AXkD2ZwXBZJw3M9V4/Uq2OX2Uk8ekgO2wq2pbJSyipjd37dle3CnL/wCawYAVaGtkBY8ZBWOyOHg7dU8o0Npq219K2UcgYcPdTW7EbrF2+rlttbiJ50E4IPC2rMPaHj8Qyqh93Zi1NbhJv0Pe0PbwoMkRackcqe3dMqaf+XnCYZFLkrk7fOU08pypPDHvlcm56GvksOKYv4PB9F6hBU5AOF4JbKt1JVskBwM7r1fp26fNQhj36jjIWqLOD5DTf1oH8SaKc0kHUtvZoqrd9crTvo+yJ1dT13VvStr64sjy+62f+cdGxy3BkH7Od+3utJpbLSyU0jQ5kw0ua4ZBCxvw2q39NdT1nQ1e7FNXZ8Au4Dh9B99iR+aIRRLbFOP5R5/6e0fUXwp65p/iH0TQdQwEeK4eDUNByWytA1f5rZsIzsvlf4X3qf4RfFmToeWcix3/APn0ZcMNjl9P9OfRfUEbjqRp/vs895CiNN2YfjLlf/v/AJLCN22MIw3yoTHbKTG/fhC+TEFSXARhdQECp6jow5UBawFSXAey6oEOSSSUIJJJJQgkkklCCSSSUIJdBwuJKEEkQHAgjlJJQhW1FO+nky3dp4TfFBxtgqymaHYBGR6KsqaZ8b8jgnZGWhlTTQ1kDoJmhzHDBysQ75jo+4mOZrpKKoOGu/oK2zX42Kj3W2093oZaKdgcHjYnsVFyMRFhrYp8GNwIIypsbeHLzumuFZ03czZ7iTpaf5bz6dgt1R1PjxNdkOGNlbWAmizaTghV9xtorY8tdpkZu1/Ba77qVG/I4RW91QJUW67Tsd8jcovDnb5W+sp/qHsrcHPIwod0tEd0hHn8OWPeOQctP39FDtN2kErrZdB4dTHs15+mVvZwPdQhdAnOE8Y2Q89l0E5UIH+yWAeQCPQrgPZdUIZu522ptVS652zVJG8/zKcdvUhTaCthroRLEfZze7T6FW4aHHB7rP3y01tvk/ilnI08ywgbOHr91aeCFmkBk4Ua3XCO4Q+I0aS3ZwPYqYD3R4IVHVHSlu6rtpt9wDm4OuKVmz4n9nArA0NzufS1e3p3q1pa6Q4pKvHlqvfPY8be69ZafUKF1DYbZ1HbH2q6QeJDJ29PdG0GeP8AxP8AhnRdZ0JqqZgiuMIyyRowXexXhlFdrl03cP4Ne4X4Y7S4HbI9QV9HMqLt0bcGWHqSd9Vb5XaaG4kYAPeJ/o4bLPfFn4bRdUUz7tapImVQ5ONiQNsn80i2pTPR+A89d4q1LP2mQst4NK9lZRyB8TwNTRwR6FbmkrYa2Fs8Lsg8juF4XZrlNbJH0pYdUDtErHbb+n7L0Ppi8tDXTQ4fG4DUzOMFea8h42X+5A/Tf0X9WxSjRZLMWblrw0jITsggEIMD4qum+YidkjlvomiUM2dyvP4ecH15WRniUWef/FXoClv1ukuNFTgVcYJIaMal80V9FNSVDoJ4ixzTggjuvtpwDxjY/deK/F34ePlc672+Fur6ntaOUyE8HkfqLwq1MXfX37PAZY9WxUR8bojraN1b1dO6CQtc0jPYqFNFqGO61Rlk+XX0OuW0bR1TnyeHIVNkYCPKcqpMZY4uaMZU+iqPEb4R5aMp+cgxlxhiLMIJAB2GMqwEWoIEsXYhVgNx/RGXGktOpp3TiDnhNHCRY8Argt7bWvfiGQ8d1Y6STsVn6dxilEgV/STRzN1Nd+XolZOro7c/azjmg42QiwYUp8e+xQmxl3dTg6Hxojad8YTsDSi+H/h/dMSXLkF146BFpzwmFpwpWG/0/umFgcDgKOWULlHBDLPdBkZjupL2uaTshPOrbGMIEsinwdo6p0MrQeFoqaZsrMghZfGDlTqGsLSGuJwiwPqs28F4QM7cLgaDyE2F4cBkp790Mo46OhCe5ZE5KGRzHjCTjvhNIygRpi8GjtlYSADhXUTg9nKxlHMYpWtzsVpKKqaABnKs3ae7PBKeXBwIR4JSeSmktkGUDOkpeEzowlgtqeoJIB4U14BaCFS08mCFZ09QNOkpbNtcsg5GkOOyPSzup5mva7bOCF14B3UYtIJ7JMoZNG7a8o1wf8xThwPbdUNfTGMHy7I9mrjG8wSuy0jbKsaymFRA4sxk8FLwa4/fHJltxkIFTEHxnA3VhU0ro9sboTWHIyEt8guP7KbU6M6fRGjmBx2R62kGTJEPuFXiNwPuEqcAFlGs6d6hlt8zQX+Tj7hejUtVBcYBNA7kbj0XicUxZsVrumepRA9sLnaSPU7Fc+6rd0dbS6lJbWei0tRU2+cVMBIwdx6re2O+QXGEAuAeBuFgrZVQ17MuIyRypDfmLZUCeAkNzuAudbWdauzJ6e13siA5VDZL3DcIg0uAeOVdNcsNkDUmmSEzwxnOUmn2XdXsszQzJyKV0bh3VjFUBwA2VaQuQyua/BHCVKORUo5LgOzumuCFA8PGcqS0ZzukzWRUvtGROIOCjIcjAMEJzDsAs74Bf7HLrOVxOaMH7q0UwrV1NanIGhTQ5JJJAAJJJJQg9Nc7T2TkOobrjLPUYVpZZSCRyNkGppyPVPWZoKyst9wNFV/3b/oPYrSt4RtYAbwdSSSVFCSSSUDEqW+0ZewVUTfNGc7K6XHAEbjKcuy08Gfo635iAeo2IXKloOAAgXWnNsq21VM3Ecpw9udlJ2kYCDyMrTCY5P0V8sWdiNl558ROlhUQuroGjI3yAvTZI/bKg1FLHMx0EzA5j8ggrpae3aDKO4+XKuBzHlmNwcK96Svr7dVRtLzjOMKw6+6cfZbrJ5f5bnEt+xWMe50c+phII3XXqnvMe502YPoizXWK5wAtcC4BWgGF4x0Z1LPFK0CTcYyM8hex007K6jZUMIyRvhMlDCOjTepkpNPlIxumMcdOHb4RMjUMrJJYN8J4DNBwkiNHlQiDlLGp5OpJJIBgl0bLiSMhyQDAwFV11IJmkY3KtyMoYaAMkZT6puPIixJrBga5hjmLOMLN9WWiLqCyT0EjRrIzGT2cvTbrZ6euy+IBjuxWSr7dLSuLHDUPVdzRapweTyPmNBK1OMej5qjbLQzyUszcPicWkFXttqWvIjJAwMjdWvxR6dFDUMvtLCAJjpmLR6cf5lZGhqwHDAzhfSdDqoXwTifFPJaWeg1DjL2aNzpIJRNG7Sc8hej9IXh1RCIZZdTgNl5vkSRYznZTen7lLRVbGuccZ9Vqur3o1eK10tNasdHtcf8ANiId6FPs1XNQ1DIozgE7qrtVybV0rZG4zjBU5h8xIG+VwNXThn1TSamM4qUWbeOQOGod+6I04JVdbZw+ma07lWIfgkYXIshyeionvjyVF5pzFIKmIEO7EK4oZhU0scwOSRv90yeBs8LoyM57qFYZHxmajft4bsrOzRH7WXQ2SSSWezk0psSSSSAISSSSgY1cPC6uZCZXkWwJBzlAcNlKOEJ/BTmLZDkG+y43snuCETgqysoLk8JJmcpKFYHrh4SauPGcKExyMPK4dl1JQIDr9Qq+7NLqQ6W5LDqVg7DUGsjbNTviI+tpCYo+xRBgdrjY7OcjKcotqcXUug8xEx/opSYKfYlzGV1JQoYmntlOTTwFaFy6KiXMc7wR9RyFzGEW4xls8dRjy40lMJHICbExzXJBuUeuAuHIWelGoFp7LT1JMkZZjlZisYY6hw4C0weDmamPAqOFr5NHGyqKi2xyy1EUg5GQVcxgxESgcKJVDE5cBynJnJtpU+DzSrppbddmhmWkO2PsvQKR8dXSRTA5dgB33CzPVFDJHUNqyMtdsD6Kw6Yne6N0Tnbcq0cTTV/BbKv9mihJ8bwkO4RZY8Ecp8QxUMKfc3YbkDkJsXymarY5WDw/qil0XE6e7nLO1gIABWr6saW15J/qcszWgkjC9Fp/9pH57+pq1Xr7H/cFCPKMIVUeykxA6RlRarlNayecjIFTN/mB2FbwMxp2VbSMy7JCuacDTwrrWCrZCDRjhBlGAjoExWp9Cl2QKMZq/wAyrW4uLaUj2VZbG6qs7dyrG748AAJK4LbamolJStPiFRL3Ppicz0VhTgavyVBfJjl4wseo6N+nWZJFC5xcdyn0zSXjZDbypVM0ZGy59Sc5cnUfCJ9O3Ddip1OwndRoGehVlSx9yuzplhGScssvqCF0jI42Dd2Fe3B4oLW9seA7SRn3UWxQtDRK4fSNlT9UXTx5xSxuw2Mb/dbJNRQSlhGekcXuc5xyTlBPKKXZzk7oR5WaTyxeW2OJGEItJK6CcogbkcIG8Bo6xuTupUcfBIQY2EHKlRsLgN0xLdgbGWA0TdwAp8EWrGyBTwkkbcq2o6XQAStEIhdhKaABuS1Nq5S0+E0/dGnmETQAFCLi9+o8lbaq2zBqrv6ULfuiAZ7po4TVoXHRzZLIbJXEJcJwETaRQfZu+VCrbhHTNy7n7plfcY6SPW879hnlZiSeavqcyHY8LLdd6Rqrp3LLC1VVPV1PiFxI7eyPTQeFhxGT91yKBsZ8ybU1LWN0jdYpW45Y5Rxwg1XWMhi9SdgAqzU6clx7rj3mZwJCKw4H04SZWbuBqWOx0YDWgZ4Q5psDASe7BwodTNkbLLZZgZCOWMqJzn7qESXEldfIS7dFgaQQSFjsm5vBpSUUKKJziDhWUEeACQuQRDAJGwUoYwMBVGOBdlmeBAYCR4TsjCDI4AEo3wK7ByS4yFEklLtl2V5LtkMgk8Jc5N8DoxGglxKJHEdXGMp8cJdvhS4ocY2UhHJU5pDYacYB0/upsUW42wnww8YClsjwQtkIGOywZHFp4b+6O1oGCnZAGMJmcnCcoGVybCkAgdsJrIpJzhrdu6KyjllIxsCrGNscMYDW8JkYjoQ3AqWgii87mgH0KlGXRhoGUF0hdsBhBfIGcnlH0bYVf8qJMlQA3OwUR3zNYPDhHPJXIqSouE7Q3aAbklX0NPFBgRtxhDOWFwbqNM5PMiHarQylPizYe4q0azJ24XQCVIhjwckLK3k7em00V0PhhyMuCOGtaOQEmYLeMJ1JRvr6ltPH9R/yWeXJ2tNTJtRiTLPZprxUgNGIWHLneq9BpaeGkgbBAwNawY2QLZb47fTNgiaBsM+5U1u2UqUkkev0Wj+GPPZwSY7IFRNkAYRJDpb+SiBxzkhJTyzrQgksnWEuOSER5wutAA2THuDWkpiLnLCBvlABJVXV1TnZa3CJW1HPb3VU+QuyeUSWTl6m4I+XTvnKCXGQ5Qi7zblFbnGy0wjg4uo1GeAsQ0knCO12Ao+rScYSdKSMgJsY5ZhttDPq/ZR56prAA5wGrj7qur68RDyjf0WUu90nqWPgc7bjC3U6bPLPL+S+oIVJ1UfmSeoOrXAmko24JzqeHdlG6T+H166wuDaqujDaFx2c841LT9DfC2e7ysr75CWQMw5sbtw7/mHdez0kNDamlkIDGkABoHotUYKPB8z8n5iU5NJ5k/ZU0FltHSltZBFC0CMYaPU+ytrPZZpahlyuOxG7IC3Znpn39lJorNLW1AuFcAQP7uM9h64VyyDG2MK20eVu1EpvL5OOaCdgF1rPUIvh4TyAMYG6U3gV8mWCDQBwmPacHQMkqQ2CWV4bowPVSW0MbMEFVkFywVAo6mZ42DW+ql01rpoyHOYHO9cKycxrW6So73iNpKmSvkOnTGAedKqrneqWnjIY7MnZvK7XXPQC2B2pztgFXwULC9tTUt1P5J9VM+w85IdPQVVyqP4hcT5PwRngBdrqmFpdS05BxtkJ1yvTXSfI0v1EYLh2Va4RWumNZWPAZy4nlKskeg8P496ixTtX2+l+2J8ZDC+T6QOVnqi7PqaoUlvJcDkGQjytUWoudf1JMW0sz4aHJBHBKsaOjio4vChGw5PclZLJ5PtnifH/AAwUprH9v0DgodDjLNiSQ8kDZHZpbsd/ZDqKswA4cGjvlVZnq7q8Q20O83/Fxs1K5Z6SMlHon112pLfGTO/Dvwt9VVQ2i9dQTCWcCGlduGZ7K9tnSNPE8T1zTUTerzlv6LTxwNjja0NAA9FA/n9FRZ+mrba2fy4Guf8A1EK00o2ny6huFV3PqC12yHVNMHyDmJu7iihBzeEZr9RXRD5LJJInBuRkHIUWrr6Kj/7TMGLJVfVF3u2aenjFLTDgt2cQq/5IufqnqJZj6PcSFqr0r7keM8p9caXS5jp/vf8A5F3cOqnl5ZbyWgfiPdUsoqqt3iTzOcXHPOykR0QOCWgKwiog1o8oH5rfCqMVwfNfIfUOr8k38smk/SKdluJ5YpcFvAIIG6t4qZp2DcKVBRDVxhEljo4rtwVQoXHALVPprcAQcYVrFbXyY8NmVY09gq6ggeHgKspCZ3FF8lGzGApTKaaXDYmrUU/SbAGvkcM+itqW0U1O3YZIUdsfRnneYmCwVcpGQcH2VvS9NRxkGVuCtQIAzhoAXTBrGCOEG8XKxyKeKzUzQAGZwpQoWRtDQ0YCkzT0lFGZqyojhjHJcVTP6uoamo+Ts1FV3CQfijiIj/U4QbmDuZZxQAnYAIVZUW+gYJq2rjhac41HnHohHp3qu7Fr562OhhdzHGBrA+5Cs6HoOxUTxUSw/MT7anzeYlVKWAt0fZnnX6WsAbYrNVV/o9uGx/8AmP8A0RR011jeWB1VWR24OGS2HzEexO2VuQyCmGImAeqb8weAEtTyLc/0Zeh+HFvp3CavrJqqTv4jsj8lexUNBb2BlNTxtxsMNGSjulc87oLg52Mg7K5MFyyF8c47pjhqXHPa0ZJGyhzXWliyC7dTn2DyyYXAd0KWXAzjhVFTe4Pwu3+6guuE8uwOx43UD2+2XclTp54QJa6Bo+tVRFXKQ1oO/upMNjuM27Yyc+qvcihstyizjcoMlYXDYZV3B0pKWtdM9mTyMcKwi6ZoWAF7clD8hDIGaSU4aw/knttlZUD6C0FbintFDTHLIQT7hF8Jg4aB+SCVuCZwYVnTVSTk759lIj6UB3czHutl4bfQJgCjuKUsmXi6bp4x5m/spTLNSwkHQCrrQM4O64YgDnCvOeSbmVjrdSgf3eMJohazZjVbeBE4eZuUtNNFg+HuoTcyo+UqJCMRrgs88hGpwaB6hXInmG1PGMIUgr5Bgs/RQtyyV7bNE3+8kaU5lBbo+QCQpfgSAfzCQPugPNNFnXOB+ShXLASxwMP8pgQJGF3snVN1tlPzOCR2VbL1VbWHAOVAsE51P4mMhcNAzuqOp6teM/LRbeqgSdRXKY7OA+yg2Mcmq+SpWfUBj3QzNbYMODmrIy3Ovk/vJ+VBmrAzLpZdz7olEuNf7NxJfLbEP7wKJJ1RTx/3LlgZ73Tx6g06z7bqKK651X/ZaKZwz/SiwHtx2b6o6wxsHYVNUdWVLnO0yOP5qnisN9q2NeSxmr8J5CtKTot7g11VUNJ7hGoEiorsg1PU1XK7HiOH5qERX1jssZK8n04Wwpum7LRnXU6dXqVyS822kcYaKMSOHADQrSSC3pGapemrlWPHix6GerlbU1htdtOaidoPdT/mL/cwGU7GQMHJaMEqRS9Mtd/NrJS953OSjAlJS5RWPraaJxjtdG2YjguHJT46C83Fo8eTSD+Bp4V62koqJoaWsaANtlGmvUdKcRN29UBIy3vAOn6ZtlIBNVuDnAcO3UiS50VPF4cMY8u2wWeu3UcIaZZH5d/TqWfmv9RXRuit0Bc88j80Iah+zT3C9OfuJNICzlXd5ah5ZROdK7uiUnTdZWhv8XqXRsIzpY5XVLSW60RFlNEMjYHG5KgWYx6M/DaL1cj/ALwBCw+qvKGw2u2sDnFrnjkkZR/nKicYyGj0CZ5icuOVCnLPRJfUxAYgA29Aocz55tjJt6Io0jhM1YBOOFAHz2RnMcSAV1waG77YQqqvhg/vHBv5rNV/VLWymJj9YHYKBxgX89VHH5WHJUGWeWXl23oFTMvE8u8VBM8nvjZFMd6qwBIWU0Z/o+pQ0RikSa24UdDFrqH4PYDkqofcLtdG+FaKMRj/AL6YbqxounKSOUzTF87z/wB4chXUdM2MBrAGj0HZQqUlHooLd0o2JwqrjMKyc7nxTlrfsFdRxiMBrQGgdhwiFhJwN0aGIg77qCpTb7ONDsbroi3zp/dSBEOcLobtwoWR9DRjsodwucNKDDC0yTjhoGyl1bmMA1OVRNV07XEwM847lQtIrX0VXcJHVF3l1Rkf3H4MfZSxURgaKfBx6dlHqZKip2MmG+ydTtZGAA3ZQYuhxFRI7JlcwegT8aANTs+65rCaXZUDCeOBs05Q3TOcMFDPKYoQ6Sc5SyVxJQgkkklCAkklwkYUIOMpIxhC1eyY6QAlDL85CgUY5HvcBtqCivO3PKa8kuzkpricBQZ0cJOeVxJJQoekkmOeAFC0snXuAGyhySEJ8km6jSPz2VD1HInPc7lNSSVh9DUs9kklAxJJJKEP0aSSjIkibI3BB9Cu4wvxOfu1r0Zzre2OrLdHcKUYrLc8TxP9AOys7Vco7pRRVcYGHtBOOx9FOexsjSxwBDhggrIdPyGzX+qsErtMMpMsOfU9lCLpRNWo45UhR1CMwkkknRnxVobm3+XbOoYxR1GOBOPoP55K9eDRwvO+v+nj1D01U0kW1SweLTPHLZW7jC0vQfUMXVXStvuwGKl0QjqG92yN2KhkuWWX6SSSgoYmHzc9kZMO6uLwyHibP/yafGxkAHhWXrdvif4Y60c/+bP7L2VrsduVi/jD0Y/rLoiro6Dy3WkLau3PHInZktA9Ef4WdYN616KoLxJtVtb8vWxnYxzs2e0j7p+7d0A1k2JKoL819BUwXyFpcIv5VW3+qnPP6E5V/lCqYGTxujkaC1wLSPUHsnaex1y3Ga6rfHafCf8A+EG+Df8ACL7QfGGyxD+H3Zopbm9jdm1DW5ZIT31sx/5Cvkq2TF48F5Gpi/XDqbom3/En4c374SdRF2Wwlsb2uw9jHN1U9QDx5XDj91+TXUvTF16I6puHTV2jdHV2yofTTAjHnacEf5br699JeU3RVc3z6PkP1b4nZN3wXHsmxEZBBU+MAgbqjp5Q5zTlXFP9K+jQnuR84tjh5BVDC14x6qTRygENPKbNHrGR2UeHMcwcTwmIQ/uRdjfdEaclAicHAYUhn0haISwjK1geOERMT0RGJJJJQFvAkk5JQpLIkkklAhJJJKEHM+oKQCMcqKnNJ1DcqFNBklxv0hdUFnC0E5IQ0VCUIMSSSUGjyMjCDgIyElSWQStq430cza6jcY3tOfKvcfhp1b/HKAU9W9rngAHK8ckaHjBTenLtU9L3ZkhJMDnZ2PGSuTr9HvSnF9HtPpTz38DUKFz+18Hv9bbvla805Hkm3asjc6R9vrnZaQ1xXoFNVQ9T2KG5UrwJoACcbnhRb1Zm320tfTgCoi3IPf2XD+RxeD7DdplZHKMLU0dNX0roJ2B7HjgryDqix/wa4PbG0iMnyr2SjY8F0Egw5hwQfVQ7901TXqndFKwB+NnLbp9RtZ5XzXh3rKGor7l0eJMI7KVA8NcEO6WyW0V0lLLnyOI3UfXuDldqq3ej5dfROibrsWGi2dG2VoLVGIwcIlHMMaSpE1KHNDm91pTMe7ayvdrY4OYSHDgrS2i5iphEU5Bdws9K3HJQ4JZKeTWw4Rg2fdHBa3e2vp5TUxjLDvsoLZRK0BuzhyFoKSYV9IY3nJI2VBWUctDOXY8hUXYtNrsuumb/ACWe4RzEnRw4Be4W65xV9LHUxEEPaDz7L50Dg4B7Str0J1Y63zfJ1khMbsNBzx7rXXPBzNfpHP8A1IHr6Sawtc0FpyCnLQuThdD05NTkZTEThOLQ7kJpGU7T7oexWXnJUXahDgKunBZKzfIVhbqt00LBLs8DBRyAeRlQfAdFP4jRgeipIJvJcAZHKWn3QIZw/spDTlGCdSSSUBEkkkoQSa1OTWqpdEQORodjK8L656dd09dDEwDwJnOfER+4/LK93We6x6eZfrPJGB/OgzLEf8QCTJHT0epdM0jwORmoYPCpauF0EpwPK7cLRzQPikdFK0tewlrgRjdQaymbLE7y5KyWxy+D1dNyxlGcqGam628jdXHTt1keRRzuyPwk8hV0jPDdocMFRDrgm1xkjG4WVycejTLF0cM9EEeN0njy4yoFnrhW0jHk5eBh33U5+DjdEnuOTOHxywV07PDO3CGplRGCwjuVDxpJaUbQxy3II3utX0fdnQyiJ79wcLKNRYZnwSNljcQWpkXgRbBWR2nutHVl7A7Y53Wa+JVokfSwdRW0aaikIcXN5IC70zeWVVHE4v3xgrUiOOvopKOUBzZGnAKdn2cWS/jTy0VvUFNH8T/hlD1Rbxi62rMupvLZIsa2/nkFe7fBfr6m6/6DoLsJw+siYIKtuMFsjRjP57r5x+Fd0qehevqjpKtm02+5uMcYcNg47Rj8x5T+vstV0ZWN+DvxifZWao7H1S50kYJ2jkDjj9wD+SLpKb69i9XpoWxdUf8A+aP+PaPqVj89kZrvZQI3k4y3lSWPznZMf9jy5LjcfVSFCYQCN0ccICElOQk9Qg8HsiAjCEugqECpLgK6oQckkkgAEkkkoQSSSShBJJJKEEkkkoQegyU/ijTlGXWoyFHUwuikIA29UNkhzhXctO2ZhaG7qiqWy0smh7NvVQMo+uum/wDaG0menDW1dKfEYRsX47ZWN6H6uc53yNXIQ5h04dyF6iyTIx6ryf4tdKVFqkHWtjiLWtcPnGt2Ab/VhGPr+6W1nqEbw4ZHBUlrj3C87+HvWRvFGyOSTUWYGTzhegtnBA2VNYKsjslgksd7KHdrLT3WNuoaJot4nt2IP/RSGu9kZrvZCLKW3V8tO80F4zFODhrjw/7K3B1EgdlHuVshukPhSktcN2PHLT6quttfNQ1H8LuwxLxFNw2RvbPuoQvQeyO0jSNwoycCcqECJwy84JTBwnA4OVCFLeLNNTSfxa1HEjd5YPwSDvt/UjW64wXGESRjQ8bPjOxafTCuDvjPZVldZsz/AD1vcIpRu5vZ6NEJMfdFUKiqvHZ5hokGzoyfMPy9FMByoyEW5UFHdqN9vuFLHUQS/W14zledSUdx6BrRRXF7qmxyeWKqcNomnjxD7b+ZemrtXT09ZTyUlVA2WKUaXNIzlMYcXg8D+J/wthvjXdS9PBrLgBqkDfpnb/1XkNsuFZa6tzXMdHJG7TLG7ZfSdxtl5+H0xrKWmmuFgnfh0EbdUtH/APxN39sLKfEH4a2rrCkh6q6XEfisBcyWNvlnHdpPfGP3Spw3cHqPBecn4+xRl+P/AKGasl91BtRTnGPqZlado/iY+bpXg7bs7grx2huFVaa91PNBNA9pw+ORuM+uFu7LdcvZW0kpBbyAV5byGgjXNuJ+o/pD6pjqIKm5/wCGaWGoLZBHM0tIPfuj11DBc6V1PO0aXAj7IOumvrC+H+VOwZc3+r3C5R1MkLzS1WzhsCVxJR2SPpkZq1Y9Hzz8TPh/U2u5PmZGPCe0lmB2B5XmdTTGLbHHK+zuobJFfaB1K8hpIOkkZC+auuej6yzV0jXwadJOCBs4eoT4HgvP+F+921nnMse24UaIuglDx67q2qaYjzBqrZmdjthPXR4SymUHyixgqI5BgHdFewPCp4nGJ+VbU1TFI0YO6YXGWSLMzSfpQcgHBVlNCHDYKumhdnZJnHPZUo88Dm7Kbb5zFUNHY8qubtsigkbgoGmh9M9jUjUBwkGW7hda3HKhWitic3wZD5vUqz0E7jgpTO7XZGyKlEA5gOdlFLTnhTiBuhPZkHZIkh2OCNjCWdsEJ7mElN0+6oVKGQTowQcqJI0tdkDlTlHlj1DhWZ7K/wBEX6uAmscYnasZScDG7JC6cSADOCiM+7ksKOt3AJCt2vbKwDOFlmExPBVtTVROA5TGTXRdj7WWWjc7p2gpkRB3R8twFezg6EZ5AsJa4O9FbW+qdkA9lWlp+oBOZMWu+lAaKLNrNZBLqaDnOV2YkHICrLdV7AFWrgJGghAdWqzJynnGcFT4pi0ghVBaWPGOCp0Dg5oCA1wswXMEokbgkZXHMUCmkMbgM8qzGmRgwlPg3QluAwnwzqB3G601vlbU0oBcNQWXkaY3bBS7VWvjqQDsEifDNtUsIta6izl2nhUssRYcYWwmjEjMtb2CoLhT4fgN3SzQ45RUac91DfA3xX+isXtO4UfwXAk4SmKcSsqGeGQQ3CbBUOY7ONwps0GRuMqDJCWnhKnFMkU4vKNv07fahjANWeO69Js94pLowQO8sobg57rwSnqZqZ4MbyB3W1sd5LHMqYJfMORlYLqjpabUPqR6XJTVVnqBU0ziWE5IC2FkvcVfEA52Hjsst01fqS8Q/LVTmtdjAJRKuhqbPU/MU+dGc7cLl3QaOvXZk9Aa5PVTZrvBcYG4diQDDgVag5WGyPsepZCJrmgDhcSGyQwzsU7o3YwrGGUOCr9IxnHASppix+HDZJksip8luDnGychRyNe0b7om6zSi2JfB0cogI4yhrmS0jdUuCmiSkmNcnoBY5JJJEAJJJJQgkiMjCSSjIVt1oHVcIdEcSxnU0rtmrJKmF0cpy+PY+qsHDIVRWwGinFdASwZw8Dg/krBZejHqF1Ron+Ixr88jKkqiCSSSQkGJJJIiEO5UjKynMDu/B9Cs9b530lQ63VDy543bn0Wre3Kouobc19Ma2FpE0W4LeSmwkNhLA924yocrS45A3C7QVZnpmueQXDYojmgb4W+uQb5XBjuvOnP45bi6JgM0bdvdeBXClfTzvhkbhzSWkL6kk8x3C8X+KnSzrbVi707f5FQ4h2B9Ll1dLdtmkzLqIZ5R5xTzS0c4lifpIXq/QvVErgyKSTLHbEei8lnYTwpNnvM9uqAQ4gZ9V2pRUlwZaLvjlg+mA9rm6wRgjISEmp4WR6N6h/ilMIZZPMBtkq/bVaKnwecLJZA7MLtyL2POgZTiBhBgeHRhEWR8M1wk2NPK4uNXUI9PKEmnlOSULksiXM4K6kjFSWRjmeUjlU11pI5osEcHZXbiCCMqHK0c47rZp7NrMt9e9YPOOprAy422eglYCXtOn2K+cK+Oex3qW3THSYnkAkbEL62u1C9zjPGMjuF4f8ZOk2yU7bzRxYkiP8zHcL1/hdd8VmP2fNPqzw8bK/kguUZ+3VInZvtgeqM/MT2yN7HKzXT10jIEL3EO91pnPEkJYBuvexkprKPlMLGnwbTpG8mCbEr8xygAD0K9CpnB+HNOQQCvELbVPhkDHHjcL0/pK8GoBbIQQGrBrtPuW5Hv/pzyG7Fc2by1zeG8ZOy0DHa2h47rIRTk405GVpLfVAxNY7svO3w4Po+kt44LAPDTghVtTDJS3FlXCDofs4D0VhycpskfiYz2XOl2dNPOCU1zSAQdl1R4hgYB4R2pEuByOpJJJQY1JJJWGMTclOTE6DTKY3JSSSTBbeAMjMDnlQ5mlgJxlWLvpP2UR7cBVgVYQ2VJc/TspDX6hnCqKqQ0VbH5f5cx0nfgqyYcqwVIKDuifhQE/JUHCPK4eF1cPCtIsE/lCHKK/lBPCNdFPoqqbTDW1VOHZ1P8X9VLdsFEqGeDdWVAGBIzQfuFLkOojGyYZmDPK4kkoUJDPC6eEMk55VoBkeu3hI53UYcKZOMtIUCM4bp9CmIy28HJGgDUeyzl5Zpe2RuxJwtHMMtVTcomywuBbuDkFaYMwamO5YRDDP8Ad2khAqotUeto3bv91KAIpmg9wnRtY+ExnY+qfk57hhGfulCyvt74w3JA1D7rO2R5paswyAjOy2cTv5roXNw5uVnqilMFxdI5o+rUqUsnJvo2270W8b9D2nlFuYLqdrgPVCLPI144PdSpD4lGBj6U1dgWI8b6zZprs4xuVlaj6gcLbdfQ6asODcZ3WJqDnkL0eleakfAvrSv49bKX9xrPo2Ch1H1qezcKBOQaogLTKODx0Ow9OwbEBWcP0hQacDCsGdkUBdjyNl5Cg1ZIaMKfIMqDUnAyfRMysEXYyzgGsIRry469IOyDZh/vJd6p10OqR2PVJk8jMf6vJDzphJGxIO6x9ynfNM5udgd1p6+XwaUlZOU6iXdysOonjg6OlWHkCWHIU6mjIIUWNpLmjGytYWAY2S9PH7smy18EmkiOwyrmgpfFkazGRlV1MzBBwtNYqVxAnLcAHuurWsdGRcstKzw7VayA4CRw2WCqZHSyue85c45K0HUle+aUsBwANgs2dznKOwkvuGEk91xLIzjKSSFEQ3UmNoaA4hR28hS2O1AABWuxqxgcCNsBTaaPABQII9WD6q1o6cnB0rTXAPP7DUcIzkjhT3ubGwBNjjEbc4wo9TJqIAWuuPIi+1QickeXuyeEw7pA7JLdBcHInN2PLOuXFxyaeMoJPBB+3cqJcqyKjh8SRw42HquV1YKeF0v9O+FkZpqu91Je8kQtOMHusF9+OEaKaHN5l0OdLUXWpMj34aOM8AKdFAyIB3BXYIoadgaxvATJ59Q44WN3e2a288R6Oz1OkEDCgPmfK7JXZHGRyfCwA5wkynuCUcBIm7DITzgBdADQo9U8aRuhcsIi+5gqiUDuoD5C7ISqJHF2AmMd5hssVtmXg1RhhZOMZlysYIwMHCHFGDvhTImYwVUV7FTlnhBmDAGycuDZcJGEfRn5kxkjyO6iSTE7FEkHm05Q3MxgkKNZHRWFkYGlx3CLHFvnCJFHx5VJjhJx6+qBQZcrcHIIQMD1UyOnzg4wuxQZw7T+6lsbp7LTXX7MlluWMZEGAbIuQBwu6hxpTTEX4GcLTGOBEpZ7OO1P3aFMpaRrGiWbAPolBiBgBaMo8Uc1QRkZCIuuEpvCHeJGPJEcrrWEncjdG8CGnaHOGEF0sdR5YjxsrR0KqMcexk8wifoAyjUVve94qJs87BGpKRok8SVurHCn4AQ5Z1qNO49jwGAAMAAHYJwBymRsc4g4UuNoGNkuUsHUpqycibuNQwpLcYwhSEADSEg48+iWzfVDaHdJpwBvnhbjpazMpKUVT48yyjOo9lm+mbK+71ocSPCgIc/P+S9IDGMjaxjcBowFkveD2PidFFx+SQE4C6wZTmnU7hMneGjCxTk2eijBIBO/+ZpxkBNDQRkDCa52p2U/UO6KKyU3hCccNJVbUVDnbADnAR6qp1ZjjO3cqmrKjQMYWmMM8nP1N2xEavnMk/hO20/UEEvGknC4+UPcXEcd1HOqpfhuRENj/iK0Qhg89q9YnwE3c7IUkHb7eiCAG7Z2Qair8M6WnYLbVS5nE1GrUFuk8Ex0oOR6e6qK64u1FkJyByUGqr3SDTG4hv43KFmZ8zKengklkfwGjK6FOnhW90jw/mPqGVmdPU/8sj19xcGlp80h2DW8r0PoX4TxU4jvfUg1Vp8zIS3+79zvv9lcdAfDSntr29Q3mMPrHNBYxw2aPt68Le+AT9LU2clDo+eazyLk3CD/AOoCGFkMPhRNAAHZTbZaRK4VVQzg+UKTb6DYTTt8vZqs9LhsBgDgJErTiNvPIMQY3xgDsl4WOApLWOcdgjfLHYkJbkwZvBCZTyyEBrdlJjo2tw5w3UuGJreydJtgJbll4BAta3GAOEGQ4wjF2kFxUCoqO2EaJ2Onl0ADKqKyeonZohGGHl3cqTIXPdkknKC8sgaS6TQjCwQmwGIh0gxjuqK6335mdtttbtZccSPB+lAv/UM9a91DQyAx8OkHJ9lVNqKS2QmZozN+GMHzPUOt4vSPV3qCi2ybI6gsdMHVU4AG/iP+p2Pf81SulreoJ3yVLTDSsw2OPnX6n27Jr6OpuVSyvuT/ACfghxsFLqq2CjiGvAHYZwslx9o8D4aGjgppZn/6HS2Gjj0xtDWtHZVdVfXseG0vmd6IdQbhe3ilt8btz5iPRaqx9KU1tp2SVMbJKg8kjOFnxjk9ZlVpZ7Ke09O3C6VPzd08kBGdHqtZR26mpGiOmhaxo9BhS44ttOOAuTzUdFC6oraqOCNvJecKk3J4ijPfq4VL7h5jGzSQFCut7tFoa75qqwceVuM6vZZ6s6trbjpislMyHOf51R/o39e6qKe007ZBU1jW1FXw6UjGfy3WiqiTeZI8Z5X6zo06+LTLdL9+iZN1Leb03waWnNJT55xpJH3UX+FxMlErj4j+5dupzI3DYDbsEdlOZCAdlvhGMOkfONd5vW6+ebpvH6XRDZC3IAYFKbTMABLAp9Na5JSCwZwraksYH9+mOaRx5WKJRRU+rDWxjf2U2mtE73DUMNK1VBYGPOI4wc91oaPphzSDLjCX8hmsuMbR2KN5DdIJV5RdK+cOexrQtbBaqSHGGAkeykPibjACF2P0KdzZSQWalgAAbkj2UpkTWjAaAFNMY98d8Kvr7tarcXOmrYwW/wDDz/MP2CBtsBtscKcOPC4+PTgnA++yqXXy/XZvh9PWR7I38VFSMY/8PP7LtP0HcrkWy9S3eSZucugjJaz9FXRXD7A1fVlngnFJTP8Anqk5AipjqOfc9kyCm6vvIcHQQ2eB/ByJZh+uQtjQWGzWiPTQUMbCBgu07n7lFO5OQq+QFvBlKD4d2WGX5m5PmuEw7zuy0fktNBT09MwR08bGNbwGjCIMkFCGx+rhWEFc4g/dNdlw9EOWsp6YZmcNlTXDq2hg8sUu6vsmMlyIS47ocppqZu/lWPq+ramU4pX4ygY6hurdLdTmn0VbUuWWkaSsvNHBnS4H7FU1T1NuWNeiUXRN0nLXyyAZ5BytDQ9DUkeH1Lg498BTdBeyujGPr7jVOHgZIKLHYb1WefwSc+q9HprLbqEgxU7SfcKbpbjDWgD2CCVqfRFJIw1B0PO5rXTyMDu4V1TdH0MQBlw8j2V6BhPO6H5MklLJXQ2i30Z1RwAu9SjCP8kZzfdc0+6XuYAIDCaipqrsgxNc3PdFS45VEA+H7oen3UknG+FFqq+kpG5nma380STZDmn3SI9dlT1fV9pp8tbKXHthVU3Wkj8imgyOxeEe1lmsDQ3dztlGqKuig8zpgsNVdRXWodhsmnPYIIbcak/zcnPujQajk2c/VFrphgSb+2FR1vWzy4sgY4jsVUOthe4Gdv2XXUtJCzXNjA7I9pFFs7UdT3WozofjKrJqm9VJy55IRaqvtNIQHSAH7qtm6jL36KSCRw9QNlByil2Sfkp3DXNIXE/sguFLB/fkZUZx6jr96KE475CmUfQd0r8S185AdzlQJKHshT3ahjOGuB/NQprrVTkMoadzlsaP4eUER/3oB4HoStDBZ7fSRNZFTRt07DDd1Cb1Ho80prN1FciNTRE08nJVlB8PtW9wq5jn0ct+Ig0eVuB9kCpqqSHeeZox2yiyA7W+jP03SdqpmCOOma7HcjcqzhtzKZg/ltjb6gKHWdSQMGijopZHerd8IfgXu6RgvlLIzw0HdG3gJ5ZKnuFsojl84cT2AyoTbtc65+m2WweH/wB5MMKXTdO09OA6bDne6lGopqQBr5QwDtlU3wTDZVDpiStcJbtWPIO+hjsBWVJabbQnxI6cE4xlwyq2v6ttdOJAJtRbwszW9Y1U+1M7A+6HPIbr3G+qbpSUjcbD7DCz9x6qhi/u3j9ViKu63CuAbJUED0BQKajqah2RHK/7DKNFqpR/Iu7l1c55wHKnN0udxlEVO05JxndXVF0mXhstSWjO+MZKvKS001JuxgJ+yEJ7IfiZak6WrJ5mzVzxj03WlpLbR2+NraeDBG5KnlvCdpa0ZKgmU5S7AaS/kJjo2kYICNIdGTpOFW1l2t9FG59VUBnoCoVGLl0STHgeUIRftuMLI3D4h0LJjDbBLUSdg1uQqt9T1ffHkkfLxv7A74UNEaZdyeDWV3UdsoA/x6kAt4x3Wbq+rq6vY5tuZ5P6kaj6Lk0NfXvEh5JduramobdbW4axrceygxKMf7lDR2y6XWPxKuQ49MKyo7BaLe/xZAPEI3LhlSZrs4Esp24H2UEySPk1yu3KheU+iY6aPOmFmAPQYXWvIOSP3TKcg7BmSVMjpJSdTm6cqElJJYGNcBjDUZgcQPRHjo+PL+6mRU4bjyqCJSxyRYqcuAyMKQIWNwnTvjgGSdlWVdyjY06TlwUBScnknyOZFy4bqmr7sWuMcHbkqJNWTVBOXEBQyM91B0YhHVE8hJfJnKYccpJZCg5IbkcY4S7FLb1Q3OyoWOJOdiuJiShBJJJKEEkua2+q45wIwCoQISMcoBIyd00u35Qy7blQg8keqE53O6YXbndMcTpO6odGInOOT5kwkYTCTlcyfVWXnAjykklgqFCXDsuockgaPVQiWTr5eyiySHCZLOQcYQHE+qg+MR7nEnlNSSUDEkkkoQaknJKBjUsFPG6kxQjnHKgMpbT7m+HV7bcLYKSSTMsXqVrS0divHbLVydN9RBpBZG84PoV69TzNnibKw5DgCF+KZRwfva6GJZQ/T7rN9aWx3yrb1TDE1CfEdgbuZ3C0yHUQCphdCeHDBQmZvbJMr7bXRXGhhrInAiVgcfY+iM8YGcrKWTxrFe6mx1BIimJmpznbOTkLUh3lLSoG3kG452I4VD0do6a6vrrPq0wXpvz9OzGwlwA9v7Aq+kOntyqW90sj30dzpsiooJhIxw50nGofmoJmkzfHdJNhf41PHNjGsA4TlDLJYYlwnAyurh3UKASHURkcLxy2EfDT4yVFtd/Ls/Wv+9R7YbFXfib+a9mc3fKwXxi6Nf1X0o6ShJbcrRILjROA3Ekfomxlghuc5T+Qsp8NOr4ut+jqG+huidzfDqI87skbgEH81qgeycpY5QuSyilu7pLRV0vVEDc/KDwKtv8AXTnnP/Lt+q+Sv/whvwZa19u+NdhomhtVimu5Z5i4YAiqHeg/B9izfdfZk8MdRE+CVocx7S1wPcFUostB110jf/hV1HqkjFM+GEa8a6V30vH+JgBXf8Tr5ae5Tiee8voo6qiVcumfjtSO8wy7hXlPKC1o2RviZ8Or38Juvrv0RfInCW31DmRSY8s0WTpe09wQqqjkzg54X3jxWrjqqcxPg3ltJLS3uDL+LEjeUCpi8MawO65TyY2yiyDxW7LpnFk8cDqKoJIaRyrQHIyqKA6JBsreFwcAfRFGXIiyBJSXBwurRHoFD05NTlYCEkjJrlCZFq9k5cx7pDhW1go6kkkqIJJLBSUIMRUJFUAHpiemKEGpJJKBgV0DIIXE5qp9BMDhRauMzAAjg5U5Cc1Z7I5Ra7Np8IOv47RL/DLm4ljv5Tsnt2K9yaIKKp1wSCSmmOprgOPZfJVVEYZW1MBLH53IXv3wr61HUNuFquEoc5owwOPmYfv3C8vrqPhln9n2r6L82vI6d6W1/dHr/BI61sUlurv4nRx6oZfO4DtlVrWsqYRLDuQPMO4Xphp4bhQTWurA1YLWk/svOmQm03aSjkaWtJIGVjhY4s9jbR+jFdcdL011onVUcIE7BnUBuV47PTT0cximaQRnsvp6429jB4rR5X9uy8z646QjlY6spItzkuA7FdfS6v0zxX1D9Oq2p3xX3nmMUhaQc8K2pZBMwAlU0sboXujcCCCj0tSYSDjOPddmuWVk+U30uuW1+iwqqP8AE3hQXQlu2Mq7iLamFuOSoM9O+N5aQtKeRCfICjrJaR4LTkei0TmQ3GmBIBJCzbm74JRqCvkpJgQTpPIzspgqcf0DmhNLOYiDpPCfC/wpGuae6vZYae60+WgauxHIKo5aaWmkMcgwR+6ZCQpTT4Z6p0V1ZHPC2jnk8423K3YIPdfPVuqn0VXHM12MHdex9MdRU9zpmQvfiVgxueVrhPJx9fpIw++JpUhyuah2SDt+E/JyQo4XVwcLqFi8CTXgEbhFSULAQtLXY7KXGRgIJAHC604V5KZJSTGuT1YtiSSSUIJJJJQiGuSzvldIyuafdL9DE8cnlfxN6Y+Xm/jVMzyyu/mADuvPHAluy+i7nQwXGlfS1DA5rxgexXhHUFpktF0mpHsIAcS3bskTWTvaHV/JHazIXSlIPjt31HBVe5oeBkcLSVEQeNPqqCaN0T3BwxpOFgtjg79FmVgdba2SglyHHTncey1rZRNGyRjhhwyFiyMhW9kuAjBpZnDAGQSqrlhhX0Z+9F8Sok8ZDy4DYqY0h3dckjGlPaMSeCE1ETCMOITuQqRbLjpy5GkqxG9/kfx7Feq2S4CZjSCMj3Xh4c6M5B37Ld9GX0Pc2J7sOaAD7+6aujma7T7otou/iZYpJ6OPqSiOmaic1xLRuf8A5hC1d2dH8WvhHHcqABt6temaNwO5nYMYx/ibkfki0skdRAYpGh7HjDmkbELIdCXqp+FfxHmsk8p/hV2d5dWwaCdnZ74zj80ff2vo51cvkr4/KHK/v+0e/wDwR+IcnXnR8E1dJ/7xoT8rVxnkPbtk/dekMdsvmYVbvhB8WYLtGCOn+rJAybBw2Co5/Pcg9uF9KRnIzlNi+MPtHB11Eap/JD8Zcr/7r/oyWJDqHbCmRyBwGFXtx3SZKaSrGo5il8o9iiMRcA5GV1cb9IXVRB6SSSAg8HsiAjCEugqECpLgK6oQckkkoQSSSShBJJJIABJJJKEHpJJIyD4+6HW08dTHocAT2Ke0gAgnlMxnO/KgZmphLRzeHI3DQdj6qZG2lr4DBL5mO+oKwq6WKqjLJBueD6KjLai21IHA9exChabi8o8E64sNf8IOpP4pb3yusdTIS2UknR/hI7L1vpHqakvdvimjna8loOxWhvdit3V9lqrPcmF8M7CC0d184V9Nf/gd1T8lcXSvsVRJilqDuPcH0wjZs41K/wD1j6RZJ7cqS057LOdOX2kvVBHUU87ZNbQditBBIANwgMrTTwyQx2/CFcLfTXOn8GbLXN3ZIOWH1CIN+yKw4OVCikoqyopZvkLoMOG0U/DZR2z7q2Dgc47bLtxpIq2D5aRgOeDjj3Cqo5am1VIt1xaGsAxFMeH+xP8AUoQt8hPUdrgTyUUcKEJCeo6KoQg3G2GY/N0Z8OpZ9Lux9im01aZG6JmaJ27Pb7+oVmolZbmVX8xuWyAbOBwUzBBwdkZwl4mSduFDpanGaaoeBMw4we6lKiDjv34Xnt66UuXS9fUdS9D07nQ1BzXWkHyTH+qP+l3JPOV6FkLhLRyVQcZfs8Q6s6S6f+JlHNd+nahsV4pXOY2SUYaS3/hzBeN0dyufSd+ms94pH0k8TtEkTzlfTXWvQk0tU7q7pORkF6j/AL2OTeKtHcSgLCXyydL/ABktUkEsAoupLcNMkR2ngI/DnuP9MLPqdOr44PX/AE153UeJs+xt1p5xnlf4KG23Bs4ZV0b8PG+AeVo6V1L1JSSQP0w1rANTM/vleJ0l3v3w9vrrF1MxxbqxHMRgOA9Pf2Xp0E7KqOG72mfJO7JG7avYrzGr0MqGnI/U3019TU62pbHwy6oK98MhttxGlzdmPPdV3WXStL1DQPZJG3xGtJa4cq4gbTdT0pY4thuMIy9nf7hQqWrqaGf5GuyHNOGuPdYW9p7pqGohtn0z5Z6gsU9qrZKSZu7ScHGMrMVlLjzD1X1N170VTXuKSpEDWyluQWjGSvnm92h1LPLAWEOYSCPsrjPJ4Hz3hpUSc61wZN0erbT+6VM50L+Ed4EZ9cIExBOQE88e4OLLWCQTN37IdRACM4wolLUEOGytGObKzOEXDCWGVL4Sx3C6RjupdVCT2UXJ9EuawFjA6mlDJAStXSzNkhb9ljnA5BCvLTVgNELzx3Waw3aO3ZLBbOAJyE0sHKlBmeAuOZtwlHZ7WSE5o3UZwwVNeCMqM8HBChTiR0pMFucJxBymncKCZRyQalmTsFHY05wThWEjA7kKDM3S7bZQxW17eUPczOCnwSlr8gfuhxPGMLsjds5UEKbTLinqtQA2UyLJwQ5ZyCoLDhyt6SUSNBzwjOhRfu4LUYwmSNGQQEFriBySis8zUBujLBIpptBG4V/Q1PiNA9llgxzXgjhWNvqzDJknYjBQG2mzBfTN21DfCFTVIY7S9FilbIwbcoE8O4IahOjGXssopA4am7qfTTE4bkKjpZS0YIU+JxBDhvlJlHcbarC2fGHtzjKBG50UgA2906lqQ4aSNynyR53ws8lg6VLNBZ7i+QCCU6scItyptTjIBsVQ2ypEM4eVq2PbVMDwOyUzdCWUZapj8N2CEPww4ZwrW7URz4jQqwc4OyRLKDwR5YxjCgVEON8K2lhLsYGVHliyEIGCmIIyCEejrpKaYPjcRvuPVOqKck5AwohBBwQgsjkqMtrPQLVdWzsbLTyFjxyAcEFep9K9VQXSBtvuIa57RpBd3XztQVk9HMJYn/ceq3NqurXtZUwTBsjdyM4WK7TqR0tPqPTPV6qintVcaihJDD5sdlp7Zcm1sAd+MbOHosn0x1BDeacUdY8NlaMBxU10NXa6rxYckfsQuTdS4ywjqVS3Gua/PZOUGhrI6uEPafN3HopjSufbFpmkcubDddSGySCEhqnNcA7j1VpFK17ARhVEkQIOnYp9HViMeG/P3ylNJi5xLYHK6hxvbINTSn5CzyiKHp6YnoUCPTkJPVJ4FtZHJJqSvJMDkk1JTJMDkGppxPEYzjB9UZJEgSrt00lNUOopiQ07sz/krYOB7hVV3gcWtqIx5oznKkUkwlY14OchE1gmCxSXGnIXUoECkkkiCEkQCMFJJWngsx1yjls12yzanqDq9g4qyBGkHPIVndaGG4Uj6eRoyRlru4KzVFM+J7qGZ5L4xtn0WuqfofFpomyRjlUfVVmjvVlnopGBxLSWexV9nAQXOOcgYXQqs2vIE4KXB8tXOhkoKuWjmBDo3EbqqlZpOwXr/wAVOlQXm9U7MOJ/mADleSztBPovRaa35I5ZxtTF1z4LazdQy2/Q3W5uk7OaV7J07dKa700c736Zi0DUDz918+kluO4Wl6S6nntlS2GWU+ESAMnhMnVuQel1eyajM+iYXHSG5ypLXahlZ+0XIVFOx+sPyOfZW0dQHexKwWQcWehouUuSQlkJo3BTsBZzU54EkuNXVA08iTX8JyShGsgCT2QnZOSVIx29UJwGEdcsPIqyOOSJJGDsR91i+q7I2rp6ikfHqbI0424W4e3dVtfFnfRqXY0epdc9xx/I0KytrB8cXK3y9OX+WllBDQ84Ptlaq3S+PGHNO2MrTfGjo4GEXmhGZQ8gsDePTdef9M3EECNztx2X03xGr/lVHwPzegfjNXKpLhvgv5HGJwe0cFajpm5+BOx+ryu7LMvAejUFSaZ4BO2dl1L47o4Rm0uplRNSie52qshq2NdEVoKaUx6QO6856QujdTWl31LexP8AEbx2XndXpz634rXxtqTXZoqd+uMOzlFIJ3CrbZNkGFxw9u5GVaBwLM44XDtrcWerpluimcZypDXZbwovieyKx+c7JEo5Rpg8DzunJA5TVna5HCSSSQhnDwo2cEqSSOFFPKaiDEkkkTQtrIkFyNkILkaFJfsrL5ROq7fII/7xnnafsg2K4CupPN/eReSQdwQrYrF63WLq9wyRTXMYDe3iqxE/slk1+RnCd9SjNcQd98I8budkyBog8xyO1eyYXArh4QyTnlXgLI5MGxyi4CEoDnJW3caPAmA+mYZ+x2/1RcjsU65wumpntaN8bfdRIHuMTCecK08iGGSS5SRFDEw7p+QmHdWgGCc3J5VdORHKQBsrLSq6pbmU78JiM1vYuQoNS0Oa4EchS8hAqGh7cA8py7MNiyV8TRNC0caRhMjYWSuYDwk13hyujx9kiDHIHYymp5RjnEj1UIFUHju3dVlzh1N8THCup2/jG6g1UeuI7K0ZbK95GjIdStbxgKVGAaPcKC1pAwOynQAmjICYnkx2wwedfESFgjjeG49SvNCcuXq3xCpTLanzDkLyRjuV6PQyzWj4N9fV7Nbt/fJJiwqiUuNfj2VpAd1XAA1+63z6R8/S9FhTjYBTWqLGdKkNd7KuhchPdtwoFccQOIUx7tuFBr3AQOypkJdnbLwHH3TKx2qdwKfbMMps4QKp3n4SpdDH+bZU3ypa2MxjCzwbk8qwubnSzcZwoIzqWKxb2daiO2GQ8EWog4VlBEThRKZnBwrSBrQG7LTp6wbJ54JNLESAMLR6hTW3Dj2zsqigjDt8J9zqy1ppyTsujFbVyAngqK2qkmfqdjf0UHWXZCLUPJcNlGEhzuNkqcslpDsvLsnhPHCQA5RWt3CWMjHJ2OIkjZSo4zuAlDGCNlOp4902tZY7aFo6VxALgrmlhDGg4UeliwAp2Wsj5W2uOQJycVlg5pA0YCg51PyU6olJdgIa1xjg5Wqm2GyNPKEeUkMn1TJS2mYeg1M7YWnVjGE98wa0nt3WUu1xNbP8vGSANjgrBqL0o8GqmtykAra2outSYonFsTTufVS4GNhjDGjYBAgY2Fmlrf8A1T3yYGB3XMdjbyzdj+lDnzEA7dlDdMXE5CI9wPPKEPqS5SyHGKQ+NriQcI7OE2AAjhPyAFCp88I48gDJOMKtq6gk4CNV1AGw2VY5xcd1lttxwMrgwhIdvhGhiJO6FEwk5VrSQjAcWpUU5vIc57VgUMRbglv7qSOOE7ww0ABcwPVMlHBlk8nDwo+XZO6kHhRy05JwrQUDm3qnBjnEH0T4YXOPHKnw0+nkJsY5BlakAhgJx5VMhhIwdJUiGEbHG26lMY0NBAToxwY7LdxHZG0DC6d9sIurBIwuEBpBBzhNjwKznsG2I5yi6suDGDJCdG10rmsDe+FZUtvgp3+I8ZRGmih3y46A01Brw+VuPupNRNBQwF2vfsnVddGBoj5Ve2lnrn78Z5VnSjCEJbKuWCbLU18nhgbHY+wVtTUEVIxrGDJ7lHpaOOnja1jMO7lSBET3UOhptE1LfZ2DjjA2ARRGRg4RI4txspD4wGg4VHVjDAKOMAeic9wa3AIKa+oY0aScIDXFzsgbfdJmPg1nCCiRxdgjlSBGXYa0ZLuyHCzXvjhaPpC3R1deJpG5bFhJsntR1dHp3bNI1XTdsFrtsbdP82XzvP8AkFbtOdinFg7bALhwDzwsFs9x7vSVfFDacdiNv5KDM50h2UudwdtnCiuIaM8pC7NwIN0nB7rk/wBGcrkrgSO2EyaQNbjlaK1yZbXwRH+XUfQZVBLUOkeXO9VNu1aWEQRuwXfUQqxjXSvyNmD6nLdVHKPO+S1cIJpM45rpTpzhvf3Rg0NaA0bBODGgbHZQ6mt0ZZGVuq0zmzx+s8jXVmdjO1NToBA5wqtz5ZHed23onTSOecuK5R0NwulVHQW2lknqXbljB9Le7j7BdOqpVLLPnXlvNy1M9ieIjRFLPI2lpIzJUynTGwDkr2nof4dRdNj+I3cNmuGkHIHlYe4H2UroXoSi6UoxVVmia5ytHjSEbN9GjPGMlaFxlrX6WuLWNP6oZ2fo8brda5twq6G4dI7bfJU+mpdGCRuV2mpdBG3Ks2Ra8Yas1k8nJbxywIaQA0BSI4TyQjxU2dyEfQ0YwEh5yU5gY4ANyiOc0YwEnuAGAOUMDYnKsoKSByUGeVrQDyh1E+OVCdM5+xUSIEnqu2FDcC85RHkHcnGFQ3fqKKgHl37fdMDUWybca6Kgj8SVw42WGu19qbjM7Q5wZ235SrrhUXKYyyOyD9LfRQ2UspPnjx6D1UPQeJ8PZrGtyI0bxCCGtJqSRgDho9VIjbDEfHqGh8vdybWVEVM0Nc7DhwwdvzVRPVTTuDYnEb4SrJ7D674bwdekqz+K9k6uusedMQz7Jtt6brr2fmazyxE8Ht9ld2fo1oPzF2JBZuGY3yr4ltO3SBpb6eiyzm5M9CrIRioVESgt8FuiEULMEd/VTtWlw1nGdt1AqrvTwDLDrcewWfq5q65T6qmfMZ/AE6vTys5OB5T6g0vjMq2WZfpFrderWU7HUtop21Mp/wCKRlg+x7rP/LVdXIam51HivP0sGzGeukds/wCinQ0B4aNlLiontwtlVMaz5X5T6h1HkniTaj+skGKANaGtYMDhHjo3Eg4wFawUGceQAKfT28PLQG5TnJHAlakVEFADgAcq4t1myR4rM5V9aunnOIc2Eb+y1Vu6ejiw+VqU5iZXmVobHISBHFgfZaCj6bjiw+UcrSNooYABG3CT2jAGUh25M8rWyJT0FPA3yRjKJwdylU1lJQxmWrl0NH6qlkvNfc/5dltzg08VE4w0KoyFOTZbTTQ07dU8gjHq7YKlrOqqRsppbbA+vl9Ihlv6rsfSMtY8uvdxnnDtyxryG/kr6htlttkYjoqVjMDGoN3P5q5T2lmTNq6ovUmquqzb4HZ8kBw/8yra1dG2agLZXRmonHMs3mcVfPwTkrmpoGc8KlPJYxkbYxhjQ0DsF3xNWxUeprqekOZ3hoPclZu59f2OkJjic6Z/GG91a5J2a0+YFwOfsq+oraemyJnhqwFT13f7l/u1qpmwxk7Ed1Gg6d6tvU2Z5pXh3OTsjwvYWF7NTXdeWeilLI6jVj2VBP1ncbhN4lDTBrScbDlaG2fCiIMa+vlYXHcjGStXbuk7NbA0QUzHOb3IQznFdEbXo8yp7V1JeptRZM3POeFf2r4Z1NQ5slweQPY4XoEcTGfQ0N+wwieb+o/qku2X9It2NdGfo+hbHb3Aui8Udw7dXEcFLTNaynpmMaOMBF1Z5dlcdh26pSlLhspybOD7Ji6dkxDKOAs5HJJq4d1eSHUlws3PsuePGzZ7gPuVCDklTXDrLp62h7aivY57fwsOVnJfiO6ckWy01cmT5SRgFQvDfRutPvwo89TT0wzNJp7rzue8dYXeQsfK2kjd3YMFC/gNbUnNwuMs4PZziQExV5CUf2a+r60slP5RUayf6d1n6zruuklMdDSgt7OeOUGKxQxADDXY9lIbbAcA6dPphM2EK6e+9R140OqBCw86O6D8hNWHNTM+Q+pPKvm0lFTj+cCMKHVXa0UJyZAPzRKCReCE20PaMeE380dlraxuXvYFV1fW27o6KlDvQuVa64dSXF2qGAAHjAKrCD2L2aKae3UQ1SvYcegVVXdX2+NmIdTnDbATaToq9XBvjTzbu5DlorX8M6CECWueJHHkAKZJ9sTFHqK6VzsUkZajUnT99usoMhdvznOAvUqPpqy20h8FIwu9XDKnBjGfRG0fYK28IisweeUPw1e6UOrSCBvkrR0fSNrogCGZx7LRuPlP2VfPXU9IT4rwM+6pPIMpyl2DZR01OC2GMNH2TfD1HynA9lV1/WNBTOdFCwzO4wFRz3rqS6Yht9MaaLnIGD+qsFxbNdMYacap5Az7rP3HrG10xc2mc6eRu2GhQIOnLhWHXdLhO4ckeIVYNj6bskWpwjLu52yVAoxbK0XHqq8xgRwspojyWjchFpulY2yfMXGZzz6HKi3L4g0VJ/LooskcYWYuHWN6uBcPmNAf6dkzGRsa2zevqLLbGhpdGB9gqis66oad5bSMccfksC+aeTHjTFx+6Y7zEYwT6Kx6hg0Vd1fcqmTWyTAPAVJV1VTUOLppnEn1KJSWq4VePCgytBRdEzz6X1r2tB7BVJZLc4w7Mj4ZldpHmJ/NWND01W1RBbH5T7LbUnTFvoDrYxr3H1CsI42xjDQB9ksB3Z6MvQdJQx4dUsy4K6ZQQUzQIYwMKwc3PKjVdVT0u87w0c7lGBunYA0FLQcZWavXxEs1vLmUxdUSDbDVnKnq3rTqUtgtduNPF2kxjKpvA2vTyfLeD0CsqoKKB009RFGB/WcLHXn4n2Kkd4VDP84/OMQngqub8Oauvd811HdZZnOGSwHj81aUNj6asoa6GjZraMBzhkqk8jcVw/uUr+ouuL3mChoHU8buHu7rtN0LV1EYk6jus0z3b6Wu4WlNwA8sEZaO2EF755PNK8ke6IjsfpYB2+z2S1xhkcLQ7+rG5Up1c2LAjaB6bKvlmjaRrfk+26fHFUVGkMjJB3BULcv2OqbhO8aS/Y+6iN1ybai5W9P0+6Yh1RtjsralslPDjAyR7KASsSMzT2upkP0bFWtHYAPNOFfspmtGGtXXMDRlxwFBbnkrobfTw/RGM/ZE+XLiDpSqbhTQD+8yVV1F9fJljHZAUJ9zLGSWngHneBjsoFZdw0aacqqqql1QcucdkAP1bKBKPOQ01dNIcu3UM5cSUQ7oUpB2UGKKQiRg7hBPKWT6pigQUkY5QySuZPqmKBndR9VxJc1t9VCDyRjlBPJSyfUoahB6SZkLhIwoQdq91wuyMZQyd9iml23KoYoZHF2/KE52WkagU0u32TN/6irGKsTnHJwU1JJQIanJImpvqoQFnHZdc9gHH7pkkjeAMKNJJ3ULxkI6XGdkB0hOQmk43O+VxxyFAoxYJxycri6QcpYKgZxJJJQgkkl3GVCHF0NJTo2anYUtrGsAOlQgBkByCRhSA8MGBumvdq8oGMIPmG5VNpAyjuPsLrC0yNia9gw+DBz64Wn6Avor7e2mkfl8YxuVYXq2MmBcWgh+32XndoqJemupDC92IpHbL8WM/fzxOJ7EnN4UemnbUQtlacgjKkhpwEtnPtjteGZjrG2vlgjudMCJqZweCOcBFs9xZcqNk7djgBw9CtA5rXtLXtBBGCCsOyGXpjqN8cjj8nXuJjHZpPZQKHKNNOM4+yivbnLT3U52lw9dlEe30Chb4LKwVZfE6jkPmiOW/wDKrZZu2TtpqwF2+sacrScqGW1fdkSSSSgoYkSBucDA5SSREPGrXK74afFqewyDw7R1PmopWN/uopyfob98kf8A3NevtkyAsV8YejJerekXm37XO2PFXROHIe3/AOYFK+G3VkfWHTFNcXENqmNENUzu2VuzsjtujKZrgcqj6hM1rno+pqIfzaB5bK0cyQuwHNPqrqPumT08U4xIMj0WyifxyyZralPg+ZP7dfwXt3XvRdN8Yen6TXXWmEPqGs3Mtv2OSedUTgTjHpwvz6opwJTCcZav2D6bljtdfUdEV0TJKOcPNGHjIDHcx+hz/ovzP/tV/BWp+C/xLnhoKd7bHdCau1y9vC2zEf8AFGOd19O+k/KyrkqG+PR8t+rfE7o/JWufZhadzhjfcKbA/LcEcqutVRHU0YIBMrTh5U+I+bOOF9UhONkd0T5LdFwltOSM0EOA4Uyjl1EDKZIwPbsOyjU5MM+Xdkcexf5IvB9K4z6hlMjeH4I90YcrRHoS+Ag4SSHCSIBCRchI8LqgEpYEkukYXMFECJJLBSwVCHSAhnlPSUIJJJJQgkkklCCTE9MUIPSSSQBggcJicmqNJlsBURB437IlgvdR01dI7hCSNOxAP7pxGVGlgDjsFh1mmhfDa0b/ABnkbfF6hX1dn1NYL1BfrdBd6YjzbHB7hRutrKKuFt0phpIHmwO68R+FfXU3TV0/htVU4gmdjQ4ZBH/ylfS9DLDVUoLdLmuGfUEELxt8J6ebUkfo3w3kavMaZX19+/8AJ53bJGVVH/D6mQa2/S8/5KDcLe0RkPbqa7ZXXUljNsr/AJqlBbG85I7ApzBFW02JANWPTlDC9+jpanTfLHaeG9adIM8V9VRx6XckDusAGuY4tcMFpwQvo272tjtUbmZ9F5B1h0xPQVD6yGPVE45IHZdzQ6zMdtjPlf1L9OylP5aShoKowuBduAraRjayMPjI3/ZZzUfsrG114gk0SHLTwu3CxNZR821FLq5AVUEkL8OCAXe3C09VSR1cecDcZBVBUUxgeQdgE1PJnrs3cMNarm6lm0u+ly0FdSxVkAlaNyMghZQQ5BPorOx3jQ40dQctOzc9ke/aS2uKzOJHc0tcWkbhXHTl7dbKxrpCdB2z6LtfbBM0zQjflUrtbHFmncJ8ZGOyPyx2M95stzZcqYPa8OwOVaLx3ojqV9uqjBO/MbhgAleuU0jZo2yMOWuAIWmEsnC1FEqJYkSwcp6EzhFTWZGPTk1OURQiMrmn3XUleCmdaiILuQcpzTjkqC2FSXMhdUIOSSSUINTEVNUINcM9+Fkuu+mW3m2vqKeMfMRDIwN3LYphZsd8pEo5HVWSrmpI+Z3t2IJ3Gyq7hT62k439V6X8Tem226ubcqSLTFP9f/N6rBSMzvjdZLK9x6zTaiMopplA9hadJ2IQGu8KQPI4KsbhAQTM0c9lXuBfjZY5LazqRlvjg1Ntqm1kQc1245CmNAcCMrIUVVLRyh7HYHcLU08wkjbK3cOGVpreUZba9vKGTx5OUJknYhS3DIUV0RyTxlGIHOaHcotDWPoKptQw5DeR6hCHdBcC049VQE4Kawz27py6x1lNFPG7yvaD9l3r3pyTqOyiamc1tTRu8WM93Y4C8/6Gv3ykpoJX+U+ZhJ49l67bals8YaTlrhhMR57Ux/iWqSI9jdT/ABo+FNTZ3zZvVEWND3/T4gz4bnemSCPzK9B/s/ddydQ9PydMXd5beunsUlUwn62DZrh68Y/NeKR183wy+I0V4fn+E3VwirAOAM/9ckLW9WaPhP8AES0fFW0s/wDc1xa2nugYfKXO+qT8zl35prWY7/fsK6qFsHQuVJZj/n9H021y7UBszNGN+QfQqvo6+C400NZTPD4pmCRjmnILSMgqbE/2/dGmmeVcXF4YW2173Tvt9R9cYy0nuFcKgucL5acVFOw+PFu3TsT7Kws90iulEyeE5e3ySt7teOQp2UT09R0VRog9JJJAQeD2RARhCXRyoQKkuAjG5SyFCHU5NTlCCSSSUIJJJJQgkkklCHc4XEklCCQ3xRVILJYwQfUIiQGFCFJNSz22bxIC4s7tzn9EDqPp2ydd2Oa0XemZLHK0jcbtPqPQrQktI33UB9IIpzNA7SHblvbKhabi8o+X6iHqf4CdRihrnS1dgqJMU9QQQAPQ+i966a6gob7QxVtHO2QPAOx4V9eLHaOq7ZUWO+UjZqaobhw7gjgg9juvnS6WTq34A34zNEtd0tNIGsqt8RE/gPPChs41K/Ul/wCZ9HwvxyMowOVmOmepqLqG2RXChmbI1wBODwcLQRS6gCRyoZWscMmOHB9EKrpoLlA6CdoI7OIyWn1C6x/su+IWYAChRVRPlpJBSVQOBsyTs9TmOHCNNTxVkPhyDY8eyq2eLQzfL1JOk/Q/sVCFoN0k1pwBlOzlQgYco7dOATjP3UddyUZAVxtUdbiWMiOZvDh3+6hMn05p6gaJW7HPf3Vux2M7KPcbc2taHNIbI3gqdEIut3Odk0k5zlR4ah7XGiqxplZ+/uEbjZWiB2OJGD2WJ+IPQdRdizqTpSdtu6io8viqcYbM3/u5D3b7Lax90QuGMEqmMrtnVLfB8ngN9tFn+LVnqLXdaFlr6htjS2ogcPNA/wDqb/U12OfZeO9P3679AXb5C7xulpo5HRyMPYbbr6m676DN1lj6h6flFFfKQEwVIGTL/wDQpf6mO/bC8n6ksNu+JlFUMNG219U28Fk1K7nX2I4y04O/b3WXVVRthtaPffTH1BLRXKUJYb7RZNMVbBDfrFVAuxqDm8/Yq6iFF1XbRLG9ra+IZkjA3B/1XhnRfUl36BvMtqu20IeGSx5yG+/2XrkjGWuopuqbFUamuPnYB5Hf8w7915LUaWdT5P0/9NfUFXkakk+Q1HcZJXutlxw4jIYe4IXn3xH6HpazNZSxaJfxEDn8l6reLPT9WWpnUNlhAqo9ntB/ux2Hv91Q0M7Lmx9ruDQ2rZ5WtI3cs0eGestcNVH45o+T7xaTFNIGN0uYSHBUUsXYr6A+InQbI5DVQRaHk4IA5Xil5t/gznylpBII905Hzby/i5aW5r0U7WaTkFTaObQcFRSMHCTTgq92DhyjsZav0yt29FCmi8M8I1JN+E90aeIOZkDOUTe4LG5FW5FppzA/WBnCbK0h2E0DCRLGC4NxeTbW+Vs1K2Rp1ahz6IhbnKounq0scaZ7vLyCVocgjISGj0WktVkMeyK9nso0sWBkBWDm+6C9m23Ko0bSuczfcIRGFMeBvsorhvuoKnDHQFzMjGVCnhyrEeiBURk8fqoYrobiqcCxyI2UkbhPmZjtwgNdvjChz5R2nJM5BCnW6tIxEVEcNQQo8xPBKMH5JVNSRqGyA98qVGc42VHQ1AfjUVcxyAtAUOtTfGyKaJGxGU1hc1xOE1rgTsUTAIS2b65FrbK3U/Q8gYVtIGvaMLJCQxHIK0dvqxNCGk7pbOjVPKwxE+C9TaafUMYyo1VH5cgIdFN4b8OVM2Vy2ywXFO8xytOdla6myszsqbVqaHDspVLUkEA8LPZHJ0qrMPBIOY5AB3WlstZ4oEBIzss88CRuQES21ToaoajgBIaOjVZk11dRtcw9/wA1m6mnLH8Y3Wrp9NVBrzyFBr6Bug5bzwfdJlFM3KO5ZKGHB8rgh1EQG4RXxuY7BXGu1eUhBnBWzJXPjDsgjCr6qnxkgK6ngyQ4BRXs5BCAXOOCmGWHBCsLfWGN+obYQainLuAhxsLDnj2SmioScGb+zXkksngk0yNxkL1Xpu/w3qm+WqXDxGjAK+eaCskhkEkbseoW7sV6kpXR1ML8HYkArFqKs8nU0+owevxRPpZw6J+Bn9VeQyB4BB5WdtVzpr1RNkjcBK0Zc3urCjrGwu0yFca+s6cbUy5G6ehxuD2gjuiAZOFhlHAaeRnbCH4eDqwpHhbe6GgIPp6p8bh6eisY52vx7qocwnhFhcWkEnZLayLayXLCCNii5Hqq6GdoxkqQ2UOwkTWBbTDjlEBGEFpyMp2SlC8MKkmJKFD0lzISyFCHUkklCHCA4YcMgqpYH22rMTzmOU5afT2Vuolxp/mKc6R5meZpRttkJjTtuURVlDWGeJoIw5vlKns45UAaydSSSVEGpJJIpdEHEZWe6ioPD0XOnZ54ziTA5atCmyNa8aXbg7FHW8MJMzlJM2piD2+i6+PA4UBxdZrpJTvBMEmXRu9vRWbn6wuhVIaU16t0VypH0coBEgwvnLq6zT2G5S072HRrODjbC+m5GZPC85+JPTn8TpJXBoJZuDhdXS2uEjNqKVZE8LLg9Cc5zOEWqpZqKUxSjjhCc3xGcLvQkrEcSVWxnp3w46vi0i3VUhDhsDleoUtW5zx6L5ht1c+21rahmSAQvcek+pobtSRtlGiQDHPKz305OvodR/Sz0OJ+pmpEVFSXLwZNDnFzSrxuCMg7Hhc+dbTO1GeR6SQSSjSNSSSULOHhCPCKeEJQVYsgHA7qO9gcSCFMcPUIDhnIWmieDLdDcjD9WWf52Gelkjy17Tp9ivmC8Us3S/UckD2lscjzj2K+x66ATAeUHuvBvjZ0kJ6WS608OHwnVsOV63xPkZVSUUfOPrLxH8jTfMlyjN0lQJ4GSDfIRzxnGVmOk7l40IgedxsVqoXNJwe+y+jVWK6tSR8kWVwXFguj45GtLsFh9V7HYK9tbSsfq8wABXg2owTENHC9Q6OuoMEYL87AFYtXVlZPZ/Tev2z2TZ6A17qepbUdnHSVoInB7dY4KzsMjKqEt74Vlapy6MwPPmavOamCPqujvUsIsuDn1XQUiMrjVgkkdWPYaM+qWR6ocfC6OVncVk0IIuHhIEY3KRIwlFgnOOSM7ISI45OQhokQHJ9QTmkaOQmy8hCGQSMoyn0OJOUNPTEYga8Hss11jbDW28z0+1TSjx48c5C054KhVEert7cqGea3RZU9NXdl5tcVSCNYaGv/AOYcq7j7rz6ySnpnqWazny01WS+BvYE8hb2OUjkJkCUWbobWP1eyYDhOTEwbu2sSSSSgaeRkgy0j1BVTTO1R47sJaVcHkKmjaYqqeM8OeXj80Bnn6JI4SPCQ4SPCMACScri6eVxWiMR4VbV/U4qfICcKHVxkxOwd0xGa3siE+iZnKcCCAQmHZOMVhWz/AMqtYTw92EafDWl3old2eWKUDBaQ8oBPiN1FXDPsyyeBxw6IjG5UWVuWkBSGeiG5MEy6ID2Bm2EWlIMJjJXagA/og0R0VAydkVbMdqM91xBqsszQ3JH/AEXiDWFriHDfK9/6thBppgW5Bz/kvBqxmmsmAGwK7+glxg+I/wDiPp9uphb+0KJV0ZzX49lPpyNGfYqup2n51ziurN5SPl8eGy1aitQmorVGKHu/0Krbof5BVkTn9FXXIaoceqXMOJ2iGmk39FX17wPzVjkR0gDNjhUdxeS4NylTltQ6lZkV1SAXEqM0ebZFeSSVyFh1cJC+5nUi+MEynjwBlWMDA8AKHEzbAVnRRkcDK3UrBnmywieyKHDW6cKlrZi6QjOVY1MgDNLdlUzYcT7J03jBSlkjk55Q9IznG6c7Ypw3Shh1oyVKYzOMJkUOcZClRNVpZNlccLISFnsrWlgwAdP7qNSwZIJarSIBmkYWuuOCp2KPQaLDWgacIdVLkYCe97Q3YdlBfJkrbCOEYNRfmODn1Ekpx7JN3TXnCec2T39nScKNUTYHphOmlws/ebsHu+Upnb/icsuqt2xGUVysniIK63Z9Q401O/GOSgU9OGgPdyh09PganDcqU4gNA9FynNy5Z0VHZwhkrw3shmXI3THu8yFI/cYSJNdDVyE57p8bccjKZG0nBUtjAByokVKSQNg90OpcGgDIRnOY0HfsqirqC92AlWz2rAdcW3kZUPLnbFNY0khcHmKl0zMkbLJ+bHSaggtPBnGytIosNGBwo9OzHAUxxAjA9k6C2mK2eWNOPVB8y7k6uUVrcpre7gFvANjSThPig3zjGVKZACM6UWNgadmolAXO3AyKARgbKQyMtIOE9kerlv7qQwMYONwnxjgzzmzkcQAG2Me66myyHIaBhcEbnfmjSyLOF5JwBynxRF5BT2Q7gYU6nhDACQnRhwNpqd0tqH0FM1hL3jGBsm1tWxg0499l2pqPCjOgb4Uemo5ZX+LIcl3HsrOwqtn+jT/1OU0DqoCQjCuaWmETQAEqWmbEzTpU2GAjcjlQ62n0ka+QYjOd0dkYG+FJZEO4SdpYPRKOiuFyB8rRxx7oNRO1zQ0Y2TKioaPK0dlBLnOdnOyvAuVq6Q551PyVMp4wcKJGCeFYQAAD1SZywaNPF5ySaeHA0452XpHT1sitluiGjzvGorIdLW0XG4s1D+XD53e638rmg6QPK0YAXPuty8I9p4nTL/cHl3fKCXbHB3THE55TMn1WOcsnqI47OknPKDI7ZEzhDJDhjPKqL3FzngC4F5yOFW11X4O2QrV+mClJO+gLI19QZ5S4HAPC30155OTr9VGmvkjy6qupcQ4gDl3oFIa5rG6GgBoH6oMZDGklRJ6jBwF16KPZ8z8v5euiMpJ8h6yrLWaWY322Va5xG/Psnl4dy4fmrfpvpit6mrflIAWxtx4k+nLG54/yK6VeK0fM/JeSlqHumQrLY7n1JWtorbBqII1O7NB7le6dKdJW3oam8N4DpHjU+Zw8xP8A09ke0Wi19IW5tJQtbhu5cfqe5HjdV3B3zFU3S130tQWWZ6PLajUb5Y9HSx9zqHSA6YP/AL5WVNA2PDWN4Q4odDWhrcfZXNHQPGl7hjP7LLJswSkl0DgpnEDDSrCKFrGjPKK1scbcad0B78nA7JbyxMpNhdgNkMlNL/VDMrRuUDTKCnYZUaaqDRg4Qqmux5Yyq2WoJd5kWMBkqebWVGM+nfGwQpptIGdsrFX3qp81T/CrO8unGdZP0g/dHFZNFdErPxLXqPqiCmYYo3cbHB3J9Fj2fOXSodLNqa3sD2CnUlgmY4V92ka97jnY7IFVd5WTGG3QiRg2yU3Yez8H9O2amSk0FxT0PmneATwCq2ruksz3eCPIDgkpSwue41Fe8OJGcZ2ARbN0/XdS1IbRwmGlBw9xP1H1S5y2LJ9M0Whr0CTS69kCGnqbrMIqRjppCcHHZbux9J01sp2S1cTJJyPMSMgK0pqOzdJUQ1AeJj6sbuWer73c7q9zacuZATwFjebpYRsv1EVD5bZJVos7peaeJ5jjJe4eizlbc6iqZoJ0j2XHgx5DzqcR67p1BbaqpxM5nhg+q30aeMFukfPPM/WEnJ06JYX7I8cD3EeQlToKDg8K0ht7WtAxnCkxwN2BACdLC6PB6nUz1E3ObyyDBRAYyOFIipwXBrRurKntks/923IK1tm6LBLKmTA74IWeyzBhc8GZt1hqJy3yEfktdbemWxaXyRjhaWO3U8GC1gzj0RdOAkfM28C5yyQYaOGnbpjbhHa3Tydk6SZjPqOEB8ksm0byzPdW22hLfI+pq6anjL5HnI4GNyquSqudcMUNOImn8Ug3CsBQROIlmJkf/iOyMxwGwGAlsoraWwU5/m3Bzp5DzqO36KxLIY2iGFoa0dglK/TjHdAldvl22PVRECPeGbDByhg5O5VPX9RUUQdDA50szdi1qrHHqO6s8Kmh8Jr/AMX4gEbf7CLi5dQ2+iLg+UEt7A8rM3DrSvrf93s9A7fl0g2/JX1B0FHIWT1z9UhHm91pLf05brexvhwNefUhXvjHoJPB5Wzp3qrqGbTVue5v3wAtLZfhRS05E1e5hdj6cZW/bGGfTgfYYRGpbtzwRlXbel7JbgDBRRlw7lqsmRRs2ja1v2CIO6Yo5OSAbHHGFGcSTv2RTnjKY5wIwCgisMo64jBGUA8rrjg8oaYuCHclLV7rhBxwhPkjj/vZNP3VNkCpb4zjhUdd1TQ0pcyAOmdx5VWS13VV0Y5tDTmmi/rf3UyEaae5UVIf96nbH9yqCu+IlkpZDFRxz1cmcARtzuoUPSM9Vpddah8z+SSThW1PabbQACCmjDhtnSMqskM7L1H1vepXMoqCOkjP4pW74UZ/S15uAxe7pK5rt3Na4gLZE9wEKQukIGCMIoxyWZ6Ppa0wsDRStc78TjuSp0NJDDGGsia0DjAU57qeEHxZBkdlXz3BrP7mJzyeNtlZW7J3wsuwG5SdG2MZe4ADnfhQJK27yH+RE2MfZR3WeSd2uurJHB25a04TA0+B9f1BaaIlpqNRHYd1S1XVVynd4drt7yOzy3KvoLLaI36jTNe71durGOKKFobDC1o9gjJnBiX0PV95DWyvEbHb4GxUmi+HtTM8fPPy0d3ElbimgmlwYoyQrJluqi3zNwoE5ZMzRdF2akw1zNR91dspqSBrY4IY26dtgFKNLSsy6qkx7ZUWe42alaXRl0jvQKAuWVgNG134Wpxc9ozKA0fdUdR1NM0EUsen7qomulfWEgzYBPol7cgo1VVd6CmafFmGcKhr+rIo2n5MF7s8KuFsq6p2X5+5UllkghaJJyBjn3VhOJEnv98uLBG1rYw7uwYKZHYq2tAdVyyOb7kqbLfLNaojpcHEchZ+49eVNSDBQgxxjjKZBDI1tmhjttptsfiVDWFw9VX3PrOgtw0UbdRHACxFXcKurcXTTvJP+JQ2xue7790aWR0K17Le7db3i4EiNzYGn+jYlUEslRVnVLM9x75KO+nII23KlUdnqal2NOxRYSH4hHoqHREnZu6LT0VXPIGti5W1tfSgID5I8jvlaGls9DTAOjhGr3GUMpY4QErIx4iYi29H1VWQakBjR6rRUXSNspCHuYHuHqFfNj3OAn4xuRgeqETKyb9kOGnigAETGtA9BhH2DSCf1Krrn1JZrVqFVVgEcD1WUuPxHkMhZabd4/oXHH+iskYSmbl4AcdRws7dutbJa/Ea6p1OZwB3KyM9H1v1IzxKlz4onn6B6K2tXw6pISya5Pa9wA8vooMVcYfkyruHxHvFXH4dkpfDeeHyMz+yr6XpnqbqCY1V6uUumTdzdRAHsFvzQWK2nVT07XP444UOorpdxB5AoMUoL8UVVF0b09afPM0yu/x7qVLdBTtENvpQGjbIAUaaU6tc0h/NR/4jCwFkAL3+gUI3u7DzzXGtwJJdA9Byo9QKKk/m1Dx4jtsZyUSG33+5EaGthiPLs+b8lc0PSNHERLU/zH+pOSqwRyjDszLKqqqnFlupZAfVwwFNpemLpcHD5+tLI+dLdls4LbBA3TDEB+SNHRPJxhWIlc3+JQQdN0NORobq+6nwWxsHma3k5VkWU9P5ppQ0BQ6/qO3U7AIfO4bYxlQicmFZAHAgjGEGSampwfEeAR7qgrup6mduhjGxNPdvKp3zPkzqe479yoNUM9mkreoYafLYnBUdTeqmqJGcDKgOwTknKYH47KDFAO+UuyXbqPqxnAxlIvx2TDI1QLajupx5K7keqHrb6oZdkclQsOXN9QoxJJTSd+VxQgklzISyFCDUlwuAOCVxzgRgFQMYm5KR5TFCBCRjlDPK5q901QZs4ydyVzJTAMJpIcCAVEslxiOJHchMcTwmnY4zyug47InHHIz/AAN/NPHC55VxU3kYdcR6pAgcHKZk+qaSByVE8EHF47IL35CTpAAVFMhyf+qsnZ17nOdym4zzukB7pKDVE5p911NSUIOwFwgYXVw8KFgTylgruMuR2sGACEIBHDSUZkeOQiiNoxgLmrAOGqEOMboTy7I2KBJWQR5EjwMLO3XqeKlk8KJ2fzS5WJDYUym+C9qq+GmaS9wyB6rNXPqWSRphhd+6z9wudTVSlxecHtlRmlx7fukOzPR0KtNFfkfrNOwPGlwyF591tY3F3zkQw6M6gfZejFpKrrrbRW07maRkjC/GkT9wQnhlB0BfhXUgppT549itw0tI5C8ephL0zf8AckRyPwfRepUVQ2eJkzDqa8ZCgOoipvciw0qi6osbrvby2I4miOuM+4V4zONwuubqGMqGWM9vBjumbq6sp/An2mg8kg75G2Vbys1jZZ2/QP6evYu0LS2mnAZK3G2c7rR08sc0TJoiCx7Q5pHoVBnZClaY3cLRW2pFTTNyfMzYqpmhDxsFy2VBpKvQ84a/YqATjuNEkkkhMzEkkkiKOYHJXjXhyfC/4mOO4s3VEvlbw2Ko3yc+69mWS+I/Sf8AtZ09JSxeWqpz49PIOWPG+QmMho2b8bonZYb4W9UOvlm/h1edNztv8irYedQ2J/ZbzwxzhMyBNPoznWXTtZebaKu1+WuoXCWF4OCD7H8l5v8AGPoWyf2l/hHV0dTHJHfqHz0pHlMNeGk/m1439uF7Yw6eV5P1l4nw36od1XRMLbZcWeBXxjbUDxpPZw+vHfD13fF6nEopfknlHF8hpIXx2yR+VwF16ZutRb7pSPgmp3Pp6unO7muBx+xytBEcOyOF9Lf22fgjS1csnxq6S1Pgka3+KNgH96zHlqcfYb/luvlezVwqYTE8+eMYznkdivs3gfIfPWk2fDvqLxv8Sx8F/E4Y3UaoBbJ4jRgFOicPVFmYHx47lepTweR9haKfOAVYtwcEFUMDiyUMPdW8B2GDwjjLIqyOCWOElxpyF1PBHoqEiqChImhvohoyIg3Q30S0N9E5JQFSBYKYpCZjKhFIYkkkoENSTklCAkk9JQgxOG6akqayQYkkkqGjUzGVIQkloEgTtdDKyri2dG4OBXuvwi64+ajZS1D8u0hu5324/wA14pIwOG+6dZrjPY7jFWxZLGnDwPT1XH8po5XV7o+j2v0b59+L1aqtf2S4/wAH2HdrfHc7c4MaCdOoFYU08tHL4b24Le+FZ/DTrKK9UrYXzNkGkEZ5V71PbGRltVC0aTyvG5cXhn6HpaurUjJ1VMythywecbkLH3u1wzRPZJGCDkELeQsDJC1wxkbKFcrYycF7GDV3HqmwscWY9ZoYXR2s+aupLDLa53uDDoe46duAqENc04dsR2XvvUnT7aynLWsGppzuF411BZaq3VTy+PDDwQF6PRa5SxBnx/6n8BKlu2CH2e4Pz8tM/LR9JUuupmTRHTyVnad5Y8OV7R1Yc0NcV34ywsHzedbrlkq3wugcGnuhVFLj+fAfMOQFeVFLHMw7fY+iq3QljtJOMd0SYULM8MtOn7613+6VZ34DipN0tWxqIW5B3OFmKmnfC4VMQ4OSFp+nry24xGkmPmaNsndHGQmyG1/JEpQHwv1syML0XoHqqaR4t9TJkAeXKyNxo/xAD8lWNqZ6CobLC4te07ELRCeGJtUNTHbJH0PHKM8cqQ1wcMrE9F9URXenbT1En85gx91r2OwMLXF5R5y6l1yaJWQnoAJyiDhF0JHpJJKyCTU5NVMA60n1RWoQ7p7ZN8YVogZJcDsrqgIkkklCDV1q4utVS6IiDdbXSXSkfR1cYex4PI4PqF4J1JZZbFdJKCXJx5mnHY8L6JcMhYX4k9NC52z+IwRjx6UkuIG5Z3SJRyjpaLUfHJRZ4pNCJGFpHKqKiIwSadOy0DhvpOxHIUOupvFjwBusFtbbPV1TwijeOMKfaK98Mngvf5HeqhFmk4Oya4EYIOCkRbizVKKsibJo9Ex7AFDtNyZPEIZDiRoxv3Vg7B7rSpccnPlHa8Ec7IUgy1SDymIwSJ4joSHM2I4K9W+H3U7a+EUsrsSxNAdk8+68snGDxlHtNzltFaydhIjOzyPRTKRl1WlhqINSPe+qrJF1PYZqDyiZ7RoeezhwmfDK5UnX/R9x+F3VMmKikj8E6xk+E36XY/wOx+vZP6fvUVXC1hcHO0gk55Wd6ohq+jOrKb4gW5jnNBPzrG/jZsP/AL3A/JPjL0cZQwv464a5i/7o9L/s8dTVtvbcPhX1C8tuHTrxHC1x3dCdx99yePZe4skbzkei+cviTJNTVlj+NnSMWs04iNTod/exO23755b+/svcbLd6fqCwUPUFufqp6prZ24OdiOFaWyTj/wDvg5XkIfLJXr32v0/f/c1DHEAY2Kp6urk6Yu7bzG0CirXNjqwNmxv8oEnsOcn7KbHO2RokYdvRGmbTXOjkoahgdFKC14IyiZzC31Dn1T1j+lq+Sy3CToq7yPEseH250vMtMc4x6uGP3C14AGcH9VSeSDhyngjCjkaTjKJkqgQqS41dUIdyV0E5TV0cqECDhdXAey6oQSSSShBJJJKEHJJqShBJJJKEEuHhdXDwoQYScpp3XTyuKEGtGHZC5XUVJdrdParhTMnpalhZLG4ZDh6FPT843UIng+dOpenLz8BLo6+WJktT0zNJmVoJ104J4B9F6x0r1bb+prXFcrdM2WN4BJaeD7+i1VXHDXxGmqGaozyPVeBdU9D9Q/B67zdV9JMfVdPyPDqqkbnEWecf4fUKG5talfqX/qe6wzh47I+rUsb0d1paerbfHcbbKMOHmjLvMx3oVrI3Z2Khkaw8MktzqGDhOqIIqqLw5R9j3CaxuRyuyA7bqFFeHTUrvAmOQPpcpLXbJ8sbZW6X7+iiNcY3eG/8sqELBrvZPHKjMfnOyM13sj6IHBGEsj1Q8lLJ9VeSA66iZWtyQBIBs/uqmCZ8cppKsaZR9Ljw4K9ao1db46xn9Lx9LvRQgFhGCMpjs5zlRIpJaaQ01XkOGzXdipYOVCCLdWMnjdYbr7ow1rmdU2HFPeaIbObt4zO7HeuVukx4DvdVKOQ67JUy3w7PmXrbpij67oRX0NOKa90jtUsZ28Qt7FUPwq61mtT29NX5jmwSEsIfvoXu3XfRIJdfLThkrR/Oia3PiD2914J8Rem/HH+0VE0x1EZAm0j6vf7rBqtN80dp9R+kfqizSzUlI9WpZ5eir0aiFpkpZSNbM+UhTOuumm1UberOmjr15cQzY4GN/wB1hPhd1nB1ZY/9mL5K11XTg/LE/UfXf22/VbbpC+my1cvSVxeTTSHAL+Gry2o07pntP0z4rycddSrV2VDPC6ptxpptLauH6g4bu/8AVeMdb9Ey080rJYNOXEtcBwvZusLRN0rfzcrcCxkpDsdiPQoF7paTqi1vrKYAPaMPZ3aUo36imvWQ2y7Pkq626ShmLXsx7qAd16n1Z0vIx7/EjyOxwvNKymNNM6M9imHz7yOilpp7ZAIpTHICFbRETMGDlUxOVMtlV4Uga/hEmc9L0Fqqcs8xaojW5OFeTRieIlrcnsqiSN8TsOCXNexm0dE7wHNkxwthQubU07JWnILc/ZY9x2wrnpmv0F1O87E7JLRv0FirniReFmPZCe3blT3R4xgID4s9kpnfxnorZmYyQVDkbgq1ljPooMsZB4QN4FzgRQcpj26hhHxhDduMZUMc4kCoj2yBlQHN0khWzo8gnCg1LMcBGc6+sBGfVMl23S3Dk/GQjMM0Dp6h0cjcjCvqWq8VgA39VnpY+/on0NdLDK1gOx7qBae5VvDNXFJp35ypQeHBVkT9XJypcT8EZQHbqsyshCwnlTaCodTv1E5HoozXNIxjhca45zhAb6rGmauBzauAvyFDfG6J+QFHtdb4WGE7FWM+JmDS1Q6MJbuQtJUsHle4DKsIyAA5vCzbnGOQNKvqCcSxtYOQlTjuN1Nnos6WXX5SiSwvjd4wGR/kobCYZ84+lXEbm1EWrGCs04ZOrRZhclpYbsw4pZfK48E8LQVEIczHqFhmH5eQPYMEHK19sq21dM0uf5uFlmsHUpsKyvod9mqsdGWnB2WsnpvEAeBthUtdQkangcpUlkfNL0VgAcMFAmpsb4RjGWblGAyMKhaWSpkhGDkKBLCCchXk8Wd2hV74zkoAZQIDAYznhWNDcJKd4c3juPVQ54jyAgslMbsEfmhsgpIqEnFnpfTXUklJIyaGTAzu3PC9To6mnu1KKiBw8TGXAL5wo699M8PYcevut50Z1oaKqax0hDTyCubdR+joVXntFqrHg/LTO2/Dnt7K3Dw7fIWViqorhGyvoTlp3OPVW1DXsmdodlr/AEK5Woq28HRrllFtqOMZ2XFwcLqwMacxlcGR2T2fUEUBoGEJAILwRk4UqF5OASguYE1rixwOM/mpKG4DCLNu7chE1eygMqcYBCmAnAIWayv9C2ESSSScMA7kroJympKZIFB23KWR6oeSlk+qgATIT9jzuFHaTqG5RQRjco0RrJWzR/JXBrx/dyH91YMdqHKHWU/zEJb+IbgqLQTPLjDId27KERZpJgOQuq8lYEkkkhLEuHcYXUlaeHkhUX22/P0bmMA8Ru7T6FU9nrDUweDIMSw+Rw+2y1jmg4WUu1FNabh/EKdhdDKfOB2PqtVdmOA0yY9uQq2vomVEEjS3JI49QrRjw9gkbw4ZTHsH6rpU24LayfP3xF6cZGHVNNFpLTkheet32K+jur7C2qilGnZwK+f73b3W6ulgcMDJwvQ6KzesHL1VLjLcisnhIb4gG3qtB0l1HNQyMjDgNJ3yqiF7ZafwSMk91XPe+jqdtsLc47jmu2VVinE+jqKcV9E2pgOS5oP29VLtV4mo5xFO4ujccbnheefDjqlkTo6WpOpjxjc8Lc11IdpY8Fh3BCxW1pHpNLqPljuNkyZsgDmkEeqIs7brkIYgyXJJVxT1OsDA+rhc+cNrOpXPJISSSSxoxdBx2XElBIOQcYQHj0Uo44KA7umw7AayRpW5GVkupbRHWQvjnjD2SgtxzjK2J83lIVfcKPUABuulpbXXLccvX6eFtTUkfHt4t8vR3VM1G5pEMjy6P0xlaalm1tZI05Dhlaf419Imqpv4lTx/zYTnI5wvPOmK/wCYp/Ae7zs2X0jwWtlfHbI+Def8c/H6ppLiXJqS4Sb6cn7q56ZujoagQudgZ2VHTv8ALpI5SjlNNVhwONOCu9dFSi0czSaiWmtU0e92epOhjnHkbq7ik8KdsjDseV5/0rdhMyMF+Q4Ac91t4iQBleY1dLi8M+w+J1kb4RaL+KcEZ23RwQVTUk+cBWEcgIG65NkcHraZ745JSSG1dWeSwbIMJkpZKYkgGCTE9MVMgwjKjyktk1DYHZSEyaFk0ZYR5jwUeRVjG5HqhGbBAwhRSEDw3/Uw6T7ohGVYrI7Iwo5+oohJwd1HdtnZUymzH9fUJ+X/AIrTNxPQjxgRyQOQrnp27x3m1U9cwgmRg1exwpFa3xCNlh+i5KiyX+59P1cv8rBnpW/4c8f5IlwzDl1Wf2Z6Ox2Qdk5R2vCeTq4KcjbPGOApIxyhnlc1e6arKbyOKrpWj57AGPIpx4Krq5xjkilA5dpP2KprIAccLh4XcY2XDwrAAnlDRDyhqEYjwo82CwgjlSDwfshHlGImslSAWjQeQnZwAuVDSJz6LrPpCYngxWrAKtjEtMcDcKshOqnHq04Vy4BwIPHdUbP5c0sJ75eE6MjFauQgdhcO4Q5CWyBuEWMA7Z3RPgBoizA/sosWz9yp049lWvIbO49ipF5ZiteA90hbUUb2uGSQf8l893ZpiulXCRjQ4r6GY7xGFhGcrwnrCmNPe6s6cai5dzQS9HyX/wAR9O5aSN/6ZR0xJpic+qBTN/mlyJR/9nIXKf63fddjOT43twTouEQ7pkaLp90Ypg1GqBk8ZUxR3jLkLKIlQdMOMqhrnan6Rvsru5PEceCeVmZnl0pJWW2WOjdp4+xmN8qTC0NxgboA3UuJiqBqlLAeI7jZW9KGiHV6qBTw6iNuFLkPhxBi21mayeWAq5MZCr3HY7p9VKS5R2OJQWdhwXAw5J4R4AdXC5pGeOVIhbg5xwqRqgssO0YAwOVJp2HOpDibuPLsFYU8YABWitGifCwiTTN4JClAgNyhRt09l17gG7dlurRjtmMmlI2UXOSVySQ6gMZTm7rSjm2ttndWk49UKom0gEBOldpCr6+o8GIyDfuqtujVHLBrr3vBBvVykjhEcRw522VT0kJcfFc3JPcrv8ysqNUpJGcqwcxoAwNguJZbKbbZ1YbaoJRQ0AMYoc1QdWkBHnmGNIChO3JJSZTGRWeWPc7A+65EC9wKHu4hS4IyNJSvyZUnwGijwOE9+AMZSOwGyh1kmAAib2oCMXJg6qU74cFAOScpznFzskokbNWDhZZy3s1LEUNiY4uGQrSkixvhCp4MjcKexoaMAKoxEWTyOY1rRhcdlJ2cjCfG31CelngQ3g5HEdtuVLij4dp/dcij23CltbsmxiJnMaGgDhFZGMasfuuxxg9uEThMTwZpyyNDgMgNXQTjlLGUWKBzzkhM/LgHIxkReQVI0BgC6MR9k6JpLgU6KS7KjGVslGISCLUQcbKS8DSGhca0NbhoTmsdqGyNSyel0umjVHHsHDAJH5cCcce6sYoQ3B04Shi2GGqdDDnAwiOpTQk8oZFGcAAKZDDjGydHTjbZKaVkLDkKn0bIxSWRSubE0kkDAVTU17H5Yw5Ta2vJJaFAYRr1JT7OdqdXz8cA3iPe4EojRtk8prS3G3KLAwl2VTeEXp5bpBqaPUcFSizTgN3J9FyGMBueFPsdDJXXCNjdwDkrLZPB6PSUbpqCNx0pbRbbWJHj+bP5ie+PRWsgzjC5qbGxsYGzQBhLxAW4XMm/ubPf6WmNNajEHIfD90tSaTkpj8H8WEvGTbk5JJq2ATBnBceAnaMd1EuldHQ0zg/6n8J1VTbM+pthVDdJlXfriXvFJE7GkZdg/sqd5wMkpj37ue45JOck8qJU1QccBd3R6VuSPmHnvPbIyaYSoqS0YbjhV75y76hhF8zyQN3HgLZdI9CicMut5aWxN4jI598rqzjGpYR8j1+vd2bJsidG9DVfUTm1soApBu7PdesUjbfZqKO3WqPJbw0KE+ufpba7HS6BGAMt2wPdXlrtbaRoqqvBkI5PZZ5T3HnLb5XdjKa2TTSNra05fyGdgFatGvAbv9kyHxri4w0ROh3L8LSWu2xUceCNTu5KVKRiskhlstOgCebG+4b6KdK5kLQA1cmqm07ckbngKCJnzO1O7lA2LCPe5/HCRyBnCe1mkZIwq6qryCWM44yoVgLNUYOBhQ558DGQo8k+o6nHCh1dTCRpLyCqwMjDcGmqG5zz6qBX3OlpY/FfKARwDtlVdTcpnzGCgifPJwGtClRdOUduiF/69q2aW7xUncemccqzoaTx9utlsqXJTF946wdIKUNioHbGYnd3/L6f6qJPX9M9HxNpom/MVLeWgYOfuVy/daV/UDv4fYaUUdE3iXgvBx2/9e6g0dopqbMukD1JHCmUuz6T4n6Xjp4J3pN/pdgi679QkT1mBE7fw0qk0toeYCHCVvLUaWatr5X26yt11HZ2ePyWstHRll6djbfOoS6V7hsZNwMf/KEE711E9V9tWK+v/wBVL/1KXp/oevvkhrr3H4cJO0Lh2+//AKLR3rqO2dOwG3WulibMBsQ0OwVX3zqqvvb3UlqgkawnGc8+6iR2m32G3GuvTm4Zuc74QRpla8yZi8l5enxVO7UyzP1BcgI4Lld83C61GnVy/TlCNxbLK2hsrg5rQRI/Hft/qkJbx1e8mEmloW+UjnX75/JX1vs9LbIGxsaC4cuxytKjGrpHy7y/n9V5Kb3v7f8Al9EK22DBFVWOy8q3cxobgAYXC/U7QDv6ZVjarBcLlJ4bIzjuUbmvZwJWZK6KMvOGjnYLT2To2qq2iSpaGN53WqtHSNFQsY6oDZHgceivWtaBhuwHGyTZdF8IRKxvgrqGw0FDEI44hkcnClhgjbgDAUjT7oUw2z6LM5bnyJcmwJGDjOUNPIwcFMOQM4yiiixpYO+EIxgHIGF2SQd3AY9SqWv6pt1K4wRSfMTj8EHmKvIJdOcWg7ZUKprqOijMlVO2No3OVTxt6rvzAaKI0ULuTKPN+iubf0TTjTLdZn1LxvgnbKHdFFFVPfn1TsWmCWoJ4c1uxRIemL7dX+LdaowRuH0NO/5rbUtFRUUYipaaONreMNRSM90uVmeizO0XSdroMFsTXO7kjc/mrqOKKJobHG1uPQIzm+6aRjukuUm+QgWkLq6dlxF0QakkkoQaCRwmZK5kIZkjbnLsYR4yQOh4c0ZJygTXBjAWxtLnY7KvdU3OY/yAWj3RkJ807QRrcG/dQ6q80dK3U2XxHdgzcoDbVLNl1TOXauQjwW2lpt2MBPrhTJCt/iN9ukmijgMEf/ePTf8AZuqnObncZZQeQ1yvgNIwOPRD1ZyFCEOmtNupWBkdOzbuRuU+Sqkb/Lh2aP0TpORugF8cf1cooxyQ475qTcPGEMvjZjxZMEJOfNJ/ccIbomAapjuiwQUlS3iLcqLL87UfVM+IdtKbU11JBsHjI7KC6trajy0sbjnvhQskOooWYdNKXY7nugyTUsbtLH5KNT2G5Vbg+olDQfZXVH07Q04D5fOcKLkp8Geb81LgUrc59lKpbLdJ3YqWhrD3K0ElRbaAaYQ0EKvqeo9tLZAjCTyEi6fp48OkkyQpRZaqVvnIOFnam81bzlh2+6rZKypm2fIcIymsmqquoqWnBFIzgYVNVdS1k40xu0hQWUzpRtn7osdAdXGPdQojyVNbU/XIT+aY2me/kYVmaaOFup5AA53UGqvlvpG/ySXvGxAUC2sLDbg7+82Hcoh/g9F5pJQCFnq3qiplboiboH3VLUVEtQSXvOT7okshqHJpK3qyNmY6RhAGwJKzlffrhVDQ+V2kngFQn55JTJXcbIthohEjz6pDlxz9ygNYPsiyB0jgG8qdRWOqq5GsLCGu74Q9DHJRK0MBOAc+ymUVrmqHYY0j8lr7b0UyGTxZXDAHcK5ioaakdmOJpKpywKnb+jL2rpYOkD6kasbjI4Wigoaak+iME+uEaeupqdp8Qhowqas6lo4hiDVI/PAQOTFuTZcg6QSB2UGa5U9MT40rR7ZVP83eLmMRs8JmPVdp+nIy7xKyYuJ3O5RAnazqxrXCOigkkeeA0ZVTVR9YXiTS6o8GN25wcLURUFBSgeBG3UBzhOblu+cIwjMQdCUpImucvjvO+DurSmsVpoHh0FIwu9SpFdcoIT5ncc7qmqb45x005/VQNbkX0lS+Bg8NwY0dgqqrvUO7A7J7qlnrauoPmmx7LlPQVFZM2ONmSeSRsoAFqLgARgZyoU09XLtTNyVo6PpR73B07g5o9leUlmoaUh0cILh3Kgx2bDIUXStxrgH17gInbkK8pOnbdQO1xxNJ43C0QYT5Gt7cBBfBBENc5049VAN85ENkOkYa3A9gieA5mCRjKj1nUVuoGgRnxHDsFm7h1FW1zzmUtaew2ULcXPs1dRcLZQw6pqjzjloVDX9Yue0xUEZYDy491n3z68l5LifU5UVzwM4CgyNeCZLXVFS4maUkntlRXAYPmCC6UtTHPz3UHxihzjzuhklNLgOShqDEkdL3HkoZ2XMhNyFAhxl7YQySVxDMw4woQfqPquZKad1xQgkkJJQh3W71SLidiVxcJGMKEOZKWSmHlJQMSYkhkZ7onHBGOyVxCSQjMHWrmSutXEcSDsj1XHAHumZPqlk+qIsaSc7FcSXC4BANEThBkfqGBsmzT42AQmk+qgSWTrnuBITEiMJKFjkklzV7KBnEkl3Hsqk8ADPpTmwl2yIIgcbIwaGDhArMgylgGyEMAynaNsZQ6icMxq2HdZ66dVwU7i2lJcW7HfuhlYkMhTKfRoZJBFu4jCzl66oipHeFDufusxcL7ca55LpnNaewOFXOa6Q5ec/fdJdnB0adIu5Ey4X6rrXDDiABjnlQRqc7Lv1TzBjkJ+gbJEpNmmMFDhCazOMhGaxuOEmsyOU4sxyVXLLP1pDQExzRyAjph3X47P2cm8mH62sPzMBrYRhzT2TugL2KmE0E5xLF2J32WqqoBIA0jIXn17t1T09exd6QExH62j0UHN5R6g0gjhPO6r7VXx19FHUxnIe0FTwcqGWawyvvNqhu9BLRyAZePKT2KxnS1bLbq6bpytdh0RPg55LV6IsN8QLJIySPqig8s1Ju4DuFA4y5SNI3HcKvr43MJnjHBym2G7RXi3RVkZGXNGseju6sSwPGCMhQNv0TLVW/NwCVxy4bFT1laSd9srvBP0PO32K0zSMcoTLKI5JJJEAJOwE1OUzgtPB5Z1RbZ+iesG9ZUbT8rWnTWMaNvZxXo9trobnQxV9M4OilALSDlNvtngv1rmt04B8RpAJ7FYPom8VXS91k6JurMR5/3NxPO/H+SNP2E8S5PRJTjzeihdQWWi6p6fns83njqW7/AOFwzg//AC+qsNPiNIUMTG31Mfjb08rtLgOxWiqx1TU0Yb69y4PnnpW911outx+FvWFP4tNIXxN8bzNLeHRnI+h2Rtuvjj+0h8EnfB7qwXq1Oc+xXGQmj3yYxzocfXuPsvvj+0j0IRSRfEG0xkPpHsbXBoz4kP4X/wDh3z/zdlgtFi+MXRtZ0n1RCKgGMxuIcATKBtO09n5zv2X0bw/k8OOpj/1PG+Y8XDW1up9nwbR1AmYyVp2cAVPik1YGEbrPoi7/AA16squmbv5mseTBMG4ZJGT5XNPdQ4XjUMBfW9PqIaiCnB8Hw3XaWeltlVNcphaiPSfGaFIo5skNPKbgPbgjlDiBiqPYLQuGYHyi3YchEj+pBieHNyEaP6loi0JfYdn0hEQ2fSERELGJJJIiBkkklAGJJJJQBIYknpKBiSSSUDApJJKEGpJJKEGJJJKEHoZZgZyiLhGUAecEd4wcIMjcjAHKku3xshuGUuSwsMtSLnoDqaawXeKNzzoLiOfVfU3S92p+obQ0yyNeHDG/IXxtMzJyF6R8I/iFNa7ky31smWu4y/GwXk/LeO2/6taPtP0P9Vb6o6DUvn0z2y6W59NN4bm4wctcOCFDeMjPqtfWimvlnbV0ZDnR+Y45Hssw+PYZ5Xn8pH1rbuKSvoGytMkY83ceqwfVXTsNZC7+UC7BXqD2H0VfV2yOfLgBk+y00XOqWTl+R8bHWQ2yR8v3qyT2ycua3y5USlqCw7r2TrbpUSRueyLJ3yMLx6726S3y6iDpyvT6PWqawz4f9ReAnpZucVwWdNUiRuHY3SqaF8o8SPjuqeiqjnCvKSp1NDeF1FJM8NZDa+Cvlicw6XfmqmVtRbpxUU7iBnOy09VSaxqHP3VdNT6gWPbkFO6Krszwy5st2prrB4MwAlxg+6hXSgfBKA7g8H1VEwS22oE0JIGeQtdQV9NeqXwZceIB+eU2LBlFQeUVlsrprXUtngkLCDvuvZenLwLrRMkc4F2N14xcrdLA4kbgce6n9L9TVNoqWtc8+HnBC1Rlgw6rTqyO5HusfdGaqq1XFlwpmTMIOoA7FWTe60ZWDz77wHSXGrqIoSSSShBJJJKFMfnCemJ6gtjkkklCCSPCSShAZ7rhGoafXZPXWnGSqkuC1JxeUeJ/ETpn+D3I1lNHiCc7kD8SyGkH6gvorqSyw361yUD2t1HzNPuvAa+kkttbNRTtLXxPLSD7LLKKZ6Lx+sldDEjP3Kkaz+dG3GTgqvcPXZaGeMSDCpaynLJMALHZHD4O9VPjDAU8pgmbIDwVpKerbNGHM/MLMO8ql26t+Xlw4EtdsUEZemHZVui5GgSPC7lpAc05BXE9GFrDAFuSSQo8wLhgKYQOUCRueyprkOOGuTefDW/sdKKGodiSNvlJPIXrHhQXq2yUFVEHaxvkZ/l/1L5po6ue3VsVXA4h8ZzsefZfQHSt1N3o6SvoDrlDQAM/i7sPsm1tLhnA8hS6pfIh3wyrW26punwrvf8ANpo2v+VDjzE76mjtwtT8Db3L0vfbj8K7hKXwhzprSXbBzCckA8dx+qyPWzHeBbeuLK0traF4II+rwj9TCO+MfuVM66pKl1PbetbV/Jq6J7Kh2nfQ0+U/kNS0d/8A7+jmSat4fUv/APpH0O2VtJMA7Zj/ANlNml+RDaojMR+o+izPS/UND1v0vBdWNDZJmN14d9Eg+ofqtDaqoVMTrfVxgujbg54e31UONZD43tfY3qmyHqG1sfbnmK7Ux+ats7DhzCBnOf6Ttq+wUnpHqNnUtobWSRfL1kDjBW0xOTDM3Zzc/cHsoFHUusNfFbKvPyVUMU0x4Y7O0X552+xVZ1ZDVdL3JvXtoZrpshl7p2f8WE8z/wDMzB/8JIQAqOTe7djlFUKlqaesp46ukmbLBK0OY5pypUZH6o9qwLfDDJIetvqlrb6oWsECJJJKiDweyICMIS6OVCBUlwFdUIJJJJQg5JNSUIJJJJQglw8LqShARBzlcRSByhnlQhxJJJQg1ceyKaJ0E7dTH8grqShE8dHgvXfQ14+ElbL1v8PWO/hjnB1dbm7+Fv8AUP8ADzvheh9Cdc23rG0sr6CQGQACWM8sd6Fbh7GyDDxnOy8M69+HV3+Hdzf118OGvbQPdruNuZuHDuQPTlQ0ZVqw/wAv3+/8ntcUxIG3KkNcHDK8/wDh/wDEO09ZWmKropwZcYfGT5mHuCttDLnCgOGvtl2SzuMKLLE14weVIa/Vsuubq7qCyAxxY7RJt6ZUuN+3CZU0wlZtsQgU73gmGTkcH1ChCUkuZC6oQMOUcYLMZCjruT6oyA6qmjqGFsg+xVaBJTP8Gbdv4XK4QZ4GSsLXj7H0VshEBymYQXSup5fBlGx+kqQBkZU7IMkYHYyvJutejpKKWolbHro6rPA+nK9cxjuolwo4q6kkpJRkPHPoqaGU2zompQZ8WdSW2fpC/wAdfQAsYHhxxwV6pS3qi666abe6H/t7GhlRGdyfQ5/X9VZdcdEGN0lPWQh7HDyvxsvDLN1BX/CvquSlkJfb52iN5AwHszuuLrtH8kt6Ptf0Z9XbcU3S5PpbpatpOt7TJYrlHmupmkh7vqLeMe+P9VjQyp6Rvj2VtM75ZxMb289/9Eorj/C5qbqqyTCpp5fM8N2LSO5/VbXqC20PV9g/jVs8rOQOSDjcFcK2pweD7/oddHUw3QML1j0tDdqH5+1lr2OGrAXhfVHS7iX/AMrRI325Xuliuot7zZrgSA4bE9iqXrHpdxc6riaHMcM5CSxmt0UdZU89nzJJG6KR0bxgtOChEaTqBW26s6fAe6eGLS8ZyB3WMIIODyFFPJ4PU6WelniRe2eo+ajEbhglculM1kYcRg5VNBVSUkgfGcYWohfHcKUPcASRuij9wtNNGdPoSjUEop6qORx8uUq6lMU2kDYe6A0EDOUuccMuueyWT0WnLZ42yNOzhlckixsq/p2t+YphCT5mq2ewuyPRIPUaaW+vJXzRgdlCkZknZWckRzkBRZYcDhANkslXNGBwopGO6s5YyVDfGc8KGO6JGxjb1UaeMdgp+n3QJm+XlFkxXV7kU87NJwAmjlSqhg5x2UU8phzLYbRzmBzCcbhQXDw5QccFTNelCmZq3AVpHPsTyT6CvLgA8hXUEjXAOByscxxiePMRhXlurAQASeFTWDo6HVZ+yZexPycKTpGnICgRuzggqZDIHDCA71ViCQPcyQK+oZ2va0FUMgxggKRQVTo3AFAdCmznBaVtP/M8Ro5QqatmppQ5p45CmRSNqGjI4UOpiLZjIBsfdRm7DhJSRo4ahlTGJCRnCkUtRLG8aeOCCs3b60tkEROyvY5GnBakSijfRbwWzgZxqAUy0VPgSlrnbHsqukqgfIRz2UsNaRnjKx2LJ0qbmjbUczKmEN2J3QaulyMcKqtVxEJaDur4StqG7DdZZJo6tct6Rmq6lER2UMEjkLS1NJnPiR5JGyp6qiewF2nA7BQLGCG5uoEeyhTU+OQp7NtinOi1dlCiklhAIGnn3UWppsDVjH5q5npxjIaoz49Y0nZU+AXHDKfUWnBClUlSaeYSDsnVNIB5mjj3UEv8MkaUmUVIWp7Gep9DdcCgqBTzPJhfgOaTt916u6OOogbcKGQOaRnbsvlmCudC8SM2IXq3w46/IH8Oq5sMdgDV2XL1mnz9yOhptTFy2yZ7HQVjp4QH/U3ZTWvz2VKxwa1tRCfK7HHBVhT1Qk2xuuNZUzqRfompzCcgdkNrhhOScYCDjhMc0OXU47KiAHZbuEakqXucY3njhMOTthDEeDkbFA1kAt2EHgpygU9WAAyTn1U1rw7hJcRbQRJJJZ2gBJJJKiCXclBSRF4JLVErIdD21EYwc4djujsIGcrs2C3HqrAGwvMg9kdQ6V4jcIT3U3AzyoVk4kkkqIJJJJQglEuFK2qp3QOGdQwpWQuHB7o45TLMba55IZpbbPnVG46c84VrjIIyudQ24NDbnStxPFzjuECmnE8TZQc6hv7Fb6mGgNfTtqY/DIznuvFviV0u2N7qnR67j1XuLwDjKzvVdljulC8huXYXT010oSTTKtrVkWj5ahkdG8g9iUy4R+KHTtG/orjqq0vtte8BpDS47eirInZaA4ZBXo6bPkWTzV1bhJxZ2yXGSmnYQ8gsOQveulLxFerUGFw1hv7r58qIflpWzRjDT2W46H6hdQ1UcZf5Hn1QzjuNeh1OzFbPXqVgcfAds5pIU63TSxPEcjs6SQoFQ8NjhroXbPAyQp9SA6niq4hvw4ArFbHg9HTLBeMeHtyERQaF2YmkjdTliksM2xeUNXDwupKggByhqW5rdJ27KKQco0JYwjCFM0OGCjOQpTgZWymW1mWyO4xPU1rbVB8crc7bL5ivtDL0h1U+DTiCZ5LPTBK+vLjS+LJqxkLwr43dImqpDcIIsyQHVkc4XovF6x1WpZwfP/q3xn8mhzS5RR0M4mALVIqWB2H91lOk7o2WJrCTkDSQT3WszrAC+l1T+SCkfHmnnBpuj6x7PI6TGDsvWaKqL6VjiQ4kbrwu3TuoKlhccNft9ivWOnK9s1I3BzsuZ5Clze5HvfpjX4xTNmnpZiJQ091bQyFpAH6qiiJc5pzhWkbg6LTncrzl8MM+k6O7L2lrG4EA5CMHA8EKBE7YDPCPE7HJWGSydiIUHK6gpIBqHpp5XdXsuHdUW3wFTBsnoZOBlGzPJ5ZXVoLJhIwbnldY7U3KLM0SEAhQg4smdCTgt3H2U6IwrvqKaRlLOF1CUR5Yw7ssD19b56Oej6howQ+jlBkx+KPuF6HIcdlVXukirqGWmkaCJAW/qjiI1EftyuxWyviuNJFWwOzHK0OH5qeHeU7LA9AVj7dNVdM1bjrp3ufED3Yt413smJlVz3xTOZOpF/ChpZKYOOO+oqPcWgwOIG7PMPupWtvqo041NIxnZQAFFJqaDjkZRDwolK/VEBj6SQpAdsVAAbu6EeUV3dCPJChTOHkJHhcckHAoxU0V9Y3DtSEz6QpNzH8kkcqE3fA9UbMVnA8jt6qouIMNbG4DZw0lXDlXXICSLIb5m8JjMl5FnwGl43IShd5g4lCa4OiDs8pgeGu3KJIzSnjglSDVvnKqKgFs2MK2bLqjzjsq2rIJzjfKYlhmW3lD6SQDYjleSfEuj8GvdUNGz3OXqjHb7dlhPinBqt4qA3cuP5bLq6CWLEj599dab5/EWf25PL6baD9UqUHWdl2nOIkSkALuML0CWT4Hnglx8hEP08JuMAJZKNSwJY131FMf2TkOY6W5Pol3ESyyku8xc4tzxwqUtyc5yplfL4lQceqiuWGT5OrQsRwdxkgBTIhkYUaM5IU2DYD3TakyWkynboHHK7WOGNl1pw3hRamQ4WrOEZl2Q5Dl5Kauu3KTRkoTRFBYxnClRNyBsgRqZC3jbKuPZqr4Dwx6iFYRtxhAgiJwSpoZ5dhwt1cSWy4wEBBbuVHeTuuuyCQCm6mrXGGEc66wG5uTnC4dkQ4UaV2AUx8Iz/kwdVO1uCSBhZmqrJauUt1ENzwpl0rGVGaeN2fUqDHAY/MRyuPqrvklsNldShHISGPwxqSfUYbxlOLgGkYxsoMr/Nj1KxyeEPrg5Mc+QvO6FIdwAnYwFyCMulwd8pKbbNOFFBoIskEjhTWNAHHC4xgaAAMJSuDB901cIzt7mKaVsYxsqapmMkhOSjVk5zhRQcrPZP0h0I8HGNccFTqZh15IQo2ZPCsqWPGDjslxWSrJYQaJga1PO6c3hP0nYDunKPoySkDbGc7hSoIuDhciiBwS391Ljjx2T4xwKnM61oA4Rg1JoCIjM0pZONTgMpAEo0cZyDhHGG4WzjIC4gkKU1rWDbsuMLQNgusBkcAE3bjgkU2xhjdK8bcKS2DSBsjQwtA+lFx6DhGo5PQaDQ7V8kxkcXqEVjMEYC61pJwFLgpycOwiO5XVyPp4dW2FNZFpA2ShgAbkBMlqo4Mh55Rm1RjXHMgkkzYm5yqO5XDWC0IFfdmOy0POScKtY5z3ckj3KhxdZrnJ7KyQx7pX6nLsrwwDCaXtjbnuo2XSOzuUs5TtwyxpcyEZCs4WBgB9FCpITEwOd9+VK1BwwCkWSyd3RcJSZI8YEaWjtstv0VbDBSOrJWeeTf8AJYu10clZcIYoxnJ3XqUUTaSmZABwAsF0ucI9z4fTb2rmJzsHdyaHHhCkcS5PWOXZ66EkkEB8u/KCXHJyunsMrjnNaC5xAA3R1rLJO1I5NMynhfPIQAwZWPq6yaundNMfKfpHoFJu1zkq5DECWxN4HqqOprRGNOF2NLpt589+qPPRhF0xfR2rqWMHPsFXCUuduUnNNTJnPbgdl6N0r0RFZ4G3y9keK7BhiLd2j1P7LuxiqoJHxfyPkHY8zY3pTpCGhgF6vTsP2MURHA9StfTvq71VCGP+XSDYjGAUqShnvUpfUN/kcNartny9LG2kpYtUjdgB3SbJZ7PNXXOb5ZIpKemtjC5unUdgByVYUdFXXInxTiEHcEYyla7K6ocyqq2kEcNWqp42xswAABskPkwys9DbdSwUkOiNgbp3JTp7hG3aPfCi1NSSDBCcZ59/ZdpqcsOXcpeBDk2NYySql1P/APQKUTT0XmkI2GyZU1MVFFkgewHdUFTWvqZNTifYZR7GwiRV3OplncWnDeMKKXO3cQmgd8bKl6g6lht8Jgh3kPbPKNQGxiTa6vip8B7g3VnBVPbqa8dU1RioGPjiGMySNx/8vCPbuljVg3bq+aSmgH/A5GP8XqoPUvxDq6iN1n6SAo6VuWuqcbyj0A7fqeUEsI9P4b6d1PlJJwWI/ss7p1F030NGaayRNuV6P43N06ccanb459PVYmsqbv1FXNud4k8d7QdLc5DM84/QJUdrkqHFzHgRD8RRpqgQt+VosHG33KTOzafVPHeLr8bTipcr2A8WGkB8R2nGTj3R7da7t1K9z2uMNLnBz+JWdn6S+aeyturQ6Pkxu+k/daKqrWwxG32WnZEWjAeBhjElt2cI22WQrW6viX7GRT2To2E01JETM05exx8+fcY2VE6lunUNe+srZmxRkAMdjbHoApptdPSCWsr6rxnuOrJbjJ/UqnqOoLr1I91s6PbIyI/VXOGGEH0Hfv3T6ascnkfLfUkdGtul5k+3/wCxOuXUFt6cjNrtgfW3KTb5djdL8+/OEO3dLVl6ljvPVMz5HNJMdLjS1meTz3wP0VrZOmLR02PH8004GDLKcvKdUXOeoeYKCPxHZ2APKduUeD5vq9bK+bnY22S5Z2RuxkDPqd0+lgqbhKI4IyR3OOFedO/D+ruLm1t0ZoA4B7L0Ogs1BbYRFSwgHucJU7MHOnbkylg6DgGKusGXnnK2lNS09JCI4Yw3HfHK61pbt6Jzh7pUrNywK3DCNzgpgJHdOJwhDfjfHolqHsEMDgFCDjk5Cqbx1XaLLqbV1LXSt/4ER1S/+XlUTbh1j1OXSWai/hsD+JqwaX49Qz/qqfHZDT3K50drh+YrZdEY5KzdR1fU150dN2uprXZxq2az/wAxB/yUy2fDW2eL851DUSXardyZT/LB9mrYQUFLRRtio4RG0DGBsiU9qIYmk6P6ivLWTdRXFtMw7uhp8gn7laW19K2a0Y+UpI9X9bhlx/Mq4Dcb5yujkpe5y4ICAA2AwkkkluOSDc4SzlJcyoQ6uEgLjnADcoDngZOVCBQ4nskSMcqMZ3j6eEjrdzsoQK4gZOVGdK4ggNTww7E5/VINGOFeMkIjm1UjsAaR6rjqVz8eIQce6mtIOQhYwn18kA+DEAAGYwnJHZcJGERDiZnKTiAd0E47lUlkgUuaO4/VA1ZyEyQ4Gou2VfVXelg/Fk+gKvohOeChSTQQj+a8N9yq91VXVw/3OEtHqU+Lp+pqP/njJqa7sOyhCPU3lrT4VAdbjwOyHFQXm4u0VA8FnOc8q/prdb6MBrYm+Xg43RZa2CJuGP3UIVlL0rRQv8SZz5j6OOwVsHUdGwANYzHoFXTV9S44Y7AVfK2aZx1PJUSCayWlXeYWjEUgCpaq81DyRrBH3XRQlx8xRGWyAYdpyUz8QSvc6Wc5IO6YKQvOeFbinjZtpSLI2DJAAVBJ4IUNF2eP3UhtDTNOTHn80CqulNSDGvJVHXdQyPBbE7ZMwWaaWehpm4IDfzWer+qBE8w0zM+pyqKpq56l2qR5/VRdO5KPaNUCbVXirqT9WkfdV+7jkndPxjuubeqoNRSBnfclcIx3XXhzsaQfZWts6XutxaHuiEbTzlU3gm5IoZTrI07n2Vlb+m6+vLC2IgHnK29u6Qt9E1rpow5zdyrQNYwamgNapvI7DPW7o2mpiHVDdRHsrp0FNRsAYwNACg3HqWmo8tEu7eO+VQ19wu1yGaZ+gP74VNZFuRdVl8pabLdYzjjKoqu+T1eRQRF7h2BTaexx4EldJrceSrKMUUDQKWINcO+FWCuytitNbWgPrpA3/CFMp7ba6A6/DaX+p7o75ZpRgv2UZ01PH/feYjblQsMZWknQwAH0TXyRQtzLJpCgVNwcz+5GAVVVNTJKcyPz7KESzwW1TeKSEHwnF7uyqau51dQA0ykN9lHdGXHy7n2VhRWO4VeMxaM9/REG1tKlxLjpc/JHqpEFrq604giz99lqKHpWip3iaoaZH91cNhhZ/cxaQPRVJ4JKzCwZyh6QjaGyVjw53oOyto6KCkaGxMAU2SeCHHiyAfdUd16pt9G7RFmVw4wgUslJuRbDYHLdICiVV2t9vj1yzgn0WOreqrjVaw1+gO49lSumlkOZZC5EF8TkbCt60Mf/AM72Frhw4rOVV1rKx7n1E73F3O6hOAwAHJjztsUY6Ne0cXknKReShl+Oy4ZQoHtQ4vPKEZT6Lhl7YQScqBpBDL7LhJKbrGCfRAM2dsKFj9XuuEjCHkpZKgZ0k52KZkriYoQKSMcoZ5SyfVCx7qEOJJiSmCByRg7hBPKWT6pimCBCRjlDJKWT6pimAlHIUkY5Qjyln3Qy4DkokhkY/s6mpJiPBB6SSSAIYkkkrICXCQFwuG6E5wwd1QKQ50wGQgOmJymOJzyuKD0siJLjkpJJKBiSSSUIO8P3Q9PuiiPJ5yiiM44ylt5IBY0lwOFJdGC0bfuo76ukpRmplDVnbr1lTxPMdLl7u2EMppBqiVnRo5qqCl/vXgLP3brGlgf4dMS5w7ArK1V2ra5xfNKd+B6KEIfEOcfms7n6NtWkS5kT6+93CvcS+dzWnsCq4NeXZJJKLowQOEQM1AYHCBybNMEq+hgjyF1sQzuieH7JzYSTjG6oY7cDTGXYwP3TfC425VlT2+d4Hk2VpBaY2YdIxMUMiZWYKOnopZT5G4VtTWgNA8YKybBDCAIxj8l3xB3RRh+xbsk+j9PkxPTF+Mz9sA5GZ7ZVdcrdHXwuilaMEFWqY5qhMsynThqLLWvs9Wf5biXRO7Y9Frmk77KqultbVs1t2e3drhyCpNrqpXs+Wqf72Mc+oUAsJ6DVQRzxFkg29UZJQHo8vpDJ0Z1ebVUE/wAMuf8AMiJ2AeTwt/AGv27Kv616Xh6msslNj/eYgX05HZ6pug+pTeaN1DWgsuFEBHUMJ3DhtlQNPLwi9uVH42HM+pp2RrLXSPDqWZ2XM4ypYDDnVuquaB9NUfOQjIB8zRyoSSyjQtTlHpKqKpjD2H7j0UhQzsckkkqayUJYf4idL1FxhF1tZ0VlONTHDnI9FuFx7WvaWuGQVZaM/wBD9SRX6gZ4xDKuFoZOz+l42Kv6iminaY5Ggg/svM7tDP0R1O28safkqxx8QMHB7lemUtVFVU8dTE8Oa9oIIOUyOGwZR4yRKL5asjq+jLxF48EoeHhx+uF2A4f5L5LvFur/AITfEKfp52p9KXl1EePGpycnf3yD3X1jfqOWSBlyovLW0Z1xu9fYrCfHXop3xW+HIvVj8t/tDTPBgZLdOfGhx6YIx+a9B4fVR09uLPxfZwdZT925Hhvxl+Glt+LnRBmtkscd3oz4tFO9v4sEGJ3rqBxhfGXg1NFVS0NdTvgqqZ5jnicN43jt7r7O+FvXLrgDRVT2mRrW+IwnYj1XnX9pv4WNdr+JdhomtIP/AL1axv1R/hqHEfmCcdwvrXg9bHTS+B9S6/sfOvqvwctXW9VSuUuf8Hz/ABnYLsvlaZMZIQYycj0Uk4cAF7Vcnyfbh4HUlQ4YBCtIvX1VNvHJgDZW1M/VG3J3IR1sTYv0TARjlNQATnlGZ9IWgSdSSSREDJJJKAyWRySSSgKQkkklCxqSckoQakkkoQCkkkoGNSSSUIMTnLo5TkMuyAsZTHYLcEJ42TcFW0miEd7c52UXDqd3zce0kf04KnOb6hR3tOCPVZL6vli4j6NTZp5xnW8NH0H8CfiY10MNnuk48x0h7t8ff9V6f1ZZ2UsjK+lZpjkPnaOAfZfGdouVTZ6ttVSvLSCM4Povrj4Tdd2/rqxutlRpdNAwZa45dheE8hoHpbc47P0n9EfUkPO6Xbc/9WKw/wDoQ2sD28dlFfC5pJI2V/eLRLa6gkN/lHgjsoMkTJ4NI2JXP3YPdfB8iKKvt0NbEWOaM45XkfW3TMOZP5PrnZe4mnMWA8fuq29dPU9wgc7QC4j0WvTat1SOB5jw0NTVho+Ra2mkt9WWtyBnuplJWEEEAFeidddGBoeWwYO+CAvJ6hlVaanw5AcZwCV6jR6xWLk+DfUPgJ6WxuK4NZTVQnbpdgZSqaRuMg8qjo67U5rhsr6nqWTNawnchdiElJHhpZgyrmpCctc0EFQqeSe01rJmZLQd/stHNSZGR6KpqqU53AOU4OFm7h9Ghinp7nTiRpDgRuO4VDX0gikJZyCodDXTW6pyMhhO47LUGCnuFOJ4sOJG/smRsKlDb/gJ0d1bUWuZtNUyEwk437L2ClrGVEDJWuBDhkbr58qaaSklLXjbkH1W16G6w8Itpq15IA0blaI2ZOVrtJv/ANSpHrTXeyKDlRaWpinhbJE4EEZUlqamch/3OpJJJpQ9JJJQgkkklAB6cmpygIkkklCCTU5NUIE4wfReffFPpWGvgN8pYdM8ezy0cj3XoR3TXMDm6XYIPqMrPKOTRpr3RLKPmRzCBvyQodTT+IcgbrYdfdNSdPXcBjf92mB8Ij/L91nGt04JblZ3E9Xp71OKaMxKx7JS17cYKE8HIIOMK7rqF0zzKzA9vVVT4nEcYKRKODpQmmsFpZ64n+TKR91cAg7grHxudDIHB2MLR0VXFNEC12ShT9MVZDDyiUeD9kAgEp5GDhJMEojTRAhbP4U9TyWu8ttE8pEdScsOfpesm4ZChOJieSBnKuPeBdtULYOMkfTckL4JpoJYdVLNqGNXfHnaP2/VTumfl6uyfwmdpfJbnPpJST9bNsf/AOIrLfD/AKkHVXTrTK4fMwHw5Dnl7R9X5hWVPUy9OXlldK3FNVARVJHoOP1GR+S3Vrg8hfGdU9klhomfCa6ydG9QT9G3CU/KTSkjO3mPDh9wvb6yJweJ4jgx77c4Xg/xMsTqGopuqba0tdE8NmwN8fhP+a9U+HnVUfUljgmLx4zGBrxnuO6J8dmHVR3Yt9vs1T4qHqW3Opag6mjBGOWOHBCXTF7Jkn6Q6gA/iUDjoe/cVUXeT7dsKJEBaqw1kDCYJBiVo9f6lA+IVlreoLI2usNX8peaFwmt9QOdfZmfQpZmjzJRRHtlW74Y9SRdGVuG9P3Z+bNOc6aWd300jj6O/wCH7ADvt6Uw4Xzbb/itT/F+y1vwy69pHW6/4c1r2jDPFb3xth7Tjj1W1+B3xIuV1dUfDjracu6msYDTK8eatgzhsvv6Ks7X/Y0X6C2MN0l9y7/x+1/9z1/JSBOVxJNeJHOQdpyMlEUdFQNYLHpyanICHQeyICMIS7kqECLqG7tunN25KhBySYkoQekuZCWQoQ6kuZCRIwoQeSMcoB5SJOeVxQgkkklCDUk5JQg1cXUlCHiHxF+GN46Mub/iF8K4HMa467jb2Hyu/wATR27rWfDv4k2frSga+nmxOzyyMcNLg4cjC9DZ3XivxK+Gl16ZuMnxA+HGYps66+hYPLKzuWjsSoa67VOW2x8+n/8AZnsUcmcDlSWu1dl5x8OPiZaes6Jj4z4FSwaJoHu8zXjlegNfnfHKgqcNjw+yQgVEBdiRnIRmu1dl1QWQmvPdFa5cqIgXBwGExm3JUIHSXARjldUIFSTUkRANXSMqGEEb9ioEbpIH+BPnb6SrdBqaZlRGWkYPYqyER51YwVxRYnujkdDKdwdsqTnCnZCtvlogu1I6GVgJAOD6L53+KXw2Zc4X080Aa9gJjeAvpouCoepunae8UzsMGsA9kEoKSNWk1U9JZvifIXwq62rOn55+g+qvJBJMWMe4fQeF630Z1B/st1BJbKwa6KrGktLsBp/qz6f9VhPjH0BWVEX8YtkWm4W5xe+Hu71wfyCifD/rGLqy3Ns9fL4F3onag6TbWMeb7HYLkavTbuEfoP6R+p43VRSkeqfEPp3w5WXOkAw3DgQOQoVrrIrxbDTyEa2DG6tOj7//ABGB/TV7Zqlbnw5H7gjsAVl+oLXU9M3YT07S2CV2+OMrgXQ2Twfa9JqY6itOJm+rumo2NdIItj7LxjqayillM8LCMnzAcfdfTswpbtQaQ4EuH6FeZdS9PBkksU8QLH5wcJWODB5Tx3zxc0eGkZVtYqvwn+A8+U8JXOzPoal7HbAuOn7KEyLRv37FSLwzxMq3F4Le4wkya8ZBGxVSWEE7Yyregq/HYYJsOLRsTyg1NMGjUG7Js1lFqOQ/T1aaWsDHHActod9+xXnTJPDla9u2HAr0W3/71Ssl9QFkaeTu+OtytgxzAVFmYPRWTogOyiSNJ7JbWTqNFZJGPRQ5ogNw391ZTsyRgKPJGcKjPZX7K1wxlRjvkKa5pycBRi0nKmDHbEgTxgjb0Ve5pGcq4e0OyT6KBNEewRnO1FeUQjsnEZGF0jBwmJi7OXZHBGnj3BCLRzOY4BOc3UFGc0xkFNccmbOyWUaahq9TcEhWEMhY4Eb5WXoajQRnur6jqWuAJ9EuUcHZ0d7lgu4j4zdwmuaYn5AQYZwxwAU04qGAAbpLi2dyuW4nWypBGkkZUmpZqGVRwmSmnDjx6K7p5hUszjGVR0arHt2zIbtUEgcBuri11bJ26dQyoc1L4jSfZVkTpaCp8RpyPRKl+h0bHCSNZHOYJ26uMq7jf4oOcBZqGoFZDrGzmjKsrfV4/kyu74BSJwOpRfyXUDjG8HK0VvrM4GVmWtGMgqVQ1Zjfv2WWaOzp7kmjWyv1NaeVDqYhK3SU6mqBKwAndOdGT7LO1hnS4muCjng8KQgDYJzQMYCn1lK6Rh0N37qGGFuARjCoFkeSHJ2CiyUmncK3bGHjhClhzyoTbko5oC4aS3n3VNU07o5CMYC1MtPnct/dV9wpNcJw3dTGDNZW+0ZiTLeEWkrJqOUTwu0lpzzynTQ5GfRR0qytSWDNlxeT3P4bfEJt0ibbK0gkDALjghekt0kh0b/0K+T7VUy0FUyqgc4PYc7HGV7x8Putqe7wCkq5Q2UDAJ/yK5Wo0u3o6+k1js4n2eiwSkgAndTmSDSBj91TRuIcDjb7qdHJkBci2GGdZPJPyDwU5RWO2T3Eu9lnLD4CRaCMITSdQ3KKCAFRCNO1zSHDspFLUl2GpENdsoskU0bg6Lj0QNAFyw6xldGxwq6jqyDofz6Kxa9rhlIlEW0dIykBhcBxthLV7JO0g5JJJQoaCRwlqPdcXWfUFCA5A6OTxwPyUmOTUAfVNlaHMxhMgd4bNJ9VfQOMkgcp4IwoyLkq+wWtw9cPCakpgvAxziDgFIOce6akqyDk7MzWNJGQVl6lgtdydG0ERTduwd7LVnB7qtutBHWQlrm7jdp7grVXZzgYuStcdXCjvaSNJGxSpJS4GGQYfF5T74UmRnlBAW6uY3a+zxz4m9K6zJUxswPq2C8iLPBdpxwvqi925lxoZadzQXFpIXz11VYjbK9zCMEk9l3tFqUvtZyPIaaT++JnZGioiczG4GUO2VDoJQwuwWlHcwxuBAUOYBk+pgx3XV7Rx23XNSPcuiLw26Wz5OZ2XtGBlaWhlOh1M927CvG+iL06jrY8vwHEAheoQ1eisExPlfssltZ6TSX/ACRyaiikIGnsFaR8ZVPSn6XD1VrG/DcYXPtWGdauQVJN1hOSRyeTjvpKA4AZR3fSUF3J+6tCrARG+yFKM4UlmN8oRGStEJ4EtZIE0W2cZWK6rtjK+KaF7M7Fb2duBsFSXajEkJe1vmb+4XR09uDm67TqdbR8hXmjl6U6mkhwRBM8ub6DJWxt9Y2SBsuxyPVWvxh6V+ZpTXwR+ePzAgLA9I3X5iI00hw+PZfQvCa1zhsmz4R57xz0GrkkuGzfCD5qlD2fUDlajou8FkvykpIIGN1krTUOZLjPlOxBVm6KS31rayI7cn7Lv2wVkWjDodTLTWqxHsdJNrY05yQrKOQ6QFmOnbgytpWP1ZOkK+ikBlazGxXk9VVtk4n2Txd8boRsi+yyikcHDJ5U5mwBBVW06d/RTKWXWwErmNcnqIzTJiS4CMLuQkDdyDJIKSLIWRLjtxyunhDJOeVSFIY9u/KiVsRGKpv1NwD7hTUyVoeMEZB7Ii2iBr1YPCeOCosTi2V0Dhgt4+ylDgq1FMmBju6hTg6dxspp5QZmg4GFbQiaysHnfV0clk6hoeqqfyx6flagD+k9/wBlv6Z5kia88kAql6mtbbjap6ZzM5aSPY9lE6Bu0twtLqSpP8+hd4L8nfA4JVpYMlbcJKJpwMJJJJptG5KWM7JiSgJCp8B80fGl5UkHGVA80N3Lfwyt3+6mO3OxUAFr524UeTLZx6OblGAwo9Z5ND/VwaiawDIKXDB3CA0nVhNyR3SVipPAOr80Zz3CrYyWuYD+EYVrJuqh21TIOyNmWa3B378KHVN1t0HvspjSCwfmosozsjMV8eChjkc3XF/Q7AXHk+q5UOEVXpA+t2FyUasj02R4yc+T5JdPIfDDcZQKtgLNxnKdQvAZ4eN0V4wQc+qahU3lFXE/RIWk7+izvxEpxP0+92PpKu3gi5YDtvRRer4RNYpYxuST/kt+k+2aZ5j6gpWo8fbX/Y8JZkNAH5qVSjBQg3DyMd1IgBC9NS93J+arVteCWOF1JJEJAuOnjdQblUkQOGADurEgEgFUN5lDS8Z5We0bTzLBTOcXOJPdCcnjuuDlZG8M6ceEFi7KbTnGD6KJDwFPh4C1Vci5cj5H4bwoM0mrbClykaeVBlO+Uc8gwXIM5duixMJwENvOPRSogAAfRCaowyEjZv8AdWFNHwcKLG05ACsqePDQStNSDa2rIeNoGPVGA8vKZkD7LjiMLoQRlutwDPKYST3XHTYOMIRmyOOU9ywYn97CB3q4Ksudc1h0MyfUhGnnDGlxPZUNRK6aUuyudqtTLGyI2qtqWTgw55djlGfgNCHH2yNymzuAaBlc3OOWbEs8A558eUKL31ZymyEudkHddYMDcpNksj4rajheXEAdlaU9MxjQeXHcqNQUwf8AzXtz6ZVmcMbgbK4gTnnoC5ukb7KDUzbY2RamUAYVY+TU48oZ2ei64+xkji92SuwjJKQaXEABSYINwSFmy5MZKSSJFPFnGyntaANkOCMAA4UgDsnxMs5ZGxg5+ykxtzpJHqmxx4PCkxNI3ITYLBmlLA5jMY2UhrfKkxoI4T08zTnuEnjlNDXHspUUOwJRxjli8nI484yEYhrMED910tawbIcTS925WmMFgHmTHgOkIwOVNggDAD/qlT0+kai1SA07ABTCXLPRaDQJxU5C0dgnBmTyk1pzjKlwU5dgkK1I7lVWMI5TUhdhxVk2JjGD1CUTWMZxjCjV1wjp2a3du2cKG6MY1R3SH1FdFSRkuIzwBlZysr3TPLjv7eiFV1wqpTKAQPRRHya+Mozz3kPIO2e2LBOYC8bZ3UnyxsGcfZNDWxt8STnsFHLzK/ZxUOI7cBDrlcA3urCjg8MgkZKDSRNxkhSpCGD7IJPHA6l7nlkkvYxmNQQo6g6uxCrpakuOASFJto+YmbDj6jhY7ZY5PR6D/UkoHoHQlA6Vz7hIzDR5W5/zWwnl83OeygWimjoaCOBoxhoz90QanPJ3wuXY25ZPqHj6lRSoBvqXdPunsZgJEgd+EtPJ0sjBgclUl/uBZijheASMvI9PRT7nXxUkfiSH7DuSsTW1jnyOlccl5zyulo6HN5PL/UfmIaKl1xf3M7LNoGC7OfVVrm1FbUMpqaPVK/gBcmldI7AOF6p0L0NHao47xc4y6pfu0H8IXodPWqVk+G+W8q5N/Ix3SXRVFZaFtxurWmrIDgPRaGOhqbtO2pqdoGnyMO2wUv5J1XU65nfym7hqmFklS4UdGMZ2Lh+EI7J5PE3Wytk5SY2QzAtoLVCHSnGojhg91orR0+yjxUVQDpXc+y7abfDbohHGCXO3e88kq1fKGAY3WWUsmeTyFaW9hsFHmqnTOMMOwGxd/ohyzSOaWRnGeSpdNCyJg2AJG6EQ+WcoqYB3iPHshXC6QUbvCwHKPc7mIGGngd5jzhUEkr5sl2SQjig1HHJImqH1EzpJJMg8b8J8TMtJI29U6ktwfD8xWfyo2jU5x2wFmq+6VvVFa6y9OvMVBDtJUEbu/NE2h1NUr5bYI7deoJrhUjp/pzM9TMdL3j6Wfc9u6n0tusXRFvNffqw1VwwCx342+oYP0z+Se2q6f6Lom0drY6Srfl31bk998e6yNT/ELrVvr7lKHyy8/Ydkuc8dH0P6f+j7NTH+RqliAO+3iv6przNLIW0oOI2cE/8AzU2OhdEAXM0gDYIzvlrfH4zmAuHCZSUdz6inaRmOInf7LLOw+mU0QohtikoIEKiWtk+So2kNH1uHotPabBT0TRPKwOe7fccKzoLLDaoA0sbqIyTjdMfWCQ6G4ylqLteDka/ytenrf3YgMllMpDAD4Q2P+L7KtvN9tHTtGaurd4f9LBu5+OcD2yP1UK93/wCQmbR0Q+Zq3ZxDFvxjk9uVJ6e6OZFUN6g6sLp6vGWRF/8AcY7g8LbVUoLk+deU+oXqHtg/sZXW/p6+9byGt6gjFHaJhltE3Zz8ciQenG3fdamW5WLp2kEdPFFCxgw1rAAFAuN/qLjN/DenaaSrlk+ks2BK1/SHwgDqmO79RvZU1DN2taPI0+ue5UnYonkb9RKb5ZmbHYr91zV+NCwMoXfjcefsvVumOhrV0/A0up2STf1EZWipKGChYIoI2saOwHKkLNZPcY52NsBoI4bgDsmnHdGcRg7KK44zk4wqWfZQ/SB3TA8d+AqSs6npzIaS1QvuFV/3UPA+7uB+qZB05frvl9/uJpqc/wDwVNsx3/OeT+qW5YIK4dXUNPO+it9PNcqkDZlKNQaf8R/CokNi606ija65VVPZ6OTOY6Xecj0MnK1VstFutjS2io4ovdo3/VTQ0BT5MEKOxdFWGxx6KWlY6Uf/ABDxqmJ/5irtrQNucLoOM9k1reUpyyQbpA3CS65cRIh3PC4kmue1n1HCsg5I7BR3Vbclse5QHmsl7YaoQPJUNZsVHFT4mRHyuCDV/eZ/VPEQHH+ShAZbPnMh2K5oOcqQkoQDgLuAuZCRIwoQ4BldIzyEM8pagB6oo8kFpI3yhPlJ2wuPqmtOl3cKK6sjbs3f80UVjkgfJOUwyNYMucoplqZc+CExtHVy/wB67ZFgg6puVLGcOcdvRRJK2qqiBQUxLf6nhWMNup495Bko+ljANIAHor6IU0dpr6sj5ycsjO5aw4U2nstspjqEWpw7kqRJPtgILiSOVCB/EiiaWxtAA4Ud1Q45CESc8rirJBzpHEFRXAZP3Ug8KO44J+6iIdLW4OyDrHojPOBwoUkwZk4491aTYZJB2IATH1AZueFUVF8EYIa7Cpay61UxwHbFOUckXJoK29U8QOHbgeqoau+yT6mxuyPuoJcXklxyhhmEW3AzZxkbJO+V2Xc/dC0bndPII7pAc7qZKGub7ppA9V1zsnTjdW9n6QvV1/mNjEUP9biizhB7sFE/LjgDdXNq6PulxIkdpihP4nLe2boyy2iMTTf7xUY31bgKzL2RtPlDWjtwlStwDKeeCgtvSNstzQ5zTK8D8e4Vq8RsAaA1gH5KLcr5TUrNYIcR2BWZrbpPXP1F5a09gh5mAsstbl1JSUjjCWlxOwwszU3S43OV0LXGGAHPONkSRjDu7coD5QGaANgpFYDjHHI4UNDGQ6RwJ990b5mOJumPAyq97i5265k+qcRrJLM8hcXF4I9Fz5trO2Co+UsE/SMlU3go7PV1D9mu2UNziTqc7JVnTWqtrHYZDgepV5S9JwNAfWPDz2HCEmV6MiIaichkURdn0VhRdJ1VQ9rqpga33W0gpaWnaI4YWjAwCBug1NZSUUTnVM4YewUKTeSBS2Kgt51CNr3HuQpRAjyeAFnbl15SUship2CVw/FjLVlLl1Vcq57g2ZzGHsDhW1kZtcze1t7ttLGXvmBI7ArN3HrhxY6KhjLR3J7rKNlLj53Ek9kjpAzlUGqx9VdrjUyl8k5weBlRgSSS45K65wcdwmlwwpjA2EEcTclcJGUN/wBJVZNCikGLh3IQvFJOMIZJzyua/ZMKwFyMIZJXMobnAgjO6hAmR6rhIxyo5JJ5XMlQh1xJJ3XExJQgkklw8KBjUkN/1FcUIdakcri4XZGMooywQakmnlJFnJBJJJpIwixuCUcnEk08rivCHRjgRQyTldyEshCW3k6kmZCY94ChQ7ISyFHMmDwuGTIxhL3l4CFwA5QH1HIwmPcSc5KYrLOl7ycpvmRdDfRLQ30ULBroOFxJQIekkkSG7uOB64VN4DEATwntjJ7FRqm6UFDEZJZxkcBZe7dcyPJpqB33KW7Uh0KJWdGtmrKOijMlTMGkcDPKzV06zcGOgoGEA7aj3WUlqKmtfrllc4n1K4InEDdLlLca6tNGP5Baq41lcNNRKSAc7FDABGCPzXGxOJ4ypDYiNyEEotmhRUegAjx2Tmx47cqQGZwAN1Iit9RIR5cA90OwtvBAMWMe6kRQE4AGSraCyZw6YqwgpIIdwwZ+yoVO1R6KWC1zSEEjZW0FsggAcdypmwGwQJ6gN2wqEfK5Me1rWjAACTjgblRTU7HGVFNTKchzsom8F99k2SUZ5CBJUY4CA5zjucqNNXxQHDyP1UdqyMhByP1aSSSX41P2wMSSSUINc3PdQainc14qI8hzfQ8qwTHNzsoC0dp52zxB4O/dFUCIPo5iCCY3nt2U8EEZBULaysC915p8QLVWdNXan64ssIbG1+m6MYPrhz9W3cbr0tMlhiqInQzRtex40ua4ZBCgtZhLJVWm40l2omVtFLrjfwVIlYDgEZWAsfzHw86hPSlSddur5Cba8nGkk/3f5AjC9DcM4ycZ3UHZyiDROdSVZjJOlx2V80YGVVz0+cEc9k611b3aqWZ3mYdlDPOOei2SXGrqgh8D00kFdPC4TjYIZPASkU/VnT8d9tT6QgZG49ViOhb5UWq4SdOXBxxHlkWrtg7L1EnK8++IvTkrYmX+gw2eF4L9I5CKuWXkZ3HBvDu3GR/1WYbWVHR3UUcpINru8hhmzxFK78X54/ZE6O6gjvlrjeXjxY2hrxnuFcXG2013oJbfVMD4phhwPb3+62xZjlXh4fR8lf2gOhXfCX4nN60ssRbY+oH+K0N+lkuB4jM+wBK1XT90gvVA2KbRPTzx4YXDIe3G4I9N+F63crJRfFDom6/CzrF7JLhRx4jqDxpA/lVLfUtDd18pdG1Vx6N6nreh7wDFPQS+DpIxh45/zXvvBa/5Yqqfa9nnNdT8c2vR4x8Xvht/7OOpsUALrRc9U9G8nJYfxRn2GRj7n0WNjfnlfanWvRlk+JnS9T0/ciWGVuqCUcwyj6XD7L4uutquPT19rLFdacw1FFIYyD+IYzn919V8bqHZDZJ8o+L/AFJ4eehtd1a+yXP+BxAeNXdFpZyHNiPCCyQFq60hjwccrrRlhnk5dFvsAMHKUfIQoiXMBUj6dgE9ciGdSSSRlBkkklAJjkkklARJJJKBCSXcFLBUIcTUVNwVCZGLh4XUlCACDlcwUctBOSFzQ30UDBpJ6SEgIbrukDsuJwOVclkgI75GMKM5gP5qbp90J7M43S2WngguYB3/AGWi6E6tq+jb9T3SGV/hscDI1p+oe6pHN90w4AKw63Tw1MdskdrwnmL/AA2qjqdO8Nd/3R9wWe4UnXHTUVxpXNLnjLm5yQVQT0ctFMYpGkY4XhfwV+KUvRd4NJcJXOoZx4ZBOQzPdfUl0oaa6UTauDDtTdbXD0K+e6qmWltdcj9VfT3mqPNaSOoof+V+mYwxNqmFoGCNwgU4cXOik/Dspro5KSXDxx+6bVQiVpng2J5Wb5MM7k0pGc6i6eguEDgWDOF4R1v0YC6RjocHfBwvpRri5ul43CzHVnTEV0pnSRMGsDJC6ek1nxvk8b9QeFhq6ntXZ8eyQ1lmqzDOCWZ2PZXVLXFsjHjgLVdb9JzPD2Nj0yMJwccrzyCSWimNLVAtIOASvWaPWfIuT4D5vwU9LNuKN5S1EVTEHsIPqPRBqadrwqOhqpKeUPjOx5HYrQwzMmaDwuxXNTR5SUNjKWvt2sDScEcKPZ7zLQVHhSOOgHG6v6mEOGcLO3K3PY8zxNyCdwETX6DjJTjtZrKqlir6cPY0EOGQsu7xKGqIBLSCpXTd3ljlFHM/LD9Oeyt7nboa3cN0u9QjTwSS+N4NT0Z1YHNZC5+4w0tJXo8M4cBtsV84xyVNqqhuWlp2PqvWOj+qvmYI4amQE7AHO4+6dCeeGcTX6TH+pUjfjcIyjN4Hunp6eezjD0kkk0MSSSShTHpJJKC2OSSSUIJNTk1Qgk5p/ZNXWqpdEIHUPT9F1Fb30dVG0yYJieRu13svA7tQ1VouM9trYdEkDi0+/uvo7uFjPiF0nFe6SS6QsHzcQ5A3cPdIaOlotYq5KEzxd7cg7Krq4BnOMZVu5pBLXbFpwfuo1RAHj/VIlA9PXZjkoJ4dwAF23yvpps+vKl1EWDxhV8jPRZJrDNcXv4NHFMJWBwRVU26ujbpp5TjPBVq06zsrT/ZntjtYlHljz2UlMk+yZ/crosuiepX9J3gTvB+UqMMqf+TPP7n9V7xcoIrnb3Na4PjkbqYQc88FfNkrQdyvWvhL1Qa2hd07WuzNSNHhOJ+uPOB+mw/MLRRb92Gcryendy+VLk9O6Wrf4vaKjp65sD56eIN83EkQ2H5jP7qq6Uq6noTqR9qmkPgSybe7CUCWSe03SC5Q5Gh2Hgd2nkK96kooOo7MLvbsfOUfnYRyW9wtk456PN4zw+j15z46qlDojlkrQQc9ilQzmNopJ/wnykrC/DnquOstsdFWPxI3y7ncey2kwwRIBkY2KW1xg51kdksHjP8AaD6ArbRVw/Ffo5hhq6CTxa3SO+BplPucEH8ln7pX1XWdlt3xa6IqGRdQ2Mh74c7kN+tg/bS0j6F9GU7qC4Uz2VELamGQFkkT92uaeQV8x9SWur+AnxHDKV0rem7yQGnGs6PUejmO7f8AVZZRa6OxodRK+v4n+cVxn2vaZ9SfDb4hWr4l9LU/UtsAYX/y54tWfClA8zf1WqXyLZup3fA74iRX+PVJ0d1aWmuFPvFTyEgtkYf0O/4SV9dxeDNCKinl1xu+l2MZR1Pemn2jneQ0saJqyr8Jcr/7r/oIcorCMAZUcjBwntJzyntHPJSS4OF1KIOSSSUIJdzhcSUIJJJJQh3JSyVxJQh3JSyVxJQgkkklCCSSSUIJJJJQg1JJJQglxdSUJw+zxn4pfDGrtNVJ1/0C10VXGddRRR7CX1I9Fd/DH4mUnVdE2mqneFWxbOjfs7C9Ojdp3XjPxS+GNwoKt3XXQZdDWMJkraVg2mA3y399lDRGcZLEj16N/tyjg5Xl3wz+J0HVFMyhqwIq2Lyva84OR2XpLJCBuoKnHD4DSN1D7KI9hbuFL1+yG5upQojtkIIBRmPyEKSPcEdkxr8DBUIS8j1Tsj1UQEl2corHDYEo8EDpDdcBGNyuqiEauoWTt1gAPA5CqY6h2owS7OYcD3V8BjuoFwt7JR48TcPbucd0cZYIRC4+q62U4wVHD3NOh43RdkXZaMt1j08+pAuFEwFzQfEaBu4eq+Ufib0XcejLuer+nMsa+R0tTCG7u33X2u7B7rBdb9GtuNNURMjBjqONvpO+yRdUpo7Hh/JvQahSPE+meroupaemvdtqHQ19McVB9+235Fer66brvp4MfoZVgc/4gvl69Wu9/CfqYVby8290h8gbkSAnZpXrnQvVtDM6K6UM2qOTAc3PHsV57XaTHKP0l9IfUkNS1CTwGp/munbi+ir2ODHHTnsPdT7tQw1cJLmhzXDIK0XVNoi6loRcreQZGt8ze6ylpuscoNrqTpliOkErivMHg+qb4zXJ5x1h0tqjc4REkAkEDdeYzwOjc6NwILThfR12oDISC0cceq8h6t6blpZzNGzAyc7cqNZ5PM+V8d/XWYqKR1PMJO3dW8pZU0/l31b5VXPCew3C7aa/w5DA/wC26Yn6Z57a4PDGSRmJ2Butf0jc9cfysjtxwqGtp2OcJGN5G6bap301cxw2Gd0ucUatHP47Uz0Rzc7KJO0DgcqTG8Sty30Q5IiUjB6VfdyV8jBzhRXtDtuFZSRHGMKBM0sOcKsgyjwV07A05AUaSLG6sHtBxlAcz0UMNsSslafRRJWYHCspWgHhRZmggKGC6PBUTtBdsEBzduVYTMwdgoMoPpwii8s5N0eRjOd0OZucEDdIAh3KccFuE9IxuOQbCWnZWdFUkENKq3gxuzjlOZJkbdlHyFXZKt8Gsp5tQa7lWtulzMA7hZW3V2CInK7gkLTloz+aXwjv6PUReHkvamDxI9cWDjdPttTob4ZHCFbKhk2Gl2/oUaroxCROzIzyAcJM0dyucZ8xLRj2yNAAUGupABrxlKkqS0AOCmvf44HZLwPb3FZQV7qSo0yjyEYV60tD2yN3DtwqO4UWGeIwcItnrnk/KzHIx5SUDjkKqc4vk2VBVeI7Q4jhSQ4sdkDCoaSZscgLTwrmOdsreOUiyvB2dPqOEXFuriC1pIV8x7ZGBwWOgf4Tw7fZaS2TNe0ebO2yySidzT3Z4JvOQoU8IB1AKad8LskIewJL4Nqw+StaMfkuuZlHfAWuyBjK6WAKuxsV+yE6LPZQ54Adi3IVu6HAJIUWaLPCgNleTHXGlNPM5uMNduFXOiPI7rY3O3/NU+G41t3BWWe3QXMeMFpwVDl6iGxkeMe/CsrVcam21LainkIIOcZ5VbINDtu66HFw9Eu2tTWBdFjhJNH0f0N1XF1DQhjngzxNGod1ronEHBXy9031FWWOsjnp5iwgjO+xHoV9A9L9TUnUNGx7ZAJgPO1cLV6bZyei0+oVvBqGPyEZrvZV7XGMjIUiOUEfdcqcMG1cktOkztugA6iMI4kGkA9ksh1riThPyA3dBTt+xS2sE6I79UUhmbwFOoqjx2A5GUBrWuBDhlBla6lIkgz7jPKEBl2wADY5yukZVbS1bnkEjf0VizjJKABrBxJJJCyM65cXXLiUCFQnswirjxlqgKGxkb7oyiAFpyjxv7FWmW0ESTEleShJJJIWQaSexTTuE5Narg8MtFHc6M08prGDDTs8pjZQ9o991dVEbZ4nQvGQ8YWdbHJSSuhkydJx+S30z/ZojLK5CTM8uRyvOfiN0sytt5rqduHxHJwvSh5hhVF0gLg6nIyHBdSieHkVZDesHzRPTlpw4bhVFW7RJgheg9b2GS2VzpmsIY84OAsBeYXxME7RsDuvQaazeec1dWxthrbVmGdrmnGD2XrNquoq7SyfV54wAfVeNUM7H6SPRbzpe4RupnUwB1A5+4WmyG6Iei1GOD2Sw1IqaKKbOTjBVy1yw3RlweXSUxOWt8wWzY/Izjlcm+vk9JRLMUyQCco7OFFHKkM4WM1QeRyYTtghPTWqFpZAOcU1GezG+ULV7JsUDKOEDkaHDdRZomuaWkbHZTnjIKgyAgkLXTNwZmtWUYTq2zsq6WaBzMggr5jvFBN0v1K8aS2J78j0X2DeIGuizp3XhPxd6YFZTurYIgHx+bIXo/F6x12JHz76t8b/ACaHNLlFVbasTRtlYdyMrU07xX0IZy8DC8w6TuhLPlpHedmy9BtlW2F0buRndfRabFZBSPkkIvo03R9zdSzmklONJxuvRYpxljxvnfK8nl/kVMddTnyuO+F6DZK9tZSMIduAuRrqeXI999K+Q2v4LGaiOUPG+Mo8T9BACq6d2HDJVg12poC4NsEmfR6rtxZxvLmgpwJyo1I8BgYeykAg8LHOODbF5Cg7cpZHqhZKWT6qYGpZQUkY5Qjylk+qSiRaQxJJI7KyyBcYgzTPGMFp3+ybG/U3OOVJmIlGkjbhVsBdDI+ledm7s/5UZCUmOGQnpqgMugMsYOMBYBrXdL9dNLDppbuCNPbxO69Ecsh8QLW6stnzcAxPR5qI3DkFuCqnnJitW37jUg5JHouqq6cuf8Ts1LVucDI+NuvHrjdWmpNj0OrnuimwaSSSssr7iPDrKeoaPqfo/VHI3KZc49cGrG7DkH0K5GSWgk5yAVAB45QrgNUAwN2nUnDlKpGqleOdijFzZFbnSHH8SchwyeJTRHG7dj+SeDkk+qgtjyMqlqBiqcrpVNfGYnGfHKYxEl6OMJwmPAwns4TXDGMokY7OzO3OPTNqA35UcOyzOcqyu0eS4gcBU9O8+GGnkFPhg5Vz2zZKopP940k9lPc0A8qqhGmu52KspAchGhSeUUk58O5jKBfMy2qcHsCf2Uu6BrJmPDdyNyo07vEpHtx2WzTPEjha2PyV2Vv2meHvaBK8Yx5ijwjAGy5WN0V1Q3GMTORG4wML0um/Hk/MepW22UX6Z1Oamp34Vol0IGS4+rOwWXusolmLWlaKvfopzg4WTkJc9z3ckrn3yNWmjzkZwEJ25RJTxhDjOMErPHs3YwSIBuFObjQFFjGCEUO2IyttYpnJn+blRzg90pjuMFBAJPKsZBDmNLnhWELSMZ7qLBERyFY07c424Vo0wXskU0OojIVkIgGjfCjwNDQBhElJ089ltrSwDbPCHOPoUN7sDcpjTvueyZIfda1wjnWy3DQ/fhDmkDBjIXdYAKra2bsCl3XRgsslccvgFXzuewxt7qLFDndwT2tLnZcE4va0HAXKsnve41RQJ5EQx6qvqZi46co1XPjZRC0uOVmk9xojHA5rTnUe6K1hecAIcQz5VZ0tOI93DOUMY5Lm0kSIGiOIADG3CBUzbI+WtBGrkKprKhpOG5IRPCQmH3MFUSEnlRcHOV0uLnZUiFuwyFls7NS+1DoI84BG5VhHDsDhNgiaADhS2swNgpBGWyZxrSFJjBaRtyuRsxjZSI25OcLRFZMdln6HsYOcIzcDfC40DCfpPZPjEU5ncZT2tIICexhJGylxQYxsmxiIcjkMIOMhGk0tZ9k55EbcD0QGsfI7bZMT2spRcujjS579OM5U2npi0h3quQQhuPKFPij2Gyenwd7xfj9/+pMUbMDhEwE8NAGEmscd8H8kuUsnp69Pjo7FCXuAAyrOKDSBkLtNTeDGHuAJO65V1cUUep5xjhVk0qr4o7gdZMynjLie2wWWudZ80wx4wu3O5STPIDiR9+Aq18vqmHnPJ+QdjaizmstAHKJC0tw942TIoXSu9ANynzSYw1o2GyI4M5jKiR0z9LRgDZGp4Q0Ake6HGwk5wi+LoUExeZEiJwb7KBcLm1zvCj7clNqK9reFn3VLpJDt3KTKWDdVJIumVOrB5ytz0JZ21VWKqUZZHhx+689tbDVTNi917V05RMt1tihDMPcA5xWHUSye1+m9PG6fzPovA46sBTIWjSCeyhwAuI2U1n0hc6bPo1XCC7AeiiVDxE3UXAAI0pw3lZq+3QsIpon4J3Kdp6HbLBl8h5CvQ0uybKy93H5qYudlsbNmg9/dZ2oqHPflp+yPX1TZX6GkkDv7rb/DroSSoqYr5dotETPNCx2xJ7Fel02nVMUmfCfqLzi1VspMs/hx0E2Jrb/1BCDIQDFER39SF6G1rp3kjZrePRPwNgMaRsAEF8s00nyNFjLvrcOy2NpHzy66V0nKTEWz1D/l6KPUeHH0V9bKBlFCGgDUeSm0VCyiiDIgdX4ndyVMbsMErNOWTK+QuQwZTCXyEZTW5JR2gAA5wgFvgfE0NIc5QrndWwt+Xhd5u5QbjcAweDA7J7kKJDbjVfzJ3EOVRWHkpd5BtZUVW8bdWeSp0cNDZ4xW3SYNY3dElmpLVTF7yGtYPzKzr21XU07pqxumkGzIztkeqJtHX0PibvIS/wBNfb+wdyrbj1sHUg8ajtRcdQZJvJ7Zwj1VZBaaf5C2xMbI4duT9yjVNSyjiFLSNa3S3Ax2VFJGWudJI8ueTkuJws1t21H1Pwf0xTpsWWLkhNhe+R1TUkySk5JPASfUtORjKgXC9S+IKGkZrL/qcDwtNYujXBray9RebA0RHcY76h+izfM5HuLf/lYZnw/0Vlq6Yr7o81tQ4/LgjbHHpla15oLLSBseBp5I7oVVeny1Ao7Q8Ol5kl/DH6A/ff8ARQ3xQ0MDqiunc5jN3OcOPyR1V/I8s8X5zz9emShb+XpCkq7hdZHztBFMB9WcKgu14e+oFo6ZiNZcHAh5af7o+mEx91uvVL3WjpmEwwv2dVE7Aezf/VX9PRWToO2mOnBmuMu7jnLpZPT9yuhGEK1wfL/I+Tt1k/veUukDsvTtL0pC+7XmRstW4ay93+imW2xdVdezvexjKK1l2zsYLwr3pf4Z3PqGaPqDrqQFgcDDQN3YG7/V+y9bp6WmpaaOlpoWxxxjDWgJN1vpHHnN4KHpPoizdM0oZDTtfJyXuGd1omS9gMBN4XWs2GDzwsbk5GZvIVIkAE+m6pbx1JRWw+E4uqKj8MMHmcVXtoOpOpg11bJ8hRn/AIbDiVw9HFX0UGuvVlNTvFHQwPr6x+dEVOcgf8x7YUePpq/9QaT1NcPCojv8nTDQT/zv3JWit1loLRGY6GPQHfUe5KnNQufoIhUFqt9pi8G30rIWejRufzUjV7JxJ7piU3kg5JJJWQa/PY4XWrqC6YjhqhB5IHdDdNp7ZQiXOTmszujIBmmqHnETUIQyPwJXZU4NaOExzfdQgLwWsxgfmnDghPXDwoQGeVxdPK4oQcSMcoDtyUi7sSUNzgBnlQh0gobpNPKa+WU7R7IAp6mQ/wA3cKEHGsDSQG5yguNTMQGtwCpLKaNhzp390XIHHZFGWCENlBLJtK3b7pwoKdmPIpjZSNk1z9W2EcZZIDaxjBhrQMLmvI4SXCA0Ek7ImQY8knYoXmLdyh1Fxo4Ml8oVe6/U8rtMLx+qohOfycoRl7YQPGL/ADZO6cX4GcKlJsg4numl7QOR+qCXEbYQ3lkbdUj8ItpCQ6owdgFEqawsweFX1d3p2eRr91R1dyqJMgP2RxjkKKyXNVeBH/xVR1d0lqJHYecFQXOfK7zHP5rgbjunKIbWAznukOpyad+UhslkKFIS4XAdwkTyBz6KfbOkb5eXN8CnLGO4e7YK20uw84RVmVu+4VnaOlb3eC0w0+iN/Ejthhb6xfDy02pjZLg0VU2PMHHLcrTmQMaQwbHlInauog78GbsnQditETZqz/eakc53AKuZXsDdEQDW+2yi3K5UlGzXPJpPYDusjduo6qqb4VvBa0/U490Ed0uxbbZfXK801ITG14ecc5WYrr5U1TXRt8oPfKqpHuO8jjq7oTpzxhFjIQZztTTqdn81GdOQSMJEk91wMwcoo4iQRe9w3KGc91J8MYAOxToaGWoIbE0n8kTCbwQ0SOMybAZPotHbuk5JvPUDYcrQUVmoKEamwNLj67ofkLlLBkLf0zX1gD5QImn1V5TdNUtEdbiJHfbhXctRBAdDyGZ4CyN4+Iljt+W0kvzj+xiPlP5quZFJOZo2MZBnOGgeqo7x1lY6AuDqkZbtxnK88unWl3u0hLJnRRnOwPKppsyEF2590eGNjU1yaq7/ABDrqrNPb2CFn/eAYcfss5VV1fVDVUVL5NXq5Rg3CeSNOkHKg2NYz2SwE08pIxqikLJS1e64SMIJJzyoXgIXc7oZcVzJ9UlCHclcSSUDGJJLjnDHKhBpIAO+6ASeF08rihBiSSShBJJgOU0nKgSWRyS5rC45wIwCoWMSTTyuKEEm5KSGeEUY5GRhnsfkeqahZOvGU/O2E1YiGoex2QmavdDfIN8FBLyDkkoHPBWMErIHJXCRjkKFJUY2CA6pkxhuyDeMJbngHlMdLgcqL/Mcdyd09sfB3UykQTql4PlCXiSP7BdeGjBcgzV1PENzk/dTchkYNh0lVS3yEnS0b/dcjuLpPqOQqD+Nrssdv6guILXFx3JRmluOURTjgSSdgDlcL2sGScBU5IAWCujDRl2w9VCq7vS0w+sE/dZy5dT1UsZipHYyg+RD66ZTZpqu5UtMMmUZWZu/V8j9VNCMgd8qhk/iFSQZM/qnNomEgyDdJlLcbq9PGHMgU89RVbSOLgmR0RznGMqwjpmtwMI/gaiGtG/2QODyO3KHCIcFM4dkYQ777KxprXUOIdpwFYR2mHAdL27KwXdFdlEyl1EFrf0U2C0yzYy0gBXUMVNBkNiGfUroqA3gJhnnc/6SLT2aCPcjcKWxjGjDcDCa+rAyFDlqz+FA2sA5nJcsnvGBnKhzVbGHB5HZQ5qqdxwHbIO7uTlKbQUYBp66VxAi2HqmOkc4bqJLcaKl3mlCpK7qkOJZSMIA7koZTjHs0R005Pg0b5hENTzgDlV9VfaGBhMby947BZia41lTnxJXAHtlRSzO+Vnldno216RJfcW1X1HWS5bFhjVUy1M851SvLvzXMBdS5WZNKphHpH7KpJJL8in6/EkkkoQYknrh4UKbwDmAxhdgOIw30XHAk8ZCTWkEHGFBe9hUlwcLqhRQ9b9KQdW2Z1C93hzRnxaeXGTHIOCqLoHqWW4w1Njvkui7WkthnYRgkY+rH3yt6VgviH05cmS0/WXS4zc7cT48JO9XB3jz+WfdWw84NiHggkHOAq+pY8SfMQnS4ei501e6HqWzw3WgdlszfM3nQ7G4U18Rb+H91RJLKwTLfVGphBP1DYqXgqipZnUM+Q3LHdsq9ZK2RrXAbFQyzjhnEkkkqSyAEBwg1tPHW0zqaUZY/kIx24SB3VRk0w4yyeQua/obqYyM1CkqHaXN7BxOxC9TpKmOeBk0bgWyNDhgqn6z6divdtdoYBKwFwdhZvoG+v1S9P1riJ6bdhd+NvGy1wky5vcX/VFrrGyQdR2CTRdbYTNFGDhs7R9UbvYryf8AtIfD2Hr/AKOofjX0G0mvt0emsaG5PyzQMk98scHDGF7juQM8hZF1UOguoJayqY13Tl/nDK6PhlPUOBAlxwA7Ol3HK6+i1MtPPemcrU6dajhdnzd8Per332gY6VwEzBh33Wa+O/wwd1lZWdTWOEfxi0RaC1o2np+7SO7hjy/crXfHP4XXH4I9ZQ9Y9MQuksF0qDhkRyyB5x/LAHDd9lZ2DqCnulK2vt0x0O75X1zwvkI2xV0TxfkvHrWVOqzo+IqeoLgjh+vsvXfj98LZLTVO656aodVHUvAroIxjwHf1tH9J3/Qrx6Fw1YXt6bVZFSPjnk9Bb4+347F/j/BZ0Uz8lrjnHGVYMIwqmIljmkd1YxYIBJW6vo4syVkJ6ADvynjhOBbwESSSUEuWRySSShaeRLoBykOUTYgbKBiA9UsBdXRwoBN44OaSuFuBwnpYyoKU+QBHolgomAuEDCg1PIFJPI9EsFQMYmu+kpySAm8EQcpYKJgJYChASEpCYhDAvZkcqPpPdTiMoLox2KU45DTwQXN43X0R/Zz+L4ic3oTqisJg0k0kr9y32z6cL59kblqjRyVFHUMqqaR0ckbtTXNO4K4nlvHrVVcctHsvo76pn4DVbbG9jPvm/WWF0vl8urghZWaGagmLHjy/sQovwP8Ai7b/AIi9P/7P3hr/AOPUgBc7tM3H1D044WvulvY8Oikbkj6SvAWwdU3Fn6i0Osq19MbqZJpoy0kLSPFi4PI9EB423UnL6WV0EzcB2wK7JBpAI4KqEnFmq2CaMH1l0tBcIXTwQjxMZIC+e+uOlXPLnMhLJW539V9Z1MQznCw3WfRcNzhfU00QEnJaBz7hdzQ61weGeC+oPAx1MXKKPlGhq5aeT5WryHNOAStHQVhyG5ROr+kJ6GeSRrCCDnhZ2grHNcWuBBbsQvW6PVKaPgnmvEvRzbwbVjxI3JIKbNE07gZyq631YkABPCtWgOaD/qupGW481hw5M5drZJG75qlBBG5AVn0/fWVTRSVpxINgT3U0xh+zhlZ+5Wue21HzkPmjJzt2R4Gb/kWGXt3tzpma2b43Cq6Ksq7RUtlYXDfBB4IVpZLoyuj8F7gSAmXiiGkuaOEaBT28M9Q6S6pirqZkM0uTjAJ7exWtjlz+fdfO1nu09rqAWvOnK9e6W6pir4mRySDVjAOU1M42r0UYt2Q9mw5T0wcBP909PKOUJEJyhp6MGTwJJJJQASSSShBJJJKEEkkkoQSRaMb7hdaupbKSzyeWfEfo8UsgvNqptLHnE7WjYH1AXnsjCRkr6QmhiqInwTsD43ghzT3C8c646Rq7HUuqKdmuhkJLC0bsz2KU1k7mh13VdjMNPTiQHZVE8JackbK/0qJVwhzMAblY7IHoq7Eijc3DgfRW9vrg5wjcMKtfEW87LscxieHhufzSOh80pxNCJPZKVucIFHVNljGOVLTk8oytbWRHN91yjrqm03OlulIcS0sge1HezGN0CRmRsMq09jyU1uWD6Lt10pOpLTDdaYDw5RjGe/cKy6frI7a+Wlmf5Zjhm3fsF4h8LeqnWu5t6fqXEwVoIiy7ZsoOw/PK9jezSQ7G43C6dM98cnktZpp6abi+vRKdCbRem18R0wznS8DYCRendPXiG7UxhP1sG+/IXndNMy50xp6ljS5v7+/3VjZap9tqWOYSNDsOHq1W+jmWw3PJuBI60VBcW5hkOdvwofWPSVo+IXTc9mrnlombrgmbzFL+F4+ymRT01zpwcBwI3BUB1wf07VNErXOtcp/vTuYnen2SWuREG6pqyPaPnbpbxq6lu/wV60Hh1UeoUmvfQ4HzBuf6QMtXqH9mP4i1tLW13wX6zkDbvacmgc/6p4gf7oeunZzf8H2Rf7Q/w9muVFH8RunXuZeLUBM9zG51xt/F+Wf3XkXVFVWdU2m2fFDpyUwdTdOv/wB4DNyQwgbjnbP/AJFlkmpqS/8A3R6KCq19Pxvp+/8All/7M+3vc910crEfCP4jUnxV6Pp+p6d7Y5cmGqh1Z8Odo8zfuTnC25aGjJyPutUZKSyjy9lM6JyrsXKeArSNI3CJkeqiDIPKeHbYJQCyRkeq6ooJznJUkcKEOpJJKEHJJqShBySSShBJJJKEEkkkoQSSSShBJJJKEGpJJKEEkkkoQSSSShR4/wDFr4Z1cFeevOhcxVrTrnpY9vExyVZ/DP4mU3U1M233E+DcIfI9j9jkL0sHC8h+KHwyrqerHXHRIMNXATJVwRt/vT3eP04UNUZKUVFnrUb8lGXmXw1+I0XUNEyCucIq2PyyMdscr0lr9s55UEzi1LAnNygSR9wFITXtyFCiLnfBRANuR+q5NGc5AwhMcc4KZkhMyU5RwcoqprBB6cdkJPVEK2vo3PzNCMObwoLJuxxlaBmMEkcKmuNCWO8eBv3CaQYDnKHM4PidERkO2KTH48hG64/lU+UCeTfFD4d018pJWT07ZYXg7Y3C+YGxXn4TdQmCV7n0VQ7yZ4cAePvuvvOaGOojMUrQWkLw/wCMHw4pq+mMBjHhzaiHBuS0jGCP1WO7T/Ij2P0x5x6K74rHiL9/oL0h1JBPDDU0dSJIJWhx9ACo3XFlML4uobRTAtziUt7++F4l0H1PW9CX5/SV0me6lZLoeDyMHkL6JtNawj5WZwkpp24wdxg9wvO6rSfG+D9T+B8otZpY7uZLszlFUsvNvbUx/wB4wYezuFTXa1RV8RikZv2Uq5RT9IXlwbvT1Dy5npgqymY1+KiNuqOUaxjtnssOMHfw7eD576htj7ZcZYHtIGokLOVUXhSmRu2rde79YdOUt3p3PjiAmAJBxyvFrlRyQySU8oIdGS1AeV8ppZaazL6DUNUKqnDTjU0YKa5jo36gMEbqmpZ5KKp1H6DyFpX6JIWVEYBGN1OznQnhmqsFb49N58ahjZWj2jGpY+xVhiqgzscLZBpeNu6U1k9JobVdDDIczdRACgzsBGVZvblQpoyztykSWDbOPBVyNOeEGQZGCpsrMnhRH7FUYLUiFI053ChStOFZzNGOFEkbk7KGKxJlZI1Qpo9O6tZWdwocsWRhHF4OdfXlFY8chMiznnYI00ZZIQh6gDuU5M5U1hnZG6gCAop8pI5yp2NTVGkYc5CMVLsfBUeE4PA4Wjoq2OaIFp39FlmqXSVBp5A4ceiGUTVpbPjZqYZpIZBIw4Woo6htfSljiCSFlKaRs8eockKTbq51JMNWS3KW0ej0eoUZZfTLySOSncAeCptFIHDSTuns8C40+W4O35hQWNlo6ka8kDj3S8HZUccotJYxIwtKpqpjqR7ZmjcOV5FMJmZ5yo9ZSCVmkjGeChwHjK4G0dbqa122T2V5R1TiAMLKRh1LIC/YNKuqKsa4hIsH02bZcmgbIXYOVZWutEEoB4Ko4JNTQjscQsk45OzprtrybiF/i7o8cpHlwqW1XAGNgcd/pIVsyUZysrXJ3K7NyDuia5ocAgYw7ClMla4aeMpstO7ILQhNUVkjyR+UYUbHYtU7bjCFLEDjCoJrJXzR7beiy96t2hxqGd+QtjJEQMFVlfTCZhjLc591Zi1NeUYXUHHHousZncrlXA6krHxOGBk4T4TqKNI5X4Swxr2HOwWl6P6qqrFWMJkIbkb5/wA1SaA7AAyUOSMxEEjCRdTC2LTNNds4SUos+pbLd6e9UbJ4XAu0guAOcZU+PIPK+fehet6qx1kbXynQ7DSCdiPRe+2yuo7xSNrKR4OoAuaOxXnb9K4cHo9LqI3RzEnxHVyUQ7YwVDBMLso8UoeN9lzJRwzW0HTw4BMyE0E5SwQqa8BzcFIOGOU9pwclWQj4khdqaMYU+mqvEaGk7hCkDXN4UPLon6mpYLWS8BwiAYUCmq2yMAJ3UtjwRkFDhgT4CAYXUkkoAS5keqR4TB9XKhAh3BKZGdR9EUEAY9UF40jUoQMkhxvGkZREAIkkklCCSSSVoiGHcYVZcqUuj8Ro8zDk+4VouOaHDDgCE+MtoaeDNRnBxhDuEHiDxgN1MqqZ0NQ4AeU7j7LgIc3SQttVrGMxPUlmF4t76YgCQeZue5Xh12ts7HT0T4suYS0hfRtfA6OoLsYaeF5t8Qunw17rtTN0gjzY7ldvSajaczVU/LFpHgtMX0Na+mkO2dlrunq35eqac7OWc6kpfAq2TsGNe6kWyqLmtcDu1d2ufyI89TJ02tP0erWa4voLiyRrsMecEZ9V6rSSa42kkbjK8Mo6s1NKyZrvPHjK9W6VuJuFtilc/LgA0rLqa/t3I9Torvke01DOyOOFHjxgBSRjHK5so+zrcISegp6SQXYoJ2yjHhDIOUZAe/ogzNxghHyPRMlbxtlPrnhipx3IrKiESAAjIWE6qtMdTBPBpyN16NIzOMqgvNv8VxcwDzDddTS27ZKRxtfp/lrcD5AuNPL071JJGQWsc44/Vby01rJoWnUOAUb4s9Jl+qvhZhzNyQFiemLhLGxjXvyOOV9C8TrPkrwz4f5jQvQaiUcYTZ69a3CandTyYOseX7qx6ZuT6C4igl4eSBlZi1VmpjHA8b/mryvZrZFcafZ7MEkLp6iv5I4M3j9XLTXKaPToXDZw7qdHKCACVmrFdBW0EcgOTjBVrBLwCvL6ipwk0fYdBq421RsRbw1BacKwjdqYCVTMO3KmU1T5GsI4WGxHaqs3InpLjTkLqUahJJJKDRJqcmqFMZ4fuqu6xOaY6iIZc13m/wCVW6jVMYlBaD9QwjIgLHBzQ4cEZXVDt79BkpH7OjJxv+FSyQQoU3lDJTuMFQ5cuwjuJJ3Q9jsQqM9kc8GN6WlbZeoa7pmXIY/+fSZP4Ty3/JbUuGFj+sKZ1FVUXUVM0+JSSefHJZ3C1ULvEaHZG4ztwjFQeHhHTykNlxPBwfsjGt4B1I1wObjsosXmjj9mBT3tDm49lW0x8j2n8Di1EngF9BAMORB9O6GBg4RW9lYiWWVlMMvnh48J5x+e/wDqnob/ACXGVmMB7dQRFRAjVEuMOuDblSwcINVuzAGU0XLor4tsBdmHlAQgfPgdkSXdoCtvgwXIgVrAWau6zjDpqDHjGorTyM1AgjOyzNYww1zdts5RQfJy74t8hS3TUMcPVWE7gGa8cKAHAua5TZAX0xwtCERKq8Z8NsgG+yjRjMQae4Uy6tzTAY4USJwLRha6JbXk5ephmTR4/eYPCutUMY/muwozNjj0Vr1PHpvVR2BcXKsYMOK9Tp1iGT8yeWr+HW2w/TYVv0hddsEhwupkjmp5Ke7zBsJblZ9wGNlYXmQukLAdiq3GAudcdLTrECPMTkDK5FzkFKQgldi5KGCTNTJ0H0rhJ4SiadPCR53WpfaKw8gJuy7A0lwyEntJIwjwxkAHCjlg0QhklRMAH2UykjwcqJECVPibpARwG9ElvCbJ2XQRhNkI2W2sRfLdEADjhI790/UNOM9lGkdpBKcznNbgdRIIxyqqWQySfZGrZi47dlGY3Uclc7UT3faaK+ArSA0qLO44PsjP27qvqZhkt7hY5y2o0wXsjTPdI9GZjH0/umsaCQfVHiYHuGNkqLyxkpcBaSIOfqLcqcdmpsMYY3cYQ6icAAAJ/SFOW5gKqZ2MeoVbKS45PdSZZsuxhR4uSkTnyNgsI5DCS7hT4IsYwP3Q4mbDZToWDZKJZPHAWJnZSo2A+yG1mANkZjMDKOMUzFOWQkbdwcKQwDCHGMYRWrRGODJJ5Z1GibggHumxsJKsKWDcHSnxWRc5bTtNT9yMYR3ubG0DGfzTnObE3ACi7yOxnCckK5kzrnukIAClRxho4Xaam2yQpEcJJwVHhcnf0Pj5SSch1PHk5wpeA0bBciiDBwjRjU4BR2HrNNplXDCGQhz3DAVpSUuMOwlR0wxnSMKTO4QRF+MYQNm2MVEHK4MG4HHqshcq98kzg45aDspl1uxkaWQyEZ5Kz1RMXe5Rx+5nE8nrcRcYCkkDiT3TYGl7skYUfzOdnfbspZcyOPJWqMTx9luQ7y2JuG44UZgJOSE3UXncozSGgHlWZ22xweGfhUCrqO2yLU1AbwFTV1RqOPVItkh1cG2Koqi44CjsxnOOUA6icqRSwyzzNijbkuO6xTmbqoOUlBeza9C2dtTXNqHtDmNw4heswt3GBss70jaG2+gj1N87wHFaykiJdkjZYbbMn1nwmihpdLGK79kiCINAOEYnAyntbpb9lEqZxg7bBJjHezuTsjRDdIFcbhFSwmSRwGOB6rzuvrHSTvlJ1F5ypXUd6dUVBhYfKz0KsOh+j6nqKr+YqfJTNPDu69HodE6oqyR8a+sPqJ3ydMH9qLLoLoh94qG3O5Q6adhDmsP4l69pjY1sUbQGsGAANghU9PBQUzaanaGMY3G3skJA8YHJ22XQlz0fKdRqJXy3SOuklmkFLSDL3cns0K6ttvioow0DMjvqceSuW6hjpoQ/T53bk91LS22Ymw+AEwannbZcHnP2T3ubE3W84HqhIEaGgZKr6yu8YmCB2PVybLNNWuEFIcB3LvQKZHSQUUQLgCe7iELlgX3wRaK3tB8SQZI9UaaZtOPJjKiz3CTcwtDYzsD6qMXl4Jc4nKFySPWeB+mrdfNTtyogqj/epXSVHnA+keijyyysbpjOkeiPJygVM8FLC6eoOGN5KzXW4WT6/wCN8RRpMV1rn9ESaTwz4khwBuSdll5qyv6lrRQWmAtfJt9WUUm59Z3Jtrs4LYQcvlHAHuvRHxWH4b2jEI13GbjzeeQjsT7Z/dc+y3ez0lsI6FKDSla+kvRCsfTds6LpmXG4zxmp3cJCOMc/6IQF16oy5zHQW9x2YTymW+1V/VM4vXUzj8sNw3j7bKB1N1m2KM2WyxjWAWktP7BatNS5cs+ffUPnoeNcqqGp3e23+IW9dRWjpmj8GnlaC/nHt/8ANVFQ2e99bTNmukop7eCCW5z4ntnbHH7onT3SkMzhduoz4kcfmbHnutHSwXjrS5/wTp06IAAXz48rG+pH5eq6DkocLo+QX3Stm7bXmb9jPm4KKeHpPpKiE9e4hoEQxjPclekdDfC+i6ffHebvL8/eiNT5n+aNn+FnsFedK9C9PdGUkkNupzLUynMtVIcyP9sq9AIGAdgkWXN8IxzluHOwRl2MoJ3OwTZZGxtLnHAUCSvnl1Mt/meNt1lbbAbySqysp6VuqeUNCqDJeb1qgpHeBTHiT8X5KXR2d0swluYMjx+ivYIWRNDWNAHoFaeACstPTVDbWte0eLMfqmk3f+RVvjSMZXHD0SHBQsg08ri6QcrihBJJJICDEkklCDU0taU5JQgPSPRNT0xGQbkpJLh2UIc1eyEZBxhddIG7EIBkHOFCBSdJyd8prnNY04IOUEvJPCQaSQoQaZHZxhdDSd0UNAHCaoQ4GgJ+D6pNSdxlWlkh0oIYe66cyYwEKeoio43STOAx6o8NFpZDNAb35THAM3e7SPdY69/Ey227LaRrZnjbGFg7v1/drkXZlLWngBFCIyFbken3fqq2UGQ2YOI25WVufX75mmGDU1p77Lz11znlz4xJ912B01ZK2np4JJXu4DRlNUP2MlXs5ZpH3102z5SR91aWmbW4aDueCg2D4a36vLZ6wMpouSHHzfot7QdP2exMBLXSuA/Gc4VyUfQp7fRBoqaucAXt2+ymFsUDQZZA1K43ylj8rTj7LK198ZOScknPAKUolF1XXSli2a7JWbuF1mneWMf5QoUtSZnZwUDuU6MSHXOLjlx3SySnLhOFCdDQMJJB+rjfKsrX0zdbmdTIwyM/iKtyQbeOytKsLV03dLtgxRlsZ4cVvbJ0ba7cxsk8XjzY3LzkfotCyOKFuI2NY0f0jASZXY4QMpYM9Y+g7XbmMmqWePOBk69wtO1zYY/DiYGtHZowFCqrxQ0cRfJKCfQLOV/VUtQ0x0QMYPLj3S3KT4bAy5GjrrpS0UZfUSBp7BZa5dVSSgxUWpgPLj3VRPNLI7VNKXk+pUGV+SQApCPJeMBZ6iWZ2uaUvJ9SoxmyNOAEwFxO67laI9DIxWAMxJOUzT7qQ7Hc4XYIpag4jZlWRrBG0FSKainqjiFhcVo6Do6onY2SoIa0+q01La6OhY2OCFuQNzjJKFvACk2ZW3dJyzDXUuDQN1pIKGkpI2tggAI745US8dR2q0Z+aqo2NHOTuVgL38TKupJgs2uJjfpe4KJZCUHI9DrrvQWlniV1SyFn+I4KxF6+KcDdcFlpy5w2Erxt+SwdTV19fK6a4VT53O51HI/RD0gHIACNQGKHIeuvF0vLnOuNU+QE5052H5KI2NgzgBGJbjAUcgAndMjHA1RSEIwOExI87FMUwPisiXcnhDXCRjCEbtR0n1K4SMJhJyuZPqoCdJOeVxJJQgxJJJQgkklxzhjlQg0kAHfdBJJJSPK4oQYkkkoQS4SMLqCAfVQOKyJxOrhcPKWSuK28hDcldx6lL6U1xyFaj+yxpOTuVwkIRJ1YXcn1RNYLyOL/AGQ9Xslq9kIkkYwr3cDU/Q/YD6ghukJaR2TMb/Un+CCCQfzS22w0iO+R2dguEuf2xlOdUUNP5p6mKPHq5Vlf1ZaKVmqKUTOGwDQhcorsONU5dIs205cMoZAj3ccBZOq62rp/LDAyMeoVbPeLjWjElQ4D0BwluxejVDSyf5G3muVvgHnnH5Knq+qGhxbTRkgdys62mqpT3d9yptPaJ3HzgAFU5OXQfxV19j6m+1VRsHYUdvzsrt3nBVpDaooTqDQT7qwhpoowPIM49FMMHfBP7SkhoKh2+FaU9K5mCTwpWn8kx1TDD9RRdAzlvJDAdOMJa9AyXYAVbU3bG0JVbPXTyDDpTg+6p2EVeey6qLzTU4IBy7Gyz9feamqYY2u0gqLJL5tt05tLUSEBrEtybH1QqhzgiBj5ManE/mnRU7WOB/1VpTWOpk8z9grFlnpWtAdue6pLAUrYR6KZkcj2kMbnCNBaqyR2oxaR6q7jihhADYxsnmfA2CMCV27or4bXE0f7w7BUmKGCDdsYPuuuk17EIecd1eBe+T7DmXY8IZmce6E5+OUIyZ2Ayhckimv2GfMQPVRn1Ds4wuh2xc48bqurbtRUrC578kdkmVvoOuuU3wie6Rz+dkFzmt3e7A91ma3qsPGKRv7qlqrjXVwAlldpHYFIladGvRyl+RqqzqO3QSGNkmojhUlw6iraluiEtib6sG5CpvDJIJHCICQcIJTcjdXpYVrI175JN3uJK6z6giBrdGcIR5QPkdFJcIO0ADZdxlMSSihJJJKEP2TSSSX5JP12JJJJQgkkklCCwEsBJJQSJJJJQGUsCSSSUKzk81rv/wAm/VIuMDHQ9P3WQCoDW5ZTVDju72B3/T2XomGSNDg4b8FRrzbaS726a2VsLZYahul7XDIIWN6JulbaKyp6JuzXeLQt10chd/ewf9Wj0UDTNjOzG4HCNa6wl5hkO3bK5I0OUVwETw7Rn81AGXuc8JINNKZYg4ndHwUIlnEkkkC7KHEZ547ry/ruyVVnuQ6gtjdLo/OMDb3C9Saod2oGV9DLA5oJLTjKdAYn6K2xXWK82uGviI87RrGfpd3Ck19JTXGgnt1XE2WGobpe1wyCF51Y66foq/Pt1wB/hdc/Oon6ZOy9LAz9jwtcZpIRbDDyjBxW231Vun+B/XL31NDXx/8AuaaU5eYMf3Zd/wB5GM6fTPuvlSrtvUHwY60k6Nv/AJoXO8SCVo/voj9Lw33wds7L7U6p6di6lt/h+IYayDz0tS3Z8Mo+l4PqF5h8ROi6f40dFS0s9IafrDptwbBIW4EjgCDkf0SZ5/rwvR+C8h/Evy2cjW6f5stcGEglo7rbzFLoqKaZuC124IPZfK/xQ+GkvQF4fW0wH8GrHk0zu8RznQ73wee+F7D0nfqyxyigvTHxhw0vDuY3g4IK2vUFstfUNlqLNc6ZlRTVbcOz2PqPdfZtBrYzgpJnhPO+G/4hp3Ffkuj45jlBwexU+GXUAFI666IunQl6FDWnxKOoyaOYDAeztn3VbRu4yV36rVM+OarSz083XZ2i0jOSjDhAjIBCO3cLbF5RkfAROTU5EJxyJJJdHKhYgO6IOEgO66oE3gScuDsuKCJfcOSSBykoUNSSSUIcwFwgYTklBwIhcRSByhkHKhDiR4SSVMgM8pp4TycLqVJ4YUZZIzmknIC5od6I2AlgeircgskeRu3KjOjHYKaTlDdH7pco5GA7Lebn0ve6W+2ecR1FM7U0kZz7fZfa/QXXNB8SulWXamcPnKfDahmMH7/ZfEcjAQtF8NPiFcPhrf46+Bz5KOVwFRBq8rm+4/NeX8z4hWr5q+/Z9T/8PvrF+LuXj9U/9OXX9mfYF0s7a5mWkNd2VEx8lNIaOsHGzXLV0F2t3U1mg6gs0jZKWowQWnIVfdrYyviy3aVnB9V4trDwz9FRe5ZKappc+YKvnYMbD2VrBKSPlpxiVm2/dDqqTYvj/MJtc9rKnDcsHmPWvRcNyhfUU0Y14OpuOV869V9MT2WrfKyE6Sd9l9jVFG7RrYM45C8/616Lpb1TSSwxDWQcjC9F4/VtM+efUv09Xq4txX3HzHRV7oHDK0dDW+O0b9lTdT9NV1hrXslYdGolrsdkG31hiIPOBuMr1Wm1G5HwHy/j56G51SNe0g7o3hR1EZhkwQRg5UC2VUdZDlh+4UssMfB5XRjNSRw3mHJma6gq7DV/M02oxE52WjtdzprtT6Hka8bhSA5k0fgzsa8HbcLL3G31Niq/naPJhcckDsr/ABY2Mlcv/wBYsbnazE4yRhMtd5ntcwcHHAKsbZc6e7U4a4jXjcFQ7la/DcXtbsmRkIlFS+2R6x0r1jBcaeOGaTLjsCT+y2LCCM5C+brZcqi1VALXHTnhet9JdX09xibBLJg9snumxsRy9Zo9kd9aNwnoEOHtBByjAYWg4zWTqSSShQkkklCxJJJKEEkkkoQSSSShByiXOip7hTOpalgdG8EEEKWuObqGMpTWQ02nlHg3VXS9b09WPbIzVTvJMbxxj0Kz0zQ4ZX0HfrTTXmgkoKlgLZBsf6T6rxLqKwVfT1YaacExk/y39iEqys9Bo9YpRUGuTMVlPvkBQXNzkEYwrqRocMFV1RTEO4/NZZwR2qrN3YKinMEuSdvRXsczZWZaQVnnAgHbGxR7ZViM+DKcZ4KT+Iy2OY5Rd5zumSjUMLrSQN07lQyLjkq54XBwcBjC93+H3VzOrLK0TgsrqVrWVAP4tsax98H7LxWaIFp77I3S3UU3SN9hurIzLEAY54gca4zyP2Wmq7b2K1tEdVS1/V6Po+ke6CUSAbd/daEOie1srMbgbeyzVLPT1dPHXUTi+mn80Lj+JvqrKlmLcDK3we9ZPG2QcOGae0XR1DLs7yOWpkdTXGmMb2tkhkGHMIyF59DLxhaC1XN8DAwjIUlDCMVofpO/zWa7O+Hd/n1wNBfbJnb+NDx4WO3PqvHfiX01/wCyLrY9RW9uvpq9ykSsx5G7+aPHYEHb7Feuda9OSdS2dk1s2uVI4TUbtWMP+/6J1guFp+LnQ1TYLxA9kzR4dUzGmRjwPK8Htjff3Wea/Zs0Vzolul+L4f8A19nhHS3Vx+AXxLivNLmTo2/6GVLQ7ysJ31NHZ7c8f0EL7OjrIq2GKqp5GvilYHse05DmkZBH5FfEld07Da7rW/CPrNzxTyPD7VVPHAydB9hz+pXp/wDZi+KVTa55/g31vUeHVW5rv4PJIcmeMH+5A9dy5ozyFmqbrlt9M6XkdI9TSrlzKK5//WXp/wCV7Po9dB7LiS2ppnmVyGYdxko4IxyoeSnZPqlgkrI9Usj1QMn1KWT6lQhISTQcJyhBJJJKEEkkkoQckkkoQSSSShBJJJKEGpJJKEEkkkoQSSSShDhGUhttldSULTweL/FH4aV1suDuuui9TJWnVVUrBgOH9QWi+GvxFoupKRlHUVLfGAAa49/ZeiZ7HdeL/Ej4fVHT9wd1j0dG5gJ11NMzjPdwCg9NT7PZ2c8p68/+HfX9L1JbYo5qhpm0jvut2JBj7qCZwlGWGOLQQRnsoksWncBShn1XHN1BGQiBxGxCMx+M7Ic8Za3UBnCG15GxHKhA6MOVG5T84V4yQkgjHITTgjGyjZPqn5PqVMEKetp5aWo8Ytyw+iG9zZgC3YK6kjbJs4ZCo6unfRSkEZY45B9EZDkjy3YDlV9xoqa407qerjDmvzg9x9lOLtY3C45hbglU1xgtdnzB8XfhvKY/Da7wp2A/JStbu93ZpKp/hX1vVSx/7PdQSuhqoXBsIeOPUZ9OF9K9YdMx9RWuSmYQyYHXG7HDgvlTr/pK42u6yXCGJ0E0bsuA9fUey5es0+/o+s/Rf1LfXPZOX3LH/U9wq6Ol6jtkltqmgSuaA1x9Rx/msrZKmemqJrLWuOWH+Xq9uyB0N1s6+UlM+FwZOxumXfJJGx2Wh6stTKl7bzR+VzhqJbyHBcC+h1s/RvjdfDWVKyJVXCLwnHLfcLzPrnpltRruVL5TnzNA/desUc0V2ohFPp8Vo0575WdudHJRvdBUR6mO7kbELMbdXRHVV4kfPlTBvnG45T7RcHRTGmecxk7A9lsOtLBHQz/N00eI5D5gOFiayDwXtniGN98JZ4a/Tz083n0aAH5aZsrDgZC29rrBU0jXckDBWDpJxV0o3yQFe9OVpil8B52OynZv8fqNk8M0zzk8IE7ARwpD8dkNwyOEiayz0b+5FdNDsRhV0jMHhW03fyqvlac8JZmshkhSA4wocjSRuOFYPbnsgyMBVGK2BWubg7qJO0AbKxnaMbbbKA6JxPKtGC2GUV1QzPmwoDmuD+VbyxghV00e+QE9dHKuhh8CadlxzQQmAgHCI3hMaMTRCmBY7hPZJgav2RpmBw4UTeM8KA5cS+tVc4DQ5XLGeIARyVkqWfQ4FaWhqRJA1xKA6mkultxI0dguLKV/gz8E4Kv6umbM04GQd2kLEH6g5uy0/TdyMrjQ1RDhjyk8oGng9LotTlbLGOhe+kfpcCW91cNZHURNe122FDq6drJCHcdlyleY8FpJaUto6kWosFd6R3g6mDJUKinexwa4dlo8MlZhwyqaroDFKZGjYpMo5Bw4yyi4oJstGSO6sWnG/KzVDO5jgCr+GYaAkzgb6Lc9lhQVBZNx2Wjo5vEA3CybDpIKtrbWgHS4rLOODs6bUqLUZGlicQeVPbI1zACqumkDmqbC/GnbjPdImsHYrs4OSgtPGy5qDsFTHQtkgGBu5VryaSQRyjngpY3cEkYC3GFBmgJOcfurEEObkcFBewFWgbMNGO6gtokJmazfCz1G7US07YK9FqKMSjDm5C8+uTHWu6uZo8jySE1PBx9XFQ+4kRAtkBI4RaiMSx+UYKJTw+PFrbyiNjLTgjCFkq+6OSqIfE7cLf8Aw665qLZXRUk82YnnBydlkauk1ty0Ko1yUcokjccg+qw30qxYNFF0qJ7on1xT1sNZC2eAhzXb8ouS05H5rxz4Z9f4c2hrZfKcNyV7I14kYHsIw4ZBXB1GmcWehquhbFSTDMfnG+UQ7hRIwQc5JUlh7LnyjgaLLm4RAc7pbH7oW7SgCSD5KY9oIXQ4ELqhYFpMTshWVLJrA34UBzV2CUxOVYQEoplsJTnhFBwoUdQ1wAUprw5JlHIlrA48IZByikYTSBjKWCMBOU5wyxN/EnZ2woQY0kOARxwo7vrCO07K0Q4kkklkEkkkoQ6DhdBymrrVaIAqYxI3JGSFTyB0buNlfFuppHsoNTTZYQG8rTXPbyMi+MFVPG2dhOnLgFnK+jZUNfTVDNTHgjC0uPDO/wCigXCjLx4sa6mnuw0LsifNvxAsL6KaanMe7HFzD7LEUExikAJ55X0f1t0sb1QyOhAEwH6r51udFJb698b2lulxBHoV6PSXpo8zravis3o2HTlUx5fTF27xtut70JdTR3N9tmf5XbjPqvH7RXGCqY/OBkZW3kqzb6mC7xuywlp29O61z+6LQ7R3yjNNM95jlzjupDJC4BU1nuENxt0NbDuyQDH6K1h83mXKshjg9TVPfFMkDdJLGNklkY9D01wGFxJWyAXA54XUQgbphByihnJGsoBKzOMKHURa+QrEjKjztJwOVuqs2syXV5PPur7IypgmifGCJGnC+Y7tSTdNX+aikaRHI8uZ7L7HutIKinO243Xgfxm6T8enFypo8SRebIC9N4rXOuxRPnX1h4r+TpnbFcop+nrgHsaNWVvbdUwVVN8uTg4xgrxvoq4t8U08zvNwM+q9NslRGJdyP1Xv65qxZPksZuJoLTUz2qq8Au/luOR6YW4p3h4DmnIXn9TmUtkb2Gy09juQkp2scdwuRrtPmW5H0D6Y8jmHxWM1MUpwMqVTv8w2VZC/U0HClxyaTnGVxrYYPoOnsLyJwLc5RFX0k2uPJ/TKmscMbLHNYZ04Syjo5T8jSmJmT6oBylgeeUkklCAU07pyajCfRUXDXS1LauNvJDX+7VKa7U3IO3ICLVRtkjMbm51d/RQaZx3pn7Pj4/5eygndgMeU0cp+n3TNPupgp8kC60IuFHLSkZ1tIH3VV0fVyvpJbbUOJmoXmJ5PJ9P2wtC8kYwspPKLN1aycDRBXx+C/wBDIeD/AJK28GdrbJSNUN+F08oTTncHIRBwjXIUpZCA4KrgNM8oA2JL1K1Ab+iBJgSa/wCpuVZY5u4BSKQ22SRMDBW1h0VscmOdkQclNvIxHDIBu2UE/ZEaQRkd0MQDmcLjtxuupJrKfRUt2e7vunkahhJ7SJXA+uUlIvkxXIA/LXluFRXqDEhlHZaCRo7qruUGqBwxkpq7ObdHgqYyRAxysGH/AHLOd1BDP9y3G4U2maX0OAc9k1GJr0Qq8aqY4VVFl8eMq2qB/u7wVU05wMFa6ZYZztVw2jzzq1gN4c4D8KpCzPdaHrT+XdeOW5VE05XqaP8AaR+afqOGzyl0f7nGoNW8Nj3UhV91qAyHS3kpljwjjVpuWChuD9cucqDL9KNUnBGT2Uab6crBZyzrQjhcEfOXI8HKjj6lJp/qHuqhEdEsYANPCFIMFGZ9CEBk4ThihlDA3JGQprGNDRsmMhGc4UhjODjZTOR8YcHYo9+FIIwmxjSOOU8NOfstNUci5xHhx7IbvNtlEz3QyM5C2RWEYLZNPA0OI3zwoVVLthHlkbGFVzSa5Eq630hNccjX+Y7rhGBgJ34UF7hg7rFZ+xyTyBqZNPfhVuXyzZHdGqnlztI7p0MXhxgEbrLJ5ZqgsI7p0YaFMpIgPM4ZUeNpe9ox3Vgwhg4RRXsXNimdpGwxsqyoeXbKVUSDGFXSOOUNk8cBwgcAJJJKLFGdS5GwnGylRRcbJX9wpy2oNDC3SCQpUUeCNtk2KPSAMKWwceX91MMyznkawYwEbsEhyigHCdFciLDsexCkRAEhBaNwAplOw5aFphHJmbxyHgp9WCQpoa2JgwFxkbY2gpkhBGMrTFYESeWNkeZDgI9LTnZzgmU0DickKxbFpaMHCpvB6DxXj9/+pYcjjwMAqRHEOQEmMycKVHFlKlLJ62ipA2RuJ2GQp9LRAEOcPyTqWDBy5qnnEDA/RlQ6EYYRwtZAwAYGyzt6uUjg5jTgDZWFzuGk6eMhY241ZkldkozLrNRHTw3MFUygDIIUFkmo7oc0pe7GU+mg/ESn1o8Hq9XK3MiRGxo8ybK7UQPROkcGgNC5Gw5yVoObnJ1rFyWTwwiSP8IbhVdXVg/dIsmooZXHcxlbVEHbCrJXmQrtTPqcDuhCTPZc+2zJ0KoJId+S1fQVrFdczM8ZEO6ygyXBrdyeAvZuhbOygtcZMY8WXD3H7rLOWT0n0/4/+XqVJrhGppIzlgDSAFewMa2MHChUUQ9P1U13lIz/AJrPKLZ9NUVFYQpp9DTssh1BfRA19PE85PJ7K5vVwFLFIzI2WOt1qq+rrr8vB5YM4c4jn7LteO0kWvkmjxn1X5uOk07ri+wvRHS1T1PcH1EgIpmPHiPPA9F7fQ26jtNKykpWhoaBkjbKj2220VhooqGihDI2DjuT6lH1uqCQ3ttldl/cfn3V6meqm5SDtLpiBjIVhQ0cMThKWZPumUFL4cYDm5Vg1oaAAELMLYdrvQJ2Qhjug1NUykj8R5z6BLYJJknbTxl7jj0QKOOrvE2jH8kd/VMo6We6fz5/JAeB6hXtTcrVZ6NjeDjj1S5SwWk28DHx0lrptZ0sawZc491nzU1V4nfIDoo2nytOxPumvlqb7O6ad5ZTNOWs4z90yRwA8KHLY2nG22Ujfk9l4D6cermp2IbUSB7wyL6W90mEhMDd9uPRdqZoqKE1ExwwclZL7/jXJ9p8V4dVpU0rkVVURUsZlmeGtAzuVloaK99f3N1soB4FLGQHu/8Al+x/RTaK3V/XFwNJC0spYiDJL2Y08ZHfOCtfcbpZ+jbfHZrMC2Vm+ppyc+5XFt1bseP6T01unr8fjT0JSukuX/yg6ivsvw7sz7fa/wCbVy7McRh0pHP2xn91TWfp91ye/qnq8uLSQY4yNmj/AOXCLabbFHLN1L1LUeJjBjjIx64AChXe53C/yBkkmiijPkiAwCut4/TLUYnPr9Hzb6t+oYeLh8FMs2y/J/8At+gXVPVlRfZzbrfqZC04Gn09SodttlutL/matuuR25yuSvjoi0NaM+gC2fRnQVR1FIa+6bU4IxG5vP8A8uF1puNfR8Ruu5zLtkTpfo279fVjHDxKS0tPmlaefy7r262WK1dN0jaK1xBjG7Z7kI9HFR2uhioqKBsTIxjDRjKHPIHeYnYLHOxzeDDOxyYYk/kodRXiIFoHmPuhy1k0rHQ0gy4olJaztJOcvPKDhIEhNgrLjPpkcGxY3z3VrT0MVPpLGgY22UltM1jQANl3T7oGUdxnldSSUIJJOSyFCCwEw8JZCaoQG/6iuJLmQoQKSMHcIB5S1e6YoQKSMcoZ5SyfVDzlQg9MyPVLIQjl2QCVCBchMMuBnChTVjIttfmPbKjxtq6l2HeVh4UISpZi93lC4Ae6LHTRxNzkk47pudsYUINwF0kIZzlcyfVQg90vYBINPdNDTndpTaqvpKOLxamQMaOTlHGDZaTZI0+6HU1EFNE6WeQNDd91h+oPihRUcTorRiWU7ZI4Xmt56tvl2JE9W9rT+FpwmxqaYcYZPSr38ULTb9TKJzpnjbAXmd+6yvd6cRJVPbGTsGnCpsEnONytNYegL9fNL4KfET+HlOwvYxJQZlWvcX5e8k9yVa27p2+3WYNoaMvjP4l6vYvhJZbUWuuLjUT8uyc4WzhhoLfGyOlpWRNaMDS3dDmPplyuUVweaWD4OPe9k3UFb4bMZ8Jg5/PK9EoOn7B0/A0UVDGzAwDjJcuV99pKdpBcCfusxc+oppyGxScH1VmeVkpvlmluPUNPA0NBAJ91jrl1BJNI5zH5JOMKvqJJJnanuJ/NR9IS2FGOBs1TLUEmQqM6MEjB5RyzH4v2Q5iI8ZO3qji0GMERHblNIwMkpj69r3GGAa39sKZbul71d5B4zBHAe5KLcim8ENr9ezPMe2FY0PTt0uOkGAxtd39ls7T0ha7a1pe3xCP81dRCOn3wAAgc/RTlgz9m6Mt1uwS10ruf5m4Wpggjp2AANY3HbsoFVeKaAENxqVLUXepqcgHDUmTbF53GirbrSUrMmQEngBZ+u6hrKhnhRO0A5VbJqJ1POSfVDOB3VQjnll9j5HlwBec/coEkjQOAmyS4OEF33TVEPGBr3lxQjwkmnbsr6LGZG4wmNDnHDfNnjZW9p6dr7oW6WYB5K2tF01b7YxoMbS4clw7q5SwRyx0ZG39JVla1klSwRtPqVq6CyUdAwCGIH1OFCvfXHTdhiLBXCpmG3gxDOPzXnN++JF5uxfDTn5WA8BmxVclxhuPSr31RZrF5ayoIkH/CH1fmF511D8TLjXyOjtjRSxjZpbysXLrleXvcSTzkrvhgb+qOMc9jYQwOmklrJHTVUr5XnnWchD0DgHARBgd0J83YBOURnHoSRIwhkklN1FUWdL3eqbk8Ji6BlGHGJxdBwuLhIwoH0NKC5xyRnZJ5OojKagCEklkJZChAhIwdwgnlLJ9UxQgklzISJGFCHSUIk7pE78pKEGJJJKEEkhtXVAkhJqSG5WGLV7LjjgJiStrBeBeImPl2xhJzC7gE/ZAqKukpGF1RO1mOyqUkgowcnhBBkklJUFd11ZaLLadzqh47BUdd19c6lhjo6eKEH8WMlKd0P2aatJZPk3T3NjbqeQ1o7nZVdd1FZ6CMvmrGOI7MOV55UXC7VjNFRXyvb6asBAjoHPdvk57koHZL+k2rRRS+81lT121//wA7qQvHZ0gVVWdU3yuj8LLKdp7sG5UeC1SgAEYCmwWwtxqKW3Y/Y2NdUOilc2rmP86Rz0Vlue4ghnK0DaBjQCWozYY2Y8gGFNrfZTsUPxKSns8rzsNvsrWntUbAC4AFTshjd0wTjGdkW3gRO2cng5FSsiOGjZSQWYwSFDdUOIxhR3SVZPlYTn3RReCvy7LPAwSHA4UaevazhwCj+BXTbE6B90mWt4OZHB/5qTkUopEea5SvOGSZ9lGkdVTnAiLirqK30rQMs3RWRxxjDWhBkNS2+ihZb7g/cQD9VLjspLB8w4b9h2VqJO3quHdQqVzfRCit9JDg+CHEI8cbI8howulu/Ka4e6JFxzLsKXYH1IbpMoeT6pu/upgtwCEk8lN39U1+wydgos9zo6dp8SUZ+6FzSDhU5cJEskeoTNxuqCs6opIwfCBe7tgqiquqq+QkQ+QfdIndg01aSyzs2FZXwU/964D81R3HqqlhaBSv1P8ATGVk5qmpqHF00rnE+pQgDnKQ7WzbXo4x/It6rqO51bNBc2Nv+AYKrXSvecvcXH3KczSW4xwl4fulORqjXCH4oZp/wgJ7Wsxv/muktCHlvqh3jWmzoa09k5LISyFTZY3BSwUzOUkPyADshLITMBcIwl7yDkkxJWQ/ZhJJJfkw/XY9JJJQgkkklCCSSSUEiRRwhImr2UFSeQaSekoQGRnGeyzPXnSk18pIrraGMju9q1T0k3BDgPpz7rVLrSd1C8sy/SHUkPU9nZWtj8KZhMU8JOTHINnN/Iq2mYMZWT6kppuk7+3q6mjPydW1sNzjY3bI4mHvvuMLWskjljbJG8OY8AtcDkEKFnaKpNPNhw8p2+yustLQQqF7e45U61VfjsMLtnR7fcKAyjklkLiO5o3ON0A8oQR64eF1JERPBkeu+m47xapJImgSR+YbcH1UDoHqWe507rVcZM1dJ5CTy9o4ct3JG2WN0bhkOBBXlfVVvqOl7ozqO1wbxO0yjgFhRJsJ/ej0xqzHVtJcLdJH1N0+3FXTf9piBwKiD8TT6q4s92hu1BDXwbsmYHfbZTs6sHC11y2mO2Ho+a/j70Jb7nHT/ErpgB9NcNJujS/AyRgS4xtg4aT7ArA2S8PBbTVTif6XL6brqCjtF0qenrtTsmsN+EmoOGzJX/U37O/0Xz1190BVfD3qWW3uc2SB2HUs4Oz4gThhH9Tcjf3X0P6Z8zlrTWf9zj6rTZ5RA6t6XtfWNofarnA1zcExv7sd6gr5j6gsF16OvclmuUWdAzHMB5ZW+o9F9Q0NwO0cp27FUnxF6EoeubQIJI2ipgd4kMmN8j3X1DTajHB89+o/BR1cN8F958808peG/mpUTtjsqZ/zVluctoucbo5IXmMk9yO6s43Bx45Xaos3HyTVUT003XZw0S09RycgFFWkxS7Cro5TWpw5UIEHC6uDhdULEkkkoJEkkkoQSSSShBJJJKEEuEDGV1JQcCIXEUgcoZByoQ4ku4KWk+iz2dkGLh4XM539E5C00RN55BEYKYipivIzJHmyMbKDURavwq0e0O5UZ8OeBlBOO4OMtryeh/Ar4uV3w8vLbXXvD7PWuDZYw3aP3x+a+r6iOnuETblbXtdTygOaWnIyV8CSxZ4C93/s/fF5lE+PoXqWqf4cxxRyvOzD6H24XivN+KdTepr69n3v/wAOPrP+Sv8AhmtfK/F/v+x7RXUgqd2t0TN4PqoEM8sb/AqxpkHZaOtpXNIljwRjORwR6qpraJlyZqB0zM3afVeWjPJ9pcP0AMTQdWNiqK6Wx0bjNC3yncgK7oajxmOhlGHx7LsgaRpcMgp9ds4STTM9+kjdHns8c686Hpr/AEb3xwjxADtjuvm25WiusdxkpJ2FmhxAz3C+1bxQeARNGPK7leYfEP4fUfUdI+pp4mtqWjOw5Xp/Ha6yTwz5b9VfTH8mMrYxzJHz/RV0tMQYiB6hamjn+bp2knfusZX0VXZK91FXRuaWkgOPBU+lrXRta+GUgjtlenotbPhHkdHPTzcJrDNRKx0YznZSGGGrgNPMAQR3QqWWOtpmnkkYPsUJ7HwPyDt2K6Ce5HKacSgudDU2Cq+apQTE4527K+tdzp7tT6XkB+MFT4XU9dCaepaCHjG6ytztdXYKs1VNkwk527K8OLHcWr/9YPcaYxSuaR32TLZc5rdOJI3kYO4VpQ1lLd4QJAPEA3Vdcba+neXNHlPBRZ9hQXqR6x0d1rFXsbBM8B3AyVuGT6+y+aaCumoJxLE4tIPZet9IdbRV0TKepkHibAElNhc+jh+Q8f8AF/qV8m+SXGkEA5zldTlJHGHpJJJhBJJINVVR0sfiPUIGSQ4Zo54xJG4EFEUIJJJJQgxJJJQIY9odyqbqLp2k6hpHU07Bqx5HY3B9leJuB/UhkshKc4cw7Pnm7WWrstY+irGYe391U1EQc1e/dW9K0nUNG7LGipYPI/G59ivDbnbqu11j6KsjLHtOAfX7LLZBs9N4/U/PDnhlJNCQScKI6MsOQMK2lYHZ2UGVnO3CxzideM88MnW6tFSzwnbPYN/dTxusuTJSzCaHI9cLRUs7Z4WytP1Df7oE88CboYe5dBH7hVlZE4nIVo76T9lFfHn7q8gwfo3fwY6tkgqm9HV8pdHUuHyjnO+mT+n8x/kvYRIYnBpGDnBz6r5XmaGnhe9fDbrWLrGyikuZ0XaicRL/APRBsGSfrkH8l0NNb1BnE8t497v5FXT7N9Sy5cNSt4ZMN2Kz0ZLXBjz5xyFa00m2Cey3PB5mccmmtdzmgAYXZb2yeFguqaif4a9awdY2thFtukfhV0Y4O4/Tcn9Vp4JACiXWKK82iaz1sbZIJxg6hkj3CzWQz0FVLa2n0yP8Uuh6L4l9MQ1NvEIuVNH83QVePMMAEAH3z+y+d6xtf1EyOtE8lu6s6cc0fRokDmE7ZzvuF6z8Ob1X9B3kfDvqCR743v8A9xnc7yuJ/Cfv3+wQPjN0JPRVJ+InS7fDqYWn56IbmUYHmHvtwsk4ezq6S/8AjS+GUuM/a/8APr/DPZvgh8UKf4qdEw3aRwbc6Nxp7hFn6ZQSdQH9J3x9l6Bkeq+FbF1jP8OOpqb4ldLav4fVOEF0pI9vKcZdjs7/ACevtizXKlvdoo7xQSiSnrYhLE4HILTnB/RXVPnk53k9HHTT31fjJv8A6P8ARYJyDuDuntOQtCZywyKo6erayQeCRwioSJrb6pYIRJJJQgkkklCCSSSUIJJJJQgkkklCCSSSUIJJJJQgkkklCDEkklCHCMoZ37ohcAcEoahcXhnjvW/RFd0zcz1T0u0ta46qiJvDvU4Wu6G65pr9Stgmk0ztGC08grYTwxVEToZmBzHjBBXknV/R1b0zcDfbDkRk6nsaoPct/Z7AyTPblPPCw/RPWtPfGR0dQ4NqAMEE4W3yGg7oxTWAOA7YoMgwRgI7/qKa4AhX2UCY7PPdPPsUJ7cHIXWyDgqkyBEkkkRBzs9ihzRMnYY5BkFEyEiQe6MhnpmvpJ/DwSOxT3PEjRtgqwracS9vzVS7xKSbTI047HsqIdky3Gyw/wASehB1JbzVUDGipjBLm4+sei3Mjg/zfmhmQnYbFBZFSRo02ps0tsbq3ymfF1HHUdHX35ikhcIA3TIwnHmB2H+a9ssd3graKJ+vVHKBv2DsbhF+MPw5lrKWXqO2QtcY2k1LGjGr3x68ryvo28i0VrqOukcIXuGhxOzDvsVxNbps4wfefo/6n/lRWJY/5v7M2tQ19kur9WfBldkegyVa3C1fxWh/knMv1R+6dX00F7t5jY4F5blrs8+ih9KXSaKd1qrHbxnDCeRjsuLZW4PB9w0t6vrwYq6UAqopbbVs0SbtGfVeU3m1SUU0tK8E4JAXv3X1ndHi70zdgQXgdvUrzrqC3su7PHiYGyaRn/ElOOTk+S0++WDzO3VD6SbwnjY7K+il8GdkzTsSCqqvon00pZKzDgm09W5jfDfwOCl7cdnnY2vT24weoUsrKmnjlY7ZzQnSDTtyqHpe4amfLvdyMtWgfg9+Ep9nqtHd80MkOVgcNgocjQArJ7cqHK0/ulmiceCslaA7hRphlqnTNOc4UaRpxwgMViyVz2nVjCjSswOFYuYM7hRp25AICsw2xKuUHOVAqGbZwraZmc4ChTMzsji8nM1EMlQ4EP22RI84GeUSaMDcBBEmHYwmnNshgO4AhQZ2ZKnNOQgyxE4OFBbg2yNFsc54VxbKkg4VSWY7o9NKIyDlX0Prs+M1cEokAyQjeLJDMJ4SQR6KooZwccq0gkaRv3Ubyjr02bkpI3FoqIr3QOimwZg3YpkTHwSso5BhxJw71WZop56Cds8D9OOR6rVGohvVGJWeWaPnHIKU0d6i5T77D6ZaebwpG4HY+qNUU4lY337qLaqs1bxQ1WC9uwcecKdh8TzC4nDT3SGbYvcUMxdTz6dOGjurKiq9RA24T7nRCWnLms833VPTTFsrWH0S2Mi9jNYxwezOQlFVOp36mtz7ZUGkqBjSPdScA7+qzzjlm+qzKyam11wkj82M+iuIZQSDhYihqfAlBJOFqKSfxCCOCs045O7pbvkjgvoptQAOEqulbURhrm5PY+ii0rw4jfCsQ8OaB6JeUjox5Kmmkw90Dzgt4z6KQ4Nd+IJl1oxpFRECHN5wgQya2BwOUvBGEc1Zbq6yfN05qYhhzDlawHKBURB7dJGQVYi6qNsHF9nnfTdb53Uk58w8v5rRT0wbhwCynU9rqOnq/wDibD/Je7bHqtNaLjHdKKOVpGdIyjOdpp4XxvtDCMZDmqsuVFG4GVjcB3I9Ffz0+RkN5VfURO+kpb6NThkzlNNPQVQfE4tIK9w+G3XvzUTLdXz6sYDSeQvG62k1gaRgjhR7dc6i11Qkje4YOCMrn6mnf0M01nxPB9dhwONJBB4RWuG+4XnvQXWcdxoo6aqfiQDDST+y2glLXZHBXDtqcZYwdqqasWUWAdjuunzAKOyQSAIw42WSUDQsnCSwogOQkQCg7sSwiShvG3KTH5HHKb+ahBMmcx4Cs4pQWt3VU5vujQyFpGScJYEo5LgEcjddPCiQzA4UlrwhFtYEknHCaqZEdLeCV1pSB2wmqpdFPoekkklMASSSSogkkklCCXHBpG44XUkxPDyWuCnr6QxkyM7nOFCJJb5hhaCaIPYQRlVM8JieRjlaqrApSyikroA1uQ1eD/FjpGanqZbpSQfy3eY49V9DVEOscZWZ6ls8NyoJKSZuzwQCuzpL8Mw6iiF0XGR8oRTluxGCtvZqpt0tRpZDqLBsst1bZJbHdHwb6S4lqk9J3T5eqETzs4YXfqs3o89Byqt+NntPwwvOqOayVEmZIvNCM/g9F6RE7fC+f7dXyWLqGlubCRGXAOx6Fe60VVHVQsqYjlkjQ4fms98Wen8dqFZBwfaLVo25XcD+oIEchwE7cnlc+ccHVygiS4CMLuQoQSTmjB7pZC4SMIovBAJ5XCAV08prjsU5MBrJHmja5pHKwvWNkZXUc9M6PIe04W6fsVU3Sn8UE4yDsuhpbHXNSOVr9LC6pxkj44rKGXpu+SQEFvhyk/lleh2mqZPAyWM5DwCn/GHpfw5P4pDHjH1YVD0tVsnoGwtOHM2K+keM1fzVJHwLzPj3oNXKtdZyej0c/jQBpH0hTbXWOp6lrMbEqltU7QwNccuIwpz3hhyBut10Pk4F6C+WntU0eh0VQ1wBG4U9kgP5rLWCs8WENcTlaOIHAIP5Lz+prxJo+veN1MbqYyRY08gZgA8qwiIxnUFSBxGPZTaao1ENOxXNsidumeSwIwnII3RdPulmtTZ1cPCbkJZCg3saeUkklAxkjQ4bqsrY3RTsqowTvoePZWEx9EKVmsYxlQzWdjA4Hg8pZA5KhwSecwu5advcKRKMkYTI8g5OSt2ys31RQ/N0Ty1v8yAeM0jnIWlcodRG13I2Ox+yFipIiWStbWW2GZuSS0A59e6ss5Cy/TjpaG41lnqXAapDPCP8BWl2GVaeQUxhJzhDk7HsEQ8oc4zEccoho0cJJ7TmMEeiBnBTMgA7szVRyEfhbkfdDpzqgjfnOpoKkVLDJEW9iN1Atbi+kaSeHOb+jilguWCWzsuHhdzhJ5yjBfRBq24eD6obd24Rq4eVh/xhR2Hff1VwMk1kZK0g7KNVMyxTXobgDym9mOyGTPzMDWPiAwESgP8AuhGU+tZ5ZcDkbKPaTiJzSe6Yjn2LD4G1RHhuYO4VGzLSQPVXNUcSyfZU/Dzn1WqrtHM1S+7JievgBdIj/wDQgVm2rRfEMEXKB/YxALMtGxGV6nS/7SPzh9XQ2eWt/u//ALBHkaTuqW4SiSTws5xyrKY43LsDCoGyF8kkuDpzhHYcKlZeSBXbz4BxhQ5SdOxRqp+qoco1Q/cYWSTwdOKwhseSpdKCH7+ijwAE4Km04GrOFdYyHZLYNk0HCINmprRg8pnZsjHgLCCOUdqEBjCKzhSK5CcsIkMO/wBkU408cILeCUdq3VLjJmm8jQ/2QpXaW4xyjEAclQK2dudI7J85bEYbOWRauQk7FRV17tTiVxYZPMslxjg4TgFQqmQNBJIUmc4CrKl2/JSLnhZHVLIxjjM/ccKdHhw0jZRqWM5yRupsMZB3CRBZ5Dm9qCRRhm4XZvp5RfpbuoM8mUbeEIXLAzuOecoQBLh7JOJLjlEhaSckLLKW5mlPagsMWcKZBHgApkMJy3ZTI4w0D80a7EWzzwPYNIGyKHbcJEYwkz6gnpcGVsKB3RgBhNA7o0YJITIRFSfs6xri4bK0p4mhrXY4QIIm4BIUn6W7dlpisGebyPe/hq5BGXPzhDaDK4Y7Kxp4g1oJG6KUjreL8e9Q/kn0OiiDRuEccJADsjxsIPCQ22evppUeEOgiOd1YUsWXJtNDnsrCCNoOcBUdGqGDrIg0A/uoVfWtYPDYRtyVJqKhrBj2WUude3U4ZPKMbdZCqGZMh3Ou8WQuLzhqztTOXPLhnBTqqufNIWkYAUbQ6R2SjSyeB8jr/nk45yEp8yHJUwHwwEyBjWNGya9pLhjdaF9pxW9wYZcc5yiAho4TIntA3QKqpa0YwpOW1Fxhng5WVAGwxwqSqmJOCUSrqtTtlXTSFxC591uTZVVtOucXHJSGeyHynRgvlbG0ZLuFjnI2VQc5qKNP0TaRcrqHubqbFuV7hbKbwImgNxssp8OunWWu365o8yS4eXHnHot3DGGgZGEuLy+T6r4rRfwdPFNctBoiGtwByo9bXiHnZOqauGjidJK7GOAsfcblLWVBLSS530M9QttGn+WWBPl/Kw8fQ5SeAUprL7dBb6eQ6n5wPVet9P8ATtH01bgY42ulA8xwonRvR1P0/TfN1LRJWSDLnkcewU+qq5a+oFNAcNzjZdytKuKij89eZ8xPyuoc2+F0SGOkr5tEYJ9T6K6oqSKnjDGt45KHbqSKjhDByeSrCIaeRkJzkcCch0QAGAMYRkwoUlXHGS1w39FbeEAEqZ2U7Nbj/wCqDb7dJdZhU1hLIAfK091It9qmqnGsrHHw85az2Ui832hs8LTM0BvDQFnnLACTfRIrrnRWen1vxoGzWjbJ9lnIop7vMa6tJbC07DsEKhoZLzI65XgFsY3jYTwEarrPFIp6XyQt2GO6yWTwe6+m/pu3W2KU1x7Y6prGPApqZumNmxI7pkeTthchix2RZ3thgM2Pp5XOu1Sj7Puvi/B16epVVx5GTvjpozNK4NaBndUsdLcOsK8U0OY6Rn1v/ob647oUjq3qCsFPDlsQ5PYD1WkbI21UTbXQEA4/mSd3Fcay6eol934nsa9LX42vEP8Ada7/AETrld6TpyiZZLJBk4IJDtm/9VR2y1uLnXm8uyc5Yx3f3UimpmiVszxqxyEStkfM7L9mAbN9Aujo9LHUyw+jwH1N5qjwOmm08yff7bIdbVPrZfFqZvCgb/dsHdUlTdj4vhUmA0bAp1bVPuFT8vTjDGbErddA/D0VEoudVCAxuNId3XpnL4q1XHpH5w1/kbdXc7rXlsXQfw8NxmjuV3OGjzBrhsV62yCCjjbFTsa1oHYLjWxU0TIYYw1rRjZDlnji3kdhZJy3nKts3SyOnlI3cVHLamtzHAQ2M8u7p8UMldpdkiPO59VawxRxNDGMAAWeSwxQOjooqdgDRl3cqUW4XGoiHOSDEkklAhJJJgfq2woQ6m5K4d0JQh3W71Tcj1SJHCGT7qEHJuSuJmVCHclcSPCGTvjO6hAxIwd0APyS1MqZ4YGa5pNA9ScKskr5aiVsdvY4n/vPwqELGpq2UzCXnf0UD5itq34pWOY0/idspEFHI5odWOD3+yM3EY2Gw7KEBx0EEJ8aVokkPJRTKHDSAAmmQvOChgY7qEJLXE5JPCGAmulZCCXkD1ysveuvLbbX6Ypdbu2CEyFbkEot9GpdtuRhVFz6ntVr1fMTgaeMd15le/ihWTvkjpZHNysVXXS4XKXXNOSPTC0QoyOhRJ8s9Ev/AMVS9z2WwuAO2Vibj1Nd7oSJal4YewKrGUz36cjOVqLB8P7zd9MsbWthO+tybtjV2MShDsywLnOOCSTytPYegL9fQJomtigIz4hXp1g+HFmtzGSVcLZphycbFa0NDAcJM7U+hE7U+jI9N/Dq0WRjZqiL5io7l+4H5LVRujpmaWNaxv8AhCDVXSngadZxt6qguF9fLG6KlyM90rLkK3ORc1l1pogXGTzfdZy49RSS5ZEchVUomncHSPJ+6E9rG4BKJQwE0MnfNUu1SPzhNczYbLr3AHATJ5207cvOAUeCkOLcd0CWVkIy5wwqyruznSGKm3I9Cpds6Xv16eBKwsY7keyLCDzhEapuLHeWE6jxsp9p6Sv97cHuYG0xHLtsrZ2foWzWiJslW0SuG+PRW8t4ZTN8OlAAG2Ahk8cA7+Sqs/RFss8YlmY10o7+isX1tJTt0RgbdgoNRcZJSSXHJ7ZUAh0xIaFWGU+Sxmu4A8rcfmq6etmn8pcQM9k+O3PkIdIThSmwwxNAwBhB0QrhTl+7s/mnCnawZ/1UuXH4W4AUGaTT7q20ykhr9Lc4wNvVQZHnOyLI5znbrngucRhqHkasIjuDncjCZoPYZJ7ZVrHa5pGhwbsjNdYLcPFuE2Hj8ARxbYO4r7dZq24y+HHEQ0cn2Wmpul7TaojV3KcEDnxDsFmLn8TPk4zBYqRrDxreFi6++XS7SOlrayR5d21bD7BFhhxhk9KvHxJsdm/3e2nxXt4cweX9VgL315eL49zDO9kR7A4ys/KwZC5hoGw3RRjkaqhjsPcXEZJ7nlcwE48ppIxhHtQyMEheXOcj9UwOyMZQzsdyh6scK0iw+T6oB4XXOB4KGSc8phaiI8pAZXAF3W31UGxicTMj1XCQmEnPKhQRN1e64SEMk55ULHLh4TUlAjhJyuZK5kJZChDq4eEwuAOCVxzgRgFTBDjnEHAK4XE7Eph5XFeSCSSSVEGJJJKFtYEkRlLIOcFR6qvoqGLx6ysijZ65QSsURsYym8RRIyByVzTvjKxN1+J9vpXuZbqZ9Tg/Vp2WVuXXPUV0yWytpQfpLBg4SZaiCN9Pj7Z8vg9UrK2ioIDNV1cUI7azjKydx+JtppXFtJSTVZG3l2B/NedOjqKyUy1s8kz3ckk7qfTWuU6RBHsfZKlbOX4s1x0tdX5clhX9ddQXHUKfFJGfp0/Vj3VS51bXPL6mqkeTyS4q7gsE7sOeNu+ytaayUzQNQ3+yqO6X5MaraoLCjgy8Nv1kADJKsoLLOQ06dloGW6mhILWDPupGgovjwKlqmvwKWCx5+uMBTo7ZBEMgDIU5rSE0Ruyj24EyunLsjimbn2SDY2YOoKUYNS58lAeWn9VeAXNkYywDABJK45kr/wC6bupzYI2jAaP0TgwDhTaL3tsr201Q4jxTt6J7rfCAHb5U8AEHIQXN3VbC0R/k2jsiMY1gw0IiaiSSLyD1ey7nK5p90hgd1T2l5Y1NyU7I9UJz2N3cQB90ptINRb6HtITjuoE94t9ID4kwz6Aqsqes6BgLYwXO+6B2xj2FCmyfovNBXXSRxAue/AWMqerKyQ/7uA1p91U1t4uVUNL6hwHscJb1EXwjZXorJdm5qb7bKY4dUAn2VFWdYNaSKWI7dyVkXF7/AKnkrmn3S5WSfTNtWjjH8i2q+qLlUHDX4CrZKmec5meShEYSS3J9GqNUI/ijv2S075zuk1dSZSeRi46HaWgcIWnC7sO6ESc8qnPaQPkJrjkbLmAlgJLmQY4kHlNSSVb2GO1u9VzUT3XEkankgkkkkLsIJJNXMhA3kh1JcyF1EQ/ZpJJJfk8/XA9JJJQgkkklCCSSSUEj0kklAMCSSSUBEutXElCA6inhq4X01RE2SKQaXMcMgj7LF9PySdPXJ3SlxqGineXPt8z3Z1t/7s+jgMfstwqjqWxw3qh1Nb/vlJmalf3a/wBPzULSJBbjlCje6mqPGYPuPVV/TtzkrqLw6twFVB5ZW9xhWMjQ5vqoWXVPM2WMP1DdcDvZVNDOYyIXE7qzbvuhBlEKkkkiAOHcYVVeLVHdaKSmkaCHggg91bLhGVaGI8lsFzn6L6if05cyfkap/wDu0naN3oV6Yx+dwP3WW+IXSst4p/m6IAVEPnafUhC6C6mN2pjQ1XlrKQeHM0nfI2ynReALI5NPc7bS3WmNJVxhzXcHu09iPQrB9UdJjrrpqfpqtcz+MWt2qlkdtrwNn4/xA7/YL0cebZVV+tcjQy9UPlqqbdun8Q9D6hb9PbOmanB4aMNkV7PkCso6211ktFcIDDLTOLJmnljskY/UKyttYKiPRnzMXqPxq6QdeaWTr20UjHSMi/36NgwXs/rP/Lv+q8Qhq3U7mywlfXfBeU/mUJvtdo4mppxPcjP/ABX+G1L1FQS3WhgayvhbnLdvE+/uvCKaoqKGd1BXsLZIzp35C+uqeoZV04eQHAjcLyD4sfDWGq8TqC1eWdu8kYHI9V7LSal+z5v9SeA/kqWorXPs89YdbchGVFQ10tNIaWqy0g43VyyQH812oT3I+VX0OqbgyQ1OHKCTk54RGo8iUGHC6hDlPBGFZY5JJJQSJJJJQgkkklCCSSSUIJJJJQglzAXUlCCLW44XCBhPXNPulSWRwEhcRSAhkHKFogIHCbq9kZCV9kyCQzjByFJQTwp2ERnNPogta6OdtRGMSM+k+ilOaPRBewHO3KTZWpcMfp9RPT2KyD5Tyj6j+CvxXi6qtcllu7gLhSx6i5zseJ7j9F6JWQCJwng4duvhq23e4WC4xXK2zOiljIIIPPsV9efDT4i2vr6yB8DdNTAA2ohJyWH/AKcr555jxs9FY51r7D9TfQX1hR57TLTXvF0V79ltXxta4V0TQHDaQDv7obwXQtqmjYndT6uAx4I3a5QWn5WbTzFJsWngFcRM+hNY4Y0xw1UJY8ZB9VmbrapKR5cwZYeFppG+C7xIxgE7p8kUdTFpeAQQtlF8q3lMzW6aN8dsjwX4jfDSl6oo31NCwNrGDLWAfUV8/wAtPV2uskpKuExyRHSQ7ZfaN2tL6WQyRg6eQR2XlfxN+G9P1NSuuVuibHXRAk6R9a9BotfNPlnx/wCrvpH+TuuqX3r/AMzxCjrZInNdFIW/YrS09W2ujLDgOAyVjJYaqgqX0dTC6OSM4IKn2y4mmnD3cHYr1mlv3LLPh2t0VmnnsmuTQuLoyCMj81YQTQ18BpKoA5GASoQfHUMEjHZBTQDH5mnhdHiSOa4uDKi5WyqsdV8xTkmInOytaarju1GRga2jcKfFVQ1rDSVjRgjAJVFW2+qstV49OSYie3GFSWBqt3cvsj1tG+A5Ix7oVHWz0MwlieQR2yr6J8Nyp8P0kkKmraF1NIWng8FV0NU1JYZ6l0X10aqJlHVyguGwJO/2XoNPOyRmthzlfMQnnpXB8Ty1w3GCvTeh/iAJGx0Vc8axsCTymQnk4et8dtbsrPWNWUlFpqmKojEsTgQVKb5lqjJYOI1jsSHNDHPGY5G5BRdPulp91e5ERntU9lqwwuzDIds8K9bIHDI77oNfRxVkXhSDPofQqlttxfQ1LrdWuJDThjj6KZQeMmjSSwMZyu6fdTcgMA0kklYQwpnmynpYCjWSCBysr1t0jS3+kMsLGtq2DLHhanIQi0IJJNYGV2zqkpRZ84XCiqLdO+lq4yySM4IPdVkhGTtwvcuuOjae/UpqIWhtTGCQQOV4xX22egmdDMNwcLDZDk9VodVHUwyisfpOWkJ1uqTRSGOX+6edj6JzhglBmDZGaRueyz7WdHG6O19GgyDuOExzcjlRLdUmSARu+pmymg5UESjtIcsO+QnWq5V1gucNzoJDHJE7Ox+r2KO5oKjyxA9kUJbWWnuW2XTPpTpTqW3dYWeO8UR0yOJ8druWO/pH+n2Ku4Jztt+q+a+i+ra7o26Nq6Ul1PIWiohztI0f9M7L6Kpa6julKLja5RLG7BGO4xnK6NV2VyeQ8no56e1yX4su6eZx5UyOQkAFU1FUBxGT91cROBamyZyH0Zz4h9LDqW0CeAtbcKMF1PIdifUH9ArD4a9Zt6ntJtNzZmuoPJUtePM7Owd78K2kGcZ4XnvVtluPT17h616daWmLerjZxI0eo790lxyaKXGyPxvv0/7mY+IPSEvw+ulRdIIPH6cuYdHUQBuotcfX/qrz4D/E6D4edSM6Cv1XK+zXKUyW2Zzstgc52Mf8rsDPo77r0Smq7H8QOly5rWzUla0skjeMlhHb9+V88dYdGu6ZqWdM3GV7GVI12er/AO7d2jJ7dt1nshseUdfSOrWQemv79/8AT3/lf+Z92vl1OzjCIx2dl4b8Afi1L1HaZOl+ops3q1u0PDj55Wf95/ixjc+4XtzHDnPKOue5HntTpp6exwkSBunoWcp6angzBV0E5Q0kAJKacjc7rqAOUUDLMKECZC6gsJJ3JRlCCSSSUIJJJJQgkkklCCSSSUIJJJJQgkkklCDFx/0ldXH/AElQgEk5XF0g5yuKEHqJcqOOupXU0g2eMKWmvGQoWpYPGuoum67p2vNfb9TC058vBWy6M61ju0LaOteG1LRjfutJcbfBXwugnYCCNvZeTX20T2S4uno9THMOfuj6GZUj2UOz2TljeiutYLmwUNe4MnAwCTytrqDgQdleQWsAXtGFHwWkKTpQpGZ91GUdByOV1B3DkQEYQkHZKWSkkrIcxlQ6xgezRpCmobmh3KNEM+4SU7y1/wBKRIAyNwp9wozURZZs5u/3VTDIQfDedwr6IOlf4sbocHzL5s+K/Qf+ylfHX0LS2kmJAHIb3x/n+i+ldPuqbqayQ3+zz2qoY17JW4ORuD7JFlamdPxmvt8fcrK3/lemeF9F37wgygrHEFoAY8nn2Vtfad1HcGXKn2DiCcevdYO92m49DX19pq2ZjJHycuN3s7By3lsu0d3t7MEiSIBrweVwtbp8Syj9OfR3n6tVVGClnPRoqGaG70RhqGh7Xtw4exXmHUFtlsdfJSSDLA4lh/wnhbWjqzb6xrsYY/YqR1hY2dQ2d9ZSFonhGfuFy2sHv76/kjvPDuoKCOozKG/UMgrFTxujeWcEL02aIFphlbu3ykehCyd6tjHFzo27hKkeT1ullOTnEiWOuMUjTq+k7r0Gle2eNsgOQRleUgy079XGFt+k7praInu5GFmaNvi9Sof6czQvbjYqJIAdsKfLgN2UJ4yCgksnel0QpWgbEKJIBgjHCnzDPAUKSNxQGacckNzd1HlZlvrhSntwgOYQCojHZDJXTAb7dlBmHorGoaQVCkac4T0uDn2wyV87FDe3Sc4VnK3IUF7d1ZzbY4YJkm+MKScPYDhR9ON0+OXChmaTAVDcYxwgMJ1BTZW5B+yguBHZQVJNdFpQTu2yryleRhZWmnLHrQUU4fGCeQobtJa0sMvYpNQCtLXV/JT+LjLHDDh7LPwzYIVjTy5IGUElk7mls5NFVQkuFfRv98jkK0oK+O5RhkpDZ2d/VVFrqC1giecsccI09HJb5xWQZc3kgJR2Kpcl48BrdLhkKlu1G1hFVCzAJwQOyuKSeOrjEkZz6j0T5IGyDS4bHZJksmvG5FFb6rDsOIVzCQ5uQc5WbuEEluqiCfKSSCB2VxbqgOja5pzkJch1UtvDJ/0qys1wk8XwHnGOFWiTU3hMDzBI2RnIOVnsjuOnprNksnoFK8gAqwimzgLLWm6iWMNLsn/JX0MgwCsk4vPB3q7VMtWuDhggfmqevpXUcnzEAJY76m+inxP2CkiJs7S1w2IQjZS4KmJwe0OB2IyiEZUOogmt1ScZ8Jx47KXG4OAI77qMWpZK2+WeG9UD6KYgZ3DiOCvOLdWT9LXd9DWEuhJwCOML1wDJwqDqvpGnvFKZomATNGdgjMesok4/JBco7TTw1UIlicHNcNiCgVVOHDjCyNirq6yV/wDDawnRnAyt9F4VZGHREe/sqZWnsdsc+zM1VOWu+lVNbQiUF7NiFrqyjBc5unhUtRTOjJwEmUcjLIPHBE6e6gqbRVMjkeQ0HY5Xv/SnVMF3o445JQZGjlfONdQOmJfGcEbq36L6pqbVUCKaXAacZJ4XO1OmT5Ro0WrVL+OZ9OwyFpG6lxyAjkElZnp2/Ut4pWOjdiQNGR/qreObScLj21YZ3oyTWS2BymvGcIMLwWjCkA5WOUcFgidKc05XXjKGHkchBggRrfdJwxvlJzvZca8KECwTua4AhTw7IGCqvGDkKTTy4OClipLJOyU5BBBRByrKHNLicnhOSQ3OIJ3PKWTsPkJIY5TxwlijqSSSAgkkklCCSSXHcKEHNwVArIMnVhSckHdP0CQEFOhLBaKSSM5IIUCppY5Glr288H0V1UMEbyCNlCnjzx3XQps2sE8g+J/Q0NzonyRta2ZoJBA3d/6r5/0y0FX4bwWvidpOfZfZtdQQ1cRhmYCDwfRfNvxY6Vfabs+rhiIjecnAXf0Wo/Zw/I6SSfywB01Uy4W5md3AYyvUvhlffm6I2uofmWD6cnsvD+m67Q75d7tnLbdOXCW13ynlY7DHkBxXSmlOHBWgucMSZ7yHbE4RQcqFTVHiMY7+sZUtjsjhc+cH0z1EJ71kJkpZKbkLqzNYHI7kpZK4koQSHj1REObZuodk2sjAy7jKgyt1DGNlOH0n7KM8Y7LTVPBktWVgwHXtkZd7VVUrWZcWkheAdOD5K8T2+caHA4GfUL6huNOfEJxkFfPnX1mfZOqm1kMeiOZ2rI4XtPDanG1Hyr6x8fvl81a6LulkLKhrfVXbn8EblZuCUShlTGfK4A/mrmkkD2AO9F7GMlJHzpScS8staYKlrDgArd0szXN5B2XmIzDM2Vp4W0slbqpwSfzXK1dK5mj3v03rGo7Js0PJRInOje1w4CBE7LdQ/REd54y0BcOxHvKrf0XEcge3UOCi5yFXUFSHwhhG7diphk17pBuhPcPLznYrmonuhpKjRGeB6SWQkoG7MjDvykUlx24UKlyisrR8tUx1Ib5M6T+aKyTO+NiiVLA9joyM6h+ihUMpdEYXDDonFqJPBnbJj+FGccblElI2wUCQ4IVNNgt4Rmr9FJR3Wiu8WRiURP8AZpWlbJq3HB3UK70rau3yMxu0FwPoR3QrHUuntsUkh8wGk/kqigIvkslxwy0g+i6keEYwZCf5Iz7oTzh4KIdtggqEDNLXgagqW36oairp8Ya2Uub+atn5BByqadzor8C3Zkke49SoLsWSwJwkDlJy4D5ScJiQDYGtI8L3ByojHZwjVGXHCCG6Wk84VxEzCP8ApBQZDtsjkZgce6AOE3pGSfBX1bRpORyFXUvlcQPVWtY1xaQR2VTTjMpHurjLkw2rkDcXFkx9wql5znsrm7twBNhUsg1bjZbKu0cfWLEzHfEJg8Wld30LJggA7rW/ENuHUpPAZusW48br1Gl5qR+d/rVY8tP/AAv/AEI12mLYSAOQq0NAoC5w5Um5zAyiLsVGq3COjDAMK5M4Onj9qKd51aieVGf9SkO4Kjk+ZZLOWdLGQ0GwU+kBCgxHGArWmZgA4TYrCGUxzIL+HBQQcE5RJ/pQjwFImp8cB2orOUHsUeMHUnRQi18Bm7kKSOFGZyAj626VtrM27HYOpfhuM8hU1TIdSn1U3v2VY45Kq2XGDPLmWTi4TgZXU152WRvCCSyRamQ+nZQWkvdv2RqqTLtlyni3zhZ5S3GiKwSIWacDCmMGkA4QYmjbbhSJXNDBpCiaSFz5AzybEA9lALi7OQizv35yo2rJPZJm8cBxjhZFkOOPVTqaIbEDhAjiyQQFPgYWgIIrIFksho2huNkdu4XGNIxsiA47JyhgzSfPJ0jJACI0HKQ5RGNymRWRL5CMaXbKZDEMjITIosAbKUwYGwzha64ZETmO04xgYXS7VgBNklDct7gItIwloee6bNJIfo9NLV2qCJFJB3IUtox3ymwkNAGOUYcrM2e901MaoKCQ+Fpcdwp8TcYOEKnY3bZTYWAhUboQSD05AH0qRrAaRsFFAwolwqvDiL84AUHxls5It3uTY3FrRkY5WGuNyMr3ANO59Ue/Xj5mUxwOOBsSFVRRuO7kxLJ5LzfkPllsrYtLpHascqXC0DBPZKGNunJCdpWiEcHl39x0ngNCI1gLRkpNj23Q5ZMbI20UkNmd4Q2xwqisqnPJaCEesqcAgeip5nl7tz3WO+30aqq2Pe8vO5QlzICaufOzk2JYQ9azoKwOuFb87JHmOM4G3JWaoqOaunbDE3OeV7v0bYRarVGzSA54BP8Aqs07Nz4PWfTXjHfb89q+1F/b6ZsELABwP0UyWdsQ1OwB7poAa0DsFR9QXWBo+XY7Lu5CbTU7Ge61eprog5y9EG/XRlTUfyslrdueVr/h50mzAvldE2RxOI9ZwG4747qi6H6aF3rPm62Nxp4znB21EL0+qmMGWsdgr0emqUII/Pv1X55+Q1DrrfHsFc691TJ8nR55w5wR7bSR0jdT2Bzz3KFbqaKPNTI05JOAp8EL6p4a3YDutJ4ptIn0zBINbxsOFK8rAh4bC1rR2CC+V1RJ4cX2JVuOeWJfIV9QeGhSaCgEhbVVcfmTKSi8J4lqNwNwoV76hZA35aDcu2JBS5zTXDLS3PCJt8v4t8T4KT+YTz5sYWfobc+unFyubiQN2xnjPqi0tEHYqqhuR+EHunPl8Y6W7BY7bVHg+h/Sv0dqPITVtixFhqq4GcinhGiMbbd0qenJ3xwlTUZccnupDy2maA7k+65Wr1WxH3zxXgK9O1XBcHW6It3kAKhrqqoutT8nS5EbThxRbjWGp1U8J3HJUihpG00IaDl7t3FcK66VrPWwohoYYS5C00DKGNscTd+59VLiiyQ4t/NKOEkgkZ5UpkWGjIWnSaed01GJ53y/kFp4StkxhAa3JAAHqszdLx83P/D6MEDcPeO/spV7uxkLqSkfxs5w9Va9EdG1FbL81UMA1bgEdl7CFENLBKPZ+XvqnzkvJ62Um8xT4J/QXQj5nNq6uLEXIB7+5XrsTIqSFtPDGGtAxgKLbqSOgp2wsH0jCdUzAckDHqqlLceNsm5SyEmnZE3UTk9gmUVLPVSiolOGZ9cfkokLH18wxkRsO59fsr6KPQABwFmnLAAZrWtGlrQB6BdXF1Z28kEnJqciIJJNSUCHEjHKEeUsn1QlCCXDwmychNedhgqEESmJJmcKEClDxvjKT9uThZi89aUFJVG126F9zrjxBBwP+d2PLj7qENLLL4eNs5WYq+szPVtt/TVH89WEZ1acxD/xKK3py+dSObJ1LcDFTDdtHTnA99Z/FwMem/qtRQ0lHbqcUtHCyJjdvKME/dQhTU/T9ZVyNruoqjxXO3NOxx0NP2V3EyOPIa0AZTnFriTqQzucKJZLSyOJJOSV3HuotZcqK2xGarmDGDndYPqD4sUsTHR2iHU7ONb02FTkMjW5HoEs1PBtLIGnGVj758S7ZbSWUYbO8bLya/dZXe8EsqJstPZUzJHSHuXfdaa9Ov6hsdPKPLNjeeubtci/w59DXeh7LMyVLpj5nZP3Uqz2C53STw4oHFvcrf8ATnwnJeKiuADT6oswqLclWec09sq613+7xaitdY/hhcbi0PrHGBvOV61aelbJaQDBRsLgOSMq1LGgAMAAHYJUtT/yi53y9GPsfw9slpaC9hqHjGNe4BWsjDYm42XHENHKjyOD/KUqUnb2Zpzcux01dFDnU5VdTW1tT/dRvEXq4YR6mWggy+cYI91RXHqcSsNNRsIA5JVRjhkJE4gPnq5NwqiruVMDiAElqhl9ROcyuJCZI+CMaX4BWiMUMUDlRWTTAAu0hRHzaB9WfzSeJJngQtyD3U2msE8uHPG6LKCawV76mbGY4tRx6plFYrrfHjU/SDtv2WkprMIBiduVPiJpW6YAGj7KYKO2jouzWiNstS5ss3J2Vq6vdGNMADR2IVV/EXZIlcNvdDMs1RtT+Yd0DQMlklVNwqJNnyc+iikyy7Rs1ZUiOijBDqx2CpOmNgDYG490LFkeOg1AOqHD7KQ1sEeBAMlFjpKqbDn/AEHvhNnqqG2gj6pRyAqImxwZI5uqRukKLUTU9NGZGzanDsoFZeaqtaYmAtXKO01VXjLNio2kGDfcp5dm4AT6alnqnDQ0n8leUHTkTQHzDGEK6dSWOyNEUZ8SUbFowiLSyDgsY06qjZV9xvNjs5LWHxZm/hAWVv3W90ub3QwSeBBnYM2JWde+SRxfI8uceSTlWo5HQhns0lz62uFWNEAbA3/BtlZ6pqppnF00jnE+pQN8kkrpcPVMUcDPjESgkbcpxIGd0BzjvvsiwMUUhHlMyUwyYPCGJsnGFAwxIxyhucQuavdDJyjiix5dkbIJ5SyfVMTMYCisnclIDPdcBb3KTnN0ndDLkPCGEoZJzykeUNU3kgTJXExJUQ7kriS4SMKEG5CRIwguJ1HcrmT6lXgg5zjnY7LhcTsShpKZIdyVzJTEuBkqi8MekuB7TnzAY5yoNffrPbMirr4mlvIB3CCU1EONcp8RXJPAJ4GUliKz4o0UbsW6mllG4DuAsxc+ur/cC4NnEDHHhgwUEroro3V+NufMuD1SvudFbofGqqqOIHjUeVlLl8TrVTkspKaSpI22doH6kFeayS1FS8vlke9ztzk5yjU9unmw2OP9kmc5yXBsr0VdX58lzcOv77cWeEwspwefDGCVn5G1FVIZJp3vc7kk5V3S9L1T8OcMD0V7RdO09M0GVoJKWlKfDNTuqoX2JGUprVK8ARBW9H07JJgys/VaumoaWLDo4QCpej0ACnxYZns1k5cIoKbp+njAJHCnR0UUG8bcEqZocU5kXqExQSMc9RKRHDe2E4U3fOFI0N9EiMYAV4A3tkYwluCQiNhBAOUUDK6BhFkIH4bR2SEbQnJKyAkklzKhDq5kJuvOyZqIUIFJGOUIkZ5XRl3GU3wCeThU+iDcgbkrjqqADd66ac5y7KQho2YMmyS58jEm+iLLXsZsyNz/ALKHPWXAD+RTsPu5Wuq3NxwB6pxfaXDHzLR+apzyMUmvRmKmW9TjQ+WFjf8AAd1BmgkeNM878D3WwbTWmUkfNMH3QprJaphtdaYfmgmsjoWqLzJGJnpKMblxefdQJDRtyGRZIWzqemKTfwbnAc+6pazpKt/4U0Th90iayba762ZyV7W8NUSWTxDxwp9ZbKyjeWzRHbuoRaR6pDWDoVyjJcMFqTCcp5aQcYKGrGhNPuugYQ9Xsllp7oMSYSWRy5kISSB8FnS5x2yuJJK85J2JJJJAQakkkgIJJJJU+iCXEihnKBhxjkOSMcoBJylk+qbvk7qN4KHAnKICMIeClkqyH7PpJJL8pH62EnpieoQSSSShBJJJKCRJJJKAyeB6SSSgAkkklCDEs43SSUIZu9UbrbXC/wBI3DXOEdUxo5Z3d91ZQTxVMTZoHh0bxlpHop74mSsMcgy1wwR6hZ2DNhuotdS7NNU5khkAwG5P0lQakvZYuGlweOytKOoD4vUqveQ7I9EKCc09QM8O7K2SSLxq6htyeO66qEMSSakoEKRurAXlvVlHU9H3wdTUIIjccVTQNnA9/wDJeqKBebTT3ijfTTxteHNI3GUUZcl98A7LdqO8UTa2ik1sdwVasOQGkZC8l6UrKrovqSp6drXH5So81MSdg7J2H/y9l6lHOHb45WyLwZ7a89FXUUDLRWZgA+Qq/I6IjLWu77e6+Y/i10NJ0T1OXU7g+13UGalP/dO/FGf1GPzX1tPStuFLJAecZb7HsVkepelIutOn6zpW9taQwkQv0+ZsgHke09l2fGeRloLVYuTnX1qR8jW66fwyoMc2TE/bn6T6rQVEMNXE6KZgII7qjv8AYq+yXGrst3gMVZRPMcjT3HZ354KXT14w80NY4gA4jce3sV9o8fqY3xU4HG1NWODyv4m/DweM+st0RY4ZcQO686t9fLBJ8nWbPYcAlfWNxt1Pcqd0ErQcjY+i8I+Inw8mpZ31dLHh4y7buvR02vGD5X9R+AlOTupRn2yd+cqQ13sqC217m/7vUHzNOnfsrxjcDK2J5Pnk4OEtrCroPZcGy6OU1Cgg4XVwHsuqEEkkkoJEkkkoQSSSShBJJJKEHJJJKEGpJJKEEuEDGV1JAGCIXEYtGCUIg5QOLDApik4KFp91eGQE5mCN+UF8YHflTCMoTm+6VLkIr5Y9XbKtekOqLr0XeIrtap3McCNbfwvHoQoTm5QXs22Kz6nSx1EPjs6Oj4zyeo8VqY6nTPEkz7P6P6rt/WVjgudI9rhJGHPA7HCl1lOA04+4Povkv4a9fVfQN5bI4vltszh48GdvuF9c2u5UV9t0F0oXtkhnGRg7g+hXzTX6Keitdcj9bfSf1LT9S6JWwf3x4a95IEerUY3nIXfNEf8ACUWrpT4mtu32K7EWyxmOTlqyrs9RgY5scrcOaHA+qzV1traOoLo2+R+4HZaRoMDwD9J4KdVQQ1UBhewHPB9FrrtcTLqaI2RxJHz98T/hpT3uJ9ztkIjqmjUQ0fUvA6mKehqH0tVEY5GHBBX23U2sRuLRuF5R8TfhNSXeN91oYNNQASQ0cr0PjvKfG1XYfJfq36QhqYO/Tr7zwu13V1M8MecsPur5r2ysDmOyCsrV0dTbap9JUxFjmHG/dT7ZcnNLYJNgvYV3KSPhuu0M9JPbNFtPG8OBaePdTaOubVRfL1IBxtv3UdxHBUWWJ7XGSJaDmY5CVVJLbZvmKfJhJzj0U8/L3elwMB7R+YKhUdyy75eqGWu23XZYZLfKKmmOYzvgKFtYKyso3wPLJG8cH1UZgfA8SREtc07ELTubT3WnyABIAqOppHwSFkjfzVhwnnhm26M68fSNbBWvJxsfdeq225U9yh8aA/cZ4Xzaf5Z8q1vR/WlVbJWwyu1NGAMnke6OM2jl6/x6n/qVnugIC7q9lTW2+RXGMSR4HqMq3acgFOTycJQ29ifuM+iprza2V8ZewaZWbgjurlCe3HCttoJIpbFdZXZoqh2Xs2BPP2V+x2RnCzd0trhJ85SeSVu5A7qfabl8xCGzOAeNlWf2W0izSSSTChiR4SSREAnVlcIccI+AlgKmuCEV4PdYzrLo6nucL6uliDZQMuaO/ut05g4yo8jMJElkZVbKialBnzTX0bqaV7C0hzSQQq8scTuML2vrfoaG5Rvr7fGGzAZe0fi915DWUktJK6GZha5pxgpDiet0OqjqYZRCZI+B4cz13VzC7WwOyqZ4JO44UmgnLJND3HS7jJ4Kyvs2Tin0WJB7pmEfSMZwhkYVYwZ+ngjvZsRla74Z9fT9LVgoKo5oJHcc6Se/2WXcMhR3RAHbZMhNpi7qo3wcJH1fBNDMG1VOQWSAOBB2KsKWqLiGleCfDX4iz2upisV4lL6WQ6Y5HHdn5+i9vY4EBzeDuFvrsz2eN1ujlpJ49F6wEsJJQpMu2PCbRVTZWiN31D90+ZunYd01tGLGDz5sknwv6gbWU+r+B3Bx8VoG1O/I8xPputb1LYLV1pZnUteW1MEzdUUreWHs5p7IlfQ09wp301XE2SOQYIIWUsN0rukLizpe9SOkoZ3YoKj8LN/pd+oCTNZNyl8n3R/M8j13z4Xdbwmf+XUUGX0844lZ/S4+q+w+hetqPqSxUd2p5ddPUNBeSfNC/wDpcP8AX2Xk/X3RNH1naZqKQAVeM0smN43+uffZeZfCDruo+G3VNX0p1UyU26seaapJ2DXdpM9mO7+mkJONnJtuqXk6d8fziuV+z7cY4PGQ7I9UZqyNovfyMzKOeUSUk+Pkps51f4HH+r09VrRu3OMJsXuPMNcj05B/EnjhEngoIOUQEYQE/JSwR45RmuGNyMoCWSrISEkJJQhISQ9bfVLW31UIESTFzU31UIESTElCCSSSUIJJJJQgklwuAOCVxzgRgFQgnBu+eUE8rp5XFCCSSSUIcIyqq/WKnu9K5jmDxGglpA3yrZJQtPB4hdLZPQ1JkpiY5oXcjYnC3XRfWjbjE233B+moZsCe6n9WdN/PxGso2ATNGXNA+of9V5vNE6KQTU7vDmYcgj1CPob+R7YHZ2wukZWN6I60huP/ALtuh0Vbdg4nActq5+WnZXkBrBFkYhB5zhHcd0CRm4KooIDkcrqE3nGUQcKiHUkklCHHN1d1S3eka0Cqibgj6gFdoE7WybEZHBTEQzsc2pg90N7TyDlPuFNLQTa27xPJI9kzxGyMGBjZFF+gzz/4qdFUXVFleXxaaiMfy5huY/yXjPT13nsdwbS3Bul5aGye59V9N1URONtgvDviZ0gIp319IzU7dxA2Lcf5rJqNL8x7L6Q85LxmpUZPj0WE7RMxsjNw4AtKuLBWt3p5sFrhocCsF0RfH1gNsrJB5R5MncH0Wla51LUDf6Xbry90HCbifqXxHkv52mUjPfETp42i4/xKAj5Wscc4H0Scn9f9CsHWwgtJC98q6OlvtsfRVDWvjnZg57H/AKrw65Uclmu09lrCfEgcQXkYy0fiWZ8IvV0YzJGMuNEWuOlqFY6801ZoJwAVpLjROByGhzeWkcELJ11O+lrBLHwTlKlE4c18Vimj1SORtTTMlYcgjKEWHCpekbxHVRGle7do4K0z2AtwBhJwen098b4JxKuZu6iyNAHCsJW57KLI30QYGSXBWzN3wFGeBhT5G57KFID6KjJav0QZ25OcKFM3I2CsphkKFICjOfcvRXyj0UKVpBwrGVozwosjM9kZzboZIEoxhMbyjTNO2yEeFDBOOGFGC0jKhzMwc42KLGfNuUSoAMB08qIWyGwYdyrShlOA1VTQQFJpZy1+44ULqs2PCNDBKQAcqxppTrCp6N+vBVlE8EBRo7OltzyaGjlyANWDyFpKSZtVSBjjuBhYqmqC0BvcLQ2qoDm6Q7BwkyWDvaazJJBlttQJI3YY47jsr2ORssbZGnkKt0sqYiyQZKjUk09vqBDI7MbjtlKksnTjIs6+jirITHK3J7HuCs5TyS2+qMLnHTnG61oGsAg7cqtutsZUxmRoDZB39UEo4DfHKCwvD2A553CLI3U37KmtFS5rzBIfYZVtr0duVna9GuiTccsLRTupZvEHGy19urfHjDv2WLa7BzjhSqK5S09Q3SfL3SJxOjp9Q4zWT0CnlyWjOytYXAsHA/NZq31AmYHE7lXFPOMALO4najLcSK2jFXEWE4PYqhjfNQTmnq86SfK5aOJ2TjHKDdbYyupzsNQGx7oSumQ48OwQQQfdGAOBvsqihqXU03ydUC1w2a7sVctGByog1YksGR6x6XdcYhXUADZ4jqI9VnunL6+hqTR14c3PlOexXp5GVkerOk21bXV9EzRM3cgd1DDZTKqXy1ItTC2dutu4IyCqquohjOFUdLdUPpp/4VdMtOdLXO7H0WympmzNyMYO4Kg6q2OohldmKqIND8EKmuVvLD8xA3PqAtlX2/BJDeypnR6SWlJnHchVlPOSw6D63mtkzaeeTY+XJPC9wtN1guMLJoXg7bjK+ba+2OjPzdLyN3NC1XQvXb6eVlNUPLcHG65l9HtGzSat1tV2M+gYZ3NLcjlWLD5QSeVnrTdaW6UzXxvGrHrwrGKdxaGOOQOCuXbDk7fotMg90OVmcYQon5IBKknBasu0sjfUuNJaeUnDSSu51ICEgYISbkbhDBwUbYhCQNDPwCf1UoEaQQqs5BypMM3DSeEsCUcE5snsuSb8Hf0TGgHunOGQrAHxPY7IacnujMGMquEj6aYSEeQ7OKsWbtDgfqSwJvA4DC6kklgjEkkkBBJJJKEGysHYJjX4OMI5GVHlaWkyAfkmpcloBWML27Dc7qC4t+l5wVZk+K3hQJWhkulwGD3WiEsBpZIsrAd8LHdc9KxX+3StY1viYOMra1EekgBQ5mbjuulprdrEzjuW1nxzdKCo6fur4JWkaHnBx7rTUNUKmnZM0+YDlbX4x9FPmEl1oYh5RrIxz6heV2C4mB3y8md9sei9Bp7VNYPPThOi7Y+j3/oO+fxG3MglfmWEaHZ5+62DH57Lxroi5GgubHl+GSgAr16ORrm6wch24UuR6LS3JxUWS9R5TkEYOwTgcLBJcm+MshEkkkIQlxwy3BXV1NCl0RmnSSEJw1cbIk+NZcOEM+YZToGZrLK+uiBGcZXl3xQsRrreZ2Ny5mdJ9CvWakYbkjIWT6poXVVtmbCOclei8Zb8aTPL+b0kba5RZ4l05MflDSvOXxOOQr+B5Y4LPx00lvvjgBgS5yPdXrXey+gaafyQUj4trNO9Pa4lnGfFG6vrFWljhAfsszRy6OVZUU/hTNlHY8IbY74uJq8ZqZVWLB6LTP1AAqQxx9FV22p8aJsgVmJAQDpXn7o7ZbT6no7d8FI42TwanI+l2xCtmHIVPM0EZ7qfSVIdEA47jZZJROrVYTUkzlLISpLJpTHAnO5TwRhATtXuqDHpqcmHdQJjJG6htyFWzMFNUiRowyTZ3/MrAsO5JUWrjM0RAG7dwrQtjScppGVyNwcwEJyasYEybfQxzQdjuCqC3j5G6VVv1ENJ8WMffnC0R4Wdv7fkqqkubNv5oikP+EpcnkBMu2HI5yk7BGMrjS0g6eDwgEnPKNLI1D3fUVxJJCGOVReA6nlpq3GR4gid7Z7q3yAq++tMltdp5a4O/dWngAKd+F0Y33QqeRslPG8HZzR/kugEd0beReBlQMYKhiTJxhTKh2wyoIAyUVfHYqYdpywhCaMOT4ucFcdgcJu7PBlsA1LQWKib/LqHjHKv5sSRlg5VAQRX4Ki7Md+Bl1dqpxtjdUrtgd+Fe3RmYNj3VE9mIpO2Fsr9HF1v5GO+IzgIYCDvoGFhC44ac9t1s/iESXUoztoWGkcdwvS6eW2pH54+s/8A83l/hEGVzpqsYGd8KNeZHM0wN/NSIgROSfVQbm/XUD2RzeTg0rlEMjDceyjbk55UyYgNUZgGVmcsM6G7aFgyXN24KvIwBGPsqqjYXPA7K2aPLhHuyjVQuNwI7lEjj74wmAEuUpkflUgMB4wiRSAHjlMIOeE9kZ22WhdmezjkM/shyOOEZvdR6ojYLXB4RislxlESpdnuFFH1J8xyeUMcpM5ZYlcjzsMqFWTYGMKY8hrQSqupmDis1rwjRBEZ2p8gOFYwNDWgkcqLSt8R2cKa4Y04GEulZWWFN/oLGMoUpJBBKLnDVDncOMqrHjoqKcmAnJLgcpkbSXBLOXhSoGZ3IWd/cxklsDU8eQM9lYMYGgFBgjwBlSSMY3Vx7Ms5BAAF1NbxhOAyU0RY/wBD2+bhS6dmDqIQoo9wMKyhjxjZaa1kQ5+h0TcjccIoc1gyd8JZaARjChTy5PhNdufRa0sIVt+SSQ92qWbU0bFWlNHpY0EIFDBs0varIBuAAEic8nsPE6L+PFSE0aQBhGp2F5xwhxwlxGBkqypoNAHl3SlLJ6OuHOR8MelTYo+CQhMG+ERxDG7ojUocA6ueKkiMkjtvRYjqK9+V7WzEegCn9UX2miZoa/JbnvyVhnPlrJi952KtLJwPK+QVS+OthIQ6V4cRyrGOMNAOFykpGhmSOESRwaSAtMI45PG2TcmNcTkANwnMbnO6a1n4k58gAxhHuF/4HSSaAq2qqBpLQQn1VQRkeqqZZTqyd91nts4wOphlnZ3lx55UGQ4OxR5HDG53UKV3bPKwXSN0IfoI49gUm+3KE1pPfK0XSlifd6xg0HGrAKxWSxE6Gi0ktXaq4mx+G3Sj3yC51ONBwQ0hetU8ejA7KBZrTFa6GOmABc0bqxLxG0uOwCqlNvLPqVGmho6I1xAXSrFJBrAWas9rf1BeGt30asuwiXaarr60UzHEhztLQFvulbNDZKVjmR+dwy8n1XodHp8RUj5n9d+eenr/AIdL+59lzR09PbKdsEDAAOUmB9TOZHHY9k0vL3cIkYP0tbuujCB8Uk2+Zdh42yyy+BDwO6vIWClpyTgnugUNPFR0/ivGCRyUB0k9bMI4NmDko87QMskCczytjH4lZ0NPHTu1vaCRxlDo6RtEzxJgHPeO/ZVV3uklSTSUA1Obs7dKsue3bEOumd8lGIW/dQtkcaSkOcbOcD/kqyjohGW1dWzVndrSnspKanHiujGrG+fVKMz10wYwHbYDsAubbZsPrX0h9FO5xuvjwOdUSVTtmloBwAFYUdA/Gt557KRRWz5fBeQXFGqZ46KPJGSeAuRqdY4vKPu+g8dDTRVdawhj5IqKIySbY/dUM9ZPVzF5+k8BEqZJ62TVIcDs1FgpWxkOK487Z3Syzv1xVURtNTAnU5gyrSCnIdkhMp4CSMBWbGNY3J2wtFVW5nP8hq4xh9wLwwxocRjCr7tcRBSFsW735aPb3RLndYYdVN3cNiodpoZblVtDfMBzlep8fpXpY/LLs/P3179UuedLp/8AqE6Z6eNwqo5pYi4ZwARyV7JbbfBbqZkMbA12PMq/p2zR2yBrnRgux5TjhWlTOIhxlOuudj5Pic7HJ8nZ5REOVVRtqbnVFpz4WcfdExNXT6I878q+o6GKljADQXdykylhAj6SkZBG1gYAAFJXGrqQ5ZLHpJJKiDk1JMRkEkkkoECXMj1SJwEJ7sd1CHZSNt0wnPdBkkOr/wBUGqq6aki8eqnZHGOS48qEJZIHPplUt46loLXHqkmZLM7Ph08TsyuH27KBUXW8dQCSl6fjZTU3etqBv9mD0VnbOkrVRSCsmj+Yq8bzSeYooxyQoG03VHVmH3Cb+FUB4ji8tS4e7hwtFYenLRYqVlHQUwa1mwyrJ7Q0aiNh3UV9bAPJE/U/ONkWMEDvww5A5Ud2DtrGfRRZX1LGiesnFPFzk+iyHUfxUstmElLaofm6o7GX8P5K4VOQSi2bSSphpPPVS6IwN3HssB1P8WaGkD6awhlS8beIRsvOL31re724iercyM/hacKljGDsNz+6fCpR5Zorhjllrd+prxey752pIYd9LDhVDpS7Ddx6LWWH4edQ3ste6JtPTvGRK7fI+y9L6f8Ahh0/ag2WriNZOB9T+AfsmucILsOVqr6PJ7J0FfL6Q+GEtYeHEL0zpr4R2+3xtluJ8WU7kE5XoNLBT00Qjp4WRtAwA0YTse6zzvk+E+BFt85+yLSWyioYxHTU8bABjZoUkNI4cuhwPBSKzyk5PLEOTfY3OATqB2QdRdyOUnvbFu5yo7h1LDCSyly8jb81FFsItaioigOZZA37rM3HqZzi6CibiRvDlAnluVzk1zg4PG/ASFLBSgOcNzymtNAtYIRjuFY/VPK459SimOOmZ5seXf7pSVz2+SnySptvsVVWHxqoYzuArXARUmpe86IBz7KXTWWWqIdOzA+y0tNaqWjx5GknnIRJJmRDZM35Rblkr6Wz00DRlu4R8iMEgbBBqa8DZpwobZK2qdpj4VZ9lZJFTVjj091DJrKpwbT7e+FZUlkdKRJUnCuIqOCBoEbQFfyFFHSWUafErBl57qe2mdgMghAA22CsnspWt1THGOFHNTMNqFmrGyqUskBx2/VvUNx7lMqbhaLe0sGqWUfhahz0lwnd4lZVFjDy1pwuQ2ankf8AymHV6ndQhWzXa41/8lmYIRwM7rtNaJ6p2oEuPdaGjsDXYdM3yj2VhPVWu0U+qTSzA4HdC5c8F4yV9B05DE0PlA/RNu18s/T7A1z2l4zluVluofiO6Vpgt5cGDICwdXcJ66UyzvJJ9TlWoOXIUY5NJf8A4g3G5vdBSv8ABh7aBglZiSV8pL5HlxPcnKFgdjhccQe6dGOB8YY7GnOSSVxLITXkaTuiSD6Gl2NkNzychcPKESMYTVDIZ0v9SE1zhg7j9UIvAJAKESSeUzYQO4jfdRzyfulk+qQOEvAxLI4ZGwKakXAppIwijFsNROIb/pK65zc8oJIwj6LHEnK5kpp5XEBBJJJKEBJJFDOQoQkFwwdwo5JyuZPquEgbk4VonZ1JcyByQO6o7p1r09a8tlrBI8ctj3wluaXY2NM5PCRerh2Xndf8VZJmuhs1tLXf97Nx+QWUut5vt4eTW1bi0/8ADacM/RK+Vf0m6rx85/nwep3DrCwWwvjqa5hkZy1m6y1z+KZeHQWmjGD+OTfP2HZYcULti/BKn0tpllLfCiz+STKU5cI1x0dVHL5H1nVHUN0l1VFZ4cZG7Yhp/X1VaGF5wSSPfdaWn6WqZQCfKO+yuaHpelgAL9yeUDhJ9jXqaq+FgxUVDNLgQx/kArOj6ZrJfNLCCttS22lpsmOEZI7owYQdlarwKt1r/pM7RdNwxEGVgGFcQ2+mg+iJufVSgw5RdIwNsYR7THPUyn2RPAGdmgBP8Juc7fopGkeiarxgTvYJrcH6cBEAGEsBdVjE8nMBIgLpQXageSoQ47GduFxJItOOFCCSQ37OyVztkDKgYU7DKH4p9AuOl0g68NGO6q6q7W+l3mrIxjsHIJT2jIVubwiydORtgLjDzlZet61t0DSIAZXeyoqrrSumyIW6B7lKnqILg016KyR6I57GNLnuAAVdV9QWqmPmqBkLzqpvtyq2lklQ4N9ioTnudu5xP3KzvVNP7TZHx0X+RvJeu6KN7mwNdt3PdQ29YXq6TfL2+GLPYkYKxmn3RIp56c6oXlp9QcIJaicvY+OhriejU9j6mr2tdU3eCInlueFNb0GagA1vVIZ7B3/qvNW3i5dquT/zFFbeLgDl1XJ+pU+TPYEtJL+l4PSf/ZvbD9XVMp/+2ro+Gdjzvfs+5kK85F+uIH/aH/qutv8Acc/9of8Aqr+SH6M8tHfL8ZnpQ+Glj730/wD3Qrn/ALN+nxzd5f8AzFeft6huGP8AtL/1T/8AaK4j/wCKf/5lTsj6QP8AB1K/r/8AJG8f8Penh/8AZqUH/mKDL0FaNO1+qMf85WLHUNd3mf8Aqnt6iqhzK/8AVC7F+gFptUn+X/ki/uPQ9uMJH8blP3cSqZ3QtIfpubz+ZUd1/mfzK7ZObfZm/wDEKofCOoj0x3+wMRO1e/75Ka/4fvA/lXGMk/cp46jqWnyS4RB1RP8Ai0kjvgKxn/zRBf8AD26kHwpYn/bKjH4f9Qs/4TD+aux1XN/Vj7J7erZWnPiO/VC0T5dVD0jNydDdTs4og4exUWXpbqOH+8tUoH2W2Z1pVMP965SR15MB58Px67hBsDWs1Uf6UebyWm5w7TUMoPs1RnwVUZ80BA916oz4gQ8S2+neP+QIretun5P+09PUzx3wwZVbGgo6+9/nE8lw4fUMFcXr3+0Pw5qhiq6WmB7mN5bj90CSL4OVf1R3KlJO+kNfhDyOj5D9wZ5QkN+F6s/pD4PVhzT9aVVGf/1ij2H305wmn4SdO1pzZviXYHjkfMF0OfzI3VcjFr4P0zyzGFzYd16i34C9R1oP8Hv/AE7Xenh3SHP/AN8ok/8AZ7+KVORpsD6jPHypbNn7acoJLcOjqa5HnKY5q11x+FfxFtOr5/oy8xBn1F9G4YVDVWi50TNdXQTwtO2XxkINgfzQfTK7T7pafdFELlzw/dU0VuQzAQyDlSMEoeAoFlH7NpJJL8on63EkkkoQSemJ6hBJJJKCRJ6YnqACSSSULEkkkoQSSSSgAlButsjuVMWEDxWjMTvR3ZTlwnG6gZn7XV+NEaeby1EJ0SNPO3dGqGOOC0ZIQL3TGhq23iAbEhswHp6qYx7J42yMOWuGQrDXLD2eu8XVTynzN4yVaA5Cy8pdSVbZ2bDO6v6eqjqYxJGc+o9FQE4BCcpJJKACTk1OVohjevekRe6V08LAZGg4+6g/Dzqea4xy2e4PPzlGSx2o7uwvQcA88Lyrr7pm42O6f7UWEkAnLwz19/ZOU8Eayj1Ollcx499iFy6Ur3aLhTt/mxA8FUXTnUtHfaGOqpXEOHlkYeQ5aGKoJYM7J0LNxitrwzyH499Bu6ms7etbHT666hi/3inaMumj/Efyw1fMlwpv5YuEDvK3BHvlfdVVI62XB5Lc0tR5gMZDcr5m+M3w8Pw+6m+apnMl6evk5ER0/wDZZSBln57afz5Xt/pnzEtNNaeT4OZqatyMR05eTWM+WldlzR5TnfClX63x1tLqcwEs/wAlkbjRVPT1c2pp3nwnuyCOCtjarpT3ak1scNQGHt919d02pUuTgamlZwzwrr3oJ0Ej7rbI9J5e0Dn3WRoLi4tEM+SWnHuvpW+2RtXTOZG0Zwdl4h1f0JI2pdPRjw38kDYErsVT3HzTz3gN1jt06/yQo3BzdQOxTlR2+vmppDQV+WvYcAlXDJQfzWlM8FdTKubiwoPZEBGEJdHKsSFSXBwuqCRJJJKEEnJqcoQbgpyJob6IaheMCSSSUKEkkkoQakkkoQS5gLqSrBeThAQ8FFXMBRomQSETnspRj90AxY3CTsGNZAFmCN0F7PdSzknjhMLcoZchlfIzuBuvSPgv8Vp+jbhFYbrK42uc4c9xz4R+y8/kj25UKWHJ2aubr9DDVw2yPQfTvnNR4HVrU0P/ACvTPuhktPWwR1NLK2WKVupj2nIIUKWBzJNbTgZXgvwJ+LMljni6P6inc6jlOIpXHOhfQ78SbaV891eknpZ7ZH6z+n/Pafz+kWpo4/a9oj5bK3B57pDyt045QpGPgfqaNlIaWTMDmncchI6O41khTUzZQTjCrZYgMtezIPYq9LccqLVQh/0hHGbyY7tOmeM/FL4XUl+p5LlbYRHO3Li0BfOtfQ1doqnQVEZZJGcbjlfcT4dB4XlnxR+F9Pe4JLjbYQ2cAlzWjlei8d5R1NQsPmP1d9HR11bvo/L9fs+ebbc5Z5TFKd8ZGTyrdjs7LOXe2VVmrTDKxzJGlWFuuLZ2+HKcPHf1XtKblYj4DrdJPSWOuaw0TqmlDmmSPkbkBco693/ZqlvlPGe6fE5zXZ1ZCJPTxVEenADhuHDkFPSMJyIOp5fEhdgc4U9klNcGaXtGvhUrKh1LKIKnO/DlLGWkTQnfk4VgP+xEr6GSlkIIy07gqHpI3BwVpo5Iq+ExS41YVZV23wnHAwrQcZxaxIsunuq6i0va2VznN9QvWunOqaK7xiJso1gd14GctJHorK2Xmqth1QOIOQeUxGDVaSNnMD6MByuPGQsV0x11BXws+ZcNZAaRnfK2bJRI0ObuDumZOHbXKqTUkR5YsnZv7rP1tLPQzGohyY3HJA7LUFuVFqItexbkFQWnyR7VcBVx6HHzNCs8hZZ8M9tq/GaCYySdvRXtLVx1EQkY7PrumZCwSUkgc7pIyhJHhJJQgMgoKlEDlDwUvoLsjlmdl59170SypidX0UQ8TcuAC9IQ5Ga9tt/UIZRUkO090tPPdE+XZojE9zHjDmEghRJC4nYYwvW/iP8AD8xar3aovKAXTtA2+4C8pkjHIzysVkMM9dpL46qGUy0t1UZovDkdu0KUW+6zolfFI1zSRhXkFVHNG14O55Sv8jLK2gh4Uc8qUeEHBJQ4wJRHew5DhyF6p8MfiLJFpsF6m1Yw2nefT0JXmLm55TWtwcjkJtdm0TqNPDUQ2yPq+CcHEkTlawTioZl31BeMfDT4htqQ2z3qf/eB5WSuP1jsPuvWqSXScjcLXCeWeO1WllRPDJ74hjICpL7ZqW90xpaxvk339FdtqA5oBCFOwEZAT2k0Z4z2vkzNiutZR1H8BvUgEjP+xzH/AI0fYE/1f5rO/F34cw9U2z+K0ETWXClBO2xkHv7rT323RXGIRyZa5h1RvH1MPYgp/TtyqZddquYDpoW+V/8A3jOP1SJrKcTTVfOqasr4ZTf2f/iPSdTW2b4YdZRl1Wxum3yvfh5xtp3G7xtj819A9MXyv+Yq+nbxg1tvdrbID5Z6c8TD3O2fyXyJ8WOiZemrtD1v05rhDHeLIIsjwpQc+Jkfde5dFdVQ/Ffoq33a3VDYOo7NpBk1aQ2bgNP/ANDezbj/ACQQe3gb5SiqSWrq6ff9me2B4O4GyJqWb6R6qp+qLaayOnfTTQyOgqKd5y6GRvLT688q+LiRwmnCY7Xg8IzXAgbhRfF82nCTQT3VSWSiWkhNc3SN04HO4QkDJJiSsgTJSBOVxJQgTO3KZk5wuJKECg7blLI9ULJSyfVQgVLI9UN3bdJwPqoQJkeq4SMIeT6pZPqoQ6Sc7FLJXElCCSSSUIJJMSUIJJJJQg4rEdZ9Mhzf4lb4cHOJGt4++Ft8hcLWuGlxGDzkKBR7PDHskbIJ4HFk0ZyCNt16J0f1jHcom22ukArG7MB21Kp626XdQa73b4j8tzIBxnvssTK5zvDrqCTw6lnmjeDjBRjXHcsnu4zwRuE2RuQsv0T1hHfIW0NwcI62IYf/AIvda0s7qCWsEJ2prhtsiRv24RS0YOUBw0nYKig2R6piZqz3T1CDUzOU9MO6cQi18DKmAxO78H0WYhlfS1nykm4JIBK1bm+6ob9b/HhMkTMSA5DgrUsEGzR6gduyzPUNi/iFI5rANYJP3Horu2V/zTDBK3TNEMOB7+6NNGCw4RN5GQm4PKPlHqOiqOmb06sjDmRNfnA91vqC4x3q3xV0RGXMGrHcq/686WpauGTXADqz27ryCzXK4dH3sW6rB+WqHYa/tj0P6rk67S7o7kfafoP6pnXNaa98M9VtFf4GaaU4BOx9FVfEbpc9RWr+I0IjbW0mSXY3mZj6T7qTE5kmmVmCHDIwrSlqCBpcMgjuvOThk+8QnHVVZ/Z4jRyCqozBIP5kW2Dz9lQ3ijOrcLafEKwP6ZvJv1MQaCueRoA/u384P7qoljZXRtniAHlBwktHH1NGHgxlFUS2y4xzN8rc4cF6nbqhldSMmYc5AyvNrvRPZJ4wadLjjHorjom8Pp6s0FQ86JBhuexSZJIPQ2/BPa+jYzxAZI22Ve8YBVxM3UPXZV7ojgnCDCPQSjlZK6Rm/CiyMbhWFQ0MbkjdV0nGff1QGK5EOVvooMrdtgrGQdiokowN1Dn3Irpm77DZRZG9yFPmA9FFkb5cgI/RgtRAlZ3wokg32VjI3I4UN7TzhQ59scEctOchO1eUgroPIwhyNJ3ChmlLANwaDsnRbOXS5uCAUJpw5Ehe5F1QuGNyrGN+ypKOTcFW0UrcAIl9x0dLbjgnxTluNlbWyt8OZpJwCqRu+CpMPlx7pU4M7dF2zDN5TyB7Q5pBTqqmNbEGNIa9u7T6qnsle1uY3nsAMrQRHPmGyQd+mSsjkHZqt7ZHUVVs4cZVq9g9FR3GkfK4VEB0vb6Kwt1cZ4xFMf5jdvulvo0xIF1ohBI2sgbjJw8D19UeGUSxtcPzVk9jXtLXjIO2FV+BJRzFp3jediBwsz7HQ+3oOzBOCcJSRloD28+qa9vl1A8IkDg8hjtkMo8D0/ZPsd3fTSiGod9lsaGp8Zgk9V59PTEOBYFb2K9mN3y07vscrPKODoaPUOK2zZ6BSzeylskLgVTUVQCBnhWDJARlIlwdSP3LKId6tnzbBPT4EjN/uottq3ysMMx87Nt1ealTXi2vDvnaIYkG7mjugUshLgnjkIpYHtGwVXbbi2paI5DiQbEFW0eBhEN3LGDB9c9HCob/ABG2s0zM8zmt7qN0f1ZrAtF1cWyNOljndvYr0aWMPGAMrzvrTo6WF/8AF7VGfEB1Oa3uoc26iVE/lpNTU0gk3DdiqO52lzczRN55AUjo3qqK604oK1+meIaRq2P2Kv6imB4aMdwo1lGiL+WKkYFhzlp/dVVytb4ZPnaPynkgLS3i0TUr3VEQ1Rk5wOyg088VQzwngArPZXkCUfZc9A9ay08raeplLS3bde2W64wV0LZoSDnkei+YK+jqbbU/Mwk4zkELe9B9dPgeyCaQ7YBBKwX6XPKOhpNXnFdjPdYpTspzHkgZVTQ1lPXUzKimeHAjcehUuKfhuOFyrasPB1E8rKJT2h35IAGCjNfnshSglwwsko4LE7fBBRonbac8KO05C4HFpCAhNcBjKa0lpyuRvBHKccchCRolwyhzRvupDXAqrBwpEE+fq7JYEo46JdREyaIsI5BUO2VctO826o307scTyFMDgodfSmVviR7ObuMchWKwXAORlccotsrBVwDP1sGHfdSzg7Z4SWgOjjlxOIyuafdLaIcSSSVEEuFoeNLuCupIyEdzjC8sH0jhRawF4yBue6mTxl7cDlBHoRump4Y1ckA5cPN2USZpDlIq3CGTAGAR+rkNwBxkLbVLBezgpb3b4rjRPppsaXDGSvmLrXpybpm+Pc3+5leSxwGy+rpmg7kLzn4n9Ix361vfTxBssZ1ZC6+kt2yOb5DTfNDcnyjyqwXAuaxwd5m4XtXTdca22xnVksGCvnSz1Zpaw0znfTwfVew9A3lrJRTSu8sgwutN71lGTQXOMtrPSIJMHBUprg5Vevw5cOOAeDlTI5GkYysNqwd6E8oIku4z3S0+6VtY7IRDG+VxFUj2WRpQSCfZRYZsHwyN8qdIBjlVcrfCm8bstNbwAyTUDVC/bfCo5MSNfG8bEEK6EoeNhsqarGidy7GjsxI5fkK90Mnj3WFtMdU+eFuHRvJz7ZVfTTOe0Bw3W76vt4dEZ2x85ysFGWxu5xgr3XjL99WD499QaX4rtxYQuLSFOheSAPVV7HgjAUqN/Bwuk+Wedrn8c1JGy6drv+AVpojnIWBsdRoqQtrST5PC42rqxZk+k+H1Xy1YZLkBGMDlKleWPOO6ecackKM4Ycc91zbUz0dc8cl1HLqYu5KiUVQNGk7qY1wcM+qSb657kNTgTlNJwuavZTI7IYFI8IY5T87YUDGHlMcAnnlNcqYDKuJwZUPi43KkLlRGwStkAwV1XFimkInCrbtGaqmMTQMjzDKnytJxhR3NB7qCpL2R7ZVCqo2y8Friwj3CkFuBnOVT0BEVyqaSIkagZQ3sT3Vq0nBBG6tPJIyyNOySR3SOyIaddlBrofGo5GE/UCEUPz2XXYcMZUIyltE75KUMI3iJjx9lOc/cDCgWtroaiqpntxh+sfYqbL9QKuPYpDaw6oMjlQw7IxlTpgNBHZQzjBA7Is7eBMwkZGOUOTgpkbjqIzuiKkY5vkCSd1T1DdNwbsrp3I+6qawYr2fZOXZlt5Q2r8wwfRUU27H+xV7U8qjqRhz247rTV6OVqVl5PPviFJpdT7cDCw0rsjOPVbb4hbui+ywszsABemp/2kfnn6wWfLTyDYACXKmqT4tQ7J4VtK8MgecYJVGTuSeVcng8/THA2d2cbpo5XZeydE06gUprLNeMsm0Y8wdhWe2nCgUwwM4Ux5VpYOlWsVo60ZcFJH0hAj5CmDhNgWyPgFEAyMeiQ5TQ0kFOijNcPPBUGqfnlSnvDAVXVMmXDZNzhHPnLIF5LnZK4kuEgDJSm8Ax7BVLyBt6KsdlztyplS/Ow7BBpoy5+Ss1kjSuES6WMRsHlCOQD3SDWhoHCE77q4LgX2zkz8DIVdJIXHClSP5z6KI05PCXbwPgh8TCSCVYUseMFR6ePVyrKFgwEuKFWyHNGAigZ7poAKIibMkpZCNRIgS7hMYDnhSoY8kZCdCOeRM2SIYxgYUtmGNOyHCzYZTpXtaOFpgsGdrngbUT42CVtp9ZMz25GdlGa2SqeGtGB6q7pqfw42txgAK5Syj0fidDGX+pMKwNa0YCJEC4jK5pJxhSqeE5G2yzttnqq4YD08OMEjdWEYDW8IMLPKCQihpeMhUuzWo4QXfsqLqi9R0EXgCTDnDJx6Kxr7jDboTLKfsF5nfLo66Vjp99I2aCmo5fldbLT17YdsiVcxqZzJzqUq304aQ4hRqeMvcCRwrMaWNHZHGOWeIvucuwrnCNuBsgNyXblDnkOQeUg7HZPykhC55JBk0N45UOap0hcq6kMG3oql88krjl2wSrLF0jRXD9hZp3SE7qNI8DunuIAP2UKQlx5WKyw11xwdlf3yFEkcc5ynuOeUwMdM4NZuSslk8mqEcvCJdsgNTN4IGV7n8OumG0FIyslZk4yMrD9AdMioqopDDkdyR3Xt1LTNpoGU8TcBgxt6rPnez6X9P+KhpqldNfcx32VfeKgx0zgwguPZTppTC3OOFUQ0013rC2P6Qdz6Ldpq90kjX5rWQ0WlndPpIndJ2l8shrKpm5Hl9ltwA1gY3gBVlBD8tE2H+nupzHbL00IqMFFH5h8nr5+R1ctRPtsNGBnhTaWBocJHjAHr3UKM4JUyEyVDmxxg47+yZnBzbGHe+a5S+BFkQt2PbKuKWOlom+YDYfqU2ngjpYhjAwNyqmur21M4p2E/kk3WoKmmV01GPsJdrhPWt8KmdpJOM+ya1kNBA0t80jh5ne6WYqWLVJgnsPVRIYJ6+U4JA/Zcu7VbD699I/ScZ7bbUOa2qrphG3zfYLQUNDHRRhoA1nko9rt0dFBkgFzhuUCvqmNJa0ZXH1Gs38H3bQePjRBQgsIdVVUdNHrLsnsB3Kpi+Wql8SR3PHsnykzu3BP5osMJwMLmWydjO3XQoI5HAAOOVJpaRznZJwiw078jy4VnTUmAHHlFXHngRqZ7I5AR03h4yEC6V0NLTuaXZdzhSrpUCkh1AgHCzMYmr6nSTnWf0XqPHaJQSssR8i+ufqeGg08q4S+8ZTUVVeq4CJv1cn0C9V6Z6cp7VTtfJGC/H559VD6Z6choImzSMGojIC0heGDJXT1F6fCPzbqtZZq5uyb5ZIklEYPChOdPWSiKNmR3PoukS1cgiiHPdXdBQx08QaN3HkrDKWDIcoqKKmib5fN3JUpOLUtPukSnuIdSSSUIJJJJQgkklxxAG6MgLISJAQ3HB5TfEHqoEde/KDJKM4PPp3UWsukFMcOcM+mVWMju17rHRuxDS43d3P2UIEq+oadjzS0QFVUniOM50+zvQoNL0vWXSrZXX6QuczdtM0/wAoD39StBbbBb7W3LGZceXnlErLvBTP8CHzu+6hA0cEFNEIo4mRxt2wBgBQqy6RMeaakPiydgCguNxucgBkEcA+r3VXfupukeiY3zOlbPVceEw5Ofv2TIrc8IJLJPFHV1Zzc6g08QGS1juVmepfiJYOl2iG1MZUT7jJGcFeedT/ABMvPUEro6aY09OeAzYrGyGSV+qR7nOJ5JyStNdOeR0K/bL3qPrm+dQ1TpZaqSON3/DacN/RUDg6UbjcrTWD4eX6+6ZomNigO/iFer9LfDiz2BjZqlgqKgjl+4H2CPfGoOUo19Hk/Tvw06gv7myvpGxU538VzsfsvWunPhr03YmMqHQ/M1QG7pDkA+wWuibHG3RG0NHoBhNwBkrNZfu4Qid2XgG5jQC0AAeyEdijHbKC7AO4SnFyeWU3nkI0YyuCTVthcMrGZ1FQqm5Mj8kW7ioZ23km5xu44Cra69xQv8OJus+xUKepr6w6XP0M9lDl+Vo/M85d7lMjBsMFM65V02tztDD2yhS0lNR/zHAE91GuN8DG/wC7u34ACq6aO93ebwyCG8kk7YT1FIIsZ7u2Py0+59Au0lquN0LppHaWu7EcK2tfTMFK4SyEOJ5GFdsDYxhuwHognLaQr7dZqaii0PjDneqmFzWDA/RcqqgRhVlTWPOzDgpSeWQNWVRjxkhVsk0k+zBlFjoa2reDIfL3V1SWyGmaMNyUxSwQpqOzOqnh8px3/JXtNb4adoDAPujMYG7NHKf4TzjtlBOWVwQYW4XBFLM7S0Y91JZACNbiGj1JVNeeuaS3PNttMTausPDgMtH5oIvL5IWdVDS0cPj3A4YOcqldfxVzintNMdPGrHKBS2W+33RVXupw0nPh52C1FFS260wBscLA5nfG6YlktLJAo7TWzOzcT5CM6Vaj5K3gBxAx6rO3/r6joMiOYOI22XnV76xuFx1COYtDk5Qz2FGOTc9TfESmps0tufqI2cR6rz263+4XN58Sdwae2VTkuccuO/dOHGMo1CK6HxhgSYuk90DITIxQWEgheccoZcfVN1e6ZkeqNRyMCeKfRCdIQMrhkA2TNauMUiDjL2whuJIKRf7IetvqjB7GEnKGnZCamjYrIkkxI8JeEPSO6vdcLsjGUFxOo7lN1e5VZCwPc852KFkpJitIoSSSWCQo2kQeME4ykhtBceVCr71brYHGqq4mlo3GrKCdigFGLm8Lssedu5THBrcZdjKw1x+JTGjNnp9Thka3jb8lj7ner9d3O8Wsc1juQ0pErlLo3U6CdnfB6hdOrbDadcdRVnxWctAWMu3xTknDoLTRBrf+8k31fYdlkY7c9xw7Lyp9J0/UPePJsUpuU+ng1rS1afmRCrb1d7s4irrHuBOdOcAIUNC6Q5OST3K2NL0lw58X3V3S2Cjia06MEKbG+xn8iEFiBhKSx1L3DDNvsrum6YmfjXgD7LWMpYoTgNG3spQGBhXGvBms1M59GeoulqODL5RrPo7srOKkijw2ONrccYCnHgoAd7ItoiU5y7ZwAAYSwEklBfY7AHZcLAU5JQIZgJJ2n3S0+6gOBqanEgckJqhBJIck8MO8sgaPdVdw6ps1Bq1V8Jx2DkpyS7HRqss/FFuULknZYev+JtIRikhkPbV2Ko5+v7zKf5DtA90DvgvZph4+6f5cHqE08cAzI9rQOcnCrKrqiz0oPi10II7al5XU3K7Vji6orJH6u2pRjTOccu3J9d1nlqJf0myvx0V+TN/W/EO2tdinhe/tq2wVSVHxDuznHwI42N7HG6zzKIkcY/NONORgaf3SZW2S9muGjqgGr+oLzWOLpax/m7AqtZNLI/Mry4n1U8Uwx9IS+XwfoH6Jcpy9mmMIQ6RGEQI4RPDUgQkbIgi7pe39luSZDEZ9F3QVM8Jh4HCTWtAIwptKyRMH0S0k9lILBnZLQFeCZI3gTHcMXfAqB+BTQCBgApHV6Eq4xyTJC+Xn/oS8CoH4FN0u/pP6pCIk75V/GgZT2kTwZ/6V0QzDupnyziM5SFM8fjCvbhA/IyF/OHr+q6DNnfP6qb8s4fjC58uf6wl7mRz/ALEfJ7ldyfVGMWE0hoV5LTwDyfVLJ9V3I9UshTJXJzJ9Us4XdbfVLUPVQnJzOEs4XcArmndMzkmByKhBgO2UTSxU2U1kWn3Tw3PdINTw37fqqwvZWWcEeUvDREkW1MFrILSQdtkWKa7RgfK3Cqj9o5i1dLc8HCLGdOFbrj6B/wAFlb+u/idZmj+F9a3uAM4ArpD/AKrRU3x5+MdFEI5eoIa0f/rtDDUZ++tpz+ayBk7eqR8yU6+SlJ56N2748XitAF++G3RFyPdxs8cLnfcx6VEl+I3w2rxi/fAS2bg5NvuM9Nn93LFEEd04OB2KCVORqtaRtIrh/ZpuFMWV3THW1ibncU9dFUs/WQMcUqjoL+zzcGCazfF+utrpPphu1meAP/FG5wWO8IDf1QhAXE5OEPwF/Mz9akkkl+Sz9jCSSSUIJJJJQg9JJJQgkkklBIkkklCD0kkkZBiSSSAESSSShBksTJ43RSNBa8YIKz1uc+hqZbZOfocTGT3b2WkVTfKB8wZV07R4sPm9yomEcq4hLERjJQLTUOpanwZD5X7IlJUCoja88kYPsUKupC4eJH9Td1ZH0aEHK6qyzXF1VGYZT52K0Az3VCmcSSSUIPG6FV0kNdSSUcwGJWkZPZEXScol+imeNhtZ8N+qGNrPNQ1TyGkcbn/RetU07J4WTxODmPaHAjuCqnrbpxvU1odSYGth1t+4WN+H1/q7RcZelLvM5zmjMOvt7ZTYywBL7j1V8UdZTmKQAnG3ss9erDbOs7PXdG3uHWySMtac7h4+h35K9hkIaM/khV0QI+YhbpqI9w4d1v093xzUjn3154PjS8dPVXTdzqegOq6fRV0hLY5fwyt7OaVi6N9Z0teBSVgwH7bHYjsV9dfGT4cj4l9I/P22nH+0FrIMDmjBk/qjPrwMfmvl+op29VU9Rbq2jfS3ahAbIx53yM5/VfVPpzzMbY7Jvk4mr07fJoqeoirIRJG4HZUfUlkiqYHSCPzeypem71NaLn/BbmC152Gew7Lc6muyMAhfRKLl6OBfXy0fPPUfTdNJUuEjSyTgOCzVNJPa6k0NfktJ/lydivferulIa1jqinjw4jOw7rya82bVro6xmCPpdjj3W+MsngfOeDy/krILZA7hPHKqNU1mmFLWuLmH6H42IVpG9pAcDkHcFOR4O+mdMsSQccLq4OF1QUJJJJQSJIcpJDlQgZn0hDRGfSENQtiSSSUKEkkkoQSSSShBJJJKEGpJJKEEuHhdSVNZLAloGwCY4ZCMmEHCzyi10NRFeOyC5gPZSnMyeUPwj6oH/cZGWOSuqacPwCOF7l8EfjDLlnSXVlT9OG00zuC3sPyXjMkJPbKh1EErS2eBxa+M5BHIXO1+ghrYbZcYPX/SX1Vd9N61XR/F8SXrB90zRZGkfqoMbzAXNc3gryv4JfF9l+gZ0v1LVYuUeG08rz/ej0J9v9V61PHrOcL5/qNNPTz2SR+rPEeW0/mNOtTpnmLHPc2Vgc07oA+rS5KFxjeWkd0aZoLvEaOVnOlJqRFqKfuByq5+MkK5bK0nSWqFVUeNUkfc5+yfGWDPOCweUfEn4W0XUFNLW0UIZLjJAHf1C+Zb1Zbl03cHQ1DHAsOxxyF9zNYXcj3WE+Inw4oOpqOWaGENnxnYd12dH5K3TrGcnzr6q+kKfJQd9UfvPmS3XFlS1ocQH4/VWEchIGVW9TdK3Lpaue10bsNd6JW+4sqGYecPHqvb6PUw1NeYs/PvlPDanxs3C1dFtJTR1kfhybHs5Q2STUEngz7sHB9lLifjcJ00bZ2Fjxz3WlHEUk+BBxGJoj7qypqiKqZokA1LOxyTW6bwpcmMnYqwa7iaEqKWSpxzyh9faHazJDgeyrPDewkOaQVpaecTRbnchQ6ulEm4A3TSQljsqoKiameHxOLSDnZei9J9fM1tpaolrgPxHYrzmpjMLtxyhsdg5GxHB9EWQrqa9RDDR9HUtfFVxiSIggozgHjdeOdN9azULWU9S8kNIAdnsvUbbeaa5wNkpzuRuEzs81qNPKiTiyVUxCWMxnuqSSOooJvEizoz5mq+xwUOojDhggH7o0JX9zlLU+MwHOc7qU1wKopKeoppi+Fx08kZU6nqjtr/ADRkLBJNa4EJysglwgYyupKEBkIeN/spBA5Q8FV0QWzhpcMheNfEvoOW2v8A4paoAaU/Uxo3avZWplTTQ1cLoJ2B7HjBBSZw3GvSaqemnuifKT4yMZGMo1NUGJ+B3W26/wCiprLVPmjANPI4ujcO3+ErBzwOBBxhYroHsqboamvdHsvIZhI0EEZRBhU9JUeC5ofkq2D2yNBaUoTZHDE5oHCCckEYR0nMCoBMhkSseHscQRuCvbPhp8SG3RjbXdpQKsfiJx4n+L78rxlzMpga9jhIxxa4bgg4KbCzD5M2q0sNTDDPryOQEZBRxh+y8q+GXxLbeImWO8zZuTfoe448f13/AKvZeojLBk7rZGeUeP1WlnRZtYKqpNTS4eizldTSCQSMyyRpy1wO+VrWSA+VwUC4W5041RNCITCWOCJRzwXihdR3CNr8gse1w5XlNJLd/wCz/wBe/wAToo31Foq3Fjw041Qk5MZ9HjZeia308xI2c08Il3s1u6vtE1urWgax5fLkRP7OaPVJlHPK7N+nu2ZjPmD7Rt7rVCmNF8YuggypoJadj7xSsO0tM38Z9ZWjbOy9JtF5or7bILrb5GyQVLdbCDk49/Qr5W+B/wAQKvoHqZ/w16ulDaWsfilkc3Uxr3bf+V22fTC9S8Sf4MdQNqC+V3RV3qQHtaNrXUOPBG+Iznb7FEv2+jHqtJKue3/+39Nf2/ueyZB4KeookikOqF+ph4PqitdsmYz0cx8cMLkojTkIa4BjuhayQlNXUBj8bYRg4HdUQ6kkkoQSSSShBJJJKEHpJiShB6SYkoQSSSShBJJJKEEkkkoQSanJqhBZKWSkkoQcRqb4ZJx/kvIOuul6rpyr/iMGPkXclg+j7hewZxugVlNTXKlfRVkLZIpAWkOGVBkJYPBWVMrXR19FNomj8zXNONQXrPQ/WkPU9u0uIFXTgCVp2I9/2XmHUnTdf0fcnNnBloJXHwZQNmjOwPuFBfJU0TmXuzSBk8BBw3iQdwfVGNklJZR9APOrHZDe3blUXR3WND1Xbmz0/kniw2eJx8zHLQZyoIawRtJB529EVq5J5eBlMJyVARJLmQNiV1NICeFHkHAIUt4QHEZ2VdPJZir5G+z1wr4x5Cdx7FT4qllTC2WP6XjIVndqFlXCWvYCMELGWqu/h1VJa6rIAcdBPomxaYa5Jl3oG1cHhuG54K8Y+IXSb6yA/LsDZonFzT64XvU8WpmccjlY7qO3sqID5fO12fugurU1g6Oi1k9HarI+jx/o2/vdG611rS2opxg6u49VtaaoI2K826vts9hr3XenzjIDwO4K1Vsu7K2nZIwh3lGT6rz+r0m0/R/0j56OqpipMvrvbqa/W6W21YBhlGHev5Lxk+LZbg+31bdJAwR6e69jpqknAKyvxF6dZcbeLtRxgVVMfMAPrZ3z9lxbIOLPeW1KyO9GJulA6aAvjAc0jKyMjZKackZa5jsgjZbG0V3zVMYX7PYOCq6/W13g+M3BIOQR6eizTi2c6dTTyjT9N3Jtxt7Q5wMjBg774U+WLy8Lzzpq5vt9wa1ziI37Ee69KyyWFsjDkOGUtPk7Gjv+ava3yinqohvkKskbhyvKphzkKpqYiFZd0f0QJG4HKhSsLjwrB0ZOeyhzDGwGVZzro5IEgKjuGymS4Jyo0io5thEeACVDkaADsplR9QUaRuVEY5rJAkBzwmv4R5Gj0QHbqjn3rBG1EOOSnNfnZdniJ3AQY9iQVZlbJsEuCD6q1piXEbqhiJDlaUcm4BKbGWDZp7NrLpoy3co1O/U70wo0XHOURjwxyqf3I7dNmcFpDK6Nwc08LY2urbU0zSTuBgrDxHIzlXFqrDTgtO4KxzWGdvS6lpqJrdJdwghj6ecShvKJb6mKeIOac+o9FJmg1Ny0ZQHbi08YHNnDuFyZviDCjNBY4NKkRk4BISJI0RAsbuY3DC4Y5IX6xwjytBAc0bgpMkbKCxwUfQ0JE4TDdArKVkL/AB4mkalyMmKXT6KfkTRjOAkuOQ1yTun73pxBUuweAcrXUs4e0YIXmtXTvhxIwEb9loOnL1kNp6l++cApFkMHU02p24hYbdrsjIKceEBhAaNwirPtwdB/spq+jFNL85TAgk+YBWdLMJ42vacghEIadjuqqZs1tqBLTtLonnzN9FZZeMIb9WN0+WFr2jAGCokMlPX02pu/fnhTIfPseypBOGUeZdZdNyWSsF9teY8u/mAcFajpq/0t+o2gO0zxgB7Dz91o6yigrYHU9RGHMcMEHdeV3y11/SN0FfQahEXZGOMeisztOHB6FUUrHsLHMGCsTebS6kqHS07SBzhbOw3qk6it3iswJmN/mN7gplbQxzxmOQc9/RLKZiIXx1sRgmAJA7qplppbTViojBLMq4ulsqLbUGWMHGc7d03xYqyHS9uT3S2siWucm4+HvWxp5GxTS5jdgb9l65DLDWRCenf9QzgL5ab49pqRNET4ZOV650D1oyoY2nml22Az2XN1OnbeUdrT6lOKiz06KU50PKkAh4OyiACZglj5KfFJk6Xndcm2vazauQukAk55TXtJ3Sec4IPC7C8O2dyEjAcHhiiJYcEqQw6kCUYwQlESCAlhSx6JMjdsoTZS12MIgfkYQZmHYhCKaLCmlMg3IUjnuqimmw4A5VlGRpByqAlHJAqvEt04q4hhhOH44V3DI2oibK05DhkKJJGyVhje0FrhggqLbpPkZDRPcdGctz2QLkXJF4klyklYFciSSSQljEkklCHCMqNM3D8+qlIM7ScEK08BR7IFdCXQlwG43UNvmiDvVW3bBbsqao00lSW7hknA9CtEJZHJ5QyRmVWXGBr4HNczIcCMeyt0Coha5mk75XRpm0BOG9YPmH4ndPOsN9ZX0zNMEvGBwe4Ujpe6lj45GvwRgr0z4mdPsudpmj8LVIwFzT6FeH2ieShqjTSEgtOF6DTWKyKiedui9Ldu9H0ZQ1YrqGOUOy4NBKnU8ucNKwfQ951s+XkfnbC2Ucmhyuys7VM98Uy6Ycjd2coqgU8mtoU4Yxysrjg2ReThGFw7rrlxKfDGISh18WYiW8qehVEfiNwmx4ZZWU78HBUS4R8zJ3iYqjHjYKRUsBpyMZXRolteTHqVujgzd2pmzUjo3tzkbLya708lLVvAYQM5XtE7BIzQV5n1XTCOqIcNiSvYeJ1CjhHzn6k0O6Dn+ijo5A7YntspsZwcqrpX+HPp7ZKsmP74Xpj5jL7Z4ZZUMphnbJ6LeWuoEkbXrz6mI1g+i1lmqdmtWPVQ3cnsPB6zEtpqWvDhhBnb3TInEjZSCNbeFx7Ynu67NyyAp5XNfgjCtYpMtCp5D4bsKXRz42KzNGyqe3sstPuhpN3GQijkpUlg2J5GpZOMdkklQzI5DciIbkTIwFQwuZjO/KHHJrjBxujvG2PVRYj4ckjcbYwFIin2Occgn2UVxwpP4fyUZwO6sX6Ke5MdTzx3KHZzHAOA7hW7Xa2h/wDUMqLWQiaJ0Z/EMJlrnc+m8J+S+I6D9uytLAEXzyS0kkkQ0YkSSMZSPCGSc8qFy6KefxoL4yTOGSs0EfZWEv1bdlCvGGSU0w5bKAVLJDon7Zzwji/QhvB0nLD9lFb9f5qS36PyUR31n7qMVYxjP794R8gclRmuDZ3A90WUZwoZn0J22Cqq45ZNHMBkZwVYyO0jA3yoFcP5YOfxJmeTLcAqZOCBsVVVjczOKspxqgPsq+q2GfQcrVU8YOXeeZ/EXZ8WVgZ+2FvfiWCHw9lgjvheloeakfnj6v8A/wA3s/6f+hGqZP5DmnlVpGTyplef5hwdscKAAQTur7OBWsIRGSAUSEDUh90WD60LN9XZYwtGkYTpOQmx/wB2E5n1BQ6EesEqHlv5qS3hRYuyks4RoqbwMIwnkAZXe6E47fdPgjHe/tyR6g4Oygy+qlzOHqq6pOSMFXZwjmsadzgJtQcDGUoUGqcPVZpSww4RywLyS4ZR6Zu+cKPHu5T2NDWocZHTlhcCkOMYKE45G5XXcoMpB4RPhAx/YOb0BQ4Y8dk087klSqVhBG26zyluY1yUUHpmkdlMaMYTYmNAGAjHA7Io9GWcss4nDhNRGtOQPVEuxMnwSqVocRtyrOKENA2USjiO2yso8NbxwtUEY5SO7Nb6Kvml8STw2H81InnGQ31Q6Om1zB/Ybppo0tEr5qKRPtcOhgD27qyAOeEynhGxAUvRxhJnn0e60dCqgojoItWNsqdDCNsBAhGloJCnRYbD4mEo6KWECedLgwcuRXSClp8uwUykbrmdUSfRGO/CzHVl98NxgjeRkHACKKB1F8KKnORW9YXvxZjDG7IxjZZqLzOCE+V9TLqec43UylZg6iNk1cHhtZqp3S3SJVPEGt322Se/tlO1ANwBj81Hk9ymb8LBz8OTyOyScpTODWjcIQOwd6KDW1PLSd0qdmB0IirZ9btIOyjwjvhDaS92XHKc52G6R2SJTNMY4OSkAYDlEk/6p0jvMgyk9is0554HxWGOwcEK56Zsk1bM2QN2KqaWMzztix9RXsnQHTbXhrhEDjBKy2PLPUfTfjv5t++S4ia3pKysoaON/h+bStPE0BuXYH3XIImxMDQ0AAcKLX1LYxoHCZCGOT6QvtXBAulX8w8UtLnA2cfVXtooI6Kna2NvmcMuPqVUUVOHVDZS0EFaCLgH1Xe0NC272fHP/EbzkZSWhpf92TGbkHCM0gjZCBAZuU6lY5x2BK6b4PkDaXJKhYZHaG8kq/o6dlOwAD7lR6KjZTsD3AFxTKqrL3mOJ2w5KXZMRtlbJRiOr6102aWmccjlyiNjhoITNOcvPGU5jxEdbuSosMVRdqh2DhjTjPoudqLsRbPp30h9Mz1TVlq4O0sVRc6nDeO57ALW0dLHSRBrWgHG57lMt9vhooA1jd8ZJ9Sh1dcGbALzup1Tmfo/w3iKqKFXFDq65iNvhRjnYkKpcTK7ZxwVxzjK/wC5U6mpCSCcLBKbfLPRQoVawMgpztkKxpaXzAgYRKak48oVjFTbDAAVJ8g28IFHTNaOESUtp2anEAI2jBGBhUXU1a6GIwt5wux43TO6xM8V9UeUXjtM7G8FPX1c1wqi3VloOA0LY9H2CKNhraiL6dm57lUfRtjfWVAnqm+XZy9GwyNgAGAOAvU2y2LCPyZ9Q+Xs8pq5WyeUEY/Ax2CcyKatlEUbds7lDghlrJRHGPz7LRUdHFTtDGbuHJWCyfJ505S0MdKwNA39VLwAAG7YXcDHKZq9kGckHJJJICCSSSUIJJMXHODRkqECIFTKGYyU2WsbG0nGfQKtlfJO7OSjIFnroW7ZVZVVNROMU2SpTYdZwRnKl0tOyGQPICgRCoenWVLmVdeC54V1NPT0NPu4N0jAUWe4PLtEGw9UJ8ETWie4S+U788K8N9FpZBvq7jdGPjpRhh4chTzWLpan+dvVT52buaVkuqfifarG2SjsrnGZuwcF5Beeqbzf5XSV9aXEnPKdVRKX5IOMMm86v+LtRcXy0dp/3amJw1zBglec1dRNVyeNUSueT3ccqbZejr51CWvoYCYzsHei9a6T+EtHbhFU3cNqJAPMxxyE57KukHlQZ5n090PeuodJoYcRn/iO2aPzXqvTXwqstnjbPcYxVVONy45aCtxDBSUEbaejp2RMG2GjCdI4ObskWXy6iVOxsDtDxuulxl3OyG/lcSHNy7Eyk32PyfVLJXFxzgAqXYJ3UPUKJPLjYJPJJ5UeSWOP+8fhNiuAhskjn7HjuoFZLSUEfiOIz91U3nqdkIMEA3PcFZqWauucmQ52D2TYRT7KSyX1V1HHpzCcewKp5Zaq4Sl4y4HgK2tXR1RVNBqXBud/yWuoOnqC3saI4gXepCY5xhwizM2fpSWctqp+3YrWw2+CnaHMaAfRHDGtb5SAB6DCi1dfHEPMcEbIJS3dECOIbk8YVdVXBkR0g7hRam5STHET8hPprTLVASzNKDt5ZCM+WqrH4YNQU2gtMrpPEmGMcZVpR2+Gl3aMn3UoDCpyyQB4WABgA+yIGklPIxu7YBQblfbdbYw6V4c7+n1QkLBkGoZ7KquvVVls/wDKfIZZx+Bqz9XeOoepqgQWqM0lMeXYxlW1q6RoKACquLWz1B5e45UIVof1N1brE2mgpc+UN2JCvbV05bLPGHiJr3jl7gnXO9UdFCS1wBAwAsFfeuat+qnpJMDucolFsJRbN1duqLba48ySAEDYArzjqHr6quDnxUbnRtdsT7LN1lZU1j9U8znH3KjFme61QjgdCAUuc/zPJJPOUPLR3CTnAZGd0En3WpQWBmEug+R6hLPuo+r3XC7blL2F5YRzs7oBJyuF2/K4SMKAndXuEMuJ2JTCd9ikSMI8jRZKYDhcJGU1QtLIkzJSTEzIagdyVxJLIVfIWJBPCc4YGyCVM5DEeU3JXE/jc8BRySD7EuZHqoNffbVbYi+qqACeAFjrp8RCQ6G2wDB5c/uhdmOh9ennZ0b2Wqp4ADLKGj7rPXbrq00OqOnLpnjsF55V3iurn655n79g7YKPFTuneAASTukOeTVDRKvmwv7j1xe66PRE5kDfWMYJVA6aoqpC6Z7pHH+o5VxQdOVc5Di3Y+y0dv6VgpsOnaCShktw1zrp/FGMp7VUzkBsOM+yuqHpWqkcPHaGt9VtIaGkpQNEQz9k9FGtMXZrJdRKWk6bpabkhx+ysIqGnhwWRjKlLrtwo4YM7vnP8gKYiHlDUImJJJJQsR4P2QDyjng/ZAPKhDiSWR6pOwwanbAKm0uyHcFIEDkqDX3y226PVVVbGO7Bx5WWrviZBE8toKMS6eHP4KTK+MezRXp7LfxRt3OA3ccAcqJJeLXT5E1Y1pHK8rufWfUV1LmOmbFGe0YwVVCKonOZZXuJ5yVnnqH6N0fHOPNjPSLn8RLPSFzaZoqHDgYWWr/iHeqzW2nibEHcaRhUsdtY3z4yfdGbShpzpCV81kvZrq09NfK5GTXPqK5N8KoqnNZ6gqEbZOXanSh2fVXbYzpAITTC4clDlvhmlWJcJJECK3R4AeAfsj/JQM4bwpbYT6crroy0ZIVbUBKTmQvl2t2AS8IKUZGAY0oJeAqBWehmgJeCPRd8X2SJJGzUOMhbxaGAchMy3fA4TvlqmQ7MOCiRWyoJGrhVtyFvS7ZGMgB4/dcL8jhWjLK4jdm6J/CImkF4wiUMgfPH9lIJHuOANk/fGcK7bbqcctRBRUjRkt4RfGRXRZQajwG7pD5ntEtAKalGwj4ThGwcKbEU7ig01/8AR+y6GV+fpH6LQ6RjGFzUxTagP5D/AEUQp68jbH6JChux4aFfB4PDUj9iVarTB/kZ7KIWy7n0XRbLwPRX+T6H9Us/f9UTqXsr+Q10UDrVc37Od+i6LJX4/vVemVo5cf1TPHHc/uh+KGeUX/ImkUoslbn+8CILFVEbvarfx2n1CXjt9Sj+GP6K+af7Kr+AVPd7Uv4BUf1tVr817FL5r2Knwx/RXzT/AGVH8Aquzx+iX8BqgPrH6K2+bb6FI1TT2KB0xl0Wrpr2U5slVxkJfwaq9R+iuDK075KXis9SrVSXQf8AImUv8JrPVqRtVaB9TVeeMz1K4ZmepVfEB80yiFDWt2OE75WtGytnytJ2S1D1/ZW6sjFeyo+XrEjT1g7K01N9Ei5o7Kthfyf2Kvw6wfgXNVYOYxj7q0MjeNCaS3KmwnyEEPnP1RlP8STuw/opeQma/wDCpsK3oj63f92f0XQ5xOdJCkgg9kvKpsJvQISPxjGUg+f/ALr90bSPRdyfUqbCpPJ+sSSSS/Hp+zhJJJKEEkkkoQSemJ6hBJJJKEEkkkoQSSSSgkSSSShBJ6YnoZPBBLhAPIXUkKIZ2oZ/Dq9zMYimOpvsVYFhMYdzlSa2jjq4TG8ZP4T3BVfQTF7XU0hw+LYpmUWiCS+3VvjtB0OOStDTVMc8YkjOQf2VXWwCWE4G4Ue1VjqaXwJOHcKCmsmiSXBuMpwGe6hRwcozCNPKjJ+SoQORnB9F538SelHTg9Q2tpZUwebybHZehNdk4XTGyRpje0EOBByiTA6Md0D1PJfba2GrcPmYQA4cErWPGRyvKOp6Gt6Qvv8AE6AljS7zADykL0iy3iG726Gthxh7Rn2K0wkJsrcnlBXufTyNkZ9JPmHqvDv7QHwoqXub8SejqZnzsO1xiYMGRh5k29Mbr3h4ykCRwV1tDq5aS1WROffVu4PhC422n60tTaqICC5U+TgbOBUzpnqF9dG631kJjrKUASNJ+of1Bbz4zfC6f4fXV3VfTrT/AAesnx4TG5NO934f+X09F5ldKI1D6e/2wBlVBkvDDjWO4X2nwvk4auqLR5jV0uFjZrtbZAWuAIPZYXq3pkvc6ojbqa7cEdlo7Rc4rlD40ZIe3Z7Dy0qz8j2FjwCO4K9XXZg4+pr+SG08HuFshnY6irWAg/Q/uCs2GVNnn+TqyTFn+W8+novXusOk3N1VdK3LOS0dlhLhQx3CnNJUt8zeD3C1J5PFeV8Zvi1JdFZHJnHfKO05VQz5m2TfKVeS3hj1YMkz+aYeDuplRLbIkJLgOQuqCxJDlJdAz3UEhWkaRuF3I9QgZKWT6qF5HJJJKFCSSSUIGSSSUDApJJKACSSSUINSSSUIJNIGDsnJKsZLTwR3NyeFzT7KRgJFoKGUUy85ImkeiG5oxkKYY984TPCSHFh8+yuxNBMyop5HRSxO1Me07tK+i/hB8W4OrYGWC9zNiukIDYy7/jD7+q8C8NudwopFTQ1TLjbZXRTRO1NLDjBXK1/j4auGHw/TPd/R31jqPpzUc5dcnyj7Vnpyx2sem6YyUnynZee/CX4rU/WFGy0XiZsVxgAaHO28T/1XoMsLi7LQvA6iiennsn2fqjx/kNP5PTx1OmkpRaHSR5wQFwO1eRw7rsb8Ya4FJ7Q0hwCBGyZFqYvAfpaMjChyAnJVq4CbAI3Ud8BZ2ToyEyjno8/626FoeoqSRwhaJsbHC+bOsuiK7p+qe5kTtAO4A4X2PJGM7BZfqzpGjvlLJmFviEc4XR0nkJaWWYni/qX6ap8pS3FfefJdsuOoCCc7jYEq3Y/vhSOuOhaywVkk8ETgwHJGOFl7ddnsl8GcnHG69po9bHUx3Ls/O3nPA3eLta2mjdFHWR+HI0D0KrSKm3vLMFzBwpzJcYLeCnSETY2W5vHJ51P0wdLXAkFmQe4VrHIJQPVZ2ojlpJg9mSCeFNpao6gMJieULnH9FpUUEU7MnGeyppaGWFx1DbsrmGYubwivp/HbghHgpSa7M5jRyVeWPqKqoHtibOQ0HbdQa62kZc3sFWFjo3Y5RlTqjcuT3Ox9T09fTsbM8CTjPqr1smvsvALZeKqidmOQ49CV6d0z1fDWwshneNeMblGjlanRSX3QRrZ4/LsFBfqjdkD91PbIyZgLXZyFHnizwnLo57TTwztPVnYOKmxyBwyO6o5MxvDgjwVmkgFWW1+i5SQIZdbcgIwOVMgnVwgYyupHhRkBHlJJxweEkLWCAK+3Ul1pH0dZE17HjbI3afULw7rPoyssdZJqaXwPOY3AL3lqhXa20t0pXUtUwOa4YB7g+yTZXuNel1c9NLcj5inppIyHEcd1KoqrOGu7LT9TdOy2uWSll83o/GMrI1FI+E7LBZW4s9VDUQvipJluxwe3UOE5VtJWtjYI5OSp7HiQZCoko4WROamHfbGEZMI08KmsFJkcOmhmbPTvLHsOWuBwQV7r8M/iZHfoGWW7ygXFgDY3H/ij/qvDi0PSjlmpJmVNO9zJYyHNc04IITK7MPBm1elhqI4a5PrcOOdxhHY84XnXw0+JMHUtM213aRsddEAA4nAk/wDVeh7gHbhbIyyeQ1Gnlp5bJLkr7tbW1TDNDhsjdzjuqOmqZaWXIOHNOCFpsnJJVVdrX8w01FONLxuQO6ZKOELi/Rl/iD0hT9VWd1bQERXCnGphBxq9QVo/g18R6Xrfp6p+GvW8Lfn6an+VLqncTwnbDs/ibj778qFQ1To3aXHjZwKxvX/TNXbq1nXnTmYqilOuo8PYk/1H22OfRKlLBsq/1ofBP/8Apf6f/wC09c6D6iuvw1vsXwv6okqKm21L9NgrpBjLe8LufMMt79wvZGSZPHK8Roqrpz4+dBtZK4QVlMzS95/vKecAeZp/LlX/AMJeu6+prKv4c9Wnw79Zz5T2qos48RvrwN/sihJx/Hr0c7U0Tt3Tx96/Jf8A3PVQV3I9UHPbK7k+qbnJzlySAd0UH3UdPyUoMPkeq6gAnPKKCMKEHJJJISDkk1JQg5JJJQgkkklCCSSSUIJJNSUIJJJJQgkkklCCSSSUIJJJJQhBvVmpL9bpbbWMDmSDAJH0n1C8Uudpq+kri+z1rXGnLswzH6XDsMr3lrm7nKqOobHQdR299HWRjVgmN/druxCJSwMjPB4OZrp0vd29R2STAOPGjHD2+4XuHSvV9o6ttorrZNqczAmjI3jd6H9CvJq+hqbNVutVyj9Qxx4eFSMqrn0Rcf8AaCyFxjz/ADoc+V475Csc4qa47Po1w1JpbtyqnpXqm19W2plytsmc41s/oyrg8KjNh9EYk5XV08picUOPBUVweTupSYQB2VMhFe0OGCsV1XaQyU1cbTnkELdHB2woVXTw1MTo5gCD+yPIUXlmTstydW05hkPmaEK40wfyNiVCq4ZLBci5p1QuOcj0V0WMrIAWnIeMgoxzWDzDqqwxXCCogLMggjj9F5XZqyWwXh1tnJMUhwzPYhfQFzojTvc3GR6ryn4j9KOkpf4za4wZ4CXvYNsj2WXUUfIj1v0z5yeg1EYS/H/0LKmq/sp+qOqhdE/B1NIKwvS15dXU7Y5XecDIzytRRT6ZQxxOD3XntZp/0fo7wfk4amvbKXZ5x1Ra6ix3j5unYflyNwBwpYbFcKT6hhzcrc9S2Zl3oXRsA8QA/mvLrbUPtlRLbqokFjyGkrkTj8Z3LYbOStvNrdRuEzO57LQ9G3mWcGiqJQdPGVIq6eKrpvDdjLuCsex01ouQcCQGu/ZIw8mOClVbviz06ZgKqalnfHCnW6uZcaZkrcZxun1VJ5dhuVR2IyVscmfkAzjCrqgZJ+6tqqEh3Cr52AdlDHfErJeeVCcd/wA1ZTNO6gvaSVDlW1kWbfHsozx5TlTJBlR3DkK8GKyOEQ3bhRjypr+CopG6uMcnMtQJwy0/ZQ1NPB+yhnk/dFJYMUx0e2VPoiQcKBH3UmF4a4Il0Mqlhl7TP2wSi4weVBpZAcbqcRkDCno7WnnlEymm4BVjSv8AMOyooCWStKtWHJBWeccnX01nOTVWmpETcAjcrQwziVoCxNtn82gk/daO31enERH5pD4PQaa/PZYz07iQ5jUmuw3GEdjstwEExEO1JE1lnSi8oaHbkEIe7HZCJKzOMdkLVkY9ELGBXMEjA8fVhcpqrQ/TJxnAKe1R6qLDg9g2O6jRaeC4bIx4wQCq6WGSin8VmSwnIwePZOoZPEaC1xyOQpkrC5gHZKlHI6P3xTLyz3ls+kvfvxj0K00cutgGy81ZrgeHxeXH7rV2i7F8QbIc4WaUDo0WywoyZenI3THkSDDhkcLsczZAERoxuAlNYN8WirjE1sny3eJxyPb2VwHue1s0R3xkj1UeYh4ALcJ9O7S4AnY7YQsbnBPinEjfccoF2tdNdqR1LURggg49imeJ4Eo/pcrFo1cKZI45PJJ6S6dF3X5inc7wS78iPQr0C219Le6MVNMRrx52dwVPvFkgulI6OVgJI2Xm0YuXRN1LgXGnc78sJef2JlDBs66iZURuilbnbYrB3CjqLbUOYQQwnLSF6RR1tJeqUVNM4aiMuaq2622KphcyRgPoUajkRJZMVG+OpjMbxum0dRUWWrE0TiGkptTTPpKhzBkYOyKx7KhmiRLsryFXN1s9e6K62jq4mU88udsbnhbs6JGiWMg5XzbaKx1prA8ud4ZPI7L2To/qVtW1sLpg4Ebbrj6rTv0dbT6jKwzXtkPBCePK4EFNc1uz2903xNXZcuUcGzJKBDm7kIeC3BwmgEHklSAAWhZ2hmTgKeQHNwUIgg8LoyDnP5KgpL9HJGaHBzQpEE+ogcYTCNQ+yAD4TtzyhE4bLhoBGchR6mIOeHAb45TYJs4apBIcBkJfQElgLS1RcwMcPM3b7qS1+eyrsGNweztyFMjma9gI/NWBgOkuFwHJSPmGxShY/I9UshCbk58xSZknnhTBMBcj1THIeT6lPJB4V4LS5APw3gKBdqYSweKxvmjOfyU6Q6SmnDwWkbEIq2OXRSwu1Rh2c5XXkAJk4NJUOhP0uyQmtJwSVshLBGU15ohPG8ObkPBC+deubQ+13l1RGzS17sr6emYHDcZC8l+J1jbPFI9kQyMuBXX0VzhNZOdraN8dy7MX0rdjDLG/X6ZXrlHVNqaVkrcHIGd18/0NTJQVAjeDyvWuj7u2aFsTng5G267k45Rk0moxiLNxQz4bocVZNkJwFQxuwchW9HKyRodncchYLUdmt5Jp4CIh9k9/0lZWaEzi45cPK4d0ecEZSV7PBmdK0LrXmVoHZTa6IPic0DkKpopiHGmPOVrpmInHcMnyyUsxssN1dTMd4jy3BByCt7VjQ8bZyqHqWihlpBJp3OQf0Xe8de42pHA8xo1dQ0ePlxjqAe26s4pdTGkDZAudKxsuGDHuuUkgZGIzyO695XPesnw/X1Om9xLGKXTthaC0VhboJws0zBI3VhSS6cHPHuqtWUavGaj47D0W3yCSIPyN1P7FZyy1fljyNu60DnCQBzTsuVdHDPp2invqTYCpB1DCVM7DuUWVuW+qhtJD8HbCwTib08F1TSZGMZypTTqGVVUkmNirJjgfzSZRyaYWDiMrmn3TM44TkDWOx8Zt8DkkkkQ0FOM4UQgBxPqpjxlpUOUHUNlBcxIUgAOyIzdoKZKMlQBEWcaffCrIC6C4kjGiZvHoVcStzhVNZEXPBZsYzkH2RipN5TRYHdcQmO1MDj3T1AlLcJcO66koMRW3WISUxBGSN2j3T6VxkpmuPJAyj1TQWF2OygUcmIyw9iiTwLwSeAR7KJN/qpY3H5KK/wCofdQTZ6I52la70UuTzNyosxxhSsh1Pxu4I4xMkpJEZxyTuodZ/d/+JS9hkKJWf3f5q12Z7iHP/cO+4UKcamBqmz707iobRljj6NytFa4OXf2eZfFBpDoMBeeOOAvR/ikMiF+OAvMZHZGMr0mlea0fn36xrcfLSf7SI1S/XIfYKO5FfuSg6dXsmt4R56PR13ZHg+pBJwiwE6gEEEaq3hk5mzV2M5cPzTESLkFMNyn+ybB2RkKDhGRRWS3yhueSo08mwbhSHYa079lCkPIT4LBz9RLjaAlfkcqBIcnnKk1TvMBnsorAdz6oJmSKHAgA5OFAnkLnjHZS5eOVGawSOWWXaHqOAtHGHO1EZUubDQAOy5HGxkYDdiEPVuUTeEVjLGy9go0mSFIeT6qO4oJy3INJIGxhL8qxpmYAUWGPJGVYxAABLUQLArRgLqYkjEPkLGMlTKSPWQcIMEeSrOkhII2T6objPdJEqmpwGg42+67IQG8p+rSzJPCgzzOLsBOf2mVPka7VJKABsreip9DWkhQ6Cn1kOcFeQsa0AYUPW+K0vxLex0bcYAUyKHIBITIYgSCQpbRgIT0daZxrATgBcrJdfh0ERwXjLsei6ZmRMMjuG7oFFoHjXKc7AHSgGTlhDb5co7RbCwEZ0+vJXl1xrJqh5lkcSXnKtOo72+4Vr4mn+Uw/qVQvk1zYxsApnB5jyGqd0tvpD6ZjjICVaxkBvGFEpYwADhSZHAAYRnCseWPJ5JUKony/QE6oqCyM4KhRnxJGudvndBKQUESnSiOn1HkKpfK6Z+SeUW4VQaPBZuTz7KPTtJOSOUlveaIwwskpseGEqPLKAcYUiXZmMqARlx3S7HgNL9DjumncZXT2yi00JmkEY33WeXQ+MN72o0HRloNZVNm8PUARkfmvoLp+2Q0NM0Rs0lwyVjPh90y2KmikLBthzj6+gXpkEADPpxhKim5ZPsHiNF/B0ka2uWssHUzR00et/PYeqonOfVzHf/0Um7VjJn+FGc6e/uuW+ncBrf3XR01bseDnfUflYeK0rm3yTqSNrGNbjcKyY8HGygty0KRET6LvVr44qKPzRrtRLW6iV8+2ya1+cDKu7bRug0zPGM8AqHa7dkConGB2Cs5H7gN47JkpZRz55zwPqqh2jRHtnlRchu6K7cboOh07wwDYrn33qKPY/TH05f5LURaXAKPXcZjTwNOB9TlqKCghoom4YBt+vuh2q3w0UIwwe+e5Rq6cNGAuHqdS28I/Tvg/AQ0dca0gdZWPjBbG4bhVQe+d+Hd0WUOmdyplJRhpBIXIkz29VEaoqMUMo6LzZc3JKtoKUtIOE+npcYOkKf4YAGG8JMpZClDjIGKMMGMKVoA3zjK5gAbBDfJntwrg3Pgwah7I5OVcvy0Rk9Fj6x092uAjiBIytBdanNKWjlRenac/MeK4YH2XsPFV/HHcz83f+J3mpScqYs19lpG2+jawgayNyFZ08UtbKI427dyo9DRzVDmsYDvyfRaSlp46WMMY3fufVbb5o+DbtyTJNJSR0kYYwb9yjMwByNkJrtiPVcbkd1gk8srIfJTsJierLEkkuZChB5IxyhnlcLsclBccBQgUuaByP1UKoqtR0tH5pznElAdHk5BwoQThr3KQaOMJ4b3TXStaEZDrWBu5IH5rkrgG7uwO6iVVWIj6LIdW9eUFkpneNMGnsM8psKnIZGLk8I0l36httog8aeYavwgdyvH+s/iVWXB76WCqe1nB0lZW6dUXzra6CjsdPNMXbeUZAC23SfwNr5aiOu6ok0t5MLXb/mVoSjVyzQlCtZbMHaaG8dTVboqGCSYu/GN1670f8FRTxsn6imjmLhksAwQt/arHabLE2C3UUcQYMZA3P3KszIQA1Ls1T6iKnanwgVHQUNpjbBRQNY0ADYeikPm2AxygkknJXSMpDm5csz7tzO5zumZ7J6HkIQ0NSSXHODRkqEOncYQHtxyQmzV8MAPiuA/NZK99SmfVTUrcYyCcoox3ELS6dQUtCHhpDyPdYusu1xubiWg47AFSLfZayvHiPBGTwVrbN0rFSubNLz9k3Kj2Qy9o6Wqbg3x52HI7FbK1dM0tMweIwEjgK6DGsGGgAewTZJBEN1Te4g7w4oWhrWhRamqijH8w4UWvubGDEZyVTvqpqk4fwVSh7IS625lxxA5Q2sqKpwzHn80aC3yTOBaMBW9NReEBjGVUpbSAKG1xscJJIxkKyacbBqfFC70Tairo6GPXUvDPuqSyQdg5xhRa650lujL6iYMd2Gd1SXHqSerkFPZcnP8AxMcINP0+6ecVd5ldLId9zsoQ5UX26XkintceIzsXp9H0lSUsjau71Jnl5w45AVyJ6SijDKWJrQBwBhZu9dR0lG5z6ub+Zzp9B2TIwyWlkv5K+hoY9NOwDHYDGFl751nDGHNDy7TwAVj7t1TPXzH5Z7ms/wA1Uai4kuJJKdGpjFDBLuF3q6yQudI7S7tlQNRO55Tzgpr8aTumqGByihuR6hNcRpO4QHE55XMn1TlDKLHkpi5kJmtvqrSwEkOyULWVwDKYqbD2nS4k5JXMlMSUIJNyUkxQvazuo+q4kkoMUcDEklx24xlNCO7HumAH1SxjdxwPdQa69W6gB8athGOPMkylgOEHN4RNwUKaWCnGZpNHuVibp8SXRuLLbC0kbanDIWSr+pLvdHONRUv3PAOAEPymyrRSlzI31266tdu1tjkEjm8fdZK59fXqsZ4cTmQxn+gYJWZEBqXj8RPdXVv6aqqnGoYB9kuTc+DXGiqrllTPU1FW/VNI57j/AFHKl0NlrasgtZpHrha629HU8B8WpZk9gr2KljiaGsY0Y9lEnnkqWohDiBl7X0i8uBqSAB+60VNZbfSEOjhBcO5CmNbhOHKbs4yZLL5y7YxrA3OhuM+iWT6owA0oRByqEuTfZ1NTk1QES4eF1cPChAZ5XF1x3TXOa0ZccBU3gPGTqSjT3GkgGXyjblUdy6zpKVuYHFzh2CTOxRNMKZ2P7UaVzg3dxxhVtZfLZR/31QF5/cerbpVyuc2bS07YVK+pqJ3F0z9SU7f0batHJv7zaXT4g00Ti2hgEh9XBZS49U3y4EtNW5sb+WtUBzQ4jZHipXHBxykylKXZ0I6eulZwQhA9/wBe/wB0RtKBg4wrNlJjHlRPAZHgvaPslPl8jFYlwkV0dMzjTupMdNuNlKdJSRjjSfuhmsY/ywMyQokDKUpM6KfA4wn+Bg9lFM1fIQBHgJ7aOulwXyBoQsHoM58MedbsKO+tpz9KkNtQkAEzySO/qnttdPGQdOVajkjkvRXmqqHnEDMrgjr5dnDZW4ihi2Y0BdErGfU5XgisaKttvqnkZ7o8Vp/7536KS6rGfKEM1eBghUTfNjm26lHfOEdsNGwcAEKAat2cb7rmS/nKkULcifmMZ0kYQzUlu7cbIQilLchdFLUO4ad1bjgjY43CfjOyGat/ccozbdUHsiNtcx5UwUpJEX5gD1SFT7FWLLVEAC4DKKKKEDOkI1HJUrUip8SQ/hKXiSDfSQrMwMGwYkIm5+lDgHeVhlqicfsm66rnwT91bCKMfhTi1voqwTeU5dXdmBLVX/0q1IHqubeqvBas/sis0XA7ZK58tXO3LlZat+EsH1UwGpf2RDipqjOH4wpBihYPo3+6Lg+q4WkjlWU3kjufg4wueJ7IpYcpaCiygQGf8KWf8KJ4Y9EvDHorfJASSI5QqupwdHdLb2hxjkKXtHLglraeHBVplc48lLW7+opTtwNVeSz8Qf1BLxGnbUFWa3f1Fc8Q/wBRQ/MXKrBY+I3+oJeIP6gq7U71XQ455U+YHYWOsf1BL8x+qgh3qV3xPurduC/jJhIxyhkuyd0Hxj7peN6hErclfGGBdnlEyNlGErD2TjM0lXvJsDZwkCcpmoDGTlODhnlWpplyjgKOE9cDm45TchFkE/WNJJJfjo/aAkkklCCSSSUIJPTE9QgkkklCCSSSUIJJJJQgkkklG8CRJJJJT5IPTkJPUIxxGeFS3GndRz/PsB50vA/zV41MljZI0seMh3KvItSwytyJow9pyCMqsrKTXwCDyCOxUqHXSVT6WU7AksPGxUuZjXj6UQS5I9mr5Jmmmndl8ewKuQcrLTl1vrWygYa47q+pqmOpYHxuzn9kRJwJKYnDdNUACh26K04UVGZvjdQprBC6gtMV6oH00jGk4JBxuCvNbVVXDo+9CimeRSyuxh3H5L1xjRhZjrTpeK9UniQsxUReZpCZU+Sv7FzDKyeNssbgWuGRhPXnnRF/q6GvksF0Jzj+WXH07L0MbgEd1sUsGW+HsjXK20N3oZrdcaZk9PO0texwyCF8k/EroCt+F/Uopg4SWaqc40839I/pPvgr7AHKqesekrR1xYKiwXmna+KUZjcRvFJ+F4+y7vhfLPx2oUpfj7OTqtKronw1cqSSy1oudoHlfu9oOzh6K+tl1guUAngPGzmnlpU/qXpW79E3eo6avlPmSDBZJjySsOcOH6cLHTU89iqv4hbsujef5kfsvtvj/IR1sd8Ojzeo03xmumYKmF8T25yF571F07JA50kLcEHPHK3lDXQV9O2pp3Zz9Q/pPolW08VXE5j2jJHK7tdhxtZUrY7WeLXC3Nq4jDUxFp/CccFZt/jW2YU9SCRnyuXqd0thEhgmZjfyuWevFiZUQGGRuSB5XLXF5PH+X8VG2OYozUU2oI7XZVYBNQTmmqWkDPlcpkcg2z3R4PD20uqW0kpw3TW4I5SQ4M0lkSSS6BnuoAdSSSUIGSSSUDEkkkoQSSSWCoQCkjJKFYApJJKAjUk5JQg1JJdaoQRwe6a8bcrqQGUtoYpZAFuCUJ5JBzspWlC8Idgl7EwlYRIqist1VHXUEpjlhOoFpX0n8JvirRdaUjbXcZRFc4wGtaf+IvnNzMptPPU2yriuFvmMM8TtQc3bK4/kPGR1sMPhrpnuPoz6z1H0xqPcq5Plf/dH2hNBxjsmOYSME4Xn3wo+L1F1hALVdy2G4wxk5LtpMf6r0iVuMEBeCtqnRN1zXKP1T43yGn8vp46nTSTi0RcFu+F15EjQMYRDhwG2E3GkgqG9ohyxEbY5QnQ7cKxc0Obwo72EHhWngXKGejIdUdJUd5pnh0TdZHovmr4h/DWssdTJV0kLtGckAL68ezVwqDqPp+kulJIyaEOJB3wtuk1c6JqUTyXnvp2nydTeOT4yobq6ACCqB8pxn0V7DM2Rgew5BWk+IPwrqKLxLlbWFwJyYwNwvOqKvnoZTTztIwcOB7L3Om1sNRBM/On1F9N6jxdrzHg02zsggKFU0ksGZoHEjkjuEWCoEzQ5o2KktORuNl0FLPR5RL9kKluL2OAd2V9S1rZIwRjdUM9AJCXxbH0TaWrfTHw5WkgfsjUsAyiahkbJhvjdV9wtbeYR+adSVYkxp3U5rxIMZxlFkWpSg+DLzQPp3cFPpqqeF4dG8gj0Ku66hEm4aCqWWifE7Onn3TE8DI3Z4Zvel+sfBxFUSOI48x5+y3dPWw1kQfG4fZeCsldG4DHBWmsvVc9vc0Pc7HqCmqz0c3VaHd/qVnqUzAd8KFIHNwccIVqv9Pc2hviN1kKZPGCExSTObtlB/chkNfKxwAOArOnqw/GSN1nKtxicCNkOG7eC8Ak4Vkde7lGza/UMgJx4VXa71TTANcdzxurYHU3UNwVaFSW3sA4blcHCc7lMPARSXSJ2EJGDuELXvnC4MnuhqKBRDv8AaKK80bqeoiGrB0uxuF45fumpaCYxyZIzscL3Jzds5VRd7RBcoTHI0AgHBwkXU56N2k1LpZ883Cj8JwOMBFpKnSA042WwvfT/AIbn09RHjJ8rsLFVVN8rMY/T3XPnW0z0VFyujyW0btYyiPia5uxVVRVuD4Mpx6FWUP3SmOktvKI78wu+kHKTcSNzjClTRNdjZRCx0UhYPoxkKhcZbv8AI2OapoKplXRyGOSM6gQcL6A+G3xNpup6EW6ucGXCJoy0/wDE9Xf5LwN8eW7jZco6iqtdXHW0UhiljOWuBwnV2OLMus0kNVDr7j60D9W+lOIy3lYf4dfESk6ipm0de8R1rBg521e63ZdsduFs+TcjyFlU6Z7JLlGcu9qeHfN0gw5u7mjum0VV8yzRnDm7EK9kI1cLOXegqaSq/idDuD9bPVRrJcZ5MZmu+EPWn+0Fma+a01OY30wJxgnZn2xx+a9U63sdL1nYLf190hUlnUNrYKmgkiP1MGNUDv6sf/KN1nqkUXUVploqmFr2yjDgRktWe6G6iqfhnfj0lfHOltlW4CKZx8o/6HcIVHab5yVuLV/uRWGv2vZ7p8KPiVR9f2IudTGmutBiKup3csfxt7LdMfq7L5365ttx6RvbPi30MY5HYD7jStbkVMP4yf27L2fo7qy3dY2SG92mXxKeXy59HDkfkjjNt4OTqdNF/wCvXxB/+TNQHAjOQu5HqFEBOO6c078qGImLoJyhscNPKeqKCA7crqACc8owIwoQaklkJISBkkklCCSSSUIJJJJQgkkklCCSSSUIJJJJQgkkklCAUkkjwoQbkpi6eUNQhTdW9L03UlEQAG1MYJif6FeTyx1NBUPtl0ixI3y+YbPC91as11l0jT3+lM8IEdZEMxyf6I2Mrbzk8foam79D3YXmwtdJSSO/n0+dh64C9w6Y6noOqrc25W94cw4Dh3a7uCvGBM+KeS21eWVEOzmnbPuFX2u6XL4f3gXS1Eut0pHj044HqQFDVKCmuOz6LXNPuqyy36g6it0VztsofFIN/UH0KsM7FMMbTXZ3I9UwkYTHE5QsP9/1UzkE67uo53RzwgHlGWUvUVrirKbIGHeyzVkq309Q+gmccH6crdTMD8BwyFkOo7TKyoFZSg5YdWyMNSyPutKJoHEDJWPq4WBzoZAC0jcHutjbKwVcOmXBcNiq3qC1MkZ8xA3fPAQyWUaIy2vKPnTqi0VnSN4jqKd2KSckR44B5wr+0XltfCJRjWzGoLWdQWOj6it0ltrWZDjqafQheSUctT07dv4ZW51jyu9HDsVztRp9x9S+kfOShJUTeGj0+krDMME4JWH67sPg4udOzHmy7Cv6asETWvacgjIVhVMhu1vNNI36x+i8/q6MPg+66PVrVUYyef2ypFTTNaXeYDCBdLd83CcAB7TkFClhksV3NPMDp1FoVsZPE4aue0l2Pa3cFD01eDbKk0tSTpJx9lvS5ssYc05BGQsLfba17PmoW6ZBzjurrpC8smpW0lS/zs8oJQDtJY4S+ORLuMJaM4VJUNK2NwpWyREABZispnMy1AaL4Z6KmRoKgyAKylaWnBUGXhUcq9YIrgNwoju6lSKM4chEng5txHl2KiyADf1UqXkKNLwEw5lxHkUWTlSpFGkaSdgrZgtBo7SQUBGVIXB8k6lmIIBV3TedgJKzcb9DgfRX1G8PY3S7tn7KHX0k932kk/y3DAU+mcJI/soMrcNzhct1VpcID3S3yjq1WbGXFPM6GQY7q/oan6TjJws9oI3U6gqdJAPZZpxydnTXfs2FDVasBysCGuYCFnaSXGFdUlSMAY7JUujtU2cD3NxsVHcNDg7CnPLXDIG6juYHjB2SW+TYpZBtcHDHdOa3V5XKPvDPnsEd380BzdlWSbskacuoZBNHwTuOxV1SyMqomytxgjsq1wEkZjlGfRR6OokoKnw9R8Nx4Kj6DhPbwW00eg5wi01Yad2WtyPTKIWiZuc8jIUN8bojuEmSNcJ4Ndba0zRg7ZVs2UNaM75WDoK6WCVpB27rU0ldHO0YckSibqrs9lrsTsMJ3hnGQEKMgbqRDIAcEJE1k3RbZ3S2Vmlw3XKKqfBKaeXf0JRnwuaBKzhCngZOzxYxhw/XKCSyGWgfnsqvqCxU94pHNewE4TrbWGYGKQ+ZqskEkymuDyOmqbh0ncvDfq8AuwD2wvQYKmlulK2eJwJcPNj1XOounqe607iIxrwsFbbnVdPV5pZXO8IOxgpkZYWBL4ZfdQWqMxmXRhw7hZgs07r0iM09zoxIzDw4ZI9FkbzaX00jpI2+Qos55BkkilPn57KdY7u+1VrZNbtGcEZ2VfLlnAQhJnbCTbUpoKu11s+gulb/AB3emDPEDnNGRur5uy+f+mL9VWmsaY5iG59V7fY7sy60jZQRqxvhcTU6ZxZ06b1NcloH47I0MmSBhRcD1RIwByVzJRx2bMkt4GlB4yURrge6TmjshwPi/wBiEm+McpksZJBaF1qKMd0ALWGMZIWOAPdWUTg5gVZIwZBHZFgnPCAXJZLAjKbGSwgALjJNQzjlOe3UEoTgOHEgHKI1QopNIEbuQpDHIiiRkeoXHEaTuEHJ9Usn1S8AYOnlLJXElZYw78pJJK12EyBdabxIxK0eZirYpQQMD7q/e0OGDwVnZozR1jo3HyPOQtNbDHzjOMhZzqi1NrqJ4awF2CtFLl2/socpDtiOFvpt2NMGyvesHzh1BZ3gSNxplgeT9whdI3N9LXNa+Q4ccAZ2W869too641DI/JJnPuF5veKb5CVtTAC1r99u3uvTaeXy17meY1EXRdx6PbqCpdJAC859Fb0M4BxtuvPeir0Lhb2MdJl7Bg78rXxl2BjKTdX7O5p71OCZqYpCWg8hG1bFqgW2QS04ycYUxzs4Kwzjl8G+H3D0kkkK4GAntDmkFZubNLXanN8pPK0+24yqe704MJcG77p8XgBoHUNEjA4ceqgVcLaiB8T8HI29ipNvldNS4d2GEwx4PK6OjuxYjDrK99bR5N1TRmjqCNOM5VDSvJeFtuurfNq8fHlBKwjZPBeA4L6F4+35Ksnw/wCodL8WoyWzTxkqXG7DRj0VaHamNdlTqcnSDnK6DWTi6exwmmai0VJ+XGOQtZbZi+naXDdYG11JhnDTu122Fr7bXjUIiNlzdRXzk+g+H1jnFRkXmM7FQqiMNnJAUtrtQzhCqGB7C5vI5XOmsM9NkbA7S4bqwikJACpIpXat1Z0su2CkDYT5Jw3GPVN3aQUm7YI3TsgjcJczXB8ZHagnoSJqB7oR6eQaFO0YwiocozhQoBH5WBp5XH/SurkvAUF9keblRZWggnG5BClSg8qO5GDhMBAct8Pu1FAwofiGCr1uPkf5SPdTS4YUFjEk08rigzIycgtOPRV0WWyEdsqc76SoTgA8qdi5PCJbD5TuotRyEQHHdCn7IzNa8kWodjBPCkMOqna7sVErwTASOykUDg6naM8IzHJ/cDJOojKh139wfupGcTyKPW/3P5hWuwLOiKTmiOeVDi7gnkYUiM6ov9FEOQ/HutNZz7lk8++KTcUzXAcLyiR3l5XrnxSA+TBXj0pOF6HSf7Z8G+tF/wD5LP8AYG/uuDhInCamSWTyo1u7gpNN/fBR2fUFJh9UcVkbW8SyT9g3bhciOHD802MFyK3Yq0sG5tPomQu8uMIjtxsgMdtwnySaRjCZFAznsWRkjsbZUWU8pSuLnAoEjsjcpsntRzbJb5ZI1SSSB6prcaU9+C5MkOGhZpyyEotckad+Dgd0qVhznCZKS94wFLpo8NSoLMsjG8IfnAwhP4RTyhPIIxndSTywIgnHlR2kl59k+c+hToGHIyEDDbwSIG7DbdSRn8kOIcZRwBhRGebydHunwjJGEFSqdupwKZCORbeCdSxAkbK1gYBghQ6WMgbqaTpYQtlcdqMNrcmDrZNGA1R6aN0kgON0pT4jwArG3whoGRygseToeN0vz2ZwSqSAMaMNx+asYYycbIUMXGArCKPAGyo9xRTs4HMbjCbLIAMIsgDG8qsq5t/KVDU2ooTgaycRZOgbn0VR1XdzTsbbKSQM8vnVrLPHbaGSpfgOIJG/dec3CsdVVL6h7iS4k/kqbwcbyOolBbYkSd4aSc5POfVKjaXOBPdRXudLKAArGlYGt3CB/cedm2+WSIxhcdk5ycJa8HhCq5QyMkcqNmdRyyJW1Ae7w2HPqukNigy8gHCiQND6jLhtnKJcJBkRD7pT7NCjgiP/AJj9WOVLhGGoUTNskIhIAUbwHnPByU9sqJ3JRJ3b7HhDWabyx0F6HFabomyPuNcJ3xkxMOfufRZ2njM87YQN3L3H4e9PNgp4m6dOwJOP1Sp8np/pnxv8vVfK/wAYm46dt7aSjYxrcF2NlOutU+lp/DiIbq5PchSYWNgj4+kbLJ3Otmqap2t+QDgAHYJ1MOT6Tfdthv8A0cgzPO1rQdzuryNrY2huBt7qJbqN8TPFe3dw2Ul4zhdzS1qKyfCPrXyb1t/x+kSGO1bBWtrpjKdZaRjhV1tpZKmTQwccla6kp208TW6RlaZzUT57CqVs9sUEjY4MwE5jRnzbIucD2UaVxJGkLBqNRJRaR6jxP01PWXqOBk0mSIowSTsMK4ttsMMbXSuBceyFaaNriZ5W8bDKtnyNY3C4l17fB+kPpf6ajoaoxSByyiJukKvne6Up88xe7ASgYQQ4jK51luT6LRR8R2npnPI8quaKj04dxslRUpa0FzRvwp8TNJ4WSVhowjrIw0ImBynAAjdNdsECnkRbwgcrxwFEmkAGdl2eUNKhyVAz7ZWzQ1OViPIfUPkoaLTy3PAGocJCQTsFKsemSbSwg7jhZK+3NzZzBA/Tq5K03w+pJ56kVMpOk7DPfC9tRXsrPyL9XeQeu1MpJnqVthEFOD3IUpj9R4QI2kbDgI8Yws97eTxMeIhhwjAAcII4RlnIh6SYkjCEhl7h3XENx2UIOfJqKa77oWrcp4OVCHNPuuEAb5XS72QXS4znsijFyIOLxwVS3S6xUWtz34A4Wb+IHxY6X6IozLcawCbfEY+p2OcevIXjLar4l/G+vdFboHWyzEkOkftrB/QnhaoVY5Zsp0kpffY8RNL118dqSGpNp6caLhONiBtv991X9M/CHqzruqbeetJ300Mv1UxBa7Hod16P8PPgx0/0NSNdJDHVVhOp0rm9/sV6JHhuw7K5WwjwiTvhDinr9ld0v0bYel6RlLa6GKMRjAdp3++VePAA2chtOAutz6pTe/kzN57BkO1Y7IoGQlgJHdJwULIXUP8ANOJBCsE6SMcqOXOyd0nE6sAlcIxyVAghOAT6Krud4hoWFzsE9t1Hu98ETTTwHLj6KkZQz3F2qozjscokiEWtnrLpKJGg47DKtLV0tu2pqnfYYV3bbLDTlpeAQ0fqrV7AcDCuUsLghEgp4afAiYBhSmuwOEKSZkfJVXX3MEaYnfdUk5MhOq7jHEDjGeypqu5zSt0djzuoc9Q+R3mO6JT0ckxBxsU3bjkg1uqQ4GSVZ0FtLMSSDdw2HojUluYwA6VbRwtawOLgB6qSljhEI8FPpBAGEcBseXSHAHqgVt0pKCPUxwc7sMrPyyXe7TB0kmiI9gEmS3ELC5dSRxNdT23+ZMeCqmK2XC5Hxry/DHcNVrR2ynpIwSwF3rhcrrpTUkWoybt7I4ZLDU0VHRRaaeFoAG50quut6o6ON0kk+D6LLXvruQf7vQ4P9RWQrLhV18pkqZNXoPRPhVu5CjHJe3frmeYOjo2lvbUVlZKioqpDLUSue49yU5zVzT7rRCKQ+MBuAOAu5wuJrnAjAKckH0OLtjuglzj3XCd+UxVjJXY4kY5Qjylk+qYmdESydyUwuIXdQHdDVDoxCEjB3CCeUsn1TFQwSSSSgMF7GJiem4PoVeUhuEOS91ErbpR2+MyVUmj0HqsheviVHBGYrdEHE7EuGUMp7ejRCic3hG2lmbFguIA7krNXvri0W9xYyUveP6V5rcOpb3cnEyVjw09gcBVh1SHzHJ9Un5OTbDQRfMzUXT4hXKsa6KDLR6rMPqKmqkL53k6vVTbfap6p48Nh/Raq2dEySgGfbPsqktw1fDQjHQUU9QQ2Fmcq9tnSFfUuxNiNvqV6BbbBQ0DAGU7dY7kKY+IbYaFFHAm3XJ8QKOg6UtlJG1vhhzh3wrNtC1jQGAABSdBTgOUaSRklfKfZHMZ4x+6bhvojmIHfC4oLyA04S0+6IkjINTTpC6e6bk5OAUMpYJjI3V7JYKWQ3c7YUSpuVPAMlwJ+6W5pFqLl0TC4KNNO0buIGFRXTqiGEYjeB+ayF06ufLkNef1SXckaqdJZM2twvtFSjzyb49VmLn1k2TMbX4HY5WPrLhXVT/LuCmx0xk3kbzylTuzwdSvQqKzIm116mqXjw58j7qG4SS775KkU9LSsGfDBK6HFhHhx7rO5NmqvFXCAtoatxBEakR24sGqVw+yJC+5S4DAAEdtsncfEnmO/ZWXKxPsBpoIxguyUhUMBxC0nCnstlGMGRuSFIZFRRDaPjhGIc16eSpBrX40MwPUp7LdUy7yO2PKtXyjYMYMBM8Z/ogK+RvrgiC2U4cDJ5j3RvApogNDQEneM8gRsyuGiqpB9OB91aeCbpe2dD42jAwmOqGNyS5O/h8rTiU8ojLXTEZdkqSaZXyRfsr5rjpOIufugfN1TuCSrxttoWbiHJCK2CnafLCAhL+RfozjYq6U6sO3R2W+qfjVk/daAeGBgAD8k0DKjiT5cFQy01DgEYWotIEitGu0jBKa8HOcoQfkm1hENlthG+EUUkTOGj9EbV7JFx7IlLAvLbBCBjcYHCfp900vIXC4kYV7wsPAXV/iSLtvqyo5JJzlLJ9VN4ttoKZHcZyua8b4ymaCuHS3lwCremH2O8bB4XHT7fShGppgcGUfquGqpsf3wQuXIza2IzEuwRunAl2yAaqmH/FCEbrSRDzPU3EUJPomYKWnPKrXXynzsMrn8cg9P3U3BfDYWmgc90s47Kp/jkB4H7pC9A8S/spuLVVhbZPoln2VN/Gf/AKL+yX8a/wDov7KsoNaabLfT7JafZU38YceJR+iX8VmPBUcsF/xpottAPZLQP6VTG6VBXP4pPjGcKby1VJdlwWYae6pqiCokkJDNk0185OfF/ZMNbOTu/IQSluDjBoXyVR/SP1ThR1GPo/dc+aPOTlc+dqBsH7IcZC2sf8lUf0fuu/w+p9E35yo/7xL5io/7xLGBW26ffOF02+Yeii+LKSSZHb+6XiSf1u/VAhaWWSPkqj2/VL5Gf2/VRS6f+t36pAzD8bv1RtpjNhM+Qm9kP5Wb+kIOuYf8R36rvizj/iFALawH+Sn/AKUvk5huRsg/Mzf1ldFTNnd5UzgiTD+G4bFLS4dk0T5G6c2XfhWp4KfPYRrnkJYf6p4wQu+VPjPIJ+sySSS/IJ+zRJJJKEEkkkoQSSSShB6SSShBJJJKEEkkkoQSSSSgkSSSSAgkkklZB661uo4yuJA4OUAqSwAudu+bhD2bSM3BHKh0sxewB31s8rvuFdNdhUtzo5Y6g19IP/pjPUKm8EjLAy5QMqYQzG4OQq621DqCrEMmdEnl+xVzTuZKwPxkEZVddbY9wNRENweB290SeRvaL1pBGcpyobJXyPJpZz527tPqrtrkwGUcCTo01djUADtc4kDKeQCOUFPBJVp45Kf7MV1r0qJh/EqBvh1Efmy3Y7LvQ/VDrlTmirSPmIfKcnBOFs3xtmYWPGQV5p1j01WWesF8suWSNOp7G8OH/VOhZnsGS38M9GBJGcYRFn+kOp4OoLcxz3BtSzyvYedlf5C0RkpLkw214lgyHxP+H9u6/sTonta260rSaGUjYuP4X+rdhsvlC42ya01s9quDGCaElsjAc49Mr7e0hx37LzP42fCuPqu1m/WaPVdKVpL2E7zt9B6EYXtfpzzc9Hcqpv7GcnV6Tej5MAqbBWfM04L6OQ/zGDstBDPFVwiaF4LHjIx2QnCISOo5WgtxpyqJslV03VeDIC+mlcS1w4GV9p02orvgpxPMayh1vBZ3SgNZAdB87Nx7rLuOXmnqG6XA4BIW1bI2RgkYQQ4AghUF7tb5CaqAZI3LV0os4Gqi1HODL3uwU1ypizQA8btcPVYWSCottQaWqB2OGu9V6RBV5PhTbH3UW8WOC5RkbNf2cnxljs8nr9BDWR+Sjv8ARimS7AnCNqBPIUetoJ6GoME4ILTsexHquxkjA9Fc3no8dbXOmbhNYZIThumA7LqWJkmxySakoAORkFGUCQkkkhyoWdA7p2NsroHddUKbBkei5gomAlgKEyDSRNPuuEY7qEyRkkbBSwVCYApIyShMEdJOSUBGrh4XV1qAMAQMoZAcNwjpuCltZLj9uCHE+otldHcbdO6CZh1AtK+j/hb8WqXqyjjtdzeIq6IafMfqXzvJGHdsoEMtXQVUdXRyuikjOWuBXG8n43+ZD7Vyj3n0f9Z6j6ZvxzKuT5T9f3/6H2jJ9WwwlvwV558L/ijT9V0rLbdZWsucYwXOOPFHt7r0VudS8NdVKibhPtH6l8Z5PT+W08dTppJxayIN0pOY14xwibEIWC0/dKOqkmAki0dlGkibM3S4YVmA1w3GSQgT0xaRpCYngTbXkyN9sDZYnamBzXDfZeCfEb4YOL5Ljb4tLhu4Acr6cnaXDThUl1s0dVTuD2BzT7cLoaXWvTvg815zwdXlKtlh8VQ1NVaaowVQcG5wWu/0V/DOyZgkjOoFeo/Ef4YU91pHPpIRHUx5c1zRjK8Rk+f6aqjRV0btjjcY2XrPH+Rje8T4Pzp9RfS9/i7XOK+z9mmYdtwo9VSidvlOHA5yh0lZHVNbJGQR/kpQdldn/B419la2pnpJAzjdXNFXGQNJ3KizwRStOtozjlVvgzUztUMjseimQHXuNfFKJAGuCZV0bS3LQqKjuk7XBr8fkr6lrRI0a+6KMsiJQcXwU9TRlrstbwomXxnLhwtU6GOQHYHIVbVW/Tu0JrDjZxyRaC6TUUjXsc5hz2K21n6sZWSNindv6rz2phLXDCGyeanI8J+FIzaYu6mNyPYJpBO3YfZUda10ZKpbF1d4IENc1xZxqC1PiU9bCJIwHNcMgjdNTyYJ0SqeMFVBXzU7/KcbrU2jqtrw2nkcPuVlq2lDCSBhV5c6GQOacEJqA+KM1yeuwTxT/Q8OKI5uQRlebWrqWaglBk1Fvstta73T3Fox5XHsSjMtlO18EuUeZNcjSDIBCjvGMJhnOphwRglI8IZJzyqayWnhkG52qC4xeHI0Z7HC8r6j6ejiqZP5ZBBXseoeqqb3ZYLlEXNaBIBz6rLbUdLS6twZ4JW0JicQARjun0FYR/JmO/AJWsvljfC9zXMIwslV0L43khh23WGcGnwdyvUK1cloyTUcLs0WW5xvjZQaCpaCA8nPG6s86hhILlwQYJXuIp5fqHPsjSwB2C3CU0Xm1tG4Shl1eUjhQieRlLWVVqqo6uke5kjDkEFe9/DzrqPqWi+WnIFVC0age49V4NKwOwcJ9ur66z1sddQSmOSM52PI9CnVzaZl1WlhqIPK5PqjVnfGEGdusYxyst0R11SdSUjYpntZVMAD2k8latztuFrjJNHkbap0WYkjMXKgrLY83G2O8ucyx45Hsot5oLb1badLhrcG6muGzo3LUTZJAIVBXUElomNxtzCWPOZYhx9wEQ6Da+5dj/hj1nLSvl6E6pOrw9TKcvOS48YXYair+BnWEV0t0pHSV7qCysZvikm7hvod+e+FUdQWWn6ipWXK3nw6qHzBzdiD6K+6M6upOtbNL0r1M8mRzSydh2Mvo/Pqq65XZpbgpN4+19/+579brlRXWiiuFBUMmgmaHMe05BBUkEcgr5x6A6mrPhZ1Qzoa/T6rDXv/ANzqpH+WLfj9wvoaI7c8IYy3cPs42p0/wS46fRLa8ghSGyDHb9VXiTdGZICjMxKXclMYcjlOVECAnO5TwRhAT1CBcj1SQATnlGBGFCBEkHISQkDJJJKEEkgpKEEkkkoQSSSShBJJJKEEmpyaoQYkkkoQYnM+oH0TUs43ULTwYz4hdCC7g3q2sDKuMZIb+IBeYOLsup6mPDm+V7HBfQYnzsRssJ150X86DdrVGBK0ZkYB9Q9kZoqt5MH0zfarou4+NSuc+3Tn+ZFyG+4HZe2W+40dzo2VtHM17JADzwfRfPj3E6mO7HcLQdF9UusdX8vUuc6lmOMZ+g+v2TArYb+Ue0EjPK4cY2QIpYZ6dk8E2sO3yCu5PqVWMmVrDwzh52TDwnpmQmFAJBuo9S3xIzHpzlS3hR/VGWjBziSz3F5wfDcc49FdRTR1UWpp1NcFJvFtiqskjBws/b530Mr6aUbAkDKg2JU3+2MpJzNG3DXcrzT4idJC+0kdxszmfxCk1EDH1tOMj9gvcayGCqjLHgEELF3W2i2VOss/kv5cOyCcFJHQ0urnp5qyHZ4j01fRVRmik2ljG4PI9QtfR1gi0tf9JOB7FZ74kdIPs9aerLK0NpHgGoYwfT/i/wCqdZL1TXakY1r8P0jnv7rkavTez7b9K/USshHcyf1vYvm6VtxhxqYNyFm7NWNqWGKTZ7Nit5bZRVQPt9SMnTgZ7rz++UMlmuutrS1hd6Lz19Liz6hVqIWRUovssJoQ7y4yCs5V0tTaqv5iEnQ52duy08b2zxNkacgjKFV07K6AwkYO+CkYNce9xdWa6QXaia0O/msbgg91EutKWncbHdZe0V0louAjfkAO0lb5wirIA44IeMg+iWaoWfIsMxVVHg7BV0zMZV9cKYwzPYRt2VLPGQ7KAw6mJXVAxhRnHIU2UHZRy0gIoxyce9EOXnZRZeApUg3Ud4zhGjmXEN/KFIAQpEiiSkjgqzn2oCWjPKJH3Qng5CTSPVD0Ii8MmN2U+3VHgzBpPlOyrWozXEbjsqlHJu08pRllGrIEjBjuFXNkNPV5x9Ck26UyQsa7kjZMrYcO8Ro55VHbjLK3F9A9tRAJB6LsLvBkyeFU2ir8LFO7fKuHMyEtxyjpUT+3Jc0NS14AB3VxDIWEEbrJUc/hyDZaGmnDmjHdZZrDOtprs8Mu4ajUBkooI7FVbH5UqKXYAoDpQtwPnjBGeSh00mkiJ4wpBOobhRauFz264uWpc+x/ZKkjxwos0IkaNt06hqnTAxSfU39wpDmqm2y08DLbXGM/LzOOM4HsrSZglaFSTwZ/mM2I5U22VbpWmGR27eEHY+FgQt8N2yn26sMZ+yjPZq3CjeKY3cJUo7jTXPDNtQ1fijdwU8OwM4zhZC23DSQCcLTUVW2ZoCzOODqU3L2XNJUCWMsPICcGYJ2xlQ4z4ZDgpjJw4DI3SZ5XRvg0ysuNJLTk1NPkjkgchSrVd2VYEUpAeNvupxaHAgjIKzd1oJaGb5ukBwTkgId+eCSNW0aiAqDrDpOC5U5qqaMCdoycDGVMsN6hqmiKZwD+Ar4uDhsiRnksnlXT11qKCp+UleQAcYK18sMFwgJaAcjcKv6y6WE2blbW6Zm+ZzW9/dVnTd4e4CKeQB7DpOf9UeUDjJV3i1S0criRlhOxVO5ukZBXp1XSQXCAgtBJG4WJu1okopHFrToKsU1kphIS4ADBWy6L6rqLbUMhnlPh8DdY/QM5T2vLHBwOCFnuqU0MqscGfR9vuENwhbNC4OBG6mZJXkHQnVslHMKeeU6CQN165FI2aNsrDlrhkLg6ijDOzTZvRIiJzyju4CiRfUFIHZYmsGocRhdBSHCadkqSyEEIyCEFhdE/OEYOBOyUjA4DGyAjJEE22McqU12oZCqg7wyPRTY34AKAU0Hlj3BA3TmHB0k7hdbugyNLZdQ7qAEsbpITHAt5TkIGcD0kxJQrIkkklChKmvUJJE4bsNlcoFXEJIHMO+QmxeBpQwu1s3O+FGnGCusd4cro/RPl3wR3WusMyXWtrFbbnODMubkheRXClbV0kkGnL49179WwMqqd8bhyMLxe70jbVepYj9Dz6L0Ggt+3acTydHc0Znom6OobmaaR2kZxgr2agmbPEDnfC8FvsL7ddW1kI0tLs7L1fo+6iroYna8kAAroXRyjm+P1LT+ORtLfM6Or0avKW91ctdqGVQ5GWytVxSSh8IcfsubOOGempnkljye+U0jTsu/X7YSyHHB2ISJLJrGtJ3yotY0Sx6COVMe4ABR5cO3wiiFNcGfpZDT1b4H7NcdgpEzRqICDdY/Dc2dgwco589O2QjfAWiqe3kyThuRR3+lbVUT2aNRAJXjt0h8GoczGNyN17rURCRuPbC8e6yoH09doeMeY7r2/htT9qiz5b9W6HCdpAidqpAAclGoKt3jeHK7O2Aq+ieNJhJ4Tg8xybheqi8o+aSs2GqpZG+IDlaeikAbrByQsLRTHDXglaq2VOtpzzss99e49V4XWYwbSnnEkDfVEAJjdk9iqWiqnNw08K3ZLrZpAXJurwz3tFvyRyRDhhHupFNJuMKJVZa8HCLDJsMBY5vbwPrkslxFLsNkQ7nKgQy8DClg5GUp8nQraHruojuuZCSAbCWOBLjhkLqR4UGADyuLp5TX/AElQWMdjB+yiHlGeTkjKGjFylgrblEdIewfT5inxymVoxxhSp4xIwtI5BCrqR2lroyPpk0/kr6AcsElJOyACMoR5VhJ5OHg/ZQ3gh2/qpSDINwhFME4kEAFceCW5PYJkhAqDvsiuw6MJsVkzTlgiTtD6Rx7nsh21xMGHdkR24x2QqUgHCsRnLyOkyZXOCjV5HgYz3UyXDSNuVX1YJHKtdgWkSE4djthCkAMuR3TovqP2Qnc/mnROdf2YL4r/APYmn0Xjx4Xr/wAWtrS4+hC8cZwvR6R5qPhX1tHb5H/oNIySlp90mpyJtpnkQKlQ8oLVJh5CfAZ+LJkWBjKfq9FGc44C7u7umD/l2omtI33CZLKcgAKNG4t7koziHc9kcUZ53blg5vuSocpJ2ypbnABQ5iByVLFxgTFZYJuTK0E+qHVOAAGQjacAnPCgzyefCyz4H54HwNLn7qc0YCj0rRjOFJUgsIqTyDPBUZ5IBClHhRXO52RNIFcANy5TYGAAOUaMZcpzG6WjZL7CsnxgIABwkkkrQo7G3zcq0ootwoMERc4EK5pYtIGybXHBltlglMYGszlR6ud2khpx64RnvDGkKBE4yTY9SnN4FU1u6aiTaGF0zQ9w7q5gi06QNsKPRw6GDy4VlTx6nDbhAe20OmjTHESTTN2zhSwRjGFyGMBuccdlGqpwwacKHVX2obW1Bj2aokY1EOdgpOJmIJUO918Vut75TtIdmlU3gz33KEHN+ii6svBmm+Rhd5WDfdZedxGBzlKeoc95keS5zt8lBDy47hLlLJ5fUXO2beQkLMODiN1Pbs0YUaMYwcKcz6AoYpSyDKrayo1O0N3HcqbVTMibku39FXQtBfkoLGFBBomNYwP4KiOJknLjujzPAbpaMfmh08e+4UHpcB426R9kGbcYyjuIaD9lBlcMnzJNjwXFDXuP3TQckhcB1HdSaKkkrahtPH+Luky6NFVUrpKEe2ar4f8AT8lzr2zvjzG1223K+hbRb20lLHGGYJ3+yyPw+6ejt9DC5zOG5K3ocIYHTEbN4S4J55PrniNHHQ6WNS7ayyD1BcBS0piY7EjxpHsqK10T6jzOHB59U2tmkuNf6guwFo7fTNpoWt0jJ5XQoRzvO6qVVeyIYR4iGRuBhAp6WWqnETBydz6Ke9oc0ADnsri3UEVLE06PMdySunGexYPinlqZX3/ashaG3R0kTWRt37n1U76QuMeAM43QpZQ/bhKtsyd3w305JNSmuwjpuwGcotBE6WYZCi08L5ZMN/M+ivaaBsYGBuO65OpvxmJ9r+mfpyFCVskHawQs0tI2USolc7yp00uDgEpjYzJg4XGssZ9JogoLhDYoy9+4VrRU+CDp7IFNARjyq2poCADpWSU8mnDYeFgDQCEdoAGyY3bbC644GUqSz0TrseThRp5ARjbZcnqBwq6ep24TIVOXRyvIaqGlhukxlZPoJwQcBVNTVubE6TH0o9S8vduVn7xWlsogjdwMuXqfG6PG1tH57+uvqSNu6EZFc/xayr1YJL3YC9N6JNQx8dJTszpIJOeFhen7dVXasbT0seTnzO7AL3Dp2w09opGsjaDIQNbu+V27bNqwj4DqbPkZbBvGQiNGAkBhdWGctzMQ9JJcyEsgZI8Jqa/6SjIMfyUIlOJyUlCA9PunNTts7lZbrr4i9O/Dm2SXXqKo8Nv/AAYm7vmP+EJkIbi4pye2PLL643KktlOaisl8Nnqvn7rv4/3O7VbumfhpSmurnkjxyBox2x+6z9bcfiL8f7i507pLT045+ktLMah98jK9n6E+GvTPQ9KyntULy5o/vc+bPrlaklWsmxKrS/7jzL9ev+p570J8AHV80fU/xLraq4179zDIcNH77L3G20VPbqZlLSQtZGwYAAwpEbC4ZwfzRI4yDu390iy3PCMd18rvy/7ehxBOEmtdqzhGa0YXcBIEc4wIcLq5kJZCMYdXDg7ZSJHCZj3UCOY90wkt3J/JLOk7u4UCsuMcWxGeytLJCTPWR07C55CoKy4y1Mp0vIah1L6mrkLmklvorG3WbU0ST7E9sJiwkQh0dvFbKC9mcclaCmt0FOQ5ozhEgpo4RpY1Ge8Rt1HhLk89EO4DRsoVXcYoGkOwSolwuunyxOVNNUPqXeZFGO7shKq7j4hIbwVAw95yByitoZ5XtLRsreltoLWhzQEz8CEKjtglAfMMHsFd0lEIhhqdII4Gtc4Ywok15x5KcAke6pveQm1U0NHGZJDx29VTXC8VFWzwKOMtjThTV1wlL5dm9vZTGU9NRNHikDA9EDzksr6CzulLaiqJOOAVZTOpqZuHPawBUN360o6EllM/WRtsvP7p1JcLjK7VM4NzwCmwg3yWo5Nje+tKalcY6ZxeRtssNcb1X18ji+ZwY7sCopJcS5xyfUpp0n8X7J6rGKOBo9+Usj1XCRhBJOeUa4CjHIQkY5Qzylk+qCjGdCTclcTUaWSJZEmJISJvAaWRyanJqhXQ3JXEjsubnhRvA0Gkl3wk4tb9RAAQuWA0s9CSO25OAqO69Y2e2Fwkl1EdvVYS8fECurpJI6EOii/DlL3mqrSTnyz0G59S2q2BwqJwCOPdYm8/Eeol1R2suYQdnkLFVFTUVMhkqZnPcfUrkUbnnyjKjbZ0IaSFazIkVlzuVxkMtXUySOPq7ZRmQul4BWjtXS9fXNY7wtIO5z2C19r6Tgo2h8haXfZVyX/Jqo4iYKg6ar6pglZESO4IWrtvRUEZbNVhpOOFq4IGQN0MAA9giaCqSMlusnZ10QaehpqYBsMLGgegUsAjG3C6GHKJpGB2RiJScuxNJxuu4ynNXVBLA4C7jCS4eFAhFDPKRO64S3G5wFA1yLI9Vx24Iyo1RW0tMMum4Hqs7ceraaIkRPO3uglNIaqJy6RopXCI6ncKtq77FTNJY8ZCx1z6xdL5YyTn3WfqbrVVWcuwPuk2Wm2nRTfMjWXfrAfQH8+hWTuPUNRM4+G4791CdHJK7URlcZbpZDkHCTKbkdCuiFfojvmqKg6pXk/muMjcThrc4VlHbgCA79VKbFBBp0R7oJLI7hdFZFTVJ2bDj3UuK3VDjmeQBv2Vg2QFuzcYQy4uPKAGU2wbKaihPmdkorZKYY8NiZ4WoglObHx2VpAuX7HESE5iaF0GU/W5Ebwlpz2RdgbsjcOPK54WXZJRMH0KWh39JVZBOhjcYylho30rukD8ab4jBy4D81TaRGmxzZdGzW7IniucM4QfGpxuZQCEN1ZTD/iD9ULmkH8cn6D6yTuiBmRnKhm5UrfxgY90N17oAMGVV8iB+Of6LEjOxeuaB/Uqh17oyciTOPdDN/pSOTt7qfIH8Nn6Lvn8YXQ3HdZ53UNMAcZyFEPUpzs84+yp2F/BZ+jWac8H9lzSP61k39TvDfLkqP8A7SSnOdSBzGx0036NmQB+MIRmaO+fzWMnvkzuJHfqo/8AEap+f5hVfIH/ABJG6+cjAyXDCC660n/eDZYf5urLt5SneM4D7oPkDWk/ZrzeKQfjQnX6mH04z91l2vTQMKnYGtLF/kaN1/IO2MfdMlvkMselsWXnkuCoMlLJ9UG4L+NCPKRJll8R5dnCa07/AFFCSV5ZahFeiS1wI3P7peUqPk+qWT6qZZW1eguB2ASx9kLJ9Usn1U+UskANG+yWx4wo+T6pZPqUMrMkXYbGFzA9AU1yQIzwpGxoNrIg05zhGD8BMy3HG6bnJVue5g7Q2cpJrCnI+ymdyVxJJVgrA9JMSUwTA9JJJWWJPHKYnjlCgAjQMcJYHokD2XURZzAXDjGy6eEEh2VTeCjrjgEhAdORvjCkYPom+E3u390Eo5CTS7I38QiDsEo0dwgdgA7p5pqdw3jCC6207s7EJeGnkpuL6JsVUHNy3cFGZISAccqlNuqGu/lzHT6ZTdNXGdJL9vdVva4KVal0z9hkkkl+TT9hiSSSUIOT0JOUCTyJPSTFCxJ6SYoQekkkoQSSSShBJJJKEEkkkhEiSSSUIJPTE9UUxZTiARg8FNTwcKmsiymLH2+pLHbxSElp9PZTGt8VSqimiqIzG9ufQ+hVXSTPjldTSnBbwT3CHoKMuSquFNJS1JljyCDkEK4ttZ81AC4jW3YolXTNqIycb4WfaZ7bUGSPOnO49kSeRje5GqXWqHR1cdVGHsdnPI9FKDtjsmCnwPyPVdQd85RRuFCg0ZG+6ZVUsVXE6GZoIcMfZDGRyUQyjsFa7KZ5BeaW6fD++fxCMudRTPy7SOxK9Rs9zorxQRV1HOHteNx3aVy8WyC80MlDUsa5jwRuM4Xm1qqK/wCHV7db7kHPtc7tMUg4Zk7ZT4ywLlFSPWQcHIKedxpzsodNOyojbLG7Ux4DmuHBCls5wtldm3lGK6rJ4H8a/hc+3um6xsdKH031VbGjzNJ/F/mvGJYqesidT1LAWuGxI7r7ikjjmjfDNE2SKVpa9jhkOHoV8u/GD4Zv6KuJudC7NqrHFtOwDaE86F9N+k/qLGNPqH/g4es0m/o8khmqLPVfK1Gp1O4+Rx7K0lI0ZHBC5LFFWReDMATjYqtp6mWimFHV50ZxG8/5L6xTYpI8vqtMoPDKe8WmXDp4eQckeqhUtfhvhzZBBwtrU0zXxgH/AOasdc7VLFO6QNwCdsLb9slyeR1tFlFm+oZcbfSXanMchGRu1w5CxtwtNTbX5f5ozw4LTsfNE7G4IUwRRXGB0c7AR32QtbWc7UaWrXQw1if7MIxxxuig5VtdunXUgM0GSz/JUp1MOCCqPI6rSWaWe2QVJNDwU5QwYHJJqShRISHKZH3T1Awg4XUIcogIwoC0dSSSUKEkkkoQ5gJEDC6koXkGR6LmCiYCRAwoXkGkukei5gqFgUkklABqaQMJySANgiN8IL2ghSE0tJSZRa6CjPaQ4Zqy31UdbQzGOWI5aQcL6U+F/wAS4OrrcaOvkDK+laNQJ3cPX/5fVfOLmZ4XKKpr7XXQ3G31ToJoDlpHf2K5PkdFHWQw+z3P0X9Zaj6Z1HOZVyeGv/Y+y2SZeEc6XgYIXm/w0+J1F1dStoa9zYblGMOBP1+4W8MnhleH1FEtPPZPs/VXjPJ6fyenjqdNJSiw5JjIHZEa8PaENr2StBB/JMLHsOWkpTWToZzyMqIQTloUV8ZA4U+GUSbOC7LC2TcbIlwLshvM5W2qKoJIaD7FeX/EP4X22/08j20+Kn8BA7+69lqYjFyOVW1FN4h1Y39VrpuaZxPJeLp19TqujwfEdxtl46OuTqavpnxxatO/Cs6G4wVQ0sdg4zhfS3WHw+tHUtJKyqp2mVw8rvQr5o6v6Iu/RFyc3Q90GrLXBvZes8d5Hd/p2M+BfVH0XPRTd+n/AA/wT8gg52QTG1wO6rLfeGVH8qR2HdirFhOec/mu45LHZ85sj8csEaSItdlmyNRVk0LgJPME/Tk5chzwggABSKwKbUuC9o7iH4BI3VhhlSwbgLGxyPhcCCcK6oLo1haHFMU8iZ0vtEqsto+prVTz0bmO3C1UNTFUsw0ZyotTRNfktTEBGbg+TNuBYN9lY2m/VdF5WOy0HgodXQu/CMKA6F7DwjTDli031Lc6e5U4yG6iP3USqgx22WRgqpoCHRuLT7FX1BeDOAycjPGSjUsmeVOOh0gcCOyl0N1mpMDJOOCDgocjWv3CjStwUxyQmVanwz0Cy9T0s7GwyyYdx5itACHgEHZeOxuexwcx5BC01m6tdRlsVU1zm8ZRqWTJqNJtjugbmVpCjl3IOyJTVsNdEJYjsRwhzsccaNimmFxa7GteTkk4Q3PKF4jWTeDPJpICe4g8cJbWRi4eSvu1riuMLstAkxsfVecXi1y00xinj4OQcbFequ4VTdbfBWxFkjd+x9FntqOjRe4dni1fQTU0peAdJOQQjUNbqxFKd+xWlutBLTzGKWPyjg+qzlxtb4nGeEbHcgLn2VtPg6kLVYuScTlBkj0u8Rn5hRqGt1YhlODwCrIBpCWHyiM15JwQnvjDlySM5yE9rsdlfXRB9DcKuz1TKukkLXtOdjyvbOjeu6W/U0cMzg2paMEE8leHSgHfCJbrjUW6pbU0zi1zDnY8p9Uv2ZtTpoamOH2fTTmCXG2FFdNDFVilmOnVwSFkekevGXcMMrw2QABwPK276SC7U/ldpcN2vHLStKeTzltUqZbZFTVW+S2TGsohrgcf50Q/zCy94sbxXMv9kDoKiE6yxv4gtfBVz08v8PuQxONmv4bKP+qK+gbHKXxHGeW+iIisxwU7H2f4l9NPt1WQKxow7bDo5B6FTfhL8T7rYbgegOu5iKyBp+TqJDnxmDhhd7dlS3O01VnrTe7M0jUR81A04ErO4+65f7NQ9fWGGvpXaK6HLoZGnEjHDGxS8ewlCFsXXZ+Pp/pn0eyq1bAKRFIcheIfCD4qVFXKei+spTFeqfZj3/8AH98r2WOXIGyYjkX6eemltn/0fpotWSZCO1wcqqOUsICmRyAgKCCWkg5yuq8ECruSuJISBATlPBGENLJUIFSTMhcJB7qECZHqlkIQPqUh7lQgXISQxn1T8hQh1JcyEshQg1JNSQkEuHhNSUINPK4kkoQcSMcoTu67k+qYTgajwoQZ/wARFBBbjIwo+cpuT6qFp4MB190SGB96tMWHDeSJo2PqQF500b6XDB7j0X0Q9gkbpduDsQvNOu+hTCHXW0RbDJkYOU2MsG2i2PUiN0f1a+2vZQ1L8wO2BJ4XqEb2SRtkY7LXAEH2XzzDVNB0PBaRsR3BW96M60NOW2uvl1sdtE4ncKwba08yiejEoZJXA7UMg5BQkwyNYCnhBf3TtXsundGUV9U/B3CoLtR4cKgNyfutJUxatwOFW1TA76goOjLHBRU9U5xDSESut8VfAWTY42ylWUJiJngB9S1cgqssw47hQan7MNcqMQCotVdADTT5aNYyF4ZdrZW9BdQEyHXQ1DiYHDgDPB+y+o7tbobpTGB7Rqx5T3BXlfVllFdTVNlr4B40TS6JxG49wk2170dnxPkZaS3go6CvFTHHVQOwS0OBBU/qO1s6gshqYmjxoRkkDkLz2z3Go6buBt1xDhC84Y48Ar0i0V7In+E7Doph67briazR/buR90+nPNQuSrk+zAWSpfE91HMSHNJAyrbBjlDsbFM6vtRtdyFZC3DHnVt6J8UzK2kEjB5gMrhygfQK7Morr/bfFArYRuNzhTulL14sfykp8zdt0almbK0xuHHqs9doH2qqFZS5ac5OO4WWawx0XKEk0bS5UTalpkA3wspUw7Hy8LV2iujuNDHM0g6m7j3UC9ULWDx42bH6gEId0fkXBkJo8E7cKHKPZWVQzc7diq+RpTos5F9WCDIMlR3tU2Xn7qLINkZyrokOThQ5uVNm2JUSTlQ5ty9EaYYIQ4ycoj0E8hUYZPayewjGcoqhRu3G6mN+kIG8cmuiW4tbPMQ4Mcds7K1qcSR6QRys9TSeFIHnj0V7IxzomyN3BQp7uDt6eeY4IocaeZkg7LRUkwqIg71WfnG4U21VOZBCUGMcm2mz7trLJx0OBCtrfVFwAKgSwDGR2TYJvCkGUixc8HUonslk1ML9QypUTsEbKsopBMwHKmsdntwlYOrCzdyib4+BvunRvaDu4HKhg+pXN/6sIHHJqhZxgVax9K/5iLPqplJVipiDxzhCdIJY9DhnbCgNM9JU84b/AJqsItWYZcubq7qE8PgqWyMBxnfCkRTNcMhdmp/EaNPdANjInU9SJMjYoc7AeAoFJIaWpGo+R2ytABMMgoO0aa5Z7IzJXxOGFf2u5Na5rJDjPCoJGFjuEWCYNcMpFsMGyq3az0KmmD2A5B2UqN5Dhssva7iAwNyStFDK2VgdhY58HYqtyizhw5uSRlNnjbIxzHtyFFjlc1wwpjJWuA23CTn2al9xjrlDLaKttRECGk59lrrTdqe4wNkjfvjzN7gpVtFT19O6nmYMEbH0Kwsrq7pi46m58Nx/IhXuyIn9p6U9rXtIIzlef9XdOut0wu1BlgLv5gHB91s7Rc4LlTNljkBONx6KVUU8VVC6CZgcxwwQQhbeRa5MfY7yypaxmRqa3dWFdQsqmEOaMOH6LMX20VHTVe2op3HwJHbe3sr+2XH5ula/IJ7ooybIY262ye3zuDm+QnylVsgJxhejXGjiuEJjlaONvZYi4W2a3ylj2nT2Kc1lYEtEKOokppGvj5XrHw+6skqGtoaibW3G2TuF5M8A4J7KVaLq+gqg5ri3J5WG7TqZrpu+N8n0k1+2cbFEbNk4IWW6U6niuVKyGeQGQDAK0g4K411OyTOtXapolNOUjsgwnfcqQHZWOcTQcBOUZpyMlBxghGj4CWWgczDkHHCJTTnUGkcIhaHtxhRZGGN24QAFvE9rm4yASmuG2VApp98ZU2OQEbqACiJLsZxhSGoT24GtmxH7p8Tg9uQgAHpJJIRQkkklCDVw4IIIyF1JWuGNMze4DSubVR/SXYI9EwESRteDyFbXeAVFI6PGc5Wfo3luad53ZwtdYbC6cE5XmXxHtckcwqWtGOQV6fKMkFUfV1qF0s80bWjxGtLguno5uMkzFra99bPCrvTNraMtI87QpHw8vJpKo0Mz++BlPraR0ezCXBow/wBiOQso2Z1vunzMJxpOSF6SP+ojyG/4LFI+iqdzZIG6eMKXbZyx7oHn3CznS12judsilB3LQrd8nhTRykZGcFZL68dHptJqN6yaVji0AkILnkTA42cjRSB7W4HYIUrdtYGcLFJHXi8oeSXITtgUSMeJEHd0wtODgIIob2Vd1Z4kBAbuFEpHvfTBjz7Kyn0yAgtVXT/y6h8J2adwnx7FTXA4tJBOVgfiRQRmmZVafPk8ey9FOAdOd1TdSW6Kvtc0BZl4aXNPuu74u912I8v53Qx1GnkmeGQyaZASNypNS3U0EbKPOz5eqdEfwlHkeXxZxsAvoOmsViWD4Nrq/ilJfomUFUWtEZG4Wks9QXTDJwFiqWcsn9QdlpbfKWYcN8LXOvKJ47VyhYsG3ilaSC3CtKCqHihrjss1QyF8eondSoqoxPDsZWC/T5Poeh16cMZL+v0tGoFRaOoDn6dkdoFVR5zuRsVSQl8NcGP9eFybqtvB1qtU8o1MQyAcqS1/bChRvBARwRkHOVhawduqe5EnUSnoI2RG8peDSuQiR4XARhIkYVDgbu6AeT91Id3Uc8n7qFA5OyE9FehPGU6JnmMVWfJWPjxs4ah91aOGQQqus/lSxy/48E+yqTyBIkaieSuJZBJIXHHARqPBENQ5+F1zhnlDl3xgoNnIMpJESpy3z+ieCdAGUOpH8o/dPaQWjHomLgzWPIFw5Cj0rtUr2HYhSHEAlQ2Eir2OMlRCSTUHGFDrfpKmz7YJ4UOfsmLlCreitGxx3TMYKeNq32ITJx2CYngw29mB+LWTZ3ntsvHWcfkF7H8Vd+nge5K8cZx+QXd0LzWfDvrn/wDMf+gxqIeENqJnCdLs8aDj+oqUzhBjGE9u2VogSfYXX7Lo5QBISdgjA5GVogTOQo4CbkpJivoA7qPqgTHfAKIOVHdnx3HskzlkOKHvOIXO7qvaS6TKlzHDMZUaEZcsrllhImxABgwnrjdmrqNyyin2cco0gx3T3cIOcuUDjwgtOwE7qbsAAAgwR4buEUYHdUIn93RxEiaSRhDHKl0zc74RQXsCcsIl0kQ2yFYtcGt4UanZp5CLUP0MLk9cGOxtsZPPk6AOVJttMMmaRnfAyoVHC+pnD/wt5yr2JgyANsKHc8Zo8/eyTC3JwArSni0gHG6iUkOcEhWTBpGFD1tUVFZOnyglVFTI6SctBz/opFwuAZ/JiO55KiwswA93JUJOQ9zhCzUfRecX27VFxrHmR+Y2uIa3stP1befkoxTQu8xGSsMQ6U6iEmx/o4OutcpbfQpDnCPE0eUqOAc4UqAHZVFZOXLGCQwABPe8MGSnNzoKh1TxjAKuXBnxyRqhzpZclPY3DclNY0Odk7psz8AAFKk+RsVxwDkcS8bqRGAGhRWHU7dSMgN3KLI3sbO/QM+yr5Hl5Rq2T/h53O6C3ON1ksnljoxQmbnC9C+GvTMlwrPnpmfyWnbI5x2WNslukuldFTxtJBIJ2X0R0VZGW2gjjY3GAAf9fzQKW49Z9M+O+a16ia4XRo6KFkMTWRM0NAxhQ75XOGmjifjbLt1avLKaB07z5WgrLAura0l2SXnKfXE97dP4oORYWahy/wCYe3bgLQxRknjYKNQsADYmN4GFbNhGGtAW+pKKPCeTsnc3F9sPbqUSO8Z7c44Vq/DQAFHjc2GJrWjGyYZwBv3RSngzaHwsd2+yIZ0pYMJkEb5XIIf4kjR6q8o4PDAOncrFqL1Hg+jeE8PXOSm0HpKVsTBlmEd7gG6dt08ENbxjCivy92MrjX3bmfRaaVBLCGlhe5T6SDdp0/uh09O52Nsq1pIA0AkLDKWTbGKHw0wwCG4U5jQ0DCaxoaON13xMLNJ8j4xWB5IHKjzShwxsuVEwHHoq6eoGMI6k5PBxvIa+GlTchVM2+MhV8spylUSEkHdR5ZARsF6Hx+kbeWfGPq36nbraiwFwq2U8etx3PAHKo6O21t5qjHTM1yPOSFaCjqLtVtpYIy5x2+y9V6R6RpLFSNdJE187ty48hehrxRHB+dPM+Seqt7yc6N6TgsdGxojHjOALiecrWNYGDACY1EQ2T3vJwJS3MSSSSQCJNyU5MJGMKEH5HqkcHugEnPKWT6qEH4907IzhClqIaSF1TUv0RM5K+ffiD8arl1VWy9N/DN8jY9xU3Jp4b6R/vnf0TYVSn0Orplb0ar4tfHmz9GtdZOn4zcr2/AZG0Zjj9nrC9NfCq/daXQ9VfFSvNTUY/k0oeSGNPGymfDH4R0VmnFTV0oqK1x1Plk33PsvcbbaDAPOQSedkzivhj7bYU4rq79sr7ZbIKWFlLTNIY3bCu4KLwsFS4Y2R/gb+ieRlC57jF28saxjWtwAnYCWQNkshKwCdXDwmrh4VkEScrmSmEjJTXPAChB0smkgAoUtUI252QnvxklVlTV+I7SwE42UCD1VxOnQ0jdRI4Jqxw0NJHqpdNZn1TBLUeUnhXdPSx00bWMaNhz6q08EK+jtBiAdIMKz8MBuzeER7/CA/zVFd+oWR5p4Tv3KHLZCbV3GKlB1kKhqr3JVHTG7ZQXyz1xwXalIorRKDl+2co0kuWQE5s8zstZnPKsKK3uyC4YKmUtEIgMBFmlZTM1k4PYBWp+iBaeFsDNR2A3QKi608A0RnLlXy3GepHhA7d8d/ZWFBZWuaJKnGTuBhHnPJCK6Wqr3YjGQVOpbR8q0S1BUuX5O1xeISG47LF9S/EWOMupqFxJAxkFXBZeC8GkuN+t9siy+QZHAyvOr/ANbz3Bz2UupjTtn1Weq7lWV8rpKmUuHYeijZC0Qp4yNjE6XOcdROSVxLIXCRhNUUiJHSUMklcLhnlCJyifA6Mf2P1H1XEJcyFROuDqYlkJqhQkxJMULSyNwU3BTycJoOVW8ZyNTcFLGBk7YQq24UtBH4lTIBnhW5YG11Ss6CkY3OwTJqiGEZleGj3WNv3xMtdLE6GhAlk+ywF16ovN3P8ypcxh7NOEDnk21aGdnLPRr51/bKBxZA0zOG2xXn9z60vNwkdondEwngFUbWuc7LyXE9yVMioJpseCwk+gVnTq0lVKzIjl8tS7XO8uJ7uOUWGB0uzAT6LTWboyoq3NbUNDNW+PZbG29PWy2tDY6djnN7kZUQNmojWsQMTZ+jKuubrqWiNvutjbOl7ZQBhMIe5qvGxZADGhoHYBdETgm4Rz7tROb7BMYGOwxoA9BsjBpLeE8NweEQAYVYMr57I3hnOcIgjGOMomjdOAwhD4QHwx6LoGNgjYbjZAc5rclxwFWSJo6kodTeLfSD+dOAs3c+vaaMFtG1xx3VbkNjVOfSNYWhoLnHACgVtzo6cZdMPfded1/WlyqjhjtI77qmqa+tqDl8p390O811aJy5kegV/WlspGEAlzzwAspcOtqqcubTamj3KzxY951O3ThCRg4SbLTdDSVw5DVN4uVZ5ZZzp9iojw6QAEn7qU2Frh9OMe661jG+myS5NmiOIcJEL5XO5RW0ZG+UZ0sbDjK6Kqna3OtLci3JyBNjAONKKzyjACA+40wO3+aEbnTjshcy0pvpE7c9kzG+6rn3vScRMKA+8z+nPoq3h/DP2i8al5Ry4BZqS6VDuCVGlqamQYMhIQOwtaeXs1jqimj+qYIEl2t8fM2VkXyvHJJJQS1x5J/RUrGx0NIpdmwd1BQM/HlR5Oq4W/3Az+ay+Mg5H5pjWb8cpUrJ+hn8OCNBN1XNjMYA9sqM7qiud3VYIfblIw4GVXyyGRqrh6Jj75XSn+9IH3TTcKlzcmQ5+5UMR59/yTi0/wBJVOUpBtVP0EdXVOT/ADD+pQjWVH/eH9V0xH+goRYcoW5lKMEENVO/Z0hI+6Rl2GQh6D6H9F0A+ipbvYS2oIHF3BS839SGNuV3U31Tcsamh+D6paR3SyPUJZCvJeBuAkjYyuINxWRpY09k4DGwSSVZKEnpiehAEkkkoQSSSShB6SSSgGBJJJKAiSSSUIOSSSREEkkkoEPyeEkklCBAeyeCMIaWSjBHJJJKEHpJJKEEkkkoUx6cmpyFi2dB7Ig4QxyiDhWijq5gLqSshzASwF1JQgks4RUlCsgs5XEZJC4plcH61pJJL8jH7FEkkkoQckkkoGJJJJQgkkklCCT0xPUIJJJJQgkkklCCSSSUIJJJJCJEkkklzIPSSSUQI5RK+jFRHrYNMjN2uHKlroODlWAVVFV/MM0uGHN2cPdCuFAXRmQDKLc6QwzfxCm8pJw9oGxUimmbURAnBBUDXJn7dUmjqDC7grQwPEmcKrulvGrxIm7jfZK3VXhnQ7OyMtousb5XRymtOoZXTuiFjn7gEIOo9wixnsd8p0kBa3W0ZUIMa72VffunqTqGhkpaljT5TgkKYyTJ2CM2bTjZXlkSPOOmr1W9H1o6XvRe+FziKWRxzt6ZXokU2vG3Kp+qumKbqSidpaI6uMF0MndrlR9KX6vgqXWO9sLauBunJ4eB+IJsLGhVlakb1pyCot2tlDe7bU2uuYHRVDCw+oTmTBw27rrc+q302NPKMF9J8mfEHoKp6KvElE9hdC4l8Eg4e30+4yFlKihhr4PDeQ1+PK73X2V1d0dbOt7HNZriwZeCYpMbxu9Qvk3qjpW89I3WW0XWEsmj3aQNnt9QvsH0z9QfPUqbXmZwNXo4z5ZlYKqoppf4fctnt2Y/s4dk2404kYSBlWksUFfGIaloLm7AnlQHRyUzvlqgksP0Px+xX0Sm7csPs8rrtI0nKHRmaqlBdkN7YVe8zUzmvbwDg7rT1lNod5mjBGx9VU1NLq2AW6KyeU1NDT3R4YyKobUMLHgOB5CrK+ywVLD4eGO5yAizQvpnBzCR+aO2fLRkbq5QwcO/Fixb2ZCtt1TQvzIwmM7NeOChRvzsd1s3mOQeG9gIO2CMhZ272GWkD6mkGtnOjuFW1nG1NEUswIS6OVFhqCTpIwe4R2v1BVg5eM9BwRhLI9UPJSBOVCshV0HsmN+kJw5QBBBwurgPZdUBY9JJJQoSSSShBiSSShDmAkQMLq4eFC0DPKS6Qc5XFAgKSSSgA1NIGE5JA1kJrIEgZTNIRyMd0zBSpw/RcHgjEVNPOypoKp1PKw6g4DK+gfhx8TI+roRbbrKI7nGA1oP/ABPzXgrm5Q45amjqY6ujmdFLEdTXNO4K5es8dDWRw3ye3+kPq6/6a1C7lVJ8x/8AY+woXFuFKY5j2hr915J8Nvi8zqONlnvz2x3ONuDk4Dh6+69MyQM6l4e+iWmnsn2fqjxfl9P5ehajTSTiybJCIxriCUU+4BCHS17Q4QzfkUeakz/MhPO+Eg68duB8scc0Ra9v2Kq5abDcYUltS+J2iVpx6ogAmGQMJkXhgWVKZSz0/O2Mj1VJeOnaS+Uj6GvYHRuO4WtlpwTx+6iyUeDkD91phc4s5up0ELY7Jo+RviZ8Hbj01VSXKwQPdTNdqLR2BWNtt8BaIKoFsjTpOeV9u1dviqGls0YId2IyvEPid8EBWsluXTkLWPbl/h5wM+y7ej8jJcS5Pjv1X9Bxm3fo1/lHlTJteC0bFEJ8QeizZddbBWGjuVNK3B0+YbfkVZQ3Fsm5GF6GnUqyJ8a1OjnprHXNYZMlYMg4Q9cjPpT2zBwyugApucdCWmlgkUlzqISNxgfktBSXGCeNpLxk7H2Kyj2Y4C7DM+B2ppOfumwtxwzPOvPJspKdjxnA3VZV29rfMEGiu0r8NlcrWJzKloyMp+4Qm4cGedFpdgDGEJ5Me7VpKi3ROblrcFU9VSOjdjGyYHGan2FobnlgjmPCnNmbIMghZ/SWbokNS7Vg5/VRTwR1J9F5se6GcjdR4qluACSpLJW43TIzETg0Trde62geNEjtPoStzaeoqa4tbGSGygcE8rzrAO4TGyywPD4nEO9QcJnyMzT0u49XqoYqmMh4Ad2Poq1tS6KQU9QMOGwPZyp7J1XG+JtPcHEPG2r1Cu5ooLhCHRStPdrgdwUxPJz5wlXPbJBHuJB7YCiPJdnKHSVTxIaSrGJW/S48OCkOwzjuixkKKeOCtrrbFXRlkmx7FYy40MtLIY5GbDj3XoBxg+6rq+iiq4yx7RnsUi2pM003uDweV3SgEDxUQt77gcJ9HVCZmAdxyCry4UpikdC9m4PdZ6uoXQP8aDI1Hgeq59lTT4OxVYprksNI05UfJa4ghco6kyQ+bchGIykBsYDlMAATwMLqaUEoKye3Tiop5NLm7/det9DdeMrAyKWQNkGxBPK8clGcIlHVT0M7Z4Hlrmn9UyM8GbU6aOpjhn1BV0lt6hoTBUNzqGxHIKpae4TWSqba77rcHkiGrAy1w/C1x/q9Vluh+uW1TGQzyYkbjYlekPZb+pqE01UAYyN8fUD6j3WhPJ5q2mdE9skRS1j8hzQszcaOp6frP4pbmn5Z5/nxjge4ClVdTcuiauOjvJNTY5naaevIxJCewkG/657K/bFFVQ/hlhlbzy1wKLDKeUs+jA9YdKx9SUsN4s7/AAbpBiSCRhwXd8ZW5+D/AMXf4r/9afVJ8G8Qfy4y/wAvjY7f83p6qp+RmsdS7SXGke7Le5jPt7Kg616Jdcmtvtmd4Nwhw9r49teP9VMMdGcNRD4LevR9LCUFHhlIIGRuvCvhT8ZG3J0fTXU/8qvZ5Ip3HAlx2Po5e1RPBYCDnbKhx9Rp56eW2XRbMlDu6IX4VbC8tcDkqUx+oKCCVkJZCEHe66CcqZISkkEcLqvBA2SlkriSEgs4SzhJJQg9LJTElCD8lLJSSUIJJMSUIJJJJQgkkklCCQ5IwYzvuiLoOFZCBgg6TyurtbC7JlYPMBsolNP4wIOzm7EFUQmIb9MrDG9oIcMEJ47pgd7KFrg8o6+6JfRyuulriyHbvaFhYpyDkHS5p47gr6NqKaKpidBK0FrhjdePdd9Gvs9Sa+laRG874GyYaqbM8MveiesWTMFsr5T4p2jJOxW5ZJnYhfPsU0kTmzRO0yMOWkc5C9Q6I6zF8j+Uq/JVwNAe0nn3RtZRdlOXlGwRVHyEXkIkjO1gUgDgq2sj0gkBWHc7oFSAQERRTS/SR7KlnYYpCQNicrQ1MQzsOyqaqLUcEKDCPHMSADyoHUFkgvVNg+SePeOQcg+h9kc5jdh22EUSuZhxb5DyVAoNp8Hg/WnTnzGqCohDKmLODxq9wquwV82TQVJIkiHlz3XtfV3TcV/pDNC0CaMEtI5K8Qu9BJBXFzCWTxnDu24S7aVasHrfE+TlppLBsK2kZfrQItvGjGASsXbXuoquSimOMOxgq7sd5eNBe7DgdLlF6zteiVt0pwQ1+5x6rzes0vxy4Pt3gPPw1MVCT5B1lO+lmErCdLtwU+SKG4UxbI0E4TrRWC6ULqSYh0jRlp74UWJ7rfUmKXJBOFxbo4PdVyUkVlvq6ixXLwNTvBeeCtyYo6+ly1ww9uQfRZi924V0HzNNjW3fAXOlr25zfk5tnN8pBKzlVTjGx1yfBGutvlpHlr27evqqedgAW+u9H81Rk4y5u6xNbBoHCcngXqasrKKeYYIUV6my/VhRXph5/Ud4IUuyhzf6qfKM/ookrSdlDk3kSThQ3cqZJwob+VDnWPI6IkEAlWbfpCqW/UCFZQOGkboBulsw8Epuy01sPjUnhuIPosyzlXNmn0zAE7JaO9pJfdydqQIpXR/uh0khgnEgUq8Qls+sDAUDOUMpYNzeyXBqqapNQM45CZOxwOWqrs1W5snhuOQrzUxwOQl9m+qz7UybaKkgiEq6bxn1WXikNPIHBX9DUiaEPQbTp6e70S84SXAPRdzhBg3JjmOI3ylUN8SMkcjcLjU9wyMIQyPT1LmuAOyt6acPAyAVRTtLHZHCl0NQGkNxugxkZVPb2T62j8RviR/cgIluqmgeC/Z3ui09RnkZUaupw3/eIRg98IXHBri0TZmAjKhnLDjKkUdU2qhHrjBQ6iLABwkTjkfGRMoKsscMlau314c0DPZYFkhY/jGFc0Fw8IAuJOFmnA10ahqSTN1E8OaHBHZMQRsqy2VAkhDgc5Vj6HCySi8ncrmidG/IBI5UW62eC7UzopQM4OCnRuxjZS2O4QDJx3I83oqi49L3b5aVxEZPlJ4IXo1tucNfCHscM43CrOo7DDeKVw04laMtI5ysZ0/1G+y15oq7PldoyfZQzNODPTK+201zpX01UwOa4HBI4PqF5pM2u6UuZhl1Gme7yuO4IXpdHWRVMLZoXamuGVA6kskN5pHRvYC4A4+6nRS5IFK9lRC2ZhBD25Ci1tJHVRmKVuQeD6KhslVV2S4Gz17jpP8Ad5PC05IkR5yWYa42uajkI0ktPBCqZYXA/St/XQeK3GOyzddQEHyNQyWQZd5D9H36SgrmxSu2PBJXt1pu8VwpmvjO4ABXzfPqinc3GNPBC3nw+6s+Wl+WrpPKfLn/ACWG+vcsGijUqMtsj2Rp3BDlJa3LRuqunmZK1skb9TTuCDyp0UpwFybamdeMiS1GaorZ842R2yBwKzdMdBr2SGkeq5NH4jDnkoLSdzk7Iscue3CWSaIQc6J+n0U+F5c0FBqIGuOpowUKkmJeYnHjhC1kW+S1jdqBBTGudBLpO4KbER6p5HiHcIMAkkHKSHG/A0O5CJnKoAakkmuGQgbLO5Hqkd0HzZzlGBGFMFtYAPYScHdZe4xfJXLXjyy8LXOGVQ3+idLAXBuXRnIK11MsiCQHJwuYEzHMI5BCBTyNdG1wPIRwNtiujQ9ryKtW9YPGeoaGSjvlZRyt0tqAXRjG2peb3CmfDVPZINwV7l8UqAwspL/FH/Lp8Ry/6FeU9W0mmeO5xN/lzsB/Neh0tuVhnkPJUd4Ln4eXowSfJPftnLV6gWioiy3uMheC9O1pp68Oa7Gkg/de4dNVja2kznOAE2+OVlG3xd+6G1l9YKrxY/l5T549vurOVmRzyqCncaKvEg2a7Yq/8XxRxhc6xYPRVPKAtPhnA49ER+NBOECXyuBT2Pa5iQzZAjSMOThVFUwxztk43V3M4A8cqtujR4OoN3ByijLLKlEA9xNQx/YodQR33CRP+6skxkhOlGuEOG+Fu0trjPJz9XUp1tHjPXtp/h11dUxR6YpTqwB6qnD2vpTj8QW/+JFtnnoWVbOGHBC83pZS3ye6+heI1G+HJ8M+qNF/HtlhYyKPLH4cN1obLUCV8cbjv3WelOJiQrOyPAqgSey9DCW5HhqrfjmbWjmAkEYwBnClTNOdlVxgska/Cs3/AMyAkclSUEz0+k1acUi2tdwZoFO9wB7FBuzSHiojbgjlU8Mxp5W54J/Qq/mDZqbzbkhcnU0ZeT1Ok1m+KWeiVSVJkiYTjOFPhldsFn6GTTII3HZXcLwdhuuTbVg9Xo798Cwb9K6w55QYnN2TmnzBZdqOpCWSRkpAnKaCuoDUPOMKLIjvPohuUBl0Rlw4xulJyFx5yBhGZZPLGF2QQq+uYfD1AZIKnqNVtDoi075CoCUsEaMgtyDlOkGUGlP8kd9yj+IAM6UzAG8r3VZFR4LtsozneXPKgV4xUB7dlJjOYwPurFynkZKdaZA7JO+cFOd9Sj0pLHzNP9ZQgj5xh2xwoLnaKpvuVKqXZf6KJI0eI12VYlvBPqd4C4Kvqt25Vg8g0I9Qq2Y5Zyj6M1kiC4/7y0psnGE1/wD2ln5rku+yYZLJZMN8VT/7jAxkZXjjOPyC9g+KzvDsI75cvHmcD7Bd3Qf7Z8Q+uf8A8xX+DrVx/sujugZwVoayzx6WQ7dmp54TGnIT9TQeU+vhYBnwxNA2RG9kxnZPWlPBTeQg4QzyuZxtlMyPVCCPPBQHEDJ7lPHBUd5JzukWSwh0FkDUSZOB3RKMEnPGEFzQXcqbSR4ZkhZa3mWRk1gNjAAQ5OyI5Dk2wnuOBAKR+RwmU7cv3Se7fCJTs82SEIbeCWNmphJyn9kM8qMDA+MEnZWVEzcEhRKZmXbhWUIDeBwjgjNayW0AN3OFDllfPOIwNinSv0t3KLbqR73iZwwB6pxKKJXSwifRUvgRNaR5juVaU0XmBwgNbkgAKyooNQUPZ6On460iTAwNAIT6iYRtCUgELcqoqagyvOlxKtLJtnLahkrNUpcBzuuVlwjpIRI/snMdjc+iynVF3BIpoCNs5KqfCOfqb4whmRR3etfcLg95OQSgloa3HdDj8pLiNynvBc4JEeXycOV3yPImN8ymwx4wccIEbBsfVTQQxgGEwy2Szwdke1jCDhVkxLpEWrlydu6BGC45SJspIcRhoKizOOfVSpS0DCjN3clTHwOxgjCdK8NaCSiBoDQQFDqTkkZ4U3fbyMinkjOLpZ88nP7IzxjyNGSU2NujLyrCw22W517Y2cA7rJM1aaiWptjVDts3/wALempC5tZM0HI8vsvb6GnEEDW6cLPdG2RlDRQx6BnAytNcZm0sGto4COqOD6zotHDQ0qtFPf64hrKRh3duUS1W9rIxI5uXu/ZQKeN9fXmd+S0HZaugpfINuFuhhIHUyc47USqSmZFGC0blTYGAbkJkbcDGMBGLgW4GxR/Jg5tPjXZPdJCfJq8vAQnkkho4TXHGTlGoI3zSjy5CTddtWT0Gl8duxBIn2qiD3+I5uSN9+yvYw1jRsgUkHgtxhSSQAcri33/I8nutDo46eCSQOV57DZdhjyRkJMOpw2U6CMAgkLDZPPB00sBqWFpG7eFOiaBwgxtI8oCkbMGT3SHIZwllj3nACBK8dimTT4UCapzt2R11ub4OdrtfHTwzkJVTbgZHHqq2WUgrtTISQf8AVAlkAK7eg0WHukfGvqn6oit0IsdI8FpUeCKatnFNAzU93C7HFPdaltHRAlxOCQvTemekoLJDrnDZZn4OojhehrxBH578956zVTcIs50t0jBZ4G1E7Q6d4ySey0TRg/dOauqTnuPITschw4XUklRY5JNXMhQIRQyTwiHhD5OFEskOKvv3UNn6Ytr7reqr5enj5djKpeufiPY+hKTxq8PmndkRwM2c9wxsP+q+eaq5dU/FS7tluBLGPcXRUsTiGMz/AJ8BPrr/AOYfVVu+6XRa9a9d9T/FWaS3QOlt3TrHYa2XZ035Dt/nlbf4ffDMUxYBTinjOCXHcuPqtF0N8MobRprLo5sk+xwG7EjufsvRhGxoDWMDQOMBMnKMFiIyeoytseiJRWimt8YZGA5w5cRypIbhPyEiRhY5ScnyZ3y8gmu3wj5GnlR3/UVzJ9Sl5YAQk5XMlcyEjsiIN8T2TXSDTx+6Y52MqOXg7EoyBTIM7kKJUVkcQ8z8e6jVNY1suiNxdj0R6KyvncKqsccE5DVCEVja25y+HG4iI/iV9QWmCmaGhoc4dypUMccbQ2OMNA9AiZ0glQg5rGgY9FGq62Klb53YKBWXeGlY4uO4/dZyoFVdZdZHlO4CJLJA91vzpm+DTv3PcKFT2+oqHCSXfPqrChsrYHeI9m/urJsQYMNGFbwiESltkUYBA3HspjnsiaC7YBBqahtKzUdyeAq59bNUHBzj2QEJU9w07QO3QKekrbjUYe0gHup9HZBI0SzHBO4GFaVE9LaaUEkAjv6ol+iwdJZ6Wli0ubkjckqovfVVHaQWtkHl43Wc6o+ILvDMFBLvuCQd153U1tRWOL5pHOJ9Sn11hRRc9QdY3C7yvjinLWhZ1udWXHJPdcAAJPqurTGvA1R/QQcJhJXEP6kYyMM9hNXuE179sAoeD6ruSryMUEhOcSTvsmJiSjeSdCTclJMVEO5K4kkoQSSHLUQQbzSBo7rOXfr2yW8lsczpHt4DVBldU7XiKNM46AXO4Cp7p1PabXE51VU6HdhheaXr4l3esc9tJIYmu2WRnq625SF9VO+Rzt9zsgOpV46T5mb+7fFWUh8NtgDhn6nj/JYuvv14ujiauseQewOwTKSzVk7gGxnH2WktfSE7wHSR5/JQ1L4dMjKRUbpnAgbu7q7t/TdVOWjBwfZbmg6OghDXODT7LRUlthpWt8No2UEXeQj1AxFt6HjLg6eMbeoWroOn7fQ4dFA0ux3CtSzgYwn4BAwMIzBZqrJ+wIp4/wAMbV0U7Ac+GFJ8IeqXhD1UFfIwfhe2EvCRAM/i/ZJwAGXP2+yjltIp5I7mYSQay60NKMyzcdlmbp1tShhFM46h6bofmSHRpnPpGrc5rAXOIACra7qC30UZfJJkjsCvO6/qm41mWGRzG+xVQ+pqZx/MlLh6JcrUjZVo5S/JG4uHX1P4Z+WDtR7BZms6tuVSSA8tB91RyVDGjAAQTWsb9RwkytZvhoYR5JdVX1dUf5kpOfdCbFrxndQ5rgB9IUZ1bUvyNW32QOw0w0yXRanwGbAgeu6a6op2bmTJ9FTmWTPmcV0DG+eULnkYq0uywdcKePYDfso0tznP0jAQGMJOAMqVFQv21N/NKcmw3GESMa+qO2MITpKx34tj7qzbQg76B+qI2kA7bKA7kirD5cYcclc+XkJ3HKuRS0/9G6Qia3gDZCTekU4o3kcbpv8AD5juGhXXht9F3W31UaTL+THRSC21HA/yT/4RO4cj9FdFuATlNMhBxj90O3JfzS9FP/A53H6h+ieLFITlzxj7K08X/wCXKZ4nq4/qo44K+Wx8ZIX8EgA87hn7LoslLz/opZlPuueN6FRJRK/1H7BCy0IH92kLVbQeBn7IomHr+64ZG+n7oJNNl5t/Z0W+3AYwF35C3egQDUNBwufMj0Q8F5mSPkbaPwNXRS20f8NqifMt/pK4ZGkYRJpEcpEzwbaP+Cxc8K3f/I8P6KAXtzwl4g9FG0yZmyd4FtP/AAm/okKe2d4Wn8lD8T3K54vuVWETdJk35WzHmmGUP+HWY5HgYUUyE9yu6nf1H9VCmpS5yShaLO//AIYGU3+AW0nykBBYXh2xKK6VwA2JUCW+P9TBO6YgJJjqgAeAVFk6anaf5cjSCp4qn55KO2qdtkKmslq6a9lDPY6yFmsAO+yiyUdRGNT4yB9lqhVkdvyTnVMbwNUbSPsqcMhfyZox2gjlc0+62Hg0Ezhrha0+uFHlsNFI8ujmDM+ynxjY6lP8jL6fdLT7q8qOnKtpPguY5vY5VXJa62AnXHn7KhisjLoCkkfKcHYrmR6qsDVJM6kkkqLEkkkoAJJJJQgkkklCCTk1ORIgkkklZB6SSShB45RBwhjlEHCgI1PTE9QgkkklCD0kklTYpvA5EahogOFcUBkckkkjIJJOSUIJJJJQgkkklCH63JJJL8gn7FEkkkoQckkkoGJJJJQgkkklCCT0xPUIJJJJQgkkklCCSSSUIJJJJCJEkkkgKY9JJJQBCSSSUKkPc0EaXbg8hUk/jWifIGumkdtj8J91eOQ5YY6iMxStBafVQFSw8MjFzZW77gjZU9VTSU0xePod3HZTHNloZPAe7Mbt2OP+SJIwzNB4Rjc5GUNUcCKU/Yq08PYFUzYvDJKsaOoc4CGR24GQiKcXLokM2KO0oSIw5yoLayRayFzB40Lc+oUdkjiRkcK1aQduVWVsNRSyiaEa4s+Zo5woWnglQSBo8wVH1Z0y27xCtoT4dZB5mPbsTjsrETh5GBhSqecAbhTJZmunr78xGKao8tTCNEzDyHDbK0McgdwqHqqyOjlb1DamYmhOZo27eK1Ptl3ZVxtmiOD+Jh7eydXa4sVZWpGljfjGAsx8RuhKXrizuhaGRV8LSaefG4PoVfUson45CmM754XV0msnp5qyHDOZdRyfEl4tM1FXTUNQDDWUryyaPjS4Ej/RRSDpEFbFs/Zr19O/F34SQ9X0hvNoJbdqdpJJ/wCM30Puvm45iDqatbksJY5rhuCOQvs30/8AUFeqris/d+jh6rSRcsxRVXC1SRxZ+uPkEdln6hgb+S3EE0tA7Q4Nlo3HYOGSxQL105HMHV1ET4Z3LW74Xt9NrY7lGTPI+V8Y198DGeGyTyvYOOCquqp5aSTDQXM7Y7K5kjLXFoyMHCG5uoYK6mUzxGrqc+CoYS4ZBAKK2TIw7k8lNqqYwPL250ndRvEJ2xsE1RRw7XsliRFutliqGGalYGSt32H1Kgw5jix7SHDkFbGCZjcNKj3O3wVseQwNkHDgOUMoYMtsK5JygZtrwfQfmnIdRTTUsgbINjwU5hACzuLRzpIKnoKeqBTwEB7J44QxyiAjCAtnU9MT1ARJJJKEEkkkoQYkkkoQ4QOUwg5REsDlQtMFgpI2kY4QTyoWnkCkjJr/AKSoVgCmkDCI5pJyAuaHeiAvsCeUPARk3BQNZBeQJiYXa9Iz64XsPwt+KonbH091FJ/MG0c7ju4+pK8kLThRyzgjbG4K5mt8dHWRxLg9d9K/Vur+mrt8JfZ7X7R9dua14a9rgWkZBHcKZS1UsbdJOoLwH4bfFKezvisN9f4lKfLDITu37le401TDUwtqIJA+NwyCCvD6rR26WW2aP1R4D6h0X1BR8+kln9r2mWzvBq24Gz0FsckGztx2QNe+xwVKbVRvAbKO2MrOkejjLB1zA5NfGMZJR2tY5uWOyPVNewkhWVZiSK+enB4CgzQkcjZXLg3GCECSnD89sLRXY4s599J5V8RfhPZOs4XSPaIqo5LZMZwV8zdT9L3zou4Giu1M5sedLJRsCfQjsvuGelwcgfusz1T0XZOp6YwXSka92CGv7tXZ0mt2vk+dfUv0lRr82wilP/B8c01x3GpwU+Cra/gglX3xA+El66QqJKymjFRQucS18ZzoHusLFOYiNl36NRG1cHw7yXh9R4+113rDX/Y1DcStyOyb4JOSqmmuMjSANh3yrenqoZW51b91oTRxZVtPg4HuiO3dTaO5SQuB1bfdR5WA78qOY3A7BaoyyZ5QUjW0lxiqGgahlEqaZs7dhusrT1D4DlpIVvRXYEhs7uE+MhEq5Q6B1VvfDyNlX6dJIWoDoKuIgHUCFX1FsaWktwEbLhY/ZUNe8FSGVLtshcfTFmctUY6muVZwHxItoKnIwcbooIKqGTHICn004AwValkXJYDk6OArO3XualAY4ktCrS4OXMbZyjUmuRVlas7NfK5twgbPTyDW3zDff7J1DcfGPgVHlkG2/dZKnraimdqikcB6ZU1tZHONYOiRu/PKYrcmaVGOjWyO257KJr1OyVWUF38WTwao6XcA55VjlMTTM047WR7lb4a2EhzQHjcO7rI3Ch8MFkjduFtvEzsRsVDraOGohLHNGTuD3BSLYJmqm1wPNpqSWjeZId2g7j2R4pmyNyOfRXNwt5hGG7+6pHwugdkBYJwaOhCzegiRKaybLcYSDSDlUNOF3sknENIxjdNd5VCg9HVTUc4nhcQ5pzt3XrXR3VUlRTRzCX+Y3Z7M9l481yl2661VqqW1FO4+7exCbCbTMms06vgfT9svFHe4XUVW1rmObpexw5BWSqrfd/htO6al8av6ee4YjLtT6ck9vZUNhvsdxp2VFLNpkH1NBwQV6N0/1HHWwCjri0uAwdXDgttclJHBdLo4fQSjqbffbeyeme2SKRuft7FBp6V9K98JOqL8IPIVFeOj7p05USdQ9Hyksc4me3tHllz/AED8J59VbWHqCj6lpBLB/Lqotpqdx80Z7hXwY5wx90TH9e/DYVzJLzZRonHmkY0fV749Vd/C/wCL81M42Pq+QtdHhjJ3nBHoD/1WuiJbwP1WR6v+HdNf5DcLdM2lrTu4lvkf98cfdCNpuhfH4b/+57lS1EVTE2eB4ex4BBBzkKVG/Twvmfon4mXvoq4f7OX0ObEx2nD+w9vZe/WTqK13ulZU0NU14cNxncFAYNTppUS/t+zQiQZxkIgeMKAJGgjzfujNmbj6v3UMxL1+y6HE9kBrgTsihwPZUQMNwupnKSLJCQkg5CWQqwQMkg5C6rwQKkhJKYIFSQklMECpISSmCCSSXMhWQ6kHEcFcJCGVTZCQ4Nd+IKuq6RzXfM0+zhyPVSW59U92COVRCvgrWyt+nBHIRs+yiVdG6KT5mm5H1N9U6CdsjS5vbkeihCQ6bDsYUaspIrjTupZ2tLH7bjj3Rn47nhDc8uP2UDhLazxnrLpt/T9yc1jSYXnLT2Wen/iFHIy7WhxbPFjODjV7H1XvN2s9Je6R9LWMBDgcOxu0+q8eutnq7BcDQ1TfI4kxv7PCM212p8M33RfV1H1Tb/FjyyogAbPE47tctGZgNsjdeC1ba7p6tPU/T7ix0eDU04O0zB6/uvVeneo6DqKgZcKCQujO2/b2TAL4e0aUSE5TSCTklBjfkI3KMygZWBw9VWVsB0FwCttKBPFrZhQYZisic5vl2JUelndJGYJdyw4IVtWQFh1Y2VJWRPhm8eLb1UIuw7i+leNswHYY5aV538QuknmX+OUELSxwzNp/zXpFLIyrY5pxkbOCBUUTJIpqCbzQztLQD2KM16exwkmfOvguhqNbQQ0+YLYWzwb/AGeptryPFDMtyq3qS0T2m5yUkw/ltOIj20+irqapqLfO2opiWuB9eVj1FCtiz1/jfIy09itg+iha6osF0EMpIw8tPsVpa2mjuVM2rpnAuAy4d1ZdY2qHqSxR3ykaGzw7y6RyFkOmbu6nqPlZzljxgZXmdVpHFZPuXgPM16ypfcWdDUmE6Jd2u2KrbxbZaSc3CjPkcdXl7FWlyp/l3OlYPI7cLsFRHUQmlm21jAK5GGuz1TrU1wTOnroa+m8GZwLgMIN4szXB0kbdiNwFRDx7FXtDs+G47HstrFJHWUgkDgQ4K0HBq2Ox9o8vqYvDkIxwVBk4C1vUNpdGwuDRkHII7hZKTgJiOBr9PKqeQDxlpUWYDClu4Kiy7qziXLJXyjBUR4wVPn5/JQ5BgqHMuwgQ5ClwvxjdQnIsLsYyVBMJ7JZLeE6tlYUMngPDsalVUrwBjOVPh8xzxlJk8He0dmVlmqqYG1dvErfrG/PKzBcQ4scMbrQ22fVAIieFSXaB8E7nEd0t8nWlnZvHUkphmD88rRU0/itDhusjHPtwr201YLBG7kqB0W54ZcyHxG7KbbqstxAR7KBHjOM8ozXeFLkNyAphHTpntlk1Ee3Jyk8ZwoVHUCSMajupu2AUqUcnXhYpIc0jZdegOy1w3RGvGkZKAcpApm698boMDjHIDhS3d1FJwcoCpPBa01RqI22U8tD2FpIIcFQQVGkgEK0hqAWjKrGTRTPdwyHqktlXpd9DjhXTnxVMAcz/AOYo0tPHWMMcg54PcKvpqiSjnMEhOAcbpMo56Nalt7JM0Za7IGF2Kd7CO6PK0EZ9lCJLXcJU4BKW15NJaLtLFO3zbDZwPcLb09S2oaC0jC8qppzqA4Ww6fujWtETjwsc4pHX0eqUpYkawDHByiRS7gEJtO4TNyNwEi0tIOn91lZ2ovKJbTkZWU6x6WjuERrqKINqGDJxtqWpglDxjG6IHjPmbkKgLIbkeedI9SzUlR/D60lmDpw5ejRSiTGCMHuvP+semJoKg3ahGWE6iG8govSnVYePlarOpu254UMrzWX3V/T8Nwo/mo24mj3Dm8rOWO7vc35OudiRh0gnuvQqV0dTES0hzSNwVi+rump4Q+60mPIclreynKLyS3jWOFAqKZvJau2G8QV8TYpDpmaNLgfVWE0J7cIu0ElkxN2tcgc6ojbn1CqIZpaWdr2kjBW8qqfByG7YWZu1uYCZYm4DjggeqCyAqyv2j0/oXqOOqhFG52SG5bkrcMl4JC+cLRdKq01LXseQARjBXtHTHUkN2pmtkkHigfquddVno3aTUPG2RrGSazjhGa87KFE/fYKUx+toOFzbIYZ1Iy9kpsgI4RWkKCXZOEeOUYAKzD08omjB5Cr6yJ0EnjRtyD6KY13snnS4FrhkKA7VnAGkqRK3UDv3U2M5AKoJo57dUGRhzG45VxSTCVgcDs4JeCpLBIfyD6J8TtWxOE3SkwYOScN7lCKDpJoc08FOQEGY3ymNJ4T0Nn1BTBAijVjNcZZjKkh3ZLA3yMo4fayGHw6mq5ICMAnIUqN/AR+oqIxaayId9/ZVkNRkjPK6FUhbWUP6it0V26erqGVgcJIzge/ZeM19A6s6eqKWZv8ANpHHSO+F7gyTYAjIPK836goRaOqSx7f9zuTSN+ASuzpLMvBxddp9yPFIpDT1Ae07g7r1roG6aXMaZPK8AELzPqa2Nt15ngidlhcXN9grroy4ujmEbpMFpXZxmPJ5/S3vT6jZ6PbagaxqbyOFaW6cywjV9Tdiqa01TaymaSfMBgqxoyY5wAcB2xWC+OD2VNu4m1XGw7KLTyO3jJ3CmygEBQJv5U4k7LE+zcmSH5Kg1zdUDh91Oa4OaT7KJO3WNPqqDZWROzTmEhPp/NDpJ3ygg4mdGdscLsD/APeDDjsm0ywzNb+iD1DSR1Nulhe3UCw7LwipaaSvfHghuTse26+hq2LUCCMg7YXh3WdF8tdXytbhuogr2XhtTiSifLvrTS7obyslfqdn1U6hOkghwBVYx+WjI4RoZcbZK9xTLcj4rqHsmb6leJadpzuAp9E8mHQ87g4Co7FN4jPCceQranJhqgzkOWlrB0tJqPtR2qj07KbRVbnQCGQ50jCDVs1DOFFp5PDfuVlur3Hf0mplCSaLR0hjcHNVzRTiSMOJGVRahI0FSaKoLHBudlx9VTxk9n4zWfd9xoI3nOxUuM4H3VfA8PZkKXGTkYK48o47PW1WZWQzXHIGdkUEY5QNQTQTlU0aVLPZIzlNf9JSacjKT/pKoZkhT5yD6IeSUeo3aWgKMNioxFgQ8KO8asgnZHyMKM/kqIS3gg0mGvlYDsDsMp7s8ZQsCOpeRtqCKeUYpvJX1zceYp9IRJGMkLtwZri1t/DyodBJmTw+FeDPJ4ZKl8sulRonATSDO7jlSahuDlVbJCa8jgOZshLJdU3yiQdlDe7LhhSqrJhx3UAAh2CUSWBdnBYxuzSvz+Sq5icEFTGZDMZUZ48xOUSM1hWu/wC1Mz7ok3KDPtXNxx2Rncphimzz/wCLf/zhaP8AEvH2/S37BesfGGTFniaPVeURcN+3+i73j/8AbPiP1tPd5H/odd9J+yijJcpU/wBCixcrTJcnlY9BmnbK7krg4KS0R6JhMO1OJ2+6a1J7c4Tl0LGuJ7FDBOV0jAwkdkt9kHZ8uVFlkyiPlxkY5UNxzuFlvY2CHglzgrOAYaFXQjLgrRg/lpdayS07Lyoz+ESQ4Kjvcn5FYyMG7tlNhGGtUSMZICnNGGgIQbHg6mMJJ4T0amj82cKYBk+CRSRA42U4YiG6BGwNG2yVRIW4B3TYvBmlmTwcy6ecMA+yvoIxFGGYxgKttUGXGdw24GVbsBzlGeg8bp9r3MNFyDhXdJEGQgnk7qrpotb2t9VaVTvl4AfQKHpE1WskK6VsbWGIHJKrYAS3U4cpsp8WUv4yiOeImg9gEe3jJltu5yRLvXsoaKR4d5iMBeeSSvqJ3SE5zwrLqe7srJzBATpadz2VZTMzys85Z4OFq7HZZyGLQG5TYwSUpOyLEAcKkjG3tJETdgu1DsMT2ANbuo07wfKil0IzuZFlySE4cJo3clIQAs8ux8Y5GTO32K5GMJmfPhFA2Qdsa17H5B5OFXucXVRHZHqH6GEjlR2gCLxnDdLmGng5NJjDGt39F6t8OOmhHSMqJo8vlId+SwXRlq/i11D3t1NjX0P0tZ2xwsj0howB9khrcz3P0x41R/8AmbFz6NFbKYU1MHEdth7KvvdUDEIQN3HZW9a9tJAd9mjAVJS0Yra0SzuLj29AFogj2luZE2y0IbE3Ld3brSwQiNoGMfZApKUQgHHGwUzILTsnp4F1UZeWdIaAeMoRPKTjg8oZII3KpvB0a4ekJrHTPDB3WgtlG1jBkbqstdPqm8QjOFpKdoaM4XM1Wpf4I9D4/R4+9hhiNm6Bq1uwnzvzjCfBFk5XLk8HoFwuAtPEXEEhT2ANAAQoY8BSA0AZWZvJYVrw0ZwmTzgjYj9UCeYNGAoTpSdiSmVw3PDOd5HyMNNXww0tRnbZQpXnOVyV+DkqNNUN04OAPUruaTRvs+KfVX1eqoyjFjqmQAZyNgm2yirL7VtpKWPyn6n+ibaLRWdR1vgQtIpx9bjwvVLPZaKzUjaaljG3LjySu5TVtR+ffNed1Gtse1jOn+nKGxRjwYmulI87jvur5r9QyQoh5RmDGU7o8xNufYRdHK4kgACgjCWR6oeSlk+qgYQpoB9U13Y5XDUxMAdI4Nb3KuMchBl5j8TvjJRdFRvobZC2suI/4ecY/NZr4u/HKloC6x9IzCepOWOnB2GfQeyxHwz+Et460qxe7sC2lBLppZMnOew9VpglHlm2miMI/Lf/ANitsPTPUXxFvMlzurXVNVUFpx2jbvgL6O6J+Hdr6SpWyMiDql48ziOPsrnprpy39M0EdHSQjA3JPOVbudqCXdalwhV13ycR4QzABykSMIZJylk+qTnJkzyIk52KWSuJKBocSMcoZ3yuavdDMjR7oCDwe5Ka6o09kF8medsKHU18cecuxjuoQkz1LWDJ2Va+aWteIKUZzs444UWJ9Xd5/Dib5D+L2WpoKGKhhDGNGo8lE3ggC2WSOjjBe0PcdySrPSMAZ4XS4juotTViLDiON1SeSB3vEe5VRcLuJC6npzxyQhOnr7lVZadMeNj6qXS22Cnf4pbqcfXsiIV8FpfUMZJU5HOArCOkELQGjCl4zgBCqZRE3LlCHM7buVdV3IxyaIMOxsVHrK9z3aICfQqXbbOT/vFTuT9LfRTJCJFRVtfJrkBA/wAleUNDT0sTRoBcO5TnTQUbAwkALJdVdawUjDDB5j3IKPG4tLJd3rqmitEbnulA7AbbleXdQdWV13mI8ZwjGcAFVlfcZrjKZZXEjOQCeFGcMfkn11/sbGIMkuOSmJ52TFqSwWhIROUVCTB8EOLgQhHlLJ9UxQIKSMcoZ5SyfVDzlQM6kkuZGnWfp9UAKWTq4TgZwoFwvtstkRfU1AaewWEvfxHfK10NA12kHGo7ZUNENNKfRv6u7UFDE6Wqna3HAzysjeviNRU2W0gLyPRebV90rq+fxKmUu9B6IVNRz1btLGkkqHQr0cEszLO5dXXK6SOEkzmNPABVT4b6h+A4kn81prR0VNVHxJ2kBvYha+2dKW+jIc2BpcRuXDKg521Uf7Z55RdL1dXuIS777LVWvoiCINkqAM44AW0p6BrMYa0Y7AKQKbJG2FDLdrpy4RU0dmpKVuGxZ+6saelxgNaAFJbA1uMhFAawYAUMc7nPsGIWg5x+6foZ7LmlzjtsE9sZG5/zUEjHRcELgiz3UgtwMuCBPXUVIwySyjPohlLBEm+ghZgZIQJqiGnGZn6Qs3euu6alOmAavsVibt1jUVZcXTuwfwtKS7UjXTo52dnoVy6qt9JEfDf4jvQLE3XrWsqCWwhzBnglY+quji7Ic4Z91CdXHBJc79UuVm462m8fCPfZfVV7qqjIlkP6qtkrA0EgKomrSTjUQo5klmOlhOUreboaaMOi0dc3ZORn0UWor5jgZGECOiqpDqB2Kkfw4MAM5yhlPI77V2B+Ze45yujU/fTklSBHQM2ByUYPY3GiLAQOZe5L0QmUtRIR/LOFKits34gjfMVAbiJn/ogiaodkOkx7FA2wHJvhBYqCEf3pGyKYqBvPZRDPGwHxJgPfKizXagi5mBKpzRfxTfKLcTULdgwZS+Yaf7sZWcf1HQtyGnfsojupJQfJt6Ifliux0dJZI1/ikcswk6oa0ZOMLFSX2vfxLhRZbhWTDS+Y49iglcl0GtBPPJuHXKlad5Rt2yo779SM7j9ViNUhOfEd+qYWk8uygV+TQtDF/kbU9QUWO36qM7qKmGSNvzWR0n+pc0H1/ZU9QRaKtGoPUjMkNemG/Snj/NZsMAOUZqW75ehi0lRdG8TH8WPzTP4vN/V+6qU3BU+eXsGVFcOi4/i0vqP1TP4tMRsf3VaOU8AY4U+Z/oiriicK+oJJ8Q/qifPT95j+qrl3J9Sp8zL+OJNNQ8nPiH9V35qT/vD+qg5PqUsn1Kr5SfHEnfNSf94f1S+ak/7w/qoOp3qUtTv6j+qtW5KdUSybVSZ+o/qiCqfjn91XMLvUooJxyUakC60uCcal/Zw/VdFRLncqDqPqU9sulFuQr4kTvmX+qJ80/wDqVdrPqUTxPuryifGWDap/9QRBVuxgkKr8T7p+vBzuVOgJ1ZJ3jn+lFbUEnBAVe2TPZP8AECpWc4A2FmJWkZyP1TPGIKh+InCQFM+RAbGTfFd3Ce2odkBQtYXQ/vhFvK2stBUuwCR+6IJ2/iZkKtbOOEUSg9kOUC4uPRMNutNaCTE2OTHOFBqOl2BpdTyBx9Mp/ieyLDVOjO2f1V4K3zXKKWe0VkLdXhkj0woRBBwRghbFtfkYIJ+658tbql2t8LA487YyqnEOGpkvyMcktBV9Mh5dJSP47KnqKGppiRLGdu+EJqjfGRFSSSQjVyJJJJUQcmpJyLsptISSSSssSSSShAg5R8jRjKjpZPqoQMeVxJJQESSSShB6SSSgA9PHKE5FHKuKFsIOF1cB7LqIockkkoQSSSShBJJJKYIfrckuBwPBXV+QT9iiSSSUIJJJJQg5JJJQMSSSShBJJ6ShBJJJKEEkkkoQSSSShBJJJIRIkkklAJsekkkhbwCJJJJUQScw4cmpKAHKuniq4hHI37HuCqXx30dUaKqBwPok7FXqbV0EVbCWP2d2OOEYZVvOlhd2wvNusOo5625W+4WaJ2uxyudJn8W2Dj2W7nNRQRupa44jBwJFgeoLdLbLl/FaJjp6cnE8TR9TT3Rj60pHpPSfUtL1Ra2VkJDZQMSR9wVdj6XLxKx3mXpqvbcKCUPoKl+cDlmT9J+y9ot1XDcaNlZA4ESAEjPBVC7I4Ydhwd0QhsgwQCEIjJ9FyMlvfKgkqquGSim8wzG47H0R43bAg5U+eNk0Zje3IKpZRLb5fDky5jj5XIJFqWSza8EAOwR7rKXm2vslwfeKOMvpZwBNE38B/qAV+JC8bHGEdjWzxGGdoc1wwQe4VxeOQmiroqxxYyrpn62EZ27hXdLURztD2fmPRZh0bun7u2ma0/w6pGR38MlXEcbrfL47DrhkGfLuPutVVhnsryXTX5GCQF498ZfhEy+xv6j6chbHWsBdPE0bSj1A9V6q2ojnAdE7ZPLtQAK7Gg19mitVtTwznW0Z4PiSkmkcHU82dTDgg/6qZTVclE4jGqI8tK9n+MHwkZV+J1P01Bpqt3VELBgPx+Ie68OFR5RqG/BC+0eG8rX5CtWV9nJ1Olx0Cvtgir4zcrYABjL4x/0WQeNJLXDcHGCtvDPJTuE8Byw/Wz1UK52eluTjVUD2xTYyWu2GV67S6v8A5meF8z4pYdlff6Mg/DvK5mR6FVVZThji6MbFW0rZaeV0FRGWyNOCEGSMPbwuxXYmjwGs0yl9k1yZ8yvjf6KXT1QdjUu1dIM5AUAxuY7IH7pzZwbVKp49FhV0kFdCQ4b42KzlVRSU+cDICvKWqLdijTNhnhI0jJQygmIc4voy7ctzkIyPV0EgOWN2HKijUw6SFmnBxFBl0HsmjddQBBAV1CHKICMKEOpJJKEHpJJKEGJ6YnqEEkkkgAGHhRi12TspK5gKFg8FJG0jHCCeVC08nC0E5ITXNAGQE9JQvABwwcBNwEZJAVkDgIJByjpYb/T+6GUdwJBmi1YW06D+KFX0q+K13LVUUHDAD5ox7eqyr4x6ILofQYP6rLqNHDUQ2zO34bz+r8FqFfpXh+/00fV1qu1Jd6OKtoZmyxSDIIP7KwadQXy/0h1xe+jp/wDdD4tK764HOxn7FfQvS3Vtq6rt8dfb5Rh4w5hd5mO9CvE63xluklxyv2fqb6P+t9F9TUqvKjalynwXrPHadUB8/wDT+FSKO4U9ZmInTI3ZzT6qMHYOQcLk1LTVREmTFN/U3bK5+Guz2sp7SfNTvO7P0QAdJIcN1FpbnNRTfLV5JadmvVmWw1UYdG4b8EKFSxJckJ7Q5Rp6VxALQpUsEsDsv3B4IXWnbCOFuwyXaeM1yU9VQRTRGKoga9pGC0jIXhvxH+BVNWMlufSjWw1Bc57oXnDHH2I4/RfQ89PkccqsmpiDsMLo6fVSj0eX8x4LT6+v47VwfCFXT3C1VL6K4UjqeaNxa+N/IIRaerLCHDYr6366+HXT/WdCaW5Uwjmzlk7GjU37+oXzP198MOpugarFREKqgc4tjqoyS37HZdzT6xT4kfFPOfSF2gnvq+6H/oV9NdMkNldjKtI5YZWgscCsc2ZwwHDcqbTV74DqaMj0yunC72eIu06j0aTR7IWSx2cZUekusEwDXu0P9+FPwHbjdaoWbjE4T6D0lxkgOBt6q2p65tX5XPAKoAwdtlyKZ8D9bTuVoTyJlVu6NDUUoIyByqyamLdyE+C6P2EuSFP8SCpaNDmg+5Rg4lHspTFoI2wiNJapdTRPG4ACiPY5m2FCsh46h3fdHjmzthV7OUdh23ULwS8jGcoeoA8oWr3TiQe6hWEGL84826uLZeNm01Qdxs1xVAD6lMfkb5TITaYudUZG215wQnuwWnLgs1QXkxsEU51EcFWsdYJgNKa5KRllS49HauiZMCVnLlbtGdIWnM2BsOVDq42yDYcpVkE0Npm4mNkiMLwCETU17ccYVjcKLVlzW4wFVEPjdxwVklDDNsZpjvDcuOaHDGUVrw9uMIfhEDJQtBvgAQWuwU/nddADsghDLhFKIpDjPBUUsFFhaLlU2qqbUU8h58zexC9asl0prrSsnpZPMcBze7SvGQQMgHlTrHfqyx1QnhcS3PmbnYhNhbgxanTK1ZR9GWPqjwP90uIJDDgP9R7pnUPSDblI7qDpSqdSXPALRGfLN6hw/RZKy3uhv1K2aF7dZHmbncFaO03ua2P0PBdGO2ePsnKWTh3USrZM6e6tir6v+B3yD5C7Q5EkDj9QH4h91pwzHbCqblY+netYI55W+HOxuIZ4naXxu9yN1RUPUt16ZuLLD1oMMedNJXYw2Ye/oeE3DZkdMZc9NF51T0jbOrKD5WqHhTs3hnaPMw/6hecwydW/Da6COpp5nwRuyyXB8F7fU+i9iiIO43B3Ra6ho7xRuoLhCJIZAQQqCjqZZ2T5iLov4gUHU9OzU6NsxHmZnv7LZMczbDAvnXqD4eXzouT+OdIzz1MDXEyQZ/mMb7HuFqegfi/HWuFvu7wJ2YaC44yfQ+6gF+kjKO+jlHtDXeyJ4mk8Kvoq6GsiEkRBzyFJEjSFeTmf5JokyiB4KgeIc43RWSFxSyErJSyU1rhhdyFRDoJzuUQEYQE/JVrggRLI9UMn0KR34KvJAmR6pZHqh5Pqlk+qmSBEsj1THdt1xwPqpkgQkY5QyTlLJ9VxU3kh3JXEkshUQS7kpiShDrhkKor4HW94q4cmInMrBz91cIc7GvGHDIOxCtLLIV0NVHVRiWF2WlEaqWrpamxVfzNM0vo5D52DfQfVXEMjJo2ysILXDIIRSWCBBwVR9S9O09/oXQSNHjMBMT+7XK87FC07lUnjkOMmmeIyRVNtqpLZcmaZmZBBGzm+vuqmOsrug7qy+WmJ81sldqrqNp7nl7fRew9ZdJwdQ0fixgMq4RmOQcn2K82pXTN1Udwg0ysJaWnumOW46FVqfEuj0iy3u3363x3O2TNlhkGduWn0PorVrwfT9V4ZR3Wp+GN1/iMBe/p2qcBU07d/Df2IH6r2S2VUFxoYrlSTNkp5m6mOac5VibNPs+5dE/I9Vx5Gk5Uck55K5k+qYJbGSta8FpGQVUV1MYjs3U0q6QpohI3STj8lCR7MdU09VR1XztO46PxNU4zsq4dTXYP+RUm4RmlLmyjynj3VSGvpyZIzlhOSPZGMTwUXWlg/i9pkMbR48OZIz74Xl7AHtw8Ye3yuB7Ecr3IuD8O7ei896/sMNumffaWPTE8AytaO/rhU1lHR0eox9jKHp+6stdeynqA51NO4ZbnYFZ3rvpY2aq/jFE/VTTebyjg+vsrgwR1UALe4y0jsVb2SshvFJV9MXCMF2gFuo/V7j3XN1em3Lg9j4HzD8fqE5fi+zH9PXZtzg+TqSHEN8pPcItVRvo35GTHnY+izt3ttd0jeX0UhLQ06o3DjGdgtXQ1TbrbwXYLsbry+p0+18H3LxPl4amK54ZyTwLnSeBUMBI4d3Huq+019Rbqw0MzyWA4GUUiSjlB3wP3Q73CKiFlfTDDo9nAcrC1sZ6Dcsbo9mguFM2rpi3k4yF53ebe6jmP9JK2nT1zdVRfLzOyQPLn0QOobT80x2gbgZCJcga2uGpo3x7MAdwR7KHI0YUyoDoHOjeNwcFQnglGzxt69EGcb7KHK0nsrGZoPKhSgZ2V4ORqERU9pwFwgasYXAcKGSMuSbTSnOFZwSYwVRxuwdhyrOmkGBlLaOppLXnBpLXUFpA9VIvdOZ4fFDeAquhnEZBx7rTRhtXR7jsks9RW1ZXsMU0FrtJG4U+hmLZGkHCBcoPlqgsxjKjFxPBwoZMuqzBs6acSAPBCmhweM4yVmrTXAkQErRQObp0k8qHSqsJVHVaJPDfsDwrxjssxqBWamDoT4mFa22oZOxuH7jYhRrPB1Kbf2TiCd10B3psibYzhcJGOEnZk6CeVkc05ac+ijvG6MGEFNlbgbIcBEYkhwwp1NMSAFD7lJkuDwqJXPay8gnJwhV9MJ/wCczZwG6jwS5xlS2P1DjKE2xnu5B0s7w0RSHPpnkJ9RDw4IFZF/xIyQfZPpqh0sXhyOGWpMo5GKa9nGZYQfRWFHVvgIx2UFzd8+qReWuBAWWccj6ZqDyemdPXumnibGTh523PdX749TQvKrRcBTytztvlei2iudV05DnZ0gYPssM4NM9HpNTGyPAcl1LIHkZb7KYMStD4yCEEs1A6twVHpJXU074pPocdvZJbwb+yxibHIHQTtBa8YIPdeddY9KVFmqv4pa2nQTqc0L0WaNw0ysHHdSHMp7nSupahoOoYVIVbXujweedLdVF4ax78ObsWkrdwSR3KAjyuaRuD3XmfVHTU3TlV49OC1pdkEcFWXTHU7mlrXvw4cj1TFhmVZXDOdTWB1krm3Wjy1gOS0K3tVwguFOHagXY39loddFe6Qxva1wcN89isBX0dX0rcfFja4073fkrGpl/WU4OwH7qlrKU6SMDBWjo5Y7jStqY8YI3GdwotXSZ4AVPlFtKZg6+hELtt/dWPS/UH8Nq2NlOADjOVPuFCHn6QsvXQPppiwN/NZ5rJnk3TNSR9B2mvjr6dsrCN2g8qyEvh4GF5N8P+qBAxlLUvO3lySvT4JhONuDwVzbq8nX096tjkntkDhldaSDyorAQfqR2uG+SsMq8M3RkkTopMDtujk6uCqxrzGR3UmOTUN0vDD5bD1EQnidG7uFXUUstuqTDMCY3bA+inmYeiiXCn+bi0tGHDcIMAl5HIHDIIIKe7cKgstfK1xoak+Zgy3PcK8a/wBkOARmotcjsIxnI3QnN2znhDY85wUBRLPCAeT90YHLUE8n7oAToPZFZwgg4KICCMZRkIV3hbNSOaN1i4X6J3Rn8Jwt1M3BwdwsdfaMUlYZg3yybjC0UzISI3jCz/XlrNfZXVMTczUp1tI9lcUnmaDnIU1scc0T6eQZbI0jddTT2bZpmTUQUoM+eeraVtbb4rpEwa2gCQj91mLXVGlq45QdiRlejXa1igrLl03IzA80kee4XmEjfAnfFjdpXo6rVNHiNXF1X7z3Ppq5gwxOa7IcBlaslwLXt7bryToS4vngMJdvGvVbVUNqqcB272jH3S9RDKPS6DUqcEy7jeJIdTTyFBrYXOZlvITqCQaXRO2IKlOZrGPVcqXZ3IS3IrqOfUwMecObsUZzdXdQHF1NUljh+JTQfEZsd0LGFNVxmKtaezkwu8OsbJ/UpN2jcYg9o3acgqDNmanbM36mEI4vDEzWUWMuHjOOF5p8QbY06qhkQw4HK9Lp8TRgjfIWe6ttoqqKQadwCQu3oL/jkpHnPN6OGq08kzwqJ51Pid9TUWElr8+nZR6nMVa8DbDiE5kzdRX0jRXboKR+bfI1bL5R/Rren6ombGQMLT4xKx45CwtknEc+ScLaQv1tDwcrp53IXpZYlgnTPMsRLOcKsbIQ7YKwpt3YPoodXF4MxIGxS5I7VVjSJdNMcAHdSmOIcCFVwP0424VgyUOAAC5+ojk7uh1jTSZdUVUcAHBVkyXIzjlZykk0vByVd07wQNlw76cdH0Dx+p+WHZNa455RsYAUdnZSCQAFjxhnZhLIkksgJKx+W0DeNjlQXZDirJ+Pw+igVAw3I9ULFTlg4SQCo7xjKK14cOUJ3dEomac88ECqyHhwRdi3GRum1rcxnHOUPOWgA9kS7AFUf3LxnkKlpnmOoacd1bPBIOT2VVVFsB8THc8JkkZ5vks5CHtP2VRNmOrhcB2wVZ0rjNFlVVyeYKpgcNgULWOSs8FjKMgKr8X/AHhwxsrQOD4w4cEKlmdond91UnkXJ5LKMgsUKqPm2KNActacoFX/AHzvsrQmx8FdU/8AaYj6p8m4TKn/ALTEnS/SnxWTDJnm/wAYSDa4wDvleVwg+X7f6L074uuApqZpPJOV5tEAWtx6LuaD/bPh/wBYy3+Sf+AdTs3CjxotUdwEyPgLX2zzkUkESSSTEUFZ3Ti/IxhNj7ru2OUxC5dgnblcP0ldPKTtmoJMiAv7/ZRCRnGVIcRkoQ5ysNs8vBojwgtMDnhWI+hQ6UDI2Uz8KKt4Qqx5Bu5KDnLk9wwcrrW5dlFNNAZwgkbMbkIyTG7cp2n3VJCm8jADlTqceUHCjMYCeFNgGGhPjwBYGacZKBGXz1Hrvhdmdjb1U23QxsjEhbkn1Vp5GaWl2TTJtOxzWtYrCMDSD6oEbRgKTA3xHBgKYerpq29FjbWAykkcKPeqzXIIGHjlSzNHS02pjcEKke4ySOlcclyNRHXTaW07Cz1VL1NdTRxeBG4ZI3VrPUfLxGT0XnfUFxdV1rsnIBKC6ahHBzLrHtwQmOdNIXAcncqawBowOyHRw6Y9ThglHIycLKsvlnMteRNbkqQxmSFxgyjtbtlPSETfoTtm8qvlkJcpNTIAdKiNal2MqMfY5qBUOIwAUZxA2QZN0iUscD4L9jGAl2yOW4YmRjAGQnyPw3CHKGbcvBCny52OwXGN+YlbSs31bJ058KN0mFovh9Y33G4sqnwlzM4GyROWODpaDRT1F0a0eg/DzpU0MEWuIBxC9eoKRtJEM8qp6dtoiY15ZgNGAravmLIjGOXIUn2fWNLp46atQiQrjO6rqRAw5Y0/qVb2yhZCxri3c7kqvtdL4kniubkDur+NgwAOE6MtpojDPZIY0aeNk3b1S2aCCd0LPumSnk01wwJ65DC6R4ASkIxlWNrpw9niFZ9RYoxydHR0fLYkWdBTxxxAhmFNH0oUbg1oGnhP0lxG+FxrbcvJ6qqtVR2oTQ5zx6KyposAHCBTw7tLgrFuljQPRY7J56Ht4EPKMlBnqNgAQuVE4OwGFAfINzlSiudr+052v1q01bbeAs8hcQcoBeQMkoLqg5xjKBPOXYaBv6L0Wg0eOZo+F/WH1jGmLhGR2rqg3uAMZU2w9M1XUOZJQGU3qe6l9PdKOuc7ZrhH/JG5ae69DjpoIABC3Su1GCr6PgHlvM2eRfLAW220lrpWUtLGGho3d3Ks2N8o3UYDHdHj4Iymo4YVJJJQDA9JMSUBCpLje6rL71Db+n7fJcLi/REzlElkiTfROr7lRWuA1NbKGRgZ37r51+K/xvqLm6exWDTFBuDMw7keiyfxN+MV16xuRsVqkd8s5xaxreXewXpHwY+ArLX4XVXVpfJWud4sFLIP7vPd2+/bsnJbeTqVaaOmj813/YpfhL8EK28zx9R9VxOZT69QglGHyt7H2H6r6OoqSnoKVlHTtDImDACe3buk7chItsb4RhuvlfLcx/8AouEjC5nAwULJ1JL5FjjyuLuRp5Q3OGDujBG5C4cHumEnKa52ByoEOJx3UaSXSMpkk4zseFSXC7Bkpha4yO7AK0skJ9XdY6fIdg5HCg0VBV3eQOOprHHfbsnWawVtfUisr26WndoPYLaU0TKYYa0ABXKOCEeht0NBEI4279ypDnNaNROyU0vhgkjYclU1TWT1zhTUeRn6neiXKLITay6QtBbGdTuMBCpqaWqAdU7Z3AUmgtENM7xnt1SHnPqrDQ3OQMKiEaKmbC3DRsUiA0ZJwEfYKmu98p6HUxvncO2d0ZAtfdaaijLy4OOOMqiZLXXt5fvGxNt9tqblUfNVTTh30t9FoxFSUNLpwBp/dUQj2+1xUrhJNpeQNh7qRU1QiaRqAwoFRco4Rl7seiwF+6knqZnwwyHHGQUca3LktLJP6i6tw407X59wsNVSmomdISdyiTZecuOT3QtPutEYbR0Yg0UjK6cDfKEZMgghO6LOJh4SJG6GSc8ohkI5GvOShp2cJh4RjBqak44KGSByVC0s9Bj6IeOyorx1jarW1zdZklb+ALA3zr+7XJ+mHEDP8OxKhqr0srD0O69V2q1BzKiX+Y3lqwV6+I9XUaqe3ucyPOxKyk1RNWP1zSF7j6nKLRWuprJmxwsO/JwodCrTwq5mMqK2rrXF9TM95PqcrlJQ1FS4CJhP5LZ2vok6h8wRjncLV0Fjo6IARQtzjc4UCsuhWsQMVa+ipn6H1WBnfGOy19t6ft9CQ9kLS7HJCthEAQCEbw2gDChz7L5yfYFkTW7BoCI2Jo4C74gHZcDZJNgw7n0UEbmxwAbwuNmB7KRHQSOGqQ6W+5TgaGDbIJ9ULeAZNgXRSyEaAnMhI+op5qmn+4OAoVZdKeljL55gw9lRIxcuid5Y8Z4QKq40dMAROAfdYe99fxwyGGnl1HHPosVcr/W1hJdM4A8YKGdqibKNFOz8kb68fEBkUphaQQO+VhLp1TV1r3B0rtOdsFZ6qqmkkl2ThQXVmFnlejr6fQVw5LWStL8kncqBJKMk5UVs0kjvKE/wny4JBCz2W5ZthBQ4Q185OyG5xPdHFO3BLiAPuhuqLZTDU+Tf7pLtSHKD9HGQtcQXtLlJGsNAigGVXTdQ0MAxC0vPYBQp+p6oD+THgH1QS1EUNjRZLpGhiFYT536R6Lkz6doxUThoWSlv1xmOdeMKA99RUEukkcc+pSnqBq0efyNi+6WSmdkyaio1T1ZRwtzS5cfTCywpjnJOU7wGuxwEuV8n+I3+HCPfJbVHVtVM0MjZo9TlQnXWulJzOd1GdG0fSAE0AjhKds5dsbGquHSHumqHnMjyfzQzqPdFw07JeHnhpVqUmW3FPgGxoCdgeieKepcfLGT+Skx2qslxpYr5YbsjEiPGUm49VZtsVafqbgIrOnnDd7VMAPUQRUpK9bZaccogtlK0ZxwijHJS1MX0Z4Ensn6PZX5oqVowW7BM8K3jkYUlHAHzt+ijDMnGEQQOG+nZW5ZbwCW8oQfHnYDAVqKYfysrhA8/hT/liRnH7qYainAxkIJnBJwArcAZSbAeCfRLwT6Ihlx2S8f/AApeChnh+65p90QHV7YXRgd0STYYHBSwUfATXAYRYIJIbIbmELmMINpWR4lx+FOEuT9PKHp91xuxRNcF9hgARlPwExuwCIl5YBzJHIRENyIjTZBySWQlkI5SwAGXQTnlMDx3KWtvqgA7DDPOV3LvX9kzISyFeSto8TkHhEEvbCBlvquB2OyPAMoJExr87orXgDBKhImSrUmgGskrWiCQEbqGHogenKYnb+iU17s8o7XgYOf3UDU3sU5rt/VRSyC6y2pq10bh6einCajmGJ42kHvhZ8S4x7IgnwMaiqB2tdFlW9O0VW3XT4aT6Kirum6yly5oLh9lYxVsrBhrzgK2pL1G9ojqmhw91CRssqfZg5IZYjh7CExej1FttVzZlmlrj2KoLp03JTgvjjJH2QyjuNEdSnxIzKSleAQcY2XDHjsoMjJT5RGSR9JXMFQPAFJE0+64dlBmRJLun3S0+6hMnEsFdHKeAMKEOpJJKAiT0xPUIOPCcBnuhHhOBwjM8gjCcgdkUcILPqCKCMKADkkklAxJyanKIgkkkk5Ih+sbHOBGVLaARyo8sYGCEopeGlfjs/Y+MkhJcByuqAiSSSUIJOTU5QtCSSSUCEkkkoQekkkoQSSSShBJJJKEEkkkhEiSSSUEzTEkkkgBHpJJKBiSHKSShAgIwuggHKFkpZKMvISqpIKyMxTtDmkELIXC3S2qoLJGB1M4eV2M4C2TXJSxwzMMcrGvaeQ4ZRFRk0eH9YdFV8TTd+mx8zCcumpB3/xD0Vx8Per3UBZFXhwgmAaCfwnsVsLhbJrTM6WmBdTyZy0b6c/6KifaqCZ/h6APEydQHCgxfd2eihwI1Dg8Lmn3WasFdVU8rrTXSFwYMwvcdyPTK0se42UFzWDiHUUrKuMxvG3+SJjC6DhCCngz8bzSTmnmJwD5SVZseCBsiXChZWxFpGHDcEcgqnpap9PL8lU/XwwnuoEnuLeqo4bjTmGYDjZ3oqi3ST0kj7RWjJaCY3k7OaraCQ43G6DX29tbCS3yzNGWOPZGngFxBmCSm/nRnLe4UpkgmYHMP3Ci224icfJVTdE8Y0kH8XuESoY6lf40Iy08hPrlgTZWmSh5tivF/i38HRUmbqXp2LFUcvqYWjyye4HYr2SnnbK3U38x6KSMObghdzxvk7dDarKzBbSmfEMGppyOD2RhjOoDBXtnxb+EbHPm6i6Zp/5r/PNTMGzj3cPReHvkLNsb+i+veH8xX5CtTg/u9o4ur0vtEe62mC5sySGTDh4HP3WSqKWaildFMzDmnnsVtGuJ5Uato4ayIxytyTwfRew0erfUmeI8v4KGpTthxJGGlAkyAOygy0/Oy0tdZjSY0Ny091WzUTgM4XcrtjNcHzjX+PspzGxYKJ8RB1ALsMjjsVLqIMdsKKWEZKeeetq+MKWgtKraii1ZcAprHkEZCKXNcNlJwUjM28lDITE7BHKTXahlWs9FFPuRuFAlpvDJACyypwFGWQa6D2XEhylNYHhBwurgIwlkKEOpJJKEEkkkoQSSSShBJJJKEEeFGLXZOykrmAgBB4KSNpGOEIg5ULTycSSSULApIya/6SoDgCuFoXTykhkskAuYNlLs14uXTtwZc7VLpkbs5vZ7fQhBIymuZkYWa6iFnE1lGvRay7QXK+iTUl0fQHQ/xCoOp6JjHObHWsH82Eu3b/1WzZNntyvkqN09PK2aCV8cjTlr2uwR+a9l6C+KFNXQxWq+yhlW0YbITgSAevuvKeR8S4N2U9fo/RX0Z/4jVeUxpfIfbZ+/TPVP5c7dErA5vugMbU20l9C7VGd/DcePsuRzbDHdFacrhNNcM+tqcbFmDJ1HcYLgzS4AO7tK5LTPidloy1QTTMkOpvkd/U3Yp8N0NHJ4Fwf5DsHIdpbWSTr1DB57oMkAkHopuiCpb4lPI1wPcFAILHFrhhHGW0VZVGa5KuppDnyhVtwoYauI09VAyWJ4w5kjQ5pHuCtIQCDkKJPThx2aFspvwzj6rx8VzFHzh8R/7PLHeNeuinFkh3dRufsf+X/5fReGVdPX2qpdR3KmkhkacEPbgL71kpnNxthZLrL4bdOdaweFdqUNeAcSx4a78z3XWp1jXZ80899FU6lys0/2y/R8btla7gq2orrJE1sb8OA4OVouuvgv1F0UXVtNIK+26iBLG0gs9isOyXTgE/uupRqdx8n1ni9Ro5bL4tGsp6mGYeV43RXtBwSVl45nA5Y7BVnR3N7HBsp29V0oXZ7OZOraWTwW4HKNBMWYI5TY5aapYBHJl/AC66B3GVo3Iw2c8MnsuGQGzuTpDBI3LH5yqpuSdzwjNJGCCryKcMBjH5tkhsmiTthdG6JSyTB3JSyUkkRQ/OFxNSUId043UmnuD4XAdh2UfITSAe6tPALjkvoa9kjRvuUR8vqs6yR8Zy0qbT1moYldwr+RsTKrBYSMa4EkdlU1lHlxIbyrJkrTsDnK65rXZygnhlxk4vkzr43wvA0omz24wrGspmnOlqgRxmInIzlJwad+SO6NzTshyNBGcZVg5rXtJx2UR8Zz6IZRwWpZIheWkDCIcFvK7IwHgIektKEPbkl2i6Vtmq21VHIWuB4J2K9f6b6lo+oaUEOayoaPOz3XizTyPVSbXcKu1VbaukkLXN535CZCbizHqNMrej3ynnqKOQSU0pYQc4B2K1dPdrL1HS/w29U7NxpIlYHsd+q8u6V6pgvsQa94ZO0btJ5WnZkHJA+63VzU0ee1FM6p88Fmymvnw+JZG2W6WEuB8z8zUwP4uDlq2NvrqavpmVVJI2SN4yCCs9aOo5aRrY6rLm8avRHqenmir/jfQ9TTUrnAulo8nwZnHkgbAORmVrKy+zUsOo7jhY/rX4WWbql5rrVi33UbxzRDBcf8WFcWq/Q1Ez6G5N+Ur4TpkgdyHe3srxpI3wfuqYEbZUyzE8c6d686i6Cun8E6yic1mkNFRvokHYg917bZeoKO6UsdVSyh7JACCDlVV7sNs6kt0luu1OJYpBjgZC8mu/S3WvworBdemPGuVkecS05J1Rj1z/6Kn0MVcNZzHiX/AJM+hWS69wjNd7LzXoH4rWLqunZCJmw1bdnQvduPz7r0GOcEbhLfZgsqnVLZNckxs7uEZsmQFB8QE4Tg45VAYwTw4JwfnsoQcdtypLJAR9lCgmcpZyh5CWQqIGyPVLI9ULV7pavdQgVJMyF1QgkkxJQg9NyVxPUIJJJJQgkkklCAJWNkbpcAQdiCs/OypsNT4kYdJQyHdo3MZ/6LSKPIGyDS4Ajgg901kIcdWyojEsLgWu4IRNYwT/qqipp3WSo8eEk0Uh80Y/A49/spjZmytDmHY7hTgslNlydgsp1l0k65wuuVrcI66MZz2ctKO6IJFXQ6qW18ni0fhXKKW3XKmxkGOVjxsT6hVVlvl0+F90EFQZKnp+ofvk5MGfReodW9KMrM3K2sDKhoy5o4csY6Onu0Elur4AdtL2OCucc8rs2RtWNr6PRqWvpLhGypoJ2zwSNDmvadiCpAOV45ZLncfhpXimmc+osFQ4Bg5NOT/ovWaW40twpYquilbJFK3U1zTthSMm+GZrqtnMeUSEwkBInIyhknPKcBgHUxR1MZZI37FZ2op5KWQxuB0E7FaVRqynirIvDeMc4KpPJa/SKIMA3GMH3Ue40ENxpZKOoaHMkaW4PunPEtHP8ALVGQCfK71UnSMBMGwk63lHjFXQTdMXR9nrm+QnVC/tpJ2CZV0zwRW0bzHNHu1wOPyXpXWXTf+0NvHghoq4DqjcR9Q/pXmtFVPcDTzNPkOl7TsdkqUdywdaixTSbC3iipevOnXvmiaLlRNPhvHOe/+S81st2qbXVGGVxBY7S4H2XoU8ktmnZX0WQC7D29iFT/ABF6eFYYuqbPTgtmA+ZDew/q/L/VcjW6PdHcj330t5uOkt+G98PomTRtr6Zs8eDkZ2UWiqmxuNPM3ynYgqj6YvUsEopZZNUbuAey0FdCxx+YjZg98LzVteWfadJrPkgm/ZS1LpLNcg5udBdqH2K1tLUxXGmbI3GdOeVTVFNFc6PS8Ze0YB7qu6cub7fVGhnPBwMrNFuLwdKuxJ7X0N6vszRH85DHgg+bCxzmYB3XsF1o4qykOluQ9uV5ddqB9vqXQu9cj7JyZx/L6ONS+SPsp5R6KFOFYSbqJLtumcM8nbHKK+QYSRJhvso5OFDnyW1j2cqbTuwRuFCAweUaB2CCga4NWmltfJeUj+G55Wus8oLGw5G45WGppcELSWyoIALT2SWem0F2WH6joWPj8Vo3Hos3o7HZbmogbV0/h4zssjXUj4ZdGOEs1aylr/UQKjmME4etLR3AnDiFlHnQVPtta6N2h5yOygim5x7NiXCenyeUygmNPMfdRqGqDhjsi1sQwJGDnlQ6ld+Fk0lNOZWhzRnKlNdntwqOxV8Jb4Ehw7sSrxpztjGFGdam5WQyh+3ZBcwnJTgTlOI8qXg0Mhv5TTthPk5Q3bISuuSRBIWkBWMcuWgYVMyTB4U6CTICAdXPLJ7mh452VbOHwS6mHAzlWDCNJ33IUWZmeQgayPlJ9hIqkPaDtnunk5VectcPLjHupTJmkBLdeQoXPpklr9LgMLYdNXgQytY92Bp0rGatRCl0FWY5hq2WO6s6el1PxyyewwvjnjD4znKDUR48+N1S9O3mJzRDIfbladzWSxhzMLnzjyepqnvipEWgrsf7rUu54KkOJicHMHuoFXTOx4jG7hSqGrjqGNjk2e0YOUlsdnjBMqqKmvdC6mqo2uyNs9ivKL/07WdPVZliDvCzkFerMc+mfnPlJRrpbaS/0JjexpcAopYZnsqz0eb9O9ROa5oL8OHI9Vr6unpL/Qljg0ktXnd+stT0/W9wwnyuVx091A5jmgv37hHkz4a7I8NTVdK3AwVUjvl3uw0njC1gY2qiEjDlrhkH2Xb1Z6W/2/JYCXNyMeqyfTV7nsle+z3KQmIO0sc7lqNPJalh4Lqso9+P3WeuNtY9+S3PstxWQMkxIxuzh+SpK6hc7cAIGslzhvRg2yS26qIaSAHbL1PojqOergbDPICW7NJO+PRefXm3Pc4yMbuNio1iu8torQ55doOxHp7rJZDJKpOo+iGnLd+4XYydX1cLPdP3yOupmNMurIGDlXh83HZYboYZ1arVNEzAdjBynMdpwoscmk4zlSHDWAQcLNhGuMuA7SCR5kcAY5UAHB3KM1+3JSsILGSLcaSRx+ZpyWubvsplpuoqWiCc6ZW7b911VVTE+lqvHjaccoMFGrBB3BCZ4ZAyP0UOgrIqhrXtd9x6KxLg5uMIZRABtk7YRAcoEjCxwJHl7lFaAeEos5JnbC7CTwVzGU5qpkOyN1KovdCKqjdgeZu4VzkKNUR62EfkUVbwymYmhkLHGF3IVixxz7+qgXGndRV2to2cVLgeHgOB5XSplkzy+7gyPxPtBZHTdQ0rB4kRDZSO4Xi/WVIY6hl1iaNMwGoAYGV9LXahjudBLRyDLXtI+xXhl+tpFPW2ydvnpySz7Lv6SfHJ5byml5bRl+lLo+kuDHF2lrtnD1XtFhrxqY4O8rgAV8+0czhOA3Yg4XrvRlxbLCxkj8ubstlq3Iy+J1Di9jPTYMa9YPdTRIQAQOFUUsgcGEFWzHAtBXNsjhnsapZRW3GIl/jY5K5SztLMZ45U+ohEkTmkZ2WfhkdDVeEc8pQ/JPuOHQHbsqaMhsToTycq+eWyN0nsqEYp68h+cE7K08AzWUSrXIWAwuPm9E6405mheCOQcqNSuMd5b/SRwrio0k/Tst2nngwXVqcXFnzh1lSCguE0jRy49vdZ+CpORsvUvihZGtjlrI4diNS8nYNPZfQfE6hWV4/R+ffqzx38TWSeO2XdDVOZu3lbywzmal1PG+y84opNJAPdbbp6q8RvgkYwF6Oto8hXL47EaeMkEH0Xapgli1Y3AQI3YIwjluYypJZOvCW4gN2cMFTITkYyocrfDdpKJDJpIyVmshuOhRY4lpE7BBHZW1FPnAOFSxvGnCl0bsOySuXqav0e18PrIwSTNExwxnKKXbY9FXxyOcAMqUx2y5Fsf0e1qtUlwF1nP2T2uQk8HYpKZpTyOJ9T2UKpzpwFJPKDOzW3CnYuxkJrznGU5Rg4+M5p20o+ctTYxyY5yBTDU3CgtJ1EKwJBJVa84qnNxsUWGLlLCOnhVNzz4RI7Eq1mcBjdV9bpfG5mM5UwxDkGsk+uDONwoXUUYB1hEsLhGDG48nZE6ii8Wke8BVkrcKll1UjNO40hVlS0+KcqVYHeJRNDt8bINyAbLsFCDqRzi3BOcLlQP5pPsmUUmXOB7J9SQXqxE1lFdVYEjHeie45GUOtYQ0PynjdjfcJ8TI+zyb4wzYZTMHqvPaUkjJW1+LlQDWRUm5cNwsPS8EHsu1oVis+F/Vrz5KQqvfT7JjUpjk8pNWuHZ53lIImtI1DdcJATG7uTAmskgcJuSut4XEYKjh5OjlckOy6OUGoeOyVa8IL2AcTqKG3OoLn4k9h82650pch/0k2myACVJk+lCgw1oKdJ9K0ViXywbtiixDYbIOMEqVHwCmskkkPSSXQMnCsUSIe2ymYDW5yo0LdO/onzuw3H5ohFizgDl81Q1rd91fUkekAAcKstMIkPjEbnYK6jbobjG6ZE9B47T7Ybgurw24xkqbbY9vFKgM1TSgY2VmB4MYACcuztQlgVdL5dIKq3ShueEaqn33VXVz6IzKfwom9iyzBqbszaK3qa6tih+XY4B5Cx0bXVM+t24ByfdFvFU+sqXHVnJRqNgZEBj7rFOfyzwc+2YcEacALiScz6grxgxN5YZgJKNI7SwBchYSModU7AwETAissh1Dy54TmfSEM5LkTOGpUuRq4QKQkEAFDjJLt0pOSnsGMrPjLJnkIMYGyEXeJKGN4HKe92nb1TJC2khMr93uzpCXbLabdLU5y3egLmGuqmUdONRc4N/Ne7fD3pr5Omh/k+bAz7LzX4Z9Ny11c2vnj2O7R6br6KsFvbSQNw3ss6lvZ9C8FoFXH5posWRthYGNbgAKuDjX1RY36W7I9zqHDFPE7cjLiFLttFHDGDjLjuSVpS4PUx56JdLRiniAA37o8bcnGV0cLjiAEQ9RE8kd0J7tIyd1wu35Q3kFw3VN4HwfoPTh9RO2MDkrVUlP4bGgMAwFUWOkIJme3bgK71YH2XJ1N+57T0njtPsipMfho9AnU7S9+cKOMvd3VtSQeGwOcN1zJ2Z4Ou3gNG0MaEKeTjBRJ3AYAUKR225V11Ozox6vVR08d0hksxPKiSzOxkDICU8w1YUOaWWeV1DQu1SP7+i9HoNJtjwj4h9a/WMKIuEZDzUnOlrdzwtV070s55bW1ZBed913pfpVsEbKq4DXI3cZG2VsImYPGAOy68IbT83eU8rPyNrskEjaGgNaAAPQKQMYG6EON04AphxvYRFQRwjJjDQkkkkJBx4XMbBOJABd2CzPX3xAsPw8sxu97l3dkQwg4dK4YyB+oUxki+57Y9k3qzrKydF2p92vVQ2OIAloJwXkdh+q+SOsevetfjFfhbLNQzGGZxEUEbs4A7k+6hGs64+PfVb6cSvEAGqKnY0+HE0H0zt/6L6o+GPwnsvw9tzDDHruEu80vILccBNTUDrxhV46tysadnpfoofg18B7J0DCLveWmsvsjQ7W45bB6aT+f+S9afIG4HJK5gAk+qGWnOSVUptnIv1VuolumE1Z3SzlcGySRgA6/PY4Qi0AfUE+SZreN1ELy4qwwpd7oRcdyuE+pQ3OA3KhAmtRaupDBpJxlDq66GmhdNM8NaO5WciNy6rnfT21pFP+KoHGPQFWkQfWXeern+SoGanu21ZWg6e6YFO/52vAfPgFvoFbWTpuitVMxhia+UDdxCttLceQDbbZVKRAI8ozgYCh1tyioojI879hnlVt96iMDhb7e0zVjzgRt9fdOtPTtRIGV96f4k7txGD5Wn7KZIMjhud+f8y7xqemHI41K+paCGjY1kYz6lGiBDdIPlHZGVt5IM8NuOEjpaMl2F2R7I26nnA9VUTVss8roKQEj+v0VEJNbVMGI4DqkI2Cp22ZoqTW1g3PPopXi09uY+apkBeB+apKy+T1jTFESGnuVCFnWXQQeSmI/JRPng/JqZcfdVwBYMk7+5WYvl7E7zS0zvp2c5MhBssJ1N1AZ5XU1GeNifZZkHOSUd+DuTugvcAFpjHA2MRh5TE0yNyhOcMcow0sji84O6Ce6TskkZQlBqgPyVxJce4M+rb7og1F9IZIDsmjSASXBUF/62s1nPhSPc+YbFgXnV/wCvrndHOhp3mCHsGbH9UZpp0s7ZYa4N9fetbPassbI6WZv4GrBXbr+7XN7mt0wsP9Gxwsq6R8r9T3lzncknJUymtVdW4+VhLsqHTroqo7QOed8z/EfIS49yj2+21FxnEcbDjucLVWboiOJzZ7i5shxkNHZaymoKanaGQQMbj0Cgq3UwjxAzNn6Iiif4lY0HHAWopKGClGiGBjWj0AU2KIu5CksjaO3ChjlfKXZGZAfTGUaIAZ/yRQzOw3Umnt0sxBcNihcsCJTyRMZ+ndHgoqubBMRa098I81TZbc13jSB0jMggKnrerqmdpgoiWRjjKHeRJyLZ8NJTDVVEfbKjVPUFNGNFJHuNuFl3zTzv1zzOd65KFU3mhomeZ+SPRTchkKJy6Lqor6mpbl8ha0b4zhV8t4t1JtPU7rI3PquWXLY/KMckrKV3UDMuMkms+mUl3pGyrx85v7kby49cva5zbeC0DbJ7rH3G+vnkL6qpccnOCdlm6i8VE5LadpAAUOKmq6l2qqJwkzv9HVq0Ma1ksq67QOJDGkn1Va+41tQdDOPRF+Wt8QJlkwR7oE16ooWFkUQcRxhZZ3nQrpfpBY6asmy5+APXK7/udP5qh427KnqL3USZ0nSD7qBJM+c5e8kpU7GaYafPDNDUXy10jMwNLnDsFVVHUdZPkRAMCrXMGdhlEhppCAQ3OUhycx0aK48se6trJj5pSFHk1PdqcSSeVOgttTJwzAKk/wAGkGPEPPoqacuwnOqt8FOGNHYJbeivBaaFg1SPwu+HbGds49kPxlfMn+JSNI40J5p5zjw4jkq48e3s4jGfsmfxJrCRHHt9larZPkn6RWst9wfzFsiiy1z/APh/uphujzwSPyTDcp3/AEuOPup8RN9j9YOs6bDmh0j2h3cZRhYqWIgOkB9VGM0zjkPcSfdcAq3/AFA4+6Yqogtz/ZPZbrSwZcckLo/ho2AGyh/LzO5aTn3T2W2VxzwrVeAHNdNk11bSRMw1rePRRhdoG7g4T/4RK/GTt9k9tiDsZiH33RbQJWQ9sjyXsnZsiD/E53g+Y4VtF06zYlgUqOwx5/ugjVZXzUpGbNZOT9RQ/GqSdnuWubYohjMQRRZ4QMCAIviB/l1roxpbXP3BOF1tHWS4DyQtoLWWjDYhj/lTv4c/jQP/ACoZU7hUtavRkG2icjc4Rm2WfGNYWp/h0n9H7Jfw+X0P6K40L+oFa6foywsUurdwKkixR48zR+qvjbZT2P6Jfw2b3RfFFdICWtnIpW2WlzuUZtmpDsrT+HS/0/su/wANm9ELrwD/AC5/srRYKQjZ4z91z/Zhh3A2VmKOccNIRGxVjfsrVaJ/Ln+yil6VmG7JeexCiv6ero98Ahatr5QMFpz3TxNwXDYK/iXpBx1c12YqW2VcY3i4UIxvBwWkY9l6G6WCTyjBzzshi3UMwIfEN+dkLrS9DVq/2efEY2ykBlbmq6Uoahn8rMbvUKun6LqI2FzJB7ZCXKP6Gw1db7ZmBtlEG6sKnp2vgbr0h49goL4pYjh7C0jsQlOPI53wn0wSS7j0KWChfA07rd6pa3eq5pXdPuoVkJkpZKSSgI/JSyVxJQgTJSHKGkmgBwRhODgEHJSyfVQEkgnO5RAdtyo6fkqC8JhCSMbojXISeDhWmWF1e6WSgtznkoo4TMoVgK1xBzlGY7uoqfkqwJRyTGVLm43I+xV1QX4Mb4U+JWY4d2WbGyKzYjZQVZWn2aKe32m5xn5Zwied8HsVQ19hqqXLjHlvZw4RI3HnJCtae7TRM8OYCVno5QGMpQ6Mn4WMgjdAdg5BGFtJqC13NuY8QyntwqCttFVRyFs0RaBwccqYHwv/AGUvhnO4XDGfRTzC0DcIOgoJJvoerQGClgouj2XMBRPIxSyMAOU8cJYC7lQMSYknqEGJJJKEHrun3QUUcoxTWAq6D2TWfSE4coQAg4XVwHsuoiCSSSURBJyanJiIfrOT2JygDIOVwE55Ri0EL8en7LxtHMk2wUYHKhnLSjxkbqk8lBkkklYoSSSShBySSSgYkkklCD0kklCCSSSUIJJJJQgkkklAZdCSSSUEsSSSSEAekkkhayQSSSSogkkkkZAq7kriSIAc5ocC1wBB7FZa+WKaAmsoQS3lzB2+y1S6McEZChaeDDUVbHVDwZyPEZwe4WnslaZAaadwJaPKT3Cqr90sHvNztIEczd3sHDwqq23XxX+DNmKVpxvscqBPk37ox2KFK3GO6j26tM0Yildl4Gx9VMeNs+iEEbG4DnuoN1tUVbHrYMPG4I5BUokkogaCBvuVCJ4KGhrJIZPlKwYe3YOPBVyA0gbjIQqyghqQXOZv6qupqiamlNJVZ0/gerbwFL7glzoXPe2tpsCWPcj+oItFWMqmaX4DhsQVKGHAEHIVTW00tJMaiHOknJAUjYAyRUxupH+NCMtP1NUqCdkzNbfzHomUsraqHD8E4USobLQSeJHuw8haI27RFkMstRg9l458Wfg9DV+L1D03F/Od5poWtyXu7uXrdPUMnj1sPPI9FJzqBA2XV0Hk7dFarK3wY7qN3B8SyweDsefuh87r334s/CiGpEvUFggwXeaeNoySe5XhTotBx/qvsfhvNV6+pSi+faOLqtH7RBqYhKzS5VFTbTKDowCtA9mRyoz4x/SvU6bVPtHmNf42vUrbNGNrrfLEcubt9lTzt0nheh1FNHUM8N4znv6LOXexyxs8WJocBzgLvabVp8SPm/mvp2ymLlWZgtz2TCXNUl8ZbnykYQSNR4XRUlJZR4m2l1cMdE72QqiEPXdQaQE8yAjJQPoUirmgc08IJBbyFbua1/ZRJoO7W4SJQyHGWSJkroJyk5pHZcGc7hL6HZTCDhdXARhLIQFnUkklCCSSSUIJJcyF1QgkkklRBLhAxldSQggyFxEIHKGeVAhJJJKEApIyShWBiaWpySBrIILA9F3GPM3Zw4PouJJMq88Bxck+Gbror4oVdmmhoL2/xaV3lM2caD22XtFBcqevgZU0r2vjkAIIK+WpBnC0PS/XN16bkjgEhkpcnUwnj7Lz/kPFbs21H2D6N/8AEO3Szho9e24+n/7n0pHJkA4TpGRTNLJmNcD2Kz3TXUlFe6Rk0MrSXAZ3V1I/cDJC8zZBw7P0LpNZTrYKymSaGxsltgM1EC9gO7CeysqWupblEHAhrjsQeQVCY7sTlRqmmY5wfHmN/wDU3ZKayaXJMt5ad8R9R6oIeDyFGo72+mAp61pJGwf6hWnykFWPGpZWlx3Lcqk3EvBEfA2QbeigzUqsZGSU5w9pCG4By013NGDU6SFnOOSnqbZDUQmKVmx9Oy8j65+A1ou4fV2YeBPucZwF7e6MkIPgDO7eFur1M4vKPO6/wdGrrdV0U0z4Xv3St76VqDT3amLCDjI3CrI58nGF9zXzpSy9Q07oLnTa2uHLcArwLr3+z5U0T3V/TDw5u7jHjchdrS6xS4mfIPN/Rd+lm56V7onkUFY6E6mjBIwrWjvzYgG1O4Cqq22VttkLKyLRtsexUQSZOMcLqwnu5R4PUaV1Tddqw0bbVRVkfiQHcjcDsguiLRwSPus3BXTU5HhnCuaS9MkAbUgfqnqfHJisokuiVq3IwiNeEo3084zCmS00g3Gf1TU89GfZ+woIPBC6og1RndHZJqGccoypRwdSTs5SyFATmSlkriShB6SYkoASo6h0ZAUyKcEBVmcbpCY/ooA45LZ2l45UOeEcgbrkNSXEByNqDlCdEMtLTg90yWIFoOFNlhDsHHCC5pbgAIGshRlyQS3BwUKWMYGFOlizuG4/NR3DYgpSjgfuILhpKKwgjCbI3OUBri0quiYyTaWqqKCoZU0sha5p9eV6r0h1nTXiNtLO9rKsDDWk/UvJIyHjddY6emmZPTvLHsOQ4HdaKrNrM2p00dTHEj6QhaHtw5uCPdTaSsnoHh9NI5nqGnGV510V15FcYWUNxeG1TRgOJwHL0Cnc2UBwO2FrjNM8zfp56eW2RrKWusvUUQpq5raesYP5Up5z7FSxFeLYGtrQKuHhskfOPdY7wDsWjB7FX9m6mnpIhS1wMjBtq9vQozFOO7o0kUjXjLd0XUdtzge6iMjidG2roH6mO3c3OcI7X+oUEbWnlGD64+Ddj6lnddrM7+EXP6vGgGkPPbUBysta/id1d8PbnD0/8Sbc6OH+7hq9RDXY9duV7a0+yDdLPbL9bpbXdaVtRBMMOY4nH6JRtr1W6Khesr/zHWe/W69Ukdbbahs0b25y08K0bJqGcLwW9/CXrT4fSSXz4bXmSWlYdRtzic/+EZ3Wm6G+N9hvzI7XfWyWu7DDTFOMBx+/b7IUS7Rbo/JQ8r/zPWA8dk/WeyhB+wJBCIJMgBG44Oc444Jer3T9bvVRWkkg5KLqAG5VNAhdbvVLW71QvqXCMI9hAwJyiA7blCSyVCBUkLISUIFSTMhLIUIPSTMhLIUIPSTMhLIUIFJGOUA8pZPqkoQbIxkjS17Q4EYIIWfnhntEvit1SUj3b9zHn/RaJDkiZIwxvaHNcMEHuqYSeCFC4PbqaQQQCCF2QbgqC+Oa0zYBLqZ52/we32U9jw/jvwqDQiDjlZHqfpkTk3K3DROzdzR+JbBAe0dioEmeYmKC6Ur6StYHAgte0jhUFurrl8Na8RzufP09K7c8mnJPP2XoPUvTLpc3S2+WpbvIwcPH29VQMlbV03hTsDhjS5rh+xUQ+E8LD6NpRV1NX0zKuklbLFIA5rmnIIRTwvMqSoreh6r5mnL5rPI4maM7mnz3H+Hn7L0ShuFLc6SOso5WyRSDIcDlG+i51pcroKeU1yRdvwuK0hSREutB85D5Ma2bj3VJDK8v8J4LXM2IK1Co7pRlk7aqEfUcOCcWpYGDY5Xn/wAR+mnseOo7PBh5P+8sbsNPd2PVb6HzjOMIroIqiCSmmYHMlaWkfdUx1VjhJfo8Va6O4URaCCS3KHaqia3TfI1RD6abylrtxupvU9jf0pd3vjcW0srssPI3/CVGqImV1OCBvjII5/JIsju4O1XY8po8/wCsLDL0xdg6KQPpZSTBIO57NPurix3H56m8GZ4JxsStGYI+qLI/pe5SCOqgIfE49/ReaxuqrXVPpZCWSQvLXA+oXnNZpNr3I+tfSvm43QULH9y4ZrMS0U2T9BP7Kpv9O6KaO4wbdzhWtLVxXOi8ufEYMOBP7qM8eJA+mlGewXFshsZ9JjdGcfs7L3pm8RXOk+XccPYOCVA6ysgq6b5qIYdHvss1Rz1FhuDZtzHnBx3C9DhqIbnSBzcFsjMpafo10/8AzVLqt7R4zM4sOkqJOzO4Wq6xsgopfmYI8NJw4BZZzy4cJno8brtNLTzcWiE8KNJyFLlB9FFkBynQ57ONbH9HANwis2AQxyiDhRpYKi8MkwSFpC0FpqiXYOOyzbdlYW2q8N+6yTWGdjQ3OE1k9ApHamkZzsq270AdG6UN3Cda60uxtyrWoiFRFhu2UB6xpX14MC9pzvsuMeY3gjdWNzpxHOWtbgBVjx2IUOFanCe0vLXX/SCRlaKN4lYASFgaerNPIH9gtXbqwTsD88qGvT25W1kuT/c5WysG2VqaGqbPTtkG5xus2+MTRkcpWqukpKjwi7y5xgqzr6ayNfDNenHhBhc17dbTsQjHhUdL8kmiNOPRRnDAU5wyVGmZpwlNZCksoi/8RTYHAFpyFDcnRHjJQAwntZcRyZATn/bKiwbAbqVkaRlUboS3LBEnbtkBR9bmlTngHOygyDshxgrolUtTnZylYGAW91TNcY3ZU6GqBABSbIbh9Nm1misle+KZrHu44K9FsFy8f+U53bZeSRynIcznkLUWG8Ohc0l+HLn3VnodFrH+Mj0p7c8BVc8T4ZPFYMb9lNtVygrY/MQHYRqinD8ABc+cXk7sZblkVvqWVbDFI4ahspEfjUkuWnb/ADWfnbNb5/FhBxnJCvaGvir4Q1xGobJTGLDH3e0UXUFE6OSMF2PzB9V5JeLPV9PV3hvBDCfI5exU+qCX2PZDvdlouoKJ1NUxtDsHQ/G4KqM9rM9kM9Hn3T/UsrA2F7+OxUnqix097phXULQ2pYMnHdZu72Wu6frDFK06Wnyu9Vb2K+8RyO3757rTCaaMuNrD9KdRPcP4PdiQ9nlY53I9itHV07XN2Gx7rG9R2t7Jf4rQ7g7kDkFW/SvVUVfG2hrHaZG7An/JE2g42JPazlfRYJdpWMvFA6GQyNbs44+y9QrKVrgcALMXS2eJlugEFInEuccxwiu6K6hFC8U9Q7bOB7L2C3V8NdTtdG8E49V891kMlFVOLcjByF6J0J1I2VjIXOGobYysVte4Ki1x4Z6W0nO5UmOTbCrxLqwQEaKcZAcFilDB163lZZIlzqGEWFxIBym5a4ZKYDg5S8D8liwggDIQ6iIPi0DG6BHLjCJnPdLCwQKNz6Ct0v2a/ZaaCbOBjZUVVTioj0kbjhdtNbKHfKzuyW8E84QzQEo5NIQHDB7qPqdHIW9l2N+MFOkw8Z07pOARBwK6gZIKeHcoCx2SuEkjCad1xRdlMoOoaCRwE/LR2VZQyZIb6LXVMTZoXRPGzgsUQ6hri3fQSQt1LxyZ7E10WzSc5JXm3xCtJpbs25saPBqWhj/uvQTJqIwqnqm3NuVnmiIy5g1N+662mucTnaqr5Y4Pm7qCi/hV5kZH/dv87fzWm6QuBbM3z4BwEHq6hM9C2YNBlgGHH2CoLHWOp5m5OAV2K570eTg3pdUfQlrncYA4791fwO1MaQeVhOi7s2phEEjsnGFs6N+lzoj33Cz3I9rprFOKkTtlQ3mEwTsmYMZOcq7AKhXendPTeUZx2WNmqRFgqDI0EqBeW6Qypa05ad8JUkpib4Z5ClTBtRA5pHIwoik8lbUSEGGtj74OQtAzM0bHHkjKzzIzU0MlOzZ8OSriwzunocSbuZstOnlzyItXspuqbXHXUM0DmZGkkL51ukAo6ySFo2DiF9R18YceNu68F+JljdQ3M1cMemKQ6tuxXqfE6l1zSPmn1v4756Pmx0ZWmORnOFqemq1rZg1+zsaVkIpQMYVva5iyVr2ux6r29M9yPh8niWT0yFodv7IkL/5rWY2UC1T/ADNOHZ3bsrBrdJ1FaTo0WDa+nO8reAoTCWuG+FbyjxIS3GVTzjS/SOyB8o6EJ4J8UmRjKlwTFh1YVTTyYOD/AJqwZIMNIGyw3wydrQajEkjQUz2vaHB3KnRN2G6oaKo04GFcQSawMlca6vB9E8fqo2QJTuAutPqUMFJyxTjg7EZ5QRNecNJxlcXHHAQFTeSpqB4c5fwCnsfqaPdK5NJjJHYoFO8OG+y0QMVktrC+bJz3UOoGhwcpu3qodaRJEcchMwJlLJGmccA5UJ+STqUo4A3KjS4zt6q9pnnPJCopS2vdC3YZyArm44fTYcM7bql0hlex7RjbdXc2J4AG9wps9lQkUVjm8OrlgJwzVgBSbnEQ8kj7Kvps0lzeyUfU7IVvcBmPPOQgG7irpH+Yo9RnYqFSSYmDMcqdI3LceiADLZAuAJgOEh/dN/5V2oGqF4TNQ0NGeyfAwze08Q+KMni3lpPYYWRYcZwtR8T8m8ZB4cspq8uMLuaN5rPhX1PmXkZMbKckIjfpCjuOSixrTHs4cksI5ISBsnQbpkgyi0wIcEzJTeA6SIC3RhBzglGUnk4eFFlO+6lcAkqJLueVlukElkCeQiMHmQs5RWnz4WNrcw5dE6LJHKdJ2TYtmkpOWqEcGd9nWc4AUtow0KPENgpR+kBGVY36Gp0Y82cJqJG7GNlYuXRKiOoJk7suDQNzthLUW7plK109UMoiqY75pF7b6cRRNaB2U1+GjGEOBoa1v2RQNcoweE6Mcnq6EqoKIajj1HURjCkzuDY9yuxNDIzsq+41Qip3d8rTGKXLDsltjki1Mut+AeFmepayVkfhseAMdlaTVIihdK8nZYquq5Kqqe8u8oOAs2snthhHKslv5BQs1OGRyrONoDMKLTNBAOOFKaQAsVafZkslkSNAzLsoTdyplOz2T+zO5bQzWhrP1UCqdkkZU2bYbeirJOVVnBdbycjAzuuVDgcYK7kDZR3E5IylSlgYxZJ5T01OxulN4ChBzeEFZHrITaaknvdybR07SRkNG2cI5AigLjnOOy33ww6T8SP+I1DXh73ZAHostj3cHrfG6HdONMV32b7oXpgUFJEwsbqYBkhbxjWQRgZwAolppPlaXOOVy4TudEYwcJUFhn0aulU1qC9DYAK2udJp8rT+pV3E3QNOFW26IMgbgbncq1Y7IBwtUZYH1oedhlRJZiRjCPNKAA3HKiHbfCM1LCXIg88o9ugNZPucBhyVCe/UQAtLZaIQ0wLh5n7pF9m2O016Ol2WJss4IxG3AGAAna9S5r0jCfTxmQ/muDdPHZ6qpKCwSqGkc5wkfs3t7qykcI27Y3Q4xiMY7BR6ifGFmgnZLCFajUxpjuYpZSTzwoNRUZwNsIdXWY444VOZ57lVfKULskck8e69J4/QywpSPjn1n9ZQ0kJQUiU6d9XVfLUjdfq70Wy6Z6ZioGNqZ2apXbknlc6d6dioY2SzRAvIWlhGMDGy9BCPxrB+X/K+Vu8nc7LGTI8adhgIzQEGPON0ZqI5YRPwExPRgiSSSyFAgq4TsunZUHWnWdl6EsNR1Be5tEEDSWtB80jv6R7lCWk5vbHtkf4i/EOx/Dnp2S7Xp/15EMQdh0rh2H6hfKVst3Wn9o3q0XeuEjbYHljWgbQj+lu/791Mtdm6n/tI9XM6g6gnkp7RFIRFFpOkMzw3f919X9KdI2zpi2RUNHTMYI2gbBV0db/T8VWkkna+3+gPQXQVj6HtENut9MPEaCZJDu5zjjO/pstSeENox3T3OGFMuZx7bHZLdLsaScriR5XDsoUPTJXhoTJagR7EKI6UvKsgR7y4ph2SztlcLwFYQ17/ANlWXe90lqh8Wq3aewIz+6jdTdS0nT9KZqhuqR2RFFnBefT9wgdLdC1t4qW9R9YQkSZ1U1G76Ym+pHqqIQ7R07dOvZjUXEyQWR+R4ZJa6T7+gXp9HbKK2QtpqGFscbRjYYyit7pldXUdto311ZVRwxx93HCCTwQ7I8N2z7ZHZZGW+1vUFZLbOmMPZATHUVYd/LYRzg93IMdXdfiDVvbTPko+mdRwQNE1b/iP9I59eStda7VR2ijZRUMeiNiAhDs/TVLa4/FDjLVvHnnfu4q5LcgApNXHPaOThGQbp90OpnbBGTq83YKLUVbzL4VMSTnGyI+np6OP5mulLjyS45A/JTGSEVzausd/O8sONx6qsuN8o7ViGmIc49mqFeuppquUUdnH8s5Dn5VTDRSg65SCUSjkg8y1lxmdLMAG52Tw+Gn2kdpITn1MVPE5zjxwFna+tdO4udlMjHPYcY5Fd7xJLI6OJ23dUTwM5790eolBdwoM79PflPjHAzYJ7vdRpnZ7pPfnglR5HEYRhRjk455BTC4lcJyu6T6YUHxiESBBGc7KsunUlotAIrKgBw/CvN+qfiZVVjzDayYYeMtGCVDVVp52SSSN7eesLZZ9QkkDnDjdeadQ/EOvvDnsppHMZx+Sy09XNVPL5pXOLv6jlPt9BPWTtjjiJaTucIjqx0tdPMyMZtTsO3JVhbrVPcH6Y27fZam2dCweM2SqZnHGVrKS2U1EwMgiY0DuAjAu1MIcQMtZejIQ8y1beOAtVSUUNK3RDC1rRtsFYU9I95A07Hup0VIGYON1DDZqG+yvjpHHHlwDypjKaOMDDcFSmNYDggI8VFJOAY+PVDKWDJOeSE2MDGkKVBbpZ8FrcgolXX2aw03jVtQyWYf8NhyVjL98QK2veYrePlYfRgwSl7w41yn0bGurbHYWkVEzJph+CM53WUu/W1dWlzKWNkLHbeUY2WY8SaoeZppHOJ5JKj1tzorfCZDMHOGdlUppcs106T5i3FU6Tzzc43yolVfKShGdQcR2zhYqt641BzWHAKzFbdqyqfnXsd+UmV6R0afHNcyNvdusBJIS2TAxwCsxW9RS1GWsLicqshDpAXO3RmiNgy8fss8r8nRq00KukNc6vqyA55a37opoI2gPnOUKWviaNMZ3VbVVdRKceLgFJlYaY1uXXBZ1Ffb6UAMG7VWVN7knBbGdggfLPkOXb5UhluGzi3b0SZTch8FCC+8rp6iSYjWeExlLPLs2PlW+igi/vNiEF1ypY9owgaY2Mv8AlRGhtE7zmQhoUr+G0cQHindRprpMSNByFFkrHvHmJJPurxkLbOXbLVottMdcbA536octxhDsshIPsqxolkJ0NJypMFoutSRopXYO+VIxaKexfmw5uc4GBjCE6vm48T91Y0vSF3mwXR6QeVZ03QcmQZR90WxsRK6qv2ZQzveclxJPuuh0jjgcrfU/RVDH5nsyQpjOnbZFjEAyE2NOeREtdXHo88ioquXcRbeuFJistXIcBpA+y9GgtlGwYEQT3QRsAEcYH2CL4xMvIP8ApMFD0vNIQ6RpP5Kyi6VwzeNavwyOwC6GHsMo405FS11kjNx9ONYc+ECpbLDAACQ3KucH0Tmtd/Sf0THUkhL1Nj9lWyyQD8LdlIbZ4MfS39FOEfcZ/ROLM9krbyKdsn2QzaYR+Fqe2haMNDWfopRbp9/zXQATjUExQBc2yO2hH+D9E/5QAb6f0UhrB/8AKU/QcYV7ELeSE6BjfwhN8NvoFMMOTnSueF7IsFckfQ3+gJaB/SFIwfRdAOeCpgvcRPCzw1LwT/SpwaMZwlpHor2lqeCD4RHLUvDH9H7qfoA7LmkeirBHJshiD1Z+6Xy/sp2gJaAo4pg7iF8qfQLopcnBAU3wx6J3hN/p/dUolOzBBNuY8ZchG2QkcfsrMRk8D90vBPOn91WEH8rKg2iLkBCfb5WbRjGO/Kv2xjBBC6xmOQhcclfLMzJp6+N3Oyc2SpBAkBK0fg6huOU00EL9iwIfjJ8hStkaQA4BcdR0NSR40DD+StZLRSu3a3BUKa01LTmDOyr4wo3OPRTVHR1vmkMkbtGrsqau6NqopD4Dg5p4K1zKW4R58RpIRPHkiAbIzKXKpM0w1lkfZ5lVWytpHESwuwO4GyjafdesD5SqYY542nPtwoVR0jba2MthaGnnIQOrBsr16/qPNklp7j0NX0up0XnaOMLP1NBVUpImic33ISnFo1w1EJrKYLISTACTzlPVrI/sSSSShMj10cri6OVAQw4T8j1TB9KZvnKMAOuEkcJDhccqfRAiI1DRGpafIphgcrq41dTUQaOVJbjCiojCdfKJiJkrPon5KE3hETICwoeRuNip8VxeWCOpb4w4w5VyIBhXgW030FqbTT1OZaOQAncsdtj7KpqaN9KcSREe+FZtedQwSPzUoTMlYI6rDme4yhLTcezMGAHcAY+6b4GPRX1TaCQZqVviR8j1VWWaXEYxjshwaIXIhujIHCDoOVZSMGAFHfFtnCA0fKiMknFhHZNxhVkJSTEmJ6YrDyJdHK4ujlGWEHC6uDhdUEjwUQEYUVGBVdAtYCrmR6rmdkIE6uUaRaQdJcB7LqMo/V1kgJx/qpDXZ7KrZJuFOhkBYCvx41k/Z8o4JOAQUPJa7CI13smPblLxgWySwjGcpyhscW9ypDJAeyZnIqXYRJJJQoSSSShBySSSgYkkklCD0kklCCSSSUIJJJJQgkkklBLEkkkhFy7HpJJKFCSSSUIJJJJQg5JJJEQelnCSSgARpVB1L04yraa6haGTtGSBtqV+DhPOD3ULMNaLs9rhS1TtMrFraWu8VgBAJVL1H042fNfQjRM3cgd1W2q7Std8vOS2Rm26gXZsc53wutz6qPSVUdRGCD5hyFIaUILWAjdJGColRReOBsjncjBRCWloB2KprJRVsqDR4gqAQc7O7FSwWyM7EFdqYGTgNewEFVxdNQyCPcxngpbWGWcmjfQz+JDnQdyFNjkirIsEAnG64C2dm4yHKM+nkpv50RJHcJsWTG4AWyUM5LAdJO4U+nqo5dgcHuFFMrKlue45yhNcI3DA4WmuWBVkOC8iAfnBG/ZeL/Fj4TM1y9QdPU+nV5p4G8Z7kBet0052JU5r2vGHDIK7XjtfLRWqyJz7K1Lg+KZIdKjyNwOF7l8WvhWInP6jsEGmPd0sbeGj2C8WlZjbSvrHifMR1cco5Oo0afRXFrtXCc1oIwW7FGc0Z4Q16mnVp8s41+lUuGUF4sjahrjTs0534WTrLbNSZbI0/ovS8KFXUMNS3EjQV2dPrscM8b5n6Wp1cXOHDPMXsOckpkpPb9FrLr09v4lO3GyzlVCYnaXA7LpwvhNZTPmfkPC6rx3NkeCOyTJwRwieV3KHj90wP07kpmGzk9jZYWjcBR3swM4UzXnso8o3BCVKOey02iMQ8HDeFxriTglHIACAW7ndLwxv+QoO3K6o7XEkBHBGEGBh1MTshNUIcBOUYEY5QEslQgXI9UkAE55RgRhC1ko6kmJKiYHEjHKGeUsn1SwVC1wJJJLBUIJJLBSUIJJJLBUIN0+64WY7p+ClgoCsAHDBTHNBGcKRgpuB6IGk1hlRntC2W+V/TlQam3yYLuQT5SPsvb+kviDb+p6dr3yCOqdgGInfPdeDyRA4wMpkUs9M8S08ro3t3BaeCuZrfG1amGOj3X0t9c6vwE1U/ur/AE/R9VRynG4Tnz6iBheQ9BfFkyOjtXUhLXt8rZhwR2JXqzXtlBI7LyV+inp5bWfpDw31DpfN0LUaWWf2v0w+hrsZwfuiU4npT4tPIQe4yoZlLCMI8NS1425WaVTPQQuTXJcwXaOcCKtiAPGcIslt1DxKWVr286c7hUxOrsnwTzQvDopXNPsUtLaO/IllpaS1zcEJj2jGcqUyvhnAZVxjJ/E0brk9D4bfFgkEjD6chNhco9me2hzRCI/RCLdiBtlHMgA3CZp9Fohd+jm3aXHow/Vvww6d6rY75mEMmf8A8TGd/wBV4F1/8Gb90u99ZTxtqKQHHiRjj7jsvrF7Q7G6BJCyVhZIwPaRggjIK6On1s6+2eS8v9K6Lyf3OKjL9nwg9jo3FjmlpHIK49pLgey+qetfgr031MHVFHC2jqTk6mDAJXgfVnw66j6Tk01tIHsBwXszgLr062Fi5fJ8l8x9L63xXLjuj+0ZmCqngALH4wrSkvDnEMmO5VUBjY7H0TQ7zYIWuNzXKZ5GynczR+IyYBwO6e1hHvlUUdS9gGCrCkuY2E5WuF6xyZZ0yXROLiwbjKQecrnzFPPgNdlOMAAyiViYnawgO25SyPVMw4LgJymJ5KwOSThwuosgDEkklCBGnByEZj8AEkKKnasd1AMZJgmB22T/ACndQQ/B5Ke2bHdQpxwHfGAFEnj2yApDZAUpG6ggCTwVbmnJbhAfDnjZWckGd9KiPjPohGqSIwJYdgpcRZI0ZxlRnNx2SiJBQp4LZILNGSPRbzoz4lSU0sVsvA8vDKgu/Y/9VhcEjBQTGOSM98J1cmZ7aoXRcZo+n6GrhrIWzQPD2OGxByjloK8C6O+IFf0vV/7xrmonYEjS7On7L3S03ehvdDFX0EzXxytyMHj2WmuxPg8zq9HPTy64LCkraqidqglIHdvYrTUFygrYwdQbJw5p9VltJRqd+k/6rS0mjnGzY/OdlJieQRhZ6juelojnBPYEKzjrBsRuFnawwC2E+kYwsl1r8Kumevog+pi+TrmZ8OrhGl4PbJHPC0Uc4cFKilaBuFC4znVJTg8M8MbWfEn4KSimvVJPfOm2O8lY1xc6Id9Q/wDX1XqnS3W3T/V1OKqyVolGMlpGHD7haMhsoMcjQ9jhhzXDII9wV5Z1T8FI4Kxt9+H9wdaa5pLjCCfCkPuBx6bIZScTXK+GrjtmlGX79f8AU9TY8DlPfJuMFeS2X4sV1mq4unviRa3WqsPlbUluIZMbZyvS6aqp6hgmp52ytcMgtO2Cigt3LMdlE6l93/f0TmS74wjhwI5CiCUgJZPqU8UuSZqb6hLI9QouT6roJyl4IGa4k4JRQRjlRwRjcrgO+5V4ISMlLJTGvGNyu62+qHkg7JSyVxJQh3JSyVxJQgkkklCCSSSUICqKdtSwseAQRgqljfJb5/lqjJicfI89vZaAd1FrKWOojLJBzwfRWiAvEyCh78nuo7XvheKebYgeU9nBSgcjhB2EMxlZjqTpp4/96WxuHDeSMcH3C1S7Ic7quEFGWWebwTCVpic0ah9TXdlURCu6JqzXUD3TWyZ386lA2h/xMHYey1/UFikdKbhQMDZB9TQPrCqYZ46mM087RuNLmnsmmiLzw+jS0FdS3Okjr6KUSQSDZw7H0PopGQeCsFA6s6QqjVUWqa3zO/mwc6PcBa+jrqa4U7amlkD2PGedx7FFgprBOyPVCmiErdBPKY8kEHKI0bYymCclRM35eYsAxhPa72UqrphMw4GDzlVrJC3LHDcFQhH6gslJf6B9HVRBwIOk9wfULxRhrLNcXWmtcNbPKdtvyXvLX4WR6+6VprxQOr4ItFZCMh7eTjsUGDoaW7bLazziujdTTRXKHZ8bvMR3Cquu7OL/AEv+09ta0SwN/wB5a0buHb8xgqyt1b4jDSVf1NJaco9M0W+rdTvaX0lW0seP6fdY9VUpxwej0GvnoblbE84s9wfT1DHE+Vw0u32WlnaCRI3ghZvqazy9OXUxAH5WdxMBA2HtlTrTcmyQCKR2SBjleX1OnaZ9p8R5GGohGyPTFc4jM0M9lM6PvBpnut87slpwM+iHUj17KlqA5tQJ4SWvb6LmSjsZ6dWyqmpo9Bvdvjr6R7dIOtuy8krqJ1FUPgkHmYSF6n07cW3Ciax7svAwfuqPqzp4yl1XG0ZxumRkV5PT/wAyr5qzzyRowo0gAUqRpDtOOMqLIMLRFnjLYtcATykQewXCCHImkOGFGZF2JqkU0pjkGAouMEbog2Wa1G6p4wzW2erG3BWqpXCWIbrzu11XhuDcrZ2WtBaNR9Uk9f4+7fDAr5Qa4DKwbsOfuFlpIgO2Mr0SohbNTHABysldKIROLmDAKgOs0ufvRnpYj6KxtNe6IthPdAkjBHG6iNPhSA4yocmEnXLJu6WpGMYBXKiLziVgwqO21/Gok4V9DI2ojAHKh1arPkWS0sty83y0nONt1fNfnssWNUEzZWbYK0NFcBNGM9lDp6S/+ibLNAqgOyI2QEZKY/du6prg35RDPKY04cER3KGlsB8Mm0ry4jJwppdqaPZVcbtJCnwHUN1RorsE7g/ZRSDuph7oBaN8BAaPREkBXIXkO2KLIFEDDk9kDWRaltZcUkzSMHCnRyuGHMOMeiz8MpjcrGmqxjBWe2vJv097Rvum74wOaHHDm7ELf01RHWRB7Dk914fBPJFIJY3YIW66V6lAcI5HbnYgrnW1HpdFq2o4kbKpgL8AtyquES22qJIJjJzstBC5szQ/bhRauAOOkt2XOnHDOrGW4mU1XFUsDmHfCmRDJKytM+a3VJzksK0tFMyoYHsORhAW1kDfLFT3qjdFLGC/HlPdeQ3S21fTtf8AL1LSCHbHthe5M2VT1J05SdQUbopWATNHkfjdXGWDPZD2jz223Wnr4jRTbOcNs8ZWeudJUWGvFWxuYyc5CLcKGs6cuAgqWFuD5XY5Cvv5F8oQJGggtwfZaIyMks7i3sF5gvFGNLvOwYcFImoxMeF5zHJXdM3LXGXCLOx7EL0e31kdwpI6ljhlwyQrk9w+Esr7jJX+yP1ukazP5LIwzVllqvEje4N1Z2XrdTBq8rgCFhupLDKxzpGDLCcgpU4FTi4/cj0DpDqQ3KkjjmeHOxsVqQC3BIXz7ZL1VWKraC8hmeF7L071JBd6VrS8a8bLHOHs06bUyl+RpGTEY7owk1b4UBu523yjxu2Cx2RwdSM88klri07Ikcx7hR2SeyfnBylYGOWSYDlRK6me53jwbObvsjMeOEUHUEHYfYS2XITxhh+tuzsq2jw4ZBWTqWSUUzamHI33HYrQUNU2WJsrTkOGUrGRckSJMeibnCed0OTkJTjkFPI9JMBXUPRY48FZe/Unh/z2s2JWoUOvpW1NM+PG5GydVPDwBPky1M7XgE7qS5gLS12CDyFXs1UtUGyZAB0lWQfnsunRLkRbFJZPJOtLSKepqQ2PDJmnC8rbiGpADfpdhfRHV1sbVQtmEYOk4P5rwm+0bKe5ysYMDVkLt6afo8r5LTbX8qNp0Zcgyoia0gF2F6rTSCUNkadwvBrHVOp5GNB0vjIdleyWGpFVQiQO1HG4ymXLJt8XqcwwzVMIc3UO649ocMeqBbptcGHchGdkLBYjvQluRm6+L5aqJA29UWmnbjBwQVIvVOH05eBuN1S08xYQTuigX0SXRup67LNmyNR7G90dRLAPpydlyRviBkjdxjlR2PfTV7ZG8O5TY8MVZyXNdE97SGbOxsvM/inaZqy0NqYQP5Rw8L1aUtkAPsspeqVlXS1EEgy1wcCF1dFdstTOB5vSR1WknW/aPmUvdC8sd22Kn0dSRjZCvVI+kuUsLyDpcdwgQvDdsr6Lop/JDJ+Z9bV/HvlX+meodNTudG0Dvsf0WklaCBp7LAdL15ZoY53cBboElufVdAPTWB6V+rMbjv2VfXRGOUkhGjkcyUOUiviE0PisG+FDoplOJDnZWNLIHRhpI27qozhxOEelqPNghJtjlGvT2uuWS7p36HjdXlI/LB5sLMxknByragqNw1cjU1Z6PceG1a6ZdtOUQcKPG4ac5RRzyuVZFpnsYWZDnhCJGeUg4ac5QS85S0hrfAytjDoHeqpmybkDsruZ2BgjlZ5+RWln9Rwm1oyWk3W4jlBkJ0lGbhoIByhOaXZ+6djBmnLaQJHanYHZBKdcHeD5jwgNe1wyCjbwZbJ5By/3zX4VlTZLAqyoOBrHYqbSyjQPYKn0VCWOypurXU9wZKRsSreoxJT6hvlv+igX2FzmNmHDSpFJM2akBbuC0BJZoU8FQ3yTB3opxkD2DI5UGtIimGylgjwwB6KiOWEAl4d6YUIuKnTH+U/1UDsii8GG3s8T+IuDd3Z7OWSctZ8Rdrs7/mWTc4bLu6Oa+I+HfUCX82f+QD+QjR7hBf8AUEePcbJqeWcKxDTyFIixhRzyFJj3CZETPI/JSSTX/SU1lLsHIcDlRD5ifZFmO4wUFqyWPLNNfIwcosAOQcIbPqClQAHBIQxWQbCVGMNSHKcOE0coxQaIbAoiHF9IRExAHRwUSJu+ShjlSGENByMI0xdgp36QP+qmWWDxHCUt5VfIPEcA05JWitsHg0oBbgq0smvRU7pKQcnwwTz6IlE3URKeUCQ6nBSoW6GjC01rHJ3t2SaXZHos7dajxHmDPCuKmXRE6QnhZGeqMtQ+QZxlHnJk1moVcMMj3yrbFT+FnzELMRtycqZc6h9RUOGdspkEW3CxXP5JswxnuimSqaMNYCeV3Sl/SBthGb9IVRj6Ylv2MY0kgqwa0saD6oEDQ45UmQhrNKL8RDeWRqyY40hQ3YI5RKl3mUOQHbdInLI6HCOl2/OyanYCG1J3ZLSydKl0cIlc4kfTugRReI4D1Vq2FkcQY3bb9UmyzB1tBRue5D7Ha5bxdY6bBLGuyQPRfQfS9njoKOKJrMADdYT4a9NeFE2vnj88hzn0C9bpIRHEBjCQ2mfSfDaZ11/LNcsM94jjxpxgcKrDnyz9zk9ke5VGPIDuQlaYnavGPA2UiuTszn92EWdNF4bQ0qTqDRnKGXBo+6BK45ABynobGSQ6Ql5ySo1ROGDGOAiPl0NJwoMDXVNRgknJRN45GRl8klFF1YKJtU/x5m7DgdsrUgNjZhoAwq6gp/lIGtwM47I5m1bei5eqvyz0uir+OPPYbOp+FaUrBG0ENx/qodBThxMrxsOFOc8NGAFyLJOyWDfO1RQV0uluMZVZcKjRvsiVNZHTRGSQ5zwPVZSsrp6+pFJTyZkldp24aF3PG+Pla1NHzL6z+q6vHUyjnokS1U11qPkqIEkHDnDst10v0xBbIWTzMBkO+TygdJ9MR2ql1SMBlkwTnn/5d1qYYnbZ4C9PCG3g/KPmvM2+Wt+SwkMAOBjYKRG0bHCHG0jspMQxhMPP59hGjAwiJJyiWQxJHZJcLg3lEQ7rzsmg45KG52eFCuFzpqCndUVDsMbyhyGk28IdfOpbb01bZrtdpmw00A1Pe44AC+Ym03Vn9o7qp1zq5H03TFHIBGw7NI34Hrtz7q1utX1D8e+phbopJKbpi1v3I2E2T+/C9/6V6doOnLWy2W6kZBA05DAP8/Uqdm6Mo6OOVzN/+X/7QnSXTFs6Zt0NFR0rI2xN0jAWjByo7RgYRmuBzuo0c+UnJ5kPSyVzICWoYyFRQicIElYyL6hv23TKifSM42UBrXzyF7yrwQeXSyymQuy09kYDASDA1o9kN0vYDKjIEkkDdtt1m+o+qYbVooaSCSruE7wyOBhxn1OcHH6IN76hmdXR2CyUzqu7VG0cIPGe59AtV0b0HR2ESVt0m+eutQA6WcDygf0N3+nfhU2EV3SHQojnb1H1GTU3V4BaHnLYh2AC3ZGrlO0jOdsrPda9aW7om2srKyKSpqJ3+HTUkX95O7uG/bI/VVGWeCEnqDqK0dL2+S6XmrZDCwHS3l0juzQO6x9HYr/11XNvnWVL/D7fC8PpLSW+Z3o6bj28uPXdc6V6Uvd4uX+2XxCmfNc3uPg0B/u6NnbQe7sH6sfkvQWHOfXuUJATG6TzwpDe6GWhoyTsEF9cxu0fmKsgeapjg8rju7hBjZUVTyHx6W+vquwUL3uNZVnc7tB4AVTfOqPlm/K2p2qY7ZVpZITrpc7bYjlztT+3usdcrnWX6fVK8shP4GlCdTVFTJ8zWSF7zuQTlFEbYwMABOjEh2GnjgbhjQEGqqdDSMBOnqABhVVXUAhRRCisga2oL3Ak8KoqqjtgItZVebHsqqolzvynRjgYKWQk5UadziAAkZN8YTXvBG+QB3wjDwC3JXHMzu7IHrhQ7jebXa4jLU1IB7ALzzqT4tAMMFtLsAkEnuobqNNK3o390vVttcQklqRq7Bef9TfFFug09E85HovOrl1LW3ObXJM7HoSokdPU1ZzFEXE98KHTq0cafumSq6+VV0fmokc7JJ3K7QUVTXyiKGMkdzjhaSw9AVUmmrrAAOwW3t9qorfEIqeFrCfqKKMcjZ6mupYgZC0dDuMolriDjgLY09ugpQ1kUDG49AFPjopS4Fo2Ks4aKNoBeMkIznW6mUu2QIqKWTGgKdBQGHDpdypQxCMManM1SHSwbqm8GSU8s5HHG0bNxhEawvIawZJ4ASIgo4zVXKojggby5xWTvvxJjYXUnTcAPIdO9u/5JUpZDjXKZra2os9npjUXSoDXDcxn6vzCxd6+JMlZG+hs0Igh41AYJWQram6XiU1NZIZHnkkqvmr7ZbIS6eqY+X/u49ylztwbadJu9FoJ6id5kme6Qu5JKU9RQ0UJmqagMxwPVY65dXVPhGKiYYweSVlaq7yzOJqp3OJ7ErNK5nU0+gb7NhduvoRGYLcHj1J7rI1dxqq6QyVExcDwM8KK53igFrdj3XWxNB1ErPK2UuzrVaWFMcIcwE4yjtOnchAdMxoww5KA+aR31HZLc2N2bieawxeWMhBmq5H8uyoYcTyVwv075S5TbLjAMS7VqGycySBm8pyVDfWTM8jTnKayhrq1w8OEk+ynLGNRj2S5bkGf3GAFDluc8uxeMeitrZ0fcqt/89oiZ3JWloeibXSYdM3xXIlDIqeopq75MCPGqCGAFx9t1Po+mbvWEFlMQD3XpNPa7fSbU9HE0+undTGDTw3HsE5U7zJLyGOIIwtD0BVTEfOPMYHOCrWn6ItUW0mt+PdalxGPM7A+6Eaqjh5mBP3TFWomaepus6IVPaKGnYI46WMBvq0ZUptO0YDWgD2Cjz3620ziHyD9VAqusbfEzMTHPd2AKtShHsUoaizsvGROYNiiEE9ysfN1xIAPChdn3UKo6susoGkgAqvmqXQa01ku0b5pHqEGaRkZ+oe687d1DdH7+OR9lCmq7hM7U2aQk84dhT5Vjgb/AA2vyPSXXSii+uYfqos/UlqjxmfK8+dS1jmeI5xJPbKTaGoJ3Yd/dD8gyOlqX5M27+rbW3OHKI/rSlBPgbrMttsxG8aQs8x4bjKCVlj6YxafTr2XzutucEKO7reqOQyUfoqoWiXP0D9UQWeTH0ge6HdZ+w1VpkSndXXM5IeEI9WXQ5Hifuh/wiTszH5pn8Hl9EEvkfsYoacIeprtz4yH/tRdQf75MNmlx9OUE2abJ8pCS5Wr2Xt05MHVl1A2lOVwdYXxp/7Tson8En7OCTrPUAZyFN9n7Io6Zli3ra9N5kBR4viBdMgSiPHqGqj/AIZUcEj9E2SgqGNzjKnyWfsJ6eifRpW/EKoH1MBx7KTH8QwSA+MgeuyxXy0g5amGJzTgj9kz5rV7Aei0/wCj0qDrm1yAeJqB7qdH1VYpMYq8ErylpB7Iw2zpwD9kcdXZ0Jn4+qXR67Bc7fVHEFU0n0OylxtD+CD+a8XFZVxuw2Qj7FTqe+3SAgsqnjH+Ip0dTnhiZeP4wj10xkLmgf1fsvNIur7rGMGZx/NWtN8QJA0NqKbJH4h3RLUR9mWegsj0bgDflPAOVmqTrW2y48Rr2n8lcU/UdmnADaprT/iKbGyMujNPTWx7RYhgwu4/w/umR1dJKAWTtdn0KkNY127T9kaaYmacOwOnHZIMOcAKSA3gBdwOVYGQYiHou+GPRPJwuavZRJkBCM5wQjtaANtksj0XdXsrcWyDnNaQdgoT6CB4OtinrgGO6DCI5uKKiSxxSg+EdBUH+HXOlkIjJIG+QtU0D0Tmtz34U+LJFc1wzLm5TwkR1ETh742SkbbrnH4VRDG8H23WkfSU8+00YKra3pekmbqpXmGQb5CRKvAcL8PKMxWdBW6pBfQPMbjuATssxdOkbhbyS6Mub/UBsvQJrVeqODVHK2XSeyUN3fA0R10PiMI31DhDsya6tdOHbPJXQlhw4b+iHp916tW2Lp6+tLoWtglP5LLXjoS40GqSnHiM9R6JUqfZ0a9bCXDMmujlHnp5oHFksbmkdiEMAHhBhmqFin0PHC7gcpJIhmR6SWClgqmwZSwORGoaI1LQuQdJJJNKEnjlMTxyjETDjhdHK4OF0coxYZn0hOHKaz6QnDlEQIOF3bOcLg4XVBb5DxTSRD+W7GO3qnuio7gMSxCOQ8OaMZQWrrRgHCrAtyeSuqaKopJNMrcN7FCcwHCvoqnLBDUsEjPcZwoVwtph/nU51xu3x3CW45Hxmn2VL6ZruFGkgLd8KwG3K4WjB7qpRwMjZgqiCM5HCEH5JGOFZSU4dnAwoT6ZzHE6c5Q4Y+NmeyOkkkjHZCpJJKAD0kklCD8nhcSXCcdkKb9A5wOB7Ig4QxyngjCYWz9SI5i5TaefGluVWs3IIR2kjfK/IUo4P2i0Xsbw5vITsj1UCjlDwADxypZHG6zyQEo4OyNxjBXI3nghO7JPYA4YCGMmKDtORldQ2OwE/V7JyYtrB1PTE9WUJJJJQg5JJJQMSemJ6hBJJJKEEkkkoQSSSSgkSSSSgIk9MT0IAkkklCCSSSUIOSSSREEkkkoQfnC7kriSgA4jKzt+sLZgaylGmRu5A7rRZC47cbHB+yhaeDKWeukhwJvqxg+q0UVUHjAwfsqi72UjNbRHErd3N7OCjW64YAOOOR6KB/kaVrsnKIDwFCp5/EG6lDdCA+CQcOG5QJ6dkzCx++f2Tge+UTIQFGff49tnA3dG71KsmSCVoc07FGqKeOeMxyDIP7Kjk+Ys8++p8TuxKMJL2TqmiMf8+H82qA5zozkjOVcwTx1UQfG7IcP0UapoQ4ADAymqWCnzwRKerAPYKxhqg44yFR1NFPTO1fUw9x/qnUtYwOw4kkcp0LMMRbVu6NREWzDDsEHkdivEfiz8JjTyy9RWCENg3dLE3ho9AF69SVJJGAphPjNwSuz43yM9Hapx6OfOtrg+LHx47IDm7L2X4qfCt1JLLfrDBhjvNNC0bA93NHZeNluN19U8Z5SGtjuRztRps8oC5u53SMRS1YdwjgjHC9DVe0c2dDIkkAIxp2PIVRcLDS1OzRpJ7rQloKjzQ6xsuhp9U4M5Ov0C1MNk45R57d7HU295IZqYPQLPyuJOCNP3XrEsYbtKwOB7HdUN16WhrCZqYNa70wu7ptapcTZ818n9KfE3LS/9jBl+g5xlcM4O52Uy52uqoH/zYyGcZwq57VuU4WLMTx12ms00ttscMKXMf9JQymA6eE/IdhA1yAuehmDyh6neqkYHohkYSmiuzoJynfhTEhygwWdIOVzBTxjG6Rx2VEGJZKR5SUIJJLBSwVCCHKLhulCwV0ZzugKFjfKeAMJD1XVCmzhAQzyinhDwc5ULQgO6eAMJAd11QjZzASwF1JQo4QMIZCKuEDGUARGAwcFDcM7KUQhZ7YVSWRafJDkjycgb+q1/R3xDr+m9FPWNMtCwYdg7s9wsw5mUzQSs9umhdBxkjs+K85q/DW/LpZYfv9M+j7ZeqO80TK6hkbJFI3IIOUR0z4iHNJC+fen7/c+mKz5q2ylodu9mdie32Xsdg61tXUUbQ0tjqMedjncn7LzOp8dOn+5+gPpf670vmIRqtey39P2amnuIdhsimePqAIGQVSOazOQMIkFRLH+LUPQrkyq5wfRKNZ6kXInIwCpUNU9h1McQfuqhs7ZQNyCjtkxjG6U6jpQ1Cmi9M9LWgNlYI3+oGxQJqWSnGpp1MUGKXv3UyGve3yzDUw7YQZ2FWQUxmWu5GCmaQe6nPpYKhmunlAdjOkqBLGYjh3ZNjPJjnpW2DczB5Qqi30VfC6mrqeOZjxgh4ypGMbhMf5sY/ROhY63lGO7S5WGeS9Zf2fbbdhJV9OAQ1DskszgErwjqborqPpaodDcbdIGtONYBIK+02E4IGf1Ua42u2XmndS3OkjnjcMeZu66dGtkniR8/819GaXW/dWtsv2j4aByMkYwnHB7r6K6s/s7UVZ4lX01UtieckUz2+X/PdeI9RdDdR9L1BhudC5rAcB4HlK6kNRCxcM+XeT+mdd49tuLcf2UTJ3s+k4wp0F0kjwHjUAq+VpjwCF0HK2wPM2V4eGaCnr6apGNWl3o5G5zpIOPRZocqTHXSxFpY45CfCzgQ6n2i+/JdUWlu9POAyYaXeqmaWubqjcCPurVjESUo9oEkkQQDlCOco1PIGQ5IxyhklJDA9d0TswGkEyUslCIwkDhUpZI0SI5jjhGZJq5CgtODkozXDHKIAmDSe4QJYsDOE1hI7o7JABghQp5RWzRkHZqCwljiSFbvjaeGqHU0ruwwlyWOS1LPZKonUszQH8+/YokttJJc1zdPZUZ1RO2yM+6trdcwcQTux2BVRlngGSkuiPNRlnlLchTbBfbl0zVfM2+QgPwHxk+Uj7eqmOjZODpAOOVCmoj2T4ZjyUnv4muD3PpHrq2dSwth8RsdQGgOaTjdaxsWk5Xy3E6opJBNTSPieDkOa7BC9Y6G+KcRiZbuo2Pa9gDWVDTnV9x+m61Rszwzha7x3LnV0epR7OyrGGQgAKsp6iCphbPBIHB3opUThjHojX9jiyg2W0VQNsqbDUsOADlUrX47okb8HIPKgJoGVHG+UdsurGThUTJywjO6lsqozjDkvGQAl96fsfU1ufbb5QQ1cLxsJGg4+y82m6C606BkfN0Bd/n7cTq/hNXLg4H9Djn/ACXpolzjdFbNjGyiGRunDjtfp9GO6Y+JFtu8xtNzgltd1hIbLSVI0uz20/1LZCTPZVN/6XsPVMIgvFugmA4eW4kaf8LhuFl5LF8RelRr6crG323sOfl6sZmYPQPOx/NFKTXQXxxmvs4PQS/HZdMwA4WR6f8AiHa73KbdVQy224RjL6arGh3/AIfVaRr9W/qqzkVscXySPGPokJd+ENIco8gNZJAcSuhxCECMLuQFZQcTEDGF0TE9lGyF1TBCYHAjOQu5HqFF1e66CcqsECJLgIxyuqyBUkHISyFWCDgSOFw7rmQlkKyEWspRUx47jcH0QIptGIpdnjb7qxOD3UGrp9f8xnI/dRrJaeR4IcmkZ7oUUmRg7EdkZIawwhgaDlZa/wDTzmSGuoRg8vaO61iW2DkZRIuM2meeai5uh4B23BVWx1V05Viuog51HI4+PF/RnuAtbfLUynf81A3Z5w4BU0kbXAxyDU07Oae4Texud3DL+kqaeupmVVNIHskGQQpLRnusVBNL05WCVkhNtk2LOfCWuhqWTMbJG4FrxqB9QjAnBrokPwWnfsqSuhkhf8xCCfUK3ZknOTskYWEEOAcD6hECuypbMydjXx7eoXfKdnN1NPI9QgV0LrbWtc0YpZRuf6XIgkBGobjsVSWBsOHweYfEbpL+F1Dr9bR/IlOXMHLCqakljr6MB3OP0XsNwghuFJJRVEYcyQYOQvHrrbKiwXeanz5Acs25aglFSOnTe5RUZeiHerV/GbJJbZmg1NLmanefUcLyuJ9RRVTop2lkkexC9lP81rKhhxjn3HosT170+5zXXykjHlH8zHouTrtKnHKPcfTPl3RP4Jvj1/YBBOKmmbIDuW7qDVR8nCrLRcZI5Awnyu7FXT/5m4H5ry99TyfYdLqVbWlnJHoK2otlS2aJ+BnDh2IW8iljulG1+QS5u6wFS3S0jHKt+l7uaaT5SY+UjYk8LPXnPJ09Jdsl8cumUnVdpFJKZY49gd8LJyDLsgYXsl5trK2B2Gg6mry+8WyWimc1zMNzstUZYOf5bxyj99a4KaQAYwnNxjGVxwOeExuQUfZ5ayGx5OuGk7DlOGXNyRhdyHDcJzAB2QSQ2pjqeQxyArVWarzpGQsm8bgqxttT4ZAys0oo6ui1MoWJI9Jt8viNy5wIcP0UO7Uetri1uQeFXW2sIaME5WlY1k8ALm5JCA9Rn5o4PPpo3Ruc0jBUGVmDnC1l6twDy9redwVnp4CG4IUOLqaPjlhEWmqjFIM7LUWyugc0DxNysfPCQchHt1Z4UgYQoJpu+OaT6N35ZGgtOQi00xpySByq6gqmOYNJz65U1rtQyp2dWuxN5NDQTNqY9TXZxyPRSy3AO/KzVNVSU0rXRnHr7q+pKoVLNQCs6lVm9YBSjBQtTfVSKj/RQyCPX9UsZJ7R5dhw3U+nkyAAquQgkYKlUsojIBOVAoWYZZcocn0p7Dlq4gN8JZRDcN+ELAUtwBB23UYjBQC7H+hun3SjkdGRjddXTFrGCltZWA65OPKJ1NVNeQ15AJ4VpA6SneJYyQRusrMyencJBu1XdsuLKlgje7fgFZbqjo6TV7ZYkendM9TmWMQuk83cFa+NwnaM8juvFYnT0UoniJBG+3ot/wBMdTipY2GV+HDbdci6t5PU6XUJrEjRVVPq2I90CColt8wc3OgncKe5zZ2hzTnKizQteMELK1g6C5L2lqo6iMSRnOeR6KUDlZKGpntkgdyxx3WjpKuKqiEkZznkeiomCJ1F07RdQULqaojAkAyx4G4P3XlD6W4dL3M0VTnwyfKTwQvbAcqp6h6co+oKUwzNDZAPI/G4KOMsCbaVJZXZ5/W0UFzpt2g6hsfRUtjuNTZriaGR58InADuyntguPTVe6guGoxA+V54IRbra4bjF48GBIBkEd01PIhxaNXFieMPG4xkKHcKVtTEYXjnuqLpu/SUcpoLgT/SHHstXIxrhlu+d1GMX3LB5t1J0zNE0zxgOA9FH6Y6hltVS2KV5AzjfsvQKyKOeIwuGzlgOpOnpYnmeBuC3fbukyjkVh1vKPZrLdoq6lbI1wc7G6tY5A4Z9V4t0Z1Y6B/gSktLMAher2+viq4WzQuyCNx6LJbX+jpafURnFYLdvdO152UeOXOx5RhuCskomyMgjHb5yiiUt7ZyooyDnKIHBLwMbySgG1EZa8bEd1BoqiW2VvgyAmKT6d9gVMa4BBq4PmIw0DJ7JeSjQMcHMDgcgrrhkKgs1we1xo5yctzjJV7G7PKB8rAAMktOMIowRnK5K3AzjhR2S4OClYISUxODgQmndSPZDJ36BzJxOG7A7p0D2vjDmnYhXF1oxPTOwN8LNUEmnVAdnMPC30yyIsWR92b/ILnDLe68Z+IVmNLVMr4mDw3HJx7r2yrj8SndHjOd1guraFtZbZISzUWAkFdnTz2nK11Py1M8nimPzbZGbZ2XqHQd1y75d8mx2wvLHO8KdrSOHYWu6Vro4qtrHnHC6Ulvjk4OhsdVuGeywkR4DeCpwxI0Kro3eLTMcDlWEHlH3WG2OD1lUsrg7LCyRpY4AgrGVRbT1TmAeXJAW2HKz3UtAP+0xt53S8MZMDRTZj0HcHhEqow0tk0Zxvyqy3T6gM/hOFdPHi0+gN3wjQOck6klM0QcSMqqu0QbKXAYaeVKtTsNEZTr9Sl9ETGPM3JWumW3kzamCnW0eA/E60R0lzdPHHpEgyMLBRPLX/Yr2v4i0kE9njnljzI0YyvFS0CoeAML6F4e/fVg/O/1noP4etckuy6stW9lSMbAj/Vep2uYz0THOcC7ABXj0MvhkYGD6r0rpOtbNSiIu3xkLuJ5PK6eeJJF89oByNsqXTHxIHMceyhvGeEWil5iJ3xsjOpGSZU1cRikc0jhR4ZdDwcKyukbhJrxsQqhp/mEoGsjs4LmCbLeFOoZSycZVRBJsBhToJBkFY7Ibzt+M1mySizSxTZwARupLH+yqKOQPxucq0Y/I4XJurxLCPo+l1EZ1phC4+qQwO6YRtym5Cyyiom35Mj5hq3VFdgI543M2OVdv3CpLvHqb4mOCiSF2vEch2uOxzsnuwBlR4jmnYc7oiY0Y5S3rBUdQHFPraOFX0kpmhD/VWnULNVskxyqCyS5psHtsi2nOts22bSe4EwvyfRGpJCRhDeMNKHTv0yYVNZGxlklXIl9K7HKh2KqBp3QOHmY7dTnkSM0kdlSW6T5etmgkGC47LPNYHpki8sAcCO5yiRkmJvsEW4xNfTZIyQdiolK8mPQdyFAmKQkhwwoedJIKmvOxyFBmAJBTIrJkt4PFPiVtdjj+pY5xO262XxMBF1yf6ljHDbC6+njtrR8S+ol/89JnJHYIRY3ZbwozmlxzlGhOpufRaoYOEzmrzKU36Qof4lNAOkbIo9igqA7hHQH8JrYKWSNIfMgoz9zj1QVkm8s1QQ5n1BTIxpaFDjB1BWLfoCusVYJdZ9QXF1n1BOYDJI4XVwcLqAS3gJENwUWTIaANsrkP+S5ORsmrgU/uC2+F89U3HA5Wk4bjtjAVRZIXajL2VnO7T+ibE72ir21oTMvkAA5U0eUfZR6NuW+KRunSVIY3JGyM2N7Vllff63RAIo3eZxxssxVSmKmeQRnCmXCq8aoeSdhwqOvlL2Fg7oLJ5ORbP5pvJHaNZBO6kwt0gIUDcYB7KWG4aCkLsXlLg4isbkoSkxDdNFN4JMTQ0DATKpwxyERrcNJUGqkzgJdjAXYB7sk5KCSM8pOPO6HjIWWUsDF0OTmNycJYwj0kZfKMBKlPA+ml2yUUS7bSBznPePp4V7ZbN/FLnFDoyGlRoqYRsw0dl6N0B0+xnh1k2Q4nO3p6LFZZlnufF6HY1FI2tjtjaenhpY24IAyFevk8Boaf80KiDYdRA3PdRrhPmUNCpNs9n/sw2kUufU1Jbjcuwr6nYIIwz05Vdb4mtmL3DfGynyPAGy0QFqzK3Me+YgABMa7O7kHPcoE9QA0sB5WqMS/nwPq5y8BkZ55wrmxUDGASyM57lUdBA+epb3A5Wra9kMTWtGzRhZtTLa9p1dDHe1YSZJg0YATKYuml0Y2PdQnTl7wOVdW2D+X4jm4I2XD1Mss9JG2EYZkWdO0Qx6CUGeUMG5CbJISNtsLNX6/RUsTo9XmPoU7x3j56q3jo8h9U/UdHiqHKUuTnUV01OFNAcyHb9eFpOiemGUEfztbHqnkwRnfCz3SHTVRXVTbnWZLGu1Yd+I9l6lSU/htBIXu4aeFEFCJ+TvqLz8/MaiU5EuJmQDhS424IIHqhRjAGykxAaQgxyeTm8hGNGOERqY1ParBDp43TEppo6eMySu049VaDHTERDLtlCfOX7AKMaiauqPOcRY290ZwDG4zsFSeSCfLgeuV4T1xf7t8Uuo/9hekWv+QiOKyqDsNI/wCmx+6n/EfrS7dS3NvQPRhJqpC4Vc7D5QzbYHt3W9+G/QlF0bbGU9Gzzvw6eQjeV3r+5VmuDVMNzXL6LfpDpG3dL2imtVDA1rYG7nH1HuStK1oaMAITRj2RWqJmdtvlnV3JXElQA9ziRjKDNPHBGXyu47eq5V1TKSPxJOO3uVWwGS5PbUS+SIHIYefzVEHROqK6Z0j/ACwZ2aeVNADRskGhvHA7Ib354VESyPe/VsFkrvfq6uuh6a6UHj3HbxnkZZTtOfM79Ch3O83fqW5u6V6OiDp2jTV3DmOjz7/1heidHdH2vpS3GktrXapTrnkkOZJH+rv1QuWA+iL0D0RQdIUDi/FVcakk1VU85fJ6DP6/dacNO+kE432RNGkbLB/EP4jt6bMXT1hgkruo7kCylpYt9PvIP6dxlCUSevfiJRdI0UVLRwitvNW7TTUTRmR59vb1PZU3Q/Qdwdc5Os+t6x1bfqoAadOYKRm/ki325/ZF6E+HsllMnUnVdY+7dSV4BlrXu1NYz/u4/wDDxhbYOGkjKhYQtaNic/crmtn9SC447oQa55xlWUdnlfOfBhO3c+qLT08FAPmKseUcJrTFSRGWQjbj1KpK6vlqJPqOn7q0skH3rqCprGfKUjiyPOM98Kq8IAAloz6o8oaQDjCizSgjATYJEOO0tGdQUSecDbAXKiYg4BVfUzBo9Uwg6pqFT1tUdOCF2tr2MYXZOewVLPPJMcOdymQQ1RbFU1Rc7YBRvEcTktKh3K62+0R/MXGfw2c5XmXVXxgjc98Vnc8t3GTjdMNlGksvklBHpN1vFFaYPFqZQNWdO/K836j+LLGMdT0biT7LzS49R3C7SuMk7wH9sqrbC6SQg7uPZQ7tXjoV8zLa6dTXO6vcZqhwae2VWtiknIwHErSWHoW43ItM8GkH/JeiWnpO12hjQyJr3ju4d1Btl9VCxWYXp74fVlyYJatwiZzuvQbdYrbaoRFHAC4bFysY4jjEQ2HYBWcFrYIxJPy7fGVDnX6uU+CshppJXBsTfL6KzpbdHCA+RmCfdSWNZFhscYARPBfO4NAOccKt/oxTnkY3SNmt2CI0OcQ0NySitipqOJ09fUxwsb/Udys7devIKfXBY6Rxd/3srds+yqU8ARhOx8GimZT0sRqLlUR08bf6zz9lmbt15HTNfT9N0viyf968bfksJfOoRK/5nqO7uLxuIgdlkLr8Q3BjqexUbgeBKXYH6Y/1SJ2nU03j5WejX3a51lW4y9SXsBjsktLsAfYLN1fV9vp2htsjdJjI1EYBWNqbjHKTUXWsdNK7fSTnCrZLpUVDvCoIC1o7lIldk7dHjYL8jR3DqOuqnONRWviYd9MZ05+6qKi6MfgQ+Zw7nuojKCtnw+p2HccIwFvpWjScuSpTyb4UV18RBg3CpOQcNRHU9O3DpneYKNNcZ84jOGpkbZJjl26VKWRyikSXTRt2a1DLnuz6J7afJDncBSGmKMARO1EIMMqc4xXBHjgcTgtITnwBuN1LZHWy4bHjH2U2ltDj5qgZyiSyKd0V2UfgyvOI2ZypNNYquoIDhgH2Wlp6GljH0borK2lgcQ548vZRxQp3z/pIFv6Tp2N1VLclX0FHBTMDYY2tA22CrZuo6aHZvmIVfJ1HUTnTTg/oqUlFiWrrezVMdgbdkKa5U9NvM4D81kZKy9zbtkwCor6erkOaqTV+ar5V6Lhps9mqq+rrfC3MeXu9AVWz9YvczEDDlVUVHQMOZnYS8W2U51NIJ91Stn1kdHSQXofL1Ddah2lshGeyivfdJfqJId7oputCDs0IbuoI2khsR27q5W4WGNVDjzGJwUda/Bewn7okduqHfhA90A9ROOQGlCN9qR9I/dLdqYTjd6RYstjs7typDbbkDLf3VH/tBcCCAR+iEbxcSd5B+iH5F+iKi2fbNILfAOWjCI2Cibw4ZWWN0uB5mGPshmtqicmRT5CnpZLtmuHyzTlrmj807XAR9bQsh83Vf1rhqqk7F+ynyf2Kelya7XT/APfj9UzXTH/jhZPxXnklFDznk/qp8n9iv4hp/wCR/wDJIQ/BDtmT5/NZxtSScbojZ3kZDiFfyFrT7TQfIzO3E/7obrbX4yH/ALqlbWVTeJnD80Vl0qx/xCfzRZUiOprosXUF3B2l2TDS3UZw/f7oUV8qWjd5OEZl9kJ8wJUxBeyts16AGmvuTg7IZZeRyCriG/MaAJAji80z+w/RW1H0wHKS/pM6990ZywlDNXXD64iFqm1tM/hoP5J+IZBvCwj7IduXwXG1rtGONa8nzt4RW3FgGDCDj2Wklt1I858BufsgyWeleNowP/CqlGa9lq6t9ozwq6UPLzDglFDqOUag/TnsrOTp0OOWMaFDmsZa7T4Z2S1lehqtg/ZHdHTn6XZQtIB2Uh1skj2GU35WYbhufzV7mvQW9DBskiCKUbOZhLSUSWXkvIhnslg8jZPawLuAmp4AbyFp66rpzmOZwx7lW9N1XdYQB4xOPdUYbn2SeDtur+SWeGKlpa59m4ouvS0NZVxYxy4K9o+sLTVvbF4mhx7uOy8sAx3yngYORsnQvlH8jNZoK30ezw1lJOdMUzSfTKKfsvG6W41dJKJIJ3tI91fUPWdwhlDp3a2+nKbHUxz9xiu0UofieipLO0nWlBK8RzNLM/i7K9grKeoaHxTMcDxunfNB9GGVNkXyiQMnsiNBzwuAEkbbIgCmDLOTY9i6d0m8pHZMFzH7YxwkMkriSjWQNzDaQRgbZ5QZ6CmqWFk0LHA+yO1dS2kErJIzlX0sWkyUEpDvQoLZbvbT4dVCZYht6rVAd0TDXNOWg/cZQqCkNjqJezIVNBYL8wtfE2KU87d1krz0FV0pMtGA9novRa7p2kqnmSH+RJ6sVUT1FY5P94jFbTdtIyQPslTqwbatXJdHlE9LUUryyojLCPUIY523Xr8sfTXUbPDmiZDMeQ4YKzV6+HFXSNdPbiJY9yB3SnV7OlVrU+JcMxIaOE8Rj0RTTyMOHjBQ0vabFJSWRun3XQMLuCkpgPcgqSS5g5z2VAvg6njldaMDBThyifAibyEHCemDhPVxlkAMkOUkhymkCDhEQxwiKFN4Qk8cpieB3UFNLI8AYT9R4O49E0cLqgoVXbIq1viUpDX/ANKppYJoHaZWkYV5E5zTlpwVImpoLlAWPw2Ubg+qgantMyuPhZIMFHrKCakk0PB9iosbzqwQgwjRGWeURaiiazeNpUQAgkEK8yxzcEKNNRNdu0ITRGbKpJHlpnRk4CCQRyoMUkxySSShY48Jqem6fdQprIRdyVxJEWfp3Q18dVAx0e+2CprH6sbLz/pi9OglNLO7ykeXJW1in1Y2X5FkuOT9sW17eizjkfG8OYVaQTeK0ZwFRMkHdTKWp8wGEhoRJZLYcp+xbjKDG4OaMLoJzyl49iWh2S0hHa7yhDGCE0HSVMgSimGSSByMpIxXQZJJJEQScmpyhaEkkkoEPSSSUIJJJJQgkkklBIkkklCMSSSSEXLsekkkoUOTU5NUIOSTUkRBJJJKEHJJqShBZKWSkkoQWM7LP3u0S05/iNAN+ZIx391oFyQZHGVCGftNy8WPHcbEHkK7hqNQG3KoLvQmimbXUYLdbsPaOFMoKrxWNwcnGfsoElkuQfRPLiFHY4EIqEroeH57JlTDFURmORoOe/oujuuAHlQmcFE81FnnzguicVdQVENXE2SNwI9PRPfDHM0tewOB23CopaettFX4tO0vp3HzD0RAt5LmSPUMO3ys/cbZPRvNVT+dmfM0dld09VFVRCWJwIP7I+2DkZCJPJWTMUNzLpGt1kH0K0FPVF2FVXHp9kkrqmid4cvI9AVV0t0qqWf5Ws8r2nGeAU6Fm0VOtSNuxjahumRocD2K8T+K/wAHzAJeounYyWkl09O1vH+IL1aluLwA4OVnDcGPGl+Dn1Xd8Zr56We6JjtqPid7CHFrhghNL/DwPVfRHxV+D1PeWT9Q9Mx6aw5fLTtG0h7kei+d6+kmppn09QwxyMOlzXDBBC+n+N8tDVxWOzmXVYeUObIHDIRG49FWGV8LgA7YqVFUMIHmye670JvGTPhdMlyU8M0To3s54Poqt8M1K/wngub+Eq0Y8Y45XXNbI3DgCPdba7cdmS/RVz5KeejbURltTTtcw+oysvcukKafVJRHQ7nT2W6bP8m4RTNL6d539Qn1NsgMPj0YBbzyt9GrlW+Dga/w1GojicEzxautlXROcJoHADuAqzxy13HC9mqKWnnYY6iFrh6ELMXfoWOpBlt0fmO+F1IayL/I+e+S+lp1tz0y/wAmIjm1DBaunHIK7W2qvt0jmTQvZp23Cise/OCVoi1JZR5O7SzpntmmmGSTA8HunK8CbKpV9o7kpZK5kJZygFj0k1IcoSBMBLATtQwmHlQh3AS2C6eEPfKhAiS4OEshACdSwOUklChJLmQuqEEkkkoQSSSShDhA5Q8FFXMBQtMGW55CFpGON1JICHgqmsl9gS0eicySalmbUU0nhyN4cFzOeySRZDLDqusomrK3ho9B6V+IR3gve2MZn1/r5cfbuvRWv9l89tbgbLSdM9c1dif4VafFpOA0baPfK4uu8ZnNlZ9c+kPr3EVpPJy59S/9z2VrtJ5wpUMoJAyFQ0F1prtSsq6KQPjeM7HhTI6jw3Acrz862z7VovI12RU4vhl0HnAAPCdHK9w8xyoMVUCMFSGPG5wsk62ju1XRmsxZMZLJG7Ux5BU9kkFWzDiGycHKqmvA5CKRgZAQr7Wad+VhkuSnfGN9weCo+COV2KukZhj92+6PqimaXwgau4TPkETipEfWD2TQ8k7hdJwcEJurHZHGeTLOlSJMUuwzslWUlBcoDS3CkjqIncteMqM9+rBHZcZUEjBGU+u1wfBhv0cbFiSyed9W/AKw30SVFkcKSZ2+hw8n69l4Z1X8K+qulJnironvhB2ewZBHsV9bioc7IOU50oljdDLEx0b9nBwyCulRrbIPlnh/L/Rmh133pbZftHw0Yy0eqEGuzjlfVvVPwW6S6g8SptsItlW/fMf92T/y9l431f8ABrqfpt75jBHPSs+qWE6h98fqurTq659s+Z+R+kdbocuH3I85apVLVzwnyPOPQpT0MtO/RIPzQgC1aYyUuUeUu004PFiLaKv1EeKQMqQHRv8AM0hUWvIxjhSYah7MYJTeUZJ0x/pLLfK47hAZVjOJXIoniIy12UWUIw4gyDnK4jloO+N0Eg5OyIhxOa455TUkZRKBGE7V7qNk+pXQTndxUL4ZNinZnDzhSDFHONiN1XjBGcosNToKnYpr9Aa6gki/mYBb7dlWnLXA+i1NJNHNmOTHHBVfcLK7Lpab6TvhC1jkKE10yPSXR0EgJO3cK9a+Crja+NwGeyyGCDgnhHgqJqeVskbsAcj1U+T0y5V7ujRTUeMHSgeEWcDv6o1BeYqw+HKcHHdSZYQDtjB4T4yM84uPEui96Y6/udhmZHUAz0vGgHce4XsNj6lt97ibLSuIBH0u5BXz05gHAUm3XW4WuUS0dS9mOwOyfCzBz9To4zWYo+mA85G6Ox3C816V+JtLXsjo7pEYpQA3xM+Vy38NQHbYTMr0cHUaeVT5LEHKfG4tdgKMyQH80Qvx2V5yI/yTmVDm4KO2pJ5Vc2XPZF1KiiyZL6EIzJj6KrZJjuVIZU9iEBQ279PWS/w+Hc6JjyfpePK5p9QVnf4B1h0zkdOXD+KUjd20VXJ5mjvpctWJQ7ByiskCsvLZmrZ1xQ1EvyN2jdbK/j5eo2JPt6haBlQH+mD3QbvZ7VfKf5a6Ucc7fwkjzN+x5VFH011FYQZenKoXCBuc0VR9bfTw3n89iUZDTNkPJ7JGcnssnb+tqaeqNuukb7dXg4NPVDR+juD+RWhZPnsFACUJTnhF1qEH57J4dnsrwQliQ5Tw/bhQmuweEZrsjhV0Qkh2/KIDtyomseqfq91eQA2SlkoeQlkKECZKWSmJKEO6j6pZK4koQDPEA/WzY90xjznBUl+lw5UWVuDkJQYbGRylj3QGS9iEdrtStEBSxteNLmgg9isld7XLRSmQDVE45B9PZbMjKjzwRzxmKVoc1yrOGWng8/lp4alnhzs1N7hBtlVPYqswVD3SUcpxEf8Au/b7K9udqfRSFzRmN3BVZUUcdVEYpRkHg+ianyPT3Lk0MUgcAW7h24RlkLZdX2msNor3lzXn+RIePsStSyXuRymroVKLGXCnZV07qd/DhsfQrNROqaGcW6pPk/A48Fax3mGFX19DHWxGN+zuWP7tPqrCjLHBDDeDjdZ/q/pw3ujD6cNFTDu3/EPRWFFPPSTOt9xJ8XOWP/C8dsKwyByqZqqeGeNUGoscw8ZR5YWOjMUjA5kgw5pGQQr3qux/wuuNdTgCnqXE4H4Xeipwzxhss10dx0a54+5dnjnUlpfYbnJThpMTnF0Z/wAJ43UqyVvjN8GVwLgMtPst31V08LxQljABNGdTCe/svKY5H0tQBndjsHH3XmtZp2pZR9b+mPI/yKY5fKNPURNcNhnb1VY9zoXZGx7Kxo5WVcZex3bcKNU05zloXGmtrPd1z+RKUTa2C4NuFA1pcC9g0uVL1VaxJG6RrVTWy4zW6pbJE8gZ8w7ELdkQXGlbLgObI1SE9zOvGz+TV8Z4zWQOpn6Hj81G0rX9VWloDzE3dhysg44G6fk8drtHOiWGJqM3sojfqUiM4OVfZgqlteB8wJ82EylnLHozsPZlQnAtflKtialNwkpI1VsrSWjcLa0NWHQx4IOy81ttQGt3ytdbqsCNm+dkjDPS6HWKUUmXldH48YGFmLnS+H2/daeCZszcEKFc6EyDICo2W1K5ZRi548bEKG1hY/WAr2vozGc4VVKzBxhQ4V0Nk8Fjaq0tkDXFaKmnbIABhYuHLHBw2Vzb6wtIyouRtN+HyaUtJ4Uqhr5IMRAZyoNJU+I0AhFliJAIHKKSxydSubWJIvY5fGZqQZmgNyolHWiJjYnD81NlIc0O9UKNytVsU0RATnGUWneQ4DIQXbZQmuIeoiK3azQQyZaAngZ7qBRzbAFTgcjIQHSqnujkeRkEKJLHndSg4E4TZW5CAZnJExg7lGjwDso8gIOV2mqADghADu2snOibLGWuCp5YZLdKJWOOlxx9lcsfsDhDrGMnh0FqCUcrkOS3LK7LCzXFtczwJCCRwp7Kl9rqsx5x7LHMM1DKJInYI/dam23GmukIjmx4gGPdYL6MrKOtodW21CT5PQenuomzNa1z9ytPEfGXkVFWOttQWuGQD+y3tjvrZmMPiZB43/Zcuyp9nptJqVJ7Js0EsLZG6XDYqLTyz22fIJLD2U1srZGhwPKFPGJBjlZsHQyn0XVNVRVEYkjIOeR6KUDlY8y1FslE0WXRnlqv7bc4q2MFp5VF5wcvlhpb5TGGZoDx9L+4WBmtddYqp9JUEuYPpOOQvUAcqDdKKnuUeiWPLwMB3cI1LAMobujy6tomSyiSMAOcMK/tddJBHHTVo7YDvVFudikjhLoM6oz6J9CynutCYpcCpj8u+yIUo4DVMDSRJHwRlVtXSsqIzFI3OeD6KXR1Wpz6KTHiQ7b9wnTRjg8q8ZLnDKPL77Yam2VXztHkEHJA4IWq6L6r14jfJgt2c0qxrqVlRqZIMgjC8/vVuq+n6z56kBxnJxwQhdeTLudE1LHB73SVcc8bZIzkKbG/Izjlee9EdUR3Cmj48zRtnutzFLnGyyW04fB1KblMmpocQfVNZK07Jz8EZ9FgsTRtUkFEpIUiJ+cEhV0cn8wMI2UlsuHZSsMZlNDK+Mxytq4hgg74Vxb6oTsGSMhQdcVUwxA74UOOWW31bWvB0u2VdlKJqtWW4KhvjOrKfDJkBEe0EZCDCYIxpdjdccm7Nf7IrXAgYKApjC0EFp4KyN4p3UNeJmN8rzvhbI8FUl9pRLATp3HBWjTvAqSyQYnNkZuQchZW6wGOV7JG5BJGfUK9pCSA3OFCvcBkgD+SN8rq0szXV5WDxbqmyvoq974mHQ46hjgKLbajRv3G263HU9MZ4RIG+y8+aPAnfG7nOV2q55gkeS1NTptyj2foqufNQNjmfk9t1qmu8wXlvRl1DXMYHc4/VenOOoNd7JViyej0Vu6tZJoGQDlAroGzUz2OGdtl2JxADcfuivAeMEbLPg3YyefsZJTVr4eBqytFTzamacDhV/UVL8pOJ2jG/wCyfa6pryNRUJnBYwuMMwc0YCsnAVFM/I7FQnjLQWjlTKKQaPBPI/dMr5eBE4bkYC/0LKuhqaaePOkHAXgN3iFJXPj0kYJG6+m71BG2rcA3Y8hfP/xItU1uvkk7mYjl3bjhey8Hfte1nx3690Up1K5emZ1smRnC1/SVa/WxuoDCxcLg72V5Y6ltNVjU7AK9dB5PkcJbWerNeXtyBnbshQyOjlyRggrtpqY5KUEDJXapo8XxAMAp50qZZWWTK1rJafX7LOytLJCQFoHOD6MYPZVFXHqcdlTNDngBBNhwbhWMbiGB2eFTNdok+ysYZxpCROG4bVbtkpFtb6k/MAE4AWgjkDsYPKyMUpDw4bYV7R1OpoBKxW1cZPd+I16ccNltkYymEnKGCSM5TsjOFzpxbPT1Xbh5OQq66gfLu9cqeOVWXbLo5Mb8IVFjLZfbgFQu1QDdGcoNsd/J57qbnICMw7muCPdIvFongrH2F/8APkpnfhctrWDVTPaOSsJSStpr3K1+2o7JhzdZNwal+zRS5YCMchRYzolDhhSpN485zsq4Z8R2SgcXgbGZZtcCMgqmqR8vchM/6XbKziJA3KrruPolxs0pEobjTGXst5QJYQR6KoppNNRjG26sLfUGeIOLst0jCiSxhlYdIwDugccDnLKHT4yMBQKjLXNOFKmlIkGRsg1IbgEFHEz2Hi/xOANyDh3KxDlufik7w68d8rCB2occLsV/7aR8U+pH/wDPyiNRIPoQ0WH6EcX6OAxv4wp+BpGyg4JeCpxI0gJ1YoagzHGwKI7uo0nKK3oKPYJ/bJXWYxyhS5yAFxuVkeW+RuOCTE0ZBwpg+kKJF2UtPguBc+xiIz6guIw5RsX0EHC6OVwcJ8Y3ypHsU1kKPpJ9EMapXABPccNyn2z+bUAY4WhIuiL3rBf0EIhhaMY23Cc4mSXA7bJrRpGM8ItOzOXYVnpK4qEcIkRNDY8qsvFUI6VwBGe6myShmAsze5yZnRZ2KuTwZ9ZPbDCKp0rnZcTyoMpOsqQ/bbKGzd2cLPN5OVF+2Ohacb7KUBtj0QmgAbBHUUccgt8jW7lSY243wo7PqCmNdhv0o28IXYKd5a0tBxlVk5yeVKqpc7BQSO+VmslkkItgScro5KQGCQue6yzY+CCgZOFdW62ujaJH7OduB6Ktt0LpqpuO3K1UURcMLNbZ6PSeJ0il/qSJFots1dO1jBtncr2WyUTaOkiZjGAFkeiLG9rGzyDylbxoAwBwFnzk9/oNN8cdzJZf4bdyqtrzPVebgFSJpdg0IVNFpfrPdaK1kbqLMcFjEAxox6J2rPJAQHEbYKZI8YAytcazDLVQgsMdNOI2k5HCrxM6V+ccFAq6w+N4XZSaJhJ1YTs7Fkqm9aiWIl/QRNp4mu1ec7n2Ut1SXAAqrgkOkDfZSIWmR+nK5eqll5PUaOarjhlvbYTJK2V2CArzxxEzIHCqaZ4gga3G4Qa6v8One7dY6NNLVWJR6E+Y8zp9BpXba8Dr1fhSQHDgC7gqk6etlT1BXOq5WFzA7AyoAbU3yuDYhiNuwB/zXqXTFoZRQM8NuCW+Y+697RpoaStRij8sfVX1Jf5XUSblmPouLJQR0jBE1uA0BXkOzgSEGCLZuG8KaxuMbcKTllniJSyEYMb4RRwuNGye04OVSFsIwEfmiN7rjXZbnhRrlcYLZCZpDufpYD5nO9kPZYerraehj8WofpHb3Poql4rLs8Vc7vDgd9LPxH7oNLT1t1mFfdnANaPJBjYDsf8AmVocNHlGwVpE7GNAY3DQNuF5f8TviJNEWdJ9OSOddqomMiMZxn0KuPid19T9J0UcEBMlwqRiGIb5HGSFB+FHw4qLYJupeppPHu1cA7D9/CByg4RphGNUflky3+G/w6pulqHxKoeJcZ/NUyu3cT6A+i9Bij0tAIAA4CdGMAahk9ynqsmadkrJbmMxhJJJDYWPzhAq6yKji8aV2G8ZXK2oipYTPO8NY0dzz7Klp45rvMKyqBZSg4iid/mVE8kJEQmuc7aiqB0M3jjPH3Ks9A7AD7BJsQYMhJ7g06eThQi5eEdOCMBYGW53P4hXeTpTo6UNo48suVyH/AP9Mf8Ai53UdlbevivdpOnOjJJqaywBxuN0ezZw40R78c916/Y+m7P0jbo7XZqcQ07ANLR2/wDlyoNxs/yA6Z6Yt/S1sitdsg8OBnGd3n3ce5V8xwxsN0EO1Lzn4k/FGazzM6R6SjbV324fymBo1CEH8TvZATsk/E/4lvsckXSPS1J/EOpq/aKJr/JTt7uk29+E74e/Dl/TLJ7zeqw196uZ8Sqq3jJJ9GnsPZR/hj8Pj0zDNdrxOau8XAiSpnfue/lHoN16C52G4JUKyhhJ04J4CjFxCK9wyTlRyeSoCOzqKa+oigGTufRBfUBmRhQKh2rzOOVCHKyokmecv8vYKLI8MAPK5M8O3zjCgTz6fUookDzVI9lXyzlyBVVeHYVdJWyZIjOEaygkiTVVQj5xn0VRWVhkGlMqp2QRGpqXkAfU5eT9Z/HGz2sOpbGPmqgcPAy39U+KNen0l2ol/po3t2udHbo/ma+fw4x3XlvVfxopaUyUtip9cg2Er/8AovKr/wBa9R9S1D5q+vlLXH6A7YKqijLh5jue5TD0Wm8Wqv8Ad7J946pvt9lL6+tkk1HOnVsPyUWOlMgGRn81Mtlmmr5xHC388L0Xpz4bNBbPd3NERH0kcojRK+rTLCRhbN01WXKUR0kBG+55Xo1n6AoraG1VwY2SXAOy0tNDQUAFPb6ZjcbAgDdSRRVNRg1cumLuMKHN1Gtdn4kWJ/mEcLBjGNlMp7fw+oZnPujsipYyGUzdTgpcVPI/DpmlrVDBKTfIOKCFoAZHwUdsb3jT6c+yTqmipRkHJVNdOo2xRvNNKGZ2ISpWJFRg7HhFrJPT0vmneG491SXPrN9JgWuNhcOXvGf0WCv3XlppdYq65zpAN2g5XnF5+IdbMww0L9Efb1SnadbSeKlbzJHpd66nY0vq7rWOc47huvb8gsNefiC+dhgtzHMHGolYeWqrq15kqJnvzvu4lGjpiW5dkJU7Nx26fG10cirK2pqpNdRI6Un1KCRWkAU7cfkiOkhiOXncdkjcpHeWAABZ5SydCtKPCEy3U7G+JXS5kduU/wDiEdONNIGjHfCjOZUVL9ZyUdtK1oBePyQNsJ49sDNU1dWQHznHoEyOlc45cdyprWUrMcApxglOPDjJBQSeAXNIZDSRfjaFIbABsxqLFTDAdMMHlEkqKemZrByQqTFyk5cI5FRyu/Dt3UmOjp4RrcAD3VZLeSW/Xpwq6a6l+WmU/qidm0FaeUuWaQ3Gkpdhuo8l+e8aKdhWcM8mC5oymCprXnBwwfZL+TIxaWHbLqS41hzrfpB91HfUscB482w7KvAqH/XISuGjeRqJP6oHNsJVRT4LE19EweUbhBffCz/szQMd1FbTkH6UQUxH4QqbbGpQ6Y518r3eUnYoZqq14yZeUUQAcMCIIQBgDCCSaLe2PSIZfUnmUpvhk8lTfA9kvl/dDyVuRE8E+i74J9FM+WJG6XyivDYXyEMQb/SiBhA4UsU/qniJo7KRiT5GV3hO/pS8M/0qzEbAMaUtDfRF8ZW8rdD/AES0O/pKs/BA/AuiNn9H7qbAXZgrfCPou+EfRWYjaBjQEtDQchgU+Mr5n+it8Fy74LlaCJoGMBIRtHAU2FfOVghcPwp3huH4VZaG+iRY09lNuCndnsrTESueC5WXhN9EvCZ6IXlAO0rvCf6rojeFYeA30SEIB4RfkT5CHhx5SGoHKnNgaB9Kd4A/pUUWXkh+PMMaTjCOyvqW/i/dPEGeWBIUmNyicWLltDNu1Q3Hf81IbeiMCVqifLn0TfBHorTwBKMH6LVlygk5cQUdkscwy1w39VSiI9khqB5O3uiTwKnD/lLd9O93AyFHkpXN5CZHcp42aTkgeqkxXGnkA8VpB7oc5ZHvj2Qnw52IUZ8OOGq+DqWZuYmob6Vo7BMSLVz9lCYn9guaXgK4NKOzQgup/YKSi5dBq5Mqi4g/SnB2TjCmvpgOwQvAKRyg/lQLOobJeGfRPMBHLUtBHZWpsvd7OLn08J6Si75AUuRuc8FTKK6VdI4aJXEDgEqKlkJ8ZOPQN0YzxlGqoetLjEAySXLfffC1Vu6toaprWTeR5G5zsvLG59UVkskZyxxC0V3yXZht0kJrhHtcNRFO0OjeHZ9CiryKi6guFE4FkpIHbK19m65hmwyrGl3qVojfns51uinHo2ZaSuM+oIVJcqOsYDHK3J91KAxvnKPemc+ytwfJ0cLo5ThskrF4HAd11JIcoiYEAiADGMDHukB3XVGslqTXRVXDpu1Vx1mHwpez49iqprepenXl0b/n6T+k7uAWr0O9Em90Dih0NRJflyZKoh6Z6laRPAKSqPJxpOVkb30Hc7aXVFMBPDyC3nC9Lr+n6Cvy/wAMRSf1sGDlVgPUVheQ8CtpT2xkgfZIcOTVVqZQ/F8Hkhj/AAuGCOyGGZ7r1S6WCydVR66FzaOuGXEacavbCwt56cudkl01kJ0k4DgNiglXg6VOqysS7KUAg7hEa3G5G6dpPIanpT4NfyCSSSUKbyPTxymYKI0bhRECM4Tk1nCcmIAenpierFzHjlEA7oYHdEHChR1IcpySgkKOF1JJQjWQo8KpYYKrcH6XHkFUdxtj6WUkDLfUcK4AOUZoEjdLgoSE5RZlHHBxnB9E9rxjBU+62UtzU02fdqpcvd5SNwgNkJqS4JLoWSDjKhTUvh5IUuOTSBnunuaJB91SWA1PDKgAjORwlqHqp01IOwUJ1O5p4zlUNVmRiSWMJKB7kJJJJQs+8w3w3B7Tgg5C1/Tl1+ZZ8vI7zMG26y7gm000tLO2aJxaWn15C/JMpbj9xWR3I9Mjk2AyCpMT8EEKltldHWwiVjuBuFZseNkrBinBpltSVZOxAU5smocKjjl8Nw2VpSztk8qXgU4knJXRkkJg5RQRygwJfQQcLq4PZOAz3RCZdhEkkkRQ9JJJQg5JJJQMSSSShB6SYkoQekkkoQSSSSgkekmJKAD0kkkIIkkklCCSSSREEkkkoQSSSShBJJJKEEkkkoQBURCRukjIOyoqqlmt8/jwg6SckDutGRlR5oRJsRlQJSwRqOrZOxr2n7hT2uWefFPQVBezdjjn7K1pamOZoc0/cKFvknjlFwHN3UdEHKgMlkRZIw5a4ALjsTM0uI32IRQWubumGJo3Y391Bb4KKopZ7TUGopgTC76mcgfZT6StiqmB8Z2P7KWXg5a5v5FVFXRPopTWUY/luOXsChC1VfcbLTXLd40vxgOA3R6SrZUMBB3UlWnhgyeDESvu1irPlq/z02dpQNsdld0tYX6XtIc07ghW1ZTwVcJpqmMOa8Y3HCyN2sd4sDTW2Quq4s+em1ZcR/hWqq1iJLca6krC0g7Hsd1iviT8KbZ1jDJc7c5lLXAZLi3PiH/EVZWC+Ut1iHhv0TNyJIXfUw9wQtDHPpYASuro9fPTzU4vkyXVbj4xvlkuFiuEluucDo5YyRuNiPUKtyY92n7L7B62+Hlj6+tppK6IR1UYLqecDdrv+i+X+tehb90NcX0N2pXCHURFPjyvHZfSPGeehfBRk+Tn3VOPRSQXHSQJTsp8NQJBthUcje6dBWPjOAV6qE8rJnby8M0Q8ORha9oIKBHHVULy6E+JEeWHlR6esB2cVOjmBGQOU+M8B/CprK7OSijuH0nwpByHbbqFJSVNK7LSceykVdGZyJIzoeON+Uw3CWna2KrjO2weOCtELucejLdolavuXP8AYizUdHc2GKuhaT/Vp3WNvnw2qTqntDfFbzgHGPyXoIbTVQ1MIB9kOQz0hy0kj1C306mUOjg67wGn1MHG2J4ZWUFdbJDHVwuYR6hAiqCTgAL2yuobbd4zHW07C4/i07rDXz4cT0+qptbg9h30rqV6mMliR88130xqdOnKr7ofr2ZIPBHb9VzxfUINVTVlDKWVUL2Ec5CRmYWjOQmJqXKPK26VR+1cS/TCJIXiM9V0SMPf9lDE6pR/INrKK2XsoxeAhCY5QgJMsQQe67gcqGycbZKO2cEBQmQp4QRq1IocClgKEfAhwundJJAUM39U9JI7qEzkWQkmYPqnqEawJJJJQoemJ6YoQS4QMZXUlCwZC4iEDlMIOUARxCc0O2O6KmKNZWGU/wCxOsnUNxsEhNJKTCTkxk7fkvUbB1JR3unZLC8B+MOYTuCvHyB+SLTVM9HIJaWV8bgeWnC5es0UZLMUey+nfrHVeIaqublD/wBD3lkzm4x2U+nrIj5XnBXmtg+INPIxlLdWlkg28QcH7rYicScDIXn79JKL5R978T56nV1K7TyTRoxJrw9m4UllQCBkLP0tdJTnGSWnsVZskbM0OY4fZc6ypxPY6XVxvhlE4FrzxhIZactOD7KKx+OTwjsft6rOayQKhv8AxQCfXC6WwytyxwGUAtDlGqGPYQY8gj0Ktfopkt0EgJJGyC5paNghRV8sflqM4Ulk0UrcscHZTYZ9ipJMiukczgLsc73HDsI0kYO4CjyR8BoT4TMdtSfQfxP8QT4p8HGkH7qAdTFwVGMgtT4T5yc6zTp+im6o+GXSvVIdI6lbSVD+ZImjc+pC8f6u+BnUVm11NqjFfT8jw/rx/wAq99ZUY3JKLHcXt8pAcPQ8LdXq5QZ5zyH01otfndFJnxnVW+opJnQVUT4nt2Ic3BCAMsPK+vL90n0v1QxzLjQMZK4bStADgvJuqfgTXUxdUdNVjqxoyfDkK6lOpjNfcfNfK/Reo0vND3L+3Z4+DnkhP16d2uVjcbJWWyZ1NdbfLDIzYkjb8lTzwygkwjI+60qe7lHi9RoLNPPbNEllbMTjOyksqQ8AEbqm8V0bsObuiifODumZTfBjlRLOGi1y08OC5keqgNqCTxlHZLlMyC4NEhJNbI0jld1BMFYHZKcwnKZnKSrItkuKU+uPzVlTV7Q0Mn37ZVIcggo0b1YEo4J1fZ4qlxnpnBriMkdiqGSN8bixwII5V9BVBgDUaeljq4tmtDvXG6CSCjJxMwNQdnOMK4oL3pjENSeOCodVQzUxy4ZHqorW4OeUPyY4GPbYuTXwhs7Q5pGMZXDFp5CztJc5acgDdvor2kuMFU3bloyQmxsyZpww+Dry+MjHPIWv6W+IVbaJGMrdU0P0kA8BZaaMHBxlC0+61KRitpjasM+h7J1VZrzGx1LVND+7HHBCvQ/I4XzJQXCqttS2opZC0t5HqvTel/ihrDae69ttSPKONqtFJcxR6m13siGUjgKtorhDWxNmgcHNcMjBUxr8jOEeV7Oc4NcMO15JGSjNPuoiIwnIGVbQPZMDj6ogceMqK13GSiBwxypkhKa886k8TnjChh5Cfr2wpwyZH3K22u/QCmu1LHUs7B4zhZaq6M6nsAa7o+u/iNI0ZFDWSAPb7NkxnH3K0oJBzqUuCqdGQ7KhEZK1dZ0VTN/DLjDNQXFuxp6hukn3B7haEVOPRSrrZem+qIRT3ygZMRnS/GHMPqCslW9FdW9OZqOmakXegaP+zTH+ZGP8JUIahsgcAUXxB6fusrYurqW5TOt09NLR1sYw+GYYd+Xqr9j84I/zU/yFJYJYJBzqRg7AxqCgCfJwieKp2KJer3C6CcqO05PKMz6Qo0QMOEkzISyFMkHpJmQlkKZIdyVwgHlLISJB7qiEaRoadk+GXOxXHMwUFzTyrayiE9rgQkcHuokcpPlwntcRvkpLWCHZ4GTRmOQAghZiuoJKWQtcNuQfVazUolfAKiMR535BTYSwGngw9yt0dwgMbhiQbsd3a7sn2G7yNxZ7mdNXCNvR7fUKyqaZ8Emhzceh9VUXi1GsArKV2isiH8t49R2TexqaksM0wOr2SLQ78lTdPXY3GkEdS4Nq4jpkZ3yO6uTyjFSW1lbdLXFcYw1x0ubu1w5BVEytnpJRQ1ww4bMeeHBa15yMEqpu9rjroC1zd27tcOQVBkJ54Ku60kd1oX0jwMkZYfRy86jY6mqX0s3lewkbrc0tbLSy/JV/lI2Y88H81U9aWsSQMulMwCSI+ctHI9Ut8m2meGkzOzsOdl5J1tYX2erNbGzMU7t8cAr1yORs8QeO4/dV97s0d7t0lHKBg7jbfK5uro3rg9L4XXPR6hc8M8ct1bPTyNcw7HkdloBK2dgJx6rN1EUlBVyUM7CyaBxa5vp6KxoqvBbnheZ1NOJYPsvjdbxh+w9VDg6gMZV/0pdcA0Mx3GwyVCDY6qDTp37H0VVqlpJy9hLXNOQsL+xnfU5VSUo9GyvNubNmVrQQRuF5r1FbTTP8aNulpO4916jaq+O6UDXHGoNwfus51HbNbZGaMgjITN3AzX6f+TXuR5w33Rm7Js0DoJXRuB2K72KOMzx0ouubQdjs7JlVGWt8Ro+6CyU6wFMOHR4JzkInyFCzcQoKt0Rx+i1VBWZij3HCyksGlwcBsFNt9WWOAcThJaSNmmvVctrPQLZVl2MkBXTg2pYPVZC31JDQVordWjADkqSyep018duJEK6W/Y4GVl6yB0b8EbhegzxtlbqxlZm9205MrW/khZn12mb++Bmk+Od0PCbI0sO45XcYAKtPDOJulCRo7fXNMbCTnbBV1HUNewbgrFUk5Y7SAr2hq+AeE/OUbqb30y0qMtYXsHCLR1pEQimcT6Iepro91FdseEqb2myNzg8xLQztdwUg4ZyCqttT5sZR46jIBQjVbuZaQSlh2VnTvEjcE4VHFKDj1KlR1BbjSrN9N+C5BB/FlEKgQzagFKZKO6Wbq7lIFIwEbBQtLw/YqzcMhRJYx6IUHJZeSRBOCxrCRsiaRjnOVVlxjcDlT4KgOaNlU1wFGfoHURBwJwoUM0lJN4sbsFpVq8NcDvnZVdVEWAyAfkkThngJzcHmJsKKaK7U7ZhgO07jPdSbRcH2+t+XlBDX8fdYu23GehmbLGdu7exC2kT6S+UglhIbI0cdwVitqOxo9S5/5PQLXctceC4EK4Y4PA35XmtjuzqSb5OtcWu4a7sVtaOrJwCeAuTbDDPUaS7dEuHMBHAKrZmVNtlNTRnyE5cxToZQ8blPkAI9VnawbU8k203qC4RgEhrxyCrFwBxlYqqpZaWT5ujJaRu5oVlab8J3CnqnaXdifVUGngu6uIEawPuqmqtTZT8xSYjmbvsPq+6uHPD2kFRJHugdrHqjJj2Zq505nj+bjYY6qnPmxtqCkU+LnQipj2nZ/eMOxwrerpmVLDPABqIw4Kif4tqq2Sub5HnBx6IxclkjSgHnbCqrjRR1TSyVoLSMbrVXC3RVsIraA/8AM0dlQVMZwWkYIRC7K8o8+Iq+l7q2SBxbBI7jOy9c6bvrbhSM8VwLiOQsHdqJlZAYX7HlrvRVXTt2rOnLj8tVOJhJGCeMJclwIjY6We3snLSMYKkxzawB6qloqhlTFHPG7LXtBG/qp0cxYRtlYra/0dKq3csktzDkOAwnxP1AApsMwlGCN0nxmM5Hf3WNxNSlkMGlpD2bEb5CmztZXUreA9vdQYXtxgp0MroJCM5aTwhwHklWmtc6Q00pw5mcZVyyQOGMrMVTJNZq4G7jcgFWdBVOqIhIdj3GUGGWWExPITY38ZK6DlufRRwcHlK2tkJ+R2UWoa2VhY4ZTmS5HCR3RwWGAY+vbJQVJwMAldqY/nKUhh+oZCur3RCppHFo87Nws9bqjWHwO2LV0KXhibllYMldKZzopISPM0kLzW+Ur6apEzRjfBXsV6pPDnMoHlfz91g+praHNeQ3YjK7GnnwcHXUZjuKmzVJp5GODsZK9esVZ83Qs1P1OYMFeGxvfFTmTUf5ZwvSOi7tiOImTIIAKfNcAaO/GInoUWQ7PZS9OyBEWOaHs7jKLr04HKys7sHlFL1PSGopA5rclu6zdDK5hwdiFuakCRp2ztwsHVtdT1zmkYBKoqXZq6Zwlp2HKNHlj2lp3yoNqf8A7vucqYOc8ok8PJclmJF6gptYE8Y3byvJfiva31NvNaGag1oI9ivYqpplhdHySsd1JahcbVVUJbh+kkfkux43Uuu1HkfqHQR1WlnB+0fNVPMdQBGFYMl8MNI3VbUQTUVVJBPGWPa9wIUqPdo3X0jTyU4KR+abofDZKt9p4PVelqky0YHphXtTgs/ZYLoy4SRvbE92QRjC3jQJm4ytJr09mYIZRSF5FM84Q6xoaMoJcYavPZqNO7xmbKGhzWCmqTpkAARKeU7AodY3zlBglDXAIGArsPBcxuA31BWtvqBq0k4wFQRu1AHUQpsEojIPKVZDKwdvx+rVUksmrilDmgZCI3PqqqkmJAVixwxucrn2VYPf6XVKUUwz+OVBrsOgfnndSpHAqBWZLMBZ1HBvdu9EC3EtjI9Cp7H5CgUbx52kYwUWN51hv+qvaxO7kmvw4YPC8+vMbae/hwPlkIIW81lrCSN1iurIWtLKlo0kP5QpmHX8wTXpl20h1M059VCkwH5HKdQvL6RmTnZAqThwRtZQquzKTJkb8jCBcGa4COUqV2dvRGnj1sx6pElh4N1c8oBaJQI/DGzm7I9UwCVrwO25VdSuLJ/Lt5irabDoskbpUluGqWSurDgNeBkd0GocfAyj1WTEB7qPI7VCRjjZStYYiyeGjx/4qM3bU45OF54yTbccr0v4qMzTNH+L/VeaMLQBkYwuvV0fHPqZZ10pCzl2Uan+lAHKPT/SmL80eeYYAas43RsnSEIcog+kJsBZ1yjyIr1GkOBhVaXEY/c7hc7YXHfUiR9kntjSRC3fdSRwo7DgcIzfMm44EzWRo5R4+Ag4wQjR8BGwPQZnZGYABlBZ2RQMjnCKCyKbwcmdnACsbNC0RmTG5KqzkuAAzlX9BGI6cN4PKYbdHFbtzCSPLXADupkBIiGyiOZrcPZSiRHBkDcIzrReOyDcp3RjU0cDZZaokc97nPdnfup92rJHuI1cnB+yqZXcYQTlhHOvt3zaAyc4T4m4AQ3jJAClRAENCzp5eTJPPocwYTkk1yb0ToNFjIyMoskg0YwhQDuSmVMm4wgnLIn8gUrtRJUY8oxIxygnlZLJ+jRDo4ljJCSJSxeLUMWW2e2OWaqqpTmoxLuyU2mPVo8zj3Wus1q+aqWtOdLME47+yrrXRN8JhA3XoPSdq8KLxnN3zklYnZuPoPidE44SNNbaVlLSxxsbpwOFJf8ASU1gJ2Slfp2xyigss9a4KmCBnLnj2RnEMAAQ2ODfMUj5yt9UMHmdfq054iG8TIySoFbWBvlByn1UjYmZLvyVLLUCR3cLoRiksnFuvcmS4AaqoBI45V9BEGBVdriaxoeW7kq1c8NaFmunng7fjo7IJsLrDdgrG3sLj4uNlTw5ll8P1Vw1/wAvFpxlc+dfyPB3JauEI8kuerbCMFyoausmqZCwHDScABcrq4yENaVoOlOnpKyUTzR7dvZep8bo4aWvK9nwb63+qf8AiNv8al/ZHj/sW/R/T0UUHilm+xJPOVu6On8PADcAKFb6VsBETW4AVvTswclb5yyfLbpbnlEqJo2GFKAGEBjXAjIUgcJPszj10AngJYPYKovfULLaG0FIfFuEx0siByG+7kIOCXdLzDaIWu8Px6iU4hp2nzSkc49hkZPuoNvt9RUz/wASvD9VS7fwvwRf8o7BMs9m+Vd/EK1rJLhI3zPx9Kt2h2dR5VFoKGfnlUXWfVlu6OsstzrnjVgtiZnGt3orSuudLaaSSurpmxQRNLnOccfkF5PZKGu+L3UZ6jrmaOnqRxfQwSD+/d/V7jA/yUbSNNEM/dLokfDbpG49SXb/ANpHWdPGKubzUlNjyRR/hwP1XsUceMHHKUMEbGBjGBoaMAY4RC1Lms9CbJb5ZHjhJNSQbWCOQKytgoYTUVDw1g7p9RUQUkL6mqfpij3cVQUMUvUdbJcKmJzKBpxBC7YnB+oomQPBTz397a2sJZStOYouC4jhx9lbtYGAAADHYIjYRG0NaMAbAIVTURUcRnndiNvJVMnfCH1E8NPC6SV+nHAXnbnX/wCMdzfZOmw6j6bjLYrhcdWfG58rODjY5PdCgN6+Nd4ks1mdJTdK0r/97rOX1Df6WcZ4Pfde20tJYeiLDHQ0UTKaCBoayJjcDPt6IZSwNSVa/uR7RZLN0jZ4bVbKdkEFO3S1rRjP/qiRuqKt7ppTpa76RjgKJRCorqj+I1JIi/Aw9/dZDrfrS6zXNnRvQsjX3OQF1TVg5jomerv8Xt2Qk75G/EP4gz0NU7o7otvz3UkuA5rOKZh5cT/opHw/+HNu6Pp5aqrk/iF1q8PmrJB59+yl9FfDy19IU75WvNVc6lxfV1km7pXHutVhoGc4KhTaOR5HfhdqHlgUerrmUzDq+o7Ad8qNE6eoGqQ88DKglsP4hcdk150j7rmzeVFrKloGMcKwgdTIAc5CgzTEj1Qqus39NlT1Fe9x0sOyKMchE2qrtJKqp6vXshSSukPmdufdU97vdv6fpTW3GdgjHocrRGOBkIObwi0leZcHIWF6v+KPTfSfiRVeuWoZxE04z+a8z6/+O1ZcpZbb04BBBuDK0Yd+S8gqKuprZXT1U75ZHHJc85JVHd0fit2J29Gm6s+JPUHV8p+aqHQwDiGN/kWScwvOCOUQNA7q4sfTdzvkhitsOt7efzTDtxlVo44isIqIqff6crcdKfDquvJirKgBlOeQ4crbdPdA2yw0jKq8mN9QMEtbyFo2iruErYqGER05G2ByiMOq1+7iBCorLY7A35ejhZNU48u2VMbQXOsx82GxMPb0UuKKltjtb4/Eqjtj0TXTV9af538uP7ozj22u15Y2KOhoyYaaISS45KK1s0pxUOAaeWpzGQwH+U3LvXCDPVaPNM78uEuVm0Sm30GkEFMQYW4I33KhVt5Jj0TyhgHP2WS6s+J9n6e/k+E+onGxja7Tj88FeNdQ/EjqC9ksMohYT/wxgpLuOvofF26rDawen9TfE+1WeV0EMhleB23XlnUXxJvF6kLKYtgYc50bErNEmoeXzSOcXcklEYbbS7jzuWeyzcz0un8ZVpf7s42K4VztUoJHqVIZS08ADpgMqPLcpfpp/KFEL5pTmeQkHlJdpu2L0WEtfSRf3Tcu9AhGpq6vYgtHbZBa6ihAeG6nojn1b8CnZyqcmW9qEY9JBmPPqiCeijADAcp8VuLhrqZs5/ZF8a10A3cHFBKWAXj+nkEHVTtqZmAfZSW0cgaHVMoIO+PRRHX4nUylhxlRHPuNQdTiWgoclKDfMi3Mltpzl3mdzyo03UMUQLacYP3UD5KR7h4rwB3KOykoohkEF33VvkNVwGyXatnOQNP5oJZVynU/v7qTpZnDGbD3RQUGAntXSIRp3v8Ar5+6I2lwchHHKIAMIewXLPQJsLQE7SE7A9UsD1UIzoYF3ASyFzWFfADy2LSM5T9ITDLjsmGXPZTKJhhsNXfJ6fuo5dnulq91T5JtYfDV0EBAMgHcpeKPUpeC8B/EHou+IPRAyEshWUGSTMhc1BQgTV7rodvygavddyVCEoZxuu4UYTZ2yu+IVPkAJGE/A9VE8Qp3iFT5CYJCSGJfUJeKPRRci8BFw8hM8X/D+67rd/R+6tcE6Dt4XELxSiCXfhC3kqUcjgDlEAOFwOGOE/UPRHDHsr2dBwnkAbgbpvin0RGyZPCZlFN8CDW9guNaUZpyASiN0qxe/AHwR6Log9lJDWroIPAQYBlPJH+X2+lAFOQeFZNDfRO0NI2aqA+Qrflx/Smmn322VkYQm/Lkbq9rCdmSu01EeDEMAKQ2slbgSnhSTBngYTHUmQjAyh8dTTybF+CntgbMPIoJpy0+VqLDJUwOHlwEWSMO+3SjgDCjuptGzmqfBXtwBKUYSU0gzz+SBQUiOe0p3wHbyob4P/lwruSnaRs3ZRX0x7NCr4v0WrCpdEW9kwghWRi9QhGnHohcGMVqK8tPGE0tcOynGPB+n903R7KYwFlETJB4Tw/HZP0BM0eyZgLA4HK6PZINISRJ4JhPsnUV2uFE4GKYkDsStfZuuT5Y6o+xysG0kZXSMo42OIm7T12Rxg9tt92pK9uYpBn0yp2CV4fS3KuonNdDUOAb7rY2H4gvi0xXButvGrutML89nCu0cofiehJKNb7rQXWPXSyjVjOMqY1mHYTlNMx2RdfaOtCcz6giAEN4XNXsi5YrA/YgbJafddSQlDCMppHbKKlglQtNrop6uzU87vGiHhSjcOZscqOZHOZ8pfKY1EfAkAyQr/w0pImvboc0EcYUaTGQtnF5yecX/oXEjquyzNmicNWn0WNlhlgkdFKwtc04IIXtQtJo3OkoJCATkxk7KmvnTdHecuEfy9SeSR5SVnsr/R0tPrMcSPK8YSHKsLraam0zmCpjLSDjPY+6hDHdL2s6ddisWUdaAeUQcppGO6WckIGuQ8hWcJy40YC6mIEenjlMTwO6gAQDuurg4XVCm8IcjIKMoLfYl0A5SA7p+xA2UId2wNl1q4nx91BXYduMYI2VHd7QW5qaZmR+IBXTXIjSOCoTc63lGFL8HgjCeyUjGyu73ZMtNVSjjdzQqLGkbndQ21yVkU0SfK8IUlO124QmPdGcEZClRyNO2UAXRAlpyzgKOriSNrhkNVfJTkk4HCgSk2R0l0tIOMLigw+/ZIte47KM9pbnIVrUUclK8sk/IqPLGHDGF+RT91hLDcDTVPhvOGu2W0gkBAwcheePiLTlowfXK1nTVeKiARSHzx7KC5wUjQAnGSj0dS5kmShg5HCE4Y4QNGOUEuy/bUah9PKI1xVRQVZJ8J54GxKso5GkIMGeccE2OY+iKDkZUUFGilDcAqGeSyHSXA4HgpE47KABEkklCCSSSUIOSSSUDEkkkoQSSSShB6SSSgkSSSSgMlkekmJKAD0kklCCSSSUIJJJJQgkkklCCSSSUIJJJJQgxLGUklCEaphEnlIyCqbW+hqC0bNzkLQuaHcqHWUTKhhwPMoGEpaoTMGN1KB1BZyKSaimDHZxx91bw1WoA9ioQmsJzypDcY3UVr/ZELsqCmsjpIfE3GyADglrgPQgqQHgbcpssLZgHZwfUKFFXVUZikNVSZB7t9Qj0dW2YAHYjkIrtUR0ncKLJTkv8WnOD6KwCfIwPA2UZzn07g5zdTfb0XaWqDh4cmxG2/ZSHMa8YyCjAM/fuj6K5Sm52yR1HW6QWzxDv2DgCMhZ2j6nr7LVx23q2P5dzhhtSdonH3J4K3rqSoi/mU8n/hPCjVFHZupKaW03emjke4bxvG2EyuzYyms9ipqlwcMDKdeLHaOqrXLZr1AJIJhsHDIDuxWIq7D1V8N3/MWDx7rZ3H+bROx4kI9Y8DzfbZajpnqqzdT0vzFrqxI5v95Gdns+4XX0mp2tNGS6nJ83fFb4PXnoGU19vdLcrM9x/wB5ccvh9A71/wBF5e0nPPC+/n09JW0ktDXU7J6edpbIxwyCF88/Fb+zu+hjn6j6Ag8QE65rcxuB7lnp/wAuPzXvvE+dx/p2nOtpxyeGxzOaQQeFZ0ddkgErPmUvcNv0RYpXN3XsYXKxZQlScDYx1LXtHG6c9jJW4e0Oz2IWbpLicgEnCuqetZI0J6bQyNil2cFK2FxdCSM9uyKybPklA+5RsGTfHCFJTeNgA4PqmxuaJOvPY2Sjjf54zgpNDmeVzcj3Q3CopnAOOW9ijMm1gHAKdXc1+TMFtCfEUQLt0/ar3FongYH+uFg758OKuHVJbY/Eb6L01zGO3aMJNdKz3C31ayUejz+u8Dp9TDFsFn9rs+eaimlpZXQzRlj2nBBHCaxoPGF7zcun7JemObW0jRIfxtGHfqsHfvhjcKcuntA8dnOAdwtkNZGb5PFeR+m7Ko5isowT3EbJp3CkVtBV0cphrIHxPbyHDCjadjjfK1qSmuDyt3jpQ524E1+DnI2TxO7P2UZ8UgOS3CYM4OytowS08odljHWHg4UmOZrhyqVpOcosc5/RUZ7K2XQcCuqthrM4BUxk7SMlVkDoeknZC6rIJJMSQFYHpZC4SOEwDHdQpIIkuZCWQoQ6kkkoUJcIGMrq4eFC0DPKS6Qc5XFAgQ2SPtwuJw3CGSByDkGrC0HT3W9fZniGrj+YpcYDQcOb7hUKY5me6xXaeNi5R0PHeV1firfl0s2n/wCTPa7Zerfd6RtXbpxLG8duQfQqwpamWnk1sOR3HsvB6OsrbdOKiiqHxPHdp5XpPS/W9FdSKK5EU1SANJ5bIf8ARcXU6F54R9t+m/ryrXNVXYhP/wBT0OGuhm/Fpd6FSRKWjGMrOl2QHN47Ed1Op68saI5skDgri3UqLwj6lovKKx7ZsuY5icZCeJBIeOFCjnjeAWuzlSWEN3KRtaOrCxT6CSQtfgkZUZ1FNT+akcMD8JPKk+IAdKcJdxtyqXBco7iBFc3Nd4dUwtIU4lr2hzSCE6WipKxpMzN/ZVslLW23Jhf4sedh3COLyImmHlxnGOFFkaTxsiQXCOof4T2hkmNxnlGdDpGcbJyZmeGQTracZwm+K4qUWA5BCB4XfCZGQiUUNM7hsVKiq9GARj3ChP1cEJheT2T1bgx2VKXolXSzWS/QGG4UkUufxYGoLy3qn4KR+ersUu3OjK9La52MZKPHUyRnc5C0w1MvRxtf4fS6yOLII+W730lcbdI6Ouo3N07ag1UE1CW58MjI9SvsCutlqusZiraRji7k43WB6k+Clsrmuns0hhmO+knYrZVq89niPI/RmPv0z/7nziKgxv0ysIUllQzT9S1nVPw86g6fJ+ftr3R9pGjOVjZ6MREgFzfY9ltr1KPDazw12nlixEltQDw5PbUk4VW6mkJzE8g/dCbLV07g2QE+4WjemjlT0Uk8Ivo6jWcYUhsodzhUkVewgHO6kMrgcFp4VZyzLPTyRakYSzhQ21bzgO3CO14IymJ/sU4P2HbI5pBzwp1NWvDh6HkKuXQSEQqcMovHPiqY9LgCCqyqt7G+ZmUoJzGQCcqxjlbK0DAQpZFJNFA+FzTgjCJTvdC4ObyrSeka85aFAlhdGdghf2vKDTUuyfS3J4eGz7tO2fRWTWmZuqEh49uyz2fVGp6yakeHwvLT7FNjY2BOuPcS1ILSQeQnRyebhNjr6OvIL/5Mx2P9JK7JTSN8ww4eoTlMROO7ho1HT/WVyskg8Ooc6Mn6S7IXrfTfW1qv7BFDKG1DW5c0nGfsvnjUc47qXQV01FM2aF+khPi8nPv0UbPxPqBr9Qyig5Xj3SvxKqaWYQ3V+uJwwD6L022X623NgfT1DST2ymqX7OJbp51zw0WwcRsCnNe4nCHnYH1SzlFgz8EgEEZyE/I9VDBOeUZpOkboWsFBs+6fqx3ULU71KJ4g9VeMEwStR9VIprjU0rgY3nb3UHJ9U4DAxnKrILROu9q6e6opw650bBOPpmj8sjT9xusvNZ7/ANLuM8Urrlbhzk/zIx/qrqR5bjAUilu+jEc7duM8/qrSyEU1rvFNdG66Z+oYzjv9lOE2+McJtx6boa6obcbPM6lrtyCHYid92gfuokU7y91PVRmKqadJadg8+o9lRCxiqM4yFMimbjGVUEOGCcjsntmex2+6vBeC41H1SyVAjqQQjh4IUwVgkZKWSgpKYLwGyUslcSVAiXHjbK6koWDPKa3Z2ERcPCAFrI8O9wkd1E31ZyUcPbjlXgoiV9L8xD5fqbuFSugcx2HHGOVo8gqFW0Ze7xIwmDM7Xkyd4t0tOf4tbgRK3nH4/urK13dlwpQ8DEjdnt9CpvhkAtcAR6KhuNDNQT/xCgB05zLEPxBEG/uRf6soZ3QLfcIrhFrjGMcj0UhMEtOLK262+GugMEsTXB3B7hUTIZ6Em214MsLhpY/GfL7rWSAbKLUwskbpexrs+oyqY6FrTPI7lSPslzkpXeaKRxMZ7YPCLHJvnC1fVvT5rqEOpwPEiOpp/wBFiIHvjHhy/UkTSZ06bN7MZ8TunAWt6mox9JDahoH4e7lgoKg4GF7y4RTxPhnia+N4LXMcMhwXjHUPT0/Tdx8J51U0xc6B/qM/SfcZC4Ot0zeZI+i/TfmN2NNZ36JVuuTIIwybfPdT7jRipibUQgbjP3Czkcgc3AGcK5s9e9rxTSuyw8Z7Lh218ZPpui1SkvisO2a4ut1TpeToJ49FrqmKOspxI0ZyA4LLXSgaB8xEPvhTelro4vdQTvyCPJk8eyRn0dmmyNc/jm+GZ7qqxmNxqY9hzwssDyF61eaFs8LmFucjC8yulufQ1Lo8bEqQfJyPLaLY91aIIaAchSY3kAAoGCOU4O0laFyeeX2MJO3vyorS5rttt1NB1Dj1USYaXDZDOIyXPJe2m4PePBkPHBWgoa0h4G2yw9PKY3AhXtDVh+ADukNejraLUtYjI3lJVCVoyQuVtI2obozjPdUdDVkYGSMK9gqBI0BL2noK7N62mPvFA6nlw1uR6qr1ey3lyo21MRYGjJ7rF3GilpJCx7cY7+qvBy9VpvjbkiOJNBBHZT6OsOpVQGTyjtd4WHYymLgwqzBrKOp8VoyUWUAt5yqChrS04yrmmmEoz6qfnybK7N3YB5LHcZR45sAAhEmgDiCG/mo74yO37qsYNKeCdDMSQpjZeDt+qp43EEf9VLa8kIDTCwtqerIwNvsrCGYPxvys8xxzspkFTpIyobKrtvZoozluc5Qp484IQKSqBCmCQSD0QHQrsU0Vk8RyDjhdieWYbhS5ox6cqGYy05VN+ipcdExkpeNyuVEIc3HZRWvDSMlTWTgjGEElwXuyVs0PhkY2U20XF9HK1zH433GU2ri1jDfTKrCHQu3WeUcjarJUzUonoEnhXanEsRAlYM7cq66UvEjyaOqfl7NhnnC86tV5lpSDnOFomkVeK2ik0uO5aDggrBdRufB6LSazdicGeqxTOGPdTIpA8AZWS6bvrq+L5So/vohjPqFoWO0FpwubbVKEsNHpNPqI2xyic+MEKsuFC15bJGNDxuCFYxyamgrr4w8jIys5rTyCtN5cWCmq3edp05KtpGiaPbf0VDcbeZW+LCNL274HdEtV1ewinqjg8AlUEpYLGKR0L9Odj2QLjSishMeQHcgqVMGu8zQoz3atuEYSaKu1109rqDFMDoOxzwp91tUNbEayjxvuQOyHVUwf5gMlOtNeInPpZePdGXOCaMdcKd0Eml4I9Fnb3bnVcOuIgPZx7r1u7WWmuNOQGgP5BA7rz27UNRQSmORh2/dW3u4OdqINrCBdDdXSt02ipb/MZsC47EL0ZlRqA2XjN0pTGW19JlkrDnyrcdGdRPuNKGVDwZYxj3KXOvciqb9qUWbmmnLMKxL454gQd+4VLFUZ2IUmGXusM68M6VdmUTMujPsiNk174QfED/uuRv8ADPGcpLiaFLJOY/IA4yo/jPoKsaPoedx2SY4O3BRHsjqGFj279igcQy7Y7U0H1GUyUaRnlVVorZNb6Kdxyz6SfRW5Iwl7QwccpzghSQQ4fdQnOwSnxT74IQpMAK9uRg7grFXWJ9rufiAeR5ytm9wdjBwqm/28VtC7SPOzzAp1U8MBrJU10TKujLmjluVh7xCHxSBw4atlaajUw08nLexVN1FRhkvisbhjuV19PYYNTXvrZ5PJA4RyU2MF5KtOjK1za1tE5+N8fZdrYGx3AuPHoqWB0tou/iF2MvyCuglvR57mqxM97oaiRrGsJzgKx1lzRkcrOWKtFXSQ1DXZJABWgjlBAwEiccM9DprPkjlBFlOpqR0T/GYzPda0HKq7zEaimIa36dylj28FTZ6troGgHcq3jfkLJ2+XwKgx/h1bLTQTl2AQoRSySycqmuoEc2oN+obq4BB7qFcIBNHpHJWvTz2STOdrq99bPmn4nW59Ff8AxnANZPlzcBZ6jkxsQvUfi3ZW1Fs8Ys/nQv2I5C8ippnx4ZJuQvoviNR81WD82fVuheh8hJpflyauw1boq5mCAML0+hl8ZgIPZeNUVSWua4D816j09UmWkBO+AF2zz1FmHtLGujLS547YTadzZYQXHBRpSJI3MI5VXC8wymJ5xvhQ1Tk0Kuj3OB2VWHGNwKu6pnlGVS1bC12rCgndzknU0peBk4UuN5BG4VNQVWpm6miYtI7oDXVfg0NBUbtBVvG/LRuslSVRD2q/pJdQG/IWa2OT2viNY5RwyyBJzkoUgBGCusOUOUZGMrO4I9NC3grafLZn7bak4vxWjA8q42TNSYsY7rk4xIXeqpxWA088k0yBzDhZfrCPVb9Ybu14Kvo5OMquv8YmoHx4yeUjbyI1PMGQLFUNqKPLewTqxvmUHpeZgjfCdiSQFZ1rcY3RrCMVL+xEenk0SDJ2OynghyrWuy4eymM+jlIshl7jXXPHBDmAiqHaeAcq0a4S0wIPuqqsJc7IG6PQTamGMn3SHwaap/dtOyN8pBUN3Dh3U0uOsghRC3+dIrh2DdJI8t+KIzTt+68p7heufFGM/Lj7/wCq8oLM43XSreEfI/qmG3Wf5RxucZKPB9CCDk7osH0I4SzNZPNYyGj5Uhyjx8o7+FogLGSkeqhy8osjiCgyDCp4awNhga1Fh5KE1Fh5KUkWS2cLq43hdTEKksnRypLeFHxghSGfSETWRMnjgJjKf2KUeMjIXJAD7JyeAPYWkj1zjbIV63ytAGwVZaw3Ogt4VlwQrOlRHCDRjg4Q7hUeHEQMDPujxAAbqlvNSHnTnYHhW3g1XSUIFNWOL5C48FRScjdHmOST7KK7lZ5vJy+3k4xuXDA23UsN8oCHE3uQiE5UislHE4NOQuDlGjZncjhG+gZPCO/S3ZRJjlSZcYKhOOSs1ktoERhccnJQsZCeN+VxY5y3DkOxnZX3TtCJJi+SPI2wqSBnizNj9V6BZKDw6VoLRq23WTUz/pPVeE0iskrJF1Zbcamojjazb2XpFPTspadsQaNhkqk6Yt7IGiV7RkNV8XapBpWHfzg+keO06jDIWnGwlI/JDkwT+aJIQ1gA22QOcjK26eLlLIXlb40U89nH743XNQa0lN08nKj102huPVdiEMHhp2Z5IVzqydIAzyo9vjE02XjIBQZ3eLIABklXdupGRMGBudyislhF6aqNtickTImhgACI7U7bK7jAARIGl0jQBsVjk8s7yW1YRJoGNjOtzc5/ZButx1EQxHYclPrKmKhhyRu7YDuo1qpDX1BMg3PAXU0GmjP/AFJng/rD6iWhqelqeJtE2wWWputSxxYSwEduV6rbKBlvp2wjGrvhV3TdsFtpmuewayNvZX0RL98LtN/o+F3Xux5fYekaDKMq5hiAwccquo4iHhxCsowcDdJsb9GWUiQG7DsnJre6p7pdJppP4ZbCPFdu+T+gIABt4v8ANHN8havNUO2LsbM912zWGGiL6ypHjVUx1vlfu7KdbrdDSHW8eJKd3PPJKtW5PZQpDgMlOe8NaDhOaNONuV5v1j1BX9VXc9AdKPzI8EVtQPpjbtsD+qnSCik+yDdTXfFnqcdP2+Z0HT1veW1szXZFQ7+jbtxtlerW600dopY6GhhbHTwjEbGjAaFB6b6ct3StpgtFtjDWQ8nGC4+p91cDA2ykSk5MZdNywo9Dwcd0sj1Q8n1SGSeVeWKCrhcG7kp4ZgZ9Vj66on6zujrPbfLZ6V+mtqe1R6xs/Tc+/wCp4CSHMlm61rgYQ6Oz08gJcT/2hw9PVq2EYYwANb5RwEGlpoaOBlNTsDI4wGtAT3O0hD0XjdwOknA2xheaEXr4w3xthtL30/TschbW1A2EwH4W+3OT3UisrLj8S72zpTpxzobdG4ivrWnZw28jfbn7r2Kx2a0dG2VlDQQiCkgHHfKrstPZyuxluprR0TYo6CnjbFDTt0taBguKq6eCqv1WLlcQ7wgf5EHr7ldcypvtX87VD/d2H+Wwnb7lUl6vtde609LdLymLw8sr6tvFMdvKPcYKWX3yB6q6pudxqX9JdFhr6sN01dSPopB3H3Vv0b0bbelKIw0cR1ynVJI85e93qSj2Lp+3WKjZR0kZ0tOp2Ty88lWoOBuoUwpw0EqtrK0wscIhrlzgNz3Tbvdm0rWwxtL55NmMHdMoaEtxUVQ1Skfoq6EtsHT0sr3tlrxqlA49FOAZE3t+qc7B3zuodTKGQul7NVfkUNq5cbg7AKgrbnyMAodxvOuMxwO+rlUclQ5zsb5KaoZGxWSZNWmXsoROSSTkeyrr11FbOnqJ1dcpQyNvqvAOvfjVcOoY5bdYdVHTEnLm8uT4145Nun0U9RJKJ6X1z8aLF00x9HbGtrqvuAfpXzr1T1lf+qqgz3OpyOzRtgKse8uxnkJhbq5R9cHqdNoqaK+V937Awx5GUeKHW7GcevsrSwdM3C/1IpqCMuLSNRxsAV7P0z0PZumKP5utZFJVY3yM4UwDdq4VRwuzE9I/CyprHMrLwBHTO30uGCQvR4IbXYQKKzsaGt747ok1XPcsUtGCxg5ONgEemt9PQnxGjW734yrOLbqZ2dg4KGOon+cuUukYyAU+aoqJWupaIiKHs7Tv+SJK1tRIHzDJHA7BdxpGGjhE3gz7svAOKHT/AHjtR7kncokjgMHOAqu83yhtMYlrJNI7DPK8i61+L3izPpbVI8MGwwUt3ejXp9FbqZpQR6T1D19ZLICx9WBK0btwvG+qvijd7rM9lFK6KPcavVYytudTcpDNUTOeTvucqG6fRwMrJbflnqdJ4iuiW58hDLNOf5rwfyTHODffPugOn1eyZknkpDtydiKS4QYy7kjZMy3OcBD3J5TgzKBybCksCLtsAJzYppjjOyc2PSMlJ0oPlAwhBCRxwQ4dLgldfXaW4h2Q2wmTd3CJikgPmByEZTSfLAOdX1DstccJwo4ycz7n7ogrW8U+wTRqkdk/mgRcZNcRH+FBCP5bcEIYnlk2cdkXwwRg8fdPAgjILW7qFyk/YNrJMY33905sB5T/AB2f0pjpAQRhTkWEAY0YyP1XS5vqP1UUjvlN1D+pVwQll6aagn8KBraAd1w1OMnAUfAUlgP4zs/TslqJHOFGE5P4Ug9542QbiyUNR7/sljI+pRtcx/4myWhx5KtvBWCUXNxygl7c8ofhEgnUmeFvguQN4LxgNr/xBLUP6gh+CRyUvA91ReR2s+qWs+qXg+pS8H3V8FbR2r3S1e654Z7J4jIOUDeAAmo+qbqk9F1oxgIgAwqIN8ydgpwAynjThQCUsAS0kpwGBhEwU8R5UBApI/g5/F+yQgJ7/soUDAycBdaMHJUnwCeyKIW84RgOxIjhpxwnYCOI8bYTWsfndQH5GMwUsFSQwY4XRH3woR2ZI+Cn4KPoHon6B6KwckYA5RmnAT/D9GpwZjspkCU8HV0E5XMFLBRAhQ4kBFZJo2xlBaCiYKgElkK091IYxuO2fuoieyU6kQD4Jen2S0ey4yThHaQMFMi00LcwPheiRhJGMqcIm44XfBB/D+6vAG5laabJzpTHUrsHJAVr4Df6P3XPAHooV8xSOpnA4yEhFIzcOCuPAB/CFw07TwAFMYL+Ur4a2WPyyDW33UlkkUu4PKbJSB+4ACCInxEFqJPBaaZLdSNeMhRpqIt7J8VY5hAlOfRTGVMbgMhFhSI3gpZoXsP0IOnkEYWjfTMkHACg1Fvxu0YS51/oNWFMY8nhc8Meimuh58n7oBjOUO0creCNgJhBypWgofhFQLKAYKcieGfRNa054ULOAEdl1pKNpBaMt4903w/dRMmCVQ3KroX+JTTOaR6HC3HT3X2S2G6DOMAOHK8+a3T3XTtv6JsLHFma3SxsXR79S1lJXQtlpZBIDvsU/C8ZsfUlxtj/AOTK4t9CV6PaOsrfcmsY9wZJgBwz3WxXcHH1GksqeUjQ/kkuBwOCO/C63lF2Y8M6B3TwBhIDuuq0ijhATCDlETiBhXggDJQSATkjKlEeiZgpfQXZWXG20lxi8KrgZI0juOF5n1H0zUWeoc+NpfTuOWu9PYr1x7NSC+jiqWFk0bXsPIcMqnFD6tROp8HiIOeN0tBWr6o6Plt73V1A0vgJy5gG7f8A0WbLQ4AYSZQz0dem9WwyhjBjKfgroGO6fgeiHGBm/nA0co4HdAHKOOFCZ4yE2xgJAZSAynKCpSyMRhygow5UIggHddXBwuqFMekkkijHIMpbRA4RA4gnZcyPRPJyi2ASe4RJcNJKortaTDmppmau7mjlXwGO6I0BwId35UawXXOVcsxMOdL25bz6IHiSRuyRt6K5vVplt8jqmJuuF5J2H0qAWMqWDw8IMHQjJNJsbHVkjCIA2UZ2BUCQOgkw5uFIil0hpBzn3VBNY5XRyan3yGqOYyDjCsw9sjdwo0rASoRPJ+g7JXVOaerAyR5T3BUSamfG/wANw+xV9drRqBfDs9u6gU0zJQaWrGHjYOX5DawfuyMtxUy02wJHKk2dwpqrcfUMD7o9TTGJ2kjIPBQoR4ZDtO6pLJcujWUlSJXCB2BL6KVIwtGCN1VNjlfTCrib/NbtlSaSvFSBG938wbae6AyyjlnXvMbwQFa0NTrIa47lV74y7tugsMkMzXDgKAzjuNQzcbkJ5yMKtp6wPxjZT2uDhnKAxzg0SWPOkA7ooOVGBwnskGcFQU1kkpLjXagkTjsoLOp6YnqEEnJqcoWhJJJKBCSSSUAlLaJPTE9QASSSShGJJJJQWx6SSShQkkklCCSSSUIJJJJQgkkklCCSSSUIJJJJQgxJJJQhW3GjdJl8Y3ChUlQ6J3gzbemVoWgHJIzhUt1oXPb4zOQc7KFp5J0UhGApLXghU9FXMcGxS+V7dt+6sXPDgCP0UCJCOw429FEY/fGFIZJkcKCmsjpIRK3HdVz3SUkuiQHHYq0aQuSRMlbpe0EfZQArZWte0TR7Ec4RoZT5SUN8clM4tc3MXqlHI0nI4VkLGN5LRnuo9dRR1JBwGPHD27OH5pRPxjZSQQ4ZCtPHJCBDWzwP+VrXFzRs15/1WZ6k+G1JX1Rv3TVY60XXGRUwDZ5HHiNBGsfntkrYSQse3DwHD3CA1z6J+tri6M8s5P5LRXa0LayYWwfEWqoq8dO/ECn/AIZcgSyOfmnqCOXNdtjOR+69GhdsO+VU37p/p3rG3PoLrTCoiePpIC8+/wDrx+EjGkCo6i6aa8NkDW/71Rx+uoDzN3/+YuhptVJP7jNbSnyhfF34EWnrRjrzYi23XZudb258Oo9PE5Of8W6+Vr1Zrx01cZbVeaJ1NUROLXNd3x3HsvuiwdV2HqilFZYLpHVwDGtuf5kZPZw7Km+Ifw96d+INq/h14psPbkxTsA1Rn1C9n4vzk6Wozf2nKvjteD4jEpG7VJp7k+PAI9Vb9f8Awx6q+G9ZivpzU2p7i2OuaCAD2Dh/6rLGQMBJXv8ATauGogpwfBkbcXlGwtl9ge0Rz5yO6uA5rgHMIcDvsV55DWRxPD5NmDkrQ265OBBjIc0bEH0T3yOq1CfEjROaHNIIzn1UCWmLDriJBHbKOyuieMtT9erGN0UZuLGNKXKI8cupuTz6IkdUxuzxhKen8U6ozpcP3QGHB0vGHBOVjkRwXsm+HFN52PAz7oT5aildnBLfUIY242Roah7dnDITIz28mW7SQu4INwtdlv0Xh11LGXEY1adwsVevhS4NdPZaxr3f908Y/Qr0Z1PT1HmA0O9QEJ0NRT5IGtvqFtq1clwjia/wVV0MTieCXKz3G2udFW0skZb3I2P5qocQHYxwvoepbRXFpgrqZkjTyHN3WVvnwztFaHSWzVA87gE7LoVaqP8AUeL130tPGKH/ANGeQHYZQ/FzsQtNeeiLzaS4uhMjB+IDOyy8jXxvMcjC0jsVp+SM+jyGs8XdpZYtQ5spa7IUtlVgDj9VWk90zxcbboZLBy5UZ4L2KvzgE5ypbKgPxjusy2pLd99lPpa+J2ATuoZ5UtF4DlI8KHFVx7BSWzBwBHdU3gW4tCJOVxOXcFXkgzJXQTlcXQDlQg8cLq4OF1QESSS4eFChHCGeV05XFAxJJJKEB5zyFzHoipYKpxTKwDbGPVDfHvspCa5uruh2L2Xlp5RddPdZ11nf4VW59TTYxhxyW/ZelWy8W68QMnoalr9QzpzuPYrxYtJRrfcKu1ziejeWkHgHC5Gt8fGct0D3v059bXeNap1X3Q/8z3aN7mZLThSoK6U+WQ5C87s/XlPUSNgr36Zu+CtVT1zZRlhBzxuuFfpJQfKPuPiPqGnW1q3TvKNNHL4g1ZyjtOPyWaZWyMdkHCsKa5ZAbK5Y3Tjk9TRroTXJexy4xuE8yZ5VdDOHgEEognxvklDt9Gz7Z8j6u30lV5nR6X/1t2KrZKiotr9NQ4vhH4sZwFZtqAeUnmN7fO0Ee6tcGe6uKXBGinhqRrp5GvB7Dn9F0s7FVNzt1TSl1XbHljhuWt2yoVN1Ru2mujPCm4zxlMizm22Kt4ZfvibjjP5qK+HTuESOojeMscSCnh4cCMIwFNT5REc9zTgtSLw7GkqUGNJ45XJIAW5ACPIuSXYCN784BUuKaUHzOBHooLo52HMbV3x5I/qbkpkJ44B2JrBbNnJ3Izj1WS6j+FfSHUxfLLbxS1L/APixDAJ9wr6nrYZNs6T6FTY377J3zOHRjv8AH06mO21ZR8+dU/ATqe3F81gbHXRjcNL9Bx+hXmd0oLrZpjBcrc+Mt2ORn/5q+2GSahwoV3tFuvEbaa50cVRCM+V7c8+h7J9Wrl/UeP8AIfSFVkt9Dwz4m8OmqN2HQ8phglZsN/zX0d1X/Z76duYfWWOV9A87kAah/ovJ+ovg71z02w1EFP8APwA7Oj2OPtut9eqjLs8br/pvVafL2tpGJirJYnaX5I91LZWascBRpnOp3mC7UslNIDjzNwV3wI3ND4pGub2OU+NyfR5i7R7Cygry04fuFNbPHK3ZwWdeKin33x6okVW7I9UzejBZpsGha4nfVnC7FVSNdsdlUx15YMEE+qnRVcL2gh2D6FWpmWVTXBdQVWRh4BXXwtk3BAVa2YAZaeAj01wGcOzsiXIlwaOz07mfSP3Uf7hWw0zN4HChz0biC5hAx2ROP6Ipc8kZpxuN8KfS3WSNgjezUB6lQAHN+oJokAyqUmFKCki9ZJTVLC6HyyAeZp7phD49yFUtmLXbZCnwXIgBkw1t9+ydG7Alw2kuOfJ0lW1tvtdbpGvpqhwx2yqcGlkw5r8ZRHUgmb/KmOR2T42ZMl+nVvZ7D0v8TIZw2nuuoYwA5b+ir6WujElNO2QH0K+W2T1dGfOCQ39Vp+nPiBUW+UNErm78ZTzkX+PzzA+hkQfSVlLD1vb7vGyMuDZcbknYrR+LqGRx6hHuRzbanU8MKeUg4g5Q8hJTIkkCfA+ldE+fwoKR2V4RCQXB4BwhtIOcJrZcduVwPz2VxeCDw4tGGuOCh3EC5QCOYkSR7xSD6mu7fdOyEshEWVdDeZ6SQW69tDHnaKbHkePv2crh7ANv9VFrKKmuFO6mqma2O7enuPQrOvN26Td4mmevtud258SeMevu0KB8SWPZqAS05zwjRVJ4IUCiuVFeKZlVb5g9jm5x3HsUUjHdLYt8PDLOOoB5wiGTAyqnWYyMKSyo2GVCZZN1+y7rygtkBCcDnsryTIblFUfITshRrJfZ1JcyF1QsYR3QsuRchcOOyjRTGAnKKTlvKEeVzJ9VWcAMDPADlwaoUkYwQRsVbjGMEKLPEMbNR9lwkZaoop7dOayizpO74xwrCmrGVEQkj78j0KnuYA4ghVlTQy08xqaIbHdzOxRhykpEoHKEcO2IXIJmTNy078EdwURUkU2A0jfO+dlgOr7BLSTmvpow6N27gOy38pIxhRquCOqiMUrQWkYVdmiizZLJ5NHLsB3Vd1J09S9R240suBKw64nnsfT81e9Q2t1oq9TW/wAuQ+U9lBimDgsttKsWDrUXzrmrKnho8SayajqJKadpD4nFrgfVSI5XE6m7Ebrddc9NGvY25W+JvzMYPiNG3iD/AKrBQu/Cdl5/V6X43hH1jwPkf51ClJ/euzSWi6RTN+WqsbjG6rbnSVNmqhUREmMnU1wURvkIeFoaGeO60hoaoB2B5T3C4lsHGWUe1ok9bD4ov70uC3s1yp75SANIErWgOaTvn1VL1FY3yh2G+b7cqqttXL0/efDfnSXaT7hbaZ7K6IVUBDm43HdDXI6GmueqqdFv+5HhnkVVE+lk8ORuChZ9lqOpLX4r3PYMY8wKzT4nRjdqemeX1Wndc2FgcBsU6ohDmaxvhRgSSpUL9TNJRGdT9MgElpUukqXQyB/IUesjcx4djbCYw4CXKOexkLPjluNjRT+IwSBw3V7b6nJAOFhrbXlmIXcLR0dU1p9UMo4O9otWreUatumRnIVTfKJlRDgjBadijUtVkAKYA2fGUJ1LEroYMBU0rqZ+Duh52Wkvtrd53Rt2Wa0luxVM4l1PxSCxOLCCFa2+twcFUw7okUpDs4VrgXXPazYU8gqGjjKUkP8Ah/dVdsrNGNRV5HJHK0bcd1beTo1zUyEY9G4CTZcbYUqWIf04/NRHMc050/uoaUsB2v8AZFjkIIUQPIOCERj8FVgtWclvTTkYKsoajICo4JwcDClxTcFLN9NpauOrGEGU42Shl2wU2V2EBpcsgXsIORuuxT4OCFxrgc7qM7lR8i3ZtZbQyNeMEhR66lGnWCosMzmHCmRztmaGk4S5xwaK7N3DKtxfG7HCtbRdJ6Vwwc4/dCqbdr3A/dQsSQnGFnlDcPjKVEt0ejfR1gDI7hRPw8fVg4/IraWDqCK5wiORwErRuPVeMW66y08gIdlh2LSr+hvYilbPTO0nPAWK+hyO3otfGGJpnszZdOBhS4ZWntlZqxXmK5UzcvHitG4VrFLocMrlzqcWetp1EZxUostDgjAVZcqAlniMG4325CmxvDgN+UVzSVnawaM5XBW265ucBTVJ8w4JU5/YjdV9fQE5mhGHDfAQ7VdRr+WqtnDZrirTCj/cs2u1nB2VdU07opdfZ24IVg9ul3iNOQfRE0xVEJikAz2KYOyhttuLhiGdwPYFPvFnp7pTnYasbFUrxLST6JAcZ8pVxQVwe0Rvd9ioZ7Yp9Hml4tk9umMMzfLnbblZttTU2et8SB5Dc6hj0Xst8tUFyidloJwvNbvZ5KOZ0VRHlv4XY2IRHMtqafBt+n7z/EKJkxILgN8K9hnDgOF5BZLpUWevEbXnwicaSV6VbbhFUxiaN2dtxnhKlWmaKLuNrL4TloBO49UZrw8Z2Ve2USx4GyLA/QRk7LM6zpQn+yayXDtJIUyKTODhVcrHF4lZuPRSqaXIAwkSWB6eQ1Y0t/3qMeZvorKjrfGjBcd1D+tmn1USMvpKnLyS08YSnEM0B3BHsgBhB5T45Q7BA5XTwgwQYHnI34RG4LcHBCiknKdrx3KGK5KfRl7zSuttx8ZgxG852TbnE2so9bRnbK0F7oxWUZAHnYMhZ63yZa6mk7bLo0SaESWeDze+02JPEYMEcqnq4GVlOH4/mMGMrZ9XWx0L3PY3yuysTE50L3MJ77+4XVqllYPMayG2bNl0Hd9cXycrsluy9EgeDGCF4hZKx1ruwfnDJCvYLVVtnhaQdnBFJZNfj78LYXDOEOXGdxkJ7DgJknKzs66eUYy+U38PqzK0eV5BHturigk8VgO2cArt/o/m6cnHbA9iqaw1j2ONPK7zM8pVAP7WaMPcDjK5KSQCUNpyUZ+HMABTIg2JSWDFdd2uOuo3RkEZGSV84XKEUtzmpwclhIX1deaB1bSuDAC4D9V85deWc0V0dUtjwHEhwHrlew8DqcPaz47/AOInj5SqjdH0ympDhozyt30ZcMnwXv42IXnsD8EBXfT1Y+nrmOBw08r2tdmT44pbZHrIIJVfcmiN7Jw3I7qQJcta5p5C5PGKiBzCN8ZCdJfo253LIxx8UB4IILdsKtr4sjA2yn22pLXvpZdtPCNWM1tyBnKWLfRQRSCGbw3bbq2DstBwqe5RGOQP/dWEE4nga5vBCvBUZYZJZNh4V/bqguDeFlJzpcMHdXlpnA8PKz2LJ6XxWr2ywaWOQ4GyITlQ2vCKDrPPBWZxwezrv3IhOAFwTavOdlyXavH2T5xkA4ygfRrhasA4nnACHcvPC8nvsuxPa7IGyVYMw4B7pTQFstyMnZH+DXyw4+lxwFf1jsx59FnoAYb8442cVoKp2qP80EG8mSPBCiIe0OOAVLZgjAOwVbu06QVOozkIrF9uBtcuQVQ3CbQyZlIx2R6tuw3UAHw3jBKxSi2aFPa0y1wM57qC4+c/dHY8luSeVHn2OoFSLw8l2S3GB+KMI+UDsbLxhx3XuXxIhMtkklA3zheHOYQSF0aZZPmH1dHGqjL9oc5GpvpQkWn2ajXDyeWzgIOUcfQUAco//DWmMsoEju7oJbvyju7oJ5SW30RA2o8XJQGqQzlWl+wkSmjI5XF1vASPKa1gB9HTyFIZ9IUc8hSGfSFZlsCtT9OtwAO6YO6LRR66gd06JdazLBaUkbGMAa3B7lS2Ny7lC06cY7KRTtz3RHVgtvQUkMbuVl7pIHSHHqtFWva1vKytWQZXZd3VPoTqrG+CLL3QGHzFPfykzlZZdmVSwGwABhJFHCWAmp4LbyNHKMDhu+yYAc5XZCC0Y7KpPgVLsDIfqyohO+6M8nJ3Ud3Kx2yyHFcHI+6Ttz9l0jC7EwyHS3krHOWEadPW7Z7UXXTdvNTUCdzfKDsvT7DbvExI4YYwg/dZPpu2FscUbWnJwvTrbTCkpQ3T7lczUT9n0jw+j+KEUToAIW4ZsFY00X8sSkblVtOfHnbHjCtXP8NoZhJqg7GexqagsgqgkEAFCBBC686slBLtOTld7TV7Y8nlvMaj5ZMfLIGDKz9fWGZ5aHZAPKsK2qaAQs5EXSyFoB5K2KWEecivkeC1tkD5Z9ThkBaWJmhgUG1UhjhaXDdWJ25SpSTZ1tNV8UeR+M7KXTMZHEC7GRndRByoN0rHtaKeGTSSMlNoo+WRk8x5WPjtM5t8iklfdbj4bG5Yw6QF6L0rYoomCeSPjufVZrouyucBPIzJfvleoW+mbBAGBowF2ktiwuj89+V19nkLnba8scBnthWNDGS4EhRo4cu23VpTR+G0bJhx5NokMjDWgjZSIoyQchNhjzvhVV/v8dEz+GUhLqyUeXTvp+6jWRb5HXS6yeJ/D6HzSu2c4fhCLbqRlK3Dd5HfU88lQ7XQ/LR+JN56mQZkf6lXMELmjLmqECtjGBkfmjNAG/omKBf75S2S1yVU7vN+EA4JS0DgpOvOpJqIQWO0P1XKqBcxo5DQcE/urToXpGj6XtTAyMmsqAH1Ez93ucfdQOi+nKg56jvzWvuFTgtbjaJvoMrXuGMoZywEFJBBGUIvdnlN3BO6R3QwWeyPkeTlFiiJPGShQML3A8qo6lvcxc3pywkPuM5AkkB8tOw93f8ARST28IhHvdxqL9U/7LWaUscd66oZuII+4B/r/wAlfWy3U9rpWUlLGGRtHbv7lNsdjpbRS+BANT3HVLKfqkceSSp5AQplpZG+3def9S3y4dX3RnQfS5cPFJFwqWnaJo7A++/6LvWXVtfX17OkOjmmW5S7SztOWwN75Xo/w/6Fo+h7QyliLZalw1TzPGXOd33UCf2k3o/pO09C2GGhgaxpjbmWTG7nKJX3V9zqiCCaaI4awHGSO5SvNykrKgxasRMOMBUkklRcJf4db/5cI2nnA4HdrfdTckLbyErrncr082CwYhgPlq6sDIjb6N91eWi1Udmom0FEzEbBj7o1ut9LbqZtLSR6WAZJP1OPqVIILRnKXKWCxDGNuyqrrdW0g8KIapXjyt9UW6XAUsJORnHGd1AtNve6f+KVvmf+BruypPHJAlotkjHm4V511Em4z+AegVq4gBJ8wG+OVBqqtsXdLlJvoAJUVbKdhfIdlkrvfJKkmGElrO+O65eLrLO8xA6R7Klkl0DOAnVrkOMcjm7n/RYzrP4lWPpimc75nNW3OmP1/NZ74lfF+m6fDrZajqrCCC9pzp9l873G5113rZK2vnMjnnIyeFpSaR2vH+MdrU7lwXHVfWV36urjVXCYmIHDWjYYVE0AcJcDPACmW211l1mFPRR6pHcJh6LZXpl9qwiIGknDdz6LedJfDStuYjrq9wjhO5YW8/mtL0r0FQ2GNlXeGxvqcAjvhap01ZM0QUZDIuPKOyA5ur125bKzsElrsNMLdaqdocBjUAhspq2qIfVybHhTKK2shcZ58OcBsD6+qlOY6XcDCJvBxpTcuZAojTwf7vTtzp5Pqiubkbpj5IKcapRpwsb1h8ULJYojBDMX1PbR2+6CViiOrpsuliKNXV1NPQxGSd+nHAXmvWXxet1AH0lsy+Vu2RuvL+rPiNeOoHGF858Hu091jpanPIWey49FofCc/JaXd96ru18qXTVVU8h3AzsAqWUtdvkZ9UEPJymtz6pDuyj0VVMKeIhDMWghDLi7OUgCSiNh3zjCRJtsa2kC0nnKfoPqiiL2RxBsOysm5AY4sjOMrpHmHspAaxjfMgSVUYP8vkd1Mg72x/h4bl+3quF9JF5mjU5AM8s3kB2T46WR++MAKEzkTp5H7M8oSbC5/wBe6IWNi2cN10StDcAKEOCCKMbDH5pEMDdiP1QnPJKbu7lTBAmojgrhk91wNHBXRDD3YSfuoTsYZfdd8RxCfpp/+7P6puBnYKskG4J4ThSzHfbB90TSAcjZdyf6kt8kwDFMceZwXRFTN+rlc1O9SuYCLBDpDM+UbJAtH4U7w/ddDMHOVOCDA0ncBd0O9EXAXcBTJQHdcwUcRnvn9E4R5QZBc8AMFP0eyMIc9kQRHPCoveyN4LydgniB5UwRNA3anmP0H7q0sifkInyxO+P3SNK47cKb4QK74QHZTYC7MEIURzx+6IKMgKa1oCK0DZVgr5Sv+Vf2CQpajkNVmGNTsBDJZAdpWiCYcs/dPDXDkKx8Mn8P7rvyo9AolgnykBhHdEZjKlGgaTnj7JfIBu4cUxL9gTsygYawDITwwA5wniIjbT+67pKsXnI3wwu+F6JwJzwnsOcHCgLmMEQ7Nwn+GEZrWu7rjYy44BUwBvAaAnBvspHgFOdENuyhHYADAloClCPA2C74Z9FOAXJsjeF/h/dLwv8AD+6l6PZIMz2V5K3kXwkTwh6qS2E84RBDtvspkveQ/DcmtjIOSpfhp3hD0RKLYt2AM42RGyEHOETwcb4TxEmqHsg+KcjAIUxhDlDbGRwEWPW05UFN4Joi2yRskIEyGZ+QHHZTGhpbuqzgTJtkYwtQjTHnCnGI6s4XfD9kz8gN+CuMJ7hC+WH9KtvBHohmIeigStKl9G0/hAQn0b4G64t/VXBhxwEwMJ7cK0hqsz2VcNS9rw2XOD6qadD25BSnpWztLcYPIPooLqesongh5c32VtE3IfNTAnytUSWm2zhWbKmKRvuV3wAdyFTWQ1NlIYBnHohGEDv+yuZqTuGgKHLTFvb90lwHRnkrSzBxhc0+yllhBxp/dNyPRVhjcgNIxsEMg5UpBwFXRMjUiM7JJKsMPJ1myLTzy00olidg5QwMLqJTaI8Ps3Vg678JjaatBwNtS3dJWxVcLZonBzXDOQvC291eWPqurtZbC5znRgrXVb/zM5es0fc60extd7JyqbTfKO5xtMMgyQMjPdWwOVoUkzkOLXY9JJJECcwEi0FdSUIDMeUvDRElMIiYB8bXtLXtBadiDvlYXqXox0T5Lhb2/wAo7vjA4Pt7L0AjKaABsdweyXtDrslXJOJ4gQQSCMYOEtJ9F6B1X0dHMH3G2Nax2Muj7Z9QsS+PQAHN3Gx+6TKOTr1XRujuiRgDlPHCJhreAm6vZDgN2eh4GF1JJUQelgroHdPA7qBnAO6IOEsBEIwoA2LbCXIGEhjO64mfiLlLIZJcByuqxY0nPZczhPSVhhIpI3tdBUtDmP237LL3a1Os9YJY8mCU7egK0oYe4RKiGOup/lagZb69weyrAatccIycsEFZAWOAOeCFR6ZLbUmGVp8M7NPorOtZUWWtMMmXR52ONsI8kdPc6fGxONj6Jclk3R646IjH5blpyFzWc7hRGia3zeDKCWZwCrHwBIAWkbqg3g/R3p+/UHVNCPBcGVjPrY47u+yiXW1F2ZI2lsjeQvIbReqy1VjK2kkLXgjI9V7XYr5S9UW3x2YFRGB4je/3X5Jsj+j9zpOJnYKoud8tVNORsCVMjp8PbgLt1t8kUhla3I+yZSVXhlsM5zngpSeEMTyXlE4MjDeyrb1RSwuNzoTiRu+Ap0X05adlI2IIPBVMXJ4AWO9U9ziDZMNnaMOHupk8Yb7rL3e2TW+f+J27IOcvaFeWO7RXeDQ4gStGCClgEiOZ0bxsrWlqi8AZyq6SnIOQEqR5idgjhQVbHJftflOBwcqJFKDjdSGuBCAySjgkMn1DBCM05UI7EFHiqMbEKC5RbJSS4CCuqANYHpJJKFDkk1JQvI5JJJQWNHKIOE1JQg9JJJQgkkklARJJJKAD0kklCCSSSUIJJJJQgkkklCCSSSUIJJJJQgxJJJQglwtaRgjIK6koQobhQSQS+MwamZyPZSKWpErRk7jYhWxAcMOGQVSVVFPS1HiRbxuOfsoWnknsOFIjdtjCrYKnXthSmPz25UCJ7HFEIyogkwiibPZQVKOSS5jXjS7BBCrZqN9OC+Fv8scqXqc8g8YRgQ5ukjburAwVsM4cBvwpccv55USrt3mNRASD/wB3+FDgnGdLgWuHIUIWqZqGc4/ZAEw4wpDXhwG/KtPBMEKWmkbL49I7S7uw8FSYKylrIjT1TWNkILXxu4I9PdEIxwgT0MFU06wQ8bh45BT4zAlHJg+qfhhWUVe/qr4e3IWu6ggvpw3+RVt/okA5CXSfxZpKy4DpPrWAWS/fS2Gobphn94353HHIHK2cNwqqFzobt/MgaRifGXD7+qresehem/iFQmG4+G/UP5czB/MjPq09u36LVTqZVyEz00Z9k27WC33akfR1seqOTkL5c+LP9n6p6afNe+jqeaakyXSUodqLR/8AQx+uy9XpL9158I5H0PWTJ7/04MCGtiOqeA/4geQfv2K9Joa+w9XWdldaqxlXTzAjIb9J9CvS+M8s6pbos5mo0covKXB+fzJ4dJbK4An2XYa6WjlEsZy3gg8EL6W+LHwCtd9Et06eb8pdQXSTNxmOceo40lfMlzt11slY+23aldBLGSMOX0fQeSq1MMt8nLsqaeUae33RlUwPj59Fc01YABr2yvNmzS07hJC8tPsVobXf46pjYpTpkG255XWUlJcBU6lReJG2ZURSAaDkp0tO2ob6OHBVLSTlrgcYVpFcGgAK0sG2FsLEBeJIX6JGnbuiMexwwCpeqGobh4BUOagkjy+F2Qi3r2McX2ugrSWnIKkw1GcAhVzJyzDJf1R2uDxlpymRf6D2qXZLlo6SqBJAY49wor6CeEExSteB+FFjc4fkieI5uABlW7ZRYi3RQs6K35nJ0zxke5Cpbr0b0zfNRmpmxyu/HGMLXDwZWkSRtOfUKJNb43H+SMLTTqtq5ZxdX4iL/KKkjx2+/Ca60uua0kVEQ4GdwsLXWyut8ro6unfG5vORhfSM0VzpBl0biw92nKrqltrukZpLvDG+M8B7eD/otdWtbf3HjvI/SmmunvrTg/8AyPnPsQCgEua7LTgr2i+/CS11rDNY5/Dc7cNJ2Xnl7+H9+sjnGWB0jRvkA8LWr4z6PHa36e1WlzLG6P7RRxV8seM74VjT3Zu2HHPoqOYuhOl7cHjdALwCjkty4ODPT84Zs4K578O2IKnNeJGDbGVhIa+ohPleSB2JVvQ376Q92Puhy4meenlHo0Qbg5RNuyhQ10MzQWu3KOHZHKYpZM8otdhsj1SyEMfdJv3V5RWAiWQuZB2TAMd1Mg5Q84Q8FdBOU4Y7qwuhmClgonlXDjsoTIwcp+2PdNI9FzJULEedkkklCDE0syipIMFYIwHm1Abq8snUtTbXNbK9zmjuqrT7pFvulWUwtWJI6ni/LanxNvyUP/oej2/qSGtIPiA57cEK7gqvExgZC8loql1JJrBWgob5k+JHM5rhyCVyNT45LmB9f8D9b1amKjc/uPR2VUrC3Q7AUyG4sAAlOCsfRX/OG1A/NXMNTBPgseCuPZpZwfKPouk8vGz8ZGjZVQvwQ9EEhByqIF7caHAYR2V0keBJk9tkjb+zqQ1bn+Rc+NrA2VfcrHRXNuJomh3ZwG6fHVscMhGjqQ7spjAcvjtX3IwNSeoemq1zGOfPAN2g7jCt7b1fSVYEc38uQchy1TvCkHnY123cZWavfRlBcszUoEE3OW7Aokss5j01lLzW8otILnTyvDRI0qc1+RnC8zlgvtkk0zRulibw4blX1p6hke1oMmR3B5CcoZRcbdvE+zYxkDfCbNAx2+FUMu+s91Y09c2RoJOVWMGiElLoDPbxKNTPK5CZNWURw8F7QrNssbjsAn4yPpB/JC2HhEalu8UjhG7yn3Vk14kAKgS2umqHatAafZQ5KGvpT/Jnc+PsM5wiTZTryjQ6fLjshOpYnA+IM+2VXRuq2Aa58+yO2vdgAglEpMzTo3cMqrz0R09fHONwt8cmoY2AXmHUv9my21Lpa3p2pFLJyGOfgFe2w1UL9nbH3RdLXDLCMJ0dQ0cbVeC0mo5nE+Pr78KOuenGukbSS10bT5gzz4H+iyBM8W8kWnK+7vli8fSD9ws3f/hp0l1Fl9xtbHSHl2AtEdY/aPJ676Irte6mWP8AJ8bMqtRxgI0b8HI7r2bqr+zcxplqum6tsGPMI3u2/JeX3z4edYdODXPbp5QPxMb5ceuVohq4t8nh/IfTmt0TbcMpERlZJEQM7FGiqQTljslU4qJowPmI9HqifMQgDS7lbIXKXR5+emlDtGipLhM1w82QrWGshqPIHYd7rIRyyM+l2ykR1jmuBLi0+oWlT/Zlso5NLLSk5IwoEsLmHBXKS8YwyY629iFYh9LVR5YQc/qjWGKw48FYiB5GyO6mAzhR3ROaqFt57JEUgGPVSGVs7CDE7SqwPOeEZkm3CtNroGUUzQQXqlkaI7hGGjjUAn1FpgqWiegmY7uMFUWgP5T4ZqijOumeW47Z2TlZJ9iZQa/EtKauutplDg6Ruk8jK33S3xPqoi2Gtk1tG3mO6xND1PSTDwLnTAdtWEepstLcG+Pa6huecApymYLtLv8AyR9B2e+0N3jDqaYF2M6SVa5HqvmOhu9+6emyHyAN7gr1LpT4rW6sbFSXXVHLs3xOxT0snJ1GglH7oco9J1D1C54x/pUaOrimIfA/XGeCpQAIymKBz5RcHhnUkkkPQB3JSyVzIzjukoQfnCWSDn/NMSV5LTw8lHdOjYamrddrJXSWq4vwXvi/upccB7O/3VZQdZVdsqHWzrqAW2Vp0x1XMEp9dW2PZbEyae3KBW0lHcqKSiraeOaKUYLXtBGEA5Tg+JofE7xTnHCNpwFgH9L9RdIyCXpB7quhAOq3yTAOb7sc47/b/qr7p3rezX2NsLZ/BrGeWaml8sjH9xjv91OER0yf3Q6NEypDDh55UiOZrhlqgyYdg/uha5GY0nIVCnFrstxJ2CcHEqshqztq5UuOfIGRhXyVhkrWU4nPZA8TfhPEgIyomVk7kpZKbkLqogkkklRBZwkWh2xTFzxGhGkysHJIcbjugggE6hwpZIIwo00ZduAnFlfVW0SPM1OdDz6KKyeSN/hTjBHdWgcWHccplVSx1UfGHdioQguAcmvjzjKQjmpzolGR2KK5zCAAFBnRT3qzU92pHQSxg7HB7gryeqp57XXSUjwfI44z3C9tc33Wa6q6Xgu9O6aFgbO0ZBHdAbqLkuGedsLZuSF531R03Pbax9ZTt1U8jifL+ElboNmpZnwSghzCWkFKpbHV0r6aVoLXjG/ZYNTSrFg9B47XT0Vqsj0eVsdqGyNBLJTyCSN2kg5Um7WmSy1ZB/upDseyhuAfggrzepo2ywfWPGa2OqrV1b+4v6inpOo6PYBlSwbHvlROl7vJR1TrfV98t3UO3Vj6OfxG9tsK0vlBBWUzbrReWZu7i3lc5xdbwuj0lkparbqqX/qriX+CZeaMFri0ZDgSFhrnSPp+RsDytp0/cjcaY01UQXsGM91CvVtZJmPjPBV4yBdQ7459mG0j1RGOxv6J1fSTUspY5vHGO4QGuRrs4tsPjltDVA8WMtwoAOl2jCnA5BGECohxh7Wo5GezKR2LLCHBW9vrnZ0lUUc3YhS4JdDgcJTC010q55RtKKs2BVtTVBOMYWNoqwtwFf0FXsM+iCSwer02pjYlgupCJA7y7uGFl71bmxHx4m4zyFpYHCRp+yDWUgqIXMwqNN1KtjhGKb3XQMI1ZSyUcpY8bHhBUbycSyt1y2kiGodE5uFe2+sLsNJWdUqiqPCfvup0MotcJZNc0626icoT4vZR6WsDmhpU9gDhsj4Z1oSU0QZW6MEBC8Qnsp88YIyB2Va4FjiMd0D4BnwyRBIQQFYQyk4/dVLH4dwp1LKG4JCWNrmWbZnMxgIpJlaN0BvmC74hb2URpVjR15LDymlwKbI7UAUEv8NwJUK+Td2SCNk0Tvh3buuskDxgJCLA37pbHxn7RLorl4kghqDjPCNPTRzAlp/NVmgNOQE+O4GBwDn4CFwNMLP+cUtI+MkgLtJM6HYjCmxVUFSMN3JQpqT+nbKTKOeB8JJPKL6xXySlla5smCF6dZbrFdIQQ4B45C8KaZaaTU0/cLS2DqOWjnbl+n0PqufdT+ju6DyMapKEj2eGUseGu4Vk14c0bfnlZW0XiG5RAh41433VtFUSREAO29CubZVg9bXfHjBYuaqi52wSZqIBh43ICt4pGytyDuUnN91nawasqS4KO23TUflao6XDYE91aeN4e+nKrLxaTKPmaYYe3cgIdsumr/dqo4eNgT3Vp5AUmmXFVC2upW8NdnIKqoZH08uh4IwcK0Y7AAHH3Qq2kZUxHs7kEIguw8VRrAGRuo95s0N0pCxzRqA2I5VXS1klNN8tV5GD5XHhXNLWxPcGF4/VEJtjk8qvNnnoaoxyt0kbh3YqZ0xe3UtSYKgkNO33XoF7s9Nd4C1zQH9ivN7zYqq2ynLTkcEK2mZNrg8o9DpazJ2PKsY5dTQccrzqx354xS1L928O7rbW+p8VmknJ7JLRsqsz2XlNJqaWlObJ4EmJPpdwVA8d0Dg5qmPDKmLbG4z9lnnDPRthPBZRnAyUyYiZhbjcbhQLfVvc51LKTlv05PIU8crO1gauQluqHjMTznTwrIvD2khUswdBI2VmdyrCkqA9oJSnHIY9wOeFzV7o5YCNlCeHNduoo4IS2EHLTuDssvcohR15czYZ3V+2Uxkd1F6gohUUzKqIcDfC1VvAqSwzKdUUz6ilE0e7cLze4QFjvEaOOV6tGPmqV1M/cgYC8+vtEaWokjc3bchdOmRxtdRmLkZ6UF7GyM+phyF6N0bdxVUjGF3mYvOJJPBfocNnK56YrTR14BfpY45C0y6ORpZuuZ7IJcsa5vcIjHahwq23TiohyHZAU4DCytcnpa571k5PCJGGM76tlhq6J9sufi4w0nBW+LhjB2ysx1NR6mGUNzshLmsEmlmEkbXjcEZUppJBVBYqp5i0O4Gyu2SgjPqmLgCTysHZnae33Xi3xdtEjB83DH5SdRXtUo1DdZLrW1fP2qbEWvDD911vGal12o8v9UeP/nePnWlzg+bGgjCsqJ2hzHA4IUOqwypdE0AaSisOG5Gy+h0Xbkj8yXVuubj+j1Wz1BqaRpdyAFYRnVlZfpGpmfC1rjkYwtK1+n2XSjyi4XYjyU1WPla3XpwHKex/ixjfhDvNKJovEaNxuo9qk10xZ3bsrivZfyZIt3p9cRLeQoVmlIc6JzhgdvdXM0XisLfVZ2nPy9c5rticjCk1+id8lrVH+cSOFOtk+HNb6KBIP5IlwuUM/wDMAI9VnksnT0E9kzZQzEtBJUmOTOFU0spLBzspccmOVmkuT3WluzBDK0/zyQd0Zx8SBueSOVFnBe8vR6eT+Xhx4UlHJujPKK+OcirMR2U2oHAyqucaK4Ozspsj9TUiUSpWGfqm+Fd2vxs44yrh41N5VVeG4khkxvrG6tWOBjDh6JOMMUirc7RKRjuVNpneUkKBO3ExKk08nlDcK2SM2mSZTqbkqrl2dlWTzlqrZwc5wkyjk0RllEqnk1Qt33TancBApH7lqNJ98pSjhl/JngzfWkXj2J8eOXf6LwyeMNe5uOHFfQN9jFRbpWEcbrwS5Dwa2aIDhx/zWyk8H9W1tyhYv8ENEjQ+USNMPFh2dk9CHK67gLRW8AMZLwhORZDsgvOMILH+glycZ2RWHDkJnZFYNwUJZIHC6uDhdTc5FsIeQpUX0hRTyFKi+kIzPaFAypltYTMXegURo3A9VaUsYjaNkZo00MyySAfN91IacNCEOU6bOkYRHTSS7ItynIAwfVZqpyZSriulGS0nJVRIQ5x2VyeDnWy3TZHlBOESEEcrpAPKfjCSAPSPCS4T2VMGXQZuOVHlO2lEHBUaY5zhDa8AJDXEb7qK76inOJ5yUxYpvIwKrOx0L6uo1NGzVWchbjoq0zvjLw0bhc/Uz2nf8Bpv5F+f0bXpq16dMrmcDZaSolELAxvJ2QaOJtNTtYBggJkZMsxc7LsbLmTnvZ9PoqVWMFtao26TK76lImky/CHCwRwhowDzslnXyOFu0Vf3Gm+7ZWxznDGcqvrKjDTgI0zw3uqWvqABjfdduKweJ1du6TI1dWPc7AHspNnt0jnid42JyBhQBE6ofgDP5rXW6ncyKMc6e6qbwhemrzJSZNjaGtAxhdfjsnvwG59lHB9UmOXI6Nk0ojppBFE6QnGAo3T9Ay7XLE2ohpyfdBr6nx3CmhySTjZb3ovpw09O2ocAHk5OQu9pqvjipHxb6t85LWXOqt/bHg1NntcNJA3Q0Y9FaxjUcZXYY2tiDMcI8EWXBa855PAt/sk0kX4iFYRM3GOyjwjAwAn1ldFboPFkO+MgKCwd7vcFmp8Y1zyDDGDnPqqO0UEhmN0r8GZ+7R6BBoon3asdca3L3A+XPAWhgjLnDbAHCGUsEJFJG2RwOlWWgYwgUzBG3OMFFkfpCrsU3ueAdVUQ0sLpJXYwFlrfA/qq9OrpmubR0RxGP6n+qk3Wd93n/hlEScH+bJ2A7j7rQ2+kZQ0kdNG0NDB2HKgX4oljAaBlO1hByfVLJ9UDWSBCMrmn3Saod4vFJZaQ1NScvd5Yoc+Z7/RTogrteHWzw6SliM9dUjEMQ7Z/EfYLnTnTsVlpzJM7xq6fzVEzty5yB0paqoO/2iu79dxqBs3lsLOzQtEQSckoEiCD9IO/ZYLrXrSphqIunem2/M3epdpijaeD6n7IvXvWwsvhWe1U76y6V2Y4IY3b59T6AZWg+Fnw0Z0zTOvHUDjUX6sIfUyE50Y4a37ZKphJ4J3w2+HNJ0fRfN1gE9zqQH1E7uXOV3fb6yMGmp3/APM4f5JnUPUDKRhp4HanHYnKy1LS1N2qAwE6Du9QpvIaN893nNJS5awH+ZJ7ey1NJRRUkLYYWgNb7cn1PulRUEFBA2GCIDHJ7k+6lbAblKsf6Kyc1KLcq9lLDk8ngLlVVRwt1E/b3KqmRyVUoqahpx+EFUlkgKmoZq6YVlYTj8LfRXGQxoxuEMeTAQJn4w3JVSIOqKjPoFmr3d2wAuaNWPdC6l6hhoI9IdnY8HlYC4Xsva+qqZNELed02upsOMd3RbV10dkzkAZ4XinxL+MUzWvsdmmzsWyyA5B9h+6pPiR8U6i4STWSySlsedL3g9u4yvMxCZDvytddWD0Gg8ZsxbYO1uqiZpXFz3EkklObFk77J0VPjDR+263fSvQUs4bXXJg8B34XbFFhI69mojUsFH070lU3mdrZIz4BPmOF6pZ7Na7AAaWlaZAMaipNOyOCIU1vgYGMGPKN1e0NmAjbLVjJO+n0CttI4uq1jk8FdFQVNx/n1bPI48eytoW0tO35SlGt4491MjifM/wo24jbwE26Vlo6dpjW10ojaOT3SpT2nPjJ2SxFcjY6Jw89THgeuVm+q+vOn+loSZ5tUrc+TOF5l8Q/jo98stB05M58R2Ds8Lxe4Xeuuc7qmtmMj38lZbLTuaPwc71uv4RvesPjDc7tO9ttnfGw7A+y8+mrJqgfznAqJ3JSkBOMLPK19HrtJpKdNDbFDi85TV0AlOZG4lL5n2aZOMUc8PKeIyUZkWQDhG8EY4QzTQqcv0gMcPfCMyI+i6JImA63Yxuoc1xwdMP6quwMSn0TiIowNZxhR566NoxG8g/ZRNU87hq3T/CDNyN0YxQx2NM8rycnIRIqaMjVMuNc1oxpCRk1bYQylgJ4T4JGqlhHkO6E6uc7y7Y+yjYJOcrqBSyXs4yFc9zuSna3eqDpKeGknCaQcXg9kvE7YXNHsu6fZU2QWSnJJ2QlbyuBmn3S0+6drC4ZQEtybIJJN1pa/ZVvJyLBXfMlrb6Ja2+iYpovJ3J9FzJ9F3U30S1N9Fe5EyLxD/SkJXDcDCd5UvKplEyhfNTjYFIVdQPxJulvqnCMHuqyhcorscK+cd07+JTjgoGn3S0FXgLYkiY24uJHiNyEdlwpiACMFVOn3S0+6jT7EyhB+i9ZXU+26MySOTGl4WdAI4K6HPach5CpyFSqyaYRp7WkYWdZV1TCD4pOFLjusuweScKdipUy9F41jiBhPa0hVtNeqbOH5BKsIq6kcA4PCnQqyuaDtaMcIw9hsmsLX/SR+qMwAhHGKYl5RzA9FzQEQMOUVrcY2R7cdAuWCL4X+H90hAD2wp4aMbhLS30U2sr5CD8qfRM+XKshDnfT+6IIW44wi+MW7Coe18eMjlJkoGxCtzTtx9IP5IRos8MAV7C/kI7HhwBwnhoJB9ET5R4G2E0RzNOXxkD1Cra8gy55OhgwiaAiRxlwGyKIfUI1AXvwRvDS8NTBF7Loi9lewrJF8E+iJ4KliEYT/A9lNhfBB8FE8JSjEOzf3T/Bae2EeEBvwQfCHouiIA5wppp88bJGAjurJ8hFDMdl3T7KR4Q9EvCHogF7wIAHCMyRzTsUtHsn6PZQtzTWA8MzpXhj0fwwfp3UMAg5BR4Kh8ZxnZQQ4hiwjlNEWpS4vAqG5duU4QegwFAM4IBiQzF7KxdT7nLc++UMQjPCMYrMFe6Ij8KG6MOGHcFWb4WkcIMlNgggKFqzDKSqo2g6oRhKmkfGAyTfHCtvBB5ao81HHIAC39ETiNViBENkAGECemGM+qYWz0b9D2l7BwR6KZEWzsBaf/RVgJTaefRTz02OyjOix7K9npMDKgSwBL2jPlZWFhHKZp91NdF7IRiKHA5TyRNPulp90bw3LhGO6gWQeMJLp2XFBy6GpJySojjngsLRe6i1yh7SSAV6pYOoaW607T4jQ/HGV42pVBcZ7dOJYicdxnlNhPBgu0inyj3Zru+E9Z7pnqWmvFKxjZR4vGk85WhbvsRghbYvKOLODjJoSSSSsWxJJ6SgvdgYknpKFbzjADnIWR6u6UjqGuuFvj0uG72Dj7hbAHKbIM43S3yOpudb4PFjCWktxgjkFN0+633VHSjZ2vuFuj/m/jaO6xTo3NOlwwRsfug2nTqtViAafddDd+UXT7pAY7oDQIDunDldGy6oMbwPB8uEgMriSgmUshMdkjylkritvIAVJJJWUPSSSUIOwF0bHKSSPBCPcrdT3OndDO0Zx5XdwVhtNVYK10EwPhk7HsQvQ1U3q2Q10RL274QSXOTRTdte19FLUU0Fyp9ceCSP0VLHLUW2fwJwSzOxUlr6myva/wDvIHHH2VhPBTXWmEkZBJGRjkFA3k2N7eV0fTJz2OFcdOX+ts1ayanmLcHzDs4ehVNq9k9rsb+i/J7jk/d35HvFru9F1DRa4y0S48zPdQKuiEZ37bLyiydS1Vlq2zxPcWgjIzyF7Fabvbep7eJ4HNEob5m53BWacGmA8xG0cx0iN3KsHAuaC0cqAYPCPHClU0+PKQlNAvkM9ge0tcMgrLXCCrsFcLlQtJiP94wenqtZkHgINRDHLGY5RkO24VFIkWm6Ul3pWzwPGSPM3uCiTQmN2cggrDzxVXTFybU0rj4MrvM3stnbblDdYA6N41dwgFzD007muDXcKyieHNHmVbLTubghdppnNdpcdkAl8lwHZXC4ggoUZy3KMBkZyoKwHimIwDwpIw7fPKgosUuDg8KCpRyS0k0PaRnK6TjsoKawESSSUIJOTU5QtCSSSUFiT0xPUIJJJJQjEkkkoLY9JJJQoSSSShBJJJKEEkkkoQSSSShBJiemKEEkkkoQSSSShBJr2hzS1wyE5JQhUVNK+B3iwg6eSE+KXVjIwrCRgcMKvnpXMIIH7qFp5D6s7go0RwcKvim4aVJbICoEWDJB6ImrbOFCyRwU9sz9g88eigGCYolbRNqACzDHjgozJ4zwUUHuoCUIq/kn+DWHSc4BI2KsoajUBjcKRV0sFXH4c8TXD3Co5WVFkcNWZ6d5w0jlv3ULbyXrZNQ4TgMAlQKWrjqWCSIgg+nZTGSZ7K08AnQ1koLJGhzTyDuCq6S2VFNIai3Shn/0L8P5KyYRjjhLWDwE1T9AFcaqOsiNPXxN8wLXNeNivOrp8Nbr0tVP6j+Gs7KKdvmfS7iKT/mbwfRepvgimBD2A5743UV4uVE7XG4TRf09wnU3Ot8C5x3rDMX0v8Rbf1K3+DX2i/hV8jBJhdsJPdu6qviT8LbD19bPla+nbFUMyYauMYfGfY+nstH1h0BYes6c1MbGwVmPLIBux3qshbuo+peia42nqtslbRvwyKqc7OPucLt6LyEqpppnPs0u4+W+uegeoegbm+gvNO10OcQ1MZyyQdj7LKywOdh8ZLT2PC+8rlaemet7W+GYMq6eVu7Njg+4XzH8T/gle+i3y3HpyGe62lxLvBP99Tj/AF/9F9B8V5uNuK5s42q0Uo8xPOLT1HVW6ZsFcXOjOwJ7LX0lziqQHwPDvXdeetqKauHhg74zvyE1k1bbZA6nlJHplesjPK4Oerp0vB6tFXObjOyn09dG/wAr3YysDa+rqGrDaepeY5hzq2BWlhkDmhzTqB7o+zoUa1tdmhdRw1Uelu3fI7KslinpJS052/dcp7hNFszZWlNV0lc3RUANcNsnhX+J0I3QkuyNDWsdhr9ipTMPGxQay1Fo8SDzA8EKLG+eE+YkY7FCpDVYWBY5pyB+6c1rgN1GiuDQdMoU0SwyNBZt+atvA2MkzrXdnbj0Uett1BWt88LWuPdoRnjOMJgY7Y5Vxm10SyqFsdskUs9grYB4lvqckfgcVEfcqilcI7zb5A0bagMrVseWdkpBSVTDHVNaQexGU+F8o9nKu8LW1/pP/o+jCXboro7qdjpcaah45yBuvN+ofgxdKYyS2yTxYxuANyva6jpKKRzpbZP4budJ4Kpqn+M2iXErHuHG24K2V6xt8M8nr/D1S+zUU/8AVHzVcrTdbLN4N0oZoMnDXPbgOUEylh27919Oy1FlugEVyoo35GHNcNishefhJ05dHyTWp5gkduIyfL+S2Qu3HkNZ9NtNvTST/seO0twmgILX7ehKu6G+BwDZDjCJffhh1NaHOdDB8xE3u0b4WWmFRSP8KpgfG9vIcMJjksHmdT4yyl4si0b2nrIJQMO3KkB5wdl57T3GVj9UTyD7FXNJ1DIAGytyB3Q7+Tk3aWX9KNY057rqqaO/Ukp0OOknuVZsla/6SD9ke5mJ02RfJ1LJTd05EpZB2sWSugnK4kmZGBtsIJ5SyfVJWUlgSSSShYkkklCCQgcIqCoUwuW+oS16Dqad0DJ9Usn1KFxTJGTg90eGWFNeZ4HaXEub7q+t99GQWSFp9MrI5KsbfNTwuzURlwz27LHqNOrOz1/hfqbUUWKF0+P2bulvlRqyd/YlXtNXQ1LA4kZPZYaNznt1wYc0jIIKNTyVMZ2cdlzLtFH0j6lovqZ8Zlk3ZqRHxwiwVrXEBZOlvTm4ZMQR7qw+bZMBJC78lglp3Fnq9N5aq+O6MjVRSl/BwjNcMEF4KyUFznjdpzsPdWsFzikwCcFK2HUhq4zRaOYyQYeAfuFQ3HpOnmeZ6BxgkO+x2VxHUahkHOUZr9844RFShCzlmQkZc7Q0mrgMrR+JoUqlujJSDGd+4ytM6Vsg0uYCPdVtb0/Q1TvFhzBJ6s2B/JCpZKdcodD4at7hnCn01WXbOIKpBR3Smd4Z0yNHBzyiQyOzgkgjkFC0h1Un7NGyZuMghObLnncKqje4DOoo8dQRsQoaFPJKkbnGAhgaDnTlPa/PIRPKW8bqmW4KQxsccmA4bpzoJwA6J+kj3XPDJcCOyMH7AY4VJC3WmOiq6mIATMyPUI0dxhe7EjC33TQQBgjZNfAxw2ACKM88AypTJxFPIzYtIKh11joq+IsfC0hw3BGxUYw1DHZhbn80aOa4s+sAge6jE2adNYZhuovhH09ctRdbY9R9GryvqL4AVNO+WotUjjGN/CPb7L6TFZGf+0O0lddJSTjS1wcDymRtnD8WcTX+C0utWLII+L7j0V1HYQ6SakkfEPUZIVJ8w1xLHtLCOQV9u1XT1BK/W6MHUPRZDqP4OdO3inkDKdrXuyQcd1rr1kl+R4/X/RFUnml8/o+VYnFu7XAj2UiOslgcNLivUb7/AGerhSwuqrLV6nNOfCcO33WBvHRPUljy+toXlg21NGVvr1kX0eM8j9MavSPGx/8AQdTXdjgGz4zxsp5NNM0GOQZKyhp6iM7wu/RHgnkhI0uLXBaY3xZ5u7xttb+5NF+6mDtxshuYWHHqoEF2qoz/ADMPb6KdHWU9SNnaT6Ep2+JinXKHDQZhKfsRyh5B4OUzB/qKPchcY5C/LtlOCiQw19D/ADbbVuY8bkZ2KYx2khSWOJajU8dAyS6ZPpOqxIBTXqlAI28QDYqY+3UNa3xrfM3J3wCqJ7Y5Wlr2g7d1EiZV0Uni0UzmnOdOdlprsa/Jmedaf4mwtXVPU/SsgDSX07T9Azj9F6v0p8UbJfGMp6p5pp9hh52yvFKXq2N7RT3Km9i7Clmht9d/Pt84Y/nAOCtPyRxwzDfo/kWZLk+mgdQyAVw8LwjpvrW99MObBJLJJANtLzkY9l6rYesLZfGNFPLplxlzHn/JXg5N2klWXp2dhFZ9IQR9XGEZuwUZgaBpJLhOxVkOl2eSkHY4KGScrmSoQknB7hUHU3SFt6iDJXufTVke0dVB5ZG/mOVcOJyPZdBwMJcot9BRsnD8WYyHqXqHpF7aPrGmFRRMAaLlCf0L2Y2/Va+lrKS5U0dXRyiWGQZa8HYossUM7DHMxr2u2IIzlYyu6RuXT1SLj0RUx07CS6WgkB8KT7c6TzwFSHZjZzPh/wDka54c0gtP5rjLhJDII6gZadgeyzXT3XdBcqp1sutM+23Fgy6CU8+4PcLTuhZMPM1pYR332RCnBx7J8cwcMjBz3T2uyqF8FZbA6opXeNTj/hk7/krCjr46pgc3Y9weVMitjLIOOckowIxyFDB7pzSdQ3KrBMEhJMBGNylkKijqC86dzwi5C47B7poY1lSxx0j91JDQQDlQ5Y9wWhOilwAD2Ri2snZoM7tUfJad1Pa9pGMIE0AdxsoURZx4g3CieG5jgVMcCx5aRsE1wD27BQIj6dQCEQWcI7gW9kBx1HfbCphKTRj+sulxWNdX0jAJgMuDRyvNpJJYJDFKwhwO693kbq5GViOs+kW1DHVlHFh+5cAOUicdx0tJq8f6dh5pcqOG6UzoZgDsceoKwM0T6OodTTZGkkAnut3K59O9zHggjYgqovlrZdKcjGJG7tcOcrl6rTbnk9b4jyE9FemujNujIAcO6sLPXvhf4LyC07EHuFV2+q8KR1FW/U06Q4qVNAY3eJH99lxNRRsZ9V0Gqzi2tllVQC3VXzNL5WS7kKzm8Oqha57Ny0bhVEFUaikMMu5HB9FKttUI/wDdpyc/hd2WXCO9C6DW5eyhvlI50hGOG8rNuaWkgjC9CulG52ZGtBaRhY640UkUpaW87goTma2nneiFH9SfIA5uBgfuuBmCmtaScZRnLsjlEOWMxPII2PBT4nkEbKW+NsjMO7qASY3YxndVjJmS2MsqeYtIVzQV24Bws3FLsFMpZdBSpRydLS6jY8m5oKoPaBkKyY7UNgsjbq3BAzwtFBUNc0e6Do9Rpb1asjbpQRVUTssyQMj1WRfG6N5YQdity52scLP3W3Py6eNu3cD/ADVPAnV0KX3opE+Mua7OE0fVgKQGgtxhRI5WcMm0dWWkDZXlHV5GDhZHUYn7FWlDWkEEq08Gyi7HDNNkSjCi1FLgZA5Sp6oPaNt1KDvF24Vt5N2NyyU+ksdg9lJgfghFqaMkamjCrw9zXgEYVdAtuBfQyZHCI47ZUKjlBAyprXbZVYbHwllDHuJQJtyCiOdqzsgZIJyFFEvsfFK5hwQp7cSDAKrX74xspFJM1rsPKHHI2meJYZKMLj2QJKUkZIVhHpfgjdGEWpuwCp9G+Nan0Z57ammdmE6QpEF5dGQyqB+6sJKYZ3blRZaEOGdIH5JLRfxzXTCmop6hupjkJr9LhgqKaSZp/ljb2TmmRpw5vCTOOS1KSNh0/ezSyMa12k+udj7L0ChvnjsbrcCvGqefABC1lnvcZjaxzsOGyw20fo9J4rXttRmz1WhrwSAH5z2KtGyagDjlYOhuQw1wdlai3XFkzQ1x37LBbTg9XXqIS6LjTq7qku1m+Yd49KQyQb49VcMfj3XZBqwVlawO7M7bLs7xPkq0aJG7AnurxsvfTlVN7s4qmfMU/llZvt3USzXsud8jXeWRuwJ7qBbscF3crdFcINTcB7ePXKpIJ30c3y9S0g8A+q0EcwJAQq61w3GI8B/Yo08EzkdSzOmbj/JRrpRw1cJimZnPB7hUsc1bZavTPqLAcb8FaKKeCug8RmDkcInJNYFTjk81vNmmt0xkjB05yCFYdP39zHNgnfgjYFa2qoIaxhglGx7nssRdrBVW+oLo2nA3BHdKwKxt6PQYpxNE12QcqXTT+AN+AsR03e/KKapeecA+i1Yl1NA9EuSNNVjJ1Wx+ptbAONzg8qxpaptTC2RvcbqspagNHhP4PCjiWS2Tam7xPOfskShno2QmX0p1jThKikMADHJsbxIwSN3BGU2YhzdTW7tOcJUo4DcsFzDIMcZTKhoPAUekna+NuN8/spEhD2ocMIjHfZGpJB4UkEg1AoGjzYyuB5p5A4/S7Yooppk7KOtgNBWk8Mcc/ks/1dQNliFTGwE91tb/AEZqqIuY3D275WfnhbPRvY8cMK20zwY9TBThtPJLrTu0am8tQ6Scuja7u3lXNdTYL2Fu26z0LgwOBHdb08rg83dX8bPX+kbjDLRAh3IHJWnaRjIPK8l6PuLYKlsUrsDORuvUoJWyNDmOyPugaTOzo7k4pEonxODwFEroG1MD2FuSBsjNfhddjOClmyTUkYNsj6GtdGDpBdkLR0z9QBzlVfVNvMbxUxjGDlFs9W2djW6uW5CJdic7WXAOWlQa2PXGY8cqS3OeVHqTqOkFaqntaYi+KnHB83dcWoWnqWojZEGxyHU3CqIycEAcL074vWuEMirdGJCdOQvNYmaW5IXvvFX/ACV5PzR9V6D+D5KyCWE2X/S9ZLFLoDsAHhbhs2vAwvNLZUinm1re2+YVEAl9V6Gt7keWTwWLsyMLfZUNJK+huD6eU4DiQr2B7c6cY9Fn78ww1EdU3s7BTEmi3LBc7E7BUN5p9NR40bcY3JV1TuMkLXE8gKFdotdOcclVLLDjMjwOMlNgnKHTktmBCjWqZ2oxO9EWchkjgG8pLRq0trU8mooJg4A+qnOl4wqK1TkwA47q3a4EA5SZrB7LRX7oII85AKUW/kzhDY7zhp7pbeO/HCXjJ14WcEO4EsqGn90dry6MHHKDdGHwQ4cp9M8Op2DuFnmsDMkK7NL4xgbg5UylJdStJQ6oBzdwu0zx4AHcICEWsHm4Sp3AHkJ9T5uyixt0uVMrdhli4gs29CoMzdzlSoz5RlR6oeXA9Utj/k4IbHeHMHAo5dkAqDJlkgz3UyJwLQUtARlzyArmaqKRudyvA+o4nQ3iojx+Ir6AqGiTbnK8U64pRBe5jjklOp4PMfVEN1Cl+mZoLrOy4/1XU0+fPsI1PcmNT3IwJRyCxvnKFJyEZBk5Cjf7Cj0Pi7Iw5QovpCKOVCpSyw44SSHCSaR9DjyFIb5WoA+oIzXcHHCalkzWPDJVEPEmAcNhurQKvoMNmzjsrEEHhWb9MuMh27HKe7GnBTGoNc/SzCIfZ+OSmrnu8Zw7KA47nKmVDtTiVXynzBDOWDmqTbyOZ9QUkcKNGDkFSRwgCzkaOURu4QxynfgQsXI4SBndRXHOd055OTugZOTukzlkNJYE/lDHdPO+FwNJGFknwslrl4LGy291fXRxAeUHJXrlgt4p9424GMFYvou1PLWzEbu2BXpMTBSwtYBvhcbV3ZeEfRvA+PVFKsa7CVNVpGgc4U2z05I8aQbDf7qqpw6qqg0gkZ3+y0UQbG0MY3ACwqW49dUuOQjnYdgDZOlaGsCTY9skqPUyYIBK7mkjiOTn6+77WiDXzlucdgs3UyPklcSc78KyudRqecHGAq+nHiyhp77rqReOWeUcXbPBbWelc4NyMlx5K1UbBGwMHZQLVTtjjBI3AwFYHhLnLcdDZ8cUhSYxyFXVdSG+XuiVlQIhnOcqvoKeor65pbu0Hdb9Dp05b5HkfqnzS0OmddT+5mh6RtIr6xs725aN8L1ejgbTQNjaMdyqjpy1w0sDHMYAcbq9XUxjhHxG7UOzlh4iS7CsoYxjjdQqWIlwJVowBredgjMcmLxRA0vOMAZ3WVmnqr5XYId4bTj8ka93U1s4t1ETpzh7h39lYW2ibTQhjRhx5UIiXSUzWNbFG0AAK0iiDAMBDoqffURk+imFuBsUtvBUngcwYBVPe65zG+DE4ajypdwrvlqdzgQDjCq7HRvuFUaubdrDye5Q7/2Uv2WNhtfydOJpBmSU6yVcgjCQAHlHCRGELn6Ak8g09MXXPa1pc44AGT9kRY2srqS2Ub66tlLI2d/VUlittZ1FWC/XyLSyNoFJAd9LN8Od6u90rfDL1bXfM1Y/91Ux/kxkY8V3qQtlGWN2IQSntYQwR6AAG4Hssz1x1rRdJW8ZHjV1SfDpoA7Be774OOyf1d1rRdL0rqmZ+ADj7qk+HXRdwvld/t51b56qTPy1O9uWxNPcb8qs5CSLT4WfD2sp9XWPVT/mLxXeZrXjPgN9B6c/stpf71HaYCxrgXvGES53aGzUZe4hu2GgLER/P9Q1xkcSGk7ewVFvgNQ0tZd6rUckvOfsFtqC3w26Fscbcu/EfUrlst8FvgEUbRrx5ipJPqglLBTCHSBkqJUVAxsE2sqfNpZuohJceSh7EtieDO7cbIoAaBsk0ADZdJA5KtLISWROIx6LHdXdVUtsjdCyUeKfTt7IPWfXNNa2Gjpn6p3A4wV5Lc7uWxzXa8TFrOwPKfXVl5Y+Fbm0kWNyvBlMlfcJsRD32AXiHxF+JNTdJZLPaXeHTt2MrXfV7Kv69+IdVfpja7WXw07DhzgcagsnBTvkI2WuMUkej0XjlTiywZEHOOSNz39Va0NtqK6RsUEZ32z6KTZLFUXSoEMDOD5nY2C9Rtdtt/T1OJZ42veBsPUomatVqdiwit6b6Pt1qjEt3jDpcArU09PV3EGGkGiA/i9k+22Kvvbm1c/khJzg+notfTUMVNGIomjS0dlnlPDODqdRKT5INtssFE1ukB2Bz6n1Vo2PIy7YDv6IdbcKK0UslXXSBjIxk52XgXxI+PT3Sy27puZ2hpwSEq2WA9Pob9dJKtcHpXXvxY6d6Qp3U8EplqwNgzt9181dZfEm/wDVVQTPVv8ABJOBnGyzlbdKy6VT6ytkL3yEk5KjljT2WaVx7TQ+Ip0i3SWZHN+TyV3OVxdAJWec9zOmM5OycGEnB2RhGe4RWMY3coQjkcQIyQixsAzhDdMxvlxhClq8jTG7buj5I05kl0zI/THdR6m4hwDITj1UZxc7lyZGwAl2FWCKGArnPkIyuiIDB2SDxjTpTdwVYeUlhBQ7SPKMIZlc47pwYSutjOVRXLBhruQE5rTwRhGDQBwu4CB/3KGCAkZwuiIg5T/EwMY2THTAAhB0E3geGtwunCjGXc8rhkJQu0FckgvaOChmYeiBqLih59HFKdjGbM8knxfZIzE9lGz7JYz7Id+SYJBcfVCc855XN+5TC0lUWFEpPZLxD6IWj3XNOELyVgP4q74h9P3UbQ71XNDvVTktxwSfF+36rokz7qNpK7oPp+6tTaI1gm+OfVLxz6qLgLuFfyAknxnJ3iAqNgJmHNOcq1YwZLJOaQTyigAgbjKgNmOMInj4TVaVklFre3+aEW7ofjD1/dP8QJisQGBySSSqU0yD0l3Suhue6rIWQWB6JzXuYQWncJ4hyu+CPRRtMB4fY+O4VUbw4SHb3VpTdRyRYEkWrHuqXwz6J2HcAKt20S6oy4NjSXuhqw1odof3DlZQubLw4fqsAzy7gbo0dxqoj/LlcMe6dXYvZlt0v6N9oSaw5VBbeqTgRVbcgbZWjoKulqvMyVp9RndaIyhLoxTonFhBHnGQjCBx7IrYxkHGyKGY7JhmlLaRxT5GcLvy6lafZLR7KC/kwRhBjskYTjcKX4aXhqsE+VkIQlp44T3MAAwpPhey74aspyyRiz/D+662M5yAjhm42Rg0Y4UB3sAIjzhP0eyMGZ7J4g9lCfKyN4Z9E/wz6KR4ITvDaoL3kXwz6JeGfRS/C9l3w1AfkInhD0S8Ieil+ETwl4J9f2ULIfhe37peF/h/dSvBS8FQvJF8P3S8P3Uvwj6rnh+6hMgIXPjOWqzpKrWQyU49CogjaOya4E8KAt5LV8YPA/dB8IDsmU1S7SGv3wpmGuaCDyoCQzEPVcMQPf8AZSvCPYLmkj8P7q8FZRAfDx5c/mgOhO2GfurSSNvYKO+L2TYrJcZ4K+aMEYAyFWz0ssBMsGQM5ICvXxF2MBCG2fIFTSQyNnoqYKoyDDwCU6SKOQEhuCu1lGWONRTgju5oTaeUH79wgwMTIctKQeFGkhx2V06IPHCizU59EGBsZlSWBDLFMczBxhCLUI6M8kN0eOE3T7qU5vumlme6g1SyR9PukR7o5j90ExkKBZBkYOEkXCa5CngY3wSLZXVFtqG1FO8tOc7L1jpnqemvVO1r3hs4G4zyvIAecJ9HV1VvqW1FNIWlp3GeVoqtaObdp1Po97SWe6S6ljvdN4cjgJoxuO60RaQtKkmcWyLrlhjkkklYsSSckoANSTklAxuRjGFkeq+mWSA3Cgjw7mRg4PutgkdOCHDY7KnFMZXY4Pg8edEW7FuCmgY7rW9S2JtPitpxmNxwcBZl0eEiccHTqvUlwDGySekhGSm2JJJdaoUcDDlPDduU7AzlPR7SCSSSUIPSSSREEkkkoQcuPY2Rul42K6kqwWuHkzdyh8CV1LVQf7pIcRvxwVSOiqbLUam5dA7jHGFuq+iZcKV1O84zu0+hVBBiQvsd1aBJ/wAIkc+6Uaabc/a1wfSDoSOWpobp/NW0tNkfQocsOg8L8sYR++SC9nfKn9PX6t6frW1EDzoJ8zc8oDm+6juYB3S5QTJjJ7vZLvRdR0YqIJGiUN8zc91J8IsK8Ms19rbBXR1VLKQ3ID252IXstg6jouoqZr4nATY3bnlZbKymsFmw8hOlGwIXGjSSEQ7rM+GJ9kGtp4qqIxTMz6FZ6nfV9N14eCTC8/ktU5qhVdLDUwuhlAIIxxwgJ2XtHWw3KASx+iZLGW7gLJWqunsdR8nMT4efK48Eei2dJURVLBIw5z+yoCUMA6KscwiCoOM8FWjH87ZVbVU45aAEqKd8WIp3Z9ChksmeUS3SzjdNa4Y3ThugXAljmTEbKQDkZUN7cYKfTzlv1bIhUlknpJocCMnZdJx2UAOp6YnqEHJqScoAJJJI7qEH5HqlkIYye64zJ78KFMKklkJKAMSSSShQkkklCD0kklCCSSSUIJJJJQgkkklCDEkklCCSSSUIJcPC6koQZvld0NcNwnY3ykd1CFbWUmD4sP5tQYZDs3CsSw6gOyjVduyfFgJa474UCHMdtwnqHFOR/Lm2cPXupTXeyhfY8Nc36Tujsnl2D48e6G3kFSMtc3DgoAFZMHYG2V2VgeMEAg+oyo01K1w1QOc1w9CmitfFiOeM5HdQAq6m2VVtmNZbAZGOOXxenuFIprpHKdGMPH1BWjZQ9upvBGMhU9ztbpGipocRzx+m2oehULLSGo19lJ0gDPqs3bLs+HEVfHolJLccZ+yv2Py3VvgIVIJxF4jWuAdsjAsLRgjdBcA7dMa7Q7zE4TFPIoZPQkvM1OdDjyOxVfX2elvUD6K6UzXAjynHdXkcsUuGtO67LT8OxynRscOgXFHid36ZvnQlaa+xyOdT5yWnJGFc2frO1dQBtNWU5p6sgAhx8jj916eYI5GmOeNr2kYIcMhee9U/C0VE0lwsUoaSdXgnbB9iulptbh4bMdtW/g8s+KX9mm1dSsmvfScht9x3cY+InH2I47r5fvtu6o6NrRauq7W6ncTgPznOP6XcL7UtHVlw6dndQ3rxHxNOjS/lpVvfelehfijaZKC600c7ZG8HGy9z4r6gsqS+V5icfVePUuYnwO9sNTu6PBHDhs781MoLzdLS4eFOZIx+Fx4XpPxP/s59T9DU8106dc642cEu1NaRK37g7rx8OfHs5xdle70utp1kN1TPO2KzTTaaPR7Z1PSXBoYHhkgG4dsrZk5cOc49F5Ix5GXNGCr6y9TVMUjKbxtBPd24WrBoo1qXEz1G33mpozhxL2eh3Vr41vubctIjk/RYaj6ge0j5yJr2H8TVc09VTS4mpZmg9wThDtydWnVwfTLCooqiA6pYTo7ObuhNka7ywzeb0JwpdPXPk/lTkjHGeFypoIpiHxgMeO47ok8HSjLKyDjqalo05zhSoa5udMoIKr3R1dI/LxrZ6hEZPSz+XIDu4OyrgbGRah0bwCxwOUwxalBNPpwYZXNP32SE9XTed2Hgc4Kscpk3MsRBY4jHujx1plw2aJjiO5CgRXSCc6XZY70Kkxxh4Ogg/Yq1wTYp9kS49N2y45kZEIZDyWcLO1vTN0oyXwSa2N4I5WsJqI8+C8A+hXRcS3yVERB7kcFMV84vg5er8LpbsSSxL9owgra6lPh1kbns48wVfdLL0z1A10dZQtje4fWGjK9Nkp7dcIjHJExwPtuqOr6KjkkLqWcMB7FaYapf1M4Gs8Deo7klKJ4rfPg1TljprBXjxM58N237rCXfo7qixZkraJ7ohy5m+Puvo2rs1fbHEvjLmDhzd1CdPOXYm3HbKfG6MumeS1vgapxwouLPmyNzgd3HKsKW4VNOQ+KZ4I917HeOgemb658r6QU9Q/fxItsn3Cwl++F95tOZqB3zUPIA5wtKlxyeW1f0/dVHcvuRU0/UVUyTM3mb6K5p71SzgYcA49iVjpIZ6Z5ZPE5jgcHIT2uB3B/RM/wefu0ai8YwbtszHN1Ap7TnssVDXVMbdIldge6s4OopWRhsjdRCLLRjnpJdo0a4q6C9Ur2anEg98qW2qhe0OY7IKvdkzumUeGHSXM74yuok8kfAkkkkzJAKSSSgAkkklCDzukMjvskkgISaernp3Dw3kD0V3Q39r5GRVQAzsCs6nhzQc+iTZVuOlofJajRTynlfo3hpLdWR5L259jhRZqSttx10zzIz0J4Wbprg6LbJV3SXp7GDMmth7HchYbKOeT2/jvqHT34T+1k6nuzZf5czdD1KZUvYc6s+iri6lqfO3DHlO14GMrNZpkuj3Gj82ksOWS4julSMDxFOp7rO0+d+xWZL3Y2dhPgqpmnzHICzuhnao81F+zZxXaAgAu3KksqSSC0bLGxVRBG26mQXKoiIycj0WeVTfR1KvJwl+TNWJ+NspERPOoxtye6pKe7s1YmBwe6sW1MLwC2Qb+6U68HRq1VUvZKwBwutOHAoYO2RwueLvghC04muLT5RNZKMBFEoxyFBD+6KJSg3jESxKM8hEEgwoIcMjBRGSDHJU/uiyaHe67k+pUXJ9Sute5pzlXkhLDyDsiicu8uFFE/qE4SgqcMmMkh0EUwy8ZQDA2A5iGMpzJMd+EYnOCqfBW1MjsqKuM5aA4e5R21zSAJGYK4Q3bypPa0jAGEUZZYuVKbyh4ka703UWa20dSD48DXeuye0YJKMwjfCfF4Rlt027sxN6+GHT121AU7Ii45Ba0A5XnvUfwOfDI+W2yZcPwuHK91cBkYdunc7lOje4nG1fgtPqo4mj5HuvQ19t0jmuonkN9is9NS1EDi2SJzXN5yF9nVVvoqv+/p2Ox6tCyV4+GdluD5JG0jGl3oE+GpPI636Oql/tny2yoqYnZaXfmpkN1BOJoyPcL1i+fBeQTOFI/S07jbZYO8dDXK1uc18JeG92hbKtRH2eM8j9M6jTy2wiV/iNlbqikBRo5pWtxMBj1Cp5aSenc4aXNxyOEOOrmjcdLzt2JWqFu7o8pqNJZTLbNNGiinY4jDsopAc0YGFTU9fA5wE8Z3/AKeysYpKd+QyrI7gOWmM8mSUMcoIadsvIBQ9Nfbz8zRPIA5apLI5TuwavtuusnqI8/MNwAmRbT4FyX7J1J1PFgR3SPSCMagFawSZLaq0Vuk8t0u4WeDaSrBjLGuz2IQRRVdE/wAW3TOb/hytMJy9mW2iNi4PV+nPiTXW97ae+sfKOPEG+3uvTrZeqS5wNno5A4OHGdwvmmk6iccU9xhweNWFe2261lrlbVWq4va0nJbq2/RMTycy7QZ6R9E68t3GEJYTpv4l0tYBSXV2iQbaxwVtoaiOoY2WFwexwyCDlMOPdVKqWJIekkkoKEkkuHhQh3UfVOQfxJ44UImVXUnTVn6ipDTXClbnlszRiSM+rXdllmVnV3Qkhlry++Wg7NljGmZg75b3/VegHB7poBHBVPgbDUuP2tZRDsvUtn6ghElrqfEAG4Ixj2R5qKOKR09OND3cH0WTvXw9dLIbj0jVm03Dl3heWGUjgOaPz391CoPiBcbNUCz9dwNpZ2bCpB/lOHGc/dVGSfYx1Ka3VvP9vZvKSvfr8CrGlw2DuxViHB24IVTBV0NwhbNTvbKxwBDhvt2IKmRuLcYOQiwjK8p8kzJSyULWPb9Ug8HhQmQuSlkrg3SO6hYbZDez0TW5OfMU380YA5spYQDupQcCM5UIjKc2Qs91CB5Yg7cDdRdEkR8zVLjeHp0rA4DuoQryA7OyjSxknICnyQkHyjZCLMchQhD0kBNcGuG7cg8hHIHohEYQBYPPesuiGTsfXW9nnBy5oXmlQ2SlkMUrSHNK+iHsa8EEcjCwPWfQwnjdXUTMu5c1oSrIbkdXQ67b9kzw7qC0fMPdW07cHuB/moNtqnSE0lRyOMrYVVLLA90UrcFu2CsvdrRpe6opwQ7nY43XMv08bY7We58R5eWnkoyfAmh0EhGNkUP1NzjJHBUKjrhUROo6rDKho79wpcHkGCuBbROqW1n0fSayF8E4FzRVTayEwu2c0b+6pLzRPw44yGlGDzDKJoTgjn3VhM5lZCJWgbjcJJ05WK2vazDTDw3cIZdlpVndaR8Jy5u3qFVkggqHFuWx4OZKjzM9kb8W6edJG43RKOTLPkgtaWnJ7KQxxGFyRuk7Bcb3QteiVycWWNJUOjcN+Vo6CtLsAkLIxvwdirSjqQwhJksnW02plB5Rt6WQPA4KdNECNhkYVRbqwAAFWwka9u5SpRyehhYrIpszFyomxTF8YwOSFFaMNwtNVQMmBDmg5Wfqqc07iBuPVVhmHU0qL3RIR5RWSlhylpJOUnHBROODFlotaGsOQ1xwtBSyteBjCxzHFrgQVc2+uDQNRVm/Tan+iRpfDa5vGVT3CldEBK0bE4VjTVBcBkKQ9jZ26RtlTazdJKSyUFNO4ODSMBXETstByqyrpzSTeVuAjU9QMAIo8Ax+0m4QJQAQjtcCECfcgKxyaODhdZgOzhCHKIOEvJOixpJ9DhvsfVXEJY9o2CzQJBBzwrOhrACA7shwbdLqVF7ZFoadvYZQ3UoOAApUT2vHKLgYOyWddJPkrRSaQcBRZaNuc8K5dGckKNLESdkGAJ1ZKeSm0guaMKPFVSQPznBCtZIsg7Z2VZU05BzhDKKYqLlU8o23TtzbVRNGd8DZaOnrn0sgcM4PbK8poa2ehma+I49R2K2tsvDK2MNkcN/2WG6k9H4zWwceez0i3XIzNDhICB2yrdkmoA+q8yir57fM17Dlh537LZ2i7w1kbTrBOPVc+2rHJ6Ki/cXhGVQ33p4VrTV0nkmZvt3V0yQHHujM34WVrBp7MbZb9LFMKC4eWRhwHHutZFLkBzTkEdiqXqLp5tY01dK3RM3fbuqezdRS0cwoLgCHA4BKorODX1VLBc4DBUjyng9wVm3fOdOVeh+XwuPld2wtBHK2RgfE/IO+xR5IqesgdTVbA4O2DscI4xyXlMiRzRVsQqaZwJxkhdmggr4DC/GcfoqplLP01Wkv1SUsncdgrOWEAC40DssIy4dsKmAzCXW11NpqnOwdBOQQrmwX8PDaeofkjYFaGrpILnSESMB1N29l59c7ZV2aqMjNRjyktAp7Weil4djAwjPAqISx2M42WZsN5E8LY535PYrRwuxgjfKpo1VzyTLTWCEGjqDg8NceFNeS05xnKqKmIysDo9nsOR7qbR1nzMfhybPZylSiaSXBUeGcAKyikEjMhUjwWH7qXRTtDfCe7GeClBE6Rwadt8pjyJoyMbgZC5jOTlMbJhwOOEUVkhyhqjUMdDIM4yPyVTUwfLVDmuHld2UySX5CubKB/Lm2IRK+MVUZLW7t7p0eBcujzzqm3fLz+PG3+W49lhLnAaecvZs15yvXLnSCspHRuGSBsvOLzSFjHRvbu07LZXLjBw9fS8bkV9tmGRk4IXrXTNwjnpGMB3I7leMwPMMgK3XSde5jywO8uzgmSWORGjnteWekA6cLkpLnahsgwvEjA8HIKOATwq7O5B7kQbtTCqo3NLckNWNtkz6SqMbtml2wW+c3WNKxV9oH0VSZON8qmBbHBeRy6jxynubqOcqstVX81ED3GxVqd0yIl8mO+Itnfc7FIIgNTMkHG4XhHYjK+na+nFTTmNwyHAghfNlzpH090qopPqDj+meV63wWp7rZ8h/8SPHbpw1UFz0yLESx2xW56fqfEhbESNwsG4aJBlaGxVJjnZg7Fe407R8auXxywbQfy5A4EYChXqLxqRzmtyQCeVIeS5uxTy1rqfwnDcd0/CYp2ZKuwVpqKTQ8+aPZTJsSjSeyz9uc6lu8sTDhhJOFotY5KWFXYUQj+WuBb+EhGq/JGZSMgLt4ZoPzDRgrod49A1unc7pUo5NlbxyHs8xyWagQdwr+N50gLI26XRPjjGy1EbwcZ7pE0em0F22PIeRxaQQutdnfO6FM7jC405YHDbKUdyq4dWO1R6COe6j0j9tBKLUN1N/JQ6ZwZMc8rPPk0xtJNQcocBxt2T5s6C/HCE0+drccpeBrnk7OOEBu7gUeU7Ywog2O5S5lZJg4Qqg4anAjCFP5gAhGp8EGq+kv9EopiQAUps6HsIQIJNB4UAk8MlgkndeS/EiHw7oZcbHO69ZDsjK80+J8D/CZLjvhGuDk+dr+XRS/sedP3IK6PpC6B5PsExvKNHzVElqIhtRE1AA3IUhwiuQpeyCRB0XdFHKFF3RRyiQtBBwujlcHC6OUxFsPH2RWDhCYCMZCKOForFtcpkyl2OVPp8uduVW07gHBWdMiNlDWCWGjHKg3Fxw7fgYUsHGMuVfcXgah6om8DrpYrKqQ+pUN31KRLnOMoOckJE3k50UFaABsiJg4T1C28HWocn0lFb3QZSMYUksLgWnkC7ug9z912QnPKa1ZZDWd7hSqCn+ZnEeOVFG5Wr6QtkNRIJH5zlYdRdGuDydTxWkeouSwbzpa2NpqZshbgAYCtKybQQ0DPqjQsZBA1jdg1qgMldPWhjm8leelJy5PqNFeyCgWVrppGHxnDGeFeUzS52QFAjyxoZhWsLPDiBxudypWb4vZHA+QhrDsqitl05OQp08uARwqasm3O/K9BpfwOF5GeclNVyF0hGeeVZWSgLsTObyVVaHTSuwO61tnhfFTN1DndarJ4Ry9PU9ymyzhjDGDAQppgByEWR+hmAOAqOvrDkszgqtPB2zwXr9TDS1O2foZX1Ylk0M3x391uOibJoi+Ylack6icfssx0vY33Sp8YxFzQcBewWyjZR0rImtAwAvQ1pVRSR8E8/5H+bqXJPgk08YibgDA9FKYMuQWDJwp9LDuHEI088nmp5yTKWMNAJChX+6iigMTHYc4KbPUMpYDJj6VmGMlvlcZ3jTE07A90zoFLJKstDreKqRuXuG5WopacggkY2UaipxGwAtAxwArNhw0bJEp56I+A0TdDcJs8wibkrofsTjGFmL1dnTyGmgk3zgkKADHPmvNyFOSfDad8LYUdNHTwhkTA1rRjbuq/p+1RU0Ae5vneMknkq2AA4S7MkGnlcXTsuK4x9giPBVPKZb1XMoKeUtpmO/nubySPw/ZFulTUSytt1Fs6QZkePwtVra7fFbqcRxt3O7j3J91cnjghOhpoKOFsEDWsYwYAAwqvqHqCjsFtkuVY8Njj5Rbzdaa00rqqslbHEwEkk4yvK7Ra7p8XuphXVjSzp+gedEb2keMT/pgFLbyNjHPL6LDoTpu5/EbqA9b9RwOitUJBoad/wCP/ER+QXsdZW0lopAcNa1ow1o2C6DRWqhEbGNgghbhrRsAAsbNU1XVNy8OnjIo48gknn3RgOW54XQJ0lw6ouBe7PgZwB2x7LY222xUUIjY0Z7lNtlsioYmxQtGcblWIAA4S5gybZ1oIGSc4QZ6jfSMLs87IIi5x3OwHqq4OfK/UTyhCRIOH7nddTRkADG64SDkdx2VpZKSyF1NG5IwNyvOeuviPT0bpLTaMzVDdnFp/ZVfXPxKM0p6f6YJlmdlsszXbN9gvNbjVU3TtI+5XKoJeTl7ie6fCGOWaqKnJ4S5DXC4/JxzXq8z+cguAcePYLxjrTr64dTv+VhkMVOwkADuo/WPXFx6rqTCyR7KZh8oG2QqKKHAAI3WhcdHp9FoY0RVli5GQU5JGeStLYbDPXODWNIBOCcI/T/TDp3NqqjAb2B9Ft6OkdK9tBaY8u4ccbEowtVqcLCD0NNT2WkbQUDGuqHgZPclamw9H1NS6Oturg5v1eHnbKsOnukobWG1FcBJOdznfC0O7D4hOmIfUfRKsnhHEvvdjwPjgjhjEbGgRt4AGyy3WXxE6d6PoZHmqDKjGQQc4WU+Knxvt3S0H8Ns1Rrq3ZBc13B2Xyxfepbx1FVmsuFQXvPdYpWcnS8b4K3WP5rliC/8zW9e/FO89Y1csctQWxcANOMhYlg79+5QmM7nk90Zo5S7J7j21NNelgoVrgb9WwTy0nsutY48qQAABtus/LYcpDGRlyNHEGeY4XHyMiwgSVLH7NOVWAVFsM+RrRjA/VR5pzjGEB0he7nCcRlQao45GOlc48rgB55ThuithLsYTCbkuBoJ4wnBh9UZtOe4wjNiACgMpYI4hdxhEEOdzsjEtA2Qy8IcoFPJ0RsHb910lqjumxtum+IPVA7MEDF/YBD1eyZ4gPCYX9kqU9wSWQhI9VHcSNsruolccqYW39jvpTSMoiETlKxknQ5D0opGFxQsYnfSnE5Scrgi+zoGEvKkeEsKN4KOABdxhcOB2SyPRTJBaR6LhaB2Xcj0SyPRTJDoOV1N1eyWr2QYIOSSSVEHJBoKbg+iaTvuFC2/2FEeV00+2crgOF1spG+lWnkFMYYXldAeN9OfzRfH2xpC4HNJRFbUIPIHCcKglIacYS8NucqNNcgjw/PZPa4eqCYyRsmhkkZy4fuopsF4wTmrqjRyEbEcorZdWMhHkQ2ExlcwE4OBCciSyECztjC63CIkjwUwbh3R2VU8BHhPI/NN0lcwVMuHQqSTfJo7V1fJFphuDXPaNg4dlr6G5UdwYHU8oJ9M7ry4A53UqmqZqdwkhkcxw7tKbXbJvEjHfo42vMT1TT3wugDKzdj60jGILoARwHAbrX0z6aqjE9Oc6lq3Ra4OTdTOqW1oE2IkA4XfBPopojH2XNAVmSU9pD8E+iXgn0U8Qg8Bd8H2V7WV8pX/AC5/p/ddELgc4U/5c/0/ul8ueNP7q3HBPkyRWgcYTw3ZH+XdnOnb7p4jI20/uqwTJH8E+iXhuUnR/h/dd0f4f3UwTKI3hn0RAwA5wpGgeiboPopgrKQwRN9EvCb/APKEXQUtBUwXlAPDal4bUTQ70S0O9FMEygRjbgoJjI30/upeh3om4CmCZREMZBwUvDypvhrmgKibkRWtPCPTyOaAHbhIMA4RNIxhQmMkljmuaOEx7M7oMR82fRTGPa5oGOE6PPAqSaImDnhNeM4Up0YO4CGRp5KtRwym0RxGCN0F8QHZTNB5TXN90WQ8ldJEMbBV1RREkvi8pPZXT2e+VHdGBw390Mo5GRkVFPIdeh53CNJE2RvKU1L/ADTIzvumtc5uAShccDUyFPCWO4Ud7O2VbPaHAjGSVCkiIPCXgdCeSA6LuhmMjsppaeCEIx+qocRy1w2ITNPspbgPRBLRnhQKMsdkV0eOCm6fdSXN91zSgHKQADCYRlGOyYp0UFoq+rtlUyqpJCxzTk4Ozh6Fev8ATHVFLfqUAkNqGjztK8bU22XWa01TammcQWnJ9wmwngxanTKayj3NJV9hu8d7oG1sWMHAIB74VgtUXk4tkHXLDEkkkrAEknpKEGJJJKEBzU0VTCYZG5B49lgr7ZDbqnYeR+SPRegqJcaGOth8N7d8bFBKO4bTPZLJ5kYyCmqfcKR9FOY5G9zgqIRnulSjg6SluWQacBhPSUSDyJJPSTMEEkkkiIOSSSUIJJJdwVCHF3BSAOUTYgbKmR9CYSM4VR1HaPn4zXxktnj3y1XLk0jKS1kGNkq5bkfRzom43Cr6qm9BsreaJziCAgGMdwvyuf0FKGeIs2woZjJV9U04O4b2VZJCWnGFT6IQXx5GOVJtd4r7JUtqqCbQ4HODwuOYUF8ZON0mSyR8ntfTHVFH1FSte1zWzgAPb6n1CvNXsvn223KstFUyso5S17e3Yhex9K9WUvUFK0OcGVLRh7D3Pqs1lWBc44L94y0/ZQyDkgqdglBdHg7LO+BaZU3Cjjq49Dx9j3Ci2S61Fvn+WnJ0h2kE9wrl8JONsqsuNL4jMAAOPdLaci2smuZK2YN483ouz0wIGnZZGzXiajlFNVE7bDPBC18E7J2B8ZyD+yjEyjjoZBVy07vBmaSM7FWMZa4Ahw3UR0QeMFuUyNkkJwWkD0SpJozyjktCA4coMrdHmbsmRTEj1RtbZPLnCgB2nqXucWSHHopjVXSxkEOAwe26JSVYefBlOHDYFELayWKSS4TjsoLCJJJKEEkkkoAcPCQ4XU0jChUlkeCcp44Q27ogIwoLOpJJKEEkkkoQSSSShB6SSShBJJJKEEkkkoQSSSShBJJJKEGJZHqkeEPfKhAiYnDcJqhAbPqCMMYQdDvRd1FQtrIyrpYpgC5oB9QobTLEfDkBIHDvZWSY6JjhhwyFZaeCPG8Hcbo4JcAAoslHJAdNIc9w1FpJ25xJ5XDYg7YKoslRkg79lIPgTN0OAdn1CHhpGEMjByCoKayMdRzU+X0smc7ljvpTqapY86HeWXjSdt1Iil04BGUpoKeoGXMAd/UOVGslEK4WuGvbh/leOCOQoLH3G0hsE5EsGfrG5P3VgY6ym3DvFYP1XX6aqPG2/YpaQxMUFZDUN1RPB9vRG2cVRz0Etul+aoQRv52diPZSaC7wVTzG4Fjx+FyICSyWZixhzfKfUFSoqkaQyQ5KjA5CexodkJgBLbpdu1NPlOc8oGJGEFjsD0ThNkbjhRPnJWCr6h6RtPUkXh1tOwO4D2tw79V5ZeOkepeippKmAmSiY4aZWE5bngO9F7U2Uk4LcIzXB+5W2jWyreGJsqUjyux9cfNQiGvDZARpcCN/z9VkviJ/Z76O+IrXVtjc621xBc6WJwDZCeNQAXpPUXwhtV3Pzdlc+jrNyTq/lvP+JqwcVf1D0TVfL3mOejIPlJGWO+xXovH+UVclOLwzm6jSQs4kj5H69+FnWnw8qPDutpmmpiSGVTGHQ7HusY000x0zMIPodsL9F6S92fq6kNFdKennY9uHa2gh33yvEfih/ZJtFzIuvw9rRbpwHONHJvA7jGMbt7+q9/476hhbiF3H9zz2u8bsw6z5ahut2s7xIKj5ilJwQdy0LS2vqa3V4DYqrRJ3BOFRdQdOdV9B176HqixVFOc4OtmWOHs7gqD8pR3FpqbUfBnj3Lccr09dsLea3lHLTnppHp9FfKmnAD3eKztnf91oLd1LSVAEch0ntkrxKg6ivFmmLLlC6eA7eXkLU0F6pK9glidoJ7cEIlhm6jydkXyexxvjmYHNIc0qPV22mlbs3ST3C87pr9X0DmuimLm+mVqLX1jT1IbHVgNd7pck0zt6fyELFyS3Q19Ecsd40Y/UKRT3aEkNkbv3yp0M1LUt1RSAg9srj7TQygnQY3n8Q4VJ5OjXNS5QKSmoqwamENce4TBQVNP54JySO2VGqbbWUx1xO1NHcJ8NwqYABOwkeqPchyn6JIubmEMqoiD/AFBSopKaoALSCfQqIK2kqjolj/MpSUMT2h1O/QRwQUuUsl5zyyW6lGdUJ0n2XWz1EflcMkd1AFVXUZ0Ss1t7EqQy6U8jR4jXNd3BCg2NkUsEwVEUjdMzB9jwoFRarZVP1iIN9cBGa+ObJZumyF0ePT7IoycXlGe6qF6xKKZSV3TTmZkpXZHoqmSGtpjpe1xA9ls2zHGcLrnMJ8zWH8srRXqpx7OLq/B03rNf2s87utqtN/YY7nRxl5GNYbg/qsTe/hVC1pls8pHcNJXtNwstFUHU1nhuPdqrH9O1kbiI5A5vYro06uMvyPJ+R+mnJZsSf+D5zudgudocW1NO/A742VcN87YwvoustYwYbhSNlZ/iblZS8fDa2XIOltrhBIfwnhaflU+jx+u+mLaov4Hn+zPJ4zgqdBO5jRpOMqxu/RV5tDiJIDIwfiaMqle4xAAtR4yeVt0d1S/1otMnxXOaN31furCG5B4HivH6rObl3KKCcBWjDKmMuDUtq4n/AEOynmX0CzEVQ5owMqXDVuzuThRSaM8tO0+C+a8O74TlWRV0WwLt1KZUs7d1fyCZVtBkkMSN7J2rKNNMm1jkkklZTWBLuSuJKFD9+xRI6h8LvL3Q1wjIwglHPIfK5RZ01y0keKNvZW8FZDMPK8b9lk2c5zwixSOiOoOWecVJ4OhpvKajT4w+DXOlA4wuslAO4VDBcXtwHnIUkV7XgbpUqcHoNL9SNPku2HxP7s742XPmKiJwEzduyqxUyxkOjdhSWXBkgDal2Qs8qD0Wj+o4T43FpBV0zxh0uHKQ2Q4y15wVSPZRSgOj59ikw3CndmJpcwcAlZ56c9JpfOxfbNTSXCphABcXN9Cp0V0a52JG4HsspBfYhhk8ZYe5Knw18E2NLx+qyzqzwj0Ol82p8KRqWzxvALX8ojXZGFnWSubgtecKbBWvOxcUp0ezu0a+Mu2W7SfVEYT6qviroTgF26lR1LTx3SXFo6UL4z6JYIKMCCcZChZ90UD1Q5yHuRKA2ym5cDygCQ8ZP6orX5PCmBgcPIRmzkYGFHDxhLA9VAorJNEjfUfqlhv9QUPB9V0SEHO5/NRPAzaiSGY7rpz6qOJ3A7tTxVjG4V7mU4Jjzq5ISEuBjCQlDhkBMdjJGVakxU6UODsnZFaThRs4OxRGiUtz4mfbCZGwzy0yHSNBbvuq+a20dQczU7HfdoU4OcOUsj0TVLJit0isfKMR1B8NLFdmvkggbDI7fIGN15rffgrXx+eglbI458uMEf8AVe/EDGEN1N4mCE6F8odHG8h9P6XVx22RPka69M3ezTOjrKV4DeThQGkY0uOCF9bXCy0lY4fMU0btuSN1guovg5Z7o589LH4Mh/o23W+nXR6keA8l9Byjmell/wBGeGUtXXwHNNPp9juCramv0UmIrlBpPBcBsVY9QfDHqWxvc+khNRGPTnCyznPikMFdA+FzTg6m8Low1FcumeA13iNVpJYtreP2ao0lqrWeLb5SJB3aUERVtIdTtTh7rPsiIIfb6vTIN8ZxlWtP1PVUgEV3pDp414WmN205DrlngkyNp6oESNAJ74UZsFZQv1005LfTOVaQvtF1bqoapgkIzpJwhT0FVEcaThNjYmA1jhnYLkH48dml39TVqbF1ldbS9vgVRkj/AKXOysWBg7/onMqSw4xwnZRmtphb+SPoDp/rmguzGx1LhFL77AlaVsweAW7g8FfNFPc5ach7HEY754Ww6Y+JUkEzaaasLmjbS/smp5OTqPHY5ge1g5XVS2jqKiugDWSt1EZVyDkKHLsqlU8Makml+OyWvKgsfkri5qBXVCCyfVRq+zWq805prrRR1MZz5XjOPcKSnNdhVhFxbi8x7PL7n0R1T0nOa7omrkqKQkukoC8//Uj7Ky6d+KVJVzttV4pZLfXtGPDm2JK9AHlOVQ9UdH2XqrJuNMzXjDZA3D2n1ylyTi+DXDUQsWL1/wBS4hqfHYJGP1NPupETyTwvIqm1dfdBS+NbKx10tw3ET/qa1aPpn4l2u9uFHO401WNnMk8u/srhLdwLs08vyg00ehxvyERVlPUF+HcgqY2YgDblMMz+14YRJIbpIwRJEZSSUIcY8sOc7KU2oY8AN5UZNbtuOyhCcMO5CBNGCMprKk8OCK2RrlCEGRhymvZ6qwfE12NkB0J7KEIWn3QXb5BG3opjmEBRSME7YVPotGF6y6Gir2PrqBga4buaB3Xkt0t8tLIYJ2FpBxuMZX0k7dZXqzoqlvjHSU7WxTYzxtlZZwydfRa/4/tmfNt5ofBLaqNoyDgnuh0tWJx4bhhwA/NazqKx1Fuklo6uIgjI42PushPTCNw8MYK52o0zsPZeJ8rKuW6BMBOc8qXSziJ2l30kYVVT1Gf5ch37FHe4Pxg4XCtonXPDR9H0WujqI5RMulKJoHADO2QVj6iIxcraQTeLEI34y0fqqW+25ugyxtwDvsk4Zo1Fe6O4zurzIzTgcj9VEIcCTjj3SZLvhFhnI3ckt4B5CCQis8zfsk5gwSqHIE0nVuVKhm9womnBOE1oIP1FKlHI6qTizSUFWQRuFoKSp8RoWKo5Swgq/oqwYCDo7Gl1OGoyNBnUNlX11OHsI07nupFNUgjBCk+Ug5blC3k6ko/JHBl3sLDpcMEIbxnCsbhTmN/iDgnChPGQq6ObbXseAI5R4pnREOaVEeC12U4P9SomZlPDNRbK8ys53HPqranmJxlYqmnkp5BJG7GOR6rQ0lcHhpPomxknwdajUZWGW1XTiqjPqqctdBOYiPpVzS1LTjIUa4UrnE1MTc+oUwjS/u6BwyFwAwiubnlRYJdDsFqnB7XtBwrJlkfBSwUYtBOSFzQEqUchDWokchjOQmLoOEGGWi5oK9riGOOCPXurthBY0jjCxrZdGNlfW66NcxrH79lMM62k1ePsmXBY3BUZzPUI7HtcBpdnKfpA4CU1g6yakiukhyNh+6g1EGrfGFcPjGfugy02RkIJC51ZM/NT6TnCVHWyUkoLScZVlPTHB2/dVcsLo3cJcoqSEx30yUom1tNfHcIvBeQdtvUKVR1VTaKoHJLCVhqOrmo5WyROwR29Vs6G401zpsSEagN8rFbUd7S6t3xz7PRrXdoK6NrmOGccZV1A/HbK8ipaypslYx7HuMbjg5Oy9DtF7gq4Wu1ZJWCyrB39NqotYn2XjgDwsz1J01HXRuqqVumVozt3WhZM13CIcO7rO4s1yxNZR5vYeoai21XyFfkAHAJW5hqI5YhJG4EOVF1Z01HWMNZSMxMNyB3VN07e30cpoa4kEHDSSp0K3ODN0SZY/CmaHs9DugUzjRk0sh1U7ztjsPRFoqiCpZpDsEdzwVyrppIyD9QPBCgcZZGB3yk7oCPKd2/ZPlp6esjLZomvB9Qm6P4hROaw4liGR6kKJTVMrP5Ug8zVWC2jKXS3y2WvL4A7wXHOPRaW0XA1ULdXYKxMdPWxmOoia4HbcLI19LV2GrMkZJp3Hb2Q4RIycWbeM5blAe51PUNqG7AnBQLZcW1dOwhuDjdTpWNkj08pUo5NcLE0T9UdXDrjIz/khtJieAd8qFbZzDKYXH2U6oGeyVhjc5LGGUObzunEd1V0lQQ7TjhWMcgkG+yHoYR7jTmoow9vLePXKHaagTM8OT6mjSVLzp2O49FSPebddGtH0TFNRT6D1tP4E7h+F24WP6st8WDLp2cM7LfXAMlpg88hZ660ba6icwjdoyForntMOorVkdp4/UR+H2VpYa8wTt83Gx+yDeaN8Ejhp2aVAhlMTw8Hhas70cCyT09mMHtFjrGzwhurkZCuWkYwSvP+lLnqaxpd6LbeIWlrucjKX1wdyieYJh5HaDn1VX1DR/OUusDzNCs3O8RvohyNEjcA8qDZy3Iw1rndS1Xhu2DjghahpyMrKXGCSkrXhwwQ7IKv7fUOlpmOcN8AJiWTK++CY4N21EDC8E+JtJ8h1P48ZBZVDIA24Xu8uXYK80+K9ohkoo7gGeeJ/lI7eq6/jJuq1M8p9XaSWq0MnH+nk8mqzpl2HIVjaZSRGdWCHBQKoeQPxlOpn6AF9C01uWkfnPyNLT3noUcmoDG+ykRu52VLbKvxIG5VuxwIDvVdNs4m/cZm7RS0dwFQNsuz+Su2S62A+oBUHqOmkmp/EZ2TbLU+PSta52XM2Kj6G1ywyZWxGeBzByBlBtWZabQR9OymHc4Ki0J8Gvlhb9J3x7pMzoVTIDQaarc15xh2fyWjo5xJGPULPXppZU5HdWFolc5jQXdkmSydnSXei7JyBkprXbYyhPOeChsd78rO+zu025RM2Vfkiu52UoE4IUSQaJQ7KX2boW4LGXBGOyAANQPou5LowcoLe6U0aYzyFlILd8KGDhxRM+6C8jIS2hgcFwHK4STylGSQuHZKayHGWSNUcuUFp/mhvGe6nTDVsq6Z2mTjjuqBmTtgDusR8SINdq1gZw5awPLhuVSda03zFme0DJbujMutj8mnnH+x42OAmRd0QjBI9EOLujPljWG0OHKOOEAco44Tok9iPB+yEPrRTwfshD60ufZJBBwnDlcHC6OUSFPsIOEVvKEOEQbj1TYopskNwRwnIbUTOFpikgGPpXHUFaU2wCqqX6la024CM0afLJEp4wVWVxyXZPcKc4k8lVlcfOd+6pmi/wDArpTlyGw5KJIRt6obOVnm+THnHRJZ2RG7hCjOUVow0KCZnHnCiy5xupkhAGPZQHHJQzngGCBu5KGRhEBymA5Wax5NKjkNFHrIC9T6NtkTaZk2OOV59YKH52tZG7OMhew22lZRUbIWDGBkrzuuszPae9+nNI66vlkHqpBEzHqi2qlBBqHsGTsMqvJlqakM5ycYWjpYfCjawDcDdYHLB7SmvdyGihy4bKc4FrQ1CpwNs7Ik7gG4TKx1kOCFWPxvkKhr354Ks693O/ZUcmXv9d139O8QPNa6LlPaSLTSumnDiNlrYGBkY22Gyr7TSCOJnl3IVo8hjQ3smSe58CorZFJkKvqhEFRMZNc60sibkHn2T7vUunqdDHHy7bLY9CdPswJqlvmc7IK7Wj0+2KkfLfrLzOc0Vmq6Ts7bdQREs85GStK122MIUEbYmhjRsBhGYN1tbyfKpz38hIASRkKwb/KaCRyorAAM4Ua8XE01LgO0lyMB8kW63F9bO2jgJwDvjury2ULKeFoa3fuqjpy3lznVkzSS45GQtRCzQAGhWA5YJEUfG3Clhoa0DOEGN2BwgXCvipoy9x3A2CWC1uIV+uBpo/Aif5yN1F6ctYmca+pYSAfLnuVX09PU3WrcDk5O5K3lJTMp6VkTQBoAB9yhlLBJLARnlbgDHsunJ7pZySkh7KEodyq/loCGH+admhSZpmQRukcdmDKg0FNJXy/PVI8pPkz6KZxyQkWehEDPGmGZZNySpVfWw0UJkkdg9sIsssUEZkeQ1o5K8m6rvFy66vT+kumnfyWDTV1H4WN77qk8hxWQVa28fFfqRtqo5S2zUZxUPaTh7ucZXttotFvsFvjoqGFsUUTcbDGcKt6S6et/TFsjt9DAGAAaj3cfUlROqb6JWutNvkzO4b4KIOx7uF0Qrvc6i/XRtroXF0QPnLdlpbTbI7bA2JjAPVV/TNlNtpm+IA6d41PeeVocD1VZQnGB7Ttwk6VoaXHgLg7j1VRW1crqv5CF3P1Y7IAR0j31lRqBw1vG6kRgN5GUFkYjZpB/NEL9HbKJLIaWSTsNl5D1v1rX9R1NT050q/FM3y1tTq2xwGt/QqT1n1tL1DLJ0107nwfpqaxrtgO7QsV1l1hY/hn08WEs8eVpMcYdpDpMck777p8IY5NFVM7HitZZW3mvtHQtulkqZQJGg6ifrcfTK8C6q60u3V1a7xJS2lafIwcY91CvnUlx6wuMlfXvcWO2wTyg0NDLLOyGmjySmHqdJpIaaO6fMx9PCcY0kYWu6e6XdIRWVmGsG4DlZ9PdLNp2sra9ofI4bNwtzZum57m5oni0xE5LfZWI1Gsa4INnsU9xlbBSM/k/142wvQbRYqOzQaYWN1u+o4RoI6a1Uwp6eMBo2AHKhXu/0HT1skul0m0Rt/dDOW1HKstna+C1M8MML56iTRFH9RxnC+ePi58e45nSWPpJ+tjAWvna7Y59v1WN+KPxnvXVj5LVbZ309taS0szkPHfPC8vbqCw2XZ4PWeI8F8f+tqe/0FqqqorpjUVMrpHu3JcUmDGCQmhpzwpDG5A8vCzSk8npXL41tijoPoESFhcclEjY0YLhsk6WJowzdDkTlyYYMY0ZKjzVAB0gZwhS1DtWE1jtQVDNvsT5nS7eibG0c54TtBOwKcyFxOCPzU7LbUVwMEeeCitj1corYQ3BIRxDxjZQW7MkfwCMbKQxukAEcJ7mgcobpW4xhG3grOQmpvqmSSDgboPiILnDB82UuU/RMBi/vlCc4nbITM5JwUwZHcpLk2ElkeTnlNyVxPUDG5K4n4KWCoQYkiaSneHxsoUMSRRDkZSbCcoQMgsFLBUjwR6Loh9ApgmSOIyO6WgqX4QG2UvCHqpjBPkIek+i5o3Oyl6W+i4Y/RDgLciMnInh+yf4avBW4Bo9ktHsi6Cu+GVME3ANPulp90bQUtBUwVuAeH7rrWYPKNoKWgoS/kRwAaUwtz2RcFLT7KAzYFrSDkhEDQW4wu4C6qUckXXIIw5OUvCPqjpIcEBaSEvFcNsIq5pHojLGtkdnhEEvchcwPRNQqW0CSyGw1+2y74ON0AOLSO6NHOdgWo1LIsQMjDwjMfkZxyute0jGOV3T6JmSDkRgy5AEbin8IwZckwMaRnKGYhk7obJSDhGa8EbKAAw0A5SJynuXQMI4R9kGlme6srVf6+0SAwzOLM7tJ2wq9dwU1cdCrKlZ2erWjqGiuzB4bw1+MkEq2a0k7BeM0tTLRyiWF2Mdl6L0v1lTV+miq/JLjDXE/UtNVkc8nD1ehlH7ompDcjcLujfOEQaXDIwc+iWAtSSfKOY/7jdPslo9kXATg0c4QtIW54BeEO4S8Jv9P7qSGegS0eyrCK+VgPCd/T+6XhO/p/dH0eyWj2QYRfysDpHokGDkBFawnsnaXeiJRQMpuQHR7JaCeyM5nsuaPZVhEU2gGgJaAjaCloKrCC+Vkfw00MIUssGEMx7q8InygdIAQTEcnZS9HskGgqRhkKNmSEWkHBCQaScKTgJYCL4xm5ATHsCB+67G4txsjJjo84OUOME4aDNdq5C5JEdnBMaNPZHaRjBTBL4AacbJhiBOcKU+LuAgkYUJGWQDmeyBJHtwppGUNzCq6G5SK50II3ChTwFpyArh0RO6jyQnHCmExsZlW0EDSRsmSRAjZS5IdO4UfJzwl4Q1MhPi3+lBdHpGdP7qdKMEeVCczI4QjlIgknOCE0jKkOj32H7phYcKB9EZzfdMc3I5RfCdnhLw3IA1lEQswT2XCMd0ctyuaCoHgjFpCZh3JUrR7Juj2UDyi26S6gqrJXsYJD8vIcPYTsPdewUlTBUwNngeHNd6dl4OG47rX9EdVNts4oK57vBk2a4nZpTq7McHN1umUvviempLuMjICWMJ+cnIawOSSSUIJJJJQglwgY3C6koQzvUVmNZE6WEDU3cLHOgew4c3C9Rkj1DHqsTfqJ0E5kDfK4peMmyq3C2sokk57SDlNxhUaU8iSTklAxJJJK1LIQkl3BSAOURBAd08AYXQO66hbCSOYC6kkqLEnJo3TlDLY8dH0fbblBcoAWnDgNwUWenOcgLPVdJU2yq+Yp2lmOR2IV9a7nDXxAE4eNiCvyep5P6FAjCeCFEqaQNGpoVzLFvjCjys1dkeUQzksOk4QHRq6qKbO7W9lXSRaTugIQTFjGESjram21LKqllLHtOdu6e9o5KC9uRyqayRnrPR3XdJeHCgrh4VSBsSdnLXPaCvnOKaWlmbPA4se05BBXqvRXXMV1ibQXB4ZUN8rXE/Us9lYmdf6Ng9gwoUrQ7kKwDs5zsgyRA8BZmscANFJW0bX7jZ3IPojWe7yUrxDM7bON1Lmi1DYKrqaQu24PIIS2nkJo3FNURzsD4zkH9kWTzNCxNrvM1BIIpuM437hbCmqo6qJskbsj/JKaFWV/oG6SaF2GHZSaeZ2xdyneG09soL4zHu0fuoZ8E8PDwotXTOI8WHYjsO6bDUHbIUlkoI4VJAtYG266CUfLznDhsCVZg5VLX0Of8AeINnjcgJ9surZT8vUeV42yVYlxbLpJcJA5KQIPCgDWAiSSSgsSb+JOSUI1kSQJyAm54SZ9QUFpBxwkuDhdUCEkkkoQSSSSgA9JMSUIPSSSUIJJJJQgkkxJQgkkklCCXCAupKEBEyN+ghdDjkbJ7hlDPm7cKECjTpQDyfulk+pXFAxLuCuNIynqAt4He6DUUzJ/qyD6hGSUKIjZpqJuZyHRDh3cfdTI5GSsEjHAg9wmuaHjS4AjuCgmCSEl9KMD+jOxUISwMnCK1paAoFNWsc4MlHhyf0HlTw4YCgOArDhR5qMOcZIXaSe3ZGb3SGecqFZIgEg8krQotXaKafD2jQ/wDqbsVYSNMh4TACztlQMqWy3C1vBmBnp+7hyFaUlfS1gzBKCfTO4RBodlpaMHtyq2rsxZI2qtzhDUep2YfuoAXIOUgMd1Tw3mWneILvEIX8CQfS5WsczZGh7CHNPBHChB7m4wR2TWTuacaUUHKYGtwcjIVp4BDNqDpye/oh3ClpLvRyUNxpo6iKUYc2QZQNMoOIxlg4HoiRyEDdqbXY08oXOtSPLuo/hFdbaH3PoepLWxeY0jz5T9lSWf4jy2yUW7qqkfbJm7ETHIP/AKL3EVeg4IUC+9I9LdX0phvdtinBGziBqauzpNc4vEjHZVgw11tXTnWdu+UvNvp66kmbux4BDh7FfNfxK/siVNNJJefh7WNkxl3y8wOsfY59F7nevhd170PK+t6RuTrtbCdT6OQkP/8Al5QunPidbLnKbbcg6grWbCnqXaHL0uh8vKiW6uRz9RoYXL7j4UuU146cqXWnrO0SUk7DpLJG5cPddZQU87PmrPWDJGdOcL756r6G6P6/oTSdQWqnqQ4Ya8tGofZy+b+v/wCyff7E6W5/DqrfMzdxhe7zjHv37r2mi85TbLbPg4N/jp1PMXk8bpb5U0b/AArjC/DTjUOyv6Sspq1oMEjSecZWdnrLlaal9q6ss8kb2eV+qPS/7p7KGgf/AL1Z7no7+G47hd6M1PoQouvs2cNbXQMAZO8D0ytFa+tJ4NMNa3xIxtnuF5vTXmvoz4ddEXs/qCt6e4UtS0OZKB7EqNG6rVSh0ev267UNwbmGob/yuKNNQRyDIAGe44K8ljqKiDeCTH2V/aOtK6ixFUkyMG3m3QuLOvptZGXEjUVNrc0ktGPsgeHVwDyuO3GCpdv6ltlxAHiBjj2cVYSU8Ezct0uB/NC8o6MHCz8WVcd1qoxprKdssX23CktltFYwNc4RkoU1BNGS6M5b6chRXRNdlkkYH5IRm3BYG0DAfQVmXjt6qK+e80ztFXRNe0d+FHa240v8yimBA/CVOg6paGiG507tXrjlXKWCLbjkGy4R6tMsRj+6kF1O9oMJ377ozP4JXsMheBnsTghMk6cjdh9FUujHbuFE17FybX4g3vIIykZwAAeO6jOoLxTSkaRK3GxG4KEa1wd4dREYyOdkakvRna3dolSOpZW6ZHA+xChyWamc4yRuAB9EXwxKNUZBzwozae5MccHLfRPjZNdMy2aOufojVdrjOGk6vusvd+haW5SPeYYw5/4mjB/NbF0rh5ZmOBC4HBOhfZH2czV+IoujtnFNHjV5+GVfSF8lMC5o32CydVbK2heWzwOaB3wvpF7A8YIyq+ssdrq4jFUUzHB3qOFqr1LX5Hitd9GUWy3UcHzsO6IzK9bufwvoqrVNQvw4fgKyty+Gt7pIzPC0StH4QN1tjfB9nlNb9La3S5ajuS/RkB5d8IzKxzcDsEaqtVxoSRU0sjceyg+JzkJqSl0ect0ttf8AuRaLCOuLtypUdSD3CpGSBuN0Vso3ypsZllDBeCoBxxuiNkyOFTNlcNwUSKumzpJ2VNtCp15LZJQ2VW3m7o7ahpxnurFyhgloROVwyNOwK40AjKuUsAtM6u5wuJIewQwLh3TmyvYcg8IOQeUvKr2orBNjuEmcO3UhtQH4Jwqto2O6fHJ4eN8qfEi1KcfxZaMndCct5Uhl0qIhlzshVjJgcbqRnI4QS06kbaPI6il9k4X62hwjrGfV3wpccNBVtDrdWtD+cByz8zGPOHNH6IIpQHB1LM6J47hInpIrlHVo+o7qJJs2LH3KnjwXB+PRSqW7D6KhpB9VjIq/qChf4xm+YZ3a7fZTGdUUbyG3OkfCDsHAZGVmnQew8d9WRljMja09ZBO7Sx26s6acgjusRDU0E7BLQ1IJO4IcpdPU1kLw8TH8ysdmm/R7nQ/UEJRzk3IqTgZCkRz7dt1lYL08ACVmcendWdNdWSNb5SAsktNJcs9Lo/K1XPDZch+6O2QkAAKtZO0lSWSDAKS4uJ2q7lLolhxxsU4OJUZsuOyOyXAGyBjk8BtZb2Tmuz2QvHa7AIRAQeFQXyMLobp4/dB8N3bdI+J+F+F0E84yoFvbOHx4zxjKRkd+JF8UYwRldAil204KoPvkDqcd8rvjSsGWFPLAOE0gjhQUxhryxw8b9UWOugk2BwUNzWvG7QmOooCD5T+RRwkxbiSXvDwC07JviSMOGHAUL5epbn5eb3wUL+JVMDgyajkk/wATRlM3CbYZLMOBwXBEHgvbhqiwXSje1oxh3cHYhSmzNkAc1owfRWZZ1kaelhnaWPYCD6rJXz4eW+8lwqKeJwdw7GCFtjv3S8P3TqrZVvg52o0Vep4sXB8/9RfCE0j3vtT3tc3cBYqto7haX+Bd6F00Y2zjOF9WzRNeNJA39lVXXpa03OMsqaSMlw3OkLdVqpf1M8f5L6M0moy6VtZ8uMtNNUOM9oqjDJ/QTg59FMjvvUNoAiuVK50XGvTlep9QfBRtSX1Nmn8FzdwB3WDulm606cc6C5UAr6VvJLckBdOrVVv2fPvJfS2r0eZTjmP7QOku1hu4DGTeBMf6xpBUyqstRFHrfBqZ2cN1ljT9LXmQiKtbQ1Q/4crtO/sjx1HVvTIBBdU0Q4BOtuPb0W2Filyjy1mlcev/ADLJ9OYzjJx6FCdTxuOrQ3PrhHoeqrFdcRVv+6THbfjKn1VlnbF81RvbPFySw8J8LTPKMo8NEe3X252mRrqed5aDkAu4XpvS/wAUaOoaylr3OifsCXnb9V5QHDOHN3G26b4Il/u3aT6pu9GK3TV2rk+mYq2KfeI5R2nIXznZus+qel5gWzOqqUfgJzpHt6L1bpL4mWjqAimqH+BUkbNdtkoso5F+hsre5co2ocQniTthA8TfYbLusYyQpkwThgPkHuu5wozSc/UUdpyFYvawiSZkJKAN+mP/ACWb6g6DsV/JmfD8tU8ieEaXZ9Vo8hLIQYChZOv8WeayQdbdEvBildc6EcZ3cAtLY+vbbcNMM7/An4LJNlpueVSXXoux3g+JLTiGU7+LF5XA/dH0apXwsX+osM0MFXFM0OY7IPupIcCsMyh6j6Zd/u0prqUcNP1gLQ2y909WNMzXwSDlr1alkzzhHOUXKSY14O4IIT0QtrAkkklChjhjhJkrmHbdPQ3t25UITIp2uAzyiaQVVjUDgFSoZn7B7sqECSRgjjKhyQkdlYgAjlDfGCc4yoQppGuYfpSaRtkKwmpw8bDsoc0Dm8BLwEuHkz/UvSVD1BC4Pa1kuPK/C8H6v6PrrLVyNfA4Bp5A2I9QvpHxdGxCiXK0W69QmKtj1NxjjdDKCkb9Lr56aSaPkeohIOQMLsU7s4cF6R138NqiyVUlVSsc+ldu0gZA+686np/AJ9Fy9Rp97Pc6DyvVlbJMU+HA54U3VFPFoc0HKoS90Z5Kk09XjGSubZpdnR7nR+Xhckp+ynu9D8vUuAGxOQqsDzEei2lbTRVtPqxl2OVkp4jTzOaW43WSUdrwxuohHduicY44wQjA5QXjyB7U2OQu2IQYaFxlgPgeqG7I908NPJTwwcnfCDDHpjWOIxturGjqS0/+qrc9sIkLtLgUmUcjYW7ZZNVRVOrGSFcRyB7RhZKhqMEBX9FO3AQHotNqFKCRLmiZI0seMhyop4XQyOYRsCtCwiQFV9wgc7huSoFfDcsoopm77BBGSQCpr277hRZBjGAqaycia2SCsZ3yp1JUOY4NVax+BjCMD5gVSWOTRVZyaqjqcgHIVg2XUwb8rL0lSWABXFNVagBj9006lVmVyOqWeGNbRnCfTyF2AThPJa8EYUcNw5Qc17JXcIruBgKPGRjlHjIxhQI4WkoSladsgIZaR2QBOOBhGBnKdTT6HjypgeT2THRk4wphFJPJpLfX+JpDnBXbHte0YKwtLI6J43K0VDXBzQ1x4SZRydjSar+mTLZ7c43TXtz3TGnXvnKMlNHUIkkQIxhQKqiHKuDHq/JCI1chA4gyjkzk0JicMNUiiq/liHFp235U2qpweGqve3w3HS1KccgQzCXBqoquGvpwXYJPb0Ui1XV9qqhG8kxuOyzFHUOjGAMK4jlgqowXY1AYKx21ZOtp7+cs9Rt1zjqcGM9laxyZA3BXllnu01BUNie46c4B9lvqSs8TDgc53WOdeDuafVRlwWsoDh+SxvU3TwkzW0bP5o3cB3WtjmBGDyUGob3Ays84tmqbzyYqw3ySCQU9ScOacbreUtSyug2OR3CwvUNmAeayiYQ/lzQl091FJTSNildgjYgoM/sGM8GqkbUWyp8Zn0E5/L0SrNMwFZT9/qHop4fDc6bLCMkfoqsNfTS/Lz58Nx3RdjnLI6Gr2Gnk8j0UqeCG5QeBK0EEKqqoZKKQPb5o3cH2UmnrCMEbbKi28lPH83Y7gaeXIjJ8ufRayCUTRh44IBUa5UlPdKdheMP04yOcqptNbNSVLqGd2zTgZQMqE2i+maNnjZw7qTR1JqG6H/U1RZDqGR2QYJnQyB7QlOJqhP8AZLnLqacObw5T4pTgDsVFlDKunL2HcbodHK8ERvOfRUkOzkuR5gDlV18pDPSiRn1xHIKlRSggBFcWvGDwrDZEtdS2uowx2C4DBHuo0kZje5rhsVFpy613V0TjiOU5CsasF41hFF5YqXZguoqGN08mmPf0WHuEHgSYG2or1m/UYmjErW+YDf3C88vlCCHENxjcLSuDiaynneLp6sfTvbl22V6nbqkVlG12fM0LxW1SyNk5+y9P6YuIfG1hd7ImvYWlt6iaiJ+Y8HkJm+cpNOl4PYp7N84VM6TKDqak1xNqWN3bsVXWOt1E07jxwtTVwNqIHxHkjZYRjZKGvMbsgteR+SZHszWrDRrfqBCzPXFtfcbHMxg8zPP+i0UUodGHd8KLVls8ZjcNnAgrfRZ8ckzHrofLp5w/awfOE7P5T2clpwo7CWgeyvr/AEsNHfKunjHkJJA9FSZBJAGML2/jrHJKR+cvOaB0qUf0zQ2ic+A3dXsMpIaVkrTPhwiWlp3ADC9NF5imfP5P45YYS6vzRHb1Wf6brGCqlpnc52WjkDZY3RuGxCyUJbR3xrWjZxwrCjZybAu0yn3CAGFlzZJ2kCKXB+Ht4KFW48JkrT5o3BJlHJ0KZgr7CMl2O2yhWKqw8xvPfZXFdF4tOHEZyMrLxSCmrcNOBqSpLg6ens2yRsTJsSQgxyeZcbKDGCN8gIBGXArJYsM9DRZlZLJrgW7FRKk4dkJ0R2G6ZL2QYNsJ5J8Dg6nbvumOwAQo9E84wSivBIKWba7MA3nzFR3kg5TyfNuU2QgAFA+jTlBoHghdIPqo8Tsn0RH5OClPgOEsDJOFWVXlaZMZVlIRg49FXVv/AGc/dAFPkaw5GVEvcXi22duM+Q/5ItPJgDK7WHxKV7APqGFa7M1zzW4/s8NlGmZ7fRxQou/3Uu5xeDcZ4scPP+aiR8u+6Yj5hdHZZKP6Z0co44QByjjhPiK9g3Li65NBBzvwgn2UGHC6OVwcLo5RS6BCDhPiPqmDhPiCZHILC4wQiP2AQzyESTgJ8WC+gtPsQrSEeQKogd5xtwreJ48MfZNRp0/9x3qqm4HLnfdWbu6qK4gvd91T6DveI5IUjsuXWcITslwUiIZasz7M+MhWA5RyMNCYwDZPlIDcK+xEiPO7G2VDJyUWpd5sg8IA2Cz2MJI6mRN8wGUx05HZS7TF48jXkclYrrXGOTfpofJNRNr0HZ5Z6j5ktw1p7+y9BqZPDaQOeAqrpGikpKAOkAAcMqxqCHvIC87qJ/JNyPqeh08atNGuJLs9Juah43PCu4RlwGFBooXMgY0jndWcDMb4WVvk7lUNsUgzWacY2QKx4A54Uk7NP2VTcZtIx6rTWFa8RyQK6pJJaByFFo4DLIDjkpkhLn59Vc2igkwJXgDvhdup/YjzWp5syXVPHoYNuyhXyokgpcxOAJ2KsMgMOeAsjdqmaurvloHHQ06ThdLRVO2R5vznkv4Oncl2S+mKGS5XAPePI07kjkr2e10UVNC1rWAHCyfSFkZBFCSzJADifVbZuAMAL0UYqKwfBPI6yerudkvYZgAONQOVJY3hRIo3EglTIjp5Q+zmj5ZBDC6U48qordHV3u5GV+TEx2AOyV5rXXCZtsoMucTh7hwFpLLbfkaVsO2rAJKmSpdE2nj04YABhT4gM7oLGAHdFP0qZRnfYSSVsQySMLM11d89WtiY0gZwMo91r2y6qeM5PdSLFaC53zVQ3J7BA2F6LmzWltFE1zgC47kq2DsZKCx2wAGyKDhALlLI3V7LpGybq3Oyg3OscwClhOXvHCtvBCNJI+6V4oIR/JjOZH9j7LQiIMYI2ABrdgFDtVvZRQjDfO7cnvlZL4k9dx2GidaaJ+q4zkBjWnOEt5kNjHJW9f8AVlXV1Lejencvrao4fI3dsY7k+nK1nQHRND0rbwzSH1cwDqiX+t/r+5VN8NeiG2Wi/it1HiXOq88xfuW57ArdVVwprfSPqJdgwE/ooRvALqC+09po3tB1TFpDWhVXTFoe9n8Xr2AzTnU1p/CFBtdOep6911maTTRuwwH8RW1iiDWBoAaANgOyJ9At8BY24HKe5Dah1MwZGXnsgScmAwN2rX0tOBER4kh0hQqKDwGa35Mr93OJ3UYCW4VfzD8iNmzQVPJwjawTAdj8Z2Xm/XvV1Xda1vSfTT8vJc2snafpH9LT+qldadWVMsjemenX6q+pbl5H4GH/ACXnXW3V9m+E9la58zZbtK7zgnfUed9/VHX3ybNNRO+fxwXILrfruy/CjpttJDIHV5Hka0+bV6n1K+YLndrz1pcHXS9TukOdtXp2CbdLtdetbvJeLxM6SRxyc8ewCmwwvZoghi1uk2a0c5WhLJ7DS6WGhhj+v2xtNSudIyCFmSdgB2XpXTnS8VtjZUTNBncMjbJCf0l0jDbYWVlbE19S4Zx6L0exWTIFZVM2P0tKtrBztdrfu2wIln6efUvbVVIw1vAK1YkEDdEekZGMjsmamx+VvHH2XmnxK+LVs6RbJRUMgmrmctxkNKRZbsObXXbrZ7Ydmi6w66sXR1JJVXSo87OIs7uPoF8t9efEW9dfXI19Y90MPDYWOOgfkqXqPqW7dT3CS43GcufJ2B2AVa1pxgdlisv3cHtvHeIr0KUrFmY4QjGT+iQYOwT2tcSB2UgRhozhZXJt5O1KfAKOAEjb80fDWAJjp2sGAFG8VzjgqnLAtfc+QssxaQAELVq3SOXIkUO++yHsNJIboJ2TmwuPZHEQznCIGY7JiBlNg2R4AyEUMA4XE4uCsDOTg2RDK0NxgfqgmQ4OyASQc5O6pvBQaao7AIJecrrnA8H9kNrudkuU9xaXIXO3O6jEnKLvkDK4WOJ4QBSWDmCnJwaM7hEaAANlaWSSlgDoJThFuCjlgI44SxjumbAc5GtYMJwYAnj0CWQr+NFrnoa5gXNPunGaIclNNVTAZ1j9UH2luDaHsOMrrWngKKbjTg4z+6ZJdYWgadz90O6MeyKmb5LLwtuE0tJ9f0VU68S/hGyCbvORjCB3Q9Bfx7GXWkeq6GY7qhN0qPX91wXSoBz/AKqnZkn8Wz9o0GkpaCqP+MT/ANI/VdF6nBzp/dVuRT01i9l3p+/6JAAnGVUNvs/BYMJ7b32MZJ9UW6H7AdNhb+GPRLSFWNvkewlBClNu1I7G5GVN0P2U6rF6DeE30/ddEYHZNbV0zhtKMlJtQx5w0qsoBwmEEQAxhMMbe4/dPBBRFYLeCN4fsl4Y9FIwEsBQpzIml3omqYYgeyEYj3aoWpZAJIngPXDE4IB+UMSSXdJPZQmUcSRklCZA4BST0lAMDGvc08ozKtwIA2QsFcV5BaJ8c8DgMv3PsiuY1wyzhVffKlQzSRfSePVNhMBxCGMtOSEWMnGCeEeN8FSzVsHdwfVIwPacadkQt8ARyityBwhcFIOIOcpjbXRWQoYnhgA3XA/snAZOVW4jeDgB5C60HtsfVdSVqTXKEuWeDZdK9YyUuihuL9TDsHnsV6HTPjqoxJG8Fp7rw0d1oOnOsqqzvZFUF0kQOOd8LVVfjiTOTrfHbv8AUrPWDGR2wnBuClbq6kulHHVUsgc1wyfUH0RdIbjC1KSkso4UoNcHABhdAGU8bJKCzoAwuafZPRA0A5AVsgIR53ASMeNyFIwEsBTJCKWYOCEtPspWAlgKiAPDPp+6RYQM4R8BcLQRjCvJCKWrmgIronZS8NyohH8P3Q9PupWn3TdPur6Gf4Imn3S0+6P4ful4furyTkj4K5jKlGMYOyjkHKhecHAPRPZsQnYwkd1TYtvI9jg8YPKa+HA1AIbMhwPopmQ5uCr6DIRaQm6fZSHRkknCYRhQmWRy0eiEYx6KU8AHZCwFWMhRkQZoRj6VBkg074VxJGCOM7KJLD6t/dDJGiM8lW+PsQhSMBVhK0eiiPCFRyPhLJDc3CEW98KU5uUJzMDKsbkjaR6JhAwjnlDPCAY+ABAyuYCIeUlQzAHAQsD0UhNwVZNzIyZxuAMj1R9DvRMLSVWCS5XJ6l0N1M240Qp62bM7TjJPK1LgBwvC7XcJ7VXR1cTiA0+YeoXtNsr47jRRVMZBD2g88J8JHG1FDi9yDp6YnphkEkkkoQKkkuavZCUJ4y0/ZVVyoW1FM8AeZWyG9nA5VoOLwzzieAxvLHDBBwopbhaS+WyVkrpQMgnIIVBIwtyDthLN1csrBHSXSDlLBUNBxdHKWCkAcqgh4Awu4CQ4XUTCQkkklRG8CSSSUI1lCHKcmjZOUMs0z6krbc2ZxLmgh3qsjVUFbaqt0kTSW5yCPRejFkNR/cu1bKrrqTVsQPzX5Kawf0KTyVFuuUddGATh7diFJkjJHKobhQT22q+bpgQOSB3V1arlFc4stw17fqCNNljXwEg5aqyrpjnIbstI+Eac4USWmGMYREyZOojc08dlGLTvstBV0WTswcKrnpnM7KEK8tQ2kt42IUlzOdkIjBQMmMnpHRPXDKstt10k0SAeWVx2d7LciXUMgZC+fQ9wOWkgjcEeq33R3XZh8O1XY5admSk7590qysCcD0J4Duyh1MQ2KnQllQwSRPDmkZBHCZNDq5CztYARQ1UOSDhFtF5loZhHITozjdTJ6fO+FV1NMc7NWaa/RTWTe01ZDURCRjxv29FIDmvCwNuu01vfokBLVsbdXQVTGSxOyD2zwhFTq/RIkjIOQExk5DtOFM0hwAQZ6Ug62DnlQS1+wsdRqA4UO5UPjDxqcaZG77d01rnwuAcFNZOHtbg4KgvAC33Z3kpax2mQfrhWrXfmqWvoBWx62HTUN3DvX2QrRejTyfJXAEP4DioLccmmY/OdkRAje0t1NOQUYHKgprA9NSTlBY1IcpJKECAjC7keqFkpZPqoQKkmg4TlCCSSSUBEkkkoAJJJJQgkkklCCSyEkPB9VCBMhJDGSeeE2asp6c4lfjYn9FA4xyGSXGua8ZaQR6ruVC9rEuEDC6koVgC5pycDZNO6OQOUItdk7KEAOJb9kQTMds05Ponta12dQygVFLvqp2nWO6hRJDs8jC7kDkqubUuheG1hLG/1dlIEgkAc05ae6hYVn1BSCAWjB3UUcJ+sqAtZOTUkdR9bRn+rv+qBFNVUfklBkjBwHDc/mprUgPXdQpvjASKpimaDG7UT2RmqqfSvY8y0j9Dzvjsjx3GSItjrY8OPDmjYqAOJPxhcc0ELrXNe3Uwgg9wllQgAxlpy1c8Rw2IUjAS0t9FCkyPJRwVbcTsBA7HdVjqKstz3SW6XMY/4DjnP2V41uNkxzBnPdQsraG+Qyu8CrBgnHLXbK0a8KFW2umuA/nNAeOHAb/qqwuvVjJMv++Uw2DuXNChZohynOaHj0UC33OjuLNVNKCcbt7hTgRuMq+in0AmppsZhc3Poe6j6pgcHUx4/RWDTvnKTnB+xbwjjNxEuPIGnuc0R0zDI7lUvVPw76A+IEWm6UMRqR9MrAGSNP3V0adsn2CjyUY1amHQ8cOan1amUHkXOvd0eOXPoL4sfC+L/AOtOT/aaysyflZnYqY2j33z3XOmPi/03ep/4TeHOsl3b5XUVY7Q/PtkL2dtyrqXSaiN1QG/iYcux9lSdTdGfDv4mUrqW+W2B0xHJxHO09jnldfTa7/nZksqxwYjrD4b9K9a0j6e+WxlRrG7jjV+R5Xzf8QP7J1bbBLX9A1p05LjTyjfHple71Xwe+LPw4Dpfhp1W+92yI5jtF1PlLfRsmeee7dz37Atnxwtgq22P4j9N1/StxzoJq2fyCfaT8wvR6Ly86OYSMN2ljYuT4srh1L01Obd1XaZGeH5fELNiuxC3VY8WlmAz+HOF973zoLpPrSgL3U9DXxzN8ry0Paf05Xzz8Rf7LE9JLJX9PFzByIhnR+XovW6DzsZvZfwcq3SSi/sPGYKqso9g8yR+h7KyguME+GvOl3uqu52Dqfped1NcaSQxtOPMCf3QPmGOw57CCew2Xo4Wws/BmGUraXzwaYFw8zHH8lbWvqi420hplMkY/C48LHU9Y6HDmTvI/pecgKwirmyNBLdyiwmaKdZOElJM9OtfWNBW4ZKfDf7q5e2kqma2Fpz3C8fB4c3Y9iFZ0N9r6QtAmLmjsSlSjk7NHks8WHovybgSI38bgFRJ6dkuWTw/nhV1r6ugnAZUeV3qr6KohqWaonB2UJ0o2wuWYlK61taT4cpH5pgut6t5LPFL4hwRuQrp0TSeMIU1LG7kbqNZI00NourWP0sqQA7uVcfM2S7RhjjGZCM+iy9TZ4pMuYAxx9FANPVUbstztwQq2v0RSb/I2T+nIX5dRSljucZyCobqWvp3mOaLXjuO6oqS819NJrZO/I5BKvYOrGuYDPGHOHopulB8hKVTGMdS1LjE92l42IcMKPVWuQDVEchXkFTZroA5zY2yY3zsmTWyeI+JSS62/wBOcpnypdgzrjPozjqepjbkjP2QHlztnLQFzwdE0f5YQn0kMh1NAz6IlbnozT0kZLgzstRLANTTwo5v2CI54jj1V5UW1r8loH2VfLbWk4dCE75Wzn6jQ3LmBC8azVz9FRAw57kBV9T0R0vXO1Nja12+QBypdVZ9y+MaT7KA+nqYzjzfqn16iafDOHq9FOxbLq01/goq/wCEtO+R0lJW4ackNxwsxWfDfqSja+WODx4wfwcr0SOsrKR+sOePXJyFOg6le8aHENx27LXDU2P2eZ1n09ob5ZScWeIVlFcbc7FZSyR45JahMlwMkL30yW25YklpYtXBdgKpuPRHS1wjIjp9Mh3OjYLTG/8AZw9V9Jy708kzxoVGp2AQVJbK5wABWyuHwn1OzaavDjvpeVTV/Qd/t0Piui8QDnTyj+XPB5/WeC1mmf3Rz/gqxM9p3RG1Tm40qE+OuhfpliIA5yE3xskDH5IliRyLdPOt4ksFrFU5O+N0Xxx7KnbKThE1lE4CdhZhwPcJZHqFA8c+iQqDnhUsgfGWWseuUzxHE59FF+Y042T/AB2n8KYRQJInc30RmV8gwC7ZVhnHp+6Xjj/5SoXsL2GppJRpkO/3RTFT4AheP1VB4gbhFZVFpBUAdaLov0Y8xP5pr9MuA5gP5ZUCOvaSNRUv5mB7AGndDsTAScOgQtUDJPGp5HQSejTsfyUuK8Xe3u/3praiEcYG+EINc/gqRE5waGvGUiem3Pg6mh8jqNNLMWS6Tqy2TkNlf4RO2Hdld01Y2QB8Ewc13oVlKq10Fa0kxhj/AFAwoIorpb/PRVReB+AlJs03B7Px/wBSNSSsXR6XBXyx4BcVZU9xP43bFeUUfWc1LIIq6FzSPXhae1dU0VYA0Sfllc+zS5fB7fx/1NRa1tmegQ19MeX7qWydhbsRuslFUNdu3fKmw1jhjOVjsoZ7TR+TjZHLeTRBxzkOUhkmwyQqKK4hpwQSpcVcx+MghKdbidaq+FnOS2DhnKfqaRvj9VAbUxEd0mztJxuktYNCkn0TQN0sOacgoEcw90dsrSqLyOMrhgEZTmvDgMphwe6a8O/Cd1RMhSB6pafdAAkz5n5C6JXZxpRxjnkvAUbLoeRthDbJvwjDSWq5JopxTI1RR08+5YGu9RyobqOup/PTT6sfhd3VnpS0+6gqVSZAbdKuAA1lN5fVgU2G5UlUBokDT6EpPjDhg7hRJLZA85A0/ZFuwZJ0v0WJAIzq2S0h5AyqKSS4UT9MeqRg7EotPf4mP01sbowe43wmpsTKtxLtsJaM/wCqE+mhkOZGNcfcJ8NZTzMD4pmOB4wUYb74Vp4M9lSksHn/AFb8Ielupw+UUTKapfv40Q0uz65Xll7+F/xA6T1Ps+u70I+mNw3I7+q+j5CWnHOUKRpdg4WqvVzh0eb8h9L6HXZc44b/AEfINW22VUroL1QutdW04IHm3/ZSKCe/2I+NYLu+aHnQx2HEe7V9JdR9D9O9SQuZcrdG57h/eNADgvKb78DKugkdP03WEEnLGE/6rq0ayM19x878p9F36R//AC73RM7RdVWu4u8PqS2GlmO3ixDDT7kdlLqLA5zPmrRVsqIjuA124WavVBeLTJ8pfra8aTp8QN5/NR6C51NueJLbWObg7sLv9FvrvU+jxGr0ktPLZKLT/uX7pJ4DoqoXNPfIQ3wUr8va0ZPpsjUvV8dYBBeqVju2oDBUw26lqm+PbagEHfTncJytzwYdklxJEmw9b9QdOvbEyrdU0zeIZTnSPYr0qxfEa03kMinf8vMdiHbDK8emppYiWzQkY7gIIjIOWuATNzM12nrt6SR9KxSNkaJGODmncEI7X5bpK8FsnWl+s5DG1DZoRwxxJwvSLB8QLbcWtjqXGGTuCcBM7ORqNJOrOEbYEpwfnsoUFXHKMxHUDwUbxiOyI5rQfJXQTlCByMrqhW0ODtyuoAJzyigjCsjiPIyRug1NDTVDcvjAd6jYp5mwQMcookz2UKyQo4JqT+4lcQOA4qXDXE+WZhB9U8sBQ/lw/koySlkmtla7ghPUERyxHyjV+aLHM7hwUADJJZ2ykoQWAlxwkkoQ6yd4cMFSY5w/AOMlRNPumjW05aVCFkWgjhRp4gRnCUNW4AB+6OHMeFCFXLSsdklvHuoZa6M8K8fCCNmqJLTkfhVPotdldLFFURmKoia9h5a4Agryzrj4SNrHyV1hcwa8uMDhjB9j/ovWZoXNI2Qi3GM9lmlHI+nVzpmpRPkC7W6qt1S6lq4nRyRkggjChZLCCvqHq/4eWjqhrpnRNjqMY1Acr576u6SunTE/g1sRwXENeBgOA7hZrKsHtfGeVquSTeGV1HWFpIdjBGEK5UkVTEZGjDh6KICW7o0dT2cuXfp+cnstFrlP7JlINTHFh7dk3XocMDlWNbRHeaLcdwq57A7bKxuvB0lLPRKhkDhxuneJ7Kvhm8GcB3GcKw1B24CXtHRs/Y3A7JicmZwkzjkPPOQ8E5Y4BX9vq9QAOFmhsplFVaDuk4ZtovcGbGmn4BKO5rZm4JVFR1RJAVrDPkDKh2q7lYisroSJDhuyguYMbrQ1TGvYRp3PdUksPhuIChj1MMckUsIRoTg4XXAYOB2QGEhwVdGSE9rJ7SQ4EFT6WoIx3VfE4OanNcY3Kzo1W4L+KfUBuik5VRTVG4VpA5uAecqG+u3ePbqGMqRD9X2QnYxsV2ndh+5UG7sMntGoJSsAGyJBghOcwluMKGqK3IryzL8AYRhDgfThN4qWbbZVm+MYzhQiryVZjLeBwnwVroHbjZSHwn+lQqiI5BAS3zwynHHKNLbq1krA4OyT2Vm3DgDnlYmhqjTSg745Wmo69k+kZ7JMonW0moco7WWLXA8j90nRtKYWf4l0OIzndDtZuUkCdGD2yq+poX7vZgj0VmZNRxjhMm2wEvaX2UrMtIBGFLgeRjGxXKmndjWxvHIQI3lpGQlzgFGexlw2XxA3IGccq/sN0nppGRyS6gdt1lIpuOVNp6ohwyNlhtrN+nu2y3HqEFc1+wIUkTB4wsfZ7kWtDX5PotBBVAgHsss44PQQshOKkgtVGDuG59Vi71aJYpHVlKScOyWjlbcyNkbgqsroxjZuc8rJOPPBU3jlEHprqQjTBM7DhtutfXRtrKUTx41N32Xl9wpH0VR8xESA52duy1XTPUzX5pahp4A3UX2kha32XDdFTT+FKM4VVFK6nkMZyQCcequ6qlAPjQ8OGRjhVtVD4zMtA1t7+qo0J5JVNUF2BjZDu9u+ZjE8AxMzcEHlV9LV6JPClON8Aq6p6hpwCFCIh2a4STA01R/eRjvyrEtwFR3iCSkqfm6fIJ82ytLdWCsp2yEjVjdBgZCeSfQzhkmhx2KkzMA/mM7HKry3S4EFToJmPZgnfjdAaoyH0tRmUMJwphLuxVRJqiqfEA2VhBUiVupQbkj3qLXC2Vo87N8p1LUfMUoPfYFSKgtcMEZCq6OUU8klM7YZLm/ZWiSaZIqWB7DkdsLFX6kAY4tbkEkLbuweTyqK7U7HCUY8p3TVwjn6qO6OEeZDFJMct4O601grzDM06vK5UV8g8CYHTjKVrqi13h6vp3CcstnLhP4pqJ7BSzienBG6NG7AOd8rPdO3ASxiNzuRhXTHGOXBPlKKS44OxCeUH1b4wsp1NSmnnbVsbsditUSOVVX+nM1Fgb4Ki7Jak+iLbphPTtc08DddqGkAYVVY6kwymJx8pOFdzNDwnxlgyyjlYPHviRamUtxhrY8NM2QffHKxE+GEkbZXrPxDt7qyjc8RZ8NuppHYrySdrnDGOF6zxep+1Hxv6o8fKu6SfsJQyOjmD1p6OcyAH1WQhk0PGQtFaqgOAZjdey0898EfGPI6d1WF41x7rJ9RQSU9U2dn9WQVpo5i44IVP1SzMbTjsn9GBPHJb2uq8ejDjuQAnucZY3R+pyqjpucmARf1BWwIYTlR8o36aW5ZLKPEtC3XgkDCx97aIatugYyVqqJ2acAjuVS9S0rGtbIBgk7FZpHTrz2T6CR0lM3PIGE8nBx7qD07UukAZIc42U6pYWvICy2rLO5prPswyRTPHchcn4UWFx9d0V5BCSdGE8DqYkHCsGgFo+yq6V2Zgw91ZtGBj0QG6qZBqGlsm57psoJaN0aow5uTuQoz8acZQyWTSrGJh0u5wpDt2hQM+cb4U4eZmyRZn0NhIHvk5KgV4GhwCnOZk8qFWNyCEPQ9vjJXxHDhupBIc0hx2UQbORWvA7q0ZpvLPJ+qKU014mB31OLgfZVDW6e60/Xkei5tPqFmRsmI+deRr+PUS/uMR2nOUBFbwU1SwYv7nJigtO6fJsVyPugcssmQgOQCSijlBRhyjbyiPoIOEVvlKEOEU8hPgJfY8cJT8hIHsuz9k0odB9QVlA44x6KuhADhsp0SIdVMlvGWcqjq3anP3Vpqw05KpZyS9+/dXJ8DLnwAYPMpkP4fzUNn1BS4OyQkZpvCJI4Qqh2G7FEyA3dRJXgnlSx4FRy2BfvlB7n7ox4QTtk+6xzeRrBlmcbrY9M2uKaeKIM55KytC0Tzta4eUHdel9G0bC/xWtyRlcrXWbIHqPB6NTsVkjYta2mpmxM2wAlRQmecOI2aclNlJcAptvia2LX3K4Vk8I+iaeO5p/otYwPRS2HDQSolMCSFLd5QMLOnlnYilgTpRpOfRUFfOJZjg7DZWddIYotY9FQOJc4uzzut9HJl1L+3aEbEXuAAytTRRlkLcjsFRWyAyVH05AWhOGtxhdamLaweZ1lqqfJGutUylonvJ3I2ULo+1PmkdcJWai52GghQrm512uUNsgJOCC/B/ZejWWgjo4oKYRjOF6nQ0/HWmfFvrHy0rbfiiy9tcDYYANODhWEfKBDhjNIHCkR8ronzycnIkRkNGdKiXm5xW6lOp2HyAhqlvlbFAZDgaVmI45OqL8fJmkphgntkIWFjJddI2t3/AGyVuXynVn2WzDByBgqPR08VNExkTAABspSQ2Km8iVfd6/wG+Ax+HOG+PRSqmpjpYjLIeOB6rMPqHXCsJP4jsqyATLbQy11Q1rG5H1OcVtaaHwo2tIAwOyh2ShbTQDUBkqyVTBk8CXVxJXGOQAdRUR08RkeeFFtFJJUTuuNUMA/Q0+iDh93uHyoJEMW7/dTbvdKCx299TUyaI4goy1kidYdX0PSlC6ec6pXgiNgO+rtssT0L0nU3a5t646jZ4lTIS6CN+4ZnvhQrLbaj4h9S/wAYuZc6305/kMPDvf3Xq8cMcQbHG0BjRgAbYCrA5vaseyTGGtbsMLIXyunvVzZYqL6A4GZ2fw91ZX68Npac01M7VUy+RjRyCeCp3S9kjttIJnxaqiXeSR31E9/yUbwA3ksrdb4bbRR0kIB0jchTmHKYDjhPBxlUpZEtseCN8rO3O4Pq5vlaffB3x2Uq93H5Wn8jtL3bNKr6CNsEPiPGZpBlxVrgIsKfEcbWfqs/1b1Oy2UroKTDqmYFkO/4lJvV3bbaF0pcB6LyDqTq6ns4qr9dZW68H5dr92sHrhWuezRp6Z3TUYI71N1hQ/Diyy364SiW8z8sJy8g+h7Af6r5dvN2vPX97kul1ndK9xyTnYD2RepOor18Q74+onme6PJwCdgEUGCijZSUjMyjb/mKZFc8Hs9HpI6Rbn+QzEdO0U8LAZOA31XqnQnRv8NiF1u0bXVEgBjY4fSFzoToE2yJt9vLM1TwDG3GC0e/7L0CioWT1DZJwcMOyajDrtb8jdcGOtdnbI4VVS3DG7tae6uJK2CJuJCGNA2+yr7reKO3B7nyARxDLiTheB/Ev4xVNY6azWSQsiP1uD849O33S7rVFYMOn0NutniC/wAmi+KvxtitfiWfp0O8fdr5ydm9jgeq8Ara6puFQ+qq5TJJISSSeSVHmeZTqcN0oxgLm3WtvLPcaLQVaOKjBcjCzjZHZCMcJNA2JC66TbACySnlnSfPLHMa0ZKa+bUMYQxIfT90gMos7isYGuaXHJd+y6GYTxESfpx+aK2MDARbMi5S29A2R6hujsYiMjGF3TpTNmCt7OAY7p7gMYQ9fOyY+Qu2Gyp8FCd3Qg92rCJ2QDyfuoQk7Yyo7vqKQLicAldw70QSWSA/MiNac8YyngDPCIG7cIFDJeAej2RWsCTnMYPOUGSup4x9Wc+6HMY9sPY2PLPRIkDcnCr5rlviFQ5qyd+2vZSV8I9Bxqcuy7NTTjmTdAlr4AfqVJrdq1EpxIOAQky1DfQx0JFlJc+0RUeSun+kuzlQwMJ5ye6F2Tl2w4wUeiQ6olcNzyo5cSTkpuT6pKKT9jNiQs7JJJKm8hJHQMruAuNTkt9kY7ASwEJJGTaJJJJEULOF3JSxwuIAhE55SyeUklCYHtec7Z/VSPHmaAWvxhRF3J9SryB8aJzLjUAgEqQ28SNAEh/dVYb6Lr24IKJSyKlVCXouo7xE4bglSY7lBIcb5Wfa4YPsENszsnGyLeJlpovo1zJ2uwRuCigtODhZOOqnjAIecKZHeJgcPGw90SlkVLTSX4mjaI8EIckQ/VQIbpDpGonKmxVTZRlgCvIp1TXY35fYn0Q9HspCeWAKxakyLjC4iuaOy5pUL3gUk/BXFCxYCanJqgWTgGF1PwUsFQDecBIOQFLpK8wHTNl7D+oUTD0sPRrgksS7LlkMFWDJDKATyCo8kb4XFjxghRYnlhyDhWtHcaWsYIa1uC0YDsI9+eBE1jog4zwiNU2qtvht8ancHsPp2UYROZyh25AU8nDunphJHIRByrAOgYTSwBFBHCRGUS/YWf2XXSvVFTYakNc8ugcfM0r1q1XKlu8DZ6d4wRkjK8KLdlbdO9U1diqQW6nRZ3bla6rccHK1ujVj31o9rLceyQZk4yg2a5Ut6omVdNIHZA1DuCpmMLWmpI4dtTreGLwx6JwGO66kOVBI4bLo3XRwuqEFo9lzT7oiShAen3XNPuipKEA6fZMwPRSMBDIOeFCANBTNPupKa5vuiTLTyRdPulp90bT7rhGO6mA8gyBhCMYzwjlpC5p9lMEyR/D90vD90fQVzT7quScEfQR2RGZAAKdgLjhuMKZLxgKGggqNM054R2cbpzmj0VlELGExzduVJdGO2yFKw7Y3UyTGCMQcpkrMtOQj4C44DCmA0VcrDlQ5WY5VtLEDkgdlXyxn0VM0QlgguGChSDbYKS9pB4Qn8Kh8WRSMIZ4Uh/KEgGIAWnPCZgqVgJmAhksjcYAYK5gKQQMIJByoMBYCWAupKAAHxjt3Ws+H98dSVpt1TKfBmHkyfpcsyRlNiJjdqYcOG4PurTwxd0VKLPdXR8Ebrvh+6quk7w272iJ7nZliaGP9yO6uTwtC6OHOLg8MAkuv+orisEKeE1OPCaqQEhJH6SkkrIngh1sLZYHtcOAsXcaZ0Uh2wt5IwEYPCzd8pA3JDc57qGqq3BmCAd0tDfRdLXA7LjgRjKF8G+M8jdPsu6fZLJSSdxY5JcByuqBjUkkkZJRyJJJOUFuWBq6DjsuFJQrs+lrVdprc4awXN4/JayKWkucAlY1u/OFkamhcAcBR7bdai0zkDLmZwWr8kqeT+hUomiudtGC1zctPBWSq6KotVT81S5bg+Zo4IW/paumudMJIyCHDcdwodxtLHxHAyP3CJgZKm23WKuhAyA8bEKU5meFma+3z0Mpkhc5u+dlb2W7x1TRBUkCQbZPdWRrJJlpw4bhVVXRAnOMZWjkhbjYKHUQA/hRJAmQqqbw84aoDgc8YWpq6PV+HsqepoXMGQ1WGVBGDgruzuU+SJwchkEcqmskNZ0f11UWQikr3mSlzpaTy1et01TS3CljqqaUPY8ZyDwvnaTDtlfdKdaV3Tkoifqmps7sJ3A9lnsgU1g9nlh/w/uoFRT57KXZ7zQX6jZVUEgcHDduclp9CjyQatsYOVllH9imjN1dMf6cYTKKuqaCTVFIW77jOyuqmkGOFU1FG7IwAlE/sbK2XiCqiYXPGrG6tBJqbgcLzJjp6dwfG4sI9CtdYL6ypa2CoOJBsMnlQXZDPJdzU/ibgKP5ozurBha5qBLDq4QtZM+MPAON+SBxlNrbdT1TA6RoDyPqHKa5pY4YRmy7DKoFogWu5S22pNDXkljto39lp45GuGphBBVDW0UVbEWlu/Y+hUSir6qzzClqyXRk4a4+igmUcmtTkGGRsjA9p2cMhGzlQXjHY1JJJQUJJJJQgs4Tk1OUIPSSSUIJJJJQESSSShBJJJKAtZEkkkoFGOTmn3Wf6is9Zc4iKWobG7tlaFMc1QZGSiYWhul66fIpbg10rGn6wDjC1FtvtFcv7l+PupFdRw1URjlaD6FZqr6dmpnmaheWHnyqDouMuzYawnLIW6/z0jvBu7XgcNeAtFT10NQAYXage6gLgvRNXCBjKQORkrqgoGWnPC5k+qOQMIBG6vGChskbJWlkjA4HsQqmehrqFxltx8SPkwk5P5BXC6ADnKohW0V5pag+C4mOUcxv2cPyU8HVyMKLcLLQ1w1PjLZe0jdnD81UkXuxnMsnzlMOD/wAQD/VQvs0rSE5VlBdaSujD6aUOP4mnkH3CnidpGcKCmshEySISDcZAT8hdG+VCiGBU02RTnLOdPdSKasbJ5Hgtd7ojGg5UaanEnb81Cf2LFrg5dyFUtqpqUefzN4CmQVAfjfYqFNYJaS4NwkeFATq4dxg7hM/EngjGFCFTcbCyY+Nb5PlZx+JmwP3Q4LlXURbBdoHAN2MzBkFXY5T3simjMcsYc08ghQhFhrIZxqhfqae6kNORlU89nkpZDNbHlrRv4JPlKdSXljXiCvYYHH6dXdQEt04tBCaCCMjdOyrINa0NOe4Uee30VWHeNSsLnbagACpIOTuE9pYQABgo1PIqeGUjrZfqMarNdnSBvEFSctI9AeyqL7dLLW0ppfiR0G6WBvlMvgioh/UAH9lsXNTfG0nzDZaar5VPgXsg+JI8Zp/gt0tNUNvXwe6+qLBM7LzDrE1Ofux3mBI75SrutviP0HI2l+KPRYuFtb9d1s0fitDO73R/UPtjsV6HcegulrpUGst7prTXnf5ijf4biffbCgfM/EjpQGGuoI+p7YNi9nlnA/5cEO7910qPISf5CbNNGX4cGYFq+E3xWoDNa62krRIPpBDZGexadx9l4t8Rv7LdZSF9f0rKHN3d4ZHP/Re0XLoD4TfEKsN26frJOl+oGHOaUfLzNd/jjzvwP3QP4x8U/h3qg6upv9obIMAXGmGHxD1eO/f9F6bReWlCWaJdemznanSxePkXH7PiG92O8dOTupbvbZYS041EbH81DhkB+l+M+q+85qP4dfFigeyOKnqZNPnbpDXj7rw/4hf2XKqm11nSNU5zBkilm3H5Fev0XnqrJbLlhnG1Hjpr7qujwenrZITpe7U337KY2shlADH7nsoN6sd/6XqzSX+2S0hyQ0v3a77HChRPgqz/ALvUhkg98YXehbCz8WYnKVTxNF+2d7DlwI91aW+/1dE4Fsp0+hKyQuFzonYqYxPEO4G6lU1fS3DIil8Nw5a7srXJqq1c6+Ynp1t6rpqkBlRhp9QrqOaKduqJ4cD6Lxt7KqLdriW9iCrG29TV1vcA6RzmjsVbR1dP5NPiZ6o5vuhOjDhh24VFa+sKWrDWTOAPur6KqpZwDHK059DlUdKvUVy6ZDqLeyTdjQCqya31UWcNytMxjT5gP3RWxgDcIMGh1RlyY3RVsOzSCPfCm0l+uFE4OEpOBjBKvJ7bDNvjSfUKqnsU+s6CMeoROKYpxlH8WWlJ1dQ1DmsrYWxvPJxsrBxttaM0VSzWd8ZWFqKOeF+JIjgd8LkfjU7g+J7mH2QpKIHyS/qNu+jqGjUMP+yjyRtds9uD9lS0nUtxpAAXh4Hqreh6qtVa4RzNayXvkIvk/QyF0J8NgJaUHOACoj6BpcctWjMFLUjVTyNyewKGbaechEpBzpU0Zma2RPYQWBU1ZYQCXRDB9luX0rcY0qHLSasjSrVkvRgu8ZVb+SMJLQVlMMNJIHogiatpyHgOP5rdOosNOpgKqamjByCzb7LTC9+zm2+IUf8AbKWHqPw8CaI6grOG7UlWwAP3PLSVFqbJFM3LW4PKqZbPUMcWtcQFohqo/wBRy79DdDtZNBLa7JWMPj0zST6BUdy+HtjrIyKdroHk5Dm7qE990pBo1uLRx3Uun6iq4WhrwSQtEdTF9GCfjtPd/vVL/sZuv+G1fRxGWmk8THYqhrun7rQxiWWmcR7BeqQ9WwNDWVWMO7EKwhutjuA+XkYzB9cJv8k4Wq+ktJdJyre08HkkdGQHRkE+oXDNjG3K91qOm+m7gAwwRbcYABWbufwlp5ZTLRVOlp4BRx1KZwdV9HaiDzTJM8wMmcdl0zeUNWwrvhTfm7UpY8c91l63pW/0GfFoXktODsmfLE4eo8BrdO/uhn/BG1E76kvEd3Ci6atu5iIxyuCqcNnkbJqkpdHOnpbK+JIneKUvEKiNlyeUVrwUQiUdocTOCNHVujGGqKCD3XdXsjj/AHBcUWEdxniO7shTYLrG8gSOVL4jXHB2T2wuP92BlXgKtbTUR1EbxlrgcoocD2wspi4QkFu4U6O8yRYNZG7fYuCXOKZrqlgtqmlgm8z4WOI9QqaospY4y0UpieewOytoq+lmaHMlbv7roIOCP1WadaNlcv1wU9BeupLTJpIMrR6laq2deU1RpiqQYZeDq4VeWteNJaoc9lpagHbS71WaVCZ6HQeVv0mFGTaPQqG5R1OktkDs+hVvDMQF49GLvZ36qaYyRjtlXlv63qG6Yq2F7W/1DdY7dOe48f8AVMXiuTwemw1WXY2/VS46gDnCyFsv1HUgOEwz66leRVEcgBDljsoaPX6bysZ/1F4yVoGQQnsmI2VZG/hSGSjG6zyjjo69erU0WInTxIDtkKBk+qcHb8oeRyuTJ+Qe6WGqKHHHJTmP33KmRimmSV0EpokAG6XihWGOEvbCfqGM5CHym6T6FDwU2g3iAnGF3IUbOnuneK0bOOETQCayGLAQQRnKjSWqml3LUZsrTx3RDII+e6Z0DKCkUFTaaimk8SjeW49OESK93WgcGVcfis9grjIchzxteNwP0VmedOejtNd6KuxpkDH/ANLjhTPIRsQfzWeqLFTVT/FbmN47tOFHkqb/AGcZYyGpgb2wS/CtGedcoPk0r4xt3QzG0jcKFb+oqSsAjm/lS92u239FYggpiZlsq3eimvHT1uuceieEOJ2yV5z1D8FKCq1VVtd4c2+ADhevPaCgOjzgA4To3Tg+Dl63wul1scWwTPmK+dB9RWZ5Bo3TNby4bKjpa6ppH5jkcxzTgt9F9ZSUo2OAsh1D8M7LeI3GKmbG7tgbhdGjWY/I8L5X6F3LdpZf9H/7njtv6tjJ8K4wamn8Y3IVoaS3XFnjUUzcntldv3wlvlvL5KGM1DBvtsVjZobraZ9L2SQPYe+QujHVwkj57r/BarQt74Nf39f9zST2+opydTDj1UcPlYeSEC3dZVbC2K4sbMzjjdaMMtV6iDqKdscvOlxwtcLEcadco8TH2TrW7WlwaZ3Sxj8LznC9FsXxAoLgGsqHBj/deS1Vqq6UnVGS31G4KDBM+ndkZGO4T00zBboqrOj6NpqyGpbqhcHA+ikNdq7Lw+zdX11C9oEziPuvRLN1jT1jWtlcA490WDmW6SVUsYNaut9ygsqI5ACx2cpx39lRkks8DxzklFacDlRsb5yiZKroQ45JWpvqE/PoVDB35RA7bBKYD0StYGwS0lwy3YqMDg55UgPBAChQ3M7Tt5giNkOwI5XQcIU7M7hQhJbgj6gu4HqoUcpadLtkVkoPB4UIHSxlN1+yWv2UIccCOERkzmEd03UukZUIS45Q8DOAuva142UE5aRhGimLQBjKhDksIxkNVfLF5jthWpk1Y2QnwtO+lLwgis06eVAu9jtt7pzTXGESMI3GBuraopnAZAUYuMZ3aqcUy03F5R88/EL4QXazyurrMzx6V5LmtA3aPReY+ZpGV9qPMVREYJmBzHdivJPiR8Ioq8vu1iZh5y6WIN/cLNZSmeq8d5twxXYeGMkJbgnP5qsqqZ8Ty5oy12/2VnW0FVbKp9NVRuY5p7jGVHe4P2O2Fz7dP+j2Gk1k4tTT4KmVhePp3ClU0upmD9Q2Ke4Nb+HKil3guLmjYnhYLKsHaq1UJk5De07YRKaRr4wScEp80ZIBWWXHBsjPJGTmPLDkIRyH4TgRhJcQ1bgtKGrOcFXdNVZwDhZRkhYdgrWin4ygOpptTxg0bZARvuotXC1x1NGMpkM2ABupIaJm4yobZSVkcMq34AP2UN7t8jsp9ZCRIQFD0+6hhsTQ+CoOdJ/VSyNQBB5VW/LXDCmU1RtpIUGVWYeGSYnFjskqzgqM4VW7J8wRIKgtOCNgob4WbeC+ZJqGeU9mdQwoVLUcNIU3UMDHdLN0Hu5LGkdkDJUzSCqukdvjKtG+Zox3Vm2tkXQPmW/dWLm+6r9P+8N+6sCMY3UNURgZ6qPPDqGwU1MezPdQGUU+CmmhLXAgYUiiqnQShxcMBHmgBGwVdLC5pzjdAKcpVPMTV09xhmA0Hn1UnxA9qx1JWeA4DgK+pa6OVo0HJ77peEb6NVCcctk87b5SD8njhDJLwCF0dwl4Ncbgh0uGNlAqoPDcHNCkODs5BTiNTcFLlHI1yyiHE8tOnCmRvGQQRuo74RvgYQ486gMrPKG4ZVbtZoKCcjBDsY91f2+vII8R2VkKafRjKt6KqHplY7Yfo7Gl1Ho18dTrAIKUj/EZuFVUtSThWUcwLQccrHOKR1lPcuSsuNGZQWtbnKzQdNRVBLctLHLcSBrmu2zhZ+60QnGGjDgc59Qk4yLk8dGm6ZvBrYBTzPDttvZTKqAxSZGwJXnVvrp7bNkEjS5ehUNY250IkJBfgKxkLfRUV1P4U4lG4d+xUyiqnagCE+VodG6N43GygjVG/VjhQdkvKqJtVSkY3AyFRUUr7XXCN/0S7fmre21XiMAd3US9UZc0uYN2+YJYxSWS4id4gJwuxkxvyqSzXCR38p7txsrnxAd0A+M8kqRwljdgbptBOWu8F2x7JkFQAdJGQmVGIZBUjOPZQepcFo86sqqrgWHxNOSCp9PUeKzgYIQquHU3YKFy5QFspe0ZO6j1kRkYWjckJRHw36UV2HDJTBEuTD9Q28TQuIbhzFkaWR7Kgb43Xp92pQ4F2nZw3Xmd5pn0dcXNGGk5CbF4OJrIup/IjZdO1LzKAHcLaTSHQx4O+BuvMbFXlkjJA7GdivQbfUCpg0k5IGycnk1aS52Ryy7a8TwNeMZAwUCdgliMZGcoFPN4YMZ9VIEjSOVTNz+4x72CjuJa4YaTkK616o9Q9FB6joyCKiPsU+gkc+lbq3RoU1jkgX6mdV0E0UeznNK8QrKZ9NUSwSjDmOIXvdcMZXj/AFfTGC4vlx9ZK7GgscZYPC/VWl3wVpkpQA/0VpY5CZw3Kq6ofzN9kWgnNPO12diV7vQXZSifBvqDT7HuRsGkDZRrxGyWieXDOkbJwJIByiOaJY3RvGQQuueQ+RGf6ZqmxVLonnk7LTTg52WPoYxTXcsHGrZbGT6QfUIX0b9LNdE2iGacAHOEG8UzZ6R2obgbItpOqJw5wVIqY9bdPOQQsszt08oyFgmdHO6Fw3aVoqoADJGVkad8sV7fBjSdX7LWlxdEwnc8JElk30SwRozh+CUVzs91G/47wERuTndZmdGFi6HwHFQN1aa9SpslsrXKxa7Lc+qhvpnl4OSnMblEZISccqS92tpbhQoyGvLHbHdLZpcsDJD5xvjJU6J3kG/Krpzh4wEanmAGMpT5YyqzEsEokZ5UapxpBT5TwWoMm7VnseDW5ZRWzjS7ZNLiBynVP1KIcuJ34UXZnk8MzXXcELqds5aNY7hYULf9WRGagJ9FgicJ6PFebjjUAk9MT0ZyBJpIJ5XTwfsgDOpCngpEjb1TmcpjeE9nKNsmCSzsincBCZ2RjwFogJfY1qeRlNRBgd09LJR2D6grCLgqBCMOCmNI0qxsMI493kLfVVEu0jh7qxnOCcFV0h85+6CwkpZFEPMFJjG2fVBjA/RSIwNH3SxM3g5K7A5UEucSd0ed2TjKjpVnAUUuxIZ8wRE2JpfKGDusdk8LI6uLskorstbVRtMbSxvmJXrHTVFFTW8P04cV57YKbVURxkDYhepwxCGnDW7DHH5Lh623d9p9E8RpVXUpCa3xJQ0DYlW8EekBuMYVdRRnUJMc7K4hbpAIC41sj2GkpxDIeHDNyEdzkKNwHbdCrphFFryqq+5mpvaslTcah75SzXsOyiM2O6bLl8hfknKfTxh8ojzyuzpa8nJ1NucyL+0QFjDKRjOwyi3KpFNTulyNge6OwCKFrAMYbgBZu6zfxCtjtYcdJd5seq7+hpzI8L9QeRjp6pTZa9DWp00r7lO0lz3Eg+gXptBBk+M4bjZv2VJYreyho4oWtwcDK0dO3Q3jb0Xoox2RwfAddqJamxzn2Hj7qXCwkZxlRYgSUS4XBttoXSZG44RyeDEU/UtxMrmW2md/NkONjxlabpWym10bYzgZOonuSst0ha5blcn3WpBLdRLcr0RgAGANglzljgGc8EkYIGBhIuDdycJrTgZJVXd7k2nbqaNXblB2K7K69XIzz+BHwDgBW/TlojDPmpW5IO2VR2qkfX1okIJBOVvKWJtPEyJoxgKiB2DS3SOEYjPdcjII4TlbAFkDkqsu1a8EUdO7+Y/05wpFwqo6WPxJD9h6qLY6Px5JLpVN8pJDSfwhQtLJMpYo7NQmSZw1uBc9x7LzG8VtX1/fG2mma9tthd53Z/vCP9FY/EDquevrGdJWPLquoyHPactDD3Wk6Y6eg6etsdK3DpsZkf6lUE/sLK12yltNJHSUkYY2MAbBSKutjo4HyzuGkAnc8ruoNBJVC0SdTXqMRnFupcl7uz3Dt/ko+CbtxJ6UtE1dWvvtxiGgk+CHemdltjpcMhuAhwRsZG1rGhrGjDQOAEVLk2xbEgVjxHA6Q8N3KI6RoaSTsszf6+V9Qy20r86t5t/w+iOEW+SsZAmX+I1ZqpRmJgwwds+q5VVvgjGNkGpq4qWMMaMBowAF5z8ROvm2Skkp45Aap48oB49k5QH0VOyWCN8QevqCOR0TqjEce2Ady4L5m616nuvV93dSiV3gNOC1p2wrHq27V4a+vrpCXynyMB7qjs8L6aJ1Sdpp84zyMq5x6wer8dpY6ZfL7CRtjttM2kpI8SP2JA8xXp3w6+HkdHGOo+oWtLxh0Ubx9PundC9BxgMv18ja4hupjXDY+638FO68yjxMx0MZwBxrwjX2idb5Dc3XAVLDLdpC1g0UTNg31+yF1H1FRdPUjpHPGpM6m6utfS1tf52tDRhrQcFx9F8x9b/EK59TzyQuqHCPPDT2S7bNovQePnrZZ6Xtlp8RPiVX36sfSUFQ9kAODg8rz5x5cd3Hk+qXAz3SHqufba2e00+nhpobYAyCTkjZEbgb55SG+Sh7gndY5zbNMV7HpiSeBkoUshjWxk90WNmE9jERrccFaIx/YDnk61gxuF3T6JEgcrqYC+TmMd0gMLqShWBJnh+6euEgcqFjNPumafdEQ5pWxNyUuTS7Ik5dHdKc4NAydgq+W4aMiIqDJWzygtc7ZJnclwh0KW+y0lroY9s5KiSXOY7NOAq8gk5JXclZJ3SfQ5UqPLDvrZXfUc5UfJJJK6klNt9hpJHWgei5krrUh2RR4GCzwUjwEu+EnIJPnBQ8OBXcj1QMn1KWT6lEpED5HqlkeqBk+pSyfUq9xB+n3XQMLqSvJMiSSTXKiCwVxdyUnK08lpnF0cri6fRXKROh+pMO/C6AOycRhKU+SjiS4DldRkGLrVxJEEFAwkh6vZcVJYKwd1O9UmfUFxJEWEHCKGt5AUccp4IxuUYIfccJzKieF2tkhGE1JTIMoqS5LGmvvDZ2fmFaU9ZBMMteN/dZcsAOU9pLO/CkbMPBlnQn+JqzkjONksZVHSXuSLDJRrZ7q5pa6kmwWuA9iUxNMx2UygP8HIzhC0lTwGkHvlAMAO4CNxE7+cEZcAx3RzGQm6fdCHuG4CWAupKEOYCWAupIiCS4SwUsFQHGeGWFBdHU7fDkJLTsp4gbONcZBB3VApFJVzUzg6N59wjF2VrHBYSU0kfIQ9OFb088VfBg4DsYUaehlj3AyPUKGfLi+SCAeEYcLpZjsuKF5yNQ9I9FI0+6Zp901PDyE3lYLbprqes6eqQ+Il8RPmZnbC9mtN3o7xRMraR+rUPM3u0+i8DIV90l1PUdP1rTrJhecOb2wtVVpzdZo3bHfD0e2YPouJUNdSXOkZV0rw5rgCf8JRdK0J5POtYeBq6AcroGO6fgYAwiwUIcJJJIiCSRkkOSAVwgYR0lMkIpHouYKLgJYCmCEbQ70TMFTMBDLQRhXnAzGQGAlgIhhycppiwpkmAWAuYKcdk8xgqyiOuYBRjDlLwfdTBAKekuN2KhDjmHlAecg5HCmY1DhAkBYdhyqZa/REITEcgcoeCrLAPYCoU8WATp/dWZGVGmGncNyqYcZclNM0B2MKO9Sqxp8QuxyogQ9GuHQJDcjnlMUHJ5BLmn3RcY3TAcdkqSaCAoZAxlGTcFQJS3ACFxEITCDlQcNPCE5pz90bBS0+yhT45Lroq+OtV1bFI7+VP5CM9162DkAjuvBnAtcHNOHDhevdI3UXOzw635liAjf6nHdNrxLs5esr/rRbJJEYSTjmCSSSVEEkkkoQbNgYJKq7jH8xAcYJapN5m8CjMpOOyhU8gnp8g8hUNj+zLPjw8sI3CA4YOMKwq2GKq16dsqNVMx5mjZSXRug8ohJJEYOEklrkaOSSSVBjUkkkYbkkJOPC4B3XVDNKXI1OHCWAuavZQJvJ9ZS0Yl/Dws1c6F7JXODO/K2j2jHCr6qEOaRgZK/IyR/Q4y1uuVTaptTclvdq29vuFPcYBJE4Ekbt9Fka636NxuodDXT2ypEsLts+ZvYhEnyKshjo2F0tbZGFwZkH9lirnbp6OXxYcjSc7L0S219PdYMtwHAbhRK61Nk1eQEehRtAxljsz9ivjapgpqp2HjYEq7fTNcNsfdY67Wp9JM6aEFoz27K3sF+EobR1j8Pbs1x7qZLcck2ppN/pCq6ykbpxjC1E0LXNBwDtyq6ppwQPKjbB6MbV0Wl2zVWyRnccLX1dHq4aOFSVlE4bhoVhlJo3I4Q+O6lyRFrlHmbwUBCfYr9cunasVdumx/Uw/S4fZey9M9V2/qakbLE4R1AGJIyd8+oXhAGESguNbaqxlZRSljmHJGdnD0KXOCYEo5PomVgO2OQoctMAM4Wf6P6/or9poazEFSBsXHAf8Ab3WvfCMZWSdbQDRQVNLjdo7KtLJInhzSWnPYrTVEAPDVV1NLk7DCSWnngt7FfTtT1J37HK1ED2yt2xsvM3B0LtQ2wrWz3ySOYGSbAHqoKshnlGzmhGeFHeCBsE+jr4a4Ex8jndGdEXcFAZ3lEaOYg6X7ehTqmmirIjHIN+x7grj4u+nhcildwQoARKavrbS/5eYGSIHY+gWnhlbNG2VpBDgCFUOZDUNLXsB9FDimqrROB5nwOP3woLmtxp0kOnqYqiISRHIP7IygnA1JJJQWOSSSUIJJJJQg9JJJQgkkklCCSSSUIJJJJQgkxPTFCDU148pTklCFdWUMNU0xyxNcPcKk/hNfa3ma3TOLDvozwtS+LVhCJdHyMqD1IqqHqSNhENxDo3cZ7K+jka8amkEHjdU9bbqWqHniGfUBVjv4vaJDLDKJYB+DuoRI2IOUxzcbqmoOoqefDJxoefXZXDZg7cDlXnIOOeBhBSHKIQOUwfUqF9DwMhLS08hIcLqhRTXTpynqz49E75Wcb6ozpBPvhUzb9c7LL4F/oj4PDamIZZ+ZWyQZmFzQBwFZZHo6+mrImy0s7ZW98HhTmOyM4WUuPTMhk+cslSaKdu5YCfDefcJUfU9Vbnil6jh8DGwnH92fzVCzYA5XHMDlCorjTVsYkpZBIw8OByFJMmOytA7Rj4RIBkZxuoM1HMzMkEmgjtnYqza7I4T3NaeBhXJYIVlDe8O8CuidGRsHY2KtGzh27cEHgoE9HDUt0SMB91VfK11tkL4XGWH+nOUJC75SDXd1AobrBUv0HLHjlrlaA7cKFNjU/JTE9WCJR6mhpqtpbPEHZ79wjagSnK5RwQo30l1tB1UExqIe7HnLlY0d2pp8Mk1RS92v2U1roxjW7Ci1tsp60Z0gO7OCEhMBaRt2TWnG2eFStFztkhc9pnjG2RzhSqO5Q1T9LXFru7TyFYucclhkJ5Y3GQgA78orSMblGkAofsC+MNdlowmtqqyJ2WDWApLm6u6Ho2xlNUsIFpeysunT/TvUh1V9J8vVjiePyPaexyFXOt3WXTg00c7OoKHGND/LMG+mdw5Xz25K41rxu12CmwscHlEaT7PNbz0T0t1BUG72h9w6Zv0bsyVELfDyf8UfDv1239VTyda9XdHzGg67sklbQDAjudK3c+7mdv1Xrkzat2MMp5h/9FOMfZClFsqozSXKiNM5wOWS4c137YXQo8jKLxYsoVbTGWHDhnnb4ehfiFR6vlKK5Rlvma9gcQPYn/ovG+v/AOyLR1niXHoO5SU7m5d8lUeZmfZe7Xj4KWnxXXbpCpfa613mLoXYY4+4VA68de9GzCDqei+ep27Coibgkeq72h8lOEt1E8JemIu0lWohtsWT4p6j6Q+Ifw6qn03U1llMAOBKGkwfk/sqCOtsV0fmeB1NL2c08H7r9E6e/dNdV0bqWobA8SjD45WjP5gry3rf+yn8OOqHTVtlkls1W/zAQnLHH3C9Zo/qSG7bqI8v2jh3+I2c1NnySG9QW9viWqYVcPcE74Uii6io6h/hXCmNPMNjkbFa3rD+zb8VPh/quNuiZdaZvMtI45x7t391gn3xxk+Q6otAcI9tLmaXMPqD3XpKNVTqY7q5JnMlTZU/vReujpal2aGsb4g306kennvNueJ4ahxI5AOVQG2WSuPzVnuT6aYjZurf7FFbUdTWtwYQyduNnDuE9DK9Q63weg2nr0sIirYyD3PZauh6mtVcAIahocezjheP098pag+HVweBNwdTcAqXHPBI7TDM0H2KLbk6FPkpw7PaWSskGWuBCevJ6a6XmmYGRVjtA4BOVfW/rieli03CPUG/iHdVsOjDydc1iRuHRseMOaD9wos9sp5W6XRtGe4Ch03VNpqYWytm055B7K2ZNFOxro5GuDhkYKVYm+hyuqn0yjqOnXAkxSDCq57TUxSbQAn1AWy8M/qh+DJ+JuB23QpuPY3+LCzrgxYnrqSQOilexw91MpuprhBJqmfrHcLQzUMEhy6FpJVVWWEOBdCPyV/IU9PZVzCROpuprfMzVJlru4U+GeknaHxzNIcsfNZKmJuprc+yY2Ksj8o1AfdWmvRcbLI/mbnwWOAOkEFDlozMMMY39FkIr7XwN8JshIHqVa0vVYYweMw6h6HCZnBatrk8MnG0jUTpG6BNZoicloBKn099oJYw8u3POVJ1wVLA6J7f1S9+WM21vpmbqOnmSYLGg/kodR0ycbRD9Fr/AJZ/IcFw0snOU2MscoXZpoSWGjAVHTDiQfBB/wDCq+osxi2EJYRwWhekuaWnzgYTT8mfqLfzaE35mc+3xddvXB5eIaqF2oOfsptLfKyI6XPwB7rfugt7xpMUeD/hQXdPWmUZETBq9lPnZkfhLO65GXh6oc3AdOM/ZXkddb7gxrpmROdj0XKvoy31Df5RDHdiAoP+yEsYwxziES1EmJn47VVcSjuRMrLDaLhAGzUcTh2OlZ2v+F3TtTJ4rIGsyMEYVqaC80g8KOZ5aDtlEiudxg/lywOJHcDlPWomumYrPGU38W1L/sYC4/ByQPc+grCQdw0jhZ6t+G/UNDv4fiMyfpGSvb6W8gECeJwB74Ur52jqSGl+Amx1lkfZyb/pPQ6n+nB821NjvNLkmhlIH+EqA59RES2aAsPuvqF1vtc4LS1rs87Ksquhena4ky0kZz/hWiGukn95xdX9DR708v8AufOAlfkHspAqnsAxsvZLr8HqKTLaGYMa7cbZx+SyNw+EN9p5CKZwkatUNXXP2ed1f0nrtK8pZ/wZCK5zs7agpDLnTyHRUx5B2zhKu6Zv9BMYn02Mfuq2SmnhOJ2Fp90z5YvpnIt0Go0z++DLljLQ938vUzPoUZraiAa6aUSs7NJ3Cz7ZMuxwpsT5G6cTFoPuqT3CoLnD4LaO5v1YqIC0eoCnQVNNMP5UzST2VIXygeZ+fumuiEhDmnQ71bshf9zZW3E0L2OcMKLLTOb9TAQq1tfX04wXagOCVPp78xzQ2anORzg8oJQTN1Vyg+RngBjst1M9gcK3t3UVbQ4Y5/iMHZyhMr6Cp8hYWE8Erngxu3Y8YKzTpUjrafXzrkpRZtbX1XTVWGudod6Eq/p6xziMgEH915W2nOctOCO4KsaS6XSjcGCTxGDgErLbpVj7T1/j/ONv7z09tRgcDdEbMcA4WOoeo2EBs+QVewXKGVodG7IWGenlF8np6PJ12rsuG1A4wiNkB7j9VVtqmHg7ojJM8f5pUljs6NerUuiz8btkJeKVWtlIKMKgdwqwa435RYRznOCjFtQ8AxYd7KubMD2RBVSQ4LHH9VeCfLkM6eSF2KiDHuW5TmSwSHySNJ9FxlzJGJsH7oclJbqoeLgxv7OYcKYL3ImeGSPKVGdLPE7D2ukHsOFXmnvVLLqgqI5YjuA4nI9k5nUDoHiCvoKmJx28QR5YfzCIL5Uuy0ZVU5IafIT/AFIzo38twQVAZJbq8DL2PB9HbhPdRTwgOoal+B+FxyoB8q9Eknwj5mro8GTYYP3Ub5yrhH+904e09wF1slHO7Y6T6FQj57B1lipqsF7cNfzkbH9VDjfe7RlsEbamIc+Ju7H3VwGuj3GS1J0uMY3ypkW4pkeiv1vrXeC5xhnHLHjH6KaRndQai3UVWCZIQ154e0YIUOGnvdA5zo5hVQDhp5CKMssH4sFy5odyuhjVAprrCZPArGmnmP4XDb/zcfurBha4amuDge4OU2LFyryRp4i47KhvHSdlvEbm1lEzU78QG6072h2MqO+PcHCZGbh0YtTpIX4jYso8f6g+DMEjXy2pxY4bgeq87ufTfUvTUxfPSSsY07PZnC+pXNGkNxjKhz28SO1OAK10aycOJHi/JfRWh1OZQ+1s+dbP1nJD/Ir2eIzjfstDFT2e+MMlLK2N57LbX/4W2S8PLoR8kT/3Ixv7rzm9fDzqfpuYy0BdVQt3EsecY+/ddfT62L/I+ZeU+ktXoW3Wty/scrbFWURLmDU31CFR3GooZPxD2Xbf1bVQAQ3Boe3g+qt9NovDNUL2seV0q7I2dHk7ISi/9VF1YOspW4aZ9h2JW7tXUNPWgNc4ArxOstFbQO8WAlzfUFSLV1NU0LwycuCYYL9JGb3VnvzZA7cBEBysBYurPGa0eOHexK19Dc4arAyAT7oDl21Ot4Jyfq9Chl2xCCSc8oxOGTNQPcJ4cPUKBk+qI0nUNyoD2T2ykcJ+sOG4UJsreyKJAFCYJJijc3BGfdRiHRnOMhED/VOLmPHmaoTIo5W4znlGUSSDSS6FpKUNY0v8KTyntlQtEvOE8bJieN1BQ/b0XdPuuAZ7rur2UIdBwcp7JskDSmLgGFCEnS143CjS26OcYJwil+k4wnskBUIUc1LLBK5pGw7pA8jOCVdlrHkagCq+qtL8mSncDnctVYLT5PP+uPhva+paR8nhATjJa5gxh3qvnjqTpW4dOVkkFTG4tB2djkL68jcWOLJAQeDlUvUPR9tvrHeNTxu1DByEmypSO5oPLW0NRlzE+P5AHemfuoMjcZOF6H138Oqrp2vmkpQ6SnyTsPpWGljxsVzb6D2+j1MLFvgyLBKY3BpGysmytkaBsqyWI52CJBNoIBXMtpwd3T6lPiRJnh7tCjbg4Vk0BzMlQpoSTsO6xyjjs3d8oF4vsptJUEOVediQntODlIaH1XbGaSmqc44VhBNsBkLN00+nGc5VjFPnCo6tV26JZztD/NyVWTAtdwprH5GChTR5GwUGtKRAeMpschhdqAyiFhBO2ENxwRsoJa2PJawu1wh5G/oh7h3CBSTgeXCkP3AICg6NjkS6aUgjKtYXBzdzlZ+OTdWFJU4PmKhuqux2XVM7S8DOyuYCDGNws9G7J5VtSPGG5Kh06bMhWgmoafdTlGYBnJG6kDhQ3Rlg6kkkgCGublRamAPbwpia5uoKCpLcigqYnRu2Gy5TVclO8PZtjt6qzqYAT9KqqmEtOwwgMs4yh+Jf0N7heQJPKe/orZlRTyAOB59FgDIWH1UqmuMsZH8wgDtlTZwP0+t2LbM3Aax3/wA1Me4MVFRX2LZsjyVbwVUVQ0FjkmUcHUq1MLEEPBUYtIJ2Upc0gdkhoeppsECSRjsplFV6Hhjxj0KjBoadynEDGyz2Qya6rXXJM09JPxj0VnFM4gLHW6ukifpe7YcZWpp5mOiDhwVz7YYZ3dPerY5RP8cgcZUWqjDxlPBynuGe6TKODU+TOXGlw8u0qV03e/kJhBMfIdlNqYGv3Iys7WU7oZzpG2cj2QMS/skmejOMc4E0RBDx6qvljw4tKrenr1HLEKSV2HjjKt61mWCVo45VGiNm4DBK6nlG+Gnb7K+ZoqqY8E4VAC2eHyjzAKbaKoxv8OQ+xyhGxbZWzxut9U6XHlyrmmmM7RvyMod3pWzMLm77KjttZPS1Py735AO2fRLDjPDNMC5pyN0aT+dTHPdBjcHNzhFjd24V5NUZ5OWupLJPl3Df1Vs4B22VRVQ+WkbUxjG+HYVtDKJY2vacgjKoYpZK6qaYZycbIjXB7Q4Itxj1REjlQqOcNZ4buQrCYqxpkj0YWF6nog+Nzmx7t3XoEgB3VFdqMSxvIbk4IRmDWVb62edW2cxS+G4916B09X5DWl24XndzYaCq4wCchaGwV+HMcHehWis5WmtcHsZ6KR/MLxsCianADdBjf41PqxyE9jw+MOVWL9HZqluFVR/MQuY8ZyFS24ua58WdgVea87YVPVxfKVniM+iTdXHsu1ZQSoZrGF5p1rRapS4Dgr03xPEGMLFdWU3mkyF0dPPaee8zp/mo2nk9yjLZ9hthRWv8J4OnUrW9ReGWkjcnCqXYcF7Hxdu5rJ8K+pNHtTiaqjlMsDXk5OFMgk82COdlRWWr1xiNXMcmk5wvUp5Pl0lteDO3MOp7kS1uC12crVRy64WOxy0Kj6gYDioDdzyp1pmfJRM1nJG2VGaNLP7tpaWaVzK2SIfSRlWuzi4EKhopQyvzjkK+Z/V2Ky29notPLMDC3xjaG9iSIYc5wWigfrp2nPCputqd0VVFV8NJUyyVHzEBHcAJRtofOGHJ0VJdynk6d/VCmdpmPuV1/A3Wa6OOTdGTQ5ztwcKbA4vaN1Wv2ICmUTwMApfZrpsxNJkgjGxKrZMioJzwrCqdmY44VVUOLZSccoDouQ+YgjJTKd2H41DZMJywn0CjwOxIclAyo2YmmXIcCASQo7u64x22NS64gBInHJ0I2KSINcABn2UAEb7hT7kP5JIVO12DyqijPbLBEvERnpHsAzgLzh2WSPaRwSvTqjzMc3nIXm1yZorJRjGCnRPKeYhvkpkWTkJw4XJRuMLo4RqWThYGprRunJo5VFhBwns5TBwns5UIw8aOe35oEaOe35rTWJl2OH0oZJyiD6UM8p4IWM4I24Uljy5qiA4RMjSVC84OzOBOcqDNnWMc7oz3b8oJ5S7GQewZUh390AhxAHAT58Y2PCEW45IkpySmjkrrtyuJNvQyKwJSaKP+aJSOFGwTsFcW+mLomMxlxXPulhYOv4unfduNj0ZbWzzmpe0aWgErcb8duyremqJlHb2N04c4Bx/RWw0ufpb2XmtVJubZ9M0VOK0iRRxDHGwVkxowFEpo8NCl8Bc5vcehq+2OB5wAqu61H8rSDup0soAydgFn6qbxZ3OGcZ4WvTQ5yBqLEo4EOMk9lZWSmEzxM4bNVTzgZWqtsLILeJWjjlej0VWUeT8nq1RDGRl0rW0cTpHHZrSgdDWx1bUuudRGdIcXDPqqm9VL66pjoYhl0rw1oH35Xo9lt4t1vipmNwQ0avuvSaOnHJ8Q+qPKSuk6YstaRhfIA0bf5K3Y0fSCo1HEyOLUB5ijQZd+S3s8FLMnhkpuIxqIWYr5p77dG2+DIiacOIU3qC7Chg8IPw5wU3oezaYHV9SDrlOsfZQJ4hHJqrVQxW+jjp42AFowSFMZymskGB5V17g0bpEmZZ/cNq5/CafTCx89RNWVLjny5wArDqC5HxBSROwcZeR/ki9O24VI+YmbsCSPdEmsBLhGh6etzaanbK5uHEK4TIWtZE1rRgYT1T/sInL9BGohOBk8IY7quu9a9wbb4P7yY4+w9Va6LI7pHXq6CFo/lRnBPbHcpvXXU9P07aH0sLmNmkaWwszj7uKly1FJ05ZXyOLQY2lznu77ZKwdlt9f1Zdz1LegWU7HD5aBw5b6n07IRqiWfRHTjqaJt6ubGOr6hu7sfSFtG5xugQtBxpAAHYJV1wioIdb/AKjs0Z5KhU1kg3atmqZRZ7eNU8/kc4H6Ae60Votcdpoo6OIDSznbk9yoXTVoNGx1dWBrquo8znDsPQK8RJA9BWHAScQULJSe4sifJ/SMpWCES8VooqcuJ3PCyMtY2kifWznMkpJGfRdud2fV1LnSnytJACzF6uTZXazLpjYNOForSHVw3Ar71PT2ylkuNfLpDQdLc7krwi8XibqK4zXepyyljdkaj+isuvOo3X+t+Rp3Ygp8Bw9TndeddR3h1WRYrP5nOHmOeSnHe0GkTabRXSVMnU13ZK9hZAwYjBOdvVes9GdDClEV6vUWoHeGIjHHc/sg/D/ocW2jjnrmguADgCP816BFSzXKdjGNcKZp/mPHf/0VNpdjtdrc5qq4SO0cL7vJoDTHSxHttqUXrTrG29N0Qa9waACGgbA45/zCZ1n1ja+jbWdwAAQ1rTguI7BfLnWHWNf1LcHzSTO0ZIDQdseiTZal0K8X4uevmrLF9gbrXrSq6lrpNUh0NJ0gHYBZgDA4TMD6kQ8LDZZlnuaKa6IbK1wcJB2CTkjtwlp91lnLcGlk4uHddSAyUAxvBwDCMyPJ5SY0lHaGtHKdGAGWxBgH3XDKAOOExxOSBnH3XAN85TCYOve554xhOj7p2lvouqFZEkm6sIc03ht3GcoXJLstRbHyEDG6jSVLWcqPLWjGOFAlqC5ZbdSo8IfGrPZNqbgeIjj1UN08kn1vUY5JyV1w91ile5Pk0xpUVlBUkFJVuLEkkkqIJJJJQgkkklCCSSSQkEkkkiIJJJJQgkkklCCSSSUIJJJJQgUDHddQUkW4gZJMSQkCpJJIyCSSSUIJJJJQg1JOSUICT2atvRJrCCiAeqLJbY0e6Sdp90tPujyUESTEkIBzG+cp7JHRnLU1JTLKcVLhlnQ32SB+JgXN+/Cv6OugqWaonZWM7qTBVS0xzGcI4XPP3GW/Sp8xNe9gdwOfRCMZCq7de8yCKp78HKuqeZkg8oWhOM1wYZVzh2A8I+q54fupjoQe2UF0RCNQyLUsgNBS0+6OBlIsz3VdBqWQOn2XMBFwEwg5UCBroODkJ+CuKECUtRLTyeJG7jkeq0lJXRVcQOoB3cLM6CiwzPp5A9h4UM10M9F9UU+nzYGD6KGWkE+ysaKrjq48EjPcFNnpfDORgg8YVpZMuXHggaT6LikOZjsgaXZ4RBqWTh3TTnKLjCSuMtpeTS9GdYz2GrbBUuLqSQgPaey9mjMc8bJYSCx4DmkHkHhfOZ5XoPw56xdTVDbJcqjMLx/JLuQfRbKrcnJ1+k3f6laPTC0eq7o/xJPZl2w2Sb5Vra4ycTrseuZCemoUslN4HJLgOV1UCJJJccoQbkISNkprUXQSeQaSJp90tPupkPIM8KO4POR2UnBXNHspjIRHwW9k0nKkkDB2QC12TsnRiUc1eyWr2TtLvRcVYReDmn3Q/D91IXNPugyUNYh1DBjOEYDCbITjYKeyEAgg8JpAwpEjcEnCiu7qwwZ5Q5QMIhBzlMk4ULXZVVkQccAdlRvqWwzmJ4WlmiyRss1fqMxu8VowEqw01vLwGDw7cJKvoKkvb4TjnHCsEJpBLoOOy4kqCGLhAwurrVCASN8IeApGAh4KgSluB4CWAupIRwN7M91qPh3cmUtxfRzuIMo8u/dZtOoZX0tzp6hjsFjgUaeDNqY7obT2pw3yuIcT/Fp45v6hldTl0cGS2vA9JMSVlD0kklCMpOspjDZQW8mUBV1gqTPSuaT9IypPXvlsrATj+aFn+lqp3j+GD5cYIUN0YZoyi1ucQwXYUIM+Yojp3cFbXeB3haxxglZ+y1jY6t0Mp8r9t/VU+i6s7ckdzOM7Lnh+6nV1OYJ3ADyuOQox4SWOhLKAJLr/AKiuKgzur2XDukkoTI5JJJGAPQkVMwFAk8H2ERlBkjzjuuUVbFWx+JEf3RyMr8lYwf0OyirqqVsoxhZ642x0Zc6Nu43x6ha6VmcbZUKopvEGeEALZlKOuq7dO2eFxGPqae4W9tV3prtAHBwEmNxlZO4W8YJDcFVlPWVNpqRPCcYO4zyExMpxzybq6Wxk7XEMGe49VhLvaZqWQzQZBb6LeW27QXimbIx4EgHmblNqaCOfIc0ZKjjnoFy28GX6d6kLsUVc7zDYOK0zomyNy05B3ysferE6CR08LT67dkbp/qd0bhQVx9muPf2VpgP7ujQy0o3y1VFbQEjOlaSIMqW62kOGM7JS07CMaUZDAVtAW58vZU8kRa8gjC31db9eSGjZZqvtjg4lrP3UIUMse3CjkdlPnp3A4LeFG0lpwUcY5IAD3wuD4nFrhuHA4IXpnRPxKjcyK1X15Dx5WznjHuV5rI3hR5QRgjsl2VJkayfTD2h/G4Uepo9gcfuvJeifiTU2ueK23d2ukIDWu/oXstPVUlxpWVFJI17HAHIOVinQ0xaRQ1NJv9Kr5aZtOdTW5WmqYATkNVfVUm2yRKDLI1suk1FMHs47jK2tuuMVXEHsIz3CwEsRjcBj81Ipayajka+I/cIHHAM4Jo9Ac0P4CC+n0jPqq223llSA1zsHuCrjxBI0EIDHJYZEy5hGykska5oDmg/dMezPbKHksKhQSBj6OcyQOwx3LDwrSGqbIOMH3VfG8OG4RWODTnCgmUdxZB2V1Q4qjgEKU1+oZwoB12JOTU5QpCSSSUFiSSSUIPSTElCD0kklCCSSSUIMSSSUIJJJJQg18gZyEMPgn8oeAfdG0tcCHDKjzW+N/mjJa77qF/JyMmpZY9wNQ9lGfHqwDspQmqoPLKNbR3RQYKyPyYDlYxMoau3McMhgJByEymrK6leBJktCuJqaRn1Djuor4mvGHDIVFqWCXS3WCRul58yltkDtxuqKWjaw6ohgpQ1tTSSDxPOzg+yhaRoQcrgfnsotPX08w8rsE9ipDccg5UKfYRIjKSSgkaGhRaqipquMxVMLJGHkPbkKYuEZUIZWbpaegkNTYax8Jzkwud5PyHZGpeo5YXimusLmPBxrx5StJp90CpoKWsjMVTCx7T6hQs5T1bJhmNwcD3CmMlzyOVlp+nKugJns9ZIDz4b3bfku0vUb6ZwguzHQuG2rGxRgGqJOE1RIbjFOB4MgfnuN1Lb5mh3qrTBkskCvtFPW4d/dvHDm7FQXS3ez/X/vMA79wFejfhIj1CvAKeCBb71R1+0UgD+7SdwrLxC4YIVTW2GjqiZYW/Lzdnx7b+6hNrbxZiG3CI1MPHiR7nHuFTLNCCT3RFXUV3pK4B1NIHZGSO4+6mmQFu6vIEk30F0Nd3C4S9hAadkAvLTsU4Sl22OFMlYJDX5GHDKjVVqpqkl7W+FJ/U3ZFY8FGb5lQLzkpSy528+b+dGOCOUaG5iQ4LsH0OxVoS07E5/JQ6mzQ1A1swx/qNlCPkPBUxvGCcFSAQdwVQvgrqJ2HNL2j05R4Lm5uGn9CpnBe0tDjbdd0t9VHZWMkARmyteh3g4OtaEGqoaevYY6ppePvujtOcpyNMoz8dmvtneZLLcXVEA3+WqDnH2KnxdTwFho+pLY6j1+Ulw1xn88Kzacfkgzxw1WBPGHAdjwnQtcOULa/Zm7t8M+l+oT87Y65tLK/fxINxn7ZWPren/iD0pK50sAu1C3iSMeYD3C9BqOloRKKq0XCot0vJERzGf/AApzLx1Ja3aLzRPuMQ28alZqeR7tXQq1tkRaRg7b1VR1Z8GYGKTh0cgx/mqnrT4VfD34hU7/AOM2WJ07xtUxANmafUO/Tt2Xo9dZehutG652mCo/+hO0Sg+7eSsvW/Dzq6wF03T9V/FIBjTFnTIB7hbqNe49PAqymu3iaPl/rL+xreKF38S+H18NazdxpqgefA7ZH59l5HeLN150NUuouq+nqmlDDpJcC5v5HGD+RX3PSdWNbMaS603yFQ3ZzZvLkq7LaG5U0lDdKGCqp5fqZMzUF6nSfVF1cVGS3HO1HiKbOYcH57Nr7XXx/wA4R/mMEJSWunkYH0Uxa4cEFfYfVP8AZb+E/WEUklngNgr3bh9F5Y3H3YvFuqP7I3xT6Wc6o6fqIr5TjLmtga4S6fUtK9RpfqDTXwTfDORqdBbVwkeRtqrxTfyiS4Dg+qlR3actDJ4Acd024vudiqXW/qG0VVJMwlpE7PD3/NCp6qjqnFrHAfnldajVV6hZgzD8codk+nu8IdiSJzB6q6pbvNFpfTVRx2GpZmSknd5oWB7T6FMhndTktdG4HuE/GR1V0quj0Ki6urInZlkDx78rRQdWUksY8TUHdwvJoLlC/bOk+5VjT1j24AcHD7oJRRtr8lZE9Zp66kq2B8crd+xKkNAXl8Vxma3yuc37FWcPVFdBG1msuA4yUDqz0dGnycZcSN5pByMcoRtzZhggfdUds6rgnaGVHld3yreC8UUrtIlaPzQupxfBthqarPZHmsET5C7wQfcd1V1vT72EuiB+2FrWyNeMs3H3SaM52yraaNLhXZyYSS21cLdWk4XPmq+nZpaXY+63b4mOwC0YKBLZqaRoOkZKWm2C6FH8TIRdS3KFgaRqx3KtaHrOMRhtTEQR6KTV2GItIEf5hVU3T5blgjIx3CYC4Wr8XkvabqqyzeWVrsn1UxlTaarBYG7+6xcnT8zDkHn2UaS1V0DdcchJHYEqsoisuj+UTezU1NKB4W3uEP8Ah7uzi381hmTXqHBjmeAPUlSGdSXunADyXem6PJI3xz9yaNa6GeF2QSU/5t0eGyMIyqCDraRjQKmk3HcKXH11bNhPTlnuQFMpDndBloayMHJb+y6JaaXljc/ZQh1Z01VM0vqIx/mpkclqmjD4KiJwcNvMFfyi3tn2cMFHICxzGfkFHks1O4eU4Uk0cUm7H++xQHtqIyGMe4+mVcZ+wHpqpLojC0yxv1QzFp+6druUbiBl32xupTRW6fpBTRW6SQ+E5CLe32I/hVy9jGXd8RDaqnc3G2QjtvdEdnFcFVDIcPj/ADIQ5KeknaW6GA/bCJWciLNE30Snto66PSGxODhuCAqi4dFWSuic2Wjhye4aEU2zBBp53MI75ThDcqY+IyYSexWmF7Rht0GXiUEzJXL4TWqpiMcJbE8bhzQs3VfB65M/7NK149yV6s26RuGJoS145wFIjqqZ7Q4SkE9sp0dVKL4OBrfp3TXS3Shj/B4DX9FX21MLpYXuY0ntwPuqvw3NbnSdtsr6QlbDUbHDseu6r6vpyhqjrmhYc+rAtUdS2uTg6j6Zgn/oHz86TJwV1vhnOMfqvWq/4a2+ondJHGGh3psspcvhpcKV8ktOXPYNwBymfNk5d3g9TTzjJkdAPCa6OTORI4E+hVpP0/caRmuSnkA92qE9pb33HZXuRglTbS8Si0S6esqI42tLGOI2yQpDa3u4YVUJps41bJ/ikN4zlB+Q6q+UXwW7K2mf9T8FTqa4SwYdFNt7FZtjw527QpLJCBtslSrz2dOjXzrNrSX7WA2TAPqp8F1aX+WReftmfG7IcVIjuE0bg4Oys708X2d/SeX29s9FZWl34wVJbNqAIXn1NfJWSAklo7q3p747Z3iA+yTPT46O7p/Kxlw2a5k+43RvG1Y4Wbhuwe0OICkNrtgSf3SvhZ1atbCXOS8E47gLokHYqqFYCNineK71QurBqjqIz6LyGrc3A1AgdiimsY7yTNBz2IVE2oIPP7ozKt7gNeD6KnFoep5JFXZLdORNTa6eXnVG7AP3CBC/qS2y6fFiq4fw5OCiR1e4ydk81WDyd0OAW/0SIOqKM4ir2Op38ecbE/dTRJR1sYMT2ObjYtKqpoKesZonga9p9Qq42uWjeDQ1JiaOGqFuU0aZlNPGf5VS9w9H7ojxOwAyR7eoWbbf6ylxHVs2H42qfBeDMNTJQ72yoFC2Ptlt4mTnBCcHnbCrRcQ4YkG6eJy/eJ+lD0NVkX0TKmOGZnhzxB4PqojbfUUx1WucNH9Er9kRrnn63A4TxNjkKZBzF9g4r46N/g19K6Nw5djylWDZYJ2h0MgcPZQnGJ5Ae0O+6C63sYCaOR8D3d2nb9Fe4FxTLTSlpyquOtuVIdFXB4zP62dvupdPcqKpOmOpjL+7dW4Rp45ESqX6DmBpB2UZ1M4gtPGeFPSDQTgLTC3aYb9NXOOMGI6h+H1gvIdJUQObM7fW0rzm9fDXqCzPdUWYmoiG+AdwF7zPTB2MDlB+V07DuuhVqZR6PH+V+nNJq+ZQWf7Hz1QXurgm+SucLo3jbEgU2pt1DdAfCw17d8DuvXb10pZbywiqpGa3D62jBC88uvw1u1rc6ptVQ6WNu4aNnBdSjVqfEj5p5T6Tv0r+TT/cY+SC42V4kje/RnutTZOsX6GCZ2498FVj7i/ehvNK5hG2rTuh1dlp5ImyUcgOeCCtlbU+UeM1FDrk4Wwaf9z1iz9S0taxsbHYd7lXbZQ/GMfkvBaOvuNok314HfO63HT3WLajTHqOoc5KbjBzL9LKMd8Eei5C4eFX0FzhrPKDhw7E8qwO4Oyhh2sbqOcIzXbcqOeUsn1UBJweOchdDzlQg85R2ytwoBnJL8ZwaFHlpmVAySWvPcJwcCnNIUJggMqqm3S/7xl0I21HsrWCtinaHRHUCgvbHI0te0OB5BCqaukqqHNRbSdI3MXOR6hQtLg07JMjOERZ2136Kta1h8kg2LTzlXLJ8gau6hUofokpDBOCcJniLjjnBUFErAI5QtDvRCDyPVEEuNlCHdbvVF1HGMrgORlCUIOlgimHnYM+o5VdKySndoI1DsVaKPUtEg9VC08FBd7RTXWndDJDFkgjLm5yvCPiF8MJqIOr6OBo3OdA2K+iJIcZIGygV1HDVROgqGBzXbYISbK9xu0WunpJ7kfFlTTSQvMUzC0jbBUSRjvwhfQHxB+GcNRG+Sjg0vyXNc0LxO5Wirt07qeojIc0445XNvoz0e90Ouhq4bo9kOiqzjwpTxsCpR0uaRkKvDA05CLDMc4I4XKtqwej0uq42TOTxb4CEBp75Ux+HjPdRnRkHOVjlDB0EOjkcCFa002zcqmDxqxhSoJsEApZoqtceC+jkGEcEEYVZDNjAUpkoIzlUdGu7K5FO1rTqwob3azxwpz/ADN2Ve/LXHblQqx5ORvdEdt1Phn1tAIVfnUMgIsEuHbjCEKMscE1+cgjZHgkLXA5QsggFNacHlQ0wmX1LLrbzuFa0kuHAZCztFJ7q1ppQHNwVDo0W4L9py0EozSotO4OZjKPnOCCodauW5B0lwcLqrI8ckeEkjurIBkAyq+rpg7HZWYZ3QpGg7YQCbEpGaqoCw8KIQeMrQ1NNrzhvZVFVSuadgjMFkMcgGvLRt2UmkuVRA7JkwAq97znGFwvCCUcmR3Si+Ga239QRuwyV4cT7q8jmErA4cFebZ7tO6trXfJYsU8r9uxJ5Wd1nY0fkMJRma+QHlKOUk6SFDoq+OqHh6jrHr3UoeUHus04NHbhdGf4hiPxN2KsrTcyw+BP+RyqtkoJxhOJAcNuVkthno203OLTRtKZ/iAEHIUrGNsqitVxBDIT3Vw5xKxTiegrsjZFNMTmqmuMJcdSulDracvHHPdKfBJrKM6yV9DOJWjhbahrm3CgDgQDpzysjW0hO4CdZLmaOf5d58udt+FBcbHF4ZpaaXwpsO4O26nPa1jhIwZBGeVWVWSwSs/5sqTbqoVEfhu+pqA1wmW9NMZ4sSEb7KmvNE6mlbUMHdTg4xDAHClVUTa2iIIyQEsZn2QrXXGWPS5wOFbxkEBwKxcE0lvrPBfnBOFpKeoJaMbhGlkZXNssZ2tfE4HfZAtdU+J3gk5A7eyfG/W3fuoEz3Us7ThDjBqTwX8rmyD7KqewwzOeOCp8LxKxrmnZwyh3ClzTuI5KWM3YGRya2Z9VDqo85B3BTqGb+WGFFmYHjOMpgE/vWDzjq22EantH05IVVZakx6QXLc3ylbJC/U3sd15yWuo6mRreNW3stNZ5vUp0Xbl0eu2er8WiaC7UQMKbE4gELH9K3MOa1jnZBGFrmuw0lEzsaaxThuQUv0DONlEuLXSsa9o+lHfJqa5mEwY0Fp3zhB0x05buCJSyFuxGSFQ9VQ64zKByriR/hVDxjY4UW/RiageMb4Wus5mrjvraPKL/AE7DRlxHmB2KyRyAt1XRtkgkjkGRusRU4jkc0DbK9T4y3DR8f+pdJnMgtpqDDMI1o45vblZGKcQztc71wtFBK1zWkHIIXsq5ZR8T8hX8VvAa6N8amO24TOn3vMD43fhKOB4kekjkFRbTKae5uhx5XDcJr6M+nntlktWZZUB/cLRtIdTRuH5rMVflqCOFoaU5oB34wstvZ6bSz3RwUfWkBmtzHgfQVV9J1Os4PphaW9U7qy2vjYPM0avusZ0vI6Cslp3jDmOSjoR4kmaaraWTEkbIRcXAbbKRcjpiB7lR2uGkAjhIsTZvjLgcThGp36SPdRs5XYjh25SsD6+HksH5d5vVQ6toByFLBywKLUbwvHfsqN25tEI/SVEaS2QjHdSY8HlR3kCd6ABz5JsDy4DJwjP++FW+OWuGApzagOaEmaNtFvHIyrAdC4KglJBx7q9kGRuVR1DiyTGPxJcCXSBZySD3WCv0Xh3GRnAyt0Jhq+nusb1QP/eRdjkZRpnD8lDdXkqE524TU48IjzoA8preU48po5REDDhPZymDhPZyrSyLZIi3Uh3AUeHkKQfKAtMeEJl2NTEXAQk1PJR3OE4k4TEQjbYqN4IAeTlcauv5SZykyluZZIaEKU5AGUduA3dQ5DvkFEyIaeUM8J6YSAs9zGdkiCPW8LUWCkdUVUTGDODus5RtOc4W/wCiqB3iOqewAXF1lmFk9b4XTfdE3VPEIYWs4OEanZl3lQnAnT9uFLpG6QMrzuon7PoumrXBKYMNwirg4Q38YWWKyzoLCQG4S6YzuOFnw4l5OFY3SUiB2OVWwbxh7huV19HXlo5Wru2tpk+20xq6lrMbA5K0FylFJQ+GwhoA/VQenaeTW6oI8vCjdWVvnhpIt3yP0gfdeu0Onwss+aef8jFtpeg3R9sdcLl/EpoyRGSG54XptK3GHEeyz/TNGygoIo/Dw4gElaKNgIGCu7THYj4rr9R897kTWZLQ0I4cymYXv2wMlcpmYaHOCpeo7ifGNNA7BcMFMMEY5IENPL1HfmswTAx+Xe+Oy9PpKdlLTshjbpDRhZ/o2zCjpG1ErPO8asrTFItYq1+jrdsqFc611NFrapUkoiaXEbLJ3SvlqKhzdflBxgJaWRcVk5TQSXCty7fUcu+y39oo209O0acAbBUPTNrIa2Z7cl2+fZa1oAGAqnwVNj/skkkqEnZJRE0uIVTTNBmkuM++5AJ4AUqvla8eCw791j+sLzO91P0vanEVFQBqIP0j1PojDguQN2nqeur5FaKYhtspTqqHg/U8EEBbSCijpoY6aEAMjAaFB6asFP09a4qGFo1AAvI7lXB9VQcnxwdbohZqds0cqvoKJt+uja+dpFJSO8jT/wAR3/RMrzUXKris1KDh5Dpi08NWrpKSGipY6WJoDYxgK0hTYXA/CMD0SSSRFiWX6rv3ywFBC4guGX4P7K5vdyZa6GSocRnBDd+68xqamWpldUzPLnO3JPZWkHCO5jqqsLWE7cE7leY9YdTSVLDS0T/DAzqdyCVYdVdSurJHW23SFrWZEsgP7BeQ9ZdSMINpt79U34iD3R9HY0GmlZPCRCuF4ngjdS0zdVVVHPqQFrPhr8P207f4ncow6d2D5tzuoXQPQs1RK243JuqR2/m7L1dxhoYGxRs3OwDeT7o28HQ1OpVK+Kpj4qSSapFFC3yNxqIKZ1b1bbujLSXybdg0HGrHO/5qTebzauibRJW1848YtOBndx9l8pde9ZVvWNydNNK4QsJDGg4GFmtnkHQaCeunn+j2wHWfWNw6quUlRNMfDBOhoOwCzYZ7rrG6duURjCd8LJOeT2VVUNPBV19IGYyV0DCLgeiacDus0mx2BiGTlETWtOQhGR4XJxrXahsjNG4XQBhdVpATf6HDACaM59lwcp4AI4TYrJQ7TkeYbpy4ThNe8BXknY1NLmjuECara3ZQZarOwKRO+MeB0a3LsmVFa1uQ08KukrXyEh3CFI8vP1FM0+6w22ym+DRCG066RzjlJJMSW37GLkSSSSoISSSSmCxJJ2h3olod6K8MrI1JdDSThP8ADOAcKsFg0k8RO9E/wVCAUkcR+oXfDHooQjpI3h+66ISdwUzBACSkeCfRN8I+qmCsgUkTSVxTBYxJEwSuYwpggxJPSUwQSSeBld0+6srINJE0+6Wn3UJkGkkkoWPSSSUIJJJJQgk5nKanM5VS6IEAGF1IHsupWXkASSSSbueMkGJJJK1LJBJJJIyD0xJPVMh1u2SpVFcpaecPzsdiPUKK1cLQDlVHdF5QuyCmuTZ2+50tZ5Q7S70KlyMGM4WFje+IhzHEEdwtHbb7HLEIao4eNs+q2Qs4wzlX6eUVuiWJ5wkn51bjdLGEZkWc8jEzT3wnjlEAGFAt4LSMYAQ8FSMH0QhH6hQnyDcBIjPddwRykoTOQkb3RO1RuLSPRaGnmbU07Xg743+6zo2UqjqHwSgtO3cHgok8Ge2P6LWWH+lv7oJhA7Ke0tkbqA5UeVhPCsz5cXgiuYBwE3T7qRoK54R9Ve1jMkfBS0kHUAM9sopZjkLmAmKW15L9YPWvh91ab5ALbWv/AN7iH1E7P2WvIwSD2Xz/AGyvntVfFXU7y18bs7Hle6WW6wXu3R3CEjD8Bwzw7G63V257OBrtMq5b4EzsUksYSTzmt5HJJJKFiSSSUIJc0+66koQakkkoTJzAXCBhOSULTyCPK5gJ6SMPIMgIRa7J2RksBUWNQUZD0O9FEWhqWMpLoGThWWDnjDRseyry3c7q1mYXDIGdlAMW+7f3VFEYgcoJBypjuD9lHIGVYxckeTjjKqrzB49McDJ3Kt5hxtlR5Yy8AFuUpmiqWDARPdTVXmKvYXB7A4HlU95ibBWPDdtyj2mqIi0E5KUzX+Syi0SSByMpKgASSSSgYxcIGF1JQgI8pJySg0EhTOLMPHIUhCmGcBTGWC0ep9H1vztkic8+djQD7q4DvZYroGqyySmBOwGy2YGE+PRwb1ixnUk0cogIxhWKOrrPqC4kBk4UIzLfEyXw7LFjvKsj0pV/77gnHZaT4qDFmpwDuZQVh+mpS2tb+QQuW1nUojnTs9UuEXiUu3dv+i84r3yUFYGnYl+y9MzrhYD/AEj/ACXm/V8XhVGot77H0RSYvSfc9jNHUMkqbbBV4ycAOwq08Kb0lO+4Wh9K93mA8ufZV9QCH6eMFJlLIxfbNx/Qx31FcSSQjBJJJKEEkkkjIJJJJQh9L1dLdOkaps2hz6Rx0g+y0lvuFPcIGzQvByNxnhZTpXreG5QmzX4iTxARFK/j7JVtPWdLVJraQmSlcclo3AyvyhOB/QbJtCMoMjBhRrZeqS5sa6F4yRnGe6nn7pLCKqrpg78Kpay3BzCCzc8FaeZvG2VFqYWvGA1QMx0ctdaJxNT5IG5C21jv1LeIR5g2QDBCpqujJ/CMKhME9qrvmaZxbk5cM7FEpYAlHceiVVCJBnAKxt+6VMj3VFFhrzuW+/srywdVU9ycKOpHhygbEnZyvJadsuDpwoL5izzizdTVVnl+Vrg4hpwc+i3VNW09bA2ogeHNdvzwqW/9NQVJdL4WH43wsnR1tz6Zq3Nw6SDu32UDTyekPga8HZVdfbGvaTx7qTZb/Q3mna6B2mQDzRnkKydEC3OOVaeQTz+vtZjJAblUNVTuYSML0mvtxlacMysxcLTM3UdO2U4hkZcjbThAc3flXVRQuYTlvCrpYXNOAFZCA6ME5K0nSXW1w6XqBgumpyfNGTnb2VE5hQ3ZbwMoJRyQ+iOn+qrP1RFmil0zAZdE7kKwnpc8bYXzjarxW2WtZW0UhY9p332I9F7R0Z8Rbf1MG0NUPl6wNH1EaXn291lnX7QKW3ktqiibIwtLRnsVWywvifpcOP3WlkjGeEKWmjlGHAZ9cLLOPoHfngz7HOYQWuII7haG1X0Na2OoO42z6qoqaWSGQjT5eQQgs3Oyzyj+ibYyXJu4aiCobmN4XXxdwslRXCSlIzuAr+ku0c2G6hn0KoROrHRLGyIHYTQcjKaoIwSASDkKVDOeMKI1FiOHZ9FBUo5Jw3XUxjhjGU9QS+OxJyanKACTUk5QgkkklCCSSSUIJPTE9QgxJJJQhwA5TwRhLAQyTlQg5PTE7IUBOkA7EZUCW2YcZaOR0b+cZ2U9IbKBdFe2srKc6K2nJb/UN0UMpKsZheA70U1wDhh24UGe1M3ko5DDJzkcFWT5PQKSmfGfM3I9UB8DScI3z9bRkMr6fVGNjI0IwFLVt100zT7ZUGKWSrlpi0gs2K5DcKmlflw8Rvop0sR4Ld/uoxha7IxhURlhTXKmnGA7S7uHKWDncLOT0mCC1DjutXQu0uy9nueFCoxwzUJKvo7zS1QALtLu4Kntc1wy0ghQrax+R6pZHqh5Pqlk+qvIIUNB57KLX2iiuLNFREw/cKQDhOO/BTCGVq+nrjbCZbRLpbzpBKbTdS1MBEFyhLHDbVjYrWnBHKhV1roq1mmeFpz3wqaL/wAnKC70s4GHgn2Kn6gdxwsdV9Kz0bjPbJ3tI3xnZCp+objQv8GujcA3bPZRCpLJtlwsB2O6qqG+0tU0fzAD91ase17Q5pyCoUVNf09BUZlonfKz86o9gT7qt+fu9lIZdoHTxjYSRDt6latn1BGDWvG7Qfuoyk8FLRXOjuDdVPMCe7e4UwDlQ6/pilncaiiJpZ+dUZwCfdVjajqG1PLa6MVMLeHMG+FRMmgY4gojagnYhVVHe6KqOkP0uP4Typ7XauAoTBKGSRg5R2EgY9FW/wC8Z/klFjmqWnEwVlKJYHSfqwfuodVQU8vmDdLj3aixu8Tk4RAzPdUL5TKeSkqaY5b5m+y7DVSx7OaroNGMFRqi307zkDBQhbgMNZFJsTg+hUtsjX8EKtlt78ZiGcKI59XA7ckYRshoAQOU10ev6XgEd1UQXGTYPKnQ1kBH94h34Fyjk6Yq6OTUwtc0e6JFcN9ErHMP7J7agHdu4KeCx/LR+idGYLWOyNPZ7PcHeM+ERzdpYTpcP0TIor1bfLFP85AOGH68fdSfk2h3iRPLD6DhPj+epnkgeIPUI9xRAr6PpzqeJ1JerZDI4jDmTx7/AK91iLj8IKq1uNT0ddJImN3FJO8vi/L0C9Fkloa46KqHRIPxYwf1QpKWupsPpKjxWDgE7p8NROvopHj9RXX/AKbk0dU9PVlPDnHzcDTJC78+yubF1Dba93iWW9Me8ds4P2wvRv4nTOYae5RDS/yua9uWn7hZy9/CvobqVolioGUkvOumOjJ91sp1ss/cypLPDItxhs3UdC639SdO0Fwixj+bCCfY5XlXU/8AZA+GnVRMvSlyqLPK458Nga9rT38rtlt5fh58Q+mZCyxX43Knb/dxVW7semrsqt/WnUNlnMXUPT89PLGfO9px+Y23XZ03lp0f7T7Mlulrs/JHzr1P/ZK+L3S8j5bK+O+U7NwaYHUR7t7Ly28UXUlgq30nU1ilpnxnDgYy0g/mvvWz/FSy1T3NqpJQBt5ytPKzpTqqh8CeKironjLon4eM+pXf0n1DfH8+TmX+MiuYH5uMfZp2jMgY88ak19unaNVvrmvPOglfcPU39l34Y9UudJTWltrlfkuko24JP+i8i6p/sXdWWkvqulrrFUw5zG2QFriPQkLvUedpu4nwzmW6S2t9Hz7BV3qhAdVMEjO4HZTIb8yQgTwuYPXC0HUHQPxA6RJjvvTlQGgkCTSdLscnPcLNS6ZsNdEG45C69Wsrs5i0xKrmu0WcN0o5X4bIAfcqXHUuO7XEemCs6bdTykYyCR2XPlq+naRTVD3AHgrYrEyNuBtYL/cqVgjZM4gcZKuaLrcMjDamPURzg4XmUddcId5dRCKy6xPwHZB91ckmhsdZbA9mpeprZUxtcJdLjyD2U5lZrOIpQR914pFX8FriPzVhT3y4wbRzuH5pWxG6jyjX5nsQmLQNQynNlYcDSF5zQdcTxtbFVO47q8p+tLXMBqeQe+6vYdKryMLDV+EyQbhuEGSgpnggsUOnvFHPG18c4391MiqQ4ahgg90mUGjZXqVZ0AdY6U9lHm6ej2xDlWrJ8kZCKZsAbIGpI1dmcl6eZj+4USTpiOQEOpxj7LYB+d8J4c3GMKstBRqhJfcjCO6LpDnEABPsgf7EvZnwah8f2JC9BAaSmPgB4OMqsgS0lcjz49MXumOqnu832LiU5sXVVKMfMeKB6reinaMbBLwgeGj9Fe5lfwl6Zgf4p1FSPDpacvb3ART1MSB49FLG4ckt2W2NM0jLo2n8lDqaKGQ4MTd/ZErQZaaUeIsyrepoxsWs39t0WO8Ucu7wc+xVxJ0/bZd3wNz7BRn9J25x8usfmj3C3TcuyP8AxmkA88jmorLrGNL45muB91CqOlJw8tilBZ2yosvS9bEM078E/dFvEuFi7Rfx1tPMf5kX54TJYaSZ2WPwfRZh9u6mpziF4I98obLjeqc+FWW52ofiaOUatwLsUGsWI1HgzNwYp8Y47rkdXd4XkPayZnYLPRdRmJ2Z45Gn7KZT9T0sjt3ub+SbC6S7MkqKm8J4LiG+Rl2KmlkixsdtlZQ1lurG6WStyfXZUrLxb5cfzWuPG4CI7wJ2+VjQOxbsn/yBFukT6LWW20c2zhGfYgLNXn4bW65uL4WeA8/iY3b9FYimcPpfJnt5iu+Pe6fHhynT7o43tnL1PjPl/KPB5xX/AA0vVI+R0LWSsZwQeVnKm1VdM8xT0kjHN2ORsveIrmSwCoogXYwSO/uhyQ2K4O8Oopw0/wCIJkb8HG1H07XZzDhngRiLNiN10DHde13PoTp24wlkAbHJ2cFnK/4TVsjGi1va9++d0atXs4+o8Fq6XmCyjzk57J7cjlX9b0XfrY13zFBI5zewacKskoZ4N5Yy0n1CNyj6Zj/jX1P74tAAO6K0kcLmkDjlF24yp2Pr3RF4smc6z+RwpNPcHRYLi4/cqMkwZOMqbTXXqbYvhl1FeojjU7BUhlylJDmzBzfTKzphGxGE5pez6DgoJRTOlR5KyHbNZDcHHGr81LjroMAB+6xTZ7kM6ACFLiu4DcTQuDxz7pMqsnSp8w0+WbBk4duwohlfznGFk473lwa12j78KfBeHO8r52gfdK+M6cPKQmuy9ZXTREAuyPRSW1sUoAJwVUMqWPAOoEojQlyrZqjqZP2WTxFK0ggOB9VVzUZp3mSme5p9AdlIjcexTnSaz5m8KlEv5N3ZCbXVNO8GeTb3VjDconNBD9z6KNJFBJ9TP1KgyUrozmInBOyJwz0V8rj7NDFXsz5nn9VOgq6eYAF2SsYKqVjgHEkKXDXx4AMmCh2DIayOeTWuIO8ZwD3TRUzN/EFTQV7ywCOUlSmXENA1tyUG00R1MJdMs23OKMaal2jPfshSWa23A+O0hj+z4jg/mhsmpKlml7Wn2co8lGIzmCV7AeACrcWwvlyTB/GbVy75qAcf1AKXSXyknIa/MbuMO2VZFcbrAdD9E0QHDuUm3ezVeIbjSmM77gbhWuBdk4fs0rZGuaO4HC69gfyqKFstB/PoKoVdM7/hud5mqzpbjR1bAYZRk8tJwQU+FjRkshGYV9PGN2hAdG5pO2xUgjB5ykQCPstMLcnO1GkjNcGdvXTVpurCKmlaHn8TRgrFXToest+qW2ya2c6CvUJIQTlQ5GFxwOy30auUHwea8j9P6XWxxYuTx7w2yF0FVHpe3YghV89KaSQyQBzTyC07r1e7WOgrmlz4GiTH1NGCs66zNp8ieMFvqurDVxmuT5p5T6at0WVTloztr6hqoHASvJA7jlbaz9UeMAySQOH7rIXPpmVjzPRnLTvgKtp/m6SXz6mlqfDE+jxeo0sovE1hnscdQJOEUHK88tXUMzSGSykH1WsoL3DM1rJDv6hGlg5s6mi2HKKHkNzndRg5pGoOGPVPz7qxGGH8ffGEYPyM5UJdEpChRN1FFbJp7KCJxwQjhwIyoUyBcLFHPKauieYJ+QRxlRrdfZ6ap+Quo0yA4DjsCr1pCg3O2Utwb/NYNWNnY3Chec8FpDVF+3KlNfq7LFU1wrLLL8vWNdJE0+WQb+X3Wooq2GqjbLC8Oa4eqEXKP6LLGQm4IPCY2VpwEUPyoAIHHZLA9Ui3Y7oXmzwoUHTc5TQ4cZRM5UIBezZQpIjk7cqyIygSANxsqZaKipptWxaCPdea9ffD6muUclXSwhrzuQBwvV52gtJA4VPIQ5xY9uQdt0icNxu0t06ZqUXg+TL905U2qZ4MZ25GFRkaQd19RdX9CUt8hc+ANbJg4yF4H1j0RdLDKZXQnRkjZc6+jL4PaeO8pG7EJvkzEcxDlIl0uaCMKDvnOMYRWzEYGOVzLasHpqNS48Poa9hBT2uOyfkEZKHjDsrFOs6ldsZ8omwzEAKbHLsNwVUh2FIimGQlm2u3HBcwv1DfuhVMQA1AINPNjCkF4kaqNGckQDkLo8rgQlICDumg4yoWTI5CWjPdOcS0gqNHJ5sY5R3nWAeMKDa5YJdNLoIGVbUT9W5KzbJPOB2CuKKTAB9lDoUWezTUspwAVPjk2GQqOjlBcOf1VvE8aeMqHYos3ExhBxhPUeInuioNpsTHpJJKxgkxPTFAGNLGkHKr6una4KxPBUZ8ec74UM84p9lBVUJyTp/dVdRE6J3qtTNEHDGFVVdIXZwMKHO1FK7RUiQ75CXiguzjhPkpyzJxsgDV6KpLBj+5FlR3GSB7XtPHutRb7o2pa3Uc5/ULC79jjCl26vkheOMd1ntjk6Oi1sqniTPQWOaRkFFI1d+FR0NxEwGFZRVAOyyTgej0+rjNcFjDO6E5/daW01xqI/De4EtGx9lk2vDgj224mjqQ55Ok7FYrK8nb0uoS4NsOV2ZgkaOyFSSx1LPFjcCCpIOntlYpROzB5iU1bBp/D+6ztbCY3mQbHstlWQ+INgqG5UYfCcDcb5QCrVh5RYWG4Nr6PwX/AFxjBT3F9HUAjIGcrKWu4OtNd4js6HHDgtrVCOtpW1EIG4DgR6KBU2ZeC2ie2eJsjTsQj08xh25B7LO2yvdA7wXnbKvA5ruHKKOezWQr5b/nB8xTgB7d/uo9hri+N8MzvNGcK3JHBWVuIktNxNQxpMUn1D0Uxgtz2M2MM7TjBGE6thbUQFzcam7qtoZop4WzQyZBG6sISHjGUA6Nm5ZO2eqA/lPO4VrLh7Q3IIWZex9NVGRpwM5wriCqEgAQYGxnuK+Rxp6slv05xhTGv1BcuFOHxa2jzNOfug00uWYPI2KiGPoiXSIPgOOV5zfaT5eV8gb3yvUp2iTGQsV1PQt/mELRCWDmeQozDKKTp6uME7QXbZC9OgqWSRjTvkBeQxgwPDm7EL0PpmvbV0rWOd52jCYY/H6jH+ky9L+5SY/J3Ued5a/RjhJsoB3CW1k67nngHXROLPFZ9QO6aNNVSlruQMFTJMOhdkdioFMQGnB4K0V8Ge2KksHn91p2xVcsYGGk8LCdQUYgqdhgO3XpHU9MYa0OI2eSQsX1LA1zNRHbYrv6C1QaZ82+oNNuhOK9GOnOCAr+3zZhYAOyzczj4xYR9Ks7ZVaY2hw4XuNJZvjk+Ceaoank1NOctOVAla6C5RyM2JcM/ZTadw0j3QqwBrhPpBx6razz1csPJNupxioHoru11GqlY0AZO6z9Yddua/J39VY2KY+Ax2OOyRbA9J463c9pdPwWkHbbhebVLpaHqghhw153/VehucTusX1dHHT1sNUxnBGSkPg7rWxbjQ1THTULHjfHKr45TjSQptHL4tv+7cqvY7zhnqlsfVLcshTkHKdCfNshOGDjC4CMpTSNUZYZaRuyzdR5D5SE+nOWcph+r80pm2LyiCfK8j0USQ4ndg8qRVgiZ2OFFkIzklLFzfI4ODeUaCfJDeyjTDhBa/w3ZS5LgZXZhls92GZVLXDLgR3Knsn1N37qFXM8oPqkp4ZqnLckyC9waRvys31YxuqGUDBxuryY+YEnhUvVI8Wja9v4ThMRy9e80tGcBzuE48JjSMAeyeeFZ5ojHlIcpHlIcoiBhwnM+oJo4TmfUFaAJcO2EYDCBDwFITs8GezgceEA8n7o54P2QDyU2MsIE4nk4HCYnO4RPkIFIRq5TofqQJM6kSMZ2CX/AHC/sSZDhvKhHd+6LMScY/zQRucoZNYKOrmMuC6iQt1OCx2ywsmuiO6aRY26Evw0Nycr1vp63soqGNundwDifUrznpumEtW1pHBC9YiYGxtaBjYLz+ttzwfQfC6fat4RuXyAAKdE0t5UWkYNepTlw7pbmewpjiORw4Q586dk5BqCA3KursZN5Ketl8afw2/S3ZOjpz5WNbz7oFL/ADKxzyPLkq6t8PjVDXafKCvT+Moytx5jy2qVVcpMttUdttpeRgNZkrPdPUT73fTcZvNDEMszxlWXVVZJDRtp4iP5wIKt+k7YyC2R6BhzgCey9Zp68I+Fed8lKcmos0tJE3SHYw1qs6GMzSDbbPKhsADGxt+yv6WCOmpw/TvjK2fieInPnLA3Spjo6ckEZA2WbsFFLfb3478+HA4OcfX2/wAky/3CSuqhRwk6nO0jHqVuelLJ/CaNgO7z5nnHJVPoGc8Iu2Na1oDW4Hou5Hqke6jSSiMFzilJNszylvZEvNwihjMTTl59FTWu3mtqgXZLW+Y+65cHCapcWjO60vTtD4MQlcNzur6Lbwi8oKZsEDQG42UkprZBzjlPLtshLlHImTyPTJH6Rgd0x0+NsKJW1kdJTvqHnOngKsNESyU/V1+/g9L/ALu1rqqUaY298nvhR+i+mzSskvlx/mV9Zhz3P3LR6eyprHTVnVd9lu1X/wBmpn6I8j0XozAGjSOAiG52nA1Arqr5ePTHvK7Zo9PdHlk8OJ0g3wo9oozWTurqjfScN9FCi0sduFFAahxzNNu9x5+32U/xM7Jj34AAXI43FWASGps8rYIXSuI29VwDSMrFdX9QOnd/C6d2JMdj7q2y0slP1Bdaq8V7gXnwoyQ1oOywHVnUErybNaXOdNxK5vb2Vl1VenWikFHSvBrqjhp5AWGu9zh6Qtk10r5A+rnBdgncZRLg30UubwuzPdcX6n6YtrqanPjVE22AcH33/NVPw06Kku2L3cmjDyHMLt8qF0Z03ceurn/G72x7aRrgcHv6DHovaqKCChhEUbcY5KYdu696Ov4Y/l7YWOngt9MGwgaWj05KLTVNHaKCa/3eQNDfoLhs0eqZR0fztQLnWuEVFS55/EfQevC8B+NHxRqOqKk2W1T4tsbsFoGzscJN08GTQ6KettUfRRfEz4h1/WNzf/OcIGEhrQdsLFN2TdLjuiMBysVkmz32lojpavjj0dA9UVuMei4MYGya/wC+EhvAzs6SADuo8rxnYhcmfgbFRW6i7lC+Q0sklhLiD6I7QEOIYbujtURU8+jiSckmRWRI1EcuF4xkKJNXxx7HcqpzjBcjVHdwSJZQ0Z2VdPW7Yyo9TWOefKdiokhLsZKw3ajd+JohXgJLUOkOQuDH9WUJJjSTglY5Scux6WBJeIfROwEhpCLBZzB9EsFPEgAxpS8Qf0qcEGhuThE0jA7oer2TNZUzgMOG44OUsHIKDr9l3XlM3ooPhoGMD9V0Bnt+qYGSEZThHITypvQO1s7kei7q9l3wDjOEvBUIdyPRLOey74JS8EqEOavZLV7J3yx/q/ZIUzj+P9lC9rYMO34RARjhP+Xd6J/yzvZGTa2ByPRLI9Ef5V/sl8q/sMoclfHPtggG9xsn+HRHgkOS+UqOdKQgmB3jRFqMvaEYG/hGyY6mGM5Uhsb9PCIGEFDKWBijkrTTuBxhcMLmjOnKsg7G2nK6HtzuMIVyGq1Loqix45aU1XIbTO2z+SXyVO4fTypkn8aT6KlJWclsaf7kcqPJap3DIxspkp6eaIRGEkY0c0ZIc08ZUcO34UyivjkhySXPCWCrAEkkBld0+6vBDi61DSQvogVhPCKCMILU4cpMuwAqS4CuoiCSSSRxj7IMSSSTCD0kklZBJJJKFMaO6dnG4TWpyNNroWy8tN98HEVSCW+oWiYWStEkbgWkZBCwB9cq6sl6dRnwpyXRn9kyuxvs5+p039UDR6fdOwU5pjnYJ4DlpGU7AxwnHLbbGYCWAupKF5AuaOy5p90YjK4W7cq8BgVwZByCnEHK5gqii1tNY/Pgyuz6K0e1rgMbrNRPdE4OHZXtuqRURbncJ0VkzWw5H6QeyHoCklpyh4wnJJCkyOW4XNPupBGUtPuhyHkiub7rUdBdRPs9zbTTSZp5jgtcdh7rPvZnG6E5pByDuO6ODwxd1Sti0z6JIDhkJun3WR+G/UTLjbzapnETUwyM9x7LZFu3K3QeUeZtrdcmgKS6eVxECPSSSUIJJJJQgxJJJQg1JJJQgxJPSUJkYkkkjCGLhAwupKBgXNOTgbJM+oIxA5Qg06s42VF5CYy3dQ5m4zspo4QKloIGArKK93KCjvBygKB5wBkGUzARHpigUZZ6Mj1dQlmKiNm3dUNtlLZ2g8La9SU5moiR2WDa/wAJwI5CzWHUo5jhmmjeOyKoNvk1xB+cqchBksMEkkkoWMSSSUIMSSSUII8IZaSeERPa0eitdkRf9CyeHXyNxy1egA5XnfSTcXAgHsvQGkeqdHo5GqX+owqTWn1XWpE5RpZMwRI7jCSTvpP2VkMN8WJg2joofXdYGzTCGsje7u7C2PxaeDUUDAeI25HvusRS4ErD6OWefZ2aI/6GD2enOqCI+rQsR13TeUlowcrZ0DwaOA/4B/ks91lTiSmMh7qJ5Rkql8dxQdB1ssNW+BzwWkArQX2kbBVeLH9EvmCxfTchhug54/1Xod6pXVFFFVRnLWAAqLk03x2y3IzCSR5SQEQklzISyFCzqS5kLqtPJBJJJIiHpzmOY4jGME4I7brZdJ9XMMf8FvmJI3DSx7vT0KzDy1/4cKNJH3aN1+VpSyf0FN1cLdP09K6525xfSuOrA3wtFZ71BdqZsjJBqxuO6xXS/VPg4tl3IfTPGnW7fH3U2uoZ7BMbrayZKR51AN3GCszjktywbk79k12Bg4VNaL7HcKYShwJA3HorZs2QDjlXsCGSQtlBGFTV9Dvl35LQNcMFCqGRTMLHMwexVBmIrKKSB4qqXIc05wFe9OdYvdKKO45AOzXH1XamiLRsO3qqCsocOLmjdULayenubFVRhzSHA8EKouNip52ESRA+4CyNk6mqrJVNiqHukgfsQTnH2Xo9Bc7ddqfNNIHYGSCdwpkDmJ5dc7NXWGoFwtriA0+YDuFd2HreOZwguALDxutbcLZHURuaGAjusXeOjmTZfB5HjjGyhfZugIZIw9pyHDIKrLlTB7TwFi7T1Vcun3fw65tc9jDhrjzhbq23agu0eYnNc7GSDyp8hSRka+3AkloVFV0BaeF6XXW+M5c1o3CzVzt7Rk4xuop5LMRNS6fw/uoU0enkLSVdFhxwFUVVOc4xhOTygmsFQQWuyBsE35iZh/lHSpb4djlqiujweFbWexclk9T6G+Ksb2Q2jqNrgR5W1XbHbV/1XpwLHsbLE9skbxlr2nIIXy3g42Ww6N+JFw6df8vcC6ppOA3O7B7LNZVnoXho9zc1r9nDKq622uiJqKfdvLm+imWq6W6/UcdfbKhssbhk4O7T6FTW+QjIyFlnUVvM21x3GN1LhkLHB2FOrra2od4tLhjvQqqeKmmkDKppDTsDjZZXAn5GioriZGBjzuOMqeyTXj3WXilLSHNKsKa4FhAfkhVhguvJomNGM55TwB6quirWuAAJUpkmRlUZ5xwySyZzSpUUgcANlABz2RGPLSoZpLJYJyjRzAD7o7XhygprA5JJJQoSSSShBqSSShBySSShBJJJKEEkkkoQeeEzfPsnrmAoQ6PdJJJQgl0E5XElAA3le3DgCPdVlTZonuM1I4wSerTsfyU5226TZMbYV9BdFK6esoHaKyn8RvZ7QjsnpasZhe0O7g7K2IDxggH7qtqbLTTO8SImF/q3uqL+TkDJF2cFHlpYnjBHKK5ldR+Wob40fZzeVxlTTTnEUoyOx5UIpYKya3OZl0JwfZMgr6+hd5iXNCuCM7IZomyA6sHKg1T9BaS9wTgNkw0qyBDhlpyCsxWWx8J1xDn0UenuFdQO+pxaOxUL4Ni5d1Y2VJRdR09QQyYaHK2ZNHMA6NwP2RgNBwM7rqEDg8rok7YVpg4HkZUOttlJVtxLE0k98KWHArvPdTshkK/piogJmoJCMb4BUehul2t0nhzEnHYrbPZjG6h1VupqpuJIxk9wFQBFo+paefSyUaXnlXMNUJPpw77LLVHTcgcXQPGO2VFjdcrbNqBkGNsjcFQpRybtrg5NIDuQD91m6PqiAENrXYPq1XtNW01QwPhmD8+h3VoXJNEO4dPW2ry4xeFIf+JHs4KsFJebLl8TzWU/YfjAWkMuTxwiDB7KiYM/TdSUGWtqHOgedsP23VxHI2o3BCi3Oy265s8Orp2uB4IGCPzWaf05een3eNYqszRDcRSknA9AoGlk2RcYyADyuictA2ys9b+rIZS2lulNJSTjbLh5CfYq+jLZQDG4OB7jdEA0SBN7J+oHuEDQmgHKUDgkswO/KdLTQzD+Y3OECPIxlHEgCYDtZCntMTsmLylVk1FUwHVpyFo8hNcGu2KDBZmmXF0DsSO0KwprlHLgMOSptTbaKpZpfGN++FUSdPSxSF1LOWhGDlSLcTkjhGimcNjuAsu6S50MuZGuc0dxup1Neo3+V+zvuryRou/EhecvjH3wugQuOIped8Z4UWGZkzcjByniJudWFasF4Yd1NBLnxGB59UE0JjOad3hp5FT/AMEjb1SbUVI2nbjHojU0VkGKisp5P57fEZ6hHcKC4DTUwRytxghw3H5pa2yDGcH0KjyUziQW4RxscHlAzWTNXv4TdLXpp+WjNI5xJJjA3P7Lz68fCC72WT5i03CV0kZ8rhkbL2fw6qHzteUVte4D+bCHH7LXVr7IMW8ngsHV3xA6ZeIJWmQMOCXjstRZ/ji1zWU9xp5Y5O+BsF6bVW7p66tIrKNmt3JwsX1F8ILPcHuko5hDncEDOP0XTq18ZfmKkoy7Rd0fWXRvUsTYpRC+V4/FjP55VR1F8CfhP1s0urLMyOaTdzon6cn12XnN4+F/UtpjfKxnjQ74dHucKpt3UHU/TcgiiqJdEZxofnZdCrX7Oa5CZ6eM/wAUd6m/sPUUc8s/SPUYiDvMyOcce2c7heQdSf2dvjB01I9k1mFXG0+V9P5g4evC+kbN8ZbnExsNXNg+q3dm+KVBXMYyocwOP4s5C61PmNTB95MFmicfR+ddztl3tMzqa822alew4draVXltvk8zXt1H2X6b13+wvU9II7pQ01WHHLiWg5Xm/U/9lz4O9WvM8FPNbnO3zTuwfz9V2tN9QRjxeY7dFJ9I+EfAc4Exux6IQFzgOchzF9RXz+w7XxF8/SHVjDEd42VIzt6ZyF5f1F/Zl+MvTbDK+0Mr2tO5pJmvA/ddejzGmu6lgy/xLE+jy+SvkjwJG7/ZFguVPjPB9D2U+52LqeyHw7107PAW8uezZVH+5zPIdH4bu+Vvhq67PweSnTJF1T3Q6AIagjPAyrGm6iuULBG2pcQON8rKfJwfhlx9iusjkjOYJySOxKZvz6JG+yD4Z6NSda1LYmslGSO6tqbrWEhonicfdeUx3KshOCAfyUuO/PyBPEceoQtpnSo8hbDtnsFP1VbZWHD9LvR2ynwXCCpAdHKDntleNxXqlkOPMp8F4ZCA6Kd4/NBJZOjV5ST/ACPYmSatxunDUeQvLKfqeuj2ZUP9t1c0vXFxjDWTsa9o743QNm2Hka32bkucPfKfG7bJCzNP11QyYEsJB+6taXqO1TjPjhuVDXDWVSXZaMLXHBGyc6CAjOjlBinp5Gh8c7C08bopOeEOMDlNSBmlh5DVxtGDwOFITo+6voIjCjI4H7rj6OQjygFT8BLgbKtzJgpX0dRk+RAkopTkui/UK/EnmxhEDgRwom0A4JmSfa4HkiSmZx3aFX1fTVBNxTM98DC3JiYTnSP0QX0MDnasYRqwTLSwksNHnruj7fIfLqjd6gnZR39I11OdVHdZvYFxXpP8Pg9B+ibJbW8xtAIV/KZ56KB5syj6uon5gmbO0ctdvlE/jnU9Of8AebKZGj+hehiilDSNDd0P+GyOJLhsUSuwJloPakzDx9VSHartFTF6nAUuHqaxPaI5Q4H3buFrTaKd31xh2echCk6XsdQ3+ZQxk/YIo38iJ6OxcRKOlulmqXaKeoDXf4nYUttPU5zFVyNb2LXIkvQ1le7LINH2QT0fVUw0W28VLG9myO1Y+yP5zLLSXQfRYNqaxseidzJQBjL274Ud9PbKvAqbRTP9y1Rounup4JNZrWTM/pcFJZFe6U/z7YZG+se6OFvORNlKf+5WyLU9H9MV7BqomUrhnDos/wCqop/hPbZCTS3gRn0eFqnVUwA1Wmt2/wDoaeyaKTDtLmnuHNIITf5Ml0ZZ6CixfdA8/rPhRdIf+y18Ew9eFT1fw/6npRn5MSN9WL2Bk8AGBIAjR1LgcB/Pur/k2e2YL/C0z5jlHgdXZLvb266yikY310qIQ5gyWEfdfRZdHKCHsac7HZQp+nbBWb1FBCSeSWjdMVz9nPn4aceIS/7ngLZy3YhNL9e+ley13wxs1Tn5fyatxk7BUVf8IK6NpkpqqCRv9OrdNjfW+zLPxWpr5xn/AAeafy++EeFtDJzPh44V9W9D3Ogc4VNslw38TRkFUs9Hbm+WaCZh4zg4RqUJdMRttrf3JoIBPj+VOQ3spVNdK6n8r2CQDvlQW22TH+73Fug8BztwgupbnE85aXjsQdijdUZDYa22L7NNS3oSbSRaPuVOZXU7hkOWQppCAfmHGPGx9cqSz5iR2qnlxjuTyg/jwOjT5O3pmqZU0j9nkkpzWtl2Zus5HW1UJ8OWnBPqFZU1ZQyxgl0kD++yCUEuDVDWufZLmtvBON1CltM2s6MEeyneDLMAW1Ac08bojaaqI8PWcdjlVsyW70yma+ppXkYdsjRXV2cSAkqxNpmzqIleD+aT7K2ZhaWNBHqN1PhTZfzSj0MhrRKAWqXDXzkBurI91TTWOqjJdC97S3uFELrpSS7sc9XKnCNEda4dmsbVvI3IC49zZN3aT+SzMd2eTiQlp7hWMFaJQN90CpwMWujLssjBn+7mdH/ynCFJT1WRofgjh7dihmUgBdZXPZgEZHoi+MP+VFdkukv11osNrIvHY3bLPqx9loKC9Wyv8sFSBJ3Y/YhZ2Oogn58rvfZNfbIag6mHQ8fjZs79VajgTLUv+l8GxeDhBETXZ1DI9Fl6WW80D9AqXTsbwJDlWNP1HS6hHVh0TvtsjTwZ7LE/yLGeCPHkbhQ6iha5mXMDh3BCnslhqWh8MrXj2K45mRynQkZbaa7otMzbqFlPMJWZ0/0nhV9daaGtyTGI3nuFq5IWHILBhVlRRYJcwbLfVfKLPIeU+nKrYuSRhq3p6ppSXw+Zo4wokNXVUj8O1DC3D2OaCCNvdVNba4Js+XBPcLoQvyuT53rvBzpltSG2+/zta0+JlvoVoqW6iZoJHPbKw09rrKMl8Pnb6BdprnNTuDX5BHOU5PJ5vUaKVUsSPRmVAeBtjKLnIKytBeHFoIfkemVdU1wjmwCcFGYJ1OJM14PKOyo4bsooc08FOAPqg3CXwTg/I5SzlQvELSOUVs2cDChAksEczCyRocCO4WclFV03UOmYXPp3Ozt2WkEgKUjIpWlkjQ5p5BGVYSZ22XmOuDHR7Z5VwyXOAVgrhRVVnm+Yoy4wF2dI/D/6K4tN7bUaTI/257qA2V5NY14IXXsY8Y7KDHVxlo3P/VSI5g4KCXFo4WCI+QcrrJSdiMIwAPKBJH6KAhsg91xwyEABwKICMcqEBSxE8BVVRTGKTzD7K9GO6DUxRysIcPsfRC0MhLBTsjzg4zhVV/6bob3AYqmJmcHBIWiZT6DjGV10GOBys847h8LHDlHy/wBffCuusRkuNCwyQkk6Gt3aPX7Lzggg4OxC+3K23wVkJhmZnK8e+IHwVbV66+ylschy4tPBWKzT55PUeM83Ff6V7PBXbADK59lIvFpuNnqTT11O+MsOMkbFQ2OyD7rm307T1+nvW1Tg8ofsPROa/J5CAXZSBI3ySsLqOpTqovssoZtIGVMiqSSAQqeOQAAZR4ajDuOEB0a7sltIA8AhR3NXYZwQB6o8jCWjAVGjPsACMo4IxyopyHYT2k4UCUg7Rg5yp1JUdlXtOxCdTS+FJnsVDRVY4vBpqGYlwz3V/TyDA4P5rI0c51NCvqaTIaQUB2tJZwXsbwRsiKFC7YFSmH1UOpGQZJcG66oHkSSSShYw8KM9p3UlNcBhQXP9kMt3QXRNIUt7MHYIOlQRJZ4KmqpWu3A7KslptI3C0ckYO+MqDNTjP0oJrJlnQpdGfmYYz9OyGCWnPCt6imBGzQq2enORpH7pcomKcHWyRR3GaNwAOy0lDcWyhoackDdY8DRueyPS1zoJQ5hwR+hSZwNmk1LrfJv4aguABCI46sEFU1vuAnjDm8jn2VhHOCN1klE9PptQ2sl/Yrw6imEU7iY3bfYrXsmZJu0grzVxWn6fu8MrRTveWuGwysN1eOj0Oj1n9EzUgg9lW19JIQ58Y2zkhWTNhulK0FuOFmOjJbkef3ukc06wzAKvOlLuJKX5KU5czYZ9FIvVvbNTnS3cbrHwTSUFa14JaAdwqMrTqluNvUwmOXxGjbkKyoKtsrQAdwMEKDBMyuomyNOThRKed1DVgOGz9lDdCzJpnF2OVEq6WOujdFKOQcH0T4589uV15O2AoMn9yM909Wvoq+W3T7YJAWqhlIKyd+p3QTx3OAYLThyu7TXNrqcTN5A3QrsCFjitrLKpy9pI55XaGYtcGO7bLjZA4EY7IBd4TtfZVJGqEi8PnZznKq2vLJvDxs4ndSaOqGnGFypi04la3OShwx65EqO9UZlDnluQ7b7K3ZMDtyhVkYlj0Y75RoG9bo4PLrlA6mnLOBnZWfTFxdTVLW6sAnGEbqGhOXODeOCqClldFM05wQUxHmMOjUHrcjQ8NkxyNyo7/KQRuhWiuFZa2tJ1PAwSiFpwhO9CW+OSU0h0RIOchVrSYptJ+lyk0kp1OYdxjKHVhpOR6psXhlTyZ7q6AOjbI7twfdY65UzaqkcNPmaMrfX6OOe3HWMkDlYrHlI+4XSok+MHkPMUZnLPtHmdxh8OckNwcEFBpalzTjHdW93h/mvOnYZVCz6iR2K9142WakfBfqbRumbibWklyxoznIR6tv8AuriBlVdtkLg0H0H+SuXMzSuyOV2I9HgJp1ywMDjNaGu9NkfpyoOHsIyAdlGto/lTQO3YNx7KNZ5HQ3J0bXeUnhVbydbx12LOTZl4LDssr1fTvmovFYMmM5/JaWLdpyq29wGSke0d1mZ6784YK7pSofVUmmRw+nGCiTtMM5aRwVT9M1LopJaYghzCQfdXVWC4g43Sn0FRlLazjnBzcoQJ1crkZyOVxxAO6zSyzWngsaJ4IAPO6dLjxDgYCh08miQOypUjg/B4ygNVMskKuG+VWOcdQ3VrWYIPsFSyHDjk90E+GMaDvOw3UadxaQQiINQ0uaMIW8oQ20wtNUFwwUWqIfCdtxwqxsnhOUwSeIwDPKU0Pjbujgqapxa7ZVV4HiW6QHkHKt6sZcSq2ZofFIxwyC07IjNqfui0Y9pOQM7I/wCFBDSH8bZRvwqHnGBPKQ5SPKcG78oiBGfSE9v1BMZ9ITmkBwyrRT6JLOE8cJjeE4HCallGWwcmJ6YmlM4AcpxPlXcDshuyMoywTsZRo0E8oreEtlnTjG6juO5CdITnlMWeTyyMWM7KVRR78ZUVucgKyt0RkkEbRyVi1M9scHS8dW7LVg33RNrjeBUOGdJycrbqssFGyit0bA3DnAElWO5kGlea1Mt0sn1DxlXxwSJ9NGGMB7o2QgQ5LMZXW533XNayzuR4WAxUCvk0ROaTvupkv3VNWzg1LYmnOeVs01e94E6ifxxycomAQBx+rJWitbWNpRI7n1VPT05OGgbKwrasUdAWNbg42XuPF6bbXk+YfVPkJRplGPsr9M936oZG4fyacBzh7L0OiY2IAMHlWU6PtbooH104JkndqyfTsFrqXJOlrSc+i66i0uD4nr7XKZb2ymNRMHOb5GblSL9cm0cBjZjU4YA9FLo4fkaIyPwTjPKx9dPLeruKSEZJyAmHNXK3MtOjbM+vuIuM41MYSQTxlek4AbgcBVFmoG22gigaMOwC77qza5FlC5S3CPKqLtUlv8pqs6iUQxl6oZs1UpcOSgFDrLQvrKlrnt8gOStixjY2hjAAAoVoo20tM04w5wypyVNkCDlFYdtygrhOBjKiWQAkrwOeFi+oKqW8XCO00jnNaHZke07keisuork6Bny8D8yOG2PUqR0pYm0tOK2qaXSynJ1cp3CQSeCztdGygpI6aJjWNYOAOT6lSnv0DjKc+Rrdgo2S48JeOSM7HG+tmbFkhucnCumtZTRiNjQAPRCo2QwQ6gPNjcpNldNKcqAhWOMjgcbKWAGtCBHgbqPc7hFR0b5XnGBnlTJaWSt6sv38Mp/Age3xXjjPZea1VyFBT1F7q3ZleSIwVJqrhJeLhLcJcthhB3cdiAsdPVVHVF3OpzWUNG7UezTjgf5I4rPJrqr9kNrYmCp6t6il33cxrncemPQLyx8tf8UOpmuw/wDhdKSPTJ9T7bK/+KN7quorlF0bZhmPZs2j3K03S3TtL03bIrfTMAcANbu7imY9Ha06jpa2/wCt9FrbLfS2qmZR0sYbEwAYAxn7qyho3XBwxlsLD5neqZR0UlTKI2jb8R9FifjH8S4ekrebFaKj/fXg7s4GP/moJvCMtNU9db8a7M78b/iaGU46LsE2iNoIqXsdufb2XhAl1uwRwuSVU1TKZ5i5z5CSSTklcYfMNlz7Jts95odHDRVKCXPskta0gbJ3lByAmt+kJzsNGSUJoec4RwnAyoc83YBEmlHCiDJckyngZGI4l0h3CkQwgeYjdKGIEbhF+lCuS28HQAOF1JcztkJiSXIOMhRt3Qpp2sG5CDNWtaC1Vk8zpCcOSrL1FfaNrqzyw1XXnOInKA+Rzzk8ru3qmh5yVz7rnLs0Rgl0cJyuJJZwkB/iO8R3ouBxHDVzUP6Ui4eihDmsruD6rga53DUXwJT9LUzDZAadod6IzKOTILsAIuhrMbcJirI+CKIneie2DJ34+6kbeiZpKr+xW8e2np8ZLN11opGndmCmYcuad9wrJkNrYPpbsl4g7DCaGpafdUTc10d8R3fhJdwUhHg/SmKBSlkWCiNaQckJ0be5CKGjG4UGxQzORxhOjHc9k7khEDMYOFQ7CRzT7LrW78IgHqlgKm8hJLscGNwEtITgcbAJZHoh2jE8HDwh4OURPLQOAo0T8gYjBGSEvCb6YR2sBThCpwhirXZFNIHf/NXBRnPH7qboKWgqnyNVZEFP7BIxOG+lShEQUTbH0ocDFVkhZcNsJ+Hf0/upPgj0Cd4YVYYxVkV8YeMOZkIbrdSvzlgyfZT/AAhjZqYIiXcboWnEF0xZVTWPG8Jyoc1BURN3bkLTtiwPRNAH4hlEptCbNHCRjXMdGSCD+acDla2egpahmh8IVTU2B4BdTSZ/wuTFYjJZo7I8xXBTEYXeEWSmnhcWyROGPUJg5RYTM8oSh+RzSR2yuavZGGCBsuEY7oXXzyKGNyNs7Ig4QgfNhFHCqUcEGpJJIiCSSSVyWSD0kklRBJJJIyDEkkkQAVJJJWCXFkur6WTwpXZjPqtUx7JI9THZB4Xn7Sr2xXgQSCnqHHS7Zp9EyqzLwczUUdzgjREHPC4pIDS3IwR6oRGCtJzk30wKSJp90tPuiyHkFgJEAdk/QUtBVcEyAzzsplsndFMBnYqNp905oxwUxdgyjuRp8tlGpoQ3Mxug2mqBYInjJKsJYhyAmrk588wlghaT6JYKPgJEDHChcZ5IpBwhOBB4Ust34TNHsrGMNYbnLZ7vBWscQ0ODX+7V7rTVMdbSsqoXBzZWhwwV4A6I4Xo/wxv/AI0clmqXfzIxqjJPIT67McHN1enUluRuDynLpGENaE8nHHpJJKEEkkkoQSSSShBiSSShBqSSShQxJJJGTeJJJJQMYlgcpJKBiTZRlqcuOBLSAoQrpgAdlCPKnTgg7qCeVBoxMT0xQtcEK5s10cjcZ2XmdSSJ3xEY0lepTjLSPULzK7M0XSdp23Wazg6Ollngt7U7NOBlWQ4VFapC3SM7Dsrlpzv6oE8jLVhjkkklYAxJJJQgkxPTFCD11q4nM5VoiLzpIH+IH7LctJWK6SA+fJ/wrZDkpy6OXqOZslsdnOURRWqQ1MMElzwOXDwuppeGjV/TuVBi7PLfiZOZr7HCeIollY3aSD6HKsOq6wVl/qpjknWQN+yrGuyDss8+z0mnrSqSPXrHP8xbYH5/AMhEu9JHVUEjXjJG4VP0TWMqLcGA7x4aVoJQHDB4KiWUce1bLjyoQGluoMRwA8L0pzg626Ozmj/JZS+WZ8deZYm7OOVr6Fp+WjY7kMH+SiX7GWWbsGSlgMT9DjuhuZgcqbdW+FVu2UR5AbugGx5RHJOUslI8rigR0E5RARhCXclQg5PTE7IVt4Iez1lqqKOQseNQAyHDuFAc0k6V6XV2rxmYLAstd7DLEwyxx/svykrM9n9B9uTMSwZG3dXvT/U1RRMNtrsSU7tgHb4CqXRkHBCFIzbI5TAJReTQXSmntErbraHa6d3mfGDwrrp/qymuMbY3kNcdhk8H0WXst5dSu+Vq/PA7bfsjXawTxO/itjGqP6nsb2VSRcT0WObON+UUnK8/sfWI0NgrSWvacZWupLnDUNBa8OBQSWBqZYvjY4Ycq2tt7SNUbVOL9QyF0nt6pbLMvcLXG+IxPbuNwe4UCiqq6zTa6aVwHcE8rXVNMJcEBVNbbDyG8ocFNZNRYOr6GvhYKhwZKPKfurx9NBVDOkDPcLx2SmNPKXRuLSd8D1WksfW1Rb3tirWmSPjI7Il+gJRwaK9dK09bG4SQtfscHG6wpoLv09V+NTBz4mu4HOF6zQ3Clr4RJDIDqHHdNq7VTVjCHxgH1AVNYKjIy1q6pprizwapxjkAxh2ylyRxPBBaHNPqqK+dLz0tQ6WFpAG4IXLfepaYNiny4N2Koj5Fc7QS8vhG3os/WW5zORghbuGrgrY8ROGcbgqurrW94L2gHurU/QRgp6XTy1Vc0eMghbGst5H4RwqOsoSDsAE5SyU1gz72kFCVlPT45aoU0JaeEQOC16Z6muPTFV81QSHDtnxn6XN+3qvaOl/iBaOpqaNjXiCqx5o5Djf2XgGkt5ToppYJBLBK6N7TkOacEJc61IXOH6PqRj3A5ITpmQ1sZgmaBng+68o6N+Kzg2O2dQgbDSyfVz7H3XqdFNBWxNmp5A9jxkFu6xzpaYCi0VdTb6igOuMl7FyGYPwc7+iuXZYdJ3+6h1VBBUjXH/Lf6jbKzuOGTfyKGqLSM7K1pqzIA2KzRE9M8RT5x2cpdPU6CMnZBgqaUkaRk4HAG6lAhwyHBUUNU14GCVOhn1Y3QGWVeCeCR3R4ZicBQ2SjujAqhEoZZZMcCOQnKvimLTupTJmqAShgIkuAg8LqgsckkkoQSSSShB6YknqEGJJ6ShBJJJKEEkkkoQSSSShBJJ6SvBGJJJJULZ0AHIIUKrs9JVHW1vhSf1M2U1qe1QrODPyUtfRfUPFj7EcpkVfGTgnSfQrStA32UKss9BV7yRaXerdlA4z9FcamMjBwQmPbR1LSxzG7oM9mraFxfC7xov6e4XIpKcbA+DIOz9lAlJor63p97cyU7s/ZQIqq5W131OLRyFpRUVERy4B7PZNf8lWeWRga4oxu4r6LquMuDahuCr2nrKapaHRSg57LO13TrXZfCB9wqh8FxoH5jc7A7KESyegl55Gy7HKSdJCyNv6pkYRFVtO3qranv9HUO0atP3UJhl8Hg910jKrY6yFx/vQprKppaMEYKvIDQXSCMIL4Wv2IA+4yjtfkZwuEZUwV0Udf0tFODPTgMf3HYqsdRXK2ASxZGP6Stm3uhuia/Idgg+oVAdmcoOqCHCKsZgjvhaCluFLO0OjlBz7qFXdOUdT5gNDj3AVHUWG40eoxPLmDcaSoVhM2bXat8Lp37rE0fUVfb3iKpBewevIV/SX+hrgA2URu7hxUC2NEutoKSsjMU0bHOPfHCp5bPd7SDJaKkvYNyx5yVeRlv1ZBzwUcOAGM8KA7WZiDq0wuEF2gdA/jVg4K0FLOyQBzHB4cMgg5Qqyjoa+MxVkAe37BVpsL6TMlrqXxuH4SThQE0IIxjhMOrUN+VRNvlTRuENwgc0/94PpVrS3Glq2gxytJ+6heCYCccruSm6hxldUAawEyVwuIK4HAnAK6oLfI/S131NB+4UOosdFUv8QMEbjzpCmg4TgdiVYttxKGqttwojrpzrZ/h5QYbxUU7gKylma3+ot2Wlc7VthDdG1+zgHfcZVMpT/ZBorxRVR0wTgu7tzgqc46gCQq+r6at1U7xWtdBKfxRbKJ/C7xQt1UtaakD8Ep7IMvJMxfRc6G+iC5k4OqJ+D6EqB/E6+k0muoHhh/E3fCmw3KkmaHNlG/bKPcyg8dTUMAE0YcO6Iypp3nGgZ90OORkrA9hyCk6FjuWq9zBwEkgp5fMzYpjqSUDMLyCOxPKA+F+Q6KQtI4XRUVtMMvLZR6cJinnsHag2JmMxKwEHnG4QKi322tiMNXQxuB4y0bKSy408gy4Oae4IRWuppBhsjcn1KdCxx6YGcGEvPwf6YujnSUjX00ju7Nx+iytx+CF7oh4tkukbz/AEPOk4/1XtDaYg7bBcfG5o3C0w1lsPZfZ841NL8SOlJi02WaogZ9JbkA/nuptr+ME1tH/vajmpiw4ka/8K+gY2FoyQq+usNgu503Kx0s53DtTB5vzWmPkJP8xbhF9nnVv+MHTldE2RlzEY/pecLY0F9t1wgZJT1DH6xnkYKo7z8Eegbrq8K3PpNXPhvWQqf7PVwonB/SvWUtva45BducemMrRXq65e8AumvH6PT6iK3Vmn5qip59GceJGHYz6LDdR/A74XdTxObVdK0kEhORLTAxOz928rLydKfH/p3Hy1XS3URf4tf+gwkPi51z065sHV3w+uJe0YdJCNvvjC31a+dfMJszvSxM7f8A+x50fVMP8HvldQvJyHOIkAHpjb/NedXv+yZ1zbdRstdSXED6cP0E/fJXvds/tAdFVc3gXSOrtzuMzMyAfTK29q6v6Wvbgy1XqmneRnSCAcLpU+b1NPUs/wCRE9HU/R8IXb4V/EqxuxXdLT6Qca2EOH54WXqIKqmldBWUr45GHBBav0sJgcd3MP6KlvXRvS97Djc7LS1If9WuMFdCv6psh/vL/sA9FX6PznA3O2E6PId9S+3b1/Z5+Gd3BAsopSeDCdJ/NYS7/wBkS1StItN+bSOLshzxq29MZC6VH1LpruGsC3pf0fNUVQ9oByEZlzqBgHhewXX+yd1vSBxttypawD6Sct1f5rIXP4GfEi16s2J82nnQVuh5TS2cqaAemknwZVlcNtWykw3Fn4Cotb071BQA/N2eqjLTpcCw7FRo4JYt5GYz2WuGrqn1JDYRlE01JddsNne321K0p+qLlTtDWT6mjjJ3WHOedR++V2KWoxpEuFo+SLNMbrf2em0XXFUDioY2RvorSn63t0jg17Cz815NHVTxu+vhHjujm41RhxHfhA2h9Wrti+z2mn6is1QM/Nhv3VhHUUUzQ6GqY4HggrxGK9Q6RqaQVOpb2yPGidzPz2VZNUdbJ8SR7MynEgywg/ZJ0L28sP6LzGk6lrWY8G6tb7Fyt4er743H+8Nlb74VKRojq4rs2mld8NyzEPXNRFgVFI12edDVYQ9dW1wAno5mjvsryNWqql7LYN35RRpIHCr4ep+n6kgNmMRP9eymCotNQAaeqY7/AMSrcg3OE+gw08Ahd0hd8BmMxuyugFu2CopBKKYPwm8pogOdtlI1+ycN1eUEq8ABTj0wiCnAOQi5Pongg91N2Bm0Z4Z7bIga7PKIGtRGho3Awr3gSgpDWsyOU11NCfqiac8+UKQC31TtAV7wVp4PloiCy22b66dpPsECTpi1yZGmVuf6SrVqeAcq1NroqWjql6KB3SNCf7qepYcdyor+k6gZMFaXezyteNxulpHoEatn+xM/EaefoxDun79TH+VplaO2VDnN9pcma2SgeoOy9D+yYWOPf91HbgzWeCg/wkzzp14nYNNRTP8AcOH/AFUepqrRcAGXG3RzsHAIGR+a9Ifb6OYET0zHA87BVtX0fZqrJDHxE/0Ko6jBit8NOPSTPNZ+juirg/UYTTZ9HYVVVfDgRB0tkvbKgZ8sErOP/Fn/AEXpFb8OmSML6GseHDhrzsVU1PSHUdDH41PCybHIikyR90yOslEwW+C3fnXj/B5dcLBc6KTRcrD4uNi6nbnHuo38Fs0uA6skhcfwvJBC9Ta+80LM3S1ymI/iAyQgy0vSNb/Pr4I2E93NwtUNdt7MFng0vweP8nnLemast/3K9U8rRwHHJC6/pm/RAOeInDsQvRJeibBXM8WgeQ08eE/Cht6HvdLNmhvA8IDaOqJITFra7GZp+IvhzHn/AAeeGOvpnGKSCQEckDZSoLlI1obLVMjx/WVsTb+qo3OZXWymmh3wY2Yz+aBVRWt5ay5dPSwjjWyPv906N0WJejvj2mirpq9zmhsVWyQns05R33EwgGWFzvdoTJelbDWyE0VZLSSt4LJCP1ygCxdR2yQNobnR1bPWZ++E3ItV2x7J8N5o5XeG9r4ie724BUlsdFKf76Mk/ZUU9ddaN2m+2KRlOTgTNbqafcYRIpun65wZT1RjkHBJ0qfJ+y0tvaJVz6YgqB4jGBpO4c0bKkrum7lT4dTBxI79itJFFeqUkxytqYm/h5OEQdQvjOiuopMdwG8KOeBU4uXRghV3GklIna4EcghFZeS44IC3D/4LXsJexp1djyFVV3Q1FVNdJb5fCfzjOxRRlkTKNsWU8dax7NRlAz2Toqyohd4kcpH5qPV9GXajjMjHeIe4bnKrWzV1C7RPG8AdnBHtTK+d19mkZfywhtSzP+IKxiq6OrAdlhPusq2tppm+YbogdCW6oz+hRSpj2iLVbniRqhDpOuCRzB6NdsUdl1raXDZIHVDPVo3Cy1LcamndgSFzRwHFWsV8jLRqaQ7vgocND4214+00tNcqSr21hju7XDBR5KdpbnsVR+FS1LRM17S5w5CfEK+m80cxewcNdujjJgtyl/cPPSDOWt591CqaCQbtbspDLzEx+mraW5244U/MMsYkp5WvB7A7rVXa0zmarR1X5ysGd8HRs5uFCrbbSVO5YA49wtFLSskDjI3dVM1M5hJG4yt9d2ezxflvDxlHEUZmWkqaKU+EXED8xhTaGum1APAyFZZb+ID9FHqKGOU64SGP/YrZF5R4PWeNspzktKSvJDQTz3VpHKHtGSsdmppXYdkAforKkurdIBByOfdCcWdeDR4GMg5SEvqFCp6wvGCiGUO9lYlxwTWS88D80XxFBac90QPwc5JUBJTgHjBAIWfulslpJfnKIHTnLmBXzXJ44OQoEmUVtvTwdL3Yx2K1FJWMma0g59VmLpZQ+R09IdLjuW8bqFR3eWmf4M+ppacZUKlFM9FjlyEQnKz1Dc3kN1OyDwreOfUAcZyoZpRaJelvZC0FND8FOEnbCgJ3OEs5S5SUKB5Hdv7pacpafdIHPZLwM/yc8L/D+6Xhe3KkacjYrugn8X7JYvcYHrD4aWXqSBxMQbMQTqPBXzp1f8Mbz01NJI2Iy0+Tp07kBfY4ib+IZUC62O33OMsqYGnPcBIuojYuTs+N8xbo3tfMT4TcwsJDmkEeqQIXv/X3wImlkmuNjcwh+SYsd/ZeGXax3axzujrqORgaSM4XKu0rj0e60nkqdXHNb5/RCBIPOco7DsD6KMPPv6LpJbj3XPlVk7dGplBJSLCGo3GcYCs452uaAVntRBB9FLpanQcOJKTsaZ1KtTF8FhOMHI4TWHsnNe2ZqA4GN3sqNKnjklDdJpLSE2JwyCU+TGBhQarCxo5hqHutFQO2BJWQpn6XgkrRW6cZACh1NLqMcGjhOw3UlhG26ronZbsSpUR3G6h2a57kTmnIyupsZy1OO6hpUsDshdQxn1RFBoxcduF1JQVYBc05JxsmN7qQQOUIsOdgoJIzxgKHJudwrB49FFezfYIMZAfBCkjBHChT0/cBWrmdj3QJI1HERbDcihqKdw3a3GygvDmELRSQjBw3sqqppjnIalyjwYmnHodbq6WnkGDt3HqtNS1pkA25WMOoFWVtuLo3Nildt2KxWROhoNd8b2WGvExcOy7HUvppGysOCDlQ6eRrwDlHIB4Kx2QyeohZlJnoFkvfzoaC/JxuFdF5k7cLyugrZqCXxIj9wt/Y73BcIWtc4B+MLFZHB39Lq98dsywlZrGCsV1FbzBMXtb5XbgrbS+g7qrudI2shMRG/YpWB92JR4KXpK5mOQ0srs9t1ortSB0YljHG+VgJRLb60OGRodgr0G1VbLhb25ILgMFTBVVnO1grZXHIglO/YlXbGh7CTssjXtfR1Ac0HAOVobbXiqpmvG5AwVRqU8dimEcpdBKwEHbBCprc91lu5pyT4E+wB4BV5Utz/MbyFV3Kn+cjErNpI9x+SskuOUXzZcHGOV2cZj0g7lVlprhV0wDvrYMO/JToz4gI9FckNhMLTzluBjhWTZGyxgA5HcKmJ0OUylm07EIcI1QsOEmCcsdw7cLtR/Mb6J1cwOY2UfV6pkUgezc7jZBLsv5MlBf6YmHIHKw88Zjkwe5XplwgE0ZZjlYK7UxheXY2BTY9HF19WHvRddJ3PQ/wHu2Oy1r5GuYV5XbK11JXAk4GV6TTVDJ6dkzDkOAKsPSX5jtCU5xK/f8ACuTE6CT6rjP74b9l2oIDR91a7Ne/JHnYJad7HDI0lYWZhjkc3B2JAC3YIcw43BWNuDQLjgDA3XQolg4flYZW8x16oAYpZRz91jaiPw3EgL0CsAc+alI+yxNwi8N+42GV6/xOoz9h8a+rdOtvzEq01fDXO9lqaSUPi0O32wVh6Y77Hdam0TOeGjO4G69IuEfJNUsfeTaYaJZWkY2UCLNLcw942cVYOIbUNe3bVsVDrmfzmvAzuo+QNLY4WI1cJ2DmnIKFXt1UrwuW54fSsOclGkAIwUiSwe4rnuimYSg1U11lY8AaitNVNBjBwsvdiaS9OeeHHA9lp6SUzUzHE5OMJLNFTwyFFKASMcHCZPu7YoLiWzuA9U+V+ktGEqSNSeQ0LznhSpHlzRsocbxnYKSH5jyBlJfDHVvAOQlzTlVM7cvJz3KtdW/HKqrh5HuLRgFL7NA1rs7hdqCNI2QYn4YG4RHHIUFTlgr585CLFMQ3CZP3Pso8UwDgCgwJVm0kVHGVVSYOoZ5VnK4OZjPKpJSWzOaexVi77eDO1H8uZzNPBPddByiVwHzLt8ITcDg5QtYOLLGeBg5TCd8p4OCmIZlBAcrrfqC41OaPMD6K0U+iXFwE8nCZFwE9y119Cpo64YCGPqRX8IJ5RCWHjxggoMmMLreEx/Kp8FDPxJ34UNpyeET8KCUsBg38po5XX/UV0cJDZTOtGStD0xQS1NawNHcKigaXOAAySvSOibeIB4rm5cW7Ll62xKJ6jwGncpps2EIMcLIsbtUunbnchB0gYxlSohgBebulk+laaGGmgwGEhucpOXCQ3nslVxyzocJDKqQsbsOBlUsTTPXB/oVNvFQ5sbWtONXKHaICSZjxnAXb8fpnKWTzXlNf8S2p4LakiGclV9fLJVXCOlaMt4wPurJrw0fqhdNURrbo+sc0ljXYBK91pKlVWkfD/qXyUrrmos11LG2CCOMADS0bK96fpnvl8bHl43VIInTVQhj5OAFrmtFtoWgDBA3T8I8Pc9zK7qe7GkpjTM2c/wAoTOhrU6SV90lj2+hpPqqB3j369tiblzNeP3XqdDRxUNLFTRtxobuo1kzzeyG0mjhNdsk12y5qDdyeFSjhmUiXOc+AQBugWiille2QjATZ3GomIaDhX1FAIYmjupPohOAwAPRJIcJLNLsg9RLjWxUcWt7h7BFqpxTwmQ9lkXSVd3rTg5bnA9k2BCVZaCW83R1VLnwmOzkjbZbBzQxukHYcBOttDHQ0McLWgOxqcUCok8R+lh47q29wLWRhLnPwpkMPG3KDBFuCQphIaxCUMleYniJvBRoPLj3UYeeYOPZTGlrRlQgSSbw2kkLznq+/SXCr/hFMSCR5iPTur/qu9CniNPC/zhvAPJKwNfXR2i3yXKo3qXjA9d1MYHVRyyh6uuklPFF07RPOuXBl084VF1LW/wCzNi+VocGqnZlrc9+x/VWtloZ9c3Udzj1SSnYO40eiyNVJ/tDe6iue0mmpn+HA30cEw6dMcLL6O9FWB1sjkuVwxJXVWHFzty1bSmgc4gluSeAg2q3vIEkvpnfsrm4XK32K1S3Wr0tEIGHYVuSiS6zdPKKbrfrK29AWE1NTtUStc2NvfVjn7DK+Rr5eKy/XWa6V0zpJZnZJceFcdf8AWdZ1nepK2eVxjDjoZnygeyy4DiVkut9HtvFaBaGndJfewoaDjZFjjz2Sjj4yETgLP2dKU2zrfKCVGnm7YRJJtIIHdQ3SanHZDLlFwWRr3OeUWNh1Alq5EwkjIUvSNtkja2xjlgTdhslkeqdkBu6jvkDe6ttRKSyPc4NGSeFAqazOWxuSnqs7KCfMSeFmtv8ASHVV7RzpXPO5QycrpOVxYnJt5NKikN1HGMrmR6pxjdjYcpCmcDl52KEoZ9XHZcDXuOAFI8KJpGnZP1NYNmo4xyQCylmdvgAI8UDGjz7n7pNcXcbfmmhjzyeUahgCTCZhacHZd8XA8rdkMQHOSEcRgDCY4kBeM7VjByn6SRkhODRnhEAGFX+CnMDgpYKJgJYCoobgJJ6ShTfAl0DukOU8AYVpFbmjoZgDZLAXQSujY5TQ65oeGgHIC7gnBwmg6sdkYABUOyNA7BEA7rg5RAO6g+Mjo4STshdUD3IYknroOEIaQNFAwuhpCeGYwcKDIxycYDyijhIBdSho7ATsBNRA0ncBWho3ASwE7SR2SAOVY6BzT7LuCitaCMkLuhvoqzgaDXMBHwUgDlDJ7iAvCd/T+662Ig7t/dSA3bhLR7IcYIB0A4ACQhJPP7KUI8425T2RAgjCJRyGl6REfTse3D2A59lVV1hgnjzBhjxvxsVeFhXNBVcoGzTQsXJhp6SqpHls0Rx/UOEMOBW8lgjmYWSRhwPqqOu6Xa4GWjfh3Ok8JkZZORqdDKK3QM9p905dlp6ilf4c8Rb2z2XETWTnyg4diTEk9Uo4BGJJ6SsgkkklSjggkkkkRByaknIiAl0HC4koAFXQTkbriStcPIBq+nruHD5epeONjlXjmZ3HC86jkdE4OB4W+s1wFwow3UMx4Wmueezj6yj4vvCkkchc1eyM6EZ4XBFg5AWjgxpggzO4b+6RZjct/dGwEsBQjkRsFMUktB3whAHdRvBankPQz+DM09srSiRs7A5m4WSz6bLQ2WcSRiM8p1bz2I1EcLcSCzBTXN91LkhLd9P7oRbtyjMieSMW+oSwEQg5TTwoWrMgnsGE621U9trY6uB+lzHAnfkeichyMOAQrjwXZFWRwe40NdFX0sdVT7xvaCCpCw3w3uxljfa55Pp3YCt2WgZweFqj0cC+GybQJPTTsnIhQkVCRVTICSSSVkGJJJKEGpJJKEEkkkjEjEkklBwxJJJQISe3GN0JOYcd1WQyLVtAJIVYeVb1g8upVLvqKsgJyG9EchvUGsCQvNuqWmK6vw3GV6S76SsB100C6x4GMxhZ7uI5OjoeZ4IdqJ5ytDGMNA9lnbURgfktG04aD6hIhyatQsPA5JMSTDOJJJJQgkkklCDERqGiNVoiNL0g0Ged2NwNitbHnIysx0Y0Dx3kZB2WnDvZNXRy7/zYccIur2UYcog4TTM1yGUC6VHytvqZf/obgpmsNBKzfWFf4FknztqyAqbwNpW6aR5RUyOnqpJ3cuJP7po3XA4Hf1XVmk8s78E4xSNf0JWCGSSA/i3W61ahheWdPVLaa4N1HAfsvUYXB8YI7gI48nJ1cGrMjJaZlRs9oIHqiQt04A2wnN2XTyjawZslLf6YFnjMbvndUD8nHZa65xOmpXBnI3WWe0jIPIQM1VWcYIqSc8YKaqHDUkklCDl3JXEkBD7DLGDgZUaenilHnblTiPVCc33X5LTwf0JTyY+89KeNmWjI1HfBWSq6Gamc5kjcOad162xgJyeyq7lYqa4EvLAHnumQtwymsnlL4wSOyurFfJaCQQzO1RO2IKddrDUUc7gGnSPZVD2lu3dO3KRT6L+89NU1cf4hbHBrnjJaD3VNbr1W2qs+WridAOPsjWu8y0UoikcXRntlXFxtNJe4RNE9rZMZDkWMgZ5L21XqnrmhgkGexVuHg87LyhjLj09VBzwfDzjIOy1tl6ohqiIZX7njJQSjgZCf7NYz3OcJTQslGHBRopg7b1Ulr9Q3QhkCptsDmEhu+FnK+2TRgvaMgHhbMtDuUCemg2Bjz+aDaQyFtutwt8gME7gB+EnZb6y9cRShsdaMO43WXrbDqeZqUgHu0qrDXROLHghzTghXgqUD2aGpttyi05Ycjgqhv3R8NQ3xaLSx/wBtisha77LTAMc8nHBW6s3U1JVsEdQ4AjvyqFNuDMOY6u01GmQFpYd/dXFPcmVEYEhG/dbGstdBcoiXMY8EbHusdXdOVFukdLC/XFn6e4QlfJkjVdEyTdpBBVJXWwAZwtE3doB7KPUwBwwrgxmTFVdvOdm8dlV1FG4fhW2qqQH8AVVPRHfyhPyQyctPo204/NRTG4cq/rKPJyG4VdJTOby1WU4kArRdM9e3rp2QMbK6SHP0k7gKmdH2QHMLd1TSkVKOD6H6Y62tXVUYjicI6prcuYTz9lfeEWHcfcL5goa+eimEtPI6N7TkOacFerdIfFCINZTXkuc44b4hP+ayW08iXE9GnjjnjMUjB91Wy0c0HmjdraOynRVdPXN8SklbI0jPlOU0sduM43WZxwAntIVPUva7duPurOlrBkbgqFJT6zqGyjubJDuMn2ykSWSniZpoZhIBhwUpkmkjG6zFFXuaQHFXMFUyUDSUPQuUMFq1wcAcgFObKQQ1QmyYxun+JqAB2VCZQLSN3iDJcEbIPBVWyR7D5TgFSoptX1KGecGS0lzK6oLawOSSSUKEnpieoQSSSShBJJJKEEkkkoQekkkjIJJJJUyMSSSSEWxySSShQl3BSHKdv6qAt4Oubq7qFW2mirGFs0Qye42U9JQH5DLy9LXKnYX2i4sGP+HM7Y+wVZNVXGjPh3SzzBzeZIm5B91uXMBOUQHIw4B333UDhdJPkwlHf6eSXwWvcPZyuhAyVoe6MHIVp/C7a7LxRReJ3dpCYKd7DlkeyMd8u4ztf09T1AJYwRuPos5V2e4UDi5gLwPReiv8MAeINKGIIpTwN1Ao2pPk8+or2YXeHVMdgd/RXUNcypGqCYOJ7Bytrh01RVIc7wQ0u7tCzlf0nPTHxaOR7HDfI4KgbnGXRd09zrKUAysc6P15VjBeqeUDOxWIivVytZEVdCZGDk4yFbUt2tFywQWxP9CcBQvGejXxVEUozG8ORgcrLhk8BEkLzjsWlS471JFpbO381eQJRwaDGSF0NDeTyoFNc45QNwcqWZmOAIKj5FtMj1Vqo6g6n07C498Kjr+lYtRlpvvgHC0oOFw5KmAsyXRiWXC62Z2k63xj8L1b0HVtHUYZMCx/cFX76WCZmiWJrwfUKjrulaSUufTDQ4qEUo+yzZVQTgPjla780QSN041ArGVVjvNucZaJ7yW787KysNzrakaKyExvbschUW1HGYsv3U0dU0xysDmuHBGVUu6Uipnmot08kb850h236K7ZxznuikbYV4EOxp8FXDcqiFwirYnAj8QGxU9lZE8DS4HK5JAJhgjKivtmPNC4tcqfBPyLJkgd3RQcqidNVQHQ5pPupVLcg5wZIcIU8lNYLV2cjBXdRbsd8qP8w3O2Ci+IHDOUQtxyPByMrqCug4OVBTwSMlc1750rgk7YSwDvhAKaSfATVqGHDPsVEmsluncXvg0l3OkkKSDhE1Ad0a4CTwVDrDNDL4lHXPYP6X7hB8W+UcmiWnZO3sWnCvtfumPIPdWpItt+ynZf6QDFTHJE8bEFqmQ1dJUsEkU7HA++6kGngef5kbHfdoKiTdOWyR3iwB8DjnOg4H6KSWQc7uA/hxuGdAwfZAfRNzqiyHfdB/gdfTP8SjuRd/hlOQk+W+0P82ajjqY+/hHcIllCnEksdcKYaw7W30Kf/FnRn+dD5VFb1PSN8tTBNEe4cxTGV9prPJHLGcjg4BCaQJHcaeQcgZ9SpbdEjQ5hBHsoYt9HMPIR+SGbRPHvSVMgHoShaBcWTSwgc8pNbtjKrz/Fqd2+mUY4KcLk5hxUU74z32S8tMBlgG47/suGNjvqY0/cZQW3CgcAfmQD6FHa5j26mPa4H0KbG6S4RCiu/RfS9+1C5WKjk1/ViIDKwl0/s0fDyvf41E2st0mrUDTS6QD9l6wAT2RFphqLY85APEJPgF1VavJ0l8Ta+HP0Q1XnYP15Qjb/AO0X0y8ONNaL5DGNLfD0tf8AfGy9zxvlO2O2VoWusiuSHhc3xS6mtbxF1V8OrrDIB55YWAsJ9lYWn4t9F3JrZDVy0me9RHoH2ByvZ4wBuQD9wqu59K9M3kuNysdLPqILtcYOUcdapdoBoy1Bf7JcX+FQ3SnnfjOlrxlWkZx2yoVZ8G/h/WEGG0uoiM7079GPttsoX/sjvNvB/wBnes6pjCf7qpy9uPtlGtTX+yPhF4+lpZj/ADqaJ/8AzNBVJd/h50beMmssVM7Vx5Bt+yK2yfEm1hjGCguTQNycsP8Aqoj+q77RzeFful6umjacGSNupoP6DZPhrZw/BiZLkyty/s0/DC7B/wD7ulp9Xdj+FmKv+xxYJsSWi9vjxsHy7/tlevU/WlheMPndE7trGAVf0lbSVkYdS1LH7ZwHLRDy2qg+Jso+TLx/ZJ66pnSGhq6GpDf6HnKx10/s/fFC1Fxn6ele1vdm+Qvu4yShuCCQF2Os0DzsyPQhbavqLU1rD5LPzjufR98tJcK23Ssa3YnT3Vc+hfjLgW/sv0xdFZK7Hz8EZPo5gKqrh8NfhzedRqrLSvLuP5Y2/ZbavqWfcwz83vljkYdg+qNE+uj2ZUk+y+77v/Zs+HNx1fL0LKfV/Q1Yu4/2O7JUNcKG+ujeTkEw6sD0+oLfR9R1S/3GW5R/qZ8jtud3pz/fY/NWEHVEjWhtRTh5HcHle9XP+x91PT6fl6uCfb8IIWMvX9nfr2yl3i9OSyAcFq2w89ppvGSnKH9LPPf9pLa9w+YpnN9wp1Pd7O8AwVjo3ehdhCunw26loJi2a2Stb7jhUVTYHUriJmaXd/Zba9fTZymPhPb0a+K61wINBdpfzfkKzpeqOpqduzo5R/iHK8zNK6F2WVMo/wDEpEVbeYcGnqnkDsSnLVQf4sN6ieeD1Km66uMLv/eFuD2//Q2qwh+IFqeQJqeaMn1C8mZ1NeafDZml477qdB1bROYRWUT99zlqJajIa1ViPW6fq2yz/TM5ufVWEFwoarHg1TSecE4XjcV7stS4RsBiJH4tlMgqadnlgrSB2Bfwmq1PoYtdP2exsk/xA/ZEa4leTQ3K5x4MNe/H/NlWND1Nd6aTUZfFHoUeTRDVxf5HpbXlHY4b4KwEfW1SXgTRAN9QrKn62t+wmDmn1V7mzbDU1S9myBLTwniTP4eFRU3U1vnYC2dmPcqVDd6aV2mOdv5lVKWBqtg/xLQVDAcP2TxNCR9W6hxzxu+ogkruQd8gKvkGxWSYHA904DJHuouHYGHJ8ZqGkES/so7MhbCZggbpdiUEVD9g85TxUsd9KDIaWBDbIA5XNJ/p/dP8QHBY8bpwAKmWMUc9kZ0bZBpkAcDyCFCrenLLWRGOpoIng8+UBWukHuu6fdTLKno6bO0Ymq+HNlc5slDPV0kjeHRSY/X1UR3S3VtDLrtl9iqs8tqvJgf82+Vu3R7junNg0jfurjLaZLPFUy/Hg89F16joJTFebMfCG3iwnU0/l/qlH1NY5pBG+bQTx4jcArfyR6hhwyPfdQa+x2y56WV1PTyMbnAcMH8k1aiS6Mc/EyjzF5/yZZtk6buLvmPAjJO2qMgD9kGq6OpSzNE8tdyAVc1fw36fnLZKOSallYMB8bz/ANVBk6N6loNH8M6hbUt/A2oZgn88o46yce2ZbdBJflD/ALFTJYbhEwNe4Pa3cAnYKjuHSduq5TNV0jA52clm2VsZK3rS3RgXHpyKtYdsU5w4e/uk3q2zAtjuFpqKKQ7Fs9Powfv3T4a2Tf3GK3x1dvG3B5rJ0lLQeaxXKpgwdoy/b7KLJP1rQPd8zbaathbydH8z9V67FSdOXN3jQV1I0nkeJjf7LlR0dKTqgn1Mdx3H5J61i9nPu8Jn8DxuTqO0x/zb1aamicOXRjUB/kp9FWdO18bZ7T1KwPHLXhzf816FWdJ1EDS8xRvzz5d1lrp8P+n6iJzqm1GJz8lzo8gZ9dk2GpTZgt8VfX+KyRWNrcaoq+Gdvq05QaqjZVMLa2mZK085Crf9jYrXIHWi+1MIHDHOJb9t0NsvVlBUEymOrh7e4W6NqfJyb9NKt/fFgKzpKkOZKCUxu/peqia1XCiJ/k628khal3UlOMMuFte39R/kVYUk9qrWB0L279iU9WGKdNb/AA4ZgBUEOw7n0R2zxubh5wStlV9M22scXGNoce42Kpa7omthDpKV/isG4B5V/JH2Ilp7YcvkqopnMPlkdj2Kt6PqCpiaGSN8QDjJ3VJJTVNK7RNE9pHsutmaNsj9ULa9CndODwa+nuFurQPEY0P7hwT221weZaGcsdyWg5CyscufMApkN1lpnNLXubjuCmR3J5RcrlJYky5fU19O4ioZrb7BRTXtJOWKTT9QxSta2cNye6PJTUFc3WwtY49wtdViX5GWdSsf2PJUvdT1A2IY5QnCeBx7t9Qp9bZp492bjsQqxxqqU4e0ub+6313RfR5vyGj+STjNBjWRkBsrQcrjYIH+aM4z2yok8jKhuQzS7uooNTTnUxxIWqKTPC+Q8ZsbcC3jfPA7yuJHoVYQVLsAkKmguLXYbKMHupbZYnt1seMeiNxwecnFxLiOrJ2RmT5IVUx+MBEa9zcHJwlgOBeRyBwyEQy6eBnKpGVUrcY2AUxlQSBndQBplhqD8HCg3Ozw17dbCI5PX1RWTtOxPKMXB45VZBTaM0KurszxFWNJZnDXBXlsvMkjgwO25wV2poY62F0Uzc5Gx91SVFDV2stmZl7QcbeismNxtIawvOCQpQkDt1krfe6aQhryWu91ew1XGRsoKsrLTxR6JeKPRR2yggFd1A7KCtrDio9QERrw44UJ0Z2K417mHjKgZYB+k7DOUZjgQMhVsdYBgOClMla8DsgAaySdKYG47pviDjH7oheByhayVygMrMjHqsh1d8OLH1RSOjmiEUxBw8DbK2p0numOb5SlTqUxlN1lElOp4Z8fdefCe9dHPfVub41G52z2jj7rA+JucL7wrrbR3GJ1LX07ZYnAgtK8S+IfwGp5YZbh0toiLMu8Ajn81jv0cfR7HxX1B8uKtT3+z5/PCEZHMII3UytoKu3VD6WthdHLE4tcCMYKiStDguVdRjhHrKr8rMSZSVpxg4+ymiVsgyqFpcx2QptPUlp8yxyqaOjRrM/bMsYy5rgFIa7I3UWORrsY5RS4EZCBpo6ULN3Qdv1A5VnbqpzJRuOOFTtk7YRqWTTICqNlVux5NtSTCQA5VjE7BCzttqAWgE8q6gO2cqHfovUo5LJjiQEcHKhROwQFLaBjOVDfGWRZ9U9JCBwoMUshUkklAZjE4gYyupihQ1wG4QHMBJRihkHKgJGc0DhAlbtyphGUJ7chQW1kgvYMkKBVRbZCtJmHOVFmYCEDMs1kpJocfh/dRgDG8HCt5ogNsKBUR77JNtZks4ZZW64HZriMq+jdqaDnlYZkjop2PBOBytPQXOKQDBwsUoZO147XqX+nJloThSbVdzbqjxMEtPKiOc14BCYRgLPOvJ365yhJSTPUqSuZW07Jm7hwBRJWjYrAdO32SgnEMrz4Lux7LdxTMmjEkbgWnfZZHDB6Gi75o5M11NbgW/NMHOxUTpK7OgqTTSOwM4wVqKuNlRC6F42csDdqOa1VfiRkjB5S9oFicLNx6PX0zKqAuA5GVR26qmt9UYXOw0u2B7qZYLuy4W9oJ8wbg/dMudG2WPUG4LeCOxVJGlWZ5Lxk+sbgYKA//d5g/HlO+FU2ave7/d5nZczYH1V1M3xYcgbhVgbu3IrY3ChrxNGf5M549D6K61acSxnY7lUT2ZL4SOfM37qyt83zFOYHO87NiqChLBYvDJGeIw9spkMmOBhQ6GdxmkpZThwzhSHZYcEKGqEyyDvFiAO6gMe6GZ0Ugxngo9LOM6Ch1uM+KBlKlHcNCvAcAsj1DR4YSB3JWoidrZnKr7vS+LBgNGd0cFtM2qhvg0eayZbLkchbfpW4ian+Xc7cbjKyFVTPZK7ZTrLUmknZg8Hf7JucnFps+KfJvySJWldqSXM/JDZJ4mg45GUWQBzcZwj25OrCW5ZRGppf5Q1DclUV8p2irDmtwraCUNndHjgqJfGf7wCP6U+t4Zk1kVOtowVf/JuzQ7Gl5wVm+qaPwHuc0bP3C1HVcDQIqoAgtd2VPfojWW1tawggN3C9D4uxxsyz5l5/S/NTZXjpGTpMk7rQ2afD9J4ws1EcFW9ulEUofn2Xs4T3dHw7VQynE0smXPDwhVf90X44RYniSMFNnGW7oznJbWWdmlDqYNLhn0ViM4WctDi2rDckD0WiJzkApVh7HRXbq0zHdV07WSmU8k5BU6yVBdSgHfbCN1VTRyUGst8zTnKp+m5nnMZdkLOzTGzFmP2TKlphqw93BOU6QhxDuwSu31A44Q3t1QafVLbN0WkEY8Obgd+6PE8GIMI4UKndoYGEZwpEDtEgclmiMss5JJocQQolwGqLIG6kVRzM4hRpniUFp2wljc8EBpx+SO057KO92l5GO6KyTUM45QCpyyBqQefZVhyHK4lALTn0KqaoYOygix4HCQuGCq+oH84n1Uhjt+UCpIyFH0InPcZ+6n/eDhR4ycBS7mP55Kis4S2c39/5FMSAMIKNPwEFKn2QI1EYMn7IbUSPlXFlPomN4TzvwmN4XVshLCFsekuA5XUwScPCEeEd/wBJUMh+ds/qlWPBaO48+U+TgJg5TnnICHOSegSQ5SXQMJecESy8FjZYRNVgHher9PQCKNhA7LA9J0Ub3Ne5uS52Mr0+gijihG2OwXndfNysaPong9N8VKsZKa7U4bcKc36GqJA0HcqXHtlcK15lhHsqPxydO/CHMQ0ayUTY/koVxnLYDgLRRW5SSCvt2xbKmoklq6oRg5ycAei0EEIgibEOw3VPZIg6Z0z98DZXL36SGgcr2fjtPhpHyz6i8pGpvcBr3OEBY12C84WntdK23WxrseYgH7qgpaM3C5xRH+7iOt3utPKfGq4qGL6TsSvQpNLB8e1t/wAs3Ivel6Iyk1sw+2UTqe5hkZpo37uGNlaMbHbrZoBALW5KxsQmvt6DGbhpwSjOW+ZKRqOhLJ4Ufz8zSSfpytpjIQKCmbSUkcDRjS0Ao+r2VCbWnLJxDm3bjKIozzql8MZ9VYo7RQgzayMhXTeAolNCI2DygKYBnO6VZz0AFYMDCcSACT2XGqnv9xEDRTMfhxGThBFZIV94uslXIYInEMBwcd1d9OWjwWNnlHO+/wDkqWwW75ucSyNyAdls34gaAPTsrb2kOVcxB8Jh3PKFBEQQSNkKLVLUlx4wrAAADA4VAt4ONaAOEGqlJcIWuxnlHcdIJ9FXQuM9SXdm8qFE6naWtGUK410dDAZZHdjhHcQzfssH1ld5Kmr+Up5MCMYcEUew4rJClnkrq11e8EMBOM91k6oTdUX/AEx5+Sojhx7FyvL7UyRWtlJASH1ADQAqqsqY+j+nw3I8WVup4zjKe4ZRpqSfC7KXrrqHwCzp2h2ke0MBaeM9/wDNA6fs/wAtFG148rN3f4nKn6ao57rcZLxW5cXOJZnsFu6aIeI2EDZ2UEmomuU9kFENTxat5MtpxvIQvnn42fEn+P3R9ls07mUEBLSWnAet18bviNF07a3dJ2yXVWTEmSWN30t9PzXzS3VqySd1kus9HofCeO3taq5ceg7RxtsiMbjGy4weUFEWTmXLPV2PPI4uAAwEOR+yUj9lEkkyiRUYZOvkJKQaShtBLgpsbAANlY1radhbgDIRSQAm5DGqLUVXYJE57AUshJ59PCrZ6glKWcuIG6ARncjP5rFbY3wPhEa95fympEYOCu6HeiyNtjByQODlINceAnCFx5VqLC3Ib4vo1ccXvwAFJZAOcIjGAdkxQ5A3kVtLUE6sbI7ac99ipIdhuAUI8puzgB2ZEIBjO36rmkBdyfVJU0DltiSXMhLIRho6kuZCWQqbSLOpJmv2XDKc8IZTx0QIkh5CRIPdLcsECZHqntI9VGc8tXNRyqVmCmskzI9UtvVQhP65XfmPYoldgFRJvitzwiiXAwBlV3jfdP8AHA2KJWfsZHK7LAStJxlEDwRlV3jb4yUQTgjv+qJOL9h/Iyd4icHDKheK1EEwHv8Amr3IJWlg3BaNwkRhQ2TjI3KO2duBkKx0LM8EhoGcoh5CjeOPRP8AmASNlGaoWJEkcJLjXAhdSH2OTyEaMnBRgBhAa4Ao44RDG8nHAJNAzldck3PYKvRpgNa0g5IRRwlgJ6oYLAXWt3zhIDuiMAJCKKIIM2zhd0+yK1oIyQu6G+ikmiHByngDA2SHKIOEI+AHQFwsARvCPql4R9VeR2SOWY7LjmkhSvDHouFg7KZBwuiqqqGOqYYpWZzwe4WfuHT1VSjxIf5jfbkLZsiGd2rvh7eqoxXaGFy2nm5YW7HZc0+61F56dE7zPR4a47lvYrMvikhe6OVpa4bEFMOFqKZ6aW1jEk5JQzDUk5JTJTeBqSSSsmRJyHq9kRETIkkklAcCSSSUBYlZWm4PoahukkNJAKrU8DO2cI4PDAsrjZFxkenMxIxrh3AKRGO6pulbmaiMUU5zJG3Y55C0JYd/dboPKOBdD4pOJEIwcLh4RnnB2Tc5V4EbyOQcrmjvhFwEsBFJYLTxyAI7KXaJ/BqGtcdjsELT7rjRg5RLgux7o4NmdMjMj/NQ3NwSV2hl8SlafRGeNTdk1HNxteGQyBlNR3NOeEPBUDBkZ7pmndHwU3BULDWOufa7vTVYdhmoNd9l7Q15e0P/AKhleHPblvO4XqfRV2dc7IwzHMsH8tx9QO60VSz2c7WV5+8vEl08ri0HMHpJJKFiSSSUIMSSSUINSSSUIJMT0xQgkkklCDFx/wBJXVx/0lQIE/6ikxxyBlJ/1FJn1BV6G+jtYP5BxyqcgjlXUuDGQquoADtlYJFchvRHIbyoNYw8H7Lz/r7/AOekf/0tq9APB+y87+ITgLrDv/wwkXvFbOloP9wg2s7LRAeUH1Cz1p+lX7e32WeBsuX3ZCpLg4XUwyvhiSSSUKEmJ6YoQS6uLpIAGVa7JnBsekozHQukxy5aBnKqrDEGWqPb6jlWTTunJZRy7nmTZLHCed0FuwTycJyRn9g5pCw/dYjr64sbRfJ48z3crYVMwDgF5j1zVa7i2PH0tKVOW3g26KvdamZsFzcAorTkKMTvlPa7Czs77iTqaTwp2SehXqtqqBLRxu2J0heRsdhel9Lyl9A0nfAH+SkOzm6ytY3GhG/5Jw3Q2PznZEGy0HJGzN8pGORhY6viLJ37YC2bztjCzF4aPFJAUG1Pkp38oaLJyhJRqQkkklCxJJJKEPrqGvLzonOl45CmtcHDIK5PQQOGprN1WRurKWpc1/mYvyOf0H6LPT7pafdBjrI5caTuUcOyMlQsi1VHT1LcSsG/dZm6dLwPc4xs0n1C2BGUzw2uBDtwrTIeSV1rfTyOa5hBCZbK6ooJfK4lndpXpFxsUdTlwaDlZG89PSU4MkbSPyT4zwASXCjvNJpcGnUOO4KzdVZ56CbXTE7cLjH1VFJqaXN9cd1cQVUdZGHBw1HkH1RqWSCs/Uz4mNgqidTdsrVUNybVNHhvBCxdZahITJGNJP6JtFW1lrlGppLe/urGp4PSGHLc55T3N1Kitd7pqgNaZME8jPC0NOdg7GQeCqLI7oXKurrbDP5nDDztkLRNDSOFGngacYGFTSIYqst9RRnWDqbnYhNp6+WBwIcQR6LT1FKXcNGPRUlZZy4ukgIBP4Uh9lNZL+z9Xvi0skft+y11PX0ddHlrwS7kFeLyNqqWTJaRhWVsvtVTvDRKRj1KgEqsm/uVs8MunpxlvJaOyqzucHbCsLX1HT1UDGzEB/BUmqooKpupgDD2IR7QXmJRPpmvH2VfU0jXbcKxkkmoZ/Bqmktdw7spDoIZ4w+HGe6pMiZlKq25z5VUVNvezlq201I5gIczZVdRSlw4ymKWQsmLqKQsP0qG+IZwRwtRW2+XORHthVE9C9vbCMvspZISCC0LjZCSA7t7qe+A75bnZQpad2QWhU1kpo1PTnWtfZJGtY4mPbYFetWDq22X+MNZII5w0FzScZ+y+fotTcAjhWFDcJqKVs0Eha5voUidWRexM+jNPugvgDwQBuvPOmviQBinu7Dv/wAbV+2F6BRVsFfCJad+vPosc6muhM4OL4I0tPJCc6cBDZWvid5TgBWulrwQ4ZUWpthkBNOzfkpOC089kmiu0T8MecFXEcrJWgsOVhS50cxbpIc0qyt94cwhr3YwqwyOCZrtRG3KI2UgcKuoLlBMMF2SpokGPZAZ5xwyVT1mPLI/n1U5jmkZDuVTEZ3RYpzERqccKhM68oucg8JKLDUseNjlSGvBUF7WuBySSWQoUJJJJQg9JJJQg9JJJGJEkkkoQSSSSpkY5JJJCLYl3BSHKcoA3gSSSShXY9JJJQESSSShBDlFGA3ZCSyfVQmTjmMJOWg5QTRQuOSXt/5ThHSHKhMkcw1EA8jvEb6HlBbPvpnp3Bp9QrIEYSeGnn/JWFGW0pp7ZbawOD2gZ9Qs9WfD6GaUyU7g1p3BatrJEz+gfohhkrN4zn2JUGxvlHo8zfTdW9PSuEbhVQDhrvRGouqqSof4NwYYJOC17cb+xXort/8AtFOMHbOMqquXStkugd4lMwOd3ARDVdnsqaZsU4EtFUtcOwDsqbDWSU/lnBwO4VHU/Dm4UQNRYbm5kgOfDcTgoBu99s38rqC2mRjeXxb7eqhe5Gyp7jBJgRztdnsSpXjgchZC3XPpe7YdT1Zgl7NLgHD7hWTnXWkAe1zKuDtjnCsrBoGTt/VFB1ArMx32m1iOoLoJPR3Csoa6RzdUcgkb7KAtFi5uc5Oyb8pSn/hgE+6A25RtOJQd+6MJIngOjkzlQB/acbTyxO8sjXN9CdwiiRjPqO5TXAnjKa6Mu7KxZIY4O4RAAMg7e6gNdJEQWlHNWMAOG6BrJQSSNr9iOdlDmtMThqYd1LbO1xAHdGByhI20UrqW4U7h4QyB6p4udXAMVFIXY7sCuSB6obow7YjKgO5MgUt+t05DfF0PP4XbKfDLHMNTHAj7qHV2ihqG4dC0H1A3QY7GwHLKqVv2KhJRS6LfQTwnNVNI3qClwykkZI0cF3KGzqSrp/LcrVM0j6nxtyFBbjgvXZyMFJ2dt1WQ9SWmU48fQT2dspsdbBM0OieHA8FGAFyUslIAngLmRnGVCwi6HuHdNSV7ORe1hPFyckLrZiNgEEHPZP0o8pAYCllPMP5kMZz/AFAIE1ht8u4jiaTzoT3NSa4x8BH/AIAy0Qf9nnxPBpbhNGB2ymvp+paSXMNS2VnurQVDhuQnCrwMYU5B3yfDK9ldd4gBV0Pi+8ad/FYCQZ6WVuPUKybOxwznHsmkxO7B35JZRF/9zzgSFrGk89kD+FBxLqWrww741cKYbRSVDy4s0k+ib/BBAddPVPjPsVCEUuu1GNAj8Vo790orwGnTVQPjPc4UjwLhTkuZUGX/AAuTXzTN3q7c5/8AygFXlkDRV9FMPLUN3R2Oa/6XAj2VU+G0VB1vidG7uMYwuttjy4SUddowNt87fZTLKyXIyAThN1Z2wqZsnUFLMdTWTs7e6f8Axx7BieglY4cjCm5lSjktASDkFPzx7KBDerdK3Lpiw9w4KWyop3gPZMwg8eZUAShI4DbKWvG5aCuCRvou5H9BWiM2gCBcLJY7pn5qz0xJOc6BlVE/w8sL8OpZ6qkeODFJgfotKuhvfKZ8hDFv6Q6poHuFo6hdURjdsdQ8kIYuPVVCPDulhfO7+qEbH3W5AxwU0yygY1n80fzFPgw7OqrfktraGrp3jkOjVhDc7XUNbJS3Fm/bOCFfS0VFVO1VFLG4nYnSq+o6UsE+7acAnnAwq+TJBsFXKwh8c+QfflTG19VnLiqr/ZCOHJpq+dvcAu4+yG61X6nP8us8Qdg4qfIAaBl0qB5SCVIbcYsASgLLg32DHiQBw74Kc65SRtBnp3KfKA1no0+bRVf9ppY5fu0FUN6+Gvw3vpL6zpqk8Q8uawDKDBe6cEamlqmw3ekkGA/c+6bHVWQ/FlOvPbMPeP7MnwovQPg0MtISPwPysHev7FsE2qXprq8NH/c1EIH6EFe+09ZG5xa137qQZSCDzlNr8lqK3mMiKM4v7WfH1+/se/E6gcZLfLQVsY7+LoP7rA3/AOBfxVsRDqno2pmjBwXwfzAPuAv0DbUFuNlJZVANGQt9PntTDhvIzdPH3H5g3Gx3G3PLK+2yw6Dg6maSCojYhy1zgR3yv1Eq46CtiNPX0FPVRu7SsDsfbKx90+C3wovmp9f0RbvEf/xIm+G4fmFvp+oZp/cUptn52vkroseFVOb7ZT4rtdYN/mQ72K+1b5/ZE+Fdzy63S3S1yHvFUl7R/wCErAXj+w9eGB0vTXXFPVtJ8rKmENdj7tO/6Lq0+fhL85Fbj5xZ1RdI8B8URx6BSB1cxgBqqdzweQ1vC9Kvn9kz4xWcl9PaqO4xjg09UNR/8LsFYW8fDX4gdP5F36JukGn6j4Djj9l0q/MVWfjIZCzBHpusLbkgMlZ7EK0peqKU7iuIH2WPkjpSAZcN29EM0tLLjwnrbDXws9muF0o9M9JpOqIMgfxJ32yVbQdRl4wytLvzXkjaDAwHO/VCNPdKeTNPUvA7HJTf5MX0aI6uxdM90i6irNDWhwIHcqezqKsAH0leDQ3fqGkxioc4ehJU+Hru+U7R4zGAeqn8hPo11a6S/M9xp+pGucBO0+6sYr/bnbPeWfdeI0/xOiYGirpt+7mrRWnr6wV50SEggdwp8yOhVq4TPV4bhbpD5K2L7ZUyMslblkgI9l5rBdLDVv0R1TWO7bqxhqHMP+6VhJA28xVxsXs1xui+jebjcu2TydsrF091vMf0uZIP8SsabqWZmG1tOWj+pu+6bvizQnkv3SHOC1d8Qf8AylVkV5op3aBLg++yL8wwvwHIk8hRwyZqBOMLohjfu9uUJriMHCcKgjbSoMwghpmD6HOb9ih4qQcCTYcIgqMn6U8OaRnCVKW0ppMjGSuacCPxGpktVHEMVNC87ctaCpzHAbBKQAkFUrWhEqFIzc9s6DrmmKoip4JHbkF3h5KY3oWKEiazXispgd2llQXMI9MHOQrmtsdpuDNNVQQvd2cW7hVbekIaLM9or6unlznHiZYfbCJXtiJaSC7GOsHVFJl0N0gqh/TJyoj6m802WXKxNlYdswvD8++BwpjpurKAHyRVbG92buH3CC7q9scebjbpqd42LnMwCnwvMluiUuuCvkksdWzz2+SFw2cHxYwo5tVteA6IRuaeAOVf0nUFjuOBHLEXHs7CJPYrFUjxY4pIpT3Y7AP5LZDVSic67x8m+GmYis6HoqqTxHAewWdq+hKmmnJo2SNYfVuy9NmsdVHgRVh09g4ZQCLrTExOja9o785T69fzyzl6rwldjy44/wAHlD7fdaSQxua849CUSl6graN3hyRasbYcF6ROMuzNbQSe6pa/p+mrA5xpw0+w3T3qVM5dvhHDmtso4+obZV/ybrao3Mf+NjcOCj1PSvSl4efkZ3QSHgOOAptZZJYGta2j1NHtuq1v8CEnh13jUpBw5zjsFojesHOs8Y4cWIqrh0D1DQF0lCWVkQ3xG7UQFRVtNeLe0SV9tmjYds6SvU6KmdBF4ljvrJWEZa0uzkeilg3zQRX0UNXE4fS4ArRDUuP5GK3xkZ/gjxltSyYAscGn0UmGsqGDQJDj7r0ms6e6NvMuLjZ5KCcfU9jjGD/5dv2VJL8JZaqR7+nb6yZm+hkrTt7ZGVpqvhLs5l/jraeUinpeoKqBobK3xG+hVvBcLFc2hlQ8QSHs4LNXPprrGwZNytMhjBx4jRqjP2d3VeyqoZDoqpHQS9w4J6uivxZyrFODxOH/AHNZX9MSBxmpnBzMZBHBCopoHMJY9uCNin09yvlsxJb6wTQjfQ46grSk6u6euAFPeqYUk521gbErVVqnB/ccjWaCNudvszske/G6bFK6A5A/daSt6bdKz5u1zx1ETtwGndUFTSyQu0yxlp9wuhDUxs6PG6/w2yW1INTXTcCU8q2gqqeYDS8ArNOYPRPp5jCdk/bxk8/qdFOo1Qa07tKLw0qlpboI8CU5BVjHXRPHlPKBo58o7ew/iOadjwitrCBuEEH07ruM+yDaJwsk+CqjOATglOkcyQbEFQNQbklNbUaTjCspr9EW42wsJqaUe5aP9Ea3XeRgbBUBxI4UuGuiBw/ugTUkNQCQdJzkEKFNF1T1okA0kHKmxz5O+FRUNLLE8Fx2Vm1rhuoLlFIsPF7ELrmNc3chQfFI7IjarB3CgvDHGJzXZA/dIVL27aUdkrHDhd8FhGcBQEdDVk4BUkTB5AzhQHwkYwMLoc9mM7qEyWIkOPqSyPVQm1WeQjCQEZygKCpgb6bZXE/I9UMo7iGL6/8AhjZut6Lw3MZTVTd2zNZufY+oXzJ1x8Pbz0VVmKshLoCSGSt3af8AovtDWFCudrtt3p3UlwhEkbxhzSNiFkt0+7o63jvL3aF7XzH9Hwkxo5wuSeXhe3/Ez4F1FA6W59NMaYANXhY2XiVVDNBKYqiNzHsJa5p2wVzbdNKL6Pe6LX1a2O+t/wDT2KGpkYRg4CsIqjxAMkZKrMYGcJ0EhDsLBZWdmq9w76LcEEgg8osD8OByoULwe6Iw7hJlBs6ldinHMWaCiqyzG+y01HNqY1w3BCwtPPpxnK0tnqyQGZzhLOvotRj7WaWJx2IKmMdtyoEZbjY8ozDg8qHoITTRNyPUJ6itztlGb9IUHCAx3XUklCZH5HqlkeqDkg7uKQdk4yoC5YHrhAwupHhQoEeUJ/CMeUF/ChGRZ2jlRJQcKdIDlRntUM9kclfI0gqFMwuCtJmgDOOFDmaM7IGsmG2OeCqmiI3wu0VV4EgzsFKljDhwoE8encDhInAzbpVPKNTQVzahuxyVOzlYu21skE+ppxjlaSGuEgCyyhk9J4/Xq2GJMluG4wcLR9NXiaGUUkz8sPGVlg4EkkohnLCHMJBWWdeDt6fVyraaZ6j4mvsqi+0Aq6N2Bl7fMFA6e6gbUMbS1L/ONmu9VeuIfss0opHf+WOogpRMd07cX2yt+Xkzocf0W8OmeLI3DhkLC3yi+UqnTNGGv3B9FoOmLoK6l8BzvPGMIMFRbi+SPUNlo60SgEDO601HWMkiaSQcjdV9ZA15wRnIUO2TOjqTRvPclu/ZVg0RkW1XEQ4SMCh09S+kuImcMMlIafurFjsjBHsq26wuEYlaNgd0Iaf6La7jw/CroO3OPRFiqDPE15OcqLaKtlzt7qZ+72DCjUEjqWofSSHg4H2UH1st4XeblSpHNfAWHBzwq5rxnIUmJxIBQGmM8I5TuMJ8N3KPOxskYCjVGRM2YDYIscokAIHKhM7uzE3qk8GocQNt1TRyeHLkHgrZ3uk8WSRoG6wtZG6nnIJxvhFF4ODqYuu031kuHzFKwHdzfKSraVzmw6xysN05XmOQRk7O2P3W0EviU4BPGyd2aqbHKJXhxFcCeCu3Yh2JecDCbVHw3hwCbI/xadwI3T6uGSbynEynVMQltpdjdpys/bZmSW91JI3IIII9Fta2mjqIHQvGQQvPqWVkF0noycf0/kuzo5qDTPEeZh8c3JdMztbTupauSIjAByPsuwSOByCp/U1NIJmTj6SMKrjbgZXrdJZugmfCvNaaVGqnF/5NdQVAdA3jKPKdTcqntkuIGnPCuWSaomvAz7Lcnk89NYB0r/CqQ8rRMcXNDieVmJCS8vG2eFoabL6WNzjvhBYeh8ZPdDAC/N10JaBk5WLtcr6a4FjTsTwt5VRB7dBGQVgq+MwXIhp0lrs/us50ZPbJSNJXOD4dRbuocLy+ENcpUcrail1EcBRINOcHYApE3g1wnnkbC/FQYiMDHKODpKiTOEdST6o5dgN91RtrCzHUATzhQ3O05KO85aobtyfuq7G9kWd+H8cldY/PblDqiPXlNjfgjPZBgCTwHk+k/Yqrqd1ZuI0H7FVlSFPRnt5RFbIWnKFM7WUnHSUIkOeXeqjwYZT2sr7oMBp9VCZwp1z80bfYqCw4CVMzgpeyGizDGEJIwWo5CNR4+UBqPHyrQMiY3hdXG8Lq0wFsc1dXGrqahIx5whnCUudsIWopFnJZx2M7cLuHO3SZ9QRcDGcICARyjQRmWQNxkA7oYfk8Kys8XiVQPokaiW2GTToqndqIwRuLBbtHghjMYAJWyiOAGgYws/YuWn0C0IBBBwvNauzLyfVtDWoQUV6JLDjCO3BHKjMOwCdkrmxW6R2ILEcEokaSMhUFxqhNJ4MZ2B/VWVTUMhjLnHjgeqpIWiataRwTldrQU7p5OD5rW/BVJJl5b6dtNTNBxqd5iVIc7XyOEE4ZgDKLTt8WUR+q9tpqtskz4R5nXS1Fz3FtaWmGJ9UdtWw+y0/S1EKqqFXM3v5fRZ14DoBTs9AFvbNSi12djiPMG5XQeEeWsfLX7IHWFzNLF8rE7L5NgAp3QloEUAq5med2+Ss3QxzdSX8yOaTGx2PbZel0kEdNG2KIYACsyz+3gnnhNXWfSEtPulrgzzWWNccAplKwyT6jsAuSAucAFLpotAyRuUM3gEltbhdCYN07UByUrdkA5UTCmiMmVli99wuJc4nDjz7I96rpamoFLE44HOFbWW1MZD4j25efVFFELOz0bKdmtrcA7BHnmzKYvRGOmKHHAA/dRIxrlEpGwQkJELCw6iMFSQcpgx6Ic1S2BpJPZQAiXSqIe2njdjO7iFIoImxxeJpwFV0kMlXVmR/05yp9dWNgpsN2AULIV/vIo4XMY7fGVj6anEjpLjVnOSSAVKnlkutWXg4a3nKDX4bEKSN3mccYHZNgNi8FdG5tTWSXCfAgpgQ0HjI7rzXqC5y9Y9Sto4Q40tOcO0nYlX3xEvwtdvZZaI5qJhpw075KjdL2WOzWpjpG/wC8TfzJCfdPbWDdT/px345Za01NBb2MhiYNhgdlG6z6ypehunJ6mWNrq+oIjha44w7B2CsPFo7dbpeobz/Lo4MYdnnOf/T9V8rfEXryv646imrKnV8nG5zYIidmt9v0Cx3ywzp+L8fLXWqUvxi+TPXC4117rZK6vndLLI4uLnFC8MAjdcbsNm7I8bc7lYJzbZ7dJRW2PQmRnGU44aDvlJztLcKI6Q5OCVM/oYstnJ5MuwAhN8ycRnlHjj422RDW1FChg4JG6lO0gDB4TQWtYQosk490uc1Er8jlTMQdIHZQJHEhGklzthA7FY7Z7hsY4BHJK7pJ7p2k54RGtORss/YzKQNsJznCK2MDfCIG98LuCooZ5Acxmhq7gLqSNQSBbyJJcyEiRhF0Elk7q90sj1QnZJIBwuZI7kqN4D2BlwkY5CC5xdsNkJ+oY8xS/kJsDl3oUtXug7+pSJx6/qg3/wBgtgbV7pas90DPt+6WsqpNvooNkeoTX4I5GULJ9Usn1U7IdLjuAkCcri6Bnuo3ggTILdzuhHlJJQgkhykkoQKCNGMpgJ3CakqayQ5rciaj/wDKULT7p+n3U2fog/5l39KQqTncJmlL6VbTXKJgO2sPopEdU5wCgkZTi0nuhVsl2Xhlm2fUM5CMx57hU4Lhw5djqpwd35To25DjY4mgZUEc9kdsod+aooqwj6ipMVW0nGVeUaI6lLst2uzjdGae2VXxSBwyCVKY7BBKrKRpruXZMyERn2QGuGMrrJCDjHKmDXCxMkLoHdMbuUcacbq0x6eRALq7p913QVA8j4+6emR75RRHgg4UCSyDDSeyOwHK6GjZG0t9FFyaYLCOBgxuN13Q30XUlYZzQ30TAw53RQO6eAMKEB+G30TPDzyUfRnddEQI2CoJRyQzGM5KrrrZKe4xHADJRuHAf5q6dEc7DKa6IkbKCr6I2RcZI80rKKooZnQzsILTzjYoGML0WstsVbGWSjBxsVi7taZ7a/cam55UPOanRTqjuiitSSSVYOQ5NiSSSVBJtoSSSSheRJJJKEyJJJJNIPSCSSGUtrK6J1trXUVXHOD9J39wvSIZY6qmZPGfK9oK8sGy23Rlf49O+ie4lzN2/ZbKLDleQqz96LhwweVxGezB2CYtaeTjgUk9JWGCSG6ckd1EMaLmzzHw/DVmT2IVDZHkVgZ2ctE8aTsOU6Mco5l2d5GIHohlu/CkkYQ8BECgWj2TNHspGAmYCKMcjcAdOVqeg7h8pWSUZfhk42Hus54ZCkW97qavgqAcBrxlFHhidRFShhHrTe66mQvEkTJRw9oKetCOK1h4EkkkrKEkkkoQSSSShBqSSShBJJLh4UINSTTyuKEEhIhcAcEoWQoEKRDad0pNkxnKmMDAr3EtOSq+f6lPk+j8lXy/UVCEd/CA87o7zlR38qBsTvpP2XmvXT/Gu8e4y2ML0iWTw2l2OAvKL7UfN3qeQE4GwWPUPK2nU8eszySLQCG7rQs4/IKktjQGhXbvpb9kEDVZLLwdSSSTDNLsSSSShQkkklCCRIYH1ErGMGTn1TBsrCwUwqrtExxIaMuRRWQZvEWzawtZHTxMiGzWgH74RWHJwk4NGw7JLTBcHKk8vJLiOQClNuMAoUZOQlOdkx8IBESpcQNRdwvJ+p6tlXdZHR8M8q9Mu04pqV8530jheQVcgmqpZRw5xKz29nV0EcPcMT0xPSGdfsMw5yt50PNI6mkY45xwsGwYytd0JJL8y9gd5TyFIdmHWrFZvWHLURIAAYCYRlaDhegpCz17j5eVfkgNOSqi4eFPTva05LfRUg6s5Mw7cZQ0R53OyGl9m6KbGJJJKBOOBJJJKAn1TZesKapiayodj0OVevjiqmBwIc0jIIXjcDywhzStVZuq5KbRFNq0DbIK/JLjg/oO1k1lRTOpzqgZn81ymr36/Dn27AqTT11NWMHhPacjKjVVBI7LmY37IS1wWLXDGR3T1Qw1s1I7w5QcBWtLWRVAwHbqEJZGVEqqWOoYWPaDlS0i3PKMhjLv01rYXQgFZCejq6CUnS5uDyF62WAgg91U3Oxw1cDtDfNyopEMTQ3QSnwpwM+6lzUsVUwhhGVXXG1T0kztLSNO6h09znpJcuLk0gWekq7e/wARrjjPIV/YurHxHwaskt4wT/ko1PXU9yZ4Ugbkj9VDr7G4gvgOMbhQh6LS3GGoYJGkYd+yl4Dxsdl5Pab9WWqoLJC6RmcFpK9DsnUVJXRtLvLtweVCFo+myOMqHPRem2VbjRK3VG4OCjzjSRkIQjNVlLhxZLGCPVUFZbHxPMkG7eVvJII5G6XNBVNX217CXRg+v3VBKWTLQ1tRSu3JGFp7H1SWu0VDy5n3VLVU8cvle3BVVUUtRSkPgcXD25VlSjk9VEtvusBZqB1D8wqKrtlztBM1M/xoufLyAsna+op6N4EhcN+VubVfYq2MNMrTkYKoVtwMt94oa+MMdI0PGzmu9UWotzZPNBjfdR6/punmD6uh8j+SG8ZVVRXyqtlR8tV5xwC5WL5yTaugkjb5ws/XW3l2D91u4Z6euh1Na05HCg1NtYAcAAeqIZGWFyeeVNC5pPlVfNDoP0rc19saMkN7KjqLW4n6cYR5wEZp8WOyBpe0q5qqLR27eqrnxEHBCmUQGJCMA7q+sXWd1shDad+qMfhyqJzCh6SO6FxTKaTPeemetbRf49LpmwVAAzG5wytM2RzDqb/81fMAmmp3eJTyGOTs4chbjpb4o3O0hlPcwaqnG2onLx+ay2VL0InH9HssjbZUksrGCNx4c0bqkuPT9ZSSF9OzxYj5g4cYUmz3yy9VQa6GZurGcH6sqyE9bb/IMvjH4SchI2YAUnEy8FZNA8AO0kHcLQ0F6wB47tsJ1TR2u7j6BBN6jZUVZZrnbSXs/nRjjG6RKOSmt5s6e5RTtBiRZCZMEbLDWy7uilGHaSNi0rU0l5ilLQ4Df0VOOCpQwTvEljILDhTaStBcGSHHuoOtjxkcLjmB4znhAIlDcaFjg5uRvlcbn1VFFW1NKcA6h6FWlNWsqGB2QCeygh1EtJcByuqC2muxyemJ6gQkkklCD0kkkYkSSSSpkYkkkkIthUkklBYkkklCD0kklCCSSSUIJJJJQgkkklCCyUslJJQg5LACSShBHcYK4GNHAXUlCxNbjhNc1jzlzGkjjIyiNS0+6hNxnLv0J09eZHS1dHoe7cuiOgk+qoD0n1d009z+nL8+qg/DTVXm29Mr0NNczV3Rk+Rnmz+qamFxi606WkpWfT8wwZaT+mysrf8AwC7sElivzoT2bryFsXRgndoP3VLceh+mbm4zVFrijmJyZYhod+yvAUZ57IE1P1PRZLYo6yEfiaN/zQ47u+IhtTTyQO4KK7prqi0R6+n+oH1EbOKarGQB7OTZb3PTNDOp+nZGsOxqKceIzPv6KBNxYSPqAMIInyFYU/UlM4AOjJ98qFFR9J3dgNBVNbIeGA7j/wAJ3UaXpqujd/KLXs7EKgTRMrKSZocx437KRHCx4zkELDv+do36JWvbjupVNd6qnIcx5/VQhr3wAD+WMFAPz0Z3aS1VEHUcwdiRwCtaa9xyAaiCrRTiEFSWgeMCCUaKqhJwHcpMraSU4IG6J8nRTjLos59CoLEXh42x+q7H3QjaGNOYaiRo7DKE6luEZIY5r2+5wrKyTsgfiQXHXnUMgqLqrWH+ZT/nlE+abHgSsOSq4I2jklstsu8lI0n7BQpenKXVmlqaiAchodsFYMrIHnGrCK1wdwqAKL5HqC3vMlDXiRo/DKcgp4v94iyy4WcuePxQDYq+Y0HOQmvYTjkqEK2HqegczMwdE7u1wwQrCK40czA9lQw590J9BS1LSyop2PDu5G/6qvl6eoMYYHNPqCoVtRdtla/dpB+xT3PHqs1LZK6mIlt1e/UPwvOxXPE6kgxlsDx7o2s8l/GmaTxt8YT2z4x5Vm29RyxgMq6GQOHdo2KkxdRUEo5LD/iUFypyXr5GYGAusDX7at1Ww1sEwyyVpz7oviObu1wTQfiLAwZO3Cb4LwMgqF83UDhxT21lQOTlQnxEnTUg7SJ4nqGD+cBj7oQq8fUERtfT5GVXfQDhjoI2si1YdlpR46uBwLfE5QBPRSAAtGU0w0rz5QRlToVKDZIEVK/JIac57Lot0Hb9lGNO4Dyv4Q9NcDsf3VNpC3Bkh8E8e8by4ei5rkO0kId+SG2tqIxokYchdNxDT/MjOD3U3IsT6Shl/vKEE+obhRpbNRyD+Ux0asGVFO8ZDgnB8bhspkop/wCEXFmPlrjsN/OU4HqGAjD45mjkK2EQdwuiN3YFWA+Csbcrgw/z6F+PUBHbeYWnErXMI7cqeAe6C6GB+0kIIVlI5HdaSbZr0cSNeMgghRZLZbnjLWEfZRzaBxDVysHYE5UbeCpLJaYYeAmeCAdsFVot9xhdqhq9YHIcuma7xnPhtePZBvwUWXhEb4TSDgqCy51LCBPSyD7BShXxcOBB+yNS3IsRcQeMpj4IJSTJCCT6opqKcYOVz5indw/CFt5KIT7XROOfCaPyUWTp+nc8uZJpz2Vq8xO4kA/NItbjyP8AzRKWUQopbPVAaInnA3BB5Uf5e+Ux/E4f8y0Wit/4Tsj7JNqKuM4maMfZTdhkKAVlyi/vo3DHupEN+0ACVjiR2VqamB394P2XDBbpjw0fkr+QmMkaO+U0jQ4uwe4JUqK500gDWyDP3UeTp6ikJeyQDPbCiSdNF28Mm6v5CtqLoTh+7SCD7pzZuMNCzctqusB/k1Bx90OKovlJIQ+Bz8I4zyCasVHbCI17HnLmtP3GVkz1M2HAqWPjPBBarCC/W+ZjS+pawn1KbG6UPxYMo56D3jpLo6/6m3fpe11QePNrhCwl2/syfBO7Fx/2SbSF3/yJO+LH2wVvG3KmONMwcfZHjm1DJOxT4a22HTDinE8AuP8AYr6RdMZbL1jd6Ts1kmmVo+42ysheP7G/WdEHyWXqu2V2D5Wz5hcfy3wvrAuPIPCa2bO2Frr8vqYPsL5JR6Z8M3n+z38X7Nq1dJ/O6e9HO2XP2A3/AGWQrukuobTK6G+dL3OlAHmMlG/b9l+i5eBuey783tpwV0KvN3L8h0NTJfkfmsaK0SHT5c+hahDpimleZKeokhJ3Gg4X6G3zoHorqXJvvS1rrdXLpKcF36rFXn+zN8Jrpkx2iooSePlKhzMfbOVth5qLf3MdHVxj2fFkdiulN/NpK10jx2cptPd+q7fglwfj2X0rcf7IkLpPE6b66qqZnaOqjD2j9CFlK/8As1/FO2F5oai23UD6SyQREj3ytlXl4z9m2nWwfTPII+tuoYf7+AnHpsr20/Ey3nTDdD4LuPPt+6tb30Z8Qumm/wDvr4f1r2DP8yKETN/Vv/osRcKS03JxFwt0lO/hzZI9Jafsta8jD0zXHWy/Z61ZLnZbzoLHxkHggq8NFE1obGS33yvnE9Mtpnl1nufgjOW6SQQVeW2/9f2Rvhsu/wA1GdtMuTsta1cu0zZVq/TR7jBHXwuJE4kZ/Q4cfmumrqIzmop8N9Wrzah+L13pGBt3srXsaN5INj+i0du+LHSdcGtqJJYC7Y62cJq1Un2a4aqD7ZqRc6Ru8jnAFSop4pWB0czCD77quguNgupDKOqhna4ZGCMqe2229rMshI27FEtRGT5Hqal0SIiS4YOcorpXt/BlRImSUz/5byW9g7spTKjV9bMo3bHHAw42oBPmGE4zDI8N4907TRTAZaQ70ThRU43GUKmgVhHWO2zsPsh1FFS1jdNRC149xlG+VA2b/mnOoqkNwDj3BU+Vrov7f0UFd0ZY6loxSmF3Z0flIVRJ0RWROcaS+1AZ2EjicLUS0FyY7XBXH/keMhC13enOZKXx/QR8oo6mxdiZ6eub6wZhw6yoNLDHHVNbs1x5wiRdRP0GO5Wyqp5W7Ehmx+y0D79TxBor6Sqp8bHMZOEX5uy1hBbVslP/AMvqmLUfsS9I4/iyiNZbKlgdHWEnu1+xC4yGNrg5jmuB4IKtajp20VbzL4Ayf6ds/ooI6WodWPnKmMHgB3C116iEvZms0016Bv0NwDGD+Sra/py0XJp8eijBfydKuHdO1ZAbT3NpA4L2qA+29UU85bKaWoiHGg7laFel0zNZp+MThky9R8NaMSeLa7hLRn0Hmb+mVAbaOvLI53yU5rI2cB51Bw+x4W3lqamiP+9W+oDT+JjchOiucLm5DiAex2RrVP2c27xtM+V9rMRB17WUcvy3UnS0obw9wh/6q6tVd8P77g0VwNvqO3iO8M/bHH+SvKiG2XOLw6gRvB9SFm6/4X2eqc6ajDopDuCCmx1MZfk8HOs8ddD/AG8SRojTdT26JzKRkNxoXD6cA5H37qoudl6O6la6HqSzGjndxJu0NPuQR7KiPTvW/STCKCrkFOOG41x4/wCXsrSj63aGtp+oLeHtIwZGnf8ATCbDV7OmYbND8ixdHDKKv+CcsWqp6R6ha5h3bDVSZ2WRudjv9E0t6wselxOPmIXeI0+/C9tpILNXxiew13hPO/hl2RlELbwyEx1tJFXQnZzSOFsr10k/uOXqPp+q7GxYPn6moqmmeJ+n7trxv4Tv8lZnqVrg2m6ktBjdx4o3/wBF6dcujeh7tM+dgNBXv31xN8Mgj1Hf9VSV/wAPKwU2IquCtB58c6Tj/m3z+i6NOvgvZ57X/T1tP+2s4MVPZKStZ49qqWPB30k7qmqaOopHaZoy33V3c+kbxaZfEp6aphcN8MGWH7YQW3KZjfAusAdjkkbrpU6/PZ4/X+FcnunDBS5BIUqCcsALcZ+6kT0VLVDXRyBpP4SVXyU9RSuOtpx6roRv3HktX4TEm0iziucocGnj1VpT1VPM0efBWXbUYOHuRWTGMgtKZuR5/VeOlU/tRpnjP0nIQZGuaM4VbDdaiPTn6e6s6W40k7Q12Afuryc91Tg/uRCkmLX5wiRV+k4ceFNqbYKgB1MOVS1dLPRvIlYcDgqm8AqKkaWgucDgA47q1hmjlA0HK8/gqS1w0jhX1vuxBaXHI42QgyqwagQhzSR2UV8UgOpozunxVYd/6IzZByFYhrAFk0jCA5uFMiquNWEGRgPZBkgJGWuwVAGsloJGyAHCe6FrgFSH52n8wOW+ykU9zLiGyA5UF7CaYsHhM1PaeOPdEFU1/HdP8jhsMKETwNEpPIRA7PdDMffCZhyhMZD6vdcBOUEZyn5GMZUJgJIdYAzwvN+v/gvaOsY31luYKe47uJHDz9l6EAR3Tw4A8lKsrVnZo0+os0099fZ8U9U9H3npKukobpTvYWOwCRsQqMMPbdfcHUHTdi6no/krtRRytAIDnjJH5r5u+JHwdu/Skj7jQMFTb3uJDoznwx7rDfo4ro9x43zsLkqr3iZ5rE8tIyVIjl1bEKK9hzjuOyc3LeRlcu2jHB6Oq918oniQ42VvbKzQGkn2Kz0cu+kqbTSuaRgrn2VNHY02q4yeg0VV4kTQTuFYMI+oHlZW01YdHhx3C0MDg5jXA8pZ6rSX/JFFnCUTP7KPEQNiUZvqCjjFezpKawFznYJmn3XcYTVfRTeQTyQuRyEnGEpCmMkGrjhT2WWDDloKY/6SmseMAJqmAsjTyuJJKywMgBQXI70ByEz2EeVgxlV0jcEnKspBkKJMw8AIBFqIEgUKYasqylaTuRyoUjTk7clA1kw3Fa9zoXAtCsKGuLiGnGyjTRhw4URuYnZx+6XOBnrslTNSia2GcOaDqCe6THKz1FXkHS4q0jqQ5o2WadZ6XTaxWxyiZBPJDKJY3YIW6s18iroWRuOJWjBB7rAMeCDspdJXPpJRLEdwsllaO5odZ8Uuzd3ambWUjm4GoDIWXsla+2XARuzku0uC0NDcXVVOx7gMkbqj6hojFMKuIYB32WZxwdid2Y70bfxvEaDj3VVXQFrxURkhwPITbBXtrqJoLgXsGkqZJGHjBGUrBqqnGcFJEu2VhqoMvx4jNnKSSJGljhkHZZ6hldQV5Y44Y/ZaJhGc9kJohLcU1DK+03YsccMedvsrC9QlkjK6Lg8oV6gD4Wzsb5o98+ynU8sVztzQ0csx+agxPDOU83jUzZBw9WER8ocDnCoLVMWeJQv2LCSPsrelmHhGF3JKEdCeSVI4Pjc3G+EKllx/LPZIO04CBl0U3jEbKDU8DrhG4S+J2cFieo6JzJDM0bFbyZ7Z6dzi3jhUFyp21UD2Fu+FF2YdbXvi5IytnmMcvOMLd26bx4Oc4XnYJp53MxjBWp6ZrX6tL3ZGMJq6MOls52Mubg3+TqHKjtfqpi7CnVjdcWlVjSWgs7BNXZotWGCduvN+qKd1Fd/mmM0b5K9GklDXcLF9fUkz4vHYMgjK36aTTyzyvnobtO5x7RUXYGttzZoiDjchZ5pGnlXVirI6ilMDh+HBCop2iOokY07Ales0Nn2JHx36h0/yyWofbXJb255EAOcq6oZtdOGnGyz1slx/JKtbe/Mvh55XXg8nh7Y4kT5GdwrG0ve6Etc7Ok7KvkOlxbhFt1R4c2k7NdsjlFs3eNu2zwXZCw/U0ZgqHzD1W28UOWc6opRLE6QN5SJLB3LXug8Eez1Lail0g7kZXTqZIW98qr6alMTnxOO3ZXNTpBa5ZrU2O0s90FkiVgIPjjsnxzl4aMLtVh9O71UamOoBpO4QdnRgTHEaT9lDO+UZxIyMoJ5UQwh1YO26E1SKsjCiNk3whBmwzSfXhCqGjw8+6O1owcKPMPIceqrJmnPKwU1Q4h33ygNkJOMeqPUbHfsomrBUxk51ssM5XgeCPuqkHDla1Z1xBVXDkufYClkfKcgICNJwEFKnhJDYj1Jp+VGUiDlCgJEocLq4OF1aYCJdhGrhOUlxHKWEAMPCAWEkqQmkDCCSyXgEz6gjAjCC5pycDZJpPqlFf2C6d8rR9N0jHR+KRk53ys5Fl0zYgPqW2t0Qp4I4w3fbKwa2zEDv+Ho/1VYbCyU7BGHBuDwrhzRgEHhQrdH4dO3t3Ux2eMrzF0tzwfSdGvs5OAnVjOyIThqEzlOc/SxBXHnBsnPYskKvkDjg/kn2uCONhlcMvPr2UOYl84JOd1Pp26WDthet8Xp8JM+bfVXklGDSJLzqcFMoxpkEh7KDHyVNiOBgHdeprjg+O6qfyS3Gl6ZpRcLkHvZlsW5Wl6puYpaT5GB2HyDAA5wg9L0QoLeJXMHiSeYkqJSab/1NrDNbKfyagNs8opnJnP7/APBoujrO2ho2zSN/mPGSStM0HIUSGMswPTsprTnGyieTLZLdLIQcBI7pDhdVixMYXPA53U0AAABChb+IhFSJPBWR6iXCrjpYi97gNtvdSidlmK+Z1dWljDlrDpVJZLDWmkdV1RqHNzqOfyWxpoA1gaBjAVbZ6NsMLTjdWkjxEwDG/dM6AAVchMjYWbk8qREwMaBp3UahiJkdO/ck7eynkDGAUsg3IAJJVRcKlsjvAYck+il19UynhfvuqqhhLz8xJnJOQrAJ9M8QwgadJ7lZ3qC4STTfLwu2A3wrW6VjKemeB9R2CoKeF5HiybudvvyoMhj2PgYKWlLnfURkrPdQ3qGw0EtylOZNwwOPdaKqeyKFz3nDGjJJ7BeP3aum6/6g+QpwW26id/NLh5X45P2Ro10VbnmXQ3pq3VF2qJeqbwwvkmefBa45AHqFqaWGW41LYQ3FONpHD19EBkckszKKB+dbsZBzt6rO/GTrSn6K6dbZbe8NrKsA7HcDjUfXO/6KpywjcqpXzjXDlt4/6Hn3x6+JEVwuP+x9kkHyNG0Nn0nZ8m+V49GC/twk5ut2o8lGYABgDCwWTcme802lho6VXD/qJrAOyecAJzBnAKHIUvoalkY9xOVFLck5d+yKZM5GEms8wICBy2miKwsjWtOobKWNIbymhoA4QHd1JTwC/uHSP2OHBQnk6iE4k55K4s85bh8Y4BYK6Ac8Imn2S0+yS4ZYT6Gho9EQABdIwnhzR3RKsW28jdI9EsNTiMAqOSc8q2sFLkISMcoZ5SyfVDLXHshGRiIOJSOTsSnpKDkhq4eE/IXCRhDLksCeVxPJGVzIQEGafdLT7p+QlkKsEGafdN0FPXTpKmCHElzSuqyCPCQ3SXNPuhlHJDiS7od6JaHeiohxJNwVxQg9JJJQh0A5TwRhLy9kMk5RkC5CSGCcow4UIBAcOyWr2RTpwgnkpWEyCJykkugZ7ouEQ6HkIoeQgIqjbIGjrZc+U4wrCluB2EjsqpXGgt5OVTkwlJo1EFWx+DkbqwGkAZOCseypfFjBKn0d2IOJc4VqWTRXqMdmlBTweAq6nropsBrs5U2OTODjlMeGboahExp23KJgKOOEVqs0KbYQbIkedshDHKM05bwozTAIOEkklZqHroBykAcogA22UCEG98LoByngDC7pB7KshJZOAdyN05JLBQlnCAeUi0J67gq0XgjaR2G6i1VLHUN0yxhwPqrHThCMefdXkCcFKLiee3yxyUEhlhaTEd8eip16jU0jJ4zHI0OBWGvto/h1QSwHQ4qYPMeQ0Cp/1F0U6SI9unG3K4q2s5WU+hiSSSm1liSSSVEEkkkmkEkkklECNVx05XmjusWHYDzgqnHdOhdpeHehTqpbWJvgpwaPXXRNc3WNwd0FzcLlonjq7PBLE7OloDvVFfwulFNxyeanHa8Ec7Li67OTsuZPojwQEku6Hei4oiEm1jTWsctKfOMkLMUrtEjXD1WqjaPCafbK0wMuoWOQOCmKQdkwtJ7KzOnkEuafdF0O9EtDvRQIFgJzcDC5jCc0Z2VoqS3rDPSrBXx1dthczctGkqyzkLM9ISMFG+IHcHJWkaVpXRx7VibRw8pJJKxY5JNSUIOSPCakoQaeVxJJQgkkklCDFw8LpI4QCSSd9lCCJOdiuNJTU3T7q0EPATBynZTWfUEWMhjn/QPsVAn4/NT5MBgHsVAn4/NQhEcclCaiOIB3Qm7lUGRrpL4NHLLnhp/yXkwe6erlmP4iVuuvK98FAaeJxa5xxt6LC0LSXA4XPtlmeDtaODUNxoLbGQwZCsuwHooNJ5YRspbXeyKPQ2XYVJNSVihJLmQlkKEOpLmQlkKEyEAycLS9IUzNM1YR5mnQPb3WZjzK8RtG5W9tdG2ioY4gMEjU73KbDkx3zUVtJWTqRhwgDlSWcLRFHOxgcO6DPLkhG1BoJKhPOuUlSefRCk6uqfBtb2g7kYXlzhk59Vs+uq53jila44zkhZBqz2M7mlhtrTBpJJJTNgRq1/Qf/bH/AGWQatf0H/2x/wBlIdmXV/7bPQ0klzIWg4Yph5TvthYfp+8OrZKynld5vEcWraVzxHSyvPZjj+y8UsN4dTdTSRF+GSzHHtul2SxwbNJQ7cv9G3rW6ZCGgBRVNrC18zi3hQjygX7HQQkkLPql+SrcWFSQyupkAT6YvfRGxmtJaAP+G5ZB3i0kroZ2FrgcEHZexbeiqb505br1D/OZ4czd2yNG+ff1X5LZ/QLcYe23uekILDkDgZW2svUlLcgInu0SAfiPKwl2sFfaH/zY3GLPleBsVHpakxnU07jfZBKOA08nqtTQxVTd2j2KpZ6aaiflhcAFW2frGeEtgrRqZxla6OejuMOuItfnkeirASeCBQXQucIqh32KuWvDhtuqGstrWkyQ5BHZAirp6N4w53vlEWaJc8MhAprjFOASQHfplTwWuAwEABW1dupqtumWJpz3xusXfOmWwOL2MOOxC9DLACCEpIY5GFj42uHoUakQ8WdFLRS6mZGCrKkvJOmOQ49Vr7x0uXgyNiBz2wsZdLDJEcsaQR2RqWSE6a30lwZraAHf1N2KqZG1lqnzG9wAO2+yDQ3CpoJtDnHGcYKvqetprgzw5mNJx+qIhZdP9aFhEdUeO62lHcKO5N8jmk4XlVyszdJmpSQW7kBds/U09pe1kuctKhD1qSBoHlCjPj7EKstHV9HXNa10gyexWhbHBUs1ROac+6hCirLLBUAua0Nf7LM1tDNTvdFI0jHfGy3slO9nH7qLUwNlaWvjaQfUKF5R53LRtfy0HP7IEElXbZ3eGXNA432K09yskkTvEp8Obzj0VTJCHbPG4ULL+x9VxOY0TOw7ggnlXVbRWu9w5dG0OIODjdefvt5Hngbjuplv6guFtk0ynxGcYPZRguHsmPpLvZnkNc4xg5aR6K3tl6E4DJ9OeN1No62lu1KNwQ4cdwqO6WKaKUyU5IHIIS28A4waYRxysOGN49FS1lrYdWNlXUV2r6CQRzklvAytDSXCmrgGu06vVU5ZKMjX21rDjlU1VbQzzAL0aqt8EgOW/nhUlXao4zkDOUeWEmYOenMZxpUZ8Zxha6rt0RONA/VU1bbZYBrABae4RFlC+NwO4wnNAUp0YJ2CE6MgcK0kymgtBcqy2TCahqnxPBz5HYyvTul/i017WUN6j348Q8fmV5KWEHlEJGkgnlVKtPoW4H0xCKO4wNqqOQEOGoFpylFUVELvCf5m++6+erD1Ze+mpvEt9W8MJ3jc7LT+S9Y6T+Jtq6gc2hubW01URs4jDHH7rLbQwMGguFmo67+Y1vhSf1M2VLLBd7U7VJE6SEcObuVqXwPOHQnI7HOycycAeDMzI4IcNkiVbRTRWWi+xyERyvP2J3Wgp6kuxtkdlRXDp6jrB4tKfBk522CqmVd5ssmmYOkiHflKccApZ7NyXB/ZJzHNw5hx9iqa1X6kuP8ALjf/ADANweVbteTsTlVhgSgvROp7oYgI6hpP+IKdHURzDVG7KphgjBGUo5ZITlhwqM0q8miBynqoguXAl57KwiqBINkAtxwHSXAfZdUBEkkkoJHpJJImRiTk1OQi2JJJJQoekkkoAPSSSUIJJJJQgkkklCCSSSUIOSSSUIJJJJQgkkklCCSSSUIJJJJQmB+MpYwkkjIJcI2AzsF1JQnRTVvR1iuLnSS0hhe/cvgOh2fuops/U1ma7+E3Q10Q+mKq3ePbK0bDnKL7qwHbhmQ/2nDGuZ1JZZYdOz3tjyB75UlrOnrrAPkZoyXcAO8w+4Wlcxj/AK2Nd9xlUdd0ZZ6yQzwNfRzH8cJ07+uFC4zyVlR0ydOqI6iOyrn0ldRHIa4tHZS6u09Z2Ql9vuMdygb+GXZ+FGHWMQc2G9WyqopOHOdHlmfupgapo4y5SQODpmOwf2VpBe3uA0VAx6ei4x9ruEQEFRTzFwzpDhlBms8LwNAMZ9lCngtqW5yvcMzA5VkysyAeVjzbKunHiQT5cOy6ypulM7Vgn2yoTabNlZnloSJikwC0LJM6hw4Coc5h9MKyhvVDIABMcqdinAuXUVJKPpA+xQRZo85iqpm/+JAgrmPOWO4UxlVgZIUK2sBJbqyNuYqlzyOxKR/iUUQJg1gKUKwdwjCticNOTuqAllFZ87Kz+9gcF0XCEnDmub+SsiYpPQ/cIUlHGeWj9FAVnsitq4Dw/dEa9rwcHP5pxt0B7fsmG1s/DK5v2Uf6DU8djSxjxhzQQo81qoZPqp2b+ykSW6qDcwS8evdRpIro04/0RoPOSG7p6Fry6CV7M9tRSFqrWY0Vx24ySpbfnGH+cM4CGaxx20nZWWQz/G6Z5YHFw9UZl2uEQHi0/HdG+fJxnsiNr294w78kfYSSYBvUMbTioYQVLirqOdoe2Vo9fZMeLXP55IGhx52QxSWzPlbj7KkgXWmWUMtO/wD4rQjatYxHID9iqc0G/wDIqdI9/wDJC8K7U78RODh2IVSjkB1ov2OnYchxP5opqagc4VAy4XSmIdUwameykMvjC4CSNzQe+EElkW6y8bUhw87R904ugk8rg059lWR3Klf/AMVoKf48UrvK8YHogaaEOvJYCkpyMtC46KX8KiCd2wilOQiNrJwPNuiyyfGwhbVsOoyBPbW1LdnsGEMVg7p/zVO7k/sq3iZQyHFawbSbFFbPSyEYkwoJNK8bnKb4dL2yjTbK2Fpogfg5B9MFcFMTnDlBEWkHS8pjpq9hHhPdsmZA2MsXUz8fVhCPiMONO3qgxVtfGcysDh6FEF1A5hwgBlB+h4J7t5TfCYNi0LrLlA/YtA+4RGmmkbqLgfsd1MlYY1tPTuH0BMNHAfwo/htGCx2Qn6PdWXghmhjzkApCleDlrsKVken7ruP8JUKwQx85EcDBC66R+AZWKaWhu5OE12jnlQmCHmkd5ZG8ey4aWikHkcf1Uosa4Y0hC+QgzkuLVCsEb5GQbRTnCaXXGndho1t9lLMJ4il0/uhkVkbt9L2qESBm6SRkCakk9zhO/idC4eaQtPuEUTO4fFkd8pj46CoZofE0H2CMmcC8C31LcviikB4OAVCqOnbRUNIMLW57tCMKCFnmp5HMI9Dymviq+WOLvbIQ7mRc9FRP0VSvOqmuFREfRryoj7J1fRxFtFcoJ9P0tmHIV86smpcGogeR6gLrL1QPIbrId6EIozbCakuzMfxPru3fza2xsq2caac+ZNZ8Q207iLv01dKP1cWagFsWV0UpDWvByCeU57GPb52Bw9wmOWAmk+0Zmm+IvSVb/wDZVlPjb+f5cn0VvSXm017/AA6K4wSvxnS12+EOt6dsteSamgie7GMlozhUFV8O+mZ3Eupns3/AcI/kIo5Nk0jjOSETBIXnz+gjDgWvqG5Uun6NMxwEyWz/ABDpMfL9RmqHbxWgK1LJPjR6ABjfOUxzyTjCxEdz+I9C4Ontltq2AYIY/Q4/mVz/AG4vsD//AHj0fVhnd0L2vATYzcS9mDckAjBKh1tqtdwiNPX2ykqY3ctliDlnWdeUTsfMWu4Qf88SmRdZWN7ceM4E9iDlOjqJQ6DTkuimvPwP+GF7DvmOl6en1d6XMWP0WVr/AOzD0W4NFnuNbQaeNTvEH5g4XpDOqbPkZncFNhvtqqB/KqWkn1KYtfcvY2N9kPZ883r+zB1Cwv8A4NfqWsA4EkJiz+5WGvfwD69oCWVNgbUDP1wecfrhfYzamF/0Pbv7pBhIzjOVpq8rbF8h/wAyafKyfAVd0zXWSR1NNFW0MzTy5paMotNf+qbWNNNeHvB7SnUvvKqt1HcITBW0rJozy1zQVkL18FfhtetTqrpuGOR/MkB8N36hb6vMzX5GmHkGveD5etnxUv1GwMq6WnqdsOzsVf0Pxc6elJFXFLA8bOaRnC3t+/so2yoMk1g6hkhycsgmG49tWd/0Xm3Un9nH4gWjLoKRldjhsf1YXSo8pXPtm2ryL/eTZ0XVfTFa1skVwj83YnBV1BV0dQ0GKoBGMhfOtw6c6m6dJbcbbNBpO+3CHT9RXa2nVBUTRE98nBXQhqa5riRtr1qfZ9MNjc7GOO2U9mWDcleEWj4rdQ0bmiWdkoH9QWst3xigdIBXU7iDzoCY7UzXDUwfs9ML2uPCRJByDhZq3fELpm4lrRVeE939ey0VNW0NW0Gmqo3k9g5FGWRjti+g7qeOoBbKxrgf6hlQJum7TKSHUrcnu3y/5KzaMDOV04PdH8izgco5KF/RlO3zUFzq4PQa9Q/fKjVljv8ATRiSCdlWRy3g4Wmbn1RDIWcI42Y7BcDDfxK5UgHzdqqGM/q05GUqbqe0v2fN4bhtghbZ0viDS4B333VZW9NWO5M/3m3Q6/6mtxlM+Qm1oroLhS1jR4LxI0/mifKU0o89LGc+rAq6s+HELneJbL1V0T+djqb9sZCp/wCDfEezML6UsuMLc4y76h/oUaufQqcVLtGrbZLXLvJRRb92jCjv6bb4n+7VpY3s1xzhZdnXtTbz4V4tVRTTj6m8j7hXlu6ws9zaPlq5niHljjghMUt3IuNMf6VglTUFyogBO4VMQ/oOT+ih11n6duw0VVudFI7hxGnKvKesDgD69x3Uh8lNM3w5oWuHuOExWSiBZpYWfkjzyp+H7qdxmsVW+Jw3DS7ZNgr+qenneHcGOqIhycZ2XoDqeFuDT5Y73OxTS0u/vI8ke2U2Gqa/JmG3x9b5ijLUl2sN0cDLDEybuHgA5RJbG5z/ABKSr0tPYnIU64dJWi5OMoiMM39Ue26qKiy9SWjDqKT5qAdidwFohqovowW+O3cSQGop7lSO81E6oZ6xtzsqatt3TN3JZcKLwZjyQMEH3C1FPfJoC1tUxzNQByEeoobTemedjBIfxNGCuhRr2uDja3w0LV0eV3X4aibVNYa1smNwzO6yVZQ3u0OMV1oH+GDjVjK9qq+lK6gHjWqqId6g8qBV1EgZ8tfreHjgyaeV1aPJY7Z5LyH0vG38Vg8Vc2jmccNLCUM0kzXao3NI7L1K4dBWi7NdNa5RG8/gKxd06Wu1pe4SROcwdwNsLrU6+FnbPC+R+nZUN5izPltQCBLwnMe2N2S7SUXBLiHfmuBtO84+orYrzzep8NGyO1InUN1qIcYky0K1bcKS4xeFUkF2CAfRZ90QA8uwQtbGbPdpKcrUeT1XiZ052+i0qrIGjXTHUPsgQxPpnDWMfdPo7zNCwRF+oKzc2luUWjbUe/ujUk+jkSjZHiY6hrDsAQcK2gqNeOFl6ilq7dMMZLR+6l0N7p3vDXAtPuVeTPOBpw/UFwkg5yosMxcBtspIkBVi8Dy8j3XPDhedRaA5dBaeUtIUKEW6eEZsxbgYyhZC44gjlQDCJrJWnuE9ukqrJc12xRmVRAAKmBeCdpb2KZjCE2XVuEQSDhQtHNJ9FwklP1g7YSLRjKJxJnAIknkpuiF20rCfscJxGCuIHDci8tPK7PHPiJ8FKWvMt46ab4cuS6SLHIXhddbqm3VUlJWROjkY4gghfa2wzg7rJdZ/D2y9XUjxPCI6oDMcgHDlku0u5cHofHecnS1Xfyv2fJgwPxBFjeWq86v6DvPSVc6Kup3+DqIZLjZyzzcAnBz7Lk2aZ5Pc6XVxsip1vKL23VWkDBBJWvoqoGOMbLzqnqTG8LRWy4EhuSVhlTg9P4zyEN+GbWN+rgqQDtuVUUVZkDO5Vg2QEZzhKcWj1MJ5SkSfFPokXkjGEIO34R8jR9P7oMMcnkA45TScEFPeN0KThQpy2hops7FHb5hlVsTyHgFWUbgWBTJam32JJd0+6Wn3RZGZBSjhRn8KbIAQozx6IQGiMeVHeAQpZBygyAkKCZLJXzNAPChPAVlK0lQJBhAY7UQZR6KFMzPCspQCTlQ3tJQNZMFhBbKYXZCsaWt14Bxsq+obncBR4pjE/BCVKGQadV/HfZqop9Q5G6K155VHR1mVZRThwWOyDR6XS6pSipF5bbrNQzAl5cw8tytdHLT3Glxs5rhx6Lz5j/blXNjuron+E52AN/us8oHe0urz9k2TbRPJZ7u6lkPkecD/AEWv8fIzp2Kyd5i8drKyEYczckd1Psle6pi8GV2XN4KQ4nXpmo8FhcG+NHrZs6M5VpaqsVFO3J8zRgqqedPPdct1R8rWiPhj0vDN8JpGle0SsLHDOQqu3VDrbWupXnyvOW5Vh4rWnGVWX2E6I6uIbtO6g2TDXVpo6qOtiHldz9lMjly6OZu7T/qhMDbjaxndwb+hUO3yukp5KWQYLTgKnHHRcJF4XB2CEyofriLQMKPSTaGCI8hSNQOCUJpUmx9NL4lKYzyq57C17mOHsjxS+DWFjvoeMfmnXFmD4jecKAze9YZhr9TGmrAWjAecotiq/BqWtJxnZW17o21tD4jQC+PcLK0tQI5wXggtKdGOTh2N035R6e7zR59QqyUBpcM90a1VwqKRuTkjb8lHrNp3Y7o4x/ZtsfyQyiFM/Q7hVF/hfW297GYy0Z/JWcjsnKiyu1xvjxyMLZU9rOLravmg4M8yszhSVklNKMOyQnXilEcvjtGzufunXCP5O8Pe8bF2FLneyppHFw4Gy7/j7G5I+U+Wp3QnX+ipo5NFQPdW7HmGZj2qgJ0ODh2VxDIHRskG+y9LVJHza+GHkunTawH6UmPAdqIQqciakPqk45Ax2T28iqZ/HZkvKeTUwOBzkKNeIjNSuATLZU+QtI3Rqh22nnKyzR3q7fkjkwtLO6muHhYwtFNqeAs5dQIbiJAMYK0FM8yQMc7nCU1k06WeJ7RacjBOQocLw2ZzcYG6sCdsqskaQ8nHJWfODq9B3vyc7boT3jumB+DhMmcTggKZJvOTHLSfZQAcOUx30n7KvmOk5U7Acsktsxa0DCY85Bygwya/KeU6YkYUAUtxXV4wSAq4clWNUQ7Krn/UhRytTncOlb5Duqp486snnLfyKr5Bv+aC5YKgL8OSeyjnkqQTkHZRzysk3gelgI1SIeQo7VIZ2wriLk8EscLqEOUQcLQnwIsZ1JJJGAJJJJU3gacIHKF3P3RTwhHukyeEUlksbPEyWtbrbnG629riZJVRtcNs5wszYKdjRrcPMSttZIGO/mEZOVydbPMD2nhKftRpIQGtAAwOye5NBGnGey6xecz9x7albEdCj1ROnSCpDsAFQah2TgFatPDdNCtXeoVtg4Y9cupx2G6mtUalaQ4/ZTImc5C914+nbWpHxL6q1jtu2xYRhxuVb9P0bq+5RRFhdG3zOVFI5wOAt/0LQyQQfOSN24BPquqv2eH1UtlZe3md1HQOigwx72lrfZWfSVoZbbeyV4zNMNRd91SUkb7zeHNmGWxHYdltWgMDWN2DRgJc54OS3nkksAznCMAMDShM7Ig4QqWBLDLrRkpoOUSM8HCLJXZIj+nC67bdNBTZniOMvPZADtyyBfbj8rSkN+uTyhRbDQPz4rs5fuq4yPvF03/uYTj7lbG2UoawHTgDYfZWFKOCbAzSBwEKaUunLBuB3RZJAwaR3QIGa3F5HKYCS4meUHCc54HJXB5WkdwoFXOWMLh2SiEC4PNTVCNu+CjOlbTxhuAAAhQANLpnjzHhRa2fxMxg4VkI1TIayoyB5R6p+jYLkbQ1uAFXdR3qGxWuStnl8Ng5KNcBwi5PCMX8UOpJ45Yel7VIRV1bDqLeWgnH/VVlFborBbYLRR48d7QZD+Jzu+/oq7pSlnq31XX/AFBN5p2k08bvwN7LSdPUzauV3UNYD4MeSB/oEE57TqbNkVGP/wC7GXC42zoexz325yjxI2jYnfJzgYXyf1P1Dcup7tLdLpUumlkcSCeAPQLY/Gj4hv6tv7qOgn1W6mf/ACwBgOXnIyXZys1ljfR67w2ielgr5/m//II1FaPRMYMBGBAG/dJz7OzOe8br0Z25UeWTH5osgAyogyXKlLIVZwgkjAUiMYGCuMYAMkbpSY04CXYNHEjHKjvOxXXE77ppSJPAC4BO3ckAcpw5R9LdGcboBqfAED1XcBdPK4dlCzuChaneqIZRxpQjJtwpKW0g9zhghBJG6a6Q7oJm3OyW7A9mQ5l9lwyejUDUuZPqg+QtLAbxfZIy7cIGEsBA7Bg8vceFwl3BK6uOQKTbIcDyUslNanYKaiCyUslJIcqEFgroJyigDShYOcqEHjhdXBwuqEEknpKEOYCWAupKEB4CajJihBiSSWVCDclJJJQghyn/AIUxLJUIdJOeVxJIcqEHHhMG6KOEzT7oZRyQ4kkkqIdZ9QRgRhASyfUqmiB8j1CWW+oQMn1SyfVTABPgqXRDA7K+t90hnAjd5XAd+6yzCBnKOyYxO1N5Uy0OrscWbdrtvVGa72WatF51PEVQ7HoVooXteNXZGdXT256JQOUSMYJQm49cozOUZvhIMOE9MHCeojUnlBcBPTF0nKsckFSwUhyjDThD2EkDT9PsugIjWghXgJLIIcohAIzhd8P3T1YxQyAI1cBMLfZSfo4bymaM74VYLcOCK5gVVe7c2to3DIDm7glXbm+6C5o2yVaeDDqdPG+GyXR5bLCQdLgRp23TDGQM5Wg6pohQ1fjsb/Ll3HsfRUBlH9KZFpnjNVV/GtcEBOyS6eVxTAhcjEk9JCGMST0lCCSSSUIJJJJQCT9HofQVVDPQy0ucPbvj1V7M3zY9Fieg6jw7k6H+pq3M2xK62nlvrR5vVr47miMWg8hc0N9E48pJmBClkDgJqkIKEMczn81q4N4Wf8oWWAOVqKf+4jz/AEhaKzNqBy5gImCuJxlGYCWAupKiDC3C5p90RJTBC/6PkIlmZ7Ba1hwsV0u/w7iQfxNW1ByjRzr197OpJJIxAkkklARJJJKEGJJJKEEuHhdJHCCScncqEE5xyQDshpyaoQ61L6kmrgOEyIQwpRfUuEjhKMgHdWGOqSQR9lXzEZ5Uuc5/RV0hOeUJBkrTtjdNwGjJdwi4zsqbqKtFBbZJc4cQQEqyW1D6ofJNRMF1ZcH19zcxr8sYdICj22MahhQHF0shkJy5xyry20umLfk7rC+ZZPQuPxVqKLCFoawAIrUIDCI0hNRnbyOSyPVcJGEMn3UIPyUslMSUIPyUslMSaC5xAVlSe1ZLTp+jfVXJhGNLNyt9qGANQVBYqOOhoxI8fzZBqJ9ArBkxccjj7p8FhHK1C3SyTRyjtcAFGYctTgTlOMo+V2nb1UUnDS8lKeXL9PooV3rPlLdNJqAOMDKGXQ2qve8HnvU1W6ousmr8Oyqj9JSlkdLI6R7i4uJOSkfpKzS7O9XHbBIEeU5NPKchl0NCDYErZfD9hfO6UjGVjmcrfdDQGOmc7GMqodmTWy21m1JGDuFGDiCuEn1SWg4a7IfUFT8tY6uYndrCvAaWoP8AF2vP4pCc/mvZ/iFUmn6aqAPxjC8QpT/v9OcckLPZ2d3xkc1yketh5cxpccnSEE8pkZPhs37D/JORLoVKChLCGg4SJymJISgqSEkj6KwfZuR6hLPuoAqDnhGZMDjdfkw/oBglvip6hhiqohLGRwVj770KI2yV1keD3MLjg/ktayQIjXDKhSWDyD/eIiWVERjeNi07EKytd2rKB2qGVwHplb+8dP229waZWCOYHyyNGD+awl36Wulmfq0+NAP+JHuMKYJk1dr6mpq0COraGP41Dup80EEwJ0gg915nDUE8dlf2nqd1KRFUgubxkKxpfSwPp3aonOx6eilW+6yRSeFP9J23K7S1tPWsDmEbjjKFU0D8a2AY9EBDQU8rJzsQUXTg8rIx1tRSyAayMK8o7tHUNa2SXdUDJZLXwfEABP6qpuvT4qMvaBlW8TgRqa7ZHG/CsXymeV3npxshczT4bxwcLMVVFXWt2XA6RwQvcqu101c3ErAD6gLLXTp10bnRmLWz3GRhGnkLJgbZfQ+QQVLtjwVZVFuo61hIa3J7hRLz0sIcz07S08kDsqSO6Vttk0OJIHqmRSZYd0dbZao4BLAcg+y13TvXDIS2Ocn9VR0t1pLozw59IOMbqHX2QxZnpDnvsUYEpYPY6G+U9bG1xAIKmyUzJBlgyCvD7T1fV2uXwpw8NB78L0bp3rSmqCPEcdxwoCm3yaCalLcghVdbZ6eYE6Ax3qFo454KyMHAwhzUWQdByPRVgJTwzCS0UtM4teAR2IUV9LHJkFgOVs6igIJJYD+Sqamg8NxlYzHqEMuhymmZgRV9A7xKWQgA5wtNaOoqeshbDV4bINjlRnxA48qgVVnL3Gandpee3Czy5LaTL+426lrI8x4Gd8hZ6WCpoZNILhp4KLbrhX0DzHOC5nuMq/jdS3GLJa0kjhUngFrBWW6+S6xDUbj1KvWPY9oe0NcD7KlrrCfrp3YI3CjQV1TTjwZGnLTwSjbyRxyi5q7fSz76Q13qFWVdtja0txkH1VhSVTZmBwdk9x6KU6ETgDhWAlhmHrrMT/dRhv2VLU258fLcL0aoogM6QqestzXA5ABV5DzkwklM5p+kqNJERw391rp7Vzhnb1VVUW1zT9OPzTYywXhYKQj1S0+inPpHAHb91DMDmnjKOUVIBpGl6c+It96ac2IzvqacbCOQ50j2XrvTHxA6e6rjELyKeox9D9jlfPU0RcQQhiSeB2qJ2D6pUqdyEyjk+qX0bmjxIJNTTxuhuY2UeHPGCPcLxbpX4wXWzujpr1iqpG7AY8zR916/ZOpLH1RTeNa6lr3ABzoyfM1ZZ0NATT9ESv6WEg+Ytkoik5y3ZQor7eLO8QXOndIwbawN1pDFLE7MZIPOCu+MyQaKmEE8ZIWdwwVn9jbXeqK5jEMgD+7TyrJZS4dLsLzVWuV0UnI0uwg0/UV1sZEV9pnyQ8CRoyfzSnBsF18ZNgRlGjqZYsaDwq233akuLBJTytIdwM7j7qahccCXHJYwXPO0ynsqY5PodlZ8DJRGPlhwWOwhEzrNADldVTT3EjaYqfHUxPHlcqESg2SkkzOUleRbWB6SS6BnuqFM6kmpKECpJJKAD0kklCCSSSUIJJJJQgkkksFQghyiDhMAOU8cKEGpJJKEEkkkoQSSSShB6SSShBJJJKEEkkkoDKW0ekkkjFN5EkkkhayRM4RnuhTUNLV4bVwMlZ3DhlGXWqi9zMxX/D+xVUhmphLRvccl0Dsf+irJOnOr7Vl1urm1sDOGzHzYW7XclTeRXHnzOoKykd4V6tU1M4bagMtP5qwor1Z6vZtQ0k7YJWvqIY5frY12QRuMqjuXRlirm/8AZfAeeTFtkqDlYn2QpKSindraxrs90KW20xGGxhvuAoU3RNwomltDdJnDkBxOyG5vVFBGPEpxM1u2poyUwiaJMltrAQ6mmxgcJB99phq0+MB2CDH1AY9Laulkid3ODhTYr9b3s2qMZ9VA1gFH1BOTpqoXQnP9KnQXVuw8UEfZdD6acavI8H7FNdS0bv8AhAKiShknR3OMtwHI8Nac/wB9n2VMaJ7DmCbAPYpgFVG7D2ah7KAuCNPFUtcOc5Rw5p7hUVFOHAZfjHIJ4VpC7I2OfzVsTKGSd4jD9LgSmky9sOQAMcLoJzyq3+ijrw7GJGbILore7yvbhSw7bducrmiF4w6NGuSZK59soH7xO0lBNoe/JjcMfqrY0MP4QQUN1HUAfyX4+6PKIp4Kp1qnQJKKcHGCMd1bmOuidlxDh6Lhnn/FBwr3INTyVPgVWnAfwutkrYiDp1D7q0ZUEnD4C0AZzhOxCfOMKtyL3orRVSH62J3iUUuzxkn2U0siPLRj7oZo6Vw3j3KohG+SopN2gAfdMNsYGgRVDxjjBUs2tvMZI9kH5SdpyyXThC8AtIAKa5U5/lSkj3C781cYwPFGoBS9VZEAS8OThUnGXwb+3dQHaiILi/Pnbj1Uhl2g0gFuFx0lO76mAH0ISEVO8bNZv7IBcopDmV8T3YY8AlE+aPaQKMLVT69bX4z2C6bX/TNhMAcSUKyYcShE/iEgH1k/ZVht9c0kNeCOxTWwV0btwCPumFfHktxdH98rrKuNzvMOfVVmJu4SIlG+VC3WXXjUxGNI3TMxtP8ALcAqYzSDsn/MvPf9lWBbrLfxn6siX90QVMoH94VUCd/9ZRBU52KgHxosfHeTnMmV0T1R+moI/JQW1Adtkp2o+qsnxkgVN1jkzrbKz0Kd/Fq9hzJQ5H+FBZLKBjJwE9taRkHOVQLgkGHUQbgS0cjfyRP9oLe8APkLM+qivn1ctTfBo5P72ID8lMlbMk9t1oHHy1UefTKMKhsgy1wI9iqd1stb+GY9wm/welx/KqJ2/ZyDIOwu9j3Q/BzuBj3wqY22pYcwV8gI41FNLupIhiOenkA9OVCbC6MZaccLhimaAWTafyVGLpfqU6quiEzfRi6er4o9p7XWM9fJkKE2FwXVX0ua2VvoQo81PHNs+jb+gVe3reyAgSPkhz2kbhSoeqLDUf3dxj/VTJYGps8UwzCZIX86mlRW2u90wHy1wdJj8MgytBHLFKwSRSNc08EFPbvuN0bZFIzYf1TTPL30bJ2ejTumf7RSRHFXZq2PHJ0ZC1RzxkhBLC76nZ+6mQk/7FBF1Bbn4L3Pg9pRhTI7pQVWGw1kbiPRynz26hq4zFU0sb2n1aFWv6Ssz/7qF0B9Y3EFMXBYdwyQRv8AZdI7Z4VdP0k+EeJb7vWRydtb9QQI7f1fASRUUk/u/IJ+6tTJlei1fDHJ9bGu+7coLrZT/VHQwk+ugKL81fqTBr7a2QdjAc/qpDOoYI24lppmfkjyU3gJEyCnOJ7RTOb/APSwUYRWCoOmW2Qs/wCVuEJl1opwHCdgz2ccFSoxFJgtLMe2CpkqSyNfYLHPh0Rki/5HJzemw0D5S7Tj/mdlFFO0bjO/oU6Nj2nLXkFTeAwbrVeYmYZUwSgcdihZuMIHj0Ls+reCp7amqjPlax33CM24PIAfkK/lYpzwVjZyR54XsI51BE107h9e6sTU00uNY39cJporbP8AW5uT67KvlZFc10VFZZ7ZeIvCraaOYdiWg4WMv3wC6EvwPi0ToC45OjYZ9cL0c2unjP8AKqHs/wCUpvy1UNhUuIHcpkNXOH4sJ6mz0z5u6j/smRGaSSw3DOd2lxwfthebX74AfEqxOPgWh9S0b6mbbfdfbDzcoyBHEHY5cEVs404nifnuCNlrr8rdDsfXrZr8j85q2DqKyTujuVkqIRGdJLm90Wh6tfHhra58B9C4r9CK62WS6MMNbbaeVjudUYyVg+pv7Ovwk6pjzWWJlNKTnxaX+W78/VbqvOWL8joV+VUOz5nsfxHu1HoE1T48fucrV2z4nQz1Gioj0tPcK9vn9ixrC+p6K62lpt8tpqunMmB/4SvOr/8A2dPjn0o11VSxU94iB2FI0l+B/hK6tPlK7FyzdR5dSeGz1Ci6ttFZL4TZg0n1KtWV0Ex0wvDivmll66isDhH1J09crfKDpJlpnxjP5gK+tHXLhI2aGv052wXYK6NeohZ+LOrVrap+z30OBTmkeq86tfXmoMbVEOB/EDytNRdU2+oeIy4t9yVtUuDZG6E/xNCmuHCFFVQSDLJGuz6FGa4O3Cp2NB4TI9RR0tWwxVdNHMw9ntzv6rMXL4a9P3NrnQxGkmOTqh8uStguAYVq6XoGUDzB3RnXnT7DPY7z85pziGc5DR7KND17fLLKI+rbDNAzgzsBLSft2XrcYO5BQ6mliqYjFO3Wx3ITvmfsW0ZC09X2O+NBoK1jnEcE7q58Y9hnKz18+FHTd1c+anY+jneciSLbB9SO6zr+mfiN0tltDcBcKaLeME+cj0xujVmQXHk9DDweye1xxjJXnVF8TTSSNpepLfLSS8F2nGfutbbeorXc42yUlVG8O9HBNTwDKO7snzW+kqGOjlha4OJPHBVNL0tPCTLbqsg86HFXwlyMgLrnYwQeUyNu0TLSxl2ZmKuvFvkEdRTue0Hc8hWkN2tdwi8Gsp2OJ5a4K0c5p2c0HPqFW1dkoZ3+J4YaTzhaatQkZbtFlcIgVPS9LUEz2uR0JO4GdlUy0NdTF0VypxNH/UBlXRpbjbiXUspkj/pO+F1tyEw8KoZpd3yFuq1ri+zjarxlc+0YG99DUFzYZ7cGwy84xgH7rB3SwVNC/wAOspjGeGyNGxXubw1pJa0EfZR56Ckr2GGqgZI13ZwzhdTT+Sl7PJa36fosnugsHgPyszNgdTR3yhviim8r2bher3b4cRy65ba/T30Hj8liLr01W0D3NqKdzcfiAXVq8hGZ4byn01bDdiOTNS0kzN4W7ei5DWVFM/Sw6XDlTX6ods8IMngzjzxgH1GxXQhqTwOv8G0uiwpbp8w0Nqn5yu1FkhrHOqaSTQ7nCpjGWHy5OFMorg+ne1wcfQg8FaY2ZR5XV+LtpW4NFc662SCGpBLOxPCvqKu+YaHscHA+ihSGnr4gXBrg7sRwq2qpZ7d/NpHvA7tzsmqSZxJLHZsGSEj7oocN+FkqC/PyBMdwr2mr4KkDS/f3TAZRwT8lLJTBwlkcKAYCbEYKGYy7hdeCeDhJqNSAGEysOWnA+6eKwNIbInEg9kMxg9lb4ITI5muGUQPOFXYLeDhdbUzs5IwjUgJLJN8Xf6dlwuBagib1G5XcouMZKydLznYrmMj3XEkpoieCFc7Nbr7Svo7lTiWNwwMjcH1XgHxE+ENZ07PJX2aF01GcuIG+kL6NyD+L9kOpjjnb4cjQ9h5aeCsltCmuDraHyFujlmL4Pil58J+CN+4VlbavQRnsva/iN8G6e5+JdbA3RKMufHjkeq8MrLdWWqrfSVcTmOjONxyuZbpmj22g8lVqFug+TXW2sD8ZIV7TSeIBusJbalzMNBWjt9djklYLaXE9943ycbobZPo0bBp75RmuAUKGpD2cIzHHKz7cdnfrsysoOQo7+Cj52UaTJHCWg3LILOHbKZFLqACr3HBT4pcYyrA34ZbtfqTlDilBACOZT6Kh6k2EPCA4ZJ+6IDkZSf8ASVQwjkDCiuG5Clu7qK7kq0KsQCWMeig1UQG4Cs5ScYA5UN7DhAZro5KqTIBB9FDfuOFZTxZOQFEkiIyQEBhtgQJIwQRhV80eNwFazN3UV8WrKp9GCyGHkhU87mOwQralqNWkKpniDTkDCJTz6SAeyzThuNek1TqeJGkhflqkxE6stOCqqmm4z3VhGRgHPKzSj+z0FGoViyjUW+vHgtilwdsFchcaCvBB8j/MPsVRx1JZhXNO9tVC3I37JMoYPQabVuUUn6NKHtkbkOG4UWU6Hh2M6eFDppy0iLfH3UyoaTAXDlIcUdeu1yimXlHU/MwiQ4+wUtzG1FM6J2+yz1inc0/Lu7q/jkEbw49ko2wluRBstSaeqkopcgZwF2cG3XPxcfy5dj+aHc4jSXJlZGAGSgKTeI/mKRsgGXAZypgpTcQsrzFI17N2uU3OWtIO2MqpoZhWUOhxy+MYU2hqPHhMbvqZsfsgNELB1WAWNeB5geUVsrKylwcamhDIyHxnckZChtlNNJg7Z7q8BSkCLjE90Mgy12QsfdKQwVjwBgHcLbV8QkY2do37lZy/wGSFlQzfScORnO1cE1uLTpmqjki8IOw7A/ZWle3Q4uOwwsX05UPbcA1pwCtzXBr4ySM+UJi7Jp5fJVhlHMc8d1H42UiU4c3dAlxsRwtNayzNbFJ4PPusKZ8FaHHh7tQUeik8SlkaewWj6xpmS05eRu0ZB9Fk7a57JcfhI3C62inssR838vp9l0/0wcsRYSSEWjeS0xevCPVx53aFDid4Mod6L1Ncz5Xq6fjm0XluqNvAKkB2M5VVSS4qAfVWzCDutaeTlWLEshaCbTU6DsCrGbLcE8FURcY60PB2CvJZRNTFwHblKm8cHV0ln24ZleqqItaKiMJ9lqDNShrnZLNlZXRjKihLHDJAWcs73RVbos+U7EJLNdM0rVg0TNxgndQ6kYUiJ2ahrT3TKhuGF2OCkTjg7yeSuLgHYJARJMFoIUOfPjn0RAcx4zwgwCdxjUB6KFV7DIClN8ziAgVjTpwPRF0KsntRBjqSyYHGwUx8glaDhVEnklzypTZx4YGFMMyq3kHMeSoMvI+6lTzjgBRZN8KIz2vc8nHfSVXVH1fmrF30lV1R9X5pV/oqsZnYoAPmIRXj3QgN+VgsNAVhyMqQNsKOwYGFJHZNrFsMiNQ0QHCeZre+By6SMLiZk+qJvAB08pyYnpUxjOJ1IXOqGtDc5TScKbY4TJV+IW7BJtlti2aNIt1iReW6ARODAtrZIi1mSMLKUTMzjA2JW4oogyFowuDqrdywe/8AFUfHhkh5IIwjxfSFH/Ei5GnBK5kaz0eUdkcNJJIGyryS6T80aodtgHso9MCXkrqaCndM4HltWqa5N+idCwAZA+6M86NwuRAafsmSuAAIXutPH469p8J8hdLVaqU30Foqd9wrIaSIZdI4D7L0qtc+22yOkpsA4DSRyT6rLdCW8yySXKRmzfKw/wCq00TX3a9MY1+Iabdx7Epj4Rw9RJzbiaTpm2Pt1GHSgF8g1Z7/AJq6YPMmsb5BgbAYR4hjGQkvLZglhcBmjDQnppIIGEThGlkSx4b2zyjxsAHCCzLijMHZSRAizvU9yfEWUcDvO4ZOFeVdVFRwOmlOMDKyFu13avdXPaTGXENJURUeHkubFbtEbBp8z93FayICOMMAUC3wtiGdOPRTCdlCSlkFLJqkDQjxnwxnCjRR6pSSNhupOoAKAjs7HJVXUPc+Yg8BSp6hrGkE7qvJzk+qhDk8mmPI7dlEEZc7URuUWXd2Oy6NhwmwSIB04Gy8n6xqqrrTq6HpmmJNvoXj5/B99xn7BbP4i9THpmwvqYBqqqgGKnaOTIdht3WFsVEOk+mH1Fc8uuVc8zOd3weMq5YR09NWtu5dvomV8YulzoelKEaYI8B+n0HKy/x462h6XtDOjLc9ol0DWQ7BAOd/2K0vzkXQfSVT1feN6usaWxhxyePT0zj9F8q9T9QVXUt4mulU4kyvJAJzgeiyWSyzs+H0P8i/5J/iv/Ur9nHPOd0Vg3BQWdtkZoOyS0exa/QRuAE2U4wAVyQ7DBQ0DWeC4xyccT3KTANWe6E7JICOwYCVjAUnjgeMBqCTuugnB3QTyfulSlktcnF0b/kuLo2/NAwjiWv2Ti4BAdMCCEIyPQXI9R+qGSMchBL8nOUwk45S941QyFLm5+ofqhk7IBBzyU/JO+VUpYD2Cd3KQ4SXNPulSW4sGknpKiCSSXWqyC0+6Wn3TDk74S0k9ke0vA4couG6UEHK7k+qooR5XQDlcHKMNOFCHRwm4HKdkJqhByWR6pHhCwdShB6S4OF1Qg9JMSUIJLDv6f3SH1BHAGFTeAlHIAhD0qSW4Qy3blWCwKSR5SUIJJJJQgl0A5SAOU4kYUIdHCR4Qs+ZSBwiawQCQcriOQMIJByhIdSSSUIJJJcJx2UIczhLJKSSAAJnO45V7ZL1gimqHD0ByqAOGCMoeh2rZRLk0VWyhyj0tjwQDqz6bqSzlYizX10EgpKonIOM5WzglDmtxvsmLo6+ls+SOWSRwis5Qhwis5Vo6lQVn0hEHIQ2fSERWaEFHCc3PZDHKOB3QoJDgO6eBhNT0QyA48JmDlETtPsoNBhvlAIS0t9E7GElBj6BvZ3yo0rCcFTUJ0ee6hmnHJn+obeKy3PbjLmDU1ecOLg4tIwRsvX54Q9ukjIcMLy2+0ppLrLC12WA7BEeZ8zpsNWohpJDZJGefEkkkoGJJJJQgkkklCCSSwV3BQyfoDGS66UqPl7uw/1DC9HkOXZxyvLbK7TdKZ2dvEC9We0k7BdDRv7cHB8rHFiaAafdIMz3RkjwtpzU+SOm4KeeU7T7IBmRrAMrT0wxDH/yhZuMEkNWnpgRDHn+kJ8DLfIMGjTjCAWOzwpA4SwEzJn3gMYSRS3C5p91CAE5o3wUQMx3SIOeVfZcpYJVqcYrhG4DnYrdNGB+SwVCSyrjOO63bH5aNuwVmG/l5EkuBwJwCuozOPSTFzU31UIdSXNbfVLW31UIdXH/AElDSUINJOcLiSc1QgzT7ri7n2XDyiawQchvxjlJzgMjO6CSc8qyHSVzOEkkQYOU7blRHco8/ZRXIQorI7IG5OF531zdHVNX8nFJ/Lj2PuVtrzWR0VvllecbHC8kqaw1dU6R3DifdYr5ekdTRVPduY2jj8SUMWkh/lsAwqq3waZBIQrjTsEqPJ0L5bhqdrd6pqSYJHa3eqakkoQMkgpKECqdaaYT1G/YgqENyB6lXs0lHbaHwmjMxAO3ZFFZFWvjBPnrgwCMHjZWlCT8u0kbrN2aB1Y7xpQS0HbK07AGjA4CcjnX8PBJa8NG6HPUiNh9UJx4wVW1VUJ6sRNJwjFxjngntl8Q6vVZnriudHCylacajv7rSQMEbdyvOuqKuWpusjXu8rNgENjNekr3WFQkkks67OtJYGpyanKpvBYZgOV6Z0hEI7a2TG7ivOKaMyzCMd16jZad1NQRsd3GVIM52unxtLJJMSyBynOWDkpZMD8Wat/ydPTxyYaXnWB322XmVEwuuFOAPxBan4kVsk17NOHYZGzIHus3ZB4l3pgRw8LNKW5nqNLSqtNk9HbsAMdk5cP1LqaujBJ5eRJIKSLAIkkshc1AK28EPrkEZRGykEKMDj1RGydsL8myhg/fisyTI5yMDGylNccDdV7XjlHbN2IQhpJk3V2ynEBzdDgHNPIPCjtdlEBGOVRGjOXvoulqCZ7Y4QSnlp+grGVdFXWyXRVwFvv2P5r1k4PdAqrdR3GIxVcYe1WU5YPNKK7y0xAYdu5ytVbepo6jEc7xgDuqq/dEz0bnVFua58I3I5ws0HugOlwII5B2VtYCPT3MpqpmWlpz3Vdl1M8gM3B5Wat3UD4mtjlJwO60FPcKaqaPOA4+qrAZa0F3e0hkj8ZWhpK2GRo82SVi5YH/AN5Hgj2T6W6yQO0vdjCgtrJvo5gSOMKQCxw8zWn7rL2+6h7R4rtldU1VrAI3BVAOLIV06eime6WAhody0jbKyF56Ohm1aoAD/U0L0UPDxhcdA13puqUmisnz3dbJLbZnGMOGD2TaG91MBEcp1D3Xt126ZoK5p1wtBPoF571N0GKRpngblp/pToTzwyZKSppaC8Q+RzWS85VQBcbNIA8nw87OB2QJYqy3THBcMHurSlv8NQ3wK2Nrhx5hlMa/RDR9PdczxERyy5A9St/aup6SrADngErxa4WTxWfM2hxJG5YCg23qGvtUuioDxg91MEPo5rIqhmphDlGmoGknLVgumviJD5WPkx7FegWy90d0YNDmlxGeVTXBMsq6u1tILmNH6KskpHt2cAPsthNA12SBsoE1Mx+Q9o/RIcQ4zMrUUZc3I3UJj5qGUPYD7haqa3AZczcKM+kYG40hAMzkjUV0jqfI/Y+hRqigpqobtGfUcqPLRRv4ZpPqNkOAVtG/Z3iM9+VQwi1NvqaJ2uBxI9k2mrKlr9Rcdu2VeNmZNHnPOxCiVVBqy6MNH2RKWQBR1sUg/mnSiaKWoA0HKz1yq321up1NJIf8IzhMo76ZiPAp52/dqIhe1FtjcMjvuqestjft+6nU1wlfgyZx7qWTHUNxwVCGRqbUGlVdRbCzgfmt1NQMduBwoFTb87BoCJWPohhZ6UtOC1Qpocfh/dbGqterzBqp6m3lp4wmKxMAoDGN9l2jrKy11DaugqJIJWHIcx2Cp0tIW7lqivgI/CmOKkgXFHpHS/xtkh0UfUsYe0bCUDzfmvUrRerL1DCJrdWxyZGdOrcL5bkpdfI4Uq0XW52KYTW+qkiIOcB2yzzpTFSgfUz6eWE5ZnCbIYahhiqomvadiHDK8q6X+NcjdFLfYsjjxAvULdd7NfIWy0NXG4uGcZ3Wade0rDKet6VLXGpstS6nk50A+UplN1BdrW/5e7UznNG2sDlaN0MsRy05HsmuNPO0xVcLXNOxyFncci9uRUF6oa8AwzNz6ZViHeXduyy9Z0hTk/M2id0Eh3wDsVCZeeo7PIIrlAZ4m7agMlJlEpwT7NpgE5RWSvh3CpLd1Fbq7GmYMf3a48K6bIHNDhx6oMMRKGCVBciDiZWEdbFIBpVS3T/SAuiMj6TgFUZ5wyXgOrdPByFTR1c0GATqb6E8KbDXwSbE4KmTPOtkpJca4OGQV1QWOSSXQM91CDk9MT1ABJJJKEElgpDlEJGFCAxyiADCZ+JPBGFCHcBI7pZCShAeldT0lCDEkklCCSSSUIPSTElCD0kklCCT0xPUEWLIxJJJQFrA9JJJQDcxJJJKDBySakhIOSxlJJEQWEvZJJXkvICakppRh8EbgfVoUOTp+0Sg66OP8m4VmkqLUmjOT9IUhdmlqJoz6atkJvTd1pnZiq9Y7B2VpwMd0YHPPZQJXTRipor7A8tdQufjuwJsdXUFo+apJos7ZLVuRugujY/ZzQfuESeS/lcjFyOydTNkwVlzhP8AJnbj3Wqms9FI4v8AD0k+nCjyWGlBwATlGTKKyn6jqGs0VEQLh3HdT6a/UrxlwIPomy9M00mXMe5p7bqFP0pWHemqvywlkyXzLrRyAAE7qQ2drsEHlZH+FXymwPCa/HGDymsutypnGOqoZiRt5UbAkkzate1+4IKdnHdY9vUzY8a45ovu1SKbquiccGdxPuMKbmC4ms0575SwPUKkg6hhlHlkGCpTK+F2CJMk+6mWC0yxcxjhgtCCaKA/h/ZNFXCR9S6KmI8E/oplgfdkYaCIHOVz5N34HYKktlDuAnYaqyU5TXsgmnrM4BGE3w6jGDDn81YGT/5crvij0RSi2EpyKrw3f0Hb1SLc7YVsQx25AKGSw48g/RCRPJUmFjhhwBTflY+wVq6CInOgLngxjcBQLOStNO8cJmipGwkVo5jQSAE0wg9kwtlX/voO+4TxM/8AE3dT/DHH7Jpp242bujyTciH4g5LVwzsA4wjmkl/7vI+6EaM53g/dTIux/oD4lMTzj2XCGO2GFIFHGR/d4QjSgbDKmUCM8P0cP1XfAeU75WTkFc8GpbxLn2VkOimk7HBTmwVw3E0WPum/76O2QnNmePqbuoQK1taBguafsnNjlByWj9UyKuDdiQEZlU1uCOShyAObHJkDQitY/GdASZVvI8rgR9k4VHq0KZRDojJ5GEQQg8bJglGfpRhuiIN+Xb/8pSFOBu3n7p2cd0sn1SgDhiqMHDNvXKEYQfqaCih5CfqHooQrprTQVIxUUsbh/wAoVbUdE9N1GSaWSInvE7StCuafdQhjaj4d24HxLbd7nSyeonyD+Sit6T65oZNds6xEzeBHURAAfotzp91xzfdNKTwY583xPt+MU1FVt7kSBv8AmjDry8Uob/FeiLpGMYMsBbK0n8sLVEZ7pmn3VYL3IpKX4i9OynRMaimkHLJmaXD8ld097tlWR8tXQuDhkZeMoc9DTVDdM8Ecg9HMBUB/S9lkOZKJoJ/p2RSlgmMmha8SDU0gj1G644A4ysz/ALOSwH/cb3XRM7NLg4fumvZ1VRyaGTw1MfZzhv8Amh7A2bTTuGe6GYYSfNGw/cBUjOoa+lwK60zuaOXxjIUmHqm1yuAcHR//AExqtNlNMkz2W2TuL30rMnuBhRX9PwM/7PVPi+71NhvFtqTpgq4y70zhHc5jsEEFTLKbaKr5K8U7dFNWQyj/AB7pjbleKaQsrLcXAfijHKug3HAT3ehKpstPJUx3umLgyeKanPYvbspcVxop3aI52E/dGfEx/wBbWu+4yoklmt8rN4dDvVhwowGsk9pb2ASLQqn+ETseHUVbI1o/DIdQTx/GYHaJGMmaOCO6p9E+PPss2ucNgUQST7Fr/wAlUfxYxeWoppGO7jClx3GlkYHCQAnsUKk0U4E9lfURfUzIXP4swOzJTuGPUKPDUxyOOlwOEUgOGCMhFkBoMKm3zjUWAOP5JfLU7jqidg+yjGKmecBgB+6aaNww+GZzCON1PkYCRINJVtyYqjPs4oeqpadMzcoeblGRpeET5ufAE8fCNSbCxgj19ttl0h8C52+nqI/SRgK8x6w/s1fCXqkOl/gb7XUPOoz254iOf+XGn9AF6zG+lmHnByh+G0k4O3ZOhqLan9jDhdOv8WfLl1/sh3qgd810T1uJXO+imrYgzP6FYO6dJfF/ot5F76Iq5o2OwJaR4lDvcBq+3jFvsEMxE7EArp6fzN9fEuTbV5C2D7Ph21dfwxVAZUVEtPKDh0MmWuB+y3dr62Y5rXCYSA++6+iepeguiur43N6k6YoKyUj++fGPEz6l3J/MrzS5f2ZumzkdLXyrtLidTYtDZWfvjAXVp80p8WHRp8vOH5MpKPqy2zBoml8Mn1VxFUU87Q+GdjwfQrCXb4R/FPpyQk26G9U44dSHMmPXThZ0Xv8Ah05pbg2qoZmnSY52FhB9F06tbVNZydSjysLfyZ7G3ddXn1B1dVxQgMqBK3sSclaGj6voZgxk/wDLediSdlsVyfR0IamufTL0twcpxawjDzgIcFfbak6Kesje701KQY3dgmqxoZuXoqrj09aLrH4VVTRzMOSQ9gOD6rD3X4QwMe+r6ar5aSYbhhdhq9NAeTsxcw5uzgm/MVlHi7ZfiH0xj+IU4rYGclmSQFeWj4i2mqIhrHOp5eHMkGMFemGNjtnAH7hZi+/D/p6+apDSsgmd/wARgwmK0mUPpa+lrmB9NK14PocoxHqVh6noDqKxudLYbi5zWb6T3CBB1lebdIKa9W9wc3YvAOCj3ZI+T0FnugVVDTzeYsAd6hVVr6ptlwAa2YNd3BKt21cMu0bgU2Nu0ROlS7IYogNi3Ye6bNb45G4Z5XeoU/bP3SWiGpcejDboYS9FCY62heXOaZGeyFK623NpiqYQCdtwtCWAqFWWunqNxHpd6t2W6rVtdHK1OhXpHn/UPw/pZQZaJoy7sFgbn0xV0TnZjcML259LV0hyD4jPRRKmmoq5pjnjaHH1C62m10m/uPH+S+nq9RnasHgUsEkZLXNQg3B5Xql76CDg6Wkwc74CwlfZaiikcJYC3HcLtV62MlwfO/J/TdlUXGayQIKh0WzVNirHzNLJmhzSNvZQnxOaeE+PIcNluq1H7PB6/wAB8nSwOqKSF2XMGD7KI2aWmd9ZACsQQRumz0zXgacBb1dFo8lqNHZp5bZodTX920bpePVXNJc4ZwGl26ylTQEEFowoj3VdG8GMn8ijMsq0eiteHDI4Xden81jrd1JIwhkufstDBXtnPlIKszussMg913I9VGa4kZTgTlHkAOuBg4GyYDtuuot3ohyUPA8vKZFJUNP80ZHZELs4ynENkGM8IkAhwlBHZdyPVRzGeVwZzjKshIyVwk4XARjcrqDAYxzy7jZZjq/oKy9V0egMbDUHfUBjJWoLdiozwWOGBlKnWpB1XT08t9bwz5j6q6KunSlaY5Y3GHPleNwVEoaxzMHGV9PXK1W+80zqW407ZGkbEjcFeGdbfD+t6drH1dG1z6VxyMb4XPv02ej2XifNOSStfJHt1bE9rcu52+xVtHI08brGUs+g+h7hX9DWZAyuPdU4s+n+N8jG6Kiy4Eh4TiQRwo7Js42RRIMLPhncyAlHmzhAcSCMKVJvjCA5ueypi5sJDIWkZCsGyBzQcKpD9J4ypkM3G2Alja7CfnKSY1ycDlQ1qSYI8IB5Uw8H7KKd8qiS6AytBwo0jBhSizPdDlbtjKt8ozTWSunAyoMrQQrKYZP6qC9KaMdq9FbUM3GCgObtyp07M754UJwxkqjDdEhzsIzsoOXRvzhWTvQhRZog4bBA0ZrEFpKw5AJVxBUlwGQFmY/5b9XorWlqQQ0FZ5xOlo9TtWC/ikzjcK4ts5DhxhZyCXjCsaab3WeSPQ6XUYeTSB4D2yN4CtGyNmjxqGCs/DUh0BiPPqp1uqCG6Cdws1iPQ6fUphPmHU1VhhLdJHdamKUyQMlyMuCyNcwulE3YlX1oqfGjZDnJSEscnTptLSrh+et7o/xs3CDaqg1VI6llP8yMaSjwP0P0ng7FVwY6iu2phw2TOyI0S5WQVC91FWOhkP4sH7KwfJ8pVCRv0yKBfAQ5lWxuOzvdHfI6SijfgFwGUskXgsHPydWVFrfLEZSM6U+mcJYGvC7M3xojH6ouxzeRU7/mKH6t/RVcrS5r4JBs4EbotFK6OoMHYJXBjtXijjurawZZr5ODJxmSgrS3OC137Le0U5qKRhcQSWrD3eJzKjxTw4bLQ9OVodCIy72RLsx02OFvxj60+Hlw/DlCedVL4nflSbuwNzgbFQYnZZpAyFqqK1TxMq71Caq2Oe7nGFiIx4UoGN16BU4fC+IDYrz65RaKp4W2ueDx/mqft3k5wEkWr2VVKdE2QrChlD4TEQcj91ErITqO3K9Vp5ZrTPknlavjsyOhmIIeBwrunIdEHZ5WehwI2jPCtqGbIAyt1cso8/Yg0xy7VwrWkn10RbtuqmVuRkKRQTah8vkopLkbTZsD6Q8OYeFlATS3Q+hdhad0mip8L91R3+D5edtSxuQdj90ia/Rqqt+9NljE4eK14IwjVJy0e6raJ2uJkhPKtGYe0d0qSyei09nyLJS1YDXZwhNdlvspdyhADsD3Cr6V2WCN23ulYwHOWEGhfiYZ7grlU0Hb1Qnksn27J0p8TdWuzLOTZRTnMp9AlqIGFypBbK73KaHak3HBjlLDwd1FxJK5keoTcgA5QcnUlMtPI88KHUchTPwqHN9QSLiR4ZGk2CE3Od1In5H2QcbhYrOzQgsalRfSFFjUqL6Qjr6F2BE4AhcHKMAMLSlkz4z2NHukSMJHhRy85UbwW3gf/wARFGwQWfUEUHAS2UNO+yv7JFphDtO5VExpkeGhaegHhwsYG8BZL5fbg6njK82ZZd2eFj6pocNgtezDRgDYKhsEDMeIW7q8zgFedueZtH0Lx6xDIQd1x7hjGQmBw7FR3nJ5Uqhlmmy/bwKZ5J5RaNoJUQnzAEqwo2kAOwvQeM0+6W4+f/Vuu+KlrPLJL26Bn2URzjK8M7uOEedxGAp/TFu/iF1iOjUGFerSwfKpyxFyZtrfC2zdP5aMO0jA7kkLRdG27NG2slZgvOoqnuUDrhWQWiE7Zbqx2W7oqeOkpo6aIYEbQMJVvBx7rOchwBnhFaBj0Q28hPBACXF4Mcm2dTmnBTXnKdHkEHCNMoPFsPp/dSIzjshRkEDAwuVlTHQUzqqThu+FCFB1lcD/AC7XTnM0hGQPQqfYqB1NTMEgHrwqGwxy3q7TX6QeTUWtBW1pWZ3IUBbwSoRhqUjsEAd0tmg7ocRdI/jZQoNHwm5OUTZuyBUkaQFCEKoJMzkN6I76soahAbm6u6bM8RxGTnT2RjwvP/i/1LJbbPHYLW7VcLofBa30aef9ExDaqZXS2oyzaqTrzrJ15ccWqxODKfPD3b5/yCtJTH1FfYmmPNJRu11BH9Odgo8dIzpnp2C00uDUSgE45c93dZ74g9VQ/DrpCSkjm/8Aed1Gohv1A+v27fqgueDq11TusjXWuOjzb44/EF3Ut6bZ7fIWUFuZ4IY12Q5/cryoj0CI8ukeXveSXHJJ7rmn3WCyfJ9B0mljpaVXFCjB2yFIw0Mz3TIwEzcnZTI7gR5TE5NAJVlnWN3GQi7Bq4wAA7IJJBwEucsCzp5Q9XsuEg8ndDJGCAUhselkICAeQhkjCGSc8oZcQlSlkJRyFc477qPISnavZNPCAYlgZqOvGU9uwTNJ15wn42wlSjkawaS5g6uE7G2FAziSaQcpAHKhDmCu6HeiI0eqdgKAt4B4KQ5RtIxwhD6lCh4AwlhqQO2EMatWeyMg5JOHC6gIMXclcSUIdyUhyuLoIyoQIOEsBcBGF3IUINSSSUIJJJJQg9OTU5UxjHocuzccp+QkRlCFGOSE5pzwmqYWj0UdwwcIkyTjtBroBykOUXyaPdWAPAGEI54Kew74XJQdtIUBSbOJ+QmJrdQcMk/qjKJCaQMLoPZdUIRnNdqOyapRAwox5P3UCTEOVw7JJwOUMlkpjUl0jC4gKO5KTJJIpWyxuxp3XElRC4/hbb9TmptLcVMY/mRd3H1CPY73NSzfJ1gc1zTpLXchU9vrqm2VTKullLHsOdu49Forxaxe6UdTWnzP/wCPGOc9yiH13SrfBrIZBIwPadiMqTFyVkelLuZXminfvjy57FbBjNJHujPQaK+N0eA44Thymg9k4cqzohGdkUcITeyJkaVSCQ5Echx/UiM3wVY+AQcowAwhAd0YcKDmNLcJpGO6KkoTJHIKSIQhkYKgpgiwHkrCdd0DIpY6tjMF/lOFu3DKo+qqUT2iR34mbg+iM5nk6vlol/Y81SS+6SI8QJJJJQMSSSShBLo5XF0cqEHgDCcA09k0HsunhQAkWzPz9Pp58Vv+a9dwMDPOAvJ+nmeJdqZuM/zBsvVnAh/st2i5i5HB8pL7khJiKOE1bTlgWtIO4RQPVLAT1COTwcpos1DQN1pGgNa2McgYVRbYS+pBIzhWobrrcZ2CZAzTlkKNkkjykmChJJJKEGJ6SeoQfSszVRkDutmzj8lk6Fuaphx3Ws7D7K2ZLhgJyjMIwBlAXclMM5JJGOQoxJylk+q4oQ7kruD6pNXCcokskHJLgOUshWQakklkKEGLjyNJGUi5uDugknPKhDpK4kuZChB5IxyhE8lLJ9UJ5AG6IYlkFLJwhFMkOo4BwoV4rxb6B8uvGdkmyWEaKq9zwuzI9dXsyvNDC/yt2PuVkaOKR8o0Djkp9bPJW1rpDvqdsrChhERcD6LFL7mdyuCqgkS4GhgGFJBGOUBdyfVMjHAqbywqSHkJEjCog/I9V1AydXKLtp53UyQ6nNQvxJ44U7JjITxC0ggbosDaisnxgnPKE1upwCv7HQv1ePsB6FFFMVbHEeC5ooG01MyMDBxupY3yhDA/ECnGRrO4/VORz5RlN5G1Exiic/0VZb8uLqqQcnbK5WVZknbE8+Tvgrs9dTxRiLUADvseEYyNbSJtfO6G1S1WNsFeYyyOlkdI8klxySVturbhG20Q0NNLkygOOFh9JGxCVZybdLDatxxJJJIbwbBqeNlxFLRhD2VlItenqN9XcGNa3uDlemsIa0MA4GFkujre6GmNVIN3DDVqWbjcooHG1k91hIUS5VApaZ0+QA0FSQdjss31lcI6SxT6zgu2COUsIzUwc5qJ5Jd6ySvuM9TI4kuecZ7BTukKeJ1e6ZzNRa3LfZUj3bFx5O61nRlI+KjdPI3BdsPss67PV2vZp9hpQRuEI8lIZPdMWmHRyEmwxIwdwgnfKWfdDPupuSJhjtWxOeFHfOQeQk9+nuSochc8pUpZCjHJ9SWLrCnrnNZM8NLuMnbK0zZQ8AjGCvDWeIzBaSD/AJLS2TrOqonNjrAZIxtkFfmGyo/eUJZPUGPJUmI5VLa7tRXSMPppgXYyWk7hWQfpPKyyr9D0+CybgcFLWWkBRYJtWxUnIccZS5R2h5CtceUQOwOVHT8lCCG8XV5cbKqvfTFrvMeXxNikA+tgwVYA4XQQO6vJDy259P3GzvIljL4RnEg9Oyh01dJGQ5knlXrkscUzDHMwPadiCMrK33omCrBktYbC7nR2KtvPAZXUF6e0DL8+xVn4tJXNAcA12OVjJ46u1SmnqWEOacbhTqO4AtHmRdETL1s1TRPwxxLPQ7hW9u6hc12C8g9wTsqCC6tYA2Rutq5UQYHzFO7LTvgdlMMm7J6PRXmmnABdpPurRr9QBByF5JTXeaneGvJAWns/UjzgGTb0KDaRxRudnZyFGmpYZW+duUClucdS0aBkqYHFw4Qt7QHwZG+9HUl0a4iJjXfbC82v3Q1db3F8LHOaN17t4If5scKJU0kM7XMljBB23CZG5lJnztFV19ukxlzS3kZVo+qtd7aGztEM2MZPBK33UPw8grA6WlAB9l57delLhbXn+W7APotMJKSLIVXaKugPi0ri5vOxU2w9a11skGqRwwcHfhR6S5VdA4xztLmd2uCdW2amuQNXb3hpcMloPBU4IesdN/ESnrg2OpkGfXuttDJSV0QfA9rs+hXylI652ebV5xjuFr+lfiVX0MjWSuc5oIzkoJQz0Q93ki0k6Qoc8WPw4/NV9j63s13DWmTwpSN2uO2VfSRhzQ5oyD3ys8olplQ6MtOdK4YQ/GytDACP7v8AdC+VI9kBamV3ygDtQAC7gtJBCmmFw/D+6G6P+pQshvgjf9cbTn2USagZpJiaxn2CtzB/hQnRnsFRDOy08jDktTDM+IcZV/LS+Jk4VbVULh9ICJSyGR4axzvqRmFku2wUGSF8Z8owmxzlhw5WQmzUjCNu6qau2AkuA5Voypa4DJTyGuCKKwQytTas8DKqZ7fp5GFvX0LXj6R+qrKizGTJY1GpkMS+hIzt+6hyUxHIWtqrNOw7NVXV0hYQHAApnaKwUDoCM5apNrvV1sswmoaqSPBzp1bKTJSkb6f3QJIBt5Uucck+LJ6T0x8a/DLKW/wtDRsHsG69Ntt9sl9hbNQ1cb9QzgHcL5idC0ctH6KRRXS4WeYTW+pfEfQHb9EhwFus+oNLonZbkJ75g4fzGtd9xleK9PfGO50rmw3qNs0XGoDdemWfq2y3yNrqSrYHu/A47rPOrIp1MPW9N22sf40bTTy86o9lEZD1BZ3Zjm+ZgbwOSrouJPKcHHGNRSNnIpxZFoOrodmXKJ8HbOFoKespalrX087JGnfyu3VHUUlNUxlk0LXA+oVc60eB57fO+CQdwdigcWhDjg2rmhwQxC47tO6y1JfbnRPEVfEZG8a2hXNJ1DQzNBEgB7gnCDYwXWmW0c1ZC4bZarGCtjkAa44KqI69kg8p1D2UhjqWUefn2QttGeyr9Fy0BzdTXZC7p91UxSSwvJjlOn0PCsIaxrxh2AVRnlBhtXsn5HqghwPC6C7CMBxaDJIer2S1eyoHARLPZcyF1QoSWSkkoQ6Ccp44QxyiAjChDqSSShBiSSShBJJJKEEkkkoQSemJ6hBJJJKCZj0xJPUA7EkkkoWJJJJQg5JJJQgkkklCCSSSUIJJJJQg9JJJQgkkklCCSxvlJJQm5DiG4+n90PB7I2n3XNAVk3DDvyU0sjf2B+4Ri3O2UwRkHOFCbgD6OmeMPgY4e7QgP6etc25poxn2U7Q70TiwkjdQm4zlR0TQNeXQ1EsYd2DjgKOej6lm9NcpPbcq/qaqqgm8MUj3sPDm/wCqlwOL25IIJ7FUDul+zJtsPUNM/XDV+IB2eU4s6mhOHRB2P6RlawtJOQ4rrQ7jVwjBctpmG3S6wtDZqCQY7hEF9B2cyRp75C0LmazknP3TPlYHHzRsP/hUJuRStvUfOsj7hTYrtTvjHn++4UqS1UMg3gaPsFDf07QOOWtLfsoTcg7bnBn68ojbjETgNO6r5enmHHhOd/5kz+C1zBhk+w4zuoWWoqQ7GE4zDYbbqnbQXJh3kBSa2ra7D85HqoWXIGrfK74eTpyqkSVLTgPRmurxxurQubx0WIgJ3TvBwOVBZU1g+sI7ap/cK9zF5DNjdnlPMKYyshb9Sea2nOMPCm5gylgaaYDfCD4OCpgkDhkcJulpKrcwfkACm2+lD+U9lYADGFzR7IybyAad3ogmkzy1WegJmACqJvK00EJ305KAaIgnw24yrrQ3+kJaG+iuSyWnkovlK5rtbCQfT1QXNusTjJ8vIVoXDSQUVmQME5VLgMxs3UjqU4qIpGn7Jo65tgw2SdzD7ha+elp5tpIWO+7QoMvTVlqM+NQRH7NCLKIVFP1jZn/VcYR7E7qwi6jtT/7urjdn3QajoHpifc0LWn/Dsq2f4bWJ+fBmqYj/AIXqLghoWXaieBidp+yOK2mIzrKxr/hs+PJor7VsPYF5KjO6L6yhP+79RMwOPEJREN2KylzjxMIompnAYl3K88/gXxEp9xW0NSB2B3XW1fXVJ/fWdrsd291CHoeQfpOQkvO39Z9QUGBU9N1z/eIZwmD4s09K7TW224wnvqi4UwTbk9H45TPD91h4Piz07Jj5qoMOePF8uVbUvX/TFWB4N2psnt4iopwlHs0YZvuV1zBgYKqoeorZU/3NbE/7FSmVcL92vzlWVhh0juMJgkB3CWv2VlHMEjBOR6KLLR08gw+Fh/8ACFNBymnGeeFROyoksNG/zMiDTj8Oyh/wySB2W1NSwD/GStLgbABcMeeVAOuzPF9xjOmK5OGn+sqXTXG8gEunppCPfJViaend5ZIwQfZCfabfKP5YMbvVhwoRSRxl0uJx49HqHqwI7LpGd5YZIx3LgoL7XcmEGiuAAH4ZTyhmbqWncRJSUtSz/C4A/uVCYL2GuoX8Tb+hR/EY4DDhj7rJN6lo6f8A+e9oqqfHJEOoftlWdLe+nqn/ALPWhh9H5arBlHBcmOKQ5c1rvuMoc1moKnzviwfbZBimp5D/ALvUtefQOypTJH4wXcKuOyiHLYYjhsE8kePQoHyF8pHaIpmTR9tXKucvwCMbrpe4bYyrBM5NX3GndpqbeNuXMBR6a+w7NlcWZ7OCuy4O+pufuhSUVHUY8WnYR/yhUo5KbSIsN1pZXYZOM+5UozxuA437hRpem7dUDZhjPq0qE+wXCkdmkq9TBwHnKgKwWgYM5HBRHMa0DQMKoJvVIwOlZqH+EJwvTmDE1O/PrhQhaB2nndLAJ4Uanr6aoALZAD6FSI5Gv3ac4RgidSxuG4Ud0DwcsbsprV0DA55V5BlMiCN34x9woNxsFjvMXgXO1wVTP6Jm6m/orhjWnOQhuaOyKMpReUyRuaeUeSdQ/wBnHo+6TurLLU1Flmccn5fdn/lJ4/Ned9QfBf4h2GMy2yOmvUbDsGSeG/H6FfT+M7LjWkbro0+Rtqecm+nyFlfR8YG6VNmn+UvdHUW2oacFkoI39j3V9butpXsEFNcg4jgOOV9P3rp+z9QRmG8W6GoYQQdTRn9V5b1H/Zv6Yrony9MyPttTkubvlpP+i61Hmd3Fh06vKyfEmZai60dFGBVU+sju08rQ27qSzXWMN1iJ+Nw/bdeeXv4U/FPpFhndTsutKzvDzhZxl8kgk8G4UctLKNnNcMEFdSGvhJfazo1a+EvZ7oaRsnmika4HggoMtPIwEOG3qvLLf1ZV02llFcPp/C92QVrbT8R4XaYbpBodwXDgrWrmzX/Ii/ZoGjGQQo1bYrVcWOZVUzCXd8bqdR3qxXdoFPUMDj2JCkut4fgsOR6gpsdRnsYrsnmt2+E0cpdUWWodBINwAeVmqik6w6dk0VNO+aNn42g8L2ow1FOctJICc18cxxLG0n3Cb84XyHkVt60p3uEMsmmTgtfstBBcnTYOBg8LQ3v4ZdN34OnEZiqHb627b+qwV46A606ZcZbY91bTDcNyScJ0bl7L+RM1EU2rAON1Ka1pHK85p+rnUrxTXRslNK04IeCFqrZfqOqY0tnByOQRhPjbgROtSLoxt9FDq7VT1W+NDvUBGZWQyHAcjgg7hPhqJRfBkt0ykZ2ot1ZS/S4vZ2wqivttLcG6KmFod64wtu8Z7qHUW6CcbgAn0C6VOtcDlanxldscM8lu/RRaHSUuHDnCx9VQVVG8sliIA7r3aqsj4maoX6j6LPXWxU9c0sngDXjvhdXT+Qbf3Hj/ACv0nG2DlSjyNzjkYRo35xnsrm9dJVtA50lMBJHucDkLOPzCcO57gruafURkvtZ8y8p9OWV/ZOJMka17VCqIM7AYBRY5CSM/5o5LHjjhdCrUepM8L5D6etqe6tFNJRlhBA3Q/Gq6R4dE5wx6FW0sY22QDGCMYwtsZKSyjzFlEqpbZoNQ3+QYFQd/VXlLcoagDDgT7FZSWlA+kKPmpo3a2POPUK9/OBEqYvo3vi5wQERrx6hY+n6hlAa15z+auae6RStbzujyJlW0W+fddyVEjkD8OBz+aktOQjyBtY5cPC4RhcRlHMnUjtI0jcKMu5KhCVkeqHJGHb8oerON0eM7DKCSyQiSNezYDsgSw01whfRV0QdG8YGQrRzGkHIUSSMNOQ1JlHIUJ7ejxTr/AOG1XZZ3XG3gvp86sNCx9FVFhwQvpedsVVC6nqYg+NwwQd14z8SugJrNVOvdnjL6CTd0beYz7rnX6fd0eu8J5uVMlGbKemqvEwCQpriC0HOcrKUNwaAMknsQrmnq9WBnb1XKtr2M+paHyEdRHLZasmJ2IylI3IzjGUGMgYOUfxtQxhZ08nS3ZWSI7ZyfHNoIxhcnZtkKC4lruUJXy7C9gnDwBspLTlUNHV+YAq5iqQ9gChspvU1wGKC/gruSuHhVkd8oM8oLh5SjHlCcMNKIjaZDl5UGRTpeVCeDlKwZLVkhztONhthQHA+itpQNJz6Kve0eiAxWkYgbqK8ZBUxwIyojticoDHZ2Qp2nIIT6ebSRlOl3OMKK9jmuylTjkXXb8ZfU1TnGcKyp5s4WZpZtJAyrWGbABCzzhk7uk1G6PJo6abON1M8Z8T2vYfyyqKkqfM3ZW4kD2BZZxPR6W/CL55NRSteBgndPslUWVLY87A4UG1VXiZpn9hkLtSx1DVNqGO8jzuPRIlHJ3abftTNpkZJyg3RhmibKz64t8j0UehqfmIWuzk4wd1Ke3Aw4ZBQNHSrluQNzBcqBwP1NaoNqlc5ppHnIGQEehkNHWmJ5yyThRanFFc3PZs0nKGKwVOWC2oNmmE7FEz4chGNlFbIGVLZAdnqbPhxDmhEFGzKKira6nqRMNgSphLZYSeQRlArm+NGQBu1DoJ9TDE5242Vi9+15Kq8wtdBnG43Ch2SqdTzNBOAThXFfDq1Nws8/NNLxwcqLsxT4t3o29XF49Lq05dpVHTSZJb6HCt7ZUCqpgdWQWKnLDBUvifyHZ/Jaayah71uGSOxVeBp5CyPUtM2GoMgbjUtTV/yq9r8bEKl6mp3zRido2BWiGTgeUh8lWDL0NV4dRp7HZS6zG2yq4/5U/m7HKuJi2SNr2nkZXqNFPdUj5N5yjDyVpBB2Uy3vIPKC9oBOybTvLJRtst8ZYPKPDRcyEFnKHTOMc4cEt3xFgQmENcMrQnkz5wydUuOTUgbqvux+YpQD2KnyuHhgYUCZutpYThAx1U+SFRTujjEZHCuKec6d25VAyQxVDmEfZW1DMHgAjdKPQ6K3KH1p1nSR2VE1+iq8Id1oKlozws1Vgsrg7GyVJZNNz6JUv1A908cJjzkhPachUnhi2U1a3+aTjuVHaR6qZXAazsq8E5O6J9GOzsUmdsIY5Ry3IJ9EAOyUDJHoIOFCn/D+am5ChT/h/NIu9Fx7BHcfZCJGeUR30n7KPg6tysVnZqiuAzOVJh4CixqVDwEdfQqwkDlGBGOUBOAdlaUxEpbR54QvX7omdkE8n7oZ8gt5EnA7YTUhyhInhky3ReJUt9lpaUeGeFR2MA1OCFpIANWcLmaqeHg9N4ujKyaiyt0xD3Csn5zscZUS3MaacbYUl4wDvyuFas2ZPa6aKjXgYXnHKC48rrjucFMecNWimG7gwau5xY1gLqljR7q4hxFGGkKposvqQwhW0wDGhud17Dx9OyvJ8i+pdU79VtznAGaXthb/AKGtxt9C6slZ5njWT7LB0FFLX1rII+/f0XqoHytnZTHlwDT/AJLpo8jqrPt2ImdJ0xq6qe5yDJc4hh9Ate0kk5VZY6JtFQxsDcZAJVm3ugsORY+gi67K4qq/XcW+kc7ODwqUQEslyCSQScorSCBtwqiwzTVNE2WfvuFbR+UogkSmbFZvrOv1thssD/5tQRnHYLRzVEVNTunldjSM/dY+xQOu13qL3UAuDSWRg8YVCzR2W3R0FDFTRtxpb5j6n1VvFsMY4QYW6WDZFa4NBUAHTyEEAd0+ABsY23UbzSSZ53U0DDRuoQa9xAyoM8znEDClTSADHsoI3cVCHeQguBypGOyYQ3uoWv7gqiohpYXVFQ/TG3krxCxSv636qq+taxpbSwv8OkY7dukcOC0vxnv1ZLDR9E2aVza67uAIH/dnG+e26ix08NmtdNZKOPDGRtjH3HJRt4Opp18EN/t/+hyWeF9VUXyukDaa3xYy7jLQTlfMnxC6qn6u6mqrlM4lmshgzsB2Xo/xs6w+SoW9HUDx/NbqqSDv9ivEnfSVkvswep8F4744/Pb36GnfJXWA8pg2ejgbArJJZeT0reOzrfKPVdG43Sxn2Sf5cYV9CH/YE/6sBFiaDjITNOTuFIjGAjjLIXQPsozvpKknhRnNO4wk2rJaeCOScpmSjuYQUPSfRIkmaYsGkkkgDBLuCiJKi28AcBdx2RUlCxmAljsupIQzmAlgLqShDi6kkoQYmIyHkKEBtDgcHhEGEsBCIfk4z+qhfYZJMSQFD0klzIUIdQwCiLh4UIcyU0E5SIOUnKEHg5GV1CyPRdahTyQIkkkrbwQekm62+q7qB7qxo4E5TxwhjlGj5CF9jK1yIsdjhAkZgZCm7EDZBkY0DYq+i7IZK8g5SBJ7o0jMElRh9SmRBIY3PdEHm2wgsAxu79kaOQKpBROSMIwh/kpmzhjCjSR6TsOUSlkKUMdDQeyIOEMcog4RiBHhRy12TspKaQMKEIyS6/6iuKBD0kkkAIxJJJAQSvOlLubZXiKQkwTeVzSdvdUaexwaAeCFaWSF31DRSWi6mppiWxyHxGEcYO62tnuTLjbopgcuwA77qgt72dUWh1qOltXE3yOcefZROkq99FVyW6oJHmLSD2IRyWDbobvhsNywu29EVqDHyEZqI9RCaksoInDVlNHKMAMIUhiHM7I7N8IA5RmfSFY1BhhOHKCOUVnZWNQUcJJDhJQIahyDjCMmSD2UI+iG9pPCg3aHxqCWPPLSrM5OcjCivj1DB4KbExalZraPIJWlkr2EYw4hNUq+M8G61EYGAHFRAcq2eEugoTaOpJLuCqBOJJJKEEkkugHKhBDP5J4wRjOEhjHuhklRgIv+jIBJe4ieGnK9NeQTwsP8P6dnjS1Dm5do8vtutuulpFis835KebtoksFdAOUTTkDZaTGD0+6fjG6Wn3TwwnhHGOQZvgsrZCGjxj6I0ILpjKOE3HgUbXIlE0+AHHkojFJ4CHcpJ+CkjwL3jEk/BSwVCCT8FIBEAx23RJYI3gl2tmagHC0ROOyo7Y3BEuMK3ByMolHJmnLJIyPULjiNJ3CjZPqlk+qmMCx55SSTgMI0iCAwkkkjIJD1u9U3ITVCByRg7hRyTlN1e64SMKEHavdcyPVDJOUsn1UIOTclNMoHKE6ceihaTYUuaO6izTdkyao2BAVbV1RAyd0DkaK68ktz2cl4wsH1leHVExo4X+VuxAV3cbo6Kndg79lisSVFS+aTcuKTYsnR01e2W5jKODDg8hWDQG8JrI2sbu3H5pwc090EazdKW4IkmEEjZLTPqAiGQrw3whSi30PyUifUruiRozIMJA0wGqU8KOmUugvjnjIgc8BODifL2THVlIwYYMYUc18hPbCuOmk+ytrJuluN8LuuOPkqAalz++E3xATkuJTFRgNQyWTZwNwjtu1S0afE0t+6qDI0DGrhc8dp5JGEaqwU68lz/GpQd6k5TZr3VvbpDv3VR83StO79x7JrrnTDGCrUMAqhLpE03KqL9eo/qkayRxy4OJO6rxdYAMBu67/F5hu1o9leClU/0T5ZJpcYjJx6oLopnb+Cc/dQ/wCN1vqPbZL+N3Ds9v6KnXkKNUl0g5gqx/8ADlObFUceEobrzcDt4o39kM3CsdzKN/ZIdGRihJ98FvDQSzENxp9yVd0HTcDwDJWwk+md1izWVg38coJmqSSfFfk/4kP8cGVLmez0T4aeFkMbmYaMbFSmyNPBH6rxJtbXt+mqlH/jKKy63Rm4rpf/ADlRadiJ6He8nuDCXA4GfsvMvilXzN8CkwWt1EuGMZ9P9VQjqvqKnI8C4PGPUqzoviR1PTNdFPUCaJ3LSOUMqWgqNEqZ7jEuJeWgD2Xo1mj8C3xRkgktB2UR/W9qq3AXKywZPdsYypUN66UqMBvzVMT6cKlS+zbdF2rCJ245Ca8bbofh0s4LrdciR6SHdDdFWsbl/wDMb7InBoyy00484HED1CBK7I5wmOlAOZNTfumveJPpKXKLyJlDb2Mk1OdgJ7YPXuusiyRlv7qRgNAAVbCuD0zSPRMLWlGTcFfm2cNx+54zwdoLnWWqYTUkpGeRnYhb6x9c0VxxDWZhlGBvwV5/oDgQVFLCDkDfss9lIatZ7lT1AduzcFWUM+rDSvGbL1pcrS9rZneLGdnD2XpNl6hoLuwOppDnG4dzlZp0tDVPPZpdQI5C6DkZUQZBBBKMCMZys04MZgNnCRJIxlN1JavZAMyIE854XRJk4wkkBhQMBXWuhuMZjq6dr8/ixuPzWHvnRtTbyai2PL286c7heg5CWQjU8FJHkcFbI3yy7OHIKnw1zhgxyY9jwtpeOl7ZdWlwibFN2ewYJPusHd7NdLHIDPCXROOGvZuPzTlJNEbwWxqKWsbomaI3evZQTLX2uc8yR9iPRVsVaZAPNnCnU9wLRoeSW+hQuH6JuLy29SPjcCJSxw98LaWzq6KZrWVGPuvN3QUdY3ynQ/1TGur6B31F7BwlyhgvGT2ynq4J2h0Twc+6eRkrzKzdW+GQx+oELbWy/QVIaC8HPO6XhlbcdFo9uPzVRdbJDcYyBgOKu9QeA5vCboCKM3ErB5TfOmqigJM9GJ4Dy8DzhZuazMB8azyua/ktLsfqF7rJBHK0se0OaeQRlZS9dDU9WXVFATDLz5dgUyNmSjy2SZxzT3Sk3G2rSqOusL2E1FucJGnJ0Z3C3dfS3O1O8O720zQ8eI0ZIUCa0CpcauxVYDzuYinqSIYWjvdbbpQ1xe3Se+xC9C6W+KlbRlkc83ix7Za85wqiosNFdH+HXxmmqeDtsXLK3Ow3SxzFwhc+MHYj0U2qXZD6asvV1jv0QFNUNbOBkxk4/RWeNQ2Gy+UqC+zQytdFM6KRvvggr0fpb4s11Bpgun8+IdzuQEudWeiHsUjBtlMEIKrbN1p05f2AUtWxspH0OON1bDIB0nI7JDg0TIPw0IsYEcyeyHrxwgJvAlmM7bKM5jX8hTcZBQCCw8KBlbUUAeNgqOrpJoZSCFrCzO6iVFKJTk4RZwGZkeIzkIkdZpIDzhWFVR7Ya1UtZR1LXZDDhEpZIW8NQyT6TlSBhwxhZmOaaEgZIU+G54w0yZ9leSFpJEHgjA3VTV2dkhzjdWVPWNkHAOVJaGv/AAonLBE8GMrLNKCSGqqlosZB2IXoNTTh34RghVlVa4ju1uCrUtw5SWMGIdROH4cKLNTnuFrpraCfK3hQZ7cXcNV4JtTMyKUnnZNLJIwQ1zgDzg4V06gIJ2wos1GWEEhC4plOvKL/AKe+J1+swbDVP+biHLpvM/Hplei2P4k2C7Mb4s3y8h5Y8jK8XNO1+ABwmNpscHS71S3UhEq0z6Yp6iGrYJKaRsjTvlpynY3xlfO1rv8A1BZZWvornM1jfwF2QVubP8ZwxzKfqC3Na3GPHh2P5hZ505M9lJ6aY9YwRkFAktcEhL2xhrz6KNZerun7y0Poa6N+ofSXAEfkrpuHZcBgJPxinWylEVxpJQ6B7gB7qQ3qCtpnB1VBlnqOysHjKjvia8Yc0EH1S5wFuP7JdH1JSTYzJjPIVzDXwyAOa8ElY91op3uLm5bn0Qm0dypZM08+pg4BKDZgW4Jm/jq8YOxHqpbKyN2AQvPoeoKqnPh1Ebhj9FZ0t+inIxJg+hKDAEqdxtBIDwE850lZ+muXHnVlFcw/DH8eyhnnS10S9RBTtXsgtka/dpRFQhwx2GSTdXslq9lCsDl0HsmavZLV7KEwGB23K7keqFkpZPqoLCpLjV1QgkkklCDEkklCCSSSUIPSSSUAEkkkoCJPTE9QgkkklCCTk1ORIgkkkkIAkkklCCSSSUIJJJJQg9JJJQqXQVJJJQRLOeR6SSSgORidgJqeoTJzAXcZSSUJkbkriSShMiSSSRht5EkkkoUdXEklCHclLJXElCCXHMa45I4XVxyhbkzjY4RyzK6NIGBsFxJQW7MjDGHcpeE1PSREGeG3GMITqKF24yD7FSEkIJE+TwctnlHtq2XDBV4yyXPsVJSUBIoNe3bOU8VVe0fTnHuiknuUPV7q8B7BNu7mtxJCcjnZIXWI/gcENzmk7tyhhrQc4H6KibCwFwpdILn4ynispHfTMFWlsZGdCEIoznchVv5JtZciWnPEqcJGHhwVMIzkAZ+6IGvP4ii4CwWutn9QTlV63Dhy4184P97+ymSYLXcpYPooAmmxvKneLL3kUyTDJqSitkPdGbLnsjwTARLJ9U3WF3ICsGTcRFrTy0H7hDfSU0g0yQMcPQtRUlYPyNFZUdL9PVBzPZ6WQnkujBVVU/DXomuyJrBTA+rAW/5FapcwPVTJHY2YKp+CPQs5DmU9XB7Q1Lm/55VZJ8FqSnP/ALp6qvNLj6c1Bdheo5CY6MdirTLVkl7PKh8NevaPa3fE+rbH2ZNAXt/PCTrL8dqHD6HqKz17DwZYHMXqjW6e6coV8mDyd10+P1AMTdNWi5A/9zMGEf8AmQW/Ej4k25w/jXwlujw36jRuEn6eq9fahzN47qZD+TK6PKY/jxa6cA3ro/qa3f1eLb3HH6KdSfH/AOFdXII/9qIYCe1Sx0Th+RC9B0A7FRaux2S5RGG5WijqmeksQcrB+19lVQfEDoe7aW0fVtpe93DfmW5VzHUUsv8A2epjlz3YcrMXD4KfCm5anVPQtr1v5cyLR/8AekKnP9n7oKEZtct0th/D8tcZWaftyqAyvR6M3zDhdI3GV5o74T9W0H/zh+L1/gHZtTioaPy2SZYvjraQXU/V1juccfBno3xvP3wCrJk9McGuaQ8A59VXz2a3VAPiUsYPq1oCxTupPi1b4Y21nQdDXHBz/D6wkn30vHf2Kaz4uVVCMX/4f9Q0OPqLafxQPvhQhpZ+labOukramnkHBa/ZdgoOoKEkNvHzId+GRgAH6KgpPjX0FUuDJLhNTk9pqd7P8wr+k676NrmB9Nf6V3/M7SqISoq/qKnkxLSxSgf0lWVN1Aw4FTSyREbHI7ocVxo5D/JlzlG1NfuWA/dWAS4bpRyu8NsgB9ypGtj8FjwVTvoaeRxeI8euEWOijDRolIc3jS5QBwLhg53TyM98KrifUMGnxOOFJjqKlv1sBH3VYA2MmEAjB3CDJTU8p3jGU1tY0bSDH2RWTwvwA/cqgWnEgvsVM9xe06c+iBLa54/5lPMWuHbPKuRI091zLf6lAfkZQ67rDu5oKTbw4DRNC4OHKvAGu91ySiilHmY0/krbI7G/RAirKZ7QfFAJ7FGbI1+dJBwmVFkpX76cH2Uc2eta4GGctxwpvKSyTdu6dhvoq0SXeldokhZK0d8J8NzBdpngkj9yNkUZ5JjHJMcwJnh6uE9s8Lm6g8EH3TwMe6IvewJZtgBZ6/dEdNdRxBl2tUUjt/O0AH7rTuAKE5qdVdKp8BRulHo8J6j/ALO1HG6Sr6ele3JyGZ3CwN46C6s6ebrq6J0sI7tGSF9Z6fdCqKOnq4zFUxNkaezhlb6/I2QfJ0NPrZReJHxsTU0+zonw5/JXdr67v1rDY2VPjRN/C/dfQN7+GdjvAc0wxxg8YYvNupvg5NQudNRxHHZ0e+fuF1KPJwmuWdWrXQl7B2f4l2euDYbkDTynknhaaKW31UYmp543sdwQV5Nceh7lTReIY9RHbG6qY5uo7M3NPJK1mfpOSAuhXq4T9m+F6me5GB4OWOwPun+PVxNDdYcPdeXWv4pTQOZFc4iDwXdlvLR1XabwGfKzBx7j0WuN2eh+4JeOnbP1LE6O7W6J7nD6g0A/dee3v4LT0rTVdK3N7JAciCTg/mvVmFvLRsURaFqGgsnz++v6l6VlEHUVqma0HAkaMgq9tXV1BWgaJwCfwk7r1yvpYayE09RDHLG/ZzXtyFhL98JLNXF1TbC6lm5AYcDK0w1GSPDOR1scjQ4HnupEZDxq7LCV1j646Tlz4ZraVv6gKbaus6d501LHMI2c3uCtcLkxcopmreMlBkpoX5LmjP2TIaxs2HNwWn0UhrtQWyN2DPOsoa6zQSEkDGe3ZZDqDoWnrGl7ImsfjZzQvSJoi4ZxlQ5oPZaqNZOp8HK1vjatVHbYjwO4WK4Wx7hJEXMHcKCx+DudwvdblYqevj0viaCR+qwN86Akjc6WmaQf8K72l8hGf58HgvK/TEoffTyYwnKYW7cp9ZRVdFJonYQAeUJjvRdurVp/gz57rvBQ3P5Ig3MOeMJhYDs7BUtjQ7kcpr4Mb+q3V6iMvyPG676clB76SslomOOqPYoBFVASMux6ZVo9pZ+FDeRKNJGy0KUZfizzd2ktplixEelu88Lv705HIJWiobxHMweIRlZee3GQ/wAgb91AkNXQvGoOIHoiy4mR0pnpkc8coy1wXScBYGj6i8LSQ52e4ytJbr/R1YAMhY7vlHGwTKlotiDlcT9bHAFjs5SPmCNSyK6GZKI2UjAA4QXbEofiYPCMosmPz25Sc3UosUwwAjCoace6WwNoxzA3cBRKyGKqgfTVDGujeCHNcMgqwcQ7ZR5GADnlKlHKCjJxeUfP3XfRrum6sT0kR+XlcSO4CpKKpc0gEcL6Evtkp73SGjqWgt5HqCvCOobLJZbjLThrtLXHC5uo07fR7Dw3l57lCTxglQVeoAEhTGSZGccrMQVTg4Y7K4pa6JwDXnBXLsp2H0TR+ThbiuTLCSXUMYVfMzJPupetrhkEYUabcJLTOlZLjghmR8LwQVZUdxZs153VVUKI6QxHUDwgbaEQ1EqpZibSGoEgyAjagshR3WaNwaXbK/pq2KWNrte/cZQ4OrTqoWxySzIBshvOQcJamkas5QzINxhWO+UC8b4UWQDHClOOVHkCiAbyQpgXEY2UaVuwU6RoxlQpG8gIPZmtIsgAUORuN8bKbLyguaEKiY5x3EItxyFGnbkAhTZQNsBR3Z4IS5Rz0ZpLkhtcY3BWdJNrDSdlXTs3yAlTVBYcY2SGsGjTahVvDNHBLpIwQrilm8RoBIWZp6jOArakm0ncFZ5xz0ej0mpyi5Y90bg9jsEcFXL3fP0QcTkgYPsVnhLrA2xhWNvqXRO8POx5WVo7+mv3PD6LyxVToHiKU7YWjlIkhMjN9KyURBdtsVpbPM2aAxE7pUo5O7VZgFVN1MErfqZumXACutzauJmHjn8lKcwCfwXN2OybA0RSS0UmzX5LfZKaHbiHHKTBE8ndqtaWUTwBxIyqN7TEJPRmwRrdUlsgYTsURUZ47J1Qd9ICqYZDT1TmuH1FXFR2OFTTDM4k9CoSx+ydL/MwSs1cYiKpwAwtEx+rcBVdzi/m+Jp5VozW/cif07VxiHwe/CV0ic2pEvY8Klt9SYKrY4GVo69rpYGvHbcp0JYE7sx2sprgdhMeQod0aZbbrG5KnVrDJAdO+yiNb41EYwtlZz9VDdHBgatmicKfHIHRMG2wQLrTviqCHDglMgfhgyeF3NDLbHB8y8zRndkK5BJ0ODscKQzkqNOCSMBdeJ8/ksZRb0R8SLIdnIQ5MtfnCDaZSH6CdiFIqW6TstMejM0Ha/VGHZzsosu59ESnf+HKbM3bIQMuHBT1X8qr18gqXbqj+cAcDKFVxhw43G+VEppfDqWgjYFKxydnQ2fdtNNJiRZ65s0SF+NwVctmDh91WXRhOw9UEzrTWSM15cAixuPcKPER5RhSmkYyAlMW0VlX9blAPKsKr+8KgEHJ2TDDP8sDTwgd0c8IB5QBofkqNP2UhAnGcJNpa7AOOASgggu2RHjKHp91is7NMZYQVnCkRcqJHyFOiA0j3V0irAjeyNhulBXQTqG61ZwZkJ2rfC4NkTG2Uw8pUm2RnEkl0bkD1U6LissvrHDG2B0uPMTyr+3MJlGkZVZQxNZSs0jGwJV5Y2Ze5x9Fx9U8yZ7Lxq2RijR0o0MwE6V+2AU2MgNwgyO25XKae49NKWyODjiM8ocztIyFwnfCG8hzwwHddPQVOczz/ldUqaXNlvaI2mN0xbuR3TqqU54z+Sk0kfg0oDhvjKiOaZ3loG69np4KEFE+M6m6VtsrJe2azoOhE0j6k9h+i3MdEa24U8IGWRfzHD1Vb0lbmUVsYNAD3gOJWksVO1tbU1rtxp0AJp5/VTcpZLtoBAA2AXSMLjTgcLur2S3yYHlhmnCxPUdQ263aG1xE7ODn4WruNTHR0clVI7GgbD1WS6SpDW3Ce6TZzK46M9giURyWItmztkJpaVkQGMDhWEWWknCjx42HYKWXsZHreQA0Z3USwK3so+sKqR0MVrgBElTjceh5VnZKBtBRRwBuCB5vcqmtcUl1u0txnaS2MlkYPAC04AAwFZXYdmMJkzsYCQIAO6Yx5Ls4RMpLBIpW53cEeQjGE2IAMCFI7JwClFApySdkOMeqed+U7yhQg1QrtXUtroJrhVSaY4GFxU8kDleO/GjqGe41dF8P7UdU1dIfnADxF6f59+3uoaNPT80sFJ0Y2TqS713X1aHNZKCyijcc+Ez2/T91M6l6gp+n7TV3qZ48RjdMLD6nO/6q4ZRRWa2U9ppgGsjYAQF8+fFzqtl6uzbXCQaejODg8u7/AOiCVvo72j08tfqVFdf/AGMHernUXi5zXCqldLJK7Jc45UVccwajjYLqyXc4PdV1fElFehBu/KKOAhfZEagRU3+h5wAhk5KbKc4wUojndRlqKwEwF1OSVkUcDVzSE9JBjJHwRpGA7gIL8Y4Ut/GVElGMoJRwMi8sjnlcXTyuLPJ5HLkSSakhLHJJJKBDUkklAxJJJKEEkkkoQCmb59lIQsBQgh7pYCSR4UIJMaDqCR+tdS28F9BBwmZOcJoJ9V0cqigg4XVwcJHhQgjjukSMJhJyuZPqoQ4W78rqSShBx4SHCS5p90Mlkh1xK7qz3XEsBSMsBj2Y33UlrW4+pQXb8FPbM5uByraCjLaWA7pgac5Kjx1J7jGUdsoI3UHKSkNni8uBvkKtLS0nKuHYdsVAngOo4G+VGip15AZKcxx1BNIwutUzkSnteSVG/YJ0jcjKj6xGQcKazTJG12N8KYHVy+TKZCe1wIwE9nZEkaB2Q28phml2PXDwupKFEZzXajsmqUQMKMeT91AkziSSShY9JJJAABXQSOFxJBnBCys1xdbbjFUNcQ3IDh7K1v1N/D7tBVQO2q8TB33WcacHKu56l9fa4S4hzqU5HrpTo/cE5bHlG8t8hlpo3u5wMqe1ZrpGrfU0bg/Pl4Wkbsp0eq0M99KYUco4IwojPqCOwnbdD0blwHRkAHsjA53CjDOojOUNEZyrYZIZ9IXVxn0hdVhsYmIg5QzwouSSlg4Q3BUUc49U9xJdjKY7fZPisIRLlHlvU8Wm9VG3LiVUgYV71hFovT87ZaCqTT7qmeC1H+7JP9iHKecaeEzT7pw4KoQMPKS6QcpYKhBDlPwCOENEG+VCDQMd0jwfsuaUWnZ48zYR3VpZ4Kb2rJ6L0LSNbaBMAMuWi0YKBZqJlHboIY24GgEqZpxg5XUp4gkeS1U3bc5HABhE047LoG32ROTutUF+xUp4A6fdSKWM6wcZXWR6jsFKpY/Cd4hCZ/gROz0jlfJpaKcKbAwMp2DHZQKeN1bXmQ7xx5z/ANFa6R24RIy2PA0gJmDnKIuYCsSID1SwF1JHtGcjsBEadO6YRhPAycBTAUuizt7MsD8YAViwgDBIUGkGIG9sFH9N0UVgyy7CpLgIwkSMKAnchLI9UMk5XMn1UIFXDwmrhIwiIIk5TTumu5KY6RoHKhBx+6aXnhBdMMlCdU5ztwrCjHd0SS8BMM23ChTVDs7BRJaioOPMcItprr0dtvSJs9QGnkKHU3KKNvnKjTzEfU5VlVUUjN5Js+yHB0avE2vlhau95yICc+gVZJU1kx1ayAfZcluNAz6Bx3VfV392NMRBU2N9I3R8bGtfcw9Z48+c/TjhVwhEbscEqLPX1UrtQOPZANRK/d7sq1V7YxUwhwWjjCANTwEI1FJHu0En2KrnPcRhzilr2zhEq0g1iPSLA3CPG0ZCE+5TAaQcD7KEH6jhGbBK8DAVqEfRJNvobJW1LnA68rjpHuPnO/3R22+V4DiMBEFLABl7sFNjHCA3cckRodhd0nO5UsMZ2GyWhn9KEU1yBBOEi0lPS1+yErI3DvVNcwkYRElRZHMIPZc8MeikaR6JeCVTWS00iKA3+kJbcYUnw0vDV4KyRMHsMJEEjClZjGy4XR4VlrJF8J2eE4AgYynuewO3CYZoP6jlC1gLBwNTwweiYajPAQzOcfShwWkE0D1S0jgFRzM7P0pGZ/YK8B4Yd0GrdNMQQDNVdnbLmanO7sqbSYDGFvsm+F2TNbh9X+acXHGcZVJeikzrDUMOYZS0hTKa+XenI8SXIHuobXH0S857KnDISt/ZoIOrGn+VcKZskZ9uFNZJZqpgfR1RhceGuOyxzzq7cJok7DYhLlUM+ya5RtQydnDWvHqDyniU/ibhZGlu1bTOGmclg7E5VtT9R63YqIgWn0QqszW6aMnxwe0h2/CLlunj91GBHYpNmJOn0X5k67P2fGYVyEXHJ8qOxocMhN0eyW+RsZEV7ByiUtXVUMglpJnRuB7HZPcMY3Qy0FVOGRqkkeh9PfEOmlbHSXZrmSDDfEHBW0jrIpw0wv1gjkLwfGNjurSx9S3OzzAsmMkPdjzkfl6LLOnIasPbmS6gMlGAz3WQs/WdouIaGVAa89nHG60sMwcdGFmdQ6LbJJ4SG6TTq7Lmn3SZRGJ/sdkpZKSSrAwWSmvhgqB4dTGJIzy0pyStPBTWTIX/AKCEpfUWKRsJ3Phu4KxDpamildTV0To5GHByF7U1V91sNruzC2tpWPceDjBTlPIO08xgrWuaNLhg8FT4K8sHnGpvoSnXboq62hzpbfoqKUEnw/xNCq4KyGV5ha7Dxy08o1FMKMsGgp5LTUjABhlPfOxUqk+Yhd/Ln2CzrqfxMEZB9UWnrqulfpcS5o4yhlBDUzf27qaspSGTHW33K09FfKOsaPNpcexXlcd6a5oLoyrWjulPIAGv0O91nlDJTimeoAgjIOQuaCeCsXRXyspSCJNbPTOVpLf1BS1AAk8p7oUsAOvklVVHBUxmOohbI0jcELF3f4fwOLqmxzOpZucZ8pW/BilGqJ4cD6ILom5+n90UZ4BweP15npXiC+W57Ht2E7Blp/NPaYZWYcGyMI+69TrbdSV0RhqotbCONljLl0BJHqnslUWu3PhPOxTY25KPP7x0VQV2qakxHId9ljK633Wzvw+Jz4x3C9Nmdc7bIY7pQSQ4ONYHlK6W0NxbpeGPBTVNdF4yeZ0F5dDIHxSOhkHcHBXoHT/xXuNs0Q17vHi4yTuod26EpKthlpAGPWNuXT12t7yNDnNb2wr2qXZFE+j7D1lYuoIx4NQ2OU/gccbq6AHLTkH0XyTFXVNO7RqfG4HjO2Vtenvire7XIwVcxnjaMEHfZBKnPRWD6CI9UBzBysvYfih05d2MbNP8vK4cOOy1MNXDVsElNI2Rp7tOUr4mRsGQMFRHg7/dWGM8BCcxpyMBDtZW/nBVyNOeEORgcMOGVYSQjOwQn0+RsELTDyVE9DTv3LBkquntuDqiGFoXwu4wgSUpAQZeQ8lB/Op9gF2G5VEZw87BWklGTny5yoslrjcDnZOi89lokU1xppwNcgBUt0LJmhzTt6rN1tsljYZIckN5UWG+V1uIAzI3+lx4V4GNGmfQg5Bbyoclvbgolu6moK0BkgDJOCD6qxY2OU5bj8ioTLM5Na8E4bsPdQ3UQacuaPzWskgb/R+6AaWJ+dTAoEpGPntscmXMGh3soElDNGcEDHqttU2yKVv8vyuUGS0zM31NITCjKugxs5pCGKNkjdLmAg9ytQ6ijA0SRjdRn26LP8vZK77JKCZl3W6alJfRTSRO7FjsYV7ZviT1f09oill+dibtifzbe3oiy0JHAQHUEch/mMQuKBdSZvrH8b+mq93y93DqCcYB1HLSVvLfcbVd4mzW24U9SHDP8t4K+eKvpqiqQS5gz2ONwqttou1imbW2Wsmp5mnZzHYz91nlHIiVOT6ldEG4wkGZ7r59tPxo64sdQ2K80rLnANtIGhwHrnfK9CsXx16JuThBXTSW2c9qkaWe3m4Q/G8cCnW0buophLjLQcKvms7H7xOMbvUK4o6uir4GVNFVQVEbxkOifqGPuieEDuAs7hgVtZl5m3aiGkOc9g4IKmUnUtRTaW1LSR2JV06IAaQFDlt1PUBzZYmuB5yEvArBPpuoYXgSRzfllW8F9icwF2DlYmfp0REut8zmO9CdlFEt+tz8Pi8Zg/pCHYwHXGXZ6dBXQzN1McPzUlrw7uP1XmdN1Ax5DXOdG/uDthX1FfIyBl+fzV8iZ6fHRr9Q9U4HCpae8QyaRvurKKYOAI4KmMiJVNEkHK6mA9wu6kL4M8ohEklzV7KZBCJLmQlkKFHUkklCDEkklCCT0xPUI1kSSSSgtLAkkklCh6SSShBJJJKEHJJJIyCSSSUIJJJJAAPSSSUIJJJdZ9QUI+BBp5ATwDlPAGEsBQzyaZ0cJJJKAiSSSUIJJJJQgkjskkoQEXEH6VzxR6IxYMIJjGTsrIPBykkGkLpBHZUQ4km6j/SkHE/hUIE0+6Wn3S1eyWr2UILT7pafddSUICSSSRgCSSSRhiXDsupKEGF5HZc8Q+ifgJYCAABK/AzjhVst5oYjiSRzfu1XIiyOMgprqaI/VAw/doVsIopeoLXGMmtjx6aXZ/yUKTrOyxHeo49itMbfRu2dSQn/AMAT2WW1Dc0EGf8AkCoJT5MoeuLIAf5h/QqJJ17ZmgkCd2PRi2/8GtA2/h1P/wDcwuiz2rkW+D/yBAU7EjA/+0e1sJAoKw+4jQZ/izaqfY2ysP8A4cL0cWm1YP8AuEH/AJAk21W5uQKKID00hGT5zy//ANstqzgWqr/8qJ/7W6EjJs9Xj1wvT/4bb/8A5Dj/APKEQUdMQG+GMDgBXgr5zywfF61g+e21Y/8ACiD4xWDG9HWZ/wCReo/J0oGPDQnUFK7OYshUX855o34ydNNP82CrZ/4MqVH8Y+kC0AyzDPOWrf8A8MoRxSxHPqwJgs9t/FQQH/7WFeCfMYmP4v8ARryB848E+ylj4p9FvwP4tG3/AJjjC1D+nrLNtJbKc55BjGChO6P6aeB4tkonD08EBXlgStyUcfxO6Mdt/HKbJ9XqXD190lMQG32j3/8Aoilu6F6Nk+rpui/+5hA/9nPQZ56Wot/8A/6IsFN5JUPVXTk+zL1R7/8A0Zv/AFUmOvpJyBTVUUud8NdlVn/s16C//pei3/8AoYVlQ9P2qyxiK10FPTs9I2BqPAuTwSA53dc8cj8KfjbCWkeimUA5A/mmj6wQnfNw/wBR/RE0N9AuaB6D9FMFt5E2RjhkOC6S0/iCb8uzOdKRpITyD+RUwTJzA9UtPunG3Qf95KP/ABIfyQ/DUSj81ZMj9JXCwclN+Rqwcx1Ocf1lc8OvZsfCf9lCOR3TjhLQVz/eRu6Ibei6ypafKYntI9VXsH2cII7JpeTsYwfuieNEPqOMpoLHbgjf3VluWCDV2+grsfNW6mkxxmMFZ64/Dboe5F3jdO0jS7uwFpH6ELZMYDsRlOfRU7mg6ME91A4yweZy/CCzU2kWe73GhaPwsmJCYeiusbb5rR1i6QcFtU0uGP1XpDqMeqG2Ajt+aoLPJ58H/Eq3OIc6nq2OG4ZnZEh61vNF5bl0/VN07F8bVvDE4cbJhhDzpeAfuMqEckzHw/EilEgzT1Iz/W3hXNN1rRVABGsZ7FTqrp+gqm+eliz/AMoVZL0VTfVC98Z/wlWDwWkXVNqxmZz2/cKwpbxa5AJBURkO43Cx0vSlRGcQyOkx/VugPtFXTgOmpvL/APQxgqi3FM9DbVQy7wSBwT9Tuey86Z8xD/cz1DPzR4bncoTn5yR33KsX8Z6IwkHJThU+oWJj6grAMGTJHurGm6maGATMyQoB8aNOJteNkTxOFTw3mjkYHh+M8gqTHVQvGRI0591WCfGTtiEIwMcckDnKY2YOOAUQElVjAtwa5I0luhcS9g0eoCB4FRHljZzgcZVkXae3KG5gcrQWEiGyeVnllZn3CI2Zj+yfpHB3SMTXDAwPyVyltAwNyDwV1Ckp5wf5RTGumH1s3QqwPCDafdMLMgg9/ZObM14HqnEgd0xSx0MfHRSV/TlsrYtMsQa8/iAWPvHwxBD5acNe077D/RekuaktENTZAZTqrIPs+db58PWBz2vpME+jVi7j0XW0Gp1FLI3fI0HGF9bTUdJMS6SBjjju1ZW8dD0Ndqkp2iKR3YcFbqPIzi/uOlT5DH5nzrQdW9Y9OlsU7zUQs/qBJwtr0/8AFOyXDTDc5PlZeMkbZWmu3QE7I3NdTatPcDOVhrt0HaZi7x4Sx5HLRhdavyEZI3Q18JdHo8VTTVUbZqSdksbtwWnKIOV4i6ydUdKv+Y6auTwwHOgnIIV7ZvixX0kjaXqigeTwZI24/ZdOm/JthZvPVHxxzxlkrA5p5BWSvPw46eusjpDAYHu5dFsVZ2LrHp6/eWhrmiTH93IQHforst1DI3A7rZC5h5PFbr0N1X0291RaKp1bSg5EZJLgFHourJWkU1dG+CQHB1DAyvbtAPKq7x0jZL6w/NQHxHcvxkha4aj9gykmYqiuInjB2dtyFIawSnjCh3T4bX6zOfUdP3DxYxv4bsql/wBpqy2SimvNFJC8bF4BAWyGog/Yp9Gjmgx9IUV8WQcj9kWluNPXMD6epY4ntlH0SO/CFrjcjNOtPgy926WoLk1xdA1rz3HdefX/AKFqqJxlo2lw5x2Xsj4SBkgIBp2ybHZdDT610s5Gv8Pp9XHa0fPD2yQPdHLGWuacEEYwuCbJAwvZr50HbLo10jRomPfsV5xeejLjbJHHwi5g4c3dd2jXV2L7mfPfJ/T1ul/21lFK0Mk+pKSijc3MQGShujMZyU6OVzSAQupXqZR5ieL1njK7c5WCLJDLB9Q2QXBkw0PaHA+qu4/lpm6Z0Oe0tcCaULbVqt/E2eK13g51zcoGVqrCCDJTSYdzhU8tRVUEmJonADuFtJKKeE/zG4QKilhmaYqhjXA9iFqTzyjzt9U6ZbJIr7N1NM0geNqA7ErWUV7gnaA4gFef1/TlTTudPQP1N509woNNeqqik0VLHNxtlV8jTxgzyo38o9cEmsHA2KE9uFk7N1Y0YaZA4HsTwtdT1dJWMDmPGr0To2/szTrlB8gtTmFPEhd+SK5jSCNI/VRTlhJ0/umZAxgmMnaAA92CnyBrgCCCq8vzthEEpGFMEwSWgAHPZZXq/pmkudK+dsQ8YDkDlaQvLguSgEDPCTbHKGUWSpmpI+brpaqi11JbIw6MnBwgxu3Xs/VvScNwhfJFGNRG4C8euNDPa6l1PO3vsfULlX1Z6Pa+L8hXOSk2GhqXtwAcKUJNQ3VRHOCcYUyKbYbrBKOD19OplLphaiPVwFXSRHO4ViycOG4Q3BsvAwktGjduK1w07kpMrpYnDS4/qjVEJPGyhPge3fGUBcZyg/tL2huoIAlcrJs4e0HbdYzxHB2W7YUhlxnjwA4kD3S95pq1mOJGqJxuShOl1AjGFT012BwJcqa2dswyzsrTybI6lT6DOIIKhP3ypBPIyhdyrXJbsyQ38oDxlSnoLhlV0Km8ER49UCUYbsFNk2UZxHdLayhE2QZWkZyomS1/HKnz4xsoM+BvhInHJisfOSXSzkEZV1Sz6tOwWbp6gNdwramlGAQs81wdnQahKODSU0gIypbXEEObyFS00+kjJVtTya2jZZZQPS6S/JeUkwkjB7q3oKgxEFhwRv8AksrSVGmdsZzytDSP0u9dkh8HodPduRopnF+ioYeQCCg3HzRx1LORygQVJ8Lwz+SkBwkiMThkOQHQUskNw8aB+ManDKh0kvhvHGRtypVGTDO+nec5+nKq5mupql7H8hxKgEnteTRNm8Zg2VfVsIdqwu0E5AwQjVGJGZCg3O9Eanmw7TjlDrmhzM6UNzhFOHZUiVwmgPl+yglozriWykjkFayke6a2gvcM6cLKzMLZDnucq2sdQ4xmF7+TsjRnzgdIdPlKgUR0ySsB2yrKsjLJz2CpjqhqTvsTlaYPBmuRQdSR6JnZ7lU8MuSAtV1JTskg16d8crG/3bxldjTWbTwXmqMTf9yzYMjOU2Vnl9UOF4LRgoxOpuF26pbkfMtTD47mhtC7TUKznIe0FU5d4UgKtYneJC12ey2w5RktSQyMkO5T5PpQnHDwSiE5ahkCiHUDIVW8mObOO6t5RkhVle3E2RwlM26aeyaZa05OgZKFXsDmAn1Q6KXXCATkotYNUYA9UiXJ3t26KZUx4Dxv6qXGcgHKgSZbMWYxhSacg7ZQi5S2kerBEmT6qJIBgYU6vADc45VaMkHJ4TDJZzLI14wSAgEHKKeU3AQBLoaeD9kF/BUh30n7KI9pxwk3FoY4AEgIeR6rru6ET7rDassegjOVNi+gKEzlTovpH2R0rCF2ehy6OVxJaRMpbQg4Qi7c7JHbYFcQYA7OtRKduupYOwQhyp9rj8SpHslW8RyadOszSNNG3EYwMDCvrHH/ACtWN1TNILQMcDC0NojEdOCRyuLbLKyz2Gjr+9JE0nCBKeMFElPdRnHss0I5kde6XGB+dIz6IdFE+orw4cDldlfob+Sm9Pxh4kn9dl3/ABlP3ZPCfU+r+KjbnstZXlrQ32UiyUD62vY1g4IKizjUVrOgbe6WsMhHZemguD5lqZbYbjasiNNTCMYDtOFa2uF0VONfLtyokrBJK2Fo3yMq1iGAGkYwMIJy2s4krN7JA4TgMpHgJBwaC4nGEIMVlmX62uWRDZ4cmSYgux2CurFQNoqOMaMEALL20PvnU1RXvZqhgPhtJ7kclbloDWgNGAEwKfCwGZyq3qSsMdK23xn+ZUnTkcgKybhpy7gcqloWC9dQzVrwfBpz4cfocKGfBeWe3i30UcecuwMk8qemhvZdJwqLFK4jAHdPgGTkhAbqklA53U5rQ0Yxwr7BbwP3DeeAoxOSpBdsQSo55VooceEMk5RDwhOOASVGWiFe7rTWS2z3Ssfphpo3SO39BwvDegYJOoL1ceuLk0+LVPIh1fhZ2wr7419QG8Vtu+HtuLjLWvD6ktPDMjA/zUmGmhtFpjpadgDYG427lKslg6tVcq68LuX/AKGW+J3V/wDs9ZamoDgJ5QY4d+D6r5lmqJKqd88jsuedRPrlbD4o9TSX69PgbLqip/Lsdi4clYtrdKxTnk9t4nSrT0ptfcMLsohQkYDKj57Ow1kc1qc84HCTQACScJjnZ2UAQM5c77I8WyYwZ3IRnNABIUJY36GLqHvn2TxwglLALHojUFOQ9klyjr2YGcqDO3JBwrH6gRhRKlukKprhF18EEjBwUxFeN84QlkmsmuIkkkkIQJFSQlCD0kklAxJJJKEEkkkoQSCkia2+qhAa4BhdBGUt/VDJ4IMAwnpqcgIJJJJQgkkklCDUk5JQg1JOSUINSSSUIJJMSUDFnKWSkkoQ7qIOQURr3DbGUJPUInjlEpk/AJ49USYtcwOyFXvJBCOyTAwqazwGrX0wEwIdwk1PmIOMJkaqKwBJ5HKXSk6cHsoZUumIHJRYyFTLbMfM3BG6HgeqPMzbcchRtJHdMaKu4mdSZ2SSZ2VCzh4UY8n7qSVHLXZOyhaGpJJKBCSSSUIdHK4dl3Q70TsO/p/dC1kFnAdPupFPIG+R+wKBgp45UTwUzRdIVEsVc+LV5HDhblju4GfzXnvTkmLgPcLet24KvJ6Dxdma8EsHKK1R2o8fKjOwGGfyRB7prSMImQrDEzlGZ2QWfUEZnZUNiyUz6QuprOE5WH2cPCEeEU8IWcK12LmAIOonGyXcIhwhk+bK0LopHm3XgAvf3YqHI0q769z/ABsY/oVACccoGeC1ixqJr+538SIOEMcp+dsKjMdwFwgYTPxJ4IwoQZjdPBGEiQmEnKhAisemaJ9Xd4QPpackqtb3K23QNul/m17hhp8rdtyU2mLlLBl1lvx1M3DGhjQwcAYRCmBpxwiBuDuF1oxxweVlP2PAwiDdca06RsiNGThPSEyY6OM6gQi1LiyIhvJGF2JoG57LjGuqarGPIzZFgS5Em3QeBTgHl25UpdawABo4CWn3RxiIm8g0k9JWLEkkkjHBUSH6ghokXIVEn0WUWzAAnZKGz6Qu5wjMr7DZKWSh6guF7ccqFYH6glqCjmXfAXDIQOP3ULSyS9YIO4QvEwMlRvEkOw5KTI6hx/mHbso3g3UeN1Go/CIV0/IAUdznHKP8u4bkJjy2NuTshcsHe030xZKO61gBqPJQyMZJUatvFLSgjUCceqzFw6gkmcWxybKLk6FXiKNLLLWTSVNbTwD+Y4fqqSv6kihBbFhUFVWzSbyOJyqyariGdR3BTI5HNVw/FFtVXypncS04H3VbNPJOcyPyoTqwcNCB8y4p8Y4WRU7PRNJHqo+rDiQo5nJ5ykJCTgBTfgzNuTJBn3HlSMpxnC5BE6Y4AVhT2uWQguGAo5ItRkyvd53NwpcFDLJgBmQVbw22jhAdL9Sc6UxjTFgNCnawGoe2RYrbBGA6TkeqK51Mz6Tv9k2SRzzuVwMz2yVSTyXJJLhA5Z3nbOyjcu3KmGE5Ae3ZOEMAH0bppnlHPJGbG7Cb4ZKlnA2DUI63bNZsq6FtMEQByVHke1nfKkSwSO4Ci/w2pkPKW20SNTZzxh6JhqgOyL/CpxjUdkUWyLAyMFA4th7MEM1T/RDNVUcA/sp5ocbaePdPFIBvgBFsFvgrfFqjvqXC2qIwXE/krPwWdmfukGNHZTYBvKww1X9P7rngVR2LQrUHAwF0OGcKbMFxtwVXydSeQE0UE4/CFciNxGdK5oKtxJK3JVCjm9B+qd8nN6KzEbicBdLHDkqthXyFZ/D5j2XRQTA50q1DXHsuGN4OMIlHBPlZWigkH4F35GT+hWXhH1C4Y8cuCLCL+VkAUT/6R+id8qRywD8lMLQO6WB6qtqK+QhfKDPCeKRgGCFKwMFMwPVDgpSyC+Sp8HLQokttiJ8oAKnvBPBwkqccjFOUeimloZ4zlo2QjrZsQrvTnbCjyUzXHOlKcAvlk+z2tjs7ZRNHl2GfzUJj8d+FIjqDjBX5inE/ZOUEbJPE7J2CkCYOABG6ja9ST2u2czZKwxm5Eo7jKGTq7cIAqXswH7hGieyUeU5V4C3CzjsmFuQd0XT7pafdV8aaGpkUt0Oy06fstPYviDcrcWxVw+YiH4vx/qs85mSN0IxOOxKRKrIxSa6PabJ1VbrwwGlq2tf3Y84KvGEkAnuvntrp6OQS08rmPG+WnC1vT/xJrLa4RXRjp4eNQO4WaVTQ6Fmez1wHK6qe0dUWe8Rh9JVN1O/ATuFbg5GVndbQ5STBJzPqC4RhcShocEYXcj1QMn1KWT6lQgV4zjPHceqzXUnQtvu5dU0LRR1POqPbJ91o9bfVEyEyM2uAWsnkkwu/T87KS+05Ech0xTDgn0KmRSQz+Zj2u7bFemzQQVcLqapbrjfs4LF3b4atptVR01MYgN/AJ2RrkvopnUwb5mcHfCGGuB5IQTXVlrk+VvNK6OQd+ysYZ6SrYPCc0qmv0HuQ+mraqDGJSWjsVdUd/hGGyNwVTCmeXeUZaimlj2/l7oGsBJmyorwzZ8NRpd9+VfQ306MTRhx9R3XlgBbsHkfmrKgu1XT4aX62js5LlHCKxlnpsNXT1IGh4B9CnuDRuSsZR3qCXHm8N/urqmuDpGgOeHAcbpTyibMon1VNS1sZiqoGSMPZwysjdvhxSOLp7NUOp5edOrylaxj9Q+6RJzkORRk0A4s8vlhvlnk8KtpnuaOHNGQUaCtoq0ebQXe69MLGSDD2B33GVmLt0Pb6kmW3NFM/nybAlOjMtMxF26Otl0BeyJsUh7t4KyFy6CuVDqfD/MYNxheiVVuvVmdpliMzB3AXIrtC7DJRg92u2TY2t9FPk8efBVUMmHgxuHthXtj646hs7mmlriWt/C45C9DrrNZ7zHpkhY1574WWuvwwnaHSWlxzzjKPdkXtyaqx/G8PYI7xRNBGxdE1b+zdU9O9QxtNDXRmRw+knBXzNcbPeLS8tqaeQFvcAqHDeHwH6/COd8ZGVWxMGWUfXklveW62YcDvsowhIJDhjC8F6Z+LPUNokaJKo1cAwNDzkgey9Is/xp6buf8ALukRpH8ZzndDKvjgrca404O6A+Eg5xnCn0z7fdKdtTbK2OVrhkaXLghxseQs8oYGbirMAGQQo8sPsreSIemVHMQB4wqw0RT5KgwO0nLdlXzW2CY+aMA/Zad0LMHb8lDlpt8huFbkN3ZMZXdOEOMtMSD6tUIuvFqkEkcshP32W2khIGzVDqIC7bAVB5RVUnW0flirosO4JCvaO426uGaSqY5x3IzuqCqslLOS4whpPcKqmsT6R2uglfE/kFpVyeCzdmFzeUOSPjusLTdTX6zPDK5zqqLjzb7K9t/Xlkq5fBnd4Lz2dxlEiZLcwwu2ezVlAkoIzvGMKdBXUNb5YJYj/wAuxK7LCSQACoTcU8tvkHbI9lFfRe2FfmB4GccobontPmjwhcclp5ZQGlePwfuhmndwWq/8NpBAZyh/LgctQyi0WZ2S1wyO1PiAJVRcujqWuJOgNPqAtwaduD5Ao0lPjgKk8C5YZ5xHaOq+mp31PT96q6R2eY3ktP5dlqrN8eOsunWsh6it8dxYzYytGl5Hv2/Uq0dF2IUaa10szsvhbk87JUlkB1pm7sHx06G6haGSVn8PqMbx1Z0Nz/z/AE/ut3BVU1RGJKaUSA77FfNF3+H1BWZlhGH84VZT23rPpJxqOmb7WUjwdm6i5n20pfxpiJ1n1YDnbCeO+V88Wb499V2dvy3VdkZVlgw6eF3hucPXJBA/NeidO/HDoC+N0SXT+HzbAR1g8ME+mr6f3QyrwK2s29XaaGpB1xBrj+JuyqKjp6WEeJQ1Lg4diVfUVXTV0LZ6aohmY8Za6N4cCPYjlG078JO0FrHZm21t0oY2ioiOB+Ju6mUXVXhnE05b+auSxpGHNB+4UOfp+3Vb/EdC1pPOAqwC4JljRdR+JgiUOae+VdUt0p6gAasErAVHTNXA4y0E5AHZAbW3S2ODZ43ux3AS2siJUbj1VkwOEXY75Xm9B1W7xA7x9J4IcVqqDqKCcNbI4AnuCq2mazTtdF7qz3XQTlRm1kLuH5Tg/O4PKszyg0Sgdtyu5Hqg6sd10E6sKgMMKkuDhdUKGJJJKEHpJJKEYkkklBbEnpieoUJJJJQg5JJJGQS6BlcXQcdkLFWHEkklQAkkklBo9dZ9QXElCpdBxwupiShmY9JJJQgkkklCCSSSUIJJJJQgkkklCDsBLAXUlCA8BLAXUlCCST0lCDEk9cyFCAk9JMUIJJJJQg9MST1AW8AhuieGRg4TUZGUN0N9EsMXTwuqAyltG4b25TsHGEhyjADCtLItzz0Ba0g5RABhdwElaRYk7ATU9UymJJJJUCJcwF1JQhzGUsYXUlCCSSSUIJJJJQgkxPTE0I5p90tPuupIwRJJ661QpMWhvoupJKFiXCcrp4TVAZPA7bsF3A7LicBhQBZZ1Ac1ruQjoShaG+HGdiwFcNDAeAQfYp6ITgZUIyI+gDNxUSb+64G1EflBD2+/KlmXPZdcoXlogF9QD/c7fdcMjWD+aC0lTlzTGc5AUBU2yC2anJA1EfkiiJrtwVIdRU53LAED+GxP+mZ7cf0lVyFuOeE48DhLwpGjzN2Sdbqof3FXx/UUJzbtTjUHtkHcKFpjyD6cLmqPiQAfdDNVMN5aGQf8oXfmKWT+8YR7HYhWGmd8Gmd/woz/AOEKLNY6CZ2vRpzyBwp7PkXjLG/unCLXwcD7qF5RTu6aoyf5ZLSo8vTb2n+XOPzWg8Jw7FIjG6omUZOS2V8LyxrCR6juufLXJn/DefzWu1kDAaE3TzkKETMrHcqulePra4cg5U2HqOo7lXBpopNnMac+yjTWmkfxG0fkrKbHRX+N7BrIz91OgudPKNnblU8ljgP07FAFmqG5LXn2UKNKalpGW4OU0HKzhprnGcMy4I0NXXQnD4yce+FXYCRoCc7ZXCA7lU8V6y3zwuUiO6wPxvg+hQ5I1+ia+JvLRg+yAXPHcp0dUyTAHdFIa4ZAU/wVkAJJOJE7Uxw2cn+GPRM8DG/CLBYgSe6aW4XTHKN2NymB83eJRNop4OuZqBHKp66x22eLRLSRue4klzh6q48Vn4stPphCl8N/4sfktFdrXQcZuHRhLj8PaOo1eDOY9XYcBYy7/D2cP0eR4adiW5Xs8sDh6EdioM1I2QYeAQtlOssg+zVXrbInzld+hPl5zKIHxSA5a+I439UO3dRdbdL5LJxWQx7NZKTuPQr36rsNNKSQ0E+hCoLp0nS1DHMfTN/RdGryc12dGnXuXEzJWj4r9P13h093YbfVu2Id9BPsVr6WrpqqMS0s7JWO3Ba7Kxd1+HjHuc+GPYD6SFlZLV1F07P41rqZGhpz4ZJI/RdejXQsXLNsboz6Z7MARuRhV1zsVqusTo66ijfnvpGVhLT8Va2le2nvtJqA2LgFt7T1VYL40fJ1rA8/gccFb67EuUO7MPefhX4Oqq6brXwSDcRud5Ss5He+ounJfA6htcnhA48VoyF7Y9hxkb+4VdWW+nrWGGrgZKx2xDhlb67wGYWhvNoujA6CoZqP4ScFSXUvdvHYhMvnwktlQTV2SaSknG4DXYblZKabrfpGYsuMBrKVvBAycLbXbl8ims9mpfG5uxCBPSwVLDHNGHA7bhQ7V1rZ7riOR3gy92v2IKuTFHM3VE4EHuFtjLjgRdUpdowF/wCgYagma2tY3GTowvP7jZam3zFlTGWemQvdZIJY3ZG4UKut1DcWGOsp2Oz3IXU02ulBKLPM+Q8DTqPwWDwt0R28v7rvjzQkaXbLc33oGqhc+e3ObJHzp7hYyppXxPMMzSxwOMHYrt6fURs6PAeR8NfppYkuB8dVTvx8y3J7KNUUUUrjKOOya6nLSHY5TjPJCBg7BdSu+Uejw/kfDRmnJIjSUrmHZpwFU3fp6C4gua0Nfj9Voo6uGXbGSnima/da4WKXZ427x9tHo8muFkudmk8WHU5vOyn2fqeeHBfKc9xncL0eejilYY5Y2uaexGVjr30TBJqmov5cm522Ry46MmE+LEXtr6rinaGyOB9+60DZI6hgfGQQd8rxPNxstRpqAWtzgOWksvVczcaZRzxnZWrmjPbpXL7oHoUsfcBCEhB3CHRXSKuY3cNcRnnlPlYtCsyjK63F4Y9tUB6Ihm1jICrJnFjk+Gokadio2mA44JjpNeW4WP6x6OiuMD54GAuIzgdlrI36vMeV0uDm4PHos10UwqrZUyUos+cq2iqbVUmnqGkYOxxymioLQBheu9adJ010p3TQRASbnbsvIa+jqLbMaedp2OASubbVk9n4zysp1rAeKY8onigKAycYGQn+Lp91hnBpnrdPfGcUyWTq5KRjY4YIygtdnBRQRjcpbNeVIBNRjSXRN47KG6F7BlzVcNla0gYyuTaZgNklpZBdWShdqzxjCc2oqI3BzHkH7qykoAfNp/dRJqJ7fpCgLjOv8R8d2kaNMgBKmsrIZWA691RS07w7jC45zogMAok8FR1U63iZelwO+UBz/ZVkNweCA84ClNqmPGWuyrHfyo2HXv8AQIDyT3RnEFBez2VNElPcgBGo5yodWwgKeGY7qNO4OPCTIzSb9lW4vikCtqOo2GVWVbcEbcLtJUlrhkLNOP6D017hNI0sE5yPRXdBVDAGyzMEmWBWNHIWuwXLLZD2ep0eo2vJfB+ioEoOQr6gqxJvkLNRnUPf7qXb6nw3CJx7rLOJ6TS6nLX6NlC7YKZE/ICraaZsjAB6KVBIGE57oDuQmPqnBlTG/TzyVEvTMMZVMbnGx+ymVLRNHkfU3cIE3+9W8sYMuj+pUHLlYI1JMNDHNPKsANcYGcKipXljXMztnb2VnR1HiDQTnHCgNU+drI1Y0tkwduykU8gMIb6LlziMkXiDlqi0r8EDPKhUpfdgi3BgbISB2Q7XO9lVjtyplwaA/ONiFVB5jka5uxBRRWRE3iWDS1pE3nA7KlnGH6j2Vsx/i04J5IVPcHFsZ25KbHgTqOI7gNxjNVSua3kBYWsY6ObSdiFvicwkeyxN7iLak57ldCpvg8n5urdFTQyAk4ycqcwbA5VVSyngnhWMT9hlej0zzBHyryUdt2RlS3zl+MBTqB2acAqNVDVBsN1yjl0kMW2MsHPnmRKqCQ8YCdHISNwmzYwCQmMkxsByrbFrgfL2wMqsuAwA4DO6tHHPZQqpusbhA1lDK5ZZEtkp8bQeMKymO2/ZUrXmGoa4HurbxMDPKyyWOjuUTzFJlZVtxMThOgcccrlc4anSBMhcNsqkSxhKwZaFW5w133VpM3U1Vb/xfdWLfBHPK4unlcULEhPA0lGwUJ/0lJtIuyFPsThAA3CPUclAWKfZqiuA8XKlxcFQo/qVjCRgJkBNvY/BXEXYgbLhA9VowZ8AUsFdxh2F3uUpvAIlaWFodUHKq1obFAxkHiafMTys+oltrZv0cW7UW43wtPQDFGxZ2jY2SeNjuCVpwGRxBo2A7LjWPCwew0fD3A3ndCB2JTZM6xuujAbucKVLI6+eOSLVy5On1WltMTYqFmkYyMlZmlikrbk1sYy1pwfRa/AjaGacAL1mgr21pnyfz+p+fUtZzgWNs5XpPQNuMVP80W47LzyCEyPa0DJXr1piNtsbA7AcWg/supnajyGtt+3Yg1ITNVyPA2Y4hWTdlDtsYZT6sbuOSfVTGgpLWWckODjsqTrG5ut9oc2I/wA2fMbfbPdXTRsSeFhbrLP1D1lFQxuzS292qYDgEDKi4G1vY9xoukLZ8jaohIB4hGpx9SVoW7FR4IQANOzeyktbuOyYBbPMsojXurNPQ6Yx55ToHspNkoBRUTWjhx1fmq5kbrpefD5gpv0JWk0gANbsAMAKhRxvdMmdjCIBhMaDJJsMqFhaNmX5xyp7gAFFiIY04Cc6Yu2wrwANdscZXElwkHuiIdG5xlU/Vd7penLHVXWrPkhbnHqfRWmrR5tXC8M+NnUtRf73TdEW2fPMtWAcjO3/AKocmjT0fPLBUdCsmvF3rus7hGXTVL3eGSfpz6KP8YOsRaLMKCjnDaioHnaDg6T6HstVSRUtgsw14ZFTx6nn7BfNvxD6ld1H1DJLnLIiWt32Gf8A5izWnp/G6V67U7sfav8A90Ztx1OLiOVxIbpLOuD2UYqK4EiRAEjKCOVJhBDd1Cxs22AEFpyU+cgu2XGg5UIHjAxnCaiM+kIahTOY3ymp6GeFnsRR0EZRmHAUU55RQRhXCWCSe0lMx3CFUx57JzOcI7wMA4z+aKXRcYlNI3Q7CARlTKuMiUuxjKi4KTJD1wDSSdhvKSQxqEkkkqINSSSUDEkkkoQSSSa/6SoQHkJuSmknKcoQbrd6pA47LiSALAVJJJCCJJJcJx2UIdSSSUINSSSUIJJJJQgkkklCDEkklAxJJJKEEkkkoQSSSShBZykkkoQ6DhSaZ2H/AHUVGieGHJUIuy0nH8rWBv6KGfXCmDzQB2NiFHez0TFHPYVy3PcASSPKSIUOQnNbpOyKmOGRgKiEY8ri6QcpDlQg5JOHCShBYCWAkkoQcQEItIJOEZcwEJCVa5XsrIyx2DqXpELtTWnPYLzWikEVTG93AK9DojqjYfUKjseLnxtJ8akjhR2jDgpDdwozvRQUE5RAThCHKIOFEMCtRmcqPkI8bgTyoNi8BhwjII4RlYztDEyUbZT0KVw2wrXYAIuOohM/ECu5y7KaeQtHoDODznrof++v/As8tD1yc3rP+ALPIGeD1j3Xzf8AcSWeySSozCSyUl0cqEF5ilgp4Awu6QoRjoGF7w31IC9gs1HFSW6njY3bQD+a8/6MtQuNz1yDMcPnd/0XpkbQCAOOwW/TR5ycDyWo52ILoCK1oDshcZ9IRF0kjhSY7YgbIjIznJTW7FHjy7YbIypSwdDMNIapNPCI2Akb8pjWDG4R2o4oz2P9DklzIXUwSJJJJQgkkklBw5SadpHKjt+oKTG4Y2CgL/RLc8DAJCE+bA2wgSvyQAnxwl3flE3gdptDdqp4rjk6J3k4wutD3dlLgotWHEKVFShv4RsluzB7LRfRs7cO32QG0r3coraQ44Vk2JoOwRWsbhV8qPW6L6P02me6ayVTaMgjAH6orojHgnhGr6yChi1PwSeAsJfOtqiYupKXAA2cUqU8s6N+l0+nh0aC6X+jomva06i33WOuvUdTMcAYB7ZVJV1s5yXSElVVTWvDcOOUccvs8/qbkkT6quMjtTnZKrai4Fm7Tuob6t7iVGc4k8psTh33OT4Dy188hxqwEF8xyM7rjWk5TfBOfumxM7k/Y/xsjjlJpJRYKN0rgANzwrWlscryC7YI3LAOJS4SKkNLiABuVZUFpneQ5zfKrumtlLABqaCVI8RsQAaEO8dXS1zIj09uhiaNgCjkhoQ558kEDCF4hfsFbWQ2lEI6UbgnKAXb8LvgvJyiiDblWCAwU8AjhPDN+E7A0o8gATkrjc+qcQAeVzLR3TRbwhb+i4G44K6XNAzhBNRg/SqEvGeA2ATuitewDcqJ45IzhDy8nGVTwy8pInGSDG8pQjUQDh2UEU7nb4ThSZG6iBbb6Q11S0nZq4XeLjBwpEVNA3++K7I6hjb5dyoLksgREDjblOFO38QQ3VTWnyoMtY9+zuFYkl+DA3cY/VLVRg4A3UASvceU4Z9FZCdrYeOEhp9VEDnYwl4crvp4VAtZJOuIfW/CXj0o5OcKP4TvxBc8DB3KmSg7qmPiMZQzVTAc/suCMBE8FvqqIA+Ymcd01z5Xc5UpsTR2yu6G+ismSKC/ullylaGf0paG+imCZIvmXNLvRS9DP6UjEMbBVkrciJgpYKKW5OwXNHsryHkahKT4fthM8EeiXjAZ6gCcojCANkJMaT3K/MTSP2OmTPFLSO6kR1HAIVeH4Iz2Ty8Y2PCW0hqbJr2NkwWhNMckW7HaUCOoewjBUjxdYGUGBnXImTyE4ecqQyTWNgo2kHJaU0PfGctKhaswTSMpOaFHjqT+II7ZmuVYyhsZ5GkA8oToRzhSE3RnslyhljkyPE6oopRNSSOicO7ThbLp/wCJdZby2G7Rumj41DkLKbM+obJo8B30u3SZVJ9Bxm0e42jqG13uMPoahrjjdmdwrEnHIXz9C6roH/NW+ofE8c6HYWrs3xNuFDoiu8Xix8axz+ayzo2mmFp6uuOVVZOpLPfWZt1U1z8ZcwncK2GQd1ncGNyhul2M52XWvcTgp4cD2S07ZwlpYLOtcdlKY4AcqEThPyUSlgFrIrjabddojDW0rJAe5G4/NYy5/Diqt7nVVlqC5p30E7hbmN2CpDZCQpKeCsM8nZWV9vf4VfTuYRtkjYq1p545MFwyCt3W2m2XSLwa+HW322wsnc+gLhT6p7BWa4xv4Mh3U3DU8A3Q0UrRoHm+6GbfOzLg3ylU0lTcLXIWXOilgcDjVjyn81LpOoHOxpkD2+gKhZLLHxEFzTsplNUudjwJsEdsocNbTVIw4gH3TjSMb5oSAfVScMhFnT3OsgwJMkeqt6S8U04DXu0P9HLJGSrjOHbhTIHUswAmcWOScIvJs2uBGRuCngE8LLwVlxojqilE8P8ASeQryhu9PMAHgscex2V54AJj2AjD2gj33VRcOkbXdCXCMQyH8TBhXQe2Tdqe3PqhUmiHntd0jfbY4vpW+PEONJ3VWy8VFFJ4VY58BHZ+V64HHBwoFdarVdmGO42yCbPctGQmwsKZhW1lHcovDniilDhzgFZ+9fD2y3QGSEeC492t7rY13wxpoi6exXKSlfnIif5mn29lnamn6usUumqo/moh+KMJiuRTimed3P4bXi3MdNQTNlx+AZWXqGXSgkxX0kjAO5avb6PqShqz4c7TDINiH7I9VZrVdIyJI45A/wCycrExEoHj1q6uudsw+3XGWMt4AecD8lv+n/j7cqV7KW90kdVGdvJsfvlQr38IKOoDqi0SmGTnGdisLdOjOpbQ9w+XLwzk42IUxuAeYn0VaPif0heGkCr8CQ8skOCCtLGGTsEsL2uY4ag4HYgr43MlRDnxmGNw5Kv7F8ROpbEwMt90kc4H6XnU0fklzrIpL+o+qXRkDJGyCY24XkfTf9oIhrafqKhyBsXRt2+69MsfX/R1/wANo7nEHEZ0OOCPZA4ZGqa9El9MHE4UWSj9dleOpGyDxaZ7XtPoUF0WNi3dBtZakUEtJjfQoclMDz2K0To2uyCEGWhp3fh590GA4yyZapt8E4IewKkrel6GfUfC0k+gW5ltzP8AhqFUUE44j29VMBZPPX2W7Wr+ZbqmTy8AlGg666mtZa24Unixt2OG+Y/ZbF9C9zcluAFX1Ntgn2kYD+SNFqQrZ8SrDWxA1PiUzhsRIMbrS0dyornEJKSUPHfHZYC59IU1S0uja3V9lQ1HTlxtz2VdHNJHKzYFjv2UCyj2MUzSM6diuPpARjjPcLyej636ttRaJR47e4etFQfF21FzYLvRS00h/o84/wBFTBcsGufbZW+eGck/0v4QJKWpjbqewEeyVu6v6cubwykucb9XA3ac+4KuyxrsY78e6Aoo2RCXLS1uU3+FTYyBkdlcSW4TOBZHkn02QTT3CmdiPOPRwyh2h5RVfIzt20bBAngyRqCuhdZKchlZRuLfWJuSnivsdVs8OYf8YwpgB4MrV2ikqtzAzP2Wfr+hKKaN3gtDXE5wNgvTRa6eZhfTSxkffdRpun6jGdQ/RU1km3B5NDZupOnZDLZbtV05bxpctFZvjd17Zp2w3uFlzjGxIYGPI9yBuVrJbPOPqIKq6jp2GocXfLN1d9kvaRwi+zU2b48dJ3HS26QzWt5wCZt25+63lsv9lu0TZLfcoZi8ZAa8bheBXToVksZfHGAfQBUM/R9xt7RUW97oZRwWJc68iZVpvg+r2yHBGEwQsl2c0H7r5ktfXvxO6fma2KsNVGwYLahmvI9jlbO0/wBoWaB7Yuo+ntAA80tM7G/2I/1QShjoXKvHR63UdNW6qkMhiDD307KoqOm7pRPMlBUF7Bw0lVlo+N3Ql0IBuPyxdtpnGk/otpQ3m13KIS0Vwgma7jw5A4/sg2sTKuS7Rn4Ltebc4CqhfhvtlXlD1lDIQ1+G9sZU4wsl5AI9xlQ5unbdUPMhhaxx50hBhiJV5NBR3alqx/LlaT6ZUzxmuOyxj+nzB/NoKl8cg90CKsvtFMdZdJjseCglyJdKfR6AyUHdE1LK0XVELsMqmOjcOVb0t1oqjHhVLSfTOFMZ6M86XEtMj1SyPVBDs75XQ7flUJ2scku6l3V7KFYOpJJKACSSSUAHpJiShB6SSShByaknKANZEkkkoQSSSShBLo5XElCNZDtIIXUBpwUYEYUESjg6klkJZCgAkkklCD0kklCCSSSUIJJJJQgkkklCCST0lCDEk9JQg3BTMlG8qGoQYknpKEEknpKAt4GJJJKFD0kkkZBo5Tk0cpygiYhyiAjCGlkqLgBcBUshMLtPblMBJV5Ghsj1SQASSjAjCtMgRJDyEshVgHBIJGDuEA8pavdMU6LHpLmQlkKyzqS5kJEjCmSHUkP8SeCMKZIdSXMhLIRkOp4OExPwUWQcHdPuupHV/SR+SbkqZRNo5JOyfRLf0UyiYZ1cIz3SyRyFzWFMoXsZ0DC6m6wlqypkraxySbrCRIPJAUbSJtZ3ISyFwb8JYKW7MAnF0DJwkkBnug+Qg/w9soQY/VtsitXcDOUaYDeCPKKxrcx6Hf8AMEI1FW3+8pwR/hGFYAY2CaGnnKtywXnCIXzgZjxGEZRYquD+oZKlujY7loP5IUlupZR5mYPqFWclOY0VDeW4IKaY4pRvG39Ex9nhJJE0g/NAFvrI/wC6qQQP6uUzouEgnyVOdywtPtsuG2RbGKomb/4lwOucO3hsePtlL5yWP+9pJR9hspkZuOCkroz/ACasEejyuO/iMe/gsk9V3+IsBGphGUYV0DwMOx+asm4ifNyB2JaR7T7DZGbV07jpewj1ypLJWvyBuuup4JBhzAqL3MEG08gHgu3XTS47pptsLzkPe3/lK58rLFjw6k/Z5UILwtJ3bhEDHY4QxJXMP0McO5IRRUtbjxW4z6KFN4OaHeiG6lbIRqARRU0x/HuUi9p4KsjBGjjAGY2/oo77RTvcXta1pKsiCcYC5kqkDvwVgtUrT5JwPyUeSC6xu0scCBwVd5K54blZfylHHdqiHyTU7iR7KZHd6R7Q4u0nuCrD5aJ/943Kiy2eje4uLMZVZLVmQ0NRBKzyPG/unsaCcqrksWkk087mj0yow/jFI/wx52jgqy3FPlF3LTxv5bglRJaRuOFGZeHtbioifqbzspsNdS1DBpeGn0JUAf28ER1LLjyP/IqPLSVIGSdQ9lcNi1Z0jKE6B8eS4EAooz29gqeChkD2YywoWph5x+au3AavMwZx3Uaot9NOcluD7JqsHK4qXtgfthn6Krq7DSSPMjoWHPOyuKq0Oi3piSVDaytjdplBWivUbehsLpQ6Zjbx8P6Kva91OxjHnfdvK8+vXQlwt0plpmvhe3cPj4P6L3MPbvnb80Extk5AI9xldCnyE4G2vWzXZ4TQdZ9R2R4ppakTMZt5xuQtrZevbXcw2OrHgS9/RaO8dEdP3bUZ6QRyH8UYwsFf/hZcKDVUWuQzs5DfxLtabyMZcSZ0KtVGX5G/gnpKoA0lUyTO+NSU1NT1DDFVQNkadiCMrxaG63rpyYNqaaqp9J+pwOFuOn/iLBWgQ13hbDZzeV2KNVGf4sclGzmJE6o+FNouxdU23/dZ+QW7ZKw8rOr+h5S2eJ9VTjbPOy9up6+nrIxJTvDgew7IdTTU9WwxVMbJGnYhzcrfHUY7KfWDy60dd2m6YiqP5MvBDtt1eOhhqG+JC5rge4KZ1H8KbZcNVRbT4E3O2yxFTB1Z0dNpkZJNC3vzstdepj6EOBsXwvhODuCqe9dL228sPiwsZJ2e0YOUrV1pbrkBDV/ypeN1dsLJWh8Tw9p9CttOqnW/tM2o08NRDZNcHkl86QudsOpsYmjHBaN1nn0viYBOD3XutRCHjS4exysld+i6OpLpqT+VIcnld3S+SysWHivJ/TiabqPMH0xgOWhdjqnZDSOFdXC1VVA8sqoTp4DsbKqmpSSXNAI9l2qdVGX4s+b+R8POt7ZokRASjPquvp2ZBLN1A1TxHLHYwiMryMCZwJWuNx5PXeKxzEiXmxUNxYWzQt+4C89vnQ9XbXGptz3ObzgHhep+I2Xjj1QqinDm7HCcnvOBZXOl4R5DauoK2kf4T5cOacEFb6zdR/NNa2ZzXfdRL/0XSXEGQRCKTs+MYP5rBzxXXp+qMTi8sadj7JrbiZ/gV3vk9jBp525BBPZBMYb22WJ6c6pjlkETn6XjsTythFXQzNyDgn1RKeTDKmcZOMkP8UxnGEVsmobFRHv1uOEmyFpCt8iWsEuRocFjusOkae508k8EYEjQScLWtnBG648ahseUmytSHae+WnluifOdVTTUc7oZBjScLjHAncr0/rbo+Ooa6to4hr5c0Lyyqp5aaQxyggtXOtpeT2njvIqxLBMa9uB5kXVtsVUiVwdjKkNnBaNyslleD0derjMl+KdSMJMjdQjIe6QlI4WdrBrjPJYtmBO+E/EbhwFXNlye6eJhjlUPysBpaRkv0qBVW+Vo2AIU1svrlE8XWMEYUBcYz7M7LTSDgITHPgyXNJC0M9OHYIxuFAkoy4HIUMtlLXMSALiGndjv1UllZBK3Z2CeyjVFGW5wFBDHQuyBugcmJ32QeGXBcHDIOyjO/q91GZWDZsjlIZKxwGCqxkjmprgh1TMvyBthRIjperKUDTlVsg0uSZICT2PJbUsxAAVnA/BBCztNPhwBVxA/LQcrJN5O9otSrIrHZfU1QdgSN1MDi1+sd1SU0uHNCuInBzAVlnE9HpbvtNHaK90hERHZXAcchY6jrH0soe38wtZTTipiDx3ST0el1G6OGTI3nAXaSQR1L2EeV+yjsOCjDGxwhbwb4y3oq54XU9dJGNmOy4LlNN4UwcTsdlJuHmna72wq2o2IIPCoXnay8m88JA3yFWxExPwexUykk10zdR7KJVs0vBG26sk5buQ1SRLBqI3BVNNH5wM8K2jkBjLSFW1ez+EQux55LSgmzEGn0UW57RZ09/VCt82JmtJUy4sD4CQO6YhNv3QZWU7i/AIWb6kia0vdoOQchaKMhrx91XX6n1skcBnK3VnD8hX8lDiY6nfhw35KtYXcYOVSjLX891Z0jwCN+y9BpJbo4PlHlKWnuJ7vMzGFHhOicFSmnI4UB5Lalx7LejjR5Ldzg5uQorfqRIDqjxlR5CRIW+iJrIprkmAjHKBKBldbnSPMU2XdDLouOYvJTT5FV7KwaR4Q3HChVwIc0j8ynQy+UDKzt8nUpn9qYyqzwhwEh3KfOc7ocJw7JVDW95Nd/dn7Kpn+s/dWriDGceiqqj6yqZUlkC5JqTlxhzlV6B9hMBQ5ttQU0cqFUj+a70S7RsOyJMgDko8oQByVis7NcAzPqUynJ22UOP6lYQBoATICLew4+lMJPCJ2QzytDM7GDlOHJTRynJEwTrQSQAtXb4vDpG47rN0Tdc7W4WniyxgbjhZdS8x2nX0EcS3FpbInSVLdP4d1fynDR7KpsrHB/iEbOCn1coBDQuRYsywep06205Y12CRuEGpl8MZG6aSSc5UavfiMMzz3WrS1tySZi12oVNLky26ThL5JqjsHFaLPiPy3ZQbHTsp7S1zG4LxuVPpI8k5/Vew08FCCifH9VdKy+U37LnpykM9zh2yAQSvTrnlsMcAG7wMBYzoWiMte6XTswZW1qC2e5QNbv4WM/daLP0cDVvNhMpY/CgYwjBA3UhgxuQm/iRWY5wlMyL9kW7XCG22ueplONI29ys90Fb3tgqLnUA+LWyeI4nvzj/NN65qfnpqXp6Ekvme2RwH9OVpaGlbR0sdOwYDGgKDM5r/yT+RtshVcjoaWSRp82MD7ogBUR7hWXGKlB/lxnLvcohLlkn2GjNNSeJJ/eS+YlWa4GhoDWjYbBLIUKGlEpm4JJCY0ZKlRgAcKAt4GJiemKRlkoSaTkYyuuOAVE1OB1A7+qkpYLXZWdWdQU3TdkqbpVuBZC0nGcEkdl4R0HQzXW41fVFwBdPVvJ1HsD6K4+Od/feL7R9D2mZxc5wkqtJyCT/8AMKuLZR0tmtTBNiOOJo1uS3LB16YuirPuX/oYr4ydTMs9ndbaeYa6huducL5zJLnFzjkuOSfdav4i9RSdQdQzSiQmGIljRnZZQ7FZpyye68RpVpNOotfc+WFZ3TsgclNj7pPaXOGEB0x8TclGmIYA0BKEaGlx7IMr9ZyqbFSlgbkucpELcDJCFG0kgYUrGluMKwQThg4C4k4gu2SUCEuJ6R4QYLwBI7pgJDuUVwJyhHYpQLJUTtwpgbqYq2M4KsaSQYGUUpYH1kapgzvp/dV8jA1aKWFj24A5VHWQkSEDhBKWRjWCul3Oy41EcPUrmn3WaxZLGpJJKghqSSSgYkkklCCTX/SU5Nf9JUIBPKSR5SUIJJJJQg5JJJCQGOU47JyHq9kLWS+xySSSooSSSShBJIKSrJBJJJISD0kkkYYxPSTFXRB6SSSsgl3T7pNTlaRBiS65cVEEnAkN2TV0/Qrj2QuYfNQ5zwhuILcZXaL/ALGQfRB7crRHouUuEMPK4unlcVC2xJHhJJQrIBzRqOyYpCCgLEkkkoQSSSShBJJJKECsODn3Xolpfrp4Sf6QvO2cr0CxkGmZj+kIDpeLf+oWuckKRjICjDlSRwrPSoIOUcEY5QEgd9yhTwEmGyUWBx1DdAHCLGQNyrGE4EYSyPVC1e67k+qiYYQoBJJ3RCQox5P3Tooghyunc/ZcHKcDh2U19C7ODzXrM5u5z/SqFXPWMoffpgOGjCpktngtRn5ZZ/YkkklQgSSSShAjU8BxIY0ZJ4TWbZWm6OsklfWCqfGDGw4yUyuG5ib7o0wcpGx6TsjbVamOeMyz+dx9jwFctbk8o2gNAY3YNGAk0ehXVoqweSut+WbkPiHlRWj1SjbnARo4yTwtaWDLN4E2MvOw5UiOPTuUSJrWj7Lhy4jG2FYhvJxrcHKJjbCQCejAbGAk90RN0+6cjCEuZC7jYoWoN3JUIESyFHfKcgAKVSUNVK4ZbhSXBt02hu1cttSHNLpDhrcqbS0U8hy6PYqXQWmUYLmE4V1DAYgAUp2HuPF/R7lieoWStjtkQwXM3UyOkhA2YAj+FuEVrRjhBKw+haHw9GljiMEiOIA0jDcJ/ghuEUt90GeQM5IH5pUp5OmqoVLJyRoa3JIWevHUEdCCWPzjjHdReoOoCR8tTZ1dyCsyaepqT4k5dv6lBkxanWOScKyLdbvXXSTxC8sGeMqpkGnJPPf3VxM2OBpGkcKirpAcgJkezzuuvjVDdPsr6yqOSAqySQuOcKZNE57/AFXI6EnnZaorg8hfbO2TbIQaSiMpzJjAVpDbmu3LVYQ0kUQBa0I0Z/ilJ5ZTQWxzjgsO/urKmsgBBLPzU5pazGIwitc54G2AmIKNaXY2GipqdvmaER1REG6YxnCC4knJJXQAFBsV6GPlc47JmHE4OykRtHdELATsExQC2ewDYS8bhPEEcWC0IrGEbIvhnAOOVOgXj2R3MAwAFxrHDvsilzW8lAkqXNwGtRKKYMnFIf4bR9RwUCV4bjByhSzvdug4e84JUM0pro6+ffAQXOkPZFZTHk7o7IdI+nhMFuDZFGt22EZkB59UXVC0ebZCdVPBxGMKuEA4qHLCeAAPMMAppNLCdRkBPoFGeayYbHIKH8tMMlzf3RRSYLm16JTq6IZDEB9dO/IBwgaQOdl0DvlEBKUvYnT1DuXJnmJ9SjANGxT9cQxpjG3uqygXyB8GWT6Antp8nDtkX/eSB4LMApjaSrkP8wgIQZLA/wAGEDykBISMaBgApwpMY1u/dd02+LGp/wB1TaQOAfi77MCcJnj8Gyeaq1NGC85Cjm5Urfpzge6X8hMMMXF5GxTix2BgKH/GYW5ETSDhMF0qDwOfdB8i9lYfonCCc/h2RBETtkKqN1qcYCH83Unl539lPkJhl34Od9v1SEPuFSCeoP8AxV0zVA/4qF24BVRdeD7hLSP/AJSqXx6j/vSufN1A/Gq+YnxF7pb/AFJaM8HKoW1tRn+8KOysqMA6/wBlfyE2MszGCclLQAoArJsbvH6Jwqps7u/ZMVqJsZJOQeFwNx3TfmRjcJeO1E5prgPDPTFx/wBJQIq6OU4dJlSSBgFfmQ/YqkC82r2RAThcyOUgSeAgGnQcHIR9RQE8uBGEAbaJDX5RC4AZUNhOc5OyLk+qprJM4ESewXWSvYR/mu5aukNI9FQ3OCQyqZsHnBUqJzXDU05VPK0jgZTY6mdrvKeFMZD+Qunxg8BCNIc5aN1HpbgCAJipsdWxwB7FU1gOMskV4qIjnBAXQ8PGJWgj3Cnv0yAAjdQ5aRwILe6CdakOiwUDZKSX5igqH08g7sdhbGyfEy40OiC7M+YjG2sfUse4GMjbKTy14BxhZp0YHRsz2e42bqW0XpgdTVLQ8/gccFXIBAzg49V85tNRDIJaWZ8Tm92nC2Fi+Jt7tbm092aKqAbB2N1lnRgNWHren3SDc91VWPqi03+PVRTAPAy5juQrbON8LP8AGxm4JowMrgl3xhcEnbCRaCgcSb+cEgeYDB3Kc18sP94CGqI0ubw4o0VdJGfO0PHoVW0tPISqit1yjMNVFHM08h4WQu3w4oJdU9llfTSncNLvKVsGCinOoAMceRwnmnkj3jdqb6FVuxyGeN19o6lsry2tpfEYPxw+b812i6inhwySQnTyHL2Pw2Sf3kYOOzgqS8dD9P3lrnPpxTzH8TBhGrN3BblgydH1LSyaWyt5VoxtHVjXBI3J7ZVDdPhreLcw1FtqG1DOze+FnRU3a1y6KiOWJzTg6gQokmTdg9EZT1EezJtvupUE72kNkjBI7rG0XWLo2ATs1q/t9+oK8ACTDu7SpKOCOW400F0kbjBwrOmrYpdg4Z7rMxSwuIERye+6kMceRsltBGrjfqOzc/mjANcMY4WdorpNT+Vx1tPr2VzS3GCcYJ0u7gqmC1kKWEe+UtIds8Aj33RRPEO+UtUbyAEtvkoorv0ZYLwCamjEb3cuj8pWXrvhlcaRni2G7OfpO0Mw7ffO69KMeBnCa5hRRslHoGSyeRS1nV1odputoL6dmxkjaUYX+1Vsempw3Oxa8bhessa7vvkd1R3Lo2w3VjhUUDWSnPnjGMrVC9Y5FmCq+mLDfKMRCKGRp4wBssPdfg3MyZzrXLsdwO4XqL/hvU0UhfZ7i9g7NcdlSVT+qrJUk1FM+aMfibwiVqbFyW5niV76SvNnkc2emeWt7gKkFQY3aHhzCO6+k6e8Wi7sNPdKVurvqbuo1w+H/RN8gMZpGsLtw5uAVakkC4M8h6b+I3UljIjprm8xN4YXHZeodP8Ax+piG01+twLiNpWP3P3GFnLv8B3/AF2C4ZcckRvGMfY91gL70R1ZYJXNrbVNpZ+MbhVwyKTj2fUVp616QvzWOo66MSP/AAOIByrp1IHbx5IIyF8WRV9RB/LeXRkbEcLX2P4m9WWVrY7deZgxvEbzlqtxRfytH03LSyR5Lm4CBq9l5f0//aDkLWw9R2t0unZ0kIyPvhb60/EvoO/NDIrpDBI7hknlclYQfylg2lZKTkKLU2qI7xndXkVK2aPxqWVk0RGQWHKD8s5ysv5TMTWqZn0hV89LIwfzG7LbOhewEvbsocsUM2z2hTJatyYaa3U0x/mQj9FS3DpSlleZoomk+mF6S+20z99ACr6mz8mE7+imA9x5PXdITxjxackH0BUWml6ksj3uoqyWM7ZwTlenT26oDtJYdu6r57e0OJkhBP2S8EU0zNW74rdSWx4FdTtqg3jctI/RaOg+O9tcR/ErXVNxzoAdhV81mgkeXiNm/YhVVT0pTySFwjxn04UwHuPUrf8AFDoSvDXC4tj1c+MzSWnHGFc07Ojb24SU9wpJnvGdMTwV4LV9IMazXHGCQqs2GqZnQ1zT7OUwgcv0fSruh4dLpqCplBO4GvhBZYOsqUjwJo54fR43/VfPdJ1F11Ysfw291sYhHlHjHCu6L43/ABLoyDVVlPP/APTodX+qAGVjXZ7l8ncoW6rhQ6RwXMGR+af8lGW/SAT7LySm/tHdUxN0XCy26rYezWuYf8yrSk/tF2Rx/wDeXTdVTyjktc2QH9cf6ocE+XJvn0DX5GkEIZtDD/R+YWfofjv0BXPEVTLWUpP9dMCD/wCVaW29efD656W0vUVES7nXJp/zVOOAPlIsnT9PJs6OP/yqBVdCWyqGJKaP76Vu4G22oP8Aus8ExxnDJA7ZJ9CSfLgBVtyT5Tyqv+FFvmOYIWb9wFUyfCqtoSZLdcJaeQ92jP8Amvam0Tm8Fq58oe+D+SFxKdiPG4H/ABfsBDbb1G+VjOGSjW0/qrqg+LXxUtbm/wAZ6dp6+MfU6MlufyAXoU1BCXEuZg+yivt0A2xn8kpxQD2y7Kmj/tBWMyCK9Wattvq58YLR+eQtTafih0Dem5p+oaMP9JHBqoqiz0k7dLoWHPYtVHW9B2CscTPb25PJaMIHCL6KdcfR64IrfcYBJH4Usb92vZg/uhtstKz6A4fZeJu+GcVOc2a9XGgI3aYpSMKfH/7VLM/xqHqv+JOxjw6qEAAe2Co6lgTOv9HtFPS17R4cVc7T2Dt8KVHWV8B8KeIPxw4Lx+h+KnxItTW/xro5lXH3lpZNP/VaCi+P3TIkbDerXcaB/cvg1D9khw5Mc6ZrnB6THdBnE8LmD17KRHWU8rtLZBlZ6zfEDovqPENBeqN7yM+E94a/9Cr75SlmaDGAM8Oaq2szyi4+iU17X50kHCcopt5YA6GZ4cPflNMVcD/eD9UPQsmJKLmrYBrZqHqu/MgY1txlQm1ElJRhVw55KM2UOGRwVAWsD0lzIXcqZFj0kxJTJB6S5kLqgOBySakoUOSTUlCN4HJwcQMIaSgoNkpAnK4koAFB23KWR6oWSlk+qhAqehJ2QoQekmZCWQoQekmZCShB6SSSgIkkklCCSSSUIdyUzBTxynDThQgxMRchNUKyJJJJQESSSShB6SSSMgxd1ey4koAPSTdXslq9lAcDklwHPZdUIJLJSSUILJSyUklCCyUkklCCyUslJJQgslLJSSUIJLJXMhdUILJSyUkkXZWUgg7qqv1Zf6eIOsVujq5O7XSaf9VaA4XRgd1UuCzDOvnxO3LelohgceMT/qg/7S/FEbDpGmP/ANsOf816FkJpbxuhWWFuR51J1V8VWbjobX/yTtUd3XHxOid/P6Alx7VDf9F6c1LT7opJom9Hmn/tC66a3zfDquJHcVA//hXW/E/qpkYMnw2up9SHZ/yavSdLTzj9Fzw4zyB+iDLL3I84/wDave2n+Z8Ob2PXDc/6Io+MIaMVHQ/UUZ7n5YED916H4LP6R+i6GgbBTLBk0zAM+M1jb/2uyXqD/mo3H/JSI/jX0U4/zHVkJ/8AotDIP3wtvp911rATh2CPcK8tgNL2ZGL4u9Bzb/xuOP8A+mMc3/RTqf4j9DVGNHU9Dk9vE3WiNLSyNOqlhP3YCoM3T9kqP7+zW+TP9dOCi2cA/wCn+gVP1T05V5+WvNM/7PU6O5W6QhorIiTuAHDKrJeh+kXkOl6btjj/APswCLF0f0tC3ENmhh74iy0IAZRT5RZtqIX/AEytOeMHKfkHuoUNnt1Of5DJG+2oqQxukgAnARC3/cPnO2F0bJN4XVBMm2OT0JORkHpYCYkiDHpHcYKSShMgTBGc+Ub+yA62QSHI2U1JDKW0mWQJLbnHhTFmn90E0tezeOXWrVJo9Cg3BFSJLnEcOi2+6J87pA8VmFZOaO4QjDG7lgRplbyMyugdtnH3Tz4b98ZBTX2+B/bH2QTZ3MGqCrlafQlHlEfIf5anfxFgrvy5ZgA4UPw7nTHy5eEmXKpYcVFLNj107Kw0iZrqY+PMO6eycYxJsVHZc4T+Eg+6K6eN4B2H2VFYyEaRqyDspAAwo4j2SIkbu12AFYGA6YhCV3cZRBMCOFWCjq45gc3HC6kqC3MiuomvOotChVNoaXF7WAfZW645odseFeS1LHZRtlqqI41ucz0O+FKguWtw8Qbe6nmlpzyOVGloGjeIYKvJG1IlA0s7NJa3dBloYwPIVDMdZTkOAy0dlIhrmkta7IPuoimsAXUxadgo00DZRpkbhXQMZHHKZ8pE/wCobq9zImzOTWiCVpcMg9lUVFFW07iWAaVtJKQMOGjlRX07sljmpyswPhLBjvEDP7zykJzZdQwBkLQ1Ftp5xpMYz9lXyWKSIF9O/Vj8JToXMbGzcZ28WO13WMx1lNG4HkkLzu/fCKFuqosMzoJDuBnZetmCPVpqYHbeiFJRNIIp5cj+ly26fWTrf2sfG+cemfPT5Ouui59VfTPkgb+JgWq6f+JlouOiGsf4E3B1HG69MmpZNR8SMn77rH9RfDTp2+F8xoY45ng6i0Y1H1OF2tP5P1YbK9Ul2W8FXDUM8SCRr2n0OUGphpq6Mw1NOyRp23C8yn6T636LmMtgqJaqlaf7l7s6R6BW9l+JlFI8UfUML6GoGxLm4BK7FWuh/SzQr4yA9RfC+jqS+qth8KTnA2WPZJ1F0tO5lRFI+JpxnnZe2008dVG2aFwdG8Za4HIIQK600VwjMdRA12e+F0a9U1+ReUzz61dR0V4b4ZLWTY44ypjot8gKH1F8N3QvNXanljxuNJwqGj6iuFukNFc2EuYcHUF0a9VDsz2Vb0X1XR01TGY54WvaRwRlYu79HsBdLbnFrudJOy3UNTDVxNmicCHD9EN8TRuWrqUaxwfBxdb4urULE1yePz001PIWVUOgjue6iy08R3AAK9Wulno69uJYW59QFhbz0rVUjjJSEvbzpXe02uhLtngfJfT065OUEZ/eLAaPyS8V/Dgm+M6F/h1MRYW7bormxzt/lObuuvTdnlHgvI+KSm8IHI7U0jKp663QVkb45owdXB9FaPiliPmBwgubqW6E1M8rrfH2UvdE86vHR0lK/wCYoSQeRpKFauoqylk+Wq3Z07eblehTRZ91m7v0xBXOM0QDX/oo445Ryt0nxMt6G4RVMbXBwJKl6g4ZCwEYuPT84dLqdCTg5WjoL7BUAaZR9iUSb9iZ1e4l1rIKKJtgNlDE+eyc1xIyiEyg12S5AydhY5uxXnnXPRzpWGuomDU3LnADkLetkA90pRHMwxvGWuGCEqyG4ZRdLTz3RPnOVpYSC3cdkxkhad9/zXo3WvRRjY6tt0Qw3LnNHJXnJiIcQ5pBXPtqzwew0OtV0d0ex7KrfBCM2UOx7qGYyDglMGR32WKyv9HWr1bi/uLPxGngpvijsVBEjuOU0SlKwzWtfBlkJcIjZ9PGFXNm7bp/zA91MDo6uL6LFtRvuMogcxw7D81WCducbovzA23KoYtTFhJ4Q7gdlWVFIQM4VmJht5cpSuZIBtjCrCLsasRnJ6dzTxwmR1D2nBGyuKmBruG9lWT0xbwEJilDY+AjZQ4chRahgdx/mmA6dspD1ylSawLlLIwZa8OBVtSTeIAO4VU92Eehl8KQFxyFllHJq0d3xTwX8LyC1W0EpAG6pYZQ/cBTqeXgFZbI/o9Zpp4LQPJIIWls1XqgxnhZmD6RndTLfVGnn3PlJwsx29Lc4yNYZdI1BSIn62Bw5UGKQPZ5dwUSCQtkDTwUqSyehrswFrG5j1Y3BVXWbNBVvM7VG5uFU1DcAgngqiXPjKH22pOHROP2U2ojEsZ9RuFSxO8GYP7BWzXa4sg5yEyCF1z3R2goHfzAw8EKNXN9PVFccScrtSA5gxucIinL7drINM4xzNd6K2lJmhwRyqSR+hx2V1SSNlpm/ZWuxa54KVznRzFhXK9vi0zsjchPrcMqXFdDmyMx7LdSc3UfdmB5/VgxyYxjdHoXkkFEvsHgz7DklQ6d+lwGV2dHJxZ8y8xVsbRexvGntuo1S3fOcZ7p1NktByu1rP5BK6ucnlFwSKGQGMtJCbL9YOFGonYO5UqcbDCMprk52C4N9sprO/2TAcEZKWyKOSPcI8wlw5CgUsurAOytKwaqdwVPC3Q4k7YSZ8Pk1VvEcEuckgdzhAj+oo53buoryA7dRrA7cTNRLCCVAnOSpTD5Ruo048uUL6BU2yKSDsF1o3C6ecpuoHulOTb4HRjkkgjSd1CqByUbJ9UGo4VWdBwIkgyD9lFH1D7lSn8H7KKPqH3Kxz7NcQ7OVOpzwoLOVMh4CZARZ2TgfLyo7juuknHKSdKRmbycAwupJZxultlE+zx6qoZC0ukDfCo7JES8S4wArtkmt4aByVzb5bpHf0McVpmhtgDKcEDslOcyEkolOPCpG5HbdRnu1nKyRWZ5PQz+yuKR1QiXVVxijDHOYXgHAUl0gYPuj9MME9we8t+knC6mihunweW+odVCuhwfs1kwbT08UUTQBjhSIIiyIYG7lHdmV7WNGd9ldU9OHOhpSPN3XpKuGfMLJ7eTb9B2+WnoZKuU4aQru3sDqmSQjY7gpUsbKKzNYwYHhj9UW3t/kB2NymT9HFulunkmafdODmtBLjgDlNaq7qOubQWaomBDZNOGknhLF/4KWxx/xzqqou+fEipQYWHHYLbDlUfSNrFstMbSzD5Rrcfcq7VBrg7LIGMyMBdtVII2mdzfM85H2UOcOrK2GjjPlaQ9/wD0V8GtaA1owAMIxLH9kMk5ROyY0EOJQp5KDRNB5T9WdkIHISO/BR5AHndcSXHcJZBsmMcqg6nvMFntU9bPUNiZE0ucXHsFbTyEEALw/wCO/VEjooOm6FwMtYQ5zfVueEE5bTRpafntUDPdBwTdSX2u6wr4yZKqUlhcc4b2RPjN1i2xWV9upng1Ew3AdjAPB/YrUdPW5lisbGMbjDQSvnX4idRP6i6innc/Uxji1v8A8v5JEp5PTaHTPWatSa+yPr/HSMuDr853J3XUkkB7F5XJ0d06LLzwmtRoo9Lcu2yoXJtD5nAR6B3UddkJJ5SaMlQENEzcHGyLNgMXYm4bugyuycZVdE9gsnUjtI0jcKMugnKnROwqKN0EcIp7KxiHCMFpOeyjujwVLjZgcp7o25BSmxnx5K52Wb42KlUUuTkJ80DXxFoGCosQ8J2CgL2uDLqN+puFX10OcuwpVJMMYKLNEHt557qM0KG9GZqIyHZAQFZVkWmQtIUBwIyEuSAktrwCTk08pyWWJJJJQMakkkgIJBRkFQg1JJJQgkkklCCSTElCCSSSUIJJJJCGPSQUkvIAZJBSUyQSSSSEg9MT0xEwx6SSSsgkkklCCXdXsuJKEEkkkoQS72XF0cFWuyFrSnNF+SADlHpf+xfkgNBWqDyLsfR1JLGElBUhiSSSplp5GpJJJbGISCjIKosSSSShAySSShBLd9Okmlbn0Cwi3XTn/ZmfYIDo+L/3S5HKMz6QgAjKOz6QrPSo6ug4OVxJQaSGuTxyhtREKCDtcdI3TicoGQigJiQYTJ7lcPCWQmuc0hGC3gEeV1pw4H03Sd9RTHkBjs+iMx6qz7DyzqKQy3yqcf6lBUi5kyV88v8AU8qOoeP1ElKbwJJJJAZRJJJYzt6q4rcydckmlgfVTsp4hqc9wGy9d6etotlujhAw4jJ+6oOhenIaamFwqI8yP3BPYLZNGdhsF09PRt5POeS1kbX8cfQQAHhEEeeyTY+MBSoITscLowjhHFcsCggOxI2UhjABxunNZpGAuPa48HCMRKW4W/ZPjHqlGPVPxhXGOQRLqS4SByiLOruAOSuBw3Q365dgMKBwg5vCE+TTsN8prKeWY4aDupdLa5J3AkcrQUVoDAPKN0uc9p67w/0zbqZqV3RU2yxTveZHtzgbLQUVtkhwH7KdT0ukDsj6SEqVrZ9M0PhKNLHEIg2Q+GPukW5TnOJ24SSXM7ddGwHhpXCRjkbLriAN1Fe8b5KXKWTYlhHKqtjixrOFk7nU1U9Q9vinT7K2rpmTPLW742yfVV5a0kk4yoZ7471gqjRAnLx78oNfMyni83fYAI1wuUFM0uHbYD1WWr6587y5zicp0YbjhazUV6aLUAdwrnEnAVS9znnJUh/nOSuFoI2CfGODyOqnK97pAGw5OSEeOEDgJMadQ2UyODIzhORgdOWBa3tjCOGYAPqiCnzjAwithOeE2MS9r6AhhLtwitZgDZGbEOMIog4OEZNmSEYifdPFNnk4Up74IPrwO6gVNzgj2Ycn7qC5bYdh/l9P5pxMUYy937qtfW1Mv0cdlxkdZM4eJwjF/KpPCJr6qJudwPRRzVTu2zsjRUrAMyDJSdGxo2aFb6Bkt3JGL5DyU7SHbFIhvomh7RsqEzQ50I2OExz4IR5zhR5amQO0xnb1QGxzTSEvPuVYptrokGrOcQHKYHVUpw/YI0NN6AIwAjILgjJtyC8AvG4XJGNp8FxSmrjqMcPbuo/h1NQ7LjyoBLK6OvrdA0xd1G8SqqDgEkKbDRxn+8HClNbCGgYDcegUAVcn+RWClqXEeVSGURx5keaoZCNjn0UKevnfgNwFTD2Qj+RK+UiAzJ291xzqCHBG5+6ryayfg5CLFbp3nzNOEttlSw/xQc3VjMtp28qOa6pm+k4Cmx2qFrdUgx+SfroqfGkjIVOSissVsZWSMr5RgEnKaLVVO3cM57KbPeaGAENI/VVlV1Mxrf5JP25SJ3xXZcamya2xAt1FwB77ojLLE3+8kbhZ6TqKqkO235qLNd6t3/EKRK9FrTzfo1vyNri5eCUJwt7DtIsi641LuZSUP5yQnJQ/yEMVBsg+hI7YXQ+2k7OGfsse2qlOwJH5o0c87zgOOUSvTJ8C9mtD6AAeYH8kRsNvk4lAP2WZijq3AnIxjuVKiZVMbrMsWMca91TuSJ8JeC0Usp8tQASmTdN7Airi391B+VubW6mN1f8AKUB9ympzpqoZG47uCH5AHXOPSJ7+nZ2AvjmZIR2BQxaK3/u+FHp77BI/T4xb75VtBUue3/d61uR6u5RKyLF7Je0VMkFRC/D2O29k3xdO2FfG4PhGKilDz/VjlAMtpqXkmAtceccI089FbcFT4pcNkjK8KwfZ6eXLqar0u7Ncok9tuNPlz49TP6m7o1NorB6hVWjh1MMEKPE+siOmZpwFeuy0pk8TJ2AOaF+cpR2n7BlH9FbHUsI257o0M2o4wg1FrcCXQHlQnNrIHAPOQqawU20XIIcMhCBdqxhQ6O5wF4je7c91P8Rp4bse6UWp5HjhJLlJQadyUg4hcXRygCCZB2ITTGMZwnDhdHKEaQ5YSHZxsnMnkixjspj2tcBsgPp9QyAoGSaa4cCR3Ks4pmTgbBZt8MkRyW7LkVylidpDsYUDUsGlkpgRkBQn0pbkoEF2LgAZ+eymxVUTwNQyqDU8kNzzG7Dk81EUjQGlT5KSCUZ0bqvntssZ1QjSlyrUhqfIyJ9TTSielnfE9u4c04IWwsfxTuVu0QXWM1EQ21geZYouqI/745ATXVNPNswjKU9OOUuD3yy9W2K/Rh1FWMEhGTG86Xj8leN4yvmlsOl7Zo3OY9py1zTgg/ktXYviT1FZnNirXfO0o2w7d4CzT0/tFntiaW/4sLN2X4gWG8saGyuglPLZRpWhEjZmB8Txg8Hsss6mgxzoi5cjmraN2Q4vYE5viY3OV1sms44WdwYZIZdY5Mam4PoVIa5rwHt7qufTseM6cE90JvzFK7LZDj0JyFRZbEHbBxjsgVVpt1yhMdfSslcfxYQork0kNkGCVMika8bFXnBTMTePhnFLqltj9P8AgKyNd0zdLU86o3tI7gL2psoaRhP8CmqxidgP3U+TkreeFU9wr6OTWJnA9wSr+j6tcWBtQ057kLc3joK31oc6GPST6BZi5/D6Wni1U+XOHYq28jCTS36knADXHV6FWMNaMZbuvP5rdXULyDHIwjuMobLvXUMgeJXH1BKrsM9aorzCwBs7Scq4ppaWRoNNIATvuV5DB1jvmoYMK7ob7TytEtPV6PYlC1gh6SJKhpGWax7InzMIxqBafQhZGg6jqIy0Pfrb2IV3DcxOf5jWke6DABbfM05AAPKe3w8ZBCgipoNg4Bp7I38sgGKTUCqFhwGjYOAXJqGGoZolY17T6oRBJHKPE46cHsrTwTgz9z6BtdYHPiHhvPGAs1WdC3GhYZKSVzgOwJXpXiaTjHKc1wkGCNkxWtFSeDymCpu1vd4UzXO0jvz+qnRXx78NqmccOIzhegS2a3VDi+aEOOPRUFz6JY/VJQS4J/C5F8uRe9GOuXR/RXU2DXUcLnnclnlLj6rFXv4DU5kdL09XeG5+4Ej/AE7Y7r0SqsNZROLZIHAj0GyHBWVVMdBy9o/C7smb8rkvCmeF3b4e9VWQOfVUbZWM5dFufuQqQ62eWRhBGxyML6hgu8GkFzMn0KjVtg6Vv5c+voYzK7bVgKZRco7T54tXUfU9lk8SyXSrh9AyUgBbW0fHvrC2OZFe4RVU42Odz9/ZX92+CtK6R01gvTmvOSIZhlv2BWOu3w96wtrCaixOnZnGthyMevCtNFKLPT7P8cOk7qzTWtfRux/xOMrYUF4sV9jbJba+kqRjP8ojIXy5JZoBIWT64JB+B4xv7Jwt9XQnxaSdzXctc0omsFM+qxTa86QcKK6nAOV4RZ/iD1xaSwC4mojaMaZtzj0ytjbvjWctjv8AZABjeancc/mChKzlYPQaiIY2bsq6SgaXl4aDnsVFtPxD6PvrhFTXJkMh3DKghjj+S0TWRvaHsLXNPDmnIKhbbiUD7LC92otaCfRQ5bE8OJZwtcIGnhoTJYBjAACmSvlaMVNaZGtOWZVZJa2F5zHv9l6GaTuByo5ooterwmgn2UyUrMnn8tnjeMGPH5KFN0tHL2A/8K9KltcUzcOa0fZRpLI1rcsw4+iXlBdnlNT0m4SYEIOOCFX1PTx1FroOO+F68aBoODCdkCe2wuA1RY+4QkPG5em2/wDc/soEvS4Dstbg/Ze0T2SndwG/oq+Xpok5bEP0UX9yYPHnUN8pHllHWTRD/A8hWlB8QvipYMMpOqKwxDhj3ly3dR0u7xNmKFU9MOwMxA/kj4wTDI9r/tGfEqgLW3GOjro27lsse/6rTW/+1NC7U+99EloHM1JUAEfcOWOqelXPyTG0bdwqiq6ROR5W/oltIGUG+j3G2/2i/hrcGNZUNrabV/XDq/yWooviN8OrjEH0fU1v1n/hzTCN37r5Yn6VcP8Ahj8gqup6dfEchn6IdqK2s+2Y3WqvHh01VDI7HDHgkLptbAM5C+IoIblQEvo6qogkG4dHKWq4ofid8TLNKDT9X1ojbwx5D8fqhlVu6L5R9gOoY2+6D8qCcasL5ttn9pX4g0Gn+ItobgB9XiQBpP6LU2z+1bAwuku3Ro3xmSCcbfk5BKiaFObPaHUb2jIGQVAqbXTVG1TTtcPcLJW7+0t8NLhp+dfWURfxqg1D9itZbPiR8M72Q2j6qoXPdw2R4Yf3KXKplqeeyqruiunKveWgjyB2Crm9Gz2/JsN7r6A5yNMhOP3XolPDabhn5KrhmLRkhjs4TzZs/SQ1D8bK2xfZkrfffiVZABH1ALgANhUx8/oran+KvVlFIHXjp6Odp5fE8Z/QKdLa5g4tDBj1CBNbZg3GkbqsR9oqVdUv6Swo/jd07LK2C42+vonns+PIV/SfELoivfogv1M1/pLlh/LKwclskLsOYCPsotT05STjzUzR7gYVShF/ihEtHXLo9ep6+2V+fkqiGbSMnQQcBFMTHbtJHsF4l/szDG7XBU1MThwWSYUiJ3VFGM0F/q8jhsjyQluv0Kek/TPZ/AI3yT7LoZgbnC8lp+qOvKHGauGYf4xlWdP8SeoIsCqtsch7lgQOGBL0lnpHpeFwjIwsJT/FHzAVttkaD6BWkXxIsL8CTxYyfUIdouWnsj6NO057oioIOtOnajGivaD6Eqwivdrmx4Vwpzn1eossTslnDRMSTG1FK4eWrhP2cnBzT9LgfsrwytrOpJJb+imAJRbHpJmD6JKhexhcj1SyPVC1e6Wof1fuoTYx6SYkoTYwq7kpi5keqhNjCZKWSh+IBymfMx+qmSbGSATlSARjlQPmYxyU4VMHeRTJagyWko3zsHd6XztP/X+6hPjJmR6pZHqoHz0H9aXz0H9asnxExJRvn4P+8C4bhABnxAqB+ElpZKgm6QD8QXP4tT/1BQF1E8uITdXsof8AFqf1S/i1D/3igp1y9FgkoP8AGKPs9I3el9VAvikuyZgpYKgm90g23S/jdH7qF/EywSUD+O0nql/HaT1/dQp0yfRPSVb/ABykS/jlL2KhPgs/Ra4KWD6KnN7GdnjC4b3kf3gUK+Cf6LfT7rufUKjN3yf75L+Lf/RkZToZeEZXNPuqT+LHtMhuvEvGpQnxMv8AA/qCW39QWe/iEx3Ei6a+YbmVQnxM0GB/UEtPus5/FXA7zJ/8bAGHSDHuoU62i8yPVLI9VStvVOTucn7o7LtTnbJ/VXgrZgs0lDbcadwzqXfnYTt4rP1UwTYShz9QRWsyMkKB4md2nPuCniacbCRUA0TdBTtJUIOqTv4g/RE1z95FeMC/jZI3CWShgH8RyupcnkvAQE5TwdtyhpI4ywQLkeqWR6qLqd6paneqL5CsEjJXQTlDSHKrJYccLqGCMJZCmAcBEkklEDJZQQDC6h5B5SyBwjwIw8nV3PZMSQhjkkkkJDoOF3V7JqSgnAXIT1HRGq08kCJJJJhBJJJZCrKII8JJHhJKmQekkkqUgxJJJIgBJJJK8kEuOAcMOGQupIgmBfQUz9zHuoc1H4R/lMyDzurTITHNyNimFxntKoOlhGDM4DsCpENTK4YOCPVGfAHknCQja08cKdlzmvRwb74XV0gDhcViwqSSSAgkkklCA9bvVJq4kjIIt2O/7qKYxqJUsxlM0YPKrKCSGMLh+SOx+c7LmARsxOVNoJjiQeU10bX/AFBDa455KK1wIx3UxgF8Eeekj2DBgqHNFK0ZxqAVu7B2JQwwBNJvcWUb2M1YmGD9soMlup3HU0AE+i0L6eN+G4CiT29oOYjuijPAcbGykdapXHYAhQZ7UA8l0WD7BaGSKth43CF89A0+HVAsPqRsmxu55Gb2ZSehjY45bkHsVmb90DYb8xwqaOMSH8YaAV6hLQ0dY3VHpyRnIVZNYpNR0ceq2U6p1vKGQucWeDV/QnVnSUhqena58tODnwXEkfopVn+IMMLxR9S00lJKDjWW+VexVNE+AaXjII7jIWcunSVpvmqOtpYiXbZ0DP3XUo8lLqRqjq37IkTaW5QNqLdVxTscMjScqivvS1Hc2OZNTMZJ/Xpwf1UO5fD3qbpeR1b0pcHlnPhEkj9EO2/EiWKX5Dqq2vglbsZQ3Yrq0a+PaZqr1EJcSMfc+nbt08TJG9zqfO2nsmUF5FQWxTO3G25XrcJtN6hzRVEUzHj6cg/ssn1H8OIH6qigHgynfy7BdnSeQzPbMZKCs5RSOayQDCiVNGNOQqydl4sE+isBMecBxCsqG6Q1flOnP7LvU6iGcxZkvo3GavXT1DWg+JGGu9QFh7l0/X2t5lpnF7M9l7NNRwTDYDJVLcrMSCWNzsuzpfIY4bPI+T8FXdFySPLY7vHtFVRYPG6LNSskZ41Pg+wVxdun4Hlx8LDh6BZ6alrra7VTkub/AEldqnVb+Uz55r/FOEWpIE9h4cCFEmaGkbKyhr6erbpmaGv4PbdCrKPLPFhcHBdWi5Ptnidb4r7XKBRV1JFWRGKVoIPf0WWuNimoczUpJHsto9vr2UbZ/lcNlrwpLg81NWUS2yM/a78NLYKvOobZWhY8Fu3fdUlzsMcpdLT4Dj24UCjudVRvFJVE4acAnlUA3GaNWXuByn+IfRRYZxLGHAgowOVBMlgLM1ssbmSN1AjBXnHVnSOkmrpD6kgBej62nIyo0sbZBpIzlIsr3Idp75aealE8EnjMTi3SQeCg6cL0DrDpaRpNZSxAhuS4AchYeWDAzjlc+dLbPVUaiN8MxZE0+6GjPhxkgIJjI7JMoKI9YHEj1QS4p/huTfB/wpW0bCe04HHPKK2Q7HKCQ4dkwaigwNVss5RObV4+oJ/zMZAAk3Vc8Z2BwuDZwwoPjqp9FrrEg2KizRBzd0xs2nARfGaQSQqcR/zKa+4q56dzHZQA7sVaTaX5GFWyQnOwSLIN8iW1ngYTlOY4tdkJuMJDZZ2vQaeHktaOoOMEK0p5sEHCz9JL4cgzwdlcQYIyDws1qPQaLUNx5L+lkEjccI+ghwwVV0kpaRyrVsgcwFYJrB6XT25gmX9oq9Y8JxGVPc8tcHAcLM26p8GXWVpWyMnhDgNygO9pbk44JkL/ABW4KgXCPEu3CJE/wzhcqjqHlG6htlPdHBUy8+isLbPqb4bjuFX1HmdkbLlJUeHKCDj1UMlctkuSzr2+FiVg+6aXB0QIPIUlwbPD65CiNGPJxhGx8/2itrQWu4U62VJMIB5CjV7PxeqFbZg2fBOyiM+/bZgNdWOHn9VGpnlwG/CnXXBhBCrI3aVtolkxal7bGil6kjzJqA2GVQQvIeNuFrrtGJI+MlY0u0ykY/FhdfTywz595+vEmy+ozkb7KRUAPh04UCjdkjCntOQuvF5R4qfDIkOY36e6mudrZuOFWl+iv3GysGvBCIGQxmzt1x3IXXcjCa7gKEGy+ZmD3VRL5Ziwdlc8BU1YCKhzuyVb+zRAOCCw79lDkJ1o7DkDB5QZOQhctyGKOAsJzjKbMMwOPdcj4CJPuMIWRFcCTueUxpOUVw32QRykKWDTDoODkZQqjhFHCFOCRgKpy3BR7IruSoKnO5KgrLZ2a6yRFyFOplBi5CnUyZAz2dh0kkkximJdxlcRqbHit2SLJZLitzwXFr8lPjCt7bH4lU0eiraUHQABhXVohPzAOFz7OeWeh0cGnGKL2UBtM5o7YwoLjgAqVM4YLcqBM7G4SILMjqXzw9v6AVM5zgDlarpiibT0Jlewa5d8rIPDpqhkTR9S31vhdBRxsdyGhd/QV7fuPmf1NqnOfxlhbYtU7nFucDZXtngdLc43AZ0jdVlrjaIy8jc5Wq6OpxNM6pLfp2Xaj0ePusTga6Yk0zYOA5oCmUwayEMxlQ3gSztaBs3lSm5HZWceT3PJKd2WY6k/943igtcX8yNjvFmAPIC0YeGgucNhuVm+lYTc7rcL4QQwymKMH+gen3KpywOivtya1ga1jQwYAGwSkkbEwvecABIuDeyhVb/HkZA0fWVTWAIyySrLTyyTvrHDDTwDyVdIdPEIYWsA4CIrBEnYHKAioCSjkemZyuBwPBREYo61MnkDW/dPHBVfVzBrg3KAhHrq+GkidNKcAL5ooJf9s/iHJcZSZIYsFvoDtwvTfjR1RJa7IaGDZ9UHR47kbZx/8vdY34bWdlutTquSPS+Y6hnkArNa88Hc0Feyp2rt8Bfit1N/s5YJKaB+mWceFHg7j1K+bS4vJe45J3K2fxQ6kkvt/layYup4DoYO2RyVjEpHr/EaWOnqz7lyweRnhdG6YnA9lZ2XHgMzlHkPkaAUOJuxJXHnCgvO4aRk5yjwNAcCUANJKmxMIYDjlElkknt4R2QBrRpPYqE4OPJ2UiY+YAFMI8uyVY8AkXSfRPZ9QTXkhxT84IJQKWSgo4Tm8po4Tm8pw2PZKjyWoqbD9ICIwZwEqw21xY3BIUOeEgg4VnG0YKa+IFpwgClXv6K+neWPAJwrWN2pjSCquogc14cBgBTKKYABrlZdTcZ7RtdRiTU/GCqGRmCR6Fa5zWvAyMrP3GldTzuc0eV26i+4u+vnKKohDLd1J0E74Qy0jsgsr/QhMGkljCSVgYJJMXNW+FRAxIxygHlLJ9VxQgkkklCCSSSUICSSSQEEkkkoQSSSSjLR1qGiNQ0mRGGSSSVlAUZBRlSIBSSSQhj0kkkZBJJJKEEkkkoQSSSShBLv4Vxd/Crj2QtaVp+Tx6hcYzSd0enA+Wb9lzGCVrj0KktxGmAGMISLPyEJEAJJ6ST0qZASSSSWEPQcj1SPCGOVAwiSQ4SUIGSSSUIJbnp7/sjfsFhgCTgLc2eJ0NNGHdwEB0fF8WZLYE5yFIHCFGARnuiDlWekCLo5TGkBoynAg8KBhW7BPQs7p6ko4C6HgnO5RQQQMkZUdPBRdBhtbvVcJJ5XBwnYGMowZPBxRbjJ4dJK/PDD/kj687Ksv03g2yYk8g/5IzHqZKNUm/0ecynW97ndyUA8opOclD0knYIU8nit+55OJJJZVA8exLT9H2BtfMK2qZmJjsNB4JVRZrRPd6oQxDDW7uPoF6taqBlBSx0sbQAwYPuVs01bbyc3yGr+GG2HssIY4442siaA0DAAR4otRXI4HYyAp9JTlp1ELrVxweWsluZ2ngOckKZG0Dsut0gAAYXchaEZmxYC4cJagUEk55UyUF1gcBLX7IBeByuaxhQmCTqGN0J0hecBObTVFQ5oiYd1eWzpuoc5skrcgjgqN4O94v6e1fk2pQi1H9lPTUlRORoaXeqvrdZHndwwfVXtFaY6cDDRlWLYmRtGGYQSntPpfiPpHT6H7p8y/bKuktMcON+OymshazhH0aScBcSZz3HrqtHCvoYABwkuprjgIDUopdDXNHOUMv5SL8E5UOoqBjGEBZ2olDeHBVVRVkcJtXWBo3JVHW3FhOA9U44F2Xxh2TZKluTwqC5X6JjjTxn81BuN0eXFsTzgbZVLO1zzqPJTIQcjzut8q3mEA1wrPGORwq55Lxgp5Y8lEbTOOCtMYYPPW3Sn+QAMJOUZkeTupMVLsMhSoqbuGpu3JibyyKyl42UxkOw2UhkAA+lELA0Zwj2E4SI/gn0TvCXX1DYxu3AVbV3NxOmAEn2RqImTS6LCaeGAZkfhVs94Mh005x7rrKWSrx8wCc7j2UxlvpKfDgzJVipbpdMqzT1dcQXOyD7I7LVDGQT9SsBpbsxukJrhkKA/Ev6gLKWNnACfgNbgJhdpOcpjpwBjCMBpR6Hudg7lRpqlkY3OUKeZxIwFHcx0xGVYuWRPqt9u6b53DOOUWKkYSC/lS2wtAwOyoTKO4hR055cN0fS1gGTjCe7SO6jTTDhQmMD3ztZtGclB/nzHBA0pBpJ45UqNha0FpwUYOMg46JrN8YPuiBwjBaAnYe84Ltlx4x3UbIo4BFx5yo09S4HDVKLdaG5tLEC54wUHyYLkskTw5Jjv37p4p9GCRlAqrzT0wIhkCparqCWbLY35SZ6hRBcMmiNVT0n1kIE/UsULcRPAwsnPVTVBzLIgNeCcELJLU/ouNXsua3qWrqv5YeQ31BVY+unlGDK7H3Qsb5XDk9lknfJvkZGpDXPc4klxOVwEgriWoDdKlLdyxka0ggfnchdODyUPxQDgNXCSdwNvuqU/ReA2E8ED/wCao4Y475JT2xgHJdsryBjITxgBgNSFVO0eR2PROaYMb4cVHklA4CPICjySHVdX+KYfZB8eTWX6jnPYoPiuceEkO8YlgktudwpzmCtmb/4jhXtJ15VNYIrjb6araBglzdyss8Z7pJTtknwEbtsXQnUTNUUj7bVu/A53kz7Knu/TV3tI8eJ3jwHcPicTss83GckcK6tfU1ytuI/EM0PBjfuMJkJ5BnFSFb+p6un/AJNT/OYNsO3IVtDVUlYNVPIGvO+M4KI+j6c6jg10mLfWHcg4GSs9W2m62iTM0JcztJH3T4Wyi+BM6M8mi8OrB2aRng5UiCuuNINLgZG/0u3Wcpb3IW+HPI4jsc7hTI+oq+gaIZo21EB3D8eb9U13xaMrpknye30dbBWNDshpPYlTDEAM8grPtjppP+znDgM4yjQ1tVQO1VGXxnbHovz9KJ+to3ZLYsOCoc8DZtnhSKa4U1W3+XIMnseUR0OTkJbbQ1NSKCtshfh1PsVFifX0L/DlOpvbK0xZp2ygvpoZd5GakDywdvtFfT3GJ+Gvy0qc17XjLTlVlTa3NcTA73wUCOeopXYcHABRLJaky7AwkodPWQykAuwT6qbpyA4HlC44GRkmOT0xOyEJo3I6kNkxJQLIV+HgB3ZBno6cgEN3Tndt04cYJULID6fQ7yt2TmVckZGBwpmkHOyjS02vOkYUIngk09xnJHmBCtIaxr2+fKy8kVXTuBYNkWGvmBAfjZWg1YzSGnin7gqvqbM5rtTItz3CZTXPBGdyrKK5MkADgiwsDVPJTGKuhOOyJGXuGHDB7q4cIpPoGD6KO+kHD2Y90uUEMU+CIC4HLTg+xV7Zuub/AGN4D5fmacfgcckD2VM6nkDv5YB9sp0kcjRiRmn3WayhMOMsnq9l+JltuLWtLxBKeQ/YZWop7lSVbAcgE8OaV87TUziQ5u2e4Uqg6j6jsjh8tVGSMfhdusktPkblH0N4cpOY5QW9t00meM+duR7heY2H4pxuLYq4GKTgnst5b+qqauY1xkjlYR2KzToaDyWgfG8YwB9013isw9hIx2BTg2Cpbrgdg+iZ/Nj2IyEmVbZYWO7Na4NmYWn17KxgrI3tBZIAVS6Q48LmkDjI+xS5RwAaRtXM3h+QjiojlAbLssxDcJocAnU33U2G6QynGMFTIZay2+2VG7mtP3CoLt8PbXcS6SNoY4/0/wDRW0NVG8jHdS45TgAcKk8k3SXR5VdvhneKUvdRt8Zg7LI1ttutrcW1VNNEM84K+iBM5o3yc+6BWUVBcYTFWUkcrT6hETez58iv9yowGxzuc0bgE8K9tnxEniDRVtIDdvKt5dvhrY7iCKdnyzjw5qwfUHwrvVtzJRg1UfIPKpJMreaq09f22sc2OYubnucLUU9yjmaH0lSw7dnL59kp6+2ymOeGSJzTuHAgKXRX+vo36op3D81agXk+gf4tVQAF7SQpNJeaafyvOh3fK8rsfxKqGBsNzDZo8Y8w3C1FF1P03cj5ajwXO4D1TiQ3bKiGQ4Y8O/NHY7I4WPFNBM0SUtW453Gh2E6CfqCmky2YPj7B4Qi2bEyOb3yk2c5wWrPw3/w2n5yItcOSOCrCmu1HVtBY8A+5Q4FvBaamSjL2td9woU9gt1YS7whG93dqI13of3Rmyb5HZTLIuHwZq5dHSwEywtbI0+ipai2yQ/3kL2L0UTnABymTQUlS3TOAVfyscn7Z5y1kkbtUchDh7qfDd60MET3ZHvutTP0xQVbSKcmN+NiFnq7pW+UDPHAbPH2DeVas9lucccEKroun7y0R3i1wSn+tzf8A5cLF9T/COxXCJ46arZaKV2+gSZaVrS4My2ojdH66hhcjgopjmkqg2X01co/mK76PN6f4K9dU1EallXTVbWnHhjOs/b1WauVsvVoldDdLJVwaTgudH5V73R1F4pX6WEkN59MK1F3ExAr6cFp24yi3cFcnyzU1dEMBx0n7bp1uulZb5/mLVdamKTsQ87L6SuPQHQV+Y6SqsUMkj/qc06d/tjlZG6f2eumahubLcKi3SZyHEeIB7YyNlasz2AjG2f4s9W23DKyaG4xjkTxjUf8AxBaa3/HS0ySNiu9hqqY/idA4TBv5YGFQ1/wL68pQ826Slr42cODiw/mMFYq5WXqGxuxfLHW0r84OuLy/k7gosoCUkfQds696Luoaylv9M2R3Ec58J36FXYZDMNcDw9h4cO6+U21UTfqy0nsVNt9zuNDJ8zb7nJSuHdshaqa3dBxjuXB9Qtp88JjoXAbtOCvD7b8W+t6DSye4xV8beRPHkn/xNIK1Vv8AjpQyPa2+2mSn9XwyF7c/8p4/UodpNiR6CY8HJC66nhmGXsBVVZ/iD0TfSIKa907JHcMmyw/utARTux4Dw4H0S28FSbRXfwynJ22TH2xuMBu3rlWZpyfN/qmiORg8429VSZE9pTOtWo50IRtAIxoV2RvuOU7DfQKbi9/9jNS9PNlBBaP0USTptjBkhp/JbDS07YCC6mychVkvf/YxNR0607eE39FW1HS1M7+8jac+y9GNGCMOaMIZtUDs5YFeSvkR5jL0XRScMaPyVNW9CRlxAhaR64XsZssOdmhRJbGdZ0jZWngjmmjxSr6Ga3inbx6Klq+kCw4FOMfZfQEllLceQH8lEqbG15AMDf8Ayo/kYnCZ88S9JOz/AHTW4UObpyWPGNsL6Hd05b5AdULQf+UKuq+j7e84DBv/AIVTknyDsPCaakutBKJqOvqIXt7xu0/5LRWr4k/FCyENoerK1sbeGvf4g/V2SvQ5uhYQctiG/sq+p6BcRmOJrvyVJx/RNo21/wBpP4l29oFxZb7j6+JThv8AkVpaH+1nOP8A55dARPceX004af8A6oLFT9CVTDtTtKrqvo+qp2a3UhIz2Ctxrl6KcJPo9vtv9p34b1zw252y5UL8DX/LbIAfyctTQfFj4R3gN0dSU0Wr/wCSNUWPuvlc9OHvAfzagT9P4AxFhV8MSmmj7Opavo65g/wq/Wyf0xVt3/dTh05HI3+UA79wvhltmLHZ0Z+6nW66dSWmfxLTdqykI+kQTuZp+yqWmyLzNdM+0n9MyA/Qo8lhqG/Q3H5L5Wo/ix8VracxdW3CTPaaUSD/AOqBV1S/2i/ipTYE1ypX47vpgSf0CS9NJ9F75+z6KNgqTy0H7tUR1nOstkpmO99K8dpf7UXVTdq+xWyqBxqwHMz/AJq8g/tTQ4HzXRukY38OpB/zaqejs/RW9s9Ib0/TYyaRoP2wnfwOMfSzT9isBT/2nukpD/vnTVwYf8L2uH7Kyg/tI/DiTHjUFzh+8QP+qU9NYvQP+TWi0Ts3jne0/wDMURkN7g/uq9//AJis9B/aB+FUwGausYT2MP8A6qdB8bvhZNuy/eF/zwuQ/DZ+hU4p8F5FVdQxEEVbnfclHN76iiAI0O/Iqpi+Lfw2n/u+p6b8xhSB8S/h4/jqu359C5T4mZ5QwWbOpeoW48SmJB/pblSI+o7ocZpmnPsqhvxG6G/D1LQEf8//AKIo+InQ4H/5wUv5INkibEXTL7WOHmom5/NOF2qzxSgfqqMfErob/wDTtL+q6Pid0MP/ALN0v6/+imyRPib/ABRefxKvO4jIXW3C4E40lUY+KnQ/DbxTE+gd/wCiafir0iBllWx/2V7GT4Z/o0wq7gRwf0TdVwJxrP6LKyfFvpmP6fEf/wAqF/7X7AfpgmP7Jbg2RUz/AEa8Mrz/AMQ4+yeWVJHmaf0WLd8Y7TghlJJnt5gob/jEzfRRv9suCH42T4Z/o35dKDuT+ic1mdiV5wfjDIScUjB92hCd8X59/wDd4/8AyqbGEqJ/o9PEII5H6rvgD1Xlp+LVRyIWZ/5UCT4q3B4w2nxjvlTDJ8WD1rwAN8paBwRkLxt3xOvBdhrcBNPxGvbuBz7JipmyfGezeHTH6o8n7rvh0o3MRA+68VPXvUbz5Wnfuuf7W9Rv38acZ9HKfFJdlfGke2Yt3BYUwxWzGcleLHqLqJ2/zE36rovfURP/AGqb9VNgLqTPZCaAHY/uuGShA2IK8hZdOoHbmqfv6orZ744eardg88qbClQj1T5qga7cjCf8/aQ3eUZXljW3UjLqh36lEbFcTsZnfqVNhcqD0l1wtednhNdXW0twXYXn7Ka4H/jFSWW+4u5mJ9lHHAHwo2Dqm0Ek/MfkhfN27PllCzQstedyPzyitsdSTh0iHISikaH56j/78JGuo8f34VKzpyQ4JLv3UuLpgvx5j+6rIeEiX89SZ/vQui4UvAkBXI+mAMaiCFKj6YpMbghWA3ghG6Rg+VhI9V1twYfpicVbx2mla0MMIwFJbRwMaAIm7eyvAuTRRid54ppHA+i6TUy4ayllH3WgbCG8MA+ycGEKC8/pFEKGuf5tBGfdObZ68kfzSPur7SUQNz3VASkmU8diqNvEqAFMb09C4DxJQVOAbndFHHKgL5IA6doWkck991IZaqNuMsJ/NS2pagi6FtbgQoaEDHhO/Vd+Toh/win62+qXiN9VOC8HcQhulseMJYbyAlqCWoKCto8DC6h+KF3xAVOCbQmn3XWjB5S5SSgNoUcLqYkoDgekkkoBgSSHq9ktXsjJgJkroJyuJKECA7crqACc8ow4RJlZR1JJJWVwJJJJQroekkkoKSyOSTUkLRbWByc1NSVAhDvwlwF3ASwAr38YF4HYyclLH+H911c+pCsso4ug47LiSsgVJMSyEAY9JD1t9V1GQekmJKEHpJJK08kG5KWcriSZkgkkklMgCSSSVZIJJcG/K7geiHeQWQlkJbBcJCHcQ6kuNXURDqg1tS+nyWxl4Hopo34XCwd1clkPOCqivtE5oM7pYnDYjCkwXW3Tu8OKpbq9HHBR301K7eSBjj9goE3TVrqHmbwdEp/E04QN4DzGSw3gsv8AXhMLnMxkbKoks96oW+JbbkJC3hk5zgeyfFcblA0G50efVzAii8gOMfTLQyFwTm4IIyFEgraWoGWOG/ZHALfM1OBC+fPdOJ0jJ3QRLODjUMfZFbICPNyqINc/UeOECejp6kaZYwc98I+B6pafdGEQ/wCDxxjVBIWO52UZ0VwpJDqIlae6uUNx1chSM2hjKsvjePDqqdpafbhRamy0VV5oZdGf1CujGz+kbqJLbmSnUCWfZPhcRMz1RbLhQ7geLF2xvss5dbDYL2x8VwomMedi7TuFvZaesp2kMcXtHAVVVQR1O0lHpf8A1NGE+vVOt5QUZYZ45dPhZcrbI6r6NvLonjcRncOUGDr7qPp17aHrKyvaxu3jNGppHqvY/lKdwxDKWvH9Wyg3G009bCaa5UjJozt5hldSjyL/AKjTHUSj0zCsrOkusqfTS1UDnEbsdhY6+/D2utcpq7VktznT2WvvXwcsk0hrrBJJQ1IOoBrsDKrxT/Ezp6INqIm3KlZthzcnH3Xc0nkIrqRpWpzwzExXOppX+DXROY4bbhXMFRFLGDs4OCsblWWG6sEV1pDQ1JzkPbgZVNJQug81HUMlYeNJXf0nkIvtgtKaI9yskFa0mICNx/QrDXu1VFC/VLHhpPPZegRVEzHhtQDpO2cd0aaKCpiMc0LJGHbDhld/Ta/DWTia7xdWoT/ueLVtqpqzzDEb/wCpvKp2/wAStEpL2meH23OF6hfOkYmB1Rb9QPJYCsnV00lP5Z4SM+y9DptdCR8/8n4iNScWimZNbrg3ykMf3B2Kh11AYm6gMg9wiV9j8V5no5NLudPCiRV1bROEFa3Uwf1DK68dRx9rPD6zxMbMxaIb3lvO6gXG3RVzSRhj/VaBwoa3+7wxxVZWQywO0kfY9itddu5cnjrtFPTz2lFTPuFpfolaZY88gq8pqgVDcjuodS8Pj0uHKhx1MtKfLuPunCJQLwuITPFLTxlCpp2VMQc12/dEk2IGMqS6FNM68tlaWvYCCMYKw3VHSTQx1Rb2YwS4tHf7LZvOSPZMlbrAHP3WZxyNqslVJSizxiWAs5H3Ud0Zbw391u+pOmGh76ykaQTu5g4WNfHhxaRgjkLPZXk9JReropoi+G3sueGD3Ri3ndM0OBzhZHHBoznsCYgcnSoz4RgnT+6nB5AxhMJaRjSg2hqWCtDSCRhcG3KmPiDjkNQnRnHCHA6E0gGSMey6JDjCa5hyuafdUMyh2s9zlccAdiujldAzuUEy92CFM30CjqbKM7lRXNOVkksMdGWQsZ0uyrejnyANiqRymUc/hkNJzhZZrKN+mt2TwzQRSZ3AVjFM7SFTU0gcFPikBAGFjsjyeo09rSwWcMugjAWit1QHta0u2xkLKMdjGVbW2pDcsf23CSdnS24lyaA+oKefM3BQonhzAQc7LrZAdlDswnxyQaqPDlB5cRnCt6tmWlwCppgWvUEW/a8ourdU5/ln0Tn5EhVVQTETNPG6tpiHYc0cqdmiqzfBEavGYCQFV0ri2QK2nALcFUkg0vIRRjkz6h7JJl1KRLTOLhnHCphJhxbhWsLw+ka323VNVgR1IaNgVqq4M2sxJ7gk4ErfyWJrIjHUuB/rW2adlk70NE+sN2BOV0qJcnj/ADtO+reGosHO6sIhtsVTUMmSBnfkK2p37AYXYrllHz+aIlWwtqNeOVJp3EjJQ636mlNgmGkDCeC45RLk4CHKcDKfn1Q3/SVBb7G+LnbCh17AIted0YHzAYXK+PNPgBJs5WBq7K+N5ACfI3LcoEYwQFKDg5qQaAUX1gI830IH4kR28YymNEwRXgbqGPqU2TbP2UHOCkTjg0VhBwungrg4ThwUDDREl21Y9FCd/qVPlI832UQnBWezs0Q6HxDcKdTKDHyFOpkVTyIs7DpJJJrFMSPQg/MNwgKVbm6qgbLNZLAymO6xF/C1rcAK9tLR4odjbHKzrNQzlaa2BvygcRusFkuMHptJhWJhZ3HJUKQ47qRKcnlQpnAA7oqYbngmsuUZORNs1M6qrW6R9PdbmNmpwaeAs30hAGweMRu4LXULNb8+i9JpI4jtPlXmb1qLm4lgxnh0oc1oHZbvpqmjp7c1zWYcRk/dY1kTp5YKVjPNrBP2W+p2CGmbHjGBhdJw4PN2yeMBqTJmkJU7GFDo+XFTCNQLc4zslmLGSr6qrn0dmkELgJpyIo9+5U3pqg/h9riixgloLvd3crPXMfxvqmitLWkx0eJXnOxPZbXAZhjRsEI38YqIKd2Bn05TLMx8sr6l7e+lufRBuj3siDIned5xhWtFCIIY2YwcbozO3gmJJDhJUUJccurjlTGIa0knGVIBGEIjKQz6oE2gA2QAclZ+sqmtke95Aazk5VncKgU0OslefdZXr5C01EurBdlDOWEOpp+aWDyjrq6P6p6tMTZSaeF3hMHoc7n/AOX0Unq++s6a6e+XgeNegcHBVNZ6eSas+ccM7l5JWc+Ks7pGxtOd8Dlc6y9bsHr9L4+y3Y4/7cTzupqHVErpXcuJKAnlnqVwswOUSkj00Ek+Bjk6IHVwmk7/AGUilw7OUzIxywguzWDsUEnJXZiM+U7Lg3Vi2Pi5GymyENjAHdAp4skEhKrf4bgxHnCIDcSXJ5xpUYHLslFaSRsVnbyy0McN9kPgo5CC8YQtYKYaPflODUOM7gKU2LIDh3VxlngfCPISDO2VLaCBwgRDGApeAAMIuzoVoQydwETB9F3SD2Ti0HbCWPVbI08QIyB2UNoMbtgrIxj0UeSAuPlChXxYeR8UrjgHunVkDZItxn3QYhpeD6KeHAtGRwrC2buGZeogEMmn0TBC2THZWl2oi/MzRjCq2yGEjIU7MdkVCWBstA5u7R+6jSRPj5arylc2VoDmolTbDMzyYB90vg0LTbq98DMkdkDTvhTKmnlgkLJGkYQTwltZM+GCSXTyuKihJJJKEEkkkoQEkkkgIJJJJQgkkklCCSSSQhiSSSUIJJJdAz3VFA0kkkosSSSShB6SSSMgkkklCCSSSUIJOY3U4NzjKajUzC+QYCuP5JAt4LWJ38lrfRcdsE+MaYwEB42Jyt0YgSlgBMclNXZeVxU+GAJKRPQZOQkyWSDVw8LuMAJIQgZBzlMHKOdBz6oWD2VBjhwjIKMoQSSSShAkLdTgAM7rd24EQsJ/pCxNuANUwELeUwAhbgdlDq+PXslNOOyehtRMhQ7cJ4HE4TozkphI2TouSrQ1PIccLq4CNguprWUE3gek3lJJAEpZDjhPyPVAyRwUsn1KguUsjyMd1n+rJy23uaDuRhXrzjG6xnV1S98rYQcAnJCPPBy/JX7KWv2ZnsPsugDuuJJeWmeSOaMg7psFNPUztghZklF0k+Vo3Oy3XSXTHgRiqqtpnYc0DsPdaKavlYvU6iOnjmRadKdP/wAIogJAHTSeZxHb2WopaZxIOOyVLTFpBdg4Vg0BrRsuzp6FGKPIajUStk5MdFC0DdqPgAbJg2afsgmZwOCFrUcGRvIck5XCSe6YDqGVwkcEhQg8PxyU0zgeib8vUTuDYWFyu7f0hU1ul0jTv2QuSR1vH+F1fkZ4qjx+yjDJqkjwY9WPRaOz9LzTRtmnafstdbelqSjhb/LaNt9u6sRogGhjRgbYS3bh4PpHifomimKnqHul/wCRTUVlpaZpHh7/AOSsWwaMADARRlzgdGEUNJ7Kps91p9HCiChWsAAwnlODNsYRxEPqwmJTm/Zq24QIhvYJh3Ts4THcISugbxvlBnfpxjddlkAKg1NVH+N2FYuVqiuRVFSG7ZCqK+viibiR2FCul9gjkdE1244WZrbnJVEh3H3USOVqtao8RZPul5gBw12crPz1XinYYBSxrJJTPDLhseUcYZOHqNXOx9kdwy7ncrvhA91JFM44OEWKlIIynwhg59jyRBTN40ZRmU+/04Vgyn2B0/uiNiDfwJ0YmZ9ESKlGOEVkGjuCpHlA2GMKLVVJjGAE5REywmPe9kQy4hV1bcWDDIjugTzVEzsMBIR6e3AESzYJ7BGkJk8kQQ1tS7zjYqbT0EdPh2ACiyzmLDQmAzTY1u2VYAS55HueY/LGMA8pnmduUQhrBkhBmnaRjGFAmlgdqABKA6fIIwEGSdu4BUN0x3G6gmbJTpMn6ggnlBBc48cp4Y7nKjBUHIc/DjwnMY3khJrcDdNe/bAU/sSUdoVpa3uEGWYMGxyo75iDsmsa+UjOyglpMT6lznYTmQveQTthGjpGtw5zM/mpbYmtA8qptIpVZARwDbLf3UgMGMJEA5GeEBzhvup8hXx4HvIj4QnSeIdxgcJkk0cX94/GVSXa+Mja6CF2/coLLYwXJRY19xp6MljXazjkLO3C8TTNLAcAn88Ktkr5ZPrcSo+sk5JXPu1XP2gtZE85cuDbhLGUsFZZWuXYag+xaneqWCugJaXOOAEmVmAkm+ENym+K7P0qU2kyAZGp4gaOAlSsyNjROREALs7YSjic7nhTXQAH6VwR44GELtbHQ037I3gHuEh5c5HClaCueGDshU2hj02eiMZdtmoJkcdlP+T1b6f3S+Rz+H90XysS9JN8kDURvhc1AlT/AJEdx+64aCIDON1PlYv+NNEdjA4ZTCDwESSKdpHhDZOa0t+tu6YpZDVT6A6T6Lmk+intaAPpTHtDvw8INyKlTghpDlGe0sO4Tcn0R5Eyg0+TplLfMM6vVaG2dVExtpbxH40QGkOHIHus6Rlda33Vxm0yui/unTjZT87bHh8Ug1AA8Kmiqp6J5jlaSM4IcEa319TQuDopHFufpJ2P5K6mjt19jL2N0Tgbt4z9k7h9CpvB66+ggqJDNRTCN430nuo3z7YX/L1wDTx5hsVJkgEz/FpJxqGDjOETRHXj5e4wNyOHEb/qvillWD9H1arPbIr6GNw8alfoJ3GDsiQ3GspCGVA1NHdBkoZ7Q4y073SwHYtJzhdZVw1J0nLf+ZJlUzpVXL2y7hniqGBzSN050Xdqo3QysOqB+CPQ7KRT3OaLyTt2HdIcDVGaJ74R3H/VR5aNsoI0g5/UKXFUwTgEOGSuuj7tStu0ZwyhqLLJHmSnec+iDFWVlG7RKCWjsVojlux3QpqWCobh7Rkq/wDJNr9AIKmOdmtjgc8j0RW5PdV1RaZYTrp3lpHcJkdbU050VLMgdwhIpS9lqkgw1UUw8rh9kUEFQam2dSzhJJQMekmJKDMj3gHlCko4HDIbgoqcoXjJBdTSs+hu33XBPJHgEZwrE4cOMKM6FruR+auSyEkx8NwkBGcAhTWXIbCYFzfRVT4CD5RhNaS3cnjsqJlmg0UtS0PpphHKOC4ob6mopSBXwaohzI3cKpjm/JTqe4SMbokOtn9Lt0DjkbGWCbEy3XHBo6tmf6SU6Wgmg2cz81FFBbJyZqBwpajnPDSVYU9TWwxhte3X/jbuCEPxodGxsrJrVDUZyNDvUBQwL7Z5A+kqXFjeACSFpTHDUDXFs72QHNcwljx+oSrKshZaC2T4m3a3Pay4ecBek9PdfWm9Nax8zWPO2HHfK8lqbbBOCdIyqme2T02XQucB7FZ56dMKM5ez6XLWO3bj8kIsyM5XhFj64vlmczVUvkY0Yw452Xo1h+JtnuIbHcHeBIe/ZYrKA8+zWOjBOAOU3wNG+ydDWU1ZGJaWVkrDwWuRxnnQsrqYzKIz5ZWjGoorLjVRNDdRI90R8bHY2Q30ucae6pwaITaa+DZswVpFX0z2giQb9srNvpH4yGqO5kzNiC1BgtRTNnG9kg1MdlOeTgNDuFiGXGvpyPAm2HYqypupXxlrauPP+JqLJbjgtLhY7TdmOZX0UTy4fUGgFYu8/B+jqQ6azzGOTkMd3Wxpr7Q1DtOvSfUqyjkY45jka77FXloCUWzwm69C9QWZpfPSF8beSwZwqYfyiBwV9KnztJcMn3Cztz6SsNzPiVVCwS5JL4xjJ9SrUgcYPIqC/XOkaGxVL9I4GVqLR8RZI9MNeNQ4yUW6fDCYOfNa6gaOcO5CyNy6XvdrcXT0he0d2DJRJbuSHp1L1XZLm8RPOknuVZCkpJhrp5Bv/SV4e2pdA4buY4euysKTqKvpsGKqkH2eUMopAHssIrqc+SoJaPwuOVMbeZoxiSBz/wDlXl1s+IVXHKBWDU3jI5WmoeubNUOayZ5iLuCe6DayI3FJd6ecAE6D3yp7WibdhDs+hWTZU0VQwSw1ETge4cpET3D6HkfYoMBmk01UGHaHADuFIZXFwDJCqCG919MA0nWwdnbqygvlvnaDLCWP744QuLYmSz0TJIbfWtMVVSMkafVoVLcvh503cCZIn1NG7k+C/CuW1lE4BzBnPuitmp3bFwZn1cgeYgKco9GPd0X1Ja2fNW26RV0LT9Mmz8eh9Uemne0ll1tM0DTtrOHDP5ErUgRagGy/V6FHdRhzRqcSD6q/kZbtk/yMr4VMXZo5ix3OCMBHikkGGvIK0bLXCd3tz+QRP4XBtqhAH2CF3YFO4oWHJypLcOaNUYd91NnsZwX0rt/6SgPpa6mZqqKV2j1bui+YVKzd0Ulz6H6Kv+Rdul6GQv5exvhyH/xBYa6/2culKsn+E19TQscc6HjxAPbsvUYKmke8MEgBHY7FTxH5QQ3YqfPJdFq2a6PnO5/2eOrqAyOstcyugb6gMI/UrIXDoLrS1B76mzT4YedJwffK+vo/LtzhOw0/U0FF8/pjPnaeGfFL6eoY0Cppzgeg3CkUV5vNml8a03KppccaXL65uXRHSt71PrrQx8juX8LK3T4J9KVpd4HiQ6u5OcK1YNhqK32zxu1/Gfq2iLWXB1PcIm/983z/APm/9Fq7R8cqCd7hdrVLBGMAOi/mc+vGFYXH+z1UsjdLQ1Ec7BweP9Vi7x8H+pLcwvjoH5HYAlXlMOVlcsbWeqUHX/Q90b/JvMbH43jkGnHsr+FtDWQslgkY8EZ8pyML5kqOkr5R+aSilaR/gKixTdQ2uT5ikrKiCRvcav8ARVtyEoqXR9T/ACjRkNHC42nJOy+d7f8AFbr62NDZbiZgO0wLgtZav7RFdBEGXWzxzFoxmEaT987qnHBbrPXXU4GPIU1kOnchYqg+O/R9cWfNwVdM539TAVrLd1n0Xei2Kj6hpfFIyI3nS77cqN4Eyi0SPDbwuiJv9KlujgP90c5SNMQNWDj1QbyuiL4AI4Q30jSN8Ka6JzRkjCYASdlXyF8orDboQf7v90I26E8MAPqrcsHJCZpb6BT5UUyjloHk+QjAQDQyj8IWiEMbuQkaSIj6f3RqSYWUZaSieDggfohPoidixpC00tCwnZo/VCkoG4zpCm8NPHRmH2imdgGmb+gUSo6btb25dTgZWqfQHnTj80L5Bx3wi3sF4Zi5OkLY4n+T+yju6GthzhuPyW5NGP6AhGkHOkJvyMW0kYKfoCnfvDgqtqOgcZ0xtP5r0x0OGkBuFHFI9xJxhRW4K2o8uf0JUgktpGn81Gk6KreTDherGFwK4WHbZM+aS6K+NHkp6PrB9UTf0TT0pUgZMbf0XrPhNPLG/oueBGf+E39EPzSfZPjPIx03MHYLGozOnZMbtYvTJLZRl5cYOUF1ronDHg4U+QGVWTzn+AStOAG4R4bDBjzDdbaWzwDeMEeyDFbow7BYBvyhyv0LdODJf7Px58j8Io6bJA0zcr0iDoOpqYhPHV0j2u4w/cI0XQVWDvVw/qgyiKtHmX+y1QSND9SeOnauDBdhes0vREjCBJXQD81bwdI2VjQ2uroDn3QykolqGDxaKjERDHkb+qs6ahjOCC0L1yPoDpOoOprmSn/CUeL4fdPMILYEvKLfR5THQgkYUiO3F22nP5r12DomyxgYgCMzpazRnam3Q7kLbweTssjjg+CT+aNHYXHA+XK9bZYre3AEAwpUFrpITrZTtz7oZPJPlweTs6bkcN6dyMzpd7iAKc5XrraeHP8Acs/QIop4sf3TP0CBIp2nkzekKggf7rsjxdIvJ3iIXqrYGZ/u2/oixwMx/dNP5IcYFO3k8vZ0aefD/ZTI+jgAPIP0Xo/y7O0LV1tOzO8TQryyvlMDH0njA8NSmdKDbyBbsU8YG8bf0XRBHn+7CvLFztMSzpUbeRSGdKt2OgLZiCPH0BNETAfoCmWgPlZlm9LtGP5QUhvTLBg+GP2Wn0NAHlCWB6BK+VonysooOno+HRtA9VIFgpwc6R+itslLJU+VlO1srW2ambj+WEVtrpm4PhBTwx2fRdDB3Qym5AOTZEFFTgY8ILopIAciL91L0N9EtDfRBllbiOImjYNC6I88DCkeG1IRgHIVptE3AtBxxsnGIHujFgQizc7ot5MjfCb/APKE4MGP/ROxnsl3x6K3LILlgZgJxAHZLUE07blCXgYXAdk11QfRcM8I5chOq6cDn9kYtrLH+O4bYS+YfnbI/JRHXCAHCb/EydmuH6K8BbeMFh40/wDWlrceVW/PzHcOGPsufPT/ANQ/RUBGPJbB78dkvEd/8pVQauc/8T9kE1c5OC/ZQP48l9449R+qXjj1H6qkE7zuXFLxnHklQD4y8E4PcfqnNnh5NTF9sqgMrjySuA78KynWkaRtVTY/vP0XfmqbtIs6Dtyu6vdTLB+M0nztKP8AiJfO039az+spFxPcqgHWjR/O0v8AWkKymJ+tZ7UU4ElQp1YNGKilPEq6yRpyQQQs3kjcFO8WUfTI4fmoC6smlyllZs1NW07TFGbXVQ/4p2UFvT5L/B9ERqz7bnUgY1lEF7k06XRn7gqA/wAafovUlUQ3wZ0vjOPXKOLzTHsUWQJU2RLBJRBc6ZwyCUZlTA8AtkG6mSnCS7JCSH48f9QXfFZ6oZSwVhj0kkkBNuRyc1cwewK7p9QmsUk2+AiYdiuknOFxCUdJyuJYSUIJJFSUByI7jCCQccoy4TjsoTOAHm1I7PpCWhvouqEbEkkkoUJJJJQgkkkleSCSSSUyQSSEkqyXgKeEwbpqJp91AZREAF3GEzAXCMKKQIRIDVsFzOQU9uBsrcsEGOa9hyDhdXTg75TA/JO3Cvskzun3T2puQugg53Qgjc5/JcdKwjTIDul4ZznC60eqKLSCAPtlLM3yeQnuNlDNBX0bwYah0rSfxHKs3AkbHCEW1A+k5/NMTIRGVrtXh1ERYR3xspDXA7hwKT21BHmjDvuooidC/XCC08OaeCryHFZJPjYOCjtn2+lQRUwA/wA0IokicBodlQko4Jer2SDAOO6EGZGcpeKPT91WC8HSw42OULVKwgkah+iL4nshlpfjCJZJ/ke2ojDdLxglDfHBKMOII+y45mQdkDS/tlTc0ydDJrPSTNwGgH1CgVNjqI4yYJRJj8LlbNlc1oDuyQrYCcaiD9kyNuC02ZV9FICfGp3BQJ471TAm2zCTHEcm4W8McVSMHB7qNNaIG7t7rRC7BfytHnEl5tlYDQ9T2aOJ7tpHTxeU/YrPXb4Q2yva64dHXD5WR3mEYdqY729l6pcbLSVjDDWU7JWn+oZKzk3RtwtjjVdP1j2HnwXO8p+y30a6VLyi1fLPB4hdqbqvpSYw9S2R0sB2E0Yzt6rlJVUNeA+hqAHH/huO4XuIvj5Iv4f1ba5GxHyucBlpWR6q+B9h6gjdc+ibi2grRuMcZ9CF6TQeZ9WD1dFr7jCtwzImi/NUl3sMFyjc3ABO4PoUW6jq3oeYUfV1tc+IHDamNuQ/3UqiuduujBJRztJPbO4XqdHro2cxZl1NNWojiSPNLv03cLY4vDC9nq1UdQyKZhZURAn3C9pqo2FuiaMOaecjKxd+6LbWOdPb5Bk5Og7L1Oj8hn82eQ8j4NZ319HldXazCTPRvII3wCohqXyDw5zuNloLlRXC2SkVEDgB3wqmrbBVMGGhj/UBd+jUqf4nzvy3iW7MRXJWVFM541sIIHZV8rc7EcKXUOmpH4IOPUd1Fle1+CDj8l0oWJ9njtVpJ0SxJAYZn0kwcw4B5B4KtG1bZ2jZVNRGXDI7IMNVLBKNPHcJjeDDOKZdk5SL/UoDK5sgB9V0PDhkHlFhNCtuBszg84xlZW/dOQzl9VTNLXHctH+a1hZ6nKBIzOwWeSyNrtlU+DyiWGSCUxyDBCR0uaBha/qCwCQOnhZvyQFknwGLnss9kDuae5WxTTAGMHsmeHvlEPKcs2w1ZyBMfoEx0eRvspOAhuYCEqUC4zIEsQb+HdRwc52U+RhPblR3RejeUvDNMZEXGCE1Ec12c4TdJA3S5jcjCMoL2Y4CkYG+/CY/BGxWeUcoYiI4b4XYnFpSeDnITeHLLOOBqbXJc0M+QATurSmcSQVnqKTw5RurunlyAfVInE9BoNQ5R+4tGnOMFTKaTDwcKsilAxlSoX7A4WOxY6PQaa32aeiqCWjKlNcBvlU1ulwAD3VjnOEJ3KZ70mSpfM0qoqhg5wrSNzS0glQatueFA7VlEKKQtOyuqZ4lpwHHdUowCptPJsAiTApnt4JkhLcA91T1rNM5x3VrnKg3BgIzjJRRRL3uWQ1DIPDDDzhV11YRMHjsi0L9M4B4TrwzIyFogsGTUy+SlNEKObIHG6qb5FGW+Jp+pTYt3Yyo92YXU/2yt1B57yP+ppmigos6hvwf2V3BIBg4VDTu0PGPUq6gILeV2aJcYPnd6wx9UCcH2USDIdgqdKAWfkVXh2JHLQ3gCKzwTmvJSf8ASU2PsnohU1gBw5PqcPixlCk5C47JZjKXLoOLwysf5H7I7PO3HCHUuDX5KUZB5OFmzlj85Q5OPCanHhNLQOTk/ZV8hw4Kwk5KrpgQUq0fWPHCR+kprOyTwSNkljQDyd91GmJGMKQ9R5+As1o6I+I7j3VjTqth5arKnRQF29jhyiIY5REyYoSnWjeo/JQeFY2dp8Uu7LJaO0izMuadokmY0jYndaQtEdO1se2yobeAagEjgq7c7bCxz7O/R+O4G45ad+ygS6nu0jlSXvwCOyFQNE1c1pG2Vs0le+ZyvLahV0tv2bLp+kfBSxtd3GVqLe0MbnG+clVlDGGwt0jgBXMLBFCG9yMkr0lVeD5jZJTZb2WJ9TchK36WbrXPe7IaFnumIC1hk7Y3WgDhqG2Vqwcu15bRMpQWjcco1TP4FM+f+gEpkQAbkchU3VNbIaNlBCcPqJAzlLMyjlj+h6Qyvq7zUMPi1DzpJPDey1qhWqlZRUUNONi1oz98I88oa0tG+QowLewFNGa24l7x5IuPRXDuVDtMLooC543eeVOUyLayPTk1OVFDUkklCxA4SJykmSSiJpccYwgLj2U/U9c2MMpmHLjufZePfEu4vmkhomnDT5jgreXa5PfJPWPbnSTjPovJaycXK6TVsgLi5xAydgPYLBq7vijk7vi9NK+xRiglDAIYWsAxkbrD/FSEtjhcBsV6HTsLm5I+yqOrLOLrapGaNT2+YLys9c1fk+76Lwal4t1qPOMnhaR4RKmF9LO+CQYc0kIL3ADldyq35I5PGzrdf2sYSCThFj2HKit5UhOU2hT/ALnH5J3RYAdkMcqTA3OCQn1PcVLGCSzyNUSod4hypU+GQl3cBV+ov34RWS44F4OcHZGgPqgrreeUlPARM0jHKC9uyc3GOU/T7o39yL6IoBacqZRT+K7wzjhAe3YoUOqCUSDOAlPgdCe0ug3BJRo9tlGpJ452amnJPZSw3BzlXlHRonuSYVqI0YAJCYwHOVIYBhXg3wimAO/IXAwFGc0dk3T7qhnxkdzADsF2OTScYRnNQS0NUA2hZYW1EeCOQszcIPBlLcbBamFuRj2KgXCjZJC4ObvyCPVWZtRTuWUUlHUljgCtBSyiZoGQsvpMLtwrC31mCAUuZNJqNmISLqrt0NXEWOaNR4cFkrhbZrdLol3B4K2lJMC0EjKNU0MNfE6OUDJ4PogydG/TRs5ijzrThcIx3VrdbLVWw63gOiPDm/6qoe/Ks49lcqpYkjhXEkkAkakkm6vZQgNJPSQEEkkkoQSSSShBJJJKEEkkkoQScN01dAyhkiwaSSSV0EPSSSREEkkkoQSSSShBJJJKEHHhTbVH4k52UNWdoYYwZnN2J2TaVmYBMkAGQFEn4/NS5SP1UOflb8ciZvBHPK4unc7LoBylgyllBGjKBLzspH4SobzhyTYy08jEkkkoYcBOURrQRkhDAOUVn0hQMGkkkoQMuHhdSUIWnT0TJKvzjOMLatAA0gYAWd6cp2Qw+M5mXErQRv1Y25UO5oo7awy7krg3SUOipYOgnKKzhCHKI04CuK5LUshgcEDOyIOFGJyntdg87JiHNEpJNBGE5WUJcJwMpqG5wxlQGTwKoqAxuc7eq8/u9VJPXyE7huw3WrvFS2KmducnhY6R2slx55yiPN+Xvi8QiCDg7kLuPQLpAz9W60nS/TdRXPFVPHiEdnd0yurfLBwLroUR3MkdK9MOlkbWVTATyxp4HuV6PSUjIWtOBkBRqelipo2siGABj7qbETsAF16qIVdHmNVqpamW5kgNDeAjII4RSRwtRzrPSYUd0F0YJyCjNDnghgyTsMK5tXRNzrwHzYiY7ff0VuSR09D4fWeRnt0sc/8AoUTQX7MGr7LRWfo2suLWzOjOPTC21o6RttvjaGxMe8ckjK0MMLYWjQ0AD02S5WH03w/0HVR/qa97n+jP2bo2GhYTOwEu9lcyQUlE3yNa3Cj3e+toAWNkGvHHqqF1PdbtOXSSGNh35SlmR7mnSU6eKqpikv7FhLdGzyGKjBONiU6GnnJD5O6l0VtjhY1rWjYc+pUp7NuFXRvro28kRsTQMYTtLR2T9OCmHhVN/obhIaeFHO2UZ3dRnEDKUImCkk1H0TJJAxu2DlCmmaO/Czt16gYxxihfxsTlGlky32wqjmTJtxucdOC5/wCQ9Ssddr4Xucxhy4987BCuVfJVOGp+cbgqtkaDvlMVeTganWOz8AT3OkeXvdklNcCeEcRlEZTkHICbGH7OXZPf2Q2wudyjR0wGCppgGAA3H5pzIS0/dNUDNJMjsp842RI4BkEDCleGMDZMeWsACbGIiw4Y2hvHHugmVu4JC5NVsjaSTk+iri+SoOzTgojPKaXAOtuBDiyE57fmgwQVU/mnIAUxtJCw6i0al0l3AamCprPJxogh24K4Xl+zeD3TxCx5BeN114ZGNhsoKGNiY46njOF172s2DUKWfAwNvdU9TcdBfibOlUDKeCzqanAyAqqWrLyW57qM6oqKjB14CdDC4nJ5VZAk3LgcXyOKQjJIOPzUlsQAzhEbHjGGqNpEVb9g4odskIuljRldDwBgNQJjngqnyMUdonvGNsDb1UbJcXBEETnlSaejLSCQqBlDJDZSl7twp0VIG42wpQhaABpXHaWDAQt4F7BvhNGDj90yR+G7BMkmIOwQJakNbqI4QTlgro6ZAM5VdW3KKl+shQ7pfoIBhnmcewKydTWTVcrpJHfYeizT1MYgSeOCyrb4ahzhGck7Z9FVlxc4ucckoQxnbunrn23ysYtjUgSOCkutYXHHCS3wX3wh2pIEk4yjMp84LhspcdPCzBLN0uU2h8Kpz7RGZEXDjZHZFpOdP7o7QwZw3ZdYM/klyk5GiNKiNO4wuEZ7ooGF07KNYHxh7BiPfcLohbzj907V6NXDlCPUBOhadgFxtJMPNgYRByih+yhaSQHw8bFd0BP1eyWT6KFMbpHom6PZFTstG6hWCP8ALhx4Tm00QHmAJRHyADAaowlLnEK8sDalydkib+Efug+GMhSGRl3O+UdlPCN9O6mRdiIrKdjm+ZuUJ9AXnLcYVk3wGYDtgniOF2PBOSmLLETUF2VJonDG3PunMt8jhhrTlXkFtnk3LMBTIqER/hCdGDZx9XqYxltgUVJZ5C/MjdvdThZm/VC9zHjuCrRsLmj2RWs9Amrg5z1E89mkprkGkHJGw3CtGV5ma3U4OxwslA/AAKsaaoDRj1XiNR42uXSPb+M+rb4tQveTTNqhI3ScJlRDFMMFoH2VVFUFpGFNhrATuFxdVolXwfR/HebjbHMmMbJPSO8KQFzex9lIjngmHmAyiOcyVoGEF9GHeaPyu9ly50HpdPrflX9g4bo3YSMe6JFcXxnRINgq8VFVSvAmw5n2UlstPO3bYrLOlp9HShqIy6LaOoimA3G66WfkqYAxuyxxCnwV4DQ2X7ZSJwx0bIW4JG/fdBngikHmYFJY+N+7SCk4YGc8JeMDE0ymltxadUJIKH83PTECVpI9VdPGcDShPijkbpewEe4UGPhEWGtilGWqS12oZUOW1BrtUOrHp6KIZaqnOh4dpzgZVpEi8MuMhJRKepbK0ZO/cKU1wcgY3I4cp4IxyhpuT6qi0w+R6pZHqgZPqlkpmBpIawO5QpKYu7YC6yQN3RPHa4YLVRCG6EjgJrC9pOVNGkndMfDjhqrCIAbOTyN1Kgq6iJ2WSu+xOQo5hPbZPDSM7Kw08FpBcy1we8Bp742V1T1NtuLRre0Se55WPL87Jwdj6XEfZAGpZNdPa8eaF2Qq+ekmPkc3hVNNeq+jcAJS9o7OK0VD1PQ1IaydoY/vqSpRyEp4Zn6y3yglwbt7KGIiw4Iwt7Gy2VpzBIwuPIyos9ghe8kMx+SVKrI12ZM3a7/d7RIH0dY8NH4SdlubL8XaiEBt2ohKwbamLI1nTNVG5zot2+ippqWppH6ZmOAPfCyunAW499t3VdivMbH01whie7/hyOwfyVqGVJw+Aah9181BwHDh+RWisHxA6isuhkNYZoWbCKU6m4SnSFk92E/hf9rZoJ4XHmnqseHICsPavixaqmMC9Uxa/glvC1VuutgvTA6zV8Wt2+hx3HskTpxwHnBKkoIzuGblQp6CRnI2U10VzpvM2PxG+yaLnGcR1ELo3DbJSHS/RfyYZVup3t4agiaupJBJBK8EH+rZX+mGVuW4OUJ1CHbjAQ7WGpJkWl6quVNJqqoy5h9FdU3UtrqsB0wjcezlVS0UbR/MAcq2WzwPeXNJb9lWGRxN21zHM1NeC1w2IUeSIOzlo/MZWFlN4tgHgTyPjG4bqzhTLd1xU0+f4hTZjbtkcq1JgbNpY3Po+03Jz3zUjA5w+pgwslcfhg1ri631To3HcNct5Q9V9P3OQRxzGN5H49gVZOZTSjDQ137otwt5R4dX9I9RW5niS0Jkbn6mbqpDpIn6ZGuY8dnBfQpoGyADJx6FVFb0vY62UyVNDG547gYU3IDB43BcKiLZkz2j2cVfWzq68Uga1tRrYONXKvrn8NaaaUm3VJjLtwx3Czlf0V1DbCXMg8Vrf6TuqUU+Q8o0tB8QnB4ZcIQWnlwCu6brOzSnfj7LysuliOiqhcwjY6m4UmCaJpBBCJ1FtZPa6K5WqoYJoatrT6ZVjFUwT4DXB68ThqHlo8ORwB9CrOjvt3oQ0wVOoDs5A6kwXWj14Oij4ikdnnSp9NdfBAHiam/0v5C8po+vLnTzA1cILD/TytJRdfWOqLW1BMRd3c3/AKJUofoROGT0GG70z3gEafzVhHLDKAGyNKxFPX2itP8AutdkqUYqgAGBziPukTqb6M8q2zbxRAbgIohPJ3CxcF9uVJhnighvIerag6xpZcR1ADHd99kKjgzShPuJa1Nkt1S7W+mYHHktGFWTdKVTCZLfcZtt/DectVxSXSgrCBDUNJPYlWTCMbD9FW0FO2L5MFLJ1DQP01dpMkbeXxA5XG3+hc4NnLqZ3GJhp3XoMnHmPPqq6qs9tuDTHW0MMrD2cwFLl3giv/ZQU9fTTgeDK1/2OVIByg1Pw/sWddI6qpZD+OCUtd+qrn9J9TU2Y7f1K2aE/gq4xq/8wxlEmOjZXL2XLHEDAdt6ZRSWuHmOfus1LcOrrWRDXWITgHANKNbiPXCEzri0FxirBPTSMOHNkidkH7YVbmy0sv7DQy0FBNtNQU8o/wATAqiv+H3Rt0a4z2xsbj/3Ywp9JdqCreGU1UyQOGRh2/6KblHGxoa5WLo82u3wL6bqQ40E5Zq58Q5WYr/7PdQ1maGqiqHd2huk4/Ve3uG+Dt+SQB7FErQlfNds+Zrt8EOoqXJFADj0WUrfh71BQyFjqB364X2LJlwyXE/dQpKWknyKilY/7gInYg43Z7PkBg6ysZIpaqui9NMhIC0Fs+LfXtrbpkqXVGBg+MMr6OqelrBVnMtvjyP8IWcrPhTYal5dEzQT2IGEG9SGb4s84oP7QtRTNEd26cMoA38N+Pz4WotXxx6LuYHitmpHH+vBRLj8F4SNVO6J4xuNll7j8HWwuy6KTb+lqvASnE9NtvVvS93w2lu0DiRkt1bhWTX0cx0xyscecArwmp+Gog2YJMD2QWWHqS2PD6C6TwhvDWvKXtZUo56PfflTnLWnC4YHgdx+a8Yp+peu6EBjq8y44JVjT/EvqulwKumimH23U2srZ+z06SKY/SRkdkMCrj3fTkrF0fxdaTi4Wt7f+UYVzT/Ffp6UBssUrPYhEmw9vBbuniOzmOaRyCEhLBxg7oNL1v0vWYIma3P9asoq/p65ARxVMWeeQEzc/wBE2EJzIHHIeFxtKx2dLhsrY2iz1A0xyeb/AJkKTpuMD+TUln5pfyCpRKmSiHOEFtGB+Eq2dYq9m0VVt7hANrvTNwWn8lasyyipqKI5GGlCNKcZ04VtJR3hu74AR6hC/mM2lhI+wTt3AZVOock7ce6EaXHLVavMec4K5mP2Q7iclUaXP4UP5I9irnRF6D9Uz5dh4P7q9yIU5oiRjICGLXg5Dwrr5V2c4yE0wO7NV7kTsrIzV0u0JwB6cI7L5dotuw9lL+Wfn6UnUUjwMMCDfzgAPS9UQhobVUw1cEhWMd06dq8eNCc/ks/JQvDiDHnPoFxtmeRnIGVTW4j6NnR1HTsY1U7iw+5VlHcqF2AKgYXmstumAzHIf1XPlLpFgwzHP3KHKFSPWIamjeNpwpERhe7LXryaN/UcZGHAgfdSo7n1THjzjZBkRKLZ6rpjGDkBOAaQMELyv/a7qSlODGHkerMro+I3UMOM2/OP/oSgHxs9XbGCchFYzG+F5VH8WrrDgT214+0akxfGJzP76kkH2arLdbaPUo2AfhKJgLzGP40U2cGkn/8AJspcPxno3Yzb3j38NTImVU30ei6fZINwc4WEb8Y7Q8gOgcP/AAow+LNj2yx4H2QcAOuRuw32wujZYlvxY6bIyZJP0XR8V+mif72T/wAqnYt1WP0bZNcscPil00R/fSf+Vd/9qXTfaWQ/kqaK+Gz9Gz1LuQsW34n2A50tld+SGfilbBuyjlcewwluBPhs/RuMhIHPCwh+KzXDDLRLj10cqOfibc37UtkkP3apsyX8Fn6PRkuOV5o/rvq2c4p7OGZ7uYhv6j+IUzctZTR+mBupsGLS2M9P37tIXMryZ1x66nkHzd1ELO+gpssFzkP+89Tzj10uwj2B/wAN+2etSVVNDvNM1o9yo8l7s8e7rjAPbWvKW0kT3FtTdqybH9T9ijC1W7SCynmkJ7jKmwn8Y9JPVNjBx/EYSfZy4eprVjLJw77Lz+jszXS5hoHtPrLwrWGz1pA8sY/JTYD8RpndTUpOGNePfC6L3SO7lU8dhmwC6YD2RobFCDmXf81XRUq4rksTd4OQT+SRuZmGGtkOP8KDFbaeE6mMyfdSo26eMD7KC+EDxLINRjx90RrHHPkARcA8hdVgkYwNJ2ACXy4O236KTgpKEI4ohjlL5IeqlJKEIvyee4XPkf8AEP0UtJQhF+R/xD9Evkf8Q/RTV0Nz3UfBCD8kf6gl8kf6grHwjjOE3GNlTFWFf8m/+oJfKP7uCn6G+i74Y7BUA1ggeA70S8B3opxiB7JeEPRQvDZC8J39P7pCI53CneGPT91zS30UJtZGEXqEvC/w/uj+Vcy1QvDA+F/h/dd8M+n7ompiQli7kIZLJTXA0RlcMWEQTUw5kSNRSjfxFQO2WQYgPou/Ln0CcK2mbtrXPnqZv/EUGODkL5c+qXgvHDkKW8UUf/EUZ/U1vA+tXhi/gsfotGGRvlEiIHSnh6oT1Lb848Qp46kt5H96r2sr+NP9F4HVfIqfyS+cq27GYKh/2lo+GTlc/wBoISfX81FFk/jz/RoW3WpjOdWU8XufO5z7ZWdF8h9B+fCI29QnbNKPz3U2st6Zv0aOO9jh0JP2KKOoKMfU1zVnmXGF2CKimHtlTGVUTx/fQk+wR7WKlpYrtF0y82923iOH3CLHX0cpw2oYfzVEGxykAaD9k8W/b+4/PKBvAiWnWeDRipgPErSiam/1D9VmRA5uzXOBHAymmC6NwYXvwPdVhinpf7mpTRkdlmPmr1AQDFMcfonC9XgbOo/zIR4ZHppPo0yWR6hZ6O93TgwR/ZGbd60j/srCpgpUzRd5HqElUNulX+KlGPYJ4vGkZkpJB74VYKdcy0SVX/H6QHDo5AfsntvlC7u4fkrwBia9FikobbvQO28XdGZWUz8YlG6oLDDJJjZ4nHDXBPyPUKEwxJJZB4KShQkkks5UIJJJJQUCTwSmLrVGSccjtXuuZCWMJE4U3A4yDyUslPxn2S0+6mCYY3xD6LvieowueVLyqFBRLFwX7ruR2KY5rTwmvGoYBRkC5yuOY131DKDolactkxhc8Wfu3UAoWPNPTv5iCBLRBm8OxRRO4ctRBKDypgmSvcK6NwA3CIJWbeM05U/IQnwMeBsFC28gWStzt3RS/T2zlBdS4P8ALGPzTXMqWY1N1BWCSg4OHplNbG0nIUcvxjXkJzZwz3yoQdJD6DKjyU+sbNAIUwVELxjJBXCABkKLsJJ5KuSOri/u+Eo7jURYEgyB7qx2OyjS0jH8jATkRvI1lxo34EjMn3RhHFKA5hChyWuI7gboPyVdCdUTz7ItzBJtXQU9Wwx1MDZGn+oZVFJ0rJRPdUWeodG876CdlYOrrhRkGoh1s9gj094o6jbVod3DinQtcXkhSVdVTVcBt/WFpY+F406nRhwIXm3VP9nYSsfePh5XMgDvMKcHIz/ovbpY4aqPRPG2Vh7OGVWm0VNDIaizVT4u5iLvL+i6Wk8jZQ/tLTwfKNZW3zpWpNt6toHQSNOnVpyD75UyNkVTEKmlky1w1DB2X03cqGwdVwOtXWNthJcMNe5mc/mvIOsf7OtfYdd2+HFwaA7LzTO8+r2aP1XqvHea+SW2wGb3cHmN1t9NcIH0tdTDcbPwvMeqOkpLaDUUuXxn0PC9XbfZKeodaOrLaaKtjOHgtx+ak1vT1PcacmleyVjh9K9ppfNRpakmcjWeKjqYNJHz06NxYBUQkt4yQqqstzmOL4d2cr0zqXpyW0zkSwlsbydIIWRrrSSC6F+PZev0fkIaiKkj555Hw0oqUZLJlXOwMOAyobmNfwQptfBNHnxGacKrMnhHfuuxXYpI8Dq9I9PLbgM174ypsNQHAAqvEgeuCV0ThjfKblHPnWXQOoJmlRoKoOGCFIa8PCEThjZSANwCstfbCJw6emGHDchahzfdR3xn7oJR3B1Tdc00zzGop5aZwbI3GU0HK3V3tVPWxFrmAO7ELEVlLNRSmORu3YpEoY6O3XfGxDEkIvI/D+64Zcfh/dZ5LA+KTHOYHcpnhDH2RNS6kOI1NohSwgO2CizNLRwrN7Ae6jSxegS5RGwnkrCCE0Z9VLkhI7bqL3wkSWDRFjCBuhO7ox4QXb5wsti54HI5C4tkCvKOcEAZCoQN8qZSVGl2CszWTfpLvjmky/a45CmwkYzlVsDw5ilwvAO5We2B6Sm3HRb0kxY4Aq7idrjBWajPore31QIEJ3KRhna0t+eGWDHkHCZUty3lNMgDkRwyzlQ6TnuRVy5adjhSKeQggKPWNLX5HAXIncKCd21ltG/LeECqZq3SgeMfdOkb3z6piXIU5bobSsppv5p2xgqXcXh1KDzuq8HRI7PZxUw/zIMNOdsrREyRe6Dgyo8Tw5gey5XDVAds5QqjMcoaR3RnP1RkgditdPBwL/vi4GZe3w5dI9VZ0byQN1ArRioKkUjwMfmunSzweqhtm4lkTsVAd/eEqW135qNNhsrsD3WxmaKzwHid5RsiHhRmO4CkRu52U9AuIGYE8Jo2ajSAKNnnJQSljspLkg1XK5ESiVQJdsgQ+U7pEpYZojHKJKemDhOdwjCfAKY7jBUSpaM5AR5DvhMmGRhBYHGWCNECjuAIQYxvsjnhIyPIcg5+yiv5UuXv9lEkSbR0Qsf1NVhBwq+HkKxi3CKvrIq06/um4zunOOCmK5LIljpOyubSB4ee6p39vzVzZ94lnuNGkeJ4Lq3N/m5yrSSQ+ig21uJMlHkfvwsrO4pKMNoyc4GPUKd0vA2SscXtzgbKsqJM7eq1PStIPCLiNyOV1tDXhqX7PJef1Edvxo19K0NYNI4U876R6qLStAYB7KfRx+NVxMxt3XdXB4S3KNhaYmR0EZa3BduVOh+rJ3QYWtjhawDGAiweXnumM59jyTGPIH2VLSxMu3Urng5jpGglvbV6qwq6r5WnfNjgLvSdCIaKSukb/Nqnl7j7Z2UErhNsus47pmtxnYwDOpcmOTsi0bMSte4cKsi28osmN0tDV1LUCujlWDDsKxEcuMxjJTHn0KUQS5kJHhNQt4IPVN1RX/J0HhtxrmBaPZXRAHPCwHUVa65XF2g/y4PKPRC+Q4xz0ZXqasmpbKWRk6nbErHUMRDQ4jlWXU1yNZWfKxn+VEcH3KDRMAAOMDsvOeY1GyDR9R+i/FTnOM5IlwRYZghOMbeDx6KRHH5cAIMrSH4xv914Seqecn33S0OMNqPHvib0tLb6kXWAZhlcQcDgleeOkJOF9N3izQ320T0EjQXObluexXzn1BZaux3aegqoiwsccZ7r0XifISv/ANOXo8D9S+FlpbPngvtfZFaWgcruoeqBkroJyu+p5eDxzRKG/G6nU4ACgwHIGe6mDZi21LgRPvB2qOW6QVDIOUd25QyFU+ylygaSR5SQEHhxyApOPICoR5ClNOWgeiZDojG4OpdLQWooaD2TcFRpMuPeAdPJ8tLrA27hXdNMydoew7d/Yqlc33R7fU/LyaSCWuSZJo36a3Y8Mv2N2yiIbS3SMHOUZudQyijLB14S3I5gruh3ojt04GF3AUNaWSMY3Hso8kZyCrJrAgyxBw2ChJQwRYzpxunysD2gYyhSxnII7J0b8DBCguUcrBnrpQSwymVoyw+ihMn8Eg4WqqYvFaWY+rZZWupXwTua78JQM5t1br+6Je2yujeG5djO35q/hlG2BlYSln8NwyFpbbcWuaAUhs6Gj1W5JSL6WlgroDDMwFrliL/0tPbCamDzwk747LbU8oIB9VLMMdQwxytBa7Ygojo3UQ1UNrPINKRGO61/UnSEsDX1tCNUY3cwDcLIuyMgtII9VDzl+nnp5bZIE7ZCRXHB4QkLWRKEkkkqKEkkkoQSSSShBJJ6ShBiSSShBLucbLg3SO5S5ssYnpiehQQkkklZBJJJKEEmJ6YqZB6SSSsh0Ak4AyVf0cTo6drXDfCp6KLXUN2ytCSNOwxgBPpjhgyWSPNx+Srp3E7YU6dw9cbKE4hx+y1PszWAosk5d3UgAYQw30CezsqIOd9JUGT6ipM7tJwVHLgQUibDgh2R6hLI9QgknKQJyljQwaAcgLqY1wxud13W31UIDSSSUIGToWeJI1gOMlMPCnWeES1rds4x+SsOrLmkjTW5pZA1mnGFaRfSFHgABwd8KQ3jCo7tC2rAUEYXcj1QslLJ9VZpUshCcIrUBvmR2psYhHV1vK4kiLUwwJwnJhGU8DCgeRNGM5UaZx3GUWQ8YKh1mS3AVpZMupu+ODlgpL7P4rxC050jJVKYyDjCup4i9xIGdlb2Xp/isqmjf6WrTGnceG1eti5ORB6b6TdWyNqa2MiIbgL0SGCGnjZDDGGtYMDCi0nkAAbgBTG6nbBp2W2ijHJ5vW6iV0sthEaE6TuEW3W6ouM4pqdhMhGQMLb2f4ZV0r4561zWMA4K05SOh4vwGu8s06IPH7ZjGRVEpAhhLiVqLX0Lcq5jXzkQtPORleh23py221gDKVpcO5Cn6QNhsFTszwfSPF/+HenpxbrHul+vRQ2zpW221jQ2Fr3jkkK8axrWhoaAB6BP0+64QAC4nAHJQSbPe6bQU6GChTFJf2EMNB9lTXW+OaDSUnmlcNsFMr7q6tqG221tdI550vkH0t/NTrTYIqEa3kST75cdwPspkd8W/sr7ZYXOc2tuPnkdvgq8bAG4OBjspL2YAGE0geqr5MDVp4xWUMAAGAmZHqnu2BUQuIJ1FA7MhYxwPe4DcEKLJLnsnynChSz6W505V5yJmGfIGgqqrKyGFpErw3Ki199hptQduR791jLndpK2VznZIzsp2crV6yFTwuSZe+oS9xp6c+xOVnZZHSAA7onhl7s+qPHSnI2ToxPP33SullsheE4njb0RmwEb4wrBtO0Y8oRfBaBnATcMyYRXinAH0pwjGRgKWWgZ24QQ05ymKIi3AhFtsE5rcduPdE1gN3USSYDP/VGZ5zSCSyNY3sqyonc84wnyyFx5KZgDcozHbPPAB0LpSCTwniMRt2T9fYNSERO+VDNLkFu4ouGNaCcE+mU5wZG33wojn6t/RG3hFN4HvnawKur67wxnOD2UevucbQ7S7cbD3KqHvq6o7kkIVPIpy9D6mvqpXaWnYoMELnuy47qRBT4PnajOiaMADCFzB25eRNhbgbfupDWhmDhMEZGCQjfSACgzlhrgcM7AhP1Nxwha/QJvibnZSTDbOvdkkeiHpc524T2sc5wyP3U2OnBAIGFabC25AxQYwSFLjAGMhcc1jMZ7Jks+QAAoTCQR7w0YUSYk7pPdncnCr6y5RwMLieOEMpbRbeA80wb9WBhZS9X0yB1NTnAH1OUG632WqqHMY84HoVUudqOc4KxX3rGEIm8ic4k8lNO6SS583ufItrPDOAk90Ub5Ca2NziNlNhpG5DnDdAFXVJ9Ao4C7fHKkRQAEbKQyINb5QutAylpbuzdVQl+XYmxgAENz+ado9kRpyE5U+DRtx0BLCU5ox3RElRMAycdktXsiYK7pKsao5BsaB7p2lODSUVsBO52VDVHAHBwhaXZ42UwR4O42TgG42aFaK2biO0HungDCJpH9P7pmMKsBbBIRBDT5k9xI4CY1jiULWQJRwNLSSutpjnPqjti1HhS2wN0jZEo/sRLgBFCGgZG6TosDnCkacHhPMJeNgiUcsRbbGqOZFf4Hiu3VxQ2wRhssg37BGobXpxPKOfpb6KxbGWrTCB5XXa52ycawYa7GAu+GSckI2kLuj2TksHOdj9kfw2ngJNj9lIwVzQVQOWRGk5UmN+O6iLuTnOVw7K0Oy85LWGbON1LjmPIVIyqII5U2Gp2BWC/Sxm8s7mg8zbQ1FsuYqpw2wpkVYCBwqRlS3ghGbICM5XKu0MfSPf8AjPqKSik2XWuOQYcAQo0lI0eeIkH0BUSOpcwqXDWDO+y5d+lkuGj23j/K1XYwwIdURnL2nA9UZkgkHIUgvhlGM5KizUJbh0OTnkLnWaZf0neq1EnyuUTYZSwANdjHup0NSXgAkErPCrdA4MlY4e5UunqNWFjsoaZ0qdTCfTLwFrxgLmn3UGGd7XagdvRSG1IJwUicfSOhGSwSNPuumGJ394wOXBgjIKcG7cpbWA0k2Qau0MkJfTuMbudlX+DW08m+o4Wia3UmviyMKg9hUxzPOz24RQ4HujTUmN2hRDTSg5apnBTbiSUw8IYe5ow5qf4wzjCvISeRpLspAuCdsUiBhTAeTrZiMDCO2cYGyiEHOyQDsqipSwTg9p20hPLGubsQFCaSMHKIJSMeyhFLI51MDkoBhcO6kiYY4XPKoNAHPBCaW7cqW6IIJhO5Q4yQBFNU00gkgkc0j0Kv6DrOop9MdbHraPxDlUpGn8OUg0HspsbLyeg0F/tVwYA2QNcezipr6CCsYTLCyVh9BuvL8ac6Tj7KfbOo7vbXhsdSSwdnHKVKGAlY2aC5dFUchL6LMbv6Tws7X9O3OiJ0w62jkhaWj6xhnkDakFueTlXLKmCsaHRStcPQFA6hsZZPKnyOjOJm4+6lU1e6Ej5WUjPYFb649PW2tyZoBv6DhZWu6HqKdzprfJqaPwlIlVlhKTLm0fE3qW2N8IzsqothonGoYW2tvxXsVeyOK920UZdtrj3b/wCi8YlgrKR5bUU7xj2XBVMccenbKW6eC3LJ9I0dTZrpGH2q6RO1DIGrhPbHdqd/mayWLseF88Q1MjWDw3Ob32OFo7X8R+q7aGQisFREzYRzDUMeiS6MBxl+z2d1dE0Ymjc13BGNkRscM2HRkHO+yw1u+KdqrWMivFtkgkdsTH5mf+i0tHc7HWtbJZ7i1rzvpL8fkkyqG5yi2+WDBgtByoVVaaSY58EanegRW1dVG8GUah9tipbayknYBgtclSqa6A34Zl63pZxGunbpPbCgMZ1DZZhNHJOMf4i4ELdsxpBbuCiOpw7lodn1CS62VvT9GUoviBX00oFdDrjPOBwtLRdcdN10jWSv8Fzu7xsotR0zQ1xJbGI3nuBsVn7n0FUsJdTgOzwQqwycdHoobR1TWyU8sbgeCCgzUMxO5yPULy35PqywYmp3S6W7ADJA/JTrZ8SbxSEQ3BrXtbyXDDkaAlDBtKuy2+sjdBW0cbwfVu4/NZqv+GVtneXUMkkRPA5AV1bviD0/WlrakiFzu5xgrQQVVBXRh1NNG9rtwWkIyYZ4/cuiOpbO9z6dhqIhv5eyoxW11JKRPG9hb9QIIXvroJgeQQfVQq60UFfF4FbRskb6Fo2VjDxpnUMJIZO3Y+inxVtBUhpMzGZ4WruXwusFXG75TxYJTuCTkLF3j4c362lxp2GeIcFqppMrGS3hZVMxJS1OAeCCptL1Hf7Y53+9SSNPZ5yFhWz3e2ZgkfNGW7aXZU6HrCenaGSwCUjuqcUwXFez0ql+JsHh6LvQM221MGD+ato+pOlrgWtjqoaYuGdRfg5+3deax9R2CshDqiExvP1bI7aDp64N109wpST+DxMH9Ev4UKlGK4SPT4opiRLbq5sgG7Sw8hGi6m6ttc+uISVDB9bdOcLy2ltFzoZWyWq8yRBpyGskyD91Pb1d8Q6J7mOlbWwjGz+32VOkV8SfZ6xB8TpGn/f6CRvrthXdH8Qemalv/b2ROHLZTpOV41F8TC4FvUXTj2s2BmY3v9kaPqf4e3QOk+aMHoZBpwUidG4XKir2j3ynq6WuibLTzse13Bacgpz4iPqaf0Xi1LQsDW19iu3AyHQTZ291a03UfWlC4ubcoptQwBNx+SW6GkJejT/BnqUjO5GSVBq6GjqxippIZfd7MrJ0fxAu0BY27WlsjDzLC/P/ANThW8fXXT0jtMzpovcsJCUq2mVHT2w5B1vR1irm4fS+D/8ASToVS/oS5QHFt6sroIxww+bH7rVC6W6X+ZT1LHsIB2Iz+YRYqiKYFzHDAOOULi0E52xMRIPiHaZG5jpK+PgEjzEf9V1/Wd3pA3+LdOzxjG5jbwt2/Jxg8Jpa131AO+4QbmErFL8kY2n+IFlnA8Rk8YPdw2VhB1BZagjwq1uT27q3qrPbazJno4nE99AVTP0RY5eKcsz/AEbIlJewl8XvglR1FPMMwSh4Pon/AJKjn6CMZ1Wu51cRH0+fZdisXV1Nv8/DLjgHKmY+i3tf4svWg+i5oBOXAO+4VN4/U1IAayg1NzuWBFivLgcS0kjc98Ik0RcEyW22+c630zA48kDCgz9LW6pz/La38lK/idO8A6iD6Irahrvp3/NMbxyMc5R6M/V9C0jh/Lc0bf0qoqfh49+7NP6LdNnzgYRBNnG3KDeV8svZ5TWfDus1eWFpGFWVPw+rY9zTN++F7O9wyN+E7SCO36K4zSGRvweDSdG1UTtosfkVEfba+meWx+IwjuCV9AupoH7PiYc/4Qo77LbJPqpWEn2R70wnqE0eENqr5SkGOslB/wCcqRD1h1JRODvGc/2c7K9kn6VskxwaRo+wVbUfDuyT7jWCVSSBU0zzyH4pX6I/zG7BWtP8ZXaGtqKXLhyQruq+FlHI7EOC3sVWVHwjyf5WghUlhhZRMovi5aZB/vOpo+yuYOu+latoPzMe/PCw1T8Hq8OJjlZvwCqup+EvUEW8Rb+WUWMrAMpYPV4b30nVbumj34xhGx068eWRuCvE5Ph91jTnykkD0cVx1v8AiPQ4bE2UNHBIyi+PIPyHtzrNQT4fC5paeMFNNgZ2wSvGIb38SraPMJCBzmIY/VSmfEbrmnwJ6J0w9mKOqT6L+Q9Yd07Uk5jeAFx3TtYBnLV5vSfFXqCN2am0VTcf0sVpH8YqoNAktlZt/hQOua7K3mvNjrQeAUZlpqABliyEfxlibjXbaw//AGtSI/jPbds2+s/+5ocNdlmmbaappx4YP5J4s8/PhhZofGi252t9Yf8A7Wnt+M1GRta6r/yo3yWaT+Ezf9039F3+Dzf90P0WcHxfpDxbqj/ypf8AtaaRtaqv8moNos04tM2caB+iP/B5i3+7A/JZD/2relrq8/8AIuf+1O4O2bbKsDtlqrYyYNYbNPnOhqRssrvqYw/ksj/7S652/wAhOP8AwpH4jXRw8ltnP3aiASSNX/s2JuY4h+QUeTpCKV2HxRAd8NCzjfiBdnne3PH2bhP/ANurqR5aGXPuFQxJF6eh7UBvz9kh0RbSDsP0VB/tn1C87UTAPdm6c3qnqGQ7UoJPoFCksF3/ALDWwnJx+i5/sFancvb+iqW33qM7imH6JwvPUj/KaSL/AMqgLjnksv8AYC0ndulIdA20bnSoIruoXnLmtH5FPMt8fgGQj7FQrKRYf7EWlrd28eyCOk7Q0/Qo5pb28b1Mv2ylFZ7pMcSzvP5lATJPislhpv71g2HqjBnSsA+nUUCHpiWUYme8/wDiKnwdIUseHEnPfJVPkpySOMu1kjaI44W4b7IbupYWuLKah+x0qxhsdJER5AfuFZQUVLFgsgYCPZCkB8hm3Xa8z/3NKxgPHlXW0t/qvrAAWs8NgGAxo/JJoxwiyR2Gfi6ZqnAPmqQSeQpLOmKFmDJlx+6vEi0lMwC7G+ytjtFDAQ5kIJ91IjgYxxc1gGfZSNPuuhh5UwLcmxADCcOV3GF0NJ4CsgQcLn4k7GEhylLgVJZCM+kLq40bbLuCOQoKcGPSGy4XAckITqmMfiA+5RA7WSA8EDZLI9VG+ZgO5qIhj/EhPuNG3/4lhx7qshKDZPxlLBVaL1Stzh2r7ITr+w7Ckkcpkv4Z/otsj1H6pZHqP1VMb1O4+S3E+hwm/wARurj5KADPHlUbwRVS9l8N+E/JB4VCyW/SfTCG5XXUPUMv1Tlg9gkSnknx/wB0aAOA5SLmY3cAs+2x3x31Vrhld/2deADVXOXfnzqybYv2XT6imZ9UwQH3OhZzPlQm2CjjGZK9x9dTk0xdKQbT3aLI5zO1TDJ8cX0n/wBiWb3bwceKkb3QgZ8RVk1w6Cpzh90p8n0lyUv9r/h/TtDDUscG8eTKNJsGVcl+MWWAv1E46Wkn7BDN3ic4gRvx64UB3xG6CpzmJzAR3ZFk/wCSFJ8Wujmf3THvPtGAr2spU3T/ABgy4FU54y2J2/CY91U8YbCSqQ/Fzphx8lFPn7AZ/QpknxltETdMdlqXfoFNrC/iaj/kLprK5x3hIXfla1w3Ys2740UQ+iwT/wD3Qf8ARRZPjLN/wbQxn/P/AOim2XpDIaPUv+k1JoqnO7P3S/h9Wdgzn3WMf8ZLoT/LtFIfctKC74u3/tb6IZ/wKtln6Ceh1P8Aym7/AINVnc5XDZas/msH/wC1q/n/AOCov/uaX/tYv3/yDRf/AHMqvjsb6ItFql2bd1gqTnzD9FHd0rUu4kaPyWN/9rF+/wDkGi/+5lcPxYvw3+Rov/uZ/wCqLbfHoZ/C1P7Nc/pGrO/iN/RRZukLjjML2krOx/F67tP821Ubx7ah/qpjPjA4geLacf8AI7lVjUFLTaiPYafpvqOM/wAprXBVlVa+o6Ylz6SX9FbQfF605/3qhqo/cAFWdN8U+kqnAlmqGZ/qYiSuXaIo2x5ccmJdUXWF2JYpGfcFObeqqLBcwEj1C9Fp+q+h68H/AHqIEf8AeABSv4b03cGh9MKWoad/5ZBIUTlnlFfLKP5QZ5vF1VUx4Hy8O3chTYOvPA/vIISPstnL0lZZwdFIwdtgqmr+GtBO0iPUDnbZEpx6kXCdMvyRCg+I9HjT5Yj7I03XFPUgCG8GA/dV9T8LHlmI5Gt91S1nwvr2nIqQceyLbS+mOitNI08HUVY8/wArqpxzw3Q3/PClsv15gw4XUyA+mN151U9AXeHeOo0kDtlV1R051VEP5dweMcYLkfwwf4suzTUS5ieuM61uUP8Afw1cwHdjcqVT9c0E3lqYJ4x3MkTv+i8Jkp+t4DpF4qMegeUw1HVMB1SXCb83FEqE+xX8SHpH0My5WG5/3dcWOH+NzcIotUkrS6gvDyeQNa+do77emEeJWSbeitaLrO8UjgWVsgPrqRrSOX4oW9H7R7gbf1PB5qauc8+jiusqeu4/qo4JWj1G5XldH8Tb1E4B1S532cr+i+KtwAHi6zj1KVPS2Q9C56Wa6SZtje+o4B/O6fMmOdDUL/a18f8A2zpG4Mx3EYIKpqf4pTSY1sA91bUvxCo58CV2PXYJLqsXcRD0s3+UUPHXfTsbg2rslwhJ9YcqZD1n0fMcOmfGR2cxwI/ZEj6ltFUz+7DsjG4CTH9P1g0zUcZH/KFT3L0KdMYv7ov/AKEkdUdKzjS27safckKRT19pqtob1TkHj+Yqmbp7peo3bRNbn/CFCk6I6bk3DJWH/A/Sos+wXTU/2v8AJrovDB101xZIe+HZRRJUOz/N2HssUOiaGH/slfWR/eUrv+zd3gINJ1NUMPYGQlBkTLSwlxFm4HzP+I/kieK9o8zSfyWENu6yh2i6gLh7nKeP9u6TzRVsE/8AzBXkH+D73I3HzDu7V0VB7hYX+Pdb05/3i2xyj1YEaLraqjwLlbJ2/wDI1QW9JNdPJuGytI3wPzTtTfULI03X9nPllY6Mn/vAp1N1Jaq12mKqaDzuVAHprI+jQgg8JZA5KrYq6MnEczT+aOag7FCngU6WvRJ7Z7JpKY2sgxgndNMjTvlFvX6FuIQs9CFwtIGchN1e6cNXoVMFHST3C535XdYxjCFvnOUWCsBxwlwEPUu6vZTBMHSQTjCboPZd1eyWr2V8guLYgHA51fsijbKGutk9lRWB2oZ4TtQPcJqF4RznKhQ98bHc43UaWk7xHco7mnbBK63b3ULKuWO4w7twQozrhLE7FQ7SFoDuMKJNRU8zHNkjaQfUZUDU0QmXGB7dpdyjwSvyHvfqafZQKvp0aNVNJpcOFTCrvdqlxPGZYx6BMDiovo2HjwEAat1xrgc4cD+ao6O90dYMOw1/cFTopmZy1wKMGSwTy0O5UOa0UVQ7xCxrXeoR2Sg7Jb8goyimNPebdI58Mnjwjhp3IU23X+lkcIKseDMOWuU3Kj1NDb6tp1sBcfxYwR+aPJCbLSUdwZuxrx64yoXg1lqJdSvMsZ5Y45AVY+lu9rcZLfUGSMblp5U2j6hpZCIqxroJT2fymwscHlASjkruqOj+kviHbnUd/oNMjhgSs8r2n78rwvqX4SdZfDud1b0w+W8W85/kgZe0BfSUkTJG648DO4cEB1RXU/lqWNmi9MLs6XydlXD5TBcWuj5fpL1Yurab5O4shjqRlskEo3B/NYXrL4Q1lFC+4dODxgMnw9WB/qvqDrj4MdKddVAuUTW0FeRllVAzD2n33Gey8futH178M6j5bqWhbdbW8+G2ppQdLD/iPuva+N8xKC30Sx/ZmDVaerVR23Q/6o+aax7Y3PpblTtErdiP/XusxcrS2XVJTuDRyAV9S9T/AA+6R+INo/iNiEbaxo1te3Yn/C71XgfVnR976OrXUtxhOgHDZQMA/wDRfQ/F+Wq1nD+2X6Z4Hy/hp0xeVuh6a7/6nnmt8JLTyOQnfMB2AcK0raaKrBDQGyDuBys/LDJBIWSAghegVjS5PAavx06syivtLGKo8MjcKfFOSB7qhLnbEZ290amuGlwbK7ARqeTkutM0DZA5J2+2VEhljmAMb8ozXaduUaw3wZ3Xhg5ow4cKmuVtjqmGN7dzwVfEagos0QcEM48Dq5bHwefVtBJSSGORu3Y+qhA5JGOFu7hb46qEskZ9j3Cx9bROppMZSLIYOnRen2Qt+xT1wHKas7jk2rkdkeoXCGu7hByfVLJ9SlOOS12cljACr548HOFZOZjbPKDJGMbBKsrx0PjLBVkkHcJp4RqiLzbBDLVgs4NEeQDvKdl1jy06gF1w2IQmg5KQ1xkdFtcl9Qv1tDweynMcQdyqe1ytAMZ7DKsjuRukTjk7+kv3RLSF+QFMoZHNlDgVUQSEAEqex4IGFnlHJ29NYXpOpoe0o8Mhc3B7KDRzYjDTvyjxzYOMYS0sM69dhysaDqx6KFEfVT5iHN/JVm4kQsu1+0WNO7PdSVXRyA4weFMLtbBjZOiioTyVdUMPJHqi0c2Ro9k24YEfG5KDRuHiEZ7J64McbNtjX7IlxGJ/zXKc5Y5pRru0OjDm7OBUSlk4BWqrg5dyxNorLnGBOh0+Q4KZeWDyvA3VfC7BGey6VLR4rXxxcyzYchRqn+9KkROBblR6jeUla5PJzV2PZypLOFFYcFSmHZWiWnJOFEk+pS5OFEk+tSWCoLI2UAtyVCJxIMKdJ9CgSDLlkn6NMCU0+Ubrp4QmHgZRRwrj0W3jsDIPMmP+lFeDjOFFkPPuqk8dlRlngGz60/smN+pPkBLcBKzkanyAd9J+yhS/ZTDyo0wAwQEqccj4vgfTY1fkrCm3BVfS/UrCl7/ZMrxKCAsHP5SAwk45OFwHHZDJYEsc/kK6tH9wAqSTsryzN2YTxykWGjSLMy+pSWtz3RX8coDHAArkkuoeiVXDe8HUvnthkZnXOyPGcrfdPweFC3A5WEtsRnrW+y9NtdOGU7B3wu5pa9qR898rdKU3kt6bdmVaWKIyVrTjOFWRtwzfZXvSzQH6iM7ZXR9HnrXwaR+2AFIh+kKOMlyODsNkxmCfLK29SeO6O3j/AIrgMeq1FPAKaljgaMBjQMfksxQU5uF7ZIW5bTkklauqdhupo2U6AnwgX1P9VOjAa0YUGmBc0PcFYt+kIRQRpKNHyENuM7o7OFaBOuOwwhPzwV1zgCMoTjuMIZy2kCkg8JyYOE9LIV/UFx+Qt7y04fL5Grzi7V/yVBLIT/MfkA+57rQ9R17q6tc1jv5UPlx7+q8/6xrmENoWu82NRwk3S2rJ0NHS77FFGbJMkpc52S45JVvTNdlgDfZVFtiM0wzuG7/daSmY0Pzj2XgPN6pttH6C+ktG40xZKjbhoGFEnB8Z2BsrHTtnCiVAGrOF4+dh9ToqwhkTi0jCxfxU6Jk6gp23a3sHjxty4d3LaAYUiJwcwwvblp2OUzT6uensUola3RQ1tLqs6Z8kvfpcG4Sa7V2XoPxY6RNnupuNPDiGbkgd15+G44X0HR6yGogpRPiXk/HT0V7pl/0JlIe6lyHyjCrYZtBClslD9guvXbxg41lTiEXDwu+6Sd2UCITEcgcoeChawC0MxhHhPAJQnjC6DgqJ4ITARhIgDshtJ2RBwmFAycprmEDOUX6eBnKQOs44RKOQlJx6D2+vMREMx8pPlPor5kmQMDlZp8BAyApluuTmOEM524DkmUMHU0moxJRmy9iLiR6KQOEOLcAqQwZOAVR24NPoYmuGQpBaCBtyuNYeyho2cEGWIHdRnM9FZvhPI3UWWP1UFSh+iKqy8UomxKG+YbK30+6ZLCHsIQyWRNsN8cYMbJE5j8Ywp1vqTG8Z5RLlQkP1N7Krdlp08YSmsHLi5ad5NtbqvxWgEg/ZXcMuQFgrbcDTaQSdlrKKtbIwOzyhTyd/SamMlku2uDgWkbHkLN9QdG/Pgz0L2MkBzpI2KvIpM4wpUb9uOVZtsqhqY4kjxirpJ6Kd9PUMLXsOCCEB0bsL1+59OUF5BfKwNlxgOAXnl3stVaqh0E8eAPpeBsQocLUeOnT9z/H9meLCDg7Lqk1EBIBA/dRy1w5CA5ko7egaSSSgA9JJJQgkkklCCXRyuJDZU+i0MSSSWWWWyh6SYkiyGPSTEkeSD0xPTFGQSSSSEgkk9OY0vkbGBlHFclZwWFqhc6TxSMNCtnkYO6j0cRjga0jCdUv2GFrjHCFynwRqh2TgFRmjzJ0hLjymppmm8sIACOE5jfZcYCUR4DYwSqbwGQqvOvIUck8ZR5XZOVHPKzy5lkdASSSSEaLJSyUklAByMgoyhBLTdP0IhhNRI3zP4VJa6Q1lU1mPKN3fZbGJrWNbG0YDRhEng2aWvL3MeM5yEZMbgb43TmqzqpYOrrTgruAkzlQNSyFHCIhg9k9WnkYPSSSTCBNXsuOORwku50b8o4xyXkbvnJUaoOBujzTEDytUGKGquE/hM3CfCtHG8pe4R2R7OUlOaifDG7A5J9Fp6KItYByANlf9H/DW83ZrWwQiNrgMyPHlH3P6r1vp74U2KztElc91XOfqJOwPstEZbTjaL6V8h5SW5x2x/bPJ7J0rd7wW/J0/ff2Xpdh+FLIdNVd6nVJjdse36rfNp4KeJkFPExjGDDQ0YRmEAYJymqyT6PoHifoPRaJKWoW9/wByBS2mgt8bYqanY0Dvjc+6kufpAA3R3AHbKHKwHHdC5M95Rpq9ND461hAQcnOEgMJ7gByVEr7hS26mdVVMgDG85V5JLA6pnZCwvcRgcnKzktbWdRSfKWvy0ecSz559go7G3Xq6fxBF8tbGO3xsZB6LZUVDTUFPHS0kTY42jGAFG8ipLcRbVaae1w+FC3Pq48qcG4z7p8gGNgmOxjlESMcDCgucd99l1+Q7GUInCILI10pGwCjy45BCI52c52wqq4VzKaIvL9+26mwTZYodhp6kRDcbLLX7qBjcwQnc+iiXXqKSaMshcc8ZWecZJXFziSSqZxNbrd32Vjqqd9RgP7DCAyHfICkNgc8jblTqekDBkj90cI5Zx3yQo6X1apLIQ0DAUssaBjCEeU+KMtqwwZYAEJxKK9wwo75G85T0jLZYooW2MZwhPe1m+x/NDmmPYKI+XVs7ZMxg591oWWp5ACiyuccJOOo5T9PuiSyZZzygW4TdLndsI7It9xsuyysjAAblWJba5BtjAGTt+abJMIxjATJJc8DGFDqZchA5YKb4yPmqedwqC5XfGYITueSFFu15AJp4Cc8EoFDRvJE0wySMgHsglLJmnP0gtNAHgPmbv2Cmsa1gw0LmnHdPbtuoKY0ZJxhGY0cpBzQDsh6sgqDk8BXubgAIeslMaCXbohwAoWOXWtLtgmjU7OBwrCmpi1uXgb8KDoxyCjixjbhSfEEbMeiHJIITgBRnVBlOwUCfA6WdznYA4Q8h27yAujynL1U3W801OHYOS1BOagLnKKi3I7d7rHTsIDthz7rG3K6zVpdgloKFXV81VIXOJwe3oFEzkFYLrXLhGN2bugenfJO67kpHkrrWFxwscgUcAJUiCmcS1xRYKcEaiFIaGtAAQM206fOJzOsp2gA6d1KY0AYxwgZHZOEpJ+lUkblGK/FBtI9E1IHIT1RYl0DJAXF0NJ+yhaCCJp/+aiaAEwM9yieGfdUEsHNh2/dO29Fzwsp/hHGVEFlDdvRd1eyboOcLojcFZY7G+V0DJwlpLdiljuoFnARrG43Q3sb+EhMLj2XGhx2VFOeDpYDyn+G0d04QlwyAitp2cvG4Vi3PgExhyCEdoIGCnBsTSAThSIqR1Q7yDYcoowbObq9ZChbmR2jU4DlXVHQAMD3ckbD0RKK3RRDVo8x5yprYwMjGEyEcM8rq/IT1TeAWgAAei65gRNPulp91pSRgWUCDU8MHouhvsjBuArAk9oDSPRLAT0kIJT5B4KStpunZof7tpUKW31UW7mLzUdXRd+Mjt6rxWs0bfywf/QjjZGZIAA1AIIJaRgprQQ7JKLh9HPXD5J7ZHHcKRFM4YGFDgfwCOVJbg8JM60zp6a6UOia2oHYcojZvtuq4A5zlEEh4OVitpUuzvaPyVtT4ZaRz6SCMKdHVAgDIVCJiN0RtSeCsN+iUvxPX+P8AqaUGk2aJrYKphbI1pHuFAntsjTqpZCMfhKjQ1hA2cVLhuDsjxDt6rmW6SUfyR7jR+W0urw84YCnrpY3+FNsRscqfHOdnNCfmirG6JNOr17qFNbqulJkppDI3nSTwsFulXpHep1ThynlFtBVl2GqXHLngcrMxXHDtErHMcFOjqXnBDshYZ6eSfJ1adVGa4L9jx9kYAFU0NYG4EjvyUuOqaSN8BJccGyN2eyY5oKAYhgjhGa8OGcruAlWJhrlkCSlJydPb1UQ08g7K70BCMLTw1LC2ZRUODmHBCcJc8hTZKPX24UaSjcRgbYUJsyKPSTgnlH8D+kblRBE9m/6LrJp2EBz9vsjK2sOaebkNGPumeG4bkIjK6I4DnbogLX7hQrojDVlPBI5RdI5wmKBjtSWr2XNvVdIxyUUXgg3AKcINQzlcSyfUo28+gs5Bup8dv3TCDvspAd7J2qLuAEO3PZZFa3T2wnsqqmmeJIJnMPsURzW/hOyYWE8JbWC4ywXlF1jURMDKmESY7q+oL9b65oMcvhP7tcVgyMclM1HfG3uEtxD3npL4aWpbpe1r88KmufRVurAX0gMEp7jgrNUV4rqZzQJS5o7Eq/oerm6hHVRYH9QQbSbjP1fTN5tjnOOZGDgt3UF08tP5poXAeuF6NBfbdVkw+KMHs7hcqrXR1cZDoI3MPGAh2BZMFHWxOaDr/dSYql7cGN7gPY4U6v6QaxzpKbJH9PdUU9urKVx+st9PRLdSYam0bC29a9QULgWVXisaMBsm+AtNbviXTStDKujLHjnQNl5VHVSxjDXI8daRuRuhdKL+Q9xt/VdJPpkpalpB/A48K/pOoY5nhkkWx4Ld186NuRbu1zmn2Kt7X1ldbfhjZvFYOz91nlpsk3I+joXx7HIwfdTmNDmg4Xjtp+LdG1raS4Uha4dzut5Z+qbTdY2uortGXHfwhJl7fySZUYKc9popIg7ZzAfuq+t6Ts1wjxNQxtf3IHKlQ1uQC4hzfUcqwjnhkYDjCzOtokptmBrvhNbahxdSVQhzwHFZ+q+HnVtlGq2XGV2DlvhyHZevk07iP5m47YR2HbGB+ZVNtBRm12eLs6z696ekDLtRtmY3y65Iz+5V5bPjFZ58x3ahlpXt2JadTc/fsvTjTRPBL/BOe2As9cPh90jdQ8y2xjJHclmwz64QfJ6C+QDb+runbmGmmroyX8DVurZsjHjZuQsFXfASiqBm3XV0I5w//wCaqeToT4qdO7WacVVNFs0CbDj9g4q+yZTPTK2xWq6MENdQRytAOHacP/VZC6fDCwys0Ub5IH5+r6v2Wc/2/wCu+n5BD1D06NA2c8F0Tj9/w/urKi+MvTcrjFcs0Uvo54cP1R5yEUFx+HN8ppS2lhbUR8gsPmP2Czs1onpJnRT000D2nB1xlq9st3UlousbZbbcKefUM4jkyVOlFPWwmnqIo5WHlrxlGCzwQC4sOKW5yRO5w15VnB1N1rQtzLVwVTTgAyUwzj7helXP4fdJXIEutny0rty+ndpyfdZ6s+F92gaX2LqcBo4gqog4H7O7fohUl7KyZ93xCuY0tq7CJBjDtOQD+uVOp+tekKgA3XpioYTyRGCmT9K9e2uMy1VjZWx9/AdkY9QcKnqaq1OdovFtqqI5xiePAyq4Jhro1zKr4XVhZJT3iGhf2zK6JzT9iFeW2zNrnBtg67MgAy6PxWzNx7jK8yks9hucOmjmidqG2DlQpukpaaMuoyMjsFTimEq0z3WG3dW0zvO+lrI8fgY2MroZc2bS2mcAdwAQvEaPqL4h9PQiK336tjj/AO6Mo8P/AMpKuqD40fEC3vJuM8dU0jAD2AY+2kIHRKX4oF1s9YhlfA/UGmNw7HYqZHWz51CVwIGNisHZfjxZayoZD1DZG0xIx8wzTIM+4LchbSi6x6FvQbHTXiljJ3Jld4TR+aVLTyXaEzqwywiutwaRid2PclW0PUFU2MBzWuI7qNHbKGpaPkKwSBwywNd4gPuHNCf/AAKraN/8lnlQ1zgVsx0S29RT5GqHI9lJj6lojjxYZGe5Cp322safp2HOE75N8YaJGE59ElxgBJRfaL+LqO0nA8bSfdS47pb5cBtTH+RWPlpqckZix7pfI08o28qFwSF7Iro3MUsdQMB7XD7rjqSB+zoWEfZYV9NNB/cVT2k99RSjkvkfmjuDjj3KpIva+kzaS2WhfgmnaPs1Rn2GmcP5etn2KzIvnUkGMP8AEA90eLrW7MGJqQBw58vKibyC4W9pl7/AZGf3b9v8Tkz+FVzQR4YI9iq//b5jQBNb3Z/qDv8ARHi67tpx4scjUckmil8q7DigmBHjRpwgc3gYTR1nZnged2/qE8dR2WR2deMoMMmJ+0c8Fy54LzthSf4pZpWZFXGCfddbPb3jyVUZ/NXjBe6X6Ipp3nlqd4D/AEUryHcPBCWB6o84CUpL0Rfl3+n7ofy8v9Jx91L3B9U/gfSoHvZB8J4Pm5+6WkqUX8+RNV8gfIRfCB5aFw0sBG7VLw7+n91zHqiy0WrOSAaGmPEYQDaoDsWZCstJBxhdDhjBYpuf7ClMqHWK2EeekZk+wUd3TNpdxTMH/hV4R6BNyPVU5P2XnjJRnpC0nmmj/wDKuf7HWn8NLHn/AJVoMj1CWR6hUVvM5/sXQciiix66QnDo+196aMH7LS6s7DP6pFo7tKjJvM4OkLSN/lo//Ku/7MW0bfKt29lfgbgEKQ2BhaDgKs4L3szP+zNuB/ugPyRBYqEDAibt7LReB/gCd4Df6GolLJSlkzf8Eoe1Oz/yrn8JiH0xNH5LS+E3+lv6JeG3+lv6ISjM/wAHi9Gf+VdFniz+D/yrS+GP6R+i74X+EKZK3GdFmBHLP/Kk2zuact0D8lofBafwhOELBg6QryTeUAtsnHl/RFbaXbHLVfCNgH0hd0N/pChW8p2Wt3B0o7LVEDksarABufpCfhun6QoBKREbQ07RsxOFM1vAARyDnYJ4G4PCBvAHyNkcR6eAn4HopAbtuhuO+OEKeQHJgtPuugYTi5o5cB9ymSVVFEMyVkQ9tSvA2MHMKATwkQRyobr9aoTh1SD9lGf1PQZ/kh7vfCvGA1TN+i4AOeETAIGyzzupp84ggBHbUguu16n/ALqA/kptYxaaXt4NLj3ThJDE0vfI0fcrMNZ1BPguBaE9vTl3nd4j53Z91NrBlXGHcjQOr6Bm76yJvtqUea+2+maXtkEp9GbqE3pDUwOqahp9crrbR0vQEfM3eCJw51ztH+qaoP0Lexf3OHq2mBAbQz57ZGycb/WzDLKRmO2yra3q74e2YuMl7gkLeNDtapqj4xdGQ+anZUSH/BGpsZaqlP8AGJqzXXiUARxiMeoC44X2QDNQMe4WGqfjra2YbSUFSf8AmbhUlX8cbxM4tpbXFG3s5xyT+WFagwlprP0esijrHtHjVBPsNkV9EJgBMScLxCf4sdYVJ/3fwGDvsquo6r6yqsk3eYh34WnACL48jI6SS/I9+fTW+BpdK4AdyTso0t16bg/vq2hjx6uwV8/ul6iq366i4VDiBzrKAbZWOJLiXEnJJPJVqndwNWjPep+tei6L6q+B+P6N1Bk+LXREH0l7yPRq8YZZn4y97PcEIrbJA4guY3I9Ff8AHwMjoorts9Uq/jd09Fj5W21En5YVdJ8fC0/7v0+72Jc5YRtrpWjGlP8A4fTH8GVPgi+wv4df6Ne/479TTf3Vvpoh2zuVFl+LnWdTsKqKMH+lvCoGU0bRpEY29k75Vp2bGM/ZV8EP0HHTVx/pRYy9cdX1Z1SXuZo9GnCiy3q91P8AfXerfn1lJC5Da6iT6W7KXBZJy7DmKfDFdIYqoR6jgrzJLLvPO5x9S5OYMu5VsOnid/D/AHUqCxyDDTGGgdyFFUglFIphGC3BGUhSAnjlaFtm0kZc39FJFsbjhv6K1Wl0XgzcdE4Y8wCOLcTg62/or7+FvHDGpfw6QbkNCLaXhlJ/DXAfU39Ev4c7+pqvDRgcgJppHDchuFW0rkpxb5M7uCOKBxwSWlTzGxpwSAUtA7O/ZRQa6LK024Hfyrv8P927KwXMj1V7WQgtoTn8KL8rtu1u3spSbqnJ+ppHZE4ywBlpkT5Q92t/RI0no1v6KVmU/iYlqk/rYl7ZZIuSF8ln/htSNEB+Bqma3ceJF+q6Hb/zKinH/jwmKMimsEE0XqxqDJbg0ZDW/ZWhmp8ahXUeBz/NTf4jao2/zq6lz7TtKYmwMIp3W0uxiMD8l1tJVxDMUr2Y4wSrP+O9PxnD7rTD/wAYQx1N0sw/zbzTgexyqfPovC9gIrv1JRHMN1qcehecKwpfiL1TSEB07ZAOzgo46t6IPF0if64K6OrOhnEA3CAH/EqUIvtC5U1T9F3D8ZbvT4bVW6GXPpsp8Xxpt5A+es74x6ghZJ1z6BqpNb7hFv6HZFDfh3UYDr1TZ9C/CD4YP0Iekq/Rs6f4u9DzkCqMrD7tCms62+HlYBousbSfUcLCDpzoysGKa+Ue/ZtU0H9MoMvw5opm6qC5wkHuC1ytUwj/AGEz0tfayemRy9F1m0F4oHkjjWCU89N2KpwWxRyA8EN2Xkj/AIZ153pq2Nx7HOFCl6B64pHF1LU7DjS8gqnWn+MgYVyj+LPYZeh7HLgimjwf8IUOb4cWGQ+SFjT9l5YKX4l2kE/O3DHfw5ycpRdY9eUJxNNdDj/vDlMVU31NFvf7Z6XJ8MrYfpJb/wAowosnw2jjH8qpOe2ViYPij1PDtN4hP+NTIvi7fmY8SOnP3aqnTqF7LxL9l/L8Pq9py2oGEI9FXJmMSg491Bh+MFyyBPTUuPsrGD4txOwKimpxn0SpV6iJPuHNsN5pR/Lk/cp8UfUEByyRw/NHi+J9jfgyjGfRTIuv+l58f72Gn3ASnGx9xAc/7ESK+Xyny1/ikjnZTo+t6qNgbUUpyNtXqplN1BYKrzR11P8AYkBSvHs0wGk0k2exwVNj/QluMvyRHpPiHQNwypy31yQrml6w6dqcYq2MJ/qVVJbbJU5LrZTn3AUd3TfT04w6Hwj/AIEvbFfmLdFb9YNZFc7XPgwVjHfZ3CmgOc0Ojy4H3WBPRVrLs0lfUsJ7B6OyzdRURHyt7l8PsHOQtw/pFSoivxNuJJoTmQaR7pklVTbCpY3B9Qs9BcOpaYgTwwVTe5Ocqxpb1SVD9Fwo5IP8RG2VFz0KlU4rgkuoen6sZlhiz/yqHP0pZJ9oZPDPPk2KsGR2iqOiGRmfcrv8KaN4pg0+xyoIk5R9lR/shpcDTXapZ/4ihvt9/o3aG1UkjRwdXKu30tfC3VFMHY7LjJrgMB7dvul5Azu/IgwXK7wNDJ6Qvx+IDdS4r7ggSQPb+SK6ZwA1NQiIJvqgVgShGROgu0Ev4sKUy4BwwJfywqc0lG0g6SxFZFT42n/LCgqVJaipad8gromDjgYVXqGdLXZ/NJzKxo1MAR8i/iRch+RnCXieyp4qqvjdh0eQFJFyDQPEbupkr40T9aQfnsoTa2CXGHYyjtc1w2KmQZQSJOseyWoKPg5yutc7OMFQVsJGr2XUMOGF3OVMFODHeL7Lqb4YC7nGyrK9FOODqS4DnsnYKgLR3SuGKB/95GHJySLcRcdFNculqKqJlph4Mnq3ZUU9Fdbc7TIC9g4IW31A90x7Wkdj9wr384GMylHdHjDXjcKyiri4cZyn11gpqwl8ZMD/AFaqOqoLtaXB2kzRjgt5R5QUY5NE2Zr8AnGVwxEEOaFnaa7RyO0mbDxy12yt6W4SjA5CJtluP6Jkj3MGCFXVVHTVYIlja4nv3H5qxNTDIAJNkF1M0+eEfuqU+QCkxdLOddLMZoh+BxyrO0dX2m5ONLUnwJRsQ7hEdGeHNVRcOnKGs/mY8KTs5gwVphZwV2av+H07wZYHZB7sKr61s9O10dfSfOUbxh4DNRaPcLLQXO/dMScuqaf75IC1No6loL00sheWTAZdG4//AC5WmrUODTiW48HnF6+EnS14rBfOjLgLbVMy6QRnSCewLfyWL6n6WuApJLX1z062rpH+VtQxusY9SF7zc+nKavPztLO6huIziqjG5PuO6oKi73K0n5LqmkdJTv2FRCMscPVw7Lu6XzF6f3MyumGMJHwn8RPg9W9N+NX9MD5qjc7Zm+uLPZ3t7ryqQtq2up6pmiVhwdQwQfdfpddPh3051DE6stM8YLt9Df7sf+Hsvmf4tf2Yo6qR1wtUPylU0udrwSyT744X0jxX1bXJKvUv/DPIeT+m/kzZpu/16PlWoZJTP0O39Cok3OQP3V51N091B0rUCiv9C6MElscvLXfmqLV5l7OrWRuW6vlHzXyHjHTa044YSlrZaWVrm7Dvur6mrIqkAsO/os4QJNgMFMZNNSPy1xaPst1d2Th3aWSfRsM7JrxkZVNb7q2RwjkkyVa+K3TklalLJgti4PAN4BOFVV9ujnbnG6tiNyo7zr/JKcHIOuxxZibnQOp35I2VcDkkei3VXRxVLSHNyVnrlZHxsMsUfHZKlA6lOpXspiMoSKQWnDkM8rPJYNaeeUcSd9KYkly6GZAVDAeAojhjKnkZChygkbDusdkMja7CORvhDwOUQ8phCxWRxwakPil8N7SFcQSBwB5VAwebKsqGXhvqluLfBu0trhJIto9sBToHcDKr4+ApML9OM7rNOOD0dFqyXEEhaAPVSWv3VbHIMBSWSJf9mdiqfssC7U3c9ioEww5SY3tICDU47IDTKW5YBRlwcN1YM+jlVoIBUqKTICYZ84G14zCcKDSOIl57KymGRgqpYNFW/PGE+AmzjDD1vmYe6rGHS/ZWku8ZCqnYDyPdPTwzFqY4lk5cP5kOoqpiHm54Kt6hoMBwN1UM2eV0Kss8Z5SP+qT4ScDddk9UyA7J71oy2clLABxwVLhJ0hRHchSoSNITQbAp4P2UI8qaeD9lCd3UJXwcKhzj09VJPKDMAW7rPaPGsduMlSYzjCgjkqTGdkJLMhXgYUF43Ux6jOGRwpNFQ7Iw5RT9KF+JGf8ASEnBoXZGdyo0owQpTuVGmG4QSNMDtPyFYU/BKr6fkKxp/pKKriIuwWMErndOPKaNyEbYgdNy1aG0geCD7BZ6YZLVorUMU+/oFmt4Nej/ADLDJTJDjukSM8oUu+MFXpV9wevu2xcC76agMtUTjI2XpFKNDQAOFiOj4QHNJHK3lO0b5XcrWEfPfITcpMl8tHZaywwMjpRIG+Y7LIxu1zNiA5W4tkfh0rG4wtByLGydGMYJC7USiJhJ9CnMxpyAq65yufpa3bdH2zMy06ZgxHJUPbgyklWc7y9+gH7ptDC2nombY2SYNbiUbEzlklQhrR9vVSWqHxjdSIPpGVGAH31DBUlxDWjdBjaXPwuTvwAFEAclfnJHYLlOS9geVHldgc8o9N5acZSJ9kD5CgX+v+Qtz3tPnf5W/wDVTGnzDJWTvVS+63g0Ub/5FLu8+pCiDginq546OglmncC4jVyvMLnVGqqZJnOzqz+i2PXFbHC1lFC8EnzOx6dliHs8VwaOSuf5G5V1s9n9OaCV1sZpFnYIMwOeRutBSRAYJG6h0VMKemYwDfGSrKmjcTnC+X+S1DssZ+kPCaH4KIrAcgaTsq6b61ZOGGEeyrcan4PcrgzmmeurqaHtGQABhEa3Sc8LrGcbJSNOypDXB4K7qexQ9RWiS3ytBJ3acd18y3q1zWi4z2+dpa6J5AyO2V9VeJ4ZC81+MXSbLjSN6hooQ2WE6Zg1v1N7Fei8PrY6eShL2eL+pfEQ1FPywX3o8OJIKk0b991GdzxhJri05Xt4W4WT5PdDnD7Lhrg5ox2XVHonjHKkPGcLo1vdFMwSWHgauEDGV1JEUCLTnhNaDlScBMI9FWCsDoyFIZgNO6hNBBOOEVpPqU6KyUFcQ4pN+oLic0Z7JiRE8BmDUMFMfTZ3bjP3XWgDhEhcOXIJxH1T3PBNtNxJHgVDt2nCvGOyMjdZaWF397Fs4fury0XCOVgjl8rwO6Tjaz0GmtWEmWTdWd+EcAYTGlrhkJw5VnUi1g6WAjhRJY/yVgMH7ockBOMBC1km3JVSAs4CaRqGFMmhz24UcxkdlQp1sraqmbIDtlZuvpjFIQBsO62ErBjcqpraQP3A39UqTwZNRp1JcGbEr2uHl4Vzars9srIiRhQKqnLDsMIETix+r0QGChvTT5PRqSdsgABCnMOFkLRcC0hr3FaanmD2tx3UPT6S35YZLOJ+4GEqy2Ud2iEFZFrYf1QI3bjZTIXbA4UNsEpfbLlHnXUXRVdbJnPpmman+prhuQPQrM1FMA30K91DmyN0PALTyCMrJdSdB+O51ZanNDnZJiO2/socbW+LnHNlKzH9ezyeZhjd9PKYr6ot5ie6CpgLZG5GCMKtmo5InZIwCocOencVn/y9kNPSTEBnw12JPSTFCh6SSSjLQxJJJIklkoSSSSoMSSSShBJJJKEEkkujZQgsH0VhbaclwlIUSJokcBjur2mgEbAMJ9MVuyBLPoLq8vHZQ6iXVsRwpj/KDlVs8m/C2gz4BO3KeAcpoBJypUTMhUIQSGNpGSo9Y4DYHKkSeRhI7KqlkMjznsqm9qDisjS8uJXEkkgPoSSSSgY1MT03BKAg9qNnt3Qmt53VhaqM1tRuzIYomXGO54LuxUwp6bxXN8798+yt2oEbdDRGBxsjtRT6Ovp69sMBElzISyFZrCtXVxq6oQ6CiA+6jog5UCJSSGMkJZ3x3RjMMkNGcpxOeFedP9C9QdQFppaYtif/AMQ/SF7H0b8FrDZTHV3V5rpwMlp3Z/6p9Zu03jb9TLEUeQdOfD3qPqeZopKdkcJ3M73eVv3XtfSvwisNjYJ64iuqcDd4y0c8LdNjbFE2CNjGRs2a1rcAJOdpwMZWk9DpPp+iie+f3P8AuDEUMW0bMHufVc1HhLd3KWn3RHbhVt9HCc8ruSnJI8mgRceV0uDeTumu4yqG+39tOz5SiHiV7/7trd8fdQptLsl3u809rgM1QQAAcN7kqktdpr+opm3e6Asp8/yqc8OHqVOs/Scskou19c+SueA7GrLWewC1AYQAEYjG58AGUsEDAyFmlo/CNgnOAYMopICBM4u4VMNLAwy42wmBxOU13JTHSYBGFI9i30OJA7hRppMcYQ5aloyc8e6zF4vxeTBT9uTlPismO69U9k+73uGljO/ttySsXWV09W8ve8gHgAp8s7pSTIS4n1QRGHODQcZTEcTUaiVkskQwl5xpUmChOfMMKwp6LbUQpJia0YDce6FRyYXzyyubStZg4T9O2FIlLW8KHNUhg8w5TYQE2TUFyck9QeyiS1AAxshzVRJxE9RZAXbk7nunwgcrUamPoe+pO4yFH8RztymlpzklInCYuDm2WuTHO35Kiuy/gYRyHyeye2LTuQibyLlyRmRl3ZHZB+Iohaxu/GFErqwxgRR8u2KvoU3js7UVMUYwHbqE6VzznGybHl51HhKR7WBU+gGKWQMafssteb4XuNHSHMh2yO6b1BfvEeaGgfmTgkFRbfb/AA2iSfzSO3JPZJfLMNt26W2D6C2+gDAJqgNdK7n2Vp4Y05wgNZjdGzgYJRbSQeezgGDlcc7smPfg7Bca09zlTH7CHaiuDlJIbKyBQQBwusY6QgBcbE5+MKxpKfQA5wQjoRFTU2MOcMYTqmsZHhjRnC5V1IhGkDsqsB9Q4kkqDHLCwiQ+oM7sAcokUYa3JCZDD4e7gqu+3yOiidFG7fugnPYTKjFykxt8vMdMx0MLtxyViqqqfUv1OJx6J9VUvqXlznbHdRTpxysNtu7g5s5ysllsYfdMJA7rru6FvqxnlYpt5JFCa8lwGFNgYNiUBjRsSjtkbsOEPZqqjGLy0SA4NwAkC47IL2EkYKlwRZAyglHJuUt3BxjHHchFaw+ikMgbzhFboYOFMDox/ZHDT6I2hoAJx+qUkzG8NUWWYnsphklNR7DAhpzkfqumZoHYn7qCZSSugEolHPYl2cEg1Rz5Vw1c+Ma0NtO8kIraV2N1fRScmMbU1PPiI8dRVf8AecJMp9vpRmRYI2UHRizjKio4JGFMikJxlqYyJuMonhjT5RkpY9PHZIayJ4GsBcMAOcbIBjqA4FrTj7qbA1zuQoWyN8p3x+662nx+HKshE0N4QDgdsfmmRhuMttqj2R9BCdIAwZRzE47hqm0ltDcSS7k7gJqrwcLVeXjDNcSJT2x1SGPIx91c0tO2njDA3b/NFia1jNLW4CeBlMUTzWovldLdJiBxwE7OU0jC4rawZFLDHpJJwGEaWQhqS6RhcVkGJ6SeqIaswgjhRZKKKUFsjcqeuYC+KwvnW8xZ+k7NLC1YmjP1fTkUpLom5OFTVVhqYzkDYey3IGECWMP5GV1dL5W2DxJ5PMeQ+ltLflxWDB/KTQnEjcYRY84x6LWzUNPKN4wq2ptHJp2Lt0+UrsWGeT1P0zfpsuDzgqEkaSgniJ1t4QtPutW+Fn4nKjVZW/uTQ5JJJA45HxbTOscWnlHEjiAUDQ7GcIjRsQs9lafZ0tPqrKHmDJMc2g9lOguMke2dQ9MqoGc8lOa8sON1kt0qkuD1XjfqKyqSjMvHfI14/mNDH+qgyxTUT/IS5vbKAyfBGylsrQQA4ZXNv0uD2+j8rXqEvjlhnY6qOUDfBHYqXFO5vbIVfWUUNXh7CY3Du3ZRDLcLa4ax4sfqOcLm2UL+k7MNbOnm1ZRqoqx+Bq7qZFUB2xWapL3S1AA0uA91YNmJblucH3WOenkvR29NqYWxUol81wcMhOaMnBVDBWzRO2cSPQqxgrS/Bdv9ljcOTZG0svBaW8ZQXU4J4SjnyNuEdsrXchC00OjNEV9EHY2UeegwNtlak6iNk8hjgARhUPwmZqShcN9OMITm1EeDG7YLUOo2O4ATJLUCMmJQW68sz0VVK4hsgGyN4sLtte6nVNr058NirpqGVm+kEIyOtoc5pO7DlDxUcyDZCEk0ZwDghGjrsECoaji0Z5RONlwcEYRA4HunGSjkxhn7prrf4g1U7laZWGh3KaWHlBfDXQb51AJprWtAD2ODu+yMnytvGCUB6J2rSAC1BirYSAQ78kbU2QAjhTZlckjPJ1sbHg5CE6MNJwjM7j1TAwndLcUMUgIaRsAucIuAkWsI3aqda/RWW2NyOxUyC618LAxlQ7A4yVXPY7PlH7rgdKzAdGlbRsZGlpupnsYG1MWvHccqU28Wqobre0AnkELKNlJ5CcHAKKOQ8ou660W2pxLTSBpdv5VU1NjqmDMY1BPimLPpcQpDLhPGBvlXsIyinjqqd3njP3TBVPaNx+RWiZctR/nQRuA9kKcWiodrfBoJ5xwglAXLKKL5kyEEnJT/AJupiI8KVzPsVLlsMMuZaCrGezSVCntF1jbqZH4mOQ0pTqyB8hpLT8ReqrS9jo7m+VrBgNmw/A9Nwtravj3UwgC6WvVG0eZ0R7+vsvGw6dmWyxvaR6hcDznk/qly0ykT5D6dsnxd6Wuro2NkdE5//ebfutdR9SWqrf4UVQwnHGV8bv1kAtJH2Um3Xq52txfQ1kkbjjh2xSJaPgNTPsxlXbnkB87D/wCIBS42QSAGmqo8/wCF2V8n234r3akcBWsjd7jK09r+MkRwTM6M/wCE4WV6N+g0z6LNLdWHXH4UjB6nBQzXXGmdqqbdNo7uYMgLyez/ABcLnhjLlr1ctkcCFrqD4tU+sCrblhH4N0l6afsvLfRrXdQ24jEkbiP8bFV13R3QnUbXSVVlojLJy9rdJ/YhKk646OujxFVNjiLhsZW4CtG2qx3Ngkt1VETyDTyZI/JBscHyErV1JNHnV1/s99NVM4qLZdaqhfnOcB4/ff8AdVVV8H/irZR4nSnVUddE448F5LBz9yvWZunLrTN8aiuL5HD8EpyFFLuraLEzqdtRG3lreQik30gsxl+LPJD1B8VenGOi6h6HmqWw7GSEac++WhydRfGW0F/g3a3z0L+MSnIz98L15nVEDHMFXQ1VPK5wGl7cb+yLW0vRnVcP/vm10FaXDB+YDQ/90pxfsjlKL5MFRfEXpmpaGQXWPHOHZAH6hWouVoukTTK1k0LhxsQVHun9nz4bXHVJSUEtE9/DoJzpb+SzFZ/Z3vlvEjemuqIyzYsbPI6Mu9sgolHI1Wccosrl8P8Aou5h2in+W1HJEI05Koz8JXx+Sx9SSsH4Y5Sf2OVDqOkfjb07IHtpHVQj+n5bROXD/P8AZVv/ALTetLXVFl5o3B7RxPHpI+ya4uPOchblgm1/RnXtvxFLSU9wjbs7wxlypZzcKNxbcem6qEM2cTHnC01N8bqMMDayhkLgN3MOc/kri3fFbpm5ljDUGF7+A/Az7I18kecBdHmE38AqJdTGeG5wyQ4aQgOp7c8/y8bejl7BU2/oHqN58Sko3zv5dGW/6FVNR8MumJyW2+WeBw7tdsjVmfyBlJSPPKOStts7am2VMsDx+JritZbfib11RZ035784yJ3NPHpq4/JPqvhTc2ea3XYho7SO5VZP0H1VT7vp21IHdm6XOMJdg7Y+zb2/45X6F7RXUdNO0DBDX4J9+CtHbvjhZ3h38Qs0zM4xocH+vsMLxiWwXajcBVW6pjP/ANKJ/wAkx0L2Ea43DHqCEp0VPtFSprl6Poqh+J/QNw0eK59MX8eLF/0yrZl76MqziK7U4/NfM8T9IGUeOYsds/H5pE9JF/iLeli/xPpmOCzV/loa6GV43w1y62zOadpG5C+b2XKoiAxO8f8AiVrRdX3ijAbDXTNA9JClPRuID0uD3g26pa4t8IkeqFJRvbjxIv2XklF8Sr7TYxdHv9nnKuKf4qXaQDxJYTj/AApUtJYukSOnkvxN5Jb4n/XADj2UR9qoyf7oBZyL4oyjAlbFn7KZF8SoX4bLTU2/fTuhentXoL+PZ+ia+wQai5jsegwoU9rrYH4jc0t7FSo+trVJu+MEn+kozepLZN2IBQxjOL5QSpkuytFJV484Bx6JvnZxIWn1Vw29Ww7BoJQzUU0xJbTgj3HKNxbJ8ZXNrKkHyVzvtlHbcq9o8tW4Y90fVTcCgjJ+yDJT+JxQZB7AKlFspUpjmXu4R+YVBcB35QpesK2Nu1RqP2UK6UFy+Wc2gpJWt7hgKz0dlvTPN8pVZ9wUarB+FGrb19WtAY+m1u9Q1c/29rAcmBn2WXFDe2AgwSAe4QjTVbfrZg91arwMWmg/Rrf/AGh1QBHyrUM/EWrztSNwsrpx9RAKjySxxjdw/Mq3DJUqK0bj/wBo2WgOo9J7nI3Xf/aBH/8AIzl59LVR5+pu3umCupzsH7/ZDsK+Gv8AR6IPiAzP/ZypTOuw8AeBGM/4F5qJSRljSfsFxrqyUhrIp/yYpsK+Kt9Hp46uL92sgH3anjqeV2w+U3/Veaso7s8ZbBU78eQo8dpv8vFHU/8AlV7EKcUj0cX+d4yPD/JOF7rXf8Rq8/isPVT/AKKSp/QqRH031k44FDUY9d0E4fomxG7F2qTvraufxioH4gshH0r1keaOf91Lj6R60fzQTAe5b/1S9rBkox7NbH1A9rQ12n9UX/aGPvIFk29H9YnAML249gf80VvRXVpwHNIz6q8C8xXs1MV+gf8AU7P2UgXmmJ7rJjojqpoBFRGz80aPpe/wuHi3SEfbOVMFZTNULpT87pxu1PgeUrON6fuQH8y8tb9k/wDhBbgS35p/PCpA4yaD+KUw5yl/G6DOC8qgda6KMZlvOR7OUaojsDQNVylJHoUyMGwlXk1X8YoMZ8UoZvtAOZNlkSbKD5KyZ3/iRG/LSACCJzvQuROAaq9mnd1Ja2/8Uk+iA7q6iGdMErsKkbb65+7Kam0+p5RRaKsgF/gx/wDiwiVTYXxxXZPPWLQcRUkg9ygSdXVQGfAIzxuoj6Cggw+5XGOGPu4PwoNX1J0HbMmS7ePo9HqKhsKMI/osXdR3iodiBiH4l9neXumdk/dZyT4y9EUDf9zp6mVw7BmVVVf9oRoaWW6wtLuxnZgYRLSTfSGqEl+MUbwUF2qfLNVOA+5Uqn6dmfgVDsj1K8jqPjl1dUOBpqWhph/hhyq+q+JPX1y1eJfnxB3aJmj9fVWtJZnom2z9YPd4+n6GLeeoiY3vqSlqui7YNVVdqVpHIDt/0XzdJcLnUyulrrxUvJ9ZeEJ1Vb4BmW4Q57kuyU3+FN8kenb5csH0JV/Er4b2sDNUZj/gZlU8nx8swBbabDVyRg4DyAM/lheFS32yR7mcTOHZmUFnVDDtT26peBx5dkS0uCvghH8m2ey1vxz6kk2oLXS04PHiHWf0wMLP3H4nfES5MLTcRA3t4DNB/XKwLL7e59qOyuyeDI1E8PrypwI6VkQPphUqGi1GuP4xRfPunV9R/fXmpOf8ZUU2mSZxlq5y97tyXE5UOKydQh2Lhdi0kbhvZSWdL+LvNdKx/r59karSGKaXo6LdSxOy6UY9C5Fb/CGbOdk98FEg6Sp2ESNkml9nuJU2LpWE7mlz93KKtBq3JDM9lYMuz+WUVl0twGllJI7H/wBDV7T9OQta1pjjAHbSrBlmo49OYx+iv4kFuRlorg1+0NDj/nYpMTKx7tTKfTn0C1EcFtgbmRrQB3TajqPpy2RF9RcKeLGwBcMlX8IMrEiphoq+UDUz9lMjsdW/cjGfZQ5/iz0RQt1Pucbj/gOVS1n9onpOmJFNrnI7Fir4mB8prWdNzP8Ar3UuLpZrWgmQfYrzCt/tLQYxRWXX75x/oqOp/tDdQ1oIorcyLf8AErVQXyxXZ7izptufPIMd9lIFntcI85HvkL5uq/jL13U4MLo2A/0gqsl+IPXtds+5zDPor+Mv5Iv8T6kEVjgOXPZsg1F86TpNp5o2keq+VpLp1nWby3WrIPo8obLL1BWDM1wq3Z3wXEhT40WpNn07P110TSnU25UwI/xBVtV8XeiaUb1sbiPQhfPMXRtxld55XH77qW3oKU41AbqfGTLfSPZ6j479IQk+G7UR6FVNX/aHs/FPFLsfTOV5tF8P2MwTE381Kp+hKLUPEgaMd8qfGglGztI11R/aHGMU9CXe5aquX+0BeJSfDt5Hp5SobejLazAEIUqHpS1RjeHKnxpE+O2XsC7439VzHLYImjsN8oE3xf6xeP7oDPplWjOnLUzcUwyl/B6UO/uW4+ynxBRrsXso3fFPrOT6vEH2THfETrCTltV+WVpW2qkwB4Df0UkUUTWgCFuPsrVeA9kn+TMe7rrq52N6vP5p7er+qyATU1//AJlqhQw5/um/oni2xbYjG6JQSJ8Zkj1d1Xv/ALxcP/Mhf7X9WZP8+4f+ZbX+Hwf90EVtvgz/AHYU2JE+MxA6s6tI/wC0XD9Sujqfq3k1Vw/Vb0UNNpz4TUvlKcH+6b+iBYL+PJhB1N1cdhLXEn7rv8W61k5fXEH3K3zY2NGGsA/JdVZS9FfGef8AzXV7yC59cD9yiuPVLm+eapI9HEreAZRBDwcBRY/RPjPPDQdRTuBIJPq4nKKLF1C/6njH3K9DEYx9A/RdMQGCW8qdeifGYBvTd4O737n3KM3pW6HGZRv6rchgyPKikAgadlM49EdZhB0jcSM6wu/7I14315W80+6Wn3U3f2AcF6MJ/s5cG7B37rgsd3H4yt54a4W7KZS9E2swotd4h8wcSUVtT1DT4I8f/mAWxLPNn/RE+X1DKOO19oXKEn0Zyg616rtxJir7g31AcVdUXxn6qpCGyVdU9o7SRD/NSBQR6tRjGTzso8thopnEyxZB7K3XW/Qt18F7b/jwHODbmC7J9AMLS0nxc6FqWt+eLsnnYLzOXpC0SHPgEFCf0HbKhmGkxu7EJb0tcuuBLr5PcI67oK9RNlpjA8OG2MIo6KslcNUVOwA8eVfP5+Gp1h8NQwkeoKJJ0Z1RRDVb7mz7CQof4j9T/wC4O1nuFX8NqJ27IG4x6Ksf8OIQdo8LyyG8/Ga1l3y13qZA7BJefF49NXH5K5pfjH8UrY6MV9rp6xjRhwfA4F35jKp6e9dSTBaeDWTfDOUvPh1DQD2I4UV3wuuY3hnY5Nov7Sdtbll16R8OcfX4J/zyFrLT8cvh9cAzxqo0ReNhJGP+qXKGoh2IaZiqj4cdSx/3J49HEKHJ0t1vR7sfIQOwcV7PRdbdGXGLxaW/UTh3BfjCt4qi3ynbST9kOJdtCZZizwJtR8Q6AYb8xgepOCiw9b9aUpDZYm5HdwX0EIaSQDNPG4e7QmTWOx1IxUWmmPvoCDco9ony49HhsHxO6kgcPGhjcPblWcPxbc4AVcUrcfbC9Rn6H6XnO9siGfRqran4UdL1IyynEZ9gpuqfaKVsF2ZKl+KdvlIBfKPzVvB15aakAF7887rtT8E7Y/ejmLVVVHwZr4cupqzVj1KqSqf4l76pezTU3UlDJ543AfmrWl6nA4qAvOP/AGedU0b/AOUTIBv5clFNB1LQDElNJkf4SlOODPKMJM9bpuoojG0vw4+oKsIrrRysDtePZeMNud3iwH0rxp/JWVF1FI7EbnOa4dikziDPT1vo9YjqKd58mDlGbJGAPK0Z74XmsHUrozjxM/mrSm6ja5od4p/MpYmema6Nk4RP43yhSUUTyNBGSqWkv0L3Br3HB7qey50riPOVeGJ+GUSWyjPLXbjtlO8OqaMPaSAhR1sXLX5R210p21bIwPjZwlw5am6M9kXxQ4bgLmWZ3CsFxaBGnA32CY6SoGPDdwpoigI+nf7oRjxwqwL2sAKqpby7hEbcnghshwk6L1CH4WOynRJQROinY8Ah6N4rRgZBVVocODhJ0krSMHP3QtgbC5MhcPROaqmKtcPrOQpTK2MjbdJzyVKOCWNk/wAQeijtnDk8PBTVyhEq8htXsuE5TElOwNmB+ojukXE7EpiSvBBye5o77oSdkIkyJ4Ky6dNW65ecRiGT+pmxVDPa71ZzqYTUQjjucLaBwCWsHYhHkdkxlNfIZHeHUAxuGxyranq2HBY4OGOxUi6dPW+5DJjEb/6mbFZWss16sb/EpnGeL23IUyiGrE8Upwdik+leW6mODvYLO0F7ZMA2YgP7tOxCuqeqYWgwPcD6ZVxm0VjkDOzOWSR5HcEZVJWdPsLzU0D3RSjcFhxutUJYp/LK0A+qFLR/iiOU6uwYuUZqj6pvtmcIrvSOlgG3iDc4Wyo7lZOoaINY+Kdj2+aN2D+yqJ4Q9pjnjDgexCztZYH0cvzdondBJnOGHAP3C1Qtx0Zpwy+Cwrej7rZqr+IdIuaI9zJSOcdDvsECivlNd5X2670Xy1SBgxyjGfsjWnraS3n5e/seANhI0f5q8uNmsfU8TawafEc3LZozv7bhbK9S1xIXtZ5R8QvgtYeqKV7TRQSB4OWuYCDlfH/xN/s1dRdJzOrbHG6emyS9rs6m/wDX/wBF9+RMuPTk3hV73VFG/wArXncs+5Xa6gtF+hI0xSNI9Mr0/ivO36DiHK/Ri1vjtPr4bb45f79n5Ny0s0MroJWmORhw4EcFRzPIyXwak7HYOwvu34r/ANmCz39hq7VTH5k5OvVj7cBfIfXXw06h6Kn8K70jhCXFrJcH919N8V9QafXLb1L9Hzfyv0vqNNzB7o/v2ZGaLw3am42HIRaO5mJ2md3GyERp8hO+OEGaCSLDns2PBXpq9TH2zxms8bKuO/HCNFBXRzDLDlGaQVl4ap1O8PYeOQraC5RTYA57rXGyMkcSdfPBNfwosmW5BGxUou1AHCFIwS7cKnyUuCjuFpjqsuiw1yz80T6eQxytwR+62MsLoznkH9lGqKKGsbplYD790qyBup1Di8PoyWncbppbjurKvtUlLlzQXM/yVdIM4WaUGzpQsU1lAj3UZ7Oc91JOyadOFnlHIxYK+RhB4QnjAU2UDPCiPBzwslleTRCWAI5KPSu0yA54QCMrrMgrPtRphPDyXcU2eBypLHnIVXRTAnS479lZB3cBZ5rJ2tJbuWSdDJjupcchJzhVccnCnRSDSFkmuTuUWZRPY7fAKdP9IOcqNC7BGSpGcsyqa4OgpZRGecOR4HZPKj1H1BchJyiB9lkTkDdVtQNNQ5w7qWwk53USsGXfdMQu/iORZLmH7KsnJbJvturOIANwe6q6/Gc47rRDnswat4imPzqZglU7hh7gTwVYxPOkZUOoAEzi0bFdKh7UeS8it0shacnOEZyBA4AozncLR2cdrDAo8TjhARYnABWwSQeFFm7/AHUokKNLx+avOAUAHJQ6k8J7knjKVJpjl0RQ453CLEuOaOyczlCMaC8hCPB+6KPpQX8FSaygVwyNMRqGEQfQgTfWn/gCQngagEvOFHqeyNJ9SjVPISpyNEOh1P8AUFaU/BVXT/UFaU/BTYAW9hH91wcLp5TSMIpLIhj3N1YWhoG6aZvuqADJCvqUgUzcpE454Neke15D6vdI5dsgMJLsZKkQDUQ0d1r00FF5Odrr98zb9IQuc0Oxs1bFmQFQdMQGGJpIwC1aIlrQPZdSPR43VvfNh7bH4tY0n2W8gbpa0DssZYWGSrGy2xOGgJhybpc7SQHNAOSFAo2Nrbq1jz5WHOAuVdT4EL5fQI3S1IWQyVcgJdIcg+yYJb4NDOQ1ojaduwXWN0s91Ejc6afODgbKYSAMZRmZ9nYsulDSpeA0Y9ECnA1ZRHO1TBjeyohMp949Z5QJpMOwN0RpDIsk4wFFJ1HPqiAGyuBeACpLyWwZbyoMBMtafQKUSXzeHwAkSWSAq+tbS0ck520NP5n0Wbt8Pg2+SukJ1TuLzlS+opPm5YrTETlzg5+D2Vf1PXstlmcwENDW4A9+ELexZNFcN8lFHm3U9ZHVXKR8ZyG+VVdqYaisaCNmlDlJe5z3uyXElT7FTPMrqgjyjZeX83qcQZ9g+kNE4SgjRsY3YAKdTtA5UKn3O6nNGAPdfN9XLOWfe/HVYXI2szHCS07lVwJU2tcThme6CAABhcqT5O5GPofAM74TpcAJ8DRv9k2Ub4RJ4eQ3XwRXO824TaqGCogNNUs1xyDDgjmLILscd1Emk3GyfXJ5yjm6yCUGmfOvxB6bk6evs8TGHwJHGSM420ngLLah6r6I6+6Zb1LanRQtaKpgyxx7+y+cpIpqWofTTNLXxuLXA7br3PjNa7a1GZ8e+oNA9Nf8iWIslU9QWPx2VtFMHsBAyqNrgWnA4UyhqdA0O7Fej012FtZ5W+vjKLLS70TUZg1NBwuOaQVvksGBPPDBJLuldAwiSGtgkUjK6hs+oI+idhRyitaMbhCj5CMCMIwW8HUgcHKSWMqmHFtPKJMLw4YI3T/C05IGDyo8Z0lTBhzBk47pE1k62nnuii3t9UZYg0jcKwDcgYWchdJBIHMOB3Hqr+mnY9rSDnUMoDt02ZikGB7KRgFo3Qg1x7J4yCjRsgMkiyOFEnh76f3Vls4YwhyQe3KqURsq0+iinicNwFDewPGCr2WnB3wqarhMUhxsMpTRncSrrKPUDgdlRzRmKTBGFrBg8jOFUXOic5xmYzOOQl4OXqaG5ZRCpqp0bm4WntNzDg1jiFkiS0kEcKXQzmCUPyceiovT3Sre09ChkDsHupsLtgs/bawTNDwVdxTjABCh6HTW7lyToyVNiOcE7qvjOVKhOMKHUgyPe+l6HqGn0O0w1A3ZKGjOff1C8wvvS12ss746ylc+IH+8bwvXw7bAKkGOnq6YU1VEJG8HUMqGPVeMq1L3riR89VdA10fiU7cEcj1VcYy0DIwvW+pPhzURl9ZZntkY7JMR2I+y84rbZN4r4ZWeG9pwQexCh5jVePsok1Nf9SryEkpqaandiQbdiuA5QHLshseDqSYkoLHpJJIQxiSSSSQSSSShBJJJKEEl3wkrC2Ugkd4z25AOAoo7pJEXJKttA1uJnjfsCrPAjA8qTGt0+UYTnDOMrdGO0LG1ZZFq5AxueCq07nKNVy+JKccDZBG6ekZ5vc8jmDJG2VNZHhgymU0Y+ohFmmYxuwVN4WQSDXTHPhNdj1UFzfdFlOp5cd8lMIykyluGQGpJJICxJJJKEBjlFaNt0Jn1BF7DdKm8EHDc4HfZa61UTKSkYCPO/wA7lWdP21kmayZmWtOGA+q0CFN9nQ09K7aHNGETbCGu5KNv9m+CWMCJOdikHHUN1wnCbgpg1IkjhE54QAd8ZRGNke5rGMLsqBxjKbxBcj04A5wOSt10x8HuquoWsqZo/wCH07+HzN83/l2/zXrvTPwh6WsGmeop/nKkD65NwPsEcYNnW0XhdRqpYl9qPFOmvhv1V1G4PhoDBTkAmaQ4H5L1zpH4OWCzuZVXeH5+Uch52z7L0RseHegRS0OA7I8YPWaLw1GmWH9z/uCpaSlpG+HSQNiYAAAApLeE0DCc1GuzpxpUPxQ3OUiAeVxq6nIPager2XefZNXWo2DgWn3TXy6OwTKmoZTxl8hDW9yVm6ipufUs7rdaInw0hOJqpw7d2hXFgylgJcr/AFlbWMtVjjL3P8r5uWM+5VnYOl6a1v8AmqsipqzkmQ7gH2U2z2CktFK2np/M78Tzy5WhjDQOyaDjPIidQ33TXYwulwQCfdGVxFHHHfATHkaeUi4Y3Kiufud1Bcmkss4XAE7KuuNdFAzz8+mU+43CGjj8SR2/YZ5WKuFe+tmL3O8o4CKMcmLU6rZ0Hu92lqB4ULtI7kKpycZPKdjfco0NO55Hp6rRGODg2TlOblIjxwOldxhWFPQMjw8N3UmGka1uogbJ4IGcN490Yh9A/Da0ABCqAGtznOEWWoDOcDCzN1vZlJpqbbHJRRhkw36mNayw9wuLIAXO7cKnFRPUSOkk4PAQWtke7VKS7vuUduAnKODz92ostlnJ3ATnEYzlDe/A23QtTndk2Mcmdt+zrzk7JBhJBTmMJ3wiAAIsFCa0AcJEgDKROAVQ3K65Jpqc5erKJNwurGPEUe5zglRY2OMmtziR2yh0VA5zPHnbl5RppWU7QD3S5fsROaOve2IE7LH9QdR+O40FA7U/OCR39k2/dQyV0ptdtJznEjx/kmUFtjoYwSxpkI+o74S5SyY7bt3EWEtlpgo2mokGqZ4ySeymkZXG5xuUncYUisiV9vLHagDyEx83AAyhnJOyJFEQckIug4tsTQ4kOIRxjHK5hrRhBbqL0IwJpyUVkZLgMrsMZdhToYg0g6VGxsYZHU1MMAkYXaqpbCA1oylU1jKeLy8nYAHdVbXSVL9R7qBtpcI44yTyEuOcqZBDoGSN0oomsGSN1Cut0Fvi8TVj2QTnsWQW8LcAvl6ioonMjdvxlYasqpKiTxJHZz2RKyukrZS+TjJwoT27crDbbv4Mk5SseZHS7I5QC53GUiTqO64sjfItRwJJJJCFHsKwZynxRPe7CdTwPeRjgq3paMRAHG5VmuqEpAKelzuQpJjDcY7I+lrAo09bFGME7qGpP4+wuogbjhQ5qo8bID6qaZwax2x2RYbbUSkOeC3KpRyLnZOb/wBPob4z5N8J4jfJw1ToLcW4yFMhpWMHGUTgHXTKf5sp2W6dxzj9lNjoXxtBep+nHBT8HG5Q9GuOnj+yC2DHZFbCMbqR4W+dP7peEfRWGq8ARG0dkvCxwpDYSSpLKbyg4Cg1RSIAiPouhjgdxhThCNWMI8cFOMGUfol8hYTIcRJOMKQ+SKnZlx3Taqpp4vLHFnCriZJpC955TYQbOXrdfDT/AIssqar8YloH291Mjo5dQc5uAVUROdCQ5oyVd0VxD2hsxA+6111ZPH6zVW3S3ZDsp2tABCOBhdaGuGppyE8N9lc4KJy5ZbyxDZOzjZcG6R5QAWP9BVwjPddSUFjkkklAhqSKkoMwCXdPuuhpHZItceyOMclGx1FIklLSR2XF8GUsn6n2DUzGUVNRKbRnnWDIHohFvO2ykpmn2Tq7cGSynPBDfE1xy4ccKLU2yCfLmgNee4Vm5gzlc0+66On1s6+jl6rxsLo4kjNT0E8BOW5HqEEM3AzuFp9APJUWpt8EoJDdJ9QuvR5BP8zyut8FOD31clOGtIXNHoFKdb5G7t4HbKGIJGuAI4Wr542fic1aS2r80RSwnsuhpcVKa0YwAu+GPRTIxQSAiHK6YZQMsRSHD8K61xB4/dKlFS7N2ntnS8xYBk08Tv5hyFPhqqWpaGGTBPIQTE2QDI5QnUTGHMOzkizT1zWUj02i+otTQtln3INU2OKVuqlfocN9tgVDbNcra7TIC5g9UR89yoSHlmtvopdPdKSsHhzjDu4cFgu076SPV6bymnthvpliQ6mulNUYDzocpzHuA1RuyPUKqq7LHN/MpXgH2KiMmuFudpdktHqsF2kS6R3KfIfGv9Tk1DK57BuVPp66J+A44PusvFeIJAPEbhylR1AeA5vBWCzSs6lWurmsxNXHUtecNIJRvFJI2WWimka7MbyCPdWVPdXNwJht6hY5UtHSruUlyXsUm2/b3UiGoJ2wqllVHI3Ux4+yM2Qg5aSh2s1Rkn0WhZFJyEOa3U0wwG7lRIqh/wCIkqQ2TShDyQanp1zjmLG6rKuxV0W4iyPVaiOoOcYRnSmbyyHIUyC6oyME6mngd52YXGVk0WzSt0+ipJQdUY3VdU9MUswOH4P2VqXIudTj0Z1tfnkgqXFLR1H1NaHe4Rajo6pDs0pzlVc9pvVE5wlo3lre7d01PkRtfUkTJbXTPJexuCfQqKbROCTHM4A7gKCbpNAdDy4Y7FSabqBgAa/cd03PGQf9Fia+40x01FPkDggpwuUPDgWkcgqdHdqaUAlw/NSBSW+p/maWZPOEvc88EVUpfgQI54pAC1437ImxTn2OnLtUcjgPQJjbVWwnyTbdtQRp/sYozS5Q1zO6aBkYJ4SLK+N+l8QeB6JeI3HmY5p7ghDJLspZGiMDjuumB7hkLviN7FGa8OOEOMdF5IwFREc+Gceq78w4jDhhSy9vqmmGN2dlQRF+ZiBAL910OafREdRU798HKjyU0zf7ndTIMlkkREszpPIwlHNNE7VHK4H7qA5tyYc8hOE72/WN0GEDtZZiqdICyaNj2nnLd0x9LbZ26TGY3eoUJtYO6eKljxlXtKyOfatQ/kSB2OAe6jOt9ZG3MkADR3aFKErmcFFFVNgDxNlGslZKl9A1/wBcex/ZRpLOwt1Rcq9LznJAJ+yG/Q8khuk+yrYi28meMdVSu1RFzXD1JUqHqa90pGl0px7kKzLGnkA/cJnhMPp+iGUFIpOa6Y+k+IVdBKBWRlzffdXlD8RYJ5fD8Z8J7HUVm3W6nlJcWjf2UGSywOeXN8qS9NCXaI7pxfPJ7FZvjD1FbHN+Uv5LWcBwyQPTK2Fu/tHdRMkDq6hpbiDsc+Q/qMr5nlo6qm/uHHH3To7jdqUgMJ/VC9JD0C7YyfKPryk/tBdOVz/lrhYaine9uHiKXXsfXIWlp+sPhLd6TTUOhaXcOq6bg+7mhfEjep69v1gkq0ournjGqVzT3GUiekXoLNL6k0z7SprJ0RWHxLX1ZBTPbjHylzLf0Y7/AKq6/wBmbvTwufbb/DUjGQ+qDjqH/MOF8X0nVpDR/PP6q5t3XFTRyeNDWy+4a8hIemZSjP8Apl/3Pqw0nV1IQ6SlpKxruRT1HH5O/wBECqrBGA3qDp+ZtOdiaiBj48/+FeGUPxz6yhb4kHU0ztXLKj+YP0Ku6T+0b1XE4NmfRSD18LH7AhL/AIkk8oa46hd4NrcOj/g5fdZqLZbYJXnzPhY6F4P3Cydx/s99C3Hy2DquppJHHILiJRj7bKy//GC6cusbo+pOkvFj4dLHJG7H5PaAnu+IPwTuDdNRb6imbzuwN/Tw9WfyRqmz2y1ZKH5p/wDqee9R/wBnvrOxwmos1WLuxu/8l+hw/wDCT/ksW6m+IFgmME8F1pXM/CQ4YX0ZbH/Dm4Q6+lfinXwu/wDkP51hxnjySY/ZSZunuqZGA0/XUtQz+p9tZIf/ADMcU+vdHtJhx1CfHOf8HzbH8QutLO7+ZUTb9qhp3/VWFL8c+oYcCooaabHfGCvWeoOnOvX0h11Vqqj/APRY3NI+wfj9lgLnZLtRyYvHw8t9W7vI2ixn9MonGFj5jgapS7bI8Hx5pjtcrLgH/u5B/lhTYfjL0NUj/ebbKwn+uIH/AKKiqY+mGeWu+HUFO4948sVa+19DykmS111PntG7ICW9LXP0HGdkfZ6JF1b8LbmQBd6JpPrG5n+YVpRUHQdwI+V6gosnsHN/1XkZ6U6AqASLpV0p/wDopwmH4Y0VSTJZeqWzM9c5/wBUv+Io/iT5X+j3OPoWzVgzR3CGUe2P9F1/wrcW5jcw5Xgzvh11VTY/h97iH/NKRlWEMnxjtB1w9S1RA/pqs5/VV/Fm+mX8rfo9cm+F1ez6Y2lRz8Obyzf5Zo/NedU3xP8AjRast/ickw7+Mxr1Mi/tC/FCkeGzUlFIRzmnwSkyovXTRPla9Gym6HvkeAKYHCjydM3yMHVQyfmFV0f9p3qmMYuPTVFN7tJaQrSm/tO28kfxLpCZvqY5tX7EJcqr0XG8jPsd6jORTvCb/D+oG/ieFf039o7oSoH+82erhI/wBynQ/Hj4VTj+eZ4vZ9KUl1WrtBK0xorbvSyaZTLj1Csae6XFwBZNV49itxR/Ev4N15YXXekBf6xnb9leQdWfCojMF7t3/lP/AEVfE/0U7lH0eZ/xava0uNRVjAymM6mvQIbBX1I/NeusuvQkkbJqe9WwNd9JwFKZW9Lkam3i0H0ywf8AVRUtC5apR/pZ5DHd+sak4ppq1w76RspjYOvpwP59Y0H1Xqr75bGnLb3byBwC4YH/AEQpupqCMDF2tp/+2gf/ALynxMH+S3ykeZjpnq+p/v7jVNz2LsLsPw6ukz/97utQAd8+IvQX9Y26I5NxtRx6vVfXfEyx0+0lTanY5/mD/op8TB/kWPhIz1P8NKXP8+5VD/s8qbF0FaId5IXzY/rciP8Ai70q0EONMT3MJCjSfGfpBn93DNIfRpRfDlF7rZeiyi6TsbMD+Dxux653UuLp62jHg9Pw/fCwtd8eooZCKLpad7Rw8zkZ/LCgz/Hvq6UA0PTtIwdsuyR+yH+O2Ftsa6PVorFSxAaLRG3/AMIUuntkTXgtpI4/fSvBqj4t/FSrlLhMIg7YBjMY/dCf1r8UqoAyXa44PodlHphU6Ln0z6NZbonY1DT/AMoCmQUkEeMufgfZfMLr/wDEuY+a+V7f/EhTVnxBeB/9cVxyf/o3/ootO2AtLY/yZ9XMhoACTUP+2ye2a2RbSVOB7lfJDj147+96jrD96n/0UaSk6tk3kvk7j7yEo/4jYMtDv/qZ9gGtsucuujPyedk0XWwNzq6hhAHYyL4zlsF6lJMtWHF3JJJJQP8AZeu5MjSp/EyA/HL/AJ2faYvvS7c6upKbPvImnqfpVg83UdtwPWpbn/NfFv8As1W/1NSHTtY05L2qfwyv+Gr/AJmfZrusOjc4PUtsz6GpZ/1Tf9qekXf/AGZtrvcTsK+N3Wt8LQHOBJQn0FS3hucqv4eS/wDhsP8AmZ9l/wC0vRztjdLf/wDdWf8AVQql/QVbIXvu9Ewnfyyt/wCq+P8A5Kq/oXDR1I3LMKLRF/8ADkupM+tJrf8AD9+XHqSBuP8A6MFW1dx+GtpYZJOo6OTHAI1f6r5bMTwQ3ScqTT0NSTnQjjpcBR0aj/Uz3yt+Kvw6t7GmmhZVnJG0WMLO3P45OIDbTZKVsefLqaM4XlptFScZblPZY6vAG+E6Omj7HquP6NXcPi31NVkeD4NOPRgwqWq636hqsma5S/YOQY+m5pAPEaVJh6Re530FMVCzwHs9opJbhJPIZamoe5x3JJyozquIvwY3OH2Wzp+j3AY0g/dS4Ok2RuzIxoHu1GqUiLCMMx1OAAyglcfsiNZXS4bDbXtA4yF6HHZ7ZHgTgbeyI8WekxoA/NEoJdFuTgefxWa81AwIC0H0UpnRF9qcA1M7QfQrXyX600jC8ysYB3zsFUVnxEtEOQ65wAD/ABKYK+Zeyui+GE8mHVlZOc/48KfB8NLNAAZqh5Pu4lVNZ8V7DGcCvdIT2Zuqqr+L9vYMQU1RKfZuVe0Cd8Osm1g6SsFL5WQtd+Q3VhHSxQsDKSjjAG30rymb4sXCo8tBbC13rI3Cgz9ddY1JwyV0IP8AQFWwre5Hsb4qgHOkMHpjCZI+kibmruBhxzqcvFqm4daXVohmuE3h9wSQgDpi5znVLPklV8aJlnskvUPR9LvVXuFxA9ckqFN8TOj6TaGR82nbyN5XmEHRj5Hj5h5x65U+LpJkRGHA4Q/GWotmtq/jLa4nA0Nlq5SP8OAoM3xrvsw00Nnjj95mKvi6dEbRjf8ANGFiZjBaf1QqGBqg2Qav4p9fVRIjFNEP8EeFVy9R/EG4k6rrOAezDhamnscbTksKkfwtjP7tufZEki1W2YCqoeqq1wdU3OqcRt9aA3pCtlOp5dk8nUclemx2nWB/I/dEFpOcmP8AdTCC+BS/I81Z0KHY1sd/5kdnQbG4On7br0tlqZpBwAU8WxoOdkG5FrTQMBD0NSYBc459FYwdG0bSDnj3WzbRMA3aF0Ucf9Krchior/Rl4ulaKPcd/dS22Kib/wAIfqtAKBmM4S+RYoGqkuimFvga0NEDMBEFMGjDWAK4FMGjGgLvy4/oCgca0UwgIOzURsLjgY/dW/y4/oaiNpd/oaFAlBeinMLjg/6rnyrvb9VfGkGBhrV35Ueg/RQb0UYp3+mUVtKTsWq6EDc/QEQQtA4H6KpLIBSNojj/ANU8W8q48Ie36J4iGeB+ioopxbzj6f3ThQSbaWhXYAG2hpTiA0ZaAD9lCYKT+FTf0hd/hs3oFba5eARj7Jb4yWAq8Mj4Kr+HTDuF0UmDhxB/NWRATXQtGS7A+6ii2BvIopocfT+654cI/CjOfFHu94A9SdlGdc7RGMy3akYP/prT/qrVTFSujEeI4ScaU/5aL+lVk/VnStN/eXylH/iyoUvxG6Pj2bdhIR/TG7/or+BlK+HtmjDI2/haEtLPQLKO+KPR7N5HzyY/pYgu+MfSDRiG21kuPTSh+CXtFS1VUfZsw0E4wpEYZj6QV55J8a7EwkR2GqP/ADPA/wBFEPx1hBIh6bjP3ncijpZy6Qn+fUeo+HGfwN/RLw2f0D9F5FP8ebkT/u/TlGzHcyOJUGb479VO2gttDGf+TKL+FZ+gZeQrR7ZoZ/SEtDf6QvCJPjd1zJ+ChYP/AKTlBf8AGHrc8VcDc+kLT/motFY/QqXlK0e+6W/0hc0MPLR+i+fX/F7rwA+Hd9H2iZ/0UV3xc+IZz/8AXBOP/Cz/AKJi8fYA/K1Y6PowRxk40t/RE8BoGdIGV8zS/FX4hvIx1HP+ibJ8UfiJt/8AXLP+iJePsEvy1eej6dELTtpCKKRhHZfLA+J/xE5/2kn/AERP/av8Q8Af7RT7ewP+YRLx1rA/4vUu0z6j+Tj9Autoxw3GV8vR/F74hxHUOoZj92N/6KdB8fPiZSYH8WimH+OBv/RF/wANtRP+MU+0z6XZQVGC7GwS8INO43XzrB/aR+IERy9lvk/5qdTov7UPWTP7yyWuTHfS4Jb8fYV/xjTH0G2VzAAM/qmOqG4Otmoei8G//Gq6s0//AJt2z7+ZQI/7SnU81Z4lxs9smpz9UQje3P5lRaC1dFPy2ml7PfpH2dzTHNb4znnYKunsPSlXnxLe1ue7QF5pSf2i+m5h/v3SzYcf93KT/mFb0Hxz+HVwmENQ2qo88Es1A/uFf8G3tkj5DTS9mmm6C6aeQ+luNTT+oa7AQT031HQOP+z3UUjWjdp8Zwx+gK7S9W9CXebwaHq2ka7GdMp0H8t1aGjDmh9HUtnYd2uY7YhC9I16C+emXKY6l6x+L/TkAcKoVzBsdRLx+mxVxR/2g75S6W3qwRsfjzBnlz77hUrqi9wNGCWsbtvuoc13u7MiVsbmn/DykPSwfZLIxPQ6H+0f0rjFyo6mB440YePz4wtdbPjD0HcQzwr1Gwv7P2wvm640rLgXuEFNBkfhbpJWWq7NXRHLQSB3b3S56CuXQidUZ/ifdVtv1kucOu33SCX1w7hWDITIPKc5X58Onu1tmbLDUTQlvvjKv7R8aOvrI5opr3NhvI1HcJMtDJfiZ5aZrk+6XUVW3djMj7oE1PUAfzaUOHuvlaz/ANrDqu36BcaSKo08E/8AzF6XY/7WHSFZC0XhohlI8wztlJnpLI+hcqrV1hnqMsFpf/2mg3HPlUCWw9NVb9TWeG72bgplm+KXRnUTWOorjROEg2HiguH5YV46nt9WwSjw3xu3BalPSyZSlZH8jOu6Ls8n90/f7qDL0TWRSO8B+Y+2Vp32m3zHTT1Ekbh/S7CjzWe8sGm33Vzj2bMchI+DAS1LXszhsV2pSMYcAmn5+mOqaJ2B6K1lb15RDxGUdLWesbX6XH88FDb1W+Af+/rDV0w4OGB4H57IdmBnyKRBZdnREa9QHqVPp74HENLnfqpEN06UvR+WikY1xGQHDSnO6aoZ2FtLMA9vo5XtZSUAkd2acfzHfqp0dzYQ3lUn+zFY3/jIXgXOjeWaC4DhVjALrT6NbFc49IyCjx1rHnyhYgXeWnkAqWOA4VpBdoHsDmyjP33UAlQkapskcmwOD7rpia/hUVPXOcA4OyD3UptdKMboJtpCpUP0WJhaBwg+GHOw4bJjK5p/vDkojJWnfsk7mBskuGc+ThxkAgoXyxbnSpOr9ki7HZU3kH48kRz6uA+Vm33UinqydpBgpzpNWRhA8IOVFfCTm1LT9O6M2TUM4VS+CpBBicNuyeyepZhsoTBM6y1yPVdUGKo1EAkqWx2RlTLFuthyRg7hRiTlOz7pZwoL2tHclLJXFzIRZIEzlc55TUlMl8lXcum6C4Zc1ggk58SMYcqCpoL1YpfHA+ZhHdnOPcLbLhGeUWC08GUoL9TVjQfpPBaTuD9lZNrSzBjdqBTbt0rQ3D+bABTz/wBbPLk+6zpffOnpSLjTOkpRzOwamgJqlgNGtZU09QA2QAOKbLRtxrb5h7Knp62juTGvpZmkkdipcVVU0xAJLmok3kHGQNbbaapBZPA1w+yqW2252aTx7PVPa3vETlv6LUMqaWpAEgDHJstG4DVGdQPonb8FbUyHQ9XU1Sz5O9UYY7gkt8pTKixQhwuFhlZh27mA+UpVEFG05qo2j1yF1lBXwgVNhnaG/wDcu3jP5LTXfJPsXKvByGZlTGYZhpeNnNPIKynWHw5tPU9M+GuooZ2uBB1MBz91q/4pQ1Lvl7pTmkqR+MDDSfYpzXlmwlDm9iV1NPq51fdB4YrYnxJcHwt8YP7MVZ081106bDpGFxLow0kgf9F891NPNRzSUNfG5paS0tdyD6hfq7cbfT1rCyaJrmkYIIzleCfFv+zdZerHyVtupdNU4E6843/IL3viPqfGK9SeX8n9N1WSd2m4b9ej4NqKJ8LfEY/XH6+n3TaeQs3C13VnR3UXQt3ltN5t0gpw8tye47KgqLdTvaZqIuOOWHkL6LpNXG6CnB8HzPynhpUyb24a9f8AsFpLmNIjl3xwVPbI0jOeVReDA9uWyBjx2KdBVPik8Kc7cArqUy3HmLqdj6wXDjkHJyFCc4sOMI7JQdid12ZrXtyAj7E4wRZI2zDDttlTXG1gDVD+eyt5QWHZMcQ4FucJc4YGV2Sg+DJTwOhcQ7ZABPcrUVluimBJG+Nlnq2ikgd5xgdljsjydOq3cuSK/hRZWgb4R3ggg+ibIMt2WacMI2J4IZAyljCcQcpqw2LDHxeR9OcPBCto3AjBKpmcqbTvO2SkPk3aa5weCxjcSQVOjccDdV0ZyAFKacLHad+i4sY3bjCkNkyN1XwuIICkDfHZKjnJ1YWcBKjcbeiDBs45RHHy/ko0Z8x37pgW7BYMwe6ZVNDos43HC4zGOV2XBamxRJy3IjxvOAMKBcWk4IHdTDhrsKPWjU3jKfHgw6j7oNEGM4GPugznfKcPqQ6j6VvqeUeT1n4ZORkqQcndRIvrKmg+UYWuMsI5U0DXGuIITjjO3CYOUQskBzsYyhv+nKeOE1/0K5dAojO+sJ34U131hO/Csr4YxAH8pzPqC6/lCVjH0SgRjlAn4C4HnKTjs37qn0Lj2RJPqwifgQpc+MfRF/AEo0IjSDzKNUbkD2UmT6lHn+ofZIlwOiOp/qCtKfZp91V0/IVrB9ATq+VkGwceUh9QSPKQ+oJjE+wrBlzR7q4Y7EbQCFTs+pqsGk6G5QY5G1z2kpnKnW8Zq2DtlVseTsr/AKcpWzVbdQ7j/NbqI+zh62xttno9pYGUjMDBUuVxwACgU4DGBo2ACfnJ5WxHnJy3PLNR0nCHEuczJxsVpzv3VT0zCI6dhI5CtJTl2xTF0cq7mxlZ1BMWQxUzN3zyBoC0ceLfa2gN3DQMLK0hbcupQJRltPs0dvXK1Fyd4mim/E52MeiaKnEn0A/3UTOG7t05zyHAeqdtHG2Jo2Y0BDjfrkAxwiFE6E4YTnCVMS6p1FCJwAOEemAzlQWGq5MR4AUJ82GElPqJPEkwD5WqDXPw0R/1KslEq2HW51QRupBmawukdt7psLW09K1jfqI3VfdpS2ldFH9buFf+SyFSOFVXT1unbJY3KxvxJuLXxMocHU47Y+62zGtoqLXxpG68iv1wkuV7nlcctiOGrHq57K2zreI07v1KKiQlpbGeVp6GJrKWMNGMjKzTInVlzaIx5RsVqoyI2hobs0cL555rVNvafoj6T8aq4fJJE6kaSVOGMA4UWiIMYfhSXHAzyvG6iXo+o6SvESBVanVAHpwnsbpA3Q3ZdJq7lGhByM7rFKWDpwXIeAY/RNIycI0QGk7JjRvn0QKWTTtyhsxjhpXl+xdwqaR4G+FOvcvhiNoPdVesSNxldPTw+1M4PkJr5No52HdxsvHPip0aad5vdNHjU/8Am6Rsc9168Guzyo92oIrpQS0MzA5sowPZdPS3umSPNeR0kdZS62j5ba7PZHjJzt2U7qexTWG7TUkjSG6jp27Ksa7BJwvaaK5WRUz5VqdO6JuufaL6gq9emN4H3UuaPIBG4VBFMY3DCvKOsbM0Q43C7NVmezi3VOMsoGWEJ2MgKQ9gycDlBIwU9yFpjEkkkYQ9cydgupDlMTwVgLHwd0VrfUIUKmRtBHCsfUsguDnCI15GMLvhEbhIMLeSkWHQq+0lQgPxlTqNzonjA2HZV0XkAAUuF4DwcJJ09PLJo6aRso4wnvaAchV9HPjAVgMOAIKYuzq19Dm7Lpbq2TU4HKj/AGa08g5YByAq2soxIfp5Vw7dCMWQdksqVaZk3xPieWuGwK49ocOFcV1Hqy5reyqNGl5BPCBoyWVpdlDXUhjlcWt8qjRnv6LS1NIJo9IbuQs9LSyUkpY8fY+qXg51lO2WUTKOvmikaGnZauguHitaCd8LExbOVvQ1nhObq4QSlg16e5wRt6eXIByN1MjcMBUFvr45QGg7q2ikOBnhUju0XJpMsmuzuCpETsEbqDGeFJacIzowkmWtPLnlVt86Us9/YfmKdrJMf3jBhyPC8tIUhs5GNlA9kJ8TWUeR9QdBXS06iYDPCNw4D8Kx1RbG6iY/KfRfSzJhIBndZy+fDuw3lrpaaEUlS7/iM2BPuFDjavwcbm5wPnt8UjCQ5pGEw7crddS/D/qCyuc+ppfEhGwmjBcw/mshU0UjCdTdOPVAeS1Ohs083GSIiS4WkHC4hMco4HJJJIJRyW0JJJJAUJJJPiZ4kgj9VaW4g+lppKqURxj7n0WjgiETGsaMBoTKC3iki3ILn7n2UsNA2WmEMBxjk4BjZRK6oLQY2HBxujzyeE0/ZVMz/EdkFPSAtlhYQIjfCPBFkglDYC5wAU+GEho2RvgRFZHtaGsOThVdXOSSM57KbVyaWkDbI9VTkFzyc5SrJrbgI4TnlJJJIKHJZC5nOy6PRW5YDGpYKbpTS8BLc0iBSQ0IlJBLX1TKeMHLjzhRS50zgxm5Ow3WtsdqNCxs0jv5ztyMcBBnczRRXueS1gpm00DIG8NGETT7ogdr3SVnVrikhiSmUNsuFzmFPb6SSeQ9mhbyw/A7q25ua65iO2xOGcv8zv8Ay7f5p0Y5Ojp/HX6l/wCmjzfurS1dLdQXybw7TbH1OeNK986e+CPSFnLZ66D+IVDRs6YeT/yrfUsMVLGIoImRxtGA1gwAjSO9pvpmc1m+WP8AB4r01/Z9r6hsdT1HcBTNcMmGIZeP/Fnb9F6xY+hununmNbbKGNhaN3FuXH3JKvWuAOMJ2oFE1tPSaXxmn0sMRjl/tiGWjGV0glLOO6XPKapY6RvjAJtnKWR6oW/qk1xLgoNjEKkkOElAugSSSSaAPUSvr4LfEaiqcGxt5JKbdrpS2imdVVTw1rRsM7k+gVTb7RcepKg3K/xeDSjaKjdsT6OcPVNSyJm/RDEdx6zmJY4wWsHykn6/0WyoqSCggZSUzA2Ngxgd/dGZCGYOE/T6K8CsMcG7cpHAB3XSQAVFLtzuiG8IT3HPKC9zT+MJSO2UR7sHKYlkRZYoLLHzyOaVVVt1ipY3Oc4E9gnXO5RUcfiSEbDYeqxNfdPnZS5oIH3Towyc3VaqLjtiduFbNVSmR7yQeBlQwHu3wQjQwPldwrWC2AtBLU5QOZKTfZGo6HW0OlbudwpzKVseDhSBGBj2XXEDIJ4RpGab2gXNDcAKsuN2pqDVh2ohRr3e2U4MULwXdyCs64y1cnivO3ZNVeTla3VKHEDlVX1tfOZBIWNPZOhpfxuOSeUVsTQzZoCYXjGlaIQwcO+bt5Y2bSzDQEJ5z7J7hk8rmn3RmRgwC47ojWhuDhdwG9kicjKhQ9z2gDDUMy7bjH3TJZvDGcD81nrheJa5xpYZNOnkhD0DKWAt3uzpHfJ0bsnhzgmUFAIx40wy49123W+NmJZDknco1fVw0UJkkIxjYKm8C5TUVljqirjpWanfosD1B1LUXOpNttp34kkB49gg3a+113lNFQEgvdhzvRqnW61wUMQaGh0nLnHklJlLczDdbnhCtdsjo4w5wzIdyTzlWBGVxvddPCJQzyKjE6AANyo73Z/Ncke4nAzulEwk5Kvokk88B4Gc5CNgNGyY1uy6fKh/IfBfsY8OPCLBDqICcxhkOMKZDCBjA/NQbGORU8OnchFqJmsZgJ7sRsJCgazM8nsELWRrSSBSap35xwpMEIYMpzWADhCqqqKkhMkjsY4CrImT2rLGXCuioojJK4DA2HqsDdrnJXzHzHRnZEvN3lr53ZedAOAqp7tPByseosz9qM9lm7hDc4XDwurh4WFtoQDPK4unlcQyWQxIsUDpTj1ToKZ0rh6equqOjEbWktHCtLI+qG85Q0wbEA4YIU12kNGk5wmyaY2HG2Aq58tQ92IzyrNO74+EFrKss2buSokNFVVkmp8WGlWFFbJZpBJMNhvurqNrIx227YV4LX+o8lZSWyGlIe5uT6FWIO3CZKNZGNkgQOUyMR8YqPCEXjPC4ujdIMA3UZohyuRyeuDHCIkTTfQ5SwcAA7J7CAeF06WjLnYCEaqmHMo/VC8InzQRJAbtgYRGquku1BD/AHkyjtvoqnllK06R3KOFe8VZrKoLOS4OBvqGyjVMrzs04CEyV7xqJO6eRlbKtN7Zwdf5eUv9OngEWl31BIMxuAjeGfRLwz6LUqEjgzm59g8BdTkkezAl8kulur4GiOUamjv3V/TvjnjEkbwQQsjKeNkSnrJ6d2qKQj2zslTg2KnTk1xZnuk1vuodDdIaqManBr+4UwODkpxZksg0N0+6e5M1eycgSwKHJ6YnoghJJJKEHYCWAupIyGw0eyYpCHkHlfn5WJn6uwDTEfT7phGEWULlHKBrhG2U7BSwUwW45YIj0XMFFwFwgYRKwBw4AJEAp55SO6fG39meVCa5BFjTnCD8ox5455R9KQGO611aqUejBdo4WcNcEGagwP5LcoJilZ9bOFbtTXMaR5hldGvWPqRzbvEVvmBTOw44IxhJjGjfKtJKWB/4MIfyfoVpjqIzObLQSrfBXOGMYXMOGD6qcaYnO3CY6It/CmKa9C3XKHDBtyW4cotVQwS76dLj3Gyl5A5KRGVOGMqk4PKKlouNAQ6N5kYpjLtDM0R1MOCechSwAOVHmpWzcAA+qROnedfT+UuqfL4HmloqpnkDc+3Khz0VZTEvgeXNG+CmyUlRAfEp3EEds8osN4fEQyqiP6LJbpH6PQaXzNbWJPDB014fG7RURubjurWKrinaNMgyfdKJ1quDMOa3Ufso03Txc/VBNhp9CufPScnoKdbYuYSUkWMD3McHNP2U+nub2HRLjHqswRc7adLwZYx+aIy8wTEMf5HdwVknpXjg6tHlI9T4Zs4a+nkG78KW2TVhw47LIRPDgCx+cehU2muNTBsCXt9CsdlDh2dKnWRmaiOYkYwiseQeVRU97ic4NmjLfdWbZo5cFkgx90rH7N0LVLosmvJGQUQas7qCx0jSC12FLjqJHAahnCWPUiQ0u53/AFRBL/UzV90ESjjSigsIB4UywnFT7I89qs1Y7xJ6Rgf3wFRXH4d0FY4y0s0jM8BpwtKGZ7ogJHBI/NA7ZLoB6et+jzur6Av9M/RSPErOQTsVSyx320VGiSGVrh+hXsTamVmGuGoe54TpDBKNMsbSDzkZRRvmuxFmkz+LweQx9R10Th4wwffZT6bqqKXDZTkj3W/r+len7k0eLTtyONIwQs7cPhdRSRarbM5kmcjKbGyL/Ji/juh+LyQIr7SOwM8qW19JVDOA7IVNWfDq/UjtMQM22Tp7KtNDe6FmJY5W6TxgonKL6YDtnD/ciaaShp3EFrcfmm/w1pb5H4WYiu9XH9Ujhj3UpvUMzcB+T+avjtFfPCXrBbPo6ljuMj1ymOM7BpdHsmQX+N8Y1HdSo66ne3VqG6nIacZdMBrkH1NKXzAYBnZS9UD8HI3XTSUrgMD90DWQ+iIKiF2xduuCmhm+rupn8Op8EgbhANJNkmJUHtWCLJaonbsySoclvq486Tn7q3bHVsPnIx6IpkdtlqJSwA6oyM6WVsJ852T46tw5/RX4ljyPEjH3wgVFvoZyX6NJP9OypSyA6X6K5lYB9WERtTAfx7pSWLW7+RJj/mKr5rdWU7sOjJA7hEKlXJdlj4rD32TvDjdu0gKodJNFjW0jOeyK2qcADnBUST7Bc0uJFj8vO7aI7IZiqIt3RZQGXKaLHmUll2JwC9FJYB3Rl0MOoDdmPumksdsWhSBVRSHzDbunujoZcaRkocMrggClpD9TAgSWekkcXB2CfRWr6SldgNBB+6YKB/8Aw3KsZLxF9oqv4I78E7gEJ9quNORLSVRc4fhzyrd9NcWfSQR7oLjXxnLmZVbUXiP6K3xOoIMF0WpvfBTv45Ux7TU8zT64Vn8xUAbhM+b1HD4w78kUa4sijJv7WRqbqNrn6HSPZ/zbKc27NfuyYH80F8NvmH8ymbn7IBtNtccklv8Ayuwp8KQe62C4eS0bVTSDIcT6JMvN5oHh1JXTRH2cQqY2ypG1PdJWNH0gphk6ipn6WltQBwXKlVFAO+xfkbGk+JvX9tYW0XUFYwO5xIRlXFF/aH+JVBMJqispasek1Iw4/ZecMu17iOZ7QHgf0KUzqaldtW2qRhHOAoqolfO5dnrI/tO1lVht96Ks1SO+mJzM/plJ/wAb/h5XjTX/AAujaD3glx/oCvKo750/LxGxn/0wJrv4FK/VHUtBPYHZXKiL6LjY17PVo+uvgXcs/P8ASN0oPQxySO/ycnPf/Z6q/NSdS3i3OPZxlwP0aV5cKGjIyyTIPumPtkEvDsYQfxwvna6Z6tFSfCY72/4nzsI7Taz/AJ4UynobRJtafiZa5ndmTtb/ANSvGX2gNxpBPuuC24GM4VPT5GK+z0e4MsfUz8CO42Gt9NEwaT/9SiSdPdWho8Tpymlb2MUocP8A71eDmlqoXfy5HN9C12FKpq6+0e9NeLhH/wAlQQl/xBkNVZHtJnsM9grc4q+nCCOdMWf8kF1ltwGJ7Y1n/PHheYxdbdaUhAh6kug//uDhTm/Ff4hwNAHUNQ8ekp1IZaXAz+bF/lE3EvTnTkvMVMCfQKI7oewPP8t7t/8AuzhZiH4u9aE/z5aSfPeSDKlRfFi+H+/tdpk//tsf6pUqJr8S1rqf0XD/AIf2gHUyWbPuVz/YaIH+XVvaOyrx8W61oGenbbn1YHN/1T2fFcuIM9gh+7ZnJfw3IatVS0WJ6HqdOYblL9tRQh0jeWH/ALW8/wDiQG/FOAcUD2H0Dsro+K0AJJpJRj0wVSpa7J8lcvZLHS93OP8AepP/ADIjOmq5m5wT6lRG/FigdzTTA9yWp/8A7UaJ27Kdx+4Q/C/SBzU32SzZaxuASMfdIWUba4R+qjH4kRu4pIx92rh+ITX4Hh0h9jsqVE/0HCdUPZYx2xjcZpwceqN8qxo3o4wB7KrHWksm8VNQH/7d/wCq5/tPc5P7uhpP/Of+qn8dr0E74emWu48ugDHbC7oqgR4cYH5Kq/jV6d/8NTj7HK6b1fvwxQs+2ES0zKeoRbOjvBwYmcJv/wBcQ2MuFWNunUBBAkx9iEL5jqGY/wDai3PfIV/xmD/IRdZvxBzL+6GG3sk/zSfzVQaa/O3NyH2MgTTQXo4Ml1Y1p7mQKv42CnqEW74b08AunjafdyBJBeCdqiE/aRQ3WyVwAk6ghB95V2OyxHHjdSQAH/6IEXwgfOkSBHeBzKz760vl7qf/AIqH7eIufwu0wgGfqeH3/mhEjh6QiP8AM6oiPqQ5T4gPlQI090b9VQwj2dlcEVVw6Zx98qc2s6Cp8GXqTWR2D0j1b0BS/wB1VzS49sqvjC+aK7IopHkglzsn81MioZXgANduo8nxQ6Poj/u9BVTO9RHkKJJ8bIIz/uVnPtrjCv40T56/2XsVhrJd2tP6KdB0rcJtpKcnCw1T8b+onbUtvpo/Tybqsqvi98RaoYhnaxvbDOFPjQMtRBdHqreiqhpBfCxnuVMHTFPC0Onqqdg+68Ires/iPcSBJcpmj/CMKvlpOqa4657nV5O58ynxg/K30fQz4em6IZqbxSNwMnLlDn6w+HluGZeoKYkdgV4PH0XVyYlfOC925LuUeLoCIuzO4Y9lWwF2W/0I9dr/AIw/DygjJhqHTkf0N2VFU/HuwMGKKiqXHsNKx9P0Fb4xkfvlWFN0jQQbtaEcY4LhHUSJ9T8c7pN5bdasZ/rbhVFX8Vuta7aKjY0H0CtoenqVvkMbcKZHbKQbeGNlWEPVE/6mY2Tqfr6v+hxbn0QH0/W1dtU3CTB7F2y3zKWniOWxgFPLY/QIC/43PLPP2dIXipeJKmt1kd9ZypkfQbDj5rSfzW0DYxuGhMLweBwpkOOmgu0Zqn6FtsO/hNKnU/S9tiIzAP1VwC47BpRWUtTLxHgHuoMWlr7wV8dotkXEAKN8pSjAbAw442Cnstcuf5nf9lLitcTBkHKFywWqUuir8NgADWhqM2me87DdWrKSFhyGDKeImjgIG8BKpFb8jM4fTgJ0dFh24wVaaSBhN0j0SnPAcakiMykaBwnCkGdtlLSHKreEoJAG0jQF1tKGnIUxn0hJyikEoAhC4bAful4bvT91IaMrunHZEMVZH0eyJpH9P7ojY9+MorWjHCAjhgieGutZpOcKR4Q9EgxjTknChW1AhGR2XRGc8YR/EpmtyZWjHqVHdcaBn11Uf5OUJ0FEQ9F0RjOQoTuoLTF9VbF9tSjv6ts0X/HDlCFuIwNgn6R6rOzddWiPYO1H2UGT4gUTfopZnehxsoWpYNjkDuF0b8LBSfECtkOILazHYnlR5OseopP7umbH6YChW9no2D6FcO3K8xm6h6tmH966MH+kKGanqiod57hNv7qE3s9WkqIIW65ZWtb6k7IUl96fgGai7QM/8WV5NJYLxUPMxc97zy4k5Uap6fudO3xJYnOH6qxUptdHqNV1v0zT/TXeJ/yhVdR8UbTC3VBRTTZOBggf5rzLww3YgA/ZMczAwE2NbfJjt1Vi6PQX/FuTGKWxjPrJIMD34/ZVVV8UuoJ8+HDTxemGrIiXHZDMzT+FPVOUZLNXZ+y+q+u+qqni4iIejIm5/XCrH33qCYky3qqf7F+ygPqA3shukxymRpMr1Nj7YWR75nl8she525LjklBfGRuX5z6lcD8blMe4HumqoCV8vY8EdimHOEMOy7AOU8jI5RqtIXZY5A3DfZCRXYzuUNxa3sj2ZB+QZpPouFme2F3xWg7BLxB/SmQryJmDMeeyboA3wi+LnbC5sUz4igBjPdc8P2KlBjj9LST2XRFXn/hHH2RqrIvCIL4i0bIPy8oOfD2VsbfVnB8BxP2Tv4dcSNqOX9Eai0XgqfBPdqc+HjCtW2i4H/4KX/ypGw3NxH+6uARYK2plP8v7JCmB20/sr1vTdyJB8B36KTH0zcdv5JB91MMp1bjN/wALkdjQMrhsdSRnSFr4+nLkAABGPuVIb07cgRiaJo+6mGV/HT/IwZsNUDx+y46x1LRkj9l6G2wS6QXVUOfuunp95GDVQ/8AmU2sF6Wt9nmhoSx2CMFcdRL0l3SUZyTLD+qCekIiSBLD/wCZXhiJ6NN/YeeMpc9gk2ne38K3knR7WHIfGcqtn6eq4nFrYgQOCEW7+wqWisjyjM4e05byp1uu17tswnornJE8cFpOylS2WdmdcZG2VHFIQd9lSrjN8oBRtqNpY/i/1ranNdLcnVgbtpn8w/L0W9s3x+s9U0w9V2EMbx40DtTs/wDLj/VeHeEWnB2yk+MnBSrdDXPnoZDX21d8n1Rb7v8ADzqeCM2m80zZ3jaKc+G4e33T6zpmelBcYWzQu3Gnf9F8qDW0jBP5FbLpz4rdddOSh1De5TE3YRSHUAFhs0Ml+J0NN5OMn9/B7BWdP2isDWSQFrhzkrN3L4XSyB1RQS5HYY3U2zfHKy9QRiHq6zBkuPPUwO0u45Wlo5IqyAV3SF8bWw41fLTP87PzSfgsi+UbnqK5rKaPIq/pO7UEpZLTkj10qqfA+ldpe05HOy9nk6lkhf4PUNnc2POC4s7/AHQJT0FfJHQNkZC93Gto3SsN9lxVcv6sHksdfUQY8CZzB6tOFrbF8U+s7M1jKK9VHht4a+TVj7K6qvhhY6oukobg0DkNDsg/bfZZmt+Gd9pKh3yUoezkZJS40xn2DOtv8eT1Oy/2mL/DCyO72tlW5owXtk0OP7FegWT+0H0rXeGKueopCePFjJz+mV8tTWjqO2tLqm1SYGxcBkKF/GYonBlQXQu9CMJVmji/xMlkUmsn3haet7Feg0Wy9wzSEZ8PVg4/NXIuHiECVjX/AH3yvgSnuMmRLSVrmu7OY7cLSWz4o9cWPQ2jvtRIxvEcxEjf0IWSWhl/SVGv9H2hW2SwXiEsrrRTHnzBgBCqf9jaele02G7VNJp4aHZH6L57s/8AafvlC5n+0FpZVMGxkhOgj8sFb6xf2lOi7hhtTP8AIvPIqm4b+TkmWlsj2g1HaeiyTdcW0+GKaK4sHBZs4j3/APmLsXVUb3CnuluqaScbOywln/m7rlj65tl4Y2e3XGlqGPGR4MmVeNnhq8Odok9nAFZZ14eGU7MMgRSWy6gtZLFJ7E7hMl6fhzpbHgeyLV9PWqqfrZGaV/JfCdKCaS9W9ui3XSKsjb+GZ/n/AFSnWyK+BEns9ypf5tJUFwG+hyY26XOEBs9LsO4Ks2Xeqp9MV1t0sJP/ABA0lh+xU+GajqmjQ9jie22UuUXgL5E+iopr1SSECaTQ/wBFbU9aHgFmC08FRaqxUkrzKIG5POFWSWWqicRT1L2s/pJOyS44ZG0zUioOASMozJw4DhY0XC6UZ8KdrnNHBG6n017hewAlwd3VYyLnDPRpMhOYcZVPT17pN9WVOjqmYGs4yqwL2YJ2SmubqGCmxyNeMt3CcXY7KANfsBLE9v0lMbUVMRxyFJdIHbFvC6+NjxgtVi9uRkde0bSHco4qA87YUSSkbywboOmWI7t27KgHWi3a5pbsU3JzgKBFUkDdGZVjYKxLqw8kpdGyC17TwU9UEohQ/snjB4Ki5HohtdIXbSYARKWQHHJNyPVInI0k5A3wgtdtuUtY9UzcgdrM5dOjfMaqwTiln5LNWGn7BV1NeqqllFBfovAmGwfjyu/Nbc4J54UettlBdIvBrohI0+2/6q/k5wGuCiAbK0SQyNc08EFFirqilG5Lmjsqyv6Su1pc6exVRmpxv8u/kfb1UW29QwSyfLXAuppRtpkGCmJ57IaCK/dO17hRVFZFHUuB/lv2z9ioktDeLVIaq1ztmpeTFncDvhV946Ws9+YPmIWA4OmWMYe37H9FAoIOt+mqhrIaiO9WkHzsmaTUNHtv5kxSI0a+OS09RUwYHMMg+qOTZzSqiqtl0sLzLSQ/NU5PmY/JLfspbBa69onijfS1B3Ixoc0+isI6yoYBFVP1sGzX/wDVaYXOIiSSKmkuFLXkxtaYphzG7b9EaWn2IIIUm4dP0Nx/3iCXwaobtkacbqmFyrLVKaLqGJzS3ZsrR5XDsV0aL12xeF7Mx138L+neuaB1FeqIOO5ZKwDU0/6hfEnxb+BPU3w4uD6ylgfU2yRxMczW4Glfos3RNEJYXCSNwyHDcKjv3Tdvu1LJSXKkZNBICHNI9e69J4vzl+iajF/b+jm+Q0ENbHD4a6Z+V1VQsq/PGdEg5b7qA4uafBqGkObw7C+n/jZ/ZyqbJLU9QdFQmopw4ulpg3ztB7/blfOcwZUM0viBPuNwvqHjfNR1WNjyfNPMeD22Zl3+/TIcVTowAVKbUEgZVVUwTUmTgkYyFGp697nYlcvTV3xl0zxWs0sqJ7WjQuDZW7Yz91DmgkaS4hKOXDQUdsvijBC0cTMRE8Q5AdshVVLFUNw5FqYiHZaNkyJxBwUicMDozcOijr7VJG3xohqA5A/zVUSSSCOFuWaSMEDdU12s7SDU0w+4WW2vPRtpuz+TMw9oHZAeN1MkGNiFGeFz7YM31zTBDlSY3YxgqMugnPKySXBqTwXFO8PbjIUoEBVFNLhwHqrGIgtG6x2Lk6+ktyuSbGd1KjdkcKAxzW5KOyQNSZI69VpLJ25UcfWnBx9crqhp3ZCxOJAyU85Iwo8JxsSig5GUxBy6I9Q7DwPVNlj1s39E6oGRqT48GMEei0VrkyWSyUj3aZCMd8JtQMgEei7VjFSRwuP+kLfXwjy+sXDiCbypTSdIUUcqS36QtKORKOTiSSSJywL6CsPIXJeAux91yXgKEI7+VzsV1/K4OCs7DGHlNHKceU0coho4N8vKY7uiD6UJ/BVS6IlgBNjUCnMPlCY/lPgI4SkhrRHfgOwo9RwFJm5yOyjVHASprA2PQ6m5KtKb6Cqum5KtKb6Sm1fggLB55XWHJXH90m7ORN4M7DH8KmjOkKFgnThT4zjCJCJScCTCdIzhavo6EzTayO4Ky0WCBst/0fS6GeJpGAMrbSsI5WuliDZqS0MGxH6pkAL5ms91x+T3Uuzw+JWs74WldnmbG9uTe2yF1PSxtPOF2reYqeSb+kEozCNDQPQKp6oqHx2407DjxvKmIwt5mSehKeOVstc/zPkcTk9grhjvH6i34ZwELpykZb+nI3sHmA3K70xpqHVNW8ZeHluU0VY3KWS9nIydwhUjf5mvGQEGR2XHdSqAgU+SM7ogAkjtT2tCkDyRD3UKLz1gOdlKqTpwAoLAPdvwoJeJ69rXcN7I0ko32QLThzpJ3DJDsbqiYwWT36cKrlLqmvOr6Y+FKqKgHIHcINNHsZCcajglVJZJ0UvWdfNQ2mTwSAS07rymEl0Ukjt3u3JWs+I12c6sbQRy+Tg/ksjO7wYA1vdcbyd+IOKPe/S/jnNfMwlmBFZnvytLG3U4AjKp7HC0t8QjzHur+Bmkhy+ZeUtc5n6M8DpZVaeOSbEAGBoGyU4cyInO5To3bYwhVsnlA4XnLpbmez08MRI2rzKXEBsobPqCmRjICUzZGHJJZvnZcDMEHPCfFwB6rgbgn3VDEZ7qOoIlAA2BVXTVJc7B7Kb1B/fO+6o4yWuyu1p4f6SPIeRuxqGjQANe0EJwDc5J4UKhq2E+G84zwSpDhuCDsmqJk3powXxY6UbdKD+KUrP58exaByF4cBjynGV9XupmVMZhlAcHDG4Xzn8Q+nH9PX17WRlsD/o9AvQeM1m1/GzxX1HoMv8AlRX+Sh9x2Uy3zujlDlWtfgY5UiN+kjZepqsPEWQU0aaGVs7c4CZKNJ2CraOqIOCrQDxIw5pXQq+/g5047GR9Pulp904g54SWjaRSyJJLBSwVMBZHRkB26sYCHAeyq8EkKZSy6CAQiHVWbZJFk1gIIKa6LuAnQODsbqayLV2SpRydaEVjgq3gs2LefdHieQQcKRNRk4wEERFu2MJbRpq+wmU8uNIV1TSbDfKzsRw4K1o5wMAozpVWZRZkYRUEO1jKMOVDfW8j8FcLfZGa0EZIXdDfRLNBAkhHcbKmulscCZ4W/cLSOjyhyxZ205BQYAsr3GShwMajuo13t5qY/Gjxlu6s7ha54pXPjblp3AHZRmSaRokBB75QNGK2rjBmBFoO+EaM6ceyl3O3PZmeE5byQOyrGS42wkyjkwOE65YaLq2VpjlaTstRR1TZwDkLCxvLDqCubZcSwhrnFB0b9Pc4ySZt6eUDClsfkcKkpanLWnHKsIpQQESlk71c9pZMdvwjNOQoUUgKkRuyERthLJKhcQcZUyKQ7KC0DucKQw4P2UNNc8FlHLsMkbcZKzt9+HPSd/1SfKfJVB/HF9BPu3srbWTjco8TscqAW1Qu4nFNHifUvwfv1vc6W3xiphHdu+ywlZbK23zGKrh0nsvrKGfy4B/JR62y2K8sEV1t8UvPm0gHPqgOHqfp6i6TlB4PkzSONSWkf1L3bqH4G2asL6m01j4nk7RlmR+uV5/fvhB1fa3B8FGamAfjYCP2QHnNV4XU0N4i2kYnT7rmB6o09FW0kroKimexzdjkIcFPNPM2FjSc8+yDbk5c6ZQ4aE2MvOGeY+wWhttnZStE82HPIyB6KRRW6Kii0xty/wDqIUkZ7lNrhtKUcdjcYK5KeN0iQFFqHDGMp5JcIDWztkHhtO4UENPdOmGX7I1LCXEHCZGaRlk9zwdpYSTkhS5ZGxMAyP1S8sbT7KqrqrOBlBY/0HhoHVVBlkOCUEEYIymNOokpgYfVZZt5KY527iQuYKHyUjsl/I/0XkOMZ5TXOA3JTYhPK7RDEXZVnRdKXq4SBkUB9yqcnI0Vaadv4psqJKgNyPVcZBNOfJGXD2XpfT3wO6nvJY5tokdG7h8nlb+q9Ssv9mytMDP4nWw0m3EQ1kfuESg2dbS/T+r1L+2OP8ng1hsDGEVU7NzwD3Wwt1gu11lFPQ0MkzzxpC+iLH8Iej7MQ2SlfVhv/fu1H9VsYKWhooW09DSMgjbw1oTMYPTaP6TcObpf9jwHp74LdUXIj53TRRn8Txq/bK9FsXwQ6at2l90mlr5BzkBgz+S3/jaNhuiCQOGeFR6PTeF02n9Zf9zlBRUdrpm0lBTxwxsGBpGCj8qO12TyjNIToywdWqmNXEVg4npiejHJZYs4XclcSRjNnsJqcO6QcSdykN+VxNhhlJY6DBwI3IXcj1CBkroJyrwXgOuZHqE3UA3c74UcuA3cdlMAt4JA5UKvusNG8wxEyS9mD6iolfc3y/7jadUlU4/UPpZ9yp1nskVGRWVMxnrHDzuduB9kcVkS5kWisFRWzxXa9nW5u8MPZvoSPVaFgGE8jPdcaB6piBfJ1cPCRcAhSP1BPSIdc7Gd1FLiSV0kk8pj3NAQiJ2JHZBtkEKmuV0gpWF7jxsE+8XWKggLpJA3I2GdysJU1NVdqgvdkQ5wAe6ZCGWc3WahY2oZcLhNXTHznQTsEait73EEjClW21MLy/09Ve0tE2PA0jAWyCwjlkOitYa0d1YCFrRspAY1g2wFFra6KjiMkh44Ri7LFDsDPpiOTgBY+93t00r4aXIHBOV273aavnOh5DB6HlQGRBh1EblHBHH1Wt3ZhAjRU4kOqZpJR9LYxgBElkbGMBqCcu3wtKSwcixjSTnlNJ7LrshMRJGWUsnRuk/y4XEMv9QiEjyo082gYzgpVNUIhqdsFmqmsqa+r0Qk6QcEpWfQqUsD625z10jqSB5BHJ9ApFtoG0o4BJ3JPJXaOkLH5c33KJX3CChi8STAx2yqbwLlNRWTtwrIbdAZpCABwPVedXe9Vt5qzS0ziWE7kHhEvF5rL7VOhhJMOcf/ADFOtVrhoYh5QXnckpMpbmYbbd3COW22xUEQAALyPMVMci6fdIjHdFFCfeWASTy09gk1pByQiIm/YNrMuGQpLYgBsFxoAA2RDKNOnCFvA6HJwDCc1ms4zhMAyfupsNOcAnlUaIwydgg0NyVKaAwebsmtGjflRqyqa4eCznuVBv4jamodO7wojt3KTGBgwAm07C3JxyjHblU3gF/3GSSCMZKxPUN1lqZDFHJ5Qd1YdR9QN3pKR/Gz3D/JZWRznZJKx3WekZL7FL7IgM+iWcpHlJY5ScnkyCTE9MS5RyMQkanhc94wmxxFxCu7fRYALm4wrSyNhDcdoKFrQCW8KVM9kQAHZOeRGNLAhtpXyvDiSAmKts2fbGCjFEWoM9U5sbPKBuSplNbwzDjypUdM1jd2jKIGkK3HAK55OsGBgHhMfk90/OAUASEk7K9uRq+0f3yShu++E972saXOOwVdX3WCnZqadx6FTKXYxWxj+RPbtuUKaugaDqkAws9LeKiUbHAKgzSyTOy552Wey2PoXZqkvxL+qvjIsiN+6rnX+uJOl4x23VfpyBk5wuFm/KyzvkujNLUzZNmulbONL5SB7FRjLJnPiO/VNR6Wkkq5NEY/NKrlO2aSEW3trkdTQz1sgiblxPOey1VttsVDAGAebuUrZbYqGIYaNZG5U4DK9Dp9Ns7ORqLs8HAANgknaHeiQaQdwtsYpGFvkdp90tPunZyAknqsIbp91xwwE9JT4yEd7Cc5CC5p3wpmR6LhDf6QlurIZCDpY3amuwfZXFtvEjXiKodlp2z6KuewHhRywtSJ14FTrUjb5DgCCDnhOIwsvbbtLBiGV2pnYlaOCdkrA5u+VmnDBjspceg6SWoZxlJLFD09DyE9WiHUkkkRDapJ6S/O0W8n61aGJgOU9Dam5yKkkjmkDtlcIGNgnOXE1coU0sgiPRLBRMBcIGFZTWQKSeQuHhXGQGECSXSDlLBTlPHIt15BpLuClgp6vxwC6UzuQmeLk4wuHVhMJd6J0LsGazTRl2Ew3lNcxh5GUwH0z+qWSVrr1OTJZoIsa6KD/uz98oRh7jhFI75z+SYXY7LVC/kzW6GKXAB7COAkGkImvJ44TTI122MYWuNmTnWU7QexQnNpz/etBPZEc5o4Qy5uTlEIa2sgS0OlxkpZCxyfFX3GhwXnWPZTNsYCFM0EcpM6oz7HU6uyiSlBkyHqClkYPGbh3cELs1Da7o3xIi1kh7hUskAz5WgJjRLTuD45C0+xSXpYpfad6j6inn/WSaLZ9kqqdofS1BLmjGMqMKyupn4nY4junU14qIRiTzYU9l2opmh0rAHd8hZJ6V55R39J5Wm1JqWAEVyhLcuJz3UmO46gAxx24wcLpt9DUfzY9I1DOxUGaklhcdI1N9lkt01a7R2qdfJL7WX8HUNUxgZqDgOMq3pOp6QRjxWEOHO6wzJHRncFIVB7LFPSRf4nQp8o88s9QpbhSVLAYpWj2JUppI43XlUdfPHgMcR+asIOq7jBGIxISB6rNbpbIo6Nfkq5dnpTHc7IrTkrH0HX1H4bRUwPDxscHYq6oerLHWPEZqvCcR+PhYpUyRthq6p+y6wHBLTnASZJFKA6OZjgeCHBFMLhgYO6U012MTT6BtjwcghEEkzMGNLwXDcjH5pwdgKg0mEbWzf8U5TTJb5f7+MOz6hINBOEjD5c6QFaeAX/AHAz9LdMXOLHysbHuHIACqJvhTZ5j/LqXf8Amyrnw8HYYXY/EYchx/VT5JZymDKqEu0Yeu+E12gnd8jUNdGd2kqlq+juqqHZ1veRnlvBXrja6ra0MbIcdlLjvD4mhk0If+aYrp+2LlpoPo8Knor1R71NLMwf8qZ89NGBqe4H3K95Nbbqjy1VI0tPOWgqNUdOdF3JuZqeAZ9g0q/l/Yn4GuYs8VgvEzHag/PtlTYb87UBI3AXpVT8MelZ3/7q50ZI4B2Kp6r4NVTyX0dxDWnhro8/vlWrY+wvjtXZmG3WndjO5RWyU8mHB437KXX/AAp6kpG64Y2zDuGggqlm6V6ipP72imb+RV74emEo2L0WjWwuGnLSm/LMactOcqk+UulMf5sUjceqeyqqYz9Z27Eqty9F5f6LkwzZzFjHdIBw5B2Vay51DeSpLbxkBrnfsj3It5l6Duhglz4kIJKiS2Wmm7FufRSoq+mO5dklFE8ZOR3U3NdinCH9SKWXpZxJdT1O/o4qDLZ7lT/UzWB6LYROaiAtO2USuBlpIS64MI51VDtJER+SdHVEZC3XykUg8zGn7hR5LJQycxN/RX83At6SS4Rkm1zwRvlSGV8xGzlcydKULn6mOc3PZQpOlqpr3COXLe2VcLV7Alp5x9AW3GXfLwfzThWNOMoUnT9wj2GEB1srmfU1W5xFuM16JwnpjjXhE8S3kbsG/uqo09SNnRnZdMUoGwwVN6LUnnGCyMNC7g79kz5WI7NcPuqozzg4Dtk9tVKDyVeUVva9FoKcM3CaYxjjCh/Nz4BD+Em10uwJCjQTnH2StD+NZTHU4dgloOPZD+cf6hdFY/O+FezIO+v0J1FRyDElNGf/AAhRJbLQ5yIw37BWDJ2uC6S1xB5wrwylGMuip/gcbjllRM3/AMZS/hFdH/cXB4x6kq50sGMcruM91CfFFPKKP5a/M4q3OH3XfFvTPwuJHq1Xqc0/sp0FtyUPz12G0lOwgf4U03ScHzxAeuAtE0Du0LjooncxN/RURVsz4urMeddFdTvI2KuvkaN5y+nZ+QTja6I8QtCn+S/jKcTU+PqSDoM5EhVmbRSE/Ql/A6P+qT9VWET4ytL4v6gllhGNQ/VWJsVGTs+T9Uv4JENg5VKWCfGVRP8AiXMe6tv4RH2K4LUf+8S0030XsK7TnskNbTluysv4S7/vAl/Cjnd4wi4j0Xhlfrm48QYXQN8kKz/hUeOd1wWvBzrGFN5UoNkFo0/QACnB91H0OOPurJtviA2bk/cpot9Vnyt27boW8kUWiAZruf8AjP8A/MV10t2J/wC0Px/zFWPyVSOWfuuGinIxpH6qm8hckNtRdds1D8/8xRRNdXDBq9v+co/8OqNWcon8Nn9AhCI2q5firCf/ABFdAqRkmY5PJ1FSf4fUDhc+RqByVAZJsi+JU53lSL6gj+9/ZS/lSOSF0UpyqwRJvgg6KgneX9lz5bbJO6shTjHCcKXflDgL4mypNI55xp/dEZZwf+HlW7KVuMgIzICfZCEqipgsfHkH6qVHao2fWzCtYKU85x+akMiGTkcKhkKovtFXHaqfuwKbDbaccBS44W/0ojYh2CW7McGhUpAW0gA4CI2EtxhSAM7BEEYPsrfKDjUBELDuWogjAxkcIrYiTwjindgYCRl5Gwrx0BZGMcLoGOG/upLaWc7eHypDbZMQMjAVuTQ+MSv2CarcWyM4Mm2EVtFAzGG8KLkJwKYQyu2DCni31Tzs1XLI2MwGsRjlrcaVeCvjKiO0yPH81qPDZ4GEahn2Uwk/ZJqCT2hKKQhTwtbgNbt7Jgbg7bI5c3sucb5QpjlFDNJPKfoGMpauwamHKj5KcUuRy63crmk+hS2H1HCXgVhILoBCHp90vmadm7pQFEnv9rikLBPqIQtYITtPuuhgz9SpZuqKWNpMTNZVdL1dXS5EUMTAPZRRyQ14Ztymucxu7ngLEPvdzmz/ADy3/l2UST+IznL6iXf/ABItheDfm626HaWoGfYqPN1Daoz/AHyxMNvqXnBBJ9SVOjslTKAMY/JXtYT47LSXraCN7mxQuwOD6qLN1xIR/Kidn3XafpGaVw17/krWl6EJwdt/ZRxwSbyZ5/VV0lOWu0hR5LzdphhtRhbiPoQAAnSp0HRdvjw58Y1eytQbFqR5iTeqkFrpnaT6FNjslfUHB1HPuvXWdP2iLYwDZGFvtkYHy8QyEWwpvk8qh6OrHjU6nJz3UuDouqcd6dek6GDZoGAkW7KfGUYBvQhODLANvZT4ujqWIAaRstYQc8H9V10ZaASOVPjGLgy7elqZvDGp4sUDeYWn81ocO40rhae7VWwrekUgtNOBjwP3T22yBu4hGVbGWmYP50jWfcqHPd7XGTqrYRj/ABKbCvkRGdSAfQzACa6CDGl0WQfUrk3UFtZlrZvEJ7M3UGW+aj/Lo3/cpkaWypTiVF36IpqzVLRERyc4WCuNLNbJXU9VGWuacb916ZJdbo/Bp442/cKvrqCS8OJuMMTtudO61Qr2nO1CTPMxLq2A5UeRzgdgTlejf7KW2PGIgUZlioYcaIR+i1wqyc6xJHmLmzOIxG7P2RG0NfJjRRzH30r07+E0Yx/Kb+iIKeNoDWxAAJ0aUIaR5pHYrpMAWU7h9wjs6TvEuN4hn/EvRRAztGP1XPAYDnQESpyxMzBt6Hux3c+L8ijs6MrPxTM/JbhrAOyOxjQMYH6Ilp0wFLBgx0Yc+YOJ9gjR9DwE/wAyKV/3W2bnPKK3ONspq06RbZjmdDUWP+zHP3Roei7bG4Olg2+61ZPumlzDyQUSrwBuKEdI2NrcmjyR7rren7Ww+W3xbeyvQB6JA7fQr+MmSpFkoQMCihH5JwtEDTkQtCs9PsuHAGcK1AmSu/h9OOIWDCaaNwOABjspbqgg4wuGqOPoa77hVsBlNRInyb+QB+qE6llHAH6qWax2doY/0QjUVB/4NPj7o1V/YD5UiGYajO0jQieBUkY8doTpamZgz4EW/puo5qbhnLYYsfZWqsA/yYHXUMziSZhugT26oxgzjBT5Z6/bMYH2QJJKx4+kj8lfx/or+TAhyWkl28nPO6BJZiBkTfupkgrD6/ogvhrfU/oiUMFfNkhut9QNhMmspZGHzyj9VLMdV3cEJ8Lz2Ofuo4iZXtA3F7eJHfqgvq6huNMn6o4pajnT+6a+g1f3gwq+NBx1E17A/MSykCQtIHsiCKkcPNE3PsE5tCG7BNdSPbgA7KKCKlqJY5AzUVJJwxoP2VfUWdzhqhc3bt6q2+Vfp2O/3TPl6lpz+iZsM0ts+0Z19tljxqYm6Bj0WldBO762tKjz2+GbJ0hrvUKfGZ5145RRMbjhT7dX1tvnZUUlRJG9hyNLsIc1DPAc6dQ9QuNeMBukghC6FPsVGbreUeg2j4o1uBTX2FtZARg+INWPdWzrd0/fm/M2iqbDMd9BOMFeWhwzuplJXS07w+CV0bh3BSJ6JLmKNletj1Ysmor6W/Wtx0zStaOC1xwUz/bvqahZpbUE4xjVuu0nVhqIxS3MeI07Bw5Cj1jaeeQimB0+uOUtafPE4l/Pt/25vH6LCD4x1UGmK9W0yM/E+MA/stLQXX4adXvDZoYYpXAZ8YCPdeZ1lFTkFssYws/VWtjC7wXOAPYFR6GMvxL/AOIuriayey1/wetlRUmWxV8kORkb6gPy9Fj7/wDD7riygvpJhUhu5w3Bx9ljLf1L1d020C1V0jI2/hOSCtbQfHiqiYBfaBjngYJi8mf81nn4+yPQyPktPY+cxZUC6XO2sb/F7VLE07eIWbZXXX621AMcsbR+W621H8Uejr9G14rI4D38YAAe2VDu/R3TF+zPSOgaXjOuCTAP5IFo5PiaGz1KSzGaaMrRs+UmFXbKyaJ2Mh0Mmn/JbywfHz4p9HkPNb/GaNmwpq93iDH/ADcrza49H3K1Pc+01jntbvpzkYVSy632gd4ldTl0fB2ylvxqt6RmetgvyTPrPo/+2B0dc3Cm6uoqmzTAYe7PiRg+3BxxxlezWHqnpvqanZW2C801bFIMgxuGfzHZfnWbl0/eh4Tixkp9dsFPprd1BYalt26SvM1HUxbh8D8OPsslvicesFrV1y6P0r+YlDNBflvodwgSQ0Mrg7T4UhP1xnBXxH0r/a2+InSU8VN1xQC6Uv0vld/eEeodjAPPK916H/tPfCrreWOilvkdluDxltNXuDAR/wDTPo/dcvUeNnDpDlqa/wBnuMX8RhA+XxVsbyCfOB/qpMdzo5cRzRmmfwRO3SCfYqhpK5+hlRR1IcwjLHxvy1w9iOUeWsdVDTWMZM09njK5dmma7Guz9F94EMjdQaxw9RghVtbYKafMkLfCefTgqEzxoCH22fw9O/hPJLSp8N8cSG1Ue2OR2KQ6Hjgv5v2Vr7PXUo8SGXUR2BTRcaiM6Jojkcq/hq6apdpa/BH9S7LQRu8zo2uz3wkTi4vkYrUysgvIAGh2kjsp9PdPGwHnKgz2KOVxfE4sJ9lENtuFO8ho1AcEIAuDTxvbJwQjZCyEdwnp3jxNTVbUd5jeA17s+u6jAlHb0Xen3QfDDsglJlVE9uWuBz7puR6qC2sgpI8cIOl7TlTCMpOaNOMKskcdwBtQ4bYUhtRkDjKjPjJOQhAOBzlXkmxFgACMgpuSgtl7YRfF1fmohbgh/iu9E7zEgEoJGe6Wr2V9luCJQdt9YTg485yoQO/KM14AUS5FOJNDyfq3Vbd+nbZeGltRTMHo9ow8H1yN1Ma4HOCniUDkJieCjCVtn6j6bdronmvpBvpJ/mgf6qTaepaC4xtdFUND+C3OCD6LaOdnhUN26btt2e6aeEMnPEsXldn39USfJB0bWyHVhrid8kJ5227eiz8kV/sWkSj5ynacB0Y84HuFZUN3pql2Gv3I4J3B9Cm7hUo5J4nFO4bYUstoa6HwqmNkzXDBDhlRgIZ2btyUOMeC4lgz7LRCxxEyi2VFytFysJNZ08109Oc66Tk+2lHtF7t18pmkSNjmP/CccOCu6WrxsdsqrvvSdLeB81RvFJWj6Z4xh3545W6nU4fItwfRFulhiq2bsGQOQvlv45/2Y477JNfekgynuLcufE7icen3H+q+l6HqOpoZ22XqendTVAy3xxvE8DuD+atqmjinjLJY2vadskZ3XofH+RtoluqZh1GnjdFwmuD8mqynrrXcH2TqKifRVkLi18b9yCPyVNdrZEzVU079J/pwv0R+N/8AZy6b+KFqle1gobwzzRVgbkH0DgF8J9Y/D7qv4d3N1j6rp/DczeKZwxHM31a78S+meK85VqcZ4Z4jynhJxhysp+zF0dxdCBFUEkA4B9FdNEhYJIJBgjP3VVVMpbhmOnIEzfTbKhxzV9slDJS4A9jwvXQ1CPnuq0OzLrXRpQ8Obh4GcIDoyCgxytkayQO2IUkyg7Obv91p3bkc5QkuxgdpRCdXBB/NClHGExmRyhayWCrbVS1LCTEGuxy3ZZOrpnQSuYQRg7Lc7EeyBU0NNVNxLE0n1ws1lKkjRTc4vDMIW4TSMd1aXK1yUUhIGWHgqvPC5ltO06tdqmuATSWuGCrKGQEAZVW7IOUaBxBGTssVtfs2VWutlw2QnlwRmEg8qvjfkDdTY3AgbrM0dymzKTJbTkIiixuBA3Rgdks3wtwOaSDkIudhqO6jJ+r3RxeOxnyD5hhiBDJnbHdSHtyFFAAkICcjPPsr7k0io1DuhNeXN3Uq6eWHOMlQWSeUYC2VPg85r1tsa/Yj9YKlR/SFHk7IrSB3WlHKnHI9J65kJSDUMK28ixzSE88KO0nOUZp2wmJ5CBycH7ITPqCLJuD9kAJQI6XshZCIeUOQ4KGUsDAiCeF0jCaBgqnyRcAZmnPCbE4nIUiYDAx2Cj5wEvGDRF5GvGX7lAqBjByuvJLuVx4yBkoJRyGKHkBWtHwVVxfUrSj4P2Rw4FWejrvqP3To+U131H7p0fKIUSoxnGVLj5CiRchS2EJi7M1qyTYI9eANzkL07puIR0fGMgLzq0M11LQRkbL1C2xhlEMDGWrbU8o4XkLP6CRKcAH0Vz0zT+JMJfVULiTyVrekoMR+Iey0xWTh3LFbNKwEbZ4VLeS2vutLbo8lzSHOx9+FcjA82dsqnsgbWdQVNURgt8g9sckIznQ5WTQXiY0FjMMRxjy+6kdOxMgtIMY3eMknklU/VTi5tLSgn+ZKFpY42U9KyBuwDQmJ5AslhgTn15U2MeFTHV6KIw6pmgjIypdTvHpHsiAznkVGHB3in8kSqdkAErrNLYw0HgKPUO3G6sWuyDcZHRwkg7nZSqNrY6NhDd3bkqsvMhzFEB9ZVg8hlIxmN2tyrY2SxjAOZ+XjBBSq6ptNRPPsgUhMrPEPuqvqitbSW+Rxd2OyFtIOEN8lE81u9UbpfMl2QCR9kCvYWtaFGtzjJXuf6klSatxdPgnYLyXk7/yPtP0zolCEIlvZmlsTThXsLDhV9ujAgYCMK0jOBwvm+unumz7l4+G2uKCMGFDq3F04GdgFNP0lygOcHTuIOdlxpcs7sOEFj5U2EcZUCEYdyrRgAaMKSWDVWFjA8UZ4wVwclcaCeOUPO5GEKCnLaZq+HMxwqUsHGVb3PzVTxlUVRKYZtGNl6HTLNSPAeTs26mTHuDgMg8d1a0NUKiIA4DmjBVbGfGaT3QYqh1HUh3YnBVuBkrtyaVh3xnCyXxR6Wbf7JrhiBqIcvDgN8LVU746lrZIzsOVLc2OaIwyNBBGN02mfxTUiX0x1MHCfTR8hYwS3O/8AmjDfhbD4o9KPsV5fVxs/lTO39ASsWASF7HS6pTgmfMdZpZaW51Mlxy6CMd1c2+rDmiI43WdZnVzwplPOWEb4911qLsM5V9e5GhkYPRATqSbxYw15yfVFfDpGR3XRUtyMOXBgsBcI9k5JEngmRYyk04cEktOo4yrDjLnJOp59OMlW9LUB+BtwqAMOxClUkjozg7oTrae79mjEbHNzz+ajTQtG+F2ik8VvKkPZjG6A6cJJ8lW9paUamnIeBhHng9uyiBpY47KjVB4L6jk1t3Iypg5VFQ1BBAdtlXkDw9oIUOlRPPBIHC6uDhdVo2BCAeU0gHgJzk1LQxLIF0Ift2VDcbe+CUv05aTstNoPZMdDqaQ7v7IMZFWVbjHPiwNLm7HsqGvoxTTa2t2ct3W27MZe1nHoqSppo52GJ7fz9EucDn6ipx7M3G3VthODnRny7FElhMDyzGQE0jKzWJmPO18F1abv9MFQ7H9JWjp52uHlIKwbH6HAgZV/aa7hpPZCmdTS6qS+yRqY5CVOhfloCqIJcgZ7qfHI3ABRnbqtRYsdxupLHDsVXsdngo7XDbdGa42InNcPUI4I0jdV7CdQ3UhhOAhlLA+uRLY5wdypUch22UBh7KXHwCqHrBLbIRgBFbIXH39VFDsIgf2woTsLNQ22rDXVdrpJnjbVJGCVSVvw66Qq5DNHbn073bnwpMNz9sK9jfkcIwOVEjO9NVLiUUzCVXwgtNQQae5Twj0I1f6hVVV8FqpoxQXeN5PaUEf6r1JqK0ZcFeDPZ4bR3/lDH+DxGt+DvV9PvAymqG/4JP8A0VBW/DbriAnNjlcB3aV9J+LoAGOUVtRg8IjDZ9LaSzptHyu/oXqxpw+wVm3OI/8A1RIuk+oWDSLHWkjt4X/qvq2Kr042UmOvAHH7KpSaM/8A8IaZv7ZNHyU7orrKo/uOnK0j/wCln/RAPwr68qjn+A1Df/DlfYLawE7p/jsHDcIZTcuxsfpCiK5mz5Fp/gn17MQG2iUZ/qbhXNF/Zz69q8eJDFG33K+ovHb3GUvmB2CBmqr6S0X9eWfPNu/suXSU5uNzp48dmuwT+61lt/sx2WnaPm68SHvh69cbVO9SnfME9lWEdKj6e0FHUM/5MlZ/g10TadA+V8XSNyRstjb7T0zZY2mgt0QlAxkNSEuRucJnl51fsrwjp16LTU/hBImmqBORDGwewS+aOCAOVEyUsn1RmmMVHhEkyOJzlP1DsowKeCMcqDEkFJynZwmJ2QoEdHKKCcIQ5RARhGEOHKK0jSNwoyJt/UpjJAiSZkJZCakN7DJJiRIHKNcdASe0MuEhNB5HdU9Z1BTwyGlo3fM1PAYzcD7p2GLdsV2WtRWQU41VDwxnJJVaTWXtzoKceBQDmQ7Od9kyhsNZWTitvj9QO7YB9I+4WhgjbC0MY0NaOGjgJigJlPPQyhoaWgiDKePBP1OPJUxhA7Jq6DhM2Ah0IuJ2JXCQELJJ2KJII7IXbbrjOTkp54UOrqaejjM9VMI428koxdliguQ8rtO3OVn731Fb7XqjdIJJT9EQ+p32H5qnu/WlTV1HyPT0BlaQQahx8oVDJi3SC43KXx6vseQD7I4R3HJ1WpUuEMnNVdK5tVcQ4NBJbHngK2pqfxsNY3S0bbKNR0lTXyBziRq8xPoFoKalZTgNaBwtEIbTk2T3MJS04Y1rWMxjlTAA0JjHADhRLjcIqWLU/wDIeqalkCctvY+uroqSIySEDHA9VjrrXT1z8ufhp4A7J9dUTVkviPdlvZueFGZEc5KYonN1d+Y7UAZT4wSOfdKciBmrIz6KTKWRN1OOMKte51TMXNyG+iOMTjTeBgc6V2pw57ImkNHC6GNYPsmGTY7JhmlLI1zgM7KOSSScIrn4PCGXs5Lf3Vozs7qUGtqhC3OQESrqvCWZq6p9eXMicTvj7IJPHAtvBIq691UPCY7PZTLfQNgiAaMk/UUCzULYyXyjJ7eysLjXQW+m1OIbsgzgTKSjyR7hW09spzPO8d8D1K82udzrL/WmCB5EQOHEf5It6u9Z1BWmCB5EYOCewClW+hipIwyNv3PqhlJyMN9u7g7S0DaNgazcnkqdG9xAGFzTqG+2EWMBo33VxiZf8nUkiugHKaE5HcAlODB6JDhNdJp7IRkcYO6fdCcS52AOE8Satsco9JACS8hAMjnIeipMDxZcewUrw87ByHqJwxox2T8iAebcndQ2xXA2b+Uwkc+iBFCC7WRuU/S6WXV2PZSMBjcY3CpvBXTBMa1uSeFmOpeoWMa6io378OcP8kbqDqGOFjqeB2XDY4PJWLke6Rxe45J3Wa230jLqNRn7IMETk5zlcXTuuLHJ5ZhGpJJDdCWJEjic4/TlEipnOLTjlWlHTiPA0jKtLJohHcct9uc1zXuAPseytnwsji8vITGnQAAOUVoOBnhFGBrSjEA2CUuBkbsVMZG1oGyQxjddMoAxpTksdl5R3hM1D0THTY5CEXdy7H3QzwLdiQSZ2BtuoNRXsgGTyoldcnMcWQuzjuqioqJZSTI7KRZZt6BlaS6y6yS5DHYCqS4vJLt02TJPK4w42wsUrHLsVJ7h/wDquYwu79guZPokgNpD0sgclInClW23uuD8aSADjIQKErpbIrkGc1BZZyiopa2Tw4x9zham22yKijHlGruVIo6CGjhbHG0Ajk45UjT7r0Wg8bGmKnPs5mov38IYAc5IRAlgdgiNXU2pcGKTbfJzDf6f3XMDsEUDC6rUQQSSckmBjUk5JQg1JJJQgxzUJzMYOeVITSMIJw3EIhbnup1FWSQkNL9kDw9uVHI0uBOyyzryVNKSNVT1jJgMOyVOBBGQVlKSoMRyrunqtQG6yzhgx2V4ZOBOrGchEHCDGQSDlGBACSKYRJcyF1GUbjBSRvKQgnlfniMT9ZbxiSSSbtZMjElzJPCXmV7WKycSSx6pYHqmYJk4QOUM8ohLccoZ5UwBk5gJYCSSJRZMjMBLAXVzIVqLKckkMwFwtHKdnfCScsi2m2CITXbDdGOCo7jumwbK2DCCTnCRaTyn4CR4T42OIudSkALPZBMTlKcMHC4QFohqJpmC/SQkQXRv7hB8yssNPZCMbDwFsr1K9nKt0b/pIWt3qh5KlmIZ2QjFsVpjZGXRinROAAjKYY0Qs34TdJRZEuOOwRYhyx8EBSMYXHAHlTskW49MjRvqYnAxSuafupsd1na0B4DiFGLfV37LujHdBKmMvyRuq1l9XUixgutM92meHTnuFIkpaWca4JGgn0KotXIQwXj6XkfYrLbpUvxR1tH5iyqWZ8l2+3TMbqaQ77KHJBK3Ic0hNprvV07dGvUBxlT29SU+B8xSjPchZJ6exej0un8zp7+HwyqczSck4TNZZu3GQr3NnrQJWuDS7shTWdhGqmIwVilppZ5R0oWwnzCRXwXe4wkaKmQAcAOKvbf8Rr/SSDxHtmA2GrkKqdZqpudlFkt1THyxZpaaD7NkL76/xkb6k+KbM/77ROcD/Rgq/pOt+nqwB3zYh9Q/kFeNyQvi2dkZ91wAA6uSk2aSv0a6vKXJ4me80t3tNadFLXwvd6asKdGWuzhwP2OV8+NrHw4Mbi09iDhTKPqS80sokirpQB21FZbNJL+k3Q8nCXZ7wYjnOD+i65jcDsvI6b4i32HBkn1gdirmj+KkmAKyljOOSBusj01ieWaoa2uS7PQ2MB57LkkY22WRp/iVZ5NnwzNJ9tlaUvXPT9Tsakx/8wUdckMV1c/ZcOaBjfK45rNhshQXuxVQHh17DntlTGR0coDmOBz3DkDjLIWV6ONZKWBrXkD2T2yXWEg01bLn3dsnfw+Q7xVUjfz2Q3QXCLZszZR7IHFvsaiVFe79Af55jnZjjO6X+0xYcVdodIP8Jz/moBmqoz56ZzvXSuNrmA4kgmaf+VCNXRZ/xrpmqGKy1Obn+qMJgtXQNy5bTxE+nlKiNrKKUYeB/wCIJrqS2EF/hR/lhFuZWxEiT4edFVe8FZgn+mfH7Y3UGf4Q2twzTXANzxl2VIba4Hbsy3/lXG26Vjsw1tQCO2solY0RVopqr4Q1bDmjuFOfuoMvwx6mhB8N9LL7B61zH3Wm+ireQP6jnKPBeru06XiMe+FfyyfYToi+zzyforrGkdk0QeP8BygPt1+pd57RUbd9K9R/jtbkZeN04XWocQXAOV/KD8aXCPLRVTQECspJYQe7monz9KDh0mPuF6j86XjBY1gPOAFFlobLUDE9FTP9cxN/6KvkJsPO2VtE7iobn0Utrw9mG4IC2EnTXSk+77cxp9WbKLN0V068fyH1kB7Fk2P8yp8mSnXJ9GZLD6ZQ5IGn6mAq9k6I0HNHfagD0kax3+ijTdJX1m8F4p5PZ7dP+QVuxoT8bKV9rgcP7nBUF9njJ2Oc9vRaL+BdU0+f5dLOBzol3/8AqiotQy8M2ns85x3YGO/+9RfIynVu7KQ2gAf3W3qo5tMOfoV8KqAEsnhqYnDkPgcMfsutloHY/wB5jBPYndH8pfwQ/RQOs0P9KDJY4CM5x+S02iA/TIw59HJvyTHjLfdH8oM9NB+jJuscQOzimvsz3jYE4Wr/AIeP6c/mkKHHAx+aKOocehf8SD9GRFBVsOAxM+WrG7mP91sf4e87gj7JhoXEY0gK/wCS32B/ES6MiG1OcGI7e6KwnGCOFpjay7cED8k3+Eu9G/og+Zk/jMz+oehTmk+ivDaJP+7b+iI20P7xN/RT5mT+M0Z/WO6eHwkf3m6vf4SwjemCH/A485+XCnzML+PPBTtI3wQUTxA3YY3Vr/BdsCH90z/Z+TO1KcH/ABKfMwPis/RAa/UM7JaxxkKzHT8uP7gj803/AGdnU+UnxWfor/N6JmXKyFgkH45PtqRRYZf6MqvlJ8Vn6KfV7omT6qxFhlP4NvVF/gQPLlPlIqrP0VWpvoP1Tdft+6t/4E3+tE/gUZ/EP0U+UP8AjTKTWfT913LudKu/4HH6pCxRjcyyfqp8pf8AFmUWty74j/6j+qvP4PD/AN24/cJwsbOzQPyU+Un8eRSieYtxyutLu4/dXAssmTpxhN/g84O2lT5SfxplUc9ynZPqrF1kqycMaCnf7PVxHAQyvaJ/GmVmfdLc7ZVh/s5X5A2/Mo46VuxGf5OP+ZLd7kT+NMqQzO+36p4aB6fqrL/ZW4g4dLF/5k8dJ1+MmeL8iorMlrTTKrLfZPwDxhXEXSMryPEqGk+ynR9ExuAM1Q4f8pKGVjiPWnngzjHb7kfqjgsPBH6rRxdG0LPrke7HupcPTNshwfD1/wDMg+UtaafsygeBxupEEcsgyyNx+y2EdotsYwKRmfsiNhp2DDIGjTxgYU+UctP+zKspatxwylkOe+FKhtFa/d7NIK0Xihh0tbgLj5zgEbFC5bmMVeCqitBGNY4Uj+GwNwcI76mY/i2+ya6TTzujQUYo4KanaMaE4Rxt3AC5uSlqjAy+TCEaorHIQS48oCWSd8qMamnafrP6JNq3csbn7hQEluySniPbPCiCqrHNwIogPXG6b/Ped5QPYBQsmEtj4wUz5rsAELTtl5QnVlvphl8uCqISRIXcNwnbkHZVVR1Fb4vLGdR9lDk6lqjtBCAP8YSm8FmhDHOKfpZG3MjgB91lJLleKlulr2xD/AMFMbHV1ADJp3uA91STYWUad9ztsH11AVbUdUUMbyIWvd7+qhMsks2CWE+nKm0/Slc7BDMD7KYZeCJP1TVuGmBuke6gS3K5VvkdM7fsNlrKfouofgSMBH2VnTdGU7ceJ+eyv42xZ554FfLgF7iPdyOyy1LsHAyvTIel7ZERqZkqwhtFqjwfA3Vqp+wZSweWwdOVcpDdPPsrODoircQfl+V6RHTUMJ2hCc+qpmYAdx2TFVgH5DEQdBygAyRgKzpeiYCR40ey0wrAcEbhBnuEjQBGicMgSnL+kgwdLW+Ag/Lh2FMFsoYWjRC1hCim5VRJ82FCnqw06p5y3PdWoAubf5MtddLEN9IH2Xf4nSs2aQT+ixtx656Ytur5q5scRwGnOVQzfFmwN/7LTzTO/wCTdX8eQJXQjxk9OdXBwJaP2UZ1XUE/VsV5VVfFK7VHltFrcPeVuAoM3VXXVa0FktLFntxhF8QPy56PXpJy0AvOyjvuVFCDmdpwMndeTh/UVYB83e35xuGEgJv8KbJj5qeSc8+Z2d1Wwr5WemTdVWSDzSXGDHs5QZ/iHYYwRCZZnDswLER2agwNUKkRUtHT6cta0HYE4VYLVj9MvZviK2V2KS11Y9y1Rn9a36Qf7vQk+msKH8xRxAAzNGE0Xa2x4/3kk+mFeGT5JPtkl196wnbqzDED2A3CWu9zgOqbnJk8gdlFf1BRt2BLk11+a9pNNA55H5JiryC7ILtkz+GyTHVU1tQ8jtqSbbKYOHlOfUqF/E7nJjRDhJrrtIf5smkH0TI0CnevXJcMoY2DysAT2ho21DIVWKaZwzLVTZ9A5dLWAfzXbDuStNemb6M9mrjD82WbpoY8ZeN11socMg7LO116tFvway4ws9Bq3Kqar4n9N0jdLHzTY28oW6rx9svRy9T5vSVfnI2r9JIJISc1pxhea1fxdpQP/d1A+WT0e1V8nxL6xrTiitcEYPq3P+i3V+KtZxNT9TaKH9R6uW8brmn3Xj0/VPxPqyBDLDAD/QxRHRfEmrOai+ua086XZWurxFrZy7frDRx/FNnthAAySAPdRZrlbKf+/uNOzHq7heNHprqCoGusv87iPWTZRx0tbGjXXV7HHJDiTvnK2R8HY3ycy/63ohzFHrlT1h03SnzXmmJHI1KDL8TOkYAc1sj/AP6WzUvMv4F0Y0fza5hI/wDohTPC6KpvLHNJIfRmStUPAt+jkaj/AMRIw4ikehv+L3S+cQw18p9oMf6qLUfGWjb5aWx17wfVuP8ARYmK5dMQkeHQVrz6hiL/ABakBBprdVge7E+PgX+jlXf+JM/6Wkah3xZqZRmDp6paf8Tx/wBFHHxLvDnHTY3M/NUzbxUFv8uhm/8AFG3/AKLjrjeZCPCoox7luE1eA/sc+3/xEtb/ADLo/EHqdxyy1PASHXnWJG1EQPsFSfM9UH6RTAendNMvU7gchn5BHH6f3ehMv/EO7H5l1/tx1aRvGB+SC7q/qk7F7R/4VUiLqJ7hrLR9gnCjveMueE2P09t9GWX/AIh3v+ssW9SdTSHL6ho/Jc/2jvXDqk/ooHyV3HLgnC23N3JCP/gC/Rnn/wCIGq/pkTD1Bd8f9qKGb/eM/wDaSgNtFyJ+oIos9xx9QV/8A/sKf/iDq/bHf7Q3bvOf1Tv9o7r2qHZ+6H/BqzvhIWaqzg4Cn/AF/wApX/8AEDU+go6mvOd6kkDsUUdWXRg3kzhBFiqCM6ghustVjsp/8Px9RKf/AIh6qPth3da3Nuw3TP8Abu4nd0ef0UOWyVOeyELHVY4H6Kf8A/sRf+I+uT4ky3Z8Qm40zUGT3IK6zruhJyaR4/MKid09VPKYenKsDOf2QS+nt3ofH/xL1sfywzTDre2cSRvblHb1XZn/APFf+ixzrFVYIwP0QjY6vPH7JE/p7HGDVX/4n3f1wN7HfrTKPLVNb/zHCK2426c4ZVMJ9ivPv4RVNByM7IH8NrQcDI/NZZ/T8o9I21f+JUJv744PTWyxPHkkaR912YagMLzJ0d0hI0TP/J5RY7hfmgATvwP8RSZeFtj0dGr/AMQ9LPvJ6EGuHcpjyY98LCx326wnD3vOFJb1TWAYc1xwlvxNxsh9baS3jcazxsHBb+oUeeCmnJJaGu9QqCLqXWAXnHqCpAv1AcfzTlCvHzh+Rpj9S6WzqZMloJMZjcDj1PKikTRHDmlTIa+KVgdG4OB908SscMnCGWla5wHHy9NnUiJ8wSME4KPS3K405AjI0+h3XXfLyAN0g/kmmMRbsQPTNmmHk4rqRaNuLKhobVwaM/iCjVVLHnXHI1zTwoXzb+H8BM+fhyAJCD9kK0bXQ1+Vrl+TFVRluNuFVVVHTVIPiQjKtjO2UAeIHBCkgZjIKH4nF8ip66qfszVVbY2bRN4UN4uNNvTzFn2K1D4Ac5bnKgy0rs7NRfApivnWcwZT0/VHUFE8D5mXA9XEgq0p/iBUH+XcqKKeP0xpP6oRpgceQfmMpj7fBO3S+MD3ARLTVrpElr7Y9MdUVvTF2k/lxGklO4cNguR01VTuElrupMjfw69iq2p6fyNUDwSOxQo7fcYCJI3OafuhlpIT7RF5OS/M0EnVDWtFLfqAOadi/TkFQKjpjpa9DxLFWNpqgnIY52Bn2UB9RXN/7ZEJWHkEZQnPpj9FOI/sEqWijjhBPykZ9s0Fl60+LnwzmMtk6lq442naMOMsTh6Bn+uV7T0T/bjrKYQ0fX/TbZMAiSpoxod99B5/UL57juNdC8PbMZG/0uOf80R76Ou/7XTtDnbktGCFztR4mq3844G1+UlD8Z5P0H6F+OXww+IdPHN011VT+LIM/LVQMEzT6Fru63q/K2usMb/PSSA57E4XoPRf9ob4w/D6Bltor3/Frcz6qK5YqWZ/wkjLVxtT4PH+0bqvNV9WH6I50jPCcy81ULdAcSBxlfOXQn9sfoa+QR0/WtHUdOVWzXPP8ynz/wA2xaOPVe4Wu92i+0cdysV1pLjRyjMc9NKHscPuuLqPFTqf+ojqUa+q78JGto71FMA2byu9VYsljkGWPB/NYx26a2qnidqikc0hcu/SRXETdDVpdmympKedpZJE06t+FWz9PxuH8iQxn1VfR9RSRkNqBkeoVzTXemqAMPA/NYJ6ayPo1K+Fi4KsU94oJdMY8RvY5U+lvGT4dTE6Nw5yFZBzHDOQQk4U7zgBrj7hJaa7GppDoqiJ4y14OfdSNWrsq99LCHZbluewK7GZ4T5X6me/ZDJZLfJO0AoXhj0SbKzbUcZRQ5p7qYYtxYHShklqlBme6E6IuxtlQr/Jxj8jOOUQ7oIYW57pzJMnGMKi30LBG6GJHZ3ClaAWoLmY4Cv/AAKaCMmOBkouvJ2UMkk4RY3HByo3wBKOSSJ+yfkFRhKAcYTtQLcqlPnAOAxaDsVVXHpyjqz4sLRDLzqbtk+6tWkYzldyE2MymjKyC5214bOS5nAcEanusWrTLvnuOy0UrGyMLXtBGO4VLcLMx7DJStDZAc+mU6E8gEjGQHxEEHcFSKerLCGyNKoIaust5EVRE4Nz9WMt/VWbJoatgLHgO+6epElFMmXW00V/onUlW3Ux2+Vhalt6+H4Bcx1faD5MasOh9DxwtnDPNSO8xLmHsrJvy1XFuGua4bgrVTqZVvszyhnhmeoK+3XmkFVbqhszHDJHcexWU+JPwm6U+JnTlTY77RNlDml0LxgOjfjYgqT1F0nX9Hzuv3Rxe6B7iZ6ADOc/0/8AzFM6b6pt3UdJ4lHMBVN3lpifOwevuu/pdanynyZrtMpR2vo/NL41fADqz4KXUVzqeeqtUriIp8dgvPnzwX2lDoXASAcHnK/Xa/WS0dU2qe0XijbUU9Q3Q9jxkaTzt6r4J/tBf2R+oehqmp6q+Huu5W3xNclHGwtfCD6nfLfyX0Hw/nn+GpfP7PG+V8Fj79Mvt9r/AO6Pm2OqnoneE9py0q6ZUsqWipi4Iw5vdpVNWPbXHUGhjwP1QKOrmpH5H5jsV7qi9WLg+d67RfFPajTRVDX7ZBxynPIBBCqHGVgFXCfI8ZIHZSqapEjA4bkcjK1KxM5Eq/aJYkPBCe1yj+IJCBjCIDpwm9i2sdnZ4Y6hhjeAQf2WYuVskpZC5oy075WpDsjKa7w5W6JGAg7bhJtqU44GV3Sq6MK5vuufTvlWdztstHK54GYnHII7KteM4XKvqaOzXONkE0wlPLk7nGFYRSbBVDQQdipdPJjAK59sP0dTTX4WGWrHnbdHaVCiIPJUlhyFmUcHXrmmg5IxymZOVzJ9UIjvlEPyTGOznKAdpCfdNbJ7JsryCMBGiwVyGqBVbPpareoGqmdkbqlAwcLXUee8osSDg5XclNanLXGWDj5HNcSQM5RRwgs+oIoIwrF+jiemLpIwmII6UA8n7rrydRGU3OEsEeeEAkZ5RnfSfsomTqSZ9jYxyGauEYSZx90nHCtEfBw7g/ZRTypR4P2KiO7pdjHVgJeQmvzgYT3/AFFNPCEYOp/qCtabhVUGzgrSmIwmQF2egq7HyFxdj5CaKl0SGcI7C7nCDDyFLiaHYyrSyzPY8Gl6TgZNVDWM7hejgCOANYMDCxHRVG4yGTGwW4efLhbqlhHl9dPNgAcheg2anZHb2aG4yMkrB0sRmnZGO5XoVKfBp44McBbqzlXPcsBKg+HSTOzvpTekqTwqZ1RKzEjyXZUe8yaaFzBy/YKwoGvpLWHuO4bn9lO0Y+lggSSSV3U0bXO8kG4b2ytTUOIA3xnZZXpdnjVMtdJkvMhG/otLVuyGkbKJCbeJYC027xnfClTFzpA1vdRqEYKMCck5TELyFedLcNKhyPOob91IJPJUJ7sSGQjZTBceWVM8rqm9iIu8kQGysri8uDYWEef/ACVPa2ma6VNSfpLuVZ5NRWa+Wt2CsbL0SYQ2KJrcYwO6wPxBugbCYAd3nAW5qpWtwc7Lx7q+ujrbu9sTjpZ5eVk1b2Q3G/xtHz6iMRljjYIJJsZd6rtMzxqtuvfzZKM1vytEGMGCQCUyzu8Su0FvvleE8ve1Bn6B+ndFt2mqha1rQGjClx8hRoxgAFSWdl4a+e5cn1jTQwkPkOIJD6KqYSckqbWSaIXe6gxDI5XPxlnRzgmQDBU+Np08KBTjcBWjANI2QTwPgEpgHTgHuEFwALxn1Uqk/vwfZRpC3XJ9yii8EtMhcHH5p6p6t2XF+N1b3EE1MmPdVEgySF6DS/7SPnPl2/nkgMNS5jxpCsqmjZPHloGSAdlWFg/CpVpq3NkNNM7I7ZTZrKMFFqT2yH22tdQTmKbOh22fRaKOTUA9hyOQVRV1EHZe0KXZa5gZ8vMd+As7fJ0VPHRX/EPptnUNje9jMyxt9N8r5slZJT1ElNIzDo3Fp/JfXrCHDBGR3Xz38XOmv4FfXV0EQEFSdQxwMrueO1OMQZ5b6h0Xyf8AzEFz7MKDuCjMdjBCCxwduiZ0tyvTVzweKaz2WNHWOa4cK9ge2aPndZOOQ6hhW1DVFuM5XR092XhmK2rLyiylaWnYcpiMD4rckJh2OF0P7mfGOBJDlJIcqETwSGDIUhoDRsFHjIIwpTOVZsolkfBVSwvGk4CuqWo8do9e6pTFrbkBOpq00MwLwSx2xHogOpTY0y+cwO2O6iT02kZCm07mVDA+NwIKdLGCNwlYOjCSkipGqJ+QOFbW+rDmD1HOVEmpu4ahMc6A7cqdGuie2WTSMk1AYCeolDO18TSd9sKaDkZVo6kLEx6ehtRByrNBzASwEVn0hdS8kBsjAVXcbMJyZaYhrj+E91c4KWChfJcoRn+R5xc6GWN7tTMEfuq/GBuvTqmhpqtpbLGCfXG6x136dnp5XOhaXN52CTOGTkarSyj98TPEYOE1skzJGPY/Gnt6p7wQ4gjCGWkrLODjyZYtpmltN2bI4Nkdzt9ir5lRkjcFedQvlp5RIw/+q0luurZdPiHAO32VJtnV02paWGa6KbVjJCktlOASqimmBAwf3U6OXYZTMnTqvyWUcgH5o7HjKrA/HB591Ijl3+yhthYWkb89lJjkOMYVdFJ9PO+VJjfkDblQ1RmT2u9kUHKhsfjsjteOVDQnglNR27AqI13sjCQD2RxwGkSGv3wieIFHa4EHfCTQQec5RYGRjkljDgN0Q78KKx42GUVpG26EYqyQMjgojHHbdCGMYKIzAUckxigSBI4d0RrjnlRkQcpUntfA3YTA7blLV7hABOkbpAkd1XZcYkkE55RGnjJUdPyVMDdhKa4gbFd1n+pRtXukHY7qyiWu6vZAEucDCeJfZEElkeDg5Cc1ztQ3TNTexTgR6qBJZJIO25XdXug59Cug77lTDD2h8+ifkoDSMcp+oJiTZWAv0ruS7uhDB78JwcCcApqjgg8ZHddyUxDkkYxpkke1rRyXHZGlkFyUeWSw/Dcnj1UStuNNSR+LUTCMdu5KqJ+phNO6hs9O6ec/jLMxNRaHppksrK+6zGpqRvpyfDb9mp0azNO2MuEChnvN+eYog6lphzIdnuH+FXlnsVttjD4cJdI7dz3HJJUmNuNOloaBxhTWxjAwnqKQpxcuRxGFxJcJwiCHrucKO6cNOMJrpwRkgIwm1HskSHOMEFClqaamGqolawepOyzdy6yoqKT5ejArKk7CKN3+uFVGxX/qqcf7RStiohu2niGD+Z78KCp3LqJZ3jryKKpbQ2OjmuE52IjADP8AzH/oq2Dpe+Xc/OdSXFw1btpozhg+4Wuttjt1phbFRUzGBoxqxufzRayVkNO6Z52bklWlkxXOXbZRTw0Voo3uZDHGyNvYcrNUduluVT89WHyk5jjPb3VhUyyXeq8R7j4DD5WcZ9yptPEBgNGMLXCODmXyyHpadsLSRjdEOyQ2GFFqagQ88JiWTNKW0dVVsUDHOc4bLN1lRJVSa3nbsE6tmM8pIzgIQGeU2MTnam7IMj9kN7wMHjCPJ9KrZ3awWjZMSyzl2zb7AVMr55NPZOy2NuAEgxNlGcJkVwYpPLGOeTlBPdEOwQiQdsoBTHOIAO44UConETS4nYJ9TL4QL85AWfrK2atm8KmyGn6lG8GWctpGqaqqr6hzQ8hvCsaa0tjjaGEDbJ91yCmaGNa1uMcqe+oZDES/bAAQiJSysgamrpbZTeLIQNI29yvOLzeK3qCtdS0ryIwcOcO3spXU9/nvVcLfbc6WbOd2CdQ0EVBCI2jLju53qUMlkw6i79DqGhgoowxrQXDkqZpHOMIbchGUUTA5uQkkl0NJKIJPI9o3T8jGccJpcGAErnYq3yNS9idMBthCk8zgB3XHEFxwixR8ZCoYvuYSCHU4ZCsGMAaGMGPVR4m44CnxsDGanjlAaq4YGta2HzO3KE8md+cbFceTI/ClRRtDQ4jChoSGRRhg1O+6oOor9HAHshdjIwjdRX+OkjdDE/B7lYaepfUyGSR2c8LNbZ6Ml965hBgJpnyPMj99RyuB2puV1xBwuZwCscpZMOGCPK4unlcQEYkWOFzzjH/olFGXEbcq1pbdIcHhHGGQ4wlJ8HKKnLnsbj6eVZiBoGRsnNYynjDQ1c8XP4U6McD0/j7FsOURso2ACCN0UMDfMUeEW7B4Oy4SAMoc08cQ85xhVFTcNRLYif1SpyURcrfRNq6yONpw7fgYVLVVc78DWcexTZXOe7W47rgAdgErNOeRLsbBeZ253SdSzTf3bMqdDTuHn0ZwniaWM4iw38ktx3dguzJWMtdW47swiiy1J7hThU1JP95z7IjKetcdWXEn0VOmP6Bc2+iFHY6j2Qqm2iljLppA30HqrOYzUzdU0hGRtkqHT0M10mdJMT4YPBUVG57a1yRWpLkh26imuE4iiacd3HjC2lJQw0UTY4wMgYJQ6SkipYmshZjHJ9VKaCNiuxovHOnFk+zDffv4R1JFSXWwZW8jV0A5TwMLuD6IXlAylgcOF1JJGUnkSSSSJLJBJJJIvjIMST0lXxkB6vZMcjoQOOyqUcBg9OO/KBLEXkFoUzOdkN0eUmcCEdvlOcqfSTluMYUKRpJBSjlMeFlnWVKKZoqeo1AKSH68BUdNUceysYpg4BYpxwzLOBYNcSMkp6jtwQBlFShDWDft1/0n9E4tcOQV5yzq/qMHerafyRx1le8eeRrvuF8ll9NauHTR9zh9f+Nl+Skv+hvCAByhl5I2CxI6yuh+psf5BPb1jXtIxG0lV/8AD+qj6Gf/AB54t8Zf/Y2JLs8FMc4YIWVHWddjeJh9gm/7Zzd6CQ/kp/wLVfoOP1p4uf8AX/5GoLjnYLmp3osx/tlJybfJ+iX+2sXejl/8qn/AtV+gv/jDxf8A+k/8n/7Gn1O9FzJ9Fmf9tYv/AJDl/wDKketYj/8ACS/+VT/geq/Rf/xh4z/9J/6/+xo9XskXY7LNnrCPn5aX/wAqX+10feml/wDKi/4NqV3EOP1Z46f42I0LpsbYXNRwVQN6spT9ULwiN6qtx2w8fdDLxV0e0W/qfQS6mi4MmHYwueOcY0qo/wBpbcd9Tkhf7aTjxCh/4bb7QxfUWl/pmi2MxacEJrpOMBV/8at7xkSYTv4tRPO0mEL0U4jF53Tv2ThJjtyk6UY4UU3CkeNpWphqqfG0gKv+NNF/8XpfRKJyc5C4SD3UQ1URP1Fc+ai/qKONLXDKl5OqRJLe+Uw54/1QvmI/6ktQ7O/daI04Ey1kGPLUItx3XfE9x+qH4je/+aaoYMs9TF9nQzJ5yu+CAAgmqiaQA7Kd85CRjVumcinZU+zvgA8FBnhIHCd45bu1PZVDP845Rxk4gqNMuiA5kmfpQ9fsrTxaU7ldPyBG+yJXekX8K9MqfEBzsnAZ7qVMygO7Tuob3MGQ3hFjcD+B049Vzy98IZeAeVwuz3QSi2WrsBR5d2lFguFVCdpMj0UMOHqk9w5SpVKXY2GrnW/tZdw32RuPFGrHupzLvRzAeL5P3WTMgdsDwkJXEgEcJM9HCXR3tH5y+rGWbEx0VSzHkc13HquOs1OW5YBlZiCodEQ5pIOCpdPfKmGTzOOAsVmja6R3qPNQsf3ljN08JjnGnHZRp+n6qFhdG4P9keLqXDvM3IKn098pJzpdlufVZHpps6MdbRauGZqWhr2Y/wB3chObNEQZIyMLasqqSV2lkjCfdPdBA8eaJpB9kidLgaq5xn0zEx1LgMEI0dYB2GVqZbRQyf8Aw7R+Siy9MW+Zh2LSOC1IdSY9ZXRUR1/dr9P2OFJhv1wpyPBrJW4/xlcm6YbG3MMpcR2JUY2OsA8pz7JDoWeBkL7P2XdL1x1BTkaK97h6F2VeUfxPu8LQJGRv/JYGS03KM/3WR7FCa6phcWyRPJHIwlvSjo6qyPs9Yg+KtJsKyhc09y0q1pviJ03UAeLK6PP9S8RfcIwBqYcrsdxgJAASXpmOWvsR71H1D0vXDDa+n+xOCjRx2idwNNKHE/0SLwWOZjsOaAM+ilMqqmP+7qJG/ZxQ/APh5J/1nu4tzHbw1dS3P9L0RkdyiADKhpx3eNyvEqbqXqGlGmnvFQxp5GvlWNP8QepqQgitEv8AzjKB0sevJ1vjB69ruuMOMDgPfddjmn/HTPd/yDK8vh+LF/YMS08Dvs0K0p/jDTtaBVWZ4cBu5k2AfywluuUezRDXUy7ZvjVsBAkp5mn/ABwf9An6sjPhg/clqx1N8XunJvLUCeM/qrCn+JvSEp8t0ax3+NpGP2QbGPjdVLqRog94B3iH3cU1s8ZfpaQSFXQdY9OVZAbeaNw9CcH/ACU9slqrWB9K4SA92nYqbGW7a10yXG5rxgAbJzm59vyUYUkWDpe9uPQpeBJjapf6b7qtjGxkpLgkYxsAlod6KKG3IbRVUZ/52b/sFz5i4wf3sDJP+V2ELWAtvvBLx2PdOAOOFC/idSw5dbZ9v6Qx2UVl+t0jNUsc9MRsfGZp3VYyC4pchjHGT/Mja4e4ygy2iyVmBJQU5PswBJl1tc+BDcac57a1N8BrwHAjHqiWUC8Mr39J9Pyt3pA0+rThRHdEWrVmGpqY/QNkV62Jx7pFrmkYOCO6ptovajPO6Qq2A+BXggca27qOem707PlpXDty0lakurG48M6gntqKr8cQKvfIHYjHOsd4gPnpWOH+FyF8nVtPnoZW474W4+Ymx5o12OqhecTQuH5g/wCSH5WX8ZiREGjDoH5/5UtLG76R+i3P/uw/VTPP5Lj4rMBvbpCT7t/6qfKytiRh9cYOC1uPsiNnpjnLmj7hbEw2XO1vkH5MP+aXg2Ugg0En/ljU+Vk2Ix+ulIz40P2XNcXYNP5LXGishOfkX/8AljSNDZSMGjk/SNT5WU1gyIfH2a39EnYOPMAtZ/CrM45bSyD/AOX2Xf4RaT/8O9T5WCZQOA7j9U44I7fmtObVawdqV5/NP/hVs/8AkR36qfKyGTdJp28KPf2XMZIOwx6LWfw23A4EH7pwtlCDvAp8rIZTGBxlBw3P91J+i2gt1AP+AE/5Kg48EK/mZDFhgxnQfzCWgf0fstw2kpQA1rI8dshO/h9Kdz8uFXyMMwwjJ2DSnilqDu2LK23g2+AgudTn7JOrLLEPO6P8gr3sLKMT8jcXOGmnBRmWy5Y3pFqzfbFTnLZAT7Bck6ytELfJT1Eh/wALMqb2AZllluUh8tKVIh6YuhwTT7q2d1zT5/kWWud6Hw9k3/be6yjTT2KQehc3CFzyHkht6XuWwc1jP+YqQzpetA3kZumvv/VtUfJRQsHbIGQhj/bSq/8Aj6aAe3Kjky1NIknpSbbx5AP1Th0vTRjLquQfmoYtHUcufm+qQ0f0tdsmnplz96vqoO9hIqL3ZJjrTaYP76qzj1KE99hp/pqQT91GPS9iyPmrxVS4/peSn/wPo+EeYVUp9ySrTaLyhj7vZWbCpjH6IBv1tPFU38lLFs6WBzFbHP8AdwKeKW0s/urVAzHfGVG89kyV38doz9LifsFFn6iEbtLaOZ4/whXfiUkefCihj/5GbpgqaZhJ0NJ+yoKXJSO6jqXjTFZ6pxP+FNZV3x+SLVOAfVXbri0ZxG3bjAAQjeX8dlAcoro23eUjXTPZ91INtriAZJi0eyU16dxlRJbpq5lcB91BmUSBR6T5qqQn77IunDcaj+u6rv4jDjebJ+6G+6ZBMQJI90zbkHJOfAXH+9lGPQpCNrNsH7lVTrhcnnETMBIUl4rfKZNI5VqLBlLJal1O0Zle0IEt3tcGS6Y59gozOmLhUYDnPePbKsqbo2Rwb42gY7HlTaVkq5OoY86qeF7x+ijPvNzm8sVP4YWwpOkaZhHitYQPRWcdgt0YAEIOEewvKPOflL3XkATyMB/pVhTdHXGQZlD5M/1FehR00MLQ2ONoA9kZp0+6vYTKMRQ9CTOf/NY1o9SreHoqKMgyPaWj0Woa7bdOyDwVXxpkyUlP0zbWjBjzhT2Wm3RNDW0rNvZTAMJEdjsrUEibgTY6dgDRC0AceUJ7wANsDCjy1FNCMzStaDwSVBquo7JTDMtxhGOwcq2BOSRbCdw2XA477rJ1XxD6fgcGMkkmzzoGVR13xeaxzm2yyyyEcGQYBR7Bblg9KbqJznKfhzec/ovGqn4oda1Lh8pR0tMz7bqhr7/13difGv8AJA3sIjp/VFGtsRZZg96qLhS0/wD2mpjiHq44WaufxM6MtLiHXamqCOfD3IXiknTk9Y0Or6yZ8h3LgTv90+DpWhibifwgB3dyU9UvBmlqZLhHoF1+PFmjkMVooZ6k48pxpB/Yqgn+L/V1ycY6GxtiH9T3Yx+26qALPRgMLmEtGwa3Kcbs0HFLQyEjgkYTIafcJd837FV3f4g36Pwaitmp43E5bC7Gfuo9L0ncHnNxr6ksxkl0pUpr75UHYiBp4THW2vkdmsuTiz0LiAj/AIhHekuR8Nl6doXmWWrZI7/6NIXfsi/xDp+ldmF8Jd/gao/8NsEWHVlZE8+mpB+f6ZgmxSwOkLdtWjZXHSiHqIosTf6RgxBTSvzxhmyX8auD9obTgepagMvETv8As9vmd7hiOypus5Aji8If4wnLSf2AeuS4TOOrb1IfLTRxg+gTHMvjsYm0fkpUcN/l/HTD7jdH/g14kxrq2Y9ijjoYy7Qmerl6IbLdc58eJc3t9d0eOyQNAdUXcvBHD37KYzpppx8xXyau414RJqPpyjZpqamJxHPn3z7p0fHx/Rkn5FVfnLBFNNaowMz6/cFJkloicHCMu9gnu6h6Oow2KUeIBwGDKhS/EWz0jz/DrBISPple0f5LXX4hz6Rhv+o9LQvumXDJ6d4Aisk7sf4URzpwWmCyzsI4yMLLn4kdSTkmjbT049fCyVBqL31NcSHVV3lc49xsPyC31+ClL0cHVfWumj+HJr6i61VKMyWyT8sKpq+rbqARR2Zzsf1DKz5Zcz55LtM71DnJpmfHjVentJ7B2F0qPp5P8kef1n13OL+x4LOpvHVFZBp8aKj1ciNu/wCZVFWWq5VRb/EL3I0MzjD9OM//ADE+praUYNTemH0/m7qudUdIADXMHEf0jK7Gm8HXV6weT1v1hZPuxv8A6khtp6bp/wD54V8LjyDrOT9z3SNd0hSYbCyWocc4ELC//LhQTc+ng7FJTPlx/TH/AOqPDdSD/udgqHE98Y/0W+PjK4nm9V9XWy4jz/1CDqClgcDbulJpSfxSDQB+oKX8d6gecxWmki9NTsf5FOM99qSDDZZ2+zhsUaG09WTka6CBrTx6rTDx1ZwdT9R32dNL/qV9TP1XUnX8zDET2Y3YKM23dRTu/wB6vc8YP/duwtMzpXqCobplfHGO+DhFb0TUNIM12d7+bOFphoq4LhHJu8xfN82P/oZgWAE5q7xWzE/1zED9k51hsbSHTTB+wBHiE8LUf7LWlg/3m9Ru9g9dZaemKc5fVMfj/Gnx00H6MVmtsnzukzNC3dLNGPCZn13RIaex07tdPTtLvTStKD0rFgaad2O/JRf4p0vAQ6FkeR6MV/x1H8RP8pvtNmc+Z0nFPbCR66AutkuLyBDbT+YWlbf7aN47e+THoxcHUjCdMdmqyP8A6WmKANk5v0UTKS+S4HyrG5UltkvLhh3gjPoVbC81EuPCstX/AOVFbVXNwy21Sgn1RqADsZTDpu6Hdz2jKMzpu443mCts35+C2jA9iU5h6l4FLErVQv5peirb03V5/mPB/NFHTM7scHH+JWopuppMDwYRn2ThbOohufD39lahgnyyRW/7OSnGR+pRW9Ov32P6qeLZfncuCK20X0/i/dGA7JP2Vf8AApW7/wCqcLIcby4KsTZ7u/Ac8/qiCw3MD6leBcpzXTKh1jceJv1Tf4HIP+KP1V1/A7sO37rv8Fujd8qYK+af7KYWSbs9EFnq8btB/NW4td6A+3shmhvbfqZ+6mAo3SxyVhs055aE5tnmb+AH8lYeFd24HgkpabuN/lyVMEd7IQtbwP7sfom/w2Qj+7b+isBWStGmWBwcOchdNfE3+8aR+SGUMkjYVbrQ458g/RB/hDgT5R+ivI6yCR2GkD7oolYTjW1D8QTtaM4bMTyxv6JrrGCP7ofotSNJx9O6eYthwp8QLtn6MU6wgk5iH6IX+zw5EY/8q3BpwR9AQ/lSTgMCH4k+0RaixezDS9Pj/umn8lHf01qGBG3f2XoBonejf0XPks76WIZaeD6Qa1di9nm0nSpBzpYc+yiydHlzi5pA9sL1EWxuS7S3dDNsjB/D+iVLQ1S7Q6PkLo9M8jk6fuNO8sjLtPsUOSiu9JiVj37dsr182yHkhp/JRZ7bTux/Lb+iTPxdUjZT53VUvs8pZcLjAQ6eIlvspH8bPdrgvQqmy00jNPgs3/whVdV0nSzM0loH2CzT8PD0djT/AFRdHiTMkLrG/ZzU0yxyDsFe1HRLGRl0TtRVVU9M3CnZ4jMu/wAPdZLPDzXKOpT9Txf5MDA/RuHZRG1rgcEbKK6kroG63wvA+yhvmlbnOfzCzS8VJcSWTp1fUMe4vJdisiO0hxlO0RScHHus+ao/iRRXubuHJMvFP0jbH6hLl1G3GQEN1Hp4GFCZeZmYaXZCmQ3emcBrO6zvx9kPRoh52Eu5C+TPOEhCW8tRG10TziN4H3R4ZonjDgotDL2hz8rCS/IitgheNEjGkH2XXWWje3Oho/JWkdJTPGoNOUeK2Sv/ALrfHZEtCzPZ5OEVlMysnTlPrc4OI27KK+zPGzO3dbV9pqsbR5QjaZx/wgnQ8Yp/kcnV+flQt0WYp1sq27NaMKLKx8DtL4iD9lu5LXVg7RoL7NI85fG0/cK5eGi+kYa/q9t/fyYGaihqz/NCPabl1b0fUCt6UvtVQvadTRHI4Nz64ytoenIJj/OiaPdVlZ03cqZznwaZ4hwzG6x3+Ek1lxydKr6opfMZOLPTujP7ZXVNoFNQfEO1MuEA8pq6c6Zu2Tpxj9ML6G6L+M/w568pon2DqalNRKNqaZ+iTPcYK+GamONsZivdqqaeM8HwdY/9FWjp6kEwren7nmUeZuh2lzfyXk/IfTcHLck0z13j/qyajiTUv+p+l490s6Rqbt9l8H9J/wBon4sdAOjpb1i6W6LYR1LS/b9iPyK+hvh7/ap+HXWYjpK6d1orH7eHO8Ojz6a9gvL67w99Cyo5R7bx3ndNqkluSZ7jBequmIGdTR2JVtT3+lkYDKC13ssvT1dLWwtqaOeOaJ4y17HagR7FGbpAyTj3Xn79NB9rB6Ku9++TaRVsVS0FkgPt3RwcDOSFi4HuadVPKdQ7BSoOoLnRkfNR+IwdwFinptvRthen2al0mTxwnNqNPbKraO90Fc3yvDXnsTgqRjPflZ3XgPcmWEVUM4JG6PHUMP1bFUwJByCiCd2weVnawTZnotSGu4Q9GOAo0MzTgteT7KT4hZjLSVQLTQaPghJ4yM+ibHPHJsDg+ie/jCgPoAWgJHhdIyUsYRAgiTlEaTqG6am4KUBglgnkO5SJx3UbX21fulk+qJMFxyTA4FMMjjtpQQ4g5T/FH9KYsrkHA2RjJGlj2tcPQhVUtpmik8a3j3LCdvyVy3Ds7J0QxwVI2NlFJFUOl/lv2cNi08gp5kqKI62OOk77KdVW6Cqd4oJZJ6juq9wqqZ4ZKA+PfB5WiM8lSii1pLgyobpk0nPIKyHVvw7kuNT/ABnpypjoLi0hxlazBeB+F2OQriSLU3x6U4cOWjup1BcpCBHUtDD2OVqqvdTyhco54MHZes9Fa6wdSwfIXGH+X5j5ZCO4+60cvhVMMkMgGl+2cKX1X0RY+sKVzK2BjZy3S2cDcfmsM24XvoWYWrqINqqFpwytAJyf8XuuzpfIY/NmedPtHhv9ob+yRSdW0s/Unw8iprddmapZaYZEFTtucZ8pC+FL7Z7v03eKqzXq3yU1RSvLHNk2JI529F+wjKynqadlRTSNkhlGxByPsvLvjN/Z66T+M9vLaykbFXtGWVLBuD7juvaeI85PSySn0ec8n4GrXJtcTPzIpK98bthlpGC08EKQ6GSlIq6V2qN31N9Fc/FH4VdX/B+9/wAI6noh4UgzDVx5Mcjex9v1WfoK8NGh27HbL6PpNZHVR3w6PlOv0FujtdVqw0WFNXQynnB9CprZA5Z+doil8WLgnj0U2mro3Ya7Y+/ddSu39nKsr/RcB2QUzSRuhxy8Hse6ktLXjHBWhcmZxwCdpkBY9oIPIIWZuVukpJC4DMbjkH09lp3nTwhyMjnYYntyDss9tO8dVY6+jGaR6rsWzuVOudpko3GRh1Rk8jsoDVx7YbZYOzproyipJk6N5GFLhkyBlVcc2CMqUyULHbHHR2NPenwWTSMcpj+UKNxxzlEecYScHRU8odkeq5sUHJ9SutJJ5KNBKQWYAxkdsKmcMPd91cSEaPyKp3Ea3euVrpOT5WOcND2pySS0o4D7HJFxHBSSRltZOavZdDieSuafddUBjHAk144Tk14zhQM476Sop5Ul30lRx9STPtBQHMSefRPb9KCfqURH2Eb3+yjyI7OD9kCRBZ2hkOAJ5XF08riWMORjBHsrCmJ9VAZyp1MnwFWEpOauYKcwYKYJnLHAaPkKXFvhRouym027mhNrWWZrWekdHU5jow7GM8rQPOMKt6di8O3s2xkBWEzgMLbDo8pfmdjJdnYZa9jQ1bthyQPyWR6cjBnDyNytfAAXjK11nOtf3YIVePHuENG0ZMbg8+il36rdBRiBpDfE8qBTtMl5dKRtjChdSSyTXinpdZDTgbIpSwIwW/TUIhgA9ckq3Mmt4GOFXWpoa57Rw0YUppGsj0VLnkz2puWS0plxp1TGNciOIyfZDgOS5/O6MWSHHIKqLtUtpqKZ+RnsrTXkEY5WP6lqnF7KZpI1uwrGVrLwT7CC6jMxG7zurJmGjjlRrdGaWijjIGSMqQXt0kFQuzgrrzV+DTuf2AK8efqrLm98Y2dJn91veuLnJDQyMiOCTglYuxNa9jpSPMDhYddJfEz1P01pfkvUifcZdMbGDY4wpXTlJ9VU9vOwVbVuc6cgnYBaSywFtC0+q+a+Xt3ZR+ifp/T7VEnjhSItxjOEDHZHjyBwvI3Swj3tEcEWvB8HGeVFjBDd1OqB4jgCghgbjHZZXLJt25JFG3LsEcKyHCg0rfPwpw4SZPJorDQnByAq9xOt4z3KnwnG2FBk2kf9ymwFagy1dIDUyByqahu5wpt68lWTnAUB0oIwF6PTrFSPm/lZf/MyIp3eQThDk1RP8dh+k+qfKw51AbLjSCNBKbLo5S4eS/tdXFcIdBI1tG4JQZ6OSmqNTRsdwqZrpaCp8WF2NPPutVHIKqmjmBDiQsslteToUz3Lkm0r9ULC5wzhZv4k9Ns6j6ZqYWMDp4m62HvsrynOCANsKVgOYWu3Dhgp1FrjNSD1NXzVuB8fs8rsH8OyO12Oy03xM6aHTfUkojZop6omWMdh6gLLg5wvZaW754qR8w1NfxWSj/cK3ZSYZC3YFRWp7u263wbXRkayXtvrckRvwfQqc5oxqHdZuF5BGCQrykqg+NrO+F1absrDMdlbTyEOyS67lcWhCQkZO26msILRuoCkRnGMnlMccodRLayfGMrpgZO0sI/NDjOFKh4CWdetZRFp6mot0waSdH+a0dLVR1UYc0g+yqJqZkzNLh9j6KLTyz2+fGSWoDXW3A08sTcBV9RTu4A5VjSSNqow8EHZEngDgMNQTWTTGfJXUE/gu8N+wzhXUUwe1rQqaaDBy1qLQ1Ra7D+yo6FN2C6Z9QRxwo0Tw7BzgqQ05Cs6dc9yCJ6YnjlCMCaG+ibhv9P7oh4C4iGxjuB6fdMLA4YdghSsO/p/dM8NyXtyH8f7M3dOlYanVJBpDjvjCxlbQTUcphlYRp7+q9Y8I+qj1Nppa9pZURNJ/qxulygmYtRo4Se5I8jLPROY4xHbutde+jpqcmaiAe3nCyk8Lo3GORpa4HBBCROvac6cJVMtrbdnNxFI7HoVf0tYX4GrKwgOgqbSV88JGHkj3WZtjaNS0+TfxSZA7qVFJkrMUV0c5rSXK1pq3Uck5RHWq1GS9icNjkKVHKNhsqmKp4ACkw1AyCjOjXamWoeitkIUBs44wjCQbIkjTCeSxjfkZxyi6t+cKDHKABsjGQHgocM0Jk5kmAiavQZ/NQ2vRBJhGh0ZYJLZDkDCM152UQS7g4RWy7bqD08kxrzjlGDvQqC12/KK123KANPkmBxGO6IH47KGJhwU/wARpCDsNSyTNfsn68qJ4nsiavZQNP8AZLDge6fkeqhh2/KI1+MbqxqJOSugnKEJfZLxQoWSAUTPoorHjI32Rg4EZyiIEyV1rjnlDSGymOQlLBKDtQ4XdWnsowfjsuh+TwmpJE+QlFxCdqPdADs8ldySMjhNhHJMr2SQ/wBSF1p1fSQVQ3PqS220ubUSkyM/4bd3E+wVYx3U/ULtdK3+H0j+NQw4p8YtmezUJcRZoK7qKiopvlmn5mf/ALqE6nKtjorz1IQ+8u+UgH/wsXf7u/8ARTbJ0vS2smo3lqZN3Su3P5K+iZgjUMp0an2Z98pdsHQWykoohDSRaWgd+VPDAAhMySMDhH/JNSwLXDHxgZCe+UxkDCiOl0EYS1kudJLJzx7IhuSc2YEJkkhOwCq667UdBEZaiYMaO+VkKzqi6XqU0lqheIxkF57qCXdteF2aO79U2q2uMUshMw/AN1n9PVfWBc14bR25xwANi4KxsPRNKHitrQ6ed258Q5C2sFOIGNa1oAHYbBQkfksf3dFNYulbbbGh7adjpAPqIyVc+GG8Y/RSGgDgJrgByVaWWHOKgssESACTwAsZdbjJcqw01MHCCF2HPzjWf+im9QXuSoebdQOIZnTLIP8AIKJR0rIYGxDfT39VohE5+pszHCGxQCMDAwFKY3SMLhZggAJSPw3GE5HKnLHZ2adkLC5x+wWfrqx0ryxrtu6PW1JmJjjdxyVXFmEyBhusz0c1Fx3anlwAyU0aW7lRqmXPCacy2TY2rqTp0j9lCBJJJT3ZdyVzGxOeEyCRjseQa4SAunbKESc8os4M7OSPz7KHNIYmasZRqh/YKrrPEmb4bHlvurQmUskSvnqK17aeHys5e72TIo44SGxt37lSGAQxlje/JQ4oHDMjuM7IGsmeUdxIiAa0uPZZHqi9TVpFst7tBdkPeOcKVfr6/Jt1vcS87OcOyq6WibCNcnmkO5KFo5mp1MV/pwB221toYdOkF7vqceSpLm4wjMOcrpGVFEwTn+xjRhdSSUFj07ACauu2CIYhS743TDsExziXI8cRIU7GIHGxz3cKSxhxgBCOtpxH35VjSUr42B8h3duAhZoqQWmgDR4sgHGwSkeXu0g7LkpJGlpwE+CHG7ktmuB2Cnz5nKtv91FBAWRvAcefsi3O6x0cTmsfh+FgLncp6qUue8kFKnJJYAvv2JwgwNzrn102p5yBworXHGEiMnK59Kwzlk5fsW7uSlp90gcLowTuUnDbDYmhHpoHTOwO3dPgpnSEADb1VpC2OBmA0J8IZLWO2coqCKM63j7AqXJPFC3AdgnjCjSVBPlaBnsuQxSvdqlbhNjDAas9RY7xJHuzkkI7WHSEVkTQNm4Sc8Rty5pAR5wW032ca3uVGqKwR7AhArLmxoLI91VPndI4kk7lLnNJAykPrK2WoyM4yd/sooGn3ynkjlMY/PZY7JMBcnSQdglktBx2XDtwuHZZJTyydllQ3JjWeFUDOO6M+qoZCC0Yx7qi1ZyMLgyO6uN2OxZp457a2MOdGS4b7YQn30A6YIyAOxVHDHJLnSScK6tlneMVE+5O7WnstdMHe+EDOcYLkTKWS4P8WrHO7R6BWdPTthAaBsEZkYZuQEQNI/JdfTaWMMMxWWbuhNAxujAYTWjy8ov5rpJPozOfJzV7JfUiJI1ApvAwchF2IGyanK3FCXPDEkkkhLTyJJJJQsakkkiCEkkkjBk8CSSSQFRlkS5jK6kgayNYF8QUSRpLhtwrA77KPJGHDOEqUclKXIyFxaRuFY002cbhVjWEFSIXhhGSsN1WS5Ryi7ilyMKVG7I4VXA87D1U+JwwBhZJLYY7VhkTwsd0vD9/2RklyWsdkyC8MLnh+6MkqSwQHp90sH+ooiSEaD83qf1XNJ9ETASwFCAdH/y4S0+hRNHsuhu/CFrJT4BeG71TXR5HP7KVoGE3T7odgMXlkIxHfI2XJYRt5RlS9O+U1zM43S51hrjkg+Bvs1IxEchTPBXPCHqlyqUlgZG5rohBrgeE8ZwpZjZjhDMZzwlfxIPsatXYvYLW/ON/1RGzOG4J/Vd8MDfKbp90E9JD9GqryNkfYb5yXsl85IeR+6F4Z/p/dLQf6Ur+JBdI21+VkvZJ+em57rvzdRjAf+6j6f8A5cJxDTsSkvTZ6N1flnLthPmqj/vP3TTPUHl+QmNgy7Y/uitpXj8STKlR9G2HkXL2LxH+u5TdU/PiD9ETwnFcMTuxwh+Nfo2Q1W/sF8zUtd9YTvnagDzOGE/5R5OdQ3XfkS4ZLshTYjTG1/0gDdHAY8QAoYrZyfqyFKFsgO7iCURtvpx2U+OPpBqdjfLIoqSRu1MNQ4jGFZCnpG7FuETwLaBnVj8lFHCwaVlrllSHuLhkowcS3GVYaLeO64RQDcFC0C3grcSncApObJjcHCmmWkBwHBcM9MPpIKpRYSkvbIOmQnLgUZrSBwnmZgP0pGduOEXx5GRvxwhuSOE4/ZDdNg8Ifj/4ULpTH16hrkkbDGyWrHfKB4pz9OUtbx2QvS5NUNe4dsk+K5pGCR+alxXqvhYGNlcQOMquL8jzBdEmTws89DF9nRq8rOPUi+i6pma0Nkh1Y91Pg6noXs1PDmu7ghZYJ2n0Czy8fWdKjzdke2bSOvpJmh7J27+6O2NkgBDxg+hWKYxx2AIx6KTDLPDu2V7ce6yWePX9J0a/PZ4kjX+EQOEB8DSfPECPcKkhu1bH/wAYke6kDqCoxh7M4WZ6Cfo2w8zRLsnSW6ik+umZ+ijfwO1En/dQuQ3xsjsTMIB7hHFxpj+JJlorF6NdfktPLjJXzdM0TnF0U0jB2GeFEf01MN6e4N+xcVoBPC5uoPBB90wtZIfLhZ/4k/ZojfVLpmaktN9gP8swzN/dCdHdWY8SgfkenC17YJCMxjIRdJH1bIJabb2Hug/Zi/nWNGJopGuHILSuMq4JfKHb+4WxfT0sww5jTn2UV1lt7jtCN/ZInTuY6DXozWiPf6cH7Lhg1DBaMfZaJ3TVNOMxeXCjHpPJ8lwlHtlD/GDTy8FH8oc5aWhJ1PUZ1Coew+oJBV6Ombg0YjmbJjuRugS2S8D/AIbXgehQujA6MJorY6u+Ue9Heapmd8CU4U2m6069t5Bhu0kg/wDoh1/5pwtlxj3kpOO+UJ9PIDhzHAoPhRb+RvKk0W1P8X+uqRpbOKaYehjx/kptN8dL1GR8507C73Y5xP6LLvhbjzN/ZB0Y24S/hg/yDVuph1JnoFN8f6Ju1bYqtv8AyDAVtS/G7omtAZXw1EGf+9hLh+wXk4h184TJKdhGksb+ip0xX4lrXaqPHZ7VD1v8M7kPLW29p48zXRn/ACR42dE1ALrNdooqg8eBVD98uXgf8MY0aRg+6H/Bmk6vEwf8kPxD4a6/ucf+x9CNo75Teej6ulB5xIxrgiC6ddQAYrLVVNH9TXhx/wDKvAqaK/UGf4beZ6YOxnQ4jPpn9VLg6w+ItC8siv1Q9rf63FwP7oXUM/4i13BnuUfWPU9M/wD3vp9lQB/8jyFv/wB8UYfEjR/2zpW6R+7Gtk/yK8Wg+KHXkJxUeBOO+qPdT4vi/XM0/PWDURyYxhLdZa8lH2mj1z/2odPtIFRR3KEns+n/APVPb8T+iXEZuL2E/wBVO4Ly+P412oN0VdmrAD6NGEdnxd6RqD/Nt9UPXMIQfGFHyUJdSwens+JHRTuLxjP/ANAf/wBEX/b/AKLcM/x+In08N3/ReYj4ldDyYLqaUZ9YkRvX3QbuxBP/ANDVfGNhq4S7kj0w9cdKYyLm13oQ07/sgv666bG4q9vXSV583rboJ3mwwZ7mMI4606KGDHUw/wD3MKfGH/KqX9RuT1108BkVBPsGlCPxBsA/DPj18MrIt626Ob/xIP8AyBPb170g3iSEf+BT4yfyqv2asfEC1OOKf5jPp4L/APou/wC30HaCqP8A9rKyrfiN0o0YZNG37NS/9o3TQ8wnb+oVfGT+TV+zVf7felFVEe0ZXP8A2gngWyuJ94tlmP8A2m9Nt2DwnD4n9P8A/eKfGV/Jq/Zpx15Vndlnk+5i3Qz1nd3na3OaP+XCzMnxOsoH8p5/RC/9qNs7NP7KfGX/ACav2a4dVXojy0jc9sob+peqJBtSU+P+VZM/FK2tI/lk/kFyT4p28tGiJ2VPjJ/Ir/Zqv4z1O47wxjPtsuPreo5ANboB9ljz8TwT5Y3Y+yBJ8R3SbspJ3fZitQJ/Ir/ZtYzdpT/PkYfsiinnI+nP5rAv6/mOA2hqc+wTH9a3WQfyaOcD3R7UX/Ir/Z6HDDJHu6NqMyo8POAAV5g7qu+yHApp8/dD/jnUTzjwJf1U2oD54vo9UFwnGwlwERt3e3ioXlLa/qSTiGbdHY3qqUZayWPPdA6yfNk9KkuT2nV47zlMN2eB/fO/VeeMt3U8pGurnb7ZR/8AZ2+Sga66f/zKtoSsbNq67wZ/myu/VM/jFvHMrR9ysnD0lcHuxNWzAHvqUpnRjSR4s8j/ALvVbWhkZNmhZ1HaIvqro/sChz9YWpgy2cbe6rYuiqTAzGD7kqTF0bTN/wCGAi2sPIj1rA44ikDkOTrCoeA2OEj3U6n6RpwfoZ+isqfpO2twZNRKuMM9kyZc9R3R27GYz7IZu11ld3z9luoOnrVGM+FlHjo7VC4OjgGR6jKLYFkxEJvUw2Dt+NkeC036Z3macFbloj/BGNvZF1ggDSBj2U2E3YMpB0xdpWgOaFKb0bUnBqCD7LRCVwGkE4+6Xiyf1n9USqZMlVD0lRMAL8ZUuPp2hiOQxpU2LU7fc/mjkY+p4H3RxhgpzwRI7TRs4hbsiiCNn0saMeyHVXO20YzPcacexeqqfrjpun2kukH5ORbSt8PbL1jQ36dvsnjc5G6wlX8XLDCSKWCaYbgEDYqpqPi5dZ8i2WprfQvCigV80P2erNJxwdkpJY4f712leMz9a9e3J4bA9tIB+JmxUbweqq84rr1OWn0cmqvILtweyz3i2U4zLWRMA/qcqup676aptv4gyQjszdeZs6c8Q5qrjUy/d6kMstrh5YD7kq/iZfym3l+J9pAIpqeaQ9vKq+T4l3R+RR2nY8EtVGHW+mYGt0Nx7BCNzo4t/FV/C2V86L1/WPVM7dbTDDngAbhV0txv1SdVRdZmuP8AQ5VcnU1sjBzLwqqp6xt+4Y1zzngFV8Mn0VLUwXsvHxuLi6SeRznfU7Wcu+6YKSF4GthcspL1ZUynFJQzO25woor+p65+iPVC3nLgmLTtCLNWv6Vk2MsFLENmtYO+VBqLtaaQee4QfbVws+6x3CrINdcpS3vhxT2dPdNUZDqqpMjjzqdlNjQZ56qcuuCXUdX2qN2mF/jPPZu6FHfb1WPxRWduOxwuNr7Bb3E2+0iZ42z4WcrpvN8rTppKQUTT30gbJ0aBE75+2Gioup6qQuqCYIyMkuOAAhTUVBEc194DiO3iZ/ZcFJXzENuF5qSz+lruUaG0WyEAtpg8/wBTjklaI0CndlEf5u2sIbTDxHDu1qM253PytpKBgb/U9SdFO0aY4mNA9AmvlbEPMcD3K1VaXPQiepjDmTAumvlYPCnkZCz1Zykyztl2qayolHoX7KPU3620f9/Uhp9CVBk64s7CQJNX2K0R0Up/ijmajzOlq/KZdixWoDJY4n1LlNgoaSNmhkDMDjZef13xG8xbRUoONg5ypanrS+VBxHP4YPYLRDxVjOJqfqrSw4hyewmppaNmZXtjaPyUKXqy0RHHzAJ+68kkq71X4E1RNIPTVsnxWuufucjPqV0afDSxyjg6n6vknitHolX8Q4IXmOCJ2Bw7IVa7r26VBIikDR2WZjtUEbQa6o35AyjB9lpBguLh7LfV4iEX9yOBrPqnU2f14/wWdRfqyqJFZXPId2yo/jiTZkhd+ahm92WE6oKWaR3/ACqPL1I55/3azy7f4cLo1eLqjzg4Gp8/ZLmc2/8AqWzSM8bqXFNUtADaV59CeFnWXq8zv0MtscQP4njCKZOoZfK2tZEP8GVshoor8UcLVedcn2alrLrKA6OKNn5YRHUVU9o+bughz/ScYWPFrvU5zPfakD0a9SIOnDIf94udXN7OkK1w0yj6OVZ5fPs0ptdhcM1nVOMcjxUGT/2fQDFTdzIfYudn9FUt6ctgHnYXfc5Uynsdoibo+TaQE6NLXZzL/IfJ2yQ27/D+ma4QUb6h5GzjCXY/Vcg6ssEZ/wB26cln9P8AcmD/AER42W2mYGCGNgHGwRRX0bT9bQmfGc6drm8jG9XPk2ouiS09iY2Nz/kjRdS9Yu/7L07BCDwX42SffbbAB4kgH5qPUdaUkYHgynZX8YKUn+Eckz574h1Zy1tBEPdEbSdYVW1ZemQN9YW5Kpj12zcZKjVHWchH8lz9+yOC2sB03N52ovj01cZnZqupa3H+B6I3o+zSEfNXi4Sn0dKss/qyreNi/wDVCF7rZtw935lHu/sDLT2v8uDa/wCzPS0GDLLM/wB3PJUhlD0tABpp2n/mJKwZuNfJjzuH5osVRWu5lP6q1L+wP8b9yNwJunoj/Loabb1anNulka7LaKDI9GhYJxnLg7U7JPqjtNTgfytvXKIio/ub1vUNtYAI6WLb0aE9nVsLdmwxj/whYRnzBI8Nu6OIa5w+gbq1JIt0L0zbjq2Ls1g/JI9WsO2GfosS2irSdwMfZHbRHHnYPfdX8iBdGTYs6tj9kVnVsZONljW08Q2e8D7lEMNtjAJq2Z74cp8iK+CK9GyHUcLjqL3b+6f/ALS0ORmof+qxYms7B5qw7dsoBuFiafPWEfmplC5Ut9HocfUtBj++d+qPF1FQv/4xXnDbtYwPLO4/mmi92sfS9ymUgfgZ6g2+0nLZB+qe28tk2DgfzXmAv1EOJHJzepNOzJWkD+oI1NE/jtnqAufGDn80UXJx4zn7Lyt3U9Sd462Bv3K7/tNW7E3OMf8AISr3oF6VyPVW3Cp9Mj7InzTyQS0rylvVFbwK9x/8SlR9SXMYcKp5H/Moppi3ppLpHqLaknbwz+iIKkEZ0fsvMG9WXNm3jPOP8SM3rK6Aj+Xj/mCJNMX/ABbX6PSA+nl+qFhz6gLoprdIcTUrCPUNCwVP1pUuI8eJh/5dirGHq+Pnwn/qi4Kentj6NY61Wc/RC0fkgP6et8uzCB+SqIurKd43iOfuFNg6npRhxjO/uEHAPxz9BT0lCd46jShf7IzNyWV7yewyraG+298YcCRnkeiM260GcmQjPspwV/qIzjrBeoDmJ/iAe6b8ve4tjRF/2Wyiq6ctDmyAtPupIqISAQAc+yEX8phNVdGMTW+UfknMniyC4Fp7ghbp4glxqaP0UeSgt0uzoW++yhPkyZWM07xs8ZTm0cMn1FaT+B2x2/gY+yjPsNOHEwyPa09juoDvKR9siP0nCA+3Fh+jPur02qqieQAHN5yuvppWADSiSTD3oy8lC8beGUA0pj3cz9VrGgEkOYnmkpJBu0BW4om8xToxuAz9lGNMHE+ULdus9I7OAor+n4iSWDUo0WrMGJkt0cuzomY+yiTdL26b+8gZ+i20vTkpcSzZQpbVUsOgxE47hCoZ7HV6iUfxZ5tcugIHyl8D9LTwFR1PQtZFkwSNP3BXrpgdG/S9u4SfSxSN0vaMH9kqdEX0bIa+yPs8Qqem7tT8ta4D7qE6nngcBKzGF7yLJTStIOD9wq2t6Kop2lzImk+4WeWlNEfJ/wDOeNsccZxx7o0c8jX6mSFb25dCNdESyDSf8KzVT0hW0wzHqz7hInRg20+Qi/xYKmuc7cHTnCvrbdDqa5r8EcgrLPtt2gdgYI9MJNqZIToliex4G5PCGNKXobPVWSXDPUrdcDMRriBCuae3QVxGiItdhec9OdVsoJY2VrfEhzvp5XtHTtbYrpEJrXPE4YyWh24To1JI5OtuunHaVbejp5m6msDh9kCTpBzOYTt7L0mipyA06CAVZNpYZmhssY/RMjBI4f8AItTweMzdL4IzCf0UZ/T2gZMeAvbJen6WUZAAP2VZWdKkDLGfmAqfI1amWOTyGexwyMMU0Ie13IIBWWuHwws08hqKJ9RQTE5EkDtJBXttV0vKHbNCr5un3Q+Z4We7TV3L7kaKdfOp5i2j5/u3TXWFrDopqaO9UzeNLdMuPdZKW1dH3GcxTSVlmuI/BUDyE+mV9Sm0uLcacBUt26Nst2YIbnRRzsGcBw3B9Qey42q8Su4He0n1Ldp/y5PFeleoPiv8N5m1HS3UUj6WE5aIJTLTuB9G8dj2K9s6Q/tnW6SSnoOvrHJSOfkOraYjw9sb+Fz37Fec3H4MstVQ+v6SulbbKnlskb87ehCyV6k6vtkcsHWfTLblT7AT0jQxzud3DHPHYLyHkvpxTlvnE+h+J+tcRWLP8Js+8elOt+lusWio6Rv1NX5ALQxw1fYt5C1EF1a1xFTG0t747L807LTW4VjLn0Z1JVWq5tdlsfzBhkzyRrxkf+buvZekf7T3xQ6OjFH8QLM2/wBuZgSyjyTkn8Rfjc8nzFeS8h9OzS3U+j6F476wosltu/6H2ZLaaC7gPtlYI5hvjhR/4lfLA7w62N0sQ/FzsvNegvjT8M/iGxh6Y6nNDcn/AE0dX/KdnuGnh+Nv1C9So79VUzRBeKds8X9YGcheT1GklRLbKLR7PTa6GohugWNp6mtF28jKgMlHLXbHKtiw4z2Wen6f6av7fGs1WynqjvgHTgqrnuHWPSEgbdaY1lFnAkAyMexWGyjPJ0a7/wBmwLzDuBypMFyZgR1DdvVUlo6ktl/jJp3aXY+g/UT7BSJOdgR7LJOpxNKxYuC+NMyZviUp8/OxQH1c9PhkzD9yFWQ1EsBAa8gBWMFxjnxHMWuB5yk4KdeCbTzRyAHIRCBjIUCSia/+ZRy6T/TnZNbVT07hHUsdj1CoVjBOKbpadiFxkscgHhuynIuwAb4mjzM2f6rje2SiN7rj4mkbjKov+xzI9QujZR8Fr8nIb3KMHNwDnYoheAolx2XfFz2Q0kOQQurPdccGuGDgoeSlkpm4gB9DJFIZqZ4IPLCk4xzN0SwkAfUOMqW14wmSRh3myiUslYIDTPRvxDM4x/0uOVKnpbfeqN1NcaaOaN4wWkIckWThDbDMwa4n4P3T4zceRbWTDXPpi49I1TqyxzfMULgS6je4gt92nsp9h6io69gENQ1k42fA84cP+q2MUrJwYauNp7cLN9R9EU1U5ldaHMpqpp1Ne0YB9iuvpNeocTAnXnoz3xK+HPTnxN6dmst/tkFQCCWOczzMd/U09ivze+Ov9nzqX4I3szNlkrrJU+eKoO4jBP0yf0H23X6WWnqSpgqDa+qG/Kzs8rXkZBPrlTOquk7T1hZKqzXOniqaarZhzXAOY8b4z+pXrfFec/hy3Vvg4XlfFV6+v47Efj74+rDSE5oH4V7R/aN/sv3z4UXGW/dM0ctR0897nE489Pn8Lm74799l4nTyBo3C+peP8lV5CpWVs+R+T8Vb4y347P8Av6LGkrjHhkmT6FW0E+sD0WeIBORspdLViNuiQ59F2a7GuziWVKSL1zQ5u2CgbgkFMpKtrs5GUdzQW5A5WhtTRmcWmAe0SBzH4IOxCzVyon0Mh2yxxyCOy0h2OCo9VCypjMbxkFc7UUbuUa9PPZwZbJG6NC855XKiGWKRzHxlob39UJpwVy7a3F8nTptakmWsMpwAQpAkz2VdA/YZU5jxgYWfCOzVfuQ9cTQ4BOByo+DVnKyccTjdVTs/MPCtXEAblVT/APtD06uZg8g8wQUEbLi6zcbpOWndk4R0HK6mtTkaIMSSSRhCSSSUINHBTE8cFDzhJmXAKSMHcIB5SyfVJUEdah1A9E7uEnjLQhZaIZ5SHKT/AKkkDGpcD2Ebb+qn03ZVjCdQ3VhTfhTIywLsXJYRAHGUsYSi2wuo1yZm17CM5VhbIzJUtaBnCr2blXfTsY/iDMjIWmrsx6riDZ6lao/Dt0W2PKnv3zujNwImgAAadgPsgadyt0Fg8tKe5tmo6XjHg+I4dtv1WgJwwkdlU2WExUMfYqxdIRTvB5K2R6ObNfc2EoyCXT4AIWftdT/Eb5UTTDJhdpbvsFbTzto7e6UbeUqj6RhJpa24Pbu+Q4/RDPspL7HI2do3Ezv8ZRoDmqeM7DCDZvNQuk9UWhw6qJ5VRM05YLGSQx0ziRuuUhzROceSodznI8OPBALsKZINEMcTdmkZKaAInTTvl9AsBUVUlZfRE4bDf91reoat9utMsrTuQsTYH/MXAVDxlznZyoOhHjJum7xRjPDQECreY25zwnB+xOOFXXqrDaV3bYoZdA7cswfWlaamUMa7bVuAoVojEMDiM7nuode59ZctB3BKuAGQwCINwQMLjeTt2VtH0f6T0rnJSXohO1Ol9SStlRxmGkjjPOMlZGjYZKxo5Wybs1rfQAL5n5Oxuxn37wVW2vLHs3dhSo2g74QI+VLi4XnL2evpXBDd/wBsIPGE3HmSeP8AeHlOAGFibNLJFJjURhSVGpSNZUlUaYBYv75ueFCn/vSPcqY1Q5/70j3T4Mz3mM6oY5riQqGOZxx9lq+o4C8SYb29VjonYcWkbhei001KtI+b+brcdQ2T/qZwo4aWuzjgolPK3GCiOjaQSnnFUsCewTROHdHtVe6jPy8py3KjxNLXZKbVU78+Owbdx6e6CcdxrptwaqJ7XAOYcg8KSx+x2VJZasSRCNx3CuWu9kiKwbd+Uef/ABqsAunTf8Rgh1VFES8Ec47heCxE7bbFfWlwo4q+jlpZWBzZGkYK+Xr3bHWS61Fuki0iN5Lft2XovEaj/wCmzx3ndFGEvnj7IY9wnpievSnmAjTjupdFM5kgOR9lBcnNJbvnKZVPaxVkd3BpYJWyg4IRNPuqaiqi0gFXbHiSMEd11KZbzDatksA0WF2lwQzynxuxjK0FRnh5LCLzBSI/K7PqocL9OFNbIHt4QnWonwsh2nITJYBINzwnNd7IjUB0IvcgdPUS0j26Thv3V/S1UdUwBrt+6o3QeINuU2lNTQzh7eP80Mo5DztNA+FpDsjsq98RjfqAUylqfmG5xjKUsIePLypswaIWDKarOoMdgFW8OSAc8rNzwyB4czbCmW65Pa4MmOcJeDq6a5dSNCOERuxQIZBLGHjujIorJ0E88oKCNICc1BGVIZwiNMOzuAn4CanodqGg9DfRdAxsE/BSwUGQYxycIB7ZVVden7bcWnxadrXn8TRgq2TS3PJSpRyLnVGziR5pduja+jLpaciWIb7chUb2eE7SRg9wvZWsPGOVXXTpS2XMFzoWxSH8TBhJnWZbNAl90DzGKqdGW6RsrijuYGkEgol26KuFCS+nHjR9scrPyRVFM/TKCxw7FKw0IxOntG0p64kNOcqfBWA6RssFBXzMIAfx2VrBdiNOpxGO6p8GirUfs20dSXY2R21GyysF1O2ZVZU9e12M7ozoVamL7Zfx1JCkMnJ2wqeOrYeVJjqmAolydGu3JcMnzyjxyhyqWzgjnhHjmAIycqksDozTLMPGUVkmBsq8TZI3RWzjG5RGqM0iwZIQQBj9UVsu3IVc2cZ9EUTbclAFGzJME26NHLxwq9s2CitmBwptG5RZCQEb4/VP1hV7Zxjconjj+ooQ1JIm+IneKPUfqoPiH3TxNv3VpZC+UneL7LolOdgoniNPK6SG75RbA1LJMEh5RBIeFDbLnYBEa/vpUwwlNE5s5GNuURr9QzhVUlxp4NpXAfmqqp69stPIYo5S8+oRqDYqeprh2zWEgckJklVTwYM0oaPdef8A+2t+u1Uae02xz2jbUW6lYW/oHqO/yeNdqqWFrjnAeQMfZNhU2xD1u7iCbLS59dWakJipHPqZG7aWhQAesuqGlsQbRUzuzecfdbO0/D61W0D+Ux7u7i3JP6rSR0UdMwNiY0D2GFphWkCq7LuZtox9g6GoLY1k8zDPUY3dL5gPtlaeOLADQ0AD0VhG1uMaRsmmHzDC0QgkNjTGPQBsDcbNyu+EBwFI0loG6dp901YaI+ERmNAK6QMIpiI7LP8AUXU9tsrS2Z5e7GzQeUtmeU0ifUv8LzEgD3WMvvW0YJo7cPElPvss1db9dL48tfO9kDj5WNKuunOlZKnQ6SPc76j2UE/JK2W2LIdDa7nd6zxK2Zzw7B0ZOAvRrJ09Bb4WhrBnGc4U62WiCjja0MaXAbn1VmxmMYChpqoecs5TQtbyEbATmgAbLihr2JDSMDOVnr9ew1rqGjIdO5pzv9I9U+/3/wAIG32866l3p2Co6SlLfO86pHbveecp1aMGqu/oOUlC4NGo5ydTj6lT2MDQABhEibpG4ScAc74WtJHLm8jSxoG5CqblUB7jDA7YfUfX2Uyd7nOIbnZQXU5JyBj3VxWTBem+iCGfqmOYVPMGkg4VdX1HhERsxnGSm7Tl3y2dkWoOO6iuIPKI5xeckoWABujaOfOzIzGAUIt5Poi69SFO7cYTILBnkwZ7qOd8o5OAo73BqgiTwR5MqBM7Tnbup7zlQ3NOsH3ViGR2AucCRsoF+uRhi+VpH+Y7E+ykXevZSxiOH63BZ5viSOMkoySg7OXq9RjMIMiU9IYcvd5nu3JKO7PcKTpyB5UwtwqOVgamJ6YrYuxN9DE+PfCXfACJG31CpBRi2db7pP34ScPRJvuoFjAwMzuuul2DWjPbZRauqJzDC7fuVY2egk0+NP34BVjq4uT4DUdM5wD5B7gKbJOdOkD2TnARtwO+yAB5s5VNpG+MFE61pcclMrq35aAuHZOmqoKaB0khxj91iL3epKt7oo5MBZ5TwBZYlwRrpcn1MjvMSM/qqlziTk90WRwwCd8Ibt1z7LNxib3PI36lxIRnPKNDCXnAHKWotspDGxudxuptNR5IMjeVIgonMaC5gRi0jGEyMcBquXbOsa2JpIHZNja+c6WhHZTOlxnup0VPFDGGtbv6p8MDFXuI1Nb3MOt4zngZ4R/D39FIZG4jGDhCqaqloma5n4PYeqKU1Ajgo+jkn8oZ2B+6o7hc5ZAYWu27kKLXXSpqJdYdpB7KNkncnJSJzyuBUpZOH1XCcpOSDmjukSl+wRhc47ZXRwuAZTkiTyEMSTVw8JTKHYHqu00TqiQMDcjuu0tNLVSiOME+q1Vvt0VJG1ukau5T9LpLNSsvgzW2qKBUFtiijaGtwRurQNAGPRJjQBsMJ2kjsvR6ehVQ2pHPsnvZzGE8tA7brv1IgaVqjAXkbuDwiDjdLAzlPTlFIW3gSSSSsXKTfQkkklBQkkkkAQkkklBwkkklAhJJJIwBqSSSLonQkkkkokZZEuHhdSS2g28AHMxkgJrQ7Xt2UggHlNDN84Wa4ilkPD2VhHwFAi7KfHwFz7XliLeWdSSSXKsX6AHpJJIAhJJJKEEkkkoQSSYkqyFgekmJKZAyJLZcJHCCSc8pQbJJazGxCAeUsn1SQYBSYlzAXUkSjkM4eCgHGSiOTULiVkcB6Fcwey7p90tPuq+MEHsul5AS0+64RhC6kHvYvGIO3ZPFVMBjUP0QtPulpQKmL7Gx1FkfYT52b1SFbMDnIQMFLBU/j1v0NjrLYdNkxlecbpPuBdthQkkp6aA+PlNRHpkv50k/ThOFQHDlQkMahndU9NFdD4eWvfbLLx/8QQtYPLlF1O9UzWfVD/GRqp8vJdkzxB/8pS1jthQ9Z/8AlKWs/wDylKlSbq/LJ9kzWO4TNQ+6jayeEzUfU/qkuvDNkfJwl2TdQB5H6pamu7hRCcckrmc8FXs4wOj5CBLLmj8QQzNjsgeb+pdyfQfmq2ezTDyEEF+aDjuE8Tg74QRkf8OP74Tw4BXhDlrqn+TCGVzuAntPOWkIJmxjDQufNTdngD7KnFMYtXU+mTWuI7LoqphtqCg/MS4+vn2TNWfxIPjQa1ij0y0bVTD/AIgwisqnEDU7KqBJjul4p9UEqEwv+IuPReNq2t5CcKuMchUXiu9T+q74r/6j+qr+ONj5Rrsvm1sQOdJRxUQubs4LM+M4dyl478YD3D80uenGLy+DURzsa/yvUgyOLQWVQCxviyA6vFcl83INtbv1WeWj3Givz0oGvFxqac7Thw+6dHf5HHEuw9VkBWyj8bk5lZK78STPx8fZ0afqOxezbRXuixkybqR802YB0M7cH3WHEjschObNIOXlZ7fHpfidTT/UqT/1Gbpj3vIOon7Iv+9nBhOFjYrvXwMAjqNh6qSOpK9mMvDvyWKfj5ro7FP1HpJrDZsIZLkwZGk4XW112OwoYXj7kFZiLrKoiwJWsx7KZH17RtxrgO3OCs8tFZ+joVeW0kurGX4rK7cPt4GfQrnzcp+uzSu9wwHKqGdd2okeV6nRdbWnDcveAs70ti9HRq1kJcxsRKE1K/8AvbFUEeoiC4W2d2zrXK37xjZM/wBubUcCOocCfVFb1ZRPOWzjf/Cky079xNcdSpdTRw2+znf5XT/4EF1pspOC2QE+ymt6ipDuHt/8qIOpKA+V7Ine7mApU6lHpBq15y2mVbunbefNC47+pCaemRjLWj2Vub7Qu3aYB/8Aa2/9EWG5W+beSopj7ZSHWxi1CRnj01LnDT/qnf7M1I/D/wDUrTCvtrTmOeEEdwUX+LQDY1kePyVfGxkdSkZP/Z2bvG3/AMq6enAfqgB/Ja3+I0R5qI/1Tm1duf8AVI0/Yqvhk+kG7a3zIxp6bjP/AAG/ouN6WYc/yG/otw19rO7XD9U9vyLydLghlXKPaKT076Rgz0lETvTM3/wrv+xdNgE08Z/8IXoDY6QDBIP5rhgou/8AmluGQnGmPUTz/wD2NoO9Ew/kujo63g5+SavQvl6P0/8AqkhTUZOP9VXxspOpf0mCHSNvAx8i1L/ZG3//ACAxegC30RH1j9Un0NBG3W5+33U+Mma/SPP/APZG3/8AyCz9EQdI27/5Bat8KC2jZ8wan/w+1966AA+rkWwJbWYAdKW8DagYuf7MU44o4/0XoYtdpP8A9kYP/Ou/wu1N3/ilF9jO3/qpsLxH0jz1vS8BO1Gz9EVvS0W2KJmfst6LfSE4guVEcf8A0dv/AFT/AOGtZ/8AZKB32lY5TYHBwXaMIzo4uwW0jcfZSYejdxmkb+i2LqPGP97z/wAhCcyGUDAnxjglTYFKUX0jKDoxwH/ZG/ojN6MZpBOhp9MLTGOr7VTcfZN8Oq7zNKmwtTivRn4+lRGc+Qj7KU2wQAYIH6K3EFU7iQJzaSp/qCmwvfH9FWyyQbbNR22enacjSp/ylQDu9v6LjqeXIzj9VThgi2sjspGxjAAPuiMppxvgYPbKO2B2PM5o/PhdMTGfVVwgH1cr+NtBcIG2OYOwYx+qksYMbndNa+3MGZrnTfbxEGW8dN0v13OAn/C7KD4/7BqyEe2SWxahvuiiJrTnSqh3WvStM7Lrkwgeii1XxR6MhxivDiOwTI6dsGWqpj3JGniLBhujCMIw/BAwsBU/GzpSmwIYZJT28uVV1f8AaAgaAKO2A+mWpi00/SES8npYdyPV2QluN0V0J2wcZXh1V8d+pJSflKKnhb2IG6pa/wCLHW9dt/EhEP8AA3/1RLSWP0In5rTR/HLPo7w8DcgD1UaastVCNdRc6Znrly+Yajqbqe5OBq7zUu+zsKAYZZXl8khc48udkko1pJL8jO/OJ/jE+m6jr3om3jFR1BS6vRrsqhrfjT0VSE+BUSVBH9DV4PHRuOHEqdBT69iNhyr/AI6Qp+U1E39qPVZ/j7bWnTbrNNJ/ikH+mN1V1Hxs6oqzijtVJG3sSzdY+mpqeMAuhyp8TmNwGRtH5IvgQUddfL8mW8nxF68uHE0UX/KzCiTXTq2u/wC03eYNPIa5Njd304wjCoETQSdlPhGrUy/rYFttuFScy1csp/xOyjxdPxMIdM3coMt8ig2ZIGnvuok3U2sf34291aoyF/JhJ8s0ENtt0IbrA29lMjntcAyGjIWM/jc0+WxvyV2Nl5nOY2ZCL+Ogv5Ef6TYSXykh2H+ajVHVLA3+S059Mqhis16qSA+JWEHSVykGZGFo7pkaGg43WM6/qapfnylQ5LrUyElspVqzpOnpvNWVZj9nOXfD6aot3VjHkcgHKJVMkrZy7ZSSVdwl/uw9/wBgjQWq71QBdJpB7YyQrf8AjFsY0m30rpHj1GAo77zeHOzDTsi9wEcasgSvhHtgm9LyHeqcB9wuw2uz05/n1MTCP6sJpbd6wk1FQ7S7ndObZqQHxKjzHkkpiofoD+REa6vtVO8sp4JJNPdo2KGbpcJjppqR0XoXqTPUWyhaPO3y7nbhUdb1/wBO0pLX1JOPROhp3+jNdr6of1pFqKC91bcS1sYZ6NO6dHYaRpDpxrd3ysbW/FuzQZbSeI4/4Qs/X/FOtnOmJ2AeMrRXpJN8o5d/ntNT28nrf+5UbQ3LGYUSpvltphmSoC8WresL1WbtnwCque5XWsbomqnY9lphpTmXfU1b4qR7NV9cWSJ398Dj3VHcPirQwnRSRudjuV5lT07if5jyc+pUkU0EbgWAZ+61w0kP6jkar6g1NvEXg01w+J95n2o2RAd8t3VLV9S3+5sMdRVu084acILWMc0AMG3opUVDOSPCj39VshpoRXBxb9RqNQ8zm/8AuTLZZmVFM2orqgtc7cNypJtdLEfKduECK33Z2MPwPTCnwWS4zj+c/I+2E+mlJ8HPthN/3BNprWAA6TdEjmooX/y4NWNsqxg6apmAPnkHuFOZT2mhALHMyNt10qqjl6hbItlTHWTDy0lOd/UI7ae+1XEWgFTzdqGHaONpI4whSXuve0thiA9N10K4YPM6vUtEVvTNynkzUTaQfVSm9NQw4MjwfsoslV1DM7OMA+6Xy14kGJpiGnndaIVp9nC1GrsfslChtkX1vAwnB1sbsHce6jNtgkwJnHI9+VIbZ6bAytMIRicyds7HyxxqaIjGvI+64KyjHBTxbaUDBauihoxvoTUoxM+1yA/xNjSQGEhMddphvFGVLEdAzZzQCEvmqFgwGtx9go5r0C62/RXOu9duBA5AfXXWTguVma+iH4Gphu9M3YRjZBKRarlH+krNF2l5a7fvuuiy3Fw1PdK7PqVP/jrGnEbcJp6jqR9EUn/lU3oZGqcv6SI2yV22QT90VnT9Y8jy4/JE/wBpKsgkwuGP8K5/tLcP+GSPyU3xDVNy/FBR0zV4+kfojRdPVLDnQD+SiNvl/k2a/GeNlwVfUsn/AMQN/ZWr4R4Ya0erkXTLC4MBe9jfuEv4OIiXulYB7KkdT9SVDS2Sfyn0dhNFpuzv72cjHGXEov5NYX/DdVPsu/laWMf3zP1TS6jj+udo/NU/8FrXuwZv3TndP1DmgvqQB+qn8msteH1D7LI3GihdkOa9cffaNuPKD7Aqt/gBaN6tp9Vz/Z+McyD8lf8AKgaavBXyJz+p6dn0xn8kA9X8huoKP/BYBs6U++F1tit7XAiSXPfJQy1EJezXH6btfLBy9V1r3EajpQD1A92dRdn7qybZ7eBgZP3ThabSDu05S3qIr2OX08/bwU7r293d+/ugm5H1ctGLfYwNxkpop7ID/dof5UR8Pp2Me2Zl1e5x31JvzZPEZcfRasNsg28ILmbO0giEfoq/lQ/Yz/gFf7MsKyo4FHLj7Lpqqs/Qx7PyWr+btLRjwWprq61M8wgH5K/5UP2T/gFZmGPuTuDJ/wCVGZFeXca/0WiZdqIHApX/AH0IzblS4JAx+Sr+VD9k/wCBVwM0KG8Hu4Z9lJba7uQD4h39Qro1TJD5MpuuQfTI4fYolrIIv/g1ZVCz3l2CJce+Cni09SNA8Oqz91YaKp5z85KPbK6I6sbfNP8AzKr+Ys8Mi8JW/RAbbep85+YH6ozabqwgA1AP5qYG1g/+JP6lOaytxn5hx9slMWugiS8DD0iNFB1Qw5OD/wCNv/VFL+omYEjdQ9Ajt+cBzrcjtnq8YIJV/wA+Bnn4FSIJrbpHu6Cb33T4r5Owjxfm249Apvjz/iaT+SWtzuY/1CKOtgzHP6dT5iwtL1KI2bVlbGSe6s6Pqis1YiuTnH/GqZzQf+E0/kgvoonkuDC0n0Rfy4HPt+m7PRtqbrm7Q6QwRSDG/urKH4mVsYAloMAdwvN/lZG+Zj35+5Tx/FGjO5HbJRR1FcjBb9PSh/Ser0XxVociOqY5medloqLrXpiqAcbkxjj2JXg4qJx/e0jSQOfVJlwbnDqLSB6I/lr/AGYrfDWLqLPo+jvNnrXeHR3GKR/pqCmtkYXYa4H8180svFPARoEkZxvgq1t/WbIy0Nu00eNsHUf8lN8TFPxlsfTPoqIBwxpzlONDFkOcMZ7LxGj+IVREW+FfB/43Ef5rR2/4m1IaPFrKWfHuiU0+jJPRXR9HphttI8AeGPyQJbLT4GgbrM0vxGhljDpGsB/w4C0Nv6ntVaxpNQGOPYq9zEOqyH5I4LJMSdLtlHlt9XESPDJx3C0VNVUswzBO1/2KlN0n0VOzDF72uDGuZKw/zGFq6Q08gLXz0kEzdMsTSD7KMbJSv+luEcbs8FK3BlDbaSYlzo2gkeiivslM7OlvHstVNYntdmEkj0UOW21UO5ar3oap5M2bI8O/ltwEz+GTMPGVoCHg4LcELhiZLgOCttMvJRmjdpw6Mb+yjy2OnqG4ljb+i0EtM9uNDNQQTEW7kYSmkyKe3ox9w6Dt1W3DXviJ7sWQvPw3raLMsLnVLBuO5XroaM7pwj1DAVbUaYauce2fN9wsFXTOL30kkQPfGyjwSXa1StqKCRrZGnIJyvo2ptNJVNLKinY9juQQsvdfhtb6x5dSy+Bq/wAOQPyQ9G2GqrmsTKLpX443O2llLf4PGj2Bd6fYr2Xpjrfp3qWJpoqxrZCN2OO4Xgd2+H1ytznl9OJ4uxaMqjFuq6KYS0U76WaPhzTj9lYm2uq1ZgfYTYiCDjYo7g2QBrhwvn3pP41dSWNzKbqUmvg48YbnC9o6e626Y6nha623SPxnDeN+xH7oDFdpp1l0bbTTgFzQCoVTYIZWnwwM9sq0YSBx/wCqOxzW7kcqGPLzwYis6cn1uw0Y+yo6yw1EbtRGPyXqj4myYIwok1qhqR/M2SsBKbR5RJbjggtzhVdTbKWRjmSxNe08tI2Xqtf0s2R38kj04WXu1hmpZNLYz98ILK1PsZCeHk8W6q+D3Td9jlfDT/LVDtw+MY3XnFx6R656QaWW9xulMzbwahxdhvoOMflhfSlRRlpwW7qvqbcyQFsjQQecrDd42q3pHZ0fmr9HLKef8nyyK3pa7VX/ALxp5rFcGHOeWF3sdl6l0X8dvix8M2Q01LWf7T2VuzYKoePGG/4ZM6j35KvOrvhnZr1G7xaJhe7h7RgryW69BdYdJSPqOm657ohzC8ZBC85rvp+Nsdtiye38X9VTjNSjY45PsP4c/wBpX4WfEB0dFcalvS982109VLgF3+GT6T22yvb6S71NEPl7hC6vpXAYc1gcdJ7g8L8rJLtRV0nyvUtrdRVTdvHYMDPrtv8AoF6X0F8dvip8KImCzXJt66aztRVJMoaO4Yc+QDPGF4fyv0g4ffpX/wBH/wC59N8Z9cQg9msX/wDUuj79rei7B1ETXWidtHWjdz4hodn/ABNVZJc+pelpA3qS3CspQcGupxh7R2y3v+q87+GH9pj4cfEyeGiZWP6fvD9hTVzgwOP+B42cOF7XFdKhkYjr4m1MDhgPGHBw+/deG1egtolsui0z6HpPKQ1EVOmSa/sCoLjbrrT/ADFvqmzNIyQD5m/cJ7m4OeFXVvR9qqXm5dJ1j7VcTuAHbE/4men5qEL9crTIKXq2nkjcThtYwZif7k9v0XJt00l0dinVRf5Gopq19M4Fpz678q0irqWsbokaM+hCzkcjZGCWN4exw1BzTkEeqLFUAOB05WZwa7HvE+i/FHH9ULi085BQ3VctO/TUN8g5cFEguD2YAOx5U1tTFK0AOBJ5yMoAJQwSI5Ypmh0UjXg+hRSMqtktpaTNTOMT+cDgp0Vxc0+FVROaeNQ4KoW0TnRNIII2UYRuY7Y+XsEYPDt2uyCnFoPITM56AxgEyYbNI3RQcqPNTtdh0XleOD6IUVTIxxiqGnI7+qgJLSTQ9rhkFdzlCyHMlO1e6Ym5PqlqWGQKGg8obh4LsAgx+hSLtKTS1/O4T4zIognshkOYjg9xlPL3CMMIzhNmptg+HZw7eqbHUhuGTNLSjyC44K+52u1Xhzae5xN1PBa2TG4/NZcyXvoqd0MmK20tJIkG7om+63E9NFUsw0jPII5BVVNXVNLKKW4Rtezs7GxC2UauVL4Fzq3AbvZLD1rY5YHGmr6eePTIwYd5T6r8/f7Sf9lK59DVk/U3RVJJNbHOL5ImjJiz2+y+6P4JV2uvN26dqmnUS6SnccNd649Fcl9u6mpNMzWNkwWSQyDv3G69f4vyc6JRuqf+UcjyHjIaqr4r19r9+0z8bYpnNcYZxoe04IdsQfRGOk9wvqz+09/ZQqKJ83VPQ9C4Rxl0k0DB9JPce23C+Sf51LUOpqpjo5Y3aXMdsQV9V8V5mrXxzno+ReW8DqPGSeeY/ssqaocwgAK1p6rWACVSMfkAKTA/Sc53XpK7OMo87ZXu6LWZoLdTVGa/Bwd0SGYZAceU+qgikPi0/PdqZN55EJuLwQbnTfNQ+TAcFndBBweVqGAkYKr7jb9WZoW4P4h6rn6irOZGqq3BWROw5TI5SWgFV/0P3HCPE9paAuZKGTrUXL2TMlOQQcp+QEp8HRjZwKUnAAVe/IqHqwyCq+fHzDimVYzyI1jzWHZ9IScuR/SuuWpHGYmpya1OTEQYmJ6YjCEnHhNTjwoQ6eFGccFSTwoz+UqRUTqSSSnaGoYnO4TU87oU88BshSNOeFzIBOUWbAI2QZGknIS5lo6eQp9PwFA4IU+n2Ayri8AWdE6PgJw5TIjsAnjkJ8XkxSfIaJaPpdpdcGEDPCzkXIWt6MYH1wOPRPq7MmsltrZ6KchoHsnN3e0D1XJNgnW8F1a0c7j/ADXQieUn9qNtSARUsYA5CdOdgB3TW7FrR2HC6/LpNPotSeEYpvJA6lqPBs7gCMkEBO6ejFPYSAP7wZKp+rKgvMNC3OS/daKjjENpZGBwEtPIbW2rH7L61Dw7OXEJ1nGuTWQusAjs7QPROsxzASBghEc2xegdQfmLlHG4eVh4Vk/LpA0HjbCg20iWrnmeN+ymRZ+Y1dkbKaMp8Q6/5e2upwRkqr6RpwIxI8ZJbsonxHrvmLmykbtuMjKtunmBlOzbGw/yQxlk6O3bSv7l454aCPVZXqmrxG6MnbCvqmUMWG6krC+cNyibwSmttopqMeJWtcVaVIOCfQKJbIcy+KdgBwpda4Y2Xl/MW8NH1/6O0qVe79jrFH4k4kcOStKwnUcqksTNEYkI4Kuo3Bztu5XzbXW5sZ9t8bVsgkSYdlN4i/JQ4gf1UzSfCP2XD1Ess9DSiG4fzMp34U131p34VlH4wdpSfEIUscqJB/e/kpbzsChk8IfEKwqLWFvigAc8o7DuAg1WPEGyKEuRNryV9wohMN+4Xm1zZJRV0kbm8EheqHDwMrAdYUUkVd45Hlcuzob8SUTx3ndLmDtKeGd2oAhWLMuaCq2PAxhWEMzS0AhdnJ4bewo3OVJiAeNJGyj43z6qRD5fMqbyOrmRAX0VWCCQ0nIWnpphLE143yFnq+PxGBwG4RrZXOjxBI7HoUmUc8o6Ncso0jHDIzwvGPjj0++lrob7BHiKYaXkdj2XsUOrALjuqP4kWQ37pWeCJmXwjxAPUBadJb8VqM/ktN/IoaR81NORlEQ9OnLfTZPHC9tVP5IKR85nFweGPXRuuJIo9igrHeGQQrqgrWOAieQD2KoAMd0aB2HDJWymxwYi6G9GoaNQyOExrcOQqKra6IMPKOW9weV0YzTRi2uISLkeym07zkbcqA3uSVMgeAUeGzXTbyok9rtuEVqAxwI4RmO34VHWrsDtJHIwk6PxG4JXWPBGOMIjVDRnciPG6aB2WuwFZU9RqADtyob2A7prC5juFA4/ayzcxsgPHCrKinqGu1RNUuGfYEhSBO0jZqVKORyk+0Ctd+hZijqxolHutNC0PGQeRlYO9Wh9UXVdMcSMHA7o/SXWD/FFquRLJmbDUd8IJPadDS67ZLZM3JaB2RGpNOQDnORlOaiXJ362uxycmgE8J+MK5RGt5O4CWAuro5UwUuRugpafdHGkgbLmnT3QuOAkC0eyJjP4f3XS0BE0N9EtxHpAAzKi1nT9puJElTSMLgOQArDw3J2k/wBP7pcq89ElXGSxJGAu/wAN36nT2uX3DCsxXWG+20ls1C8tby4br2hrccLj4GyDTINQ9ClOrLMlmghJ5R4fDUPiI1t0keoVpTXLOGDBK9MuHTVqr4/CmpGDvlrQCs9WfDKieTJRzSxvPG+ypwaFPR2Q5iUkNe924KnxXF7SolT0D1FTtPgStkA3woJtXVdKC2W3SEDuAhwy4yvhwzTx3QHBcAFLiucDiAHb+ixHz1bSODa2jmaPXSk3qKMP8mW/kphjq9W63956DHVl2COFJbMcBYGHqaPAzNjCmRdTxf8AyR+6mDdHXwfZthKeURtQRthY9vU0WP8AtH7hOPU0Lf8A4jP5hTA1ays2TJiTucIwn2G4WJb1NCDnxT+qR6tgGMyHH3U5D/n1o3QnwQjfMfZefnrKl2aHvJ9lwdTT1R0UlPNI70YCSptYX/EIPo9CFT7BcfXRQgGQ8rDQS9YVhxTWiqAPdzcKxpej+u7gQZGNhB/qcjimiLWSb+2LNJ/GqRpyZOFFqurrXA3BkyR2yh0Pwfu1VJm6XQwtPJjdkrQUXwd6cpiDPLPPjnW9NjDI1TvkuODF1fxAp2g/KhzncABKGTry+t1WyCRkZH1Ecey9ftHSFgtbQyktkUeO4AyVdiKOJoETQ0DbZGqhkdJO385M8Ttvwt6nuzvDv1YGxO3cCSc/llba0fCOwUQYZnOmLe5/+atyWahghFjaQRkJqhgdDQVw5y2RKOzUNtibFSU0bGtGBgbqYwFuAigg8DCcxhecBMjE2QrUOhNG2wRNJcnRsz+SLE0b7ZR9DcAPA913wR/T+6K9jy4aQpkELQ1rnkDPcnYIwJJRILKcu8uEO4VFDaoDVV9QIo2jJJVZ1N17ZbA91LSD5+rb/wAOF2G/+bB/yXmFwvF96gm+ZvM4Le0Lfp/NGYLp54Ra9T/EeouDHUPTsL4WnIFU93lP5Y2WQbBUTuElTUyTy/ic45/RWtFbZaqVsEceGd9tltLJ0nT0sgnmwTzjChmUXPsqeluj3SPbVVbABy1pC9AoqOKmxpYAPT0XYImswAMAKQ0Y2ChsopjWlgKG54HCedsJMcG4yo9XcaWjhc+pkDPuVDXxBZZMacZPosz1B1N4ZNBQ4dM7bOeFSXjrKprnils2RGTh83+gTrfbCz+dUHxJX7lx3RwhuMN+qi+Ij6WlLPO465n7vef8gpscenAAR4abvjGyM2IN2xwtEIbTnTnveWAAAHCC7fZTHHAKiuOEwU+gPhhxBwuGFoGR2XXO/ZVl2uraeMxROy89vVHFZMOonGCywF0r44sxQnLuCVRuc57i525K6+R8hL3903GE2Kyee1FkrpZYkF3CMgkjGEZisQFxw7IQ85RH/UUI8JqFWP8AQOY8YKiS52wjnc5KYQ0kAqGeUwCgXSobTQE4DieBlS66riow7Wc44Hqs1PPNUyufI7IPA9EDOdq9VshiBGeXzv1Sbkp7YgANl1rW5GyJgaVWTjuXsHgIE5Bxgokx2OFHIJKiQDlg4kkkN0RExAZKM0ZHGF2OLONkZsenBIVZGwSANYRuVArKsAmGE79ypVfXCJhhjI1HlMtttL3ePMPsFC9sZySQ61WsvcJ52/YH/Mq8cRC0AAcJoAaMjZMkdqPphBKW06NNWyOGcMmopk0jWNwSEiWtG5VBfbo2BpMZJxtkLPKZV1ihEjdQXdjgaeI5djG3AWVeQXbfmfVEmmMpL+C7lD0+6yXT9GBzcuWNOcbnKcOyQajsgc7BA5WfbllLnhCggMp4VhTU7YwPLuE+mpxHGBjcqTFC7PCdFJIfCsaGk7YR46bhxCPHE0YGFJZERghqMfGv9gYYcbBqlCLTg9kRuljdwAs9duoMaqamGexOULltLlONaJNxvLaV3hwebHOPVZesq5qyYySuJ9B6JanOyXElcLM91nnNyMs7HJjA0gYwu4K4u6fdKdmBYNNyUTAQ0uUshdhUklzV7IcAiJwnQ0c9ZKGRD7lEpKWWslEcY+59AtPR00dLEGMbv3Pqtml0/wAr5M912zhArfb46KIAAazyVNbynYJ4C6Acru00qtYRz7LHMM0ANHuu4DkgMhOWpRwKGgHKMAMJuAuohdgkkkkzJeOORySSSoBpCSXcHlcUBEkkkoQSSSSgYkkklC28CSSSUBEkkkoWJJJJBKWCCSSSSZzUS28CSwEshNMjQcLHbZkENG7thSYpB3wPzUESt4XfFWK0FxbLNJJJcuUsChJJJJZB6SYkryMwPSSSVgjEkkkAYlw8Lq5kKEGHK4iHCGeVCCSSSQkEmJ6YoUxieknqFJZGJJ6SheBiS5q9l1UCMSSSQkGYC4QMJyShYIj0SwUTAXCBhQtJg0l08ripvIwahuRkNyFkzkaDlIenKII3enK5HTOcd1nsko9jqozf4objKSlRU3GQpIpKfuxZJTSZ2KfHX2JPorNBdhObFtuFZGngZxGgui0/S1Uppm1ePsguWRMFLBRzGc8JpZtwjSTK/izyRiD3KZ4zgdwjlp7IZj9lWQ/48md15HCFnfIRSz2Q9OEUUHGEodnQ89ylrKWd8JZCJRTHRlkb4p9F0S+q4W7crmj1KqUUglLATxh6LhmB7IOQugtPdDgvLkPyU7UTsmobpmNHKUxvQ85JySn591DdWBpTDXREY1HKHAxPJNc4AjcLrHtAzqxhVbqpxPl2TTVv9cfkrccj4pl2KyJvL/2THXKD1VDLVT6TpdnPsq90le4ngZ90myKHxj+zUvu0QcDr49VGmvtO0bS7qgbHKf755wfQorIKHHmccpDhk0wWCw/jzCceJkJC7U531HKhmG3sPOUN8cTsGHb8lXxZNcJuPRZuuIO8R++U112dkASb+irhT1WPqACJHBTjeoOClvTmurUzXsnC6zctI/VGZ1FXRnII291Xh1ANtv1RPEoW7g7pToi+GjX/ADLF1ItmdVV7RgcosfWd1iIGWvHo6Nv/AEVE6opRu07BcZcaXPcYSZaWC5wbKdfbHubNVH1zWgZkoYXfkjxfEJjcCSyA/wDhWRdc6UYwChvu1OcbZ+6TLSVv0aY+UnH+o3I+Idu/HaJB/wAicOtunJz56Orb64P/AKrCNvMDdvCjP3aui5UZzmmj/RD/AA4Dv+M2+mb7/ajpiXHmrmH3OyIOoLGceFc6lv3JKwAqqOZwAAYulsBHleP1Qy0UH0MXm7j0Vl+tBGf9oyz2ex//AERWX+1E4/2oi/8ALJ/0Xl7mszsT+qQA41FB/Bgxlfmrmz1ht5tjhqHVsYP/ACSf9Ev4zQEefq+Nw9BFIvKxCSM7rnhgdyglooRNC83eeqf7RW1v/wDMz/8A7i9Ob1VahnV1C8j/AJT/AJLywNH9RTg1o32/RB/Eh+if8cuPVB1fYm//AGYqSf8AlKcOtrDGRm5VL/8AwleXtA32wnNeGHGnKGWigxi8zcz0qXrSxuIca2r/AHT29bWBv/EqJD6OBXmwe1w4Ts43Q/w4DI+ZvXB6IeurVq2ZIR9inN+IVuZgMp3k9gWledh540p2fZC9JBDv+MXnoo+IsZ3FI3H/ACpzfiTGwf8AYwvOPGI42XTVNb6KLSQZT8zcj0gfFh0W0dOB+SM34q1rx/KgDiV5fJKBghq4Kw4wAi/hwJ/xm49PPxQuZz/Iagn4n3Qk4gA915sKmQuzkp4qX4U/hwL/AOMXHoZ+Jd4OcSaQU3/b67uzm4TDPusEJZHA4B+6YHVDdg/ZT+HAp+XvZuZevLs07XGb/wAyE/ru7OH/AM8ph/4linid5BLuOyeIZTgEqLR1rkW/KXv2aaTra7uBBuk//mVe7qi4OJJr6jfnzKsbTOz/AOqIIhgDSmfx616Fy1183+TDydR3Fxx8zMfu5BddbhMcGoduuBjAc4H6I0bWDsNvZC9PBei/5Fs/ykwYNW/6pc59khR6tyBn1U5jo8aQAnaG8lK+JJ8BqTfbIDaXBGAispO+FJ107Ru/GE0VtK3cvP6JmzBTxkb8qRjZHipRt7of8WpgCI43PPYAIkVXcHjFPSA+7gptwNjn0iRHRAAHGFIZSAHIQ46XqKYAxthbnthSY+nL9NgzVbWjvpQP9MOO70hojgb/AHkgb90UVVBBjE7SpEPRchcDVzl49yp8PSVtiIL4NX5lBKJojC1/iUct7po9oYpJT/hCYy63GbBpqCVp9SFr4LDboseHCG/dH8KKDAawfoijHPQ6NNn9TwYwN6mqyA1mgH1UyHpm/wBR5airDWHfhad08MRGpwB9EN16ijGHTtjHqVTplL8UN21xX3sqYekC04q5w4fmp8HTlipyHzNyR7qNWdU2iA5qK/J9Aq93XfTbDiRs0o9xjKKGksfoU9Tp6fZpomWCBo+XovFcPRGZWVAANHbcY4aRysLP8SHveY7NaooY28ahkn3UKbq/q6szqmbC3tpw1Njo7E+RU/KUw5gz035q7Op81MtNSN9Rsf1VZXXWlLfDquoyQO0D915pUVsEUplu95i8V27gZMlU9R130xSSmOOGSfTsXDYErTHS8cmOz6ghXxKR6bPU9PSNw35qseOBKcAZ53UiCtoo4w1tDA1gHLxnC8TrfixdtYjtNLDDE3gObnKz9b1L1DdpC6rukjtfI7BF/DX7OZqPqaMOK+T6Aq+prHQuBqa+JmPwt7LN3D4w2ekkMdPTSSgbaicftheMRxyB2t8pcTySU9zRsU2vSI59v1JqbPwSPQ6/41XioDoaCjjjZ/U7clUFf151Vcw6N9xMTHchmyoYYicAR7lS4rbWPPliOCnx08YHOt8pq7u5DH1l0qWBlRXSyM50lxwiAEtw4kn33U6Lp6rcMnbKsabpxrSPmjkI41KL4ESnO3mTM62FrnZAH5KQyIjGlmStZBY7ZFuWEn7qU2K10vmjiDnD1C0QrUilU5GXpqGpkwPlzj7KeywVLyPKW59lfNuMI+mLH5JwuUh4P7JnxYGRpx2V9N0o5xBmlGO6s4enrdGMuYHkeqTa2UjnATXSuePNIiS9BOqJKFHbWDDKdjcdwFyP5SH6H/koRkPBecLjailJwZcH7J6iKeEWPzzWjy/kmfxOrORHuhMNC7BkeTj0RPHpAAIW4WiqOGZrZYQLFwneSQ4590UULWgOqXfknCqmaMxbJB8jvNK45K6EDl6iHycMKyOhbgNZkj1RInsYdmYxwoh8Jp1Pfpx+6ZJXU4GkOyQtMJ4OPdoq5PlFmKk98YXTVwgfWSfRUjquTOY3YBXDUznYvGPsmK3Bkn4qmXLRbOrwO4QXXSY7NVd5nbkosMZB32TPlYj/AIXp1/SHdVTSA5cf1QTLI/8AE7H3RtCUdNI84YFPlZP+GVr8YgCZHYaSf1S8M/iOFLdAI8eLgZ904fw9m80v5BB8oa8fB+iI2I9uSnNpZ9sRgqU6vtUewy73Ud17w7EEZx2JQSuyHHx9a7QdlC8j+ZHhGbRjucAKvfdaqTG+EMz1M40ulOEp3sfHRVx6RceHSNwXSNyO2E01NFFv5Se2yphG8nk/qixDcKO9s0w0sEWn8Upxs1gSNywMtaPzUMAY4C6CAg+QcqIIPLdK1xAihjIQvErXnW6YgnsDwnNxjZcMjByVPkLVMEIOrDxNn809sNRnUZf3Tfmooh5jwgG4xb6ST+anyDVVH9E7TLyXZKaXP4LlAdV1Dz/JBXMV0uA5B8hWyS6RNdJk5LkySeMDzSqOKaqd9RH6ogo2NIM+PyVqwN1TfY188khHhS5wkZpCME8qQBRMwA4DCcKmib+Hf1VykmB8BAMb3ebfdc8B+N259lYCrpfwt3XRUtbu1gygbwMhp1+yt+VlP/w7vunCiqTzE7CshcJRhoaMJ4r5fUfoouQv40PZXC3PI3pz+qK23OB/uSFO+dmHDgi/OTkfUP0Qt4CVFcSGyhmxjGPuUZluPJkA9k8zSnJLuE1tRKTguUTyU4Vr0FFEwAfznJ8dK0HPifqUwPkPdOGvu4hEWo1r0S2wwNH95ukGM7BRMN5L5P1XRJCBgyOULexdImBsY9F1oYDyAoPjwnh5XQ/ffhUV9pZtMJxmTHthGaxpHlwVWNmiA3ecp3zByPCk4QOeCYgWHhpeFlQhWTDlyLHWkbk4Km9hJV+0SzBgA6Tv7rnhYP0/uhC5AbGT9kZtXCQN8n3Cm9hbKBoa3OOE4xFw27ogqc7COPB74SbI3vsnRntAnTRIjmlcfQfmuGhJH99H+qmtezYZ3T8N9Aj+Viv4NEu0Vv8ADWjIzG5CdbqQjBgbv7K30j0C5pb2ATI6hoy2+K09noonWeke76BummwxkfyawQH74V74TTtpCRt8EozK0J0dY8mG3wFU19qM/wDwa7g/7rd9Xp50dkXXFMP5Vbkf8ytTaYm7xZafzUSSjvcMn+71Xl7bkpq1b9HOs+mqpflEdSdddX2pvgOilDm8lucFaW0fHm/W6RvzlFqAGDrCzPzF/p8H+TIO+tuU03B8w019pjePVjE1anjk5Gr+l6/6Y4PWLV/aKtM8mm5UzWMPuBhbyxfEvo+9SCOmubA5w2aTuvmSSn6WqHD5uglYfZmFGdYLE8u/h9xfHncRvOP0RxvUuGcLU/Stkv8AbR9mxT0Uv0T88bcpssTX4BGQvki3XfqXptobabqSxv4C/IW1sPx46qtYay70sdZCNtBdp/fBWjh/izz+q8RqdLLbJHvzrdSvGSwKHUWmAj+WCD6rEWb489K12ltcx9K88tyDj81vbZf7HeYmTWu4RThwzgO3CvLiYLK7K/yRBNtniGQ3V+SiupM5bLHsVqTI1owW7HlAfFSSkFrc59UKlkRnkyFTbHEExFRjHU0gDnR6x7LYT2tp80Lt/QqK+mc3ySR7j2Rp5Dy8GZbVQS7OBYfdEELXDLSCrWptUVQ3S+No9wMFVL7FXQSZp58tHGSiLUsjXRdi0H25VRdulrLdAfmKQRyH8TNlafOz0j/DrKV3praNkSOroq5/htOHD1UGQm4PKPN7n8OHxBz7fKXN7Bxys7NZ75YphOIZYi05D48r2uooncR5/VV8tNUtPmhDh7oB38lz4kZ7pP4y3S2FlJd8zxN2y7kL2Dp/rOw9SxtNLWNjkx9DyvILr0lbLmHPEAp5vVowCVlKuxX+wzCahkfhpyCwlQjrhNcI+rmsLQPQ909rd8ZXzx018abzYyylvTDLGNiX8hevdOfETp/qGNhp6lrJHDdrjjdLaM1lEoM1IhIGUKSigqQRMwH8kRk+QMbj1RWu1dlYrODP3DpOmm3haBt6LJXLpiohc7EeMcYC9RUaWBso0uaPuo3gpWcnjlTasDOOFUV9l8eMhjGAnnPdeyXDpymqBlpDTj0WbuPSs1PE6TLJBnhu5CRKO4fC3HR8/wDVHw5tl2je2roWtfj6g1eQ3j4f9Q9NTPns073w9485GPcL67qrZGQWvZke44Wcu3TVO+MubGD6jCyW6ONiOxpvLW0/bJ5R8i1FRRVIdS3VjbbUE7SYIaT6j0Xrnw2/tCfFz4SMjpX1h6i6e/8AkOtf4ulo/wC7fy0c7f5q16s+HFtuMbtdI0k98bryqt6Zv/SckhpJH1FGc6oJBk49iuFr/D16iOy5ZR6/xvnpUrfp5bX+v2fdHws/tMfC74n6aGnucllve3/u+uww5/wSZw8cL190rqqH5esayeMgjDxlflSH2S+ZjqIRTTjbDwvTvh9/aN+M3wkjgt1U8dXWGPZsVY4ulib/AIH/AFD9V4Dyv0lt+/St4/R9P8J9dQn/AKetjtl+/R94R2Wps8zqmw1Gljsl9JISYj7gdiptNc6avZ54/AnBw5p239l5/wDCX4/fDf4txeB05eDBcW41W6tb4dWCc8Dh/H4cr0Ost0NdGWu8ruzhsV4TVeOnGThNNNH03ReUqugp1STX9jpllhIdjIKm0dW4bt5VTG+ooA2mrsSR/SyUenoUQ/yyJYXEj2K4tmnlGbTR2K7oWxyaSG4PJAkIwphlpp2aTh2fVZaKuxgHlToKzG7DgrO4sNw9k808sDi6mkcB/S7hHirTnRMwtP7KNBWOc4B52UuV1PPFpLsn19EGWmBtwwzZA8ZHCa6NrtyAVXn5ihfqaTIz0UunrIajZpw7uCr7K24RwwztOI3DT2BT2PyNJ+v0RSQOShYGc43UBxgfv3STEkBBzhkKOXvjOQcBSCQ0ZKA9wfsdkZEv0EjqWHy53TpWsnbhwChubg5C62cjDfRMLcfYEyTUEmD5mnuppFLXw6ZGMeCOCM4TmmOdhEjQfYquqKV9N/OpS4b7gFMzjkFrPRWXC21Nkk+cpC6WInzN5wELRRXYfN0TjFPjzBpwcq5gugePDqWZB2OQq692BwjNfZZPDlG7ms7/AJLRRqJVv7RU45QnRxXKldb7lG1z9Jb5hs4L5B/tNf2TzXQ1HWfQVAPnBmSrgbxIe7x/iO+6+sKO7xVbWw1p8Grj2JO2VYyMZUR6JWhwIwQeCF6Tx/lJUSTizlazRx1Mdliyj8cI6erpi6CthdFNGSx7HDBBHqpLDjnsvtn+0n/ZWZfYqnrXouIC6DL56djdpx6+xXxQ+B8FVNQ1DXRz07tMjHjBaV9e8L5mGpgoyZ8r8z4Cenk5wXAYSluApcbwGnB5VdgtOCixPIO69UpZR4y2pwntZJd5ikSG7Bc1B4QidPJVWLKARVXOidG/xm/SfRQYstd9loZgyaMxu7qkqIDC844XMurxLKN1E0lgIxxIwURxJ4OFGa/1CK1+MjCxWLPR1aJ7uAjnHHKhyfXlTDwocn1BVELUNOOB7eF1cZ9K6tUejk4xwPSTF0cpgIc8IJc3PKL+A/ZRMnUrbwW+Q6SazhOVlDEGXsjIMvZCxsOhqSSSgZx3ZOHBTXJ7UBAEoy7CjyDdS38jKjyYzsl2BoWMkKXT7gKIOVMpxwEUSrFlEyE5UjsECLZHPAToGGxYYVnK2nQcWurccZWLj+pb34fNxK5xHIWirs5/kZbaGbOX6sA8KZ080y3MnGzQMKuk/Fv6q46VaNfikchdGJ5iz8Mmox/veO3/AKJ7fqymwb1DSuTHQx8h7LTnCMOMmQuR+a6mjj2IacrZF/huijaMN0hYe2f73f31BOQCtnKA+tpYyMhxAP6paeRlvSRfuf8A+7ACNkenjEdsc6M6Tp5UW5/yoWsaPKdgESpldDaMg7kY/ZEjDN4YrUzERm1c91MjlDA52OFEtbcWyJ3c5XKuYU9BPKew2RvlA438HlPUc/zfVOgbjUf81sbRllKNlgra83C+TTkZxK7/ADXodC0Mpw3G4S4HRs/CK/QO6ymOLWsBdZzNUn2C0t6q5nTFhfgDsFkZXOdK4k5OVV0tqyatFX801D9lrb24pQ7CbM/U5HpyxlDqO2AobWue/PqV4zzFmYtn3r6e0iqqhBekXtvYGU4AHKn0+S8HPBUaFobC0NGNlNp2gMBxuV891by2fUdJDakTYW7hTXACmee6jUzdhkeqkVIIpnLj2cs7dCK4d0526a1Ec3hKGSQJjtMoyFPaSWglV7x5gVMif5AEElkqMshB/eNTawHOcJjSPEbujV2DFkcqs4BfKIzR69+FS9VW4VtAXgbsGVoGNyBj0TKin8WJ0Z31Aha9JZtnk5XkKP5FTrPIGnSSHHjZS6eQtIxug3qhlt1e+nkGACSD6ptJIOF6eEt8cny/U1fDY4lzGdYGQigYUWJ2nGynRuHlPCIBdnXx6xghQXDwJiCzON8K0GCBso1dFqPihqW1xg2VTwW1qn1w6ickqyy2Zpje3IcMEeyzFpq9FQInHyuGFpmt0EOQJ7ZZRtX3xwz5t+IvT56f6pqaaKPTBKfFjxxg9lnMYXsvxssUssdPe4mAtj8sh9uy8bL/APCvY+N1Hy14Pn/ldP8ABe0dSSSXROWJdBwcriScngBrJPpKl7DvwrykkbPGHahlZpjsfkp9BUiOcanEBbaLecMy21Z5Reyg7YT4HEFNa5sjcjcJoznldFMzQeyeSzZINOwR2uVbFIBjKlRSDuqOrXapckxpOUfGAFHZ2Ulp2CLGeToQkEXMBIbZThyg2jhYI4RGuOMei5scDC6psYwLGcFVd86dguRFTTvFPUs3Dxtv7qzBH2To5QzIPdLlDITxKOCD051NV2+dtqvZ34jm7O9luYXsmaHxuBB7hYyut9PcYfDlGCN2uA3aVX0F3uXTFS1tU909I86c5zhBjBu0uvenjtt6PTAA0A4XfyUOguUFfStqKeUPYRnY8KWDlFnJ3q7o3QUoMIkkkoaoDl0HC4nNGSoMishE5IcJ6DCGxRzAXQ0FPSHKrahqSwIRjnCJ4WBuF1oyOUVVhkxgj6RnGEVrQBsEgw53GyM0eqFpExngFgjgH9U4t1cjKOGjHCeWt7DCm1BupS7IYt1HUbT08Lv+doQZOl7HUbOtdL/9zCsmNA20hSI4yT6KOKJHTQfaKE9EdOv+q004z3DEF/w06UkzmhAz6BaoR42witizgpfx5Gfw6v0Y3/2U9Kudq8GUZ9HIg+E/SmN4pv1WzbH7ogi2U+JEWjqXox8Xwr6TjcHeBK77uVjB8O+k4sEW1rseq0LIvNwpLWcDhWqw46WvPCKWDo7p2HHhWim29YwSraGzUEIb4NNG3Tx5dgpIYQPuiMz68I1FI1QpjBZSRyKFrNgwBSI2AfhSjZqKkBoGMdkWxIbGIItPonjIKJgeiJob6IuEPS4EwZGdOPzRAMkbpMx6J45VoOMR2BgbJ4DR2XQdgi6C7CbFplgtXsnxnPA4RRGDjI2Kf4lLEASdJ7ogxRs1HGeUUhkGDK4NB2yVAlu8YPh08TXe7lDmlqak/wA2Xyf0hWE3ktKi+U1FIYaaJtQ8ckjy/qsh1BWdS3WV0DXiOHs2PbZWzIg04I27J4afVQRbyjFxdKVDiHTRjJ7qwpuk2587QPdadjNRRC3GN8IzI4c5K6ltNLTRtaIxqHdTWMDeAn6fdPjGCMjKhW3ASFurYoj3+FyOVRXbqe22fLZpf5jfwrBXfra732oMNte5jOC5RLJctTGs3t66xoLZmHPiTD8LTwsTLXXPqGr0zkmLfy+ifaemJap0dbWPLpD9RPdbOitdJTgFkeDhFKODNbdK54fRV2fp9lNGwOaMDcD3V82lEeDyiBgbwn5GMZTYvAhwXYzSGjAQ5OydIhPIG2U0VJ4FK0nGFFlGBnlGlkDRnIxjlZa938E/J0Z1PPcFNSyZb9TGiOWHul4ZCDFF5ncbKmLJHO8aQ5Lv2T4aTh8p1PO7in1OA0AJsYnntRqZah8keQAYwhnhddyhS74T/wAEY7Hga47nBQHE4IRsbFDxnuhbyY5yyBIOcrh2RSAgEHPCYJnYl2R3nU8FRrhNFTwF5fgnjCJW1UcEeSck7ABUdVUOl+rf0UObfqItYRFlmkndqkdkdkDSPREJGUxXg5Ntg1McRg7hInIQCTnlCkZnLPAnHJTSBjK6krBcsAjyiRRaiBwuAZOFMghJHCgVcXKR2KPSNwh1lQ2njznG2ydU1EdJGXyHfsPVU7fHrZdTtwf2S5/2NOFnA6ipDVzePK3YHIHqr5gDGdtuFHgYGRhoaBhPyeA/9kDeOTVVVGPKHPnycDskSdJwEwgDuq+5XMUzCQ7B9Emcsjpz2cg7rc4oIXMc7fusbXV0tS/Jzp7BEr6ySplLnHYnhRCGu2KzTlngxXWb3kCHFxRQE0ROPZWFPROkALtsrPJZ5F7c8IixROkeABvlW0FPoIRaajZG0DSM+qmxUrtsDZEuh9NUk+QUUPA04UqOHAzjhFihA5ClxRtGNkw3RhjkixQkHccIlVURUsBkc7BA2HqotyvFLSO0MGogdlla6tqKqQuc84PbKTZZgXZOMViJKuF/qaxnhRjQB3BVXgnd3PdIHK6kuTZhm9zycwFwnK6eE3U1BJ4BGjlI8ridq9kqSyQ6kkuAazhRLJG8HCco9NSSVJwzYeqJFb5ZSC0YC0VvpW00TWNaB6+pW/TaZzeTLbft4OW+jjp4Q1jMHkk91NaAMHHCcwDGQnjhd2qmMFwjDZZk4GhEDQEgMIi0RjgUcXUkkZBJJJKADkkklCpiXRyuLo5UKH4GMphByiDhIgYyoQEkunlcUIJdwUhyieXA2UIDwVxE8qYPqUILBXEXbHCC6UAFU5JEOpIDpwDwmmcgbbFJlckElkOueL6BRDPNnAcuanepWed+SEnxfsl4o9lGyfUpZPqVmna5ExkMZjjZCMxTU1IcmWgnjOXPGPqhnhRiTnlZ5yyGopmvwfRJSn9G9YNHmqIT7BA/2Z6vgdl1MyVv3Xk15zRS/rO1Z9H+Wr/+nkYkiG0dSN5tn6FMNtvzNzaZv0TI+W0kupmZ/S/lo/8A0WcSXRR3Yf3ltmb9wmmC4Aeajk/8qP8A4lpX/WhUvp3yke6Zf9h+R6pKM9tWCNVNIPyXBLJjBjd+iavIaZ/1oD/gfkl3SyRkeqYga5M50OTxI/H92f0VfzaPUgP+Ca//APRP/sGJGEzzdkMSO/pP6Imo/wBJU/m0/sp+H1y/+k/+xzJSS3zwlj2Qy11K9hx8Hr59VsSWCkAeQD+iK1urAEbx9wh/4hT+x6+nPIP+gEuZHqpQpnu/AcH1T220uP8Acu/JDLyVMRkfpjyEv6CFkeqWR6qxbZyR/dOXf4Mf+7d+qH/ilJoj9IeQl6K3I9Usj1Csv4Mf+7d+qRsp/wC6KGXlKkH/APB2v/sVOpdyPVWX8GP/AHZS/hGnfRhCvK1ZL/8AhDWftFZhLB9Fai3AD6EvkQPw/ui/4nUT/wCEdUu2ipLXEbBcLXY4KtDShu2hcNOB+HCF+SrfRa+k9Qv6kVpa4/hK54bjsQrMQN/pC74DRwEX/EF6DX0vcu5Iq/lnnfCXyr/srMta3YtCQDTy3GUmfkMdDYfS8m/uef8ABWfJlObRkHJVoKXJBDdvujClBHAWezyE/TOnT9LLHMSsbS4G7U4QgDZqsDA1pzhcAYNsLNLWSm+Tt6bwFdUcJIheEfT910RuHZTdDf6QuFrQM6Qq/k5N8fGVx4ZGEO2+y54AIUgkjsmudjfGUSub6Kl46leiKYG7lAcwbjCkySE5wFAd8ySfPt6LZXZwc6/SKLxFDXMbnlMwBy5d8KoO/hnCYYnn/wCamb0c90T9I46WEA+fdBdIDnCeafJzgLgj0nKiswxL0k2CAO+AcLjY35zhSHPY0ABqA+oP4dinb8hR0mOx2ggcFDdgZQ3TzE/Vsh5PcoXINaSD7Oue0HzOQ3mb/hnCdsU/AG+ErfgctJH0Ria47Y2K4YJSPNJueVK19g1MJ9kMpZGR0kV2RzATuSmFjWjLWbopeMrjtOCoDKuMOgBf2DUImV/94AB2T3OOeEFzZZT5RgBMJlQHOw33Qsl24RfAcU8Q6PwlKcchbsgDG45A5KZHRvJ822VJL3R8HA7oQqYt8uOVNhauUex4pwzBJBSbGBwMlMM+sgAJeK7HlG6tRwNWogEPiDGsYH3XHOpnDExQS2qeQCNvunmjYcGT/NA0OhbnoY/5M58JpcfRBLZJCAGEBWMMDGNwGZARywHhoCVt54GxZUtpZM+ZqlMpwAPKApeiMDL5Y9u2Ux9RFjDWud9kMq0zXGxLsYIWY+kJeHTDmEJhc92S0H80wNnccSgYWdxC+eL6CaaIfUwD9EMspu0QXDTF25z+qd8t7qtoat/QMsgG4j3QSDnZTfCPcruhg3wq+JsJWEYl/okDIOCpGG8YXdLfRV8ZbtkumA8ao/qyneM4cjKd5RyuZb6qfC2VHVTXGR3iu7hOEvsuBrU3wyh+FD46lvsK2oI7YTjV7cIIZkpxhJGEMqMhvUy9D21pCM24RAZAJPoojYNDtxypTaaHGTHlK+IZHUWP2EbXNIwGpwqdWwCGabvGxNwBsR+6r4sjY3SfbD688clM8GpJz29iuNAHHb3TjUN04ZklV8Y53J+znh4+p7ifQlPjfEzGpwUSWSU8NygmKrfxER7q9hP5D/RbCSDGxyuCeIHLXYKrG0tce+EYWyscN35B9lXxk/kMmCvAGkSjH2SNZFjOoKM20T53IypMdjmOMSx/qqlHA2Nk5dIZ863OAUZlTIBgHZTKXp6Z2HHSQrSnsLCQHRjKDo0RhY+0ULZJXOGHH9VMDagtB8POfdXwsdMzGpu6kxUNHGAHnCCXY9Vv2ZrwKhx+jCPDRVMgxp3WlEVvZvqBx7JzK+3wDB04VPLQ2CivyZQMs9e/8OAe6lR9MVUgBe6Q/ZytZL9RNP8ALjaUJ/VIaMNjAQbW+kPTpQyHotrgHSSuJ9CVYUvStNDjWAfyVXJ1TUcs5+yC/qW5yDeQYVOub9BO6qPRraay2+Jv91H+gUqKKghADnQMxwHYXn0l+uDz/fkKHJWzzOLpJXk/dXGiUgHrIx6R6dJX22EeeohA9lFl6htUQz8xGfzXmslS/GCXH7lQJ6ncZwPzTFpWLn5WUeEemT9bW+I4AzjuCq+q+IUQwIwT7bLzqaugjbmSUN/NV0t6tsRzJUBMjpof1IyWeanH3g9Fn6/qDtHG72OVXVPWl5l+mTAWCqerqCGP+VmR3sq6brOVw/ksOfTZNWnjHpGK7zMn3I38vUN5mcHGqx+Sg1FbNM7VVVbt+TlefT9S3yoOISAD7KNNPe6kZml57I41JdGG3y07PxZvp7paoRqkrQ53od1Xz9aW2nb/ACY/GcOBhZBtvmkIdJIM91IZbTjAw4+wTI1tsyy11suy6l6+uWwo6WGPHGWqpqL71HXyudPWPaHdgcBFgstXI4BsR342VpF0tcnAOLQEx1NiJ32T9melhmlJM0peTuSSuRxebC2dL0m3SDVyD7BWEdjtVPgthy4d8q/iZllCUnlmIitk0wzFEd/ZT4Omri7BLAB7rXsihi2jaAPsn+N4atVlxjgz8fSzg1rqmYD2CmU1joYSC461OkqSSVFkmdnZqP48DUsEltLRMGGxDZODw36cDHCi+Ie4/ddwTvlRJoNdksTvP1HP2ThUEdlD1gEZKK1wGExRQ+OCSKp52IGFwP7lu6EHhd8fI0gBF/gbGW0PqbndLxQBsELS4/mjNiGxKYlknyHRNJ+LBTiyZ+NOAF0BrV3UPXCNRBnNJDmsJ2cQitgpsZ0gO9VFMuFzxTlaIxyZJWJEsNY09sLrZ6ZvO5HoopLjtkpuW5x3T0sGO6zJLdWlrh4eyb475N3FRyQDgpzZGdytEOjPL+4Vzi7lMLc9lwysHJQjWwDPm4TehM4ph9KQLhuQojq8FuY91HNVVzHSzYDuq3iZYRbmVjfqICRrKdo+sKrEVQd5H5z2R2UUAw7Jyr+UVKK7RMNzDtom59Ew1ldjAcGAoQaxuAAnqlMoQlqST4kmrKWk90gfZPzkcKNhYRzS30CQa0HICRaCeF1rADnCW5BqKHYG2yc0rvbcYwhvqIgMZ39ELlgtRJMfdOJwMqvNW4EhjsIbnTuJzKluWAtpZGpYO6C6uiGd91DEcrju790dlOeDhUrBsY57HOrXk+U4C42R8m2UZtKzYvGfsn6ImAaGpgzYDEZfgu3UhlNFEMhv54XGg4OEMySk7v2ChIpD9bI9mdk/5vbGChO0ganEbIZrKWHzPk++6gLnCHbDvkd3zv7puXHyl2yhT323MIHijZRKjqa3NAGtQCWqqj2y5w0YJIKfluQAQsyeqqFh5J/NCf1bCDhkDsdjlFhiX5ChezXgtHYLur2WJPVrs7Mfhc/2sl/A1+Vai2Jl5WiPs2+v/AUzxHf0n9Fix1TcyfK12EVvU929HD8kSWBb8tS+EbIF59U4PkA7rKR9RXQDJcBnspI6mrMDU0FC1yGvIVyNGJJD3TwXtw5ZYdUT/wDdp46nd3aUTjgF+Rr/AGav5hwAyE4VLXbE4WUHUwOzgUeO+QH1/MocFLyNf7NOJ4SD5/2TRPCD9Q/RULLzT908Xen7DlTDGfza/wBl740PqP0T/Gh/qVELtAd8IrbvT53KmCnrYemXIkiJxn9kUeHjYhVDbxQY3eMorLpRu4kQuGS1rIfss8s/r/ZdDmd3KE2WB4DmyNIPunCSPs8fqiURqvTJQ8Mn6gfyUgFuBpxlQ45W54yixuJOxVqAUpqSJokwNinZJ21KKN+Cutc5pzgqpwLjPLJjWPduCisZUYw2ZQ46jGxCPHUNIBwr2j/kwH8G4HdmHD7rrW1o+qlefyXGTEEEPP6qZHWO2ySVWGT5ckYVAGz2ua4cghdbOSdpvyU8VUJ/vo2k+uEj8jUDQ5jRnjZU3gbG3BEFQSADIEdkmQn/AMIt0mNyPzTTZqhn/ZKokdg7sr3tDvkz6FueQf0XMAfhH6IRob7CcZa4eyEKuthfiogdt7IlNsFqE/yRJMLHfVEHD7IM9HbW4MtO1h9cIsd4oWt/nZaR2UltVbKlmsuaR7HdX8so9EWjomuytZQ2158j8JsvT1PUDLZng9sFXTrZSSeZgA9EKa2VjW6qWQZHY9wrWrnHtme7w9dya2Jmfm6Wq42l8RDscA8qNHP1DanZijmY1p5adlfP/jEQ3wfsmRX0Qu8Kvp3ffC1VeQl/k4Gt+k9PbHao4LKzfGfqe1uaZpzM1owWSc/qvRrB8d7Tc2NFzi0ScHHIXlrH9NXCf/eKYAnvwgVfRFBUyeNRV7Y2Hsd8LXXq4z4lweQ8h9E/FHdVLJ9JW/q2zXbDaSsYSRxq3Vpq1b/uvkd9v6s6cqfmbdJI9rfxMceForH8ZeprY4NuIfPp2cx+y1KdfaZ5HU+E1Gnlho+k5Y2EZUZ8MpP8tgP5rzvp/wCM1gurY45nGGZ31Nc7hbqivlDWMbJTTtdqGcZTTlTpnW8SQR8L8fzYG/mMqlrbDSzvMkYMEh3y1aU1DHN4z90MwNmGnGM7qC+jHmG92/OHCaJv5lPgvETz4dVEYzxkjYrSTUdUzPhR62+yrp4KaoaYammHvluFCEKWmiqQH072k+mVBlpaiHeeAhvqN0WSzvpn+Jbp3N9i5HZcamnxFWwl47+hUCU2jNXDpOx3hpMjf5h9eFkq/o69dPzGqtE7ywHIAPC9X+QtFwZqpXmmm552JVZVfO246aiDxI/6huEA6Fm78jOdMfF+92WRtJdw97G7efdew9M/ECy9QRtDJ2skP4SV5ZXWWzXpu7GskPss9V9I3myP+atdQ/A3GCVCWQjP8UfTzZRgHseCn51YXz1098Xb9YZWU3UED6iEHGSNwvYem+tLD1JCHUNX58ZMZO4QyWTNKiUDR6ARlAdE1wwWjCeH6hkcFd1D0SW2gSrrrHS1IJa0NP2Wbr+lpoo3PAa9voRhbknKZI0PGDwpkvdg8juHTkUzThmHehCxt96N8Vrg2Fm/q3lfQNZaqOdml0Yz64WWuXTNTES9gErD6cqSiprDHQvlDo+UerPhZT1Wt7IPAmGcPYMLCH/aTpfNJXU5q6RpwDjJAX2Jcumo52kSQgH0IWGv/QMFQ1wMAOR6LFdpYtZijt6bzE4xULFlHzwem6C9sjutmrXUdfGdTSwmN7T7OC9n+Gf9rjr3oCWl6f8Ai1RO6htDDpbcWj/eom+/eT1/r/VYm/fDKqt8zqq2l0Twc+VVfzMUjPkLzBl4GkvLMtd9wV57yHiIauO26PP7PWeK+oL/ABtnyaeeY/o/QvpXrfpPr60svPSl3pbpQSY/mROzgnsR2KsJaYRZfBnH4m/9F+cVqs/WHw8vn+13wuv09LWHeWKLJEre7X76Xj9wvpf4P/2w+mOsZqfp34jiPpnqKQCIF21LUv8AZxx4Rz2d6r5v5b6Wu0+XXzH9n2LwP1ppdW8WvEv0e+ecHOBt2RoKzThsm3ou+GDuW7+yBURtxsF4K/SSpk1JH0vSauOohuiWkNXqAweVOhqM4OOVmGTywnAOQptPcm7anYWKyr2bOJGkD9Q3KHJGw+YbO9QVCgrQ4Y1co0c24O5SsMrBLjqnuaGv5G2UdkgP5qBrB4GMIrZtGAd0OBbiTkkFkwITzKFQs7URuljLGnBIxlUhq623ymK4QuLB9L2jIIV+053XZYY52lkrA9voVC08FbDUxVDNcTg4JyBU2iSheZ7dgs7w53P2QYK5k7vDLXRvHLXbFGw8omiYxnHqjNmD8ZwobXatvROaC3f/AFTM4IlkVTRZd4kLeeQhR1L4HaXBzCNvupjJ2sA1khKWKGqbwD7qwWkVF3t1NdIdUTGR1Dd2vaMZ+6g0lbLG5tJWxmORowHdnK4lpX0/mGS3/JQ7hRMr4P8AGOD3TqrnBi5Vpj3lkjSx+CCMbr5f/tK/2YqPqyml6r6RpfAu8IMlRGwYFSB6e/K+gaavmgl+TrCWuafK891fRPhrofAm05xgEr0PjvJy08lJM52s0MLo7Jrg/IiqttZb6qa3XKF0U0Di0hwwQR2UZ4cw7Bfdn9pD+zQOqoZuo+laIC9sBe9jRhtQP+q+Ia+hkoKua31cb46incWSMe3BafsvrvhvPQ1MVGbPl/mfp/ZJ2RX+CGyXffsnvw9oKBIws3AOESOTg9gvXqyElwzwltEqZOM1yDyWu0koNVAJG5CNVRZzIOyFDORsQkWQUga3hlXIwxv0kYRWtB7o1ZCXkytH5KI3bk8Lm2R2ywdKi3aySWDB8yjTAAjdG1chRpSdQOUl/wBx9s90cBWdt0QclCjOMIgcO5T4vhIxnE5qakmoUx+47IA+pHJOEAfUrbyXkMz6QuprCMAd05EUzo4KjVHIUjIwVHqOQgkNBDlEHCGOUQcKIMTl0EYKa/hMaTnlAQbOcOBCjuOSjzAkjCAeUuYaCD6gpUHZQxyFIp+ArSyVPosGcKS5RmcKS5aK/Zju9D2r0noFgbb5H6fN6rzZnK9N6IAFBstNEcs5fkuasF9KdnE+hV90zH/uQeBv6qgqB5SM9lpunY9FrYPddCKyeYve2GC6p36TnGUK9zNhtVQ/G+k4/RKnOg5zlVXWNZ8tbCzONeQnSWI5McPzSKPpTVJJ47hu4rbN3r6X2I/zWT6WYBFFtjbK1lKNdfBjfBH+aXD9jbe8l5cf5mlgHfKJdgGWtoO2RhAmcXV7QTsDwn3+VwhgiYcF0gH5JyjkxtZJVDHotsTc7jdVHVVR8pZJ5M8jCuWNEULGjjCxPxLuYis8kA5KnXZdEN9iSMb0e0PndMRkvlcf3XoDHhrcdsLHdFQxCmEhZg4WmqJmsHKE6Fsf9TBm71Un5hwGO6qIGeJUtOdi4ZR7lKXVL/dNtkf80OKzaqe2pnc8Bpfm1UUvRZVYApy1vY7LlDGMgkJVG+B2Kl0TAADheB8rfmDP0D4fS4wybEMABWMGwaoDBwrGAEaTheE1NvJ77Tw4ROgA8uykVoApjhCgBwE+tGKYrmTluZ0oLCKyHkI7xtlAh5CM8gN3UfYcuiNL9QRYiNt0GfchKM4Csz7sMkawx4JKPKS4NPYqnrZjG4bq3gkD6ZhICCcfZHJMLG3AARMN7BMj4CJgqVtoXJJvkwnxEtRdEyviZ5m8/ZYallcJG6XckBez3eiZX0MsD25y04XidVC+33KWlkGMOOP1XpNBfvjtZ4Lz2hVd3yQ9mnYA4AjB+ykRHcKDbXh0O5yVLZyukefJrNsb5XZWeKzSDhMjIc3Hoix4HKAbB4KaV5pp9hgtK2FpqxVUzH53AwVm7rTAjxGhSOmaktlMD3bHhKlHJsrkW3VNojvtgqreWguew6c+q+W6qH5WpfABnQcZX1tkZAzyvnv4r2KOzdSySQxBkNUPEbjjPcLseIucLNrOB57Sbo/MjEpJJL1p40SSSShB6c0nVympDZEnhlMvrdXNdiKU4J4KtSzAzhZJspbgK8t9cXMa2R2cLo0X5xFnOug1LJPGoI8LsOG6aMFpIQozpcM8LcXTfteGW0btlIjfg8KDBINOFLjOTwodeqwmDcJx3QmPBG/KLnKiNsJnGozGh3dDxnZIAt/NGksDAr2kIUpLSO4RckjJCa9mpA0MOxvdgZTKiniqojDMwOafVIDC6H57IJQUi010yngfcem6sT0JdJCfqicdiFs7B1VQ3n+RkxTtG7H7foqVwa4YOD+Soq6zVMNSK+2TaJGnVgd0pwcWaNLqZaeeU+D1dp9k9YPp3rtzv91uoIcw6T6hbSkr6SuZrppmvHcZ3Cp8HoaddXb/AGJjkmHBSykACRhQ3wmu0FbwnDlMacNCeOVDRGSYccJLgIwuqDFIenpiepgIIGgHICI3lMTxylBhBwiIY4RhwjDQmtAOwR2jAQQDnhGGwQt4HxSQREag6j6IrHb8K8hhYs5GUVNYAG7IreyhY9n2RwMITBnKMrHxjwOT0xEbsVAwjHFu6MH57IbTkcIkYyVQ2MQjPqCMOEyMbBEDgNlYZ1qK1pJwh62N3c7Caato4PChCdHGGjU4gJ76qnYzY5KrnTvfyU1vOcogm8kiSuc7Zgwgkvl3cU3T7pZ0oyxaGjsERMByMp6MrIkklwkDlQW2h7SnEge5QXyCNpJxsFkeoevqG1+SB/iTb407hGzNddCmLkzUXC70dthMlVJo9F55fPibJLJJSWppdjbxPT7BZCvut76lqnNdO7S48DgBajpro5sTGTSxg+ue6hyZauVv4lfQWytvUnjV0j5JHb774C29j6chgYxxiGkck91a260R07A8sDQeAArCOEjYDACgUE5PLGx08cbQ1jQAPREAwnBq7p90eGx/R1MLuxISPCC5xydym7MirGEkfoHHKg1MoZzwu1VfHDGXO7fusnX3ea4SeBSahknUfRMjE5uo1EYrA663507zb6HIyf27qPR0kdO7xNGXkbk7p0FEynGs+aQ8uRHS42DeFqhwcPU3Ox8sdLsNlEkJKOTq3Qnt2KZ2ZG8EY90Fx8yO4jJQDvqRPkz2TGEY7ph5XSMoSJxwYbJcBdgqy413y/8AKYdzuUq25MblsZ82OVRSuklcXPOSe+VZzNRqV0jlXKZXayfZRXkYT3k53KjzHjdTJyrJ5Yxx32KYeUgSe6W2FcpGSdhw8IR5KaSc8pyoS7MCTDunaguNGogb7+ihFPe8D6WEyE7ZU7DYIXvOPL7qTT0opoxqDeMrM3y4umqHU0MmnPKj4NUXtRGqJ5KucuccjOGhW1BT+FEBjzHclQKCic1/iP7DhXEQAbgBKbS7NlUG3lhOBjKAS4d05zvdAkcMEBInLJr6RyaqEY5AwshdrgKuc6Bs3IU69XOIsMDDk+yz7SSSDuUmTwZLrecDX+fhKGFznAFGbG5xAAVhS0ZwHEAIBEIStlhAYKPIBIVnBTAAZHZOjgxgYCmxw4AOEs6dVCQOKnA7KXHGGjGOF2OMjAAUgmKFgMp07ZKhrjWl2A2bzsqi5dQRwh0EO7uMqHeeoRM59NRDyN2LwefZUxOdzylOfow6jU4zXAUkj5ZNb3EkpicfX0XCM90maMWc9nFzU31XHkAboJ3yMoG8F4yOyPVNyU0QOc4HB/VSRTuDc4VdhqH7BLo5Swd9uE4Mcr2uXRHJRE0ZJwp1FRlxDiMJ9Jbnuw5wH6q3hpvDABC3aXRyxukYr7vRykgDGjAwprWkEJU8J22UoMAAC69dGxHPnPPLGDcDdEckdkRa4RESeRJJJIiCSSSUIJJJJQg5dwUhyi5YQMjCgmcsgsFIcp/lTDyoTOQgIwkSMIeSlk+qgwR5XEklCCXXZ9VzO2UKSqa3bGVTe3siWQ3HKaZGt7qK+oL+FHdI5/dJnckM2EyWr7NUaSY4+6Fv3OU4/dZp3NlqODoeeV0ZPdNAwmSTti5Kzzs9sKMXJ4QZI7DKrai8U0Y+rce6rZepBgtbIs1morXsfHTTn0jQmXHZc8YeyyEl+nJJa5RTfKsk7/usk9dXH2N/gWG18cdh+6b447gLE/xyr/qP6povtWDnP7pD19TL/gWG48fbcJjXtOcFZFt/qdg4bfdS4r/AB5iSe+6X/MqfstaGxH10IWt4ITjDrCzLutK0H+dY5v8AwNRI+tWDHi2upZ+S+HbD9Ou6L7L0wDONIXH07MfSFUDra2HZ8M7D7tRmdW2mQYMuMq1uh0RTiyU6la4/3YTDQRHmBv6ITeorOTkVIGUcXy0PAxXwj80XySL+1gnWumPNMz9AmOtFFj/ssf8A5Qj/AMXtTiMVsZ+xRRX23Yiraq+aa6ZW2HtFY6zUedqOP/yhDNlpf/kSMf8AhCuRW23j5lqeKql0+WSP/wAyOOotj7BdNMv6SgNipP8A5Ej/AECX8BpP/kWMfkFdmSnJz4jP1XPEp/8AvWfqmLV2/sn8Sh+ijPT1KeIox+SaenqYcsZ+i0GqAjZ7UFxZnZwTlq7P2B/Bp/RSix0gOfCZ+iJ/CqUbCJmfsrUtYRjKE6AY2er/AJdntlPRVLpFabZDyI4xj2QjTQxbtjaPsp5gc7OCf1Qfk3ceZNjqUvykKloZS/FEB5aBgMChujJOQFcut7n8ZCDJangbOBT4aqP7Mk/H2x9FVpHqloKly0NTHwwFAMVZ/wDI4/VOV6fUjLPSWR7iwBb7oboiDnKlilrD/wDDnCKLfUuAywhF8v8AzSQj+HbY+IFeYgUIw7q3FrqDvhFZa3DaRuPdX/JhAavFWz7RQmEDkIfypcdsBaVtFRMz4zmj2KFKbTCfM8ZPoFP5if4or/g+OZvBRi2vcM+IP0SFtkP4wrV9zawmOCj1N7OKivNyqeI2Rj2CZHUzlxkU9DTX/S5EcUMUWPGIK5K+gibtglONqrHOzJITnlcFjYDmTKNWtPmWSfA//pwwQZaynDsMBQ31ErhiMYVwy10wH0hFZRQDhgR/K2GtJdLtlC1la47tyEVtNP8AjBH5K8MTWjYDCGXMzu1ArcEWkjH8isFG4jdL5Q+qsC9gH0hR5H7YwijPc8k+Kqv0RTB64z90J0HKOXEnZDOT2T08CbFB9IiugHohGJrclSSzclDMOc+6aptcHOthl/aiMXY7IRA/pUo05O4XflvyWmLcjNKuT7WCukZtxhQ5Gv3VyYW75IA+6jvNE0AukGE6M3+jPKqM+3gqfNuCf2QjE/nScK0fV2iMHLwSoct1oACY8uI7BMzN+jPJaer8pEYxP4xuueBUHiNPdXiX+7jx3CGKyvk2bDhWnL2hTuoX4nXUr2AFxG/b0TSY2Dzu0pj4K+c5LtKEKKQPxUzAgIoxyKlqVHoc6sgacB2ShOqNYIDVIENAwbnJQ3Ppnf3LRsi+Mxz1zbI5bLIfKE7BGMomoD2Q3SsHDtSm1i5aqL/JjNOey62ObtHsmmfHCa6qlxgv2R7Mi/5UAuwGXEApjqjy6fF/LCA5+eSd0wMDvwq/jBlrPUBzpA4kdkER5yiAb4yithc7Aa3lVLEQ4SstxwAjgcSPRSm02wOMJ0VJVjBaMAqR4bgP5rw5KnPCN9NOOZIBgNxuiZhaM6S8ohjgHLTlP8oGzQlp5NcFhEUyyAkMAamkTu5kGD7I2QTkNXHH/ChCTeSMYcnLgCiNaG8bLjpWN52Q3VcAH1qPkPfH+pkloZyTuFxzwdy3hV0txiH0u/dRJK+oecN2CH40D80Y9F0ahrBwMBCNxgyQSf1VH4lS/d0icwY55VqGBT1Ul0WclyjJ2YcBCNwDsYYVFDSUQRYxkYRbEXHUzZIFSXcBc8SfGdeyUUfAxypUNFISC1p9UPxoZ803wyM6R+cOG6aA8nDdyrWKii28UBFDKVn92wEq3BIJTbK6GGpI+jKmR0xaMyY+wRwSDsOU4OzzshdaNELGB8Nh8rWYITxHKMeQY+6JriafMNz6JjnvlGKamlz6oHWjRGTY9sMenLwNu5QHSQAnE8X2y9JtDcZ34k/ls91Jp7fRM/7TNGMEg6nLPOG0dCTXZCfLO4hsAyONk9lDVSYJad1YTVltpWhkOmUjYBoQRWV020FJI3PfCW0jTDYxgo5ogDICQuOdBFgyPDVJZRXSq8k8pYw8hSo+nbft4zpJPXUUpo0RjKX4op/nKUkCLzO7YUmNl3mP8mLLVf09Db6NoEVMzb2CO6tawYaz9AqNUKbH+RT0VouVQ7+eGxgd1ZMsMY/7RUEAf0lI10rj/KjcShmS4O/A4Dspg0RhGJNENBGNBi1Ad/VIS26mOrw8FV5iqJB/NeQmfK052nqNggaL+Tb+JZuvlNGfJgbIDuo8eWPZQ9Nni/42o/dBludsiGGBhwgcclrUP2ycbrVyfQeUIy3J5yXbFQP41SH6GZ+yC+8uAJa38iqUcFPUx9ssnSVR3dP9wuHLhuVRT9UGHaURAKtquuIIWnw3anegCJxQiesqjy2bJo32SfpBy84Xm1T1zdJsiHDAq6S/3qoyTVyn2BUjAzWeRq6ienT3Kip86pm5HuoM/VNqYD/N/cLzIfP1Dy6RzsHuXFE+UdnBKbsMU/JS9G1rOtrfCcMOT23VVU9bvLcxNPtus98sDy0FP+X1EADCYq2ZLNZbPpk5/V91k+gkBQ6i8XOrbpfM4A+iLFQgjBYpbLTKXDRHnKJQyZ3bZLuRTuZVSj+ZK8j/AJimijLuXH891p6ex1DsDwxhToen4wcyMwijU2R5fZk4aEDGRsp1PbogcsiyfccrVx2elZjyhTIaSmi3bGAfsnqlPkrJloLNVSH+XCApsHTs5I8Zq0rWgcDA9gieLABvJ+yNUx9k49FRT9OU+AXEfoplPaaGneHMiaXeqM6ugZkasqI64NyfDOSjcFEZlMtNLGNzpaPyUc1WCQCq99xkIOs7KM6sjcSRJlL4AlPHRbuqyeMKNNVkbEKrkrXcROJQGySvOHvQ7sgxlksjWOPol8xIfqcCoTSSMkpweTwrUcDcol+ISckhd8RuON1FBz3RRETur6GpZCmYdgl4hx9KTIs4PAR2xwAD+ZuoFsIp1k5R42Pdsdgi6oY9iQufMj/gu/ZRBpqK5DMhORr2Rw2nhGrSMqEalzvqOcJjp9XO6ZGGSvlRPMzTw1I1DSMYVcat7Nm8LniF+5JCfCGRUr1EsDUZPITBMeM8qEMu75wiAnPKeq32Z7NRkk6spaiOEwNJC450LP712AmKLM0r/wBj/mZeNYwkZiMDYqLPW25jcszI/wBAgCSpq3iOKmAbjOfZOSM8r03wT31DQOQhiriO2vdDbaKjU100waFKip7dBjWQ5wRrgBzbGAyS7t4SbQ1BIOkY91J+Zp2/3QTTVSSfUNlTlkvs7HQ+Hgyub+RR/wDcYwAD5lEPiSEBgyiMpQcF4VlbAjnMP0DZcDnbroDWNIJ2CE6qgZnLsKsgySR0k6gcqQx+W8KumuUMZw3cqMbpM87EAIN4pMuyWN3cQEx1TTsH1qpbJNLjU4lFbCXEZVfJ6GRhuJjqxpP8s5XPHncfqOPblDZCeQ1SGxbcKZbG/GNBB3JqM/snluoDAz90VkRwN/3T2+Gz63YQOQagRhSTPIw3AClR0xIwdl19fTQj6+PdQ5r/AE8Yy0b/AHU49hNwj2WLKcMweU4s91lazqt7XaY9ttlWydTXN5JEmAqMtuqhV1ybmaojhGp7gB91BqOoLfTf3kn6FYoVlVUvL5JnE/dL5R8w3J+6ZgyWeQl1E0lZ1hSxsJpsuJ7BVU3VFTJ9DXAlQo7aQc6QpMNGG/hAwrUcmGzU2z9gZrhdq0aRK/HscIBgr34a+R5HuVatp8AYAH5LpiJGMpijgzyU5ctsq22+pdjJz+aO22POHSR5UsxO1ZBwfunhtQRp8f8ALCLAtpkX+H0u2pob+aK2C3sH1DZddTOOT4m6CaN2frCYsCtk/wBBtVvG2kJa6D+kIPybv6wl8m7+sK+AJKUfQf5qji3awH8kQ3SADIjBKiCEM5wVwaT+BqDbkW7Jx6WAjrizO0eR+iabg07eGU3LP6R+iWWf0hX8bB+aeMCM5O4bhL5iQ/UE/wAp7LmG+ymAMtjfHJ/Cn6n90gGg8J2R2KrAMpuJwSyAcbpCepB2clgeqWB6qYA+RjxWStH8yTCE6reX/wB45J4B5P7IJa3Gx/NTCDjNskCYkZMp/VF8dwG0zv1UAsTizIxlTAz5J/smNr5hs2dw/wDEuC6V43bVOH5qCYi05/1XA1wV4LVtn7LSO/XZh2q3I0fVF3af+0k/dUzh7ro2yoEtRYvZoo+tbqwjWWkD2U2L4gyHDZN/XhY/UfRBdGe2yFvAxau5dM9Ch63hcN24ypcPVkL8aTufdeZtJ9E5r3twWkg/dVvY+Ottf5M9dpL+Zdy0Y9cqfH1DAwYLCvGYbjWwnyzuA+6lx9RXKMYMuVFLPYyOvnE9hj6gpJeWkKdBXUbw3+aBleOQ9W1DAAYhnufVWdP1nA1rfHBb7hH9r6NEfJtdnrTZYCMsnByjQTOafJIT+a8ypes7e8aG1b2n0VxRdSxOcNNVsf8AEqcUbavKx/Z6AyqlwMud+qKytbn+aM49VkYbwHYAqSpzK2R4BbKT91WxGyGu39M0Xg2+ofqfQwuJ5y1R5el7Y+TxYC6LPIDsBVkNXUcBS21dSCCckIZVzXTNtWopf5CHTd0i8tLd2ObnLQ924TW1PVlA4xVNB48Q/wCJHvsp8NeBjV/kp8d2g06NZ+2Utwl7NsLa5fi8FGzqJse1dSSx/llSo6q0XCPTHJFLq/CdiFPfHSVhxLEHA+yjz9M22ZmadphfzqYqSwaY2TXeJIjSWShnZiNmgjfLVFltL6cHRNIce5CdJYrrRDxbZcnF/dsh2IQW3DqSiOauiFS09mt4TM/sXdGqz8oY/wABY57zEzQwlzG8ZKRr6KY5rrWA8bOdp5Sp+pbfM4R1BdTP7teCMKxZBRXJv8iojeR7pldzr6OZqPGae7pFHLZ+mauQvpKh1HMdxnhAbF1DZqj5my3Fz3D8TX7EfZXVR06Mgt0jKD/DPkm5H+a3U6yWfuPIeQ+lFOW6uJZdOfGS+W2ZtNf4C8A4LgCvTLJ8U7Fc5Gxue6Fx4LtgvF56aGoOJm891F/hRbk0FeS/+l52/JdKFsbOGzxGv+n5VywkfUVFeaeqAdFM1zTwWnKmgU0/mdGwk98L5Wt/V/UfTMozJIWD3yF6B098Z4naG3ORoz6DBWjZlZR5zUaC2l9Hrs1ngc8uYQ0HtlVtVapnOwwBwHqh2frG2XRjXw1DXB3o7dXbHslGtjw4HulSyjE049mRq6Z0L8+G6N3qOE6Gulx4c7RI333WqligmaWysa8H1CqamxQyEmF+n2KEkZFTVWOkrm+LRS+FJzjhVkk96tZMdXH48A9s4CtJqe5W9+p8Lizs5u6LS3inkHhVUYc3g5UGRbRQP/gt6iMTo4ZAeRjcKiqelK22S/OWKqkjIOQ3VjC2dZ0faLgDUWmU0tQd8tOM/cKiqaTq+wv/AJ9MK2Bv4mDfCgzvsndN/Fu6WGQUXUlLJNF9PiA4Lff3Xq9g6qs3UkIfa6tsrsZc3PH/AFXiYuVlvIMFZAIpeC14wQVDdYa60zCv6frXROB1AMdgKmkwJ1xa4Po/B7jC4dwvI+nfi/cbaWUfVlI7QPKJQ3lenW2+2m9U7am2VbJmuGcA7hKlHPRllFolnlBRtQ790wnUMKkTDINXQ09QCHMAJ7hUdf09kExgOHotI5qY5vurIpNHmt06ZikBDosfkvPupvhzDVscYoWNce+lfQNVb4aoYeMH1VJX9PvbktaHtPCTZVvNNeqnD8T5YfZ770vN4RY58JOWhR7709031rShlZRNpK1oOmUtGsH3X0bdemaG4RGCsgIA9AvPOofhtXUbzV2ZgqW8mM/3n5LJPTJLB1qfI4+6Lal+zCdCfGb4rf2fZjZ7o6TqnpQjBbJJiWnHbwn48nfMf08L66+G/wAWOh/izaP4p0hd2zyRtDqijlGipp88eIzsfzK+YIZYntdBURbk6XxyDfPoQVmbj8O622XOPqb4f3Z1musBLw+IYDj2+3f9V4rzP0nVqYOVXDPpP07/AOId2iaq1PMT7ufHq7ZKjyxHnGF80/Df+17NaK2Lpv422o2yr2Yy7U8epjuxMjRjJzjzNGP0X0xQ11uvNLHX22sjqqeVgc2WM5a7O+x7r5T5Pwd+iliaPvPhvqPSeTgpUvsJBVSR4a7f3VpTVrSBuqp8eDwhEvaMNJH5rgzocXg9LGe40jZi4jZEDs43VFS3UMaI5gSeMhWLJxsRv9ikbA2i1im043R45NTvqCqhIXBFZIWndLwDsyXEUgCkMeCB/wBVVRVAOATv91JjlBQYYp1snuAJBHIVbX2amrH+NkxyH8TVNjftgomQFXAvDXBnJoK23uAkPiR9nDsnw1bXcEFX0jQ4YIBVVVWoOzPSgMeNy0cORjVLAgGy4wAnOa5g1MCiRTlh8OdvhvHYqXHKDsdwryiwkUwf5ZP3CBVUfhkzQnLeSEZzGkZGyGJHcHhEQraq2U1xZolY0O7HG6oSZ7RUfK1eS0nEci1zo2HcDSfZRa2hhuEBp6gZ/pdjcFOrucWBOG9YB0NbDVRtp6oNd2a4r51/tL/2YaXrCGbqvpCNzLxG3U6LtUD/AEP+a9nLanp6pENTl8RPleOy0tFcYKqFviaXNI55Xd8d5GenmpROZqtJGyOyS4PyIrKOttldNbbnSvhlhcWSxvGCCFBfE6El+MsO4Pb7L78/tRf2YW9bwzdbdFUbTfGtL5YY9jUgegHJ5Xwk+Kpoaqa23KkfE+J5ZLC8Yc1w2X1jwnmo6iOZM+Z+d8NGMnhcMgOcHtAyMKJOPDYXAcKXWUctDLpIOg7tJ9ELU1wwRlevqthdHMWeDt00tNLZIitm1AA/iUWpj8N+BwpFTF4btTAdPOEMPZUxlgwHcbpNsMsODwCY/PJBXHt3QtD43aSDsnF+OyySi+jRnIslPBOUPITwRlHWCFHCSQ4STQBJh3T01QgmZ9dgiHhNBzuE48IyAgTkoNT2RhyUKfkIGQaiNQ0RqFSyGdPCGPqRDwhj6lRR1wBAJUSTlS3fSozxkpcwk8jHKTTfUEBSKcgOCuMsFvosY1K/A1RYjlSvwtT4Mx2jsZI+69N6PGKAfmvOImjIzuvS+lABQDC2aY5XkX9haVZIGAtdZsNtLDjcFZCq3e1vqtdQgtomDgLpVnl7nxgtIRln3WT6/qSWx0w7lbGjA0ZxwsB1dVw1l8ipmbhmzvurnLEGhVEN08lz0/H4dPB7tWmtI1VrXO/CqC2saxrGtGAAAAr+04FST6KRXHBVqwWbpAa4Ab7p11/mVlNB6OBQqJoNe8uGccJ9a7VeYHJpjfZZYwcEryv4n1rmzspQNiefzXp1VUBgLsYxleKdXVb7hfxHIctB4/NKsZt0Ec2Nv0jRdOgQ29paiXOpOghNoyyCkjawYGlQbjUZGEI98zcisqX6psnlTrewAAgKre7VKCFdULcNBIXP8nZsrwe5+kNL8l28c8ky+bsrKmboaCoMbfEqRkbBWkYweML5n5TUPLR968VRiKDxDONlZ0zODhQoGbcKypwA0LyV8t0uD11EeES4gNkrgAKbb3ToxxhcuP8A2X9Vj9m30U9NwiSkjC5BwuT8qATltQNx9Umob00Ow0uJ2TorLMrsxyUnUNS+KVrg/GNsBX9lldJSNLnZ2BWBvte41j2yHZqvujLw2eMRa9WNuU+dL2bjn1aqM7nBm2Zyjtw4DZR2qRE7Sdwsa6Oi1kUjPfleT/EW0fKVgrmM2cd8L15w2ysr1zbG1trcdGS0E5XQ0V3x2I4nmNL81Lfs82tNU44a4gZV6w5aCsnbnFtQIvTIWmpagDDfQL0y5PnzW14ZOiyBgqQBuEKNHOBpwoEgdXGZIsDfZVMcjqGobIBtndX2Q4cKsrqUueHjglAaa5YNQyYVEMc0Z2cAfssP8XrALv0464RR5novMCOcd1qLTVA07YMbgYUqppWV1DUUMoy2dhaQe6bRb8U1JAa2H8irYfKTQQN+V1TrzbKm0XOot9SP5kLyCRwfcKCvbUWK2CkfO9RU6bHBiSSSTsCh6SSSiIPCkU9Q6FwP7ZUdccckJ1ctryKsrUkaigqvmIg5SZIyMPas1Q1UkEjXNd9wtBT1bZmg8ZXRqs3owW0uL4JME7WkayrGOZrgMd1UuaG+bujU8++MbBPUhtOpcVtZbBxwpERzjJUKJwcAVIBB3zwiOpTfkmZC636ggs7IrOyZnJvVvAZmAEpBkLg4XVMF7sgCDlcUtzG4zhRnA4KrGSbsDclLJTXAgriW1kr5CBcLLBWP8aM+HL6jbKg0Ut36fqxUQPc4DZzSSQ4K+1t9UKcB+3KVKORita6NJZeuLdX6YKnMEvBDuFpmPa9oe05aeD2XlMtsiqPO0aHdiFJsfU95sNYaavbJU0uwA7j3CHB19J5TalCw9SAynKrs3UFsvLNVHMNWN2H6grRWlk72n1cLV9o/JTxymJ6s2RlkIOERRxyiDhQepfsKz6gjN2QmjB5RARhAGmg7Zu2EQSjAOFGHKKCMAEqDE/2GDgCNkZrtXZRhJjsiNfnbCW4ZHRbwSBhEBwcqO05RBwiwGSWOxnZFDtJxhRgcIgcAoGiW14wi+IPT91X+IfT90UOKJLI1LKJoOUZQo3HA2RScqxpK1490RkmRnHKi7tHKM0oWshRkSBUPGzdk7LjgEoGQng90W0buRJxkbpoBBTGydsImrI4UwTchw2G6WR6hCc49kt+5VpA7+cBk5B+lEVl54HJpmwcYTgR6quuF3t1CCJ6gDHHujFWWqHZYiUEZxn7KpuvUdvt8ZfNNhze2Vlrt1pI+N0dtDo3caysbVOlqZHT1Mz3uJydR2VpNnO1Gra4RcX3resuDnx0b3Rsdtk91naWjqK6fQ0FxPLipENulqHfyWbey33TvT8EEbJHx7gZOe6PBzZync/uAdNdMR08bZJIxj7blbKmp2gNDWgAei5FC1oDWtwApTXNYMYwijHPY+mrCChuBjKQcG9v3TNedlzBxlE+DUoqI9MTXTBvIQnVIDSdKKMc8gzlt7DF7W8kKsr69kTTqOAOVFuV2jgjLtW52A7kqgdPPWu1OdpC0Rhk4ur10YvbFna2srLsfDpwGRZ3fnf7IkNPHTxhjG79z6olPGIm8JF+rbCaqziX3Ox5YNDJGeOEUnuhZABxvhMjBmac8ieQBkqLLJq7LskudlHkd6J0YCpzOEklCJTydkJz4425ed1MfszWXKKFnAVXcbgGgwwuBPcpXGueW6IjgHlU8gOMo8M5Gq1aktsBjickkoRO2/KTtnFCOT3QtNnInIbKRnIKjP3IRHnPdAPGVHwZZybG8BDc4kblPJymjuijHPZllJsCeVzXtjC6X47JpI9UbWAE9xzLiVe2m2GMCpqW/8oPb3VdZ6E1VW3LfKzzH3Vn1Bdm0EJia8BxCVkfTHHLKzqO9eDH8vSnDicZVLQURc4Tz+Zx337oETJKyq1vcXb5V5FF4bBthIlPJrhHdPIRjGtA3T8jnKCXAHbZNdIB5dXKVNnThwh8smdgs5eLw1odTU8nm7kIl1uwaHU9O/wAx2Lgs8Y3SO3O57pLlgXbY3mCOAFx9SjwQOJBI2UilotRBI/dWMVMBjypcpoTVp5TeZEWnpRt5cKwihxgAYRGQHbAUyClzwAl/IdanSqPQKOD1b+6lw0xJB4BUmKmAwSOEG5XKmtVP40uNX4W+qGU8D2o1Lk7O+Chi8SZ4bjfGVib11JUXGV8EJ0x5wSO49EG43Sous3ivyAM4GVGig0nUQEGd3BzNRfJvEQTWuHZHAOEcNYG7jlDdgBDjBjkvbI6bnSOF1xa13KGG69glylgtLIxzi44CPTU7pSNtkSmt0shzjZXFJQ+FjLQgNVdZDioMAZGF2eANbjCtXRBrdhwoMx1ENARxg5EtcYRK0QEuwG8qdR0ZDtRGCpNLSatyAp8cLWYw1dLTab2zi3X+jlNAGjGFJ0AYwuNaG7BE+pdSuG3gyyk3yxzQGhPJymuXVpSESlkMkkkmAiSSSQBCSSSUIOSSSUAchLuSuLo5UBYvMUsFPGMbpYGM4UByDSXdXOyDJVNbtjKpvA1LIVDlmZGNyoslTIdm7KKZnO3KzTv29DNhJkrSTpjdyopkcTuU3G+c7p434WeVkpdjFHA9p/ZJR5KqOnH8wqtrr/HGMRO3Wey+MOZMfGmUvxLlzg0EuOAFDqLtTR7iTcLNVN5qJjjXsoEkx+o75XOv16j+Bqr0Tl+ZoqvqB7/LE8KonuVVKd5NvTKrH1BB2CQdnlcy7WzmbKtLCPQaeqc4jugCXUOE0jPddAwsll2eGPhBQ6G6ikkuE4Wac8Dhml3omYIPCOS3BwmsY6R2lu5PolqbYUYuT2o4XHBGMobcknAJ/JXlt6crK9ww0gd9ltLV0OyJo8ZrdxyQnQg2dTTeIu1Ed66PoI04PK4aNjtnNCmaW+iWhvovlieej7Jgr5bfR7AwMOfZRH2mjO/gMH5BXD2cboYi1YwFC20Uxs9KDnwWfouGzUpGGwsz9leCDbhdFP7KbQk2Zw2NmctgaFz+Czeg/RaURYGMYXfBOMpbSRIyyZn+EVHoE/8AhNQOTgLRGA9gnGnJVYQzJnvkpBsXE/ml8pIe5H5q/wDkNW+Al/D8b4CvgJZZQtpKg8SkZ9yiCjqxv4/7q6bR4/AFwUhzsMYV5DwyqFNVjiX90QQ1QGPG/dWXgYHH7ppid6Iy+yv01AOdf7p4FSOXqUYyOy6YzjjCnATntRF8WcbFwS8YjfSEQwZOyaYvZRMr5ATpS4bt4QfnAD/2aT9FJLGg5yuvaNgCjzkKVkl0A+bJGRGR7YQzVyfhj3UktB7JmhvOlHEzytkiK6evP0twELVcH5D5Bj7Kbq2whgA8FP3JC90pdkR1OJcePuQnChpRuGDKK4And4Q9BccK00Kkpelkbojbs0ABOy0fiCQpidyUjQ043dn9VorlHrIt/IulgE9+e/HumGTI4zhF8GnbnzY/NBc+kjOfGC0RWejNOU3+UkhoOOAgmVwOA1GfW21o3qQocl2tzM/zgVogpy6iZrba4/lal/1D7keijOjcclCff7e3I8TP5qK7qOhGQNynLS3T6RzbvK6GqW2VqJT2PJ/9E0RkbEqum6ka3aFo3UGa+1EnBwnQ0F8n0YL/AKh8bTHdvyXr4mNGSQPzQHSRNG7gqE3Wd2dTygurXnYuWyPjbfZyLfq3S/8A0y8fU0rf+JhRHXWIOIDCQO6qnVABye6H8yPRaIePkvyRzrvqhWfg0iwnucuf5LeVCmqrpLwzAKE6ukj+gBBfX1ROfEWyOjcVwjn2+dlP8pDzBdH7ufpHdcNJ4n94/J77rnzsrx/MOVHdMXZySE2NDhw0Z35aEuwvyNAN5HYS02sDGB+ijOJd9Rym6R6K3XkW/Jp9JBzU0zPKxmw7rjrg4fQP2Ufb+r9kiWgbHKD417Ey1030EdWVJBy7CCZHOGC5IyAbYQTKTnDeUXxpCXq5P8mOIHqmagDthMLyeyF4ZedjypKOAf5O7oMZhgjIQDJvwutpnudspDaR+MAYS3hdhqFmofBEDnngLpbM8jDdirCG2SHzHGFLZTxRY1JcrlHo30+OnLllTHTPfgY3UmOgx9Q/dWDzG0YYwfdC1ufsUmd79HV0/j4Vvc+xrKaljwXtRH1EAGmKPTjuhukAOOUzLB5kDscuzcoxh0Ee+ok2YRhMex43PdR5K1rDhh3UeSsq5Nm8KFfITnHByShyVcEQyX5KrnuqDzIo5BzkndWlkXK7BMmuPm/ld1Hlr5iBkhDdho+yi+JlxGUWGId0n7DOqnSDcoYOcrh37ZRYonvJDG5KtRyC5t9kZzQV1jfbOFPitVdU4McOR7qfF021gbJWVfh5G7Woi97KMDJwFKgoJJ92xkkK5ENqoMOjxK77Iv8AEGDHgQhpVdkzkgQWWrdgmMNCmxUVNCB4zhkJSVM8zRl5A9kMMe47uKKS2jYp+iUJKSP+6hY7HqFw1LsENAAPoENsMuRobqRxTOABlbpBQ5RrqhOXoCXajyEmQkb45UiT5GEZdyozq9hIbDyhbRohU8hwzbdLTEPrGfzUcTVrxhrdinNoauQ5lOxSpzNMa5PpHZHwtx4bR+qb8/URnEDsFS47XSAgzzEeqnM/gdFh4eC73QOw1104/IqHG71wDHag32Umn6anqHNMoJIGN1Pf1LQU20b2/ooFT1pA3JjeSfZZ5y3MeoUp/cy1h6fhpmguYAVIEYi/whZOXrOV+41H0wVEn6pq5BpEjigGq+iC+03DqqmYMOk3UY1tM0/3uVhjdKyc5DzkrmbnNydvultZLhrMfibR91pWjImG3uoEnUdMwnh2PdZ1lvqpXZly0eqL/DaZo8zckIdvJU9bZ6Lb/ayKPIh2P3QP9qrhMS2I7BVo/h0BOtnCG66UUBHgR7osC3q3LiTLN10vkxznGUIwVrz4k1QcnkZVdNfarGI27EbKvlrrnK7UJCh2gfy4Q95L8OhiB+Ymx+aj1NztMDcsLpHegWfLZpnfzHk553Tm0hJ27otgmzVzfRZTdRYbilg0n3VVVXa8VPlY7APspkNCNi5SI4Q0gMaMqKszu2Uu5FEKK5VLszuKLFaYi4Ol7chaKOjqJhgR4CIyyP8A+Kef2RKpsVKcI98lH8jSMAHh5T2wB+BFDjStFDZ6aI5I1KV8tTgAMjAwnQ05nlfh8GYbbqqbGmLZHjsUuBqOAtC1rRsD+ydsBjKfHTr2T5slNDZIAfNjP2UxlopQc7beylgYJI7rhLncAhM+JFfKwbaOlZuGjIRoxFEMNATdLvUputoO71Pi/sU78EkTAdl0yZ7KMZWDuguqOfKFWxAvUxXZKMw9Ew1bhwAoZqPZD1/dXtJ/LgTDWznIBwo73TE7zDdDLw3gc+yDM8nglTaC9XH0SNTQNTnKO6sibkNdugEvPJTfB3zhTJFdKx8DzUyPPOQVwDO+eV1sR22RmxdjsgbNUISmgbG98ZRAQNgpEVOOSFKbTwjcMSW8joad+yK2MuRo6UvGcDCkeGxuNIwlpPZyvDZqhSvYo6WEYLhuPdOIaOBjCa5wPDkJ0x4DUYzhBtk3y+oQS9x5TcI3EVOwJLKOMBDLnN+k4TgwlItx3RxrbMd9yj2M1PPKWXIjWjKK1rcfStUazHPVwiCawuOO6MIwzckDK4HRxg63YUeevgaRl3CfGGDLbro+iW18LRu/j2QH1gORCMkKM64Q4Aa0kprZa5+PApj907ajM9TOXQfVdpjiF4YPsjw9Pukd41bcNWeQoZhvbsfyy0fdPNvujyPFn0N9yqcUhTsbf3FmyhtFLjDgXDujfMUMYxHKBvnZULqaLP8ANq3Ljv4exuxe8/dTGA4Ta6LeS4QuJa1xx6oPjUJOZXklVzKmlA0iI/qm/MtyRpwEO/nA9S4LcVNA36WpproB9Iz+aqwC7cDCL4efZTKHQngnfxMNGWtzhQ5bxUPJa1h291zwinQwt1bjGe6W7MBNuYH5mve7VwF0xzTkajnHKtGR0oaNZ/RPb8uBmKLKpTJ8OeyFHQuIGofujw0MIOSMFSCJQNo/zTS/G7n4KFyGLTxOsga3huFIZCMfTz7qG6pe0Y5QH1dQ7YOwg+QYobS4aGNGSQAEOStpohnVn81TOdPKPNKceiGNuSo7MkLKW7nJEI7KFLXVEoOThcIHOOE3b0wgyyn0Qqn52Y+V6EKSYY8RWekdktI7pqbMttbmQBRAkagEcW+DSMhHLcJ4aB3TEZHVjsFHQU/IaAiNhY3jZI78JzUe4B6bd0IRM7JaWt3C4uHhE5pALSTHa2g/SuF7T+FCPK4WkhD8qRa0zj2OkcG8JrXJukk59U5rCq+ZFfxG+hayuavZO8F/YFMMM5H0beqP5YsJaWeOEcyOMpHB9EhA93ATvlJTsAf1UVy6J/Ck/QI7890EkjPlUw0dTjZqb8jXO2GP0TI3RXLEWeOtn0ivLnZ4S1O9FP8A4RXHfwR+qX8Hrv8AuR+qP56/2Zf+EXvqLIGp3v8Aqlrf7/qrD+EVg5iCY23VAP8Ad/uq+ev9in4fVZ/BkPz/ANS5/M/qVkKCXT/dBBdRz7nwlfzQ/YEvE6pf0MhZf/X+y7l/9f7KR8pU/wDdLnylT/3anzQ/YiWg1EO4ME1ztxqTcn1RjTzNGXMwgiQcOyPyVKSYv4Jw/JCyUslcyDwUi9rd8j9UfALWOwms44XNQ9Ezxd8aU3RnfOMqiBicri43uu5CmQBYCWAm4KWCq4IcwEsBPSU4Lywen3S0+6IUMNV7SZGafdIszyf2T9Pulp90OCuxojAOQMIolkYMtcQfuubeqGZQDjCmSyXBdbpE8eHWOA+5V1RdY3elxqlDx/iWcHdIv1Ej0Vbmg4Wzh+LN9RfEaRjm/MQl3/ItFb/iBbZyA974yezl5Cx2nddMvfHCYrOOTTXrrIHu1P1Db6sfyphn7hT4J2PILCCD6LwKnuVRTkeE8j81b0PVlxoniSOodnuC5TcmbavLbeLEe6Crexu3dOZdaqN2nIcPReU274i1TZv96GWFX9L17a55hG8FmeCTso4pnV0/la308HoUV0jOPGGklS46ujkaA6XlY+mu1FVtaY5mfqpkby3zMdlC68nUp1qn08l9UWqy1Z1ytBd9lU1PSsocZbTVmJ43DcrkVdOw4LhpCmxXaIYAcdQ90DhtNSvqs4Zn3P6wtNQZHNNVGOWndTaTq+CYiK40T4HHY5GyvYrgZvrw4e6T6SgqXa30jCfXCJPBUoPuDIbKyz1v8pk0er74Q5bQ4uDoZAPQ+qj1nR1HUSGWnmdC7/CqmtpOq7S3TTyGoiB2I3KarpR6MN+njdHEkW1RBI0GOrgEjPXGVXS2WjrCTB/LJ7FEpOtKcNZTXWlfHKBguLdirWGpsl2GaKpY2Q+hWunVz6Z53V+BpmuEULIb9Y5BLRVL8N4AOy0/T/xhvNpkZDdWGVg2OBuAoT6C4Rkta4Pb2VfMync4srabSe7gF0YWqfZ43yHglW+IntFh+K/TV5kbD4/gvI3DyOVsqepp6lgkgma9p4IOV8ry2alqnF9uqhHIN/Qqzt18626cax1HX+NGz8DieE7avR5rU+OVb4R9OFoPlO/sq2usNFWZc1nhPP4mbLzXpn4208uikvkLoZRsSRgL0a09VWS8sBoq+Nzj+HUEto5s6Zw7RTVFqutqeZYXmRg4LeUei6pY3+RcstHG4Wkkw7jhVdwstDWjD4Whx7gKgFLJDrelLD1GzxafQyQ7h8exWauXSPVFkOuizVQt7Z3wrSosd5tDvHtEjpG8lurGFOt3WbgflbvHJE8bEkYUCTyYoXAzH5O70PhP4xKNkamFVa5fmrJWSU550h3lW/rLdZ75DqdHHID+Jo3CzF06Jkp2+Jaql2R+B5UKaTLmwfFKRjm0XUFO9p4E7fpH3XoVFcaOvhE9HO2Vp7tOV8/V7amnPg3Clc0jbJGyPZr9cbLKJbbVvaP+7LvL+iWD8aZ9BuJPIwmkZWNsHxKtVwayluX+6VeN9R8jvsVsYntmjEsRDmu3BHCETKDQ17TyEEvJOD2UsYIwRwo7mYPCjAIlZQRVTMYDXdiqiotj4ctfHkeoWgeS0ZAyo8jjL5SMJWCozZ571N0Ha783xXwNiqmDyTsbhw++ORssDcLReOlpA24sbLSuOlszR3917vNSbghuECemilidFLHnVwfRU4odXftfJ8/Xaw2LqalMdZTiQ4Olwx5crO9Nz/FH4LXI3DoS6fxCzOOqez1GTC8D2zscE8YXtV6+FjfGfXdIhsBcS59I44jP/L6LFsqJqa4NtVxpX01Xg6o38fcHusOs8fTrIbLVlHoPGedv8dYrNPLC/R6x8K/7QXRHxJY22T1Is3UDMCS3VOweT3ifnDgvTHsyBvsvj7qPoK13r/eI2imqm+ZsjBpOexOOcLTdDfHjrL4eyQ2X4hUT75Z27CuDtVTEPc8v+3/VfLvP/RlkXv0q4/R9t+k//EiF8VRrXiR9JyREbgITKualfz5fTKB011T091naY7z05cIqumf3YfpPoR2U2ppmkj3XzjVaGenm4TPsmh8hDVwUoE+lucMjQHuwfVWDZQ8AjgrLGNzN2jBR6a5VEIax+49Vz3Vg60ZZRp2yluFKp6jGBkKkguELmDW45R21LQQRwUlxwRmjiqAW4OEdsuv2VJTTF4yCpQmLSNkmUci3Etcj1CbgBpw4FRWT7AFEa5DgDaxslPFOS57d8cqM6B8Z8jMhTEi0OG6v/JeCMx+AWuxk+65pHYpTQNB1NJyhxlwIBCMPaPI09kMnO6NkOao+CD90eAWR66mp7hC6nqGZBGx7hZQtrOnaoRPBko3HDSN9JWxxhClpoaqJ1POwOa4Y3CdXY4sCUVJALbd45cU858p+l3ovnz+1H/ZhpuumT9c9D07Ir9py6mjbgVhHb/m/zXr9Qyp6eqtEoL6d58j/AOn2V5bL8wgAPDmO2IO4Xd8fr5aealE5Gt0MdRHZNcH5NTZpKie1XJv86FxjljdnXE4ex4VRV0r6R+fqjd9Lgv0B/tO/2WqD4h003XvQdOyDqhjdc8LBhta0b7j+pfB87amlqp7PdqV9LUwOMcsUg8zHDlfUvD+YhJKaZ878v4TOVPv0ylfIJBpI2CgTMdBKXtHlO6sayB9JJpc3LTuHdiFFdpmc2Mj6hyvXO6F8VKJ4edE6J7J9oCXtmGsHKEXB2fZCeH0tQWEnGcHKJq1ZSWixpJyngnKYeU4coFNJghxwuoY4SPCcmmAFaR6pjkwE55T38KysjoT6lEJGFGaSDsn5PqUZZ0clBqfw/mitQqn8P5oCHE5NTkAYk0cpyaOVCmPP0qJJypbvpUSQnKGTwSKOfkjwnzBBRYvqQBssYDnBU5vAUCD8P3VhGQW7J8FlGK0Kw+YBel9MN0W5rscrzOM5dwvTunWk2pg91voWDk+R4gT5n/7zCPUrbUoAo48LDEaqqMZ3yttGdFJEO+F0azzOqjtx/cuKchsWSdl5fdHCTq1xHAdx+a9FfMW0D3cLzalxU9STSc4P+qqXZejXMs/o29DjxWtHZXNrOZp/ZU1qZmsb6BWdmf8AzaontIQnxwkZrXlF/b2gzkn0UaZ3iXkDsxGoH5lJxwFEgfru0hxwibwZY8Nhr3U+DSOdxsV4vM81vUQk5A/6r1DrOuENH6bFeVWXM10fIRnIWeUuTqaJbYuZsSdLcB3AVTXyE53Ut7sg4cq6pGTuhlPA2mtylgBB5pm/daGJumMD2VFRNJq2DC0I2C8/5e7KaPq/0jo/jhu/YWjjBlBVlGzzYyo1DG3Rr75U9kWCCvmfk5tyZ9s8ZRtgpEqCMEcZ/NT4YtlGgjOnHCmxDAC81ZPLPQ1wwSIY+5CDdQRCpcYPKj3jHgDCBD3HBTs4TJE9nCY9Qz29AyM434US6TfK0Ekmd1MVF1NOflnQD1wtdPZz9RPZW2ed3WqfNO86s5zup3SF1FDVCEnBccqLW0urJwq1oNO7I5C6exSr2nlVbOq9Wo99o5PFga/OchTIzg5WO6EvQrqMU0kmXNG2StjGcHK49tezg9hTZ8sFNEppy3OFCro2zwPjewHIOymxu1DGFyWAEZxyqqn8bywL4qyO08I6goXWm8vLW6WPdqap1BN4jgeMq0+I9ukD/F08cH0WWttVrhGfqbsV6rS2/LWpHzbyFH8e+UDYU+SwHlHG4wodtqQ+AAt3wpjD29VoMqHxuLTumVLctx2S3bJjGwUhzNbGuAygY1dEKhe6Cqa08FaIublru3KzlUPDIeBhXMBMtE2TO7UqeY8j449nkHxg6ffSXUXWNuYpxnK840+699+JNtluvTfjRMBNOdTvtheBaTk7bZwvW+H1HyV4Z4rzdOy7evZxJPSXb3I4O8Yu4KQ5RgBhQsDgriMWtwdkLSSdgjCYQkgg+in0VY6JwBKr3JzvKQQijOUXwInHdwammnE7RuEQkx9uVSW24MhLWyK9EjJ4w5oGF1NPL5Ec6yDrkPjqJGHIOArGCobK0Ozv3VQRj2XYZDE7nYp+cGii/Z2aGN+oZR2O34VVS10IADnZKnR1DXcd1f8Ag6VeqjJYJw45TUJpyeUVuMBXk2RngJkEJuAlnK6oOctwKVu2wUVwIO4U4gHlMkj4wFZRD8/ouE57qQW+yjPYTlA4i3PAWF7XHdSCWlpaWggjG4VWXuieCrCllEuMchJaKjLLK11rrrbWi5WabSc5dGTsVqun+tzPMKG5RGKU7DVsCfZQw0kYDUCqoIJxmSMEjgjYhUlg6Okvnp5b4npIOQD6p6xvTnUsrGC217tWg4jeTvp91qo6kO7cqj1el1sLobkGHKI3shBwyiseBhQ2q0KOAnBxGwK41zSAEiQFB8bM9hUQHshakQEZ5Cg6M17Ct7IreOUNg3GyK0DChojNIc0jKKOEIAZRWdlWBnyD84RQ4numDhHHKEtMQByjsG4K4AMJw5UDjLIRo22RMFMAcGjAKLg+ihe8az6gjN2CGAcgog4UGKSwOBJPKION0IEZ5XRNEWZ8Ro+5VoPcw+Qitd7KC6rpY/7yqjH5oDr9RMyGEyH/AApyQDmW4IHcLuR6rOTdRztP+7ULz7vao0txvVQ3OuOL0ACpIpzwaeaqggGZXhv5qsruqKGnZ/K/mO9As8+kqpXF9TKZCfdcFC3u390zZ7Fy1DwFrepLhXNEdPiAerRuVRT000xMlW5zsnucq9bFHGw+UYAVPc7vBjwadnjTE7NBVYOddqHJ4ZXVgZE3bk8BMpbTU1YD5T4bDy091bWu2GST5i4NDicENB4WhgigOklo9gnRghMcyZ2zWqCma1uBgAK/iYxo2xvuq+GMjDWjAUyJhbjJUwkOhEkoo22BTWDDUxXjPBoWIchh6p5fp4GUB0gjB4391U113c1xjh/VNUM8ma/VQrjnJYVVXFEC6R2nZUFwuvikshdsOVHnfNUnVI7KDFFoO4TlWcPVeQlbHEWce3x3B8zdRCM2MN4CeNOPpXS7DcYToxwcdt+xDYIZIxymul34QXS7FMSFzlkc9+FHkkyMLj3k5QS45TYx9iJSwcL8koOSOSinjKhVVYyMbhFHCMt18UEnqBA3U78lT1VW6U/fsh1M75nk6kFzgBklHt9nH1OpcuEclcSNR3UOSXHZGklwcBR5SC3ZFtSRzXL2wRAOSCgOI33RHd1HJOeUtpC5yyNdkpv5IpxyUM8qJZM8ng4BjugvIGwOUp38AIIcO5V9Gaw6/B34TaajnqpxHEDjO59F1w1kBu5Oy0dBC2y0D6moxqcNX/oglIlUd0h9RU0dit5AAEhGB6krDST1FzrC+cnz5xnspdyrZbhUOe92QOAmU0Oh2SEqbNcFl8Emkp4qcYa3J9VLd9GEJuANymzVMcbceqyyeDfXFJDZHYycqluFxcA5rHeyVyuGTphf2VUBLI/JKTKTY5zeNqB6A52fVS4KYlzTjCJBTZAOlT4YcafKls0aehyeWKnpcAbcKUyEBEhiwFJigJPos8nydKukHBBqOAFOhg8LzEZT4YWxjcbqBeLuy3N2cM44QjpJVxywlyvEFsh1vAc7sMrA1twqrjUumnd5T9LewCVXV1FdUGWV2QeB6LkbeNuFH0cu212CjhOQcIoAb2Rm6Q3ccIM0wxgBCnkySSXLBTvI3CjSTEggp75AcoQY6d+lgVTFPM3wD8z3qxoaIkhxRaG16sOlariCnbFgAJeGaK6wcFMYGgAKQ3ARSG6eMYUGon3AamVwcmFbONUW5Daupacsa722QqeFxcHH/NdhpfEeCeFYMYA0ANxhdPT6f2cS/VOYoGBrQMIyTG47IoGF0q4beEYJT3DQC0p4dtwkQNkUDGwWhIgxJJJWAJJJJQgZJJJQgkkklCDkkl3BUAeDi7jK5nC46drBuglNRCSyPcSOEF9S1gOSo81Zk4iKhGZzyR6JM7kug1DJKlrCSRE5AL3HkoRA3TzkDOMrNO2UhkYpdj03SBkhClqRGCSAAFSV1420wO3WS2+NSzIfCmUui4lnEQJONlT1V52LYXfdU9VcaqQ/WcKIZDkuLsk8rlX+RzxA31aZdyRNmuFS8nL859SoT5NRJO6GXHKWn3XOnqJyf3GuFSXCFqPZcJJ5SwUsFJlLKNUYDEksYSSJPHJNuBJYKYMg+qOAMJU7MhRjuBrgYXnDeSihu/qtH0/0lV3GRsvhZb6EJfM+jbptDbqpYrRR0Fmra6YRtaQD3wt9070CyFsc0xGRuchaqxdKRW9rDKwEjsFu7H0nLcnAfR3+y001POWew8f9PqElLH3GVoOno3+WkhBkGMDHK2li+HlfVsa+rDY2kd1tbL0dT0YY+QAub7LTxQDAaBgBboxSR7PR+JUY/ejwn/2o4+rpyoA9p2FEZ8VbRxPbqyI+4CypiaNw1DMeey4k/pnRy6TR8Mh9f+XjzKSf/Q20XxN6bkwJPmWen8sf9VJi6/6ZO7qp7Af6mrz8wNPLB+ia6miI3jb+izv6T03qTNNP/iR5GPEoxf8A0PTo+tulXYzc2D7qU3q3pV4w28wgn1K8iNDATvE39Fz+FULtzTjKXL6Spl1Nm6H/AIl6tfnWn/1PYW3/AKfc7U290YHvIiNvdgOD/HKLP/0xeM/wag/7gIZstBk/yAlv6RrS4maIf+J9kfyoX/f/APYe4C7WAjy3uiP/ANtXW3K1k5bdKIj2kyvDv4DQf9yFz+A2/wD7kLM/pKzPEh8P/FJN/wCwe7i5Wz/5OhP2cu/xK2f/ACbD/wCZeEfwGg/7kLn8BoD/AMLH2KH/AOE7f+Yev/FNL/6H/wC//Y91/iVs/wDk2L/zJfxK2f8AybF/5l4Oen6A95h9npf7P0H9U/8A51P/AITt/wCYL/8Aiov/ANB/+/8A2Pdf4nbD/wDGxf8AmXP4lbP/AJNi/wDMvCP9n6D+qb/zrn8AoAc6pvzcp/8ACNv/ADor/wDip/8A6D3SW7WuMYFXCc+6iG+2ncm4U7cc5fheLfwakbsGE/cqRHbKcDBDsemU6r6Ssfcv/Ip/+Ki//Qf+Z6y7qWxNODd6P/7r/wCiG7qiwNGTdqUfd+F5QbbSZ3YT+aH/AA2k2/ln9U7/AOEYv85YEz/8U5Sf20L/AL//ALD1GfrDp6M4Fzidj+koEnXfTMeM12fsF5r8hS/92u/JU/PhhHH6Rpj3Nmaf/ifqpfjSv+//AOw9Dk+InTLMASTOz6MUSX4j2Rv0RTu/8KxQghAwI2/ol4MX/dt/RPh9K6aPbZks/wDEnyMvwhFGsf8AEagwdFHMT9lG/wDaGMHRbZT91nhBEPwhPdG3GGjCbH6c0sf2zJZ/4heXn+LS/wChc/8AtCqnZDLaB6ZYgt62u0pPkhZ6YaqfQd900REZ2T4eD0sfRjs+uPM2f/Ux/hItH9XXnjxW49hjCjS9QXWYb1GMqG6J2yaIyThPj4nSR6iYJ/VHl7PzuYR1zuz3b1Z391wz1jh55yc87lObAMZwloI20/unx0dUPxijDb5fXXP77X/3BF0h3LiT9006u/8AmjeGfRLwz6JypgukZZ6q+z85t/8AUjjV3H7p7cY7LpHdDJOVfxx9C3ZJ9s7kJaiQd11cPCpRwFveMA3OIOxXA4nkpOGXFIDCLIOTji7OSV1c1eyWr2VZGI5hCRAcoavOS8jELzAnblG0lcLd91UnjsZwCTS08KUKdzhkBd+VedsYSHajRXCcl9qIYLz3THNc7k7FTxQvO+EWO1y7OcMhC7ox5Nleh1FvSKoROzuuiLVwrf5KEfU3dIwRg5Y3CXLUL0b6/DSlzYVsVJnctH2yjMo4huG88qXoaAcBD0uzlZp3yZ09P4umrtDDFEMBrAMLrY2+ieWE7gJrg5w2CXKbkjp1aeFf4oZqI7rhcDvyumN+cuGyaWxt+kYS5RyO2JDHOOS0DdDMcw76QinPYILhU9njCtLIMm0I5H1O/JCc/Iw4ZC65rh9R3QnO7K8ejPNs44Qbnw9/ugmYDIa3YJOje45AKcKR4A8RpwfZW1gU5MjPqDnGEAukfw0qyFNSD/mKOy3yctjAHqiAw5FEKWrkOTwVIgs73uBlIwd1etghjGJXNJ9GlClkiZsxuPzRqYLrS5YGG20kWC8A49VIfLQxBvhDDggOLpN12OnLnYOyvKQ2MHLpBP4jUAFsZABTHGaTzSP1ZUhtK0chF8JoGCNvuqc0h0NNJ9kARZJGE9lK474wEWSWngduN/uhOuDuIWY/1QO1I0V6XL5DNp2tGXHAHquSVFPDw8OPoojn1FRjxtmegXWQQsOdCVK7Jsr02H9qDGvqf/hWZ9yh5uVTtUTaR7J+trBpaMYQ3VWAh+U1KvjDHNoomOBmldJ9ypIfb4QCx2Cq18rpAR6qN4Dnu3KCVjC2qP4lxPeqaNulhGeygPu9Y/OjjtuhMoo3eZ4yQi+EwdsJMptkTn+wL6m5yfZC8Od+8smVOJ0BBEjAdyoHLOCKaZzzuNvuiCg3BjYB6lSGzwN3Llw3HAxCFBG+MexjKFrfrAGeVIbTUMTRrIUQ1Uku7igulc7YnKor5Yv8SxZJbojluMoT7xEwlscI+6rywlN0oQXZL0SZLtVPdiN+kfZRiZ5SXPmdk+66GorWhTGQXOT7ZHdA5/1OJThSDOcKSQAmCU5OkZIRxg2RygvzGmlAxlq6KePOCcBPDquQ4OzUWGmDj/N3RKoF3RX4oaxlGwDbUU8QMkO0Zb+SlMp6aMA6EQujA2PCZGnIieoS4YBlBgZPCkQU8MRyGAn3TTUgZQvmXH6cpsaMciJ6mMfZOJ0+gXDL/iUDxZSfO7K46Q43cmKnkyy1cX0TjUNBTDODthQCXZOCU7UmxrwZ5ajJLMxzyEjMfUKHpPdxXfzTvjAepl6JPzRG6785NjAd+yBkeqYTgE44U+NAPVTCuqpjnz8phlf3TNRPZdHCCUUilfJ9jw9575XUMSaBjTldbOTwN0otyb7Hnblcdwhuke/lIjcZKpvA2FTn0cIcSRhJsRJ37og0jC66QNGQEqVqN1Oky/vGOg7pMiHqnEk4RmMxuVmladWrRpdDGwAb4ynNjIPCkBoxuueTsEO9s3QpjBdiA0jGEXI9QhZAByhF25wVe3IWUg+T35SzjdRzLjskJSd9K0RQuVgXU71TcZTV3SUUYmWy7B0AduUvDxvlLQRuVzUO5T1HJz7tTL0OEmkfTwuCXPZDkIxkqM6UN4T4V4OVfqmvyZKfORnAUV09SSQHJrqlnB2QJqqYY0nb7J0Vjs51t25hvCq5dnyAN+6cKWmH985RDUzOG7yPsk1znHDnZR8C0nMnB9HDvG3UU03eWPaJmPdRw0JxazbBUdiQzbP0x8l3ur9mOyEwz3KZumWQ4KeCwAABE1Ab5ylueRsK5S7ZHMMjt3nf7ojadx/D+akjA7Iglbj6Qhdhuqq/ZHbSd3I7YGDkcLvi+yWT6JTsNcaooexsTTh23onhjTgArgH+H904BT5TRCr9D/DaR/6roa1pyB+6FpPYpaSO5S5WZGxqyF8YDbSE3x3g5ZsU0jC5kIPkSGqGOh/jzO+ty455JzkJgY49k4QSen7qpWZDVf6H6uxCFlv9P7oogJ7J/gOP/wA1VkH4ZS9Ectdg7IA1ZVgIHD6wkIGjcNUzgr4H7IoBxwuYwpugY2Cj7k4R70F/HB5JSA3wpDYHOxhn7oraV55GFSsSItK30RQzPG6RjI5arBtIT6Iwo243Ulfgi0M5dIqiHDldb33Vp8mzO4T20NO0e/2Ud+Og4+Ns9oqHU7iScJhgf/Srn5eNp4TxCzGzQq/kZGLx0vbKMUsmc6cIwo9t1a+A3kNC6IgDnCF3ZGx8bD2ysFvPof1RI7dKBnGystOB9KaM75Q/LkOOggvRCFEGnfkJ4phndS9Pslo9lFbgfHRQjykRzSxADDcJCGNu4HCleGV0ROKv5Wy1pZPpEUYZ5cJayN9Kl/L7Zwl4OOyNyz2X/FmiN4zxwwrnjv8A6CpPgtA+n91wxsA+lBkp1YBbuHCYWOH4T+iJ4rYzsAifNS6cAtx9laYEo4IpiI5/yTgG9sIh8WQEnHsginndnLcBGpEcZNYSE57OCAh5b/SEb5Gd30tKd/Dqj0UcsCnROXohSxxyYy0YQZaOjk5jAKuBa3FuXPA9QuG2UvB3To3RXsRLRSl3BMoDbKQ7Yxn3QjYqQ7+J+60JtlJjkhD/AIXT58rse6N6j3FmOzxSn+VaM2bIQfJOMe6a+1zxt1NIf9lpxasuwJgGrrrO7hszTn2RLV/tmKzwlUv6cGRNLUf92UMU04dkxla02GqO4cwj7oTrDWAHdv6o46mD9mWfg8fijPCBwHmaM/ddEHq0fqrp1iqA7fC5/A6golan0Ifhpr+kqPAz6Lho88YVv/AKkHIK4bNV4xhEreRFni5xX4FO+jLtxIBjsheC7OAMq7NirDwUw9P3DGdIx2TlavZz7fH2p8QZT/Kzc6NvummJzeQrd1muQ5Yhm2VTeWqfLEzT0l8P6GVBD+FwscOysv4bUD/h5SNPO3Yw491FJMFae1rLRW+f+j90sn0U8wgDdijljc8hRxMzk08YApZHqjmLZRjCc8qsETO59E3xXcal3w3D3/NN8J2eCpgdFndbyfqO6eyaRhBDycLgYRzuu4wrwy5Ilw3OrjcCyd7cehwru29Z3iheHioMjeNLnZCzOcJAnkFTlFKyyr8W0ej0HxKe2T/foAWnjHZX9B1rZa6QRiXwnH+rheNaj6rrXuacglXnJpq8jdX28nvwq3SNDqSqj9t1LguNwhIL2hwHZeCU14r6cARVMg/8RWioPiLfKWERSvEwHBI3UOlT5mS4keztv8Tf7+Fzfsp0NdTVbQY5hv2JXltD8R7fUeHHVwFsjtnEBXtLdrPcX6IKrwn9gTjKOMdxvr8zDts2c1uoagZnp43/AHaFma7pBniOqLVK6nl5wDgIkVfWwt8NlQXNHGd1PhvxjYBUQB5HccqSjtHfzabf7FLFcepLM7w6qnNQxvceim0vVNuuJ8KvpTA7jf1VvFcqCubpcQ0nkOUKs6aoq0l8Za0+rUcLnFipxqt6HyWyjqW+JRytB7FpwVBeLlQEiUGVg791CqbHdLa/xKSWQY4IJIKfD1PPT4gudOSBtqwt1eqfs8/5HwcL3ugGbVWiqd/vTWxv9wuwQVlLMKm015jHI0u2/RPjdZrnvGWtc77Jstmq6QeLRyam+gWuN8ZHk9d4Wyv+5rLJ8Vb5ZHMgvDDUQjbWN9l6bYeubFfmMMFS1kjh9DjheBvqJo2htbS5aedkyOGmk89NKWE76cp2Ezz2o0El6PqFkuQAColwtVDcG6Z4Wkn8QG68VsHxA6gsxZDUsNTA3YEHcD0XpNl+IFku4a1sximPLHnG6GUcHPennW+Rslnvdhm+ZtM4li/FG7uFYUHVVLK4QXGEwSjY6hgZVoKnxACACD6KLVW2114/3qE6uzm7EIBfPTJ1Vbrdc4MTRMka4bHCxt86AeA6a2SY76SrM0V8sR12+o+bpRvocfOArG39T0FW4QSv8KYfUx40qFOWw8tkhraSXwK+HGk7E/6Fajpzre7WSQMErp6YjBjcc4+y2FzslvvEWJImEnh2Fibz0fWW4mSly+P+knhAGmp9nrXT3VVsv8eKaTTMBl0buVcObsN184x1FVTSh0UjopWH1IIK3nSnxIqqYikvjjJHsGyHkfcqCrav0enPYDsUF8BaMs5KbTXGkuETZqOYSAjfBUgFB2JcWiC7x2nEjchDfHrVnhrwQVBnhljHiR7gchQojAug2A5UK8dOWfqmnFPdKWJxH0vxiRh/wu7KxJDmjVygubnhUHF7ejybqTojqTpKcvo3S3i3NGSQ3NQwfb8SoRNQ3WnDpImyRPHcfsfde9xyvc3wpcSNPZyyfVPw1t18JrrbI2irxnErWbOP+ID6uO6XOO4012J9s8bgpr30RcmXzoCvFHMDl1Of7t/3HB7r2j4dfHm0dYeHZOpoG2a+NaT4bv7qb1w7PI9MLy+vobzYaxtv6gpBTudnExB8GTH9LvX9OypbxbKS4s8zQ3BOHgbgjuCvKeZ+m9N5JblFRl+z3v099Z6vweFndD+59bEZ5XHxNwvmzoP4vdVdDyxWm/tN3tA+h3M0Y79919C9N9TWPq62NulguMVTH+NjT52fcL4/5X6c1XjebVx+z9CfTf1povMVpQlz+iSGuY8OClx1Ti0NPZDczO6EQRgg5Xlrav0e7jZuLKC4yUbjOTmMfUryjrYatgfE4EOCyjHa2kHhDbNNSvDoXFpHoVl2bWOWGbkvcMIsU5I4VLbLzFUxtZM4NkGxVo1459UHRPjJYkGUTILcqCHe6e2bO26GS3AuOAzjk7phbtsN13O2UshQsjO8WI5e3DDyU9haccIpGxBOcoHhlpyB+6LJFHI9zR2UeTLMbIwlH0Ebrrog8JhJRwQaylhroHU07AWuGPssXLT1XTsphdG58Octd7LcyRlp2GyBU00VXA6CZoLXeo4T6rXBiJw3FZY+oIZ8ROd/1C8N/tRf2XKL4h2ufrv4f0EcfUtOzXUQxHHz8fJGMf3m2/5L0e6W+fp+t8Quc2B5/lvHB9loOn+qfBmbBU48F3BB7+q7uh8hKiSlE5Ou0P8AIjjB+VLHN8aW1V8RjqaYmOWORuHNI5BBVLcaCS3h9Q0F0YO2O2V+gn9qz+y3B1xTv+I3w9oSbzAzxqmkY7ArhjOpu395zt+L2wviF7BG99JUNBdjD2EcZX07xnmI2QTijwfkvDu9OuS5XTMcTFXQajgPA2PqoLSWu0E9/VW17tjrPVianz4MhzjHCrquIOY2ojGM84XqVLfWpHg9RppaWzZPsXLUxuxx6prHAEZKKCDwkc54FD0kshJNUngAeuHhdXDwmN4IcHKcmjlOVqWQW8DRylJwEhylJwERIxyhicmpygQk1OTM4QEHng/ZQy05KlIZA5wktZLTwCAwixndCL89k+MgHdHGJbLCnO4U+HcBV9O4ZG6nw8BORmtJEX1D7her9OAfwpn3/wBF5RF9Q+4Xq/Tf/wA6mff/AEW+hHD8o/sQRn/z2ib2ytwPoaPZYdhBvEX3W3P92PsF0ajz2s7j/gJXS+FbnuPovObG5zrzNKfxHb9Vu+oZvCs8mOS0/wCSxfTOh0rpSzcjYoJ9ovTrFTmjcWZwE7nEcBTbI/UavbGZCQodvDRSOkA33yVLsY/lvce+SmJ8GGbyaKha1keoc4UGkkHzU7gN+MqTFLiPTjsVX0bvDEr88uKN9CIrLM115VuFO5gH0hYvpqEue6pPACset62aSpdCXeUnf9VX2MFlMcdys/s7tMNmnLvVkHf1UKfujNzvugzDbZKtmdDQaVyW6R21gGsGeyv38jCobV/2wK/5cF5Ty13Z9k+mtLsqiWdFGPAzjO6sIGEEZQaKMiAbb5U+GMA7t/dfN/I3fcz61oobYpB42cbKTGAMFDY0HCkxenouBZLLO1CGQ8TcjOFDugd4PHZWMQwNwot1aPBwAhjLIco4RQ9kM8oxHlJQTynxWTDbLJwnA5WRvZfNUuYX7Bamqf4cRf6LLSfzamR5C30R9nI1cljaUNXSnuN1SVtI4H0WyqaTW7VjlVVXSZ20jdbXLBxbaNyK7pi7SWa4x6jhjjj7L3C2zsrKdk7DkOAK8HrKQg6gMYXonw46j8Zv8MqHYkjG2e4WTUQzHcjZoLnT/pPo9EjGNk9+wSYiOC5x2088mJ64tpqaRzyzOoHHsvHYC+33F0Mgw1xx+a+geoKR9Rb3tjG43XhPUFJLS3IukbtqXoPF2bq8M8X57Tf6jtRf2+bSNtwd1cwy6g3ZZa01W4BO3+i00Xlb67LrHm0SXgAZxvhHpXB0OCdwUCMiSLPcpUpMc+CdkBoXR2tp3SQPa1n78J9hl8eJ9M93mbthSwAXhh4cqiHVRXt0cZwDuQlPDDzjotXxR1tHVW97Rl7CMFfO/UVq/hNznpSzSA84X0XFiOr1P4kBwvJvi/ZJKOtbcomZjk5IXV8XqPht2nG8xp1ZS5rtHmyS7g+i4vZrk8KNTkk1QaOXdAXWrhOUSWSDklwHK6rINLTnIVzba/ZsDv1VQntdpOc4T6bZQfAm2pWLBp3YcA5pyE1zc5GVEt9VlgjdyrCRmQHDuuinuRztux4IxcWODgMqwo63JAPZQ9AwhtBYSW7JqlgKEnF8GkhqQ4bo8dRkYxys7T3Asw2UqypqkSYwjSXs21aqUey4jdk5JRshQYX5xupbSMI0m+Do137wmoJ+A7so4JyisOQi2ezQpewb2N7IYh1HKkEYXG+VU0TCZXVUAbwMKI6OWJwcx5afYq4mjBwcZUWSn1bAYSJwz0U1jkdQXAaxHUkb8OVi5gkGO3qqGalI7rtH1G2gkFNXRuLezwlNYG13KP5GioLbGZxPI3dvZaaGVwA8qqrPPT1bQ+Mgg+iuWgNI24UO5oZJr7RwmeeyIyct5jkP2C6zAxtwjZKh2ISyNFUeBDJ+iK2abb/dpMeuEmk55RWudt5j+qhsrkObM/GdO/uiCqqc4AiHuQuNAIyeUUAZUNCONkqT/wAaMfmnAVB/436BOAb6D9EUlvZQZCT9g9NR/wB9+y60VGf7/wDZGSUNCkvY4NqMf3yK1tRn++/ZNTxyEAxSyh4FRj++/ZdAqP8AvyPsE8cLo5UGLgZ4c/8A8lyj810Rzn/4uX/zIw4XVAgIpZyM/Oy/qnCkn71s36qSkoXkEKQ481TKf/EnGkgedTw4n7lGSUL3cAfkqT/uv9Vz5Vg+loH2COkdk1LJUpAS3HsuBpKU1Q1mxBJPCrqh9znjLaSMsz3cjjHIDn+ie4Du5VdZe7ZSSGP5gSEdsKvFg6gqnH525eG3/wChu3Umm6LtTTrlfLJIeSXbFMRlk5SfRmr11JX1zsQvbTwk7Nbs780y2mVmqSCnkle7iQDK3DelrUAP93afc7lWFPaoaYBkMbQB6DCqMTP8DlJtlBarRdqkiaoldGw9vVaWG3tgILTn80ZkekYyisd5uE3A6FezsLGzSBkIyaHNDdR2woNVeKeIENOSjjHJVuohV2WgcGtJcdlCqrtDE3THu5UlRcp6nIDyG+xUcZOSe6ZGrLOdqfI7o7YE6erqak5EhaFFIOckpzXAdkk+MNpxbJyf5MQGEsBdSRoyykcQnS9sIjnDB3UOWZjCp/gU7Uh25OSo0jwO6ZLVl50xnhCcCdySnRiInZnoc5/qmB43JKZLVQRt3coMtUyQHQSmGG/UYQWevJcWx8cKtneZTkp0hLHeqFI8AJigcq61zfIJxDe6A85Yuy4JO/CjOOO6sxTn+xrud0J7jjBXXHfI7oShnlLJx2xKHkeq6SMFRi8hxQMBzwwsgJxhAdJschFLgGnKgTyaTgKlwZ7Z/oe5+SUB5IGcpGXR25VtabZ8yTWVbS2niGo5/EfZDMU5bmSbTQx0sJuNxAGBljT/AJqnvd7muExYwkRDgI19vDq6TwICWxM2CqmRFxBwss3yMrWeh8EROHOCkhuFyMBoxlcmmYxuRv7JE7To0wwjs0nhDBI4VNXV2s6Qu1VS57+ScqKYi4hxWeVmTSoNgWs8Z2pS4YAwgkJ0EPGGqwggyRkJXyejdRp3PkZBBsPKrCGnBx5cIsFNnHlU6KlIAICrKOrTp9pEjptJHl/dSmUxY0PwjGNrSMqtvV5jo6d0UbxqxulSltHyapWQd4u8VvgLiRqOwGViaieeunM0ryc8D0XaqaaqlMkr8g8eyG1uElyyc2+ydryxBjQMAIrWjPCXJwExxwiRgk8D55NAx7KukkLyd0Weoa7IH2Q6ankmdkA4KsQ05sUMDpXjbIKu6O3xxgFoXaG3lgBIBVpFDjYDhUaaqnHljKeHA4RC3Az6Igw0EYAx7qrrqxzyaeB+PUoow3FW2qhCqq3WTHFx3Pqm08TnOy5MpoCcEjspzGacYGy6FFGOTh6rUysllj4YQ0Db90UAZSjHARRETuAulGKijBJ5OsAwnE4XGpOToAHEVBThKT2TAziSSShDrPqCMOEJrSDkhFHChDqSSStLILeBJJyRQt4KOjlEOkNy4YUOSsZHkHlRZKmWbbVgJM7Ui1HcSp6po2Zuob5XSbFMxhDMu3CzTuyMUTuACSmloAyXBD8QA5dwoVZcIYBkSZP3WS21RfJohXuJuvB37Ktr71od4cGNuSqitvUsh0xv2VY6d79ieVy9T5DGYVmynTLtk6uulRIdpNj6FQjITlxPKESSlkrkztnP8jZGCisITpCScphc5PG6IIspTWTRCLfQJFawn805tO4kbKS2HSMY+6FvA+FEmRvDHdIMClmLAygFxyQEt2GyvTtkcs9FzQVILQVyZwa3hZ5SyaIaaPsi6Md0algnq5hFTs16u4VrYOl7r1FI1tJTksefqXuHRXwqprLSNe+nZJUO8x1DOFUa3Nnb8f4Oepak1iJhOkPhdWT6au5ta0PwWNPZetWXpRtFGyJlM0ADc45Wmt/TgiLXyOBIGzQNgtNRWzytLgtlVOzlnudB4aFMdsUUdq6Tp3NEkjG59wtdRW2GnDfBYBgYRWRRxMA0YXTK0DDQnqSXR6KjSxpjhIPraxpGBuPVRjNKT5DpTSS85KRc1nKrea9mEfOugnsueFnkIqS6mD8UbmwOgNGEzQ30RyzPdC0+6WkgGwegZzp/dO8P2RGgJ2AiUUTcwGknsuaWqUWjGMKPjc5UxyHu/Y3A9F3SOy6Q7nHC4eVbWAlNo5o9ksBdAyln0VpZCVrYPASwETUkTlXsDU9wMgeiHgqRjOyHgIXBILORmkJEYC6kraaJkG5pzwm6QeyOdOEE8oXyVhDPD90vD909LBVYJgCkjYKSmCmsEfBXQ3fdPwF0MzuAhJv5wN8M+i5gIwDu654Y9FWSYz0B0grmj2TyMHBTy1o7KN4IlkFp90tA5XTsml23Ctc9Eawdw1MIbhNdnKGDvjKpvBaWRHlNwUURgovyxPZZ5TUTTCmVnREwfRItKl/LH0XDSyH6WZS3ch/8G71HJCJwuZ/+XKnNoJHO82AO6MKKAjdqU7kujVR4bVXLOMFVjO2QneG88Nz+atPkoBwxdbA0cNQfyDpV/Tl7/NlQIKnO0W3qitonHGrYlWgjLeF1zBshepl6OjV9PVw/N5KwUPsiNo4x9Q4UvSPRMyR+H90mVs5ds6FXitPV1HIIU7OAF3Qxu+E7STwEvBcfwpTkzbXpoV/jBAwQ36W79iuF8/8AXsjBhcc4XRF6hC7MmmFEn6wRSHd1wxk9lM8OMbaUjoxsEG8Y6Yx/Ig+AdWcLojA7I5Lew/dMOPVUpZFyjBfiC0j0TS0FEOyYjBI0oe7ZrsIfgtH1KWWe6A8asZ2wpguTwhpa2Mcfuoz3yE4jZlSXyUzcaySUIytO8LcFRGdzywWh/wDxG4BXMUUXMoc70RhS1tTu7YBHpbPEXCQwh0ndzuFbWAGslY8PkOIIjj1C7FRn66mqmJPDQVeClp4gTLUhv+FjlDlraOF2mJpJ9SFbeClVkFG0NGKelH/NIOEx4G3zFUAP6WHhKWqrH+WP6TyhNpycOdyUG9BLTyfR3TG3/s7S/wByuCnklwXxYwjMaGbjbCZJVxgYc7GELtRor0+fyHtha0Dbj3XXPp2D+8x7KulrHSkindvhBipaqZ383hKleaK9Jnom1Fe1p0x7qNmuqNj5W/qpEdFFH5sZKPGMDA7JcrGzbXpcfkRG0byQX8j3RRE1gycZT5JQNu6jPcXHCHczSqYQ6CGQBCNQOFw08riC0Z/NPbTOBGRhVKeClXLqILW552GyaIXO3OymFjI2jKC+oibszdSMskVbXLBeEB3XdLG8uATHvkecNOlL5eWQjGfuo5E+OT6QQysA8pygS1Dj9I3R46NwySispD/SFSmmE9NNlfqmecOOVzwnnn/NWXgY7LhiHoEWRctJntlf4R7gFc8L/DhTTGPRcLWt3IwrFvTxRDELgcYSMJHZS5NAGT2UWWrp/p1bjtlRciZOFXY3w/ZMcMcrjn1Dv7huQdk5lHUOx4x5TFXkzTvjLoFrzkJpFQ44ZGSrKCihj3cMlGcWQDZoTY1CJ2pFZDTTA5kBwfVS2RxxgEN39V11Qwn7IEtU/YMOExQRms1Sj0SS4AeiZ4o4UXVK85e5EbGRgp0KsmWesk+g5fK76W5B91zRJ68podpGAF3JWiNSRjlqJy7HnSB5xq/NNLmngfulodyR+6a6RsexKPakLc2+xvmLsBpRBA8DLts+6D82SdMWMruuV/1uyphEy36D642fUcIZqRnYbJphLhnfP3XRATjbCFlqMn6F42dtKGdROUfwSN8JwDR7qt/oZswD8ycw5dhNMrRtpTA5zydLcnlC54KjXkk6W7cfquYHqhx088nbACKYhGPOkytS7NNWlnPobo900DTyUn1ELPxZKiyTuccNCRPUpdHRp8e3zIlFzRyQhunb+HdCYx7/AFUmKkBwTsVmle2dGrRbX9o1uuQ8fujsp3fiOERkHh42/dSQABgBLcmzoQpjBcgBDjt+6INLBtuukEpgiJOxVxjkNYXo4XJms8I5YGjdB1Mzu7CaoYBm8+xpc4nJXNJPJXfEgB+rf0XfFGNmpsI5MVl8IdsQj7kJ4Y0en6oJmHYITpu+E9QyYLtdFdEvLQOQmmoYzfZQTMdxuuOz68pkaznW6ucuiU6sh41boDp3YOkoOgZyu5AC0RijFOdkn2cMspJBOUjHId3d03Uu6ydt/wBVPkURUqnPsaWeoXDxwnBrj2ThA/P0q/kyXHStgATk7Lv5qW2jc4fThGjtxcQCEuV2DXToZvogZJ21Lpa4q2ZbISPdSWW0AAgYCS7jbX4ybKVkErhnCJHESr1ltH9I/VHbboOCxB8uDbX4xrtFHHGXbAZRRRTc6QArtlDFF5msBXTEfTCF2o1w8fH9FOKV+dwjtpsDOAFYGAf0Lop8/h/dLdqNK0EUVzovRLwyFZfKAkHH7p7aNo7KvlQa0RViN2eET5Zx3LVZClaD2RRGxu5xsgcw46RIqo6JzvwovyJaM+CB7qwL2NGGDJ+yXg1cvbIQqznkd/D4+1clYadrTjGE7wmjgKzNsqTgkfsnttE2QX8fZXO1LoqOhtfSKfSPRIA8NGVfMt9MB5+3KI2nt4I0MOUtXYGrQTX5Ge8GocdoyUaO31L8eTGVoW02of7vEutpZh/fb/si+cOOgUiiZbXsH8zG6K22sBBbFq/NW8gpIR/M5+6hyV0DNmbqSu4Gfxq6+wIo2DBMegD3TZI4GAEPOR2wnyPml+hpOQgilq3nzNCD5AXFPiERpkaNmjIQjOCNgFMZbJfxjlPFqgackKnZkuNFv6K3xiTsijWdiFZNoIQPoKI2jGdmKfLkZHTSf5FY2F5OcIradx3Vi2lJGzQiim0ndV8g6Oji+yu+VPoP1XRTEHOFaCFoH0/uu+C0/gU+QdHSQiVraccYRBTNIzpappgHYJGNwOP9FPkBlRFPgh/LD+kJfLgb4ClhvPGUNzQ3+8mCtTyUqYoiGFo7YTNLWnPKlF1H+OTKGaihbx2R/ISUUuAbtYxojz+aY6Oc4/lD9Un18Wf5e+EKS5kjZF8wlqP9TCCknIyW4XPlM/W7HqobrnOSQ1yH49S/fOxVfKmKkqn6yTxTULd3Sbrjn0EQ2KriHvOXE5XDTSP+gKfKgXlfhEmitpQ4kBcNxiA8vKist9Rn6FJjtkhaC4gfkiVuAZK19LAM3Kf8ITPn6rnOylNthG5GfzTxQjjYK/lyK+C+b5ZB+bqjsXFcHzTjs/IVh8k0dh+qcKQDjZT5EF/Gs9siAS4yQkGk891OFO3unCkh507q1YGtM5eyFplxnIwuanDup/gN/pGEjRQHlinyIB6OUnwQDM7u4/queKfVWH8Og/pS/h0H9IU+QNePn+yE2R/Zx/Vd8R/9RVg2mYMNDGonyjSPwj8lfytgy0E0VwlIOPVFBGNQfpUj5EF2+APVOFvb/WEcb2gHoZsi+IM7Tj7YXQTznKl/IMz9Q/RL5ED8aP8AksTPx80AEv8AUuGSn7vjUj5Bp5eufw6P1H6KfyWIfjpsB41KdiWfokI6CX+88M/kpAt7Dw1v6Jfwlp3yP0TIap+zNPxU5cuJH/hlqk7R/ou/7NWV4yGMyfZFdaAcYkx9k02qXHlnI/NOescTLZ4qXXxoA7o2gnP8lrQok3w7lc4uhmbv2KtW0VfG3EdTxxlKM9QRHabbtumx1ta7MN3h44+6v/sZ6boC6xbiMOChy9I3KLZ1Llbll8vsDAyVjX474UmPqhzADXUefyTo6yuRzbPCUv1JHl0trkhcWyUzwR6hQ5KctONOF7JHfunqnatogAefKE99N0HXt0tYI3nuBhNhdGXRis8Ns/Gf/c8TczHsuBhPC9il+H9grRqpauE+22VTVPwrqmPc+llY4dgSm7q5ezHZoLo/jyeb6CuEY7rUVvRN5p3EGmdt6A7qpls9fAcPicPXZT7XwY502QeJRwVOSDwiBxHZSjSaTpcN0M04Hp+qnx46Ep57Gh+N8bp7Z5GkFriD903wz6ful4Z/pRYaJl54Lq29SXejkErK4uHdsjshaGi+IcolxXwMdHj8HZYbw/f9k1mx+ypjI3WR9nrdu6nslwIzUtp3HjxDjKvYJ5YtMtJUk53a5rsgrw3VxtwjU11uFvlE1FVPhd3c07quTVVrpQ7PemX2tbhtQG/fClh1lusemqgYx5H1AbFeO0fxBurGhlwgZUY2yPKStPbOtbNPCHyyvid3a7sVecG6HkoTeGaC6dGSNPj2qfHfDSoTLrerGRHWROeweoVjQXeOUCWirA4EcB2dvsrFlxjnzHWwsmY7sQNkUbGmaFOq5crJAo+orVc8Ry6Y3HkO4UmexRSjxqOUAncYKr67pqy1z3SU2qF/IwcKofT9R2F+unmdPCNw0nOy2Q1bXDOfqvHVWrhF7MytoDiVhcPX1RKd9DUYLHOp5x+LON1AtnxApXOFNdaYtJ2OoLQimst4j8WhmY17t8ZWqOpjNHl9d4eUX9iLC2da33p8tbM51TT+5zstxZev7JeWtBqPlZnbCOT6s/ZeWOprvQOPiAVEA/CRnZFiitFef5khpZu2RjdGpp9Hn7/F2L0e5h9WBqZiRv6KNOyz3A+DXQeDM3/ihuBn2cF5rbLx1X07pNLMa+lH4S7OAtda+ubBd2CmuuaSbuHtwMozk2aadb5LRgv1reHW+obXwD8BOXAK5t/UFvuY+WrIzBK3ZzJBhVsducW/MWWuczO4OctKjTVZY7wrzQ59ZYhgn80AONpKv3RMVfmqoi3JGdliK2kloZDBUREYOPMFvKK5Rtbi23IyMH/De7Dgpk38Ou8JpbhTtcSMHW3/ACKgO7LMFZr5X2qQSUVS4N/p1bL0vp7ru33TFLWEU9Rj8R8rj7Lz29dD1ttc6oscviw8+C47j7FUNPXuE/y9bEaeVv8AUMfogKlFS6PoVshcdTdx2KIJAQBheUWbrC7WcAvc+ppf8RyQFvbRf6C+QtmopwTjJZncH7JeREoNFpUUrZW5jIaVWATwSaZW7dirTxCwbhN8krfM0H7hTJT4IrGxyYwQCVxznxnSQmVNLLA/xYDkHfTlcilZL5X5a4eqsmUdq7fb7vRy0NypI54pRgtkAIXk/VXwpudmZJW9OyfM0jRtSOOCz/lP27L15oI7rsm+MoXBMZG2Uej5kBZM0iRu7SQ5rhu09wVGpqy99K1gu/TFU+nkJB1tzgkf1Ac917x1b8PLJ1VK64Pb8rc/w1cQwfz9V4t1R031J0fMyK+U7vl5yRDUsGI3kc49CsOq0kNRD47FlHa0OsnTLfRNxmj2XoD47WnqIfwvqaSK21zMBj+IZc+np/6r09rfEC+JKpjJcEtGM8jsV6D8PPjTfOkHQWm9VL7haCcOEzsyRD1a7svmPnfomKg7dE8Y9f8A7T7b9Lf+JMotafyX/wDcv/ufTejTnbhCf5zuMYULpfqay9XW8XCy18NRFjcNdlzfurMxgHAC+VarST089k1ho+36HX1autWVSUl/YiHMeC07q4t19cGthlGcbAqufFnGRlBLCwgt2WGcDpRlk18NT4mODlTGYdhwP5LH0tbLCQC7ZX1NXMe1uHb4S2muyy3yAOUzJygNeXdyig53CFosJknunnSWg+iHkHuhmQsPqqSIcnhOTM36hwnQyk7OG6fHMH+UhMkYNi1ETGR7dLuUCaEkl0YH2KTXEYBUgN8o3TCpRwVNXS0lyp30FbECHAgZ7H2Xm92t9b0vWeDK10lK4/y5PQei9Wq6IVDRpIa5vBVfPS01yp32y5xAkjDXELRXY4sUUfSPWRoGGCrzPTuxwdwvHP7VP9lOk6wt03xQ+E1KW3bS6e4UVPHq+cPJexu380/utjfLXX9G3Z0Lg6Shef5c2MB3t7LY9HdbutrmRvd4lNLs5pOwXc0OvlRLMTk6/Q/L/qVn5bup47pSm31MrPHDQc+hWNkD6aR9HK3BBIwV+hn9rr+yzQ36Cq+NHwliaZ2t+YvFDTtwXnl0zWDlx/F67L4Vv9tNwppKoMEdZS/WzGC8f9RhfUfD+TjOCjJ5yfO/NeM/lxc1+Rj5mmJ2x2TmSk4GF0uMzNTm7jt6KO3LXY9F6LKXK6PDSj6ZNyfVOUfJAG6JkIoyyLwGTjwhpyZkDAhyU9MyE9QoYkeEkjwoQYzlPTGcp6hYkGTkIyDKM4UyQew5CY9JnKc/6VCEZOjOCuHlIcqBE2Bx8pyrWD6QqWI4IVxR5wMok8Mz3IlwDMjfuF6t06P/AHWzf0/yXlUW0g+4Xq3TpBtbMe3+S6GneTheV/BCpiTd2kngrds+hv2CwlPIBc2/dbphzEw+y6FfB57Wf0/4K7q2TRaXNzy0rK9MjS0e4Kv+t36LaB6tVF039DPsgk8sbTHGmZuYCI7Y491Ks4xDgeirp3eDbR75VlaD/IB/wpno5c8lrIXMpHOzg4wq58wjgHbY5Uyd+aQt9FS3WXwqRXZLBdMVKWDzfqesbU3FwYfpKlW1vh0w991TV0jZ6972jAL8fur+ENjia1vYbrPk9DVDfFQDtOSmS4xuU/gKLOcEYWO6zDPT6LT5SiSrW3/exhX8Ok1EYduMqps7WmN0hHmHdWlAddQ3P9S8f5W3OT614Oj44QiamnhwAA3bClsjIIwFymjBwPZS2RHPC+ceRnmTPp+krwkdhiPOFJijPOEooxwjsYMLjynk6sFg6wENwB+6BXtLqcnCnNYG9kCuYDTPwrhLJdyeDMO2BCiHlSHclCPdbq+Ucu17WQbq/RB91RNxq1dyrW8ygsDMKmZIGuA5XXoqxBHA1d2bcEks1gDCiVNASMhWUUesA42Uw07XMxpVWvBFDcjG1ltDTnTwq+CSW0XCC4QkgNdh4HotfV0WT9PZU9bbdsac57ZWaUsrAM6/j+5HqdhusV1oY52EZLRndW3YLyzoW5SWyr+Rmkyx58uey9SidvkLJOOGb6LPkhljZmA8jIXj/wATrU6nl+ajZ5M5K9mlaC3YLEde2c11ve/TnAK26Cz45pHP8tR8lLPIbbMS4DVjHC2lC90lM0uO/CwEeuGoDQcYOFs7FM6WIsJ4C9IeBxhl1RnMgYeCnzDwqg44QmeRzT6otQQQH90uwZEkh5cGuBGQq29AMfHWMGHjY+6nU4zFrT66lFVRHI3HCS4vs0RjuQSGVtbRMmj+oAFZ74h22S6dPF8bQXQ7u+ysOm5HZkpy7YdlbSwMmifBIAWvBaQrptdVikI1Gn+WtwPl9xw7QW7gnZNVr1NaJ7Te6mkqBuHkggYyMqsc3AzlfQNLcrq1I+b31/HY4Akl07Li0lD09D1eyIiIJJJJWQYuE4RElF2R8hqed0ZaQr+mqY6mEFh3GxHosyMNznupNLVPhlDmnHqPVbKrWuGY7qucl+WnK5p912CVszc4wiEY7roRe5ZMjlh4ZHkjB4SZNUwH6cIpcc8J5ALcHsiTwB8jzglUlyLcCYq3gq45QAx2VlpYDkEDhHpaqWI4A2CdF4NML3F8Gqa4ORmHGVRU9x4DtyrOGoY9oPqjyjoV6lSJucrhGVxp/JO/JXjJrUgSa5oIREkGBu5ESSM+mVAqLbFUsc14wT3Vu5gKCY87BLnXu6Kws89Gcorrd+mKksYS+IHfO+QvQ7H1ZbL00RQSYqGty5jv9FmZqVkzS2RgIPqFSVPTTo3GooJjHIDkYOEhQaY6q+Wnf2vg9fY/O+FIa7OV5Jbut75ZHNp7nE6eIbB2N1uLN1jaLs1oZOGvPLXHcK+js6XykHxI1AOUePY7qDDNHIMseCD6HKmRAH81DtU6uM+iQ3hdOc5C43YLqo3wuXsfkogJyhp45VjlNElnCcOUNrgAnB2/CocpBWfSEUcoQlwOEXX6oRyCDhdXBuF1QapBmpyaCF3IUDHro2XElAx4fjsuOmjaPOcJmn3XAzHdElkFoY+qaDiNjnk+gTWmsncOGj3UgAN4HK6MtOx5RlA/BP4xunB5+nCODqH3XWsbnhTogwN1DcJzYADlPaNuEUgDkp2Bb6GBgCeAG8nlClqYIG6pJA1VVVfoHHRT5JHJRRjkyz1MK+y6LmgZJwFCqrpTwNw12XFU0lZUVOxeQPQIJYQRndOjEwajX7uIEye41FRtrIb90HZ43K6GbDbhdTIxwc+dkrOZCaMFHHCGOUZpBGyYuDJOaiNdnIwU5qZNMyIannAVfUXyliYRGS53smf5Ms7Uuy1QKmqipx5jk/dUX8aqpCdIwFBqrgyP+ZUzYz2yiS3GayxYL19x1Eho2UaSUu3ccBZSv6uoaTysm3KzdZ1rV1xdT0OQ7O3uiSyc+3Vwi8I9CqrrR0gGZAq6bqeOd3h0oP3WQo7HeroRLVyGMHc5K09HaKahaNABONymxWDHPVTk+AollmIfI7ITwcDZLA3whl3OCiETscux75ARv2UN73OBwnukyDnso2o5OQjMNkxPcckZ2QHnYlFPCBI4bhQySnnoEeUMkY5T3kbqKScqGedgnE5OTsgktA+oLrnAg4PZRDk53VN4Ftth5Zuwwokh35S333VpZ7QZ3fN1jSKdp3z3SpSBfIrTaPmnCqqhphZvv3Svd58YfJUWGQs2OO6fd7sJM0VEdMbdiR3VMGZOSkzmXFbmDaBwEdmMbBN0ehQ55xEMLLOeDoafT45CzVDIWEk5PYBVE1a+Q+YcrtROZDjhBawkrDOe46ldWeBAlzs8qUxmQNk6CDUBlqnU1KQ4EhJcjbTpm3lgqenyRlqtKWmAIJGE+GmGB5VNgg34UOtRRsHQxAAeXhScDCe1mG8KuutyioIi5+D7KnLBpe2tZYG7XKCiiMsjt8YA7lYSrq5KuYyP4J2CPVVs9bO6aZ2QfpHoFG0A7jZKk8nK1V26XA0AYSAw3ZcALjgJ7vKN+ykVkwyfA0YA1E7KJUTsIw0gldq6hzm6GnHqlQUvjS+Zv5ozK+WDho31Dxzg91oqWlaxjQ1mMfulSUjG4GnYfurEMbpAAUH1wGRMa0cJ75WRNLnHATtmDJKqqyrE7yyM8bEpsa9xd98aIZY2vrTMPCp3YPcoUcY2zsfVdjpznVhSGxEYOn91vpoxyect1MrZNsdHHgjbAUlo4OExvZGbggbLdCG0y2PJ0DAwjAYQ2ohOE2KyKGpyWcJhIHKPKIdTF0jCcjDGgHKM0YGCkGgHICeoQWAupJKEEuE4GUiQOUCoqPCacFU5bQUskjXjnZQpq0vcWR8BRZaieY6dW3snRx6Rvys9lmQ1E67Ljlx3XNWBwk4hoJJUV0owSAsk5e2MjBvokeK31CiVVUyJupwwoNRc42ZBO/3VJV18kxwXEj7rnanWwqWUa6tM5fkiyuF3j0Fkbt+NlRTyl25zumOy45JSIyuJbrJ3PLOjXRGCBk5OVxPXRysr5eR8YjMFPDSURrMjYZRdGPwqh8KXICIicbcqTFCQRsiMgLiDhSdLQPpGyHcb6NPjsCImgDASOB+ScZN+EHJSJzZ0I0prgT352Q9PuiYONgrK0dP3C8TR08MR1ycD2Qcs1afTO2W1IqNJcMtOVv8Ao/4UXS+COouUXhQkglp5PsvSvh98FYqYwXC5QhobuGEZyfVetU9pp6NgjhhYGjjATK4ZeT13i/p9J/JqF/gyfTfR1DZ6eOnpKKOMMH1Bq1VHQgEeTlWMNOMAaRgI8ehnbhaYxUT2FWkhFJRWEdpaKGMag0Z75TzIGfQACmuc4jS3YLjYCeTymm6utRXA0vke7nZODHDGyIIfDxqSfIAMacoJSwG3gY+SOMYccKFK98p2Cc5j5ZNTjlSmRgbaUDZUpZPn1JJJdy1fo/Ewk3T7pySSQYkkkiIJMc1PSUIDICYQcoiWAoQHgppGUUgIZ5VkEuE4XUkQYlw910nAyVDnqMnAGygcU0EJGeQmZHqo+Hu33T9D/VQND8lLBXQDlPDduEpyx0EMAOU8AYS2CWoKk8kEQEM8pySCU9pe1vpDGtIOSEUAYSwEjwk/NH2Mho77X9sWIgIRaSSQE/B1JwCB6mCN9XhNVP0CDSOyRa48DJUjSPRIAA5wkz1SfRsr+n7/AOpkXwakcRgonyzgB4mMlTWl2MZSc3VykS1kl+Juq+nf+dkQUrfxDbunfKW4ckl32RNPukGDKTLUWS9nRp8FRX+SG+DTg4azK5pHZqkBgxlc1NG2EPyyfZ0qvHaerpANI9F0DHCLq9ktSrezXGmuPSBJgbk4R9PuueH7qZGqK9AwzvhLYBP0O9E3wzlQds4yMLsfhSOXjOEYMZjC5lreypvBEl7ABpGRhOEI7jn3T3SN/pTHT7YCB5kR2V1nfCal5ByUIyoIcTwVW1tC3qk/xJJlpxnzboDpgQcDZMLQVzA9UOwW9RNjXOflNL3HujFrd1He7RklWq2xbta5kJc8yZ8xG3cnCYawYxhHGiTFS1lUe2EyB3THzxR/U5BJdI4BucosNolnIMu33R7Ix/Jg/wAp2cwQCSsa4Yi3KGyKsqvLjAVsy2UdMQZJoh7ZQ6ivpoSGU7SSNsjhA5x6Qa+Sf5EaK1vbh0m/sjfL0kOCX6SFHkr6mTbXsfZAllLgNRygchsaye6ugiaQxxcVDmuFQ8EA4CjYOc4XHODRl2yGU8DlVkQc6R2XD909jGt/CFFlro2HDN0J9dM7Hh7JUrcjoUYJzpGxDJUWSvi/C7BCBiqn3O6fFSEEEjCzuw1QpfoYampkOGk4SFNLI4GUbKY2JrO2crr8MAyq+VmmqiPsbFRxMaMNAPKe4ho9MIUsxGMIWuWXZxQbzRsilwEdO3hx37ILnyuOI+E4Q5IJRsNY0EhU5YLa55Ashmd9YRmxCMjP5IUlwhiGkHdQZq+SXh2PRXktNei2dLDC3zHCgT10hOIjjKCyGsmI/FlWNJbD9Uzd0MrEg1VOf4FePnHnfzZUqKhdtkY91Zx0ZbgNaAFKZTYxkIXYaa9J/wA5WR25pALhuEZtKQMBuArNsLcfSumNobsEr5mao6eMOUV4pO5G6d8uBwMe6K+RgJ3QpKqJrSXHCZGTYqySiDMTQd8Ib2Abhqi1FcC7EecoA+el9gfzWiPJhssj0uw1RPFGd1CkqHPIDGcqYKR5+sglFZSxDdwT4x3HNucvfBX+FM/Ae3Yp8dsp2YeRuprnMZsBkKPNOewxhOUDn3L9jmRxxjbAwhyzt9tvdRJa0R/3sgH2VbUXRmT4WT7psYYOdZqK6y3lqSOAoU1aCMSS59lVyVtXMcA4BTPDkcfPvlOUUYLtapcRJ4qyTsRgp7JvNkqJDTOJGf8ANWMVOWgFEoozOUrOgsXnxtwjaUNrQ0YynPkwNt8pkZJEjFvsQaGjJOEySqhbs12CmubK47AnKfHRtJ1PG4R/Kgtjb4QLx53nDT5V3wXyDDiprYWMwA3hcdJGw4IQysz0MVWAcVK1jcEfmjeC04wE0Sh4OgEkLgFTIdOnSPXCBzwOhX+kdcWs2zwhuqwP7p26M23yvOTnB5UmO3QN3fgJUrkh8NNOZWmomkGnP6BGipJ5gC0ZU97rfTjfBIUaovMYbppmAY9EmWqxwbavHN/kObbABqnHCc6Wip24aBkKqkrq6pPlOAgmJ7iHSOJKzz1LaN1WghEnS12Noxsoj5JpPqOco0dO7AyP3UlkIGPKFldkpdmyGmiV8cDnHOFLipsEEhSBE0cNwiNZ2GyBc8j41YBtha0YCKGHCJoABJ3QzVRs+s4RDsRgjqcZG+oUKouEOQAd1EdUOftlNjHJjt1MYdFo+oj7uCjyVjwP5ZwoI1O3KM2MkA4TYxwYbdXOX4s66oqHkefC7mR2ziuDwmHD34SdURHaPfC0wiYrLc/kx2nBG6eAO7gFHLyf/mrga93ZPUUYLZ+kHc4Y5CEeU0NJ9UVsJeMhFnAprIzOV3VgcJ3hlI0zn47K5TwXGmUukBLym5d6KWyhccKZFbjtsB7oflNMNFOfoqWRvcfp5UmKkecZGArqG2jA8imxW47ANwhduTpafxb7kikZbyRu1So7dvnBCvY7Zlv0j9VKjtpH4UHyYOjX45f8pRR20AcI8VuaCMhXjaPSNmLoiDTwkWWm2Gi2eiuFshxnByntpNJ2bsrDS3sm4zthB8rZpjSokQU7QE3wcHhTPAJOcJ7abJ2G6GVmDQqE+iGIPZdFKAcqcKZ/oiiin7DlJc2xq0uekV3gADGBx6ITYRlW7Le8uAfgBSW09JFgyNAKp24Hx0iXaKRtIX/S3KO23TnhvKt8U5wIW8J/iS48rAglaH/Fg+0VQs8jvrajRWinjGqUgeynAVkh+oNA9Vz5LW7Mr9X2Kv5hsdLF/iuSKY7fDsGgk+y5GdOfDjx6KxZQU4GSz800iKPGAMfdLldyEtI4+iD/AL0848Pbsu/Kzvx4x2KmOkyP5e/5IMkdZL9ALUDuQf8AHS7QI0EP1PyMBAdJRwDyAEhS22qd5zPUSY9AUQW+miwWMOfUqfMvQP8AFk+SqdWVbDpposgppguVYPO8sCuRCGDyMAXSHNVfKEtGn2ylZZGnead7z6FFZbKZhyG7hWnh52yh6D6qK1vsZHS1ojNpWsGGNACdoHopjYXHfCQp3ZyMK3ZgP4EvRC8MnIXPlpBu7bKsBDpRHRF+Bwp8jKdS/RWCAf04RBEOdKsBTDu4A+6ZNJDTbvkYfsUPypFOuJCbFjbCeIC7AwfuhzXWBu0bNR9AVEkude4YY3SOxwp8yFtRXGCc6Es+rZDM9NEMulGyrnvrpd5Jue2EL5Zrt5iT+av5MgNP0TZrxQM2DzlQ33t7xiIZA7lAkFBF9WMqO+shA/lx6vsp8gqVbfbCSVFwnP8ALQyyrB/3g5yhNluUmflaGbHrhTG2i7VEYdPK1mr8JO4RfKKlCXpEJxHOpNbM07K4i6eYQPHm1HvgKTFZ6CH6WKfKgP49k+yhjje8nS3J+ydHb6iU+ZuxWi0UrG6WNbsk6bSMtaEXyB/xkvyKeOxPdgubj3UhlsjafN27ZUo1s24ygmoceQic8BfHCPSHiipQNwMrogp28NA+xQfEJ3Tc5G5KpzwBhLkk5YNgAhF4zwhZPcpameqL5WU3kNrb6BMLgUMuA21ILiN87/mp8jAbSDl/uFzWP6goZdvyuZ90UZti3YTfEH9YTg9p7qDk+qZqPqmbkDvf6LPWznUF35mAfi3VdrJ7pDZVlFKbRYfNNynCrgPfdQN/dO2224V5DjY2WAqMnYbIzX7bKs8XAwNimB85OBJt6KZQeWWnjj1S8f0KgiOcjJwfzTtJ47/dTKJkmfMD1SE4JxkKF4c39I/VLwp/6f3V5RRYeID+IJzXZOxVcBODuwY+6KM43RbkTJYtLNjlFbodhuQCqsOf2JTtT+MlTcGnjsuGU0b8EOA/NFFtdIB4ZH3VN472cPKIy5VUZy15VuX7C3Vr8kW4s1Sfp3/JEdaq9rQTCcBV8V/rowPPlTYOraqM5lYHj0KrKJ/oT7OOpKhpw6FcFJC4/wC8QqfF1dRS/wB9SgYUuHqGxzHDowD3yEUZpBPTaef4tf8AUpn2m3yjZrR/4UE9LUhOWTNGfZaJrrDVSHRUBhPYnZHFppeYKtpynxvkuEZb/FU3cNJmTlsFXTN10U41DtkpQu6jiAzI4gcbrVSW6dpHht1rjoqyEDNLkeqfDUNdnKu+nKpcr7f8FL/tLNGwRVlCXPGxOnlDZdrLUHNTaST9hurtrqJxxVwDP/KoptFjqpCS4jPbPC0x1WDk6j6am/wln/JWVPTnSd1Y6Zg8Nz+2MFpVNV/DehnjxQ1rGu9XHC08nR73O10le8MPGDuq+ay3+llLQXStHHutNerz7wcLWeAvhw4Z/wAGNrvh5cqTeN0c4POg5KpKqwXKn3fRyAf8pXpwq6ygx85STNb/AF42CcbnT1IDZZWAf4k9ajPZw9R4ydfG1o8gkpp4TiWMtQxDqOcr12S222v/AL2nhc31aN1WV3Rdvmi/3fyP5BTdykc2eltj6PNnMI7JrmkY2W0l6Fq2j+UWuP3VLVdO3CGUxuhO3fCZtyIdVntFMSPT909uApMlC+MkTxkY9kEsDdhwhlDHQtraGpK6sopBJS1D43D0Oy1FB1vWQMb83EJcckHBWRDd0VvBCpJjI6icOmeoWzq2z3ANbHUhk3dkm36FXLJxKMtJIPovEwNJyNirK29T3u1OHgVJdGPwvOVT4NleukuJnplystBWtPiwNa/+oDBVIbNd7a/xrdVOLG8DKZafiHRVpbDcY/Ak41ditPBV09S3VTzNkB/pKYuOh61MJogW/rWtgIp7nGfLsSQrxtTbbpH4sABd7chVVTa4KnU7SA4+yo32y4W6QzUcj2YPAOybC1pibao28m6obhV22Tyvc+Luxx7Ky+Ys93GJWCKTvnYhYqg6rG0F0h0kbawFdwvoqseJTStdnsDutULs9nC1fi42PdFGpttTdLIdVprZHsH4C7UFpLX18yQiC+UBjzsXNGQvOmzVtMQ+kqCwj13BVky8u0D5mFjndyBymppnn9T4yyLzg9LipbJcD8xb5WAu4DTgo8dNV0xLRO71y4ZIXm1JX2yZ/krpqWXtodp3WopL11XaoWufHHc6Mb62HVNj/wC9ciaOXbp3X2auK4zwOaKlo8Pgv7IF56bs/UsAd5Wyt3ZKzkH3XbN1b03ex8v4zYqjh8UrdJB+xU+a0hp8aglLDzhp2P5KjLyjzytsvUvTkjjI356j/wAPICHbrox0vi26pME7N3NY7BH3C9Ihq2vaaeqADxsQ4bFZ6+dAUNxPz9ucaWqYch0ZwHezksvdnstrD8QCHNor45rcjDZD3/NbSKYOaJYnBzHDII4wvBJ31dBO+09RUwBccMlx5D9irCg6s6h6TczR/vlqbxg5cweihUqdyyj27xwSBt+q5LTNlGw0n1Cztj6ltfUFKyst9W1xcN2k7tPorymrtJDZnAqGacXFjf8AeKd4E2HRngjkfdEcRIBpcFIEkUoxjITJKZmMx7KZKBMGCiVFLSXCnNPW0rJozyHDKH5GHEhI/JEY8b4GQqnFSRcZOLyjxrrr4ISQ+Nd+lZxpyXfJY/ZoXkMkb43up6qMxysOlzSMEFfZcb89lkuvPhlYet6cOlYylr4946ljBn7O4yFjnSmdHTa/ZxNnzf09frv0ncW3WyVJhmac5aSMr6O+G3xssnVkjbZeGfw6vDBlznAslP8Ah439l86dVdIX3pKpdDdIvCjBIjlcSY5B6td3CpI6gsIcSQ4bhwP+RXk/O+B0/kYtSSUn7SPpH019Xazw090Hur/ufeb4gCNsoLox6L57+GXx3rLY+O0dWTCoo2gMjmziRg+x+r9Qvoajrrfc6WKuttW2ogkaHMe3ggr4t5bwOp8ZbstXH79M/SPg/qXRea06tofP6/RHkicBkBOo610LtOnOFMkjGACMqLJAcamt5XBnDHZ6OM0y4o7kJMAkK0jla9uc8rGNkfA8YzhW1HcsgBxS2sBGhBz3ScMhQ4KoPAUpsgKhY1rnRuBAR2SB3PKa0BwOQgkEHOP3QdkJEsZIy3lBjmcw6ZXZ9EWGUEaSF2SIS/TgH1QkHNmDuAmVNK2cZGzxwVGjlkgm8GcYHYjhTWyhwym5BlHgraikg6gpH2m7RNeMEMdjcH1C8mv9srui7q6kma59M7dj/Ze0zQh7ctGHjcEbbqDX0ND1HRvtV2iaZAN9tz6EFaK7XBin9pmOhOtv4e8RyPElNMNL2O3BHcEL50/thf2WhZ3yfFn4Y0QmtFSC+40cLfNTO/rAH4dzleodSWK7dD3Y0tQxxpHOzDLnIPsfRbz4edfQxxus15DKiiqW+G9sm7S07br0XjNfKiW5HH8h49WL5YLn2fktdLfFHK6WNuhzvrbxuqSWIxOBA/dfZ/8Aa9/sqTdHyP8AiL8O6N03Tk5dJVU8YyaQn8TQP+F/kvjqpZgnUNxyvqvjtbHUUJo+W+Y8a6ZuaWERWjISa85TDjOAn5K6cZ4R5hoOOEjwhjlPzthFGfPIvA0OOpHH0qP+P7qQD5VpTyLYw8pPSPKT1CDWoiG1EUII8IRGSinhBfwQhlHJBMOcLr0NmziEZwy1UW1gipDZdPK4jLDxnSre3nLMnsFUNVvb/wC7/JWhNnWSaw+bI9l6l0y7Nsbn0H+S8tZyvTumzm2swt+mOB5T8EEhJFzZ/wAy3sO8TB7BYLGLmzH9S29MR4bd+y6dR57WLO3/AAUnXj8ULG+oVX039LPsFP67kApWe6g9NAlrPyQPmTRorX/yxrbgf90ZHngq2tRxA0ewVDcMmNrPfKu7aM07PsExdYObOOCfVACnO6zfUMwjoxvyCFoawf7sTnhY3qufFEBnsf8AJDb0TTwbtRgWnXVnb8a0LA4ELPUb9Uzds5K0wGwIWSbwes0NCssWfQQfSoc/1BTOBhRZtnhczUWHttFplvRbWkYpnZU+0kGqZg53US3tAt0hxgovT5JuDAeMrxnlLOz6h4qpRUEehUwyQD6KdG3P5qLSgl2R2U5jSBwvnusnmTPommjwgsTPZGY0jslG3GwCM1mrG2Fy92WdKMTnbGMIMkeY3McMggqWY8YOEpIxpx7JkXyFOCksGIkGl7x6FRZX6WEkbBSqx2ioeOfMVRdT1go7RLLnC6mkh8klE85rrI1KTl6IdzmbM3UzBDRyqYyuBzjKkU1Q2ooGuBzkZyozwN/ZekjVtjtPJvVK6W9F/b5NdOwkK0pm625VBa5h4AbjhXtumA5XL1TaltOvpZb4pg6qlBOzeyq6ulLhsNlqHxCRoOnsVEkojxjlYnPk2OncsGKq45KJ7JogdTXZyvS+lLsy5UMZc7+Y1uDvysvX2rWPoG/uoXT1ZLabkYJCQzUhlLcBCDr4PVD5goNypRPSvhc3IcCp9JPHNE2RhDg5uV2aMO7KVWfG8laiHy17T5sutBNQ3WogmZh0byfuFNsFY4VWguw3GCrv4i2yelvT55B5JRsVkaGQwVJa4bjj3XqaJ761I8FqtP8AHY0egHJiyOcbIkAMsB1bkKJbX64fDcckjIypNIdMpidyrk8GZLA+hmy90JP2CsoiHAxn6XBVj2+BWAgY1KfFJpe0EbFApZNVfRnHPfar0xx2ie7BH3WtbvuBtyqPqCi8dmtgw5u+VPsVZ41E0SbvjGkpM+xuDzX4w2J7aiG8xMGlw0P/ANF5ngr6H67tBvNgmiY3L4vOB9l8/StaCWjsSF6/w+ozXtZ4Pz+mVNvyRXDIZBHK61Pcx2r2QyCOV3u0cCMsjE5qWn3XUSQW5D0kkkRYkkklCAsp0btJBTF0bI+gGsl1bqsjDXK3Dst1LLxSGM5BV1QVrpWhj+F0dNdlbWc+6tqWUS84PCe1dDQRkDlcAwtqRmY4tBTTGMcIidgKwd+1kRzpIzsMqXSXGSPGQuaAeVGmh1DbZWngOFuHwX1NdWOx4jwCp8VS14y0g59FicVETgWAkKfS3N8OBISjVq9nQq1TXEjWZB7pKqpbrTygAv3VlA9kuSCEWU+jbG6MvZ1cxlFAIJBS1eymMmmOe0CbGD+SY9gwpGr2TXeZVtI+eytqaKKo/vGAqnqum3McZ6CYxSc7HC0rmAEFOfGNP2S5U7gOujN27qi/2OQR1YfIwbZ5WqsvxIpZpvCqg6PHc8KG6kD86mBVdZ05S1J1sHhP9WpcqWjRTqran2eqUF/pKtrSyVrgeC0q1bMHYIwc+i8HMV7s8gdBK50Y4LSr22db3Cl8NtSSfug2s7Gm8p/zs9hDgU9YC3dcsllw7jHYrT03UVDOwOL8E9lWTtU6+t+y6bn1Rm5GVXxXCCQZadipIkD9wodGvWRl0TNQ7rrSM7FRw/A3KQe0nYqGuF2SeCMcruQooJxyU9p35UHxnuJeD2KTXHPKYx4wnOICjWB0ZZJDSNI3CdkeoUfKdg+qg0Mkh4HqugYUwyN4DJIBqY2AkkDCh1N9pYhiNpkPoEe1iJXxj2XGfRMfI1gLnu0hZqe+3GaPRSQmPVzlR5KWtqxqra6U6uzHYRxiZrNdFcI0FX1DbKRu0pe88BoVTP1Hc6k4pKbEZ4c9vKjw0kEIAYwH3O5KkncAdgmwRz7dVOfsj5rJiH1RyT2BR2U/fACe1pcRsSEYuEbd0SM857uwXhuaBhEjj34XPmoW7POEB9xLSRFTyP8AcBMRlnhE8M2QyWN+p4ChE1k+75XRA8NBVZc+obFZcx3O4xiUcNDtymGW/VRqX3F1LVxNHkdkqJPXTtGW5YB3wsJWfFOGQS01otj5iOHkZBVPLfOqLxGZJ6z5WN3IHZHCOTlXeRh6N3XXunjz41Y07YO6o6zqe3RM1QOL3ewWFqflqd+qprvmXO7Ndlco6HqC6VAhoqAwQfgdLtlN2mC3XuXSLur60q2u/kuawe5VHPeLrdqr5ejc+WVx2Gdlqbb8Oovru8wl1csbnZaijstutkbYqWHyt4BTFFsxyU7397aMJRdB3CtLZLtMYyd8MctZbunLdaw3woGFw5JG6uk14Dts8JsY4IoRgM2DccY90JzjgnlddyRlBcTumAWSS6BySEE90FzzlPLtZwUEtLVDLZZlDST24TeN0Q6AOcoDnAbqGOTyDkk7YUd59E+SYcYQHHKhknMa55UWV4JwiSygDHsoEkh9MqGeTyEc/Tz3UZ7sZ04JPZdc8v2A+yuLPYCB87ciImjdoPdKnIB2RXYyzWgvd83cv5MLfM0H8SJdrz8yDT0nkiG23dcvV1NY/wACF2I2bbcKqAxn3S2w4feNDDyTuu6fdOQpJhH2yslszpUUpCmnZTs1PP2VXNOZHZHHZEnL5ZNTjn0HohCJ2cZWCduTr0U5GtaTwpNPBkg4ToaYnBwp9NDg8JEnuZ1KaMHIafGNv3VlDTYAJC5DT4xlqsoYsNadP7pZ0aasAooCMZb+6lsYGjGEmsDeFypqI6WIyPOMDj1R9GrbgFcbhBbqczTO+w7krAXG4T3Od0j3ENzsPREu1zqLpVOLnHQDgDthRQ0MGwSpSyc3U3OWYoHjCaG5Ce5pcQMJxwwZ05VJHNnlrINrQwElQ6qfy6WgJ9VUHcNCix080zsAc90xLJksm28HaaB9VNsNhuVfUNCIsHHCbb6Hw2taxmMDJJ7q1DA0AYwU1VjKq88sUUII2XXvbF3G646bQNuQqipqjO8taTgJiryXdZGmOWduFxdUP+Xps4H1OTaSF3Lh+6bDDpdktByp0QAxtha6q+Tg6jUSs7HBjQMYRMBIcJ63xikjA2MRWroaV0DKbtKHtXcj1TXEYQiTnlVnAAR5J2ahEEIjRsMhEawDOypZbIDb32RRylpwugY7pgY8cLq4NkiQOUTeCHUtvVCmlEY37qqqK+UvLYBn3SLL1HgJRb6JdfXxwu8Njsn2UKN08+HSHY8LtPTNf/NlAc/uUfU2MZws0rZSZaW05oGx4KTpA0HG6j1VW2MEu2AVJXXYO8sTv3We7VRpjmRpqolZ0WdVcYYQdbhwqKtuvinRC7ZQqqofKcu3KjjuuJqfIOyOIs6Fen2cs7LK6V2pxQsnhP8AyTFyXl9mqCEkkuhpJwq4GpMTUWOIk7hKOMjchSmNACpvBppqb5Y1ke24Ri0NwVxPHKW554OlVVgfGdsY2TiBslgADHddbETykuRshWkDDSdgEmQOftj/ANVPoqCeonbFCzUTsfZev/D74N1tXJHcbs1ggODocOR91FHLOxoPG26yW2CMH0X8OLt1FPG6GElrj3GwHqvonpH4a2jp2nbPIxslXt5gPp9lo7Va6GxUbaK3w6Iwc/spgdlpOFohXjs97oPEVaXGVkEBpIbnb0RG42JTMFzkVkZxhOUVFHZjWO1NxiPclIQy8uGAUengxklqNkO2xwhTwxyWAUMQPO+F3RpBx2RWjAxlDLcclEECkcXn0wmFurZP1YJGOF1zg0bnhBKO4XOSXI0Qkb4z9lUdSdX2npqmbLI7XUH6WtPCperPiDDb2GhtDy+rd5Q4fS37ledywGsnNbcHGeofu5xdkfkiVeThazye2e2srkkkl2z8iiSSSVYIJMT0xUQSSSShBiSSShBIYce4RCcKNJMGggDKgcY5C4Hqo09WyHbO6BI+V58pwkyBp3kGT91MhqIN9RVTOGgYaiMjOxPKI3DeG4TXPDchQIfpaB2XNY9FFc/JzlLxFT5CQfxR2auePMRjIwoxkyeF0SDO42SJPAxQyHLid+U8Ek4yhNOUQfVhY7bJf0nX02kqktz7HhnsuhmDwutcMLqwzsnJ8s7dNVUUlgcOMJJZC6ltt9nSq2xXBzASXUlWDaprA7WUg/HZLQVzQVWM8ET5HiTfhLxD/SuAAHOMImpgbnKXKLQ3dtOYKbk+i46oiBwQu/MwAfUiUGylOMeWwre+yWPdRzXxZwChy1ZcBp2/JE62iv5FaJBBH4v2Tcj+pQjNUH8aXiOxvuq+MGWqiuiZkDuP1XdYG+Rt7qJk85P6pvie6bClyAetUSWZ9uEwzZ/Co+r3QzPj8KY6G+jNb5SMeGyUZCd8IZlJOFGNQcHYIRnJ/CqWnmzn3eahD2SzJ6kfquGQex/NQTJvvlcMvof3ROhr0ZV5pSZOD2k4ThlQDKTxshmrqGbAhFHT7hn/ABmMFyWRPdCkqI49y4KuM9TLsJP2T4LfWT/UMg+6N0Vw/MFeYnfxWuQstwY4YiOSoplnrHafRW9PaKGnbrqpB9k6a42ulH+6w6nN2ylWTrisQHR+azm6eEVsVpq5naiMfdTBQUVK0fMy5eOWgKHUX2pkOlrdIKgPfJKdbySfussrJv2bao1L8eS8NwtsGfCheTjkhQJ7pPMSAcN7KC4H+pJp2Jwl5z2bK1npBXOLzlxyUxNM2M+XhD+YwdxgJM5KLN9VbZJQJJWs5cgz1pxiI7qORI/nZJlbk3QqfokSVxbtEVFfPNNsd1IjpC4A+qkRUzWEbZKVKz0zTXp5eyAyje92SOVMio2x4JUpxZGBhgQpZm4ycjCW5M0xo28jmRtYMNCY5zGjt+qjPqzu2N6il7sklxSm2HF7eEiZJUnsgGV7zknhDa7PKUjg1uSiDClw7kJGVjCO6r3zEFNYyepdhjSfyVFN+l2S6ivDB5SFDdVVdSdDXbfZWNL0/LPh8w2Ct4KGmowC1jSeN0Mp7TRHTSl+SKGms1VO7W/hWcFrp6cDIy5WelzsaG4ypEFuIw+UJUrc8G2jRxXorYafQQGMwCp7aTy5P+altp2t2DdkXSB2QOTfZshSorgiNiDSDj8k8gHAA4TpJ4YgdR7Kvnr8bQlXGW4qSwTHuZH9bsKFVV0TWYa/lQqipkeRrOcpkdJJI4aQmxhkzzs9HH1Mj3eVvKb4E0pBkGFYMoQwA6RldcBGMublPjAx2/cRoqKLGp4Ce0NYNsJslRoBCgzV8cQPiFaYQycy+2FXZLkkDTsFFnqQG+bACqqi8lxIgVXK+qqD5pTj0WqMTi6nXxjPCLaqukMeQHZPsqmorquo2Y7A7JNp3dx+6kNphjOkJpybr7bZZyVvgVUjgZnZCMykOAccKcIhnBH7orYQPw/umGV1OfZBEbWbFvKK1nHl4UvwAeRwnt8KL6sInLIK0zzlg4ocYwN0ZznAAOaBj3THSyE6YQMIsdIZceICSfdDuwPhp5PiIIPBOFIEJ2JRm27bU2L9SutjlB0yYx2whdjRohorPaGtZpCbl5OzFKbCTvhOMbWDLgEDuxya69BJ9kQsqHEY8oRYqF0hBcMkd0R1bRwDD35KiyXoDIpwkvUo1w0MY9lhHRsYBqwNK7JV0FO0F84yOyopq6rn/FpB91GLHuJc4ZJ33S5ag0x0sP0W9TfmR+WkGR3JUGW4VVVs4kD2UZtPupUEXDWtWeV+TVXpYtfagbmOd9RJ+5RIoFNit1RNg6MBSW0kcO734PolSm2aYaVrsrmUzyQGDZTYqVg3e3dGBaNmhOfgDcqZyO+FLgHojHATxE0cNQ3EZTXTgDCgMoKI/S0fjCHJLHHy4KJUVrGAnf2Va+aSY6co4xyZ527Oiyqrh2iOVCfOZMF6bFQVDyHAZCmNpWQNDpwnRjjsz2XOXZEjaX/hUqOmYAHOQ5a2ng8sIwf1UWSaqnI0nYp0I5MF0k+uyXNNBF3wVGfWyOOGDZdbTOkILzkqZDbZJMCNoTlDkyyU58RRAkLpCNXKkQ02rHZXlB05I5wfJHkK9hscLQ0CLP5LRFJdkhobbX9xlILZNNgxhWVPYpjpL27fZaeOiZC0NbGAnBpZg4/JSU0lg6Ffj4V/kipZZadrQXtGfsolbQwx4bEAFczz6vK1u+FDNFV1Ds+HgJe4f/CjL8YlDJBoIyEamg1HYbrQ0ljJOZ2/srWGy07ACGgEeyCU8D6fGzXSMzBbnncswFYQWvceXC0DbewYaADhHbb9ONLQgdh0q/HuP5IpY7bpxtlTI6AMAIb+6sPlS0jZSPDbGzLhgJU7MGuGnjX2VzKYNGMIuhrBuOEyruVPCPJu72UJle+odpdwh3Nh/auIkiR7W7AIJbr3GwKkxUTpMOPf3UttAANwlyngYqJT5aK1lOTgo0dLnbCsBTRsGw3XCP8AAl/KPr0y9kQUeBvx6I3yzGgaWIjm5c0on1AYGT90E7GOjp4p8EcRNCTcgZ/ZS201Q7cR7I8NBjeTGfbss8r8GuvTT9dFe5r3kBrU5tFLIRqw0eqtm08bfwBLSBtlLd+TQtKn+RXikDBjGU8U5z5W5U4xEkHlOEDiMAJUrshx0sUQ/BxgEJhGgfy2b/dWHyzn42RGUjicYwhd2A46R9xKhtPV1DsatDUZtrizqeST33Vu2m2zsEx7AxB8zHw0y7l2QRSwx40M3XTHv6eiOd+AhvZK/wArI8qOzcX8ajxEFIAcHKjyAEA91NZQVDjlw2Tm0MIPByo57Rc6JS5K0scfpalHS1Uh82MK3bTsaMhoSDQNgi+VgfAl2VnyZ/F/mitpI2jLm5wpbm+6Y5zW8uRKeQvjS6RF8MAkaUg0YJ9E6WpjJ0sH3UOeZ7sBpwFN+ewJQ/QSWWGL63Ywoc1xyNNPuV10UcuPFdkoThTQcc/dT5Bbo3ESapr5DsCAheBI4gzd/dSp3vONLfZBFHVzfUCQhlZkD+O/0Ce2jg8zwM/dDkuMBAbDklWEdgc86nsz+SnMs9JEAC0E/ZVvB/jTf9jMv/iU+8MWye2yVcwBnqC3PZpwtSyFkYw1oH5LkkbecI424LWkzxIzzemqM4MrpHk+rlY09tpadgDIm4HfG6nBjRlAcQARlX8gEtPGHQ3WGAhjQ0eyEZMkpPlGcIRdlT5QFBR6Hlx9UJz8tKa4nBQCTnkpikLlBoT5MO2S16humvz2Ca5jncbJqkhM4tsTnDc5Cj+MAeE7wXE+uU35U85TMiNrOmcY+lB+YfnhE8I+q54KmRUojPEPomlz8H0RC1gzt+6GS0AqwJJIZrfnGVwlxGF3U3PskaunaMY3Vp4FNexml2cpwYTzsgvqm4OkdlFdXzkkcKKYqU1Esgxo3dwuPfRsGz/uqt1RUO5kQCHE5TMgO39Fo+tpWnylAku0LR5QSVXEEcphbggq8syzum+iabzPwG4H3S/iNQ4ZB5UQgHC7kqZEudiechjWVOfrS+cqP6ygEpofnsplhq6wm/PVH/e/uufOz/8AeKFrK4XEqZL+awn/AMRqP+8/dPFwnP8Axf3VVkk8p4BPdE8or55/ssxc587vH6ozbrMAPMP1VPg+qW4HKvLJ8817Ltt5mGM4/VGZeX7asLOmQjuVzxX+p/VTLC/mSRq2XikGBI/BKltr7c/GJ1itYPKZ4imWHHW47PQY5aOX6akHPZSBTsduHA/mvOBUSN3bI4Ee6dFdK6IktqHbe6mWPWvrX5I9GbS6uGJk1P6NCw9P1ZdKfH84uA7EqUzr+uLgJIY9u4CikwlrdLPs1Qgc48kEIzZKumIMM7m4/wARVFF1/b3AePSYd3IUtnWdimHDmn7Jis9DlqdN/RLBewX+7QEZnJx7qyg6zrIgPHi8QD1Wajutsla2QVcYDuMndSG1NDKAGTt39CmKQyNzl+MkzXQdYWqVgNTCyN/cFqkRVFgr5MxSta8jJGcBYl9E2TBAH3Q30bozhriD7IlML5NvfJ6Gy3Z/uK4tbyN014vcDtIMcrR9LvVYiCsvEDAyGoc5o4BOVKp+qrvSvb8xGXs423T4ywKcovtYNgbi0ARXK3ksdtkDUPzUWak6WrniOWAs/LSquPrGnnZmQ4zsQQpVPdLbXfy3Oi/PAwmq5oTOuiz8kmMquiY5H+JZa8sAGdLnKBPYuoqJhL4PmN8Dw+VfMp6Z2BDUkY3wHI+LhH54ajXj8LiVpjqGcjU+E0t73LgxjKyNj/CqjJBIOWvBBR8ySgOhayYexBIWndJQVMg/jFtDhxraN1BqOn7W+Qy2Oskppc5DXOwCtUNThHC1n08o/wC2ZurihDNFwtw0O76eFVVVmsVUzRG10Z9VsZqHqGli8SsiirIiN2gZIHqq2U2auaIamIUrh/hIKfHUKT5PNarwVueDIT9JMdHmhqWuf/S5VtT07dqSPxZacub/AIN1uJuk6vR41rqPEwM5a7KrJJ7tQfya2N4A2yQcJ2+Ho4Go0d2lbdkXgw0sbm/U0j7hMDwdsLayVNDPGY5qZj8+gCgz2a0zM/lSeG4qpR3LgyOa9GYLGnYhSKWurbdIJqSplid/zbH8lY1HS9xjYZaQiZo7hU0wr6V5ZUwEgdiFNrGKeFlGxtvxDdGWx3ODI/7xn+q0sF/t1wja6GoZv2JXk3iQPGTt7FdYHM3hkIHsUQ2F017PWpqOlq2+dg37hV5tdTQP8Wgnew/fZY62dU3G3kRyP8WMdnnhaig6xoqhwjmGgn14RwmaI3KSwy5oupJoiIblEQRtrar+lrqaoGuKRrs+6zxbR10eWuacoLaCop5NVNKWf5J8bPQmypW9Gte6KQYLRt7BSbdeLraJBJS1DnM7xuORj7LL012qYD4dXHkf1BWkFbDMMxyAexT1LcjlanxqkbMT9P8AVD9b2/w+5baZGeRxPs//AEIVzRdR3/pOQNvYfX0h2FQw6iB/iXnYcxxB+lw4IV7aOpqihHgV7TVUx2LXbkBMODrPHTqjugj1ylq7T1FStrbfO2TUM7HcJpkntjwX5fGdj7LzaCKFtSLz0dViml5dG76HH0LVr+nOvaC5Zt/UPh0ta06XNIw1x9RnsocmVbRoqmhtt4pi2aGOVjhu0jKydd0qKB73UspdA76oXnI/Ja6a2vjcZKEuHqOyayYSkwVUY1DbcKCt7i+TyG40V36Xrf8AaDpkluMfMUwG0jB6D1W06O+Klo6lc2iq2GirAAPDlO5Kva+zU0uXMbjKwXVfw1pLq0VtFI+krYCXRyxeUk+/qoHF1z4meuRV5Z7hW1LUsnYHtdn19l889MfEW+dL1YsvW0J8Np0RVh2a8dvzXrtrvNBdIWy2+ra8OGcByWZ7anWzXuY1wyWhRzEW5Pb0HJQbfcBIPBmOHDYFWLC1pBIVIT2Q4pQTxhSNeoBMnp2B/jR4GrlvcILZNJ0uBQdgA71ZbX1BQvt12o4qmF4ILZGBw/Qr50+JHwbuHRkTrr09G+utpeS6IZ8WAdtvxDnfbC+lQ4FOD2gbpF1EbVya9Nq56eWV0fELZw7crb/Dr4q3n4eXDx4Kl0tHJgTUryTG8euOxXo3xO+BdJfNd56NZDR1+5dTE6Y5vQD0P5L55rG11ouUtovFG6nnhcWPZINw4dl53yXjYXR2XRTTPofgfLWVzV2lntkvX7PvDojrbp/4hWn+JWOc+IwkS07xh7Mf5q+DRjdfBdi6nunTVwiulmqTDPGdnNdgr6p+Ffxvs3XMLLZcw2ivQbgQh38qcjkR8YPGGr5B536bt00/kpWYH6F+nvq+jyCVOo+2f/qegz04J2ao7GuYRjsrYsbg7cqM+DUSQMLx0q3nB7uM0OpKsjYnCtIKrIHBVE+MsOQESmrdLsO7JUo4Gp5NIyQOGfVEVbBUEgEg4U6OQEZ9UJY4gjcFOZIeFwkJnKhAz2CXGcbKO2V0cmh7fzRdWnAXXBkow4KEJMLg5gI3QKmgNTh8b9Ejd2uHKixySUs/lcS07EFWEdQHdlF2BJZKuvo6XqCjksl9haZMEMkcP0OV4r1FYrt0Lc8Tse6iLvLL2A7L3ysp46poP0yN+lw7Kur30dRTvtHVEbfAlbpbUOb5W/crdRf8bFyWVgy3RfWlFX0LrFfGsqqCpZoLXjUMHuf8Pr6L4r/tcf2U6n4cVj+uuhYZqnpipcXyxg6vkB2Ge0e5X031X0hdfhncvHpC6eyyO1Rlgz4Oe+e4W16X6ror7aZLFeHRVFDVRlj2SN1Agheo8X5CVct0Tz/kfHw1EcNcM/IDB74RGgr6g/tW/wBkyb4cyVHX3w/pHSdLvdqkgjGo0ef/APnzv+y+WI5s8D3X0rSa+GqhmJ8e8l463x1uywkJZOMJoIdwuHZbovk5wQHG/opDMkbqO1GaVsjLAuUcnTykmOPsmk5RgYH6vZEQE8HHZQJrA5cduF1JQEjYOpF/ClgJHhQIGeUkjykoQ61W1ux4f5KnbwT6Kzt5OnGeytAWfjgtWr0vpKTXbBkei8waSOy9H6MeDQBvfC36Y4XkV9iTJtTtUtcDgg7fqtlREuhYSfwhY2vZpqWH1K1lDLqpo9vwrowWeDzl6yUfXjiYIxq3KXTONLPyQOuXbwb7FP6az5Bn0UxiTRoiv/lzQ3B27RjdX1uOKdn2/wBFnKvJrWBx2wtBSYMLADjZGjm2J8Eytk/3YrCdYSltJj7ra1/lp+V591nUjwQ3HCG4bo1m1GYtXmmafdanIA3xwszZ95G/daFrt9iVgv6Pb+Kq3WZDg41KI7zO44KkuIDf1UYeZ3HdcTVSwe30NeLEaEFsVBpa3YsyUPpp2bgM7Ikw00LNvwoVgbpr2Ed8LyfknmLPoGi+22CPUaIAMBwp0YyBthQqEHw291Y0++Nl891UszZ9H00ftQZjONkdjMAHG6cxoDeETT7Lntm3samu7ouClpKuDwy2YW8xMir5AzYHfC8/+I1zFPavAB3eV6P1HAW1xf2wvE/ijVvfVQxN4zuF6Xw9XyzyeI+qLP4+lm/2Tuma0TULIy7PlU6UaCQVjuk60sm8IvwNsLZTHWAQN16a2vYzxHj9R8lKQ+31QbMIeAVp6LLHANIWKDzHUNk9Fq7ZU6o2zcri62vnceo8fdxtNLCC5rT91I+XDsEjHuhW57ZIg5T9OAFwrng9HUtyIFRRADhZ65W7DjPp4WydEX/hz+ar7lQl8OA3dJVmA51Z5Q7pmvxCynd3AWocwEeqwtvBppmvzgLZ0E4mZnKPclyJVeeDDfFS1eLbYbg3bwXEPHcg8FeQVzdDWTRjdp3PsvpO+WyO6W2elezVrYcBeA11uEkVTTM/CSGn2C9F46/5K9p47ytDrsyW3T05kiaXOB2VtnwpRNjIysr05VNYPBcSC3yla57Q6jaAMkrfN4OC4vJ2v2MU7d2u7qUzeON43KAdMtFoI4Gy7Sv/AJQjceOEpvazRVwGqmGWBxaM7KutOuGt8POGvG4VpEB4RYdyVT1T3U58dow6J2T9kPZo7NY2AOGhzchwxhfOfW1nbZ+o6qnjbojMhLR6L6Pp521NBDUx7kgZIXlfxussb4IrlBF/MAAcR3XU8Zqfis2s8957SfyNPldo8sbEHsyN1HmiI7YUqjdiMMIRJafIyAvc1/fHJ86c9stpUytPouavZSaiF22yilpbyEYammFSSSUCyJJJJQsCkkkiCHbg7FTqOcsIChJzeQ4JtU9rF2Q3I01JVa27o4B32VJQVWggEcq6jnbKwYC6ddm859kMMKiavZARQMLUo57EDtPuuFgKROV0NJTdmSsiMQAKjOpxgnbdSdPuulxIxj90EqdxFPBWSQ1LCTBsAu0VyraSUOe44HZWAb7IUlIyTloVfDL0x0LthZ0vUUUxAlcMlWcVdDN/dEH81knW+NpzHyhE3CjcDENvVGt0PyNcNc17Ny15cM4XdSylL1DVwtAqXcq1o73SVIAc/SfcpkZxl0bq9RGS+4tCD3S8Ny4yZjsOa8HPujastzwr7CVkX0CGy6WsxhJwwdkiCpjITltBviDgVDdb4ZCTIwElT13SMZQSrTAdpRz2Q5DqScxEdwk0XSkGTOZB7K6DCdguiEk4Qy06fQcdTKHRWU3VFxpS2MibA3OeFeQfECONoE0uD/zKO6la4eZjSCgvsdBK0h8Ld+fKg/jP0aa/J2Q9mqt/WdHLG1/jtfntqVtTdTUchHO/uvNX9MUYdmJ0kZ/wHCY6zXOM4oqyQ47Ocly09kfR1NP5mUfyZ6/FfKN7dnElSG3EScDZeLMb1XRSCRp1gepUqn6l6oppdc9PqaOyiqaOnV5lP+o9njrDyi/NasbBeTU/xCnp5M1FPI1WFP8AEO3ynzvePyVNGyHlk/6j0v51vc/qnm4U5GNW/osFB1vZXjD6h7c+qls6rshIIrYzn3VxQ2PlXnhmxFaDuDhR5qyd+wft6LPjqe1OA01AP5pzOoLef+KmqKGPyEp+y4e9suPGy7HumFkAILGYwq8XSlcMiRd/iNP2eUWxFPVxf5MsxMG8ALpmzsQqs3GI7tcufxWlH1ygfmrjFCZX1/stQ4FcEuBwqGq6pslC3VUXCNvoNSoLh8VbHSMLqcunI/pGUW0y3a2mC5ZuXVM7dodl1jap/mqj5SvIq/4tdSVYMNrs8UDD/wAR7s5/LCzVwud9vGX3zqKdod+CPYfZUc63y9ceI8ntN36w6Lsuv5u5MdNHuY4zqd+iytV8b2PbjpiyT1Q41ObjH7LzSKCw0x8RsZnlHfBJJV3BU9Uyx6bfYnGLHlc5oTVBs5l/krbvxLC533rzqWMmtrIKSJ25Y12k49yqj+H2Om/mXKuY+Qdgc5Kuoehr9dI2z3CtMJfuY2OxgK8tvw4slERNOwzSY31nUMp8KmzBOc7H9zMhTV9fJHosdqkeTsCGjdXFJ0f1Jc42uudWIY3buiYd/wA1uqOjgo8RwRNYG/0jCnsOx2TvhwRV5MzaOiLJayHinMrx3lOpaFsDI2gMYABwB2RHDfKcCB3TIxwNj9qGpYykuEjCYooGU8CJGOUDfhdPJ3XFYmUsjAMILuEY7IJIxhQz2PJHP1obzgFFI82UJxGD7qGax8EWSQtKHLu3YhFlAGTnhVs0wChzrbMcCkdvyECSUEbIUkxJQnkqGZyydkeSgh3iHSGk/ZGhhkqX+DGwuedgAFsbN03T2ukFXW6TIRk57pc5pGey6EI5ZU2ewthaLhXgBo3a0qPfbu6sk8GE4jZttwi3y9GdxggdhjdtlQ+IHbLPKXINcHY8jOQupZCY5wAJ5Kzzswjs6XTsdLJoCrppHPdnV3TqickoLGucTlYrrMnYooCNBJ5yjxRZISp4HHgKwpafBGyyN5OvRTgVPTEgeX91PpKQ6s4RYYABs1To4Q0AhqtSwdSqnAxlO0YOFIDQAupOkyN8KzVCGBkkgjGSsZfru+slMMT8BuxwpnUV7aT8rSvJI2cRws2PU90MmYtZqP6K2cDSutByn6R6LhLW8pZy5yx2ce0MA2VdU1RLtLDsESvrA4+DCeOSo1NA6Z23HqjjFs59tu7iLCQUz6qTGcY5JVxSUQi3ATaKl8MZI/dWLAG4wE6McFRXthKdnhDjZKeVsfpumT1TIIw489gqiSeSoeXZIymqOSW6qFS4OVtc+of4EAIA+pyVPEWAEjdPZEBvpRGjBC11V5ONqdQ7JZY8NBAwEdowMYTGtJAyNkdvbZaYwwZHLIsFPHK7sQNk5qYgBwIwDhMLgUnYHdCJOeU1PgpLA/JSA7pAd0QD1UKHNxjjGF1cAwuqEC5HqEsj1CD+fC452kauyFySIHOwyoVZWNiGCcFR6m4OB0w8jdBgp3znx6nk8DPZIsvT4QSRzxp6h+SdlIip2saHHldwyJpIaoFZdWQtIJ3+6yWWR7kx9cXPhEyWdsA3wAqqtvMDRpa7JVVWXOScludiqt41HVnlc2/yGyW2s3U6ZZzIm1tylldzkFQtZJ1eq4d13nYrk3znc90mbIxUehOHqlqXeVwYJwCsjTQ0cdhlAByeEbW31TdGk5yrCj2dazKIxgCTRgYyitZ3wozXXDJxoGAcIiQ2RAC4pTe46NVbGIrWE8jlO8PHIxlEaG8cBLfB0KqzscerBwrmxWCsvtYyioWnxHcK36N6CufUNbFoAFM4ZJxlfRXSHRFF0xRCCONrnE6iTzlRLJ6XxPhbL7FOxfaZ7oL4VUdjENXco2SVDNz33XpbGhowNgOy4AE4b5WiuGOT6BptNXp47YIa8B3fhda0rrKdzjjnKkRwlpGdk6SWODUojYabONlJZAGDhPawADC6eEE8+hsEcw1oOMZwh4wSkfKUMklDGLZG8HZM7dlx+SMApGYY4VdcbpT26nfUVLsMCZgz22xj+RJmnhgGZX6f9VgOqutxWsdb7PIA0gh8oOc+wVN1D1NXXuV0cDnR0mSMH8SpY4gzYAAJkK3I8r5Dy27NdY8QZIe/BJ5PqjBmBwusBxhGEDyM7BaY17TjfMZ5JJJdGMT82iSSSRygiCSSSSGsEGJLhIHKTvpKhAaYdk4t3KD4sIB1vwoHGOTs0jicAIOgjc7JklwEZ/k7qHJWzSnc4VMcok15iZy7CC+pP0sCjnU4Audlcznsh2l8hTLMR/ebeiEXO7lcz2ykgnLaRHclcTM4XNXsk5cg8jlwnTumEgcpZGcEqmmxgeOU5wjeNjgBQ2ZaCSuNk3SJ17uEbqLnHhk9shG/ZEEigNlcSBoR8TEeVm6S9Ozq1a2uK+5krxE7xWhQcVjjgx5CI2mqj+FLeml6RoXlKIdyRLFWxmzk11WMZ5QfkpzuWhOFKRsf80X8SXtB/wDGtPjhiNYQfKE011RwCAE80pJzgLnypG4GFf8AEl6QifnK4vg4J5zu45XTK8jCf4RSbFuq/iS/Rns89H1kAS9x/wCido24ypIjGEzR7I1pnDszS83J9APy/ZdRMHOEi0lMVUfYiXlrZdPAMy52whk77hGMe+SE4Rtxwr+KBnl5G+X9QPfHGEMtPKOSAgvqGgEYUjCKEy1Vs+5DCSEMlcfMN1EMp33KJRj6K3zn2yUZRvso5mGSMIRc475K4jwTAbJSyVzJ7JzInFwJSXJIITWnOBvlSYKEHBmwAV1jGgDK5M/UMAkJFl7XCNlNG7Epr/oHe62UbdhqeoU93mG1O3YqPK3Lsn9VxzRttwkOSl+R1Ka75vbBbUDlqK+oOZG5H3Q2tIOTsVMYDgjKG5gHBSJyj6OvR45S5m8sDt6LoIHZP0+65j3WWdqOxptFjpHCMpjyG+6dqzkYQnsJG5SZXYOtTogb5C08ZQyDIcBuFMZQvkOdO33UyGjDMEgLPO1yOlXoZekVbLc95HZTPkPCwRurEMa0cDZRpq2Bg37JLkaI6dQ7A+GAOEOWVkYySgVVxAy2Aqukmkl5z+qkuSpPBLnuGk4iOVCfPJKfOUwD3ThjCgDY3JacHunteMElcLS/GAnx0dTOcBpHuhbwFCMpvhAXyOOcbEJjGVU52BcPsruisJJDp+yuIbdFTNHhMCW7cGyvSSl+RRUNjErPEqDpJ3wrOlo4abaNo2U50DiRgIsNHuC8beiVK7J0qdHGHKIugu2CLFQtkOuQ7hWBihiZkNAUd1SxmdIylSnuNcKYr8jrKVjMbcJ2sNB1HYKNJWEfSokk8zvq3QJtjdsYdE6WsgaCA7dV8tdMdg7YrkcLp3I8dASQTt7p0YORnnIiOfJPguC42jc85xhWraNsYBLfyXfKwfRkp0KsGOyWCBHbWbGXkIhjbCPLhFllDRk7AKnrrvBFs12XLZXAwajVQqjmROlqdLTgKpq7njOqQZVfUXGoqXYDtIUJ4L93la41Y5ODq/JZjiAWouFQ52GP2UBzpZHF0jic+6kObwnaRttwnwrOFbfKf5AGw7jZGbEB2RBp4ATge2E5RS7McpZGCIDsnCM+iM2AnBwiiIHkbqZQyqqc+iO2Anf0Tmsc7ysG4UpsXqNiitijABa3CFywdCvQyfZBEFU7luyPDbi7eZoUxhGVyeRrWgvfhC5JI2Q0kV2KGjp2cMT2wtactUV9xp4RgHJUGa6Sbhhxn2Wed8V2aYaaHpFw7S3dz9lGmraSLGnnvuqd81TMQTLgJnhuduSkO9vocqixmu7icQtxhQZamqnzreQPunMhx2T2xAYOEmVjfbHQpIfhvccnJR46YDByBn3VhFRSuwGR5yp1LYpJcGRqD5F7NVeklNlM2EkgNbupMVuqHkDw8ZV9HQUVMMSchcfWsjGiDBAQSsyaoaOEfyZDp7G0DM7gFIEVHSY0EOP2TZamY/iCC075cUrLbD2wh0GdVv8Api2CG4F+7jlNLwzZCdJgcJsE2LsYTDQPqCFNOewUaeqDOVX1Fw1+WI59RlPUTJK+K4Js9aG8FQJat8vlaM5Xaehq652dBwrels0NJh87R+ZRKOTLbY59PBUQ0lVUkOLNvVT2UVLA0PnfpI7LtbfIaUmCkYNhuqWarmrHnWVeDHZbjotKm5iEaKY5Vc+erndg+YFKnpyTlw2VnSUM020LMp0Y5ZmW+54K9kJy0vZuVZ0VsmqR/KacH2WptfRsksTJpgMHkYWgpbRDRACMDP2WhfYb6fHSs5kZa1dKyvOqYceyvqezU9M0eUZCu2M0twBhMcz2V/Kb69DGvorvD0/SMBFaQ0HAUg0+ojyp7KTfzKfLk116ST6IOXSnDW5ISZSvk2kZgK3jo4mDyswUVsW2PT2QubZuq0Me5FUy1wfURupEdMW/S0bKeIvZHZTkHgKtxrjpoQ/Er2wnIy1GbFsANlOZCARloSmfHE0EhqtvBJRS7I8dMTujSeHE0Fyqq2/R0/kjduqeputVUg4OyTKWRU7oQ9l5UXOli8pduq6e6TVQMMR2J5UahtNXWjxnt/JaOjstNTtaZQCfslOeAlVO/wDwUFJaaiqk1SHSB3Ku4LTSxAHup8jaWnaA06VHdqm2HCU7PQ+vRwh6GkMh2ZvhcMkjzhhwEVtK7knlFipSSAG7rPZeo9m2vTSn+KACJ2ASOV0xZ2aMq6o7LPKQS3y99lbR2umgAJb5hysdmrS/E3U+Nm+ZGXp7TUTkEtw1WEdpggAJB1K88N5GiKPIQjRzNdlzcZWaWsmzfDx8YrorfCDRpa3ZCNNIfparhtMHcNyntoJM5LNikz1DGx0rXBTMpi47j8kZtAefA/NW/wAnGwZDcELhGDhA9RkfDSR9lWKAEbtwnspRnGMKfp90zA9UPzsatNCHJF+WDOQmODIxnlTzG54wFxtvYRqeSMI3a2A6/UUV2ZHbMZym/JyuP80YCtRC2MYaEwhzlaluAdK9kA0cbMYak1ojGwUt0eRkhMLASi3OIt1xXREJcTxwmeESMEqW7QzsgSSsbvnCnyZBlFDBTd3IEpgiG3KZVXDHlEqgzTnkHJ9VbmlyZ3DkPJUdsKJM/V3TfGnk8rTt9k+K2VNTy04Vq4qVUn0iJ4jcncfqhF5ftjhXcfTmPPIMDupUcNopWgyOyfRX8rKjS32ZyKknnOGNOFNhsLtnOjwfVWElxpQdNJHj1KBJWVM4068BV8mQXDazkNtpIt5XjZPdJRxjEXIQPBe46nO/VMe+Jg8xwg3MYkkh8lQ/OGbBBfqduShPq4gMNJJQS+qkIDMEFGrMrkBrJJ1taCSUCWshzgHdc+WncPP3912OgcSqdqQG0CahxBACC4vdnblWTaIDGWojaMAbNV/KhcoplQYn84TPByrjREBgjZDMtC3lu4U+UW6kyt8B2MgZXBR57KdNW0wb/JiOfVQXV0wJ043TlPJntil0d+TA3cUwtgbkOeAgyVM7/wASjOa49yUxSZjkw73U0ecPz+SjPrIBs07pj2Ej1QTEc50pymZ5zl6Hmp2JAUc1VQ7IOyOIsj0XHxegRZYhqT7AFzzygkuOVM8HPDf3SMBPDP3RxnkCUHPgh+Y8oD2DnIVj8lN2b+658mGf3oTcoH4X2V/hnGwQHRY3x+6sZGtZ9PHogkeJy1WLlVkhacFdwPRSDARvhN0b7DP5ojPKGOCM5oHCY9mcbqSWHZPFM56LIp0yb4RALCBlC839KtRbJzw3ZP8A4ZMOQApkj0snyVOh3ouaS3lWxtkjRk4Q/lcu0loKsF0tFdod6LhBHKs/kDsGtyufwuo2PA+yYoAfBP8ARW+E70SLXAZwrVtFhp1YyosjI2nDuFeAJ1NdkAnHZLPfClOfQgb4BUd0tPk4erMs1gHv6IeTjOn9090w3wEEzjJ8qoS36EZCOy54p9F0ZeM6VxzHHhqsFt9iL++d0x02xGEPcldERO+FOwZOX6GmQ54QzqKOItR+lG+Qc4KNNAODfJCz7Lodg8KQbe87gIYt07TnsoDtf6E2QjHKOysqI8GKZzcehQvlpAMFv7pngS+imWMhKcPxZZwX25MLf99l29XbK0Z1fcYQMuDvfusvod+iI1ziAMK1JjI6q2Ps29H1q3A8dgJ7gbK0p+rLa8fzQQD+a81Jyc8I7Zw0DumKz0a69fYuz00Xex1TNLsAfbCOygtE7A+CUtJ7hy8yjq3AeVxUiC4zsP8AeOA9imKXs0LWQn+R6O+03CIh9FXHTyMvKUdw6rtLhNrEzBtjlY6n6ruFPGI/EcQOMlX9t60jkj01LMkcpisQ5X1eng0sfXMT4mi4WyXWdiWNVjS3/pqvGgvdE8cB/lWdpr5a6l2gxtb7lFqLLbK7+Y0YJ4LSm/Ky5zU+nk2DZIgPGoqoku3+rIUeanpK5xjuNNGS7YPa3CxwtNxtoD7dWuOPwOOxT23e/wBE4S1cAkj9BvhOqtETphZ+SNMzp11KTJaa57CN9BdsVx4qgxzLnRsnjOxAGSFVUfVkDyHOcYz3B2Kvob9TzRhxcx3vsnK1mG7QQmuEU8ti6XrotDHfKS+vG6o67o25UodLTgVEXILd8hbZ1JYbjh9TiN54LU7+G3ahYZLVVtmh7Ndumx1M4s85rvAV2/04/wAHl80dzoMtlZLGz7lNNZTys8Osp2yA/iA3XpTnxzjTfbZljti5g4VZWdDW6qBqLTUtw78B5H5LXHUJrk89qPpmyPNL/wC5hpbFaa6L/d8NcePVUVb03cqRxdSxmVo7ZWyuPS1xtryQxwI7hRYa2oheI6hh+6NWJnClprqPtti0zCPe9h8Oogcxw5BCcwNd7L0KWnttewiqp2nV+IDcKiuHSFO4F9HWgO5DHbJqWRexsqaa511AWuhncWjsTstNbetGO0x1TcH1WTfb7jTPMckWpo/RdZG1pORgouUDvnDpnpcNdSVzQYpWk+hKK1mOD+i82hqZYHh0Mrmn2KvLf1RU04DZ2eKP0KbGzHY2Ooc+Jm1grZ4Tgv1N91ZQV0cnfB9Cs7QXm21jBqqBG8/hdsp423G4O4Pqm/IXKFdkcF3FXPpHh9PIWP8A8J2Kvaavtl7IjrIhHVacCQHGfzWLa9wxnsiR1DvTB9U6Ezk6vxUZ8xPUbL1TeelHhr4zXUQAGkO/mNHrk7H7L0G2Xaz9X0Iq7ZJpkbuWkYc0+4Xhlr6kMcbYKvLgNg7vj3VtSvLZRWWisdBMNw6N2N/dMyeW1WjnVJ5XB7FNHPSNb8yzLDsXeijVVOxzdTB5T3Wf6e+Iz5HRWvqWENl+ky4zG/0OfVax1KxrTUUj8teM4By0j2QmGVb7RlL707b71SPo62mY9kgxktBwvKay29X/AAluIrOnvEuVpJxJBk6ox699l7m5zXk6mjJ9lCqKcS4J4yoaaLtixNZRTdE/Eyy9X0rJaKdomI3YT5h74W5p72achs2pwPvwvCuuPhRmoPU3RksltucGXhsJwHfbHdV/S3xprrfVGw9fU3y1ZGQBUZ2kz67bdlQc9DG7/VofH69n1HT1EVTGJI3ZBC5JGDuOVhrL1I1jY6umlEkMoBIB2IWxoLrS3Bv8p2HDlpSzl2Q2PANhnhm0THLTw/v+aOXk8ORi1rhg7qLJC9rtUbT+qsBrAc7jBIWO+Inwn6d+IdsFPVQimrISfBq2NHiMP+rStU2UjZw5RTIHYIJG2Ei6lXLDG03WUTU63hnxB1h0t1V8OLlJbL5RCWJrtMNUx/klHY8bKJS3VuoPpZCHDfY43X2p1N05aOrbRNZL5TCelmG44cD2IK+Ufip8F798PKp1wsIlq7PnZp3dCPf0XF1mg2/gj3XifOxn9tzxL9ntXwi/tJMdHB098QKhoLAI4rm93mcewk//AIsr6HhmiqImTwSNkjkaHNc05BB7hfmpBcJCNL2gkBexfBz+0Deug5xaLq59TYn7mMHzwHuWZ2P2/dfMPqD6Yc5fLplz+j7b9MfWvxf/AC+ufHp/pH2RJFnlqiPpnE7bYXemeprJ1ja23exVTKimecNc12f19FPfHjgYXzbUUTqm67Fho+sabVwvgrK3lESlq3wO8KYE44KtYKrUBghV00BPbjhCa+SBzWzMIa7grNKODYpZL9sod+IJw5VTDUFu5OR6qwgm1gBAGSgdtyuZKGHZ4KcccKZIce0O3PKUb3AgYyB3TXAg5yugghTJEskyGXJGe6NV01Pcqc0lVEHxP2Ixuq0SFh2GVNim1D3RRYE45M5/EH9ISnpzqhrZrDVYZHVSjXoJ+mN7u3f1XmXWnQ9f8N65t7sMs1Z03UnUYwdToM9wfRe41tBSXi3VFsr4myQVLcPa4Z/P7rHwTu6Smd031RIamwVeY6KoeNQaDxC/09/yXV0l+x4Mko44fRV9K9TW29UDaC6eHV0k8Zjb4gDhpdsWkFfFP9rT+yfP8P56n4h9BUr5OmHu1zU0Q1Ghzvgf/QufsvpzrTomu+Flx/2h6eY6WwTuL6hjD5YW9i0fr37LddKdTWnqi0mgrxFWW2tj0ecAte0jcEL1Hj/IShLMWcTyPjatdU6rF/h+0fkE2TOxwCOyNq1L6L/tWf2Waz4Z3OXrPoulfL0rO4l8bPN8i7nwx/gHZfN7cDbPC+gaDVx1UN0T5D5Hx1vjrfjsCowOFGyEaPuunCRzmgqSGduF1PjLIA0corRkcpmQkmkHpJJKADE48LqYoQaeUxPwUxQtdjmb5VlbTh7h7KtYcZUylfpcCpFclWrKL1gBblbroh/8prCVhYf7seq1/RsgbNpJW/TvBw/IRzHg0dy/7SxaO2vD6eP2Czdy/wC0MV7ZTmJuewXTqPO2rEclN10cvgA7I3TRADD9kDrUgyR+xAXbCR/L3S22psYv/wAOXddNiqjICv7fMXQx/ZZqvfioZhX9tIMLB6YRx5ZhsXBOr3E0+F5v1o86nNz9l6JcCBAM+q806wOasDO2FLOkN0CzaQLIMklXkRJdv2KpbNsT+iuYuT91hvWUe78QspsM8+XCHHu4BPehw/8AaGhcLVPMMntPHrM0aGp/7Cz/AJVCoHObVRFhwdQUy4HFFGR/Sq+iG7JTtgheU1q3RbPc6Z7bIyPXbVvTgnfYK2gb2AVNZHB9viPchXtKBsfZfO9W9s2fSNJLdBMksBypMbQQchDYBsisGThYlzyblwc8MBJ8Q08owZ+aRhONgiSyGluMl1LBnzAbr5966YJ7s+M4xGF9IX+HUG4bnYr5z6kz/G6px/7wr1fgH92D5/8AW6cdNtXtmSpZXUNW1wOAMBeg0VS2rpWvG5xusFcYS2XxgNjstD0jcAc00h54XqtRDd0fN9Bf8U9jLepa4OV7aKkGlAbyOVWzxNceMhCppn0ryWu2zwuTqat8cHr9Lb8ckz0iyPdLEGj1V81gysd0zVvfMNLvKRnC2EJJ4C8pqouE2j2WkmrIqRJbGCOEOem8RunGMqRDuEUt9lhydHbmJkaiB0cxZjdpV1Y6nUPl3HBAyEK60ul/jBux2KDbZWx1LXO7o4SyZ5V4NZCzIwRyvFet7SLN1JPE1uhk/m09mkr2iF2cOb91gfi9bQ6OnvIGMDw5CBkn0K63j7vjng4XltJ8le48kp4nUVxcx3d2c+oW0p5vEpmjKy1zheBBVYyG4DsK7tM5dCM9l35feeMshslgs4d3+GdgQmMcW1Hh429U/wBHBMeNw4DdLfAKeSeNuCotfTiSJ5A3LUWmPiN5OQnSHU0tQylhGiPRM6PnfLQyQv3EZ29lC68tZunTVXG1gc+MFw98JvTVW2ku8lM52GSduy0lTTePFPSuAJeD+iuqx1zUjNqafkjtZ8oRHw5SD+E4U9rw9o2Ujre1/wAGv89L4enzF2fUKtpX6wAOy+h+Nv8AnpTPmXmdKqL3tJToWvB2VdVUuncDZWbTj8l3wmvGCNl0TkKeChOQcYXNXsrStt+GGWIZxyFWlhKodGxyEkljCSg8YkkkoEJJJJWQkxOLSMdlbUVTsG7KkL9JxjlHpZhG4ErTTY4szXQT6NJG4P3UhrdPdVtNVRuADSp8ZBGQV1oWqSOdZW0xw5RhgjhC0+6dqDeO60qSQEjoGE/A9FwOBSAPICITzk6GD0SMe3onB5/pRQ5pAHCZBZC3YIRaWnhPLC7Y/upfhtO+Ewwu/C3ZG61Ivd+iDLQh2SGg5UV1tePM1pyPRXIBGxblEYzxDjGEuVK9DI2STKDwq5pwJHtH3KlwXq4UoDJQZGt9VbGi18FM/hoOxCFwlHo1xta5OQ9UUzmjxWuDu4VjTXCmqmgxyjJ7FVkljhkGdIyorbDVAnQ/T6dkUd0e0GtRN9mlaQfpcD9l1uCdis/DbrrTP1Rzn8yp1HV1ok8OeBxPqOE1R3Fq6RbgZ3KcMcYXI3lzRluE8YPdMUUgvlbOhuUVrcdlwNRcYx2wrUf0ErMnPCYey6xgHCcHgDA3TmvyeFeBm72xFpK54YP1NCOAMLrdOVSpT7C+bHRGdb6V488DTnnIQjYra7/4doJ9lZaQQNsJafdX/GgUtZOJUS9NUL/paB+Sj/7KUW5JIPqNlom7nBRcAgYGFX8aAyGssZlHdMRtP8uSqP8AynYLg6cqG7x11QPueFrAdIwBhdHOccq/48DR/Ps9MybrJcmbR3Cc/nwhmzX7G11mH5rZCMDgJwbvwp/GgT+dbLtmHNk6gds26z7+6iv6S6ll/vblO4f8y9G04AyF1T+NAF3Tl3JnmZ6CuEpzPI+Q/wCI5U2n+Hda5oDXQRj32W/Ayn4A5V/xoMXtT7eTGxfDaN7R41zfkchuwU+h6DstO4eMwzkceIcrTtOPyXMgcI4aaKGKMYkCPp+0wAGO20wP/IFMij0ANYA1o7AbI6cxoB3R/GosOKQwDH3XU9JHFqPoZhAw1FDMLiejS3Lgt9DE3JTkxALbEUw6sp64QMZViZsGuE7LpwE3Gd8qhU5A3HlAJ90STO2FHmdpGQrMk7MdilkAChSzNG2QlVVekEHZUlRVOLiASqMd93GCRVV5cSxnbuobnvfyuRtLnZPdSWNH0gbhDKW05llmWRXAt3dspVvtlbcphHSxE45Poruw9G1d8cXTM8OBvJPdehUtvtnTtAAGNy0ckblIdnoyW6iL+2JQWywUVjpW1VU0F+O/JKzXUd+dVPdDC7DR+gRuqOppKuV0UcmANhjgBY+pqTnbcFIcmy6apWyGyO3yDlDBIzk4SjOTldfhrRhItng9Do9HhZZ1xAChyynhPmm9kFuSVmc8nZpo2gg1znaiplPDuDhPjgGN2qbTU5JG2AkTeDpUUsUEGwAb+6saamIdkJ9NRnSDhWEEIaMYwlpZOtVRhA2QhuNlJa0BoXfDwc4SG2yvo1xjtFwMnhZ/qS7Npo/lI5dL3DJx6Kfdri2khkZ6LB1U8lRMZHuyTv8AYIW8GbU6hwjtiMOXnJCcB6JNHZPeWsbnCrs4r75EXNa0lx4VTVVpBLQi1dRnLWnGVCZTvkfnKOMNxztTqN3+nAUTHzv0huPUq+oaMQtBwm0lNExrC1nHr6qyYdAGRlMUdomEcLLONaG9sIVRUCEdkp59P0hVx8SSTU5ydGOQLb1FYOPMk8ut5z6eykxQAAErjWDHGMIzRzunxjg5ls9zFpGMBwSazJymNaScZUpjAAFqrWDNI41oA4RE7T7rucJpQkzXnZJ8mkZ5QdZc7jGFRAupzjgd0QHvhNaNhkIzW43TUslZGgJ6WwTPEa3jdRvAITXp7AIZm2xhBllyQgyzbDZLlZgtLIZ0ujfIUZ8s85A1YCRaXkElFYGsGTthZpS3BpYAtgwQXYRZp2wMy7Cj1tzp6aIuDw53AAWZr7vNVHRqIA9Cufdqo1y2x5NVNW7ssLreyGGKDYnvlZ988spPivyER0jXclDw0cH9lyLrpWyy2dGFUYLhDM++UjuuluO64RhZhqwujic1NThtyo+CM47/ADQiDjlGcmpTXIwF5tSO1pwBhcaGgqQNGBkj9VB9ceRBuRyn6fdIAHgonhlLfR06YITGayjxNwckIUbSSAOVa26y3C5SeDTxEuKUos62noc3iKIunUcAZx2C9C6A+GU19mjqri0shJ1NBHZajoL4XR0zYrhcWAvG+43J9l7JbLV4FOBoawHgAbpkKsntPE+DksWXIi9O2K32SmZT0kDRpGNWFeNIxl2wUOeaGhYXyPAd2CjSxXeqifKxo8PbTtzlM+PB7KutQW2JYTVMTcMhPiPP4Qp0MB8NshG590Oz2iOjhbJMNUrh5nKwDNttgrwPjHANrA0cJ7QARhOSUHQSOjhMPKSGThTGSSltHoby0N1OdsnkgEtPYbrF9Xdc0VlikpqV5kq/whpzhMgjBqtZDTx3SLK/dR0FopnzzSjLRgNHJK8ruvUFyv0xdO9zabPlYNshQqmpuV3l+ZrpA57t1IpaR22RsnQryeN13kZ6nO1jWMLRgDA9FJjiLnAkIzYWtA8qKxo1DC1QgonL/wAnGQtA2ClBoAxhNadI5XfHarLUsmPSSXMgclbco/Op1JIb8Ics0UQy+VrfuVTmWlnoeSB3CaJM8DKr57tQxA4Jkd6AqvfeJ37QDSPQoW8hKEpdF3LKOTsAoklwij+k7qoknqZMapP0TQMDc5QjlDBNnuEztm8KM4vecuK63HcbBPbLTN3Mm47KZDSz0MDMDPqlp90yWuhGzXa/smsqZ5jpjopj/wCFLllkbS7JDe6TiAEorRdax+GMdA31ep8HS9UD/vNU17fQBTDJ8kPbKd8wY7AwUhU74xlaWLpuibu9mSpcVnoI9xFghC4bhUr4royopqicBzIyjw2m4OOBCN/dalkEEZOmMNwuhgxyoq8CXqjO/wAArHAFxDUaLpwbGWb9Ar4jblC157K9ov8AkTkVzbDRgYc95/NdbZ6JhyGk491YEjhD0qtsfRe6T/qZG+SpW7CNdFLG3hHTVW1Ez/cGGNbtpCW3sunhBLjk7q0kiYQ88IGluTsjnhBLXZOysNcCAb2XNAXElAlZgdpb6JYCau5woWrMjFw7p6WcIMBrlDPDHouANGyTngDlRn1LQO6p4RaWQ7g0cOCFLI1g2IJUOWr7+ihvqXSbZIS5NMuNWeSXNVAHYhQ5agv2AQy1ziM53904ta3CVgfFJDC9x7p4GFwOwcJmCg4Q2Mf0EJB7pBpJ2S8FzyDhSAwMA23S52KKNdGjsvlhIYxnBUgFoHCamrHO7J2qPDNd9jy4oL3EgjKKeEI91mldg6tPiWmngCQ4lOGE/DeUzKVPUYOxp/GyF+yW/YpcnA5TvCc4bd1ks1OTt6fQKPY04x9SEG5OMqVDRSSvAOw7qcyiihOoMBKzTsbOnVo8dIrI6GaQjSMKbDQCPBlAR31DIBnAHqoVZdYWDDXb/dLczVGuuv8AIm+BExp27KDV18VOcd1VVFynly0OOCoTtbz5iT90G8t2x6RNq7pK/Zh2UKR75jlxS8EuHKe1oHKp8rgzTlkFjG+E7ARDGXYICLBTZweFI5AhBzZG8Mp8UBkdjj3V3R2syAEtwFaxWqlYASwEqOSRrq0MrHkoKK1a3g859eyuoaEMaMABTvlWtwGMAA9EUxNY0EjCRZblHVo0e3oixxaeQitg1DOFyWpp4xs/zKDLXVLjhrsAcLM7Ms2xrhBfcTSGQ/UMIEtbGwYi3Kh+LO8gyHK62Ik7DlV2TKXQjWyud7FDJleRgcqVDRaiCR+6lxUYbg6UcYti5lcymmd9TeVIjtkrgC4ZCsREAPslrlds04WiFYicyNHSxRDAbuk92PpGD6ohGD5jhV9yulNRh2l+ot9FphXgy26iFcW5MM5zwC6R2wVdXXiniBDTk/dVVZd6mvjDB5GnnHcKucQ3c9lpqqbPP63yncKw1bdKmpdpYcNUIMI3duSjOc12xGMIT3N23IC2QrOBZqZT4kM2bthcwP6guuezGGuzlR/DL3YDs5WhJJGKyW/hBnAeqGHaiQpFPb5n4c4nHup8cNNE3zN3UjJIGGnnY+SBFSSzEY2BUyKmZFu4ZP3T8jPlbgLji1gy92B+qGdiN1OjiuzuAeGpY9kGa4QU428zj2UGS41MpODgJLviuzoVUxj6LTU2MZcQFFmucMZ0hrnH2VcX1D3Zc4n809kTtikSvbfBo2foO+4Sybxgtz2KAHzybvflEEYxx+67px2SpWSl2HCPIGRmfdNAA74UxlNNNjw2ZUuC0FxDpxhJks8muFMp9Iro48kADJUqOhlkxhqtobfTRN4yihzItmt2Q7sGiOl2v7iBBapdshWEFDTxbuG6a+rwMjlRjVyyHHKp8mmPx19LJZNfT0wPmCjVFxkPlj4UfQ+bBKKyNkeMnKXhsr5P+UG98suA8LoiA5xuuS1RDtEPA5KC5znDJBTFXkCbb7DPeG8EFBdIX9sIbpYo2kyyYwqqsvLGksgdujUDLbfGv8i3klhY0mSUNVdVXOL6YXgkKupqa43aQ+Ulo5K0Fv6dt1E7x7g/Psn11nMt1Flr+3op44a25OwAS07HZW9D03HSYnqRpbySUau6moqBnh0EIBGwwAszWXytriRJI4NzxlHjAmVjjz7NBVX2ioBpo9v9Vn6641ldKXGVwa7sCowiL3AlWdFbJqjT4LMn7Iox3CVZO54IMFM5zgXknPKtaO1Pmx8tESVrLH0FWVDWvqWNY077rdW6w0Ntja2KFuw3OO6PG1nU0viLNRHc+DE2XoSrmY19SAwH1C2FLYaO3sY2KJuW87clXIA7dkOTOwwiX9jvUeNq08cJckTSQ3ACFjfJG4UwRF545ThRY3wP1UlPA7+O5fiiGItQXfBx7KSWtaNkwNMhAAwhUt3AcKUuwDmBidEyd5ALdlOipWHDntyQpLY2tGGjCtIbGva+CIyncAC5FbGBnZSA0YJPZRZauKE+cj9VY2WIrk54Y7FMlrIIDiR2M+6pbp1E2N5ihO/sVR1FbNVHMhKjeDLPVKPES/r+pYonmKI/mqSqutTUE+c4KHFbpqpwLBytDaOlHuIfMcj7JU7AYQs1LKCnoqiteNAyfdaC09MzNeH1BGkbgYWlpbVS0QBawagEpZy0kBqzSt/Rvo0CfMgAjipRiNoCjy1Bk2A2UgNdUEBoO6nW6y1BeXGPO22Vks1Kj2dKnRN8QKqGF87/ADD9VZ01nkkIMYWipbLDEA6YNOewCnNiZCA2NgH5Ln3axp/adTT+OXcijprFpx44VgyhpoQNMWSFO0l+2EVtNqwSsc75T7OjVp4V/iiEGTN2hGGnlOFLqA8QbqdHGc4YMIwonbF42KR8nodsK5kGnAaEY0bpQCQCFN0U8I5wVCqapoOBwgc/2EoJDPAih4xkIL5xwAnO1zbjK5HSSZ845UywtqYCQucfRMELzw0qw+UGAdPCcREwbjdTJMIgClk/ENvuiMpIBuRv91KJ1DACEaV+cvOFMkePYF0bWbhqE7U8YAwFKcGtIB/zQ3VNPGOd0aeRUkiMYy0+YYymuLWBDqLjTk7Ht6qDNWashNEzkSZahjcgYUKSqA2GEB7pZT5MpMt9TI4AjZFuM0230cmqye2FDMr5cgBWrbUxuk1DlIH8NpQNIy5C5YA2tlA21VU7gQxT4bE2MB1U8Y+ykz3J7dqcYChvqKib+8eUO/JFElabXRDgOKjuumdqbYD2QCwZyVzy42AU3YC5XRyaeqqMNdKQPQFD+Xx5jvlJ8jmDyhR/FqZTp17fZR2FbWw2YIvqwEKStj4iblyLHbqibBdx9lKjtbIyDoBJ9VammC6slO+SulI0twEVlFUygEgZV58sBgFgCMyl0jsELtSK+MpY7c5v1tBRG0WDsMK1fLTxbPIGFBqbjERphG47qO1FOGORpoxjzdkMuggHmI291Gkmq5T/AC+EEwSP+rJS3bgW454Cz18DdowSQoz6+aRunGAjfLH+kJhpdJzpRq4S4NkRzpHncoBZ6qw8LPZD8IBOVqAlW8EAxlBdFuclWZi2Od0AxHJ2TY2Z7M0qskAxHuhuiON1YeGmeGnp5EOn2VxhOeFzwfZWPg5/D+6QgAP0olIQ6t3RA+W/w/uuinxwMfmrMUpxnGEvAA+ogI/kBVCZXikIHAH5rjoA3c4U6V8bBhu6gTSF/sjjMCVSQKR+geqhyOfJtjAUsRuecAEkokdtl1AkbfZP38CpUyfRW+C4nJTm0z+zCruOgjaBrG6dphj2LQFPkQS0r/qKZlsmfjPdPFtgbu4EnvurVw1bBAmik2LhhH8hJaeKI4giaMaW7eyRZCwEhrfyCJ4RdjPCe6CJoGNz91fyi1T+iGZHcNYmCmqJju0gKcIxnLWJOFW4ARsx7oozyU6F3IifI6RqkOPzQXmjjBAfghTnQT/8ZwOR2KjG2B58sOrKYpfoz3VP+hECWvgZtFvhRJbnVP8AK38ldiyM+owpCloKf6sAj2TFMyS098vyeEZ50VyquSQEw2uqIw87K+nq6eMaIvMccAKHLIXDjlXkzy00f6nkrDaYRu9wyAuCkpxtoUp0UzjkAn81wwvI4ViZUx/pRG+Wp/6P3TDT0rRksUp1FM4+UFdFonIBP6KAOmT/AKSA6Sm2aBjCY3wzy3IVu2ywtwZD+ikw0Nshbqe05+6MW6JR7KWKGF3/AAcqSyCAHeD91OlkoWHyYGFFkuFM0eVufzTIC2oR7HCCmxtGAUExRjgD9UB9fuQ1qEalxPCa45M8rILoMWNB+nhDDhnShmo7EIRqGlVsFO1EnREeT+6Y5kB+goJdnumF2BkIXAH5UwjqeNvcFB8BvGPzXDIXHHoiNd7ItqA+RATTnOQhmJw/JSjK1D1lVsQakgOp7TwntqSPwp+kHbCZ4B5KpwZUp4HtqS7AIwnieM7CQqMGY9k3QVSyilNssYapzSCJT+quaO/XGFoYyd2B6lZTztGxXG1dVG7IfsnIYrpQ6PS6PquXQG1Iacd1dUXUVHM0NcQQexXksN58PHzByrGmv1KPb806MsGmGql7Z6lJTWytjxpj3/p2IUP+Buidqo6lzAOxOQshR3WF3mZPyONSsGX2rhaGiYlvY53To2JDfnTXJeN/jNJNnAkaOMcFW9D1oKLAqWSRY2I7Kho+pWENZUAfdWJqrNVNDjMwk/1DKPenjAqU89M01D1bb7i8wzOaWn+oKx/hdK8mWmfpa8fhOywc1ngqQH072s9HMOCiUn+0tqkDYajx4xwCeU2L4M80bbx7nRZjq2NrqbjS4btUSssVhvDC8t+Ukd2IzuoNv66NO4Q3i3uiB2Lwcj/JaKCWx3pmu31sbpHDOk7I1JmayqFn22JNGGufRlxt+ZaOQTxcgA52VCzT4xjrYXNI244XqTmVtCcTU72s4y3cFCqun7Xeo8uYxshH1NGCtldu3s4mp8FGfNGDzyotDJoTJTPDx3A3KoKuzMGfIQfstvcekLvaJDNRvdJGN9kCOsppP5dfTtyeXAbrT8sWefv8TZGW1rk87qrdURu1MGW+ndAbI5pLXNIIXolRYQ95np8GIjIKpK+yU7yQ4BrvUK2cq7SzpfKMuKgAg4VxbOo6yiLW+KZIx+F26rqyx1dMS+LL2+yrnvlhfh4IKtvBnTceUen0HUFvr2hgd4T+4dwrBrNe44XldNUkgOY/BCvbd1JV0pDZHlzR6lNhYM+aUuGbcl0eyl2+5T0z9UZI/NU9BeKS5twxwEgG4J5U1uGjBWhT4M99ENQsTRr6e6013i+WqMMcODnG/qFoOnuo7r01LplLqyiOzoy7do9QvLiHt8wJHuCrq3dVmmY2mrmEgbB45x7o8o4Ws8aoLNXSPcKa52y+MFRbKqMnHmjJ8wPuFwSODtEjS33wvMrdWtgmZcbLNqdy5reHD0K3Nj6lprwz5er0MqG/Uw7FWcOUGmWwpxKMtI/VZDrn4bWbqu2vir6TUezmbOB9crUPlnopMgF7D6KRFWRVDf5Zz6hBKWCq7Z0zU4cM+WhXdb/CC4GjEstVaGHIcQSQCvZOjvidbryyKptl0YyUAamnhx/0WpvPTVuuwcKiJuHjBBbkfovn7rn4S9R9DXGS+9CtldA12t0MZPlz6eyo6SdPkGo2pRn6fp/5PrSx9U010ia12GTjYgnkq7a/OxHK+TehPii25QRwVUvy1fGcOa52CccFe1dL/EuJ74qO9ytaHDS2X1PbKnZydVpJ0T2yPQJYy45CGdQ2wnQVcFS3XC8OaeCEQgK3EyOLQAF2c5ynyNjqojDUDUx3IK64aeyHnByhaT7Jl9o8F+K39nuMPm6g6F2e8l8lBp5PfSf9F4AWz0sz6epicySNxa9rhgtI7L79a7AXnHxN+Dli63iddKKFtJdm7uqO0p/xj/Vc3VaSM+Yo72g8zOvFd7yv2fPnw9+JfUXw8uguNkrJGBxHiRF2WSY9W9+T+q+0/ht8Ven/AIkUDZaImmuETR8zSybEH1b6tPYr4Y6m6UvfSFwdbr1R+E4HDXg5a77FCsnUV56crorjaa18MkRyBnYjuCF86854KrVSe+OJ+mfZfpj6tt0cYxzurP0iMecIVTEXNxp1ey8a+D39oS19URQ2nqaYQVgaAJXHDX4/zK9zfGxzQRj7hfJ9f467Rz22I+46DytOvqVtT4KVraiF+nSPD7NPZGhncHeU/llTHxDGHd1Glo2sBdF+YXNlHadmE4tckuGUPG7gjPIxkHZVLNTCMuIClxz4A3QDYxT6JbZM9l12/BQWvGCPVOwf6lTQxcBm4xgrmZIHh43HCHJkEEFOjm1eUjhWA1uLGnma5uWptfarfeKY0lwh1sJyPZQIi6KXWw4B5CsYKjXxsQmwswZ51Z6Mfb6l/TM46H6waK21Vvkoa6Xfw2j/AIb/AF5XlXW/Tl7+D19N3t7H1PTdW8uLWnIpx2wvfrxbKO9Ub6Guj1Mdwe7T6hUFCwR56K6rAq6KpHh0lTI3UdHaOQ9wulpNW4yyzNOozVDWWfrjp19JWRw19BUx6JY3jIc1w4Puvz2/tMf2eLh8JLvJfenaWSfpusefBxxSntET2G+w9ivsS80N6/s+dRaZTLU9H10n8stBPhb7/luFvr9Zunevel3xSRQXK2XCI5YcHUwjY+xXsPGeQVMt1bOD5XxdWvqdcvy9H5Fxyl2AVIa7PZemfHv4LXH4P9QOaNdRZauUMoqnGXNzxE89nD/VeWxzgnBX0LR6iOohuiz5Dr9BboLXVauSSunfhNBB7rq3xlgw9BATlPHCEDlOBOUZAy6mNcAMErutvqjAHJJJKEGlrcHZRjypTjgFRTyoQ61SIjg5UdqPHyrQMujQwS+Ru3ZaPpSoLavGcbD/ADWXpsOaMcYCurHIKerafXH+a10vDORrFmLRvrk7ErD6hXFoc4NaAeQqOqeJIRIRwBgqws0zy0b8YXUg+DzNy+0hdYPPiNPumdPyF2nfgp/VOHPb91GsfLSD3UeM5HJf6Bd1r8zsJWitL/5QyspWyH5howtHaJMxjHsiXZgujhFpdTiAb915p1Sc1OSey9FvDh4DSvNuqj/Pbg87IbHwHoP90FZ9iriE7n7qktZLYiQrajOXHPZYL5cHuvEfi/8AJJl4CHTf9panycIdM4fMN3XE1jxBntfGy+80Fe7FGwEfhVfTO2GNsKdXb0rfsoEIyMrymolug0e5q5wz1Ppacz0MYHYBaymbhYv4fv8AEpCHfhAW3Y0jGRwvn/kI4mz6B4yz5KYklnZFa12obIcX1BSwBhc7pHUOjhOIGOFzBT8FX7GIpbxB4n4exXzR1aDF1BWRaeHlfU9VEHDcZ2XzH1/GIupqvy485XpPp+f+u4nhfratzoT/ALmWni8aItx9lFtFQ6hrAScYKtGtyCMchVFZEWu1jZe327kfJJN1zUkehRSiogbIw5yMqDUNcwnAUfpO4snhNPKfMBgK5qIO+nlYNRBxPW6Kz56lMm9PVMsckeH4wvSrZUMqImuB3wvJKacwnA2W96ZuIkawaudj915XX0Nvcj2HjNRmKizZwEDClmMFowocIwM+qlxknYrgz4Z6asi1lMJoXDGVn44XxT4c3GCtgYssOR2VNXUh1eI1oG+VcLEXOtMn2mZsjfCcdxwo/Wdqirunqhkm2husd+Fyzj+fstIKZtWwxPYHNcMEFaqrvjeTBqqd8dp813ciKjDQ3thdtFRmIDAWh65sJtVwqKYs/lvJfH7ArK0f8l4HAXp9Jb8sNzPBazTuNjNNC7IyiloeMqNAD4YR48njdOksnPcWjsB8N+e3dSpmBhDsjBGVE1b4wpJ/nUwzy3hZ5odAr3xiC8QVQHlOCtuJGyOZOOHt2WKqCTo9QRgrSWeqknjfDKMOjxt6KgrEeXfHGxMjkjvDY8axpyB6Lya3TAv0OO5GQvpr4gWk3jpaqja0OexpLfuvlnW6mlBA+kr2vgdR9qrZ4Tz+my3M0ce5RuMHCBTEPiZJ/UEYcL1MUjwklh8hXNDxpPCh1NsAbqiU0bIrTjsqBjZKHRm5aZ8TtJZ+6Fp91pZqSGceZu6qKu3zQOIDSQFDVXqU+JFekunlcUNSafQJJJJQsekkkp0U1kk09Q6IjKu6KsDsDIys6iRzuiIxv+a0VXOL5EWVbjWMma4bYXASSclUlNcsYac7q0hmEgyO66Vd6kjFOpoM17mkd1LjlBA2UZvrjhOBz2wtULEZ8eyV5SFzSQg5LTnOURsudsJ8Z5KxkKHngoweMBRwM910NyeU2DBJMYaTuEdlO0jIPKh6Zv8AhH7ojDUMxpcmlpEltPPnLDsigkbFvC5T1haP5jdvUI7pYThzSDlAjTWzjAMfSnjGQScLoLCcJwYCqfI5BA6HG7xn0S8vbCb4bTyEi0EYzhNgibkOwPb9V0M35H6rraYu3BSEMmfLyiInkK0OA9cLjnuO3omCKtHBCc2GrG5GyYkkVzkeMk4JUhuMDBQAHAebld0u5yoooP5GS291xoIO5TGagAusdIT5sHCNRSJvYcbhd0nsmMeQfpRRIMcKwoxydIyitTQcpzVaDUcHPE9kQYzwh+H7p+B6qgwmQkSEwBy6A7KhAmo+icuMaccJ4jcVA4ttnNXsup4iI7cp4iIOVaeBiQ3JPCIntj24RWxE47JkXtQxJgsFPARhCCM6f3XGxkcBC2mMSYDBSwUcR+gXMBAMSygeCiNTtIxwuAHJRhMEmIqafRAJseBiG4ZGERMUMkp5AOGSQukho3KReG52USpqByBlQzXXKPY+aYdxwqm6VzomeXCZXXIgYYMnCqiypnJdODpP7KHOv1K6QF9fNUP08hFipjINR2R4aIkgQQ6yVrrD8OrjcJWTV2YYRuWg4ylysUTk362MVyZWjtNXXTCCgi1vPbK3nTfw8dERUXZzCTghg7FbO22K12hgFNTMa4D6iNyjPqWR5cdkic93Ry7NXKziIAxUtupgxgDGNC846y6rjmldTUzvKBhG6z6wdIX0lM/ABIOO686qah73FzyXFyWP0WnlZPcxtVUOc7J7qOTkrpy45IXMHgLPOaier0uj2tSZ0HGSmyP1jHCa/PqmBpkPoss5NneppXoYWFxCkQUxcQeE6KB2RsrCngOx4SXLB0tPQzkNOXYGlWlHREYdhGo6PYeX91ZMhAAGOEMlk61FG3kBDEGjGEbRhOYAO2UVwGBvjCE2qKQAjHdRK6rjpoHSvOCOAi1tVHSsMkhxhYa93uSqkdFG/A/yQuWBOpuhTDkDX3KerdJqds87eyixx5AJCUbC4DuSjxs8MbqLk4d9jnyDMekblVtwq2uPhRnYcn1RrhXt3hhd9yqsMLnZymKGTkanU5zCsdGx8rxlWdNTAYKHR0xIzp3VgyJ0ZBx+60Qjgx195Hxt0hoxsiPlAbgAIZlAGMIYducpkYZKttwsI45xcVwANOcbp+cLmcLRGGDn22OTO6vZdLXHskwHIPZHAGE2MMiRgByitGcBcwE/YJkeAWEaO6DI/fACT5DwuMZq5Rt5KOEkp7W4IOEmtJI22RMA87K0ih7MY4xhdL2juhGQMyor5i44AzlSU9pWxkmWYDIaQVFMjxzwuBhJ1H/NdmA04CRKbkHjAnPz6IRGe6fHGXHdMqZRAMkfklzltGRhkIDgEnCqbrdw1vhRZ9CQh19wlePCiGM8lVkkJeck8d1zNTqJPMImmqnHIB0hld7fdNMRO2MI4DIsbbrrn7bbFctR55NajjojmBwOcYSMJOxKc6SXONWyWr1VuK9ob2NFOO5/dd+XHqP1XMn1XcORpxXopJnPl99sfqkKfUcagF3zep/VCMcg37fdVsjLtBBhRsP405tA1xwHhRwJM/UU/EpbjUSq+OH6HQlhkhtuY78Q390/+BuG4BKjxNq9Qw0/qp0Da/YHceizWxS6OhplGcsNDI7bUath3VjBaJZSA/AHuj0lNVSkAtWmsnT1fXStijG3crL7wem0Wki5KOCDY+kzW1Ajgblx74yAvY+jei4bXEdbGPlOMuI4UvpzpSG3xxxQsBkwC9+OF6FbaEUsIBYMn23Tdh7/AMZ4WMErJdkS02oxua6TDh2HYKyrar5eQwRs1yH6R6osr5WN0wYGfZOpaF2fHlwXkd+Qp0eoqpfRDoLH40nzd0GqXs3sFeRsa1ulo2HZMawjuSiNVZHKrAm9gn7Y90NLJVEwI87JiemFWlkpvBz3KZJMI8EjIHK5NJ4Y3HK8q64+IL55H2awTHW3IkkB2cfb90+uGTl6/wAhDSRyy3636/8Al5X2+0t1TPy0kH6V5tDT1M87qmqkMkkhySd8J9uonjVI/wCoNACtoow3GwWiNWOTxOs1s9ZPdIHFTAAZCls0sAGEmgAbBL6inRjgxLA7lOXARhMJGEQYRz9tlGklIThqzhJsPJ9VC+jMvqKSH++rIG/+JVlV1FTRP0U8Qlx3cNlnT5ud0tJHYrWq8HwOOniuy1nv9XMMRtbEP8KhOfLMcyPJz6lBDgN8ogEkwAp43Px6IXFF7YQOeGc8IgaIgHORILPd6yQMbC6Fvdz9laU/RztWqqrJHD2coDKyuC7KV1ZTjYOJPoFwSVk3/ZKCd/odK19L09bKfBMWsjuVZsjgiaGxMDQEElkS9TH+kxVPYL/VAGUNia7tncKyp+h6TTqqqiZx7gOwtM0jfddLgFW1ipamUuuCrprJa6RgZHSN27nkqWxrIsBjAAi5yeFwjKJJIU5SfbO5zuh7FETMYRYWBTbZzBPK6NuFxy5koVhEFkrmD6pLmr2Vgxjnk4uEDBIXUj9JQYDigRJyuLp5XEIzA1JJJQgLJTM5Tk1QglzAXUlAxiS6QByVzU3GQqygtrYxLUG9wo8tW0ZHdQpKp3qglNIOMGWElS1vOFHkr4TsDuFXmcvTMD0SXZyOUCRLXOJwO6jyzOI+6bo9/wBl0DHdJlPI1RSBEPeV0NwM4RAA3tlN8zvLjCGVmBijKX4oG49gE1xccDCkR0znb42KlR0pG+AlTvOvpfC6jUfksEBsDzg6SpDKbgkKaGRtx5cLjnMA2WOepSPSaTwUKliSyCETWhDLRlJ8wBIQnSggrLbqNx2aPGxj1EJrA2/1TNWeQo+t2cj/ADRG540rLO86lOha9BchLI9VxsRI2XRA4nus1lzZ0a9NtXCOrgiLjjOEeOmJIOOUcRMjaC/b3SJ2tmiunBFFOSRtnKlMpw0AkIUtxpacHzAkKpqb9LLkRHhJcm2NjOFfZdvqKekb53YVXX3nIxTuH6qlmnqag+c8prKc53OEWf2E731EkPr6iU5cc5CieG+R2TkZUsQDGe66Bp/DwqyJlPPLBMjDRuMJx0O+jdGMLpMEDAR6ejc4gtaCVT/ZIRlN8IisjceykQ0geRk4VnS2uaTGY9u6tIbZBGAdO/dRtI3VaRz7KmmtDpCNIyO6uqW108TQS3zfZSooRGMNGPsiu0RNBdsClSuR0KtJGsC2CMO2GEQxiMBx2CjTXGFgIYSXKunqqqU414BWec3I21wVa4LGor4YRhoy5Vs9XPMcZwCuNge8hzu6MIGtG4SnmQblkjsgL/Me6cYw3GUcYG2oFFhp5ZnARtyrVbYuc0uyL4QaQCOVNgo9eDpx7qxprRluZhhS4aRrNsDZaq6sgOaaKyOjLCNsqQIeApuiOP68AD1Kqbl1Pa6PIa/WW+nqtEacGPUamFUcyZJdDjlVlbc6S3l2HB5b7rP3Hqarqn6o3aAfRUssz5CXSSFxPqtUKcnBv8q1LECxrbzUVshdksHoCoT3h25dn7qL4g3CE5x7u/JaY04ODfq5WyzIO6RzciNwGyjue7uUwynOEtLiM4T1BIxTm5dHXSZ9kMeJMdLRlS4qRrwHSNUuJkEQHkwmbkhSi7GQae2uccuYp0VJDAMhoynSVEAAGvCjTVrHbNBOEuViNVenySHPDTygSVEbBlx3UKSeRx37JjyXcpLtN1dGCQ6ve3IjGxUYumcSXvznsu6An6fdKk3I0KvAB0eo5wnthxjblGDGjd3ZNdIzOI9ykuORkUkOjjYD5tgnfyztGdRXYqSefBLCArGmoooQHFm6pcD66ZT7IEVHUSuHkwPVWcFDFEAZAC5J9VG3ZowFHluDf+GTkKpLJqhGqrvsneSI7DAKa6oawZyD+arhVSyOAcnBsjuSQhSDVqX4kiStPACa2R8uwG67FAw7vblPeGRgeEzBVYLc5PsQp35BkwAnu+UiaNDslDcZ3Dz7BRjPSUx1VL91ai30JlaocskGWoBxTsyDyVx2tozIeeVV1fUkUbdFIfzVTJW3e4Hw2SOIPAGyNVP2Y7PJVweIcsvprlRUg1PlBd2GVVVF+qqx2imZkDvlNg6ammw+rfpHO6smCx2hgAaHuH+abGBlnqbbeW8IgUdpvN4nDTE7SOSr+Dp6x22MOuc7Nfceiqajq6sGY6B3hN9R3VNUVlRVPMlRM55O+5RRrMf8mK/F5NRVdTUlG10Nqg0hu2rHKzdbdq6veRJK7BPGUNoODsnQxB2wGSmqOOAHdKfDAiFx3O+fdSqW3zTn+S3JKv7L0dcbqWlkZAPOy9R6c+H1DbWsfPG0uG+B6qNJHT0Xjb9VJNrhmH6b+Hlwrw0zw6Qd916LaOl7ZaWBscDXOHchaDwwwAR+UDbZCLSOVXR6/TeKq08Me/2D0NA0gAAdgm6fdHERKM2lyAcqnnB0I1SSwiI2CR/0jZd+UMeCR+6nhojHoodbWxxt33PYeqHL6I4pLkE/w4tzhRJK2OTyx9uUGWaSYnIO6PSULmDW/G++3ZWk+2J/shjY5JTnHKlspwwDI3UiNjW/h4TZ5WwjLkcUsAP7eRuhMkqIYf7x4Cq7h1A2mwIdyeyzdVU1NZIXulIB7BRywBK3PRb3PqZrHOhp2knGMgqglqa6rOZiWt9MpzYgXAAbqfSWuprJWs0YB9UDkooTstt4RVeE55AAJJV5aenKmqcHuGG/ZaezdKMiePFjzjckq+c2no2hsMYCTK46Gm8apc2FTbrFTUkZ1gajuNlKfiEYaNvZPfMZThoRqO11VWfNGcLDdqlDs7FWjUeK0QDK9/lAR6O01NS4FzNloqCwxxYdMwAq2jhjjAbDGuZdrXn7DfRocPMynt9kiiaDLHgqcIiwhrGfkFO8J7N5G4z7rmloxpaCVgt1MpfkdKumMOIoimOR27m6UgI8AOdgqcyllneAWlrVNjtcIALmjKRK7KHxhgq6en1/S3PopkdG5u8owEeWWkox5sDZQprkZjop90v5XLgtJIkTPpIW7EAhQJ7gHeWI7LooaipOpzcKRHboohqxug3vJaRBeHTc8pwoo9nPblSZXww7Hb0TGSVEnljaNJ7ok9xbwgWmFhAa3ThPDwQCwak80YyHyjJT9DGDyhGkA5YI5iqHDygNH3XG0xBy5wyF2on0D2VbU3eHgnCbgDciwfojb5eyr57gyPIcRyq6oupk2hcob2zS4OTui2oVKeSZVXeJx0g7qE+pll77FOioATqmZlShFEwDQ3GFBM5Z4IAp3SHJ5R47c3YzFEkkY3YBCfMX87Isi8Z7DaKWEZ7pj6lzhpjOkIBJPJQ8+iqU8F4HudK4nW/KAWb8JxIHZCOo7Y5Q/JkHDHOc3ByBsgGT0YiGBxOCeUZlEDvuq3INQbIeHHgIjKSR+DjlWcNseSCG7KfHQBoB07j3QO5BfGUkdqlfgnj7KbHbIWaTjf7KycGRDzHZQ5rjTxbMdqclTt/RarwO+W8MDI2THPp4t3uAUOesqZiA04ahmJ7hl3JS/n4wW4hJrqyPyQU7Xe5ChyVdTON3BoPZF8DBG2c+yJHSDIchdgmUMkExPeNwSm/LH+j9lbtpRjYBI049Ah+XLwD8ZWNptH4P3SMIG5CsfCaNtKY6MeiJTLVZXmHGxTHQ7eisPCJTDD+SL5GKlWkVjofRmfzQXR47furN8W+7c/mgOhzjy/umxsaB+Ig+GT2QzT9y1WQonOOdOPzTmUGvYZC0K0VLT/oqfA3xpSbTh34VfRWknckIzYmRDdjRj2WiNzFfxn7KGOg1b4Ce6mbCPNghWVVO3OGM47qtlbVz+Ud06NmRUqlHpEaWSNuzdyoUji4+itIrUTvOCjfIQM4TcoROiT5KB1JNOR4YypNPZjjM4VsQ2HAa0fomSuLhjCZkV8RD+Vo4BxumPkABAbsiSANIJQ2Nc/ZmyvLLjBLojuducjCDgZycKwFtqJyC44H2T222nhwXkq1LBbqnPkrmscfpGU8UVQ7ct2U58lBCQGuGUJ9dLI7RT5A9cIvkA+OK/IB8npHn2whkUMYzq3RvAraggSPw0p7bXAzBfue6nyL2VKnP4kAyAnFNGXFdbR19QQZPK09lagwQNAAA/JAlqZSMR7I1Zkp0xjzIj/JRQDVJu77qM+sjiy2J2D9lILaiR38zvwmClYNy3JWiuWDJZF9RRAnkq5j5HbFANI4gGcZx7q1EQb9IwgyRnI2/dPUsGadTl2VT6OPhrE35EnGBurZ0bAOEGZ7G8BWpGSdMPZBZQygE4AC4KdrXajhGdVAZA9FCnqDkYCMzyVdfQdr2xAhoCA+twC0HhDdI4g7KK7UXH/qjM9k5f0j5a2bP1bIEkrpOV1zMoErvDHGU2KT7MNkpS7OFgJIQnQHc4CaZX/hCCZKjGNey0RiYrZP2PIAOFwkYUdznE7krmSeSjMcpYHnOdnJhaR+L9kgMfiT8D1RJZEttgS4g4SOofi/ZPDBnnKXgbZyrcCsjCcompv8AUP1TPD5GMJnhEHO6XtC5Cas8rg0hcAA/EnNYXbNU2l5aOiTAx/ouuSIcN0tIHZCWpZGpYC5gei7p9lBu/HoaWeiA+PKNP8xjEIUbwbgNwA4KCpTyDfA5xyhGN3ojn5xvMWPVc1uHLUYPytAsyt4kcPzUpl1r42BgmJDeMoIIIyAuOOFfJUrpYLKLqaaNobJHkhSG9Uaxu0jHoqB0fcJoGnOUcZNCXqZx9m1ousRExodUuaB2yrql64YQAKkn815ecDcp4fgYBT4ywXHWST5PcIL3RV8DWz6JAR3XCyFmJKKQwPHBacLxyG5VUTdDKhwA91dW7rGqg0x1B1tHfujhbyO/kRl2ezWrre5ULRT3ICoh4yRk4Wgo62z3T+Za68RzHlhON149Q9Y26YBs0obq7FXMEtNNioo6gMdyHMdhaFPKDVqPWI62uofLcaMuiOwe0ZCiXLpyyX9niUxZFKR+Hb9Vk7f1jdKICCteJ4W7ebfZXlHc7RXnxKGtEE3JaTgIlLAM4RseZFVNabr0zJq3lpAcaHDLR7lMkhtF9j/3eVkNQOWnYZWvZXTxt8OvhEkR2zjIKr7n0n05d8TxvkpJeQ6I6QD6p0b8GO7Q1X/kuDCVNBUW6TTUs8h2DuQVV11roKwHMYBPcBbsm52jFNd6WK6UQ2ErG5OO35qNUdP0F4b4/Ts7Wy8uhkOCFpVqZ5vXeEnBbqFwvR5Lc+m66hd49ITIzsBnZQI6+SI+HUsII5yF6NWR3a0TeDXQ6N8DLdlV3G0W28M/mRNjlP4m7ZKNSPOSjOr7bItMzUVwMRbJTykH2K0tn6udlsNZqf2BHKyN06fvNn/m+AZYM7Obvso9NUtlYHNOSNiO4TFYyYfZ7HT1lPWN/lHP55TJ4wdl5rQXetoXNdFM7HplbG2dV09ZojmaY5QNyeCmxsyKlDdwy2pKyttsmulmcwc4zstVb7vBeIhKJPAq4xg6HYc77eqzBLZGjYfcIIa+NwfES1zeCDghaFNI5uo0UZrMUex9O9aMhjbb720kjyiT1Hv7rSyUcbA2sthw4jVjOzwV4rbb/FVaaS4BrJSMNkzs77+62Vl6kr7S1tPI7xoM5bvkgegVtZPP6jTyrfKNrT3FkjjHVuEUo/DhSp4YqiEh41NcO/dV8b6O/UzZYHM8XGQRyPYrkNwntswpLgz+T2k9FZim5IwPXXwUtPULPm7HI2217cnxGDBee2SPRec2q/Xnpe4/7MdY0ropmEsiqHbNlA4K+lg0Obra7LTwQqTqrpOzdV291tu9MJGPBAONwouHk6Om1u6Hx3rMf37M70v8Qq+yPZ4zTU0hAADXYI/6r2Gz3+gvcfi0UzXtLQ7Gdx918p3npXqT4Y1TcOkuFle7Trccvi+/stN0v1oaSWK5WWpMjPxsB59QQrbyKv0i/KLTX9v/ALn0uRlCe07YWd6S67t3UjRAcw1LRvG84JWneMhLxk5k4bXgDnCZqPCeQmJQC4KDrHo209aWp1uuTADg+FKBkxn1C+Z/iD8M7z0TUF0pbUUbnYZOwcexHZfWpAA32USrpqWshdBVwsljcMFr25BH2WbU6SGqjtZ1PH+Vt8fPMOn2j4cY+ell8SGR0bgdiCvpr4Jf2jZaU0/TvVkofSYEcdQ53mi9AfX7rBfE74OSWWF926fBkpQ4ufEG7xj/AKf5Ly2je6jna8HAJwvB+W8NDHx3LP6Z9f8Ap76j2z+bTvrtH6Y0dTRXOmbW22pbUU0jQ5kjeHApsgJ2/dfIfwc+Od16JqY7XXzOntkxAkjJ4HYj919YWS/WnqW3R3Oz1TZ4JGg44c3PZw7FfJ/LeGt0bzHlH3Dwvn6fK/b1L9DpYtW7QozXOYd1YvADjkZQJ6cOAwvOyjg9ZXLbwcin4BIUlkgIyqeV7opNJ5Umnn1NGBwlSeDQpKSLVrsjKiSiWOTxmDYcj2SiqNwCOVKAaRlCCsp4ORSsmbqYf/RDMs0MrXNdgenqor4pKSUzwEkE+ZqnMMFZFluP9QU0LCJkNUXtBxymXC30l1pnUtXHqY5VxM1K/YktU6Cra9iuFmBFleeiqNrtnUNml6B65gbUskiEUFTINnjfG/YrwyhHUPwJ6tf0p1LJLVdP3F/iUMm5+XGdiT3G/mb9t19DVlNFWReHINxu1w5B9lSX3p63fEGwy9O9RRtdUQamwvAwWHsWldHSav4p7jBbS28xMN8S/h7YPiR0tU2i8MFXQ1sethYcFm3klC/Mf4s/DK9fCXrKp6cu0LnU+ddJUjeOaMk4IPdfpJ0JfLh0Tc39CdUSAQU+llLKGbYJO+c7tOFC+PPwUt3xa6WqKCbw462L+bQVgbkxSb7g/wBLtv0XuvGeQlQ1bH8Wea814h+Rqy196Tx/c/MCOQkAI7TlSuqOl7x0Vf6npy/Urqeso3FsjHDG/r9lXxvB2X0DT6mF8FOLPkmo01lE3Ca5QdJcDgV1bU8mYNkroJymro5CMgccJJDhJEAMlaTjCCR7qSdwR7KMW4yoQYNipDCNI3UY7JzCc7FXnBDQW45gBJ3CtLc7TUtJPCpbYe2VawkAjBxutFcsHJ1UMyaPQmu8W37c4U+zbNH3VVaJPEt/hZ3AVnagGnSfVdKueUeau9xI/UWXHdR7CdwPdSb63OrdRbE4a+UUhiWaSzrRmZiv7Ecs5WfrXDxm79lcdPyhoI5ymRMtv4FtdifBbuvOuqP78fkvRLqQYW4XnfVH99+ilhWj4sQO1afAcSQrOj3Liqa3nEJVzayDHzv/AOq5+ojk9n4t4TSDTEb7qNTOPzTd0Sod/PIyo9McVLSey4WuX2HsvGyfyI1VZvSMx6KDTcKc7ekGfRQadeWujiOT39D4N38N6kirlpSdjuAvTg0A5Xj/AELUimvseeHNXsTTk5Xh/LxxLKPb+FlmrA9jTsApLOyawDTwiMByuF2d9BGt74RA0aQuxjbK65Eu8D0iNUwl2AF86/GCkFN1E1wZjW3Jx3K+j5XYxsvDvjvQBtRS1wby0g/su34W749Uv7nlfqvT/PpJY9cnlURBIdjhRbhTHwC4BFifuNlKnaHwFgGcr6NB+z4lqEU1oq3UNYyTVscAr0lnh1lMyVh2cMry+SB0biFuOka/XAIHuyRssupWeTq+I1Sr/wBKRJni8B+QrrpurMcwBdgKBdKZzfO0bcqPb6gwzNOVw9XSprB7DSW/FNSR7Vbp21UDJGcY3Vi3GBgLHdLXMHEbnbOC2MRHK8nq4bJ7T3GmmrIKRIj3ag1dO2WMtHJRo/pRBHkbrnyzFmxLJEtVsLpfKcY3JWmo6cR4e5uw2+6qqD+VUDbYq9blwyOFfzAzp3IwnxP6birLeK2NoLtWAe4HovDa+impJC1zfpOc+oX1NdKJlxoJqSRudbTj2K8G6jsz6eslgkZuwkbr0fj9VitRZ5PyOh5ckVdHKyWna9u+W/oUankw4jHKrraySCaSA/SDsphzHJqauyrE0eXtqWQ8rOCBsj0RDmugJ3I2XfDD6cTEJkB0SB3OUM3yJjHayJWRvDXNH1A5VpBV/J19vq9X8uqIgmKi1rdLnOx2TauM1nTr/D2lp5PFae+xVQXOS58I1dbTtBkp3gGKQEexB4Xyv8R7WbJ1NUQNI8KVxezAwBuvqS2VTblZIKku1yMaGPPuF458denIp6WG5QsxI1+A4Lt+IvdN2DzvltP8te5HmNkqtbTA52S3cZPZXB3wsja5vBqg4/ZauN4ewFvC97VLcfNNXXsswGHKKOUIcorRkpzMNnAePgI+A4YOCo7PpCWS05ySqAbaeUV10sYeTPSkAnct7KjMbmuLXbEdsLbRbYDhlBuNpprgzLQ2OQcOA5+6nZop1GOJGP0+64Rjup1XaqujdiRmpvZw4UI8IDpQtjZ0CLcd01PcDnK4R7I3BljV0HHZcXdPugIFy4EEHhSYK6Vhbh2Aoqa8ZIOU2uexgTqUjR0lyZJ/ePGQrBkjSMgLIRuLDkHdTaO6Ssdh52W+rUL2Y7NO3+JpsFyW7DwodLdYXANdz91PDg4AhbYWp8oyOuUO0Oa7ARMoOkOI3T2tLVojIANHKR9lJjnp+7t/sosbmcOOFJZG1wBAG/snouLwHJhdgNdkJzaaIeZp3Puo/hnOyKA5mDumReBySfoOGkJ4OOTsgiV2PpXWzNOxOCVYZJ+Yj4Lzn7JRjU7Y8qMHNPBC7q22KsmSxYx5xolAPojNircbOH6Kq+ZeNgnC4VDeHIg96RZiOsZ9Q1J+a70/ZV4udRwSii71DANs/mo5ZDjhknwqhztT2lE88eCYyfyQIb3JnzRqyhvUOkFzRnvkKlYHsRFEru8R/ROjkxjyqc250kmxa0fkiNFA/wDmAN390amWq0Qi9oxgJ0ZyQpzW0Z/CEUQUh+kJm5BKOCIHDC7gZBypvykHokKeIHIaEWURLBHDThIRuBypgjjxgBdELc5wqyElkCyLONkRkOCCWogAHZPDwOymQnE42FoGE5sQ5ylq9k7xPZTIyMUhwiaE8RNzt/km6z/T+6d4nsryH0PbG0bgfuuuaPb9ULB9U5rHHbJCJhKQ/hLxR6Lgwed10FrTknCS2MU0O1f4UxOMseMN3Q9zurJKaQ/UPVcIB7fumE47ppc71KMVK9IJjAKASMndOKjvcWAlXj9mS7URXYUnCjTVAjG4UaoukURLCcOHumUtBdrsBNEwNgPD3HAVvCOXqPIQqWUCqK7U7Q3Gr0UGWhr6l2twMcfqRytLS9PMicPlKb56sH1GMZYFqKDoaquDGSX2p+Xad/BiPCU7cHC1Pk5WdnmkdnbMdFPEZZidgO61No+GlXWaRcpvCjIyWMK9Jt/TtmtjWiipGDT+IjJKnPY0jCTba30cqzWy9FDbOkbHZmN8Cla94HLhlWgbgEcBEc3fcqPVTtp2+cj9VnnJsySnK+XJHrHhu4IGy876r6tiY40lM85GQ4g913rLrF3noaGU54e8H9gvM66vdO8lxJPfKpnW0Wkzycrq9007nkZzlRS7VklCJLySERpwlTnjg9V4/RYakE0j0XMD1ScRgoTWOcc9islkmz0EKl0jjm5OyLFD6bLsVO4kd1Z0lI7IJCo6enoGUlEX8tVpT0WCNsKTRUmB9IVlT0wbjyhLOxRRt5A01MGgeXH5oxapPhhoGENw91WUblHAHT7oFbOKeEy5GyJUVUVPGXyOAAWB6jvz6x/hQOIA90ub/QnUamOnjmXYO+3ySqkMUb++PYKlZGQ7UdyeV2KMuOp+5Uloazc74VRjk8xO+V090h0TsNw7ZQ7jX4Hgwn7lcqq1rDt2VSSZpC4bDKNL0ZNVqtq2QExpJ9cqbRwnIJH5ocEJcRsrelja0Alq0wjg5i57HU7AzGRhOmlBwwYSlmDRpa1AjBcclOjHJJz2oecnBKLoLuy6GEkbcIpAa1PhDBknLIDjO6Y3JcCAuvaS7ZEA04C0RiZ5SwPA7pwGUmgnfCccAb8q0sC3LB1oA5KHJJjsmOeXOAbn9U9jdslQoY0kndSWjI+yEAQd0YO0hMiWOaRsSEOeZsTfVBmqQztuoLpnzPOSUMpYQcVjkO6pdI7A+yJHHtqKHDFuCQpQbnAcNkn8uyNgwc5AC6G75ceER8lPC3JGCoFRVtlGmI4QyltKjyw01VFGP5ZBKoqiokfK58smx7eiJVyiP7qqqKjUSAufqL4pG+qtskySw4JL9yoj5nPyCcgcIQBOSnsByuVZa5v7TVGO0Y5zy7CKOE8NAG43XQcbAIEn2QFp90tPuiJI8EyN0ey5gJ6Wn2RKGSDNPsu6PZFw3+n90nBred0aiol5ACL0CkRRgO44QzLI12GBSqaCWRwOnnuk2SUTXpoOyWEEjiOwa3Kt7fROdu5pRbfQaWgubkjstLZ7RLWSiOJuPVYZz3cHsPGeNX5S9h7DY5ayVsccYz69h7leq2Dp6noomhrAXgbnG5KF05Y4aKnbojGrAyfUrcWq2GPFQ9u3YFLUcPJ9B8X42p7XgNarYIWB72j13/zVhLh50t7LskznYaAAnxR5IymJnsaqvjhtFFAT9QUxrd02PAGcIiGbHwQQMZp5QDylk+qSoLCEkmLmoKCZYigij1lbT0ULpZ3gAb4Qq26wUELp6hwa1vqV471p1hUXqskgoZnNjGxwUyEMnF8hr4aaD55HdadcVd6q32211D2QNJa4g8+qp6C3eAQ9zg4nk43TKC3RwYcRqJGST3PqrOPGnYYW6qGD5/qdRZqJuU2OZG1g2HPKeuZC6tcYrAliSSXQ0lCXEbrK6GnO5T2xk9kcNaBjSFBoENHouo2CuOcG8qEPHGUNzlOIqU591Z0vSdwqQ19XP4QPZq2mhvYAfkkcDutUk0fnuerk/wASipelqGE5lJl+6s4KCjpQPAhDcI52SSjPK2Uuxx4whknKIeEI8qFCXclcSUAO5KWSuJKEHpJJKBiQ8BETEYGBJiemICCXNXsk5cUCSyJcJGEiRwmAH1ULOHlcSSQBjUklwkDlQg1MT0B8jQMkqm8ESbH6h2KbJJoHHKhT1TI/xKvqaqebYOwEqVq6HwhnsnzV8bCSVXT3F0p0xcIJifK4FxyjCmDQDgJLk2aMKIMvkdyuomkAYwmhpJQNt9l4zwhmn3S0+6MIHHgIjaN70mVkY9m6jQajUSxCJFDCeF0QucVPioiN3IzYmNPGMLO9RA9Dpfpu1v8A1SAyicR/6orKUg5wprtDADhAkqYwMBuVlu1UD02j8FXTzg6ImMHIC46SONuBgqHJV5PJUR07pNskLFPVxZ3KdCorCRLmqRnbCiS1LneXCHpc4orYvULJZe5G+vSQXLAedxRGxucpLYgANkRrG9gkObfZqVMF0AEO+ot3+6IIcfh/dFGlu5GwTTW0zBg7kKs5I1GPY+NmMZHKdqjj8z9gq+e4nin/AHUV81RNs95VOOQJ3wr6J9TeI4PLG/BVRVXSpk/FsfdPFukncHDspDbfEABKAShUGIlfKXvgqw2ed2oNz67qSyjwATgFTtIiAaxgH2C46mnkxoYiVQv5oJ5bIb2Mi2xnKaCH7BuFawWguw6Y7lTo7bBGNm7qnHaNhP5eiibSTP3aNipMNE7IJGFbtpgCTowEZkDdvKhbwbKdPu5ZBgt7MAlToaSKIgsbghGijLiGtburKjt0znan4aOxKzzsOvp9L7RGhY4DGnGUfQGAOOwT6iop6UFrcl3oquoramfy5wPZZJ3N8G+NXxkuorIIoi5rsu4A91WGpmmOl52Kf4XiEEruhrcHGEvLkFwDZTZwSiGNjcEALrnADHC5HG550jcpig2SUlE6HNGAiNp31BAY3IUyjssk5a97MhX9HbqamAIblwWiuoRKeUUlLYS4hz4lbso2QNAa1oUuR7WjA2AWeu/U9BbSSZQ4jjBWqFOejFqNRCqOZsunNDB5nYA9VQ3TqaitmsNIkLfQrE3rrKtucpDJXiPtg4VMJnyYLnE5zyVrr0x5rWeae7ZWXt36nra4kMOgO9CqZz9e7v3TXSD9FGkl1nbstEaEjjX6qyzmTDvl22QPFzzumOLnrscBc7zcH3WiNSRglqHnCFqLjsneBK/gbI7YI2gEDfvunCoZGDvgq21EuDlMbDSNP943dFAjjOcgYUSWqmd9LtkMOf8AicUmdq9Guuhv8ia6rj4ZyEB80j8gnZBDSN09Z5XNmyGnjHobgpYKKWgdlzAVZch0YKIzATU8tbyhulABUHKSR0kDumumI4CjyP1HbKQODlTBN6DMNRMfKMhTKaiZAfElcCfRRYZpW/QMIwZO85JO/O6phx/ZNfXwwjDXEk+ijPraqc6W8dk+KnyBloypUVO0HOAPVBjI5OcumQxHUu3kHKM2kGxU0hoZuOFHkqoYh/MdhGosN8fkIRCPGUTLQPpxhVtRfKaM6Qcn7quqLnVTeWM4yq+MzXayEHtj2XzqqGIEyPx+ag1N+p4vKzc/dU/yVwqzqdkhTKaztYNVUFWzngzT1F81xwgNReKypIbC8tB7ITLbXVTtUkhwe5ViZLbR/SASq+rvTn5bAC0LRXVk5+ovphHN08v9EqK2UdPh1U8DT+6K+82yjb/ujf5g2BCzs1RNKSZHk5QGx55CeqTkWeVwsUpIsqq/VtUcSSHHsVGMhk3dkqPo90eGPXnZX8aM/wDKtvf3sc0c4RG7Ee6fBA6R4DBueFtemfh/XXSRskseAhwo9HU0Olu1MsVozdvttRcJGxwRl2Tg+y9M6V+GUkbhU10TQ04IyttYuirbYYW64GF5Gfz9VbPqG50tGwQSake78Z4GKxZqPyA0NBS2+IRRQtBHcBPd3JK74o3KC7VUHDQkzyj1MKFBYj0J0zj5WjJKfTU1VM7MmAEekoSw+JKM59eyPK8MAA4QDYrAhAI2+bH6oElQ2IbYPtlBqazRtk5VTUTukOxKtICdiSwSqy4OcNDFBZE6V25/Up1NA+d2w45JVpFSNhAcR29U+MUjHOe4jQUWMOHZStDWNyTgBEkkZEMYA/NZ653wAOpqc87E5UFKWCxr7tS0MfiB2s+mVla+8VNY8vJ0tPbKC7JyXOyhshmmOIoyUtvgW27HiIN5Lzlx3Umjt81WdLGZCv7P0hPVsbPK0j2IW1t1gpaGMFzASB2WSy/Yx9Whst7MhZuk3uIfJH+y1dLaaeia3yAnCsJaimpG6SA3ZQNVTcHkU7P5fr6rHdq4xX3Hd02k+OOEh8tV4bdEZG6DT0VRXzaWDbvkK3tfTrnSiWZv6rQQUTYto2BuPQLk6jXNv7GdenS5WZIo6Lp6NhzK05CtYaZkTdMceMKxZTZ3wuSPjpxkY1emVhlqJz/I211Rh0gDKRrm65xgc8pGamjaBGAT6IscVZWtDdIa3ufZSI7bFC4P05I7JMrcDlHJBipqmpfqcDj0U6Chp4t3k6lKfKIQNhhVVZci4uiphqcP3SpTcg1DBNnqYaZpBOPRVtRXz1Xkgkz+S7T0lTUNEtUeeynxUsFOPK0ZQ5L4KplvlnfqqzlTI6WlpsY8p+yPLUQxnEjw37qsqayarm8GiZqGcElQAlzVbIm4jIUMur6p2GcFSobQ4kSVLwXegU1kbY24aMYTFDPItzK9luOz6kZKNHG2IYZwu1FfDED4j/3VFX3UPy2B233V4AbLOor4Y2kOI291S1d3Bz4T98qDLNJNnVk7eqBHTOcfTKangCUh0tdVTHGrAQjC+YgkY9SprKZrBkhPBY0YwjbyDtbIcdDHy/AIRmxsj3ATZZmg4CA+XI2JUywZRwHfUNAI2UR8xdkEJulziniBw3wqA2sCS4nK5ghSdLccJaRzgKOWBihkAQhhhKnR03ibDlSYLRJkF/CXKxInx5KpsJkPlblHp7bM52Q3GVfw26OPA0DIUgx08Lcubv8AdLlekT48FVTWgEfzhlTWUlNT4IZjHcodTc4YRpjBcfRVs9XW1ZAYMBJlfwGopFjLW0sJxqH5Kuqq+WY6aYEJjaSR+7xupLKTRjyrPK/D5LwivDax399uCntpCdyMK0FOT+FEbSd+EEryYRVihH9OPzRRRgYwOFZilGPpT/ls/h/dJd3omEVjaZreGj810QAfhCsvlP8AAP1S+UP9AV/Lkp15IIhAGdIQzGO7ArE0/sEP5b7K1ZgnxFf4Q/oCDJGAPoH6qzNMfZDdSuxsAmqxoVtKvQEN0Y5Vn8o5xHlRYbY9x4TIzyT4slKKcux5U+O2eIdhhaKntrXFvl27qebfDC0EDb1T4vIOxLszMVqIIy0o8sFPA0E4aVIr7tFSSGOmIcfZU7xVV0pkm2aeydEktq6FUVsTR4dONb+wUB3zVQ7+c3Sp8dJHCctG57ogaNgey0wlgTKO4rhRZxqKTY2xZ2ClyOa0YHdRJRjfKemInAHI4OO6iye26O6KSTYNSZbZ3ZLuPsmqYmcJPhIgPl8wAC46ComwGDGfZW0VthYdThuuvMETcF2MK/lFfA+5FZDbHkh0wBG665tLT84bhGmfPKcQN2TY7Y+Qh0+cqfKi/ha6REmrCTpgchNo6uc5l4Ku4aCniGdAJRNmDYKfKg46aT/Lopf4PAMF4yUcUcUbQGgDClu8xwBugvic8I4zyM+GteiPIQ0aWgKK5srj5jsp7qYgg4/dOMIIA0oxM6l6Kt9M5xy4rnh6O3KsXQ44CDoHJamR74Mk60uyCWajuFwxAtGThGmLG7EqHNPFwHEla4dGOxKPQ4xtGds491Dme0EDZOfLUE4iGQUJ9MXbzBPSMlryCnf/AE7qBJ4sm2lWggjbwEMwtcNhhMSMk4ZKk09Qdy3ZCMB5PZWj4DnlDEBCYjJOuPsrjF7IToRucfmrTwR3GUF8YGfKmKOWZbEiv+XL9gmih0jMuPZSHStYcIL5y8EALRCD7OddOMSNLBG3OQAoMrWgnDgp00b3HzZGQg/JwjBLy8+i0xjg59s93CK88pAA88KyEMA28P8AdNdHCfpjRbWZGyKwUDR/Nfg+6KJLYNy8JSUcD9y3hNNHTY+nn3V7SlKSf2hRV2YbF+6Xi2vs4KM62UueEvkKUnABRl/JL2iT8zbO2P1TPnbaN/DafySgtNI5wDnEAq4pum7E7HiTy+41JcnguEJ2P7GkUZuluzgU8f6IMtzik8sNLj7DlegUfT1gdG1jaNr8d8bqdDarTTY8K3tz9kDmalorcfdJHlRfVuOW0bj+qZiuxvbp8f8AKvYBHbmgYt7Rj2RRNT42o24+yVvGLQr+pnjYZVHmkkH3aUiyYcwvH3avZddJt/ubM/8AImE0X4qGM/8AgCm9hw8apcxkeO/zG8tcPuuh5G2r917F/DrJWDEtHED3GkBQKrorpyqJxH4Z9Wqb2SXiJtZjJHlge93Az+a5gAklnPqvQ5/htb3/APZayRn3VVXfDW7Qt10lTDUDktad8I1PkyWeP1EP6cmNfAHbhuCgyUshGwV7U9M3umGXUUhA9AoJgqICWzRFhGxBTk0ZJaexPEotFU6KrB8rAhfzW/3jMe6uNWeyG+MO5CiwZ5UFY4QH6icpjou4cFPfTNeCQOEFtO/1wmtIzzrsj6IuXDZO8RyKac+iZ4JzjP7K9qFvcuzrHNHICnU9wq4WhsVQ9o7AFVzmuynt1MHqieUSFko9GxoOsXkMirYy4gY1g9loKS5UNWAaWraH+hOCF5kJTkbI8TyN2kj7FX8jRpjqH7PZrb1bfLWQ2o/3um/pcMkD2WttXV/T90Gl83ysp/C7jK8JoOq7pQtbHrEsY7P3K0NN1LYbkGtqgKWc98Y3TVI0V3rJ7e2ASMzDIx7HDYtOxVPW9Pt8T5imLqebkOjOFi7Verra8SUVZ8zAeBqzstnb+sqWqa2OqjLHnnIwE9SHOSl0Rp7jVQs+UvdG2shO2sjdU1f0ZR1rTU2Gs0v58F2y2+mhr2fy3MdnsVUV/Tz2O8WjeYnDcb7JsLMGPV6SrVQ22I87FXW26V9JXRkhp0uY8bKvunRVFcg642GXwnu3dFnh3fZb+pnnwYL9QMqYgMB4b5mj7qlqLVCHfM2SqLSd/DJwQtcZKSPJarxEtP8Ai2zyetiutmmLKuF47Z7FSqa4RzNAD8O/Reg1cNJc4XUV9o3A9pGjcLH3z4eVtAPm7PUCpi5DQfMAr3bGc11tcE+zdS1Fvdpnc6aI9ickfZbChvFFXsDoH792nkLxyG5vpnmGsJY5pwQRwrihub2kSUcrQfunRtT6YmVMj1J8DJdy0H/RSbffJ6B/ylfl1NJs17fqZ+ax9o6qcNLK1p9MjhaIltQ3UACHfmnKwy26aNkWmjdW25VNrljq7TP5D9QJyHD3Xodp6jtfUDflaljBLgBzXdyvB6W41lqeXQnVEfrjO+3qForddKSvAqKGoIlbgkNOHAq8o89qvGTh0etPpK23SF9uk1QE5MLzkD7ZUqnrIqhwjDgH+ndYywdcmD/db05zoxs1w5C181HS3CJtXRyBr3DVHLGf8005Dg4cE2elimjMdRE17HDBa4ZyF5B1p8Jqiy1EnUHw/Iha5xdNbSctd/8AS/32XpDLtV27+XfGhrScRyt3B+/oriFwmY2SMgtcMgjhQuq2dP49f+R899OdXzzTscHOpqyndgtJwWu7jC916H+J0Vxay33uZragjS12PqWT+Ivwtpb/AAm89PtFJdYAXNfz4h7545wvJaS7VtBcZLNe6d1JW050kk4DiO4UNsqq9VDdV2fYpLXYLe4yhPOleQdDfEyaF8dvu02sbNZITvj0K9aiqYayFs8Lw5rhnZAcq2qVUsSOyHIzwobnuJU130lQ3sdqOygvA3AflrgCDyCvKfiV8EaW6PkvnS0fy9Q7Mk8OMsPqR6fZeq507rhncRg8JGo00NRHbJD9PqrtLPfS8M+ONNZbqt9FVwujlhdgg8hekfDj4p3vo65xVNDPhhw2aMnIlbng+43/AFXpfxB+HFr6wozKYhHWRAujkbtuvnq8WO8dK17qS507oyw4Duzl4fyvhEk9qyj619M/VEbZJzltsR999G9Y2jre0x3C3TsFQGgzU+d2FXun3/ZfB/Q3XN76ZrmXG11GJGHI8xGF9dfDj4o2zrukZTytNLcmsy6NxGmT3afX2XyjzHgJ0/6kD7x4T6hqvgo2vk1s9NFJ9Q3KpKl89skBcC5mcD7LQEAuOFHqaaKojMUrQ5p9l4+dbiz2dVn6IkU5cGuwPVWEU+WgFZeolqLHOGTgvpnHZ/8AT7K3gnjmY2WJ4c0jIISzQsSRalwcMbKOYpaN/wAxBktz5mobZHEjKnRytLQ13dMJyjuplZDlhGcfoorC+nf4bhuCpRha3+ZT7O9PVdcyOob5gA5UC2mjsNRqG6e9pD2VEONbDn7j0UBgMUmk52UqKbYBHGWGC4ezP/ETo5nVtodXW1gZcaYF0ZO2/oVm+kupTJTGy3WJ8c9L/KfrGDge3ovTYXBnsDysd1t0n4s0d+tUeiqjGXBvDwurotY638cumZrIe12eC/2r/wCz1S/E7pl/WXSjMdQ2yINaS7zVULR9AGPrbvp9dRX51zNqaOofS1EJY+I6SD6r9ebNeWPa6GZvlPlliPY+oXyv/bV/sy+D43xf6GpWSRFrpbzBAzsMEzNxzjfV+S974TyPwP45vj0eD+p/CfyV/Jr/ACS6/Z8ZxSk4Uhrs9lXxPAcApUbwQvdwuTSaPl04NPBKantyHDZAG6JqWuExWMEhpGkbhOUUE55R2uAGCUwAKeFFPKlHhRiDlQgNObyE1dacHKprJM4Ra2l58YAjGyt4yc5zwqKgeGzNPCuojg+qdW8GG5Zlk2XT9UDH4ZPIWgpn+G8OzysVYajRUaS7AK1zeA7OMLpUvKPM6qvbNodeTqa5w4IVfYXHXz3U6vBNNnkqvsxDZAD6p0iQx8bRbV5PitOVa2B3l5VZccOaSO2FMsDsDTk5RxZju/A0VaSYt1591X/ftXoFZ/dYXn/Vm0wKuzoHR/7iIdv/ALg/ZWlqeQ3SCqahmHgOGPZWFolxK4FYL+j1fj57ZtEqYnxnbpRbPBzvkJs7wJne6Y7fgrg6/wDA9r4+z7zXMHiUYx3aq6E6agxKyoBrtrSecKrcdFcD2XlbnmDPoGmlugi6sdSaS9UzycDOCV7pBl8bHjgtBXz7rwQ8HBHdfQHT8oq7PTTHktH+S8r5irMFI9d4W1qWwmsOcKTCOChDlSIuF5ZdnrFwGaABgLq41dVMcnwMlbqXmfxptbKnpkzkeeJxII7BenkZWU+I9EKrpesYRnETitmhs+PUQl/c5nlafn004/2PlNvIKnQ4ewAkcKC7yOLDy3ZGp3DVjUvrFK3JNH5+1axJoBcIgCS0dkTpq4fJ14a47FSaiDxG/kqAOdFUagcEOQ3JbcCtPZ8c1JnsbWR1tHlu5LchZwtMFQWvGNJVl0pO+aiw92cNCfeKBxd8xGPcrhXpo93pZ/LBSRY2CvMUjWl3B2Xp1qqRVQtdnfC8XopiG8bheg9J3Zrmsjc8enK895HTZ+9Hr/GarMVBm6Y3blFaUKENc0EHYooGF525YPRQfIaPZ2odlf0DmzQgHkKgj5wrS1yeFMMnYrLzk0YWCwlYWkDC85+Idmb43zcTMHGXL1CaIOAcAqTqG2tuFvkwzztBP3C6GkucJo5mrpU4M8EloNM/iBuMhDlgyc6f3WmqaHDiA0YBIVVUUz4yQW8L0leoyeR1mix98EQaSQmN9Oeeye1ukqMwlk+Qe6mPZnBC2KeTiSrYGuJe3PsplgZT1dPNQSjzOBwokzSBjGU+z1DKO4tdIPK44+yOLFTXA7oCqEVXc7DU7GKdzowT9QQut7Sy52aspZIw5zQSzPYoXUIf011/Q19P5aWtaMH1PfK0dzayXW0t2kyf1WzT2fHNSRy9ZHMdjPjqohnobhLSysw6N5Cv7ZVa4hGeQp3xPtE1qvz53sGiQncBZy31Wlw919A0Wo+SCkfNvJadqxmoYc7qQzG2RlQaNwlYCFMaF0U88nBujh4Dog5Q09QUGZjHCM1R2orVaTA4CFjXjS8Aj3VLcumy9zp6JzRq3LD/AKK80+6I0e6LAUbnW+Dz+alnhfplic0j2Q9PuvQnUkE396wO/JVld0xTzAvpyGvPbsicvRsr1i/qMhp900s75VpUWW4QF38kuDeSAoTo3DILd1Sjkf8AyIT6IpbjumqUWAn0XPCxvhRxaGxnkFgpAEFP0j0SwEvlDeEdY4g5B3Cm090ni8rnZaoSSbG2cX9oqyCmjR0d4gfjW7BVsyeGYDwzlYVuxyDurKirquPHlc5o9At1Goln7jFOlI18TGk5OEbXowAFQ0l5ZIdOrzKzgqxLwOF1ITUlwZJQlBk9sgcRspcbWOxuMqvbMDgYRQ7UMgrQssOFv7LBsMZHOU7+H+Jjw2KG2VzMYUiK4zxHY7IzVGcGF/g7iAdG/wB1w2mo4BGEVt2IwZlIbd4NstKg+EaX2RP4TULhtU4GdlYi6U5G+BldbWwE5DlA3Ct9Iqv4fUA/SniimGMtxjurhtTG/wDJE1sIGDj8lC1CC6RTtonDfR+6I2kdp4wrPyc6QujT/SoU/wCxWikdn0UuOld5dz+qlCNh7IoaOVWReWmDDHMG6KJXMwMZTtk/yo8sNTzwcbUvOMhSA7IzhA0j0T85U+RhPAYPOU/UQMkfuo6fkqfIUEEhP4U8EZQmZOUoyc5J4UVmRgcSeyID3UdsozjCKN0zcGP8Qei74vshro5VpgSntHeK7OwTw6YjeTb7JrQBg4RRIwfhTED8g3S/uP3S0O9EXV7JZP8ASUOGR3Y7BgegXQfQJ7iADqUSSZrThnmPYZV4x2Z7tZCK5ZIA3Qp3DnIRKK3X28y/L2yjke/jyjOFfUHw1hpZRU9UXoBpGfAp8ud+fohdkYdnI1Xl4Q4Rkpa0sBDG5PCnUnSPVF2YKiSM0dMRkSSjAI9lvGRU1qDGdHWCMPHFZVN1Efl/6oUvTFZe5Pmeo7nNUk7mEHEY/JBK7PRwtR5Sdv8AgyVvsPT9JUj5CCW6VhH1vbmH75WrpemKq4v8S6VRjY4D+TFs0K9obfRULGw0lOyNreA0YU0hpHCXK1s5dupnLoj0VrorZEGUcYaT9R7lOnGSPVOcTqO5TTvygy2Z5WSfY1vdMOwyUQuaBknZQLncaemiD3OzztlBOWAYpzeGMr62KmjMkjgAPfleZ9W9Wvme+KKU5Poo/V3Vz5nvhil34GDwvNbncHzSYDy71OUOcna0Wiy8sNcLm6Rzmtdkk7lQNZkOSg7uOSERoI5S5zSPTaPRbmkg2NAGRyuHnfZI7c7pzQH4JWWcz0tFCgtqONDnFSIo+E6OAuxsrGmpfpw1LOpRpmxtLS5Iy1XNFSgEHTjZPo6TYHQrenpgAMtUO1ptNjkDFBpGzUXTpGFJ8LA4Qy053QyeEdGMElgR3GFDqp4adp8V2EasrIqOEyyuxjgeq87v9+lqpXRRP2PdJbMuq1UdNHLA3+/vqpXRRP2BI2KowSXZPJXNBO57pwacqjy19srp75MKAAMqPV1ALNIKdPUCNmAFVuL5H84RpZ4MV1qisDJQ97991JpockZCUcWe2fzVhSxDI8qdGODD28sUFOG42RpXaAGtRHBrG4CGyJ0rlqjHIuyeBoa55BKlRwgY2RoaXABcEOomDSGxnjutEYpGac2PIDGqO5xf9k3XI/6iigaeyPsRKWBYxyE5o1FIAkp+QwZwmYAHgBjd1FlkL3aQNk90urYArkTd8kKAiiZwXd0dvlTXMJII7J+oNG6hB7gAM+ihVVUBsFyprWgED7BVx1zOzlSUv0MhH2wrpHSuR6eAly5BTuxkqRqEPAz7IVzyXOXpBmxhoHZcmkGA1qjvqC4jsoVVXeCMg5IQWcErg5MNO8O8ziAqWqrSHFkLgAO6DV3SWQ4JwAoLiXHnC4+r1n9EDdRVFcsK+WZ5Je/KGOUsFPHKwN78ZNfEegjWNxnC6WgcBJnC65RcFo6uHhNSTEKOEHKQByn4CRAwrLOjGMEhdyB3QTzyu4ciU8FpZEXYSAc84AwiRU5cd1YQU7W42S5yyaadO7ZJAqOhMpDnDhXVvp2tOkDCFTNEYwGZzstNY7GJ8S1G2eB3WO55PTeO8Y1LhDrRa5a6XRGMY5K9L6dstPRwNIZvjc9yVW2C1QwvIijwTsV6Z090+XBk8zMNbwClQie/8V46TSJVktLQ1ssrPKN8K9IyAAMAcLpHhgNA2T4mE8hVM9xTp40xSigUUWTuFL0DAA2wk1gaMBOQmkSSSWcKtyYzIkzxD6LhcByhiQOJGlWVOzaG1Ag52UKtrYKGB007wAO3qnVE4HA3xwvJOq+p5rrUOpqeQ+A0kEg7H7Jlccs43kvJR0kcsF1j1bU3ipfSUshEbTgkKhpaIHd+xRY42cuaF2WqYwANC2Qjjo+farUSvnvkya0NY0D0CeCNxlVzKgu4R4mySH0WqEcmVNslajn1RGku7LkUJOMhGiiwc44T4xyMwxNZ3IRmsGEgA3f0Sc8EHCk44IkIkN25XAS7cDhM0ue4YR8iJoJHCAcoZOtGkYxlVtdViOTSCFOkdUP8sLcbKO21RvOurbqce4Kg1VsrTwo+XA8KQuYC1NZPzQDwUkby4QTyltYIJJJJUGMSSSUIJJJJQgkkklCCSTElCCSSSUIJcLhjlcLgRhDAPqglLBDhJyuJJJMpZIJNTiQEN72sGXFQZhjkOQj1Qn1sTAdSgT1omOI8oZSyXGOSW+qiiB1Hsq6prRLtGuFr5TnCLHRY3clWT45NNdbfSITg6R2XbpwiOOP3VkKEkZwiR0BfwscrcPk6Gm8bqNVLbXErWRjchqe6N5xkYVvFbgPwqSLc1oDtOEqepUej0FH0vbN4sKRlG9w3aRlFit2HA4Vx4UUY3GMKLNW0kGRqyVjs1U2+z03j/pamnDksgRRBnbKc2JrBnSo813A/uD+qgzV1VMcB2Fku1Oez1NPjoQ6WCxmkYwYHZV89UQfKmBlS/eQkgp4pDyXLK736NcNJGBHNTMdjumlsjhupgp2A8Bdf4bBu3P5pMpOXY1VKJWmB+SkKYg5KlOkY08IDq2HdozlL25K4idbENtuEtTR6ZCjyVMmf5bdih+HPNu0Ivhm/QqV8YkmSsjZsSgOrHu+ggJ8VBk5nAKOyjgZw1Mjp/wDmM1mql/SQy6rdw7IK6KVx3ccFTmta3Zowu4HomLTSf4mO3WbfzZEbSDCc2FrTwpKc2InlOhorDl3eXqr6YAMOAAMfmnMp3PcO2VIbBpIyP3UlgawDATloZds51nm1N4gAZQA4JH7qTHThg8uE4TD+ldDs8FItqVUTboLLNZLGDoY0JacJyWCeAubOeT3Wm0ihFJDDg7YUqlo3zHduxShp2NAfKNylLcDEdEGwHdY7rccHY0+n2YlIsWRUdANUmMlQay6GY6IchoUJ8kkh1OcTn3TRsszk2bFLH4jna5Han7ld0ADhIvAHCYXuOwGVSi2W5fsQOCdk06nuDQN1Ip6KqncMRkAq5o7aKZuudgyU6uvkTOz9FfQWp85zKzAVvS0FPSnLWgn1RDK2MaQAB7qnunUdDb251l8mM6WrXCoyX6mFa3TeEaRpaxp4AVNX9UW226/EmDi3j3WIvHWtdVReDTAxDfJWcke6bd7iT7nK116ds83rfPRWYUcmgvnW1XcJHsonuYx2xJ7rNFz3ZL3lxPqU0NDdspj5dHAytldG08rqNbbdLdYx5Y3OeEx7gwbbofimU4HZEZFn6u60xijFPVxXQMSukOAEWKklk3HCNE2mjbl2AU2SuaPLDv6qpYQMZW3SwhzYWsPnIymumDNgFHfI95ySutweSlTtwdSnSpfkPM7jsm4J3XF0Dus8puRtrpjF8HcBdxhPH0hNLggwalFHcD0SJwuOqRuFHdMDtlDkvKQUvA7hDNR2wo7sk5ymjUTwqB384DmYlBMjvRFZSudggKXFRnbYBGMhByIDY3u4ClR0z9naVPZSN28oUtkDGAa27KdmmNHtlfT0wdtjJCmx04I3GF2WroaZp0/UqyW8SvJbC/OPZC1uLlOur2WrRDDvK8NwolTdaeAERnUVVOlnqz53ZThRySkAMyExRxyZp3zfEDs13qZgWswMhQmwXCpeTICc8K0jpKWMBzxuFyS400I0sdujWfRjtksbrZEeGzA4dUjAHspZFspMEOGe+VXVN4mcNLXbFVU7nuOSTk7p0KHP8jm3+Up07xUsv9l7Pe2xjTTkKoqrnVzkgv2KiOBPCanRojHo4t3k9RdxJnHF7zlxP6rmnHZEwEsBMdajwY3Jy5Y1dantGoqRDCw+ZzVa6Dqqc3n0DhhMjsYVtbbLNWysp4Bqe/gK46X6Mul+mjFFT+Rx+ojbC9w6S6BtvTsAlmbHNUO3LiPpSLJYPY+I8BLU4lJfb+zK9HfCzwXxVVyhAawZ3HK9DAt1sYI4mMYG7bBNr7qY3GCnOw2JVU4ve/U85ys8pZPpGi0NGkhtrRKkrJZpHSOPkPBUczt/DvnlNe0uZgdlJoLXPOPEd5Akb2mdJROU0UlTKGgbDkq0bRQ07QQd/fuuvfBSwhkfI29yVElqZJPrdsqb3BvhBpagFxDOAoFRU52Q5al2otjO3qgwU01ZKGAHCOMcmeywbI4zHAIKNSWuTUHzDYq0pbMyBwllb9KdcLpR0UJkdIHOGwaOSVbeDLOeewUkENLD4gbgtVLcL5A1mlh3+6rbj1DU1cj42NLQfdVjg6TAxv7o8oDDlwg1TX1FSceIQ32KiRwOmcADz3U+js1bWyBkUZI7n0WvtHS8cTWOeweXkkJM7YwWWFXpZzfJnLZ01NUEGRpwD32Wrs3S8dO8SSMAA9VeQ0MMAbpb9IXamvipxpc4NIWG7V54idXTaLY8tBNDYGHYNAChG4M1FsZ1IdPDdrvNpa0Mpxw4nlaa29PUtOA6QBx77LjX67azsU0vpFPR9PyVp+YrnHS/cNx2WgobbBTMDYY2tA9Ap3hDAaBsOEQQOaASFxr9RK2WWb6accggwBEaxgBLjjHdBnmZC36gXdh3RKWkqqlgfUO0xn8Pqs/yo1YI0k08jtFGM42JR6a1YxNUEPkKtIoIqVnkYAFBqrnHEdLBk9lTlksksa2FmxwAq2uuUfERyR6JZrq8eH9EZ5PqpFNQQUx1BoLjyULYcW0QYKWtuDWvqHaY/wClT4bdBT4LQMjupJc1gAA2Vdcro2lk8L8XbCtPJeSQ/SzdzgAqye7CSQwUkDpnj+ndOp6G63PDqkCKI8gnkKzo7XS0JzEwA+uEwXKWSuprJU1eJq8hudw3OcKwbRMpWhsbR+Q5UqaobAMuO6z11vrmOIj3xycq0AWNRUiBpJ4WfuN9/BEPvuq6ruVVUO2ecFQ/Cc8guKfGPAASoq5Kl+p4TGAv2IwpEVNtktSkaGnACIgNkWOQikNjAO32QzIwDJPCjTVbeGHOFBbx7JE1QANsKHLUnBGEJ0jnnBRI6ZzsOzyjyECMj3u4RmU7uSjxU4Z2RQzsglNRKUcgWxtbwETQDgKQykkeRpGxUyKjY3BcNwlSvSL+Mrm0j38NUumtWreUDf8AZT4mRtBwBsgVFxhacF2ANkiy7JNoeChp4xswErk0sNM3LnYVXPdp5Dop2HHqhinqajDpng57eiRK3ISeA1ReSHYpxkquL7nXVB8Q4aeFcU1mb9RDVNZREEYAASZ24DUclHFQvOzxn3U6mogzYK0bRtH4d/uiilDTnCXK3KI44K75M84/dPFIQcq0FNtxn3TxTeyzysyWoFWKbAxpThAfRWgpwPwrogH9KHcWq8ld4A7t/ddEIBzp/dWYpsfg/dI04/oVbiOtorxT4/D+64Yf8KnfLHsNkvBI4Z+6JMHaV5hHqh+A31/ZWRh32KYID3P7JqbZMFaacdgnMo8nhWbKMHkqdT0LcZwE1Jsm1FLFbm5GQFYRW2Jo1FowOVJq56O3Ra53tB7D1WYr7/U3F4pbc10bPxvPotEIsGWIk643e127DW+d/o1Z6qrrhdHO0OdHCeyfHamsk8V7tZPqpbGtY0MwBhaYIzSW4qYrYyM6tOXepKM2PSNwprg0HZRJJQMgBOS4B+PAB+BvhRJJBjACmiN0mRjYpMtjS7OEzKyDtbKmTVK7AR46HXh0myt20MEQDtIyEOR8DRudOPQI/laL+L2Qm0scZyQmy1LWDZPeZql38lmWdnI0NrGzpTur+Uv42uCqeamZ2mJuycy2vJDpufsrxlG2NvlACYQDyi+RgLT5eWVrKER8ABdkaA0eylytJA0oIhc44cFPkZezb0ROTgBMfAX7cKybSMaMtblO8DJBwmJ5BZV/J9yuCADluMK0kia0b8BVlTX0tPkSH7D1WiCbM85KAJ8KDUPZHjUQo1TdJn/9niJBUXw6mcapTse2VoUPZjstUugk1fTs8o3OFCfUTSf3bNlKbQwDcjJCa5jWbDATYmKeZdkN0Uj93nBQ/AA2wp+gngJvh45WqtGSxMgiLTlrQmuidjcfup/hj0TC3C1JGaXBB8NBI3Iwp7mtbnVsFBqa6hpW6u/plOhHJivtUewZjIKFMxsTNTnDCiVN51ginGn1VW+onlcTJImwrbOZdq4LpkypuMEZLWnJwq2etmmOM4BTTjOSutiDsY/VaoVYOXfqJS4TBnXkEnOU4A44R/BbjcJxfFEPNytEYYMM555ZFcXH6gh6d0aWpYD5WhRJZ9saU2McmZ2YCkt33CCZsbYQDO4lNzlpKbtSQiUsh3zgDhAM540hDcTq5XRwlNAOZ35hy4Zj6Jp4Qi3fhRcFb8hvnH9sp7a6oxsVEGy74rf6UMobhMrHF8FzSdS19IRocSB6lXtH19C0D5ul3HcFYrxW+i4XAnOlB8QyvWWVPKZ65b+qbJWRtzLHG49nBXlK6llAkYYi0jY7LwxpA9lYUl8uVK0Miq5A1vA1FL+M6+n80oL/AFEe4QxU2caYv2RHUtI7bw4j+QXmFr670uDLi0kcZb2WvtvUVqr2tNNVtzjhxwVXxnb03kdNdHKL4Wqkk38JufZcFkjHDAM8IEc9Qd45AW9lIbW1GMFyW44OjCVcuUgbrLJnIwR6YSFt0b+Fg+oKkR1kxOC5SRUAjzHChojjHCK40TDsWk/dR6ix26sAZVUkcjRnAI4V0ySkOxl3PbC6+nafp790XJbrhZxJZMZcOgLFWQ+HFEYj2cFnq/4XaGgUdTk+pC9UFICM/wCqC+AtKpNmO3xtFvccf4PCbp0VfLUXOqKRzox+JoyFSmlfE4h40r6RdC5w339MquqOnLNWHXW2+Nz98kDGUXzYOfd9P55rZ89lke/mCD4QXsV3+EtnrnOmtznwSHcNzssjcPhX1JRhzqYMmDeBlRXnG1Xhb6nlxyYZ8QJ2CcWYUust9ztUhjudvkiI2zjZRRNG84bt909XI5V2m+PhrA3QBxsu8IwaCAQOfdcMbsbA/oic0zK62uhuQuFoPPZMeHMIT2yb5worMC/uROob1cbW4GCYlo/CTstRZ+vKeZ4Zco9Hq4DhYzWH7acLggAPHKarhkbJpntluu1LPpmtlcHDGRh2/wCi0lPfJsNZVNB9188U7quje2emnfG5vGl3+i1ll67qYS1l4BmA21jlOhblmqFyawz2kmkrWb6SPQqrqumIpsy0rtDuRjuqe0dVW2ua0QTDftncK8jr6qIh9PI10X9Dtj+RWqNnAaipGXuVurKZ3+8McQDsfVRGzui+g/cL0ZtXRVcXg1QaxxHD28/mqm79G008QntxEbyM4P0lOjPPZyNf4hzi51I8/vHTFi6jhwImU1T3kDcZP3Xn136VvfTEvjRxGeAnBc3cL1Genmo5XQVEZY5hxgjlNbVh7TDM0PYdi124wjzjlHmZVWVcTR5ZR3mOU+G86HcEOV/brrX0eH09QXs/occhWl9+Hdru7fmbLK2jqgclrh5H+3ssTNDfOm6gx3Kjf4YONY3afsUyFvImVWeUeoWu/Uty/lPHhTAbh2wP2Vg2JkL/ABYS6KTkOYcFeZ2+5UtaMxPDXffdaSi6jmo2NhrWmRo2Eg9PdaIvcJlGM/tkj0GiusdWBDUtAmA57OV3aepbtZ5QIZS+HP8AduPA9lhaaqiqY2zQvDsjY5VhS3CUODKp4cDs1w/1WiMsI4us8WpPdWe1WnqK29QRGHA8XGXRSgEH7Jz6a62gmotL3SgnenJy0D2XlNPO6Nwlglc0j8TTgraWLrcxNbT1jnHG2opkVk4N2isrfRubXfqatjAkIhmGzoycEH7Kq666BtnXVAKeoxDUR+aKoY3zNPv7eydPSUV5hbUwkMmAy2Vmx/PHK5R3+qs0zaW7OBids2X/AKo3HBjrnOiWY8M8DqWXrou7ix32CQlh8k44c3sV6X0P8RprXKA+Yz0zsBzNXHuFvb/03ZusLY6mrI2yRvGWuaR/mvBL10tePhxX/wC94qaCUkMlYc6R2ylYZ0IyhrV96+5H1Pab3RXinFRSvOhw4PIUh7W8hfPXRPXj7ZKHwz+LCT5mZ7L22zdQUl3pWVEMgIcOM8KGC2jYywlB7KNu0+6lnBGUCVueB3UMrWBpGFS9T9K2fqekdT3GnBkI8sgG7VdvcGjdB8TVthJsqU1hh12Op7o9/s+Zur+ibz0LcXU1QXPh1eWZrcNPspnT/UVfb3skjncwgjBBIIK+g7paaC80xpLhAJGEHHqD6grwvrDoev6VrXTQRuloHnOsDOj0Xk/LeH+xyr9n0j6Y+qZRnGnVPn9n0h8OPjFRX6CKjvlQ1tYQGiQnGv7+69R16xkdl8KWm6SU+l0Z3G7T3Xunw6+LFTSQx017frhIDWuzwvkfmfAY/wBSs/QfhfqSueKrGe31dJDVwugnYHNcMbhZOR1V0xVCN+qSkefKf6VpqC70typm1VLI17HDOx4Tq2kp6+B1PURhzXD9F4W6Dg+T3tM1PlA6SqgqoWVEDg5pHqpYcRj2WK/33pOt0nMlA87d9C1VJVw1UIngcHNcM7FKxg0NZLKKbSd8KQ0tfuMKrBJ/JSIZtOEfYDgFqGAnUOSECN5a9STI14wdlGkiPICsvJLa8PbsRnCLDKJIxDUDW0KujeWHCkxuxv6q4troXOKaMR1PYHWW4G6xOzTSnJ0jj7qb05drdVH+C3uFs1DVtLS14y0Aha2eKnq6d1NUxh8bxggrz69Wd1rq3RRZMXMee3suxodW01CxmOypSPhL+2F/ZkqPg51V/tH0xC6Xpe7DxInNbkUz/wDuyffO32K+dYXnYFfsN8lYPip0bWfDPrpgljqo8Fzz9Q349Hj8P3K/Mb+0B8CL98DOtpbPXAvt1SXSUFRyJYs7Z9wvovhPK/I/jsZ8x+pvCxpk76VhezzwHbcp6jtcMjdEacjnK9nCWTwUo5JOpEB7KMiA4WiMsi+iQ1wxuRlccG4JGMoW6WT6poAjzskkkoUyVC7Q4EK9j3jz7BZ5pxur2CRskGR3ATF2ZL/RYUz3RPEgK3FFIZaJpdu4gLBQgnknZbOzzsmpGsadxsVuplhHE10OWy0qC19Gd+Bgqnt7tNRpzhWXDHsPdUsbtFwI7J7kYYReDRz+Zoz6KRZHYqC3IAUZx8v5Ltqdpq9yjizPZ00a+Uamj0wsB1Y3+byt82XLRt2WG6syZDt3TJvKF6VYtRnqRxax33VhQT6JT6qsp385HdHidmsBzgFYLnuPR6SWyWS2mlDpNQXWvyPVR5nYI2XWyADdcTXx+zg9j4y7dYkbiynxaEDCh10Ph1WyL0zN4lIcdgn3SIZ8QjjheTt/5T6RpPwRFmLhTuwd17V8NbkKzp+Ma9To8NI9F4iH6mluOy9M+D1axzJ7a0fzM6vyXB8pDdQ3+j0fi7fj1Ec+z1KPcqUzhRmAg78qVFwV4rOEe5T5yOAwupw35XRs4YS9/I5dDdJ9FBu8LZ6GWJ7Q5rmEEHurTAI4QJY9eG4zlOqnsmpA2wVkHH9nxhf6V1Deqqn/AKHkfuosUha4FbD4pWo0PV1aPB0Bzy777rGatyMcL654q5X6dSPz15yh6bW2Q/uWkc/iMAIyqSvp3RzEluxOcqfSSBrgCEe4QiaAADdbLoZRyIPcF6TvFRS1IhdL5OwJXpkgZVUYkYPqGV4tSyupqlrgcYK9a6XuLayibGTvjZcbV1JcnsPDajdHYyrMfguIxyVa2OrEVSNRxnhcvlD4QFRG3buFVxTEHZcbU1qcdp6vTWfFLKParJXiopm75I2KumtyAfVeadJXctLGvd/hIXplLplia9hyCF5LWUuMmet0t8bopoJG3vlSqeTwyHac491HZs4D1RxHqXOaxydBdGipZjPAHnvsnCNpyCNjsR6qHapNQEGFNkboI3xhSE+Rc45PNOpLKKKvka0YY8lzVm6ui1bH0XqPVlvNVCKgN+nZYSamyRsu1ptRjlnG1NHPB5/UUr4ajBHBUhoJwVcXehw4nSN+FVMaWdvZdqqxTjk8tqtNKqbbRyWMFowFVPfokyOQdlfNZ6jKqbjT+DKXAeV26dGRzra8In9WUjb10nDcWeaotx1AjkcItiqheenYaovzKwaH452T+mZmVVPU2mcgsnYW4KzfSUslku9X0/Vu0tDzgHhPrfJzdXFSe5GZ+LdgFwtbqgRZfGCc/ZeEsldAcHkbFfU/UdGyshmp3jIcC3C+Yb1bp7Xc6ihqB54nnO3IzsV7bxFyde1nhPK1Ys3F3Za5rmiNxGXK7bvwsHSVLoJA4E4BWvt1wiqIxp5K9FVI8rq6tv3FinjlDByMog5Wk576JI4RByhjhEHKYksGdsMHbcJ+r2QhwjsBzsrUEyjur2Tmk5wujhdV7EDJ4HgB7cEbKPJa6N5yYxv7KU1p3OEXRuBwqSxwUrNvRn5+lKWd+pjtOeygVXRtwjcflsSNW1jjaOQjsOB7JmzIS1tkDzCpsNypBqlp349cKIaSoHMTv0XrmgvPmaHffdHjpKaRo1U8f/lCF07go+TkvyR462iqXHAhcT9lNpem7pV7NpXEfZesNoKeM5bTRtPs0KVFC1mNLAM+iZHT45Kn5SWODC2n4esjxPXObqIzpHZamjsNupmCMUrT65HKty0ZGG7ohj2wBhNrqSOddrrbfZRXHo+x3AEw0rad54dHsVRVnw+uVOwS2upMjx2JxkLdMYWlS4iQAAFpgtvQFersr7eTyaQXq3v019sm0t21BpR4rnTubu7B9CvWHNbI0h7A4ehGVVVXRXT1yaRU0YjceTHtumwunH2PXkIL80YaOobJjTg59FIY7O+FbVfwrlY/VaboW+jZHfsqmo6R60tzg11vfMDnBZwQtC1C6kaoaiqa+2RIika7YtCK8tdjBCon1lZQv03CgniGcai3upcVfTuaHCQJ0ba37C329xeSybFGfqb+aJHSjlp/LKhMrIzkhw/JHZWxE414R/awlqLY9k1kVQPpbkfdFDagDGn90KnqmEgB+VJMoODn91bjgZHXTQzRUe/6ojXVAGC0p7HjjIP5o8ZHdAxv8yXsEJJwc4Kc2efu0p4cD/8ANRQ1vY/upgn8xoa2Z55CKCTukGsHYIhliYPPgKYYz+WkuRNPqnNdEf8Aib+mFHfX0jP+IP1QZL3bW8ygforwyfzosstjwiEjkKnbf6AZ/mfui/7QW/8A7w/qphgf8QgmWgBzzlE0A9sqpHUVADnUf1RB1HQ8av3USYqfkix0+/7IjVV/7RUXum/7T2/+mQpiiwX5CTXBbkgcnCXPCopOq6fIbDRvkJ4yEelqbzcpRFb7XOXHsAiyo9mafkZR5ZdNxvnCbJUQxfW8D7Kwofh71dXxiSr00kffWVfW/wCF9npXNmu93fKRvojOcoZWwj7EWeZ2dGN/idM46Y5AXdgFJoYeo7iXC30L5g3nQM4zxn9F6RS2Dpegl8Wks7ZHY2c9WrqyuMYijaIY+wb6Kv5Cxwc2/wAxZZwjDUHw2u1a0S3S6wUWoZwfMftgFX9t6W6Ztbm6qR1wnbt4khw38grhrHyY1nP3TmxNHbCTK2Uuzn2ay2ztnGwCQaAfBp+0UQ0hO+TpQdQj39SigADAXULeRDbfZwNa0aWjAXHNGOE5cPCoXuYPGNkLJxjsinlByrQIk158uy6SADkqhvF/jtrC4uH2KqUsDa63J8Eq5XeC3xGScj0A7leUdX9Yhwkjinx64/yVd1X1rLVSvYyQkn0OwWDqJpqiUySPyD2QT5OxotFiW+aDV1c+d5w8nPJUTGcZ7LgO+wTxylSkkeh0+m3vg6GgBPA9Em8booB4WayR6bSadJLAxrCVKgpi4jGy7TQ6zwrWjo3ahsg3Hb0+mcmNpaJzsDSrmit+ADjhHoKFoaCWjZWcEIaRhuFDuabS7QVNShmNlLa0N4RmxDSPKuhvuo3g6EK1FAlEraqCihMsrsY/dGuNdT26AyzvAGNh6ry7qPqOa4TPiilIH34Wec8mXVamGljlneoeqJa2d8ULtgSNjwqEOycncpgG+e6expyqPH3Xy1E3KQRga4b7JlRI2McJ0jxEMZVdUzmQ7BHGOezJbbhYGzzlzsDdKJgcQmNYXcqdSwEeYhPjHBgsm5MfBDqIyFNIaxgAbwmxhsY3T2tMpG2E6Ecip2A2skmk0gbDlWMEIbuW7hMZ4cLA0N/NBlrHuJbGFpisIQ7cjqqsa0eFEFFY0ychFip3OJkl3J7Jzi1g2Cb2Z5y3DANBCM3zKPoc92eMKQDpbhRAj/KxqCCXlcc7UQScJ4b2CZ2UItGxRGM/JdbEecJssjWjdQEedMTckjhV1TVjjITKmrcTpB/JRfCdM4HOEucvQ1QxyLU6R/GVOpoBsSFympRgZajOIDdI2wqX7Cb9IJhrW4BUWR+M5KTn4ydRwFVV9wjxpY7KC7URqLhW5MNV3CKIYyFSz1T5jjshVM5ldlwQ2nSSuNq9XOxbYs211qKOucScrrWkFcacnKOAMDZYYrI5cDQPVdSSTCN5HJJJKyhJJLukjsjSyXg4kuritrBP8CRGAauEPO+EVrS44CEOEsB4yMbBT6VjpDs0k+yDS0LpdxstNa7WIw2QjYevdKk8cHqPGaKVmJIl2KyOOJ52jf6Qey21otTTjgYxgKHbKMvLGhvK9R6T6XIaKqoiGnsCN0ixZPoXivHL8YErpvpqNrWSysGAByOVrvLE0RsaAEJoaxrWRs0hoxgJ4ztlLPZ6aiNEdsR2MnJCMwYamsA2T0B0opNCSTVxxwEDBDEgID5c7BNfJq2HZAe8k8JSWS5S2oO8YwQUCaRsQ3cN/dcdOI2nftyV511r1ZHVarXQyZ0/3jwdvsnwjuOTr9fHSxzId1l1aKoPtlGTpJw97TyPRYwFrcdknPGBqO6iVEr37MatlcMHg9XqZ6iW6QSoqxnQzso8bJZpMA4HdPpaGonk3bpB3yr+itgY0ZaFpgjCouRDo6FxwXBWTIAzGykshawYAwnaQAPKtEOBsYYGNY3SMLugJy6xj37AI1INQyNwDtlC0kHdTIKF5Ic87KZ8tTRgZG6tsZGr2QYIuBhH+VbjL0UiNn0hAlmbj+Y/AS3/AGHRidwxoIaAgFwzyEx9RHuWvyFHNTBneTdUNSRVLh4TUlrPy7kY5ztR3TUklCxJJJKBiSSSUIJJJJKIMSSOybkqm8EHJZCaXJpIwhcsEO5HqkcHugOODklMMzQM5S95eA+/quqI+vjizlRZLhJJtG/ZD8mR0KJ2fii0JAGSUCWqawbYKrC+ofy/b2TmtecElC5pG3T+NtseGGlqn8Duocgq3n6sgqa2HUBlu6O2MDYJM71E61PgLpPLKwU8kmC8ZKkMosYOMKwjiGR5VJZG1ozpH6rLPUNv7Tr6f6dj/UiuhotR+lTGUGRsEQ1dPTnD8fqo098hjGI34/dZLdTJdnoNH4SFb4iTo6FgwXFPeaOnbvhpWaqL1UVDiI3kBRXNr6nYPLgVjt1WfR6PTeLjH0X1XdqSnPlOfdVc1/kmOmJ6FDa6nHnbkd8qVDa6cYcW4cFis1DkdevSVw9ESSevnwWu2SZRSyfUNyrJjY6fYbBNkq4I27jdLc2x+EiLHbWjeYgI7YaRgyG7j3UOavy7DeCo753uHJU2uQMrYx7J0ssY22Ud9U0DbCiP8Rx+opvgudjKGNEpPgRLVQj7DOq3bgKMZZiTr3HspDaf/wCXKIImtG7U9aZ+zJbrW/xIWHu5TxSg7nCkaWDdM147JtWmcnwcvUeQ2fk8DRTNbjIRQxrBtjdc0l2E/wAInHb810K9HZM4es89RQsuQPcpYKLoPouYC2V+PiuZHnNV9U3TjingEujdEx7rmn3WmOmhDlHBs8nqbpZnNnWs74RG+XjdDJDeUJ1QB2VTnCtclVW3Xy2rkk+N2IS8QEchQfmMnYcpzQ93fC5up1Mcfaeu8X4ac5KUyZ42dgEWEEndBghJIJCmYa0cLham9yeD6X4zxvwxUsBWBu2Vx8kceDnBUdznZGAuNjdIQXBc2csnpaoYCOnkd3yFxkRJzhEbGGjcJPla0bNWeUXI0J4XIi1uN9kNzg3g5XCXO7KbS2svaHyHB7BEqWwXakRGwTVBAiblWtFaXRHxZ/yCmQRMgj0saBgcqPU14i2qJceifXSKtuS7JrZBCMtA/wCir7ne20kRkmmbkcDKzN46yZGH01O0k+uVkpq6pq5TJNISHcD0WqvTZZ5/V+chTLbU8s0l16xmqYjHDsD3ys5LVvneZH7ucSTugF7W90KScRjLSM+631aXB5HVeTnbJu2XBJcO+VDnrBGMDBUd89bOcRbhKOkkBD5H5PotkaWuTgX+RgpNQYhPPI4CPYFSIaeR2DKNj7rjNEWMN3CdJVZAACKTUTJCeo1D/sHIpYW74BQXTg7NxhR3S6+eyZxnfKQ5+jpafS85kFc/UeVzCGGuRhws9kzvafTqJzBXWhx2T8BNJalZNuzCCCMHzZH6p2pre2SPdA1LhfsUsJPAV1QdxgIDpDgobnnVhdEDjwrwTc5dDDK9xyF0an7AqTBR6sEj91NbQxtA0gZUG10TmyDHA534eVJho+5UyOJjMeXhcfVU8Q53UNSphXzMUVMz04T808QzJIBhQpbi76YFHc58py4qFOyMfwJ01yp4xiPLioNRcqqYaW5DVxtIHb4witjaxo2yrw2KslOXvgixxPlOXN3KmQUbDgkDHok2VjAcNCiT15aCGnHsmRrbMdl9dfMmWDzRRDchpChTXJjBpp3DHdVVRWOcd98KHJM52wGMrVXRk5Oq8socVllNci/LcjcKHKdRz6qOI3v3KKxnvwtEdPjk89qNVO2WZMbl2MLqMWNAOyEQcp0YKKwZU88iIGOEzBRF3QFWMhpZAp7YyRkp2nui0sMtbM2GGMuPoEE5KPY6qqV0tsPYyNm/GT6L0boL4ZV9/fFV1uIac7+butL8OfhPDGI7zfIhr2dFH6e5Xqc01FbaU+G1sQbwB3WeyeD6P4H6Z/01Zqlx+hlJbKKzU4p6KMMaAQPYKrr7qXkwQbdi4KPPX1dZgasNz2KdBSnIcQsllm499XXj7Y9A44nOw53b3RiwABSBBt5Qp0NNFTQmoqsAgFwb3Wdt5HwikBt9BqHjT7NHAUiuuLWtNNSYDMYyok9xM0fhRNLGnn1UCaTQNnYVDnJRQV8hO73KLLUmZ5hizgcuTI46ireQHHA5Wgt1pZHCHTRg53x3RqIl2EChtksoD8ZHoruKKKnGzQ0jlNq7rQ2uDVKWs22A5KxV36mlr3PZAXBp2ymMzzkmXF+6riponQxEE8crGTS1dbN4s5LQeAnMo9RE0xLjyAVJp6aWsk8GNmc7FKcvYlx3Mjww5Or6ifRaSzWDLWzVA3duG+ysbN05DRxN1Na5x33V/FTiPThoWa+9xN2m07k8sbb7bFTt/lDGrlWHghgG6C+eOmiLnHT7ZVc2avvEwjom6oh9TjsAuVqtWzr1UJLkLWXNzHGOlOp2cAAZyVNtHTD6v/fbq4ue85wFY2np6npZBUSt1uxwfVXsYIIGNlxr9XLpHQqobAw0sUEbY42ANG2ykaM4DU8jhddNFBjvIfpb6rBO1y5ZurqURzWtiGqQ6QPVBkmnqmFtCMsJxqRoLbV3ImarGIz+FXEUMNPEGMYGNaMcLPOWeg1Eg0dqpowJ5Yw+XG5K7W11NTRnxHNaWfhCrLlfg2QxW8l7+PYlApLPV1sgrLmSD2aloPoU1dV3Vwht0fkPLipdLbWMlEs/mLdsf6qwihjgbpiaGj2CFUTRwM1yOTSh7yBsBsodZVQQgGR+Aq2rvj5nGG3RPmfx5eFLtlinmPzF3w7O7WZ4URHLBHfNW3H+VSROYw/8R+ynUdipqd4nkLpZe5echWbY42N0MAa1vAUeeq8MbbI4sW2wzn+G0kjZVtVd6WE/UAfcqmuvVJbqp4zqPssxUSVdwl8R3CclkBvBZ3W+zVdQ5sMhw1VbWzTPy5xJKLT0bwfM3lWVPRkAHSAmxiUQY6ZwILmqSKcNwQFM0RxjJxsq6tuVPGzDNyExECPe2IZKrqutjdszdQqismqHYyQPRNiie84/dQg5075Mj1TqelJOTspVNbySCQrCOlwANP5oW0inHJCjpIxu5qPHCBuG7BTWUT3bgKVBRub9bEmdmC4xK1lLI5wAGymx07IwC5m6O5rIhkgNH3UaouMEbfLJl3YDdZp3buBqWA+GsGT5Qo01xpYgWl+UFkdyrHYI0t9lYU1ghZiRx832WeVhCndVVlY4/LRkMPB9VIisskpD6jclX8Nv0DQxoA9gpTKTSQSEErgdpTQWmOLGqNTY6KEcMIPqrJtMT+FG+SzuNlnlbkJIrmUgA8ox+aOylBGNOMKdHTDH0ovgZ4CXKzcEkVooyTjH7ojaQjfKniDUcaf3RBCO+xSnP9hqGSAKcen5J/gAD6cqcKdPEGOyrd/cvYV3guH4P3SERz9GPzVoKcAbtyl4A/o/dXlhYRWiHH4f3S8LG+n91ZeA3+j90vlwdg3CmWXgrTGP6UzwR/T+6tTSN5wm/LAnAbhMSJKKRWtpQ78OEeOhP9LR91YRUwBALQo11vVutAxM8ax+ELTWhEsIGabwwXPaMc5wqS8dS08EZpqEeJP6NVbVXi8Xpzgx5hpyTgD0XILdBTnxAA5x5JWuERcm2QDR1tzkNRXy4B4YDwpkdOyBmlrAPspWoDOyBLPpGMLSlgB8gnkYI42USTb/AOaiuLpXYaF2G31EzskYCIFRfRD0SScNyiQW1xOZB+auKe3iNuS3ce6fI0MaNsq3LAewr2UbIx9P7oUhZA0ucDhGqatsbfLu47ADlMgpK2sdmY4j5x6qKzJfxldJUPqCWUsetw7IsFoe8h9S3f0V9DQxQkGOMNI7ojmho4ySqlLBarKqOhgiZgR4TXxYOwU+RoOcDsorYnknIwrUshOCjyQ5WnAwh+HIeGqyFGx+7xldEQZ9Iwm9i5YKv5Y/iG5Tm0YxnCsXRDZQbhdKGhBa5+SOwPK0Qhkz2Pb2N8JrGlxGAO6rq2vpaWMvbJqI7BRay41lawMZIY4uzQoUdIQ7JOfutMazHOwZU11dVH+X5QVENLrdrn3crRsYaMAYQ3x5GAFohH9GWz7iE2FrchrVwsPYbqVoIOAOU/wMkHGFpjHJmkkiAInk+ZuxThSw86TlWHhjG6GYP0WiFfsy2vCILomg+UITojt5SpVVJFTsLpXaNKztw6tigaWwTancAALXCGDn26iEItyLCZ7YW6nnAHKqarqChgGWEveOwVDV3SqrTl0jgD2yoegk5ynxgzjX67cv9MmXC91FaXaSWA8KESXYz2Tgwk7blHit9RIRqbgLXVX7OVZbOx8kUADjCe2FztsKyFviYNTm7+iY9rQMNbhPUUjI1zyQhRDYzDYIhFFA3YElFf3QtPsmp4M80AlkyfK1RJ8uGSFOfG09kF8eVog00InHcsFa4OzuEINd6KzMDezUEwtH4QrXBmnXtK90R7LimOhwR5f3XPAO23KMW4sglvG6RBxwpvywdgkj9V0mGMZe4BLaES4K1wdnGlcIceGqVNV0TPqduPQKFJdIQcRsVqDFStjHs6IJ+fD2S0nuo81xqHDEY2+6hOnr358vKvDMll6fRaaR6fuuFoPp+qpz/EScpBtxPqpgV87fouBlvZd1O9Cqnw7jjbKWm7dpf2S9uQ/ma7Rbbv23UmESxjMbnNz6Kha+6xHOz0ZlyuQ2dHjCmwbXq1A1tB1Xf7YWtiqPEjH4X7lae3/E+DUIbnROjGP71pyM/bsvM473GWDxmEO7qQyuo5mg+I3fsUDq3dHTp8vKHs9pt/VtirI9Yqy32KvI5Y5Iw9jw5jhkEFeARv28jsD2Kt6a9XaliEcVdIGdhq4S/jZ3tH53dHFh7SGAPypkT8tAwvLbT8RKim0w3BviN41d1p7d1xaK2QROcWZ7koXE7mn8nRZymbFsrfUfqu4BORuqanuluqH6KeoaHfflWDTJt4Uw/LdL2s6Vd9dnMSYGNxjCcKeN+A4KOyaQ4Dzn8lIY9p74SpRyaYPPQvlseyaaZwG/+alNdqOEVoAHCXKLRoWH2VMluhm2li5Wcvvwu6ZukRc6l8GUnOuPbJ+y3TmA4wF1sfsl72Ju0Om1C+6CZ4fePg1UU7TNbLkSB+F7OPzysZculOq7YXh1MZGs3y0chfUjadrgcNHuhTWyKUeaFv6BOja12cjU/TOnt5r+1nySTNzURaCOU0SQnaOTJ9F9P3PoeyXKPw56OPPrpCwd8+CdteXy0LXxu5Gk7I1dk89qvpm+nmt5PH2Z9EQO0jOFqrl8LuqbewyUg8Vg9RuspV09db5zBXQGN3Y+qfGf7OHd4/UVPEosIyoJOMLry52CozJ4CD590ZrtQy3haIS4MUouD5RLp55YHh8MhY4dwVr7F17V0b2MuTBPENvcLEh2k49U8vJ3Rq1xYyFkl0fQNmvVhv0IENQwPP4XndWnhV1E7XDJ4kZ30ncfkvnSjrauikEtK8NeO69F6Z+K88LWUd7j1AbeIBkH7rVXeaY2NrDPSZm2m7x+DXUzWvxjURuPsVjr70ZWUeqot8jZ4tzpH1ALW0dZar5CJqKZr3EZwDujuppoQHMc7bsVphPcZ9VpoaiG1o8oZM+J2l4II5CPPPRV8Py1wjZJGRghzcraXezUVyZiSFtPP2ka3Y/dY259PXG3kvdGJY+zmbpsZJHltT4+yl4XJi7t0BLTyG4dOTNLBuYSVTtvtTSS/LXWkMZbsdQ2K3VPXvpJeCBwQU66WWz9VUxilYGTj6HjYgp8ZOPKOY4J/kjOU0tYWtqbTISMZLc7LU2q+0VxhDKh3hSt8rmO23WOksfU3Sbi6D+fTj03OEehrqa6R+I0hkmd8/UCnwnl8i5La+D0Gnq5aR/kGqE/h7q3payKpGpmcjkHkLAUV6q7fIyK5ESUx2Ew5b91r6GSCopmVdFO1wJ5ac/qtMXgy20/KsGus3U1XbJAA9xZ3GdluqO8Wu8wCIsY52N2Pwf0XkkdU0nTKQD6qyoKkwPEkT3AjuCmxnns83rdBNNuK6PT4YprLL8zRl7qd31xEkgfZW4faeo6OWhnijd4owWyNB/ULH2Xq10jBBc26m4wHt/1WgZRxTFtXa6hpeN8D/VW0cZNwfHZ5j1h8MK3pOqkunT8T30Zdl8fPh/+ig9OdUyUUjKgOe3JGdLtvzC9sobyXv8AlK7GeDqCxXWnwrZXSTXrp12ioedb4c4a4+3/AEQpDI3fJxNmz6d63oLvFHGARIAA452Kvy8P3xsvnC23GttVQ6KZz4JYnYe3ggheqdKdcxVwbSTnDwNi48q2sC7aU/xNzO0kZHoowzvsiw1kcoGCN+ye9ocMho/JLMrTQNrvZR66jgr4TTVLA+N3IKPqIOCF1DJJrDIpNPKPFOtuiqnp2qdcLa1zqN51Fo30f+iqrZdXMA82Wd2nsveKukp62B1PUMD2PGCCF4/1p0VU2GSS5ULHOp850gcLx/l/DK2LlWfRfpb6qjTJUap/4f8A7m96N63rLPJFIyQvjOz2diF7b091Vbb9HpgkxKBktdyvkKw3wANDnZb6d2r0TpzqKegnjngmLXA5BB5Xyvy/hoyi5RR+hfAebzFRcs5PouspYayF0E7A5rhjdZqGKs6crCNTn0bz/wCVP6S60pL+BSzkR1DW7ZOz1oaikZUMMT2gg7LwOpplTPbJH0SmzegtJLHVRiSNwIIzyiE6N1nY46q0VGWOJgJ49FewVEdQwPYc5/ZIHElkjuEdrmvGCQPfKjNcANgmseWuV5Kkshpo8OBAXY/vwkx4ck6TSRsoRIJqOFHr6WK5UroJGgOPDvRFEmocLrTjsjXIqcDzmso56Cq2cY5GHLHjlW/xB6A6a/tK/Dao6Xv8UUF3hjcaOqLcyQTEf3mffA1H2CuuoLSLjBrhwJW7j3WSoqyusF1iuFMXRyQO8wG2Qu7odQ9uP0c/WaKGog4yR+WPxC6A6k+GHVtd0l1PRPp6mildH5hjWB3/AMlRRuJGML9UP7UXwBtX9pPoD/anpijY3qu3NLoS1v1sA/uHeufw+m6/LW62qvsdwltlyppIJ4XujeyRukghfUvDeTWogq2+T4753w89BPfWvs/+5wHKeo7SSfZFacjK9GmeZ6JGpPUdEBTYy3CxyYnpiaU1kMO6tqA/7uB3VSx2/CsKN+MBMRlvjxkt4iWkD1Wj6ZqWNlMLjudwsux+SNlbWadkNYwv77LVUcrUx3xNpJgyuA4AVFISy47K31at8qmuJ8Or1+i0y9HNhH+lmkacx59ly3k/NjHcqPb6gTU+CckBDMhiqG4PdMRmnDLwbiMjSN+yynVUepxOFo6d2qFpzjyhU/UbWmnDuef8kcuhNC23IwzXYdtsi6i2djuVGdtJj3KNLjSMFZLf7Hdg9rLKY8OyOEzVnYHlCDw6kAHPqhseG8nhcrVxzA9B4y/EzYdKVT/F8EEYAwQry7N/kg47rJdK1OisOeNluK6EVELQ37rx2qjizB9V8bZvqUjNwyaXbha74ZXcUHVcbCdIlaQse7AeQdsHCmWiqZQ3WlrH/TFKCfsuRq63bBxO5ppuNkWvTPp0nVv6o0XJUSgl+apIpsfU0HGVMjGCvCXw+ObifQabFYk0EZwijlCZn05RgDlY32bEPHCG/kIrfpQpASNkUZcEmjwH49UOm/QVIb9cZ3Xjb2Fj3NcF9J/HS2sqLFDWBoDo3YcRyfRfOlcwsIfpxkbr6b9OX7qFBnxf6z0fxaxzXtZI7ZTG4EK3jDaiFvuOFSAZOcqxoJMkMJwAvTzjk8HCe1lRWwOpZ3MfznP3Ws6MvOl7YycYwqy90fjQiVo8zRv7qotFW6jrGnOBkFczUw3RwdjRaiVU1g90qIo62j1NGdTVkJoTBMYztgrSWK4wV1IxsR3a0EqB1BQ+bxmDAK4l0GuD3Wnv3JMFb6t9Npcw4IOV610ld21dKxusZwMrxajlJd4bzkjharpq6uoa9mXYY/yn75XF1mn3RbPQeN1Ea54fs9iB3yEVpx2UOjnFRAyRpzkbqY1pXmLYuLwesTysh4ZXxvD2HBBV/nxoBKNys63urq3TD5bS5ZyiQWtlppIpBkOb+688vFAaSsdGRhpOQvRGjJ9Fn+rLa6WMTgcDYrVRZtlgy3V5MHdaEzUpcB5m7grKujLX7jBC39PiVpifyBhZ272xzKhzmNGDuF2qbtvBxNdpvlgVEIGQNKh3mkdo1gbEbK0iiLXYI3UuqoDU0eAN8LfG32cW3RuVb2mEp62S31UU7dtLhlO69pXNrKPqmi2bI1okx6rtypHMe5hbgj/NTLaxl7s09ondlzQSzPYrZVZ9yZwb6WotMUr211uhr4sOy3D8eq8P+LtodDcGXiKPyyNDXleq2eukoIai0VIOqN5aCe2FTdeWmO5dPTeTU6MFzV6Px2ocJrHR5DyOn3Rf7PAWnJGys7ZWGleHDgqvOmMlncbJx34OF7CueDyV1KsjtN5STNqIRI0jdSRysnYrqKeTwJjlrhjPoVrWnVghbq57uDgait1PDJEfAREMcIjOy0weTEwsfdSGfZR4wf1R2pgLeAydH9SY3dSI2YwUYmUgjGDG4TgAOAlg9gugHIJUjHIltsTdRIwNlKY3ygoTR6oo4CbGBaDNY30UiEYdt2UdhzlGaiXYiSyTGtBAyusGSAUxh4R2dkxdCZscGnPCM1oK4AMJ4HdHGIrsdHEDvhFY0N4SjBxwisZ7IsNlN45EG+gRA0g8LobtwiBhBzp/dHt4EzluONySCeQpjfpCCGE9sYUlo8oQOJOhvgU02Wz00cgcMHU3soVV0T0xWNJkoRETyYxhWIODsEeNx9P3UwD804/i8GPrfhXZ5vNbq6eIjsXbFVU3wtu0W1NVwSnfDSTlemMOOyJGMb4ToykhsNddHt5PHJelOp6Tyvtrz7s3VZMZKZ5hq/FheOWuBXvEgcceYlJ0FPK3RPCx7e4ICJX2RY+HkZf1I8DFS5pwyrLf+ZSWTV7t2TtcPUL2ap6P6ZrgPGtkYPq1oChO+GXTTx/K+YiP+F+EbvyOfkq5cYZ5PruZ4ef0RGC6uPle7916c74U2w5MNzq2f+JBd8KpWn/d79O377o/nK/nV/swDaS8PGPEcM+id/s5cZhmSsnOffZb1nwru2Rp6lx7eFn/AFRf/ZZeMDPUxx7Q4/1VfOinrl/zHnX+ytbnJmJHuk7pyKPBndj7L0dvwurifPfpj64KmR/Ca2uANTcat57jUr+cD/iC/Z5YKG2MGkyZKeKKidw0L1+l+F3TsRBcJX/chWtP0R0/TY00Ebsd3NU+cXLyFaPE2UbiA2ClD/yRobJc6jaK2k9s4XvNNYbRAPJQxD3DVObTRNwAzIaMDPYKfPjkzz8gn0eEUnQN+qyP9zLQfUK/pPhFVFofPNE3PIK9dawN4aMImkEfSglqJvoRLX2/0sx9j6Fs1tDPHo4p3NHLm5wVphG+OJsEQbGxv0ta3GFMYxo/CEnRjIOEDnKXYmWolP8AIjinfIP5kryPTUVwUMLHBwzlSx5QBhL6kSFtpoCyFg4Ccd9ikugZUFJNsWkDukRjuu4Houamqwvj/uOXMhLI9UMbd0RQ5LI9VwkAbqNk5VpZISXYwQT2UbHOdk5zttzwsj1d1lSWmmc0PyRkbHkqm9oyqudskool9S9RU9viIEgwOcHn2Xi3VfV8lxmfFHIdttjsqzqHq2pukz2slIB9+As66TJyTklBk9JpNF8XM0GJz59eTyha98IWs5witbnBwgnJJHcp0zs4QRjNkRrMrjG7cozI+wWOyeTvaTSqKSwJrc7BSKeAuIGMIlPSl5Gyu6C2kaSW4QyO9pNKBt9vJGcK8pLeAQdOMI9DRAD6QrWCkIxsElJtnoNPplDkjQUhbgAKdHTYAOP3RGRAEDTj81IDQOEZ0YwUVkjluPZV92ukFrg8WUgnGQMod5vtNbWSOmI8vAzuSvKL/wBSVN3qi4vcGAkAZ2S5Tx0Y9VrIaeD/AGO6h6kqrtI/S4tbk434CpW+p5Xc6uAnNacoc5PHai6eom5THAZ5CI94jbgBcJaxue6hVE+oYCOKyYbJ7TlVU42aFGiy5265gudhSqeFwcDhOUWjDbY2w0FOCRspsbQxqGxoY0bcosbNxqH2T4wyKlNYO+E55CNtGO2V3WGNwBuglrpD6BaIxxyZpyE+R0jgAisjDfMQlHEG+Yhde/PAxhH2Idno6X9kwsJOSknpmARNa0BDce2U5x22KBHkuA+6jKHFpLgQplNCTgkbLtNSOkIJGAN0asl+Xh1NxsjDUcnJ5I4Y9+fRUFXXan6QDhEqat87cA88qMKfWQSgk/RcVhjBqkeCQrKCBukEocNOG41NR/obshX7LnLjCHOcIgMBR5Zw4EbJlTUN9cKjrbhkljCQO5QXXRpjukFVW5PIWuuQdqhidt3IVS8knZN1anEhEXntRqHdLJvrrUUMSSXQDlLH8IQHdEHCQHdPRRWQJSwJJJdweUWAMnF3ST2TmtdqGyNpBARqJeUD5XdATgMJjgU5RRMnNPukRthInK6z6lezKLBtiJcNlaUlJqLdse6FDT6nA4V7R04bg4HCzWPadTQaX+RLGCVbKAMwSN1orZRSyvDYwSQVX2yD5iVsTRher9D9Nh+mQ0+W5xkpPZ9D8ToJTxXAsujOlsBlVVxbDdoK9GiDI4wyNoAGyjU8DIoxGxoAAwjgD7JTawfRNLp40QUYjtIzyiADbbhMJXSdsJO43xWAiaTnhDJJcng4aEMpYHIcBjlCJGV3JIO/CCc7jKU8yISMj1CjT4YMng91zJALs4wMrz/rXrdscT6ChnL37hxb2RqOTDrdTDTw3MB1v1oXOdabTLl/EsoOw9gsM12Dqdue/ugh+TqIJc45JPJKI6Nz8YWipHgdXqZ6qe6Q6SRzyAFMoqF0jmucMI9ttEjtMsjRvuAeyu4KZsRGGj7rXCJmVeQNNQ6Gjb91KbHpGMo7RsNsJBme6fFDI1YA6fdPDSeEZkWocIzIdBzhHlDFXkjx0xJy4bKWGQRNG2CnYA7LkjwBnGVGw4wSBukwmPnbjOxUeqqdO2MKsnqpCMNJQNsvGCdPVBirZ6suPYoBbVTO5yPupENueTlxVlLngiySVEnlhjyDyj0ttqJv7waArimpGsY0AAKUGDbthQZGsxKS7p90sD1Wzcj8uA13BXQMd13uUMp46IJJDByu5CAMSSSa84GVCDshLIUN1VG04JQ3V7Ds0IHPAcYORO29QkXd1WSVpG4ygT1U0oALyB7JblkfHTWS9FjNUhpG4QZKzAGCMqty87aiuhjzjJQORto8ZOyWGSH1crjg7hDJe888rrGbbozGcEt4SpWYPSaXwMP6kBMJduUmwYO2ApWFwnKQ7cHZ0/hoQ9DWwgAbfunCMNOdP7pfdI8YwkzvOtp/G156Hh4G2N0jVRR4DyglrvVc+Unmxhix235OxToI4CS3A/8ABQJKqaQaS/8ARS4bRKcasYUxltgjwS3JWOeoaOhVosdIofBfMdySfdGhs0zsFw2V480NM3ztGVBlvdNGDpKRO52GqKrq7GxWaBhBe3dSXCjpgOGqmqb5JI7ELtlDdVTTf3jicoFFy7D/AJVS4ReS3KlZ+PKrprzDu1mcqIynlkOWtyCpLKI4BLQCiVLZnnq8fiB+ZnldkkkJj4ny7uPHupojYzAwukADhOhpmzNZqZvlsgCF3onth3GUd2nOUJ0rR2WmGkZgu1sFxJhBAzGSP3QyGN7g490zxnOyAOUMRvcVrp0jXZ5/Wee02nzlj3yjIwhmVzsDCKynJ3JRI4QMZC0x0SfZ5zU/U8pxxQBEbnDK62Ig8KTpHGEtHstMNNCHR53Ua/U6iWZMa2MAbp2F0A+iWkrTGODM25dnMD0TU/GEI5BzjKpsB4OHYZKHLM1jeQVHq61jBzvxsquaofKRg5WS/URqjmRt0egt1ksQROlrN8NQTK55QoYXvI2JVjBQHLSVxL9UrOz6H4bwEYJZQyCBzyHYVpT0owM7bJ0NM2No2UhjCRt2XMtuT6Pe6Lx0KVkFpEewCW7sIpjzvhOEYG45CwWTbZ26oKKwDEYPPfujANYMjsmmTkYQtLn7eqWotj9yijk02OAlCx0jk9lDLKQd1YRxMgj8zQMJsaciJ347BQUoBDiNwpz5mwDzYwFUVt8pKGNz86nDgZWQu/UFZcS4NcYwfRaK9OczV+Tr08d3ZpLt1bTxEspXFxbsT2ysbWXaurHudNM4gngHsokrgBnO/dAMxJwzYrdTpMs8drPMyulmTwFeQfM45QXVUbAQ48oZbUyHY6h7dlIp6OJmHTHf1W6GkSPMajyyhPEQDTPUbxN2PdPZRgO1VSkSzwxNLYiPyUCWqytSrUDk26iy+Wck0y0UIxG7fCgvqwTtwoz5T2HKYI3OISrZpLAVFE7HlIleOXJNySSUxsJABIRo2jO/Kw2WI9TpNJKUcSOaSThEbH3wn+UBDMucjCyTnno7dOnhXHGB+GjuEzxgNsIbmueQnCA8pDbNKil0P1eyZuiCMojYNRwUQahkjjJOAM5RI4Hv2xypkdJG0ZARRpHDVC1XhkSO36nAyDjupbKdjB7rkk2jbCBNUho3PPuoM+yBIwxh5AAQ5K2NgxGclRC+aR2GMyD3T4qEcvUSyWrZdROOqZpdg7ZcZTySHIClNhgbgMG665wjGwRKLYqUvcmCFJgZdgEJaQ0cZwhTXGFo87sYVbVXvJ006bGlsy3a2miOW+S2dPo5Gyi1Vypmt+vJ9FSz3Gpk/HgFRnuc4gkrTGjHLONqPMNxxEnVFykc7EfCiyTyyc7Jjd8AhSoabJBIWiFJwdRq5WPMgGl7tyitgOQSFJEbGtxpTM42wtCrwZd+RojACEGuz7Iy5gJmCm8jR7rmAupISh6aSQM4Sycq76e6UuvUUzWUsfkP4kidiidHRaS3W2KqlZbIFotVdfKk01DCXluNR7NB/wDmL3Ton4Z0XTzfmK2DxJX4cAduO5V30j0ZQdP0sTjAHSNGd+SfUq3uVxFNFrMeoj8OcZWSyzcfWPA+Aq0MFO5ZmOmrIqOJ0j3YAGA1UBlqLnUGR2QzsPRMY6pudQS76fTsFdU9MyABrWjbusttm7g9elhYQOlogwDUB+qkiEbAbIhALRp2TZKuGljMkvbgeqztjYpI66WKjZ4svbhVVTVT1khe8kM7LkkslbKJJPo/CEGqqg1ppqc4PcjdUQUlUyPAYdRUqltz6oeJNnPIC7arK+Z4kl+/2WgBp6UBshDcfurTwLlycoqOCkZnQCGjP3UC8dQQ0EZfG4EnIxlVt66njYDTwA+5B5WTEk1VM6aV2QeB6JmeDNOz0drq2puM5mlyR2C6yIRDU4YRWgAtjjaC8nA+6uLb0/LXR+LXZa3sgnPAMYtsiUForbmGujAZF2cVsLXZWUMYEbA9xG7lLoKERRNjYxoa0YACnBzYtuFgv1KidHT6XdyDjhxuW7qPVXGGkYXOO4PAQK+6OL/CpMuPGR3KsLR0+XFlXX+eTkNPH3XI1Gs/Z16NJtRDoLbV3WY1VTtE7YNcOy1dvt0VIwMiY1o9hyjwU2kAaQPspsVOAMnYLjajUufR0qaNvI1jMAAopLQM4Q5ZmN/lwnW89lLore6XTLV/QfwrDOxmmMEuiK2OoncBDsO5VrRW1sbhNM3WWj0Uh0lPBiOGMNaNtgo1ZeXQB1NRjVI/hKlJsPAetuMFGwl+Af6VnZ/4xd5iIpPCpjuDlT47U+eYVVfKHuxnCmhjWN0sGAOwVZIuCHRWynpI2jS1zh3UqSQsHr7ZUO5XCKjj1PcATwMqgNRdr04w0rCIz+P0VojeCxuXU9JRO8EAvl40hRILddrw8S1I8KF3LSeyt7b0zQUoa+piEsw/E7dW7iGABo27BGnwAnkhW+zUVtaPAj83qpU8oibl3Hqo1bXNhZqdseyy126pdIDTUrtb0SXJRcXS+U1HGTrBPplY24364V2Y6UljTyUEQVFVK6SrHPAzwptFRZOGgBMSwC3kroqSV5a54ySrSmoJNg1vKsGUDQNZbjG6bV3Kho4QNbjL/S1Oi8CxNo2wgOf/AJqDX3empnGGM6j6qvqLtU1LjpdpCrZI3udvuSmLkFvA6tuM8xw1xDfYoMTDIcE8qRFbamcjSzZXlusRYAZRupKxIop4La5++klWVNaSMOwr2noGNGNIwpsVE0Y8qU7cB4yUsNtI2DVNit4bh2MKz8KOMFzmhoCh1NxhazEA1u9kmV42KQ3wGRAknAHdRKi5xN8sLfEfngFNbTXK4v0vBij9SeVcUNno6NgIga5/cndZ7bslpZ6My23XK51RNQPDhI3CuqHp2gpn+JHGHO/xbq4ZDuRpwEZtORwOVklbyHsIcdKI9mtCK2mAwcKY2mJ3wispj3GEmduSlHJEFIAMhqIKbSeMKe2mJG7f3RW05B4SpWZC+Mr/AJc7eRGbAMDAU7wm4AwniEdm/ukyswEoYIIpwOy6IB/T+6sBAMfT+6Qhwchv7oflYe1EHwPZdEGMHCniHA2XREULlkjIYhwNwl4Sn+APRLwQOyPc8EIfhN/p/ddEI/p/dSvCb/T+6QjA7Ik2yZRGEBx9P7peCf6f3Uzwx6LpY1g1EbfdOSbKbwRWU5IIwotTLSUMZkqZdJHA9VHu/U9LSRmnpDrmdwAsrUOr7jIJquQY7N9FqrhkVZZknV/U8ssggtsJ82RrPZVgtxkk+YrJC97vU5UiKBsWHd12R2RhaYxURb5AuayEaWAY9AgvlPGEQAuT46N8xxjC0ILGURi5xGzcpkdvnqHANYcK7pLVndwz6KdFTCIYDcKb8AqJTwWbw2hzm7qW+ARNA2UyV2gZ5VTXVrg3DDuFN41QOTSiNpJxwqt/zFZMIosYPJVjQUU9dmSsH8rs08lWkdDTwkFkfCjsyW4IqKazQtdrk3cp/htaABthSzG0cbYQXAeqDIUYAHMb9kCQDTypErS4jbCayE8lGpbimkkRDCT+H9135fG+n91N0NG2EN2GDUQnQWRMmvZHbAAo1Y6npojLM8N0+vdRrhfWxSeDRkSSY7HZUzqasrZDJcJdbXcMHZaq622Z7JpfixVl6qKlv+4M8h21FVzaNr/5lR5pO5VsyAQDDWjB7JrIQXccLfXHBjk5SfJXilzsG4A90wxFu2FaOiY3bOMcqBOJJZPDgdhvckLVsyInhEd7o2bOduhaXynDHaQpnyLc5kGSE4xNAAG2E6EDHbMiNp8Y1IpiAHonykRDLth7rN3rqylpmGCmcXOzvhbaqsnOu1MK45ky5mkbDu44HusteOsIIXmOjy8t2JHGVm7je7hXyEvqHBh4A2UB8ZOA7utcKTj3612cQC3K63K5PJlqSGn8IUDwzkZO/qrGK3VExBjZkFWlJYuDO3CfGrDObapW9lFDTSvHkblWVNaJThziPsr+Chp4G4DMrsrQ3GkLTGCM3xFV/D4GgZZuEnNDRpUx49VGlWiEEhc4pEYtPcoT2YGc8o0pJI7LhGW4ChjtWCE5hBOBsuFuoYxhHcBkoL8gEg4R9mWb2gHMO6YQAhzVTYt5ZAAoFTeaRgw12opiTfKMk9RGPZP1c7IbtABLiACqSe9lxPgZCrZqipqPqlOPRN2sxW6mL6L+puFJCf7wEhV9ReNX9wVV6I3f3gz9yuxxOcSI25RqOTJZqZf0hpLhUPOzsKO+WSQ5e8n81Jht1XNu2Pb1RxbNBHjygfZGoCHKcvyIAwTvhEDPLkNViIbdGMvOSEJ1wos6I4iMItoicop5kyEWkEDQuOeWjOFKNQx24Zygkl5+lL2lKcH0BMzh+HCEKuYHYqWGM7n9k4RU2PoU2gSmpEYVs39Sd45xkhGMFN/RumaYxwqcCbkMbUOaSQEQVurHiMBA9ExzAdwEB7SdsodoEml6JT5rdKNMrG5+yC2gtr8lr8ZUR0Wo5TcOZsFS4FStySTRVLDilqyW9gSutqrrRHXMwuZxkHKjsmcD9R/VGFaCAHEonBBrVOHsMy9tlcBNGWE8HspkFWQ4GN2D7FVj3Uz24wHZQ5ImtwYZHMI90LrQ2GvnF9mnpr3XUsgljmcT91f2z4iV9vnD5i5zT7rzVtRWQO1Z1BFF1kYR4keQlOlM7Gk83OnqR73b/iXaKmBsk2Gv4ODhaa3362V8YkgqW79sr5ojr6SRuWuwT2yp9Nd6uNumGpeB90p0Hf031Zt4mfT8Lw9uph1D1RvE8PAdx6rwKz/Ea924sY6oLgBg6twVuLV8WKSoY0VsRJ4djGEiVbPV6PzOm1UM7kj0plRE84DsqTsQNlnLdf7Bc4xLT1oaTy0nBCtoHvH91LrZ+qxyreTs03RlyuSc0FpRNiBso/zDB/ebIrJGuO3dTrs2VzjLo7pzyF0sy3GEYMBGdKRj9Aq4LcVLogPpg/ykbHsqq49LWuvhMNRSteD6gHC0IidlE8NpGC1FuYqemrs/NHkt7+CNnrIXG3AwS8gjgrze9/DLqixyPMdO6eJvdu+y+oPDHAQn03qA7KKNso9HG1v03pdSm1wz48kFRTyGKoidG8chwwixPBG2+V9PXjoKwXjVJUW+ESO5cG8+68z6k+CdawvlsGZHHdsedk5XPpnktZ9LarTx3VPceZiRo7j9UUOaU26dPXizzOgr6SWF7OQ5pA/VQwXDk7haoT3Lg4EqrKeJxaZf2u93G0yiWhq3sI7B2y9Q6Z+KFNXNZS3rMUgAHiDgrxZsxbgEFHbMCnRucSlPJ9OsFPVxNezTJG8ZDgoV06efV05ZTzFvfC8PsPWl7sL2inqnSRD/AIbzkL2Hpnr2232NkYe1k2MOaTvla67c9i5w3Lkyd96enhB8aHQ4fi7FZz5eWI5ieQ4dsr3GqpYa6PRPE1wx3CyF96PhlBloXBj+cEbFb4yOFq9DH+kxtJeC1jqa4xmSNwxnuFW3foamq2Cs6fJY93mOHYBKnVVJJBI6CojLXDY5Qaaorrc7VTvJZnOnKdFnJso2mdprhXW+f+H3mn0tJwC8ZBVnB83aphW2SoZpd/eQu+hw9h2Kva+ht3U1INZbHPjk9isnX2q79NyB5eZICcZ5CdCzJlccG1tV6o7tEH6mwz8GNxwVaMnkgIPb3Xn8D6W4HxIH+FMB22OVe23qGWLFJeS0NGzZvT7p6aEuO7s21FXgP1skz6tK01pv1Vb3ielf5fxMKwbG6GiSN4cxwyHNOxCsKK6upsawXY9O4TcnnfI+Oak5RR7FRVduv8Qm1CKXGCPdTIZ620OxI4yUzti4buaPZedW6vbNG2allLXegO4WptXVD4B4Fxj8SJ22RyFZ56dTiTeoujbH1RTmogjayp05D27av/VeXV9ru3S9Z4dVG6MsPleOCF7GKOmqWNqrLWgEjUBnb7Lk8FHe4TR3anYZWDBLxyjIpNcMyPTHWratjKedwbKNgSeVtaK6iTDdXK8s6m6IufT1W6st7HSU+dQI5ai9O9WGGYU9c4kHy5P4T7oC5V7llHsIw9ocNspr9tlVWy7h0TRkPYeCrRsglbqwhxgyyi0wYB1ZJTpooamPwpo2vadiCMgrp3yExoI7pU4prkD+55F130HNY6l97tEZ+TJ1TNH/AA//AEVPY7/oeI5D5TxuvdyAQQRkHYgrybrzoB1rnferLCTTuOqSFv4D3I9l5TzPiY2xcoI+k/Sn1XPSyVF7/wAMv7RdpKaWOro5iHNIOxXtfR3XFLd6dlNVvDagDGSeV8r2i7uhc2WKTcbPaVurTc/GDZqWYscN9jggr5P5rxPf2n6F8B51WxScuz6UniEzckDGFU6JrfKZ4SXMJ8zVQdEdbMr4W226Shs7RhrydnLZTRDGcbFeDv086JbZI+hVWRsX2vI+nqop4w9jue3ojAhwVFVPnt7hNT/Q4+YKxpKyOojD2H7hIwPaJrHYO5UiTD2A/wCqhas7hHikLcKAiD8O0lHa/UCFHmaCdQGFyKXSdwoQN5hkrNdR2xz81UDMn8TVqQQ4YwoVbE5zMtG3BWmuyUHwLx+zL9GdVu6auhdI1z6OYGOeHOxB9l4b/bj/ALL1J1DbT8afhxF48bmOmuEMY88hOP5+Bx7/AGC9outrY2oMkTdOvke/qrnoLqaKkjn6VvhDqGrf4Z1cBpyMfuV6Xx+vlXLfDs4XldDXdB8cNYPx4ILSWkHI2OURvJX1T/bO/syP+HN8d1p0pS+JYq14yYxnws77r5Ra8BfVfG62OuqVkf8A92fFvLePn4+3Y+U+n+w6chJ66UXycp/aSOThJciRBvlaU+BeRNI9VMpfq5UDRjfKlQPDXAlHGWWItWUXEXbdTYDpka/PCrojsFNYct2WqDObZDdwbOlkc+njc474UC6/3hKdZJzJTaHO3ASuQOjOMklaG8HMx97RKtFRgNx+al1xDJmuA53VNa5g12khW1X/ADGeJxpCOMssz3x2yaNfRyl1K045aP8AJVl8BkpDtwU/p+Z81CQ450jCbcj/ALo/b3TXyjFH7bTBTjTJx3K6XamH7LtWMSn7po3BwscnydqLyshqd5NOATuExrjnlNj2yPZMBwTlZNTDdDg6Oiu2TLqy1HgVgweV6bSOEtG0k9l5HTShjwc75Xp9km8WjZvjDQvG66OLT6z4TUb6EimuEZhqSO2Uxrsgeyl31uH5HqoLCNGM9lyrksHpapY5Pof4c3Ftw6YpyH6nR+UnOTha2P6l5J8F7owU1RbQDqaQT+//AF/Zessc0keq8R5GGy1nufFXK2hMlhowEXAwNkBjtuEYHPbhcew651q5gFFTHbhSHAxLgxfxWtsld0dVGIajD5v2K+aLjQmopXujGCzlfXF8pH1trqKWPcvYQP0XzE2ED5uLYF0rx9l7X6f1LjhHzz6r0X8izd/bBgRkZB5CLSVhik16Rsi1lHJSVMkMg3BKgzMwR2Xv4z3I+NalOizb+jUxFtXSZwDlZa40zqWoOBgZyFd2WrA/3dx7JXujEkfiNHus9qyzdp3uimW/RN50OYxzvZehVUTKymONw4ZC8Rs1W6jqxvgZXsPT1e2rpWtJyQFx9RX92T2fi7/khhmaqw6jqN243wVa08wIZMw+hUrqa3CWHx4278rP2mp0vdTSHvtlcy+GY5O3TPbZhnsnRl5bPG2NzuQBue62rXNI2C8V6cuLqGqaNXle7C9XtFa58GZDkjheU1lD3ZR7LRalyioyLdTaKUsIb2UGM+JwEUDS4HK5LWDpL9l+1wc0Fu+UyrhbVUzonN3xsg0EgcNJU0bbKReHkua3o83rInU1a5uMbqPc4BLHkjGQtN1RbtLxURt2Jyq404mDRp7LfTec+6nKwYnwdFQNvyVpG0taBp2XblQfJVbJtPlccHCnSsa1rXNG2P1XSr1CfZz5U7ODC9TW4w1AlDfI9ZOlrXWe+aTsx2M/Yr1e728V9r1ho1DOF5ffaMsIn0Zczyn3XRos3HntfpNqc0N6zovk6mG80ozBUAZcOMqAZo622ObKAQWlpHqrukcL10tLb6gfzoZMsb7YWLjqXU0r6STykZ2PsvS6CaWDw3kqXncumeN9XWl1rvMsbRhkhLmKrZnGCtp8RX09RNCdH8xpyD7LGk6eV6/TNyhlniL0ozaR1hLTsVpbFe//AIapP2KzIIyjMdp3XQqlgwX1RsWGj0eBwlGRuEZoweVjLZfJ6RohlJcD3Wrp5BLE2QHIcMroVs4N2mnTLDLCLGkIqiQkghSmnITcmZ8BW7KQzs1RwcI7SDwmCmiVEQQCUVsYJ2H7qIcjglFhlyQCnQeRXBLEXlyuHlPY4OGCneEDvhH0LdhxnKkM5UcDCkM5V+xc1uDs4UiLkqOzhHi5KMzTWGS2dkaMDIKCzsjMOME+6NABmAIzOyEw5RW9k9IVYGa0EZIRQBlDZ9IRRyrFBGNGERqYzhPaptTeCBA0ZR2gAbIbcuOfRHHCtQ9i28Dm7EJ44XByiDhDjAOeMjs57IjcZ2TUVWkmA5DhwiDlMTwDnKAU5NhQc4yiobdgPdFaMlHsyVNj2k8ooc4DlNAGE9A4kT4HM+pGGDg44QEZqJRyRBAANgnYCanq1HDFj11n1BcSUCwGGF3I9UDJ9Sutcc7k4UKwHSXARjcpZChQ1JLLf6v2Sy3+r9kZbjkSSZkLhIwqCCkjB3CjknKRO/KbkI1wW3kdkrmo+q4SByh53RN4JgO85xgoZAaNTnYHqhz1LKeMve7GOF5j1/8AEqno4Tb6OoL3uyCW+qFS9B06ed8tsUWvXXxEt1oiFPTy63HIc5v+S8OvN+rLvUSSSSnQ4+VueAoVbXVNfKZKqbUckgeijZGOc5QN4PV6XQR00cIWe4O66C4jjKGBl3KkMGRlJlM6temlMayP9lIa1JjM7KVFCXHASJTyd7RaVpYBxtycFWdJRasEp1BbfEfqeOOAtDRWnGDxslOSPQaTQuUlgi0Vty5pLf3WipaENDSBjCNRW4NaMNVjDSkEABLc88HoadLGv8SPFTaCPKpzGANCK2EAbhIkAfbOUCZshFRQPSBydgs91H1bS2pj42EOcRjOVD6t6wgoI3wwOy4ZBIPK8srrlPcZTNK4kHgZQOzPBy/JeQ+L/TqH3S8VVyqXyvldpJ2GVAaCTjCaIy4qTHGGgFw2US9nlp2zs/JjoowcErrtLQm5wos8pAwiMtssCqKjHlGFEILjknlIgudklSYYhgHGFohHBzpzc3gHFEQ4EjhTxhoaA1JkQAzpTXyBpwVrjFGebwGB4JT/ABdQHlwhNY54BAUlsYABwmxjgy2TE0EnzIzABx2QxvjA4ThsN0YpzHJJLh4VACyPVccRhAcTqO5XM+pTMkHanEk4yp1vt7pMySYbtkAolst2r+dKPcBGr66OmjcGkDtt3VDVDjcNrKuKjjAbjA7+pVBV1ktW7LjgeiU8xnOd/VDbGcqOfovKSOMicSCeFLjjAwcfulHH3wnTOxgYVZQuTbHPLQAQQFDqalrGncIdTVeG1UlXXOkJGTulX6iNEdzH1VOTywlfXueS1qriXPJJSJ1OyU8AYXEttldLdI6FdSiNSXcFcSB2UkdaMlE9Nk1hAxlEyAEQmcmzicuNY6U+UKQykczBeeUyMMipSwMMZkwQEZsQaON0TAYOEk6MAHPcC2HZcyfRPII7J2AnfGEmxmr2XMj0RUlPjLyBxlFhiLnABdAycKdR0pcQ4hBYnFD9NTLUWKC6DU1OMAlqt6aPWQxo9gokTA3y43K3nSPS8tTIyWWIYOCAVhsy2e88XocyVNaL/orpAyBsr4wc4OSF63bKKKjgayNobt2UC1W+K3U7Y4274GVZxOOwJSbJYR9P8boo6aOESQSE/JQxunrO5HajHA9Oz2KbqA4K5kJMpDjo2TvG2xhCL8dklM5CHA5SJDRknA9ShukDGl2fzXnPXXXjYGOt9vndI/hxZ2TPxMuq1UdLDLC9eddiAOtNpky85EkjTx7LzbW+dxe7JJ3JTYmPqMHCtqO3udpGMe6bCGTxOr1M9VPdIj09G6RwOlXtDaA8AuGFJobcGYOgbe6tWMawYAWqMNpkVfsFHGA0DHAwnNaE9daM5ThqijmewC7DGdQ2T4o84JCkAAIglWJseBwkcNXdeBwoFdWsgZrc7BHAUcsBqOOyRLKACfRVNXcTwH4QpauepboHlB9E2Okc4glVvIRpH1k7gWHI7qVT0riQHDBU6lpgzsEUtaMKxYGOkazBCOI2jsm5CRxwoTAQYHcBc142QC4Z+pc8ZqhN2DKpmsphrKYDPij9VFfdIGjylP5PzE6miZuRwuHZVEl3dxGchAfW1D85dsfdHhjVpbZdIvH1Ubc5IUM3SEEjuFVume7OXcpmW91fRphoZvsny3k7iJqivr5pRguQdPoV0RuJ3UckjdT47+w8yyk+Z2Ug/GwanthceyI2kccLPKaZ2dN41yxhDASeAnBhKMKfG5/zRmxEb4wkylg7NHiG+0RhESfpRmwbZLVIDQBs1dx7LPKw61PjVDHBG0AbZS0k8FHMfsnNiLzws8p5OnDSgAM7BEEWcDCkMo3PUqO36MOmcA1InPBtq00faK9tM4/SOfdHit0rzlqmzPt9K0HxBke6rKnqaCAaYjj7FZ5ts2wrphyyfHQQsGZt8J756Cmb5HDKytX1NPOS2MH7qGHV9WctecHslODkW7oR/A0tTf6aLIac4VRVdQSTgiN2yFDZauUh0g+6soLPTxgBzRlUqE/yQqeoslwikE9xqXnSSQVJitdS/d7cAq+bDBA3DGgfkhPqWt4GU2OlT6ETsb5kQY7VGwAubupLKSnYNmjIXJarI2ChyVZBxjunw0WejJZq4V9ks+HHnSQEB1Q07YChuqnHIHdDMVTIQGNyCtFeheeTh6v6j0+nTWSS6dueQh/MatsLsVumJBkzgqa2hY0DS3B7rXXo1H2eX1n1XZYsQ4K93zDz5GZyuNpJzu9uMqxEYb9IwiBzWDURlO+CMDzd3k9VqJZnIgspg36gnObGzHCdNO3cAYUMOMj8Eq0hLk5cyJB27LmpObGTjb90ZseANk5IUmkMDTnhPDRjhPDQE7IxwrKc2ugbWBIaRvsu+IOFVV90igcY2uyfulTtjHsbFb+ibLK1h9vuqOvugkeYoTsNifVRqmtqao4DiGoFNRzyyhrRjuSeAuVqNfte2B6XxPgLdTJSsXBw+NK/J3yp1NQu2LtlMprbgjbOFZx0wbw1cm7UO38j6b43wkNOkoxAUVC0AEhWAgazcDddjja0cYRmu2XPtnk9NRp41rCB6MbcJzNLRnGSE4uABycoLHHOyz8yNaaQXxAdkMvcPddaXZw0co0dLLKQXtGlSNeSStwAZl/0jhSYKbHmKK9tLSN850rOXfqVjGup6fORtkFPhSY7tbGuLci8nuEFE05cB+ay936kklDmROyMqhqblUVOz3nH3UV8wAwtlVGTzGv84nBqPAaesdIXF2+QoTp3HbSntY95GByjiiaG63DZb6tN7PGavys08ReSIGySkaRkd1Jjo4426iMJfM00Qww4Khz1krzgP2W6FcYLg4Vl1t0syJL54ochjs+qiuqtYKiuc4nJKarl1wSMeTr5sOIA5QNRccZROSutYAQSs9k8GyjTO1pIQjO2QpAAwAAma2twOMJjp8jAC519rZ6jTaaNCwh7psY7rkczuMILWPe7jlT6alwQ7usMrG2dSmDfQ1ut3ZObGc7hSg1jW4wFzWwfh3Vd8m5JRXIxsO2cJ+kDbCHqycAJ7RqODsoXv5HMYO/ZE2Awlpa1uo7BRZa6Jvlad1eCTvjWuSc3yglRZK2OLI4JUR76mfZh8v3Raek0OEk/mPYdkTizO75SfB3NRO7IGQjRwO1AuC783TQg5cBhV9Tfo25bEd0Uam+wbNZTXDdJlv5YWAHhRprpSxbF4JWdnulTK768BRJHl+5K016fJzLfMrH+mXtRfYmHELsZ9lXT3OonGC7YqveRkHlPYtEdPtOXd5C23tjpJXynLzlM2S/JODdSdGtIxTuy+R2MokUReeEWCDO7gpbI2sHCco4Mltv6BRU0YGXDcIjiAMAJr3b7IYce4TYxSEpuQ8knum6fddSVhgkkl3BVBjk3cnAGSeyJHE6YlrD5j+y9E6R+H7YY4a+6gPeeBjGVlut2rB0vF+Ku8nbsr6KzpHoCruz4qiqxEx/Ac3O36r27p6x0FjpGRxxNBaNz6p1otMVJC06ANthjgI1wrGwN8oyW9vVYJz3H2TxPiKvGVbK+/wB+wlyubYI/5T9zsAFTt+ZrSTITgldhpZ66oBPHOewCvKelZE0AAbLLOR36632cpqSKCFrGNA23PcogjHc7Lj8kbbAKLU1r4W6WYKztvI7GAtZU01PFlpOs7AdyVXEPlaJKge4CExsjtVVVbn8I9EJ0tRVPEbHEBWC5YFPM7RohGM7ZVnZLM53+81LRv9LTyiWq1iN/jVLdWOAVOrbtT22EvcBtwMqE49kp8kFDDk4GP3WHvnUxme6GH6htnPCiXi+z3XLIZC3JUGGm4c7lC3gzWy3PEGDZFJM7W9x37qfFBK9rW00OrtsjUVulrHiKJh35ONltbLYhbWtcAHOA390udqiMq07k8srbV0xDSsFVUDM7xnHotHRU0j4w6UBjD+HHKlNoyWtnqBpB3AQrhcI4I9TcABc7Uaz1FnX0+iilljpJ6ekHnONtgqeqlmu0ggpAQM4cUqahr7vO6V2BF2cT2Wrt9uipIQyJgz3OFyNRq16OnVpkuiHa7JFRRNDmBzvUrRUtMdiR2RKaiEQEsoB749EX5mEDEIL3DgBca++UuzdGtRO6I4xhxwmMZV1x8KkZhh/EpFDa6irf49Zsw8tVjVVlBZoQ5+ljezRySsjsbYzHpA6a1U9IfFcNTu5KiVFfJK4xUkes5wAO6AJbpf59NPmGnJ9eytYaent7fBbhz8blTcmEk0RWRVDSPHwc9lKbFE3zBgB9V1zhk6j+Sh1teynjJc7SeynYRIlqNPsPVUVdeyZTBSed/Yeqbqr7w4xQksjP4lc2qx0tvw4tEjwOSFYMngqKLpma4SCtu7zg8R+i0dLT09FD4UTA0BElnBxgKtr6+OCIyPkDSFAJLJOkmaznGCqG83+KkDhG/VhUl06hnrCYaYnQOHKuZDK465nZJ9UaWQTtZcK25PDnPLW/0gp0FEcgsZkqdSW18pGlgAVsKWGjYHad1ojEpywVtNQPfgytwEaaalowC3YhDrLqBlkJxsqaeoe85cOUWUiiVX3eSQ6Yn7KokJkcXOO5RSNRyB+isqC1CZofOMZ4CjeACnhpJpnYjblXFDZtgahn7K4prXFDgsCm+FsBjhU7URRyQqahip92BSxg4BC6WY3I2USouFLBy/J9EuUy8E+OA7OxgHuo9Zc6aj/lsJdJ6BVk1XdbhiKkdoh5zwp1BZdAElQ7W/HJWadgWMkV/wDELq3w/wC6aeSO6nW6zx0LACA4+pVlTQNYMBuylmIHTpCROzIaiyLHCeMKRHBnfGFIjg9lIjgzvjCzzswOjEisphzpRY6fzcKW2n2OW7/dFjpsHcLPO0MjR0w28qOym74UplPnHl/dHZT+oSpTbFkTwf8AD+6QhH9P7qwEOPw/uuiL2Qb+RhC+XOQNP7p4gPopZYNlzSfRXnJRG8E+iQh33Urw0vDUIBELcbldELQpGgpaCoQCG42C45vujaVwZJ4UXZCPp090tIOC44HqpDg1oy4gD7rM3nqcRZp7Y/Mv9S0xiW2W1ZcKCgj1zT7/ANKx1xvNXcJ3thldFT9lFeyapl8epkc9x3OTsiAtjAwBstVdeRMpNgmU4aQ4gE+qdI9rBtgpslQcBoCGyNzj5jjK0xWAcHDI558oRGROfthSae3kkEjlWdPRFuNsIpSSDUCrhoHOOSMKxpqNrMbduVPbA1oHlC4cMHCpWeiKAwQNjGyj1lQ2FvCFW1xiwGjcquAq6yUNzgck+ivOeRqhjsBUz1U0mImkjuplJbY2gSyN8x3UqnodG+PzypWkNACNvAxL9A2sa1oaBgBcfpx2Ti4YO6C2Nznb8KoyyQE5/mIAyhaXA5KsG0zCzIG6Y6Jo5aFaKZELARuEms0go8ga1uo8KhuV9cWupra0SSHk54WiqDkZpyx2Ta6tgoo/EkcNu2Vl665VlxLg0mCA9xzhGjpZJGiSvfrlO5bny/miSRgDAAx7LfTTjlmS2eOCDBQxU+C3cnupDQO6JoOBhMlkhgY50zsEdvVbIVmZySEYwRnso0k0UOzCXn0CRlnnIEQ0xcjKJHSxjzNGH+q1QrM9lmSKIpZ/5sg0tPZdY1uThqlubgbqNUzU1JEZJSGMHJK0xqbMF9+1cjHNB5PCpbzf6S1Zw4Pc0bb43VLf+r8l0Vsdsdg/1WQn+Zqn+JPI55PqVsqqOJq9bziBPunUtyuz3F0jmN7AFVJjL+QpdNSODgCzOVa0dnfI7MjMBbq68HKnKV3ZRR0PiHBVvQWmM4c4bhXkNopmNBLM+ylsgijbpawBalFIGNWCuioxCAGtTzGANzwpbw0d1DmfvgBNjHILwgMijyEjsivyTlMkGWpqrZktn6I0nCjuGchSnN3ySolTI2NuokJm1ox2WKPLBFgHflAmc1gy44Cg198p4fLnLsbLP1V3qKrLQ7SE1VNnL1OtrhHOS6q7nS02cPBJCpa2/SSsdHE/YqvdqeSXHJQjHpO4To0tnDs8lOQOWSpmwHzEoIbp5U2np3ynSxpJU+ms5+qdu3ZMVeDLZc7eykBLtmt3RqahqZ+WaAe5V94Nuox52hRaq8xNbin29gi2CVOMe2DhsjG+eeVhxvgJzpKKnwIcAhVs9xqnEb4BQmsfMc5KtQFWXZ4gWE90fjTE4EKGJpXkj13RoKT+oIr6ZrRwAjjHBlnZa3yR9GRlMIYzfZckmZG7TnZRpZ4x9L8lTGRcrEvyDPmaDjCG6do7KO6obtsmuqoNsuKnx5A+X9B/mPQJpqHEfT+6A6eM/S7KGZvZX8Yt3Sb4Jfjkn/1XdTvVQPGdnAC740/aTH5KOsYrXjkmOklzkEgfZc8XbcKHrnz9ey6JXeiCUcAu9+iT40fDiQuPa1w5QPEH9ISyfVCqwPkk+xFm+yGWnCInHhSVTZW5MjBxa7ZEFQ7OTumu5KZrOfpStjLy0SfmMjzDZL+S/wDFlRTjukD6KLKK+TkMIYm7sGPzTXPnGND8ALmrB5T/ABB6KYyWmNFVVg4MikxXKZgA7+xUZwB42QMEbZwr+OLNENROv8WaOh6pnpRoMxb+a2PT/wAU7jQOa1tXkD+rcFeUGM5yiMdjsky0sTsaP6k1mlaxLo+lbT8VrXXiNlY1sch5cDstrbr5a69jRSVzNXoSvj2GulhdqjcWkforW2dWXekqRIKsgDsslmjyeq0X1rultu4Prts9cx+Wva5vZSW3OlaA2qJid6ngr5/sHxkrqBjWVIFQ1vYu3x91vrP8VumLuGx148Av7uwQsk9O4nr9H53T6iOVNJ/o9NidFIMxva4eoOU8sA3BVHbXW6ujE1puDCeRodypxq62nIbNBrH9bUmUXHs7FerUuOyXp910jKFDWQTbF2l3odijY9DlCao2xkLw24wmGMjjZGZ9QRNAc0bYQTeBuEypuVjtd4gdBcqOOYEclu4/NeW9T/BWCYyVFnfp7hi9kDM7BcbAXcBXG6cXwc/V+N0+qjia5Pku89IXqzSOZU0z9Le4CpSJIz5mnC+wq+x2+4ROiq6Vjg4ckDK836m+DtK9j5bW0EHLgw8hbK789njtf9NTqzZRyeGRzB3JRmVE9PI2ammdE8bhzThWl66PuNrmcHwPbj2VPNT1lI0PfGS1a4XZ6PN2aadfE1g9E6U+K1Zby2C+66iPGPEB3C9UobrbbzSsq6GZs0cgzkdl8zxVMMvlPkd6FWNrvFyskwqLZMGO7g8FaadRLOGYbKlI95udkoq9pEkYye+NwsBfLRVWeYskZqYd2vHBCvekviVar6RRV5+Vqo2+YuPlf9lq5YqatYYpomSMcNtQzsulVbk5Gp0yTPImvyCWnH2KnxXSnqaf5G5R64yMB2MlaK+dBS4NVZAC45JYTssJUCRsj4J4zG9hLXNOxBWmE8nJt020fduk3wxfP2V5laNzpO7VWU9xma75W4Rj087VcWm9T2l2n64OHN9lb1tssnU9KJaGdkc2Mjtg+hWhSMUq+Sotl1q7bISx5npXjBi1fT7j0Wmpq+lq49cDjnu1w3Cxj6OttMvgVsfkOzZBuCpVNVPgkEsL9/vynKXAiyvd2belrZqR+uF5afZaqz9SU1RiKsbpPGcLz+hucVX5CNL8cHupzHjVseEZxdb4+Mvvgj1eimqqR3jUMuWHzAA7FayhutsvkHy9W9sFYBggnBXjVq6grqTAD9TR2JWvoqqlu8bZ4naJ275Bwco8o81bRKPLR6BNFJTxCkubWyU7vKJfb0K8/wCsPh62AuudlHl+otG+QtdZuqw9os97a0ucNMUruB91ZGmkoG6tQmpZNiBuB/6K08GffOs8js3U9XbcUtSD5DweV6LYr5FVRtPiDDx68FV/V/R8NxpRX2mNglZ5iAPqHosFHWXGyy+G5j2EHcHZHjcU8TPbGvBGR3T1hOmurhM8RTOznbBWyhqRIduDuglHAqdbiS04jbATQcjKekyipdgJtPKPIfiD8Oam1yv6lsDSadpLqmFo2aPUD9VnbRd3QvbPTvP+Jq+gtJxleQde9Ay2iqffrBERC86poG8A9yF5PzXiYWxcoI+mfSn1PKmSpvkX1ou0dTEJozhw5wdwvU+jeuvEiittzcHEbMkPJHoV86Wy6u8tRSkhzPrZ399lubHeIblH/Ldoe3t3BXyjzPiG28RP0L4P6g3qPJ9Iup4aiESMw5rgqWopprbN48GdBO7VlujuspqN7KK4SamEYDivQnmOqhEsJDmu3Xgr6J6ee2R9B09qthuIdJVNqmam9uR6Ke0qiqopKGT5mlacH6mKZQXOKq8h8r/QpLHNFsDlDI0nICa2VpJCcXahhVgrskU8uryo4xgtIyFWOc+mla8AlrtirCN4xuVaeOQJRyU18oBpE8LTjOCAsfcoPJ40Wz43ashelOYHAg4OfVZLqG0OtsoqohmKU+YY2C26bUbJoz2171hhra62/Ffouu6A6lx4zIPKXDOsYIyPscL8zv7QPwSv3wp6uqaKajIp3f3JaCWubk9/ZfoFVips1RF1FaXObJSnVhhwVO+L/Q1k+P8A8OXVdPHCbvE5uPLhzHY9V6/xWulp7lOJ5TzHiar6vis69f2Z+TTM435RMjsVfdbdI13SV4noKwN+sgaeFmwCN87L6dpr43wU4vs+R+R0ktFb8M+yQyTfGOUdrid8KG3ZHjOOy2xnjg5koh12N2lw9kmnLUNv1lNTFyjlYLunILRupkTzxhVdGcDnKnRu34WiLMNq2mgslQfELSdsKyrXB7cYWdtkxjnbtytE4tc3OeyepZWDk2w2zyV9PII5titG0iam8p5Cx4eWVB+61dpk8aMRgdlpgxN8G1uLTpuR7JnxB2W+isblEXxSNZ2GVn7c6SnumluwJ4WkqnHVjHITnyjnz+2zKPPK4ESkH1QY3AcnlS7u3TM8Y5cVWwkg8rJKPJ1KuYJklgzM3sEyc4P5p47FDlGcJUo8DqW4S3BIpS3BXpHStYJaPUzfAAK8yaRutp0fWN0CNp74cF5PylXLwfSPp7V4ijQ3holjc9zd1Rxu2A9FpaiNrxgjIWYLdFU9gJwCcZXnrOD3dVmTZfDC6/IdTMiMgaJm4yV9BQvJcD6r5WttU2gulPVPB0tdgkL6ctFaK6hgrGtAZKwOG68r5anMtyPW+DvynWXcJyFKj+lQYiAcKXC7SvN2rDPVrgNgpp5KK3BHC5p83KGPYbWSO9vbK+YepKb5Dra40UW0b8SBuPpPfC+pXM3zlfP/AMW7e2j63p66LAMzAXYGxyu/4i7ZZg839QUZpVn9zzjquhLWMqmt3Aw5ZGcHYheo3ulZLQvLm9l5rUx+G8j0K+haHUOa2yPjn1PoY0WKyPsBT1Pgv1aeFqafRX0w04OpuVlAzfOVa2Wt+XqhGT5HbYW6x5Rw9LY09rKm6RuoanOMbrddF3tszWN1bgfsqfqG1iqiM0Y3AyqLpuvfb64ROOBqXP1EMnpfH3Omf9j3V7W1dKWc6hsvP7nTy2+v1DIGd1sbDXtqIG4dnbIUfqS3NlY6ZreRlci2Po9fGScPlRCoajxYmvacHn816V0fdvmabwZHjW0YOTyvG7XVvjmdATgtOwPotfZbi6gropg46DgOXH1Wnz0dnxuqy9zPaaKYggOCtGMa8B2eVQUVVHVwRzw8OAPKtqaUggHsvMamvZLCPWVz3LJYUj3RSjPCtmO1jIVQ0Z0kbKfSS4GCsbeB8ejtxpRU0zoyMnGQs1TRYe6J2xbstfu8Kir7eaet8VrsB4yjhIXZDLwUd5tpq6YhoAczcKqhhc+kY3uNlshTCQDKpJLe6jq3xv8A7uQ5HsfRbq7OTJbTlFLh1PIGuA0nYg8LLdV2dul7mNGCSdh2K3l6t5jp2ytGw5VJLTCupCTgnghdOi/BydTQrI7Tye1TGhq3wu5zuPULMdX0MrHC4R8eIc4W06mtUtrvcdd/wnnS7AVJ1IwVFA4MH4sr0vjtTiayeJ8tomouK9HhnUta6qr8PbgMGFRTAYBC0/WdtNPKKpjNjysuHktyQvfaWxSqR8o1dMq7XuAgnKkMcNkBwI4SG+CStanyZGic1ytbdeZ6MCMkuYOxVNGNgitW2uzgTbBWRwz0G310NZG2RjhnuMqyjdtjC84oa+ajkDo3nHcLW2m+U9aBE86HgdzytSlns4mq0sq1mKL8k52RGHCjteD+aK13sm5OZ7JIfnsixcqKTlFiJBAT4PBWGT43H1UyPfuq+MhSopAAMpuTPNZJehINIXGPAOCjamuAACIA41Gj+pCRGAnOEYiwmxcIiDGiDlGgCTGcqQHY4UZnZHYdgSmoRNZDx8hSWcqEzlSI/pR9CyUOERRxyiDhW0QlR4yMhHURpUhj852RABkRqEDlEaQgACoqDkIoIPCgGAg5RmkEcIKeDhQEOjM+yCisOCjQDDJLgIwuogR8ZGQjNIUVqIw4xkqsFpkpPQchPUTyRrA9JcyF1WUJJJJQg/JSyUxJQg/JTclcTMqECZKZkriYTsVTeC0sj8+6bkoW+vkp+QG7nCpstI68j1CiXG5UlsgMtTNoPI2VJfurLdZw8vl1Fo23XifVfxBuV2qJI46jybgAHYBFlGvTaSeoltRqevfil81G6gtrnNwSC8ckLyepq5al5klcXO9SUOSpc53mGSUwODhwkyng9VptIqYqMVydMpOy63U7YrjIC52VMjhwB5UqdmTsUaacu+gTISSHKZHHk4yuxwn047KbDSPecjAyszmdrS6TL4GQ0xdwOVaUNE7UDhHt1sccEszn3WlobaG4OjGPdR8nodLotvJFt1tyDlmNlfU9DgNPsj0NGGk+TGytI4GjHlSpJo7dFWxYRGpacAYIUoRD0wntYGjIGyiXK7UNth8SafB9FTew1OUa1ulwPqqmKmYfEdjbuvPerOvY6fVRUO5Ozngqm6u69nrpnU9JJ5QMbLF+Z5y4k53ykuw4PkPKx/2qWEqauorZ3zTvzngeia1dERHZcxp5QNnAcs8scCByEnybZA4TXO1JpdgcK08i5SSOvmABHsouNfmI2C6Q6V2cKSyDAG260QjlmS2W4CyDUBspLYi1oOMrrgI8ZTXVEjhpZwFrSME5KI2Sd7CGtxunQwvkcHnsiU1KHjXMN+ykkMiA0haIpmKy3LHMYGNAS5S5TvpTjLKWTn0pZ1JPOVwcKAnUsFc/EjNaHIQ8AdOTyptHbzMQ7T+aLS0PiHUW8eqLUVsdHGQxwBATHwHCGeZdCrK2Kkh8KM4wMHfkrO1MslTJrcduw9EppJJ3Fz3ZycpgByqUshWTzwhzWeyOxjdIQm7Lpn0txhADtywxe1o3IVbXV7WHAGcINbXtYCQTlUs1Q+Z+ouKx3anZ0PrpzywlTWOme45JQCMpqeuVbOU5ZkzVCKiMXRylgpYPoq7G9IJsQNlwjHddjaXZDRlSIaSVxy5uyKNcpdAOfJEa0veMDdWFNRbAzDlHiipox5xuFySXVs0bdlohWl+QErN3B3w4o/oaB9kwlz+y4A4lGawjcBOjBCnLAPBK6n6QO2U3BTYxwUNwEzBzlSNDvRM0eyMI4OEk8Mz2TmM83CpvBFzwdgiL3jZXNPGGMGyjUrGsA2VnR001XKIomZzysN08nrPEaL44pLtlx0tYnXOoEpjJaHYC9u6YsLKNgdKPpGyzfRNhFHTRF7MYGo/dbqAkH0CxzeEfVfD+P+CtSkuSbpB4Oy6HsYfO7C4zjdJ7GStLH91isnyenrjtjklwSMmH8t2UZUGqotNQHsJc0/phXMFXFUxiSM88j0KXwxldinw+wmSlkriSE0Yz0JKV4Y3JIx6pkkgY3O2PVecdeddeCDbrYS542e5p7qCtTqY6eOWF6665bAyS2W+TMh21N7Fed0sM1TKZZXZcd3H3SpqWavldNNkuO5JWjtlpMbWuc0DPCfCG48hqdRO+TlJkegteohxatBR0DWYO3CNBStaweUABFAaM4WuEdpkUUPbC1gwEMuA7JxcScIrIinBRhkZFl5xhHbGF0ARjhN1tGSSoM2DgMLks8UIzI7ChVVw8Mlsbtwq189RUHSQpKWCEusurnO005wq8eLK8ukJKPFDg6nNRwxo4CDO4BxyDhiDRuFLjDQhjA4XN+yhTD+PowAEN7i7krjnBoJJ2Cr6u5xR8Hce6MXKaROaXck8Jk0+BjCo57vMdmnA+6hyVdQ5270WRTswXc1xaw4cf0UcXB25B5VS6cYBccofz0ZwOFUpYFymZXxH+pXNR9FK+XPonNp91vbSPikPGb/RHiaecI4ACkMp8Yw1FbSOPKW7Ujq6fxU2sYIRY4kDC62B7iNlYso8YJCMyBoAy0bJUr8nSp8Jn8iCyjdgHGEVtPjGQpfhdsJ4hHOFnnc2dbT+JhAA2EAYRPDGMIojIRm07nY2/NIcm+zpV6SMelgjtj7AJ4iHPCktgdkEongxcyDhBKeDXGjCIYj1cbrohJOFJlqqGBn1AEKpqL/FGS2EjKrOSt0IfkWbKXUAXD7rsslJTAOJDT91m5+oK1/lidpBUX/fa075eky5Irl/QaCfqCkg2aOO+VUVnUk1SwxQ534TI7JVSnLxgd9lZ0djpmEFzd++yTJZYanbPsoGtuFbjUFJhsNS8hz+PstPHS0tOMtaMgJpqmxjYZU+OUukSX7ZX0ljhjwXNBP2VjHS01NuxgyEE17WnfuolRW529fdNhp2zPLVVw9lhJVNbxjZRZKxvbCrJa0nuor6pzthutVelyc/V+UrqjlzSLOWv7asKBNW+6YymrZztEcHup0FjLyDUjHstK0qR5HWfVKhLEOStfVzvdiM8+yNDR1UuNcZwVoKW108A1NaD9wpegNGwCbGpRPLazzupvbwyljs8IAc4HKkspREPKFNLRwuODQPdPUV7OYrZ2czZGLRxhcIGE6RwBUSeraG4IQyaiRLIp5A04GCoM1TnyhBmqJZHYYcZShpnEhziktuQ6P2nDrkPCPBAQQSEeKmwAS1GbGAAeEUYlTlg4yIbZCINlwu9kN8wbu7YK8illsI4j1Uaoq2Rs8xACh113gjbpad8bKhmqaqokOMlpKy3XxiuTdpNBbq5bYIn3K6jSY6d255VM6KWpkD3EnPdS2UT5cFzeVaUVDpwSB91xdTq3LhH0fw30mq4qdqINLbztqB/VWtHSaONhzypTKRowQ3hSxC0AdlyZ2ZZ7/R6CNMcRQOGJrQNlI0MahkYBTZCBtlJcmdOMdqCSb8IBk07YTHztjbku37e65FDNUyAHjkqks9gSt9IJ4heeUeGjkl3GwUqnoIo263hQLl1HQ23yk7jjdMhVkRZqYVrNjwTfAERGsjblVVz6shpJDDC4HHfKyl26sqq6Y+BK5jTyAqaSQzODnO3WiFDZ57Wec2y21lzX32rrpDqldpztgqCXYBJO6jsYDhF8IPIzwt9Gn/Z5XW+Usm9+RmdZw1uUWGm21yDcpa6enBzsVGqLp4gLWuz9lujVGPR523VWXP7nwSZHRQM1d+wCgy3CeVpYdgUNz3vHJTAMJu1IQkCJyclcwfVOIA7piBprotI4uHhcfvuCgOlOQMIZPgdGIYcldeduUxh23TXk+q511nJ3tHWlHItTycKTBASQ4lBiAzkqU17QAAVhm9zO7VGPsOxjG4RPFw3GFFD+4PHuuiYnygJahk1qyMV9oYzEuxhJpLu6F31YQ31bY2nfBHdGqsgS1KX5E0YjGpw2UapukEA0sdlxVdUXB9RmNjtu+EyGnjJDnjJTY0sx3eQS/Fkv5irqyAwksPujx0wjw6Q/dA+Zjp4vLsewUSorqiUY17eiY9O2YrfJKPfLLSWspaVuGyZcq+W6VEuWhw0qC4l5y45K61Mq03JzrvJWWcLodJNJKcvdug4HoiYKGtCoSMUr5WPLEknpJirSIhhGUgMJ4GTgIkUReUSrI3gEGknAClxUoGHHlHgpWjsnkYGE1RM07MjGtDRgLpO2E0kE4SRxQL57BkEldxhOwE1WV0NTkkw+ypvAxvA9GpKGruEogo49byjWu2VF1qW0tO0lzjuccL1jpzpihsVOBhss7tySNwst1yhweh8P4a3yD3S4gQukOjYrRHFWVcTHzn1Gd16Tbra3y1E7QMfQ1K0WsRsFXVtG4yxn+qk11SIItY98Bc623J9e8b42rQUqFaO19bHTR4b9R2AHdVUBmrp/P8AmmU9NU3GoySRk5z2AV9FRw0kbQBv3WVzz0dqusVNTtphhpynl2BjK4SAFDqKlrMhIk89GjG0dUVLm5DCoJmYMySnJB2CU0pzk75TaenfNIGt3z+ypIAZIZqtzWNGGlX1qtcUJEkmHEDb2912joI6U6nlrttvRV3UHUkNFEYYTv3IVi28Eq/X2ktoIY4PI7BYKsrqi5TGSQnHYZTHyz18zpZXZ1cD0U2jpAActVdCpSc+ERqamORkbq+tVkluEgjj8oHJwrKw9OSVDmPki2O+/C2NHb4aUARt0++FkuuVaNOm0zk8kOitUVDG2OJm45OOVN/u8YxlMqbkIpDBRO1v7IOTENT/ADSO3cVx9Rrc8HZo0mBtbXSMbh7s54CHTWx1xAkqciMHOOMqVRWt8rvm61xwd2t9laU9LLVS+HEP5Z21LlW6nJ0oU7RtLCWtbBTxDSNshXUFMKeFvi7HuSnxU0FshwDuNz6lPp7dVXF5mrRohP0t7lc+23JojHANgq7h/JpYz4Z2Ls9lb0FrgpYw0NBI5JR2tpLfSbHww391mK29XC+VptVgZlrR/MlJ8oCyt5DwT7p1Myme+goMSSu22KFbumq24N/iF9kDdOC1h4wrGxdNW2xxfOVpFRUu4zzqU98s1UQJXfy/6UttFrd6F4kQiEFFEI8DGoDsgu0x+d5zg7ldnmiphvjceqqZ6ie5O+Vozpz9bjwAh5yE1hcj6+5M8XTT+Z52DfVNorBU1MorLi7SD9LVY2600lE0PeBLIPxEKVUVDQB6BMQLbkOEUFOzETA3bsorptOSRsVGr7gyljLnu3HAzuVmLhe6irZ4bcsCYTGC0uPULIHmOI5I9FnKmomqpHPlfkHt6IYic4jO5Ks6G1yPcDINj2RRjnsjZXU1OXOy1nHor6it4bG18zdzwFJjoYYGhzWjZV9wu3gkxwHOOSnpYFTJs00NDCTnfsPdZ+tus8zi1rtlFqq6epOHOQY2Fyty9CsjiXPOc7lEhgdK4AjZSaake8jIVtS0LY8OLUEm1yGRqK2RY1FgyFaQwMYRhqdG1jBgBLUAcoZSbQSiHLWtAxuiBuRlDhaZIw5PeSBgDKzuT9hbSuuzax2mKkeACPMoFJYXPnE9TJqI7eitpI5XPzg+nKkUIaZBE76iqbeCOIoaMMHlACmRQk42UmKkJxspccIGMtWSyzaNjEixU3spTKc5yQpEdPxlv7qVHTYI2ws7uGbUQ2U230/llHjpt+FMZTjH0/upDIN84Sp2OReUiE2Ag7t2+6MyEbFTBDgcJzYUmUiN4Asi3Awith2R2R7BE0DSqyKcyJ4Q9V3wUfQc50/uiNYMKZRWSL8uVz5fG6l7eiW3opksjeGPT90vDHojEA9ksBWUA8M+ibgKXpGOFGPdx2HqjSyMQ3GN1BuFxgoI/EfjPplQbvf4WNNPSP1OPJCzk0sk5zK4n7rTXU+wZPArjdKuvLix5Yx3ByobY2tIcQCUVxa0KPrc4loHK11wBXI58gAwGqPlzzwpMdM92/OVY0dsccFwCeopcEwisho3PIyMZVpTWwNwX/rhWUFBHGNwCVIhi2VOW3omCNDRNa3jZGMLWlSA0AbbIU7wBsP3Q72xiAvOn3VZWVwzoYPzTay4ZJiiz6EoFPSvldqd90UVktLJFZSz1E2oknO+/GFZ09O2EYwpEEAiH04RDho5TMDlDI3DWjPooszidm7o4zO/S1uw5R4qWNo2G/qoRtRIUNLqAfL+QR/BYBspDm6UIyAZzgY9VaWQXLAPTjOFX19xhpWa3kEj8OeUGvuxc8xUuSRtkdyoTaYOe2erGt491qpqcmZ5WLor5Za+7uL3F0MBPlbndc+WipR/LaM9ypr5Wsy1o2UR8mrtwunTQkZLGCOXuydihyu8NuTwm1E7WDY79hlRo21lS7Dxpb7rVCDRjtlk6+uIOmDd/ok6kfJI2eqIJ7AdlJipWRYOBq9UXGd1shHJknJkcRBowNguhuN+3qnyu8MZJGPdYvqLrLS91HQEkt2c4cFbK6zFqNQqottllfepaW26g3zuHG6wV0vFdeXnx5XBh4AKjl9RXTulmdqJ7HspApHDTpat1dJ57UaydxCjoNWNlOpbZLK4BrFZ0Nrmc0O0jAVxTwiJoaGgLSq1EyKOeyuoLM1gBmbxwrIRNa3AHCMxurOU15aAcJkUscDYwUQL9LQocr2HZpzhFndvhQ35cdm90+MciJ2KPA18pdlDLdQweyLggZPCj1FdT0+NTx+a1QgYb7owjmTGOb3UWqqoKcDxXgKlvnVcbGOgpeeMhZOpu1XVDTK84+60RqycHU+Xqh+PJorr1PA1zmUri4jbKzVddKqq21nBQXEHsuiIuI/6J8dP7PP6jyMrZZyRTrccuOSugEcqyjofFxhqnQWhgAdUAYTY14OfO3eUsMD5ThrSrOms7cA1GwKmVNVRUcPlwXDgAbqjqbtUTjTkgegKbGOBKmWNRLbqF/hscCR3VZXXx8o0xOyAgCjmqnAkEgqXHaadgGpmT3UcAZOT6KoOq6p3dyLFaqhzgXt0hWhfTUjRqc1mO6hV/UtNHFpZKXn0AwhSQG+MfzYeG3wsH87DsLs9Xa6NupgBKzUt/qJiWt2B91FL5JvOQTkqZwBZqUvwLurvlPv4TN/ZVk1wqZPxYBUMtxuU5VkySvlPsM6aR/1FByknq+xMm0+QZLjymlpPZE8q7gJgSQIMwcgJ4bjsnEgIfiMG2UqViQtIJhqWQBsgeK31KXjN9Ur5kHtbD6t+FzZC8do2wuGRp2yorM9k2tB8j1SUcSb5yl4uo8I8k2hk9RvH9k8zA9lWUisMeuYCYXt9UtQPdV2Fgfp91wtz3TktQBUwimhnhnkBNLSj6h6LnlUlDJRHbqzuU4bJ+Bnld0nGUO1kwM8RuMaUzTg7Y/VdMZCb4bvVQZlDXNLT6pbjg8IqSrbkBCZOYXA/qrCmusAI07FVzmEhB8MDJSnUm8munVzqfBtLP1Vdbc9z7fWPic7G7XEcL0bpz423Ci8OC+QeNHwZGnf9F4SyWdnmjkxpUulutRnEpBA7FZ7dPHB6LQfUGo08k1I+r7F1/wBFdROaHVfgyO4Djpd+i1jqO4UwD6I/MQuGpu/ZfG9LdoPFaY5dDvUHC3fTXxH6j6akbPQVvix/93L5h/mufZpmnwew0n1RGfM1z/Y+joq1rjonY6J/+IYUuKTVu0Zz6LA9P/G/py+iOk6lgZSzO2LsbE+xW8hoqSqphV9OXAyB4yADqCy2VtHsNH5GN8U8h84OCE9pHogA1lO1v8RhbHnbVxlSAA4ZByCl7DqQmprKGkdwEgPZEAwkhy0XhPgo7507bLvHoqaZuSPqA3XmXU3wpqIQ+e0F043Jjcc5+wXs8jQ7lDY0NKdXe49nP1fjaNTDDjyfJV16efTzOjqKV9PI04IIwqp9NVUxx9TAvrW+9LWe/RFlbRsLz+MAB36ryXqT4UXW1PkqbcW1dPuQwDzNC1wt3HjNd9PWUx3VLJ5NG8A6mt0u9RsVt+l/iPU26JlDdQ6SNmzZR9QHuqCttbGucDGY5Gkhw4wVAfCGgeXccrZXqJRfB5e3SJ/msH0Da7wytp2VNNKJGOGRgqDfekLb1DmpiAiqnDGW7ZPuvGbNf7rYKls1FOfCP95E47O/9V6z0l1ra+oYGxR1LKetaP5kD9n+2g9/2XSr1PHJzNTov0ecXiz3Kx1T6S405YAfK/GxCqPmqi3yeNA5ze4LeF9A1UNtvEQprnTNkBGkOIyV5n1p8Orv04Za+2xtq7YPOW48zB6LbCzJwb9JLtES332ivNO1kob4mMOY7fdQKqy1FO901G7WzOdB5Czb46erHj2yVzZW7lrdnBT7T1lPSOFHemnLdhIByFohZnhmJxxwy1oXl51ZLXsO44IWgpapsjRk7jlQZKWlqo/n7dI2QPGX6V2CJzCCR2WhSFOtT4ZdxzPBDozwrSkrXsIlp5Sxw5wcKhppdA826M+Rww6MkH2KvcZNT46FkMJHoltvMF1YKStAjmaPK/OMn/qtVYupprU4Wy5jxKR/la48tXjdFdXFwZUyAEcEbLUUl0mlhYyR7pG48pd2TEzyOs0EqHyexOJpwJ6QiankGcA8Ki6h6Xpr5TOqKcAPAyRjcFUXT3VM1rHgz5mgP4e4+y0kFyjlm/iNql1tP97CecfZNi8HM2uDyjyeqpK6x1pDg4aStf0t1frkbS1L8O2AJ7+y019tFBfKQzwRjxHDcdwV5ZdrTUWydxDXDB2xthMf3jFixYZ7hTz6gByCpwaBg+q8r6L6316bbcpAHDZkhPPsV6RQ1jThkjtQP0nKROOBFtTjLCLLSCMcKNPBHPGYpWhzXDBBCktdqXSM434WOS9MFNrldnivXPQ9x6ZnHUdhaZqPUXVlOxu5/wAY/fZVVBVOnpo77aHnB3fGDuPVe9TQRzMMUrQ5rxggheM9XdJ1fQldN1FZ4i62ykGqiHDfcBeY8n4tTi5Vrs+kfTP1TKuUaL3ho1vTl+p71Tgx+WWMeZp5yvQ+lusHUL20VY/XGdgSeF4NBMGiLqPp+UmCTBe0fuMLZ2i8U10hE0T8OH1NPLSvlfmfEZz9p+hfAedVkFFyPf8AxIqmNs0RDmuHIVZV0Rjf8zTggg5ICyPSnVUlG4UdW/VGdgSt8x8c8YkjeC1w2IXgNRRLTy2yPoFFsbYJp5AUNxbM4ROBa8evdWTXqiq6N0Uhng8r+QeykW24tnPhud/Nb9TT39wlZHp4Ln6uybFKYn+G4+Un9Exr9s45XJmCQYUfQRZRvzhPqqaOvo5KZ4BJb5T7qvo3uxoceOFPYSPyQxlteRMo5MNUUTqKSSkq2eSXLQTwqW03Cu+G17NwYx81uqhpnY08NzyF6Rd7ZHcoCC0eI0be6yclG27UdRZa+MCRjTpB5C7Gh1TjLLEW1Qtg4yR45/au+BdN1RZX9XdMUkUpewucIhjLvX2Pqvz2u9trLNVvoq2JzXtJG4xwv1c6JusVprZfh31awyUVVhlNJIMt3zt7dl8uf2qv7Pr7XXVF0oaQOBBfBOzh3r+fC9/4Pyvxy2T69HgPqLw68hU3/wDVh1/dHx4HhHjdg8IDo3xPdDKCHMOlwPqERvde7jYprKPlM4OHZJY7bhObygBw3RmkFaYvIh8k2lk0bKeyQH81VMcA4KdAMgHV+S0RfBjtWSyp5dDmkLQQSGSFrs8hZmIcbq2oqgNiDD2ToPk51seQc+WTE+6ubHWETty7AIwqirw45T6SYw6cHBBT65CJw3Rwaqoc6KqbONt8rUO0y07J2HLXNCysmKihZMDkgK+tE/iW3T/SFpUuOTk3JJmSvjcVDjj8RVSDjOyvr+zyvON8lZ8HCVYdDTPdAKTnsmuGQu+4KXYpTeEaMegLnYJ3Wh6TqtM43G7lmpsjceil2WpMUzSSRg5XB8hVuTken8HqlXPaz11jiRqKpbtTGGcTsGxU22VZnpWOducDKV0jdLBkD6TuvJ3wPp+ms3RUimkcCM+m4Xv3wzuv8Q6ep4/Ez4TQF4AGjBGV6B8ILxPS3SS36i6J2+PRcDyNe+ts9D4m747f8nvUJI2UyHlV0T26uVMhIwF461cnvYy3IntOy6hMOe6ICAEoeOyMYPC8h+OVscKaiucDMeDJgEdwexXrqx3xUt5uHSVU1rdRjaXDbcFbtDb8dqZz/JVfNQ4njhiFVQN1tBcWrz3qugbSzMexunUSCt5YpXyUTWyHJAAKreq7c2opX+QFw8zSvdaHU4mj5z5vRfyNLJ4zg80z2ATGSuheHg8I8sbo3kYQJsYC9LFKSyfK5N1Swja2mojrqMMeQSW4WQv1C+315kaMAnOVJsdwdBOIi7Azsry/0TLhReOwZcBykXQO/pbPkgsdkvoe9HyxPfkjbdeiva2rptPORsvC7HWvoK0AnGDuF7B03dGVsAaXAHHquTqIbeT1njtR81W1mYvlA+21gnYMAlWdsrRVwtI+pqvOorOKyjMjRuAsPQ1brfV+DJxnC500pnUqm6XwexdDX4Ry/J1DstePLk8FegtmEeHAZXh9tqdGHsPODlem2K7OrKdsMpGQ3IXnNfpcPcj1vjtU3DEjbU0zJo8sPHI9FNheMgrO0Mxp378OVvHIHEEnC4lkGuzuVyTReQEPbyMplZBHNFhwyRwfRBpXbBwKljzBZ1LHAyUSnEWl2nPCFW0jpWa2jOnfCsJowyU7bHcJrm69s4ToWNCJRyilfTunpzTyN2IxkrGzwTWmvMUoxHJsD2z6r0iWnI3GFnOqbX83ReLGzzxHOy2038mK2r2YfqCysvNHK1oAc0ZG3deZCBwfNQ1Ddxloz2IXrdDKY6pkMm7ZPKc9ist1xYjbq8V0TPI874Hdd7RajDPPeQ0fyZkeK9VWb5mjmp3M/mRkkLyCaF9PM+F4wWnC+jOsKEmF1wib5XMDSB6rxbrG0ugkbWxs8r9nY7Fe98XrN8VBny76i8U4f6la6My4NOT3QG51bJ7iM8pq9BF/o8RhkiN5wM91Ia72UVhznKK0haYWYFSWQzSQeUWNxBBBwVGyOxT8rXCxsTg1to6h+mnqfsDlaWKoil/u3asry9j3MOQrm03+WkAjly5vqtEJ5OZqdFnNlZ6Ax2VKDWkZyFS2+60lUwBsoD/cqzjeRvyFoTOS4Sh+SwSmkggZUlhOyhCTg4R2TZwMJ8WxMopk1sjtipMchIAyq9sgP5osTsHcpq/YicSxBypMHOMcqtEzmtGBukysqo3jWMBMM7jkvBHtnhEHKgU1yikAa7YqfEWyjIRlYDMI0gImfRRgCDgorTluSmRlgVLokNR4+6itRQcJhnfZLaitIUdrgc7p5O/KsolDlHjIwBlRG8cog5RssmDhOyVGY7BAJRmuGOVQmSyHDnOIGVIaMjlRQcHKMyQYwoL67DojSQdkDITshXnJZNBGOU4HCigkHlSGuGOVTWBTWAweQnA57IAkycYT9YV5/YOP0HyF3Pug6vddB33KsoM1xzypIII5UQcLuT6qmWngkgnPKIDtuVFRclTovsKkmZCWQq3FYHpJmRnGQmySMjaS5wH5q8kwSNj3QsYVXUXumpjhzsk8YSgqa+4kGnizGe5VSkl2TosH1DQdOyTA53bnhRagUFoY2uvdQI2N7BebdWfGShglkhsrniPgZwl/IaKdLbe8QR6JdLvR2gO+blDXNGcZXlvVPxUaHSR0kxydtivOb31pdr1K8y1T9LvdZ8uc9xcXEk+qCViid7SeMcebCxvHUtyukrjNUO0k8ZVVGSN0/QSiRwuceEDuOzp9I0/sQzQXY2UiKE845R4IMkZGVLZSk4w3CRK3LO1p9I0+QMUPGGqYyD0CPT0TjjbZWlLbnEg4x7pcp7ju6fRSlwQqW3l/4Vd0Fr3B0kKXQW04+kBaCgtxGNkB39JoYR7IlDawzHlVzS0ekgqVT0gYBsFJih48qM6caFFcA4oWx9kUENBJOAO6FV1EdLGXveAewyvPOrevzBTyUlNJ5++kpcrFEG3UQ08MyNJ1F1lS2uCVjHjVxzyvIb91PX3mQgzODeyq6y41lxm8Wpk1eg9EyKJ7jnCROeTzWq8hbqFsT+0ayMkg4ySpTIsYJanwRgDJHCbPUMxpAxhAc7alydfIIxjYqO5xkOcYTd5Hd0YMEYBPJUFZwDPlCHoLz6I4aXnYIga1nIytFcBc54QJkYGDhKR3hjYokszYwNvyUTLqh+2wHJWuEDm33nMyzOwTspMMON12KEBEG23qtFcDnWW7uBzZCMABEa0nBcOFxrODj80UHHZaoxETlg6BhNT03BRgDQDnJTxwlgLo3VEOBmVMpqck68LlLTuleABgDkqRV1ENPDoGAR+6g6MG+fR2arjpICSRvwAVRVMzpZC89906oqDOc42QyMqmSbzwNwCnYC6hPe0DB2S28LLBUXLoc+TwxsqivrsgsGEy4XIOcYos+hKqwXHklc7U6vHETZTVLtnZpHSOySmAJLoBK50puXLNkYqJxPGy7o9kSGIvcAP1UUWwdyQ0NBCPDSuefoyCpMdLGAC5uTyiOkbG0BjU+MMci5zzwhjaeKADAwU18pGwamyOdIeDv7pzGbAYRx3dIDI3LnnJCKxu/CfEzB3GUYMDsYbjCbGLzyLbRxrBgFdw0ooaQlgp6QMp4A6R/V+y4GNBzlSNPuljHdECrMjNIxhMMQzs390QuDeUJ87RsqbS5GJNrgdjT2x+adTsJOR3UUyiQ4zhTqZzRGG4WK7UJcI7HjNDK2e6ZLiGcNxuvU+hunmiJtQYgRkHLljukrKa6YTSREgnDche2WK3CnpGxNaAGjf7rBO3cz6p4LxMXNWWLon0kIjADRyrKJuAMBBggI5GymkCJo8uchZ7LT3VVeBDyhJpOchDOXO4UhoDWg4WafLNS4R18QmbpcNim09MynJ0I7XeyR3Q5KWE8hGkJssjY25fx3UWScQsLi7hYDrPrOVwNuoZdTuHEFGlkq/Vw00MsZ1l10TrtVocQASC4HhY6hoZ6lxnmd5nb790+npJKgeI4AEnfPK0tDbS3c44WiunceUv1Er5uUgdNaWsYwNI9VcMhDQ3bfCdHG1jRnGwSDvZaYQURBzgbJmHE4RERrQ1wLgjIJkDjgkI5kbG3cA/mhmpjYMFVlXco4suyXEHhGTOCwkqAMhVs9c5zixvrvhVxraiomJa7AUmCJzgCUG5luWOhFpc8vPdPa3A2RBFjA/dO0tbypnJXYwnKI7BGCcIc07Yhk4UGoucbgQ3kKidE58zISS9yg1N3YBpidgqumkqJznXgeiGIz3AVOW0VJuQaasqJhgyED2UZzScknKOyFz9gEVtDIfrGyLIv43JlbI/V7YQXSEjAard1uh/pJ/NOZb2DBa0K8l/A8FG6Ook2a3CH8nOPrC0D6URjYYwoNXIyIanfkglPAD02Ss+Xb6JzadoKkYylgrVKbaPLQ0kF0jjKcAbNTgwBPDCUVsR7hJlI1wpX6BBm+AnCNyMIz3RmtY3c4CS55NCrUeyN4Wfw5RGQEEFNqbhRwj6wSOypqzqhjPLCMFC3+yfLCBoHQtYA4jAQZrlQ0w80gOPdZWa7XOuAY2Qlp9NlxlpqKlwMxcM98lLlyT5JT/BFvVdTUxJbTO3VXUXStqMhmd/dTKbpyNuHasqwitNPEMuAOPcoN2QZV2v8ngzJpblVnzvICm0linJHiPBGPRaEmmhGCAPuEN1UG7xgD7BXslLpAv4o8zeQMNkpYmh0ilRMoqb6SG4UKWslccE5UWSVzzk9kSoln7gXqKYfiW76uPGIyCob62XPIwobp9IGyFJUZ35/NaI6VGe3XpdsnGudpxtn0UWSpdkkqKBUTHETCVIZaq2fHi/T9lohp9vR5/WfUNFOU55BPq9R2IQ3sqp8NjjJBVtBYoGYe4Zd7qxihbCMNbsmqtL0eR1n1NOX4Gfgs1VMQX+UFWcFmp6fDz9X2Vk0nnGMJxGUxRSPNX6+zUyzKQNkbWN0tGy7jK6kiM2W+RiSS45waMlUHyzgIwd1Hnka0crks+hpwqiprdRxlLc8DoxbCz1e/IUF73SkhdijfO/IBUyKj04OEtvcNztI8dMXEEhTYIWtxkIzImho8q6QGjhRPALk5dDhGABjsmkYGcoNRXNgBc7hU1ZeXP2gdjCk7FEbTRO54iifXV7adpcfy91nqq51FUdI8oXXmpqjh7sqVR23S4Pduf8lz9Rq4w6PZeJ+mJXyUrUQmU0kjgXtyT6qfTUBbp2wrOGja1oOgfqpDI9IGGhcXUanez6Z4zwFGlWXEhspB3apbKUAZGykBrRwF04xhYpybR6CMEuAIaGp6YW+pUeeck6QEna2xrSgHklbGOcqJ4jqjPhjIHJT46SoqBk7BToooaWIANAxyUcazPZNvldAKeibKczNyRuAiVNdS2+nc97wzTws9fOtaK3FzKN5fKNgR2XnlyvFwuz3fMTODCdgDha69PuPN6/z9Gj+2v7pGrv/wAQ5ZM0tukyB9RWSkudRWyl07ifzUFsRzsMZR2Q4wVsr0+Dxes8vfqJbpMnQvLlJYC7AyosLPD3IRfmNA8o3WuFSRyrNVOb4J7XCJuXIMlYCMDhQnTyykNJwESJhIBKdGG0XKcprke97pzlw4QwwN7cIwLWoMsu2AEb4EnfFaNsJhmBGMIf1HJQ0veQ6XElNO66uHdDJ8BRjkaTyUEuBO/ZJ8gYfVRpZjnYLPZyjZSsEkTLok3CiBzsojXYG4WV17+TpU6hQWCY14xsl4hxhRQ4gp4lwNmoPhNf81dIktee6I2aFn1uUA1GMjGEBz3SHfsijRkCzXOH4k2e5HdsIwobZJ5SQ85CcyEkjZHETcAYToaf9mC7WWWcNg44wzcjdFLgNhuu6UF5LD90+NaiZXOTOPcXnftwhJ6a3Yo3BF9i0k9k6M4KfkEDZN0+6tRwQLgaVGPKe54xsUE7qBJZH5CSG3JPKmQU7n78K0sgzltGQQl5GynxQiPGQnRQCMbjCc9wI0gcJsY4M7s3dDxpa0gEKM7uul2/KSsgHzakT8K7gJHhVjBWAZ5XF13K5jfKFvBTESrCyWSsvlWKelGG/if2CbarTNdZvBiGAOTherdOWWGghZb7bBsfqceSfusd92OEek8J4SzyNinYvsO2C001kpTT03mc7Gt5GMkLc2WxNAbXVzcu9MbKV030pBAxtRUgGUDLj2J/9Ee/3yC2wGCEj0OAuVfe5M+w6LxtWngljhdHK650lM0RjBONgFT08dZXVZPLHfsg26mnudR4zxsN8ngBaOCJsYw0AFKcso6sY56BU9K2mBaD+a7I8uTpXDGT2UCpqOzQgi+TVHCQ+epLQQMKE7XM5d0ukcFMpqXjI3VYKb3AmUhkwSPyVpR08dO3UWjPO5XaeFsfmeBx+izvUXUMe9JSk7ZBIOymBUrNpJv/AFGxjTS0hy7guBWTxLWyZeTv3TqeJ9QcnfJ3VvSW8N05buo3gBJzZGpbaA3OFrunOlHVOKic6WN4BHKldP8ATT3FtRUgaTuG+gWmqqultFNkYGBsB3WDUajHBsp03OQ2mjt1CQcM0/uqCorbhepnUNvAc1v1u9FFijuvVlUImO0044cDhaLTS2GI2q3Na+oxlzuSSuHrNWdnS6XBEbBBaIGQBmupdsW4yco0FHpInqm5edzhSKGifCHVdadU8nGeylU9NNX1AiYwhuckri2XuTOnXWoHaWGStla2NvkHJ7AK6jomQtDYhg+qlQU0VPG2GJgGOfcqVHEGYJHPdZLLMjcAqakjP8yZoc/1KbcrnS2uHxKiTTn6QoN66korWC0nLhwPVUFDb7n1RP8AN3BhZTu+kHsFncmyJ4D6bx1XVCGCXRTjcvHGFp7XbaOyRmOmYNTvqdjclSKaGC20jaOkiDRjBPcpjTg6nHlBOWByW4c8Plk1v39PZR57lDSjSSC4dlFuFyLXeDS5cTtkeqLRWjJbVVbtUndAssk1hESnp6u4zeNVNxGfwlW8UEVO3TEwDHoivcG4a1uyh1NQ2AZecD3RxeAO2SJZ9PZUdyvccLtIGSPdRLlfC55ig3xsTlU8hdK7JOco85GqKOVdXLVT+I52R2CJTUE1QR4Y5Vla7EalwdIPc+wWnpLVS0wGBx3TRc8eiittjELxNUDURwOynTy0tM0BwDSu3m+UlAC1pDtPusRcLxU1sur6R6JiFFjdr94pNPTjGOTlVAkcRg7oQdq8x5RYo3SHDRlMQAgCTgKyobe8uDnNwVKtFme8iaUDcZA9FdOhigYBpAwhcsAkKCiZG0Z7IjiAMBMlqMO0gJrMloOP3VZGKA4vIQtZ9UnADuhgFzsZ7oE0MXBZ0FTGf5L9s8H3VlHSA+bPKrKKmOoHHCuInODWjCz2SDjhgnUrBtpyqlkng3qNuwB2wrmpcdsDddtXTviTfP1m7ictB7BIlYkU1ktY6f1b+6kR0+dwFIjgH0gZ91Ijg74wsNtmWEljgjxQEH6f3UmOLvpx+aNHD/h/dSI4gBu3dIlLJJT2gGQc5b+6M2LT2RxHjsnmM+irIlzbAhm3C7p9kYMz2TgwA5wlSk2HnK5BCMjgLikgDSgFrsnZA8kQ3G+UkbBSU5JkCkkkrXJbeDmn3S0+6cq65XeC3AiYZPYeq0Vwcig9ZUxUkRklcA3Cx916iqa3XTUrtMA/H7IFzuVTc3eZ5ZHnOkHlV0j2xNwFtrpLlLAxmGnOc+5SklDQGhRpZ8njC6wF+Od1rjHaCOdqedlJpaNxcCRjKl0drlc5pcB6q5hoGxgYARZwWlkr4KDADsb/AHVlFAGtAxwjsiaMeVSmRtAG2FSm2E4kVkWdsJ4YMIpaGg77BQauqAGAopbgthypkbHkhwVJW1sha6NjgMncolZO57tiUGkpHTZke3ue6KCRFFsBT0plcCW/urWGmEYGyfDCIxsxFd5gABjCY5bRsY4GP8gwN8oLYnS87Ka2Evxq3RvAY0Dyqs8ByljgjMjYGhrW4wnbMG5CdK9sIye6qqiua4lsfmRqOTLKWex9XXxxnGdwFSzGrrZSXOLWf5o7aVz5DLPlxPHsn1U0VNFl23oPVa668i7J54Ihp4aYAjGVGqJi8aQmVFU6U7KG6oDTh3bddKivBlcmxz38uc7hQ5ah0n8unGpxXCyWtnyG4h/zUyOmZCRobghb64meywixWzS4SVLS5/3UxjWtbpA4RidXPZDd5cZ7rRGGTLY/YxzQO6h3Cvp7fD4kzh9vVRb3f6S2hx1ai0cepWAulzrL1Lre8sb2aDthbKasvJyNXrPj6CX7qWruU7oqWV8dODgAHlVUVKHAOeM53RoKMZGcKypqHWBkYC3wqPPTc7p5kyHDQ6iPCZ91a01CxuHPbupNLC2NugNClMhDdyFpWIoKNeOwDIi04aP3RtLWtBJ/JOL2xjGMqO97nnKNNsjikJ8mnYKNI93c5RScocukDLnYCbGDkLslxkE52rsgOlgh/vX4Ue53mhoI9UkoJ7Ad1g771RLXB0cOpm+M5W6nTuXZwvI+Tp0sct8mgvfV1PRxvigIJ9crF3K8VVweXueWg9gVWue5317ojQSNgulXpsHiNX5ezUyyMy5zv9U9sPtz3RoYCTnSp0FLw7C1Rp2nKldl8kFlIdiQp0NI1uHE4RjEGYOMKHWXSGncY4yXu9kxQwLlNEp81NTN2cchVVXc6iof4cbshEbDW17WySYY0nhTPlKWkjDyBnuq27SRmvZWx0FTUOEjxt7qbHR0tMA57d/UqNW3eCnBw7BWcrb9PVNMUL/0KCTQfywiaie5UNM0hjxlZ6v6klc7TE8EKBFT1tUQBCceqnwdPAYdVHGUPAt2uXRVT1FXWnu7K7FZaqQ5cNlbyVtutrjHBEHuaFW1t/qqyMwtYyJvqzYkJcp7RU3X/U+RzqOgpAGzkF/4h6IE9YMaKZoaBtlQtWd3OJ+646UMWeUsmeTTfB0ySF2Xu/ZP8SHH1n9FH8YngJgl3+kKKbKRJM4zsMrhn2+lDaxxGQu+G70U3Mm0bJUvzsEI1NRwHIhjcd8JpjcdtPCBub9kTSB+JPnJk/ZN8Rx5KIueG/0S2pPstPA3W9LU9FELj+FLwXf0oNkmEpoZqPqlqKWh3ol4bvRFtkkTchCUhOEuOyZpKbpKrNn7CWAusLviH1QtJS0qsz9k2oL47l0VBBzhR8H0SRKUol7ETRU7Ywu+IfUBQ13J9UcbsdgyrTJ2pv8AUP1TskjdQtThuCVwVsoOCdkbsyCo+iXqdnBCMH7fSojKyI7PdujCdhRqYEo4DYHouFgISD2nunItyEvOQXy+DlIAt7I2oZwuhod3wpwX2ByHbFq74MZHk2/NOdAH7jZNbG5v/wA1XgiygcjNJ2CE1uM4KlZB+pqa6Jr/AO7GCglBMNSwRHN3yNlIp7jV0xAbKXNHYpOppGnzt27IZaM7lJlUjRXqZw6ZeUl8pJAGVbgwn1C13TfWHUVjmjmsVzmdGCD4bJtsfZeZSR7hEpqmqpHa6eZzCPQrLPSqT4OtpvM6jTyTTPq7pX+0FA+QWzq6342AMuMn8/Veo0Jsl7hbV9P3anl176GSamfkV8QUXV3iAQXSESM/r7haeyX6+WKobcOjrw5sg8ww7b7YWa3S4PceL+q2/ssPreWGop3aKiItPqOCmgg8EFeS9If2moH6bR8QbU6GQ4b81HwT6kL2G3MtXUFKy49N1LJ6d2/iMdqaVgnS88HtdH5bT6iOVLkAuafdFqaaemdpkiIz+L8ITQz0/ZL2tHVjdGayhhAI3QyCc7IqWAmReC3zwZnqDoixX9jnT0rI5sf3jBg+2V5L1T8Nbhay+Wmj8aIb5A3AXvxbsd0EU4fkOAwmwsaOZq/E6fVwxJc/s+T5qDQdON/RRH0oY9srMse05DmnBC+jup/hpa75E6Slc2mqidWvTkOPoV5N1L0NdbG8mrgIZwJWjLD757LZXceH8h4azTt8ZQ7p34mVFE+Og6jjD6TYfMxtHixf6uXq9tuIkhZLQ1raylkaHMdyHNK8CmoQwBwwcbZClWa/Xjpaq8e2uDonf3sDj5X/AG9D7rbTqZReGzzd+jj0kegdZ/CVl5fN1D0lMKSud5nx/hLu5AXlNUxzp32jqyibSVkRLCdOC4+q9w6V64ob8wGln8GpaPPCH+cH0A7qd1X0tY+urcKK8waZAcxVDB52n39fsuhVdu6OBrdIo9I+d6epvvSlTop5PmKJ2+nnU37rZWi/W68s007jHM0ZdG/Y/l6qg6l6X6l+HM7IrvSyXK1nIiqmNPHoR7ZHdVrYKGvZ87ZKpwmb5iGHBH2WuNuTjThKp8o9DILDjg+iLFVtadEg3Ky9l6qkc6O33toaQNIqDyfutU6kZPGJKd7Ht5BBzlM3BRtT7E6nEo1N4RaC5VNtn0TOLoztg749wo8b5qc6Ht2UvRFOzs7PqmqwlulhqI4kjSUt0bNG0sdnKvbVXvicHwuII5AOF55B8xRPzGdTCfp7j7K5o612oPikdkctzgpsbUzyOv8ADyqk5Q6PULZeSJQHbZ5zwVNu1ppbtAZmMaXY3Cw9tusVViN/kkHr3Wgt12noZMuJdH3BWiMjz1kHBmJvthmt8zpYg4DORjsVe9HdduaW2u5u3+ljyVsK6hpLzS+PAGuJG7V5nf7CYZjJCwsIOxHYopPcWsT7ParVd2F4hnONX0uyrwHVwvC+nerahkQoq4Fxi2Du+F6l0z1FDVRNhmkDsjyuz+xWeyrPQm2pxlwaIjPKbPDHMzw5GBzSMEHgooOUlklH0zMm4vJ4N1Z0hX/Da6yXuyROnstUc1EGMlp7uPv7qJT13yro7zZ3+JDJu9oP6gr3ytoaevppKWqjEkTwQ5pC8O6o6KrugKh92tYNVa53EzQgbxe/23XlfK+J+WLlWfTvpX6pmpKm94x0zbWS9Ut2p2Swvw4DzNPIK3vTHUslG9tJVO1Rk4aSV4JbKl8ETL7aJNUT93xjsvRen75TXymD4jplYNx3BXy/zPg++D9EfT3nVcoxzye1CpbK3doIKraqlIeKmny17TnbuqHp6/Pa0UtU/ODhrj2WnZIHYONivC36Z0y2s95C3eEobmZiGyEBw2IOys46howDhUtXR62iogwHgZTaGua92h5Ic3Yg+qzuOENLyeJ5aJIiR32UuiqDNHh58zdio9NURyNEZ9P1THtkppPEZ9JSimsouWHG6qL9bBIz5+lboqIt8t/EPQqdTzsmaHNP3UrPIwnVWODM8+DEdQ2in6wsr5YC2G40gy3tlwQKRlF8WejJ+lrzFi822PX5xhzcDGvHcH0V3cadtluDK2Fn8mc6JB2CzfVlHVWC60vW9gc1r4jmbDchw9CO45Xf0GqjKW2Twc3VaeVmHX+SPz8/tB/B64dGXie6U9A5rnzPM7eA0Dn7rxgbghfrN8WOiLN8WekpupLTFE+VrCKpmnDgcen6r8zPij8OqzoPqGWEUzmU0wD2nsCSdvZfRvD+Qx/p2P8AwfN/qnwu+P8AxHTxwv6l+mYwF3OUdjzgBR9YA25RGu9l66qSl0eAaJbXEvGNlY0zsYyRuqljt+FMhl4WhPBltjkuGEbbqZTOIwchVUT84GVNhdwNSdF4MFsck6Y+I1DjlI4SDw5vKG0BjspsZ+xWzPBr7XMJqHwwdz2V3YpmsD6Nxw7GQsfYqkxzhpOxWkic2GvZP2cMLVGaZxtRX9zRy+058N5I2O6yL9nDB5OFurvh8JOMrGVUbRMQOxypYN0z2x2ghwiH6EzhOSmso2AJAEynd4b9Q7I8nqoh55XP1Ve+ODXpLXVapI9G6crhJSgDdaHHiRuwRuOFgumq8McIOMcj1W7pHAN37rx+sr2T2n1nxmp31Jszz2lj3NJwATyp/TN1ktF7pqhr9LS4Bxz2QbvGGVBc0YBVdK4Ag4zhcPUV704Ho9NbslGSPquhqnyMa8jkBWsE52WG6BvJuVjgmc/WdIz+i2cLgQHLxOppcJuLPoejvV1akWsUhIGUbOQFFif5Rtyjtd7LG1g6CeQ7FAvNM6stlRTNxl7HAKaHjdDIDts8o657JZF2w3xwfO9NTNoa2roeHskOV24UomgIIyQrzq+3i2dUSO0YE2XfqoMrW4xjler0VjcFI8rqqk91Z5H1BbzTVLnAYaf2Wflac8L0Xqqgxq8mzslYGqiLHEL2uju+StM+Reb0H8e+UkiF4nhEEc+q2djrG1tGInnJxhYh433Kten6/wCWqAxzvKStd0crJztHeq57ZDL7Sut1brDdicrQ9O3aVjGOjkwW7o/UdBHcbd48Qy5ozlZO01jqSfwneuFzb4blg72nv+C1YfB7/aqyO529pyDqbg/dYbq+zuoan5hjdicqR0RePBn+Xkf5X8LYXy3x3CicNOTjYriTr2PB6yuz56+OzEdP3YSMETj5gvRrJVF4hdG/BBHC8ikgls9wLTkNJyFt+m703LWH7jdY9XTuhk6eg1U638cj2CnuMUzYy7ZzThwyrkTOLGvAGPVYOmm1hssZztlbK010FdR/LtOmQdie681fSes0upyi/oKkOYGHlWMZ1HHCzEUjqeYF+Rp2IV/DIHtDxwRlcyyvazqwlvRLqWaos9wog5U6NwezdRH+V+yAvaPc0OaMqO6ma7ILQQeQVKjOQAu+F3wmVz2sVZDKPKuqrXNQ1MzYQQc+Iwjt3T/Bi6k6fdrH82NmHfcLVdVWmeR4qmt1NaMELD0VbLYru2IjEE7s78b9l0qLm3wc26ldGNrLXHJTSUTxqLwWhuPTuvIOoLN/2m2ys8wzpJX011B0+xtU6ogbmKb+a0jlv2Xj3xH6fkobgK5jCY6mP6scOwvXeL12ySTPIeY8e5VSlFHzXWUMlJUPp5B5mEhRi3jdbfqu1B5+bazcDDseqx3BI9F73S3K2O4+M+S0k9Nc8r7QSdqJ4KautW1HNfQUEkojT3QxyngjC0xlgW0shA7jZOztlDGycH47LRCwBp4DwVMsUgdG8tPstXaepJQ5sNS4YOwJWPjxndSNeQMHhPjcZbqY3R2s9NgrYZgMOG/upbXZ3C80pLrV0hGl5c0ditFbep43aWSu0n0JWuM00ce7RSj0bAPJ/JFZIQQFWUtfT1ABa8AlTmEuIPZOUkc6dbi8MsGPzglSAA8YJUFnbdHjJx9k3KQlxJUdKOW4z90cPqoCBnSOyiCUtwpIl1tGpGhLJkVaQR4xU2GQOAGQqxgBOSpEeNt0xCZRyWYcD3C6D6KHG7flSARjlNQqUcEgE55TweFHyPVPDgO6MDBOa7ZGY/GdlDa5Ga5MTLTJLSQeUZr9hkhRA4cogcPVTAvslNkycYTw48qM14BBRBM0dlSYpxySxKe6IHnKiiQFEEoxwoU44JQeiayoYkx2ThMBypkHBNEx4witfkbFVwqYAd3rpr6doyXlRlKOS01e6dqAPIVM690TOZDshu6moQC5jHSFv+FU3gjqb6NA2XCd4o9FlndWNIIjoZfbZQH9SX95/wB0oQB6yBA7Afgkjdh+RnCbJcIIf757W/crDum6kqWB0lW2LVy1m2FyO1XCYjxqp8p75PKpSyWq/wBmum6itsWQapjj6NKhTdVw4xSwOlceNtlVwdP6SHOh1K1gt1PTgYjDT77IpNFtL+kiOvN9rXAQU8cTftujQ2eurT4tbWPBd6cKvu/W3TfTocyprGyTN28OPc/mvPuovjjXyMMNkayna04DtOSlyng0UaK+98Lg9hmksPT1GJbq8Bm/mIysF1J8dqOhjdSdM0wOMjxHgb+mB2Xh936gul8ndPX1ckrnHPmdsPsoTMgBLlPJ29L4iuPNvZfX3rG+X2UyV9ZI8uJONWw+yosucTlxTw0ynACkMpHHBPdKlaonf0+iUVipAI2OyUeOmc4ZUqOmAH08qUyn3AIwglZuOlToHJ/ciFHTZxspUNMNhxlTqehDi0EZz7q3p7QcNIg/NJdno7em8V/Yq6Sgydmqxgt+CCQraltjmNBIH2CsKegyQHMGFWWdmnx0YlRTUbQQMZV5RUGCDp7KxprVHlpbDkq2paFrcHGPZEuTq0aVQ6IVHbRgZareCjZGBgJzI2sxpGE6WaOBuXSBv3RuKXZqUVHseIdI4VNdr/BbmOcJMafflZrqn4hwUf8AIp6gkZIcQvKL51DWXeV4jqHtaT6pNk8cHN1Xlq6ZbY8mn6q63mrpXRQOO/J1LHapJ3F8jy4nuVyCB79nbk91Np6XScuWaUm2edvvlqJ7mwUVLqI2UxscUTcuwEJ8zIRgKJLV+JsCoJclELVVYjOmF2VEYXyndcERkdlTIogwA44RxjkTKWRRx6dyMLjsudgJ0r+wbhMjGkgnfKdGvIic8B2YYASEyonEbCR2XHzhhACjGJ0suonAK111s5+ovAtbNVSZcef0ViyBsbQ1v6+q7BEGN2GEZaoxwcy23LB5xwlod6LrWu1DZHAGFphAQ3gYAcog4SwF1MFSeRyWAku4yoQQ3RoqcyEdkoINZy7gKbNNS00YLdz6BBKeOh8Ibu3wKWWOkh0twDj81R1MjpTgnvlHmqHSyFzj+SERlApZGzntWER9PuiMZqTzhu7io1TXwU8ZcHaj6KpS29i4x3M7USNhGSRv2VFX3EOJawbDYn1Qa64Sz5wTuoYz3XK1Oscs11m6mrbyMAOr1RGg44XQzcHCI1g2zsscYuRo3YBgEoscRf8ASMlSIaTOMjlTIqeGIAjujjXyKnPPCIcFE8nLxspBZTwDblNlqyH6Ijt3QzmTco8YFNscZ8nDRlda0u53SjjJwpMcJBToRzyRvHYFsJJ+n91IbB7KQyIbbI4jbgLRGtCpTz0RmxBvZFEeOyfp90/T7o9gtzwC0j0SwEQnKa9zWjlU+C+ZDCAOSgveD34Q6mdrO6qaqv7bpVlsYdjK4bidU1TQNiFXy1TnkgKDLVPkdynNz3C4uq8glLajvaXxrsSbJkMrg7POVoenqc3CqbCQdI3JA/ZZ2kgdUP0tG69p+HnTEfgxyCmJLsElZY3fJyew8R42V9ihH0bTo2wxwUjHmLBAGNltqen8MDyfuhWuhFPA1unGFY7EAYUnPafVdJpvhionGYaOOFxz9ZG3CcThNYclLU93J0YxwFa0ac4XcZ3XQMbBMcW+qqSLDaw0pskrQ3OR+qA44BJPbO6xPU/V0cOaOlyZNxseUHIjUaiOnjljetusGQA2+gfmT6XOCyNttMlS4zzSnU7ffcrlFa6iqqTUVPmc7ffstTRUrYWgBoC1VR5PL3Wz1E90mMobaxmHOaDp491YRtDc4TmljcAJ2oLdCOELxgZqK6mE6yBhO8WOIZkdhHkpvBwZ5xsEOsroomgPwPzVdXXzRrgg/MqjnqpJzuS4+5QZyLyWVZdXOyI9+ygwiepf5ycJ1FRyvdl7dvdW0EDYcHT+6tAv7hsFHoDSW4UtoDRgdl0PyAMKM+UMz3RYReGw5e0DchQKyrd9MYyV10j5DjhNZSueQSg4GbZS6IOuqe4+LwU9tO93DFaNocgZH7orKTSRsFTaGKl+ytbQSkZDDhEbRhpzjCtmxYbjCGWY7oNyGx02CA2nDN9tkiQBujVDgOCquoqDnACjkipVJEnWwuxt+qM0taAcZVXqdu5DkrpsaNeELmkR1km4VTYW4xnKqRFPcp2xRt4JyVLpbfV3KcRMJcT3xwvR+m/h9Mxscs7WNHJJ5KzW3rOB+m0FmqliK4PM2xEkagiMgGeE2WqpWNLtY2VbPfmAlsXI91vk2zxCshEuWxsYMnbCBNcKSEfXnCz012qJjhp2KCykqZnZIxlVlE+b9FtPfgCW07e3qq6oq6+r2aTgo8VscAC7spsNM2nA22Q7c8i3Ny/JlKyhne4Ofnf3U+ns0BIdMAVOd4Y30obqj8IHCqVbkDGyuD7DwUdHBuxrchPlkjYRuAFDfK4bglDdITjJKkdO32VPUOP4kw1e2InIHzEhJDngqMXgZ3QjPg4/1T1p1HkzW6uX9TJrnlxy5DMnhj1wo4lLjgAko1PbqqcnV5B6lNjV+jiarzum0+VKWWDfLknshBzn7M5Kto7GwkGV+fsrCmoKWIbM3Ceq0+zzGq+rJyzCqP8A3M7Hbayd3nPl+ysqewU7QC85KtywN2bsEgMI9qR5rVeW1WobUpNEeOnjhAaxo274Rk4jK5p91Zhy32NwEsBESUKwDICYQcoiacKEwhiCjH2QxwqyWkdJAGSoNXWxMHmPCkVJOnAVPLRS1Em+SEEpYNEEkDqq01BDIj90xlE+Qhxzv7qbBbI4sHG6msia0YwlSWRu7HBGhp2MYBoAwj6GjGNsJOeBx2UCtuccIxndC3gpRc3wTZHCMZJ2VXX3iBjdLDkqvqbhUVIMbXYB791EjpHyOGePVZ7L1A7mg8HqNVjKOTVVRVPO5IIxhOo7e76i07+qn09EIxu0Kyiia1o8uFy9Tq88I+l+J+mq6IqWCBT0bRjy4U+CmAA2TxHg50ojQMYXIsslLtnttPoo1rOMHQ0AYS2BXTwgamjJyszbk+TakohycKPJLlDnqBxHuUOJk8hzJx7I1ETZNf0hdTn7BOipmh4keM44CKxrI26n4wO5WW6h62pKXXS28mV42JHqmwplJ8HM1fkIaOO66XBpbhd6O2Q+NVyhgA7nn2XnN/6zrq6Z8VC90UB4z3VHW1dfdJfmK6TU49kLwyMLfTpvbPA+V+oLdW9tMmoHPM7zP3J7roZgg44TwBhdDfQLbGrHR575HJ5ZzRxspEbA0ak1rRjPohkknCcqxUnkK+bhoamgOO5XWR8Eogc1oON8KZwCmdBA7JOlyMYQfFw7AC4N1N/ISQ4vcTlczlcSRIoSSS454agbwRLJ3YDlAmnwMYCZNUHOAFHLS8rPOTkPjHA1xc5y6I+5T/Dwd0QeUeqqMN3YyMsDQ1oHC4CAMAJ+r2THInDBHJnEwZHdPXcEpbhyRSaBafdEbGARvhEEZzxlEazHKZGCQuduehNbhqR3T/KAglucjPKMFNyOk490Fx1b8YXXEtOecobfMccKDEPLzxhcazfJCI2MAA90i8N2KhM/o6PK3dAml7JSTeiATlGOSEST3XW75XAMnCnUlKSQSMKJZKnNQQOnp3PIJGArWKJrWjthdjha0A4XS7O2OE6MUZpT3HJBjgoUn0pxPclBlIJGCj6BQE6teyMOFwAYTkpy2kEkkutaXIXJJZCWZPbHsaGE8KXQWqprphGwEA8n0RqWiOWufgk8Bb3pjp+pqSGxtDScErHddjg9R4nwjusj8q7C9PWJrGsoqKHzfjdhet9O9MRW2Fk9Q1ri4d0XpfpuC107ZpoWkkdxufdB6k6oij/3KkO42JHC5112WfWNDoq9JDZAb1H1BDRRGmpXYxyR/ks5baGpu07qqqd5Bgtaf806goJbjVulnJcBuB2V+Gw0kYjjaBjkrM+TrVRyOYxtOwMa0DbGyWsgZTWkyZJUWomOMNGUtvBpa2oVTUkHS3CjRsfK7J7o0dPI92qQbfdSWNa0ABqoU5MbFTtGPLupzI4qeJ0sztJbwPVdbDDBB49TgdwMrK3rqGSqkdBBxjCjeCpTxwh/UPUJ8P5SjOC44JB7KigpnVDhqaQe5TqWAzEOIzvjK1Fqs5c0OcQ30VRlklcHY+SLQ2xjWAaMFa+w9NuJbUTtGCfKCi2qzxRvD5cHAU+53eOgpzDC7BA7LBqtV3CDOlTpsch7hcILV/Ie3MgH0jsqWhtV16jrXveMQ/hPbC7Z7PW3ur8acuLXHJJ7rUVNY22tbaLQ0F5GHvHquPfqM8HSpq54Bzy09mgjtVqja+ocMOcBwhw09FaCZptUlU/d2d11gpLTFx4lW7dzic4JUi02ma4zGoqXb8jK4mpu3HTpioo7bqarutSXkYZzv2C09Hbo4BhgGQpNJSw00DYomBuOT3KINthuVz5S3Dc5AmPSfRZ/qPqentX+6wu1yOHZc6r6qjtcZo6YeJVOGC1v4Sqvpnpeerc25Xtxc/Vq0O/+XhKksBpisHT1Te6k3e8EluctYe62sbHRtEMTWtY3sAiRtZEwMY0Na0bAIVTUMpovF1D1SnPkOMchHAY3PHqqioqJa2b5SmYccOcutNZdJzI1+mId/VWcFMIfTOMZVPnkYsQOUdvp6VgaGguHJKO/DRknZNc4DfOMKlu180A0tL5nn3VqWCPnsmV1yp6SPUXZPos1WVM9wl1yOwzu1ObDJOQ6ckuPZT6W0TTOG2gDur7F4wVUNpkmflo2791e0NhhY1rnA5VvR0jYWBjGDb90eWop6KIyzYGP3RrsKUsAxFHBEGtaGgDcrM3/AKrhiaaei/mO3DiCqnqXqyornyUlE4xx5xnvhUEQ1bkpq6EN5HyyyznXKTk+pQ9PupDY8n1UmmtstVK1kYO/JTMlAKOjfVSaWg4HK09ssLGMDnODT2yrChtUVFE0lo2GfuVysuMUIxHhxVuWCD5Xw0MOARtx7qqkrZZzh3CjzzyVEmXOJXWREEZ7oW8opJhms1bn9UTgJM2ACLHBJPu0bDlKbGIjmOWU4Y1TKGiJcC4cg89lNo7eWgam/up8cDIsHZLlZjgOMcgIaYRAEbok0zYcMa3U88D1XJ6kAlsYyQp9mtDi75yryXE5APZZbLcF9HLdbZJHCpqG7dgVcRwnYYwEdsRJClNhwB5f3WOy1sWBjgIO7f3UyOH/AA/unxxNA4R2sCzym5F4BNjAGMJzW78oun3S0+6AW7DrQ3TwkQD2STmqN4QLlkbo9l3T7IqSX8gaeRi5gJA5XUQRwgJhByiLmApggBcJwMohADSSeyy95vjfNTU7jngkFPhW5MtskXq+CkkEMRySNyFlaqeWqlMkr8+nsuPdq3c4n7qJPUaQQAulRTjkh2aYRjAA4UCSV8pxwk97pnZ4UuioZJngtAWvCii9oGKke/zYOFfWiy6cTzY/wtKmW60SNbqc0bKzEWgb8hA5+g1D2Djp2xjSO/dOa0O2Gyfo1HhGEeBxylN5KyCERA45TH4bjzI0rxGFT1VYHHSzKJLIcU2SKurIGG4VRJK5+S7hF1OcclDjiNTOYwf5bRl/3RxjgNA4qd0zgXBWlPThjQCOF1kbYsaW7YRuQiRUXgG5mNsZylDE4nhGjjLjwpI0RtxgbBQLfngiloaN9sKPUVscTSNW6FX3BuTHEDtsSq3zyO1OOU6MMipsU9TLO45OyGIgzDscopYA3OMKvudzio4w94yTwFsqqbM0p5DVdbHTR6n424Hqs/VVMlVJrefsPRcMk1W8zSHY8D0CFIceVm7zwPVdKigROZ10ug6e5XaeldNIZJWkDsiwUg1Nmmblw5U3YjjhbYV4Et5AsjaxukBdw1deQM5UUyAZcT+pWuEMmWbQWSTw+Vmuoup4KOMxQ4dNjYAqH1H1Y1pNLSNJcNi4FZVtJPNIampeXvfuM9gttVGTh63WZlsgCq5am4zGaY59B6ItLSk7acFSoqfGBpUyKJrO2Fvrr2nKtza+QEVHG3BcM+imQw9gMJ8cD5XjGwG5UkBsTM84WpYRUa8dgomBm5CbJJnYBOc2WUjS3Yrvg6W+blTZuYM3tAnJ3JQg8ZwAjOZjPdQa240lAzXJ5T23WmFLZivvjXHdIJNMIdzgfdY7qXrOGAimiZnfBIPKouqOspqqd0NM844JB4WPdNLK/XJIXE+q6Gm03J4fy31Ko/6dLLS5XOe4SF7nEA/sojMnZDZlwUqmp3vO+3uutXp9p467Vzvk5TY1sIcR5f3U6GiDQCiwUZ28u6nMgdFh8mAwd8rVGrAjewFPSAnYIkskNC3L34Kh1d1kLXwW2PVKDgOzwmU9sd/2m51Bkcd9PoiaSJnIJ1bW3Cbw4mjwj+JEbb4KV+tzQS7kldrLpRUMBMTA3HACzNZd6q4HFOC4fdA8LsnPot66+0tM90DXbgYCz1ZdayqkLIZCRlSKW0yVr9VVGRjfJVnFT2+37vDc+6TKaQarlLllLS22vqyHTk6T6qxitNtoMPncM+iVXen4LKZmkeqpZ5ZqlxdPIQFntkT/AG2WlRe4KTMdHFj3JVRUXGsqs6pCB6KNLJRRjU95e4cAKI+vc86YW6R3ys7m10LlLPQR5cH6nHJKbrLkiC8anndITRxHJduo57hLXJzwpn/SCR9k75UOGXnBCXz030txhMDpZPrchyUE8OPONsfdFb8u3cMGfuo7Y98kp4aAqTwVkNlg4alqb/SmZHqu5HcotyI3wPw30SAjB8zdk3xoePE3XPFaq3pAchg6jA3Zum+T8I2Qtl3IVqaLH6GJaGJuT6pZPqrckijgiblPMDMZ0pBwCe14QtpkakA8Fo2wmmkaT6KScDulkeqjhkrLIwpfdNNNjupSZq9lXxhqTIjocdsoBiO+yn6RnOEtI9ELqyM+RkAMcF3BUxsbfRMdECdlWwnyEVMUsxYTPC9ApsLUskfA9E4OITyxw7JaSh5RbwxGd7OCiNqpjsXbIJakBhTLBaiyU2oJ3JRm1AOMcquw5dBcEW9lfGkWrZMorXNcMbKpbUOGAjtqjjhGrQdjJ/hBwyMD80IMkactGcITakAjCO2drsZCPcmBtY7xsDTI3ZNfDS1A0xv0uKK2OKUAOG5Qn0b27xtyFbBzgizUs0XPmb2IQAcKc2smpz4b25b3DhlEEVFcNopGxy/oFShwHGWSuG4OVIpqyponiSmmfGR/ScJtTRT0p/mNy3s4cJmr2SpRyPhY4PKNJT9R09dGKe7U7XZ21gbq0sl6vvSNU25dJ3eVjc5MbZMYHf7LDc9lIpa2emOY5CB6JEtMpHQ03k7aJKSZ9TdEf2nrfcQ219f0Laad2G/ORM0wH7+i9bhhtV4p219jurXMcMh8fmA/dfB7bjR1IDastid6gbH7rR9J9ddV9D1Iqem7kY4TgmKNxMbvu39f1WKzSbOUe58R9WrPx6h8fs+v6hlVQvAqqeR0Z/GwZCcJ4HnET9R9O6wXQn9oCzdRNbQdQ5pK52AC7eOQn/LsvRqm1UNXEKiJzoag8vacA+myxyqkj32i19WqjvqkmgA34SAwodTPdrMdd0t7paUf/EUzcgfdSaKspa9okppQ9rhkEHkJeDqRmmPUappoKmJ0VTG2Rjti1wyCp7mFpwRgoRbtyrUmip1xsWGeZdRfC6nqHPnsULYicnwifL+S8wuNpmo6h9NVRGOSM4IIX0wG6Ttsqy9dP2m9QmOupWudjaQDDh+afG1rs85r/BQnLfSsM+Zn0Rp6j5ilkfBNyHsOCCvQOlPid4kkNr6jy2ceUVGMMcOxPoU/qb4d3O2udNbwKuA7/wD0Qff1WDrqMntjPC1V3yi+GeH1/irKJYsie9SSW25U3h1cEdTBIMEOAc0j7HYrxrrz4SVVkd/HehZpHNJJko8as+mn90TpbrWv6fxS3EvqaHg5dvH7tXp9svNDdIWz0c7ZGO30k7j7hdKu9vs8xq/H7u0fNsd8p66PwK+IRVDSWvGMEOHqrqy3urs0muN5np3DeMn/ACXqHXXwo6f60jfU0oZQXIjy1DGebPvjkfdeD19H1P0ZXG19Q0rmFrsNfjLHj1a7utsLc9nBt0cq3mJ7Narnbr3TB8UjWSHmN+xCfNE+jcHhpLV5bQXI4bPTylructOFvbB1hSVQZQ3R7WPxhr3cO/8AVaE8krmocTLqN7ZWhwPKdiem/nRf+ILs1tlj/n0bw5jtwEoJ9f8ALk2cNt0Sm0OcIXLLJ1NUtlaHsdh333CvKG7zOLYpTqA9VmBA5j/FiOPUIzKl+cOAWiu7PDPO+R8LG5NwN3SXKopnCSCQj2zsriRlJfabWwNbOB5m+qw1uuYeBDMcZ+lysIqqSF/iQyuaR3BWmMkeS1GlnpZ7WiJc7a62VJk0YB2KNbLxPQvbUQ7gctzytB41HeqYQ1RDJsY1Y5WYqaKW01LoJx5HHLX9k5YksMS2n2ew9LdWU15pmRukAeNt+QfQrTGPAGy+fqS4VNoqG1dKTjOSAeV6x0l1jTXqnbHLIBIBjc/ss9lKw2ZLav0apjdt+6DPRU9ZA+mqIg9kgIIIRGPxnZEIA7LntZ4YqE3W8o8D606FuXQNxfdrO109rmJM0IGQ33Cr7fdjRSR3e0PJY7d8YP6hfRkrIZoyyVjXscMEOGQQvDetegpukah1zs8DnW6Ql0zBxH7gei835jxe+DlX7Po/019UyqsjVc8NdM2llvdLeqZtTSvw/wDGzu0ra2G/Hy0tW/cbNcV8/Wi8yWioZXULiY37uA4wvT7ReKa607aqleA8DzNzuCvknlvDzjNo/SH0/wCfjqK0rHl/s9fhma9g0/5qHXUWt3zFP5Xjcgd1Q2G9hwFNUP34BWmpqho2IyvJW0uuW1nuYWRnFSTI9HcSzDZNnBaGCZlVDscnCzVdSGOTx492u3+yfRXCSlcDvj0WOUMht4L5niU0oI4PIVtDKJsDIBUBssVXTtkDRuM7JsDzBICTsEvmLES+4tpaaKphfBM0Oa4Y3HHus/DTsoKh1lurNVNUghkh3Cv4akP7YXLjRQXKm8KQbjdpHIPsnVzywemefWyef4XdS/ztbrLcDiRrdwMfiH6rA/2k/gbbeqLG66UsEckFXiaN7BkZHp6cr2SekF4oZLDcnCOVuDTzOG3fY/dVvTNe6zynorqaEPt0pLI3OGdA7L1PjdbKeK32c3U6bYpWRWU/yX7X/wCw/IvqPpu4dLXaa0XFhbJGe491XM2zlfc39rL+z3hk93tNMWlhJ1NbxnJH+RXw5JFJBK+GZpa9ji1wPYhfUvF6+F9W32uz4/8AUHh/4F/yQ/258p//AGCs7KREd8+ihs+pSYT6rs1zbZ5ecU+i0hccc5UuN5wFVxSDYKZE8HT+a1KZitrwWEb3cJzjjdAjOSnuJwN1aeTNjBOoasxyB2OFroptcDJyMkLCRu04OVqbFWtmh8CR2+MLVXLDOdq6uNyNJUky0Ot3fdZCtY4VBI2Wpp5DJTPpyclvH2WfrmgTnZaJ9GOkiDhccnJJJtAvBDTlRHbHKnyAEbKJI30Cz2rLDjJki11Dm1LHNON16ba5jNTNOoE8LyiN5icCOVvulqvxIRG925GQvL+Ro5cj330/rpTgq2XV2p9dOXgbqhew8O+y1H96wsIzlUNfHonLcYXm7I5Z7qmzCNx8I75PT1b7U9xdG7duTwvcKZ2O+V8vdP3CW3XaCaF+Dq3+y+irDXmogifIQdbR3XlvI6dqbkj2/hNS507f0aiGQ7DCmMAIzlVsUrdtwpjHNO4euHbHDPS1yyHyUslcH3SSsMaebfFKiLHR155BAaQse0uexpPoCvVeuqJlbZJIycEAkHC8soYnGENcc6dl6DQ2bq8M4GrqxZkqr9AyWkJLdwvNL1Qljy7ThetVkGrkbeiw/UNu0PeNGe4XqPG6vb9jPBfUWglanNHnNQCMhCieWnOd1Y3CnLS7bhVUvkIGV6aLU0fMNUnTZwbvpqvFXSmmmdkgaTlUF/t76GuMjG7E5UWy3J1HKHjcdwthcoIrnb2zxgEluUm6nJ2NFf8ANXn2Vtnr3ljZGPIexesdH3Y3SmNPO8F7Rt7rxGgkdR1RidwStl0/eH26sjeHHSTuuNq6Wmes8XrMNRkazrGxmVjqiNmHM3WXsdc6OXw3HDmnuvUx4NyoRM0AiRgyvLOp7dJarj48TSGF2dlzZrKwdyzMLPkj0ei9M3giTwXvy13qtxTTG31MdQz6H4yvF7LcTLAHsGHAbr1bpi6Q3SjFJUkMkaAASeSuRq9P9uUd7x+p3x3G8lnjuNI2ohI1M5+ysLTM4wgE5xwsvb3S0M3gykGN4xkcFWFHVugqPKTpJwQuDdDPJ6bT2muZIcbd1yVhyCEGlmadxg/ZSiNbNlhawdBYwDZgYUpqg4LXlqmRnZUKmhk0DZWGJ41BwwvN+qrC4vfSvbhzcujeOxXp2CeFTX+1OrYvFYB4jR+q0U2bHyZLq9xgKSonuNjLQ4fNUOWuz3AXL30zSdV9LyR0rQZCCdJGXA+yiRzOsd9DpGnwag+HIO2VeMeemL4yocfEoavBZ6DPZdnT6jHKOVqKN62nyff7XJQ101vq4chpIyeD7rzfqG2NoajVEzDX7r60+P8A0PDH4fUNphDYalgf5BtnlfNt7oH1lO5rQNbB35Xv/E66M4rDPmPn/DycZwa/wYFwOSV1rT6Iro5IpnRSx6dPf1S0j0Xqq5qayj5hKLhJxfoaug9lxJaELCAjG5Xcj1CFkpYRqeCsBmnBRQds5UdPBwjVvIDiSPFOOEvE9kLV6pavZaoW8C9pPhutXSkaHkgdiVobZ1mWaWTZ9DlZIuyuJ8bX2Is01dq6PWaC/UtWBokGT2yreKojfx3XikNVPTv1wyuaR6FXFv6ruNO4FztY7glaa711I5uo8bnmB64Hatx2RozjZYu1dcUEmltU8xu9CtHR3q3VjiyCoaSBncrTG5ejj3aW2t9FyxxxsVJY4+qgxnONJypTQR6piaMjTXZIEpyjNedlDa/zYAUhj9uE3OFkVwShLsiteSVD1eyI1+OyJTQtpY4LBjhjlFDh2KrxIQiCQ5RqYtxJus/1Iur3UESHCL4v3UcsE5JYkIRBKQMKGJMnGETWFHIWTPGPoiCQ5UIyA9k/W31V5AJwkGF3V7qHv/UV0SHO6mUTBILR3wloaeQCEIvJxhPjeDsSP1U3g9D/AJem58MEpgp2agQ0DHsitaSMjJA5Kc0MJHmA/wBEEp5LWX0JlPqBw0LsdO7JJ4UOv6q6dswc2puUORwGnJWMu/xkgpy+Cz0YeDzI/v8AZBuQ6rS6jUcRiz0YU+Rk7Y7lQ63qPp6zwaqm704kbnLQ5eH3r4l9S3HLHVjomO7M2WXlq56pxfPI55PJJS3bhnRq8TJPNrPZ7t8cKKlLo7NT+ORtqdsD9l59fPiF1Jfi5lRWvZET9LThZbOOBhOZ90ErWzpUaGmnqIZ7nPJL3Ek9yUBzRnkBSoqaec4jYSrGnsHiYdUghVO2K7Z2NNobLv8AbXBTRRGQgN3U6K1zuwXN2VxFbqalwAzJUkxl+GsBSnYn0drS+I5zYioZQMiAw3dSI6YOIAKuqWy1ExBLdirikscNPh0zEpybO1T4/C+1YMzDa5ZseE0q3orKG4NQ39lfshgh8sbAEZlI+Qgce6vJ1adDGPLRXw26nbjTHuFPgp3ZAxgBTaa38HH7qwZSMZgYUNtdCj0V8VEXYyOVY09vDdLsKVDS8eXhT4oAwBztgFDTCsBTU+BoAUpsOjcqHX3m22uIyzSgYB2yvMupvisGvljo5HZO2ytzSF6jVVaSGZm/u3VFstOvxpQS3j3XlXV/xJmr5XQW55A3DjlYq63q6XecySVB0ngFBgonvOTyeUmy7PB57U+TndHbHgY6apqn/wA1xdndS6SjJcCQpVNQhuMhSnubTt+kFIcnI5Si1yxrIo4Rkn80Oeria3TGclQqi4h5IBULW57s8ZRxhnsB2Lok1FU55wO6FDG97slPjgLiCQpscAAG2E5Vi3LJyOMNA2RXPDcAbrriGDA7oJOk5ynRrETuSHlurchDlcBgJeMd2tGSuRQSOdl4IytVcMnPv1QwRukIUxkIABSawRgDGcp4Bzla4QwjmzucmcAOoEhEHCQGE9HjAtsWAupJJomUsiTk1ORC2JSKVms5TIKeSpkEbB9z6KbVGnoYWsAy7/Mpc5Y4NMIZ5FJJFSRajuTsAFUyy+K7K5PVCY78dkwEHhZ28hvk47ORgpwOASVwkDkqmuV3O8EB45KCy1V8lwrc2S624RRZafRZ+omfPIXOO3ZNfI+Q5e4lNWC6+Vns3V0beQeM8lEaPQJzY3u4CmU9GTpL289spUYZ7GOSj0Cig8QgBm6nxUTGAOc3hFYaaBnGCotTWySAsBwPVHlRE5c3wFdJGzZoCiS1LjthDbqJ+rKe2Mu5Ci5JjA0Eu4HKkxxE42XYaYkg4U5lOMDbhPhX+yp2JdAoacA5IUpseDnCc1mkDCKWEgDTx7rRCGDNOzKGgNA4TtXslt6JafdM2i1LJxdG3Oy5kDcnhRamqDBnHCGTwEothpZQBnZVdXX6c4IPsgVl1Ay0KkmrHOcdyubq9bXTnk6Gm01lsksEysuTj5Ruq5075DkhcOXHJCPFEHb6V5m7XWXSzk9HpPGRrlmSOQxk7kKXoGE1rQ0YAUyhoZa6YRRjvuVmy5PJ3KNM84gjR9GWB1wq2hvfGV9I9IWZlBRR+UB2N1gPhr0uKZrA+PzbEu9vRev00QhjawDGFrqltR9G8L43+PXua7JTGBrRsmkgDGVyR+w3USR+eCUU5bj0cVgM5+TgLp2AKZC3LQ53dEc7jZTOBjeBCTse6FLKGb5GEyaaKLd78LGdUdURxf7rSkuO4JB7ozJqNTGmOWP6q6ucI/kqI6XE4cQd1kqOndPL40wL5HHk9kyjp5Z5jNKdTycnPZaGjpdABc0D80+qvcect1UtRLdIPQRhrdxyph2GxCE0BowNki7HdaYpRE78PA/Uc8p4e0N8x2UR9QGAkjYKmuN3z5ID9019AOe0up7rTU2xcCVnq28fNOJY45B2UGSodMcuTIYS52w/RLeWxTk5dD2vmmfucq0tluL3GWTsNgi0NsLA0vAJO/2Vs2BsTRgIopjYwYyNgx9kTIHcIbniPIG+VGc9z87KSlgZGps7LUODi2M7dyhta+QjJRoaZziNTVNio8AHAQ/KaKtPnsBDSasHCkspsYICkRRAY7Lpb2ylytwb6tMl0gOkBEw30XeE7IIIys8r2zXDTRfY3IwQolQVJLTvugvBk2Q/KH/Fi+yuqC53dQTAXOydlbvgMo23XKS01NTN4Xh7FLlqNpS8epdFNI0t8rW5J4V7090HXXb+bUARN5ytp090RSRD5mtj1E8AhbWmpIqaJsUUYDQs9upbNml8XzmZQ2fpS2WiMCOFrn43JHdXTRoAA2HonySww7SOwgtc6pcXMbhn4T6rLK9yfJ6DT6RVrED5IbFWTEB7Tjvup8NqYACRv3yrQfLRDIAbsgSVjRtCvVrMukfnltReWxrLdTx4c5qOG08A1NAz6KK6d8n1FMcNWN+FSreSpXLH2kiWqLTlmEI1Ej/qOUxxa3lyEZgOAmqGDPK9+w7pSRygFxzuhyzOJAa3KLBR1dXuItI90aikcjV+X02nzvfQnS4xkpmt02zW5PsrOGxagHTPzjsFY0tBT02C2ME+pTIwPN6r6tlJbaV/3KGO3Vk2MNwrKn6fa0B08gOeyttONwMYTxsMJjgjzeo8rqtVLM5EWloKWA+WMEn1CKYweNkcDHfKRGUyMMGKUt3ZHxhdRGrqghiSSSUIMSSSUINSSSUIMPCESeEQkcIZ5VMJAicnJXEk7T7oW0iDZGg4JSaxjRsQk8F2NlFqZmwtGo8rLNja22GwPXhQ6qsZG0jIJVfVXMvJZC4j1VfIZXkEuJQSntWTuaLxVupaD1Vzm1Yj4IUKTXUEFylxUjpCNQUuCj0EHCwX6vB7bxn00lNORDpKEuxqap0dM1h+lS2QtaBgIulu23C5d+p3n0HQeOq06TwAbDxkIoAHZEwMIbjjJXPsm5Hail6HaQuEY7pnjtzgqNNVue4tj4GyUotvkOViiuQss+kEY7KCXSTu0tdpARY4nTOy4qW2niYBgY906NbZjsscuU+CJHAW87kodddKO1xGWrkx6N9VT9R9Y0dvMlHQOL5hsHjgFYKetr62Qy1tQ6Uk7AnhaqdNJvk8v5X6hq0sHXS8zLi/9WVV1eW0j3xU+SAM4JVE2PB1HcnkpxAwANsLq6FdO0+f6nW3ayW61nQBjcbpYC6nNWjZgzNYWBhi9k52GY7pzjkIekuOcpyiF0dz6J2Am4xsnoiIcSQENziRuioKS47ihmd8J4b7J3h43Ts7YQyjtDG6fdcx7rnGShySgj7KOaQS56HyODBzlQnzFxIxwnvcShNZk8pEm2y4rAg0uO6IBgYKc1oATgMbBWoh4yJNTkPV7K8EYhyu85Q8FOBOeFbWSNCA337ojcAZC4wDAPdOVqKI45HEgY2XJHjTpTXu4QXuI91OhW3LHOkOT6rpGAd0IHGVxzi844UHqKwLTqcR6J5j0YKQbpGccomxAVJYI3gZwECQ9gUSU54QCfVEFGORu6Q3TkehpJZZRgbKJZLb2o5S07nyAFuArmKJsQCayFsTRtghdc7Vt6J0YmSct7CEjHKjHlLJ9SmuOAj6AwNJQXnJXXk5IS0u7BBKWA3yEanJrUaNhzlA5YGV1yskoxQ1rHE4wrGlphHh2EGJrW48vC2vRfR9bfJ2vdATDnGD391iuuPU+J8Tmz7vyOdI9MT3Soa9seoasDI2HuvdLD05S2qmYNDS7AJcQi2Hpejs9KxrI2gtaol96iZTtNHTnzHYkLBZbuPp/j9BHTQxJcjOpupG08RoaN+X8OcP8llbfRT19Trd5jnJz2RKejnrqg4y4uO5WgEFPbaXSBhzRl3qSslksnXhA4Ay3R4B1E7LsUXifzZxueB6J9PT/NPbI8cDIygXS4siIhjBPYkKjZCOEDrKpkY8OM87bJUcEkh1uHKbQUL6mTxHjYb7q3EIYBhoCWFjIARYGAn4go4jU1JGQPKEqiaOmjMkjtgsfd7tLXTHS4ho25VSeBMnwdvnUE1a90EBIaNtlX0kPiHzZyuwQGR4a1uST2C2NpscTIAZowCdwO6RKZKqnYwFotDWhsjoxxsP9VqLdbgBqcAMDIBXaWmawBoaMBFrK1sLQxh3IwViuu4xFnVp0+3DOXC6R0kRjYAXu22Uagtjq0GWpfud8FcorW+ol+ZqTkndrT2WgigZEwNYMY/dci63B0q6glO51FTtgpnadsEqOyVtIHvaAZXZ8x7J1TP4QwBuUO3UFRc6kMjB053PouZfca4QUVkLaLdLd5mzvGX58zjwtzTU0dLG1jGjIHPqu0dDT0NOyGFgbgbnHJXXuz3wuZZZuY9BQ8YwAst1T1XFbGGhpHa6uQENA3wl1T1THa4TTUrtVQ/YAKr6S6anqaj+N3d2p7zlurslPgJHemOlpJZxdrtmSZ/mAccrata1jcAcLgY1p0gjHbCZVVMVLEZJD9gglPdwPjH9nKmrjgYXSHGP3UGCnqK2UzSAeEexTqalluEvzFRkRj6W+qt2tDQGtGAEG0Z0DjYGDS0YAXZpWRN1PcAD3KFW1kNFF4kp2WbmrKu6Tuc3LabcBp5KFywTvlh7jdX10ppaE+QfVL2QY6NjSPDbqKLSUWwjgj8vdXtDbo4QDjJPKtLJTZCoLUQRNLz2b6K8gg0Yz3T44m7bAY91SdS9W0FkjLD5342AKNPAtvcTLzdqSyRukmI2GwzuSvOLrfrheqpztTo4uwyoNdcq271DqqpcdLvob6BMZlqZGOQXI66PfnJRIonk7BEihMh4yr232pwAc8AEjYeiYCRaC2TzTNbo25JPYLU0tJFStGgDI7rlLC2Bn04wq26XjGqmgP8AzFGUSLleGsb4UZzjYkHlUvnmOooLGue4FxypcYDeyGUsBRQowAckKRqBGAE1kWsjAV7arQSwST7E7gY7JUpYGRwQ6O2TztD3ENCuoKRsbQ0AbKTHFHCAMbBDnqYA3ynhZ5zyWNfoibnsoMle2UmOnJdJ2AQpKie5y/JUbSST5j2P5rT2fp+C3ND9IMjhuSM4WaUys4I1osHFXWbuO+n1WgihyQ0DAT2wOGMjOfdTYafYHhZ7LMi3MCynDQDhGY3J44RjHjGycIxgbrNKeOwN43w8AbJwaQnhhC7gpUp46CRxJPSQgDEk9JQgxJJJCNHpiemJpDhOEOWQMHZKeYQty7A+6yN56gFQ51LSkgN+p2eVqqqciBL71CZC6jonEHh7x/ks68jknf3TnOby47qsq6sPfojGcLoV1JED1FTpOG4Uc65hkNTWMdIQSCc9lorZZ3YDn4yVpyqy12QrZZ9bQ+dnO+PRaakoI4gMRtAA9EelpmRhoLBkI8jmsaAAlynk0JLAx3kwAm4Lt1whz3AqREzTyEIQGNmjchKedkLckhKomZTt1HvwFTVVW6dxDSceyFSyUona2uFR/Li/NCgpi46nclHpqBxw9+N/2UmRjIGj2TIvBMYIM0TWvMaJTxNjGlgx6n1TDqfIXFSqeMjchMRY4Q5GeE5rNRBxjCJkZxhDmnbTtye6mSHXvbDgEgEqnuNc+pk+Xpzho+p3r7JtVO+aTYkBJkIIGBymQjlis4I7YyfdFDAzzHui6RGMlZ283sOJpKV3n337LpUUbhE55WAt5uzYmmCnJLjyVRxtfK7VM/P3KaA8+aQ5Kc1kkmzW7LpVadLkzSYV0zcCOJuw2JRYafHn4d2PouQQMijDdGD3R2j0W2ENpnsmLT7pwOASuEgKHW1sUEZfKcD7p0IZZndiG1tW2IbkDZYq/wDURncaOkJ2+twQOo+oZKyY0lA4+jnDsFEpKEsw5zge+V0KavZxdZrN+a62R4adznBzhkjJVgyLAAA4RWU2QMNx+alRRDZuNwt9cUjmbWyM2EAgYUqGmY7BcE8QjY8YXHzObiOMeY9k6TwhmzHLHHEYwBymiN8jhq3Z3HqiNjJGp5XHTBo0wv45Ugm2LsmkPe5sTSGjKiGUk5IwlLUBhIJGcd1i+res4KBhhgOT3wVvpq3M5Gu11WmjvteEWl+6jgtkb3CUYxjOeSvKeoOpqy7VB0yubENgAeVDul5muU/iyOODwM8KCSCPRdajTZPmfm/Py1G6Fb4E9+eeV2FmojbKdFBrcARyrejtuMGKP7krpVUKB4+Vm95A01M5xB0q3pqXSAdOUSnpmxjztAxyoVTdJTIaegZqeNlrUUh8cvol1dXT0UY8V+mTgNCrnxXS5P0k6IRwc8qRT2wOe2prpQ88lvoVGvF+hoRpgePLtgFVKWwNJ+yW5tJa6cOJAe3v6rO3DqSWolMMAzhRM3C9TkscdHJ34CtqCw08ID5ufskSsGwg5FTHSV1e4OlGWq0hoYaEAhoBIU6Z1LTs00/IVRPUySOPiSDAWeyzI+MUglTc3Nd4dO3YbEqpkL3Sl8smcqLW36GmJbA7UVQzVNfXTF7XYB7ZSG3kqUsFxVXikif4TDqIVXPW1VVJ5W4aUxlFJHh85T3VFPE3S12Sk2L3J4ENtijpQTqkdj1T5XUzGjwfqHJUOWsJ+k7IDZcb45WeV0V0Wo5JUlU/IHKUb8uBLVEM+DjCLFJnchJVuWRwJjdIAwF3xRjGlAEgwu4HqnK1YENYYfxR6fuuiXJwVG0n1SDHHuq3lYJGfdInIxlBDThcw5TJWB5YCugH1Q8OXQDlKlPkmA4J9UslDHG66iUmyYDCU+iRkyMf6IWn3S0+6PLZYUkncrheQlgpFpKJAiDynaymNXUxEHCf2XfH/wAKCujdQIKJ/ZdDgRnICEIjjK5gqFh8j1C4dJ5I/VCAcdwm591CYHpexC7p91xQnQtvRLA9EklMEyCc0dtk3T7oxGUtPupgmQGj2S0+yPgJFoKraiEVMLnBTDFk5QzDgJbiGngGx5H5IrKk7ZCFpd6Jr43Hg4QptMvCaLCCsOcFS46rOFRNec+iIJ5AQGlNjb+xNlXsvHPhl8sjR91GmoAPPC7B9kCCoyAHFS4524CfGaaE7XHoZDW1EB8Gpw9n+IJ7qJs+ZKZ4wd9JR9Ec4w4AqO6nmgdrgzt6FSUUWp/siBwjm8OZpbj1UpjKWXAZyimrhmHhVsDTjbUOQgzW90Z8SmeSzkKJpBZWexz6EPwQ3OEMOmpCPDeW6U+CtlhcGzDhWMUlFXM0va0ED9UMq0xsXjpkQVjpQ1xA1DuF6F8P/jN1H0nIylqHmst+cGnJ4HssXLZmaMwnBVbI2WB+JGkDjIWW3TJ9HW0Gv1GklmuT/wCh9q9FfE/p/qeIfw+vEUhHnpZsBw/JXVf09R1rvnLRMLdW8iWMZa4+4XxDQ3Cso3tnpahzXMOQWuII+y9l6F/tBz0U0Vv6qZ4zXbfMtGJR9z+Jc23TOJ9O8P8AVlF/+lqftl+/R7S273O0u+W6jpAW8Nqom5Yfc+itIZ6Wrj8WmnY9vq05CVsvlq6hoGT088dXSyt3djIz3GFXVPTUtJUfP9OVTYn766eTPhSf9Csbi0e2rs/qXRYFmE17R3Kr6W+j5j5G7UzqSpP0g/Q//lKtcAjIOxQTz6HuSkuCE6MdgFlupvh5br1G+akIp6p+S4keVzv9FsHR+6Wn3VwscWY9XpIauG2SPnHqDpG5WNzoqmPVp5IGxHqqa0XOusNZ81SPJb+KMk4IX0zdLJQ3eExVceoY7cryvqn4Yvoy6ppWksPGnc/mt9d543yf0/ZCGalwTunurKO907XMzHUAeaNx/wAlZ3i1Wjqq3utV4gD43jGHAFeOyw1lrqDpc+N7DkFuy3vTHWcFzhZR1pEdS0YDicasLoVW5PCanRSzwjyrrz4ZdQ9AymsoP99tb3bPaPNFngO9vdUNvuMdS0B+x4OeQV9RwVr3t8CfEsb9i14yCF5V8RfglE90t/6KcY3El7qHTnJ/wn/TC6FduOzz2s0Lzkq+metKy2FlFVvbJS5wC7ctW1cKS6NFXbpAQe4XhUVdPGTRVTXRzRnS5pG4IWk6c6krrS7xKaclp5aTsnZTRlqm6/tZ6hFI9h0PHmGxRtGsAt2+6hWm9WzqKAS08gbUAeePgg+ynBr4HAOzhVGTRri1JCik0SBsgwRx7q2iqnbAhV5hZO3B2PYrkUj4neDMOOD6p1d5i1Hjq788dl5FMdi04Ks5J2V9KKaqYHYHld3CzjKkNxhToazblba7keI1vibdPJyXJ1rHUchgqBmN30OPZPp5qi0VQrKNx05yQCpAdHVxOikAzjZV7Z2QE01U/TuQMrSpp9nKWJcM9e6T6sp7vTtilkAlAxutSHZB2XgFNLVWWobV0zyWHB2PIXq/SnVlPdoGwyyASgY3KRbVH0jJdTzwacuJXJGRTxOgqGa43chcyPVdWKcH7M2XF5PJesegH2KolulqaXUEpy+MDPhnv9gqKx3g9P1wkcC6CXAcM/T7r3rAcNJAIPIPBXnPWvw8ERkuVqaXQPOXxBv0n1HsvKeY8XG2LlBH1D6R+qpVzVN7xjpl1bK+GqbHV0zw5rt1srfctQGSOF4HYr1V9PVghmcTA4437L1S3XATxxzRHLXN1DBXyPynjJVWNs/SPgfLrVQUcm/hqmyN5BB5yoz4suIbwSqqgrcgAk7q1BBYDlecup2M9ZG3cSaGsmt0mCS6I8j0V6ZWVDGyxnIIWXZM3V4ch2KmwyT0eCx2WeixShkYaCKd0ZA5VlDUkgZwqWCpjnY17Dn1HopMchDc4490KWGRom1tFHVN1sGHjcH3VHcY6W6Q/KXJpjnj2ZMBv7K3hrMkNO65XW6O5RZGGvH0nC0U2uE1NC3FlVRx09xpB0R1XGyTW1zYKhw2c3/VfBH9rL+zxX/D+8m/W+kLqeqcfOwYae4/+X2X3fZqj+MOPSPUDvCq27UzjuN/fb2Ui9dP2r4hWSr6K6tpGCpEQiaX7+LGAd2j1HPPdex8dr5QkpxZ5nyOijZCWnn+LX/Z/tH41tlDvRSWSDkL0n+0J8Gbl8Juq5LfNHmldnwZGjyvb2/P1XlbJAMBfS9FrI3wUo9nxvX6GehtdUiyjkJIU6F5ICqIpDkKxhlBAXVhPJzLYFnC/hSGuGFAhfkjZSNyBg4Ttxz7Ihyd8gqwtE/hVG/BCrGnA3KNTz6JA7COuXOTPOr5Fhm6oJ9U4II91GvMbGyEtGMqFaawZBcVZVmKin1Y37FbV96OY4/FLBRHlOJwuk90LOr8kDxjk0Q+5ZHtOrOUGRoRY+6Y9KmglwyHKNJ42K0fS9Y4uEZfgtIws+/fkcI1tqzT1TXcAbFcjX1boPB1/F6p6e5PJ63Sv21FVt4p3HFQBgE4KVqqvHiD9WQQFOrMTU3hheQuhjg+r6S3fBSMyZHQvDwdwdl7P8Ob+KugihdJlzAG/mvG6iLQ4jHC0XQd0dQ3JsLpNLHkLi66nfBv2eh0GqlTNYPoyCTUGvBzlWEMhOlZy0V3jfynEcZHurmKUagvKWww+T3lVvCZbsO3KId1DilyACpIeCCsq4Nae5EW407KilkZIM+VePyMZSXSophkMc46R6FeyyN1Dn8l5X1bQvo714jgAJNxgLoaSzb9pz9bH7dxXzxtJG2Vl75RF2oln7rUg5UC40zZmfTnI3Xa0trhNM8/rdPG2t5PI71ROY5x0YWTr4i3JHqvUOoLXhmsM5OOVgbnAGzvgIwQMr2ugvVqUWfKPNePUMtoo4qgxHGRutj07d3SRNpJMYHBz+yxNVE6OUAqdbat0ByxxBHddaVe5HltLqp6a1I0l8ozDMJ427E5RbfWMmYI3HDgrCmfHdLYNgXBuD91nSx1FV6SCADsuNrKWz2VFjjPej1f4f394qHWurky148mTwVouqrA2rpnvAGcLyWjqpIyypheWvaQQR6r2Xp68wdQ2xjch0jIwH5Pf1XEtrcWev0OojfDazyiOWey1ZiOQA7v6LeWS6eFNDVMf5Hgd+CqjriykEzxs3ac7Kk6cuwgHyk7jzgH0KxW171hDtLqP4lzrfTPoa3VrLlRNe3GtgzypjHEb53C8/6avboGtbr4PqvQKXTVxCRp+oZK4Gp0zzhHr9Jqk8M0NiqPGj0eivaOTXKIysNQ1T6Gvbv5DsVqHvl8lXTnIG7gO6419W071Nu9YLSspSyTWBsmRkgYG6lU9RFcqQmM5PBHcFRo3CJ5jkGDnCz4wOJLHD0XdGe3K4zlFLmlowOELs5FtZPPOt+nHkPqYGAtfvt+EqlsE77vQydM139/CDJA5x3wOwXq08LKmN0MrAWuGF5T1RaKiy3P5inc5j2O1Me3Zb9Pd+zHbHnJdWA01+tNZ0PfZN8EQB3O3Df818o9e9K1/SnUVVbquAxhr3aPcZX05JVRV8EXUtHJ/vdKR42jY4HLlF+LfS0fxS6Qh6htjIv4lQR4lGMOkaBt916XxWtjRZiXs8z5jST1C3RPh3qSgMM/jtb5XcqjyPVei3ag8Rk1LLGQ8Z2PZeb1UD6WofE/PlJX0XRardFI+Nef8d8Nny1rj2PyPVMIymEkjOU8HK7FcuDy51JJJMIPTXJy5jKvOCD0kkk2LAxkekmJJ8bEiSjgIMZ5RGnHdCXW5zhFKxMEMfNvhPjqaincHwTFpHdCacBOwRwmwsa4BcVLhl3b+sb3SnHzRcO+VoqD4lSABtS0uxzvhYNrQmgNBJ9VohZOJks0FNnaPXrd1/aKk6ZXGM+/CvqXqK0T4DaxuT6FeDMwD6I3jStAMcjmH2KctRL2c+7w9cumfQcVwopB5Jgc+6OZhtjBBXz9TXm5Qkaap4/8RU1vVd6ixmsefu5EtQ12Y5+Fln7We8tkyMjCeZgDwvC4+uL7H9NS/wDMqQz4iX5vJb+SNayHTEy8Ncumj3EPyM4T9XsvEh8Sr4B9LU8/Eu+9g0FMWqgwP+Daj+x7g1/fCIXZ7rwn/wBpPUm+JWj8kw/EfqZ23jt39lP5MGB/wPUftHvWvtlPMgYMuOAvn9/xA6nk3+aDfsgSdWdRVG0txlI9A5T+SReFt9yR9DNuNGAdUw25UWbqiwU2RNXtaRsQvnmW53Gdw8SslP3ekZJXganOP3Kr+SNXhkuJM92qviL05TZPzYeAqOt+MlGGE263skwcAkYyvJhvnO67HAT2wEuV8n0aYeHoisy5N9XfFrqCridHSMjpg7nTuszX9UX24M8CqrnlhOcA4VY1uk8p3KpWN9ja9JTU+EPaC5u5ynAnGAiU8bn+XTk4UyntFXIc6Nj3U+RLs6FdEpcQiVUjSeeUWngfJsGndaCm6dGQ6c/krSnt1JDgeGM+qF2J9GynxFtrzJYM1T2SplI2wCrqm6cigAfLyrURhuzE9kMjz/Mbt90Dlk7ml8PCrlrJCEcNMQ2JgUhsD5wNLeVNbS0o8zmbhHbNG3aBuSEL5OzVp4x4SAUtj1kGfYfZWkVDQUmDyUGI3Gc4Aw1WMNv1gGXcqG+vTr0NbLgYib+idHT1MrgZzt6KYyiEeMNUuOIkDKhsrpyBht0IAJG6lR07GbAI0TAdgpcVMMA9/ujNHxpIiwRbjy7Kayn4PH5plRUUdvhM1XPHCwf1nCxHUHxettBG+C0tMkwONRGR+SFySEXXV0R3SN3VVlDbIDLWS6MDYeqwXU3xat9PE6ntrnOfwcLzK99X3i+vJq6qQgnYasAKhEL3uz3PdLlYee1PlpWf7XRdXjqq53iQmSdzWHtlU/gOleD+6kQUbnEZHKs4aNsWkpbk2cyc53PM2RKS36sFwVpHAyIBNL2xsGANlWVl42LWjgqkmxM5qvsmVdbFTt2/L3VPWXOaZugnY84USaaWofqJKTIiCDjlOjWYrdTl4ixzA9x3Cm08eMHC5DBxkKfFGMA4T4VgfIlzk7HGMb9k578jGEmuDcgjCa8t5ytKqM9up9I4STueyjSzbhoT5pDjDV2mpcOD3jJ9Mp8KzHbczsETickKcNgB6JNY0NGBhO0+6fGDRhnY5MYAe6eB3SwF1OSFjl1JJM2kHJJJKACRqeAzHAXIYXyyNa1ucnCk1csdDGGjGvuEqcscDIQ3d9BpaiC2wBse7jz6lUtRO+pcXvP29kyWodOcuHCRbgZJWeUs9j288R6AlridkKaoEDcOOCUyquLISfDOcbfdU1RUvqnFzkmyzC4GQqz2GrLhK86Q4hvsVXk5OSukdyV0sx3WGyUpPk0xiodDQMnCkRUskhBaNkentsrmCV+wUw1EULNDGglAkXKzPAKGmZEMvISnnYAGtwhSTeIcg4UUhzj3/VW3jgFd8j3yl5zyub44XQw5Ckxwk42RRg5FykooDGwuO4U+GnxvhOhpwADpUmNuOy0wrM055GMiDcYb+6kNGw34SDDjONk5rAVpUUkZ5TyPDQE8gAZwlkAblDJDOVTlgX2xB+ScBI4A3IQXStaDthV1bXhjSBulytSNFdbfRIqatsIO44VHcLhqaWggqLWXBznbE7hVxkfM7JK4+s8ioZUX0dTR6Cd0sD5J3SOO/K62MnfC4GozTjGy8pdfK+blJnsNPpI0xUYiYzjyqWxoAGEJrQSDjdGHCVk2xrZ3lehdBdOmYtqJGHAOonHPoFQdIWD+K1jZJmExg7L37pHp+OKICOFoY3G2B7LVUeo8N41zfyWGj6ZtjaOka4tw5wyrsnAymRhkTNIGAEOapawYHdalwe8qjtiMmnIwCuR+Y7qK5zppMkbKWwANBJ4VjW8Eg7ADOEOSURjOx/NDllz3xjdZHqLqNjM0sDiSMgkHujSyZrr41xcmwfVHVDG64oD5vp2WSpaeWqe6eZ2S45AKdDSvrKh0kzicbhXdHQ6cEDGy1V17meb1F8r5ZY6iowxoAaFZNaGjC5GzS3AbhNlkDB2/Vaox29GboeXAAknhV1bcomN0tO6g3K6kZiiz7lVYL5Tqd3/ZVv5AlPAasrp5zp8Q6fZQmtOcEo4YTwjQUMkuDjZEL5mMpaN878N47q/t9uiY4SOaDpGAP9UWktzImNDR23U1kYaMYRJ4NFVT9jRG1nAwhVEmwATp3gkBMZC5xVOSwbYU5ABr5DwpcFKTg4Umlpdt24U4QBmCAs07MGunTpEWKlDcEhFDWhuEaQBg4woMlRg4A2Sd5rjUohSADkFLU0bZUaSoc7GyaA92MJU7MGiESZtg4OUMl2dilDE44z2U2Clc4gBqVKaia4VZIgjeeGqRBQl2NTeeysqag8XZrd/uru22jBDpW4/JKduDRXp9zKm32EPc0mD81qbZYqaBzZS3cdlOoqZsYAAGFLIaxmvIaBySdlnstOjTp1E4YwMY4UOqusFLIY2fzHegQZK+atd4FviL8nHidvyU2ktkMDhMWh0pHmJCzytN1dGQFLRTVRFTV5AJzj29FZtjYGhoAAHZO8UYxjhBlnAwkykbqqdq5Pk8vLgdSH5WnO2VFNXq2ARIaG5VTiYYPIeHEr6TClRPyDq/Maaj85L/AKDnzNA23Ud1Y52GsblWkPTL3EOqpsY7NKtYLTRRafDi3Hc7qSjGPZ5vWfVNaWylGaiir5txAQD3VlTdOiTElTM4E8BpWgZG2NukNGFwtJQKOejzuo8xqdR/U8EKmtlJCMBhcfUqaI2geXYLujT7p+CmbUcyyyVvMmDOD2TsBODSdwERD0CNLW4OyEeUc8H7IBByjRTOJJ6SsmfQxJJJQoSSSShBqSSShBi4eEshIkYULSGEnOEHlFdygOka3k4S5T2hY5wPxjfKHLM2IZdjdAnrPDBwqqWommcdbtllstOho/H26ueIonVNy/DA7BVNNLNKSHyZyjtY4n7oraUnBwsdt57bxv02ozTkskKOmOQ7G6lQ0pBBwpUVNjAx+6kxwBoG3C5+o1UvR9B0HhoUYm0RooQ3AwjsaAMhPw0bLi5tl7m+T0NdUIfih2AAhnlEJGEB8gbnukNtmjKQQHnJUaWbbA3TZJe2EBu5O6kYOQuVqGyPe9wA7qXBTZAKHHEAQ5w2VZfOraS1AR0xMso2LW9k6NEn0jDq9ZVpo77nhFpW11Ha4zNVSCNgGclef33revuE7oKF0kFN6Zzn81VXOvrLpUuqah3mcOBxhR2MI5HC6Gn0+3lnz3yf1Fbql8dLxAZu86ncnkp4DQ33TsDsEMA5XQjXg848t5Yi05SDXZ4RmMxgkImkac4V5wA3gE0YAz2TkjykqLApIml3ouJoWBJJiShMiT0xPUIhx4THHAXS8YUWebIwEm18BHXTDJCAS4pBric4z+aO0ABZ3lsKLwDwfRcLXHspGkei4QMJsY+yKYNJdIwuHcKwhqWCnCLJzhFDO+FNpAWn2S0+yJ5UjpwrwTINMOy6eUJA3gsefMhvI7/5rpdjclBwZMIHLBaH6i84HdEDcALjGgb4RGu1fkqLk9vQ1DldjGO6eXNwVFe/CMKJ0vOd01x1YKGTk4Ro4jIQAOThWueENeEjtPE+aTQwK/poBTwhpO/dDo6SOCJuG+bklHcQBumxRitnzhA5dty5R3O9EqhxLguNaO5TOhKE0gA5KFPNgjCU7txpKa2M5yR+6TOeeB1aHMaSc4RdAXGABGiYXFRvHYaTfEexjY3agpjYg3AxunRxgNGQtF0l0xP1DXsYyEuY04JWS+70el8b4+aa9zYfojo+a/VYf4ZMYdjGO6+henenqWw0TImMaHAbkdkPpjpqj6eoWRxRND8DJUPqfqSOAfKUziXHkhcy2w+o+M8dDTVKUvzF1N1G2MGion5dw5wWWggkqJPEkOpx9VyOKSaTxJdy7fOVfWi3OcRKWgNHr3SHLJ24R5JlDSw0FIZsebTz7oVPTurZ/EeMhu5zxlSagGpmbSxnYbJtzqae204giOZCMEhJNUYJIi3OvZGDT0xx2cQotutprHl8jsBu4yuW+hlr5httySVqI6eOCNscbQMDc+qoMZFBHFGI2tAwNz6qHcKmKhi8SQ/kpNdWQ0EJmmd9h6rCXW6zV85cXEN7BRvAucsDbndpa1xa0lrVCghdKcNGU6CIzStja3Oo7rXWqwxsbqOBg9+6TOeA4Q3sZY7O2FollYN991pII/MDhDjj0ANzwnSTBrQ1vdc7U3pI6Ono2vJ2qqTD/Ljd23T6O2ySuE9Q73Awi0ttGptVU753a0qzjZnjgLkWag6cKzkMIaN12WYMG2FyebwxjG6j09PNXTiOMHc7n0WG27JpUcBKOgnulRpa7bO5W6tlFT22ARRMGe57lBtltht8DWRtGojc9ypEjsEYXOtsyNQWWXBGyouob7DboHNYdUpaQGjlSbxdY7VTGplAIHAzuSspardV3+4uu9S3TFnDWu9FinLI5JDum+nJ7jUfxe75cCctaVtWtaGhjGhrQMADsgscyGNkLBgNGFySpawaSBkjOFQUY5Y+apZTsL3u+w7lQ6enlr5fmqoERg+RiLQUMtRIausHl/AxWbg0DjGEDWORwmBrWhrQAB2UOvukNEwl+C7s1NuFxio4i8nLzs1o5JWe3qqj5qqOvHAJ4QuXoKMcikfPcp/EnkxHnOMqfT0ssr2Qwx4aRz6Idvo5aqQ4bpg757rTUlOGcNwrUWy30MpaNtM0RtG3c+qmNjaxuSQAFyYiJus4AG+SVgeq+tXea2W45JyHuBRpGdv0WHVXWdJRt+Von+JKcjLexXn7nVNdP8xWSGQ5yAeAm01LLI7XKM533VgyBuA0bYTYxRQ2NmoDyqTBRukOQCpFJRucR5dlc0lI2EAlqPorGRlutrWYke0cbBWWpsQGnGUN03hjGOFBqqgnLVAmsHbjdJMGFj9zzhVcbC45d3T3DU7UV1zScBuQpkE60aeFPt1HJVzBjW7dyj2qzvqHtdKzA5OewWop6KGnYBEMe+EDntLAUVnp4Dr+pwHBUt0jBk7Jsk7YWnfsqirrichrsFInPJETaqs8POcAKFTUtbeZTFSs0xHl5Uy0WKsusgNWCITvuMLa09BTUTAynYGjHosllqLcsEC02aG1whjWBx5J7qzYzBBxujsZ7IjGYPCySsyhcpYGBm3CK0OBwE/TkDDcfmn4CU2LyJozhPTgMbBdwUizks5gJYCS6OUI3oWCuIw06UI8o2gDianJqogkxPTFCD0OWURN1fnlNqqqGjhMszsALDXW91tyncyle9kAJwMrTVU28l4yOvF6rK+d8VOf5W4cfX7KncWxtJwAUZzmUzCZX6SRwqmasZM4tjcfuurRXgM7UVT3Za0coVLTuc/cH7qRTUbpHjG5WltFr0YfLHwnSe0KMckay2pusyPZwNgeFoqenbEDsiU8McYwyMD1RMhmyVKe4JJjSAAd0A5c4BOkJecBHhgIAeQEvLGpYR2GLSA4jhBq6psQGGj7I9TVRU0Rc8b42CzslRJUPOe5RhxicqZZp3nzZyiUdI4OBIwjUdEXODnKweIqdg23VFt44AvxEzcY/NV08xmdhEragvcGt77JtNAQcnunRWQZcBIYBsSFJaA0YCQAA0oL5REcHdGUOnlZTs1vKpZamaqmL8+VOq3zVc+knyj9kRsTWNDQEcI5KYLQXEbboxAhA1YH3KTnth3djbuVlL5fJaqV0MMmAPRdPT6dt5MdlkY8Njr7fjM80NAdxs96psYIJ5ShGnncnlHZHqXXpp2mVz3DGCSaRrGt+5Uhh8IYATQQwjSMZRqeM/UQtUYipSwPbk8jCfkMGU4tACrbjXR0keuQ/llaIV5MN923k7X3COkYZJHBo9+6wN4vsl3qvlo3ERcE52KFerrLdpjC3VpzjY/sn0FuEEYLhlx9uFurpxycfUat2LbBnaWjZE7ZgOdlZQ0m2oDCNT0WBrfjft6KQcRgaRv2WmMcGNQ9kQQkHSG4IRBG2NuqT6u5UzwWsa1z8F7huVAmf48nhRZwOSmpZHJKPI18gdtFuQix0wgaZZHBzzv9vZGihjpoxkDOMhR5nOetEINibbV0Mkn1O0gcqNPK2njdM4gY9Uyrq4qKF00rwMDZeU9YdfEGRjHnfYAFb6NO2eZ8v5qrx0G59ln1n1zHEZIaV2OxOV5nW109fMZpnEg8BRpauorpjLLuHcD0R2QO22XY0+kxhnyHy31Bbr84Yo2ufypVPA9x2aiU1KXYOFdW+iHlJH5rrVUqPJwo2uYCjtsjyARp75Vk6eC3xEveA5u+FGudzp6Fpji8zxsAOSVy12WouDmV1ycIw7doPojykaqKpWvgjNFfep3yMkMcI4Kl4orZDlzhr7uPJR7lcaK3O+WgII48ows+aaouU3iEktUckjpRocTldc31EnhUbjvymUViM7vFq8777q6orPDAzU5oyNz7J1ZVxM8sLskeyy2TyNVDXYOnpIKNmIhhArKoRsyRsoVddvl43OmfjbIWMunU09UHQQuOM42WK27Dwi2lBYL259Q0tK0uBDj6ArL1FdXXCbW06Wu7ZQWUzXND5zk8ohqI4m4a1IlZnlipTY5lNHpLpiC4Ickwi2ZgYQJalzieyAHlxyVns1UVxEF8hn10jstduEE7nK5qPGElhstlY+SYHAJLqSEsCiALiYoEGie7bdSGOzjBUFSInhp3RwbYE4YJYIxwn5HohByIDnsnoyyR1OwEhumHhMwTI7DUsNQiHZXMn1QYKwH2xgIYG+UzxCneIPRQmGEHHKcCBug5KWT6qm2uiYJIc3/5Sk5ze2P1QMH1SwfVXGX7JgLqH2XUxdyQmKa9lBUkPV7JB2DwjyiLhhdXsuDBJ2SBwMJawjyM3JhY4wdiOU80kJbnG6YHYT3SbKw3KMVyCfBgkYQzER2/dFLwDlPEzRgloA9VRScJ+yL4TvRNIwcFTzJCR5QMoBYDwoR4RGSRvCHol4O2cKFAUl0tIOEsFQAcl+SSShBYaeQloYeEl1qppEba5AOjwdghuYVMIyuSMGAEvHILsz2QgXN7oral7CM7rpjydgmuiOM4V8oNYkToK0nGdip0dQHAYws+A5p5RoZ5GkYcjVr9gTq/RcSUsc/nadJP7oWiqo3ZYdTfRNgqthknKl+I145ToLdyJaaZHfPBK3+bFpco7onN88Mm3YZ3R5Ywfw/ugOgfEctKMuMyTS3arpcCUF7ON1eU9daLm0R1MYDiMLPQ1D2ZE0Ye07YRGUXju10VRG13Ol7sIWkx0bJRfBZVtgq6I/NUIMkTvw5Vd83C93g1UWh3BDhwpcF9utvIhrmP0t78j8lcn/ZrqSEMqQKep7St7/dInWpGmM89nenOqeqOk5m1fT9fKWZGqPX5cfZfQXw/+Pli6hAoeoY/4XVNwNWMxOz/AJL5pqunb1ZyZaKQ1EHbQc7KFDdonPMU7HRPHOod1kt0meUel8T9Ta3xf2xe6P6Z94zx0VzgDZ4Y54XjLXcgjsQVTutN0s/ms05mpRv8rJvp+xXzd0H8WOpuj2Mo/mDdKAkYp3Pwcf4Sc6V9B9HfE7prq6Lw6WpfBUsGX08ww5v2Pdc6dEoPDR9S8V9RaTyS252y/TLigu9HWu8GQGCp48J4wVP0Act4Q6u2W+5t1vY0u5EjNnD8xuoQZdLSNmmuoRySf5gH3SFBZPQ78FkGN9EOaNhAJaCPQplNXUdWwSUryfVp5CO5pVv7Sm0+zB9WfD6luxkqKFrYpHb6e2fZeR37pivss5kmgdHg7ObsP1X0k5qr7pZ6K5xeFVU7HtPq1Pr1Di+Tz3kPCVahNx4Z4X091XNTyspLjK5zXbMeTwfdejUFy1MadiMcjgrK9Z/DWWgZJXUJ8SnJyWgeaP8A9FlrddbtYpsSl80HdpJyPsuhXfuPnuv8RZRLFq4Nt1t8K7N1zCK22E0lw0nL2HDS73C8AudqvfSl0fbL1SOgljJbk/S8eo+6+i7Bf/FjZVUkmoO+puVaXzp6w9eWp9uvFOHE7sfw6M+oXQrtwec1Xj1/Qj5lpa6enlbNTSOjeDnLXYK9L6Z64pbs1luujRDMG48UnZ5/6rCdffDi/wDQNaX0mqrtzj/LmDsgD0PoqCiuHj4GrS8c+oK0RkpI48lbTLno+hWt8MgAgtIyCOCFKEbJ49JaHFeZdL9bSUsTKO6B0kY2Eg3IC9FpJWPibPDIHxvGWkHlBKLT4NdUtxx9PLA7cZHqiQyEEDlSYpIpPLMUKropGYdTcFMrsbDnUprlEmCpLHAqTPTwXCHRIADyHDkKmZK5hAcdwptNWlpytkLzy2v+n65/6lX5ChlkpCaCtOWn6HlEoqurstWJonnTnsdiFMmp6e8waPpkYNsqsY6SJxoa4cbNcVshNTXJ5XU6Gyh7Zo9f6V6rhucLYZpB4nYlahj8/mvAaaqqbLO2WJ5Lc5BBXqXTPVcVyp2MlI1jYnKllSfRybaGujYAjPKKHZbg4I9FFa7g9iiNORysNlWOGITcHlGG636IjmD7hbotju+Mdj6hZ/pq91Ftm+RrHOMWcDPLSvWnt1YCxPWfSGxuFujy87uaAvGea8NG6DlFH1z6K+sHSo0amWMdMv6KuyRjdX1PVFzQOV5NZL/PARR1Tj5TgE8j2W0oLjK4NLX5C+SeS8fOiWJI/R3i/Jx1cFKJqZDqALThSaG4D/s9QfYEqqpKt0mGvxhdq4na9bOD6LgzpcXyeghdk0J8WB2uFxx7K1oq1k7NLj5gs3Zrqz/stUQQdmkqdLC+lf8ANU7w5uckBZbIDt2S7e50WZD2U6jrGnS1zsehVRR3anq49L24dx+acf5L9UecHtlBDKZHysneqrC6siN3oiW1VOMtLTh2R7plsrpeqKA1U7vBu1ABqLNnD0P7K6parVEAXArOXqnqen7jF1DbWHwmnNSwfib9u/ddHSalwkjHdUrOfZQ/GP4YWf47dCzWmupoor1FG7wZcb6scgr8rut+jrt0R1HVWG70r4ZIHFoJGzj3x9tv1X7AOkicIOorM/WwbvYOy8K/tWfAGi+LXTsnWHS1LE28UrdTogMGZgGzfZw3375Xt/F+TUbFzg8f57w/8mrPtH5txuGRjCmwTHYKumhmoqmSlna5skTixwOxBUiF+CF9Ao1CnhnyTV0uqbgy4hk4ypcbgQAqyKQHHqpcD+Mrox6OZKBNacjPqnNODlRwcp7dk1PAiS9FzQVJaAMrSU1S2WIMdv6rGU79LgVd0VUWAeyfCz0czU1c5C1mIZS0N2PCi6sq2ukDX07KiNuTtndVI2G6uWeyqeYhl1wyENOJGFQwA5owdlH2BJCknk/ZRiBklZboblgbCWx5Nz0zVskpmtYcEBaOOQuaMheedN1ToqkR6tj2W/geHDHqvJ6ynE2fSvDav5qU8kG4wBjy4cO3UOjldS1LJmnGHBW9whLmascKne3Bwdlxb4Lo9Tp7G+T2rpK7uliieZc5AW+p5s4eN8rwnom7mNwpnv3bwvXrZXiWnbvnC8nrqds+D2vjtU5wSkainmwBuFM1kgEHlUlLNq9VZxOyOVy5xwzv1SyTFievaDxWeOeW7tI7LaMGMqn6mon1ducGAEt3RUPbLJWoirI4PNISXMBPOFyZgc3GV2EOhldA4btJBUh7BpC7Fczj2QzwzM3ykZ8s7IyvMuoqAxvE4bu3Y+69kq6cPwC3IWE6jtul0jCzOc4+y9J47U4konifqDQuxZR5fcaYSxF7R5huqiCVwOFoasmGV0T28HCz9wpzBUFzR5X+YL2VU8o+Ra2vZbwarpi7mKTwnkaSFddQUQljbVQt7Z2XntFUOYcNcQfVb/pm5sr4HW+fGoM2J7pWor3dHY8Vq3P/AErGQbfWaQI3d1ruj+ojY68PlJMT9nBZG42+agnL8eQnIIUmCYOYCeVwtVQeu0N7qZ7nXxUl5oPHpyHtkbleT3m2yWuvdgHSXbLYdB9QxyxG2yncDbJU7qywNqIXTNAzjK5Eo7eGd/aro70UfSt48QiF7vM0Y55Xq1hvQip2se7I4Xz+x89BUksJa5hXoHSvUHzjBG54Dm/UCsGpp3dHS0Or2PZI9fe9lQwSxnJO4KurFdW4+SqSA/GNysdaa5rogxzueDlWbpCJI6qLZ7CA73C89qqOT1umv2yNfb6l9lumiTeKY4/P1WhuTGTRNq4NwPqWXpaqnvFK1pOJmNxzup1huUjZXUVQcgbYPcLl2wa4OopKXJaU8rXs2O45yjMznlR6mA08viwjyndEjla9uR+YWVx5yEScA4OFV9TWRl3oyGNHisG3urJrvZGzqGOEyubTEzhuPFKN/wDs9dnPkiL6Z4MU8X7ErRUWOm6+CsgOu3V27Wk5aPVpVl190vE6n/ilNHh4OJAOD7rOWO6xinks1x3il/unP/4buxHounRPPJjsrxweQfHn4ctsVw/2hstORQVTNYa3fSvnDqakY+XxoxuBkr73rqWGst83Tl8YJqaVpEch30+hBXyf8Vvh3UdK18hDM0surwnDghe58H5DMlGx9Hz36m8U51SVS7PGMFdGxTnNIcceqaBlw35X0GuyM4JxPjN1E6JNSDDhdXAey6nCRiemJ6qba6IIchFbvshJZKFWlokiPVjA/dd8E42CBHM+P6SpEVW3OJEz5TRUoSeJC+Xcey6aZykte14y0ZXeN8K/mZs/jVyXBG8Ig/SnBpAwCpAOfwp7WjI2TI3sn8OBFETuzV3wJedAwp7WtxkNCaXFM/lSiwX4+MiGGOb+FdLD3CneGP6V3wWnYtTI6xf1C5+NXpldgLuBkBT/AAIjv4X7rhp4iP7n902OqrkZ5eNnjgiBoK6GAI76J/MTE35Oo/oTFfW+jHPRWRfQzS1E0x+q4KGoPbH5oooZfzQ/PED+JZ+mDDGjvlPDWcJ/yVS3bw859Cix2yodjtlMVsfZFo7W+Isi4YiM0j0/VT22ic8hTIrLgZMYyi+aP7C/4ZfP0U4BLgpDRkDZXkNlaTvHwpsdvpgMGMKfNH9jq/D2v8ngzsML5XYawlT4bbUuwBHhXbIIm4AYNvZSBjAwMK/mNtfhof1spYrFO8/zHBoVhT2SlicC7c91OaSnaj6qOzJrr8Zp4ehQ0dJE3+6BKIxozsdkmZ7IscbnHytyUDk2ba9PCHEEdDTgLuB6qRDQ1Mo2YpVPYwTqmfk+iJTwbIUyl0QWPAxhuUZkNTPgRAgFXNNb4YcaWg/dTBCyP6WAZ9FFLJqr037KmntEj8GY5VpTW6nhAw3dSmxkjhPjj3RZNddMYejsUYbwNkdkOfZEjixz3R2MbyTsOT6IsjlBR5BMj33HCkMhYMB4/dQ669We0Q+NV10bCeA44ysHf/jBE1rqey0gLwceK/cfkEErFERZqq6uz0eprbdbIHVNW/wmN5JKwXU3xepLdE6KxtE8xOA4jOF5leL9dL3L41bVSPPIGdh9gqwQEndA7cnL1XkvkjtrLO79U32/PL6+tkdqOdOcAfkqoMkc7O5PupUNK7Y6dlOgpG7ZAygcmzhWSnPiTyQ6emncR/L2VjBRg4yN1IaAxoACG+obGMnCIU8QXI9sLYht2QZ61jfLsVCq7oSC2F33VRJPJKTlxRRjkzz1UY8RJlfcZXHEZHod1BL3uOpxzlNaC477ozIz25T4wOdbbKUm2OjaTjKkwQl5SghOAS3KnRMEY4WuuoxzuUR0MIa3fZPDhuMJO342QHuPotMK8CZXt8ILM4AZBUcSPedIb+acAZCFKgg04JCcoC3ZgHFTOID3YUqNmMIgAAGBjC6mqOBU57kOHC6kkm4EMSSSSgQkkVJGQS7E0yOGkZykyMykADk4Uud9Ja6UHOZuyXOeEFGOR81RHbYgYiPFc3fPZZ6aeSaQvkfkkrktVJUPL3kklSIaeKBgrKrYD6W9yVklL9jIr0gUTDnLtvuoF0u4ANNT8/iKjXS8TVEzg3LW8Y4VadyT6rLbbHpGquseHvfyc4S2aMkpheGHGOUemoZq94awEA8lIbcmObUAHmlI0jP2VjSUMcAE9UcZ+lqkRMpKCEt0Bx4USqqdfbZDLAvc5Pgky1bOIzlVzpC5xPC43Lu6eBkoEtwaWOWcAOeURsBzqxynsgLiDhS2QYxsnRr9sXOQOKEY3UqOMDjZdZGUdjHAggLTCszWWM4xgOyM1mCDhcaATjhFy0crQo4QlzO4AHCETgnZFcQBuUB50590EpFJbmOcMYw5Bnl0+m6FJU6M59FW1lcCNlituwPrqywlXW6MgEbqirq0v8uU2urSTsVXgl7skrha3yCjLbFnc0ei+TseS57slPY3G+FxoGyMG4AOF56+6U5tvk9Vp6Y1QxEQaccIgaG7roaMYRACeEj5DZCOTisbRb5rhUtjizgEZKh09PJUTsgYMueQF690N0pEGsIgzj6jjkptUdzOv47RS1lmEXvRHSwa+MNZp4/yXrFFRMpYst29FX2W2w0cQLWaSf8AorSSQYAHZdCuOD6Jp6IVQUUuhssmnuN1F1ue72TJn63AAp8TcDJ7pno1dIIz1xuiuOBjOAExZ7qTqGKkjMMTzq7keqiE3WxjFtkfqbqLQ00lI7BOznLJgSyyanZJPdOAlqnmV+5duragpA3Bc0bLXUuTh3XfKxUND5dRGFZR4hACYXsgYSBsFU1t1/DEcrTu2LgyuKJlXdmwZ0Hj91RTVdTVS6y/SD2THiSeQvkOR6JwjaOynyZETWThYCN+6a1hPlajthc44CnUdvMhBe3Ge6oqurd2RaKgmkfhwwOcq8o6FrCDjCkUdCAAOFPbC2MAhE3g21aX2BEIY0eXhBkkDtgj1MowGgKLHEXvBKU7fRsr0+DjYnSOzjKmQQhm5CLTwhjckIukDfKV8mTVGlITA1nA4SfUFg22IVVc7uKVpEbs52H3WekvdU52rUUqUmW5wjxk1bqmWUlp3yoxaSdyo9uuDaqIEjzAYKs6eB0rgQOUt2YNNUPk6BMgLj9OVPpqQ7eXHupVJRDLchXcNu2bgY90mU8nSq0zZUQ0A2AG6tqK1u28RuxVnSW2IjU9vCnMhAwAM4SLLToVabaRaa1xswWjGFYiMnAATHTwUkLpZ3aQ1Vf8Vrrs4U9ogfHGfrkeMDCzzt/RohTgsKu5R28uDm6iOADuVHgp7ldHiesPg0pOpsOfNn39lIorFTU8gnke6aTuZDkforQlpGSs8ptmyqs7SwQU8TWQtDMZ4XJ5cYAam7g4zwloLuQkymbIx2jcuO4TmwlwGVKhpScEgKS2BrQNggc8jj5egs1vp3644G59wpga1jcNaAPQLqS+qLJ/NudjmCDBnOEQAYXcb5SQy45I/wBixhc0N9F1JXFhnNI9Eg0A5ARElUm2Q5gJqemKMsS5pb6Lq4/6SiKBpJp5XEQIk1OTVCCSSSUIMXDwkSAhF3KpvBaWRxJzsVzV7oLpwNgoz5gchInMdTVO6WIEieoAGBjhV087jsAuuLi7OSmhuSFktuwex8Z9NStxO0E4OfuRn81zwe5Ck+GF0RbrFbefQfHeJrrjhoAyHONsKU2MaRsuiMc4T9gOVgttcz02m0kKcJHGsA9knu2wEx79wEmtKxTbbOiooaS7lInCIdICiyOx3QJZCfB2SXT3UZ8meEOd7nEBoXYqeUeZ42RxryZ52fofg8pj3wU48SqlEcY3Lig3W601qpzLK4Fw+loO5KwF2v1ZeXFtS7+W78IK10Ucnn/Jeaq0q2x5kWt/6vkkDqe15aNwZD3+yzwe6TzPOXHkobmZwB2Tg0DkLfGrasnz7Xa6/Wy3WP8A6eh+gJBrQu9kPdx9kyMDmJPoROVzARW5xvyupmcBHA1o4C6kkoQYu4KQ5RDp0qFt4BkNAPr90E8lOcd9jsmAYRFpZGpJJKFj1xzgG4yE3UMFR8nJ3S5ywGlnse55yQEPS7Vkp4ZgghPHphKw5dljQ1dEXsnhnfC6NkcYYK4GAYSJTiRgoLCXE7I+imxPkwcAJRx4IJCeyIc4XSTwAqCUsjgE08JZQy4YQzltCEScrjicJp5XNSTvLOHlDeQGnPdddloyeyE3VK70VSZZzdzlIaAxoSYwAZI3SQovvgScSMcobnDcZ3QiTk7qy4rLE4nJQTyiE4CGeVaeRiwhDc4VvbaZ0f8AMcBuNgVHttGJCZnt2GwBVvgNbgJta/Yi6znCOZ90Gd2OCnEnKBI4OPK0tJGdc8i+vtwhyP2KfrDWnKjOyTsUqbxwGl7Osy5wycqSAAAUKJo77lGCV+PIceXg61uXAeqnQQaMEhMpafH82QfYK3s9oqrzVNpqVu3d3os91uD0nivGucszXL6JHTfTlV1FXtpaZh0gjWcbAL6H6S6Soum6FjGRN1kbuQfh30RFYbc10sbfEIDiSN/uSidWdTxUo+UpnEu3yQubbZk+l+J8XDRxVk195zqTqSOkjdTU0mXnYkf5LHxNknm8eoJcXbgHsokHi11S6aU6sHPOyu6Oimq5WxxD/mPosVk2z0MIZJdrohUyYLchvKvpSI2imhIbtyF2np4bfABgav8AMoTXiMmrm2aOM90GTVGDQpHst1K6QY8Q9zyqGBlTcqo6jq1cn0XaysnuNSGjOnOGtWktlsZRwAPAMh3J9FBw6kpI6SIRx7ep9USWeKEZkeAnSvDASVi77eBUPdDG4jG2xUbwBOe0i3y6TVtQ8GTLQSAB2CqGlziAGndca4l24JJWx6dsfhtbWVcQ827WlInMCtOyXA7p+xiFgmnbu7fcLRtaAAANgk30AwBwnAHO2x7LDqb0kdfTUcZY0j8I5PZSaO36CKipGccNPqplLbY4WfOVbhkD9UzxX10pc1x8PjGFxNRqMnTpqQRpdUP0t+kfsiSytp2gNaCnPMdJD7+nqVBjbLVS4zyVz52ZNkIqI6OOe4TiOIE55PotlaLRFQRBxaC8jlMtFphoYWuLQXEZyrF0mkHAyslluAm8nZJAwKDU18dNG6STtx7rlTPg5wVm6qeS4Vnga/Lxssc5ZDjEjR/MdR3MyVBJpo3Ya0cLTaoqONtPBGM42aECOGC10uI2DIH6lDhfhpmmzqO5z2QDVHJJfViOMySnGO3uu26jqK+X5up2YDloKBT0U10qW4I+XYck+q0zdFOwMY3YKglwMA0jCgXKvZTREZ/mHgLtzukVDHrk3cdmtHJKz8xml11c7sk8DOwHolybYY6d/jYkfu88lSrZbJKxoleSyPP6rtotr6yQVErSIG+v4itPAxrcNaMNHACFLktywcpqVjWNY1oDRxhEnfT0EJnmcAB6lOmnho4jLI4NAXmfV/VUl0e+kpSfAGxcO60RQqU8C6r6yqK+WWgt8pbAdie/5KgoaEPeZJB5mjunW+h0gSyt54BVhGxrdm7JsYLAtSyc042AR6Ole5+dKdDTOcQSNlcUsLGYBABV428hqWDlNTCJoyN1JztjGEXwdIBwgSuDdglzlktg5nYxuq+V2+++VKm82N/3XIrfLK4ae6rJZGZE5/AV7abGdp6jGT9LSFJttrZEQ+ZoOOArUuaFTn6KGsg8LBAAyuTTeEOMps1S31VR4tVcKk09GS5x/RIlMgWtrHPxHHu93ACuun+lTI0V1yB8xyxnorSw9JwUULZqoCSd2+42HstCIi3AAwsV1vpASlgFHCGgBoAA22RmMOeERrBtlv7orYwQCG4/NZJTyBuycYxpaugBuwCMG7bBLBSnJ5FSeRoa0cBOwV0A5TwPVD2DkYAcp2NsruAuq8BAiPRLBRMBIgYVYJuB5K4unlcVBDUkklAxINXVRUcJllcBj1SqaqGlidNK8AAZWBud4quoq11LSHFKNi8nn7LTVU28kO3S81F/qXQQOLaZhw4/1fZNPy9FTnJAwNvdFMVNaqbBwAB+ZKz1bWSVMmojy9guhVVgbDAGrqXVMuouJ9ESmoy9wcBhDjhL3NOOfRbCy2d8UbZZgAXbgei05UUECtNlly2c7D0K0jIgAOMhKOnMbQA3b7on0glJsnktIHhrPyQZCZHlw2XXOMjtuyKyLPJSXnIxLHLG08Oo5I2CLPKIG8BO1MpmFx9Fn6qrfUvJcTyiXIyK3Aa6qkqJSNRwiUNK5zgS1cp4A9wBH5q5hgELAS3KagpPPA1rWU8WXDB7e6qq2rJdhu4Uq5VRLQ0bDuq+CF9RJkHHuij2ByOiidKdbgpjY8DGERsTWNGG4Q3kYJynJ46BeZDZX+GMghQZnOlfkJ8pMrvsuOGnYJkI7inLAEMA47rkjxGMk8boj5WsaXOcBhZO93sVDzS0zvp+ohdDTUSsklFGe26NXZHvl7lqpXRQyYA22VQxpOSQn6Cd87okYDDkrvU6dQOZZapyyPiYXdkQu04AGUPxSSGxHHqpdPDjDnBatmBTsR2GmBbrlbueEZpDRs3ZcLs+Rp45KiXC5QUEB8UgOI2TIVuTEW37eWduVygoYHTSuGw2HqvOrtcqm7SHQ9zQTsMpXa6VNznOHHRnYeyPbbc7Z0pGXcey6FNSORqrZWNqLwKhoWNaDgF2NyrmCl04JGCi0tGyEB5GcfsiSOzhoatPETLXV+xrmlrdLRlMbE6HMszPtlFAwNR2wor6qSud8uPo4yolkbL7TuqWul8ONvl7nhdEMVNsxu6WRTghv6pjhr8xPK1115M1tvpHJNTiNlBu1zp7bT+LNgkg4BKi3rqOKzwGRzxjBAHqV4v1X1lVXaqfHHK7G/B2C6el0zk8nkvN/UFHjYPPMv0Sureupq50kEDi3cgYPZYYtlqZA6Qlx9SjCJ7yCRkqXDCG42Xb0+mwz4x5Pyduvtdlj4B01KG4yFY01OHEbfmiU8AOMhWFPC1hHC6MIKKOOlulgVPSacbJlfcDSgU1MA6Zw2aEq24sicaSj88pGymWi1RULDdboQZ3DLQd8fZXOW1cHV0uhnc0kCs3TxJFzu53G/hnsi3O7OmcYKUDR9LSOAiVlfLcm+DASxnf1I9F2itj4CHPxvxnsszmeho08aI7YlZTWeWoeDNHn3Kt2wU1C0Y8p9EWe4xUzvDhAdgblZ663Roa6aeTGOAlzuXsOUUuSxuFYXR+HEdI/EQsddupKWgDmgh7hkcqivXV89UXUtBKRj6is82GSR/jTkkn1PK51+q+7bARZPHCJc9wrbtKTJKQOeeAiQNhpxqc0EjhR45GN8ox+QXH5ePqwssrmuTM3u7DS1G+GgKM5xPdMwfVdSpWSn2C0Ox67pAYGF1JZiDsBNTk1QgFJJJQg9JJJQMYuhxC4kouCmSY5ScZCkg5GVXA4OVLilBABT65iJRyTG+VOznshsfkYwiNWxYwANc0AcIRGN8I7k3AQNFN4AN3OCu6fddczPCTRgpeATmgpaCigDC6WgItmUVkHgpDlPICCeUiS2vKL7DAjHIXVGBOeUZpHdFGW54Jg7gpYKIMfmuloCMrODmr2TQXZ3XRkEIrQ3GAiU2yjgdjuu6/dcbucAJZCLcyPnsRGTkpIeR6JZA7Kt4OAucJZOULI9EsgDj91amXlhxLjsn6xjGFEMh/pTxNk4wiU8hf5CkA9lzATNbfVLW31RN5AY4w77LhhwMp+QkdleRgHSWnhdEpAxhP8UZxpSDWkZwoQ4upJIRRxcLc905JUH0R3RBc8IgZ9VIIykBhU45DU/2R/EdGchS6erJwMhR5I+O6Boc0kolKUOgWlIuRKJO4SIz3VXBO5rt8qYydvBK0Rsz2KlDaHdG08bIQbjcFHa4HuukYTSk8BKe4SRt8OZrZmej+yf8AJUVaf9znMFQeAdmE/dRtPumuGACDwg2hqxl1R3W/2E+HKC+Mc5GWkKyYeleqmlk2imqsbuA0glUFH1DXUg8F4bPEeWyb7KziprJe/wDsEzKecf8ADPlyfYoXyaI2cEG4dMXvp5/j0bvmoDuC052T7V1C7xmOke+nqYT5Xent7q3obr1T0lM2SWF01MOxOchWD7Z0V1nH/ujGWyrA+jGMn7/+izWVqXDHV2Ti8weDe9DfGq62l4puoA+vptgJQf5jfXPdy9wsPVdl6hgE9orWSuxl0R2H2c1fFtws1+6WcDK4zQg9jqAH3VjYetqihmZPS1b4ZGnZzXYWK3TqPMD2/h/rK3Rv4tXlxZ9lT2+hqZPEYx1FUHfVGcNJQTW1tA9kF0gDWSbRyh2QT77LzHoT41Q12mm6kLnBmNM4xgc/UvX6Wot91p/EoqqGoikG7dtx9lgnXPPKPpWj8rp/IVK2h5/aAhwmaHxkEeoKWnfBQJLbUQSa7RLsMl0Dz5T9k6luEcrjBO0wVA/A/YH7KnE2q3I2aIPGMZBWN6l+HVLc43SUBbFLzg8FbpzMpaCihNwZn1Onr1Mds1k+bqqlu3TVdJD54nRu3b2K1vTXVUde1scjtEzNiNWMr1O8WG2XiExV9Mx+xw7G4/NeM9UfD282SrNfaWufGCXN0+meFthqcdniPKeClp/9Svr9HocclLcITT1MTZGuGC17QQQvDviP8E661Pm6j6Ra6eHVqlpWt3YPUH0Wu6Z6xfJL8pXExyMOnfYgr0m3XGOeMO1g4HbuttWoyeSv0UbuJdnyHbLq9pAecArX9OdZzWapyMvhf9bC7Y+49CvRfid8EKbqIOvXSw8C5bnwcZ8f0avn6Rt1tVVJRXSmdBNC4tex+xaQtqsUlyeZ1FF2lswfS1qraS90rKuheHBwyW53B9FaRS4b4cgwW7br5+6Z6rrrNPHNTTO0tIJaDyvYbF1db+o2ARHwqlrcuYTjV9lFwaq71jEuy4q7e2c+JC4Nd6dioDS+J2hw3HKso5ScBwI+6JNTxSt1uaM+qOM8M1fFu5IlNVmPdWb2091pwx5AkA8ru6p5IXRv2GyNTSFg4wtULjBq/Gw1MHFjHxVFukMNTl8Z9eyn0NTNTStqKSXYbkA8j0U6kMFwjMFSGkgYBPdUFRQXCxVbnxNdJAd8dsLdVdu4Z871/jZ6aTjI9b6e6wimgZDVO8w23O61MNWHgHkFeK2q509U1r4zpPp3BW7sd6LYmxzZd25R2QUkefupceTcskDt0XIc0AgFVFJWNkI0nKsmbtB9Vz7qfWDMpSj+LwYrrPpQZNytsWHcvaP9FSWW8VFODHIMlmxBXqbsbZWG6o6YFI51yoItTXbysA49wvF+Z8JG+LnFH136J+tLqpx0d8v8MurVdYqhjXNkB/zCvYp9bACcry6lmmgiFVRgnT9Tc8rSWHqSOoeIZMskHZ3dfLfKeLnVJuKP0Z4vykNRBKTNTUQEnxItiN8Kwtd2y35eodgjglQoakbZA3QqyHWfHg8rhvhebsqZ34WFzOXx4raE5Ld3sHp6q1t90grIhn6uCCsxbbrok8OpGO2/dSKuKaGU3G3yYH4mjuszjgb8hrYphG7U123cZVk5kddSPp5QHNkaQQsrSVzauESRnc8hWlqurWyeDKfsVFlMje4rLNWusF4dYKrajnJMfbGVctLLbVzUc4zTzfpg8FD6ns8NzovHY3E0fmY4cg9lHsVVFfrW6nqB/vVO3Q7J3yO66entaaZl1Fe6J8gf2zv7OTv5vxK6NtzXAtMlZFF5cAcvwBzv+a+MKckEAnJX7LYpLla57Dc4WSMlBjcHjII/+Ur87/7VX9niq+F3UM3UdlgLrDUk4DG5ELuzcehyf0XvvC+Ucv8ATsPmf1P4PLepq79nhUR754UyJ2MBVkMpIAIUuJ+MHC95RLdHJ83tjjgsGOyEUHKixuwpbJG6cLSzDJckiNwyp0E+AFUtJBByThS4JdBAUhLDEXQyaymm8SlDHOzsq+eLDjj1QqOrIAA4UuYh8ReBuFujyjFjZwQl3J4ymH3XEEp44IuQjjkIJ5RCQhnlZ7FuQaWRRSvp5mSsOMHdeh2aubVQRyZyQMFedkZWh6UrMSmBz+NlxNbp8pyPS+C1MqrFBG4m87MeypKsFryWq8GC0fZQLjTZaJGN74K8vqK8n0bT27WDsNaKeuDztwvYenrqHsYwEebC8JEpjeCOxXo/SdzbhmXHgLia7TboNnp/H6nbJHsFG/JwFaU0mCB6rKWqvL8N15I49wtBA8OAdlebtr9Hr6Lsl2x4LU2oGqncPVApzxupIw4YO4SI/a8mt/esHld6iZDdnBgwHZymsdloV71rbPBkFVEz3ys5Tu1Lo0yzFM510cSwPljBHGVk71D4sr2kZwti5uxCprtStdFqDfNq/VdTTWOuW442v0ythyeN9T24wymVrFm3sFVA6IjzNGQvS+oaJlRE9rW7gLzqpaaaXBbgtO/2XvdBf8tWWfHPqDQrT2uSM+0ugmLSN2lWtDXy000c0Ty0g+qi3KANeJ2DyuCBG/BAyug4bkeXjbPTzU4dnqjZIb3QtLHAyaQT91TtgkgkMLhghVvTV8FJM2KY4HAK1FzgbKG1MY8rwOFy9VQ0e48frY3wUl37I9HUzUU7KiCQtc052K9hs92g6gtjWjBe2MavuvFACDnUtP0Ten224tZK/Ecm25XE1NOOUeq0Oqy1Fll1b0++B5qox5SewWZtd0fb61soyBw4eoXsNZDTXSkLAAQ8c+i8r6isc9BUuOjyk5aRwVzZLPDOnZU6n8qPT+m79BXQxujkGdsjK29BUNlGD3C+f+lr6LdOI5SQMr1mzXlk7GuEgOeCuTrKHjKO743VRshlM3FJUG3Vccrc6HndaappjMwV9IRnSHbFYynnFXAY8gkDLVaWS7Opn/J1b3aSfKSdvsuHfTxk9DTdk19puzauHwKgjUNvzUrwgx+W8LOzxigrBWU+8MmC4DsVoWSCaJkzDs4ZXPlHBvi8h2HvypTSHjZQ4iMYyitJbuCk55CkuA0zY6iJ8MrA5jhggrynqbp+e01jnAZhedUbh/kvVWPxnZQbxbI7rQPpjgP5YT2K0V2ODMtkdx59b6+C6QNoaoaZ2DDSe6zHV1ho7vFLY7xCHNLT4byNwfYq0raWqtVaWSRlkkRyD6hWz4abqy1O8JgFwphnnGsey7el1Djyjn3UqfZ8LfELouv6Qu76erixHKS6Nw4IWTLNsZX2H8QOkoOsbTJa62nDamEENcR5gQvky92ersNwltVewtmh522I9V9I8P5J2QUJdnxr6m8FOmbsrX2srhnjKIgkOa8gbp7TjOy9PCzceAlXKDwx6SYkmYyAPSXCcJA5U2Ih1cXUlCBWTSR40uUqGu1EeKcKEkd0I2u6cHnJcwOhlHldlF0BUMc0kRyx2FOpbkRgTHCXLKOjXq4y7LEjPdOHKZHVwSD60UebjhXls31yjPoIAMJ+kBN0eyIIzscKdjlFZF4bfREZG3PC61jjthFa3BUXA9R4ONiaPp2/JF0A7f6J7GZCM2HOM/qnRyV8f9iP4II+kIjaVmcgKY2mBGeEUUridke5oL4s9IisiDW4DURrCDuNlMbQTuGwCJ/D6j+kI/kb7LWnmyKB2Rmh++M/qpX8PkGMkbqRFb3EDLgFe4v+NMgYcnx77K0Za3YBL2kI0dtgzktCNBLSSkVQjJwANypEdFUOP0K3joqdmCGDIUtjWtGANgmptIJaGL/JlPFbqg9uVJis+rBmP6KxGQeUUDAwrUsjoaSESNFa6ePndSY4I2YDWgY9kRIcohyqj6QRoAA7BPac7JN4XeNymZRaiokhjN0doBxsowfpHmwPuVEr+p7Ba4tVVc4RJ3aHZwq3LJTuhUvuLlobgb4Kc3MZyV5vcfjJb4HOZa6T5jGwc7YH9lj7r111JeHOAqnRMdyG7KpWNdGazyNcfxPYrp150/Z9TKip/ms5asB1B8X6yvkfHaofBYdtQGMrBCCpqX+JO4vJ7kqVDQBu+AFTsb4Obfrp29Pg5UVtdc5HS1cz5HOOTqdlchgyeFLZS7jDQFIihwRthDtb5MM7JWP7iKyDgYOykx0wyCApQja0fShSTRwYDncq0InNQ7OshaMbJSPZCPMdlArbvHCMRvwVVPr5Zz5zkJkY5MV2qjH8S1q7o2MEMfuqmWsnmdnXshPy85KQ27psYGCzUOXYRpJ5PC60eifDA53ZSoKXBBO5WmulyMsrkgEMJGMt/dTYafSBhv7ojI2jBDdkcaQOFtrpwZrLW+ENY1o4HCJkAIerORhNLSTytCgZt27s6X+i41r5CNRThAXEFSo4wMeVMUc9kzhHI4Q1uSFJwNtuEhxwknxjgTJ5Y5dTElCx6SSSgIkk5dxhQhxdAJOAFzIRIMNf4hOA0ZQyltCSJuuG2UxmmAMjh5W+nuqMvluFV599XARHPmuNQXvPkH6AI0s1JQRGRoBdwB3JSLJZGJeh1RDQW2LXOAZP6VmLlcn1j8AkBp2AOwT6qqlqpTJK478KC8hh1Y5WScsmmusY4EkEuXAzV9JyUaKkmrJWxxsJHdXVHbqK0MdV1Tg534WDklZJrkcnt4RDtthklkE9Y0MjaM5PopFbWQ02qmoAGsKi113nqZDglrDwFADiSXE7lBKRT5Hulc85c7dN5zuu/Zda05BwrUWyNqKwdbGTwEeKI5zhOjZkZKkxtAK0QhgCczsceMbKQwDZNa3vhGZgYJWmMDPOY5kfchHa0Y4XG6QF3ITYvaZpNyG5CYSey7qCG9waN98oXYSMcj3uA31DZRKipACbUT4VTV1IA3JWG+5I1007mPq6wAHjj1VLVVury5CHXVZc7AKgAOLgSSvO67Wc7YM7mj0afLDFznuynBpxwkxuUQNGOFwbZ73lnf09KrXAhypA8wQQMoqXjJ0YI7p91JiyHAYJJ7BBaDnK2nRnS0lzrIppm6W9ge6qMcs6Ok00r5qMUWfQfSdRWStqJ4ANXG24C93sllgt1O1rGAY9lE6dskFtp2fyQCAr5rgNsLbVHB9E8fpIaWG1LkKDgKPLOTsuSzgeX1QGuwcrTE6cUFY0ucMqUACBuozHAbYTZ52QRmR78YTGBZLauQV4ucVup3FzhqcDhYGad9wqjJ+HtlHvFwlu1YS3UI27AHupFDQBmHFoCOETj6m5yltDUNIA0EtCPO6OBm+AnlzYY8NCpq2rMpLWuWpLCMTGVtzc92iE8qHGxxcHEc5SazLgfXupDCB24RqQhvLE1vsixROedhldZG55wArehoS1up2MlRySGwrcmBpbc4kFwx3VvDTtYBldiYGjA7IrWElLlakbqdOuzrRjjfC5UTaAByiEhjclQ5C6U+iVK7PRuhThDHOdK4ZClQxhoDsbpUsIG7mp9RI2MAAcpLk2F+AZpDQSSNlT3W9NgBiiGrOxIKiXa7Hemp3kn8RyqJ+t5xqKnIm62S/E7K+SeVz3uJzx7JRxEuwP/mo0ERdy3K0Vj6bke9tVOzy52B5Qzs2iqKJ6meEAsltlIAI0533Wxt1u0EZBGytKKyQs0OZG0bDlXkNG2EA6W8eiyztPUaXR/BFRZXUVqiOC4cbqzbSsjAwEUMDeG4Vfc+obdaj4cry6bswJUptnRgoQXJMBZGDlwAaMlVlX1HFFJ8vQtfLMOQ0ZAUJrr11FJr8MUlPyRjBKvbdaaKgAMMI14wXFZ5SZoUVPoraG119dVirusmuPkQ9vzWkip4YRiGMM9gmxYaScKQ05CRKzBpqqBn7pvmJxlF8LfOFIZCAAcJTswaoVgo6ckqVFCG4JC6GhgACeS1m7jgFIsmP2hAMDA7J6EKiPGG7lJrp+fpS3YQ+bEkxJfXT+auR6SSShYxPXMhNVdDhJJLmpvqqIdSQkleCCSSSTABiSSWQoQauZHqk5zQNjyhF2/KX8nOC8D1wkY5CYXAKK6VreCqc0gsB5HkHIOyjS1A04Q5ajsVDke4nYpE7sHY0HiL9Y00uAzpslDBcXcrgDjtyitjPcLHZefQvHfT0dNjC5EACMomB6LoaQMEJywW3M9np9H8aWBnCdsm5Cbk+qyTscjp1wUfQ9NBJ7ricd0iUjUkjujj3TcY7pZxuTwoVTXsYSM4wgjFthzsjCOWGqJjH+aguqDIdLRwmtNRWzafwjkqS9lJQwmaY6WN5KdCvJzr9W0tz4Q2GIkh724Cp+oeqYbdC+nppA6Q8BVF76wqJmmmoHaYhkAlZnUXnU7zH1K11Us8d5Pz6lmqh/5CT1M9XK6epkLnO5yghmOCi53wurVCG08hba28vk4G4GF3GE9JPyKcmxi5pGc43TsFLBVAnV1JJQgxJPXDwoQah6neqTiCSULIKJIh1NwU5sbjvhSAxujhWXJ44I6Y7hE2DkMnV3QTljgifOQRBzynBq7p3RBHtzhCl7Yxy/Q3ASwEkkQPY9NfwulwTM61AgR1F3GyK1obykQGkJHzAEKEOrhxykXDhAcM5GeUMpbS0simlxsAhZLu645ueTlcdvss0pZGndWclDc8k7bLgB9U5uRvhCGko8sawSSHDjsjtYIx6rjQCAAMJpznlE1gF8jjumvI0kZXTwfsgknPKsiQiTuAVxJcJB7oW/Q2A1+/CkUNN4soznAPKFT08k8oYwfcq8gp44I9LRv3KdXDPIq2WB4a1uzcAD0Xcj1QSSTjcJj3YzunuODO1ns7LMGbAZQWtLt0w5c5E4arbIljkDJqBwEowcAYXfxIzWjHCTuCGt3UykiDn5cONwhQU8ksga0fcq3pqXWQ0N3WW23B2fHaJzasmh9FRTV0zYIW5ztle+/DPoGC1Ujayphb4jgCM8/dVfwz+HzImMuNfANQAc1rhx7lehX++0nT1CMDcjAwVz7rWfUfG+OUYK6ffohdXdSttFOKKnIa5zcuIO+PReZfNPutY4nIHumXCvqr1WucXudqd3PAU+2Wx8j2w07N8+Zyxznlnoqotsn0VBrc2ngZ9ytXbqNlBBpDRqPJ9Vy2W+CnjDQMuHJKlSODcYCS2b644BSu8V+p48reypLtVzVEngQ8DsOAp1wrhE0wxHLztn0T7PaXvPzEw990tyyzUsYCWWztpmipqAHSEZAPZW54JXNIbtlUfUF+ZRQuijdueSrzwU3grupb8wZpaZ5JGQSFkm5JPcn912SR0ry9xyXHK0HTXT5rZRPUDS0bgFU54Fpb2SumOmS8tuFezy8sYf81rHNGPQBEGmFoYBsBgBCEmXHblYbrUdPT0RSG6t+Mq3oKFkMfzlXgAbtaUrXai4ipnYNI3AKBX1E1wqfk6Z+GjY47Liaq/MsHSqrwKWpluk3hsy2Jpxt3U807KKn1MwSAnU9PDb4MuxsOVDmnfO85dpaeAuVbPczZCOAGt9VJl3fYBaOx2oU+JqhmTyAR3QbBaWvd81MzbPlBWkLQRj0We18DDoeCCOFDqqoU7SSQU6okETC4nZUdwrW1A8KI7g7rI232FFZG11fNMDHFtnkhHttJFTxfMSN1PO/wBkGGIYBI4C7IXOwwnydwhGJD5JXTSapMaRwAdgnwQPuM7YI8tjafM4d0COMyPbEwbuOFp6GjZRQgEeY7lUFJ4JFPDFTRCKJoaGj9VDut0io2Zfu4fhXblcGUsWtx37LMOdNW1QqJnZUZIrPI7+bVzGurXbcsb2aFYW62y3CQSSNLYGHYHuu0tv8eVpk2Y3fHqr+GPSABsPZKaDY+OFrGiOMANbsAF2pniooPFlkDceqVTVQ0MXiykAemV5t1N1NLd5zBTuIhbkE9irUci5SwP6r6qqLrIaKklLYWnDnA/V7Kjp6bODjASgp9xkKc1mkYAWiCwJ/Icd2gAYwEajgcTrf+QTGNypkewARt4GxjgkQsAIGOFbUlLjE8rPsE6124taJ6hux3aE+sqQD4bOAkTnnoMZVzho0sCrnOO7j90WR/5rsY3yhKOQUzZmiR447Kzp2BuABwgMaGtwG4XfmACAFcngtliJvDbjIP5qNUVpaDkbKJUVJA8nJ4VjYOmq68zCe4OdDA3gZxqSLJ7VyU3gjUtJcL5OKelaWxOPmkxwFvLJ05SWaBjIw18vLnkd1MoqCGhiEUEbWtG2QNypLWkbrDbZkTKQ8AgbhOwPRdGcDIRNB9MLHOWexcp5E0dgiAd1xu53RQBhJeci94gPVLAXUkeCx2keiSSShQkkklAxq4eF1cPCjKbyDPK4unlczhAWJDmkbGwucQG9z2Ce4jByey8/6l6hlutcLHapD4YyJZAeT7JtccsMjdQ3eo6hrv4fb3ObTxnEjx+L2ClQw0tqpNyAW8Ad06hoae3QYbjIHmcqu4VTquQ9mt2AXSrhgNLJDrq2WtmLnO8vYKPFE6Q4I5TnMw/7rVdP2EuAqahgA7ArRnCGtY6HdP2IRxNnqmgnlowtGGNaRgYwu6A3YcBdSpSygkhwAxwok82s6GHYd12qqTnw4+/JTYo9g4j80tvLGJY7HQx43IRc4bkBNaR9gq68V5ij8GJ27uUyMf2EsyYK5XIO/kROyRyolNE6U8cqNDG6STA3zyr630wY0EtCNLIxvahUlK2I63tBITLjcGwgRx7qTPKxgwBjZUEglqpj91ZaWRB0tZLgf/MVrBTthYPLulTUkdOwYG+Nyu1LwAAFCA5nb8hRHPJ2XXv1HlMWiuOexfCEAhzPDRk4x909xABycbLHdRX5pcaeneTyCQuhpaHZJGW+2Ncct8jeob42cuo6Y8bOcD+yoYwd0xmZD7nlSo2hgyQvSUaaNK4OJbbK6W5nWkDlca4SbAJjnCRwaFNpqaOI5A3WtRyLb4OU9Lg6i3ClE7AALuoNGwUavrYaKLxJPfATIQ3PBnss2jayuhoIXSyv37DuSsFc7nNdJ3APOkFNut2qLjO5rXHBOPsErfSaSMt3K21VKJhuvdjwh1DQ6z5gr+ko2sAc4ccBcoqUNAOkKZKAMNCfjApLPYwn8ICXhgAErgAYNRVdV1TqiT5WnOfUqJuRTewdWVPiHwITtnDj6p0YZGwNa3zHkrghEAHl8yeIiQHH6jyVqqrcmZLL88HHtz5is11F1XS2eJzdQdjOd8JdVdVU1qpnxslGoAg4P7Lw/qC9y3p7tTnYzkbrs6XS5PE/UX1HXoa3XW/vCdS9V1l8mdpcWNJIG+wHsqiCEggkLkdOTjbj3VhBEONK7mn020+Na/X3aqfyXPLORQA8tU2GkGcgJ9LSlxGysqalAwXtyFvUFBZOXulY8JAIKMbHCFXTDV8pbWh83BOUavr425o6IZednEJ1BQto486Q+ok33S52ekei8d49tbphbVaoLNGa64FskrtwOTn0TyK251JdLGGRj6QfRS4LXJNpkqXcbgc4UmSanijwXAELPO09DTSq1hAm0lPSgPBGyhVt1aWFkI3GxKbV1wdkA7AbrDdQ9XUsINPSOLn75IWW6+MIuTCsjtjktrpfaK1QulqZBk5wAdyV59d7xV3dxxJoa781CrZqi4S+LM/I7A9lyLDW4IXInq3YYLLGzjI/BwSAT6pPye6e5ue64OClKW4zOeeAWo+qdnKa76injlXnJBmCE5EkaABgIbUCBGjlEHCakOVa4IPTEdn0hDUIMTEZc0FTGSAxyjM+kII5RmfSEPoM54fuuFmBnKNo9k0jHdTJbWCOdl1pOQF07Lh4RLjoXjJMppNOMqUHalUxPOrCnQyAjdaap5FWRJI5RBwhjlPAyE3GRMo5GFuUxGz7Jh5Qyjgro4kknNQx5IzhGEIg8qRnOyEQCOFJRIngAug4SPK4kpY6GKXoK1/bKOx+RhQQ4g4RQ8YRxZJRzyiU4tx5e6Y3J2JXIychEkbsmJIW00diAHJTlHZkOG6OCCOUSwRMWB6ocrDsRunYPquvAOMnCigmRAgzHdcRgzHdIxnnKkoYKbwR8j0XdPunEOBxhLwj6qsEFpICZk+qJp907wgRypgg3xCueMf6V3wTnK54eFMkEJST9KeHN9Ui0BuAEMxkbqN4IF1N9Usj1UfDgU5ry3gZQ7y8BElwOBCcBkZBUyUEJGEPBXA45TwW43R5J2JDe0coiSjJ0RS0g7DCQe8bdlIyPRM0tIIwrWVygsZ7HxVJaQHYVhHMHgbKlewghGhqXRkH07JkLpJ4YLhktiELHIyhxVbXbeqeM8laoyU0L2sYRpI2yuaWHLgA13qFIjbqO7cpSQ8OiYfdDJEUmidbOqq+hxDcdVZTnZzXnOB7K5bbbPfx8zYqn5efkxvdpIPssuG4A1s3Q2MqIZvGoi5rs52OEjGXg0Qnjg2kF3vNlPyd8pTVU3B1jVt7FBuXS1ovTPnOn5BFnfwjtugUXWcdZTi39RQl2BpbK0cfdT2ULMfM2erDm84af8wo6+Mjk0zJR1FfaJ3Uk7nNIOPN2XoPRvxLvFge11PVv05GWF2yrS+nubflLtTsc7gOIwf1WduNrqbNUeXL4HHLH+iy21b+DoaPU26Oe+qWGfWXRXxPtvUminLmw1gGdzs72W0nhobngzs0TAfWP+q+ILddauilbPTzPY4HIcDgr2HoT43T0umjv+ueEABr8+ZvvnusU6NvR9F8V9URvxXqcZ/Z700zUOmKpIew7NeP9UQODzkKLZ75RXmjjqKaRk0EzctPI+33RpKJzHeJTyHHOnOyzyjjs9pXZ8i3R6CSNOPVRJotTdJbkKWyQgYcN1zIdkaeVW0a47liR5p1b8NKa5udV2fTT1A8xP8AUfdYKg6kuPSde63XmGQuYS0/b1C+gpYhnYLP9S9JW7qWn+Xro8DGzmjf9U2u1xZ5ryngIz/1dPxIrLJfqa50sb45g9rhs4HcexVR8QPht0715RMbLE2mrYh/Kna3k+/qshWWi89A17mUzJJaTORknBH/AFWv6U6xpbsTAXaXgbsf/ouhTfuPF6nS781XRxL+580dT9MX/ou4mjukTWszhksbiWu+/oiWi9z00sdRBKWSRnIIOF9SdR9O2vqa3yW65wB8cn4gNwfVfOPWXw5u/RlfIGRunoicxygcD0K6EbE0eS1/jrNPL5II9G6U66p7k1sFynayQ7Nd6n3W1il8QADg8FfMkFVLE7LHFrgexXpXSfxFMdPHR3Il2nYP74VvnorR6/c1XYeqPgBGohAEOjjuuW+4xVkLZY3h7HjIIU1mknhCpNM7ca1LoijWwghxBCsaWv8AEcKerLXNcMDIUOeMEhD0+60QuZz9d4yGqhhka82GooHOuVrlOgnLmt7K46V6kimLYKp2mQYG6ZQ1xpnFsg8SN2xB9FDvvTjWt/idsJ0u8xDTu0roVX7uGfNPJeInp24y6/Z6ZDVnSJIpCPsVobbdPHj0OILmrx/pTq06m0FwOHN2a491vQ7DPnKE5afqbndaJwUjyllUoycWbMT6+E4tbIwse0OBGCCqOz3GKZgDnnPGD2Ku2v8AZZbaPQhTdT3R7Mle+npbc91wt3mjJ/mRY4Cpn0zqtvj0LMSs3IBxheiTNLsLP3GwSU8huFucRjd8YGx914rzHh9ybrPsv0d9X2KUdPqHhkSwdRn/ALFW5ErdgStRBU+MME4ysfJQRXEGogHh1DeQO5R7ReZKSX5OtyH8BxXy/wAn43bJuB9/8b5aNkUm8mkrqd0oyARjghFtF4dE/wCTq/sCeCEqWr+YOiQjOMhDuFubK3OdJHBHYrzFtSR6ONmVwWxnNrnFfTkGAj+YwK3fGyrpW3a2+ZrvqaCsPTXZ9G9tBcQSCcNeeCFPtt5d03X6ZJNduqXZx2wUlQGQa6N/ZLl8w3wJDnHYqj6lo6jp+5R3+2OLGSOAlaOD9wiVGIZm1dGSGPAewg7EFXtPNDdaExVEbZGuGHAp0colkeAIfDdKGO5U4AeQC7T6qBfbBZ+t7FP0/wBQUkdRFMwx+cZVfDLN01ePk9ZNJMdg7gZV68eFMJGHyu3C3abVTpmpIwX0KXJ+Y3x/+Bl4+DfV07DG6Wz1Ti6ln7NPOn9P8l5lG8ggYwv1q+IPQHTvxU6XqulOo4y+OoYfCeDgxu7HK/Mz4qfCfqP4X9T1FmvMZexhzFO1uGSMJOHBfSPC+WjbiEmfLPqPwNkLHbUjKROJAUlhJPKhRZG3KkxnuV7NdHgbK8dkoHLclFYSHKMOEX6TnlUZ5xyWNPOQRlW0EniR4yqCJ2MKyo6jTgFaK5ZWDBdW/QeZuk4CEjy4e4u04yop5VzTyBBD8lJJJA+g0cTqGsfRVbJM+UnBTTuMIBZvgrHfBTi4mii2VU1OL6PVLbWtqaRjwc7KU8B+xWP6Rue3ysjvYLXg6jwvJ6qvZLafSfHayOoqViKOtpjBM7A2O4Vr01Xujl8MuxjZMuMHix6wMkKrpZzSzeJ6LkaiOY7T0+j1Gzk9msdfmRpLuwWzoKzLQM52XlXT1xD2xvyd2hbSgrwcZd2Xm9TRjg9dotVuimzc01UNtwpzJMgLMUdUDgElXlLJkBcycdrO7XPcgXUVI2rt726cloJC82gBbIW+5C9XcBIwtcMgrzi+0Rt9zfhuGPOQm02AXR5yDcw7YUOraPDyRkBTIiD3QqqLVjHddCuw590NywYu80OiQlrctcMj7LzTqKixM57WYXsV0gOppLdsYwvP+oqFrzIGs+nfC9d4zVbYqJ8++oPHRtTbPPhocwwyjI7Kqq4XU8mwy08FW9bCYpiMY/NAn0TUwiI8w7r1dElI+VaqrZJxIUMpwD6cL0Hpa/U1dSi21TsSAYBJ5XnOkxnSdsKZb6t1HUNnYeDlTU1744QXjtZ/EuW5/aegVdFJSSbjyZ2K5G7G7diFY000V6tTcEanN591Ww4hkMMm2Dj8153UVuLwz6Dpbo5Uk+Geh9BX01Bdb6yTLgPISrnqGyC4MdGMNPIcV5nTzy2+rirIyRpO+F6lYLxFeaXS4gyNC490MPg9RpdR86+KbPKbtbKm21L2SsILTsfVX3RXUUrZX0suTpAI3Wh6rsRr4y6IDxGD9QvM5o6u1Vnixktc07rJOKtW1lJz0VinHo+hLPeG+Q+oWg8SGsjL2fUBleNdJ9URVkYhlk0v+/BXpVmujMtB5xhw9fdcfVaRxe1HqdFr4XRTibS21hnoTTuOdPGSrq0XJsY+UnOAdmuKx8dR8tK2pj3hds/B4VrK7/d/mI9wBkYXGtowd6m7fwbAyGJ4zuDwVIZLrAKp7Ddae7U4p5XBsjRjdTWSPoZvAqM6XHyu7LDKGDXnJYtd7IgODnCCxwIyE8Pz2S+UC1kz/V/T5usPzVMB4se5HqF51BLU2isEsLixzXev7Fez4B3PAWG626Wc3NztrNTM6nsHIWqq2S4ZnnDCM91HbmV8MfUVq/mNmbqljA3ae68W+L3w0Z1hZX3a0tbHcaYZGBgytPLc/kvZLVc32yoGkAsk8sjTwQo92o/4NXu0jVSTedruwaeB/wDL6L03jtdKlpr0cLyGijqanTLpnwW1mHlj2lrgSCDyD6Jsv8vsvdfjv8KBBOetelqUfLSguqomfg/xY75z+y8TZGyobsQHN5B5C+jeP18dRFNHxjyvh5U3Op9+v7kUHPbC6nPjfG4tI4TcEcrv15ksnkbIOqTjLsacnslgoiSYJ3DUk/BSwUorKOJImClgqBA0sD0RMFLBQyjkmRjCWHIO6lRXOpiwA7OEDBXNJQ7Bsb7IPKZcQXPVjx8KxiuFMWjf91mRxgpaizGN1HW/Rvp8g4/ma2Krp38ORmuaSC1ZJlXNF9CkRXaeN2rB/VUoPJ0IeTrZrGHKlRnIG3CycXUMjDksJUmPqcj/AIRTMPBoj5Cl8Nmrj4ClsHdZKLqlu2WHClx9XUwwdTsqYZphrKV7NUNWRyjRZPOVlG9aUuMb5RR1rS85KYa1ran7Na1mRujMbjG+Fj29cUg2yUVvXVIBq3P5o92PRf8ALr/Zs28bLu/osb/7QaUD6SV3/wBoVKBnw3fqiUy/5tKXLNq0HdFaCc4BWDPxFZ/wYnKO74h1ecQRnJ90amB/xCj9npOl3oiccrzE9d3dwOlmM+6h1HU/UVQ7AqMA+hKveLl5KqP48nrZLeScBRZrxaqX/tNdGwjsSvKjcbzKMur5s+zyohgqJXa5ZHPJ7uOUSkZ5eVk+Ixwen1XXlho9mTOlP+AZVDX/ABTqnNdHQUQI7OespFTjGC0Z9URlE0HICvc3wzNPV22+8D67qnqm7amPnLGO7MOFAba31HnqpC4n1OVaxwZ2CM+IYGyrDbM890vyeSrjtVPHjDQpTKRgA0tAwj6D7/ontIZu44TlHIiUlHsAKZrMDSiiLbYYQp66kjAGvBUGovkYOmJ26pJCLL64ey10tj3IQZblTQjzEKinulRLw/lQnSPlOXOKZkxWauX9JeVN+j04i5KrH1s02dTtioun3TmgkFEk8mK66cu2Okw/BPZca09k+OBzzuFNp6TB1FaYV5MkpeyOyBzzsM5UynoCDqkAz6qRHE1o2Cf9K011YYiU2+BrIms4CeCG4Tc5RA0laYxwLlli1eyQ1OIxwuhicBhaIx/YLeFyIMRWR4XWM1bBOAwmYwJb5EABwjjlC0O9EUA5RpAhBwurg4XU0gkkxJQg9JJcc4NGXHAQA4yEaMd0OWZv0hRZ6o50xvTYGue7JKGUsDYIO2RznIzh40Xh8BcjiwOE2aeKKMlx3CVKWCnHISSeCjpsAAHgAckqhqqkudrdv+adV1niHONlXvf4iy2WJmmuGBslRqdsFIo6GaskGkaW93FMp6cOIL+B3UioryxroKd2lv7pEuFljuiRJcaSgYIaN2pw2c7HJVZUVslS4lxJ+5Qy0nBzufZNIz3WWUsjEsLLOZJ7J7GFPjbpO+6LgEDAwrjFyAc8cDQxPY0ZAXWsJ2CK2PcHGFojFIVKQRjRgAKQ1nBQ2sOOEdkZOE+Mc8iZSyxwAAXdPsntjJHCdhNEykcDiNkiXHbK5nfKdhDJ4JnAM55yo08pA3/zRppNlTV9XpB2zn3WK69IfTU59CqqzAOSFRV9YXZa0grlVX6jgKtLy9xyVw9brU1tidjSabkc6QyOyUZoJAOEJoyeFJaBpC4Fk8nodPTtHM+yOBhBapAGVnZ0YROAEnARo4jnOOUo2bgkKytdDJX1TIomq0s8G6ij5HtXZL6esFVc62INhJjDtz6r37prpunt0DB4TS8AHOOFV9C9Ifw6mZLUtaZCAQP6Qt7GxrWgBoGFpqrxye+8T49aWClLsJDszB7Jkk54ATZX+GDjbZRI5TMTjstGMHcwkGc5z3BHb5WhAYNPIRM6sI0ww+zQTlZm+3Qyn5WB+OclWV5rPlKU6T5n7BZaFr5pS8nJ7lGYNVZxhBqGkGrW8b9lZnTHFgDhCjYI2cYKiXCs/lGNuxK0ReDnTklyRbpWvc0xRSAZ5wq6MufzuUzDnO05JU2npjsSmbzNLMuhrWkqTDTuceOUVlKHHjGFa0dO1uMt4QuxIZXRKXQKiozrbqbsFaaBGMBvKblrMANRcl+DhLlbk6VOm28sbGCSDhGAw0nCdHCANwmzOzhoCzym2boVJIDI4vOAiQ05yHELkMJJ1EbI80zKdm/5BUW2l0clcyCPJKzV0vQ3hiPm4z6LtzukkrnRRP3PJ9FVxUjpHAq3LaZbZgWtc859eSptNAXuGBlTKG1PnxoYXDvgLadO9INL21MjAPYhLnZtGU6SWoZX9O9KanCpqBloGQ3C3tttDYmiWQN48rfRSYKVkLQxrQA3hHdKIxlxwEmUnI9DpqIaeGEN8JrTkNwh1twprdAZp5gzSM7lUN861o6NxpqJxmmOwYO6ztNbrtfagvu7sQncMys9j6G/JGX2x7LGt6tuN9PytkaSzOC//VWFo6Vpo5G1lxmfUz8kOOwKk26201vYI6aFrBjGQFbQZ28qFM1Qoy8yDRgAAN4CkN0jdxwhMCfGxzj6JMp4N9dWOgjHNd5WnJKktbjdDZGG9kb7DKyylk1RrH4HoiNxuScKHPWtpxgtJk/pCUENbWNEk2I4zw0/Ulzz6GrgI+uZrMUI1P7I8VJLLg1Dtj6HhFpqOGA6w3LvVSctCRPIQxsDGABreE5LITXVEMYzLI1g9ScISHzMkkkvsR/NISSakoNG63eqTPqC4uZCgZIHCjEnKdk8ZSUIMSSSUIJI7JZwuEjChBpOOyYXnC454GUF07cbIXJE7OySEFCll+36oUswJUWWRJkzVp9LZqJbYIO+oPA4UaSQnYFcGSN0mRHOT2Wey3HB7bxH0zukpXHAHE5x+6e2PgYRmxH0RGs0n6c4WSdp7/R+LhRHakMbF30/ujtY0AJbNHHCa54x7rNOZ26qYwXB0luMadvugufnK4+UboBcSSA391ns5NEVgeSeyWMrrIy7sitiwM44SR0VhZGtblMfKGcplRUshaTnfgD1KriaitODuFca2+Rc7tvQ6uuOr+VD9iQmUdvdKBJNkHkBSYKGGn/myDcb79lRdQ9ZMo4zDbPNLxqHZOjUcjW+QhVHdYy2ud1pLFSOkmI3BDWg7krAXi+1t4OmSQshHDGlVz6urrpDNWSukJOfMeE9rMHlaKqscng/I+at1L2R/EE1rsgFGa3A4RAzbOEQAAHAWuMDhgkkjzskm7EQSSSSsgTQ30XMMSJz2XFAXLAkklzIUKOIcpwEnSY2UV8hedkpBjic7J0MTwdXZdhizgkbBH1Na37K2yHQGgcIT3jBG36rr5ACchRw52TgZ/NRBRjk495J2CaGnuURkedyn6SCMBB0ToZod6Ii6NxuF08Ks5LI6ROER7w045QsOe7OEWSDfMSEQDQAMLoAAXcZUCGHfdccRhIkboJzk7oZS2hJZGveQUzIdyUicoLncgFJlLCHRiPLhgoIeScYXNy5GjZjfTn80p/cV0Jre6IGgDBXQ4AYAQycqEbcgiauFwBwShoyYyEJGDuEA8pZPqmIW8FpCXBqds3lOAJ4U2jo92yOCOEcvIU5bES6Gl8KEE/U7dSQME7rrSNO2yE5w0la0kkY5S3Mc8ho5UJ7tRwHBcqJXasDumxsdscfuhYXQWHkLs2cjC4NksZVt4QWAQGCFLpoy44TIofEKs6WnAGABnCxXW4OlpNEptTkFo4wzIxztheo/Dboc19UK2rjBaCC1rh2VN0B0bNd61skkOoNwd+B7r3iGkounbc1oa1paN8dyufZZln07w3jMVKyxEmtraCwUG5a0MGMd3H0Xj/Ut7kvNc+TW4MycNzspnVl/qbnVmLxctzsB2CidP2R9yqQ98ZLWn0WC23Lwj1NNbfC6C2a0y1QjZTsILt3OPYLeW23xU0Qijbv3d6o1DSQUkQjhjDdsEqUA2JuSOfdKydKqrAwt8IY7lV9dW/LsJ7lGqasNJ7Y5UKgo5bvXeI5uYoylSlk0Rikglnt3zkhqZgdIPBWhJaxgZH9ITXFkYEELcHGNlHrqyK30w8Q5cM/qgKkyPdbjDb4fFlcONgvO7pXvuFQXgYZnICl3W6SVc7i45aM4yo1uoJLnP4UYxvuUTB5m8IPYLRLdqsMYPIwguK9EipoLfE2NgGQOU222+ls1G2CBgDseZ3clDmeZpNuyyXWqPBvo077CPeZHABTrXQfMTDVs1u590Kgo/F3wryZ8dFRjwmaS0c+pXK1Oo4wdGqvaRb1XPiay30hw9+xxyAi0NHHRQA4zI7dxPKDbaMHNbPl0jzkE9lKqXYIC4tk22b644I9a8yYYOMqRarf4tSzxAQBvsUKlo31c4A4G5K00NOyLGloBws83gdJY6DtjDG6WNw1NdKGNx6J2sAYwqm5VmC6AbFZ23ItIZc7hGWGFh1OPoq+lgJ87guRQ+I/JGVLw1jcAIAxr3aMAIT35w3HKc45z9lPslB4pdUyZwDge6FstPBY2e2CnZ8xOAZHDYegUi41cVHD4kh7bD1SqKqKihMkrsAcD1WaqKua41BlkJ08NHolSlktcgHzVNfOZZOD9I9ArKho3AgluNtkSjt5bguAz2VtBTgY24Qt4CXA6ipwwZ0otXVQ0MLpJXY0jIB2ymVdbT2ymdPO8ANGQPVeadQdR1N6qHeHK5rOAijDcVOSQXqTqOousng0zz4eSHEcY9Aq6mgJGSFyCAEAlTomtaANKdGGBDeTkUekYT2+bbCIMHYDCmUtGT5sZRtqKDgsgoaVzxkDdXtlszyRVVDPLy1pStlD478NAAbySp1XUmnxHG7I7pMm58IaKuqw0GNh9tlUyyZOTvldqaoHcjJUF0+rIwqVftlEkuz3Uin+oFRIGl3mJXKuuEOaeF2c8lXjBZJqrgWP8OA59SmQzPl8rG6pOzR3QbRQ1N0nbBTxlxdtn0XpXT/SNNamNnnDJKj1HZZ7bVHhFSeCp6c6TLmNuF4ack5bF3Wwgpw0AN2A4CLoJ3T2RkEey51trl2JlPI5jQ3G6MyM51LrYyBuUdjA0BZJyYlzGho224T8AhFLGkbbLnh+6zOTYLyDAOUQcJYCKBjYI+iAkkkkwgkkklCCSSSUDGrmR6pEjhDJOeVTZB5GO6E7LjtsnOBPdZHrLq4WqH+G252utncGgN/DlSK3MJLJC606okMwsNhcX1LziWRp2YPRAtVqgtkGp5DpSMvefXuudP2IW6J1ZVkSVk/mkefVcudUx+YIX7jkhb6a+chJZIldcXTkxR7MG2fVQjsnFoVhZLY64VIc6MuiacH3K242o0QiSLDZjO9tVVR+UbtaVsIw1jQxrcAIUULIWhjRgN4RWpcpZYw6o1RO0HAKdWVcdLHqfvngKDSh9QTM7jtlCGkkHjjDiCW8oruy6NsBBnna1uXcBRcsjy2DrKqOli8R7vsPVZwvkq5y8nZxyn3CqfVznGzBsApVrpNQ1ub+ZTUHF4JNvow1wkcFZmQRgYCYyIRtAAwoNwq/CeY8KyNZB1dcHv0N+yfRU4EniOCi0VK58he5uQD3VnhrG44UCHTuDG7dgq6aYvdhPqZy4ljDt3KBhMhHLKbwhac745XSANy4Lp2as11DfGUcToWygOIycFdHTaf5ZbUZbLY1puRE6n6jyTQUD9xs94/yCypGo7ndLWZHF53LjlEjb+Ir0ek0nwrD7OBqL3dLIWJmBuMfmk9xmf4TOO5XHvJcIwNyplHS485C6KgI384HUtLHH5y3c+qkluAuOHYbINTVR0sZe/8AREotlSfGRVNbFSxOllOAP3WHvN3muczmNeWsHZGu13mrJHMY7DVDhgLnAgLVVWc6+bbwMpqPLg4hX9vpWhgk0+wQqOlGNwrNrQ1ukDC0C4xGgBmzd8pzmHGopMbk7lBrKnQQ1o3Uxkao4I1XVZzCzBcUOCFlGzIALzuSU+ljZGH1Eg1EnygpM1TPzn/0Wqirnk599m54Q5jXSO1PWZ606wprLSOjicC/g4KL1h1TTWCkcxkg8RwwADvleDdQ3qe81hnmeTjbY7Lt6TSZ5PCfUf1DDxsHXB/ext+v1VeKlx8Q6M+qhU8LnEZ2XIYMkHCsYohkDgrv6fT7D4vq9bPU2fJY8tiipctzj91NpabzcKRRUTpsEN2HKsRFDC0aW743W9JRMcm7AMTBCRkKPXVkjwaeiALhs53oh1Fd484o6fk8u9FbWqyuijyXAE85G5Sb57lhHa8V4/c99hFs9nwPEfgvO5JV7BRinIldpccc+iKHU9NHh2AR+6qbld/GYYqd2PUrDOzHZ6ymnag1fdtLXUtMfMeSqasqooYXS1MmkjjKh3G501shNRUPbt77krzm/dR1t5q3Fsrmw9mhczUapQXY7GCx6k6wfWF9vtgIYNnSg/V7BZyKMndw39UWGLbcAo5ZgYDVyJ6iVr5AcXJEV7QBsFG7qVPwVFPJRxjk5OoWJiST1w8JplGpzdkM8riLIRLBGMFAe0h2w5XQSXDfCKW6hsrA/EFnITAN8pcHCcAMIOyzo90ZR09RrJAq4QMLq4RlHBZRAbmkprdnBGIHKC76iqkiBgcjldQWE5AyjtIxylvgMC9pOMBNxsc9lMEYxuEGSMZ4UyQjEYKNG5wPlTNDvRMwUcXtfBTWS0p5Gu2yP1ReCB6qtgOnfKmxyNc0YWmE8ozziSAcpEZQQ7BG+ykNOQmdiMbWC0+6Wn3TnLivaRD007kj1XGnJRRwhayTBEc3uhk9sKXI3AG/qo3c7YS0gk8AeDxslktx6J6WcKh6llBGOxjKkNe1xxkBQnD3XY3FpySpCQucckwxjGxQmvLc7IscgcMJOZ3Ccl7FPg6HZXZPVDa7BxjlEDg7O6tMpMZHJh2McqSCHBRcb5XWPLDjGVG8FyWQ5jHomlnsnMkzhPAz2RrDAcsEZ8WOAutLgdypAae4TTGOwQ4KUt3BzYjhMdGO2yIGkJ7FWCpcEbQRzsml2O3KmeGHZ0hA8B3ohccFxlnsEGtKYRlPMbgCnZ33Q4yMA6XBc174Uvwm44Ud1O4E7IJ5ReDnK7kpoBBTs7YVKTIIcorSNI3CAedk46m+v6olIiDrmn3Qmy47IgOsEYV7yDHMBO+6DLDpAxwUbTpK6TlFnJMkVrnsIOVMgrCXBsn6oXg5QyzCm6UeicMuopGEYRW/dUsFSWOw7hT4K2MkY/NNU2+yl2TXQh42G6F4E8G7vpUqIeIGuUxunZrmg/cIjRGpT6K4UsFS3Dm4d6rlJV1lkqS6PLo+7TwQrB9Axw1wP0n0SMOpobIAT6q5PAxVNckiC9UFy2LjFL/i5BU4vc6Mw1LRNC7bI3ws9UWZknniOl/tsh0FzqbdP4FYS6M7bpb5I5uPBPr7e6mIlh80TuPZRoJ3A4IVt8xBUxEwvyD2VRURGJxOMKnDIt2yi8xZqulOt7101UtkoK6RjSd2F2Wn8l9EdC/FWy9URspKiVtPV4ALS76ney+S8k43Uyjr5aJ7ZaeRzHjcOacHKy30e0ep8P8AUt+ie2csx/TPuMRBw1NII5QdLgSNK8P+G3xqqGObRdQSh7TgNevdqGttt4pWVNuq2SBwzzwsE04s+s+N8lT5GpWVsA4ZQ5GjClvh4zshuiwRsltZR2HHgqa+1U9wjdFVQtkYRghwyvL+pegqmySm62MlrGHJY3t/6L2UsBwMIMtK0tLXAEO5COubgc3W+Mq1sfvXJ5J051bK6T5S5ZB437FaOvgpbnT6CRIDwfRd6m+HsNaPm7STHUty4js5Y6gulfZK40dxY5uk4IcP3W6rUbjwes8Zbo5YtX2/swXXnwxqKOomuVnaA0+Z0Xb8l52xzmkDOHey+qXup6+Frxpe0heYde/DWOR0t3s7AyT6i0cZ9VvhYeL8j4nbm2ozPSXWdZa3NpZZf5ZOxK9ds92p7nA18bxqPIXzq9stPIYZ4yyRhwQQrqy9RXG0vDoah2PQnZMyn0c7Q66VD+Ow+gyckeyb4ZWf6V6spL5TMD5GtnaMOBK1DcEDZC24M9RUoXRUosj6CpdFWvpfI8a4zy0pFoLdggeCckhNr1LizNrPHVauG2xAr5YYp2C5Ww4/EQOQVYdH9V+BJ/D7k4jPlyVFp6qWifqaNTXbOaeCEO42Bl0jNxtr9L2blo5BXX09/wAp8v8AN/TVtEnOpZRvXa6Z4qYHZY7fbhX1qvHzcYY7lq8t6V6tkgk/g942I8rS7ute+N0RFTSPOk7+UrXOG5HhL6p1ScZo3jHamgpx4VDY722pYKedwD27AlXhcHN3WC2r0Si+ensU4lVXWkmQ1lHhrhu5o7qorqKOvYSBomYtRqfG/U3f1HqgVFDHM7x6fAJ5b7rw/mfDRsztR9l+lvq6cVGFjyZ6011QyQU1STriOxPcLWUNYyqHhvxqA/VUNbQCdupnkmZweMqPb66RzzDL/LlZ74yvm/kvF/E8YPuHi/NV6lLay/utqiqonNIz6EchZRtTLRPdbLiM07siJ530Fa6gubJ/5E/leNsngqF1BY466AuY0HZednTteD09Vwukur4qWb/Zq7uzEf7iYnOCeN/Ra6nr5rVVacksJ/IheIVjJqGT5arB8pzHJ3H5re9C9bU12i/gd7eGSNGIZjz9iUtxwa4z3d9HpV4tkN6oxMzBdpy0jlZ+z36Smn/hN02AOI5CiUl2qLHVimqgX07zsc5GEfqvpltyibcrU38PiADfKtJoGSzF46LxgDBrj+sbtd2WF+Mvwp6f+MvSFTb66GOG6U7CaSfG7JMbH7eytekb/JNqttxy2SMhoLuVf19HNA/5iA5A7eoXQ0GqlTPMTmamiF8XCZ+UfWPSF16Lv9RYLzTPhqqd2HscMFp9FTjy78r9C/7RvwTpPir0/Nf7M3Re6RhOnvIBwB9t/uvz8ulDU2evmt1bE6OaB2l4cMYX07xXk43xUZM+S/UPhJ6Se+C+0GyTJxhGDsjOFEY4co7TjsvQRf6PGTSfRIik34U6kkw4BVzDjKkMOCnReDLZHJeMcHR87qLK3JTaZ5OAXKRMOCAtEXkyNbWBJx2SByh7d0tQHfKp9BqGUHJGOULufumHODuU4jJzlZrY54IkSrdUupKpkgON916TbqptRTtlG+QMry5pyCtd0pcgR8u93suLr9LujuR6PwmtjTP4ZezWOAI34PZUNxp3QTHH0k5Cv2+bgKLXUwliAdyN8ry18c8H0DSXYJPTV2aC2E/U1bygriSADnC8hpJnUlW1/GDuvQbPXCVjJGnIIyuPqasnpdHqHg9At9wc7BJC0tvrMhucLA0VRpwVpKC4NGkkri6ir9HpdJqM9mvilBH3We6woPGpRURs8zd9lZUtWHNCNUNZVQOhePqGFkhwzpv7ked0rzkbqU8Zbuo8sJorjJTPGBklvvupPK6NLxyY7IbnhFTcIsgjCx99pA2PUW77re1MOsbDss3eqEuhcMeq7Ol1Px4OH5LRqyB49e6UOe5zW8bqhw5pwVvr1bj4BIb5m8/ZYqrgIdjHC9noNRvSyfJfqDxzg8wRXVlOceM1RGucBhWobkEHdVtXE+J+dO3K7qSaPF7Gnhmg6Wvs9DUiB8mY3epW6rqeOqpxVRgasZJHdeQtJHBII7rb9GdQyyH+HVcgIAw0nuFydfo5TW+B6DxHkPimqbHx6L2lkMrHQSHJA2V70teH2uuY1x2JwVSVlOaKpErPoduEZ7xK1lREMEYOy85bV6Z7zS3OElI9gZJBXxeNC4HUOMrH9UdMibVNEzDt/wA0PpW7yhwaZNvQraAx10JBaM4XOlDZI9HCa1FWGeKRie0VetuW4K9H6cvplijc9+/qqXqazhsr8xn74VBb6iqtkxaCSwb4KTbBWoHTt6SWT3213GKrhERdv6ZV/Za2OCd1trHeUjDHnjC8i6bvhl0mOTcdluoK1tdAD/xI9wRyuFqdPKEsNHqtNq4yxJGprYKiz1DaulzpO+3BC1VovVLeqQRTEeK0c98rOWKvbc6T5Ksw4geU91ClbLaazxYHFoyuRdXg60bc9HoUEgZ5SRhHL8Y25VFbbpT3GBj2TNEmMHturZs2WgOHmGx91iksM0RluRKa/PZdc1r2ljwC1wwQUEyaey6J8q+nkpxyed9ZdOC2TfO07SIpDuBwCq+3zR3Gndba0h4wdBPIXqNXTQXCnfTVMYcx4xuOPdeXX6y1XT9WcDYnMMo4HsVv0+o2PBkupyVNTb302u110bZYXggAjIc09l8ufFX4aVHR1+nr7fGXW2pdqjcPwc+U/bPPdfXPiMv9IB9FfAPMCfrHqFmL7YaPqW3VFmuULfOC3zNXpfG+QlTLKPNeY8VHX1bOpLo+LqjAI1coGlaHrzpC4dH3mShrCXNJ8jhwR2Wda4b7r6xoL4X0pxPhXl9JZpdS42dnEQcoaIz6gti5OMwjWghItASA2C6DhXsFcnMN/p/dLDf6f3RQcrqmwNdAcN/p/dLDf6f3TtXslq9lNhY3Df6f3Sw3+n907V7JavZTYQQOVwgH6l3V7JY9CiUQZPA3S1dDAeCn5K7g+qmxC/kGiIY4ThEAc4wurmAp8aQcZuPI9rBkcIjY2kcBByfVPBIV/GaI6qUfQQUzc7tACKKGnxu390ES44CIJyEXxo0LyCXEoj/koP8Au/3RPkoP6ChCox2ThVS8a9kPxjo+Qh+graGB3YIraWNuwY3b2UcVWSMhOFZj1U+Mn8+BJEEYH0N/REbSt7Rge+FFbXaRktOUjcnjYFTYT+dD9ExtOAcYwjsia0bBVP8AEpPUrn8Ul/qKJRwWtfBei60BPEYHZUP8Um/qKGbrMfLkokT/AIhB+jRgMG5IC6JqZoJMu/oss+sqH7h5CjOmlccucf1UFWa/H4GtNzo4iQ6Qfko8nUMAJaxh9is1uTuU/U0bZUyZnrZstKi+VLz/ACvKFEkr6yTZ0uQo+R6roaTumJNmeV8pds457zu45KbkZycFEMTj2XY6CTVl42PuiUWzPKTyMaDwN09sbzw3Kmw0cbRkNwVIbE1u+FohVKXYErcEBlHUP/CpkFC6PBcRn/JS2AYwBjCcBhaY0i5WbgMcTQQB2UhjQ0bJgcAuLRGCiJcmwy5k+i7gnddAOeE+MMim8CAOUUAYSAGE7BToxwU2ID0TmtyiRsGMkJ7WhvCJC3MZjOA1FA7pDlPAGFoSTKb9iDRjhd2CR4QyjawCnkJkeqagtJ1Dcoo3CFvAWDuQko+to3c7hR6utbpOOyTOwOMMk6WojjYXagT2CgOqnzbEqIHyTkZJU2mp3EjIxlUpZGKCQyOnc54KtYKTSAVyKnDADhFmmbHFpCtvaDwgc8jImkAhU9VPqO+Dv6olVNrJ3OFVVEhLy0du6yWzGQQ2plJwAmwN0+YpNjBJLt0nvzgAYwsU58jgpqgwFoCj6iXF3qlp9khqyNkDm5LAa45HYJwcImCkAMImApGGSSlkYB6IgaXcJNGThGaxxIOE+MdoqUto5jAUaNpyuRsKksZgA4ToxyZ5zExgOAjNbjhIMJOMYRWtzyE9JJCHMC1ERBF7J/hoXwA3kjg9sJriA3BIH5p88giHHZUdyuGjy+vus91saY5kOqrdssIbc7hG3LWuwBz7rLVte6Uu35TbjXGR+zickqCH5JJGV5fXa3fJxgd/Tab41gdrc92SnM790mhEbtlcWyTZ2KKkmPaEVoXGhEYFlcsnWrhwOjaSpTGDYkbpjGAjJClU9M+qkEMQy49kRvoqbYShopq+dsMDck8n0XsvQXRApI2VM8Tex3G6gdAdBiNrKmoi9Hb/AOq9VgijijEbAAAOyfVHB7XxXifi/wBWwkQhkcYYxuAAuz1Yh22JPZRKisZTNy7cngKqdUS1L8uyAT2Wjo9FFc8FgamWtlMcecZy4qxp6fQwZGEOhpWQxDyj1J9VIdKG7NCM0JcC04TJ5m08TpSRskZ8jhZ29XITk00LjtyVWcCbntiQqyrnuNQXPdtnYdgFLpYREwHSFGoYGtOp2/8Aop0krY2ghuSExNZOXOblywNXUCKMnGBhUcs7pScqRWyyzyb/AE+iaymDxgbJymkhDi5MbS0xeRlv5qzjhbGAu00bY4g3SpENMZTvsEuVo6ujk7TQOmd5eG7lTmt0DCfGxkMYDBwkxjpHDZLc8nRqpwOawuIKn09PkA4wnU9GSAcKU5oiYBhTJrVRGm/lN0gcqNG0vdwpLwZX7BNk007QSFRBkskdPGXu7cBZuvuctTqa04zt+SkXCtfUSFkbjgbKNFSF+Dvv6K1IVt3dEOKAvd5h9yre12iSqk8NjTjucK6tXThna1r2DJ34W4tdhgpacAtAcO4CXKWTRRpot5kVdm6fFvjifpG/ZaSGMMbuMBRaqsp7e3MsgAHAysjfuvCYjT0YMjuNjjCRbI6MNlKwaq53+3WsO8WUOLRwDysBdOqrnfpjDbcxQHIGVCprfXXipbVVbyGnfGeFrrfaYIQAI2jHoEn5OcBJSvf2lbZemGQSRzS/zZvqc93A+y18MGQNgMD0Q6ekxjSOFPihI5Cjeezfp9Io8ijgG2W/upccbcb9ko49s44Ro27bBZpywdOun2zkcWUdrWtH2TRsCTsFAq7o97/lbY1ssx5JGQ1JlLJpjFImzVcVPvKdLe5Udnz1yeYaZ3y8XJleMHHsn0ljLpBUXGTxXEeZmfKVeEtYNgMeiU7CnL0RKOz01K/x3PfLIRu55ypj2jlCfM3O22PyXPmWNGXHA9Ut2E/uEbKCcY5TJqmKEapZA0e6guuFTOf/AHXA2Vw/4jvpCJD0/wCM8VtykMsp4ZnyD8kuTwGpZG/xOoqctt0TXE/S548qY2yyTv8AGuMvivP1MGdCuYo2xANaxoaOzRgKQ0NP4QhyEfLCSSS+xn80msCSTElBoQkYO4Uck5Tsn1XFFwGJJJJQgklwuAQnyAqZwTA5xwgyzkD1TZJwAfZQJKjUlzmkHGDk8IO+qJzworpycghCLiTnK4s8pnpfG+Bt1OHNDnOc7uuAZXQ1x7KRHFjBws07j33i/p+FDwkMjjJ7I8cJ5T2RjGQu68ZGFmstyesp0cYHfK3G26Z4gGwCGXnJQycpEp5NcY7Q7pAFFmkLeE4AknflPZASQcIAyLqkefpUmOHLRlHETWj6UOapZEP6SgcdwTe3ljmBseS7bCg1lZrzFEOOfdMlqJJiQHbeybDC1jvEkGcI66l2zPZqsrEQIinmdmVuPzRZ6ymtdMXvcG6Rt6lAu18obbTmSR4c4cNHOV57dL5V3ebVMcMGQ0egWhVpHnvIeaq0yaXMy2v3V0l0j+Wo3lg/E7glZtoJOSclcYw8gBGZGSd1ohV7PCanW3amW6ZxrByO6KG90QR8AjCI1gPZMjBGJtvsYMAcIZ5P3RDwhnlG1gsYknLpOVUlkM6SMJq7grigqUsiSSXMg7ZVEO7eqGXBoyTsmSSCMgE8qFJM+WURxglpOCUE5DVHIWWqY8hkW7z2RYabGHOO/dFho44vMOUTGAUKTXJGNDQ0YHZRi5wJ3RnPbkjKBjBKJBRRxzy52kbJ7GloB0/uk1hJyj6dkcY5ClLaNwB2TtDfROTDurcMC5SyINa3OCgSu1cdk97y3b1QQHA5QYwwkhmHF26OxrdIHdcLQANk0AjlUFgc5NkIIGClI4Y5UZ7hncoZy2hpZHudzuo7jyuF+e6GXDuUpv2NjE6ZuRhBBJKWMlHbGW4OOUl/cHkUce2SiE4ACROBjCa1pyd1BY9cPC6mucMcqyEck5XF08rioIYkknNjc5UlllN4DUkTpX4A2HJVxDEGt0jhNpKdjI2hreQpOA1uFsrgsCLLc8AZCQFEe4nZHlcOFEI8wPoin+gUt3JzSXEFwRgBhdaG4AwuOcCqa2h4GpzWlxQgCXYCmUrM8rPbYa9Ppp3SWB9OzTuQtZ0f0/Neaxo8NxZn0VXZLS+510dO1hOpwGy+iei+lKexUkbnwjUcE5C5t03k9/4Lxf8AImm19iLax2e39J2wZa1pwMnuSsZ1t1aSHhs23AAVh1/1RHTv8GOQeVuAAe689tNHWdRXZpecxN85zwPT/wCX2WK2R7lNKSqXbJnT1qqrvP4rgQ0HLnH0Xp1BSMpYgxjQ0ewUW20MFvgbHDGABz7lT/FGOOFjf7Z16Kfjjhhw9rRqJUSorAPTCFW1OmMtGxKrYhNXTCGMbdyglLJqjwGiinu1YRE0iDhxPdaWARUkApaVgaANyO6iUcbKCn8NmC491NgblmtwwqSyNSyDfIynhfM8/SNRJXn9/v0lTIcOy3OAMqx6rvUjpHUsUmI2847rDv8AGr6lkETvM4/kFZlsn922JLp4J6+qZBE4kyOxsvTrJZILVTjyDxMbkqL0x01BaadtRM0OncM5PZWFTWBx0jskW3fGbNNTt+59namcvOlpTqWnL8E9/dBghdM/091e0dMGsGABsuLqLcyydemKRLp4I4IwG4G2UNjJK6cud/dMOMeq7jJ0hS4g2nhDWj3K5t1mTXGP6OSObC3sAOAorWuqpcDOEyUy1UoaCcA7lXVsotDA4gZKxzngfFpEugo2QRNwwep91M4TYxpGECurY6OIveRk8BZZy3MPsFcK9kI0MOXKlc18z9TjklM1yVcpeAfU5UprQ0IQooa1mgZ9E17ydk98gamxMkmlbGxucnc+iqUsDFENR0klXKGNHlG7j6BX5fFRwgYDWtHZcggjpYQyMY23Pqqm5Vom1QQuyW8kLNKQPTIVdVTV1QdR8oOw7YVjbLcNpJG4PICHarXI8iWVv1bgFX+hoAAaBgYQBPkY2EMA2wu1FTFRwmaY4Y3kpz3tijdI84a0EkrzrqXqOa51Bhp3lkDNgB3RxjkCbwA6i6gnu1S5jHkRA4AVVFDp3SDd8hSaaHxMgHjutMYqKE5cmPp43udsNhypgbjAOykQRMZGAG4wFYW6gbO0yPbtlU7MDYwyBoaASN8SRuPRW1LROe5scY2PPspDafLQ1rONkZ74qGEE51H/ADSnLcaIRwEmdFQQiCLAJG/qVSV9QWjLzueyVXWiIOnmfvyMrNVdzkqZS/UcdgmRgBKeGTpawudgYT4Gufv2VVTyOmmEXOVbmUUkYYRujKyFq6kUsIjafM4LvT9irL3VaIhkH6j6INqt016uHy4y5x/PAXslhsFLZaJkFPGOMknklY77/iQLltOWGwUdjpGxsYC/knG+VZDun6ds5T2REnB7LkXWuTyJlLJxjckZGUeOPSc4SZGBwFIY0ZAIWSU2wDmkYG2F1OSVgCSRkkvJAKMkkqbyQCkkkmkEkkkoQauHhdXCRhRhgyTnC4unlVHUnUVJ03bzXVI152jZqxrd6ZVRjuIA6s6np7BREj+ZUSeSONvOTwfssrYbBIJRd7uRNWyeYk8NXLJZ5+oa0dVX6MhxJ+XgJzob2yr65VAo4fEA+y101DF2Qb1XGICnhPncN8dgqOU6dzyU50xe90sji5zt8lDZHJXTtggblx7LdBKI5IPbaGa41AijHkH1H2W3oqaGjgEMLNIHPug2m2xUFMImN85GXHupobhVKTfQ46hTTeEON06STQNhlQXPdM/UUqUsFpEd8ElXU+JM/LRwOwU1rGsaGtGAE0N09kQnuh7JzkTuMKjvFY5pFNG7Gd3Ef5Kbc651PCdGznbBZ0uMj9TySXFPihqDU0TpScDK0dJB4UTVGt1H4MIL2jJ3U8YaD6BGEMrZPBh8Q4yAqKndNVVOQM77ko1fVPrJRDvjOAAp9LSx00Qaxu+Mn7qyBGMEUekdlCqJyXYDVIqZtOGqEdyijHLIM759UicBPUOtq44IjI84xnHutddeeEJlP2RL7dxQU/lIDnLzurnNVUOlLjv6qZdbjJXTOBeS3OwVe2M5XpfH6X40pM89rdRGc8RCxxZwfVElcWYDeV3WIm+uUSji+Y/nOGf9F2Ixwc/eS6OlbpE0zcvcN1PYAOEGMaWgeiU0zY2HJCYlngvsbV1EVLGZHu+w9VirxeH1T3RteVNvl5ZJmCI5cNlRx0rnu1nunRjjky32SctsRU0Bc4bK3paXgkIVLTgaRhXVPTAAZC0ReBUYuXYyniDRsMI4GE7QG8Iep39KLsao4GyP09lXynxp9WfKzZGrpiXCJhwTyht0xt0gYWmmvLM91uItIaXZ8pbsFS9RdRwWKhfI52XngKReL7TWaA1NQBpwSBqwSV8+9S9T1d/uctSXubE44a3PZdrSaXdyeB+pPqOrxVO2LzYznUl/rr7VOnmedycDPAVXTxEu3Cc1rnYyFMiiAwdOF39NRtPh+s112un8lzyx8NN5Rhqt6C3ggPlaN+E220b53DAwBuSrWQNhZgDhdFJRRhWZyE3wqdulgA/NVdZVy1M3ydHuXfU70TKySpqpG01Lkl5wXDsFprJ09FQhskwD38n7pE5ej0PjvFuzFkiJZenhB/MkILzuSVeSvip2NDsDZMraiKiic87E8Ad1laq6T1b8EnCx3WYPUV0wrXCJN0r/AJmUsiOGjYlZ673mltMIfq1uPbhRuouoI7bCYad+qpeNsfh+6xM01VVuMtTIXk77rh6rW7eDQuBXO4T3KUySuOOwUKONodlH04XGjDguNdc7Xllok00Yc3YJz4w0cJ9GAWp07PRFWMcMRyVswIB27KK8jPKm1OdBBG6rDkd1srZw9VF7shUk1qez6gnGRcjMFcUkNGnGFHIIO6pPIUlgcisQQc9kVhwVYo5LHkg4XGMwOMI+Q5uyA8mN2FMEOELg5RMZGcIZBBUIEHC6hDlEHChB54QSDlHTSBhQhGTmuIcCuHlcG6gZMY7UBvhdkGwGMqO1xaPujscDyULCisg9PsmaAN8KUQMIRAygJJYI+C1GpXnuVwj1QvpdtsrjNiWslg5xdghEYc7KLDIBjKlRnJC11PIhrkODkZSTWkAAZT8ZWhNAZApI2MLjSM/ZRxwVk7pJQpIcDUApIxgbLjhkKnXxkDfl4K8jBwhyA7YUuVgBzhRnOyCs04YY5PKBrhOCCF08rh4QJMMKyQgqZG4Pbg4/VVYc7PGEeJ5zlNhPHDAnAlyRgAad0JmQRlHhLcYO6e+MYyAm/wBxEeGNacjJQ3DUAnaR6ImMqSeRnYAPLXcbKVTygYUd7MoR1NOWkhUm4sHGS3axrxkBB0EFR6epkacOOQpYnY877I1JMFrAnNB7YTAMKUW7ZQgC7kYwm7U0Buz2cjxwQnaGkHdO8PA22ynNbjvyhxkGUkiI+Ib4HZRDG5p1BXPhtI45Q3U4IOGoZV5LVpAjkwcEJ+A/hNmpZQcsbkJgc9hALUlxGb0zrohyBuo7g/cY2U5rw5mCUJ0AIOyBxz0X0RWY2yiyY07JssJ5aEJrznBHCmAzuk6uEVh2wnNAxwuYLhsi28EEThcO4ymEEcriHlMrAXOVwjPZdwFwjCNSIBfGRwNk1rXtzp5UpmDyE18YKj/sRyxwSaC5SQs0v8yvqWaKqjEjHD3HosmQW9kSOWQcOI+xRRngdCew14cWJxeHYy1UtDem6WxVQO22pXkTY6lgdG4EeyNSybIWp9i3KHPSRVDcSxA+/dHEZDscIuWjCN8GhVQsXKKGShqKOQvpXuA5wrCkrYqtvg1TGh3qQrRrGkFulDNBTEk+GMlLc8A2aDCzAqKyjdTu1MOYzwfRRckHdXr4HR5bu+M9j2VVW0TmESR7t/yRP7zHOidXLQ2KRzXAsJBHoV6F0D8Tbp0rWNfI509McB0ert7e6808Qx423UqGc4CzXUpmvx3lrtFLdWz7U6T6ysvWVC2stc/nxlzHDBV29o9V8VWHqO5dP10dwtk/hyMOV9H/AA++LVo6oiZQ10zYK5oAwTs8rnTqcWfWvBfVdOuUabeJnoR5wuEZSAz9K7jCW1g9pFpgtHm1Aqsv3SlFfacslhi1kbO0+b9VcDZEHGFFJx5FaiiGohssWUeIXK2XjpKsdC8udBq8ru2FZxVUVbC3U4bjcdivUa2gpa6MxVcLJWHkOGV531B0XVWucz2kOfT51aDuR7LTVqmnhnjvI+DlVmdKyv0efdYdE0Nc91TFDhxGct9V5Vc7XVWqoMcjTpB2K99ZOc6Ht37j0Wf6k6VgusL5YmAOO+MLpQs4yeA8l4NWpyisM8ltl2ntswmhJz33XrXSHXENXCIq+fJOA1eWXSyzW6ZzCwgA91Gp6ieAjwn6UbeTjaeVuill9H0lDUiQjHB4UprAQvI+kuu5opmU1wflhGA70Xp9BcIq2Nr4HAtI9Ut8HpKL4Xx3INNECOECJ9RSvD4XuYc9ipxLXDZD+WD9zspDUThLMRt2mhdXsaBXSzw9Q0/zVJiKriGSBtk+oRuj+rJaGb+DXrIcPKHO7psRlpJRLEcEJ1ytNJfmCeF7YKpvf3Xa0nkPkxXYfM/P/S7bcqomqqIH07xW0b8sO+yv7F1BHWtFPOdLxsCe6876b6iqLfObNeQRp2DjwQtDU0roiK2idlp38q6E4r0fNdRpZ6aeyaN+TlClD2HxI+3IVBY794oEFQ7Dhtk91omua5oc05WS2hTD0mqlpZ7okZ7vGxLG3fHHqVFrrOLlF4tO/RVwjLmDnCmTwOYTLFse4CB4z3yNqaY6Joxg/wCL7rxPlPFK3dk+tfTn1FtxyVdLVOL/AJaqBZMzbPGVfWy4CKQRVhL43bAnsoddRQ3eL5iACOpZ9QG2SoVHK8uNNUjS9u2/dfOtf4/4ZYwfavE+Zjqq1lln1L01BXwGaFoc0jII7Lyy7UdZZ6gSM1BzDkEbL123XF1O75Wq3jPGeyidS9MwV8DpYmhwIzt2XCu07iz1Gn1G4ifD/rmj6gphZrzIGygaY3uO+Vv7bdKywTilnd4tK5wxncY9l88XW0VdpqBUUhcySI522yvRugPiCzqCnbZro0eOwaQ5xwVkawbWsr+xv+r+lmvpz1V044ujB1Oa3kHuCpfR3VUF3pxR1paJWeUh3KVmuc9hlMEx8aim8r2HcAFU/U/TzrLWM6n6faZaWTzSRt5CGuThLImUY2L45I090oTQSioh+h/I7FfL39qj+z7TdY0c3XXStG1t1iBfVQs2+YA/15X1N01fKLqm26WjL2NGpp5ChXO1uppdOfKdwu7oNa6p7onJ1tENVU6LVy+z8iZGT007oZWYx39URrzjhfU39qP4Dto5JetukraGt0l9bG3lzv6h78r5YAyCF9L8Z5COqioxPkXmPBvQScl7JDXBHif7KC0nOSjxu3XaR5ecSzglLSCrBsjZGjOMqnid5RspULyHDzYwnRlgxzjhhphgjTwhtJzhSHaS3PdRjyj7QKYcHbcpZHqEDJ9Slk+pSpIskNGMj1R7bWPoqpso3GRkKK052wu8j7rLfXvjgOEpQmpr0erW2sFRAJMdlJlAcM4ysd0fdSW/LSuyW7LX6gcjGF5DW6d1zaPo3jdUr6VJFFcaMwSGVm7XH9FcdMXAsd4LnfZMqIw/YjIVRTymlrDgkDK5F9XB6nR34WD1GlqiCAMK3o6xwcCshaasTxNcXbgYV3TyBu/+q4uopPR6TUNcm4t1w1AA4V5DKC1u6wltrMOAK0tJUhwAzlcqyva+D0Wnt3x5IvVdv1BtdEN284VXSnxmah+a1cjW1UDoX76gsf5rdWup3jyk4RVzCtWHkkPjBHCrK6jEmdtlduILc8jCiSxCYaeFuqsxyZLavkR5peaF7Kl2G+X1Xnt6pTHUOIZgHde3Xq2sdA8tYNX3Xml7t7Tr8m/K9Z4vV5weG83oNyeEYQsIdn0QqtgmhLSFPqYHRHJCh40nJ9V7Cm7dHJ8i1ullTY8lRIx0J0kbrscjmOD2OLXDgg7qbW0+t+towCFW6SDg9k5vKOflwlmPaPT+mL7R3qhbbqp2KhgwC47lTKdpglfSvOACcZXmVsuEluq2VMW5aeF6NS3KnvEIqIxh4A1YPdef1mmak5I934byL1EFCf5FpTSy0MwkaNvRbywXqKoY1zTuORlef08niAwykEgeU91NtdZJQ1PlcQM7riXVnsNHqHFqLPTZ6akuUWiTB9F591DZZqKdx0eQklrvb0Wxt9SHxtkYchwyp09NT3GA087RuNvZc+XDO3Kv5EeWW+uloZQ5jsYO69E6b6gjlLXF252IWKv9klt87iGYbnIPqq61XKWnqBpdpwUm+r5Vkqq16aeD3WmrpIJWyxOIwc7LXMqKa60wdsSRv6heWWG8CohY2Z+c8Fau13YW6o84yx4wQuLqdLjo7+l1e7st8T2uo8SPOjO47LXWi8RVcYaSNSoXiO4U4dEQ4OGyqhUz2qfIBxlca2rDO1VZjk9MacjnK6dlS2a8w1sTQXgO+6uWu1dlnawaoyTQ4S4PHKjXW3U91pXU1TGHNI29QUYjCK0tccZQqTiwZLJ5VcLZVdOXNjzktz5XerU+6xw1cDblSgBzf7wD/NegdQ2Rl3oHRtAErd2krzMtrLJWOgqGnTnDmnghdLT6jDwY514Mf8Qeg6brmzPjDWNqWNJa7TuV8i3myXHp65zW64QGMxnyk8OHqvu+ohZG/wASHPhyDUPZeY/F34XU3WdsdVW+NkdfDl7Tj6x3H34XtvDeYlp5KDfB4P6m+nK9bU7ofmj5TG/CeOUqymqrPWSW+4Uz4pIjpII4Qxg+ZrgQV9D096sipfs+KaulUzdbXKJTOMJYwhAorHDG5W+EjBgKgruAfZERp5KcsDUl0jC4rKyJJOx7pqtrBSYl0HHZcSQlj00/ZOSRRlgE5+S6kkrbIJJJJQg5JD0+66BhFlA4CZKWSuLuCh3EwheIUhISVxJTJYXOyGScpLimSYEm5KScoVwhJaCugd0QYwNkyMMkbB6cdlwQj+n91Iw0dktY/o/dN2C/kwB+XI7JwpcHzFH8TPZdDMHOVPjj7Bctw1lJDyQco7adoOQAuNdtjC6Hk9k5QXojTHCNreAi4yhF59E7xHeidGKXIDyPRNKDgogYc7rTHkWwur2XNZ/p/ddDCcFEa1vOEyMclAPMiMByntAzgBGDe+E1QFylgTRsMomAugHCctEYpIW2NHKMACAcYQ0ZExMpZEOUQcJgBynjhRAnU9MT0zOAhiR3THSsZnUeEB9wgaD5hkKpSSXJcY56Duwx2onCi1FdG1mDv+ahz3AyEhrshRwHPdk7pE7svCHxglywklY9zsNGxTCHuxtyjxQgYOlTIIAMeUIOXyRvb0CpKf1araGnw0EN/dcggwAAFPDA1n2TvxQcFkjOaWtJ9FV1dTq2HAUitrw8mKPYDYn1VRPK0DGc5Wa27BTg2wVRMdWyjFpccnumyeZ2Q5cJwAAsVlmR0Y4Q5xI42TCCTgLqe0dikv7gmjmkHsn4C6nJsYgNnADlPHCc2PO4RGswcYTFH9At4ORxkHhSYosbpRxqbFFwU6MciJyBsj9sI8bSANkQNAHC7gLTCOOTPKWTgaMcLq6khsf6AHJzvpJyNkxzgGk+gVBeLuYYHASaSf3WW66Ncd0hkKp2SUUjt3vEMIJG+NgPUrG3C4Szkku+o9jwhVdZLM8vc4nKjEk8leS1uulfZhM9Hp9NCtJITiXfUuJJzWnI2XOnLHLOlXAIDvsjtBQmAhu6kxjJCyyluOpRWcYDlS4ozjcJsTAVOigc/Aa0nPolJZOnVX6GUtLJUSiKJpc5y9Z6B6Ba1ra6taNXIyEPoPoXDWVlXFyNQyF6fHHDTRCKNoAAxstEIc5Z7LxXjNq+W1EimihpYRHGA0NHZBqK7wxhoB9lHkqXZw1NiilmlGB75K1JKKPUKWeEhkcc1XMS4/r2VpRUgjOcdk6GnbG3GM4Ro8DvwhcssdBYJDQGtxnhBcXE7pb+qG92GklRywHnPQOrn8GEvaRwsw46pS7uTlSrtcXOkMEZwAosBy7hDvyYbpZe0mxHSAAMLkwL24ynwwOeOFMjpdhkI93BnVOXkpXQkO3CJFHg7hWNTAGDGBlCp4S93orU8h/xx9OwuI2U2JgYNgmxQhg3GPzTnncAIJM0117QjAXOwrKjhAcCQolNHnBIVkxoAACtNmutE2IMjb2KA/z7ArjiWjY8oYfp3O6I0tLB12iJutxwAqa517ql7mZ7ItzrHSANi7bfmh2+1zVLwO7t/siyI25ZDt9vknlDdBx3K2Vq6aZqbMWDHuFY2qxx0gaZGggDOPUqznrYqdhzhpHGSpkfGqKXA+Gnp6KHUAMgblU196wgttK9sThqdzus11P1mWn5aBxJ9iszHTVNxJqKzPm+lueB7pFk8LAWcPCCVl8uF7mIaSwffOArG1WF8jhK8ZH+an2SyMa1rnMAb6Y3JWwobVgDyBo9FklJtmynTux5ZCobVpDQGYAV1TUAZjOylRUzGMDWsGykQU7nFVuSOxRpYwWUCjpRthvClCJg7IojDRtshSTMgaXPIwlzmbI1qI5rcEbbKPWXSmonYAMjuzB9ShyV9XXyeBboHjOxld9I/NWVv6dp4nfMVBMsx5LjkZWeUssYuCBHS3a8DxpHilpzxHnzFX9vttFQsHgxDXjBd3Kk6GjsBhdLSW7d0qTWCNiy0bjG6BLJ5S5xDWjknhRKqtEbjFEPFkGwDdxlMhtVZUtDrnUnB3MMZ8v5pG7DKwckrg86KOEzv/qx5B+akUtukMwqa15JPEbT5QpsdPFBGIoWBrR6J45VylkJI7GxkfljYGN9AMKU0jG5QBwnDlA2iwu2+OSlnGyXA2XEqUshnyqNk4bpiS+0H82pRTHpLgOV1QAYkkmueAFAxLhcB3CC+YDOyiuqAM53VNpFqLbwSZJsFQ5aokYCHJU52UZ7iSk2SOtofFX6uWIoK6oJ5CETkkroYT+aI2HuVlnYe98V9NQqSlNZYJjSSBhGjhJIKkRwAYJH7ojdLQNlmst9Ht9NoYQXCBtgGMkYTy5sXA/dcdNscBRsue7JWWdh0oV7Axm32bsuY2ykI+6cGHKTJuQ7gGWkJBpKktY0tyQu6G+iooCyEnB2RvLGBgZXH4BG+FAq6sud4cRzjkpiWRdt0aVlhaqrDTsoDg+d5e8pMDpHZcclKeohpm4kONk1RwcfU+Qys54OxhrMk4291QXzqmGl/wB3pyMk41KuvXVJfrpaTbs5wKzMo1kOO5TYJHlvIeabzXR/1CVMslTK6eR5eX9ygxxkOGyNG3gY2RSwDGybBcnmLbHN5kNDG4RBEM4BT2MKKBhaYrgzym2DxnfC4XbYRC8BpGOyAW78qijjnZ7LiSSsMSSSQ3VBCz7JaQnEADKCXHcKAiedPvlBfLoGdilI/G+dkCKKWeQNaDj1S7AooYWz1czY427dz6KVHTNhOe6PHAIhtsmP5VRjl8jGwmcIL3N0ncJzjgFRSC5xGUcl+ihjnEu5RGQnOohdZA7IcVKazYbKootvAxrcBEPCSajKzkGfrTTwkuYJ7K5LJDgG+6eQOyThgJjeUBMuTHkYQJcAYCM9zcYyocjvdKzhZGRWRsjvdRnuzy4J0jgTgFR3k55WebyaIxwd1H1TRkrqJFGTv6Kg28DoYxscIkkmAAAkmgHlCLzuYk9JDf8ASVCCJ2O+6ES4nKW+fZPwNGe6gXQJJI8pAZOELWSHI2lzw0K1o6YDDi3dRqOmIeHkZVs1oA2GE+EBFszuzQAAhTPw3HqiveAFEe/B9U9cdC4rIFznF2V0BLHdGAAGArG9HHcFRiTnlSCcgoA2ckWySGVV73gNTs1HdW9rts1dOIoAedyq+3wSVUzIIWkueQNuy9x+H3RDqbw6uSBoaOdQ3JXPut9HsPBeNlq5bEW3QPRUNvhhrnRtMncubwtR1Rfo7XRuAma15bsCeysKiamt1NrdhgA2HqvIupru+710rQctDsN39CsN8+D6TCEdFUqqyrnNRerkSwF5edyTsAvROnrPHaoGu0ta9w3VN0vYTTAVM45Ofv7LUSPGxzssMpNm7Q6eSXyT7ZNa9mnt+qjTVPhg8KNJVBgwoElUKmXwGkjHJSpSydVBJny1M2lmXFxwFeW+jFDDl+HSO59lFoKUQSNkeMnGytGML9yqSGQDQQH+8l+4yqXqPqWOjY6jpn+cjchTLzcvk6JxacOIwF5pcK19XUuPJJ7Im9pn1GoUPtQOqqp62fwoyXPceVuekOk2ULG19dGHSuGWg9vdC6M6WbE0XCuiBcd2tP8AmVr55hA3YJU57Rui07k/ktQCtqCweG04yN1EhjdI/K47VJKTnKn0sYaQcbrl6q7J26qsdEqgpgACWqwc4R4j2ymRMEbM9huiU8YneKotJaeFybp7jdXAJCzJyV2aQkaGnCbM7Ts3hS7dTMlb4rlgnM1RiFt1Cctc5o9d1choaAAAo8DAzGOydNUMpxlx5WaTyC1kfVVMdLEZJD9gsvV1b6ypAduDwu3OvlqJjqO3YLlHEzImeMuCSMRMgayJgaAAmPcG5wc5TJZsnYIecgqwwgy949Sry20PgtEkgBJ/ZV1ppA8molzgHyhTq2tfDGDHttwlWBgrvdcZpaZ252cVHtlBJOdzvyT6KPQ0ktfU5aO+XFa6jo46aIMZ+Z9UkiORt0NDfQAJx2aXHYDko+kDdYzrHqXw8263y5J/vHDt7KksguWCB1T1O+re630Ly2Jpw9w/EswBnYLm53PJ5RYgQc4ytMVhCZS3Do48425VvRUemPUQEqCh0/zZBueB6K0gpi57YombHko5y2hxiwdFROqJMcNbyr5sTYmta1uAAlT08dO0Na3hSHAEbpDeWN6QxrmtGojYKmr6/WXTuAEUe2SUO8XeNpMEbiGj6nDv7LJXq7GtBpGZZEOADufcpkINi52+hXG6yXCYtYcMHCBE1xwxu5UVuI8D1VxbqctImlbt2CfjaL3NsnU1PFQw+NLjURlDHzdzq2xQjW+T6WhdrZvFb4IG5Oy33QHRr4g261w0ynBYPQFKssjXFtsZuyX/AEj07BZaVriwGpcAZCRv9lqQXeiG1mHZKkswcHG64F1nyNsCUhuDnblEa0jbCI1oxwn4Cwzk28CxADCMBjYJAY2CelkGJJJJoAkk9JQgkxPTFCCTE9MUIJNTk1QgkMfdPKA5wZ35UUdwYO4XGitdLJV10wjijY57ifQDJXmVujrOuLo2+3Fzm2yN2qjgdtt/UQjXC4/+0W+spqQvFkpHZ8TOBUuz6eg/dapsUNPG2CFjWMYMNAGAAtNVZa5COkbCzDcBrRsFkbjcZa2dwLvI04AVhfblHo+ViJydiQf2VG3AHK2wW0fFcDZC7Ia0ZJ4Wx6espoacVM8f82QZyewVZ05ZnTVBr6huWxnDWnjK1yCUwznCWR6rhIUd5JyMoHYPUcjamUyHw4+ByUoo2hozhJgGrK43PqhTbYTeAnh+6j1U7aduXboz5NI9Vm7xWiZxhbIc98J0VkNYZHrKiSomLnuyO2OFYWWgbJmqmbkA4aD/AJqDbqT5idoeCWt3K0rNDGhjGYaOyYuCxyr7nVviiDGbajgqXPO2GNzzwAqyCCStlM0zgB+FpRkD0FOGt8eQZe7jPZTJJRG3jK40COMAngKHUy+IcBRLJAE8pe4nKTUtPuuEhoWmEfZTOSyCMZPCxHUd7+YkMFOfK3YlWvVF3ELPl4n4cB5sFYoyEZLt8ru6DSSf3yOJ5DV/H/pwBDJOeVIGGszjhDjxnJTpSZGeDGNyvQ1wwsI8/l5yObE+skDWjDRuSrqCFsTA0AABBt9MYIRrwSRlS9gnIbGOTkjgwZA7LNXq6xOa6mYfN3IUm/XV8bDBA7BOxKzbIXyuJcck7ptaBseFgE6PUR3U2KINAACTYNGNQU2liMrgcbBNM2xyeSRQ0WB4kg3PA9FNADQnMYGR44QcEuRjowSHZJPHCHPM2EZOEfZjc4VNV1JqJ9DeAnwjuYq6yMI8nQDK8yE8qBd7nDbITLKeM4R6ushoad00pxpBXinXfXE12qX0dNMfDbsdJXb0Wmb5PE/UvnIeN0znnl9L9lb1n1fV36sfEyUiJpI2O32CzUUeeyc1moj91NZTbDbleg0uncT4Fr9ddrrXbdy2DjYMcK7t1uOnxZRzwEy02wyHxnjYcZV0HM+lo42XSisI5+cvA6LRTxhjGAevuqm5VUtTO2hpmkk/UQj1tY4u+WpRqldtkdloOmenRTs+cqm5e7fJ5Klk9p1fHaGWpn/Yb09YIqCASyNBeRndWU9bBSjEu2yLXVMNBE58jhvwM8rA3W6urZnOLiADznYLDbYksnt4wjRBQj6H3K7mtmcBJsCR+Syd96jipw6lpXtdJjBOMgKJ1BfWt1UlE7Lzs5w7LOxwOcQ8nc98rg67WxXCJGWQup8zvEeS5x7kqQGYaNkOOLGFJ04bwuNO12PLNCi2QZ2hpACY0EOCLUDzBcwA1Ka5B6Yel+lSJRso1MA0qZNu0YTYND09ywVtUANh6Kse054VrMCSVBqGcYC1we05mthhZQJJcyR7rqYcgM1DlZtsF2LsjyNaWAYVt4HJFe5pBOy7nCLo3OQhEY5UXIixY4JEb9xldqG6jqAQg3BBzwpDXDSAeyegQbe2UngchMmB1AhEjIc1VjJAKeOV1wOeEPGEJA4IxyuoAJzyjDhQg1zfdc0+6IuHhQgIprC4OXMHUntAIUDzgkxnI5SPKBG7wypA8wCH+wSlv49g5WcYUbT7qaYyo8jVaiVJYQJkxBwrCB2tuPVV3hlu+VIgdpxuihLbwzNOOSduDyjRuG3uo7ACPuuhxidvvlaoCZxySyARshtB1eicx+QnachPf3ISm0zoIwuoBDmu5RQRhXGXopjXsyMKM6nIyc8qamuGQhnDIcZFc6PSVzT7o87CTkBDAx3WZrA9ME+IdhhDa/GxCmuYCMYUWaEjcBAMTTCRylpG6mxyB4G4yqppdkbY/NHhk0kK4yfQqyC7ROLdwcpzT7LkbxI1JzS3fHKYkLT/AGdIyhub7pwkycEJzwQBsixlAgsY3CYJXtdscYTiTjhDILTwqxjkiwydT1LyQHuypoa0gEFUwGDkKRHVSQkDVkJkbOeQJwz0WiSDHWRvAGd0drw4ZWiO2SM0kxAHKeG52TtAT9PupsIC8IZ45USqoHSeZuFZafdckGd8oJVLBN+1lG6KSEgEJ8eHDc4VnLTtlH0qulgfC/YZ/NI2YGqakNfEDw391FfCWnYKU2oa4BrhuiMaDvpS3Bvoc5NFdqczYtwixYwN1ImpdW4aogY+J2cKvuXZNyaCOj9E3R7ojZGuAyF3GobI+GE3gjFmO674fujFnqFzR7IJLBaeTmn3S1eyWr2S0+6hQi0YQi3c4CMuaW+itsJoApdJXVNK7VFIQB2J2QfD90wE+iieC90kbG33Smq4xrcGyYwcqa+im0eIzcLDteQdjgq7tHU1dRODKhwli9HdkUZHRp1WIqM2XdPVeEdEzTspow5oc3cIkQtt5g8WleC8jJA5Cr5obnannwWGWPuPZFwzcrpVNSfMf7EqRmnGSmGmZICcD391Ko5qSvYCSQ7gg8gpVVNU0RLo/M329EfRpnCF1fyReUZ+vtDt3xEDG+CqtzyxwGFsoJIapmDpJ7hVl4seGmpgHuQqa3cHF1Ohx/qVFPFPsN1Mgq3wPEsLi143DmnBCrHxluMbYTopgDhwWedSYim2Vb/ufQXww+N8cbYrL1Qx5AAa2qb5jj3b/wCq9yikhqYmVFPK2SKUamPachwXw1DK0jAC9G6C+Ll76R8CkrHmqt0ZOtrjuAeP0WO2nHR9K+nPq+UMabWcr1L/ANz6fedJHdJrshVnT/Utm6rt0dzs1WyaN7Q4gHdvsVZdisrWD6jVbC6Csg8piJyU7Y+hUfJ187IjfpCVNuL4D2p8GY6h6Ipbm91ZRP8AAqHbkDZpKw0gqaCodR1kZa5pxkjlewquvPT9uvlOYquLDuWvaPMCtNV0o/kzheT8HC9fJV+R4vfunqa5QuljYNRC8vvHT9TRTOxGQ0HuF7lc7PcOn5MVTC6lycSAZwO2VX1lDQ3SDzRxysPB7hdGu3cj59r/ABKf+nYsM8FbJJBJ5jjHK1nTfVlXQBrXSuLWn17IvU3RU9PM+SmYSzkHCx8bpKeYteS3SSCmbkefhCejnta4PoCx9Q0l1ha+OUA4wQTuCrxjuF4HZ7w+keJaZ5PqF6h071dBXhjZngZ23PCBo62n1EZr7jWObkIA1RP1tJBUjU0DPY8JpAOMFVGex5RrnUprLDVdNT3ylDXYjqox5X9yl0/1BU2OZtrvDC6F50teTtlAALTkHBR5ooLlTmGoaNYGxXV02ufUjxfnfpqrVQcork0lXRsLRXUDwWO38vZTrL1D8tIIazO+wJWJt1TdenpjguqKYjDmOPAWrppaC9wAgNa48DghdWL3o+Q63xd2hsxYuDdxSwzxh7CCCq6roZICaiHduckDkKgoLrVWWT5eqa58QPld7LX0tVFWU4lgeC1w7LDqdMp9gaPUy0090WVTJSCJoziQdvVKoZHdIfwxVUe+2x/9UevpXRNEjW4GcHCiRh0Z1jn1XlPJ+NhOPR9V8D5tpLkFSzPe40tX5alvBPDgrmiuL6XEFSNUZ2yeyrquKKvYJI/JKz9cpUU3jg01VtI3bJ7r5z5DQuuTbPtXhfJLUVrLDdQ9PQV8BqKdoIIzt2Xlt0tNZaK352iLo5WHJxtlew0Mr6fMZdrYdsFV1/sMFwhM0DRkjO3ZcC6lo9XVZngB0J19DeYG265PDaho0+buvT7LXxsYbZVtDoZMjccBfNtbaau2VnzVMTHJGc7d16Z0V13FcoWUNc7TUsGAT3WKUTRKrcso0ldQXLoa9m7W/LqOZ2SG/SttBXUfVNuFRRkCUDUWjsVBoqunulA+03DS9kow1x7FUNPT3HoK6eIwudSvIwewCZTN1vL6MV8VLr8w12tENwhkpKuBsjJAWPa4ZBC+CP7RHwVqehOo5bpa4C631bsN0jZuNwMduSv0jrqKKvpWVlFjDxrGO+eywfW3R1D1lZJ7TXwsexzTy3JB9QvR+O8hLSy3R6PP67Sw11Trs4Z+Vhf5i3b9UVjs52W8+MXwtu/w/wCpamnnpyIictLRtjK8/avpOh1sdVBSifIfJ+Nt0V7hNf4/wS2OxjZSo3eygNKkRnOdl0ovJxbIYLJkhLd0w8lCjeO5RM5TkIccCT0JOUKCDlLGCuLucpclkjJVurXUNS2YHYcr0G2XL5mBr9jsvNO+Fpel7jo/kPd9srja/SqacjseG1cqLVXJ8M2weH8hQrnQtLBPGMO74R4iDuEc4e3S7heVurfR9G0t2AVjrXMc1jncHBC2cD9hkrzqVr6Kqy0kNzkLXWuqdVRtdqyMBcm+vDPR6K/c9ppaechzSCtHbKw4AWQhfpxurGjrXRvBBxhcq6vceh012xm5gqdWOyr79bvHjFXGMFq5TTNe1pY76hnZWg0yQ6H7hwwsahhnW3fIsmfopfEi0OPmbsUTSQC1R543UNYRjDXFSyQ5ux5TVLDFyRX1kHixnbIHI9VhOpLSQwzRtOHE7ei9DeBuqa5UglyMbei6Wk1U6prByPIaVWQZ4jdaAsySzGFRSsLXZAyvSepLY1viaWY5WCrKbSMAL3nj9UrK0j5Z53xrTK92HMIIVVVQkE+XAVk8mN+CE2SNsrctHK7db3o+f6it1WPJTYc05PZW1iu7rbUg6jpccHdQqiIMOA3CiaSNspV9SnFph6XUy09inE9a8USxR1kByCAeVYNc2ZrZW8kbrA9K9QCJooap3GwJ4IWvpqoxP1M3Ye2V53U6VxPoXjNetTHKfJqLNeJKJ4ildlhON+y3FJM3VHKDljl5nG9s42HCv+n7y+nf8nVvyz8JPZcW+pro9hodVxssNlerTDcqYkNB2Xll4tslvqtWjSAefUL1akq9GMnLHcFRL/YKa507pI2AkjOAs2OcM6FtW/lGAs15fSAZccZ3C9BtN4jrYWhz8nsV5bX0c9sqHROaQ3OxU+y3h9JIPMdOdwl2UqQqnUOiaiz3Lp/qBlK8U0pBa7grSVtPS10Ye0jzDYryWhuMdRG2eJ+fUdwtn09eTO35WR2SBlu64Op0bUso9NpNXlbJsl/73aqjUwktB7dwtvYLyy4weG53nYFl5sS8hQGvq7bUNmgcQAcjHp6LkW1NPB04TafB6gHjjPKRkLNxuqa1XWO5QNIcPFaPM31VpG4AbrPswOUskhk5J0uGFV9R9OwXamMrGgTNGQR3U5w1kadkSKfSAHDhVFuEk0RrJ5g0GCb5WoBDM6HD0Q6qlMLy36mO3BHotz1R0+LjF85QxtEzN3NH4v8A1WUcBM0RO8kjPKWu9V16LnJ5Md1WTxP4wfCOl6spH3C1whlyYCWtaMeIvmOop6mhqpKKrp3QyxHS5rhjBX33V0j2uGQB6FeNfF/4PRX6B97s8LWV7AS4NH94P+q9v4XzHwyULeT5t9VfS61UXqNMvu9r9nzQD3CcCcpr2TQTOp6hmiRnISX0OFqmsnxy7TzoeJBxwnjfKCOUZn0hPRkawdSSSTAhJJJIwQqEkiqF9gkkklChJw4TV0DJwhayQHuDwiNkIGMInhAjOEMxnPCoJPIQHIykhJK8kJGR6rpDSo2H+qfkq1L+wA8t9lzR7Ja0tfsrLHafdN0FODsdk/UMcKFAl0cpyWCrj2JlLLHAd11JJaorCL7EnYHKanIgTgByitJAxhcLQOAigY2RxjkhzBPsugFpSacuCJpaQNk5RwU5jcDA9UYNGdkwNI7IgaSmwjkCTCCMIgYAcofKK1u/KcomebO6QCAOy6AcjbZPbwiADKfFYKc8jWtzjJRWtxgpBuy6BjujESluHhoC6kNkkQwS6Dg5XF0NJ3ARN4EhGyA7YRQRhRCQOU19SyMeZ37q3NR7LSb6Jhe1vLgolRXMYCBgqsq7lglrXFQTJNUH6jhZ7L93EB8KWuZE2ouL3HDRnKiCNznZIO6PT0xOC4Z+5UsQtH4UEHZLmQyThDpEWOmwM4wpkUQbjb912NvoEaKEkrRGC7AlLPQmR7gAKxp4AMHTgJkMQ22VhFHpAdjCjaiRLPIo2NYBnbCrrlcdWaendsPqcP8AJDul1D801McafqcqSWYMGOcpN1uBqXpB55QwbHchV8khdyUyeYvKaN8rnWWuTHRid37nK6B3SaMlO47Iey+jucBPH2SwnpsYipSwJPa0532TmNJ7I4YDjIwnxjkBvB2NoIzhFjjAPH7pzI9uEVrCDwnRgInYdhYPT91KjaMDZMa0DcBFZ2RGeUsjsbYQ9KIkrk8ADVw8IhxhZy8XptKHGN/G33WezURr5kNqqnOaSQ+9XiOnjc1r8AbH3PosTXV01VKXyE4PA9FytuE1U7MhyM5ChkknJXldb5CWok4xZ6KjTKpDycriSc0HK5T47NkINsYAcqUxuw9UmsGNxuigdkmyWTo0VNcnPDBAACkwREn0SiZkjKnRxbABuT7LMuztU0vCaFDS5IIHJXpvQvQ8srPnazS0HBa0jdROh+ipZnx19wi8vLGHt7leqxshpYmxxtAAHZaa445PXeK8XjFliDxFtJTshaB5QgSzSSO0tbym5MrhupdNTHILgnZ/R62MVjg5S0b34fJwrBkLWN22ykyMMaBhdJGFHLI6MEjrn4/NdjDiUEE6keN2OyAZgIWgA5cqu617IYdGRk5/JTayojhj8V7sALJVErq6pc9hIYDkk8KpSwLm+MDMOkcXnJ1HlWtHQv2c7bPHsn0FAdIe5o3GQreGnbGBlVkSq97yAhpsY24UoNEbQcZTjgDYJj3bYV5Gxgo8kOcGSb2PZHgpQ0A4wnMgLnZIXZZGtaGjsjSySQ2TSMAFDZkuTCSTsjwtOQcI9paeSbTeQDZSvEHp+6hRu42RjkkdlQ+AYP1IEzz9I7pz36Gp1LTukLT6qDlzwNhoTMQ7Tvlay10ENLG17owXAKPQW5rAMt2+6bcrzS2xpGrWW9sqZLliCyyxuN2iooC+UgDsM7rzXqDqmquEroad5DW7HBUW+3+qu0hZG4taTgb9kK324aBkZz39ShlJgxk5PArZbHVDhPOMkcArY2mymXzyOx7YXbJZjLjyacDbK2dBbvlIxsN/bdZbHlnS0+lcnlka22uGA6tOccBW0ULewwnRwejcIrAGHcJcmdujTqCOww5OcI7WhoPdR6iqjpWFxIz91UyT3K7SCnp2+HE7cyHsEhybNaSiTKy8U8LNDDrnJwGD1TGW2qry0XDDYzvpBU6gstNSzCd7fEfjAJ9fVWZGXbDJKCb/AESSyDpqaKGJsULA1jRjZHAwMN3PZMlnhgGJHafZU8tVcLhqhoWuhjPMrhg/kkTe0hZVd1ho4yZRmQcsChRQXK5/7w+d0FO7iIHDvzUqkt0cDAJB4jhy52+VPaQ3ss7k2XGICnpYadjQxnmHLu5UhJJCEPXRyuJKmWlkK0gBO1eyCOU/IDUDZYTI9Usj1QCTnlcycZyqIfLiSSROF9qP5uDiRjlDJwcphlwgunGCo3gELJNgYwo0k2BuUGWpycBR3Fx7pUrMG/SaC3VTxBBX1GcgFRnOc4nHBSAcTueUdsQwDhZ7LvR7rxX0x/XZyRwwkgkIrIxkZCIGDOyK1gCyzuye30nioU84ONiGNl0ANOe4XTIAMBBdIcHGf1WWdueDr1VRjwgpqO2lCdKX4HCGNTjwitYUpts0xjg5jO+U9rACnhm+AiiMY4yhCGta3SNk4NAOQF1ccCoQRIwmPcI8ZTZaiOFhcXb9gq2apfPs48JkIORk1GqhSsyYSvrNZ8GE7DkqPEMYzumsAByVWXO9xUYd4b92/uVpjVhZZ5rW+Ti/vkyfV18NBGZJCPYZ7rD3u/T3AOawlhJIz7eijXG6z1kplkccHgeird3OJzyhaweV1fkbNQ2lxEaxjtXqVKjYdlyKMbe/dSo4xgbJkINnJlPA0Rgb4xhEDMu5RBG4p4b7J8Y4FSk2cAGEMkhEJGEJ3KaUo5GveTsNlx24SITQcqDNiRzB157Ig4XBuc4T8bYUKazwNTXuAGUx78cd0I5zlQJIdJIXcBCe4gYaMkrs0zGMyeew9UqSlfJmSQ4zwChayW3gEIJZnDxNmdx6qWxrYxsugadgUx7y4qbcdlKWTjnHJ3TSQE4kYQsEnAVYxwMGvcXHAXY2EnhFbASM42RGRd+MKkim8HGtAARXNABKQ22wmHZG1gpSyNPKYnJqEISbpHZNDXA5wkTgZVylggiEF0oAOAkZORhBOOcpUpYDjHInSHhRp37YHdKaQA4CjalmlPcPjHAi4lcSTmg5QDujgBypTQAwJMY3GcJoGfyUA/IbjfKfhunPddJZue6EScqEEedlxJJQgsb5S2IIyEicBAycqMgTv90aGMlwKFGC5wCsqODTjUEVcMsXOW1B6eINYDhSHYASaAAMBBmcAFo/Ayt7mBnkwdiuNdq7IZOSU6PurNEFgakkkhl0WPSbDrIDeT+6XJWw6C6YN1uLKiRrtDTgbLBfLJ2vFaOWqtVUVyzUfDDo4yPZXSQ5xjJcF7ZFEymiayNoa1o7KBZrXDQ07IYowA0DV7lQutL7/DYfl4CNRbl2CuZOXOWfXfH6aHjqlBLkzXWvUE0kjqeOXfjAKpenbaKqX5uoGRnYlVxEtdVAOJe+V3K2tHQtpKdkYHAWayW42KDts3lh4gY0YwMdigT1mkdv1QZnhgOSVXy1BcdIHOyzTlg6kGyTJVPncA0YyrWgomDTgZedyUK228wQtknaC47jPZXVBTujcJns2PAKWaoLgNDTHSMhPqquK3wmSQduMoxeG7gLFdS3aSWodBE/ygYRFW3RpjllTf75PXzuY1/lzjbspvSnTktTKK6fAazdrXDP5qFarQ65VbMDZhBd7r0qjpWUsLY2MAACXOW0TpaVqJ/LMPCfl4Aw4JAUCqmMrw0cBHqpseUBR2DfJCxX2po79UAlNEcjLc5V9RUehoke3c8D0US2Uj3ESOGAPVSqyqMbgxhztuuXbPea4rYOLvHqW024YT5sd/ZWehsTQ1oAA4A7KNaoA5nzbxyEd+p52BXKssbk0Phwhjaf5mcNzgK5ggaxgY1oACbRUjYWanbucjueIxhZZTyPTyDc/wAIZ2Weu1yzJpblyfd7o4EwtOMKkj8Wpm1Z/XsllkyHMztZCljDW4QYQ2NuwTXv7lUEGJ5JKk0EfzMpaW5A5UKNrpjgArQ0cMdJACGjJ3JS7H+hyW4LLNFRwZdgADYBVUBqLjUFgb5T+yHUSzV1UIxnc4AWqtdrhpoWgM83JJSnyFjAWioYqKEMY0ZxuVKJx2S2Gx2VLf8AqKC2QOiEmJXjYJclnopvBD6o6obQMdSUjtU7mkf8vuvPXvfI8ySO1OduSUeed1VK6WQkuccklC0+6bCODNZPdwNaCSMBWVDSPkLfLjuSUCipnzSgNHHJK0EUHhtAAx7preCQg28j44ywBoGVc0dMIGa3Y1OQLdTNcDUSNzjZuVO2CROW41pcCJwqy/XL5WmPn0aufcKVXTinhMvovObxd6i4VTi5x0g4AB2WiqvPIi+WB1Vc/mHERjA91Akdl2cblDLtPZTKOne45IWlRUTL+TC2+gMpE02zRuB6q2c/U3AGAEOCN+A0BaHpnp991qml7Mwg4Oe6XZZGuO6Q6KwTeielhcqgXGqi1xsdhgPGfVeswxMhjDIwAAFFt9FBQwMghia1rRgAKewEnYLz2q1HySyEPDcbojQc8JzGcEhFaBhc+UxcngQ4T0k/sFQDlgSSSShQ9JJJQgkkklCBCRg7hAPKWT6pii4IJJJJQg1JJczhQsRXnPxFvdVW3CLoywP1TVA/3uUf8JvduVpOteox07bg+JmurqAY6ZhP1SHYfpkFZnpKzPttKam4HxayoOuSR+7ifcrRVDIRbWW009ht0VBC0EsG7h3K7cqxlNFqcRuDhEnk1Ak7Y3WSulwNVVEA+RnlAWqEeRkINgXymWRz375UyzUU1VWNcM+G05cQo1JTSVkwijHPJW4t1FFRwNijYBgbnuSmTxgaSqaNkTAyNuGjhGdwEmAAbJj+VlbGx5ZzJQtPuujkrpOVEsjnLajgGE1xyE8lRKupEcesdkyMclNlde7g6FvgRO87hv8AZUlPC6Z+c7nuu1c7p53PO+TsrS2UfhNBeAS7da4rBFLJOoImQxtDWbnkqa4NDckj9UFrWsZn0UGtqyY/BjyXu4Cg07O51dKIIvoacud2+ynNYxo8rcYACj0kPgQAEeZ27kZ8gaCoTAKeQjYFQSS479iizu1HYoQ2RwhllN4HqBd65lBT+I52DjYeqlTTiIZ24yvOr9daitq3gyHS0kADhdnRaR2ySZh1eo+KOSLWVL6qZ0jnE5JO6ju3IOUzPOSmZxk5yvXVaeMIqMTy1lsrp7pBXyeG3bZS7bAX4lcNlAijdV1IiAOARlaSCAQsDQ0DCa4qJcY55HNdzsoVyrHQQksxlS53thidI87AZWWqauSomc4nLeygzoBO99VKXuHPZPiiEYzhEYxoGSN00v1HAGyfDgRNZHaNWwVtRxtgYNMY3G+VGooHSO4VnI1oiyBxsilLAdcMkeVxf5WjCc1oABOy6xgO5UKvqmty1vZXD7pJFXPZDIG41weTBA7jkqA3DcuOAU10uXE+qxnXfVYtMHy8J/mEHYFdvSaRzkjynlfK1aSp229Iovib1lKyX+D0D8OLfOQey8xALyT3PJRJ5Zqyd9RM9znvOoknJRoKcuI2XqdNp1FJH57815e3yeod1n/RekjkEXmGQrmkoXzgFoGEO320zycbD9Ar4sihY2CBvG33K6ddaijz1lrfBwlrI208W2NiVBuMxpGiGFwM8o2Hopdwlp7TTOlmkzUHZseO6J03ZpK3TdK0Zc85Grt7BVOW3g16DRz1c8ImdL2ABvztZH5ucHur6vukNFTl7wABsAlVVcdHTE40sYMled3vqB1wqXsZJljOwOAFkvsWMs97VXDT1qMVyK8XiW4yvDZSGt752AWGvXUBm1UNH9A2e/8AqPsgdQdRCdxt9vOGtOJJB39gqumi8uSF53yGrz9lbLc3N4ONaS7OFNiaB2Q42gHhGZyuI032aqYh42AhPlaA3ZOiB08IhGVMYNyh9pVzAZwhtRKjPju9EPOCl+sGaawwkR3HupZOWDKiD6gpsGSAFcHyOqWeCHKzzZIUWpaNjhWE4AIUaYAgFbqn7MeqTacStLd901HcN9gmPafRPbysHClHDwNZypDTqGFHapUDdRVBVvMsDTGMcKNLEc5AU8xkd0GaPIGFf+BllWSKMdk5pOU0swcpJif6MsljgOWhzcoLCWP0FOY4t2O67I0F3iaeUSAwELQ5uQo5GDjGESJxbsd0pmF3AUSJ12R2fUFJBGOVG0O9E4B4OefzVhskJJjXY2T1CjmAhkHKOmYCpkAtUiI4wAEzHuuatB9UnDyRcckwEOaQAgOjOeEamc12xRZKcOG3dGnwOS3LkhFrcILTg5Uh8J3KjujcDsgTwJnBok09SSQCFLlbloLVVNJ1A+inwTgjB7LVCe4TNYCMkGQ3hTG4DQQcqA9p7IsEucMPKfCX7Eyj+g8pDjsmR5zyn4yuacIwQw4SIymNIBxlFHCaLXBHfGCc4UaQFh4Vg5vuo8jMjOMpNlYcZEVqc8NI2TJGlp24SYdkge3gE+MDcBDHlPKlO8wUZ0Ryga4LUskinqMHBAwpwc2Ro4VSRjCPBUluARsrhPkGyGeiXNHpwQOEmyh+BhPY9rhgjKBLC9j9bCcHdOxxkS1wGfGMbIIOOQjRvy0Bw5TiwKJgPMeSO1M06vKThSCD2GUzDu4QSTCjIawFmHAKVBWgEB36IKQjaRwopSiy5VqRbU8rZgSFLG/Cz7HywuBYcAe6saO5iRzWOOfVaY3ccmWytx6J+CE5OBa/gcJaHN4CankRnPA0DOU2WkbK3Dht3RmbnKLpGMKsZAU2nwZ6vtr43B0A43Q6Wq0ENndx+S0rWtzuFArrPBUPMsQ0n0QSrxyh8L9yxIjNdHMPLuEGemDu3KGHPoZND4yWhWMLmVDAWpTipBqW3lFNNTPiOQF2E42cFbSRNIIwoFTRSDzRjIS5xlDlDFYp9jMA8FcLMjGUFkj4HYeFLbK1ypS3dhKWOiKYgd8IJ2KmkbfdMMR5wi6KyCTA1wOcZRCMLuAhayNTOZ2xhNdECPKN0/T7pB2/CoYwGmWN2SzZFa/UNhhG2c3BCGYN8+qgCYahqqihkEtNM5jvY4W3s/VdDWMFPcR4T8Y19isHjCcQTwVabXRr0+plp5blz/b0en3Dphsw8Wlf4co38u2VAorw+3vNDdYydO2SOQqXp3rWvtDI6apPjws5zyR2GfZb59NZeqaJk8RjOsfmCic5f1HYo2WP5tHJQs/5fTKmo6cjrmfOWU4Lty0O7qHBcGQuNFcjokB0+bunyMuvS9R4XiOMOctd7K2ko7R1VTeI9rW1QGzgcZK0JbefRcbFqc1pbbV2n7/wU1ZYqWpaXxgAkbELLXG3yUU2lzCPTK0xnutglNLcqV7omnDXjc4Vu6noL3RYOk6hlru4KlkP0YnTHUfZ+M16Z55DOWuweysmTB7BgAgo936alogXaSW9nNWf1VNLIRrO37rNOJkj8lDxNG46V63vvR1zbcrTPhx2fGfpeF9KdDfEyyddU4dTNdT1bWjxYZNjq74C+SaeUTRh/wCqnUNbVW6rjraSd8UkW7XMdpIKw2V55R7bwH1PbopKFvMP/Q+03MwkvKfhz8bKW/MitfUsrYKpo0iYnZ/pn3Xq3O44WOVeWfWtDr6fIVK2l8CSSSQtG/KkCmpoaiMxTxtkYdi1wyFkLz0SdTqizuZGOTCdh+S2hICiySF54xhEpyg+Gc/V+Pq1UXuXJ5TNHpc6nrItL27EELHdQ9DUtxc+pow2N7uR2XvNfaqG4sLaqBpd2eBhw/NYm+9M3C2jxqeP5mlJ84b9QC11254Z4/yXhXGt8ZPnKrp66xVLqeZhbg4BxsVY2u7DbGWvb3zyvSrtabbd4nMfCH6eWvHmavML/wBP1ViqHPja51O45afRaFJM8TZpbKXwj0fpvrgOxTV79tg05W5p6yKox4TtWV860twjJaHOIcO63nTHWjKJzY6kFzSNOcq8o16bUN4hYestAcOQk5pGHBV1vuMNXE2WJ2c74yrNkgfjZRScejpRiphoagSjwZ+eAUwMqaCpbUUziWg509ik6IPbkDC5HNIw6Scgditmm1llUstnnPL+Bq1cW8Gmt17p7w35OrbokxsT6qwop6qw1GC4vgd29ljHeFJhwGl3qFe22/tkibb7gNR4Y8rsV3xuXJ8h8v8AT1mkm5QPQ6C4Ul0iIixkDcFQ62AwOwW7HghZyGWS2TtqKV5GeR2K2Frraa8wZIaXgeZpWTV0J9GfxuqnTNRRSEYOW7ZC48a8ODg2RvB9VZV1uNNKQB5XcKslhc0ryHk9DXNZSPrn0/5xwwskumrWuwybZ42yp0czSMAjBVCMA41blSoKpsLgJCvBa/QSrbbPs3jdZ/ISYrzZ462MyMaA/HbusNU0U9sqjNDlj2nOQvSoqlr2juq672mKujc9jQHLgW0PB6Guz0O6X65jMUcVY7EjTjK9XtlfQ9SUPyFwDSC3DHk8L5ymon0c7g4YwtZ0z1JVse2nEpa5oyDnlYpRcHyLv0/yLdHho9VpZ67pCtNFW6pKF7vK476VZ1lIx4FdRkPhk327KLaLrR9RW8W+4lplAwHFNop6npmrdR1QMlHIcAncBPpudff4nBtju4/qPN/jJ8LaH4iWGSIQs+aia7Q7G5X569f9D3Toy7S0lXSuYA4gbcr9Wq+hDP8AfaMh8L9yAvFPjp8FLZ8RLM6qpKZgrIT4mAN3EdvuvX+P1stJjHRyfJePhr6XW/y9H50sfkcI7XeyndSdN13TF2ntNxjLZYydiMbKqc8sIwM5X0DR6iOohuifJvIaCejnsn2iaJNxujMfkKvD9WCpML+Mrcnk41kMEtJNDhhdyEwThj08HCEnKNZKCg5/JPpp3007JWnGDuhLpHO6z2171gtPa8no1qrW1NMx4IJxurKOQY+6wXTdwdBMKeR3ld7rZRTHYFeT8hR8Uz3nhtb89SZIqImTMLHj7FR7XWzUdSGhx0E4wVJa4HcqNVQ6neJG3GTlcW6pTR6rS6lxkmbaCQlod6jKmQvw4HCynT90e7/dZn5x9JK0cbwCNlxrq8SwerptjZFOLNLbKssGnIWjpZy8DcLD0lQGkEFaC3VzXAAlc+2vB2tNdxhlncqP5pmtg8w/dVbCW+R2xHYq8ppxjcZVbcYNDvmGDZx39kqOc8mubWMkSVxGMKNOARkjKPr1nGEJzS3bHK119ma37+zJX21GfUG7Fy84vlv8IlwYW4OCMd17LV0+s50rDdTWw6nnRnUV6LxutVUlGR5HzPjndHdE8vrKYndo7eqhwu0MDHdloaylMTtL2/ZUVVTaJC5vBK9no9XXOW3J8k8z46yEtyBzQNlGRsqyaExuKsopCdiE2eAPwQunKKfR5lNp4ZXRHQ4EcrW9PXZ8+aWZ2XMGW78rKyt0cBNp55qeUTRPLXArnanT71wdLQ62WknmJ6tbK6NswilOM8K6qYnA+PFnA32Xn1uvTKqFrnbPGxWxst3EkQjncCOF5/U6WUOWfR/G+ShfFRb5NhYL42Vgpah2CNmkrSQ1UkR8rtvuvPJoXROFRAffZaCyXoTtFPO/DhsCVxranzJHrNLq8S+GffouL/YKe60xniYNZGSAvMqylmt9SYntIAOAvW6WpIaGE7Kn6o6bhusBnp2gStGSB3Sk/wBj9TS2tyMfZ7tNTytAf5e4ytvbrtq01FO7BHbK83dFLQ1HhyNLS3ZXdFWmIB7ScHfY4SrKlIDS6t1v72e02e6irgaZXDWOVa64agGF/pyvJrXd3agYpXMkHvsVvbZeYauBr9w8bPB9VxNVpGnlHptHrY2rlls11Rapm1FO4lud8Fa23XmOugbIweYbOCykNS2QAO3+6JDrpZjJTSFgdvgHuuTZU0zqQsRu6ao8Q4I39EeRmwcAstR3SVzR4mAR3HKuaa4Odhkh27ZWWUcD08ltTSaSNwSFn+prKDObtQwgbZmYBye7lbAnOpjiCisnP0yDI9UVdjg+wZLKMXppa+DQx2Tj8wVU1FKYHFjxt2z3WlvtsjttR/E6RhbC4/zmjge4TGQwVkYdgOY8ZafZdOm9PlMy2U5PnP4yfBSHqCOTqLp2LTcW+aaMDeo+5/8Al5XzVUUlRQzyUtTE6OSM6XNcMEFfoRcLc+meRjLDwfReO/Fz4PUfVtNLeLLCI7kwatIGTL9z/wCi9r4LzXxP4rD5p9WfSsdXF30L7/7I+WEVhAzkrtzt9xs1Y+hudK6CaNxaWu9kAu1EY2X0aqzeuD43fp7NPP47E0wyegjhPWuMciR6SYkp0CPSSSUIJFQkVQtCXRyuJKFhhjCEeUsn1XFbZSWBJLnij0S8UeiovItDfROG64ujlTBBwb7JafZdBGF3IV4QvIPG+EsFOHKM0MxupgqMsgADlGa0Hlc8qf8ASmRiBwDSTk7S70T4xyX2NXWjJxnCKGkJYI5TYxbKzgd4eRlNa0gojY3HBxt908Mx2TlD9C3MY0OONkZm2F0MPYLoBymxgBuHgDA2RC0DskDgDZFGyalgXOYNsZyjNbsNsJA7fSuhxJxhOWDNKTY8NRQzBzlCDcovhn1/ZMLY8HHZLV7JEYHKadP4nqm8FJNjsFIDJwgSVsMexfkqFU3bIxCVTtiuwlCUi1JEY1HZCkuFOwEA5P3VI6pq5js7lBFLUvdlzcJMr9/EA40qL5LCouRJ/ltUNxq6knDchSaeiO2sFS2weFs0IYxss/IY3GP4or47c55BqG4IUmOBjeylrgYStMKdvIuVkmMa0NGAnYOUZlOXFSGRMY3zMBKZn9CW3kFFTkjUdkaKIZxnCNDCZH4A8o3KNNPQ0LdeoF3ZBKW0ZFZE2JlPC6aV+kjj3VVXXh80ZiikUa43aerOguwwcAKsmma0ANAJws1l8V2PjANNO2FhzuSoTpnPOo8LrsvOSd03w/dYp3bhqjg6fuuJYKI1pBAS0shuSQ5owOEUDskGAAJwatEYiZSyd8PjZGbFpOUomFFa3cdk6KyA5YOhgwitbgp7YyQMb5RGMyU6KEymPibgIzQMJNAA2XU2LwZpSyOxhdSSVtgDk179AzhcfIGjlZu79QiEup/F57rPddCmOZGiiiVr4JN5v0cMb4434A2JHf2Cw9ZVyVchc/6ewXayrdUyEuO2dggEryWt1ktRJqLPQabT/EuQZ3SSTmjJXLbwb4R3PCOxtLjnCM1oG5CexoaBsnDdJlM306dvlnOEaCEvKUcLnnYKwpacsxkLO5bng61GlcuENhi04HdbrpHpaaqkZPNGN8YBUTpjpl9dOyWRm2dsr1u322ChgaxrBqARwr9nrvE+N4UrF0SKKIUlOIdtguOldK7SNkyR5JwFIoIS8k6U49VBY4QelidsS3CsYxoA2TY2tY0Zbwul5GAAjNUVwFTdzsuA5CdkIc5GjmxgdkpCGNxkYXS/SqW5V/iONPA7/mKqUsdEbwiPdKoV0ogjcQG7Eo1BRsiLdTcgcD3St9uDnmSQbhXkbAxoGgbKLkTjcxsceBnGEVOwAm5woGN37lJuM8pjngbLkYcSpkJ9BXENaoMz3HtlS5hsN1H0+6dEVJZBwBxdk91YMa0NUeNoBGyICc8o5SwFGOWSI9sp5lzsGprGOcMeqsKK2uc4H1QdmqESNT081RK1rWLQUlAyFgyMlqfSUrKY68AZHqqHqbqmKhjMUO57kFXJYLnZ8fJY3jqCG207mtcNXGxWAqq6e5VBe7IaeEE1E9wkMkhyDuArKgoyckM4VClKd7wDoLUHuDy0lbSy9PNw2aQDAHlaQu2WyOaxrngb749lrqKgMbQ53fj2WeyeODraPSSzmRylpGsA8gbj0Vi1o29k1kQAwClLK2FuXnbusspZO3VVsQdunG2FWVt1iZJ4EA1zD8KA6snrJhHSAljuXKyobXBSzGdzQ6R3c9kqVmOzUuCBR2uorpRU12dB4bnhX1PTtp4wxgAGUUYcM42CBXXGmt8JnmlDWjvlJlPITZMw1rd9lV1t1cw6KEa5+2OFCZU3DqAFkREVFwZOHu/5VZ0lvhomBrDqPqeUpzI+SNFQVUpEtwkDnu3wOytIoRG0Dsu6RkH0TxskzluDSHADCGAdRPYlcaTqG5RQBhAGdHukklyCRvhQg9JBkq4If76QMHqSor7sZDpoKOWpJ4cweT9UMnghYYOM4QJq6mhOmadkZ5w44QI7beq9wdU1/wArGfwRjLv17KXT9OWuJ4me01ErTnVUfzN/zQEIpugkyyhp5KiQejfKfzR46K+1zA2oZFS5/p3cB7/hV3FGyMeRjW/8owiNJHJKhD5BfNnGyFJMMdlHfUNxsoz5SSvs7mkfzhqqlc9sCQ6Y5OFFc9xzslr9khk9lmttPVeM+nZWf6lqBEOJySjNYMDZd0d8Lug+n7rLK79n0Txnh4URUsDdDQnAZXEjwUic20d6FKr6HGQc4/dDMhxp7Jmkk8ojYieyQ2aEsnGkn809keNyERkZAzp/dEY0tzkIJRyNUcAgxoRg0DgLqeqCGJx2SQnTAN4RRjkGUlHsc6UDKjVNU3TgINTVKC6UuJJT4UuTOR5Dy0NNFqLOzzOkd9k0YGSTgIUs3h/5rN33qNgDqSnccjZxHqtUalWsnidZ5h2Zw+WTLvf4Icwxu+5BWSqKp0uxORnZAMvinJ3+6a1pJ9kM36OJdbK17pM6DlPY3JT2RZBRood8kK4wz2JlLByOEjfHKkxjBT2sAAwu6fdOjHBnlJseA3ShOI33SJ7ZQCTnlGRLkTnEJi65cUHx4Qk4DCfjCR2UBnMHp91xzsDhdJx2SIx3ULAhpJyUOpcGtwMJ75cZDQnU1MJAJH53V4yE3gDTUZkLZ528cBTn4YNgneVgAHCE857Khb+8EScpp4XSMLh3VyWQgHmc4gFHiixg4XWRYIcRsijAGMKlEtvA5rMdsLrgAM4XdXsuOORwrwLk2wThg4CGiP8AqKGqLQk1OTVTeBiFkeiA5+QUUu24UWR2cjHdZ5vc8DEsg3HdAmd5eU5zhnOVGmPG6TOZojHANxJO64NksFdAOUAwcBlPwGpDyhNG/wCSogRJIbJKEG5K4kkoQSSSTvK37qN4INeM8IYbk4ylk5KkQREnJCFJzZTeA1HBl4yNgrNrQDsgwRaRwj4xvlaYLaZpvcP/AAqHOTnGUeZwAwCoZ5Ka5ZBhH2JJJcO6pjuhZC7jKGAc8qbRwOnlEYbknhZLrcI36PTK6WSZYLRLebjFSRtJ1OGfsvo/o7peltlGzRAA4Ab4WN+GfRDqNra2oj/mu3z6D2/deuU8Ap4g0DjkrnW2ZPqv0/4mOlrV0l9xFulbDaaB80jdx7rx+73Se6VkkgzpJ7nstF111DJV1poad+I4xh2DyVQWmkE0gBbnUVhskduTcrdpb2G1xxMbUyNzI4bZ7K5mmDG7nK5ExsUQaBjAwq6unIeGNPus+TfCO1HKmpL8taVPsNt8fXWzsy1hw0H1UO22ua41LY4gQ3l7uwWze2Knp2UcbAHYAwOyRM30wzHIOCJ1TIA1uA3k9lZybNGfwp8ETKWnADcbb+pKrrpcY6amfrOCc4Qjm9hVdSXn5WM08DwJHDfHZY2MOqagNeSS47lOqqiSpmdI9xJJ7q+6dtOrFQ9md+SrlLBkad08l9ZbZFRwNexu+N1aPm8MfSFyJrWRnAwAFEnl35WS+R1NNSorAnOdI/UTlS6OmNS4NaOOSgUzPEI99lp6KjipoWgNGojJK5d88nWqh+wUsgpaYtGxAxlRLXTPr6rBBc0blDnMtZVeCCTk6QAtTb6CG3UrY2Nw8jLj7rnWzHpYYjE2NojY0BoGAAn0sPm1Y4S3dMGAbFWEMYYAcLnzeRyWRNLWsw4gLPXu8sizBC7LuCVKvNzip2nDt+BjuVjZpzNKXZJz6pPORnCQ90ksj8uy4/dToWeGwDudyo1K0OaDhStmhW3kiQQux3Q2F0sgaBsuta6fBarChpcyNaGjJylSe1DoxyTLbbyWa3kD0CVxqnNxTxu3POFIqp20FLsNzndCsdB85I+tnBIztlZ28hlnY7W2NjZ5G5e7ueyvwGsbhoCjsI0kAYTKmqjooXTzuwxvJVSZb45I14uTLZSuqH4JA2GV5dX3CW41LqidxcXE49h6KZ1Bfai71LmteRC0nAVUG4GwTK455ZmsnngI1SqamMxHKBExznYAV7bqZ0bQ57Rk9k3oqEcvJJpKZkbGhrAMfurGnpmyvAdwN0GNuSGgYyremgbEwHG5SZSya4pRR0AABrRgDgIU8mgZUl52KxfV/UDaXFHE7L3DJwUVccsk7I1xbZWdUX+eeX5KCTGedJ7KiawYGShRed5lfnPupVJSy18ojiH3K2L7UctTlZJyY6hpHVMwaG5x39FpIKJrGNY1vA5CPbbUKWMN0jflXlrtL6uYMY3bO5SLtQodGquGSLaLLLXziGKPA5c48AL0+z2iC207WMY0EBBt1pjo4gyJoyeSriCM4GVxdVfK6XI3GA8YGRkbKVC0DshxNwPdGZkHhc2yfOAG8BQBgbLo5XWnI4XVSM83kcOF1JJQEekkkoEMSSSUIJJJJQgkkklCDEkklCCUS6VsNupHVs7gI2cklSyQOSvMeuLzJfLmOnrdMfCaP5pB/EmVRcpYGwWSttfzXVl6d1LcCfAjP+7xvG4HZa1jyVHoKRlvooqZjRlrRlcrqyOkp3SvcAQNl0owS4HfH7K7qO5uhaKSB+HOGXEenos7AwyOGNyVx80lbO5+5yc7rUdOWRxAqJohjsCia2oKLUSzsFoFDAJJgDI/f7K4H1Bc+kAAJNOXBZ5SyGHb9KA7lOecDlDAJylMOK45HrjV1NAyCmQKl2ckeGj1WRvNxm8wBwM4wCrK83N1PqiacH1VDBG6rmL5fMBwCnxiMJ1sp2vAqJW5/pHuruAHOVFo4PKMjAHAU7aNuR6JhEhtZMyCEl7senuotAwTO+Ye3jhQ3iW41WS7yRnjsraNoaMAYVjUghIwotS7GN0UnA5UGY6ttRVoN8DC8k4xlJxABJOFxgIOSOVCvFwipYS0nJwtunodssIRZYoLJQ9UXnYQU79xsTlZBzi5xcTklFraw1NQ9x4ygEjC9jo9Kqoo8lq9XKybTBzv04wUNjnOJxyhzEuPKsLRQSzSh+MDldL8UZK3llrZKMQw+K9vmcrGV7Yxk4ATQA0Y4VZd6tpAga7DsZKD8jUuEQrpWyVExia7EY9O6iNhAAJT2R6jlJ4DW4TFHHALe4DJtsEekhLnZIQGsJeMK3oafABI3UlLaUotsLC0Rt2TwdWxScMn7JsrvDbnCizYxnEUDqpWwx5LueAqCsqdT8NUq51JfpHoqOsqYqeN0szuF2vH6NWy+4835jyEa1hMj369QWahNZMNXZrAcFx9F4Zc7pU3aqdU1Dy7J2yVa9b9Uuv1cGUpc2nhy0b/AFe6oKeFzzuvV6XSKHB8C+qfPT19vw1/hF/9zsUWTjBVpQ0uv8PC7SUWsDbCuWMZDG0NYNh2XXrrweIttyxROZTRBjGYON/dTI5Ka2UxutzAaG7xtPJT6KmjDXVtY3TFC0u39lStbN1leT4rnCghHlaBgEBObwN0mmnq57YhrPa5+o7g+8XBpbBnLGnuOy2RMdNGI4mgMA2ATWNipaT5WBga3AAwsp1b1I23xfLMeQ8jfCx3TT4Pe6TTQ0sMRK/q+/zVNSLdSPx2dg8Lzzqm9sjb/DLdJxtNKO/sFI6gvbLZTGNs2ayq3Odzg/5LKMhkkd4rjzvuuDrdS3mCDstbY6nhIbqcNzupse2AmMADQ3HCI05K4jjnkut5CHlSYeQhNHCkREDBHO6VN7Tp0kyNowNkncLsfAXdJIS2+ToJcFZWjcnCi7jfHKsa6PMRPdQWnbGMYV9mW3sQ5VhS4LcEqvHKlUpwRkoI9l1hZ48nKgTjCttOpuCoFVFjstUANVUnHJXubwcrkzQWomcHC47jZaDg2QILhhyl0r9BCC7lIc84RZMkZbJbixcQQMIWMjGEoTsN0TlRvBvz8kU0Q5o8DIUVzDk7q1MQIOWqLNEeWhCpYYm6nCyRQMOCkDBGMoGnB5Tm88p8HhGGSyOc3BRRhwxhNwHN5TWnS7fsmRkLbGyM0kYamOwRwpTsOAOOEBxxthWWnkDggqUzBaBlMLW4OyEMg5UGkwMB4SdHgJkT89lIjPGAoWkRHMLUPRnzKdPHkbBAZzuqaJhg4nujcB2U+OpD2gKFO0fh2TKd2l25S2sMbGW0sHx+IchBkhwMgKTEdTQU5zCQhfIxrfyVhZulHlhUiSLfYKO5hBVp7GZrIZJQk1AZCaSWSNcOEKKTB4Uo4kblaoy3cmWSwSqeQSDJCI9gA2KgMf4Tvupkbw5ucp0JZ4AksDMuD8dkVvCZMzgBKPIHmTuhAdMe3PdOyF1RrJaeCHLEOzc/mozmlhxhWTmZCjyw57JNlf6GRlkjg5XHNBCbpIKeOEgNcMivBYeENrjklTnta9pOOyilgafpQD1JMNTVDi4NI4VkcPYFUM8pyFKhqsYDk2Fi6YmyPPAZ7XNOQNk9kwI0nCdqa9uMKO5jmu1Bv7o29vQt4fZLbgprmBMglB2IwpAAOMd0XEkA0R9BTWgg4ypOgIbmZBGEE62uURy2nMAjdDa10Z1tGFzS4HlFa5pwHBLTZHLBLoLnolEUx57q7DmyAYHKzL6aN2HRjBUm33CSnkEFQTgbArRCTXDM9tak90S7eCzBATopA44Oy7FM14B0ghMlptTtUYwtK/aMUouPZI0ehyuaR6oEdQYxolHtlS4dMgy0g5RpqQDbREqqOKoHmaMnuqOalnoJdUbnBv6haoRA8oEtL4jSHNS51foZXa1w+iriqY5wMnBRdBIxlBq7a6IGSHPuFykqtxFL9Q4KTjHDGqSf4g6u3MkGpw3VY9stO/Dm7dlpfK8Ywgz0DZh5sb+yXOteg42tPDKeOUvwMI5ZkKNVQVFJKRpw3sRxhEpaprzofs5DgbnPKGvhOdm/uguBaQFZAMJ+yBPFkZAVtDITwRdOyWn3SLHNO6chww8jdwnMk3wQnDSTumyxcaQoA3ydLA8bEfqmYKb5mYKd4g9EOQk8jlIorrX2uYT0Muh3vwUAHKTm6laW4mXHk9e6Z6ysXVEf8MuhbFUhuwe0EPHsm3jpKotbv4tY5dTGnL2N3yF48WAcL0bo74mOt0TbXfGh1IBpbKXbt9j6q1KUeEd/T6zT+Qj8Wr+2S/GS4/7l3b7na+p2G13in8OoAxG9x5Poq2tslw6Ul+Yjk8ejc7sN2/da+v6bs/U1KbhZ6keM5ups8e3ieip6Srr7Gxtm6jjM1JJlrJSOPunRnxyabob8Q1D+5dWL/wBGRqG5UlwYWuc0+oduFUXfpLxS6eiLXNO+j/ore8dOspdNys+8D9wR9LkO23YF4inGAqcclTanL4dSufT/AGjz6WGqoJizBGk7j0UqnrGTDw3DDl6FcrLbbtGZoC10gGXADBWBudjqKKd2hpwDkHCzyjkxS01lL+3mPoewaTsvUvhz8aazp5zLZ1Q+WpoDhrZxuYjnvk8LySCd2rw5hh3r6qRqyNis8qf0dTxfldR421Tqf/Q+16C42660kdbbKttRDK0Oa9vGCjnhfJnQfxKvfQs4ZBI6ooifNTuPlX010j1lYus7Yy42aqa8EeePPmYfQrHODifXvD/UOn8p9q4l+i1OfyQVKI9kF4WWUss9H3wAeNwnRyQyZjyHDuE17S3kIEkRB8WLZw7BOTaM84r2VHUXRdFc2Ca0RNp6tuXHGwePReY3yyVVKXU9zo8N3HmbkFe101Vl+mQaXdilc7PR3mDwK5mWfumRsaPOeS8PDUSzA+UL/wBHwxh1TQtLTzgcLNQTT0s3hSZ29V9BdV9C1VmDp4f59I44GAS5n3Xlt/6UFS50kADXcrSp5R4rWeOeknjATp3quWg0F8mQP3XqNm6gpa6ESA4OOF88yfNW6Z0UmRpOCCtR0z1K+me1j35Yex7K1PdwLqu2cM96jqg8ZAGCulvfgFZTp/qOnqgIXSD23WrhnbM0aPzRpY6NkLFI4A4H7p2MEOO5HCKQ0AbZQiQ3stdGocTHrPGUaxPci8tt0Dm/K1ZyOGuPZWMF0daJ2zskI3/VZZjsnhWtDWQTsNJWYIcMNcey3K9WLDPmXmPpadE3Zp1yj1W23Gg6ioAA5viY/MFU9zpn0T9Erdux9Vhoa+t6cq2SxOLoic7ei9Ft96oOoqBjXlviY2OdwVg1Wn3Iw+NnOmf+osNGXrhrYZqUapI/2TLdXNrhpfhsrNiD3Vhc6CW3TeLGMg8+hCpa+ic8ivoDpkbu5oXndfpI2Qw0fZvp7yexLkvoZjDj3UtkwcAdslZ+guLatgY/yys5Hqp0c5BC8TqdI4SwfTtJdG6O5B62309XkuYNR7rNVdK6hm8SElpaVqGTeqHcbcyujBYQHYXF1Gl/RuWGsEOx9T1EEzHOlwW+69hsF+oeoKIUdaWl5GGuK+fLhR1FJMRggsP6q36e6knppGDxSHM91z3BwfIq/SK6L28SPcfFqLBP8vO0yUkh29k+qpGOZ81SkPieNx6KJ0x1LQ9QUYoa5zC8jDXH1UueGp6fm0kGWlefyC2U3NddHnLa5Uy2z/I+d/7RfwEt/XVtfebPStjuUTXOy0YLl8J3m0V9luEttuVO6GaF2CCOV+u0lPBUR+LCA6OQbj0Xy9/aS/s90vUVK++2OlaysYC46RjUvWeJ8i6ZqMpHC8x4uOug5Rj9x8PI0bsHPoh1lLW2ytkoK6B0UsZLSHD0SY/Izjle8o1UbOj5Zr9HPSz2yRLa4nuiNJPdRmcojVtTyctxwyTkeqWQh5KQzkbowGg66uDhdygfKFx4fIRjnMIe04IWysde6WnAmeC4bBYzB47KfbKowzDznSVzNZpo2weUdPx2r/jWpZ7PQGOyNiAjxhr9n43VbRzCRgdnlSml2Rgryd1TjJxPe6bUZ5Ix8ShrC9h2Bz+S29tqW1VOyVh3IGVlJohUx/4gOUrLcpaCXwJHbB2MFcrU0Z5PS6HWRg1F+zdNeWAHup9BWuY8dlUhwkDTkDKI12BsVypww8M9RVbt5NvQ1peAD3U57WzROa78QWPtlxfC9sUjsgHAK0tPViQALLZHazo127lyV0kZgkLSNkg4OGFLuMfiR4AwVVh5adJ7IqpZQT5XISWIEKnulubNTvGnzcq7a7UMIMrMjjK1wswzLdXvjtPKL1a2jP8ALO6yFwoS1h1DC9evVs1B0gaN8rD3S2E8MAXo/GavE1GZ4by/ioSTZ55OHQSAYT2SeIAM4VheKAs84bsAqBspjfjndezp1CkfINfop6e15Jk9OHAFQpIzGeOVPglEjd+UOph1NyGrTKO9cGBPa8AqOpMDsDutHb7kNIOrBAWR3D/spkNS6MNwSCFzdVRvR0NJrJ6ae+J69Y7xDWQNhe4agMKTVMfTPE8Hrvhed2m6gBrmP0vbyt/bLnHV048VzScYOVwNTpfiifSfGeTh5CCWcTRprDfWVLBFK7DuAf8ARaGGpc46TwvOfDkt8/zEOdLjkrUWq6R1bAC7DguPZVhZR6zSa1Tapt/Ik9R9ORXKB1TA0CUDJx3WCa6elm8J4PlOCCvUqOqGMHf7qm6g6egrWOmp2aX87LNGeXhmjWaVS++CM5TVmjBYd/utVZOoIocGXnjZYB4moZTFM05ad1ZUcwOHsOfzVW0qaMWl1Eqmex225x1LA+N4IPuriGoDwAV5PYrq6nnAD9IPIXoFBWsqYw5jvuPRcfVaPHR6vRauNkco01LM3VjUFawTPa3DtwOCsrFIWEOBV3brk2VgimcARwVxrqnE69VqkaCmuAADXFThUsc0OaQfzVGHZyccIlPUaTp9FkccM0/3LCpnE7fDeAW4wQe6yNdNW9OVoqHAvoJD24jHoFpXPBAIKY/5WujdSVbAWOGNwnUvaKn9y4BwzUF5pddJMJgRk45Crqq2NhOWjA4yqW8Wi7dFVZvNhc59E45li50jutJYr/aeqKUTUkjfFA/mRnkH7Lo1W7GjJOMbeH+R478YPg5QdcUTq2ijZT3KMEslxtn3XyTerNcunbk+1XSmdDPGAXBw9fT1C/RipoXsJLBkf5Lzf4nfCW29eWh7JGtjrYgXQzNbu13+o9l7LwnnJaWarm/sPCfU/wBLQ8kvloSUz4mY7I4RQc+ysequkrv0fdZLbdYHN0uwyXThr/cKt0BoyThfS9NqoXw3QZ8V1Oiu0k3XdFpnByiDhDHKIOFpbyZTqKhIw5VC0LBXETLcJEY7q8A7wKcu4KcqJkYkkkoXuQkk9JWlkrfzgYujdOSG6PZwVk5pOEvMnBq7gKYAbwNSLiE9JM2Eyges59kZs+R9KFp3zhdAOVReAurPZFDhnOEIO24TdXsnRlgElawNgF0DJBAUYOOeSn6nkcJyl+hbJoLccrrSwnlQf5i7iUd02FjRTiizADgu6AqwS1WNnJwkrDwU1W4F7Sxx7ompoOS4bKpLq88YTfCrnbF3Knyv0ifHn2XBqKYcyDKYblTAZz+6qPkKh25KeLbKdncKvltT+1FfFBdsnuvNOM/9UB9+PDd0orTFjzDdGjtsMbtTWj9ETldLsvFaI38UnkHcFD11knJICtRSRnhgGEZsAIwGjZHGE5fkwXOK6RUeBI/6gco0VC4HJCsflmg50hFDGgYwi+HPYDuS4IkNGBj1R9OMIrQQcDuu+GT7JsIRh0hbtyDAASxlODMHhGbFgAkJ+SN/sCGkojWAdt1IZGN8NyjQ08h3c3ARdi3MjsjdwApMcGnBmOjPtlNlqqelafEIB7bqiuF4fNlrJMjPqk23Rr7DhBy5LGtujKVxip3ah3VLPVmZ2Tg/moM0znOyuNb3JXOu1OeEa4QaOumJJCYSSST3TvD90tH+JZG93I5JIScMg8JNGUVoG2yuMckk8ITWbcImn2TmgbIzQGgHC0wrEN5BhjieEZjNO5T244LUVkZ2wtKgLlPaMa09hsjtZ3IT2xZ3wjhrQMFMUBEp56GMAOMhFj4CHp90UDujSwLydAOU8cJwAwm5wrBOoU8zYWa3bhclnaxpOVlb31I0aqaDJI5IKy6jUxpjuY2mmV0tqJF5v7WNPhvwccBY2aofUSOe87krk9S+d2SUNq8rq9XLUyyz0en08aI4RzJTsj1TUmNcSubOSiasZ6OhpKlQx4wSN0+GDyglucIuMbLLOeWdTS6Vr7pHCcdk+KMl2yUcTpHAYVpSUhbg4/NL7OxTS5M5SU3GRhaXp6xGvqR/LLg1Ds1q+fmETIid9z2C9VsVohtsDWMYA4jcq4Qyeh8doW5JhbVaYKKBjWsGrG5U8yFmAN09zxE0ADlCja55z2Tj1dXHAaGHxnAHuriGONkYAAGFDp2BmCQpOCQBnChthEe52+AntbtlMY1Pc7GFcmaFHJzV2wugHuutb3IUWvrmxMMMZyTzhJyWBr67Xmnp3b/iKFSURc4OcN0Sho3DEsjRk77q1hiYxo2VxfIMlk5BCIm7I4cB2Q3YHdCdIMEK3PHRRIkcOzgMKM+TXshlxcVyMHKEg4ai4ZUuNowhtZtwnHyj7pqQTeENmI9VFLdzunzuy7YrgGThGKk+R7RlS4YiSNkOmjy7hXdHTAgHTgo+x0XgbRURkwS1XTI4KVgdI4NPuooqKeib/MI9VkuoOpH1MjoIDxkE5VtYJZeoE3qjqlrc0dE454c4LKRF9S7Mji4n1QMPmfqduT3VjR07m4OFJLJnU5Tl2Go6IZGds+i2tosWImudhuN8YQOnbA57m1E7Ac7tB7e62sFOGBo0gY9Emc8HotFo8RU2No6QRNDnAewU1q6GNY3JUWerjb/LgJdIeAsk5ZO1XFJYJNTVxU0Ze5wJHAz3VfSQVtzk8eow2M8tPcKTBQOc4S1LAXqe0aBsEhjsNhaelhpxiNoGPZF0gd1CluENMD4rse6qX19xvcvytudohP1TYxj7JFgZOuvUEcDflqH+bM440hMpLTLPUNrri4lxAxED5B+Sl22w0tA8zv8A5sp/EVYuYMgoAxrGMjYGxsawDgNGAFwatSeNkTQ30S3wEdHCemccp7iGDLiAPdAWc0+67nnGNlWyXlj/AOXb4jVSf4N2j80yO33WudruM3gNP4IjjI9ygCJc90oqZnmlEsv9EXmKC2W63JmmkjjpIj+KQYcfyVhSWyjpMGmha0nlxGSfzUkNHcBQhDpenqIuE1a59VKOC8+U/wDh4VnHEyFuiFrY2jbS0YCTDjtwnZCAhzJXQTlNSUIHBGE4OxwUHV7pavdQh8Xhzyd08A4SDN+EVrMAHC+rys3I/GfjfCQhDKiDDTnhGawYzhdwANgu49d1lnNnsKNHGuKwMOOAk44GEjtwlg8rPKRthH0CO52S0k9k/QchHDG44Q7h8YANGDuMo4xgHCRAHIyuKDYxCgAbBIADhdSUCykJcJAGSuFwaos9SPRHGORF2ojTHMgj5gAc4UCpq+wwg1NZ+SgunJJctNVWezxnmPqGEY7ayQ+o1HLsKHPcY4R5ggVVWGDJ2wFmLxefHYYIDj1Ke/8AS6PFS1tuq7YW+9Rh2umpnEk/U7/RUGvXuTv6pjmF+55RI2EFJlOVgPXY9rCitjI3T2RZ5CkNiwAMK4rnIuU8g2NIw3CktZgcJNZjsiADC0RQqct3A0A5XT9K6cBDc7nBRApDHHdNXTyuKBp4GJwGF1PULUmhiSWMLmVCm8nCMd0F8hOwCeRJMQGDj3Rm0hbglHGOQ3JIjxU5ccuGykP0xt0gLrnCIYA5QHOdqRtYLb3HHOc52UQfRuEmtBGSE5B2WBIyV1kee6eRhda0pmzjJTeBBrRwF1JJDjBMpnCMrhbtynJKYJgA4EE7IamOA0n7KGSM8oCxuCuHZEOlAckWSwGlkbI7G2FCleiyyjdQpJOwWecsLBphE4525OULcnJXMku5RA3bhIw2OOADHCfgLqYrIJJJJQgkkklCCSSTvpUbwRvBwDG5Q8j1SPdMG7uUtvcyuwkbNTlZUsRGDhR6aHgkKyiaGjZPhHAq2WBzWho2C5UfSEUnCjTuBA3T0I7AOe4ncpqR5SVh5wJdf5iACuLsbS4gJVliijRXW7pbYnWxbjK3/wAO+l3V9V89IzyRnAyOSspbrdNWzMgp2anu4C+guj7KyipaanZGQWgFxA74XIvt3vCPov054iMpqyS4RpbLSmCmY0jBCret+oHW6idRUcmJ3NydPIBVtcq+Kz0bqh4Bxw3O5K8suFdU3OukqtJdrOd+w9FksnhHvLJ/0ohUlNPWy65QS5xyd9ytZb7fHSxhzgC4j9FW2yFzcPcMFW5qQxoB9Fkm22FXXzuYKtrBGNLTuoFNDJV1GkbkpkznSykjutP0zZCG/NzN5O2dkrLN1cNzLS0W4W2l0OwZH7uKtLbS6nSV04BAOGg/5rjotb2tA27/AGXKydzGimhfjbJVG5R2RwjlZWxta+Q7NYCV57ernLWzlvieUHYeyt+qLmIovlI3b4y5ZSBjpiCe5UETlueEWNnt5qalokZloW5poWRsEcbQ0DZVVlo/DiY9zBkjlXZcIhjG5Wa6xLs0aen2dkf4bcDuFCjjM0hCU8+pw5VvZrTK9wqHEBvoVz77cnVqrwT7VbBC0SzMGcbBK41uomngdjsSplwqBT05wfMRgKroITWz4kyfXdc+yXOTdCJZdP24mQ1koyOBn1VzUTGMgDulrjpYA3AaGjAAQKWKWuqeC4f5LmXSzLJoUcE6ji8T+aW4xwu3KtjpYHFxwcbI8r20rNIAGAsTdbjLWVDv5nlHAWaTyF0Qa6pkqpiXvPt7BBii8Q/6rjvMco0R8POpR8EJjAyNga1oGE1zi/ytCjSVO+AFb2u3ljBU1I2O7QUDYyPY6lp3U1NqkwXFXNGyOKESnYnfJUSkg+Zl1OB8Np2CNcJMaaaL6j2Cz2GmHQOOGS8XAMfnwmHstWyKOJjYomhrWjAwoVotwoYQ5xBe7khTycJQXXItmgknZefdX36aqqjRRS6YmbEDurjq/qN1EwUFK7Ekgy4g8BYQeJI/W85c7ko4QyZrbBzGcbI0ceTnCcI/KFJo4hI7daElFCkshrfROe8P7D1VzGzTjZMgYBGMbKdSRa3B2OEqcsmiEcBaOEBwe5mfRTxxwlBCCA0DhBvNdFa6M1D+WjYeqBLI2UtvJUdVdQMs9N4TT/NkBwO68zfPNWzmomJOTtvwpF2r6i7Vjqid5dknHsEKNgADWjcrXUlFZZzrpfJIfHE6R7YmDJccLa2SztpYxhvmxugdO9PjaebBeRkZ7LaUltfI0CJg29Eu+1RWBldXsj0Npmq3hjW4Hcra2u1wUkTGsYNWNzhDtFvdTwBrgNTt1bwxlpxhcbUahy4HrgfFFx5cY91MhjAGVyOMEbozGYzuufZZkqTwdHKO0DCCAcow4WRvLE2P9D0kkkwWPSSSRkHpJJKEElgpDlOQSltBbwJCRUJVEFDEkkkwYJJJArJ46eEzSHAaMq0slpZM9111H/A7ZMIv76QeHH9ysf0la34fc6oF005LiT/kh3Gpm6x6hBaT8rTuwR2JHK1UUTIWCOMANbsFvohjk1QjjkcdhlY6/wBydVzup2bNZsr6+3RtBSlrd5JAQMdvdZa3076uowRkuO62JD0TbBbHzSsBZtnLit/BE2GEMaMYCgW2gFHAGAebklT2+UYzlJtkAhAEuyitGBhLAzlPPCySYUXyAcCcAHZOjbgbhOxklOIwqSGPoadhlQLnWOgpy6MDPCmyyNijdI44DRkrFXW5vrJiGOIY3bZPh2CQ5pZaqcvkdklWNugDcnHZQoGGQg8hW8EfhDfutDWOQidB/LbglRq2d7yII3YJ5wlLKWN/dct0QmcZ5G5wdkQyAekgEMQaDknclSRvld0gcbLhOgE8qDQFQ8MYSDuoQcXO3RKjVJISDshuIaCE6pC5zwKadkLcuIHuvPuo7u+pqHwxHYbErQdTXKOmi8EO87h2KwUtQHE7br0/jNIn97OFr9ZjMECGoHfddc/SMnfKc3fcoL8lwwvSxjtPOzk85CU1PLVyiKNu61NNTikhEY3PdRLLb30zDNKAHPGw9Aps8g4CCw1014jlgKmqMbSQqZsfzEplkzknlSqp2t+kfmhub4YAxyFSY2SyNfG2MYaopJLsI8vlJBKZSs1O+6bFfsANTU+pzcjOFatAiYNuUOCARtG25T5MndRxyy00hY7qquteAPCiPGxKNcKt0MJDDjKzs9V4jj3XR0emc5I5Hk9d/Hi4oDNKSSMkAb8rzr4gdRyOay20kpa05MjgdyOwWm6r6hjs9E522uVpDd915BNUS1kzppnklx7r1+i0ir5R8U+q/qGSTog+X2RRFlwwM5VrQ0TtQOnGy7Q0BmOst2CvqeBkLANPAXbqp9nyqywZHA2FgAYBtupdtpWzzh020Q5d6JQwmpdoaMNbyT2VfdLnLUyCw2HeU/W/sPdaJYghMIO2eAl0rZOqrmOmbO8mnBHiPAwPuVrKKigs1vjooWjyjzH1KjWK10XTNCKeBgdO8ZmlJyXFNrKnx5PKScLDO/DPdeL0Maa8xGXO4x0NNJVy4wwbD1K8kvNzlrp5ri7SGt3aHHgLQ9b3oyyC3QP8rfqweSvPL9VCKn8HVku5C4es1f3OCO1OrbW5MpZnOuVz+ZmOrO26tHtA3AVXR4yD3VmRlgIXMk3J5ZzlPLBOGDgKRC07FB0nVlTado0jZJka6Fulg6BgFKDUHbp7gABgcpR4BWWxZZ06+CYzspAA0qOzspTfpCE3QWUQqpuW4wq1wxqH2VzM3LTt2VRM06lSYq6PsGeUeB2lwIQk5hwUC7Ew7LSM5HCiVbcjKkU78gbJ08eWrTCWB847oYKVzck4C44Zbj0R5W+fJCCdinxZxNRXjghztOUFpLXKdIwYzhRXN5Cajl2xwyVSPBOnvhS8EBVNO4tkBzwrhjg9ocByhkjVpZbltB4KZJGCN9lKwEtIOyDo1ygpLBUSsLHbBMVpNTjBOlV0sbmOO3KOLyc++r4+TjOdynuaHDIUd+cjBRmHbC1R4MMlkew42K5IzHCbpOc5RQcjCNSyUiO074xynhg57pTMA3CZG/seyoYmFAwpVOAc5Kig53CPG7TuoWnySXsB5UaSnI3apAOUmqGhLKITozg5UNzXAndW7o24ONtlDcwDKCTBlHHQSjqvKGOCssB7A4bKhJwdtsKyttWZMQSOyQMhBwg6pZe0M+HbGn91Emi0/hVq/GPpQJIwVB06d3RU7g8I0buAE6opzyBhRBmJ3G33TKpYOfbW8k141DYpUszm/wAsprJtTQCE6UbhwC0RliWTI01wWDMPATXtwdlFpZ9TtB2OPVTQM/ktakprKEtYBsJyjngIJBBCNERgqkUL6U1zQQSnE5XEzblF9ESWIZ2CBICzGysJGbZUSRuocLLZXyOTwCac5THQh49F0NLXbcIoIHKQ0UnggyNMZxhcDyDkKW6LxBkb4UcscDjCU/tY9NSC01SXOAKnkBzQc8qqYMHPopVPUZwDwnQnnhgzr/QVzC3GlHimdgArowQhhpDsp6WOjNKOSU3cLjm7YTGuA2XdWU14wUhjo+ThB3BUvGyE6HOdlnnD9EaOMftunmLxMEfqgaS057IjJOxQKRW0JTVk9DP5iSz07LTQTxVUQkhOQefZZshsoIc0INPWT2mYOBJjcdwnV2NCLKt/XZqnQsfnP+Si6JaR4ljOW9wjUtXFWQiWJwOe3oUduDsQtEWmY5pxeGOpqyGc6M4d6KQWZyqyooHMeamlOHDlvqpVuuDJh4M3llb2KYmLkuOAjodRxpyFCr7S17PGhaA8eiu2hpzshOZhXKCYCnKD4M7HK6NwZK1wI9VNEjXgbBTaijjmYctGexVc2mmhfgtOOyVKLHxsUux74myN0vYCD6qnrrSYh49PnbkK8aQdsIwjGMkc8pWxDY2OL7MrDUPJAcN1MLA7GUe62nBNRTDB7hVkNQ6M+HLnZVtNKkpLgkTQjGQ391Cexzd9KtWYeAcbLktOwN4CFLJFPaU/nBRhJnYhGkpyM+XsoxacocBOW4K5rXDI/TKjujc08IrHFpCO1zHjBCGUdxZEa4j6gih7T3C5LFxgKOI3NPol4cQyQlt3Ge6aDgbldVx+4jL7prre8dLVwkhldJRPPniO+n3C9ms94sHXlrcyMh0hGSx31N9wvnsjKlW+51tlrIrhbp/Cmi4PYj0TVFo6ek8jPTx+KaUo/o9r/hM/SsrXhvzFASRJH6A91X3axwyZuds80Lxkgblqk9F/Ea3dTn+G1WIa1reHEaZft/0WhNB4G9NH5D9QPBCYp54O5DZdFSrfHowdLNLSyiSJxBHPurVslDc2mOrja1x74Ui62Y5fV0bP5Z7Kgmhe7YAg90Eooji48Fd1F0pLRtNXTOEkROfLyFQMzwTuFtqK7Op2mlrWa4ztk75CHcLDb6+M1Fv2djJA7IJQ9GOcIrmKMerCw9RXnpa4MudlqzDM0+5a77juotXDLRyeHKwj3QT5gs06d4yi6dU1OttNH1T8OvivYuuIBSTTMprqxoDqbOXSnuWj9P1W3LPRfDrRJG9ssT3Me0gtc04LT7Fe/wDwz+Oja8ssvW1S1tThrIKx3Mp9Hn143WCynY+D6Z9P/VHzy+HVLD/Z7A6MEFRjGRnbCn6c74TXRAtxhIcsHtZWKXKKuWFxOpmNQXaate1/hVR0u9MqU+HDsgbFAqKJlVCY3Dd3fuFSbFMlOY2Rha9jXtPYjIK88606DBa+5WtpySS+MDj7LWQV89vd8rWtLmt2a/1CtY5Y5Wh7CHNKbGbRh1enr1MdskfL9/6aDnOdNCQ/G+24WCq6aooZ3ANIbnYhfXXUXRdHeHPqIomskI7bZXifVPRstJVyMdAWjftsnKR4rX+JnTlwRgrP1LUUEzXOcSF6v011rR1zGsdPpeOcrxy4UHytS5oBA/yQqeqnopGyQvLT7FH8zyciubg8M+maatEzBhwcPZTWvD+F5J0n142d0VHUtLX8Fx4K9GpazWAQ7IPBBToWJm2FsZIuA0AcjdcDC7v+ajR1GcKVFI13PdaIWbWHOmN0cSJbazx4Pkqv6h9DihRXKssM7JY8ujJ3AKY6PJBRGPboMVQ3Wx37J7t3rDPL+R8DF5sqR6Hab7T36jY4PaXgbgndQKylkopHPbvG4527eyw1Mai01YmpJz4Z3AW1tt8p6+ANnIDyMEFYNTWpIy+Nd2lmolVW02JBW0R0uHIyrGiqxUwiQ41DYp9TQiNxfGQWO3VHO6a1VIlZnQ8+Ydl5zXaL2j6d4vyM44yaWF5k47KTFOR5SFTsqHgx1EL8NIzj1VlC4PAcN8rzeo0rXaPaaez5I7hXKgbWM8Rg82FkLhRTUz/EjBBbvhbuKTw8AjKZcrbBcKczQgasZx7riajSbujaujG2Pqmqt9WzL3MwfVe9dFdd27qCAWm5uHiFuGvcvn+52hk7QxkjY6luTpO2UCw9Q1NtrGwTuMUsbvKeMrBsdTwY9Rpo6iPPZ9O1tmrraTLb3iWF2+nPCivZTXandDPGA7BDmkcKu6E6/julOyjq5GmVoxl3daO6Wvz/AD1CMEjLgO61UtvBwbFKmTjJHx//AGm/7ObbjHVdX9O0wbOwansY36uV8YljonujeC1zTgg9iv17lMdU3wqiPB4IcNivj/8AtQ/2aZRLP1n0nT7Oy+ogjbtn+oBev8X5L45KNh5vzHiK9XW5wX3HyQxzc7EKQ1VbS+GQxyZBaSCD6qVFNsML3mntV0NyPlGqpdc3H9ElGHKjAg4wU9aTL2ShwuoQ5RBwoZ5rHQ9Oa9wOQd01I7pdsU+ClnJorBdyx3y87s54OVrYZtQDcLzGF7o5A9p3C3FquUdRAzfL27Fec12j2/ej1niNdu/05mhieNiQoV2gwRURDBB3wiwvBH2UjZwII2XnbI5eD1+nt4wSbBehIBTVDyHdiVp2t2wSF5tNqoazLR5SchbS03NtRSx6nZcBgrm3afnKPS+O1m7/AE7GXTDpOSry2V+SGOIWb8XVjCkwTeG4En91zraj0FNyXBsnOEseQQchVdREWvyAnW2uyRG48qZUQtk4WbGw3xlvWUQ4D7ojwCN1EBMdR4Z4Uku14RxkB+XBX19O2QEAbY9VkrvQMwQB3W6kiz+HP5qpuVA2Q62jfuujprtkkzma7TKyGTyu82rMLsAuK8+rqcwVBGMAnIXt1xtoJwWDC856ksj45Hv0ZackH0XrNBrk5YkfMvqLxUrYfJH0ZJkpjcMKdG5szN8AqslaYyMo1LN4Z3Oy9PTasHzacHF4CT02k6gFGJOeFbRaalpwNwFDqafweRhMnDeskO0c/hvBK1dnufh4GVijkEEFWFBXFp8y5up03yLBv0WpnprN8Geq2i5trWmCcjYbEqVploJhLETp52WHtlxxjcg7rX2+5mWERzYdjuV5/UaXbwfS/G+Qhroxbf3L2a2gurJYxI0/ceiuqKtin8ucHHBWJh/luJj2BVtSVbo3NeBuB+q5F1UY9HrNLqsvZYw/UXTzZw6ogb5uVjmtmo5iwg87gr02lqWVkehwwQN1T3jpplbqlpyGv9D3WZSw+R2r0inmyozUVRqwW7ZWmsF/lpnsjlftwCe/sVk3wS0kxp5mFrm/ujxyHAQWVqxHPovnVNNHstLVioja9pBDhnZSRMWjLR+i806d6iloZGwVDyYzsCey3MFUZWCWCQFpGVytTpD1Om1imk0zUWy76sQT/kVatkD+FjYZi0guG6taS6eG5uokjuuRbRzwdeq/cuTTMLiN0N7dKHT1TJWAsIIKfIdZACzYaNK5JFPVysIjc4PYdsO3CzN96Rntta7qTpiYRzHzyw5w157/AGV5xuiR1JyA8EgFMhNx7E3Uqzlkbp3qalv0PgzN8GsZ5ZInbHUOVNq6CUglmFTdQdPR3BrrjZyaavYMjScZK7011c6QNtfUDPlq2Py5dxJjutsLtyM2yS/JclD158PbT1xapLXdqcNJ3ZKG+Zp+6+QPiJ8Lr/0BVkVLHzULnHwZw3ALV9+1lNrZ4sYGCFl+oenrZ1LbZrRd6Zs9NMMOY4ZGex/Jek8X5uehwm+EeX879NaXzEPv4n6Z+e7XIoeF6j8WfgZdei6mS4WWIVNsLs+V2XxA8Bw7d15McnGF9Q0Pk6ddDdWfD/JeH1Hi7XVcv8P9kjI9Qng4OQVFaTnlFaThdFM5E44JOsp+r2UcSdsJ4kz2Vi2g+R6JavZC8UeiXij0UyB8bCJJiShNrYTT7pafdN1eyQdjsjjJIOMMC0FO0+674u2zUzxHE/Sn9gSQ/B9UgMd10PyM4XQ7HZRJFCGR2Xd/RdD2jsuiRo7I1go5oC6I907W3HK61+DwrUUVJ4EKbIz/AKrvy2P/AJqOH7cLokwc4RqKFOQNlOc4wiim4OEm1LB22TxWQ9jumJJA5ZzwMbYT2QM9F35ln4Qmiff6QmxaRWWPFM3nCIIWBcbMHdkQHbKJSX6KyMDcDCXlRMFdDSSmpICU8DNJKc1h9EdsI5IRAxuMYRCpzyBDBhdDBlP0+66G78oilNCDU4NARB9P3TQzJxhFkW5DkMMceyOGd07UAMaUeSsgw3PKIGDCQbuihoA82yNJdspvBHMW4wEURkDOOUyWspIBl0oJx6qprL8BlsHqlW311+x0a5z6LkVENNvK4A9lXXK+lw0Ux/dUc1bLUEmR5+yih5OxXPu1ueIGmFCXMiTJPNM8ulfq/NMBHqP1QtzuFzJ9Vmdkp8yY1JJ8DwMpLiSXjIx4SDJAZK4MngIkbcYyE2McAOQgMEIzWHAK61hJypDIvfC1QgLlLANrSPzRoIjkHGyKxjcJ40tOy1QiIlNsIyGPAJHCeAwcYCEJdsYTRknKYkIbyGT26nEHGya1hICO0NZjARgnWtPcJ4wltjKGXEE7ZwoRxciRkKFWVQYMbJlZXMpmEuP5eqxtzvrpXHDXA9t1m1Gphp45Zr0+m+Rkm+dQA5p4XHPBIKzb5fEOSEiDK8n133TQ3cheR1GpnqJ5Z3aKI1rg4uEjCfpz3Raehke4Z4WGx4NsKZWSxEDFGXu4yprKcM0khSm0kcTAdO/dDlkDsNaNgsc5tnWp0vx/n2dDgwYx+6fFF4jvRcpaWSok0gYxySrujtpO+MYSzq0UZItLQnbZXdutxnlbDpO6lW2yz1EzY42fc+gXoNh6dZA1kj4gceqOMcnodD4/dyPsNjht0LT4Y1kK/bgMwBhFZHG0aWsAATXAt8o7pmMHotPplSsIF5nuxjlT6WmDWDPKDFFjzFu6lR5BAUfBtqjyGa0ADC6lnbK6Bk4QqWTbGKQ9mTnZGDc7oYc1m5QZagyeRmw9UMpZYZ2qqtIMUW57lCpqYAiaVuT2BXYocnU4KSX7YwgTwQfqHom+JgKMZDlN1E7ImwZPAeSoPAC4Mu57obGEnOP3UhrcIQGzrWeqLEwasrjG5zuisZzuiIEaBpBxwolQ/IwjvkETSVXSudI/bZNBmxOLnPCkxRE9kKni3GQrGJrQNgjEuaiFooQCCVYuq4aZmZHYwFVy1cdIwvd+QWWud5nrdTWktySPyRFS1CSJl46gfUFzYCS5xIJzwFVQMMhJdymU8erluVPgi8wDW7lRvJn3Ob/Y+lpDtstt0308GYqqoav6WkbIXTnTuS2qqm7AZa1bOlhIwA0ADgBLnPHB6Xxvj9uLLB9JD4eCGAKYMDGdkmaY250grmg1DtOnA7rJOe49FGHpApp3SnwITn+ohHpLcyAeI46nu3yeyfBFDCctZkrs9xghGJHAJDZpjHgLJK2MZJVdV3hjRiA6jxgbqNI6queWwAtiO2r1VlbrRBRRjU0Ocd8kJcpbQ4kOjtctfIKiuBLD+HKvoYaenYGU8TY2jsNl0DAwE4sc4ghZ5zyGkdc4uxgYSwfRGa1rG5chy1lPCzGS6T+kBA5ljg054TZqylpv7+XT+6iGW5TnctgYf/Omw26la/xZA6WT1echA3uKE+51dU50FupWhp/4k2zU+GxySOE9yrppnH/hteQwfYKcwNaNIaMeiKTlWQbFBT05ApohGPbZSQdhkoQXRnKrIYVcXAV1CQMlkpJICCSTdXslq9lMlpZHZKWv3TSc9kuUEp7QlH9nx+Gb7j90QhunPdc8vZM37L6fln5ojQoficPOyfg9guNB1BPBGOEuZojHjAxrSDkhFAGEsBdSgl2NwD2SPoutXVbjkYh6SS4cFXGOS5SwdTZDhq4XtaNzgKvra9o8o3TYwMGs19Ojrc5sJPVBueOFVVFeckcoU9UXk4yochPqn11HzLzH1FZqJONXQ+Sd0p9EGethpQTK7Gd0Koqo6WMySH7D1WTuNykrZC52fYdgilPZ0efhGVzyzt0vE1VUO0POjOPuoWS45IwUIgl2pSY8OAwOEpzlN8m2MfjRxrPVSI4gDlKJilRMPKZFAyYxrSCAApLQNI2SaweiQBBToxFSlk7gJEgJw+lBJOeUYIyaUjYBDY8lEe0OxlN0+6gQ5JDJwlhztwExQyQIkuEgcpHdRrBAbnZ2ASbG7unxsOckcqQSzA2VpZJOWAcbNODwiySN0AIL3A534QWuJOSVOgY5bE/JdkruMHICIGjG43TSCTsqzkJy2nd/RIDC6koogqz+wk7ASQ3JgLeTucrqa1OUCTYkkkCeYRsLhuUEpbRiQ2onAGlpUYB3JP5LrQ57tbynPIAACzzmMSyNc7HdRpHjGM5XZXjB3I2VdLJ2ykWSNVcMnal5JwFHIz3Ti/KfFHnBwkS5HrEQbWkHhSAGtZnGcp2hoGMIbvLsVaWCMYeVxdO64gLHpJJKEEkkkoQaOU1x2TiMDlCKXNldjNW5UiBhLgcIccRedlY0zAzGoI6o5YM5YCxM0gZG6kM7LgA2OF1bUlgRP7jr3AN5ChOcSSMos5O25XEKDhEEnnlMTiVUnhEZ0DPdS6WnI82nJQYYjIQ7lafpayS3W6Q04/u/xhczVW+j1HgvHfLNWWezW/DbppxlFynZsR5Rjhex0cDKWmDneXO5Psqi126CigZBAwBrAAo3VnUDaKkNAHkSSNztzhc5yy8n1nS0R0enUImf6wvzrnWCCmeRDHlv3Kh2ukeQC/bPCiUVK7PjT7l24BWioYQG6w0bJM5pjoRy8sLHAII9TlXVlQSdLcYU+4TYh8MDCq6OmlrJhGwZ9SkPo1KO7hFj09b31lSJJG/y2nP6LdRODAA0YChWyiZS0rI2tw7G6n+EWDUQls6FcdscHZqlsMZcThx2AVNXV4oqZ8xI8R3055Up8gneXfgYCshfrh8zOY28M2Cou6eyJWVLpaqYySvLi455V1Y7c14+YkZlrdh7lVlvopqqUNaNu59Fs6Gl+WhZGG7AJc57ULpi28smMY2NoDRjZMqZNIwN8rskmhuUOKCWunbHGNs7lc2+zJ1qIYJlmoW1dQZJmEtaNh2WmD20sflGwUeipm0kQaG74Ue4VrXgwM5HJC59thvriAmkqK+qDW+bJ29AForfQw0UQLgC4jclV9opRDGJ3jJdwpdXV6RsP0WKyZojEDWSyVFQyFhy4nAAWgpIBb4A07vdu4qn6dpDLK+ulGQ3OE+/3kRNMDXYcQeFhseRyWSv6hv3iudTQSH0c4f5KgBJJJQn51Ek5J3RBullj4xqcNlypkETtAGcJOeyJmsnGEO300tyrRgks/ErksIpssbHRCrkNTM3LGcehKu6iYSj5Zv1HA27BMmLKKFtNTgNOMKbZ6BsrTUzNyAdvdZ5SGwJMbWU1OAcZAQrfTGqq21TgctdsiVZDx4LR9XCtKClbBC31wlSeB5MyAOyq75d2WyjfMcasbBHqqjwRq5wMrzi+XKe61j/ABZD4bTpaAVUI5JZNJEOqqprjVuqpvxcD0RI49ODhKCEDfCOWjYDZaYx28mOTyzoG+FaUVNpYPKB3UeipwXeI4ZxwrGEZdpG2UMpZH1xyGijLnBg3yrulpmsaABj/VRbfSESanDgK2a3TvhI7Hg5iKandMRswZXl3VF/qLrVFglIhaSMDutB151C5pZaqSTScapSD+gWFALimQhlmW6zHCHMaPRajpvp3xnCrqmgY3Y0/wCar7BaH3CrZkHQ05PvhelW6hDWhjW4ACl09iwKgsvJygoQHMiYzc7LW0FGyJrWsbjHPuVFttA1h1Fgz3V3T0xBBIXK1F7ZsikkEhi4OFLijA7JRxjGEdjcLmzs5AnLDHNbgYCIB3SaOyIAMLPKWQc+xBoxwupJIUZ5PLHJJJJhB6SSSMgkkklCBUkkkoUCTE9MRBiSTVw7owh+Wjk4WA+JPUToxFZaGQiWbdxB/D6Fa27XGG10cldUOAjYD33yvMrRG/qG9SXqYHwy7ytd6LRTHLH1xyW3T1uFut7CR/Mf5irjsSeF1zQMAfZVHUVx/h1GXB2C/ZdGEeMGgy17r3Vtyc4O8jDoaPstD0nbXyvNQ4YaDss1a6KS4VrG6SQ45K9Qt8DKSmZA1mCBujm9qDJAYBjHZcLM909JYrJewBJJx4Qjys/5EHrryQ0nGVxUvUF7bRQmFrsOcE2CyMIHUt10uFHDJjbLiD+yzgychDleZ3asn7qTRx6ytcYpFdFlbYS2EF435U8PGAMJkQEcYHoECSYk6WjdMDDtHzUwiH0jkhWjGNjaGMGAFFtNLoiMrx5n+qnFqHvoYNUWomzgYRpnhg5UFzi5xJTIR3MtvB0dyd9lArqnwITJjjKmue1jS5x2WF6svvhaohKBzsCuno9N80sIxam+NUd0iivVxdU1UkjnZBJACrYWOe7JCC2odUyjbOVYBghbxkr2em0/xxUTyl1vyz3A5D4YGApdnovnaoF2zY/MfdRNBqJGgAjOy19JSwUNKNDBnG59StcltJVXu5OTOZC3c+wCgPcXEuXJ5XTSZzwkxpzwkfkbYrasA46fJMrxsMlQ3SCR5PYHAU2vnEUPgsPmcq/T4TADydyrwDkFK4zTeQYCsKGmAIcRk/5KLTQufIHadirqJghjALdzymgnCRG0Ad1ErahrRthGmdlpcNsBUVdUlxwtNMHKRi1GpjXFtgrpV6mYGDus9X1kNDRy1c5zp3DfVT6h5ecHheZfELqBz5xbKaTDGjzkHkr1Pj9Lhbj5Z9TecdMZPPJmeoLtLea99RI9xbkhrc7Aeyj0NOJpAMIUUDpMDC0dsoRDDnSASMr0+lr2nw3WauWpsdk+WyXSQRxwtDWgYG6eyKWombDC3I7n0XW8loam1de+0UZdFvNLtzwCuglsRzs72AvNyfBps1oGuaTZ7h2VjYLRBZoNRYHVMm73nc5VdYLXJBI641e8su4HoFevlbG0vfsFk1NnB1/G6ZzsOVtYIhl+5dsAs1fr7/C6J2hw8WQHSO4Clz1sc0r7jUnw4KfIaD+I+ywF7uZula6YDDBs0ey4Or1HxLJ9E0VDjDBAkmfM90sryXOOSSVlLvI6Wqc0uC0lQABnPZZGqeJKp7gds4Xn5WuybkXrpfHXtQWkGkjCt2/3YKqKc4cCrcAvjaQESeTjaf7mMIBOcKVTdkJrQN+6LEozqURw8hpW7DCFESHhHeMhAZs9Jng6CjyT2fSFIjUaL6ApcI9Ehrk6FMeDkjdlU1QAkwPurpzdjuqytjAOcYKXLhlXwzHJBeMJkf1J7+UxnKowLssaQ8ZKlyDLVXQnDhurGPzNG6dGWDXBqRW1cWDlqh68E7K5qYtYyAqedpjfpI5WiueTn6urH3DSARgqNPH3AUpvn4CZMzIAJTTkX15jlFc1xaSMK3onh0AyVWuiAdtsj00nhOAJ2TGZtPNxmWeCUsFEiwWAp+AlnZUW+UM0BwIKg1VLn8Ks8H0Sexrm4wrXYuyqNsdrM8+EtPC40YOcqwqYN9WFAkac/ZOi8HGuh8ctoQ4xsmDPdJnOCU9wwE6LyZ2IjKA5mOApC44ZVWZ9EGRn1RWHzDCCdiiwnDgSgQUeGSm7hdXWEOGydgphrh0DPBUZwO6m6T6JpY30CDsJ8ldJGeOEAGSN4e3YhWUjG7bfugTRAjYIJIWuOUWNJVCeMEuGUct1DPYKhgkdBJkcFXtNO1zR9lMmyqeVhg5I89sqDUQY309/VXDo9W+FFmhOPpULsqTRVsd4btwpDXNc0AlMnp3E5A4QWO0HG6ZVP0cu2lw7CPBYPEbsQeQp1HVGQAOxkKOMPYQe6AC+KQOYcLTXLazLKvJcmMOGQhaiwrkU+sDKfIA7f0WrOeUIaw8MdnUMhJBw4HlHPARReSCG+3qgSMARl0nKko5IQXN3IIQZGOzkBTZYsb4Udzc7FZbIDAbH+qfLE1zchCcwjcFPZJpG/ZJx+wk8EWRhYdhylE/Sc4zhSnxteMqPIwsPCrrodGe5YZKhqtwHYUoaXtyMfqqkc7FTaeUDAJT4T9MVNchXBwKfGd+U8tDhtuglpY7OOUzGHwIz+yWzzBdLTwgxybcIweDzsj4kimCkjwMjuojctJOFZgAgghR5ID2akTrz0Du5AxTZOCFK8krSHMBChyRkbjZPgn0nSQqQTXsWqot0niQOd4ZOcA8LS0FdDWRBzD5uCDyCqUPEg3AI9EGWCWl/n0zjjkgdkxTcDPZBW99mwY4nYIFVa46j+aw6JPUHCr7TfoZmCOoOHjbPqrppAwc7LTCe/oxyhKt5ZEprg+AinrGnU04DvUK1aA4agcg8KJVQRVMehzd+zu4UFk1VaJQ6XMlOdic50p6QppTXHZeMjxyEOaASDBRaephqYxJCQWkZBynkZVuCYrLj2VctGWbtGyHE87D0VwI2u+oZUWqoN9ULfulWVh/IyMQHDhQa6zQVg1Boa/1CsWxOZs7ZFDA5oS9jZcbJQeUY7FRQSGGdpIB2KkxzCUjAWlloIKtpZKwfdZauoKm11BBBdHnY+yWoYZrhb8nYZzWvGwUSSmwc4UmlmilPP5KS+EOAwq2jm9pSvYRsGpm4wrZ8H+BRJYcfhS5RaHRmmAaRjzD91x8bcZyuuYeyTH4OCgn93DDbAFrgTuuNJyAQppaw7oMlMeQEKjt6K3HAQVxwyELDgd0UEYwryFgA4OY8PjJa4bgjYgr1Pov4pySsjtfU8oy0YFWTgY/xD/XK8yc1NwBzg/cKx9GonRJOJ9MN0Oa2Rha+J41Nc3cEFVd3scVSTPTOYw9wV5R0l8Qq/p95hrNVTRu/4efoH+FevWy6W+8UrKu3VQljeO3LT6H3RnpK9ZXdBN9mPr7eWtAc3cKva+soJRJBJpHcHuvQ6y3xVDC5zRnGyzNdaXseQWDCgVkMrKIbay23hny9dSsbKRzjGVmrtZprZKXMaXwndpHb7q1qKB0Tsj7j2XYLhPGDDOBLH6PGUDXBmawZkPB7Jkg22OFo7haKaqiFVbwGvO7mDhUUkL4jolaWH3We2rcNrtcXwei/DT41XDpNjbb1Drq6AABoZ9TPcZX0fabtQXughudsqGz08zQ5rmn9vuviYMA3Wu6A6/u/QFV/7veZaJ5/m0rz5HLn2V7We38J9Qur/T1L4/Z9ZuYDjKH4fuqfpTrG1dX0QrLZIDho1sJ8zHdwVeO3Cz4wfQqLIaiv5K3lECspY6mMskH2PoqlorrO/LR40J5AV69nm9EOSHUMKZxyBZHPR2lq4quMSROG/IzuFFu1kobvEY6mnYTj6sbqDJTTW2Y1VLlzD9bP9VY0NyjrMgbOHIPKOM8mSUM9niXW/wANJ6aolmp6Yvj5BAXlF2tnyUhY9hHbBX2dNDFMwtmjDm+hC8z67+FdNeWyVFtLGSHJ0kY/RGec8p4bK+Wo+bWiWF4dE4gjcbrW9OdfV9FKynrHtMPAO+yq7509X2OcwVcRABwHY2KpZonHBCtS2nkm3TLo+hbXdqeup21FPIHAjffhWcNXwRgr5/6b6ouFlqNJlLonYBaT2Xqtm6ot1wY0Nl0u7hx2WiFv7N1Gqj1I3lNWROw17hk+6k4jeNiMFZmGoacOa7I+6s6WtaCCSStCl+jcmmidJC9o9Wnj2TIJpKaQSMP3Cn08sT4wRv6oM1GJHF8O2d8Jj5MV+ig38kTRWy9sliayTBHG6lyRw1AIMYc09iMrEB8kD/KS3HZSI+oK2AtY1w098rHfTvG6ayVReMiko53RNOqI7tB7KdFUOg9weypYrzFU4I545VjDJ4jclcLW6Rz6PeeL1cbK8IuYakPjycbqVTVPgnnk7qjjeY3AAnCsIXagCvO6jRyid6Fia5CXqyw3GL5qlAbKBnZYS92l1W0gt8Opi78ZXotJPoOMbEbhVd8tD5c1tKMkfU0ei5N2lzyMfRg+l+q6u01raepe6ORhwCTyvoroH4jUVXEykuMwDn7AnuvmrqSxST5raX627lo5Cb0p1dLTTtoqxxY5pw1xWT4nWzDqtNHUR2s+yLta2SD5imGzhqGO6qAynqoX2+4Rh8cg0+YZWY+HPxOhqxHZ7rKHA7RyOP7LeXS2tefGgHIyMd1speTzttc6ZOMj4b/tT/2YH2n5nrfouk/3UeeWmjb9JPJC+St4iBlfsK9lPXU0ltuULZYpGljmvGQQviD+1F/Zgm6dfVdbdHUpfREl81OwZ0k8kei9F47yc9M1XNnkPOeFWrh8lX5f+p8wRuzjdSWHUOVBiOj7BSYyCBuvbafURsgpI+Z2Uzqm4SXRLT0Ak7boo5WlSyZ2gqS4D2XVYvODrDg5Vjarg2nqQXDZ2yrmkDOSntOh2eVntqViwzRXZKqalE9BoqxsuDkKyjfkZWGtly0OALitPSVzZWheR1en+ObPfeN1MdTWpJk6sgbUMwR5hwVDtVe631JZKTpJ9eFNZIXdlBuNM7UJY288rn2QysM7NcpRkpRfRuKaqZURh8ZBBUkS4wfRYKx3mWnnEDnZafVa6OfxRlc62lo9RpdUro5Rd0tcY3B2RkLR0dYKmMOJ3WJY7B2PCtrdWaCNzsubdX+js6a/C2svKyLS/wAdvB2QY5jnGOFIilbUR6TyoT8xSFpHBWVcdmx/snR7jdAqIw9uAE6F2poRZADgFMhNpi5RUzO11EC47dll7rbRKXxvjyCt5VQ6hnHZZ6vpS8nbuuxpbn6Z5/X6TdmJ4l1HZ301RI1kZxnUPsqB2W4wV7F1BahURAFgPK8nvFC+kq3x42ySF7HQa1SSiz5J57xMtLPfFHKSqkgkDmnb0Vu5kNXT5IyT+yzrXFpAwp1FWS00gc05Hou/VbuXJ5ba+jlTEYXaSMeyDG4tdlXtTRCsh+ZazJA4VG+Pw3HA2V2RUg9jguS2t9a5haDstXarlnTuDysA2QsweMK1t10MJbqycLnX6dSOj43WvSzUcnqVHcA5ozhW1HKJnNDeSsTbK+KaJpY/JPvwrqlrnw4cCQvNa3RTWZRPpXj/ACsJJb2a+CaakmDnA6RscK+pqyCrH8s4cN8LN0NbBcIBuNYABHujtdJTvD2EjHouJdXtWWesqt3x3Lpk692SO4RmSNoEreD6rGzxyUkvhSsIIXoFHWMqWYOzxyFGudopq1pe6MasJKk0yWaeMluiYuN+cLQ2K9VEBEBk8o4yVR1lDLQTFjgSzOxTGOONirsirEBTJ0Tyeq0VW2rj1NO45VjC4jA9F53Yr1LTua2R+42+4W0t9yhqyGh2l3ouTfRhnf0+rjLo0NJVvhwGuwCVc0tWHgaiMrMgEYKOyofgAEhcyyvB1qrzVB2oeiE8Y4Cg0VxHhhk7txwVPZKHYPYpDWDTlTOxzlhyQo12tNJfIxgCOqbuyUDfKkSxCUDRsVFcailkDnN8p2UhLBUocEag6iuFhrBaOogHwkaY5xxn3WmEdDXxiWnex2rgtPKp3GhuUZhqWNkB2IeMqnIvXSNbHNRRmqtpd9PLo8rRCzkzzrw8vovrhbInDwalgex224zhfPnxa/s3srn1F/6Fgc1+dUlEBkNb/hPovpi13i1dQ04fTyMc4jJbjcfkm1tEaQa425B5C7Oi8pbo5ZrZyPI+N03kKnVeso/NyustVQVUlJVMdFLG4tcxzcEFR3wOh3cQV9xfEX4M9L/ECH5uN76G68mob/xD/jHf/RfKfWXw7vfRVwFv6jonMcRqa8DyuB4IK+ieM85DUfmz5D5v6W/iT+Stfb+zB6xxsjNdpzlW5tFI8DS3B7KLPZqho8g27L0MNVXL2eT1HjLao7oLP+CJgHulj3XX0FXCclhKY+KYHduE1WJ9HO+CftDvFPol4p9ELPbCWoJmcigiMNlGTwMjIRg9BRKPTKXiD+lDwUsFXvIF1hLWEPCRaew/dWpNsEPk+qWSham+q6mqf7KDZKeOUFOyEStAJQJS1Y5UbxD7peKfdGrQMIOAT3ThG3GchAEmeyJqTFZnoXhBY2kbZR2Nz3QI45CcMGpHZHM3dzP3TYywU0SAwDBCIwbhMZkDBTmuDSclMTEzeCSAMLuAmh+OyXiYTk0zPJtskbJ6jNJzuThED245RkwFSTfEZjUXbBCNZTAbyboZTjHsnxuXRI0+6WgqHJdqePgg/moU/UHlwxyCWojH2SNFjL4HGUB9VFEMyHCzMl4qXk4dhRpauplGHyJM/IRj0Ojo5vs0k96powdJycKpqb3US5b+H7qqLS7krqx262yzhGuvSwissK+V8h1OJTclLBXcFIbcuWNjFR6FkpyQZlEbGCMkK0iA08NJ4C6GkndFaAUxZA6G+66xpTxFkgozYxgHC0VxyLdgMMyitj3ynBo4T9IWmMMdipSyOZGMb4/VGaWjjH6qPk5wihpA9UxIjf7CB3YFdGo8prYnFwOFLEQDR6rRCLYlySARxHO6kxxA42XAwgkYyiMY4bpywgHhoKGAcJoYcg54Tw0p+gIHYkFVTKfQJ+w5woFdcoqSEvkx9vVcu1yhpmFznbD91jayvkrJi9ziR2HosWq19dUcnS02glKaTH3G7S1jjpJAz+yrXDVyUUt32G66Q4cDJXlNRqZ6iW5ncjo408IAG4BA7obI3SO0t3Kn09BPM4eTynlWbKGnoQHloJPKy2TUUb6NDOfLXBX0tu1DXK3jhSHuip2ENdgrlTXHOiAqOyCWZ4DmkgrJK3J1KtNs/BHDUPlfpJyCplJQuOHkc7qdQWZmA7wxn7q/orU1zmhoSTqafR739xWUFDpw0t23WktdmldINLCB+qsrXYWggys/Za+2WrwQMNAAV4Z3tL4+OE2RLFZTTsJ9Tk5C0zIwxjW+i5G1sTQNK6Z2jtlFnHR2aqVVwhDuF1rBnKA2Qvlc4DlSIwcg8KOznBurjkMzS3YNRGNHI2Sa3Yb8IgOOymcj4Rxyd0+64XY7Jur2S0+6mP2PE55ccBda0NGcJBobymPfqRBDvFxthDM4O2OUJEIyMKs5KTyO5KLHGdjhMii3yApjWgAKmwRgaAn4C6jDdRLJYyMHcpzpPCG4Ti5sY1EKFU1TJW6Ixv65U/sBN4OTT+I/DRsuNZjchMj3I2wVJwA0bphknMazZOkq2wDcgqLW1sdJCXPPmOzR3Kzs9wmlOXO2Kangy2WEm4XGaqkc3OBnso8bCSmRMc85O+VPhhOQAN1ecClFzY6miOdIG62nTnTu7amqb7tGELpzp07VNSzOd2tW1o6Uj0wk2Twem8d4zbiywkUkDQ0DGwUxjQPpGfZBA0tDWjGU9jSzclZZSyemrjjoJ4T3Ea9m+ie5wiHsUCeuZBHl/PYd1X66yvf4TMtYd84WeUsGuKWB1ZcnmUspznG2R6o1LZ5aseJXEjO7QrGitUEXm0AuwpzYyOAl/JgaNgp2U8bY2NAAGNkXSXkADGEmnC6XhgyEiUtwUeAgjDRqOwSMzfwHJQtb3fU7KSAYhOlked3JrWjOSN05LIHJQkESTuV1qaXtBxkBN8fT/djWf8KhCaEnzRRnD3fkFFaaqbByWD3CPHTtadUnmf6qiDxU6ziKNx9yMIodI4DWU0ADgJJck0QICitI0jcKMiDlUQOuOSb9IScoyDvpS+pc1Apa/QrO85GLCFlJM8TfGEtZ/pRNNlnyCNWUUAYXcBO0+6+on5tFgLqSSAISSfgpIcEAruCk1Jz2t+pHGDZJz2BDjuUOWYMbkbqNWVYj2VTVVcrj5XHBToVnmvLfUVGli4Qf3EqsryCWgqqlmdKTn1TySTl25TRGB3T1DB8y1vlNTrrHKb4AEk8oFdVxUkXiSH7BOr6yGghMszvsO5KxVxuM1bMXF50ngIZySQmqpz7HXO4yVchAccKKzOokpgaSeFJY3UBthZ3mTNsY/GIM1EeXdGjZhdYxEa0kpkIFTnkexunGBypETdhkJRNG2oZRQAOFojEVKWRDZdfhoyuIUsueAjKGOmIOMJmc7pHnOEt/srwGkjmr2SOT2Tg0hdAORsjUSnJLoYAcp4xjdEw0N4QQ0k4RYIdcwuIwnNjxunsbgbpPeBsFHxyyHQAAgknhIklJUnuKf9xuSV2MH0Tox6ovl7K0i+gaWAunlcVYwRrIkkkkyIoaknJIiDUk5DlkDQglLaOSzwNmmDRgd1GaDId0nHW7hdJ0gLPOWR8YjXjGAhyOw0klJ82nJIUKefbus9jGQjlg6qU5wP8ANQX59USWTJyQhsaSVmlJyNkYqKHRxklSGnSEmNawcLgdudlaBY1ztRXEklCCSSSUIJJJJAEJd/CuLjnADCqXRTOSDVuELT7patyjxN8w25QRg5spvCH04JO4U1nZMiiAbxhFa0laIx2mecshoxtklckkaBjI/VcGzM5xsobidWBvgppIrIbG/KS436QkTgZRBCPC4I/HeI2u8xTDISMYU6ip208Wt+S9/mOe3ssups2x4Oh47SPVWYXokUNK+Qx00bS57naRj1K9r6L6djtVBG+SMGZ4yXEbhZD4edMOqJRdqkYjb9LSNyvVoWeE3W4AAbriW2OTyfWfDaCFaUn6CVtdHa7e+oOA8Dygnk+q88nnnuVW6eZxe5xySeyn9R3l1zqfChyIo9vuVEpNJ0xtABPKQ+jvylueCbQ0zp5AOzVcktpowMbpUtOyCFoa3BxyVDuE5a/AJKQ28j4xwiHWSvll0askrTWC0GmjEkgy47lVFlt3zdR40gyAdittTQEEDsqk8GvTVZe9hIvJgkZQrnVOETGM21bFSntDW6j2GVQzVL5RJUE5Y36Sltm3gj3u4OoqUQxEN1jJPdZSCM1M2lx3K5c66etqiXuOAcAZWgstsYwMmMeT7oJSSM0c3Sa/RY2S2iniDtO5VwQ1jMkLtPAQ0eXAUO4VII8Fjt+6yXTwdGmpIHNIZpgxnfYALS2m3Cji1yY1u3VZY7Q9721Uww0b791c1tQIxpC5d1m7g6VMUjlXVBg0g7lBt9Mx7/HkZkZ290GKJ1ZKC53lbufdWbdLQGtGAOAsU5YNkFxwSnThrcNaAFXundWVTaaJudRwnVk3hwkDk7BWfTlDBS07rpWDzfgBHZZ7GGSqqrp7LQCDI143x6rE1dW+pndKSd1LvVzNfUuLfpzsqwbrNKIYuSnyO8JuT3XHaGbuOFFllM7hHHk9gqSBbwP0zXCVsEY77n0WroYYbbAI4mb/AIj6lQLPbvlYvGkGXu3U9zvFOAPZBZwHDkk0NM65VenPfLvsr+rIpYRHGAGjbZK10cVDTNDB5nDLieVX3Od9RVsgid7FZH9w+MSTbqbx3mqm8wB8vorTOGnbhDhiEMLWDhoVL1PeWW+HwQ/DnDdDgN8IrOrr0/WKClfuRl7mnt6LNRREYc4JazO/Udyd8o7TkYxjC0VxwZZzbYmjbZSYYXSPGAmRNOfpyrSmg8NvmAyVcpYJGOQtPCGM4xspdupw+Vxc36eEqendM/Qwbdz6K8paRjAGtaNhv7pDeTTBYCUkOO3ZUvV1/ZaKV0MMgE72+X1Hurq4VcNro31cxGlo4zuV5DeblJeLhJUuyGnZoPYKQjkXbZt4IUkstTI6aV5c95yXHlT7Va5rhOI4xxyVHp4NRxheh9JWN9PA2flzvMcps5KpGZZkyxstlZSRsijYAceZ2Fp6OlA04aBjlMpaZxOQ0K5o6XSAS0BcrUajI+EcDqaDTgAKyiYMBMjhAHCkRsLTnOy5VtuWFKTXB1oOQcbIo4SAT0nOQG8iRWISNH3QByERhJdcuIkJaCp6YuuQEFgpYK6ThIHKv5ADqSSSogxJJJGCMSSSUIJccCWkgLuoKm6mvP8ACrVLVl2GsBz7p0I5GwjlmL+Il2/iFXT9P0jyXZD5ceh7Kxs9rZbqKNgG+Bss70nb5LnUS9QVZJMzyWg9h2C2D5CzgZW2qGDRt2gpnd+MDKwt+rn1tX4TnamsPC1N8uQpqJ5bs9w0tWLpI3Vta3k+p91tSwsk7NT0fQktNS9mOzVsG8f6qHbaVtLSxxtGNlMaNyPRZ7Z4GdBU5NTljk8kQ1MT0J5AaSThRLJZyqqoqWIySO+wXn1zrHV1bJId2g4Ct+pbl4xFPA/YZ1HKzoLv6U+KwEPii1kADOVdUdI2BjXuYONgodspH6vFcPKrR5w1aCzk82kaQEqCBz5g/kdgoxzPJpbyruig8KNoPOOUT5CJbBpGPRckcANyujZRawkYwUtvA1LIKd5JTEkpCBjK00xbfAuySRW36tZRULpHuA2JXj1fVSV9a+TJc0nAWp69v5nqDQRP8g2OFmrZRSTSifhrfXuvY+J0Mq18kjzmv1Km9iJdJRtp2BxaMkJSyFpUuoe0DACi08XzNQI/Ur0fEeTk7N3RcdP29rwa2ZuQNmg/5qZcKl390x2Pt6KSdFJSNibtpaqxxdJIXHclZ7JbmbKo4jg7TRnTk+qkhoY3W7ZcibsFHvE74qYaDjPKWlhjZLCK6SZtRVOOoOwUpyC5ozso9MRkvO2QpEUZkeBn9UyKyIbeSxoYQMOIwAEeWTz+wT2gRQgDY4QJ3aRnHCeoFSltId0qnMjDAdOefVZupqMHYZR66sllkc57u+PyVPX10dJE6aR2cZK7fj9M5NM8h5nyEYJ4ZTdYXyS3W8+A4NkfkA915MHy1lSZZnlz3HJJVn1LfJLnVyO1HSTsPRRbRQTTSCbhrfXuvZafTKpYR+e/qLyX83USa6TLG328EAvbgq0P8sALg/lDhMyXuC6MI4PJylvYdrmRROneRhoyodtpXXWpdW1GSyM4YDwSmyl1XKygiydThqPbC0TKZlJE2KNgAaMK5zwsGjT1t8nI4i5wPGNlBukxfOy3x/U/bI7BT5JmQRPlecBoys1VVrKSlqbrNIdbsiMejVx9ZqVFZPa+H0XG4oOtbmfGFkpneWIAvIPdZkNIAGEaLxK2eWsmJc6RxOT6IkzAMNa3leY1NsrJNs9xp6PjjgqLlK2GFz3cAfqsnjJ1Z5Wk6hIZTYx3WbBykQOB5OeZ7Q0e3CvKbBp2n2VGzgq3oDmnbvlNOfpeJhyE5nZdOClGcOCpnXrWAwBCWgAg55RQC4bBDkaSWkLPab4EqL6dypVLjcH1VfHtjdT6THityeyT7N9TwHeCBj1VVWsOMq6Iyd+ygXCHMeoBLyFdHMCmA5QTkHKNvq3XHjYYChycHYnEEKzopCWhVLOVNoXlsnthWngdRLEsFk4Bwz6KnudP/wARoyrruFFqoPEGlaosbqa90eCkgeWjBanTNyAQE12YpSwtxg4UkgOYCOU04coZTiVz2kHhAcHNOQVPkwCRhRZG9wEZi+PaWlBMHwNG2VLVFQTmKUEnb0V+x2pod6qHR09m+OGLAXcZ2SSUH9AZoARnHKrZ6cDJVxIMtPsoTcPeQ7bC01LdwcXyS2tSRTvaY3DblFaMjlS6+jawCUN2P7KG30TVHBy/k3HUsFdHKNp/l7K2WRUk5w3TcpakGmSKeQNPm7qfgEAhVGDkYKsKOpaGiJ5391eUzRXZgkOYEPT7o+QeFzT7q2smmMcoiub7oDzqyCFLkBHG6DoOSQlOOC5QZCkh7gI1DW+FKI5Bj0Rg0d98KHU02p5c0DdV0D1JM0LZGuAICZI0HCq7ZVuINPK7OnjKtGjWduFDo1NW9Ed8QLSq2eAtcSr0x5GCFFqabIyAEMeAbtOrCpY85wVJcxrgMYygTxFjj2wmskOfstELM9nEvr2SwSI3mNwHqpsTg4Z1BVziXj8l2mlMbsOWuE8GOcclo77JofnslE8PGEyRuON1pi88oVjHYYDOw3yuIcUmNiEbOpM4aKG4ycKPJHjgI2lO3S5w3FkJ7d8EfZAkYc5AU6SLPA490BzCdlksrGAGSFOkAfuuPZgZCGx5Y7OFnkgl/YZ4Rac42XWOORhHOlzfdBMZHZXHgvOSfTTjGDj9UV4Dt+FVxSFjsqxhqGvwCU+FmeGLnEWC12MIrHZCdpDuyDgtKYm4gMkx7E5RiA4bHCiNfjsnRk554TE1JCpc8ilhGNhkKLIws3Df3Vq1oI3QnRNwdkqcS42emQqapLHYcMKxje17c5G6ramnLTlmwXKadzSGO7Ic57GPEuUGqaNuvXFlpPYKZbb6+kxS1zXOAOzvZdiLHjflDqaJkjcO/I+iOKdck4gTUZx2yRqYJ2TMbJG7U1wyCpWGPZ4b2Ag8grE2+41Nql8KVpfHn9lq6G4UtawGGTzAZLTyFuhYpdmCdGzoD8vU2uYzUg1wO3LPT1wrSlqY6locw7nkdwmuCE+BoOpmWO5y3ZORjmtzLEM2TuxQ6WfxAIpDh4G6lhgxnCjxIVKW0hSU+ok44QRGWv3VqYgRsFHczUdm8IZRSBVmQDWbcJSU8c0ZZKwHPCK0EEbI7QCOEDryMjNx5RjLn07UUspqaAgtO5Yg0VW138qXyuGxB7FbnQBk4VDdunBUyGroiI5OSOxS5Q2s1w1O7ibK90OeOFElp+4C5T1ckMxpqsFrgcbqf4IkGR98odqY/ftKZ8GDnT+6jSQkYw3H5q5mpt8gKHLB/hSbKv0Ohb+yAx7mHDhwpLXh7d9k10O/Cbu05/ZKawMzuOSU4O7QortcZ3aprJwdiE6SESAEDCFQyXGbXBCbIHAbLpYXbhOkgcw8YTWP0nBCrGA8oaWqxsN+runK1tbQu34cw/S4KIRluQEEvycY4UDjY4PKPb+kuubf1ITTvHgVLRkscdnfZaCqpxMNPHuvnOOWWF4khkcx7dw5pwQV6V0h8TIxFHb7+x2puGtqGnOR7j/VGmjs6XX78V2GnuNp2Ja1Zmst8kJOoYHZegiSKoaHMw5pALT6hQbhbmTNyRumtLBunFS6MJFI+nJ5wUaVlvuTAyoBbIOHKfX2mSNxIbsAqsNcxxxyEqSyAoODyVlxtk9Bh2z4zw5vb7qG06lp6ata7NPWNDo3bfZRrlZQ1vzFvaHtH1AFZLatw6M8kOx3659PXCO42ycxyx7ggnK+kfh78UbZ1hEKOdzYa+NoD2k/UfZfMZj0kAnBSp3zU8zZYJXxyMOQ5pII/NYp0uPR6XxXmrdG1HuP6PtTGdvRcLNsHuvJvhz8Yoq6SO2dTzNim0hrahx2k9j7r1svDwcAhZJRaPo2k1tWsgpVsAWDckKpq7UfEM9G8sdzgHG6uNO53XC3PfhClt6NTgmVttugld8tUjRK3bfupr2gqPcKGOcBw8sg3DwMFQ6atqIJvlqwE42BwjjLLAlD0UvV3QVD1JC/S1rJXDuNsrwDq7ouv6eqpI5IXaWnnHZfVQeDwq2+9P22/QiC4Rah6gbojha7w9OqTceGfHb4cYw1TLdWz0Mwkjccdxlegdd/DaosNVJUU8ZfSu3a4Dhefyw+D9kaeDxN+is0s8SPQum+soZi2mndpd/iK2dPXxSgOY/n0XhLJTG4Edu61dg6rfC5sEpGOASVohbjslWpcHiR7Hb6/QNJIOVd0lTkAkDdefW+5sqmDRLur+hub2ARSnccFaIyydKq5TRqZKeKqb2a71VPV0z4X6Hjjg+ql0dWXAOG6mtkgqW6JQPzCth7Y+igAc3dmR9lc2m5lpFPUH2a7/QqLc6Cqo2mam8zOcY7Ktp6tr5NEmzj2WaypSNWnvlp5ZgbiOQPOxCsYHBoAyN1jqaslhxh2wV3SXGOQN33XI1Wl3dHr9JrozjmRel5YzUFLgq2EAA5yN8qsp6hrxpIyCj6e7QuJZpVng6kbcrKIF3tscJ+agb5XnDgOy8+6o6aBea6gYWuHmcB6r1Js2Rpe3IPqqeppWsqHROA0P3asV2iz0W7P7HnFg6llieKSocWSMOAScZX0T8LfitHXxR2K+SjWMNhlcdz6AleCdZ9GPANztoIc3zOaFS2a/vlIppiY5o9ucErn/BKp8Ga6qOojtkj7hqKGF8hkHcdlHqaOmqaaSmqoGyskGMOGRheQ/C74yQwiHpvqioAiwGU87uR7Fe0ERzMbLC9r2PALXA7EI8bjgz086ZuLR8Ff2pP7Lk9gq5+uuiKYi3uJfPAwZEQ9AP1XyyyUsOkj7r9lKu30tdTPpaqJsjHjBDhkEfZfEn9p3+ylUWyep6z6FojJSPJfU00Y/uz6j2XoPG+R/j/AOnYeI874OWql89P5ez5Qil1DjlSWu1DKroy+NxjeDkHBz2UqJ5xxyvaaeyNsFKLPnOopnTNwmiSCiAjCAnjlaDK1kdnCcd0gRjcpqXOO5EQWCVzHgg8LS2i4YIa4hZZpwpFJU+BKH5JA7LmanTxsi00dHx+rlprFjo9IpZg4DI5Uota8bjKz1uqtcbJCdirynkDmg6l5y+n43g+h6a+N0FJFXdKIQOFTT5GTuB2VrYb4HAU1U7zcAldnZ4mNshZ+ogkp6k6CQM5CyTqUkbK7p0zUoHobZc4KkU1Q5juFlrRd3SQBkzsluwKuoKlrt8crl3UYZ6jS6uM4qSNXb69wb9QVjWNbKxr286RlZKmqnAg8K9t9aHnRIdiO/Zc6yv9HYpu+R4ZLp5jG4B3KsG4e0OB5VTPGdQLVJoqktADlnaNOdrDyx6hgqorafB2CvjgjYqFVQB4wAtNFu0z6ipTRk66ja/YtwAvOuqbAXyPf4ex4IXq1dDo5Cp6uhjqoXRvYCCu5o9U4STPK+T8dHUwcJdngdXBJRy+HI3fsU2N2QDhbrqrp1sQdqZkblrgsS6n8I6SV6/T6tTij5F5Hx89HNplna7m+nf4Upyx3qplxtTZgaqmAwRkgKgAWgsleC35ed2AG7FdGN2ezJDE4/FayhlbpOF2JxYdt1eX+yuYPmKdvO7gFQt8pyrbMttUqnyXdouAp3iN7tOrg+611vrTMQx7s4Gy84JyAMq3t10nhAje7OOD3WO+neuDr+N8j8X+nYejQzSxO1xvLSO4K09qukdbGIpsCQDH3WDt9yZNC3xHAuVrTzOa4SROwV57V6KNiwz6H47yMq4pKWYm3Dn08mthIwriirGVLBvhw5CyttvUM7fCq/KRtq9VZsDoyJqd4cORgrz91Uq5YZ6qi+NqzDos7jboqyIgtGVlq+1S0Y8RoJZ/ktbR1rKluCQHjkLtXAyojLcDP2SU3Ee4bzCRzuYQMYWjs94EcjA84PCr6+2CnJDd++VAi1RSZc3IQW1qxBQk6ZHqNvurXuEUp+xVu17SMggrzO3XF7XjLj5ec9wtXQ3dj2gH/Nc23TnX0+pyuTQl+eOymUl1fHiJ4LgNgVURVGRko7XA7+qwW1YOnXPKyainrC4ZBBRnaalulxGPust85LTloadu6sKO7wEYLjnus2x5NEbU+GT56Dwv5tOfMOR6rsF08SPwJzgcEFEiqvFGQuTU8E25jAPqFa4G7VJFVW2GSmkF36ck8Kpi3LM7OHcK0sXXUUzxb73pgqRsQ8YB/NQ3yVNBIHeYRjlybU0Nrv8AGG1DIy/tI3Z36o42+jNZDabOpt8MjfFhbjIzss91D05aOp7dJab7Qw1DHNwDI3JCzlL1J1T0O4UdcZrpb2ned4zknn7LeWq6WPqqiFVQVkYcRkjgg+i2UamdP4MyzirPtkuD5L+KX9ny9dGNfeOky+7W1zj5dX8yIdg7nA5XlLKojAIX6Evpp6LyzRZZ2cAvJviX/Z36d64ZPe+mC223s5dgN/kzvPJcBxwvV+N89J4hf1+zxPlvp3ObNL3+v/Y+VmkTYOAgzUMTsK7v/Sd86PrjbL7SuhnaTjI2d7hQWxmQ4HK9ppNbXbHKZ4bU6OT+22OGVptNMRuEJ1pgwdLTlXPysjd3DZMLdOxaunDUwfRy7fFRfoz81onLst4QTRTR51jK0pYShupg/GoZT1bE51viX/SZoxgcjCXh4Wjfb4SPoGVDktwB2ajjOMuGzn3ePtq9FNoeeyXhu9FYupS0fSmYYDggJ0UmYpqcOJIhtjcniEu7IvlT9TfVN2YF7wXgE/h/dd8J/opBLe4XPJzwi2omGwPhO/p/ddETs8YRvHgG2rdN+YYDkN/dFiK7AwdbCOcIgiwhfONHbCYazG4P7JnyVxBcWyYzLUQOII3O3uqqS4zN8oQ3Vk55dlDLURXRFU5F58y0bHCaKpuVSGqeeShmaQ9yhWqL/j5NI2up8HL0Ga6wN4P7qhDic5KR3UeqfopaaPsuDfAMjUgvvZcCA5VZYnBgHp+iW9TYw1RWvRMfcqh7i7WcFAMzn5JzumBjs8YT2x4O4Q/LN8NhfHGJw6zuSuaXeqMGjHC7gIXFsHKXQDzNXGgk7qRgJYCKKSL3f3GhvskG78KQBjYJItqLyNDBjcLoaAcgLqWCiKEu6vZdwXbp4GESWSm8DQ3fOE4fUFwnCTPqCNIVKWQw4T0wcJ6dB7QDuSn5c7bKRBO+EURk7ZWmMdwJ1jO+UVjDlEjp3HfClxUZTo4QMq5S/EFFECOEZrHHbGykMgIG42R42ZGnSilaoIdXobLOyKIhzhPDAFJ8IYzhCJA7jZInqkuzo0+Lz2M4VTeLzHRtDGnOdiQuXi/Q0kTmt3PG3dZGWSeukL3EnPA9Fydbrn1A6NOihAFX1s1dMSSdOdghsi0gZCn0lmq5SD4f6q4p7I2NuatuFxLNRl8nTo0UpfgZ6KlfKcNaVaU1pDQHTj9VPnlt1vi1RkFw4VJNdp6t5jjJwVhtua/E6kNPXTjfyyXUVVNRtIiGSNh7qtkq5aw4c7bspEVqqqp4dIdgtDa+mKfSHP2Pv3SnJz7N1enst4iuDP01tEjgSr2jtLRsDyFpqDp2nJADBt7LQUnTtMMAsCVhnT0vj7I9met1ha9rW6dhvstJbLFCxoc5uD22VrBb2xs0sDQB7KyZEIWhzsHZGuDt6bTRh2iNRW8NeDpyB68K0a6OEDDQcKM6qjjacD7KM2V8jsZO6PejaopdEqaqzs0ILdchwispy7BIUunpgOWhQ0QjkFBCGbuG6mBo5AXBHghGGCBslmuEODjV3ISQw0g7lEMCLuCkNl3WCBsoGceMoRGBklG15OMLnhF5CMIAC4nGlHjhJwUZlOGgOITi7GAG8IcgnGtDMbI7eNghCMuwcIglIAGlREHZA5XC4N5OEyV4cAc4woM9RrOlnCvILeB1XVOf/KY7buUOCP1C5HFk6j3RhhgUSMtth3AG5KFXV0VHFqe4Z7BRrhcIqSPxHnjjflZqqqZqyUyvecHgIzDZZ6D1tbJVzF5OfT2Sp4XSHdNpItbtxlW1PAGEEjCakLhGU3wKmo3EZDTlazp2wP8ALV1EQxy0HlNsNjlme2cgNaCNitvBTeG1uwxjYDslzs2npPF+P/8AqWIfRU3hsBeBvwB2Vg1oAwFGaCNiuyTNjwDssllm49LGGOiQ1w3LuyjVNzja/wAKFut3ohmomn/lwtw134lLo6COE+KWDUfVZ3I1QWAdJbHzSirrOPwt9FcQwsjA0tA7pgOe3CKx3IxwkSnk0Rg2w7diEQvAGdv1UfUPVcGfVJcsDtg7XvgBOzncpBgO+E7Zo3KrJDqWR6oElXCzbOT6BR/98m+loY09/wAQQby28E10sbDh7wEF1QZHBsTAR3LlyKkjGPEBcfUlSPDYzAa0AKEyD8EPHnCPA1rCMALu2NgnR91ZYZJMXHODeVCBsj1SyPVRvFPqVwyE7boCEkuA7hLxfZRCSTzxymVFTTUkXjVVQyKNvLnOwhayLnbGvssGz57JGp/D6rE3P4qdG2l5Y+6x1GO0B1HP2Wdrfjk7IfYrBk5OmWqJH5gBUZp6yqv2etMeXY908mKNuZZQ37r59r/iv13cTJi5tpg//umY/wBd1nKquulefErbtWTPJy4ulJBP2UwZZ+ViuII+ja/rTpC1Mc6vv9Kx7fwNeHk/oVn6741dHQBgpBWVRdnOiEtDfuSvC9I5O5PcolFQVlfMKehpZJ5D2YMosIRLyN0+iIAn4K6B6pwx3X0nGT4n+IxIcp+n3TM57K8MFySCbEcIetMfKI+VDqKxmMFHGrcY9Tr6tJHdN8EqWQMbtgqqqa12SG4OCo9VVSuPkfgFR2EnOTlPjVt5PnvmPqqVjdenl2dlqHyPJcUi3PKbo904kAZKJLB4my2d0983ljS0AHdQ6y4R0UJe/nsuXG4xUkfiSHGOBnlY243SavnJLiGDgIZzWMGnT1OTyPu1dNWPy52xOwVYOUbXrABC61hyszbkdKMdnQmszjbhHjaMAYSiiJ3KMyMgbdkcYMqc8I7G3PCkxQhMjjwpccewWiMcGaUs9CbFsCAkdgupr58jGEYHYx3dRyTlEcd01WkM3YEku4KQBymx5B3M7gJ5AHZcBGEg0lEQbuTjCfoAGU/S0DKGcnsoQWdsYQiCUUjAzlBL+ypjROdpGAFxrS4hy61hcQT+iOcNAw1FGIEpYGNGBhcyVzxDnGlPa3g4VAjcFcR9IxwgkHKtoM4ku4KWCoQ4uhpKQ5RDgN4RdLIIKXDG5PooTnl5GEapJkHhjuhMh0jdZ5vLNEDibNjAT3nSFAqZtseqVLo0JZGVU4Gwxwq18xccJ0z9ROCgsaSVlnLPA+McLIQNzvlPDdtgutjzwMJ5Axyoo45LlL0hodldXAMEhdQPsIYkkkqIJJJJQgVJJcf9JUCESMHcKISclPJOeUwDJwltZIdY0lwVhTxZwcIEEQyCWqezS0BMriLsHgAAYTxgAnC40LshwEZmI88pHlAQWDJyQuuf5sYTgmYD6HppIPC67goTRuBlBZPYg4x3PAaGF73jA2G5JV5YrbLd6+KmY06A4aj7Kucz5WEbeaTC9V+H/T/8OoW1ko/mS+bcdly9Tbu4Pf8AgtB8TUYrlrk11lt7KCkhpYm4DQMoPVF2+TjbSQuGtw826sZZWUlM6okdjS0u5WGqHS19W6pkds45Az2XOlLB72uv4Y7UNZxqI+paDp61Ag1s7cjOGA/5qBara+4VIA2ijxqP+i1NQWU0YhiAwBhLlLHRpri3yMqJGsAbgBUzWOqpyME5ONt0+ple+TYnAVnYKZ2o1BG2dikyluN9S3dl5aqVkTGxtYBhXLWhowFEpmiMl+nlHmnbE0ucNggfRtWIxwV98rhDEKaM+eXY4PAWbu1c6lpGU0YGHDCJUzunqZKiXYAnG/AVLqkuN0BjJMcflGElsXucngkWS2tqqkyzNyG7rcW+kBHlYNLeAq2gojE/AZguG6v42tgh32wMlIufRroq+OIGunFNTkj6jsFW2yhdW1Je/OkHJ259kyZ1TX1YYATvgDsAtFBTso6dsbR5hyQsVsuDoVxZMbLHBEI2gANGMKqfUPqKkMPc4+yZPVOcdLVPt1KIGGWVoc92+/Zc2cucm2pc4JMcccLAxo/9V1xLMH1T2s31vH2UOpqQ86WjjZZbJGxcBbdTyXSuEe5a12/sFP6qujIIm2ymwNLcHCk0zW2KzOqMtFROMjbcBZGV0k8pmlcS5xySVnctzKlLABjScZTxHjc7JzAAc44QKqcDYBFIpDZ5W5DQMqXZ7a6eXxnENaPVRLfTGeQySA6QVdMcGgADGEqTwElknSytaNDT7KzsVvla8VMrQc7tae3uqmgopqyoDGDIG5JWxhi+XiDCcuAwSs9jyHGIGuqxSRguOS7YAd1FtdMZZTUvGcnKj1kj6ys0s3AOloV5BG2mpw0jgbrK5YNMVhZBV9dFRUznycnhed3WqkuFWZ5OOAPRWXUd1dV1DoWHyt22VTFGcjKZWsirJ5ORxacZCK3AT9OykUlN48mkjICe8RQnGWSLfTHImc3bsrNjNRDWpCPQ0N9FLoaZzneI4bdlnk8s0RiSrbSuY4uI5Vu1rY2ajsECBjWDhUHXPUENst7qZsgE0jSQ3PIUSyFKSjHJmOueohcK35CjmPhQjDsHkrN08Zdk4yo9PqlcXkbuOT7q7tlJ4srYgOU6K2mFzc5ZLXpSyurZDO5mwOAvUbZQilibGWjGFW9OWZtHE3DOVqYox2aFy9XqG5tIZBDqWBoxsrKIAYwhwRaQNkdrSFybbcsaGY0EZKNgJjPpCIs7eWTsckkujlUQQHdEHCQHddRJEZ1yIhuREsWxLpOU08J+PQoZPBRwnKaBhJqIqSyAJJJJEQCkkkjINXDjjKR4QyTnlRsh3B9V5d1dcKnqS/xWOif/ALtTOBqCPY7rZdadQCw2aSWPeeYGOId9RWQ6Qt0sNLLWz58eqdreT3K1URyaIJl/SUkNHAIIBhoTpHBw3GwTmjHfKo+oa90DPCid5j9W/C6VccD3gzvUNyM1S5jT5G+UAeqsOkLaZ/8AeZGkZOQss58lbViNmSS7C9P6YonwULBIN0637INCy3aNIAARI2kE5CdpGxRMD0XLlL9jMiHCRxxlOOwQC7flAWjuFXXWsZBTuDjjIKsjwVX1lFHUjDxsrXZGYRzzNISB3UqnodZGRgK7msTQ8OhbsjxUHhgZaNlqhLgIjRwlsYGMYUSukdGwNbtnlWzgGDcKjqZfHmIB2GyaWSLRTSTSmT8LVoGDAwg2+lENO1gG5GSjnDQTwpJ4DSyNe/QoMxc95LinzyanbHhNyBylxTk+Rj4Qw7Kk6muraC3vfqDXOBAV1NKGA5xwvJeuL+641j6KBwDGDT+eV3fGaKd1iaOPr71GJn5HzV9aXFxc6R2FpIYhBTtj2BA3VZZqMN/3iRu4GynTzg87L31NXxrB5p2ObywdXJl2M+yubLSRxxeO5mXnuVSUtOayrY0bgblanSIYmsA7K7XhGnTwzyBrZMgNCBEMDOE6XLnZwnMaTsBwsbZoxgJwM+izlzqpZagse7IHAVvdJ5Iaf+WcE8rMl7nSFzjkoksi7Z4JsQONlc26maG+K4ZPZVtujEjwHjYK6jw0bcLRGPORKY8jJySqe81hb/u8TsHHmU+uqo6Zmtzseg9VmqiYzSl5O5K6FNTmc3yOsdMXGJEnB8xO5Xm/X3UJjeLbTv3AzIQf2Wt6qvbbXSygOw9zS1m/deKVlXNPO+SV+p7zkkr13jtLiKZ8V+sPNOqL09T+59joI3VNQ1gydR5Wwo4BFEGhoGNtlX2a3xwwtl05e7kq2BGMAYC9FXDB8kvsbWGMlYCRhCeNAx6oz2kblDgikqaoaW5HotKxFZM1acngnWm3mN/zUjcZHlCtHgHGUg0wsa0+ij1s/gxeIuZqrMZZ3tDQ5NRKi/VPiyR0UR3OC7Hp6LI9ZVIY2G3McSQMvx/kr0u8eslq2/S1Y26TPq62Sd5zl2y83rdRuWD6R4zR7YJjqSDRCMDkIcow4DT39VaU9PmnDyNsKBLHl+Vyuz0e1RRk+pyMFue/Czcavepj/P2Kz7c6yojxPknm5slHgYVvazmDSTuqhvAVpaCPG052xwmoxUT22E7BB3KfF9S5INR27JR8qmdqvlk2MAhNenxfSmyDCyzllnQgJv1hSodpWFRO4+6kRu0uylyNlbwWgZtnPKBVx6o/spbG+QboLmpHJrlHfHBm6hojk0gLj2gtGQj18emQk8ILeMKzk2RSk0DYMHCk05w8HCB+JEZ2Ri4fa8lxA7xGrlRGHNwUOikGwUxw1DCYpYOlGKnHkztfTkP1Fv7psZAABKs6+EOBPoqoDQ7crTF5OJfT8c2cmjJwQgOjDmYypjzlo2zlRS4tJ2TTFdHBCeDG4EK7t0/jwAE+ZuxVZJHnflPo5TTzg58p2KgqmfxyL3RsDjlN0+6kMcHMDm7jCFq9lDo44yc52VZO4wVDiG5B91aqFVw6nA43WmrhnM19bnVx6JEMTKmENxkEKnq6UwSkNGysqKUwO/wlS6qibVMMjWjJGcrS1lHm9zhLDM3wiNdgYTpY9DnNIwWoGo5QmhPdHI97M7hALSDvspYIe3ccIbm9wkWL9BReQKfFnWBlNIwkDgpcG/Y6L2vJaxPy3KKq+jqfOGFWIBPC0HQompIdpDuQo8kbQMgKQw5ylIMtQNZNTjlFeRgrjmjG4RntIPCFjCqSyIlEiOh8ObxGjvlWdFVh0gicPzUV4yEJjjC7UBlLk8F0zlXPMTRNbn6TlNkYCPVR6Cra9oPJ7j0U0u1AbITpwnvWSoq6PVqIHPG6rTE5pII4WlmYCMYVZU02dw1FGWGY79IptyIUR3wRylNFjDm8LnhlrvspEeC3da67NyOPfTsYKnqXRuDSFYag8A5Cr54PMHNGE+GfQQ09lpqsUeGY5QbJbmcEJzDjK6xwkbshkFpGVsX7QnAYnCWC7sk3DsHKccadgmYyUDcMKO5uM4ClHc4ATHDy4ASbK8lkJwBy1B0d+FLc05OyCW5B2WK2toYRwSDhF2I5QnAg7pNJykBYydLO6ayR0bxhGyHD3QHMyeFaeOSLngs6epDwBtujviBaCN8qmje6Igq1pKuJ0Ydn7j0TY2buGKtTSyMc0sPCJE8Z3RZIw/do4UYtLDwmJtcCc5JzHZCeobJQBxypEcoJV5AcRPiBByMqBNDo3a1WuA7CHLCHAbbqpRLjPBAiqXRuAcrCCVsrc6goE9M7ILRwmRSOgdghHF4GyxJFhUQ6hsM7KG11XSSCelBy3nHcKXT1If5XDOQjmA4BaOUzP6E5w+SfZ7+ysxHMdLuN/VX/AIeMHnKw89E1zvFi8j/buraz9SPhcyguTDngP9k2uz/nMt9OczrRqom43I3KlxHcKLEWvAcw5B7hSouQVoTz0cy3+4fAIUcs3OymDjCWlvoiwxXRF8FLw/dSNAQDEcndTDDyOXAwDcBOAOU8D1VbMl8roorx0/Bch4sREco7+qzrJKm3ymkqmHLTjdb/AE+6gXOzUt0YGztO3dvKF1Y5HV3bVibM6wtlbqA2PdR5qfPbCbU0dd0/UfzGvfTO2DjvhTKeeCsbqiOSOd0qfPBp3Ncx5RVyQY4Z+6izRnHC0EtK2QYA4VfNRvbkAZSZwyaIW47KbSWnZGhnIwMcI0sGDxhR3xn0Sdm00KakHdG2YAhQ6iAtIIThJJCQAdipLHtlAyN0LWAnx0QI5ZYZA4cDkeqlSwR1MPjUwGR9Te6dNBqHlZuosfzFJJraOe3YpfZM5GHIOHAg+6aeNirMGnrI8kAE8qBUUr6Z+N9PYqmnkKufPJoemOvbjYJhHUNNRS8FgOCPcL1q29QW68sZJRztc17cjfcH0IXz+FYWu7Vtpk8aik0P/ZNTeDp06yUHye9TUsdS0tOMKlrbD4mfAbv3VX0n17T3V7aSsAgqA3ku8r/t6FbJjmPbuPKVR1a7Y2rOTzupp5qeYxyMwBwV2GZzCNLz+RW3uVqirI9DYhk91krrYqq1nxYml7e4AVNZHEert0FwaJYXCKYcHtlVJa+kkMFYzD29wOfdXdHPHJGNOx7hHmgp6tnh1MYcRsHdwlTryMhPaULQ04dG5el9B/Fe4WDRRXSM1NEAGgNOHN9wvOZqOSim04LoyfK5OZIBjdY7NPnk7XjfIW6We6tn1vbrnQ3aBtXQTtlheAQ4f5H0UwHK+Xumeq7p03U+NQylzXbOYScEf9V7l0l8QLd1BGynd/Jqg3djzglYp1tcH0HQ+Vq1CW54ZrXtDuUF9NE/dzQfyRg8nkYTwCeEtrjJ1+GVD2S0cmNzGT+iK2VruCFPdHqGHcFQJ6RkZ1RhUp5eCpR4I9bTQVTPCqImyMdsWuGQvI+uPhQ988tZZmDw3+bw/Q+y9dc7BAcmOw7Hf2Rp5Obq9HDVR2yPka4UFRbqh1NUxljmEjcKPG4ggr6Q6w+Hdp6la+dsYinxnUBtleF9TdHXbpmYmphLoHOw17RkfmmI8NrPE3aebaX2g7Xfqu3Py17nN9CeFuLV1YydrRMF5hFLvxyrCmrHwEFu4HITozwc5XSr6PZ6C9A4fBPkf0krS0tY2ojD2nfuPReO2e8DDXNfse3otZaup2xSAAH3901TT7NtWpb7PTqSvcGCOQB7fdV91sFLcXGron+BUAZHbdRaC7Q1LgwnScbbq0bUCPBxn80b6NsLEzOU90fTzfI3CPw5mnGTsHe4VzSVGnDmo9fQUF6iEVVE3UOHEYI/NUEra6wSeBUNdNCD5Hj+n3Wacc9nTo1Di0bKhuTdhJsVeUtSJAAe6w1HWRVEYmheD+fCuqGuk2DzkBYLtPF/ieh0euTWJmlfHqALUCeIPbh/5H0TaSta5uCjuLZG7bFYJ0nXhYpogOOG+DKA4EY3WC6y6I05ulnGZfq0N7r0CaLfYKC+WakeBIzVF+J3osdukUiZSPLbVdTL/u9SCyePYg7HK9c+G/xjq7FVRWm9PMtI/DI3uP0DsFkeq+i4bnGbvZ8MmA1EN/EsKKieKU0de3RIMgagufZpnHozXR+Xs+7aC40lzpY6yikbJHIMggrlRSxVkZilbnPHsvlL4c/FW6dDVTKZz/Ft0pAnhBxkeo+2Svp3p3qWz9S0Mdws9WyaOUZwDu32ISHFpnKtp29Hyv8A2m/7J7K51V1t0HDon+uWjjbs4b5x6L4vqKapoKmSirYXRTROLXNcMEEL9kCWlhD2gj0K+a/7Q/8AZa6d+IMEnUHT8YpLxEHO2bnxWjseMrveP11lKUWzxvm/BVaqDnVHEz4GY70GUYHKNfbDe+irtNYuo6B9NUwuLS13p9+6C0h41N3C9TRq42RPmOo089PN1zXKO5K4kN+F3GFrTyjI00LJHCWT6rgOUkM4ZDTxyi4s90MDhBM44J8p9FsKCqZIAGvHHqvOfEDfdaKx3WF5aM6SOxK4Gu02fuR6jw3kMP45m4icCNyN1Gq6ZswwW5TaecOaCDsVIc4SDGfzXDnBx4Z7KMk1kooHTUk7mYyMlaOgrdYa0ngKuqqQHzDlRIZnU8ulyy2170aKb3SzaU8owHAgqypZ8OBOP1WYt9WHgAn1VvE8DDgVzraD0mm1CaTNbT1TZWDVjK6HmN+oDYqkoqsjAJVr47ZGBc+yvazrVXbuy1gqS5uDunPAcFURTvik1A7d1aQyiRuoBKb28mpNS4IddSCaMhow4bhUmnS4tcNwtQ7nlV9fQNlzLEMO747rXRdh4MGq07f3RM1c7bBXwujkYCCNvZeT9T9PT0UzpImeQende0ujLQAQqa/2VtfTkxAahk49V3dJrHXJZPKeZ8UtZVwvuR4aGlSYmmMhzTupt6s9Rbah5cw6CTj2UKM9l6anVb+T5nrPHuqWya5NRZa4XGB1FVYL2jLT3IVHfbY2mkMkbdIPI902F0sEjZYXFrhvstJE6C70g8XSJMYP3XRrtTXJjlRKcNkkYYZPdGY/w3ZHfsrG8Wk0Z1NYQqdyLtHOtplW8MvKC4GN7c8Ba22XSOUNa1y89hJaBurO3XJkDgH9+yx36bedPxvk5aeSjNnozJGuGWuV1abq6AiGV2WnYFYe3XLxgNJVzDUh2FwtVpVPMWj3+g8ltSlBm6afMJoXc+hVpR1pcNDgdXv3WKoLy+DEbzlq0UU4cxsgPIzsVwrtO4Hr9Lq1fHMWXEtPDUNIc1UVfa/COpo2VlT1ZJAKlSiOeMAtAWPlG3EZ9mUDnQPHlwrOirXDAGM4T6y35JLW8BVul1K8ZH7pUo7g9zr6NlabtnEM5xng+6vYpDt6FYClqg4AY4V3b7o+B4ZI8ujO2/ZYrtPk36bU4WJM1JcJBjH7oL4nwjxot8chBgqopcOY/KlseCMcrFKpwOhCxS6O0t5fA4NLiPvwryjuUkha7IcCs5VU0cvIwfUIVNVVFHII3AuaOCkyhk1K1o3sc8U7NEjQQfVV9x6fL8TW+QxP5wDgFVlJeI3gHJBV5Q3JjwGzvwOyUk8hznvRXQVkrXCivMAczgahkFVFd0o2Gb+J9NVDaadvmxnb7LYVdJTXGAta4OI3BHIVM+mq7ZIHEl7DttymJ4E7f0Lp/wCKkcBNo6yhfEG+UTBuR91sDRfNQNrLHP4lO8ZDO6xtTbLTfISyphYHYPmA3CzlO/rXoWd1RZKySWmccmNxJyP8k6E+MCZ1m9v1m6Y6ytr7D1VbImzEYzIAXs/5X/8AovnX4ifAG8dIxvvHTTH3C3A/zAD5oR2/LlfQtn+JvS/VjW0PVsT7dUt2D2jGT9/0WkbR1tvDpKGV9TSnYahvhb9Hr7dFLdBnJ13i6tbHbZ/3PghpLhhy5JG36sZX1t138EekPiE01NFMbNdWkkyAeSU+jgP81869bfDLq/oCdrbxRCSjJIZWRHMbvYFe28f5iu2OZcM8dr/EWaWeEsx/aMeQPTGO6WgeuFJa2CTnC5JTBw8uwXfr1MbFk4s9K+49EUtaUJzADuEZ48I4xn2QyC/stCtUjNLTt9kaWFpwo8lDC4eh9VY+GXBMczstMb3E59/jq7O0UklDgnSeFGdFICQWq9dFk8cphp2Ebs/dNjqm39xzL/DJ/giiOod0LxXHbZX7rfCQSW/uo5tsIzgJ61CZzbPEXQ5Kch3KRcQ3GVPdRY4CCaN2Tsqla5GOzSWVvlEPxXZ3K54pUn5R/YJfJyHkBRcifjku0wC5nPsjmkcO2UzwHZ+nCsNVPAFOwEYRdsIoiJ/CUaTKcZdJEUDJwE4MJODsjeGfROLR6IsEUGN8MHld0LmfdLV7qspANZHYaEtvVDyfVLJ9VeQJJsckmLoBypkDYwqcmDhExjdMSbJsEBnuuJ43OF0sPICJrBBAd08AbFdwElGRjsBdSSxlMFPLYkk9sZcjR02rfOEecFquUugOEeOF7uylQUbDu5uVOZTtZghqJWJGmvRznyQ4qF7/AKe3upMVGW4JUtkZaBjYIgYOcpqvWMGuvx+e0MiiDRsFJja0Y2TWNDeQiNOM52Qy1SiuTpUeO/sOa3fZdc0RjJHKa4yNwWHCGBLUeVxysl2uTXB16PHpLrka+bGQBlVldLNKwxwnGecK8gsdTN5iDp77KSLdQ0YzO8NPuuVqNU7OMnXq8TJw3SWDFQ2CWqcDLCXK3p+nIKcB00RYAErn1da6BxZTkyub2as7V369XyQiPXpPABxsuZZc0+CQp0tPD5l+jQ11ws9pi1eK3bsDysnceo57m98dNqDXbAkKwpOjqmsc11U7nffK1Vo6GbGA7wM49kiU3M0V6e254UcIwNBY62sIJBwOcrVWzo8gNJhyd+y31D0xBTNDtDQfTCtoKOCANyxp/JVJYOjV4yCe6XZjaHpl8JyIAc+qvqGyQRAOkYM+yt5JY2ABrAEA1IxjCLGDp06dVLCOigpmAaABjsujQwZDeEF05zymGTIyphGpcEgVIGRsuGqkfsd1FDHSO2Uunpy3BcoPr5HtgfKQSMqbT0wjwSESmY2McI2WncBQ0KJ1jQMDCKPpAQxyiDhRGmEUkPAwnoZe31TXT9gEI0Lgeq4ZABnY/mgeI535pCNx3x+6hA4flEaChRRb8KYwNY0EhWwwcceTghG8jB2PtlDfLggNCTYy8jdT/IY/zSEBowiRxaRk8p8TGtamPwByp0QRc0YDR+6FJI0c4CZLKIyoj3ul5OEG/ILeB00xlPhxHbufVNZFjd3K7C1rQNk+aaOFuXFMSMdtiFxndVV1uzI2mJh39QgV911EsgdsqnJecuOVMmG21NYQMyy1MpMji4dlIgpy8gcI1FRiQ5A2CuKG2h+Njt6IxMIucsEe3W98jw1oxnutdaLCGStkqRkdgQpFqtMdO1kskYyB5R/qr2CFxcFU57ejv6HQ/dlkmjhbGA1jcAdlaQNAGfRRoWCNnmGE18s+SIXYWaU93Z6mmvag9XUsjZ78ABNpqGaoAfPwd8J9Db9xPUDU877q0BDMEBZ5M0xiMpqWKAfRuEcnPZc1Z7cJnieyS22aoxSQ/OEQOxsN8oLQXuCkRR4ASZ8DYvAtLiQcIgI05PHqhvnazbGVCkfUTu8MDw4/ulh5JslbFGMM8zj2Ci+JV1TsOAawevdEgo44/MRkqUoDvAMpGjB5PdSmNwuNT2oBc2dSSJAS5GyMJNjshd1lvA5Q2gk8qBduorLZTpuFwia4ctaclQtzhH8mWzXh3t+aHNk8Lzq8fFuDz09ltT5XZ2mn8rf07rIXbqrqW8k+Pc3U7DzHTjQ0qGaesjnET2C5dSWCzxF1zuccEn9LvRYm4/Ge0tldHZqeSqLTgOzpB9+CvPRA5xLpHue47lzjuSpVDbKuumEFHRvnkxsGtyoZp3WT/EsLl8ROs7sSYKhtADvqjG+FnqsVtymNRcrjUVTzz4jyRlbe1/DPqWvLRVU4pI3cuetRbvglahkXG61MzXcsj8g/zKiMkqrre2eLst1PC/WyLfk7KworLermHi22qomx9PlwCvoa1fD/AKUs8YFHameI3h7zq/zWhghbC0MY0ADgBVJYItFns8GsvwX6yuEIqKyOkomuGQ2ScOcfbAWtt/wHtoYP4reJn5A1RwN0D9cnP6L1EMceAiMjcXEEEfkgyPjo4GSofhh0PbmNaLHHORjLpTqJ+5IWhjpaKnAZR0kcEbQA1rQNlNkY1o3KCS31UyNjpoxPkXZDJI4XM9spE4GV9PhHPZ8DlMIDjKE6VoB4z90GWrY1VdVWNkyyM59U5V4OD5PztOii/wBkqpqxw0g7KtfIZHElMDnuOSSV1NUUj5j5DzGo1+dz4G6SeQlpx2RMBI4Cs4u3kETgZUC43GOki1v59Molyr4qOPW87jgLGVlfLWSF7+OwykzmkbqKNz5OV9bLWPLnv2PAVe5pBC7I4udpATmMdqWSUss6dcFWh8TTx6qRHGB5iEooeMhSYgSfsm1okrMHWR47IrY8HhFZHgbogjxw391pjEROeRrYwAnafdOLm4IygOI3Tdoke5wIO4UYk7rpzlcwVajks4ugHKQByibEDZMjANIQHqlgLuMJzGlxVFNjPDJOQi6Q0cIoaGBA1Z/JQFPI173ZAwn4AbldIaNyFHmmBGAqbwGlk5LJggAJrWZOUxmXOyVIaMBTmTD4Q5rQBwmukzthFbu37ofh75wmRiBjIPTl2cIg4T2tbjGE1F0WhLmAupKFnMBLAXUlCDdPuhzvwMBPkkDNvVRiXSH0QTlgOKyDIJdlOeQRjUE7DWtP2UOV+O6zt4HRQqiVrGFxOfQKnqJ3OOMco9bP2BUR243WWyw1QjgCSXFHiaOSENrdxsjsADdlnTyx2BJZKSS0FDEkkkBAqSSSEIS7gpAd084LeELWQZSwCHdcfwuk4ygSk9iULKzxkY5u/KJEzcZCY1mTypcDCMEhDHskpbQsbTgDCKwOJx6J0bRhEYAADhaIYM85ZHjDGqLNKXbYRJpg3YBRc6jlRywSMciGScp4IwljZDJx3QOW0LH7CnhSbdA0A1Mo2B8ueFDDHSPbG3klWhORHRRt3cMbBZNRbmODveJ0qnJWtFv0daX329tmkbrhiwWg8cr2+jjjiGkMAbGMADhZzoWxR2m0xvdGPFlGc+gV3X1go6SQgbuXLtb4PqfjNI6qt0+2VHUt1NTK23wnbI1Y7qLBSmQsgaPM4bn0UemY6WV9VJu5x2WitFE6P/epm4HbKSdZRJtFTxWmi0OILzufcqO9735c/umVVYamYFrSGt2CHNI5zQ0eXPJ9UmUsGiuJxsXiuwAtbaqVsUDA0YAH6qqslA2TEz2bDYZWlY1rWgNbgBLNtcccj2gMbk9ln+oruGFtDE4gndxH+SuLjUspqNz3HGN1hvH+cqX1EnGdkEngOb4OV07mUwjZy/Yeqs+nbZohD3My525JVdTU7q+uGATHGtvQUQhjaA3skzngdp688kikp/DbqcNyot1rHAilifguGXY9FMqaqKjh1yH7D1VPb6aeurTUO+nOd1ksnuN+3pItbLROYHVUgxnYAo1bVav5UbvuUeolENPpbzjAVSA6d4YOSsVhsr4JVup/HqQTu1u5WgazJBHZQ6CBlPE0MG7uSeSprj4bQcLm2s1wjjkBXvc2Pw2nHqidO201lT8xKP5URyfQn0UN7ZKibwxlznkNaPuryumFjszKJjtErjh/qsk2zTEqOpK/5mqMEZ8kewAVOG7J0smXFwJdnckpvitwSdsIY5E2SyDnmZTRkuOSeB6qDC11VNh2SCUypmNTNsMAbAK3o6VtPH2LjuSrlLBSeSRExsTAxoAAS1lxwFxw91cdO2s1BNTIwFgOBlZ7JJdjoovbFRCkoxK4ed+67dKtzMU8bsEjLvsplRK2CHPAaMAKniY6sqjqO7is0nlmiBKtFKXPM72+UbDKi9VXcUzPkopS17hk49FbV9ZFbLeX4HlbgfdefVVW+tldLLu524+yCMRk5egLfMcu3JRowAQhsacDbCKwHZMjwzO+wrGFxAxnKuaWmZBG3A3I3Ki2qm1nxXjO+GhWr2tyGq7J5GRj7HU8Tpn4AyByreBhADcIVvhDI+Oe6nMiDd8JMpYGdIi3SuitdE+rl3AGze5K8fu9zmvFeamX6dwwHsFpuu766prfkYJP5cQw7HcrJxRFzsgJtaMd023hEmip9Q2bwvQOkrNG1oqZI+cLO9N2aapma7Hl916la6JsLWsDcNHYINRZtQCRZUkWwAGwCsqaLfJCFTw7A4U+GLHZcO6zezRAIxo2R2NGAcJrPqCMOFgm+Q0dTk1OVAiTgDlcHKJsQNlZBDhdSSREZ1yIhuREoWxiKMjshjlFQASltGLhGV1JTopPIxJJJNINXMj1SJHCGSc8qmyBUKVzWDLjtyU7IAOVlOvb3/CrFJ4Tj49SfDZvxnujhHcMgssydyqZ+rOsA1pJoaA6fYuHK1TI2RjQxuAOFR9JW00FvbJKP5s3mcT3yrqWTw+3K31Qwa4xGVVQ2liMhIWA6juRLngO8zslaG+Vx3hJx3WDqXGqrdJPJXRojnGSTlguOlKGSpmimDdycn7L1Wii8GENLcLK9I0MXhN0twWjlbADzADgJesnmWELbyGG6S4D2XVzJvIYjwVGycoxI4QzyoEOHCWAUklaIwLwNkJzQOEWTkIchDWlxOMBPrLRR3ur8LEEbsHG6g2mldUziRwy1pz91Hq5H1FWW7nU79lprZTNp6cDTgp64CJbQGMx7KJUP2xlSJnho29FXyPLzyrxkdHgaTuSmOfqIGE9AqJhBEZM8DKZVDMlFC7bMLJnOub4LfQOpo34le3fHOF5XQNkqakk7kndx3Vp1TdZLlcpfPlodhdtdIyODxSPMSve+K0cqK8v2eQ12pdljSLBkYpoy0EKvq5XZICk1DyAo9M1s9Q2NzNQPO67Wdq5MMczltRedO0jmQePKOeCrKV4JOEm4jibGMAAY2CEB7rLbLLOzTHbBI4MOcPKiO0QtyQnRx+qg3mfw4MDZKSyBZJRRRXWvfJIQX7ZxsolP/MeMKNPIZZC47q3tdGdpJBj0C0RjgxOe5lnbafQA7GMKVNI2Juds+i5GBFHnHZV1bOd2grXXHcy7JbYuRGuk3zOloP0lU9bMKWEynZTn5JLiV5r191LLAfl4XZ2IIB4XoPG0/dyeB+pPLLTUytZmOsL2+urZcSZYzyge/qqC10bqyqBccBh1H3UWSaSaQucfqK11moGwUrcjzO8xXr9LUorCPzz5LXS1dztn2yfTsa1gAaR7FFA3z6Lv0j3XYwXRBxG5XSjHCOPKe5g5+AAFY2ilMcZmIALjhRIoHzTBoGw3JVtGA1gb6LPqLdiNWlocnuG1RHchZnqK4kNEEZVxdKmOCEvc45OwHusZcagySsJ3yVwtZf9jPaeI0W6akSS50NnfLHs5wxlZh0XfGcrRXVz2sip2eVmgEj3VQ6Jeauscz6Hp6PjjwWLGBltaSN1US4xu391fyM021gz2VDV4jjJJ2G6CJrujthkwfULs1BVKG75VpfHGSoJA2VbjBCv2eB12XYw7fo/JSbbKWTgeqjM3bj2RaRwjlDspiMUHiRoDuMpjfqXWO1sDh3XGjzKpPB2qHwibTnyp0rcgYTaY7DKO8ZHCyzWTpQlkjjlEHCZ+JPbsly4NUXh5LejeXwN1HfhEkblvKiUT8AD0U5Lwb63uiUt2gxFqYN1VxEgYK0dXDraRjOyoHDS9w91Zivr+7Iw7lOXcFMUM23aTKVxZI052VvFiQA7bqhjdhwPorWjdnYnCJrLNlUsLA+rg1jCz9TGWTEcY7rUujLm7BU1wpiDkNWitrArVU7obiFEA4YPKBKzfICI0EOCfM3YYC0HGuhuRFznkKNMCDspLhg4Q5cHsoYJxa6LW01fiU+k7luym4J4Cz9vndBNn8J5C0cUjZWAgdk2CyaqLZNbZDQMnAQalnlGylR8BOIbnBCfHsKyO9NFOA7WGgbq1oXlrPDfuFAfGYqouIwPupsbg0ZG+Vqgso8ZrYzrtaZGuNvbh07FRuZg8LWNkBGHNyFWXO3BrvHgbsdyAl2Iuu7CwynTyMrjgW7OCcBk4SMDoy9gHtHI2QdO6nSR+XYKFIDGeOUtxHRnkTCWODmncK0oKoyv8N5GcbKqBynQSOik8QHhEjTVY63k0BZnuuaPdNp6hlQzU079wjYKI69c98cgJYh2Ciyt0nYcqw0n0QpYdXZUi7I/ognHdMMDXdkWWPJCawYJ34SpMVFYGslNK4aRsVb0lSJmgZGVVPj19sp1GXQzBx4HbKFcmiqbiy7c3KC+IOBHCKyVsgyE8s25UwbMb0VFRTBhyAog1NdgBXUkYcOOVAmg0HOFcJuJg1Gn3IGAHt3UeeMtOWou+ccIvhh7duVpjNSOTZRtQKlnLdnBSCQ8DbChSxEHU3ZOpasAiOXbHBWzT6jH2TOfZBokFxjl0KQDqAIQ5I9Xm7prH76fRbVIUSsBMLcpNyRkohBI2RdlEZzBgn2UYtOcdlMceUDRk8IJw3FkWWHbICjEYVkW+qjzQgbhv7rHZVjobGWCMCc4TxjG6YRhcyVmksBYHOYE2GQwPyeCnrkgDm7IE2nwWn6fRa0lXHI0AHJR5YRIBhZ0GWF2phwO6tbbcoZXiNzt8d1pqtjLiQuyvjch00T4yMBOjfuAVPkibKzYKvnppIzrG4HICdKHtdGdNSWCew+XIKdq1bEKDBUNGA7IKmNe14UixUojjE0tyVAqqf02yp+CDuU1zQ5XLkkZtFbG98Lxlv7q1pK2J4DXnBUSWAE7N/dRgySJwIVcph/kXkkQdhzRkJktDFVR6JGgOPBQbZcHF3hSjZW0lOQQWjP5pq+4RLMW0V1svNVY6ltJW5dTnYH0W4oZ6arYJaaUPHt2WPqYYquIxSsB9D6Ktpqmv6eqxLC97os+ZudiE2M3W+ehU6FeuPyPUo4y7ZEMf5KpsfUVHdWhjH6X4yWlXbTkrYmn0ca5ShJxksDNBH5oZjwpoA0oRY3fZF0BGeCHpxwE5SfAB30/um+B7KZC+QjgHKeAnacdk4Y4CsFvPLI9TBHUxmOaNr2ns4ZCyF06dntUn8QteS3PnYOMfZbjRnumujzsRkJU6U+R9V8qv8GFornHUu8ORvhyeh7qc6NrhhSrz0yyqkNTRERSc47ZWfbV11qqBFcGENOwceFnknHs3wmrVwSaq3t5aMqqqYPCOC3BWmEkNVG2SIgg8qPVUUcrd25KBxyhkbHF4Zlnxg9sobHuidjGVZ1VHJC7duygSRg7LPKv0alamGjnacZ5TpoPFbsM5UJ7C0ggqRFPgDIS0uQnzyDFNLAc4U+nqIZ2+BUNB7AlLWJW4IUeSlkDg9gyPRXjAClgVba2hpkpznHIVfpxsrilnLfK5KqpIqhuqNoa8eg5VJhwsaf3MpWvfG4Oa4hw4I7LZ9M/EOrtzWU90BmiG2ochZOWnkidiRqFp91DXXe4PMT6Atd3prnTsqKOQPY4Z2OSFInxKPM3PsV4RaLzcbNKJaGpez1bnyn8l6r011tbrxTsbUzNgqAMOaTyVE8M6+n1kWsTB3TphxkdVW52gncs7Z9lVMqXRnwakaJGnBz3W+IDyAOVW3WxU1zZiRjQ8cOAwUbxg3KWeUZw6ZW74IVfWW8Rkzwt2PITpXXGz1Jpq2EyRD6Xj0VrHIyRgIbkFJnHJprtwUMUuHDVsVZU9Y+NzZopXMeNw9pwU6qoYZQSG4J9FVup5oJPI449ysdtR0qNU4cnsXR/xWnj001+c+ZuwEvJ/NesWm7W26xCWhqWyAjOAdx+S+U6Cq0OGsBa+y3mvtcgnoah8ZO+A44WWdGT2Xi/NRlFRmfRbmAcIEkOvCyvSvxFt11Y2mupNNO0AayfK5bVjQckDICyOvaz1ddtd0U4Mrpbcxw83KrZ4XwSFrxt2K0UjBnjCjy0rKhpY8fYpe7a+QpQRQHcFVNztFFdInQV0LZIyDyM4K0FVb5afzDzN9lAe0nunJ5MV1CsW2XR4d1v8Kai2slulolbJDku8LG7V568PixqG6+sTG07uwfyWB61+G9LfBJU0GmKc5cAe5RZPKeV8JH/AHKDxKnnexwcwlv2Kv6S4k4IIyqq5WWts0xp62MteD6KLG9zTnJ2TYSPKYsrf3I39svtTGQ7XnHutpaOpmTMYZXZ9RlePUlxMflO6uKa5OYQ6J5B52WqMk1g106nb2e6U9RHNE2SIggqV40E0fg1bGvbxuMrzKx9TzM0gyjHcErY0N1hrB5Th43IJ5+yKUEdSjVRmNutiqbY75+yNL4ScvjzwpNnvMFa0NHkk4LTyCp1PVEDSf0VddunY61zq+2vMFU0ZGnglZZx/R1KbeeTR01S5isYasOwNivPrfe7hb520d9jLGnYTds+61lPLHIwSQSte092nKxWUtej0Gj1KmsJl8wNlGdv1Uaph1jQ5oIPYoVJUkdlNdKyVoGMELLKB0VPJQTGqs5NTDmSEnzR84ygXey2PrG3h0bGxVPLHM2eD6K+lh1NLXNyCNws9W26eikdWW3+97MxskT06kW1k81udtufTtWaa5xOEROGSEc/mtD0b8QLz0fWNq7VU6o+XRl2xWoZdaa+QPtF9pWB7xj+YOfssX1D0LW2Vhq7UHTU2cnHLR/0WKelw8iLaz6t6I+JVm60tkdRHM2Gq0gSRE76u60kmJMFfClov9xsdcytpJ5IpYzw04K+kfhr8ZLdfqWGiuczY6sDTufr/wDVLUXE5dtfOTvxq+AvS/xWoXCeFlNXY8tQxuHA9t18C/ET4b9X/B/qF9uvdJJ8sHkQVOnDZB2+y/UoSR1EYkieHAjOyzHWvRdn62s01kvlKJqeYEYIzhbtHd8T5PN+W8NVrlu6l+z8xKQUdwY40vlkbuWn/RCkhdG7S4EL0742f2er38Ma2W72OKaW0N0iKVuzmDfGodgvMqe8CsZ4NwZv2kaN8+69JpdVGzo+X6/xtuintsX/AFBkY7pmrOQpstEHM8SCQPbjOyhEYJB5C6CkpIwKOOwe+ckp1NL8vJrB++F0jIwhBuCT6LNfUmiV2SrluRtLLdnui8MnUBwfRaKnm8QDK8xoq2Wkma6M49R6raWm6iZpHOMLz2r03OUe48T5GNsVGTNG4Bzck5VXWU/8wyNGylQ1eoYwnOw/8lyJRaZ6Hhog0tc6B4B7LQUNw8UAErN19G7+/gG45CVFcWwuDZAQR6rPbXuRr0uqdclFm5gqNOCCCrajrdRAyFlaGpbKwOY7I+6sqep0EHdc2+nk9FTqF6NHJJqALVJoK5rB4b+VU0tUHt0kKQDpcCsNkMnRpuy8l+x4e0Fp2Tn+pUCiqdOG4yppJkwQlr7GbcqSKqvpHAmWIZA3IUKKQOIbhaHww4YIzlUddRS0cxkaMsJ7LVC1s5WpqlF7kih6k6ahuNO6WJgLsbjC8mu1pmtk7ssOkFe9UMscxLCcH3Wb6r6VZUtfLHHuRuB3912dDr3U1XYea8t4iGqg51r7jyCCfV5cbKXT1EtFIJWbg8g90K4W2a11RbIw6c7FEY6OZgC9NXeeAv084y2TWGjTAU92owHtB1NyD3CyF2tMtFIXAZaVcW6qfSO8Inyk5HsrmaGC4QFrsHIW2Fv7MGp0zsWGeea9O2OV1r9w7CsLvaJaOQua0lqrk9PPBw7qtktpa0NylhIDTgFae3XEyAb5wFh9wQQeFMoa+aGQOY7jkHgrPfp1LlHQ0Gvlp5KMmeiQVBeACFd2q4yRt8F7iR29lg6C85cMjntlX8NW1wDgcrianRNrDPd+P8im1ODN7SVPiAEEFWcNRxuFg6O5SxOwCd+VorfWmYA5XAv0rg8HsdD5Cu94fBow5kgAcBuo1RbY3s1ack8Iccodg5OR2UuGoBaMrnNYeDtKdcuJFHLTzUkn07I9FVid5iIwQM/dW89OKgcAqmrbbJA75inzkHcBKazwwJLa8xLyhqDC/UDgFXUFW1+NwsRS3QtIjnBHuFb0taXYcNx2WeyrcaaNSlwapsocMjCbJEyUYdwqmnr8fUVYwVMUoAzglZZV46OhG9ME6N8DtVO3nndSqKtnB853CRiOkkcKM6Twjgj9Ut1j1YaOhvUlO8Occt9lpKe52+4NG7Wu9HcLzyGcEahlHhqXhwAylzgPjho2lfZ5Dipt8Q1DcgcEKGyYSg0tXEWOA3Dv9FFtnUtVS4a5xe0evZXZrLZd2AShrX+vBQpFYyZa79EUl0aXRNaHdtt1U0d6656AkEdHUCSnHNO7ONPtlbp9BV0vnp5PEZ233Qnvpqxpgr4A7/mG4TFLHIudOeQvT3xK6N6o00tfm2XEfUTs0n7rV1FI2rpHQTxQV1JKME4Dsj/JeVXv4f0NaDPRYa/kEbOCq6Dqrq7oqUROdJPTN20PyQAtdVv6Ms6s8YJvWv8AZw6TvxkrulZDaat25iA/lE/8vb8l4H1V8P8ArLoiZzL1aJPABw2oi88bvscL606a+I/TXUuIZaltNVDkOGnJWpkoqatgdDURQ1UEg3DgCHD3Xb0nl50La+Tka7wtOpe+tbX/AGPz8bUQSHBaAfXCYGAu2X1j1p/Zn6S6k8Sr6cP8IrXb6GjMLj9uy8E6y+DfX/Qj3vudrE1Gz/4indrGPXGF6HS+Whb2eY1XirtPLMo5RihFjtnKE9hO2EXx424D3YRGmN4BY8HK7Nep3rKObOiDILoj2aU0xPAyQrHDWbAcroaxw+lMV+WKemyVhaRywproyRwQrPw29lwRNH4U+FgmWlbKcxDJBCB4QydleGmiO5Z+6XysXZgT1cZJ6OL7KP5XO/hrny4G+n91eGnaBs0FANOBy3lOjY/Zms0Cf4lSacenCF4Qzwrk0oP4RgoRpW+gRxsyYbfGtPJVhjWfgH6LhlAGNA/RWTqePfjHookkcIGByj+RezLLSSr4IuGuzkAIMuGtyTynVDyDhoxhQ3mZ587kSlk5moWHhHC7ckFDJcd00ZzgorWgjJCN8mB9iSSSRADxyiDGBshIgOEyC5BY5OTMhPyE9JIrsKDlcODtqC4QMcoO+VWUDhskLuChta7Hqi+E55G+FMhxrlLpBE+MgkcJ8VGTz/mp8NviwDpwlO1ZNdWhnY+SPDEcg4U2GncUaOkDceUYClxxgAbKStTOpR41R5YKKINA2UjQdtuEaGB0mwapcdvmJGQAEr5kuzq16CX9KIAaG8hGihc45IVpFb2af5jdwjQ0rQfK0D80MtRFezoUeLsf5Fe2jcRwixUTc+ZqsC1se2nld2ecgYWO+9y6OtToIQ7IjaBjyM7BTmRUdM0OfgHCcKeR2NA/dd+QhlH88ZI91klM3xp24cUZ289U1zA+ktFLI7+pzBlZmKw9X9QPBrC+FjuS842Xp1LRU8Lv5UYGfZWTIcAZGyU+QZ6KWplm5vH6R53bPhlHG7/fC1+e61Vu6Po6VrWiOPA9G7rRCONgyWjCbJWQsbh2BjhJ49mmrQU1POCKy10UAHkBIRxUQwAAEDHGFFkqtZ24QHHVugwl0a0kuia+sLvcKM+pc7IQdfYBMwSVMlhHTuccFcGU0Bd1EdkQYiDkIrIjt7pRML3AYU9kbGgKhq5BxQDbZTGRNbjbddja0DbsmPeG8vwoPi0g445SBOeVG+bgGxk3RGzMecMOVY5Mkg90/wAXbGEFu6IxhJGBlD0OrbbFqcTwniNx3wnMYOUVowNgqHroY2LglGZGNsJZHoug57KFjwA3GAnblcbuiNAwoGlkbHHqO6IG49kmjAJ9EwyjCvP7HLCHmQjlyjyz6u4KHPIRsFFyfUoZPHAqbHSvc9wyU+PcccIOVCqrs2B2hh3UXHJjutcCfU1kVNGXPP5KiuFykqhojJAPJUaaSSokMj35HYJgI4xwm54Obba5A2txnfOUamgmqZhFEzIPJ9E+KnfL9IWmtVtbBC1rR5nDJKJBUUObBUlubG0MaPYn1K1VooPlYgSwAu343TrVQRtd4kjQT2VoxvmznCqck1g9BotFGD3SHwxl5AAAA5VhE0MwRsQmU9OXAADCnQU5ZhxCyTkd/T6dR5QOOOeVwB4U+CkYwAhmCnQtDAdsJxlDeN0ls6UYYCjDRgBN15QfGTWuJKFvBEiSJc9l0Hugg910Sg+XCU1yOXRJdOIx6oD55ZNmnAXQ0uPqitjaO6TOORgNge45dupOjygZxhJrGjhODUPxlbvQmu9kbBTWR4O3dEfLHGBrIB91JRwU5xj2canAgAkbrMXv4idNWQObLVeNMDjw49yvPbz8XrzWvdDZKMU0Z/E9m/5FCZbdZXWewVNdR0p11tVHTxjlzysVe/ivZ7e9zLfrrNJwDGM5XlVZJeb7/NuNTJMXb4c7hSrb09M5gZTxB7zw0DlQwy1c7HiBdXP4g9UX9r4vF+UpXbtZHs7HuVTRUr5Xa53udk5y45yVubH8K79XNbLUtjpo3Dh27h+S9Asnwys1uY11Q0zvH9e4ChcYWz5mzxmhsdzucwp7bRyTyf0tHC3Fn+EVzqIGyXKWOAu5aPM5v+S9Xgo4aZjYoY2ta3YYGFJja4DKpvBohpzG2n4YdL0MYFVRGqk/EZXZH5BaqnoKKihZDR00cLGjADW4UnRvkhKSWCIZlkDf3QuaQ+NOGNLRwQk2LHDUN12oohhsZlPrhR/4rUyOzF5Ah+RDFWWTIWgZecBIyU0W/iZ9lU+JM92p8hJPuuEE8lVKeSbE+y0+dhGzBuo01wqT5WPAH2UZoTtOQN0qVm0NQS6O+NM7d78pa3HuuluBnC5pP9JQO7AWD5K3G5IUaqqmlmkEKPPWahgHlQ3FziTkr7NCHJ+O/M/UcKU66HyOklc5x35QsD0TsFcTXFej59fqJ6iW+x5ZzAXUlwnCDIpHScKtud0jootbtyeAldLpFRR6nHJPAysjU1MtTKZJHZB4Hos9lnpGmmjPI2sqJqqUySOODwFCe4MGD3R3yhoIAUMuc922yxyluN9cNg6Nmo5xsVKij4KbBEfVS4oycYGEVcG+S5zwdijKkRRgHdOZGMZRmMxsO61wgIlPA5owFx249F0nIUaWbJAwnxiKb3HXE7oW+U8bpYCYQWPVLAXUlWSHMBdBwcouFwAuOAEzORjlg4TrwAEVoaxoeRv911rQ1uohBc4yHAUFt7h75C86WjhMOB3RGNDW5IwotXMwbN7IZS2hwjuFLMMbYUQOc8gpEOkcpUMWQPLulp7mMbUENjaR2UhrcgFJrW+ietEYpITKWRiSSSIoSanJqg4SSSShBJO8o3SHKDWzt0+E0790EpYKAyya3jBXW/SmsYTgkLkrw0fdZrGHFegc7i3OCqurqN9I3UiqqBwqqR2o5WWyw3V1jZHFxyV2NCwchGjHAIWb8uzQ1ge1oAG26YioSotj0kkkZQ5JJJQJvAl0A5SHKJsQNlAZS2iASJGOUjwhOJ33VSltAGPOFHYC52USXlca0FyVncE/2FijycqZGwAcoULM8o5HoUaWAJSyPHKcXNDeVwHDVHncM4BVylgTjczkztZ5TWMyh6cknlFG3KFSyG1hDth3QnEuOAuPBJG6kUEXiTg9ghsksYNOmqd01DBIpITA3xpOSMNHda/oGwvuVzFxnjJhgyMkcn0Wego5rjWw0NOw6pDuewHqvbbBaIrNbYqNgGQAXEdyufe8M9/4Px0rLVx9kSxjIjjDWtADRjCzdwqpayoLHO/ltOMBW10rRBCWM3e/I27KpooC52p3Kw2vJ7hPHCJtqpY3yB0jfK3cBTa6uD/92gOAOcITXNijAaECmjzUGQ8ZQ5HQ5JEUeluXjBIXaRrZZw1w2yuz5ePL9lb2q3taGylmfcrPYb6o5LejjbFC0NGMKQZAweZMbgDYYwoV3qjFTEjbCE1Se1FF1Nc3VEvykTtuNlVv/lsbBH9TkgXSTOqJNznZWdloRUTmolbnGdKRYBGDsZbWS2/LQjXu52CVo4yI2DUfZRKSENxkbDcoVbUhxLIySAstrydWmCjFIj1spq6rS0eUeUBW9HTtpqcDhx3UC20ZL/mJht2Cm1FQ1pwFllLJpggFZUh50NOUW00z5ptfAaoBjc9+GgnJWrttI6mpgHgE87LHqJpcGyqGQkNPpO4Q6mXzOYBs1HfNp2AUYRGaYRj8S505ezRjBY9O0DXyvuMuNEX059fVU3UdydWVzjnU1u35rQ3WpjtNqFHEQHubusTK4ySZ5SYvLJOW1A3HKr62d+fBY7GecI1bVeCNDT5iotuimqajxAMgcn1TOEhG/LJ1ppM5qJm8HDQVZucG4ATGNDG6RsAk1jnHIPdZrJZZprWSXSQ/NSiMd1t6CnZSUrIQMaRuquxW6KCJtQ9mSeMqfcqn5aLWslj3cGhQINbVOmlLNXlG2FYWqlEUJmePM7j2CqLbSuuFV6NByVK6junyMIpoCNWNxlKcsDF0UfUd2dV1DqeN2GMOMepVRFHk5K4Q6aQvdy4qU2Ixs3G6OM8ASyMwG4GEenh1nhCB1HGFcW+kdpDnNwrkwYPLJdLGIoQQMYCkU0Rml1EeUblN0HAbvhWlNCGRt2ASpPLNUUsBmANAAGMKr6nvjbNbnacGabLGD/VWryI2l7tgF5b1Re3Xm4mRmRDENDB/qpEXbYl9pUSeJLKZJCXOcSSSVZ2ygNRIIw3soUMRefpzjdbbpayTt/3qVoAPAKY7MIyKOWaDp22imgYS3zFa23xEAOI+ygUFLw0N2CvaaPSAcbDYLlau5sZGJJgaANgpkbdtggRgjspkf0rlym+xiEnpJJRQ5JJJQh0cog4QwO6IOFaIdSSSRAyeBJJJKADkkkkAAl3BSHK7jJ5Qylgh1BPCN+aCeEBTBknOFxdPK5lGENncWj2PK8ruFTL1V1Y+Ak/K25wBb2c4Lb9a3f8AhtklfGdMsh0NP3WU6MoJIqc1s+8ko8x9StlMMj4I0Xla0YGkDsq+sqg0ZOApkzvflZm+VYDHRtO4XRrhgeyivVc+Rkzw7fhV1jpfmp/EcC4jlRblO+R/gBx5yfdarpGgA8PLdyQStb/04Ni/yZurJQto6Jg04c8airAcLjNmhoHATm7YXMunueQmsI6M/kn5GlIDbKHlZwxpJzhOTcFOUIJJJJWiMa8ZGfRZ3qa4yU0LIY9hIcE98LQTP0DfhYK71TrldDpOY4jgDsn1otEmyRmeq1OGdO+61ZwGADYKBaKFtPTtJaNTvMSpVS4YAT1wg49gKiU5wEBoI3K64ZOSV0vaG4CKK5GuW1HNW+McrIdcXd1BRup43Ykl8rT6eq1MtR4eXEbBeOdZ3h1xuryDlkeWgdl6Hw+iVtinL0cjyOshVW0yqponVVTlxzvlxV3HiNulvAUK0U2iAyO5d29lLleGDAC9zCOw8i5b3kbUzb4wrWwUQ0Oq5Gg5OGZVG1pqJ2sxyVs4Y2wQMiAwGgBLvs42o2aSvMtwKcnUAOF2PI3KT9zsixNA5Cx5Om5behOmbCwkgDZY+7V0tTMW6/KCr6/VTIofD1YdhZTOrzeqbWsmHUTzwNZFqwtRRQ6WNyOyrrZQtcRK/fHAV0zDVpSyZ1xyxk7y1u3oqh7i5xJKl19UHu8OM8bEqvnk8GF0v9K6eiq3yOZ5LWOuDS9FF1ReW22jeBIGkNyd14ZdrlJca2Woe7LeAtH8QupHV1U+iifwfNgrHRxGaVkI2zsvXaHS7eT4D9V+bnrLXXB/Yv8A1Lfp+3MqZPmJWZDT5QeMrXRxBrcAAKHa6RtNTsaBwFNmkAaANl3qY7UfOr7My4AnU+YMaMjuVKcBGwNA2XKaIBusjnhGhjM0wHKfJ4WRdcXZJJEqkhHh+JsM8ptS7SwlFI0NwOyrLpU/y/D4JXI1l2D0+h0kpYiimvdZnuCB7qgto+duJ8TcR4IHqm364tiywE5CL0pGZpjKR9QXnNXqMrae88Lpfu2/ol14Mk5B/CMAKAY/5gaOcqzqW5nd91Xxj/fy3OwxhcuUsdnsoQ28E6taW0rWD0WfvDdFMQ7bZaWsc0lrPQbrLdTyhsEmPRRSwiap7amYO4kZ9d1XFoU2tB3z65UVrdSpWcnhdVXueRNzuAuAujI2RmNw3dNcxpIyE9dHJnHa8ov6JwNOwkjhPafNwoNBLhgjU0gjlRrJ1dJLdAlR5BAUs7sChwKdBuEmawdapZIj2nVwnDbJRJWaTxlMzhZZrLNsVgNST6ZtPbhXA33Co4vK/Ur2D6B9lRoreeBj2ahuqGohMUzmn1ytH+Sp7tTvdIXgbFTou+H28EF4DmnCiYwSpMP16D3XHxEHZQ52G+xrDgqfRvLXgBV4GFJjODwoOqeGX8eHMB5UStgDmHZEt8ocNJUmWLIxhEpNG/arYbTK1Mfhv+nCaAHhWVygHIaqpp0OwVpqnns4l9PxvAGZhBwhub2KmyNBA2QDynZOfZWiKG4yQrm0VIli8M/U1VxjJC7ROdBPracY590yMsCVFwkmaEA8omcNymRSNkAIG6IN0+PIz5PZHlhbIcubuPdCjHYHZTywFp25UUxlhOy21nn/AClW77xR+UqQGiRmM4yhNBKLH5DyinHccCTx0UlwoXxSkFm3Oe2FD0aSCtZURCph8PG6zVdTmllMWEiUMGmqzIPbGMqNPGBuijbklJ7dQ5S9mUa4vBALSDwmO4ypT2EZ2QCDlJb2M1RkmiRb6nwqjBOAdlomhj2BwOxWTAx3Vvaq1+rwJDkdiopKRu09yX2MtNHsuOjy3GEYtCWkcIsHTjyV8sW+QFHLVZSMB7KG+EtPCXjJJ1pAmgd02RuBkBEAwujBQ44JFYHUlS6Nuhys45tbRgBUzm43Cl0U4GxVp44Y+qzLwTi0lR6mMEZwpjC17eOE18YPuhZpnBSRTPiLTwlESNirGaEEYwoJhLXFVGe1nPt0+TkkQcM4/dV9RTv+tg47KzxhMdGQdwtUZblk5V+leeCNb6wyfyZHbjjKkyxgHW04+yg1VIQ4zQDfuApVHVsqIwx2zwMELbRe87JnLsraZMgIkjz3RB/SdlFjL4ZNt2+inECoYA0YPZb8ARinwBdB3DUNsO+4wpEEuHeHKNwcBFkj1btCpjFAhOgAGQo0jdWx7KfuTjCZJACOEqSyG4NFTJFp3AUeQFWUsJyocrNPZZrYfoHDALoOSkR6JYKz7eSh+lrmnKhvjfGfEjGDnspLk7bSR3Spw/QUXjgnWq6iQCGY4cNt1bDDwRgLJOjIJLRj3VpbLofLTVJ9g5aqL8R2zYq2mPMokupgJOtrUyKocwhrmq0DBI3cbEKFU0JOS0Y/NPkkllGXrhhY52vAGRunFh5Crg10ThsptPUgYDhwpH7uypLA/wC4TJIWuCklglblowhBsjDh7ETjkD5MMhFjonZaNJVxarm06aapePYqBIxruUB9K1u8YwfurT2sJpTWDT1FMG/zYhkHfAUYGGdvhvYD6gqPZ7sQ0U1ScgbAq1mga4eJG0euR3TYyU1hGWzdXLgz00NRaKkVVK4hmc7dlrunuqPmSI6lwydlVyxBzSx7cgqoqaGe3v8AmKckt7gdkcZuDKnCGphiXZ61E5rm5acgpwGO6wfTXVr24p5wXY2C3NJUxVLGyxOBB/ZaYWRn0cm3TTqltYYM9ktGeykMaMbjldDWnsnqOTI5YIj4NuFFMJBVo9ueULwwpgnyEVu3ISLQUSWEkYAUcxzRnynZDgtSyJ0YHChV1spq+MxTxNdt3CntOdid0UxnGQEuUFMbCyUPxPPam01/Ts3ixEzUznYwNy37o1JcoKs6WHS70K2s9D47HNcMtIxhZG99My0pNbQHzNOXNAS3VsN0b42fl2PfTtnA1AY5VTcrSGHVA37olJc5WvEVQNB9SreKVsrQTvnukuCNEZ7GY2WEsdocNwgEYIK19daYqxuYsNcO/wD1WcqqSeldiVm3qOFlnW88Guu6M0CZIWYBClxva8YcoJISbL5sY4Q/j2NlH2ibJEweeNNime12MJRvyMHuieG0jKguT2kjRFUM8wBPZVlTRSxOzo27KSJHREYUqKpZIBrCjRcZ4KXTvgpheYCHRuLT2IPCtqm3hzjJT4AdyFUSxuicWvGCkyTQ6NqbyjcdMfEaajDKG6jXHs0Sj6s/delUlbTV9O2ellD2kb+oXz61uRuP1VhZ+orrZZg6lqX+GT5oy7Yq1LPZ1Kda1xI9tqqaGqaWTRtc0+oWbrrJV213zVuY6WLPnjznA9lJ6b6vob40QOPhVDRu122fstDnkZ+6PGejoQ1MZcox8NVHUtGnY8Fp5BSnpWyN9MKwuvTQqZXVlvk8GfnH4SVVw101O801ygMUrTg+h9wqlVuN9N8emRJad8Ltmo1DcJ6R2HEvZ6Eqe9rJm5AB2VdUU5a4bLPKs3QscOYmnpJ2VcYfE/nf3C2/S3xFvNgYykqtNVSN20EbtHsvIIaiancHROLSPQq/ob7BNiOoyx3GexWK2rk7vj/Ky08stn0xabtRXukjrKGQOa4btzu0+hU0wEDK+frXdLha3ipttW6M84a7Y/kvVOlPiNQ3fRQXIfLVeMNLneWQ+3usdlL9HuNN5KFrUZcM1fhhzS1w2VTcbdjzQs+6vWESAlvCC8fhSeYnTlFS5RlXxOZs4YUWRmMgHlamahjmBJG5VPUUEsbvpwiUjJZXkx/UfS9BfqR8FTA0OO7ZGgagfuvFuoui7jY6mRgjL4uWuA7L6Kkj2OyrLhaoLhTugqYwQeD3CbGWDia/xNWpTxwfMxc6N4GN1NpatzTvutv1n8PZbew11viD2fiDRvhefFj4pNL2kfdPjI8PqtJZpJ7ZF/R1uDu7BWhtN8lpTkzYHbfhYaKVzdwSp9PVg4DlqTbRVNjiewWXqKOqxFJIMkbFX1PcnQyA9u68gt1wdHpLDgha+1X3xC2Gd2knhxPKWdSnVNdnoNRR0N5pXRSMaS4bH0Kzwpbj0rJmmYZ4Cd253wn0tbJGQ5jiB7FXsFTDWRZy0k7FrkDi5HYo1CfK7GWi/wBFcToY4xyjlj9irmOdzHAHcLJXPplkzvmKRxhkG4LThDt/UNbbZm0V5a50J2ZKex+6x21cnoKNQuNzN/A5tQ08EoT4GnII5VZS1cUzRJSVGfs5W0E4qBh3lkHI9UmUcdnShYpdFFe+nYLhDrZlsjN2kcqot/UVXaXOtl9Z4lOfIx5H+a2c3kx7qoutrprlH4dRGD6HuCkTrRJLKKHqDoagv0Dau0PjikcMgjg+xXnFdTXvpO45np5GiIgiVnBW5bWXfpOpMRcZKNx9M4CuTJaOqKF0LnNmjeMuA+ppWd0psxWQTeF2WPwv+NDzLFS3KcOyA3c8r3u1Xy2XuPVSyDWBktJXxl1D0BcLJKLj0/Lra3LtGd1pvh98ZDbHx090EtPPGdJLtgcIJV46MFjj1Lg+ob/0/R3ekfTVMeuN3LV8R/Hv+zLcum5p+qOkaV8tJM4vfTsH92e5Hsvsnpvriku0LXPlYcjkHKvbhb6G7UjoZo2Pilbg5GcoqJSpllM5PkPHVa6p1z/7+0fkpDV1NJKYnao3tOlzXbEH3VkyWmq2DxGhrj+IbL6p+P8A/ZjlrX1PUXSVP/MHnMLW88r5KqaSotlVJRV0LoZYnFrmuGMFdzT6uLWD5j5Twuo0D3NZj+w0sT4icjI5z2UbxM7YUqCqdH5XjXGeWlFqaKF8fzFKctO5HcLd8imjiKvPRXkDnuFOtlZNFM1zH4HcKAY8HBOE5p0Ozn8ljtrjND6LZUTUom6oLh4uDtureN4c0HI3WCt1eWOaCT3Wnt9dr07rh6nT4Z7nx+r+eOS40kqsuNG6J+trdjuraN7XNC69jJBhwBC5zhyddPdyirtddJTyhhdsTggrT01QHkHKyFfRy00vis3ZnIU6gu8WoNfkHjfus9te436PUOtbZs2dLVFpAGFaRS+I0ZIWZp6gZG+Va0tUNsrmXV4O7RqPZdQzmNwV1S1AewAkLNRyhym01WWELHKGDp1X7i+0Ab5QqqJtRC5hxwhsqDKwJzXmN2+4KGDcWNtW+PBmKkz26fDgeeexVzb54blDoe4A4/RSKumgroTG9nPBxuFmA6e11hDSQGnB9wtEZ7uTlyfwyy+iL1d0iyoY9zY9+dh+68orrfUWqoLXNOnK+iqeWC5Uwa5wLsfmFjOrekmVDHuZGM+y62j1ri8WM4vlfFR1C+Wn8jyyKVszBg+YKVRV0lPIGud98qJXW+ptdQQWkAH0XBJ4jQSMFegp1UZr7TxF2knGTjJco1M9JDcKbs7IWMu1pkopSQ3yeqvbZcZKZwZI7LTsrytoIa+mL2gOBGT7LbDUY7OZqfHxvWH+Z5vkHldYMKfdLVLRSkgEtKr2uDeVvhYpnmr6JUT2zXJJiqnwvaRutHbbrkNDiDlZUjVwV1szoSBrICq2r5Bml1c9NPcmekU9UXgObv7qypa+WF4Dd/bKwlovuQKfxQT7rSU9RqaHO7riajRtTw0e60HklbHdFm4t9zdKzLuVb0tQJMbhefQVksbgGuwFoLdc9m6jvgrg6zQ4++CPaaDycbcQmbKGojbgPPKktEThkEb+qz8NY2QAgHUPVTaetLCMrlWUtdndjanwxtws2tzpYABnke6p3VFVQSeZrsDstbDO2Zp9cKFWUDalu43SGscMaoLuJBo7vDKAHEtd7q2hrgwBzXbrNVtrqIP5jGZHbCbSXVrR4U4II2+yW6nLoartnZuKW9x50TAlvqFNfFS1kRAcHA7gg7hY+CoifuxwP5qZDXuhcDG4jHukW147NNdrkiwqWVdG7WHZYO4RKS7U8pDM+bvuiU90paoaX+Vx5B4UWsskE+ZYRodzlqzuGTRC2SfBatmkwHRs1j7o8VSQcZwfustR3qotkny1axxDTgO9lewTUVxAfBIA49kt188GqN8WjR0HUFVSYa5xez0JyriG72m4DFSRE/1WGd8xSvxIC5nIIUuKqhlADSAR6oZQY3flG1dSSxt8WllErORgqHI+iqgYLhSg55dpVJBdqu3uBieS30zsrmmvdqr26a4iF/8AVhSKcQcJszt4+HlFVE1dpl8KTkFhwVFtvVfWfRTxBMHVVFH/AMN/IHqCtr8o+MePRTtkYdxg5Uepkgmb4VdTg+5CYptFuP6LHpn4udI9QOFNNWmhquCyX1+62gMg5OoA7Lxa9dAWa7jxqRrYpTwW7HP5KBSVPXnQz82+s8eBvLAS7I+yfHUbehUq3I2nXHwP6B62L5p7U2grX8z04AyfUt4K8J6u/s29X9LmSrsg/ilENwI/7wD/AJV7r018Zunro4UV9d8lVDYnTgEr0Gkq6eqjbNQzeLG/dpPBW/T+UuqeM8HK1XjKdQuYpP8Asfn9U0lVSTOp6yCSGVhw5j24ITRtlfc/VPQHSPWcTmdQWiN8jhgTMADgfv3XivVH9mKtp3S1XSV1ZVNb5vlXtw8D2OV6HSeXqkv9R8nn9R4a6HMFlHgWSOWpvij2V7ful7907O6C8WmaAtOCS04VQI6Jw8zCD3XZo1ldqzF5OVbpLKniaIxla3kjZM+dgHLuFMdb6WUEsKiSUDIjho57rbC9ezHZROPKGPuEHABQ3VQ5CT6Q44CjPgcCtCtTMdkLV2h81ZICAwYyob55n4y7ZSTFkbjhMEQB43ToSwYLcsG4vIG6jSRuPJxlS3g8aUGSJx4WhWJ8GGyvd2Q3wg5cd1FkDQCNtlNfBK7ZvdAdQSHgJiaOZqdK3+KK14BK45x9FPNtn3dthcdROA43TNxzpaG79EIHAOU4uGMrs1LUAgiPZCYyfOHRFHuRmlpbV6O+Ic8bIgk2XBGeSN0Zjd9lHakHDSWy9A26yfX8kVodhHjjA3IRmhgHZT5x60Ev6gDInnbHKlQ0uSD37p8bN8AKZDTTOH0KO/Bto8bHIEUoOMd1JjoRkEf5qXBbZ3Y2Cs6azVDiDxn2S3qMnVo8d6SKxlIRjy/up8FI4hoA3VrTWaRpy4jHupbYKeHGkDbukyvOtT4zKy0VcFtlcRlm33VjT2yLYuYAe6lMqYGNIzuhOqSfoIASpXs316Kuvsf4MTMANDcI3iBgAACjaJHkHco0dO84JQSuNkK4/wBKHl4P4V0NHHCK2A4AIR2U/B4SXajVGpsAIA/BIRGRNGzWY91MjptskJzRGzsku0dGlLkHDTuOMDCPFQgnM2wQ31ToziPAUaSrqCQNWQgc9wyMcFnijg4OShS1ox5Bj0VeHufudynEayBwgdmVgvaG+Yke7Jchy+YglPbHj81wjKFZkEkAwfRLBRg1p7LhaB2RhYGYC5gI2PdIcKs4LlHALQeURgA3XNTeyFJUYacgIm8g5RLY9rdhsuyVLIW6pHKlfctyGqK51bVOw1+yEKTa4Ra1N+ZGdMbuyrJ7hW1JzHnHsnxWeV/mkblWFPRBgDGNAUChGcuwVBS1T9Mk7sl3ZaKmZpYMhMp6QANOOykOeyMADZFFZNlaa7DMZq2CMNMWCVDFS4bRHdNjfK9+XnKklg1QeETxN3wiCUE4wozeE9AuRxKByuobUQ7KiD08OA7oPiDhAfMQVAyU6bAO3ZRfmDnGF3JIQDyVUokbaQcnVjIQpToG52QqutZRsLnnfsO6ztdfJqtzqaE4A5KoxX6hRJVbdNUphpzkDYlRfK7zzDUSgU0eganDJTnv3wrxk5s7ZTfIRzw3IaOU6mpnSu9iu08DpiNuVoLbazgZb+aMdp6fkYW1WweGHFoC0NHSAEFNo6UsYGhuw2VxTUrnY0jCps7+k0e3k7Tw4DQG7fdWVPSnIJTqej2acfurCKIAABqROZ3tPRtQqeFrQBjClADGQMKO57W7ApklQXDhIlLJvjHaiQZAO4QXTZ2IQQSXZyURo4VDFLI4F2corNsAhca0YB7ogGNgkyk5dBDmfSF1JdwVYeR7U9x9CmNOMk429VU3brGx2nUyergdMz/hsO5S3NC7NRCH5F4zLhzlDr7rbbTD8zca2OCP1ceV5Ve/i7fqs/KWOgbSMbkeI5vZYesjrbpVOq6+rkmkdudRJCB2+jDbr0uInqd7+M9LTiSmsVH4zs4Ez+PyC88u/VXUvULnNqK6Uwk50B2w9lFgt4c3AGSPRb3p/wCGF+ucTT8u6iZjcysw79FW7JinK7UPHo8/hoHSEGTZ3utNZOir1eQ19FT6oz+Ir16w/C+wWhrZq6L5uoHd+4/Ra5jIIWNjghaxrdgGjCpySNFGgUuZnnNj+D8TGMfearbksYcLcW3p6z25jYqaijaGbA6QSfzVkA5+wRo4GtGpxwlu1I6ENNCH4oUYLRgA7e6KDlAnraWDYvyfZVtRdpJTiAFo9UuV2Ohvx5LaSaGP+8eAoM99jjOmnzkKqd4shy9xOfdOZTnY4SZW7hsY4JEt1ralulz8D0GyG0veQHEnHqniHBAwpIhAAwEiVjDwgTYsYIRAAEbwSRwl4TlfylbkhoBPCWkqRHAdst/dGjpwCDhVK5i3akRmxEowiPopbYgNtKK2MDfCB2ZEu9EAUxPIIS+TkP0vlP2KtAxoGMBdAA4CBybET1DXR8G+YndOHCfgJq+6H4EznkdgJqSE5wAV9FdhMgclVd3usNIw5PtyuXO5x0DNT9yeBlY6qqJ6uczSHIPA9Fnsng1U0uTyx1TUTVchlkcSDwPRDkxpxlJ0gY3GFGLy8rHJ7jbFbDhy53KJHFgg6f3SijII2/dToYsY8v7q64ZY2UsIUMeMDCksZgYwlG0AYwjxsxtjla4QMs5ZOAFvvlFJDRnlI4aFHJ5GU+MQP8nZpskABRwCTlPIyclOLQmFdHRwkkkqIJJJOajjHJB4cDlOiaCSSmNbpOcrrjsAixgGUsnZXHOkd02NgAyV1jM7uTZpmtGwQyltRcVljJ5sZ27Ku1GV/wBiU+WV0riMJ0bANiOEn8jR+KHwtGBspI22QYxhGT4RxyKlLIkkTT7pNTcAi0+64u53XSM91bWCAkkkkI4SR3SyAuSEMblU3goFMfDYXd1EGXu1Aco0h8Ulq61ojHCTOQa5FkBpVdVT7YR6qYZwFUVU+rYLHbM01wBVM5J23UYZJyVwnJynsxtkZWOeWzbHg6B6owGNgkhKi+hJJJKFBUkkkYTeBJp5Tl0A5UXAEo5EB3RBwkB3TjwrSBwMchyOb6hdlPuob8lyVY8l4JGx4KTWZcN0yNu3KlQt3yVKydBYxho2T2nBXCMYC47gJwscXbKHK49j3RpnD1QGgl5KROWSYQWMeqUm2MJwIDUI8oM4LXY9rdRwrSmhZGxugYPcqFTMyckK96dt0tyucVO3dmfNskWWHqPF6LlJ9vo13w8sL3yuuc8eGDZuRyvQpZvBbqxlCo6WGip2QRN0tY0D81DutWwjwGHJHOFhsnvPpui060lKrXZDqn+LOXZyCpUDNDc43USnYSQSOFLkdoaBhIccmr0dc8khqJE7wxnHKDCCTqOyksYXu0hJsz6NFEeMsm2uFtRUfzG5AWmawMaGtGAoFrpWQwtLW7ncqzGCOOEnOTpVxa5OFwa0ucdgsfeK+WpnMevytPAV9erjDTQOZq83ssmX6su/NBKWA5c4Q+GMuOlgJytfa6VsUTNsbKkslKH4mc3IWojGhg2xss9rNNMcBZ5mwx5424VdTa5pQGNzufyTaiSSV5B7cKfQUwjhBP1O3WOTOhWiU1pZGW6uyrp5sO05Ux8vg7c7KuhYaqrI38xSJz2LI5LJcWagmnmE5GGt337rRyuEbNPZCpIBT07WcHG6DUzNlk0RnjuuZfPdLJuoWDpfqJOFaWiEMJq5G5A2GVVxwOJG3KmXevdRW9rIsAY3WKbz0NbS5Ka/V7qmqfg5GcBUlXUNpacyEAk8Bcnr2ueXuVHPPLVzEuOG8AI6632ZLrM8Di+Wol8TffstFQ0zYadvZxGSqq2wA7kK7OGta3vhDbxwXTHLOPyXaQrS0UPzEmkjYKvpIfFlDcrZWuhbT04Lh53b/ksc5YRuisE5rRHG1g2DQs7cK2Son0k5GcNCm3ivMDfAY/BIy7Cj9O251xqX1s8ZMMAODnl/ZZm+Rpc29jLTbjUSjDnAvJ9vRYyvqnV1W+Yk4J2Vz1Ld/HAooThoxnCoo4i4geqkY55GZJFvoxK8kj6eEq1w16GnfuraoZHaqJr2jLnt7+qo95XFx5KNIF/cFoaWSeQNaNuSVpYY9DQCOAo9tpRDCDjcqyiYSUmcs9FxSGww5cHYVhFkYBGMLsUYa0bINdWR2+ndVP8Apahi8sc5YKPra7tpqQW2B5E0o1Eg8BeeMZkhvGFMuVdJcq+WrJOHnbKDFG55w3OfZNjwY5rfLJbWG3Oq6trWjgr0q30ojY1mnZo3VL0zbBT00fl87tycbrXUtPnDWjG26y3WYXAcYk6gp/pAHKuGsAwB2USkj0N2G6nxDA33XJus5IOAwjJJ6wzluLEnJqcoEJOAOVwcomxA2RgCAXUkkRBJJJKCJiSSSUKHJJqShBydq9k1JA1kh0nKGSAkeEwgquiHNWcjCH33KegVcgihdNn6AUdayxkFk886yqJLreoLS15d4b9TscYV/TwtpqdkLGgBo4VFZKcVd0q7nKS5znnBPor+aTQOMrdWsGqMVgh1c2jG4CxF7qnSVDmErQ32qbFC7U46iD+iwlbUF7iS4knddOlMkmiOxnj1zMnvhepdKUEbIBL6LAdP0cU0rZJASdS9XttPHDRRhgxndVqrPt2gQ7JvsioTeUVcqbYxnX8ILc5ynuSaEJZ3AXUklCCQ3HC6uvLQ3LjgI4rJRnuqbo6ipBo+p+wAWf6bpfmpjI8ZwdTsoXUdxdcLiWNd/Li8oHutN0/QijoWuLfNJ5iVrgsIMshhkecYAHChSyl/2RqmfSC0KITkIhsDhPuhaiTyk4lCc9rG6nHAC00VubwBdNRWTPdYXZ1BTuY1+Nl5M6R9RVaxlxc7/NaPrm7uqq58LZMsacKotcGhpncNzsF73xOj+OKZ4fyep+a3gnw/ymBpOEOV2DzlKU6zkIcTTLM2LH1Lsye1ZMlMt7wXnTtD4jzVyN8jeFdzEO8oK5TxNpKRsQGMN3QNZB37rnWS3SydumO2CQ+IHJcd06onEMev0T4wMZVPeKosa6MFVGOS5vCKW71Zqak4dnCFRRFzx3QC1znlx3JKtLbD4ZDi1aoxSMUnllnSRmKMbYT6qRrGbuxnhPa7DeMKsqJXyzHO4B2T4RyzLZbtGuaXHV6rH9edSR2ijdGJPPpyRnla2rqRTU7pSPpGV8/9b3mS9XiVrXkxsJHPJXovGaZt7j5z9Z+Z/h6eUI/lLhGeke+WR00jy5zzkuPKvunKAFprJY9W+GD/AFVPT075pWQNG7iAt3SUXy8LI2t2aML1+mr2nwDVXNJxfZIjYWxlxA4UVpdUSaAO/ZOq5HMYGMONXKn2qjEcXjSDJK6UY4Rzm8nQwhmkjG2FJpYvCj1kblLR4kgAG3dEmeGNDcLNqLVGO07fjNIpvdIFPUhgOw4WXuVXjXJJIMDPfhWtZUDVleadY33wZzTxSHLs5C81rbz2GlqVbKq63X5uqcYxhoJC2fRp8udPZebQHxPMvTek2aqF2BvgFcK6e9nrvCRzNkuQap5M7YyqyNhNfn1IVlM3DnEFR6KLXU5075WSb5R6dR5CXEYn8qyPVTv5LxlbScAzyZHAWG6nOZNP3TI9GTXyxWZCuGcdsgKOBoa3A5UqsblzQOyE5oc0Aqo9njrllHI2mTbCZLERg44UykiLgXkYwuVLctwBuFpj0c2yvhyB29x+YDSeyvMbDCz9OdFQ1y0MLg9gIVjNFPCwKLYjKnU5GnlQjs5HpzjCXYdumX7JMwB3UN5LTwp7/oUSQYKx2G2LGtV3SyNfGC09lSt2U2gkxJpzsgH1ywWrkCsjEkSk+H+ScxgPvhWbNu+Jl3tDJDtjC69ocFJulJ4VSS36XbhAhbtwoc2cOWiK5paUWI4C7OzjZDafNhTsBfbyWFDNplB7K8w17MhZyM4IKu6OcFgBUNtE8vBHrabV2/dZ+qpzHJwthNDraSB2VHcKUjJAR1PAGsozHKKlm7cEcoL/ACv4yik4fjGE98YeAVqyzhTiBGHN4QgNLtXojhqaRjujTwZ5L0T7dOHkMc7srZrcYKzkMuhwOOFpKNpmiDvZbKWpCZPAQDIxjCjysw4bcqWW4wmzNyRhq3QWFk5nkHurwR2gALqeuhpO4CM8o/7jozv9kOut8VdCdgHjg905qM0FB2SFjizGTxOjeWO2LThcj2zlaS8W1k0RqGR+dvOO6zgy3OQl4OhTP5BzmBw+yiyRY30/upsL2u2KUkQfwkWV5Nsc4Ks7HBGF1ri0hzTghFqITnIGPzUfcZBCytODGKRo7XWePHpe4agpzuFk6SodTVDX58p5Wsp5mzxteOCExcnb0lm+Jwsz3QZogRkKZp9017NicopI3PlFU9haSCggYVjPCcZwoXhkE52SehTQ0+YJjCY3ZARPpXCA72V4Cj3ksaKfUMuU8N1jIKoog6N2dR+yt6WeN8Y82COQhyjVCz0zssQ4I/dQamA4yArYx6gMHKE6LIIIQjZQUuSmwQ4AhPLQ4DsjTU5YeOUM7c7I67NplsoTAOYSPXKr6mikgf8AMQc9wFdhgI4QHsyTtsVrjNPk5Gr0mPuiiJTVgqGjI8w5VpQuaeVQVEEtLMZY92ndTaCua52ADkLfTf8AbtmzkKO2ecFxVQF/82MbjsmUtQyUeE8aXDbdHppxK0ZXayjbIzxYtnjfZaE0+g1+xny4achufzTZI/LgrtDVeI3RNyNgVIfDq4/VWMTyVrogc7cqvqqfG+FdPhOdhlBfDnthBOOUScMmfczQdwuOaMZVjVUZOSAq92WHSeyyShgzTjtYEtIOMLikbYxhAI3SXEo6QN0DSc5ARsFNwEmUecoJSwS7bcpaaQMkcXMO2CeFfxSsn2acrK6cd0SkrZKaUOaduCPULRXbJcMTbXueUaKopQd8dlCIdE4ZCmUtdDWtw04cBuCuyQB42G60r7llGR/a8MbT1PGQFKfplaN8ZVa6OSJwBGAnxVLm4BRRnjsm3JIfCWkLmAeQjRyNeAHblKSBzhqYNkbWQE9pXyxPDjLGra0XcDEE5291Dz4bg14SnpA8eJFs8b7d0K3R6JJKxYNQ+Fk0euMD8kJ0bcaHt291R226z0UwbPksPOVq2/L1sAkhxunp57MjUqpYRna+0wgGenBY/wBW7I9p6inogIZnuBbtn1VhJEWHS4be6h1Nvgn/AA4PqEUeOUDOasWJG7s93hroW+calagZXktLUVttl8NshDQcg5W2sfVPjBsVSR6brVC3jk52o0rS3QNMYiQCAmFhHKkMka8AtGcrujPCbnJz+SN4J9EhTt7hSvDwu+EPVTGSJtFXUUDyS+EgexUQTVcD9MjchX3hITqMSZBaCPdCotMJTIcErZRgt5Tn0zCCCMgodRbZY/NA4j2yhxVM8LgycbD17onHJbfspbv0xHVg+G0AnghZR0dws1Q6FwcWjs7jC9SYY5m5bjJUG52lldEWGNmfUjdZ7K2zXTqcfbIyFHcKeYDUdLu6lTU1NVMw9jTn2VbdOnaugd4kLSR7JtDc3scIqjLcbbhZ8GpSz90Cvu/T76dpnpRlv4gFSBujY9l6MwtlYDkH/VVVx6fpawFzGiKT1HBQThk2U6ra8TMnFLkqWyQOGVGqaOehmdFKwgjv6ocb8YBO6VjBryrOUTSMpgzHuE2KcOwjE5wQoU1+x0VW7Ia4co01PHVNBIBKhc47JzKh7CAHYCW1kBccoFUUb4XbN2UNwGRuryN8cwAJ1Huo9Tb4XuMoGCUpwYyNvOGVJfJG5r4pHNc3cFpxgrd9M/EYwsioryxxLcNEzd8/cLFSxeG7SNj6Ib2twNR2VxltNtU/0e8UtxpqgB0Lg4HcJlxtVJdW/wA5gDsfV3XkFl6orrPI1pJkhG2nO4XpfTnVtuvTREx+mQD6XHBTYzUuzXHUtFPLFXWOd0M7HSQj6Xj0RWzwVrcxPGRuR3C1sscMzTHMwPb3BCzF06UfDL85Z36cblhPPsrnXno30a2S7IslPpGrCj55GOE2K6ljjDWM0PbkEOUpwjlGWs/MLPOhyOnVqI2dPkl2y+voyIpgXMHHqFpoqiCtaH08rS7HB5CxD4i3dGpqmSmdrjeWn2WWdJ3tJ5D41tsZ690p19cbBKILlmalGGta36mj816zbrnQXiAT0M7ZDjJAK+ZqK8irIjnIDhwStDZ77cLLMJqGpewDfSHbFYbqD1/jvLKUdrZ7+95jIBbygSsZMPMFU9L9aWnqajZDK9sVdjGg/iI7hXcsfhjZZHW0zv1Wwu6KetoBzExVj6cszqGFpHOyMYUKqo9W7dkSWB8qoyXBQS08cjDHIwFp2IO68560+H8E8Tp6CLS/6hgL1WWkc3sor4exbkJ0ZYOXrfHw1EdskfMlZa6u2v0VMZaOM4Udji12QvdOqOiYro18kDQC7cjHdeT3vpmrtDyXxHQDytUbFg8PrfGWaSe1coiUtUWYV7R1ocRk5WZaCN8YUunndG71CJSyY4px7N9bb9JTjTKdbD69loIalzw2oppMZ32K82pazUACVfUFxnpmgMfkc4KtpGqu+UOj0e2310jhBVgA8AnurWopKSrh0zwNkY4bZC8+pbjHWDS5wjeO59Vd2691ttqBBXvMtO7YH+n3WeyOTsabWf8AOHFqq7PUGot0hdGeYnHb8lZ2/qanleI5muglHqpcU9LWR6oZGuyO3KrLnaY3+bww4ngjlIccdne0uqUujVxVMdQAHAbjYrkjB65WNoayutb/ADF00X9J5H2WkobvTVceoOwfTKTKGTox1EZHaikhmYY542vaRw4ZWHuNgudgrDcrLOBCcufEf9F6CTqGRwUCSAOGlwyDylOBLq9y3R7M5YupaS8s8N4Ecw2cx3cqj6z+GcF5f/ELIwU1Xu54cfJJ+nCsr30Y5sor7JKIahp1YOwd7J1i6ymhlFt6jb4ErfKHHYEoZV8ZZjsjCcdti5/Zhem+vepehrx/Dbm4hkZDTnfZfS3QXxTtV9pIzFVNydi0nuvN+o+lLZ1VSaZ2NOG5ZIwbnPuvKai09UfD+uFXQzSeCx2Rp7j1S1XkzTq2JP0fcsNRTVkYLHtdnsvEPjf/AGaLF1/Rz3CyQCluGNeWjbVvnb3Vd8L/AI4QVIbT3h7Q52Gh2cb+697tt1p6+nZUUszXNeM7HhBh1vgx36evUQ2WLKZ+WnWHQ3UPw+uj7deadwa04DuQoNLOAA5hX6Y/EP4RdL/EW1vhr6FvjAEhzeSV8L/Fv4AdU/C+vkqW0zqm2PeQ2VgOI/Y+3ut2n1KfEzxHlPp1VPfplx+jziembVvMgeBKeAO6rZgY3aXDcHcKxglDSM8qVUUkNYwZaGuxyFs3pnnJ6F4zFcopYZS05zhaC1V+ktBIWbnhdE/Q7YgkKRTyvi0uAJA91k1MFJB6O6emllHoVFXeIG5IVpH5hkb5WQtVUDEHE7rR0NWC0LkW1tHrtPqVOKZMkjZI0scMgqhrqM0coka3LCchaBsoTJomTRmOQZBWNo3xkpckO21zy0Aq8pqt22yxtXDJQy/y3uaM7bq4tlcZYsnBLeVktr3dG2i/a8SZsqOp8QDJCsIpcb8/msvS1ekg8K5gqWlrdysM6zt6e/KyX9JXNYQH91YEidnl2ys212fZW9FWNc1sUhwQMArNOv8AR0VblcjvmZqeXSPXG67cKGG4Ram4EmOR3XaqISNL27kKNFUSMODthDF7Rc1GcXGSKenqKq0Vel+cArVQTU10pwcjP+SqrjQCvjEkbgHYVVSVdRa6nQ/IAO47J2N5m/A51X0lFWxPfHGNQHZeVVltmt1Q6KVpwDtle/Q1ENdDrac5G49Fluq+lIa+N0sUYDuduy6Wl1HwLazjeR8crV8tZ5O12eytrVdH0zxFIcsO26jV9tntkxjlYT74QYxrGwXZr1CkjzVmnk+fZqq6309xpsaRkjIKwF3tMlDUFrm4B4WrtN3fC8U858nY+itLja6e7U5GATjId6LdTqdnZytb43+RW21yeXjLSQU9zdY9FYXexz26Q5aTj25VcPLycLr12wnBNM8XfRPTy2yQo26CSDury03cwARTv1eipScAn2QA853UtgpkovnRLdFnolLcIp2gxnJUsVbxgAnHsVg7ddJKV7QScA/stLTXSKpP8sEFc67Tbej1mi8p8kU92Ga23XqVrmxyOyO2StBBXvdjhYGKYkgjsragumjAmdwuDfo+co9d4/zOMQmbekr3tOMjBVxT1QlDTgZwsZSV7JQCw5VlBXPYRgrj3adxfJ6ijWOT+15RppMS4O2FAuFip6mMvEYa/wBWptJcQ3AduSrD5psrdu6yyg4nQUlauTFzU1bbpjoL8Dg+yn0VxMrQJC3K0D42vzkA/cKmuVkZIDNTNMcg38pxlDiM1yE4Th+Ifx9OC0q1oL2GtEcp/NY9s9bRnTM0uaPZTIayGcYDtLj2KRKpPoKFsovk2cjaW4NzhhOO4VFW265W2Qz26TYnOlRIK+ooX62Elp91oKK5w10fhvIyQkyq2mqNyfsjWvqyQn5a6R6C3bJGytXQwVTfGo5hnnYqsuFrp6jZzfz7qqdFcbS/XTSF7B2yl7DRCyS7Zp4a6eB/hVAy31KnNfDMMtwCVnbf1BBV/wAmuYGuHcqzbGCA+lmDge2UmyDHRtjItoK2uonZgmcAO2dlZwdQRSgR1sQyfxYWbZWSs8r2Zwjskp6j2d6FBtbNUZccmmjDT/NpZwfbKL8y8DEkIJ9ccrNQa4idD3AexVlT3KRnlkGsD15VOLCTXQO69K2G8tLpKZsM5/GwaTlU0FJ1x0hIZrJdpn0zdzEHZDh7hapk9LWMDQ7Q70cuOmnptmeZv6qy1WmdsPxmgc9tF1NRupZePEbs39Oy3lHeLVdIxLbK6KfVvgHdeZ11pt95afm4IwSOQ3BVDJYrzYpTP01czt/w3FHnBUoYPa6+iorpTPorhSRTRP5bI3P6Ly3q3+zv0deS+ptMk1tqDuGsOW5T7P8AE652tzabqi2yNHHit4+631r6is96jbLQ1sbyfw53C1UaqdDzFmS7SU6lYsjk+YuqPgv1h0rqkhpRcKZu/iRbHH23WCkYQ4te0tc04cDyCvueZuRvwFluouieleocurrJTCX/AL1jcOBXa0nm8f7pyb/AwfNJ8dOixyEyalBAIHZe4dU/AaRniVVirARz4crl5pdej+obCC64W6RjQeQDpP2K9JpfJU2xymcDV+NupliUeDLfJHsChGjI3OVba2jlmE1rg7hq6UNSn0cSelrkynNOG8t/dMNPkfThXhhix52DKF4TCdtgnxvRnnoItcFJ8s5ufIueA0H6VeilYdy1GZR05OHNwPVPV6M38H9Gd8P2/ZcEbWHVp59lr4bbQADBH5hHdYaGpZgPDfcBG9Qo9lrxs5dNGMD4cYkgDvyXC2iP/wAKP1W2HStEBvL+y6embUBuCSqWrg+MlPxk0/RhDTULuYOfZD/grJjqgIHoMLdusNujILY0ZtspIiCyJufcKpXZ6KXjZezCR9NVBAzI391Mj6aGxcB+S2Xy8faNqeadpGAwZVK1jI+Nh7MzBZKeEDUzJVjT26lP4FYGgOcuaAE9tFjbOEbuWDRXoYx6BMpqWIbRglddPpGGgN/JFNK5uP8AqkaYbbpTsNVen2LCIj5pCcOflCk1O5PKtI6Om/EDlSmQUbRu3hB8g+Onb7KaCmc8505U6C3AkaIySphlo4tmt3Q5K1zABGAAUEp5GrTxXY9tvkAzpGB7p4iY0bkAhRvmqlwzr5Tdb+S5U3wNUFHomeLFHnUVw1Rx5VFJ189k9Kk3kYohPmZ9xq2TfFeRgpufZPDAVSCSwd3duSutYCclNa1PYAOSoMjHJ3SPRdXSMListjycpIeoBc1hUQIm+IEOSoDdvVBeJnY8NqJIvBJdIMHKjPqo2DcglJlJUPP8zIBR22qHYnJKVOWS1Hcisnq5XHERx6ILKeuqBhztvYrQMoKRmNQ/ZGL6OlbmPBdhQnwlRS2VpIfIN1ZNoqaBg0jJTXVc0rsNAATgWtaHSP3Rhxjg60nONOyPmCIA6cFRDO7OItvdJkUj/M+TKmRseCaamQgCPYIrI3PA1FR49LcAhHM4GMBWOiGAbGBwuMeC7YIeTIBjuiCPBzhTI6PRJZwiIDOEUOLTs3OUCaHRjlBy/ScY5XXSkgYbygmQEZcQ0D1UeeuBOmA5xyrLfBO+kancJhfG7Gl2VADK2c+Z2AjsxA0NdyeUMpYJuJBw0ZccKHWXGKjiL3n7AKFcrs0SGOE5I5Ko5JJqh2ZDkeirsx33y6Q6rrJ66YSOyB2CdTUzQdR5T42MDRsuOJOwVrkwTzJ5YVzg0aWjP5rkVO97vpKLR0r5HAkZWjoLW1wbloVqW1DqNN8nYC1Wd4DXv+4C1FDQgBrWt3wn0lFnSC0K8o6IMLTjdB8nJ6LR6SMUkgNJby3Bc381bU1K2PBTw1oaBxhOD2gZyglPB26KFEKCGAbJSzANwo0tQSRhqTXlxwQkSlk3RjtHF73OyRsnD3SAHOEQDOwQBN/sGxpyDhSGnI4TWYHITstHfhGBOagPRe+FV11+tNui8SpqQD2A3WTu/wAUWMY5lmpg9/Gt4WaVsY9ip6mMez0N0sEO88mjvusteviXY7ZllO01L27aQcfuvMLnfr1eyXVtbI4HfSDsq1lO4uJ7rNLUJ8GK3V2S4gX99+IfUd81QMqflacnZkYwf1WdbBI94llc5xP4nHOVorP0Hf7yWupqTETuHL1Hp/4MUdPFG67zeKMZMZ3SnZkTCNtr+88itVrrbpMKWijMkh4GV6DYvgzdrgGyXCY0rDuXf+i9cttmttnhEFDSxxsaNsN3KkOqSBjOyVK3Bup0ifMimtXRnS9gDfCoNcjeJHNDnfqrn5l4GmPZvbKZrL9yUCSpbHyFPnOhVQodEhznP3J3SDgMlxwq6e5Y2iUSWoqJeXnHslz1GR6gkXUlzgp27HUfZV9TdZ6jyh2keiiMBdsVLio3uIJ2ys8r2w0kgTGuecu3JUiKA5G2FLhodvpUqKkxjsqdrfYEpqJDbTA4w390VtKfTCmiBo/CiCFoOcKt4PykFtMTvhHbGduwUoRDnCI1no3Krc2L+TPCI4hGOEhGAdlNawlv0JCinPLCArwxTsIzWDKKxo23R20zu43RBSPAw9gwfU4USb6EWXRS5I2cp+CeVSXjrv4e9PZN46wtFJp3P+8h5/ZYu5/2nfg7a9fhXaquRZ3pYNj9tRGU345MwWa6iv8AKSPVEl83Xj+2ra6eTT010VNKQdpa2XQMewaCsVef7Y3xQubnR2lltt0Zz5WU5fn7l/8AooqJy6RzrPN6ODw5GXTU5MLgF9vPxLFYETgFVdwuMNLE57nDI7I9ZXxQNLnnGFk7hUCqmLxnT2BSrZ4NNNeXki1VVLWymWU+XsENxDWYwnOAYFGlkydIWST3HQhFYwgUriTgJ8DDndJkJecqZDDjGyGMXnIbeB8MWMKXHFsNk2KMnCmRR6QFqhAz2WYGRxY5CMQAE/ZoQJpcjAWmMRKeRjyckIBO6ed1xEENTkklChJJJK9rIGXQO64OU/G2URDoxhCLSSSB3Xd9eMnCf5Ryo3tKSyDaQAd1Anl1u0NPHddrqrW7wojsOSgwsOcu3ykyzJjoxwEazKOxi5Gz1UljMblNhHCyF2BDcHhGZwm4CMBjYJy7BYxJcclq9k3bkEYTlIHHZcSUwFgekdk48IeMkoQQRznbsmzkPGAUSQCJmT6KHlxdkrPY/wBDEsnWt31Eps0gDF2R+G8KuqqnjAWayeOxsI5YOomOTt2VXI8uJ91IlmJdwgPOTlZJveb61wMantBPCTUVg2ykdB4BpLrhg4C4oQKkkkoEJNPKckjXAEo5OjlEGMDZDwU9qtAjl1/CamSSatuMIZy2lgpTgoLQiSdlxgOEnssewHsFMjbhoQYWb7hGPZaIL2Lsz6DObq7oc7sADCcwgZyo08mpST2gApXEuCfG0FqDH5nDKkHgJL5GLkY7PYp8LNbsJAZUmCI5yQkzltR0tDpFZLfLoLHHpaABglesfD6wsobd8/PGDLMctJ7BYnpOyi61zWluQ0j7L16OBsFM2BgAEbdP6LFZPcfRPC6RQ/1Zrn0crallOzUTk9gqESGWQuI3JRa6pFRJoY4kN2ylSxYIOFmZ6XO4kwAMaDhOjcZ5tKHM/Q0ADlPiYIIwSCS7f7IG8BR7JDg2MgNVhaqcyyeKRsD+qrY2PmcA3fJwtPboRBE1oaP/AFSpywdGiGeiyp4w1ow3ZdmkELSTwiRnDPpVN1LXGCmGnYlJl0bZfZDLM7dKl1XWOAOWNP6rtHTeM/BBx7KLATJl57laCzUerE2NlmmwaE5stbfSCONoLA3HYKVWPbE0DGPZdY3AGBhQZXySzEvOeyyWyOnGGEHgiMhDi3OVaMGiMBRKZmA3KJWTNZH9lkcss1QWCNXT6TgYKt+mbdnNXK3bsqi20brpVtZ2By77LXuDKOn0RYaG7DAWW+z+k11RyNrqgNHhxu3I3wotJG/WJCMNCjtLpZc+pVpAwhgyNhwudN8GpLHRIja0DUdllep7iaio8CN/lYMHdXlzro6OmcHnBdwsBJUmWV73bkuKquOWJvsS4OTyvB0+qbAw6uN0xztTwCrG2w6pA/GwT5NQRmh98izttO2KDU8DJ35RtWtzgOc+qDJLpw0KRZ6fx6sZ7LBdPJ0aK8ou7Fby54le33WlkeyCPLjpAHdQ6CHwpCBwQoXU1whp4hC53mIzhYZ8mhrBW1RkuFcIoiXF7sDC0tTMywWdlFG0eI9vm+57lQOlaNtNC+71TfKAdOpV12rnVlU+XlpOGpZZAly9+skEk5JV7YaKNkL6+paNDPpz3KqbZRurqxkLR5c5d9lcdTVgoqdtHTuAbsCAjZcpYKi6VstfUkv2a04a3sFItFCJpsyD6dwq6jYZZC52Sfdaq10r4G+M9o83AUlLaXFZJLYdHlaNlKiYAAUmN1ncKQ1gIwEicw0sCGwKxXWl3BDbdG/zfU/B7LTXy5stNC+dxGoghv3Xl0s8lbUSVMpy6RxOfZVB8gXS9IGCAAFpOkbYZ5HVkjcsacNB7lUdLS+PMIxndenWG2tpKRkOgZAH6pls1FYEw5Zb0lO2JjfKM4/RXFFENiAo1FAXjftwrmmiDGjAXLvtyPXQeFgAAwpLPqCGxuOykLnzlkAcOF1JJIDHJJJKEOjlEBGEJdRrgAJkeq6gAnPKMOFaZUujqSSSszy7EkkkoWJJJJQgkkklCCXCBzhNSQ5IN1chQbix0tLJC04LwcKXIM8FDezON1cXhjoLky1stUlvY5r++6VY/A+yu6sANI9lnLiHMikI7DK6WneTXHhGV6nnOMY/D/qscdUr9t8q36grJXPDZH5y1Qun4BVV7YjwV04NQWWJl2bHpC0h7GF0eO63ga1jQxowBsqu0UbaRjWNGcDlWzATvwsGonukHHhBGdk48JDhNefQrBMtDc5fzsiDhCYDkHsijhUUzqSSSMISqb9XfLW+R422wrUjOywfWlwc+rZQwPy1vP3ToopFfYKF1xuALxljDrd7rcvc2OMMaAABgBVPTdE2ioPEe3+ZINWfZS5342zytMVwGMqHlxzlDzhNJyVyXO2EcI5fITltHkgDJKouo7kKKhc/YbHlWdRLp2zwvNviJdZTKymacADbC7/idG7bEcryWq+OpmNrqh9fWlwzlzjhXMGqCFjCN8KttUIfMZXDOn/NWUzx6L3tdSrWDw87nN5Y8yAj0Vr03RCeZ1VIwaGHbPcqjjZJUTNhjyXPOFtKanbR0jKduxA3+6VfPC2m/RUuUtw+ok1O0t4Q2xl+4KHnLjlSo24asJ2ugcsgghc8nhZStnfLIXOOQVeXmobHCY87lZvGpw3TYoRYwlPFqdnCuaWNoAx6KBSx8bKxa3THgrRFGSctqHVEjWNwCAceqgMAyXuOyVSS5+zjj7qLc66KgoXzyH6Bx6ro6XTu2SRydZfGqDnIxfxK6lEND8nSyFurIc4HdeQQRmUl7jknfJVx1Jd5L5cXGPIiaTjKj0tIX4Yxq9t4/T/HHDPzX9T+Zn5DWylnMU+Cd07b2ul+YLeAtOXBjONkygo2QUrGAYOASuTOPDV3KoYPG3WfLLJ2hpfmqvVNktG49FcS6WDw24A4wEG3QeFTanN8x3RGtL3bJ0p7A6KXbPCCxNZHEXuGNlXVb9WSp0zsNDfZUl8uUNBQyTy9t1xtdY28nt/G6VQisma6xvsdpopHB48RzcAZ7ryCaplq5nTyuLnO3ySpfVN+kvtc7QSIWHbPdQadmlg1d15nVWbng7MEkywt++y9W6Tj00Ds92/6LyygblwaDuvV+mWH5D/wrmzPV+BjmWWJ5yHbeq5bgPH47pO7p1vBE2Tws7zuPUYR2YYmkC8/6jyanGeMr0KdpEkjvuvOuoATVn805Pg5fkeIGdqQNQQUep+oILQSdkSeWeSuWY4J1KP5IUeoBBKmUwxCB7KPVN5wOVoXRiujirBAeN9ld26TxKfDiAQqYkasKZQTeHM0E7Ioxyc7S2bJ8lm4HWNkan7J7mgjICDGCHHPqk2Ho6Z55RZMOWFRXg54RYDkcosjARws0uTpV/ciEiUsphlD+UM4BK47fBBSmNisM1MQD2DfOQuxt05US3T642kb7YU12QAccqHQh9yIF3ia+HUB5gdlSscdshaKpZ4jDtnbhUU0Xhv47qYM18EuRko1AHHKjtBCk41DhCwMqYZkaydHKn0Mvn0lQACUeElrxsoOq+1mhifqYAd1DroA9p2/NOopdQxypU0WtgGFaeHk2uPyIyFdTGKTIGAhgEtwSrm40xGTpVG8+HJuM5WmLycHWU/HMY4FvZLPsiEh4G3Cbp90050lhkd7ire0Vs39w535qsc33RKaTwZGvB4TqZ7WZrFk1Ya48nJTy3I3CZQSNnia7nAUktwF1K3uOXrfwZELQ13CfoGMohbl32T9O2U+UTyc5YeCMGEOUmMDATdHsiRnBCHDBO+GADkZWZ6gtrYcVMTcNJwQtZs4AYwo1XStmjMb2ghw7qnHA6m2Vc8owYLmbqTC7PlKLcqCWkkLS3bsRwQorSRyOElrJ1q7k1kNPT6hkBVs9MQcgK6he17A0jthAqqYkamhZ7ILs2RgpLKZTFqtrZWujb4R4VdUROBBKYx5Zsk9DYWSqeEa6CUPZqG+UZVFsrGmMRu9VasdrGQETZ2qJucUxrgJAdlDmhLXccqcGlv5rksQcAlzizS45Kt0R2TNwcYzlTJWaCNlHe0O5QsU4uJzGQlHI6ndqaM55XGnO+OF0tD8ZCTnkODwy7oahk0eRz3HojvZnfHCo6Oc0kocBlp2IWjhMVVEHxnI/wAkaOhU9yK+aHUOFXVUJaRgYV9LAM8KJUwhzcAfmoHOCaKqJ5BwUV0YeMgLksTmHIbsnxP9dsIq7cMyWU54ZHkgD2lrm7FUFRT1FvqdbT5Cdj2wtUY9W6jVFK2eMxSNBBC1xmpcnH1Wj/5SNb68uxgYVxFOXt3HKxsjKm01HmJMZOx9lf2+uEjA5pzjla6rccM5cofG+SXV0r2tdUU7TkbkDhTKKds8DXdxsU6nf4rMY/8AVVtbHLbahtTDkMcfM3sVshMmPt3Fo+MHcBAfCMfTj81LpJoayISR74G4zwuyRAHhM4YaZWS04II0qprKBw8wacBaN0Y9EyWnZLE5hHOyVKvcDOOTIYDSRqBTXNVhcbYaZgkj3BOCq/ZZ3WZnFoRAxwhHlFPCEeVnsrAQk3wyeyQBHZP8QDlqV0MFHM+nkD4zgq8t9w+YyyUgOAyCqJ3mXYXuidqadwm12ygxNlUZ9mnkaJBkDKhzRFvmAwmUFwGQJ3ZViNFU0aBha4tWdGWX+myDHM5jgDspsFVt91FqqCUnXGNghgujwH7Jy+0B4kWojinbu3JQsTQu3b5UKmqREQSpwljqm+hHOVG8gY2sBJCyobg+V3qm0VfVUMnhh5ABT5oXQ4cw7HZMdHHUMOdneqi4BnhmoimiroGubu/G/wB0wwyR7uasvDLWUTtUb3YHutLRXCCsha7XpPBB5BTovJlsrx0KanilGHNCrJKWemlzE4gcgq8lhdH5tOx7qNKwOA7Ims9CVPnDJ9j6hmgkZHUP2HBJ5W1t9xpqvZp3XmEtK5u7Ue23eqt0wJc5zR2ymxlgzXaVWS3QPWAz0SLD32VTY+pKSvaIi7z47q7Hm4C0waZzbM1y2sZ4bUvDaipI8C20iM9pI5UWSBkgIe0Ee6sXRnZD8I5yrccE3lOKOSmcXwvP2ynwVbZXeHKA1ytHQggYCh1NuiqOfK4dwluPAW8ZLSsmaQ5gcFmLv0kybMtPs72WjaKm3vDZD4kZ4PopPjQTt1NGD7JDryPrulF8HmLZKu3ymF+SGnBBVvR1MdS3dwz6FaK52Gmr9Ti3S4jlZC5WOutb/FjLi3OxblK+No1fIrOyfVW6GqYWyxNeCsxeOmzGDLSnHfCu7ZeXhwiqCCDsFdujhqBksAJHZJlXuZrrtlX0eWsLoyWuO47KTTTFx0kBa+59O0dQSdAY/wDqaMFZOutlRRSuYWkgcEJcq3E3Q1MbEG8LWNkB0Wn8P7pQ1jmN0uGcKa5jamEOjIyN0OA5PBBaC3OCjwVrW4bM3I9UMtLTpcMZXBEHDOcJU/tKkkyf4VHVRhpAz6qtrLRPFl8TtTQiBzoHBzf0UuKta8aXOxlKayXCcodFC+JzPqGCmw1E1PIJIJHRuHDmnBV5PRsnaR5Rng+iqamilpTlzctPcKnmLyOhY32bfpz4ixtijpLwx2powJm75+63dHWxVkbZad4ex4yCDleCkK1s3UFxs7w6lqHae7Cdk2F3PI7fNdHrt46co71TkOjayXkPAwcrG1NFeOnJQKv+ZAdhI3t91e2DrOkuEDDLII5OHAnG608ZpbjF4crWSNcOCMha0lJFx1Lg8+zCQ1sdSzYb9118RAB7KzvPR0sLjVW1+M76WnYfkqKKrqIpfl6iM6mnBBCRKnJ3dH5D5OJh2vMZ3KtrZdJo/K862+hPCq2ujmGQ3lDfHNA3xIiftlYraT0Gm16r/Fm1oK5kjg+GQxyN/Igr1HpP4jNxDa78x2fpbUtOdv8AEP8AVfPlNfIo3htU8xns4LQ09ymcB5g8DhYbKPZ6XQeV2y3RZ9POIJJaNvshCWMnEjtJXjHSfxGrbG/waqQOpDsWD8P2yvV6C5W6+UrKu21LZQ4aiM7hZXXhntdJr4XxTRNngZIAWbqumpsdsKwimEezgnFsU48jt0KWDc8SKbwS3Pl/dU126fpblGRJEzO/I5WpmpwOB+6gOYdRACLODPqNPC38keL9SdD1NNI6aCAuaezRwsZLTvgeY5GkEL6VqomSDSQCDsdliuougKSsikmpRpJ3O3dFCzk8zrfC5zZUeQQSujIPKtqSvyQCh3Gx1dvlMRbkN7lVoeWPx6cjK0JqR5qdNlT+9GngqQcEEK/tt3bJimrMOadmk9liaepLMA8Kzp6kZBxlX2FCbRuaOukoJMwu1Mz9OVpKC8U9wGjOmQDg915zT172YPIO2Cpgqy5wexxaR3Bwlyhk2Va2VXR6KWMIPlG/sq6a3gO8WncYn/4eFW2zqhga2CuadtvEH+q0MTmTtD43BzTuCEqUMHodLqI2RUosHQ3uenkbS3NoIdsyQeqvmFsrQRwqKooo54yyQZzwfRRI3XK2uzDIZYx+EnOyzyidOu6Xs0krBkbZVNd+nKC7NJnjbrxgOxurClr4quISM54IPIKkB+eyCcHIdiM+WYuKtvnRv8qXNXSE7YGXNC01PPauo6JszWslbIPMx2Dj1CPUwNkHmaHDHcLJVnTlwt9Q+usNV4eo63QE+XPfCDawIR+PMX+Jnur/AIXy01Q649NSOjBOoxA8FTuhPjDdemJhb72ZT4TgwnJBAH+a09l6tpa1gpbg3walvleHeqB1d0LQdS0vlDYZQMtkA3PsfZL25Ms6Y/8A0z3LpXry33yjhqqOtjkDxnAO60VbSWvqegkt9yiY+ORpa4OGeV8S0lf1b8LrhG573PpNflLScfmve/hx8YaPqqJkckrYp2jcZ5SbKn6Mko7eJHlXx1/sny0RqepOgKdwha7W6lA1Yzzj2/6r5rkgqrdUOoLhTyQTM2w8Yyv1Bob4JdLJHBwOx+y84+LX9nLpn4j05rrRA2iubvMJ8bO9iAqhbOvhvJxtX4qqyW+tYZ8By0kNRkyN39VDfQiM5atv158N+q/hxdHW3qS3SQtJxHNjyPWaaARuFpV27s81qPHxrliSIkEr6chqvLdW5IBKqJIweydTPMb90qxqRKoOp8Gxp5tbRvlTAzLc55VBb6k7D0VxFUHHCw2Q54OtTPKOzU8coLZGgg+oVFNBU2qp8SIkxk8ey0LX57Js1I2doB4KyyiaWtwChrhOwPac45HorqjrHAhYqSOqs1UScmJx29MK6p69ksQex3PPssttWejpabUbVg2UU5IBxjKmRSEkbLLUNdpeI5HnB4V9DUtLRgLBODTOtVfuRf0lQC3S4g5TpoG6cgg5VPFIWkEFWMVS1wAJSZLBoUshIZHR5YTsgV9uFY0ysG4G+EeRmcOShlcw7FUpYI4xaxJFLSVdRbKjQ/OnK1FPUQVsQc0g5HCrrjb46uPxGAaiFSxz1Vvk0gkAFGpZEOLgsLomdQdOQVkbz4YyRz6LzK6Wuotc5BadOV7Lb6+G4Q4cRrA3HqoV5sdNWRkPhadvRbqNQ4vDOZqtNv5R42BrOrSrmyXfwHiCoOWHYE9ly7WaS1VLssPhOOx9FANOT52HHddOF6lyji2aaW81VytsFzg4BJGxXnt/6fqLfIXtaS3vstdZru+ncKepOW9itDWUNLd6TSQDtsfRbadX8Zz9f4qGuhtgvuPGGe5TdGd8rTdQ9PuoiXMjIIPYcrNEHdhGCF39PdC+GUfPNXpJ6ObrmuTpI5BGU+KrmjcHMcWkeij4PqnNTJJTMybjyjVWy9RSsayZ2Hcbq4jlDwCNwVgA4tOobEKzoby+F4Ekuyw26fJ2tN5TGITNzT10lM4aTsrqjuzZAGg7rHUdyjqWDQcqfFN4RBYd1zNRpVLs9fofJuqCw8m3grXEg8K4pa7IGcHZYSiuL8hryrinri0AuOy4+o0qiew0PkoWRTya+Ot37I/iCQAcLOU1cNgSrGKpyAQuXOvB269SrFwSpqSKQYc0EFVNZaPCzLArVlRnYozZGbEpDW3kb9szOxVTo/5coyByCjtIkw6nk0O+6tKy10tZuRod/U0KnkoquheTp8SPsRuVTW8XKMostKC8zscIaohw4yVbtkgqW+UjdZHW2X6Tg+6k01dPRu3yQEmdeOjVTa+pllX2QS5fH5T6hVjam7WZ+cuewK6oLxDVO8NxDXYU2WGGduHsBylyjg1fa+YEO39UUtWBHUjS73Vs0xSjXDICs3W2CGUl0J0OVYJrvZpNtT2eyX8aHRtnH8jdMfVM/uskd8qRHWBmBNsfssvbur4HlrZxpd3WgjuFFUxhwcMH80Mo4HK6L9lkythkwGndS4JnkjzHdUYhjdh0MgGfdOIuEBBiHiAehSto+M2jUMOpvm3/ACQZPKQTsPVUUN9kiIZIC1w/qVhDfoZdIlbn3U2sY5phqiKlqmeHO1soPIcMqnl6TEUvzFhrJKSUbhod5StDE6jqQDsfsmyUs0Z8SB+pvbB3CopYZFoeteorA5tNe6V1RGNvEaM5C1ds6ust7YBDKI5Dy0nBBWd+acRomZnHqMqvqrRaq1/i0cnytR/UzyglVnAxL9G/lbqwW7j2UGtoKWtgdBVwMlY4YLXDIWNbV9YWXSISKuEd+ThWtv67t0umC6sdSzcEuGBlHGcoPMSOP/Mihv8A8JLBcoXfJRinlO+3GV5ne/hR1BaJHvpqczxt/pC+iIpqeqaJKWeORp38rspxYTs9hI9F0dP5W6nhPg5mp8VprnuUcHyZJSCneYa6mkY5uxBGE+GloJDhuy+pK7pvp68xeBcKCN432IAx9isPevgVbpYnPsVQIHZyA9y7mn82msTRwtV4SSea+UePxWimfu1+Puii3Qt2A/NaG7fDvquwyO1Uz5WM/E0bEKlDJOHOwe66lfka5rKZlXj9vE4ghRNGC1oT/Aew+Vu6NpqGbxD9U6Kaoc7TLHjHdM/nNiv4MJdIBorQDpAwh6KgbyhWDauE7akXyy9h90yOsS7Aeg/RUO17+ThCdOQcY3Vy6nj50coEtvgI2GCtC1sGsC5aGaK4SgjPCXjDsn1NDID/AChso5p5/wATSPzRx1MX0KWmlF8oeZznlcFS4fhCCY3N5JTdQHKOVjZSgkSDUk42TXTE/mhpxGUHyMOMMjxK/wBU/wAVxGChImArVn7D+NnCNW+OE3XnbHCImeH7qnMnxhA4nskQT2SaD6ruPXdX8gahgenoA+yfrb6oG9w1RSDbJEgIPiDOMlLWPVR8dg4Hl7yRpOETfbdBEjRyUx1dAMguUckXgk6/ZcL89lCfXZP8opNq3Dctyq+QhKc9/ZuUmtediUyOqHBajGZpAw1TcgoxyPbFG7DpP80Zr6dg2fj2womSlrHom7sBMluqmcM3Q3VVUdm8IAfg5wiNlDRjSl5wUjgfM4+dyK2BpGp5/dC8Qei74xxjCmUMDB7WnAakYmuIc9wwo3i+y6Hl+CEblgvBLxA3aMAlISnGNKjtcAco4lGMY/dDuSGRaYRrynsBJ3Sijc8jZTRC2EBxGyuU8dDowbOQt2GVIcOMKLLcKSIbuxhVdZfC4aKYZQNhxlGL5Lp87IhlxGFFnuzQNMDvMoVBbLtcCJJ8MafUq+ounqakcJHOD3AdwhzyG5uXESrjir61w8Vp8PuFZ0lrijAd5sj3Vq0x07MBox6qhuHUUVNIYogD75RrkvKjzIm1NbBQt0vH2VBX3b5kOZAcZ2JUGoq5KuUyyPLs8b8JoIA4V9GO21yf2sYGnvz6p4IA4QxICcBSI4y4hQTzLsaA47AKZTUrnOBxhEgpTthm6uqGhdlp042RJ4HVUObOWy35wdBGFp7bRZIyOEGgpAzGWjJV7SQNZgjugkzs6bSqIWmpWsA8qnRjSBgZQ24aMBcL5Ds3ZKbO1p6lFB3zb7IZLuy6ynkdglSG0zfxBJlLcbYyUQDPMeMqQyPbhOMUUA1bD7lVtd1LbreP5kwz6JMrYx7LdqiWJdEz+9fpQnXSjgPmkCxlx638SUilhDxxl3CoKqtqax2uSV2/bOwSJ6uK6ETvTX2m6r+ubXQuLADI4cALIXTri6VbntpmNga7uByqmWFzyMNyTsFOtPSV2vExjpYS4N+rY7LNLV54yYp2Sl2Uk1TU1ZAnkLvuUSltFdV4+Vh1Z7L13pz4LyaxNc3NG3HK9BtXR1hsjWmKnYXjuRlZp2qQUK3N8ninT/wku900vq3OgaRnK9N6f+FVntOiSaATOx5jJuCtnJU01O3EeMjgAKHPdJqgaNwEl3JGivT8hWw0NuYIoo2RBowA0YXHVeeOCqueshiOqeYD7lQZb5TkaaYh59wqd/Btqr5L8zawTkcKFLWRRZL3b+ipjXXCp8hDYm/4RglFjpaiTSSSfcpEr8mlJQJElydIcQ5CHpnl3eeVLp7c4AagAVYwUIGCAq+QJ2qJUw0D3HOnn3U2G1yHGRsrSKlYBs1HAx3wq3tgO5shxWyEDcb/AGUhlK1uMBGY05wBkqXBSTTcR4RR5AldhckRkbWjHC7p9CrWGzOeQZRsszfPij8JOkozLeOsqBunlsT/ABHfkG5KdGpy6Md2uqr7ZZCNx4GcKQym1gHOMrxbqH+2T8O7e4t6e6cudzLTgGRzKdrh675P7Ly7qH+2N8RrkdNkobfZ49/7lpc8j01E7fknx0rOXqfP6WjuWT7BbRAjc/nlUd0636C6b1fx3rG1UZZy2Wo8w/JpXwR1P8TviB1g3w7/ANV3KqZnIjfP/L/8oOP2WWc6WV2qR5JToaXJw9R9U5f+jE+3r9/ao+Fdndots1Zdnk//AA8ehgH/ADvICwd8/tvV4DqTp3oqkjDfplq5XvOP/CQvmIRYASdGTp9AtEdGv0crUfUOqu46PWb1/aj+MF41Cn6g/h0bs4ZSRtZp+zsav3Xn9465616jcf451Rc6wOOS2SocQfyJVSGAY2xhEwCBgYTlporowT11935zf/cEGnG+T7roB9EXASwExaeKM8puS5Ywx5+oJeGMYwnruMpka1HoQ8ZN69+lRKicR4y4DKUtQ1g5ys9X1xmkIbnY+q+mSng/OEI5YO41XzM5IzgKA8BoyiOdncqLPONgs85bjbXHAGabB0gITGE7ldc0vdnCkwx7DbGEKWTTnahRRluymxR4AJTYolOijDQnQhkz2WCji04yjYDQkAAhTu22WiEcciH93I2WTOwQkzfOSU9EEJJJJQgl1q4utVogvqS0+6TURrfZaElggxrXahsijhPDQE0kDlA2WNIx3UOsqwwY9dkeplbG3U44HKrRmWQyEbHjKRJ5DgsHWt1HOOUVjE+OPgAIzGbcI4QyHOa9DWx7eiI3AzunAaQm4K0xiKlIenJJqgIkkkkQYFFJwMrqEqbwX2OBxnZdAaPO47BMaM5BKHUSks0N2ykznhEwRaqczTYZkAbJwaAMkpscXdwx+aZNJtss02MSyBqZNPtsqiol1OACPX1AIMYOSq3cnJKyWS3cG6mv2w+2EItK6CdjjZPa0EZISFldj+hJJJKFiSSSUIOSSSUCbwJdAOUgO6ecaeFAJTx0IAJyHg5RhwrQEXkYeFGed8KTIQQovr90ix5CRxxyASjRMAOwQo+6lxNwckKRWWW+B7GgBEamrh4T30KaycldgYBUN5yUWY77FCYCXBJk9zwUo4Otai5HqubY9E+ngMhJHZSX2ofTVK2W2I+IEHOMqdSxeK4MA3dthMjjDBjC1PRFjfXVja18WWRuwMrHZPJ6zQaWVk40xNz0bY22egY5zAJHNUy810scIij21kgnvhTJ5mU8GfpDWrOPnlq59bjkZ2HoFisf6PoMKo6eChEdSsPJCsI3Bg4QomADYYXXOz5QlDo8BomGeTJHlG6NJ53YH5BOpGCKmJfsSFymHj1A2VN4NNcc/wCSytdOWxtLhvytJSMLY26gq+3RMLtJbsFbEho2CzWSydfTR2rkdLM2OPUcDAPKwVxrp7hXESOJZkgDOwC0l+uLYYAw51O2ACzMUeDrcNykSlkK6WXtRJpKcPlZCwcla6khEUYAaBjbZU1ipC5xnc3Y7BXz3iJo2yslkjXp61GORlVNoxEw4JT6OlOPFkG/ZRoWGpqMngHJ+ytWkfSPyWWcsm6KycaA0HAVZNO6pkLWDIbt+al3CpEMDgD5nbBKw26SR4kftk5JKyWy2ofFNtJF9YaAUVEZntxJIM/YeiVZVF7jGPzR6upFPFpbzwAoVOC92pwyeSsEp7nlm+EdoakjJfnHsrF7hE0bKPHiMZ04VV1FcxT0u0gYTlJxvfBdktkdxRdUXj5ioMLD5WbKia44ye6A6Z0sjnvOcnKJrDgE+EMHIst3yyHa4lwa0bnZaCljFNTgEDU7cqrtNL4kvjOHlb3VtK4ZABS7+ejZpYf1MWTIcBarp63CKISOG7t1QWilNXUhh+lu5W6o4Qxoa0YwuZdLB16sLkMB4EJlI+lZOGml6ivROT4bXaVddSXD5em+Uid/Mk2AHui2SiZY7X8zM4CaTzDUFjc+S5vIupKxlPDDaaYgCNoDsd1m3kudpbvhGqXvmldK55JcSSSi2uhkqapoYMhvKiZC9sdKy2W59dMBreMhZO4V77jcMNOxK0nUlzbTUpo43AANxhZq2Uge4VMgOx2wjKTyW9vovOxjRuTuVpoQc49FBtdI9gD3N5G3sFashDgEq1jVx0PZGA0Jzn6BkhODMbBZ/rW6C2WpzWPxPKdLQk8yZJy2LJkusb2blcvlYn/yYPLsdiVTxx4GwUQOL3anck5KtaCAyyNjAO5T4rYssyubk8mh6PtInqBUPGWtGSvRqSnDcaRwqqxW5lJSxs0eZw1ErR0sZaRtyseos3PI2AekjII2VtAMYyo0DAOylxAADC51jGrkO1oHATxyuYwu4Kyt5YAQcJqScqKEkkkoQSSSShDo5RgRjlAXQTlWngCYVJcBGNylkIsijqS5kLqhBieuZCad1XRB2R6pEjCGMnuk3PqqyQR5XDwkkqCSBuJJ3KY84aiHhAPJ+6KPY6HZEqRkE+gWV6kqDHSua06Sc7rV1mAw/Zed9a17Ix4THbg5OF0tKh7fBg7pNJLUYc7gYWy+HluidHJWyNy5jsbrCvL5qjGCS5wAXs3T9tFutlPE2MNLmhzj3JK32z21C13yW0DNxgcqaAAOEOnYABsjnhcmyTYw4cAEKLhxdhHPK7gJZWRAd11JJUQSSS4ThMTwE+RlTJ4MD5v6RleY0wlvHUTnPGYg7UCPvwth1jdfk7VI1r9Jf5cqk6WoPCpPmXjD5OPYLRBlGhwGjTwBthRJySeUeVwAxlQnOBPK0qOQwn0jKaX6sjHC7nugueCNJWiupsVb0QLvVNpIDM9wwF4zea+W5XCaVziWh2Ghbz4g3cU1J8uCdTzgLzikaZ5Wsxse6934TS7I72eP8rq97+NFvQM8Cmy4bkbLrpM5JCUjw3DAcADCboMjg1vK9C+Fk4tcfklgt+l4WyVBqHtzhu33V/UTnVjCHa6VlJSMy3D3DK6/zP2XLte6WT1GjqUIYYowS4bKY5wjYCeMIbGBrc4UW6VJjgOEsbZLaihuVS6eodvsCosYy5J2XEuJ5Uiliyd0yBjn93JMpWZAJCJVvDIyQUmDSAAOFEqHnIC2Ux3Mx3cIH4ms5I5XnvxK6l8OF1vgkAc4acd/craXSsNJQyzMxlrCV4Xea6S5XGWeR2dyF6bxmn+5SZ8v+vPNQ02k/jQf3SINO0uOVoLHSOkl8Qt8re6rKKlLzsN1srXTCmpWjTuV6+mOD8/amfoLK/QMAdkOlYZpwMd0qqQOIwFOt0YEIk07la1wZY8skFugBoHZJowMnunA6nLjxnjss19uEem8ZpFxNkeeTTnjcLxv4ndUPnnbb6WXTGBh4Hc+i3PxB6op7DRiNkn+8vaS0DleC1NVNWVL6id5c5xJOV53XannB6WMlBLAxgOQccqS0nCYwAjJCI3Yrizlu5NEZPJZWfJq2tI2Xr1oj0WjLdiRheUWPS6qbsvW7X/851nme68FD/T3EQDHKkUTcO1AIQGVYUTBjICT0z0kY7mCqo8Rvlx2XmV7OqqeccEr1K4jw6WQd9JK8ruut7pHA75OUMm3wcnyvEdpRVX1DCbSgEpTDBGU6jBySmwPI2InRDDcYUWtADfVT2M0t5UKseSOFpRk1X2wZVEEPKNDs8Edk1xyeEgMJylxg4G7a8o0VukMkLtRzjhOdscYwoVpnOdJPbCsXtGMgpM1k9Bo7d8OTtK7fcqa5oc3lQIvqU2D6Qs9kTt6ef24INS0tILUxue4U2pj4OFEGR2WZ8Ggm2uo8KTQ4+UrR4a9rXDghZHWWEEDdaS01Qmia0ncKI00Sy8Mk+GS1wIVJXQYJdj91pC0FuFWVcGo7BMgN1MftwUUY8xYeU2VhjOccojWEVuTwnVJDsYCtrg5yWGDjxncZyu4whNd7Iv5JeMBxJNFUGGcajkHZaABskYIPZZcDJwr221ILAz0VPg20SzwwdbAHDjlZe5QOhlwG7eq2szA78PZU1yoxJG4ad06MsGfX0/JHgzsDhjCYTpP3XXQugdpJXXDJTkeenDHA2Qlwygx6s7lSCBjCFjBKYhM4FzZax0bvCPHutE3BGQcrFQS+G8OB4WqtdXFLGPPvhdPSW5aicvWQ3Q4JWndE8M+icG78ozACAMLprB4zUrbMD4Ixwh+GR2U3w89vzTPAQpIzuzAGI4JRXND254TNBRIzjsoynN9lTeKCSpg8g+nf7rLzQmI6SMFehCHXyMLL3e1ubOS0YBSJV5Nunv9MoWyFhGApokbKAECSDHAQY3FrsJNsODs6e/GB9ZStLctCpnRkOI9Fo4x4rVCr7aSDNE3B7gLDNYOjKG9b0VsNS6BwI3WntVSJ4gdsrKPic0kEI1BXTU0wLTgdwgU8M0aa7a0mbJ4xjASdvyEGirG1IwRuFK0pje5cHag8rJEmi1DOMqC+LG5CuQ1pBz6KLNTasloS5RDccorQ3GcobQQ4Z91JkYWnhCI9EnAtrBxSqCtkpJBg+U8hRSQOUlQcJuLNgxonjErOCMqPLFk7jhVNpur6Z4ikcSw7fZXxDXgOHB3CM6FUlMqqmmB/CoL2GJ+wV3PGQQcZyoNRBq7IQp1ZARPDsDCc+AEAgIRY6JwIG3opLZg9oTa5GadXBXVlFHURmORmx49lm8zWuqLN9IPfghbR8XfCgXC2x1kBY9gDh9JHOVqjLHJytXoYzg8gaCtMzdbJMfmrNkrahng1ABB7rIN8a2z+HJkDPKvqSuicxrid1srt9M4eNsdrCFlRZ6jxI3F0R7dsK9pJWVjA+M88j0Vc9zayEs742UOiqJqKcNxgenstkZA4cWaGSDAzhRSMZBU2GRk8escYQ3sDd2hPxlBp5K+aJr2lrhsRhUF1t4hZ40bds7rTPOdsYUaWJj2ljm5B7JM4A2JejIk5TdPurG7W5sDRNADgnBCrsYyCs0oZMrR044Ka5mF0NyV05aMeiRZWEAI0lOG66WknYJuktPCS1groKwgHdTqS4PjeADgfdVpOpLf1RQscHwBKuM+zXU1ZFO0BpyTyuT0UMwG43WahqnwEaXYHdXNFc4ZyIy/cDuVurtjLiRjsrlB/aR5HPgkLHN4KkRTHLcKfNSx1Uelwwex7hVcsE9E8F27OxTWscoTnPDLWGXW0NfwlNQud/NgeARvhRo5I5GBzD+Skw1GcBU3krGOQHmewtP1BKne6F+W8qW9jZBloAd6oJiySMYIRJ4F5z2aG13uKeL5WuHGzXd1KmpQ05YdjusnHkkDOD2OVd2y7yUrRFVN8RvGe4TYTMtlUk8omGIO8ruVFnoQPMFevpYqmAVFMQcjOyh6cnS4YITlHIlSa7KmOaWilbJDlrh7rXdO9XukeKepdv7qgq6MadWnCqSx9NJra7golLYwJ1QtXPZ7TDLHUMD4yN+yfg+i806d6snoalsdS4mN23K9LoK6nuEIngIxjJ3To2Z7ObqNLOLH+GfRcMeOyOGYPCWkHstCOe8p4ZFMY9Ezw/RTNG2MoWgKSQSaIzoRIMOGQq+e2uY/xaQ6TnJaTsVchpAI9UwMSnDIxTwUzZsEMnYWO9eyOaZsrRnSQfXdTZKdsow9gIUV1FNAdUDyR/SULr4HRuZnLv0hT1BdNDGIpOcs4/RUDqi42ciGrhc+MbB7eQvQW1Bb5JW4/wAkGtpKSqYQ+Jpz3ws7rw+DTXqHnEjL09bTVbQWSNcfQ8pVdvhqm/SAT6plf0m+F5qLe8tPOAUCkujoHfL3M6C3bJCXKO54NKtjHmDM9dOl6iJ7pacDB5CpYpp6KfzA7bOaV6gGxTMDonte0qnvHTlPcI8taI5Bw7CRZDHRoq1bbxIoG/LVsXiMxn091Dmpyx2Fysttws7wZAdGdnN4U6krIaxgZK1pP7pUlng1qzjgrHszjdRnsJOyuquh0DxIdx6KA6EuwgcWg4WfsHT1ZYNEu47FTodFQMDDgexVbIzjKbFNJA7LOEnHpjGm+iTWWdr/ADQ4Y707FUzqaogeWysx7+q0MFYxzA4nc8gos8DagAloU2hQslF/cZwOe0+Ulp9QcLVWLrqW3sZTVocQ3YPHOPdUlXa5YyXxAY5wqyYODsPGCEUbJ1vgKShauT3K1dS0tdG0sna7PbKPcLVQ3aI6GMY8/ixuvEbdcKu3vD4JXN9s7LfWLrmOYMgqYyx42LidlrqsjZxJgudlDzHoLV9P3G2SmRgL2d8bobZM/dbKmr4aqIDW1+RwVBrenqeqzJANDj/SjnQsZR0dD5SDe2XZlKqggqh5mNB9cKIZq63OacFzBt5T2VpV0VVQSFkgO3dDbI2QaHtG/qFitoO/p9V9ylWwlFeqWqw17tD+4K03T/U9x6fm8e3SjBO4JyFhqq0NJMkBwedkKGurqB2mXLmhYbdNg7+k81OpPnDPpzpj4g2zqNjYTpiqg3D2E8nuQtIyUsdqacEL5aoq8nTUUs5ZINwWnBBXp/SfxSjZFFQX+NxLcNFQ05z9x/qsM62j2Xi/qKu1Ku18/s9e8WKYYJ0uPrwolRAW+49lEjrIakNkppBJG5uoOHdTIqjIwUprB6iGohZyQpBpPGCmFuRyp8tP4o1NGfsoL2SMO7MIMPORqaa4Kq62G33BpZNA3UR9QGCvOeqPh/LSMdV0h1NBycDfHuvWHuDsZCDIW40uaHA8ghHGbRh1Wgr1UdrPnzwHRuAJ3HKkxTGNwHK9S6i6JoLuwyUbWU1RzkDAP3Xm9ztFXaqh1PVRlrmHGcbEeoT4zyeO1fjrNNPallEimqSQCQp8U2cbj9VRwuIAKmQ1BBGyZlGHDXDLlsu2SrC23yrt7v5TyWHlpOyomSl+AdlJaBgFRrI6m2VTzFnodBfKWsDNTgwu91YEZ37LzBkrmkFpIP3WgtfVlTTBsVXiSMbJMqs8nZ0mv+7bYaSSkka/xqd5jd6A7FT6GuEg8OXyyDYg91Gp7hR3CMSUrwQfVNqKQTHUHYcOCNkpxweghbD0y6A1KPLDgbDH5qtpq2ajeIqpznN4Dj2V5G+OoiDmOB9UlxHRlGfBlrzYoa45DRFJyJGjBB91XUXUl36emFvvbPFgjOBNj8PZbeShDxqwoVbaYK2MxVETXtIxuOEvANlWOV2Bnp7J1VQ4donicPbIXmHUfQNz6bqRdemJ3MAdlzWnsPZag266dJ1Rq6F/i0zznwhucLQ2rqG3XtphLQybG7HbIGsmZwU+0UXw8+PDqWaK0dUNLZWnR4hONuy+g7F1Y2rhbPRVQkjdvp1Zwvnrqj4b2e+NMscTYpxkh7Rg5WJt/VHW/wAKKsvqp/FthcGtIyQ37rPOG4y3VuDWVwfZfUdjsvWtnfbL7Qx1UErcFrs8fkvj34uf2arx0aJLz0o+S427cmnA/mxY9877f5L3X4e/GWxdUQsbDWtZNpGWk8nuvUKStpLhHplDHNdse4P3SmnHoxX6SN6yfmW5mwyMobYyXADZfbvxY/s0dL9cyPu9ocLfdCCWyMaPDcfcBfJXWHQnUvw/uptnUlukhBJEc2PI/wCxVKeezh6jx863wihZI+nw5quqCsjqWABw1DlU7gHcjZMbE6lcJqY4cORnYhUzHDMHg1ROjdEbIdlT268x1R8CYGOQevdWYaXYWecc9Gyu3PY6phjqozHKNQPf0VG6Ca2ylukujO+Qr4eUblClijmZoeMgpDjk0xljki0lY1+CDlaGirHYGVkainlt0okhBMP+RVpQVviR5BysVtWejdRqMdmvgqw/G4UyGoIIOyy9LWnOCVa09UHYWGyHo6lVxooqrUADuUUbZVPDUYICsoqjU0bJDi0zYpJktkvbCBWUMdUCR5XJwOMpzZAdkUXjkJpOODPvlqLVODgjB7LS2+609bC0ucNXBBUero4quIskHPB9FnGulttSW76QU3cmZJ1OPBqbrZKS6QGNzWgng4XmtzsNXaKpzHNPhg7HGy9Dtl3iqR4TnYONso9bb4LjC6KYAg5wccJ9Vrr4MNtClyjyaopTp8SMcb4Ck2S/Op5RTznbOASrq7WKW3yODWuLf2VBW2Z0mZoDpfzhbYXbjmX021f6tXaNbJT0lxiy5rXAj7rD9T9IywNNVE1pHq1uEez3uot9RomcSwHBB7Ldwy0l1pdtLmuHHotun1MqJpxE36fT+YpxZ/uHhT2PieWvGCFwbZXpXUnRTZ2F9M1odyCAsFU2+agmdBURkObtwvQafWRsWUfO/JeFt0M8WcIri0jsg+YvyVPLW4OOFH8MnstDsUjjfBJPJJo66WmxodgLRUF3ilw2RwBWQeDsl5j+IoJ1KZpp1Mqej0iCbU3VG5SqeulYf5jsgLCW2+y0obHI4lo7rR0l0palvleAT6lY79Kn6PRaDyeMTTNZTXVrtOHbhXdHcmu+ohYaOTQQWu/RWMFfpwCVyb9FF+j1mk8w12zdw1kZxh26MKggjG6ydJcBt5lawVwfjO65d2jwen0uvhbHOS+bVu74T2yh+xI3VUypyAEVkud1hlS4nThcpoJVWlspMtO4AnsoL454DplYSArKOqLcAlPMjJRh7QQlNNDI4KjDHeZjtLh6bKTTXKtpHAPdrYizUEb/ADRnBUYwTMOk7hLktzGqWx8F/T3KmnYNwHFKQB/ICzwGDqacFWVLWEsDJTx3S3HHQ5WZBV1opZzqawMce7dlAEdxtztULzIz0V+10Uw8js4TXQtcNLglNZC57RBouqWscGTNLCr+juoqcPiqAPbKz9XaqaXcNwT3VeKKoopNcbnOb2weELgh8LZL8jemogqPJVRD/mAQ6qz1GjxLdUtcP6SsvSXyWPyTNJb6nlWtNcjs+nqMe2dkOwerk+gsNxr7fJpqGOYR37K7t/UR21PH5FQWXCCrb4VbED7oMtngkzJSyZB/DnhLayOjLJqYbzR1DtLw0E90aSnilGqLQc+iwj6WppnF0bng/dFgvlZRuAcTt6JTgxsbor8jZCWspnEgkt/pO4Q5mUNxBbW0sbi7uG7hVVF1dQyYZWHQTsrhrqOrYJaeZhB9CheUMc4z/Er32F1K0yWuvljcdx5zj9FLg6g6jtUTRUQsqmgbkDzKQKWTs7lNPiQnBBKiJKOeg1L17ZZsMrWup5OCCFoKa4U1XGJKSqjladxh26xlZbrXXAiana15/EBgqlqOn62gBktVXK3uAHFMjLItto9cjeJWeHPGHtI4cMhVF76G6TvsWmptvhyf94zY59V57Tdb9aWRn+/UYqII9iQN8LQWv4uWGqe2CrD4ZPxZHBTVZODzFme2Cs7Kq7/Bqspw+ayV7amMbiNzcO/zWFuNjvdje5t5s80UYONQGV9D2u+2KvY2SkucbtQ4zgqxNNHNE6F0bJY5BuHNzlbKvIWQ7M0tND0fLrae2SjUO/uuOtmd4JyGHjde+XP4YdLXKMkUTKaQn64RpGfssbdfhFfKLVNaiKqEcDut1floPhip6TB5ZNT1tOdwXN9RuheLKD5wVtK6wXy1ktrrXLGAdy5uygSU8b9nsa3HOy0x18ZiHpmzPMkzzsieExwGcBWstnbJ5o2ZJ9FHdZahpyCcemE+Oqa6B/iv2isdRxO3LMoMtuhAyBhWclJVxHYYwgPeRs6M/onLWvIuWijL0VL6ZzThrSUMsc3kK1fNTbakNj6V2xG60R1qS5FS0WPxK4tcNyneb+lWXysUnm0lIW+WX+7jP6J0dbB9gPSy9FZkjslq9lLqbfVwM1CEkewVW6rcSWBhznjCbHUKXQmdTh2gwdgjZPL8DjlQXOq3bsZgIRhrHnGvPqE3Jnk2iwM4J7LjpzhRWwyDd/P3RRGQFe9+ikt3Rx1S8Hhd8Zx7J3gH0T/AcDwglLIarbB6nH803wv8IUoQDkhODA3hVll/ERBF6NRGwnP0qW1jQeEQNGOFWSfER2Q7bhGEe2Cn4CIB6K1JoOMNoLw/ZLw0bI9V3I9UfyMLaB8E+iXgn0UnDPb9V0RE/S0oZWBKpsieAf6f3S047qyhttTN9MYwpcVjeXfzWgBV8y9jFRKRRaUSKmllzobkLRttdLCMuxt6pj6m305HnDSPRErl6CVS9lXDaahxBecBTW2+CFuXYGO6jVPUQbltPGfuVUVFdW1bsb4+6pzyFiuHRb1FfSUg8rsn2VZNfJq0mKA902jtdVWyhhacHnK0du6bp6R4lkAcfTCtSyFhy4XBn6ax3K4ODnHLTyVpKDp2CliALQ5w52V1DGyNumNoaB6LjyWclFkNUY5YKKNkY4AA4CDV18VO3U54aQq+69QU0EjoWOy4DkLM1FfLVPJeSR23UFTls4RZXe+STt8KGTbuVTEFzgXclNLT3CdglMRnlKVnYQYAHZNe0vGxT3RucQQFJp6R5xkIuhcanJkaGmfqzjJVrR0jiW7KXSW8HHlVxTUGgNdp491WUa69O2Bo6EAAuburqjpmjHlUaN0MeA84U6GoaSNGD6IZS2nU02nwTWRBrQBspkTn5Aa3KZS26sqQ13hkAq7pra6mwZiB7krLPUQXbOpXDBGgpaqbB0YCsYqEgB2FErOo7TbgY/FL3DsFmLj1zWSNdDRgsZ2yslmsj/Saoy2mvqamkoW6pngYVDXdaW+Fp8EF7htgLFVlbV1btc8z3E+pTKO211wnENHAZD+LA3Cxz1svQFtjJdy6iudyeS+dzGngNKq36nH+Y8uPutzavhL1FcQyVxZAHb6XnzBbW1/Cmy29zJ7hmeb8QJyFz7dZnsQ5OXZ4rRWuruEwpqSnklkPZoW0tPwivVyLTWl1Mw7knZe0wUtDQwMho6RkbG7ABqMHO2yDj7rK9U/RNrMdY/hdZbS0GcGoeB+PcBa+kpoKWNrIoWNDRgADC5PXU1MB408TO/mdhZ24/EWz0Rcyka6pkbwGnAz90qeoChDJqHVUrMiPbbfZVNwu0EXlnma37lYmp6s6kvTzoEdJG7+jk/moraSWWTXVzPkdzkk7ofnkzXXDbyX9d1PSwSGKnilnf/UweX9VD/ilyq2nSRCDwDuUOnodWBGMK1pbRPs4gAYV72x6kkVTaKepeDUSa/1VnSWlrcENAVlDbg0AEBTqeDRjZTLZatIkFtcMZIwp8VJoHACkQs1cDdS4aQtzJPMyJg7uKKCcmLs1EY/kyLHDjtlSIYHHPlIWav3xa+FvSuBdOsaR79/5dM0zO29gvMuof7Y9ip43N6Q6ZqKw5w2Wrk8JpHrpAP8AmtX8eyX4o59/l9PR+TPe4aGaXGgZCNUusVnhFRfrvR0EZ4fUyaGn13/RfFnU39qH4v8AUMfgQXxlrgO/h0LPDI/8Wc/qV5dcbjd71UvqrvdKqsledTnTyFxJ/NaatBZJ8nH1H1LX1Ufa3Uv9qD4SdLSPgoJai7VDNv5DcRk/8x3H6Lynqf8AtndYXISU/SdiobTET5Z3gzS47c7fsvngQ6RsMIgZjsuhVoYx/M4Wp83qLuE8Gi6l+JnXnV+v+P8AVFfUtcc6DKQz/wAqymZHSZeST6lSNPuuxxEnhalp4R6OXZfZZzKTYxw2CjPaBhTnhoGFDed9k2NaRhtlyd0t9AuYaOAnJFpKNQS6AjPKO6vZOaQe3Cbp905gxlFtLyOwEkklNpe4SZk+idqA7poOVMAfJyFa3UnsamsRxHtypgNPJNrq9wkMbNwO6rXPA3IXWZOS852QZpBjAXv5Sx2fnuEMDJ5sbBQy4yORdRcTgLsceDjH5oX9xq4ijrYsgeXP5qXFFjG2PzXWQHA8qlxRYx5f3ToRyLssORw47KS3YYXQwYyhvkxthaIxWOTM5OTOk+6jPcSd+y69xJ5TUbeRi6Eu6fdJqROVcY5IOSSGTvhdAOVfRDmCkibEDZINUI3gZHGeSEYDCc0D0XU0Df6GHZRaip0NzgI9RJpGfQKoc+SeXDdgO/ok2c8DqxO8WeUufuPRSIo9wAF2JgbyMorWc4UjWw28oc1gxhE0gdk0NIG266tEYpC5Swca0g5IRQBylgLqMESYnpgIPHZQg1JOSUDGrnG67g9gmv8AJG6QjcJcpbVkrIOaVsDNbuew9VAhkfNLgjb1SkdJUP1E8/sjtjZHFszfklZbJNjI8DZ3iMYCrqqUNZv3RZ5NTshVtZLnYLPZPJsphkhzO1PPumDlJxyTlOaDn2WOfeDZxFYCAA4KGiM+kIatFD0kklRY5JJJQIS6GnVlIDuibEDZFGORdggEsj1SPCYM5R9FZH43ynu7roBDN0J/CCctqBGOOc7oJBJ2C64nXjKIxueyzJbmGciacgYUsgBowmRsGE/OHBaYRwgJcjzwhSP0jHqjFw05KgVL9T8A8IbCJ4OOJc5GY3G5CFEckAo5wGpQUpZQN2XEAbKypYBFHuRk7qHSweJNqI2buVPOM+yzX24eDv8Ai9LtXzS6fQelpJKqojpoRl0jg0L2Gy22O126GmGGvxl33WU6F6bLHtutSQcjyNI3HutfcpjBD4g+yxznk9/4fRqmHzTXLIF4uDXuFLEc7+YoFLARiQhRYWCaYPeM5OVaN4wBwkS+460uWOBABTKUGacZHlBTZnY2HfZTKOE08Q1YLjuhGQjkJUHDCxWdtpWhgwPMe5VbFEaqpBx5StDQQAFukbDZKsZvoqbaZY08bImDSN+6fPKGN83CR2aqu+V4hpyAcFZ5s6L+yG4prjUOrK0uz5GbBcp4jNK2Md1Da/VuNiVfdP0heTUPb5QcBIm9oFLc5l7RQNp4GtAxgJlRJqIaOUVzgxjiSgUrC+bxXbgLHZLcdaMcLBNpIhDDqP1O3KKwkDUTgBCA3xnZNr5o4KY6zueFnayaEtqyRJXmurgxrfKCtXSRNpKdoDd8ZKoOnqQvkNU9uW52yrysmxhoXP1MucG7Sx43MZUOM0v2UqlYG4USnbqOSpZd4YHdYHlvBsHV07KeAyEhebXq4uuFU5+TjPHYLR9UXRzIjGDhYsOzvhOqhg5Gv1H/ANODFrLOByj0cT6iUNGfdRS/JxjhX1ophBC6WQeZ/HsE6bUVgx6fNjLOEMpoRG3GcJoJedjklRy/XJgZVjbaXXUsysF88cHd08MI01ht/gxNcW+d+59gtGCKeDXjhRLcwDluNIUe/wBdLBTCOLmQ6VzLZ5NuMIhUVNJer+Xv3ihOSe2ym9S3FtROKSHAZEMbIlPG3p2xNfIc1FQC733WeEpedTtydyVnwUPAJGwWms0LaOiMknlc4aiVRUEQmnDCMhWN/rfk6IQN5I3RklLaZy6TvuNxLGuyNSurZBh8cTRgD0VPaYNZM7xuVr7TTaI/Fc3d2w9gibwRclkxoa0NGyNnCG0Z2CedlnlLJphEc+QRtJPovJ+rbw+6XR2T5YvKB22W26yvH8OtjxGcSzDQ32915fHqe7zHJO5PumVRyzHbPMtoenjLnZwt10TajI410keQDpYCP3WXtdFJUyCJjc55XrNjom0VHHGBjDQpqLFFbSRiWlLABjU0bq1p49OCVCpmEEHCtIm4AOMLjzk2Ni9oaMAYwpDAdI2QmdlJaAAFmm8sP0cYDkHsjgDCbgLqUAOSSSVEEkkkoQSSSShBJJJKAHclLJXElARwJynfhQ13JVkESc7FcSSVEEkkkoQakkkoQGeD9kB2xKOXAg7oDnDJKZAfBEC61HhR615N1hXwzVD9K9M6kn8OmA+68Wv03i1j8HY9/wA119LD7cjLOCd0PbZrrfIvLmGA+I/I5wvZmtOQBsBwFjPhha/Btr6zkzOGnbfC3ekYGyDUz4wLSCRjAXXJNGAk5YGM59nEkklRBJJJKEEhyHAzlEUGvm8Cnc77lMj2EzFdXVIud0htUQ1AOBf6K/poG09OyJo+kALN2JouV3qrjoIY12lp+y1MuzMLXBFEWd5HdRslOqHZfsUxaoxDDNd5XAqJVO8GJ0vojvHG6zvWN2bQ2x7GvwXBdTQVO6xRMWstVNbmzzTrG6Pr7q468xxktA90C2RER+M5vfZVzy+sqtt9RV6A2GJrOMDC+i6Wj4YKJ88tv+exyZHlkc6YgBW1mpDLO0ubsFVMbrl2G5WutUHhUzS5u5ATNRPatpt0FDlLcTnktGAdhsuRtJIOEMOLpGs7FS2MwBsuZJ5eT0qxGPB0d1n7xWa5DG07DZXNbMIY9eVk6mQyzZHcqRWTJdL0cYS5wGOVYwRZAONlGp2A4yFPjGOG8e6fFY4MzeBv0tJyq2qmGcKfVytY3JKz9zrIqaF00jsYBXS0Wnds8HK8hrI0VucujE/EfqCVoit1HMWtdkyEckeiwEbCTqIUy81r7lc5JicjUQ37LtPTmRwa0ble50Wn+GKR+YfqXysvI62d7eVnCLSw0fivDiFpJHCJgaBsBhCtlIynp2O04cQCmVbjrwF1oRwjx9s98jkbBNIAeFctAija0ADbsoVrp9jO9ud8NyppBJySisltRo0lTssRxvdRrncIbbRvq5nNDGDJycBSsbEZ3K8c+KvVsstSbDRSNMYGZe+65Wq1G1ZPa6Wr4oIxfVF/l6mu8tYS4R7hjT2CpnQaMFOYwgg447I2D6LzF03ZNyNqa7GN8o3XQQTynnhAB0uyPVJYUbOS/sG9U38l6/b4yy04PdeUWGECSFwG5duvXoQBamY/pSJn0XwK/wBFkONnsrCgYA0DHdQ44zoLs7Kwt7P5GT+qT7yekhEiXzIjmxxp5/JeX1/1y/mvUr7gW2YnnHK8sreZEL+7g43lu2UFVsQFIt0QLMoFVvj7qxoogIm4HKbUsHlZRzNhwzDVWVrdj91cGLDM4VXXj+U9a8ZMWuWIFWeU7GExPTEeakGppvCeMd1eRyeJECPRZ1XdrkDoNLuUEouR0NDftltCx7O3U+Ajy/moEo3GFIpnEEZKzzR6jTTxLBMlaHtGyguaAcYViDqbhRZ4CSCAs01g6WE+iMW5U22SmKcb7HZRdPukJDE4EJYUXtlk2kQEjQ4b7KNVxZadkyz1gljA1ZyMKyfCHcDlMT/Rta+WGTK1EIbKSG7qG52xyFcVUWirJI2xhVldF4LfEwmo59kNrIgPm4UljtTeFHDgd8IzH5zsqkkhUOwikUMhZKDqUcjIwhxvMbt90qUcmqrh5NRCGzNyCECemB2wgWyrxhp7qxmiMjAQpHs2OKsWDFXemMU+QNiq9rvZam60fiRkgb4WYkY6N2khaU+DzurocJjsFDdsEQOJCGd0UZZMMlwDa46gFbW6Q07tYOMhVWMHKPTVB1YwtWnlslkxXV74tG1pp2TRNcHDJUyMEnKzFBVFpG53WmoZQ8DI7LtVzUuTxXlKfikSg3ZP8MJwZkZH6IgjIT0snEbIj4wOyZG053CmujI903w98huEewnIwNwOFErbe6pZhg3I5U8DHdEa0EaRshlFMZXa4PJ59cKOWjlMcrduxVdIzHmAXoN6tQq6YuDMlqxFRSyRjD24wstyOpp7vk4AQT6HAYVhs9ocByqc5jeDjhT6aoDmgFYbYHpNFcmtkivuFGG5kaM/mql3kcHAZWsmgD2Yc3IPuqWtt7WnUwcrFJYZotpcfvrO2uvMUjdR2WogkbMzUCFh/DfGTnbCvbPd4ARA92/qUcZpGvRanP8Ap2F9oIPskcEYwiMc1zMtGQUwtRnbUcEOppvxNCheGQcEK98IEHO6gVNOdWWtSmkBZX+irladsbrjW6e6NNGTjbKZpwgFYONG5V3Zq94d8vK7IA2JVKBhEBIOQcFC3gbTJxkma+WNpaCNxhRJIh/T+6FZbg6dny8xDi3gn0VlLDqGWBV2dOM1Pop54B6KG3VE8bZVrNEQeOVGmp84wFM7QZQyKMtkb2BTXxYP0oALongY5U6MtkaE1TbM8689lHeLWauHVHgPbv8AdUVNK6nk8KYYLdt1uHxgdtln79aRM0zwNw9u5wtlT5OLr9Bu/wBSsdQ1jQ4HP3VlLTx1cXl55B9CslTyyRYDnbhX1quJacPGQVuhI4Kl6ZIo6mWjm8GdzgCdiTsrhkmsD3VdXU4qW6oxhw3CDQV7oX+DPsRsMrXCeCfjyW74cDUAobxg4IViHh7Rso81OXbgLQ4qSLbyitqYjI3RjOVQV1FJTy6XDY8Fad7D37KNUQMqWFkjfse4SJ14ETjnoy+jC7pypNXSSQPII27FRz2WaSAb28A8DuFxzRjICdpJ7Luh3os8q8gkZwLTsF1p1IxZ675CF4bgScJEoNDDrmHGyawEHbb3TmvxsQnbHBCpN9oD/Jd2m6bNgqXb8Ncf9VeGKCqhMbgCCsQ8Kztt4lpSGTZeB39ltp1HOyZkvo/+pWiTUUVRRSEx5LeydT1WT4cnlP8AmryEQXGHLXAgj9FS3C1yxyHGxG4PqtMo/ozKalxLglRvew6uymROY/BKqaatAAin2cNsqYHkYcx3KpMkoP0SaigyTNTkA+hQGPke7w3ncKZSVA+mV+xRaujilHj0bsuG5b7JmMGeTb4O2y6VNrk3BkiPIytXTRUt1jFTSyDJG7e4WIa8k6H7FGgmrLa8VFJK4E74BTVIy2V55Rr3Q6D4Ujc42wVHqrPDLGXxkNPoVYW26UfUNIASI6powQdjlF8KopD/ADGEtTorcZ1Lbw+zGVlF4LiCMEe6nWLqGts9S1we4xj6mk8haGaipK5m0Y1Y5AWar7bNSyFj49hweyNra8oY5RsWGesWa+0d6p2yQuaHY3bndWWgrw6mqa23SCanlfG5u+WleodJdZU18gZTVTmx1LBg5P1J0bfTOZq9JKK3Q5NBp90NTXRFoBIQtO4WlJNHNWQZjyEHwcE4U5sYI5TCz0VNIJsjGJpSEIajaDqRNA0odqLyVlRQskJIAGVXyQSwHD2am+o3V++P0QTTtcMFuxQOGQ1PBR4a7g/kVEr7XR10fh1EDHg8HG4V7UUTGEOiGCVEkiOfMMIJVIbXbhmKlstztOX0rvHhzkAfUAjU1wbINMv1dweVqmhQa+z0VV5vCDHn8TRgrNKrk0xt3FLVQQVMelzGvaex3WXufTE9O/5m1j3Lc7LVzWyspPNGfEZ+6EycZw4FpSpVGuvUOLMdTV+/y9ThknBaUV9M1wJDeeFf3Wy0lzZkMYyT+sDBWbqKeuskgFQDJAdg7nCXKBthbGzp8kaoo3x7uGxUJ8buMLQtMNXCNJDgf2USehaMaQEmVOeujRG1rhlK9r2cd1Lo6/S0RTHJHBTp6Rzdy3ZQ5YHDt+aRKLQzKmuC6bIycZacqNUWuN7eMn7KsiqJYHAsdsPdXdNWQ1EIdrAcBuDygbyFhwKGejfAT5cBR2y9twtRNC14w4Z91VV1s0+eFnKNRceUMV0ZLEiVZeoq+3nDJi5n9LivQ7H1TBVMYXubqPvwV5E4Pifpc3BCkx1DmAFryMehT672uJGS3TRl91fDPc3fJV8YbLG12r1Co7r03HGDNSuwD2Kxtm6yqaPTFUOc5o2yTlb603ulr2DTM37FadsLFlMKnV36Z4lyZowyxHDgfzXH08czSJGjdbWe3Q1ozgA42OFR1tongJOBozsQs9tOej0Gm10Jx3SZj6i1ywkzUkzhp3ICfT3KeEBtQM+6upKaRpzp2Ud8NKWlk4DR9lgsoOpRrccwZoOmviBcrRK0RzeLBwY3HcD2XrvTvWVrvrAyneWTYy5j+fyXzvLbHN/m0r9Q9inUl0raCQOD3Nc07EHBWC2jb0ev8f52dMdk+UfVbX1DQHwvG/ZOdKyoAjmzG/1PBXi/SnxUrqYshr5fFjG2TyvWrT1PZr3A0NkYHEcFZth7nR+Rq1EFKDDVFuqgNcIDwN9iogZr2cNxyrXwqmn/AJtLMXs50k5Ud4p612tp8KXhze2UB042buSEW754USvtlDcYzFWU7JARjJG4/NWUkMkZw9uR6hCcMDIUyVZWrOzy+/8AQlZQOdUW5wmhOTo/E0LNs1NdhzSCOQvbJQXkAt2WevvRlHcmmWiAgl534KOM8HA1/i85srPPonnZToZC7CHX2avtEmmrhIbnAeBsUOFwdsOyepZOFKidTy0T8gjlLQUNkZO/+qktBbhEg4oUVTU0Lg+nkc0j0K0Ns6uJ0xVrf/EFQuaHDhBNMJCMHCCUVI1VXTqfB6VHLS1sWYnseCOCq9pqrVP48LiY8+ZmVkIJLpQYko3F4B3bnhaO3dUUNe0U9V5JfpcD6pEonT0+rU3h8M1VuvVPXYZrw/8ApKnOblY+pogf51I8skG7HAo9p6mmilFHc/qGwcdlnlDJ04X5aU2aJ8LCcloO3dZO79K+JO+ttjzDIdy0HG/stg2RkzA9jgQfRCewZyUH9jQ6k1mJh7d1HX0M/wAjcjqDTjLhur97bXeYDHKyORrxgggFcu1ko68l748PI5CzzaK59Oz+NADURH8I5ASmhLrzwzJdS/CastM7rr0fWviI83g6sD8lougP7QlxslaLX1tBUamkN8Zxz/8ANWkoOoqKsAY8+G/gtcq/qnom09UQbxRNlxs8N3P5hKccmayiS/2z3/prqy0dSUjaq0V8dQC3UWjlv5KTf+nLF1XQut98o2TwPBBY5oI/dfGLqLrD4YVQrrXXVDYA78LjgL2T4df2lLXcyyg6qhNNLkNEzDlhP2Sp1+0ZIyjP7bOGY/4n/wBlG7WyOa8fD97aumZ5jQE4eP8Al5z3XgFVDU2+pfQXGndT1EZw5jhwV+k1sulHdKaOqoaiOaJ+4cx2VlPiN8G+i/iLTg3m3iKraDoq4GhsjSfU9+Bygwzn36GGMwPz/fBHJ5sYPZw5Raa6VFukEdQS+I7AnsvSPiT/AGfevPh691xpoxdbTufEjGZGAerV5tFUU1SzRIwehDhwlNYXJzHROD6LyOqjqWCSJwIPokXluO6z3ydRSuM1BMcf052U2jvDHkRVhDHjbcJMkSMm+C2BEjdxkehVZU076SbxIMhjt8Z4VgzSW6mHLTxunODXtIc0FKlHI6EsEekrHbZKt6OuyQM8LP1VE6M+LAT5eyVHWuYQDue6yzo3G6nUqL+42sNWCBnCn09buBnKylLWOcAc5yrOCcjBwsdlWODpV6lGqZN4jctPCTZSw5VLSXAtIaXYyrNsoe0O9VknDDNcbdxOjqdWAcBKtoYKyLQ8AHs4chQsgEHKkxVJdgO4VxTQ3iawzP1FNPQylpJGOHBXVrvrCwRVX1DbV6qRU0sdTHoePsVnquhmpZMFpIHBTUjNZDY8o2ThRXGAxSAEOGx7hZK6WKejmcWNyw7ghEoblLEQzUduy0lHWw1kQjlwdu6dGTiIxk8yr7JHUuMsfleeVEt10q7JUGKUOLQdwt9erI6B5qKcZY7cgdlnbjZWVrMjDXhaoW/s5uo0n3fJSuS7oLjBXwtkY5p1DhVl96Yp7kwvaA12NnYWXgqK2yVfhu1aAdwt5a71SV1O0uIyR+a012yi8xYixx1kHVbH/J5HeLFPbpHEedgPYcKpa0AH1C9yutopK+EgMbk8EBef9Q9ISUrTPAzcc44K7Gm1ifEmeX8h4J0x3V9fow87SDsMKMrWame0HxGYUIwHGQurCxNHkNTpnXLKQDJRYquSFwcx+nC4YsdkJzdsJuTM1Kvk0Nt6gZqEcri7P7K/hq9eC05yvPGjB1A7hT6G5VMTsOflqTbSpm6nyM4rEj0OCuc0jcK2pLn+ErC0V4gkAD37/dW9PV6sHsVz7tHk9JofKyUVhm2p7gX7gKxhquCQFiILjIw4Y7cKypbrj+/eubfo0lwj0em8y4rlmyiqIHjDyMp2octOQs7T3GJ2MPzlWFNVEnU3cLk26WUWek0uvhbHOSzbOc4xwjtLHDzjZQY6uIHD9ipLJ2HAB5WPYdKFyYSSmhcMxu3xwohhczjdWDWADOEN0WrgZSmjTF55RFikfGRoOAp8NU1wAed1DkY4cBc37hKccDI247LFxa/ByNkzR2z+yhtlLCAjsnaBnHKpwb6HK1MbUUcbxkNx9lEFLo3aSPzVm2Rp5CG6Np4OEO1F5REZLLEQMu/VS4q+dhDmSEEe6F4WcnCGYiSl4QyNkl0XUN71YbO0ffCmMNDUnUQ3J9FnBE4DjC6A8cOI/NVKrcPVn7LupsVPUHUwhufZRpLPcKaM/KVbiP6QSEClulTT4BdraOxVhFeongF+3qCkyhgZGyL6BQXnqG2MaJMysHqMlXVH1nRSxhtVE5rxyMJkckUwDmEOHdcfbaGc63U7NXfAS9rGfI49FxDU2uujEjKhoBHc7hPfQz7GJ4czkLKzdNuc4mlqHtHomMqOqaDMEcxkY36d1W0JWGimL25jniJHfZUFd07aLgXObE2KQ/ibscqVRdbGFwp7pSaXcay1WkNd0xdH4mlEMjuC3YJhJNTMLN0z1Dbsuttf5QctOSi03xD63sMoZUzSaWbZOSCPut1NZLhTOPyZ8ePGoDOct9lVTTUoBhvlskhYe749v1VPADqbWUS7L8eYWYjvVvDYwMa2Hk+pC3Vp+KXTNZH4sNWNJ7F3C8ol6K6duuXQSNLH7gNdwqet+HV1oJSbRWERnfCGUN3Qpxug+Vk+lqe92OvibL40bg4d8FQ6z4e9KXSMyCliaX7lzNsr5tA60sDNbpJJY+/hk5VlQfFq80EQhqDUtx6uTIN19Fxsjn7lg9XunwTicTJablLGOQzkKgn+F3UtCT4Ub6nH9O6L098cmPjijnqW8b6uVqqP4q0NZMIm1bRnvlEtXZF9jFKEvxZ53VdNV0LSyutdVG8c4iKjNsNO/wArmBv/ADNXsw6pttxZ4U4a7OxPJKDJT2CqAaIoyT6gJsdbJh/FHs8dk6PpJPN4tN+i5F0hRsdvJBj7L1CtsdqwTDTsd6gFUtZabcwHxLdKG+rDq/yTVqpMnwIy9P05bIyCZYDjkY4U5rOnaUhj6im1egUa7WXpWvb8rO2eJztx4jXNH7rMV/w16XmH+6VlVE/1E5KJaiUuxcqnD8Vk2uiwyDZkZB/whV9R0d0zcTllOGSbnU0YysOfhjd4v5lh6qnif2Ejj/1TnWP4rWkiSOpZVD118/smPU2emJaiv9yBoqn4W22cjTVvZj+lUtd8MrnTSkUsrJI/wnuVFb1f8QrRI03Pp6apj4Jibx+atKb4s0sIDbha6qH/AJjlOr190PYt0aa31gzVb0Tf6Yg/JGQDnRuqqW31FK7E9PJGRyHDC9Npvih01UkNfO6LsfEOFbw9T9NVrQ1tyo3g9i8LXDy9sewP+G0z/CWDxlrWtIDm4Ke4MOCCF7K+19J3QZEFK8+sYGyhz/DfpyrP8vMZPGXYWiPmIf1IW/FNfjJM8mAHYpmPdenzfByklwaermZ6ebZQJ/g3e4d4rhA4fh1cp0fJVyEy8dZEwAYUdsJONuVrJfhZ1RDkukhcANsZVfP0V1VDjELZADjDeyZHXVP2L/hWJ9FSylzycI4o43jS5yl/7M9TMb57a/8AIIRsvUbTg2yT9Ci/m1fsNafHaZ2K0xO3DwM+6PHZYScukGEJlpvjPronhE/h13A/uXtVfyYz4iy/gS6iyUy10EbcvwfzRRV22laG+XbjZVUtqvMw0hxI+6B/s7czuR+pQuXvJPjmukWk9/oojiMb9lAquoKmX+7wAgSdO12R5AU9lhrwM/Ly/k1NhKH9TBcLnwV9RW1kzv5kzsfdNawvG5Vk6yV5P/Ypdv8ACjRWSvJ2pZB+Sar6l7J8E32VcVE6V2A32V5bbCGYdP8A5K3tVjfCBLNG3OPKPT7q0+Sf/ThF89f7LjpmV8FJDTjDGgIhaBwclSnUrmYyFV3KesgdopYyXAc+inz1+mOVLXR2suEFDG50z9OB6rHXLqWqrAYqV5a08n2RKm2VVTIX10z3EnOOyE2hbF5WxnA74RK1MXbCzqJW6Xu8zwSfVEjBzsMqzbSjuzARm0jSR4TBtyo7UhT005dlfHC6TA0o0dJk8q2pqIAguZ+StYaKAtBZCXH2CJamEe2HDSMoqe2klp0/uremtzGNDsYKn09puVS7RQ2yaR448uy0FD0D1JU+araymYBnVIcJV3kKYdsfDRy9GYa1lOdORlSo3TVDQ2CDX9lt4ukOmrbpqLpVtqZeMRZKP/FIqUiHpnp57Xt/4j4x+qwWeYqjxE1V6Rr8jPWvom8VgE1cxlLHjJLvRXsUPTFgYA+ITyM7oE9p63vjiZnSgOP050gJ1P8ADS9SEOrZ42tPPm3WG3yu/wBm2qtRINy6ykkkc2iiETfbCoqi63CsyHVD3ezSvRKD4aWiIg1b5JHemdle03SnTtC0OhtrC4dysF3kFLodho8Xgsd6u0wZS0Mp/qc4LTWn4RXetcx9c807Dycr06KaiogRFCyP7BAqeozHtJUhjQsktZP+knRVW34WWC1uEk73VDgP+IcgLRww2ega1lNA3Lewas3VdV0ETsvrC4nkKpn6/wDDcW0dG2QerxykvU2y9lYyegurZHDVFsPXCjPuVJAdVZWxR+pc5eYVvV19rcxxziCN2+mMYVbiqq3/AM6Z7ieSSSg+dvsJQ9no9x+JFjoCWwsmqXNOPK3ZZy5fEDqC4uIoYo6eI/T5clUtPaXOIJH7q3pLTpAzsrc9waiipkgrrm8yXKrkkJ3xqOP0VnRW2NgGIwNucK0gtjQAcYUtlOyLBARJNlLCZGpqM8acD2VjTW+A7yb+y417GDOnZQq7qKz2iPx7hXMhZ6uK0QqcukFO1VrMmXYjp48BjQMe6ksGoYLtI9SV471D/aM6UsrnR2yjkuUrTjBOgfcHB/yXl3UX9oXr29NdT22s/hUJP/APnHtq2WuvSWzfRy9T5jT0rGcs+rLhebFZYhUXS90lOwd3vwvPL/8A2mOhLIZIrXT1l1mjOMRsMbT76nDj8l8oVtbcLnO+quNXLUSyHLnyOJLihCHGCVthoP2cHVfUdi4qR7Vf/wC1Z19XOI6doqG0M30v0eNLj3Lv9F5hfuvus+pnPN9v9XVh51Fj5Do/RVGM4ynOYNhwVuo0NcX0cO/yN+qf3yI7WEkEtRWRnbZFbEMjbKKIm4+n91uhQo9Gae6ay2R9DSNwu6QjFp7rhGE/ZgW/7g8BLARQcrmpQvILSnEBoTy7bhR5pA5uFBdk8IDNNp4UYZe5dcC9+Mo0cPBIUSyZHLJ1rNgSE7ATg08J4j74TVEMZgriPgAIJ5RYI5YOJqdnfCapgX8mXgHv6p7Rg8rqI0HKDBa5HMBwpDQ4bYXIo/ZSGNAHCLaOiiC9waDuOFDfl5xnCc/LyN0nNJxsvcNZZ8FSUVyJkYP/AFUmCPS/ITIoyp0MenlNjDIucwsTG4T2hc7BckcMLTGOFkRJuTHvfpCil+/Cfr3x6rgAHHdWFGIJJd0+67oKvAQ9NHKWCnIiDgBhLAXUhuoQ6BlFZHtkpMYOSEVX0KlLIPT7pkh0hEcNIzlU1xrtzBE7fuQrnLAVUcyBVtW6pl8CA+UfU71T4o9GMd12kow1oc4DPKkFnbGMIYrPI9tJHGdkdoACGGkEYCf2GU9LIt2egmAupJIyD0xPTFCCQQw90ZcPChAI5SxnddP1pM3I9kuxtdEHs8oGpQK2p8QmKInA5IUqplayMZ5PAUAM1O1ELLOwdBfsJTxjYIVyqPC0wMO55RTKIWknhVUjnTymQ8ZSrJ4QyMOUzszgyMuJGVTyOLicnKlVk2CGA5BCgrLKWToQjhJnMb5R2AYB7pmN8pIA3yJJJJQsKkkmoUsklLaOXRyuNBO66Aco1HIHoIB3XVwcJHhEltJ2KY7jBT4W9yEHBLlKYMNCoHJxwAGyiybjCPIR6qLIUiwJLKGD6ypMQ2GUFm54UmPAAUrQTXGApAGwTBynHdcefKtD4FSTQ2d+AMEcKHgk7p0rjq2KewbAhIlLcyLkTQW5XdZccYwn5AbwnUUXjzg42aUm17UaKKXfNQRYwRtijAAxkZJVl09azc7myIgmNh1OwOfZQJh5g1nPGF6f0VYXWqifJUAePOATtu0f9Vz5vLPdeL0ktRbCtr7Il5RwMpKZsTQAGhUlzqJpqgxl2WjgDhWtzqRBGWsd5sYCpo2OkfqO57rNaz2cpcYj0HghaxoPJUkHAJTIxthcq3+HTkjkoSxRN+ZqWtaMhm5VnIdI0gcjZBstN4VM6Z4yX7hTIWiSoYccIJy2mqmO5h7fAYogXjzFX1DG1sQPc7qvjZqkawN2VuwNYzZJbydamO0c9wa0knAWNvlZ8xVCKN2QNytDd6xsNI7JwcbLHA5cXnclJmy7p5/00S6KndUTsgaM6juttFE2CJsTGgYGMBVPT1vEcfzcg8zht7K5dws1rwsmrS145AVLzoLB3RqQYhB7qM45kClMI0Y4yFik8nQisskDPIVZczLUV0dOwagAAAOysTK2Clc4j6AoPTsMlTUS1kgO5OM+iRY8Iclu+001LE2mp2RNwNI/dAc58khLiizSY0geibGBnhc657mdCCcVgkQswModxq20cGsuCIHhrHEjZY/qK5SP8SPVnHASoRyS26NMN0imudfLV1Li92QScKHO8Qt3G5XYjqJkc3jhQnPdUz7774AytkIbVk8zZZvsf9ywtMZrKjBHlYclaN7gxoaOECip4aSlHhN5GSe5KYCZ5A1uQs1s8PcdXRVYWCbSN1vz6LUWSjw5sj288KooaZmhoA+62NppwIw8swAMBcnUW7md6qO2OCxgYGRE8bKot8L7vexO8E0tL9WeHEdlIvtW+ko9MQw5408pznx2Hp6GMH+fWHOO/wB1hsY+KyVvUdwNdcDHGcRxeUAKCG4AQBqc8lw3J5yp9JTmWVrCMg+6OAJZ2aNjIzPjLs4VFe6t9ZWGNpyAcFXt1qGW2gLWEBxGkALO22Lx3GeTkHP3Vimslzb6baOFjdzjK1EbMNbGPwjCq7LTkB1Q4bcBXcIxjbKVZ+hsYD2AMbv3TJCIwXO49V2Y5xhZ7rS7/wAMtTsHSZDjlKjHLClP41kxHV96fcbq5rXZhi8jR2yO6rKR3maSFGYDO/Wd8nKurXRtmnjYWbZWmK2rJkxunuNd0Ta3TPNRI3DM7ZXoVPGHOAGwCprNStijYyNmnYDZaGCPwwNsZXP1Um3kek0S4GjbbCsGgABRKdpGDhTm/SFzZ5ZcnkcOVJZ9IUYcqSz6Qszyy0dT0k5QoSSSShBJJJKEEkkkoQSSSShBJJJKAiSTUlChySSShSWBqSSSgQxcPC6mlwOwKtFx7AOJzjKHI4hPduUKZwa0uzwnVrdwaI4wYnruukiBjD8bYaF5hJmsro6Vo1vkcG7dyThavq25yS1sxc7YeVoUPoC0G49TxSub5IMvJxxsutW9kMAS7PVrHb2Wm0U1IGAOawE/fCtI260GQ5fpH5IsZLVjslljIpYOvGE1OeQU1JDEkkkoQSSSShDh4KzHWNXJDa3tjOkyeTOVpi5uknOywHU8slzvdPb4nh0TCHOHumQKJvTdG2jt7GBuC4ZJ9VYVbsMDcp0bWxRBg2wFDqZMnC2VogEnLspztkxpyUR5AAW2pZZTeEMM/qMLyr4iXdtTWijjefJ9S9Iu03ylFJVDfQOPVeH3ipdWV0krnZLnE/uvUeE03+rvweY89q9lWxew9npzl1Q4bcBSaqbTKGD0TqdhpqDWeVBDjJJrznJXuIYSyeHhN5wXNsgEtQwHfda0x6W8qm6epW6fFcOFfg5GQuTqrMzPYaCrZWmwMLMyZxwpmBjHGEJjAAhVcwijyDusxvlLaVt2q8hzAduAqYjJB7o9XJreSTzuhtGXgLRAxze6WSTAzGFLcQGccIdOwgArtY8iA45WmuOWY75bY5K6vmDiACF571/fG00baCN3817STvwFrq6p8KF0zj9AzjK8Yv1e+53WWocSfMQPYL1HitLxvZ8k+uvqB6ej+PU+Zcf9AFLGXP1Eb+qv7LSGSoaXDyjuqikhJaMclbK00nhUrXOb5iM5Xq6Iez4PqbfRNOGN0jGygP8A502kBS59tieybQw6pBtytnEUZYR3vBYwAMhaA3AAwudyfVEOB5QMAKLca6G3Uj6yf+7ZysWosWDu+OpxJIz3XfVVP0zazIH5qnf3TB/mvn4vlq5XVEz3PkeSS5xyStD1jeZupbs+r1OEDfLG0nt6qlZGGjYYXndVfvltR61R2oEGgJEDC6RhLK5uCsgyEPhwRyByh9/zQPoOC5RrOmmB8kAPqF6xJgUoY0YAaF5V01/fwD0IXrL4SYGtHdgWaZ9O8FDNJHawCi1d1YUTAKZqiCMiiweQVYULHFrIscjlIfB6KtFL1O4xW94x9WV5jWf3jh6r0rrOoZBTeC7knZedTsJfqwrhg4Hlu2Z2ty1wGO6tqZv8lm2NlWVjQ+pcPQq50mKjGR2C0RWDzcFmcmOIJB2VTXD+W/7q90gsG3ZUlxGI3/daocmLyMc15KddwUhyjgNDM4TIpM8pJAwCeymUMzo5msxsUGBoeTkJ+nwnBwGSi2fbgGux1zTLx8YIyE2J+HjZDpZ2yx4Dt+CCnnykLJZE9Vprm0pllAcgFKobluwTKI5wprm5ZkhZJxyehp+9JlQ9hB32XHt3ClTw+YYTRGCNxlIYzGGGtcz4Zhg7EYWwpZRIwEnOVjIvK4EdlfWqtALWFSPLNVE8cMfeKItBna1VDqcVFIXu2/0K1lTG2qp9GOVn2MNLUugePKdk8DU1f1GeMZYS07YTmqfdqMNd4kbceqronYduOVRha2MltGQmP8pzhGjwQmvHohfI6LygtLIY3A+i0NJJ40WPZZhju6tbTWlkvhvdtxugjE1VWc7WSqymDvw7LL3ehEZMrQtpK3xG7DsqWvojKC07JsGJ1dO+JkQfVddsi1sBjmLQMAIDe6OLS5PPWVut4Y0jKG3MTsgco3O6YRkrRGfJlaJlLOfTC0tqrtmNJGcbrJxZDgFaUzg3G5XS092Ozja/Rxui8m9o3NljyN1Lc1pAAWdsdxDj4BK0Me+2V1q5KSPn2ojKibjJC0BcdGCMZUkDbjK6WZ7J4lWFcYiHZA2T2qQ6L2QywoJLIxcixnY8FUfUFgE0JqKYbjchXoBHZPwSMYSbK8lxvlVJSR5TVweHnUMEKNBO6N42W36nsLPANXCO+4WHfHg/SsdsGel0WqU47olxTytmZg4Q6mnDu2yhUkhjcBlXTAyRocFgtryer0dkdRXhFDUUfcN7KvMZicMNx9lqZoA4Y0jhVVVSHkBZJJpjXQk8osLRdPExA4bq6a0O3AWG8SWllD4zhaq1XBtRC3W4asI65Z7NdNssqMiURg4Q3AEI553TE46DWSBNTjOQFFkixtjCuTGCDndQ5YCDskSWehc4FWWELo3yFLkhGM4UXwi0pb4AUWmMZPLSzCWN24/dbO11sddTteCM4BWNczOM7qTRVklDK2SN2AOQqyaKbNsjV1UAzkBV7mkEghW1PIyshbIMHUEKqpNsgbq8ZOlFb1lFPLTatx2Qo3OYdKsHDB0kKHUU55aFa7FzrJDB4jdSjzRngjhCglljeBq29Cp5DXgH1T4T2meUfTMtdrUQTUU7Mf1NCgQTOi+62EsBOBjIWYrqF8NS4Nb5SchbK7TzWv0Man8kSxttzbKBDK7ccEo9dRiobrj2eN9u6z8eWcdlf2+tZPGI3HD2jG/daoWfs5di4wOtlwcxwpqo7jZpKu9TXjAIVDV0T3PE8Y43wpVBXNkdpccEbEH1W2u30I5jLBLmhxuAo5YB2VlgEboMkId9IwtTxJDNu4pq+mE0BwMlu4VA4FpIPIWvkiI20qmutA0AzRjB7rNZX+jNbAp9IPZcLARgbJ+l3cLizOIpsAQWHjlOABGCilodsmlrmYOEqyBaeSM+MgjC41HIB2KHp2JyszgEdyEPBzsu4IPsnAAhD0G+uQ9FcJaN4ex7vtlbG319Nc4Rq068bg8rDlmO6fBVSwPDonFpHoVqptaeJMyXUqbzE1Nxs+HF7W7cjCq4JpIpNGcjjBV/ar5T3GnbBOQJQMZO2UKvsxe8ywAAkZI7FbftksxMnyOD228AIZBJwpdLO6mk1YyCMEKnzUUbsObjH7qdTVTJhp3Dvfuhc8di7IZ5XRbzU8NXEJYiA/2URkjoz4Uw9t06KcREY47qS/5arjLQ7zDfPcI0xD7IuiaGTxqR5Y7kEHC1Vk6uhq2i3X14bJjS1+MZWVDpIHeHJuPVFdTRVcezWk+43TITcQJVRn2b6ot9VSAVFA5skJGRjuns+WuMOh7AJBsWkbrJWfqm62B7Kapc2WjzjDhnStlHHRX5ja+xztbOBktzwVphNS7MFtU4S4XBnLtYqiN2Y3NLPfkKi8GWklDopCx7TnU04IK3cVdiQ0tzhDXjbXjYodxsNJUMMkbBnnIVuLTyiV3buGSekPiE+YMtfUDgC0aWzn9lvWxa9+y8PrbW+F5ZpJ9Fd9JdZV3TxFHWx+LSDYBnLftlPrtfTM2o0ilmys9W0EcjCRbnYolvqKW6UrKukna9jxkYO49ii+Ec4wmp7jkPMXhkbwR6LugqT4WOQueGPRWWRfB91zwh2P7KX4Y9E0xn0V4YWUQJIw48IEtHG9uCFYPYcgkLjmA4wFGmWngop6F7CSxuQoTwQS1w3B4WoMY7NUartTKlmpgax47+qBwyHGxmfa3Krqu1QySmQDTq5AV1NRT0rsSN27FLw2loOAcpLgaoWezJ1FHUUpJaNTfRR8w1I8KdgOeQ4ZWskgY7ylg/zVdVWeKbJYMFLlXk0RvUDIV/S8jf94tGWu5Lc4Cq2TZd4VQNErDhwO262ggqqF+cFzfRRbjYqK7j5iPEcxHI23SJ1tI01ahy7MvJTNe0HCrqijxwNlYyGsttSaS4ghucMfjYhEDGnnG/BWWUM9m2E2uUZmopnsOdKj5c3ByRgrTyUrHg+VVFXQSNJcxqzyg08o0xuT4Z2ku+kCOpycbagrhro5Yg6NwIKzIiJJa7nuuxVVZbz5DrYqjJ+wpV7ui5qaCKUHLRnGyqJqOaMnLdlZ0l4p6kBsnld7qU4CUYPCjW4ibjwZ8tc3lSaO4VVE8Pgmc3HbKl1NvDwCAoFRRSNIATISdb4JLFnZvbB1244irDjHdbOlr6S6RaWPa7IXhcbzFsFb2nqKqt0gdHI4DPYrVXfF8SFqtx6PVa20ta0vY3ZU8tuimyHAD8kWy9eUtW1sVYBk7ErSGht9xj8WllbqO+xTHTGxZRsovnX2Yee2VFMS6Akj0CrXvBcWzswfUBbyWgnpXYezU31Cqqy0U1Tkhoa4+ix3aQ6um8i4v7jKOp2g6mH3wCrizdR11pkGiV5APBKi11kqoSXROOBwq0SuYSyZu49lzLdO48HotD5XHEXg916O+JsVT/ACKxxOAt7T1lquzA+GRoefTYr5VgnfG8SU8xafY4K11g6vuNEWCWYkDg91jlQ/R7nxXm84hYe/y01RE0587Rx6qF4nm+nus/0/8AEeGoY2KqcCODlauKe2XRgfE9rXHuCl7Gesr1Vdn4sjOia4ZAQ3R4GOFKko54N2+ZvshF2NntwUqSNTW9EGpo4aphiqImvaezhlY+79G+A81FsAIO5YSt25md8JgaEKs2mK/RRuXJ5Zpkgd4VRE6Nw5zwVJjYJAMLdXKyUdyZh8bQ71wsnU2Ost8pdEHOj9OU6u04t2gnW+ERhCccJnhvByGZ/NGExOxACK1gcMgZTspmf4mngjxVc0Ozoth78o8tLRV7BJpDXn8TdnApSRgDduUOMgHDcDKBjY8BIKq62s+WT5iH+knJCuoaihukIdI1uo89iCqgOyN0wwhzg+J5jcO7UqUMj6rHnE3wXzZrjaXB1LK6SP8Aoccq+t95hrYhqwH8Ed1jKe+Txu+WuIJI2DwNiFYimjq2iWnl0nGdTe6U4YN0dRs/B8GqkDXkad0OSnDWgkAqipbpV26URVg8SM7B3otBHPFURh8bgQfRJcTZCzeuTM3Xpps0jqikOh530+6i0F6mt7/la5pBacZWsc0dlCr7TS3BmmZgz/UBul45DlFrk6RS3GnxJGyWN43a4ZGFgOp/hfQzF1TY2thecnwgcDPstA6K4WNwbq8SnJw0jt91Mp7m2TGog57qSh+jPZXGz8kebdPdbdb/AA1rQyGpmaGnJhe46cey+ivh3/aS6T6qay3XuI2+t2ADjlrz9/07Lzm6UdsvEHy9fHrYe3ofVecdR/Detoiazp2q1DkNJw4JMq8GO2iUOYo+6fBpq6n1x6JoZRnB8zSF418UP7MnR3W+bha4xabkCXeJEMMk9nAf59l4V0B8feuvhvVC33QTzUeQHwyEkEey+pOhvi70t8R6cCzzaK4Ny6leRr/RZ517jO4KfEkfF/Wnwn63+H0xZcre+opcnRUwguY4fdY17aao8k0el/uMEL9JKuOlqonQ1cDZGO+oeq8P+I39mHpXqeSa69OD+G1z9/5ewd9//mJO1ma7SRxmJ8m07qmgfmNxliP4SePsrOnuFPNsDpd3aeVYda/DfrL4fVGi6UZlpi7S2YDYrPRRw1jdQw13cjkFBtMTokmXGA5Q623YBnh/MBQ3zVducC4+JGds+itqOsjqIwQ4HKVgHa/ZWU9VLGch/wCqtKW4PdgE/uo1XbmPfrj8ueR2VaJZaaQskB2/dZ7Kt46Fvxmrhq9WHZGVZ0dfhwa92ce6xtPcNJG/Ks4KwbHCxWU4OhRqUzZsn8QAt3Ro5Sxw2Wdobi5hDdXKtmVLXjPKRtwdCF+S6hqg7GSEaaOKpi8N4HsfRUbHlh+pTqar3GVT4H5UysrqCSmfqAOOxQqWpfDMCX4WkeYqqIxvZnPdU9dZyTmMhWpZEzrT6L2lu9JUxiGYjcYJKFWWiGQF8GDlZQGemkxv5Srq2Xt5xE48dijy0Ka29lXcrS2VxEkY1DuQqOahrKGTxITsP6V6O+GnrWawBnCprhasg4GAPRNhc+jJbQpS3oq7J1E4vFPVADtur97aKrjOdO/6LKTW7wZNYHupFJWGAgEZC0xs9gpY4ZDv3SNPJqfDFgnJy3hYG5WmpoXnxGeXsQOF7PS1UczcO7qNX9PUlwjJ0N1H25W7T6ydbxI4ut8LDUPdA8OdF6DlRpIi3cD91t790nUU073wM8vphZmekMf1DddvT62Nh43XeL2NwkioIOTthN1aSABlTJWD0UYxEdlvhbF9nEu0k6llHWPOdQ2U2nuU8ZAdJ5VB47rjgT3TIwUzOpyj0zVUd8iwA52/3VvDWCUAjGCvPgS05B3UynulTCRh+R6Jc9MmbdP5Cdbwz0CCoMbsg4+5VrTXR7ABnYe6wNDfRkNqCfurqkusU3lj7e651+j3cHoND5dRklk2sN0gl2c/dT4awkAsKxcNQNnKxpLlIwjB2XIv0C/pPV6PyrX5GsguUwdgu2VhBWMkAHdZWOvZJhT4apoA7LmT0riz0Gn8kn2zQtMb/wD5qG9gI2KroqwNIOVLhrIT/eOwsllW06Neprs9nHxEEFIPKkGSGRvlOUPwsnYJDW01xftDmvKIx+Dyo7mHlMDznvt7oGg/kfsnkghJrByAoTag5+lHEgwlODfQ1Tx2S8NxnZCc1p2TMj+pNaSCh6GKWTpi5KC5pG5UoNBGdX7JFoPZAEngHT19RTO8rzj3KnUt/JkA8TPqCoBhDxwo/gFp2AVbUGpvs10F3Y4DO+VLbWNIzjKxHizwbtJIUuG9BoGpxyOxKrYhiuNfooKoAzRsJHqFAqumKSZ3i0svhZ3USiulPLjL8H3Kt4pg5o90LTDjYmVxtV7t0bpLbcTrJyQHc/kpUXVFe2L5W92l1ZgYJDMg/qpgcRk5TGyZ5290EoNjdzQFlB09ez4tDXttsw/4RfowfsmPtHW9sc6e3zNrYwMjPmDguTUFvlk1hrdZ74wV2J18teJrXc5g0cMLsgIUgla2Qp+s7zQ6De+mJI2cF7Isj9Ez/aD4bXSTxK2le17hgkMx+y0FP1d1A1pbXUsNS0j6Xs4RJZ+gLxTf+++mH01QdnFjiRn12wqnFsPKfZm5OiOi7qD/AAq4Mj1eZmX7/oozvhVe4AJLPcmzEbhudx+fdXTuiPhlc2+HTXieheN8ybg+3KCPhz1rRt09I9Z/M0rQHN0lw0gk4G2fQoNrBca36wZ6a3fEmyue59PNKGb+XP7p0HxEvdCWtuFNKztytM5/xktjBHNb6e4Fg2eG7491Xv8AiLcYyG9U9D1GBtJowf8ARHBteiKEVzuHUnxaomgNqDIw+5VxSfEi1VAGK9gz21LOy9WfCi562VFlkpX8EOaPL+ahPtvwwrQDTXeOnJ9XaSExcltuP9SZ6DB1HaK/zPkjl9M4Ka+lsdU8vLCwn+k7LAxdHdOTHNu6uaD2AqCP2Uk9G3mIA0XVgI7A5d++UwFXLJrprNTPdmnqpWH0BKiS2i+w+amrHOH+JURg67oR/LqaepwOcHJTP9rOs6HDa20PcB3YCpk0Rvjj7i9+d6ioNpoI5R323KizX0u2q7C4juSwEFQGfEGoBArrPVD308KdF1xYajAml8A+j9lNwMpVzZHdV9JSnFw6eiZn/wChALsVn+FNTvJE2ncf6fIrBldYrp5aeppnnHBwmSdPWqfcwRb77YU+QpVxfRG/2U+HEpBpLs5h9PGUmPoixvA/h/UNSB7THCg1PSNq5bDpPq1Qx0xDGT4NZVM+zyiQEobekaZnS9waQKXqirx7yEhSm2DqaIBzOoRIRxknKyH8Ir2b097q2Ef4yuCHrKAZo78HY4EhRlJNejZfK9YRbGuY8D1T2/7T/i+X29liP4v8R6Z2DVU8o+yKeq/iHGAZLfTStHo3dTJHP+zNt4vUOPOISPZD8e6n64WfkFkWdedZRf33TwcByQwI8fxJuGQJ+m6oeuGBXlkUv7GmJqXfXA39AmO8M7SU4J7jSqZnxIpnY8WyVzT38imxfEGwz4zR1TT31Rqb5LphJ5J0dNRPxmlaD9kUW2idj+SEKHqqxytDxDMAR/QpUN8tE30+IM+rUDvtXsLCBGx0bhlrBn7JzLKR9DQpQuNvO7JcfcJ4rGOaCx2odsFV89v7Jgh/wmccYx9kv4VUDjT+in+JVHiHI+674tYNxDv/AMyr+RZ+wfiX6Ks2Socc6T+SX8Fqm7hmSO2FbeNch+FuEvmLj/w8ZRR1Ni9kVaXSKoW6uaNJowR9l0Wiol+qhZ+bcq0+Yu/cgD7IjJrljJna0n2RPV2L2XsSKg9N1Dv/ALGU5/8Atab/ALKSnmzx/srkTVgP8yvkH2KXjY5r5j/4kP8APtC+NIpv9kxkZtTPtgKQzpKnI2s0DT7ABWDqjj/fHn/xLjahgO8/6uQS11svZaoRGg6RhBBFsi/PCtILLNSEfLWygB9xuhfxCnjxmui/8667qO2xtDfm2O/8SW9Xa/ZaoSLBlFdZmBhfSUw9YgAVJj6fhlH+/wB3Dh6alnZeq7ex+84P/iQZeubVE3eRoP3SndZLthRqx0amntnT1BKTHA6Yju8ZCmitttP5oqVjT6gALzmp68pj/duyO3CgSdaTSj+WCD90uUmw9mT1F95pfthV1X1JTRD6sfmvMn9Q3ad38s7ILjXVLtchcc7ndUl+y1FI3lT1nTMdhs5VTWdZ1Dh/IkKzwoXOA1jdHZbycZ2RYZfCJEvUF0qAf5uMqFLLV1OTK9x/NTYqAZzhTI6VjQNt0eAJPJSMo3vcMt5UtlqkdjQ3f0VsyBg20gI8RxtjCvBSK6KzEN8zgM/sp1NbYYznOSFLa0Hf/NV1z6x6bsAd/FLnTRaRvg7pkanLpEsuhV+TLaGljjA8pR8RxjV2C8jv39ofpyja5topJqx4OMatAPvnBXnV7+O/Vl1c5tIxlJGeGtOcfngLZVobZ+jm3+a0lH5SPpWs6gt1uhdPV1UcUbeXPdhYDqL4+9H2zMVB4lwmB+mM6Wf+bf8AyXzjXXi53eV09fVSSuccnLtkBq6VHi/dh5/UfU8m/wDQjx/c9G6h+OfWV5c+K2iO3wu4I8x/0WDq7ldbi8vuVxlqHuJJLjt+mUBwJAA7JAHK6dekhV+Jwr/IajUSzKTFoBG4yutYAeE8N25TgzPdaoxS4Mim28s4GjuE44IxhIjC4ijX7D7EugZOEsFFihcSCU+MVEnfQ9sY5wiY2wjNjw3JCYiCf9wTm+65p90UkeqBIdewOEYLwhrvKfVDyQd907Sc8oUhDNuUAiUh0sga3A3yq57y4kosshccJsYJKsVKW4TIt991KY3ZcjYMIrWpsYgHMBI7JLhIxymdBN4GPf7IbjnsuvdkobnH0QipSy8HAclP/ChhriQcIzGkYCstQ9jGtdqOymRR7AkJrGtxuFKYBtshSY2AmN4yEZrdtghjlFbsOEyKyMyiiDSThSIYhgZXGsJOyl07Oy9wq8s+ASmchixypWkAYC6I8AHC6QAMkp8Y4ENuTwcJwCor3ElPmlxjCa12rsiYUYnR7lDaiJjOVEMZ1oJIPZEAGEgO66tCSwUcwF1JJAUJEjZuCQuMZkjIRmt0jYq0gZPAQcJEgJKLUS+BGZCcgKN4WSktzA19Z8uzUBv6KrpacvlNRI3GrcBNlfUVs+pwwz09lOiZkc4wlL7mOcfjQ9owAAntBGNtkg0gjA2RAE9LCFSnuEGgDGF1OXVYAkkkkYYkkklCDEjskkhlLaED1ey6/wAkbnnsnBozyo9bM0t8Jp37pNk1gKK5IkrnSP1POc8JwAxhDA3TnvEbC4jKxyY7GeCHWT5cYARlRJMQ05BO6ThrqxKOFErJ9chYOAkSlng2Vx4RFkdrJckmnjCchNcVhCSSSULCpJJKEEujlLBSAOVAB4Awu4CQ4XVCmJu3Puhk+YD1T3kdkyPJOcKplPoKwcZT3/SE5o8uEOU90L6ASAuJzyhp7jgprRkpHLY0ewZ3Rm/h/NcjGCnn6h+a0RWEQeOEGoO2xR3EBqhyu9CqnLAsG76kccBR2jPdHBGnISGQ5IM43VjQ04ihDnbOduoEMZqJ2twcDcq3EXiuETBzssts8vB6HxGlf+412XnSVsbcq/zs1BpG69Ty2nYGgcDCpOkrRHbrfG7R5i3lT7nVtgjJG5WSXR9D8fT/ABav7sq62czTu3yAcJU+W8hRosyO1+pU1jNhgLPLs2/4Ch2RlRmaq6ujpQDpG5KdO8tGysbJR+FE6qePPJx7BUPhHJYSaYYhE3bbCJQxkZkI52CAGmaXG5CsIwPEjhaNilWcnR08SxoItR8Qjbspr8Y3OE2JgjjAA7KDc6kxRGQHCU0blLYjPX+uNTVeCx3kj2x6lQqaF8srI2gkuICa5rpJS87lxJWk6bofK6pcweg2/dZpioRc7cl7BGIoWRgYwBlKZ4ZEXd/RPI0tP2UN7i48rLZLJ1q/t4HRM1uBUmQbtY1coYvEkDjwN09xAkmlG4bsFlZoh0V13qXNYIGndxAP2WgtVI2lo2gDBIBWct8L7jdhrbqjjOs+617sBmwwOwWW000d5ZGqHnUBhSadmcZURztUoaByrCJmlqxzWXg3N4QC5TtpaV7nHnuvOrjVOqKlwYcglaPq24vYPCJw3CydC0ySuncMtbwm01bTia6+Nj+NHa2WOnh0tODjC509Q/PVfiOPli8x91XXCR1TOWg9+Fs7ZSR2y2xxhoD3tyU2+SrhgyaSCtsU5ejtTIGAsaeUaz0jp5TJjytVY/L5Mk5yVrrdTNpKIFwxqGSuPfbhYPR6WrL3Eilp9cjIY27k4WuhjEEQB7DdVHT1GXudVubtw1T7tWR0tK8POCeFzpP9nTINJqv3UcMZH+7UzvP6HHKhdS3H5q7ytjwYoP5cYHACtYjFZOmHVB/7XW5awdxnussNT3Bx+rus7+9lyltJEIz5iFdWhgwJ3Dgqrp2Fxw0bq/n8Oit3IDsZWmEcICT4M71NWiesEMZzjlS6Gn0xsjbjJxlVFNC6ruDpJNw06lqLRCJKoDAwEE5bUDXyy+poxHCwNGABwpQHht1Ec9l0tBwfRNfIG7crJJ5ZtglgHJISdhwF5X1zd3XS6fLh38uHY47kLd9W3gWa0vqWnEh2avJo3vq53Tv3c86inQRz9Tbl7ESKZmjchbjpG1aQK2YAtP0t7rK0FKaiVsYHJC9PslGGNjhxtgAYR2y2rBdWcGltlNpDTpwSFbNaM7FApmNhh1O2wEG1XCG4vmEZ3ieW8rlX/caIyLeIAAbKUOFHYwtwMKQOFjYU8D0RuxQ09KeBYccJ6jtDgd+EUcJZB6SSSogkkklCCSTUlCDkkklCDUkklCCSTRyiDhQgkkklCDUxPTFCAk3JTk1qMs4qq/VjaC2yzu7D9Va5WJ+IVx0UzaQcly1UrkZFNHnN4q/mJXygbuJK9A+GVqlpLXLcKhv82oOWn/CvNKl+uT0XuVkon26009NLu5rBnC13ScYgkxg7FGPCZHnuF1YW8h5BvJJwmpJKxoZJJJQglwjIwhJYzsoQjXOoNNSSSZzsT+iw/TcTqyrqLnK05e8huewVl1xdJGUfyEOfEncGjHp3T7FTCjoWRhuDgZWiuOSidI/Swgnsqx7suO6k1b9yMqvOcnzFboxJkO1OeM4wlCB3OEsYyttENzF2z2oxHxJvElHRMoozh0pI+682oYXVFQC7fSclWvWl1ddLzI8Sao4iWMHb7qLZoyMyOGx4X0LxOlVdeWfNvM6t33bfSJlznZHTeENieyhW+J8mDjOTgLt1mbJKGN54Vn07T+MASPpIXXufx1s52jg7r0jS0ELqaFrTzyp0Ttzsh4xt6IsLMjK4Vjzyz3tcMRSCOfhqqLjPlunI/VTqt+kY9lRVchJUj2LulghyuLncqTSR7h3sopBLwFZUceMHHZaoLgxSZKY0NbwoNwly3TjlWJcGs4WbulWYmvmJzpyuloqPkmjieS1sdPVJy9GF+I18bSQC307yJpRjbsCsBSRk+Z3PqpXUFe+63eWdzs+YgewT6SMN0he50NKhXg/M31J5P/iGqdq6LGy0LqipYzT5WnJWwqAyGMRtG4CD0pbnNjdVubgcDK7VuJldqPBXWrjg8ddPcyHI4yHA2wrKijAiDiN1AgiMsoaOM7lW7WhowBsqs6NOmh92RZA5IC8z+J/U50/wWkfyPOQth1Zem2e3mRgLpZAWsaPX1XjNWKmqmfUVLi57yTv2XE11+E4o9x4fRRlF2SKbTpG/KA7AJUmqbpcANkCMg891wZN5yzpXRS4QInOQdkDSpE0e+yFj3VMz7GcTInAzsa4bZRNPuhgD5rI4KTJD649L+5rel/NXsaOzgvYnAaGN9GheP9JNJuLMeoXsBzpaT/SFnl2fTfBLFLAub/Kc0eoVlQNxocdzhQizbcKxpWEBv5rNYz0VZiuuj4jhnsVi6nGMBbXrIZkwOcrGVUZIwVcezzPlE22Z/wAIPuA1DbKvK9obGxjRgYCrXMxWR45yre4jyx+4C1wOFCO2DZxoOgbdlQ3YYjd91ogBoG3ZUF3b5HYHcrTWuTD5Lij/AKFKOE9cC5gp7jg8ZLL7JFPsU+oGwICDEDqypLgS0bbpsVxgXPsfbpQJXAjGytC3LQR3VC1xbJ5dsK0opy7ySP7HCx2x5wdjQavb9kywpZPCI3Cuo2CaMFp5GVnpWFp2Kt7PU6miNxWScT1+iu5SH1dPpwQO3qoRGTj0V/NTCVnuqSaLS8geqySWGdSyGegYGESjqXxTB2OEPOF2PyuyqKre1m0oJ2zxAk7+ir7vSGnnE+MtcotmqyyZrXHZaCsY2spnNxvjIRmuT+Wsz1XCJ6QuaMnGVmy3SSPTZaalk8zqd44VLdKQ01QSBhrtwjZgtjxkZTEkIjhtuEOl7Ka1g0jIQzfolb3RyQNJ1EHuiwyGEh5Gcdl2ZmSCAmsOo7hLzgkW4yyai11MVVDsd8YIPZcrIh2GFUW+p+UmDvwnYhXpLKhgex2cpiZri1YuTKXOhBcZA3lUL4yxztsBbeuozuC3ZZutpHBxIbwjOTrNN/UirAylp3+669ul2EgSjUscHIawx4aMemUeKR2QCg54aiFnBC1VTwxNlSmizoKk00olytraa2Kti8Rh3HIXndPONQY44+6uqCskoJWvjOATuF2NNbjs8p5jxkbYuUUb8Au3XQDwUK31kVVCJWHJI3ClhuTsurFqSPDtbHhjNAIQDFvyp2jA3KaYxjhF0RT9EMMAXNCOWHK5gpeC8gXxtewskaHNPIKxfVXTjYf98pW+QncAcFbkhMlp/GGk7jCVZXuH0XyoluieN7seO2FZUdUdgcKf1VZXUUpmZHpaSQcBUFOS1+5K59tZ67xuszJOD7NAHB7eOVGqacOHCJSyDSAfRTPDa5uy51teD2Ff3rJmauj32HZBp3y0suthwO4V9U02s5DRwq2akLdtIWZ/axvx7Wmi/pJxUU7ZAeQEVZ+grH0x8InABWhpsTx6gU2MzTCeVyDXHx+XcI5hAzsuJjY9RyV8sZDlHkjACtHxtKivjOcYSJLJHBIrzHvgocrTsQeFMljxgtQjF6lJmnngCSwTrJd/BcKaY4HYlarwxURgtOc915/JH3aN/Vafpm9sGKSpOHAYBPBRQlg36WzH2slVdIWkkD91DLcgtIWjqYWv3Dc5CqKmlOdhymSw+jdKG5FVPTlpBaEoZ3Bwa4KW5uDocN1Eq4DGBIBsTuqbwZLKvaJWWyN2Crq6iM+Bp35UikmwNLu6k4a9vC0VySMVtUbIuMkYueN0UrmObjBwmNc5jg5pII9FpbhQMqIyCzBHBHKzboyx5jdsQcFaYT5PK6rTSplhmitlxiqmCKXGsDCBV0slJP8AMsHkdzhVEeuJwkYcEFaSirIa+Hw3fWBggrZGeOTDKPIekq21EQ0nzNHClNcMYKpxG6jqCWHDeVZRnxWB7TnK212kUQkjGu7ZUWajE7HM04ypTSQcEJ5ALeFpxuWQHHcY6uo3Uj9Dht2Ki491rqyhjq2Fj9j2KzE9M6mm0O/JZpQyZbK/0BDE+SNukEbp4AIxhcDSDgnGUqUMARlggyMIOw2XCcYVg+NhGwUSSE5zhZZwD7BY3yuavZc4XEpRGCTUVMUAONldEQW8+y1nTvUkc2mjrSAQMNef8lkyA44ymhruWnCJXSr6E30QvjiR6HcLcyZhcxoOdwR3VBPSS0rg8AkArlg6pfRMFNXtMsfAd3AWlqIKetgFTTEPjeM7dltqcboqSZzZRnTLZLoooKrxNnDDlKhm0HIG6j1VCYTqYCPsgxykbIm9vBTSfJdRubOCHYTBFLTu1xuyPQKJHLjupUdQT5XcIhTRIEkdSwxTNAJC5TPuNol+YtdS6M5zgHYpj4js5qcJWNGl7sFHCTT4Bkk1hm2tPVNp6hxSXaD5Oqazd5I0yH1HofZTn09bbGh8RFXTO3aWncD3Xm8oDiHMOT2PotHYOsqm3sFLc2meHgOHIWpW8GC3TbP9tcGikpaeuZ4keDqH0nkKluFicclg0lXMkVLXRGvsdWPEHmLM7t+4TY7lKzENzp8H+sDYok93RmcpxeGZ213689NVBNJJjB3Y7dp/Jeu9LdVUHUdM2RjgyoaP5kZ9fb2WErLZTVTciMOBGQQqGShq7dUfMUM0kT2HIc043TIz2sXdTHUJNrk91MWD3H3TXMKw/SPxEfUSstvUOGv4bUE4B9ivQWQh58oT1JdnMuhKntEXBHsueEp3gdsLhhGOE+LTM+/9lf4Q7BD8PfKnmMoJi3yFMDN3GQHgjGQhGM5zlTnRghBMYypjJN5FfA2QEPaHZ9VV1NmewmSBxHt2V7oC7oCGUEw43tGR76XjDhtgrugZ+laGstUFW3OAx4/ENiqSeiq6B2mYeJGTgPA3/NKlDA1XZIstPFJsWjdQprPgeJTuw70Vq1oeuubslSgpDY2tGXqoIKhhp7nSB7Ttkt/1WUuVjntRM1NKKinJJDfxNC9KmgZICHsBz6quqLWx4PhgYPYjISpURkbK9Y4nn0BZMCWncjceiHJDjfGyvLz00WRuqKZpje3fy91TwVLQfCqBpeNiVktqS4OjVapxUkVFVbSXl8TcZ5UJ7GtOiXutY+kL26mEEY7KrqraHklzcH1WaVX6NVd79lDPQN0eLTnDhvj1RaO6mPEUzSSNkeSN9O/S5uw9E2Wnp6obgByU4tGpNSRNZUtlbqByF0x09TkB2/oqUMqLZJrDi+I8hWVLNS1YyMB36KKf9gJJp5icnto5jCgugdEcHsrFzp6V+MlzQuGsoqjySgB/rwiSzyXGTXZXiV0JBYcK+svVNfQyNAnIb7nZVj6Bjt2PBB4yo8lLLCeNk+E5R6DbyetWrreCqaIq3AztlWhp6arHjUkrd99ivEo6+amIwSQOyv7R1ZPTFuJCMdiVpUlJfcUp7GejTU725bIzZVFfaKOpHmjAJ7gKRbOrqaraGVBGfdWjm0lS0SQkHPokTqU+jZTfjmLMBV2Gto3mancZGj05Qm1z24iqAWOHqvQDTRn8GFX1tgt1aD48G/YjZZJ6ZLo7Gm11lT5ZSW25ywHVG/I+611l6ykgcGvkcPzWHrOn62gcZKJ7nxjfTndRIbxHE/wq8OhI74WR6c9NoPOOP5M+ibD1nLUR+VzZg3kZ3Wmhu9sr2hkjfCkPOpfN1DWVUBbVW6tJ7+R62dm6/wA6YLtEMjbWFkt0/tHsdD51TWGz2V9ueG+JC4Pb7KI6A4xhU1rvcwibLS1HixEZwTlWtPdaapIDv5bvfhYJ1s9PptdVcux3hlmcjKiVEPjDTjCsjokALTwhlg7oVx0bE1JcGWuPTzJMOiZv7BUssNVQymNwwOy3z2jYhV9bQxVAy9gKKNmDn6jRJy3RMkxwfgPHKbLRtjGqM4J3U+ts0rHkwOOOVXh9RTnTUcDjZNTTObOiUJbWgJbUNJGNQQxUOYcOCneNFIBoO55QZKFkzc5wUSa6M0sxfA1k8LtpACD6o0euE+JRTkf4c7KvlpKmI7NyEoqh8Lgc4xyFJpdhKzGM8F3FehJiKtj0kd+ykxulaRLRT49gdj+SqGVFPVAB4AJUiGldGQYKjGfUpDRsrnN8xNLSXlrsRVbDG/jV2KswWOGQ8brJyGcNGtuojggKVR3hjXBkocDxuluCNtV7j+ZeyxMe0te0OaexWcrrRPTvdUUMZc0HJZxhX8VTE4Ze7nhEcWuaC3gpb+1mnCnyjMUdZS1DjA+Rscw5aVJlhewZG49QuXXp9lU7x6V3hyg5BVdS3Oa1y/LXgFrHbMk7ZVyimgJccEe6WCyXphiulCHZGA8Ddef3f4f3vpaZt16br5WNadUYY86mY9Mbheuvip61muCRpyNiCoVTSTtGl2XNHHos8oroyWVqXKIHw8/tN3zp5kdl+IFI2qposNbUsZiUD39V9DdPdX9P9W0Pz3Tl0jq4XDOeHNJ/qHZfMd86Ut13jImp2tf/AFALEtoOsOhq/wDiHSlVNG5pzhkhA/RJlDBllFrg+2K+3UVwh+Wr4RKw8grxL4h/2bbDd/EuPTTxR1hy7SBpB/P/ANFD6C/tPRzPFs+IlI2lqAQ35yFux/5xt7cL2ygvlqvlKyutFdDVQuGQ+N2f19EqUOANsWfDnUHTXUnR9WaC/W5xhedLJuxKpPlpY3GShefUsX3peunrP1BTPpbpQxTMeMHU0FfP/W/9mq4UDprl0PId8uMQ4+2FmdTfKMltGejw+G8uB8GrYW9sqRNDHUx5BBB3Dh2T7lbauieKW9UbGS8a2jGSq7EtGdcD3af6Tug2syyqa7B1EFTSEHTqHqFIo7jGSGO8rvQqRHX09S0RzMDD78IVRbIpBqiIz90qcE+xW6UH9pZw1LxgtOyuKKscQAcbrENnq6N2l2S0eqtqO4Ne0En8ljtp/Rqp1TXZtGShzQQ4IkVUWHCz9JXN2BcT+asGS68HlY51tHUpv3GipKzbfCmNlbLtys3FNgAZKnQVekjKXho1xmmSbjQa/wCZE3tuqSSN8D88Ee60UdSC3B7qPUUcc4zjdNiyrIKa4K6mu80DwHkgD3V3S3OGsZocWhyz1ZQSxO2bsFGhqHRO8vKLCM34vk0dVQslJc0dlR1NG9jtmqfQ3ZoAbO7IKlvfTVIDmEFFGTQMoqRSw1D4HAK6oLhHIA17sFQai3t1F7O44UAk08m+6fGzIG1o000EFS3D2tcD6rNXnpNs+qRsTHtP9IwVOp7njS05Vi2pD2gE8rRXbOD+1me/T13xxJHkl46dfSEkQuA7bLPS02k7jH3XuVZQQVO8jQVmLt0aycOkg059CMLp6fXNP7zzmu8Kmm6zyuWM5wAhFpC0l26eqqNx/lnA5yFSSxaBjG/ddnT62M/xPHazxjrbeCCW4XQSNsJz2nPCaW47LoK3K5OLKmS7CZyjR1s1K4GNyBkE4yuuLdslXtjIBbk+C+t9/e3+/wD81fUt6pZQ3DwCexKwL9O2SnBzmnIJ/VIs0sJo6en8lbUsSPUYK2MYcDyrCGvBAw7K80or/U0wDXnxG+hV9SdSUUrRkua48grnXaGLZ3tH5hPtm4juW4yePRSorjG8jSc+yydPWiUAtOx91MiqQ0DI4WKzQxfo9DpvLLPZrqasG2CFZQVPqFi46x7cYOCpMVyqAd3ZHouffoF6O/pfLr9mv1seOUxzQeCqalubXY8R+CVOZWsPJ2XJt0s4vo7VHkK7EF0aTwngu4yl4sLhu9dDWyDylZpV4NkLYy6Hh/fK6JO2EPQfT90iw4SZwzgYrcEgOBH1AJ2R6hQjqHdODvVA4jXZglal3XvnT+6j60tfshwGrMEh2gjGNvugupYDk6RlM1lLWVMFqWQUkDhkx7Y90yO6XKmGgTP0j3UxhAG6aY2k5IH6KtoSbXRMouqJg0R1DuO6uKTqC31DvC8QBw5WUlpIjuBg+yjPpalu9O7GFexMnyyj2ei4ppgHAtPpgpksc7t4pdOOy88jrbtSu2lIxurSj6vmja2KqGcdwh+LHIUL4p/cak1Fyh/4bJAPUbppubdxV0pj9S7hQIOp7eWB00paT7qyZWUFYxrxMxzTxndBsNMboy6YAPtE7sMkjLu4ypDYwY2tp5C3TkjST3/+YnC122o3MLM+rNlHk6eLXaqWuniGcgZyh2Bt+yZBW3qnGKe4ytHcairJvVN8EYZK2nk0jAcWb/ms54N7pX6WFsrRwRyUMXeaB2iso5IznBPIVbUXGf7RfTXK21+P4r0/S1GxyTv+mVDdZvh5WZ+ZsTY8/wBDcY/RVb75ScOyAUWGqgkAcyRu/uolgtyg/QSb4e/DOuP8ltTAT2bK8f5qI74R0Dd7J1jV0uPoHiF2P3U9mDwcp/guAyARlEVtrl6KeT4c/EKnGqh6/NTjtKCP9SoU1t+MNCdB+QrGjYE6QT/ktMJKxpzFM9v5lFbV3cDd5P5qC5adTf2yaPP5+peubfI+K8dF1UxbyYY9sf6qvm69sb2GG7dL1tOe5fGBgr1uK51QYBJAHEd0yonoakaa+gMn/gBUyWtJal9sv+55LSdW9FPcGx+LTn1d5cK2ivlgcAaTqJ7T6GfK2FX0z0ndDpltMDSe7owFUVfwj6JqskxaCT2cBhTMV+TAlXra/wAcMrI+pNBHy16EgHOX5UlvVLzjMrXH1yo1V8ELE85oblUwn0Ehwqyb4N3OA/7repvbLiiW2X4sX8uuh3E0rOqyAMRfdFh6oDjhwH7LHSfCvquH6Ls9w9NZUc/DzrOLf5nVj/GUXD4L/l6ldwZ6FH1LTj6mZ+xRP9pqbswn8154Oi+tGbOyfTzLh6S62b/wiR/zKnHHJf8ALt9wZ6L/ALVUvdhH5pHqu2d85/Jedf7Idbf9yf1SHR3WhO8J/VEWtRZL+hnon+01r/pH7JHqGzuOXRtPuWhYIdE9YkZERP5orOierjzE79VBkbLF/Sbn/aCyZ1B2D6YT/wDaq0M4eFimdBdWOGfDP6pN+HXVJfkxuQuORkZ2P+k2Z6xtI4cmjrq2xg6HFZhnw16mdjVEUdvwu6hOC1hahcMhbrl0i+PxDgBw2VwH3TP/AGkQ7+d5x7quh+E96f8A3wapDfhLUg7zM/RLdYUZXsk/+0yDBw6T9UI/Et2+iR+UWD4Rtdg1NUG49DhTovhfb4RvcoPzcpt2jIxufZUf+0u4E4GohCl+IF1fuxxH5rRx9CWmI+asidj0UhvS3TMX1yEEdwFWUGuOzInrO/T8Sn9F03/qOXHmIC2Mdq6ZiIDZDt7BS447BFu0ByVwUYRty6llIxKQfsjth6sqcAyED7LcNnsbD5YRsu/xinB0wQAY7lQvcjHR2XqWQDU4nPsjRdJ3p5Gondal98qXbBjB9hhCdcqk7h6vDI5JFPH0ZVnHjvP/AJipEfR9LER48m/3U11wqXf8V36oXjyuPmkccoowbJ8oh07aovqAeiC32+Ijw4gmeICNzjCYaiHu/f7q/jI7v0Sm08DMaGgIrI2s3A5UETOfuCUTFXJhoJx7hDs5B+b9kl7I+dtuUg+I7MOcKsr71aLPk3G6QsaO+rcrMXb4s9P0TXfw9r6mQcAbAp8dNOXSE262imOZM3zU98sTf72TQvEbl8ZeoKlhjt8ENMD3I1n/AEWMunUV9vEjpLjcpJi45xnAH5LVX4+yXZyrvOVQX2cn0DefiH0lYtTau6NdK3lkYzj7rDXb4+lsLh0/bdJJwJZX5/QYXkjid8uKjPkDcgb5XS0/jY5+44ur87dLiHBpr18Tusr0HRz3QxRv3LY24z+ay09RPUkvmnc9x5JOUwy57IQyO66teiqgujhanX33flLI3Tl3AwiNaB2SG5yBuitCfGtR6Me7f2cDBjYLoByngDC7gJ2z2N9CA23RdDfRDRDvhDj0ELV7JavZEEf7rpjx2TNiL4OJLgOU9jHOKgaWR8MIceFLZGG791yCMsbkoyIao4QOU4GAoxPJT5TjAygoksiZyGuceEwNPdFDR3QpJGtB2RbBbaQNxDRkkKJPKXHCU0uTgITQXOVGecjrASeFIYzbhKOMY4RWco4rIIg0hdG2U/U3A2QpJdIIATOim8Cc7GVGMhOV10hJKGCc8KgJzHbk5Ke0cZSDe+E9vKoGPZ1rR6IojSYdgMI2nIBKbGGRqyCAwpDU1sQPKfsEajgPJ0cousADZRvECa6ox2RYSL3HI6f1UuKLGAAuiMjgJ2cAle4gj8+OWRxbjuo0snYLssx4AQMOJOU3pFwESSclJLBSwVQwSWCkOUYAYUIDT0k9M7LbEutaecJAd0RrQRuFYveOaMDC6hg5yuPOFHwTsMTtn0Wfr6t1RVina7yjkKRdbiYmGCE4e5R7fQaMTy5Ljvukybk8eh8YqK3MksiLRgD7ojA7UjYHolgI4rAE5bhAd09JPTgBJqScoQanJJqIgkkklCDEk9cPCXLoNcgZZRGCqx0mt5zySi107STE05J/ZAae3osVkh0Y4WR6jVlSGxFuN3KS44B+ypJpi55c45wVnmxtUd0sjjL4UGrHmCgOdqOojcoj5fEIGFxIks9HQhHCGYwupJIQhiSSSaEFXRyuLo5UZB4Awu4CQ4XVBbEuHhdTH78KERzJLkeJvGQhRt3GQpLdIHOFALM+jrsDCizfSjO+kqNKcBKsJGOQZBB2RKcEu3CY0ZKkxgDsqgg3wOeAGgLsfAQnHD9PojbeHumt4F7+QUjiAo7SS45RJTlwCTVnlLLING5wnZ0YymjI912P+dI2NDN8Dqa/kko+ywt8ZDDNjGrYZWs6PsrrjVid4/lRHJ9z6LPRQlwbEwdsL1bpK1toLdHkYLm5P3WCfLPoHhdM1hP0W5MdPB6Bo2CzVbUuqJzv5R/mrS8VmlpiaVSMyXZPKz2s9VJr0S6Zg0jDcYUzIa3hApxpaDhdqpNEZKSF/cGP94qWxY5Wlc1sMTWAcDACrOn6QvLquRo08BWEzxPO2Nv4d1TNlCyssJCCzLj33VrbI8gzPYD2GVTsa50rYgM5OFpIWiKNrdO2EhvJ0qlgkB4IOdlkL5VSyVHhl/lB4C0lfWRU0JlkONth6rF1c3jTmXs5C+UFYw9DE6eRsTRkuOFu6CmEFO2PAGkLOdK0DnOdVPbtw1avZrceyyWm/S1rG5kGrqcHQz80Ng1R+IUJ/wDMkJx3KKG5b4Y2ysM3ya0skym8kDpDtkEBQayctidExwBcMuKmVQMVJHtyVVVIMj2Rjd8rwAky6Hx4LPpmB8TZKpwyH+UK5nk8mcbIdPE2ngZC0YDGgfmh1suI9AHKyWM1VxxyOpf5kweRnCny1McMLpHnAAJUa007nRmRw2zgKB1PUeBEYgOEtLLJdf8AFBtmLvdxdcqx5GdOcAINRKykoxGw+Zw/+UoEJD6hxI2a4lRLhKaifQ3tsFqgsLJ5Wdsm3Nk7p63GtrWzSDMcZ1E9itLcJQ5xiY7G36IFnp22+2hxHmcMpriXuLjuSVg1dmZZO5oKMQX9yfYLabhWtafpYQStTXBraiKmaMtzuAm9O0IoKISub/MkGrPoFItEH8Uvet2dAOB+S418nKR6OiGyODT0ULaanYwNwMKhrJTcL4y37aO60F1qGU0R07BgwsxanNigqrxI7+YXkRuPphIlLA98DepLgKiu+VjOGUzRHp7ahyVXQA5Gyj6nySOlecue4uJU+n2A8qCKyL/IsrbB5xIW7eij3+uMjzC04aFa07WU1I6V+22crM1shnnOnckpoMv0SbZEQ0yY+rb7rXWekEEQme3zO3VBbqV5EUAOSSAtawBrQwDGAEqwdVD2SC7Yn2UcSAnzEAZ5TpXA8FVN8uEdttk9Q8+ZuwGUmPY22ahHJgPiBeX3G5iihfmCHYgdyqiih8OPjBKCNVXVPqH76nEqzp4vElbEO+y0JYRyYt2T3Gg6WoHySmbSCCcDK9PstFgiZzdhws509b2QRRAtxkBbGRzaGl1AcDKz2vPBvrjhFN1bdpIWCippMOd9ZHO/ZWfR1B8jQte9vnl8xJ5WKfLNdbsImDLpJN/1/wCi9MpIvCbHE38IAWO9qKaCLFmC0HCcuMGGgJ7PqC5Us9DEPA07ogdtwkRwVxC2CFwF1JJWQckkkoQSSSShBqSSSAASSSShBJJJKEEnJJqhBJJJKEGISKgnhEiDUw7Lp5TFMbngs5JLgE/07ryPq65/N3CaVzstBIxnbZei9VXH+G2eWVrsPf5G/mvGbhVmSbLjkZ3910tNX7JKWCz6FoZLp1RTSgeSmPiOP27L2t3OchedfCW2uFLW3KVo0vkxGf8AP/RegaT6qaiX3bQ4fd2HAwmpJizDRiSSSgQZBRkFQglySQMb7Y5ThwVS9R1/yNA+USaSR+qOCyyjH1tQbl1F/My6ON2lvplalgDYwAMDCzPT8TJ5vmHjLnHK0r5Az81srWCyvrZcPDQhsZlwPGUx+ZJ8u4yjtG+y3QQOcLI540gYVP1TdTabRLVxyaJG/SVcktI3OF5x8VLuHGKzUzxlw1ud6b8YXZ8bp/ltRzPJ6j4qGzzt5dLLkHOoq+hj+TpWueRx6qkt8Dn13hjcRgEq4uTwyEA9yvolFfxpJHy/UXOctzKuV3iSl+63HTtPGyla4N3IysjbadtVWRsf9OoZW/iayJgjjYAG7JWrtw9p2vCafL+VkkDDgjAgM4wgRgl2cJ8xzH6LlWcnqd2ERK6TnccKiqnZKsKyQ6vyVS9+pyOCMNtuWEh+tuyt4GHSNuVAoIQX6nDP37K20hrFrhHJlslhZI1TIIxpz2XmfxFvQoaQ0UMn86bPB4B7rfXiXw4jMPwDK8C6ouj7pdpZi7UGkgfZek8Vp3ncz5P9d+X/AI9DpT5kV9LE5xyTkk8rQ22ifPMyNo3JAVTRRZaMclb/AKOtkMmmZ+ctdn9F6+ivHR8F1Vrxgvi1tDbxC06XBv7rOzOc5x7lXV7qcu0NPKqY2nnG61qW1HPh9zySKKPSzXjc7Is0gjbk8eqJThpiG2N1nOtLy6jpfk4D55Bk77gLHqr/AI4bjueO0075qMUZDqe6Pul0eQf5cP8ALaFnqyJmnJClayfM/k75QKo4K8zdb8snI+nUaeFFSijM140vIUHOFZ3IfzsgbKqkOMLKzm38WNDzuCg6d0Rrl0DIIUwLQM8FNgbmYHHddLeV2lBEwSpD4L74pfs1/R4H8RZn1C9hIAa3/lC8f6P3uLPuF7CeG/YLJM+meEjtqY0jCsado0N27KB2Cs6f6G/ZZJZbPQwML1W0Gs09sFZatpwBxytX1P563AVBWwkNDiEaycDXV73JmepKZslYNQ4ypVwGzMIlDEfm+PVEr4S4NI7LXWcOyv8A0mDZ9P5KjuoBa7PqryMdvyVHdti9uOCtdfZyPJRxRn+xSk4P2Sa0cpBd0+61qJ4mTyEj3wpB+lR4uykH6U6tIBkSUYfsiRPwckZwmyg6wUmbArDOG6TD3Y5RdwyieMFxySj0zzBM13bO6pqWbw5mlxOlXDSHjLTkLNZHB6fxWrlNLd6NVTETMDxwQoFdSAPLxwd02y1el3guOx7q4npRM0BvdZLI/o9nTONscoy8rCDwmt2Km1sBikIwoWgpAE1hkykk8ORp9Fp6Cp8TAJHCx8bsOCubdU6cHfgqDqp4WAlyiEVdrYMd0K5RNrKYuA8zBn8ld1dPFW0rZgPMGqqps6jG/t6oyrIZ5M3Dlp/ZT2v1NGGpt3pTTT+IweQnOESk0uZkeiszVrbJoTmBwOVEc0sPCnvZuMIFRHsCAltYGSjgE12eyt7PUgnwXH7KlBI7I8M/gvDtOVEFCWDUVNOHjYchUVbQjfZXtul+cp9RO45QK2DHDc/mmoOcPlR59UQOjccjuhs+yv7lQZy4DHdUbotBIxwmI4Gq07rmOzjsig5aNkAnKPG7fKYngQoprAF7CJA7HCnRzmVgb3AQ3xeIzI7BR4C6GYOwcfdb9PbtZi1Wm+3JpLJeZaGVsb3EDjfgreW+tiqoxJHv7LzJzJKka4WcK66YvT6Wq+Un3Dhjldqm7PZ4Dy3js/6tR6EGDAwUvDz3TaSRk7NbHZ9R6I2n3W1LJ5nrsB4I9UPQFMLcdkPTud1bWCZwQy3CWPdSHMCZp90OMhRllldX0UNdC6GdgcHDb2XmN6tb7XWuaGu0Z2yvWnNyqm8WyGvgLJGDI4KzX1YOho9T/Hlk81pas5AOFbQVOtoGyp7hQyW+pLHbDJwi2+YyODRnZcu6o+geM8hGcUpMucCTso09PnkKRE4HbhHMTXjZc+UD0ijlZM7U0pa4uA/dHtldNFJ4bvp9yrCppQeGjhVj4DG7ICU04k2uLyjQslDwDtuuqroqog4crNrg4A55TYyyaap7kNQnNBBGFITDwpJZGYIjoe+FHkZ7KdpOrHqmTQ7AtCS0U4lY9mQhRl0LxI04I3BUx7cHjZBewYG/KVJNFrjo2tluDbjSNz9bBg7qVUUw2cAsLbquegqBNA7GOR2IW/oqiO40rZWEZxuEcLM9nV08/kjtKOspC0+I0bBDa1srdDwMYV9UUmWHy8qnkhdC/OExr9DbKyplgfSycZb2KPBJt6qcQypjLJG/mq6SGSllxy08FVGTRz7YY6DlrTyFT3i0ukHjwtGocj1VtG/ODjlSCGyNAwtEJezDdQro4kYTdpw7YjlEiqJIHh8fIU+92qWKU1MQyw7nCrYnBuMrXGZ5fUaeVUsM09NLHXQNc/BdjdcBko5PWMqjpKiWnk1s47j1V/DURVUO/PcLZVbgTsbRMZonaHx8ALrAc4woTHSUcnOWlWcb452B7P0XRrt3C3DaDdEQNxyq+ut0VREWFuCTkH0KttIxhCewHsjayZ5xMS5roZXRPG7ThPeA9uy0NwtkE7XSluHY5CzkrHU7tLgd0mSMs4DRlpyVyVrXNwNl0nKYBvyktIp8EWSPfhBd5T6qxfDgZUaaEnfTnCTZWSMsgQcpO3C4CWnBCckFgslrgUTI06sfukQCCgkEJbWQsDvE3VrYupZ7XJ4cgL4XctJVQ1cLcb5QxlKt/aBZCFkcSPT4pKK5UzamEgteN/b2VVcLcc64WrK2q71FtlBDi6InzNW0oLlT1zBJE4YPbuFurnvXJzbKXDopwXR+U8hSIn4wcKdWWxkzjJEdLu47FVul8Lyx4wQtAnvssYanIw5PcwS4xhV+o9k+KeRh2dsiTwDOJLP8rG2cp4DZMHC417ZQASkGlmMI8gkigrqu2VLaimfp7ObnZwWuorzR3php5wI5cd+PyWMadXbCPG3BBacH1TITx2ZraVI1+irtjtcLzJGe2cqRFXW24fynuEcvcHZUtFeCxjYqnJA/EFMfBRVjdcZAd2c3YhPUovoxzht4HXLp90rdcJGRuNuUSxdYXzpaoZT1RzS5xjfA/wCii091udskLKxpqqc7DH1NVwz+G3eL+W5jifwP5TN21CJ1xlxJZR6fY79bb9TNqKCoa92PMzO4KsywnleFClu/TtR8zapXhmc6QcEL07pHr+3XzTQXE/K1rGjAdxIfb3TIzycu/SyXMTSmEeiEaY84/dWADfTb1ThEHD0TzHLMeGVToyNiMILovRW0tJuMDKjPpXDgIyKeWQPD90vD91IdGQmlpCgYFc0B3lcAR7hEIwuJeMhptdFHcOnnucaihkwefDPCqNbmOMUw0vacYK2yjVdupK1hbPECezgNwo4jIWN8MyTm57oegKwrbHVULvEpyZY/TuFBY8uOlwwUDWUaIsYYWOPmaCqS/wDSVNcYvFpg2GbkEDYrS+EcZwuOjKVKqMuxtdrg+DySpp7nZZtFSwhucB3YqRFUw1DRrwCvSa20QXCPw6iJpGO4WIvPSFTaXOqYcyU+c7Ddv3WadG3o6VWpi+JFVUW+OdpIaDn0VJV2eWJxfGcK/hlMflR2ASjzAbrK4bjUrnHpmRDdY8OXBB2Ki1dtdB/OpyQeditFX2cl5fBtnsq0MqKd2idhc0JLr29GmFzfTAUdzaWCGrGSNslHmt9LVDXGRn1HKZNRQznWG4z7KE/5q3vDgC5h9CgxJ9mhcrLCmGspCdJLmjsususedMrMZ5UqOpZVMEjHDJ2I7hCqKSGYeZgB9QrTcXwRPLwdEVLUDLcZPZAdRugdk7tQXUtRTHXC4kDhPiuckeGVYDmj23RxsxwypRfonUkmjYK7t14raTGiQlo7Eqopamkk0mPSc/spwiwMgbFaK2pClJ1s2Vt6oppwI6lul3qrhj4KluYJWu+x3Xm5jOdiiwVNXRyCSCd7T9+UyVeTVTrHHiR6F8uRvpG6hV3T1BXsd49KzJ7gBVdD1e5uI66MHtqC0VFcKOtbqimb+ZWSdaTOpp9RXZJLODDXDpmvtD/Htczi0/gzt+ijsu7y4Q3CExOG2ojGV6TLThw8zQQfzVZcbJRV8fhTQMPvjdZ7KsnartlWvsZVWnqC42stloqtzo+7C7IwvQbF1vbLniOdwhlGAcnuvKa/pWtosuoppDGPw5UOKolgdpqGFjxtqwudfp89Hb0Pm7tM0nyj6Niqpg4SRzZ27HIIVrT1cU7RqcGv7heE2Dru420hs8njR8ZG+F6LZur7Ndg3xTpefQ4XPnS0z3fj/JwsjujLn9M25wdwd0B7QRzlQTLNE0OieXxjsd0eKsjkwCSCexSXBnfhq4yj9ywNlj4AGQVDq7XTSMy6PJKtcNIzyuOaCOFMtEshG1GMrrS6BxdTR5UBtW+A6KhmgjZbmSlDgcAKiudlNUdowSmJnNu0ri8wRXRTNqB6hcmtcEv0jDlAq6Kut82iMeVKG8eG4MqT+6NSyY7Go8SG1FFU07ssZkITZ6tpwJBt7K4jniq2jQ/KHUUMeA5gwqwLU5R/Fj7ffnweSpj1N/VXQdabkzLHtY89lmPALTgNykKEOIk1uY4ehQNZH1aiWfuL8srKJ2WOMkfod1Y09U7SHNOQeyzsFxrqPySnxY+3co7a+JjvEgfgncsJwgcDdG9ro0TKguOCOUp6WmrYzFUwMkaf6hlQKKvgqWAtcA7uCd1Pa4gHZDOLZoVm5GWq7PdbI8y22TxoMkhmfMB6ItB1TS1BFPWROhl4IdxlaF8pfyFW3Ky0Fe0+JCGvP4mjBSdryC4vs7JFBOMtbz6KtrbV4g23UZkN7sQwHfMwDgjdwHupdLfaSr8jiY39w5V8eQNqk+TI3voqir2uMlMGv7PaMFZ21VvW3w9rHVXTVzmZHnLo8ktP3C9fZG2XdpBCh1tipaxrgY2td6gIJV46BnRHH2lh0R/aKtdxcyh6ppPkKr6TKz+6cft2XrlHd6Oup21VLPHJG8ZBa7K+Wb90Bq1SRsH3aN1R227da9C1Alt1bKYGn+6eSWkfZKdRlnGUX9yPqTqvoTpXrSF0VyoYvGcMeK1oDv17rwLrb+zr1H0/rrem3G50+STFn+YB6Ad1tekP7Qdnrgyi6np2UM3GtjcDK9Ts98orpCJ7bXR1MDuAHZP5hIcORM64WLhnw1V009LO6mrqOWmmYcOa9pBBXI5ZocFrtTecL7S6t+HvR3WUDm3i0xulI8szfK4HtvheB9d/2fuobJrrunJHXKhbuA4Ylb/1SLKX6MVunkvxPMhUQTt0ytGVDki8JxdEThdnpquimdT1lM+GRpwWvGCFxkhzg7/dZ5VsyODj2Hpq2Rjhnsrujr3PALX5HoqEhrgRpx9kNjpInZY8hInUmNqulX0biCp1AKZFMSRgLI2+7BhAnctDTXCmkaAH9lknTg6NWqUkW8dU4YU2OrGwBVK1wIyCcJwmPAStrNit/ZeP8OobhxBVRcKFkfmjHK7HVlpaATgqX8wyRoDgq5RG1MoJHOheA5ql01YIyCVPmo4JwQRueFTSUc8EzmFuw4KNNPsHmJeR18UzQ0EZPKbPSRStzyVSRyeGdjwpjK/gIlFgOY2enliOQNkqWukjcBI/ZTmztkA1jKhVVGx7tcW2eQmxlgGSyW0NZHMBpOSpLQ1/ossyaWkf5eO6s6W6xkDfP5pnYmUckmutkFQfOwHIWYuvQtNVNL6Uhr/tha9swlaDhI7p1d06n9rM89LXb+SPHbr0jc6BxJiLwPQLPTRFhLHDSRzle/PjD/qAP3CoL50labiNRgEUh/GwYXV0/kZL8zzWv+n4TluqPGsEOXX8DK1t06FraUufB/MZyMcrO1Vvq6bIkgd+i6levhI89qfC21f0kDW4J5djfhMcTqIA3QnPIOCF0Y2po4llHxvDRI1n+pdEhByDuouT6ruSgc0/QjO18FtTXargIAeSPTKurf1JhwE/+ayQkLNvVIHUQUuSi+jTTrLKnwemU19pZWg6h+qs4K6nlOGvySvJo6qWLHhPwp9Nf6qBwcf81nlp1I6+n8vKC+49UZJvnnCkxV8jAMdl55RdRGUZM5afQq6pb49wDXYcPULHdpM8YO9pvLZju3Gyguzy7EhGArKG80wABcsTFc4XO0udgo/zsGRhy50/Hxn2js6fzLj7NxFc6aRwaHD9VOEkT2ggrCRTggEKwpLjUQ7a8t9Cuff4/D+07FHmYv8AI07mDOWlLRnlVEN5JeBINlOZXRSNBDxv2WCzTOPZ1avJVW9MkeGPVMDO+UhKD9OD+aIHZWeVaRsjfF9M7jbCHg5yjZGN03AS5RSNcJqSENkk1cyEPAzKHnhAJdq3OEfIXPKqks9EGOaHtw4ZQH0MDs+XBKlpKsEcUysltw7bD7qHLDcaQERyuLOxaVfHc4ykB67q1wUljoqaTqa70TQwvc4D1Vxb+vapkgFWzUzgphiiPMbT+Siy2ykkcXeHgn0QSxIpStjymaan62oZ5PDd5M8EqfFeLfVP0CRjj7rz19ibqLo5iPZAdQXGnlzC92RwQeVShkP+TYvzR6XNDbKlhjfFGfsAFE/glE7AZlv2KwcVzvdvk8WVr3N9t1MpeuJo5h48bg37KbBsdVXLtGqfY6oDENzkYBwFHNN1DS/9mrWy/wDOq9vXtvc4AylWdF1Laqo6WVLQSO5QtNDFbTPp4Bi59T0+PFpRKP8AAE49VV0W1RZ6oY7gKy+dik/u5QfsU8O1e6F5Q2MW1mDIMHV9Kdp6WeM+7VMi6ltkv/HDfuUyWnik2fE059QgOsdA4ajC3f0CmMjE7Osk8Xe1S4HzTN/dGY+3yEFsw/Iqjf07QOOWMLT7Jn8E0bMEmPZypwCU5LtGpikiaPJICjCsyMCYLIC3TM3Ek4+7yu+BNGdpX/qVSWOg/kZrPmXHmUY+yXixn8SyuawD++d+qQfXg5ZVEKZK+Q1OsO4JXXajjDsLMCquQGDUZRG3K5tAY3SSO6vLJ8howKjtNgemF3VU/wDen9FQ/wASuw50YXReK9p+pn6KyfJkvgav8Mhz9lwPuw+mX9lUC+1wGDoP5Lv8cqe7GlXJ4L7LoSXfH98uh1271Mo/MKk/j9T2Y39Uh1BXZxhmEtzwHkvddxxvXS/qEMy3HH/zwmVWL3UFuS1mUM3qoz/ds/VTcTJaeJc3bfxCbB90vBqiMuq5v1VX/G6jP0MH5pfxetd9Tm+yDLJuwWojqxzVSH7lN8JxOS5VZu1WdtTUz+IVB+qQfkrSb7LcmXLI8c4XXtac8Kk+eqMbyKO+qqBzLnKpwcipWJF24xAknSMeyH8zTD8QBHsqY1Mh5JQSSTnKtUNoCVqRefNUv9QTDcKdvDlSl7Bs5+6Y2UOdpARRpwKdrLh91hHqufxWI9yq75d7hnAH32XJKm10UeqquMLHDkZytENO/SFzvS7ZZi6MccAn9EdsskzQWjIKxtX8QumqIEQOfUFu2zcAqir/AIsXSdpht1JBBH2yMlNjo7JPhGSzyVdfbPUmxfiqZfDb6qnu/WXSNoBDqz5h4OA2I5JXjtxvVxur3SV1W+QntnYfYKs0+YuPK0Q8fL+o59/l/wD9Gen3P4wsEToLLa3N9XzAbrH3PrfqW8BzJ7lNG08tjdgKlYRgtym+UA4K3VaCuPODBZ5Kyw46SV+fFk1Z9U3DfZDccHlMfKGjcrVVQodGC29y5kGdgA+YKHLOGZGxQ5qrB0tzuokxcSCCtMaTBbqV1ELLVuJwAhOeXfUuNYNspxGMALRGrbyZJTlN8nR90/GE3B9E8co+iLL7EAisaMZSYBgHunIWECT0k5MCGjlFaDsmgHOUYFgAyhDHjhdJwMpmV2Nhe7KIYlk4yNxcNuFYQU4ABI3XYIQBkjdG59sKzRGODmkAcoTn5B24RJAcbKO7LjvsmKGS5y2gJnajtsmIkvlUWeYYx3VmS2Q+R2BsQq2acu2amVdU4eRvflBhDnHUeEZlnYPaHOdkqRGOCuRtAA2RWhALbyPaupMGcpOw1pyeVaeA8jC4+qY4pPOShu5CNRbFSlkSc0DKTckZRAMnCKMM9lJHQAQNkRkerkJNbuCjABqPbhkbwcYzJ4RtOAhlwaMuOyjTVhJLI+AmcYI7EiS+YN4I2UaSrJ2wganu5KcyMF26qKJ8rOl7icoscbn9sp2iNoBOPfdQKu/01GSKdxdIO4QuSiW7ors05a3uFHmwMbo73tDTv2UF7snle8XB8FjHIsZXMBdSRBHMBIgYXUkUY5DI+k6sYRxwlgJ2CmqOeyN4OIgHdcARABhWLcxALp3SSUKB6VGq6psDC52x7I8kojGSMqsInrKjcDT2HolWcjYr2+gdJSOkkNZUj6jloKsQDkbLoYRgE8bBEwCArjHBUp5WEdHC6uLqYUOSSSUIJJJJQgkkkkRBqSSSCZQlHrJmQxEuP2UhUtxqhK8tzs3YLPdNRiNqi3Ijuf4jy7jKNGo7d+FIaC38lib3cmp88EWvqDGPCY7BI3VS/J7o9TIXyOJPdRw72WebH1x2nEkkkMOzUJCRUJNDEkkkoQKujlcSUYEp7Qo4XUIZRycRqFdjEwDdc1blGjYSQccqEfCHNZgZxuF3f1Rg1rWYUd3dVkVnIpCMcqJLzyivdk8oT9yMJEp84HQ4CQtB7IxwAmQD1Tnq0/YE36ONBLsokzvKMFdjbsThBkJzyrk8cCxmcvG6eCAMoKcMgYyl55yNisiLxuFLt1Nv4zh22UNzC4ggK8p49EDGY3/6pdr4wdnxunUrFJl103a5LhVamg6WkDhep4bTQMj2bpbuqHo63NpKFsrmYcRlT7vU6W+FnzO3WGT5yfRNHSqK0/bKermM1Q7fIyi08OSCQosTXPkAxvnlWUbdIws03k1xywgAaFBk8SpqfCHHspNQ4tG3oiWmnDz47hwUBpj2XlMwUlK2NoHCHEPDzK7cuJI+ybO8gAJQgnS3BPblLsbRupXpFpaomvPjuHHCti7ZAgjbHE1rGgbDhcq5xBEXpPZ0IcIq77UsfinyMjdUkVO6Z4YBkkrtRI98zpHHJcf2Vj05Tieua8jZiGb4JD75pGvttK2lpY42txhoylV1AY3cbnhSQQG4wq+pcHS49FhukdiuGFgGxpcc45R6WNrpm6zsCmxYxsE7xGsaXu2wsTYxir6gVFRoYfJHsECkgdUXOLQNojqcf9E2kgkk8WY8Ak49lZWSF+mWdw2e7b7IX0Nh2WUpHPChPBleGjckqRVuAbjPIQ7a3MuvGcLHYss2x6LdhbTQNAG2N1geqLo6eeRjXcZAW0ulT4VC9zRjYry6ondPW4zsSd1dUXk5PkrsLYhjcQQGR31EZJUS2RPra5ukbZT7rMGtEDSM91bdI0To4Za6RuzvK1Osltg0ciqErr4wXRdVeGhsQ2AACkWKg+drWhw8kfmPv7KK9rp5CVrenaAUdGJHjzyHUT7Lh6ibXB6zS1tzX6J1xeKen8OPILxpA7gK36WtopKX5mQed4w3291m53S3K6xU0JOS8fkFuSRTRNjxs0YWCyWDsReSg6gqnuf8rE4ZeN+6p7475alo7VG/zg+LJj09FYVU0clzdISD4Y1KgqZnVNVJUScuJA9gkvkk5eh9O3W8ADhW1HTOe8NaP/RQaFhDPELduyu6JhjZ42OQVEAl7I94rNEfgNIAA3VTQQumn8Vw8o3+6VZM6ed2+2VZUUDWRtaNiUbYUFllzbIA3TMFbtOQMqDRRlsbWkcKa7Zo9lmnLJqSSRyQknJK85+IV1E9Qy2wvO3meAtxdrjHbqOWrl2bEwu55Xj/AMy+61Ete/OZXEj2CbVDPJh1VmPsRKpoQIwGjstP0tbxJP8AMFurT2Ko6CLxXthA55XpFjtzaeCNoaAcZJR2NJYApj7NDZqMFwle3Zqh9W3YRRGlieNRGMZVxSjwaQvJ4yV57dal1ZWyPJzvgLHKXOTWui+6Eo2z1D6tzclgwD7r0Kn2cCRlUPS1vbb7bG0sw+QaiVoqZhA1EfZYNXLLyCSQcjKL3QkQcrnOWRjCDhJIcJISgySSSMg5JJJQgkkklCCSSSQADUkklCCSSSUIJJJJQg4kY5Qjylk+qErSyQSYnoZIxhEQ7kYO6F33Oy6eVBulYygt01TJw0I61ljI9GB+Il3M1X8rDLmOPbHv6rzupc6V+huSSMYVxe6t9XM+cn6iSFDsFMLjfKKjcDiWUNOPRdSv7I5FSeWeydH2/wDhXTFFSkASPb4jgO2VdM43TWxhgaxvDRpCc3ZY7XmeRi+0KmJJxIxhKcsDRZCWR6oWTk7ruT6qgsnEkkshGWOd9Jx6Lz/rm4CWqitzMnSNT8f5LezyiJpJIGxK8vc+a79QSztblgk0hPgCjQ2GkbFSg6MFwCPcCI4tWVLgY2GMNxg91UXCp1z6B9LdlurRYGLLvMTuSpQ8oQY2YII7Iz/MAtVeclPoHNL4MLpcZ074XhN7uLrncay7OflpcRGD6Beo/EO7OtlgkbDJplnPhtxzv6LxyeIx08FDqzJJgkeg917Pwmm5U2eN8/rFCGxFvYKYtgdUSDzynVn2QrlUGWTQ07DsrPSKWh0MwHBgCpADJLvuSV7BfasniYL5pqJo+mqMDFQ9n2WqY3BBVZaqYQQsBbsB+pVq12ey4+plunk9p42tV14JLGgNKi1E2fsj6hoJPoqurmDThIjHJ0LpYiV9dOA1xyq+DW94Ge67O5736RncqTQxkSYA4TEsdHNlyyypGhg1acIss22lJoDQduFBq6jQSFsog5PCMWst+OpmL+JHUL6C3Op4naZJSWN9l5AzU9+TuTyrzre9Put/njDyYqc6GjPdVFKBnOM4XufHU7ILJ+a/qvyP87XSWfx4Lez0xmkEYGV6ja6VlutzfL5iFjukra2WQSY9O621e8R0rsbYGF3a1hHgdRZulgoqxxknLiQQfRdjZnACGjwg7ZVzlhFUj5XCmgdLwG7ry++17q6vklc7IBIWu60u7qKjdAx2HO2BXnDZSTqJyuF5G/K2n0D6co2t2P2hzxnjZBqG64yD24UgbIU41NXBWWewUSgr25GpU0jdyM8K+uPdUb/rKhydXHEwTBgo2nCawgHCK/GBhQzxWQJ4P2TaMfzR+aceD9k2j3mH5pcjTVjfH/Jsejh/7wZ7levkbNbngLyPo8YuMZP9Q/zXr4Gd/YLLM+meG/2jjeysofoB9lCY3ON1ZxsHy533wkYPQRXBgL40vuJVbcYgKYbdldXCMPuTtW6g3Fn8nACLByb4ZUihoYR4+S3t6ptSMndToItOduyi1Y32WiBxra8QZFaz34VLf2BvmA3IyVesGCq69xNdEdQ4C1VdnA8is0NGTZvldck3krrgVvjyjwL7H04yFIQqTgqRgkIoMTNkaZnBHKGIyN8o8rDqCRYNKTOOXwWmRu5B2VrbqrGmF36qrkG6UdUY36g3j3WWyOTdp75UyTialkvhPDgMrV0EvjU7STusNRVHjMaSd1o7NW+FUBjvpcMfmss4nvfHamvKeeybcaUPOcYIVLPFpzthaush8T+Y3BaQqeppcDgLNKB2LIqSyijGWu4Uummc3GEyWHQcpReVwJ7JL4ExzFmstEniRFjnDGOFFu1JJRTtnbs1xwVDoal0TtidwtNPE260DWYAk08+qtSyakt8cGbroW1lJqbgkBUtE98LzGeMq3gkdSzOppgeS3dQLjT+BMXgeV24RxXJlsWzkk4Ejc9kyWMOHKbQzNki0Z3aiEYRTWMYDi98UyFKzQRgJh2UiTzEZb+6b4eO6SDJYDW6umgmaGHA9FpMtniDu5WTj8rwVfWusGnS4q49ja5egVfRZBGOyy1yozE4kN5K9BlpvGZrDeyz91t5dnyhNXInV0b4ZMaGlpwU9j8LtaxzJizGMIcYIIzymI4MoODwTIzny+qFMwtIICLFuEVwDm7p8JYJKO5YBU1dNCcNUogCZlRC4DPmHsVBMek7DZFY5wxgbD3XRovxwcbWeP8AkT2ezW2LqCWklDJH5afflbimnirI2yROGCvJGP8AEA2wRwr6x9RS294jlJLc4/Jdmm4+e+S8fKuTaR6Ro2ymFqdQTw1sIkjfnPb0Rnx4wtSkpHBknF4ZCdGTjdN0Ed1L0BDc1XgIhObjCjyxg8jKsHRk4yo74+xSZrIcZZMl1LYo66nL2x+YDO3K88eJ7fUbE4B3XslUwAElYbqqytMXzVOzfO4AWC6vJ2vH62VWISZXUdW2dge0/cKfDKXYblZujmNONDhg5VzBMCAVzLINM+keM1ytiotlk+IOb6/mq+opuNlPhdnAPdSJoA9o0tWVo7u1SXBm3tdC4EDGFNpKokhpRqmkychoUQMMR4S08EjDY8lxHh7c7Ljm4UOmqAMAqeMObnKauRvYAAZKT26hunuB1ZT4w0geqANRyV0sOD9P7oD4yRwrWSIOHCiyQ4H0/ugJKOCvcwjtsptlvUttqAC4+GTuChPbnsok0ZJy3lJl/YkJyrkpI9OD46iBszMEPbnlVtXTA5wqTpu/ln+6VJ22DTlawRCVocP1TYz4O3XJaiK/ZnXxPhdkNXHRtnaWvCuKqlBH07qrdE5j+MKxFtP7KrQYZHMI4UmCTA37qRUUrZmam7OH7qEA5jtLhghHCWDHOrBJkYyZhY9oIKyd2tzqWcviadPOFqo3g7HZKso4548FvKfGZzdTpY29mKjmzjIVpRy4wA1RrnbjROErTlrjj7LlDMMtHrlaa7MHAtq+OWDQR6ahml4CE10tDLydJTIHloDuymvY2rp9LD5h+y31XYEzrySWvbI0Padikq6nnfROEM7djsCrIHIyAt9dm7hmV1ZGuiDmkE8qqr7SySIgN9891cJpaDtlSSyInV+zDyQyU0hjkH5+qS0tytjKmMuYN1mZYZaaUxyA+x9UprBlnBxHcLhja7ZPb5gEXSRj3QtZFlXU0xzloUYEgkEK8MQcDtyoMtEWnUBys9leOgsZIa4WghPLCDglcZ9QSGikAc1zDwmqaWt0HbsojmlpSWghqlUNwmoJRJEfu3sQo4OUiMpkJOIMoKXZuLPf6a4fyjlsgHB7qfVwRzswRg9iF53C98MgkjcQ4bghaO19QSuc2GpcDnYFa6789nPu00lzEmvifE4scOOCmqbI5swHCiPic1xIHKejOpPOGdbK5ucHCNTVes6ZHKG8E8HCaGY7q8lShkumFrhqachHgOs4JwqNlTJE4YO3dWDKyEgEv37olLPYmUWy3YzuFJpXvhflp+49VEts7Jn+FnPor+CxyVABiOM7+qfWYrcR7AmaN487sKGXOhk1xEg85BwpdVbqmnJbKwkeoCivGDjCdnIiLRe2jqMPcKWva1zCMBzgplXYqWsBnpXAO5y07hY14zhTrZe622nyPL2+hRrgCyvJv+nOvaqyuitF7aXQt8jJNO4HuvTqGogrYW1FPI18bxlpBXj9uuVm6kZ8tWs8KTHOw/dTbfJeekK/5iidJUUJ+thORj1Hunwnjs5Wo06k8R7PW3MzhLw24wq+wdT2zqGBslJIA/G7CdwfRW+n3TlhnNdc4fkiDJRA47qHNRSRb4yPZXWn3THtyiCzxkzz4y077Jun3V3JRxvBy3BUOSkcD9KmSfJyQNPulp91IfGW8ppbjkqdjFNAsDvuq25WWKsGuHTFJ6gYyrjw/dLw/dBkYrMGOfFUW9wiq2bHYP7LuA4ghaqSnjnbolY14PYhV1R0+GZlpH4P9BOyocrMlSyHHuiCFpGkjIPKkNhlYAJI8FEFOcA8KnFMJyMZfuiYqhpmoHBkvOD3WMqaOutryyqp3MA/FjYr2YU4djthBrLPT10fhVEbXtPqOEidKxmJqp1bhHbLk8b8YSbpT0sVXGWOGD2Wrv3QNRSOM9s8w50rMBkkMhjmYWOacEO2WOVck+UdKm6M47olS+11EH4chRpoY5WGORv5+i0msEAFQ57fHO4vYdLu/olTrwaq7pLsylRaqiH+ZREuPcZwmU9cSfDnwHDY59VoKiknpTk/T2IVfVW6lq3+I5mlx5x3SHBmqFu7gF5XjylQqugfIC4YXR8xbZCx7HPj7OHopkdXBUDkApckOUvZSsZU0zyWtU2lv1TE4Nk+kbKXPEHDYA7KumpRnYIW5xeYluMbPyRpaWtpapoHiAP9ypgYMZwsK5z4XtLc5+6taDqGWBwbMCWn81phqE1iQi2hx5iX74T2GVxvis+lzh9ii09VS1gBilbqPYnCkikc1oIAKdGCn0ZfklWyVbOprlQYjleZox2dytNSdQ2+tABIY88g7LFvpy0/T+6G5ukZBwqdeTo6fyc6uz0bRFM3LSHAqBVWmlkdl8Lcn2WQpLxX0DxolLm+jitBSdVU1SGsqBpf7rPOk7On8pCfZDqunWiUmnJZnf2UM09dQSam5Ho5q1jZYphmN4ORnlDlia8Yc3IKxWaXJ3NNr16Y2xdeXW3FrJ3GWMch263lr6qtV2aB4gikPOV5xNa4icsABKjxfMUVRqZsWn9Vhu0rTPU6T6gnCKhN5R7LHLURYkifrZ6A5U2C4Mk8sg0lec2jrB8WlkpI+/C1NLeKKtZ9Ya4+iyuqR6rReQhKO6mfH6ZpWuDgcDOe6E5gwdwFUNq6qA6oJA5p/NSYLpG7y1Hkd6jukyWTsValTWJIdVUEdY0xybHse4WXu/S03mexocD3C2DZmvyG74GeVwS520qsuLF2013HmBhr7a/ylwA7KwpL9nEdQN+62FztlLWDS6MNJHIWOuvTM9KTJTjWD6cpqsOXfppQ/FFiySCUB7HAj2Kc9hwMArK+JUQHS/U3CnUvUEgAilcdtslMSTRl3Sj2XLiRjbK5phkAD49/UIcFfBOAXOAKkBsLxnn0QOOQ1e49kWS27+NTzPa8bjDkejvV0tu1aDUxe31BckNQw/yBkehQjVQs8tS0g98jlDKODRDVN/2L+hvtvr8eFMGuPLXHBCsPq3AWP/hlrq8SwudFLyHNOEWC6XSzHTM01EHY8kBJcTXDUP8Aq6NPIMqsrrJR1gLtAZJ/U0YKPRXygr2jRKGP/pdsVMIOM42PdXg1xshP8WZEG82ObVHEamHuM7gK1t3UtvrHCOTMMndr9iCrN0bXZB49FUXGyUVV5tGh5/E3Ype0trHJcuayRucBzSoFfZaKvi8KSBmPsqBovlkfqhlNRCOATk4VnSdVUs2I6hhjk752QOOeAZpT7Mpe/hpHMHvpR7gLMQnrfoepE9FJOyNh2AJIXs7KynlYHNkGD7pk9PSVjTHK1rgezkmVeHwIlRH+koelv7RFdCY6fqqg1tA0+ICvVenfiL0tf42vpLgyMvH0OI/QheRXL4e2qrc5zWaNX6BZGv6Gu1hmNVb5DIxpyPCduPyUlUmLdThyfQ/VPw26U6zp3Ono4fEeNpogMrwfrD+zz1HaXST9Ph1YwbtYOcLth+KvVPT0gifO4sZsWyZXq3Tfxvsl2gDLnG2KUbEg7FA6MmeVddnB8rVlHc7TUOpLrQy08rDgh7SELUHr7MuVl6K68oi2qgp6hsg82CA79V5B1b/ZubCZKrpOsETfqEUz8AfmstmlMl+llHmKPD9xuOyfS3GemlzK7Uw7fZWd76T6l6endDcrVKzT/wAQbsPuD3VM5gx5iBnlZLNOzFtlUzVW/qCB7QyQ7dj6K1bMHgEcHusAI9I1sOPspNFe6yidp1lzR2JyskqDVXqMfkzcteRv6IjKpwO4VJQ36lqgGuOlysmnxAHBZ5VNG2N0X0WMdae6NqbNjVjKrG+U5T/miMbcJOxj3PjkbXWxwaZ6c5HJaq7xXQOzIMK3bW7EFDkhgqRgs/JMTwLeHyAp7jG4BrXBS2zax91W1tqkgZ40AxjsFDp62emkHjElhH6I44aygXL0W80bTxuoUscrDqiCLFXQyP0h3KM8ANyEcX6AfIGlvM1NiOcHHqryluUdSwaDk91nJtH0vjGCorddK/XTyuGfQo12LUmng27ZNXZNmYHc8rO0fUEkZDKluR/UFbsrYqpgdC7PqMpq6C7OSxdlEloYZd3xMP3aFPJym4x3RRk49CrK1PsyV16Lt1YHPjiEUju7dgs1X9ATsjBp5NRzvleoSNYRwo0kY7DutNestr9nLu8Vprs74ni9b07daJxHyzngdwFCfTVUQzLA5o+y9wdTteCHsBHuFAqbRQzAh1Mz9At1Xk/Uzian6bqk81vB40TlOO4XpVV0baZzkRFh9iqer6ABJNPVkA8AhbIa6qRx9R9PamtbocmMB9SkT6FXlX0TdYjqgcJAFWT2a6UrSZqZxbnloynQ1VT9nMn4/U1fnAjPLjgh36FEpLhU0UniRSv/AFQSx4JyD+YTfZO3RlygVGdfrBoqTqwbMqqdvu/GT+auqS+W2qaBFVtY88ArBpjQ4OzGcFLkkzVVqbInpbamtDv5EgeB2ypLbxWxEeOwgD3Xm0dVdaRwqIZnjHvnKlxdVXGF+ahviNPIKTKmL7R0atdKP5M9Jg6igOGvG/3VhHc45APDed/dea0/UdHO7S9piPYnhH+auUp1UUrZGjjBWKzTVv0dHT+Qf9LPUKetfyHn9VOhu1QBpG+F5TDWdURn+7JA9Cp0PUV5piPmGELFbo6/0dWnyk4/kepxXJ/MikR3Smdtq39F5lS9cx4xOHOP3V1T9Q2ydgkEoBPIKyz0NbOpT5j+5um1cbtwQiCRjxs4BY6G7xSuLYpQdKsIq52kEOz9lls0SX4nTo8vH+pmgxnfVskQR+LCpWXKcEeZSGXNhwJH5Kyz0s49I6tXkq5otW9108KHDWwPOA7GUZ8rHcH90j4ZrtGmOprl0x2rzY7J4Iwo2fdE+xx+aXskh8bFLoInIGsA4Ty/CBRkhiYRPwPRA8Ydgn+L6NVbWH8iXY4sBGDuhvpKd4w6Fh/8IT/E9l0PHdRJ+gJSjIgT2a3uOTTs/RAPTdvf9Icz/lKt+e6QGFW2T7BddcvRUHpx8e9Pcqhp93lIW/qCmINNdXOHuSrrIT4xkocf2GKlLptFSys6sp8aXMmxzlSHdUdRU7R4lqLsckNVq1mBkd/dNLXn+oK+f0XGqUXlSZAb14WACostU13ctbsjs+IVqcQ2WmqIz7tRjFnluf8Awrgt9JJtLTsP/hCra2NzZH2Hh6ysM4GqqEfs/ZHdfen5XAsuUZOPVVUths8p3pWZ9wFHk6Us0g/uMZ/p2U2r2Fvu9GgbV26YDwaqN3/iTonRnGkg+4KzP+xtOwkxGoaPZ5XG9KVDT/KudVHj0kKrYVvtXLiaoxDkA/oh6SOxWcHTVzBwy+Vee2ZEUdN9TNGpt7H5v3V7Ale0ui/w/wBHITmY3VILR1U04/i0Z+5XTZ+qMAm6RfqrVeQf5WPRc7/0Jb/0ql/hfU42NxiS/h/UA+q6Rj8lfwN+yv5ePRdaPZELQ0btKz/yd5Bw68M908UNw5ddsj3OVf8AEb9l/wA1/wDKy414PCeJG8YCpPlDjz3OXPsmiigJ81fMfzV/x0T+b/Yuy+MDJcAAmiqp+0gVWygogcmomcR6uKeY6CEanvGP8SKOl3AS1mSx+bpzxIE0VkZOACfsFXvvlhoxiWelzj7lQZuu7BS5LHh/sAp/Dm+gHroL8pGhFQHfTDJ+YXS18mDjH3WMrfiZSluKODJHCpaj4g3ifeEiMdtk+vQWCLfK1R65PTmxaTh5A/NRqu52Wi2rK0NPcYXkNVfLrXF3zVZI8O5GrZRS5xGC4kfdaY6Fr8jHZ5mPpHqVb1v07RM8SmDqiT0wqas+JsjmD5CijjkHDi0ZWESwOVqhpa4+jFZ5O238eC8rurL5XEvkrHjV2B2VPLPPM4ullc4n1KQOEvyWj4IJfaZZ32T7ZzSB2SAASSRxrwJcv2dyeMri5qC4940o1U2BKSQtXuuGQY5USSYZOCgGoccjdMjDBnsu29B56nfyjOFDmqXuGE4EkklMc33TlWuzFPUyk8MAXPcclGZ9ISDGjsnAZV4wBnPJxEG6QjyiCPBzhEEkxNiyuhmDnKJrDW4whOcTkIdrDXQUYHddUYEl2clHDtuFW1lnE5rCDkhNJA5XfFDhj/RNSyEGJGPf7oHiuzxsuEOO6NG0OdgBVgalkcyJ8pAAVlTU2kAkdkSkphHGC5oypjQ0cDCPZxkfGOOSMG4GwSRXADKjk8qhspbRPcAN1FklAG2P1XZpQAR7KtmqAAcf5ozJZaFnqBySFV1NVklo7rlTUOLsBCjjdq1OChiss3HfCdIQ52EZrQ0YCe0DHHCcOUQlyw8nQDlPHCcNIbuhOcAoWnwGYQAcoMkgd3ATHzZ2CE1pyCc/qmwhnkvPofvnfuiiMuXAwkDIRmp6iiYGsaO6cBjuukgJj5mtGOUPRTkkFyG8kIFRWaT5EKSQuQQxxdklDJ7uBM55Hmpmldudk6Nu66xjWgk9kOWtggbnxBlVF4QiU8Pkk4axuXcKLUXKCMYa/wAyq6u8vflsbgQqp85lO/dC7E+BcrsE6vulQ92GS+UqFkO8zjuUIklcyUpybESucj0qd57HKDvndIEk7lFGnC+idnyEaOF1JJEQSSS60HKNLITeBydgJAHCemipSycwF1JJQAYuE4GURR6kgggFQMFMfE8oKUcQZuO6UTDnJRtPugDOJ6bp905Hgg5JJJQgkkklMEEkkkoQSSSSIgk1OQ3vawanHZLk8LLLisvBEuVUYISGuA9VnwXPdlxUm41QqJi1hOkFCaPQLm2vfLJtrht5Dwgjcp9VMIoCQME7BcjyOyh3GY+JoxsAlSe1Bx/LBXPLi7c8pieTk5TErOTVjA5JJJCECRUJFTRokkklCnyJdAOUgO6JgYGypoS45EAkeF1cPCgQzGXKVEMAIUTfNkjhSWjAG2FAXwNeSOO6DKRjlGk+lQ5CfVBKW1Eisg3cldj5yUMnJRot0tLIzoM0gA4CYHZck5+kHZcj2P3RMAO1+GkY7IGckp7/ALoWr2VMg5JJdAyUpvBo08d08BIANbchaiwUIrK6FkgJaCCQqO3UzXSBzhk9gt/0paphN84GjS043WacsnsPF6TM0zXsayjpg1oAwFnblVOfPqznP7K3u1RoiDQceqzwJmm1Z2CS+j1/6iiTSA5yRurNuNIPqolPHsNkWV/n0Dss1mB0ftQ2fL5A0b9lbQMbFBG1rcbbqso4i+Yyu+lW2MsyOAlmqqORP82Cp9sg8STPZqrG5c4ALSW+mEFO3+p25KVY0bqoYeSS0dlTXqt0HwAcq3ke2GN0jjsBlZGsn8ed0gzg8JbNMntAySYIGnOVtOnLcKWlbM9vnf5lkLdTyV1xhjjbwd16NHGIo2sHYYWe58GjSQzLcMmeWEDjKhlpJ1Hui1ZPiAZ4XGvyBssE5ZfJ1ujjOUGskwzwx3RnFrc5KjRxmorGgOOGDJ/6JQDfJN0iC3gsHmfsraijENHHHpAOMqtqSXyxU7W75yQrWocI6UYHZKlLBppXOSsqJnF5JOd1ZWyNogzjkqqaRLUNae53V7pZHGA0YGEjtmttJZM/1lc/lqXwGOwXbLCxABvjvO/b7K06vuTKiqFOzJIKpZZ8QeFjCdGJ5fWXfLYyK2KWurmwt3dI7H5LdtYykpWUzMAMaB+fqs10vSNkrHyEZdG3ZaSTU6TCRfLEtpq0VbS3e2SrXSyVErI2jJe7H5La1jPlKXy4GG4VZ0zQta7xngeVuy51PWS6hBGeRhcHVS3WcHq9LDbBNlh0ZbzWVslylZ/LjyAfUrRXGdjA45wMFA6To5aCyxsm+p/n/VV3U9UY4i0fiKxzWTbHgz81RgzSMODKdLfXHqo8TS84yu/3vnHAH6KRSR53AVqPsTN5LGkjMuiJg9lPu07KSDwIz5y3CVqjayMy48wBwqu61JqaonbDRhU+CEamYHzt1b75V9Rw+JKDjyt3VVbockyuG3ZaG2xEt18BDKWA12WUQDRkBNMxB0kIow1qhVtTFBC+aR2nQMj3SUtzG/JsjkxPxLvTXeDZIHed/nkwe3os3RwCNjYwMYChVNVJdb3U1UuXYecHPZW9ujL5Gj14W3btikc5P5ZuTNB03bGySCV7STlei26n06dsALP9N2t0MQc5uQ45HstbC0RtH6rHdLk2Vx2lf1VcTSW4QxHS6U4HZZ7pigNwusbZBlkfnd7oXUlwdcLnoa7yReUBaToa1yxtfXv2ZwB6lZrPtQ01ukh7Q0bBWsQxG0eyhQRl5DiFOb9IXKvn6ADAYXRykkOUgMIOF1cHC6oQekkkoQSSSShBJJJKEEkkkoQSYknoABiSSShBJJJKEHEjHKAeSlk+pTM5RJYIIoRJ4RCQhnlR8liWH+Il30sZa4X4cfO/Hotu46Wl3oMrx7qe4m43ieYbsafDH5FbdPHLLbwZ+teA3TlXvwvp2zdTNkIBMcZLcjg+qzVYHF2Vv/hHSxh1ZVuYC8ta1p9MZz/mFvtSjUwISyz0rSOwTPxJ44TPxLlyeUaJLCHnhCeTwikhBfylrss6ujlcSREHgjRjKAScpy7sW7nCYlkMper66Kiss0pOJOGrIdJ0z3SGo7EZKsfiFVxnwLdGdT5DkIlgpXU8ALhjbC01rDKLGd5jaTlUjyXznG+6s7nOPDIHKhU8Y1BxHZb4IgVoIGCiJwbsg1lRHR0z53nZq36av5JYEamXxw3HlnxMrmXLqWnt8D8Q0wbJpz335WRt7DV9Rz1Egy2DkZ2+yJHWy1punUUoy+XJjyeAOE7p2IwUZllbmSd2tx9V9F8XRsqTPmXl9Q7ZuJYXOchmG4GoodigbLWa3DOjcAoFxlGQzvyrjp2Bgh8THmJ5XTvlsg0YvG0udqkaSnwBgdlKagQDupbTgEriz5Z7emCihksuGnsqK5TEcKzrJMAhUVW/U/BRwKvniOAMf8yQDCtLdEA92VDpICXj3VtHDoAxt6o49mBvCCPaGtIBwsf1pdIbVa5Zyf5mCGnK1VQ7Tydl4v8AFu+tkrKeyUr8uflxcDt67/lldjxtLnYjyH1X5H+BoZzT9YMMXOlkfM85dK4uJ+6tLZRulOwVbFGdTWkgnjZa/pugPjgubsMZ3XvNPTtWD8yaq7PJs+mqAUtG17mYcRldu9SXvEDHbN591axRsgpNR2DW5Wce4ySOdyXHK2OOEcly3SORt8ykB7WNydsIcJx2UHqGq+Utz3juCEq6W0fpo7ngwPVtyNbcJMSamMy0KggyTkpwlMoe4jOXk/umRuOrGF5TWWOVjR9Q8NWq6UiU7YLkm4XCcgFOe30XPTwz0USiuIyCqKTklaG4xuw72VBIDkjvlGjka2OJ5A5IcpAOQo34lIZ9IUMMDh4Q6UiKo0u7lFAycIOkipH5IJGmDxJM2vTG1xgx/UF6+OG/ZeP9MkC4QZ/qC9gHDfsskz6Z4R5pDQqfGfIR7KBApzPp/JIbwekr5RkK1ubk/wC5UKvYQ1WFWD/E3/coNwizBnCtSyc2a+1lNHGCTjjCg1jQJMeitoI/KSR2VdWM/ncd05HK1MfsILGedzvVVl8diJwA7K7YwCZ49Aqq+w5idkdltpPN66GaJGObynuATG8/mU9/C6Eej52+GEo+QpZA2KhU2z8qxjGWBWkZp+iPM3GNsoZUuQDZC0Eqn0RMhyN25wgPZk8qbIwjZR3tJWaaGxb7DUE5ikGTsr6CfOmRqy7GkHlXFBONIicVmlHJ3PG6vbLZM39oqfmaYtcc4Cc+l8TbhUtjrBBLoJwOCtMA0gFvBWeyJ9E0tsbq1gzVbAI5CMdlB8JwOcLU1dJHPGQRvyD6FUc1Lp2xusU1gZOsHA8sc3fK01nuPnDCQAB3WUIMT2nH5ZVlS1IbjAwR3S+gqXh4Za9VW7dtfA3AO6ppmirpM8uatpD4d3tggcRqxt91j6iJ1rqzBIPKSQtNZV1XbKeBzqeo82wOxVsYsDOVGutMMCaMc75CLQVHjQtDj5mbFXKOTPD7XtOGPHIUeWPjAVhLHgcZUcxnulSbiNlHHRDDC05RIahzCMDhPc1MDdOyBAJ4NVbK6KoptIHmbsU6ppGz/hVFbKk01Rq5DhghaeKWOojGNk0enuWGYG8WwsmcWtKpHgxvxhekXK2iXPlG6wt2pDDORjG+yNcHM1ml2regEZ2RgMkFRWbHCkxcN/NNRz4LgT2A7lcjO+MI2MpjGEEhPjJxKsh+hxaW4ICex5k9iEhjTjC5pLHAgbLfp9S00mcTyXjFqY74rk0nT9+loZWRyyHT6r0akroa2FssRB23HovGtWQFoOnuoJqCVsUr8s43XZhZk+a+Q8fKmT3LlHpGMJhGMbptJVRVsTZI3cqV4YA2C1p5RxpS2kZ7BhQpo9XbCtCwHlRZI/QK3HJIzyU88ZwfsquaIO2c3UO4V/PDjP2VXUR4PCzXVpmqqWTzvqOxzUUxqoG6onEkY7eyh0NSCR+hC3lfC2phdA9uzhz6LAV9DJbqtzeBn05XNuqweo8Xr3Q0XtNK04GRv7q2hwW51ZWapJNg7KvLbO17vDJxtkLm2Rw+D6VoNZDUJYCTwh+4blVtTBgZ0rQiIEcZUaqpMjAACzNHWlBYyjN5cx2ym01UThrl2pptByG4UTGkhUpYZnw4suW6ZG5xlDxpOEOjmGMFSizO+FaeR0Xk6NxkhBczI4RXDGAnaQeBhRlqOStmg5wFCfER2Vy+IuGQFDmhHphLksgSiVrG6HEg4Ws6bvUjx8tORhuwKzE0JJwFyGd9M7LTgpT+1mjT2uqR6VIwPGexUCqpmkbD80GxXY1dOGTOGWjZWb49YBCYnk6W9WlJKx0ZxjlRqmAPbq4cFcTU+dy1RXwngNRIG2nKKdodGd1KZLqw0pVNOcggdlGGqN2CEyLObbXgfXUENVD4T27Hg+6x1fQyUkjhEXADstuyQEAFR7hbYqpuQMOPdOUsHL1OkUluRlrVVzGTwpHZGO6vIHOY/LXLOV1FPb5iNwM7EKyttYaiLDz5m7H3Wqu3HByJV44ZdysZUw6XgE9sdkClqXwP+XqCcA4a4pU8xZt6I1RBHWR4Iw4cFb6rsCJU55Jnh4GQM5QwxzTghRKC4Pif8pUHOk4BPKvHRRuYNhuMrdG3IiVeSuczLSqyuoWVEZa5gHofRXj49OdlFfHvjT+6trcInTu4RiXNfTTeFKMeh9VYRtErRsrO52ttRGXtG6pIJJKOXw5skcZSmjBbTKuWGSHRnIBGF2Wn1MGG7qU1rJWBzd9spEE7Y4VbckjEoKyge0504CgvbpJJWpnp/FB23VPV26cEkM5KTZWC47SubL2xyutjDwfdN8MtJBT43Y7cLLKIOSPNEY3HA2XB5wFNLRIMYUWWEx8d0HRSlngbp90mOcxwcDwkCF3I9Vak48oYy4tt004bK7ftlXsc7JmZG+Vis4cHZ4VnSXF8RDc7Baa7fUmc+/T5lugi5nGHbBMBwnQVDKpvOSE2UY43wnZT6EbWlyOAB5TdOg6lxkzBs44yiBwcdkaYDiHpLhLTSagOFtLP1C18LDrJH33CwxDSMFOhllhdrheQtFc9pivo3o9dhniq4g/IdnkFQq6ztmGunIYfTsVlLP1QaZzWVAI7E9lt7dW01ewOilaT6ZTnNM5rqnU+TF1Zkp5jHKwjGyY2UOGRutvcLdBOwtnga7I5wsNeLZNZ3/MU2ZInfU30UcsdDISUnhhqepLX7DBWosHV9Rbj4VaHzwHbBOS37LCQ10VTkxOLXt5aVNp7iI8Coft2CuFuRk9NFrOD1WhitlymNfYrgaWpf5jGHYBP2W8s18qSyOlujGiQDT4jeHFeB0tS6PFTQymOXlrmnhaq0fEaqt+mK8wCVnHiN5/NaI2vo5Wq0k5v7Ue4xObJw4InhH7LOdM9QW690zZqGoDiRlzM7haeN2sAaeFpUso404ThJxkgBjA7pphaVM0ey4W+yvIpldLQR9woE9M5rshuyu3Bzti1J0DXHcKFplDpKWn3VzPQMc3LG4KrnUkzH4LVBql+yH4R9U7Q52xCPscIrY2jlWXvIMlHG4anNycKFJRu5aMBXTmoQZhQtTKYwuZsUtBVs+ma/twhSU2fpGFWBnyFaYgdj3VRd+k7XdG5kYWyH8YAytC6Ej8K4YidsoJQ3Fx1EoP7TyS9dEXW3EyQgTwjgtG+PdZ+PLXaHDBHZe9mm8pBGxWdvfQlsujXSxxthmP4mDH6+qRKk6NOu9TZ5eBHI3S5oI91X1drb9cDcA8hXt66QvdncXNY6WIfibyAoEEpDQHndZZVYOjC9S5gzPz07ozpe39VU1VsacywjS/nZbp9JDVM3G6p660z0zTIGlzc9gs1lRuqvx2zKRzz07gybcepUlr4ZR2yplTSsnYWkYcqySlnpiXNJOEiUHE0ws39D5qJrxlrQq+Wkkj/AA5U+C4tBEcg++VKHhTNy0g59UDimOUpLsoY5J6d+qN5afZXtt6pqIiI6jzDhR6igackDCrpaYNJ2V/JOvop1wtXJ6DSV1JWtDo5G5PZHqKVpaMtAyvNoa2po3ZjeRjtlaS0dXgYjq8kf5LRVqFLiRlu0soLdEt5aRw205UcxEHccK2pqyirWAwyNORxndcqKBz8ubjC0cS5iZd7iRaWsnp8BkhwN91c0t0kcB4p2VG6hlj3BB/NMjrXQksezJCVKK6NVWssp5ybGCoinbkOCUjWOHIWfpLhCRq1Fp4wrCOcyY3yCkToUjs6XycnHMmSDE1p8o5RqWpnp3AxykIDZNt11so1bhZp6ZLg7Gl8w65JpmloOpJYy1s4yOMrRRV1LUsBa9pJXnhcCMZwnU1ZU0zsxyED0ysdmij6PX6T6qe1Qnyj0cSGIaonlpG/KPFdGbCYAH1CxlF1O4ER1LDp9QraKqgnAfHK12exKzT0uD0um8vVdHMGamOogmGQ4Lr4WyDSeCs/HI9u7CRhSKW4TRu/mHU30SJ0NHSr10ZLEglwsFJO3du57rMVXTRE7oxhg7OWybXwyYEhweye9lLUAeI3IQcxKlGu3mLPN6u1V9IDgF7BwWqNHdq2ABjy9oHGQvQKy0VTAZKKQEd2uCpqljJB8vcqFhb38uP3VmW7TtfiVVL1E4MAkw4j0KtYa+huDNMgbnHBG6pK7p+gyX22Z0bvRx2VdNQXSgAlYRJ/yndWkIk5x/I0kttewl9DU4I30kobLtX0n8uvgEkY24VJD1HNG0MlDg4c55VnBc2VAGpzZB3aVbhkpWNrEWSHiguB8Skk8CX0zjdGpr/fbS4Mq2iqgH5kBRpIKOYamAxu9WoLhURN0ioLh7qvjG1Wzg/tNlbrzQ3ZuIHaJAN2O5RKiN7PMRsFh2tOfEb/AC5B+NhwVZ0fVdXR4ZVNE8beSeQEqUcHSq1bfEy5kdqOk7YUSts9LUty5ga4/iAU2K5Wm8Rh1OdH35yk+mqIN43629krBrhZGwzc1qutA0SUNSZMfgccJU/UE0REd0hfTkd8ZCvn1MkeDIxMe2jrRl7WavdA0mE1/wArOQXSKdrQ2qDmnjBU4EFu2MHv6rPVHS0T366aoMOeQ0nChma9Wg6ZMzQjg87K8ANzX5F7X2i3XGLwKqmjezfHl4WTuPw0i801nqHxP5AJVzD1DDpBe7B9DsrWluUFQ0OY8ZPuoJ2xs7PPIqrrHpR5j8SbSD9TckLb9NfGWYCOlvODjbJVnMGTga2sd9xlZ+7dFWW56pPBMUp7x7bpbW4CdM481vJ6QL1ZuoqQRAU88cg3Y8ArG9TfBXpa+NdPQ0raGd248IYZn7LESdJdR2T/AHm03SZwaciMHG337qxtXxT6gsj2099pzNENiS3cIJ1ISoRfFqMZ1J8H+rrBI+akiNZC3szdxHsO6xkjXQSGGrp3RSNOHNc3BH3X07a/iB01fgzwrkxkp/4chwQUa/dHdO9SQn5+hjMhH960AO/VYp6dSFWaSuXNXJ8taG51RuwfYqfR3qsoyA9xc33Xpd++Bj3vc6yVjGAbgSO5Xn906M6ksYca2ic5rSfMBkEfdZrtL+jM6rKn0WFL1JSzYZJ5XHlT2zMkbqY8OB9Fg36dWHsdG73R4quqiaA2U6fusf8AFknyiv5ElxI2rtQ8wdj8l1lSYyDhUFH1E9hEdSzU31VlHdKOd2lrtJ9+EDoGx1KZatqnPbhx5QKimhnYWEAEnII7FR/Ea/6SuiR4IwCUvZgZ8iZBloaildqA1D1CJBXSA6ZTsp7ZyB525XXw0VW3GA1x57KbSpZ7TAGSGoxpdv6IEkGlupAnoZ6dxkiJI9QUxlzkZgTtI9CjwL3JfkELSCQQk2pkpiHRuIPsjfMQTNBB39lHlgcRqbgj2RF70W9Ffw7DJ/1VkKqKoxocsW9rs4byE+KtqYTku2CgLn6NeS/Oc5TlnKe/bhr3K0iuUD24Lhv7qbwdyfROL28HCEWNOwcAgCUOPlKIQQM5RrkptMGYmnt+6E9h5xx7opO+MoTgcHIKagOgRJBXNDHbPjDgeyc4HKblXlroppPsFJbLbMDqoo//AChV1X01Zpz5aYRuGd2q4acZTXDON0yN1kfZnlpap/lFGVd0Vbjn+bJugHoKAn+TKTn1OFrdPuu6cbZTVq7F7MtnjNM/6TFu6Ir4D/KrYiz+knKFL0XXSf8AFiH2C27gD3TS3blG9bYzM/E6Z+jAP6Fqz/xWfopNH0lcqM6qeo0HPqtjpIJTHOc7OARj3RLUyn+QpeMphzBGZkd1NRPMbMv9+yC+pu53rKUPH2C1D3l/KFhXKxSKek/uUAmpsAVFE1h52CQFvk2blpV4Yo3AgsG/soz7ZSv5jwqyiv47XRWva+MN8OpOBnG+Eo7rc4D/ACqokD1yVLks1PIdiRhCkszBjTM4fZDtiHBTiGh6ou7ANT2H8lZQdajwwKin845I7qgfb5WbRkv+6Z8hUAZLQhdSY6N9sejW0/WVHkaw9n2VjB1RQzYxUFufVeeupXgjLN05kT+yTPTJmqrX2x7PUKa9UZw7+Ix/bUpjLvD2qA77OXkXmG+ESGocDvI4fms/8RejdX5W1HrzbrA/ADs/mpLajWAR3XkcVyEW4qn5/wCYqRHfK7I8OseQPdL/AIiNUPMSXZ6sJsnOEQTHHC8uZfriMH5l36o7ep7gzfxnbe6T/D/Roj5dPtnpgfn8K74rt/LhecR9YXBuAXOP5qRF1tUs+prj+ar+Jxk2Q8pCR6AKo9wu/Ng7YWGi65w7+bCSEZnWdDJthwz7qlpWx8PI1/s2hqiBsh/O1DckPCyP+09O45Bd/wCZFbfonkFrzn0yotG/ZcvIp/1Gn/ilW131ZRxe6hozjOFlm3Zx3bg/mu/xp4GDHt65VrRouPkGupGpHUcjdpAAEh1JQt/vHYWTN3jP15TXXGhI3Zv6qLRhf8Qn+zZM6htEmz3lHZcrbIAG1en88Lz+SopXnLXY/JCfUxHh5Qy0SJLydkT0kVFHti4k/wDjRWkSD+VUA5/xLyx8pd9Mjh+aCaqqZ9NRJj0DihWjIvLWez1nwKgnU2Qf+dIxVWNjn/xLyf8Ai1a04FXNkf4ymm+XXGBWS/8AmKv+E2X/AMWh7R6qWVQ3z/8AVJmp/BlP6ryg3+6Z/wC3S/8AmKH/ABm5O5q5D/4irWjZT8tWvR62ZTg/z/1coslVHGf5tZCP/trf+q8qfdKxx3qpc/8AMVFmqXOOXuc7PrunLR8CJ+ZivxPWJb1bYhmSvjz7HKgTdWWmPI+aYV5j459/1Tcg7lFHSrozWeZnLo9BqutaCFuuIeK7sAq2X4g1jvLDSRN9DpyVkElojoq+zNPyNszQz9WXaoz/ADdGf6dlAnulwqAWy1Ty30yojV1M/iwXQt6i2XbHOOR5jk+6DjfOE7kjdPa0YUjWolKTl2IMaBjAXGhwO/CenYCKS2lpZEBhdSSR4yTgSSfrC4XAodv9iZwNTiccJh4QyTnlNUPZW5hTJnsmukGMIbpANkAzDBR7UhdloV0pycKO+dzhjCYZXHIwmK8GaVzfBxziTlcTc54CciUWxc58CSTWtIKKwHbITVEWop8jMFFY3G6dgEDbCWcK3EZFBOBgDCQcO5CWoEEeyBgkql2HnASXBxgoYJJxhOawjBT9AR7eCHY4gQCV1wDRykCGhR5ZdWyW0kym8Cmm32C7A/fdRyMncqdbqKSqkAZwOVAoZkyTBD4uny7Kyp6OGIiTTv6I9PSNgZjSEXThQ2wikjoGBhPO65p90OaUNGOUZYOQhvdQ5ZNA5BylUTt3yeAquqq2kEDdQz3WpI7V1enIBCq5JnPyFyV7pH7HZKNhGHKHOnc28HI2F7suUoMAAA7JjQBsAiIoxyBnPIk4kJqY5+nkq8EYR0mx3UR8rjt2K7IS5wwiRxjIJCZCDYOUdgjJOXBSAwAg+i6xoA9F0hoGdX7J34huWDuAk5wDTuEJzsbZQzk91HLAG5HXzkEgBCOtx3OycG78J4AAyFWULcsDGswMkbrhka0YABx7oVVVxxtIfseyoau5PLtLOCUmUsGedyRb1tyEMeAefRUU1QZXZPdMMj5N3nK4kTmzLbZnoZ3ykkkhi2+xcXnsSSSShZ6Ku5KckvpcY5Pk4kjuku4KNR/ZQ1rd0eNh22SjjzvhGaxoGCjUtoMpZG6WjhdSSRADEhunprjgKFjZnNjZkn9FGGXnUU6cF5XW7DCnYR0ABdSSRxQYkkQDCWn3THEg1JO0+6Wn3U2EGpJ6aRhRxJ/k4kkkltYIJJJJUQSrbzUtZF4TT5iplRIGAb9lmKmY1E73k99lkvs42mmiPsHGDlTYm8HCjRAHGynRAaRsscY57NE57UckIibkDfCpZXl8jnOOclT7nPg+Ew423VWH5JGOEm184GVR3LIxJJJANHJJJIQxJJJJo1iXRylgpAHKpmd5bCAd0YDGwQRwjK0EwSS5kJzPqChYWNoByAjnAamRjYHC5KMhU+Rb5BzEeoUObgp0pOrlCJzhZ7BkVwDaHF+eylx/SgtA2RgRgqt+0JjHokaHg6kbYNUi+QHLByY4PKYOFx253TWq1LJWW+giJECSABlDxhTrbBrd4hGwOEqZ2vH0b8fsu7NQkvjywnJyV6Va6Y0lK3Ue2cLO9N20PeyQt8jBlaKtmMMLnA4AWd8HvNHQqa8lTdq0VExZHxwh0MJc8D91DOZZRpG5OVcUEBLdRCzzlk6NSzLLJYa1jc4AUVjfFmc7sUSrfoZsnW2AkFx/CC5ZmbFzJJEloaxjWNbpx+6nNj00uHc8qCzM0rWtHJU6Z+BoHZC+jZVE7QU7pqhoHA5Wmb6KpssBax05H1bBWcj/AA4nSeiyzeWbKotLJUdQ1Lg1tMw/Ud/sqCYgENUmsqTUVD5icgbBQdPzEsbM/W8N/VRvgtre9prOjaBwa+ve0Yd5WLUOcAColvpm0lJHC0YDWgFOrJtEWpu5WS2WDr6ev44YYCTMkhJSA0jVyE3nSM+Y8j0RJtLIiT2WRrcx85YRFnlI2Ck2mEsPjubycqDHmaoa31Vz5YItIHAQyjgqv7uQtNiWtc4t4GyJc5i0iPtjOErZHqzORjKiV5dJO4k53Waw2VdHKKJ0lSCN8HOVaXGpZTUr5HuADWH/ACUe1RlrDMW/VsFUdZVxhpnQDB1jSB/mUMYtgau7462YaV5qKmSpec6icfZDe0veNJySkNhglSrRSGorGkNyB7o3wjzcIu2aX7NNaaSO224Oe3+ZL5iVMo4XVL843J2Q5w6SWOEDygDYK4tlM0VEcI775XO1VnGT1NGnxtS9F9QD5SiJdtkKupWOul8ijc3UGuDtlYVUrIo3FxAaxqP0LReNNUXWQeRp0t9T9lxZS3PLO3Xwaypb8vBhuBpbsvPOo6mWorREXYaAtnf6zw6dzg/B4AWA81XWumLshmcoIrIc3hD4/wCVSub3UqgY50Q2zkqFNKDsOFe2OlEjBq2xhGLSyT3yR0VCXkbafXus5E41DySNid1O6iqzrFNG4aRyPdDoIA2MFw53SpywHGOSypo2hrW4wPRX1IwCJpaFV2yFr5f5gzjhXflYwNAws9nIzG3kaTnYLEfEa8uorf8AJRHEs50tPoO5Wylk8IF547leN9TXN17v7/N/LiJY30HunUxyZtXbthtXsFbacwwgyeZ7t3H1WtsFEHzxPkbsTt9lnoI3PLY2DfYL0Hpm3ObT+JKOMJtktqwJ0+UsGsoog1jGRjbbZE6hqv4dbHyNd53gtbv+6NQgBokLOOFl+sq6WavZTE4jYzOB3Kwt5Z0I9FPQQOrK2Njnbvdz9165Q0rKOjjpmAYY0A+59VhuibS6oqDXSsHhs2H3XoUfIwseps52osmUjG+CM8oqHGMNwiLlzeXyEgy6Acrg5RNiBshBOjhJJJQg9JJJQgkkklCCSSSUIJJMSUIJJJJQgkNn1BcRNbfVV0AOHCCeSlk8ZTDupjBBPfpQwcrpGe6QGFTeSDclJJcJzsOUUVkbAqOq7gaCy1D2SaHvaWg+i8fkcXN1OO53W3+I9c8Sw2wEgga3+/ssJOcEABdPSxwDPCI0wDuV6t8M6BtP094wGTLITleWBushufq2XuHTlI6hstPSloAawbD17puqliG0XVHLJ6EiucAdyhLmdGhD8lcTUkJYxJJJEGPXcDG/C4o9yldT0E0reWtP+SZHspnn14kir+qCWjLIjoB7ZytFGPDbsFm7A1tTVvnkGXayVpZBhhW6C4IV9U50km52KJANIGyA/wA0qlM2aFsgslhDsMrFfFG+OtvTErGO0uncI8jkAnG36raEgDdeSfFaqZc7/bLPHJiJo1y++OP8iu34yndM5PltQqqGjG3Boo7HSW9jtpHNL8c4zwrmANip2BowA0Krr43T3ttMQDFA0HCsZ5wxoAG3ZfR9CttSPlmtucrWRCDNU+bcErZWeBkcLNIwAsvb4vGlBAzutpRxeHC1uN8Jeqll4O54en7NzJrQNiiyEEJkXBQ6l5DQsG3ng9DnaiuuFQGh5z7BUwLpH6ieVKuDiX87IMAy4bKGS6zJOpGEEEqxAwMKJTN0gHClHzZCbX2ZZ2bFkh3iphpKKSpmfgMafz2XzRcqx116hrbg86m6y2P2C9e+L99Nu6fkpYn4lndob/qvF7fC5kILt3O3JK9b4fTZkps+Kf8AiJ5TfOOlg+uWWtspjU1TW4yG7r0Sy0QaxjGt/mOOfsFk+nKaPAfjLieVvLWBHGZCMnGF66EcHxjV2c4LKsk8Oj8PYkcqkjYXHB2yps85lidlAhbkDARt4RkhHLOmPSN1598RbtM3RRtOA4LfVbzGzUAcALxPqi5OuV1llLstYS1u65uqnlYR19FTypEammx5MKQ3GrjCqYZyydrjxwrPUHtDx3XndUsyyfQvE2b4bSQ0jZFABac9lGbkd1Jb9B+yxez0VZV3Lh32Wck5P3WjuIJDseizsrSHH7ozma3KmAwNeAijhC/4iKOFb4Oenhj29kHA+ZRxygP2qAUqw0weTW9PbXCn3/EF7DHl0bD7BeNWT/t9Pv3C9opMOp2Z7NCyyTPongJZhtJEGM7qwiH8vJ4VbpIJVuxv+5DHKS+z1kVxgx1aMXN3uSh1oJpipFwaRcCcdyhTjVDoxyqOfZ20VcTdiq+rZmY7d1cMYACFX1UJMxIHdPgznaiOY4RXBv8APfuq2/MzE7f8Kti3E791W3+M+E7B/CttXZwNdDFEjCN+ooko2b9kN+zvzRH/AEBdGHR8ysjtY2n2ePuraMZaPsqin/vVbQbtaij2YrBz2rjYxjhFLchOjiJ7InFCPlwQpYe2lQpmaT9P7q2ezOxUSeMEbDdIsgPhZnsrcAOGFJglMRDx2Q3gg8JoOO6z7cGuMv6i/t9a2TS5uxB3ytnabgyUNhldjPBXmtNMYXg8LW2WvYXNBG4Cz3Q9o9l4XyPSya57BwNwqy40waBKwfdWNJP4jQDyiSxAt0uGQVgsie1ilYsmTmjB4CHESwnJVlcKcQS4aPKVXSsxuEn+wmS2M0nT1foeI3OwCpnU9pFVD85FyOcBZSmqPDcPuvQrc5ldQeG7fLUfQz/cjtMHCfHgdC8ZcxQKdzqOrLTsCcYV5dqF9sri7HlcVXVlMCfHY3PflGjLKOJ4ZO1axs1AlbpOMcotE4PjBG+36IksWcHCk1lDu0V7mob24CkSRkHGENzCkCWgAeWuBCvbTWkENceFSFuOSixuI2zhQuEtrNg4MnaHLK3+2sJe4t2PB9Cru21IkiDDyEWogEzCMJiDtj80Np5jLC+CTD27990+J+QB/qra+W6SAyue3GeFSRgjG6dE4c65VyaaLKLzAHCdp9kGmcMgZU0AObgBaE8opckcd05wBXJARunMIyrjLawX+geD6J4BBzhHawEfTlcEe+CMLo6bWfdhnD8r4yOoW5Lk0HTfUbqeRtPM7bsV6LBK2aJsjTkOAIXjL2Ojw5vIWt6T6nkjHytS/LRxld2u1M+Z+W8bKqblFG9Q3R57okD2TsD2HIKcWrUmsHCzgg1NNtnHZVE8WMjC0skYcN1XVNN6AJdkcjqrcGXq4MnYYWfvVqNbTEMwJGnI91r6uE5xhUlU1wcsN1Z0qbsGDpTLTTOpZ9iOMq0hlLHB+OPdN6itzn4r4di0+YBBopBUQgjkbFcy2s934TWYwjU22pZUNxqyccKY+PxAsrQ1ZoqgPP0nYrW0L46mPWw5CwWLB9D0t0dRXwV1ZR5BON1SVNI5jtlsJoA4bDsqqroyewWSaY6dWejPxPdE4bK5ppRI0BQJ6VwcDhcgnMTtLtsKKWDPhwZauZwQuZxthKCRrmhE0FGuRsY7gYAPIUaoi7gcqZp90tI7qBOvBUuiG+QoM8OdsK7qKbbICgSxE4yEqS9gOOOgdDWPo5Gu9Ft7ZcIKyFpY4asbhYGWM8qZaaw0swfkgdwgUvQ2u1wN/JCHDIA3UOanxvhHttfDVxBzSCe4ypckIcMtTjp1yVkMlDPBntwq6qg08DBWjmp8cN/dQKimz2VrIi6pN8FFqcxwGMKbE9rwAUOppTnICjtcWnfsmJ/swzrxwEuVqiq4DgA/6LGSw1FpqsPB052Pqt9TyDOlx2Iwol2tMdVEfL/6J0ZHK1GlzLKKWlqmTMD2EKfBKcALOPiqLVUFrs6CVbUtQ2Rocw59QtVduDBOvbwyfUUkVQPELcO4yF2guE1JIKWqJc0fS8+i5FLnDV2ppXPALQCt9VyRlsr/AEXLXwzjLSEySmA8wCooKiWhmDgSWnkFaWkqoaqMOYQfUei3V2ZRjlHBAkixthU10tLZ2OkY3BC1M1MHDLcBQ5Gb404RNLIm6vcjEUsstJN4Lz+qtowOSj3e0NnaZom4cN9lV01Q6J/gVBwRsCpBHOl/pvDJunbIGya5uppb6o4+nKYQQTsqshkm7Jn7lbCwF8LeN1VgYz7rYkA7EZVNc7XpJngbseQFjsqfoWVLHbojmNe0bqM5pbunRvOwWdxx2Axk8B5aNlH1HO4VllrhjCBNTHYgIJR/RalkG05GSmB5Bz6JOYWp4IPHZL6L6JNFcnwSg8Dv7q4iq4pxkOWbc3HdPgqZIHauQnwtxwKsrUujSOi1bggoEj5oCNIyEymrWPaDnlGkeHjyrRGW4zODQ+CobLs92l3vwjgysOWgH/VV0kR22RaarlpyGu849CUyM/2IsgWkMkZALiAe4KvrVVSwYfDMR7ZVC00dczAcGP8AQ7LjRWULtUbyWj32T1LKMt9e5cnqNs6iEwEVW0emVYTUlDXRksLTkcLz20X2F7gyoBafVaumly0Pppd/YrRDD7OZZVKEsxM31L0lJAfnLezQ9pzgd1nG1skR8KthIPfIXqL6mSRobM0ZHfHKprnZrVdwWeVkvqBhU445Q6rUvqZl6Gt+Xd4kD9TDy0lXlHcqOvDoXM0uA3a5Z649P3Oyu1sjMsWcjHoosNVBI7zao3jkcIflwzQ4qayjXxuuFmlFZaaqSIg5w1xwvVehfi9DU+Db7/5ZfpLxsPuvEaO61dP5S7xY/Q8hWoFFXN1MIjkx9lqquyYNVpY2xxJH1fTz0tXE2ajnbKx2+WlP0ZXzl0n1xfuj5GxF7qml4LSey9x6R65s3VDRHTv0VIbl0btj+S0qSwecv0ltLyllMuvCXNACnmIYyWqOW4OExYZkw12R0pImSjDgjmIjfCHo9leCZK2ptgeCYCGu91VvZWU8mioaS08EDZaYMITZo2yDDmhw9FCZM+2YH0Kfq9lJq7LkmSjdoPJaeFUyVE9I7RUREDPPZQYkmTMLmkEJsFXDIBh25TwN1YWARjGUzwmqXoOM4Q9KrBMkcx5GEtBR9AS0BVgvJGMTXcgH8ll718P7Xc3F8AZSn1Y3v6rYaCloKXKrcMhdKt8Hil06VvdhkJfTmeDs+Pc49woDJmSeQ8jkFe6zQtkGktBHuFmb18PLRcw6WlYaWoO+tmwJ90iVJ0atanxI8lrrPBVDVEGxv9QNiqKqttTTkiWLLfUbhby7dLdRWIl1TSGaAcPj32VfFLBIfDlA32IKQ6c9nUp1axwefVFugmzpABUB9LU0rssJIHC9Grekaerb4tu8kh352KzldbKy3vMdZCQOM42Wayh+jdXqlLopaarL/wCXNt90aSmhmbkALtRSRHdux9lHBlhdjKRKD9mtS9kee3jfDcqDLRPaTpBV0JNY3CHIzIwkuGOQ1MrKauq6J+WucMe61Vr6wZIGxVf23WcnhyPp4UKanfkYCONk63wC6YWdnqAfFOwSxOBa7fIQpqSKYeZoz6heeUd0uNAR4U5LB+FxyFqLT1fTvxHWN0n17LRG6MliRkt00k8xJstA+I6o98cJkdZV0zvN5m+ndXMU1HWM1wSNOe2UCelY4HLcFMx7Qrc4cMVHd4HAB+oFWDZBJhzMEKgno2tOWHBQGS1FNJkOdt78qrI5Y6F+3o1PijGNQSbMCceqpYrpG8DWHBylRVAlxpygdSaH162cWWfiAEd1JhqjHgtOFVePjGQuibI5KzzoydOny7hxk1NDe3tw2SXA+6uaa4U0gBEgyVgY3ZIzupcM5jIOFls02T1Og+pdqW7k37JmybtIICksqXx40nhYulvJp8AuICtqe9U8mATufdYZ0Hs9F5miyO5Pk00V0nYf5gDmohloLiNErBk+oVRFM2RuRjdEYB32WeVUvR1q9V8v9yTVdJU8rddDLh3plU1XZ6+jJEkZOO+FdRSzQkOikcD91LN0c9oZM0Z9Uv7vZoars46MBV0FLVZE0Phu/qxhV01kAbmjqMPHuvSp4KOrjLZYY3A+gwQqms6ZhMeaN2lw9d8ooyj/AFCpaTP4Hn7qq5UnkmBIH4gptN1FENLKiMgYxqV7JYLgNvDjlz2VJcLO1jy18Do39xjZMco+mZpUW1smQ3egqHaA8A+6leFSvAc3b9wsrJRRxg4d2QmS1bAWsqXBo4GUiWGB88lxI1MlE3WJKaYwPH9PBU6jvlxoCGVQ8SP+obrHwXCshfqMpd7FWkN/pMBtU7Rn1GyWPq1Movg3FPdLfXtwXNa48goc1sxl8Lsg+iywZT1IEtPKN/6SpNPcrjREAPL2Ds45QpHRr1Lf5Fr/AL1TO7uaOx5CO2qglbpmaPsUCPqChfH/AL0Cw90YNo6lokgeHh3p2VG6NkZoBUWi1VxOqPS71aqyXp6voy6SimL2DgZ3Vs6DwzlhIK6K2SAgPBI9QqYyVUJLhFAbpW0hEc7XDHdTKPqOCZwhL/N7q1e6jqQHSRtLu+yrazp6hnzJAAx57t2SXLDEuE1+JZfNlwG+coNTR0Vwi8KspY5Gn1G4/NZ51tvVM4xxzlzexynQXuWm/k1jHc4z6K+wJJy/JAbh8PqWV5ntM/hSA5Dc4/dQBP1p0uXNBlfEPwnzDC1NPXRTAOilBB7Z3UoSh483m9iUsyuldxeGVlr+McDIxDeaBrC3YlgwVp6bqXpbqKnbmoiIeN2PwSszc+n7LcmnxaZkcjvxNAGVmqno+ro3OmtspGOzUsXL5YcNZN9cvhv0neYDimaC7cPjxsVgbz8F7lTve+1ytkiHAd2USHqHqmzgwOfOxufqc04K0lu+KFc2nbFUxa3t7juqnBSFba7OJrB5ldekb5Zi51TSFzG8lgzhVDZd9xjC+hKLqyz3UMMgjZIRuHBR7h0l0veCJZ6Nms8uiwM/dZ3RkTLSPus8ObXTswWSKXFdakYD3jC218+FFNGHT2mqc3PDXbrH3HpPqK1El9E6Vv8AUxInptvQuddtfaCx3WAjS53mRIpmyeYOCoTzonhfG8c5GE4PAGBK5Z5aaSB+aUezReOQcYzlMMUU4LZGNIPqqaKtnA06yQPXlSWXGNoHiFL+JoYrovsJPZZWZlo6nB/pJQBPX0rR8xCS31aco/z7JceG47Jza2MDD+6vayOUX+IBtZTPGSQD6FNc+Bw+vlPmho5nawwD1xsoc1E/mnf/AOElWoZEzlMKY2E5BC64OBBaeFAkfXQ+V8B27pn8Tx9cZVbEL+RR7LcV9RCANWUWO8y5w/hU8dyhkOk+X3RfmoD+MfqrccFfMvRoornHpBcd08XLH4gR6LOCrj/C790RtQcbcK8Mr5UaA18bhjTumCQEZG6pmzHPKlsqCMA/qiCU0yd42Tt2TTUjghBZPAOX4TtdLJy7JUGbkE1g7pawh+XPlOy6WlQCSyOLvdcMvbCaYzzumnZQW8oed1zAQi8j8KaZiPwowGkP0bkg4yh6fddEwdtjlMcCM7q1JlbUc2CRxjZMJOVzJ9UTm0KcdrEedlwgHlLISyEakw3FMamage6dkJjkaeTPKCXQIsY47tTTCzsnZC5qKjBcQHhN4xskaaAjBZuiLhIxhDjJeGRzR05OQzC4KYNPl2RTyuItqKw/Y3DguaX/AIeU9JVtXYSA4rPyXQXfi5XfEHqueI1VsSHKWDhc89lwahwMJ3jM9EvGZ6K1BLoLcN11HZ2EvGqW/wDE4S8VnokHg52RTgsEVjYT56sbtrOfuni7XAcSnCAXnGzUMuqBw8folxrWRkbJ+mTheK0bOcSixXiXUBLwfsqwNmPLgU9sEhx5gjdaQSus7yWhubCfO9dN4iPdVzLe92DIQnCjjadxhLdaZctRZ+ywN1YRjJ/VN+ezxqOfdQs0rOCP1SfUxsAEY3VfHguN837JprHHcAobqiU/VJgKH4kzz5XABdbHKd3vyjUEgHbPJI+aZnBecrhlkI8p2TGs3GQEQN24UUI5Cbchpc88nK5lx5RNA4XMBTYgkhwG2/KQOSnEriWkGkEZ9ITkFOanLoYgicm4KeOVY2PPAsFOG6dsQNlwuAQ7VILocGZ7JJnib8JNGpC4ZZG2gpcCmF5O2EmxklP04GcI4wx2T/IMtPK5hKSoa3Iwob6gkkY2UwKsmlwSTIBzj9UA1BP4QgF5JykBvnKYLdjaOySudwFxjSU/A7rhIwrwxLlkRAQ3d108pAZKNRAbx0CPKeAcowptslPDABwmqJMZBNYMIgj7hLOOQnlwxwjSDUBqZJnbCcQSeE+NvmGQoEkCAcTwnsA57qSGt08IOk5OyWFjB3QMIZ2RSRv7IDiMJmST4GPfnbhRxjguCbUSEHA7qbabW+peJpBsN8FLFJOyWB9utzqxw8n5n0WjhjipIhFDGBjk+q7DSsiA8MaUdjBsTuoba4KCBMceSOURzvZceQzshGXbGFBz4COc0NO44VdV1AaOQm1VcyPIyqKrr2yuIY4ndQzXXKKH1tY7OG4UEukeckp+nW7JGU9sYxwoc6y1yYNrOCd0QAYXcBdUEjRyn5AblB1IbpCByU6MtqCckEdMGnGB+qGHmVwbwgkOkcNlIbCQARyjitwtzyPDAOUQEJun3XTunxjgXubYTXgcpjpcbFCAJOclE0Z7KBN5RwlzkhsTlLVo7ZUOqr2wjfYpbaQuU8EqWVsQyVVVd0duIio1VcXynBOyj5Bz2ykynkRZbk5LUySu/mKOBk8oxbnuueH7oDLKTbOAYahnlEJCGeUsESSSSFIgkkkkf4lt4PSEkl0cr6b0fKRye3AcCAlpOkbImMd0SWQZPAhwm5wnkYTFYA9MST1ChIE0mHaQiPfgbKPpJdqKgyI7nldThwkmxiEDAOUQcJYCKBhFFEEBhdSSRkEkkkoQSSSa5Qgzb1XEkkmTyQauEjHK6o1bIIojJnhJss+NZLjHc8FfeK6MMMTTklUsYcTgp08jppy4+qLEBnGOFzZy3yydCuGyIenjORspJeGNShADeFFq5vbCp8IpfcyuqyXSOOck8qMpLhqLnFA8Pc9lnk+TTFYQ1JJJUWOSSSQhiXRyuLoHdNY0eAMLuAkOF1QUwoGNguP+krqY5zdJ3UCAknOEeFrsjAQPxKyga0RBxG6oROWBAADhRqg7KU8gAqvmdk8pcpbQYtsA76iUwcghPlwSmxg7ZWectw5SwggBxwm5Pqi7aUBmS8lVjJUXlkiMBKQ4xhdZ9JQ37kd+U38UQZ+aewEdk1n1BFONPCEZSnKeEJ5zgNHK09kodfhjHlG59ys5QMMtW0AcL0SyUQLGADGMFJmes8RTve40lrphS0gAGMjKgXerMkvgsd5Wjf3KsayoFNTEA74wFnyTI8kncnlJb4PYPhJIPQR5cXkeyuoWhsQwMKtoYnHfCnSPLGgBZ32aa+iNVu1yeG05VpA0U0HmO7hhVlIwSVbde4zlXcrGSkQjnlImjVUtzOUEPlfOR2wF3Blkw3cnhSJj4UGhoxtwh2thmqQAOEqUsHRqTykXtDEYaZrCclRr1VGCm8NpwXqyGI277ALKXqrNTVENPlZsAks2SkoxwQDwd1Z9LW8VdwM0gy2HzY91UPkLNsZyt10vRR09tEjR55DlxSbeAaE52plu4gA9lBmeXEDO2VIqT5c5UNp82Vjt5O236CgYGpAqpjjThSHPDW4wojm+K7SBlJSxyJsbxhEyz02oOne3Y7BSqhpcNAPKPCxsUDWM4AQRl8rW45SpPJorjsgiXA/5ejJA3aFWyO1uc4nlTqxzYqYsG5KhNjBDeyU1kepYRbUBAo2knA3Xn/W1eyouDKaJ2Sz6lt6mrbBQOAGnAXlVbVisuc07B5dWEyCRzPIXfZg7ISAA0LTdOUJp4RUyjOrhZuIePM2PC3MbQGQQM8vlGyTfPbHAjx9O6SkSKWMGQzP7cLQWiMlrpdIGdge6oxGTpp2jzSOAWqp4hTwNYBwFw9RZlYPX6WPsqr7MC0QDkkZ/NbewULbZZYwRuQHkfdYWCF916hipR9GQ523ovQ7nIKana0bNaOFz2svBt6Mh1ZcpG5Y3vsFTUzPApcfik3KHdKp1fcS0btacYRHnYD0GExcAOWeAWklwA3OVr7XGIKXUdshZe3R+LVtaeFpriRT0Ja3bZQpIoKh3zdxLBuMq5gpjGGtxwqW0RGWsyd+60rWnbbhZ7BtawTLdBhxcOMKcDlCpWBkWw3Kd9A1E7BLHcLsz/Xd1Fsskr2yaXHbHdeVWmFz9VVJuXnIytD8Sbsy53WG1UzjrjcHP32woEEQa1sQ8q01o5N7+S7+yLSzU73yCUNJwdl6fZ6N0VPGx5B77LH9J0ZqKhrWNAEWHO916DRRObIMBI1MsS2mulB6iZlFSPmk2bG0n7rAO8S6V7nvJzIdvYLZdUVEcNE+nP1SYAVR0rbo57gHyDaNuQsU3g1YNnZLe2hoIqdgxhoJ+6uaNueQosRz5WjAU+mZoAOFzrp5ZCSBgYSSSWBvkMMiNQ08d0wAdkJJmD6p6hBJJJKEEkkkoQSSS5kKEOpJiWQoQScSMJhIQXOIJ3PKrJB55SyVwb8JKwB6GeF1MVMg08pJJISCQs4OS7Abuiquu0/yltqagnGI3J8Flhnl3VVwNffqiQO1MadA/JUk7gcBGmeZZHyOOS4k5+6ivdj3XVoWBdhIs1G+vulNSRHDnyDfHA9V7zpbHGGDYNGAvJfh3S+NfRPt/KYT916tI7U3OMLPrJ5nhB0rAN7iHbFMXXDBxnK4sZpQkkklCCSSSUIEas51vWSU9qxG7HiO0laMZOQFhOvqpzqmmtpyNB8V/pj0Wivvkr2BsUTIoY3gbu591ZVM22MKPRsaKdhbsMJtTKC4AdlviiCj3cpQ4UaI8e6JnC0V8MFrgVXL4Tc5AXg9wr3XjrKsry7+VR5jOfUL17rG4xW+zTTyOOWtOwPOy8StLHRWmprpf7yqOXE8k5XrfDUZe48h9QalxarRJt5dUVFTWE+V7zjPoiVT9bg3hNoB4VINuSU1vmmy4k7r3lMNkT59ZL5LeC76eg1HOO4Wvj8uMhUlhpmRnzNwOVegDsVy9TPM2e28fBQpQUO9lEr3YbupI7qrrXukJyc4OEiHJsufBUV0up4GOVIoGFw14+ygTu1VOM8K4oW6YmbJslgwzZLiADdgntIa0k8BczgBV3UVwbbbNPUl2C0bLRpYOyaic3yGpVFEpv0jw34v3Y3PqqOjiP8qJudOe+VT0sOoBoHsq81Ml1vNXWz5cS8kHPbsFf2GIS1eCMhe/8dT8cUj8x+f1stZqp2S9s1FloBHEwacbLQOmFNRvxzwodHG0ANaONkqrLqyGlJ8pOSuyuFk8nbLdIlAk08eeXcqRTjABIQ5m6JPCaNmqVC0NaEi2ZdWUZ7q65MoLdKS/SNJ/VeIPkEkjn5+okr0H4qXWOFjqXkuOy8xgy7clcjUzPRaKH2biQ5uN8qyo36oBnlV2ny7nsnUFQWT6XHyu2XJuW49F429U2pMtBypLSNI3UVEHKwtYfJ7CDWMg61uWnbss5VNDXEe608u4GVm67acq0Y9ZH7ckCRu+yKxJ2MpzfpVnKS9iQ5G6nNwnf8ROOAQSOEscuy4tc7vHh07EObuvcrUS6kif6sC8CopdNREAPxD/ADXv3T2JLPTnuGgJM0e9+m7HP7SYWj0VnAM07R7KDp91YU4PgjHoszR7aBlbqA2sJAUR+7BkKbd2H5sk+pUbSHM2QnPs/NkIc4wokgHiHKnsA+YaO2FFc0umIHqmx7MN0c8FTNHipcoN7j1QO2z5Vc1MWKguUK6x6oHbfhW6g4msjurlA8xOzyPdEkOGhDqvLWPadsEp2oFuy6dfKwfK7+JuI2Iebcq3gaRG1UmrzYAxgrQ04Ba0+yJLBgueEPa0nfCNEzI3SDduFIp498cJkY7jBOeWQpovbsoMseyu6in4ICr54SBwhlEZVZkqJWDOVFxpfzyrCaI5yoT2EHhZLFg6NcsodyQVa2qocyVpHZVI2R4iQQPVZ2smvSXvTz3I9DtlbrwQdlfnEkbSNtl57Z7oGFsRytzQVjXsA7LLZA+oeM1q1FSwCuFCZ4sNxqG4Wfmic0mN4wQtk9mWaxwqm90IMQqYxuOVisjjk6Nsd0cmZkzGQWrX9L3TGiJ7huOFlHODjghHo5jTytfk4BGyXufQuuWGbXqKibW0xka3zNHZZCnfrDqd4wW7LaUNYyphBznIws7fbcKSoFTC3AJ3R59l3V5XyIgUf+7TmNw8r+PurN8bXNBVY8+K3U0bt3yrGjeZovcbJgEGyNJEM8fugPhyPpx+asnw5GwUVzd+EvIyUCtniI3AQWOOeFZyw5GcZUOSAjhqBrgQ4NEijle1w0yY9le00wfpyR6rLxZY8Eq1o6gbEqRfI2t4JV1t4qmOkLQ5p2I7/dYO40fyk5AGGleixy6hjlVV8tUdTC57Y8O9k9MRq6vli2jEwvLDyrKkmydPqqiWN8UpjccaThSaSTS4d06JxFmLwy1nh1t1NChsDmvwdsKwppA9oBHCZV0mA6UBMaGpChwQnObuMBRackO3Uxg2RxeHktxTQtLX7FQ3TPoavUwbKa9pODlNmp46hha4b9iurpdR+zynmPGOcXKBsOkuo/EDY5Jfbf8AyK2sb2yN1tOy8Np5qi21AcCQAV6N0t1NDUNbDO/nYHK7FdqaPmXkdG6pNwRrkGaPU1Eje1+44TtOe60fkceEmmUdfSZyQOFn62m524WzqYQ5p27KhrqMgnASbYG+m0yc0TXSCF7Rpfkb8LMVdM+y3DAB8GY4HoCtpdKMvjIYNJws7cmOrKQUsjdUjD5HDlc62vKO7otXKt5RDJa/thWVjuhoJtMpJjft9lS0glnie0YM1Ps9qMSZMAbFcu6t5PpHidc7EtrPQA+OZgkY7IIyo08OvhVVhuzNIpJzgjgkrQth8UZHdYZ8Hs9PL+RHJRVVAPqAVRUUzmO1Y491sJKc4OWqqrKLVwOUprJJ0ZKilnIeGu2Vu3S5oOVUzUr2ODwOE+krWmQQvOPQq4zxwxShtZZ6fdCmbgZ5RgEx2+yMc0DBDvKdkCopCW62DjsjOjcXAhSWN1gNOyGSyL2ZKCWH/D+6jFhZnAV/VUYG4VXLGM8JEo/oTOtnbZcZqOXWw7dxlbu03CC4RB7HDONx6FecvYWqdZLu6gqQX50HYoq5tPk0UXKEVGR6E+NpGwyoc8IcOMKTRTx1kXjQv1AhPlj9lqg1I3KSnHJRVVLnt2VTUUxafRaeaEH8P7qvqKXjIVyRnsqz0Uw1McNt1LpqkPxFL9gU2Wn/AMOEFpLeQgi2jHbX7CXSzw1tORgahwe4WPfT1NtqdBB05/IhbaKoJOD3Qbnaoq+AkAascrRGWOTl30b5ZRR00wdpIVpTztmcI3DHus0BU2uoME4JbnYq1pqwB4IAP5rVXbgwyhjgm1NE17SMYzwVXRVVTaKjuWk/kVcRTtmABSlp2St0yMDgfULfVcY7KvaLCgrWVsQkYQfUIk1MMZ4WWMtRY6kSR5dC47haiguEFdCHNcCCP0WyM8mOxNAHwgfhVBerJ8x/Mp8B43wthJSEtLm4IUF0e+cIzLbSprkxVFVvif8ALVWQ5uwJVrs4bBFvdmbUNM8I0yDfbuqe33Etl+Vqhpc3YEo3yYJRdZZ+CDwEM05PbZS2jZcwFbgmXt3GcullaM1EA53LRwqN0WlxGMFbx7NWx3yqW62oOHjQN45Cx205AcNpnA7SRvypAeJAARhcMJJO3CHgtPCyyrdYtvgc+nDgS0fkoZhlDiHN27KYyU8EJS4eEtRyCp4IqaQHbZwiOhOSRso+ktO6XLgYsPkMx5YcgqxpKzIw7Cq05riBspCySZJwTL4FrxnCYW4UKnqnNaGSHOOCprZBIMha1NNdmSUGmNBLTqB3CnUNyxllU/LO4UF24KEBl2SjjOSYDrjNYZohBBP/ADKSXPfSTuFY269VducGyaiO+VkmVD4SHRkg+yuKW9RTNEdUwHtkhaq7E+2Y7dK3+J6La73R3JojOGv91Lnt8UvmaNLhw4crzyNgBE1FOWnkAFaqzdTsMbaevJa9u2r1WjOTlX6acHmKDT11dRPMNbGJ4cd252VTPZLHe3ONHO2KbktO262RgjroswsZKCNxlZ6ustNI8viDoJB3bsQUMogVSafLMrV2a62l5JYZYx3G+yfS3GM4ZICx3fKuhLd7b5KlnzMI74yUx7LJeARoEEv6bqQW1mqUlLgfDM57AC7UO26kMuFTQSNnpmgPach2dwqiW2XK2nxKdxljHoc7KTT3KkqP5NQ0xP7hyb8zFOtNYZ610Z8aKyLRR3c+KwYGXbn9V65aL9bL7AJaCZrnYyW53XyobVxPRvGrnnYqVaOsrp07UBzHyxEHkOOE+F5ydX4/Mt1Z9XlpJwdimaCvMukPjHT14ZDc3NJG2scr0u3XWgusYkop2vyM4B3T093Rx7aJ1P7kGMQIQjEcqaWHH0oXh7nypnKEJ5ImgJk1LDUMLJo2uB9QpmlcLM91MhZwZS4dJu3lt0+l3Ok8KpFXdLa7w7hAXNbtqAXoDmnHKh1FJFOwsmjD2n1VhRtw+TN090pZW5jeCT29EVsoeMjgoVx6QaA6a0zGCTnBOxVE+5XK0yCK5UrgBtrbwVBqcZLg0ySrqK8UlU0aZW5+6sGuB3achTOSOLR3R7LmAjJKsgJ5I+AUh5TkJ4GV3T7q3gmRkjQ/DTuPRZvqD4cWO9MMtNEKSpP449tR91p9DvRFaEqUE+jRC6cOjxO5dK9S9NyE6HTwt4czfZRW3GlrW/L3GBpxsdQ3Xu5a0jBAP3Wbv/w+6f6hzJLE+nm58SE439SO6TKGDbTrkuzxmv6Spahpmt0gGfwlZe42Oqp3ESxluO+Nl6tceiepunSX08X8QpW8Pj2eB7tVO2vttwJpqhobINi14wQUmVO7o6lOtf8AUzy51OWdwfzQyeQQvRrj0VS1bTJb2lrz+hWTuNiqLfllRA5pB5xykz0skdCrUwl7KFwBQ3RNOchTDFjhDI0HBWaylo0q3BWy02OGqLJEQeNh7q7e1rhjAKjyUjTlZ5U5GwtTIdJda23uBjkJHoStRa+r4pw2OqGD6lZiajOfp/dAEBaeN/VHGc4dFyphZ2emQT0lUNUT2u9srslLCTqLV5xT1VVSv8SCdzSPdaO3dWuwI61v/iWiNqa+4yWaaS/Et6iiYDlmxQg17HAtzt6FSae50dUMse3f3RQxpyQOeCi3IzNOPDBtq8YbId0dsoPDuUEwDc6ULD2/SFBeWmWLZi3CIypOQMKs8SYbSDZFEwI3CGUMjq75QLds7SN8J7KjS4Fp3VUJ/uE4SnlZp0I6+k8o65JZNFT3SpYBiTb7q3o77ggTn91joqstGCjR1gyMhZ56XB6/R+clXwmeg095ppRjVup0T2zDIXnkVdp3B4VjTXypiGA791ks0zS4R6DR+d+SWJs2xBbjScLoqHxjc5CoKbqVvhjxmEnurWluVHVAFjwD/SSsrplF8o9LT5CMuEywFTERlwASfFTTeZzWO+4TGiJ4wdimPgc36CceyTKuRvjfv/LkgVfT1sneZHQAE842VNU9IQOkJhlxnsQtNv8A1FMc3OMlJeUH8dU+0Ymo6SuEbyIdLm+qpauhqIHGOppjjjJbkL1DG2Agvhjef5jGn7jKHDBloov8DyyOSajfqp5XM/wk7Kzpb1IwgTjI9QtZVdPWqokMrqcAnnTsqSu6Sxl9FL/4XKdGaemurfAaKehrGYOnJ9UWCkmgk8SjqC0emchUUlludG3xAwn7JQXOtpjpexzvZC2kPhY6/wAjWsr6mMgTFsg9Cj/NUsrcnLT3BWepbpBUbOJa70cpzZGkZBG/upk116mXpll4MT/Mw5+xTXNlZ9B/JQmSPjOWOIwiNumR54849CgkscmiF6a5JbanPlmauSx0E7CyWBrgfUIYqKaZu5wfQ8pzYmvOWPGCgyhilGRU1vTrv762zlpH4SVFxfre0PdAZm98chaDw5mHyrrZntOH+b2VgyhH0VVLfaWf+XUgxScEPGFNaTjxIZAWn0KdV0VurHB9RStLvUBVwss8Muugri1nOh++EvojzHpEub+dgSMa7HqAVU1vT1BUZkjZ4Mh7s4/RSvnaiB3h1sBx2e3cFP8A4hTngn81BbhG3iaMxV9M1cP8ylqcvb24UZlV1FZnioY+R3qM5WyDo5W6g380OSBj9nNBHoVMGeejT5g8FJRdeVTZB80A4Hlrgr2DqeguDR5mDPLScKvrLLb6lmDEAfUDBVZN0xG1uqnedQ90GMsS4W1rlZNDPS2ms3+ThcfXSFmrr0Xb6lzpafMDiew2UdsF7tspkLZAwehyjs6hrIHZnYXNPqMK9iYhyr/riyhrOjqunYTBKJCO3Cpai13OB5bLTFb4dTU5zmHC7JU0NU0SB+CexSp0JCZQrn+B543XAfM3BSfLq3JC21TbqGpYWmIH3VTV9PUMg0gOBHcIFQhcqZr8ShbUngEJ4kcDkOzlSanps+HmmlIcOygSWe5RDOvKXLT56Ey3x7QczOI3BKjvjgeD4jM5Ud0dzYSC3YeyGZpGuIe0jHKV/HYDlH+o7LTx5JjbhQ3REZO/6qX8zBjzOP6JjqiAjEZBRqkzydb6ZE1PDsFxH5o3jzBgGs4Huu+HHJuW/unNpDvuqdeSsHGVcrT9bv1Uxt0lAAByobqR226b4TmjdV8RSbJ4uMrjyAisq5c51ghVOh4KeJHDtlT4mM3svGXFzRxkpwuko4cVSNqiNi0p/wA4w7aSp8TL+f8AZeC8v4OURlxhyCVnvHXRMT+MqfGyfMjSippn48+F3DDuHhZsF44eUjJIB9ZKnxsnzGgw3+oJbf1BZw1E39R/Vc+Zl/qP6ofjAd5ocD+oJEDH1BZ35uT+o/ql81J/Uf1U+MCVuS9Lt9iuOfgcqj8aT+o/quGZ+PqP6o4xwD8hcmVMLgVTeNJ/Uf1S8aT+o/qiwR2ZLf8ANIuHqFUmZ+PqP6oWqXP1H9VMFbi1MzOMhMM7O7tlX6n4Tf5hOAESiy939iyNVANtW6F8yezQQobYZj5gxFDCAMqbWyP7ug3zXfH7IZqXEYwmiFx4aniA54RbCsDPHeTwlqe4blSWwtG+ldDWhRrAW1gAx53K4Y3AKRt6LoAPZUGotdkUMfqxj90Vpw0BPOD2XQ0N3VhxiMEed08RtG+N13Vjshkk53UG4wFaIwOQkZWjjH6oXguO4XW0jjuSoV93oT6qbhuyF4lTN5MqXHRjGSMp/wAvgghuFQOyT7IApJC4FyO2m4JKmtgJG4S8PSeFA4VsjsjDdgEZjcJ4wNgEiVBihgW3ACWSnk5XFMDFFDScriSShQkkl0AngIMJFpMQGTgIwHdINOeE8BWNjHIgPVdT9J9F0A5UNChwc0lDDCSpHl0gnbCA+qp2ba1WRMpRXbCCLOE0uaw7qLJcMHEQOFGkqHPxlQCWoXosjVxhpyceihyVsjsgEYUc5PJTGhwIyU3DEyslIKZHP5XA4k4Tg3Zd8Mt3IUwJcn7EGd8Lo2SSdLnYhGohDShnVlFwTuntjJPCaolOO4G2MuRWR6cEozIRgdinvaCMcIuEMUQfHdcOOUwk5SyfVEVg5n2XRykAXHAUiKLbJCrOBgwMAG4RAAOF07JiotrAlwsBTAMpwiLtlOisZAOOlBcHHg/sp8dvlkcCNwrektrIdLnMGVAlW5lVQWhsrA+oGM8BX9PBDDG1sbMaf3TixgxjZceQ7GCrHQp2vITWBsAmZTDsMoDpwcgjhWMyl2OnkDeSq2vrPDZpxyo9xugDi2MEkd/RVD6qSXJkOQOyEy33x6Q+qqXzOx2OyjBmDnCMwk7FqeGeyhjsblyMA8uCiJITsEYyolkQ+B+pvqhOlznZDc7B5TC/KvGBbmPMmE1rS4rjWknJCMAGBFGLYpybHtia3fuutfgY9EwOcRs391wNIOVohwWFT0IHHZPcUzJDp2C54gIQairjhaSVTVNf4pLY3JM7McATviuGS664OjdojPZVT5ZZnEyOTslxLnHJXCMd1ncmzJOzc+AQGO6dnCR2XEIsSSSShAep3quJJKEEkkkhIJMT84TFBMpbT05dYDqC6GOzwntYcZwvpp8rbwdAGE5cXUYPYkkksZUxksS47hdQpHbgBQg1xyV3ASG6emKJBiSekjDEug4XElZB6SSSIgk5NTjwoQahuTjyk5RkBpJJJDIxLPXyuc0/LjvlXFwnfDTOdGQCsbJK+aYvkcSSVz9VZxtRq09WXuHs1O37qZTtOpAhbjkKdStwM4WWH9zVY9pILhGzHqqmrk1yEDgKfVv0jA9FVPOpxKk2SBxMTshNSmaRiSSSsASSS6OVTeA5SwIDuiAd0gO66rLbCgY2CSSa8gN3ULBkoZJykeUgqbwBKW0PTR63AEZU14LGgAfkuW+EBvikdkSQgkqCHLcyNOSBnPZQHk4JU2pILCzO5UF+zcJVnofUkDJJk3RGs2BAQy06s42R9tKQRsG/sMrtO084QZD5xhS4G7DI7JkFktrCyPOA0oLQdye6K8rhAARPkgMg9k5daMpkmc5CVM00L7slpYacS1RzvhemWOFoaNuwWL6YogyNjnt8zznK9EoadtPANt0pnvPE6bZSpP2RLvKzdmd1WUkZkkGdgEe5StkqMNP3R7fCQQ7Ss05ZO1FZeCfBGGgHCFWP0YaBypLXBreMYVVI6SWYucc4OySa4LBYWlofI6QN3A2yrOk1SV4B7eiBbKYQ0+fxO3VtTxtpKcyYGt/cpUpYNtUfZEuMmmbT2Vl0/S6WPqXDY7NVBM4z1WjUTkrX00TaeCOJuw0hIs5N9CzLLAXWoENKSO6x735cXE7lXV+q9WaYZWdnOAAPTCSHZPDJtoo33C4xxY1MB1O+wXo0bWRsEcbQ1rRgALKdGUUsYNU8eXC1AOQSs8zfpa0luYGqfiMnOSgxbNDuUypJc8MBT9Pg025yQsk1k2N4WRTSavQYCZb2OmqduBuVGdMfq9Vc2iJrITJjcndVNYjkXW980TJHBjNIQqEeJUBxGy5VyDsM7IlGDHTh5G4WWUsG4HcX6pDGOAmU+xDe65L55S8906nw2Yynj0QAyltIHVNZHTW5wJwXAtAyvN48BpOMnlabrW5RzPFK3OrOeeAsyyMnHumLg4GqsdtmDS9K0LJpvHkA0sGTlaWj/wB6rn1Ib/Kj2AUO0U7ae0texuHP/dW0DG01OyMDd4yVy9XbmeD0PjqNsUTbTT/MVPjubs3hW1xkEVOXE4XLdTtggbt5iMqv6iqcBtKw+Zw3XKs+470IqCwW/Q1Caq4PuLTmNo0klXfVVfDFG9oPAPdE6TpnW+yxte3GoZ+6yPWNex0j42HjYpKiMlNIpaAmV0tTpw0uIBRaiXQ3A3JT6On8C3tgcPM4alHmwaiOI75O6PAtywaCxUYiY2pkbkncJvUNY9z2wN2BHCsYg1lOzAwA0FZmWd9VWuc7ducBRlrk0HT1KwU7pSPMVb0w/mYAUW2M8KjGRgFT6ZpDi88LLaaYLBMZs3GOFXXq6R2+hkqJCGtYCd1Pa7IK89+Jt1fDRMt0JBfM7Tz7qQWWK1MtscmPpQ6uuFVd5Ml0zzpz2CvKCEf3725xwFXU0Pg07IsYw0Z+6v7bTl/hU55ctOVGOTFCLk8s3fSVA2noBUlmHznJ+y1dJFpGshVNrpXUtJFA52SAMlXE0gpKQyYGoDYf6rm2y3TydCuGEZDqGSaouZjc7ZuwC1PT9EKSja7SNTtye5WVpIZbjcQSMl7/ANAt7APDa1mNmjCyaifA0lwA7bKyYMNAUOADIU0cLmWPJQ9JJJIDDLo5XEhyjACjhJcB7LqhBJJLmQoQ6kmJKECkjHKCScrmT6pKEEh63eqIgqmWh2p3qhvOE5Ncd8KkWwtPnfKeeU1gw3ZDV5KxkSSWQkhCGpidkJmr2TUsgBFlfiLXtpLEIwTqnlDBg9lqXZwcei84+JlaBUwW87lrBIRnglOojlkMYSNPPKjk4OfRLJ9V1rS4ho7nC6kftQp/cek/DGjay2T1jmDU+QgEhbR/0qq6apPk7LTR6Q3ygkD1VoSHZ3XP1HMsj4RxyDf9RXF1/wBRXEgchJJJKEGJJJKEbwFYcZK8zvEsty6nm8TdsJA++F6PUTNpqZ87uGDJXmlvd85cqqtA8j5Djfnda6Y5KLxkobGGhuMBRC4vkRpj23CFAzLhst8FghLZ9K494YMrrPpCBM4B3PdbKobiN4ML8V7iyC06Xb+M7wwB6lYGUeDbYKL8ZaM4V38Qq6O59QQUjMuipMvkGdi7sPyVO8iQg4xjhe68Np9sUz5p5/VKy6X9jokayINIwQMIluZ4lU3UM7hQaqXS4NCuenaKWolEoacZC9XZLZUzzegi7tSkjXU0bYwNIxspsOc7oLW6cDClRgALiSlueT3NC2rCHPOGnfsqCreWB2e5KuKiQD9Fnb3UhsJa3YnKkVku+W2OSPTQGoq9f4ecq8jYG422HCrbOzVTNcRurfbAOEeNzMEpcZEG7rzD419RPobF8hCcSTv0j7d16c54YMk49184/FK8G7dXuoi8lkJyu34rT77MnhfrLyK0mhlDPMijtNO6GlBccuk3JW36co444xKRlzt8rN2ymNVO2IDZuM4W5oYG08QaBggL3mnr2n501t2+WS2pmhsYxyVHpNdbdS9o2hO5+y6yXS3HopXTDQGVc7uHEhaJPHBz1mTD5EtS442RJ5mxRhzjgAJQx6SXDdVXVFZ4FrkOdJwd/wAlivntWTRRDfLB4r19cxcr9KWP1MY7ThU8eNIwFHuEhqK+STOQXFHhI0gDsuHZJym2eoqrVdSQTPlwmh2l2rC6PpTHDIws8llDa3teS5pzria7PKMqmjqTH/LeTjKs43AtyFhuR7PRalaipNBSMrPXBh8YlXxkBBVVXjUMgJa7H3ffBlM/ZyI36VyUYK4zsmHH/sNd/eIjs6m4QXI0eHsDils0VvDJFOcVERPZw/zXv/SDtdohwc+UL58GQBjnUP8ANe99AO12dmTnyhJkev8Apqz/AFsF9LkOAAyrChcPC3CiyMBwcZRqQ4foxsUmR9BjLBQXsBs7nAcFQoRqYVY30eeRVkBw1KxyYLY4mwOjE2cIUTQ6R4PYqRIDrXI4/wCZsN3JsXyZZxyyur49LgcclQa9g+VcT6K4uEQ0ZcN+FAlY2SFzTvgLdS+TkamGZNHkF2yy5yALrR5eVJ6ghay5yFoxvuojBgYyunUfJNXFwvkv7sRGCr6iOYm/YKgV/QEFjceg/wAk/GTBqY/bknMb3wpMAAdgIcX2UmJpE7CeE2MTkTYWWE6dwq2aLkLRVEP8vOnZVssON9P7qpxwVC3DM/U0wByGqtmbuQBwtHUQbY0qoqIME+VYr4ZOhVbkrNJ1cIwHk5XTF5uEQNOBlIUG+zUp8CppTGcg/ZbWy1v+7AuIysQWOBDuVZ2+vdE0NyQlW1no/C+SdMtsmep0ssc9BoHKZJC2SMwvGxGFT2O6DQxrjnUFfgZwQufZXln0rTS+eGf2Yu5UDqSoMZ7nIUSRhYNtlsrxSNrKXW1g8Rgz91l3xF7cEcJEoYKtr2Swi16euQj0CXjKv7pSNqqYgDORkLDROfTyAtO3ottb64SQs1caRlLUssOuW+vYzKQtMc7oZNiMhSoCaeX/AAuR79RGKoFRCNnbqHE7xGYcdwm4Exj8c8Fs1oc0qO+EA7M/dPpZwQI5NnD90Zzc8qsYNK+9EJzAdgFHmiwOFYFvCbKxrm4Qyjkp1ZKWSLSdk6B5BwpM8JHZRASx24S2hEouLLaklwMFTQ5rxggYVPBJkjthTqaXThEsoLCawZnqaxSxSOq4W5Y7JIHZZynmLX4I3C9TqWMrKV0RbuQvM+oLfJa6s+U6XOTISOPrdPs++JYUc+wIwrUH5iLTxkLM0MwOkhyv6SdukN591qjMywfGCLMzwJNAGQiwSAH7o9RBr82N1CaC13oiGLgn7OGwTBlpweV2B/BIT5Wa5NYGxTa7NrBtqVkcEO4wudD4gGw2KrKWunoZxIx5wDuFf48ul4yDss7daZ0MhIG3ZdSnUfs8R5Xxe2TltPSelusYatvgS51DuStpTyiUAjuvnanq5aSQSRSuafUHC3PTnXOkNinlcwt7uK6tOoj/AFHhdb41w++CPVHtyMKBU0oe0kjAT7ddqauha4SN1EeqmLTxNcHI5rfJl62h827NljrnSupK4SaToJzj0Xp9XA1zdmhZa827XHp0jc+qy21G3TXPdhnnNc82q6srmjMM3kk9890VxbBI2qYNcL98jsplxoPmqSS1zAMl3dG88FVFjrWBkvT9ccSA+Qkc/muTqI4PZ+M1Tqa2k+rZ5W1dIcjk47LV9MXxtbGaaY/zGjbKytMXRa6OY4adsnshaai3VIlhcWuac5HcLl3JZPomg1bSU4M9KkaHdlCnhDhkDCj2O+RXOERyHEzdiPVWjoy7BST0tcvljuKSajAOcKprqJsL/GjZkE4K1skDXjjgKBPSgjS5gIKU17BlVllTQzgtDc5I5BU7whyByqmqoaikkc+IEszkYU+gqTNHpedwrTyA0H8JNa1zTwpGAUwtBGEREjmjWME5USptviEvjwD6KS0mM+oRhplb6KmibNxl6iB7XYLeFDe3A9Fqauh1hzgFRT0+hxBSmuTHdS0yT09fJ7bUBj5D4Z2IK9BpKuGtiD2kHK8qkjI3A/NXXTPUJoZxTVbsMds12eEyiaUtshmnvcMQZv3wtIJwoE9P/hVrDiZgewggjIKaYhxhbXydSUVJGdqKb/Cqyop8cLVVNMCPK1VFRSOQSjgzW1lLksO6mw1PAdjCBUU5DhtsggObshXBhtrCXW1RVsRcGjVjIKzBimopTDI3jj3Wup6kjEcm49UG52qKuhLmjzDj1TYyOVfRJ9FPR1TsgYVxFI2VgO2yzbhNRTeHJkY4KsaWvjGxz+q2QngxyrfTJ88Uc7DFI0EFUxbV2epD4SXR54V0xwdhwOxTpYmzMDSAtkJmK6onWq7RVkQGoZ45Uyam7jusTU09Vap/mqbJjJy5oWqsV8gromxvcC7gZO/2WuqeezFKOB0tOQMFuFQXmxsq4jJEwNlbuHDuthNCHcNUCppSQQBhaDHbVlYRiKS5yUx+Vrmu1NOAcK2aQ4Ag7FOulqbUxnLcOG4I5BVRQ1c1DL8pWbtH0uTDIk4MuTHjsgvjyOMqW3ROwFhXPBPdDJLHIzG9FBX25heXRx4JVFPA5jiHNIwVtZowCBjlV1Zb45BrLQCkTrUkJlVgyToyMEdl1ucYJyrOsovDJ0NwFXOhcwnZZJ1uPRnawzpaCgSxd8IrHkHcIuWndZpR3lp4K8scOQkBypssIcNgokkBaThKde0NS3HHOIILSpNNXNZs8KIRjlc4OUKnhkcU0XDKgPAIHKcQMZVbDMWHBGymMqG43WqM9whraOIKFwpOxGUMrRz6K3Z7C01fUUpBa8kDsr2kudPWk48kgG4KzZA9EIFzHZBI+xRRscexThuPR7Nfqu0zCRrnPj7tJWzoam1dTP8A5M/y1TjcHuvF6K/zwYjm/mM9+Qryiu0L3NlppjHINxg4IWiF2ezkarQtS3x4Z6JWQVtpqXU9dCJIjw4t2I9cqqrbVba1xfB/JlPBCLZPiHJG0Ud7gbVU/GXjJA+61FV05brrBHW9N1Ake8avCB3T1yYk7K3yYAPvtkeTK0VVP7bkBPebRem4IEM3odlc1RrLdIYK6le3Gx1NUJ9ot9y/mQuEMh7jZW1gJXRfZAjiudocTFIZofQnKtI7la7qzwKyERyYxuFAfFdrWdMg8aL9dlz/AHGu5b4cn6Khiaa4FU9PVNK41NqqCRzgFWFi+Il5sMzWSSva5pwdyFGpZ662nLHGWP0VjKbNe4/Dq4GxyEfVjBRKc4vhipxrlxJHsHSXxipK+NkNdK0njPdeiUN5t1xja+nqGHV2zuvkCq6Zulream11DpIxuADkhWvTnxJuNnnbFcRLhu3PC1Q1KXEjm6rx0ZrNR9akZ3TXNyOV5h0t8VKOuY0fMteCPpcdwt3b+pLfXAaJA0nsSnKSnyjk2UTqe2SJzmknIC4WHGSEbykZzsUgAdwi3GbDIjoyFHqKOnq4zFURMkaezhlWEjBtlC0+6jaYabi+DC3foA5NTZqkxSDfQTgLO/xu9WGXwbnSyaGnGvGy9dMe3Kh1FBS1cboqqmZK13ZwypFexytz+Rj7b1NQVzQPFAd6Eq5jkZKNTCCPZUt4+G8FQ509nnNPJyG52Wckb1j0s8tla6SNu5dpyMImgoxjZ+LPQElkbT15Q1bhBWHwpRsSdlqKaspqkB8MzHA+hyqwBOqcCRgLqcOElMCwS7q9kRJBtLzka4ZIB7qpvPRfTnUDHOr7eBMeJozpcFcIjVe39FqTjyjyu5/DrqKzOdL0/VS17fwwyO3ws6btiR1B1NaTSSN2Pij/AFwveWnHdQrtZ7ReoDBc6CKoBGMkDI/NC1k2U6yX9R4PW9EW66tNTapmkncBpyspcOmKqgcWVdM5zR+JoXtFy+E89KXVfSF1kppeRBJu1359lnJ6+72ouo+sbA5rRsZ426mu90iVW46tetx92c/29nlD7a0j/dm/llQnUs0ZxI1etz9EWK+U4uFhrRGXjOx2+yyN66YutqcRUU5lYPxtCTPTfo6VWshIx7o2u5CC+jaRnhW74GSHDW4PoUN1DJ9UY/JZZ1bTZG/JQzUZB2CAYXA8K9khmbs6IfdRpIAOW7pMoYHxu/ZXtLmDYkfYqyoL9V0mGPeZGehKiPiaMgBRvDcDg/5quUFKEJrlG1o73SVQALg13upbXtJy3f7LBNLmkEEhTaevnhIc2VwPuUyMzJKjng2LhloUdwIKqae+FpAmG57hWUFbBMAWvGfco1JMzzplFhtTmYJTxL7Ln1jhD0+ygvBKEg5yM/dP14/GP1UHB9UtZ/8AlKjSY+M5Q5TLKOocDypIq8ABUrZy0hPE5I54SpQTN+m8lbS+S9irHHADsqWKp7MPY8tPsVnY5Dg4dunMrJm7PcSAkTpTO9o/PxcsSeDVw9Q10bdGvIHfKtabqxwiDZM6gsNHXMGA88qUyrY8fdZZ6f8AR6XSeexJbZHpMF5opow58gBKl5Y9oexwLTuF5Y+VzeHO/IosN5uUDQxlU/SOBlY7NJ+j0NHnU/zR6UWy7mI49vVC1SN3lZgeqxFP1hcqfAc/UPdW9L1xSvw2qG/rlZ5aeUTrUeXqn1LBoQ9j9gd/dMMbScAqHTXyz1ztPiBp9zhSXNbn/dJMJMqmzdXq1P2EdEA3zAcKI63Uk+5iAPqpTJamEfzmRvB7lIVUX4m6c+iU6mzRGVb/ACKuWxUjjkMAI9lXz2meHLqaU7fhcVo9bXZI4KUkbXEFrUtwaD2xfRlRPWQgCalcQO4Tm1cT8DJB9CtDNAHtwACq6azxv3fHhR8gSWGRGys5BG/ui+I5rTgnH3THWYtBMLtJxyo7ae5RuwXxvb6ZS3EOM2ia25zRjQfNj1RG3ZuPPBkqsE7t9cLhp5SFRDIMMJz7qYHwtT6LptXRyN1F5bnkJCOGQZgqGu9sqi2JxlNxK0gxSlhHdBsbDduC7fESMOblRamkilbpcwfcDCp5pr2H/wAuoaW/ddF/qoGiOqpiXDkjup0C7IP8iQ63Tx5EczsHflA/94UztRJcPdPj6kpnjzscD9keO7UdQ7SJNJ91C98H0wRrHDBdGV1txpQQHv0lEc6ld+Np/NAkpaeQ5MQQdlSbXKeSUKyleN5c57FBlipKtpZJCxzT7KJLSsaR4bcZSdDUNAMbtgjUWxVi3fkhlRYaGWPTG3SfVVdT0zKP7qqACtTUSs2JOUN9RMDypjPZknpq5/2M+633mmcYmuLmjg5TfnaqP+XPCdTe+FoBVPPJTJWQykOfGCVMYFfxtvUijFcPxMKRmjkGdYz6KwltkDySARlQprI0nMRJUwJlC2D/AGB0sdxhCkghDdJY3HqQnvt1TFgsyCPdNdDWDluVW0VLcu4kR9topODFv2ygGw0HOnf2KlaJBuYwu5k7MP6qbUJkot4cSBLY6YjETiw+oQ/4K4cVBKniXPZCkMvEblXxoH4oP0V76CaNxG7vdBNPJ/Rwpr4K6TfVhBFNXDk/uqcEKlDHRDMTx+BMLH8mMqW6lredSEaauHqqcEIlPHDRGMRJA0ppiI7IzoqzOC1NLZm/W1DsQltyfCG+A5LwXeoROOVzVkEYV/GUsiGQkSQM4XPCenujfjOEG0jmwRcM/Sm6/wDCkZBndqd4jf6ApsKGcpmCjDBPCK1gwDpwr2FpZI2T6JZPopOgf0BdEf8AgAU2DNhF0+yWhTBGMcLojHopsK2kMQOznCeIT6KXhoXM+ymwOMUBEAB3RGwtxsE4Z5wmkzfgICLCRNgTRhM8OIHJdgrhjneMGRPZROdu6TKt4QcYv0hF0LB5nLgcHbtGyK2mpxjU1P1U0Q2bv90IaqcewWmR+zGZXPAezBeOUQ1WgHw28oWuaR3nJVN5CjHA7A9VzJ9E4M7rugIQ9m4CUMudlTPAd6IjaXJ4woEq2QRG70RRTuOFPbSjnSitiHGMKDFVL2Q46fA3bj80RsQJRnaWJviMb9ByVAlDAhBjfCcI2jfCb47jzum5OVAlFIJkcYTNXskBnumafdQvCHJJJKAiSXdJXAN8KF7WcIzsEvD2zp/dHEYdyMrun2QyWQ9n7I3hH1RYmLr3sj+pBkuEEAOk5P3QMpuEOyTox2S1Bu57KofdqlxIbgBRzU1chwZNioD/ACIrou5bhTR4BO/3UOourOInYKr/AJd827iitpA05KJRyJsvnPo6ayqefr2KZoc46jvlEEQHZOAOQSEWBXMuzgZgYwu6T6I7YzjhODCDnT+6NRK6AhpKfoxjIRmgDlqRCdsSQZxo25S1j0RA0jsu6fZKaSZCOQfRJsWXKUIwOy6I+6MJLIPwWgDZGa0Lun3XQMKDFHAwnHCY4lPchyODRuiCGE4XGkuOMJBjpCNlKiiDQCQiySMcjWR5xkIpaNIwV15aOG4/NADychCE1gR5S0n0RYoS4jZTYqfgloVlxg2QWQvcRlp3VhDRAAOx+6PHAwb4Rg4YxhXgZGGATIgwYCJk8LmoE7FJWGkl0cGT3TScbkpzeCfRVtwuUcWWjYqmSdih2SKiuigafEOFRVd2bMCyIkA8oVRVSVJIcctURrMEqjBda58JjzuMIIadWMI4BynhoxwoZJZzyMaBhEPCRICC94A91ajkGUtp1zgM7hAc/PdCcSTyubp0YiJWZ6E5xzgJNac5KcGjuUj7BDtByEa7T2T2sweU0MyM5XQ/JxhWkDKWAgY3HK6cHshAHlMdMGtweyYC2kSCWjlwUCrrmt8o3QKmu7A4VZNKZDn3QTswhM7fRIqqh86hAYRMldckqW5mWTyxqSSSYXkakkkgJkYknpZb/V+yhYxJJcJCgEp4Opi4ZcdkJ0+30qRhkU7UuWGecd0wkDk4UV0xz3TZZicYCYqzLZqYdHsoYAc4T26cdv1XSBgn2QSTlfRlHJ82HJJJwGEaRBoGU78k0jC45+lFnBDkkg7BBbknJSdJuNkWNoIVpZIcHCdgpDlFw3TjujIBSXTyk1QMWn3S0+6ROVxM+Mg9JcByuquiCSSSVEEhuREInKpkOJHjdJQ7hVmKncQN1lts+NZDjHfLCKW+XCR7xTt2A5IVbEwl2ShvkdLIXvJJJUiN2G5wuPZLfPJ1a47IYDMbpVhG1rYmnGCo9FGJnkuGwR6uXDMNbwijyhMpZZXVD3yE5dndRS3blF0k5Q3nGwS5jIrgCScri6QTuEsFUNOJJLo5VlCwVxF2IGyQGO6oLAgMLqKAAMAJKw8CQ5N8YOU5zgARnfCjh25UJnJ3T7p8TNbtKapdBAZH6x+FCuRNjSRMjIip2x4wo8h2IR5/McDsok+3dWLisgp3EnnKiT9sI54Q/wASXYjRWca3vhMORndScNDVFncAeUuS2hcSE3BcFMjGGqHGDkKUT5EdZBj8kjCUhw0JNGSnPO4RC3LA1u3IT42GaVkbRkkgJj8Fu22ysOn6UzPMp57eyzzOtoqXOUV+zfdO20OMZc3ysAWir5hBB5e4wPZQrHC6KmBPcLl1qNtOMY3SJy2n0aitV1KCKxgL5gXHOSrqjAHZQKKDUdeNyreJgjaCUh9GqmHsDVSAAtCj0LA6QE9yUKre41BA4UyhY7xmNA5SZGmDzJIuYIzpG2wUiqedDcO2wiuY2no3bbnCgTT5iJPos0jpVxwNs8DZK4Oe3Izlaad/hj2CgWSm8Km8V7Bl24Kfc6j+ScfqlZyaIL7clBcpfEqn57KrbqmqRA0Z3AGEarkBkJLt1M6XpfHuBeeW+qVPglf32YNvb6dtLSRRNGMNGfuiyuDGlxOE9gwA0En7qNXSsY0Ncd1lnydeC2rAOGMSzavzQbnOyGEsJ3Kl0LSG+JjbCqq6YT1Wlo+nZKUQdRPbDA+nidKYYG7udhad8bYYGxDGWjdZ62DTWRu9Fc+P42T2yUFv6GaXkE4F0vqApuWtpXDGCgQM1OJ5wuzuP0gLFM2t4WSNISNwkZRFG6Q/hCZrL5S3GzVBvlSYLfJj8Sox6iWImKvtSKi5uLQCMcp9upXTzxxY5KhNBnkL3bnutL0tC2St3bnTurnxHJz9Ot9uTUPa1nhUsQADGjP3U6ljElTHr3aN1Admatc5g2HlV3b4cjXjjgriah5ket0lWFwWbTgbDYLOtinuV58JvIfknsAFdV8xgo3vGxAQeiaZtXcXTu9jlZDoNNm6rJ4rbZsyuGWxheUVUpr7g0Ekt15OO63XWtfBBRGnc7zEceywtowJJJMZ2yEAqxss6h4D9hs1oCDaIGVdz1P3A3CZUyFsBf8AidsrPp2k8GnM8jfPIds+igOSbd6n5WmLWHd/lHsFRUbC6RoAy7KlXqV76vQTs0bBHtVNpLZNOS4j8t1UuhsezSQNxSNjDdypLdmgIcbQMDc/dHHCxz7NcTkkojaXHj1XkXUUzbv1MXh5LYTpDew916dfKn5O3SzEbNacryqhaZqmeuAAYSSMo6+smTVrc1FE+JodUiLGQFrelqaOa4tMjc6dwsxaotT3VBBIztlb/o+ic5j6x8YAJw1VbZtrZdSNVRR+JO3I2G+EbqB4jpQG+iNa4j4mtzdjsFVdQSyS1bYgfKBwue2bcpId0pROAfVuH1HDVqGMAcq+zxtjpmNY3AwFaNjxgrLbLdwCSIhgN/NSRyo8fDfzUgcrFMjCDhJIcJJTCQZJJJECdB7J44Q0slQgckY5QSTlcyfVJQgkkklCAUkkkAYkk1JXgi5HZDdz2QYZPEkfIRtnATKx+GtaDgu2Sp2aWj2/dHGOURrBJTV0EYXFaWAWNyV08JZCarKOEnKakuO3UIEDmtBJPAyvGuqa0XS+1VUCcF+B7AAD/RepXip+TtVVWD6mRnBz7Lxpzy9xkPLyStWnh7ID0+6sem6H56/UcDnYZr1O25xuq9bT4d0GZ5q2WLbGmM/5la7HtjkqPZ6CBpAY0eUcLpye64ONl1Ym93LNMehiSYkgDEkkkoUJJJJWkJlLcVvVFT8tZKh+cEtIH6LD2GINp2kDbk/daL4hVYitLKcZzK/CprW3TRtDR2C10ohIneSd0embiMOI5UN/mlaMqyaBHCCdsLdGIYuQR7KuuUwpojMcYCsXnAAPdZHre4GltU2DwulpanKaiZ9VbGmtykeWXCY1N+rJwPK52ycdkGmaXuMhG7jklGmGhuSV9G8ZVthE+R+Wty5T/bINQ7XNpC23S8boom6hjO6w9I5k1cBnPZejW6LwIY9uy36ueI7S/A17rPlZZNeTIG6eUcNwMIMOHbopePDc8/hXJPXw7I9SSBnKyNyldNVmMbjOy0txqNFM4hZWnLqm58bAg/umJ4M98i/oozBTsYRvhT2jO57oGN/sjY1ZCfUtxz7bMIqeq7rDarTNUyHOGk4BxnZfM8cklyuEtyqDqkdsXeq9Y+Nt7dR2gUMTj4k50sHr6ry2gh0wRMAwXAZXsPEafEVM+GfXfkvn1OzPETR9NUsplM+MNWtaCB64UK00raenja1uCRurCcBjAML1MP2fKbpOU2MdI4skkx2wrq0xtgtHitG7s59yqU4FGMDdz8K+gZooIIc7at0EugIvAaLAaARyF598T7w2nthpc4dISAQV6FMQ1ocTgBeH/E24NqLl8v3B/Zc/Uv7Gjo6GG61GEGcnKNTuzyUxwAGyZE7BwuGm0+T0zXCLADIzlcXWfSF0clXJYQOQbjoORurGkk8SEOzv6KA8N07p1FNoOOyyTjk6nj9Q4S2oso3EkhR61o0o7SDv6oVSM4WaUWmemX3RKWoadWAE0cKRUAauFHVpnIsWJsEnwk4x2CYnREDGTyhYUXiaDL3P4ayl9qAI4aF4Zxuva/hbMJLfoA3wks9X9OT2an/JtSDkI9O051BNcBkI9OASAkyWT6NBZKy+QscNWncjdZ6DZ2n0JWougBYc+iy4w2pLWjbKWngRfHEsj5Gt1rrAPGjPYlNmBJOERoxFF6hybAyArrGNAwOVSxnMcmR+Jaevia6mJO+Fm2sJldoGy2VnK1MfubPMeqowy5OdjGVVNWh63a1tcCBhZ5q6NB8n8tD4tVKP9xHsrq17sxnjCpsEK5tJAB39FqRxtTLMcF5Tx5xspzIgHsOM4QaRmoAqcG4Lc7J6OJJ8cksN8SHSQoUtP6hWlOwmMJktPngK8CN2GUdRTeU7KnrafSdgtTNDsRp/dVFbATw3CTbE11WmZljAfwusZkjZSp4P5m7f3XRHgDyfus239G9T4I7ohpzhAZkOLQVO07EKLIzfOEmaG1WuMlIurPWuBEZd9O4XoFoqmVNOASNQC8rpHuZM0tK1ljuLoahrXOwCsFsMM+meA8luhFtmzLPDO4yCs3dKM09S5zW+R+4/NatjW1EIkiOdtwolXRtmYWPbzwsslwexlD5OTG1EXl1MG3dWtlqs/wAlx3AyEKSARSvhf7gZVdl9LUB4JGk/ssz+xmdx+Pk1FVEaiPTjOdlnHudS1Bje3g4WooJWVMLX87bqov1Fpd4zAri/ZVkdy3IYMYjkaeSFYCQPVLR1GWCJx3B2VhA4jGUxvIFVjJErNhgIbQScFSowHDB/JBmiwRgKlyaV93IKan1sy0ZwqmqhLTkN+6uozgY5yg1MGRkNGSqksFWQyVMJLHDKlxzFpBG6BLCQRjZdYC3ndAxCWC1p5s4KjdR2Nl2oz4ekSAbJkMuggFWEMwIAzsVa7LuqVsHFnlJhnttSaapYW4OM9ldW+oyRuP1Vv1lY/Ej+eibxysjTTmLYLRE87bW6JYZsIsSswR22UOopiHZCfQVIkia7O/BUqdgc0EJwcXuRCjGD9lOjIc0bKEW4dlSqV2g7qDsDnREcKuu1OH0xdjJCuzh4wGqPLCDzwn12OLEarSxvhtZ588Oa4hwwVzURvnhXF0tjm1D3taNKp3tLCcrb8rlyeC1Glenm4yXBorN1lNQubFIXNA21Ar0mxdWx1bG5ma4fdeHF3sj0lyqaN4dBI5pz2K01aqyBwNX4uF3MUfRzKmKqaDG7KhVtO2TkLy6x9fTwFrKlx27re2vquguDQ172kn3W2Oo+RcnGs0FtD6KPqG2OhPjNGcHIK876jbJTVUV0gaGg7Px6r3CpgpK2EtBDmuH6LzPqmzOpfFp5m5jkyWELLqoboPBs0Gr2WYmVzK9lbSxVTAMloDvurFmirpgTucLH2usFBM+hqCdBdgH0Wjo6oQP8Mnyu4K4sq2z6T4e9bMB4DNbZxPG7GDut1abpFdIA+PkDdY92mVpBGxQ6SpqbPVCaAnwyd29kk9fptRJcI9B0qPLFnsm265QXCESRuGcbhSnNylSWTrQe5Fa+HsW5Cz9RFLRVTjGCWk5C1j4x6KvqKfxWmM455QPgCyv9EGkqm1OW7hw5CllmBnCppGzW+p8zCRznsQrSCqimaHNdnPZRSAh3ydc0HldaTGRtsnrjx4jNPqjDxgJtK3GFBrLcHxkgZU2HyDfujEa9glvoGdamY+opnscWvaoM0JB2b+619xoTINWOFQ1FOWndvCW+HlHO1FXxy4LPpHq6SmeKCueSzOlrj29l6LGBMwOBBDhnK8SqaZ8TjLGOD2Wy6L6se0ihrpdhs1xWmi/Mtsx+lvwts2beaDPAVfLRh2eyuCWStDmkEEZBCC+MHg4ytbWTotKSMzWUGDnSq6Sm0ncLYS0Yc0kgKpqaM5+n80EoCLaVIoHMLeRhPp6vD9L/AKeFJqaY8YwoEkbmbIMtMw21OPQe4W2CvhOANWMghZWopZqSQseCMLSUtS+F2HHLUesoae4x7EB2NinRm+znW1bikoapxa1jvsrMZ0g5VFVUs9DKWnUMKbQ14kaIpDuOFsrs9M51lJOfEJcDIVJNSz2qqNVTHSc59ldMdvscohayVul7A4e62VzwZJ0RmmmTrJf4K6NjJiA87Ej1VtPTAjbG68/r6CegkNTRkhmckDstH05f4qmMU9Q/DuNzwVrhdns5dv8ApvaybLSDcFmQqG72Vs8bnsbuN/dbDDSDsodRAHcbH1TkzNKCkYGCSrtUo8Ql0fG60EU8NTGJIiCD+yJcrW2rj0ceiy8b6yxVpjkyWE/kQmiGnW/7GikhG2yjTRZbghT6WaCugEkBB2334XJYC08IlHJTxIoamlBz5eyqKql07gbLVPp9WduAq6ppNtgAlWVKQmVWOTKyxaTwgsc4FXlVQnOQwDZVktK5nZYbKdvIprHZyMh2y6+nGM4591FcXxuB7KdDOHtAIWaSb4ZWcECeA8YQC3G2Vcvia5p8qrp6Z2eEqVO7kr5AA8uSBhOY9wI/yQ9Lm7FdIzwh5rG8PksIZwRjkovdVMchjeCSrKKqjc0AHhaa7dywxVleOjpYUzHClYBCYW78Ju0BPHZF0+6ax74namOIPspWn3QXsxjdTDXKJhS7LKkvpbhlSzI9QtLZOpKu3StqbVXOje3gB236LB6vZOikkicHRvLT7I4XSXYi7QxsXB9A2r4lWa7xNoerqOMOOwma3n7lTq/oOGqg/iPTtU2WN41ANdkheCU16c3DKhocPXC1/TnWF16fe2e11zgw7+GXZb+i0K3d2cW/x06nuijRz/OQSOp6xrg5hwdQUWW309Sc4DH+oW3tvXnSXV8TKW+UzaSr06S8/Q4+oPIQLx0LJoNVaKls0R3GHZT089GbLr4msGIdBXUZ2/mx/qm+Pq2fDj8sKXVtu1rfpkiOB6jZEpa22V48Os/kSeuNirJlPk5SXSej4Jc30cpUkdkvLS2ogbHI78QACm03Srqw6qeRsjOdTTlPn+H9yd54JBt2VQFytgveDMVnR91tT/nLNVFzeQGlWVk+IFwssjYeoYZWMGwe0K3FF1DZWA1EZliG2OcJkzbVdWeFVRNa47EPCdia5iwZThasWco3/TXXM1wjbJbK5lTGOWOduFs6TrKnjLWXWJ9M38Uzh/KH5r5yrOi6+2yiu6erXwvByA1xAVxaPiT1DZXNo+raFlbTjA8Rn1NHrumK1x4mY7NDCSzS/wD3PpSmuFNVtbLTTxyxuGWuY7IIRsA75Xkdl6n6eumKrpu7NhqXbujB0b+hadv0WppOsbrCRHdLeZox/wAWmZx90zejnW6Zw7NkueGAFXW3qGz3MYpqturuDtv6fdWQdkcI8macGuQOADsk5rXjD2hw9108ricLTxyjM3r4f2K66nMhEDjvqaMHKxtX0J1LYWCqtNS+WMHZuonZesJ7N26ew7KjRHUTXD5PJqLrW521whvdBKwDYu0nC1Fq6ms92A+Vq2Fx/CTutJWWi33KMx1lMx7O40hZG5/C+2EOlssr6SbJIIOyGUsDYyhZ/Y0DTq3Az9klhHjr7pt/hspzWQt5cBnZWNr68ts7vl7tqo5xsQ8YyVSeSp1tfjyavGURhQqWppKqNslNKJAfRGwRyE5RyhWx+xmcLpJPK4khxgEc0plRT01XGYaynZOx3LXjIT2DOU7T7pbWGRNp5Rj7l8LLLUTOrbDU1FpqTvphf/KJ92qhrbZ1PZCY71QC4QY/v42/h9SF6k0Y7pzJwRhwBHuq25Hx1DX5M8RrOl+muomCWhkbDK7chowQfssleOirvaSXxsMsQ3Dm7lfQF56RsN4eZnUfy9Qf+PAdL1na/o7qqiZi2TQXGJv0xyHS8hKnWpdG2nXbfxZ4FIzcsqIy0j1GCguoGuOW6ce69ZuNntFa4014o30FWOdTMA/YrOXLoySnBlpHNnj5Gk52Wd0HXp16l2YKWztlGWkZ9lDntMkPLcrXOtMzSdHlcFH0Ttk8OSMEhJenZrWrl+zFS0r2k4bj2QXBzTuFuZKSkmGJYw1x7gKvm6dD35YW/dA6maYapLszIzjdda97foeQrCstFTSuJ0ZaPRQzGW8jCTKLTHKcJkunutVCAwuLm+6sobrC8DUd1Q6R6pgc7OQNwqbaKlVCXSNUyoDwMDlEyDystDWVDRjXsFPpLrkgSnCsTKlrouHNQjkDCZHXQv2Dt0cnKuXIrrhgzJKwgsKMKxrPrG5Qy4N5GUORofgcKikH+ZbIRwjCR2nyuUBtOScg7pw+ch+luQqcUzTTe65ZRL+bmidqBJ+6cLs0H+aMKKyre4gStGyKZLZKAJToKW6kzrVeSsXskfxGmlwA/BSE0TnZDgVBmpKV+9M7OUB1urOxOO26TLT5Onp/KvOJF0X6gCx+PsVPpb9dKRojZUEgcat1lI4LjA/UwnP3XJK+6xnGgJEqMcI7en8tlJZweg0nWtwidiqijkZ6YwVPi64t8n1wFpXl38WuDT/NYMIgvJGNcGc77LPOjB1tP5ra8OR7BDerdUsbIydrc9lMiraWUYjqGOPoV4qOoGN4jePsVIg6pjhO5fj/AJlknp2zs6fzcXxJnspqoycHwxj0TnSxvx5gvLaLrqiZhrnv9dyrWHrOglIAmIJ9wl/xmdGHlany2b1rGEHCAYhk+X9lm6fqAzbxTgj7qfFeagYIIP5oHpX6NlfkKZFo+lY/Aczj2Uc2qkOcs5Q23mpx9GR7JC9xN/vaeYfYJL00o9mn+TVLpgZbEwnMEpYQostsr4m5hDJMcgq6ZXUsjdYkA9jsU5tVTTENZI3KBwkg4yhLlMzrmVMQ1VFM5o9RuEx0bJR9IOfVaaTQBvgqOKSmlzqib+SCVcmM4MxLbmOORTjHsVGltEBH04K1U1vjbvHkeyiPou6Fxa7CcIS7M0+2Oj80cjs9suK42G7M+ipa4emVoZKdrRhzRgoZpo2jIA/RVjAKpT6M+6S7RkawCfunC51IbofE/I5IVw+lD+Ah/LFv/wAxRcgupxKs14d9TX59wu/OMdsWn9FYOgaPqa39EKWnhc3S5rfyUK2Mha2vIwcJ7iRw4Jr7cxxw2QhcdZG4z81MP/EqFfFZno6185H1DHphMNQRsQu/w6dow2sOAoUkdyieWgNePUqZBk3H8kSHVJzuAmmXVtpG6Brrz9VLGffCWqoG7qfb2KgDl/YeaeN2+EI00eTkbLpqCAQ6CTPsFHdVg5zTyj3woK46wGNHTYOW/ugOo4mnyJhrYs7uI+6585D/AFlQTZ8fo5JCO2yAWY9lIFVTux51wPhf+IEKGZ4I2fdIhvBAKk5oRsSM/dIut52yjUcgOKIhEGN4gT91HLICf7oKfm3Hv+64Tbh3/dA4MGSTWCD8vTEf3YXPkoRuGYUrxaBp2P7p/wA1RgYDgoLUIR7ZANE0cBNNG0jBClPqoi7ZpICH8x6NKWA/jXXJH/hkBPC6bdAB9KkGR5GwTNc/cjHZWWlF+gBpIW/8MphpxnylGlFQ7AYM5TBSVJ3JwCoE63/Shgiib9bsH0TPL2CkClJxq5XflSFCfDKXoiaTnYJaCdsKa2IN7J5aMcKA/DjsgCBxKKKXbKIXRtcumWHs/f0UHRhBDBCPTC54TQdlx8+NgNlwVBKGSyTCXQ4tAHC54h9EXS4jIG6Qp3cuA3VDFHPQF4LiMDldZA127xuFIEOPNhIRZ2BUL+Ngfl242wueFjspTacn1RCxjGguQBxqXshNgc87hFZCQdhhEdPDEDk8KJLcT/wAoX9lfsmiMY4XDJDF9bseyrjUVsp+kgJwjfsXqFKe5/aiW6twMQlANTO44J2TmxDCQ0nhuEKlkN5l2zoD3DzHKcGN9Auamt9k3U47hu33REHp2w3CC0Pzvn9UVrSVCDNfm04TwCey6IzzhPDcdlCA8FdY3URsuukZH9XohPuEEXDt1Ct8Y9ktrQBjHCGXNzvthVlRd3u2iKgmtqJDgu2UAepj/SXsldBEPqyVCkusjgWxOCgN1OByMp0cR1bjlXjImVs5dD/mJ3OJc7IKZ4TjuRypEcQOPL+6kgANxpVKOSPL5ZEipvUIoiA42Rw3HAXQ0k4R7GilyMjaByF3HZFDPZPZCTyNk1QwitqZH8P1T2QgEORxEBvhMc7AQygkxm06GgDBb+67hv8AT+6aNhldOfRN2i3wLGE4NJ3AXWjDgiADCpvAaWRuAup6SWElk5gLqckeFA1Eahk4XXd0PBO2VCxF4CYGOlI7JwgOc9lIDWsbxujCjHJ2KAMbnCa+X0CY6WTVpZwi08TpiCoEovoFqdIdm4CPDSF5B4ypsFFgAkBS4og3sNlByg+wNPRANydkQtDRsiS+UAN2QXOGCMqwniCG68E4GE3UmudgrhkAVAZCA+pRNbfXZQZamNgy52FV1dyke0xxuIB7qLgVO5QROrrwyPMUe574VHNK+aTxHklcx3PK6oYbbXM4OF1JIbKhTkOwEicBN8YDy90B0mdt0cY57AlJRHySZ2CjuJ9V0k8kphfkcJ0DNbZkbnfKXiD0Q3/UkJgTwiE5yEBzhPA09kweXCf9SgWQgOUicJusAEqNPVAbYVN4FyngPLUtYMZCr6mpLh2QqicuOUJhJ3JQSlhCZ2ZBSPe85TUUgcoZ5SW8ik8nE9MT1RGcJwhp5cD3TFYtsSSYkqKcsCTclcTUTjkreEJGOUMkpZPqh6h6ooxEzsyOLgQcFR5SB3TtQ9UCU8YKfGJnssysHFzGV1JPSOe1ye0Lun3SauE5X0BI8SFSXAcpfiVvgg0jQN9lGkfqOyNVvxgeyiRAl2SlxeSBGtJOSisGMpNbsnp8Vgg5dz2XEkRBqSSSgYxJFPCam5BbwMT0kxQoekkmuSgxpIwmpJJUpZII8LMX24BmYWHur+ul8CEyeixNYXTTGRxyCVzdXZxtNmlr53M4x5ccY4UuMlwDWjdRom74PdWlvhBlBI2KwRi2bLZk2mjEFOM/UdyolTJqfgHYKZVuDGHB9lXEknJR9GddgiRg79lEeclGn2Gyj4OcpM5ZNUBwAwkQF0fSmEFQM4edkgO6Q5TwBhMCOjhGQkVQrOORLj/pK5krkh8qgKlu4Bk74yhrjs52TsFQJLkdyrmlhbBS5P1HdVlNA6eVrG9z+itJ3AEMHYYVJGa2XOABOTlRKjlSXHDT9lEGHZzuoi6wcmce6ZECOQiJ2AEDWRgN5wOVBcSX8qXUuAGx7KHGCXBJkssdFY5JUIyASEWQ7BciGBuFxx8ydBbVyDuywtOBgk+iGeURuzEM8qrHhFRhve04ASCFqelqMlmdPZZtjQTj3XoXSlMGxgloxpWOUj1XiKfksj/Y1dLC2Clax2xxlU9XKZpjvsNgraaQMhJOwAVRFH40+SduVmnLLPaR7wTqGI4Duyk1JwzlKnwG5Awo9VN5tGEMng1QWCOW635I3CvbRRay2ckBrf3VIzJOMblamnYaOh1HBOOyU2aqkuyLca0PlEUZJa0/uuyxlwjjaMueQoVMW1Fd5hsHZV5TQ+JWDSPLH5kmb2m+h7o5LVrRHC1mMYbjCo7zUtbH4ecuKuJ5N/RZC8VAlqXAHYbJTHTW1FfM5zn+XclbrpK1tpaL5mRvmk835LGWulfWV7I2jO+69Lp4/BgbCBgNGFlsfPA7R1/duHDaTWB5QqyVjqitLXHyt3U+eXw4XD1UShiLmGU7lzuVmsz6Or2Tp5WU9E9wwCBhqzTZNJLzu4kklW18k8Gk8Jp8zt/dUwYHFrNWDjlFEw6if3bUT2ziCglqiPMW4HspFvuXi07QeXcqqvs4prfHTgYc84wEzp7XPLkcMCz3LJVVko3KETcU3htaDsFFqpB4jvRMa9308IEzjkx5ySsU0ddsLCzOXkcrJ9Y1kjXinBw0jhaZ0/hMyRsAsBdah9xuEjictaSAEUUc7Vy2xBUkbtGrHPC3HTdG2it7qiRvnk3BWXt9O6ZzImtySQ0LbaNEEVMTgtaMpOps2x2haCnc8h6CInMhbs4rQUjB4bdIVZRR+Ru2BwrykjxEDhcS17pZPV6ZbYYZUdSTGOndTjYu4Wj6Jo4aW1/MNH8xw5KyFzl/iV4hpXEg6gdu4yt4xrLZbQGjAY390ge5ZMj1xV+NV+DjzYwq23xtbTZGxdyVEu1XJV1r53HOXHCn0QLaTUQrawJYOQ+LM2BgJ3WnhApaRplIGluSVmrY3x60nHCvLzUCGj045GFRUeykkLqmZzzvqJK1FnpyI2l2OAs5Rs1Y2ytZbGkwDbsEm1mmtE4clEKG1E7hZHyzTEyPxFrXstkdDC/eZ+4HosuyDwKSNjRgYGVa9TzNuN98FmSymGHHtlRHR+LMyEHDRynwWI4Mtkd1hOomNbHHG0fVgL1S00jYKOKIDA0j/Jef2ChiqLpBE8ZYxwOPVepRQtGGhuwWS+XobGOCZC1sMGt2wA2WdqW/M3MbZCvquYR0rmu7jAVXbovEqA4jKx2S2oaXlJCI4wAMYCljlMDcDACIAcrFJ5ZaDx8hHHCDGDkIw4SJFD0kkkkMMkkkjAEkkkoQSSSShAKSSSAMSanJqJAsSWM7JIc0wgbrIyBuoxkOiHVPL6pjBuGuyVPGO3CrKZpc58p3L3agPRvqpw+6YWEyVxJJQobkriSShGsjjjB3QTyV3B/qKGNyASpFAJYM717UCO0il1EGV2dvQLzMxkADGy1/V1aa2qrJGvzHTk0zR/jHKy7AHYHsuhQsIEHFAZXBoGcr1HpqjbRW2Jhbhzxq/JYey2uWrrY2N7n9l6TC0RgMH4QAiullYLXZJbuk4jSdwuN+k/ZAJOeVlNGcIM0+YFcXGHKR4V5KUsiyEshDJOUsn1UyRSyHyPVIgnYIAJzyjt7I4YBwmYH4hVLqi40drjbl4IcfQKVRwCKENxjAVTd5v4j1c8Qj/s+z/urpxOwxjC11LDLIMX8yvLRwNlaSHJACrrWwvnmnI/GcKZkmo9mrfWiPhD3bDJPC8t+JNdJ4sVIHYa8lzvfC9Jr6kQtDjx3Xi3UlW+53aWYuJYxxYwegC7ni6d9h57zuoxTsI1FFhmpwx6IF3PhweU87KxjGmFox2VHdZzKXQD8K+i+PhjCPlnkrMpxD9KQMnuTfEbqxuvRhhgGBsFjehqZofJO9uTjZbIkEDCRrZZswjveDr2UJkqDJjDiOV15JjLB+JPGBAwD3ygncgLBHs9GksFVe5BDS4cedgqqx05kndMdgP3UzqiUBjYhyErMNFIMjlO25MNzy8FhwTvlKaRkMLpHkYHZM7qq6nqzR250uThbtJTvng4Hk9ZHT0yb9HiPxHvAvnU7YIyXRwZHOw33UWihDqyFjBs0gKA2VtfdKuua3yuedP6rS9MQtfWFz25xwvf8Aj61VUj82+d1ctTbOcjVRMLWN23ATK2URRalLeQMDCr6yRjp2xH0yug3lYPMvkksYXU8Qx3ytEBppId+/+ipIW4fHERlX5b/LDfRJsZUFyV12qCykeRtgcr576jqn1d2mkldkteQPsvbeta4UtomxtqB3XgM4e+Z0rjnUSVztQ8cHf8ZXzuBycILNnkosnCCO65FjWTu9lhAQ8copGO6h05PqphOkZ9VHyLYGUk7cJrXaHDG6K4ZBKjOakzQVMtkslnTzF+EWR2tu4VZST4fod+SsWPBGw5Wdx5PV6S+NkP7lfVghw+yhuVlVAYzjsq1/KWhF8cSbBHhOj2eBlNPC6w4kyUuwCPZJkadGV658I6jMAYeMLyeXAZx2XonwkqSDoxv/AOqDGT0Hgp7dSj1+TlEpP74Z4XC044RKTGrOOMpU/tPqMJYIN1Gcge6yj36KgnHdbWsgD35IWQuMbYawYGAXJQF/WQgGp4bjkLuNDC4Nzp4CdGWmdrR2CcRyE2LMb5QdzfFoS4DJIWfLAwkYwVo4MGnDe2CqG4s/3g4C1VnN1cdq3GG68pYDEJg3f1Cw7BvyvROsoDJbw4DOCV5w0YK6FMsM+XfUdezV5/YdwACmWtxwd1DHClUJwMH1W9HmLI7uDaW0aoBkKc+MgtPsotmaHU4yM7KynjHhA43TorJwr3iTiS6JhdHnCLLHhEtIaaX1R3xk8BN2rBjcmnyVckORjCqK+DDfpWikhzuq+th243S7K8j67OTIVUIDwMYCE5nlVrXwYOoNUMx7LLOCR0I2ZRDZHyMqPJGf3U8Mwd0CWMLLND4SIYeYjqG6uKGUSxteDhyqpGgjJGUa0yEVIaTss868o9B4jWSpkoyZvemry6F/y1Q/Y7BxWnqGAAOHdeexEtIIHHC2VkubKymMco1OZgDdYrK8H1LxWt3rZYyNcKIPJma3jkKjq6UyMJaNwtfUMGDtsqqso485YN1knH9nZtrUo8FPZriaZwifuCcK/q42VdMcDkLL3CmdTvMjdg4/oVd2Ou+YpgyQ5dGNJSeuDHFbftZQSRmmqNJ4yrKF3lDinX2iwfGYFBgl1RDPLdimCN2yRbwz7gEYUwxiRoKpIpi0gEcK3pJ/KARyobKpJjTEWO2C66MPGAMYUnRr3wmHydlDQ4ZRVVNOWOyWqGBzsripiLhsMqD4YBILeCgwZrK8EUgghSqeXGAhyRgcIIJjOVFwwX0WsoZWU76eQAhzcLzm92ma01RJHkeSWlbplUW424XLvaxfLXpbgSs8zSmxeTm62j5INow9srzG0g8ZWjieyeNrg8YIysZNDPRVLoZmFrmk5BVzaq3QWguOAm5OTU3W8Mt6iPDguR+UghS3t8WIOAUTSWuOUw2xaayT4PME98QPZRqabBAIU4eYDCtPA2Mc8sq6+kZLERjcrJV9AYidI7reyw5GCM7KnrqHxMkDG6bG3BzPI6CN0W0jDTQOafpxn3QdOOdsq/rqLSchoVZLSlx9FoVnB5G/QSg8RIzMb7o8FXPSu8SCZzD7FCfCQQcH9V1jHA7p0LcGOWkm+GjR2zrevpCG1DyWjuCrqfqSgvtGKeocGv5a/wBFhxGXbhqJHAWb8Jj1PpmaXhoWfclhgL3SmGfxWbjgkKZbKozQAOd5mbLrvPE5ko1DG2eyhxNETthhZbJLHB2NJGWmwjUW+q1jw3uGRwVZaGzNA24wszRTkOC0lskDsZO6xS7PW6O5SSY6hnntdSGjIbq7ei21LVR1LQ5nGFmxEyYaXMBRaCV1qqMuLjC/YjPCo71NjNG9u3Kivi32GFKZIyaMPjcC0jYoTm7pUo5NixJFbXUYqItHpuFn4mzUFWWybDsT3Wvc33VTdaFtRAQ6PLuxCVJMTKOOhRy626scorQqKiqpKSUUdW7/AJStDgaQVFLIKeXyMLSeEWnlP0Oxsmgn05QpmO+uPYjt6oh7iTtDZARjCqblbQIzK0bqwopRMNLjghGqIvEGMoUsgzrjZFqSMXLBjbSqmogmgf40BILTnYraVltBGWN7KgqKYscWuaFbhno5F9LrfBpei+qxM0UVbJjGwJW52cA5pyDwfVeFSia3yiogzsc7L0To3qplbGKWpkwRtv2KfVdJJRkadNquoTZsNJKiTUrXgqYHB3CRGRhanLKOnhMoauiAPHZVFTS+y10tO2QE47KsqKI9glGe2nJmJIC040/umRyyU7g5vHcK4qKPPDQq6amIzsoYp04COjpq+LL2gnH5hUNfapKR/jR7sz27KzjL4JNY2HdT2y09ZGWaQcptc8GC3T7uDPU1QSQHY3ViwZblCuNnABkgyCN8BRKWtdGPBnBy3YFba7P2czUV/G8FmQCMEZCp6y0vbKaijcWnnA9VaMna9ocOCiNIPdalNHOvpjNYaO2DqAyYoq46ZG7Bx7rQOAcMgrIXW0ukb81THTK3fZFsPUb2PbR1uQ8bAlaa7Tl2V/EzQSwHO7P3VfX2yGticyRgyRsfRXPitlDRgb902SH0HK1btyAlFTWDzpnzvTtd3MRO/oQtXTVFPcqcTQuG/I9CpNdboauIxysG/BWTkdWdM1oc0F0LjuOyfBmOadTT9F8+AtcQRyo81LwQFa0tTSXalE9MRqxu30KD5dXhPGnHBVhKSkuCkmpmnOWbqnq6TfYYWqrKV8ZyRkeqqp4A7tulzgpC7IZMrU0hachv7qL5oiDhaKppf8Kqamn7ALBbTjoztY7GQ1GcAhFcxsrcjZQXNdGQUaOpIIBCz5ceMCZLIOel08BQjG8FXY0yjhRZqbbYIZwUllBQs2dlY9uQkxxYch26NJCQeEMx+pWdpxfBo3KaJUFSdQEjshTg5ruCqfPYBHpqgh3m4T67f+Zi5QLHT7ob25GMo0L45hhpyU98DW7sbv8AdaE0+haiyCITjOnP5oRadwQrFrA46cYXZKUEAjCHA1Rk+ipIcCjw1L4Ts4/qiTQaD5m/uhiMnuqTaJOD9k+nukjSDqOR7rYdN/EevtQ+WnlkdC7A+rIH5Lz0jS4YPCPHVDABCfDUbezFdpI29nuEXUUdzpnTiNlYzG8bQMhUlS6yVRJbqp5O7HjBC83ortVW+US0sj2+oBwtLR9R266hrLm0x1OcCfGG/Zyd8ymcu3RSg/tRpKa5XmwuE1sqdcZ3wHZC3fTXxJo64tgusfgTDALsYBXlrpK2gc2QSsmgfs1zDkLklxgkIJj0u7kJsJpGG/SqXa5Po2NlLXQA6WyxvGQeVW1/SFnrGES04BJ2LdiF5H071pc7K8fL1Tnxf9245A/Jeo9OfEOzXUNir5BTy+vYrSpJnLuptqeUuCpqej7xQa3Wyfx2D6Y5CqV8kDXuob7bzE453fHho/8AEvZRR925USutlLVwuhq4mvzxqbnCP493YmOqdb54PE63oKhlPzthqXU03LXMdsf0XKDrjrjomZsV6gNwpR+NuzgFu6r4dxse6osFaaGbOfCxmJ3/AIeypK1l4tw8DqWzltPwZ2jW322QOlLmJrhqoWcWLci7stR0j8QGfxOgmjt9wGMiAeHPn23w7hXcHUvU3SMmrqEC528bGqgbplYP8TDz+q8sk6Xoq8C6dO3U0Va7zeJG7yv9OOFdWb4o3uxu+R67phLH9PzY31D3GEULEvyF2aZf/SeY/p9ntFl6ssXUcIms1eyowMubw5v3HZWjZPZeUVPRXTnUWi99OXP5apeNbJqGbTk+4CJD1Z8Q+jniPqKk/i1vbsJYxmYD1x3TVb6Rz3pYt4jLn9M9WwVxZ/p3rvpjqVg/h9xaJvxU8nlkB9MLQA6j6IsmdwlCTjNCzhcwE7BSIwoLGOGeSqa7dHWC8scay3xF7vxhu6uxsnt8wIKJMJSlH8Tzip6AutoBn6bukm24hkcSPyQIOrb/AGJ/g9S2x5j48Roxj3XpwZjJDd/uhuo4pxmZmrsmp8ZHK1v8jMW3qaw3YBtJXs8Q/hccfkrMggZPCq7p8N7FXZfTMdRT51eLT+VxKpJrF1707g2+R12pwfK2Y6ZCPtugdgSxP8Wa9JZSl6/oI6gUF8pJrbUbA+MPJn/mWmgqIaqNstNI2VjuHMOQUyLTBlW0goJHHdJIgjkJKYQtwC7N3xwnRy52wmrjW6e6UAuBVVNTVuIqymjmj3Ja8Z39VQVvw9sVS50lPJU0pO48N/C0CMDhD7GxunF5R5bdfhTdADJbauGrzktGND8eh7FYW52e62yR0Vxt0kWDjVo5X0a0aTkbFDqqeCridBVQMlY/6g8ZVOOUaqtdKL+4+YXU0ZyBggoXypbnS44/yXuF3+FFkry+W2E0kzvTcH8liLz8M+o7O5z2wCoY3fUwchA6jpU62uztmDkYSNL2agVDmoqaoYWPp2j3C0L6V0flmiDT6ZUKanw76MLNOjJur1Cf4mbqOn4tBMTsOCrXW58WQ+M59crYuZjYoT6dk3lIBSHSa43tdmMNONwWn9UEwjfutjJaY3DLWAqFUWd43bHj8kmUWNjq49MzbHyxnDTjCPFcp2YD3EgKfLbw3bQoctFjgJbTGQlCztEuK6wyAB/6qWyWB7fK8HKohTYOwC4HTwu8oKpvBU6o/wBJfgSjeMalwyVjfrbsFURXWpjIONh7qfT9Q0zsCpUjJPsF1SXoK+YH6hhM008u+ckKYyvs84DTtlP+Ut794nA5R5QCzEhx+Q+Q4RfFna0YkRBbT+CQnPGSo8luuwPlaCOyJvIxXST+1hhU1BO78hdJL9yoOqqiJjlgdqHcBI1ro8B7XAepQOCkbK9fZHhh5Itf1BAfSdw1EZXRE4LgjtqIiD5v2QTpRsq8hjmRWvpWnluFGfQRYzg/qraTwcjBXBEHjyoHpkzbV5VZ4KCSiIPlH7oDoKqPdo475WilpxjYKFNSOKXLS5NsfK/3INPca+DbxiPzU2HqS50xBjqX/qoxojygy07wNhlJ/jYN9PlcezR0PXF0iwXzasepVtB8StRDKuEEDktC8+MNU3iMkJoEncLPZSzqVeWn6Z6xTdb2KobiSTwz6K0jmoqpoko6nS/GRh/K8SYcHAblSG1VQ0YZK9v2cUl1fs31eYl7Z7L49SNvGcfzRIK2rjfkvP5ryGnv92pTtWyO+7irOj66ukD/APeAJ2f0uS/jibYeWwerfxWXbLgntuMDuZhn7LzNvxAc4jVRMb9gpkfW9CQPEiLD6hKlSn0ba/MHogmp3jDnAg+yYWQE5a4rCt6zonfTMfzClU/WNO1w0VQb90idJoh5bca50bQfKEySMAA4VE3q+mIGqthx7lSGdR2x41GthyfdLde00x16l7J5bEdnsyPumvhoCNyVBPUFsJx8ww/YopuFCWNealgDuCSg2DFq0/6hSxwA/wAoFMLRjlO+bozxVRf+ZL5ul7TsP5qbC1qk/YB7HA/U0/YoL2HG5Ut0tMdhID9kF0lOOHhBKLZf8mJFcCDwgnICmGSD+sIZkpzsXD9UWzKKnZH2QDPg4wmmYHYtyFO/3E7kBcP8PA3AVYwL+aBXGOlcd4QnGlpcZ8EI5ktjScvXDU0Dd2zgfdTgj2e2iKaSDjwB+SGaSDH91j8lM+ftoG9VH+qC652xrc+OD+SmRclR7aIpoID+AJhtkHdoT33u2NJxIhnqGgH0O3UEyenXLY3+FxE40DK7/BhjPhAoZ6iiBw14whP6l1ZHhu+4Kgp26ddBv4Nv/dD9U4WqAbloUF3UUv4Q77ID79VuyBG5QCV1C9FwKKnbxGNl0wMA2Df0Weddqxx+l26Ea6udyXpYD1EP6Il8+FgJ2QdUbTyFSiaqJ80pRDrcN3HJUB+VvlItvmadm2ofquOrKcDOr91VtoppXDG6PHbZ8KBxna1wgslfTtONSjPuzs6WnI+yNHanO+tgK6224dkQge6hX+syMauod5hx9k3x6p22rIVm2iYB9PCKymhGCGKFqqUu2VghmkG43RIqCfkgYVo2FuPKxPbFUEbQ/uoOjT+0QYqBh3kGcIrIqZmwj3CnMpX6fPgJ3h0MI1PfgoZvA1xgkQnQg4LGpCnII1Ls9zpac4aA781AqbwZBiAYyllKdcPZYFsUY85Ayo01XSQ/QMn7qtMtVMcyHC4yl1HBPKguV0v6CQ+5y/TEOQo2usmcSdwVIZTtYRndSWhrRgDCgKcpfkQTE9+NY3T2Qb5AAUkgOTCMDOUOAcpMc1mluEPXvwmmUA4TPFycaVMFqzA9dG65qB5SOwQYYxWNhGwsO5G6IGjgBRzOG88IL7hHjZ+PZHgp3RXZNGhvJGyQqIGDcqplrwc6HZKjPq537HGEe0RLUxT+0tai6RxnTG/Cim6TnOFXuaXHJTmt1KYAldKXQSSeV5yXlMDT33XWs3Rg0HGArcRUpOXYFkfsisg0uGRyjNjxjARY4nOI25VxjkiQOOIY5RGw44UmKnLuykNp25GyNRwaIJkZkZ5x+6dpI7KcIGhv0pvhhp4VY2jAAh9kQRjHCJqaOyYZGHZpypKWQcpDA3Sc5zhIzgbaUzfK6G55R4yELxyeyYGnKM2LuiBoHZFGJATWEkE7Inhtxkj913UPRdMmRjCuSyQYkkd0krog9cOy6kqDicBTXvA7hNc7GwGSuxUznnVK3Csalng4GyPPlbsjNi0kFw3+6ecRDAQnudJ2woRQx0de9oAACY3VJwESGinlIICtaS3lgBc3fvuoNjW32Qaege7Bc1WkVLHGAQN1IjjY0YDU7T7qGqFWOxgYAAB2TDgDOU97g0cqHJJqKhJJRHSTdsKO54z9QTZJAByoMkvOFDLOaJE8ga4bqNNXMjbgqLUTl2wJURwLiDnKhmnYKpqJJH6tzlD3JyUdunBy1DOD2UM05ZfIhwmrmQmqhI9De8N98pPkLRxygEknJTIoROZ0uJXEk1zgAiQqyQ58gKjSP9AmySjVjJUaR5OyLJlnZnokeLnbbdNjjc52yHBE9z/ZThGIwPVGVFtnWtTXyBo27LkkzWg+ygOqMhwwqLdnokTVBGwIUGWZzzsmvcSc5XOQlTbEt5OF2eQlgroGO66rAcsCQV0jCKoUBXXDA5RUGQ5xhWo5IDwc5XNW2EtW+MLhCHYLbwcO64mnlJTAqU8iXMj1SJHCESQeVYErNoTOyjuzg78JznbbnKEeU2MTLOzI0k5XM5SST0sGeU2JJJJWJbwe2cpOS1eyTV9ASweLOAEHJTZXiOIuRGtBGoqvnmdNJgbAbYQN7nghxpklfqceUYABDZsMYwiI4xxyQMkkkmkHJJJKEEkkkoQakkknEEmJJ6hBJrk5NcksMTlzjcrrlGuEwhpHvHZZLZ/GshRi5PCKC+Vkr5fCEg0g8BVBGUp5HTSue48rjVxrJ755OrStscBImHOwzlX0EDIIRjkjlQrXTbePI3OPpBUuqlGA0I0sITOW6WCNWSlxAUZ/Cc4kuJQJ5A3AS7A4oE85dymYHK6kgGCTThdPCjgO1KBBcb7cJ44SA7rqMY2FSSTFCpS2hlHnO4RAcqNKRsoChAZKJsQNk1n2RKaLxpgzPKgcnhZLC3xmKJ05GNWwSky459VInLWtbE0YDQorn7HZFJYMb+6WQM7tAxlRQc5RJ5Mu2GUMHKAfCODqdJwmrkz8BVN4QzGWRKlxJAyuwAZQZN3KTTjbcLKuWG1hBsYACbGNyuOT2psWxTOuOwXW7vDPVcyF1gyQpY8o16WOZ5J9spGz1kbHfTkL1K1QRRUrCxoCxHS9tD5xK5uQQt8zTFGGNGwWGxnuvEabbW7P2R7jLloYDjuUy3xO3kI2UercZJBj1VrTNDYWgDGyV6O5GPOR2rDSQOFAja6oqtztlS6p5ZA4jnCZRxeFT/MvHIKWzZCOSTa6PxqzLvpiOSpd5qyzFPEd8ZOOyNZYvDpnSvGC86iVW10onqHyAY7JDY+KxwS7JAXMkq3jYbN9yr23Me1rpnDkqst7fDtmMfU7/VXjC1kTWgYAASZPcdSiO2CItXMWkjuQsXXSFsrj7laS7VXgsec4JGAsvpdUzZG5zslvouf3NRNJ0bb5Jqr5jGA0ZK27m4OFVdNUZp6LURjUBhWpfk4xwssnlnRohsgQro8MiDW7k9lIhjbHGwNGMAZVdKXT3HQN2s3VhK4xNyeMJeMj3PCyUN2kdLVEOO2EKhY2SqY124G6BM8vme5zu5Um2Nw90/Iarawc5/fNyKfqeV8lxDSfKwYaOwV30wxsNEZQ3zPO5WVmmdXXNzCckvwtpTxtpKaOFjfw7rJcVoZfLa7H64LGOXSM42TIf5tQHH6UiPDoMkblEo4c0nint3WY7T+4g3mYQ0pI25WFpneJI+TGA5xwtF1fPI2ARMdjJwVQ07A1rccI4vBzdTPdLaX3T0BkqmOxs0rUPBM4we4VTZImspfEDfM48q5oo/EeCd91zdbLLydnx9ShBMt4GElrGhWcsraOkc+Q4DWklRqCNrpdxwq3rKrMFLHEOXkn7rlSeXg7kMKOQXSdO24XSSve0u0u8uewWu6jro6e1vDti7YKn6MonwUomeMB4z+aH1rWxODKNpy8blRdkbyjKgeK8H1KupcR28NA3VTR+edseOFe1MZY1jAMk7I5L9C4Pk7YKdrWmVzfMTygXypcaxsJPkAVpC0UdEXbHG6zXiOqqt8z8kZ2S30FHsubdG0hgI5O61tKWNgaGtws/aoWOLMj0WgIAa0DhYrZZeDVAP8Akh1MgihdIeGhJhxlRrw/FE9g5dss6fPA30YuJvjT1NUB5ZHkhNpox80559NlMMYp4sAdkCnb53EjkJucIDHJreiIY5K2SR7clo2XolIATlZTouhiht3zAHnedytVTtPK59kt0sjF0R7zIzSIW8p9mgZjxCN1Er3iSpwO2Fb29jY4dgs13RCWAMbojQMpiIOVjfZbJDQAE5cHC6kzWShySSSAMMkkkjAEkkkoQSCjIKploSanJqiIxJJJKyJZEoF1l0RtiH1zeRv3U/IHKpXv+ZujpHbxwDQz/mUGEunaWgNPIGEccoMWc7oyMthQRoxlCPKSShBiSSShBKJdLjFabdVXF+MwwucCTgDClFwAWP69qPmaei6dbkOutR4bz28Joy/P7JkYoksJGekhkj6Wpnyu1S1RM73HlxdvlQKamcQtP1tEYhRMBABaMgBV9HSlwGG7lba3hC2uS/6aoTDCalzcOI0tV80kOyd0GhhMFHGwjzAZRkE5ZKj2HD8NIPogB252T3DPdDlOiMu9Ek0oLGcjOV3I9UOn2gGeVwk55UA6HJJJKAnRslJN4Mbn44GU1yh3+cU1nqpjyIyAnVrkJGKspFTdqyqIy6SVxJVrXyGOnfp2OMKu6XieyldUSAan8eqm15aS2M/iW6CwQfamFlMSRu7dFDtJJIySnwjREAR2TT5N8cLZUslN4KDqm4R0tBI+Q48pAXlccZkeXnvutl1/WNe0U/4nO2WUhjw3jhex8Rp8RU2eK83fltA5niGMk8ALOTOL5Hknc91c3ibw4CwclUTHFzmg9yF7OhbI7kfOtXLfbtNz0pAIbeJO7itDAfNhQLfE2Kkhja3A0hWMLMHUO65upe6WT2njatlCRKJOgIMZJIz7ozhhqCzbf0ystfZ0rHwZfqGQ/PeFyrOgj00rB7Klr3GovGojO+FodoohgbAYwtEFk51sscs7p91598Tr0ae11ETnBo0YC3VRVeFTulxuBsvE/ifchPEKV275JNIXe8VTusyfM/q/W7aZQzjJlrNG0UbZBsHnut10tStbAZSBnCx8EDWRRwt20AZC9Ds8TI6KPSMZGV7iiG1YPhWtnmOA8w2B9N1WRAVN3jixtkKxqJdJ2GVD6ej8e8OkI2ZlNZzYLBcloF08MDZoCtjkgjhVlCBLc534zjYKznOABjskTGwSPNvibdo4be6lJ80jtIwvI/wlbP4m1gkuZphuWuJysW1crVSzNo9N46G2sC7OCfZR3fUVMI2KihpBOVzLXydNrA+KUMOPVWDHlzQSFVZHAG6sKZ2qJuo7q65Z7E2ZCkYBKA/uFId9JQXg7+6GYKZGHllaQraBwLBuqp/1BSqOTtlIaOtoLNk8Euduobeiq5QQrY8FV9SzOdln9nVtjnkgHlIeqThgrrcg5whayJi8Mns/mUoJ3cAtt8KZfCu/gnYAA/usPRDU0t9itP8AD+bweoBvyP8AVLSydrxU9uog/wC59CSOGNguURLpHY7FcHmja71aClRZFQWZ3Q2I+qw5wEqGb7LI3xoFRkbEFbWcaXcLJ9TQ4IdG3jcpAzUQ/wBLJX0zzJUhxPZTHg4KgWw5qBnurRzcvcwdk6Kwc2KyNgzo+ygXaAZEjRyrOn8rxHjlDuMILRgcJ0eDNrIbqzEdTQmW2u2zjK8qLS15B9V7NdoRNRSMDd15HcYvCrXsxjC3VHzT6oqxKMxsXBRYDpmaBwhRcFEacOyunHk8azdWM5hAAV3VM/kcKh6beHeGFqKmLVAQBlaYI87qJbbDtkB8HTzurMRNOVW9PHL5IiFcGMApkY5MF0tsyJJCMbBV9ZBtktwrl7MqJUQ5bkNVtemVCZlLpABHkN3VS2PygELSXGLOdtsKjkZpeR7rFav0dKmzPZCewNO2yjTs47qwmj3GN1GlbsNllcW2aozK98Z0ndBpJTBVNeWkjPZTXb7YUCoYC7HGUvbk21WYeTWU7hMzU0g/mpFLVS0k4kY7A7j1VPZKoYFPjtyrSUFpGAk21HvPCa3fjL6N1TTQV9O18bwXEbj0Uaopyw7hUNhusVJVBs5Ia5a5zGzsD4iC07ghc6yvB9I0t0dTDKM5WUXiEgtyDt9lSROdba4chhOCtnJCAd28qmvNpNRGXxDDhuQsko5LuoaW6JIqNFVRF+M7LMMPhTlvbKu7DNpzRznOR3VdeqM0lQ4gbE5CH0cq94i5HHYOMFTqKfBDSO3KpYptTgCp9PIG4OVYentNFEdQ5XXxZGcKJRTZAGFaRAOAyFDs1tSRDMW3GMKDVQ482FcPjHIUWaEPGMcqm8EsgmUud9JCFJCecKVURuilO2yQAeAqSyjJKGGQ4xjkKdTTmNw0EY7hCfEcHZRfNkqJ7RM4eiH1d066qZ/FKLDtIy5o5WNp5nRbZwRsvT7dUCXNJMQQ4YGVgeq7LJabi8sB8N51DbhNi8nD1+ndX3xLWy3Hx2mCQ5cBsp00GrBCx1uqXQyZa7BWwo6ptZTB3cDdNRmouysMG1pa70VjSODhuoTo9/RFp3hr8BGdCEiwLRg7dlCkjyDkKwYctymFoxwrXY2UVJGcr6IOJAb2WfqICwlrgRvhbeqgDhkN7KmraFssbiWb+o5CZ6OVqdMvRmHQgn6VwRgHOlTXwFjtLhkpulv9KOMmzkzp5AtY0fhXdKN4OO66yPUmZbA+Mj+Gf6VHkhIwQ3j3VkGdgEGaIjGQgcgXRl5AQuwQMbq5t1Q6N7VTABpzlToniQac4SJS5NWnk4SSNnb5GzN1BTpIGyxlhbz3Wes9YyMthkdgngrWQAANyOyE9NpZbytoq2S3zeFJnwieD2V9G5kzA9jgQVDqqSKpj0FuD2I7KDT1EtteYp2uLM8oZSwdGGY9l09m3CjnABOlSYpo6iJr43ZBTHNB4KW1kJ8ozt2tvjgyNaNvTke6jWq5uYfk6p2S04aStHJFntys/crFI57p4CPXHdLUcCJcPJctIIwGpFuVV2O4uLjR1By4bAnlXj4wBnCI0QnGcU0Q3wOYfGi2I5HqpEUzZmgjnuPROaDkghR5IHxO8WPjO4RxWQ8ZJJa1wORwqK5UYLy9o5V1Cc7kINRCHjCtIzW0qxGPqqfzfTzyqqN1Ra6oTQuIGcgham40vhvwWbHhU9THqOCMofeTi3VOEjedI9UR3KJtPUSASN2yVqw3I5XhbKiotVQ2opiRvuAV6d0p1XBdIGxTPAkAxun1zz2dHRarP2TZoXNwSmPjBB9kY8IOOU7s6rwiFPTA9lVTUmCcLQOaD3UKaHI4QyeBM6VLoz09Jg4A5UNjX0kwkBwO/utBNSaznCgzUhIwQhTMdmnxydpZYK3MWQHBVlyspL3FrdJ9uCiyRPhcJYhpIVxba+Grb4NQAH4xumwsMF9EZxaaMJFM+mnMUpIwceyt6ebWAQeFbX7pqOpiM1O0axvkBZUNqrXKBMDp4WuFmTg6imVb5RfteXBVV1tbZwaiAaZG77KTTVkNRsx2/opWsErTGWDnXVKaKqydRS0wENYS4sOnJ5wtrS1MNVC2WI5aRlYi62yKTNTEzDu4CJZr6aACGbOAVsqtOe4utmyfGOwVfc7fTVsBhmYDng+isKaoirIhJE4EEJskRYQ7C1qWeUBNKa5MDorumK7LS4wE/lhappguVKKqncC7GXAKVW0EFwpzBMwbjY+iyrPnem6zSSTCTt9k1GNxdL/sX9FJ47THIAcbbqNW205MkJGnnCI5rq1grrYATjL2BSKOqZUDS46XDYg8go2gt6aM5UU34dO4VVUUbzw381uq2gZKNQYAcKjnonsJGEqcMip17jIVFI4HOnChSxFhBxjHutTPRtecgKrqaIg7BY7aV6EyjgrI6h7CAQpJla8b4ygyU+nfTwo4kLHcJG3aIlEPJFq3A2UZ8enfT+6mMlD2gOG666BpAcEtwUiRm4srCXDOWoZG+QVYywDGzP3UJ0Th2ylTq/RoViZ2OWSIgsdhWVLWawGyOyVU5cc7YXY3FpzncKoWOHDJ/dF+GAjU08J7ZCCBpVVS12ggSu2Vsx8dSweEMlaFONi4CVjXQ7woZW4LdyodVRPjGS3AUoiWI5czCMJmyANeMqRjgLdvM+WnJGEEhzTsVoKuhbIMws3VTNSTRO8zVUlkFwkuwLJzGRkKSyWOUbOznsohAccJBhYRgcoVJoGVaZawXOuo2eHDOdH9JOR+itKPqKkqMRVsQjd/UOCs2yTOAeSjugbpBI/NPVuOxD0kZcs1vh+I0S0swcPYrkdVVUz9WSCFlqeprKMgwyEAdiVc0t+inAjqmYPqnw1UOsmHUaVrhI9I6U+Jl6s2iMVJmgG3hSHIH29F7B0z8RbB1DG2GpcKebg6uCV8xFzfriJCl0lxngc10chBG+xwVsr1COJqvFxs5XZ9bSULHjxISC07hzTyos0D9BhqYhLGRgtcMgrxHpb4r3a0uZFUTuliG2l5zsvYOnviL0x1GxsPzDIpyN2u2GU6NqlwcS/R26d5ijPXr4e0VW41VkmNHOd9AOGE/ZZe5WS8UMZgvVtjq4BsS1urC9kqKJn1RA49QoroNWc8j1CvYmZ4aicHiR4NTU9w6dq23Tou4fLygkup5clh/Lst50t8W7Ldz/COqaQWyuGzw8Za7P8Akra89F22v1TQxiCbnUwYysP1D0DLUw6Z2MqNGdJAw5v2KGUHA2xupu/Pv9+zeXj4b2C9vFZDmmlcNUc8JwfYqoZUfFToclkT/wDaK3N30k6Zy33dvwsDZeterugnto5oHV1uYTpicSPD9fsvYOlOvunOqoXfI1vhzMGp9PKMOaPXlWpMllN8XlpSgwvTvxZ6cvMgoa5s9rrc48GrboyO2DwtxGYpoxJDI1wIyCDnKyF46OsXUbDHcKNrtXJAxn3VAOheoulR4/Rd9lDGnPydSS6Mj0U+QxOqqTwuD08xkJ0YwV59S/Eq62tvh9bWKejDTpFTECYnFbCydRWe/wAYltdaybAyQDuE1SyZpVyjwy2AGF3ASHAyup2ULkmJrQhvbk5J39UVq6RlC0Uv7EGstFsujRFcqKKpjGTh47rL3D4aRxSGr6ZvFVbZicmMvzCf/D2W2AwkjXAatkvZ5xUVXW/TjsXe2MuFK3/jUxy4j109/wBVMtnVVpunlim8OTh0b9nNPoQty9odjKp7t0lYbuS6qoI/EdzIwaXfqiyHG3PZHZIHjU3BB4ITlVTdG3m2sL+n7qXtbxBPvt7FRje6+3ER9QW6Sna3Z8wGWhWTcjR5HqnOPoVXUlxoK3DqSqDwfdS2ZaRlKKDpJDhJQDadBIOQntlJ2dlw9CVwbp+gEIsFrjorbp0zYbw7xKighEp5e1oBWLvfwjOH1FpnLs5Ol24/Jeh6HA5GycJZYiC1xQSjk0V6mdfTPn269MVtuLoaujcwjvjY+6oZrPMzLoJMu/pX1A51HWx+BX00c0Z5a5qz12+GPTtz89ucKFx38jc4P2S3XwbqfINcSZ83zMu0DsPpXfkmR3uIDw6mFzSNiCvWLz8OeqLa9zhEK2nbxJEN8e47LGXXpuGfUyppDFIOTpwUiVOejdDVVWdlDDVWesdoBDXe+yUtmp5c+GGuz6FArejDo10VQfEbvyqR1Nf7fMTEZMt98hZpUuL5OhD7l/pyLKrsM0bS9kWB+qrZ7a6JuXtwpVL1bcKc+HWwB+NjsrGDqO1Vx8KeIMz6hKlWMjO2PZk5qYM4aoktKWkEALdPt9ruJc2nmYHehUWq6YcI9Uelx9Ev4jStSo/kZCNmNh2ThNPDvG8/qrWezVTBlsJ29lXzU00f98zSh2MtWVzeUdjvFaw7nj3U6PqaQAAv491UPbhR3twrwOVUJGmj6laD5wD+ikG7UVU3RLA0g/ZZDJXWvc07E/qqzgp6WL6NW2O2TkBrdKf/AAqF5zFVgA9isuKtwGN12OreHZMrwPupv5AdMl0zSmyzg+R+odiCo01LXwkhsJcAq+K41GAKetIcOziQpUN8u8OC2Vp+55RqZFFo4XVrT5onD2wmunkHIVjF1TWsGJqOB4/5Eh1Va3nTV2sH3YxTegop5K5sjXbnH5pEtHGndW0V26MqciRjoHdstRPk+mKkDwa+I57EquGaYSceihfpP4moPgRu5GcrQSdN0khBpnah6gqO/p2WDYvLgeM9kDgmaK9XZW+ykfSRM3aEB8QzgDlaB/T1a8ZjxhRn2OrZyEmVSZsj5CxFMaV7twQh+ERyFbGzVZ2bsgutddF5vDSZaeBqr8nYQDDJy1uyYcjkcKaYKlu8gIH2Qy3fdn6pL0yfR0KvIt/kRteNtOEhLCOZCEbQDy1O+VjkGXMCVLTM3Q8jFAhNB2kGV3xo/wDvE/5GEAkMQXRAHGEmWl3GheQT9kjxmf8AelM8do3Ep3QtHt+6Ho9v3SHppehq139yWKp44qH/AKoja6pHFQ//AMyg+Gf6SlpI9f1U/jS9DV5H22T319d/8kyD8ymi51o5qn/+YqEWOPqm+E7uSEEtPNeg/wDij/ZN/idb/wDJT/8AzJfxOt/+SX/+ZQ/Bd/8AKV0QE7ZQ/DP9BLXzl08kj+JVv/yS/wDVI3KsIx8y/wDVBFE47/6rooc7E/uqdMvaCettlwONfVHmoP6poqJc5dK4590VtrZ3duiMtwGAcEIf47BdlsuWyN4zs5Lv3TxO4fiU1tshIy4BPbbqfnAQSpa4CjvfZA8Vv9CQGRnCtWUULeWhHZT0w3LQMKlSx0U2VAj32G/2RmxO21ADKtg2hbsQM/ZOHyXIH7KKnAyMEnyVbaYnHl5RRRyEbN3U8SQD6QitkOMtYAp8Roj8ftECO3z927KVHby0Zc5v2RC6qfgMAwutp66TYgAH2U+MNTgugXy1M3lgJTgyjbu4YP6ogoJQcyHn3XRQQjc5VbBif/KBEtKwEMcU0SOPDdlJMMMe4ZlP8v8AS1ColpSfsjxsmOCGnf3UgRnABXBPBDjxHAD7oNTfLdCPJnV7FC+AlOMfyZKbTE9uEVtK1u7jj3VHN1PIBiD/ACUOS7VlY3TJIQPYoMBfyIQ/E0j5qKDd04UGXqKmYHNiBJCoCHO/EVxsZzsrwwJaqcuEWM99rZchrtIUGWSsqXZkn29E5sDjuERrdO+Eva2A5SfLYNkbiACMokdOGkFdM0TcZ7Lj66nGNL9wqjDkX8kF2yRo2AKTh3JwoElyf/wnZCE+uqJBgnCbt9gvV1rhFm6WA8y7jthDNdDjAeqou1HJK7rYDucIVFsVLVE99VIQSx3ZRxJUOO7/ANkE1lO0YLuVHmuGNoSqlXgXLUxXbLIPcBuUvmWNG6pfm6hxzlO8d5G4VxqyC9YvRaS3KJuw5+6iTXSc7NOyiuBfuQulpcQEXxAvUzlwOfVzybF64A4nLk9lPnclHbG1oGyr4yt7lyRgw5R2jdOAb2CK2CR3DVaqbImM0gjhca0qVFRTybluApcVAW4JGPzV/Ex0XkhRwuJ3Ckx0ziBtsp0VO1v4VIjiA4HCYoGiMckJlEe6kRU+ngbqYI2gYwnMi9Byoo4GRjgAyMHsulmNiiZbGd1FqKkE+UcIXHIe5RDmYM9P1UaWf0CFqL3bjC6WZ7q3HgGU/Q0yO7hcD9/pTxCMozY2gZ0oNuOwE88jA3I3ThGAchd1AbJhfjsmQX7GcBUzI9VwkIZRh5C5HqmIIJznJRmDYBAWJPTSAGnPomGdvCVKeOiByQO6E4zSHEQGE6OCSZwI4UsMip2AtGCeyAbFZAxUhjxJM8F3Yeie6TGwGV0h0uMbZUmntzyQcfurHwg5dIitjfKRhqnU1vOziFNp7a5uC9qntY2HGGhQ1VaeSeZEamovDG4RwxrdwjhzcZAwhiTnZWjQq1EDp90F8ukcIz5AAceiqqquEedIVcAzkoILNKXfkq6oqgfKMbKLUVszzkHAUZxc7cuV4OfbdklPqCcnZRHzF2RhcyfVcUwZZT3DHZccpYynYb3TSdtlTEzngRIHcKPI8cIc0pBwELDnHIUMs7Mjy4g7OykBhcGQunbndMisi3MeRkhcIx3TkConZG3dH0InMTpNjsq+abxDgcBCq63UdEZ+6C3OxJRKOTPZZngKXH9USCMl3C5FFqOCpILYwMBXgBPHLCsDY288KPPUZAAwhT1GSA1RXuJBOVCpWekFfMSN3KIS7KWTq5Xd/VC3gQ3kaM5SwUxdbkEFA5plN4DpLg4SJwrSyVnPIzT7pAYS+pNd9KLb7LcsD3OBCASd0iTnlcUB3IYu57LiR4RCpzwCwkRsmOcc7Jpdjk5Q4MzswIvOcBcLxj7+6Y544QMklGoiJ2OXAQk55XFwbrqYZnNiSSSRlCSSSUI1k9qTwMkNQ8YR3eHT0/il2JXfSF76yWOPZ4yMdxGrZnM/kMOAeSokQxud8p7nOkOTyusBG6kF+yxaT6JydsQNl1NIPSSSRADkkklCCSSSUINSSSTiCSwUhykglLaQSad+Etz+a4UmUsBnXEY5Wf6grdLBTNdudyreumEEReOyx1ZO6ondI48lcvWXcbUbNJXmW4BjKPTwmU6QExgxuQrW104OKgjb0WCuJrtaUeCdExsNNuNIaMKtmlJf91PrZsM0gYCq8mWQkHhPaEQXthDp0Zxuq6UkvUyZwaAMqGd1ns5NMEjg911JJUWJcwF1JQgkkl1gJdsjDDNC45PbsN0CQgnZQEedxhRJAdQ3Upxw0qL9TlCBmNyzOVKtcJMpeRsAosbCcAd1cwReHABnB7lFFZBtlxgFKd9lGm+lHkIJ2UWoO4wrmhMAD+cFcSSQGoI76SodScjGVLkIDTlVszsu5Srf0XBZY3Pnypkf0AqFGDkKaNmAJUY45GzGb6x7I43CAOUVm4Rp54FMQBzypFOzVI1oHKjacOyrWy0zpqgHGQCkyZ0vH1qc9vs2nTdI6KIOx2V3USaR90GgjbFStGMHCHUTYICyzllnvtLF11KB2lb4s5Lh5QrZjgG4AwFW0Qw5TnuGn0QPo6ECJXPMk0dOzvu5WDm4ZDRAeZ2D9lApIjNXPkxnR/mrijidPXNe1uQzbPus7ZqpeVlkqrmNHQPYwAOAxlVEbTJgnujXmfx6rwIycA7p9FF/MZGBuUBrrWWX1MxhMMeBpwDj3UqpdpwwcKNSRlsgJ2ATq14c7bsls6MeIlHfZmOIhGM4yVCslKJaoDGwIQa9zn1LnOOd1edJ0jzIZi3Zx2Wex44BgnOxG0ha2OCNrcDy8JsrQY3ebtlNIdqa0H8lDuc0kLXRMO/G6zM7PSO2ppnnMx77Il6mEULmt3wESgiEdK1w2dhVF7n1FrNXdWkZrpbYPBUyEnfO5U1rm0lmlm5JzlQXM1uDc8p3UFR8nZDGBuVJowxs2wcmUHTzTVXfLh9btS9B06tLRv2WR6Kpmu8SrcwZczY+i1tI3Ly4En0WG40+Ohtg3+2SKrGiKmPYguU1xZDTaRsMKHSRmpqZC4ZDP3R7hJ4VM844aVmOq3iOTz3qOqkqLkInHyN3wlTtMkjI2jckBQi91TWSyyb4ccK4sUQkqsY4x2Uk1GDbOXDNlxr2RtpoI4mt4aP1VvQU+iMOI3O6qAcyNbyMgbrTUsZY1u22FxdTbuPU6OvCJtJEI2avxFY7qJ01w6hhoxu2PDsA9lsZJPl6d0xGzBlY/prTcb5UV7yXZeQ3PYLJnJtlLDwje0DW09MyMDThvCxV+njqbjI5h2b5VtJ5PCp5CBw0/wCS85qn6pCc7kko4rJUrOEWdlga+oL3DOkbKxDvFrw1w8rOAo9iaBTuf39VOtcTXukndu4OIRgZxyCv1U6GlLWP055VTaITKHZ9eVzqKd0lQIQdip1oh0xg45SbJcBwluZf2uLDmq57D7Kst4DHDsrQcDHdc63k3QWRNUO4jU3TnnspzW+6h1bXGpznIaOElIYZ6uj0DHGFFpI/EnZGPxFWN3jzFtyndLUXzd2hy3OndMnxBsA9JtdKylo4YI24w0Z+6sXERRF+OB6ocDMN3HGyDdZ9FMY2nclc2TzyGQYGPqKgEHOXLRxN0MDA3hUdkhkfIJMeUFaMtGFmnLcQYOVIzkBAAwVIZ9ISJPBbCMGMp6a1OQPkockkkkhiSSSUIJJJJQgkkklCDUkkkYAkxPTD7BUxsP7gq6UQU7pjw0KpoG4Zk/8AE/mfqpF5ldOIqJuRl4kd9ghRYDuNgii8BE9vCIht4REQIkxPTFCDiRjlCO+V3J9UPIVpZCSOOO+52KyVDIy99a1VcQJae1RfLRg8CR2C7/6jK0tfPHSwmeZ+hjRu70Wd6MhjhtArA0+LcpHVkh9C/t+gATYRBksg+rQairpW8hjNh75RbTQvBjJblSLkxslxjJbw3ACn0bGsbnSn9IFPHZMTEk9AUnljkGqla1gjPLjgIygVb818EQ7+ZCPj0TmZDACMYXE5D1eygHY5OQ3J/wBSKKyQ4TlUXXFX4Fo8Ju5meGfZXw4Kx/WswlnpqL1IkKfWuSI7aoDDQRDHIUec+Lc2RuOQ3Gys4Q1sTGtGAGjZVtJia5VMxGQx2kLauiyzkAIA4CHVYZHqJwuuJdK1uOcqt6krGUdte97t98DK6GlW+SiZ9TP44OR5lfquStvEmp2QzIagxgNHHCC0+JO+c7l5zujB2kEn0XvPH1YrUT5/5Ke9OTM5eKlr6gsb2Ua3QePcIWAbZz+6BUSmWvmJ7FW/TMImujMjOndekX20M8PH/V1SSN3E0MYGjgABTaQ5ByogG5Cl0gOCuPY/Z9G0le2CQ+YnGMoD5NETn+gSmc50wY0lCuDxHSkeoKCAV3CM5SxGpuLpWjYOV6924b2VTZm+dzs8OJVmHZOU5LJytVL7GV3UE/y1IMH6l4V1TIKvqRurcMbsPfJXr/XlUaaFkWOF4nPIa69S1bAdDTpyV67w1WIqR8T+tNTm34/0WNBC2S4RwPGRqBPuvRaeJrYmtbsANli+m4GSXEyPbnA2W2OGx4A4Xqq+T5PqpfdtIFWdJOTwE7pqPw4qirJAAyMqJc5CIXY5Vhb2Gn6dc6QAOk3x7I5diYrBYWEsd4kwBJc45JUu5zeDAZcbBBsUTG07WtHO5UfrKoFLaKh2PoBP7LLa8LI2uO+WDwfq6uNbf6h2cgKoKVTI6prJag/jJxlLSfRce57pZPX6WO2KX9jh4Kiy4I4Uo8EqLKM+y588s2S4RGJ82FOp34AwVDI9k+ndhwJKCMsMVLlFu1wc1NkZtyuQOGnGUUg4TmtxnZXTD0XaNxEgOeOU+UZQG7OKz2JmrTz+OWS3YQ4ZBUarb5eE+mdtgldmGW8ZScM9EpKyvJVkHUnbYyU543JQXE7oOTJLMSVb5s1AaRsrzpicQ9SM0jAz/qs/QP0VAVtbHeFd45+BqG6W8I6+gn90X+mfTNG4SUkMu3maP8lyPauOk7YUezYqLPTzNPDRlSMASNcDgg8pc3k+taSWa4sn1QyGn1Wf6nhDYWuA3IWhld5WnHoqu/QGel1AfQlJGzUc1cGLo5NFSz3Kv3NEbySORlZlhLayMf4lqXnJafYJiOJVLIKHacDGNlyrGppB7FdAIqiccBKUYDtt02JdvKwUFXCCCwjYrx/qOIx3WUAYGdl7XWMDnbDC8m61hEd0Lg3GcrfSfP8A6m07dOf0ygg+oI7uAgQfUEdwOkErpw5R85m8M2HS7gXR7jZbd8euBwPsvPOlX4lY0ndemMA8I/kttS4PO657LMldZCBWOA2PC0BaSqClxT3hoA2ceFqHMaQMDCZA510svJDc33UeSPLcZU90eeCgOjJVy5QEZYZQ19Lrzt2Wcni0vI43W1qovbssrXR4edsbrJOO46FE8ldLFtkhRHjOysS3LSAoMkZ9OVnlHBti8kCYBh2UGoBdvhWU0R5woEoByMJOEmbKn+x1tkMMweVqBIJ2BwH5rIMOh2VpbfUtNK3PIQSjuOzoNTLT2faPlj7ha3pi+RPjFFO7DwMAnusw0iUEKKZZKWo1MJBacgrDfVk934ryrqtTkz0yqiGxHB4UN0eSBjbhDs92bcKJrJnAkDnuEYS6dx2XOlXhnvoaiFsFOLKm5235KobUw8B26FeKb56nE7Ry3n3Whhc2uLqacDONvuo1VSy0g0SxjSdilmfUaeMo5j0efYdG8tPLThSqeQhwyeVJu1vdHUl0Y8rhlVbs5xxhQ5Ek6ZYNFSz40uGFeU0jZWAByyVDU6h4JVxQSugc0EkgKHU0uoTReHhR3jPlKkMdrZqxymubvugxk6ON64KuvhBic7GSq9jtGBhXk0evYjPqqiqpnRuDhuMoM4MtkB2Q9vChVLPDP08qTE8HgIz4hM0aWq1+hDRUsfJHIJGnBburSpgor/RmOZg8QMxvzlQpoQ04HZNo6h1JOJQNu4RxRk1EFZHazB3G3TWuqLHg6QTgqZZ7i5j9GcBbHqeysvFIaqjxnnHcFebyRT0VRoeC1zSmo83dTPSzzjg3oc2RgeO4TYsteN9vRU9kuZkHhPdn7q6DTkYTEbdPbG2KaLGA5YiKPTPxsQpQORlWdCHICSPI4yoM8enfCtSMqLURk8BGVbVkytzpdOZA391WjkLU1tKJo9JCzlXAYZgzCbDo4eqp2fcIAEDbCQGO6TXjGDsmhh33TEjBnIZmPRKaIPGwTWkIzXN4KCS9hRaZWTwOa4YGy7ThzXBWE1Pr4Qo6fSeElo0V1NyTJNLqa5rs7t3Wqs9yfM4QyOGwws3TR4B2UqlL4JmyjgFAdrSPY8m3G/umVMEdRH4b2/Y+i5bKmKsg1sO4G4Rywg8JUlk7KxZHJTM+ZoZvCDsN5HoVa08hlaCU+SnimGHjccKBKyeml0tOG9lAcNMnuZlDcw7brlPUEjDtyjHB7KFtZM/dLUS75ukGiQbkDupNnuTqppp59pI/VWj4yRwqivtr2O+cpPLI3cgd1WSsbOi4DARsFx0ZIxnChWe8xVX8mfyyjbf1VsWZOWhWNrlv4IMkD4262jYdkIn1VsWNIxhQZ6V7DrbwTx6IgnDBAqKeOeMseM+h9Fnayj8ORw08Hlagkd1ArIBI3I5UOdqaVNNIytRBk8ZwFFgmntlSJ6ZxbvkhXNXTOB4/dVdRFkYU6ORZB1no3THVEN1hbDNIBIBjdaR8flzheGwVU9tqW1FOSCO2eV6d0t1XBdYGwTyASgY3KOM8m/Ra3fiuxl65rgdwmEBTdLcbBRjsSEXDO4lwAkjB3AUKanyMgKzIyhFgwVWMEnVko56cDPlVVNC6J5cwkHO2CtPUQjkBVNTT5PCuMsswXUNdEuyXdkgFNVkZ4BPdK+dNMuDHOhxgjICpZozGdTRhXNhvjnEUlU4Y4a4p0JnPuqjOLi0eeVVHV2WrIIcA07/ZXFJWx1MYex2/ce62/UPTsF1py9jAJAMheZ1tBV2mpc0am4K2wng8/qNNKjs0TXAgZaqe7W2J7jNEC32CNQXSKZgbK7D+CrEaSNWMrVGRyL47ymtV8ntEojmBLB2z2W8t9fTXGBsjCCHD9CsDdbTLO8ywYGPwk8qNY79UWup8KXLW5wQVrqtMM81s9KfDp3buAoVZSQXCF1POz7H0Uy23CCvhD2uByE6aMN3a1aovIEkrEYqM1vTdby4wk49sKyrKd0knztH9MgD8A91Z1tPFWROhlZn09iqmndPa6jw3jMZ234ITs5MzplF4j0TKO6Q1DBFKdD27EFFmpY3jUMEeqrrraTgV9Cc93NCJaby2oAhm8r27YKguE5KzZZwRLnQeBiVg8rjgj0VPLCCN9lujHHIzS5ocD6hUdyszwTJAAQd8BKlHI2yGejI1NMHDYKqmpsHZac051OY4bqDW27w2h8YJycJU61IyTgUZY7YgYT4pS7yuHCK9gJ259EF8JPDVknBxZnf6DkNc08ceqiuiHYYXGyOacHupDXNcAqymTOCA+HTvpQMn0Vq+DO4CjOpDzhKsqz0HGz9kPG+VIhrJaZw8MobmOamu25GEmMXF8DVJMuae4vqG4lIR3N21NOcqgic5hBBOytKOtGzXEp8LE+GVLK6JrKhzSNQTpGQVTcasrrYGyN1f6oLmuhdlowUUo7uUFXqJLifRDqba2M6owVDkBZ5XDCuRUh2GTnGUyWjgmHH2StrG5UvxKXQ47t2PZFp55YzpnG3ZElpJIJS3TsEi1soGewUk8BQ549hxI2RuQE19OZMY290DUYTwpsUrHsDmn7qOOR8IKXAGOevoXZDi+P05T4ZTWSF1HUls3drjj8lLaMDJCj1NDBIdbAY3/wBTNimxm4rAi/QR3bohY7lXUT9NXE7b8QCtbd1GwPDo5Sx44c04KoWXWponfL1kPzEZ4JG+E99NbrkPFoZhHJ/SThOq1DTOZqNCnxNHr/THxfvljLIp5jV0/GlxyQF6/wBO/ErpzqWNjBM2mnI3a8918fNmuVtdplY57B35Vtb7+1rw+OYxP9jhbo6hnD1fhYWcwPs18Ie3U3BBGQQVV1dJh/C8J6V+LF7spbFPOaiAdnHOy9Y6c+KFhvzWRyObFM7YgnutMbFJcnn9R4+3TvoddbBQV7SyenALhuQF5zfPhtWUE4uVimMU0Z1NLCR+q9snZHINQY3BHYKsqafTg4wFeP0DVqbKvtPMOnfjD1P0vOKLqWifUwNOC/8AEPzXtnS/W3TXVMDXUFdA6XG8erzD8lg750xS3eEtMEbXY5I5Xnlf0VdLLU/N2p8sEjDlroyR/kgGTjVqVuXEv/I+mZbZR1LiZY9Syd1+GNvlqDX2Wpnt9VnVrp36Dlec9N/G7qixFtD1NB87TMw0vA/mgey9e6Y696T6sjabRd2GYjzQy+V7T6bo1wYrNNfTyuUUEVy656YIiuFObrTM28Vo0yge/qtBZ+tbVdQGOmbTy8Fkx0nK07qYSjDjgeqoLv0NZbmXPkjIlfy8cn3V5Zn3qzguWOBGQQc+iesS7pzq3p7y2S4/NQN+mObJd+qNRddeHIKK+0MtHONi94xHn/mRAbTYZCSiUtZDVsa+CRsgcMgtOQVKDtskYTE8ipJro6ljKWcpK28ArIhtwk4a/q3++6SSH5ORmXgoq7o+11TdVKHUUpOXSQ7b/bhVc1m6htB/kT/PxDuecLYrmMcFTGSbzI095azyXCGSndx5htlWTJ2yY07g+6uZaKlqmGOogZID6hVUvScW8tuq5YZDvgnLUbRcZJ9jwcpayz3VXUUl+tspMkZlYOSNwnQ3RkztAb5u4ypyF/gtRKONKcC15GQAoTaphwHbEoniADPZTJCYaWGQZBwfUIT46un3icCExkhHdHjn41cKFChuUrB54nDHOO6DVW3p6/Nc2qgi8Rw3IaGlSXOge3A3KjPpmF2oDc9wlhqTj0Ze5/Bu1VpcbRXmmlO4DtwV5/f/AIVdV2xrpPlvHYD9TBkEL2lrKmMh0BJI90aO91MQMVRCZB3B7pcoZNNWssrfJ8o3G1CnlLKyhLX8HLVVT2ijmbhjWtPO3K+urgLBe4WwXGiiczu0s3H2WNv/AMEembpmptFQ6nLt/XB+yQ4HV0/kl/WfM01sqKch8EjmkcEHlHguN1pHeI95eOCM5Xpt9+EHVtpjfNT03zcA4LN8BYKutdwonujraKSPBwchKcDpR1dUxsHUjnOxOzDT7KW2ssdyBhcWaj6hU09NE0eUaSfVRzbyd2AZ+6DYOcU/x4NAbBaJuHxj7KBU9EOkeTBK0NO4KrPCqIzuXD0wSpcN3uEDBGKg4HGShcSf6kOVIiVvRdfTxmSItkI7DlU81qr6duuWncB9lt4Op5WxgSx6iO/qp9Nf7bVaW1ELQe+QELrYS1V1f5I8vc1zfqaR9wuZHdesPp+nbh/KfTxjHfACh1HQNmqBmLIz7ofik+UMWvj/AFpo8wI7grpfLnLZSCvQKj4ZF7c0suk9u6qqr4c3uDJYWP8ATlC4MfDVUT6ZmGT3FhzE/XhSRd6uLBmoo3H1xyjy2S/0ZwaF+3OAoswqozieAtI9Qh2tcjt9UlnJJjulnm89RQlrz9XlTflrBVP1Q1phJ7HZQTICDlgGfUIPgQSHLwEDnJdh7N3TLttplA1UN5d/91TGw9T05yJzO0f4sqqEEbdo3OafZyMK250gayOukDRxurU8kW6P9y2F2vtMP51O77grg6okB0ztkafsocd/uUQxI4TNPIeEn3eCf/tNCCPRqLK9lbp56LJnUcD9hIco4vAcAcjfjdUZHT8/1w1Mbz/TwhmlonE+DUPaD68oZJeg1NmljuLThxa3HuEpq+jONUTc9/Ks0KOvi2hqw5nI3TH1lfTHRJEXEd+yAm+zPDNH8zbZWlskbQOcgYUd7bU45jqSB6KgbdHZ/mwOH5Ikd0tv/EglBPshby+hituLoR0Gd5119NbRj+aDlVrK+zyDGuSP7tRBLZ3gBlb+uVW1MfC+z2yeKS28+K1M+StjtjOAPVAZFbn7itZ/5khSUBOPnG/qg+NI1V3zXskG02hwyK9wz7pgsNrJ8tyefzSZbqDH/bG/qni3UP8A8mN/VC4pdGyF8vbEOn6PH8u4EfcpzenYe10g/Mpwt1Gf/jR/5l1tttgP97+6Fx4Ntc1P2N/2dZ2uUDvsVz/Z7J/7bGpAo7e0YbP+6f8AL0/adLlWaq5KLxkjCwOP/wAZGujp9wOfnI1IMFP3mH6pCGAcTAfmkuBqjagYsL8Y+bj/ACS/2fPPz37p+w4mA/NIkf8Afj9UEo4NCuwMFjewjFUD+ac21MBw+cD1TNyfrP6prnuG3iY/NKlDIa1CRMFvgxn5lOFHRNOfFBKrzIAD/NH6oXixg+eZo/NRVoatXFLktXNoo+7Sl83RRDGWfkFTSVFCP7yvhH/iQf4lYYt3XCLP/MhlBIr+ZH00jQMuFE3/AIbT+SGblTZJEZ/VUT+orHGMNqGu+xTG9W2oZ0tzj2Q7SfzYx7kaFte1w/kxlOFVcXbeGMdlkpurw9+mkpy30KHJfbpM3HiYCDaH/PqSNXLPU5zLIG/mgT18MDNT6xj/APCw5Kx0lXV1B/mTu/VNZ5d8nKFxbBfkP+Q08nUEBGljHgqBJd5n5AY8Z7qoEu+QiicgboPjbBlrbH2THTTSnMkhTQ0clR/FcfwH9FzJI3JQ/Hgr+U2uSTrbxsnNmDfsoTQ5xzkogDgB5iq+NEWol6JorIc4JOfsnNqgBs1Q9LfRPyPVF8Ra1c1wHfWzjAbhCfPUyjSNwmyHGNl1pefpaVapJK+cvZwmQ/UcpukA5wnObO4+SLOfRM+WrHfW3ZRU/oU7n7HamgcBMfLsfKnCilbu/v7p4p+3Cv4ZNcIXK3JBfLLnLTgJFz3jSSN1PFOzkgFLw6Rgy4YKuNEvaFO1lb4DzvjOU5lMSd9lKfO0HTDg/kk3XjLm4yidLRalkYKVoGf9VwRgdkQZB3RGtzwMlX8eEGv7A2huDsuFzW+6ki3zyOGW4Cs6e1QtALtygcB8K5yKiON8hGlqlR22olxkbH2Vy2lhZ9LAjMGBhVsNUK/2VkFrbGQZGqUyljZjA4UlzdW5KTle3A+MEgYAHCWAn5wua2dygwg1D9HWNJ4UmOIDc7ZUM1cMXfLkGSsmfsDshGRltLN8sEexeMqJNXY2hcohy8guO6JpAAwFC1ZljTNNISX7pY1bFPLAkRjuoE8yONjA4CdwFzVvwuncKAHPEAPCRlz2TDykoXnB0uJTSMjC6uA5UGRi5IQJ9UshI8JZDShbwMjEQa7PCc7A3ccIb6uNgwRv2XKaKpr36Wty31OyVN/oNLdwuwhka/ZjsqTS0AwJJeTuPZS6W1ClOuRo34yny4OwKSaI04/JAiGxjS1JkDnuyQjRUskjttwreit/GyM016dyfBApbe+R4GnTjfKtoaUQ4OFKigbEN2gJZzt6KHQroUUMTE9MJA5UGOSSGvBI2USqmbA3zFRq68iIObE7jYe5WenraqpPmkwD2UMV2pXUSyq7q7JELvuq11Q6UnUhhrty7cnlcJyp2c+y6UuxE5XMZSzlOGOyvoy2TOY91xxDRkpspGxyok842CrIh2YCOl3KjSTvH0nZMyXnOeEhtvzlHGORFk8iIc52XBOAGNwu5aNylkHO6NxwZ5SY7I9U1xCETjlyi1dcyAZP6ZRr7ULlakSqiobGMEhUtVWGVxaDndAkqZqiUu1bHhPjhPJCkXlmWdu4TWF53CmRxY3ITI2gdkbxQBwmoXk5rEY2QJZidsJskgcdihOkyDtwqAnYIuJ5KaSD3Qnk5xlcyfVBJ4A+TnAQDC4/hMSS28lnMb5R2DYFNwM57pE4QxjhkCEj6UMt35TBqwV0keqelwDKW0ceEI8JHhDJOeUM8+hcp8CPK4klkKsCXPAkNzmgchJzgGnfsob3DfdMSE2WhHyAZCA6YnIwhknPKQ5R4Rmdjk8I7kk5TwO6QHddUBckJJOSViXLkakkuEZGEQa5FkeoXUINP9SKoW1g9tiDQ/XIPI3n7oE8pnkLnb+mOAFyodj+Ww7clDaCBgr6BGG6e48TGWDvh+6JoCZg+icn/GEPSTklRTeBJJJKihJJJKEEknpKEBJJJJxBJp5Tkw7pEuiHSeyaeF13JUWrqBDEZHbYWWyW1ZGRjueCo6irdIFMx3mO5VCOd0SrmdUVD5XHOTsmMBJ2XIsnvmdWivZHBJpohI5oxyr5rWxQAAAeyr7ZTOLvEI8oU2seI4kyMcITY8ywQa6TV5RyhMaGR78lDJdI/UUqgkRhDPoZFYRHqXHVyhDhdJyclJZn2M6EkkkrCEkkkoQSewY5CYOUUDbhQg6Q4G3oo4JJOUSXkJo+k/kjCRyU/wCSC3YlOkOCkzlQpvBLoWapm5Gw3VjL9OAfyQaCIAeKfROkIcdtkyMtpnk9zBuwMqHMcuR5yQNioh5QyluCisBVwnAyuprtkI0BK8uBHGyhOGSpFRJgjblRfzWectw6HAaJoLhspD+AmQNwNxuugElQGT3cHU9MPZOkxpG6j6I0dwTwtf0rRZw5ze6zFLF4juMr0Dp2JrIgdPAWeyW09H4WjdNTLZxEbMDhQ3FzpAAVIqnnGOECFoe4ArKj2cOywpYjp1Y7Js0xZsApTB4NNkjcKvyZ52NA5KGUsGtPHCLe304p6Z0j/rk391PpsU9C6YbHJQfDMhhpm/UMBFvzmwxspYzs0b49UtmmK2oqoB4kz5XbknKtrYxrpS4jOAqykaWs1O5crqztwXlw2ISmb6FllnGcDjdQayTAccgYBU5xDGlxOwCpbg7+Q4h3KTKWDZKW1YKTS6eQnnJW36bpvCgjJHKyNvi8SUMHdbmlZ4FNE0jfCz2jtJHLyTtQ8fjZgVZXymWuDWH0Uwv0QOmPOCoFExz5HTv3JO2fRIN8ngs2vEcQGnSAFlblOXVJA3GVorhJppHYzlZEyanFztyiMWos4C0zi+rDMfSonWU4+WZSDdz3YCsLUzM5lIVJfyam6thb+F2UMujBOWa9v7ND0/Rvt9na948zgriieG0xkdkbE7KMX6aCCLHmcAFJP8tjYWjkLn2vk7ekr21pFlamgU7n6MOeckqJ1POKe1Syd8EK4pomxUjBjCyfXNW2Kj+UJwZDgJOTRdxWzExv31gbu3Wv6Zp4xTmbHmyVkmRkaQtvaG/L0DSB9RSbn9u0yaCG+3LLm3Rtkqmhwzjdain3eABtjZUNji1h1Q5uOzVoaVocBlca3g9ZQ9hA6tq30dlk8JwBkBbn0UH4f0rRQfMP3c45yovXVQXsgt7NzK/GFpLJSMobdDA1oB0jKXFeypNysyLqOrfDbnOj2LvKSsMCXkE7krQ9UVTnBlPwMkn3VFSt1VLQmAzluNHAzwLcNI0lwUuMintxkbsdOSfdMlLXRQwAYA5Ue/VJpbXlgw3jCiIZqaSSurdjk6tlqbbC5rWgrK2Nj6mr1NHfK29NEGAbLPZ0NreCbCdJBCsIpctA2Krs6W5Sp6ppy30WGayzdXP9lvE7Vuo8o1TuXaWQODiCutAzkhKNDjgpLu+MEsHYZP3V50BQvLJK97AA46GZVFXQ+LO5v9RAXoVkoW0dDFC1uMNCC+zEdoBZs2G/ZU10qi6oMbcEKyrpfAp3P9FQURdVVrSR3XPl0Q1NojEVMMNwSrJj8Z2UeJmlgAGNkYDCySfJaCY39138SXbKQ5WebyUSRwurg4XVCDkkkkAYkkklCCSSSUINSSSRgDEkkjuoQdkeqRc0bkoDgcg5QLg/w6Rz2nDz5Wn3PZQaQGTGrr56rTiNjTG37qREzdAhjEMDI8bnzO9ypUTckFHAL2HHC6kNkkRYkklw8KEESMHdRiTlPJOeUM6cYdwdlAZGc6+lfJaIbPBq8W6VMdM0jsCRn9lc08TIo2sYwNa0YAA2AWeuU7rj1rS0cIHy1BSGd/s9wwz91p2N4TovAEeXyVdQBJcmM9sqybFpGOFBMJ/izjj8IVjjCkpZLR1JJJQoXKq4nGou5PaFmn81Zlwb5nHYKqs4MslXWY8ssxDfsNv9FA0WjjvuuJe66TlMwkif4EOCujhcHBXRwpAjHP3Cxd5kbUdRtjIyImABbRzw0Fx4CwVPmrvlXUAbNeWrRBlotqh3g07pBtgbKLbGAweJjdzi4n1SvMpjoi73wiUjfCpGNI3xkrXWskJGASCDush1/WsZTilPLjstSHkELzrrWr+YuYhx/djB9MrteNq3Wo5flLdlRQsDQ0ABBuExhpHn1ClxtOnhUvVMz4qLSzknG69/oa8ySPn3k7NlDkZtshD3PPJytd0RG175p3N307eyxLH+UHC9E6OhDLcZdOC84XV1EtlbR5fxMXZqUzSwAE7qXA0AEZUKIkcKQHHfC4c3nB9Jo4FpHzOxUC+P0UxHsVOZtI5x7hU1+kBjA9MooCrehtrY0QasYJKmNGCN+EGiIZStOOQnag1pcTsttMdxwPIWfHWebfEe6TPrHxudsxuy8zt79bpsD8ZWq6/uLKitndEThvlWatrGthBA3duSva+Or+OCZ+ePqPVy1Grm2+mbTpGJmh7yMkcFaSYhkZLvRV3TsEcdExzW4LuSp1y/umAHG67tfWTw90t1hT1nnboznKtK13gW2nph9UgDQqhzXy1McLBu5wCtLhl9XTw/93hSYSL20xOhgYHDfAWX+KleaeySgH6jgha+lI1MAXmXxor2R03gk+Z5wBlYtRLbBs0aWO+6Mf7nksB1HPrupAaDyFGpth+Slt2OFxpyyeyqjh4QPScHZRZhgqx0gMOyr6gO1cLPNmlx4APA5QGnDshHfwo/BSfYiUUWVI7XgEqccFuFUU8gbgZVpTyahwnww0ZZrawMrCoj8g5I7qylbkcKFK3PCqcS4SyOpZtTtHBG6lO4VbEAyXUrAEacg7lZ2ju6W7MdrIlS3DhgKK5T6gDGVCI3SGMsWegkJ84PGFas20yN9eVUMGM7q3pSHUeMZJSJLHBt0TamkfQ3RdQajplmSCQwH9lYuJJaQcrNfC6oNRZnRE/8LC0cgdDGXEZ04CXJH1nxs99EZFs4aoQf8IKi1rC+he7HIKksfrpOOWhCBDqYxYS0sHYlHfHaeZVMgir2/wDN/qtRFIJWRyN4ICznUEDYLg4MGBkq9tB8SkbtwE5I8/VL/WlD9Epuk1g9CFyoaPFd6YXHAtqmIs40vOU1NRHSeSqqoSdwvNOuKRvne5vmByCvWJYsjOM7Lz3rSkMjZSG8LbS0eV87R8lEjzOD6xlTX7aSAobRh+PQqa3BaF0YSyj5DfHa8Fv008trAOwwvWKZviRNx6BeRWSTRWt9yvWrU8uiyR+ELfQzz3kliaZX1jfAukTh6rUM8zAR3Cz/AFBTuY6KoHBV9b5BJSRnG+AnHLt5imPLfUIRYD7KSW+yGQc8KxKZBniBbjGdllrnAWgHT+IrYysyFTXOBpaMNxukzjk0Uz2syhbjYhRp2b8KxqWaX7DCiVMecYWaaOpXLPJXyxagds7Ktlh3II5Kty0Nyq6pZ5uFnnHJqrlyVUwLZdI2VnQTEMxnZQamPJyOcI1vfiHcbqorJr+Rx6Linqjnsn1GHecDlQMlpBzwpcUoeNJ2QXVpnU0Ou6hMfQ3GWgqRJG4gfib6hbOiucFSxkkbs55HcFYien4c08LlLcpKCZrm8dx6hc26jPKPceL8zKlqtvhnolwgqKCaKsjflkgHHZXzPCulE15GTpwVCttTDebIGuwSGgg+iFbpJKGTwdWW52XPlFpn0Km3mPuLKjqChdSQukxkNOQfZZatphpE7G4DucL1O40DLjRP0gZwsEYNFQaJ7cHcboHwYfJab7sxM5FMaeQPxxytDSVUFTA18TtzyFT3GjEEjgG7DOVFtlWyjqjrzpJUOdVKVU0jc26rJd4MjhjsVYyNBGyzUT8ubLG7IO4IV9STiVuHKZwd6i7KOOHqolZDqjcQOFYOjzvhBkZ5CCkzWRs1lFBp0ndSYXeXSd8pVVOQ7UBthAifgjOypcoxvhnaqnJ3AUCZhb2V6GNe3BGVCqKU+nKYKsgRLfWSQS+Gfpdtgqt6rscM7DVwMw7k47qdNCYzkBOFQXMEchyAmpHN1dXyQ2s85Y6aim1DIIK2NoucFbE3fDwMEEqB1BboS8ywswTuQqigqHUVQJWg44IRnDql/Hm4s3cWA4KYxwxwqajro5wDxn3VlG7bCM62ntUiWhPaMbhOb2T5QBsEZr7RXTQ5yWjhZ27UpDjMBwtW5oIPuqq5QF0Ra1oymrswauvesIyWSO6cuzx+FJpISxkpieTzsvtk4jNbvVGDyChpnKFrKFxs2Mt6NombnOdk99LodkBV9tqDT1ADjljtitCwB3bKU0drRzhbHKITGkdlKYwYyQuiLPZE05OOEo6lUAtBVyUcwfEdjyFr6cCrgEvGVjHQ5wQFbWO4zQSinkflp4yhUjdTJrgvDC5pxhCmp/FbzwrDQJAHcpjWhh3VpZNu3JVNp3Ruz2CkMdkYwpL4mu4CjmJzXbBC0TYELW+iGWYGcIrT5UTSg2gOvK5MtdLS+GQ11DkOG7mhWNjvTKhop6g4kG26sn04k47rM3GgntlX8ywZYTnZQFJwZrwM8Jr2atio1oucFZE1pdhwGCp72jlGPjKNiwiouFG+NniwjPqFVA6shxWnec7EKnuFs8Rxlg8p5woJtqwslRLA1/Iz7qjuFJLE8gjI5BV24PY4tdkEcpsrGyMLXjIUORfDcZGWLUeMlNp5p6SZs0Dy0t9O6t6u36SXM37qqe0aiAOFZy7Y/G8npXSvVcVwibS1bw2ZuwJPK1RZgZ9V4ax743B8bi1w4IOCt/0r1pBNGy33WYMlb5WPPf7qZOp47yOX8dhr3RkoJbtypoaHDUDkHumOhJHCI9HCSl0V7xnIKiTQD0VlLER2QC3OyhU4JopKmk3GyrKiAxv1Rkg87Faean1AYH7qsqqQ54TE8HOuoJdhvxLW0la7cbNcVLvViprlA57WjWRsVl5oC05aMH2V3Yr85hFHWu24a8p0LMnOuojNYkjzq7WirtFUXBh0gqbarq14DJD+q9Ku1mprnA7LQS4bFeX3myVFoqXPa06c9lsizz+t0ex5gjQGNs0epiz94tD5o/EiGHsOdu6ParsRhj3e26vsMnaHMxlaYSwca2jfwZCy9QVFpmbHNnGcEFekW24wXOFr2PG4WAvljk88+MhxzkchRLHe6qz1IjlcSzOFurswc+SdM9p6pLQOc3VHgFVtXTFu0kf7KfZrrDcoA6N4O2/srCSFkjSHtBHuFpUsoNNNZM9TlrQGDGD2VddenRKfm6I6Hncgbbq1rLbNBIXw5LeQu0lRqHhyHBHqmiZpTWGuTPW++uhPytcC17Dp1LQRyCRgdsQQoN06dhrCZo8B59FSUtdW2ef5SryWg4aT6KGZfJCTjMtq61CZxmiw09891AkpAG6HN9ir+CohqYQ+M5yNwgVVICNTSl9hqCfJirlaGxfzoRnPZVZjBGkjdbt9KwjDmAqlrrE4kzQOaCfwlBKtSM19G374mUlptR1AcIIJi3wrR7DGSx7TlRp6bPAws1tOPxMq47GRTh2xARcNeMNUF8bmu2BH5o8RIPGfzSk/TKkjstIAcgKDUQObuArQTcAtyhzRteAQqcF2SM2mVA1DIwuse8btKlyU++QzZBMR9MJEqfaH788MNR108bhqfkd1bNninaMO3VEGkIkEpifkK4ycOGBOP6LY02tcLnR49lyCtaW+ZEOmTcJqalyBucBolikIEux7IVRbnuPjUzsd9JTnRHOWj805lVPERrAc0dkE45ZohfF9lfnPklZgjkLj6cxATUhI9W+qs5W0lwblrhHL7qvqWVVFjUMt9R3Q4GK0PT18UjRHKCx3uFKJ1b9lVjw6mPOfN6+idDNUUzvNl7FGbK7W+yZJG14w4ZUKotzZD4kDvDf6t2yrBkjJW62HIXQzPdLcmuUaGlYsFfDd623nwqyHxoz3xlGdFbbqA+klEUvdp23RnRg7EA/cKBJaGyPMtO8wyc7d0UNTJP7jLfo0+YdhmPudtOHAvjHflWVF1BG14LJTFJ6gqlddLtbcRztEsfqRlS4W2S7MBY75eox34JW6rVRl0crUaVYxZE9O6a+Jd9tAYw1XzELfwPOdvZesdO/Eqx3uNsNQRDKRuHcZ9l8q5uNrdkZfH6g5Ctbf1C0kZcY3+uVuruz2cLVeIjZzBH1wWwyt8SCRsjSMgtKh1MGs4I/1Xg/TnxJudpkaz5oyx+hOV6fZviZZLmxjayVsMh/RO3JnDv0NunlwiReekYK+Nz4GMjk+3KwVZ03V26q8USPpZmnySx7Feux1MdRGJIiHMcMgj0UWpp4KlpZPC149CMosCo32R+2RlOmfjF1v0g5tPef/AHtbRscHDwF610p8W+jerWtjp68U9U7YU8n1Z9Mry64dLyFxfbWgnnQ47fksrW2O1zzeBdYn0NUDu7GlpP8AzKipU03ctYf9j6uIyMj0yoFVbaKuY6GupWSsPIcMrwGydVfEfokNNnrzdrc3iGV2S0egO69E6e+OXT1ydHRdRU8lnuB2cyZuGk+xRMxT0dlfMXlF0/op9FI6o6drpaZ+c+G52WH8l1l4v9vf4F3oTK1v/EjC1NLVUtXC2oo52SscMhzTkFOcwP2dv9xlSGcmObaeGioo73RVeAJA13drtiFYh+RnGxUKv6dttU7xfDMcn9TNkBtLc6PZknjRN4B3OE0FPBbAg8FJQYKtriGvDmn0KmNkDuAllhUkzI9UlCsD06MkO2TUk0EJJl4BP6KHW2a31I1GERyH8bBgqVkIhOcEIgzNVXTU7W66SqLnDs4qrlmrKNwZVQv224W41DuhTMjkxljT9xlTBNxlIrlCWjzb+6mQ1MUoBa4bqRW9MUdUTLEDHJ/hOAqersVwos6CXtHoq6CLUbbgp7Xnv2WeZXVUX8t5cMeqmU92BIbIRn1ULLkTEDAC66Rr+WhQW10Dvxoge0jId+6qWMEwwz6Olm3LQ0qOI5qd2YZdI/VPEp7JF+eUppF5CRXKrhGl2HtIxhRaqGz3VohutsiljGdtIBHuCjjT3CG+MO2zhVtQ2FkodMyF8+DXSl2GaKYwSP3B5/ZYe8fBK7UQcKGaOTSvZDEWEOBTtUuMNf8Aqg2odDXXVvhnzJc+guqKFjpKi3P0s5IGRhUUtvfE3NRCQV9ayN8QFkkeoH1CpLj0rZq46pqOMk99IUVWTdV5Sa/NHy5JEAcBqG2LJBC+grv8PLTNvT0jRn0bhZa6fDWAwnwIyxw4IUdRvh5SqXDPK/EMY5J/NSYL7XQgMbISBxkrVz/DmoABLyq2o6FrY9o3A/dL+M0x1NFn5Eel6oqWbSyEfmreHq5ugB/mVFP0jeo9xC135qCbPdYTh1Ln7FXsxyU46efTNm2/W+YB0kQJPO6ktp7BXsDpI4vzAXnbhNCS2SN7XDtgrsdzqYxo1vACVKGWBGpN/Yzey9L9M1LSC2nB9OFWVPw5tEx/kNbg+izkd4GfNUkH7qwgvZwAKx36q1RB9oLF9X4zFWfCyR41UUml3qqmo+GnUMI1N0ux3Wohu9wwDFUOx91Mi6iuLPqeXKnpa10HDWamHvJ5tV9HdUU5/uQ4D0BVbPbbpSDVVUTmgdwF7AOpatvLW/m0Fcdfo5hiopY3f+AJUtKn0Oj5GxfmjxgyuH1MP6J5rImAB4x+S9XlNlmz4luiGefIFVVvT/TFUNTI3td3DUp6eXpjo+Qi/wAkefx3KnYcB/6rrrhSnGZcrWT9FWd5zGXj7lVtV0PTaCYHZI9SlOqcezTDVVS9lMaqilA1O4TgbZLgd0d/R9Q3j09VEf0vXx7sOP1VbB6trf8AUGFBRSbscDlBktUY2jAz6oZst0Z+LH2K58hdIcEOJP3KmyPtB7k/wkI2yVoOkBBfRVDASRspAju7OYzj7peJcWb6CVThAkbWnhshGKbOSHDHuml8jdiXfqphrJf+PFuuieHl8WVapg+maFa+yE6omA8shGfdC8SfOfm5d/8AErP/AN1vz4jcfmk2CyP/AOIQfuhlpt3TL/kPPKKvx6po2qpM/wDMmCpuDs/788fmrN9toHO8tVt2B7JOs0D2/wAuoGUt6Sf7Q3+S2sJ4Ksz3A/8Axz/1S8a4f/Jzv1Vh/AJju2oaunp+c/8AGH7oP4s2T+S1/UVfj3D/AOTn/quGa4f/ACc/9VZf7PVH/fYS/wBnan/vf80L00l6DWsk/wCorvGuB2+ed+qaRXu5uL8H3Vn/ALOVR2E3P3Xf9l6ojJqP2Qy0s36L/mSX9RUEVGfNUvJ9dZCQbI44kndp93q1/wBmJv8A5JC7/s0wf39UEP8AEmRa1+2VwpbeRqkmJPucrggtIPIKnNs1EHYL/wA102u1jmYfogemn7Qz+dF9ohA2poA0BcbUW9h/lNGVNFLa2HOdX5J7ZLazZtEXf/a1FpmMjrF6IrKiIA6GD9EVrpn7MZlSg4SYENuP/lXfkLk8jFE5gPfCr+Mx3/EYw7AiB+MvAakBCw/zXbKa2y1zhuCPYow6efgOkmH2wrWjBflox/Er3OpiB4QyVwP/AKW4wrmK0wsABaDhSmUFOOIt0X8IFeYXsogKo+UY39k9tFVOGS3AKvmW/TjUzARxTsAw7hRaKL7J/wAXl6ZRQUTnHdqP/DXHsQrYSUEHB3QZrpSMGGDdT+FBdDF5X+5CZaiSCQceiki1UsYBeos12n/4fBUUur6x2GvOCg/hoOPkZT6ZaPjtsYwQCfuo81TQs2jZ+hQorVKfNPv+ae40FG3XIRkHAHOSq/jpD1qpP8mNjqHZIhbz6p/h1sm+Q0IUty1bQU/7IBkuE5w4aWqo0pDlqeCU8tH99KMhRZamMbRuynmke/HiOznlFioYmjIYMqOGOg1c2yHrc7fC4YnOOcKf8tk4DBhHZb3OIw3ZDtxyPw5lV4WCABupcVDLKGlowreOhiiAJaM+4RRGB9I/ZKngdCBVxWsDBmGVLhggY4aYxlSJHYwheIwbZCRJo2VwwPdgAY2TmY23USSoG2F1sk5xoZn3S3LLNSTLAOxyVx0rWjI3UT/eH7EJ3hOxklC2Ph/cc6oxnZC+Ycc42XSN907Q3+kKgmhniPPJyunJ7ruB6pawqSC6WBmgE7gLvhtxuOF3UPRcB3VBHMFdGpOGMJEtChTeBugpafdcL8dkx0gIULUshCRzndCMhPZMLsHJXPEadlAsj86iugYXBC4785RxCQB4g2S20hkIZGfUNksEbYSfUUsIOk5KHG2qr3BkWw+yDO4djb6Hh8TdnPwUzw5qg/ymEhXNq6Vmmf4tRvj1C1FHaaWijAawE+4VSlg2U6SVkcy4MpbempKhrZqjA9iFoKa309G0FgGQFOmngp2+cgDsBsqmrqRV+SAnZD2bq9MqoYigNfWsL/DjbnO2Qo9JSVE78vbpHIVtabFJNIJZm8jIB7BaGK3U0P4ckbIexkaJSeWVFHa9EYc/BU2KJsYOylSFjdmNwFH9SojRCGzgFIdbsAIThpG6ZU10dOD4jsHCz1wvL5hpjfkAqmLtvjBclnX3KKnYd8ngBZ+pudTPtqwPTKiTSyTO1OycJqhy7dRKT+047W45ccpNac8J/lTXFuNjup2ZZTwP8ulRcEp553JQ3StYPVTozzswdxg74QnzBo3OUCSqzkb8KKZXO7lX2Zp25Jbpy44woz86uV1gzuU4nCYoZQiU8nME4yMJ54SyEJzgQi6Ezmcc7SfqTXSHTzlRKioYx2C/GFWVVyB8sUn3U7ET1EY9kqsr3NBaCMkKuYZp35kdkdl1kUk7g4nKnw0+kAYVtbuDK7N4KKnGxIwpLYx9kQRaRygS1AaOE2KwC3gJlrATqUaWXIw1DklLs4OFH39VJSwA5+h7pCScLuCkXDBTEEpYBxnkISMHccIIG+UgTlEAGNwpjIDEOEkklBgkks74SP0lQp8BDpwdx+qjknKRJzyuIxEpZEmJ6EXgIAZ2bRxQJJNA5BQ5qknYBAeSd0WDLbbk7JO7OAOUE6iu4JPCeMYGyNIyttsHgpDlGw3GAhYOcqworK5HjhdXBwuqAN8jk1OTVbeQUsiQxj1T8jOEMjCsbF4CrmR6pHhBOrJ3KgfDR7Sn4wmIjV9HisHghxweySSSalgMSSSSogkkklCBUkkkBBJJJKEBJJLun3RN4IdPCEioSRIgsLPdQVpb/u7Rue6vKqoFPEZT2WNrak1VS6QnbOy5est2rYjbpqtz3EZSKSMSOwUIbqyttNmQSY2HKwVxbeTdZ9sS1pG+FE1hbuFW19Q90pa7jsFayyNjZkjGAqJxM87jzutWcIzV5m8j4QHbqNVSFzy0HYKS5wibhQHu1OJSbHk0Rjk4kkkkFiSSSUCEkkkoQczlEfgNTWrjiPVQg1/1FEQk95w1GEyNUjBGCi0jTqAKE7d4yptHH/NbtsjhyLmydENEePZCcc5RJdsBRzwiYqK5BzKMBuUWY5Oya0JT7G/2HpknCMo1U7AAVPoNdkKc5cuM+oJO3KUOzgszNCXBLa0Bq40jGSEnuJw0DldcNEbW4RAJAm5LsgcJ0ZdI4BdJDQCRynQjWR7qmFFZeC6stOXzgacgrfUkLaeBoAwcLMdN0mPDe9oWrOMbFZZvLPb+L03x1qWMEeeQkhHt0JlmyRs3dRXnfhXFpi0xl5H1BZ5S2neoWWduD9ETWN2zyu2OFr6nU9uQOFHrS6WfTyBsArSigNHR6nYLiEiZrhDM/wDBIaHfPGUfQwZVVc6mSqqtLDnLlamoip6PxJOTn7lU1KRLVl/CodLlkxwIDWjsFobdDpgDuCVRxM8eUMwtFFGY4GxkYIGeUmbwdLSRecsU+BC/ccLP3CT+SW53VtVOIGj1VBWuJmc3OyS5bjTYs8Enp2EyVOXDbZbeQNGlrT2WZ6fpSHRnHPKv2FxrAw7hqRYaqH8awK4v8KjcAdynW2PEWXdt1Cr8S3JsJJI5x2VrHGGtAGw9FUTSnkrL5MfBEbNtRWeczDSONlYXepc6qLc7DYBVs8mCGjkqM5uolmZYWvEdNrPKoKbFZfw8BxaHYyBlXRkbTW7W7sCq3pZpFzB/qdlDJfa2ZHl2RiaWo8lXHTgbDGFOhaZK2OMDIZuoc+JbmNvpVjaMGsLjvjuuTc8s9FT0XbsgNaBgBeedeziS4xQNAcQMr0KWUNBwOy8s6nqDJeH53w1Kg8smrlisBSx65o4zvutoxh0NaOMABZXp1rZqrJbnTuFt6eMOeBjCRqbNssBeNhhKRe2yL/dmjI+ytoRpAVbb4i1rQrNxENM6Yj6AuTZLLPS1r7cmEubjcOro4fwx9s7L0FoEcfsAsL0tEy436rrXjJ1nStpXSeBTPf7FFGORa5juZjb1O+WueHOyG7BNtMXiVG3ZQXvdPM55J8zir3p+n1SueeMJuz9iW8ssmAuqIx2VN1fVEmOkYcNHmOCr+nA8XX2GVjL7UNqbg7BJDfKqmsINLJadKxRxQGbTlznLVQNyNZVHaYGx0segY2yVo4mtbEAB2WS01VLAGd50nA7KtZV6XOBx3VhO5rQSeFnpX4mIB7rJJZNOUsGntNW58G4GVZMfntyqK1+UDJ2V01h8PUB2WaS2tM1Qe5cjLXRfOXcam5ZGdRHqt9TAFuAMYWf6dojFAZXt88hySr6YimptXcDJWG+eZllFf68vmFPG7yt5+6ndK0LnB1XI3y8DKz4bJX1ojbu6R2FvqKBtNTMhYMaRg/dIslhCyQAPRExhMT1ik8sJBV0cri6OUsEIOF1cHC6oQSSSShBySakqwXkSSSSsoYkkkoQSYnoROVA4xyO5VVWh0tayF28Uf8wj37KyfPHG0uceAquLU5z5XHOo7fZQILnO/qpMQA2CjKTGEZaCJJJIghiSS444ChDhwByo73Z/JOeTlQL3XNtlqqq55AEELpMn2CKPYEnwZ/pR7bjcLtfA3LJaowRv/qbHt/nlath7rM9BU01B0lbqedmmR0XjPH+J5yVpI374wmPoXHsYxgdVSSY4ACOgUpJEjiOXlHQDAKSSSMgG6TfL26ebONLSUOxx+FbY4yMEtMh+5US/uMlLHRDf5iURuH+HurKJpY0NHAGESQXQYLnGyamggOAUl+iLke5PAyCFxu6YmQiQj3GoMNFM/O4aSP0WQsRHgPkLcue8kkrQdTzeFbXN7v8AKFS2VgZSBpaNytECxtzcZKilpyfLI/LgrB38vYcdlXSEVF7axo2hjypk51OG62VdgSlgdK8Njc7IAAO68or5HzXGaSR2fOf816LfZzT2uUgkE9152xg1EkZPqvT+JpzJSPP+Uu3fYJoBAyOFjurJ3PnZFnDQc4WzeMNJz2XnF5qHzXF4cfpJA3XutHFJ5Pnnn7/jr+MjtB1AL0/puPwrVE3jVuvNIgXFoA3JXqduhMFLTxnljRn9E/VSzHBk+nq91m79FnCMFFeQBlMg239UnksaXc7rkSie9jwjsIyVSXceNUCIH3Vyx2yoajL7mMdvdFWssyX2YJ0QAjbgYAGFGu8xhts8wGzWnJ/JTTjTgDgLJdbXCSmtT2MdjVkn32XY0Fe6aR5Lz2oVWnc/0ePXuqNZWOYDkFxLkehgL3xxxjkgYVU1zpZ9XdxJK0thAExy0HTwvZaSG1YPzl5S12TlP9s21E0QwxxNbjA3Q7i9xkDc7AKRStAYO+3dQbjKHS4HYYXVjwjz75llAqNhfcGuHZSRqqrqS3GGqPb/AOXM6Zw5Ck2VuqaaQnOTz+aVMNGho8h2c8BeJfGysMl7pocb6NX5ZXt1KNLHSHtlfOfxMuD6/qyQv/4bdI/VcvXT2V/5Z0vFQ36jP6RTRqXH9KhxDCmREY+65cllHq9PJOeGFPBUKYAjOFNPBUR5yMYwlM2zXpEKQcqKeVPeDkqGQQd0tmWSwcY4tcD6K1o5QWgYVTgjfClUdQGuAIRRlgzXLJckBzT9lBmacEYU2Nwc1AqW5AwE1vJljLayAG4d6KZTnU0AlV8uztlIgeWpUjqaW37uQ88fdQXgaiFYF2pqiOZvwsth03LDGMycjCs6J38oMIVa0YKsaF42bjfdJny0atNPEz1P4SV88NTJTGTyb7FeoVgaaZ+F4r8PakwXfGcAtXszP5kLhn6glSPqPhLlKhIn28iajOk/S3BXA1dtLR8tIEbTjkoD00HlHmfWDfCr84/EVM6XnMkb2H8O6L1vAGl0j2Dc5aVVdOSvjnYWnZ5wQmxWTzE/9PWM004AnYU6oOXAgLlf/KkY/G3dPkGqATYVtZNs4AjhwxhY3qqjL2TDHPC2cP8AMGcKk6jpHOJeBs4LRRLByvJUKVTR4RUsdT1UkTxgtcVKhGtuU/qCCSnuUgkbjJ2TaI5HC69Lyj4f5CDrvlD9MNTSuiqGuacEFevdOTumo2vccnSF5AWFrvRepdGSGSjAJ/CFvrPO+QhmO4v77EH29p9DlH6eeJaMEnOApdVSiajexwyNGVUdMPcJjBq2OdvzWnBxM5rwaERNLc4QjGOFL0oToz2CgjLRCkjyDsqqvh8mCO6u3tKhVTNht3VPlBQnyZCugDH7hVtQ3A9VoblBlzgB3yFTVEZI44WSaydKiWSnn+pQ6obBTagYeok7S7GAktHRgytmjHomUhw8tHClPbkKPGPDkyeClt4NceiYTkLolMThtlcwUOYZIcgsywE+eCxgf4w3xlBr6Utj8Vozj3UanqhE8agcBXelk8DSDkEZSZpNHb0ep+3bNnOleoqi11AikkPgu2LTuF6PFDHWQ+PC4OB3yCvIq2ldGdTRgey1/R3U7WNbRTOw9u2/BC5ttfJ9D+nPMLK09j/6m9ttXpaYpN8eUhVnUdoinjNXAzErd8tVnAGVTRLG0e5CktZsA8bdwsU4n0FwV0eTzuogbUM8Yty4DDh7rO19txmaD8wtxcqB1HXyNA/lSeYeiqa6iEY8Rg2OxCE4l+lcZYRQWatlbJ8u7cehWqoanQ7A3WVraN8EongBHcgKytVY2Yg5wQNwlzBpsdfDNfHMZG8LjmZ9lHo6gAaSFNaA8bKn1ydmtKcMkCopxIwgDcqjla6N24xpK00keeyrK2lDhxg5yhf29CrKiJBKSBlSXaZGjbGFXkGFw2UmKXI45VxYhr9nJaZsuQByqaaKRkjgRjBIWgagVcLJoyMDJ7p0XgyX1OUcIzlVG2Zpa7k7LNVlDLTyHbY+i109GYTjOVW1EQf5XDITs5OFqdMtjcint9VJFJ4ZPHC1luqDK0ZOVjKiJ1PUHHGchXFmuga9rHEHO2FFL0ZNNbtkomvbwikau6jRODhlFa72TTuxfBwt2KhSRaiQRlWZaCMKM+MeiPoGxKRjb9QSQPErRlpONlWMfjOy2tfAaiAxtAzg4ysVK18Ez43DcHBRQf7PN6/T/HPMR7uEE8ou7m5whHkp23KORY3Dlj9e4GFeWyv1lkL8ZxjKz73Y4RaKo8CYPJ4QOOR2k1fwSyjaiFo9P1THMAOQE2jlFRE2QHlTPBIwcJE4YPZ6ae+CkBY3OxCT43RYlbtgqSIuMDBCeYtbSCFmecm2Ky8ltY7iJW+DKckjZWksRADljo3SUsrXt2wcrWW+t+ahHmBICNT4NlU/2da3JwumLPIwnyxljxIzb1R26C3jdQ1JJkDw9LuOU8DKkOjycoYBaeFRU4Ag0hDko2VMZikGQe6sGMbIAdK4IMbZwqayL+NMxdXRVFmqfFiJ0Zzsr+13SOujDS4B4U+roI6iIxStyCP0WUq6OotFT4jCdGdiqFY+N5fRq3RY3QtDc79kO2V3zlO0l2SEeRvCI0ZhJZXJT3ega8eNE3zdwqHU8eVzSFsJgdsDKpq+3FwdI0YJ3UMGo0+fugUjmtdkEKrr7fzPA37hWcsbo3ZI5SLQQoci+pSWGjNHbY7IYbghwOCOCrSvoA5+uNuD3VYQWuLT2UOPZB1s3HS/WzqYMork1z2bNDhyvQWVFPUNDoHagQvCDqx5XYPYrSdMdZVNqcyjqSHwk7OPIKs6/jPJ7H8dh6hJGD2UV8eDnT+6k0FXBcYBPA4EEZKdNBuCAiPVqUJr7WQXxnuodRTh44wrZ0eQBhR3w4xtlGBOGTOVNIc/T+6gSwgDOOPdaiem1D6eyrJ6IngYUg8cmG3T7h1pvksIFPUZc0bAqdc6Klu0Ja5gBI2Ko3QGM5wpduuRiIgnPl/C70WmFv7OddRlbTFXeyT2yZ0jBlueydbbk4ERvdgr0OopaerjLXsY8H1WHudk0Tu8LYjstcZ5PPavx7r++BZNe2aLTIA4ELP3ewF5L4MYO49kWiqJqZ+DIXN9D2Vl8w2UDIWmuzJw7qPk9GXsl7rbDWhkhIbncdiF6raLvTXSnbJG8ZxuF5zebKZmOniGSOR3UCzXyrsk43cWg7hao3YZgVU6H934nscg29lQ3Cika4zw9jkhSLNfILrA17Xjcfop0jFtjNNBuCfKKijrNeI3nB90W5WenudMWvAD/wALu4TKqiaJPEj2zyEemnkjaGvOcJgqUM8MxlVHcunKhr3Avhzg4OxCvKG509zia+JwHqCdwritp6e4QGGeMEHvjhZC52Crs7xWW4lzQfM0dwoZMTof2rKL+SAYDhuCo74QNi1V9pv7Z3eDUAtJ7FXby14BA/NQ0wnGccooLpZ46uIuja1so4IGM/dZieB8TjHKC1wXoD4yN1CraGnqIz4kQc714KFxTM9un3y3GDNNr3IQ/D8N24V7WWyal8xaS1QJqISsxwVksrxyjBNOMsMh6MjyjKEx5JwQuSmsoHAjBYeO66JoZzqHkeeQeCVnk2heAvlcMEIZpgRkbJBpHdPExG2lXuJyiM+nAPCjStLcbKzw1/ZDmpBtpQOKkEp5K7W4EYKn09SQBkKPJTuB2Ca3Dd88IUtpckpIuIZWv5C7NE14yFWxVRYfspsNW04yplCXDDyDdCWnIH5pMqHYDHgPb6HdTfI8DYIUtGM62HGeyj5CVjRAq6AafmKPAcNy0d1Cjri06JWEeuQrQh0WNvyQKuCKqGQ3DvUd1SiaqrwbJGY1wvwfupEFYS4RzDSTwfVVwglpzgt2CJ47HAMkBHoR2QShuOlTfH2W/KYBhQBVSQkYdrapkc8crA8O55SZQwboTjPoe5kcjdMrA4HsVXVFlpXEvpHOhfzzsrLBKSqMnHlEnTGxYZUsqrjQHw6hhkj9RuFx8dPVOMtNJocdy07bq1e0OBB4VZV0/huBgi3WirUST+5mG/RxhHMTsFRLTODZ2kgdwriluEbgDFJgqkjmEo8CfYkbJOpqlh1U7dQ52PC6NepT6OJZUrOGj0Kw9b3qxvHg1Lnx/wBDjkfovRLL8TaCtDI6sCOQ8nsvAKa6SROEc2ffKtKeujkALX6SVqjqEzmanxtc+j6eobrR1TA6CVpyOxT6y3UdyjLKmCOVp/qG4Xzrbeo7tbJGugqXFo7ZK3th+Kro3NiuMTg3+oJ3ZxdRoZ1/ga+bpGupCaiyVzxp4p5TlhVJW1eB8l1NY3MZxrxqYPcdwtTaurbZcGB0VS0Z/wASu3fI10WirhjnjcN8gFFkwOVsPtsXBiLUbpYnCt6E6hbBjdsBB8MfYZ2W5tHxduNEI4urrK4A7GrpBrYT7jsqGr6At4e6r6fnfRzHfAOxKhaeoLc90V5t3zsI21sHb7d1MYAn8Vqwe3Wfqfp+/RNfbbpDMXDPoPt91ZFgG4OP8l88RQWuWoNZRTmimHDmHS9vstNa+tOp7UGxv/8AeUTfpwcPI90wyT02eYnrpjaTktB/JDfEGnLSR7dlmrR8Q7NWgQ1jnUs/BZIMbrRwVlPVtD6eVr2njByhlLAj45Q7GgPDkQZxvyi6RzhcAzsECkLaOJLuMLiNTKO5K6ZiRghDL8dlw8I+CBC8k5JS1e6jknPKWT6qskJYm+yRkzyAVFGcooIwrRAVTbaGpBLoQ1x7hUVd0tI7MlO/jstLkLviaOO6otPHJ53UUtZSOLZWSADugsuD4Tu8/wDmXozoqeb+9jDvyVTWdNWyok8QxAE+gTA42J9mWj6je0Brm598qZH1BARksO/ug3Ho6rjL5KVwezsBys7WdMXN25dJGljYbH7NYeoad3bCcL7TnhpXntXZL5SM1xyF/t3VeK29W9wkkhlwfbKg2MFLpnqn8ag7tJT23qEcNcvJndaVsfMJx9kal67Gr+a3PtwqWPYX8Sb6PUzexgAO290J95p8+cYXnzetaaTlmn81Lh6io52hxlbj7qZRX8WyK6Nn/EqNwxq2KjSS0Lz5H4J9VnW3Skk4kb+qXiwy48J4/VRNC/heS4lpoJQWlrSCoE9lp8ZBx+SAHvHEh/Vd8aq4M+R22U2odCLSIlVad+NlXS2enbsWAk87K98Wfu8FNL43DzxAn1AVSikHlozUliovxxNOf8Kiz9M2iUYNKz38oWp/luOPC/ZBlponjJYQhwhv8ia6ZjJ+hrHLuI2tz3AVZP8ADi3g6oap7c+63stvhcM6dwo4onHOOFTjkfXq7EYKXoGqYM0lym27alH/ANlOpac+WcyDtuvQX07xwENzaxu8O6HaOWsmn0efvt3UdKf5tGJG/dC1XJuddrnGO+OVvZjcSRlg2Uijhqnf3kLSPdTaX/MfuKPOPmpWHFRSSRj1wuCeEO2P7L1CW2QzD+ZRsP3AVdNYaRzgDQs/8oU2BQ1UX+XBgnVcQwNYyU5sgeNls5+mrU8APpgCfQKsqOkKA7wzzM/NU68jVfV+zOFm+5SMR/pyrd/SBaf5Vdn2c5Mf07XNHkl1AJXxoNXVv2VXhA/gCaaaM/8ADCny2W6xnaMO/NAdRXCIYfTHHsl/CGpp9Mi/J055YFz+GUjuWKSYHD6oZQf+XZIx4Hmy0e6nxYHK9pYK6axW55GWJknTNtkbsMKyDY871MY+5Xfl8DPzMRH/ADKfEifPP9mfn6Po3H+W3KgS9FRndrdK13lbt4g/VJz2Y+oH81fwxl2GtXdD8WYl3RdRnEbj+qEejroOJMY91tjIAdnD9U/xB6/uhenXoZ/PufZhD0xeGnAmI/NL/Z+8DioI/MrdGRvc/uuB7PRT4MlrXWrpIxIsN43/AN4ThYLwTg1RA9QttlncD9EJ08A7jP2Vfx1+y/51r9GSb01cT9VxlH2cjDpioI81xkP/AIlpHVsG+w/RRzWwnOw/RV8CXsJ6m1lCOlXk5dWSH/xlSG9J0hA8WaU/+Iqz+aiPcobq1pJAyijVgjvtfsj/AOy9rA8xef8AxJ7bFZGbPgCcarP9X6oRmB5yj+NEU7P2PFBZIzgUTTjuiFtvjAMFK0EeyiGQDfUQhGcnjKF0xI3KXsnfMRM2ZGwY9kjWvkGl+FXeK73XPGPulfHFeitsv2TnyBx+oIQe0cuUdokkPlBJRGUNU/bGyijFFYftjjUwt75KaasAEt2RY7PO4jOEdtqjiwZMK9iDVsYkA3CcjAcgg1s5ww6h9lcaLREMTHKEbxBTeSjgAA745Q/GOhZkhw2S4TnOgb8k9lJHTtPC0PrqyED0Dt1Hq7zcJWhjZdA7hu2VEGuXZxJPqVXxobG1R7Jsktgt5Aj8SV/bbIUWovE5GmkpImA8HTuuxWyV7suZsVZ09mbtqZtj1QfEhi1KX4meebvVOBfKGtPYKRFavFw6ZxJaOcLVQ2eA4Dm4VhTW2AYaWjH2SnWjbppTsWZMxsdEITpaEcUbtvQraSWahxqIAd9lXVNNFA7YjA7rPJJHcpq4yUAoHYGW8o7KMDHZSp6+hp9pJAFWVF6Y92imjJx3WeUkjoVQSJYhaw7twnGaCAbvVW6S5VJ2bhqJFQTuAMyTKWTZCly6RImuVOSADn7KOa9ztoGn81IioYB+DcIojYNg0bLNJZNUKH7IGa2bkEBFjoXSf33+alhhCIMgcZwluLNEKsEdlHADkhFw1rcNC4ZhwUL5iIHAdlAntNCikdMhB2C6TkIZkHYJmSoUPPK4mpKDRZKaNed+E4cp3l0qEFn1XHEAZQnuw7GSmF+BuSgACCY5wmvce5wo0s2kjC60VE+AN8IG8DIwcugutCdK5zsMCl01tnfhzm7DlTWwUlK3LxuluwfDT+5FXDTVUxBcNlYRUkEYy5uMJSVbMaadhPphFpLPdri3UR4bD6qnPJphp0/xWSLUVMUZ0wkEodPBd7lMIo4stWvtXSFLA4TVLWvee2Nloo6Knpmjwog0/ZKcmbKNE5PMkZK3dFSGQOq4hxklaKktNFRD+XC3I7kKwMmgb8KFVV8LBpjf5kOcHThpq6l0FdpaCRgD2VfU1rAS1hymEXGpdhn0lTqWyysIklO6tvI3bngq/lJ654OjZWdJY44wMNweScK1giZTMPlAHdBluAYcU+CjaGRgP8SKmbh/lOOEB1X4mw4UZ5fM4ySHJ/yVfX10dHGXOdv2QL7QZzUFyWU0obuVQ3C+GB+iJur1VXVXqolOGnAPuoRe55ySqbOdfqvUR9TWS1khkkJz6ZQA0BdwPVIkeqoxTszyweAkSCMagF12wKjH1JVox2TQ/c91wP0gklCmeGnAUWetY0YPKJdGWduCTLUBvBGyrqmqztlBkqtRwO64xmd1cY5Mdl2Rank5Ro2kYOFxrQEQNAblNUBLlkdjynbsgnbKe+YAEEKM+cYJARFSmoj3ThuQSolTXfLjOAVArK0g4acFVwkqKh3mdsoZbLchKysknlOBs4JUtEJHBzwfujU9GXEOIVpBA1oGWokjPJbhtLSiNvCIdk4vDc57KJUVAxwo+AcpBZagAEbKvkkL3ZTJZC884TWqt4M5hPzH6pEjGELJ9Usn1UTyBk6Sc7FcSSQx7Cl0dbuUUAY5QUslM6Qt8hUiRpO6GT6FIgngoc5CbO53TsjSAhpE4CiWCjp5XNQG6Y6QDOVHdPnIARCZzikEfKACobpXEldc4uOcrmAoYrbMjSSeU0A5Tk7ARJGdywcDQOy4nJqMtcgtTvVE0jOcboSMoGxySSSAWNXDwurh4UIDJOVxdPK4mJN9BD2bZTWuJzsjwRazghavof4d37r+8R2Xpm3SVE7t3uA8sY/qcewW3T6GV8d0kLuuhTHfY8I3CemJ690eLEkkkmhiSSSUIOSSSUIJJJJQgkkk7T7qN4IDHKR5SXXJMyCJB2CWQNkjsNkKoOiIyeizznhZCjHe8FF1JXljPAacLNtLlIudU6prHOJJAOAhNwRwvP3TdtjOxRDZAcwFxwAtJbqcRQhxG53VNbYTLPgNyFotmsA4wn1rC5EWzy9pCus7WRaWkAqrpCWv8QjITbhO6apLM7BHIEdOBjcIm8kr+1JAao65CRwVG8P3SlJc7OUo+6RLs1wQ1JJJUEFSSSUAEujlcXA7fhQgUcKLISXYUp52UQAl2yploJGDjPqlJthEYMN3UeXv91ZPYwHLtlc0kLGwB2dz6qppo8v3GVbMGGDfhMgLsGzjcKM4bEKS7uo8pHZSwqBGd9SIhOILtkVLGseOCoNQSXDfZSpuFDkBJ5S7JYRcVyRnokIIOcIZ5Cl0+GtzhIjyxvSONfrmbHpRZiC7A7JlM0Oqy4jZdf8AW77p4A17sEDCPb2GSo4QSA5W1hpGPeHPaScpM3iOTbpKnbcka+0wCOmaQFZBx04PZCghEULWtGAAiggcd1hlPB9A08dle0ZgvOwV7EwRUQJ22VVRN8SVrQ3JJVvXNEVLpIGAs9nLN9SxFshU2qoqxhvJyrmp8rBEBwFAs8YH+8kKYX+NVZxgFAa6HiO9+yJdJWCGOH8QGVGt7HBxlxsE+5ObLVFre2ykQgMY1o29UE3gZDmeSdbG5qc4V9LwP+VVVpaPG44VnLyPskTnk6+mWI5K6vJa1zhyAVn8kvyTk5VndarAc0FV1vjEs4D8kJQ18ySNXYQAxjscDKs2YY8zYzj3UWiY2GlLw3BxgIzpxHQEkbnkpbWTTHoj0ume5PlIyA3ZWjjhpJOyrrNG3Q+Y/UTjKlV8nh0j/dUljkbJf6e4y9a8yTvcSoWc1EYB4RpXatTj2QKMa6oIjkynumg94lIp2RD6SUXpRjfHmkLBkN8pVfeXu+Z0F2zRgBXPTLNFM9+NyMZQSX2sVF79SseidGSa4uJ3wrm0RAROk5cXKigP897uey1NtaGwM0txkbrj38nodLyKul8CF73ehP7LyCtqHTVsz3nJLzuvT+rKoQ0ErBsWtP8AkvKGjU/BO7jlZ19onXTe7YbPouniML5CMuJ5WuoImvqGg8DdU3TdHHT25hYN3cn8lorXATOCVi1D3SydfQQ21ouYBp2a1NvtQKOy1En+ElSqaH1Co+upjFaTGDvJssDOy/tryRvh9CBSzVbxgyuLhlWfU1Q5tCQx2M7FD6Wh8G0QjGDhVXVFQ6SURg4GeFpqWRE3toKaAkg5Woto8ChMmNyFmaYantYOSVqYCI4Y4yEySyIqz7JHimCgdMecHKxNH/vdbqe3LdZ/NaPqaqfTW3Sw41+X8lT9PwBz9XOEm18Dovk1tLEBG1jBgK3YNMQyVX0TfIMjhT3nyN+yxzZtrWUQLgdMJIWXEpfUbdytFd5C2EjustR5krT7IMZDk8PBraIkNbgbkLT00eIo2OGXELN0eAWA78LXWyLXPG32WHUvBrpL6kiEcbGgYOFE6hmkZTaGuwCN1aBjWD0WXu8kk1X4eryjGy5c3l5G+yb0xQl7zWPbsNmrWMOSoFqpRTUrGAY8oU9gOVnm8iZhRwnrg4Rkhlp8CXRyuLo5UKCDhdXBwuqEEkkkgIJJJJQgkxPTFCCSSXCRhQtLI1Df9JTjygO3GMqDGR6p5leIAdnbv+yawAEBowBsEOMF8z5vw40orWkHcJkCDztpUlowFFkBxH/zhS1YaGJJJKEEmSnhdQ5RnChTGFZL4ny6umvkGfXcZoqJu/8AUf8A0WtKwvXbjU9R9L2YHJfXfNuHq2NjimQFzNfG3RGyMNA07J+QGn7LuAgyHDHHPAKYFCOA0AxCD67p6ZDtFEP8KehLElv257JJpeAC7PChCpkAnvkMQYC2Bhc4/wCMghWoIHbhV1rYZZKiuI3e8tB+yn9iiCHZHqguJ8eMD3XCTnlci/vs/wBKtdlpZJG2UkMHJT+RhOXRRner5C5tPTs5c7UfshWuIGnx6KN1DUNqLgxrCf5IDT91LY9sVGNI/CSf0WiBRXWk67lW1R3DcxhS85co1gA+Tll7ySOOVJ/F+a21LImUsFL1ZUsioBCT5nnACxjVfdXzl9wELTkMCoQML2vi6sVpnmfIPNhFucxgpXyA42Xmxf4lQ54PJJ5W76rlMdrfjuvOY5CSF6nSrET5n5+7fdt/Rd2xviV9NGBzKCV6jgABo7DC8z6WjNRdIsj6TlemsHm3U1Ms8HY+mq8VOb/ZOi/7OxKX0XI/pwlKQ7grA+T1cuhoIAO/ZUVKPFuEj8ZDVazvMTC4+irbawh8kn9WUcI8nN1b4LEkY3K81+JVbppntBHB/wAl6FVOxheOfE+4AyGlBOXEgfou742DlYfPfrDU/Do2v2YqlBcdQ7LbdN08ehjnDJJyVj6OPTE0Dnut/wBOxgUzCQvZ0LbHB8D1s9yNAMNi9NlSTEulJO+6tJ3aYHbqvp/5kgGFrOZWsdjs+FSvfjfspVnH8guxuVDrnjw/CAwrW2sayBmkdt0qYwtmao6CSQ9mn/JfLvVVT811PVPzkB5H7r6eudQ2msFQ87YY45XypUB1RcZ53fied/zXJ133RUTteGWJSmGjdk8KVG8kDZRWsxnsitdhYMpM7sJbeUTWvBQ5GhDY/fhEcA4ApE0zZXZvXIKZoxwoUoAdsp03ChysJOyUDMAQE1rix2QiljsHZCwQeFE+RGxstqObLRuDlSJcObuqqlkw4NVs14dGtEHwZbI4eUVlQwh+lJnZSKlvmBwo42QWI0UzxgkMBxyuPbtymxkHbKeXE9lma4OnXPd2AOzt1Lojh4dtsoko4ICJTuDXDJWebwbavyRsOkqvwbzG7gEYXutFKJfDY051NH+S+erXIIJ45hy0r3Hpar+YijlLs+Uf5JbPoHgr8PajS2suFTJEDgY4UuZmHYwolGPDuhafRWNSzfbuUtrB7ut8GP6vpmTQPbI36WZCxlqkc3duxYV6B1NBmGTH9C88pwY6tzGHAI4TYPB5zXx2XqZui01NE17hl2ldazVRY9ECyvdJSFjnfSprGHwnMA5yrbwbIv5IpkWm/ljGFX31pMIcB3VjF5CWkcJlxhMtM4AZI3TaeGZtVHfHaeHddxFlewkdlUUOB3Wv6/oQInVLmjYbLE0b9QBOy7FD4Pinn6Ph1kizIB7rZdCVUocIy/YbYWLjyFoOlKjwa8DPK6NL5PK6yGa2e0RESU2MfgWet4+VvpY3Zruy0dqLZIG59FQ3ZhobtFUPHlc7Gy1S6PLJ8M1Bb+SZp90WNwfG144ICWn3Qit3OCMYwQoFVGNOM91alu3Kh1LCQMeqgXRnK+AbnG6z9XEN9sbrX1kXl47LN1cJ1Yx3SLI5NlFmDMVzCHcKK4AtJVxXwENLi1Uz3YJ2WSSOpU9xEkGHYQCPMMKVOPxKPkA7pMlhmz1glwgGPhR5Bko8PBwhvGwKt8oFPBGf5Qj0de6lkBLvKdiCUGR2rnsoTyScZ7pDTZoqnya9ohqmB7MEH1VXJDNb6oTsB0g7Y7KJbLi+meGPOWq+cWVUWuMgpFteTs6PVfHJSNt0X1LT1EDaOd2l/Yla6QBoyAvEWSzUUjZostLd16r011BDe7fEXOAla3S7fkhcu6tpn13wHl1fUqrO/RJuFIKyPTkAjus5LEY3vpqhuCRgHt91rpInA5GwVTeaMyw+MxvnZv8AkkHo9RSpRyY6to3wu0ubkDv6hUrY5KOrdIweU7rZOjZUw6XDzYws7WwFjyxzdxsgOPZUyfb7gxwaCd1f0js4dlYeIuilBDditJa6zMeHPyOyXN46NVFritrLx7GkDByolRCHDYI8cgLeU5wyMqpSyjdjcihrKTfOFGaMFXVTGHcBVVRTuJyP81SllmacDuQQMELvOMqPDkOxlSXgNDThaFLBnkiPWUviuyByFnqpjo5CHN4OFqDgtwRwq+5UQkiOBko1LBzNXRui8GVradsrC4N3VK0up5SBkAHI9lopmujG7eFV1NHqcXtbkH9kSPNzi4vgv+n7o6pYaeR2XNGxV40j1Xn9NNJb52va4hbGhrBUMZI05DhnlOisnQ0eolJbZFomvGQkxwIC6d0ZvzlEOQHOcLPXy3jxDUNbyFpZ8N7cqBWQ+MNPCOPJz9XWpoybG4yHbKNNlvZTKyLw6gtGyHPT6oS4chaYHmtdDEeCATnfKY1ztWMoTiQd+U9vOQjcDzktS8/4NVYbgCRBIQMBamNwkALdwvNYpdODuCFuuna2Oqpw3k4We2B7XwPk4XP4pluyIEcpzYeeyezBP3UhjBjA2WaUD2MY56K99KJNu6HS1E9FUBzSQAcEeysjD6bIFVT6sYalYwNWU8o0lJKypiDv6m5XQwjA9Fn7XVy0sojc7yHjPZaMESMDgeVRohZlDjgjCA6Ig5RmscCDlPLQ4YIUNClkBEPMEfAOCmeEfVPaiSyEhObqG6g3CijrIjFI3ng+inNXTHrVFTgmsGCIrbBWeYkxE7HthamgqorhCJI3A+oCNcrbFWQuiewHI59Fj4zW9OXAN1HwnnvwQqMGHpn/APqmukj9Qo0sLS3GMKXSzsrYmyswcjOxTZWlpxhQ1pprKM1caAdhwql0bmuIIxha6pgEgzjOyo6yjOcgbqHN1Gny8oqzG12c91SXCi0PMgCv3NLTgqNVQeKMAcq8HH1OnysGcBIJBGF0gHujV1MYmmQDhQHzaSMhW+Tg25qeGafp/qess8jW6nPizuM9l6pb73Q3iJrqeQZ0g4z3XhUcgP3VpZrzU2mpbPC86c7tzyqXZ0vHeWlp2t74PaHxgFCcwKBYeoqW9QNLHASY3Gd1aEZTF0e3pvhfBSiyJ4QwRlRpIBjcYVjp90F7NtlGw5LgppqPVnbbCrp6PA4xvz6LQvjydmoMtOJBxwig8MyW0qXRVUtRNFiNx290eqpY6uIa2tHuE2alcHgtbwjQkswD/mtUZ4OfbQZe7Wd1OPFp26vVVkMzo3jI+63czGvGNIWdu1mO9RTN+7U6uzBxtZ4/H3wAwP8AGZ2VVdbLHLmeJm/cBc8WppHAu8oVvQ1kU7cDc91ojYcO6r5I7WZW23CqslUCCfDJ3C9DsnUlJdQItWmQDgnlZC72SSVxlhxpO4VJBNUW+pD2EsewrXC7BypRdUtrPXJotW4GVClBYchv5KusHVlPPGyOs+rhaWelhrYmzwPbgjK3QtUkU0pIrYpiCNuFJIErd2/koU2aV+HNR4qkOAJ7JwmSw+SnvPTEc7jU0eGuO5bxv7KkpLrVWqo+Xq9TmZxvyFvCeFWXKy0twy5zAHkcqGK2DUt1fAKGogrIRJCQcj1QnNwfRZ2ojuNjmLWajHnIVvbrrHWMAkxnv6qEq1GZbLHyGdE1+zgHA9iqmusckZdLTHLeceivzEDvGc5XQx2cFBKHA+zTxkmjD1FI1zXRStznt6FU9Ra8ZMR3HYr0O42mOpiLo2hrx6DlZ2pt74TiRmPdZ5U5OfZp5VN5Rk2zy079MrCWjupTHwTjLSASp9Zb9i7TnKqn074t9OR7JUq2jN2HIc1OimY44egxVTfolbkeoR3QxuGqMcpLzEHB10LZQS3fChS0xaMo/wDOiO+wT2zROGzgSVM7uy4ywV+gtJBC4yZzCp0sDXjLQok8BGMBDKGOgpNMmU9buASrGOZsjRus01zmn0Uulqyw4Jyl78PkXOHsuJKdsm42UR1O5jtt0WGrDsAqVpa5v+qesMVuceCA8QuGiV2CVEqre5rDLEdQ7jvj1U+eny4EBcY9zMAjb0KrA1WtdFGBjYFEbM6LOjuraWggqWlzBpd7KrloZ4nEOGQkyjk1V3yj0yRS3IE6ZPyVhHIHjU05VDp3B9EVlVJC4aTn80h1nSp1OPzLlBewEYym0twjc0NkOCpekOAICFrB0K3C5cMrJaEPGeDyCg5q6N2TlzfYq40AhMMYcCCdlascHwSelrS6K989rrgGyNMM2OTwSgSUVRT+aJ+pvYgqXUW2GQcYKgv+docBv8yMcY5T46lo52o0a/pQWG4VELgHg7cqbBdiXgeqgG4U07cPBY7g7JPpi4aoyCOeeVsr1Umc27TRXaNHTXSRoAimLP8Aldhaqx/EG72zTHLOZom8Bx3wvL2zTREA5GOVNhuZ2BW2q9P8jmX6CFnDR9DWP4n26rDGyv8ADceclbq2dRWq5MDI6qOUkbtJXyhTXRjBnuVbW3qOqop2zU1W+Mj0Oy0RkpdHG1Hh33WfTlX0tZbjql8Lw3nfUzYqod0ndKSUmjqQ5g41FeZ2L4q3GmnHj1PiN7glegWj4tW+QtNU5oDu3om5wjkXaW+lhSMSOhulEcjiQN3/AFUmhqDRzCS2V8sUg/xcj0V/R37p26RicPj83OUWXpq11jfGpJ2sL98tKoy2blw0OoOq7vA/VPK2duPpIWmoOq7fOwGVrmP7jCwU9gvFFJ5AJGcg5UYXCSkeI6qmc0jvhCop9iHWmerQ3Kim+iTGfdSy1rmggjB7rzCkvlPluHY/NX9HfnFrdMwx6ZVbcCPjyzVuZ6BM0+6qor2/AyMqTFd2HmMj3ypuI4NEnwj6pBmk5yhfxakyM5CI2to5N45cn0wiyA+AmkAYTdPuneNEXaQ8ZXfDzvlMyidjXA+qSeYyOQuaCiID1FczlPxhJWXhs43ugVFLHMPNyj5wuqcFRyihrLS9/mjbsFUzUrmAtlpwQFsnN2P2UOSnY7Z7QVTbQ2M2lwYGqttpm8stIxmfRoVXN0tYJD5WsafsvRqi1UshyYxuqqq6bpZHahsT6KsJ8jY3zXTMDUdEW6UZilDVBk+H8rfNDP8AYZO63j7B4J/7UMdgTwmC2P4bUA/YlA4RfZphqLUjz9/S17gdmEjb3O6Z8h1DTva4MJI7ZXobrZcnf3EgK4LVc85eWH8lTjgp6hyeZHnpq7+1+k0zyRyE/wDjF1YAJKKcY7r0B1ulBy+na5x7hNdQgtOqmU2siuTMG2/VAP8AMgmapcfUtNgB8bwe+y00lvonuxJTA/kgyWO1SDzUoRJNdjVKD/JFNF1BRHlrlIiutHUHyE591Jk6atDhjRoyOyqqrpWBpDqWpdGfVCRfE+iy8SJ/0kfqkGxgdlQyWWtjP8qvZn/mXG0t5gdlkkcn3KHcwnhF34LHHISFO0cbKpbU35uB4cHupLbjdRjVTNJ+ytPJXZONLkZwh+A4HYoIuVy70rT/AOFFFwrBuaAfoiwym8BGxvGM5P5opZlpBahfxGXGHUWE/wDikjeKJTAGUxny0ZOHR5XP4bTnfQn/AMSf/wDISRucuNqI/qphkyAkskT3ZZEDlD/2fJ4GPzUn+LVQOBQH9UaG5VTsaqLH5pe0jskuiuf0692+UA2F45xstCK5xHmiA9l0VLQP7mT9FMFq6z0zMSWuRm3gtP5KPUWZs8ZbJSsx7DC1viNefoxn1CA5rf1QuORkL7P2YaXp2nj/APg2nb0UN9mogMGAfovRJIQ9uCzP5KI6hp3HJhI/JVKI6Oomjzx9npAf7rb7LjbPa3jDn4+4W/qKW3xRl0jWt/NUtVJ05Ef5lWzPo3dXFDY3zkZl1ktOf70fommy0RGGShHr6y36j8k10jh2wq2Wa8zx6GRMjH+Ebq+DTW5y9hJLLA3zCcAD1UWempYWk+OPyK661XCoaG1dVhvpqQ/4FSxnMkz3f+IqcGhSx7Isk1OzbxSoclRGfoBPurd1vtLcDLs/dEzQRNDWxtIHsgyF8iRny/X+H9k3wzzhXj56V2WtpfsdKA2kmlOWwYBQYDjcmU5jKEWP9f2V/wDwaodw0DKezp6pG7wMK8hfNFdmc0O/qK4IyTj/AEWsbYqdjcyOaEx8dsph5nNKX8nOC1bu/EzRo3zDyOwfRFis07hyrd13tFLkta0kKBVdXUw2gh3CvsKLtl0jsNllz5iMIzrRSxYL1UVHUldKB4RaweigTXSvnAbJPsfTZTA1VXPs0b/4dAAA8ZCjvu9LCNLfN+aoWkuG7icrraZzz5RuUGQlX/zFpJeZHf3I0hQqipqpjl0uEWG11RGQ3ZWNPZdQHjtwouQpKqHRReeQgYJKl09tq5CDoWhp7bSxD+7yQpgY1gwGjCKSwKlYvRRQWZ7iPFaMeqnw2yCPGGjKnLrdiChfALbYKOkbnBGB2UpsbGYwEMTBo4UWe5RR/wB4UMpJLk00ZxhIsAxo4K5LUxU41veAs/U3g8QO/dRHTzVJ/mnIWC2+K6PTaDQ2cOfGS6r+o4tJjjOTj1WfqZrlWuIAIaVOp6SB2HGPf7qYGBuzW4WGdm49LTpccFEyzvkw6qzlTaW308H0sBPurBzC7twneFpIKzymjbCiMeUCDcbYXDunyTRMwCos9dGwYjOSlfKaoR2rgOWDGAOUEyMh8xIUJ9XPIcDZNLXuO5KVOeR8eSW6sYR5EB1RPJsCMBcDA3tukXBvZLcwxniOPJTV0nJyuKigq6g5CRI7KiBklFMuDjC6JXnZjd1WUEotkgnA5wgulwOcropq2U4LFPprE4AOqSCPRVKWB0aHIqi50jgGjJUiK31VRjylv5K4ZSW6m+pm4SfcQ0aacDZK+Q0rTR/rI1PZms81Vtj91Ma63UrPIzU4eihPqJ6l2CTv2Cl0dkq53BxacH2SpTz0aaqN3FaBSVznnTTtLco1PY6usY178tDvbK0drsMUIBlYM+4V1FSBjQGtwEB06vHyazYUlq6fpaeINe3LhvwrmOAAANaAAiPY2EZce2VFluD3fy6bkcqG2vTxq4iSfLD5iMYUWpuEQIEbvNxygiCurHDWSG87KdS2aCncJXed3v6qD1W2Vx/iNQ8Nzpae5UqK1AYdIQ4+qtJGAgZCBJVxQNznJUyXtj7HQQCEEkYAQ6i4ws8rXHUFFkrayoOmMeUqO5vhfzJAFBU5JBZp5qgY1kN9EAvZAMuxn7qHVXylg8rcE+xWarq+eqkLjIQ09ghcsdGW7UxgvtLa6X9rg6nptiOTlUb5ZZcmR5P3KFkZyTkruRgqPLOZbqpS7GE5cngjCC7ldJwNyqMcrMDy7A5QS8k+yaXepKE+RoamJGedgd8mB5sbKJNUMG5IUaetAJzwq2etEhLY3FUYbryfLcIj5cqFLIZTkDIQGxkuDjupUbAANuEcYmWVrZxjDzhEaMJ4AC7nCYUJOzhpKDNM2IZceVS3C7kudHDwOTlGJttVfDJ1bWtjJAcFUT1kkpw04CAPGrHkkk4UumoCDlyKMcmaVnyAPCkmcM7qwpaHSA7GCVKp6QDlmMe6keWMDATNgH+QUcDWYXJ5RE3hCqa2IAjOCquSeV53fkKugZTSJU1YScDdR3SGTGUIHO5XEIlvI9JcyEshAXk6kma00zb4AUBc0gqYkN09QNcjcFOXfKuDZGBlHADndFGMbofiADhDLz6KFSltDnAHKjyyknACRye65pBG6glz4ByOzgDZC0+6dINDtl1pyFDNOX7GHbZDT0xNUTLN54EkkuEjCgBxMSPKaOVMjcjWDcFGHC4wDAON05QqbHJJJKCxqSSStLI1vA3T7okcRJRaOkmrZ209OzVI7gL6s+B/9kzW+LqL4pubS02f5dvOdbhjlw7dsfmunpNLv5Zztf5Kjx0N1z76XtnmfwW/s+dTfEyqbUPbLbrUwjxKx7SBg/0+vC+0enOlOlPhzaf4N0zTNa/GJKjT5pPTPP8AmrCa4UlFRxWi0UMFLTwN0tbE3GfcqKBncndduinasHzPyXlrfJzW/wDBej4pSSSXZPSiSSSTQxJJJKEHJJJKEEkkkoQ6OU5MTtXshlHJAY5XRucrg5Thwk2EGndVF/rjBSFjdnP2VuSACXLGXqsNVWOAPkj8oC52qt2QZo00HKxMq9JJyTuntBPAXVKt8LZ5wwjK5EOZHWnL445Li1UghhEjh5nqRWzshj1ud2RWtDGBvGBhUN5qdT/B5wtUvsjk50U7LMgKZgqKzW7jlFqpgPI3cBdgYKWlMh+tw2UR2XHJKS5YNcYjSioSKq7HehJJJKFCT0xOPChBhI4ynMBOMIAyXYCktH8vdVkqSGTHcYKHGO647d+ykRtGkHCnRRyTYbKG/lTJDkH7KJnzqBN4RJo2d8KwG7Qg0jQGbjsiHlOUsGebyMfwokp5yUeUnGxUOTlBKWRtYPJ1KUz6R9lHHKM0EAAoENZx/H5KIeCjzHjChyEhmyRaHDrkGR58BSgdICjRNLnKVJswfZVAuzrgfT/TlNPJRIQBTg/dCYMFMeBae7gbGSXgErX9OU2Q1wHdZIZ2W96bg00LJPQrNdLEDveGq33Nv0X4DcDPogkEkgfmnOJwFxuCN+ywesntaywtEJE2ojGUa6udJIIw7yj0RqQNZTh2Me6iPJnqyGnynbJS85OkorZtLWljZHSta0AbIL36NTxjZFd5I2sHooNS/TE5oO7lY3O2CiR4sSVIJ3ycqwY0agT2UKji8+oqxhbrdws9vQ+jsvLZEBEZMb8I82zTujQtZFTNIGPKq+tnMULiO4WNvk6kftiUFxcNbtkW1R6pwfUKBXS65CPVXNlYC+NpHCMlPNiNCTopmRjkplU7NP4A5dwuSHXVCPsmSAurI4W/hVHS64LWjgFPTtZjcjJUO9yCOlxnlW0jQ2MewWZ6ikyxkQJy4qFXS2VNFLO7TC7B3KVraNRkPZBqHeXGeBhPonOZSF7eVfRwt2Hkg3OUvq3ey09hwyhLisjIQ6b7lbGkDIqKMAYBaPzSLP0XpPutlYPoGF878/1LXUuI2NaAsxbRrlLmjkZWni+nHquRfxLB6fRJbNzMt15VBlNIGkbj/ReeUQMtXE0DPstb13OfFfHknCz3TMQnukYLcgLPJ8Ga3NmoSR6ZQsaynhY0YGkf5K+tsYaQQ3f7qohZhzQBsFeUGzWhYLmjvaaG1JFpFwMBZTrepD5oKJoy4uGy10GANRCwd6LqrqVrM7DBC5/s3y4WDS28Cmt7BxssddKl1RVPOdgSFrKmQw29zB2CxDzlznepJWytPBkvk3HaibbWl9QB2C00ID5WAjYKhsjNT/EI2V9TOGfEPATcFQ6M91dUPlqPkwRpABAVh09TtZTtcBuRyqC6yGpvzyD5QOFrrOA2nYMLNb0NqW7kuKRnl2CO/slSN8ucYwmScrLLGTo18FTfZBGx2fRZ+zt8Src/CsepqgYICj9Oxkgv9EEnhASlm3BprXpdUta8ZAW9ssDM6y3dYmzQOkqhgcL0OhiEUQOFy9XPnBvr4CVL/DGcqrt1EKq5GokGWM82PVSa9+vYKbaafwaffl3K5kngY3gtGgdhgeiI0DCGzsijhJkZ5PLHoqEipTCXQl0cpo35Tg3BBwl/JzggQcLq4OF1RPJBJJJKyCSSSUIMSSSUIMQy4lEQlB0EJQbpO2npXSD+8JDG/d23+qnHhUNe8Vt0pqRpzHD/ALwT+RAUCLGEaYGRnlo3KK1oB2CYBvt3T0+BSE8AloHrlHbwECAHWHHfZSFZYxJJJQg1MIB5TshNUIJYK8xOr/iraAwgNt9ulmdv2cNP+q3q88tchqvi91DNjajpY6bnjfOFcBVno3BIxygSnEch/wAKdk+qDOcQnPcgJgcI5XJKZ9DfsF1cb9I+y6oFgedxhQ6txZA5uR5tlJc7ZVle4vdFCPxv/wAt/wDRCHs4JlvHy1KISMnnPqnk5J91wJIwDjuChQHU4uz3wnnhR7ec07nc5kKtPkJktLJATM74TKh4jp5JD2BTIvgEyFSDPc5GNH491Lu/8i2Skv0ktx+XdQ6JjjO6VxJc9xOUTqh3/u5jRy4tb+61QRRItUTYrTBoGARlPL8ZJ7IkDfBooojyGBRKsuNNI9h0lo5wulREzWvHJi7xUNq7lLK36R5R+ShaAOEWUtMjiBgZTByF7nx8cVo8prLN1jZkOvpntpYomOxk7rEQnHIWk69qHOuLYAfK1uVm4hlek06xE+WeVs+TUs1nQsfiXPIbwvRW/Udu6wvw4aBWSv05GFvW41nZZ9U/vPY+Bjt06JTPoQMklGYQG7oB5WM9DLlALo5raMvGxG2FHtzQIAfVcvby2JrB3OEakb4dMzI3wtVKycbWWfdgFcXaI9XsV4B17UOqb2WDkFe49QVXh0hcOzT/AJL57uUj6i6zSyuLjrIH2yvReOjh5Pkv1zqs1qv+5Ko4iI2hw5XoFpg8OjYMbrGUUXiyRtA7hbqnw2JreNgvVURyuT41q3zgdVuxAd+U23wE4IH5pleQ4eFnflWNujDaYHG+FoMi4KeuY6SvFOz1V5A3Q1rMYwFSMzLdyR2KunDL2tzhKcdwwF1vOaPo+qmG5MbsD1XzZ4RDi4dzle/fFOtMXSroTkahpXh7oToaedlydb+e07nil/pSl/chA5SBPY4RC0g8Li5sk0zrpZHN2R2uOMKI1++MI7HbcIliSwGpSg+DpIOf8kIgFHPBI9FG3DkmUDSrM9nTCMZwo7gMEFSgchcMaVtGKOeiE1xidkBWFNU5ABxwossOM+X90ODyPyf0RQlhibai0lw5ucKBICCdu6nRkaPVR5GYPC0SipLgzwW1goXkEYUsHLPsorRpOUVjhws04m2mZ1wzlChLmyZR8hCIGeFjt4OjXPaXVJK7DSvYeiK7VTxNyOGheLWt5cHMO+ncL0no6Z0TI987j/NCez8JY1JSPXc+FVx1B4d5VaT4275VPrMlLFMBngq1k87WH1aEqaPpFM90clXd2NeyTUMjR/ovM2txXv8AZxC9VrYwY8kZXm18gbT3FzoxpBPCiOV5OHG5FxZZy2o8MOGktxhXzQ3jZY61zGOoBJWqpzqlY7OxTFyDpZb4AJWFlTj+pPqW4DoxwQnV0bhO2QDIGyRO2++RyjreGNthk8368ovFtsntleXUrTG4fovauqqGSoo54WtGS0kLxeQOgnfE9uHNJBXVoZ8l+rdNsv8AkLJzf5bTjYhS7LUmCta/gZwhOLXUsZA7boUR8Mhw/CulU8NM8HqoZjtPeun5/GpQQew/yTuqKRk1C2UjzDfKp+iblDU0bNB3LRstTdoPmra4M3wMrdnJ5C1/HNwFZH+PQREncNCnObss/wBJSPdDLEXEhjtvZaPSVZlseJYIzozuQo0rA4blWJYCCoz48d1TKTyVFTBnbThZ+4QBshGFraiLI2Co7jTZBdpSpGqqW1mTrIwQ5pHZZeqBhkLXDutjVR75IWbu1PklwbuNwsliwdbSzy8FY92tpUN4LXhSI3F2W4QKqM5+yRKOTqRWCTSuBG5Cc8ZBzwodITnlWGnLeFQmb5IMoIKhyN3VhPz+ShyDBQY5HVghhWFvr5IDjUHD0yq6VpOMJsJ0ndVJZHqTXRqGzQ1jdQyCBwVItddUWmqZNC7DcgOHYhUFLUGLcZVrDUxVbNDRh43wVhvq3dHf8b5OdU1zho9jtNyhu9I2VjsuaMOCLLED2XmXTfUFRZaoNLjoJwQeML0+krKe507ammI3GXN9CuTZBxZ9i8T5Va6lKX5GfuVD4EolibhruR7qqr6KOojLtmvA/VbKanErC0tyqOWA09RkDZKOjZVuRh3xODsEEH0KJS1D4HAAZCvLtbJZdVVCzOOQqJ7Gjlu/3QYMUouDNBbq3xAMlWbH5bj1WQppnU0gfnIWjoKtsrNRVNZNlFmeGSZI+xHKizQtAyW5VkRrALUBzT6IHwaJw3IztRTvieXs49F2KYPGM8Kzq4AR5R2VTJSuik1sOM8hEpZMNlbQaQbg5SDQ5uHJgd6pOaTwnJ45Mso54ZU3G2lwcY28qlcwxHSVrjjuqm5W7OZ4W/cJqkcbWaVflEytxge0CQDy53UqyXIwYic7bOykPLJAWPbkFU1TTyUkmR9PIITkcPbKqzemb+ml8RoyVIPCzVgr3SN8KV+TjyklX0coI3TYrcdeq+M4po5KMlRpDtlSX+VR5eAnxiS3kz10psEzAcqEx+W4I2KvbhHqhdsqIt08lPhwec1sGpFRXR+HMcDZBByrKriy3VjKq/xFN7PIXw2TYfUTxsrWzV76SUNDsDOVTtUljkucclUXS081OJ6hQS/MRtlacgjKnxrFdJXd0dQaSd/lcPKSe62sZJ3A2WaUcH1jxHkIarTpokNaHAbcpSwgBFhIwAQj6A4bLPOJ3ILJS1EJByG/urCy1zvE+XmOcDYpT0/soJY6B7ZWDBaUsvG1mtYwPGybjBxjhR7bWsmYHM3PcFTPq3AwoaI8gsBNw7+n90QDBTwBhQ0JA0k9LBUJtBkZVbdrVBcIHMewZxse4KtkxzfdC1kGyvfHaYCkqq3pys8CoLnQk4BPGFqo6mKrjbNE4EH9ky+WeK5QHyjUAsxbp6uy1Rp6gkxZ2UObielntkvtNS9mQq+rp8jhWEUrJmB7DkFNki1DCtrBtdanHKMxV0pacgfuoRb2IWkrKPWMgfuqeSAxu4xumRaZy9TR+ioq6MSsPlWauFM6E8bLcyRjTjCprtbzJA7S0ZU2nntfpN0Moy0cuMBHiqNXIG6iTQuYfTCEyYsdghSUcI8z88aniReUNxnoZRNTyvYf8JXqHTPVsF1hZBO8NqAMH/EvHY5w4Y9UanrZaSQSxPLSDnYqHX8f5SVMk4n0EBkAobm5WM6S6xjqmshnkzkY3K2okbK0PY4EFQ97pNZDVQ3RZHMQPdMMYwd1L0eyZpUy0a8JlfJACd2oEsWgZAVk+LKDLFn3RJibKlIrGgl2CnywNdHjGyKYcHYJNBAwU2LwZLajPXS0QvGprSTjZZt9NV0jyWHSO2y9Ckg1DBGVW3C2+L+EJqsODrPH7vvrKChrmVDfBm+sbfdQ7xZmzNMsQ83qlcKCWjmMsQIxupdvvEb3CnqG4ce57p8bDgW0pZjYjI5mpnlpyCCtX031bNC5tLM/HoTwUrrYWVYMtPgHGVlJI3wykbtc04/NbKrmmcq2qVXL6PYWT09wg1uja52ORyqqoa6nyGhZCw9RVNvnDZnl0Z2OVuqC5UVyblmku7hdKu1SXIrG8DRV4fiKU4PAPqpyrbjbnRONRT8ckeiZS10sfllBI907KEuDTw0Wc9LBUsLJomvB9QsfdenaqindNREmM7gDstuzRIwPYQQVx0YcNLsYPqFYiVUZ9oxdtvGkCKoBD27FX8ZjqGBzHZygXiwMlidPStAeNzgbqhhmrrc4NcTpCP8AIVXZOl7Zco0xhLRugupI58tewEH1RLfdIqtoY8DOOCpE0JZ/Mj3BVSjg0tq5cmTudqfSvOG5jPHsqeehDhqDcL0EiOZuHtBHcFVdZY2vLpKfGD+EoJVbjFdpsfijzmpoHMkJaMFMZK+PDHN4WsqbcCSxzNxzlVdVajgloWSyn9GKxbeGV40zDzEIU1EGeeAZHdKSnmp3b8FEhqWABryVnlBrgT0RmztjdplOCiOa2ZuQpklBT1DdTMAqqliqaWXTg4HCHEl2FnJySm32CiODoyAQrJk2fqGV2WnjmbxugnFS6DzghQzubhWMFxGQ1wJ9wq2SllY76duyECW7EKlJx7K2xl2aATMecBOdD4jdhyqeGoLHBWdNXxObped05STAlXtYg2eB+xwE8kVOA9qJgTbjdMkpnbaeyjiLc2uiHV2wObqhwqp8Esbj4jcYWhjLotnbpSU8NUP5g4VfGNje12Z4HH0ncIsNfUxOBLtQHZTqu1MBzEFWzwOiPmakzqz0a69ThfYy3pa+Ko2J0uxvlSgs4xxacg7hS6eulid5zqHH2WeUDsUa3KUZlo5me+UzRj3SZWQvxodlEJxzwkSi0b4yhNfayHLb6aQl5iGcb42VdNbpWZMEjgP6cq9PbIylIxu2AFUbZR6LlpYTXJnDLPHhsrc49kVuiRucAE+it3wRPySwE/ZQZKBpGGt4WiGol/UYLvGe4kcOcCC1wwiiqe3A5ygupahm4jJH3Q8vGxYtcNYukzn2aKcXjBZ09cW88q0oruWkAO47OWaZUM9cFF8UO3BWqvVPPJz7tLB/kj0Cg6rqaMtNPUke2dlrbL8Sq6j0OM7hjtnIXjUUoaeVLbcJYsAOOPut0bsnOu8ZXYj6bsPxjgqSIK1rXjHdaqn6n6evQYHxxgnjVhfJFHd5mkHUQfZXNL1JLC3zVL2+nmKZuwca/wAK1/tn1DL05aql3jQODQ4cNOyhz9Nz041Ucz8+xK8TtPxIraanwKyR3/jOy21k+MbmwNExDtOxzyrycy3xttHODWGO90pI8Z36pR3m8Ur9cjDIPTlPt3xC6dvRbHMRE9w+pXDf4XV/9mna7HurikzDOE4doqx1rLCf51un++nIR4uurW8gSgxH0dspstDjdjGuHoquusVuq3aqmiZnvgBU/wCwp7G/uRZt60sjmaWz8+jkyXq2Tw9NvlfIPTO6yFx6BpnZmt8z2O5DS7ZVj7J1PZ4/Fo5teO3dDkfDT1z/ABZuJPibcaECOayzSAfiB/0wuw/G6zRHTcrfVQ+5avOh1leYv5VbR5e3k6cZUll9sdc3VU0obIdnDGFPkYxaOH9R6XS/GXoOqODcnQk8B7f/AFV3RdbdNXEj5K700mewkGV4jUWnpS5EOMQBHsq+ToSlDi+31TmsO4GrhT5mEtHUvbX+T6SFVBUND4JQ4eo4RAcAnC+ZZLR1RbR/7our43DghxTh1b8UrRu+t8Vo7uJKnzYfKJ/AUv8AbkmfS5eRyMZ9UF0me3C8Cpfjf1TQxiO5W7xSODjKsqb+0HSAhtfQTMP/AC4R/wAiHTFy8dfHpZPaHvD+3CiyOa7Yn915jF8cun6puHeKzP2CMz4lWOq/u55B+at2Rn0xa0d6f4l/1B0rT3QEtuVXAf8ABJhY6boDqKA6rZ1VMHjgyPKuP9sKKYeSV59N0P8A2iH1AH75UScuh0a7ofkVDbN8T6HBhu8U2P8AEd07/aD4n2zAntkVTj+kZyrJ/Vk0e2s4XW9XgEGV5UcMewkp+4ohwfE7qWlGm59LzF3+BmMKUz4sUgA+es9REO/lwpDOraKbaQNd7kApOu9jm/v6KOTH+EKoymvZGoLuI2D4odHyH+dDOw98gKfD110LUYAr2xn0ecKC0dG1X99aY/choSksnw8nb5rewH2aAU3Mn2Bin2pFs2+dKVZBjuVOMer05z+npwGx10Tj7HKox0j0PIf5Akj/AD2XX9CdNPH8uulb9nYUxJeittWeMlsLfa37xzxkH3Q32ijds1wOfRVJ+HlvkP8AJvdTF/8AbChn4a1Lt4Os5megDj/nlDifpB4h+y4NhjO8bSU02l4GAD+qqP8A2f3uL+46yn27GQ7pjujOrGjydRl33eVFvX9JNsH/AFFqbfU52aVwUFR6Kp/2W65iPkuoeB/iTXWrr6PmeI/dXul7RPjj6ki4NDMfRO+SmG+nKpmQddxjzeAf/Cuaeuif7lirc/0X8f8A+si3+UmB+hLwZgMeGqsM65PMUaQg6yJwSwfYKbv7FOvj8kWfy0x30YXfAkaN+FXCi6oIzJU4z6Jfwy+H+9rsZU3v9AqK6JrmhvOyEZqYDLqnA9MqILNUjzVNbIfzTTb6LJD5yT3QyeQ1FIkPuNBHnM+cKHP1BSRj+WC4+gXXUlrjaQXN/NQ3utMDtXiwfqg3foiRyXqGrG0TdIKiyVVyqhl1VIGn0R33WyxfU5n3BUebqiyRDOsDHogmx8IN/jEjT2yWpAM1VMce6jNskYdlsOs53yiTdc2KIYLgfzUGq+Itvix8tH/khUsD402y/GJYfwSXxS6CiGQOVx9lrjs6PBVDP8TZOIyW/kFUVPxGucjvJuFJSyNjptS+lg2J6c1YdUT7nsuO6eowPO/IWDm63uc3Mhb9lXVHU1ydzXTEemUOR8dHe+2ejSW2xwHL3DI91Fmq+n4fL5SR7rzepvtU8/3zifdQ5KuZ51OJdn3QZbNkNBNr7j0uTqKwU7cfyxjjZVNb1pRRg/LgOIOwCwT5jJyEMMJPP7KbmPhoK1+RsZuuTjDWFv2wq+frKukyI3FoVF8u89ijttsrhsOVWWx3w0Q7DVN+uk2cTnBUL5qebPiyE591Y09mqZD9OR7qxh6dJHmiChSnTDpGdaSXZOSifLuONLeVqYLA1rgXxgfdT2WqnYGgNGR7JgL1S/pMjT22qlH93gKfBYHuI8YABaVtK2MDAGF1rcHOVWRT1M5cFVBYIQRkDZT47dBBgtY0H1UvYBBMoycqIjk32cEDQdsYRQBgD0QDM0dyh/M5B2yqF43MlBo2wV0jAyq2a4eEVW1d5nds1+AgnZGH5M0Q01ln4ovZamKIHWcKvqrtGwEA7qgqKyom2dIUA6jy4lY7tVHH2na03g/ljuseCfU3aoJ/lv2+6huqJpT/ADHakAAk4yjMjA5PKw2amUuGem0njaaIpRQRhOfsreipxKwOOyrYhG3d7sKW24thaBG/hYZWYZ2qqkkW8dM1gydsLklRSRDHi5Ko5bpUSbNdso4kc8ku7pUrcmuMP0XFRdIoseC7UVEnuU0oA4BULAJynDG26S55G7P2F8aSUjU5IRntuuB7WjnKGZfZKchiSXYbSP8A5SlqHoP1UYyknKWSq384KJDn55IQ/F3xhBGScZKI2FzuGlVuQ6MXJ8BA4EZTTJsitttS/AxhWFLZmDDpng+3oqlNRH16Wcyn1vJw0Z/JSYaKqmONGFeMpaKADUNx7Lj6yJgxE0YCD5UaY6Rf1dEKGzNyHVBwp8VNQUwBdjKjvqvEOBt7oLg6TAByUqVuB0a61+CyTxW0cY0M4Hso8tc15OjOE6jsVfWkeHFse60Fu6Fqy4OqHNaPUoflbNVGlusf2xMo+KprHARsyrS29OVUrgZGkD7LdUXTlJRcMLj64U1xhpmEuwAOyBzwdSnx6jzaZ6g6Zp4QHPaCR7cq3bTMjaBgNAQ6q7U8B0M8zjxhQ8XavOY/K08FVk3Qorh/tomy1dBTbSuDneigy3GrqmujoofIeHKdB0/GAJKzEkh74Vg2KCiZgNaBxwpvG/G3+RSU1tr5W5lft3yp8NsijIIHmCNNcaeMclQZ7o+by0wxhQJuqC4J+lkY7AKNPXxsH8lwcVAcyvqyBI8tZ7J8cFPTDLnkFMwZp2/oZNU1U5ABIBTQwtOuV2fdR6y8U9NtHIAs7c+pDISzUcD0VbkjJdqYVR3Nmhq7nTUrCGvBJWbuF5nmBYH7exVRLcfFcTv+aC6cO3QOeeDlXa75PxCvdqdlcyULW0910EHhUv2Y5Wj9XqUi/tlAyfUpZxycJ2DPOYWQDYghCdIG8boT5g3uVDlrG9zsrSyZ7bcEqaowNsKtqa/AxkINVV6xpYefRQxE+RwySmI59t7YWSZ854/dOijxglv5p0MXh4LgjEgYwEWwzNuXZwMAT2riFPUxU7cyHlV0U2l2SXOABORsq6quccYI1bhV9ddXTO0U5KiNikqHDWd1aiLnanxENUV00z9jkHblDgonSYzkD1UyCg4c4bBWMdMxjWjSnKJnm3N5bBU9AxrG+UDAR44hHwOEQYY3PYKFPc4mNIPKvOAHJRJck8cDSSQqeuuLpDpiKBVVbpT5TkITWtwMqnMRbd6Oue6TzO3K5n1XC5o7rhe3HKU3kX8o7OO6WR6hCPPKRGVYDsCeKPVIyIIYS76f3RWxHG5UL3tjQXE4xyjhvBwuBjR2XdW2FCL9j9guEgIeSu4KgTm3wLWcp4cO7VwNzunYA4KMXuYxLASSPCiI5DN+cJoJScPMhF2NsprjlCpWeghwQgu3JXdRwhIRFks9CST1w8IhQ16C5x2yU55GeUFwJIwgkw4rI5EHKG0HG6IOVSBkvQQcJJDhJMKYkkk+KKSeQRRNy88BMrrdjwisrtjFrvh98L+rPiNcmUNhotTDgyTE+WNvqf0XrHwc/stXfqOSO+dbslttuactZgtkfjn7L6ptFmsHS1vis/TttjpaaL+ndz/cnuutpNFjmaPL+U+pqtN/paVbn+/S/wDcynwt+BnQXwpibUS08d1vRALq0ty1hGfoHbn9gt7VVbq2bJzgbD2TC/xO2E3R6HC7FVSj0fO9TddqZ/JdJyY9kDdIJwU8Rk7BMbkd+E99VDTRmWZwDG98p3Qk+I0l3T7pafddHB704kkkmBjkk1JQg5JJJQgkkklCCTU8cpp2QTltIc9kxEO3CFlZZy3EBXGUw07nt5AWHkdrkc71K0vUlb4cLYWnBdsswuLrLMy2nX0df27hK+szadsYdpAefVUQ5RW1Lom4aT9lmg9ryOsjvjg0tRIG437LNTvM9eQBnJwF03GZzXBxO3ulboy8/Mn1T52Ka+0RGtVpsPVgsIZnIGyjJ9RIXSnKYlTQ6K9iSSSQlj0kkkZBLrhkYXEyXJIAULQo2jUTzhPnkGkALsflbugOOpyplSW47Fud0U7obRgLqsHI52SDk8hCgi1ygngIruCD3CVI3z5I9VTLk+Ca3YbJp4TwMbFDdwmCPYNxGTv2UU8n7ojzgndAPKX0aILgfH9SLJgMTI+6UnZWF7AyHKiyfUpL1Gk+pZrHkNBaVg7+6dMM4SiBCcwZkA7q4xyR8hSBFSNd3QWvycYRZs+GAhNGrCKaFp45JFDE2aqjY/gndej0MbIKZjIxgYWK6cpmPrWmRuR2W7aA1oAGwWO154PYeEq21uz9hXDOyVPF4jtISJHqj2yLM2SNlmbWD0tPMkiyL2x0ZaRggYQKKPLtZGTuiV4LWtb7otE1rYScblKZ0qk3YkFmyQMlVs7yZNA4CnTnDTv2Vaw5eSUMlk0WYySoNmhWNC3XJoxyoEO5AAVtbGZnG26RYbNNEuZCRTsHsqW5TkQklXEpw3Cy96ncXhgOyzI12vCwV0mZH59VpbJC4yB3YAErOUgEk7Q4bZWutjAxhPAIV4x2VpuZ7iVES+sMoGw2R7fE+oubn6do90yBuGud2GVY2eEtbJORs7YKjp9h6pw3YD2WQvs+qSMHsStRWOwXHP3WGvU+ZmgdiVaWTJrLNtZFqXEkKa8+DQOLQAS1QC4OcGkbqVc3iKgaPUJrjlHCc90XIrKdhkeCfVawnFGwY7LM29uqRoWlkOzWjYBvCy2o16DLhkt7CwOBJH/DKvov7vPoAqqyRtbDsOQrRz/DpHuXB1E/9RnqNLH/AEzzLrOp1Vc+d8J3Q1C+ar+Zx5WjKg9Tu8StqAtT0DAYqPWR9Tf9VntlwVTDfqDVRABwGFfUUWGNPBVPAwOkaMZV9A06Wj2XNtnyd6mBIOI4y4nYAleeUcrpr7M9zs4kOn2C3d3k+XtU0nB0kArC9PUz5K50gPHmKVXyx9i6RcX2ofFRkNOM8rLg5Vj1TVSCdsIPlA4VNG7Vse66NaRy754ntNFacMgzjcqfLP4VI/23UGljLIo2d+SlephFb3tBwSraWA4S+xyKW35rLg6Y8F2MrdW+NrQxoGMLI9MwNID9O5W1pdLADj2WG+W02aVZhyWcBAGAOQhT+UosR0xZ9VFmmDVhlLJvSwjIdQzGSUxq3scLYqNpa3cjJWfucnj3ERgLX26nDKONpHZU3gXFfdk0PS0AfOXEZWw3YzGFnulKU5dLjbK0rsYPZcfVvMjfWQJTrqGMPJKuqaIsa0dgqulYJKsucM6TgK7Zjj0XOkxknhBW9kUfSEIcoo4CV6M+OQjV1IDCSBhHGfUEYYwNkBGBwlMhxJJJMIPSSSUIMSSSUIMSSTScqDIx9hCRg7hAPKWT6pigxcDnEAebhZ2xsdPPWXN7fLJL4cQ9GNGP9FP6jrhQWuScPLXnaIj+s8IdopzTW6CIjHlBI9yjiUWDNwE48JkfATzwmljoRkoiZB6p6hBiYeE/ITCRhQgJziDgFNXX/UVxQgVeadCEVfWHWVzzkyVkcQdnnAyT+y9LJABJ7Ly74RtM0N7uOcipuUp1evCuAqztI9BQK06YAf8A6Iwf/VBHUO5n+REAeaiEf/5AmjIPgtCMNA9kMclFfwgnuFTD9ieNSgRgPuEgdv4bMNUtxwCSVHoWZY+Y/U9x39kEewvRJHCR2SSTGAyNVyEU7yNtjuuW3T8mwDbO5+6Fdn6aJ4HJSpAWUcI76VEW+SUG4JyVFvEnh22VwPbCMCSVXdRP02/w8/U8BOgAVNuaHOyRwgdSykNo4gPrnbspVuYW8qJeg2a50UDiAWHxN/RbK0DLotJiQwD/AAhVd1ndDb5S1wBdsrKYjSFnupZtFK2PJBkOy7Ojr3yUTFqX/pszWCd0iCAduEUAYG265NiOnkmx9Ayvb6JKMVE8jqntTkeU9Xzma9PyPpaqmJ2kjCJcpXVNxnqic63nH2yo+cAru18RPlutluvlL+56P8N2AUVRIW+Yv2PstkOVlfh+0tsgk0/U4rUsOSsd/Msnv/DR26eP+AocdPKazkH3Xfwn7LkI/ktP5LOlk7cnwVl3IM8bc/jCl4GgN7KBXO13SOPnkqbKSMALbQsHmdZZ95m+spvl7e52Ru12P0XhFO4TVbnPGfOc/qvYfiRVFlt0gkeU/wCS8jtzGtb4h3OSvV+OrSipHxf611OdT8a9IvbMwvrGjGwWzgBa4BZnp1gM7X45WnDt8Y7r0dKwj5hqHmYyowZQByVcNi8Gg8TPZUgBlrgANlobmwQWnOcYBCJ9iihtEbX1D5HbuznKtWY+fZG4ZAOVCscbRG6QDLs53U+Le4h3oqI/2Y/4yTBtrbC38ThsvLNGYmkeg/yXofxcm8ZzQDsMbLAU79cG44auLq/907/jP/w/+WQZItRyGoEjMDBVixnLXchRpmFpIwsE3g6cJlcRpdgo8Z2BTJR5hskxzdt0mMsMYnkMhTNyMBHZxumkZymyfASbQGJxaclG1akCRuSCE6J2kjJSWsmqqzPDCyM1DGFXzxuhl2GyttiA5RaqMSMxjf1SX9rH2RUlwOo5NQwTyiSsHKrYpDA7BVsx3iwgt5KfCeVgybcMhOGMhcYd9yiTDBUcZBQyRcJbXgkZK4uDhdO6zXRyba7CTb5CypbgjDtivQ+l5HxPAzkZ2XmUJLJAdXdegdPVJ1x7eiznr/DXLKR7Z07K+soC2Q/Twrumc51OGvO7TgfZZDomre+R8Z4ytcwaZnRjhu6XYfS9FNyrycqh/LJxwsB1LTjxXTAbkr0OoZiI5WK6lp8tO3dCVrK99ZnqV2jBHK11ueHUzHclYuLUBgnhaWx1TXN8AnzNGQjOfpJ7eC2nfsMjZMaA8DbCM6MSM0+qBp8N+jPCOK5OhLlFVe4C8loHLcLwa/w/L3KYHu4/5r6Hq2ahuM5GF4Z17bX0tfIJG76y4EehW+izB89+r9I5Ub/0ApfPSDPYZTDwU+0ysmpvDHOMJszXRP0uHuurVPJ8v1VfOT0H4d3CBobCfqBwvVaYtlgLMZGN14D0rXmiu8MpdhjiGle92qRuhrjw4LoVyyjxvkavjs3FFZHGlvs8EZwxxO35rYPjG2BhZK/U7rfd4a2EaWPdvhbOMsmhY9vDmgphzrVlJkQsQnM9Apro/QoL4yRhQRGTyV0zBhVVbTeI0tV3JCQSQFEli58v7pbNEJmFroi1+NOOQqK5QOdEXNHbC193gGSQ3G5WfqGB0bmELLbwzqaWzkxLv5Ty3TuhzEPAKkXCIxTOBGNyoZ4KznbqlvQocCQZKsjjwwqgu84CsoHAsG6hLI4I9TyfsoMvJ+6sqgElQpASUAVZHkOAo+ohwR5OFHdsc4S5GpJYJkMm2MKRHI5jg5hwQq6CVrtiOFNicB7pMluFybiy7gqGVbADgSBa/pDqFtFIKaoOBwd9l54wlrsg4VjTT6cHfPqsN1G7o9R4Hy09NclJnucckc0fiRuBa4ZBChVNIJCXYWP6V6odA5tJUyZYdgSt0Hh7cjgrn2VNH2nQayGtr3RKox6CW6djys3fbP8ALv8AmYR5Xc7LZujaTu3lR5qdkrDFIAQcjdZ8OL4G3VbujzgtUyiqnQuA5R7xQfJTksB0HcKrBMjsgcKGWLdbNfQ1wlZggHCkOAeM8LM26u+WlxJnSRhaWnkY9oe12QUBtqs3IFLESNwq2qgLeGq8lLWjGMqLLG14OyroOcFJGanDo3bJ8cwcBkKbWUh5xthVLtUL8YTDn3V46JLxncILiSOE9sgISxjf1RrsxTrUkZ+628xu+Yp287kKBLT/ADVLpI3wtXJGHDB3yqKqgloqguc3MTvTstEJYOBrdJ/VEzNHUSUdT4cjiNLltaWoErGyA5DhlZvqK2HQ24U52zuAn9PXYSxiB31NWmEsHMpn8M0maxjtQymvZk8rkMmW7pz9wtcOTqSe5EKqjDmH7LPVcRY84GFppm8qmrWDcYTDl66GY5Kp7Q5pae6qJoTHMRwCrlwOeFXVrPPkhMWTyGshxuAjAbzunY90EOx3XQSUUY5OW02TYZ/BcHDn1XovS90FZAIZH5cBkLzNm6tLRcX2+pZNk6e4SrKjs+F8k9BqFuf2vs9XA8wxsp1PgDfuqu21bK2nZOwjBAJVhGe2eFjmsM+v6e+F0FOD7CvjB4CiGJpJjeN1YxtB5QqmDSRKxuUlmtx3Iqx41BN4kZOk8haOgnbNG143yFXuiZNHjHKiUk0tFU+FnyE8KYChmLNDNDnDgOEJji3spcDmSMGNwQk6mw4FoVGpLciO8kEZanag8cIpYCMJsTdLjlWNjDAPQU1zfdTC0ObgBRjE5p3V9kcEiO5vuqe72iOric9jRrCv3RHZAcwnulCrqvljtZhaGvmttQaecHRnG60zXNe0OB2cMhDudnp6lxeW4JVNS1M9DIaaZrnsadt9woc/bPTycH0XUsWtvGVT1lNjLgFax1bJAABlNmjBGrTn81AbPvRnHHBLSEyZjZGjIyFOrqTDjKFCA05BKYuzmaiv0Z282cHM9O3jkLMVNI5u2nC9DlZlpHsqGvt2rOBgp0o5R5bX+MjNOUEZHxHQuGQifM8bI1fQOa7IHHuq8l0fIzhB0eXsnbpZ7Wi2oq2SmkbLES0jst30r1q+OYQVTyWnYgnheYMqsYA7KQyudE4SM5Ch1PHeXeklubPoqiuFNWt1QSA+ykLyLpvq/wADQXSYI2O69Htt8iuEYdGQSOQgwz6P47zGn10MxfJaloQiz2ThJ4gGycDoIOFMHWi1LohyQkblv7qOBvwrRwa9vCivhGdm4/NF2VZWmBEYIyhuia7lG0e+EPT7ozFOrBVXG3RTAjCzFys2lpkhPmbvtytxLGHDBGVCkoRICCAPdEpNHM1WhjesMyNvu7qcCGqBOnupV0stJdoPmqZzWPIzxyVIu1jbNGZImhrxuqekulRapfDkaSAcELRXbg87fpJVx+O7r9lHU0k9EdFSzB7ItrutTQziSI8dsrX1ENvv9KRGG+IBnjcLK3KxVFv82CW+oW+u45FujnD74cx/ZsbT1JDch4Ep0vxwe6mVFLnfbdeb0800LxI12CNwVp7T1LLqENS4EHglbIW54ZkkslzBWy22YMkBMZV5T1FPXs/lSBrvQqrfHBXQ5bg59OyhNZPbZRLGSW53WlPIt1tGhfHKx2l/HqolwttNURgvYN+4UqhutPcm+DINL8JSxTU7yD5h7pgh15MlW0DqA+JC92M/orC1XlsmKepwHcZJ5V18tT1g0vaAfsqO8dOOYPEgGD2IRmeash+BaOptR1RHY8IbvEiOJB+aoLZeKm3T+BVuc6PjfstNDJT3BmqKRp9spuFjAddsbVtz9xAqaZtS3LNId6qqrLVI1vIJV3PC+F2NJ/JdLS5vbPuhda7KnTGX5Iw9bZ6hx2GRhUdTQte8tA0uaf3XpFTEMg4VLc+nY6zM0DgyTHHqs86YyMN2n2vMTK0sdTTgeIPKpPkkGXMBTZYq2heWTRFzAe4yE+MskGuI/lnhZp1pcMyyi1yiBVW57SZIfp5x6KEJ3NcGkcLRtLR5JG7qFWWhs5dLAcE8jskulR6AjP1JkEOEzRnuo1TSbF4SkZUU7sPDgAjw1LDhryT7oHDIyP8AYq3kxHSRunxycbZwrGWiin3GlQKijkpzk/QeCglHb0HKW7gmU9e5hA1ABWcVXFI1o17lZjcHOUWKoc3BaihZ+xc6c9GpMAlGsITYnRkqtorxKzDXvwCrVtXFK0evqtHDQh1Sh2cGl2zgmyW+Gdhy0ElEfCeV2J7o8DGUtxyBG1p8FNU2l8TsxsOFFkpntGC1akgSBRpqEPGw3KW60xsdQ28MzbGyRuy3YqVBXaSBM77KTPbpWu3bsoFRSvz9KzzqOhp9Zs5iy2iqYZQNL+UVzct5Wda18fBIU+C6PjjDJWaiNgVmlVg7mn8jl7Zk3Sc8LpYAF2KeGZuY5AD6HlFIwM5S2sHShdGb+0iOGcqO6ljfy1TSzchMLN+EsNxTXKK6S3wEZaN1FdSVDeGZCuHN900tz3TY2yiZrNJXYuUVHiTRnD2EJwroTsTurF8IdyFHfQU73Fzoxn2CdDVzTOZd45v8DkdRkAjui63E51FQpbcQcRyOA7DPCYBWwnQTqb91sr1v/OYJ6GyBaR1ckJGkqRFd3h2CSPsVSfMuaMSDCfHMwkFr1sWri1lGO3T+pI2NJ1FJGxoEnHoVe2/rivpNJiqpRj0eQvOI5QcYJCkx1rmjcFNq1CkYLdBVPtHt9l+MlzpXAzxx1DQMYed1rrf8W+nq1zY6hron/iHYL5nbcHDkqXT1gccjlN+ZZ5Odf4WmfKR9aUfUFhr4hLS10bg7tnfKkiRkw8hDgfTdfJ8F6rKTaGRwz7laWyfEi927Rmtdgcgk7o855OTd4iS/BnvtVQwSOy6njPrloVHcejaGqBmp2iKQ7+XhY2h+MUpfqq4IpW+gdpK1dq+IdnuQaGuEbnf1FR4Mk9LfQ+itqekK6mj1wODnDsFWNivtJLpEDxj07rex3yimy1kzSfZcGioJOxQlfNJ8TRjB1AYhoqoHahzthSqe7W2sAbJKGZ/C9XlXaaSV+t8Dc/ZU9V0rTSSF0bcA+iZGW0LfX64Cihs8484jdn2Tv9kbNUbmnicD/hyqSTpevbnwa+Ro7AbKM+29VUrh4Fa4j3cVeV+hmZS/CReVXwzslWP7lrc9wMKvk+C1E7DqW5TRk77uOFHbcOuKLDvB8YD7lSY+vOpKbArLW849GlAoQf5IJfyo/hJA3fB3qGJuqgvDXY7GQlRH/D34h0ZJZUtkA/xlXMHxWkhIFRb6hh/5VY0/xithIEjJm/cKNVem0V8mqX5JMx8vT3xBptnUrZMepyohi61p95bPIQPRuV6VF8XOnH41zEH/ABYVhB8T+lJ8NNREPuQijGt9SYbvvS/20eQPut8gOKq1yRHndmEI9Q1rDiWlmb/4V7hD1f0jUjDq2kAPIOEc1Hw/qRlxon59mqbX6FfyMfnX/wBjwr/aScciRqeOpyACZ3DPbK9qmt/w8n2MFMfsAoE/Snw+qB/2eEemMKYn6YS1VXuDPKouqSDkVLv1U2HrENHmqXAf8y3U/QPQ0x8p0fY4UOf4YdGyjyzPH/jVP5P+Yt3aeXcWZyPrqnaP+2OyP8S6z4hMBx84ftlXMvwl6YOwq5B+aiP+DvTR3ZcZ8+7ley/0wk9G+8oCz4gRHH8933ypLevnkDTWn9VFf8HLODll2nHtqQZPhHRDZt0k/NxVr+Qi8aJlmfiDI3/4wn80WP4hlvNRn81np/hZCzi4uIH+IqM/4bxD/wCPOP8AmKrffnkio0T6Zqv/AGjgO/vv3Tz8SBox4v8A9UsWfh3Dwa93/nKC/wCHUWkn+IO/85U32/otafR/s2D/AIkjJxP/APVIJ+I5Jx4ufzWKk+HrA44r3f8AnKju6Dkbk/xMgfdTdY+0Mjo9K+UzcVHxHc0eSY8euVXS/Eepk+iUn81k39IPZsLlnHqSgu6cmiGfmWY9VTlP9GiOj05oqn4g1zttZ49VXS9Y1jgSakjP5qodaS06XSZ98pCzxZ/vP3S5Sx2OWl06JcnVU0uQahztlXyXeV5P8126P/DKFoyZhlC8K3x/jzj3QOQ2MKY/iiO+sq38PKjPdVyHd6sTJQtBwwn81FkqI3nEMZ27K85L4iRflql+P5Q+64abAy86VMHz7too8ArrbTcKgjxAoMjbFdla9kPaQZQjpHCvGdNv+pzVOi6fjaBkjKop6mEXwzKhrnbNaSSl/D6t/wDwzgrZR2aJn4AiNoHg7YACiL/mfoxbbHVOOS0qS3p+oIGW5WzbROxy1d+UeN9QUAlrZvoy0fTTNILgMlTaewxN5Y381duiAxkIgjAx7KGeWrskyobZYQdomZ+6eyzhh1eUYVmHNAzhNMrQMZ/ZTIt6iUuGQ202jYgbIobjvhPdgbkphdjsrCUpTCFuO65pzwVHdUYz5VFkuLI9nPLPuglPb2aqqJy/GLZYSPDMZKFJK1nuqae90zXeafJUCo6haTpZG4j1ykz1Nce2dGjxWou/pwaCWqIHYKFLWMaPMcBZ2a71Lz5XYUV9TO45e8nKTLXQXR1KPp+b/wBw0b7rCM5kVfPdCRiGThVO5KaGu7bLBbr5/wBJ1dP4KmqW7GSY6vme7DznKEXPfud/zTAz1RQ0AbFZJ6idn5HXr0ChzFHCTwn990t07Le5Wedpqjp/2NyAkCeyWWjukXDtulSt4NMKdoQnO57LmWoXjDO4S8YeiRK00KOCRkLoeG8BRwXOO2clEbSVTnY0oHYaK4SfSHOnxthNM3ZS2WqoeMlqkwWSJuHP5VOZpWmnMqzISntBccAHKv4rdStAywFSI6ekiJc1gyPZLcx0dE/6jPR26slIDIuVPhsNSQHSlrQrR07R5WgBDllcN9/1QuaNEdLXD+4Jlsp48ZIJCltbTQ6S2NpPqoYlc84aCcKRTW26V8gjgpifugz/AHNddT/+mhz52gYa0KO+p0+UrRW/oG9VMumcCJn9RKvaP4bW+KYSXCo8QN43KCUsG6rRX2dowA1zuw1uo9gpdL09eKjdtLgHuvT6Sx2K3yF9LSNc7GMuGcKYWA40sDQNtgh3s3V+HU+bGzB0PQLi1slXUNBO+kDKvKLpW10ZDjCHuHchX72Njbqe4NHOSVW1t6oKVnknbM87BrNzlDJ7jbXoKNP0uSRFBDCA2KNrQPQIdbc4aAfzHgE9sqqim6gvmY6el+Xa3l5GlWFH0YyRuu71fjPPvwhGqtyf2FVU9S1kx0W1utx7JtFYbzcZBPVvLAdyHFagN6ftTxHTMjJaMZDVHqL2ZMtpmloHfCJPIWxr8hlN09SU41TEOI74Rpqi3UTQIsbKDJLWTbOk29EN0IfjWeOUwJzSXA6oupeS2nbnKieHVzO1P4P5qQ4UkA2O6iVF0bEMNdpHZUZbLk3yx5pM7uxt6ockkFNjWQPsqiuvuDgyn8iqCvvjD/xHfqo3gxW6uEDTVl+ZEC2I4AWeufUE7sg4IKz1bfM50P3VXNV1FR9ROFHM5Wp1zf4stKy5+I7POQoPjOccdkFjTnc5T9IQrk5lmolP8g4IIzlNLjwh5PqnK0sid53Ls5yitd2KCmTytZynKAqVpKLgO4UWpqiOyiyVzYwck+26r5qqSc6Sdle1szW3+kHqq5xOxHCgiZ8pwU8U73+YosUIY4bI4xwYpTlJ8ihhzuQpMcI5A4RGRAAY2T8sjBLuydgFv9gywj2TSABkkKLWXmngBaHAk8bqknuFbVu8mzVG2hE7UuIk+tu5jcWw9tvuVXOkqax2ZCUSCme/BkG6saenaMbKorkzuUp9kKGhzjLcKfBSCMg4/dSWxNaE7UBvx+acopAqSj2cEbRwmy1McQ3eMqFU3I6iyHgbZVfLK6U5ccq21gXZYSKyvkd5Q7y+ygveXnJO6IQhh2c7JLM0ps64N5KF42TpwnEOPGyb4ODkBUIbcmcOTuhmR/CkeGcbDKe2nAOcKEcZMANWxI5RGMJACkCIADypaWjsoNjH9jGxt5wnYAC74g4TVAlJI4Sc4XUk9QFzGJ+nG+EkxMS3E3Y7Eukk8riSPYBKY0n1XNTfVcJA5KjlxzyUagZpWMOeFGOolEyVzARJCpT3DUkkksjeTrkORwxyF1zh6qK9xygkw4xycfIS/AGURjNslMawbEhHJAAACGOWE3t4RzSPRdSSTFFsW1kckThdAJOAvc/hF/ZkvPWnhXjqkut1recs2xJM31YtNOnndNRSMWs19Hj4fJqHhf8AmeYdCfDzqz4g1wo7BbXSjGXSfhYP8R7d19ifDD+z50r8PBHX17IrneGYJmcMtZ9mlbzprpWxdF24WywUMVPE0YBDfMfue6sWyHPC71GhjT0fPPLee1Gue2v7Yf29/wCQ3ictxzsmaS7fC7p2Tm54C6EIYOBnB0DC6OcJsssMLNczwxo7lRsXC4vNNR0xbEcZmdsMeyYD2Eqq1kDzFTsfO/sGtyEehsBrJPn7pqIf9MIOAPyVhQWptFEG7F/cqa0HGN/shFN4PgvT7pafddSXawe/HpJJIQxJJJKEEkkkoQYkkkgIPQ+2URD/AApMuiHHclCLSBk8IpUOvqxFTOzscHCw2vCyFGO54Mrf6oTVmhh2YCoDNhumyvMkjnk5yU9oXEveZZO5V9kEh5IxygEkkgpwJPJSjHiStjxs5Uuws45Cupy2l8TH1cKbTtENCcj6k+8s8OaloYgMaBldrBpjZG0YDRwmpCHLKIPJykukYXEOC0PSSSUDEkkkoQSa05wSMrrk1vZElkg9/GM4TPD9117S7hda3T3QlnU9MT1Cgc+MjCLTtI3UeXJe1TYG4aDhWlkCwchnhEPKGeEQMVkhycpLs31LiWPQ6PulIlH3TZgTwpLop9gHcobOyeeU1mxWb2MDsIDeFynyagEj1TtmtSjOk5AWiPRXaHTf3hHYJg3OAml+okItvhdLUjuAlWMuENzwjWdL0oaA9zd8LTAYCgWOnEcTSW9lYOdscBYLWz6BoKvioUQWXHhW1ubpi1Eb4VdCAXjKtW4YwYSprJ19PDnLASyOkk85zg8KzjAZAMDkZVQAXS/cq0fNphaNKUba3h5ItVNpjcR2UalJezxCMZK7WPL9gOUWmj8KJrT91TGKTlLIen+rjKv7VC7Ik07Acqmpm6nDutNCGwwhjfTdZ7Ozq6RZjkHWStBx6hZK4v8AEnO/CvblMdRAznCzdSQXk5S1AvUTwOoRioatlE3RTj7LH20H5gbLZEYgaFJrA/RLhsltGmhzjclW1HGY6EF222VXaC6mjYBzhXM+mCjbGRvhKN64RUXN+mnc/wBV5/W1AfVEbeVbW9zYpDtwvNpZDJVyOymw5OL5K7C2llF/NqmOHBUq8nVCyMc5UW1NMlU1qdd3ObUgE5GMYTH0cnf/AKTYa1sGppx3V4N9lT2rDW6yMnsraN+ojbuufqXiOTtaCP2JGptMemAE7ZCPcZfBt0hBG/dDohmljA9EHqJ3hWrR3JXBtlveT0lUdsMHldyme+ol1+Yudz+a9I6VgENqjIbyF5vPGZrgImjOp3+q9btNMaa3QwvG4aCslr4wHpI/6m4nUIzUNCvodsbKptkWZtZ4wrho9FzreWdurPZX9TzFlmkAHIKy/TBxK53+EK160mcIIYGuwC7LvdQrTCyOj1t2Odyio7JZMpOopvEumkDbChxNGpuDwV24SiorZJWnYEtCbRNLpm7911K45RyLXmzJpojsw5HCqeo6wNaymG7j2U9uxGSqO8nxa1u24AwpKOBjliGDQdPQiKJriPRaeAZIcAqCz07mQM1cndaWlbho2yuZqTraSOa0Td/BG/ZV1YdIJz2Oynahp04VHfKk08bgPRYjXYtsMmYpz8zeSCBs7/VegiINY0AbYWJ6TgbNdHyyNznzBbxseTseEq2W2WBem5W413TMOihzjclWM7Tp2QLNF4dA3bCLO4uIYDyuHfPMzoRaSDWyIYMpG6sWcqNTt0xAAYUlnKyWMtrIYcImQOEMcJ6WTAVJNSUJ0OXc4XEkBB6SSShBJJJKEGJJJKEEmEZT01QsYmEkDZPTCoEZ3qBorK+goA3UGyiocM7Bo5z+auWEFxwNuyo7e5tZe625Bp8OAto2Z/wjU793FXAdudkfQPRKBGE1NyU9v1AeqIJckiMNDRhJ/wBK4x2BjCU5xEd90ZCM/VnbhMLidiUfy6fyUc8n7qEEkkljOyhAVyqRS0NRPsRHE5x39AvO/giD/sOyUj+9qpn/ALha7rao+U6OvlSDuygmwfQ6Vm/hJTGl+H9q2/vWPk/V5TIGabxbtNooVaNXyzT3rIe/+JTAcqurstnogCd6lv7KxvT4Lc8IR5Rn4DnfcoLu6tGiAGocQ049ClRnFEw45JKbPtDN7sIRacYpYR6NAKAkxJ6YnohZX3rHymPVwCfDgRMb6BAvf9zEPWUBFZkAD0COKzyXJtEkADuqXqWUAwQDu9Wj8nuqG85lu0MHIa3WU+EOQUGo4xq32VJcHeP1VEzRkRQ8591ds2cN+6oWfzOqJnZzojAXQpgBN44LeoPYcLOdTu1CnjxvytA9uTueFkb1M+a7NDnbMGAF2tBDNiObrJf6bIoacgIV4cIbLVOON2H/ACUvHmx3Cp+s5TT9O1JzuRgL2Ojf3pHk/KPbp5SPIclznEnkoLuQPXCJHuM+yFJxz7LvuOIHyybzLLPYOiYfCsMRI5OVexjVsqrpcAWOkx3YFbNGO6wX9n0nxq20Qj/Yc8ENIB5ToPLGD6Icp22Tg/ERwOAlxRvsfBSkumvuceVjSSpsrsAn1USibmunmJ2A/dSHyaSCOy3Uo8rq5ffwebfFOs0UejYc7Lzih/uAfVbL4sVQknEQ4KyNO0NhYB6Beu0MXGtM+GfVFvya+SZsenYwIXP09tirjlpKg2RgbQMON+6luf8AyX7Lv1RW3J4K782SbbGH1YJ335Vr1FKRReFxlQunmNfMSRnGFJ6pcC4RA744UBZHs7fDpiSOU+KTTOZT6J1MRBQZI3IUR8miJ8n9IJSm8LIOG3hmK6ufDdJ6hh3DRgexWDpmujm8M9tlqJKttTVVDvc/5qhmj8OoLgO5XE1L3WZPQaJuFewi1jDDVHScNwhSx+IzUFPqYmy04kHIKhAgNIKySWTfGWGVlTH/AIeECMEO3VhOzOSd9lXvjIOQFnksPJoTRKjxtkooaDkFRI8g4ypLT5U2LUkF/cY5mQSow8ryPdSnclCdHtwly7DjLaw0DtfJXZIzp5UWJ2l43Vi0B7QQlNZN9MlYsFTUxYdkDCkUcvk0o1RBr3AUENMDtx+itPYS2vHJKqY8s1jGyjkeyMyYOaW85QpBhW3kzYOsOcJ53QIjuUQHKVLlGipiAx3Wq6cqZCxnn3Cyp2Vt09UCOp0uOxIWWSwz0HjLfjuiezdK1ksNfEGnZ+Mr01wLKlr8/UAvILbI6N0MkbsEYIK9doNVVbIZpDl+kbpco5PrHjrE4qJKrQ3wRp/NZa+02qN5I4C1IYXtwd9lV3SBpZJqHZAdK2O6G08xj+tw9CVZW7UyoY9rsbhRa6AR1kgZsAc4T4HubxyiOBXmFjX6NtFuM+qFO3S7VhK0PNTStc7kAZUmohDoyzGCVTn6OvDlZIUjRI0LyX4lW+d85nI8oC9dY3QDnsFjeu7eaijMg25WzTM839QaT+Rppr9Hkdgfqc4Yxup1Y3MirKYvoqsdgTgq6qGeI0PaN8LsUs+O6yhqtkaBxikDweDle59JVz6u0xOcc7D/ACXhTSD3XpfwzuUs0clE9+RHuFvqPG+Rq3QybnqWMT24PcN49wQrbp2sZW22MtO7AGn7pngtqrfIyQAktICrejZxTzVFtlGJGuJ+4Wk88+Y/4NRpz2QzGMcKTgJmAoZskGSPbhQqhgB4VvJGCM91XzRaj6KmHCWDNXSjy0uA9Vk6lmhxyO69DqafUCCOyxt0pCNRDdwcrPZHJ0dPYYe/UoDS8N3zkLPv+krZ3OAywkAcLJ1MboX6XDlZZLB3dLblYK92WuUyknJ2UWfY5TYZQ124QG9x3otXgOHChzN23ClQPD24TKlu+wUEr7GV7t8gKO9pIOyl43IKC4AZSpxyaoSyskEEsf8AmrCF5IbvlRJmDOydTPGdyk4w+QpLcWkZyAUeMlpQI3DA3Rmd91Nm4QpSqluiTYKjwy0n1XoPSvUkUzflJ5M4wASV5secqZRVPgO22+yyX6fPR7b6f8/bRNQmz2staQCDseChPYcYysz011CKlvy1U/GNgcrTxku3G47Fcude1n1/SaqGrr3RK6voI6uMxys54PoshXW6S3znLTpPB9V6E9ocBkKrudBHVxGKRvPB9EkuyvJgpW54VpZq2SNvhPOQeFCuFHNQTGORpx2KA1zgNTSQg4ERm62beA+MzUSE58eRjhUNmub34ppj9ir9AdCE42RTRCqYA4cKiroBnjlaabjGOVW1lJ4sfl2cDlUJtryZ0ao3bjlSGyBwGyU0BH1BAbkHc8dk+MsGCyDiSSMqPU0jaqIxuPPBRWvA2T8hNjLBz761NFBGzXHLb5/du/8AmsjXUVTZq5r9wxztiF6BcqUPZ8xGMSN3yO6q7hAy82x7dAE0Y1A905SPOarTOLyg9qrW1VKx4IJxgqeXB7dlirHUzW+q+UqMgO2GVsY9xytdMslUWyktkhkoIJCq6yNwGcK4lbnCiVMQfEWgcrUDqYucdpn3gA8KBVNLhnSrOcaDgBRy0EHZPisnlNXXjMSjmaQ7GMJrVLq4x2UMO3KNRwcayOOCRFyVKadTcAKJFk52UuLbcq3DcjLLKNZ0jehE4Uc78DOBlegRbgH1GV4yyV0ThIwkEL03pW8MulAzUR4kbcO35wsN9TyfRPpTy+6C0tnfo0sJOApDmhzMFRoT9I+6ltOQsslg+i1PIBkYBxjZDrKHW3xYxgjdS9GN09rCeRylGnZkBbKo4ETjuFcsw9oOVST0ropBNGNxuQrGkqA7GpWOrWCQYyOyYY9lLDQ5uwQTtn3VYHg2HBwQlIwHkJw2OU9uJNgFCNfsjFjeMIL4sDKnmB39P7oRaeFCbCqnj1DACprhbQ52sDc+60zqYP3USopSSMhWZrq96MjHMaeXQRjBIVmycSNGy7crcx+Xjyu9lTwTSUsvhvOQp2cyUXX2T6iMPbjHZU1VCYzsFdeO12QByFHqKUTNOyYome6Cmijb59sJlRStLfupU0DoX5xsELWXHSiObdTgz1fbwc7LOXC3mPJAW9qaYOwcdlS11OxwxhFGOTznkNDG7LZh3ROa7SQutzgZV3W28bua1VD43McQQrccHkdRRKqWJDmnHBwtP05fKpgEQnIczgg4OFk39kSmmkheJI3EEIFArSauelnmLPaLP1LK4tjqHj7+q09NWR1AGHDK8YoLsZ4QRs5vKvrV1TLQyASlz2I/jyj3HjfqqEcV2s9TBymuZnAyqS29SUda0Bsu/oTur2ECYZacgpUoNHudNqYaqCnB5QJ0WN8ILmb44U50e2PVR/A3zwqb29jJLPZFMRTDGMcqcYwBhAMe+6i5Eyq3EF8LCd2qjuliiqCXhoytRJAQAQossRLcYRqWDHqdNGyO2R56YKu0TiWLUG547K7oLrS3JppaxrQXDYlWtbbm1UZjeweyy90sNRTnXT5/JPjdg4F2nlp/t7j+ht46aex7pKUeU7hZ0tlgkMcgwQtZauo/DYKO4DJb5dRU25dNQXFnzdIWnUM7LXXd+ziajSRsnmsz9jvE1JOGySExnsStdHV0tYzAcDlYWrtdXRSHLHABEt9xlpJgHk4zut9d2OzBOvb9rNPM19HN4kbiMHOVe2y+RVbBBUY1cZKoYKuCtBY0ZwN90CoppYSJYjx6crZG5CLK8RybGakGfFhJHfZMjqfFHgygbbEEKtsl/EhFLVHBxgE91b1FEJf5sLgDym71IRt+3JVXGxUlRk6cE+yzpjq7RUO8PWGg7HsVqfmpIJvCqwcHYO7I0kMFTHpkY1zSmLJnnUk90FhkS3XGC4xBr9IkAwQe6JUU/hHLQd1U1diqKZ5nopCW5zpBwQpVuvT34pqwA428w3CZjIW/P58BfDbKNLhgqvqWS0rtRblhP6K4lp2j+ZCcjnYrjSJGaCG++QhlHBcqsrJRSR0tYzTIwZWVvFgqba41dI8ujJ3Dey3dbagWeNTjDhuQO6rnPezLJWbdwQkSr3GK2hsx9HXxzkQTtAPGVYeB4RDmOyDwE6+dPR1LDVUDQyVu5DeCqSir5YZflqsuBG3m7INuDnW1MuJqKCqYQ+MByoa+zuiJdE049loIZQdxvlSQGuH0pU61Loy/JKt4MOwzxOw4bDlWDXwVUQjkIyVZ19nZMXSRYBPZUT6WWllIkaQOyRKDQ6NyfTB1Nrc3L4cEeirsaSQdldwVDo99/spUlFQXOPfTFIO+MJbr9jVe499GawM5UiKrkgI0nhEq7ZVUZOWamf1N3UUnO3oiXA+Mlb2W1PdScCY/ZWkUkVQBg4WWPr6KRS1kkRw0qlMRZUl+KNOIJWjMbchda8tPmGCq+iu4GBM7ZWTJKWpb5cEo19xklCS7Q5zWStAOMKJPbmPGxwpToJeY2EhJr3M2e3CJ1ZFwscHlFLNayDkNVfPSGPbHK1WGP2ICE+jjlGSwHKRKo0Q1TX5GUaHsdqA3CkwXCT6ZTsrKptZP90zb1VZPb3tOMYWWyn9G6rWuLTiydFUQy/TIM91IMOwPqs+WuYcjYo9Nc6mDynztHYrO62d7S+U3YhYWhZnuuaR/V+ybBcKWpGD5HehRmlsn07peDrQ1Fc/xYHwz6JpiIG7dvupTYxjhIs9lQ9JEIxhMcwYIUvR6BDLMb+qXNZYqUU+yvfSRPPmb+6jvt8WPIDk+6tfDym+Fp5CNWOAmzSV2eindFVwu8g2ThLOB/MGVaOYXbY2Q5aZrm7s/dNhqZZyjBd4xdxK9tW0HSdsooqJAAWSYAXH0TC7yt/dCNLKfoB/Vaoap+zm26CUX0S2XKZmzjkBSI7jE/knP3Va2nqBnMaTYSORutMNZJcGOek2+i2FRrGWO37IlPXXamkEkRcAOMKpY5zeEQXGrGG54Wr58rkzT06/RrLf1xdKKcSGR2Ry0laul+L9YzSJ42MH+ELy+O5RkDx2tz6oplpZgCJAPbCON0THPQU2flE9qtPxat88zY6qdo1dnBail67sczsCobkr5sAYHYGE500seA17t/dH8yMV3h6p9cH1NB1DaKlupkrCPyRfmKSrOICwkL5ZZe7nSEOgqZBn/ABFWFJ131RSPD4a9wx21cq/lRkn4Sa/22fTOkgaTHj7BA8GF5/mRgrwql+MHVEZHj6HtHKu6P44zDAmo2ZHOG5RK+Bll4vV19YZ6zJQ29zcOpI3fdoUGWxWWb++oIvvpCxtP8bLFK0Cpo52O7kDZWFP8VekZt5/Gbn2VxnB9iZaTWLtFtN0r0zJ/8NEP/CokvQ/Tj/7uJrT7BOj+InREnFSBn1KOzrHpB5wKzGfUolKt9MBV6uPeSvf0FanO/lyFv2JXP/Z9SNGY7hKM+rir2LqHpWYZZc4wfujNuVkn/urrT/8AmRbkRfN0Zt3Qkg+i5Sf+coD+hrido7u8f+IrYiS3fguEZ+zsp2um7VAd+amUCrbUYaTou/N3jvL/AM3OQT0v1RGMR3h//mK35LOzx+q61rHHG5CpsL+RYvR546wdYZx/HHf+YrhsPV7d/wCNuP5lekimpiN2b/dd+WpBv4RKHGfYL1c0+Yr/ALHmLrZ1m0EC7vP/AIihG09dE/8AzxJH/OV6mY6QbeAgn5EEgxH9UUcrjI1anjmK/wCx5mLb1qBh1c4/+IlCdaurnfVXOI+5XqGqgO2goZioucK5JyJ/Jf8ATFHmLrP1Keat2fuUjZuonbGsd+pXpRNENtCDJHRNbqBCHayfyp/8q/7Hnf8AAOoXb/Ou/UpfwO/jmqJ/MrevDR9G4HuobyCMZUaYUdRNmN/g96/FUApSWK6PGHTBamRuD7KPLUx6tJfjCW8sNXzRlZOn7iT/AHoTHWC4d5BhawyQ934/JBkqYuA7KXhjY6mZmP8AZyoP1Y/Vdb000HLwAfur/W7slrJ5wVXIxaiZSNsMbeAEeG1xRHPhtKssj0TdY9P3Rvgjsm+WRxTRAYEQRWsx24XXzwxY8R4CbJcaFo+tWRbp8JHS3gprmNIwoz7/AGyLcyg4UZ/Vtvb9Ij/RDwRaeyXosfDAS0tHcKhqet6VuwdEB/yqqqeuYARh0R/JU2o9sfHRXT6RtNTf6gkHNOwcF58/4gu1Oa2maQO+FGqes62YfyGBo/RLd1a7Zoq8VqLPR6O8tAzqCiTVjIxlxAA915rJ1HdJeZSNscqPPW3CZul9S4g+hSnq60dGj6fuk+T0Sa+UbD9fCgy9T0TOXEFYSP5gkfzHH80dlPI7Gp5P5pEtbjo7NH03Wv8AcRppuq4wDpBeoE/U9VNkMbpVV8q7GAESCn9RhZ56+b4R1aPCaevlIM+7XR+f94wCo5lqZM+NKXZOeVI8AemU10TQcYWSzU2S9nWp0FUPxRHwU/STsnhm/CI1gIWd2t9mr4Yx9ADGRyF0Nz3RyzPdd8MjulysTLVa/QwMJ5XdLR3CcfT1XPAeUp2tGmunPSHAY2C4XADI3T2U7jkY5T2UTgcnZKlaOjp5vpERzzxhLVP+CPKs20LTjU1FZSBpGBhLdo+Ghk+yo8GdxGWYUmOglcPO3ZWhhAwcIuRjCTK7JthoYx7K1tqidguG6lMtlOwbtR9Qj3xldFTn6QChU89miNFcTsVFTNwdCM1rYx5CPZKKjuNUR4FI532VpSdHdQVLRijkZn12UybK6W+K4Mr/ABPZDdUY4GVsrd8Jquo0yXCufHkZLQVoaT4YdO0zR41TM4990DtwbqvG6i31g8pM88hAjIGdlOorLd6/aCAuB74XsVJZrJawG0NGxpaMasblSvEDjswZ+yV8uDZX4Td/us8wt3w7vdY/FS5sDP6iVdUnwso2nNZXvd9nraBxefKU80c8oBGQPVC57mb6fGaWrtZKml6a6ft0YiZTwOx3IySpgjposNpKeMH/AAgBElNro2l1fVRsx2LlV1nVtgpmn5KOaeTOA2NmpEmzV8dNP4osSy4Sf3TDpHJ5Tvlw7AnePfOyz3+0fVdzaYbbbxSsPLnjBQT0xc60+NdrtLGXchj8BQH5OeC0uHUHTdpc4GqZM/gNj8xVU/qa71rHCz2vSx3L5W/5KfT2Hpe2N8aVkU0ntuc+u6l/xMaBHRUelo4AAUJL5J+yiZ09d61wmuFxIa7d0YOB9lZ09v6dtbvGEQdJj8R1YTnx3WufpkaY4+c//MXH0Vupt6t5cf8AmUA/H8jrry5ziykZpCB4VzqjiWUsafdGdd7XTsDYadriOFAq75I4jwmaB/ko0R2qKJTbc2E6pHZ9+U6SejibhpBd9lUVF5GjEs/5KirOoqKM4L8FQy26yuPbNLNWvBJaQG/ZV9RdWNaR4/5YWSrupj+CfbCoK3qN7tvGRnL1HlK4cGyrr7Gw/wB4Tss/X9RR95HLMT3mpmPlJPuo4lllP8zdQ49/k3N/YXFVe2yjyuJKrJJppSCXHBSjY3uE5hY0cbqmsnPnqZzf3DWxk4JajNY0NCCZN0hzglMURTuD68cBdyUwRn0S39eFSgwfmCfknFwHcKO+fRthRZqnZNjHAqVqRNlqWsyAQq6pqi7YboEkj3nk4XWRHnlMijNO5jH6pDlwRI4sEZCOxjQOE4M9ESSEtuXZxrRgDCI6PYOQZJmxbkqtrLy7ZtOMkdlTFu2MeyfU3GOjGH7KoqbvJVNMLJMA8/ZQZWVVVN4k5/LPClw0nGwCNcmedrlwiOyhY8h0mSfup0FLpwG7KTFTYA8vHujN0R7nsjURTWOWMjiDdy1G0hg2UaorI2jEaq5a2d5xq2UFytS4LWprQ3IaeFWvq5pMtLiAmNe527uUgAOO6MTKzcJJdwUsFKkmDyxun3XAwDjupGCcFdDN+eVTiUwAaCcJ4i9kYM3BwkdIbtuVHHBaiMEYXQ3HcJjnhucIJJPb91EinJRJZewDYhRXuc5caD3cntb3Vi3PINoJ5RtGwOF3DeycHAd1CZGJJJrnDHKPaC54C7AHcILiBk5TC8EndMcT6quhMrH6HGYj8KaZsjGExq7gIxbsfTOklcQkkzAIkklwuAVt4IdQnSZ2wmulwcYQ+6RJhxiOLiSmAHKcOU8AYQpZGdHRwupJBsjjhjNSbCDl0hRxaDozobqTr27ss3TVukqp3buwPKxvqSvWfhL/AGWr91f4N56wzarVISY2uyJpm+rR2X1j0z0h050PbhaOm7fHTU7cZOMyPI4LnfiXS0uklLmXB5jyn1Pp9JF16fEp/wDl/wDtPLfhf/Zu6b6Ma2u6lZHdbo3BY7J8KI75wO5O36L2N0hjxjBTpJMDA7oOCTuuxTUqej59qtZdrZ/JdJtiL3SEZ2Ro2DGUxjBjK5LPT0rPEneWt9QtSmujI3xgk6fdAkqY48NiIfKfw42Qv94uILKZrmM/rdtlWFJb4qYAkBzx3Ri2yLFZzWTtrbiS5pG0P4P0V5FiMaWjDQScIQOdgU/UGgkkD7lEESQM8lUHUPVEFsheylcHTn6d1VdQ9XkPdSUB3bkOcsXMH1Ehkke4uO+5VJYGRq3Hzskkku0e5GJJJKBiSSSUIPT0kxAQYkkkgIFJGOUE8n3SBOeSh8pFksEHkchUF/kLIdI75V8SADlY6+1j5akx9hthczVT2wZq0lW+zJUMyXcKRsGhNYBhMkPC5PPbOs1jg6cO2B4RGHw5WyYzp3SjaSnyjTsokLb3EiAyVdaaiTcY234T6p51kZyBsF2jZ4VNqdyQhOAOXHunxWEL7BP+opqc/wCopqvAYkkkkIQkkklCCT0xE0+6oh1vCbkEnBXDwUOLOoZQl4DNBynO2buusAODhcqSC3AKrIDlgjsBklAA7qyaAG49FCpWHUSpY4KJSwDY8idyUFxG+6e7uo0me6IkXyDccuSQ8nUpDPpCWhqfB1MkI04BTnfSfsors7nKqTwiHHcpsY8ya47lEgCQnljB830brrOMLk43ATiQ1iYyhuMlWNkjBqCqtpyStL09TgNEg2cTuT6LPNnQ8dT8t6TNhbmgUrccoz8ADKbTgNY0NaQD6rk5wQsdkss9/TDHASlB1A+qsJnYAGVDpRu0lGqN5TjjChvglFD6ZoMoceylyuGgbKLQtLg45zhGm4wD3Sx0XiOCBI4ukypw+hv2UOJmuTfsVOjGcJbGVywTbUwmoGRlX7wdgqyysHjZxnKsK6Qhnk2yVnn2dqh7KynuhLQ9w91nXuLirG5yyEOGvdVsuHNHZT0Zr5ZZb9OMa6r87c+i08wxPHCOHKn6VgaWGRw3A2OFd07RLWAnfBAHskzlk6WkWIFxC0NkhZ/SQpd4OlsYG2RhNpomuriCNgMqLep3+Ng8A7JcXuZtsxGtsyvVVVJFA5rXADTssO07lxO55Wm60nPhjAxlZeLy4PK1QhweQ8jfuswXlkZhz5Tw0coFxm11YGPdTLU0Gnf7lVswElfuc4KJoyr7oKJcUe0I25VnQBj5mtdg/mq6MARtwNlNtALq+MHcLl62W2B6TQLDSNrTZ8NocMduFV9UzFtMKf1Vw3bCoeqTlo37FedlLcem6jkw9qi8e/MDhnDl60PpH2XmfR1JJWXqSRo2jO69NxhZL2+h3j45Tl+yytjcQ6u6sIAS7B9VEoBinAU1m3CwyfJ14LHRkesnl9XFAOTghcjaaa1ua7ktz+Sr71NJPdi5784fgewUm7yPjoAGnkYWilZZlt4TkZTOXu/5ipdvH81pI7qvDsFxPqVa2wagx4HJXWgsI5G/fItHu0tdIOyoSHT3AOJz5lb1snhwO91VWlpmrzkcnKTZ0aE/uUTb0Q0xxjGNlc0g23VZTDSxg9lbQDDAuTe+Tu6aOI4HyHGMLLdUVBDXALSTkDlYvqao1O0gclZc45Gaj/bwXXRFGPlnVThu44Gy2EEXmbgd1T9L0vy9lhGnBJytBb2l1WzbbKxamW55Lqjsika+CMxUsbQ3kJpafmI9ucqTsGjbgJsA1ztJHC5Fr5NCbwTGgDbCMxCHKKzsslgxhBwurg4XVCx6SYkoQKkkkgIPSTElCCSSSUINSSSUIJJJJQgxRLnVsoaKesedoYnP/QKWVQ9Ty6qeltsZ/mVtUyIHnDeXbf8ALlHFZCOdPUkkFtb45zJKTK8nuTvk+6sNGCRwk2MQxiJvDRj9E8jPdHJFM6nsP89gTF2Bp8TJOVQyHRKxjZDlOwCJnCFIQcYRlMBqd6riSShQkhykkOVCIyfxbqTSfDm+TAZJpiz/AM2y58OYRT9DWaIjimH+ZVf8c6nwfhzcIv8AvnMZ+6uejY/A6WtcBGPDpmBPgZMZtbLlV1az/e7e3HNR/wDulWGQoFYc3S3gdnuP/wBSVJdjkWcmzj9ygvRX8/mhO8xAHKno0ReAE5Pgu99lIZsxo9go0/8AdO+4Upn0N+wQi7JZ4OpiemKBIrbyQXUkf9U4UnRgkcKDeXZrqFg/7zKsXcYTUslz9COHbZWWqpzN1DI3tHGAtKARvlZWhLZrtcqg76X+EFqriAWJySMHus/bHeLfa953w7GVfccrO2Hz1Vxl/qqCFvq7SM9hdl2cjhY+oeJbu/bdamV+khZGF4dW1jzyJCB7Lv8Ajo7ZnN1jzHAV/lndtssz8R6jTY2xN2L3gLTkajk8rD/FCYsp6aMf1Alen0X+6jyXnJ/Ho5M8+06QVGB1HCkO2a7KhjeZv/MvQy/E+Y9tf5PcunWGOyUgI/AFZtUGygfwekGP+GFOGB3XPu7Ppuj5pg/7A5cnCJJtEceiE85kaz1TqpwFO8f4Shj2Nuk0irt2XCdx7yHCfMdj7JlqGKLJ7k/6p8xABJ7Lo0xyeY1L5cjxb4kzGe6NhH1ZVJAwgMjzkjAVl15J/wDXJIB6bKFbAXVceo9167RPFaR8C8/N2a6z/JuaAeDSMGPTb8kaQjw3DjKa0AMwDtgJkjtQI4XYi3g8pNfcX3S8ZdI4/ZBv+p9z0j2AU7peLRRzSgeYDIKrC19XcjrcdQdnKIU+CbVRCOgaO5VNdpPlbZPK4j6D/krm6SAMjpx9XJWS67qDT2J4B5aVnueINjK47ppI83oK8vmm9z/qpM0TXYcQs9QVXh1AceDsVp26XsGD2XClLe8nfnBVLghQ4OqJ24JOFX1DXRSacKyczRUYG2VHr2A4cG7pclkKE+cECTztUOaPbOn91KBwSmyMy07pE45NcHgrwcOwpEbtggTtLTkDZdidxsgi8GjOSUmHhOHCaeFMYBIrtpPzVlTnU0DKgyNJcCAi07sOySqNWmliRY+GDuq6vgLD4gGxKs4htuh1MWsYAQnUshvjwUkbjqwdkaTgYXKmnLHZaEyObGxCo5lkHHsactRItuSuS4IyExhydygmSuWHgkLtJMaaobIeM7oeoNGeVyTzLPjB1NPY65KR6/a6uOpoY54jnLR+S9X6DrXV9tNLK7zNGW59l4H8PrgJ45KB7/MBloXrvw+uLKa4vpJiRq+j2KWfVPC6n5Ixs/Z6HS4c97C3Bbsq66QlzX6Wqzf/AC6nW3bU3ceqHWxZjyG7lAexxuPOb/TNa9krRjUN1TRu0PIIWsvtODE4PG7dwsrNGWnUAoef1Ney1l903VvbUuiLvIWggFaOVvlyViLbUaHslBwQd1u4z4lOyTHKE3aX7o7WV5aQ4hUvU1H4tuJDc891oZG6XbDJUSvg8enc3AOyfTZhgazT74NHzxe6T5Wt09s5VkxpkpQRzp9VK6zo2xSOeW4dq2KrrTVa4vDed2jC62nlk+N+X0uycokXlxx2Wg6PujrVeI5TJpjkIa4dlQPBbI8H1T2uLSHDscrp1yweD11OU4H0lQvLowfwuwVVTOFt6ojmjGGzYaSoXRd4bcLXC10uotaBz3Vl1RRuko2VUTf5sLtWe+FpTyeOlH4pSizXNaX4IGx3RDCQMqP01XMuNqimzl7GhrvXKsDv2TDnSzF4ZBLDuoczN8YwrMsG6izxk8BQNPBVTxgjKzd0pMtcQ3utfNDkfSqavgwwjRn80tmmq3B55W0+lzge6yd9pXNIe1uzSvQrrREZc1qzdZTNmjkaW7kYWaxc8HZ0l+JZZg5eyiy5a4EKwqqeSCVzHjBaSFBkIfthKwd+p71kk0dQeCpb3a27hVETzG8e6s2SB7VRLI4ZHnG4wgvUqXfBUR4wUmYVYJ4zlRoy4PCmOGyiyt8wwEiUWxseixgcTjdTonAAKppHjYFT4zxumwXoRNYZMBykCWlMYMjlP9vRVKrcKdkq5KUSfSVpgIJP2XoPTfU0FREyCZ252GTwV5g4F2CFJpKqSke2Rjtx+65uo059D+nPqKVWFKR7YJA4DZCnZkZws1011KypY2Cd/mGwJWmEmsccrmzrcWfUtLqoauG6LKquo4auMxysBJ4Kx9xoZrdLocMw/hIHC3sjAeyhVlFFVRGKVgIKy2Jh2Vp8mHhkc3JafzWjs1xNRGYJXAvZwe5Cpbha5qGUsDSWH6SoVLVvo6hsoJIHI9kORcJup4N27S4c5QJYwBzyh0NXFVxtkjdseR6KTNHsCFT6ybq5KyOSoqqcYJAVLURO1HZaOZudiOyraumycgK97EX15XBU5OxyiiQ8IdRGWnKC1/r2T4HLnDkmkhwwRsqmohloZzMzeNxzhWLZB6J72NewtcMgp8eDBqKFJdGTv1udUsFfR4y3cgcqd09chXU4jftIwYKPpdTTugf9JPf0VLNFJYroZ2AmCQ6jgcZWqqWDhzp+KzKNZnB37oVQ0FnK7BI2aMSNOQ4AhOdjG5W6Esot8oz1bHpflQSTuCFe3Cm1x6gNwqKXLCRhaE8M87racSbIdU3PHoqx7cOyriRueVBnjBIwExvJ5rURalkFC8cYU1hyMqA3Y7qVFLgAYRwM1i/RKZGXe6sen7pJaLg1jidDzwq+N242T6pokjD49ns3yhtr3IPS6ieluVsO0ey0VQ2ohZKwg5Cnwu1Fed9EdQhw+QnJ1gbZK3kMuXAEcrl3Rwz7d4XycNZQprsstGWghOjIBGR+6bE8aACOU9ww4YKzHo65bkFfG18ZGnfsVBbqheFYMORhNmpwcOwhHqDYakl8QDKMYjtuoUJMZAVg2Vr2jZTISTBFm2M8psA0uwe6O4cIT25IIUHYQbII2Uct52T252ypAjBbxuoHt4IJYUOSIObup/gn0Ud0TskKCpxKaqps8t2+6zN1oCJTI0bLbTQ6gduyq6ujLjnSoc/U0b1hGOZM6F4afVWccokaBjnuhXa1uaDUU443c1V1FXFrxFLtjhFBnHnmuWGT6ukDhnG5CqZYRCSTwrzW17QcqHU03iDACahFqUlwVzXxyDGeFBr6VmC9vflGmikp5TqGx4I4XSdYwSnwOXqKtywUM1OHA5b2VFX0OAXALZT0o5AVfJTNzu0FMayee1+iU6+TEPYWuLTthcAwru6W5jXmWJuM8qqkYWHCCUP0eQtr+OTiw9DOaeXV2cMFWnjaxtsqHfsVPoakj+XIc44KKCwYrF+i2pqmopzqjeRj3W36a66jaxsVacEbZysO3DhgBDewjcNUsj+jq+K83qPHS2xk2j3umqoquFs0Lg5rhkEJ4btzwvFrR1ZcbPIAyVxjH4Scher9OdRUV7pmuZIBJjzNz3WO2J9Z8X5zTeRSUXhk4tQXRj0U6SDG4QHNcOQlvg7/AC+CO5vuo7owe+FOc090F7M43Uyxc68kB0Y7BRZqXxCTjlWjo88obWN4TFw8maemjL8kYu7dPNlkdJG3S70VVSXG62KU4LzH6HcL0Kal8UElvAVBeLQ+ogJY3cFNhYcLV+OcJOdS5HsNvv8ATCWN7WSEbtPqqC8dPyU4L2t/MKK+nr7W7xWFwGeyvrZ1FSXCnFNXANd9OVshazhWUxu4n+RlKaoqKCYOJOAtBSXqGYBsmASplz6aZPHrgIORkH1WUqaGropDqYQAeQtULm+DmXaedctrL6spQ4fMUr+N8BW1l6mdExsNXnLdsrN0V2j0eDNlp4z2UlzBkEYwdwVtrtM7hjg9GjfbrjDhwa4kd1U1dPLRSE0+Sw9ichZ+33WaiIH1ALW0Vxpa+AOc5uSNwVshYkBKC9ECOp8byuGlw/dRbhaGSgzxDD8bgK1rbcC3xafZw32Ve2tdTnRO07bbpjmZbKtywVlFcJ6GbwqjJjO2/ZX0UMVUzXERxyFFqKajuMeGEMf6quaLjZn6oy5zPbcI+0Lhur4b4Lc+JA/RLu31Q6migq25GAeyPSXCC5whsmlr8JSUksJyzOFBjip9FC6CWlkMbmZwqu8WOlusRw1sUw3DwP8ANauXEgAc3zDYqBUU0jDljchVOCaMt1CR5r4tbZKg01bG7DT9WNiFeU1TFURCSJ2Qf2WhqqGnrYzFVQNeD6jcLF3Hp+6WSodJQvc+AnUMdh6JKi0zl6jSZ/Euw0+iFU0cNS3LxuO6g2i9w1MhppnYlHrsrhxc0amFDOCZyZQlS+UUFXaZWHXC0kDthQcOa/BGMe61sEzy7RIQQFHr7RTVjjLCNBPZZ51sZC7dwynhrTpDJQHs9wgVdogrYzLS4bINyEWot81G7Dz5eyZBLLBIHs2/1S3FmmEpLlFJUUk9M7ErCPdR+DkFbQ1dHWN8Orgbh22ccKvr+k8tM9vlDwd9OUDikNjqF/UUDXkA53Raeulgd/LOMIEkUlPIY5WlrgcbriFScehvEzS22/AANqCrEyQVYzE8ZKxZ9fRGgrZodo3EI43P2Z7KE19prhSSZBZgjuE9rcYa4YKrbb1DEWiKpBBG2pXUbqapaHMIOfQpm5TMcqpRYLwWnOMD81DqKBj9yPzVi+nkyPDBx909sYxgjdLnAXCbg+DO1NqicNmb4VRPbJYySG7LavhaeyDJSB3lI5SXWmaIaqSfJhXxFjhkYKM2sngwWlaWqscEmXAb/ZVNRZp2jIbsEqVCOhRr1DpgYbvggTBT2VcEwGkhUlRTOjOCOEGOWSM+UkYSJ0pfidijykumzS7EJha0d+VTNr6lpAc/ZS4K+nk2c/dIlXg6tOthPtksYxgJaRnON1xstO4ZbJldyMZSJxbN8JqXR0RsHZMfECNgioQYSTkqsYDAGEeiCYyDxt91LXNI9Fe5oprJGw7uEIxnnSpeAn6GnsiV7TE2aSNnaK3wsHHC4WN7hTXRf4UMxEdk+Oqa7MNnjlnojeBA7YswkKaMbs2RfDcCmhpG6bHUGSzxqTycLJgPJwmieob+LGEXW5v4f3XA8E/Tunx1Jml479AzU7gTlEE0JILSiNZC762ZRBBRHg4KP+TH2Jl4+aBaxjGFwMbnIxlENKzPlKRt8+Mg5UV8H0Z5aCyIgB2KWr2TPlqpp/ujsmhxGxadvZF8qYr+JZ+gjcNOQB+iO2smbw7hR/FCRlBCdGeBUobe0TWXOduACjNu1SBs4j7FVOvzcJ4ftwmK5ipUws7Lll+rmcVEo+zijN6pu7PprZcf8xVD4g9Fzxm+iv5iR0lT9Glb1jeBzWTf+cqVF19eYR5KuUfdxWRMgA4QTVYyCCq+ckvH1P0bpvxGvIPmq3n/AMSOPiXdQADO79V5344/qcl8xj8TlPnAXjafaPR2/EuvPMrj+aM34mVpGjyfcheZ/Mf4j+iQqR6uRR1GCn4umXo9RHxIrnHd0f6I4+Ita9ukvj/ReSfM/wCJy780eNTv1V/yCv8AhNR60eu6xxz48Q/8KaetqtxyZ4//ACryT5p3/eP/AFXPm3f945X/ACEUvFVM9cf1fUacuq4xn3Ub/at+cuuMQB4XlZqvV71z5hp5LkP8lFf8LqPU3dWsxg3Bh/NBd1jTM4eD7grzHx2+66Kgdi4JbvRf/DKj0WbrqMDAz+qgv67YD3/VYnx87ZKWxwcfsg/kIZHx1Rt/9uxjl2fuor+uqv8A4YI/NZMYPA/Zd45CD+RgdHx1X6NDN1pc3nZ/7qM/qm6uBHjHdU/PZLB9Cqlqn7NNfioy/FE2bqC6yHJqT+qizXe4PGDUP3903wnP4T2UjhjIG6V/KmzTDxLzwiOKmrc45ld/5k57qggZlJBUttvcRsEeO3VBAIZn80uzUz9G6rxUv0VZic7nk+6GKZxdnhXotc39A/VFZQtyNYH6pMtRKSxI31+LUe0UbKbjb8lKjhA4GFdNoKXGXMH6rogpRsIc490p2fs21eNrXJVMpNW4HCkMo99yp4iyP5MK62lqHHaPGVnnNM3V6WMekRG0jGY7ogbG0cj9VMFsqJPworLE9+Mxn9Ur5kao6Oc+kVvl9QkABwrplgJx/LKlxdPOJH8oqndg0V+Kvl1EzgBPYpeC9wwBz2WwZ0wdOfD/AGTh08Q7+6QPUR/qNcPE3R7RjxR1BOdCK2hcdjsVsm2HSB5P3RBZW4x4Q/VIndH+lmmHi2vyRjha3HzCQD2KNHanOxqePyWs/g7R/wAMBD+Wp4ScgbJLuHR0FUezPMtMeOMlO/h4b2wrp9RSRnys/RDJfU4FLSzOP/KglZuHx0tf9CyyobShpxoKI+mAw4BWkNl6hqnfyqUsH+IKypegLpVvAr5Sxp3yDhKlPA+Gitn+MDLOEbeT+6Y2Rj9ogX/YL0Wn+GNoYB4888hP+JXtJ0zaaKFsMVBEQO5bklD8hoj4mybzJYPJ4bfc6sYht07vcN2V1SfD29zxtkmLI9W+nO69Ojp2Qt0xxhgHYDCKwnfCrebavD0x/OTMRQ/C2kDQ6trJi7uGlaWg6SsFExsYoWOLe5G5VuXNbu44Cb83QR+Z1S0Y5VNtnQo02no6Ow0VJS4+XpI2/ZoUgOeR5RhQpOobVDtrc4+wUaXqKZw/930Uzvct2KLJsU4L8EWmmuztwi+A7GZXtb9yqQ1XVVRhzPl4Gns7lMNouVUSbhXlwO+Gnb9EBStk+kXEktqi3qa+DbtqVZU9U2mAllFSzVBHdrdignpy3j6w559SpDKanpWhkMTQBtsEBbc5kRnVF0qD4dHa2wk/ikbhcki6lrcCW6xsjPLWHCnvcMYLUEgDvhQCWY9kAWChZg19U6Z3fUSVIipbTRHXBCCfsh1NTTRbzzgY9Sq6bqC0U7v+0hx9AjM8r61+TLp9fMcNhGgfZDdHJN5ppHYPO6yVZ1xGHGOii4/ETyoE/U11qNhKGtPbChmnrqocI28wtVGzxpSHuHbKhT9XUMLQ2mgJx6FY41dRN5qmXP7IE1wt9P8A3lQAVDNb5JJcM09R1bWzjSw+G32Krn3CSZxdNITn1KydZ1JCx5ZA123DvVVdV1BVVO2MD0yrwYbPKxj7NvPe6WlB/mAke6p6zq9xy2NwznZY+arfJuST+aDnOclW+TnX+UnPouKzqCsnJPiAj2Va+4TSg+Icn1QM+6bgeqLacq3V2TfY10s7nfXsVxsOTk4yn5Hou6vZTBndmOzoiZjK7kNGw4TMn1SRqGQXcdMhCQJ4XEg3fhH8YG9sLqy3dISEH6U3UAN0x1QwA+VHCP7BlaiR4+kcIBqS3OCoktSSdhsmB2cotgt2skOmfJnLkEjfcp8fdPAOQSEcYgSm5dDTEiRnjZdJaG6nbAKDU3empmnLsn2UeIip2KPZPJA5OFV13UEVHL4UTg4/dVtTd561pZHlgPdCgtzZCHycpcm5dGOdzfCGzVVdWymSN3lPIRqemkacuG5UyngbDwAER08DB5uUUYiZPPLOsh2yQieJHBu4jZQ5KubSRDtnhQgyse/MrtinpYAdu3hFpNdMeWHG6gzT1EmznbLrYiMeVFMQwCrAc5SIzA4j7p4jzgkIwiHOEQNAUB2tgBGR2XRGfRGwEsBQm3HYwReqc2MNOU7xPZcMvoEOGHlRHnT3TCWjfUEGaU5GN0LUT3UwKdqJRl5xhBLzwuAEjlLT7qYBc8jUsBJc1D1USEymdSSyFzIRRg2VKxRHZKWrtlM15JGEtJV7cAu1hCRjlBJO6ceFHPJ+6JIVKbl2dLiTklcSSQEGJJ6ShBy4/wCkoaSZgg08obiSE9MyEElkiBkHOU3V7IrgCCUPGMqowy8Brjk4RlFbvwrPpvpe+dWXKO02C3S1lVL9MbO6+o/hb/ZGp6EsuvxFka/Oki3xHIPOdbv07LdTonac/X+Y0vjoZtlz+vZ4D8P/AIP9bfEetFNY7Y5sLceJUy+WJgOcb/kf0X1z8K/7O3SHw5bHc66I3O74BMk7fJGRngHnn9l6jQ0lus1DHbrXbqWjgiGGsp4tDf0XJZS/bPC61GjjTyfOfJ/Ueq8j9ie2H6X/ANx73N3wQPzUVzydiuOcSU3OFvUVg4OMiJJIJPCfgADIwPVCdLGzZzt/RPhpauuYNZxE3huERBrqhxc+OkZ4rgpFHa3vj8a5bvdu1g4aplJDS0UekDS4d/VdfM6Y4A2RJZAcx0bGRt0M2HoiH0yhNHc/5qDcLrBTP8NuXn2VldkuerbTM8SRwwN8eqy12vtRWlzY3FrTslW1ctW/U7IA4CrpA0HOQjGxRFewO3dz6oUsYbjClOgmmI8Nqm09p1DNQ3lQcuD5aSSSXYPaCSSSUDEkkkoQYkkkgIMSTUkBBDlMTxyhuOGlZ7S12DrZxEM7YwsPVSePVySds4WkvlUGU5AO6yzDngLhaux7tqOlpI4WR44KbAxz5E4cFSqGDI16dgdllXPRqlLARlOGt45UecanBjRuFPcQ0cKLTQl9XqO4ym7RaWWyTJhlO2M8kcKM4+6LOdT8Z2CGeFGAkBf9RTU5/wBRTVBrEkkkoEJJJJQgQcph3TxyhnhLmWhPXWAByYwHO6MOVSWSnyFZ9H5FRXkk4Uvhu/oVFefOjawKzyGp3AdlKByo8Qw1GHBQ9AS+4a4gclRanAxhPmJ1cqPITkKeg4oZg6sokfIXABhOZ9QUQ8M76VCl4Up30qFJ9SXaUDkOHKVTDuokoJGyl0hDYBnlKSyMGyEmRKQ6QNsrkh85K7lEy0OjYXnZa/p+Fzo2Bo7grL0bQ5wHcrc2CEMg1Eb4Wa1nofEVZmpFudwg6jJM1uN0YnS3POEGmBkrMgLJLs9jBYJ7GhowF0jA1O7pzMBw912oOwbx3RGqOSRRMLYnPI2KjzSbu+6mRECjIPOFXySbjZRjm8dj6YHO6mAbKNAPLnCmbYCz2cDauy7sceAHEdk64S6XFvIG6Na26aXOOyr6+QGQgb5CyvmWTs/hWkUte3U7OOVXyN4POFYVTi6U54HZQZPNKxjRk5CP0Y7OWa/p2Lwrf42ORwrO0MMlS5x/qGFGt0fh23GMbKzssJc3ON8rNJnY0y4SLiiBNbIe2lVF8mBm47q8oBp8SYjgELJXer/nv+6GvsbrJ7IYMR1LPJNcPCe7LW9lXaSjVr3yVskjzqOo4TW4ONuF0KzxGpszay9om+FSF/oqmmLqi4P24O6s2HFDzjZV9qb/AL9I7sUFjwSLbnFItpnYIa3bAVj02x0twbvwQqup8oyrzo9viVYkIXI1/wCJ63QxzJI2BBD3M/pWc6nkzG/P4WlaZ5GCVkepXeSTB/CV5xvB6OccVsD8MoC988xH1OK3mdMgACzfwxhDLVO7SC4uO/5rUhvnGyy3TxybdJXsqRNp9mhTQQGEk9lDjGA0YRah+ile7PCxZ3M35aRh5Q2S9vDhqw4/5pvUkhZTxtacBdowZbnJIRySo3U8vmjYDwCV0NMjn6mzEGZ2TIA3wVe2ZoEDcnhUL3fzWjnKvaGNzY2jHZb10cml7pphLtKBBvsg9Ox66vVjhCvZJAh9sqf0xD+LHASr3iDNVX3XGrpxghWzfpCpqfd4VpjyhcG2eT0enWFyMq3ho57LCXGR1TcWQ4By7/Va65v0gEHlZS3Rmq6ghjxnzJLWUBe2sJHp1tp/AoooDyGhXVogBq2k4VbG3Aa30GFcWaImoaVh1MftyPSwaSQAAALsLMHVhNHOCpDWj6lxpS9sYuh45RxwggHKMOFnk8sNj0kklY0ekkkoQSSSShBJJJKEGJJJKEEkkkoQYkdkkjsoQY9xdsNlRSRsn6hY5wy6CAOHs8uc3V7HACuzIGgk9lQ9P/73LX3N/wDxahzWH2b5cD82lMrIW3CIDjsuJiYQKjUzdTQ8jcoQ5RozgYAUDFKcYQSSeUaXsgKFDUkklARJw4TU4cK12UzzH+0JN4fQWkcy1kTMfmf+i2lmhEFppIB+GFo/ZYD+0NJqsVnov/ki4Db1wP8A1Xo7G6QBwBwFoXRlrluskOwfVQS0uu9Nk8Me7/5f1U1xGMEqKzzXtmBkMpHH/wCqagZqjHdksHnH5qNG4mfB4RzwgRf3zvbKotCqRiJ2E9v0j7IdRvE4epRG/SPsoQ6kkujlQhS3F2u9UsX+ElWPc+6q6w//AFwMB5ERKsGPA5WiCyFkMfKCfRY2yEvfcJj+KrfhauqlDaaV520scf2WT6a2oJH4/vJnPz+a0wWBbWeCzds0nsAs907u2tf/AFVLsLQznFHM7uB/os900M0Lnf1SPOf/ABFb6I5mZ7ET6w4iJDsbHdZanAAc7G7nEk+q0NxdpgeSdsELOUxBYfuV6TRQ9nK1T+7BJHIWA+KMzHVUEPJIBC3wIyvNPiW4/wAZji50xr0WgjusPH/UktuiZj53YaAO4UWHaojP+II8+D+QUSnP+8R75w8L0NkMI+bRlmSPebSS230zRx4YUppJJCiWsj5Gm/8ApYUtnJK5ty5Pp+i4oiNz/Nag18h+XkJOBpKew5qXe2yDdxpon78oqkHc0oNg7UAKFo45TK7y07yERmGU8TWDA0hR6t2KZ5K6mmXJ5HVTxW2eG9Xu8bqSRzuwQbaP99j+4Sv8gkv07hxqwjWZuqsb7L0+i4ifBPLy36mx/wBzZt1YGVybYbIgAA4QZ+QuxHo85Jcmw6fwy0yP/wACqrbme5yHTwrWib4Fgkfj8CidORjz1JbzsopZFSWSLd3aaoO9sLF/EioxZ9PGW4WtrHukq5NRzg4WF+J8mm1xNzjLgVk1f+2x2hjvvjE8wjOMey1tsl8WBhO2yx7dznhaKzVGcRcYXBgz0+oh9pYVEeJNQQpImzRlh55CnTNyMAKJpwSmmCLw8lDM1zJC1w3GycdlMuMG4kA+6hpUujdCWURZ26hjHZRY/K/Cnyt2UKZhadQbt90prng1QfBMjd5Vws8ucoVLJjYqXjZE0minwyMWjfKDGSH7IzgoztQOT6pTWBkJ7GW0MgLcbZPuiu8wwq+mJyMnZWMb2kAYVHYosUo5ZDqIQ5pOOAql4MTzgLRyxAt4VTWUuTkBBIG+rcsoitcHBCcSOF1owcZTn48PWBuhbyYMYZwOJ2Kd+FMBzhPG4wkWI2VMtumLi6gvELg7SHnBK9mt074LjTzx7FzmrwWIkHI5HBXsXTVw/ilmhlD81EGA499u6S+D3v01rG06ccrk95aS8Rv9WA/sjSDxGABUPSV1/idpYXuy+IaHFX+jUxAfUNI/krTZlrrTEOeHtBGMLJ1dKGRvcDs1ehXSlBYQRkhY2tiDZJGY8p7KZOdr6vvyjORlzPpW4sVSZqBscrsnGyyckAYcYVv0/M5lT4YPlxxnhAI0s3GeDQSNdnBamOZqa4EdlPfHtkt5QAwHt6ooPDOpOG6J5H1tbmvEuIwSN8rAWvDJ3A9tl691dQSB8m2dQOF4/MySirnxPG+SunRZtPl3ntJstcyRXACcuHGOUHG+UWtGaHxRuShM80TH+q7NEtyPmHk6cXs9B+G10ha40Lsh4Or7hetytFVTuiIzqb/ovnbp+vfbrlFOx2PMAfsvf7HWuqKaKR45A/RbUeH8jS6rNyOfD+vjjmqrTK3RKxxI9wtoI9zusBUPFn6rhnjGlk/leccZXojcljSBnIyjwcjVL7k17RH0qPLEDwFPc33QHsyOVBCeeysliH9P7qvrKbU3OMK5fER2UaWPPZUx6eDJV9v1gsxjPusXXUzqWpfE8bhy9MrabJyBx7rLdRWkzx/NMG7diB3SZLJtote5I826ht7S35gDthZGZmkkhelywMnYY3tBHBWKv1uFLKSxp0kpDien0t6S2soTthTKSXbB7KJICCmRynVxhLxyb5YkizeQd1En5CJG8lu6HMDlDJARWGCQ3gEbhETDuktD0CieWyYCtacamgqswAS5SqOpAOk+6pPINkdyLRnKKPrQY3A7hEO6dgxWIOBsMpsmQQQuw8BEIB5CVZDeVXZKqW6Ia21rqOdsh47r0Kz35s0bWk6vdeaub5TujWm5VFDPlr/Lnglc67T8n0f6e87HCjJ8nsLZGyDIOxQ5GjGeVnLXf/mQADsFeRVWtu/BXNu059No1ML4bosBUwiXyuGxGFmbzYCwOqKY57kLXPa1yjTMyMEZWKVWBs4qRhbVcpqOcNycZwQtlTVragDccKhvFkAcaumbgjctUWguYpnBsjXEe3ZDgKmbr7NTPGDwVCmbq5GFLgmZLEHB3KDUN4IVr7TXuU0VNZTDSXAKneCDgjC0kjQ4YPCqayldkysb9wmp+zBfBLojROIO5UtjgVXu5Ron7tB90cJZMMuR1yom1cepow9o2wqeMNuNLPbqgDW0HQTzstDG7cKsu1tkZILhR/hOXNHotlUkjkaqn7sorbLUy0jv4bUjzM+k+oV29mAFSzh9fE2spWfzYDl3rhW1LUiema/GSBgrZXM58k0Dqmfynb8qgrYSH50rSFusFpCgVtLiFxwMrVCRg1dW+LM85pAOygvB3yrUs2OyiPbgnblPT4PJ6ynDyVkjMEnhdhkOeEadmDso7XBrsAKovDObJFjAdTSnsLidPZRYJdOFMa8bHCf+SEPhnYnyUNQysh20Hf7L1bp26x3SkilaRq0jK8rk88LowOVbdLXV9tqG00jvITtvwsd1OeUek+nfKPSajZJ/a+z2GE5G3ClsYHDdVVDUtnp2vac7KxifjA4WCcP0fadLqIWQUosOwYcApekOaAorW91IhyszWDr1vKAywuBy1qUUjmkZHCsWtY5u7VHmh/pb+agbjgfEQ/lJ7ON0OPyeyltGcEKFojNYdQUhrwWjZd7fSmeESScqBZyFaBjGEJ8WBsE9nKLgOCgLIBiGcEYUSppwWq2ljBUdzfUKC51qaMvXU2jLiMBZe5WxkjjPTkZ7gd16TV22CtiMT/LkYyvPblQ1dhrXROJkgdwR6K8nF1un2reyFTzywDw5c/dTmuEozhQzIJCXaRhGhfI04ZjAT4HKwcqKZsrCx7fsqaeKSlk0FuR2K0RcHgZ5UOsp/Hbpwmme2GSnL9QwVCnaQeEabxIZCC36ThdcGytGdirUsnLvq3rBVVdM2eMjG6ztTR+GVrZIiyQtxsq+spGSHU1uCVpgt54ry2n+P70ZkxkHCUeWyAqzmpNxho2USSAtPG6uUMdHnN27snUVRqIY7upjoweFTNd4ZBHZXVIRJG1wPZSMciJ5j0RKiAjgJtJc622TNkpJnsIOdnYU+aHIIxnZVs9M70SraR2k1c9NNTreGj1ro/r6muzW0Na7RM0bFx5Wycxj2hzTsV80h8kEgkY9zCOCCt90f8QZKORlFcZHPjO2XHhYZ1N9H1T6e+rYXNU6zh/s9TLR2KA5vuiW+upLpH4lLKHYGSM7oskeO3CXtPfRnCxZgyGWeyH4aklmOQm6PZVgLCIxjGCo74Qc4GFYFm3CEW4KtPADqUiguNv1DIYCFj7pZHRzmWmBaXb47ZXpb4muBGM5VdW2xkjCC3GdwU1W4OLrvExlmyBjbV1VUW8Ckr4nFgOA7laGaG33yl10zml2M4VNdbG159D645VAyqrrHPmJzgM52OxWmu/k8vqNPKt/eibcenqmmc5zW5H2UeiqXhvhPOdJ4PZa61Xyiu9O3xnNbLjDge6gXXpXxXOqaF4BO+AtkdQc2yh9xK3WSNlIhnkYNLX4VT4s9JIYZwQWnByEdszZMFp/Jba7cmJxafJtbRf2hjYazgbBw3VvLBSV8WAI3tP6hedRVLgMZ5V1bL4+jc0PyW+q0xuBcE+ywqrZPbnieAlzM7j0RWSMnHhvGQR3VpRXOmrxp1DfkFMullPhipoxhw3LQtMbUxE6P+Uz9Vb56V/jUrsjnAOCplr6hfI8UtWzB48ydFUFjxFUnTn1XLhao6iLxYDh43BHdNTyKlVOK3QLCSnimzJA8fZRZYTjBVPSVtZbJw2pyWHZXcNXT1Q1RvGSjygYy3rEivlp8HUB+6E9nAkb/K/EFbSxNHblRnUzidhyo4pklSmYe+9FGeZ1daZBHLnOnjKoqe91tBMaWvaQ5hwQ4L05/wDKx5dlV3bp+2XsapYwyYjGoBIcWuTm6jTKXaKWmqYaqMSR4OQpOot3BxhZm5WS8dLv8VjzJTk7Obnb7qys1/pa4iCchsmO52KXnLOLfRKt5iiyc9s7SySNp+6ra60viZ40WCw9h2Vw+Bjt42kJjS9nlJ27gqSgmZ1dKLwZfScqRS3GWheM5cw8jKtq63Rzt8SFobIPTuqqanw0xzM0n1KzTg2OjJT7J8kdqvDMSxtDj3xgqkuHS08GZKV2tnp3TxTSR+aF+47ZVlSXrwwIqppHbUk7R8XKnoxsuuF2h7SHDkFca72W7qrdbLqwksZqP4hys7X9M1FKS+A62eiji0OjqIv8iqbnfCPFWVNM4Oikc32ygkOiJD2kfdd+pAsh4jYaC39THZlQPzV7T11NVAGN7crBNRIppoXa4pC0hNUv2ZrdOpfib4sJ4SML/TKzVF1NLCWtqBqHqtHR3ihrGjTIGu/xFEsMw20WV+jpjPcIbmjBBHKsNDXDLd8phow/kfZScEZ1Np8lRPb6acHyAZ9lV1NgZu6IA/ktPJSPj5GyEYnAHbCU68mmu+UOjDVdonYdm7BV7qcxHBavQJIQ44LdioVVaaZ4OWYJ9kmypM30a7H5sxXjSwHLHYPupEF2OQJyresskG5a1UtTb8EgDcLO9Pk61HknH8ZFlFcYHfiyUYzg4ws8KaeI+VhH5ooqZYsCTceyVPTs7FHlEvzL1ha/hwRfDwPuqWG4xepBUgV0pAcyUEH9VmlU+jpVa6qzpk50elc0FCbUyjBkGfyRPnYNmk6Sk/FJGqF8Z9D9I9Fzw2+iQljIy12V047kKsNDOGBkib2QhSk5xupYISJwMofkaCVUZdkL5aUf8PZN0Hu3Cn+NvjC4XNPbCONz9i56aC6IOknYhIsaPRSCxpOE19MMZjO6L5s9iXSkCaXDgp3iVDN4ik2nqxncYThqZgkJkbED8a/Q+KrqW/Vg+ykC4tcNMlJCR9lDdKBjLUmPB3R/JJ9A/FF8YLATW543p2tzzpTHUlqfv4j4yf6So22MYCcSD3/ZTfZ+wXpqZflFBHWmjcP92rPN6PTJLLUYHhyRuz6FNPIwiMlc0YDjkd0ausQmXj9LLuOCLJaLmziIEeoUaWmrYvqgOO+yuW1dU0/3mR6KRHdJmABwaR7hEtRYuwX4rSS6bRm9ThkOYQUIvyTstiytpJB/vFvhd76d1IFN0tVxgztMR7jCZ/JfsTLxEZcQl/3MNqHqElvoun+ipf8A4otcUP8A2CtU7i6nujdJ4Duyv+XD2xT8Fc/xkjDbHZd+X9Xcrbu+G7T/AHVwgOfugu+Glz38O4UmOwLlP5df7C/4Fqo9LJjHRBuNxv7pNi1dwFr/AP2aXwZxXUhH3b/0UeX4d9Ss/u4Gzf8A0s5U/l1r2C/EaqL/ANtmaEAPJwuCEHOSFo29BdW5w2zzn7NT2fDbrOU5js05/wDCglrKsdj14fUv/wCmzNNp9XfARG0Yd+ID81qofhb1o46X2iVnuQrKn+DnVxw6SJjM+qzy11a9mivwGos6rZhDRADlC+WPfZeoU/wZvUhHzcsTB7lWcHwTpGYNVdZAfQDj90l+Sh+zZD6U1M+44PHW0xJ3RWQsOF7ND8KemYXDxqud5Hvspf8AsR0bSAamh2Nt90L8lH0b6fo+Xc2keJNp2DfY/miCma9wwvaxbOhYMtNFC4+7U3HRsX9zbYf/ACJL8l/Y0r6SrXc0eNCgPAYTn2UmOy1sm7ID7L11tVYo94bVT/fQk68RRjLLVDjtpZuhl5OXo0V/Temh3P8A7HlcHS92ccto3YUuLpa8drbPn/lXoj73MN2Wef20s2TRe7w7aK21JHu1JfkLWboeC0cFnLZiIej77+G3SfmFMi6Mvjx5qcsWrNz6kccw0kjf+YIra3qp40mKMfdiX/Nt/YyHitL6jIyreh7ySMgBSIfh5WvI8dwH5LSCTqg74hH3YiMl6oO2YB76EMtXa/Zqh4zT+oNlLH8OZcZJyp1P8PoGNBOkE8qwa7qp3M8Y+wSLepCMGoaPslyvtl2zbXo6a/8A6I2PoWnaOGn8kUdG0kZGpo/IIHynUbnf9veM/wCJE/hl7cMuvTftqQ/LZ+zRGqK/GokxdK29vb9lKbYrawbxtHuVWCyXOU+a7O/JyMOnXY890qnHuNeyv5ZexyjJdVonC32WL6pYM+mUySpslOz/ALRCAPsoR6bpXEa5XO+5KKzp22AeaJx+5KjtkHtta+1JEGt6r6fojpdVMyeAFXP6tttW7RR0080h4DWq/PTdjzqdQwnHchSqalsVEdUFPExw7hqU7WxD0183980v8GYE9+mwKeyStz3e1SIrJ1JUYdJDFED7rTSXqlZsHZQpOo4GDLQ7ZXF5Gw0lS/OTZTs6EuVQdc9eGg8hrlPg6Bo42jx3vf66jlJ3VTslrGEnsAg/x2/1ORS0E+D3wpNDfj0seotltTdM2iEBrqVjseynsoLbT40RMYe2yzHhdYVh8lO9gPqOEdvTHVs+DLUNaPTO6XgZBp/7VeDSh9FDvI5jQgz3e1R7mvh+2pQ6boGSVgNwukpceQHFTIeg7BTPHiuMpHOs7IHh9GpS1HtYIj+pLSDhs4d9kM36aUltDRTSDsQOVfR2rpyjGltJRH7p4rqEHw4YmtDdhpbgKJ5LxY+5Gfjl6jqj/Kt2gesiL/CeoakaXzwxA86Xbq9FVO84hacFOEMz+Gko0slqrH5MpGdKFwBqbnO49wHbKS3py3RYyxzz7lWTvBhGqeYR49Sok3UNlpdpblAMf4sq8F4oq5mwsdvomNDRSswOCWhHbFEG6WNaAOMBZWv+JlhpJHMpw+XH4gNis/X/ABZmc0toqVo35LVBU/I6Sr8WeiyR75IQJp44PrcAF5HXfEK/Vp2m8If4e6pau+3iq+qul353UMtnmY9QR7FW9R2ulHnqBnCoarr60xEiN5cQvMPGqZTmaYv/ADXC3Pb9lDFb5W2X48G2qviF4jnNjhcAOCCqefq26VDyI3kA8bqhZJE0+Ypj6yliOdahgs8lOX5yLSWS5VR8SWRzs/4kzwgz/tJwP1VNU3lzcNp3nZQKi4VcuAZNlaMV3kU+mab5y2U7stcCVDqOpdLiKaPGO6zxcXbkrrnNA5TXDJinrZy6J1ZfKyfmQ7+6gGR7zl7iT7lCOSUnAnhDsMstTOXY/WuF4TdB9P3S0lHhCnNy5Yi854S1n0TtAS0BUogOTGMeXImkpoGO6dkDbKcoi3JnElzISyFSghbmmdTkMzNCYZh6JqiDKaiHLgOSEB9QBtgfqo8s7s4QJCXbeqvYLlcSZKs9sIPjukKG1hzwjsjxvhFGOBLtY1OjbqKUj2RNy53Kg1F2jhOI3gFFgB6iC5ky1w2LdxUerulPCwBjsu+6oKi5VM5wH4BTY6Z7vO45JV4yZ56zc8QJFZX1tS0xw8HvlAjppiQZRj81JjbowMo7sYBO6F1tmey5y/JkeOma3cBHDwBjCZlPa4A5RQqyKd6idJkd9LsZTRATgu3TxI0LomH/AMoTlVgVLUrIhEG9k7AzlD8QFLxB6pqrK/kx9hQ1vAC6ThC8c+iXjn0VfGH/ACYDtXsk5CM/sl43+FU4YKWoh+w3ieyZqyff7oXieyHryr2FS1EX0STpx9Q/VDJO4zsg5PqnKfGA7xHfldGy4kgdeBTuOiXHZIy57Ia6rcAHa/Rw7lcyVwDCerjDAMpuQ3JXMlJJHhA5Y9JJJJksBHELxD6IpICCH7nZUiHUkklAxJJLj/pKhAaYuuOChkgclWyDyduUIAruDM4AA/kvb/hd/ZO6/wCufDul5aLHaj5vFqSQ5zTwQ3um10TseEjNqdZp9FD5NRJRR4rBBPVTNp6eCSSR3Aa3K+hvhZ/ZI6hv+i6daS/wyjIDhAQfHcN8HGfLx7r6T+HXwd6B+FsLJ7RaG1Fybsa+ow6QemkdlrTU+IcNHC6dOiUeZHifJfVVlv8Ap6RbV+/f/T9FR0h0R0n8PaEUfS9sjpMDDpRgyyf8zuSrWScyZ2XHHOTnhRXTZ2AXQhBQWEeRtcrp/JZJt/3COdnOSoxdzsk8nkpv2T4xzyxYiQOUyJstTL4cbTt3wrCjtpqWh8zdI5U2V9NSRfyyC7gYG6IqTwAitVNTjxpWhz8bkpfNtJLIQNtsBBL6qp/vCWD2T2RsiaAAoUccyR7tcg590988MDQDvhDnnzsBsFU1tbHH5pDjCPAKWQ1fXSPOInYCqamUAguxkqLWXV0jg2m7IVPBU1DtUxIyoOjEa6pkme6OnBw3YlS6a2ueQ+flTKWmjhaBoGR3UpGWBipmwjy90ZPOwydgoctxj8R0MDS944HqoQ+S0kkl2D3AkkklAxJJJKEGJJJICAkkl32SZy2kOeyFUOA+yK7AGPVVtdIMeGDuVjts/YcI7mZ691Di57VXxHygkI1wl11BHOENvAXEn99jydWtbY4Q6JokeGnZWrIwGAAYwFFt8GR4zxtwFYHhFGOBcpkKrd4bMhdpWAQF5G5OyDUkOlEfKkucYqcNAR4CTwRpCS85TVwuyc4XUtrAQkkklQ0CkkkoQSemJ6hApIxyow3f+aJk+qSAh1oAGyKOUM8J8eS7KnQMngdIMt22UMZMuBucqZVO0Q7HdRKRp8XJKuUsgxXsnNGBhI8Lq4eEsoBMoz+VJmO6jO5RegzqKhIqsYwJ4Uct35Ug8IHJWe0tLKGuAJGUUktY3CFnJCK4eUBXEkk2cBympybjO2VUgoonWwaqlo7L0G2R6acYCxNipy+pBwt/RNDYAMcLNYex8NViG5ile2NvmKdbcGoJPoo1eMuDhsplri8OJ02Mlw/RZ2ekr/LBJbl0objkoz8OqNOeEODc6j2Shbrq9R4VN4RurSySpCWR6eNlA/EplcdMmjCixgE7pbeQ5xzgkwgacI8IMkgYhtGhv35UikHnGNyUmx5GVR5RpIW+FQZbgHCppCXZLjuriscIra098KjnOQMHlIXZ1buMIr6jHjcqFH5q9oHGQVJm/vHHPCZZoTPc9J9QqsltRlT+9I3IcIoGMDdiwZVpYnZZu3uq2WPGn0AwArq0Q6ackDlZJM79cdqRahjY7fK4Dc5K82v0hLn/AHXoN7nfBZtTDgnK8wu1U4Nec5LgiqWWYvJW4hgz8ml0rj6rrQcDCjNPm3dnlWFO3Lmj1XSguDxre6bkTZn+HRe+EKytGHvPOeVyvGKbA7olnYQxwSrTXpYqVq/sOrnkOwtP0S3z7+ix9ZKfGPdbnoWMGlfKW7kcrj+QliB63xsd1yNFU5DHEehWO6iy6nc47ZyFsat4bFusX1S/RAxoHJXmrHwejuX2M1vQMAgtGMcszlXUZy9RemaUwWJjh5S5oRYSQ5ZbTo0rbBRLRgy0IF3kMVukKkQ5wMhQOpJdNvIA5ys67HSajEzFnGqUykc57qo6kcXVZBPDVeWpmKcu/RZi5vdJWSOec7kLoUPByNY1t4K1hPzTG++FrIYw1jcDsstQNdNWgafpOfyWsYQMYK3KRgpWFkqLzKDUAeyuemG4icSs1dHH59wytZYY9NLkbLNqH9uDbolvtyX9M0EhWE2zBvuq+jac5U2Q/wA44PZca1YPQwXoqLvKA0eYbZVR0ZCKnqLWd9PCNfHkeL5j7KT8NKYOkqqhw8w2afRZrHhCZvNyiegMwH/mVe2UfzwSNsKli2wVf2ZuTkc4K5+pm9jN2OS5b9aMzshAEHJCKOFxLG0FJYCjGBsnobURKRB6SSSYNEkkkoQSSSShB6SYkoQemJ6YoQSSSShBiR2SXC4BQhCuVUykoqiqlOlsUZdlRbJG6mtNLG4AOewykemol3+qi9Yyh1tZQ6dXz88dIW/1ayArSNpDQHOyQAOMJ8CmdT0xPVljWfUFLb9IUVjTkHClD6FAjpxjlAPKRJzyuKEGpJJKAjF3suJw4VrspnkPx7l8a6dIW7G01xBP/mjH/VeonheUfGNxn+IXQ9FjIdU+If1avViQRstK6MNPNkwJJzhBpDm+yN/posf/AFQRjucIFCSb1KQOIAxKmbk8E8cqOwnx5CpHfZR4P+If8ZURGPm7DsiDhCmI2KICMKEOpqcmqEZRVW/U7h/TSh3/ANUp5O6gygHqmqz2po//AN5TfRaKwiLeZjBaamb0jd/kqLppubNTv/qBP7qy6vk8Lpqsf/gIUHpweFZaRpG/hgrZDsEmVoxb6nB4jJ/ZUHTZP8NaSQRklXVylxQVm3FO/wDyVF020myQnuV09PHMjLbLAW8SaaN+OcKggb5G4+6uL0cUkm/KqITgD7L0ekjwcrVP7woJyPuvNPiO4PvvIOIxlelN+ofdeVdauLr7UZOcHC7/AI3/AHDxX1RLGlx+2ZibONKh05P8Qjjxy4KZKdwfcKFTn/3vEBzqC9DYso+dR+2aPebTn5Cnz2jAUuLkfdRLTvQwf/SwpTOFz5rk+m6Z/wClH/8Af0NpnfzpSeNRQLyf9zcUVuzXH3Ue8FvycbSM5eEUVjoDUzarZ1p0wRZH4QoN1l/93zEbEAqW0ksaCQcDAVdfMNt8pJ20ldPTPazyGsl/oTf9jwqsmMt1nJ51FWvT7c1g9lRSAi5zvzsXHC0XTAHzZyvTaRcZPhWvlvc5muwAOVHn5H3CLP8AUEOUjAXWiuDgM2Dzo6bdt9TMBDsDAy1ulI+kbo9ZpHS8DfxEhDgApunpXkYKEWuTOTPElQ94OxcVhPio8igiaPVbZmx1HdYP4oy6qaNpCy6v/bZp8d/+JR55Fscq0tchZMCO6qWevqpdM7S8Lz1Z6qxbk0bOFwmj1qNKwsPHK5bJ9MejklSJsEZwtBy5L43hkGoYHxEEZVTg+ivNnZaRyq2qiDHkAJViyNqlggy9io1Q0YClv7qK7PKWo5NcJMjxgteDwrHI0bFQHtOQQjxSAYB7Kf2YUx7wAcYwo7x6BTHjYEdlGkGQlyRUZZ7GRy+G4YU+F2QDyqsswThTaSVgAiccH1VHR0921pMntOQgzwh4wpDWZ4XHs90DXB2MZRQ1UBjlw0YwhhpIwSrWqhDhqxnZVcjCHeiS2YbKdryNxhOxump2cIXz2DD7WdzgErafDe8eFWuo5n4bIMYKxL36BxlHtVeKGuiqGuIw4ZWez0dvxurlpNRGS9n090FXR01wfaZj5J9wvQ2AtdgDYHbdeL2ivDJLfeqd3lOk/wDUL2iCUVFNFUaceI0FB2j7R42/dWkRrmwPmIA2wsXcof5z/ut9PGHRl5GSFj71TvY5z8bFA3g2amvdBtmYq4scBCo3ywztla7GP3U2oGQobm744QTZx3Hbhm9pJxUUzHHBOldMYCrel6kyNdTnfACujGNWPdSEsnYrW+KkZDrGnBpmSAbnIXh1/gxcXPx6r6QvtuFXQPYWgnBIPuvDeqqACN4EeJInHP2XRpZ436i0u5OSM+B4lD4ZUaABrfDPLeybRT5c6I/cJjJfCuBJOxXY0s8HyHzFGXvJIJa7HBXsPw7vnzVvZTySZfGNJXj8zdwRwtZ8P7mKepfFjPB3+66tc8HitfT8tbkewdRUfz9sM8GPGiGrP2Wo6SuQu1igne7MrB4b/XIVFanCpidG7hwxhM6Qqv4Xe6mySHSxxL2/mmuWTys05m20+6G5udiphj9kJ7duFRkksPBXvZlRZIcduVYPG/GEF8YPdQNPD5KmogJHCqpqXlpAIPZaOWIH8OfzUGam3+lAPrs28nlN2ozbrlJC5vkeS5iz9+oRUQFwb2XpnV1n+aovmImfzITnb0WFc1ssJjcN/RJkjtaW/hM8zqISxxYRuFCOxzhafqC3Gml8QDIdss9UR6RsOVmksM9Hp574rI+mlLiAdsKQ8AjIVVHIWP2GysI5QWKhzjgEeUw8IhHdDyEBYJ2+QmxlwfsioekeiXnawksotoHlzRlTGs25VRRVB1Bhdt2VrGcNz6p0ZJmW2OGHh4CchQo53ViRbHuo8gdGNbBv90bSRyU5pHdLnBSBVk6pqUGCt15qaGqa57iGr0C03qGpiadQJPuvO6ym8TdjRspNsuL6QBridisN9H6PZ+E+obapKNrPVWT6mg85T3jV2WUs1/a9wY5+WnsStGyoGM42K5dtOD6ppPIR1UFKI50TcHO4Wavdp0k1NM3c7uaFqgdWeyiVMPiNIB2KxzgbnPdEzNsrnsb4Uj8jsrxr2vaDqCqLlaTCPmKUfTuQEOjryAGuygwVG9x7LWU6dggYacp8crZm5QyzAKIbKe9FbXUwYfEjGxO4UVh0lW0jMg5VZUwuadQG2VOuTFYv0HiIPdGO7S0u2OxUCGXSQCpcbtWCnVvJksgpIrKumfQyCamZjO5A4cPQoVFI2ObU36JD9P8ASfRaCSKOeIxub9vZZyohfTTubuBnZbang5eor+NZRZz+VwwOQh1LPGjLB3XaTVUwHUcubwU6MtwWuW6DRgsjuRn6mF0Li0sVZUsONlqbhT6gXFoKzdS0iRwP2WlM895Cjbkrn47qJJERuAps8eDkBAcMhMXJ5iUJQliQNjiHBT4icZVa/wAjwVJhl4yTsmJ44F2RyuCwZyCnSDz627FCbnGUU7qpwyKg9rPROiry2embBI8amjByVs4XgnIXiNqqH0VWyoY47EZGdiF67Y6+KugEsZ3A3Cw2wwfWPpXyitr+Kb59GgjPlyiwP3xhR4yD+aJpxgrnWRwz6Lp7HLgsmbjPqn6c8oFFK3Oh3plTGszx3QI6MVlckOSI5BaESE4ABR9II3QdGlxKrBMMKWA4SGD2XWnHZdLCeFMF4BnZO+pLn8k3GPdQpDyMoZi1DCK3zZC6AQrZcokTwy3gbKHcrXTXOndBMBn8J7gq1ezIUbwXA8qjPZUrFiR5deLTVWid0bmFzOWn2USiropX+GRpK9SuNthuMBhlAzjY+i8q6r6budlmNRScNOSMchFv2s4Wt0koLdBFgMsz3HKa52oYxwq+13SOpja17sOx39VOzpzstMJ7kcd88MhVdKJTqxvhVMzXQvAIV+ZQdnDZQq+BshJ0jdEZb6srKK1wa8F2d1CmaW52ypBaYnAcrjmtlbp4ynVzOFq9PG2LjJFU5oe4jCBNRhwyjzh0E522UiFweMrYvuPm2rhLS2uElwUj4HMdjTsptv1xHGdipslI1/AQm07o3fSiUDNKzeiWIw9vso9TSgtyBhSacEAAoj27KThuQlPDMzW07o3bN/dRi0DvhaCsptQ2b2VHU0szH7twsk6v0bqbeUy66a6vruna1j/Fc+I4BBPAXs1j6otvUUQ+XkAlAy5hPP2Xzw4DHm7KbarnW2mqZVUkxaWHjPKySrPdeD+prdNNQuf2H0c5hTdOFj+jviJTXl4orgRHNwCdgStsGhx8pWWUdrPqWk11OtjvqeUR3NQXM9lYGPAzhBdGPRQ2p4IWn3TZIw8YypJjPZB0HJUxgGayipqreyR2MLPXOyhz3NdGDnsR/ktm6POFHmgY9uHMBUTwc7VaKGojtZ5TVW+rt8xfTl2kHIx2V/YuqWACmrwWkbavVXlxsgmBcwgH3WMvFklY3xoc5HIxumwtafJ5i7x8tPLalwbK4WCkujBURaS5wyCO6yFdbZrfMW4Ox/ZNsvVFfaQ2nqNT4wee4C3cbKC/UbaiPS9xbuO63Vag59uljbwuGefh5BDkaOpJIBCm3jp+pppXGAZZyqgZadLhgjst0bNxx7KpVycZIuaaulhx4T8LU2bqmRxEE7sjjzLBQyFmO6PHVEb8H1CfGbQCWD1Kqt9HdYdbY26scgLPuNdapDBM10kQPldyQPRVNq6nqrc8Bzy5notpRXG33qLw5Gs1kdxytVd2QHHJUTQ0lyh06hqVLLS1Nrk8QAli0Vw6ffTu8ejeR3whQVYkHgVTGuHG4WuMjNOleiFQ3aKr/lPOlw9e6sWsD/zVfcung8fNUB0Obvgd1Cgr6umkEc7X+6NzTBipx4kWlZS6Wh4bkd1DbCCNlPgqxK0E+YJstKXHxac7n8PuqxkGdW8rZZG7wVEQcw8hwyCsteehIK9xqbN/Km5w04C2rA0jwatgbJ3BUapoKqE+PRaiBucHGFXxezJZpsI85prtebHUCiu8bgwHAc8f6rT088FZEJIyDkdlZ1MdJeIjTXKnY5wyN275WRrunb1YHGa2yfMU+SQz8TUEs9HG1WkXaRfiNzTlu/smzxQVjBHK0Zx3Cq7R1NHI/wACtYY3jYhwxurtxim4bgncEIHDJy5Kyt4wZyrtdVSHXEPFZ7cqL4TKhu31dweQtU1/huw7ce6j1drpawGSE+FJztslusKF3/OZhtVUUDw0g4zyrikuccrAHOBzzlAqY3QEQ1cQcw7asKFJQ4/mUz8DkDOyW48DWlLlFxVUVFcI9EkLDn2wVn67pmrgJfQgyMG5aTwpNFcpYZRFUAtB2BKv4ZdbA/kEZ5S9iLjbKBgnQvZtIMH7Jugf1Le1NBQ1UZjfCMnus5cel6qIOkov5jOSM7hA6zTVqYy4ZTnB5SDtPfH2QpopYSPFGnUMhDBQ8o2RcZouKe+XCmYI2TOc3tk8K/tvU7HNEdQRkc+6xjXNI3Thlv4kSsEWaWEz0qC4U9WBoeD7ZUnwGygYK8yhqp6d2uKZzT91bUPV89O5rZwSPUI96wYbNFJfibGW2vJ1MCjy07m41NOyHQ9V0c4GXFpKtYK6mqCNJaSfVVhSMU4Trf3IpnUkcnlOyg1FgY/eLcrWS0EUw1sw13qFCmppod8ZA7hU6yoXSi+DG1VlqY84ZkDsq2Shxnxoce63hlaTiRmO2cJjqaKUY0M374SZRN1esf8AUecyUQydLeFEc18J8pXolRZ43Enw2j8lWy9OxzZBDRj2SnUjXVroJmObcKxmxkz6ZCmRXWncwCogAPqFY1HS72vOloxjYhQJbFVR8JU6F6OnV5FS6YSKekmdiGYg+jtlJMDgCWOLsehVBLR1ETiDE4Y7rkVVU0z9TJnAjsSkOg6FXkpF7407CG+GXBI1wYcSRke6rY79Wt2fpcPsjx3mnm8lVAAD3ASZaZ9o21+S/ZPE0Tm5Dxuml7X7BwUQfJPcfCnLQeyXysoHiQzZSpaeZqh5CEu2TMHYp7i7bdQNVXF5nNyPRdjrnBxEjTj7K1S0hy1Nb9ksPOcp5cDyFGFfAU4TwEAiQZQ455HKxMkfynDDm4TTHCBsULW3sUi/0KvBGx5Zulg+qF4jyfMQQu61MuAveExnulv6pviBLxGpieQPkQTUuh5HCb4gXfFb6fuoFkIJnHZNPm3cMoeQu6vdQJpSOg4KM2vrYMGnmLMKPkJviH0VNFxzHouaDq270b8vcyVo/C4LR0fxHpj/APPK1YZwXwjcLBak5rhgjPKTKH6Nen1l2nWEz2yz9adCSNDnSg//AE2LBB+y1lvulrqDqtM9BgjYteDn/ovmphaMjKYJJIzmOV7D6tOFnlRjnJ1tP9QWV8TimfU5kuLhj5ZoH+GRg/1XddUzzOiOR7/+q+Y6O/3+g/7LeKtvsJCtPa/jB1pRMEfzIkA2/mRY2++d1lnBpnTp89RP81g9vmuNWMNJxj/G7/qgOraqT/4iT9V5nT/HO9AYrbTSVB9cYP8Akrij+Odmw35yzOjePqaxoOEpps31+U0s+FLBsDLUO+qZ5+5QJaV0o8z3b+6q4fjD0DUlrp46qFxG48Lb/NWEXxB6BnAxcmMz/WcJLWDWtRp7P6kMdRMdkOccHYpjrJSSY1NyFOj6o6Hn+i+UoJ486eytss5zSXemlHo12VS4DUtK/aK3/Z+2YyacErgtFE07QDZXQML8eG9rs+nCb4cThs9o/NXhsaqaXykVjbbRDYQN/RdZbqeNxkaBkqf8vncfsmeA8H6SphjY1xXSAeGBw0BdDccBSPDdj6T+i4W4HCofGtdpEfHom4KNjfGCnANHZQLCI6aRhTEiDjgqFxyQ/MEtLjwMlGMe5w37LnhzN83g7fdQby0C8Ob/ALvZcEZPDN1IMkoGGxE/mhePVsOWQYUF5aYhSz48sYTfkq4nGrb7IgqbjwIiPyRBLce7ThQYnkG211RG5H5FNNlmdzLJ9g5SfEqQPM85Qg6oJ+shQnHsYOnwT5pJcHnzojemLad5ZZcd/MnDxu8pH5ogg8QYdLj/AMSBovFa9HG9OdOx4c58pI9XbIopbFDjTE049UMw0sfmkqQPuUM3Kyw7S19ICPzKtLAGYJ9pEtklgi3+VZkejVIjvlIwaYaMbcYVK/qjpmn2dXQOI/pCgz/ETpqlyfK/00hRrJb1NNXO9GrN9nA/lU7mj123QxX3KX+7aDlYOr+MVuiOmkt75Pu1VdR8XLu7eio4Ih7jJKtJozT8tRX3LP8Ag9Qkhu07fNsPbZDlpJIowJ6hoHJ34Xj1V8TeqKzy/NCL/k2VLU9Q3euaWVddK9pOcFyvgyWeepX4rJ7hLWdO0hxXXSAHnBduqau+JXTFA8w00T5w3uGgArxwyA8uJXNbDycodpks81KX4LB6ZW/GOOEf+6LYGyHbVIcj9MKmq/id1PUY01DIs/0DCxWG5BBTnzADA3U2syT8nfPtltV3+9VkviVFxlc3+nUoTpnSHL3E59SoZqQEOSs4I2U2sxWa5y/ORN3PZcVa6vl3Aco5rpzycoowyZnrYZLgyMby4ITqmBv41WmpeRgoZcM8pmwGWufos3XAD+6IUZ1wmOQVE1lLV7KfGIlq5yDGskPKYZsjBCEkpsFyucuxJJJK1HADlkSaGklOXRwUwjlgbgLqY5wyua2+qii2BkLkeiZr9k3x24QjMO26JRFO6KDpKOZwDuE01A9EaiLnfFcIk+J7IfiHG4Uf5gjhoQzOXDBCiQmVoc1BG2EMzk8hAJJOVwysHJRqIiV2Ow+srhfnYuCiurIRkZ3Ud1RISdKYo4ET1lce2WJGUx8kcf1EKudLVSHd2Ak2F7z53k5VqLZls10f6SRJc4IxgblRzdZJgRG7ZObSU+fM3JXfCgiP8tiJwM0tW5cMjAVMzsukO6TaGI4MoyVJEoaNmhDLvFPphEq8i53J85Htp6Rg3GD2S1MAw1u3ZMPukjjDAmd79HSd8paiuJJ3xpi3fJiXclcSU+NASscjuSkCT3TklahgFybEAcJml3qiiJ2eMIngj0R4JuZGTzuieGnmLG5CEEi6DnKfo9kTRhO0+6rBeAOj2S0eyJp913w/dRvBE8AdPulp90Ysx3XCMd1WC8sAkiEFcS5MmWMTUVMyhCGpJJIwhJiemKEHrh4XUktrKwGCcXb7bJrUYgcoB25VRjggkk0t91w77IgxxIHdND89kMtLjtlem/Dz+z18RPiK6KW1W5sFHLuKqc6WBOronY8IRfqqNLHffJJHmcrST5RleqfDT+zf198R2x1bKD+H2041VtX5Y8f4f6jtx9vVfVHw8/sw/Dn4cRQXjqepiutyaNmVDv5AI5w08nhekVHUgdD/AA+w2+PwWbatGMenA37rpVaBdyPHeQ+rM5ho1/1f/sYf4ef2e/hl8MYY6l1LHc7qxv8A2qVvkaf8LTn9fZb6ou75T4dG4FR47RVTtE1zkIzuGg8BElqbdbYzHTNGTgHHdb6qlWsJHi9RqbtTPfdJtnGMqn5dPwgyT0tMMd/uoc9zqKh+mN2AuRUYm/mzHjuU3CE5HyTSSn+WcBcjyzzP/MppqGtcYKWB0zv8IVtR2yfSH14bpduGeimETJBip5KqQNiYdJ7q1joaakiMkxGodlyWqjhcYaRpGkd1HLZ6h2SSrKOy1cpGmIYCGGOcQ53KL5Y9nDhMkqGN4AU7JjIQsDWHB4Crqmr0A6uAoVxvfh6mxu4255Kz1TcKiqGlzyAUxQyGoFnX3dxOIXbqnkdV1j8PzhGpqGWZ+23ckq3pqMR7gYRfiFjayBSW4uw57dwrOGLSAMIoY1m52AQ562nYAIxqd6BQgQsDRvsos1xhjf4TA57zxpGUIQ1le8uc4sb2HqptLSwwADTl3qVCEeOGtq3ASHw2hS46KKDGgDPrhSGjHHZdyFCHxwkkkuwe2UsiSTklAt41JJJQgxJJJJICThyU0brpPlJSbmGAqJtODwqWukx4k/oFYVsmNlS3N/8Auzvdcu+WTTp1llK8mWYvI5T2gkJQgHn0R6UB07YyOVhS5ydCTxHBZUkLmwta4dk+V2gbEI7sRtG3ZV9WcbgozNjLG08LXz6nDPdcqn5fpB4RqRp8AO4O+6hvOXk+6g+HIwcpyYnoZDRJJJICxiYnpihBJJJKEGoqSegLbyCHKkwjLQow5UqAZaMKCZdgK7JYAClTR4wfZMlDnzYduOykRHDR5UITWEFXHEAbrqFLg43UBATHzILe6JIcIYOFYbDpJJj+6jeAgb+EMLsvKCAcHdZpvLGYCD6tkR/0hCg3dujSDICKK4KlLANNzggpwOU1pOvTjdVLgOLzyaTptgdO1bYN0tAWc6XpoxE2Qt3K0bjhZbJZPoHjq9tEX+0R6gufKW9grKFrYqNp9QoLWiSUkjlT5SG0wjOxCzw7OvCOOQkTQIMjkp1Js/OOEwv0QAdyEShJLC8t77IbDXBDaqYOqHDHZNhAdI0FBnbqmLs8p8AIeMlAGTZ9oThS7W3VO3PsoVS7DfDPdWdhYXzgkeiRb+OTVpY7rUizur/5Hg5HCpKggADI4U+8P/3jSDsqaoJ23SoG26alMjyeZznZ7KZ0vE11yzjKrqmXw2fdaPo6ljELpy3LyeVLBdMd9qRoqhh2wFo7ZEPlhkYWefuRv3C09uy2BvKxTPQVrBX9WzeDaWxYwQTleY3Ut8IHI3W+66qhgwdydl5tdQ/whv6p1K5OD5S7loqBnWAFZ0YIkZn0KraYZnblW7AAQcLox6PK1vczlbISAzCk2/yxF2OchRKk4e3IUrUYaPW1Zr5YR1NEtsssr3nVO8kr0rodobb847LzHB1l/wDUV6n0W3Tb+Oy4GvszE9b4r8yyuYHht+6xvUwyYR/jH+a1lycXNaAO6ynUWXVtGwc6xlcBvKPR35UeD0e2N8OxQgDHlTKcebOFJgAba4wNhoGEGkGXYwkW9G+EcxRYRjS0BVPVbw2gx65Vq4E6RnCzvVsjnSRxg4BO6zw4YVizHBDpsx2vxBtpYsXX5Ic8fiK29aI6azAZ3kGAFiboNEbey6NPRxtZBqOWO6fg8WoeecAYK0Lh4TS47AKq6TjHhySkZAGCcq5qcfKSuzvhaxdUEqssycrnS1Rc45Jd/qtzZhppmjHosJb/AObOQR9Llv7cNMDG4wUjULgd4/luZc0oGEeb+ooVIOEWocPBPquRb2eipW4xvUNQW+LgLS/DWPFoknLcF78ZWS6g38T3W+6Fh8Hp2JuMZdlZLvwMqWdRk0UX1NC0vT7c6yewWdiHBC1tnY1tHra3BPK5OofGDcnkm6QMY7Lq43OBlPaCDwubN5HD2hPXGnbhdS0CPSSSVjRJJJKEEkkkoQSSSShBJJJKEHEjHKGeUsn1TFTeCHChknKIeEPODlCUyivJbNe7NQk4cZpKlvsY2/8A+wV4ABvkKggLKvryTU4Pgt9AD7h0zsHH/kV80YJGcrVArPAM7J6YnqwgrQNk48JreE0k55UCwI8oKKhKFj0kklABi72XE78KuPZTPHfiYBP8W+jIiPoPiH2Gr/8A1XqLCTnK8t66/wB5+OfTsQ4ZRfof5i9QHBHqtK65MVC/1LP8/wD2OjBI3UW2OD66um50PEY/8oP+qPg+qi2RpDrg496p+P8Awta3/QpUzYiwHKDH9Mv/ADlFPBPsgs4Puoi0MncdBPdFa5waN0CcgHc7IrfpChYdJJIcqAlO7S7qCueN8QwDP/nypjPqCrKbJulxOdwWj/JWce5C0Vhmf69k0dMzgfjIb+pStkQjttM0dom/5IfxEJbZ6aP/ALyqYCPbIUinP8iPGwDQMfkttfYDWSLeX6LTXSekDgq3p7As0H/KpfUUhFirCBywhRLC3/3NT7/hC7GkWeTDc/uwRb7tTEBVcXDfsrDqA4gcFW0TsytGOQvRaaOEmcnUTxMIzZwB9V5V1kR/HajfuvUAT4nPcLynrJ2b7UYP4l2vHf7h4v6qlt00f8lBUfUFAoyf49C0/wBQU+cgvCr6TbqOL7heil0fPN2LIr9s97tBP8Oj9mBS2fSoVn3trD20hS2kFpBHCxWrDPpum/2Yij2afuoF9kLG07OxeFZRDLQVVdQ80v8A9OaEVYGr/wBlkoANAzsqbq1+iyzkHfSVczjDm4We60OLLMM/hK6OnXKZ47yDxpZ/4PEm4kke/uSr/pdv++Hf0WaY7c49Vp+kGOkrHHG2F6bScI+Gal5jI1dSRqAzuo0pILd+4T604qQM+ybNtp9yAuqujhtZNjWkizUze23+SFc3+D09p41lFqQTbKdnfA/yUbqgmK208A2yAgk8ApYRn2bDf0Xn/wAUfpa0ey38jgGtxtkLz74kfzJ2MB5wseslitmjx6xqUzAx8Y9gpERw7KC5pYdm8p7Hb8LgdHrXyXtpqf5oDtgr2duWeXuslSzeGQVq6N/j0zRnf1TlLBy9VFqWSJggkFBqYi5pcBupcrC2UjGy4dLhjhX2DB4WTPuaQTtjdBcwAZByp9dCWF2Gqt3yclAjbVysjXHUeOExnlcCi+H7proiSMbpclkMkCQPbghAc3AJXQC0BEDcjIQNZKXZGIOChB2HZIzgqU8Zzt2UbBB4QfiNhLDLuil8SMOcd1IIyqWkqtBAOwV3C9r2jBVN5O1pb3JbZEWRgIwd1V1lNjfCvnxj0UOoiyMhqzzRptju6KFzS0kYQ3PJcBjCnzQgHhRXx6eyHJldTTBHeMkqPl2dkbjIKHgJFoxZXK9HrfQV7E9mdRyu1OjGW57L3Hoi8vrrS2CQ6nQbfl2Xy10RcpKW4eC3Ba7kL3ToO4SwXMRxnMco3B90DWT6n9NeQd0I7/8AB6wHeI0gjZUt7pg+EkDjKtKadrz4YCZWRGTXHp/NJaPeyh8kMHnsrCDhwwo00WCMD3VvcYdM5DW7D3UAgEFU45ONOrEnFh7DWGjrGknDX7La6dW47rzyQFrg4HBC3lsndU2+F78atIBPqqzg16d/btDuYJGlhHIXj/XNqfS1UutmQ4k/kvZIgARnhY74kUDZYPmHDbTstNdmDD5bS/LS0fPLwyCudjjKDV5inEwGQrO90vhzmVrcAqpqg6SIYGSN11dLafHPLaR/dFlkT4tM2VhyCN06zVb6Sujla/SM4KiWOcTB9M/0yAkSYKotxjdduqW4+fXV53Vs+gekbuKiCM6twACr2/UhpqimvlOMOYQH47heWdD3nAZGXcbL2alMV4tToHDVli0o8hrKfgltNPa6qO4ULKuLdrguv3G4Wb6GrXU/zFlqHHxIXExg/wBC1L2jGyvByrIvcQ3N3OyC5pJUotGeEzACgJDki9d1GkhGk52Vk5gQXRZ4UGRngpailyS3Gx2XmnU1pNvrXAM0h2+ey9blizuG5/NZ7qizfxG3SeXzMBI9UtrJt0122XJ49d6IVVI4EDPIWHrKR8TvDe3BC9GdGQXROB9N1mL9RljtYGyTZXjo9JpNRykjGVEYYeMLsL3DCl10BJzjb7quJMTsYWdrB28qaLHILcqIc5O6LBJlvCbIwoWVjA1CecNRUMjIwlSGDIZiyYE8LQQPbIwODhuFni1urJOFPpZ9OG9lIMXdHJcRkbqQ3bdQ4DkjdTGO24TjE+B2nWMAcIY1McCpAGNgmPYCoLxk6NMgAPKE6kznAwhuc6J7SOFZQOa9oKpxTJJuHMQdJqhP04K0VquxyGzPz7KnfFtsEKOJ7XZxnCy2aXPR3PF/UV+iaUpcG/pq1krRpcCEZ7g9uVjaC6Op/qycdlpqKshqomvjfn1GeFyb9M0z694vy9GvpU4vk7K0OyD3VLX27QdcDfuryaMu47KOTjkLI6zpznmPBSRTviOlw37qWyUSNz6p1fQh2ZYRh3cKrHjwP3JwEGORKsnF4ZPkIac55UWqGRjHK6yoa/k7p0gDhscq3HAbtTRWOaWuUmB3AXJmAZKjNeWu3VxeBEmWzXYA3ylPSw1sOh4wex7gqJFODgFS4ng43wtMZCra96wU2ipt9QWHOn9iESR2S2oiODnzBW1XTiVmSFVviMTiNOQQtFc8nOspwGOKhn5Kgudvk800Yz6j2V3A4Z0nunT0hlbpDsZ7rXCeDn6miM44aMVJHkYPoobo8ZCt7pSyU8py3GDhVkxIGMLVGfB4/W6VxnkiSsJK5FJh+w4Ti86sEIcgwQVN/Jy5L0WUMuRwpAdkbqspJ/OGH9VOOHYwVojJTRmlFxZIacfktR0PfnUtf8rM/wDlvGBkrKNRIZfAcHDn1We2G7g6fjNZLSXKxHu8E5dggbKdEPEGFiekL589S6DJqLMfdbGB42XNtqPunitZHU0q2PTJAzFI0nsrWB7ZGAFwVaWF7fcLtNM6KRrTwVnawegpsbLMswuGMu4RmEPAIPCfgtUbNiXBEPlP3UloGjOQUN8OrfPC5ESDjPCmclKOTjm4Oy5pz2UkNHokQMIXPBHHACPc4PdHIGBhCdHuMIsfAzuhzkHDGeHlCfHtwpmn2Qy1QppMgGM5yotwt8FxpzBO0HbYqzfFncILwWqmJnDPB4v1V0rV2aqdVUbDozlzRwfcIVpurKlgikPnGy9lqrfTXCB8U7BgjnC8i6z6MrenpjdLePEhc46g3srjZtZ5rXaF0N2VrOQr28FDkYC3lVdrvAmAbM7n9QVayDYOG/otMLNxy3h8MrKynyctCgDLSVcSguGC3Cr54N8gJieDm6mrDyiFWU7Z2Egb8qDTyFsgZ6bK0wBkFQK6na14miHOxC10zTPDef0MrIb4+idFhwzkLr4m4BUGlmIwOVPY8uHC2Lo8VyuAeggcIgcM8hI7g7dlHw7KLBQWZjS1VtVB4nlKsYzsQd0KaIHgfuhcMjIT2merKKRjdcY45CgGTSMY3Wle3J4wqqvt5OZom59Qss6f0b6riujmlikEkby1zeCDheldG/FGSkLKe8hz2gBokG+3uvNHgsxtynMfjGQsFlWWd/xnmLfHWqdfX6PqWkrae5U0dXRyCSN7dQLTldc33Xz50z1jdemptdHUSeGSNTCct/Re09N9a2fqKJuJ2wz6RqZnk98JEoYPq3jPqDT+RSiniX6LcRgjdBfF6BTnQ6RkcFCc33Qco9Iv2QHRj0QXMA3wrBzfdR3s91Oy3FPkgSxtI04VZXW+KRhDxzvkK8dEewUZ8DieMqjNbTGfZiLl07C/O2Ce4CzkdTdunaktie4xg5GOCF6lLTA76QcKmuFmhnJJaMHsQjjNxPNeQ8fLdvrO2i/W+80zPGe1kpGHA+qi3npTW51RTdxnAWUudkrqGoMlGXBoORhXth67dTtZQXiJ3lw0SFbK9Q4nHthFrZcikdTSwkiVuCEwjHdej3Cz0F0hEkbG5c0OBbzgrE3ix1NvediWjg+y2Q1CkjnX+PnU+OUV7S4EHUptJc6mkLTG87e6r290QuA5WmFjRi+Np4NxZesHSYiqjqA/q5V1LaYriPmqKQN1DOO2V5cxxDgWnBCvrX1FW0WC2U4HbK1QvxwwZQNOypmo3mCYEFqJLHRV7cSMaHHuEqW4W69RNdLhk2ME+6ZVW6WnHiRuJb2IWmNu4CUcECqt1RQHxad5cz05wu09bK3HGVIgrZqd2JG6m9xypAit1WdWgNc7nGycmgFXkI0Udyi84AeBz3CqvGrLXVGKq80R+l+Nse6kuoKqjkM0DtbfQcqTDcYZW+BVxA52IcMpqki3TJdoivgt9wGpmlrz+Jqr5oa2hkLJ8Sw8A4zspdXajRO+etjtTOXsyiUlxjqR4Mo852DHcFU0mZLdPGS+5GPvPSlPcHOqaNwY93YFUnzF2sOIKyJ0kYOzxzhenTWdhOuA+G/ktPBVXWUzKhvgV1MMcZIyEDgcfVaJS6M/Q3ClrmjQ8Z7juFJdG8eZpyq66dJz0Mja60PJGcuaPRR6S/Ohf4VdG5vbIVNHBv0sq3wi3OiUaJmNcD6hQKmzvg/n0Tg5p5YSrJvhzsEkbgQ4ZBBXQZIjkHIQSgKTnAzsrIKwmCaExytHB2z9lDkbcbY/XE9z4yc6XLUTUlJWtzO0sl7SNVfUUtypMl7W1UHsN0qdQULM9kajvtNORHLmJ/cOVvDMdsA4P7rP1FBRV4zE7w5B2OxBURtTe7Q7zHx4R2O6Wsx7HbIzWUaWrttHVxGOana5riTuNwT6LNXHpOSLVJRP1N50nkK2oOoqSqwyQmN/o5WscgJBxkFC0plqydL4PNZI5YJCyVpa4eoSMpYM45XpFXaqC4M0zwNyfxAYKoLl0bK1pkoZA4DfSUv4maatbGXEjJ/MbHZNDtWdlIqrdVUzi2aJzSPUKOBhLcGjZCUZ9MJE90ZDmk7Kwouoamkdkeb81WjblLT7qKT9gzpjPiSNtQ9bQua0SOLT3C1FJc6WtjGiZjiRxleQ6e6fHV1NI8SQTOaR6FErcMxXePjLmJ7G+np526XMbhV1VapQNVO/8liqbre4QxiOVocR3WktPWdHVAMqCGO75Uc02c+zS20voM+OpphmXj1XGTU7vKXbq5jlpatuWOZID25Qai0Ukp1hulHtUuhbbj2iv0McNTQCCgywsO5YD+SNJbKqny+mn1D+lyAX1cXmng8vtuqdf7DgwDqKKTGY2fmFAqulqGd/iFoaTyAFbsqonHTpx90QnKX8Q5aqcXwzGVHR8rZT4LgWnhVNV0/cGSFnhk47gL0jnukQ3uB+iB1ZNMNfZA8ndR1ULy1zHZCc2omiOdTs+mV6bLaqKclz4mgnnZV1R0zRS50taD9lWw2V+QX9RimXicN0kZx6lPFxLiNQzhX9V0Z+Jn+SqanpiuBxGMgeyW60a4auuXsjuqopB2B9gm6gDklBmtFdTHzgoY+ZaQJWnCH4ofo0x1c/6JE0VTh2RPm3dwq4TuA+lEbUEn6QlOmA5au5dsnCpcd8BOE+eQFFEoxwuCRp7lLlp/0HHXTXZO8b3/dISf4goefdLJQqvA1a2MiZ47jwEjM4bkfuo2pIu24VYKesfphzVkc4XRXRcEkfkoTn4OMLmrPYK1EU9fNdFkK2Ej6075mB2wduqvSR3TNLvVC0SPkrEW3is/C4YXfEadtQVQTIPxFLXJ2JQ7BsfJTfZcZP9S4JHc4wqsTTjcPwEvmqkHOUMoD15OPTRZePONgdvsnNqJXfUVXtrJjsXfsniqB2KRKncPr8jV7JzanHKIyaI7a91WiaI/jC6XxkHD/2SZ6fA+vyFaeS0aY3n6hhSRSU8gGWqh8ZzT5XFJtZURnIdlZp6WT6NsPJ0r8jQi3QY1BoTm0chI0y6R2GOFSMvFSMDCmwXwt0+K7CV/GnHs30a7TT9ltHTVzBmOue38ypLKm/RnLLrL/5yolLe6WXDHOAPqrBssbwHNe0g+6r42jqU3Vz6sf/AHCxX3qqDHh3eTb1dlS4+sOsIxvcg7Cg7HuujA7odpqU5/0zf/csYuuur2O3qmEKa34h9SNALvAJ7+VUnhZ7fsnOhzgYx+SqUGw426hdTZef+0jqAbGOD/yro+I167wQ/oqL5I43S+TwUPxMar9V6kX/AP7Rb1/3EGfsl/7SOoONMAH2VEKPbhI0anxMNanW+mX/AP7RLxpyfD1dxpS/9od2xuB+ioBREkJ8lDgDGyirZP5Wt/Zd/wDtBufo39Ev/aDdOxA/JUHyZ7nC78kfVXKBf8nWv2XrviDeQMMkH6IDuveoDnFSB+SqDRP9QFw0Z41hCqm+iv5WtXssj111ATj5of8AlQndb9QH/wCJH6BQv4a/Vu/n2Xf4bhuS8foiVLFPUa32w7+rr5J9VUQo8nUd6lGDWPx9000gBxgFDfFGz6sIviygJ33L85DJLrdJDk10v/mKhukne4udM4k8nJRZKikacGQAqPJW0zBlsmo+gV/EZp6pf1SGnVnOo5+65l2d3ZQX3CPuCguujMHS3dUqmZbNZWvZOAwnajjGVUOrpiTh2y587ORuco5UmR62stPEameK0DkKsNSTyTlM8Zx7lUq8gPXJ/iWRqsdwl81j0Vdk9yu7+6L4cC3rZsmGt52Ka6pz3KiZPqV3JRKvAp6qb7JBmcheKc4TfEGEA1Mfc4VqAMtV7kStW3Kb4nso3zcAG8iYbhTj8SYqify617JiWSq/+KQZSN0iP07FX8eQXr6yySVV8/K76Tsh/MSn/ibKtgL8hBFv4rRyQuGZvbdVXiye/wCq547vX91NgEvIRfKLA1Iz2wkayED6t/RV3iZ7rniN7hF8TEy8jJE41vOkIRqpj+PZRy844Q/GePwqfExT8g/2ShVOJ3GV3xsjn91C8VxP07LoLvt+auNYmXkc+yV4xK4ZTjHKj+bGTv8AmkC47EFNVS7Fy8jFBDMc9lwzYCaI877rvhNG7hkK/iQh6+PoYak54Cb4zzs1oyi/ycf3QTNbQ7IYp8YievnL2DLa09/KUiyTHmKOJe2E1wBB2UUDPLUSn2wAAzuAnhrQE13K5kpijgS3kcd0juuYKWCi2kzgY7Pqub9yiBpKdo2zhVtz2XkCnMYf0TxGUYsz+H906MStyQDT7robnujBme67owcgqsE+QGI2ld8EeiKCQMJyJPIHyEfwP8f7JeB/j/ZSEkRa5B+CPRIRAHOERJQvBwNAXcBJJQmBJJJKEGpJyShWBh3XPzXTwlgIZPBQzT7rn5pDgrh4VN4Jg6Q3fPP3QSeSunlDSZvA0WvOyYngYSQhjUkk3V7IwhySbq9ktXspgg5JJIAlHGDYZxBc7PbCkxxmQ4aMkr0voD4AdX9bNbVOpxQ0T9xUSjY/YZWivSymzLqdZRo477pJI8uZBNN/dsyvUehP7OnxC65HjRUkdBSjBdPUHSRz9Prx/kvpLpL4Q/DH4Zt8eqzcqtoGDMdWcf0s/NbqlrOrOoiIrDaDQ0X/AHj/ACEg/kt9WgivyPIeQ+qpfjpY4/u//Yw3RP8AZ9+Ffw6p2XK/EXK44GPG8xyPRh+43yvSY+p7/dI47Z0xQmgpyPNIdgR22x9/1U22dB222MFTfKp1ZUu3y85AP2/RXL66OKMRUGI2jbyhbYUKHR5LUam7VS33SbZQwdGx+K6vvNR8xUO3cSdlPkuFFQRCKCFuRt5QAmTiWVxc6U/qq6rMNNGZ6iojja3nUd09RQgdU3CrrDp1aQe2VDdAANUu475Qo7j835aCne/H4uAVZUthq6/Br3uZHzpacKiFeKiniwKWF80mdmtGQp8NluN0PzFY99PGf+Gw4Cs2wW+1NDY2MbgbHuVHddLhOf8Ad2nR2OUABJEdutEQEbhrOw23JQHT1tWdjhqUVE4nxqlwcecHsuVFypqRmI3AlQg4U5Z5pBumTVLIm4BBx7qqqr1NJnBw1Utbe4wNLZCT90ajnstRbLqtu+g7kYVFcLwZCBE/91Wy1k1S/GrIKl0FokkOuSPIRuOB0I45I4ZPVSZaMlWdJaiAHTDdTIaSOmwGtwfRdfVsj2xkod/OC289HY4WQtAA4TXVLI9gd+yGfmJzsdLR+6IynYzcN37os5BB4qaryk6Wf5o8FNFCc6ASPVEaMfknKFBBp4GF1ABOUTI0YzuoQKSMcqMScndJxOdymlzRy4D81CHyKkkkuwe1GpySaoWJJJJDJ4CGLmM7pYBXVmlLJAeMboZIAy44CKeFCrXaYXYO6Rc8rkYuyHUS+LKTnbhUd5lyWwtKs25Hc7KhrJPErR3xlcu2WeDdpoc5ORHQMYU61xtdMXEbgbKGDjsri0QtEJlDcuQpezTc9sQ8wAaTlVjyZH6Ap9Y7AIx2UKkZrqRndRvPQiHCyw8v8imDe5Ve7kqdcXtGmMchQULeR1Y0crpOEgMd007lKmxw9JJJUQYkkkoQSSSShBJJJKEHqTGz+S57uAow3UqYiOg3H1KC59ohtcHuz6qQ0DCixA5GFLHCUyOWRHhRiSSVJPCjeqmcFAJSdkMZTpQS4YXQBhUnlhnR7oj+ExPfwifQxkc8pieeUxIaDQoeEc8IMTTjhGPCsBAzsVymGuqzjY9kn9/snW1p+aGR3Qy6NVEd81E9B6djDKXJarV52Ki2pgbRtwMI8j8YAKxy4PpGkr21JD6duHZUmqBc5wadtkOFulucIhGYtfqUs6EUde7U1p9G4UlgAoy4lQpf7ggcqTMdNuAzhJbHxQBji86j3Ro9nA+6jw/3LfVSIN3BUWw1dgzANPZX9ijDAHEY2WdI11wHK0kP8ukAASLHxg3aJYs3EK4P11ZGcg5VbUjJwpc7tby7KiyDIKGK4Lllt5K24E50Z4K2PSbSyjyRySsVWjXLGz1K9C6fhEdCzblLsHaSP+pknDzvaMfiC18EYZGxoGNgstSgOnYD/UtbnyD2AWOayduuWezB9ZTB91cwjIAWKvEkbWaDzytP1JUeJeZscBY69SfzDstlETyfkrW3LJBpP+0NVqDglVdv3nCs4+Vr9HG065AyapKgAb5UqqfooHM7goLP+0j7pt3lDImx75ecBYdRLKOtQsAIhqDB6kL1jphoitjTjkYXlNJ5pI2d8hev2KAstsXvuvO+Rlties8RHdJHJ25lY33WTvQL+o6OnaMguWvmH++47BZV7NfWVGMZwVxd3B6TUcbf8no78Nt8TeMBDox/Ob6YSq8iLA9ESkA5xvhZpyybq+iY7kLL9R/zKyKL1ctO7gfZZa6ea4M77oV2Vb0Rb7I1tLDTn8IysR1AZGOBB8uOFs7qPEeDzhqxXUDtcjWDnOFvp4RydbLCwaWwUzY7OyZgxq3KLcn+HRye7VKt0QisUAAxkBU/Usro6MBrsajgrSpGecnGoq7I0GpcPVy3dK3SWhYawAuqM49Fu6QHIWbUz4watD/tlzRj1Q6p2AcnAyj0gAacKLcv7vbnK5Nryzv1rbBMx1/dh7h64XpvScJjsdKCMZbleZ3lviTsb/U4Bet2aHwrVSxgYxGD+yyXPCwKivvcidGzOFr7UzTQtWYpmZe37rWUjQ2laAuRqWaYvIQbJ2Amp6wt4HjkkklYIk9MT0A0SSSShBJJJKEEkkkoQYkkkoQSanJqpkOHhRj+JSTwosjtDHPPA3Vw7KZQdOxiS7X24Z1a6tlPn/6XGNvy1LRtz3WZ6HHzFjdc9z8/UzVLT6tc7b/JaNrdPdaY9C4vJxPTE9UNEkkkoQYkknqFt4GJLpGFxQoS6OFxOH0q49kPGupH+N8c7cQP7qlJH/lf/wBV6iG988ryivf4nx0jBH91Sf5NXqbX5GPVaJdGfTJNy/ydTbQ3/c3S/wDezSuP5vKZKcRvd6NJR7SQLbCO5y79SlmoO76T9lHH9y31ypLiACSop32UBI1a7EQIPdSm/SPsoFecQs7/AMxqsG5IG3ZWQMkm6vZLV7KYAKOkGbrdPTx2j/6kKxbzsqy2v11t0djmrP8A961WMTtPvlPrGNcGc6/drp7ZAf8AiVrApVOf5LT7BVnXMviVtqpxz44crOn2iHstkOwEuSp6pl0WKpOOQAh2Zmmzw/8AKFzrLewz5287P/vgn2ja2RZ9F29H0YL/AMyp6h/uD/8AL3VfR48VufRWN+wWYPqq6mOXD2XoNPLKSOLqJZsOnPiHPqF5H1eSb7U5/qXrj3ASb+oXkPVrwb7Uj/Eu143/AHDx31Z/+Gj/AJKNxJduoVIP/rjZ9wpuN1CpCP8AaRnsQvRS6PnbeLYf5Pe7J/8AOeM+yOyXHblRbHIH2XGOEVqxWn0/Tv8A0USo3YGMcKs6hwBSkn/jtU9noqnqU7UX/wC0NUg8MTrJ/wCiyxk7LMdbuzZ5Wg/hK07iNljuunf+7Z8HbSV1dLweM8rLGln/AIPGYTguz2JC2fRZBlzjkLGxgaSR35Ww6KBMgx6f6r0OlPiGo5TL65kCoaAfxhcnB1Rf/TAh1x/39mT3R6gAFuR7rrw5RyJrDNhU4MFM0cYaq/q9xa2CP0AU2IF1JTE7nDVW9Yn+bG0D6GAoGsgMpKg4kh3wMLAdcAy3CPfgLa1k/nhOPwrF9TEGvDneixa3is06NYuTMrcKUMxI0bdwq9pycLSVkDXU5yOyzIGlx+64NkcYPS02qSwS4u2CtBZ6rViErNMJHZWdvl0EO9VcJCdQty4NLVNGC5u+3ZQW5zurGiaJafW7fZQ5m+G84GAU8wp7Xhkepi8RmCOyoJRhxHutP/eDGFSXCmdC4nHflDJ4NFFuHgr2fUEXAIQgCHDKKCCMZS28mwTU9pIQWt0nOVNZEJYduSqBk8AHMDm5CjSxjs3H5qXoLHaHchMkG2cpbBjPDIIBY/bZWdDOSAC5V87MO2XaeUsdv2S2zfp7WpJmib5wCDygzREjOEqCQObgqU5gQtHbhP5EUlTCc8KvqIzjdv7rQ1MILc4VRVR4PCTJZJOJUOa4HcJpacZUx0e/CZjbYLPYhOMEemnnpZ2yxOIc0jcL2vpK7uaKGoZITrIDj6HuvFSBnIK3HSdeamgkpBJh7BqZ9wgPS+B8gtPYoM+oLTU/zY3v+l2MK9niAIOPqXnfQV5/i1gg1HM1KGte7uT/APKF6RA9tfQNc362Df8AJIsz6PtOjv8AlrUjI9RUAgqNTR5XDKzUgLXcL0W6UQraB8pHniGCPVYOqpy2QjShhPPAjU04e5EJzdSvemq5zHGjldsd2qnLcclEhe6CVkrTu05Vvkz1cM3bR+iBd7fHcrfLTvaCcEtTqOobUQMlZuHAFStBzlHF8mmcPlWGfOXWFr+SnkiezcE4+yx0kWpuML2b4nWFzpmzRNA15yvHqiJ0T3xu2LTgrpaeeD5d5/QSpsln2VUExpK4EbAFXN1iHhsqoxkOxkqmuDA1wcNiVb2ycVdtfFJuYwu5ppZR8o8hp3TbuRbdJ3L5apaC7Yr6A+H9wiqQ6ne/625avmGhmMFRhp4Oy9n+Gl7iNRG2R+5AAOeCunW0zzHldNvi5o9HvVLJZrpDdodgHYkx3C2NNKyrp2VERy2RoIUGvt7Ltand3acfn6qB0XcDFDJZqn+9gcdOfRG0eWk02Xj2b+hUeRvCnysB7cqNLHtsEtiiKkRkZXCMORNi1QojvjByopiyCOxUxzd0N8Y7KBRk10eUdZWY0NaahkeGP7gLH3Ol8encMbgZC9yvdpZdKF9PpGvlpK8graSSlqJKaVuHMcWlLZ3NFqeDza4U5Zs5uFR1MfcBbPqKjc0Oc1u2VmKqMhowN1lsWOj0+mu3og08uHYI2Ux2HMCrpAWvG2MKXBJsMpGcm1rKEWgZ3whl2QUaVuUFwwOULKTAEnKJDKWkFNf3Qnk9tkDltYbjlGjpCJGNcDyFNYMDGcqht1XoaA52yu4XB3fKZGeTFZBxeSbF9K6QcrkH0hHwEZlIcsR2OMp9FUaJQ14OFJDBgqLKwMfkBWgW9xbgB4G4P2ThGN9lDop9w3G6sQMjKckZZrDIj4iMaQu0tbPbphNHx+JpOxCkvYDtlR3xjjCzXadTXBs0PkLtDPfS+TV2y7U9xiGDg4xg8golREBuFiPEkpnB0Ti0j0K0Vr6hhqGNhrDoeNg7sVyrtK4n1Lwv1VDWqNN7+8lvcY9iOVBqo9YzhW8lOyUZA9+VAmaYXaHtXPlU0z2MXvRTuhLHZAS8bAwQp0kercBQKqF2QWhDsbJLg452rKjTs22Ce1xbsQuHfKFrADeQEc7mPwVZQTghpByquaPO4CdTS+G4BxJCvOCnLBeCbX5XDlAqqcFoKY1+oNUhj9gtNbAnFTRVvzC/BClRS6wAQn19IXfzWDjkKDFJpIToywYrKschLpQtqKdzsZcFi6mAxyFh2wdlvovMNz+Sq7xZmTsdNC3zDchaoWYOF5HROyLlExTowDsENzT6qbNGY3FpGCOUBzfdN75PLW6ZLohEmJwIGVOp5y7AUaVm2T2QoZND9+Am1S/Zhtr5wXbTgZG+UTlR6aRrm4Rm4xjKe45QmL2stbBdzZ69k4d5M4cF7DQ1TainjqIjqa9ocF4FVF0cZkG+Oy3vw86klcRQTVGqI/SHctPosN6PffSPlXTL+NY+PR6lSVWpwYe6PNHvqCr4Dg5Cs4ZmuAyFisryfW9LenwSqKqcHCJw3VmQHDZUjiWy6w37KfTVeoAOSDpxeSVoKHoIPCltAeBthCcwIH9o6CyDGy6AR2SAwVIa0Y4VBPkBpBCYAWO4Ujj800gOHCsXg617SN2rhYcZxsmtbhykNILRsrBI4Z6oE0QO4CneH7obos+6nAOCvfGW7gKHUwQ1cL6eojD2OGCCrZ8R7qJJFg7BLxkTOvcsM8U646JqrNO642xpMBOS0dlVdP3ttQflqk6SNhn1XvUtHDUxPgqGBzHjBBC8d676BqLPUuutqYfCJ1Oa0Ik9rPLeQ0DpfyVhJI2njdQamPByAo1lvTalgp53Ye3bdWM7NYT1NPpnFe2zgop2FshOeUJw8QaTwp1TESc44ULBb2WiqW1nL1emViaZXSxup5wWnZxVjTSDONkKphMsWQN27hDiJjcNS6VdmUfOPMaH+PLckWbWg8ob2NASjxp5RnN1YwtUWjz+cEXBB2XS3I3RywA408+6eWE+yKMUyJle+LP4UB0OARwrJ8PdAdEcIZwz0NhbtKCuoA86g3Cq5oXMONOFqpYM8Nyq2rote4bhYbaf0bKrv2U7CTndHoa6rtlSyppZSxzTn7oczXQuwAhOlIxtysco8m+i+dE1Ot4Z6/0h8Wo5GNo74DgANEg7L02ndDWwtqKaQSRvGoOB7L5UZJnda3pP4j3npqZrHvM9LwWE749kiyr9H0Xwv1jKuKq1nK/Z77JC5v4UB0Z9FC6d60svVMWqikLJNOSx+x/JW74sb4SHFn0fTamrVwU6ZJpkF0W3CA6Mb5CsCBhRywZ3CrrsY1khGEb7KJNTDGQFaPZjvygPjypj9CpVJooamlB/CMYWXvXTQqQ58ADXc7rdzU+Ts1RpqISD6cEIzk6zx9d0cYPNKW63npx7Y3l+kHkcFbi0X629QR+BK1rZsbg43Ue5WaOp/vW5wsnc+n6q2P8AmqGR7TnlpOyKu1xZw5UW6aW1rMTT33pZgjNRQtw4blo7rIzMfG7Q9pBHYq/sPXDGxMpLsCJR5dXYhaKotFsvMAmia06xs5vZbq79xgu09V8m6+H+jz5rt90UPIGAVKvVhqrZKcguYOCPRVrH5GFsU+DkWVTrf3In01XUQPBY8jBWutXU0jQIqrDmfqsU2THZGZUnG+ybGzAlLJ6IKSnr8y0srQT+EqDJFJTSkYwR+6zdvvE9GfK8kH34Wrorzb7jE1lQQ14GMnZa4X5D2fodBWu+kn8iuT07JxqADXeoXKygcxvjU7tTR2CbT1GRpfthaYSyW8gYquail0SNy07EHghFmoILgPEp/wCXKN2uHcqU6mjnjzhrtu6r9E1BITG92PQnZM3C5w3HY6yropBBcM4OzXqbiGoZ5gHA9wm+JDc4fAqQM9j3BUY0FVbz4lG0yM/E0nsrTyZJUZHSUxpiXQnU08gqoufTVDcWFxiEchHI2yrqKthlOl4LHDkORjEDu3uiMlujhNHmUtBerC8+GDNAD25AU+33mCr/AJcx8N45BW2qKRkrS17Ac+yy906RjkJmpxodzlvKFdnA1nj5ReYDvDa4amEEH0Tcuj2xlvcKmgqau1SmOXMjByrajuVHXbB2l3oUe1NHGsrlW8Aqm0W6vZmPMEw/ENgVWTQVdGPDqovEYNg9ozt7rQSUpA1N49QhlzmjRK0Ob7hLdWQITlF8mUqLTSVXngIY72QYp7ranebVJGPVaea2082ZKc+G/wBlXTtuFMS2phbPF7DJSJ0NPKHfKpcMk2+/0NXiNzvCf3DuFcMbqGqNwf8AYrGyUtBVuLovI/0Oy5E+5WuXxaeR5b7FDHcuwZVJ/ia+eGinb4VXTNdnuRuqOp6NoZ5DJTyhgd2PZHousIciO5URAI3e0K7ikt1c3xLZXMLzvpJwr4fopfLV0zz279LXCiJexmuPsW7qkdHJES2RhB+y9blfWwHTUwiWP0woM1vsl0DgYhE89jtus9tP6NNOukuJHmSa7GMkrY1nQ8hkJp5BpPBWeuVguFC4iSMlo7gLO62dCvU1z9lYH5O42Tg+LkP3TDEWg5BGyB4ZYUEotGnia4LWluNbRSCamqHtPs5XlD1vcIZc1ID2HsskHuYBgZRGVG+4VKU49CJaaEvyR6HR9aUdRJomYWD1VvFWUdW3McrCD2yvLo527AtAUltSAP5c7h9ijjfL+oxX6CP9J6HPbIpfNHsT6KNJb6qFuWkkeizFFe7vAwNhn1tH9XZW9L1VXMIFWxkjPTCbG6L/ACMn8aUOkSdRbtICE8SxTf3bwT3Rob9Z6w+DVM8LPBIXZqC1vy+nqgR3xyrcoegXGS/JDGgkeU5TSJWbvjwlPa7hR+enk8RvZAFZXtcGVNM4e6nYOV6CmVxBBBGEEuDzzhPbX0r8B5wiOjt8rRofue6rCLxJdkN9LBMRrAKFLZqSVuPDx+Ssn2mY+aEoL4rhDs4AhTago2uP4spZ+mqV24GPyVVU9MFoJgd+y1ZmkaPOznlMZPSO+p+AeyXKrPQ+vWWQ9mFlste04YzUAor6esgOHQlejmOkeR4LxkoM9rEnDQUqVTRpjr5f1Hn4kc3AcwjKd4o9FsKixREZkjA98KvqemWOGYx+yBxeB0NZXLhlGJGnkgfmu5B7qY/pupa46XnH2UWS31VM462kgdwgUR/yRfKYNJN/EE8Obj6h+qHCzgZnccSwEgQeF0cq1XnkhzT7JaPZEAGEiBhC4JEzgGRnZLRjsu/iR2sBCiryX2RtOEtKO9mnuhavZT4igOj3TsImClgpU6y8sHg+q4TpHqn6vZdS9hFJsDrOdgkZCeQiFgPKXhgd0udeR0bpR6BhxByHcIzK6rZxKcJpYEIn0SXSmOr11sXwyzpb7VQPBdISPc5VgzqWUOz/AKrOgeu6TthndKlTjo6Nfl9RD2a2PqlwAyApLOrSMeULEGY/0pGocRjCD4jbD6i1EUbxnVkeMGPj0wnf7VU7SP5RK8+Mj/6yl40g31uU+IP/AOJtUuj0QdVUv/dldHVdMN/DJXm5nkH/ABHfqufMSf8AeO/VT4if/E+rPSP9saVpx4JSd1nTYz4BXm/jyf1uS8eT+tytV4J/8T6s9G/20o//AJHJwhSdb0bRkUzs/def/MSf1Fc8d/qUcYQXaFy+pNb/AEyNz/txDnaMgDsUP/b6bUQyijx2OFivGcf/AJiXjv8AVRqHpC//AIh1z7kbN3W1bINoWNCjSdVXKTl4wst8xJ/Ul8xJ/UVW2P6Al53WT4cjRHqO4O5egm4VEpLnyuOfdUfzEn9RXPmHnYuKtQX6FPylz/J5Lo1IJyXb/dL5lvdwCpvGf/Uf1SMjjsSUTgkC/JTZcGqhP/EGUwTDPIwqnBJ5RN8YyqValyLevmy0+ZgH41w1lOB9SqtKdnCN1LBX86ZYG4Q5xqTTXQ9tyq7T7JYHok/HyV/OtLD+If0hCdc58bKInpkauMiZa679hDcqg9/3TTPUOGfE5QtO+cLuCrVf9gXqLJdyYjNUE7ylcMsjhglJNAwVFUB800+xp1OOSm6PVqkCPI4ThTklNVeAZXSfZHDd0QN22COKcnlEbRyHkABTYgVcyNkjgLup/bZS20zBzz910MYN+FNizgt6ua4RD11HAO32XRHId8KaHU/GfywuGRuNmhEqSv5E+0Rg1+UhC484CN4o1fSF0O24TPjSBlfZIaIs87J3gjnP7pur2TNX3/VT40BumxxY1u2F0NA4CaDldQ7ECuR+loGyEdOTslqPv+qbq9kWwPBzJS1Ed13V7JavZTYTk5k5ylkpZPqlk+qnxl8iyUtR4yu6vZLV7KbCuRmn3XQzPdO1eyWr2V7CcnNLRyn4aENPRbUWLS09k7nnsmpwOVTiU8jtIHZdwENy4qwKbeQqSSSpILP6EkkkqCEkkkjCEkmpKFZHJJqb9SpvBMhEkM7cJB47lBvJk4kmZC4SMKygmR6rhIxhBJ35XMlQvA8kZ5XCRhDyfVLJ9VCYEeVxd0ldDHHslODkwxq7gozYCcHCd4bcA4wmKrJcpYI2gp2n3UgxtAxhM8PfdOhSwfkBafdcx7o8dNNL/dtyvT+hf7PnWXVobUV1OLVRu5qKppAx7DO6bCjcxF+uo0sd10sI8q0k8br03oP+z/111oPGNF8hS7ZmmGR34HfhfQ3Rvwd+HXQxZUut77zXsG81Q7yZ9mkFbRrr1fJvlqRoZENi1gwGrVXptryeW1/1Q5ZjpY4/u/8A2MV0n8Ivhl8NYonTxG6VzeDKdWT/AIWf+q3NIzqLql0kNqoPk6duPO8bAHPA/IrR2T4fW6jd83c3SzzEA414wtQZ4qaFtPTxNja30G5W6EVFcHk79TO+TnY22/2Z2z9AWi2tbU3h7Kmp/qIyP0V8+5NiaIaJgja3bIHKizv8Q5JJ/NRX1EcIzqwUZkbbDSCSodrmccepQJ6ikpx/eglBnqaidhiY8Bp74UdlLCd590ZYKprq2paYrfTtdn8Tl2n6Z+ZjEl2cJXenopTJYohopwM+wThHX1mGvy1ihAzX2+2xBjWsbpGBgIDbhcKwn5dnk7FGbQUUADqt+sjgFQqrqBsGYrbCDg4JwoXgltt+f5tVJkn17KLU3SCkcYohq0+iq6murJRrnlIB3IzwqO4X+gpI9T5gXD0RqOQlBs0FTdaiYc6Wqir7rBBk+JqcVTOu1yuY00kZbH6+qkU3Tsk7hJUThxO+D2V7AtmCNUXWtqHFsDMgo9BZ6qpaJpBjPOVd0lrpaVmS0EjujuuFJAAwHLhy0Kui1LAOktUEDNTo8kd8Ij7hHTjQwAngKO6oudY0sBEUPZmcO/NHo7bHTsBd53epVtZDyBzX1zsZEbP6sb/kpdPS+F9R1HjKPsNhsu5CFxwQ6WNxwhYKNrb6prtGDjlWLBjlFDgGoR5XMlQh3VnIwuai3ZcLgOVErblS0URmqpBHG3lx4ULSySpHasBvJWcvfU1PanGCKIV1Wfpp4vM4qqrb5deo6htFYWuip9xJU9vbT+6vbH0vb7QW1JJqKvGHTP3JUGNVr8z5hSSSXYPYjUkklRTeBJJJIH0WpZBtXUg0jkJLMwjhI0nfsqavlOrQ3f1VrMQG5BVC+TXKcjOSsl8vQ+AOaXQwn2VDjVO957q1ucoZAfdVcLS8AkLm2flg6dMcRyFbH5sZWjpIWspWtG2RlUVGzVUNHK0j8Rxg9sI4C7pYeCluLyH4B24RbPGH+I8jcDZQ6qTVKQPVWlMBBbi5g3cCSVGC+sIrKog1JKEfpCdqJ3PJyhu22SpcDq1gaT2SA2wufiTlmm+RrGJJJIixJJJIyCSSSUIJJJJQgRoy4BGrz4dPHH3KCwEvGPVduBc2pDSdgBhDKWBUuZoZEdIGQpAOUNgGAcJ7UGckGng/ZRs4JUkkbhRnDBU9BJZB4yurmQuoYdstrAVNfwnJr+EbCAP5Q3chEfymHkJL7GoLGBgLp2XG8Lshwr9Agy7Y7I9pbrqgQOCo7gNJ37Ky6fi1yMbzkndJmdHx0N+oiv7noVCwMoW7dsoT5DqGykUwxRtHsobnEStaBnKx2M+j1rCSLJjsRNOOcBEe3+QG+6HKNMGlo32R5nARMbjfbKE2QAHkDspFUP8AdQAVH5eFIqPoaPRLGAIuQz1Ck048+FGA/nM+xUiHg/mgkQdTA/P78LUEAUgz6FZuibqqxpGVoqnajaPYpFvJu0v4tlPnOT91Gdh2RlSBx+qjkb7IYvCI3llXvLcI2H1XpdpaG0MY9l5zRxeJc2Y7OXpLAGQxsYMeUJNksmvQ/dlku3R+JUADkOWonPhUznHs3/RUFhj1Vrdsq1v1QIrdMSMYyFlk8s6j/wBts8yuj/FuEzyeVlbw8GUgblaKol1uc48nKyle4/MnJ7Loafo8h5Oaxlew1sJ8XVyrNp0nKiUMLYow8/UUdzsMLlpfRh06wJp/mawO6i3aQvliaG8blSowTuVBq5BLU7D6VzNS+MHWpQa1ZfXxgjbK9qtQDbfDt2Xj1gjDrgzIzuP817LG0NgjDRgaRsvNeQlmOD13hY85IkhzVudj8KzVKBN1jGSPpOy0LsmreAeAs/aGF3Wuk/gwuRDL7O9e8uP+TfVYwAi0WzT7IFXnxw08IsGWtWaxnSgSXkYWVuJJrC/0K0k5IastdJfO847plXZnvItUS7zLH1g+Zu0MGNtW/wCq2E7gGZx2WSt7TN1EzbOHLdWcu1bpYNzVRiCCGJuA0MG35LJdUy/yo4u7jlay7NLWMAO4WJvszJahsTTks5TY9CdRxXgmdORZ0bbrb0gALSsl080NazIWtphkrNqTboY7a0XkDQ2IY7qvuOw+5VjD/dD7KvuC5dh3EvsRk64a62JoH427L2K3MAoacekY/wAl5EGh14p2kZy8L2WnwI2BowA0Y/RYdQDUuSTTDEzG4zkrTRAsYGrPUYBqWDutEFyr3yMCjhdQWgg8oo4WCwYh6SSSsISSSSg0ekkkoQSSSShBJiemKEEkkkoQcSMcoZ5SyfVMQt5IPVT1DUmjsVdWAbwwueN/ZWuQst8QptPTM9OBvWSxUmc/1vATIMCUsE/puhfb+nbZRyBoMVKxuBwNlZrm2cNGGtGAPQLqcRPIxOyE1Nbn1UDCpJJKEGJJJKEEkkkoQSb2Tlz8O6uPZDxWX+f8dquMb+FAG/8A1AXqLQvLKDf433OXnTCP3aF6nr2zhaJcoz6b+r/Iyqdop5Hf4SpFAwsooMHlgVfc5S2imcBw3/VWzRoYxgGwaAgHWZ9HH58E49UGT6QiO3CY/sqBZXXAkQtJ/wC9Zj/zBXDGgBUt42p6cDk1Df8A79XjUyIfsZp911rfMN+66uO+k/ZXhFFBaR/Nr3etU7/JWMXIUC1AYqSO87irCHYg+6ZCWGG+jGdXkydTW+EfgBf/AJq6g+hU1/xP11TNG4bCSR+qugAM4WuvsVHso+tiBYZcHl8f/wB8E+gGLbAP8I/yUfrY4sj25zmSMf8A1QUqkx8nGB2aP8l29H0Y7/zKO9uOkb91Ao93/kp99/1UCk+v8l3tMcK//cYyoJEmfdeP9VOJv1Tnu5ev1Zw4leQ9Uj/33UeuV3PHf7h4/wCrHnTR/wAlY0juVW28/wD1ynfhuVLdnIGVDtR/+uUn/CV6OSPnFkv9SCX7PdemXarQW5U8DflVXSOf4W8H+sq0xzusNvZ9O0rfwoO0YAxuqnqb6aP/AOnhW0X/AGdpVT1N9NF/9Paiq5lgVrP9lkiVxAO/ZZDrjezyH1BWum+k/ZZHrf8A+dD/ALFdenEWeO8r/wDhZ/4PHI86SD2JW06DAdIft/qsY0Y1D3Ww6A2mI75Xc0rzJI+K6iBc3MFtyA4wVNrWjw2HuFFvBAuYJHcI9eSKRpHsuqljg4lnLNbb5GvoI9uAN1T9VyZ0P5yMKZZZRJayR2A3Vf1BqlpGyN/Ad/srJ21kzlaRmMn0WO6mOK1pWurcPpwTy3usp1C0F0D+55Kxa7/bNWm/3EQ/C105GFmq6n8CoJA2K11I0OjIIVHd6Uh5yPzXFsWUdWif3YKlpyFLp3EEAKCNtlIjcAd+yRB4ZqayzV2eq1tEB4UmrhaTlUdsqdBH5q9a8SR5G60pnOti4zZHbkHBCDX03iwnZSCN+E5wyN1UnkkZbXkyTmcjHCYxpzjO32Vlc4BHO4tbhrtwq4NDT6JR0K5bo5HvZwQi0kpY8A8BNZuN0w+2yhGSKtmMzNGyA4ZbnKnQFlRAYnYLsYUF7HQP0OB22UxkBS5AzNJ5Cj7tdkBTXgEDblR3tGBgJU44NFVmCTQVZacFXbHhzQQssx5a8EK7t9WHYaTug7OrpdRGMtsibKzI4VXVw7Z0/uroYkG6h1MOW7DdA0dNy3dFBMzB4UWUHG6tKiPzbBQahmRgJE0Z7Eyvkyw7qx6eubrbXRuJ8pdv9lBlYAeEP6e6zvsGi2Vc1JHvXQ15Nmv+DJ/uVwi1Adg7t/qvd+n6lsMgaXAxygYXyx0Nc47nTxW6SYNqWH+UT3x2Xt/QfUTqgm2VYLaim9TyM8hKksn2b6a8mrKIpvJ6TPF8vUuYRmOUEY+6w9+pTTVbvLgHJC3bj85EJg4FzRuPRUvUtGKqhEjGfzIt/wAknGGevujvhuRgpWbggYCc0ZGyJpEjScboULtBETh3Vs5qWHgvum6oAupHu92rT4BHHCwkEjqaoZMw/SRlbmkqI5oGTNOQ4K4mmD9lD1daG3C2yeTzxjU1fOF/hZFXu0DGTuvquuhEsJGNu4Xz/wDEewfKV8k8UWljyXBbdO8dnmvqXRSvr+SJ5vWxF4bjfCZaJ3wVboseV4IIKkzYI3KrJA5krZGOwWldrT2Y4PjHltHJ5/ZLmc2muAP4crW9N3V9suETw4hkhGPYrJ3AgxxzY3LclXVv/wB/tjJ2HzxbhdSuw8hqqt8HFn1l0Td219vj1P1amgFRL7TTWi7NulMzy5y8DuF558HOrQ/FDO/Dm7blez3GibcqEuHIC0uZ4XUVfDNxD0M7K+ljqYzkOaCuzRZGD2VD0vWOoqiS2znYE6crSSjUQVWcmWUsFZPB5gQNkMbclT5WBw3UGSFwPCgI3T7pafddAwuqEAPZlYDr2xDT8/Tx4IPmx3XopGVFq6OGridDK0ODxjcKnyOpulTJNHztd4GyQOy3crE1cYa7BbwvWOs7HJa697cExuJx6BeaXKHEjjjjKVZDg9foNRGccozNZCQ7U0bfdMZJocApk41gkhVkudfCwzjtZ3YTyie1+pvCHI09k2FwwAjOblqr8im8ER3CGdkUjc4Q/qSpodBoa17o3ANPKv6CsD9LScLPkZ/JdgrHQvyBnHugi3FgW1qawjcwuDmg5CPrx+ao7TW+PEDnKuGDYOWmLycmacJbQ3IQZBlG4CE/lEgBUjtE4zwVchwc3ZUUrixwICs6GUOAGckp0WIsTZIcHZ4TS0nkKRgJEAdk3ZlCkyDNFnkZUKWF34dlaSN1baf3UZ8WeyROtMfXbse5dki09Ry0QFPWhz2jh3fC1IkpqyASsLXNcNjzhYaaDV2Q6a6VtqfpYS5mc47LnXaXnJ73wn1TZXijUvj9mxmgaD5WqvmbqOCMYUi1XemuUQe12CRggncFFqYhg4GfdYZ17T6DRqoaqCnW8op5YAAcKG4Fp3CtZI3NJyOVDnhyMhZZxyOyRxg5BQHxlu4C7IC059E9sjSMYSpIVJ5G0tQ9snhyHYq0a8DdVErMYewbhPp6zzaJCRnhFGRStZctn1ANON1AqqYwyamDLXbp8b8Hc5CkEtlZgpyeOSpveRqeQjDVILs74UKXXDMMDZSIZ2nnlPjIVKKZSX20OkLqmBvfJAWbc0tyxwwV6K8BwGyz15szZA6ogbg8kBaK7MHA8loM/wCpWjKTR5UOZhbg4491YEEEghAlALTsnJ+zzFtXIykrCHgOwFaghzcgjf3WcmDmyghWdLVgtAJ4WiNnGGc+yvD4LIsDmlp3BTKCrfa7mxzTgAhEiIcMgrtRCyePBbhw3B90NkM8jtPZKmasg8NHtHTt3julFHICNQaM7rQ08pGF4p0N1C6mqBRyOxvjGV6/Tvy0OHosko5Psn055NaylNv7i7YBKESIGNwI7KBQ1Ac/STjAVi8h4GFisjhnt9NLcizpZGvaRkBHc0HuqmmeY+/KsY5QQPdINpx7O+V2JxfkEYRCMpgaGqEH6fdIjHddSUIlkDoK6GkIhx6JDB7KF7DozjflLGUklBeATogo74geymocjeN1AHHJBLNB2QpqWGrgfBOwOa8YIIyprm+6D4fuqayZ5VprDPDuvOgqqyVbrpbGExE6iGqot17jljENUdLxtkr6Dq6eCphdTVEQex4wQV4z150DLbJ3XK3MJhduQOyqEcM8r5PQfx38la7K6VjSNQOQRkFQJ2aTkBCtVc45ppjxxlTZ4tQ2GVojI87ZJT4IjXN22CjVEX83W3hHmjLXbJkjsgBbabNrOH5PRx1FLT7FFIRgH/NTYXgjJVW3LX+mFOiGw3IXRhLKyfLr6ZVzcJdok6A4hG8MADy/uhxkDlSmnWPTC1VtGWawRnNHoo8rQBnCmOQXj0RSWQYzwyC5g32UWSIOBVg5mBkoLmeoSJwNMLMFDWUWScNVPUQOjO4WvkiaQcjKqq2jLtg3Cx2Ve0bYX4KHXp2xynMcSUaeke130oOkt5WVxNkLdyJ9Fc622zMqKCYxvBzseV650d8WqevjbQ9RAxvaA1sw4P3Xi+oeqcx/bKVOCZ3fFec1Xi5p1vhej6qwH505x7oLoyPzXh3SvxLuXTYjo5gJqYbafRe02XqOz9Q04mt02SBktdsVnlW0fWfF/UOm8mkk9sv0wrmFD8LIwVMfGAMqPnkYSmsHfIz4Ad8KO+HYjCnHdNc3I2RexM0mVEtMHZ8qq66iy3SRsVozEDnDVHnpA4ZARLsx3af5Vhnn116WgqmEQ4ZIDkHCpoajqHpqTLXvdG3tkkFekVFHg8KrrbeyojMUrQQe6YpbeTg6vxyj99fY60dT2u/0jWVbWiTGlwd6qvvPSLN6m1kb5JbnYrP1/TFdRSmpt7/fDVPs/WNZbniC4xuLRsSQmw1DfBzLKnLixFKTJE90UrC17TgghO1j1C35pLF1RAZImt1EbObscrFXWw1tpe4SNc6MnyuG+yfGzJzr9PKH3xXBHEzgchS4akkgf6quieCAigYPKfC3BjRsbR1IYGCGrBezgOCvNNDcWmSlkaHEfSvOYqktAyFcW+4/LObNFJj1BW2vUJLkbjcaFwq6R5LScBSGVdPVN8ObyuOxJ4QaW90tW3RNgHgkrlRQRvOtp2O+y1127ugWEkopqd2uM5HIKLDWlnkmBCiRTVdIQGv8SP0dupram23EeEHiOXuHbJqsyC0kdqKaGsaHRkNfyHBQxLWUB01bfEYdmuapEkNXRYLBrZ2IRoq2Cpb4Uvld/iR5EzgmcikjnYHscDnsuvgGM8IUttb/AHlM4sPOxXWVckP8upjyPVWL+FMgV9mpatpEkLQfUBZm4dLywEy02fUY2K3zfCmGWOB9igyU3PlRnO1PjK7c49nm8N2rqB/h1DHOYPVW1NcqOsAGoBxV9cLHSVbTriAd6gLJV/T89M9z4MgD0Kkp4PLanxttc9qRb+ACdTCMLmnGQd1Q0t6raEmOWLWPQq3p71b6wBrh4Uh5B2RJqXZglXKAGqs1JVZcGCN/9TRhVVTba6jB0/zYx6crTYBGWkEH0TNWcghC6ylKcezFSStedL26fUEIbWyxvD4H6SP6TjC2UtuopXF74G5PfCqazpzmSjlw7nSUrYMjOMvyB0XVV0owIp9MrB3cMq9p7pYbq0CocKab+oDGVkZYZ6dxZUwkY742Qy1uctS2uCS08J8xZuJaGrhZ4lNMJ4uxacqM57JW+FVw5HG4Wft17raBw8Kclv8ASTsrym6jgrXaLhA3/maErZyZ3VOv8SNX9P0VfBogjjaecgLOVvRUsURdEQ5w7Lbvo53tEtpma8ehKA2tex3g19MY3jbOOVbqTGQ1NtfZ5tJZKqAZfHt9lCfT+GcFq9Wlo6aqB8owVWVlko3s0OjH3wkSo/Rsr8h/znnDmkcnlcYC0ZzythWdLBzS6mcCfQqoqenq6BmvRn2ASZUSRthq6p+ysZUzRnLHKTFc6jYObx7ob6aSMAvYRlDc0Ae6zSrkmMUYWdFmyvi4kxko8NSY3iSKUgjjdUB5wEQSPachxUTcewLKMmupL7X07w8SF7fQ7qzi6miqHaKqHSDtkLCxV9Qzy6shSY6+MH+acZR/K/RmlpIvk2odZp9g7GUF9nieC631TS/+k7LOMq6Z+CJMFFhrnxO1RyEEe6OM89iHTKPEWXJgvdFF5ZS5voDnCY281keG1tO7A21AIUN5q43Zc7WPQqVFfIpHaaiFuD3wjykL+OS/KIw3u3E4ma4ZTmvtFc/EbwHEZ3RJIrRXDw3RtaTwQFFfYaTH8io0O9QUTlgvbFf2JDrcG7QOAz3Qpaa7QM1U9Q047EKKbfdqeXVFPqHY6sgp7aq6wHLoy72VdkUWDFddICHVlPrZ9kQXmIf/AA7wnsv8ZGirhz6ghSmXKxz4GgNP2CrCLcUvyRFkuFJI1pLwD6ELrW0NQNIc0k9gjOt9qq3k00g1H8JKBN08wt1Q1Gh49EMoIKMox6YOSxW6UbNaFX1PSjHf3GCVIdZLi0nFST6blIPvdIfDfE5zRwUqVcX6Hxun3GRUu6VuQJwBjsoFTbqynfofC7bvhagXiuZs+NwP2XHXfLsTRA/cKbBj1E13yZNwli+uMhNbPk4IwVsPmbdM0F8Qz32ChyW6zzvLsYJ7BA4DI6pL8jOam/1D9URpHqrqTp63y/Q5wPZR5emKpm8coI7IFmHY5amp+yCSCCMoOlTZLNcYf+EHBRZKWriGXwOx7bqb8+i1ZF9Mbhq4cY2QzkckpZx3Qbs+hiaZx2M7JNSwPVIuASyJcnUks7ZSyEHZfKG5Ka5dyEs5QhAwcLun3SxyEgVTiGnwcLRglBPKOSMFBI3Q7S8obp90tPulp90tPul7GHkbpH/ylLSP/lK7pP8A8pS0n/5SpsZMiwPVLA9VzQ71S0O9VNhMnNPulp913QUtBU2EydwPVLA9UPS7+n913Q/+n90GGTKO6fdLT7rug9kvBm/oRKLZMoSS78vP/Quinm7twFceGWNSRfBcOQkI8HKYopgylg5gpeZHaAByu7fdEopA54yR8FIA5UjQEtLfRW0V8gPAI4wuafdGwuA4CBx/QHyZGaP8P7paPUImce65q9leC28nPC/w/uuiNo5C7g+qW/qomSTyLw4c5JGU4eE3jCZ5fQJHT6BWmUE1NGwameK3+lM+lOcmKOSOL9jskJZPqVwHK6r2FcjjI48lNJJ7pJKbCmsnMD0XUklYQkkklCCSSSUIJcIympKEGJLo3XcAbFQJvA1JLb1SzjgqZKbwEwUNGDXndN8N3cKk8kzjsGknaD3CcYwFZYNJEwPVLA9VMl9jdPuieH7peIEMuAGVMkwP0j+oJaR/UEDxEvEJUKJWR6pqZknunqAiSXN8ZwuavZQHcgiSSWQhKEkmpKDMiSTElChx4SHC5grgaQhayQYUw6so2g4S8I5QuOC0wHmS3PKlCFoGMLvhN/p/dWQieHnlLwlKxhcAwqSJkEIfVdEOEQjK5j3TVDJQ3Q0JaR6LpwOSu/8Ay4TYVNlocwDt2XXNzjfC1vSHwo6760DJLNZJHU8nFQ7aP9V7T0n/AGZrHbY4avq+7Crn5dTwOw0H79lphRk5mt8tp9EnveX+kfO1qsF4vcxp7RQSVUgxkNHGV690n/ZovVWWVPVdbDb2OGTACfGHt7L6Ms1jsFhpmUditMNMxgwC0ZcfuVZRWW53Bw8KlOCn/Co9nltV9R22xcalt/8AUxPSfw26L6KjY61Wlj6lo3nldqLj67jlatja2sd5GF4zthbG2/D14Y19ycwAjOx4WjhislngEVPEC8d0cK0jz1187+bJNv8AuY609CVtTpfXBsLDvkrVw0FrssYbC0asbu9UOrvE0uGReVo4VY973u1PeTlNxgTkm1Ne1xxFwob53ObkjhAlaBhNZqdkAcphR19Q4kjCjEnOSpAhcXcIvgQsaDJsoQiBzzgMjT46GolGXNw0o0tXS02zBqd2VdU3Opl2LtLfRGWk2WMbaKjB8RuXfdQau6yOy2DYdlU3O+2u2w+NcKvT6ZWKuXxF+bJpumKOeqmJ2c0bBElkZCqUja1tx8A6qufACyV169oaV5ZQ/wA1w2w1VtP0x1Zf3ibqCq+XjcM+Gx2/5rUWrpGy2lgdDStdIPxOGVfQbhs7M61vVXUWJNXy8Z53VxbOkaSnaH1Q8Z/Pm33Vw+upqPLC0AAYwFFNwmqDikblGpFbmuiYGQUjA1rGtHsAFHmr44xiEFzj2C7HSVNU3NU4gfZS4aaKIaQwHHqERaZWxtuFY4F2I4x77qdFb6dgDizLvVSMN7bJbY5QAPkY1oa7ZGzlvKCeUsn1UKcWh5JzsUslcSULR3JSyUMkDkpEgDJOAoQemveGKsul+pLcx0ktS1jWdysDcOrbx1RXG39OwStzzUHZgHt6qDY1vtmrvvXFotuqBrnTVA28NnKobdZL71Uz5++mSCld9NKH8/8AN+ys+neg6K24rbtirrnbue7cD8lqYg1ow3YBQN7URKSkgoKdlLTQiONgwAFLjO2McJPDdvMuNLW/i/ZQW+T5PTUk5dY9kNSSSS5gsSSSSEo6QEIjn3SBOeSmOO+M4SJyGkatmEUDi5254VNGwuBcTypd0fl7Yj90LaNo2XNullmuuGUiluzyXCEIULRoQ5pHTV51djhSA3TnZYu5ZOnWsRwSLVGX1OSMq3rpAyIhRLJFuZSNgu3Z5aMD8W6bBGNycrcFeB4kmTvkqxrnGKmZGzYFu6iW1viVTQRsEW7lzZQzOytjJfkseiGCNPKA47kJEnI3XDys9hojg4kkklBCSSSUIJJJJGQSSSShBi6OVxJQjWSXRAGcZ4G6BJmerc55yAVJov8AjO9IyobHebKWxS/LBKAA2C4/6Sk36Qk/6SqICc45IzshHhEf9RQzwrfCGdAHEjujRoJByjRHG5SUi5SydXHcLq47hG3hFojv5XByuu5XByksaHHCHOSMIg4Qp+yoUNkzjlX3S7AZo/ZUZI4J5Wn6XgPiMP3VTO54WG7VI2rQBSNx6KDHpkrWMIU4nFPhQqXzVrSOyx2n0Bdk+UeZrfddqiRJo7DC4/epiHunVf8A2kqkaoDGYM7Go1Ud8eijQ/8Ab8IlTvO4JY06wZeCOyKx2RhCpRlxJ7BPbwT7pcyixszQ6ocT6K1ushjpxg+yrLI0mYn1CsLvvCATykPk6NHFLyVbX6m8coejGU5rdPdMqXFkLiDvhU+hbeANlHi3TGOHL0MN4GeAsD0nH4lcXHdb5p0Enn2WaZt8esV5/ZddPR6arVjsl1jLotMpG26kWFoMbpSNyMBVfX8mm1hgO7ikxjmR0LZ7KJM89kyW5z2WbqTmrK0FU/w6Y/ZZokumJcdyV0qo7UeJ10nJIsYSfDxlGzmMRd0CIgN32RR5pm+gG6ObwgKMqWAuQ1mcbgKodkzvee5VnJnS4KtYf5m3quVqZHVq/JIu+mWn+INGO4XsjB/Jj9mBeSdKtzdYsBeuD+7b/wAq8zr5YltPbeJhtryVjP8AtUuewVL04zxusp3kcK6jBNVN9lUdHtMnWFaMfQ3K5iljo6c8ynFG0qP+0I8IAaMIFR/fo8XGEi1cnVhwcq3Yj2HZZOvdiZreS5aur/u1j69knz7M5Ppj0TaVkz3jKshsJJ22KznTbBNf9WPpdkK+vOW0EhHbP+ShdEQNNRJORlxbstieDnSWbUi9vb8SFuNgvPrk/NwfgLd3uTMrhhYCZ+uulJ3ynRMmseJbTV2QAMix6LU031LL2T6IvstTStJcMeqyaro62iX2IvYt4QPZVdwB9PVW8P8AcgeyrLgB6d1yLHlnV/pwZumYXX2nBH4gvXoM+EwkfhC8npAP47Bt+IL12Bo8BmNvKFlveAauyXa26q2Mei0qoLM0Cryd8BaJcTUzyzQkMTsj1TU0E5WGTb7IngKkuArqsIckkkmjRJJJKEEkkkoQSSSShBJJJKEGph3T0xAQ4CT3WR63cJ7t0zbQdXjXHxnN9WxsLsrXrG3QGo6/tbQcihoKipI9nPawp8BMpYNUkuA5XUwESemJ6g0YkkkoGJJJJQgkkxJQgk1+2E5Nl2H5K49kPFrWdXxoux/+gs//AHV6mvKbEc/F+5uJ/wCCM/8AmavVsha88cmXSy3bv8kS4YNKWH8bmN/+qCucZYM84VRWDW6nZjmdn7bq2PJ9ikmljH7EBAeint+aE9VHsorrqQTSNPeob/mrkHDnfdUV1J+ZoGjvOCrwnDnfdGQIhu+k/ZEUarBMJARkRWWsEQPJHMrz/wDVFTqf6h91FoMfLMI9XZ/8xUqnOHZPqrj2MZiK7LuvXb50wFXwz3VFgy9c104xpiYGrQNIduAttfoUlgzPXBP8LiHrUsH7hS4TiJoA2ACh9euAttOwbk1Mf+YUpjMQt/5Qu3ojmX2feUl94/NQaL6/yU2+/T+ahUX1Z9QvQULGDj3/AJsbV7OK8f6uz/HagjYFev1uxyV5F1aCy7yOI+rcLteN/wBw8Z9Vf/hFL9MpHdvZQ7MCb+Xe2FMleAQCFEsLgb2dl6ZvJ81k/wDUg/7ntnSUmaOSI9lbkbHdZ7pc48VnHlCvBnfdc25NTZ9U0ElPTRJcA/kNCqOqdmUf/wBPCtqc/wAlg7qp6sB+WpSP+/CKriWQNZ/tMkynMefZZDrj/wCdj/YFa0uHgt37LIdcPAtzx7Fdip8njfK//hZ/4PI3A+EZccuI5Wq+Hsmqs2OwWRqXkUmAPxFaP4aSaqxzfUrraOWJo+NaiOVg1N/3uDCNt0ap1OtoJ3KBfiPnWE+qLIf/AHb+a7mcnEtWJF505If4S8bcKNdCH2+RhO4XOlpc0xh91yvGW1Dc9lTAeODNy4dRvz2WWvJ8RkZHY4WlJ/3eRvrlZysjJbpPYrFq1mOB9C5yCoN2gZUO9w5ZkBGojiVqkXKH+QCB3XIkuDdW9ssmKmYWvxhP4DSpVbEGvGyAzhZZLazoxeUSKaYscCtJb5BJGCDnbKyg2cCFaW+rMMrRnDTsUyuWRF0M8mgkjHYfuhnhFjlaWjblNc4acJ8llGF8Mr6+ISs043G6ztTGWPwVq5Whx3VFdYSJdTRsgybNPN9EOIk7FEcxRGvLXcKVnICWzZKOAlO4xO1DupNXB48QnYN8bqG1TqKUPBicdirQmcSta/YjHC45hcMcKVWQNhl1NGMoTwC37IJxyXCRCkj09l2jndFIHHsiPbkkqM5noEt8GqEsPLNHSV0NQMA6XDsVIe0Obys3SSCN4OcK+gqo3sGg5PdCdfT35I9TTA8BVdRDpGSNlfPb4gwq6shOCAMZSZLJrlHcjPVQIeMBRicYVpVQ77t/dV0jdJzhZpxMs1tZcWGtkt9TDVxO0ujeDkL2213YNmo+oKZ2A8BsoH7r5/op8S6HbA8L0zoG8CZxslQ8aZGksJPBS2j2P035KNUvifs+o+nLjHWUwcxwPiMBG6nTQhwwR7FebfDW9imnfaapx8RhIYT6L0qRzn4I2SZrJ9k0F8dRSjzy7UTrbcpGY/lyElvtlQJGhrg4LadT2/5ulE8bfPHuseGl7cdxyhfAm6vbYxrS5/utH03W+U0znbjcLNwu0zeE7uptLOaaobID33QxllgxkboO1NwQvP8A4j2Vk1E+URZ7ggLc0s4mha8b5CgdR0j6y1yxRjJAzhaISwwNVD5a3E+UbvSupagtxgZKqnNW864tJhc57Wb5yPZYlzeN106bHE+Oea0eyxpgwS5ulxyB6qb01X/K1jqOQ/y5N2qKW7E5UBz3QVLZWndpByuvVPcj5/rKlFuKPRLRcpenLyysZnwy4E4X1T0deoLxaoaiN4cHsBO6+TgWXK0snYcua3delfA3rJ0czrHVy7tOGAnsti5PG+V00pQ3xXKPWupqJ1JVR3CnGA05OFfWypbX0bJmnfAynzQx1UJjlAIcMKkskz7XcJbdM7yE+X7dkw8znjJfOZgnZRZIw4EZVgRnfPKCWb8IwU8lVIxzDnTslp2BVhPCHMIA3UA+U4KhYihkHlHTMBQvOOTMdW2AXmkcWMAlDf1Xz3faGSkqZYZW4c1xaV9UPYDyvG/it0yaeWS6QR+V/wBQA7qmsnW8ZqvjltZ4jUwlm2FWzR6TkDCvqyMEZ9QquaEuG6x3QPZUzyiEM6gQVJDwW4UWTLHHAXYSR35WbGDU1uCuAySoxbud1LzkIB5Qsi4A4yCgEHKOuhoPZANT9Co6uaklEjD7EditbbK5tZEAHZI7Z4WMkbjjsjW2vlppgQ7H+quFm3hmfUaZyjviegtS0+6iUdSKiFsnOQpYOU5PJy2muwckYd2yUqV5gmaXbNJRVGqGkEEJieBTWS9jkDhkd0RVVuqskRO/VW7XgBaIv0Z5xaGEDCEWc7Iy4QOcI3H9ETwyHJD7KJUQasZCsyMnhBfEClyr3DN5RPjmpJfFppCw8kAq8tvVUb9MFfGWu4DxwVFnpcj6VWz0bwCWtyViv02eDt+M83qNC0k/tNtI2ORoc3B2VfNEW52WbpL1cLW1rJ2Oez1C0dLc6K4MADwHdwdly7NPtZ9L0HnaNXDKfJBmYC44Cj6XNCuKinYBlo7KvmiJyFisi0dpS3rJGDwSQgyw53SlaY3ghJtQQAC1Z12Kkw1LVFjhHKd+xVjDMBgHCo5Rq3CfBUSRgNcc4T4TwTdgvZmNlGQN1XMldFP4bsD7o9JVtI8wTqqnZVML2DDgnqSKyS2O1MBTJGZHqqulrXQy+DO4jsMlWrCC0EHKNSwDnfwzM3uzc1FM33IWYLSCclekSx6hg7rMXqztDjLC3B5WiFmDgeR8dn76zKzxg7gKNTTPik4yrB4DsgjhQqmn0jjlM+T2jy9tL6LiiqxK0bjCnMcCFlqKqdBhhzv3V3BUgsGVprmpx5Mri4j/ABHUlcKiE4I3K9U6H6p/iMfyk0mS0bZO49l5XIA79FIsFwfarkyZrsNd5Sl2RwdzwPk3otVHc8RZ9BQyaXA4VtSyiUNbqGfRZay3KO50rJGHzaRnBVvTSOp5WyZJA7LDZDcfcdBrYWxU4Phl0WOYQ4BS6V+rGThCglZOzPchNw6J+QNj2WOSwzuxeVn0WrN0ntJwhUs+RghSDuNgqCBjlEHCZjBTxwoQ6klgruCoNGYKcnYC4AcqCsHMHlMR8be6YQc8KEwgD25xug6fdSyMoZZnuoJlHJFewHGRlRaujhrIHQVEYc14wQd1Yub7oTm+6jRnsrUlhnhXW/RFTZKt1fQxkwk52HCz1FXasMnfv2X0bU0VPXQPpqmMPY4YOQvGOu+iKix1Lq6ghL4HEkho4RQWHyeP8n4t1P5KkUr2Nc3LRkKvI0lEoa/J8Kc7Hgok7W5OkLQspHmbX6IsowwuHZGpZC/AzwhP8wLcIUMrqeYHHldsVv09v9LPD+f0G+T1EOy3bwixS4OPVDY5rhsVyRrhu3lbos8ZKOeGTdBIBxlBewdwgQVZjIbIefdSxIJRlqYnkXKOOSJIz0CjuB22U9zfZBez2RBxf6ILm+6jvha5T3M43QXNxjdLktw3cVdRRB444VRV0ZZkgLVPYCMYUOSkDwVnlTno102bTJua9pwVzJHKuqu3gHIbjZVdRE5rsYWWcMG6NiYxzi7lTLZfLnZp2zUE2kg53JwoRBCY92CMBJaTNVN9lFisreGj3foz4o2y8QtpLyTS1DQG+Id2P/6LbPa36mnbK+VWSHkc9luuk/ijcrII6O4sFTSM2De7Qs04Z6Po/hPq2Lap1nD/AGe2ae+Vwt2QrRe7XfaYVNulD2OaCW5yW+ylubzuluOD3tV0L4Kyt5RFLRndDc0EYUg8pirIbSZAmgD/AMKg1FF6K7EYIOVHki3OyvIidKkZ2amLeB+6o7l0/FVl0jGgOPIWyqKcO4aoU9HjGFaWTmX6RS6POpKa52SUS0b5GY7A7LUWjq63XOMUd4iEcmNJc4ZaVMq6AyjJAWYuvTD5iZaSQNdzgo1JwONdpZLhdFxeeiGPaK2yyNOrfA+krKPbJBI6GZhY9pwWlHt3UnUvTM2ibVNAMDQ7fC11PWWDrOLSY2RVQGT2dlPhd+zm2aRLiPZiSCcEIkcpjIGMq3vHTlVaXaXsL2jcOA2wqggErQpJmKUZV/kiZDUZwCrug6gdTsbFUN1s4zzhZgZGMHhEE+AMrRGyUOgMnoDHQVMQlhdlrhnZRqmjgf5i3S71bsVlKS41FK/MMpHt2Wgt96jrP5UxDH+vqtVWohLtgyjkm0txq6DyO/nMPZymwSWu7ZwfAl7hQyGbl2yjS0QefEiJY/sW7LUrgMFu6lraLJY7xWdsHKH/ABCB/kniLT7hV9PdLjbyBLmWMfmrSG6WG8Dw3uZFL3zsmxuzwVkF4LD56eTB9Mp/zksPlmZqHqnSWOdp1QS5YdwcqKX1EDvDqI9TR3Iymp5B7JzJIKgeQjJ7FcntjZG50DdR200co8Smk0u9EWOqrKfyyMLgPVX2KnXGXZQXXpmOoBIj0u9QslXWWppHEljsDgr1KK4Us50vGh3cFFqKOlqItMkDXNPsqzg5Wr8XXYuDyKK61dA4NJL2+h7K3gvMErWmRuglaK4dG0dS4+G7TnsQsldek7pbyXNb40Q4LfRHGeTgajxdkOi2FRFKAYnh3snElZEVE9G8ZD43D12U+l6heXASnI9CrWDlWUSi+jQSRRTMLJYw4e4VTU2GB5JheWe3IVhT19PMMh4BPYo4IPBBV/FnkGErIdGSq7VW0jtWjWz1aozarw8NcCPuFt8Z2IUCts9JVgkxhrj3CTOvAS1OeJspaW6zU5D4ahzfzV5B1LTVTWw3GJr87au6pqnpqeNpfBJqx+HhVM1NPE7SQ5pHql4aD212co3Tra2VgntdWHbZ0EqM+Sqp/LXUjmj1wslTXWuonDTI4Ads7LQ0PW0UoEFwiD2nbdXjIM9NOPKRYM+Xnx4RaTzjKZLCQNwpDaSx17fFoJ3QyO3wHYGUGanvlMd2CaMfiA3UlHJmcZQfJWy2ynfqLoxvvwqmosFPKTgYWjE8ZGJgGuTRE2Q+XZIlUn0OjqZw6MZVdOyM3jGFAktdUzOWLfvgP04QXU+Ru0BIlpjVXrrPZ566nfGcFpC6ABnIyttU2uCXGYwoFRYIHNzENJWeWma6NEdVGX5GabtnCIypeNgpktlqWkloyPsor6OqZsY8hB8bQxWQfTHCsqAfqH2UhlY44BCrzG5pwQUvEI/CUvLTGyipFxHWBo3wixVWT9Th+apGv+4/NPFSRjYovkyKdCZp4q7AH8w/qjMrRn6icLNxVbsA5RBWOHcpkLBU6MdGld8jUgOkibn7KLJZaWUl8bg3KrYq8Nxl35KYy4R6QS79ExSyJlCcOhptFRC/VTyEY4IKC511ieW+I849FYR1+fKHIwq2u3cxpVkTf9SK2K51cZ0yPfspAvLuHOJUowUsuH4bk8oD7ZTucS1+PyQ4Jmv2hMuUUmzmNH5IbzQynJjAJ5wmvtrw7DP1QJKaaM4LSq76I9vpkj5WhI7DKabZTgZZMNuFGLy0cFITuKFpPsvD7TJBpZs6ozwmA17O5wEP5qcHaRdFZOOX5QOGQkn7C/NVbdnHPql84OJI8+qH823u3ddEzCd27KlBILldHTJaX/3lMMj2SNJY52gloZn2Tc0D9y3BTDTUrjlsuApsj7JiTecjn9PWaceSow7so7ukQ8fyJg4KR8o3tKntFQw+V7tu4Kv4ofom62PUirk6RuDTiNwcOyjv6aukXLAVfGauYP7x2Puux3CujORIglTF9BfyLV2zMy2a5RfVAUB1FWM+qFw/JbMXaqP1sa7HsifxYOwJKZrh9gh+ANaya4ZhXRPacOBBHsm6RnfC3nztteDroW/+UJn/ALhfkut4/RX/ABwo69R7jkw2keoQnRnnC3xoenJW5LGx57Y3QP8AZvpybcVUn6oXQH/xGD4cWYcMz3XNLf6ltn9JWc/3Va8fcoEnRtM7+7r4sn1KX8Qf8yt85Mjo9CkGnlan/Yeud/cVlK4f82EGXoq8MG7oHD1DlTqyEtTW/ZnTGBjG6To+MFWs3St2iyTGD9jlRJLPdozvQyffCH4WMjbCXsi6WjZcLRpyEQ0NY36oXD8knQPDd2nP2VfGM3peyPjfCe0NxwueGc8EJ4YcIHDALsOeX0Xcn1XdJz9KWAoolqeTpye6cD2Sx65/RD29FSrfYzKCHZdXN/Vc55KpQZOBY/w/uu8dlzbsl+eEarkwZvAwHC7yn6m+qWpvqr2ZAGlpKWD6IuAlgKtrJyCw7+n90sO/p/dF0+y55fUfqr2k5GafddxthPyPUJZHqFEsE5QzB7FLHon5SyPVWC5pAwNR5RDGAM4Sw7+kp5BKPOAt8QScu+G4nhPFNUncRqwd6BpIwo6kn6EQW6od+FQpWR9kLOU/I9VLbaKj0RBZjyW4PqoV80P2Vy5qb6qwNA0HS7b804UlMOeyHBPlT6K4b8JYPoVY4pBgNIBCbqiBB2wouSKxsgCJ3onCF3cKb49M0YzuhmsZwGI9pe9/ojCA5wU8Ure+/wCa46o9GpnjEq9iZWXIkfL0wG7Ql4VG3ducoBd6lN8h7pLQTi2SNbAcNGy4XNH4VH1gb5TfmdsYVE2thHyAHGEKR4xnI+yC+bJzhCcT6qp59DVAIZiCuGYnsuYKWkoORnCO6yuZKL4Tj2XW0jid9kSi2TgDgndPAOVKZSbAlv7orKUDBA/dFhipzUSM1pA3CK1p1BSAxoGMJuj2TVHIrfkQDdKGeUTwjz/ql4OeQrxzgDDY08KMQ7Km+H7JCEZV7BilgieE7+n910RHO4U4RMAxhcIaNwFWwnyEbwz6JCMk8IusDbSu+IP6UDWAd7GinyM4/dLQ0en6rvibEeqBglw3VBdoLpHolpC6OF1DgDLycSXUkcYORcXuQxzfdNLM90Q5xstT0l8Meu+tS02Dp6onjdxLjDP1TY05FW2xqW6ckkZIt2zldpaesrJRT0dJJM93AaF9OdFf2PZn+HW9cX6NjSMuoqTLnfYuz/ovb+kvhH0p0ixtN09ZIqYAY8d+HzH/AMa010ts4Op+pdLRLZV9z/8AI+TOkf7N3WF8Y259QSQWWjaN3VGS/fP4dv8ANe39HfBzobpZ4FHY2XetZxJUjy/+EHK9vg6RoIniSRodjjIVxHS0kAzFCA7GMrRGtRPM6/zeo1vDeF/bg88penr3cpDFVYggGNLGgAAfktBRdDUUBDqgh/2V3UztjOrb8lEmucxGmI4RqODlKbkSKe02a3efwW6h/UMosl2pYRiFu49AqeVtXVEFxynMpvDGp2yY1hFNkqe51NRtqcG/dR3ZJy7ddDmsGNK54moYxyrjEs4SB3QXvLj5RwlKO5KGaiKEYJyUWGQK6MvxhLxIYR53Yx2UOWrkd/dnCg1VTHRtM9XMGMHJccK1EJRb6LKW46fLAVDNXUS5LzkH9Flbl8QrZBmK10U1xmbw2Lg/mqmRnXXVDdNTL/Cqd+4bC7EgHoSjSDVT/qeDR3vrXp6yhzKi4xOnb/w2nJWVm606o6lYWdL2vw2cfMT8Y9grO19B2m1uMtRGKyV25dUec59d1dARUwxDFpzzgqw8xhzFmQovh9U1kravqe6SVh5MTnHS32C1Vvt1ttMQjpKeKJrfRoBXZaskY4Qh4kuzSVAXZKXZInukEQ2yXKEamtrDpiHlUqO0ibzTDZSozT0zdOwwoW5siR2l0ml9WeFMZBBSgCJoCbJWAnZyG6QyYIUB7CyVJAw0cobZDk/9U3T7rqIMNkpZKCkoBF45CpJFwBwU10jQMqEyFTS8diCVHmqAME7BYvqH4jWugc6C0yOqatnDWFQONcp9GxrqtlOzU86T2C886j+JMLZTbLc51ROdmtZ6qJFZOsusJRNeZ5KGn7xuOHH2IW0sHSVo6dj/AN3ga+V3L3DJKho2qtfdyzHWrou8dRztuHU1S6Om5FKHnJ+4XodrttDaKMUdDCGxsOQMIhaCdk5qgDnJ8HXOJPK5kriSgjPOTuSlkriSg0+Uk5NTl1T2A1JJJCAJJJcPCAgMcpkxIxhd/Eo9aR4ZWW3hDksvBVSu8Wt8xyAmVzxFFr9AnQj+a5/OFDukuIMZ9VzLn9m9nQqW5oqIPPVF5GMqY4gd+VFp25Or0UprSXALNXwtxqlLai8tkWim3GMqvuT3OqCHcDgK5jYGW874KzdS8ySEk7rQ8Rxgy18z3k+1Nx/Owote90lS8k8HAU6ib4dE5/GFWSEucXk8lVJYQ2H3TYE8hcPK73+y4eVlsNKOJJJJZYkkklCDEkkkZBJJJKEEijbYoY5Tz9J+yGUsFPomQkMoZqju7LAoEY4Uxx8K1xjG734UeMAfkhz7FrlhWfSEM/SUVDf9JVZLisMCeUxPPKYhseAmcwF0cpJDlUQJ2Qnd0UfShO7obAwB5TxymHlPHKWMYQcIc/ARBwhzbgKAx7BvGXBbTpePLmYHb1WOAIdutp0kDqb9lUz0fgl/r5NPIMMOSoluy+vO3BUupHkO6jWYg1TjjOVksPbr8sEyba4MA9U+fepdhMk/+eIThvXOB4QmlcEan/7eUerI8c7oMA/94n7pVZPzDlAg9Mca/siNH8jfuSo0OdJ3/CVMP9xF/wAqzzHRjkuLDHwSOy7dpHGQt7BGtQ8Omc4DfTsq2umcZfN33Wd/kzeuK0gT/pGSgV5/kOx6IkpyQo1c4eAc+ij6EW9Fh0XGXT6vTlbePzrI9ENAgmkxv2PotdStLzgcrNM6uhWKEai0M8Ombtysx1/VAvjpO43Wttrf91YVgOtpfFu5GfpbhLr/ACD1stlDRkrm7FPys/C7xJwCPdXd2H8jlUlIP55XRj0eL1E8zUSwzg7I9N6nso2zdyVKpdhqUuf24G6aO6YyscWwuxsSFW0wOecqbcnnwwBtuotCMz/kuPf2deqC+RYNP0c3/wB6Nz2wvVwf5TfsvLekW/8AvVq9TxiIf8q87r/9w9v4pf6RXwYNTKfZVnRbdPUtwnHoWqdSP/nTOPZQeg/Pc7nLjP8AMK52MHSWHYjXTjMmrCLGckIbnajnGEWFvmCVLlnQksAq4lrD9lk5na7jrzyFrrhjwjj+krHRf/PBydVHAm7sBemj+Hy/YrvQdLpppJyPwofUBDaF26sukGFluOBy1aEsmDH+uQOpp3NZI5hAOCsRGNUuonJI3Wm6pmIZKMcZWWoiS8/YJyWEc7Vfdbg2lnbhkX2WroACc+iy9qOY4h6LYUEbQwe/K5+plxg7WhWY4LRu0QHsqyt7/dWg/uwqus5P3XKkdT0UtIP/AH/Tj1cF63gCMAdgvMaKNgvdNluSXBeoaXYGyRqOSq1gmWT/ALUfstAqKx7VR+yuzyuDqHtlgacSSSWeTTIdB7Ig4QxyiDhCGdTk1OTENEkkkrIJJJJQgkkklCDUkkkBBiSSShBLGWt/z3XV+qGgD5Knp6Jw5zkeI/8Ady2RcAMk8LC/DdxmF/uhGr568Tlrv6mxnwx/94nwM9nZsm78Lq4CDkhdTCkdbyESRuMJsQBeM8Ik3Oyg4EOF1cHC6oGMSSSUIMSSSUIJMnIEZPOxTyRwgTf3TjnsVceyHiXTzifi5diBxB/0XqrHk4XlXS2HfFq8f/SQPzXqcI8xC0S6Mmi/q/yPkwaimB/7wn/6kqxd33UBoHzzA4fQwuCmN82+pAbGsjH8oT0RyG9UUVtwIdcrewHOJCT+hV08EHdUUrD/AB+lbyCwvWgqyBCSB3RgnBuOcpswBieD/SUwcBNn/uX/APKf8kzBeCFbc/JjPqcfqVJiOHZHqgUAxQQe7f8AUo4OEUHyGYmky7qW6PBziTH+S0EfZZ+zDxbldpv66ogH7BXQBAxlbYegGZnrskx07e3zMf8AmFZj+6b/AMoVZ1x/2WkPf5ln+as2/wB2z7Lt6RYWTjX/AJlBf/o/NQ7fjQw/dSL/AP3ZPuFEtv0s+xXoKeUmcq9/6mBXbZuR6LyjrhobeI8d4wSvVrru3C8r66BF3iP/ANCC7Hjf9w8f9VL/AOTZla04mxxsovT7j/HT90W4HE3PIUXp9w/jhPuvTRWT5fKWJQ/ye09MuHzT2f1MWhPKyvTh/wB/afVi1p5WHUrFh9T8U/8A5dBYRkjfhVfVm1LTYGcShWcIy4Kt6oA+RaT2cENT+7A/WxzSxocfBZvyFkutyTQEZ52WsZ/2dn/KP8lkuuMfIt/+mBdivs8T5XjTSPJa4aWSADADsYV18MZR/EwCRvlU91OmSaJo4cXI3QMpbfWjOBhdPSv70fItSsTaN/1GdNRqxnfYo5I/hwyeyD1E3yRuP9WE0nVa3b9l24s8/csSLHpOUO1AncFGuAOKgA8hVnSziK4tzsQrSpP86QY5RvoQ1tMw0eVzOScrP1hJlc0jhX8eBXSA8KjryG1LvdYdQ8xyaKSsidpmbgd1aVIBp844VZMA2Q42VjE4SUw1b7Llvk1t4M1cGgyEegVYAQSr+6Q6fMBuqN3lJwMLNdE20y3RyMPIUqB2lwIwour2XA7Bylxe1jnHcjT0VRrAGQpjvYrN0FYWHzK+p6qOVoDStUZrBitraY9+2xVbXNBYdQyVauII2UGo52CklklcsMzk2IpAMKRGMtQ7hATJrC5AcADKWzf+SyFzjIXYZHRP15XHsOA5cfwMKims8FtIxlVAHEZyFXOaWOLT2RKKsLGaHcItVFn+Y0bEZV4yJf2SwQSzBG6jyM23UrRvunPiKVKLNEZFacsIwplFU6Dgt5Q5Yf8AD+6CTo2HdKeUaKrXHlGhpalrxuAlUxh7cgKpo6gsIz3VvFK2Vgyo0dOi928MpquDS7Ab29VU1cZzwtPVxNPDc7Knqof8H7rPOORs45XBUNYWuB9FdWm5OpahtQ07t7jsqxzDqxjC5TudFKNX0u2SWsEon8Fis9o99tt18eChv1K/D2Bolx39SvdLJc4rrbIKuMglzRq37r5T6DvB0vtc78tcCG57L2X4bdQGiqXWepflrvpyUiSyfZPpvy0LFHc+z06ZoeMEbHYrB3Wkdb7k8H6JDkLfOOMY3yqXqG2iupjKwYexJsR7W+vfHcjG1kIGJmbEc4RWHLQc5JCdT/7wx8Txhzdio0WpjzA8nLDge4Skc9RaNV09UuewxOdwr1oDsjGQsTb6l1LVscCdLvKVs4XgNDj3T4SwNis8M8p+JlhETpHtj8r8vC8QuFM6mnLCNjuF9X9WWpt1tkgDQXtBLV83dVWx8M8kT24cwnsujVPJ8/8AqXQqL3IzONcbmjkqtnGrLe/CsqcaJcuGexUe707KWcFg+tdWiXB8t8lpVGWUX3RleJKOW3PPnbkgeqnB1Taapt6oJHRy0pBcGnGVjLdXOt1wjqW8ZGoeoW7dIIa+HxiH0dyaAfYldOqS9nktVXh59M+peg+pqfqnp2luMLwXOYNY91Ou9u8cipi2kbvkL56+EnVA6G6yksVdUuFDctog47NeDt/mvpjaWMEHLXDYpuUeJ1+l/i3cP7XyhlprDUQBj3Zc3ZTHRjsVTBrrfWhwOGSHP2Ku2OD2hw7phzwT4w7uq2tg04lYOdiFcEZQywO2O6gRRtd6hPSqo/l5yzGx3Cc1ocM5UIMIyqq+WmC6UMtPNGHBwOMq58P3TXs43UDhNwllHyd1ZZpLLdZqORhDQ4ln2WXqG+XYL6L+MHSMd1trK+hhHzUJJIaNy1fPU4wcHkJVqyj3PjtTDUVLb2VU0WXZIQ8aeVMlaC5RZYztgLDOLOvCSQmpjkh3Tn8JRcuyMmp55Qzwg6DXDEcYKjYDTkbboxymoJfsci0tF3fSPEcjssOy1sM8c8YkjOQV548HkFXtku4jAhe7Bb6902FmODn6nSv84mvBymTNy1NhfraHA7EbIycmc5prshxSOhlBwrqGcvaFV1DASC0J1vqzFN4bk6GRcopl20Lq6xwcMtTlsiuBWAeAhlueykIeAphEBGJqjPhG+2FNLduUPwzk78pdkNyJ10U1XT54G2OFUSw1FITNATzkgLTyRau2VFqaYluA1Y7dPuNem1M6ZKUGNtXUTahjaaqGmTGASeVaBrZRkceqyVTRuY7XG3BAylR3qupJQ2pBDCcNPZcy/SntfE/UDl/p3vBoqmkycgKBPCWKbT3GOqY0Yy7vvsU6eIFocByuTZXteD11epjZ+LyVRkLTgjlNec4LThGngOcgbKMfJ9Wf1S39g7dkI2pdE4bqzo7nCQMndUxwdnFNDdsg79kSsKUsMvbjQsrIvHgxqAzsolDcXwPFNUZzwCUa33NjI/DlzkbJXCijq2GWMYf/AJrRGWeyp55lFlp9YG4UaeIO3xlVFDdJaOQUtXkjOGuKu2vbI0OYcgpyfBFNSRlb3ZMF1VTNx3c0f5rOTtLxjGML0eaMY33Cy96tgjcJ4G7OOCPRHFnF8loF/uVoyU0Ja4EDGFIpasghpHCfOxp2AUSSIxu1BOhNx6PNW1clzHOHAbp5weFU0tQM4KsI36htun/JvMyjhm06P6jkodMT5DgHBB9F65QyNrIWTRuBDwDt2XzrHK+J2thwV6f0P1RinZBJLkjbBKRLGD6L9M+YaS01h6ZQ1zaerEMow3sVdeScam8dlQFrKmn1RkZeMgqytlW1oFPKcHsT6rFZHLPqOi1SX2TZYQeWUNO2VPaAFDfGSQWjCPTyE7EcJLWDp8dhSMpw5Tk5jNSheMHABhdwF0jBwV1n1BQI4Gk7gJ+hvongDC4oXg5gYx2TXNbpOyekoWRSDlcUktbg7KOQcqCnyCcMhRyDk7KYQcIJZufL+6gucACj1tLHWU76aVrXMeMHIyphZgZyhE6u3CtdmaytNYZ4f1t0HPY6l1bSMLoHHJAHCzTJCW4PphfR1dR09fTupqlgc1wxv2Xi/WXRdRY6p9RTsLqd5yMdk6LPC+X8U6c21/iZgjAJUaTkHHCkt7oUjdtlprltPF6yv5IOP7DUdTuGlWTfMBhZ8amSAgq5oqkaRkLp0z3I+c6/TOibCvp2PBLm79lENRNSSBzmYYThWeMIU0LJWGN4yCnnNUucPoNHJFUxB8bh7j0QpGDCqpKeptsnjwuLo/xNU+krIqxgcw4zyD2KMLZjldDXnB4QnKa+LvjlCcz2UxktP0RSzHdD0BSyzPdC0+6BrI1NkCogDhsFUVVJk5AWhezKjSQB3ZKlXk0V2uJlp4TH+HCi6c8rQVVLrzhqq5qd0ZxhYrK3E6FdqkiEBhdD8nhF0HBQJGHbCztDpfcWVrv9zsc7ai3T6SDnBOy9j6K+KlsvzmW25gUlaGgN1O8sp9vf2XhKexxaMjlLlDJ3/F+d1HjWoptx/TPqsuB3HCaRjuvCOj/ihc+ntFJcGCqo27Y7tHsvYrF1TZ+o4RNbZ9QxktOxCVKto+neL+oNJ5JKMJYl+mWRBQnDsVJI74QjygUXk7zeFyR5Ix6ZQHQ69+MKc5urumBuO6dGIixZKuelDhgNVdPQhrsrQBoOx7qNNAH9se6mMmKyvJlbhbYahuiWMbhZGv6dqqWU1NvmfG4bgtJC9MqKAO3AVfPbyOAFTX6OfdpvaMhZ/iFcraRRX+m+apx5S5wyQFoJ7bYuo4fm7DUMY476T6+mFU3ax080hdjBcNxhURttxs83zNtncwg58p2P5IVc4Pk51tUU8TXBOrrbW22Tw6uAsB4djYqI4jI3CvrZ8SaeVoouqaVhx5WyGPOFOrOlLbeIhW2KtjcXjIDXbfotUdVGSwc6ej3P/TMqHHGQeF1srs8ldrKGstshirIXMIOMkbFCDwQnRtT6MzjtWH2W1HeZqchsrzIwdid1d01yhqGjwZfyKxj885TY55InamPLT90+vUNPkU0snoDZWuGHtBQX0FI93iCMA+oVHb+oI3BsVSMEbaleMflocx2QeFrrsUugAsFxvFrdlj/mIP8Au3bkfZWtL1DZ7gPDrP8Ad5Dt5gqsS7jUFyeCiq2YliGr1A3WtWOGAMl5La9vHoZmvadxpOUBlbV0rtFZCJY+ONwqOL+KWx2uhqS9gP0Eq3p+qqSVohvFKYnHbVjZPhbF9gyltJXytquPmb5XemcEIM1DdaJuuEvfGOO5CM+3R1DBU0Mgc07gsO4T2V11oGgD+YzuHb7Isp9ASakRobk1/wDLnbocO+FI/lyt8pa4fqisrbHc/wCXKwRTHnbG6DPYjF/NopiDzseVYLSawyqunT1FcAS6BmfYYWUuPRUg1OpTpx2IW2FZNGTFUt0uG2SOU8v8VuQcooLLObqfH12PK4PJKihudC7S+J+B3AXae7VVOdi4/mvUJ2R5LXxsd9xlUtb0nbKuQzGIRk86dgU7GODi3eKeftKGg6gjcQ2oz7q2ZUU8rQ6OVpB91TV/SNbE4vox4jPvuFVyUlXTO0StkYfzQYOZb45x9Gv2cMg7Jj6SnnaRLE12e+N1m6W8VVL5XHW0dj2VhT9QxPfpnjLR6hC4pmP4Zw/EVV0zDM4mJ4bn1VFX9O1NMSdGodi1bOKphnaHRyAg+6JjI3CGVWQ4W2w7Z5y2SvonZie4aexVxb+ublTkR1uJIxtgrRz2qhndqfA3J7gKouPSIc0yUrgc9il7Wg1dVY8WInw37p+6NAnc2F7vyU11oY6ISUUwcDwWnKwdX07X0o1iI/kEGju94tLwYZ34ad2EnCDLRJ6WqXNbNy+kuFKPEqYHOZ6t3QxPE/Hb7hVNF8RJw8Nq2tc07FpWihvVjucA8QMbnkYwQrjtn0zNKE6u0yMY2ObkHKEYRn0Vgy2QStLrfUnHo47KHLT1cEmJo8j1AUlUKcsgTStIORso7rfA7YsU0TQ7N1HKKGBzctbz7pTqXsZG1x6KWSy07gcNUN3T7SSRHstH4Y7BNOR2QTog+kNjqZr2Y2awVDJCGcehUKa31Mbi18Z27rfH3ahvijk2dG0j7JD0y9D465rswQjLNiMJO+63MlsoX4zA3PfZVtV01BI4ujOAeyF6eXodDWRz9xmA7b1Sa9zc4BVxJ0rUNyYicfdQ5LDXMBJaSB7oPjcexvzVz6Ax1crNgThSG3QbB0Z/VQ3000RxIwjCCXHBGChyxmyMlwXkVyYRu0qSy4Ru2x+6zTXbYDiPzTg9wOS5x/NVkW6EzWR1gO6IakOG7VlWVczdmn90dtfNndyJSwLen/RotNG/zOjGTyuGgpJxhhDDzyqeOv4yjC4t91MoFVSRIfap2k6SHDsVGlpaiMeZiPHXOduHEI7biQMFoKspuS7KdzHtJDmkLpkDeQrllTC44MbRn1CbLT2+XJLQCfQoWskV2O0UzS0nsmNdoOQ7Cs32immOIpvDPqgy9O1QbmKpid+aXNSfQ6N0CM2pl7uCf85JGQSchBlst2jOS0OxxgqPLTXJn97TSY+yptoPMJ9Fi24t/E1O/iEXduFTZkjAMrXDO+4TDWROOnJCHe/0X8UHyaD5ynDNWQfZOjlhmGzh9lnmvzuHp4c4jIduFcbfQLoXo0BEI5eP1TPDYdshZ/xnsJw4/qnCoqGn+9KN2pFfAzQ+DGe4XPBZ6gKlbV1A/GNlwXacbEZQqzID08m+C6NOc7PP6pCB39X7qmF2l75ThdndwUfBfwSXoumte05DiPzXfElA2lP6qk/ix9Cui5kdyl7ki/gmi5+arA7ImyB6qQLnVadJcD91n/4qfddF1P8ASSplMp0TZd/NnO7Iz/4Qk6enOz4Iz/4QqX+Kj3XDcGk8n9VUlguNM4lzm3d6aM/+EJuLaQR8vH/5Qqf59p7pnzLf6ygaTC2S9suDT207/Ls/8qXy1uP/AAW/oqf5pv8AWUhVDs8qlFItxcu2W5pbdgjwh+gQTb7f2aP0VeZz/Uf1QfGkzyf1RJxSwivj/wD1mWv8OoB2b+iX8OoM8N/RVXjSf1u/VLxn/wBZ/VCkk8k2S9SZZfw+g/pb+iX8OoDtpb+irfFd/WV3xXf1lHlfot1z/wCZk51qoCc5H6Ln8KoPUfkFB8V39ZS8V/8AUf1Q9kcJr+pk7+EUH/eP/VL+EUH/AHj/ANVB8V/9R/VLxX/1H9VWEDtn/wAzJ38KoB+J/wCq6LbQjbSP0UDx5PU/ql48nqf1UwibZ/8AMyx/hlD/AEj9EhbKEb4H6KB40nqf1SE0nqf1Uwi1CT7kyx+Socf3bf0QvlKHJ8jf0UHxHf1lD1SOP94VIRyMUWlgt2sp2jSGtwP8K45tL3a3b2VUXPH4ym5kP4yjcEi2mWRdSA/3bf0TvmYWjYBVjAT+I7JxBx9RVbEXtZNNZGOB+yGawdjhQX8rvl9FWMBbMks1zwD/ADEF9ZIRjxMhR0sBTgNQwONU/vumunLhhMyEi4BVwEojHZJzhc1EjCTpA38KjeISfpQZDUUgxZnfK75PUfqmGR2Pp5Q3RvPqqcmi3tDbf1BMMwwduFxsDz2/dPFITyrTcisYAmd2dgl47u7VIFJk5xuiNpWhBtZN+1kIiQ74XAx2dxhWjadoGNAS8EDgKbA3YVpgc7GGIjaI8lWPhNbjYLrmDACYoA/KQRSD0RY6UNOQpOD6p2n3V7EgHOXsCIm4wAu+GBwEbf0XBqPCL7Yrgjk2hmAOyROU0yN7peJGlPCFtNiBz2Twwe36oBqYRtq3QzWDGyLAeGTNLfULhLB3yoTqh3ouh5cM5VZQSgSPFA4wkZvsoespayryTYiSZyhmYnbCahtUyy1HAUnO64h7ruHYyr2sDb7QZJcbknGFpOmfh51p1jKIOnOnqyte7jw2ZB/NFGDYNlkKluskkv7mfS3PC+lOjf7FXV1e6Oo6xucFsgcMlkTRJIPbfYH8ivcujv7M3wp6NbFJJaP4tMzl9WdQcfUt4/QBMVJwtV9SaKiWyH3P+x8OdOfDnrjq3bp3pqtruN4o8t343XtfR/8AYz6orS2brO6Q21rhkwRsErx98nGf1X2HFHb6BohoKOKmia3DY42gABckmaPzTYVY4OFqvqTVXR2U4iv/ADPJukP7Nnww6LMdQ20/xKrZxNVYcP8Ay8f5L0mnpIYY2wU8TIo2jDWsbgAfZSXu7nsoktYIRknC0KrBwbb7r1m2bbJAg0jJ4G66ahrRhhVZNdycjX2VfLW1LuDhPjDBlxguZbmGH+Yf3UKpubpBiEqA1s0g1SuynMaGnhWGEEs0j8vdnKO1obvtuoxeGcDlcy55BAJUwQkvnfHtHshCWV5y53C4SGjLlFnu9HBw8Z9ii2svGSwJ7koD62FoIa/zKhrOoGniTDVUVF+cSBRjXIeBnlEoDFHJqqiscAXOOwVFX9R0NI0yPmBcOACql1uv14cJKqpdBGfwtdjKnUvTFup3Ne9nivHd26Yol9EGTqPqK6fyLLQ+Fn/jSt2CbD0bWVj2y9QXeaszuYtR0j2C0cZjiboYcD0UWpuRDtERwB3UGKbXR2ltFptQaKOjjZjggbostSMbYUBtVPMSSc4TmRSvI8QaQoSS3Lk5PVtBAc8hMzNLjQwuBUkUcRw6XGy5LXU1O3Qx26gvGAUdCXEOnbjCK+ejpxhnIUOStnmOGnYprIHuOp4xlQhIfcS46Ye6Gdcm7gnthaPwhSBGAMYRJZJkjsiJARGtwikYXMhUMQ4bLqSSoYMSXcbauB6qluHVVuonmCHNZUHYRQ+Y5UBUXLouZd8EOCyvUHXVss7TBC11dV50iGDff3PZBqLP1R1RmK7Sfw+ieciOI6ZcehI4VvaumLVYmBlFAzVjDpCMvd9z3UGLbX2smPNl616zLZbxUMt9Cd/AYPMR6EgrU2Lo+wWd3jRUEbpwMeI4ZP7q3xjYbLrdu6hUtRu4SwdfjVsFzKSSgPfIkkxJQsSSSShBJJJKEPlVOSTV0p59HrxJJJIQRiaTldPC6lyeAsjTs059FVXOcshOO6s5d8YKzl1k8SdkGTgO/VY9VLETTTHMg8AaIQ4dxlUV4ld4oYDtyrt5DY2jONlna14lqSW5wNlzrnmtQOhQuQ1K0CIH1yptFHrqG7cKPTtIhbsrO1xHWZiNggrWEkS3iOSbWTeFSloGFnWuLpFbXqqYyMR/iKqacFzgUyUucA0r7dxbB/h2/wC5VSeCM7lWVa8Mo2M91VkZHKlk3jAdKwnIR2TF1y4scnlmkYnpieqKQkkklCxiSSSMgkkklCD1z1XUsZ29SgISK86YqeEcDzobdxlPuBBkjb/SwBMbsFT6FQ6ydQkkR/0lToZ0ATUR/wBRQ0mz0UJOTU5SPRB54QXd0Y8ILu6trI0AeU8cph5TxylBMIOE1+xC60gjZMlOMFQGPY52DhbzpKMCAvLe2xXn7gcgcL0rpaIC1Rk8lBbLB6j6ejuuZYVZIYfsotgJMmTySj1jtIfk8DZBsDc+f1JWafPR7KPM0Tn/APzxCdxVEoRGu4ZRXf35QmhgKd2a9yVZ/f8A5odF/wBuefdEq96jA5yoSI9m36KWN4Y/sojFPhjMgjjaCVmsNtPZd0flpx22VTW4dUZB4Ks5HiKINA4GFRyEunIJ7pEezTLoe45DfZQbs4tix6hTmt4VbeneUfZDOW1CrvwZquh4cW4uIxklay3xaqgDGyzfSbA20txtly1VmH+8grK55OzpliuOP0aKkk8KMRkcLzPqiQy3qd3YDAXpLiGxud2AK8uu0onrZZAfxEfuqq/IR5aW2tIz13diE5Kqbf55CewUi/PeXFgdgAKNado8HddKPR4y2e67BLndggKfRgOgbvg8KtqCCVZtaGxsa3YYSr+uDXpE08sh3Lbyjsh0DcEnG6dWY8Z2TsnUQGMhcq7s69H5ml6R/wDnq37L1KTaD/wn/JeW9IEG7N/Jeo1BxGW+y87r/wDcPceK/wBopoHY8c4/CSo/w5dqluDyOXndEaQIpz/gch/DX/slc7G5lIyufLo6Ef8AcRsH7b+i7T7nC4d2hOpuVnecnRBV5zE7/lKx8QxWv9lr6/aF5/wlZKgw8yPI82o7rVW8Iz3dkPqIE0ZAO6venovCs8eRglu/6KivpIbE0jkrS28AWxmBjyJ67M8Y7rWzD9VSeSXb1VFaGh0hJ9ArHqqTM2hrti7dQ7M06nELR/ScPUS3WvBrbV9bR6YW4o2gNZj0/wBFh7U7VKB7rc0owxn2XK1XB6Lx/wDtko/Sq6qHl9sqxP0qvq/7l2OVzpHR9EG3YN9pv+YL1bA0j7Lym2Ai80zjxqC9YDTp/JZ9RwXHskWkAPkeBurZnJyqy08yff8A1Vo1cDU8yyGDRUJFWdkOjlEBGEJdHKoMKkuDhdRDRySSSMgkkklCCTU5NVMgkxPTEJBiRGRhJJQFES51cdFQT1UjsCNhd+yz3wzpXQdFW10gGqeN05Hu97n5/wDqv2TfitXSUPQlykiPmlYIfcasjKu7VSOoLTR0T8aoIWxnHGQnwM85ZlgmNI9QnKNk6uUdrgBglMCXQeL1SeclKL/RcdyoNBpJJKBjEkklCCSPCSR4UIDJOUx+zDn0T/xIdT/d7eiuPZDxHpQk/Fi8k9tvy2XrMLdR0g+q8m6XGPiffnerTj9l6vAdwFokspGTR/1/5H/Vci0fhgKktzgZKj07f/eEshGwjAUlBg3DEsZSykqIVwZ/7/hOP7uk/cvIVrUHVp9AdwoMY/8AejpQM6Yg390aZxLwB3RlBnkEDCFUf9klx2B/yXSMAJk3/Z5//pZTceiZBwDFFTgD8H+q7nC7CAKeEekYQZRhpJ91eMMsyHT+T884/iqn/wCQV8NmZVLYG6YJyRzO8/uVcNO2MLZV2hRmuud6akH/AOss/wA1ZN+hn2VZ1sctoc96hv8AmFZ8Mb9l3dN+Jx7/AMzO3/8AuH/cKHbhhrApl/H+7vPuFCt7hhi72nf2o5N/+6Ouw+kLy/r5mm6Rn/AAvU7oMln5LzP4hMxcY8nfSF2fHPFh5f6njnRyPPLs/RK33UbpwF17LvVHvRxIAUDp2TRdx7len5XJ8m/+pE9jtDvCrIj6twteDkZWIpHltTTnHIC2zSAxpPoFg1PMsn1HxEt1W0JB9SgdUA/IA4/Ep8H1KN1O0fw4bd0FT/1Eb9Us0SIkW9LH/wAo/wAlkOuD/urR/iBWugOaSMj0Cx/XG8DfuF2YdnhfLf8A4Znll2BFXI47ZaVzo13hX2M+v/VLqHaoOP6VF6Xk8O8Q57ldCniSZ8o1i+9nqXUwIpYz3LsoERP8Ld9gpfUozRU0oGxaFAZvbHn2C7UJcHm7vzYXpd2K/Geyvared49lmen3EXBuD2WiqT/vDh3IRvoyzfJmJMivf75VBcvLVEn3K0FQP9+J91n71/2nb1KyX/izVQiBNl7sqZTyERhnsoWoKRBOM4IXMNU0MuTAYzlUE8YaVo61pfGcHsqGdhGMlBNcZNGmZCOR2XNXsjEA524QSDlZZLHR0FycblpyFLpq58WMDjsoi445OQcIoSy8ATgpI09JWxyxB2vfgplQ4cjfO6pKecxnZWDKgPanJ5RllU4yI1cAQT7KBCcPGFPqd8/ZV3Dt0Q+tt9k8kGIt7qM4nhGgO35FMeCClBoFktxhW9PPHURBoOC0YIVU7jPoE2iqfBnBOwOyOLBsWeSzqIQNwMILSDsVOfpkacDsoL43Nfn1KKcci1LDwCmbjfGVCfGecKyOHj7ID4h6JMoDVLBDBdGckcKZS1x1Bp2UaYH0UduWuzhLaNNU5R5RoA8SNyXBRKmIFvCDT1GAGnKm4a5uxSZRydrTzjZHhlLNAGu4UORoBGArqpiG+AqyeIg5Lf3WaaDlFEu03CSinjnad28r160XQSMprrTvw5oBOCvDS8jYbLY9E30xj5CZ2QeMnhJaO/4TWxomqpez616bvMV6tkU4I1BozurJ7c7cg8rx/oPqJ1DWNopXeR/G69eY7U0ObuCMhLnA+y+L1j1FOHzgx96t77ZXfNM/upT+irq+EhzKmMbHlbW6UbbjSPp3bHGWn0Ky9L4QD7TUHErfpceHBZHHD4Nk4YIMP8wZC1VprDPTNY76o/KVlJWSW6fS8eU91aWqp8Gdpz5JNkyIh/aarAcC124IwvFPij086iujqoM/lTD917Qw4OVT9dWOO9WN2iPMkbdQwN1rqnsZy/KaeOooaa5PlKojEc72t23Xa2D56h1AfzIxyp91p2srHiMZAO+6FROayXQ7h+y7GnsyfHvJaTdJoyz2lzCfxDYrXWOo/jHSslGXZqre7WzffCoLvTfJXKSAfS4agUumroLRfoZXn+RJ5JG9sFdKLPE+Qo+xxj+S5NwP/rl6diraZ2iut3cc9v8Aovof4M9cRdW9HwRTH/faIeHKCdzjYlfOLpD0n1O6QAvt1xGrI4AP+fK0nS3UA+G/xAFZGD/DrmQ2odq2LSf/AJqfGTbPK6vSx1Ne1f8A80f/ALo+o6yHx6fVjcbp9DI7wAH7lOo6uCspPEjPPZca3TwtCPIy4eGTAcpIbURWWRqujbUtI79iqWBz4Z3U8p+knGVpBuqy6Wxz81MP1DkDlQgFI7qPDO5zMO5GyO12rsoQjVVJDVRGGZuQ4Y+y+d/jF0E6w1rbxSMJgqHEOIHBX0i1U/UNlor7ROoq2MPjPYqnyjf47VPS2ZzwfHIbjugSxgj2Wn6z6WqOlbq+lmIdG4l0bxwW5/zWfdkg7cLLOOT3Gnu+aCnHpla5ha4khcD89lIkaD2UN+WnjlZZxwzWh5BI2Q3tLcZHKLHIDjPK7IwEZCU02NZFIHKCQcqQ4YPGyYcIegwZ4Kj+YHOSFJPKY5owQFT/AGM/sX1gvzm4pap+Rw1xWobLqxgcrzPzRvy04IWnsN91gU9Q7cbAlNrsx2c7VaV43xNQTjnfKjvYWSF7e6OxzX7kLjmahnHC07jnNNdk+grA+MNPI5yrLGRlZuJxikGArmlq9bQForsEWIkHZPTOU9O7BGLhAxldSVkBOYCc4QHMaRg9lLIHKHgoXFNYIV0lM076VX1dEyeN0UjRg8H0V4+H2yo0kWeyyW0b1wFGbRi5W11pmzHI/T2Odlc2q/tqj8vUuAd2KsZ6RsjdEkYcPQhZq5WQwPMlPqB52XIv0rzwek8Z5WdTSmzUPAd22UKphyRhUFvvVZSvEMz9TePMrtldHPgM3K5ttLPbaXyVdyAzBzMBcY7nZHkAfgqO8YG3dZdjTNqt3coLnBBadwp9FWnAhmd9iqgP33KKHgcFMhIZ8mOC2rqFlUwkDDxwVApq6ooXeDLkgHupNLXuDdLxkDgo80FPVs1HGSOVqhPAX90ToZWzxh2QcjKFUQRyDBaCDsQqFlTVW2bwn58POxV1BUsnjD2HPqjymV8qfDMndbJUU0zpIW6oySRjsqOdgkGnhekTNDxxnZZS7WcRymWEY1I1I4mu0W57oGX0vjeNPdWFFUZADkKRgyQQgNcYH6wM/mnQlt7ODOv45F212d1JtdfJSVAc1+kFQKaoZJGHN57j0SkJBGnupY8mnT2yqkpxZ7p0X1C2tpWwyHLgMcrXaNgQd/VfP3Tt/koZmN1lvocr2rpu9x3OnAfINbRk7pGD6f4LycdTFRmzYWmrMzTBMfO0bH2UtxMLw4D91nZRPBKKuAnA5CvqSdlbAHu5xus9iye+onvikWUDhNEH7AojW6e6hUzjDLocfKeFO1AnAKA0Pg6kkkoNHJJJKEEkkkoQam6G+ickoQAQPRDLPZSkEhQV2ALO2EF0eN1KIQnNzsoLnAjEEHBCiXC309wp3U1TGHNcMb9lYFuTngoTsnkYTE8Mx20wui4TXZ4l1f0fUWWodPAwugcc7DhZZ7M919EXChp6+ndTVDA5rhjfsvIer+lZLJUGWMZhefKewTYTyfPfNeIennvrX2mOfGBvjhKkqTG7GEeRvIUGWItdqx+63U2bT5p5bQfLlxL6nqw9oGyksOcrPUtX4b2tOcK6gqQ5gwF0YSyeMvr+JuLDvaHDdVNTbXtkM9G/QeS3sSrcHKb4fujayLrmo9lbRXcPIp6gaZG7bqa92oKLWWyGpJkb5X+oUKCsmo3fLVjXHHDh3CKMsD3KElmJZO7oRByjNcHty0ggpuAoRMEgloKkpigRCkha7kKvrKIAagrhzfdCljykygpD4WOJmJYNJxgqLJEAtFPTB3DeAquppnZwAsllOOjbVfu7KwtwmuJZwMqU6I9xhCkj7EJEo4NO5AOSpVJW1tslbU0NS+GRu4c04QAMd0/G2EEl+x1Ns6LFOt4Z6h0t8ZGYjoepIHMcAG/MtPk+7vRen01RDVwMqKeRskbwHBzTkEL5be0FXPT3V176Yl8S3VcnhE5dC45YfXb1Smke48T9Wzq/0tbyv2fSCaRjusl0n8S7F1Pimc/5asDd4nn6j3IWr8TU3LeFD3dHkKdTFTqkmjh2QjGfRFOefVdAHooOlLJFdGCo8tO1ww5uysdPuhOiBIGeVGgHFMqJLVBIcloVPcLQIydLP+hWtMOBlCMOrYtCXOtGS3TRmea3Hp+nqmkSQgH7Kh+XvPTcwqLVUvDc50Ekt/RerVtjEpMkBGT+Eqgr7c6Hyyw7e4SJQfowT0zrf2ldbfiFQXRraLqWia1xGNRZ5Py/EFIrOlqWuZ81Yqlj2nfRnP6Kor7DS1YJDcOVXH/tD09J4luqXaB+E7ghFGconPtgpPEw9ZSVdA4tqYHNI742UdoDtx37rR0fW1tr2tp75TNYHDBdjLQf9E28WS0ut/8AE7JcontPEGf3B/0WiNyZlt00Ix3QM94WnDs5UyiuVXRnySlzR+FxyFXSmopnBs0ZaOxPdOZMCM6eU6NsofiYGmjYUd2hq2A6g13cEqe1xwsMHEDLTg9lPoOoamnAiqz4jW7A98LZTqv+ZgGu8Ut2xymvhiqAPFZlRKS4U1aMxP39CpoOxHqt9dinyhc68gImV1tk8a31LgO7Cdv0VrS9VNyI66HQ/guxsVAyc5yUOSOKUaXtB/JaIz29ithohFariNbdDXnfUxda24W85if4kY4HKy4pJKfz0k7mOHvyp1H1NUU58KujOONQTFfH2A24svm1LKwFtdTjH9WFGqLXNEPEt1Q32aSlBcaWsaDHI3fsjMmMZyBymxsS5RUnuK01Gg+HXQ+G4fixsU7wmEaongg9sq31UdQPDrIdTT6DhQqqwPaPGtVTkdmEq/kFSrwQXMexpGCMqBJSQTEumjDvupD6y70D9NyoS+LjLRlFhuFurG6WkMPoTuFZktoU+zN1/TlJM7VH5CfQKkqOnK2N5EYD29iFvpaRx8zMOB4wVHMboxhzcfdQy2aCEjzlwqqZxjOthBwVJZeayFgZrLgPVbGot8FUT4kYz6qqq+nWNOYRnP7Izl3+OaeURKLqamkLY6hpY/gnsrllZBIMRStdn0KzNZYJA3WYuO4VcYJ4v7qRzP1Qp4ObbpUukzcFuvtn8lDms9DM/W+nbqPOAqClv91oiGFwewdzurai6tonlrKuLwnH8QRYr/qFKqUOisunR0M2ZKcYJ7Kif09dKZ5Yx7sBejxz0NY3NLVxuPoThdNFJ9WxQS09cuYhK66HElwebw3q72s+E58gDfdXVF1y6RrY6jBPGr/qtFU2illJ8SFuojHCoa7oqjljJpj4cnPsl7LY/jyTdTPiawXlNcbNcWASBjHkfUMIpogMmkqQ/wDwlYio6UuNLF4kchf7AoEFx6gtQBeZNDeNW+EKz/WinpYS/CRu3xVUbcvZt7IWojkD9FUUHXQDGsq4dR4KuqXqKx3CQMOI3f4uFMRZnsqlV2sjWwhwBCa6PGxViaCGpGujqm57DPKa+31cbdRaH49FNiE78P8ARW+G7PCRBG6m+G5g88RGfZCcxpKHYxinkjmQjbSm+I07OZlHMeOQglpHZLnXkibQ11NSTDzxDKiS2SimyC0AH2Uvngrjj6lK+JMbG2fplVL0xRn+7bkqvl6XmBJhfgei0e4/EV1snsqlRD0NV9kX2ZCSwXCMnyghR5KCqi+pi2+rV2QzGx23+iVKnPQ6Orl7MQfEjOHNOfskZ3M7LYSUFM/8A/RRp7XSzM0eGPvhB8LGx1UfaM3HXEYzsUaOv33IVm+w0oGN1El6eAd/L/XKW4Tj6LVtcjnz0IH1blFiqGO/Fyoz7FMPpdhRpKKsiJa1p24KFb12i0oemWvjeh59EVs7gMjlUBbcIz3wE81NZCMu3RbmVKqLL5tZPnzOJwntuVTjB3WfZdp+4wEVl1bgapeeVTnFdlKnBd/NQyAtqKVkjXb8bhC+WtMx0upww+pCr2XCA8vCMKqnIyJQonGRJQl2mHls9ud9LmhQn9OAk+FVbeileI152IRWvGk5/wA1eyHokZWR9lW/p2uAzG5rh91GltFwj5iz+avDM4k4J/VFFS/GkycKSqT6LV1hmHwVceA6IlN8w5bhan5lp+pgP3C54lK/aSlj++lUoBrU4MucnkLgLR3WnMVCf/hm/ogSUNFJgeE0fko4N8IYtSvZQam+qWpvqrs2akduCB+Sb/A4j9Lwqdcwv5Mf2U2QlkK2Nif+GUBNNkmG/iNKDE16J/Ii/ZVHPdLJVi601AONTVz+Ez/1NUwyfNH9kDyrn5qZ8hPnSWn7pfw+b0P6K8E+WJDwUsFS/kZf6T+iXyMv9J/RTBW9ETUUslTPkpvRL5OX0UwXuRDyUslTPk5fRL5OX0UwTKIeSlkqT8nL6JGklHb9lMEciNkpZKKYJhsW/sl4Mv8AT+ymCOQLJSyUXwZv6FwwTH8CmCZQ3ISyPVO+UnP4Sl8pP/SVRMoaku/Jz/0ldFHN3bhRvBMoYXE9x+qb+iMLfORnKX8On9UrfgmUMGD3SL8b5RvkJRjzLnyEp/Erm+i00mBNQQfpTTUg9h+qMaLGzv8ANdFvgHqom2g98fRE+ZHsu/MZBAAUv5KH+g/ql8lCOGn9VHllqwhGQn8K4Xk/hKm/LNHAXRTtS3HJfyEHDzwFwQzn8OArH5doHCWD6qnBk+Qgtpyedk5lHv8AZSsgHdE1MUSK+QifKgchPbA0cDGETITS/YjCspSbY0xxjhODWeqETvsuZx3VqXGAuwulvZOamAZ3S8oGXHZDlBKLYRJC+ZgHMnCC+5QN4JKFzSK2y9Ilp+QquW6NI/lu3UZ9bO8gl2yreFGD9lwXMbuXgYTTVU4GTIqn5iTGCShE5OVfysL402WjrhCMgOyorrhKcjGyiLo5VObkO+OEUH+akO+Fw1DyMEJoAwClgdgo8sHCQhnOpEHAPqmB4HZd8Zp2VtAvD6H7LuR6qPqycZXQHO2AymxrbLf9w/lH4gu4HqnU9lutWR8tSSSZ9AtpYfgv15fMeBZ3gHnXsmKrIi3U6emOZTSMaCDwUhuvpDov+xtfrk5lRfaqOGAjJa3ke3K9u6O/sr/DbpmRlVWW91bUAYzIdv03VxqeTi6n6k0lPEfuPhzp/ozqbqmr+Vsdlq6nPdkef1XuPRX9jbrG6mOr6mukVspnjJY1gkd9j6FfZFHabRZKdlPbKCGnZGMANAyuS1YHcLRGvJ57W/U+psW2hbUeXdGf2W/hV0mY5qmAXSoaN3VDPLn2GSvVKOnt1mp20lnpIqeFgwAxoCr5rhADmR4GNlHkvVMxulp1FOVR567VXaiW62TbLo1TiSSQSgvqMjzOCz8lxqZXfyG7IJ+bm+uYhMUMCFD2XM9fBGfNIodReYuIsuKhfKD/AIhyniJreGhMUEgjj62ukzpbgfdDMdTJvK5HBxsAm68q3HIYBsYad07SE8kDkgLhIbkkj81biUotiDMd13QeVR3XrGy2lrhJUiaVu3hw+Z2VTm/dT3po/h9I6jp3b+LLzj7Itoew2E9RTwH+fURx/wDO7Co63q+kik8Gg1TO76Qs8+30kLn1V7uctRMeA5235BFp46upIbaqEsj/AO8cMK0gnDBKqbzW1Rw5/hjuM7qLqkmdopoXOcOSrSOxxRMEtc8OefqwpDquhpWaY2tJHoryCnhlZFYJKgaq+VwYfws2VjDR0VIwMgp2N098blR5KmrnOKYHHqiQ0VZL/fu2KLIxdBn18UflO/phRpaipecRjYoppoYnZO/quumpogA1+T6BWnkhHDJpB5jhPbRRu3kGUjVavoagONSf7x+AeyoAkkUkI50kKFJXtOfCcV0sLzucrogaNwAFBhDkfW1HlaThOit7sh8hBPoprWhvCdgqEwCZE1vZESSULC5HqlkeqHk+qWT6owAhTQCmv34J/JML5jtE0j/mChA+W4yXAD1VZWX+miyyhjdWydhH9P6p/wDD/mXf71UyAf0sOApMUFHStDKaBrffG5UG5KV1Feb0/VW1hpITxFCcH81YUVjtlrLZKWnb4vd7hklSw8HPbKbkeqFIrP6Hl3JyhkkrmT6piIjeTucpZwuJIxYkkkkAYkk1cPCheBZCWQguJ1HcrhceCVC8krI9UiQOSFCqayloIjPWTFjG8kqtivN1vj9PS1kmrGg/3sg0xY/5t/8AJVuRaj+z50SSSXRPWiSTEkvJeBi4OCnDlNwDkJE3hBLsDNJp3ys3K7xbkM8BXdeSIyQeyoKZ2qZzyNwSuffLfKMDdp1kPcZfBjJ1dlRx+Z+ojOSp16mPggYUKnAAG3IWS6WZ7TdGG2O4tIADANla0TS2mx7qtp2/yW7q3hAZRF3omRjwJt+5bSiu7tVWM9hlKhALt1Gq5hPUmQDA4Uu2Fr5A1w2S28PI1LbUFuGdLQSoQ5KlV5dJOQXYDdgFG047qpvc8hwW2OATlxOdsmrOxgxPTE9UUhiSSShQkkklCCSSSUIPToxqkaB6hMPCLRY+aZlQts7cAfmjvwEyPbKUxMkrnE9ynNUKisI4kkkoEBTU5NSLPRYk5NTlI9ACTDwnph4VsaDPK4unlcSgkOYchc/ElHwkeUSWS12KUbgD1XpnTxDbRFtwvM2/9pjzxhemWba0xpNx6v6bX+rJ/wBh1wcRBI8DgJ3TJzASR3JQbj/2WT7I3Tn/AGb9UiUsHrIv/UwS4f8A54ORP+MfzQof/ngUUf3x/NAPRDt//bZPuU9+9dgoFB/2+T7qUf8AtqjGRE0jUdxsVe2ine5pmI8rcrPRbzY/xf6rXPeyjtjWsbu8crLa8G3TrnICWUP1BVDv+1Zz3KsGSeXjlVcTi6qdnsUodN5JA2fg9lV3vhn2/wBVYP2qH4VZe+G//L3SbuhdizHBvOm4i21RZ7/9FqbSMOzhZ6wY/hMOB+Af5LS28D5dpwsLfJ3NPxFIsp5P9wncdsD/AEXlUx87yT3P+a9JuchZaqnHdpXmMzsuT6HhmDy8stQMxfJMynsm2tuIymX44mB90agGIgujF5R46KzqZIT3ZnYz1Kus5aB6BUh/7VH91djgJNvJ0qFwVNxJHiEeyNRHNM0nuEC5f8X8kah/7K37Ll3dnQpNN0USbvv7L0+vzox6tXmHRX/z3/RenXH+7P8Aylee8h/uHuPEPGmRQO/7DVPzwxyN8N2YtU0p5fKSoku1mqD/AIH/AOSsPh5tZG+//Vc99HSh/uI0bxjCLTfUPshydkSm+r8klrk6IK4kCnk/5Sspbhhz/wDmK0d7eWU7sdwVnaFw8LIG55Kb7EzWVki31oc+nH+ILStDWUQa3AHh/wCizl0Gqrpc/wBQKvJ3OFO4DGNCdBi61y2eadRya6sjIOHFdsg8rs91EvhPzpGfxKZadgfcrWllHnHzdI1FoGaluPZb2ADS0jbZYXp8A1G63cH0NXH1rxLB6PQ/7YU/SoFUdsKefpUCp2WJnQIlP5LjA4D8YXrGAaeN2OWg/svJ4nj56Db8a9Zh3oov+ULNeXAJaBh8gVo7cBVlp/vJPurI/SPzXB1P5jDiSSSzkCro5XEkIYUcLqEOUQcIhq5OpJJKEEkkkoQS5keqR4UYk5O5VrkhJyPVNTcn1XTwqKyNTBuFx/1FNBwMo4op9GH+KbvmKSz2nOf4hdaeIt9g4H/RbY8LAdXTR1nxD6ZtRfnwRNWuH5jR/qt01y0RRmXZ08pA9lxOZ9QUHEuDOg55Q3clFb9KCeVAhJJJKBjEkklCCSPCSR4UIAPKbUf3TvsnHlNqP7p32Vx7IzxTpdv/AOUm7kd85/Zeq05yvLOkwD8Srvn1P+i9Th8pK2LlcmTRf1f5DQN/3mU+rUfDT5S4b7IMG8rz/hTJSWlCopmuUtpGtdw/iElW3QB8tOYQc84VgW7crM9AyGoivEh//S85H2Bxhal4yFJRwLUskSlbmtlyfwrszg2dozynU/lnnxzpG6BN5qlrieGgIAuyWDkIUv8Acyn/AAFOQp/+yzn/AAJjDSOMPkaB6BMrdqOU/wCE/wCSLH/dt/5QgV3/AM7qr2iKOPZZmbQ3/dMgbFxP7qxZyolix/C4zjckqb+Jbqe0AZbrT6bf/wDtA/zCs3fSPsqzrT6bd/8AtA/++arR/wBI+y7Wl6Zxr/zZQ9RD/cHnuqq3OOGbq26i/wDne9VFu4jXeqe2tHJvli5IsLrjLPyXmnxEH/vCIjgtC9Ku/wBLV5t8Qd56Y9yF1NA8WJnn/qRL+FI8z6g2qtOcBRrKdN2YfRF6m/7WPuFGtn/bm4XsXHKPjs5bLkz2ODGmmqB6BbNp1U8cn9QCxFP/ANipvsFs4d6KH7LBqIH0rw0/uwTKf6ggdRgOtrvZEp3bA4Qb2Ndtft3WWP8AuI7uqjimRAojm2xFZPrUfygXbDIWrt+1vjHpsst8QBijbjnIXbr9HhPLQ/8AlmeU9RD+dk9wqu1SGG5wPz+IBWnU58zDx5QqOJxbNG4chwP7roVM+VayP+oz2W+HXaqZ3bQFBjI/hb9+wUm4Ev6ahlPJjaoERP8AC379gurXLKPM6hf6hyxSBtwb7haGpd/vrPQrKWWU/Nj7LR1MhNTH9k5nPs4lgrrrG1laC0YzlZa/DEuStTdn/wC8sOOcLO9QtafNjdZb+jXQsmfE3mwFKp93AqqMvhT47FWcGxBXNTyzoShiOSa/zMOfRUla3DuFctOWquq2gg5ClnKBpeGVXB+6a8DGcJ7uVzAWRxyb4zAOPIwhOyDupEgHHqhSgDGFGnEJSyJhwpEMpBGCojl3fbdEpckaTLAuDgos7cHI7J8bzgBdlbqGFecgqOBkMgBCO/DgCAoJ/luBClxSZbnCsNrA16iO8r9RHfKlScoEo4VAotKGqEjdz7KRPEHNBCpaeYxuGFd0UviNwU6DyKsjiWSHI0sdjSkW7BTZ4mu3xwo2c7Y4VtYKiQ527cKHK3TjblWj489sqHURgYWeccs0QkQw97XA4U6CrLgAVEc3CE15LvslNeh9djreYlsXCQKFUsHYJ8UhwMpz/MkTidqq6N0NyKt8WCUSknNHUsma7GCiztAUScEkLJZwx1bxLKPWrJd2zUsdQ0+YAAle49CdQNrre2ne/U9oyMlfJ3TV5noqhsTn+R22CvYOmb6611UVbGSYnAagChfKPqX055PKjCPfs95OOccLK9TUBhkZcoBgtdurq1XimutIyop3Z2GUWsgZVQOge3ZwSWuT6BP71kzdRE26UAnZ9TRuq6jkcAYnbOYVYQl9przRSj+TIMN+6jV1KYKzxGHAdugMso5NPbaj5mnac7t2KsmyDRg42WWs1WWVTYDw9aJ3PKYnh5FzgprDPDPiv0uLVdf4jFHiOrzI89tbuV5mB53Ac5X1L1p05H1L09UUekeNG0yRE/1AL5kq6R9LUvikYWuYS1wPYjYro6eeT5357QwhNyj7I98o/m6COtj3ki8rvdZhzQ8gg4PqtxbXNkn+RkGWztLd/VZK5ULrZc5KeQYDX5HuMrq1zZ8212mSnuNlbahvUXTD7dKP99tzdTHE/wB430Cl0zR1L0i6ik/7fb8gE8nHBWWsFxda7tBWBx8MkNlHrGeVpqn/ANw9QsrIT/ulbg7cYK1Qng8jbWq5OEe1yj2r+zv1w682k9J10uqsoSdJcfMWcD/JewYK+OY7lP0J1dSdYW06WkhsgHDgV9gdPXSj6lslPe6LHg1I1N3zjbj91rhPceP8xpY1Wq6HUv8A19kqPuippGDhOTDkD0/Y7EJieoUZ+50jqSXxWjMbyTt2QI5AQr+thbPCYnd+6y7o5qOo8N48p4PYqBJ5JqYd+U5p1DKaoEYv4hdDUnVdteBEPGYCWkDfK+YrnTTWytkoKhmDGcAnuF9oOGRsvH/i98PILjSvu9tpw2qjBLmt/El4yeg8V5B0NUy6PAX77hRpW5O6mObpABQHhZrYo9fGW5EPBYQeyM05XJG4HPYoUD8Owsr44HD5WADGMqKQeMqbpy0nKjSsxjsgkschoCkkkqGg3Mx3QvPA/Ww4I91JXHxeIFT45C74fRprBefHjbDUP34BWibHtnK8xbLJRyh7D+S2vT13+fi8KR2XNG2U+ue7g5es0+z70WrmcKTRzCOQMdx6oY3C6Dg5WhPBym9xcNxjIIOUVV9LK1wAB/JTAfKVphLPAo7keqSAXEycow4TCzq5gLqShDhAwoxAzwpR4UbufuqZTGSQjsMqNLDnYtCsEwsaATjKzSgnwHGbT4MldenzM4zU4DTzhZ8mopJdIe5jm7L0OQAu9FV3CzU9bl+kBxXP1GlWMo6el10q3hsoqO9u2ZOAff1U8yiZucfmqCvt01DKW+bbhMp6+enONRI9CuRZSkem03lUkuS6k1AjSnMkO2VBjuBlx5h9kYSaiNsLK4Ncneo1UbUmWUbycEKbSyluB6qphedsKbC4jGFaeTqVy3osKiGKqi0PA9j6KrY2ooptGTj/ADU+N5wFypjDxv2RRmE688hqar1fXjKdU0kVY3B2VZgxO2U+iqScA8p6YLXpmbvFnfC4ujZxv9wqOWPbjdejTRsnZoe37FZa8Wh0LjJG3bkhMjPJyNb4/MXKBn4ZjA/SBjKs2PE7Qe6rJ4fMDjhPppy06ccJpwcOuW0mPc+F+pp/JbPovqN8E7Q9xJYR3/ZYtztTc4TaaskpZWywkgj91TRv0eqnprFKB9RWS9Ut1ja+N2MjBHoVZNfLbHBw3jcc7dl430V1Q6lLJtQ8+NXovYLbc6a6Uw3BDhx6FKksn1zxOv8A5dKw/uRoafTURteN8jKkNBAAys7R1ktvqhTk5Y47ArRNdqGUiccHqqrVYuA6SSSA1jkkklCCSSSUIJJJJQg1cIzsV1JQgEhDwVJQSBjKgl9EaRuNghSt22Ul4GcIRGUztCmkQnRkndQLlbqa5UzqWqYHNcNsjhW7mAqJUtxhXHhmW+iFsXGa7PF+qelKiy1DnxtLoXHYrLyxA7YXvlypYKyndT1LA5rh37Lyvqjpea2SumhYXQk527LVBs+Z+b8OqZOVXRiZWOY4Fqm0NYchjimvaHZyMqFO3wiHAfuuhVNo+ZeT0Nck5Glika8ZDgUfAPBWeoa52Qw5V1G8luSt8JbkeVnDZLaHyfVQ6qkZUxljx9j6KWDlcLcqgYvDyZ4/N2eQEkywO59laQzRzxiSJ2QUeRgIwQCFRVVNPRE1NE46c5cz0QPg0L7i6TSMd1EorjFUsAe4Nf3BU1GECOyCRlSExQhFLAcqLU0YwCFZeH7prmAD1QTimMhZtM7PSFp2aq6dh/p2C1U0LDnLVVz0od5sLLKCNNd7ZRmNwSOymyxBpxpx+aA5ukZWayJtjPciKTjslnPZFLBnlLQEgN2MEA1pLw0ZW06X+LF5sj2wXVnz1GNg0nDmD2PdZDQEF0eCN+VDXo/I36OadTPpCydU2TqOMSWuqD9skHZWi+Y6Osr7XIKigqnwvbuC1xwvS+k/jBFOGUPUELYpm4b4zRpY73J9UB9D8X9S16iXx2/kep4KaRlKlqaesgZPA8Pa4ZyCikY7o/yPVRuU+geMpugJx2SUaDGFvlxwFEnp45mlsrAQfVTkJ7MY3QSimC4p9marunM5lp+/ZUNZRTQeSaIkHvheisAOUGakhqGlksbXNPqEtxRlu0sJ9I8pqbXSzMLDE3f23VR8tV21zjSOIb6Hf9l6VcOkQ7MtFLh39JWdq7XUU7iyphIx+IBBswzn3aRw5ZUwX6BzPBu1K0xkYzjP5rlTYqarZ49pqgQd9BKdU21j8+UH8lGbBNRkOjeWn22TM4OfOmPTK2WGuoXls0btu6fHUxSjDxg+qt/4s1wEdbE17f6sbpr7NR1wMtHMGnnBVmOWmbf2kJj5YT4kEhH2Ktbf1QWfy61rsDYEKhqaStonFsjHafUIAkJ+rdMhdOD4ZnnDbwz0GmudLUN1RyAg+6IXkebkFefMlLd2OI/NWtH1TPSAMnb4jB69ltr1eeJsSzXNldsE4uZINMjAfuq+hvtvrwNDw13oSpxbndhBC2QsjPlASrTBG3uLtdLKY3DtnZFZcbpTjw5Gk47hIPdHwSCERtWHeWVuR6rVGfAhwwyXR3xj8MnGl3fKtIqyMgOY/Y+6zr46eU+XYpojqo/Kx5wmRllkNYK5jxh41fdRZrRbKp5lNMGudyW7ZVJDcZoSGzDIU6G6sedIcQnoGcUgTrDX00pfR1vk5DXdlEN0raaQxXGj1M41NGQrgVD3cOyPuuuJfs4B33CMU6txWx1lBUN1Mka32yneGyTGk7HuizWSgqX+J4IYTzp2yoRs12pZM0FTrZ/S7fCMVOEo+iR8mHNw79FCqbDSzA4YM/ZcF1qaeTw6+BzcbZCkw3Skmdpa8g+6hnmq7OJoz9f009uTENsfqqSezuiBbLFkfbhejHS8ZByFGlpGy8tBwiwjFfoYy5rPNfkXtJZFIR+fCPBeb1bQIvHe9g4zuQFr6yxU9QS5jRG/1aqisslZS74DwO+Few5mo0dtfLFTdbUzo9FxpcAba2jdXFHVWW5MDqK5gvd+CQhZKSjhc4iSLSTygS2fLdVI/wAN/YjZV90VlGL4q+pm8ltlXgmGMSj1HCrp6aF4MNVT6T6ObhZeG5dV2lhjirHOYDnJ3Kv6D4hOLBT3qyR1DSMGUcj8sJfy88lSoj3Ag1nTdDKC6DS0nhVcvS1RG7VHKAtjBX9H3QZjmmopHcCTZv5Jz7FWbyW6ZlVGN9j2RKMbfRS3w9nn7qe+0cumKaQY7hx3VhR9Z3+glDZ3BzRsdQ5V/WU1TA3NXROa09wMqrqKWmmBBZnKt6f9AysjLiUUydB1/BKQytpAWn0VnS3CxXB38qpDHO/CeyyklHCGhojbgeyiOpoGPyJDGT2CW6px/uCtPGf48G/dbvE3gcHfnyo8tBIzAljOD7LFiruVKQ6nrpB6DJUyk6s6hpXB0umZvGHjOyW1gW9NL+lmilp4I+SWFANP4mC3dRm9eUxwKy35P+BoKsqW49P3BomjqRETy0nGChURUoTq/JEb5CfBLW5QDDUMO8Wyvo6WOdpFHWB+O2V11uqmjJQNAK7HZn8Hg8pgaccq8fRx588Yyok9K0AaWhqDbktTKwkjkJAggnHCkmn1ZOMYQnRaVewYuQDmnOw2XC12N+EbG+4SLQRhD/kMiFu64WAoxjOeMpaP8P7qpxUglJojeGN9go7qCB+7hnCn6fdM0+6W6kNVzKyW10x/DhRnWSE/ThXYaFwNA7JTqjJ4YaumZ91iOSQ1RzZ5meZucj3Wn1ZyMJunfOVUqILoYtRIzBhuLNm5wEzxrg3dzXFaogYOyDpa52ktGPsh+BvotXr2Z9tfUjZ2UYV7tsq6Nvp5ACWAKNJaad/shdNnoONlb7RAFd7gp/zv2RzYWu/uxlCdY6gDYj9EOy2PoNfC+jgrQfwn9UvnB6FAkt9VEcbFDdTzxjU5uQlOU4/kV8afRYsqmkatZRBXMHJyqfxsHGOUvFI3wp8hbqwXfzkI7fukK2HOyovmD6LonJO4V/Ixfxo0HzNOR9SQqKf+pUzZXAbFd8V3qq+RFfEXXjQH8QXRND2IVR47l1sxJwQrUinUy1zD3eu5g/rVZ4uwI2S8U+pR4J8bLH+WeMfou6G+yrxUOGyIJXnurwE8omaB6Bd0D0H6KD8y9O+Yf6qYKk2iToHoFzQP6QhfMP8AVL5h/qpgDcwvht/pH6JaB/SEL5l6XzL1MIm5htI7MH6IWBnOgJrqt+OAhfME74QSaiRNskhzTtpA/JcLW4yMKL45J4XdZxkIRqTClu+wXMeyAZ5wcBwwufMVH9YVYLwyRo9kJ0ZPdD8Wfs/9kMmtOxbkJeMMm157C50nd35JFzTwVHMVSdy0pGCcjhWMSyuQjtP9QXNvVCNNOTwVx1NLjcEBRsm3AQub7fqua2DnH6oPgOzuV3wT6/ul/J6DSHCUHsmmfBwGpeH+Sa9uMbqFjjPx5U18hxxyh+IM7jhNfVwDl/CGUsFpZ6HZcTsu5d3P7KM64wYIB37KO6vnds1wwgUshqt+yfkppewcuAVeZpzuZOUIveeXFFvGbSwfVQs/FkoEtZxpUZwB7JYQOTfQSigj62obwgGeaUYc7ZH8uD5UAYycDCrDwHFIWn3XNK7q9lwux2QcthoWgLun3TDLg4wuh+ocIg9iO4Hqlj3QiCSMFHgorhUDEFI+TPGN0UY7uim0uxuB6runPBWhtPw26xvBaYbLVjPfw/8A1WztP9nLriu0mogdE13p/wDNToaayXSMd+v0tH5zR5WX6SBjlOYXvHlYSV9E2T+yhUkNqLhUyb9iMf6re2X+zXY6HQ58QmI51lPjppR/I5Go+otJVxDk+Qqe2XKqyIaOR/byjK09j+EXV98wGUXhh2/8zbK+2bJ8JOm7e2MspGtLewWmp+m7BbhmaCNo/wCVaa6YPs5N31TLqlYPkDp/+zBfbgW/OSaM/wBK9d6Z/ssWikiZLNT+K4f1P/8ARe3Pv1it4bHG9jQOAAoVR1tpdooIiccEnYpnxxzhHE1XmtXqu5YX9iJ0v8G+l7BG0uo2AkeYALZRRWC1RNZFGxgZsMDCx03UHUNVvGA0KI6juFW/xKiqOXb4JRKrJzJW2Wfm8m4n6ttVL5WSfoVWVXWkcu0LiVQw2bOPEIf+anxWimwDpH6I/h2gDJeoK6pdiJpP5rsZuVSfM8jKmQ0cERy1g/RTQwNwR/kjjDBOyvbQ1DsOec4UplHpaCQMqUwYGEyd2MBMSwBgjhoZ5RslqHokTyUB0uAdlAw7pMIYOeVEluEUB/mnCqK7q+GB5ZRRCdw5ChEaM8ZwVV3C9Wq3ML6qtjYR+EndZqpr+qLm5zTIKSnd+EHEgQYLDbIXiorZHzzd3TO1D90SWRygTpuvJJyP4PapZ28ans2Ve6g6kub/AJi5XONkbx/c0vkH6b4Q5uq7VRym32iB9xq2/wDApBnKCbb1n1FpdcJ47PRu5p4xqmI93DGn91YxQwuyYR09YWeIGsmqj+Fg1vz90WmkvN6pz8vi3xO7TnDv0Trd03brUwNia6V4/HKdTv1Vlj13REfCI1PYbTTvEtUX1cwHLzlufZTH1lQ5ghpIg1o9Am7d+F3xGD+4dlygiUsg209W92udx+ycIaGDDpNiEiax/wBbw0JhhbnVJ5ihACtr6aLaNufyTH1FRLtE06UwlkewYEM1UnEZ0ogwrmOdvKQFHf4Ee45TXyyyHL3oXiMjIMjlBi5HGV7T/L2C6XPc3JB+6pLv1lY7WCyeXEjfwhUMN+6z6ocYrNSOpqQcTSjA/JQPZ+3g2VXcqOgjL6qYNJ4GV2CskrBrhizHyHeqq7N0XBB/vV3mkrKk9pHEsB+y0OiOnjEcTA1voFAZTiugbc53G6N5Q3OMn7oJ3SyfVQpcjjJvjCbgndJLxB6KFhNPulp90PxPZLxPZGAE0d88Lhm204KFk+pXFCHdRzlcySmJKBnclLJXElSRSQkk1JWFgSSSSgQlzU3jITDwVGzg5UKbwTCQO6YJM/hKpai/07ZjS0sclRUN/wCEzdysLb0d1X1DKXVr5LdSuH0nyyBU3gpywBuHUFrtsRdUz4lbyz0TqWh6t6ka1trtZoIn/wDxVSMj8ht/mtzY/h/YrEGyiH5ioH/Fm8zlp9IDQ1uBj0CXKfoU7WujB2j4SWSllZWXyR90qHDzmU+XPsOy3MVLDTQMp4GlsbNmt9ETT2C6kOTYDsk+z//Z&quot;);\">\u003Cdiv data-v-5bce1a4c=\"\" class=\"view_desktop\">\u003Cdiv data-v-278ca9f1=\"\" data-v-5bce1a4c=\"\" class=\"container-list backdrop_out animate__duration__0_3s\" style=\"width: 692px;\">\u003Cdiv data-v-278ca9f1=\"\" data-position=\"navigate\" class=\"container backdrop_in\">\u003Cdiv data-v-278ca9f1=\"\" class=\"app-item\">\u003Cdiv data-v-278ca9f1=\"\" class=\"item-box\" data-type=\"navigate_system_app\" data-position=\"navigate\" data-id=\"startup\" data-path=\"\">\u003Cdiv data-v-278ca9f1=\"\" class=\"active close\">\u003C/div>\u003Cdiv data-v-278ca9f1=\"\" id=\"v-step-startup\" class=\"el-tooltip item\" aria-describedby=\"el-tooltip-9447\" tabindex=\"0\">\u003Cimg data-v-278ca9f1=\"\" src=\"/static/images/desktop/TNAS_logo.svg?v=7.0\">\u003C!---->\u003C!---->\u003C/div>\u003C/div>\u003C/div>\u003Cdiv data-v-278ca9f1=\"\" class=\"app-item draggable\">\u003Cdiv data-v-278ca9f1=\"\" class=\"item-box\" data-type=\"navigate_system_app\" data-position=\"navigate\" data-id=\"allApp\" data-path=\"/allApp\">\u003Cdiv data-v-278ca9f1=\"\" class=\"active close\">\u003C/div>\u003Cdiv data-v-278ca9f1=\"\" id=\"v-step-allApp\" class=\"el-tooltip item\" aria-describedby=\"el-tooltip-7282\" tabindex=\"0\">\u003Cimg data-v-278ca9f1=\"\" src=\"/static/images/desktop/all_app.svg?v=7.0\">\u003C!---->\u003C!---->\u003C/div>\u003C/div>\u003C/div>\u003Cdiv data-v-278ca9f1=\"\" class=\"app-item draggable\">\u003Cdiv data-v-278ca9f1=\"\" class=\"item-box\" data-type=\"navigate_system_app\" data-position=\"navigate\" data-id=\"filemanage\" data-path=\"/fileManage/index/\">\u003Cdiv data-v-278ca9f1=\"\" class=\"active close\">\u003C/div>\u003Cdiv data-v-278ca9f1=\"\" id=\"v-step-filemanage\" class=\"el-tooltip item\" aria-describedby=\"el-tooltip-4342\" tabindex=\"0\">\u003Cimg data-v-278ca9f1=\"\" src=\"/static/images/desktop/folder.svg?v=7.0\">\u003C!---->\u003C!---->\u003C/div>\u003C/div>\u003C/div>\u003Cdiv data-v-278ca9f1=\"\" class=\"app-item draggable\">\u003Cdiv data-v-278ca9f1=\"\" class=\"item-box\" data-type=\"navigate_system_app\" data-position=\"navigate\" data-id=\"Backup\" data-path=\"/Backup\">\u003Cdiv data-v-278ca9f1=\"\" class=\"active close\">\u003C/div>\u003Cdiv data-v-278ca9f1=\"\" id=\"v-step-Backup\" class=\"el-tooltip item\" aria-describedby=\"el-tooltip-5282\" tabindex=\"0\">\u003Cimg data-v-278ca9f1=\"\" src=\"/static/images/desktop/Backup.svg?v=7.0\">\u003C!---->\u003C!---->\u003C/div>\u003C/div>\u003C/div>\u003Cdiv data-v-278ca9f1=\"\" class=\"app-item draggable\">\u003Cdiv data-v-278ca9f1=\"\" class=\"item-box\" data-type=\"navigate_system_app\" data-position=\"navigate\" data-id=\"Control\" data-path=\"/Control\">\u003Cdiv data-v-278ca9f1=\"\" class=\"active close\">\u003C/div>\u003Cdiv data-v-278ca9f1=\"\" id=\"v-step-Control\" class=\"el-tooltip item\" aria-describedby=\"el-tooltip-5947\" tabindex=\"0\">\u003Cimg data-v-278ca9f1=\"\" src=\"/static/images/desktop/Control_panel.svg?v=7.0\">\u003C!---->\u003C!---->\u003C/div>\u003C/div>\u003C/div>\u003Cdiv data-v-278ca9f1=\"\" class=\"app-item draggable\">\u003Cdiv data-v-278ca9f1=\"\" class=\"item-box\" data-type=\"navigate_system_app\" data-position=\"navigate\" data-id=\"StorageManager\" data-path=\"/StorageManager/\">\u003Cdiv data-v-278ca9f1=\"\" class=\"active close\">\u003C/div>\u003Cdiv data-v-278ca9f1=\"\" id=\"v-step-StorageManager\" class=\"el-tooltip item\" aria-describedby=\"el-tooltip-2880\" tabindex=\"0\">\u003Cimg data-v-278ca9f1=\"\" src=\"/static/images/storage_manager/Storage.svg?v=7.0\">\u003C!---->\u003C!---->\u003C/div>\u003C/div>\u003C/div>\u003Cdiv data-v-278ca9f1=\"\" class=\"app-item draggable\">\u003Cdiv data-v-278ca9f1=\"\" class=\"item-box\" data-type=\"navigate_system_app\" data-position=\"navigate\" data-id=\"Market\" data-path=\"/app/index/\">\u003Cdiv data-v-278ca9f1=\"\" class=\"active close\">\u003C/div>\u003Cdiv data-v-278ca9f1=\"\" id=\"v-step-Market\" class=\"el-tooltip item\" aria-describedby=\"el-tooltip-2791\" tabindex=\"0\">\u003Cimg data-v-278ca9f1=\"\" src=\"/static/images/desktop/app_store.svg?v=7.0\">\u003C!---->\u003Cspan data-v-278ca9f1=\"\" class=\"navigate__content warning\">1\u003C/span>\u003C/div>\u003C/div>\u003C/div>\u003Cdiv data-v-278ca9f1=\"\" class=\"app-item draggable\">\u003Cdiv data-v-278ca9f1=\"\" class=\"item-box\" data-type=\"terminal\" data-position=\"navigate\" data-id=\"terminal\" data-path=\"/terminal\">\u003Cdiv data-v-278ca9f1=\"\" class=\"active close\">\u003C/div>\u003Cdiv data-v-278ca9f1=\"\" id=\"v-step-terminal\" class=\"el-tooltip item\" aria-describedby=\"el-tooltip-1201\" tabindex=\"0\">\u003Cimg data-v-278ca9f1=\"\" src=\"/static/images/desktop/Terminal.svg?v=7.0\">\u003C!---->\u003C!---->\u003C/div>\u003C/div>\u003C/div>\u003Cdiv data-v-278ca9f1=\"\" class=\"app-item draggable\">\u003Cdiv data-v-278ca9f1=\"\" class=\"item-box\" data-type=\"navigate_system_app\" data-position=\"navigate\" data-id=\"security_scanning\" data-path=\"/security_scanning\">\u003Cdiv data-v-278ca9f1=\"\" class=\"active close\">\u003C/div>\u003Cdiv data-v-278ca9f1=\"\" id=\"v-step-security_scanning\" class=\"el-tooltip item\" aria-describedby=\"el-tooltip-9129\" tabindex=\"0\">\u003Cimg data-v-278ca9f1=\"\" src=\"/static/images/desktop/Safety_Guidance.svg?v=7.0\">\u003C!---->\u003C!---->\u003C/div>\u003C/div>\u003C/div>\u003Cdiv data-v-278ca9f1=\"\" class=\"app-item draggable\">\u003Cdiv data-v-278ca9f1=\"\" class=\"item-box\" data-type=\"navigate_app\" data-position=\"navigate\" data-id=\"docker\" data-path=\"/docker/\">\u003Cdiv data-v-278ca9f1=\"\" class=\"active close\">\u003C/div>\u003Cdiv data-v-278ca9f1=\"\" id=\"v-step-docker\" class=\"el-tooltip item\" aria-describedby=\"el-tooltip-4060\" tabindex=\"0\">\u003Cimg data-v-278ca9f1=\"\" src=\"/static/images/desktop/docker.svg?v=7.0\">\u003C!---->\u003C!---->\u003C/div>\u003C/div>\u003C/div>\u003Cdiv data-v-278ca9f1=\"\" class=\"app-item draggable\">\u003Cdiv data-v-278ca9f1=\"\" class=\"item-box\" data-type=\"navigate_system_app\" data-position=\"navigate\" data-id=\"Dgconsole\" data-path=\"/Dgconsole\">\u003Cdiv data-v-278ca9f1=\"\" class=\"active close\">\u003C/div>\u003Cdiv data-v-278ca9f1=\"\" id=\"v-step-Dgconsole\" class=\"el-tooltip item\" aria-describedby=\"el-tooltip-8286\" tabindex=\"0\">\u003Cimg data-v-278ca9f1=\"\" src=\"/static/images/desktop/tech_support.svg?v=7.0\">\u003C!---->\u003C!---->\u003C/div>\u003C/div>\u003C/div>\u003Cdiv data-v-278ca9f1=\"\" class=\"app-item draggable\">\u003Cdiv data-v-278ca9f1=\"\" class=\"item-box\" data-type=\"navigate_app\" data-position=\"navigate\" data-id=\"jellyfin\" data-path=\"/jellyfin/\">\u003Cdiv data-v-278ca9f1=\"\" class=\"active close\">\u003C/div>\u003Cdiv data-v-278ca9f1=\"\" id=\"v-step-jellyfin\" class=\"el-tooltip item\" aria-describedby=\"el-tooltip-9929\" tabindex=\"0\">\u003Cimg data-v-278ca9f1=\"\" src=\"/static/images/desktop/jellyfin.svg?v=7.0\">\u003C!---->\u003C!---->\u003C/div>\u003C/div>\u003C/div>\u003Cdiv data-v-278ca9f1=\"\" class=\"app-item draggable\">\u003Cdiv data-v-278ca9f1=\"\" class=\"item-box\" data-type=\"navigate_app\" data-position=\"navigate\" data-id=\"openclaw\" data-path=\"/openclaw/\">\u003Cdiv data-v-278ca9f1=\"\" class=\"active close\">\u003C/div>\u003Cdiv data-v-278ca9f1=\"\" id=\"v-step-openclaw\" class=\"el-tooltip item\" aria-describedby=\"el-tooltip-7838\" tabindex=\"0\">\u003Cimg data-v-278ca9f1=\"\" src=\"https://app.terra-master.com/images/tos7/x86_64/openclaw/0.0.109/openclaw.svg?v=7.0\">\u003Cdiv data-v-278ca9f1=\"\" class=\"beta\"> Beta \u003C/div>\u003C!---->\u003C/div>\u003C/div>\u003C/div>\u003C/div>\u003C/div>\u003Cdiv data-v-5bce1a4c=\"\" class=\"tos-main-apps\" data-type=\"desktop\" data-position=\"desktop\">\u003Cdiv data-v-5bce1a4c=\"\" element-loading-custom-class=\"desktopMask\" class=\"desktop_icons\" data-type=\"desktop\" data-position=\"desktop\" style=\"user-select: none;\">\u003Cdiv data-v-5bce1a4c=\"\" title=\"文件管理\" dragselecttype=\"filemanage.oexe\" dragselectid=\"oexe\" class=\"tos-app draggable\" data-id=\"filemanage\" data-type=\"desktop_sys_app\" data-volumepath=\"\" data-path=\"/fileManage/index/\" data-name=\"filemanage.oexe\" data-drag=\"/fileManage/index/?oexe\" data-icon=\"/static/images/desktop/folder.svg\" data-label=\"file_manager,file_manager\" data-position=\"desktop\" data-f_type=\"oexe\">\u003Cdiv data-v-5bce1a4c=\"\" class=\"tos-icon\">\u003Cimg data-v-5bce1a4c=\"\" src=\"/static/images/desktop/folder.svg\">\u003C!---->\u003C!---->\u003C/div>\u003Cdiv data-v-5bce1a4c=\"\" class=\"tos-title\">文件管理\u003C/div>\u003C!---->\u003Ci data-v-5bce1a4c=\"\">\u003C/i>\u003C/div>\u003Cdiv data-v-5bce1a4c=\"\" title=\"OpenClaw\" dragselecttype=\"openclaw.oexe\" dragselectid=\"iframe\" class=\"tos-app draggable\" data-id=\"openclaw\" data-type=\"desktop_sys_app\" data-volumepath=\"\" data-path=\"/openclaw/\" data-name=\"openclaw.oexe\" data-drag=\"/openclaw/?iframe\" data-icon=\"https://app.terra-master.com/images/tos7/x86_64/openclaw/0.0.109/openclaw.svg\" data-label=\"OpenClaw\" data-position=\"desktop\" data-f_type=\"oexe\">\u003Cdiv data-v-5bce1a4c=\"\" class=\"tos-icon\">\u003Cimg data-v-5bce1a4c=\"\" src=\"https://app.terra-master.com/images/tos7/x86_64/openclaw/0.0.109/openclaw.svg\">\u003Cdiv data-v-5bce1a4c=\"\" class=\"beta\"> Beta \u003C/div>\u003C!---->\u003C/div>\u003Cdiv data-v-5bce1a4c=\"\" class=\"tos-title\">OpenClaw\u003C/div>\u003C!---->\u003Ci data-v-5bce1a4c=\"\">\u003C/i>\u003C/div>\u003Cdiv data-v-5bce1a4c=\"\" title=\"安全顾问\" dragselecttype=\"security_scanning.oexe\" dragselectid=\"oexe\" class=\"tos-app draggable\" data-id=\"security_scanning\" data-type=\"desktop_sys_app\" data-volumepath=\"\" data-path=\"/security_scanning\" data-name=\"security_scanning.oexe\" data-drag=\"/security_scanning?oexe\" data-icon=\"/static/images/desktop/Safety_Guidance.svg\" data-label=\"file_manager,security_guidance\" data-position=\"desktop\" data-f_type=\"oexe\">\u003Cdiv data-v-5bce1a4c=\"\" class=\"tos-icon\">\u003Cimg data-v-5bce1a4c=\"\" src=\"/static/images/desktop/Safety_Guidance.svg\">\u003C!---->\u003C!---->\u003C/div>\u003Cdiv data-v-5bce1a4c=\"\" class=\"tos-title\">安全顾问\u003C/div>\u003C!---->\u003Ci data-v-5bce1a4c=\"\">\u003C/i>\u003C/div>\u003Cdiv data-v-5bce1a4c=\"\" title=\"终端\" dragselecttype=\"terminal.oexe\" dragselectid=\"oexe\" class=\"tos-app draggable\" data-id=\"terminal\" data-type=\"terminal\" data-volumepath=\"\" data-path=\"/terminal\" data-name=\"terminal.oexe\" data-drag=\"/terminal?oexe\" data-icon=\"/static/images/desktop/Terminal.svg\" data-label=\"app_store,terminal\" data-position=\"desktop\" data-f_type=\"oexe\">\u003Cdiv data-v-5bce1a4c=\"\" class=\"tos-icon\">\u003Cimg data-v-5bce1a4c=\"\" src=\"/static/images/desktop/Terminal.svg\">\u003C!---->\u003C!---->\u003C/div>\u003Cdiv data-v-5bce1a4c=\"\" class=\"tos-title\">终端\u003C/div>\u003C!---->\u003Ci data-v-5bce1a4c=\"\">\u003C/i>\u003C/div>\u003Cdiv data-v-5bce1a4c=\"\" title=\"TOS API/CLI/Skill 测试工具\" dragselecttype=\"tos_api_cli_tester.oexe\" dragselectid=\"oexe\" class=\"tos-app draggable\" data-id=\"tos_api_cli_tester\" data-type=\"desktop_app\" data-volumepath=\"\" data-path=\"/tos_api_cli_tester/\" data-name=\"tos_api_cli_tester.oexe\" data-drag=\"/tos_api_cli_tester/?oexe\" data-icon=\"/images/icons/tos_api_cli_tester.svg?modificationTime=1779634346\" data-label=\"TOS API/CLI/Skill 测试工具\" data-position=\"desktop\" data-f_type=\"oexe\">\u003Cdiv data-v-5bce1a4c=\"\" class=\"tos-icon\">\u003Cimg data-v-5bce1a4c=\"\" src=\"/images/icons/tos_api_cli_tester.svg?modificationTime=1779634346\">\u003C!---->\u003C!---->\u003C/div>\u003Cdiv data-v-5bce1a4c=\"\" class=\"tos-title\">TOS API/CLI/Skill 测试工具\u003C/div>\u003C!---->\u003Ci data-v-5bce1a4c=\"\">\u003C/i>\u003C/div>\u003Cdiv data-v-5bce1a4c=\"\" title=\"Docker Manager\" dragselecttype=\"docker.oexe\" dragselectid=\"oexe\" class=\"tos-app draggable\" data-id=\"docker\" data-type=\"desktop_sys_app\" data-volumepath=\"\" data-path=\"/docker/\" data-name=\"docker.oexe\" data-drag=\"/docker/?oexe\" data-icon=\"/static/images/desktop/docker.svg\" data-label=\"Docker Manager\" data-position=\"desktop\" data-f_type=\"oexe\">\u003Cdiv data-v-5bce1a4c=\"\" class=\"tos-icon\">\u003Cimg data-v-5bce1a4c=\"\" src=\"/static/images/desktop/docker.svg\">\u003C!---->\u003C!---->\u003C/div>\u003Cdiv data-v-5bce1a4c=\"\" class=\"tos-title\">Docker Manager\u003C/div>\u003C!---->\u003Ci data-v-5bce1a4c=\"\">\u003C/i>\u003C/div>\u003Cdiv data-v-5bce1a4c=\"\" class=\"adnanced\">\u003Cdiv data-v-5bce1a4c=\"\" class=\"backdrop\">\u003C!---->\u003C/div>\u003Cdiv data-v-5bce1a4c=\"\" class=\"backdrop\">\u003C!---->\u003C/div>\u003C/div>\u003Cdiv data-v-29022a20=\"\" data-v-e92f5592=\"\" data-v-5bce1a4c=\"\" class=\"popup-wrap popup-fitheight-wrap client-recommend-popup\">\u003C!---->\u003Cdiv data-v-29022a20=\"\" class=\"popup-mark\" style=\"display: none;\">\u003C/div>\u003C/div>\u003C!---->\u003C!---->\u003C!---->\u003C!---->\u003C!---->\u003C!---->\u003C!---->\u003C!---->\u003C!---->\u003C!---->\u003C!---->\u003C!---->\u003C!---->\u003C!---->\u003C!---->\u003C!---->\u003Cdiv data-v-2dc12ca0=\"\" data-v-5bce1a4c=\"\" class=\"x-dialog-user_setting\">\u003C!---->\u003C!---->\u003Cdiv data-v-2dc12ca0=\"\" class=\"tos-dialog\" style=\"width: 1180px; height: 680px; top: 22px; left: 145px; z-index: 5000;\">\u003Cdiv data-v-4e0a48fd=\"\" data-v-2dc12ca0=\"\" class=\"tos-dialog-header-wrapper\">\u003Cdiv data-v-4e0a48fd=\"\" class=\"tos-dialog-header\">\u003Cdiv data-v-4e0a48fd=\"\" class=\"tos-dialog-header-icon\" style=\"background-image: url(&quot;/static/images/global/Settings.svg&quot;);\">\u003C/div>\u003Cdiv data-v-4e0a48fd=\"\" class=\"tos-dialog-header-title\">\u003Cspan data-v-4e0a48fd=\"\">用户设置\u003C/span>\u003C/div>\u003C/div>\u003C/div>\u003Cdiv data-v-3936db59=\"\" data-v-2dc12ca0=\"\" class=\"tos-dialog-menu\">\u003Cdiv data-v-3936db59=\"\" class=\"tos-dialog-move\">\u003C/div>\u003C!---->\u003C!---->\u003Cdiv data-v-3936db59=\"\" title=\"关闭\" class=\"tos-button-close\">\u003Ci data-v-3936db59=\"\" class=\"iconfont iconReject\">\u003C/i>\u003C/div>\u003C/div>\u003Cdiv data-v-2dc12ca0=\"\" class=\"tos-dialog-resize-top\">\u003C/div>\u003Cdiv data-v-2dc12ca0=\"\" class=\"tos-dialog-resize-right\">\u003C/div>\u003Cdiv data-v-2dc12ca0=\"\" class=\"tos-dialog-resize-bottom\">\u003C/div>\u003Cdiv data-v-2dc12ca0=\"\" class=\"tos-dialog-resize-left\">\u003C/div>\u003Cdiv data-v-2dc12ca0=\"\" class=\"tos-dialog-resize-top-right\">\u003C/div>\u003Cdiv data-v-2dc12ca0=\"\" class=\"tos-dialog-resize-bottom-right\">\u003Ci data-v-2dc12ca0=\"\" class=\"iconfont iconresize_corner\">\u003C/i>\u003C/div>\u003Cdiv data-v-2dc12ca0=\"\" class=\"tos-dialog-resize-top-left\">\u003C/div>\u003Cdiv data-v-2dc12ca0=\"\" class=\"tos-dialog-resize-bottom-left\">\u003C/div>\u003C!---->\u003Cdiv data-v-2dc12ca0=\"\" class=\"tos-dialog-wrap\" style=\"height: 680px; flex: unset;\">\u003C!---->\u003C!---->\u003C!---->\u003C!---->\u003Cdiv data-v-67f4a501=\"\" data-v-2dc12ca0=\"\" class=\"tos-dialog-left\" type=\"user_setting\" main-id=\"user_setting\" style=\"width: 220px;\" event-emitter=\"function () { [native code] }\">\u003Cdiv data-v-67f4a501=\"\" class=\"tos-dialog-left-resize\">\u003C/div>\u003Cdiv data-v-67f4a501=\"\" class=\"tos-dialog-content\">\u003Cdiv data-v-71072b9c=\"\" data-v-67f4a501=\"\" type=\"user_setting\" main-id=\"user_setting\" event-emitter=\"function () { [native code] }\">\u003C!---->\u003Cdiv data-v-71072b9c=\"\" class=\"tab\" style=\"top: 0px;\">\u003Cdiv data-v-71072b9c=\"\" class=\"el-scrollbar\">\u003Cdiv class=\"el-scrollbar__wrap\" style=\"margin-bottom: -8px; margin-right: -8px;\">\u003Cdiv class=\"el-scrollbar__view\">\u003Cdiv data-v-71072b9c=\"\" class=\"activetag\" style=\"top: 5px;\">\u003C/div>\u003Cul data-v-71072b9c=\"\">\u003Cli data-v-71072b9c=\"\" data-id=\"setting_user\" class=\"tab-list\">\u003Cspan data-v-71072b9c=\"\" class=\"tab-list-iconfont\">\u003Ci data-v-71072b9c=\"\" class=\"iconfont iconuesr_set_account\">\u003C/i>\u003C/span>\u003Cspan data-v-71072b9c=\"\" title=\"账号\" class=\"tab-list-title\">账号\u003C/span>\u003C!---->\u003C/li>\u003Cli data-v-71072b9c=\"\" data-id=\"wall\" class=\"tab-list\">\u003Cspan data-v-71072b9c=\"\" class=\"tab-list-iconfont\">\u003Ci data-v-71072b9c=\"\" class=\"iconfont iconuesr_set_display\">\u003C/i>\u003C/span>\u003Cspan data-v-71072b9c=\"\" title=\"显示\" class=\"tab-list-title\">显示\u003C/span>\u003C!---->\u003C/li>\u003C/ul>\u003C/div>\u003C/div>\u003Cdiv class=\"el-scrollbar__bar is-horizontal\">\u003Cdiv class=\"el-scrollbar__thumb\" style=\"transform: translateX(0%);\">\u003C/div>\u003C/div>\u003Cdiv class=\"el-scrollbar__bar is-vertical\">\u003Cdiv class=\"el-scrollbar__thumb\" style=\"transform: translateY(0%);\">\u003C/div>\u003C/div>\u003C/div>\u003C/div>\u003C/div>\u003C/div>\u003C/div>\u003Cdiv data-v-2dc12ca0=\"\" class=\"tos-dialog-frame user_setting\">\u003Cdiv data-v-2dc12ca0=\"\" class=\"tos-dialog-content\">\u003Cdiv data-v-532628a3=\"\" data-v-2dc12ca0=\"\" class=\"tos-tabIndex-layout\" type=\"user_setting\" path=\"\" dialogstyle=\"[object Object]\" open-id=\"user_setting\" title-name=\"账号\" detail=\"[object Object]\">\u003Cdiv data-v-532628a3=\"\" class=\"tos-tabIndex-body\">\u003Cdiv data-v-5b7c7069=\"\" data-v-532628a3=\"\" class=\"tos-tab-layout\" type=\"user_setting\" path=\"\" dialogstyle=\"[object Object]\" open-id=\"user_setting\" title-name=\"账号\" detail=\"[object Object]\">\u003Cdiv data-v-12fd7ed6=\"\" data-v-5b7c7069=\"\" class=\"tab-slider\">\u003Cdiv data-v-12fd7ed6=\"\" class=\"tab-slider-item\" style=\"padding-left: 0px;\"> 用户信息 \u003C/div>\u003Cdiv data-v-12fd7ed6=\"\" class=\"tab-slider-item\"> 账号安全 \u003C/div>\u003Cdiv data-v-12fd7ed6=\"\" class=\"tab-slider-item\" style=\"color: var(--compoents-tabSlider-color);\"> 其它 \u003C/div>\u003Cspan data-v-12fd7ed6=\"\" class=\"tab-slider-bar\" style=\"left: 158px; width: 32px;\">\u003C/span>\u003C/div>\u003Cdiv data-v-5b7c7069=\"\" class=\"tos-tab-body\">\u003Cdiv data-v-8439b99c=\"\" data-v-5b7c7069=\"\" class=\"tab-container\">\u003Cdiv data-v-299495c9=\"\" data-v-8439b99c=\"\" class=\"tos-scrollable\">\u003Cdiv data-v-299495c9=\"\" class=\"el-scrollbar\">\u003Cdiv class=\"el-scrollbar__wrap\" style=\"margin-bottom: -8px; margin-right: -8px;\">\u003Cdiv class=\"el-scrollbar__view\">\u003Cdiv data-v-299495c9=\"\" class=\"scroller-body\">\u003Cdiv data-v-55c67e82=\"\" data-v-8439b99c=\"\" class=\"x-checkbox-line checkbox-line\">\u003Cdiv data-v-55c67e82=\"\" class=\"checkbox-line-left\">\u003Cdiv data-v-046dd9b2=\"\" data-v-55c67e82=\"\" class=\"el-tooltip checkbox\" aria-describedby=\"el-tooltip-5945\" tabindex=\"0\">\u003Cinput data-v-046dd9b2=\"\" id=\"4cf446e9-b352-4382-addf-a9192d218deb\" type=\"checkbox\" class=\"input_check\" value=\"\">\u003C/div>\u003C/div>\u003Cdiv data-v-55c67e82=\"\" class=\"checkbox-line-right\">\u003Cspan data-v-55c67e82=\"\" class=\"userselect-text\" style=\"width: inherit;\">\u003Clabel data-v-55c67e82=\"\" for=\"4cf446e9-b352-4382-addf-a9192d218deb\" style=\"cursor: pointer;\">不要在登出 TOS 时提示确认信息\u003C/label>\u003C!---->\u003C/span>\u003C/div>\u003C/div>\u003Cdiv data-v-55c67e82=\"\" data-v-8439b99c=\"\" class=\"x-checkbox-line checkbox-line\">\u003Cdiv data-v-55c67e82=\"\" class=\"checkbox-line-left\">\u003Cdiv data-v-046dd9b2=\"\" data-v-55c67e82=\"\" class=\"el-tooltip checkbox\" aria-describedby=\"el-tooltip-3126\" tabindex=\"0\">\u003Cinput data-v-046dd9b2=\"\" id=\"58c64c54-0439-4265-9e5d-6d3b8dd8d1b4\" type=\"checkbox\" class=\"input_check\" value=\"\">\u003C/div>\u003C/div>\u003Cdiv data-v-55c67e82=\"\" class=\"checkbox-line-right\">\u003Cspan data-v-55c67e82=\"\" class=\"userselect-text\" style=\"width: inherit;\">\u003Clabel data-v-55c67e82=\"\" for=\"58c64c54-0439-4265-9e5d-6d3b8dd8d1b4\" style=\"cursor: pointer;\">不要在重新启动 TOS 时提示确认信息\u003C/label>\u003C!---->\u003C/span>\u003C/div>\u003C/div>\u003Cdiv data-v-55c67e82=\"\" data-v-8439b99c=\"\" class=\"x-checkbox-line checkbox-line\">\u003Cdiv data-v-55c67e82=\"\" class=\"checkbox-line-left\">\u003Cdiv data-v-046dd9b2=\"\" data-v-55c67e82=\"\" class=\"el-tooltip checkbox\" aria-describedby=\"el-tooltip-3607\" tabindex=\"0\">\u003Cinput data-v-046dd9b2=\"\" id=\"72fffb56-c737-4447-8931-5bb75f01ad11\" type=\"checkbox\" class=\"input_check\" value=\"\">\u003C/div>\u003C/div>\u003Cdiv data-v-55c67e82=\"\" class=\"checkbox-line-right\">\u003Cspan data-v-55c67e82=\"\" class=\"userselect-text\" style=\"width: inherit;\">\u003Clabel data-v-55c67e82=\"\" for=\"72fffb56-c737-4447-8931-5bb75f01ad11\" style=\"cursor: pointer;\">不要在关机时提示确认信息\u003C/label>\u003C!---->\u003C/span>\u003C/div>\u003C/div>\u003C/div>\u003C/div>\u003C/div>\u003Cdiv class=\"el-scrollbar__bar is-horizontal\">\u003Cdiv class=\"el-scrollbar__thumb\" style=\"transform: translateX(0%);\">\u003C/div>\u003C/div>\u003Cdiv class=\"el-scrollbar__bar is-vertical\">\u003Cdiv class=\"el-scrollbar__thumb\" style=\"transform: translateY(0%);\">\u003C/div>\u003C/div>\u003C/div>\u003C/div>\u003C/div>\u003C/div>\u003C/div>\u003C/div>\u003Cdiv data-v-1e7cdf90=\"\" data-v-532628a3=\"\" class=\"tos-button-box\" style=\"z-index: 0; height: 54px;\">\u003C!---->\u003Cdiv data-v-569b348b=\"\" data-v-532628a3=\"\" class=\"button-box\" data-v-1e7cdf90=\"\">\u003Cbutton data-v-569b348b=\"\" class=\"el-tooltip button emphasis\" aria-describedby=\"el-tooltip-9645\" tabindex=\"0\" disabled=\"disabled\">\u003C!---->\u003Cspan data-v-569b348b=\"\">应用\u003C/span>\u003C/button>\u003C/div>\u003C/div>\u003C/div>\u003C/div>\u003C/div>\u003C!---->\u003C/div>\u003C!---->\u003Cdiv data-v-25221402=\"\" data-v-2dc12ca0=\"\" class=\"container\">\u003C!---->\u003C!---->\u003C/div>\u003Cdiv class=\"el-loading-mask\" style=\"display: none;\">\u003Cdiv class=\"el-loading-spinner\">\u003Ci class=\"circular\">\u003C/i>\u003C!---->\u003C/div>\u003C/div>\u003C/div>\u003C/div>\u003C!---->\u003C!---->\u003C!---->\u003C/div>\u003C!---->\u003C!---->\u003C/div>\u003Cdiv data-v-0f63345b=\"\" data-v-5bce1a4c=\"\" class=\"contextmenu\" style=\"left: 735px; top: 421px; display: block;\">\u003Cdiv data-v-69edd53c=\"\" data-v-0f63345b=\"\" class=\"x-contextmenu\" style=\"display: none;\">\u003Cul data-v-69edd53c=\"\" class=\"context-menu-list fadein\">\u003C/ul>\u003C/div>\u003C/div>\u003C!---->\u003C!---->\u003C!---->\u003C!---->\u003C!---->\u003Cdiv data-v-25221402=\"\" data-v-5bce1a4c=\"\" class=\"container\">\u003C!---->\u003C!---->\u003C/div>\u003C!---->\u003C/div>\u003Cdiv data-v-5bce1a4c=\"\" id=\"v-step-resouce-board\" class=\"resouce-board\" style=\"\">\u003Cdiv data-v-5bce1a4c=\"\" class=\"resouce-board-in backdrop_in\">\u003Ci data-v-5bce1a4c=\"\" class=\"el-tooltip iconfont icontosboard iconhover\" aria-describedby=\"el-tooltip-2712\" tabindex=\"0\">\u003C/i>\u003Ci data-v-5bce1a4c=\"\" class=\"el-tooltip iconfont iconNotifications iconhover\" aria-describedby=\"el-tooltip-6407\" tabindex=\"0\">\u003C/i>\u003Ci data-v-5bce1a4c=\"\" class=\"el-tooltip iconfont iconSearch iconhover\" aria-describedby=\"el-tooltip-8799\" tabindex=\"0\">\u003C/i>\u003C!---->\u003C!---->\u003Ci data-v-5bce1a4c=\"\" class=\"el-tooltip iconfont iconmore_help-2 iconhover\" aria-describedby=\"el-tooltip-660\" tabindex=\"0\">\u003C/i>\u003C!---->\u003C/div>\u003C/div>\u003Cdiv data-v-22f5521e=\"\" data-v-5bce1a4c=\"\" class=\"resource static\" style=\"right: -480px; top: 60px;\">\u003Cdiv data-v-22f5521e=\"\" class=\"fitHeight\">\u003Cdiv data-v-22f5521e=\"\" class=\"resource-header\">\u003Ch1 data-v-22f5521e=\"\" class=\"resource-title\">\u003Cdiv data-v-22f5521e=\"\" class=\"user_name\"> 您好，\u003Cspan data-v-22f5521e=\"\" class=\"username\">test\u003C/span>\u003C/div>\u003Cdiv data-v-22f5521e=\"\" class=\"features\">\u003Cdiv data-v-22f5521e=\"\" class=\"el-tooltip iconfont-container\" aria-describedby=\"el-tooltip-5269\" tabindex=\"0\">\u003Ci data-v-22f5521e=\"\" class=\"iconfont iconPin\">\u003C/i>\u003C/div>\u003Cdiv data-v-22f5521e=\"\" class=\"el-tooltip iconfont-container\" aria-describedby=\"el-tooltip-3758\" tabindex=\"0\">\u003Ci data-v-22f5521e=\"\" class=\"iconfont iconrongqi1\">\u003C/i>\u003C/div>\u003C/div>\u003C/h1>\u003Cdiv data-v-22f5521e=\"\" class=\"resource-time\">\u003Cdiv data-v-22f5521e=\"\" class=\"time\">00:18 \u003C/div>\u003Cdiv data-v-22f5521e=\"\" class=\"date\">2026/06/04 星期四\u003C/div>\u003C/div>\u003C/div>\u003Cdiv data-v-22f5521e=\"\" class=\"el-scrollbar\">\u003Cdiv class=\"el-scrollbar__wrap\" style=\"margin-bottom: -8px; margin-right: -8px;\">\u003Cdiv class=\"el-scrollbar__view\">\u003Cdiv data-v-22f5521e=\"\" class=\"box\">\u003Cdiv data-v-22f5521e=\"\" class=\"vue-grid-layout\" style=\"height: 10px;\">\u003Cdiv class=\"vue-grid-item vue-grid-placeholder cssTransforms\" style=\"display: none; transform: translate3d(10px, 10px, 0px); width: 0px; height: 0px; position: absolute;\">\u003C!---->\u003C/div>\u003Cdiv class=\"erd_scroll_detection_container erd_scroll_detection_container_animation_active\" style=\"visibility: hidden; display: inline; width: 0px; height: 0px; z-index: -1; overflow: hidden; margin: 0px; padding: 0px;\">\u003Cdiv dir=\"ltr\" class=\"erd_scroll_detection_container\" style=\"position: absolute; flex: 0 0 auto; overflow: hidden; z-index: -1; visibility: hidden; width: 100%; height: 100%; left: 0px; top: 0px;\">\u003Cdiv class=\"erd_scroll_detection_container\" style=\"position: absolute; flex: 0 0 auto; overflow: hidden; z-index: -1; visibility: hidden; inset: -9px -8px -8px -9px;\">\u003Cdiv style=\"position: absolute; flex: 0 0 auto; overflow: scroll; z-index: -1; visibility: hidden; width: 100%; height: 100%;\">\u003Cdiv style=\"position: absolute; left: 0px; top: 0px; width: 427px; height: 37px;\">\u003C/div>\u003C/div>\u003Cdiv style=\"position: absolute; flex: 0 0 auto; overflow: scroll; z-index: -1; visibility: hidden; width: 100%; height: 100%;\">\u003Cdiv style=\"position: absolute; width: 200%; height: 200%;\">\u003C/div>\u003C/div>\u003C/div>\u003C/div>\u003C/div>\u003C/div>\u003C/div>\u003C/div>\u003C/div>\u003Cdiv class=\"el-scrollbar__bar is-horizontal\">\u003Cdiv class=\"el-scrollbar__thumb\" style=\"transform: translateX(0%);\">\u003C/div>\u003C/div>\u003Cdiv class=\"el-scrollbar__bar is-vertical\">\u003Cdiv class=\"el-scrollbar__thumb\" style=\"transform: translateY(0%);\">\u003C/div>\u003C/div>\u003C/div>\u003C/div>\u003Cdiv data-v-67163b94=\"\" data-v-22f5521e=\"\" class=\"createReceiving\" style=\"display: none;\">\u003Cdiv data-v-67163b94=\"\" class=\"wrapper-placement el-popover\">\u003Cdiv data-v-67163b94=\"\" class=\"cusotom-panel-list el-checkbox-group\">\u003Cdiv data-v-67163b94=\"\" class=\"custom-option el-checkbox\">\u003Cdiv data-v-55c67e82=\"\" data-v-67163b94=\"\" class=\"x-checkbox-line checkbox-line\">\u003Cdiv data-v-55c67e82=\"\" class=\"checkbox-line-left\">\u003Cdiv data-v-046dd9b2=\"\" data-v-55c67e82=\"\" class=\"el-tooltip checkbox\" aria-describedby=\"el-tooltip-2845\" tabindex=\"0\">\u003Cinput data-v-046dd9b2=\"\" id=\"b2b310f1-dd2c-48e9-8e3e-759dca403629\" type=\"checkbox\" class=\"input_check\" value=\"\">\u003C/div>\u003C/div>\u003Cdiv data-v-55c67e82=\"\" class=\"checkbox-line-right html\">\u003Cspan data-v-55c67e82=\"\" class=\"userselect-text\" style=\"width: inherit;\">\u003Clabel data-v-55c67e82=\"\" for=\"b2b310f1-dd2c-48e9-8e3e-759dca403629\" style=\"cursor: pointer;\">\u003Cdiv data-v-67163b94=\"\" data-v-55c67e82=\"\" title=\"设备信息\" class=\"custom-name\"> 设备信息 \u003C/div>\u003C/label>\u003C!---->\u003C/span>\u003C/div>\u003C/div>\u003C/div>\u003Cdiv data-v-67163b94=\"\" class=\"custom-option el-checkbox\">\u003Cdiv data-v-55c67e82=\"\" data-v-67163b94=\"\" class=\"x-checkbox-line checkbox-line\">\u003Cdiv data-v-55c67e82=\"\" class=\"checkbox-line-left\">\u003Cdiv data-v-046dd9b2=\"\" data-v-55c67e82=\"\" class=\"el-tooltip checkbox\" aria-describedby=\"el-tooltip-702\" tabindex=\"0\">\u003Cinput data-v-046dd9b2=\"\" id=\"c94e9e35-1c41-4289-89fc-cfd95a32e99b\" type=\"checkbox\" class=\"input_check\" value=\"\">\u003C/div>\u003C/div>\u003Cdiv data-v-55c67e82=\"\" class=\"checkbox-line-right html\">\u003Cspan data-v-55c67e82=\"\" class=\"userselect-text\" style=\"width: inherit;\">\u003Clabel data-v-55c67e82=\"\" for=\"c94e9e35-1c41-4289-89fc-cfd95a32e99b\" style=\"cursor: pointer;\">\u003Cdiv data-v-67163b94=\"\" data-v-55c67e82=\"\" title=\"系统信息\" class=\"custom-name\"> 系统信息 \u003C/div>\u003C/label>\u003C!---->\u003C/span>\u003C/div>\u003C/div>\u003C/div>\u003Cdiv data-v-67163b94=\"\" class=\"custom-option el-checkbox\">\u003Cdiv data-v-55c67e82=\"\" data-v-67163b94=\"\" class=\"x-checkbox-line checkbox-line\">\u003Cdiv data-v-55c67e82=\"\" class=\"checkbox-line-left\">\u003Cdiv data-v-046dd9b2=\"\" data-v-55c67e82=\"\" class=\"el-tooltip checkbox\" aria-describedby=\"el-tooltip-6294\" tabindex=\"0\">\u003Cinput data-v-046dd9b2=\"\" id=\"8205f018-c5a0-46fc-bd6d-0c1d89520c58\" type=\"checkbox\" class=\"input_check\" value=\"\">\u003C/div>\u003C/div>\u003Cdiv data-v-55c67e82=\"\" class=\"checkbox-line-right html\">\u003Cspan data-v-55c67e82=\"\" class=\"userselect-text\" style=\"width: inherit;\">\u003Clabel data-v-55c67e82=\"\" for=\"8205f018-c5a0-46fc-bd6d-0c1d89520c58\" style=\"cursor: pointer;\">\u003Cdiv data-v-67163b94=\"\" data-v-55c67e82=\"\" title=\"资源\" class=\"custom-name\"> 资源 \u003C/div>\u003C/label>\u003C!---->\u003C/span>\u003C/div>\u003C/div>\u003C/div>\u003Cdiv data-v-67163b94=\"\" class=\"custom-option el-checkbox\">\u003Cdiv data-v-55c67e82=\"\" data-v-67163b94=\"\" class=\"x-checkbox-line checkbox-line\">\u003Cdiv data-v-55c67e82=\"\" class=\"checkbox-line-left\">\u003Cdiv data-v-046dd9b2=\"\" data-v-55c67e82=\"\" class=\"el-tooltip checkbox\" aria-describedby=\"el-tooltip-4055\" tabindex=\"0\">\u003Cinput data-v-046dd9b2=\"\" id=\"4038c10e-eb0d-4adc-a6d5-1509a42b8fbc\" type=\"checkbox\" class=\"input_check\" value=\"\">\u003C/div>\u003C/div>\u003Cdiv data-v-55c67e82=\"\" class=\"checkbox-line-right html\">\u003Cspan data-v-55c67e82=\"\" class=\"userselect-text\" style=\"width: inherit;\">\u003Clabel data-v-55c67e82=\"\" for=\"4038c10e-eb0d-4adc-a6d5-1509a42b8fbc\" style=\"cursor: pointer;\">\u003Cdiv data-v-67163b94=\"\" data-v-55c67e82=\"\" title=\"网络\" class=\"custom-name\"> 网络 \u003C/div>\u003C/label>\u003C!---->\u003C/span>\u003C/div>\u003C/div>\u003C/div>\u003Cdiv data-v-67163b94=\"\" class=\"custom-option el-checkbox\">\u003Cdiv data-v-55c67e82=\"\" data-v-67163b94=\"\" class=\"x-checkbox-line checkbox-line\">\u003Cdiv data-v-55c67e82=\"\" class=\"checkbox-line-left\">\u003Cdiv data-v-046dd9b2=\"\" data-v-55c67e82=\"\" class=\"el-tooltip checkbox\" aria-describedby=\"el-tooltip-9806\" tabindex=\"0\">\u003Cinput data-v-046dd9b2=\"\" id=\"b5fb2871-d79f-4169-9480-4db2b2e15e63\" type=\"checkbox\" class=\"input_check\" value=\"\">\u003C/div>\u003C/div>\u003Cdiv data-v-55c67e82=\"\" class=\"checkbox-line-right html\">\u003Cspan data-v-55c67e82=\"\" class=\"userselect-text\" style=\"width: inherit;\">\u003Clabel data-v-55c67e82=\"\" for=\"b5fb2871-d79f-4169-9480-4db2b2e15e63\" style=\"cursor: pointer;\">\u003Cdiv data-v-67163b94=\"\" data-v-55c67e82=\"\" title=\"接口\" class=\"custom-name\"> 接口 \u003C/div>\u003C/label>\u003C!---->\u003C/span>\u003C/div>\u003C/div>\u003C/div>\u003Cdiv data-v-67163b94=\"\" class=\"custom-option el-checkbox\">\u003Cdiv data-v-55c67e82=\"\" data-v-67163b94=\"\" class=\"x-checkbox-line checkbox-line\">\u003Cdiv data-v-55c67e82=\"\" class=\"checkbox-line-left\">\u003Cdiv data-v-046dd9b2=\"\" data-v-55c67e82=\"\" class=\"el-tooltip checkbox\" aria-describedby=\"el-tooltip-3245\" tabindex=\"0\">\u003Cinput data-v-046dd9b2=\"\" id=\"38671f11-8181-4232-aca1-ed2064f75ead\" type=\"checkbox\" class=\"input_check\" value=\"\">\u003C/div>\u003C/div>\u003Cdiv data-v-55c67e82=\"\" class=\"checkbox-line-right html\">\u003Cspan data-v-55c67e82=\"\" class=\"userselect-text\" style=\"width: inherit;\">\u003Clabel data-v-55c67e82=\"\" for=\"38671f11-8181-4232-aca1-ed2064f75ead\" style=\"cursor: pointer;\">\u003Cdiv data-v-67163b94=\"\" data-v-55c67e82=\"\" title=\"磁盘\" class=\"custom-name\"> 磁盘 \u003C/div>\u003C/label>\u003C!---->\u003C/span>\u003C/div>\u003C/div>\u003C/div>\u003Cdiv data-v-67163b94=\"\" class=\"custom-option el-checkbox\">\u003Cdiv data-v-55c67e82=\"\" data-v-67163b94=\"\" class=\"x-checkbox-line checkbox-line\">\u003Cdiv data-v-55c67e82=\"\" class=\"checkbox-line-left\">\u003Cdiv data-v-046dd9b2=\"\" data-v-55c67e82=\"\" class=\"el-tooltip checkbox\" aria-describedby=\"el-tooltip-4677\" tabindex=\"0\">\u003Cinput data-v-046dd9b2=\"\" id=\"46cbe7aa-cd5a-4714-97f2-0994cd2fc821\" type=\"checkbox\" class=\"input_check\" value=\"\">\u003C/div>\u003C/div>\u003Cdiv data-v-55c67e82=\"\" class=\"checkbox-line-right html\">\u003Cspan data-v-55c67e82=\"\" class=\"userselect-text\" style=\"width: inherit;\">\u003Clabel data-v-55c67e82=\"\" for=\"46cbe7aa-cd5a-4714-97f2-0994cd2fc821\" style=\"cursor: pointer;\">\u003Cdiv data-v-67163b94=\"\" data-v-55c67e82=\"\" title=\"存储\" class=\"custom-name\"> 存储 \u003C/div>\u003C/label>\u003C!---->\u003C/span>\u003C/div>\u003C/div>\u003C/div>\u003Cdiv data-v-67163b94=\"\" class=\"custom-option el-checkbox\">\u003Cdiv data-v-55c67e82=\"\" data-v-67163b94=\"\" class=\"x-checkbox-line checkbox-line\">\u003Cdiv data-v-55c67e82=\"\" class=\"checkbox-line-left\">\u003Cdiv data-v-046dd9b2=\"\" data-v-55c67e82=\"\" class=\"el-tooltip checkbox\" aria-describedby=\"el-tooltip-3476\" tabindex=\"0\">\u003Cinput data-v-046dd9b2=\"\" id=\"3cac972c-5b4e-43bc-8867-4d4cf5d79f27\" type=\"checkbox\" class=\"input_check\" value=\"\">\u003C/div>\u003C/div>\u003Cdiv data-v-55c67e82=\"\" class=\"checkbox-line-right html\">\u003Cspan data-v-55c67e82=\"\" class=\"userselect-text\" style=\"width: inherit;\">\u003Clabel data-v-55c67e82=\"\" for=\"3cac972c-5b4e-43bc-8867-4d4cf5d79f27\" style=\"cursor: pointer;\">\u003Cdiv data-v-67163b94=\"\" data-v-55c67e82=\"\" title=\"硬件\" class=\"custom-name\"> 硬件 \u003C/div>\u003C/label>\u003C!---->\u003C/span>\u003C/div>\u003C/div>\u003C/div>\u003C/div>\u003C/div>\u003C/div>\u003C/div>\u003Cdiv data-v-018869bc=\"\" data-v-5bce1a4c=\"\">\u003Cdiv data-v-018869bc=\"\" class=\"message\">\u003Cdiv data-v-018869bc=\"\" class=\"fitHeight\">\u003Ch1 data-v-018869bc=\"\" class=\"notice-title\">  \u003Cdiv data-v-018869bc=\"\" class=\"features\">\u003Cdiv data-v-018869bc=\"\" class=\"iconfont-container\">\u003Ci data-v-018869bc=\"\" title=\"删除全部\" class=\"iconfont iconDelete\">\u003C/i>\u003C/div>\u003Cdiv data-v-018869bc=\"\" class=\"iconfont-container\">\u003Ci data-v-018869bc=\"\" title=\"设置\" class=\"iconfont iconSettings\">\u003C/i>\u003C/div>\u003C/div>\u003C/h1>\u003Cdiv data-v-018869bc=\"\" class=\"el-scrollbar\">\u003Cdiv class=\"el-scrollbar__wrap\" style=\"margin-bottom: -8px; margin-right: -8px;\">\u003Cdiv class=\"el-scrollbar__view\">\u003Cdiv data-v-018869bc=\"\" class=\"notice-body\">\u003Cdiv data-v-018869bc=\"\" class=\"messageBox\">\u003Cdiv data-v-018869bc=\"\" class=\"message-list\">\u003Cdiv data-v-018869bc=\"\" class=\"message-icon el-message-box__status el-icon-warning\">\u003C/div>\u003Cdiv data-v-018869bc=\"\" class=\"message-group\">\u003Ch2 data-v-018869bc=\"\" class=\"message-title\"> 通用设置 \u003C/h2>\u003Cdiv data-v-018869bc=\"\" title=\"设备 TNAS 发生异常关机，可能由断电或系统异常引起，建议尽快检查设备及系统状态。\" class=\"message-content userselect-text\"> 设备 TNAS 发生异常关机，可能由断电或系统异常引起，建议尽快检查设备及系统状态。 \u003C/div>\u003Cdiv data-v-018869bc=\"\" class=\"message-foot\">\u003Cspan data-v-018869bc=\"\" class=\"setting\" style=\"visibility: hidden;\">查看详情\u003C/span>\u003Cspan data-v-018869bc=\"\" class=\"message-time\">2 天前 23:45:26\u003C/span>\u003C/div>\u003C/div>\u003Cdiv data-v-018869bc=\"\" class=\"delete el-icon-close\">\u003C/div>\u003C/div>\u003Cdiv data-v-018869bc=\"\" class=\"message-list\">\u003Cdiv data-v-018869bc=\"\" class=\"message-icon el-message-box__status el-icon-warning\">\u003C/div>\u003Cdiv data-v-018869bc=\"\" class=\"message-group\">\u003Ch2 data-v-018869bc=\"\" class=\"message-title\"> 通用设置 \u003C/h2>\u003Cdiv data-v-018869bc=\"\" title=\"设备 TNAS 发生异常关机，可能由断电或系统异常引起，建议尽快检查设备及系统状态。\" class=\"message-content userselect-text\"> 设备 TNAS 发生异常关机，可能由断电或系统异常引起，建议尽快检查设备及系统状态。 \u003C/div>\u003Cdiv data-v-018869bc=\"\" class=\"message-foot\">\u003Cspan data-v-018869bc=\"\" class=\"setting\" style=\"visibility: hidden;\">查看详情\u003C/span>\u003Cspan data-v-018869bc=\"\" class=\"message-time\">2 天前 23:05:54\u003C/span>\u003C/div>\u003C/div>\u003Cdiv data-v-018869bc=\"\" class=\"delete el-icon-close\">\u003C/div>\u003C/div>\u003Cdiv data-v-018869bc=\"\" class=\"message-list\">\u003Cdiv data-v-018869bc=\"\" class=\"message-icon el-message-box__status el-icon-info\">\u003C/div>\u003Cdiv data-v-018869bc=\"\" class=\"message-group\">\u003Ch2 data-v-018869bc=\"\" class=\"message-title\"> 网络服务 \u003C/h2>\u003Cdiv data-v-018869bc=\"\" title=\"发现有人通过 Physical Console 登录您的系统后台。登录时间：2026-06-01 20:21:18，IP：Unknown\" class=\"message-content userselect-text\"> 发现有人通过 Physical Console 登录您的系统后台。登录时间：2026-06-01 20:21:18，IP：Unknown \u003C/div>\u003Cdiv data-v-018869bc=\"\" class=\"message-foot\">\u003Cspan data-v-018869bc=\"\" class=\"setting\" style=\"visibility: visible;\">查看详情\u003C/span>\u003Cspan data-v-018869bc=\"\" class=\"message-time\">3 天前 20:21:19\u003C/span>\u003C/div>\u003C/div>\u003Cdiv data-v-018869bc=\"\" class=\"delete el-icon-close\">\u003C/div>\u003C/div>\u003Cdiv data-v-018869bc=\"\" class=\"message-list\">\u003Cdiv data-v-018869bc=\"\" class=\"message-icon el-message-box__status el-icon-warning\">\u003C/div>\u003Cdiv data-v-018869bc=\"\" class=\"message-group\">\u003Ch2 data-v-018869bc=\"\" class=\"message-title\"> 通用设置 \u003C/h2>\u003Cdiv data-v-018869bc=\"\" title=\"设备 TNAS 发生异常关机，可能由断电或系统异常引起，建议尽快检查设备及系统状态。\" class=\"message-content userselect-text\"> 设备 TNAS 发生异常关机，可能由断电或系统异常引起，建议尽快检查设备及系统状态。 \u003C/div>\u003Cdiv data-v-018869bc=\"\" class=\"message-foot\">\u003Cspan data-v-018869bc=\"\" class=\"setting\" style=\"visibility: hidden;\">查看详情\u003C/span>\u003Cspan data-v-018869bc=\"\" class=\"message-time\">3 天前 7:40:04\u003C/span>\u003C/div>\u003C/div>\u003Cdiv data-v-018869bc=\"\" class=\"delete el-icon-close\">\u003C/div>\u003C/div>\u003Cdiv data-v-018869bc=\"\" class=\"message-list\">\u003Cdiv data-v-018869bc=\"\" class=\"message-icon el-message-box__status el-icon-warning\">\u003C/div>\u003Cdiv data-v-018869bc=\"\" class=\"message-group\">\u003Ch2 data-v-018869bc=\"\" class=\"message-title\"> 通用设置 \u003C/h2>\u003Cdiv data-v-018869bc=\"\" title=\"设备 TNAS 发生异常关机，可能由断电或系统异常引起，建议尽快检查设备及系统状态。\" class=\"message-content userselect-text\"> 设备 TNAS 发生异常关机，可能由断电或系统异常引起，建议尽快检查设备及系统状态。 \u003C/div>\u003Cdiv data-v-018869bc=\"\" class=\"message-foot\">\u003Cspan data-v-018869bc=\"\" class=\"setting\" style=\"visibility: hidden;\">查看详情\u003C/span>\u003Cspan data-v-018869bc=\"\" class=\"message-time\">3 天前 3:48:46\u003C/span>\u003C/div>\u003C/div>\u003Cdiv data-v-018869bc=\"\" class=\"delete el-icon-close\">\u003C/div>\u003C/div>\u003Cdiv data-v-018869bc=\"\" class=\"message-list\">\u003Cdiv data-v-018869bc=\"\" class=\"message-icon el-message-box__status el-icon-warning\">\u003C/div>\u003Cdiv data-v-018869bc=\"\" class=\"message-group\">\u003Ch2 data-v-018869bc=\"\" class=\"message-title\"> 通用设置 \u003C/h2>\u003Cdiv data-v-018869bc=\"\" title=\"设备 TNAS 发生异常关机，可能由断电或系统异常引起，建议尽快检查设备及系统状态。\" class=\"message-content userselect-text\"> 设备 TNAS 发生异常关机，可能由断电或系统异常引起，建议尽快检查设备及系统状态。 \u003C/div>\u003Cdiv data-v-018869bc=\"\" class=\"message-foot\">\u003Cspan data-v-018869bc=\"\" class=\"setting\" style=\"visibility: hidden;\">查看详情\u003C/span>\u003Cspan data-v-018869bc=\"\" class=\"message-time\">3 天前 1:21:27\u003C/span>\u003C/div>\u003C/div>\u003Cdiv data-v-018869bc=\"\" class=\"delete el-icon-close\">\u003C/div>\u003C/div>\u003Cdiv data-v-018869bc=\"\" class=\"message-list\">\u003Cdiv data-v-018869bc=\"\" class=\"message-icon el-message-box__status el-icon-info\">\u003C/div>\u003Cdiv data-v-018869bc=\"\" class=\"message-group\">\u003Ch2 data-v-018869bc=\"\" class=\"message-title\"> 网络服务 \u003C/h2>\u003Cdiv data-v-018869bc=\"\" title=\"发现有人通过 SSH 登录您的系统后台。登录时间：2026-05-28 17:59:15，IP：192.168.64.1\" class=\"message-content userselect-text\"> 发现有人通过 SSH 登录您的系统后台。登录时间：2026-05-28 17:59:15，IP：192.168.64.1 \u003C/div>\u003Cdiv data-v-018869bc=\"\" class=\"message-foot\">\u003Cspan data-v-018869bc=\"\" class=\"setting\" style=\"visibility: visible;\">查看详情\u003C/span>\u003Cspan data-v-018869bc=\"\" class=\"message-time\">2026-05-28 17:59:17\u003C/span>\u003C/div>\u003C/div>\u003Cdiv data-v-018869bc=\"\" class=\"delete el-icon-close\">\u003C/div>\u003C/div>\u003Cdiv data-v-018869bc=\"\" class=\"message-list\">\u003Cdiv data-v-018869bc=\"\" class=\"message-icon el-message-box__status el-icon-info\">\u003C/div>\u003Cdiv data-v-018869bc=\"\" class=\"message-group\">\u003Ch2 data-v-018869bc=\"\" class=\"message-title\"> 网络服务 \u003C/h2>\u003Cdiv data-v-018869bc=\"\" title=\"发现有人通过 SSH 登录您的系统后台。登录时间：2026-05-28 13:19:17，IP：192.168.64.1\" class=\"message-content userselect-text\"> 发现有人通过 SSH 登录您的系统后台。登录时间：2026-05-28 13:19:17，IP：192.168.64.1 \u003C/div>\u003Cdiv data-v-018869bc=\"\" class=\"message-foot\">\u003Cspan data-v-018869bc=\"\" class=\"setting\" style=\"visibility: visible;\">查看详情\u003C/span>\u003Cspan data-v-018869bc=\"\" class=\"message-time\">2026-05-28 13:19:25\u003C/span>\u003C/div>\u003C/div>\u003Cdiv data-v-018869bc=\"\" class=\"delete el-icon-close\">\u003C/div>\u003C/div>\u003Cdiv data-v-018869bc=\"\" class=\"message-list\">\u003Cdiv data-v-018869bc=\"\" class=\"message-icon el-message-box__status el-icon-warning\">\u003C/div>\u003Cdiv data-v-018869bc=\"\" class=\"message-group\">\u003Ch2 data-v-018869bc=\"\" class=\"message-title\"> 通用设置 \u003C/h2>\u003Cdiv data-v-018869bc=\"\" title=\"设备 TNAS 发生异常关机，可能由断电或系统异常引起，建议尽快检查设备及系统状态。\" class=\"message-content userselect-text\"> 设备 TNAS 发生异常关机，可能由断电或系统异常引起，建议尽快检查设备及系统状态。 \u003C/div>\u003Cdiv data-v-018869bc=\"\" class=\"message-foot\">\u003Cspan data-v-018869bc=\"\" class=\"setting\" style=\"visibility: hidden;\">查看详情\u003C/span>\u003Cspan data-v-018869bc=\"\" class=\"message-time\">2026-05-28 08:45:46\u003C/span>\u003C/div>\u003C/div>\u003Cdiv data-v-018869bc=\"\" class=\"delete el-icon-close\">\u003C/div>\u003C/div>\u003Cdiv data-v-018869bc=\"\" class=\"message-list\">\u003Cdiv data-v-018869bc=\"\" class=\"message-icon el-message-box__status el-icon-info\">\u003C/div>\u003Cdiv data-v-018869bc=\"\" class=\"message-group\">\u003Ch2 data-v-018869bc=\"\" class=\"message-title\"> 网络服务 \u003C/h2>\u003Cdiv data-v-018869bc=\"\" title=\"发现有人通过 SSH 登录您的系统后台。登录时间：2026-05-28 00:44:54，IP：192.168.64.1\" class=\"message-content userselect-text\"> 发现有人通过 SSH 登录您的系统后台。登录时间：2026-05-28 00:44:54，IP：192.168.64.1 \u003C/div>\u003Cdiv data-v-018869bc=\"\" class=\"message-foot\">\u003Cspan data-v-018869bc=\"\" class=\"setting\" style=\"visibility: visible;\">查看详情\u003C/span>\u003Cspan data-v-018869bc=\"\" class=\"message-time\">2026-05-28 00:44:56\u003C/span>\u003C/div>\u003C/div>\u003Cdiv data-v-018869bc=\"\" class=\"delete el-icon-close\">\u003C/div>\u003C/div>\u003Cdiv data-v-018869bc=\"\" class=\"message-list\">\u003Cdiv data-v-018869bc=\"\" class=\"message-icon el-message-box__status el-icon-info\">\u003C/div>\u003Cdiv data-v-018869bc=\"\" class=\"message-group\">\u003Ch2 data-v-018869bc=\"\" class=\"message-title\"> 网络服务 \u003C/h2>\u003Cdiv data-v-018869bc=\"\" title=\"发现有人通过 SSH 登录您的系统后台。登录时间：2026-05-28 00:44:18，IP：192.168.64.1\" class=\"message-content userselect-text\"> 发现有人通过 SSH 登录您的系统后台。登录时间：2026-05-28 00:44:18，IP：192.168.64.1 \u003C/div>\u003Cdiv data-v-018869bc=\"\" class=\"message-foot\">\u003Cspan data-v-018869bc=\"\" class=\"setting\" style=\"visibility: visible;\">查看详情\u003C/span>\u003Cspan data-v-018869bc=\"\" class=\"message-time\">2026-05-28 00:44:20\u003C/span>\u003C/div>\u003C/div>\u003Cdiv data-v-018869bc=\"\" class=\"delete el-icon-close\">\u003C/div>\u003C/div>\u003Cdiv data-v-018869bc=\"\" class=\"message-list\">\u003Cdiv data-v-018869bc=\"\" class=\"message-icon el-message-box__status el-icon-warning\">\u003C/div>\u003Cdiv data-v-018869bc=\"\" class=\"message-group\">\u003Ch2 data-v-018869bc=\"\" class=\"message-title\"> 通用设置 \u003C/h2>\u003Cdiv data-v-018869bc=\"\" title=\"设备 TNAS 发生异常关机，可能由断电或系统异常引起，建议尽快检查设备及系统状态。\" class=\"message-content userselect-text\"> 设备 TNAS 发生异常关机，可能由断电或系统异常引起，建议尽快检查设备及系统状态。 \u003C/div>\u003Cdiv data-v-018869bc=\"\" class=\"message-foot\">\u003Cspan data-v-018869bc=\"\" class=\"setting\" style=\"visibility: hidden;\">查看详情\u003C/span>\u003Cspan data-v-018869bc=\"\" class=\"message-time\">2026-05-27 22:50:46\u003C/span>\u003C/div>\u003C/div>\u003Cdiv data-v-018869bc=\"\" class=\"delete el-icon-close\">\u003C/div>\u003C/div>\u003Cdiv data-v-018869bc=\"\" class=\"message-list\">\u003Cdiv data-v-018869bc=\"\" class=\"message-icon el-message-box__status el-icon-info\">\u003C/div>\u003Cdiv data-v-018869bc=\"\" class=\"message-group\">\u003Ch2 data-v-018869bc=\"\" class=\"message-title\"> 通用设置 \u003C/h2>\u003Cdiv data-v-018869bc=\"\" title=\"TOS 已成功更新至版本 7.0.0612。\" class=\"message-content userselect-text\"> TOS 已成功更新至版本 7.0.0612。 \u003C/div>\u003Cdiv data-v-018869bc=\"\" class=\"message-foot\">\u003Cspan data-v-018869bc=\"\" class=\"setting\" style=\"visibility: visible;\">查看详情\u003C/span>\u003Cspan data-v-018869bc=\"\" class=\"message-time\">2026-05-26 23:46:17\u003C/span>\u003C/div>\u003C/div>\u003Cdiv data-v-018869bc=\"\" class=\"delete el-icon-close\">\u003C/div>\u003C/div>\u003Cdiv data-v-018869bc=\"\" class=\"message-list\">\u003Cdiv data-v-018869bc=\"\" class=\"message-icon el-message-box__status el-icon-info\">\u003C/div>\u003Cdiv data-v-018869bc=\"\" class=\"message-group\">\u003Ch2 data-v-018869bc=\"\" class=\"message-title\"> 通用设置 \u003C/h2>\u003Cdiv data-v-018869bc=\"\" title=\"7.0.0612 的新版本已下载完成。请进入设备的「控制面板 &gt; 系统 &gt; 更新」，点击「更新」。\" class=\"message-content userselect-text\"> 7.0.0612 的新版本已下载完成。请进入设备的「控制面板 &gt; 系统 &gt; 更新」，点击「更新」。 \u003C/div>\u003Cdiv data-v-018869bc=\"\" class=\"message-foot\">\u003Cspan data-v-018869bc=\"\" class=\"setting\" style=\"visibility: visible;\">查看详情\u003C/span>\u003Cspan data-v-018869bc=\"\" class=\"message-time\">2026-05-26 23:36:17\u003C/span>\u003C/div>\u003C/div>\u003Cdiv data-v-018869bc=\"\" class=\"delete el-icon-close\">\u003C/div>\u003C/div>\u003Cdiv data-v-018869bc=\"\" class=\"message-list\">\u003Cdiv data-v-018869bc=\"\" class=\"message-icon el-message-box__status el-icon-info\">\u003C/div>\u003Cdiv data-v-018869bc=\"\" class=\"message-group\">\u003Ch2 data-v-018869bc=\"\" class=\"message-title\"> 通用设置 \u003C/h2>\u003Cdiv data-v-018869bc=\"\" title=\"检测到设备 TNAS 有新的系统更新可用。请登录该设备，进入 控制面板 &gt; 系统 &gt; 更新，检查并安装最新版本。\" class=\"message-content userselect-text\"> 检测到设备 TNAS 有新的系统更新可用。请登录该设备，进入 控制面板 &gt; 系统 &gt; 更新，检查并安装最新版本。 \u003C/div>\u003Cdiv data-v-018869bc=\"\" class=\"message-foot\">\u003Cspan data-v-018869bc=\"\" class=\"setting\" style=\"visibility: visible;\">查看详情\u003C/span>\u003Cspan data-v-018869bc=\"\" class=\"message-time\">2026-05-26 23:33:55\u003C/span>\u003C/div>\u003C/div>\u003Cdiv data-v-018869bc=\"\" class=\"delete el-icon-close\">\u003C/div>\u003C/div>\u003Cdiv data-v-018869bc=\"\" class=\"message-list\">\u003Cdiv data-v-018869bc=\"\" class=\"message-icon el-message-box__status el-icon-info\">\u003C/div>\u003Cdiv data-v-018869bc=\"\" class=\"message-group\">\u003Ch2 data-v-018869bc=\"\" class=\"message-title\"> 网络服务 \u003C/h2>\u003Cdiv data-v-018869bc=\"\" title=\"发现有人通过 SSH 登录您的系统后台。登录时间：2026-05-26 23:26:03，IP：192.168.64.1\" class=\"message-content userselect-text\"> 发现有人通过 SSH 登录您的系统后台。登录时间：2026-05-26 23:26:03，IP：192.168.64.1 \u003C/div>\u003Cdiv data-v-018869bc=\"\" class=\"message-foot\">\u003Cspan data-v-018869bc=\"\" class=\"setting\" style=\"visibility: visible;\">查看详情\u003C/span>\u003Cspan data-v-018869bc=\"\" class=\"message-time\">2026-05-26 23:26:04\u003C/span>\u003C/div>\u003C/div>\u003Cdiv data-v-018869bc=\"\" class=\"delete el-icon-close\">\u003C/div>\u003C/div>\u003Cdiv data-v-018869bc=\"\" class=\"message-list\">\u003Cdiv data-v-018869bc=\"\" class=\"message-icon el-message-box__status el-icon-info\">\u003C/div>\u003Cdiv data-v-018869bc=\"\" class=\"message-group\">\u003Ch2 data-v-018869bc=\"\" class=\"message-title\"> 网络服务 \u003C/h2>\u003Cdiv data-v-018869bc=\"\" title=\"发现有人通过 SSH 登录您的系统后台。登录时间：2026-05-26 23:25:45，IP：192.168.64.1\" class=\"message-content userselect-text\"> 发现有人通过 SSH 登录您的系统后台。登录时间：2026-05-26 23:25:45，IP：192.168.64.1 \u003C/div>\u003Cdiv data-v-018869bc=\"\" class=\"message-foot\">\u003Cspan data-v-018869bc=\"\" class=\"setting\" style=\"visibility: visible;\">查看详情\u003C/span>\u003Cspan data-v-018869bc=\"\" class=\"message-time\">2026-05-26 23:25:46\u003C/span>\u003C/div>\u003C/div>\u003Cdiv data-v-018869bc=\"\" class=\"delete el-icon-close\">\u003C/div>\u003C/div>\u003Cdiv data-v-018869bc=\"\" class=\"message-list\">\u003Cdiv data-v-018869bc=\"\" class=\"message-icon el-message-box__status el-icon-info\">\u003C/div>\u003Cdiv data-v-018869bc=\"\" class=\"message-group\">\u003Ch2 data-v-018869bc=\"\" class=\"message-title\"> 网络服务 \u003C/h2>\u003Cdiv data-v-018869bc=\"\" title=\"发现有人通过 SSH 登录您的系统后台。登录时间：2026-05-26 23:25:25，IP：192.168.64.1\" class=\"message-content userselect-text\"> 发现有人通过 SSH 登录您的系统后台。登录时间：2026-05-26 23:25:25，IP：192.168.64.1 \u003C/div>\u003Cdiv data-v-018869bc=\"\" class=\"message-foot\">\u003Cspan data-v-018869bc=\"\" class=\"setting\" style=\"visibility: visible;\">查看详情\u003C/span>\u003Cspan data-v-018869bc=\"\" class=\"message-time\">2026-05-26 23:25:27\u003C/span>\u003C/div>\u003C/div>\u003Cdiv data-v-018869bc=\"\" class=\"delete el-icon-close\">\u003C/div>\u003C/div>\u003Cdiv data-v-018869bc=\"\" class=\"message-list\">\u003Cdiv data-v-018869bc=\"\" class=\"message-icon el-message-box__status el-icon-info\">\u003C/div>\u003Cdiv data-v-018869bc=\"\" class=\"message-group\">\u003Ch2 data-v-018869bc=\"\" class=\"message-title\"> 网络服务 \u003C/h2>\u003Cdiv data-v-018869bc=\"\" title=\"发现有人通过 SSH 登录您的系统后台。登录时间：2026-05-26 23:25:09，IP：192.168.64.1\" class=\"message-content userselect-text\"> 发现有人通过 SSH 登录您的系统后台。登录时间：2026-05-26 23:25:09，IP：192.168.64.1 \u003C/div>\u003Cdiv data-v-018869bc=\"\" class=\"message-foot\">\u003Cspan data-v-018869bc=\"\" class=\"setting\" style=\"visibility: visible;\">查看详情\u003C/span>\u003Cspan data-v-018869bc=\"\" class=\"message-time\">2026-05-26 23:25:11\u003C/span>\u003C/div>\u003C/div>\u003Cdiv data-v-018869bc=\"\" class=\"delete el-icon-close\">\u003C/div>\u003C/div>\u003Cdiv data-v-018869bc=\"\" class=\"message-list\">\u003Cdiv data-v-018869bc=\"\" class=\"message-icon el-message-box__status el-icon-info\">\u003C/div>\u003Cdiv data-v-018869bc=\"\" class=\"message-group\">\u003Ch2 data-v-018869bc=\"\" class=\"message-title\"> 网络服务 \u003C/h2>\u003Cdiv data-v-018869bc=\"\" title=\"发现有人通过 SSH 登录您的系统后台。登录时间：2026-05-26 22:58:25，IP：192.168.64.1\" class=\"message-content userselect-text\"> 发现有人通过 SSH 登录您的系统后台。登录时间：2026-05-26 22:58:25，IP：192.168.64.1 \u003C/div>\u003Cdiv data-v-018869bc=\"\" class=\"message-foot\">\u003Cspan data-v-018869bc=\"\" class=\"setting\" style=\"visibility: visible;\">查看详情\u003C/span>\u003Cspan data-v-018869bc=\"\" class=\"message-time\">2026-05-26 22:58:26\u003C/span>\u003C/div>\u003C/div>\u003Cdiv data-v-018869bc=\"\" class=\"delete el-icon-close\">\u003C/div>\u003C/div>\u003Cdiv data-v-018869bc=\"\" class=\"message-list\">\u003Cdiv data-v-018869bc=\"\" class=\"message-icon el-message-box__status el-icon-info\">\u003C/div>\u003Cdiv data-v-018869bc=\"\" class=\"message-group\">\u003Ch2 data-v-018869bc=\"\" class=\"message-title\"> 网络服务 \u003C/h2>\u003Cdiv data-v-018869bc=\"\" title=\"发现有人通过 SSH 登录您的系统后台。登录时间：2026-05-26 22:58:07，IP：192.168.64.1\" class=\"message-content userselect-text\"> 发现有人通过 SSH 登录您的系统后台。登录时间：2026-05-26 22:58:07，IP：192.168.64.1 \u003C/div>\u003Cdiv data-v-018869bc=\"\" class=\"message-foot\">\u003Cspan data-v-018869bc=\"\" class=\"setting\" style=\"visibility: visible;\">查看详情\u003C/span>\u003Cspan data-v-018869bc=\"\" class=\"message-time\">2026-05-26 22:58:08\u003C/span>\u003C/div>\u003C/div>\u003Cdiv data-v-018869bc=\"\" class=\"delete el-icon-close\">\u003C/div>\u003C/div>\u003Cdiv data-v-018869bc=\"\" class=\"message-list\">\u003Cdiv data-v-018869bc=\"\" class=\"message-icon el-message-box__status el-icon-info\">\u003C/div>\u003Cdiv data-v-018869bc=\"\" class=\"message-group\">\u003Ch2 data-v-018869bc=\"\" class=\"message-title\"> 网络服务 \u003C/h2>\u003Cdiv data-v-018869bc=\"\" title=\"发现有人通过 SSH 登录您的系统后台。登录时间：2026-05-26 22:57:39，IP：192.168.64.1\" class=\"message-content userselect-text\"> 发现有人通过 SSH 登录您的系统后台。登录时间：2026-05-26 22:57:39，IP：192.168.64.1 \u003C/div>\u003Cdiv data-v-018869bc=\"\" class=\"message-foot\">\u003Cspan data-v-018869bc=\"\" class=\"setting\" style=\"visibility: visible;\">查看详情\u003C/span>\u003Cspan data-v-018869bc=\"\" class=\"message-time\">2026-05-26 22:57:40\u003C/span>\u003C/div>\u003C/div>\u003Cdiv data-v-018869bc=\"\" class=\"delete el-icon-close\">\u003C/div>\u003C/div>\u003Cdiv data-v-018869bc=\"\" class=\"message-list\">\u003Cdiv data-v-018869bc=\"\" class=\"message-icon el-message-box__status el-icon-info\">\u003C/div>\u003Cdiv data-v-018869bc=\"\" class=\"message-group\">\u003Ch2 data-v-018869bc=\"\" class=\"message-title\"> 网络服务 \u003C/h2>\u003Cdiv data-v-018869bc=\"\" title=\"发现有人通过 Physical Console 登录您的系统后台。登录时间：2026-05-26 22:33:38，IP：Unknown\" class=\"message-content userselect-text\"> 发现有人通过 Physical Console 登录您的系统后台。登录时间：2026-05-26 22:33:38，IP：Unknown \u003C/div>\u003Cdiv data-v-018869bc=\"\" class=\"message-foot\">\u003Cspan data-v-018869bc=\"\" class=\"setting\" style=\"visibility: visible;\">查看详情\u003C/span>\u003Cspan data-v-018869bc=\"\" class=\"message-time\">2026-05-26 22:33:45\u003C/span>\u003C/div>\u003C/div>\u003Cdiv data-v-018869bc=\"\" class=\"delete el-icon-close\">\u003C/div>\u003C/div>\u003Cdiv data-v-018869bc=\"\" class=\"message-list\">\u003Cdiv data-v-018869bc=\"\" class=\"message-icon el-message-box__status el-icon-warning\">\u003C/div>\u003Cdiv data-v-018869bc=\"\" class=\"message-group\">\u003Ch2 data-v-018869bc=\"\" class=\"message-title\"> 通用设置 \u003C/h2>\u003Cdiv data-v-018869bc=\"\" title=\"设备 TNAS 发生异常关机，可能由断电或系统异常引起，建议尽快检查设备及系统状态。\" class=\"message-content userselect-text\"> 设备 TNAS 发生异常关机，可能由断电或系统异常引起，建议尽快检查设备及系统状态。 \u003C/div>\u003Cdiv data-v-018869bc=\"\" class=\"message-foot\">\u003Cspan data-v-018869bc=\"\" class=\"setting\" style=\"visibility: hidden;\">查看详情\u003C/span>\u003Cspan data-v-018869bc=\"\" class=\"message-time\">2026-05-26 22:33:40\u003C/span>\u003C/div>\u003C/div>\u003Cdiv data-v-018869bc=\"\" class=\"delete el-icon-close\">\u003C/div>\u003C/div>\u003Cdiv data-v-018869bc=\"\" class=\"message-list\">\u003Cdiv data-v-018869bc=\"\" class=\"message-icon el-message-box__status el-icon-warning\">\u003C/div>\u003Cdiv data-v-018869bc=\"\" class=\"message-group\">\u003Ch2 data-v-018869bc=\"\" class=\"message-title\"> 通用设置 \u003C/h2>\u003Cdiv data-v-018869bc=\"\" title=\"设备 TNAS 发生异常关机，可能由断电或系统异常引起，建议尽快检查设备及系统状态。\" class=\"message-content userselect-text\"> 设备 TNAS 发生异常关机，可能由断电或系统异常引起，建议尽快检查设备及系统状态。 \u003C/div>\u003Cdiv data-v-018869bc=\"\" class=\"message-foot\">\u003Cspan data-v-018869bc=\"\" class=\"setting\" style=\"visibility: hidden;\">查看详情\u003C/span>\u003Cspan data-v-018869bc=\"\" class=\"message-time\">2026-05-25 21:04:49\u003C/span>\u003C/div>\u003C/div>\u003Cdiv data-v-018869bc=\"\" class=\"delete el-icon-close\">\u003C/div>\u003C/div>\u003Cdiv data-v-018869bc=\"\" class=\"message-list\">\u003Cdiv data-v-018869bc=\"\" class=\"message-icon el-message-box__status el-icon-warning\">\u003C/div>\u003Cdiv data-v-018869bc=\"\" class=\"message-group\">\u003Ch2 data-v-018869bc=\"\" class=\"message-title\"> 其它 \u003C/h2>\u003Cdiv data-v-018869bc=\"\" title=\"系统安全扫描异常，发现 4 个待处理的安全风险\" class=\"message-content userselect-text\"> 系统安全扫描异常，发现 4 个待处理的安全风险 \u003C/div>\u003Cdiv data-v-018869bc=\"\" class=\"message-foot\">\u003Cspan data-v-018869bc=\"\" class=\"setting\" style=\"visibility: visible;\">查看详情\u003C/span>\u003Cspan data-v-018869bc=\"\" class=\"message-time\">2026-05-25 19:26:39\u003C/span>\u003C/div>\u003C/div>\u003Cdiv data-v-018869bc=\"\" class=\"delete el-icon-close\">\u003C/div>\u003C/div>\u003C/div>\u003C/div>\u003C/div>\u003C/div>\u003Cdiv class=\"el-scrollbar__bar is-horizontal\">\u003Cdiv class=\"el-scrollbar__thumb\" style=\"transform: translateX(0%);\">\u003C/div>\u003C/div>\u003Cdiv class=\"el-scrollbar__bar is-vertical\">\u003Cdiv class=\"el-scrollbar__thumb\" style=\"transform: translateY(0%); height: 21.4065%;\">\u003C/div>\u003C/div>\u003C/div>\u003C/div>\u003C/div>\u003C/div>\u003C!---->\u003C!---->\u003C!---->\u003Cdiv data-v-5bce1a4c=\"\" class=\"v-tour\">\u003C!---->\u003Cdiv class=\"mask\" style=\"display: none;\">\u003C/div>\u003C/div>\u003C!---->\u003C!---->\u003C/div>\u003C/div>\u003Cscript>\u003C/script>\u003Cscript src=\"js/chunk-vendors.10331b6a.js\">\u003C/script>\u003Cscript src=\"js/app.ba0ca957.js\">\u003C/script>\u003Cdiv class=\"el-loading-mask is-fullscreen\" style=\"z-index: 2000; display: none;\">\u003Cdiv class=\"el-loading-spinner\">\u003Ci class=\"circular\">\u003C/i>\u003C!---->\u003C/div>\u003C/div>\u003Cdiv role=\"alert\" class=\"el-message el-message--success el-message-fade-enter-active el-message-fade-enter-to\" style=\"top: 100px; z-index: 2001;\">\u003Ci class=\"el-message__icon el-icon-success\">\u003C/i>\u003Cp class=\"el-message__content\">操作成功！\u003C/p>\u003C!---->\u003C/div>\u003C/body>\u003C/html>"} | headers=HTTPHeaderDict({'Content-Length': '1906649', 'Content-Type': 'application/json; charset=utf-8', 'cache-control': 'no-cache'})
DEBUG    selenium.webdriver.remote.remote_connection:remote_connection.py:468 Finished Request
DEBUG    selenium.webdriver.remote.remote_connection:remote_connection.py:406 GET http://localhost:58731/session/eaeb57ab0a4d1deb93b3eddb8c40d746/screenshot {}
DEBUG    urllib3.connectionpool:connectionpool.py:544 http://localhost:58731 "GET /session/eaeb57ab0a4d1deb93b3eddb8c40d746/screenshot HTTP/1.1" 200 0
DEBUG    selenium.webdriver.remote.remote_connection:remote_connection.py:439 Remote response: status=200 | data={"value":"iVBORw0KGgoAAAANSUhEUgAAC3wAAAYgCAIAAAAfwTkbAAABLGlDQ1BfAAB4nJWQPUsDQRCGH0NA1DSiooXFlWnUJGI+UAsTNWiZKES7y+UIYhKPy4n2af0R1naCjQipbawEKxEbe0Gwje/dFReQFJlhdp59d9jdGYgtIYunoN3x3Eq5aNROTo3JTybkgZlW12G0qer3Lax9XWF8m2rYXUv5W+G5elxXNsTzzZCvfa6HfOPzled44luf3aNKSfwgTjaHuD7EluP69e/irXbr0or+TcLuHFeVa4plylzIm7SwWaPKOWeYohR7FMizrrwj31CkyUgpkNUuRYkiOa059qXkdZZmN2BV+PMMn+x9wHZ/MBg8RdphH+6zMP0YaclNmE3A80ukRTN2TNcMpLgiZhfhZ0Gt3MHcF8z0pC76xyN6Nf71anBAB4tVUUbdpMn+AQyUTdocuQPoAAAQAElEQVR4nOz9WbMlSZoYhvnnEXHibPfmWllZVd3V0zPT3TMYDAEMMAQpLKQILUbSZKYH6Un/gJLpRXrhb5EZaZLpUS96pEEmyYwAAQOJWTDsmd6rq6urcqnc7naWWNz5be7hESfOvedm3syqmmmvWyfPifDw8OXzb/fvy//N/+V/07RNNilu3b1z597d6XxqLBhrvWkBwHuPnwaLN/yP8WAcf+Jvjx/4f+s256uTk5MXL1/evnXr/v17NsuwEXkcH7HW4qdzTn7KJ9510qD3zvi2dT/6qx/duXvnd77/u3meyUvx3XgdX6R9OLjIK/gLxO/G29iBi9XqX/6Lf/Wzn33yn/7n/6tvf/vjLMvwIvYzfsaXehm5L1pjHeBYHc7L0y+/fPni5I/+/j+cLG83tvzRLz79r/+f/6//77/56Zkp22zqilkDk3x61PgCbG5tjjOBjeQ5ToqloVsqYPkd8S04D1w8TZShy3w3w8eyDCtbm3mddC38zfKI8AZ2m1eFigOuSPNsh1MHpneFmuEFGp3H5MduHReev/Hidy/BTid3ocL74YPejTQ1rNO6/gWrQ6N3eLDaUDobNNOeIdfQenGHPb2s2VTbjW+qqTfv+fyjrPw73/r4W3fvLefTqt5uqqppmiLPZ7M5ZKZt25OzsxcvX6y3Vet9nhfFpJyUJY503TR102LbuKz4srp2F9vm6cX58836lWlPfF1hr8O8mMx6BgYCDZtZAjnLkIOAUxjeirjmAbRwr/luWnxvlXWD4H+8f7FHRTkpJhNugaGz9dW22qzXBDRAOwW8DdAoawK0h3JbTMvZ0dH81tH8eFnM5p73orEZVTKZubRIh2N7V9S8tHguuzV9uKLXdZlH9suNFZ/+wzuUJwWGlbz0m+uAb9x2tT57+fL85cnm7KKta+ygJ8CQWi398LyyLSLypqoqqkDg6hQdSJNgZCIcITRLgDZb4Mp6Wi9CI4P9Fet67iU/6xnaZc6017I8SiJ4mn3rFVXYjHBWnk1ms8m0zKfFZD7N8UuZG8gzhE6DKDHDJ85evfzyk1+fPH45Wyx/8Md/96Pvfy+fTV89efwX//Jfvvjs8Xf+7t/+g//oH5licnx8y9fOZ7ghvGBUfm+v29QfBnJ8dY6tZwxvgsyvABV/CCa7BN7SOTFv0M61ijf+8g1yeEGEcXUlhgVgCkYUnKdaiiABvCJkCb80DI11XSkXwRUmXHDVXGsIU3hYnV588uO/+sm//RNkQpZ3795+773je3dmy8V0Pp9MCYUZZiEYUXWvDkhHwS/F/Ak6CusuoGktbpCL8/P1aoXXZ/M5wr9AiBlbkdEFHVm45HWhZAMia5j/2W42+IffEa8ibBKqTjZdx2ulRSp4D0m9jjziVvOmgMm/+5N/+/mvfnl09+63fue7yCyUJQ4s/+UP//Lnf/rn1ZevjqF4mE/uT8tlXh6V5XExmWXZFGeuqZrVGppmOZndu3VvPi1xzaq62qxW6/UF3i+xoRwniRgy3PqWOZYXF2dPTp4/efXy5ebiZbW5cA0SvNqYyrVtBrVvcY+aBoRV6ZgQbyK0SN9zHr/MH65CBh0dYZQja0p/TksrVxCvdAQ6ZfaIECP4IUGypc3KopjiPDNmx/7bMIV2Z5Jdwpem1NAF1Jcuomfq3700aUy7m7TGeBkh3TCOZm40ViOOjWGXUK9Nx8IVdRYyyJnJU54xY2SGw8mZYBHvZuRxPxhXpJ/d5PiWV8VLgzj7hKC5BlID2pW4H3lA1gSEzkyprJp8wfqZlc7w+lELHoRHRghB0i53aYcyi8CkBaQDOHm+FYIij1Bt77AOMhqzcjrB9cpyvIyskbBVCDVtW+PPusbPRmY9IP9kTxAuMbGTceBxPuUG3/PUONVwvK2UHHMXqUvIQWFFpBzz6RS7VBbIXeGEEL0uIJvNysVivlgs8AuNqdli15yrWtwB3HaRF3gXh2MDp41CTCDDwtW7rns7nG6Eqw750FVi2RIY8zz7iECo8EaLDGCKBtO2fcRlZlCgT/ejpJdWkbYgmW5zQ2UfXfa9XiEsIDXZbrdVtcEhz+dzoQIirwk80Ca/kqq2N0ErZZc4hjciKBdIU3BO5vNFOZ0bxdZATJrMrXCzvPkJUHn9uR+0mc5Xm88fPX789Mt11bZgGySJBlpvne94V9w5JOCxzAwiU4M9mk+PZovjGb61nOVFifiuRKJCPHlGMgECGmIPK4ICvUnl8Q7A2kC4B+OLUw8sRr7eWnvlQsMrWFhodEDKIPIP2bmm5Y61StNs5QCFoo0ztcc/eHW6/fz87KcvX36Gqgb8XSzybJFPZmWJRHxK2wCRGeJ+ByYwJCiMedrXflLYSYYSiUFu4gjyI8gW2eRoMjnOJ7hREetlFqsRfgw7sp1mtjAwRWxkqZeEpIKwDk63QoQk6ChLN3SeVeGFTFLX90VUCPB0SEnQHYMQ4rFBjXZkrZxPNj3hU94tST3LpIGWxPeQjKKalsfTuvbLZ1/i3707d+/fu4+stZA6axSDZgyTTApYwwGZ0Djjuk76HUlThrW7JweCvMx4INMGWcr1dot1kGyhHDEq311S3M4LVbhBplQQoE6bEfIgHLZIWTjnrfIhRIcN88wBNzr+n+kKKQNMLdWdbF4i1Ex4DV0LIlVkAlkwb2UXGN6qQsnwo24aRxTAK7mm/uCPjK9AVhSoI6LNhdxt63FznLf+WVV/sd18sV2/dPUWVQ0ZkW1G9VbkOEaXWeCjHU5p2xCvjjdxT9B+yjPpCfawm94+SyxqhMh+9z5pshw2iZQbL6EaIcd9WBCXR4PHjrqmZU2EzjZWx9dvNygzoCRrw9YIxIb4JK970GrPSSFmWd2RM88ijJAMiSoQiSRJkwgl13E1yiOohGlrZgha4RYYLbrwuhFQtMmQ5Qs9JcRcOxdZOOkbyBemTRmRASv/Z8I4KSOQ5UwgENU7IQ30xci6g9ddLhsEVIjxqXrCGZUatOfKHhNgOFDUQ1DFaBXlsW1TbXCKkcFvqw2+AXdxXpCEleygwIgy+TGqP3GMyXU2IOF5eSqCkKX4UW/32DPPvBx+0oS3qKpwxMsRc+dYU2F2ZlgXWqi84ZXkNSXAzTJdAqaFfQSrDXSvlo3Mu9CYRPkZgBY1tEZbY16VKBVDEMIb83AqIYKookDvRq2Rspn8uPwQoDJZwstZw5vXJxwf7fWWLuQmQyGrsPksn1juoOjphHYS70uaHVLueGH4LW6jvMiKCa4ezokntGXDRoloPMoUKiyraq4jwFnQiijj7EmDpACvI2FEnswmz4dH0QNpj3VuPinuLJZ3l8cTktJ5nVDEwM6AI3IQiJ1MkmpM9WWN96mklTDDAKoGN8I4ZbK1Ca8yCgYWBwmgs7z2blO3tJ+R2NMVovekpZfhWtKL0iLyu2RjOkP7EV9fgd/iH+IEFF3BNPgsdZSWX3vmBN+gxNJsNqtv//737rx/b3a8yArSWTnqByJcxCQt6TMZJFikp7nLiBHr7VABLR6mC3sFUp0bq1968K+yTEcoA5vBOIAAOqxmrOISwiKvFri3wZQTdzqRICB6RqT0YlWttsAomVlP2ma2ZQaydROTzWxha2erOkcRjxa2RaYIOXLbtFlLKKam5qg/DuUgC7PFDLW+KIFnZS4bwTMYSJfJOMQQgYQGebx1XV202/OqOmu36zJrSsTZBUInkkZiulSSzAOKsbLBGDcQ1NtgRrG6v5zOnm/lYlZYsaGIzUVkVtINolYjIyUlS1GZSK0mLI0LUyc8H68cBGsLDygAquAphGgiLnW9XV+sLi4QNLD9cjqdTKfzxXw2n5G0zTzwQESFgWEFwnvDdfnZLZwsk7UTVl6RaLwlSopv32w29RYJLqndWuIZcHkbwcm0DxA6i2yCOhGUsieokp+hrUGmhUbPdBJkgnUaWdHqVXLBz0gDlO1xCRM3FBPCvVQI7cmQwzJk+RJBGFJFfXJ3IOO7yCDJg7hsrQm6I2ZFmgYr1XWDWriK/rYEP2wmia8QyVpIjDzI+nIh5axutjZqFI2a8oReeAhd0iVzgqoCE2hYl8EciMCA4+til6FX81rgQlg2gJLirZxNUXk+KUhZTloywiH6uqynOeQGQd4SVZpk2JKucq9aVu7hXeLecXSt8j/KFNUNf8osUX/yyQTfTqQJ34yMQp7LVgTW1+G0IJjJ6KotshZoFdoITiTYE3IbZFiv1BcsQzWjWF3fLGMC5JJ9QcjF8wygQawkZSn2gReFJqfjgWHAdhIG4J7HHRrmoRUqhBMinARuMtyqtBANMqntxfnZ2cnp5uK85hGR/gcli5xeOlsu58sjZF+RkeQZ6IrzXheXZxKU3+ptcGWJhNwLDyCQwI9qHValKQqSYTL4BV7RaBupgCOj68Q61qcFziRCnewK+oaEqq69c8N95Dp9Tyf9BZ3ALrLq7VA3MJuObW4/wlFfWfzYU273dYc04pPvzEmM4pkRM7H34w1es3S8Yihx3Y3pNDymP59yMRIgr/r/ZL0FwF+3V9ctfr+IrfgwIE8xBBllRZxJwMsYheHsv/iP/z3SgzLUEjmaTKza6II2KtV+hn/EvUERGiE32nbr9QYRFxmqi8LHyQodSqmI9pJ/tk64BOrlZrudoqp3NlM5PNZ/3SJkPvmpexLbRw3ms2fPcTc+eP8BGlfE70QwV1JdZkrUiJ5bc0Ia1usV7lfU+J2dny3mS2zqR7/45WqNLBdJSJ4YoMzoethA+KGTpwLHn8xEB4KKYwLLJaKQVk4aMQZSEqsSqqwPdGMYzsmu08kBM+xHtNZ+8PutlpGBHPLqQ7ak3xVZO41YpFzDKkZRP6SVxcwCZFIlUlfVs4wktCnyD5MCwrsytYgTDVMiHVTJLK4AMz2oVnS2dahZIbUKu2uwQEWqWyeqLa+ssO8sZ0bpnAAPKFWDIJrDJYSgx+exFoypF0EwUURtKuMNIJZAG/ayNwY6SAqKSNkqGQ2WedmgoTFXaFkBUqeTq2peVXbx/uDZiJEObPAmiofd/ZQWXj6hmAQMjByQL0Tm2ShmBmV9ZbGDhG9UPaQqX5NwAqDqK5VVSeoSSSwAynhHete9CdxUejepAibSbxWzie8hv6UgjbNGOuN9wsxlTsylq5vTZy9QY4ptHd+7m89LVBEgo/Tq8ZdtVc1uHd15/z2Ww8Lr9M9FWEpX2bPHA7GteS71LxlgMlJzZbkEPOA6IHSDYHZTLQFcbfvwXWVIaXp6xSaqjeBvqpTcKPui2mFtzjOL7M36/LxarQSP4cKJdkAZadtb5VBsh3GSYvrTmyJAYPM2fkExCT/ReCldFeoPSc/NngUdWbgR9GIHRFYah2AoJZxP6gATr+zDUUPua6fgJkfZb3HrGIr8xZMnF2cXd+/dKydTfOXy6PjW7TsoRZ2cX2w2qGtGsQNRcYl/rE6kDYp6S2wEeaGWFBnA3jC5zBYui0iVivnVScIwMqflQ/1TpzUtKwAAEABJREFUy7ITa2vEQgNO7Jou4U5E42Zh6IjTY4dGlo8/B04dkSKPmwe6+kAGVxbg9E3WJk6+Y5O8e8uPvcIbP7LlYPg1aUywtXKTqY5QmLrRTil/0Y3ZREyvGDB8DWpvZ3YY5gFuhkAYjABocFvxzKGKbckyPo0rsTMWE5cxirhy05s4MXJN5hzUrBURdqd5irXUk4yJUaaav9h/iDPfeSwFfrg3YQpq6Y9RjlEV/z5VhymU6pzTW+Vd3EHL6kJqizWr7LDLmzlTPZ1RVbqI6K2oP5hhCjy+uMaFxRh6zIwWSDa+zjRflSUU30/Vv3hxOgEzgpn6P3cvjV/Z25n9VV637KXL3cUgrjLmbNsIMN0UiSXOji96r9yYhB4IHDu2ot4KJV9akyjlGe2z/GMg2k4hacAztwRkgiMvc6QKzrMXGWMx6NQRJipQdO8RN8hmXSA3LxUw+X4WtrYawSDw3T7YP7QEp6RLFrdH+MxrTFKqqujgOZGptAvBui/gTgN3REO8ysHMLqA2dOvaFarUnSEoQGMhiiFZYcSKgGYJPlUiRjQTPH98kIyt7GR+DPcmGvnIwQ0UQzEB9hEa+bViQVL0CAGT9Qaj33toR/GWNaGdSyYIzE5rV1aWiTM76jPTKXj613brpOvq4XLNYESriNzQnLKttuQgOJt6sToEVZB4AQSVgE6WD4QpvNon35KXwgETEKZSSHDDSlXFv8P5v6LsH21CEjqONWJtz1J2tLQwuESeWXeY0hVg2BeVru/4liCGxybEdcLa6LttgrAS3g/65riVFKXIDZroLJhMWm4Fpxut01tnztv2rKlXaOlgl0k1HyuwKs0PFNyzE4DjE1UgKvCOjAc7XJwKE6c6aIDizHcwKdZlciqgczuk62eWnl4fvXLSRXGNY2sH9gTkzIsJCgsj20mHQJuYp408b4GdTjLxnonmHwiyA6lS4qSREwzh2NqoD4SAUue131NRhksDLgi6DaHyLfSKDSABQXMn3EpwoADlpgXBsC80RLAxwTvZ6OEQ9eGAFGsncxY/pQ1dLnWC07sMSsyno0FyixbeLdrf8HrO1qdo1eihBO/7OKEzpw20Cp3qQIevXK4xA6bRKDPLHieeJT4Za+dxkv7PawjqFE2coVGYtAEZy4u8GUceu5OUsNxxXrTncRdk4tzNi2SFAAj10d0bNoXcVf0ab8RA9CF5F0Q2VwmCVeZNhkielcg+ABqC84l6kIg7AU8TeWezWxb52ouZimYeYX2Ss4c4n9fBFjNPTYEXjxDFSgCxcwmfDr35jV0WgY375nwKVMnUgHjY0TMuJ28vV1q7LMsjPrpBlJhdcZFIkLeAAIn3JtEWQQAt4ZS97/qiOCh8TVAhmGgICLp4JnuASsna+zV5nDR01IBeD+pdBYaP4VnxnXEyN6iS9VjBojRbGai82YDfWtPgH+pgLbmdEjsB4tJBWlni2glcm2ySvffxBw8+eri8cwS5Jd95IEYUjbQixRPCVASk+zzL0m0R4JlBwtpgpxbpiD8CuhjuxD5QK3SRYjDZnt53ZtcoIplEcIr/CkQ6dugXpYt4nDTbmhzjxXvJQeZM1uKfLzygrZUcm5zPGpexK7RlpTTg/FSNqRu04beklGROICMFwnQ+nS5mk9mUHEciwhRfE/bjIcdHsLgW29ad1tWLav2y3p5bV5VFPS9cmfkc+bpM3PbSHarESERFOYibKaoHNsnL/BNBxP8Lwm8ZOWeR0Ro/ySeIlO5kQKeLtOUyuRJcAXnigt+d4gnyd9LXp7Mt3QAGlc1qffry5PTVq/XqAuc1Z3eTW3fu3L57Z3m0nE5LmyyZ79hMs4O9wHX4sCOpELlO1Vax4aBtt5sNmsvp7+Tk/PQU/zarFSltyKmLXF3Zb6EsZ5NyPp0tp4ujxeL4aHl8tFguZgu8NFN9TyYHQ1jKZsU/g1HkSsD75NQBS/bcGemXIp6UsYJRc0n/24El3Q4AsPsFEt5D4JrkKEKcBlVeWzTUnZ+fnZycvnx5fnLKE3VGvgWelH7kR8D2SvrCX+WkYkDzVqqwXkJ8k+SkR84zlkWHEwgyaOwPqaBJomvEFalhf47NGvfbBhEHe80ZYQWwGcSgk2k5o0VZTHFd5vPFcrk8Pl4c4UotcQW5e+TSprJe6loTxi4SAQSeRK7EiZOqspPo/Nt6c3F6evbq5OzVK5wQhFucKOwhInDyNZnPUXm4INCdEqkh6iSsAujhVh4LTiyNaL1eX1yszs7r7Ravu0acib0ax9LFC51LJUwb9rVQWNqVk0mBFK4ssRvlbFaK4wvvU97pPF4z3DoD2IDALxoGZKEEno6s0pGOeltdnJzR2F+dvHr+DL9sLnDnkqmF/LFw8u/cXt66g59Ht28jNsuKXDyBxCdYDkGJg464g0uf/I6nVDr/nd09gAqDX84YCfFUIU7A5AccDnWx3tSm+CKWsMHCdChdZcCPrjD8Pf5Mlds98avf8l4CdGV53ed2i79BXwrfkzVHGvbDIctMRgFB/15rWnYJesqMDbrllUHsOaNAykDpzTCKG5ylS8u+UTAVFjYmONOHiupxEjrdfQKduS08H9hCWrVar8kxczkVpaxhauvGzkL5sAaynrgnS/IWmZ6f07kvJGlWDj3v+J0EbNgjUOIFcnzrFppGVher41vHPXfCG5s5QQ06QQ8/eP/hw/cePX7y9OnTKZUZ8EmE1OMrOfPlWNpxoktYTKcP7t/74tGj49v3Fstb2XTx7//R3/kf/uLnr/7sx5vGtESoJsiOoWRHh82IeNsObozSdpwgS6coO2rdUayuC07EIzEWh1rmqyjxrXFRrDHvCOi/NiUChLCGAqISGUUY7CyblKjSdG61QZbaN8/rTXaGAFB/9N77y8WCzt8Rya7pLGxuZyXyGAvyaFuhNrVFagbsjMm8dN7mvPykt3Emz47npc9sszF0YLnxK1PXYFq1tKU6Az45BOSZ0hqCsUxkGj4EKWotr3uBxzDYkglRB1Y1IvNEFhaWrQyfzSpRojC+2tbkLg+dUlu9avmYVtvQuaJsm+ebArFKnk3oCA6EbfWuAGewofaWiNBG4w28y9LNv0o4iE0QSnAhUERsqk3LIUwURdNa8plWlqtJhUWr3Pod9XMCHrI+uDo1LmvBkBE0IUl9VVk4nRBaaDjQ2VSZK88xChAEERWWFcvbgMYZBG8UWw2LbYbOS5Du+NaD+68ePX/1+MWzzx/d+9YXpM+YTd/76FtP3/v85OmTLz/79Ye//TEZGoppKtF0Osm+ECJslkUlpgTpeSfFJw7CXzEIveVy4J4SNCY1yX2ev9HZGk8OH9YWLBgAqife+/AhnYPMs2e//vXpl196Cn6gB7Esh0Ew4r35utNLTsSdyAMoiqOuDLHTycuXKHjLOdF4PuDtlYyDkODrGnazR7ElyKw9Z5eriyrwgpakyI4Xt/OSzq88/uWvfvJnP/ze7/3g6GiJip/84Ueth3w6e/LDn1bn21VD6iNUHN2elpBnpPS1HnWYeHWFtryzE5TPbi+PM5iRbEVGDFejjn5Lc14iqrAsubUOpcDj+dxnbPGwcLpB9V3N4YfklKZpTNymQcTx4IdstpdISnFdIOoolW31EJk2ZnH5VNkVxfEZu9aTi0BDOlA0TWQxLFJkwuIUpv3ZacyHQHfmkqXwyXdIWGyIPlgs7bPrFZ3TatVmGN0KLwNpjg1C5Nx2bvp8gDwYkbzSXuNTFs0PecVORyGSlNGz1LJD+UxUS5jZ+OiMYhKONHiPuaD1NUL6han3rOnlcDbAcRq4A0yX+PS7MYmSTc7G+lTMCh6uqK7I4zYUgPAc4Y+3Z3KMjw0Gfnhuw4ztINjxJLNySkY7Je0Awxq5MJKyzhLLXtV67tP4ckKKAFSDUqQtU9XuYi3RwaZlTopMPsJLffU5u2qhym8LUyCdZqbHmlkJKNAhIsahSEwASUxDrRzLDtRdNYK9RYYkCFAK429Kj75aeiZDZKVfjqIq6vJyRtoRU7zT/oFPsQgKv/PlvCGjKXH2rErKvIYEM9K9wF5DAAMT7DLkuTeflbeOj+mMYrv2FPNDGbsgAfsgYNB/LvhaooX2fLuh2EKyxywxVRQGCs1DhGtINYnVM7WIiVe6SgopPoOdUGnOJ7E3dhHlgZOUPhfHb8TKFYYGShhSzMk+NqSlt7xVcLeiFL0osmWZ3VvMn6GGE7nglg7eeleAr60rMq/aciMeYKCeEBzXQbzjMzIftb6y+GcmaJX3buvcxHoxMnEICMtWJyMe/WE3WXYMUsHFqA5or7pHV1owV6JbTUNzvXnpKROuKDaJONajEdpUXyc0II7QXYfZlGTVF69erFaro+NjoxSekFIulsIoh3YL0aew3Re/M5x+l8amF1R96JgtDIeGrQO1grxtxrunqAlXRopV11tx0CTNEdqNWTeguuFB/UieiMgylyAGZiWVckazE7F1MwUzUF9u4ylHFFCgJcNa1UbrjPJEJVDpO6uw6cblg66AQvwYiC+8dG4vkwVAG4zK7rj6iWo1RrNzKZQYCYPU8SFCCWW52WKjHndyBeSYdqwJUb3LwRWc+ISqVC18pY/x7AajiNyC2eHMIX6YToPc35LdtYS5lU/QVROUkwCS4jAXLBiDF3bfB3tH/nXdrIX4beq7wkKXayuH5IU8I1tylcxsXBTfW1zfqdqTV0R95D56G0arM9YHFdHaO4l+w9p89qnQ4MGpWABpg2JrER8jsSebxNrGeEAhfHdaRguohNEhRLF5qV5fXZmteGSLE0EwETMHrz4hCfqV7SHOjglakwr9TZEcpnXsJ5kVHEKPxBOOdJIFnRzVJGYYheYQjCfE9iEPlRJtgNkk4xY5Vqhihx5KCpBmlJfoYFTXDoQJl9UUEBdaZ0znKaLIHIJbBMVLIBcylKpMmefzyWSO1nvUVMoOkiin0UUp0EszRnf2lRH0yK0IrhJpiD1I/LYhj5OaBA3bkj8DSp10JAsZcoohxA9y3CkQ166WnE4AK+AfquZrTwFOcLgt2BY0nJX6q5LWlOSC1tU47/c+fP+j3/6OycWbRg7lS/QCPo8Ham6xwTgotmTT0cKABBSqZFW8eOBBjBWk0ATGXKFaCVEEfIiBYQYxz7zvxSIyYXnVKkkHXijOEP6DtudqhQpln5uM58JQqL0WdQQmd1Cg6sByGO2mpggoFJWHDEKmZqUex9cQx2dHoURIEprPZmg7R6BAtXUTXBjEbwg12xlNNS6BpfB14M/q7Xlbn7XVBldpWmSziSmC9KnQakx6CCKCslITz9PYQbcI1IozwMcQAqKJyiQqViZhTvCP3CDDErSdaK2U1ht1S7OBTnk+f5DLT/I6atvNCg3u5/UGNfGkVsKBl9NyNp+yPx+wIKCUV81lvIBxaXxPaA/rFX+HjRhJJ6tkXF1vUXlVbbf4t91s2Pgt3rDMdTByYfM5mu/LnONkkEUb+1aSOZ9HLeiPI5cAABAASURBVMXLkW/tTJQDVEQA/VPwMb1N7HVmIARQDNYyPm/kE5vINYUHSBMsRBjuF1kC8TdS3KseJzQL4g2wOl9XW5olgXYf4jbx1HCsKIISAZfUuS4IXTKZejxSI09Aoq/zykdEZka0zi27m9TkcVLzOQIJ++F18ykAZ907yVhYlsWUgtxT9Br2hAI14ibnACH2qjtlMjpR3YKGHoYI962EQt+u1wg2CELSoOwSDp9VcAeoIChbDRNOrbXsttrU8kf+FhW3gMPEJti5phZnX5P0YRePOQ4ZGS9biqHo6aAE71N2uSj48BGAAnEOKXsKYVx9gIk1RKco8h8LXRqjleIi1HQ05Hy9wk/cNrhvq/WGo+cS8iyQBk/JEws3SU5uapOsKATViCAvgWnCOjp2p5aQZiaSyhSAO0CNfIHtQm4LshIfJiOa4ayz3odRRQpuhpO5syUkMpPE7/Phuzwi32PN2A4kqs3LKc43vcD+n3HcPamzc/gwPfXujXQmCTjXe503CeZJOmDMQIruU4xOfjTvtqTuzHpFOEvvTKpzcC5oW1V4yP7P/+zvsa6s4SBSRIsnxADb7nyiTxo0kfoEBkk2Eb+YXC+JDlbzObKjExfomYnLCdGxWkQs4t8ijfGs+8Yr09k0ZybGiIBorq1KSOoHkS+hKezPbhDDYw8fP3qy2qwevPdgebREnAI8Rzaq4YJ3NXDgXmHYifcEmM/mjx8/xal7+MFHhDdt3kL2k5/+HCcAlc0UJJmCf+aoAQjiShYNaRAk0KHPcuwxhYZTo4usAzPB8pA6lsZGwjgDi8At9fQIg8np7x4AYw6YXqG70Ilb8QXm3ZSRgRwCFYfg0iHCTfikjpp0iyPvTmbOR/kMgt864w0ULk1brWdFPqVDdTBhZ0YJeCVbjGmqYZLNZ9+ZrxWnSqR4hbUS6443iyMaXOROPRgpMFgrnB2/3kcFFLH6Yp5hq6LNwmFjnrLMmoEzNYQn4/oyN2qiABR0EPHsJAvkGliY6Zn4Y3bSrVGmVGUD2jcUzDAD1ThLVGZv9vx500Umv3yRD8QMKWYcfTzMT4Ln3ioSDxZYC31+F9L96FWICllFOAJe7Vo+HpTu24iayC+EhGFD695H2MmgJLOX0AZ2p7UR0CPDGooe1w68uE8iHnUYIH3K+wSQOHAeiAOiZWjPOMyJOEgG/3pDXucF/qg3W9wK6/V6eryclLPZ/AjNOc+++PzlF4+mi+W99x+YKC/puQQvkU7SdbQhFQvuMuBgJwBDvnB8TQ5Y8EOgAg4AoRuErptqCQ6IdGL6EDK4YpJxpUfo1GDsnJ6k0mhMHFnBkmt5UdJRg/nR4vzs/OTxY44UyNFAObmLRr9MhmkTviI1YOzOfIf3whXHUEGJpbxfnZ8jkDCzke0OcLdZM7pwI7jF7hBZ6M1MEGLwTjhDsEetzztqSLAjMPMmQ10HyoDIuT148BCR8bMvHj1//PRotri1OCY5ktLMTPGBi/PNalMhr1JtKiQ+8/liMi34iJvPswJ1UZvtBruE0iaal3KyWZAchHrPqq7JF8FqYF85nQ/UcxKd2dRakSsFZ7YiS2frTJf1T2mRMYluNKho5YbIRlYRRjfFghPDiXUqMfhTj65HLjymF5EUMEb1qD1ZzuyqT5I10sZjwzHan/550RL1Hw439QdAz5UkgG44gG98UKlBZCl6evcIK/y4hGLsMR/cBRtC7YcILh1P7/s+FqDsQefcE5XsoVGJoSueXR7UMjyUZHwQhnzobxfK2/B2htS12kGnt9LAItI/SJp1wTBvNZyBsjDCY5jYQdVTgO8djwYFEUh1lP2QigktM6kkF/CPICNmUEQbH2Ly6LFUr+fpSTDKTCArPiixEMw4+GsOMkrnVUfZiheOJdWm+BtBhO7Qg5DFqAdLSW/jxOvxbZ0PH3knr8F/ZQaihrI7CtzNvzHd3O68cufKSK/MWyp76XKKck2AtahAMxJET+IpJLEE4IquHiIOHFBk0iVTABE4ymjA3g3sJGVDQHno0hLJ8qvfVFQXGCPOW2josviF4mSHYDomYEs92mY0d4nTzSQHt2Q6iIzKcT1OI8Oih9jDXLD8KHR4QURxv0A6/wEDQ8CwNiV85tpFT0uEBjsQlrtqAYcI1REWBRWx75phs5uzDiWmYrpcIClCKrZao90jR1OHsXygleOXSK87ei/OLOqDAnreGfjENh9NpqdyawIa9OAEFYkCm0/aUlR3ngQfT6lb3elGk2L4CJi+T5a4HuxqT3xvhtJ/rpzOqEjhmdwNOLzH96qHBKK0Ch1qDeqh5M92bRqlubQibrVaIYSXyFFoCrX4AqL+XQxLAN9ZeK8eGVw5B2BSqtqKEM3nAfu44uq53N8hMVlBVykwIsaoZ2RCW5VKmTiTCiIdJQrd9pwZ0KlmwOg2gKAH4/3bBUERnRcEimk1X4+HuB8DrVeClWmaQoFJDi2SN8jvufakrS9c01h1NRGbelSBJ2KeHn8P4dnzcHRf9qTdgds4lQFyEjtNnD2vkU44GhPRUGtsMIQ4H5LdaYgFVmfUFHCl7UJfgLCKsZeR0GvsMTH4ZlEnFpLeUEoOwoSgCQANa95bjeYSvB/EASXxejGKLZQ8B8G3oykD8qLcl9AnG904bHiOdDlgQqR0Js22i29ApkF5TXDA5VBqaqNQ62lEmeG9WeLHFYlIzL8g1Kbh6y6kxXENZVugpMgoXFMsCisxaCHMcs9GAkE5G5a8iwnSDTyijxDYVC3oVshiYDVVlyOcvsTsYA9qo3mEUgIB3aQrkuZGiIfSSDY218gxfNxZTjdFVgc66t/HAAFrBJgKxUpv47Jk4jUgSgmGmUzDVjCGiYBk+Gw6dBKoEYdjk1r6w4Fs7lbcF2ocBbblT1gbknP2Dz5DDazW8WjGp21g2obXwKsnByoDsxJNcjafWKJ37MvmA7R1WiRVKCV7W68bSOkvw0rI5QQmrFCjwppy9QHuONayVVcv+kOwXkzKo+l0Ru7YhI45OhH/2fTseuIWHBYhWayI9ExEByroAYSoNrq1cY5broJKUkRoW9eu66aio+sWARrRXWVYf0pRJibsZcJJhyzFO3HklUJJY9DKWlnY4ifOswVyVeE/L+wVwxSHKrdIXrabVbmc3v3gvYcff4SytKH0fWLMayV3CeuxNFqwRi6xPgzNB3hOxZNYTd0iohorQIeJ27DDpSneM4oTjYavT1mPfolquihQ0tHilmzhlEWtqjaIELYo25uGHYnwr/aAf43LGj/xUAIdQYDa5bWZ2pwSseDoN7WvG4uwSYeIfENhtLxDIJ4WU7SILJdHt4/KxRwHWrGahREEwwZ1kBMbWbsy7bl3p759icrxDKqJ9fOJmRWoH5fkrDEmlMi2MQusxrcK+g8NbpWBVceAkMxVglBkGqciI68o9jHIM45qUQTbthj3E/432TfdlfAloHqCAZzAi7Ozs5OT1cVF27TY2mJ5RHFElhwcopTIELL6sgW8pjwTHrWjrWGVjLIKPixumtiipUR1pPvdIPt1cXFGQRpOz09f4U9JCMIk0YorBfkLTEtcDuzP8hYqgeaoWMPv88W8nJVoTAcbOBrdiaLbUSgL/RGMbzWQiRKA4EfSBQCDKIBG5CfMoE/VVmPfBiVOO/Soba9+SqcClqAThhURtw1q83BRVmfn56enp69O1uer7WqDk4ZIAtWIlKemxKUhn6CCssuX4r9XBD8PyrMT4Ia1j7kExtHETBCO84fgxCJ/S+EkR5vtar25WK0v0KK4kpAzTSUuL5raFxvjpaEAHhTMA/EnLsvx0fI2BTWZzWeUJHUiEXiEqRN3h0joUwlDJsd3U0Mpvxitiz8Em1/FHWS72UiXNBbOhpIYGnE3yUnFij3hqAEzmhfOaEPpStlXg+LDUdYomuENDpAyb1/gMCkySsUuNQ2dooqGjBCViJnVoAHzHRsQaYDYRXmOKR4PxXeZzhcItwSlU14XOuoDPkjCETyEqsa9apXKirwFIY+z5GIzyP+iWQE7rHFuTl6dvnp19vLldn1BM2ahnM+O792hrO53bs2Pj8r5nGKNsLOL6uskNDWnuCMepnUxTw0kxExZnaST0KUEFZ7eaPCSnMIv0UJTFBnWH02KjEKe5AJ6JjpCJfsldY2KxACYA+NAJpK0UGiTOj/5pEAYTwpHkFDnQUlZ+sE23FsOq/X2ih9TofdEy1EJeUd42WWf4HWHtvtwROyR0RLoGFyEANV0xfXYS9Of6Tfq32sVQYbpfoydF1znNH2NZ7dtySfYQV5ellPkQ6ytEVS3WwqVNJlO5qhgzWzkb8aLD4iAPjNk9JbLJaK4Fy9enp+fc0ixEKesdyJNu6j7MAFrrD+bzSTSu14UquxfZ0IBIOK3lCeLs4PMxwcfPLx3/86Tp8+fPfvyvQf3RTzorZ/X5XUgYGFCFh5q/L337n358tXz58/vPvhguZz9x//4P/jzH/7k//ev/vumrcAWzM83FKDOa6RMrxr2TirzvmPGI2zLD9OpJJQLERwGb/089m/K9UoEMIjxMw2HasyzBprTbf3l6vQoz25N56vN5tbyWBIxcvoPcuyeMAdUFOu6thQXDnmUvCWWB9kppsyOMzKLmQENsMuyrJitaJxvXI1PSFyT0BdjgubY8ZE9Mr3bqAdhEo1CK2l2HDupywNU0m3SwSc7qmN3RQ2G1BGCkoUS3QHURlTcfWUq7z6Ow1aZDWdqz6D0UCBaoFzR3h+girzZctAr/VdPOKWAnhpnoGqp5zjz0/l0M59JZDerTmky1VZOaeNX5Gc4mZ+DoCT1mtLVRHnCq+hK0YbzpqUjspkES4Rdsg39gFODn2M9F9ylaJblD0PpujeUfdzSEbyGfaeEI5P42ORRvrh7e/rsZfX8+cWrVydPvzy+c38yXczu3Lr3rY8+/9GPf/3jn7730Ye3vvUBn13JBl1IMaoR4CyKinNVkqdWkZvflBstg92UwoxP6si6oASOEg1SdlwOr2cjSDQilwWLeIwzzhf53ffuf+cH38ffL588fv7FIwq9UFjxNzcGJcPM2Bi6PGEQD+C3FDYSUQFffXTrFn6evHyJYjx+T4cGO0qHNyw+JfGBznuJ01hVeSHxhuz4kztTHbkj+YJwLo8jGnjwwfsosP74T/78lz//pK2a9x4+XM6P3F1jfgtnunjy80+fvzpFa1txcUEZ0m4vjsuc8psal6OihNwf25OTk9zA0XyR2TnKPy0d021RstzU9HbLwR8ntHc5nQHSmAXK2xVRLkQnrFxqGWORE0PwEfBOj8H0ODElW4p2HJttRYLziRUqkht+urV81CqdICMsYvw0yjgS+9W2GVEe9rEjKVrRnzCt3vsh2ZIP8CnrCP3UkPuWI3YnvKRXREfDSBt8WL/YuE8lwDjqBBt7Cbcuce/o8AW5XzjO65sCA0AXhMHvHoLpVQjaZ8HT7BfYmFa7ansGQ+g06N0YjdGPmPwbAAAQAElEQVQIftwtzWqeKpcdG9mF2gCHAJdJMElPgrwlNiFi+1UXa6PuQlwuyRLGE4WYvJHgtKH3EP+TS4NRp3OoShADgW6qc+6unYJnmSYVwRqVtKJSmbAe07CBbLPdsiM5xYGekZqmlEVC9MVu6aibRVVgRcfdTK4zA7twcUjpmBKdmi72Jx3e9BwGRoP2q6ufAkDSgjxvrjbuXtaNtLxLPkl3tR5+Yv5ZRXcnx8UjML/VUAdpYajmyASG9wsy8UiwmMRtsA+oRho+MGSbVJNIvn3eTMtyuVycb+ptc076emMDbpJ9KClgjEaQULcvOtePBsY1UpBszRH387ZwDe4hDmDUOh9yLyVeJmkXoIcDwyyPA+lrs8ayB0WB6v2wSRsjGTAX69nWx17zJqeTtxQp1HMsjYk1JcCtcnprUp5P/cuaY0Y2dZbVaHrCnYB2OWfBJowuv10igXs2MuPkQJOjecXXzm1ds21VoWy1L3LKPcP/WgrC5zgHeCRd8SyHRKwZzkof/Hx6L2gj36gkbM9ryk8qHe5SrEsLCYC8RKiPns/niPrOz87u3L1LZKL1+7sKN4wkAhPlWV2OnIh5rVm4cvIAYABDJlnKsMTe+z4/o5I/+M5Lh23AQbASz/tocIojShshlti5QQ8z0qWDxDqKtBt2AEo5S8rrzAl8M85QSTxCG58KrIZRoje+QH64270PSoWDi1cNpIK+zpne6ZrtVxfrhfcuulboXEVHOYDgJRathdDbXOrIFgKfhFE37NEiica9SscjkBCxH1ksMtidmMDmqC+MSXZ9n0tiz4kwBAhhb1Rl6rsAdc4bTfajHvm+x58Zhqde2Ii9M86fjpcpRj6QkAx1hZSplkgQjtMSQRQgErOWLgS/zCcsok9fsFtAjhLtYEJ9UM7dsiZaExCazuMHes3wB28RE2w54Xs4g9TVhoT39v0O7p2nwBCGxsIr1FgdeMPwqbOQcr5wGNLpY4auW0DeNLQ3MwYvsqGzExTy3g5EZUwxTtpgF+JAf1BwIh6SgREqHQS2H8I0JdBiegoaGaENQ007JlTAydYOsdCD67kYEbXr6hsl+VU5zi5OFdnI+GAo50yRR8P0GrXVCQXQK8FDIvbBd9ggrmMKcopIOXSiIlsK4ZsDinUVBe1pa47whu9v6JQVCQk4sy64jdGu4RhwlFjHUzoecjpB0o9WfFSrWs8JgdQdT2GDX0Iegr4pl+Wdh/cffvuj+fFi29aGo3zirNRVwzlnOXIGJ3nhZYJoBtWJY1iRnEqggdvAiAtC30qfgFYCOX2OISEZYe3ErhocTzsR1UCo1k0pjappJc0HRVndbhs2xluyJ/CZs5Zz3rDQk+PiejthVwREYeTOy1H83HYL7HHCobfJouvwDqqqy2K2QLU0mq3LbFKgtbNq60hC1HRNi9g0WbZp2zNoz5H7yqCeZU6O+GfMHAqTa+OIowgIPZmus73yt0xHbDWmpDg4ghxy48MCELKi0CczdCIFSg874Sh8RMqeUmcC0Zo1iquLNWs8yLcPx7w4OsahExcvDuh8tJKD9xtOc6Po0QSfs/5ydeub7g4vcRWYIuCLtpttva0lugk5MTjDNjJHaSULzREjLvik7SSLwhRNCrQeuCK5xKswideLCTPLkah1A0Qq1oX3D6DlAuTJjDnj+7NmOsbMjIH04SVidUhUcHFm0kJ58qo1he7gcC8XZ2eUfb5VVoe2J6q0phP2Ss0oCE0xkYQ4EdvQIXDbpdaLqxKogBbxcKS7fKDThyLOJg3b+DkM+Yp+NE1Ev3zSvFA/FfGPRuU3rwtHtsokQ1Mu3gYcUcMo6TQpnkwnsXchLogyWazQSIoJECuxSVpO4yo+gRRbhYJ55OnWoPOZYaQSZIvCMSPIsScDJQqiaJzkfuE1oEAnmEOcJjPCVukxfmGErAxbNqMlxwtanDghsiU5RgkxDCYGGOtNQoIPlUjoxHDuYU0fRu62m/Wm4qxG29UKf7LqhKS6Yk7eP5MpxW+ccJgDYeooYlbt5DxUWOjWtwn1MpHo9vESByNWTyQOPcWYX49cAp8wV6+lMOHQY3W6QfWbFYbTxPEpbISIJppJR5irEOkkZeoS0mB6QB7GsisPRW8I8/aLf923jD7YF219GMn+p3YYkh6wXc1RXrufQdJJEI83fb7IK0+ttHvk5Spe76Dct1QGrGO8Av0tYEy6SyKbbZJ5pC/Z//U//YdytqphnS9xk+J4Ja7rfRQsTITST56rxPmKZEXcSZsNms/r2Wwec82mvdQueOMCoTK+Uw3L0RkKMlWWfPh4FwquPV3GDDk80VriFyTK6836iy+eFJP8wYP3cOCG1ejdJAX9tLiNMFbSiJSEk/Ls7Hy12dTHt28X5SwnqmY/e/T4xdlFTazahBg2PtEPIoIGcQaEK00lmR6LZdJoSOIPGKWx7nBFYMdiT01kn99CpJOk8fBr8OXgAv1y+FNXXhkph2zJ4b7tcaL9l0D/33QvqU4hziankkMJrbVNm7eUA3VGziV0IJFkGk6fTGf42Feb0/8RbTekMMomwAcgOGiDkBE5Qes4gSgrkkhwp+zmIcONSQAgYATBXjac0vDiaM9qnZ7eZMSg4DT2loyKeRqNSyT7Wihn0N3oYXUbWfmoC4Do5KaenvFs0CVQp/DdA/BLal5dLkHNEXuayCXDCNK44SKaJLNn7wFE4VIwJCccodkl0ZHd8mxQG+kjTiPTEMhQpBNlO/jsdcDioXUTlFsMO2IEBVEgwBjfw8XrR9wZHYqJ38EkGsBOtUi5IKy4FdPZ0pwxWq5qDQZNgksUDJB7unj5ijvnl7fuTOZzrDbJi+effbY6Pbn14MGdhw+MDZ7NrIYFY1McFHtFqSJC3vdcYvRdtaCHLPghUDFC9V6rnQPLTbV0aKQT/hzoj4bDSX7H/ZWJWKVPOUU+QtVIR0BWBApuc3zr9NWr85evthcX5KLEnHqWhxzttuN1ArYF2NmwQzCOHve8TVQQ1cMuOcnym418H/T5kpZ7gx1ehF17S9olEBcTT0KdJNwE0512PaTI7Mvkc/402sEoKiJ2Rg1IOZ09e/L46ReP8W1Hy6P5dFYUpZzYQxns7OwU0QXqn7AHCzSYFzmwtwcSp4wqrFClgmLgbFrKySGRoxoOUkon81hiUs6N8slZOoKDSInlHvyNhoOqaVUxBlGAMek+VZ17p4dXWwIIwerQVTq3PuDF/gHHMLs+4a80oq8c4GEdbZEXgjEjy2o65jYiMDnEA2YvGgyjSBoxqimAjgAHpi48QDc15iDvgTADJvZhCHJ+RNxJ02AoFEGM12ziMKBfZxd6rRx8BIj4HIJQkcUTK5G/DC24rrd65FpGbGN0KxNmQAwsgXgxiMZzMCaZbtWwQNL5DLrjRFZz8kIyyk4vE6ZWwKzrZzgpZ8yA+Y9z27sapHmZGBNObskt0RqrvtxJE0heRcHiRafNkNupM40qmfTEuqA+5pTkdQmY+AOZZ6vW+vAsdBFiTNApB1VMuuA7KGhcGthFaDsXlGFL4Ps1+P7RAvvocmAgTXd4QIAo+Cc5zb1tTQSVMVQ81urNlBANKDA8iP4aVMpR0jQUDQvDvI1UHGzKXiPKwJBBp0KkTNHsWt+9gX1Ggq6r060pgIpTL+mbKOgOB0YGAUG+Ly8LwOGTw+0JlIzARFctvfQaS97bZrzVkzwQ0aTXfzljDj0fqkiDNmHtSPXXeLvaopiUnW2qBi0ZfDcoLK0fiME6Up5FcnMm/MMm+YwFaTrAzecZJfipnG3nL9gUhV5wVCGzqSLCQtxxAZX0xitoM7IQ6cJ3M5FuJHPoxA7AZkTf5PvN7jwOYxhnvL7vMfusBmbbA+6+i9WFM+74+FYgVUYsb0K7w6vs4ZFOYBcL7cpr3P2OPiohMOJuZ/qs4OXF7+0SdExKXCWjKye0W6LYQ7gyjH/uw6QFpSJQeJgQGcvEw9sQCW66yyD6Eysy60YU/BFMN0xQ+BZJ3CQ+lLjKtbHnvn3V1ueuriNpMJ01HXqRToBCjLDKmpdOIgF11j+ZCoAdviidpWSCo0HUCaIWe0uMD+HFz8J1ulc6kNrG47lyXj1q+MNcxNBW5KMe2JQs+JdAxCVy/l3+BH2Qi3tbC9UQWmlM367TUbUEMQYZOxaZMh84BACINFciQYRuSHw9G47eg0Y46LgkHnQ4/ScBy3zHMQSyCOr3YDo0nHYnksjeHx1ykwC4NDpOnEiWpy0aoPCCnP8PPhbikNdH84FBlZhO3SyN7SxIIptCly5EyWIAW8Pr7TjuTavBNdjrxqbYUwKNhEAQsowM3KIpsIFzt6bn9xEVDummTvyQfAJD0Fl3NEwChwEO0JKECwlrH5i37lnWcyVxMXUp+lKw2ATijMpkelC7sKF8OsHeL3ILzU4dPU4CcRFYKYCO5NP5CzouFvIMaRYXSIl1HBwYiB40tgurkFAuXhaJNR6iKjgIYnImimZtgQNMyFF/mlmHAt4ky46ms/mkpOyl5CfgO6rnfRTvutnw4VYit3YKok7WSXqo/1hRVTpRWJG/iKlciyzAluKBG9SLtexVx2kqUG+aNxpNjtgdTweqrLMU2qTy+AmUkdySQsozvfch5jDz+oZzHKGoW81vH338/d85untrfrxsxcEUjEQRdiqtZ3kWNBIEJDYgbYq4wdDLVsgoEPCqaCQkI4aOBFx1dfpDh77/ULdVdJb6GCzeE+jozT8uc8XG47bmBBubratbiv1CMU4MzxEUZLHISshxEif4szUTk0/Ir96geb/ZVK6qEI8Cp8eiY/U5NLnxBWTT8v79++L34NlNnwMtZ0a9jwgh4aKs23bl3blpz43bZKae2KawyGB5CTaiwZ94lnRHSnCsEB4mYFDetVYSUqhxRIA+ExMvcWwcooIC5UpQk4IjCoiGJ5N4SSrcmUALnEyx782aD4idjkihVQuVJxdn5zh7eHG+XC6PjxfLJYVkkEBeWQj8xpiTlatGJUVqu/NhjFZgHxGFIAGnrnscvaMmS/lmc356ujo/X51fbNBqXm9lx5ImlbxL0FRHqaIpRsWMoptwUJPlfLmYzafFdILKGqEw0IFMZDCgi2iUiPP657vvXnLeeR94DtOnBt6M8JAuooMEE17Nm5k+OwRpvymNlOh03fnZ+dnJyenLl2enpzI/Td3gylOGGvyblrg6JYWcmU40dgjFulGtQgwHxV7mHY8XsH+cje43H9gXlkYy5nB+bPIBklQ1+Nc2NYfy8soNMM8zYVesCf9NKdIMqeYozAmaOCcc4qLIxSYypO0huG8kXYHGmMAsSzhNvSDd44NfdIytYkcTBKD1ai0JmMjDjI9iUpdmM4pqMp+z+wtH/cnZ+4QQueexkStPteb4KNjAeoNNcXyUreTTCQsauqM8uUCDT8ificunU0KZe9C8S7FVKKgJzUzJa1RACJbm9BCzjJ/DG/uBRBBIXApYrBEhlpPjsuAmszHBPwAAEABJREFUpcguJycXp6fr83PsP4UPQ2JaFrOjo+M7txcUBOh4cet4MqN8OiYw/4FrJW5F1pqsci7ACI83RqyySYRCr8G89fQUp6I2EkhGvN9iaBObBcoRE/nJSKz6v4YJjO6woHdBQ1843QitdI88n2KAk9al8+9Nz0HM9wkKpGz8sAjZDvN7tRh34P4efdMhrV+/US90fY+RIn17QIr7RhAVMntupwz0NTooTfeGH2mDUeIRS9r/7uxgenGsmDcuu43YncQ6SWUZgUuO0PogzCg3nP2f/hd/F/EOKxQ8blbcNZxhh6Ibib+DMoKgxmMlSSZBNkImUZ7JcpJwkCMkzVk9n89jt4D9NqKPquwF0eXE6Kiy48g05bwYhBRwQNoPEm7HoZpDZmwwcTYJZY+vQNXJ08dPTl+dPnhwf0rEKVM9OEikWNWJi8BtTWosIdc1vPH08dP5bIl0f7U++eCjh7/69ed/9aOfz5Z3nj05mUznRsQDsreBRowUrRqzAoJ3xAIXTkLImRgDHZEW/2PhVoOgqAgwGaPIeNGuYVJOwiTchBmZOO8Hf0NgCgJw2or2wlz/L23bj/VH9bAw7Piw1zDo+B4AuKKdwFn0tmr6zUjg1ugl0Bkl4jwHRsBIyjpWTjGg0GFUT/mrTFtNi2w5KWaWjHkkW5IHvytEZ+Q4RSYHxcpYtMmZYVbRsBVZV2Vpdg0nR12KrLWtKGO0SBqWg1yqQckplEDM6u1ZCsokiXqw6NBa00ELOXJDk8hhPrlyEOblz3qJFGAl056eSab4sd7q0UvFKhB3jR5n59Di+IlDCtK+8Emt5PrdNXjLlS7PagDD3bW7arnBpPTVjLcAHafb2zg3WSDw4TACjYFPSEkIr6UPGhTFj8DyDOnQjA9e6p5PHYAVXh+ECU0OzNl4iAdbYoWJiBGOm8IXyIEAE4WRwPJ22QzkmC3DRFiTLqC/iaTABKOiGptZ4LH0UvKeIkORxpez0bxpRUwGERRRllqfnW3PV7PjO0e37yK85NRO/eyzX63PL+7cub9YLBHqbZFBTgndbD/0UwBs9rkJ7t4cgppD2IZMh90evnTB3gQG4rNxFd4SB/A6GHj0b6i9HPu7ujNjFcKncNtRGc0MoROWOmOJnbICL8nxfFNtLl4+X5+dU0CUTA6sZGLwsfHksZfjg526xxiTao19UOxKiaFEolFa4q+2dJRkg53S8yJh+/sxjc/4kIcE1KSz1oc1FvOtuE7RK+SoRNByQlQDsJ3MD5RTQomSfrHU4iCcTyMskRX2+Pbx8e3bL188e/Tpp4vF4u7tu5TKPfeLW8t1vT7b0qEM8lZsG4v8noFSgtASR1PgdZx8ytdTFNPZxCrzy4Zu8vd3synHKS0mtMMpHU8hPUF1FicZB0HereiXjZGkgqZjPH2rhzoDzZQpkqxYplPgqleaAegHAA9awjAnQTMfOUQlQvqk6AfJNhX1yhpdyYjqCb84a3pWfH1t7zWmS3IDMNgKA6iIKF69L4wYjsUa0ONWxDiwK3SpFBMCk2jCMN+ZneSsCGNWRbmBdkAUjVWrwtNpI6JO/oyeJvTRHJJT2IXI5ECky16ZcHVFdXqQTdq0HZ8kJWXGeCpDBGpZbc9HFuXAcYxILQ4fEDS5pMNjMEHwCfG/nZfzHQIGuhs0cGgYFPQpUey69DvMHlWNQ0imW9W44MLMy24EkfMlgYrhg6rY3zbSF7LlSPLDIrybSTLzgfLerAvJHiE/gArsYUxDlVbT80A4C+0jp2+SpZRig/6fA2GYAbPBAxSK64PFFFLANV3jCfDH7eV7m+xmyo70IVOa/EFgLyMWgZatpKzS7w7y6iYNfxENx9k6pNNdRtoh7ev9Tjao0dlmNLXZUjQvRKTRCGe0pqAt6HZoFHOE1+VjG2gdRNzLJ/akTtZy4noOddBHO3RAwshmYx1UYymoGMeDzmymqdD4gC1RCKKE0Sia4qsB7EGAj7BrereSl3tzVQEl8PyVZ6rtWVH4wH+33AYCV+klNbcIUEzbmhYJCgkgTQONAzQgr+tqVW3I8avIPY8cMggHGWWGM2EUAl7UQCY5yElYOoCLAhOpqnNyO7F0cFdsm4TRiEVB9pJ3rpVJEZkdOuLSgSUEusLv6gszif9MQCmwIzlfUnZnWg7hjdSU3eE0Hq8J1l9rUqGbiULy8j1NmZ5IHdIu4L+kha62qLXOhZsnOORPH7QbrEFIdhuke7cTSvg3Hw/kTe5M9wVMf3qgQzzyAZZO9xk6syiyDAuU6QGMsZncoySIasce1TIJRY0aQs5poAyJ152bPKM5GlyXNYSPnqjQYVPHaROcGGwwfBqvx2r1/DpfdEH35cRU36VcAaHb4nBFRKuVE6hoQzS1tadt/aqpzymDQggowa6QSqvVrKzxjB2nnkGTtyHclYWcNTJ6SOZ9OD/CWHgXlGYC4bQgLaOlms7VZJRHRKGfHEDkQK5445CNlzxOpPNeBMfgNMANBhW9KMLEZpQZhSd2Z+30RYYhASTrhfAiFNCz3eoAJeoGrWYT0XrKn4c9ow6O3Uh9x8PaZMuLoxqPnP3ZOHgCp/XJSECVOEkgbrNZcPTJxECKFcUXw7EGh2zqkUTxJgoe9sZ09HaH7voQTwIFeedMkn+QzjVvtxT2f7PmUyvAEg9lm2BUxdtUQgzIuDok4YL5VWiW135E/jNymCGxu+Izr/YhfYxQaEOuFIYT64R0P2FnhOB3XUIN6KaenXhIbA/5s4SgBcqVJFQykRr7uIoDziekdTUxeQKntCKXQn5dBp0Jz2o+dNLZGvFbiugLYj6UPh6h28KMh/Xj2F7KHIj615IfKpnTJ1mJlvoctb+Ok2d5qDkETcMClqhtOCMJpYTBmpRPh7NT5+LD0OPh1WQcYcSGHEBZFHLDRpL0QHIwX/TqToPQ+ECebMYSpZzRERtkLoYvas4SsDb1xGbH8/nxdIE27Qn3KhP2VH1Fxewo2NxH5V9kLEPiKKtbOITxYSTOEcc0xxNDnDzhTcNwQ8ED0b7g3ApBGwE+z1ABVFOmG/IxEAWZl9DPFEUVKKtOnm2MWXm/BVNnWZtTth3PW1BNEmzmZEGbFK+44Lce3H34nY/vvn8f7cSQW0RP7GtCWtzteoMVcknXwigp+iSJWGmjJ7TgLIhSp2LciEdS6Am+uAFwAzsLSRns+15yPZdEcAzAapRIkQfDtqIQfIhm0ZBcX2xxoAh7mbdZC7YxWQMlslGePE4oYWFrihomNeRb72tis31VIwdm8Sl6E0nLTW7awli0oR8tyNXh6CiT9KNO0sBJRcR4RePtuvar1p95v8rsOoMteZxkvsgco0/htzSvhOgqM42bKWmqGLeK04nJQmiZRJkDIXACJ0FFGayU3BxZIalDSjH08qbOTCIoomxpfWAtgr9xn+NlnSEa4DdrZHnIsQDrI+dDmWuOlrP5jDXhAquBx7NpZkITEYL8irpAcvFyIpzyex1F0EGLPoF6xd4tpxfnJ5Qs5uL0vKb8aChWtDSkCQc2IbN9OV1gT46Wx0tyNFksUHU2m0+ns7Iock5XrruHGdVI6STZnNphLWSqVgarcrZsXAfRvNKxQQl8dVK2jNSrJiP8xSx1OqXJ9KaNxAnXW5JhhPrtlFhXVY2fSMTIwePi4sWXX3756BHOCf5Vm0qSk2L/p3OcC5yBoymljaZkMcWE08SIVjmkRgKIznTeJLsqgoRwkszbq+TOpgrHU0bRPlB5htCAn+TawLQVryGpZS6ADs7l5E1CTiWc4WiJe4MSxyxm+HM6owg0VAfROSfz4c5E6dpF/Q7jT6ciY8jOEzQ2SqhkDSmOGQcwwtlAEJI8OORrsqbUQqw5AAqnMuGsS7M5/iGoTMoZR38p6ZQCM6nk2Ne4GvmF1WZ1sVqdXeDfhtrZkq8J2XUlKR6EZY3LHzlEL0yFU1rvleIzJ4OjnqDWsJwgfJZzisGDP3M2uYacWcKJOhAZQfl4DVkHGpkmU0NIDFETtjNeRaXm6vz8jJyQzs5PT/BvfX7e1rhnCW8UCBXz+dHt28vbt+fHSL6W5WzKKalyFr3Jp7CpyY0D6zcUmn2Nv4Mzqibd46hCuQ3xFJiye0pYRqGP2K3ZsHsNebypi4nhZO7i+VSwxwkDOR8d78TGDsnLPzY4WascL6JHw5Yf9ihqg0MMRVUJmZ50uwZoD1xrQEVD6ac7dWb6Er1PPRqj9uSq4s3VSUn8TjEHlK4z+9+dfFOljxDEwBE7413qRyDtOlFPmMTNTreXwjSkms2O77K97+qmnFbQv8BFMzp1nVuhd4mWSysYo8ktDYTzbyZ5S4+8azLDCPvBmbX3ahhMzeuVlPcA8cKMLvSJoKwsvWnF5TJKARzBzMqmlp2C+hqPOwQ3RV1T/HTcd+v1ppyuigml2hLprlMfKAsZfoWFccpfm2yChorZhsp2tVojFYA0WJYP3JBRb65Mr8k6SHxdkmDJlM6ctjhqedvJfkbFH/PacwesshcIRkT0ve//7l/8ux/+D//9n/zT/+gfI6mQaqqRFggg1VgmJ9o0MjhH90KUfffW7efPTp48+hxJ/3yenzfrf/hHf/ijn332Zz95cvfWcdVWDIgZRQ0nRJCLSOaUR2GTf9wFRkRkbyKER/8P2XFOZs33xhJGJ6q6HnzITEnla04XRJyfXhqp9cZl376A12scrrww9i6/Uw92m0kk2tBpCHcUvG1Xm44x0GUOYOfPm4uX2/rFerU4PTm6dyRh3jhkF9Kpal4uZ9MpH0epWPChULCbDfFLSKXIOChEnF3zmS0yLrctFJyzztnN9pxTjTpOLs89i/FpUbXaCvPC7goZszJibuOTF2JN2ZkdhZl0GjjeGCu3W5u3rAki0ksHAQumHk3r49lK/Zdgkqg4bQIQsY09r2yHxvu0BPYtwDXK4NEu8QrAG7R6+OuvfIv3EXeGC6k9JKBKn4Adc6a2yFAM1gTYdVOvG0lwIDoPL8kXSDDnlLHsrEFqxJi2lPnWznwLqoz2ogh0yNK13kAwQULsrHIw0mefilKxQnclzLZJUZRorImp227zcsJgQUEiUafiJXEGnSVoC2RHbx0hY7o5u3j55PHR3Xv3HtxB1u3We+9Nj4/X5xdPP/3s3v33YDZBbRo9afe6ghryYMiFFUOhEX8WnMRk/+LAnos3SbNvvIB5FyA9/uorx5VUEO5cKC+uC/H0lIpg03C0JyS7eHdCC0SJqt/78ANOY++ef/b5qydP1ALl/HS5KGelMGmcc1Rxkg+OJxw+hF4nKsfByqWk0zPmlUeOb99GaQAFWuTm+XyCZNDz1h4U+uXAMqDY2A3xrMUvKCU2zH1NSF0+if1UpN/1vAsNGsaWSGdeE+3SbBTZ4vbRH/7xP/jkL3/8o7/84Xaz+fjjb9+9d/dscvbR976LRrYvf/n5+ekqr6ri7NwjTr53fG+6NIVx2yZfTHHc66p69up50x6zsDzPOMPggggAABAASURBVFZs7Suc6/P1esaLNeHIcChz314co/qU1IJn56beoo2lzYiz2VDM6MZ47ZR0OTI/gyJ2C5YVohuZD4dHTdB3kK6cLSdqmCKzU5wOn2wHEBxD2kXHUcEki5PVcyVAsXC9j6ytj6sEBvpZJ0wIxZduNWtSNngM0uSpIDd49gcMxEhIpBdDWfeIMSkHaCLPrPeFspPwxP6G4owqwgq9SCLp9UA2oOUwh0JoUpcZbzqBlIYsR24t20LIiKIiGOiDfQulD4id7CWUCKO3rHE9JQtTBuFElWVTuBP33HTSBAq8S8TRlHcFVU4KyFvmo41J5eYoMjLLzm6/lhXeYMD3KS7jEDrj5zQ6mAZyYckvyYBpjEo3ns/3IWyj7tVRiHPixevGrbYVhEz2hk9TocqvlfjK3C+UFGQKSdMUNF9KH70J/ySL1p9G730iakpNG85I82CjVxur6VpKJGVRHS87LfIP3JYLVmEavVhNzQHl8JpvofSc7ILsRuf3q3pLvmQm08WiHF7g04Pbgz533MuVZXSww2cjWyRfEZ/7mZmhIohib1Pc8Z78JJuxpzhQxo+16wgeMJ1ki3mJ+lVEVnUrxlckQ5nTw2MCC+HMglEsQstuzbatV+s1qvIKctAkfJ2HjSCBtcVnXXyo4uMAIwO2/mbWOoqQQphcijoCYCZYgDa1aFwIMTrCRZbNsy15DVN8dtzzSJyOy8npZntUZqcVClZIOklPXSP6cVNWY2dGQsUbox6QqnujnqCsgxa+DRErshitayhsPSVTBQU50zwXijfVeQOFLyLWrKX2jHZEWcjYx0MgGXHEvQ3tA2UGnYtOqBoirSsm8hD13K6k38lZ4a3tMHmLH38fqJXQMQ41HIMKp1bOKKI++9XJK4qrM82NG7bgwrvdGCz5gPWMid4W6ggjlIy/jcwJ9iRX+pggZ37AJSoiefV4iTL8a+iPYtt9HYtPWpPldwHwIZWDRJMVPAlifa3jY+K3Dpz8kC7I5gdxSFFlsFhzhcQBhMPbenyLjXcSNxeEAQt8BSRHaAPb5DUuZsd2XA8NgLInVDobqri7dcySjMx0bIcamNkTu9UT0jFiUWSbu31jk/giCaZXgMolrEpmw6EaPRFKfg8a5iQYuX3gzXZEyHRLJ8ODnmAcOhO6ot4JLNCCVU9c7q2GFVG/ct+RgMAphsCyOotCEsICdZtkz6zzOFthDIWfU1cbMkQheqw8pyNMuqpjSNQvYIxLVsUofuuxwcFCAMJEBA878Sw3EctJ+6q4FXMWeyBplCCebj291EOC8jBPlAbcCOENVLCJXIyHVAshQV3Dz24QAiU6ixxXUicr6WXYcrZ3ajpMDiQJ4k0KG4MVUN/1gNKEyGo/5GJmw+yzsZFDcMgsEQYja1HbhTPTAUu6E3KRJCO8erAaYdJjXztMs7slwqwq9YPuCpModTZRTkDbAfFiZ3Rq9ZSltimkBLkaNJzOyX5IB8ioY54DOjMKU5uk8cl+NaqY8gPZIVhfdgiQbE4T8JQ38TAc+S7VzlQtp+2kFHik3kGRmbwKIHN0Ls5z2BHj6KiDJScV71H7g3qGhn0BNcaOeFqxXwhqJRkdanCg+fHy4be/vbx1jONHVVXTVli5oVQN5KZG5nz2b4imF2C/BJl4H+XUDrLMYFEG3L0xkSkNzINg8x3k6xPiFY1w3ZZU4FM+Q+Q1XEE0hW5ZvYAMJYUrWG183YoLM3vokFMzxTiBjIKaAHFItnZQUzoig18o01NjKCwKsT2t4YTtmc9x/Wfk9IDmHjTbWhbbLLNzpNdj3tVRG27d+rX3G++rImsyaArT5tYX5PdDXbXR3Yu11BAcC3k40fPPqNwEAffTM7qlWCZkXTkJoKRdmhQcWVJ1TTaLbpoKWYEZpNxj4s+YOvBE9CC5jzkxGerjqSZHhpCwGVQUtuWZdH/F3RWXOCwRiSm84RUTgUXNq6JR5+stGr7OyQxAyrGaA1Q49pnA6mi0z9lroUSbdp6xzV4iZkwkXRrBsGIshufeeSXZ7BznNyB8ozu+VxSRp+CXIDTXv2j6XGy/HYjzqR54ZvCmlHiH2RHbP8dscHH+V6yao4gOnCYGb0znR+VyKjlZZHC6KEVugnTNfjMhszyM9Jmd7rq9KUsp4xdLPysJ8aUcl54z6bCXyYaM/QgPDFeUIIYQodUMNYwgcvakKGWxcjbJCE534v3fWxgDSWYD6oNNMG4HMBGeWDNjRGAh69F2u1ltEGRYnwmSyE4qi4uD9CwPysZ4rI5U/q4hpQTu67qlJEWUiWbDM+xaDvQotiFQkdEqY6aISqbKd/NnNEhwiB8m86OZdCal+gDJyUOjJEm1OD6EDXE9riyZKDlCEzRDGkfNiIGJ3GvRmH364uXZqxdkYwI98UO8IM4Cxb+hwCo5J/GQWCNe2uIUSaw3aWuJMtq0nMrZcfhA2mmKcOSBmGKJzBlOwaKt8Tc3PrFyxE3j3lrpbZfVK/ABQtmgO00XgIL/sRzfy6j3ZswWpGl0yNEkpnkKkBO4rgBH8mIha315Z5eB2b2+m+Lz7ZXRF6Wd2duTgRzr4z8d6HivXvXSavjeP33Q0zD1OrCrHkk6E9QxEX0ZCOQgrdyZ3FKqLYqbIfsDELwMzG6BvoSboPHxEhAhvPZS7nK8EIcb+bxu2knaSo6H8G2nPL/nZDpo9sH/8hCrjJxE5RQyxYxC7qSmmOzmsGJ92C3WzmazzXp9XqFtYs15ciZG8Lio8vXYjzLxu9MB4bhYRlxtZm60+H6uOPm8f/+9+Xx2cnL26NEj8kWclri1xxfddGwyaZadw0m7e/f2l1++ePn82cf3vludr77/27/1j/74jz799X9TWXNWN1tSlDHR5Wz0hLj5yJkIJyyUM4HU3nGvrGqrB5ylBNU2IVvqKO7wIUCijNC8YXnjBsZb7WTdb2IRJkY2fE9s5qJuVCBH5sgNl0TKGqoz556vt4U5v7PcLGdT4oUdHWcEJiqczgA3zpa9UGpOp7epJyUztzZrLYfr8tI67qWSPPo5tAl2B79uSBBzhiliFs5YqBTO1hKkPq0X0VuEfQYTYvQlEooQ8VRUNIHxUazCe6LxjTD6lPlTopZkGSelAMkRFFU50UDFbEFjKqBjN+THJjwo+QTAdTJKvGF5E+T7VZZEqiROKM9LxLDLRUUOyDWrmRgVWD1BJJwGn3PxFo1jnMVJlzGupaxOArqOGZqsc0tPe9CrG9FLXFxIDaXpY4m+UJXvLUJ1lW+3k2qGvKDnKyZzrJQA5BtRXkROfXp0VG22p8+ef/nFZ3fuHR0dL/2DD+99+PEXP/nZF598+sHHH9//zkeNFyt1FrxrIe2MfJLDMSdPwS2FogJeYZ9C46/nfmRTWevwMpiTdwbn76xcazfFcznqN87G/5qL+FugaFCxKIX4BGHgwQcPRTF28vjJydMvKZ10295h75LCTlCQM1YZHx+60pvhTtm/t/PKpiP6zDK0o3DSU01wZg/ASzNrFpmZWAnXP6jtB3QBjBlyiHIfH75d0l83mc50c5vIyvTZmu6eOkyoGtcLFxrc0hFXT70py7/zT//Q+D80WseZo4V5+FvmD78jXIWE5NJjBaISlmNiXP/c+DOnZ174iEN3i49U8uucRu7A8sC5B/I9hGP1wZ07sp76VPjUg8M+Rq8IdeL3jv8RCSyoSftcvInMe7yX1Nr913SVhzf2F3/oxf1vNUmvL2/rWoQqoJi+UBIVS91XvQFJhU6hrC1A/660EFWp9NPGhsMb44nczqge0Z4JinwIgTUgXDFRWR6uQ1SGdaMQ2SLvD7bDq8Nx9S4ak4zHmE4c7ds0d+v3Wg59gv5Ux6lDEnsC5jS2HGeDv4Sjp2Hgye1YH0xUNEFXDQwkUl6s2S0TmGTquhnvfTcJBEC39OkCJMOEdAYGE7EPI16Psl2r8v5GSkN/WJrL611e/OjX8NPvXOhQS7iqiKgTvQv84wuN73BSRFRdC0FeT/AcjegDbx7GNju0GK90ndrtTNrhmv9Gjx4FkNFfkMJEAhyQrvwIbEACRuklGH1hGFOYkMEX3pe+m5kkYE2gaRMPOLEL498z8HvJdaOKNSP2a31LCPAfQwf4IUFOv+gkoGy0NSZsoAl+qcCcaT2IyM2A4kCbzIkNrch2t1ot/jDQ7dduv3eoBczotoMwoN2uJ8XvXvDjtXbhxe99yuu44g/kVubG/Jb5blclPOA4jE36oJTWjBefHDobuTd2DfqtRQzQq7ZDW/2eG35ni3vJ5RAekv9hpDUft15X2e/CdteIV7jugDY0IN+VcXMdSIdwSyH6aLyrAQTCFT2W7JNzfIR//JEx3zfme13YJq6jOlGtKUqu0L73MapK4J2crq+PLzUBm4Wx+G5awjCVSxtZkx3427m0hzMyBzJfHSbrXUm/jmGnjjzGKkPiv9PeKGU5lLYN9snulJiRKfPDB7vJ8inEJrX8DoCbsZqDjeCTz0u7v1PGiM34nPTEq906sDPPnReOMQN+LV26/tolFdI2knXuWE6tugtCIyRy+JreG/twBjtfuqqj4zGmowuD1gad61GTkZb1C0BvNlOGH/pdh26kPQZgwAb0OWS91B+G1vGhMR8a9EYNK3q3s8CxL3pgZ73RzskX9unQYLtRfpCgvqEmfwk5FtXXVK8oP93509kwDZ28AUn9KNh4ZQfoMMgE/6XsfpTQ3G9bf1q3F42iYU3OBxJ+QxzoNKyVkv4djb1XdDsqDNq0WlfBdz97143pJGWJH6NWZUO2WNQMoz65Zhe0izV+pwAnnJ8s5+CiOSBnZUtjc09OJR7tpxVWpkQ8WWPk7AZrbIFs33xWICvyxXI5W8752AydEWETLnn0SkgjmqK6rZl9Qr3bxrotNjHJ2sy4HFwmvibsSmETuYd/S27I4E4S4cmnW89o1Hy6Tsl0MqD4H5QcGEhfPikyzQjFGUPike+OOOvvLlxK0GHiFc6pQapsiSjAXk35bLGYSGqMEPrASwaNbmO7jjmAyA5AeK98V180iqygxmBSfXDinvVmtSaTXLXCN7MbEw+MwiqApOeYlHSim0Jl5CW5V0jCIAnhrLTd8pFtr7rgHorttPHGmHegjUxfNK4FTW+JTYWSPjfk+8A5ayjDC2VFoQLhuNqEzJLk9yNODJoTsAMhG1uOxCDitOEMqOukeAb4uEMptg37uNR0DphggE5ISl4fpxwowpgk0BG3hlySp4jjC5tTOS8cWVYR1CV9mTFdNLh0ihReujnpcAVAL8Sv4bjIEhpZksXwvxJiQ/04aQo4I7nlMITiHZUHU0sW4kyrY0/DPhM1nQWttjThLWU5lGmTNQkUQD07waS9YRc+1r1qaI3oyUfW5Dy433AHaE5ytEf4zpNMVsXaHmAIqk8kkY6KyxoRiCMaq9ne5dGMvTq/OD95VW+27BZUievPZDYry6kMv+D0PRLHmk0NIClpKC2HY1ddOtetLh3B3RJ2AAAQAElEQVQyS7SVcogqYpUMNKBIq0sQYI/hkpzxJUmQPCUbU1BEjIzSQ3c6yQqNCnsdVKiviRZeKB++p2aXwS7rQ7L31zxrne4R+R3A8mtdEmLY4+iSG7tucz1acDMl3R9JB6CLYmR8UkbeHQjcZQy4Vhx5ulv6AFdXNXNF+xBxqY5jHB461KBYQ7G6D9iG3bPI56St67wsSxPTfRUTxD2IdxD/bDabgnyZ1TnL747Q90kqzxPQ+d0cTThoNUTEvV6vmSz2A3VeNlDxrybCj2ilmJZy8QZL3FRxbSaT4sMPP0Dj168+/ezhw4fiwWp6tMEoEES21QhdR4bN3D46Oju9ePXixfzxolgulmX+n/+zf/Lzn33y//nXf1rO79VoZwWOKZGJh+kE2TxxZLchdYYhVzjvAggy1wIm8YPjU5NWuE6pYw/AAmDMawCcjwD2lku6N74hpZvR6BTb336BtZJgvyR8oD60qY2zRbmq6sebLQotd85fve+Pj+ZlprpVImLIs5STyWI2wxnZ+hVeYvZ3W1dAWRun5ZYPrAAd8Sb3c4SGwrpp5pYF1LOiRZvspvISYYt8vG1Ks2XvU9xdOdzP8XiVAMshEGM1r6tPRtKXajjnE6VGwE4R71QyP0fx5MmXBfkcT0dOXUPBvmSaXHBz4HAqyA6skRkpJJ16Q58+I1lOENTQu/8GmeOUIJlvSmGEz+7FEA+AMl+OImMxPz6q+RiTc5tA1ZC7lZxONGfizkTIO8uDRMqkwErgK15pWWPmtwAaFpQzTgKqjLrSZCE6VlMcmP6i9IJ8mu6BVMwGdqySeyjKbi/WyAYSC1hOOAsl7g4+YsH5cFCgvfv+e9ini5PTk6ePnz29d+vODxbHtz/+wQ+e/frxqy+fffbzX9y+f8cupo5DvrqAsqQICyxsK2dVtOy2TIkqN7QFDDKH5rUW47Wwqbkuz/c3oQhHjkvMKfygZq8g4cJR44HCAcJ8OZu9/62PUMb+0b/9syef/PLFo0d06KCq78EHy/y4yCmmOvD6CoSZDsuBD94Y8Vbk6dMSOQF8O0Lj8e3bq/NzZFqgrik4Z1EMGDgT6P/twtzK/xot6sGMAhwaYe7SFl+PLxl99Kqmrrj/Bj25TnlHr/kKit9LUf03ida+u/IWpyVt+jez/5vyzSx/fXHlSEk1KHBZrd+U35TflN+UtPwGLfymvMvyZgwlvHGF6z1wrebUOH3ljiJfDVSP5XYB5q7JW2+er+sXVRvCWgeXGFYT0Gl/m3jBQsqde/X0GhGneypQse2G70Fl4TqrlVHLhPea2ZZfRTpYOqa4XW1JSdi0DVpjUPm8bYCiYaPSNiuAtcBADjWlyQpUpTQeWoc6lna7ReO2qdG0CVKHMxB5UtNYn5Wof5zNj5do5UEVL2cUg9xTMBjU5jWtqxqHU3KBpmybbTKoUI9dZA1Yh3OXGUcPePEZ4WQ3SW4Jni7NFWCCG4qaCUEnTePHcDwUTpNIiY4yzqc2ESs7Kvw0i11/zkUnGeefvVqyTBSYGX9hd5OG3U0ouokEsKFQLpwdQ8JnRSNQnH/VLekyyOmawYIG/RNOcKuKdrEic7QJt11vLs7O0ORPb+Rz1hn7DXBkCMrGUk5LCZuB1nN2dOBoSTJN9DYNWiROWqCTF4fsU4gawNgO7I1ugksO3fn+4zu3Ex1aT42WWDTVA4DimNTbzeb89GSzWpGrBz9LKUkmJf9RKpaM3TvIZClGfT4zBuxLIS/p4hP31VXRGE+GD/EjkFQRRs0ihpOqEBhwGGbcONERIQbzI5jlLCmWz8PLGk1YW8gRaALYiftL9E0ONjWf2ouCaU8cKcTQanqeVdxnNtfKp4R+2W4kGEmbDEryIUqIEfU1wZkCCvzDwX4YDNg85MX4Sy5oHEWm2pAZmE/cqet+POjiJRpH5xsRDserJYDqO40b5ATfWU1AQ8FFCHLJCSOzXWZhk2UKNWKAiJPhNKWDGCYgqPT1f/aV8RKSBF+LM0DxZtBCzLOBfzXPCYLEfHkkHZjO5pxlqeT9ojFHaQlahTRZa56WBkImspxD1QoUcaQTkFAiUpP9VGj+aPIplxLt0nxCSz+hGEi5wF6KGcT2DYlLTQTItLK6dghU8C91clJXJ9cGN5ewFmoCjhuaG3GJq0N0TX+D8hUaZ5M3g0n9rsfq+iubElutMYFK+tFnrsmEpPt0Xwu+b32Mjidm1ONkrO7rdQlu8Iy9uF5F3ATdBKZWFR+daH0Aaz7ESzGTaN9UaPujv6YlpxPcuhRKLs9xkyJ41xSqaLtdU9o43L3i/tD3EB1ZHXmLhEiazWZERy8uVqsV4h9sVoh6lmXpQHoEKV7XaAzAXp8VbuluQG+sSt21PCHqOFouv/Nb3/npT3++Xm+ePXuGiKqguPFjjweaTibSppXopdPJ5O6t4ydfPnv29Olv3/6+QXxUZP/kH/6dT3712acvLjJTVpSplp0EyCFYvBVk1NES5jkUSiRscknPOfrU9cyHo8aXDtBHP7jrm8biPhpcNm+h3NiueBclqgfjT8/eAK4/OTYQEC8BIpArIR9wsFuzfoGkbr29f36KlG0+m0w58yUTmBr3xiTPlrMpkhdk/B1HksctixuR0tEVKOHkFN2dc766NlAUoEQGdQ4tTMj7saLcyI3zkpdWuRxxfpdUypS8x2UUjK7gMJ/WK69j2IJL2Uu73djj2Hgw3LJnyYQ5f5QiMo42wR7qlMmAA9VzOgxxeJMYrYYlJcQq7MHGcGkld6cP1GC8+Buw2e99/GtuNwZInDySeLW4cKUlqW9zsaq3lZdgA+IYCBJtviEpseWIdYI8XHRM1pRKTpaIi2dxy5iQi1rjRpoekxxR1c6E+sSFM7XuQ4JKNLkxX8A+r8/OkbpIaESURoGCncjJBQpSd3zvDtKqar1an7x6+tmvb9+5N18e333vwx/8g3/wsz/9009++Je3797+7h/8np1MKhRsi0nobYf9NBBDcEOmaPxVhe+1TOaunzZlsPdfp8Sl3KXWf+2L7w6FdC4guNCUgwBhYDKhjATbLTP9Ik6TEiE3k/sfPPzu7/8ePv/4k09fPn6KyKuYl4B4klAiIx1IKFaKr4xGFWbI4Ary0UstQkwRZ/SkexTvZDZjlQMJM3gFO9OnUHBcmHsTiC7TjbEVh0JtWCz0ficm4SUg4/dU6gTV3jlS45PT9CbyTMpBm5Q90Bnng2EawU8OzDojyQuTGCca4s/F+CVGo5g4jVvP1SSZqwPWlhjJOhAuhpZ9fJC7EUKhaFDtGBnFmxBTRbst7Zj0in4z8d/4vfMU0i/duocZ66t8umr75hx2lyCIKQfseD/2IzkBPfpAr0/jda+FaxS+Ib0SRPaEzIFcD7WhfytwtirsR40dJK3JTtFk7OE0fwgAIFtbdySE1oT/gH4H5AtAv/HwuHYJhs2G61o5GVS6xXtf4vBDBwbrHmqmdWB4MaVn0e+/u9R1SecCIOl2nBDoDxzC8APBjJrW7kEIi9JV7l00prs12kOAVAoNY9Ind6aoDw3hazf1MDq/6a/+9eHPK8u16h9U+apKfufrLqpI9my6V1MmOd6Mep6ArZLnO9EtEeZCVR/b8cmzQb3XowDh0yTdSHDg5TMw3CsBYHpasQ5LRFwB6bMJFJn+btl9dXgozkTS0xihxEQmkfUWnIlMozgY3024SjSuawdcb/LlRRBnycc0Ij7Ft7Cz73tbIt2scXPZ8JSFHn7r0J1WM7vXIcUtitZMwAYmbj7ozyPE/o5fv7QM6WCEmf7FHajpXfDD/XG5vO77m8fvqbT/125DV9XcuburUvBdm363nT5/EOv3BuuTDWvCvz5pPIHqrkY/ugnzUnwrwrxscw094jtQj2FFXHiW73JMy1BBroQU5T5eaY0PG0QTrgjSaLXxLiZKaFZ3k9PO+NBhk+Qc94PwJyYgqE5VkEyPTwXCnVk1Pl2NEajyI996VS6Bf9i5D3v3zeA67GkkIX+7T4G5PpGjsgOE6bU+qHXVff//Pq/brUMyfx2cpq/wO7PuRzu15/vuz8vKDqsRLo9SjUhlRsiU6ZGdjmJBb+0C09rD5wPClTA0w1WEHrcIva4N2aYehRyS0UEFEwhrcseMIPzRMSf83W5lKrYbfvfSjuiEAUJCgLoWEjKU3IJ0FrqBdJQOunojExlOusJwnkL2HX2DQh6/2EXZXDJyJY9wiIAkDgropxJ3G2IviroLQAKW+JRpHn7hpi10yyb/2zgpYFLmmS3cwH4HHIx3gtr83JoH8+LurHi2aU8b16lSNcxGCgtSehtth1T5ATCn1VR6FqOjJKSQ76HOgPMkM0/VVJttva1bVFGsNw51ZR5yk6HerTTkd5I51BVC7k3WeFs701Cgibaq0OpO06CpiiVIg2ktqpqNnRTl0ezWreNyOqVJ52OQll9XV826adZtu/Vmi6rozNYZbDNocmgykJSElGPdMC+VsYLbGvFpick4NGqxFlqEFAECxEC57JaRiQdAzo4mZGlmDxbLht7IZgU9iYpREJfAsxVZjFaOg1ug9XqzWnOqFJhMJqwKzcWnQQOKBMNKp4BITtbJCvo9TBIngqagJpIdg8xb2812XTU4cTVpX8loTblaMiPRIkgfRY4mkwl7XZQS10TDcgTLn4k7hnndLtdGgArdEP4Sq9HIDbmS4k+zp851i4BxK++UvAoc14T+QXClWxxNpODQEeQ6QKkSIKjpgD1/rKR9obXjXNjGSDpN6HTOoveDzu8EAKJDCARNnePjsJK7R1w6RAHYhgDMVoLJcCIjyZkixXKqXGAfCzqcH5JCgDHRY8KAZOUNDCRoxzqtQUw7HnuuMOVcEuKiZo8ciXtRs0MMaec45I4OzGhOF/JG4l7yzYyCMAnMc7B5yZgjmWgkikxNm111a5LUKloKAlHToD4xcr72n/vOX5wENqHERhbEJQiXjKZL1Kf9TeecD/g17powb+G3GAvkhULa2tbVG4ITx6FZ1qvVZrVCtOZFgQkKLeSVNZ1RMHg0OZel4eRHRthpTYpD29yx202MUyLLSBhbaSA9ELJuOdmwCA6u5WBC7HU0mU0F4dDnhMKcaKiCILp3ZDoM3yfiRHfPQOS+SYEs3i267K04mojTSfQ4CVomUFTDCyUq1h3MA3t27s6GvLwc0srNlsDZRnPJKLLZi7d6t6D/AAQ6G1GnNz0O0IS7fuyNPdqdArZe3zmD3e33SDJ0oRJmblS6effTrq+F3peU344JMRNsZgJj6UPGVgLi1kmMk6aShGiUWYeQNpkVHEUfokAabWtbR7gzLyoOeo/0d0pbt45+p+YqOiN8gufYIYvFAu3liMDX63XB4acSYtnVVyoOIXRSuIuIs6FAW9vgdOLtW1gD3t10tHq5WH73u9/5yU9+/stPPv32t76tm7mPE7kXRlAScO7YhtIckp1mPiMP1BfPn997eXLnzj13vvr7f/sHf/GXP/7io2SbxwAAEABJREFUX/ybnLKaQmty09bMihYCd0a1+sxtBwLEb5C061bD2TDiC9wDh4bSHDsjxnh48ylKd+jw1w2Xq5Hd17FE+c7tXIkFAmi3nJ0th8K0jWk9+W8hX/PF+eksy+4h455PLEheBMrhXuTsMVkXVWUrCvtAnCgu83a7cp5C/rBvLXmmC8eVAac+B9NmlrRO06kzVeO2F7jhsYb4ghhuw0AgTi4KJwUEp3Kg4ITkRsoRNTTHpO8DAEMfhH2K/W2gprGRRwyI9JflwHZMoAiMRiNcWq9ewoQZHLEOXneXZD9pTcayzVeEYb/OxXd7EAI3CirzgC3ni+N7985fvmJFozEmoiwrqm92LsHLFPOE8y41IXcdR6yBxIXZM09KeEXTDkpcJSdcInGXI14acLArpVJiXnZOruSr9aZabVGWIojKTXAczgRO8e3T5aKclauTl6dPnj774vFv/969TVU9/PZvPf31549+8pNP/urH7334wXyS22kekHL/jQlPgP9jy8gTs1/0VoJY7EGVQx6iX+w+XmR81AmK9jsxM/56lD7vdVnZrSOiig+8NyVXdpQ+WNQG/AkItQ8++oB9VeHpp5+ePX9uC3JQQhhaHB8VLFeMAkCH9HZQi8JtojWQ6xJObLFcilyHwKLnFnSk5qMZzHP6SWFjDWxXF9V6rQHL31KBy8CNhw4mugT7K5qAsTglcGjwkn6bMMa+m31vNoeMxFz2vgN33UhF5deG15VCHd7OOy5feQ/67N/r13lHxV/Cu37FpevMTreGLBZc3caVVd9eufqtX4tufhPKV49gDis+4YlebynfDgx8U+bv4PF/BVvFH3Dlr0n5azGwQ2Ae+llTvznb5G948Ttfrqr4Zi/6asRQGPx7cy3KD7iyygGtvGYb16j2163AG1GvXZF0zy8wYzXh2gHkOyOKH78zUrwYSzm7BmoHVhe2mMzK+XyW20nuH87zRe2eNl6OwdiY5UeejYf4u2uX9i9VrAU1hUsiUUPi2RAME8mZVa7cVM12tW62NQXLZmPtBFUnYAtvS8hLW+QUcR1y1F7UbYvVNpVpPB1Va2psKisocrVvWo5E3KDCJS/z6XwxO57PFjOOgG8NpWsH2/i29Rwxob5Ak42FKs9qm2/AN1nW5LbNTMuqyJz1e5K5QkKVGI02AeobbKOm0Wt+Y4jTwAZX8uZBPbOVPCYZf9jwBXV8On8y/8GtcUf/w1o8PgYjFvBgV6454rjmBJFkHNFm3PdmUL+AvlqvZdW3G9WJiS16u6HT3JzEhHKasB8AKvl9UeZZyM+Sc3YB7MCknJLxvsjFi8B34NDypwPoHJsSl5J4OhsS3t3HsL87nk7RMcV2QKVj2i+Opr6m+r791qhgcwU2Rzbkn1SJe4c4EFDqc4ZvHOlsMRf3Dk4nVKKK2Ib0K2IhNBJdGwYvAh8cCJLuJf0IuZrUus+PN5JZptI0OuJ3YlgzScd8QzfU7WRCgUwMn1qUY5mQ+kaFHmrkb6/eUY49CYISv/NG757t1s+HjC1efU04nEmaySWaUC274ITQO/guglcJa8IxcnITFPs0XTrMij1peNBbAneKSuT0FLw1NhgZITgMdknGfcIwKNCB+ufRyWNKblXQjBWU91zmB9S/RzTmPoUcHyYgDgdSoBInMDGLaVJuL6GANhcXDTsDVWhF4jO1FNKloHfxti1Ity9BiXLJqwV8rs6rA0eSm4aDJGUm2KwTMNEVZbewRv1y2JzOKKuQwDbsH5ZRvCE0enHIJXb7cqnOHwarHFzXxREptSzzMXKNqSNeJoYjncSlJ9jm+dDGvOkBediL6R700c63U3ZtEHutEl+1VU475hSjajcv7RT0vziXDo39DexAKlI7m4+/pCr0XjZwNwlfd1K4+P2jMAd1+6bK5S8dI0/j7iZJzUhN0qcSv2K567wk7ZIwJw3hVUQ1hPdjBjpCTxoViqg2BfLaYj3XbNfbTbmZ8Hn0zBbRp0cOQAw6LXr9yMch3pnNpsfHx69evVqtVmVZIiIq+GRzHvB1Z+zZmSBFBIiy+QAxOTPeNPRHFIO4Efc1DvH3/9bvv3jx8vPPH//y019+97e+S+Zy8F1olm6HB7rGp7EorgSyZK65c+vWy88f/fpXnx0vltjvW4vp//I/+Uc//fzRj794cXKy9nnu6hyx13RaWqCIFR0yAtORQ4+DDd5vMpngI6cg6FN8B9lUr5YmRFQp/6GjC9TikImLPZG3CN3pc/s3Of+HbMKvfRnuwPDTK3JUH0/K3Uh+RxxjAVepsfDlZjU1ZoZ77cHD5aRw5FxCfhzgKPjIYoE77uj81RlyY5QKy1LIH6RTRE0zyo4CzkwzW5EzGe9hysVJDueEAaeWQp24qjFWkg+SH4HGRGspfwkDBqIFsfIyT02wl+USfwxaArhaI6nolubRSkgX5ZwY6BpXI7gSG4ZdsMLYEq6g3lTCOemxwM74y37F281WvNWZt2Z+GgE7kzRe2BfN0ZgGx3hnJYgUHYIaIOK3U2CPA0fiaSeW+dhLj8j66M6tex88fPXky2q1YZkheMJSLBtebEoLyjlNm5qcT8LT0rLv70SJd2Ip6pUtisxYiDZlFnB819UEHVgNbBjb9jGEZRQAfHImQA7ZIXSgJIxCBcFL1iITLS4pJtClYjq5+8ED5PvOTzaPf/bLhx9+15QFvqxcLsvF8vnnjz/92S9+cP9WbstG8DATJSR2kVEOBFNnEN/FfGSF28rM55PJBKIEJv10Ay7Nw4iG4HUI0cC5wbxlWPp6ll0uRyhgkectHxfwJJNvKOIOmALxZMsICjmPWXn/o4fHd27/8E/mjz/55NWjxwQ/yKE8bI/v3oEpyjlGAmYiLAmDESQlmnKrO4udOc2QjU5z+gLzGyLxGlItEajIT9QJfDSzE/bt25qMTmaszt+uu8loAXNtpfPII2Dixr609JmHqMJIHgwXIBVKRz1g4kMgbOpBXPios0iHmGOTGtRtz7AGdpgDCvQ7cXU3r1v2LspVl95ZuZRxvOzm8J6Kc3DYy3o1E2eyCDtvXN7JpI4O2L/pAC5pYPdWvBJnMakz3pIPoXSvvPjmY/kbUq506evhxUPqveb9y8olwHNI5Tcpl3d7HKO/8Q6Gm8Ine3Cbf50Ao38Nyg3h1es385VRyXdR3srg4Gs8aV/nvt1IufnRvVGL736y4YBbbwOBQvK5//417g3N2eYrKl9PduxagJUoR8Ifz++IjL1vqF2glJ2aNw1WdGJ+ixbQTTVdTOezeeaPCjux5nFDKlHqdrDYx4QIELjBgTkwNWIlENWpl72X5A4u2rPpru+eZcOs5N1Gra9nP5G22lTr83W93ngyT6DGmO2xqOj15HdSkHuJm7Qe6na7qegoICmOfZ4BGhjoNCMqRjjmNqmWM8BHZ8vZ8vbRdDmjNBoUYtsUQLZhOp1cNRuHf34Fpi6yapJXGdRgGtSoAJ2MlKDahs8ZkjXHtCAnHqVYE5xOOmWriSGaQ2gw0upYk03yKR0bE8UmkAMKZ7XgdCdim0ntICZYUOIUO6ORAjJRa0pkCwlrQaqe6VTCrogi0SehTfoAECwyIYJvCBgkB6iNJIyOFSR3z/piizoutGSr+hv8ZFpwqAwOl8EBM3CqLUcNR4uZZCwRI0+Aihhnwhi1FEZDkBkDqlgxzInNtCnfG9aYVbU1O2XX3WT3WbLBJ02LOk7ykjScQIciyqzXfM6RCoU3zjIc+HQ2m5CtMJepk2RG3Gdx4KB4FWFFtOX0LQMTmFrKjDpPgKxCTW4XpNLWuCacLIWt+8DRlyVyiQTqyNl5Qp6VfEYmxNoR1XKq4oZ+CBwBALnL5zjB9ML6cJwfAnAneakoGjeF06CIGpxOJUTjiGGB2SwS9dsSdoUj8Uw0govJGIiKtvE40RTXBJukgDpbjt3CTk51K/iBIYA3XIKUFOnablbVRuDY9gBeTylT5zmwPbm/SHQThFZKM5OuROJQ4uP1+FU/1dFEXWR0GmnT0mygxXqz3mwuLlbn5062UI0Ylsy1+WxObmGMRCTMCa0dByWy5HHCa2G85CRqOFWWNO7iNFoLKWZI1q5iS7mkfceaBbnU5Gwfl7AMuS6o4HQeq5NgzwkoKm5jjCeBHxSfxE1BZ8NpsSlVkOyFlp1OqCa36ATn6/lvSM3/3pgdo7m/jl01tUqMPPh2TLSpMWjQk0GJnk+x4LxA3080hhXpe9sYQRocvNsZPzwvHVJTKA4FPbrZq3J533pticfbnmqj0+ulB5c3fNj8v4khaQAwkBo6x5qFQNqMTpCLdjfP4C/k0FOUqIqS9JGvCWMhtOn4LswvFsQZViIkyflvfI7Q1pYIxHa7rbdVWZZoFDJCwlmDL6kK/R7NKmMtQM4Am1qtVicnJ7RNuQxsPD64tu1apGIdRVICTFFpekM7IlAFGtFiPn///QdPnz77xc8/efjw4WK5pNj7MahaqhyUpGOULMe2xLgYxHJILm8dHW1WFy+ePTu+dRvv/vbH3/rjv/u3n7z618/OtxVQmkDkvSqzyieQT3BKJUhgtM76ODGCYCzlSSMLLEezgM6yK/s2nf30ezqTB0MkjPDr71aK+QZo6Q6DOV1J2h8cxcS3Gj8CKXfuKeaNP6v9k+3F9MQuy+mHt4+X86mrag73QbCE5DtbztGSj0t+fnGBnBHlPGmRapLvl82EGyb3A6S/RJ8QSiyJCqbA5/22aKtts8a9HyI7ixUfhSHyxWZmnxxXwJBLu9Bn4YTE8ZMH0ZpGnlKvTB5YcD+RxRLGwNXMQE+mJQoD7MFOWN4hr0bumq3iJAisjRHvVRRUtjKjHAOp4ESp6oAsDlhw7eMLN1N2glIH7JTkAnvzstuOHw9cxJ/JFRFgVfIgKCiWt261VX3avqCTCpEm0/TRaQLkYoCyspI3EEDjSP5zXt1JOvqsfCC79yJXB1CRUxvifGnQKpLsdRCi4y2k1Oty6qsv5e+bi7V4JdscIYUCbwJzWcTOUtzMbLpczm8dn79cX5ycPfr0s49+73dRsv7wu7+1efXq8SefPPr0Vx/9rd+9tZzKVnNevPFsEOmjBOKZ1yfedDaf428NTnh0hJxqN8tvgce6HFoijTPf5PIa/Q9iiHcBfjS3pfEo8BtOpIpcP0ueBS8e/mtvP7z/O3/4t5C1+eLHP335+RcI8xIAd3n3VlFOgMOhyZRKwBLTk3GGjAokGQpNCpxCZ4Fiq+JFOf2AbX14VE4ycshbe7s+fdVU21B//zi9eWuKQDiEGMFIrd4lrjDWFCiCYWQo/3ZU7fr9eg2nj9RUu3+we+703wdBS9f9AyOLc9CUXlkObuVmXveOy4EQHaulJKO7uIdvHX1L9/0t7qaRco23HVZ1QD2vnIRL3mZ8R7L6bpMHddGbJFHzZRWvbOkazx1abn6VUzxwvfL6W/T6T17+RIoOv1aI49Dluv6y3ugwg8bOvzmTN0RIbwSwVz38JpuYXVsAABAASURBVI37S39+zcvr9/abR1S/XuXrz5dcH5F87cvrzbi/gRqHVX5DiIDXunWz5ZsABl91uZrcwJV3g4oQdq4kj/vx5g5ao3E3lKu6dXPVegXVEdv1mUND7ny5KGCamw+MecwxhE3fpKfeD0FJpv8MRWqdKxey5/ikOBdtNvEMqlhqOVw/26YpmnHdVpxIut5Q8JK2aiglji1mqCVhj5OJs5lDVTFYyvjeNJtts9k4sXRk1M0iR8sEWqjJ7GpRYZ1BOS+Pbx1NF/PJbEJJj+mIoGu31bqmYADb9Xbbuk3mK7Ru5HlV5lVht4bOADk6IMnBX9gwB5I1BtXi9CZW/sipR4594viEkEyPmL1Eg2G5MscZAE2cMZui4pDt5U7SnYhSOlVG+TFoFu2upLLwcizSSxIACrSsJiqy+PQtcF2bPUyYao3iKmsicz1yqeuF7VM8j/VawqLnnJklJ0U/WsSAPBzKsqAcOnjJcmImn7zFxVfEEUH3j98h2kFXE6GlG72PqvvUKWQAlgcUv4eV7nS8ElNCXuhqT74mW3G42XTBG6ylTCxTXM2JBBSRCMc6mUnnvS6nOPFI6my9DaLr43f7EGZG7YxAFg0Xgofgd1RuU1qZahuTmHCyFF13DjNThOzeuXhy6AR1OWUSXX1/FhSoEttlBzwWgquKj1pKE/PncMQXz8me6IsAZghtIq1ZPrSsC2xjlADxOik0NRVFx3fVtiIkQJ845xwapGJPE4p/jzU0nk0cTALiyYaBEJlJnb3YbiSR7fGPTz/zfrQ6bxOcwMKlXhfSLkCvZd/XGEtwjm6lReVotitKtLTdrAlg1gIzjqPLgDhmTSjbVJlxTCByV5L0RiHWCH42wWNDA5xwdJNU2xyMyz74uqjPkKRWj5HX5S3YPsc10bA3wKnT2MwerLepR0g0lIX3EThl1gV48K2mSKOIM5uNvlHMuyGWlQuWcavmYNN3TTRXFhhotjso9ePGmrdgAbnk1VdVNZ0lThRcEdvF0o0PUqdCE4Bassn3He5iDhj+v2cEuLrzZk9HtTNKkzumJz4YbfeqhOiMqmZIs95JUeAPW6DrxhjV6wNSPHTNFzg5mS4rfaXErcR/bCmxX8u+dHgx8j3xCx0TlsxkaBDPeVLKckL5dfC5zWa9KcmijBYgin1GrnlgYdSyEOdbPCKQdk6n0/l8fnpyulmvq+l0xufajQu8RRgPdIMw3YAY0YE4pqmz0ghuvMGC7/rwow8fP37yq199/tlnv/7+978vJ56dG+dyxbbBeSwM5RaE/MOHD37xq8+fPHk0my+IjlrzT/6DP/7hzz55/OL0gtJXoCkX7atbSkiSlcgJckClTEhp6nFHjUcnvA5/h+KCS2AyETcwJR3OHLn4G20OlwNVeV62siyrhBGMBBz/rfPi1XZTXKymL585035gbi8kph4vMxIzJGpztL8e4dcGCS/WoWSbZGY1hc3ZMYNg0yJ5NsSsTIBf2XrczU1RbJE8V5Vllgoli1r7IW4k1nMMSArexcw/O4xzv9glHZlhQfBA/lTetYn9TkNfuG7XemLjnF9hq9NizhiCNkNRQMu0VlJmMoQ7sQDz1kba7uu1s8ZvkXtAVrsskaIz10gICb7hlvi3V8CozRTUMGxmi7lx95C7PN1WGtHGMPrI2FfWZLz4RIQJYtgzwytt9GmzWhDgmpopiC0mFExFFt13ZwhGnN8PX6+I5BGCXdNuV5tyts0oGWSLnJxDKdW0lCDWUv9tkS1v3341fbW5qB798pOjB3fuPLz//re+VZ2dnTz78uTp06effX58/y7zwrRl2lalvhDeVPsmzjTCo6OEI2HrkNsjp5PolTCU3MzbIjN/s8soqAQ2gPyj/KREnkX4GEJRFE0VMZ2tXXPv4YNJ8UdIZz//6c/OX7zi6CaUzmt+fDRjOcyF6G0aKklb7iKgKo+1a36KAnrwLSPtBsuuyLp85xgZF8SesGr96uQ5yjHjY9sV/w8imq9LWWHs0f5F32n7/Ogtn+ovvDDlbrSLEJwGD+svRLZutH/BY019ErXpxLul73cSHr4qbMCVfep/P2wwo+M4+I2XLNHulxst/s0xmE+1BSOt3ewrxm8d4iDhk1U6RB7/StjZwUD2dbU3rt2QCeG270WBea1VGJ3BK2u+yVtutlyv5bHaXwEUdHqP13/59R5+owXYt7Ouwgz7mumKbO2o9Hl7XjWhQd+/eOC0dLt254EDWhgFup1NjZrO4td/WXz25/nqGbRbcMSBm2zisolfvNd8++/6b/+By+x1Xvzuyw0t2lexJX9TXru8IUt2Wbl+s/DaN792xb/W3dd76i2WcV3i3trmpkqiVx62evhL4MBr3RsPvnxYGeJ5uHaF65Wr1Mmjr0s5hPSO36lp9l2Bvbf9zsP+ykEmqp/hl/F617o1UuqK7Oh+ebw0tszhvcY99Vk4/gTiNCBeIkH7EUm5TJ5LXgzRhNOKbT6U1EuA9cmMecUq7eWwdtZUzer8okJj7XrTVBTZusjyaT6ZZZNZXub4frxYNY6O0tB5WajoRDJ4N8mKYEz1+G9bVxebFWoLi5ISvi+PlsfHR9NpKfYY7Fe92W4u8DX4PNp3TWXNtsjqPKsnWVNmDelyfetjJncW+Q1HzM8oaTKfDtNl4fgRLPlrIAmJWuqCXcyyjpptxRknnZkWqDMmM3CYRQpZom/xIQV2p2fq2VX5f542TWMhRmiKvg+QJFP24Vkf9UjRf0hf2rOdC09npQ1euFriK7Rs7cbpRkMaqsoLtKVNS5tN6bzghFLn4NMUp2HCVm32yOGEO2HS0rdABBhIfvJ5rR4VhgBUMLY137yMtwZBscPz0YorhehaK3U3oaRCIHEp6By7ukxwmJccbC8gASQn0vl3pgYVn25qH507qKLTGDamczSh9DFtkp4mfmGnnwm7mOS68jr/4VS8nrSMGGh4+j9VJ4ZHNFS7BjJJfDl0dLSpa3EuCQDYuvDJCs82mvY6c7qnf2xm8+B0Ytlci3UkvQ5ZZr0Rs2u1rfGv5qQwFMKnqWgSWslSY9jjJEySNyax+Ymm1HdjVqVfCEekLi6Utia3FNeEv5DxqEtBhfajgUfLjqTTA5jAPYZ8HE7ifDTN6gzRz8WWAYbCJLA+ljNpZTmHw8FNlFMKDivuHhQuXb3H1NtJnWwEfwbfHRP2smAWtZTTQVuafIFVcVshXxMK30IJgzJOrwRskpCpMGDiGunQFU3YzmYbZs1yQBiOg+J43XlzcB8rQr8UTEWjsAzly95s9SJjjPHch/pzvP2y4wnyJm2N8w5hqLu6QehpEnanpPOC8sNrvUYOn0yvaHkH117iZHMlR/Ju1hLE72bsRP2u05I4y+hdvsDKEdlBgmNbz2BdbymTV9tq7B9I2DnZIbm4dGUhfRYi4ul0uuUNUdcN+QVWFVHFouhmQv0JoactikQxBpcDM5/Pj5dL8lrbbBb1gn2+Msmc4WHMD0vUPKxhsbw9KeNDZgPW7kZ8c0Wbw41/5/adDz54+OtfP3ry+MmDBw+ObqG5qQTNlqKD6+YgjFrQDU7GYlbcPlqcnl88efLFex9+Oytn3/rgwT/+9//ok88e/fLJxSyfrKptnhXOVd4jq5dzE0iGc59mH/Q6DZ09JqCwOFvsS0thC8xN7e0DJkkG+vVBbV/nAlG1rAtEf+RsxSZ8Z6dr254aeFZt5+v1DDnRBaWXIO+qArlOWmncJUhbm2ZOiUia2ogze0NZNHk75MSnZ+TbShFU2NjqLDueFVkzLcC359uqRvnCQ5MzVfSZRkci7/PMSAZBirZG4oDlJCzUW8updhAuiW+laCthFMqvBxc59q9np1zkGKotMW/ZZALMu0Fuo0TK7BR/J+ct8JKezRNrXpvttlwjG4FbYrqYA+UJUujyX5Fm9fqn8t9eCbgg8EvCfOq/Jhhqi3wyn5bLZX52Xm/rmPmPW7CSCMlrfD9cZYqV4ihpq8aE5GredEwoXSFhrK75idyChrmk6DjewUBZkMo6cIlGJlCdhGiRT1JVrc8uyJU4K8FZcJnRtJh0ggEBsURx9/7devvl2cvnTz771a37d3xZvvetj+9+9Ounn/7isx//9MFHH87v3aKQkUUhnlcGFNI4oo963BgbSBZlfyyQol2cn88XC/weoyD+pnxVJc6+40ibhCpaCjfCsVA8Akk2yeumKYvJnfv3fvDv/cFsNvv5X/zFy8eP6qZCmLznXM75Xx2o5Ok5MqdN5NiUhRrIjno9brMgmSAEltbemdh5QYmPVw5WJy+HHieRIfHJz6+yxFQ3MK4GDJ7Nya6HsX7D3sFAEMLVndwMmwq0r+++An10EbUKYLqofdAPKpcslR8i5uixErUzPpE2hkicXxJnYK/apC+Iv8FyHvDsmzR/3ZLQUg7ErKxcuhV6VQZbJF2Hse+7pNqPpHQZbW9fnSvKtR65WU7CB2l2l2r4nX3VXT2gzfFfxl8rwppsx1TlCqOLd1kHzMFdfbO23ry8y3ftlCsNrjeyxVNkBjsE5+aKfws5Yd7W8kBQiabuOymOv365RlcvrxruehNS74ygx3AFNqvpv/tvZk//R9j19Wy3Wbs11dnk5S/cX/y/q/f/oPk7/2tTzs1vyg2W32gz3nE5bL5vCr99dcThGmVE4eB3f/iDHvwGlNQh5JIa8q33T3prl1a9KfW66vFB+7D3x9so74bRGcsVN1yCHclhrF/74NJ3Jp9eNQDjkzt+0ALrG91A9dT7aQ4qcN1b+x/ozxTaK9dnJ3B8G1UO8xyWdXPqM8PODd0Tw1GN718xrrfBOh7dTdS7hDV/LrA9dJFN7a5x5DCCCpGL9WazrjeV9XaSl3NKOzEpfT5xdmIyVNXWF1Wz3rYVZeC2nB1gklOKGtUpOo8mIzp57x3qZWdHi+US9WRzCkiMil3sGBpJt5S4Z7XdrlHxC9blWT3NtpOsyU2dQUvRUajdpqZQFmy6ATIX8584kaj6j98nAKWGW7Zy8G2rFym+AyXvyCcFKiPxj2Njc4gQG/ImQ5hZsGEG+9axZHLVEYYjRXMWF41pwe40LpxWCg/v+Blcbv6QCmR3Y7NZUzdiUWYdo+EALZPpfF5Qqg7LiVHYTyWLqioXwmpLz90Ov9/ziTHdD2uGAYBuEl1EETRmlN61UDJcSm4Qz1l0avmU3C4yM2zIp9AmElCEvRh60U0Gnj1BkRVsB6qjC6Z968XPo3tQnuEOcNQQjgHELgUS6YRTpUy6OCE56bc5tHHnvBKHnPZkYPzqZPLkwdTPQP1PQoPiZMCJnLaSJUZ+UkQNvivzyjKYnJjsIFDz+/BGwGZ9ly1IHFuAPTYIXbQc4IRjnDQc4QMH3gbfHR2EGl3DBGNP6eCezn8cl6rUyAQgsXc0oAlF+5B8OrIZM4mGbsQrrsdNR+k49dOy3Cj2lU610sw7SfpTbbab1Yo8kzYILVXLG4f3ZmYnk4y8kgrcPkWhgYxFAAAQAElEQVRZTjg4esa+ShICibw4qHoTvE3aEErHax6TuEAqNnbKEVkCtJHjL3GSIvP3nLAmB3QhTxcB0zB/faVqWHfZAEmcAPVhMwGsDYeQx6FRvhGOpCIYPjTSmQsDvJm+aHu14TV19TjQSnutyl+TMiT74f9OZxw1j5J4AdK70OHSsJWNEvPXRZg7NMJ0SkL67lyXdynZjF1XUy+Zd1BSxGUSGE6NdLDjZKlYg5PoxN1kxFhH8UkQsDk+kHecTwfNyuRXpzNNvmjyFsPmX5MrXisKidJm8gztN9PptGoo4VlF/iJb3Os555dL0+qEznZuX47DAXGCDCEPMJ2Wd+/effb8WVVXFxcXx/mxhA+5HNQhEBJEm3VVE2FCe7YAz01vEJk/Oift3KScvP/w/W9964Pnz198+ezLo1vH0lFEuaZVQEp0uB4CRtNwLK6+fYwMZ/Py5aujO+/Ny+nm4vQ/+Sf/4c9+8dmzf/7fVRmcn239pES71XZzTgZSKDgCWCuOnJA6S/V9bIWYRY894Wwk5EwmOOtdFbiRKMV/A4rQEq+Mo0Qps5wDzPoCYaC5APd0Wy/Wm6N8fa9cmEnmGvIjEW6aoo/kWVmWKAD4yAszW0ce6RRQ0LJlnoJ1IXTiayaGfE1NkcFiaqml5mxT1Y1H0u0lZw0KQuJxIhKLo2BibD2kDDcUa4QpH8f3I+dZcpVnI5WiikAfgwtUyDZIm7RCEJ4ANlRyIBbgWI30palNG5ifKFpSUBZEx42r19tNscIXcLyTzFprvsICorjucHFy/Sspgf8zxmjMSfCBxLLM1dLlPJsdLTcXy/bliaRA9bpPhfJZTltERnR5sg2IVMX8oAgQRBee8khKbNay/5/yqoSIMn1kxHd4P3LYZW7YrSR3rdusLibzqZ1kpkGgaUiwpU3iKJJfOakaf+fhg/XZxcmz5y8fP3r55Yf55MPZrVsPvvNb5y9ffPnJrz79qx9974//Xl5ONVgiZ40VxCzBdXxgik2gplSBghBuz8/Ojo5vcX2fcmz9+R/wmb8pr1NgTEeYENJuhkW84VzADHOtA/ZUIykiJyxy9/33kDlZrVa//ulPVq9OXiLemBRFSZJkAZQvKSZR3geKAytuGsmMtgDzJ1IH9Rz3+XTBxmfr05eXxTj5RhUYSV+zA+egwSdlZ/uhST2taRIz2lBfOHyfeM9FaQr8UK8CZsfGmjQVxMbOY2XYkyBaHsQq9hqAQyse3OL1yus/6m+IBfR7xK/D2vcmUVt3j+w+HMMHJLeCeunqN/n9qWqu6Jy5zAB8QBM++H7ubV+++cNE2DAQfUAnX7jFjrpqTTPChux0Jb3Q60Zvdi8ZsuLGfo2xlsxOnZuBwGuXr+zFoQxdb/fjnegQeGDDh6GD+MYO+d1AGZ3WPUt+yNZ9jWWCnuLtkFZ2R/+683FQdy/bR1dtDlSUTv/y/7/87F+Da81Vxfp2+vjf+ac/rL7zP6t//58aOqFwWf9uBgTeRvGX/Dr8ud+UMXZpf50rG3kHBb75i3gl5b+JNxx431/54FeupXsDrQkcfHG0Dlx+O/4Iwkl3CcYauerFXy/GR/jHS3rV458P7/sOA5i8sTNDdDVh7+P9Z7WF8F08EoxKed1TsLdDQ0ek/iJ3oWxh51Ho33mjdUSN/Ob8NLO3j0tzOzPntWt8xNB7HmFBGPrJqUn5RY/6gceJWH18ciCedX3itkGW9dXq4uL0bH1xkWfFYracFlO01k5tkbfGNhRiHbW9blX5dW03bdZ6NBdnpDzJWANG/aTQ+HW9WV94cIvlbHE0P7pzNJvP0f6Cmhc0Dju0Lq021cV6hUZiA3We1wX+WYpuUlJwa1JK0rF+YE21K9BSTgZjNt3ajBeX1MOsyvRykk11h2BUNQdiiLVqVM8MHyiaTOdlXrCpW7PAi2U3cr48IXE5EyDjuPCi4YE2SXlDWibJwRKUk8AnoinaRNcSDBSD8WenNQpGTXV0QBs22v03a1StA59cIvWUKXIKmkAhPtC4xoE9IESI0Hwf/F7qbxZi2qX6q8uUFBAVOGndYHsdOAJ0kAfpwC+36cThD4yRqdmSjI+Vuphs+VNs/ziugqNTFEUB6ulBOjWgADMZD9zFNsU1xHSmPt3Rshu6zoBhP4BO0RddDchzgD0JvFgtvMIV5JqKhX19MrUHsw0DyPrmo3I4TnKnFg5aqpiZRXxW4vJBEONlXKJSdpxFJQRYIajgLCpNDF9kQt4NfouN7iV8wYlnjUSDifPM8e1ZtU2eNG0j4T1qt2VHk3qzRaW9Y5WpeEE41yFOr/qFBA/yhDhwKph6Y3233BxPJVPXHDmByol12OmkG7JN7I/xKI5+2nFYcrJYZJuuqc8VQcxmtUboaetG5gRfNp3NCw5nQo5xZYmICD+Bf4pDjzcasqhiNw4fQsWIvYM7ZX3nL6VA1oWPEh+pcOi0nM1ySXElviacTEcCvaQkD/o7Ig4KYnh136EUGmajHcPVrzZbF+NXJQhEQKWvl4ZOk7CzN6PYbczQju4H/g07ZWDs8D3F7Nj365Sk0+NOMDdtPh6hrXHP8ut0O0ciINjDqI3dvwGPKu9PpXxFvD28vTPYYOjvMCrsX6wbL+n23L2eliEgEZ70AXy8pD8QvEZxlYjeNRxRSWM1MXHvGuv4Q/6gKAl0CVFMkYtXDjIqRVlMqkldr7a4U9YbyqGX5QUFU1I3E2M1AlUyEgsxCVnoK+7b+WJ+tD16dfJqtV7NZrOMkbU3w4NVYdjexHAIdNZZ4i21+cS81aIYybm7d+7+7vd+50/+7Z998fmjBw8eSAArsl8miDUBdc0Xwt32OGcI2CeFPVu1T54++dZ0NkWWq7D/9D/8Bz/75Rf/9oe/urO8fYFUp/XVFrKiyMtcmaCEngaKZ+KiWZpXw06OTEi9GOM8R6GI531fv6TMfRjVQRIjvNaWfWcb7IYLuWDHSIn7fCOY3412tJDvhDFdxvNKkSMcuYZM19UGBYVZ42aVuV8uyqygrDeOY/qETJa463DL4K6siHTh3myRKcX9YEOCOmJKnEoo2CzuEsqgRaAyIQYe0UK1bcgNgeMPiXuYadlVHjjJjkE2hZbbNkWm3JJEyECWkB00OUElNdTGCHjKLHcCIVHSakuMPHKDQN7DmbJQ+kStLqfqpKZAgEBcbzd2Ra8ryqnFrZKB18g+JgL2OwCXiLVMn0Dq3cgfjPnEvN4uOLhn4sAXCYAxPcsge/jkxXQxnx0db9eI/TcpoxJGxXlTedqRw0RGsm35fAAnn4VE4I9zLoxR29T5JB8VyiP3IIx4KoqMDMLoNHUVvNEMnI1BORkKWyLIZAj1LvOE9p11FDAHN4CB5f07yJNevHzx6JefLG/fKSbT9z766OzFs/Pnzz/5s//x/rc/evDxt1Aipow8JiN3S04SC+IgQ4WATxy3sORFsTw+Pj89ffX8ORK95dERi6/2K8FLfoxFS8vbha6vrnh2UYW+PA8MFMCL100IAa0EPWspilKWTZbzv/UP/t79hw9+/Gd/fvr0S87ySiBz++5dSvOp+oyIf6+gjpfwwUfQIFQ2AAh9Tb09oLF3WaCPGmGgk+7F+0tvplbKwXWTCvzxoljCTc/E6NNnYeeTmSJINrs0BV1GBTN0e+n1X1lE3wn8nWpl76CH12E4eBiZjeSJK1rf966eDBgqXvaqK5p73TJgTLtpHa8ROM9dBOOvgnLfh4U9j3TXRqvt+mZc+d6bK2DMNfjmsZqw/1byYLIPY316OJ36/qRcoqM2cUdpijAh7VHaNaPGhnGHFdU1mkQndSnPn9a8cvCXg93lJe7Ut13eYPMdsnV361xrwysOMfufGeKq6+qJ9q7Kwct1zf16xcqC2d84BJnUj2UmGgx9B92P3NrfxYP2wHDLJvGjLn9SVU7b9fG/+K/K9TNznYK6yfKT/9Y++0X1j/4PfjK7Fvq65o0bKP51K7zNTl1dvtq3/6ZcXt4Ve/Auiz/gylU39lZJ9QY3Va7VFuz/DQc9cNl9GH1i14tktNrlr/rrBWnXoNSjVXcuHngwOJEoBwJSfD7hKs3gkhne2tVUw9DjZOf7bn96v+GNdkafZ0Z12Xa9rvL5JDO3wDyn/OGpVke1iKkSzKue3xs154AGryaVYy92hWhMWWriQ7DMy1CEBEe28/Vqc/rixer0HJVm8+NyMZuX2WSK6jPUH7aNaRqo2+p85Te1rR2adwpS02YejaoFHcFC7QqqjCmz9rbKjZ0dLW7dPZ4dLyYLsvKixQInfrPZVher7cW6ocjb0OS5W0xcOWkmWTsB6gV7dYhggRNbTtGCq6eVgQ1HTng40YUbSTYfFQJs1SA7h9GgDjlIwAi0AZdTCW/A6TxUtOezSKyPNz3hBcKfkRjPcjTSBa+CoLlmsw3nA0nNon2LPOwz6PYsqeL00LTriy356wTLsVivJW8Oud0UE4lokgcfAlKcAmvXuUFWfeOzli3QtNbSTzOGwZJu+Z6eZwCdHYYEASeesqESO9qhLy/QP68lVgc2PDjxOCHrY/A1wbsSkaIoCgltkk5y4gqgP7s+QDx+0SU3SMwNbLeIZ9LbNngPOHUDEhW2FYel6J/UFfERia/z0RzNfVIgsX0LB3dDktpIhBSxvDCYd3Va18qkNK0WCfESM/uwX5F6ksVRaWaVZGL5Bbkm6emS1+h9tB62FC6DnBgoukdLeYzqqmkquqgTzBNgoA+oRi2qRlsDnU1yKGFQx+5BdKmR038c7YM9Tzylu8+zSS6ZKtiW1JJhyEs8A3bHCQHF01ergcCoU1G1JSv1Zr3ertacBqiWpDhi852UJXm5IOjMprP5LOO8V+Shxc5bRnYuB9mXpDxdciIX7Ny8YwYDF1NDCq4yDxL4nIGUcFVOofp53izHIbAhULwk/zI6YwqWwVircMXITAzouvxkhufucRwaSbYVFlpcglzcEoO95t1IlnNzFRXf3ciX7OuEDEWtUoCTsYcOiqsX6Viy0/fWvGwwGgMruN2EyynXMNYh5+Lmsp20Tr2y0jNQHiLo4bruvS4jkFi+1Hiql7vrJujbYs8TtdtVgQ5vugjWusSuFDFDCptecC6l0NGwVUZc/Jqm2W6qDeXTkWPe5HxF/hKOsQEILlC8HRrP/sv/3T9lCsdzxC2z8pK9PdAg3bpM0A3hAgqI4AXVikm5W1oQF1Zx2eMx2VCPnFMqsoducnZ8pcXmxz37uvB7dXAMtMKLeL3O7Wec6IGiRJjAHOzqk/bMobliEQxlXwjVkD+YzxcnJ6+ePn02nU5u37pVcPo05ZTjPujp+9SRpzacxiKz223z7PnLopjdfe/+anu2OC7RhvqXf/Xj7YacR0ym3M90tjCQt+zmpqGbmF7I9EWyEEAEBN1CRHKQkEar5iGxJatFWfkruEJE6IkG4cLAJUje8drFJ3+wv87OK2+gvI7AHZWWLum3ShAJUztaGFlqWCeX4G8w2KSaOQAAEABJREFU4WkvFx24BlkV5KqR0Fok7t7Vk6zgnWEDCCiHRGRVwN6KEc5xXD6h7RLHRPL1qRQDmmuPopA0rbhMcZAMZGo53IpsXNlNDFS0E/mUP3sncKQTr1udPdwkSFRqJ1Z0KYy94SgrIAlMOAcej4Lz7EgSHqNpTlTWMp1GhBrPJIoZe774HjPnA46Bzi0tnc4h9oQDQQd2vgeqEFpVf72edVQvmh4/GkQD/bgEob9OCYFHFSGGzSl7n/2JPGVEQqGRglo1gsCN0jNdr47v1MuOF0ygLDL1EHCwUasxHyYAyeikdD62Y+UzkfdcOk8mWZrdJeGG1LVfhAaKjkOO1ZK+0hoWq7PJxDVEKxDAVq/Omm29vHPr6O4tB81isXjyy89PHz/FHfH+tz5ClhSfUTEFiRSFbOFjF+SD1TINUlRJITEKEgVX5+c4XfPFnFybKWaQV8FeWXLZ7R6Gez5RnuxZ6EMAYLTO4RffRjnkRf4m9JejjezqR2Wb8W4LsqK4Qxk/XyzuPrg/v3V8fnZ6+uWz7cWK4NACyioFBUUTjGhiYlWI8mSqVrA2RguVtwYHfgJPxEQPCgKJtTPrs5M+HXnrKzKyFLDzpbsA449rnJ9wNXDbAbaDhKZ35VN1W+F7siKJAKBMYne1IyYm3lI82b2xP4dyzikJoWKMmO/SHustRcw9lWOCrrufWrObmYiUzWDKBt/2rChc8uuScjnHNcSPpidMjdQ86I27PFs3F5C8IPrZB2mgXx9MpL5xt0D/rokLMrwYf4Z2IH1drwP9L9rH2OO0A5AMLg4H+hsC0jGkc5JcTD9TQNl56f5ngzxm0nkD05s3MB33LtfjhEAyw6noF76kdDgyQUEciAAfb0V8BvEtsVuxVyap3xtdbM4MBjICjJDOLOzunsHXwY89Vy4vN18/qeGv18CVbcObjzdpBy7FRtdveLgnBgsMYBJg0S8p82YCxCbbogOmBDbgylfvVLnerCdHove/YvgiMIPx9fa0SXdDnJ90s8YtE0WDgH8AengsPpusY6wQ3pefPLn9L/5vk+rUvFbJqrPs0z9t7/2OmS3Na0LZ17XcAGt5Sdtvs/XDSo9hGrs1+D646Pst+P6Xy7+PPrV78ZK3j36/tNz8hMNBd9OdD/sf3YcNBugDhnRw5G3X2IV+72+/W2Pk0qGzegmUHdLaDawdjJMaM04sIL27i8DNgF9Jvg+v9DB5v1p/LTve0piUjA1rQq/Z7uLgyQHVHpAcE/nbtM/pj+7nkHRB7y1mcLf7AulPgD45TAgTJCxr+niok8B0JGQpz9ujdiaZIf7uu6mBtAkDQdxMngwsfvqaTpjwkZNO2VxjRJ0TxtBx2D2+2YIOyfZqQjdaMDb0O7w36UzCxHeTlYyzm4VuOGiHgbwscyitP3GxT+MlsUgFRaNXjxMxnct1nggTpk/M6XIgEC24dbXZnp+enr54jsqxyaSYz2azcjorykVe5mhErlq32tSvzqtXF35VZ63Lyc6awyT3k8yzDwdFhkAD9na93VygNWZ+PDu6vZwfzSwOAyujOq7161MKo7JZb2s0oaKloyiaZYl/7fGsneeU0t05VDSj7ZuCH6ACr8ims7IsKXO2FcUwiAIbwqTI/PIKi4IXnCwWeSqUBQcFIUswe5xkrBuU1fKpIwadfmZHlURRp3YKJ/o8UX4CpMqfABkGgkE8rkiwmEpTYqe0ov9W1aDRxBmtxDWp6y1atlY4e+u6qgw5W+TT2bSclbPZdDqfohVpMi1pFDQVZP/hUYvFzSd4JAqBvts1xvSRQUDgPtXEMmT41FTho5oGOhxCM+37LfIP24GjT0CaAZJgzcoCQmdy42bZjt5QdBMc/nq9uVjR8NlnIqeAERTdhDIzLebldCrhWwBi6hkIYB/DfhixWaqvSYAJAZPgBhES61CgQJz4ho7XU34WMupLBAwyN0o8E3Lu0Rw+6jcRfDjivpPwGDxbYWIBxHIhdUMaHnaemah3An6JBg7pkDiVSN6cmlIKVfIncV8ajbzifRrKQgYI6kZnOY+E+EDw2+h9knyIp1/sJmTOaSqENzSmbtHQW3MynZreosFdTIfkTQSSTvqnn06qsJmJTbh0W7AN3ZWQPPmEhopK9clUf+bcL5tzIHyboMVuZ3mj3j6dViLktaD9Q/OBkHJ+sb64WJ2d4RcJCESjpDgqGe726Xw+Wyznx8vZ0XK6WFBKHdr+JRqG2DNHY4SwcZqjETSNBHcfMixhD8mggU5Nk9sHBeAJjnE0xdNpSX8cf4j9XWh00mfQVtkkYYO+RkBI4VHwWM7QRke6OWcSA0BNSY4qDgLBabYEABTt+B0XtwQvif61RzXELCEeKkkxgxLNPbLD+9bKS/5MUN2+SfE+QUqpVtnAaE0NPtUhKj9AXeljAOOdZE8jGTj0aiuAdh+Rm9DvkfURbxBeizij+n0Hm46NWqqD76HkMDTpsvNJz9m9rM8VXDL1V61KMusQORBnUtMsz7XyS+IR0tcZBh6N8QvIO7svgXSjBbc14r3ZOnJ3Y9iuCBFtENTbunIcsRV0zBCgz4TAAyA2FrJYGp/zP7I1qXOUfw+MZF/DUrktbldsnWLYz6aQa5C0yNkztknIZjiNZOX17MeJbSEDslqvz1frrChmi3kWVp6z2FlxbhScYphv9bF1IPclzvVAQZ2S3I+92DijyxNw7eULJ3xJ3OcOsdDDDx4+e/bi819/8f777yPOYxYhG0odQiSjAUcQN5j5rDw+mp+8Wj369ePb9+/60s3m5vvf++Bv/eBb/+Jf/QLXj3JYgGm2Fvm8yWzSsHsvL5X1MeCP8kvyg917rQfZXeocHXYv5bwQjO/EYcXE2aDEKFcNf0+B/fMW5+FAAyT0V6dj20MZbecSZv2Sp163DN7l91wbXNrtYsvgKQjVDZ6RRmntcL0cMuYGSrNq2pcGPl+vJ5PsvaKYI33Ni4CWyNsbv7bEtzSmbnzk1ghcye8kp2w45BSLm2Tr/UTZWAIKfI2flhQW0VfnFccpyUwDnCfKdEDESAlZmcoKG4XyjJKMjD1MGaoY1DteDTk8Yrs1Gh3t3LY1SNS3zrhKnBmyshBKjcyEm+ROYkG2Rj1Sw6SQ61xNjhKb7ELGVszBFuLTqkEReyTYQ8BrN1uiZrnHdeu9+PLEdSM+F251wvXrvz4pvm99N6F3YQMpgqDMiCgbGFgcHbMzEZy9eNHWksBSTkMLQRemX1x2QdLoMOrr3pGM2nPkDxSotrhqlDWJxLrcBLQThXvpVTctHe/UG1rKYwWWiR1BKKksCW/VeoMdRH7X5szpFwRdCC4ZtJDb6XJ5fM+dPT/dnq+efvrZ8Xu3yyUi2fm3f/C9n5yeffmLT1/83uO7H380XcwNOa/gdOTE00PGDHYrsymUSemTMYvFwt27//TRo4vlfDp7L3EvM0ZDnpr+BOnA/MEreK3yho9/c0uPT4taGNNxFkGcAYmMYoiAWgceJaIPfutjFDt+9G/+5OUXTxBiWdItURKbzmfIv0QdV8hOtqdA75xBLBPEVgYasNuL8x3Hc2VPzNemwJ6D7spFJDvUi1uIYCxxxUkXQRk4MNElJIZfhWRDBGSRfIu3Q5PDPgXFhXqW6NtDX/TJNL8ICLnsdh30xxTI9Pie3HlshxEZ8+iHK1j9A1536I3xe93MvvMyRHe7UO7HwnNc0pBXphh6F/sxTkbeGtmDCIqiawSzp+IV/dlT4Lrz/Fpv0QeVwsJ4U/2f+isMWfQV3GMwYz0K9c1wmtKFSBdOavoxtDh6uRfKIV0/v2dErz1TaQvmOo1cXT/06SvZW5eUAOGXiDQwQF/Q5SUzCRwfANCHLszIdtub1sofmlDKXG/yd4cDA0ozPuTLxhjEBziw/vhOTTacGWzC8Sb1t92c3/rX//ei3Zg3KFm9mv7r/8fmf/5f+Nlyt3PJP9+88o3tuJQb6D58pRzAN7+8IdV5h8WbsUX2+376fTUP2vO9u/7tw9aY6vVAERfGfqaf+xoaqbm33RF6dWmjcFlV2P/42BPXBtGU5LytMtZ2N+oBjwfjz3qzZ81VwoRB5cjVxtpyUTR+iSEppasc5c+EGBkgBxF2JmfHnjforzeXL9t1pzpwAmhbXa/qYjnJYWr8GkaiSnQKMZmE9FCHj8Jvb5qBQxR4znZOMbA9oKW/2dZFVpyfvTp78dI1LVprj5dH06JE6/AE8kltmvNNvdq4Ve0utlntMsPhGTLbohI4cyan/7CRptr4usqNn87zxe3l/PbR7IjMvaifI8suGpUuVpvzC7ItoTatKCpr22lhjmbtNK8LqK3BWjVb3UnWI58DypxSTieBmIGopI1TuR0STlyiCOhJS4pxgoamaTmbcIgU0Um7xIyoc+Z8f7F88r1bYZVjYtL2MWOt72Y4nEpKnYG4cSum7mBRRW032dg4jc5WXQochZ9ZHh8XE4luQsekKXYC6zPDG0wfD3PrCiF9WXYM8gcdVjiBKK85GCJ5GJwT9sEWGXvTG3sUMpzvzJKSogUhjxdO89c4t1mv2cKusRyw5JQPZabJg4KnCLkTcDqVZEp9TG/ifRfzoye8JlEKkp77NrxRQlZIt+ULznacnuQ4thpSILHIpgAQLc1qhJY+cy4ojhSixXL7EgZenCpa18b+t8k8eP6peVvcTmQj0zmBhC6Rrtro717WHgkboplY2MeCA2a0ksNIX6dBVFw4te91ChQ+UqwLwVkrIsbOTi267nyCr85pBRGAxdmGUsxwmBOV8ZQ9jcbf6Ekj6jjV8/TWmkzUFZuot5sNJRhiZxEyIWUZ7nJx6eEVZF+lktzNyArAmMqp1xdEoInNElC1ThGoXg87nCak89CgmsB5tgiySEssLkWiLqYYPN6or4yFeKrXR2NLZGWE0viUtoB4ZLmaUvyIU0sX7IfhtIdwaCDDg3M9jOD3QcwYe9dX1PQxi99HwfyYt8oh1G73wZ4hOCDHeHN/Q3GYgQr4vbxt0Ffv69KwJ31uWD+CbQ+Gr6DWbcQ8sc9qGhsWGB+M3gqUJfEo6rqXPrvDkIxys4G9MZcUsf/vKOt81Oxr+2ncpkDggoZelE4uUGObLKlsIqc7iCM4aVCrzQbRkGAkvOed4jrFaGqlhjRUm77c6sLn2n0u4rqH69Ag4zIpptMpe3O2m+2WMMK2KsXFj+OjRY1LZwmP4za9SaUEXfN5sVpTsBPyXplIfUmuBiFglktof9cS/4doPW8bYO8yxXTmBgukzAd+vvfee/fv3/35zz/94vMvjo6OZtNZXOBupyXPByj1QqmO54s7t6onz05/+bNP/uDv/+2Xq+cfvf/B//Y/+8/Wp//8z376yxqJlkEr/+rs1bO75Qw0+0mgwQ7YG7ZDb4EBkHByXmiHpLjTNAStk1RnoSM2srMH6wJfp1h7aOwTgRMpe3HIOGb96or31548GP3dAy2QKDS4XjnnQTTtSbMpt9WtlZ9P5+NGn8EAABAASURBVOcblCMWaHzHlc4ziTWYTacT5DSEqYnuUfiLdnaOjEFOjgfEBtmW0+s4isTMvhrTCULTpvFVJfTZSFwymxHICZ4gKmgpPeDWbPFKUc4sMwEUK4W6ykjZUXwz8nHX4SSpVfCPURajowa7SbXBlBl7uUoEs5zoeuNrglRhj7wP8dC8I2dVtzlfOb4996ZcLJABAdstgB8c2f+KSkJOAuO+q5u/8ZJyitwLvczXWmW+CQMc3TrGBUOSsDo7Fa9EquRYllABm9aRg18xqZHoNQPuQYtmGWxwzbcES3nhJb2i0ifVCkAgMFgy792VixTelUUZw3PoOX/hytkMwa+1rc1dZjlaHVCKUyg4R9ut42fnT14+evLkV3c+/v3v4csffvfj548fvfj815/+9OfLu7cnswnFC51MBPcJfycxgITuQ5KRFAu2OZvPn3/5FAXs+WKxZx7eVrnyFfC24eprUPZNAgwclZJbMZ1TzUlzP/r4Y9Sw/OTP/+Lk+fPnjx4h/3Pv4QMS9OecLtA44a3GOWZBp9KTeDH0asZuWgjQ9WZtbry8DnxBUEoll8RzOkqXvkdGIfE2UV2Gh36+muQTUhotjLI2GwUfr5ItROq464+SGEfB9B1QFGf44etGum56TJmJDQcflTBAVZfEAHjKHvm+VTZMxh4mY3Dx8p+HMiq7PdhT7ebImjeHcCx+v/wElz0S+f1UPTZ0KOlqX5WuxcN4m4cUHwDUjHf18NKb/tfsTdfUFf3wu4RcGRsdj/67dwKZ9Qpf+xl2/IBipI9H55Wd8fXcBYZv9JerDsYVomD2j/Y1ZvXakPF6a3dwuXS7juIvMDvubnJbsKW/GgOAnMLwu694zbI7SekGv7Ly/gp7Gj60zz76AV5rmLEyjMlsyTQPX3c5gHbU4lAeX7cn7Js07279y//qDT1OpGTNuvxv/+vtP/s/oiD55vBwQPE3UONtV34nE/HXpsDbnLDDGz+kpv+6r+xr07aU4+79e8kjTLXTijdCEF7j1uUFRr+G77Cv7t4r4zVCc2P1o7VoUNl0B4vGX3wdremhNa8DH5eB04Ggdnm1a7JmMPp4EnXXXL6Ewgb57mK8pc4lvoMz2NdC8C9JbqeeJbEbPWt60hSk7UFfu/IGi7gzd3W1adyy8AY1+2seVVBlBONosEQOzKis/6da6n8cBftooxNWhlOZuG3TXGxXF69cVU98Nl8eL2eLGZpsWUlXtLB5dtqebevVxlQtBSkg+671Gadt5/zDGdmwm/X6oqk2qPEtF9PF8fL49vFsMc/zDKs06+3Z6dnq5LzeUmrhbWaawlY5uEmWL2d2Vla+XV2sUNvctBRfmQ26ZUb5VDjORBJVQoygfApOF4t8EdiJBiSeRA5k3i6yspyXJQUewC4ZgQtwMvCgnIG+s0JYXAGy/hoPvqQTHq4Ml1eNJhw3XK5EHwlJ5MGfdAy0ovwmVczQUbK9nKNqAIWFyDRQRnxvX3dzHXxwSekASdp0g+H063o9PdXzJgswGltJlG/B2E95kyisCwfwoHgeHNTEUAqCjHKhUAIhBLFJMSkGesuY0sQYXTifvEveEg1JaiKBkLHdy4MmnXxxtqBX5zlHRydbpJXoFDuMgrodRD+X4AgSYpnw0VkJ5hJiWEhIFODYKNIl9kbg2DaaNUfz54g5tuGfLniZ7I4uVSoq6FuAaNUDDaRh4w2Zf+ed5uih6Bn00rqJk2ASNCIaeBgoOXV/JBeDb4jc5oeSrFTihIEATB4nnLCB43+DblU/mNIITgBdgACxYsZcQvjvdr2OcV8kCrvlqDO4WyiUCqWgKjIOtyJLCRxBxAtRCL47PatrcOvxCWwEA7kXi0bMZ5SuBXmZkBMYWZ/FxYQCnBcFn3z13ZzJMbsuIERP2RgDtwREQx/sfLaRiCYceSVdl35h65fvT6ZcH1Tcl15nWG0X4I2/5O6bFD+2ua68MtqSzIu/3ttuDGUOW42bIkD14ZYX6KcG6z59iB7x2ktwGA/KSm0fFIARf3afXCnrvDbHwBJEBckmQ4327tn4yyZCSXnjOJEOp8FCfgGhveYEFmLDDWd6Jb8K0xTyxTI26YyR1Cvaof/yf/9PZMrlt2DfEHgK1K+wrSkGCmJ5OoxOMYi8WhthdxhihQx7Ujc8+wlShCVEnByuKocQ/WoIXyDWbi7JPfJBpCBUgikBDs3GeMjadc6RRnLpMX9wcnKCHZ7O6D98uQmv9PHdERnyNLCLqBjiM0QaF+fbs7OLcjK5c/cOmk8/ePjtpnI/++Rnp6sLme+6RSaQEj10vLNgbuhoUpjhjl4HE1Cn7RfCZUIEnSgKQM8wfOkM7VQZe2R4JYbS6mYv/O0WE/oXNyJc2qXDd/5bKB2d6V27EuLGYXJ4UaZAQp60SEN9UxiXu3aKlN74Ce4vTvdBuUb4cfIc4HBicfJs2Fo4S0Vk7iVGXeRtpCa55XKuTPoCrVdjhdFaMW4YOEYiEk3OBj5GohCZyDPZzpAR+ackXJ7uDw6MoowdBFcbY0LQjQCfvjNmRmGMtzkjB9nh0Jk8Te+fgF924ARekzqNC5RjFUFfEVBtD5tHrPhWS/IGWjIKTOIcLgVOnbDFjLe9lR3HcWoCLum+9PxwNRWiCl5KiEy3WfXYAURkISKUxiYLYuEV2xZSecYrg0QfHL4Lgqd5xvG0mNGH3FDAEnJ9ak1FQQU3yIMf3bk1mU/LOaHm54+enj57dvvB/aN7t6AsGupWpvoJlq6hg7iu1HVTcCTDl8+eCnkiP6dxejy4NH73xvEV9OHqHZSvFOUOS9hcptv0gSxGPk/ktKPFYjafIxv06umXZy9fEkosS0sueyDMRyoE9hrf91IudwqTW6AYlpsDrUSvMXvXZklHdWUD0j18JP7ju9fKDk6wiDcDjYjfvS5aMNlQPjGl+l71cAHCN5PIdH0u3Pcy7EiVYHKHEYXygM8cH39aY+fKvtpwnZ/73rh3HfbzUnDlwwdCle6W4UsDfwo7F5UkQ/9ut+kiogfTuxsvDuhe14dIENTTz4T/tCl9b+gxQErPEzIUWk/7mVw3/b71e2CSL5BU6M9npFqD9eheNLBOBPpnBlMKKbo2g1a72YaEdzDJle5LYB8g0NXkbiSvyS3YaaFjTaJsEr/HGilU9JBhd6s/lfEmDGsOqvW3qBmW3SuHlOs+Bde+ccOlDxvDmwf3YvTxPfXCtr4aNQ03CnQbJAXYAUhHiIL+O+NG333R4Apc2vvue8/GEhnNtPIOkHVEBSBtM6kN8e7wYjoOk/7ToTGA3vx0G9NEzAYwmIXIFIf3zf/iny9e/twcUoJy85Jim7XbVu7h7+6576+8cHPlZpp+ix18t2WfptEnn6O3BtUGF/2lXw75Pmh2cBF27qZvPxhpvUUkC1ffHaCGS5DPEAPsaWfAU8GeF15z0H7vj53r/opaY+34jiUfQOO72GQpmTCmT2dGpysSriFLD4PbSRUYbTrlWJP39bmZgKhh54oZXA+IPX2XGdDKTvkxGFM6CylZGkDaEAQHUJVOwW59SL/AsIXhz4QkgRmy0yYypb3K6fgT8hfb7Y2sv0D8S+VASCdJI5oY4e5jq2AS3tckCZ7jWyGpxp829Fe0hcO0OzoMiD9Txjppp+NiQh/kbgePAD2ohh1WIllWVCXNJmTXOPfpsUwf7ejREG5MaoXnwPAazpVDOKSuFdxhsvxs63qzXZ+cX7x41W6qMpvcXd46ni2Pp4sZKoMr315s67P1+Rcv/KqGhhOXcz4dMy3oLGDBSkHX+KZZr86qelNM8+Xt5ezO0ex4Uc5Jc+LaZrvarC9W5yfnZ2erde2qvGjmk/Zo6m8tzPHczyaNNaiNu7hYAS8VPlVQKpzppJyQYi3Pu2F3GMgaMXSH7AeeMoNbyuWBz85Qm1dydqAylzAnQPayZFGMiWsJ/U3QmRQGu3BYIJGaFCq8doV64+LplWjaENOVJwU8Z0/ZbtdbSmhSYW20muPcL4+O+AAb95wiQ1CYhmQvROWTh52SgscOzb9iKPuvQ/9L7x0meW+nsA8qskGvxHxfcZiK9cUFfpLHA6cmoQRItGSz6XyOwyd/hWyQDQAkJYh4naiF0piBOk4cPvRPHVAg7pTgwEDOFlKZzAMFpZ8RpxNxYhBLIq+bjWOSuXTB7SUNsQIxtEZRSk6Hgj1m8lySpbCVM3RJ+il6dXE2wgmpJawFu+BI6A4XnCGG68Et2GANCe4u1Di/SlxnikwMqxTgxBCgceocjhHCn1XVUpYW0usH0Sjo1rqjc90bQ5Ib0BVN3VxC2iDLwMq+F1nBsQDoj+aBOsU95M3tfcoAQggw03nwhEVtsYOaYagWmFmdnzfceey3Zf+kkgFmhjrbxQLRBb2OVpNiqojx3AVTp+tHNxm4s/i2cySS7EbpL5fCTEbnD+nV8/l0MUeTwf/E3n9G2ZZk54HYjuOvTf+8Kdvl2vtumG404ZvANEmQAAmSoBnQjoaiuGQ4S2tmidKS9Ec/xPkhajiztKShdyA4oAEIEgABsLvRvqu6fFe9V/V85kt3/b3nnFDs2OGOuZk382WWaTLq1c1j4oSPHTv2/mLvQIzVEM0x6VXAThdpWsmRswCYBUmOu5AGOZcYLKQGghQPh5PRSNQXdfPkRqewBLoub/S21t3N1u8HFqIDvMzbneYeb5EiHTV/Bg8SuIV2eQeky1hNNszlE2pfLZBvTZvwhfqOHb/meWGl0Lo80/RW3OAsYkRkLSNEK5GnyQN+K33b0a4hV4pkCTMU/IZ0ozMZi4mcoj+/WYrTOeUEN1FLChbAI2bM8c6jOTi9buuAoBMqLLdoBjKrrg5YIaVLZ4wUwiHOXyZhnNwrLFGV5ZTZbpAknhbv4WgkKEYk6Tu4HC1TVu49zWFQxXUCGIdIpc5zwQG+SO8WWEMqjKDCgoDdu7cp6Mja+pogljbFAitqMmGqYQUvgsQpzlImOLZ7dzdXVpbDIBYJi6a7defumzdvoEsc9CHiDUYTD4GxITNsruH5ZTB1txblFCPKSGNj+sD0BWPMzqXTBJ0ckGzNx7pQBjXJaj/Ta8ChM/80gzO0mPPs0BG3EOhE2fLBnglYjihSsXxNfZ43PC9iLEbUCYQS+4FjgYO4z8lwBRE0MpyniYRvZp40OokGT0ipKIkC/qcmtY9IzDxTDpqYcrQCEmWMMDJOCkYJL5DgOIPWU+VmYLgQGoPa66EGdEs2QUQX/DklZias5wW6LQhu7Mx6GuFcIQSRxkgfntJ4j9lLgBkZzGEUWM04YcdcytihHeeSO+YSAfNW3Z3+0LWZ+55grrD1c9AAIOxKsS/NxL7ILElqawWmU0FeKxuAGoSo9yJgttSKGkoTKT6xoabuVFOzajuk8IDAXQwR2LEknqTSfhftZxBq7vkElZFlRiC2iDvY2x/3+2Ez7qysiN/20tL2na3e1hb3ePfMSthqsiBm0hcU2vJCS1Dol6zSP9QNAAAQAElEQVRKUoJAAuQ99PO2e39L7DSarbazGavZgOkWd3uBVa/5UaCyBwRWHFdvQXhbSW5NKLEW6ok0zMjI7pd8LrpS7HrF9jedZntb93s7u6LfI7GfiSPwpDmfnJd6qtpxrEJMViIkkP3RWDA/cLRwUs3IKhcYiErXxit+rQ+XsbL42sxsDIp3tddaYs2shWPunMcvxKd9ryPidlAnTvwiIeWgPOyUy12gDMXAKotykeoWb50IrJhI5QErvp0b2KEPqk8XmlBH4KEOTabcpFY4XFS/MNsUhfXKETczN0HmfMWsmF0/ZM5bk6gT0+ThdImzjBP7CjqiWxSXCLilhoK4ACxzYCOY54WvagaELWIpcXC+dYeXXeidLCwZ0dVzE7EPwblQzDu4jWW5eVNIVmg8VmhEgGIjMUe0bqrFSumwUosVximrtLsbWKHaUB+n5qr29VHCUb+aNz1PSCzjdMIRP1z4G9vn5hbmNjs7JIsD5gRYkgkFptYZVeZJOXN28HCpy/rQCLz4vLx2lavNis+KQ7z0pEAw3BisOPvdacGYu6pAYSabaEqeo1Nhloaop96ov/bsP1tk/MVPfejxf/u7wxdenl175eCY3v6t7MpHeBgdEIcfcLfIF8cKJzTJFkrqQfI6wXIukjaf9wLKCA+oyBt48XNe9wTq4lQjm/nF58TUObLa4tG38IDh6E3PForAik/Y/K9rCUI1nTKvzeozXKhBeO2lfcbnRC4+rnLUC93ymqTmZfFAobhrLiwyDsUuRGClWKVFBqC8GFWSdpchVsmvNn51915ZGYtpFh6aO4f7LVbL/azAtRWTql2TyvVnUF6l7PNChHIJmZMgcwQhJf4ZjHLflLyWAwco7rjcdd+RBemX3OlAXSjbJHKHqamQLJPjW8euvWZx1VloUbLz0DLcpececyrMLJtvo4EWaoEzLhizmZomc9rerXyhrzAIKVwzEYsy29Pe7ZXi1tHu1wRLgqWMNMsLeBRtEhgdVQxGw/2+iLa6vLraXeo2Wg0/CXOPD6ej3V7/3vbenR0YZ+ioRohBkli8hMhnsZcxOrU8E7LBdDoWquEw9jornaX15Xa3nbQSdGaTZqP+aH93v9cfDseTKWdZnPB2Ap1m3m1ApwFJOMnTkdBDTcaiYHEUo7Y+Rl8V6JsDLRdYGye607FVOKlfmVJ3eQjO8EJRQCG7kcCFpCFSiDyfujLXjJeVxakgk1Ti6sK8K93Wh6rwB8hbUwV4wZVDGaFrE6rlwViolqd45k1IzZNGo93ton2ZZiNuJFKfpbyjeGR8jnOmxx6zOzi2YCEXCGzOQ/rH9dHUcvAcIAU4o9FpXdUsONYk1mQ0GhLMQnybiI5qtxMJN4mFriIMfN+ARWw6dInYABTqOj3o6gwIe2HaSAfuwAm4Po9K38ojsb60nh4URwQwZs1sKLyCzpeKJf3FBHTiHc3xJInESMUIeZDYD+aAQqgHydiGRJrMlJWX2czY7VBYE2OUgqvj8G4j6Eo79ZWoDzKpYs7eE3CEoAxTMcgGw7HEMaDKZpZSnXSzADe4EyXfsxYFCl3ANOnURg44aCqIdj/QJpGPNnp8hblBwbv4h2c+KTGyY6AJU2Esce2y3OA8UvTTNSGzH2NBOYY4ZnwC8cjWbrbb4p+EKKH3rhC9UJFxGUMuOIfyaDQAF4UkMXZlslxqx7ljZqZAYJnUakVNkXETj6c2m0kTZcIedjRTACnmLEmyZbgmVw7eCP/60gQLVRjrOBITY4RTYzAQdBCRWJWppKYbc9YbsjHFSxO2LhwIXLCgh1PdwczJ9MBIcLTwYITwQUAnUOymQyNXM4VKm0jGBRYJ7Pg1d4T4ithwm6rhS5jGTik3YWTSiYMjy7DVZ8o7Fz5VsxBRXJlkNqaj8VQs9uMx2VxKp1PSvIA0LyTJfs6cbKF4EF26nwLbPjIo5IdSlRFmlKNHOh7kPOSCWIiMZlNPZOiNxrFgLJKUSf0jevIorqHlDmOCcZBOGWTLJM1GO88GuHJPR6MxkX5DsokSasW3UKHmLFezlBIl6o8gRDn3rROhEw20xon6iUX13Plzd+/e297e3d/fb7e6IEkSLa5EnkDDZOlTX6p7xRoritjpJBcuxL3+eHNn54VvP//hT3xsPOidW+l87vs/fmPr3rVbW4L1EyRf9GE6HQmei+tRIBkG1U+uNgf0YoEraa7cWHDpRUKBCKTrFLmAgdZMLer+5sSDO/VKvVQzq/lRadVpB8+xU2fakB93N87cPsTfnMgBcmUs8IUWdZKyfcjvzyaJ57XHE8HIRWiyD0G86OfSQweZgiFhU2yrlLR2XLk3FbQBuBcqDgaQVuSggCUyq5YfeCLdCTJOYrsh2AMRe8YgRQCKR6ySdEWCfA/ZDsQTBJI7MspDAp5LCBpofg67LUMDGxjIZJGHnr9wtySYMzYaMjlExTwXM1uwdgo8C9NsJu03KdZGjlxpyykTTN1onI5GyMqGiIsBMBQgl6ffLU+sJ2uludkp0AWVHz+9xI8RaBwQt4sNKnmQqJG0lrr93T0EfaMvNjJKJYc0bYQQwuHLrsl88CWDbhYcFWg9wB9MFllK3KkiFspDc5cK9aQXPe12UX2rH8IcTkWuzXqnzjTaCOuRj/ujIBzESUOMeTHmEJXFMwQ4iiEe+931pf2d7f2tnXvXbnRWV9YSUZzw6lNP7966efuV7154/KHmyqrPQkGJJQZHlNPneFzE85T3MTAIF1EGMU7FBBPb9kG/19vbExeC+Tbsb8kf6twuOB3a9Y4aZqcXWJ3jm0Lghcj4x7hWlReMSU/Bob98Zv0RuShff/nFu9euiSF7nkF3dQXBnZ7ajBgegzue8rjrhM6RJUnvXkzQMThy4IewJrVka15gNXFLGXCzbSpFZWpfImec8jvjyGu4Yf30/lXGZ8YdJXM2nNzNRYFQmHGdQ3RaXWquiDbhXJMWTjJDrhAn5heYzlfnps2oEA/LjTNajh+rj0y1VMmNCwqm9uN8XuuRyAoOaevCl/Oat5a8FTcGBQfedfGYe1CL10VhCwyXQ8bcYUNyTrz62/If11OOE5Fr6600OoDNTd1Uv6ZA7ppb/L70lZsaW7iGxWBbuhKNlYpUqB3Yyh6Qgd7cFAoDrutAPRQYFFx62MRN6gfkopdv84UhcNzkNT8NHWcOr1Ns5foU7JZowVF3CoEvNm0ODIcn4LL2Lq2c8zlzXJXNS0+3at3KWKRPC7nvOigcRjOKY1BP4jlJnZwrV1tLWgQqnVlsviMOMqY80sEREikSvMoL59eJUqSL7W/9S9yqL1C8tT//X8FiwROihm/8yvTTPwdHDw82ck4hnESBjjYh3jqxwzulsZlzcaQysROug03spDZQbMFn74RQsvZXvnBvuXPHD0zqHTPGalqdlf7Wv2bz7g/M7qCsWeVXL7Huh2wup7dwAdj8VycUFMP2QKvsvEVOa8QV41F5VS6GTc051wCVmNxeMB1L5cJZ8RtmZEJMxwJwcCHyK3XMktOmz9EImnNU3C0uM6UvdVFxNBYGkFvh0otS5aDYEIW3KTqlJnO7Wk6LCniyVy9NhXKHR1Ym6uWzHKSfdMcmhNQ1gzw+mKK+e5pOpsNeT6gnVpdXW1GjFSRsmo92e5O9wWSvl/anfDILcwijOGwkQSMR4mMvwPN7cRSNhv3haCzU2oAn8vPmaqfZSVrdbrPZQNCEkCFmfDpMJz2JNJih7CNvxNBq+p0Ga6H3ajTxgQZOBkIjJSolhI1+jIocNJmAWmQfHKCMMjxj3ATJ7pP6IDwPJnTbcUOI+qIoRq23H/pKy0zeJjiKGNHgPzNoKKATi447Jt2M1R29g6twnhW9Nuvr0l5HisFR2yQaQKiWRY2VAtyDCGEWQoMeS3xMzAgoZVX0mfRQIIusNOmUiTdvIJ1aqJdeWkUjKLkK01YlcnWoVR1EzCX6QTSBGMye9L3SCKVJEPRREtjtaG4tTLgZkRckeiit79vyuKgXCyng1qwFPTe9Ywzqu7UQEmm6xjNl2uoG4RK4EfJyUPAOCQjyNWCFFSAgnrXJy7WNDXLvoIEOZL4iTelwPzevTGHUha6XVRG6GCZ6xRQQhCpFypQ8VygKzEsaUxHNrrzD0FFzrvZ6jDQ1pEvmxqKAKkOGtvCdzgV9wJvrZqfsPRT/o3ZJKo0YHttTNl38QCYs3cAQ2dE94tVp7XgBBYL+MLBZlF0TzxMTJGk2jVkXoe0lFTjJYMkVjhIlAok+HKW4Owxk45MnI+t3RtOAAu5HpiPtxUj1le/HzSRKEhwANFdJ2aR3Csaukekgogs0Tihxo8iYTaZkdEfBj6bargnoNJzppJY0TcMtweG2d0xXHS4GB1gkzoN/cozgQm0W+4K5e2RKQv7JK6KxkwkLNcLxGsrpTQoKGHACzV4RUdhVz3nCuFr6lOOmHE28q1ENmmp6xBnRLNFECWk3uAuStFmAg1VM5YznZLIIESe4Air9HGRKgCUZGOkXS4HPzGCnp+xANE9QeSTXYEmkvYAHWY5AQD+Y5VMEn8h1CI2npdKSlceUEfsisVBNLyWn3OgDGIulaaX9/XQ4HMbIakRELzzt+o45WkwVjIRUarJT6ToOTj+IOq+trp09e+a1165tbW4tL68KLkNUPJcnrY1nCGtjHsl0Jgmd0HamjM/E8ryxsbo/wPDGa9cuXrksFsEnH736qY986PbtX0vTaRQmWSSdqPAMmDKoq1RgjmxSdaninLFnMq6ZL0WTcUBxCTlCp0xAHna4w7+/ncGdKHP2PIVlBt4RQc/5o5WH1a7N5Xor5lrSAiE59IIsDId5ujmdiOHVCPxQ8AHEIIVMLNRi3RNMU0wH2tCFZkpmAJUpIDkE0WSJzyLwMz/g+VS8i6SbKvSrE4kxmYPvpTwV6njxekKclTQsIosowV7Sdw55KaQFG40ZkR0UnONeLgcjjjLMPZe8CcJncj1tRYlzhMor85G4Z2FjYNJPkPIOKD4ilBvatJBrtiF2mALCTsaT0WCIzFAoNiUh85GtRasnRvxCykmuRfPlDgBufIyVe/NBQylZ/g7AoHDpJVHiQHKi/GiKKkkanfZkNMp5io+Qt2VEPCTN8KSdG44uw7BllH9KO1I192SAGvKMBSKe0CYTWgfhyq4OrTEUWI0O1t3dUdBaf+LRHLZY5p3NsulwNO2PcPDlINYL3MUFaB9MlCJqN9cunN3f3B7u7m2+cWP1/Jk0YGsXzp155KEbLzz35osvt5dWzj/++ESwgwytv4iVk2dkLsgDrYyjciEZl3sZMdLWz569/cYb927fPnP+fJIkhst0mTbn2hGYwtxOcat/jPC2DK23nvYeL0eJrrSePrFffS9sJmvnzyA9Db07169vvvkmEqGHsrVzZ8WIFZyD2CpzvctldCyjpOs3KkFn68grRVysV/jcuIfWmM2P4zAbwEv3oKAivJCCMylJZmcjKKEIENqQaVSJxVtjYgAAEABJREFUNp+mJHuaDiivg9zCSgzWBJQKXtEOrnO1hQSLIwFwQSpEa3QWJnEDVdFAGYeyMCg7BWWOlT4ODh6G26t5LVi6LN64FTBPoBCb6Z3rQaHcW4e/OHbgCw3QebHUCNCvq3tA01dQHGjMfq7HhHpipeS8Ek1dc2f/rcbQAlUoaMQXrHclkZqvTo7quqk71QU1ZNT2VC2yatrUfG0b3J3UOpIrRzXSNpuI01k2K2CmY7hKgc0FmBTbqKD2qPZ3pfA1TXzsroIjfnhSc0rn/GDpHZQAYxqCN2dBdDB1cxJiYAnvIaHcAdzdadZ+wF1iX/yqSA2O1d/cGb01c8YNht6ySrH1ADFLi/rWfVvOFCqje+ERxosgs2qR3CnAZuPWzoFmS4SI9qEnosefXP6Zn21//BOwcAjvvzybDnnUrH17ojNg3shaOJOTLc3igddevgvCwTSH1UUrfXLAq0PzrE6utyuc3JJ8euFw0sFLfxUlKz888Ft1xw94qW75QQks+urIYd6e1eHqWO3LOa/0p0axZxNilaRZbSKs7pY592xOZGKBSzVSD53SnE44wkq0YIJVDq82D7WMsgLdoL/ctFahFZxIGoOibtxjTA4/aG45wQdcfZ8iO6wwMbT0W4MPjEUTd5lnxXHk9DAzH9pHlitePPCDO9zdxqCFE99hza1LnaJLa9Aqf55xfVifHsq3XAlGhUpXSPNGw2E6nQpparvZWe4sLTXbYe5lgzEfTXv3tmfDcTac+CmPpMuMuN1CFEggdcm5NIM/GnvjaT4YClEeojwa8cblc0ELz/6HooxCozqcDfaGo+F4LES3OUz9IItC1m36y10WBywSoth0OpyIGLPJWIgSwySKmrEfhdKOPR0G5to6AkipITfqJ2lxG6TjeDzKKNTbYRS2Oq0oRmcppA6Xvne46hbJnRX0psr1hum5IuPm3Fq5jrot9zN34Cb0hBk7GUIGTY50pM2GLJ2J53ESN9stiThB9ZM8P0nLI3HGOXUTgQ1M5xHyg9linNiM1qyyKnm1jiXwQUnD4pBTJk25SAmwdmSTpal5i05JkkQ5tZFGKwwOAKBefIf+X/BbpQcAdci+fmujYR6q5d3Sml/mmFHhFowlpYASsKHMmpAvHxlDAR04ajECciKjbZwoQyZOAA6khaQbUxKCnKTSnAloAI3OAWpbmzlBPdevfOkxk8BIWgGkrHQQvClLCXqSUY3AKR5okgdK3u7qHcGFXFQHtulxnKDYBGgZH0En6FUHvRRhM2k/HL7UbFK2zlJbYDik6igjZAxafJEjRzVOhi2P4JIYIVniH2iMEfUitZHpLDMCoTQkdDsbRzmZBJ0YRJGcbgiesYVjmqprgzhBGAURaosFncEKSx0pHde3Gei5wBxgE7UDNqy0KIPdITtFmnmYUX1T9KSTq6WIjtJxTYNUp3EDWwFOBdZ5QnECA/BCD9pGKIXSw0Plji7lXDTmUQLXanruUIPDk1IEvnBkhhs1kIlxnBIdNxyx+qa09SsLP+2im2bK1UqreSfJPOUGAWWmLzOHM2X5dJc5CxJ60tDERyx/ghpNEOmRTRFlmpPnCsaVSwSltcXvnJXFcHaM1QoTnWZxfO8Ru8fUaVIyAJUF0vNZHGVoPykdj8fROJamC3yJSJWgEo8ZoITNj1QGZJFILy7iq1arNZ3O+v3+eDwRGr7Acf4HxRXU+OxQCnY5gbWxE4/BqQxLIjtUAEGT19bXNje3trbutzt3L1w4L+hpSmsbaK2p+ZATD41qeCRMLBWqsE63ce78+gsvbd26eeP8hQviyzjwPvXRj7z08nd/71svTmEAQXM2nXjhJEhC1Uag1mzuipBLKhzdXfKvGC8SEow4AOa7jBTPFzyv/5YFDlC7+XHDgqwZW2zLt9AgqSETZWHLQnSZs6pxGV5WJQDxDZI+iF8xySLRhdOU7eWTYDJp+6OmH3qECUVvITFORt8Tq6cEEOCylSJKSa9ieqljqHtlSRjiSExTliPPJb1gKUhv1ojF6Iwg25+kuJIC6uRz7pGIVi4hgOMOl3eJNaFE1WpMmP2cIOq4hGcKhC8HGg1ajCdtIMmSCV6WzVLfm/nIo0sXepJTCLxAsBpphs4vkKWjya7GraBx48FA1D73WIM1EXeCJ/q43VwyiSrxFL1xekyRjrpxcWLsvinEoU/eoqDWE4+wz5LsooOizurKZDgc7PXEblbxqdJmiWJfFX0NyKwfDgVIjdie1Mu0dGgbJCwXfcXQjWUUewCG+hZ5XHeDNb9BGJlUVayYXS9AUqtsOhsPhmKcJMBCtP3n2Z2Lx9prK63lzmgw3L+3tXt7c/XiBbFtvvjY4/vbm7t3NzffuLV25jxEQc4yFnhilogCe5FvIFqFMshChkHQaIpN/PLmrVuCvK+fPWusIMrtU2H/U9pyWHkHlBOHEwpv27h6Z4Ta6ivGwO6fJecleifw26vLjzz1pOBXrr3wwr1r10UCYrvSXV1ptFsSb06njCTaTm+GbLq8ZF0Ak0W3oLwi31iUoNQuK4uyLWwRBaJFqNY8NZZHQLN2ruKac15Y5RjTMhRNWLULPw7WNglBHBWXS3SCg4MjUQAUrk1bUD6caRNulLObCIBmg5lj48QWkRVOtnHQZpkUxWGKjChgs8WdKE2uo6ME2wVuGlDqlpLE9fBOrPLdleQO7ktmAEOV/Czbd2x2125KmHOrXplumvsRVEc7d/ELJjaNgEJrsEL0YtZOptVcaAgWG5azor+9Ui4HhwOiLZJCsaYHRaPiGd6EVeri1rZUHWpGbXhM76HUDsAsqXUd6SSgsnOIowPcl9mxuro5qXFrfKhqxMYtyUHtYh9Uy7lgn518OCTjY84yZjF2DArnECz1LSat2tvplHnlAQPyqysqm0fDyuHIs8TM6EoMzubMPz5HK3MQ4StEKJJNZ2DO+9aNwIoGo1TKdipqC1nAinoAVlfeimGm8miu0rnCTOCF4vHo1kvswLXcXz37yC/9Kzh6wLMLN1/OHv5gofiFvzWBz7k+digkeFiK/MEenmyEujgn0iRHDuykM56f4PGzKjBSFeLDKr3P3q7WPJlQQ84WpKR1oSRJ5zD3riCDdxaA0if1TVtSEc3J48S7hdW0DbHxB37EbEz3ouajakJsztsKNsVNlFU/nRPTpHlIh7OaJ8cZI4sxSrWLMmV62KeVp1z5nzkgsMNesZpoTPMtpiMcdpcr+xdul1vHOrbpCwJ2MhBQyocV0qELRwHM6zqmcnVQpOK9ywRX13z7ktyM27jGUYhWpdpEaIbmnM7gmUxIownSAoqIIWRik8EoHU2EKmZlaWW51W0KbSr3h1u7k5390e7+tDcWiUTMj5tRHKJvdhaFIEV7eFhQCHrzVOhc0NvJdCq0sEsr3fbKUmtpKRfa1TRPR7O8N5nuDvo7vamQDTdi3mx6ic+bEeskfqeRCbHcdDKajIeDvtA0C7Ec+pRpJn4USFm1h/JBdRBRtYXSQQpxJCMJM/dDXyiCxbdCsYSljIKkGaM1b19FIPlMTR+DQrI41Ixb1YbKsTpRuGl/k44tmBOoy0j3P51MlJEJlBGxuNMWgvcELbI0seTKmgWx9bo4athqKYYlPubcLz9BxEmllraaB2BNQOm/C22CdinQZ8LM3ObSWgbZAiGYiTl3Wkq8WgAw65Y0CMJ5gSxpPwbgNjvoqcEd28OuJtuW3LmWLrOlaY2c/KpIAiLPkpFRjUBOAVR8+CqQS26lN9TFUPCSXKUpQVJA4BuTkXHWU1Kuu23rllz9FmEoqnbOBpv8NoiBJn1WzAhUoQpEBggIvWXsgKgjcLluUrWdMS3pFoAucnkwj1wFiRYIETIl/ki3RKjEUQaK0GOFo7R1J4aDCPEoa4KbZBpxQnagqb4IN4kjX3uZosGjaJoeJ5SRhQdx7g5Id3iAQeSQ6xzH1xKNJeA6QXlAmqybSDUXAmtQqRbHWFk5JPRXDO2f2xIBadlw4dHjW41931d+lNA5AF5wbftGN6/nqTP/nJnVXm8v1WKnKlKuHVRCaQbVUgp+6LZqscArqhk7GY8b2FFMqhBiQX+pCkA3+sIAF9+5gefl3mSHSnNOMGibHmAAJQqIS3/IYpAyvFQcTjT1ZAW4KS1arcjEMB9PkRwJDgDdhwmlIFIk6UgLIR4cXLZYA1DAaAzoTYESGjJSKn5gV0NdEaVmFissR0MDgkdJ48hLZzyfiFk4Go3DKJJ2mTwkRoK0S9wJ6GPrrKi5USpG4kGFKrHVbE4n+/v7w+FQLOfdbtesRuZsccEGPuLZyO4LWn3JZmnmpwwP3L8Vw3J1dfXMmY1XX33t1ps3V1eWG0lDQy7JfprFMnPE+cnFQrEdYvFORfRz59fu3uve393/zrPffv/7P8zy2cWNtR/+7A/eunf/tZtbQq/KQRC4sR8ngmjn6B8nFFyf0asxl0yotQy9R2Sgpq90q5HJP75m9jhYZYztBTjloMdd6b4usOpn+s1bOXUPDy6EJIeFRhzT2xE+5y1w7buHIRqe8GNZHvrjnO9OR/cns048g2FfrPi+xMsHEfoRkf7vpJlF8mYnE+CaufPkRBEpiwW3wWIcm7OZL4aK56MXHTFyAjbLA0FYxGxNPS7G2ExwOYLdR7YgBy+QI02OGgSEIgckMjfEgEm7iAimkoRBrOtobQxN++Co5AqIhd97aKkFMmVvDW3zMTYSazR6LpHMn/TmQv9yJByZ3q1Qu+UI6s+Q5qE1jsRre0GkdpNahyIZRnyklCIUlEYF3pbgcn68juM/jWA3vEwTWKKfYgx02t21tclwMsvGzEwq2crKUh7zkdsUN7k0kyO6wEsduzGavSPqjaNOWvicziRDH4By7APS0o3hFahYiwDd1JkGRsOOW7RvOpuOevsIlmK+2JiKba06/YBj2OOT7OzDV26+/Npwr3fv+o3ljbP+crRx+eLmrYvXn9u9/fr1K4881j6/lqO5Jy8lkGKYByxwOWkXRCKGtCC23eXlQW9v884twZevrp9BW1YSE82UvQTdfKU6nH5HvzWk+90buNajyvU39+Kgtdy9+tijYrC+9p3ntt58M0vFvog1Wy2FU8PRrk5O5NLQUw1jVk2/QsuVUUU4cnnhgYOW9TM3NW5ley4frApqbJwQOqPo8oUVzZAogmJ2AkqTQHwmK7jDAQ1HUYmQc0gwxk5An44zwA8Grm+dQqmpWLJ8YCAYVpFo9boqJZfXpUws7sQuBgb9Umh400pOczkYmGIzskN67bD3c/Jb/Ovjh1pDI/aOLzCCuYYVQUHECpqVAaefC+mZZlcoRwsyKnF/BasncLRQl1rpwsBd7PNjZFSfn30+TxFf/hpsgzicsjPSC5unKj7EjFZmq1Q0dlK0FA0O4sS0CTdmi8ByVMW8TJcUWCxbjEoucGCzVl8drw/syDt2eJCMjxMUDT7KtC/SYvsQzLpzmEzm2LuouQPckoFy5Mr4OssUp6wAABAASURBVEbyNsxrqvJzdrQ+WSD63KpXaQavWHuqH/96isV3XoQDQ7679frP/xG6Xvtzf7H7mR+ChYN3+0ULOqnnVhYKxx/iDxhOJGN1Lmnx+MfO9UGLy06tqQ9I+QCGhhUfnljx3rbxpAI79ssjBTvr5zIXalLy6kN9yatveF1OUNmF1kZevOn5gU+O1oXljSqrXpcjlMxTVJOsJMvsc+f/wnNWjl26Z4UCzI9c/3WhKqz2u8PSOUao4d7ruCF+9Mz4vHpCsaXA6DXVA+40BXea3UCmnXRsy9ExNlN+UsbqLaTuUKYgJsTVEudBjDM3pjULPccYcwdrCa2i7bMwKNWVlf7OaYb5wWk8h9XmjiaVdKVkPYI7ukfgRtYtv8vtoahc6VnxoZCgTgbD8XAkxLYrneVzZ88ttdr+JOejGR+Mh29ujnb28/GsmyQo/he61jj0Ql/6b0+F3iQUCh4PRqNRf9BD/Efkx8vt5dXllVWRTEdo6YXqYDacTfZGs9542h9Nc55GUdaKs+UWdCNoBBB6Qgw9Hk+3tzcnYyHIBaH6iRtRs90IkxiV0QRLl4p1KwmUNrOpo0lWK8TAYRxE+A9dtMSNOJBnF8mpu9ob0QZJjZbc6Qdiorln5RKOjJH2MtrnqdNvOShbrqrdtd8T6giLJxB65cl4MhmPhXaZYAroSCaOk4ZQ+DSE/ovcszCmTWLIkcvL6lOqKZU2N4Uk1RacflDyk8ITSzwJVKFBFLlxi6MseUhcAtkCAbIUIqEaRlhqEtEZ8TpxqP2VwdMFMDNQ6Su4NiViSk62JcwtFD2bkL8q6jayfAF5plIg3YTnK6BJQCZZQvKQIlEmzBRYzSyZEiYiAWASmqWsaCgbJ1nGHfCFqbKLmzE+dEyxfTQBbnWCGqyj7SWjclSdNEbnFbNsJs1mqKwzgpgw7TVI5eI0riLB3Kh+oGDgxGhaZayclC0eHu8lFAWLk0jI00M6uox28bGHEcuSF8A0pV7A52qoAHmWMf50xCMDMfEDMs0vZkrAimZpbFIyFU+OKi6TBYMyke6VMj0fuR6pme4vV2JvhQ9yGybhUbL3A98YtvGo932vNG6VPhkskSBtCIHJSHMqSjIeD9Gpx3iCeCBDjbWARmtj3f2gRs9wyOsZtJoWrg0q1WMxz4ulfwLcyPGT0iPC+ZWPXc+zXFnehhMJC7TJglwTd0FRyhqGqQ97gB3lwgEbPDdsDNM8oOan1ErI6Ii2D2pXnBOqjJMOj/gpMQ3IxpKccUIZjIf9Z+PpbJqKa871AU6eaz2fhHgw6TwDg6dz1IfUtTasWN56NFJQrpWOg+TS4ziLBakSjEKWElh3IkOUCO4mIhqKcknpacMyYCSVMa1iBqg07CA0QI1mQ+jOR6NxLJZ2wTBJuoDGnYy9I/2LhQA0yECaCnJ5hpAXOMWAzmqk6YUojNbW13Z3d7e3dna2d5rNpiivxFQq2mAoMyNLApqVlDxYKkj8cDq+fPXCeDK78cattZWzq+cuiAXzsSuXvv8TH53+7le3hrNZ4GFvjwZxK2Dor4gr6zCGpXcoLN0qtptrH03SjJ0E5pZbhf9nneU7LxBzzNQBaGKZ0LMMhPk4ze5NZ83xOAySZDzxpS+TENBmWSCX9DziMxkkKldNdqYQbup/wR2LFVi8StEsUh75CAsTKvzUy9LA5ymfejCFfIroFeC++CjIkHsLNLcvyoIQEwm3zwBXbhpZyhsfkRI/RNJBSHzQ5xAkvs64ZeGEOxHjcjIcYkkaDbKvSB58mJxjjKAuOZFyYjez6YR7g6HgIMW/uIlsRFHNouqqFSaKL4S3JThU1TBZ8FZNPdNoiuoAos/E4kK4k6TdRIzSNJX8rt1xyabMCfnNcXBwaRGUDPfpZYy2xpgey7RbDUQ5T2cQIVDarS7XBmYWX3kLSG1i58jKV55NxnkQh1HSQFduMzH+xMY5hACXGTEaO+vLS7trO7fv7d67f//WnbjdEQzm2csP7W1u796988rzzz7Z/kjcbaGpHC6ie2SB0V1W5MgEaRoGsxMPxSJ06aGHX3vxhd3795dX19IZvhILnyzg20w//zMNPzio/STxRmIDkvgt1nnoPY+K2zdffWXn7l3a+K2dPSOEHTm5iALI0L+SMSdmCZgKCt92QK7yp9gth3fSg/KltlR1jDKzHnZMhhaCoXczJMDRTmI1LkBRUiXvA4vqcCa5gYzodBW/WYMpYQVjJ8r6goqjhIbcFgnst8rkCTiOdSz/o1ugAJTWBWWOCwpTM91ojJV2BTaLBXqlGqf4RBfHAtArn1hUQX1+rHhQv5QXQNmnUE04fO9UkpG6b6wa1RgU4WoaFEyS8JLNjgJvWujLSlbOx2pkGDsaNrbbzbo1iqY1DN6LF4ESOh0GNeqfRXrZLeuRggbl1IBEnOTKSSs9PoeCCRMzD8G5AbvIskJadcW1aDGVQ5Fj0gAX5iTAq0525vS0k4v1ZQ5zcEOFu2pRj9XWD/Sh/d6E4yfkjrOaV4bAlF7pXqj/iNmzAgwqULki2KRK0pQHtSPIWeY1pe7P+ilWjmvntYzBFuvpOXPSKA+KRMDe2klu3rlJHUCsa3I8gDA4bQSVcW3nql045yC3AML+XTgwCL3H5Lmv0PX0xk/BUYLXu7MQaTtqWAjEsXDO/IjPjxxOpQ1OLxzlcKD+ZLFBPi/Cwc8XXyLfheGoRJ7VXprA7V8GZcowP7rzxOXQD2l1F03F56ThPuXFj8u/pxQqO1SmnzvXB3xd+qrmDatLHurf6n5hUCkKK2fDnAQK2bP6YjOb/OmEw5bmOYEdmuARAyt+7ralvjfSbrB6A7ch3SvrNwVAH5FidnzwSjR1oXPUMk4Akw6znaTWaBeMUux8cCpWGC2srtyLt5fTuFXWKEVP6LmrPi8VQtYAz99LGbAUf6FKGtVAaMZhlmaTWTqZRRCsLq2cWVldanS9cTa+3+tv7Yx290f392E6Cz2vGUZC7Cs0AEKcyyXCAzW7aEAhEyri0XQ4nI1Xzq5FQvHSbXc6rQht1Xt8nM2Gk3F/MBkKBcR0zPNZEmatCJZbfLmZN4M8ZNlsNt7tjYb96WQihIpxM4niOIyFSij20EKJPJqlqBGn3UauTDVyfeQaraFIqEqcNITCBy0QoLbap91PrrcSjhhR9UGVcFEzHtQ/WhpcbnDqDqZhAaTSFpUSDxFuMkGf80LqLTRTSSMRBRXCIjxcLY2byFKmaucphSIaTlFStXn6bKoHFUEEUwfYTokTcmmmhREw7dpJ+gTJXF2+EZuHcjCQTQiDy3HhJmwxZoU5fLBLPpg1nkvCXgUrMOAMAkaUtkZM+2FRoARlDEjBHQjShN8qpAF6igmkvoDsbKg0KUNtyIR8o4CxYiItEgk1GiVrbK7oynJDFZgOAOD+2gvCM9SBThjazM4UVoO6AA2GqO4AJQD3aNvnivCYs+NRBVL2FSgCr3YATSPGlCGTIIiYciKPlk4ISKQpt4Ri5DlVzgCA3H5GzxLSCgvqpjPV+JQPDRjfwE3kL0NxuwLZuGZ13KBAM0TiSJckWyQ1DnSUnSg1SHSpOA3OTJtOIY9eTJ6FFp0uNK2+tK3CZMGoccgKTmlLZtwb6Y61ogyuipGPhyOy5qLgJu4QpzYqI0tK1MbIlfGnSCJOORx1U/E2hBoEXoHCaMIK76TgIk5oaKqpyU+AGaynrmVZAmXmxs0Z03pk+4Uri1HzALWsuULYMRLPi7tZOhtPhK4VbRdN0eCS+E9wH4jV1FyVqRpzOR2Hk9aMM8n5q9sAcH1/mHeB81ohlo3BEl8qpHkcizKnmTKqRGaHxD8yoaTajOAW4PCFDivmFkUkLahhq90aDUbTqeCGhqEMmWOIyS2SdqOBABuyeoaH17OMOdDIEw/G2Yeo4dLS0vkL53s7vc17m61W69z5swCOoJW5/DL3pW4GxyMatZqJbm4k/mwWL3U7gd984flX3he3OmvLrcj7xIc/eHd77ze//A1AbWo+HQ39MPJjD09fK3cYuucrSkci+llO5k5yafxKLp56Prvdb1AC1QFxusHkxk8i2rssyMUf8nlvmaULOD88P8oEUxtAFvH9rH9nPG55vCHU3l7QCGezJIt9H31T4fLqR1GIVr/SXHrnkVwOKEk1084FJIocR4FYRSOEMeGZ/jwMOMR+higCxG/R0smJIoG1mE9cGnHQLEOWG8eXp1ELqsMQCCLRrzyzMFKZABpUZBIxjZaaZEF9EYeBrxxjMYKX6dbIJSMiXURpX4YohpVuVsT+xPPRaahniJe2WAYAb/WQroTyNrKkuDn9ScfAmF7SW1jR1QhC85Jms7W8JJpxMhsgnFlBIIE6mLCKSD2kQTqgxgfzr7ABkDb6cLkS3T0ZT4ggo3ceXVGr98WP80MXYca0dlpx0LSLI+9RyJNPx6PZtCUGz3Q88dIsQhoXoO2dKIBpvrSxOhmMR/3BGy+93F3faHY7Sbu7cv7cYG/rxqsvrl0+dyF5VEwUuZHypY9Wn7hks5MBZEnlGiJ3pxLln3SWl/d3dra3NpdWVpKkCc7ODexgY1XZwWmHt4F6vxuC6gi9j2Xa7mKQxCvnNsR9mMRvvPLK1o0bQrgwnYzPX7kcRBFunArSq4pEavGmLm09CoKrkwsMahWbRvhSI84grRy3HxMQwGA6GNPqSabjKKvHWoOnndsYsYEtB1PpcwVF04hH7XtHM0cKUMDNnoJBDbjEbOyV6ps52jy64IqntTIpbtEveh0wMhSbk/zh1mXPArgTlXyh0VnxRalXeKmnwKiGWTn+HAMFtlnnfPkggTsbBu5Uo8R2sdrPDoqjYnDr/wVqbSE4w8fAWeYWo5BLTRlqrG5UIkI1JX3LF/y29LAap17JXIljN2ylvUJxp+q2kpmO8kt+DGMntmsqnWGmDHMV5mAeFmvEDWGocbIDMGc8zYlSH23+h4eE+lF7vIQKg2zu1FtgTh4QpfKq/ED1Jq/5EA7Mmc0HmRSluKXZVp6nzN3V2oe8jjaU7CfVzfr5Ja9rpXIKOk79+GCFAoMlQiWEFs0CPf2cBdNJ6JC5XsinOOicueLOI1UK5s4MPxvBqQUvHcNxw2Ej+pQDL/2tfXno1/C21+PBAzvROhQZGn7UxNkpNejCiR5V4PzA68ADJVBZpHnNTX2NeO2TIpvIK7+1rw5Is/iaHxCHz7k+JMzhgthhn7ADYzEov2b2U3XHSjHL8BVw4moBOSwU2NzSsMqTeTEPC8dmfxZLlleaoRSh+pBVuCGo8IPlBRKKhkW41UnYVucmJnNOatI2krQmzOlepnQRwFixCpSyRZYontdJU1WCmU7QA4C5/c9KQ+k4getkCoyV3r/JoE8SF4yL6ohcydw4GE08/maoDcIwnQlVEE/zRpScX904s7Qa5l7WGw92evt3Nvc2t8e9QTOMESERhmjRQIg+fJJdoMlrIdOdoP2OMfovDyFZbcUr7UZHaDAwbCo/AAAQAElEQVRaQkiCxxHTdLI7HIl/Ig7nE6GDiAPeTmCp6S81oREKkaEQmox6/f7OjpCZJO1Wo92MkoSsSFAddD+RGsI0MD6S4mG0Bx+GfpTEQmrdaDXjJBafk8ULaYmEtu0YX9o/8Oih7UowEVSn8ppDYNJbvTtupUIKGDhHUJgskk9udPDY9Ei0zVjUj9TzsmyIpwlCISISCuxQmclQwkxFaeU5JZc0Gu01KNLNPT0quTsiTGwt9DjxBdZaHzFoGBpREmLCqeJGdEmWRaTOXiIRPDWzXNhErZyTO6H0qlAaUtxxM7S5BuLYQtKHymOR3quYrF3vNq6PFfo2jGPf2GYRnUW2aESlPHLEzlz1MCaS5daQhsaBSSwL2UzhxnmKrTU3CxSzWg8JjjEYBaqqL333gDUibts/I1M6EtiEIIbM2JiBPNcNqKiBzNAVMhNxVEVRUAeNh1F0RjWmMekioTtoV15MuCQJw1jadcYSioEtSo+etuRs1Z1CwgALOjEWcRDXI4jQhKx95HKCEn5FOV2ixjcAFJm5D9pEjaTSrCCtoHoQ/sdBPik8kDwaqhoHCqPUBKosuc4hN10S6oN2973AV7gl5kgrQU01pieouzJhebm2vENKB6HVnkxlNylvOqB3jEbUzLR+3Axud14wdYyohs1Sy5kzp/hR2dxDgzMrTXhHKg6YJqqmtIViHsSivrXBbU8DSqNhA+DQBRPYQmd+jlEQ+1dlaTxveAWmVNmk4Hb1RGslCO0COanFIJUYuNlMTG3pIUtiTVK00ZOpwpM5C80iUS1zxaKxsgiWGeWfjg62O+v90QQFRIiM75F2WVZHXEUsEnWYzqZBOhNzcTYVhGgSjkbSDFmgoXnE1NksuZMml9wEFY6IVLvTEfO6t9/r9foE7LBtirFtuS1gAs1hybUkzbLZTCw0cGrTiVm4Imu32hvr64NLg7t37t6+dbst7rsd7lS2yIMzWl1xgApKzmdx3IynQXepk+eTPO1de/W7j4aPxEn7wsb6Rz/4gdfevPPi9RsswbeCAUpwkUD+kWyXuIUpGK1iRGw9s67KieARLZRU0YAu4V0XDM8E7/pAXVaGnqBxCZAWJOSUZLknu1cOpxDZ+/0ZYtlb2UxMvLHvT5NkxuQCC9KSWYjG//J8nNNUzVnGlRNKYlNoVNKCLZIdp1OO9ttYgsj0AL3kAJrCyESEacpnHNFLzNdrcS7hdIzmWk5ORtRcoIFn+QBPwmYzztXarBggJl2AMYQk5Fy6AMTiicjhbIoUQ6LHNTeaSRMbyLYgDIYTIA8h+4IUwmgkXXhhelHSYMTbae7MtqeVNLC3cbHixmo9WNb/9HNVfw0dRswb0WLf664sTQbDdDhW9gLN4GB20yg7UfapaH7BkhJ4iYYBM70KSl/IAftF3geRGAAB15swo6ReyDSI6SgmCV2u1MLEOotyzqajyWgYN1u5z4M8F7tAHHge96MgzaHRbS1vrIpxtX938/a1N5740Ae9Frv4+GO9vbs7N964/cbr6+cuJM1O5jNpakesrOAHkV/sEUJtI0qBqQXs3KVLYm9w98YNcRudTUB1YhGxV2Ec35Fc3fd6sMIbINmNepBx6bUr94KwtbJ0VcgRovjVZ5/dv39fUDkxI9bOnm00G8y3nj4BLF7KEVEdi5Jw80OJFJ6fTCiXyyIVOJS5QS2L0fpMV62NsV3gBivYVVCiPSK2VlNt7Z/IawBtAcl1mkMl1MZOlKFEppVyZiPNmItC0BlZEkUwBYeu1LQuKcO1olHt9xwmWJk/oWSNPZZya6oiWRGAjmU3/HNa31SmGG8OesSYYpk3tljBVkvl5YLDqDIO5sUrWrtw762pEq7HikkbFFgQgLmzkLurr4M2sgnWFVP1MRQi8MUPD1SKQbkzqGsGZV2uNp267PQAXPwL9QLcd3XlsEJKgKKxE/u5mrJgJyVzD+WQHt0BgzFWfKj6wzF2wgrFMezKAWU1E6/eyY7ba+bm4OE3vzWOEx7k28WCO+sOmoGsZFip0JGWnPByypbWFTOFIuGge/vcUJhKmebSlsIxxGIoNqMzPAv9SUOpDlpmer9ELcolqV+mDgtlmmuqMBfFV5OFS5r44QUo131espUPSkAUdeFnMzi14OVTOP1Qtx3nsGDgR/5m4aRVbF7/+PjB5fHhQcKBX7MHS/3on1fZxxqu6JDwYO0BcDpS2bcolIiAwxrNQ6Dy8g13X/C5UenBnKmzyHjnjuLjxOeHCeyAZw4bx+Z/yIp/mf3UvGE1n5kHjJUel8WyrP4zmxerZl9fbFapTm2XsznX9WH+umI4xCqLq/8eI2iWgxVbyE0fCtyeNRnDofiVbkP9FSv+BcV8EpPPaI+m4pN9ZgUrYaqTuASUEFsqzyHJIulonJJmOuvS+GCsprtYEY8wp8UYK72pROOadSgPxTLPo57R/xWVpH2Ya80vGjWh46OcTAtMxxM0zQuQJI1G1NhYWlmJ22EK4539zZt3elvbaW8sGDG0G9Jshqh+DYUSSUjOhBQvBLSrwCfomAdmY5G0lwTxUjNuJY1Wq9loNKN43BtOesNRb5SNRGZo1TeLwqwRs3biLbVYK+JRKL6fDkd7m9tCICbqFsXNZrudtER2oawPWb0nx+hSVID6bFSpS4milGZLw+tCQ62d1AhNcYSGuz38jEnwBqm6SduTK8PtUCKjWgFEuzFGqBSmztnyUl852yhnE268qwih+XA4QpjNmCxPCF1JnETd5WXRkuRthEm/JNrODqeOMgM81wa5S0I/biaDtkBflIJyt4APrtoopUBAFqohKHPRSulA/lts3lR0iRhgzD4pS8PmB3aI1RPD86rIZNCE0C+kKCWjKsBYISluISKcfOhIiIx2gpNbxAO5jUHkgy/kz+RFRZZfasTkFoWwC5my6qKMo5CVEZWHwZdg/uowLR2F5ab1CtpT1W5MB3ykPexQMMdiubajgwrdNCXkmRpvsm1oCHmKGjCX/2LS6D23vqL4fG5JfSXbxSOjL3jY2CPQSYwWiaJEYlDAMzoXVuL4hDYaCo6XsNipdr2Bf1B34xm/RWRAJeCOn3qqMx4/lnclhzimJQluhKacJKaOa7s15NjIjATtRMKON/dWQozCpNkMpC1/6n1p3YQ8aWmJkFcwAcHNiUTQplbERarwTNQ14hdNKUjECdhCF4YBdwKlawqmki2uG1JvyyCv2zs5VXZ71Lwtx1+YWyt9e6rqiQcjZTTy89oXJ8KbPmAoLd9QvJnbrLUynRMJCmTBDc8oH5AVf09FMOywcuiFvrYkM6UmOoJaJeYym06RSKZTJI+EoTHT1nP4TQc3JiYbVz7juPazc0CQWkXmLBk6pcCuh/aHOSQAF2AvR3dgcRzjoXFp72SMHnaSKMsI7AZ0Gr5AhuT/hp9XJA7poyhLs9mcTabj4Wg8Hvd6/RhBeaEgAV5RLGwbkBWweIKWC84IoHC+D8DJ2emlBUK5+bj22SauwtDvdjqXLl7c2tzavn9/d3ddaK3QzEOR7ye9PNVUOfZiOTp3SNM49B+6eunrWy/4QX5/e2fl/nDjwhKfzZ58+PKPf+aT9//JP+9lE1GG2bA/80IvBj9Cbg0Y6fkRqKRyI422ljTT+mR4IwByGiFNHaipAegeBRM6wCqM4RIKvBssEGooDmOHU4sD0zaS8XdcUNL3SoMVLhw1Cphu8Zx4xB5KfLsadJ5c+HOJCWNMzKZmazSGe8N+MJ5mwRiYn4RRLN4gM+HjX8kAIKaEo3klwWUoV4U5EFcEuVplA3kbIe1J0WkNLsw4EtIwEVNa6GBzxHnMIJWw1nwmIfLIFQJ1LrGwZPdHECsmsetervFM2iMjLauS4ZXLvafRJwhBxcwlb4GUDhlGP4hjIw3BWRYEgqqAYsO4RKzIHYPg02acjZggPQEaAPRD6Yer2OzcIYl2Z2i4MQAOsOBgXiQW05vJundMl4wr3vIABv0BWQFuENCGCHFPrQXSvIfkt7y40eysrqRik7Xfn04Qx0jofV0TQuZSw3ty3+hLB6uiMz1pW4rUUoy4c2MpCz32TISk2wtjz9BoaepKLl5mqdZ1rRRev+acFdSVnNaHTAIzp6PhZNQHr8nR81rABD8txnqGHt94wFrL3fF4NBkNtm++sX/5Umt1OW62Vs5dHO7v7bxxe+fKVnt5w4t8L/dEbME+QybtMTrQaYlyzyXQHkecmFONZvfsxUvfff75m69fE3t0sdnnjn0/WRXD+6l57tTN7WhW+Oq4gTkWqtykTpWPfItD7Qp+6CdubLnFAY24k0kxJqQpgl8RooQoDASrde3FF3tb92/Kg0XrF86LYYumUw0n5JkWlpgp72TQyhWRyJEDK6oyq895WdjlwN70F1zH54oDdBqQOTo4zaHp3HjhrVY+W3wJOL9KKU3/8aqxEzOWXXiKZmQ0CWAAVneuV0vmWmDgyn8EFZczt4rq0vkLLgli3KBPKlO1jDsptndd/CPEK3Yc1PvdsAzyQcCUainL4YDVrjJUtPR3ngDbgRoU9wjlZGE+T1R46BzdYXXlq76yi5s6RAJAtmvmJXL4bLPQqqNOzNra2UudLitGcqogL5ieUfXGTvTUZLbtS8osCygpl6zQ6sZHi7FpAg7ezEw0tbjYGc9LKMpC2pVW4xXPR+WCVD+qNn39+Fss8ON+eOzACpwNd6EPpVfuRXHeMt0LdUlrAkG9x4t0wvHgVfzA3pfYTlZczSoikdr+OKD/6FnJ2EkpoiL6cHAq4NaCuGWqiorsUnwOh1BeViFTbsHKn9SH2lHuzGT72BAkwwQ6AC03kbd+fNaGutF2ahkd9uRo74+R5WEv+VvSFO/mwN6S4fLu7IeFpvRCIC1ec1PULnD7ywuRCq9spos06Ak3ennrxqqP2dxPyhes+A2rpMucO1bOppJPJaJbuEqWJo/ahOqqtCBpP/UVoC6D46w8teloVsQkW2g/24MUz2ppNZ+tECemSzkoq5qg9ScUX1/r/KwFFFbkR5QtE66yKw4JJQGg+2rfQqWS856XQ/U1L9oFrA4Pkm2YJlN79rygw6Iz9agPyvDFbJpms0zIYdvN9kpnaanZbnoRjGZ7d7d3b90b7/a8aRoxL4jCsJHkHsw8dM2BtopztGaM2uBZNh2NZjyd5DMeeo1W3FrqtDsdIQ9MIIJhPtufTPvT4f4ItSpCPBILaVoctBq8FfEknGFK6Wg07m/vjno9IRtpi1J02nEzEZkyae0YlJzBR80TpxNj0qJGlssjhXhuNo4TP0CLC4nQEyURGsUnvVeWO0J+rk0TOC1nuDrDWDukkaQGNP4cpkaNRQdt74laGFMKpFfu7e1JgxNpGIWtTqfRTGIsGKqx0VgCia5RgpnTEOSgfY5rCsLN6SSHEOusmVYkFRZPlxOHohFoXn9ijZVJdO1awkvXXCn1NXJDLRLcgCJ88HOFjsAm90g8riEyhdT0WLXsc0mR7VaWvWKWGQAAEABJREFUhjKBJ8zANto6AAUGoOrLa9+gN7j2w6KAJtK7CmERUmWXBT8MwgCtaggtgPiDOgR0wUDoE2owiW4B65eFk71sgn6kubKiodz0cO3ZRwblbqVQvcqtQup4Pp2KdF96eiunTWbgH8KaaDMhmRJ+kV6AZF6qobgiU7luZ9pA6EtQFYJyYCq+EJejziVAVYsQaQYRgXIYGYDxQyKPTPW1MfFC/S4zJ/MHBJEhOEiOcwW9zDBlCAc913gE95HGZaQiQAvGTb/KylMFmSk0M6J9iUrJJfRHdq6cleJJpjkeVUumt1E8J30Gly6UCFpE1cKglM5ob93XQgw1ZPXhByslIn2ubBlfuhxDXyJSlz0jSw9yyKWuzykA48zI/rpLBYeCooNpZBvoZcwAU9Su0t1yO2gGOKEwL6ljZ3EweKWaLJ9z2piXhG00qR071ZpEHJ9NqhTGaeoF9p8m93IPlbqJO8yK/VqJL+z9IgWG2gKbX0+NYJMdUyObWbZK5cwKo9I5WsSJKMvJSNwFOuwTc3yG3vTGY56lQGpbLq2LMNAriGZcmCmSpiF6zWAaPQyGyTEnSBV756kyq6WTuaMgsD6WHK2pyo3TKgWCosVRPJvNyJCRIOFTae9EcCENSfpz6RXGbUWP2DBl0sDRJWgS2Go0Jo0GetgZjfb7/aWlbuQHzLG6DgrEoWqfORNbFEDQCd+zoBN3SnBwJGuHDgJLr2wHK10r3eQ8iaKVleXz58/eunVra2uz0xVs2DJCZJRFFukrhMvKghwNhCqQhFP8w4Uy9B97z9XxdHp3c/jaa7dnWXj28rkwgo8+9djW93/s33/xa9sjocbNB5kftf0EQtHIQruPFigEA4cFRIQBkNUHAmZyNE+QE5/Fc0Uj0eGOp8B1udEvi0JltPY4x3JVp8slV9IAr+Bqq0JialquSncO0R3OYe+Zw4Sa9wscR9PWzA4MDvczNyxCKGRP+7bGrPaixn5zpYhioKRUQc6VZk63veiLECHrUXNPrILTEZ/OgA8Tz2uKsZ6nwBJ00hd4cSMRkSfjCR7fx8Hh5ZJL8Fkg8e66W6X1GzGt5HjkvtSnMhYi3ITlGSrjp2L0MpiKrc9EcEponMeTMDem5g7XjBIG8k6Sk+k8HE3SJhInBkFx6p7kE2RliGUBSCUgRmwBpqOxiJpkWRDHjGw0isLgFJnm0kej2jB6yrgc+tibpZPhUDAbhF710JKkBxZTTKBUYqBpO0tJcKdvF1rL6iJ5h0VkNc+4w6sfexU9aCrp/axZ5ojAKqiPtCuJ8CAuIZB+d2UZZrNtyYIDMZqKSKkyAhqaoU9wnCirNr62ZADE2ylMC00VjUXPAolA58qbpSK8mpl2ti6OjMKwJrly6EPLgfIUpRhXuVams+lk2EMDJT5kPM0YDmAxyAUxhYAlnWY3XZ5Oxv3d+7ffvPZQ++nc4+cuXdm7u7l1/cbN199YOX+pudYVvDLIAxi0Ewjl5oEGGJO+WgUnHMhxJ6ozHAw73aXLjz527aWXbl6/HqH/2TijkalXFLUwqHoVOtkz6+ZJBJpyVdwJYw8wqg4Mi6R8glzyg4SCFs1j+ji/fKVf46ZGUMNGfPGxh8Tt688939/euXvtuh+HK2c2xNYFD9woLg4Xbo/pRPJ5hxaPVVTn+oR7jrmGSYBXAQlKQGNgBZp1lsyqY/GXE9eoBhrXVkKUsRPQ+jQCjSjYiqKzsuG0oVyDKXHYYuvIwxHaaM26ZZtlfIUJMYp7zfFaTpcDs+WjQpqYpmAAugQ0Ww1bbLYIpXbUqbEqF6Lakbn7EVbS6tp4oBrYKSAUszTYGagrhL58ANyJKoHDDhdEo/VDu7xWVe5rTvDbp6aHOZQ8wnCLkVZ7MxeWQFPVoklKrxabL2YzYzOd/2Fd3HlxDkniwMd6R3jA6WeH53VM9BRjmdFjRpJuISOxMpMbFGQENCHX0VgRH2CyNp1njVTQQ170EWgmKC8veKqQvLz5gnL/HTa85j9cJCw+Vk7nezcU5iYrgRdZmS8qDj/m9EIpTbBjgJXoGUAtTYNSyuZXh/o+cX/Bmdn137hfc3ZCTVgc8E73OJShZIoJbNkcOygF0sANOohVWqt2lh5edTObShfufKGMMj/0stOyR5ILpZQp0AKBL/zwdAM/xptjxuVvR/2qYc40PbxsbB5jUpfFg5SnwKnMf87diVmL0H4L25vVXZ4QKVokmOUYCjLimmjmD3ce1EdzkismXbjm9R9SJG4e8ppP4eA+O6D/mBNh3pbRAg/mvGPF1GqjsEp8N1nmfF6JXkmWlVM3z1k5xcogYuU0Dir8iQ88/gBpcrdiFFg5gln9WF21uMN+UFLPvO+VKw9vXbk6ungFOt0ATijs7Wc3brI3by1df/Pscy8+LXc/jPJVGRc7VvG5TC27lSmnwAzmK8Unq4cAUDdLy43lPFZ5VgaH86w6/ZXPGSmuxFOGXJ7jskJTFNXlJLbnMJvMSM0Z+VEzTNbby92w2ebJZLu/v3l//8793r3tpbgRRs0UTwyinWkUa3kskyoGIc9Np+lYyI3H6D0mC1FavLKx2l1bQYcxQSikzun+dPve/WF/jLgQP8libxqB10zCpQ5rxmNIMw/GYyFwHeze3xoPh812Z3ltrb3UpZ0Gl5p7XTtPIk4YCWNzsjYrhNNBGCUNkWHSTNDUQhwKhbW0vkB2UXJSRAAo5IJcnL3imDPzTp9s5OAqehQHyDzqTnP40Wl/D23eiv9mQss2Gw2Hk9FIXIhXQjHfXVpqtpqNZiOKI+WORMn3ZBbWXbky3GB0qby4RSuKwniRZjrjRA8qHZ+bJ0XqaTZvnqx1mZ6bTLlpPCWW51LqTrswTwp6bVuRvXOuPAz4XlHLQ7LeYkaOGtAWrBxFJkl2PpCz1ugQ0GVz2ge1h3R+mwa9lZ4Q3IQMXRAwSPQRz5WNEwIKCA1jEARxkviB8nlE+A+3TNI+hwR1cIUx0nY7lK0ThbIwJkxy7uyTlVDbyHhLslaDOKHgvrWtQaZNcqmwUKANhLmk0xnGlIgy3bRMD2ZFmEii5YwXeVpUjupMag9Nv1NWmlbL055SlE2uc/BfhGgM0dqm1LqPtbjOIEUQZZKTVRksXqYMfogOUGVjvgT6+GEcRVEs1JGYirY3g2lKSpVLaaALLyoOEyWPEx/OENsxIxwQUy2WS+EPjkoD7KB+Qm0DIzPJVBRf+vTxycgKWW0h2q7Bh1wPLpoFlhfgufKtocab0JqNxuPRiKxJ5ZkdbIXCu9TIKloKKmwwB3+5/YjnTuWZ0v27k5xryzY2nWK7PZCAXdHHQmqLJFga+Yd+UopQEIbWUsgas0/ueWle3Vq7HhUWLMbcWM5NdXWftx02Y9Imw5WuTcviXLbzQUKu28KMHsImerZ0asCr4a0O+EOuW5uZdQtoIZGDm8os4iKyairxVYIxmIlFMeXkyionlyie7g6aUaoJmG47+YTWaBVJDmPH9Qo+9dS6jFBUWxapa5NMj2/tQlmukU4MM8qO5CW61uRJR2jgyMwJ+r5K0XJBlKBazkIOi2HejkSSTqE4b7Q67dFk0h8OBv0+8kXNlq/arrDw0Q1BW5h0HoP+tyYTn+eBtrPCDrH6dVgwJeWFwpsJLEjvmY2Nvf297a3tpZXlRqOZJHjMnytYn6J8ugF1YmLhDCR3maXdbvPsufX+6N6dzf0XX3wxaoSCqxRs3qc+8pGt3d4Xv/miD4hORvjAbBp5IdfgI0wo1yoIbrC0DMzqa33R5ei6RS9pnBsNTg1Lp4PytAf/OSwQjkpiFKdQfWb2cviTa3GppiCeN/P9geftZjzJZ0vBdGk0IT1UzH3pFzNE703iwQTXTrEmZ4jzzVxTknK1B8JqJGEofidp6qM/LS9R2xU/B4SlI6s6mbEcrTGmaJEvU3s5XP19uTXy0WUFz9FIkVQ1koE8Try/tKyYW10YV4NVDkNkHH1fOs7JZ5MpMYSJ2BA1G56y0gYsjCbpiJgDnuV06lHwUzSsZ+Mpg74sBsStZsgSURzisN3l26xh7kYaTl4IcIRQ4FFOODC93zVKO/e5UwAPG627siy6dTIYEhpcl0ZasWIES8wldMTP0qnYqnG1PaaFTTFOBYkV+sIUHFsmhiIxW1wyn8yzpw0OpccOlVf6LyZJHSYveO40m47H0WQSxBFtU7HoKfdZjhyo5zfanc7abLjf37xxc2l9Y+PSuQyiS4881tvcvX/z9q3r1x5dflpseqfM80Pf7G3QrKQcdJ5S9nEJH/RpQRTRLl65Muz3b1+/vtntXnnkEfxEoglzOS/ksPac1mamzXMt2TilcAqj6O0MJVb7QWpH5LOiSpIbV99PWs2rTzwWN5KXn3u2v7N388VXR7u9jYsXO8tLYYT2aLlmuayiiJ9KP/IF6ZGsy2ozubrUvrzUbsdBS3Bfvse0QpgrTAc3UBGuWSM3ToEiWwy0BQIUTJc4kcy3+rm6GY3RxN1+f3Dr7tb1N+9s3d+TEhKLNVEMEOguUcfuwdF1u9mSOSVQxzuY4T6JInDlFFYlZbkrCz4Bw/dr1pexC5cvPPX+9zz65KOr68vtbrvVacHbHfr7/f5+7/697e+++Mp3vv6dm9dvgKszLgbN2ut7Xv/+GKE0/NQKzdWieWFt/NTl0eMX05UWbzeg1Xj7qc14DILx2e97d+4137jV2tlr6Y0NMzvWUuCOBlktkBWdstMOczehlbZyb5mbePv8udWnHl9++OF4eSnqtMLW2z/e8tEoHQ7T3u7s1o3xte9m25tQMssAxS2lHgOmYrx4iFMxdOww3ImbTjGU+4vDjpe8wTr3vKU+BFMWTeoxvm9piHnaZtOlfHiF71+AgU9KA2e+LTj3qtEcbr8czcoG6+ITCfSEjPyhx4ONC8nZi/HGOS8M4Z0ahHxxeu/e9O6t2Z2742uv5mienQJ3q2Xi1zZpqblKcVzeUlNLXhJsuQg2urgTrr7euHwnuThk7TRopgyxGmrZoB97ss3s6zmJeJhUDpHeRS9G5i0uUxI/7T4vpPnX0v/pGXYbTifkQWKyM9WHkwv7XrYZ8q1A7NBgyvjscGHgqYcwAyEfSTJYnflrE2jzEyQdJ8b9Nc4vLz1xtvvIRrwiZD1x2IxKHFcOlnNy8LAla2z2eYl5ckpsUyhwdGorrIk3sNFgPOxNdrf7b7xy99Xnbt29uW0SmTcND2iJaiudSLvNeDzhjRlrZWKr50WcyZO1TClaPIKYa1UQFlKa1qejMvTWk/s1z74le9EqvnxrYsrnTMd0tExyY0ebY0+ocyET0rkRH2zxvTsw2i/Vu7Ti8UMnI6+956UH87/k1YdXLp/90Psef++TD62vLS11hWy1CW936PUHe/uDe/d3nn/p2te/9fIbN24X1awlLozZp6wcBeqYinICBWACM/8X9iTystVoPvXYY1fOX7h8/sKlc2eFSp6i2F2Se1194lyrhN1pWnx7aHWtp98AABAASURBVApzU5apCXn7nTubN968c+vWvVdefm00HDsN4PJ09aH6ltumOSiO7gi5jEr2bnV950//hW9eukILwInBTSgsdf2lLjzzVE+MmjS9Oxz+tZxfgQcIQvnbH423+5Pb2/0vPX97c39Yg4qdL3NQL6r2S2oaS3ZaabfA3WRow67FlWQMIcuFHgXLiYePM6EHEtogUcIkbmysrq63l5PcT/eHe73NvXtbva3ddDhOpNkQ4m188X8m9s9SO5tJYdxsNh6Ps8lYcCRh5DfbzXip21zuCH0tnkNL+bQ37u/sDwdDIfWdAh5h5JHPOonXStLIS1k6TqdCGzscDvd3t0V6ndXVlfX1pNGgakh9lFILyx14aiwUEMMj8SVBnDTRbj060wnwSUj6iFTDEmgtclqu0F52htqNWJ0SlCtjJ1p/rwzhC/FdLhVUE/GXIwBgNhY65uFISIEazaaQBojfpIEaK63Aqz+S6vamm/kDyqkWCeXKVvS7XK8AymqF9j5DLmbkSU+LlHAVyaykCdJJHlKAmsCc3rEPaz80mkElbVDQJVvyXAtmjVEQKrPoIzH2hNQO7dBIGxWiZjmhC0Dp+7i0wE4ID0oEbenoxOXh9Jxr7Zjtu+IaZNpKKRUcVabCuKjDs8xsPEiLQeyV8kJDvmkQMSNtq5Dt+crQLQ/m+qPVXBtzKnS+OovLpTF51R7a8kckQSfYUGTv3HymwRaEf1DWaISKh+MhZWluhJxrkI0ZbHapUZVmZUKya4LjyWOmpwqaVrPr4tyoFdQcllpaRHqhCw/lwoZrz0FKVuhK7gCUQomSJdskqlKIq/HRc5D0o8Qsm+Y0ZCUYWIrMYiZV16Ik48Ewk/6DKGuaO7VD94CZWOhHXn1/UFILzC9KtTxyqnFOiha56ZQ75cBweDRepxLhxesFjtG9BYFrjk1Tj2J35/b4PZxYyxdXnxr2xDlYxMgcALaXxmlZcJVOQBPYTPqJkLbTUKE3nUzHE/FHwvByaZPCkbFo0+Sg6SqYV9qug6SCrChqt4V0SqzO/zuNiTGJhngsoCkc2BJ7zGUMVLaKBiD9FZxEQpaR0EhSNplOgtEoiiIiCgDuJ+qmQDTNGTr5UCSYJEm73RK0WTA6/V5fsCrSIYhnWAm3StITHHU5UorpDEL5SFBdIOGOswPhD3BWGWV8nqmJ6g5R9mardXZj4+btO73d/f1OJwhWKGvdZrqJZXwf2byMdrNhGEzTzPODM2fW7u8Md/fHk+ns2muvX33k4W63Gzda3//xj9+5v5fdvD/igWCRoiBGGKAXEKpKVgTVwEzZNCGQkS+vaIPtSeQJmZjIJa5YbNV1T2gFDWMlVhgO3K28heHtJzinE9zJ6LqsYtYwoJl8lpdEKICXB5FgnPdzHnPeHs+6wzQQM5alfpBKwzkeE3xGHiE0NcvJdBiA2V2bPxLD5lKFFF2XhOj5yc+Yl4VI9yTXhuNVLM20CqMHMA8xa5zmFcvFOCMGTuSUkT0TmRtCwdAwhsRTKwsBRPgUk0ccG6L5OYGv0ulEfDgU8zxqJMQgg6hbGGaC59TYPcksoDcVaQ+Gz6Yz5o0FCyJpluA+AoT+qR2hHczclTRU++A/lUBk1lBiL2o082WhhxrNJpN0it6TuDY9JwOdKkGuGv0k4gZ2QoOgkCgaQ6KlQK1T0vvjjEk0PdEWhN5Jj6tmBzlvZhs/qYyEicqaHmi1uBK5ifTFjjFM4ihvchyjTGwmpzkE7TBPcUwura6OB+P9+9u3r7+WtAUpbaydP7tx9cqd167dfPXVjYvn186uMyM6lIsXkx4wZY192uow3OqIDXI0mUwEqy2eXLx6dTwa3bt5c3V9XZB9svQobfohtMuuNNwcnGGOac3DTSsdNZwoo/M9F2oHmUIx4ZDEDUu3denJR70oeOWb39rf3J4NxzxFQ2Xt1WW5juKQneWZFxCyg9r5VJSgZmocEK4sdz51+cyZZlL6kLgirlk0YxCDu0gRx7ilaRhXfgrgwDVKOgw17wziBKzBDfnbiMVcDJe77SsXzn7yQ89s3t/90teeu/7mHVCSXW6MnVhnOsBcuajCizC909CEwwH86PysZRMAcMA0YM6rA9hdL6b81Aee+rEv/MiVRy7BOywIaZf4d+7S+Wc+/MxP/7EvXP/u9X/5D/+X57/+nRKFZHZ4GOMftaP7AMpaIxSFOgiBG56+MviJjw6unHGxdO+IIESsScJXlrKrF3uf+FBv8z776rfXbtxeqtZhkWk1LzhjrpzGQQYcOKw8+cTDP/a57uWL8A4LHvqCb0Rra/DQo0uf/szk7u3el397+uY1Igo0800T2k0ZbRcKL1XgdqbW406c5Jzv67pJPHiDdb4VnN9hb79WrBQmLJhAcN9rvgbrPs/PQv9SvneF7yWQHvxhzYQ0VJXNN0lS+5l5pNuz8ciTa7/vC76U/r/zgxeGycWL4p+4zoaj7X/7r8bffQWOHCwvf5CHHWZ33O4ALIVXGle+tvTxQbRuXhsOs/BErUhmJQVaK0tYT3dd5QYYyRx0ZiXNV1tPPjM8NdBJ5xwsvIPmNVdzwx0/fSlJ++E7bn8+8wFNgAawHaevtqE1hceGwfrs7UetUVh68tylH3uqfWEFbDNzsEwPkeECe2SGsEGK6OAObeBOCk6wmBVWiaOHJMZJWknSilfPdR95+sJn/4sP3X5z+zf+xTde/c6tQloLDQ1+1E8WEWKP82Y/X84gplPstDXVrKGnOF5ekJnIc+GaU6SZ6DnPPfNLuBPznFkWkkgL8yrtzJQ0RrwMYhYmwLqsew4uvI+P9tJbzyH6pNAgrHIxp9143cNyvxfoCBRS5FBM5UPvf/xn/8APPfrQBXiHhU67Jf5dunDmw+974o//zI9999rNv//Pfv1bz72M7yqAkeIdKz1jhTdaRmQSqrJu+tZFnFB47xNP/txPfr7dbFVz5Q73ojdDwJwnRmtZz1IzUyAzuhQPQOPNvQawKYOTMrhYFnnc8cqVi+KfuBZy8n/+S//2pedfBTdnzbYBwIEMMD/ovS5JVcZAzz/5fd/6mZ/fRScppx+CoNft/p9m6Rfy/GfgAUKn0zizlj9xZeNj77nwW99+49996w2neraec0YilGMW26/M2NZtFJRElOdq/GRS/02mF9D6LkNjHNNpigatUcveaXW7jdZKqxNlbLrXH97b2bp1RwgrhIw1QOmckNmi1IJxKSOWG2wvZ1LjLZIZz4R0z+diwISN5OyFC0Eccd9PpemISZrubG2PhpNpmkISQByKf6wbsVaUx1HmsWmeDsejne3tqVDrhFF7vdvudoTWX4iWUU+F/6Wq2kq+wKUojJNEVgil4wQxMUJHFOIBYvKIQfOUzCLoiUTEVgkAa6dsgT4aFSBzZgVjlthKxIC49VKp255JG/zpbLyztSk18VFnudvpLrfazUBK8OTczaXuiM3xCGFXq5rpsJg6dk6yFXa/kgGrnNbL7aFi+osoaE7eZLid98SLamW89GBjLaifjPDQLESuUlYJkQ+rGnPARCjSl4fXM+VDBwNpGMVIEsOHNBoIgPAcc/YacUJtIf3C5Kk2KyJxHgRoyXVB3XZzykOshHroKTvdEl+iUSbM1Et9SMpUxVrJ812k0JUGPBC9IRskV9ATLASTJVQpqA6CRRvZWO9harKRmJ2aXTQNWjSJFOJE/kNwCFVCjhbjwUuNmUxSHnXwUnsdUtZH0owSl9ZEAp8c6ChnNOqcm5z+uYGM2FVHDy0ydo6OvsiWjHYwJE3XqGYx9bFclmwRifLh8iys6Sl05oP2mSL0fuUrBzqqOzjYsWfIAvOcLqNo5CuHe1JPgWRhNhkLRRJ2XG6hS55UbJVnpgs4oD95hWkzoxEczuwBiENteGsk/wXVpDO1F/yKbuj7arTy4K8hudWF4ISbUZdkXqC5wksEzr0tyA1OJvADb02gEW14SmfuGfGwlmYoRUCuMKzSmU42ncyUESM5B8mKEjNssbxgnqGHQFukAqujplWxf4uIFztQGddTlZBzjBxjeeR3D689/6//3GdBT1SZhhlAVjpJqZopmkoIGyrw0MmWWCQiTxJEzeAzI750aZMtrd5FMAkZEWzQeDIWyUYhGnPyyKi7k5CZCVz68MgJ0iihcJ41smKseii+qFCUxQO1ldMapmloURQMzXCEVhmkqadQ0nrPtJ/mAbjqBrlOReijAcQAkBdsa2t7d29/PJr4XrC8vCySjZMoiZPBaLzfH0xTeaI+SNAxBOGLaMONKxgv7mqY3ido+1Sqt/EDTaU97XyEKmWMQ3h6vVA04WD3OrppDmu8g4ljDcP/QGERWnziy8BRA2PAioyyU2q7+qr1VAmIMBKa2EODD+BzIYbxBL8ceL7g6gWTAb4HPsP/crG6Z7me8JrF8RxJFtk7QcwWcTAITsLdgLzJpEwFn5A/HcXQ0nZGDidufS7oEjs8mVq2wZBGNPjmmZGp6k0wKIUX02ua3N+Tl0R5rMijfQxXR96Zw9KSqlJtb4JAUBuPaQNrZhPCSlIIBtV2Pq1Q3jqx0vO6rcVJFYmVE7SZKj6A+FFkAmeSy1eLlxmTDAxbILsNN5NiFHgFKs6UrsnyFtT8KhPPA72f08OjUsJSqblJ2eTjbAbkGirhhQguieIkiMQkYJJvRiOZtMTGSVPws8P9veloIDbscbuJ+3Hu9fd3R7399vJSu9NFdtEjM1/crLvEZ3vYLNLlJ64mmDXtdog137xxQ6xNS6urgm4zWzvPEE8ozGs93oHByfGItTu3U+JBT5u1nZepIVwnFqyJLyV8F1sNQTCXlpfjqDHs9Xdu352MRoKUJK2W2tJonkcv5LCKFnygNxyCeqELDCcWqkmd77Z+7LFLH7uw3gollFZNFOXSRgskCjZOwCHT3OEKdEuA86ki5VCxkmJYCvmt/lXZy/VIAz5sCpy3mo33PHL56qXze/v9Xn9QVnOoEjjVVHMceEVpUQiuBBZ0ecGl7nYZomePPvXIn/xLf+xzn//M0koX3vFheXX5Yz/w8ac/+Mzm3Xv3720fEpvVPqvlpVjdH3XjfmBuHrsw+lM/vPfDH0qXWm/D3D9qaDXh8YeHl8/v7+37/WFMD82oYGD3H1BkNgt7pcovQHG8FW7L6ypR+aVHH37vH//Zq5/7gXjpXTDegnan+cQz8ZWH072drLdvNmAUzG7CbbfKIm5jAiu0s31bGZXVcXibtf5D8NALwdkxe+fa6qAgKF2PxTeFYB7yM3w4j+47C4Ne/AvPCyPPgsJrXpfTEP97rc7aD//B5U/+0DvZtMkBQRS79eTT4frZ6Y03+WxaJVaV6jM4kLIVIjvrQyEas++vJxd/de2Hv7v84Znf1GulgkYa5KXa/zLmyJXMeqPNamkkSlFAprTd5itwdBXcOWAzms0+u/2bsFhoft8PNd//gb1/869m1xYC60we/yxfOrNIzAWlXCJsednXW7PXG9kdgdA/AAAQAElEQVT0HWDX5NAw8+Fukt8P80bGGvlhC9kDCwQO+L7zyMYjf/TjFz/7nrDToC2Mxi4UQLU6nXoLJU4+zP01vBkUU6ikz3jhexsHCrgK6Cw13vvxhx97+sL2Zm/3/oBXKljMq3x9cDseiZ8Y58nObG2UL+fcV3ZHJCnw1LWxdKLlDMpluDpOAADa0omUWmiLJgDA3F9mLJ2AVmPUp++VnxRspfhx01+76i1d4NM+TAYL17J25PGaq0IDc+dRGW701JNX/+pf+MNf+MnvW13uwDs+rC53f/BTH/zge5+4s3l/8/6ueupwCZqvcFdJ5zm4i4bDodQsvAVRkHkuxAE//4U/8BM/8BmhzoLCG8MFATgWR+gJn/NbSsGU2dlOOXuZA2yfVFM2S5Pj7FD8CF3j+z/w5NnzG9dev0l2MiiOKUXdBbPcrKO7cNvLCA5ZgTPR0kTGfvjHnv9Df3RHSEj6g+xbz7Jbt8H8293NhE6g2Tx5wJ/vvcj5lPP3wQMEKY/0kjh8+NzS01dWXnhzZ5LiGXem578ZYk7lbdOYIUaBFUZmNdinSx3cUN0ZZuob6XuGlJ1CD0T60Ol0OhlN0slEKDySRmNpaWV9aWW12U14MNsZ3H/z1ubrN/pbO4nnN8JIVMQPfZTsSlsGAR08FdKuHBX40/EoTadCZdBcajeXu0m3FScNVJcI8dY4HfVHg/0h6qEYTHxgnUa82g1XOn634bUiHvjj2WR7Z2fz7m2RSNxorJ05u7y2hnJm3OZLcxFAsluQinwEbQAOUqG84qGYS0Jt04i1zxpxE0pLxEzL+LTRdtNKTI81xe+5px2seJyVvNiqMWoic6NBlw0wHg76/d7+/s723va2uGyKllhbXTuzsby60u60RCFJjS7VRsq+exGRUJpAzClVfX8vGFwdOTijqHTtPCw8J22XmwInEYpkSHFg+IGnMBO+FqZ5C8vUFmWHZNZKf1Ttl9rAikdtQZqLzuRhRQIlGKskUguWoGkT9Mkk5LsROTFQ/eH5ZqZyC+9ALIUyc6I96rg2VEjh4MxZfeGpYSDRFbTeK6yJ53IOOr7aEZA7GmUUhKO7B6ELHAvV5ZhMm6BoneyFcGWuAxw641JWZv45wTYauFsbTr/oRkeCQsjZUNRIxFzDthJqyIgswah0OB3gVA0FpK6l1pZeNqam8Ql0IlpCzPQoSchAkcwhcME3uQ567HG3QRV3RKWVDoYwI4n9SqWZE8d+pK4wOL9G+oDn5Alq5MWNJGk2G60WWjSQvnXc8hQHJKj+0skpTzoZgfmm0/EU+2g0muKBW0TYkAqAuWOYylaZ9k53lGeJQSTwnNe8cj9fcBZWglEaHjy/4CRCacAfPy/VsYVH7tXJFPdowXZuzTsHrlHG0BjQCdMqAbu7f7B6qNnPHTLAS+SAMjRsmX3MVOmolAorQppTBEYgiHU2mc7Go+lojIbLxmMc9mjXh/w6ISUBbmYgmHVPTh6l52PFAGqTJUsJzje0kCvdn0oClB8BxIagdhfnbyj/iVkcSJMnvv/Xf/azJQ2A0b+As0lm0uAVk640EF0oaQuX+FxcIaRQTNUDDFtrqScrdLOKJ8okKKbghdJZOplOecajUC027nfGpx49l3QsJ0iHr1YOu00tbAA4HG+cV0cVA0YYQFHxIfoIHItlPZFBLAXWroOmTkyCY1Lpso5Je57iFt2uRfFwPBZS8+lE1Jc1m80oDgWftra+Ok2zWzfvirRnU6FWbXhhJFX4WvAlbWTpxQt35qQBcpdGfcfV7Ff21gyvxhxm2Vk4qI3fLtDJojzP0bOj5N9u0ImZkHr7zMm2BFdl487WhqtD3KIvcP57ufTtKNj+0FPYI/STGYeSxeC+BG2I78Q2hhSHTEtIMV89i5khux7xB0ybgcYMPZpSTKE4RGkyRW7NbDIycAzG3pLZeCvsF+pufaaxse78JSkOY0xVmIDb2j8ouZrEb6kJcrkn9MgHChCIVqfnSYNyyGNLyy6eoZrM/npQ4OltMU4xlPkUS+3otoaesBMukpug6hpJ/jzqYFAWESbjiVyBCIHkMTNKtGsnbHlkrzOdpImgek/dykEiWTe12oDGCTHL5au/hT+lMldVBxyYWUqkJ1jxyEd7nQlIszniHxqCkiYAOXppTQb7e6O9bS8OOqtrDMVJ3kTsQO9vjYbD5fX11TPnZtlMWsaRexX0RCU22hJ66eNoQTSoWH143mq3yaiJYMfFtaD4W7duiS11s9Wi03LcKCpU9ej/koUAwx2wBx94pXHCijuo6ib2BPM67XB62alhyuzI8sNALMSCPEmUp08ei2fY6YB2YMMQCRSe4uIeUUkhIY3wV4NOVJFh3s2DBUqqFYY/9vils62G+1xVxHIyjm0SYjfsj47vplyycaJTZY5BEvezQgo6UZrjliukFDRapd1MNtZXrr15ZzqdGYIBCnALmunnBpdtVXP6rc6IQ8VAnTJ2Anol4RwqTMzSSvdP/sWfu3j1HXfQ8+CwvLZy+eErz33tWSEvMw+LVWNw0DBjxeiVwTnngVnSl9qzP/X7epfPvKWz/sFDq8nX10Zv3GjO0oBZmgvuX1bEP5QHldsUzmcO3wCVlO0n0VLnvT//RzqX3mXjzW93wjPnJtde5UJd4XJ2tvol3AmUibSzLStENe/d2O57+WcI4W+HD+167zgDJwcFxu54nU2vdZHvBzBnP3nAFGWLxCqNT3uz9uM/23z4PfAuD6FQYKyuD1/8jrwrEe/SjTteCiOP1ewU6zhK+Ydi7vudX1//kVGyoVQf3LFl4q6W7ls1hs0ZItobqVMBzloFvO4rcMRY7j5or3X2x1//n4PFCO3RQCeMjT/0BeYdig05wi54DPzrzel+8HZvnI8YhDqtF/J1oXozMn8tm6uNzyvveE3MIzRC2G08+kc/1r64DHZsOZxNTbqWa5szvLmbAiuX9pAUWCVOXeqss9K6cHXl5WdvjcdTJ+XCBRypIeqDUZuVH2Y82J2tSgMnQD50mKuSUGJQrXUwYlDzHFwhgBbUWp87yokO6EMF1fQpEnOFu276zN5QBvJHaMmafns137sp5C9weOB1g3FOSxsCUxiSrhEc/F1Z6fzVv/Azj1w9B++qsLbaffShi1/95kuj8aRA743UGEwzQ5k102/0yFAPWYGhY6XkzGd/6mf+8Hsfe7xQGla+ZlUUiJGoQJknLKXAmJt9/a9JjUOJ+yp/645nO4kBNjbWzpxde/abL+hM7Uel3JjzFvQ8AYdNs3F0VuaNebK+vv2L/9V1+uTO3ezv/P1PvPjSRfPv2e9c+uKXL21t9598z9jz3HapD7/1O97mZn7xwuExAafsy1n+UbFVggcOQmDYbkSPn1/64ku3S8PHzGw7cJiza9DDSHWDbaCDsuu00Y7OnRHBW+V6lNMpKpgJtZDQA+XZaDCYDIce+K1We1UiThLuZ3vDnRv37l1/c+/W3TDlq51uIpQiYeALzbKQ+4aekF75mCZauoBZin4jppM0T4WIo73cEQkl7WbYiFBFIzIRmtb+ZNgfCcVrFnpZK4ZOI1jueK1GFnijfDacTfZ7+1v3t/Z3tgUX0Wp3O92lTrcTSa/Z0qiKPT0rDa6TGAyVWEJ6JkoWN+NYKKwbQg0ulOARngn0yIhIDsp0vqx2gcQxaVmKVbS9ln2rSIc8Y/6K7gl5IOSZ/f1eb2+vv4//hGpZCIc7S93VM2trG2srayutVlMovOSqQlWgf0Bm/qWcE+qyc4paoBFQQlEcGkp4kdoPWRFe46rDS9pQo82RuAnwlF0KOkeOij6Jz6C10pwyOqSAdQU2lIMuCi0PUA86qV6AkvMTIiQj6yb0T9yjxQ4h1m00Yol4iAlxEgZ6YQZdU59ypEQywk/gEUoy4qN82RDUpMzk2EXbBs8aNSHkSeDpwNwztIVGYaUCzCYTVREyrKKP0gKRE2ouR6qmdMvFHqmT3xKoS/2jBEXfhuisCieaBGQkSSOR0C6p1lUFpn0NaAU6l540ZLNL/IcCnUjECdkdkcZNgkS2fyh1uKYRQEOdjFedMgeruSXVKCpxCWSZIrSF/OmQSTnVgno5No2ltQaZRNRhBZNmQ/wTdURKEgaerxlAVpiGpitBu0AinJGEvGRC6T5BDJr4N0YF/GSSSbhJnruCR7dz4RihqlesVTVWJ+A8jWSZCCxQLJcYwgOEAqdxWEyHOtW9dotkNPf8BPYPxw1qjSk/LYzoMp01oCInBljm4AGDIRB2GNeOHHJeoVqV5qWxb6FYFIKV4aAX/9CPDmFNBF9BcBPpsAxjeopj4bRVdA71k8rUc6m3W0d1W9yFMWm/hPgkpjGj5ADIIauhT3aY0DZHwBDX4dE5AQSdUEOUllciEUQuIVeqbE+CTsgVgiC9gpiJWkvwXcy0XzRapzQGouB8XfN2dCsXN1l00TT9fl8wEFEUJUkiPZMRDeX2ghkoDRjbbgQEsTvJcu+xuvG2SFD9atIgd7KiUqKygsT2er3BcCQYrVarpVwLWZKq6kcw3Jzj0XxyAySehjFahent9QRZFmouEUMQWHTT44Gguru7u7dv3EmFqjVIxIKMufoe5S/hSQj5BGUQzDOEH8iNk4YdmJHiadNhYKi2HUwOfyAL+zaATh6YDC0y/99+0Akp/TT5lfJIbocLgN3O6Ge4VEsWWY4dQE8QDAIEZ4i12ZOchhga6G7JlygMmg+gtweGjDHHlJUx9S3U7YIdYEotyGk8celmR3yGznYk7sOwnmB8ATm2CK0pE0KOk7M9sBTUcFeGDuhXSoZLZJ2IBplyk442BSlA712aqMpYyNRJixdgyBmx2ujdB5jhj0FdMNXmzExHW+wHXjBqQynVUi5FIn5KJSmuE/RXjnwJJkJSKS0nTUbjPJtRLNtcYMV2ko/M5K4StA85tQajFRp1lI4BKDP76pcpIzcAdrPCTe2LLcR1eQvtQsOTW8kIVwUAuT8Ra0wkqJ88VRFPJmMEZ7eaKaJJgnQ6HvZ6eZq2VtaiZkuwnFHgCy64v7nZ6C6vbJwF6ZETpKE/4pIlzoC2bOhkB9HQk3G70xG3+3t7jWaz0+mIXdCN114XrzrLy6HchAN3rVbT+PdsezOYv+LwA/rr4G6tRZbQDFqcWXxnBlZgvE44WXCIvyATgvcRi+RkMlleWw2TpL+3P9zvjfq9KGm0RL+HPlcHJgl0wlcjvC+CTgqZFP48cFhN4j/4zEMrSUS3StapbZwQC8TKNk6cc9iKTbKBF6yOW9kpL/kLYNpWiokBrqhVp1O0ccKsq0T8FTzMYw9fvvbG7QnqLaxY3KVJ6jk3y12pNYtid10sKEejP0xrANm5C2f/8l//xbUza/AuDN3l7oc/9eFnv/rtYd8OsyKXVNdYUHpWPwZZ4U1huIrf82uTv/JT+2eW35Wko5Hwh6/23rjZnEyR99Zrv8PglpqNFdrI4esLEarxWWEM423r7JmP/KVfzeLAlQAAEABJREFUbG68K8eb32wljz45vvYqH4/N7sa2HiuPOL2+2BTcDcQiuBNzs+vFvxo+PmAxvAtDn8XX/dWNfNAEyTsdMh9ryFaVOau8KH7BWPO9H+1+4JPwPRHClZXZ3v5s825tO5VGUOlarxxFbl5TNxqhHOzuid5uRqv/y7kvTKNltZY4PqTsWT07gOssncg70F51tNSJm3w5166mShoFZ91Ub/0ouPXqk+k1WCAcCXQyWX8iu/oBKLRa/YZ3wW1wz+NfbE+G/tu9az5WmHlwL8rXp17obHytJBGOExb8qnG2+8Rf+P7GWluzTg7HZRD9ZYsmbpxSD7rfWismTox6GyfF7x02rgheYAW/iqzVSZ7+yNWXvn1zNJwAzINCwGK8QmWnc2DslEdb47UcQjl19P6ROTgSubck/lYKABg3+4aCjVUmd2P4lmyZeBpxIn9lanSOWR76oV8tQXPS0UnLtZ8sqTAnF9eGCmNh4q9dTXdvQjo9uEG4vSw8L0cAyya7UYp/8ffShfW/8X/4M+fOrsC7MCx125/+6Hu/+q2X+7i9MttmVqTq+hpcaq37Aiz74TIs5lNnOVAJfvojH/3sxz4B9q0m/8VfvV4415XfQobcpsPn2DhxrzkclrIqoaOhLKUGsL6+sruzf+f2Jj1htg2LbQHgiMagBDph4OynTHPp9mRq9uT/+//u242Gcvewt59/9euXf+onv/oLP3/z93321md/4NYH3v/GbDb8xreeWFu9ef784RTil/7FQ/1B8MH3D2GBgDOTfSXPf3JR2nNgELKdViI0q+yVW7uMOc3taqbtOFRNwZgzAt2xVuyvUlhqo6WTu2NOtpqkTlSqRbMcVdWTiRBPCWoidMhL7aW17vJqu9v2Yt6b7L559/7N2+PdXsMPWlHiSZsieEJYqA8IdyLUBoJqyyP7UoUsVMppGIfNdrOzupS0Gp7U7qwsr+5v7+5sbs9wS85S35s1I+g0veUWNKIJZEKc6sfhzt7unVs3hvv7EXrkubS6ttZut4Wwy0j8yA9QStYpshlBSegEc5xE1rpJIo0uIGIAqy8UycCAzBNw5SuEcyhr2Q3TZNqt2qSMubOYmDEJOMGaTwf9/t72zqDXF0+SZnN1Y31tY31pZbnTbTeaiRAUm6O5KEBmoO3iK980zKwATobF67l9fIDMqhZB4tbdLDMKquCgTKD4rflKr3ie/quk5qTlAyOxL8BBYIEScl5RrzpkAwO1FaFHTJEOUKy4VebS0wr5PEKgxmxGIAZRfqHsQ5yB0KIliZDHkiLPIaGMtFeEFTCADxVmmQm5+acMcqjjkRKEY4zbeNYYiMWdMJMLFdhztGBOLUBaVcEpIIEmEldB0LEsNUpt2kaoHcAc/IHpTaXVZmYrAXrh1x6C5C2iMQJfiL6FRDpu4CxDJ1bSwAlVTcNETF9zMqMkGkPicmZkkWWGDqekMx3ZUCJptBgvTcuIPjCmTdxek3MsS5U1mpw7QxcM9ZSH6lMNZ8lEp0izKrl2xMPV0WFVf6K0XHkgUk0kiIYfhQHK9fGfNNwiVQm06/Ns61LpTE+VzLFI11qyumjaBC3QpJMpYXh0d9SiyucO40MCt9/yIyVyWGRemZKMscPLWVcYzvmhZXOpUGlq8zpsGWhL1bxCvrnlT6l9mIpmnjAnWqHslV3DCSz4priW8BYz4ppWuKW311psrspjBtuDBlYzCstRMF/PYjw8Kr86TqFOkTOFgyOYVypt+UjQCY5/Mf8BbQror3QuzNSFklTmBiornfuAEYNKHKFmksz+S+62ZBNJU1ue8dXlK/MAgrwEPnNsBPj/zc/9kLPXYiXKApycACnj7bRgaCLlCQosiI1MWinwNG9g7XBwXQXQJVN1ZQo+g+4MAMbj8XAwFM0kliBBUnNesYslOVB64qHxA3Q0RmmRxlq5HDNdZhvvyEE3QvkJ+U0TdFaQtX6vL+h/p92OpNU7lzkAVWtaSeTiIRXqtHyKRVZUduf+ntDtT8aC9WSNRix06ELNudxZGfb62zv7PGyifwvfdIeyU6J1sgpKAvPoAjBNlMlfnamOM47MJ7RavrPc67CFAhwejrYenEZgLkvNFO1QvLkeL+qMgAODddGdHkwlWpXMDDHIYoS8C0FmQBNcxCRmznY5ANNuRIBZ7yeKgtE1YaFw+4CGVTgTozPPCOaBiC5ahBiZbtLzmJOJFhLiyAdcJYfQKvmA4mmzEAzIh6Isj3aMSCgZTSI8x6+iT9AurmGSDKS3F+T7GJpzxDRzkjFpqLLC+Sq+jZwJKfeWYIAPpv3hNEIpVduJzDR7+YsHLokaOs4OgSmKqqGCkmGVbetx5Q5M6N3z2WSaKV6Zyzb0wVjHAXJAw2m80NwxPjJdqki0WDW2ZCEJdg1O1VhdTdWiQLa+QHUzc/b8shQAxkwVjgCJOwnCGH1LoY1BaWdrJsZ+1GiI2rXazdlkJOhm0Gh21tZwMuUI/Exn6WC/H7Vay6vLEiiJ4y1FqPcMPbtJZDdI4izyGvZ6YhKh4a5YUGOfEJCNdnv3/v1hv9/udsWqJDh2CXD0ZfFEkoz2exImBY7Jk0KNqabV7oOFe3leZDZndL3DQ22lFqboldTmrycmI49rTk9ySN2VpZX19f3dnd79+2IzLAZSGEeCn/DkXgZl8Vm+FiPQeD7oBErZPkgfCCL8009eXUliNzWackYkWdAT0Gs5RRlUtAq67rxg40Qx0MxFnBTLz0s3zLCp7q/aTLplADQ4FF48d+bFV68rr652JtMyQVwGOHsjsLsTXhDsQfHTMnHVf5jM9Bf/6i+sn31XIgAoJM3GY089/uXf+rI0QFUfCozbUQJj9clEfvaXPr93ZuVdRjfcEIVw9kz/1de6XNuYZAWtRXHTxGpGkTusgc29dRvfD8MP/uIvvEsRJxSEnDs6f3n00nMghbClKcaYvTetChWpbHllLzZuIbaMLPZpvx4+2n93Ik4ozMDfYs1H+Y5XIyCoD9XVrLijrP+cGtzvLq/9+M8x/93g3WSxkFy8NHjheT6buMOtLiKruZ5DAeumNf4/Y8Evn/mpSbgCmstkjk0vBlXlb52lEy3EN1s2koJqgRQwI1S16YCBd7orrCjnqxvv/9Hr/2ARYyfD3/2Nrb/1/1wEcSI2QpNP/0keFtiGaqjdAfO6a8Eif7k5fZciTihkHuwE/PxUntuAE69IfYJ+6D32Zz7dWOs4nFg9X8YKHnBUnIos3H5LVyLC1mzXZ3kgvZLxujhuEY9RhjgJH3rs7De/9F3nQCiA2UDD4eHIzIQUjG2OVxXiROlOXB86SrQpn3hWSmqegxNfbR+Z60mHFT3sqPSBbL4yI3xh9IiB8xD0r7KkwhhzN8DGijALIr97Ntt6vW6a8bo/pZviV2WxvRPfuRN7+f/jX/vj58+twrs2NBvJU+956Ld+9xuZMneviC8AFP8vLwGGy3NeMyeG5uBY4fnG6uqf/Zk/4rvraWWdcbc7bHEbJ7bg+m3xOa/E4cXUqinX7OuLnINI4aGHL33rm89PJzPmtF05fws0seyx58hn3GzM6GbOzcc/Of7Ep2+YrAl08uR7bl2+RPI61mr5jz48/g+/cz4MR+99emJiirVvcwtNoUeRlYoIIeWXv7raSGbPPNX3PFvBwSDb2c1aTY/VCMomef4owHk4iSAGwEY3efHG/f441XIyNdOd9lYPmMMWmyvz1xaU1WTUlZZO7o241KNzqZFNhU5oNByMhkN5O2s2Wusrq2eWl5ejZiP1Rvf37r32Rv/u/VAoQYTqVSpqsCQ+4HHhWAgJWC6PBHLSuqd4PI/7TLzqLi91VlaSZlNyjEJ8Ab3dvd5OT8ytIIyyKMibcbS2NEsC3ojyMMg9JrSy19+4LkRbIp9Wt7t29qxIROTDFdYEc0rR8bT4l6J1+xStU/ihHyVR3Eia7ZaI3+q0pdGFiCSNoFR85Kuaa4MN1v6EFvIo/9RSsCy/sgJG1/s8Pqc5myHKIMUj3VkuRHN729t3b97cvHOnv98TLdzqdtbOrK+ur7XaLdTKR6HU0nGyG0E5eEZk7WisuRUyusSWFf8VQq3wqjbM0/hqEWhB2an0n04wmnv9ka9PGltduxH269RcArBI4HXFZm75Sxro2hq56mpVdNKGak8uhNhAY8PatIa024EGNkh/QYgTXVmTo8K7yHS0lQ7pWIfaRmJLSPRacEMmXQ75BpbB9Hl423aeMmBmWQ1t48StTi5xXQguScXGRciYJ9PxVCJOsFoSNuHJ8UX9wp0OsMmWBoyxzAGSdVPjH7fI+Bkxe6j6C4RMMkRLQo1EzLJGu4mADPRa5ZkZY+aOvBRCfj4j/If8JfgFwk2kXRnasQhKIo2GJwHpAzTWx9NqF+k8SFoXl31IzUJKBLDzVyoKtKck8i4kLTlZMwEUjY4i0xNV8VwND2knKSI/QZEybeIrSwlEBwp2s7iewmrn5UlUCroqy7CPENM0Go8Gw9l4Iq4FsSWcDM+UvRgyNKXGh9PNUKTlRwhzkBm1nQ7O9Dk0M1ZnGXFO1AJbUCU4fDHtJ6uI4utQIO6Kh8PboWAF3kl0lNLqgHLJ5tamhkuuJ5JwIsGoscp94RYpt11Z4O80E8mOPUjqQ7G+TFEwF0TlDh6mAQWqQXOFseM4+6Y44CXQBA2eSbs+OQJKbbMzpjrDXczIbIWiPTqTQvmYU1SmT/VYQuqD2hZ5dNpcYkukMyxBokIywhRqgyC+4rMI+s+8YJFmsUNAN02SJIKyCaoleJfhcBg3YrSiIrXgudJM6y/gkBw86aWs3WkLkjGZTHv7PT/EJ1zCIUEyDm4qtIxkuS9WM6FbTLHCKbWFV93gHX+oFCZwplcRoZ1CE3T9vqByg8Fwe3s7RIBezBy3RKTrYRJqIqjeTFBGPgojHkYxeDyOw8sXz+zc77/++p2cT/b3o2Y7OdM6t7W3d359+Uc/8+m94W+8en/amwiKj46oRVtkWMvAHf+o4vccF6CypQyXIKVhXPJbxHgx7Tcx14nkunVyeOsDf4C37+agZrDZmzJH3CcfGLCypOmSN/W9Gcqa+K4YA+NhDlkYeQ25RMehQvEK/k0stILJ0FSS5FCGD2UFYopGU5ThpkB6gPIEaxX6qbiDbIauesSaEcAsE6r7CZdmT9CQHxBrm0vsiHiK5likpRLJRNBCRenLk0a+NHWX5yZTqjixmCkoDZugITAeExZezA40yRSFouSSb+CKVwDJCHu4B0rZdCLtLtHwDpk0OEWcjXs03kLdcsdj6Pd04MZglkv7EKmjrV55QQzNbnsyHOEWMp9yLScnJk8vNbJPJa7PQ5QhyB5WUrDCkqwQJxntITNEgYg8Sq09h/4yuw+llBV34K6zCOZAKioez8bT4d6e2O4GQoYhgdGC8xcbeAk6EVtsfuHhR0eD0e7dO82l7plLF7MwbC0tD/f7g/3B7WvX1s9vNFqxKKhYthCdnWdigKfHlP0AABAASURBVAluHiTNxF1rqyWqurezLZ4sr6zKyYNOdrrLyw89/p4Xv/71O43GxStXQ6TzTA13TzrKcgz5wEGBfS/Ttbc18IXiSNEH49ItGU6GpY21Jz/6kVe//dzuvTvXv/PcoLd/8ZFHWFOSkyD0vEWIhiEyvDTrjho+dnFjo5moRM1U0JZI5LQo2Dixz91fI6uupEDrCq+xcWLS1zJWswDZs9r2RGx9Crpsa6tLH//w0//x976tD4Gj9ImxnOuDuJKSGE5SH94VZIbl7uFb+V9h78XMCqa5X1prfvSnP3f+8rvMung1XHr40uf/yOf/+d/5JfOEFcaWoZCV3cqhg5+XhyM9+ImP7V9cP8FN1NsT1lfyD73v7le+hW5uzNA1tTINaG5LFeYHTlVuVyYb7aEf/VznwsmMt9s9ePYeu7MP+2PoT1l/DIMpDEYsDKEZ5Z0Ga4W8m0A34Y+vsWfO8DiAkwrRxpn2x76v98Xf0lIYRzPpGoQwpA14wSqwbhE+x3ozTX7TfOLmm965PdaAd3nYZY1veWc/nN2umXdMq6d4eZ4aCc7Bs1WL8tRt8tgzXhTBA4fv3M7e2Ob9CcxQewBausIk4wy+B2mGD3ONAibHnrEPS014dM1/ZOPEmGev0Wg8/Uz/K186OJpZjixPal6VVlyz47YXapn47e7HR/G6EbzY1ZD8i6u1JVfjmNEug7nHmwgQj8/1W71KqlVP/JDKxEis5PNcPgF6a2cV8LR19lc6P/oz/V+Fkwuz8x/IGx33yYIs5rxoL8ZpL6gXCAgJ9tbtm/s723u7273dbWOX/i0OQtjTWV4VLHpnZXX93EUheanGGUT8tUb+2OCtA2yd/dxTrXNLru0QzRMaeyTmqcNNWaYHrPgWGBRTyDi/N9sTEq/tyY3V+GLkNetSULxStQzgUvcDy3Du8soP/f73/+ovfb1UuxPZuhTrqMLutJ1x6ZjbI8rpyXnqWQWS/I7RsRXwjE0XdYBPeRD39B5WK58QWS5tDMhr80vpk36FaRuB9Nz5lemDzd2K9ECRacqFFKso02itBJffn17/RrEHi4HX3hSllZw7f7jTXrpvddw/8oXPXL18Ft7l4eEr5/7wFz73d//Jr9UhTgDK7JnuEcNbLIw4Ebfvf+rpSLqAt11qluuSXZMDr0spmOy4a8tk4dQKKdtSFRSo875KmskHPvzM7/zm78GBrCwvNuncyEX1FegR/6nPHGDCR4XZDGfDxQv75smXvwL/+tc+MJ0iA3PmzP2f/UMvnz8Xjif53/i/flw82dpa++/+L1f/N//1l9bXgu88n/7733rk9p0NkWuSTB55+OYf/C+2mo0C1+F5386yD8EJBaHf/Mx7L/+j33lZ3dc1XKlH3Df6rKczSvncdOQJVY6nn6bo5UIohBBxMpkKXe/y8urGykpHCKG4n++NN29v7d6+k49Fk5EpJ07nfQFPi4VCHSsPAqL9AnQPLWS0KJnLwGdLS93l1dUkibk8WpZL2Wm/PxTS4DTnXhxmQpMSB3noZyKRkIn992gy6vf293d3x8NB0motrS4320Kr3RK5INAB1cd4zizNZmjQHtXL4n7mB14QoV2KKAmFnphwA9K7u1Th8VwdLqQmqVkwXPZNN0/BMzXXEBOLYRD/kymLKTokwqNmvb29Qa8n6ihuG6326vq6kNFJn+v4ozcxyNLWbk1UXjWaXzYn8kKhVq9ZVqYaqUpFy8od0Ib70PFrM29+HzPU6pVrgrMUlZTroIpt/BP5CnDiuLzJ5K+nTUozDXpAq/86cMcmugrKrwtX9vulmiDXDhZ0U+mRgxpNTnoAR19LHEWNBrdcPw6gtj5MA024gkVQDRAwI7QuavhZEx0cjDrHtNXhnUQG7I3pB6WkU88pOVSjimZCiAlqbYVCRLSYAoWovQtNS9UW2NSq5JlE5kwRcjIh1z+pp1ufjqGrxve0+SUxtyC3ja8t2VCLke152ZqgGyVXsz1XznsIbsLViFIsU5GDsVNDWnAR4lU/ipU/nRAl+pGcjuSrgT4gU/dmSWXyxCjXswxzQNyPxJrIw8t4knYqsTXUpOrzkk0JrspJzacYK15CtywWdO8fPImqbyub2gcLx4KY1CXDF4pTJluFO9ktrPgJvBNDqSLOSKhGPLUwV+2uiSFIYYK8pRkop4WeeMqn1WwyFv/EhcRycXRikANth7hiVeQ+iBUIvqaHRHs5QI0cT/O6drHWxWDmjtzlyFO6yvSWjMI90o7JyUrMgCPdwidalsnreHy9gfLcEmtHGtI4U0OsB5PpZDgcIW0MI8KkVCckZ0XWt8AEc7ESdbrdyWgy2BN6wj7SI0GJSOmomGxmu0TuFQM/SL2UVoKJfC4+YQaSA6aSxwu8Qq8Mu89ErZeWlkSn7+zs3r17L240VtdWmVG60zZYKGBRD8x8Dy2jCIIoPkbDWHEwHI/Onl199LHpGzdv8dTrD/v3t7dF/Ga3I1S2D10881M//Nm/8yu/Odrrs8QTavY88D2NDdL2JrjSBBv8ApPwTg2PFT/GYITLCOmmd6t2wtzMA4V3JpE60aC0eDboOisXUmqFVmIRZDp9RIBwGOBKO4XxJB5GzWjUjJM4TH1pYkj0d4CcSZTJRZep1VZJUcnOCCejJXoiS9xJ7uWo7xOZZNzLw4DhTkMyFshAgoewE1ztU46cCZbP86QDHqRsDMRrDx9LXIJ25CTt1hIQTmyBMkYWJoxklggTGVwkBgfNJAKdQ0Lbel6Ajh7F2ylIC3GSZ80Vtpll+NVESntxholRHqI9j1A7OVHVVi2rGvp7elQxwwCpia5ZN2LySGiOovBcCsSTZrPZaadCACA9f1mhObcJ4pKBg0pv4BBjAW4c5XCJyIsUAJK5SzSb40v+2O5S+IEURq9+NBb0M/VVzs0iJwoxHY9H+71mpytyR7xjiFZb+ns77aUu2uoJ/ZVz5+9dv7514832cjeKIy420kvL/f3h7t17d9944/Kjj4gBg+y8oMGcj0aCDI/klj4AaYVMbKSnk+Z4OBqEvVarjfZU0rTV6aTT2calS68/951Gs3X+0iUmR6MIvueXl2puth3F9rL9dCqhuuN9t4RSmTk/vSYCEhiRDBsN/zTiiw9fDeLo5W9+897r1+5de0MwHWcuXUClWwxBFC6etvNrmabFw3Icf/i8tZ2ggRyaaSvbODEnttVpbLPJ48UUmE1BsXGMOSnoRgEXrQJgBOz0rfpVVSvgXcz6AmC0cfD+Zx5/6dXr9+/vyiYQq0JuDiaqRMzM0AwhN4yhRahQhTX3CQy0jsCoSMTV2rn1H/jhT8H3RPihz3/uS7/5xTs37pgnrJZ8sLqd3vxkObiG+9XVmeXJ5z7wdkCNTyG874nhq68Pd/eb7sPqBDxgSnKHWLP5b0VorK8/9IMPOt5e32G/cw2+dZPtD+tLNJvB3szbG4DJ+d/J36sb/ONX+A9c5clJoE86H/jo6IVn010EWRqeSfOMRdxJXbs420gbuRBB7n3o4T5ELwYb8D0RXvQ2Hs12lmBces7sXnnOE+cdY3ZnynQjFyY7g2j9+Ed7v3Mre+ke70145BjWkFvmmsj6YaH/xHZjayD+5f/hNcGD840OfOJKcO6BXXFFG6QoLcw5NmdfShH0TqYcp3ShZJ1yzG4FK68tf9AkwcCsZcYIovGYo1hf5thBoTlgkjNvdY5FSyfuV8BNLpyXxPr46F997H/7gX/31ce9+3ASYRavTD/4E3Byoc+ya3Fa++rerTef//qXp9MJvN1ByHv2tjfFP3EdRfHTH/7EmQuXq9FuNPNzY9bOyrKP05Ajxuudcz/4GA1CwymBgwKhaGb8GEQI02+dMhXIhng7zmfbaV9suAM5pLant7rBRjNYqqRgcimUocidHl6GT/7QU9/40mt3bu3CoeGBG3KWB4MZ2gNQHrMtjgRKCEeucCealdTrjlLLaW6ZuThpMtTvKQwK9rtHSBHtqQdc3TqnQlim1GJxPNVyXJMSna9OH4Ui0fkn0s3XYLiry1xsp8oD94IXbvUvL8W3v+fPrX7+R75H3K59/vd96rd+95s3b29qUTYYmTboB2Af2hfus9IbR9JsehkundUYHYdX4ZrJAYPqgAoWRG/qikPSVkErxlSG9amBI0B2UiukrNJh5tds3bgubSm1c+c3nJI4cp9iKJSXFZ/XsXa2OsA21m9X0oNeP9zcGgECAvjmpve7X7rSbA7f/z6xdiAz8aXfg3/xLz/6wfe//MmP3xeio3/zbx/6W//jR/9Xf/Fra6v+X/7zX/x7/+ipbmf4+3/i+vJS0B9k/+CffOyhq7f+7C98aW2NvfSy/8u/8rHlpdHv/4mRmx1jL8LJBTFbN5aSQvqHfVLkgfUNL7Yer3wi5W8o3kTXzWMhIJsMR+LRyvLa6vJyJ2kGOY/GuTfNdt+8e+vV17P+sNNqC20CeQrxA6kk9jyhfRZJTdMpmoyQR6HIJXrUSoQoq9Fus9DPPKk74mjqYDgY9/Z7mShQ6HuJD+0YGhH3YSZEfVIrMBqN9vd3e7v3z195qLO0HDVi9NoTCGkqquMod/mLFhNA2pX3fS8W+p5mM2miEiMRsuc4QmEwJyO/yppIoQWU/IG7mhHVNno5smywJu2kviBCLdcCqd+ZTEfDQX+/N+jtT0ZjkWB7aWn97NnO0pLQQYGsuMQxoJ2GnHR1SLfVCXKVNzcMY30nV5486ArHKuZMFEogz904pU/cb6U03asTi3GzvpsVs0YrXPpmziGBUqkdbkGLbnhWmxrFUhJ+6TYlM9ZNpGkNWnwlciIijzCk7zTWRwy+QWMelOMVrgErFEEZ21akiUlpNjPXNPyYE+TkhAK0yFF7VuprDJwAKVAIN0NlyCTQSwoNlXKN2oUXXTEsKLrUWwYNq5cO3/HWePqRKJM4aaCmEJ1VeeIXNSBZTthTY0pEzEptUCYjWzLK/dAMvU9Ip1tpIN1yoTkZicqyABRZDNVNTrMUaqG7iZ5zZdBc9YtqDdlToHdRZthoDTCI8pCVFNPvvofWysNIqHkCNNxCFpJkBjnpC/SeyzJGnNpH+dmQhlWQDJIdF9mcnCz9m0bWSahhoZgwNQZMslpwWoFu1Mul3Wgcqh+aJy7N4cW2rV+hTzUcj4zxhZ6rbbw9HAjF4+310eEtDNwdRZbT4gt+dQp9pfdnlL7L77m3csYZcibnCK6FmRznisyK0T8cScRJLqEfOeTG/w5o1yVl+/s0LdRIlJABXZ4ik1gsoRKKKHyefECOJiSbwpTPCeXqi6ppQGIVHAL4f/3nPsvqJgNT9FjzwpZTVw4RpM8OUMRLqJeBRcqrn3xufIdQM5P1SqgJhGYMJSnM8fz6UJC1RoIO+cC37oLKZZNNKdc2qVX1PCRhzpbStBkcPTBWGZSqzqqr0MMiB8G99ft9QYPjBP3jgMInM+P4iLQlaBYvywVZRHeMaCAL8JO4NRzN3rh5W+iq9wMRAAAQAElEQVQyJ5N0MBh2hT5ViDBCX/pNDHZ7e+M8lXQUIcZkHkpqYjgowHVhwKrWppUe5EBQLhVVwXVXyP5ntkqqh99K9zonFBZJb0Fu4NSDGT9qCSydICxQInkteyqXk4ajJlRMk5kEl/J05uUsEmMQWCJRsdSHZM+OGcoFNB49skjBiBvAF0x6iUKzFGLQBjhW/FyOWcERoPHGHAGwNLxy8m3CCRNAnJaqDlO7Vm4UiXLI+6DRJ0zLTirdxAyJcBZ0rqa1ssiEE1rPfUSios0oyfgpboFazJO+To2xE8ell93Vq3oXiPsJB1auX+l5Nd+TLonnlIXrWU1EiBNcnssFCakPQ15wMhohMw0A1pIBOPsNbf7E5ZwKi4D8UMEpuQWgownTgDnIytqa6uGudgZEtszKSw2nhoQCzeD6IYodN+NGqyW234jC9mE6EXJwnrRa0+lMDI3Bzm46myZojbANohg5G/eF+i4X7Gl3eVmsTZxc4eDC5k1nU8E3i70Q07viMIrFWn7/3j2RhdhiE7pFZNTudvd2dzdv3uyurSeNRIxRjexRza7HOzDF2jK3IoVKm25abAAcHI3N2bL+pxVYpaWrURhYH3MOfFb0ppTy8MHe/rDXE4xH0miIXZ9IbaOBuJMD3escUKDK1fzwY49dXm5EzEgRtNwcWPEkK7eH8pROC9SvCdye4DQUlUPRQokjTHVhHVrN7MruoWhJxUmB2bLRDlyJ7sUK0u20Xv7uG+Du0UwZLQjQPCleswop5YaIl8Mf+7N/6Mz5dfieCKLdNs5ufOW3f6/6is35u3hgxfH4p3949+y72bGOG8TS1umMXr22DHatB7OdMVQYQPO87rcOmXbHWPWWGvB9f+xnmmePD574rWvwt7/s/erz3hvbbDI7cvvvDdnzt9m/fsG7NYArS9B6QCsYgnFaWh69/LxtKMur0K9pTvOwvLywEntTx+eJ39+OHuqxBL4ngqBz+yx+hO8sOg0LrSivnbZ2r6EwT6Hzsc/5jSYcJbyxzX/thezrb+abA8g4uoKFBw6B0KcGbJazazv8y69nb+zkZ7teIzxmyjzjg2fJHoBJgUHxvnLn0r3afMsPf2X9x4bRss0UnNVQC0FoHWLMrHr6mr5gytKJ1mdzZyHiejIoSYj9ikrD3CM3pmxSdO6FXz73uU9c/+UWq8d2LB6yIBl+5s/xuFlpEX7UB+b2683poOJYR2wTnv3qf3ztxWez7O0xbXJAEEW6c+P6/u7O6vrZICyghEXHDH1+fuItJjt9oPDwz340We/o3a7muByNh8vFOW9LMqbSt0yIEnezwW46lIdFuI+njEZiFI2zwZSPPCFJYpHLMenvHZ6ugFyYWwa3nGLzvbrR/taXX+dOsdS7wn3NzVHD/fFSloeMDvaTuIw5JtzVE1IbWJ87no6vJJAAymiz/KW3JAb0lNscN470piq9VNNvKV+TMOVIPnf0xoFOY8gUbJomZaHf7WSbr5fq6LK35kHxAortWzc9NbabnvyVP/cHL36v8L1ivJ07s/bbX/6WXf0UcYUS5bc/Towqc+csqYVon//sD7VbTfMFq/vl8yyRmHTML7fpONspszjUp1BNjRfZLeac+4diamC+tSsaDpqvfvlbTtGKogfNe7jX9J/DcwBz+D890A1Hx376D74iNJ4mOrnXuXb93Jd+75L49+WvXH7u+Ut7+51Pf/KFp57AQ03Taf7/+3vvu3B+8xf++NbSkr+87D/91N5v/falINh9/LGs2/F/76tLgmP/ge+biOm5dT+7vwNf+P23Ll4Ik8S7dJE9+3w8S9mHPzAAJzAmNAJfoOtcyMqvX2eNBgsXPxZSCGLyprPsd56/pRNnhfYCKI4cZ6QV1trC+CteYei2cbC9sTOZjtG6yWgwGA/6Qvi2ury6sby60mh3WNzK/P6trZsvvtq7fa8J/nLSisJI6GJBns0TavpmHAuVii8tPaB/GTx4J5bhXGhGGs2k2W42W0JYEUv1jy90MMPxZDAciQsvirpn18NuO2g3WCtJA2+YpUEj6Q8Hd27f2dncEp8sr59dP38ubiToFNvHxQC167m0lTCbZJl0aJJOxUATSmshEGuJjX2n2Wq3xSdCQiL1HSRM44pYFluMSLge14rS2uGpzUswPXkdRQ/+Q+Mq0+loMOzt93bub+1tb81m0yiOVjfWzly4sHH2bAcdXgegAAfkul2ulJy8+eS+hjgU9y1MkwuZKT/APIUp8OHLnJsLr1XhQ72G2y2bkl1zXiwz4zVgEZK26nUSiNp4jlLQSF+hVBhKqrZsFa2ETo1ZAkWRCX4h/S9ZnAN5WiFG0ZeWZ8iTSxRFxsCJwTG4NSoiTtRJfoLmWMJIpcGTfoRgULAV+etT7+vT9mDksWYIzguSb/Aod+UJyPyTGA7tyQIcCXeh8MYnECsCX6oB1KEv3bRqbceTn9J/Vhg34qSZSPdDMTnTEesjKYbRIgmpFjXhyaRKUbQ5lyXHPpAmpxRmSwJ9InnMnXwYUY/Y1k4zt0amXsw4OSKhfq7MmSDqheeExcmNQRTTFEqv6JWoJKrDMV88Go3nonEwJOI/UTBpRoWsy3FpPUaC17TdF+WqSw5j0mOjClWI7EcjPH06GImNCZo5SQkjl+vxqjtBL2fkrqfwVpEA15xYzYwoB9NWHJz9XX1E0OmrW/pnmxhOL5SHHGcOHXvQf1JFU3jCKhfgvHaLZSgSLFb9k2ulIqHLq/vh4hRwLk6ro+QkA6ghF8WS6P5jBF/NZuhAZ4JTAP+hJylBdUHbfQRjJ0h9DbQvcUUTzMwAtZ/SL1xm29Sc9j7M0H8m5Yae8q/hBYRg85Cqk9LW0wgzTw8JeV2wsoDzJyjcQs0ia+YPOG3DpNk3oZkjbOBYGjtpCJqSxHJXp/Ao7krMDljeGcI4Op12OhK8WX88Gfd6vSUEw/mqALpoAJaBFkpEwvYR8IUMebHSAaMjB263FIWnXJqG9yQq0W8I1ePy8gRN2GX7+/tbW1tnz51JmhFz2g4dVDB0WYJwnCCfokPHYRD6jU57JpRbzfihRy+9cu3GaDSOouasP9y+v72+scZ9vrHU/NDTj90RfNbL32WI3415lkIumTtF0AxmXpnJAmd5lgBSUAAjhONIlWphPdCm8LAj89ObXEcLDyTBeHcFw9vV1tmsUTThfeWVwEdmbJRP96bZ9ni8Op01hsNEuooQrEUouTrBl0u8JzcG2CQ5QlJAC7Oy5atNMNGqLIZVIgZJihmmYSQxygymKeLO0fw2iKk1zVPpqc1XCDxKCrkFT/nslJp45oxD8dSX8GdRJJyUOdk7UTtp9FrIWEYOGsUsNigHMU6jSOK6RLUREJALwipk6L5kTRTHlM0mE2RNwiBMYk+izdC0kAX15Zrq5XT84j/NQCOJke0puSMTDdVoNvKlpeFeL52Q40MrcCdCoKgFWTGRRJUrkI8+AKqE95SJPOvgyTMK6QwQVxdJZz62DHAYD5EXENb0P6cFkwy0yAdiQzwd7O0m7VaMHnNFXXyxDe6jf7JWIJaiGW91l3Y37zA0JI9W/CKxK1/u9re3h/v9rTt340bDj0Ix8pAjx1MaCBedjMciFllWFnvpdrcrEtzb2RGFaDSatKcR24BHnnzylWefvXX9muDi292OWK+wvpCp3UNJNV7gY+Zcnyrv+W4L/JShgZrtstdMwvDFVuj8xYuBF4in966/ce/adQmhuCTWaFg9tj8Iyz/wwxbX5SS+utyCgpbA2BEBVrBxgs10d5De2U/7U0cFUJRWcxXR5s/15k2m6X6hmn2j5T91LhYvN/vZv3mhX0iTQzv2HloNP3Q5cYQm1teA4XYNxOXKpfMrK92dnX3tTIdrBzpQ62SHZgJ39CCq1hwNpZgmANdGH+Nnzm088d7H4OBuGN7gey/DZLsodAqheZ4tvxeCuTrd7TF/cTPbHKBle/NQrGUbLfbkhr+azO1SPh7Nrr2U7W7BrGCVmnWWw0uP+OsHeWZ5+kPPnL149u7Nu/arIu1gJYMIhlgfIfCzK9Onr3xPUZ7L59PlzmivV5itVjrvPIHCZGSwwPQ03zY31teeeg8cK/z2dfjl57z9wck0+9eueV+7Bh9+iP/c+/PlB8ByJFcfCZZX091tV/1Ic585qhTVkuaAt7t9tHG4Qa25QXyw7yV3vA6cTojCoJkI3jcIHSMeszSbzNLhWOy3HlS1XxtEdfbzuMsnpZmnxptj/YK56w53/6oWdj8uGTsJllZg4fDKPf47303RkT2D4NS43VbCRin802+IVs1/+n3Rme6Rx3O4vFx5VjMFix52ODjqeVaayMxhL6Vyfitc2W5esalrmyWsYJUEzBEc1VMVqyQFlCexo6YP1TrovtRVAaimyWkdl5Nn2j7/f/7I/+v//vX/ssWOj+HIvaD/6T8N0rFOsfkqi8HCq0Pfy7bCGvNXz33ti/fv3YZ3cNi8feM7ef7h7/uh0vOdmA+8vJk7epRTYDLjjU73PWeL85uV7Jcwx5cNlaMy3cFZr/Dg8H46GOQT5d1AFnt/ut/xFdp4lo93p7cCFrWC1cRvQ5F7LNwVygAG6cLn2FkRTx57+uLG+eV7t3eP3FgO0zjvlQmzPJikkTZTonapoH3lqE2gWlKMxRFu8c1UWscXj4Vke85zz/za9OUTey6FaAc4+YJZ0fCJLqKpm/Hgo+Y4kGfrYOXCtNnlQ+tkpNIOvNocXOVWfMurn6hw4fzaB993CN977PD6Frx4F168zTZ7Vj8jftc78MQ5ePIMPLR68jPog+997MK5jdt3tvBGdTuAKwQHV0tpY0BBHly8Kt6Kv6vLS9yhlXqDpfdKdVZJoHgtPzN52vT1KMKXN7926+Y3b4tBdvEj5y996Dx34nDNcbqpuSphVtLF6lKBWWvMY53m8nK3UOG6xdTJhpVE8MzWpdRwNhevDrb3g9/37Pve26eC7e+z777e+a3fft+t22/+6T9x7+69bDRKLl3cvnZ9ZuKvrOy/8eYawK1SOhfOh3/mT9wTu/A33pzt7Hg3b7W2tpbb7fIxD3n2DdKbNya//M/4134P5JRjn/h06xf/IhwrNEq+KistUM/ZcFfIU2V2oXorhEuT0WQynmRp1l5aajXbK81204+hPx3193d3e717W/neMOasEQRCjplKk7+BDBGytR5LEXshxJ2oR5BKoEiobuOk1WxK5IfvSVvX09lMMLyj8TQTugahsm7GkzBPfZajGDYfp+lkNt28tT0YDMajYdJur6ytCUmXUGvj4Jda5gx9c0zRm4jUuIvKiQ1vkCCopdlqtdrtRquJrLa0TCC14FwJfiWRAFZQQxQDqRjqGxXU4Ff8khJTC4HzdLK/u7O9uSUaSuiGltdXVtbXWu2WEHML6R1A2bZEnpM/Ha71eV51EVTEHFwgAjsCk+QUuPrQVTNr/TR3PzlAxmUaraKALDWaMR5jk3Visnnqc14siXNd31PoSQAAEABJREFUopncjm4npjlAzk1QsJDU2NigYeRLbAEZ1SCUg3FU7ZbNJGOKpG2Zcy1qLqNSjLpUP7f9a+TDzMFL6OygtrlBjjFTF2UsRNbFFMZAKyTuAYyzHrNoM9tWzLaawwdVc+aOZResgy/UHLFQc0pnVVEkZrQ8Om+RHzIYiy9UU9KACLXndDKhMkuzBzNP+piiU7tkeIA6grgUjjZCcmUzhppBTQSHo6KW0T1E+Vq4OSsMY6k14JQyOEgLZk9eCgIiN+fk/QpNEoRi94IYNW3kKJfecVRrUjdqo5K6F0j1ytGZjqBxk0kq6GFKkrnC1ofU28UOUHagOdh9Iq/gbKA2FKNxgxuZS+VU/7rXbmvbhN6dkv/qVGKVWz73W2JwqXdYpfVY/fJ5EqE8Yp3yOHHgkC6h6Cfab2wetyoLRONWGhLLJehNkqjJWDADM8FOZNLLnioUUw1IU4+b9Y1Q8kwfseGKqWM1xbB8DRRYXFs2wvYx5aWLcK5kuYjwf2Zy0OF2QxNs8zttbtkvdnDbMkV33VVE8EZxHBMlmyJBmKRpimBDz64x7LA5plcUQEdmzUYQRYP+oDcYxK1GEKPHHOXfgZYdZkgTiNxTPyXQCc8s+O7BZjWfU3tGvioob9HqSauxtLI8HI/u3L6zvb3dXeo0Gy1anQAdCtLhCXS/KH5DsRIzNFwynUyjeBbHScrh7NmlJ5586GtfeWEymTUanX6vn8RhtNoVQ2yp6X/ig09u7e+9en9/OO57aM0iQeZbAQFB9bJawGwhlRsjvbuQoACPGeGFWlPMGONq0J7YHJ8f3pWU9qjBYUpKz+oiO0SQjAGqxVo+zR3gCYpEcvC570/A2xlPIhh1+v04zxqQC+13uLIUNsTQ8fzUy8czlpsllkmcAcJBiBen+ZFBTsgxHKnyeezLJSHlmR9AhPaNBKET3wvloBioMzmKpZNyolxiI+MBU/IXRbTJ2xPNwYKUQJnRA8pU2cTghJiTRaJtBrJQEvEqrUrGEcJsQoQtp0S3WMBS5T4Qb9FspTcejAJ0LBoQytmATmiSyGJZ7IN5Cf+JBTQS4xlvOLkYD+2lTq/dng5xDUOotbSRyKwEX1IVRU4CPKJJIja0gCc98lCXKRZO9TV55ZYAoqkfRIoAygLoRceqmpliQZy+sBw9MzJEcuTJ6EQFigq9wV4vTLbXmw2JegziRkNsTafjUdJoAc/ay93ZZCBiIo5brlWrG2f62/ezyfT+7bsb584FScIDLu33cLE5n44ngiAnScOTznfFOEoajfOXL19/9dXZZHrxyhXB6aIpFID1M2fGjz323eeeE9vvILxCvuRJQ46OBJjyB2LFWIWgGGz30WmMwkVW2+/lYKo+fzmT+xvl/1VvgGHj/Dk/8MXIvfniS7defVU8P3v5IlxaheMHy0kdzK8qxIljX8R4wGGOjRNBhL9xc/TNW5PeJGPgegdQ2izpcaz83EkZAMxv+dvHz4RPnYvFg+1B9ub9VMV0KPoLt6b/+rn+B680fvLpZrVshtM1tbhy6dzO7r4Gs3kEbKW9KDUG0+rtgmBY7eEJoYLnT9DQl1wYHdwJ5ccORZzkt/4dvPL3QBqGrQ4H3tzwPvC/Eyqj6offuZf9v788HU7rx1AzYn/+E9EzZ2pUu9n9u8N/+j/k9zdrP5z4fvwjP5N86PtgfnjmQ8/cu3W3dnfH3QtW/3ZecPe5z1wewwIhXX4mbz8M/mnBBRYKWc/vvebvPX9oxEvne7sSdKLWo6Jsndc0WOE5B8fFjPPO/XD9WIiTOz34n77qXd88eZr89Wvs2Zv+55/Jf/xxfmyTFtHVh9Pdbaq+e+ydG2tKTjvwA3AnxptOpa1vsFMZQp1G/OOfeubixtIBcd64u/NrX36hPzp5nyBvss4zfNFk7fTUV8xBnBCn7ApBmFKdegum/8vfTnsTSKK3aN1vIeTO/8dfT993kf3g40dz9eTFxj4Pr10SDyBlhmOsbLGM0QhcIl5tXC18RRb+mHQ0KZc0tdKY1TbXexebOddrmXY9CWaKgFqdVZpAnLPZUPOcm69ohQVyBcfNV6y3/tR//YO/8lf+w3/5fnYTjh6mzTOj7/sTkLRt/fWsLUc9/IF9ci+oafg3X3vpHY44obB195Yo6uVHnig9vx9DcwSnGjrvOWNGpmNNBOy4UbJvNi+OjQVslE/HfNbPsNDkWpokPoN09LXed8/2X3zvpZ9U45bnKUx3p7dDL2oEy01/qWLjROVQsJZn1zpWhDYULKA89vT5e7d3D5uMzi2r1+4ckMIoDUk6ofhCT1E9XsSReCoOIUI817oePQGNUzEyB06IEPJlrn3rKA87MmVj1V+pprhBnHiGF/AUP+q0pFH161w8rYlSiBYO/srFVINOSmLtOdegxo57w4sxOXe/+uD7H4eTDv/xu/BbL8Lzb7CpNMBGRmOVuyEU5MK1u/DVV/FaiGOfusQ//Qj/5BU4wfCh9z2OoBNFmJ3Aij+FGHorMe+53VjgVYB2gdUHvGrRZJ6NEwvYcOSmxa/oyWBz9PwvPT/YHgpphdihvfBr3732zTsf/sJTzZXkoJRtmu7B60PKY54kjRjmhfnsQHHprWGNudPmWbYcBGV/cMvLk4sXtKGRi/D0U4JePf/FLz9z+87N7R0cN1/+ypO/99XCOE/iKVSCkNz/+r9PvvqNx0ajuNvtX7q42ekMqtHyfHX0K7+c/fN/Iq5Yp8s+9FF+5xbkx/cQGvheocIUOFj9i72tkZfbD+apSvTFZDQaD4boY4J5ZzbOdpNmxL1wlPHhtH9vu3d3Kx9PUOGB7jOyWZ7mgZ/leRKGSYyeMZi4mU7S8ZhnU/CFPBTpTNwQQq9GFKOOGqTBg9FokgrxqZCORn6cNISUuC/0yz7j6F3Rm2az0WQqJH03X7/WXl1ZPrOxur4uNdx4tA+BA2hGIUW4CZ7qEmrsmRTPMiFZbbRa7W5H/MZxM05CibTLtCkRsIS3osflDp4A5gdrosBTeiXxu7st1vPbg15PKKqjJD5/9Wp3uSPkcgw1REIaKVolJQMVIJEDZMRB58bVqldgsMGBIJQ69aDiHSlwB05B9+BUf57uUyjLqq2nLHtBdQvAzH6Baupsxkwimg6y+QuzLTAv3rpvnUqp7tagE4QETXNp4oQ8noggRL4IlcLDr4gtIBly6RA4XSgnNfpJbnAeusXQGrdLwZ16KeAFSLGSfqjKRjRSx9JvSerNCrUC1R/kiynPlI0TMuPBHf9HTjnt5tbVy6iG5gXxTD3Xo8edUmOSosQHdFUl/0VxSPpcik7qTCZdWHENdKDvcKZmMB6NUQeicSfieYQGRTzpZ0prSkGNAzJ/wgnRZc4GE7mjbYnb4Mq+SUafmNxBGRNyRgK37nWYmc6k7MZjwHhc00PMiTzmGXgS9cXd5pC7InU4xFN+Frmc14IgceoUkPaX0qmgTtNUWnNRPV7gqki7UQ68OA2hPKjAWXYrzrCKiVjCwVht9+ZOXipOjSxv/sL8wIFzVhp6B5PfI4XqbOR1JbAMrNMALkmUr6p+HljlyQkFboRXhqEuFGahJjrJTmNyfmGVPU9RA/VCStAICobqV5oEs1k6maARKQSWicV8Jv3pqFWPc+UuAtREx1EICgfiU27Mci664jZHrWujpnCHJ1NYB7qWlFzaLCIcIX7nG89ZXK9Jhkq7ix2vsGqBO4U0JXDahy6kUwsmLZgAB63nyP0wiCDO0W4uhvF0OhwO0eEF2vZlZoMHSouJVagupD4oVbSgL0LZfP7yxVs3b+73+nGz0Wg2BQ1VJkxAGbTUS6Avcg38MPNxCUzTfDychBGP45hJpzy5FD+bGjA2l78oEpHqKi6figVC9SL2sxgSObrIiVqtRnepIxaA7e0dwaR12m0xUsDnYhGLolCWHEhP3mwkk8lsIhjAlLeWeNIN2r735FOXrl2/dud2f7mxPppMeoNBq5OIdTAWis2V5o989AOzL379zf50MOrFLSHgC/Hor+BQ0fADGZbIShZkiNwraGSekZxYLivS6Y7E/xJp1GhKrJTnM7cRXA6prmXmBjcGrz51Bho78GPOD8+ML0ZQF5LeLrCBWYgKWvbA5efMSuawgyo6yGqbVQ+49PLHSQ6Cen90YUIITpxyYSDm2iRIt2dZ2O/DbBpls5W44c2mXgLJcsia7cEORyG0AqWKRAPOtbEKxH1IVgY4KfOVCFUKXKTBRMzQz8GLxB7H25lOxVYmF7sXwQ5NJmPgU2PJDIUs1hWiOu+DZoAksIArH36Gu2SG+HMasR45OfG9ELxMug7FkqSTGeMDQT8ChJsESOx86cpKvJrNRBw/D5AXkpLiPM1mw8mI9RBW1ZHGNXy0Kg7aohqJg+UVWqTAHPWukkaF7SEObJHhvQDHwOtuaoaqd5zE64uk1hSTV/G9OiImSSF6T8rRp5Ifnbl8TnB7O7fvIefNUzkMOY1gSTbJyZePHZ0LypNJ0ostmNNzQKCUYHJF03JEIRGqFyOlDC3++WGI0BPpForpJYwp0o0ro1ZWc0mvPG5N5HFQcn+Ow5ZkkpxJ6344eAa7+62lbnvF45kvHgmqOx0MQpwkeXd1ZTQZ7u/tt5bXwggEMx7FyerZi7e/e2337vb21k6yvIy8rKiSNMMYeIEYV/s7e2InL4ZZniH2SvDtrfZSb3dvd3u31WmHuNdGK0PrG2d3Vm/dfOXlpJGcOX9RstuiCVgulyWPK2mo1Di4poy4A+AGswoVTI65vVkIeXXklAh16TmRbktQ3sGhwHgwNmfRWSAs9pGbOG4P5C3u3mSzLW2sffQzPyDG8a1XXr350iuC6vBnHqLPTBHhyMEy04YMlsJD3Q43+1a1j9InrbWeYJTBP/n23lafDhxUkSXM3VmVd1mW7ze/OhctMafyMVaJyZgrOvn6tdGr96Z/9lPdVuzV2jhhmpBeuXjuW995hRtOVrqbBJzDxHtowyfG5IlWcuuWYq6AVSvDiW1WTPJ7nj4IdMLv/S68/D8fEAGGm/nX/gb72P+NhW338Zv7+d/83Uk2nx0YTrmI8N98Lrm6VKDgfDwc/N2/yQe9uV9m2eTf/EMm2NOnPzovylMfeOY3/uW/d/dzla0dW3S4zwlPX5kdysjlQStfej+87cHvZEsfYP3XvewQzeHFC8PnXi4/tMJ68wT08u9GO+wJ3a6951E4Yvid6/B3v+Jnx5eNHxIEQ/TPv+l99U3+v/5+3o2PMyqSyw8Pv/lVUJtGcFUOSsqmW9A+PAB34vgrMeF2sAQnHZIo/Jnf9+Gl1iFmXq6cXflDP/Shv/9vv3riJk9us6VnYKs8FfW9q9BloNFyzhJQunATgIOkxDXh33wnHc7AXxSgcmJhtcNeustXm+l7Lx4Nd1Ib6ogaL14TP6M2hrUNKAche7MIOiFJJEkguF5RmF0HVXKsaOmEmzjOW/MVaJwlK6A8nXRUydSf4lf4NktW/p1PnUYAABAASURBVB8/8o/f+8I/+DNv/q01r0YbVxsyLxg/8tnpE59y8dy6gWq4yXnDzL5zwr2gPEeG/d7LyhfSuyCIop45fzkueqS6H+WXR0WLi0cLh3+y9J4zatLX2Q4xJEE/L8cRbNBMaBTz2YSnk3yWE8PPLBcn4u/Ohl/tvSw2Wq/f/9Y0G33g8ueF9t9w+Cmf9WabvdlW5DVjvyF+fRa6hdeQLAuJN2UAW87C2/c8ff4//rsXqPwH0yt+1KbTj0ezWAo5CLEBigFVCBIjEFHPtaUTYHYFNzyhskTCHdw2ONZNuEGceFogWUlfpaPqROlyx8IK1C2B1tKJTACPRPjLF9ObL0B5rPF5zcLLMqIy4oQb7lyHDz1zZD7kgPAvvw3/9Eus11dnnklszV1EhcN6i9/pDL51jX37Ovu7Lfj8+/iPP3EcrqMaPvD0Y//q178IlqY5G0O61tIZIy137lzKx+o/Byvd4WV+RonazXbHJuooK12uhhcASPh8tDt+9h98ezKYckbyL0TL97eGv/v3vv3Jn31vZ6PpplZIWaXj7NaViEQPCIeJrZa2WJz6YAvOig+LTaXWK10W00RZdrkKOqmGtVVk0UcjaDWR3/3pz3/9Yx9hh371nefz//C77/uRz33jU5+YJQlOtP/+b9VglMdf3s7+2T8CIbL5yS8kP/0HWHACLAcFVh1wlVvqrwJ/bGPwOQmoIHTCQuK2urG+ury6Ejf98XS219u6c3+8teeNpkLslURJEHoojkAxE6pNpM16TzrSyfPJbDYeMTQUDULXEzZCvxmHCZq1FpGls3WezvhEaGRFsUJ/hqxFINLlUUhwkzQTzO9sZ2938/at5bNry+vrnZXlKI7lcT4JmkOr0UKlK9KYzqbjLJv5gYe4llZTyL5anY4QrwVRJL1yo/BWNppiPyR1kny/XmqYoz8jUux5LC9K10nBrRosVx+nM8izaa+3f//u7XQ28YNweW2l3e12l7txEktHOeCSQZkm3vpSf5Vz126c42qcea72S048tRCrhXkhqU7hhImqNYDZCHFXf6kZS5OtVglYPIFTPImCLg4e5bS8xNua453cZS6AK4QEs9SDikY2xTU8yCl5IVGtIyidUFJGx7muD5fQEJDqw6lU/GvrFwyxJhJoQoY16MLN0QVwEFzJbS46Vag1hGphBadfKLJXVeJw5XzHtIzCoxQWW9RD5LozpKyJrOkomIuoCM4haUfA9dLCHZwH/XrmUKGBphnejhm5gqewHU4ZDBNGQYLVJR5Dur8J4wDBY+hrxtMRMtCgDWoxeYIYu5OKN5ukk9FIOtZRtUC9EOLWvECKqpk0cAJ6NCqLCO4QtaWSwVPTWcFtNIrINIgZ5ExCVpCzcpAopmDS6gGWGasmahUHCDcJAzU2ZfNIELVVL+q/nv7cz3OpZU+nqaRJs5lENaFN8hTLleU6W+ZMQzhoDjMocNR5+VgmJpXlUJJoFAZRedaULkw05mJx9NSCcuALbUQWiOTQVc9hnQy0gMsBybWhKXrJa8tjBMJqC2C4YB0H9GBXd9zeMsOcQPFcreFawO6+daOVVoRqmRbarvEDhWvcTkU5nrmTejFobpLVFknjh+B4gZfkZeqSFPG56jA8U82l4RBkw9GcyUSs3jgBs9kMPUmNR5QIklmxuOekwcgoQT3BJAdPdheRWOVMHarxbJX0fkJRVE4bI+YUTNeZBoFPFMJDJaynwCwaOcBVR+mWUUOCky6P6wXL5ZwV83RkBs4SYk1ioigiY1vj8XgwGAqdnHR4wRZb0U0dkRDnQRBy3u50BsPR3t6eoF3Ly8sBWoHjtbOdviIiSy7NxBOEDvvWldcJhfKyh1Q+CJrNZrvdFlrznfvbzWar2WhS8Xzpg5dpnBHZuRLlHU3T0WjsR0Gj3RSd0OkkTzz5aL/3Yq+3l8TN0Wiyu9NfWu1mM94Io4fOn/3wU++58+Wvh57PVCf60nuhXIccl2oUzDRTQ0oeiGGSiRGj1GOZ8skFDGqmwdsf+HEn9jsmUFMuXg3PkgEFDvDkmVFJCpDBkY5w5IlzJvh+5Gn8PAqmGd/LZreH02Y2XWs2k0bAmmIO+IJ9CTud/oxNhwh+B+bIkohmYYq5lJRwsMJcBBGgoUaMIPJN8ynSpRkSRS9H+EuKo0iIxXg2w40OuhXxkCKFwIgZY2qhIK+aTDpcUdMa6SCX6Cs8Gihtbhg67vmqALPZlIau4C4EzQ3iSBpuwjTELghkCVUbSTqKK64ozXQ25iN99J+HjcSjOJ5ndovgnOKCo/XO90ywzDgZFhYPokZjZX09m8z2t7ezaeox7TWzwLjTEuPL9YUglNKZjk5TmjFQsXMCM+WAvpIYurAhf2Se4nQ4GDE+r+kLxornfcF0oNrIeRIbxvN0MhgNdvbEXlQw2WKci9Vn2OuLzXkQCM0b766sbW9uZWnWasezsRDoe53llbv+myKF7XubjZVud23FJys7cvGi/YZY5WPPQ/xNlgned2V1VTA0O1v3xVC8+NAV9IXJU7Gheuipp7/xu79z47Vr3aWVqJlIkQP35ArPrOVqW1FQf7ipKVcbFffqhANj7xiCvnDgbxPpd3MVbMPTH/mQWNRvf/e7t19/DeCTxaiF3f7CiyZ3o3Iof7reTtSM0CJPXrQjMsngH31rb2eYcW4OFdXYOFGCMS070G9N2emte+3aRwG7K6Pr3JYEHHnE3iD9m7+x+wuf7l7ohtxo18ypcapEztfXVuS5BXK8xaVnQM5qnewofp/bOUEGTpiZOGpTQ0mYCXPh8tm5TZ6N+ct/Bw4N0x6/9o/Y43/GffY/fmVyKEpARPj/fm36336uoPMe/sYvH4Q40WHyq/84evS9LK7Xl196+JKiq86Oz+4FCw+OFgyxubR++MDlrRM9x/ogQUgpWpe8/VcOjrW+Yu3ZMD2G3XpWHhwxcOhePH+kL/6Hr7Cvvv5WYAFu3Gf/7a/CX/4+/vgaHDWE62cVXWBKFkvLriMusDgS83Au7kRO2JK9k112bCdlc8NHn7pyKOKEwkqn8eEnLn/pudfhRMOu14Q67yjzZqakX4V30kZaQXJD7W/iLxJGM76zkN2iUwntBvvV57MHAJ24TKBi9+wS6xDBIqeoVwqKBrT62G/3woLxKi3IJksnKj0NeK6xSkJZMHU6x5Xf6a9y19KJKqLBmriWTlwRnl5tcwB7LPK5p/7YX3v0p37k6//9H+j9SpMdtOoMuO+df+/o/T8quHaVrrZNYdqmxFoUJUGHh32/XIC7N69bw9rv+CCKeuuN1x5+4r3uw35w5IXyqKF5gTxGmT4x+3nsHyEvH/BUwveNTTh8P0XTdVwoO6R/U6LBZNCR4lhPuK+M7rw8fFPoR1peJEbYzd1Xtgd/+4NXfv9a66oe2yrlSdafityk2iZgoe9FeChAb+t8lojns3yEIiQmtI4tcMpJv7m+Pn/56GvJEUOaB0oJ6Ln4hsLSYrX7ml/ldNoFXDGxEWLQEyklMJZIHMQJaAyKp2yogKMUKNyA5RaoiDYXsPgA7vxSySFor06grLOYc61v7dwt66qMxNz95KErB7loXDz85ovwd3+b3d9hyq6J2wBa/GSunX0EkCnn/hD+4e+xX3+J/cXvyx994MHysKyU0+bmR7WtbXon2Hi6W8CJDZVllDk2QlgRW8PnvFWpcOe3+Fb8jvenz/29Z8f9qWiaTI4WOlEjrtPx7Lf/wbM/+PPvb682qikX5y8zeR1QnvoSyqDLyEuMrhHnlFrjoKDgxhjS7LEYvnlwdLEOfueF843G6OqVYIimXvIXX1772Ee26a3QG/7t/8+VJ5+4/bnPlFeTbz57tt0efPYHU9I0Tyb5vXtrV6+WvfDMfm8X2hfiv/bXw6tX4RSCabFyE5VQR8DtOOOF76GAPjFMCxdk7pFHHhE6DTbLYDDm/engzvZsp8eGEy/LG2EY+D7xBJ6UlCmLH1JuPxHa/clUaET9kKGfklbsNxO/EbHARxWVkMkKhVSGZA5iIdAKciG3CryZkLKGfo5KkDAdTHb29/b39tIsXb986cyF83GzgY6lyUAvoK59Mp1MxiOh5cVnqM9K4kbUXup0up1mu4kneL2AlJeuGl5VVR9ZkRf1rEJJceOmgyoJeT5WRBr094W0bdjvi3Q6y0sb5851l7rirdC46UTKWbsdc5xwhPkwN2hNtjIg4SrpFy1FJbLRzFVjGnJRis+0kEb2lImv9EHOespLmVZy587nBWsWKbnRSVNCOUgzOR6p3jwcnQF94mm/MNwxXmKS1mpIXs7MqR04y3012sGhlKB5QviEXAftGygnmwFSqpzXlqoQ1H6NSkX8HkCB5eamRbnuDy0lk5oP6ZciCCXcRMy0RiNOEG5CXoGoVKAJODGBZk2TBsTRyMF0LObEBBdiPyAHOsbhhbZAYA+hYe0kiIQaRKljTPtQ38qtLPVyrg29cE5AFyh0kAIoWBQRed0IlCufQELmEPsiKhhEAQLOyKq4aj3qVM/pGr3Gyq3TLJ0SpGk6HaczqXcXGxDafJEWO3eBC0VGywJLSpKf8piv6d/SLDDT6YgDzxA3+y0/GBF6KkEfZzW/JIbiB5JK127QvGhs3htekGzUJFFqllPVUJRoDrh9UYlgwluuNNG7B0XugCTtCBMV4x+tU4jZQNQpExMBnRVItJrk1T2pdivWgxU5YYMaKdar7guwkg81zYFMmOBElRg2T7vRAea5NISDyxVwkyqva2S3LxaVGbGKrJFrfINYchqNRi5RkJPJZDQeI+LR91zyB1yRrQNWe3SrIQ1zdbudfq+3u7O3fX+7hbbdYncBM9UWJInILvrZkcuh+GXTqdSURiYynE4Q2QWB32w2RZXH4/HO9s7mvc1ut9tqtpiCfdAiRAIFWaaI5cwXpHSM2KVJ5vlRED75xOO3bu68+tKbeYYWQT0IlpY2ROPx3GuE7P1PPfrSzVv/8dnXls50mJcAGnNAMBOamOO+sw0C7myAVfegpC2Tvg6Z0sSLG8QsO9V4q0niIXm+HcV52wIjmoN9ldln4HO00Ak8d57JsYQqPFzW4zxjg3TCprPGJF/a2wniEKKgEYiFniVRI+wGe/l+fzAQ3JTgSXjmcJnyB+VSubJDzzU35SkKIy5DNC0hVn/pEWfG5TIWAqJVMhhleDYrz4D0hwzto0gzOpIfIXsjkvuk1wSOI6EMYkUQVoOUlBlxC5OOwoTEJiU7e1kmpoZgXKLEBz9QhiM8dKaieQqmnC1iCURak7FD46JGAkwJiGXgugFBcYAF0ZKJ8Z9WoIUiaTW766uCkR3s7YlmJ5sowMAVWxDqxKPRqDZXKomqGg9fCd5Rgv/09iOQBEetf4oFL/GLTl7g8iWS3TTiJ/QUJvnWbJr2t/eSVitpNDmOi0isGqPhsNkUq2PQWeru7+4KntUXO/owEEOh3e0k3XaWzgb7+5s3byfNpL3cBbRglv7/2fs+Hdj+AAAQAElEQVQPeEuO4z4U7p508rk5bAR2F8AiJxIEGMQkilCkrOQkybIsy5Isk5afZPnn9+nZn4NkP33f0/Pnp2A9+VnBipZFSUwScwRBEiBIZGCxWGxON9+Tz4T+uqq6e3rmnHPvuZsIgGxczM6Z6enp7umuqq76dxXSUvQLhdI5+EGFVsaSnU3PzZ49dbrdarWaLbkC9wuBZC6lSuWGO+988qHPvxAEN919p1cq9Hv9gheo2ALg6YflhDO9CTXlyqqrDIbgCnGonDx3zaWoV35y+czuxTsrpUKldOzxJ0bn08ricXvYjAabJKkfRY/UBHq0K/SS9oXO2Xuf2lxtx0Yjz7SfEn2eSnLpAlu/xBK2U48mTFnCCGuSwamoJ9VT+TIpTxSL339485+9Y8pzjSHayM3UCA77Nhzc7qeNYwimRPUaXsfyAIOiHiFXKLpqWsOLLtK5YlSM20F2WKk00uosWidZNJZXfb551P7Zi9nZ9bG4wam1pBvJb5deSU4dHedB0e3Ey+e8PQeG3gXvwap9A5udTJ2pv7P3+HhcTHZ1qSC2F7KSNnvZJJ5sH8dkaOB5M8tUg0VKmG2FJR9xksvglsYFT0QJ+/98hr908dp5n2h3+a98yv3JN8Z37dQgJfXXgmkpUOvVmTrXItpOcCcD/dhnV7gfAt+789Ce8fPfe9PeLz93Uq7l2ZVLsWWlGKbAYAohZxN+oWhb/oSx9DdjA+LDVunJs1fNi854qVJwTq4k+2d29om3bh3fSuml+STLmAJZaniWJppMxAGhPZQYcZJZ/E5rhFlGU8FsE5/6LCL1fWJ5OslVVVgi7kCZqcHAfGr5w69++P5/+ZHof9l38tNvOv3B63svTbLmBO/JexuiIE1tL/kHPrfn20/teeOvzHzOml5UIh+UQawmbp/sXBHP84XN9bXBRw4dOvQz//Q9jz766O/+3paOxL4WabDCMbeEoSuQhhTjln0jrLCMqAdXIiY20U2XSBEnwtAF/CfBZ4E62d65ZZ6z/bVnmyc6cUc9hYFNGQSmaT/84p/M1687vPCWyTJAIVNzlFK9JxHrhTHyzZQupxbrkls3oBPG7Lg/arXi+C7bYdpaAhm8m6DPZNoCoWaTilbjWNOZCSP3USgHxq0Fk/Y4Yl0XGlmiYvQ45piWj1fsuUPT1bGZv0jFUCcj6hvm56SeTmhvIeZxbY13tsX57hHW/5oqWXcted1+olweC225RVprsV9+P3vuuKPUgrpsG/2TLkwtcqgrlj61usl+6a+db7sz+f472OUkD9YS9AJbOUPrZkunmX6vnI5iSJk8Lc1ofzIyDDPojVSq0c/k0AZW1WwNq7wSdqOn/uiJ9kYXtFI4vKS+KsEhg/5fWdSPH/rzZ7/5h+/yC26uZDHokVSk3N/MVmbXjaeD0dbE2/2Wp+NWd4i0V1mmGdZppumygeFbk+QDjpMBt7740lSSrNN5q+UdeXHhzJnFb37bV6UusFZzH3jds1969OavfHX5lpvZ8RPJZz+/99z5ue9510ugV2SsWu2cvzB95uy5hXnv0MGV549c/8RTyeGb+Nmz8V995KDM0O0GYZj4vhpk4ale+8uFMysn6x98/54f/TGvdGVAzFYvbJXy6hk1TbPKFWEO9r9wsmthcapcd0F51Rcrrc7F9eb5ZdHpFR235BekggopjVK9krMhqFaSSItTry8JeBwUffDHG3heseAUfUCcOCRgSsWs6Eo9rOcExVIs3+ZjACmIww6K1ObG+tLy0uqFi+V6dX7PrtrkZLFSko+bYRxhbI4+2C7a0szlBk65Wi1JpVqlXK1XK9WKH9D6VgzgHKxu1Cq7oeom22TD0GJCJ2Qil+q2VqOxtrIC+jqpyq6UF/bsqtQqQSGgbcYyZ6FY1KafTFFGuLraaq68FZmlpmVjy0yUPjq1wNmeOUZgZUYmLScMm8Qp7iQZUVXBUr1QWs8xe4mwX6QRhdg5EEAgMlgEqkCxVCK/GoQ44TzdwJxGb0GAdaJ/ZqpnNJ+jW6dmgf7QyTA/9Hlj6jA4jnUbegXixWDUGNpnCBIVetGADU362+0oDWIVmCV728NDfhDE5rilcqVYLPowwh29l159o3Q8q+gECmGBeukYpmmrjYGwwOwBqA4/SDuBp2ZmVRqNyYTaqCAv3DJFW8M4ERqGg4baIf2gMjsDAw9N4C7YbWHOul5AowKd0ytTQl6TxRUUGK4mypNLjBGOkBxhJBFwvgQQFJG6ZODUwTzz8lwlB6tNFJwNmq23TpcwGF4WSQmRA8wJ02gasC1xGINqjXXp6qYMWTaDNnvx0oq9BC5jv9EIcha7ZAgicRWUS9pjwfAJAXT6vU6v3Y3CiJxAcdwAo+aukf6GuaxRhQ9eEUNEZW5PCi30qwWPSyAyIPGEJuOpoMizUyn9yma9kuWPItMh+vp4oBOMksAMqSKQHBFZECA85jpFUZIErt3udNpd9BwVMNP1xpoohtjYbG5BuJNKuTIzM9PYbK6vb0xOTQGskiAsTEPlLLZEgWaQwALRlMQLYsvFCYU6vwyhRC1VRt7G7wa1rVSiKO73+81GY3V13ff8Ai/IT5VoLgSWfEzSvF4qeJKmNtot2bRCqeIEzvTkxPUHdp88fjoKe0LUm63+6VMXd+/aVShKSs5FwX/Ta+5qdsTRs81CrSrFz27YkbZ413elwDlYO5vxAE6Qo9OHWPm7cUDeA/cDKUUgU9BVpRBioC/58GzXnEx9rVJeS2s2PGhJ0SFVp2U5gcg1gNqQUgiY9Nx+zEKe+CKutDvB5ib33d2FghRp5PcsB+WoKFl21IXwnByU5Ho9g3Klk6DnJVCQ4MyTA8JDKAduegGNjOO5cjZFwpUSS+TE6O4E3itHUALYUyGlUe74ev8gjHH0+ORzyCnIqQ8BeAl+KxfisORAmqXc1DnG8x66M/F92B2C0geAXKUhRV4LyGEGI/2IS4s0CMUTC9oWhuGCIhbS6EEonvwrOtzXyiyM5TM4tgDloyC3r/5RJ1J9A4kl5ORO6hYrtWqv05Wcrt/pIN/x9DZNhdkXitCR5yS8gbTaySiJ4Aoih7DPgVcAXlNe9yHuG/l84tjh25tJLIpNZ+QuDGgX+B5EpVe32W4sr1XlCnVqAtbdXtDabHpewfdZt9UrlsrNxmalNUEelaXqeXbvwur5C/K0ubbaWJkslUqA08IRw+WoglUHhI2UL8NAufA+mWd+964zJ44fP3Lk8B13kGpANmN+7969h285e/SF+tTkvhsOymHNyZuU0jkOjClB3ZLYfaUBJ+Iy2NPwJCyfn1d7QX4F01YrxmuVBBDKpDxVP3DHLVIRM8YDOwUMDVEOUlRHIVLPIsbHibzy+NnO+UakfEKm2oRRPk7su2kdGWNi8NnUi4nGizAtKardsTYeJdPWbph8/PnOg7eULfOcRsngJfQ8x9Wa00i2Dlc7eEG/lggjPwN5UE5Q1DkhUDTihPNUulVeGQTgM0Z2c/MEG/N7dFbt73dqPR5zCMps55vJ9ZMpH0/WV8d7lMUXTo8CnQSBDpSuDCFKZOLMtrCmJwM/tk++u9WIdSb289r1bmk+Ke1mL4/k+Pex7nWicTzZODUqj8ZOWP2Tw0BsyeTFoP5iYOHu+mMtlHoR+98/7ZxeudaEV0r6v/YZ9yfflNy7ewejwXE9RXSRgRmDh8GgqBMLd6KSJidZ4InKrKY+/kz4FQadPHDbdcFObKKB7732lv0PP/kSu3IpNjaLXGdzxsXgNW06zd7jLHWMoCSDHc7l4JpH1cmldk90wsvh2sJq+qAaRRi5wAxGSvZqkqQtzcJg9WIXwVNfJvSMohOc/JQMeDox70OwOzePceOpQns6YSlNNswJPZ2wLH6F6bfQs1aZmuOzxA1OHnjnH1z/LbqGml9rfyouObbOE6UUT5O5yrbv9cE8yYAk09hYH3z05//5z95zzz333/86ef5yw520m5u5K2I7Mnz5Eid5ihj0cWKhFljWi4n6vlr+B3+duM5K0NdI0o37J3srZ3pLrajFtJoNN1gI5QgZds06FzZPXGz8Xq0wtXfq9t2Tt5WDSVpkCW2UMueJ5U1BvdeqpyLlLBPP0R+bwPJL7UM0J3C9EEKRUJD8p3Ehah1FZJIQIRpfwlRHKCSKOip1nyBECCommfZ0ovydYMnkoZkrz3zqvdYRy2fp27UwpvQn5i2OYyiGCvzNXNNvdq+IYa3XS/EhGbboURH4lxVb5IXz7F/9Ee92lc5PZJEleqMc08oTq9Ei5WSZpxj766fcZy6In3uLKPuXOJ+kEjXz2+x72QZxwvU9c1s/YF+xctrtEgNeQ3KtZpYAmXuKrkRh8tQfPtle6YB6nFG4avT5i3h7QbtQpPl/s/fQB55/6/ffmqPV3N7cv119RtV8eNJzfCCgR/oZ2aBMnPa1fbscxT/v839rv+vpZw49/Yw6L5fbCwurf+v7vnjXnWrwf+u3tKLohT/989fRz9nZ1R/+O4/sWlSf+L57z7zvg7O/9puv/1/e84XX3J08/8LJ//Fn98nJFAT9B9/xhOed/MsP3Pu7fxD+w79/HmobJif+Q2t1GTT7K3/9vvWHP7fv3f9s+nX3syuQrDFlfg9LQmSy4r8iw1pGc5mZ2qQfJnG3HzXaYqXZXVr1epFUORWljdaFzXfoqV6gYUeOIanVlJr6qBdH4NMgiWUupxi4BT8oBU7gJTILhsKQVQrjsC+SWKpkPUdejEAJlfSiqFCt9Nu9btg7e+a0tFAHleLidfurE/VCuYS+tRJi//B4t9eXqr9eL4RwNk6lVpucmS5VS0EhKJbkK31tvgA/F3pm2fSep3My35cgriRJrO8qSivVAhgWJJTn0oa+sbq6fOGitNVU6vVqrVqbmKhUKxRnhHii75P/DLS/s5Tw0sk4KqPL1CkZZp07YeYkmwwPukzNm6XA45n3qlcoUdeqJ9eAj8TY+AcrOAjU0HokAs0odzXk0YR8ThC7ZLAfxidv/WDay8bQYbocoaO9mMJFvqMEM1ompgyCA30lmFFYa0lpwOWew/mgDUV/poSbCwTaUH5NEGtCraOqwpwxUd0tw9ngF+RGbGI2fczQUWtjvIrZjbH8pOnSc6VuuijNM/L/AuBFPAwKpTpem1XNG7Bysv8RIqNC/0hLdK/bRRuiVH35sgTybmJbjmW7dA/qrsd1Ctcfa6gnHoSn6Bg+1jATaVxKZT3RvlhUDgM8kq0Dzy2AOwnQmIMNS5cZXC2MsSw0A6FFCD3NgAcdafEJCWUS0hUGO0Aj9VpBe88030/XcXlBybRKWNYe1VgrZy4miy1ipM9nk6E5bEQaSYsujw5cWlLKXUUwxXYSOt/uln4c/nXsC2zIR0ANapatXioR3tlT9JZB4NSlvn1I4Zzt4GsOISBM6/opoJhDRJTL4S+tZVGv3+92on5I4aUSFUlKGW55KiYy9B5ENMrRebj1onwFuF4cpbGpFPwMwLzEUgAAEABJREFUpxflIbCEcpUEVldJYwh0khLGJD8z0mAyepQRCdYh9zQ90+hDoQnkzjydsKysbG7JVCgUydNTp9vrdDrFcknRVitt+/0NI6zVpBBSX1pa3lhfL5VL5UqZ2YyBKdJAr6bwOogIjIBchSESZe+SeH92pm2RD2mrfHW5XJatRlcrjqytFJUmJyY8j+Lg0ORX9h7ysCXFuna73Wq0wEpakLfC3YvTBw/tPXb0/Mb6Rq061+uKjbXW5HSVQyhH96Y9e1r38lbn8YstUEM4YDcAPzwcg5uMakPKD0mrILkAPCcHDrnoYUamzBkpr8gs3VFSM4d93SVLa0/jJAMAwhHjqOCFEPbGwSAz8OWksBR7XldEG45zURpKWx2X8YIXVLxi4PnyMxeCoFQoxULI+cCJBChom0DULXcQw0J972gjJTEr8vcWxuCqMYI/aQeEp0KAdyQq4h9HIFMiB6EHK2yC6SsMiiNwasBudyMZAn1yMEIKtFlOTdCoOpbrC6lapdiZyDPCXp/O5QIIn0PNnYshc8kJpeAqxCIs8eM4ZP12Gxy9uSgJSTMUeRrkW3Q+9fbXWnN/9ZP67po/Cb004bKr5EApl/xyUXI+KY2hiGI4LAFNcIxigCP4AiSrJyIjimTZHir7UEKFFXRMkjfeSbYgyINkR6kjUwMPqBHJxV8Ux+2NRmu9Ua7VvCCQDapOTqCa0QvDvhwzG2ur7UazXKtyDJpTmag3Nja6rbZk7c21jWq9XpuewPnEka86ISCsIwgMJFgBcSeyi2oT9YmZmZXz58+cPDU9MzNRr0vaKxf2N999R2N5+ehXvjozNV2qlWHwOmTtoNBYQ1tnr8+vKYHdVmL+mqdrz3GGJlhzRxH3vfrs9I333DXWM8LSxY7VwZllqlCvZSSb53ycyG754skOsQGh8SJsKx8nwpSqdSPmqN+i38hz5dB11Sa7zGxbdWlfPt558NYyI1OfMM8Sf+Guw7RaWgfZSW0chC/R4XWYvsI4BtZBoImy5RmOZeQZwbQHFbZVGnuoR5kNfI67A16Qx6eMHYlgC2yth8p3M54EExktH7N/8StORryD3+bv/mb2ckt1FdcmPPvx6NhfDc3ijkDSmMmWmXV6ROXOB092msKY/fKn2allxtjXBvD3f3/eefeb49vmx83PwSuyULyJa8fsxrJnfJ9YuBPbUGlGKqXMRaYNI1c07V+YvvfwfrbDdP+t1x8/t3ZueZ1doZRYA2T4PBx0dmIyc0UCyOysHrcWnZyNO/5KPpO2jFr5a8bZL6zHuYD326atZXK7MzkfpjdXZXCW7/mBcrUShFiULi31WcJzfkeyfHPwruJ03Hg6SXGW2hQx8JThody6a5oi8tF5WI6/K/sijwm4PEDHTJde8REgBaFBDIdMX/zil+655x558tM//Y/Zywx3gs75E9sakcfejpeG5B39tFlZWd+Va2mKvj5YIBJLmkK2TnpHtC+IZClsrESN1X6jFbf7SY8UdkZ5KpSlMEbvGthAoZAWjd76s+c+K/8mSrML9RtmawcnSgsY9NZR1gxLX6elylwNDU0STB8hoO2I5tMgFGI43TOLG5F/PH/VYDXwyBS/UAgSe7VCXIVwJ0rI5kzxI0H9oCRkm0+l3k2EFWGHTGiCGRVw+l478DlPeaB6r+KFmnAIhYxR9SdPJ6i3dQZ6ZcjQEXaf5H5ZXyH77BVgpU+dZv/mjzhsBuHMCNa6//Edgt18fXLrXlYvsloRjittdnaDn1lnZ9f46ma690SIDAbi5BL/tx8V/+LtbOqS/LBoJI1a6ZtvT78thsit++YLWte5VYp5VhtqhV1zlj8yPXqzQy/tmYxxCp869tGjzfNN4aCPE4eTBVWgjj/hyusJ+jsRF05ufPUzJ+5+83WmyakRQpfGLIMaH6ztQB0GNOtDmMDwq1YTNAPSN7hdOz1DxOE4eafnfkSe79/n/9K/eZQNSakYIE3S3/Ou5jve/sULFxKpStm7B1Tx5u7dd7q33/pku5PUa3Dxx/7exY3Nc61WsrjgIYqL33z4Ua4LPP5bS8svuWY9Gq6vvPhvf2H1Hd96w8/8LLu8xIeeZ/srMw5F7qoteoyU9Z1O3xNu6+Lq6tnzQSdm3X4BdsS66AoUiBLFEOe0Mwk20sVJCDtYY554hcArFaRWF3EnQUIDDF8nrdBdqdVyXFb0I8cJ5QVwspuwwGt0WqurKyvLy1HSn92ze3HvXvlUoVyWMxcMuqiSA6cCXWnj6kW9UJZRrldqkxNTM9PlWgV8bUqzNjrcTIS91sxZB3QvpFbqrQiUBgRIY3K0ubGxvrIibTTSVj27uDAxOVGfnNRGdI64iYSChQjbTjVQ4Ji4kyuVsC5JxrTJlPnJJJOTXYk0bAnJs39p7djwFe3wZFqB54wQGRR2RqCvccoGEQRwsNI5GSBdvfE910zU9qauTUZ8u+Gfcuf745JUby+sbhc8xVug+ERYE/pw0rZrACjwgEWB7Xra42rAcqyEH9MWpJ8GxKB8ApHWivYzSpVOAVybSOuoHxQKSh4DeVDt2VcVT1/nIOJEqrHDfk/+H5LJVpo2ZV6IXRMUEPTjUqgLNSxND1hzzTSHsczSw/Icg9lEahoY8mVTIoCVwx3+rqfAJi4ODxwl8B+D2Asi1Rxyka7iUMYE6xGgSQTiaRLZQtjv2u/HoHrXiBncIA8NVFKRqb9Va5YfSranwaz8wNg4U3LLDENHZ67Ma0aIhiVNk9N5f2mVSZ8atghyhmW8amlnSzZhjkyN/2uWcsOADQ4WWi6Z6wA2kWs6yYnBo5ScBN2wK3kxzAVJRBn6/kHjKaeQEMwseQaG9tCRmbnIWV5bzvVM18KxSq4JqMO5jtuVEgRNoVI5iBvNg7AWj3KeOpr+2AtYpkkynO4MOD+KOSCeAiK9VSqVGAl9v9fj6AiEWXXd4nE6ETowXqlUmpmdaTabDWk73NwEb+o26MZCGhvcCaFAoiQiOCND8zPbccox7JHMkNgGeqJxZMOnpialGf38uQuOuyZbLesv6TMGRCRoEud68HmBG/hBu9GSjEVaLMNeZ3qycujQvgvn18+dbZRLs5y5rXZXWmJmFiZd4W42m7dct29ptf2Zx59thh0vKOE62mWW6McGcFVcxTUResGl+UvK7dIVlWDiWgpwg2lnIserJxnZ0QC5hEVQXKBNDte6a8qCTlDk1/e8hPvNJLkY9cuOV2o7ldW1mrS3T01L8iEN54Wg3+5LyZ1Gn/qyjkadC6YK1l7wENoimEcLLCHKriPXM7HDY3RwIiIeexAdB2AoMfgNFhhkR6SLfIe5CAKBLYQEL4G4Pk4aa5AmrZKCUGh0DIdQjkxImQWSoZAkGLuFBcWCAz5ONAbBKBIQfUImTQaeKsJus+mCo6EA9iW7CK5yyPnJiO7XaJuvobxwrZIma0q1p3i6lGErE/Vut93vdCIRgjgcax2O0ByL6zPwBhaI1C0h4bStwo3OHgXMJHGlNAlD3PM0zM1A1Lfv8lQ9qlUjXK39YG3R73Tbmw05SNxKSY6rmbmF5YtLkmPDUOGugBCYfa1kFG7Br01PdtttuaRvrK1X6/XqRJ0pN5WcANv9XodWEA5yE/SQw2cXFuRYvHjqlMxaKZdlgeV6bWN15eDttz39+Yc/+T/+57t+9EdgkxMQ4wTinQmrs4f0P9MtGVgWDpVWxk72Gsmcf03l4O2TXb2XSVVhVMuxzfj8vt0sHDPIiF4DifGR0PYoMTueMz5OZI+cbcTNXsL5OD5OaM7lfJzQXfs8s+fVPGvya/aTlsn1jvBsmUJO65eWegdmVbAWYSmhlT4I4wOCdsDa9ws5HdzTC3cIa8LI2o31UOgTLFBhU9RTqhTr9FWdjBwgsleG5Rp+b+evdLzZ+9jLOHmzrx0FOqGke0ykwjYfmW3bi7bqbsxp/SufSU5cdDAOAo5y8vxvWxeGpclqctM8u21B1Avpq4+v82fOs5eWnHgnYWGkJPern3V+9q3JDTNsp0nps7mOtzge7kRkg3zQRSU7XB5HG0y3XLf44AO3sEtK3/fWuz7ypeeOnLzArn4anI60DBvlBMWcM7ZjZyfPnwnvPOAH3tdg/XT0XNTuXT7dGTLPrD4gSWaIAopnmShLNSBpDvQ7knJGKpBbfkfovNe+0GudTeLQK0yV6wcIIJ/3SsJUyE7Lb4oVkcQu03oXw126HHdbhuGpJNngzHfdBdedNpOKa6x/WqbGmmS9sAzpqbFplBj5Y0RyveF6of/227+ze/fud73ruxjiTqSq5Q/+4A/ZyyNJkZ9fSb9KY41tm03n/IWoO3qr33O980vhRiISrUAU/SRsxR2mVHIJV/p6rTOl68pHrVyWkPNOHR3GeL/DVcxGd3mjs3zkwhfkA6WgWvKrGhdFdBvKv+u67ykH04Q+MYxyoM5bpe1zbP246iKlhkJPJ5moLiy7ny21sqcMhzk8He1KBk4RJMoshFoO8Yn/bx5B++AvfA7eSzFxeOa9OXHBQjakmZh+jbIqKXSLjZ4ZFCLYkCsic8v6ZcZR7lkxorQdpKdPs3/9+xwsO7hFiGXgDGzXvPiu14g33sDKARteZybWOuyrZ9jnXnSOnk17m2kyubzp/IePJ7/wDlYvXFo90y9t9A6MWdoFZt1n6Rc3Y0E/yWw+YmXLoGT4aD8i6klhHbN36XzlyPKFr15AxIlQuBPOY7xN28ljHGSJvvLMY+fm9tX3HpwWOROrHmKj6pNWZPTdbEeKbDdswxusHmW2Nsd+Ko5/RIiC731g/EFYq7ryb+gtz+P1Wnprou7KP/tBeYya0Uu/trzyKRXhhWmyCC5PPvpXnTOnb/13/8EtXlaoqbR9difm9tMOPiasWylZyuenE6fVO3vqXNRoJ812kjjFIJAqNMd1pCXZ5awgFZu0FJbLadyMh7v/+1Jx6gRSzV8IykWpy5XWAuGSu2jwBhoL3kuE4xeE74aOCKXOyfdiuC5c1zlx7ETYC7vt7nW33lSZqBYrZdj+BzF8k26/l4B1V1q5ep1WK8Sw5LWpqZmFuYmpyVK5JE3jCOFLkJolZCtyactfYttoTFeZhif6QlbSyGql1ldX11ZW+t1upVabW1yQzYco6lJTXSySHVpbt5SNCmruKEWWEGLQfL6jdMkqJnq7sOLFGNCJCVmSsc8lVybqpe3VxVwbPZkHpOhhHSU03MQY2pJYITPUbkLsZyn+SRsWQQq4cuvl5Prf/ihYVAoxEcKMBGGPgYEGqtAy2wuwwxubnqPUTYYA9VJypCEQY0XBdJJIUDPhjY72M8Az27cM8MI0xGjMzGpAmQxME830V7BDrASOWznCi7BhvuIFnpG7EFnFsM1pB6ohpoP+RBBnI4TwRv2QkYJafguMUw82TcFA7+359qfkSsGuO5+WEBl1X3YcUDbwFc+NVWjg8zG7Z9AfEyQMD+QR2iQ7ONOBYUy0JgONr16ng/7s0eNMCP9rciUAABAASURBVG1UQ9GuIWoQ1Z5iy3m4UHZ3DaHOpWHzO23LpU5/uxO2vpvrt2uYzAYWTFyBo9jOiZ4BFWQFFHwHGyPxoWVeLUuETXDY6MbyK6qGGqxF7m10MSNF4A91xQF2D1ZZ5MRgdwMHP6FUqcPwRsyJWimpxSA9mCo49CKXRM4hC15NoJAs0sjgqVynCI4+p2A6jGCeOMEZxr9jXO8gM6May7D63EiZQi/pwCkR7ZHQNCDhmY5SJGIs0ImgwlMxX5tJNPoGHBU40uacSF5VrpRb7Xar1ZJNQqykl5B/NL791jcyUQvwLSNmZ2fbnc6pU6fPnDlbqVYmJiZkObJ8Sak8xzU+owhxQhzUwegxkrHIPGTqTnSAPbEzHaj28T46qaEAMjRQ3nK5HMVsc2Oz22lvrK8VAl9WmCFkD7ZQk44AKyC/b61a7UXxyvKqrNTMwqLjBa+99452M25uPhFHnUZjbWFhTubttrrV+sRUpd6IxGvvuOnkhbOPHzsZlOZiJtsLDvmYE6OygPa+4JocG5ugt0cEmEdsyMdUUzSVk3RQDWbJiBnnXTtPRgiy/tmhaLF1+ePV7RqzAa7VJNZP45FMezmLM7J4TqZEAYBkEk19VPeRroD2cnmOU5ATOmFRI+5f6HYqzC0325XV1YLrLk5MyiVNpVSQUlaj1Yx173OcrXLcxIK8nsOACYH8Repbk280kfhSvnFEhXkQwEYuWfqwGOEhOjGRf33ZBCnPxX0dzFJedzxfLpBIcQQFAj1MUKRJ2SHFFcTZTYAX8qKB/hOJyBIKz1Gzr9/vQXwol7k8AMdFDJZVDCY4lERupsi9igMAYSbXa71Ww5OLNC7kUq2ALojAURWKgDg1Bml0YnqevUqTtk8zHaBa6/JRGpAS5OyuXfK7rJ29CN3ZC+WXkIsOKa4jbceQXBqqmYC4jsQWfrssIXC3MC9C0ZkkYHA9RScYYwfxnbhkQ316Sl0JWT84nVOFixwuLo4WoT4XEFXXW19ebXVbN9x3D/dcuaKWC2zJxCUzkCvroFxePn9OrqInZ2YixFDL6wJi5UZMNNaXV4q1cmVmkmOgTYFsRZRKjc0NKQH4vgc7dFwnkuUE/tziYqfZOnnkiCz24OHDYa9fLJcrQeHQLbc+curMZz7012/4zgelkl6KDJIrMYrD547EOQlBzIjRjjuSKwyDFUO+HRv7E4/8yUaIZSZbygh2/q5LSINLGnYZsuk49RmvZJwnSJz73R7bMWDV2LvHzk9kR4GrhOXcAo6bnYil6BDTiqE+TkyBzFph8ew52ScYyyJOTMcg5c+XOawcdTy6HF8/q9/KtepUC4dmxylqgyV7SGjmogsAps5ovQ7BdlSjLQ2x+l8p9RCDIlkBSOV8zAXQKzTxrLSU31PMbeHdune5vSLJclBnL+PEg4kt7ooRu6XU0susssz1EefWkzuTCH7/y/HzZzjFqcDd7VxQ3AQ179QCyFTy8K7kjt3s7gUxXx1S2u3z4jtvkv/GT11gj5/nj5/h682xaiNZ7q8+5Py7B0VtPNuPSHFi9HMI7kRn050sBgMzpGsrusj4jvWIo5JUtt24d/72G3bvmZ1gl5pkId/++lvvunHPU0fPvnD6YhRfrl54YJYO+THEjmtd4prr6yv22bipH7GvvBjun/cWp5xrJr+2uuLouUge2aWlESNjkILxjC8YPbJ4ZjEvRpUrGDfxRHKfh6d3WxsvtNefp3th72KvdWZy8U0Yf1ZreTT3TDmUVabFW9MymebUTCFE4273UfkqekucnPeSQ563nx7WRVpVM7zeLlPPKZbtPMEGrA1XOf37X/wleSTcyT99z7vl8eWDO/maJJs5GyQHU+KgtrrIzx9318NNfUGp5Ei5SMdEn5ijzqmjFaRxZ5SXUK1scNKhw51O2JJ/uhxFt2W2KO4pM89oHyeDyWadwyneYDeMkdTcdLgZ/1xFq3HMWNYLQONxJMdqjMcREytHlSOEGAE/EilqxwibSnZ17DlksTgnI9UbfkmeVHjq6UTBWLbrDZG5a/8S6gUi97gwx0tWZZ1dBcRJGKb6aONjZmYq+aE3szfftH0hUyX2thvkX/LYGf5Hj7DlTVUCU15e2FrT+Y+fTP71t7DCJez1Y0pO06K/PqZELSPepaponY0PK4xb+YQRS7JHVcpQHyc8fZceLXCzu9k78v4j5NWUsCZCBSSGUNbgsQKLIw8oFGpHXvn0Xx39rh+8sz6ZhUpYhF1oHIk5Z0bgH6gJ57kyMsfBpCdV2i6WNj3TpcrzXbaYJPnbvf4bfe9/d5w1dpXTxuONF/9jN1z3mTGhGnKGlxpPPf7kP/9nt//yr3ilErukxLe7uG0GSMI65k7x7MJLp1hT6mY95hcJMSdA4xpBwI3Ad31QmCZRmMRhHEbyDyCqvlOWWqdKySsXHWmr9sDSAVo2GFJS5wlr5cSFUDt9qUh1/Rj8VMsyk26vt3LxYqfdKZXLB266uzo7gaE5Yqnw7UrLlrRjR71Oq9nrtHttEEVmdu2anp8vlgvSKF4slaRdXLWRrOMOhAUx9tqcJV6fZFqrrP46A6rdhC+b6Toba2tLFy7EYeL5/vTcXKVWq9SqhYJPVpso6qv3YjEaihBrZycmDruwlBVO5vdlJKFt6vZPOjE4DKYHotCqjTwIQ9bQGKQcZ+SLtqyw/Wr9RmYNOgRDCxMOJq05GCsTpUQ1ZmNTiEHtMI1RME0zAWEcKxGwwHg0YRpbk/aJLo1ZTl+MrVFXb7izkK2TziyGKSSVGkrfYmRP4bqxlGA7pNp1bvk1oRoiItzF3drai67qn1wl7Vaw7KLC1EhY0ru+FKPIL+QgL1XKhDgBFz6wpZF8iCNV5YqWmd1c6O8AHBxRcJkEXbPI+ssv4UtFtFCgH0kuyL8a7Plk6kOYwENm5W66klljgGUSYk04qfRdBRbiaaMIXyKYAsEooAmgwwrovsUjVwJap6Han4gUcI9XsZ/R/w19CHBq0uuDP0JrTmEYU6aCL6ia5z8Baf7tz6QWRFkClGsmmJmY2vZvlzZKNz7qopnyg505ZNiMQ5G2nhDWzGJjJ6xVrDwMcCXuGEnSqvPwd2fQX6pA1VG2ZVgvTTOVtZbhYlDdocvPsI+RdDtDAFN6kjOVipQyumbi2yWM+7pMD+yATFkpydEK2EwJdImTPKgpJ4073HzS60X9vjxKEwO6NgEypRTlQvdw4mjxy8V9m5ryWbAEjHqhCFmuFfQVDAJe2mGReCZpRSiYBSJOXCRQZIc1s4PoAbdse4aBMOtzYM5Y6FFBJEktCdAhAc6HJF2bMsVHxvZ0Iob85HqcaDkY8B+FoCDf3ev32u02RJORpl93Zxox0s7KGtfrtanpqbXVteXllUKhEPi+JGJg2xPCTAZqBvFIALgIFb9NJhfQgZe2AFKNGzOrbKZ8dalYnJicWFtdbbc7rVZL/gwC4XrMHtJgbeVCEnDAnfT7Mlu53SwUK71ecuD63adPLj399DHfr5WrkqzXZd+6btErl2rFIA7Db37g7n7UfWlp0/HrCbqFYAqRkDCNgBlohJuBIRuxaXQjx5mil55EvppX9W0v+yS2YkF67WeRcnTfidQM6BH35O3QFZtCXOj3vDiWAn6pWChLW3u5JIcfyqFOp9OWSw4ECqA9BPDjAMgCzF0C81/olS/nXG9tTQK5WvY9Jaa5MfiD9MCTIyBtHSfpcxHBMikEhyYJ9wSuvYVcTQnSCqNPOOOpz3G9TLtIWHNsBbIW/qBqsBsJw10AGFDeKiSJXyiSSCxclL1gy5i8GzJVabVw7nd6rrcpn/VLRSkcKVqaykaZDh+6Wvx6SCoMElOrDV9S6Vq9XW32mm1YGMciFbA0J1JwIFcSNA8FSUJymCAZ8CvRcqja3wdLXsYU62XofI+Nz9yFORpFCdRHC7W4HIijuLG2Njm/IPk3wJ4QiiRz+EFBsp9epytl3KBYkHOlXK3WZ2Y2LixLsb7daDTWNwrVsuRVLAJcIJi1XYhr2+/IFXrHL8h1f0m2QK4F5IBf3LOnsbJ6/Jln+u3ungMHKxNV+brKRH3PjTeefPqpxz75mdd+y9v9ki/XDXLkSpk8zhO1SxNoLj0N0nCeXVTbcsOlyluXm/KLhJcHJ4Cxm+CouzTBQa0sx889xMcJ6bVDFWPVxp1kHGKJ9C4T9h4+tQLI5OEq1KftN0XrYfVk9xxuVg8DZebeyDc6cUq9RWq7Vt4daJHm8CzWROjwOoyRMwgoQV2xAu4wUuYr0UXvNjEeU17tCbkhSy0u6dURmXciq76ak1DdQeKFGrr27RQtMfpxNpBh26798unk408LhadUFFUwMxfM1hz0rPuGG9l338pmymycdPuC/BM/eJf44mn+50+y1cb2W/nbXf6rD4t/+VY2TlJiE1NrAoMswXmue5MzqzOJZIyHO9kJSS8V/Htv3n/LdYvVUrC62W51+1JoqFWK9XKBXaG0Z3ZC/j3Ibtls9xqtrqSHlWIwXS832/1nT5z/8nMnu7CxbCdpqzmZOaMprSazuc0toKWC4O3Y2UmcsJfOR2dX2O4Zb2HSuarYk42WOLsWrTUuh9ZsseTR0zZ/cXhKe3FovtSXSWK9UY1Ljh68kqjXXj8ir9YnwHa1udFJ4mancaJcO2BYIz1Fqk+uPaDo0JzWfLE9nRi/oVjFKDpDiJPX3rlPmpke/sqJKD7mOHNS6E55d7bMRHthYYaPMwsBZrWajaZa1n3rx5VgE68s3IkY4wpjLKswHfOh9Nk8OUwlFdJZk2/xRChPJ7Z3E7V/mmvtkI6BneaEz4aqQxSMEhWb0CAtSOK0ZDAttCUYU8bkZxnpcYiPE8G2Yo+XlEZ0G9lRmEYxcuV4hBAkKY6E7GwaieJYSEiqJyJRKLCpZQLk6N5y2GuV/UakOBX1XlMazTNHGeh52ieWqZ+rzd+as6v607YgNnJ86ZbbV4yaXfdK7nExusAdpH/9J6zX0zpC1SCwK7/t3uTd72A7TffuEffuYb/9JfbZ51WrzSJgedP5v7+UvPv1l1Jhrg/a1GcPwhQckluwDmRVF1QZOglmrWVGnKun9fC311M8e+X5P39WWtBxqynq1JnydJLgvi7cDIZYE/KDAlp/8IbSD+PPffzYt33vLXqsblMfMVCHXG1zNi/T3swEzqlb01Zq9SL9NsKbviLyn0CmfWH0q5wf4/xRx3nScU5J7SO7Qql/sb/xRKvxZL/xFO+dc5WTMjUfyMhINkp1pXX0+Sf/5T+/5z/9KrvcZJlZ6JDjr9tRQz76otPqBwlgN2ArsQu6zQT2z4HVR/7HpVkUfcJHvb40RMHmUV9aEQpBqehXS27gJziWQCEBoDsHYlNAiHMWerDZVKo+I9giDYvk9Y3NVmuz1+1MLsxOTc0UKiVG2/6kBjaKwdgrbVzdDhqbRbFSnpydmZqdq9argTSqBAXcGAsETSj1mukatXFEWBd4BsVLNIs8e6DXAAAQAElEQVSIairwo5MSJ4r6S+dXNtfX5SNS/1apTvgQbQTccJMzFVOG5kqZwrMGRVpXKeUDuzpJ2EmjK3KrGJ5FnJir7IolMVgr86Kc2dWuVy4nI+2Sir6CcweBJvbj3E6kXrdap79Iqio0R5ExD6sxYFdpR0u/Uc23lkc8WzLXgr1U3zKMyCRnElDZOEKvLbEC1Ch8AxJMbqG3eeZ1YrsKGVnOjECjO9VtR/rk+l5QABRXpVaRJ4wZT+rpOkLzfePIA4J6o18TwJ2AsdYsDnG3p1VBLizPHyIFY9k9k01DhqVgWTcMZkdwtsM1DslVyZfm1yDAcQKVSuLE/hh6SKjZa6zX3XYHwudA8HpsYBiiSEsiMR9CTZhVGcWkxIi5Nfjhsisdln4mu4vGUXcP9qT90Udmu/Qxf6WSMAdmDdF8BpWyN/J15/krugeuFvHNvUxsRVNpyOkgDVuhc66adUPY5XMuWKoLJ2SGUkEi6A2rKe2lYS/s9aVZSvJtgJnKW0icjY4IC85RPM4y0qwC32t5xbHps34gT+CwMo7K7jhe4CuIifJukoremvRYLWSGtnMzBowpmaGxUD+P2dS26ozvIqG8k5CT8/FAJ6O+mxDmlhKjCXdSLBblBaQ2PdmwYqnEdqIMS5T9m9cnJmTDpBVwZWV1cmLCm6hLsU0aSXE9na4zzcAC6hi7KeoEPmriOJfmc5WPL9xQq2WSklWz0ZB2S2nWrJUrUsZKF6NccxDstEq5LBnN6ub60vnzC7v2lqqliYnqHXfc+Nxzz66tN4Kij3oo7vu9kuMGHq/7Yle9+LpbDl1cerQddjwvIHs+artwI0haWcdQatr2QXIH2YFhRjhOSnw16TZSCLu26Vq/7+WUSGTZhlXp/R9CkP82syNHfkgfIon4bleEK3Hi9fuFTnui0642N32XVwplcPbBXQRBC0nsaGkJMBJaPNC4BBwLrEUwwaIDnJEA/pUVHIiPBYh3J4LXETHBZXZC8O444UkSSkGP9mmBwyHPgbCgWCx44Ylw8cMxZik1madxshIlBCi4LtfVYuiEKomRgAspkWF+7gcBwMh8nyY4YFMSV/BYKF/YULM4CXvtDseIgKHMDy4xXGYkTqVaMqgFTV6/5tLC1UxC5OQ2CmytVg+0jC+US5XJibDXE11FqYz+XzM9XIEi9wJnJw76zsI1qbI5GQHRBP8TCn/vSfrj2FF1xpv0AsEr3DgKUn+I9lZbX6J+vHFhqVqb8ItFx2NS6E/AbgRRJ6WU3NrckGOtVNnlyPlQ4pMzc82VjbDXlfR5fXmlPFGruHW9lQQ6pVQqyirL+3KN7gGs26H1TLFUnF1YXD1z7oVHvrxy+vzBW25e2LsoV9EL+/adf/HF448/PTW/6/rbbnKKBaTHkVbvsbEb+/VFBTk6kqVzQ/6uPevJJSWcKR3P5VRmB9gIbu+O5Vo4UF73GcviPBjLrPytI6MjTxEnjFk4FcU+BnAqVk6FSmEsp1EyZXL7qGrCNJVQtgEL4+Kgaz0SOxjRCIZukxJyWQLyJxVDRgS4ogPu4DnXeyeUmxOW6lLFdmqCV26y1+A8XdlkVoumKzK9wBl/FffLGEkYtIQaIbTow3vDsCZb/xx6ZWjqhOy/fjaEjeiWXxNuzwh1ympl9k++yTm089g3Mt2/V9y/l/3Jk8nHn91+OfPSRedjLybvODTGcKD6kdFS405o2tMMp/ltcCdMSQfj4k7GTMXA/4G33ztdV0gceWLOr0aqlws2lqVaDu67Zf+B3dN/+vGv9MJozELsCZifjMzozC7R2clOUy8E6MnpJTZdc6aq7nTtSjLTdo+tNuKVRnLp3k1yKTM2hgyUYQSP2c5O1FDUzzNm9L9pqWY+WizNzEe42+tcpKf/+89/53OnV//Fb3xcnofdC6J2gGf8rqVP6dJQ1rW4p/rcOW9teBpHS/IYFLxf/KE3yJMHv3ICZ90mE0U1fYwpRfNfbmFWMp1h6Fq21yzOuNWcu4LLnH//i78kK/ld3/WdDHEnUnj+7//999nXa+IDvkM0DyIrqdBWGdr+lehlv0gMpsTk0YgTS7YTSsGaYi9YxusJt7yeKOqNUcMpP+ak/W5Mezphw32ccJa5ewlpKBXEkyxhM1gNqqzhNEo3qq3ydF17OmHGRG5JQMoTicj44hJDt5sLFW41X74qR9WXGY5n3qtpj+aMChnDDO6HkbcPpWEY2S0WcRADd7dRBF3y5P1vnxLnLyj1oO5tSD/x7fGDd1w6m/jR14nrZsTvP6zHoS75yVPOF/bGD+zbUWEsY+dmRull3zSDM/tQFoLC7TKyWcXAkVnLF5UsAipy2A6uiPGph081zzYS1Ijg/i8IjSLXKIgv4UGlwFzeavYE10gUvE6+vs+e2Tzy7NLhW+dNacJ6lzXEMueMjTwO9GN6opsy2D3DH0m7gZvZOOQNQhyUf0nyN9notPSL/6b/9BM24TNH7dM4fytRJ76BLtA/CRky8Je5QsfGs08d+bX/fNNPv4ddauIjzvH1+jrf5sGhiZrg96KC6zuwncOBeN8OWCggSDXs7IpFFMf9vjTExuDsJPaKgVcueOWiWypyT8V3lgVJ7apcDUMAHfRb3nflHzgOjYTogf8SyVRYu92UFa1OTs7uWpiZnZVa0lanxeAlMYawkCqvVrfd8nynUC5PTE/PzM2WKmXP97E+Dn2UZKTawlhYSFBJBokVqnAVJ4qlQjiJV5eXO+22bF2pXK7Wa1KHVq7UdHmkObDFt6HGYCKnGWd1V0lNRFZz49ok0cF0bFSGervW2mdqIra0kY6XLB0123qIpe6i1a56BfqhXTpGNYSOKnRKUscmmUYpy6OrQgU5ach7CxXETRcJfdeqzKVypiHtEtlORYEfutbRt5SAbcLKkAob7X3wO0Y3JyrwOzH4hCmnHlrlpFaxTOuvRN5ozS0qykguHwZWQLsafAgwMkgrZ6Ui5xTBTTwfNvNGcnKK2PS541jrCD3YoijWgIxI69aUxRpkIcKyYxvJ5YneOG5/nZ31Med29zLTQnNOA4M8mqDNxSPztJap9CRITLscGlxoskFiDoStD45b+hDMK4TzWDs4SYZ1dK6OTDntICamdgHmU37Fl9OHqY0AmZbmF2hjpys4yK9iIoFWqNk6DiXJPz14bvfYAOLk6hBjSon12gH5WXtA3f67jFPFS/m4isbqnwmtxRykVBSvRiAJTjCAWRxGfWlW6nUhmI4J8mUm/FbfSHFezYKEJQmbv5QtinxkH0GBAYi2owcBRJnQT+PdRL8k2xuqjUJX1RaOFU+JI/Mm/a8S0MzaLxUwoSCY/mN7Osn1hFGtZqc0Jc/zirxItiVJfSCIQeDvCPxBJfuFoD41ObG5ufLCsaWlJc9za1UpuMTAUFyeWcSiCybYte9LSzyPIinJRf0e92Uhvm8ctV09kUUepUhXLhcnJmoihs30m6VSIFsN7JxrMBC5mwcazQGhUm73Ousbm/WJ9sTUXKvZ2Ld/9vY7Dn75y882mmvSui7/SoVit50AcoBHpX70wE03Ll9sfP6ZY81OyylXUvtupiapSEdAZaE4hOCaZdHOKXQA7todfsUTZyOVF0Kwq/LKl33SXtAEeczTsjUlctJpiGqqYiFyom7CQsODrym5vOOGntMQfS8OvU6nsLrsxrHPuT9ZcKXs4zvFYgnFMQikJ9cqAAlJIqBDJIpJGgTbJRNlREAveRSVimLuOOBaRO1JQhEvFr4biyAJgC+4UdSKkr5cGcmypf1elgRmRY9w0wIsjDi0Yk5xwnAhhc6ruQq9jJG5mEZjy9JjoxdTbEVWHHAnEKWFokxGaJCUj3vMZWES9qFeUvBDwHMSdnqEMoTlXcLA5UnArXDL6AKKp34MBNtymL7qElejiBhWQk6lCqVSbWqi22r1O90YdlOQXsZR6CCkIuDUD1FJjusHcqWKAj5yEUFDSRqTmUis3qROThDrhmAj8kQMy7mxeIFelXK1oCXwEKpkMGQbvLy1srFWWZrftycJYyS2KOUnolSprV+86BcKcsFdDSZcx6vVJ6tTE5sr4IBH0ueNlVW/WChVSxBISEdhk0K2HEXdTkf+DgoBydryPbv27mmsrh/5wiPHzz++cX7pxjtv33Vg78z83ME77nrui48+9bmHq9Xq4sF9Apl6lFgcmgtujS2hKbY54fxyXf2PmWyWnZVLrjUZFpa7wmv/9pGJE7mRdObyq2RZh7bLN+jjxCy2hMFwgChF306wDGoks4gyq3TrPH3WXFHPchXgLN2ZnX02W2bmmC7ehOXjxMadsNTOb4XXUUwGrih8CYbNMWcsPUfyI2tIflAyCJVtED2TN7Mx0+Qh+9f1E9yX/CTe/rlKgR+YzFAwvmu/OHeSjZH8/TeMkStlSDwFJI1iU5ao8HXDxS4ziew6T4+scc23dvqjR/utVkLzyMFYgRz3tnJ1rnyf7J9n//ztXiVgl5P+1h1i70T8u1/Y3gvT+57ib9jPyv62A0I53xAW7oRpBAmJnTbuhOkZT521Pe5kvPTO+2+9qiiTcdLsRPWdD9z6/s8+wa5EGpyL2oqZFTh5xpeRcnbCLjFJ2nVhPZF/DiCceK3kVItOrcT9na/yGx3R7IpmJ9lsQ8TFK5qyM81KQzpNGZLzeiGz31uMeJC4m9Yxc9u2YTyIuK5yzn9xo33b/mmcsHIKF7RGNf+U0bTSC4Qyh2TKxG+ofatwogAAb7rx+jl5PL/W1k8HzNo0aTTg9Bbb04mZXkaeEIqrZrrwEgjXZaZ//4u/VKvX3vqWt8jzd/+Tn/7ABz64tnbVIy9cwbTTWTZUM2n7C0kGfIfgCEGnnIxprAnp5fUWPY7g4uHeTTT6RF0XtCJj5IVZMCW5KXmMaQxEQqgL2FlEEqPQnAjxGakMmfFxoltjDatR0sTg9Z3pbLWE6TgKqZDOZGuFwhhLLe5G5sR9MsJSxKa1VRNOaVWGKqNJOnWUDxUmMmb2jNXQaGFT/qdntHmvdaSaMz58Z53QzRH2FaNIH5rZOt8i8/ZppcHe+ykVhsDqZ/Zz3yfeeNPl0om3H2Kek/zu582SVnXh/3zceWDfJaxqdV+qX/pi+iP90PaXSB9n+Uu6JJ6O7BFeQ/L0NHvXnDcvtk988jiFskBfJqCMphU+D7w7v/ngdXfOy/OXnrjw2KdeUhGzaLch5pdPff5zJ647NFUs+HxrHydsSA0H67N1EmnfmXHK8h3GmJbn1BX1dr7dOmtEavzVh/pPgxBluJvQx6fXGx88c+GlVvf6SvHbds3dPFFBZRyz47qa8yON9ofPLZ/s9PeVgnfMTx+qlpiFOMF6inPve+/UfffPve5+dtkpJ7paN9S/mb7I8V2b+6r7cFblPqiPPAdVnqT4BA2aVFUlUT/q9mOAOAvHc9yCX6gVvXKZFwOMD47DBuNZQ1555CJyndhxQlf0kXV4QSBtHM12e3NjXVpDJufnZxbmeAA+yQAAEABJREFUA9/rx/2Eua7v9XrdTrvZabekravXbZdqlfrUxOziQq1edz1powHECVY7AR0w14727KaTZAKHdI4D6jEN8sKNKoCAGtLA3NjcaDY2Zd38wJ9dmJucni4Wi7hPUOhHzIiwtJGq/MS+bgxMV1BNJAYwE2myoAymdZmHNVDjitVmeMUE/jnWO5WXC5XFqjBxRbsNug/VIyYzw+2GqkDt10SfGkiBMiHxdP+SMJ87jcejCYrNrK9I8/U0pMqr68bpDEOxSGgfIdQDcDdhcryhA26VmSl2z8wnVMOYo8bVupob8dS2tB5c6cQQhERABtzfiv3MIICUK5Xn6OCkRJGq5IynPe8YPEYIFXIX9ugK2kjJOMEyADMWxngdlQdK7kgEBemglXaiZDSwXpN7FGap/kyFd5wS/VlTnxbk1wTBJr604ULoDTNg9EZBorwamsIJrkTdIQ0CEXht6YdhCMZ1AMQlYYgnet0EoF+tbGfZsWR91MwcRaE3yVyy+IVFLvLJKN7tu2JgpA59Nlcsv1S0ytcgceVpg+YJ2zET50xrevUiNMvbrlIyE5xM2HBMtuxzrmwonG9Nfcah1pf2cXEYJ7TmUqgO3IlNnv3By1gIHk2SOOx1utKyJn+q3baoBddgOG6mk1B6eS2JWYOQSJnBjPPRaxx9xgh7AAKGi0TexdBpLmH8yUlKVsRTX52RxMbQoRHSH6EqZnLDzVgvTmmw6V3EymJNdQO4mDDAYb3T+BJBJ3azubaUqM+A4G5pgAykAS+BCGuSDAEU0HHYeCoRA0+RtnBJ1GZmplcuLm82mr6/Ekh7Z7UKw03wmJuOSocsQnehryVNT/p9+ngegvUuiTTvIAHUplCYmpqMw3B5aXl1dTUIpNGzIFcjDgT7FJpjUbSzRNZS8qleL9pY3yhXVkulihyfd911w4WLy+fOdTutVkNazAslL3BFFEpziGyy0w/vOXToxPnV0+2wqwmDJQFnV87cum2tJugX6tcybFU/ddXJ6yuFen8Nk3agxC3OTItn0r+gkMJ8sLy7QvhOKEQzSfyoW9gMS3Fc94N6aaLiF+SYkyOQlCH9Tk8OJMDNA6VMXByHHALew4RREqpDRAaHkll4uq6QcxnHsKwPLIFcEbteEkBdEnkhjmXRQIViuTYC5C/JeDjgk5gBtikCWDYHlL+D8jSSZYYX1bgEGpY4HtEmec1FIQtX7pKI8Ch0ekA3wQOFQ4G0QFAGwySIO4y4LfjZi0LWQ1SNQ3KMFpBU3DJ7eH/dj8TUIV6xXJ6YnQ67vdb6ZhwnaYg3LeUq1YfsfOBb4HKK8yhMFExKl+cwo0pV0osI+6GHkZoc4Sqq5IzV85ylWhjFzVSVNNFPeNSJNs4vT8/M+iAl+wkIyiDTM48HpZJkPetLy8VihYFI7UzPzXc7nV67zXq95sZmuV71A88HcAmUDZGnXLdQLEKeTke+DyM0wavkAn3Xnj2tQ6unnz26ce7ik40vbK7ddN2NN8wtLq5cv//kk08/9+hXJPGf2D2XuLRE59bgyjD2gSvXKGWGfUa3O1Jq37acnSZ79r3s5HgFbmIJv0LfR4yz/SXv44QZZbNSHJgjyx51pa23sRQ1wqxnGRvp48R+i82Y+UCZg+UYFWm+nozphlOEHOpWnL1m/YKGEHqVo7SOtMhXtIZbFeH6EaExKFtB1nh5L5u+Waw+x7bt+uu+2/4p6/Eth70PPbO9q4O3HMoHjCy++ds7f/Jftn3QvelOd3Zx6zx6DUW9ZsFJeEYBKrIkJvvs113SvSEsA4MaRkLf1kNr5OQeXJxsu1w5tZZ84slQm58k36GdSTEQt5gZK9pt+9jPvd0fVci5BnvoBJNmiHceEoXtFmRv3M8mi/Gvfc6Nthyn3R7/06fEj9zDtk7CbBBX/SJG4k5MT2IyOuqtcSfjpDtv2HNw9zR7GaRDu2duP7j7qWNnx8yf4/Fi8OoIlsdZFi2RdXZy+cxHSl8bLbHRiiHSM0j4MLoCnxXBceHw4gVsnGX9vuiGoj+ut5crlWzFFh9K3JQeWA0067r9fFbO4tzY44XKlPVK4henHKecJO2LG539s9Xr9s0cP7FcqOxlmU+kntKMzlw2nDRTZo4/glrWW4zjC3ccBNDJufU2tqXi8DpL0aWpXZqn6IG8pxOtQdT62R3iTq44X7jppptec++9dH7hwoV2u81efikVdy67GJNy81ukxI/ZPk4okS+TBFWT5Dvd9m6iNlsoW45IJTyNO5GX5ooLb567703Td8v17PnOiU+c/NOnlj7PyJBte+5x0Lmc7QHF4eTvRJDwRNgpXVuWrafVMj425R6ru6yf6YBXc9NJHRdxFa0mVRJq6zuhuxyWZy/a44h1ncqh67/14RddR2ul1VGo/tHvTVvNM8pJa3o5zMqq7EAUwUfNU0Y7KUbIXmZmixGdY98XAw8OXtlZ+vUPp5/U+Dj53jcnl484ofTmA+zYivjskXS9ILths80/eIR/x007qrA2YuI5s8V/rXhg1ifjzPplX+HWcywti2vWItJ3pIINVj1DNDMv0F5J5DR9/i+fxT3YEEs6ITUc7aD33fu+55bZ6yeo5IN3LlSnip/8i2fJ7kM+HzEnaOA+/anjD37rjcLqMfvcrq1dh1ytUpGM5RnBIPUXg5d1o1iOg1CxfICfjpfCpYuNP/49ZqFDBNEzxl7cbP7QF54Qnnfge955nrE/fu+H//C1txyolmlmkN3VLEOPt7o/8eXnhO/LzMuM/fl7P/ybdxzcXy6yrO8Tmff5/+M/Tv3OH3qlEtthGsoidaszPj+GdMPWM1UnqYANZX09N3GBlAM9RnyhNERFvb40OzPY5gQhdZxSIaiW5FFIY4HnxrFCP0RSeybVrSwJXSd0Wew5sKHPd5Ow3+70lleWpW3b9b3JubmJmalKvRKB2wSpb+vKV3Q6rU672e91Xc+pTtb2HTpYqpQLRanwgt2ISBvJebVSkJIRPd9cC3Gie0nkznHDcyj1rp12p91qRaHUvjozu3aVyiX5R44Q0D7tpLHkMhNvZLLfZZnlLj3lFCnKvq2NR5RsQ3vm4azGzK4Y28nbB9O27cpqrGkPM/mWIHunba2PrTbicEZ0ibD2m+WSaoLuBJF6TeOD3cW+VkmkwjACmCJheToBy4ESogyHUFKGrTMxrMQaVYzbG7dSvZPuFrsKIjEx+PwAMFtBsVAqy78yeARxYbO9oCgLGEsRYSIiZSJCm18TRuCMXrcP3uLR84BaNQjcjMs5SzJDNO17/a3tfbNj92Am6dYBvgVt0uDbxNMJdvfqGZf59Okggcel5SVMwgiAJpH8At12WxouAWWCtJSM1sJomMWgOGSuj54CQgwSCaHwcEMKNK0Vo/HH46QtHnzZ6a4xjaiSGMr/hz1FCqBhtxRr3LYGTFyCmDrAUPDjbluOGHz8Gid7+Am15RJkPWmNlGbIsNeTf+jvRzJk8EpmVGow5VMmo+3vxtzm8JwGSR2zcMccdaIMKjganQOETCrM0fOKa64DeowMXpnPlaN1jOYdJk1a0/WXmq9Cz16boDI95LQrFweD8KA/KuqxSwed5BpMFeS46uOCEQIO96ODMQ/e53nju1wW1t7Zer2+d+/uY8eOr66s1kqVarkMvmtYai1T22OlCRR7B2zSvi8w5lAEQQ+hEElGmY41yK5EEmKIMzr5mSuVcrdWabWaYT/akHbNcrnmuvKG5noObWzhyFwKgV+rVNY3G8sXL+7eI7Vdyf59C4dvuv7c2af6/c5GmFSq1WI56PeYE3iVQqnd6++enX7grtv/9JMP8ZIrEFJloTnNCpOGMdfSQxr1NqPcSJT1Vwh7WX2F5zDPsbtxLHGv4HQpvac/H3084weC649owhgz/XVxridcIUSkod8LQhE3E3c1jEvrmzUnmK5MFUoVkBwQu1oqlpxELmBgRjA1EhRcACzkjoc+E0Fc4kwt6UC2TaTtHkaqcD2NoIaQOZEgaIHM6woY0n1YdCSA+AA3khigIkmQ4yfgeZQC6AD1c3D7lVYtkAPJBMkGV3FfiOgCJEoSSrVPX9YsBCgJ6av8QiAnGqzg5SrM99DXRh8pGvYkLOriqBty0VFEVYUnBB+Xap1len7Esl1/jvyHYq+KZGvumOYPcq1bqdU7E+1OsxXFfe76TMnkQDe1ckTARyEOBB5PfCn9k3cc3VvpRk89XkRMzIYzVwQEt8zL+tslYzFkpDnSqwkwavejzkars9n0igVwNgWvkV/alTJ9bWKysbHWajRo5SWHvrxSrq2GfZAAeq1me7NRKBXRf6DQ3lqAc8lVRLfb7ff6vh/gGx35U460Q4dv2ry4fOGlU3EYnj96fGJicmJuZs+B65qr66eefGZqZubmyUqlMt2PEltLaQ8kC5/Jh7Ty6qd0ATDs+rV5O7tWr9tR0lIYhnNR0+Kyv0hGnh+aIespROfV2jcl3HFL0GMD2BFtV+O5Ix/lHyX1ccIG/KyY0zHKNLoMy8eJ6jejoMEXGBmNOYmyg2TD6yhAiYqQLozsSlp9dR0kJh1zZ+t0+B+xL/9r1m9slWfXm/jUnblrf+Pm4OnzyYnVrbZp7p9yZLbcxeDgreHdr4+++vAWD/JKrfIdf5dtmXiqWsn9ow4j4m/wSxM8XjVJQUyGTtmBi8LqLz6QKz0ZQ1L940e6ZDQEK5T2awKoR2uO3HOIvectIz2cyIn4y590Gi2YDmfXk5+4f/vveNs8+2dvif/Tp92tQ8E8/CJ/1y1iqrhVHqIIZvIqwXAo7oQpaSnbOcLgTpj6lTEMbpumapU33z2O759rlN58zw2nLq5vNK+ABZ2PQIBl4QuIMsk6O7niM1kqQaJYtLrsZUMlRGYwbZmGdiNXi9yMZcjSXSkex1Plu1BXbK8kjldfeF1z+fGTy5uvPTT3ptv3LW3u9otzaRHaoGSe0u9Qd3nWK4nQAeG4du4sj743K8Tht9++V2Y4u9rkTj3wblW7nrV0yImCaZRMkghuIzhTjshSXN32uJOr+K0PHTr0G7/+q9VqVZ6vr6//9D95T6/XY6+EdKU7Jf0Ug75DhDG5clpuJ9q7Sd6LiRbmzHVcFXNxXeW6dx/6IY8rNd1i6bq/e/jnHpn6+HuP/Dpuu9WKAIwEyrRHUqHQJ6TfMXt206jK1mSxZDZmDyvGzOJQtUU/ZfXgJYsdpKZjaWQWBRgRQmTribNMWXqciYngu998Q6p75Xx1s/uJL5/7gbcf1EYmmBq9MPqzT51Sbcua7um9Wt7WKlPVS3pvMVPBqrndM1Y5xC4dhZKxfJzw4QoEa0iY5Y/9U+QWiea6lTlzZcx05Cx7+PE00BANhFsPib/3pnG58zjp779WHFtOzq5l1Kofe25noBOr+2zESU6rbv+bVb9nM2SLJcWFta6xzlUmkdbAXgGx7FOnP3+qvdSWai3YbA+4JZhgGGHHec133zx7/YRd8vz+iTd95+FPfrmr/ocAABAASURBVOD5hKmw2LQBWR5fPLb20vG1gwemBusjBuqQq23uPJuyDHX0R1YbgridjQtuQ3b0rrcdpvX/9lsiDDP+SHB0y/MPn1+RJ/Ovv/ftv/hz8vpfnDz70YsX/2GlZOVMNdOfuLgq62Nn/vSZMz+0fxEReyaWGTzXW1l+8Xd/+/BP/mO2k2TkVfXd7VuZuTlEVZJJxgYzcJ3hdr6IaowboZTuFjztwu5/MAtJy3W56FWKbqXglgos8B3fg35A1IkcObIr+yLpOSzkPJZ0ywX/bFI719hY77e7/RB0XOVqZWp+zvEdQpzI+vT63Y2VFVzkJ1JZWpuamJmfrU3UvMCT1nHPpw3QJCAp3EmCIXFzn5yzbDdZHaLNbCCryLasr623mw35/mK5PDM/X6lW5Is4z7BCsmFp/mMrvVmucOsRwTS9NRkuU3Wk7WgqyB2BFbgOIKK4iDa3M8a2tj2zK5FstdhgkSRFDDiHpq+QIO5ENQq7OFFdqjGGFD0nXdplW2euD9bE9P/QDhBX1P1MtkwTij0VbIVapyr3HqRSVjGDktTzjmkRyRVUfZ7hFSx3KgYqYUtEIs+WyUsKL5aKxXKxWqsVigUIUJWgsRnAFoK2BkOsGfVadHCCYBSZAYL/xFB/jKsVMYUz0XZYYenRRG7oiZ1S5BxlsuYjnIAqHqRCQLmhhxMCm3hcB1oSGCiHChFWbQjGlFCLMIBOn4zrIfgXCPuhIeVa96iYCQ04eD1NOuUOn1QP1PfD/aCTXja7LSbXxOyJZm/ikoiFPfjNlVwG9nJN9ry2zDts6OAh6E6G/dH1bCbGxtG6CvpMA4UN5BpRbZFKAONgXK4w8dlJSucRV5asBKdDQvsLYKLLidDrRT2wS0bo04hiBDia/VkTgmvCxYzMSyI/EWr6hw2wG+qolDkirJMTtUcTG9roAHpA8XRM1RXNH9GDWusgFP00E0FZDvDI02WhWtJmxfFUYULIMynzQCAxFVfoskAnOWmAObQOhl+O5nmSoIUY3Ev2RBAEqt1DylJ3cOGbySF7cWZ+rtFonjpxamVlZaJWK5dKkiLCpi2kzdp4Ig3k0krNIKQbgUukoIahExM3TrR/GfOFhPWpt01Ojm0ZMsnMDFELWnm9Wql1at3VlWUpihUKBVfKekHg+gXZ+RjxI1EvTlgg1V6lUmtzc+X8+Zl6vVitFALvrttvPH1y7bHHnikUasvrpUKlIHhFPuIXuBy5johu2bvnOx947Z9/4YuxF8TS8FuqkjM+GqECvYdpaVp+BQwXoMJeACeWPA94ChiPYbcx52aRoYmTZu2mrzjfMVJntKS2/dL5GpOTbYUnYQcU2KoglX3oVSvlOlNYOgVBe8PV2lIxa8fwQSYQvQFCTSzM/hzY++30/ADIVL/ntDvl9c36+bNF352bnQWnQC7ziz6LA9bvu9LuF8NcZeCSAXb1y1kT4xY7mB2Om+AWWkcODBfolbzlYR7u+uippK9EB9FzZcEicnDky0nXAuoaykngSsml4DEyW0KbHK2xTSByj+MlAClRLabdgErrJGKIxMBj0g67ng+xdeIQFbhybZPwMOZOX5bsQuAqciqYSHGJF1jY60ciEloNB9sIAO9CymX4wH6x4BcAYAPTL4mVc8F0+RRktf2C/FAZ6RNOk+3FPkUcBlJ++6qwH8ALA6PrCsn0uB1n+MjlKpwTTfBEUphSbXKyJU0uySYgqVE2lB9dKHNnzG0MJtYP4H0Yo06tl8D/DH5yjHiG31SgRxQIZRcUkgJ4L3dYkjDj9WCkjcrNSpEGaqLkSYTvSdmXJf3+saefOVy6u1YMup1WoVwVCEXvwyhye+3O+dMnd+3bJyXj+kR9cno67HXbjc1eq9Nc2yzItUOlnAiMbwcSgYuaXGAWAOLu9p1SEdgJT9yiV65MH7j9ppXzZ+UkWjl37uKZ2Yn5qenFuf03HuxubDzzxS/51cId3/QAgK3IdUoUI8eJtfAtEFDF7eWAIbG0SuHbYSIvbZwMPpVh3CPyDE1XfKn5MknE0h29wNXXLr9U+neEgwWuBX/jY5/ZCwR1zVZ/5BQBXDvGyB4F02iS9Fw/pY+mNG7fEGKbMrlVJs/iYNIW6EUkhsjhuiVCC8kOeZsWhD5himBALgi841DoR6b8qaNM6RjGOIb8UJjmr/8/xZmPiuUvsfUTdhxZHlTE1C18zzt5/abBB+XL/re3FR85E3/mpfDocmKH2pEM7dCs803X+/ftGb7FpPJtfye684Heo5+Oj78g2hbeRc7p3dcFt9xbeO1bxpQ21UJQ6HOWUR+MOh8nJWKkTTuO++zlnZJkRNWtTt3e2UmWhW/9c+t0cjX+ylEIPQJjOo61zZj8najzm/fyn3lrYYtCXlplG5uMFOmPn+Ts/rG+540z7B+/Kf7/fWqr3U6Sab3vGf4j925VoNFv5XAnataPwJ2wjGFGmSmFFn52hDt58z03eO6V2QZwRVLguW+558b3ffbxMfMPn4BbTN7xnJ2wr7ukl+N6WA12AR/i7MTGO9mGEaWyEcLq/qwHETr3g+rE4hu+eOTE997Pvvf+Gz7yZCtOmP19Ut7HiTWqr6X4dbZMZnxIiEwd7jp8/XVzNXn9yy/0Cv5rdN1t3xiq6UPLVHxZt4zpHsgABHL9mMnPrqyO9NChQ//lv/y6QZz8wx//iZMnT7JXRbJ62lza+gnDq+nJbG7aPq6UVEK58DSIE6NkVXJXQotRMiHJc58HP33oBw3ixKT75r/55OZzj174BFmbuPZlwhStBqkJSbmj11YpxkLX064/M4RqaCvs4bRVRwyCw8TASZpZYTWUEoOZeqoNgNaTNMzh+nS99BPfdYtdzpEzmw89cfHHvy0jy601e+/99Okff/BQ7qV//ImTuK3F2KXS9yoTHU8lVW69lxn2Jgxnd0z9ydOJ0mAMbbzIXBGZn2JgyIlhmS8lvfeLio/b3fnT72RXPP3IfeKXPpxh+K0u//Rx9pbrxy7CGEl0IdYmK2aPCP3bejSTg2eva3iG7eOE689OyeIcIofn0O5A5LGz3D75mRNC+SzhFFSYtCd3PHho/tAU0/KPKXnPwanXvPn6L37muMpPCBUOq5FPfObE3j11qRW2hpU9xOyqDz+yQT1qRgzO8oVs3/DMie31R/WSngc7S51nn+k//hgNaNvHCV15qQVA3t5mkzJH3f65dpdlfKKkS9ITiJC1M5/v9tOSdTY6O/Wnf3jdD/zN4sws23ky02NUa1M9if1UJseQp+jjSBIPdiDw9Sttt+ClM+p2wGF5HEozhVMOnFLAqyVeKUrTCNgGwEDB4n6M5hnWS1hLJB2PRQWvDxDCxHd8qdpsbjSb6w1pxSnXJurTUxPTU6gdjUh50W41mpvrYdiVVuTaZL0+NVmRFpNquVQug3XC5fZcIl9bdouQATmEXCT0HRqYlVSToO95VPfFsmn9fm91aXltZVnelK+YnZmrT0xIlRr5R9BsxfhvE0ONZ0M6z5xpI4uxzGUzjDVEzRek0AbKPJgQWizv1GSYYW+gfnzs9xpaP6wcMQy3oUMQMPLLrda8Wn1M3k0s0RS0i3EUWpZm4vwO03stae+7tdeaapJYVkiWY0BGQaSrrV2GG35k7QI0edmIZlqJUCN0ll7hPLWUE2NVgjAFG8RmSqMlbSuVtkvwY41O3GLcQM+UCplKJJIsiKdzvWTVc1jYXMG0Q584lvROqF+qG7mpw5Jdp1AsSJXxxNSE50vbm0/gDCglSS3lINyhBxPUoENZYIbudcOwj2KgQDEQ4IjK5QCYdcg9NrQRledCKAmEJZosq65G//CmR+3OzX/CdIbo4BdoP2JoFXY9x/MLvl8kWBJtByUboioiTqhdCROMW3IgGGViwpr0uz1Aukn7ehSRYZFb6yCWWUnZI1kJX0lsKmzqTpF3MhSJHjHqHyxObclm9jJaiHSFxJwxGZgZ57YmPD+eL0cOs9+l6711SpLtoxMqmxof9SL6J78i0WpaM1I549kapeKovqyGQ5JjdWLAXTqZ8LTkJQY9Ug+hD3rZYPP/EVx3II3zUVIiNuSepl4Wc+EDWZgtINiR1wR5D5G/JHFK0MNYHPXkG6O+NB3Jn32KMCX5DXIwx7A/bp2xdBKbD8rNXlDqkJR6a7260jTC/FExCaTVFWK8gAsznMi0ddZhWlli+3NSRn9l+lQyJy3DqGSmvJLgp+BoCKQy9EqIM62fsFgn/GGVsD8FBByAvygEmC2EEgup2CGgk0FGuAUvSYedYoLGWs7J9xd0BGLi+n0guEEQcKp0YjEfnpILelZo7kGFl0qlPbt3JWG0urxy/tz5XYsLUoTiBEtNX69Qog5KNxA9BJuI/k4irgYIz65XsixodMr0iaqqmrhCaDonlNGwUAhKpWKhUIjjTrPR8P2gUq9XpcUb+RNs91WcFSwtnuNUy+VOu3vh3NnFPbslS6sUg1tuvv7osWPtdq/Z3txsNl2/KG3xcavtF8pyTAVJdPeNB589ffLxEycLE9PEvzzXJYaAe4h1V8L/WiVhfU3gfLHiPZlmooxpqMCY0tX2KSslbluoGAfoNuabxxnM4zRzLNyJjVPmAycmORZT1byZmxI4kjbX7iratKcrQsojDQQSDulIZKmhK9pu3AoKF8OotLRUKgTFcqlQ8BD65kCcpsCHbQgReiIB0x+RD4FR+ZR3JpkIRCD/QddrCNrgDkipcirjMgUC2QbCxVcncg0lyZ/jJGEf/KiEcRh3IXwPIMxgIcWEMGw8wQ3BGM5ZiTc0KwU1MnHUykSB1tApJThMgiEcKYfyIIz5XFKuQM4FUOm5uFUUgqRzcLgilGtKLivThZ4Ju74Uq4hw+kHgeJ5mvaT1U8q47FDhWVwwseIrNSqvfRqcBflRT62t1CcW9rHVCxdbGxuSRMiBI5QLRzxBRyZmBQjDFver4YAWeiHHyU242Syj15+QIwb8Bgm+3HTxQOez7GV1EJqzMFqRYAHEMuU331xZ8woFvxjIVRjauiFfUCiGvbDd2Ow05bQohL1+SS4Ypmd7nU4UAhZVXm+tb5aqlaBYILJHJjNESklOGbte5AE79yQFjngyf3DP4dfd/dJXnxadeOnsmeldc8W6LHBqZvfiuZeOv/TkMwt79iwcvA48/0BYKk/NKxy01Em0rBotLY5rrru0NJQe7ojOb0cDX7GJp/9fhRaKVNDnmctM+zghYY4GuTwcmi1Mlkj7Y2E7tE91bZey7vKMJSwRRtejJyAdktSHHO2ULQe48Ejy+XNHrn2c2FfEgI8TJYYp0QPgZTx1wEdzV9L2BH29McKY6DvaGwpP1Dk+jjoUpne4ccbHo8Lc43u/Tf4NubPdo/ftcUchS7ZO3p4D8o9dXtIjgelNCCJzh6drEzHkObOIG56iWNAWryHvba6xl3fqhUOW4iRyGymKq5m2zUcWVj9vnY2NzvPBJ3qglyG/JgiOwvOEghDLapWyr0JwAAAQAElEQVQK4p++rcy2TOcbKky1rHq7zboRK463EeC2efb2m+OPP5uz0mXSl447f+euONhyLOu5q90R2btsNUlSOqLRuBO9Zd2IBWMxst2zkwd2vSwC69jp4O7pm/YtHDl1YazcPKOcGT7zBuak6jozwGjU6lJe1ZiT7Jzbcgba/SNEvncznabz28UqTydmrptBrr2S4HVYjBw5GW+0o4myd9/N/sNPh/ZTXPkdYUpmM0o7y5cJT7f1CCMh0y4PrAP/rvthP3c3FF95rqu0RlQHrLUwqIWcxxT9LnseaYpEwoCC14lBmcJoHcfgdztKhDiZqNfZqw5xcglplI8T/RFIliPjScLUnlzS9GllqFCWMDLUYXYVg+CO6dsDPjwo2+t3f/ujFz+J4AemPGwZrydcYXaFWdim0hrT8WtYlgcKaxxC2lIGFtYxn5PzVKUx8lFsHSoBWOqKxUjCqSLbaAdNDYekQSZjK62zORXeWQitp9TvtbnVd79+7pEXWudWu5puWJJCajSl3hYaN2P5O7HbmVZEDNQxdxySss/umCs8/CTJBmlLv+k1yd6ZK0sPIB2aYXdfnzx+wmFWR37uJect129vO6HE8z+5dZlnbYQZaSd7hWcLTI0FwqA6Rvg4UU+N8HEij0fe/zyiRmCKYphpRM1zvnDL7L47F6g061k1km+9Z9eZUxvHj6/jrkBmSmi2+5/94qm3f9P1/FJ9nIwSr3KK6rRTeC5bKqmp1Ro319W1nQ645vv/gkwWiaZgdKR/rq9ISXh14/Fn/vJHwHmJPFm8fhd60GUG04CMEf7ZXy6wFWZnnt8zK5iGSGgTldCYlRN//t7D//AfsZ2kQZ66TbYtOOlAT9HMjR0UGgTzBXhhB0tEPwRtpiOknsotF3kVo+oEAZEsDl5D0HrVl5on1nNEz+OR7/UZhFCXqd/vdVrtVqMle7hUqU3OzFQnahADWqqU+qLX73Q7rU6rIVVbhVKpXKtMzc5MTE2VyqWg4BP8UYvrVqOGjyKudg8Dhj4hp/XSiCP1qL1ej6M34cbmxurSUrvVkhWYmZ8pVyrFUskHH/OU07H7JZ2KW3Wwyikso6+x0GUzpyPWbs+g3V1FYFE2D2N6T7mMikfA8h2xUzXX4KtHJfvuiJwWHeO0PNQDPqEJIoyyRR7B7beuQ8auSe5b8q0zImQ6l0yHD1ZJpDZgYZXAraJGtjPzXhJHeH5UpDNfVUEasBwViEZfx/hNkKgrIKSUQj7p9QE3FcsstnIqfcqj1rlpf2BsBoqaJm0J6HlOaF+DiBqBF7m+VyyWihWpPy5Lq4of+FQ4RI1IEAeT9agC9Qxj8sWC4aeksrlPUYEYY0ahl5XBGNkjYlJ2YSmJ6YdMAxMyNrNhKZ0yatQwY8uQ/QbvBmOQJ02xYJyVijKm3PzgnOXMRFfDzwOdwtAzI5p0+91uq9HodjpxBA4dyNMM7O2HmB2uGphM6+mFrk/aL1ZF84PKOrVGYX6OpDdyTJ8zS2wYWB2mnZO7kkN42HPhlZUy1RZ6vKh/9Qc1vUJICzh3hkjWAz2gAiPYole+J4VZ76hXKwfVQwjjEIqtKpxZTLDLT5dWnjADN7ewNicAxYpi1GLLBkf9qNdD7yZ9IhoIN4nJkuSC3Z+n/hmtVnMnVd9pyqCqimZKTQCFdimhV4nwkANBLJDCq8kLbgLQ1osrkURh7Lihe8wQElVwYuaqej2BQoznKGYkOKHsC3b/cHuFIoykB7gTcuyUABBNkr4egDyBRCjqd2XC6wxNhvMZHk+Ciydpk8Pt4TB8ilufW1I2SegXdy+uLK+cOn2mVJLUv0wfL50vSkyHNxEyCCC7EBcxAmkjTiASiPnYbIS0NVbDqNLptKGuhPhJ+CGkkbJULtZqVXm52+2ub2xIvlYsVVw/QHdVrnC0HyGoK5dCYaVSXl9dkw9KTlDwg8OHDzz//P4nnjwqhUiI0VOZkiNccC8RvUIJXGAFgr/urtubUXhybR1e7BbipO8q3wA01ByzbDBfIZ3zKOarOBc5LyavTIL7yk4pXXCNQJkVzrTaiCn1AZ5zhbMSLu4Sl/+7ses3fbEU95xur9ZoTTSa86xcLRcBcC9nReDxOFalJQoio9yZKTMfkC3BVOBEeIHrgd8mxn2HKxmR0+vl4OlLwhazKOJO5IAbHkAeh3LZRIgA8O0E1Mulzeu4gEFyDEU6PCWwXM9aKBUJl4acgI8UDwvAuD+SgiU98NZE8F/fLzhIiaVYBIQM6bEQETnfgyO83Yl7vdDxsHvhrR7K6SzRrh6NiLIVU+Kv4mkh1DIGxFjJ6upTk+Bgph9J6ZIChzKhw8xxwyDJA4EcU67CmnPE0nFyP4hUJFaZ4yQxJ44cLBwR1cxREjRTPIvn9CXDOlwvhvXWBwhc5yAQm68tLcnhvXj9PkBBCULLc0lN+0Ev7HXXlpcX9uxBMJNTrlaqk/XN1VW5Dui2Wptrvut5hVJRDn2hjeskhQP3CEMHQVA45J3i9MT+Ww631honnzmyfn7ppaeeOfyauwvF0uTiXKvZWDt74aufeehtU9P+ZBkdqGNfYQg9UlFxoZdZVxdbsrP0ChWyX6nJklgYzyzo0fKk9IkVn1cmg+xzlm1DpMvrPLdg6QrVup7SN5EHUKL2HGHAfBsfJ8ycsxE+TlQJenmjYWOUwdFbLpRrBNUKhptMEiIpFkVWbTTLSZ5tx6sw8aw1Wts9hf6U6sBTU6r9ifkoUdok0HskYug+imRjPCv71y71evHgRYiZh8xJe1/NDBNh2bLoEh+NSTG6fpYOsZFDTSqGvvBcF/hMTDsDkEGQyziBXk/i+G89UKpu5eUE0vlNFkfMzL5Wf1zQiUzfdxv7wrG42XUs7VuGi4YRe+QMe+P+bcoxmgA93JiGtJketfiV6eHRuBNt5dpmNH7T3YfY5aVGu/fCqQvHz63KzxH4br1SnJmo7JufnKqVL6fY1922f1zQSXbW5Weg0bsNzaPOBi6Ml4r+154OVgo7rIPFhQbouTkz/CP3pCGPwt4IZzs7USmllSztVMPLcGRyGz3p+B9+cvVv3j//gw8UHjsq1Ud6yGcHuaUWS8m0zUkNYRbW3ZsPeA/cBFTgk08th6HruTlqnilTv8t4JlM1EdZWeN1TQq3ZdDkZjTezvMGwK5YOHjhgECerq2s/8ZM/NRRx8s9/7mcPHdpqav/qr/3aU089za5BGkGCrlSfcCWVsQEFtxl1ia4E7A5X+jv43/g40Ve0BxQt04m95YVR710s7ZPWAnCayxIrerJgalVlez0xkhsNGjOIuFXPQQ8oY7bd+n8HD2u8ssONGMtVtBrH0IEsx4brQ/euDi5e1Mpw+Hsd+72MGX2Keu8dh6r/4C27/sFb2H/+8JlPPLFOm7xzljMswdHzVHk6YamnEzFQNWHVlqXC/pDK50rYOvNW6fPPs34vxfRQI37kzVeLZXzf7eLxE0z1BqYTS3yty7aO7pdN6qNdMcQJT38ZdT8TWfOr1R8Z46xWd1C/nfvKuca5plTdClrIM/JcwgqTxbu+9QZTmm0FN69/07ccOv+HT7Y7fcSdkMMHyPvVp5duv2VufrZi6iZEpg6jjnbdRnal1S6z60Xf0ltfuZXZfoBbbxo7RZsbva88KvQotT2d0KXv2j37JyfPbUbx8sOPyWt11/nOxRnGtE3DGuDy+ODCzF+cXW7ECWWuus4756fSeD3awmHedfavP7gj0Akf/ClGZriEOUOP4C46ZSSW//W6nSjqS8VSoVjwKxBVxyuX3EJRqpVCCMwhFalJnyXtLvgNENKs7nuR78iToBjIRU6v02mtNxobG/K8VKlPTk9V6xUv8KU6tN/pNTbX261NaeCRU14aR6bmZqv1en1iQloiQObQRJ4SMYuh/stJsZYOYGkCR22qdpnB+71uY2N9c30j7PekUWbXvn0Tk+D1gUg6wk3Atv010SnZL6WWkjnc+DhxLCMfV4pIzgd2k4oruOF250lPBrVKJ3AF+ThRhkkcr1ItbzAluYWf+Ul+OEy59E8qy7LsxLOu5JuvpUmeysWDFc5NoZQ4G3WnMvAPfCaEdmh8hbqinR9hiiBcQizS3ILla5GuCvjQ7cE45HFsx/aaQEdr4drjsCwe3Jfi5kkBqHSXF0qlSq1WqVYN3ESBmTSFwzAxzFjZVOiZMDRudSLZgDBMxxUNPoeZFilPA1owJK9YWyaxNWWS74mNIxEa6VJk9D2GYTj8QuBBWHm0nTDtrAWPNKiEmjKAqEno/zjudbuddrvX7sAGYPW1SJenTzL9PUwKG48sDBmEI771lUrmXUNGzteClG2ftm2/oEGei5rG808KMUZpQ3pgOKHI5KAZJLLrWfXscAah6dsVpb5m0Tx4nedzbZWEzgV8RQEAcW7HYT/CwFIRuDLCZsLUQ6SJiubJLE8nyg2V4UMsJ9Yq25Y2pHF6lOg5bdcXCk/o4rTWuBMkKkqeo07EGc3NUNCNwH8RRGRILmMqRBAECeIavJH9ZEYkoC3fxA2InMF26lihbRKEo4G7NgVKA9cfKYngVxJ0ohS2HHfQqhPLiRlVCEUXB5CZOXeU235y7tTq9YXFhaPPv7C0sjw9NxMQ2VaBOYaMfvooiRaGeOKmMseVGNR5qk+LT4ih45RKxbhWk7960q7Z7bnNprR0lis1cLjCHGV5cZQNR7KxycnJTqd78cJSISjs2rtvourdc/ctZ89eXFmPNzc2iqX1xV27u90wDCPX9z2fe464bmbmvltuPvvQ58DID13hA+tSy5GE9ifCIolnEJHEKeVEwXW2FA4D7For7ivb2eL2G+myE+mM7NHEmbVkM2KKVpXCHEfqAkASDNaUKNyiw+XCuCVneMF3Y3Gi2S2eu8h6dX9hplouSSEjKfiwCur0eCgFr8RBwzgTykcFQ08nHHHTcpBEaJ7yXPScwx2PghyA4sfHV0OEBEAnSIkQPJ0oWJ18sg1+pXoJeNqSkw/0rQKhCTDMlLcSx/MdjLKiFUwkC8OM8JTvUhiWZIgBQpVApKwYMcWRCBUIAJ1JeXiC/jbAqZJwYgclQmyEpP1hv99ycNM9PEeivBcEhEumnfNK3lORHtLvIgyXMd/lVZSESB3zCArxiLG35Bq1OjnRA9d57W637RB4SGQ6B8ehQwY26D6IRQSOyXHnHbEqiMVjGAH1nOJqIOiC9o8bGH5GYc5YRus0kLRuSpXtgGgjSVprc9MNvMnZ6UK1ojeeAoMIikV5u9VobqxtzC/OM3RIVp+elg2MYE9JryOJs6TN1SqMogTu03JPEkcKwwnCuueCOzXPDUVcqJVvuOPWtYtLm5IPnToztTA7t3f37uv3ys7buHjh/PPPH3ls36HX3O5P1uRYdUgLrOQb2sE6vGGKy2eED/aNdC3TVWZ7Q1aJwliMmLYKaF8jXBt+lQkp51nEOueWlWtICcauMFCCNk7pvbCK9W/v44SxTMksa9tIKZXqMwAAEABJREFUlZhmtwNiSihADvIWcNmrr5Mgi+F1yChAOalqDIGLCSP1vsbOf10kvsWAHHmPbz2KqxVP1MRwqb/5O2ybunA2zES8o/Mtjvabhp4Xr/eHXJfCR1OYV+i7RGjHWpizYdlytonB9KWXpGCvIhPDvihEKELo9gT3PSdiYcb95sMB2y5d2FCeTmjmdvqMjY2X8F32XXewP/xCTBEWaPIIaxErjw+f4G/cP3JIiOxGbpHBnWh1BNe2NqauMw3cESJn6uY2Nduaf5UKwa6ZOrvU1Gj3PvLF505dXB16d8/c1DfdfWhxusYuKc1OVMvFoN29AgGn1Fjlmf13zJBKewSaLOPx/YUaq5fZZpt9rdJsnc1cCrZnO23pMApAfWbuqGFGQ3HoG1LCov/lzOxfZJazWdT++n/2mXPfdufMTNX9gTcEf/DJntATgHMKBck0v1O8Ff5JlB8UU02DP+DaZ4k0vvyzd8Eg7EfJ73/sDOdlxXhJ46MYIl0Z8HRitHVqbmoNS9p9wu5QLc7nieEVTO9+9z8hxMnGxsZP/ORPnThxYjDP7t27f+AHvn/rcn7iH/2jd7/nn7JrnsQVyZLNbfk4GZCImFrFc4pWoAg9LTAEylR6+7UwvgGE8YzS6DdHvbef9LXTdZfEKq0TTH2csFTSM1dsLVmmntyKrcPHnp7ZKzvoOkEuozVQUcWmIUSIOpI/EmoFIUKcZJhialDvJ0ZQBeolx0nL11pdVb48/uhbdlPW9zy4JwjcD3951Sgn6GVMLX7RU4uJW0R7MjJb6VJtrdXqwZ+5iqcZrMw7G5OUPvNMCgKlL33DdWL+0vntNml3nc1PJhc3HJvvP32Bvem6MQswiJPsVZ65PRpxYhdkXya+qphFWjdL5uEWppDnruB52ImOf+I4zElHYU0SRMjLJctrv+cWN3BZ5tmMtx6ZymX/bQ8e+sD7nqe9MRgeGxUj3PnwZ078ve+7VQy8cVR9BuvGTDv49n2b6yNzK+XHOgLKGGXmU+uhh4yPkxQdwtQ8kFd2lYq/97rb/ujk+ROt7v5K8W/tnV8oFy0fJ6TFV1bX+YL/63ff+Gdnlk51+ntLwd/YNTNbCDCPonXIKxOh39VdWVp58omZO+5kO0x89JUdsc6hmWOqnXJPITVrzPMCv+AXKyW/WPRKBe6DKhX8RgsHIlYI0WFRUypPpfZMKjMLnvBcr1SU6sr11bX15eVuqyM1UlPTC7XJCamw8nwXAolHYWNzc3N1OYq6pWqlNjVRn5qsT02V0UDuuCS8KKs+VhTHzlbSOQWydbQVShr8ZU19qQpbW7nQ2NiUxRVKhZn52WpNmuGLaIdRRJUQTdp5QIZw8ausz7INmcIkbIFBBmQgGpmgM1e+MuZkKK4ll82+ovEWCnZAeydFag0wXD5G4w6hgXDDs71mGyg/lXiZGPrqLVqTiVDMh4T/GGWqN9Ob5Gdi7nbn0H00eKpgCRp9IvS2e7Baou4/3XNi9s2MGlRbDjYny4h5orvayM8YIEHaKbnn+4ViEcJUTU4W5YSFWPNgTRU4tRORIoGkeYXUxTG4W8dpI+0gWG09FrmmE+oE24bNF0b20z6Bt58rIje/UBfBjS8Z2A6TxK4L7hDgP7AbekAQNHyM3qQXRIIRtJcrh3mwv1f5aIkwfk6v22532m1JDNR41q6Rk4xfhGHVvPwkrkgpw1MqKwydpFfz1Vc4KTZqiT7CGka0glYSJR/6rJWGOhVm6XLcwq2lR7KoDTglzfYqTWlh04GMuEZr9UzFh1eV5y9sl8TYTD1LPx0FwOAEpkUcRQyzS84N9G4ipzqizGJl009oZqVaODgS9kC5ZeapvMjSZYWiDuRQgM4dfctRcSEoWBpQfWmwczk3YBNu1ATYUMTCpwoDjDhB2gmhsWjEH4UWv8jCquRLR4njWqeHTMcS1EhIcEw5ED+sH/UhzgUiTmKMK5Ykas0rmA7iwYaG17m0xPUBF18YP0e7/SQaBw1FCcClje5K4BWqeULJxkPnOJgpXICMLOxaaDWbzUbr4tLy5ERdCj2SkLKUamQkD4QZoSMucskVgZ84CHlglzwepjVlUPqXUP+lNzkVhf5OisViAt5l4iBo9MK40+lsbjZcLyiVyy7Gu0mUzRsM77JOpVJpZmbq1MnW2vLq3NycW3YOHth9+KYDjz3xYqPZ3NhcrdZrxWLJ94v9Xh9soIHrR/2Di/OvvfWWh556lhWZ61EYHTetj24g9Yy2MTGt7+BC2Kq3VxJ1fbkmPg4BFJaxX5OaQU2EsCl1yg61IkHovbv6vRAzFIKMeXKhUuq4zmo35N0eu7hU5CHG9KwUgsDRZcc8hCWOcvIMIhbRM5itruMriQgXKUJF8vLkKltvOuLcowhYkrqEgkUsjGRugAAz9J6TtMEZHujFEpz8uI3XRe8TgDyDUIboAwoxCtRmbgylaknAlEoK/LegZJ10kYTB2JVEPkT3Ex4vOBD6hBzHwchmiZtwcNGiHHAkUdzvdCnwEa40hOuBTyrHcwUzgZxFhumlZ3xsNvWKTFldhtAYH0fK2XLh2m23ZNcpP+FKd5oYuQCT4phCBxQQiR3gg8i8cCz3/vD1wHVK5EDQJ4bGZs4z4gBn2XdYKVXzMRXMTG0QTxhsaGhvbF44eXrvjQd9P4gxMFMYxZ7ni6KQHHF9ZVmukGsTdYj9BPFuO4319ajX73G3tdkoVSoVv456F8a0X0psNTBR+QrPc4Ely0kWePWFmT03HZTX26trp557oT49KRfhC/v2dO+57cVHv3L0iSfKE5X9d9zMgwJTvmEcpd1NlwrKwZD9LZheENInEdvZ7b6RXmlJi4DWr1RmJ+FObxt4YSl89HRHZVQ5jQd0jRzXz3/nbZV6AbSfnznaPrkWCuupzFuUBCCEVc510/5bbyrrkTfKx0nGVmfKsRoljAghzF5t8F2i7GGWiwnCkRDJcZgKr4MFAhWhK5AfnSGpc9ToJ4R7ZOM67X4lptTOqLqYsyHOTlhG1siJHVvIcoQ4EdkFGx9y5LnAASOOQ5+92sdsHSTzr6pIEwZ1bzPtIc5O8vNwyFdg2f4ZTI++1EvQu6aIlV8TYHkxasMxtvHfeM12Tk4wXdzgieXApb1DnMPbDvL3PpZ0ehQsM9YTB/fU4vHoeWCRo+IbEwExw0utboThPkK78tTUgg3BnagMLF1NaSqzVc2LwaWvPY+fX/3Q55/uh9GoDGeW1v74o4++9d4b775xL7ukVAx2ADqxJyC3iDn9tv0S2Xn07E4vpTqXMdLRs43ve03pdz8XJYJd+ySXud93r/viucbt10/s6EFrRonRU3DorZHt5LnbWUKptSpZ2qofkFe8wmS32fiNj576+Xdd/x13Bk+cjJ84GmldOctiNNULqJz0rqmiSO/K8n/qXfW5CRB/f+eTZ9bX+q47n2JWhDUEhKLaPFumzcEHe4FbPSVISB/oNcHGG0zjpSNHjrzxjW84d+78e/7pzwxFnDDwgLK6srIyMzOzRTlHjx5lL6ckmNjq5rjPcn1Mv6y2v2JsnUTF1qEj7fag9TcjmQr+B60c2Sqf23juXbu/eehLn1z9ItJcV5CnE0N3Ka4oLTQykgRtVhniIk1YR6bI1cjExXbdYfULs7rDkDpdHYXVEAT50EyF9n9YmlhqDIl9bCgaZpDLcDbc5kSqSDFQPtYIyj+4p3LDQsnk/8m3LT53pnPyQk8ty7giB0IhY3QrSMDNbKITWY28qWcugxjor8Ero35uk555yTFkhrj/m29nVzW9dr/40JOZK88v8TddN161efaQObJhiBM8Zi+kGgSev2i0HCpZZFGI7F3LjwgJjC994ljYA2d0BnGCunxx+C0H6vNlKo2npWX1yVjC3n0Td96z+NhXzyPUkEoAiP255fYTzy/feXg2rYNV2uDRrhuzhpuwpQ6WVRrk5kGmR3XdtTVJMRSuNGLjKB/ClaVoZc1fXOh++UvW2lB5OjGmVLqyq1z6mcPXpxRQX2eKLJLJVc2duULwEwf3pJmzJeeuyOP5hz43sX9///wFb2Y6mJ3butrZlgmrRwTbpt1iWAn5YukE93ZSk5JQRH65UCgWgqLU3XuOtFEHgVSNhbEImejHSVtqooToukxKCVL6dEpFVpBrGx4mSbfZaqxvdFpt+VC5XptZXAgKAXhi4Kzf7zcbm51Ww/Wd6vTM9PzcxNSktDJIA7O0COD0Vzs9YgsIogUMMYpO6pygFAyCIAyj1eWljbX1TrsjdYOT05PyLYUCLHAccOnvUOhzssxRQJHLxHPY5rpRSVi6cqZHVOYimQy1tw9SETMLd6L1zMJ+aU7xnruyRWXymUc8ZTfKZDYwDhOaimLK65IJLgMVRrWp8m2mtsA71vZIoviGoIjctgAxyEfEgAnM9Ey2kkYiTad5dvlnF8rSKWUZKoZ9IyiDPJ0QBI0J5UeEfITIkyhKjLsatt2o2CJxvT+d6SmgyYj5dFAXsCtIJa/vFopBpVaVthM5Z31f2hmlvQOsy8ZiLqzmC/J6gPsYqbZhGJpq8+EIJ66IXqIENm0K4dl5OtC1WyWh9pAL5vvS5Ohj7ASpEQ/Q8KG+LOHJhO4WehcZgMB83JON6AK4BvAmfTn9+7h7XsC8drHCCYFXhFC4G3u4UKlpI63KDVurilEXhNiaQF3iMBhd4MBMN993DArwNU56jhotjrqsFTiWcMoGVopDaELuii3hsHTg8/xjIqXGuWKtiZ8hAtYruHU01GZUHZklzdh1y93M/R72HfnWHxelPYipaFwYRbD1XZo+pRmy25MTJJFWUNpkgsFGLOqpxCsEhSjsiki44UGO49jVUisXJJiEMVEHPFEPuPiH4WIQUcoIekjvI2QeV14JiKZYU9OQbu1ogOYvSzmOIjs6tyUlK80pbvtMYkLfMKIF6NZJEg3ZM5J8EvHm2BxXbVg1haC+hV3xZC2nbL4OyXUBQYe9DxKAYfbWWHCsHlL3UFwAM4UQ1Vpt33X7jjx/9PyFC4DjC3yXZCtbzteUmngyvAjBhrKX3ezm/nETz+sV1NN5gT5lxnI4EO6kWq3Gm80ojNqtVqlUkixADhdaoArS2xIux2W1amV6YmJ9bX1taXlyfq5SrD3wurtPnV3q9NY2Ni8WVvxdi3t9vxL2o8BPnCiWPK1Srtxx8NCR46dWu6HgEXMCerfqUhIrtaIAx64ByjChSA/BaMmwzK8gHX+1JaUT3Lp/dsyZrAKp8xOt4qQhEg9/jUGcaH/uqUQInh8gwlMvcNZF7Pf6s6325MZGrVyZKhd88KgGrQjlH6yEEAOOwwKgUpoTgInddaRJJU5oCMFam1MG/L/oQKQycP9YLMSAJxMxT5wYnK8I7kuS5PZZKwLaLKTghcHGAE9MSUpjSJb8RAp2AW5vyveJUEocjj7rkNzJSQN1Apcb8F8UyaUaIEfcwKXxjrA/7ASAHOpXJRCyR0pRnQ72mCgwWBAh49YAABAASURBVEWxgo9wB01VBcuuu78ukhgkhvgzSiKXu3JxOxXOd5qtTrOJjpOY+igmKRybi/5iY5E4wIQ4jWHZyySROnoRJOzFGIStjCmqNzcczlQgLT8zoWih5epTVRTxYojC5DmS8y2fOT01P1ebnoZv6iGT9pjPi/LRKOxtrKzJVQSwBIdX6hO9Tqfd6EYQZEcu21uFcgXcD9KslG11ISYTMtYE3QlKkQI89MjFkBMEB++8rdVotFZXW2sbJ587cvCOW4uT1Zl9uzdWlpePnjj2xFOLe/cWZ305JxIc/Vwh/BI2fM+D6RvGjProGg5GMR748hvpCiVh6/8Sy0eI0AiPZhifXgM/n0SStSgPeTRmFAtCot+PSQspllrxqdXIzs/MLmrjE0VL8/RsCbCCGTSJOfJRPk6G+FBJ60+SEELQEmNkgPeleBE0jIPUrD0ogZMh5W2L60hv8gon+Iu6i+aVZNtFgkpSYjwfbixHDds7SpF7e4OZqrON128puq9tRq1u0upArSolp1J0puqe6279HOvErBmxvrW2lk2oeqzmjz+bh6oa7GUj6YTtYEuZnMwCAOWTp3LYuYcdhT7y7JFlj+k4Hnp+mUc2cM5YxkhGJjThGu6hxx7eGunsRF+1C7cZ2zhywLMnexSlEoGxwBkTPMKgdZxyib3t8Higk3VGvifpk20LOgkTacvJXLltj/PIi8JuG1ouHYq8ECbioy+yPVmXH7NltkhXtCjJbViTmuJ6pUjsSPWm2BHuZIsECM5LSl954fSnH3thnJyfeuyFXhTff8t1bOcpimN2ZZM9rRW5JCWROuj/d8D2P/XlYz/0xhv++Av9fsSuZSr67IfeWPjgw0e+477d7FJSdnSkvwTLEhZ7hmLiWjoS1jwVIicuibSs1O8IN55OlH8RhrulURdRdNzC5x9fffjWudffUPmX31n6pfe1nzwWMcNtNRc2RIhbXklo4ca0LltttknET3139e13ABF47kzrLz95jrMyuiNNn9WzVXCNRMl6Okm4xgqoZtnWTd0dbBjxHN3Xl5V+47/85l++730XLlyMR8+Obrf7D37sx3ft2rVFOU8/fU1i61zrZElEKZxMaMkqIVU/V+d0NGKXuS7UMkokpxrHn908ekv9htxrEhF/+uyHFNAfXaNTfvJ0xVO/JhoXpcUnlsUEZuvJbCin/TrO2KCUkZ2VuU7I/ha5E9VgXP2l8V9ISrSXISK1xKvrx05tvOkn3yuMxVD5LXbe8p4PUbheB/2tErLkHT//CcbM/kJcJuoVqdDBcLiRwfHH/Tfm8XP/6G0Lv/AnJ9M5lKrFhXWkmjOeUSBnusLSiTLz0Qc6LZc/c2uLNeNg6oXs4pLah2gk87fczK5qunsX/9CTGRp1dmP0MBlI3Bz0kQ9csnNynrlpnfFsTiWi8PRH+jGN3MVzV/R583zzwlcvQFQdnDy4bwrQJ9W56qHX7WGZZ9PRm5WmoLT779/7/NHVRjvEmMSkaoVF0CcfOXvzoenAd+waDtYnU2b2+tAk7P7kQzpamD40kjDnxkIhlLg38gWwPv3A+xp/9YFwdTlEVxIRqdqkRQFtIpSJaUSIfRRITzJX9JpUqMDvGV8p+ogRxC2SKrC7q4Ff8qUOkBc+/bFjH/urCLSLMZ+YmvmeH9jzN76XjZEMR82y1i1yDv+ZeZROkiimDy3VouCzJPArJamAkh3U60fgLSFOpOAmbdStMGxFYRfGhu9WyjIbL/p9ac3p9Vrrm5ura3EYFSu16bnp2uSEXyxKo0cfXBF3261mc3NddsDE7OzMwmx9ouYXfNxrS9SJhqXZ1zF+EvgRwIi+0WxJe7NUdknmtbB7sVKtFEslssHTx0TnxYrH0ae8IuF1LGGZj7o1eJJJ2v5E/w7NcwW1XlvXyuJrmYtGNWqOtrKUp5vZleoBPi32PBbo2PY1ipMyWC02Qh0wdoeIgZE9+CDPTgiybw2+KNNY/aCWgdAYJUe9oKA06OAEbmGQhsG6aQPtuCNNUxVFY62eT3QnQVyEQqlYq1eLJcBqBAX5P+zmCuM+w5AyOlSToZyqz7uA0ojkTJGmCcJdkReBLHwnWyGxVeVtG7zpu2yfZfMb5Tw5fXedoFD2AG3i45jhZhaohuMPFf4DvzDExYhjSVU6rbZsSAjQk17Yh4ghYOQGfuCQrsMIQhy5oTLhZKs0dF4NGVtbfj0cRWKwZy6bugx7UaZ8xSHZZaZsAfzKVdteAOpLin+ruuutgyzfyQONEmI7OQ0XC/mZaxeQ0q6heexb3BLgVIWsoW4IGh8mvAy+9IokblMvkeq8UManEDEYJiZBP0YQTydCK2QYgZuTiJxIEE1RrVAeSqAciqRDL4C1iRZXzZSkxuiX02fTXk0cc4K79AFxoqOqcfIbxQb81mBXJ4KMdqkiL/3ODrgZiE2wV1K9E5901Z4zqqHIdBFnOuQZRq2Jwz7ib4BMC3SOBEvXxDFCJWVGO65gejKBXY5dnYQv5ra6XwXZiZGfoAcSO8JOjoqmP7H/QazBHvA8b2Jqat/+vU89+UyhENQn6uViEcL14HdRY8W25HMQ9hgu9wVGhpP/SELsYsQ2BdDTg3cc+SNRddKz2U5CfyWqhlRllcvTM9NyuDaa7U6nu7m56bpeXQqMvgeCoCPt+pELyEFIxWJxfm6+3+2deOl4dXrG9eO9exff9MbX/tlf/FVrs7W8wgDWJBVXpYlut1/iHsRBEXy6VHnra1/74Ye/tCKNpnUfA5qgxTQhwCOuHjJ6J2EvMSDMMLnJIW+hoMVwTddZNFdsOf1f/Unx1zSq4igRlu0oCWs2UgHM4ql5uqyREVoDqoJvwYbwmBxCOxiwUJrHvdhPesxdF/GJVrNwcTlwXX92fnqiwmWGwHMxsFY77lAFCDEnMGoOAV/k9PQAoxVxhLYpJxiOXH07PiqmiuApBAPsyOnJ5epI9k0vkTKJtPQHAcZpibtAm/pyRQI+SOUzrkMmDnk5xKBo8CIvQMKe9gInvyao76XeISpIED/UG0P/xFEiJ4vLwV+cJAs0qMGRke/DwrWfSHqoya8sOex3OUH35LLO9V0fXbKAZyAMh6ZdTqWYNxAuszAszq6WM8aXQzLMnpG/GAeC7EzMzcZR3G/3YPQ5Qqs1kZslNtFFGAgNIsHVmFbaQZYYEywus+Uf4Dk8A/lhOvv4NdQTUNbKUyoIRr7Q4+Ti6TNS0PZKZS58R238cxLPkx8Ul+jNUqUE9LZUqtbrnUYz7EPwuU6z1a40pUYAAIMeABllRZEoOpK9gqJXDnNHrj1kz/AYg+xcd9vh5urayokzy6cvSJJ+6J7bHd85dNcdrQsrJ556ZmJm9t53vEVIFYCcKQiTBZbt4SiVJrfEzHEjitm0Q8kJlszwjfSqSSL7w0ZsMGYi16SiRKqV4+lOaHPX2smd8VDCxJASctcH8+d9nOinsksOtSRQCohc/eGaw7XfJKANqSBoxRMXWjpRXUIkAAPxcNIPcG2WSPRdLbqz7dLR7vnfPP9n3agx9O6ByuF3L77L58MhJJvN+Lnj3W4v/UzLa3AsFvjN1xfr1eFPSR3ip84nLw15IZRT8dg79/DZwg7msu6ijLtKW07mbHuaOVgVvs35mD5OviaeTkbUxNbL6H9sqqnXUSQ70bAbLtEKs0NM9wUbxpg2O8mFpRBzaJtxzOnI0PfJm26psPHS2jq3NTbt3jb5fYd9/AX25KkMs3CHL+MoD//TRzJXCz77V9+q+4nsknw47sRIoHqBNDbuBB/cenButru9MCr4O1uBPvHi2UHEie+59UpZ8ve1Rit36+EnjpULwR0HtzKBDyYpETTb3S0yDE69rSfmqCuZ2c2VDDX+pP7i08uT1eBffffBP36k+9TJa+QA6jWH3O+/t/DHn3zxsedWLhV0YtLQWTj8FleIzKwGTfdXNqvuScPL1KjOYCWZFX8kKM52m2d+5X8e+cUfvfWmhcL/+q7y//Pp7sce61s8l2W5ZL5MoTGd8kqlzH/yO6tvuAkQJy+c7fzCbz+Hk3Sa5evPM+u5vKcTIwmkDwiRckK7jwYJ5lZdeRnp7Nlz2+Y5h4m90tJlKzHtL6DFN1ybCNL4YZxvs1ohdR9TR+XdROkFtU+U//bC7/zIDT98+8Rh845W1PiTF39zuXsOyTHa9sgU7tC5I1KvJ2qAw7mOKy2seoq0nnRV+UHJQkyMbDmMLomBk5E5sj2lN5YIpueXilZD+wn4fXfu+rWffbv9yOefPv/r733q9/+3d9gXj5zZ/Nlf+8L7f+md9sXVZu8H/t+f+9gvvz330gd/4bO/+3OvW5zMgEF/5D8/ubLRowg7h+ZLuUdu3VPeM1s4s6yhoEKjt53U04njMEv8NdNZjOgHkf3JRnSRnW3HA/PcmubTmna5Dpuusqua9tQFiesmLTXHfZabgz5aJgeN49C3tbyXHq0zk42zTHH6TRYpFBaeg7IKfeT6/NhHjiZcKcXQ0wkeHX77g4eoNJ6WBpOt3wPnFoWCz+wywQzvvOmN+z740RdJxcYQcSL/Wt3+F5648ObX7LLbxAeOpm7MqluGjQw7T+tGwhrP9aXKTe1VDTf13pJhrP/mb7Q/83FpXI0QcRJiMAbY/xvDjrJqIagFBcEyq05tr0hpn9l3m/NxkqT5DQEVQ6/vqtVmKxWFegnDEOsgNUzh8tLx3/y/WmfP3PSP371FK/jAydbZrP4aS0qT/dGNQu570io1v2fRK8pR4URS9eo4frHY6ki7bhjKMcN5V654CwHs0Ap8t1CSdg6pXQvDqN1srS+v9Fqt2tTU3J6Far3mBj5HbyLdTnt9ZbnTaggWLew7OLc4V5+s40dM0EzhajakoIdCu5FmLHPOtHGEa2cMZDKXP1vNVmNjo9tqS7Xq5Mx0faJWKJb0AEqXB4Y8ZVVVl8lM2VCsif3GjEZixFOmmVzHfjJF5U62eO+OktGQmCs5Fx2D6BMyAFEYII5IaJWbQpsj7sQQAkIO0AmjBWiqD6Evrp2dWHWyWqdKsfWodseOaH4mok6m0+hBg8Kw8oziW3SLoFAg+IAuFIQjcr+BmBP0J6Lj7Oi32GRfffqtP5XIYFgVpaFzHaoPQ0CIBIMUgeK3XC3NLc57Hmxml0dybkCOtEkgV+EQmSNpDX4XCLcD6AwMfQVW2BSMbnMHZg0N/d0TDTnSTExH38gPQtWQzLaFtHsVi0GsLTiq98mvCYbUkQ3RO6VUr4NhGG1F2k0O2I8RbhKhu4JWoyENK5KcQqygiDw+Qq0cFcM3ZSFCRQziqmMznzv77S0p025U7uQaJ8VWjMuHy6uGGEbxePaLs+3Ii6nG9pUxUqYSErlmqqSgwbBH6eDPdDx+NKPZyd1L0uakUw8M9/D90xKUWSeHmrC7UYgBwJChxsrtAo4fglAIXTEthah5nmSYC6fJSz42SH87OLRsFV72LK0oH/gOVuP0LjtGXiSFNFeMWKoGAAAQAElEQVT2+9KCCMAKmBchRNJBTCl4FlHh8yhgKDUoLZ876ZuE/lNNIXnM0co03HOi6IaDFnkwerqw2R5/IgAAk8PT7rCaLoxzLCTISCISjGKqSS6egV8WfU6ylLJskmSqPzhLVRXo2g/oMbgRgKEgCUY/jPoAsEN/J2rPK5GlbI8m6YpAi/RXHnRidbHaM2H0wuSRiQKeuQZ8l62jqRytPoUWmBxaoGLkmsXdu1ZWVi5eWK7X65VSuVAoeGhTzBRmYunhUpbGAcb3S1JBRCgaOnJ+byt+6ImQNkD/AryL51Uqlb5UYSZis9FstVpBEJSKpcChxtHuFnQy4bjyQ8qmzc7MSn3NytkLew9WRNzbt3f23tfc+vFPfYGxTq+30dgse25RWlR7/cgtBJJZlBzvuunZ2/YfePiZ56Tc7fhyRQ07p6WhHft3YNFFdh4nXbuJNBa0zSw54/wyxa+XQxqnCdvSd1PI4EmupHFeN5hF2Htu9DVmExVDVszXMWOWI97ERYpBURPQfZNcGIeuaPnuubDvbqzJRUzdL9SrFQdC4zhCzr5ioRAloaQdcaRrrmRBAMY6jpd4Orgibs8APQuADORwRdyJIzwn4XJBlYTCC2NH2uh57MZcuAVZkBdCwSGEwwkZ4vQKnPxUgYNAIIdR2JMVDQrMwygktPedoi2AmOPg7IQGKSduLgY4Qcyh0oFJXtBjYBsoFIte4JPg6EGcVCqjHykRULjMlRSzL5VLHkjxAnYdul4xUG4GPB3BzPom1rx+xc+CoWkI5aOO1a5LuOtMzs1I0bOxsh52u3pDdn7Vp2iFQ7uBhGSNSYJMCL7bgDs94nNcLwBw91BCjJgLYWlsOdO6eJayP86ZtTpiGszJUm7u8Nb6amNjarLgI8QD3WA5jMCiciQ31tflcgLck3KnUqt3pzqNtbVepysl9OZGQ4rrhVKZpcKTkgDovQmy3ERgGHWHzV+3r9/qdiRVvrC8cXF17fzS9L7FkMW7b7zxhbUvH/3q43P7FhcO3yjr4BFgkFEPqbh5SoOhFydZKkQt51cSGr1lehWQ+ldaSiVsrR02NrChqBHIM9TvCFf7odUiMPusYGa39IgyaTCK1K6W8XFC9cy9kVn4GJ5BnKjEiXKnv9VqgQLu6GtChdcRhDUB8i9gv1yiIQ0UiIfZ53wMdNqnG0+/9+KHEjFyN/ZLref/3enff8+u7531Mi4gZAWPn+2dOh8OfarbE199vrN/V3DdriA3XRoR/8iZZHU0YqAVsfedFG9e5DfU2BiJ267x8QLLui/J3mE5LehIkZZvf76VjxO9HmS2ExFTgVHnYqCS214fca5X1anBTDBNIuk3z6+traMQg7LXAJsfiwweu9hX+9HRrwn5OIE1Ph4lu3jjDcE45ay2WIw+KkzVWmNEdPmx17F/vSo2WpdIsX/4dWJB258UV2Xb4k6IdKT+TtLutLbGWx0sxvGc9ZmvHv2W+3aw/3qj2fnMVzKIk8Xpiftvv/7Armn6KYXZkxfXH3n6xIW1TZPn4488d2DXTLU01heh9LnHX0wuTwNF0yYdWEPmbapBzGQcOXfzqdEGMvXhL5796tHVf/DgDX/nvsmHXgwfOx6dX78qMsO+GX7fQe++6/3nT679y//65MXVrqnDTlLK9bbKMJysUTK0UQ9EfCqvVVPioOaqqacTa5WOPInuul7ZC+phf/Pf/MHzv/yjt+2Zcn/sLcVvOuz/+kc655ZizVUVFU6SQU8nKX7l9bcHP/HOag2tMy+c6/yvv/1spy3VHdMcdvjwrHY+LRNLS5GdBk6naj7QYRbJynbcwPmo/N9IVyINMBnNNJliT4Lg+WjYU/Gt9Ve2vJvQlYScRNKVZLGy5w0LD/z16Y985MzH7pm5c9IPjm0+d6p5dE/l+v21wyebLzCh5SHcQoUjkPYFIPFVslmiz7VsmdbTsNcMiNMoG0YRorFJ1Mh8pE+gWjGhdNAaMeOMUsgMV+sPYzMjqj6k4kIYEdyplYbgid9xx8TDLzTxLVxy57MrPepJxzGzXm8yVitTlntLTg07onUiWyVmyT47TmGcrpqpe2pjiZ2XlQoeq5VFo5N+kG6P9yK4PnZSkiNPRbHUxJW5l8qY9hnXpXC7uLRskRYqLM8izEYWWndXjq5unGmCv105f/EWoMYcvuvWuem9NSEyFlx5PPbc0hc+fkxe/6Zvu2H/oZlcaTfeMLPn6aWT5xqW3xQYQJ9/8vx9d8wXA9eu1dBzMXA+pPPYiIvpCTdXRIr614Uz0rHYvZhPvRMnWp/+WCQ1eGgn78eI86AjGotXW20AnYiU2CXZNakQeR8ndBRiqAcUugJ5EpS6hV70ziDiRNUE65CA++YE/J3Eyan3/o993/83S/MLo3pla25o382rYcaalEKqH6VVKvALM1IdVS3FaP6RC9yWVEQypxn2O9KU5ToyRxKgrRgcujvgNxrMv/Hm+sYmBoCuT89OzU8Xq2XhwTa/JAzbjc2VC+dlpspEdXHvronpydpEPSj4sVS24q5Rsh2msjlng2ZstJg4higJxD24mHrd3trKSqvZlOelSkUaJiq1qlSaMXRRozzZWOR0UHl1OWmQpNuGTCEyA4ONWGykVp4Bpb0YFlCGDaRt7QKZnEKMejBXuDFyM3D3qHxy22st7cGLk43MuDOxijf1F4bdcMvTUjqpsgnzJDy3pWDgRGSS8spGAqpdFh7T32ygT3L9kAoWarc8lg5TlpFfEAynI2cMo6g0mcfTZQEbto4fmYQCpvBMxRSlUQfPlyYIv1wtV2q1UjmgcQ78XWF00Ywml/kx+S9BVTDaWQEhEwNQA1EafV1tZvV2+tKhfcIyC8EBDpZeV3vESQ7BmW28aoFPbsQnuRypSFAoEOgkXWumOr1EbUMXyqeU6EP9exA9pyP/ifpAeihAhhDMMTPd9ARjRgeXyk7ZHt5Rys2da5bEVX5pfv2lOnCrR4YOjy0fsE/UIjVL5VkK8RQpSbQeFowZLm3IaQaFo4eZSFXK5qspyJohGSlsIlMzraBOwXIiK8DkFCEk4SQWuTcTwS7aepeZHEMoObfba4uVdvcJPa2YCouaUHNAogl7YRR2IwybBfCsKMR7OPXQ0sowygKsXBDjwB31FsdNQSeaEDmMW9yH/EJAHocpvBC6KZJPMoqk40q7J2DckWpS1c3nNNfo66l4N8w4cRIUCIfotzD0DtxH4RpQT2qz4EDqwpU6gtwNkFiAhlcR9wFcDCQ6STDGEFMMQhitfHb4CkW3Mh/iqnk6MW+xK4GmSQU6kcmDYB9DuJawH8dZ5Go2LKmhPAuCYN/+fcsra0tLy8VSaX5+jtyWUh57wckJCOo6SaLlqjDqC83RmRpsDhu6nGXbtA0zqJnJBEs7l27ALfmWarXaj8Jmu9VptX3XKxVLki+o+a8MrWqThBxs1VptJozOnDpTqtbn9u2drJdfd9+dLxw9urza6knzaOwVClXHKUgDjF90MJYJd4Pya2++eaPVeXFpuR+GwqXRD7sbaEByS8zSqwyaeZbImI9Fas4dTXrYNxJLSTDnQ5ydcBM/YMsiRl0aW8ZlSt2PjyrlkTLg43Ai4p64ou/7TR6f6/fcjdWZ1crERHWqGHieImmsjGqprojBPwoUhoi9hPzegG2ee0BjATQl/6RmSw45j4ioy8GniRyDseMjRtnnADWQlAki4US+2/WcsM/hacGTXh+f8jnEPIsEYG9hzAPuBPvT8XxEs8CSXtE+IlgO7nN30asbB/oLshL5cUK2FPZ6CjINgHCPKIzM5hOeDGG8GCsSnUCKpN/hKDbCA8Wk6pdLAKahqGPcGfZZBBNfB0OfeCgOYEIvExX1CkF9FkLVNFbWe+0OfhQHlx8KE0iSDEM+K7ha6jpoh9Mk0oS75pllIobp5A64VjLx0fR9pYtkWlDBhMMD9Q+m0pYkwbnWova77Y2lpUq9HrgFiL0ml/EIifF8J4qcTrtV6pQ8DG8ZBMXpuYWwJ59od7s9v9Xuliu+X2COo7AqyNU57cIjI4AHVnMp20NUh8Dbe+PBzZW1448/097YOP7Es1Le9wv+9OLC9O7F88eOP/voY7X5ucndFVxnutgY6hPSA5t2CZZVR/JvUNuvi2SjPRgz7hCVz5K86kAIIyDm/ZFwZpegtXjqKWVdS69ny9QVYbky2RB/JyyFUiuhYkiZVJ7yUMK0DMe4Cbgj9NQmx0nk3YTghsqWDb8cQTELYM6k58wSYoemUMQfXnt4C8QJpbXeuc82nvmeqfvti41WPApxYtLJc/3ZSbdaztgnjm4mq71t2Hcs2OOr4mA1E6NsIKV8PfXxmS4q9f9s+8T5yLW8XmDlji9nHyfb1TN1AJCuu7O2WiGM0CR0/+RlMT60owbT6ZVQGY/Rrwl8qhhX4BDtkAc+O7xrLIjDRpslcfoumVrd7Z+qBuwn3sB++aPsEtL9h8QD++0LavE5Anei9Eq2CQQfAF7Ps7gTZlluTMlbV+bpY+f2zk3dcv0CGy898uzJyArKc8t1iw8+cIudIfC9G/bMyr9PPvbC4y+cNte//PzJt9x9AxsvHTm19MTRM9tmG5yGW09MzpgYnJM8a/7lihSPk5YbCuN2YaX7H/7wqbmp4pvvWvjxN83LBeFjp6Jnz8YXN5JGh11Omqiwhbpz+1737n1ep9v99BPnfv4jF6QkOFiHMZM1JoS16hkFQ1FXLZrIBlRaxsSfLyDD0dT4NEs2w8XSu35xLoYouOF7fuOJH37wpu9+TeWmRff/+OHqhx7v/dlDvU4n5aE8AwnkRnjbv8v9qW+t3LSbUO/sA19e+633vRjDhsiC42DkDmP713VMeTc3KAGW4blcaRJYamdIF+Nm1Az28NAeFVbnfL2lcZjmzhPXR0UXmZGRcGgmKt5NgpeVRVVrUbPeTdARMa6txP0Lb3jn7rcuFOZk7numbv9PT/3qh06+3+UrcmH+/Qd/7N7pB+T1ld7Fj5/5y8eWPkvbTYzXE6iHw436WSm3SFNJq7TtfJwIe1jvpCPS/ANP5smexmrgkSnmoTydjFz+DDWDDwo5nG1hRORDcjNViY32EKHxu++Zln/mZ7uffOml1u9/fm2zLaj+5OnEhMwe1m1i4Dj0lqlk7kou8/aJgl+lEg+XlPzqDP9smqowyXFsArXaYbvGg1mnZ9z8ThEn+hbPZzbHrL1uiFxn8x7bbKn5DzOoDi08H/v4MUKHkHKZwtRzz7n1rQeYTYSRqi9faH7+oy9SHIhP/vXRd/2d0tRMOVMmY29/83W/+6dPk8cUoY/9WHziy2e/4w370rZbR7tuzOhRUu42mpRzttVtnqLG1YThnI2neOg+9SThPDCWjXJwEmVOpBpQ8S+hh7RGk6CK0Rr2qQeUdOib68xee+Y8nUgVTaQ8rBDKBGzWdAIVwLotf/Wr+9754Mi+GdVtYvtsVk2H3sHP5TqTMzNesRBUSon6goA3+NtlbAAAEABJREFUavf7zW5XmiEiaasq+hCt0PcS3BpFbD6MokZjc31lOer3p+fn53cvlKoVqR/tx/1eu91c22iur0vT1/TC/Nzi3OKeRdf3IO6zpV0bT2eJNi61GiIvDqLTbnakNqwDFuhCsVir18vlslRraYNlYpnraAQRibla5MVulDkxJFEMW+LmsCbmohDXggZukcxgJl8yDEEn6QdA3bVtXzASHx5tgsX0bCCVdaw/xAgeNyzlOsT+qeyTytFIol4HkoPLNLnLVEkM6drhva0MpWDBJJRJFJJjE3TAQUZTocYvGu+4EYYHJdrtqFVOhME9+uk2SBjJ3GWFUqlSqxVLhXKlVCqXMRQhsk8utMHWcHUSTvAerEPBu1Kn1ZGTRVoZGLk6GN0DQgx2U2KIr6ph2jI9zUQeYsP1kgis244yS0MKfLJ9eL7n6MiDeeyO2u9I+zWh41sNmOzw1+5E0mDDzNzhKDoqtMrwntZkgItM7YekYY+/HKbkNUj02cdWioxfrjnhTFvM9CVuDf6hTCqNtJ6rqn5C4OC0KY+1Jh04UX6QxBALmrHlMaylGUhqqYuqJy18qNlPddBrEkJHCRPR1dBGNZVJuBsDiGZn0GTNdFxChhjCWsHMV7JFFEmbek8a8HvUXtw7kOiKEPTcVTAD0G/TBmw0sztGY2aANpCLUxQHofcdK5ulo6aewzEYlothQmmGO4mwgFmaXwgda1AdaZypQ4K0znAKrLf2VaW1yilShKn9ZOpzQT3QVTkS6AicHsWhFO4QcQPGXiPY6TFnzHQii+igm3lh5OqCTsy7lbMTBGGoSDdRhBg9d8iq0VoNK4sc9i9+A44RBPnk1NT11+8/e/bcxYsXK5Vy4HrFYtHwbKYDKXF8N100sZbBPU7ogtWRO6Y/clR/zER9z9TMFpZbIHVXVkNWrF6vN1utjfVGt9ttNppFyeKKRQBPMoOFFK4DPeO4bHJy8vy5i+fOnp1amJVVrJYLb33rGz/6kc+12mG705R/hWKNeR4LA98NABrNxO7JyQduv23zkUfPrGxE8kalmoAHh9jCavIBbR0OVPlG2rGRbZcBZ+28S15eSYxxZfw0KMhmSr4MDmopFTOX7Zcx7byH8P6MtP7MEWYNSyKCsgAgKXXdbuIJHvlJ/MLGanmpeNPc7HSl4qK6xPd9WCYCdYqJnNIbJbllSDEdV84QhBDgeOIA7YqJGoLjJsE81y27XhIAoJ+BzymI7SpHVZl7YRAAEq4nuokI5QKwj+RMgNsHScy48v0AOELRFxBihyt8H1I+TowPnkn3EAMG0PV9AbEMoLMdnM7AF3o9x3OJXmNfybe4HmJWYtcN+32iNpKzxGEo70ae1+MUXof7hQKceVuEbFA8hr2qU0oItQyT4M7QoFyqzU6Bo72wn/QjoTCqClNqwriiTdkFqGasuKnQW/54FptJOjr4cGFM4SBd9LFviWY8J51tObFUPZTqCXf/yTX56oWL8/uK6B8LnJ4h7hC84MhWdNvtIChI0Vzqj+Qyozox2etCfNxepyAlb5mnIIdD4JFKUVF3ErkS0jwxFBGY1BsEgX/dzTeef+mEfLy13rxw7NQNd93R7rX2Hr6x12mfe+Ho8Sd3v3Z+0SkVI4ynA9hRThMtRzq4tZj/Rvp6SWLQx4n2ZcItBImVh64IlvVHIpRBU80zZhQccMpZ/jrPlKmyqPUD39bHCWOpmd+yTOsWWY5Aud7AyhIFY6MVs0MoaqLsTAXg0TK30ORW8zdQA9jnW5Pio73zjf4yGyN9pfmcDTqRaoTnjo9h82fs+RO9e24u29iRY41xnmOrPbHU4wvFrXNxa7GXhZhYO5HJGmkWLyKvYuFbEBM+/CiyR84sHyf2UQw8K7IkO3dlR0c2cD5wNPJ2aiozrxYGfYKX8oWbAW9BKFiux210xYgOPLUi12AJVwBZTp5OmN5LtGd2mw9s0nonBZ1QHdrjGfFvmmXvvF185KmdySSzE+KH781fTKcpszfQqb7QCwduyAt14CDuhFn4OdWBY8jDH/7iM3vnJ2vlwrY5wyh5/uQF83PX7GQOcWKnt9174/J668zSGv18+ti5MUEnrW7/I198ho2X+JYMe/Du4Dy1Bh5Pbb2XJGkurXX/7FMn5N/ehfJrbpz51sPTN++rSQnr4may1hIXm8lKS6y2ki1QTbUSn6ny6QqfqzozFWdxgvfD5IWzzceOrrz/U2tnLrbZlUnWzNwig05bEDeeyS0GdnlZPE57JcF+TgwFVds39cAuVvZ2m2fiuP/bH3z+oWd3/fi3zN+04H7X3YW3HA4+e6T/5Ino2RNRtytE6gUdytk1591+wHnNgeC1BxXUbLOV/J8fOP3IExewFgXPW+TqXepVhpjxjPIoxcQQJeHa04lun2GyqSHT7q8cHd6ij+2ReUnD7esijUHB0i4XA75DEsWgSSFLe5oTbjR2SlGr1P94CquLv3nob1W9SqwZw3Qw9fdv/OFHVx5d7r74rv1/e2/5Orpe8arfc/2P3DnzwO8+/yuCxVoOIB2AliFhkCQpghm0wplNWTZwM7HO6W6egg3rDLX22knCR1Bdi2APi4Oke7XZiL4eUtqw7KONkWJYoYppXdzc3s9YOXDeerh2/8HqT/7e6W4v0bgZ4+9EjKiJ0D/z77YfGWUF2GkSNrXAxhV24Ofr0pPr5InOTjxhoXipTWr6N0t/5j80z2VjqYyaL9b8yzO42MwVkT2/+NSF9kqHOZzi3aPRFebIzd90XaHq69LUiO11w0+9/whtgyfb5kc+cOT7fvAOz3PtkmenS3fdNvflZ5Ywtg6VLKUo8cjzy6+/bX56opCr4ai6WXlEto/YVv2rbYf0DBl6hjxiro+YiXG7BRYZgfAOkURxivkI0XxM/hlIMWR7LjGIE2NbMh5QNE0c7ulEaB8nehcDXJHv6mL0hwjj+8QabkKIkz7F/emNtaBjWdFhKEUxh3xvsZEXvWJhYnqK+W6MXw18eAq20dhsR3FXfv9K0S0Fse9KtaZA1aVsVdgLW61mo9Ho9aQmypuYnp9ZmKvUa9zlUQKKzrWlpdbauh8Udl23b+/1+4uwh9DFVXNCW774CCqq7HrWdfLKwMlJcSKkEqzThgDUvW5Xaobrk5NVaYwvFoIA/HrGyh+2k/ZGKmVcEpEaL6VjIB0SfNRAN63jI+3k1yJZ1hPGrMqb8xQKoK8bxIltwzK3Ul0OY3ohS4syEhsM33G24Bc2UkSR2VSeTBMBYkxoGwzQoHfnC6sckfJ+UOeKQQanXqF7g5EDE6YMoBRJJ42no/fi05Z+XTHOtKbZLlbYlR+dBLcW+UIFn1DDVZoHwJYQuNWJen1iwpfGNBetxkmklxPaGYgiUKjhRn8nqAyHbfNypnTaXWmUxV4i/2cOswYts1l43uUKdSYbmD5Z3K3VTqG/OuFBXISbIMrEhw38LoUIcqkmzPqsyhBKcBOGPgtk5TtdqQlvt9DBibQrhxFVD/PSNsskndypSMjMMLjMCXaJws0VSvwqQF5yhNfWx16VJOxXmxM+Ko/SnDFdKz4sn6qzYiUGeiIUNl4YembTNLqeea+W5LhlfNbKZiNxi5QA0SsSFTpHFUk8ynINBY8imeQOV0FhlCDEB+kb3qSGmGoNdQqAlQfTpdAUSZolIwgj0w/l1JBH2DuvfUZSsxxyn08wA4zMABA2Q6wUfMOWZ4VWnWIx2C84W7EtYNp00HMKebpCvBc+lYBFjSVWD2PvMNUutbpMl5UoQ5k/ZRdINOjEqo/1pUgdojsdCksw2haibcDrAAhTMWrt4S0EqlFGWkevf7MrnREJqngVQSfcUj2aASENEFKgibAZGNDQ+BDTorTVJYbcqWGrCb/8WSgU9u7d0+/3ly4uX5T2xdlZKRsZpCExbyrL0UIY3SUTOvg/gHBnMGoSS24f2WH2ZxJD73I9n9OsaAIHk0u5UpmYmOh2ZH2lTNkqlouy1QUXHDPE6FIVJU7iha4fePv27zv60osvPPfswVtukSLla+65+7lnj71w5HSn22k11gulSi0IpHiKYRtgtAZJeGDXwo2Lu5ubnYuNNgsiLk2qaOcxOoYhRFaL9zzr4yEnM72i0ziM8WXSUCFsoTnD6hl9Dj2hUApkWgxnykEFBHVOlIVPKBCKzBo5gfCS1bjzYnPdOxcXeFwu7qvKhUQMpkU5GSV5EQjaBSwIkTEplUTC0TKMEC6JtUJxI1g8OYgGcSVBdLyy5/MSesDgTkz4OMdN/IDDdnC5Iu8LuUAMQwQTStEoEC4KPvAyV6D1Jgoj10NlsBUCTX882lEE112Okc7g/egkKkEFWcLk42G/L2UvmkfUMVB1EhNFQm4MGbVNMhI39IOiCKNesy1ZS6laQXWc7mfGMphlw79eDRNieMqSXJIFcGD5khz58lepXulLITVqCbn4RLFUP2jEBpIv4Muiscol9Cds/45j48nEeFoCn4oQmAm+Gkf3gGllOEsXKinHNklkpXkYmohUUlckWQ97vYunTk/OzMAADgLYBigHJPrWgji77Tb4ICyVJN2TXKM2MSlX2q2NjT4suzsuglEAbOW5LF0yIXw0THjCXalECGOyMkZJXJ+f2Xf4pqOtJ6T25eLps/X5+cVD+0W5XJubWb9w/qmHvlCfmr3xda8TbgBB1KBTAAQmYodzuwmMWShRJQV8I73aE8/sbFY2bELoCpauWHQe+1ywvL8Txhi35T5bDTC0HM4zZdqyoy4znWjZ+uTLtFqE4hZowbBAiKcjjIsSM6zpzcKoMkzYHYGqObU1F6WzhLpJQVUY51vPjGO9C2y8tBmu2j/XN6Pudt5KKLXaicw8PZEKzxv9cWfrSk8sFEcKJblpz1OvMOa6nWXHVEJkSb1htMZg9srzccJMEE/THcIA73lOIre7QowrHA5m6/Ri5Ad61zj4O+F65rLFKZeNlzZaDFeU6nOw8TydUPr+29nT58SZlTHagEkahH7qDayYXfDRRMt6azbnzPSrWcOpNanW5RHuxCoqcxwzfeWFU2++a3tEyMkLq2GU7kT/5tfeuHX+t957wx98+BE6lxLf6aWNvXMTbLv05eczzlR2mvITMqV3Q5eNCuyjh7J2VLizOZ1Ppy+05d9ffu6UPN+7UD64q7ZvrjxXL9y7uzg3UayXRy7515rh0kZ3ab33wonex5daL51tnF26PE8pw5I1H0dNTZX0miOTx5KarELydFMTAsMfuWI2Nl9jgz5LuFeo7O42z0iT1pFj5/7Fb63cdfOev/um+k2L7nfcVZB/DGao2OiItVZS8NlEyZmrZ9bO663kjx9a//DDx8OQtksWPXcBPXqpWpn6K7pu3m5oPbNi6+i7hpXnNL2DVE4M+7l1urzh9mpJl9gLWmpi5pvSVS2JkZNotXQGt8aJ0FgTpvW4yk00qPjvX3zjm+df/xcnP1h0C7tLi1TaZtjYV9lf8lg/TjGJX1l9ZDqYuYX5wvgAABAASURBVHnijgf3/8Bfn/wTxo0CiqQrwgfraDVaA2xjSswVSwAQ9nAb3TNi69s8X4oYyKClREMFVbQaZ4sxO4KPD6vAiLyDZWiFK7z3sZc2v/s1s2yMtNKKOl2KU6A8nTCHDyqScnrYAcLFBnrGvphr2Q4GqNFYbCUAXYXEWf5dfFwZlevMqgCjKFA/7TvMup77f/D92X/zkslQHyeY8finTxAuRCDihFDzxcnSwdfs4mlpiiA/9OEX262ecmeEo3pjs/fQZ0+89e0HRfa9b7pvzxNHV7tRQn5TEk5xdsRHvnL2b7/1gFGED60bMyhqjT4RQ0SMga4ifY0S2cgUkukEui2MLYQpW++oYSNqNfJxQhATG3ECmI84rlcqw/yUpIgTZlTPah+uyiyy1xlLLSlswNOJPC63mhOlEu6bM4gTeRQGfVKcmxveBAtlMnhCWYaesp1Mpom5aTfwQ9wPjVv7RK/fX13fFAW/NDcTFt1QKlelNgk/rVTASv1To9FsNTZl9YNSaXJ2tjY5Ua6WpdZJKi2l8aC5vt5eX5dm8l37980vzleqZZkTSSl6qkaPw0Kk2gOWJSI8a7+X2jAyR/V7/cbm5trKsnyHNFXMzM2VwLtJIDOYMgxMAbGw7FomYztnujlZRVl6srUdnF/leqdm0azXEPvE1D9XYa4TG1Zbm+Dgv2pfjqE/FqPZso2W5tY8lehYNmo3OEAohFVP8PyhsUbCLoiZGarbneVY1EAFwiCzZ4x4B/gnttAnSVqww5XfNqJ6uRHLUnz49mwlrZZmJGSCRdcgTrFcqlSrxVKxALAqnwQwTWMBf2v7CEHtLyegTL8PtoZ+D+zQ0oIpGwRxbSBkRGIZPK2TVFc2MAD5oDTCUMnlWb3MmN4wj7ZPkJSkZcMjFye+70FULpcCcJBzhIzWDo/oUAf6QZp7up3O5nqj02rJv54UYhLY+EvvwoaQjVoYmzmNr0FnJkpzZ33+V1a6StUWQwF/5i5jg1KiPYWz03nrN+WnuhYDcuvldFY61qwRmSpnPqLQKDbitGnpWTo8XJpNCZpVWkbeUNyEp2WooZWgkQ5MdWisE8aBChWoLUSOirTOuYnUoXRTac+LNLLHAF/P9jM2Fp1ORYg1gagxSSw1TQg6QVcfYM9ylNclsunDGXm1QEACIeOU/EQ0z2zNZplpz5EeApcmFyYEFKPucCnwi+4YCrJqmUTFYJ/rrAJ6Jf1ACW5w0RZPoT5oKgtnO8XYDHTEMcAAShonxZEw7CfgwynBwD9AJRwiQXqBl5HOx0ZxXQtPJ2lCqcjwVxpV6DVB8HQIqWS04OkVq9PliRSMdu/e1W13zp07XyqV6hN1ZSomBzmIjDYvYuQoBfcn9TG4D0FeHGtCjEeE6AMah/aDifY/Ocx8a2nad916pdqstpLNZrfbbaxvwlZ7yS6kwZW0AwlGtXCxhrGo1ir1eu3kyZMTs7MzC3sajdZtt95+5sxauyuto5tBq1IoVzxWkNPBl4IjWN2Zz507bjjYaHa6x0705UDxuNCGKK7qzWA3i2IjnHwWabNTQpEgbV4+/hj6WiU+WogUO3nq5YMmEFtu9MmsmAVTLujMrHDwF/ynApHQ/gHH9WMRtbm3GndPbKwVov78xERhYsrDGeF5bux7KK9IRSvGmKSCtTMr9NgmxySoTWGQSu0KLKuhy9DXnpxQkcd4RZrqi8WEOSHKbjyKkEZ7SdkFACALuxCKVK4H5VAVTgFgxhlGhLIn+FURksa5oI9ydTtdkrHJigkYKw8zgKunXqifjgGQGIWOSxRcGFIqqXrACrIYwOvBXyzfDDS105F5PEl/mAg9r+D7jkH6DDJznj97FSdsJIr+kjUmDHau+F6xWgk7vX6rJ3vdwe1pQjljUAI9GLVgiIAIjmpVFWIcR6ryV8W1T1ctjQv4iBhxA5ydcEQIKkZtRJHBlEoYSndg3Lxpf2tyjCRhtHLuwuL+gutBeEspyEjJXD6EDqVEu9mWGmCHoeecoFitT4b9nqxMp90CrAlw8FJQLLq+i/5bmFqVSbmkGwm5RilwcKSDu6AkA7vl3rta6xvHn3gm7HRPv/BCaXpicrq++9CB1ura6ulzj3/2oflDh4KJiWK5xmPkTo5qwihCRYLaN9KrPgljpDWWx4xtjOGan6mFX8bjiPaJop1SUHmmTDITWyvedNJx4x/FvEUxQaPFyL4r4+OEma3XfJiPE5F6T9EPmAmNDk24pcQSiCPBh+CeUFgTCs2DOBSFH6BlBkvPRyc+NomOk4xbic1WzMZOjXYybZmw4/ElCDEOE8loko0gTDoRLjKblflOnJ3w4edC66g5y3g6yZipeNbHyfjnWxzZzs5phaomi3VUN5gFP6ErlriUshS7Iczu6IEuGvWpaPsFjvOENmtDBCg1lPPAji3SOoXXsT5Ue+xwJXJ6/OM3sH/716w33mbi77pLXDc55LrQuBNmzWjOmbWg10xbeavE67qrhfZiqYvKSKnjpJPn19hd22c7v7ppzuvl4uxEdev8c5PVeqW02VKwiYtrm+OATl48vcJ2kgbnmH1lyF3d17k8fJQocHmJACjsZZf0FB0pVwujLxKju5Hpx2z6oH6rbExxukRzNxqz2oOI7emEBFTm+KXa/n5nOQo3krj3ladf+uoz/u7dM/feMHH/DYU79nqVIpd/u6cyWJNnz0RPneo8c2LjK88tRbRlUEp57pTrTnBG3FZvSVL0X6RqG3U3JY1k+08sHy1pm1Izg7EjMjaMaols53ydJzHi/EoUnMIfGY0uZktlgnbIoc923G2GOihS7TNctKjPyUTgFn7guu+Wv8p+qR2l07bR35guTjvOrtVw9aC+uBGukdeTty5++xOrj5xtvsSNrVGkDpzp7UJxKGEWuVad+WArtmxv/jQz9VKpk6UKsoEiBe2c0aBjFYBVWUzheOZi8zf+/MnUMsfZ6aXW6mbnN9//LOPMIBJWG91emPzWXx3h2kYiX9WT+mImfuvDL6a7xrVy9E8/f6ZW8vQVyN/uRroHnMeObFxshPM1n22X/utnlmkWch0nCAvguTbajd9WmZbNn8s87pg9s8IefVE8A5HlaBuGavrFVf7/fDKpl/k3386mK+zKptUOe/gEb/XESlOTdv3ejx9jL62z2+bZ4jbs2vqqjF0q4mS43GGeEZb3F2ZjZFn+/Oxj57uNPijv0btJgnty5ce+7e0HuKvGpFHWHX9h+fTxNUEu9xwTN0c888zSTTfP7d5Ts0suFLxveu3uj3zhFG4PU9KVzP/U8fUzK+09M2UzYMWWPk7ofGiD9ZROGShjud7h6b88/SXSjqHjcL5RPnwz+hEBhEecWF5GMOaO57rT5TJjChdCR0La6X0LcMwgS1Q2gQok67p6Fq/gq0mrj7onsAGvtTsBRFDmfRVbJ4M4kVaXmVtvZyOHhCHRqbSb78dM/h0kyl+eqPXjCFi51Bt1ut1+r9Hu+IUCr5eSoh/5PHIZhCtnTtyLm5ubjc1Nac2WOsxqrV6fnqpNTQalomwr7YZqrq9LpWVtYnLfoQMzc7OFYqC2gVuWPttKl0syH+6lVtZ0F4xnQlrP281ms9Hs93rySmV6ulKrVWtVMEwYg3OibNJor4mt9qWSRc5YcDUMB9aM47nrgz8H7HNbGQuueMq93f5JrbB3R9sn3FLnG+OoEDlDKeVnZGkSwrJDGY0id0fVTD0Mxl0YPDFu6yfcSQQG19gOY0FoBvSdwS0/bhkzqpJm9f4lO6nmJITWQBMuvA51vgA6IXcawvhm4LgXUeiAAdpsbCOo8k3RXTEE/EBQb+pPGsxSyRwUglKlWCgW4aRc9kHtDLVDa4kOppP2NhgSkkTdlBaGXrcr56KU8KOIxAYMhaEgOZGKEsT4wADIElnTc8KwuvQTquAc2oBsjxBJGdC1CTp8RxcJCDrxSHjT6jfC9pG1GuJIYG1j0hZeOHNezvRuuxt2JWWKOVFUagZ9S2q62fiQW2akTWLikvZm5D7S1SAUY1bAnmVX9AXMBhyMfv+Wl3RRY71Q6WNpzFjEUS8GzASTRjCrWmk/CBriasLGlhLYcjGifYUiox6ohBHUWWpwtyz6PJuPWa+myYXmlTjFoIEwIVQsLE4wh0QhPJSUwI2J0DRHeaYgeIqqA0xN4x/N7rSElmZIiBKghkT8JA1U6BM01aDzOjB4uQQOUZh4TjVSDNCs0AU6KbEkV6ZoA/YZp2g5GEyHEVVVBi8t85HTS/oUTAslZqCKlLnrKzxRlEatJQXMSk5jkEi9XpUinVGK4kQoC6km53GYAMIGvJuEZCdFKh2KOGQUGgk7lQCEuM9f0RpFLQRjFsUYGPh5QnFtwuvkT9Ha7Zmwdq6xQNOKhZlTlcQQYzzwwVp9cnHX7uWVp0+dOVOulKcmJ10oVuhHrDdyZYtGJuqC/70o5EDAwdkJLXcZSxfMOVdYItNxJEBTg9LAV3qYOKaCmjECNDEoFqqVatiPNjc2W5uNIvrFY6Io2QZOosTFqE6on4KBu7Cw2I2is2dOV2oTxWL1wIE9D7z+3o997POtzmahWS6Vq7VaWbgcYEiRtHtCA8uOuOfWGzbbrRcuLLHYTULByImMID9GgLhORyRhZ2JphhWq6moQEjTHWspR4wYE70GiavTRI5OeTped0rnOB98wkNNOiW3QNZ9u2zSo0RyenK0ziNSmOOo9WCP1i+dvCHPRBZscV6BBJowS1mGGGsD/LlLNQH7nTuIt9bt8pT1z+rzrl/bOTPGwj/KkTzt0wdOJXEkifURnjcoQ4TpezEInTpRcoq2SyjeIipAgeUDAik4iRcmEO90eDjAYXojC67FeDyiaXJYmie8WYdq5IlEILUkpwfkJ4EoAoEBqMoLOaB8ATGt2wJ2KIxdFUgCLgFyGID3Lcvthr92BvYpB4CgJCmAT0HqXBwUesj4sQ1Emi/qSqnbiMC5WmCecnmiCGFcqMvTMIsmTpL6SRDESyBTIkVpNtIWbTzls7GyxKFK24HHSNRHItFEZjUdMjy+hAmyQ9Aw9EJTLtVnebbbbMSBAtUIrbV26rHI4EXEwDidkieNCg1HxgNGSFE4a5IwQvRpDgCQglXr1xfX2Cls1QkRJ2GsMXQ2h3a2B5gd886yeOy+H7p5DNzgBw51oKCj7AfBTQKn3Ol1Jl30/gOVHVJ9sNjbgkkeeV+Sfp9xwISo1FrADIIJ90BDLSYr/DNmw5NKJyw7deZv899QzR0TMzr/4YsG/eXZ+H7steabdWz1z+shXvnTDa++T+Qt+KUHZyiWoJVN77ETK/XR/0gCD4avFFuqXgdFzpcbJtVyWvxLStekNhThhZnVtdqkqWdPIJBm/Jkyfc3NFid2MmcWHLsEc6Y0i9XGi89N1lpZvL8nEQDnWMe0lM82FWak6CoKrbDCquiB9a9/y1AEKBgBSmNlGpWkGGEuoFC7S86uQmu0drKI3mztAqOwgpcKOVEcnAAAQAElEQVQBZ+k6cMgE5/qrbSFvjHo2HS6a5ohtvJu8fH2ciKynE5aVoEQGYiLskWMp74b3j/1zIIdyvYs0M8blYsxTs8a4BHmjBTKXfUUHhBkrLVTZD79O/NeHtp8Oe6bFd9485LpIFdYixZ0whSMxdCXjDcVwHKUEHY47YWPLOcvrzXGytSw8zszkdiYsyjZRNqCTzdZYcJ6N5lWDaAwdF9yCjKUsgH3dJJGdqVtl5dZybajIk5Wz1bYQbvkLMd2cXsl5OlGoFB6U5l1PrtZXkqgjjT5nzpw7ffrc+z8t1b3lxbnS3GSwZzboh+LsSv/iamd5uZ0kHa2hgxc4TslxpqXUzLQiImXR+h+7JmpVkNFT5+rGsrcyJyy/bMzQTzZA0L6R7HR5e064BYXE30aOUvJYgjo6zIOb15hBnJD6VpmUQAn01l1vK7rgTafoFDpR6mRoM9y8rnpdxS++0HjWXGxFrXqgUHRv3/2u33/h/1KkQ6g1BSOgk/Z0ImzQv1VDZtXfakVmitmMddu05XJEl6+xGqqyTPFN0tHKu2fPN37nL59UCllcgpHd6Pc+8KzS+FrXf/+vjtIVbq47zh9/7ARpn3ErIiFC+AcfPmc9q0+gfc4N+yrf87r5cRAnf/bY+jMne1SCZvgqvp7VCWJow7M/xRZXRghuW6VPPMl+5X/wMLSIghZJ1tbZn38KFDZ/9ln2ez8jgiun9+2E7P/1PqfbZ/oTwRuNo9hHjjmPHGOuK/7BA+K+PaMlVZYufbdDnBhdAMtkG0LhzJOkrmE8Sx8VyVcyT3qUaqITnz0Jc9VBY57yd8In9tQXb5pWBWh5qN+LvviJ4wJ3g6aeUWAvCsy1j3/ypR/8u3c4TrrZRj70mtvmH3ryYqPTF9wgVKD33v/ImZ/6thsZy9QtU08jXzEt8qZdNEDiuXXCrd+cSuNabOZpH3PteYhrU8KwVDpwMDh86+bTj1NgHfJuQogTSeh21Wss64+E5oJy5zRAbbSnE00Nh/k4SUsYKHOp1ZoqldDeK/V5uj74N/fAmwr1+tAm2F1r+tGsu6xs46aBnFiWL5VErN/uNzcb7ajX95yoVCzOT0XVYtflsQdWrBiCVvc7zdbmxhpon3y/Up+sTUyUquUgKIgo6fV7zcb6xsqKJDBT87O79u6dnJ6UpmdUvApUl4EBiQzmqjK2aVHrKhmp+VG/CSa1KJQW9G6n0261pDasVC7UJ2VHlsi/tS7A0nqrzYgOt+ZehkdYsINL1iSN0mVxbnv1SC+OX4KwNIZbpCQxcSUyRWnzkLJrpjXQuIqta2IXyLUSzz6xnnNyq/ZU0Zma88hcJXQJuuczhMCs6/JBlzhuH00i8A8OG0HB7ptQ8AECnVCxCEuSOlBa7cJjup4KRW1q7Rg/SYkeMUJXXXDwXAB2zJCsmgjMSNCGbVaJ1sRDz7jMbg2zu9GcJjztCmxTir0yHzoRKqYEOPXxC4WinH2VUqUKXnzQRoChKyBsBNIeNA3R901A7QqWQcTWQceEENuq1+/2ANcGm2/RAJ52vlAfTpE5rvRduVobPYRumYU5IeGN4jPEOk+C2jJwiQAxEMiviWyMB1s8wTQDm2zJPUmi8S5oVIYA8OB6XhocZbU77a6kMPJrN9cb+DIXDfjQBY6uFje6dqZl0kz3c5aVlPWI4/lLo6egKSeTYTD7GPOUbSsM6bLNpLPfZs0pMebrhiSeeZFmKXqnHzJZxdDGK48mtaLfgmc/AxtYCXJjNgBjC1J4Wk+kBACbrw12ZmbSK3DEo/NFkU5X0yTyPiTU/EzMOiXVUBiJy4wcDe5iqTIIH1A5hZ7yeIJINKAIOEnxGFM4JxV7CyuTYEAFmGtMTTdHA6qUrwpreiUih0rkGY9feq7hFyeUiyRL/TAGf0UhQ1crIMLgLTAVCTUtCClC6wprxU0mMyGoko7+atb34rqf6Ek5hSGIjuswvf5gKUCH672ffFABhCTafCP1yZHaML17JdFgJy3S6K+PXCKFN2BxuNEtUaNH9n2/20UqF+ExBPKnihbUicSllAhtNYrlhCc2VGbKXxpr8cHHECL+/+z9B5wkyXkfiEZkZvnqat893q/3WCwWngYkSNGJoJOOFHmiKD2Sd4+U11En8zudjvcoR0qPv3s6Se90oiRK4onCkaJIggAFR2ABLID1fmZ2ZnZ8T/suX5UZF5+JyMisrOrqnp7ZXQCxvTlZaSIjIyM+H/9vhLgweESZfDfKgJ1YSYZmrkgJf4OeNlxomAuCmdnZffv2La/cuH79erFYLJfLuttIcoonLRJ3wmoPMAFHiMw26nRyUVTQXmpWbnmK2Ta4OmDGjkECo/fHBf0JGSIW3TRnCALdvIlqtd/uNJutzbX1UgHSJSJ2WcCCRsQV6jPa8bmwOH/ujTfOnH310Xe9T4nuXXedvHTl+lNPv9xqbdU31gq5qldUvjZSyAAt3tKP+gfmZx68986XL1yAEIB8qY/g3R7aOshnr4SKX4H8+np+9fuw0hgCKX1pdBTj87FfRg5+WjFOGWMU7qYY/TbrTPyRZBpAJ6GLKZFQx0YUJVyDzLAmDY7cZCWDQsioItNNSBwhA02oLDyH4uTRph1ELzCOA1JK5duYOkxEra+eu6I/dHWiPFcuaqXZl9opn+93UWYUIIaFMCYh/oL2tYudKCX6y5WxasHwR5EFUplpEp1XXiXIhyUfI2BgxIGfXlcY5FQJQvIAJyKKtI4lWp6v1aV8TnjSyAAh4o2GELyIddPgNK8jiYPz0ne9wdQ5JHFTwHZP24CR8BaUyhcKWhKzcjh3un4FyEAE+xhvrZlNqCvULckr3aIt4C7FvPCRtvroFrVQRSxTeOlPmfhQOLOUJwY/pCUEKqURvLklQWKTTAP1EvMTgtIDv1gpzx3avyLl1uq6ZlQBZzISCVGIQ4Zo6DFbBRMU1cYJMsxzeOEdyx/M0ePVSNIIECgbW0HCQXG0H5fW9knzm4Z+t93dWF6ZXlysVAsYnumxKoU2FcJSI6FTS/HViZpuRLPZ7LRaQR6yCgXdnucHXsGzQhvCGgZkY/EjH5kxBMfokVeanjx05x31jfrKpYth1M3ly7UHHpqYmTty110vf+WJs08/XZqo3vXOd2ktAKKtpFEakYkYdqNEOkhUSfmWGCjfKLesoJzoYoSoeAmeOYLXqfhKWtxEbrrICVgyCpUQhjUm76XDLsaJcmwTSiTqSUaf4LzjZ1nFwb5Dsv0JTQBvIBwI4sWEacLyOMdeeyYa2uPwcXJIRBYchYBbkLgIuWsl8e1brKxCtILATmSs+QuV4Z0cVVtyq5JbKRx0E2ebaMmw/V1sxcD+wNZoWiKNcSJYCmd10sg+NEES7+tco2QcmB+Li3F/irjYKt2S81kB4dkaUQZA2o/a3XGjl9YbknGM8DG6gmdekX/919Vf/f5xlyO/+4h4/pr60tlRbELLRT/yUORKL+7bGfFIWKMDfv7MuBMhEvYEZfXOwbgTIcTeztPIGd39/lg9HDnWnhFrQG+yDM4798igkiKHgZ1I8XVC2WiwZwjBiWPKnbgDnRz/oqqcKY0HGQnMIp0wTJak0WojO5NIJ4IZL9zrByXPPxiF2mqrxd2mVl9Ag+ltXr6i/9QzIhXPR3WDICm9qrZMCGvclAZ4IoqvNNTbwTLhmWZWe0hatWz4uIjfz/Bwkd1TIrtHs7r767GoHRwdpzblsK1EKKRDNym+FlJiu+gm5jjCQqoo7+e+89C3UbUlv7TWiXP/bXY2JvLVol/88soX7MFm2KgG7FK9f+qR2dKBlfZVRStqlOVNuJbDkypyJD079kC2SrV51KuO1R/jFQWrvTnkXplAzT/3w4/89EfGwLx6U8uvf2n1t7+8IZgRmnlo8U6wDHhsUsZR5WzF8AuG/cwur18Tf+/XM6Z4LF2gBFCvi1euiAePiL0qZ1dEuyNSaZGUSli5tB/zX3xeHv5j4b6JIbXIdOyIsQEkrxo4lrordSZxpUzsKxu9MbB/7dlrnUZXeRxrQguP9Ex54NtOCJF030rx/JevdDo98uua62HBFKr3cm2j/dIrN+67dyF+CkTkyPc+tPixL12iuxA9WNto1RtLjbPX66f2VUe0LbU/pDMz9tz+UPaXtAqA/QBsBlex1SqjHPypn179Cz/bs0gnivFOjkxPlYKcGx0SMX2LJwJZ5ZNIJ+nj1jUY10MYJ6YWxbxVdvv91WaznMtBGyjdD0bA9JR68Gf/e7FdD7m+EjlwdvS9mUU5k7vdbIftsLXVaLXaYSUnqiW/WujXKt1C0EWvmm5rt9HptZrNza12o5EvVSZn52bm5wqFgu63Truj/zbWVxra2l8pzu1bPHjsyNz8bIRmK+o/+lpKJJZAKD7uNAhdbiEuT9WfVRtL65tb9a0NvV8qlytzM9ofT7nUKeLECPAs8Tuif0puTfZM5sCLe2aXXFYmIk4ywE6EEHtlKJMDkC1GeuTT7vEdVeU2MnVv8jKZPC+TK8XjkSvYcYkDQCVuR+rDMgiLl2CCjQhdDNy7GEKhS7fbp/lEYCQ8WjxrehUUUYMmeQzEYLJgDUG88JI0a4oijScsJK0A7xJGtPQjyt5AQpBLvlhCpRAMFWdaT/ybVN9UqkdkpGIKR/3Zx1QGsDw1lytXKuVqpVQpwc8AwUQAwjtStHCXO0vZV4YpBIk1YE1rD7LpdPEl+oK9vBixIR0qwrPMGLL4e0gpBj5a6hXosYYKm2WTkfmw6NcLfE0QtFND+xA5Jkx7Tjk2yKK5YCUo/UEGEE0ANV1pNRv1ehts2pCdC00WHo4WSe5XIcj1HFoxRqQGLfEblXoNe9LR1qKYbg+WtEQUk10psnSWPSmDjYnZyhjzd5syIJmgrO9Rbiaxk7cYaKeuwy40Tap55gZ+pkHQYS5Aq1jj+5zcNEaBVvGwk8yfjdmWmGpG4xQlkjakn12qnjuHjTjkxc9VNFMi6bSZ4zkozIQwlghmCUNPhAElpQlIr4g6Cs4IFWByBcOJvFhfMW+nzGOSnenSEYVBFgipord9PbEhjKxLuWM40ZcN07QsjzPKIFlkGBXSzJUjOEh7OXUFnCNoE5qosFDZp0kXfwNhA3Kk6SQTypIo8ZJw7FYMQkEIFpabIkaSMy5mZd/XNoy6Rvcv8nno576mEe2OZgR9lCjoK6AXNTR03pO2h2m5ONXmpTm947sanFbpI7c3vc5ITryzejzG5tLU+PCRw61288rla6ViaXZutlwu05eOVGQ9lK7kBNKVlvKRG+ohry8N0BmJwZKxIXWcVgg2KQlh7P4iIZFQLRFZusuVEsRx9gC2sdluaaGvVK3oe3L60XgrOGcFmgw8wGCZnpxYn6wt37hx6Y1z8/sOzk5X3/34o5cuX1u6sXHtunbnF6am4UsHgQj04Ov3YfV8Pzxy4OA7HnzgpXOXWlubQamofIGL5X1BEXcRvV8Ux7kzrpHwAuxV6aiMO/00ogpD3wAAEABJREFUcuTPvSiZ3CJ1xJVmBiavsKZyOo/btKApdjssxynxs0YpjtsWoigQd+IcEemB6zEh1kShL2RHeTnlL3UaL77xRrkQPHTi+Ey1rJ3geaDhAIqipZWO7OlLMS8YOfyACXh5mDRhIBBWTlBwH9bqGVkPAghy0qvkGb0WgqD0NX2IO9FjK1IexA62W9pf0Ot0Saf1cojL0oeTBNYSASo1RjeqkJyXsTyEkwjJLHFIGVDCLH2mg5B3WsJttciSG0AsMwpnSJ+Vr7zI83OBMkVgzhQER4HJkIMoF1nyqn4hz4DXEQloRlIhTVwkuOz4RUk2QL/1StawicUPRaIovHDgVSZrxNma63UEWEU1xsoBkalPou7geYq5fIjj3NffFMm2pxJKEvrPFQ6AyICokVs6dq2GHM2T1mulsJZ6lmaNaQev7bRay1evluZm9KcPvdAPcrrZQd6XkddttyH8vtsFyi9gyBXLZS2bY56mvm601swhqBwjy3XlPkoMIC11+rCmJgCALgr5gkCWKJrftxg9cP/Ta6u9Tmv1ypWlxfmZqamphbnK5Ex9afX0F79y8OiJyQMHI2kIryAdwbAbJ+JEpXi5fCuOm2+UvSj0eZ2IEyFEvJXOARsFIoixSWGclyyqEjPnGOdENcPrsTNRyiyMExHL8Cpdp/MOifgYE8sSCxJGIzNMy+IagxWDgenMISKsHi4VxIQ7lDAOA4YFT/NbMxs0J1zbHBe/RF8sblGR2WAncqhMKpmcuPcMVobF1cAsbXXwQpR4W2Gc0FXWwKqSzEw6h9xqRVZ3iORxB3Yh44pyXhKKreQV5EKx3QZu02qsGK/kffRFiviz6c2zr8g/94/V/+u71Xc8PNZA//F3iDM31Mpm9sW6lZ16Y99EadjtdobvNO5EGG5r+jmWzVVc4falVint9LKNRmucW1Y2Gna/Wi6Mc8tktbwzsJNRczJjP+MamQgZ2977+3YuWRNwG4Ke2ZM017JNnIZdCRtBomJCocxIpStlEk0kZp5GT4S1G8UFcIZF2nzeCsMOoIPC5O+T6KdVddAcIDa5ICiZc8wzhXlKok6HmDtPNxcpy9mdttGZwbgTq0Eqp39ksqsHd75RxilqvFnoDE43IJJkJ0XWTKOycq5ywdKUQj2aDYUnancUvDxVVfILV3puep3NWm7Cl0EnilOp6bp8B0X/fYsf+s8Xfl3SyIDFFSbQCa2faAewJW6nZF4nBmmOM+9GnNq+lzJD6XgWeNIOfL0/M1kUb9Xy6tXW85dbf/ji1vJGnzw2hrYgqoejdbp9Q9vk+6euoSvSp5Iimxi8ZbD85hcHiKsSiVgHIzt3+ntJCULjZZPbScQfPyN/4pHst5DOVqSgTsxJKYRI6v9uSHRmhfZsQhQxVj8ee84+XfnGFy4xZgkndob9fXfOTe6rCJGwQLaavVeeuRrizaEkjJMYGYUclE88eeXeu+dFMtHTu+5f+Oxz17cgWkVxtAoiCXzqpaWT+6oZbbNf04i1UqbkfJH4ptI5kXp3yfYcMaSQ1G3dJ5ll4s47D//Mz53+1V+2uWz0DYenpqr5QiYeCfWbMpElRG1s3EnquL0rs57IOUJb8JlEUQBgtIoxV6Lokb/0CzOn7hj6jiqrq4a+rhjVWcOvbK1stNo9MIxWi/5URVULqqjNRlK7uno9bQTtaDuSdgO0G3Xt9yrXJqfnF8rVaqlSBlbR7bW1y3hrs1XfrM3NHDp+rDZZK09U0OwW4oI/cIMJ5i9ktldu4K2lO1Zz7xN4fhhCio1W0/eDUrk0MVnTW1TEIzlWUMVtFSIGbPv0M0FrBuVANSbzHvLEAatI8mxWF7BVeWS1I34OL2rATeDqYJ5VtexskdxITEVhAqwB3RkNtuDh1fbLbhf/elFizlkbFEdwgGMy6kOgEntPfVrNbXzMMvE+JHwYWYd8yb1uSEOOkjrFK3cdHTL9wiiPSC/VP178+kM0JBzAhIkLZDvIe4ViqVKtFIqYT6dYwPRSuMzPhP8abzt1qQ+N5HZK7ZDutPX/vT72nYHmpd4l+xu1ViWFupEi0SgSE78gLac1uY200ToHmYDyeWlyYyEJpxX7SjCym6fotRDHvdVsNra2GlsbnXYHACQkxaNogdGEQxr6jv3M8HKJ5iQ0mOySHPCjhn/atuncJG5lcQ0W9kO721vwyPjZg0x2jIdK97Ls8cKvYx5C0rsiuiRVYpW9sqohz2unHYwDwsw3MYYpx5PpMWk4jEhIZCpBGx2vubWcsf9dhT1K4IWL1jn0zASdRAQromJ8IyIlViRUGGsiUwKg1VykZARHYcewsoJ3vACSaoxgqTlmBYQcOn09U/Q0j7RWRZ5GxUq/AMu0vtenOpH0eUI53W6/kZEvY58yhRdIz4TuCaaaBj8sMi5FUn+UEo6kY78bEWEvniAxneGMREJRRA/HiThfHLGOcCxgRiBJhAI9/ZzAqI9sQLvAOq2mlgoozJAHg6Fsg2NPmiKyTomx59TtDjqhES0SdiTzCXfiWrN16Ledmpo8fPjQmc7Z1bU1/bNSrVI8ESRZMJY8fjoGWcEp3/MjZFOYyo5GhLAAMjsrxmgY+1LRT6IStlf9AEggVypqLqifvLq2vtWoFzc3q7UJDwIYaYbznNGMQ7clnw+OHD6o2d2zT33lvR+cLJRrp+46+e7HH/mDj3+q0Wysri6B097zy9r/QY56qTllz895H3zX4/VG78zFSwLHkx56EaF/qnhltPkanu0Zcs9j/5h0WbvqjttWTPcm3mfoxbhl8jNQBoXLt0uJ9QRWTS0plDQOmVkEEPrRU35b5Pwod63dfe78+UqpfP+J49VCWYiuPiggm2MkfAjO6Pa0P75P0xWiknpKBhBYl0O3fcTgS1q403TPx9gT4EFeJHKeqgRBVADArJ4mbBDNDyOrn/P7+TzEN3Wjlm6lpvUo7iDCDobWUWY5XN7nYW4WIax6TCvikRUqSRgkNKm1UKalMXprSsnWabX1hSUpcsWCh7BXTLC1+AZ5TSPCD9R36BfV++1mC95ES3h+x8/5BYkQLPhebDiktcieJxKmXZFJlgc/kGWA4m1VHP3THgIaU5mq9boAM9hpdINcEC+hi63gAhFMUOaAFTw+ghdESQHFeKiQRcL/RIcBO8cnEVikzfcsPpLoJGWMQiaNx51t+myrAT1JM9T15ZXptdXy5CRY3SgYMQJzrQ+5MIVWvfKFAmD6hKEeSMVSuRFuQTRiry+9bpsAsBB0lDrED4IcCkx6mOVULsjnMLYJpllQKuw7dviO+iMvPvGFbqv1xssvTbzrMS+fu+vhR577/BOrV2489clPv/8j35efqIXKOBVE/HLJdbpCjqRm3yhfG4Xd51kYJ4bOpHFHpME4sbYkQUYi4c4poZJbadZ8Z9VpapDpZxm/neB1JOZKS+jUAMYJqzMcFWMfh/JzZKY7AZcI+8rmXT2Wo5WNUZEoongRQZwg4lF0iySSSkkLPb0xL65VfHErS2r6W/mEj6fBTqQcT313us5VLWKwHGHIqYz3E/rfLvZTW7GzfRoyOGgSW/s2MnG9Mnog7hgNMTZxmcG3E7CTgZ4t5REIjYDkbP4CCsBQYmlt3FH0zhPqtz8lB/uo0ZC/8hvy40+rv/HDYma7TDLFQPzxe8P/4wtBpqjea7bCbrecL2fea+efHUbCaJ1o+RsVd6KsqZvICp9NKv5jlBMH58a5bN9MjJS+2WhdXd3cP1Mbcf0b19fqrTilzuL0qIttOXlo7qlX3hA7LOMya0dpTQmE0gzT8fstF9yyuLexSym/SzJoZqccecz+UCmrgTnIxYKd0A++3CCd2BrUAL4I8zLXx0AIRuxJNXeB5OgLb8Lzq8LMEBVzQ0qTbDBLEmQMKlVRMiqa5hZnenWRTmwbBlFYRLq37ORVSeqW7tDsna+rMvaU2uV9g6GQbtQiZdjB6EIlHKQTWBMllfn60X3T99kKS36p2Y8D5uaL874EbSXvu5FziS9539Qj//mN/wA142Jm4koQfRJFZuY41DkjfNN5m4SYIIa9s0g2hYe+GnGncw6QTjyjMxIKryrkbq1MtYvy3/7TV7eaaHrAZO24ZepNq96ki3FiPL9YMjtOZZ1S250S4wzF89fSM1s60lgcfSL2vihOXiuEHGUyvLg+ik9SM1nqFK5zwf7KjDjJrEqmdrgmleiHzP3rLy61NzshXhoh6Q9xmJ5810GZxDjR17/wlSvahaFfPsRDcQQJraNB/JJ6s/f8qzceunch8UQl3vPAwh985bJAx4MwItZrl7aurLUOTJe2bafK6BSnw0TGwTR3MKEl5IJkaBNp/AfbWX4Pf9/31+5/8MJvf7S5vLL4vvf1f/uj4cpS5Kx3JydJArlEkNsZtiaCxK7QTWCcuBl2+Ep8aIRKLMnbBKVAZ3thmN9/8J4f/8krn/tsbnb2zh/4oemTp0Y2P+4Kud0F6aLGFfi69XakrVmlkqyVo8lSWMyFgeyG/U671el0mluNbqvd63W1BWlieqY2M12pTuSCgEJD6vWtrY2NMOzOLM6fuvfuickqMpKo1+sRPL8RaUyjyE01qL0I/qDapkX5dHTl2opVmZgolQraGZ9DtHV9NkAchVi+fysVxxq5lyLMoFVWOYPQfbxjljFH6PqI00MZB21Gm1Nl532rrFZqbx2oxJIl2idOBUAjEPkBy+h65PSFhdb6N3pewZAvSM2LKDsMhSLQSkuFriIPc837sCiVRVjrepTkizUNMF5R8i6jTxmSOPX6Bk9auf6w4a9KBn/3wMBFg2o6LeULUeaR2i4dBH6hmCtXK3pOaZMtXsjeWXLHUoINYRplgjYovxBk6tJG7i6Es/URY0mI2LCGonvIeaCTE3BXdn5prdr8TuC2DrDkoICPQ28d2cPCrBINxO/ghf2oB4Ey7VYdAE46rRajm2DkCg0Ko87ECgP2RkKRlCJLCd3Fe70FipkVMfVQe/IiQ4awMwaSawISheEiMms0tqsxGqmy/2dGwFdkCpCOL4b5Me5SABruR2mYYG6aq4QrRlVUwsqYVngz5yGDAWbxIoIDaXQsZ0c6IYwR23htEvEbnMyA4j4Q4AdD3kjeJjARI6jwKyXAXSRp3ZSdAUkTtKTb1bOb8E4A6j6MpHk59irhunb+aWUsab5KIl2RUpxoDIkhqgQw3TCNjmRnU0Sdp5SVgszHYiTT5Jg0ZgX+JEYKEoa8AqqZ+cRSqRSFNIIBjkDU7XQjgM4DJ0CAGc0JOl39vwo5nw42UthYSnDdqUwazZ9C3HS5rUEnyoQrKWW5C/EhM+bGfqWIAH9QcfU9b2FxodlsLi3duHFjeW5+rlqtRkhtE093Pq/2N3NTmM2EmGzJH2OuD8qb1p5jZ6hK/ea392Qun9NynvbYFgr5drezsrYK3s9CvkiYhBa+RpIWJ8ulwoHFhaXry1cvXTh09GS5WrvvnpPnzp19/dy1zc16va0u0gIAABAASURBVL6hPaZBruDD4n30siqR00pQzn/0nrt77c6l9eVQ+IhLBMhHUrA9iyibdEjInpFjt0tuQZFJZXTg7Igb4x2lRjXw9gncN/8gpANWE7bDTggb38c6LYwn8P77XRn4UX6j07q80Xj1jcuTE7Xj+w7ktb6hCVMA4X/6QsgYGgRKdMJOTxl/oxZWNTEloi/6TP88xDuxuNE+EERfE+Cy7/fzQbefBz7Tg6yOBaWqYKHOA73vdzsQHqKpD8x8r+AR0AU0Hla0I7WM7TjC6ss2pMAyVUhWEviBgiViUQcpKcSdtDBSU+YhTRXMdMxPyfxcYGoVhPhCAEAtlHe6nUZLv3Wv0dYvVayW9TyN54OC+JRYTDMel8GPIbLL21NeiyeCMnxSQdYhERYnquWpmmZeBnZSkvBq7el4kBN9Yr6kCHNkIieMQls5SS3k4sKAIz1YBObsYTGDmTxfP6x5UhgLLz+e74AoI1C22q3Vq9d0c8q1GkBaKQQHUlozyQtAGIPUtn7Op1j+fLHYA0RFQEBhiQGhDoulEj0NNHMp9S09iJDV0yDSFDhUfd1eSAZSCI7ffefl8+fXr17ZvH596fKl+cV904uLCwcPX33jjXNPPXPgxPEH3v/+ngF7t6wjJYQazTqVqeR20aVvlNtVTLxUGuPEDOMkdgiZmZTdxn4vKTOPJ7YyRiJJ1enWIJJbFpeTtUnH9iJVRr4eZb3S9j3jywDtzagJxKQ8w0KMp8ZG/yJUVcSqMaXzdJL+ZpbjhQUxXpku7Hd/zk4FxYJsd7an1vqyqVpCcp4viBsdMU6ZL42axdKaXQzZc6XNgR9JWdS6vJIS6iC3igfTSBwRG3HyJm23bVsykYFhAaajFCsYDhhAfN0YZcSV8zWfHcnA+kIWpBn1RF5ZaovxyjtPymOH1LmLpn3J7Quvyp/8R+rPfY/6nke3abJWpNubzdJkOq5Cmxc7jUapKEu57Bpowg7GnQgO8xVx0FHcHbFdmqZ7HH9CosBOpH8tUb7z7sPjXHlofsr9+UfPnP2Rb31kxPVffPG83c/ngoPzk2KM8uidh587fakfjpGLJzmnpMhQC2NhXGWfdee7nadjdt+h2bJ4s8u+6bFQatySHh/KGWNDitu3dp9YxzCl1ciWlvoZcml5n2FTDsekr+CgjyTvEuk6hTCS8eBdo+o0tqchdyXbJu1DhHAilaWdpK5m4hBA92DmzjeKW0bYeZXYpkiRxjgxDAgdhXaIRbQqHbzStPbHLJ8F288903f9zhu/qz/rVH5qpb2qlZCnl5+eLkzPFGc+cuIH6EE/cvi/sQ/dVzqot+cbr+e83MHS4cnc1GL58PXmRdQafEJoh31APVEk+jmWDaeFWZRpbJXVZVo7KDZWA7eChnuz0xdvpfLxF9Y3G5G1XQsjTGB/erb9hHTCq7pcsoA72/WkY4gefo0Yo/R6g1ULl14ZIUXseZFx95io96yndIcDwJHUzzYeIbIiTpwqExEnMqOezOcb6UTY6I2s7YUnLoU4hSJcSoW5cmRt38TMwQnlwD8oiAzuvPzsNcrCIxDjRDDeCZDoiOJOMEb+iS9fvf+ueUhdrqxbWDx+7/ynn19q9fp2ckLbPPlfX1r68fcfjdtpv6MRcKV9STWiN81FLLtJnv2mK5VjV7AdIuxB9LKo7cbK5IkTD/7Fv0L7l8+e2fz0H4oEQolVapVIIZoMHnEoySDGSXz9wBF7fPYd7zzxPd+r/8QYJT2iBk5lFJXYl2PUL/wgN1WNaqX+RLFXzHW0kTXsNVutZrPebbZ7nU7U7+fzhUptYnJupjhRIQN+q9na2tzc2ljT3GHu4OLRUycqE2V9Yy4XQLWAqhtabk8DQ2XljrSyDeFMtFva4dDRR7QDgoATtMFT/+nLtFEL14nJ22f63m0xRoxbVRJ2GPNI3rpWD8fRqZxizzt3Z+8POzL4dpy5FU/y3DYfyrmYrPE+z3vsJYg26WhzZk9/d7Bq4lI62jEmFD3iAk7zJwCO2gM8cB8JGpBAygeB5nPODWGX7EtehsefA7NFKQQvAAs8OZQZXsXpFuUueR5Skn0y+LGlc9xeCdCDAkay9qblENokXyjmiqVCLh+YGyxvDjniHIJUBKW0oUCZLqK/ALoJpNMJTW/H5gjh9rfpwsQ3GHgZMU4xjnXq2Jye6jkInMFJyoYmSH5kH4RpSuhiWDbfgw7f2qw3traa9Tot8wV8cRBOfBoMTs4iabZM5GVKIVODy7q2n3KZs1I5WbHM47N9J7e0uCzjlj5G7LZIy6pNXYmzyTUqro3XaBskDqjB25PeA8mprXiZmZ0ZUimrJsevYmcigdbTdPfMwYgWEdrwFAiECpBBw+Aj0CDtR9HOPkBU4pRwIdbqxdZlQ1yZ+0CcCRMW/onL0mEHwzgwwZdDAVkMyhL5lMFQwLmA3vUwRAKo+iFKEiTcwSwxHcKMnUNQnPiBeImapLgMWBTCcii2zcQPQDA9I51QYB57kVT8deLIb7N2dGDkWHFaWFEqsll1Qke7V9w4wVY8zO6i4jV5kCYM4mz0J1AU9EMeWS12RmYY4PsbSH2Mpxe3tty+oJNBPcwaL2Mr5k6KjWLTt2vSvG/f4tbW1tLS8uUrV44eOwpnQ0h8IJUN4oinJUb90VSCAmwSxzR58cVYRDfJ/HgWK3utYq+LpMQQRHv1EwqFXK6YK3Tz3X6nUd8qlorFcjGfzwthjFG4SIWaqtnJZG3irlMnXjn9WrlcnZiY3Lcw8773PLZ0/fc3N1ut1karVWLoLS09QFf0Pald+f1T+w80NjdXn1mr63FGUwZATjCURQ9fX7LiYZQNGuQIUOaRlMNGCoe2ZfZ/uq/G+IZqrKvE4ONSUp07YCz9SrXSRWlThuXRMQynkCmRyH1cos1KjMV6tzurTM2ZEuq4FdlGwsajmFfzOdhVz9UQhhyq0PCysCZD9nOAsLrZbpy5crVWLvlKHt+/CMEZWgPpg/YMlNLzc8UCDBrtXIdvH2ldR4WYZUQ/yPci5jnM8UiKA0gqWO8RAd5JzlflvMR4AiW6SF19kcsB+ewJ2dFUMAq7HRRLPASpNusEFaueEMHLoGHCWYpM8CUeTREcB562uxH8FcT2ouSrVSyi1UGh4AUA0uLbYaM7oe9FPmaVQklOS2m9dqflwzoyEotlueQxQfDYSqx4auNSFk863G5nZRdD//aUZMPMK4s40AeFE/27WClPzs/q7quvbQqJi4IU5ReAf5TpHBBBuDcJ/Y8RaxWlHuTxb8KlCFQGFWT4tpEXkeWDgQ28gQyFwplDBEITGYIEj8SgQ4o9FZvLK/lyqVKr6o+pxQ8tE0R9NtBrvai+uVEoF0ulUh8WkXilSqWxtan5NGhZMH8izVwKhQJkZCPdQI+AIAe0sh+2G3oAC63f+Lpm8KWrXKV45O672pvr9eXmldOvT0xN5WqTx+67u761vnrl8ouf//zcvoNzx471Sd7xKIOIMBxE2cAAwdqssK/q8pttvuRb3nbwjUJFZWGcSGG0XGTCdJa5lUVGMYqBFUwlZaNxkEuEcUoRxklcm4lTNMeFc1YI6yTBNuA1POzcOt3nuluuUzoEknDUIw6vMfbvBMHhYW+XB3u0bFBIGytjpjbuj5KKTxX21fLzm90bYrvySPVu96eewncfKz7z6vaZO/RlfrIJx2vyxo3tp+Z0Xs4VxjRDWHFEGr6TBDsRKf3dxO9ltCJ9VMZbZbYyuRWOWT+9VQP7u9iKgf2BrUpuExgn7lYkKxdmmblKy+hxoYFshpMQziJgbtJI98yR+SKDUce+YfYug/VnS11e7R6cyYvtir7p7/64+JX/rL76QvbD2i35q/9Rfuq56K//kJybGFrP8xch6ERzKS2z2YN6JjbXNrWEMz85qiXGvmAnK89uGZt3javbXCmMPGCv4XUS7G61liaxbfnw4/dWS2Mlvsnn/PuO73/x3FX6eeXG+n/9ymsfeuedmRd/5pkz+gL78+6ji4E/lipdKeV1k37viRe2uW6MVxODEy/7UPL8m2CUe3NKlvSshsvHrOGp9EEuaTXU4IsYkklhvhb7xER+mPlvuCThGiYwS+iumAsL1usVL1ljVBIpXN8AtUEYzBJhn0iUhTi4QTqJHOoVGU6abGdMl9JxJ0LEHNWleHKgTzPPfl0VlXFEjTmXh1QYhz9GmdghMGQIZZpiTSIbm0BHrIO1lqt928FvLfklU3N0cevi5cblL1//4tXGlVKumC+Xj1dPPj7zuNZLP7/8uYvNN/7By/+LVkf0Ld+y+OF7a/cdrZ661rxkxg/Hnag4UsrjBvF2GMZJYuwMkqtEPKxKdsbw4taDejkihSgGkKaJXW+OixB2e8pHv7Ri5AArgFq7E69kNXEzDt6J86LJ+tTAQZXZgbHJbSdlmLjiStxC3sxgH1qs+uLZp2SJT9vQHKMTJCNOrKgpU/XIgSrtEZm40Pyw8TfD99fOrdVvNBTBnmNyCooguePdB4WwVkeSHsUrz1xHyF/MpyMJE4UkIUU1RLywRG41u6+cXb3vzlm3Z3KB9+575z753HW6hpHihXjuwub6I/3pSqDGaHPqRdNGS/Piye6UVgFjdBNzPN6RO+YQxfse2PjUJyLF3NCGkrjRITbiRDHGiRXpY5STBDIKX4k1mNW4wok1EQ4mysI7Hxu7sRkvN/R11cizI4u/b1ZMl3vFoF/wG91ep9Ptd9v1jfV2o9FttXxPgkl/aro0UQ2KRW1w1dazZrO5emOpsbmhfecLRw4cv+NEuVoOYXUTrFIGy1XUJ/pDModIE5GIHHZ0DBbUdbXjD9AmQgR0L5VL+UIpj6k6yKcG4ocnU0bpW+6gHbukWnI7TFsD7247J1bAzTWU7kQMNMx6KLZt8LZhGIOVKGV4JhaJ7hykvWB+IfAV/cW77TaFm+htv9sP2fMqOIEMNl/0MJSBUbvYHIDBK57yqHKZyxc8RMtgpAFsFIrWilZsK3omglVzEh9Yja8o2gmnOFlolTUcpTrK+cnKuRinsEUZukTb9wvFAg7vQr6gHWK5IO/5AAYZoSfB485StvMEe1cRc4F6qdvGVF3aMxuSgRrt/yzp4IOUAaowH0KEyjrCpKsbD2tyIm2QHTwAbZLLQSp3yKcTBJ7PWCfCjDFpnkhLcmEP8Av6rTZEsenGN7a2uq02xJoIDhVCAHkPXB82RskMNiUGjXBDinLwlEZ8CjY/Ot9XJfxrb5Zaa+ZIxoumXH47rdf+K2NFUghhcgvwfuYTFP6xRQIw9RNVMk1w7lRyxDcgp3McKhDFTVR0byTdZY0WyZaTe6IGO0BhJMEU8CMkhSdhYZscx8KhIgvrbyFJTg9pAgE59CJOoKMnVF8Y2y8+LjK1CiZvfhzyCH43ehrES6ELx6w/5yCOeODasFgDO0S4aZIXbVIaHWgYYC71MadWiOEvposja3GW9ACBE8Z2etwhgqLL4SIfIzWhx3HtFOHKAAAQAElEQVRBu4dZu6RPsfNsCY+QrMSfiDpLCavOu1/IPiP+3KgAEnoUm9CJ1hG6TGxhcMYJ+mOl85Ux7kd1WrBAGvBd+iifCmZhEomPR1nJhHYCC3DsiiipEib8bmZgZNOMlAgxotyWoBOnkaxkC47JcC+IzGRgtXgkt5aGjHJaHCEmp6ePHDmsGccV7Uqv1WbnZsGpbNwfumc1NYdoQUcjIdyGfogTJgw1mU+Bo4z3bta+IJygFhz8NHyjRJv9XFAulzVva0PKuH4b0q81tBSoWY7AmDKi3QJiGEOYRZ6YnZmtVZZeP3NmcnJmavHA4QOL73zkwY/94ZdUpMXXtTyUQj5f0sPOF17U65aCgmaG9x0/dnVl6bXrV7Z62skP2Up8GfvPaYKxNs0/2ELBlpiBII9UMfPB6QtvPFnBuWncG5xmxFxExbwzVa3IPOgcYbLrrnUThgoOXj8uZ5JiO6Xe9uSOpefs6wc6MiXDYY4YMx5BSgulaushhdhtK93W2aUlLecszM1VIXVOQQV91Vfafe7pntF2+kJes5FOX/MPTKCDYUl6iGrJCIKlQ1wTYj67oqAENKtpjTnveZV8Tp+kdI7sydCXF3I9uLffCkNAf+t3wo7080gVZIDJkik8EVopBMUyGHannH6kwWx0Qj+Xy2MnEKacgsSlXcDEhngWEyYpAKoC7/YgXaXso84F7Qt7/U6jKW0YZaQK5ZKuE2x3wlp2x5aG3/7FfU+2XSLPhYgfIcoTlSic0f3W2tzUn0pTUU5alKgAiQnoKRhNr6kT60WhSmIVKEV5b4yzMDL4gdLGtQ6Mf6xaJoiQdJgxiUkK0VJUt9ForK42ZybL01OoT3iMLSuFRVQUeLPmEXnfb7cCgKDU7c7ntdgOuYQKHVnKm6hEocWOnMoB1InWVdp6TOUhCgqDunQ5eufJ5trK2a2t5sbm1fMXyw9M1hYXDt99qrW1tnbp+ktfePJ9swu5yWoPBR+MVe+jfMfxplavFa6i67ic+Q2HEaXdBnGOSeV2TLi+UUYUVxkQCZGU7XFEfvB7KjUQcSLsTfa4co6I5L4bU2KX3zqGANfexzUr62TIqjMzliXWddi5hkgmGN4exUKscgRapdiQ71nnoIdOHIII1HOLIhxJ3xajiybZf2bxe/7JpV8zK3iyy3Rh//dPvyt1sFb1D+/LXbw2yvmhL9CXpQ4+OC3Pb6nRCBea+n3L/u35h0PFhgIkuAdShMDKdJmT2WFgY2KcvCl4J9IsFhfDcE2c/dgExIzadoWymV+SQVBiXC4+LPLkyHyBDOvIpJQRJJlJaRbz5Gv1j7x7RoxR5mvif/1T4tKy+rVPi88/LcOs1cAvvOr9FEGevDO74U+faekp1lhere1b9EzWlfbGhtYFdJv2Tw19XWVXbgshrFfDiTsRhiqk4k6UC7FAPS4ZgNmNOxld3nnv0TsPz4uxy+P3H3/t4lKvz330/NnLV1c23v/QyWP7uKu1df3i0vpTr1687ESc6PKue4+KsYtu0toDx7/w/DmxpyU9JS3ptKqHE24oxi5qZHTUrSpI7HclDKfusj/VwDxO/HB7z+5bU2riNssUJceBxbzJsBpHakwIjXbkp86y5GW1mATXc7RIe5flwkwaEnw5/tCJIcDbzHYq4XC+5Ce31F8m+8/txcFeVqYnv1FuoigX48SwS+EybZM/Qus+WohBLUPF6Cb4rdkk1o96E/k4lZoWe45MHNV/QryXjnx1/enz9XN/cP0P8jK3WFz87gN/fF9p0ROuKCIR14S8s4oUCoJjj+OUtsM4ca5xXzRxxbBixRXlsInsK1mjRCJC886TW43xwOJuS/mdZ1aurbYlreGRiamHLffMDGWkE1JGnQrsfI9/DhfK4lMONRPDb9lBUW7YjNruE+7+MbzcyYpZg4xp5GOJyKelBjcA2v52/ATJ+0cQNKNW83hztsLZf+PJy06sCUeTFCaK+++YtS1jhSxSr714gzLpUMQJLY6J+F6OOEGsFDj79Ms37rtrVjhP1OXxu+c+/cJSSDlFqQa89zOnl//4w/ukG2UiDB9x9oWIuUIGWzVenME+kjGiCR+UkvfdMJQdafpT737PtX+WF92OyVohlFErYzwSE3GizBF7nI6ljwuhHJ00FY9CW7omqEwcev8HxM7LiDccx9WaLslZG85Xe+Vcx5etqF9vNjHopNNqNDvNhq68XJvUPotSpZIvFTVjqG9uhP1eq75V31jLl/L7jxzaf/hQqVzodju5fKAtTgjMzNnZjFSeYbSh4ELdV9rN1u1CihBCntA+bXDHF4va8Ev5OCjzmiT6lbQyfZ0UlcAuUkMvoq25IHK8ie5du7Dt24iTlKtFOY9zi7TNxiHGH40+Oixqj/Cja6MkxlC0232IOeqjyzUU5EwigUBxInsSRtAPBvZtGBiR5weUz0LS8v1iqSylNOEm6M1FmPAIME14dOkKbVYdDDSRFCpBeSdFVi8NKa58KgY6JzHB6PNhMgtP2+qLJQo6yWGEjMfagMrgDISmgPElussiQoPRc6XfwyQU7FzyjCTPrByaweHj0m0tUWnptt+uYBmgwMr5iKRW657VzhjwAObzepLiql5pO5x6laJS0I9Oy4elbrf2HGrXof5rNRr6W+P1ujdyBrQAUE6w2bQM1KIqqKTynujqDM+xEelGfzY1Yga9GcWZtcplGYPX3OQjRFLojaVe6VyTKG5HygGYmUSViePbEBVl/sxzeeiabx4bw6zSSuTDEn/WOpk1kO+EAHXMoObhTlVGtIOzvtcDhKNeyEM0oli0yE4bia4cZWYAD0GM2BCYT0oamB/G+wEu5tsQE/TIJYNAeKwqmbAC4PsS4aH0MQACFFKTlLKXCftKJkLFdJpdQsa1GfqMgBE4DX2YV5hIgXPoeFLG4bDGom2yrlHrk583/b3tFxFOKziijm0BDAfOwrv5LmyOE2ZWR4Y1QDIJAHXRndCBQDTIdIbhaBxf6nsM7kJfQNM8T0qnV93C31yY/h8xa8acUHsWdDKMl5Csj3vUXexXU0okyJgxV8rd2tC0s3lmdvZwu3P+/IXLl6/owTA9M0PgNgF7mqluZcexD2wW4GoiisoMw8C4FdXOJTDlji63O1iz5gOe75VKJc2aIeSkrzSrq9e3tMe8NlkjH6sK9eCiWAEYCVGonZq5O+6445nnXnjhuWfe9e5q0RMP3n/n8lrry0+9sLVxQ4/FICgUC2WtHwnR16KCHmheUJjI5R9/6MHoZf/5M2chN4rv66EnKSOKcJlfggMZC0UiJDXFiowFn0JTdve5dlBcYU7FJr+4qOG3mJ+JfXv39pR8eJ2DZdvRksHRR165/WX8XHt9ZJiT/aISsxKQvsqhvX3fa/elnw9U5F3Y3NBek2OHjh6s1hYq5ZwU7Zbq9LtM3PR0yEHEQA+lSCFif7aZTOw6hKQHOHkjBOrRFNJXYV5T53xOVUsRszhAwoj6UdH3eh7epyTk74m6KvRpioAeBI/C6yWaz6D1Hq7cMnzFMnVnjumDFAoAUY0s72ICs25XV5JDfiZIksNUOxECYSnaxxhtiE5otQX7XxjsDox6frwaS7p9S40Z+aViFLNbPkv2rCQMO/YgvmbEychFkAsqtQlK1NfT8q6Qmr+jnYAXgErhOAago9EEE8FYVDYzgXDpicPg8dOR4CEBt4n9eQOKC42oiO9X5nG479voPVS/mxsbq1evQP4MP48f3zf2TpAj9BM1Hc5hmHk/DEvlMiGRIpcCHKx2s6lHgdbaSUX3WAUAaaDX6TVUvTY1KQOQ1fSRymT16KmT69evrVy6un79xsq+63MHFuePHFq5fvXyy+cuvXL6/PFX73rs4Z6nhQERgXLEar+k6FNpQqCHkwpHbxnQe9EkKr5R9qQMzu691axUCuNECpEUgkUSR0QNnrWzLUYkEkYhJ9wRYQX9JNKJOS6EcPe5USavWrolFjclyY7jp5DODAPao+UPRKkJ78Rc6Al+AOxr0yx5YvhCFpkQ8QhNsnREU5FICqHENp/gZGHxbxz56X994w8vtl5HRMdEyQeVx2vv+OGZ92Y6d48fLMxOBq+cbw/m2SkXvTuPFgYjTqj7vu+I9/SqenldNPvpG30pDlXEexb8iWBbCYFUDKNNSAODZPQB5Xwtd8e5O7PaZMgalFEYJ5YWJ/fF+PuprdjZPmsK8ZDm4R0/wezzXSrr6SK5Y27gY8q8vh28UqZ7dRjTrhS9fQv5a9c76OHzzPoGZlJ6/xNfXRsz6ITKoTnxN35IrHyH+refEZ/4kuj10k9ut+Wv/qb85HPRX/mIPDCdOPXCpc7KKoTP6rlWX16ZWJzXL9KpNztbDaIM9xzIjXo2z3tpHadJg5S1GcYQC8KSK6GSzhiOOxFOzMqwosWr9z9wQuyk1MqFDz1218e+8JI9srxe/63PPFurlCbKxWa7u6ZfeaB84OGTY4Kp2PL4vceefPF8GKkd3ZWcjBnnRl3gVjGerDg/CS91K9SvIJCH5kqHFwoLk/mZSm6yDNklN1rhar23vNm7sNS5tNTq9oFi75/dcXodMfiKid/bvP+IPoxtMMT1IsvvhBCWWxncryhNfpgVO/giMUMyx2M+iESJ6xlEOsEb8Cy3J67HcHzJy2wSUQtCxG1jrqqUSDU0sZPdl4OdOEgSxQ7G2tu4qF2fHKvy1Be0DAs6FuE1yT4oAjDpoLaC+o0Qxj5IRyL1lRtf+faD3z7iWY9OPaL/Rlxwpv6qEZuIVkeSRzWMzJyXtzR5YBI58lsME5YuibE4pGxP4szCUFp8TJZTyk1zaaku3hql3u7/+meXpCtQOMEC1J8erw43GCeK14tjBUxPTMnsEmUMou6h9DXi5opyMU6c/T0uKq4/HmMDTxlN1pMRJyyI2q1wJNJh1SZPSecUt0e5MbUivd9Ybq2eW6eoEcIsoe3xd+yjxa9uDedPr2h5g9afinirzIpUzpWDhi+o/+L1xvJ6e26q6NYzUcrdd3zqmdfXbQ0U6fKlM6vf/cBi4Es5AuNEJcXZwe6gX9wN3HlJLhAfp19kR1S7MsH75fLUt33nyu/+lhBkNeHhncIjUQbjhCyVxl6JHhPnyuT1eISajcybbCXk+6fHHP/+H9Im8LEbmz0UdxNlQmWITaBTgZQ6nbC3ubXV2Kz3Ol3wy/X6vh9UJqoz87PViQk9QnraQdQLm416p9XstOrafHTo+LF9B/ZrC60+BXDPqk+iOb2y8Ww59mTHT6YYuaGPrnT9RFiQrd0DlKoDQBQ89ACiPs63G8nEFdp36v64ReU2+Be2L+TSyzosnI6yfqXtqhMJpWn4MxO3CLK6w42eMbCwdxbDTSB1TqfT1f+1Owht0gOfK8WAkAcUpErGj2ZXm3kOhMNqSz4uzCRhFdCdS/liqZSDJc0B+zTRv0wNg3gTDNqAdBXUPehEQ1+z4rmrrG4Zv7kYXQw94ItVsissAjQ4xcGuy9VokgAAEABJREFUnC/k9VQqlAr5fM4PJMMkoGCmjbSRuZE6gCwF4HDAmBkMzely4iFM/yHIK2gmBRsKDCFDWm6ZUczjlPNa1GTlWGySL6ekOUQeFF3yhUKhWMxhPh3f56fHNjQukUQEGZjVXfAlN7fq2m+o7dLU7CDI8wMUzGtunpJmHbhnzkYq2aUpSSUe6u7oI4KeOJB4O+5ca3yP++LNJCDKmbZ7TsqUHVFxPxjuynQgGvLQmMA601Ak1buMBg/MHJU4LFmtsEOUM+lIlVjia76+tAsheL5hmynww/eQxGg9QvvEGS3e93zO6hTjl0REEQBKS7O2kBBE4m6XwhkJ9v0QOojiSyBcDLMQCPQRSRN0QsoTdZFyXtXtg7jjiLQhtcE0OoJhl7idHPtCsxcKZoZgbd2NhFGmG+l7Soz9ssAq4Lin6DZYOg2d4nuWBCQnDClfyflliaD7Fe0ndlUFoqTsD+KqpK1Tus+h7hYc4aLfNKSkWhhv2m4j9w/ZIqd4qHkxCTISsqRuJtY/OPbM2FaJlS+DZfwpdguRTmjcpY84tEA6vFMkaMRu5AzM4KAWFhfanc7TTz2rh0utVtNsk+r0MPkZDReR7CAg9MibITJDy2RmEYaImzJaHHVUG9IGzJvweGT7F08hSPjkB2WlOhCK2q03enVAOimWyiXNeEJIU+GHAEZP1fk0BoMgd+TQoVdfO/vG66ePHj2+f27mve955PK1K5cvL7da6+ur+u7qZHWODcP9LkzAfm9xeur+U6dWV9eurm9qFUoTBgHJ3T1UkCGWysQOUNuIuzGevssvmTrFP7MMyrv5aGL87+2KdNIBvVAxp49/uq2yDME9yFXyIB2k5zFPVa6lRo3shPF6YKyFjDthkY564MpM/DDFgQ+oDiPyj571fZVvAqaJFk2bnfW1qeee/6YHHlyYni5qe3MUaj94u9chGSuXy+ek19JSbNSlYY3GIkyAgNJNZOQRk1VFeREa2ICeR552xReLyELqEgBU9PGoG3lRzhcYg6iHm5aWlZcTTKnhqV6A8BhRSFAQYLuNiA0ISqZsrLsEDAY/kSnCsUCLwpRADkNJJOtYkpDrFAYpol6tOGKTdFdM7NIzjkbU7uAh+WLBlzl0fyqKVnHwpr7GXfsJ/pg8ojsjVyhMz8/pjtpYWu53uixkEd9SIvbDkSgjqNOBI0oEZsNv5zNEKJohLCukPVKGhGdlAaOHOO0xAz5yhBKJ6DhwiSdYFNYDWutjG0srlcmZ2ty8IshEshP6lKdJ9Tpt3y97OFtyeQgugdSn+Dw9SjvNVi7wMAWuRy30g5y+N8jlZKsF+Ib65mpVSyTA96NwcnHuxP33txudjeXlc8+/5BeCmbnJg3fcuXJldXN5/cUnnlw4uK+yfxYQVnIBSZ82vEqQcpL8Fsp491NkRxnrTPzV3gpa+tdwSXXvzSsz5guS6CCM4EQsiP0ZynHzOkqjMjqEMGNGxVXKrC3r9KYGx08W12mf7m7jelKxJm6dwlqveAqTmKrY8mpkWgxRxKWRIjLRJ8TWSfmxECgYtMIPhegTim2UYxDexdzkXz3wg13Vf7V9NXQQAqe80rHCwuh7a1X/0Xsqa5v9RjtqtODeSsmrFL3pyVE5OnS73zEj3zEjVrui5QS66HdYKAjf6iY7K9JZN6Hsg5zZbrrcOSKHR+Uoc37srVEVb+t2521zQyVE7MKNfWjKsRCZa7YRxEZe8Mgd1d+72iR2g4Y8fiyJMWdeb1y43jm6uLNYh9kJ8ee/R/zZbxf/95eij35WNurpx7/4mvfn/6n4V39ZVZyKf//pusIYTT3tepByc7NQKTdWVvEVYHC868TQZijb3eRxcIiIsSApkYo7MT3oxp0o4whxe3u0Flot7qxzqNx9ZHGz3n7i+dfdg5uNlv7LvP6hOw49etcRsfNSKRWH1TmiyIFJPnjEMS7JFPXMvn5I2Wo0ThyaeP3SFv1UStwk51+Yyb/7rsl3nJi452Bl24vPXGtdXutpu+fsxKwYuygh3DiJ1M/UdakfJh5PiEQXCoeL8eUyxgiJ+9VISu5Z4XJDHuTSjftzeC5FiiSDAm09MuGhkULFXFsolXWWFFUnJibms+k6lWHzsfCR+NjKcOcEiRMDBCzz+C540tdKGfXqaly5zg2LFCrJo31BOW6gtqJfgNyjjl1W77xz3/v/7D1/lm759Vf/9ccvfuxQ9TA9PvUYrXzIXN42LvUW1aD62aVPv3f+W94/B8v913vr/58X/gav00BdS7ehnKtQa7W5dODdLEtMvMWIHhpNpuhs8iUSP2yshiIxEIf7y+e2T4l4e8r/9+NX2u0Q+Z7JJuDIGUgrYqQTknRlEunE3R3YEcKRtQdOiWFdO3pIZp6VSbnKsuk9LExEzQ+ZjO1IXzmkDI84SR1KHEheIBP1DTAV5cZtGFLpbi995XKIb+BEnGjZTh17aNHWIIzF8LWXbjB8kIdRJtJgnGDohhK0tBIeiTgooIG8cHr1mx874D5R1/P4HbPPnFunOpU50e5HT5xf+6ZTM8ooTLGXYDByaHBHpHveWHmN39p2sG2MdL4Dnx3LTumW+Y/8wMrv/TZY9JJmCZMfB0mec2JbjBMlEsfVkOPCD+750R8Vuy07jTUxcvGoiUQ9FwWBdhE3tuqNta1OowUWRhVqS/7E5MzU3HRBC8Ce6LSa7Va72+lqG5I2KM3sWzx49PCBQwe1e6vdbgGdIWOZ4zh0BANX7OGi3dIAo94G2ZW88vpP+7XNCnJpK3FrGMHvxmaFb7OSsqSlOsS9LHXceq/ce92+FWN0mkpb+CyOCFfpXCoEYcQmatc0heKuIJdNpwVZVtqNNsJ19DCZTo/FVmiVx8EGrA8bYRMHljBcDD2p2oxZojCIYrlQKpXgLGiXgrPzsGeXFmlzciEFUS/kknaZoNyxZqOUFY/x4oi7wfjvzQJDiI8plculSlm3ULczyPn4NEMlUKrA2Cwv/jSYowrr8bSXvK19b23tlO2GmAqIm+h5Km6GNLVhLynb/DEsrEoZjWXgHmgnASUAUoI2IOsXKRYLjlWNhxNinID1SX8V7QnpAuC2phbNVr3RaXc00QjRzYG5eDxKVphiue7iQ8X1esMAgIeO2Gy5QmYeSVEk8SaV20CyVDweiIHhngwTF2QUaXBopHM7/2u2xFyIyEdiCGlyzF0iqS2zX8u6dON7aDEGywBYJ/q5PJ9w5lnNlfRQWK0XEQwCzPpeH33KfQRP6oU9jOeAYLcw5NiOkKYbN9isv+LmoZBBDyJQE4AbwhgOEjpi9sQuJKli2zSSLpMCLDb0GcochQhQhOlKlCFJJvEZ5YtRKaKtrAZPz4qlHkngJR4GxEgLEYlBMnDCZ0A/yTj7yn5CQ17MB0p9tXjH+VbC3advbZtnchKSi5VCiJSVQPmrw+sDse9BGFAfAE6AOOt/9E5k3WqQgA1JGII8OSYIIvzuVzNdi1Z8p+3bE72xy21Jr+MUdq2kRsB2q+LGKXr46l4ulkrz83Nz87M3bqycL104cfy4Zkv84WVaGKfjFK2Ciaj63Y7M6cYA4owwns/xm8ZsNSYDw0iflMRsqh0tIIZ6gNTr9TIkeKzqWQg2AcWWApq6GLYpJ2u1ffOz506frpYrC/v2TdcKH3jfo1/4wjNnzl7b2lxZ8ouVI1U/AHcpKD9a5vDCzub6wanpR++468kXXrx4Y8UrlWQQKGKskSKJloab0yOKDHDC+UAuiaR3y3wzNaRTRv4et+x6kIziP9a9nXXc7r71xW7pBG8JVy0RxotnF2DAC/tRkOvJMJKFMCdkt/fitSszk1NTU7Xjs7OyX/BVmMM8aAoQIcDBrnJRC6KYAKTJPJJlGs+QdhqrYNCSkB3BZ/saZDOZyOdEtYKZ0AArI0QxGrJGakbW6wukkkhn82iHYqQSTwXcdg+jPVSsGxuPCB+1X8sHnDqAvieaSwHgPBdxJmteIiDpjm4D5AnS8yryOAYCiUAoEBnFtRTnhG5HAd7X98XXblFjTE3JKzslxgN5QT43MTPVabe3lldDFeq+hXDs0KPwJhIRiNMZEDOECZNohxXcyfxso0lp3hqicVaTc/2hIGzJIyPpUL6HUGzKyRToTlj4sj6KB/12Z+XSlVK56ucR78QhcQqTkDbr9UIRNC4FOaR8EUg8DHxazwUt6EMwisREoeYRQeBP1Cb0M9ZXV7XSNz07Wyjko6gflIv7Tx2v1xtnn362ubF+/dx5Tx5d2H/g+L33nX32pStnX3/uC1+6732PFeen9OjTMhsoIECNAfiEO2QnNEcmTQnfKLevOJRo1zVYC5Y0PiejfStrJ1CDESfK3MsWSdhfqPrNmcD1V0nGJnHvZSsD7c9P+KThlAsyjxFQFstEiDSKiTEKeFNlzz0uE9gn0BybdoSJtMc6j3WpxSTHmvH0ZIholbeJVSHBg6EFyX+yAythXgYPlA6LnRdN6eemgzmxmzKTv5k5mHSJDjst4guSV8a/UjXI2Gc7CuNkYBtXldq/ya0Y2He2Krm1S8lFcjt4bxyKr+ywEsb+Y97Ivou9RZl7pMzo1czP+fhdE7/76esUWxk7c6S0maT+3aeX/vqf2M3YqxTEn/qg/JPvE7/3VPQbn5bLK4nnb26KL74mPvQA/1ze6v/R05uWL+s2tNbWOptbAJcI7fHmZoPZ6lC5RZnOiONOHB3G0DZXxFIs/Tuqm3CCUey6tm3VVN/fZczuu+49WqsWP/WV1zog2o0q3/zoHQ+fOiR2VYK9E/ZSY0kNu8ZM0THp29pm6wN3V66vtBot6IdEbxsBaEx5YHoi+BMf2P9N902NnR9VnNpX0n+w12sK7VD3dtZdWdKmGkMChTLQhyp1WjGWSeQSGOkgnRguFt/LXNKMdnuWZpYktBJTpyFcA0gnlhQxMUhilsRnY6cR3hXZ7++isNi7XF+GJX0xo7Xn3DnrdFRmnyaOjzfe3o5FDdnfq3dOhUKmjqOV1dO2QL1XzZcUu2WEQTeJ3Gb82F0/8dLaiy+vvCBc9mdkqnKuLEsV51tzdO+NzvWtnqb/4q6JuynihAp7F0jRkl7JL1tJktalxC21UpwY6UfNevnhx5X7Qw4seVWEFIIRJ5Z5Lt1o3lhvzU/tBjxpD8vvPbvy5MubsbCQkFTJWsYsT9ilWRbvBEqmuShxKHmBSh5Uw28Z9XEyKb1yezjrQ9x8kSL+gsIFfBmIOxlB3F0HrnBEzfhnIgRCuv9I50i6MuenzMILsfuqH115fkkYw38Ei2E9vT10z3yhlJNGI7P1XL26pQ8oxDJBcF68S9BIgMFNVlTOv4Mc4eJSXcr0tzi5r6oNuav1npLk/qDlgOpzZ1Y/eGoms82JPh/8GLbTZKJXhjJXWk7rdLGRCIUajx3bkp+br33Tt61/6uOGuQllkU4MR1PYchVjMrP+qAYwTuz1fCSKjDHcuRJdsyf++A8Wp3cAK0gvue27DXPwGPsAABAASURBVDBSo0HbKrYrrXpzcxMQCTqtTtjras9PsZAvVStTszPlaln7yLQTGZzfnXa32wly3sKBAwePHS5XKvpzdHsdgelOopEz1rg2JKUJR58ggDfoDs/lcwhTUchBzg7C/U1X9bYwbt+KopxhljgeRWNe6ZY9NLtl+CKE4Ts4J0MAwteX6S+tDfK9TqfTa/c6ELfU6XV6kEgC3JARO18JQsAzcqMJ8VT2vQAODTKma7u5HnilSkn7AXzI8eITwgFBBShGMSHvsuoCsAHHoKBHGlKmq9jRK4YQGzduPP3e5n8nGEdZkxUnq9DiFK4d9XRTy5Wybq3+RRgPSkWGPnvGVRxTQJP6J0T4cz3v9ITDZDoYE2wpqQ3tMhK4UHYJuVUUBts98OFoPERJEY5d6/QKmLpI7xS0vTifh+npfC9YmIupiyjLvP7u3U5PW6dbzaamJO1WC+DbUa7zA3bz6/73XHzrjI8gjTC23VjNFkC2L28dSvLmkLUd0ABrPRl6hdv+TNenYnouE6+b0Gr5c1uDoRVW7XG2rxrG5kkTM4tsFhd7q34PuUqrRcAhIdCWPk44ZdQU9CtCpIY3IKZSDk2clJD0ivLR+Ca+xFA3wDfxqW2mwXEl0pG6kz2jGLMIYVcI4ETZGWskNikp8ATvsqkgbNOFEXwQ4oVmKKKwBBB04jkGbRLCpDGa8SMS38seGTn8lHk8fSC6kkhP5JxSTtuEY1oA+RDjV0PMogdYUyFEmvaARpv19gJxxvU7YeqcuBudFpiWCtO9UsYPck4P3nOT5XYHnaRK6tvwWNzd6yHP02OmNjn58MMPPvPMc5cvX61VJw4cPACZZTT59j3pDBT30RInBfJRAK8LgA34dvRjxrtEM6mCrEbQNGLHvBogRFgni87auwnwelG0trauJdMAc+QExRwI6JSWEaVOGpa6PaVS4cjhg+deP//6Ky9XysXa/Pypk4c1J1q6vra52dxYXVmbmC6VasVSNcjlAL1ayJzukk7vzn0H21vtjbX6SqNZzAeYhJaUZEryJ1LNTAkGMlO5kcmXztwXwztJ7GYQq8SiMZlZ8/iUP9bAY1uOGL+81fy7CZrieAEFDzdllo9jREDgR7IARyF/gVyLuk+ee014offAg7UAjVJ5gMQB6RX4BgBCaBqsXfAU3qy5kAdhgNDfkvQiwvIh7iP6xEAE69HAB2rFAuRCg2e3MKUIkk8PVEkV9pv9PlWgLxFhL1IAB2QEUSkpakE/J/KSFAKnm/PietQXSoEHSCntTrsNwY/9ECd3H4xtPgYqCmIekiK7UdyLWD9GGi67DL2l0GRAxmU/nx+uuI/+Lgn91bb7LVVSAz9rwsfXwBv5EAjSF1G+VJzZv6Ap5NbySr/TE5wb1M5DijMKY58cdruI2JCSNB/RGhf4j0RweIgkCgiSSqahhZglQx05oeJEuiVzcMitrEfthuYI07OT8wtBMY9k1TUgMHohKQMYd+IROiXBn0CSnVZb152DZYeUhY0bUygUm169tQU03JueLFSKetbkJyoHTp1YW15uv1qvr6xtTkzUylOT8/OzB/YvvXHx7NPPTMxN3j39qOr1SqVKpK0EvQjxECSRZI/TQqv4NcegOWovwje/UXZcbJ+r3XA1EYuUcUgGaQox0olwo0aMDVQ50SR47zffURZ3WrHWnbbKUXXUgFYG9Ryezv3N750Z/QbJe/kJ5P8wUSy2bSZbpuSfRASkkEoleC5daJJMx4tKMY2lpGSW7OkjQurtnfz7Fisy/dVcjdIelgO+g4Qso4bXbTpRibccxkns9Bpsjx1AqbbZF4t1JzxiX08MCHcyPi8SSpgUYicM/vF7JgsFqTVxa82z1isFUFvyU19a/pEPzJ88sAPQb7doY9r3PSa/7zHxxKvq339GvPZ63LCjTjDUP/v4Mmu/PBGFdnFGYVcQs1DhB+6tjnqMiTURwsSd0IgTRud1aAbtMRxRfJYJlIxBUBwtfXhpd7cJGRlR7j6yeGz/7JMvXXju9KV+mDYTl4r5kwfmHrrj0PzU9ogdw5vXFbsqQyfgkBNyZ2pHovzyv/rEL/3FH/i/PnflwtVkXiEjBLC9SY76Fnok/9x3HcoHu8Xti3rw5xeEXxxn9ihSDCwzop8J4NbBachHxgI7seKflA5/jKM202F9zFWtV8/ltvxAW5shRDz8bT1pfmrqTJ21dZJcaiM76VLHPE01JIaGfT2ZEXfi9FiKzCV7M2P/a5aXjigqc3dHxWFeRstIVMlsK+flw6in96cKNYoyUezxQfUkOS3vnb5P/4m9KJhJlwYfqFRTxTkrP/kyN/geJsRz8B3VQM3pm80JMUazzI0GTlgJM+8wVOF3P3/2T3/3/eLNK2eXWv/HJ644YpLHFggqyiCdeDHSiec55CPdCw6J2eagSB7cu2lpCIyUmQr0nlTP0S18xDwrleV1zFciqc3KbvS/I8pJ5zKRFPHSPxwzBH9G+zFT+1deWAJdH5QLi1kC73H4vnlhKbl5O/0ryAddbacCzwybiQjaPuJYE6UMAgoxYO3abffilazCrFfV23ecmv7Es9eFiVyh629stC+sto7NlKw+JJxv5w7JrPemn/G7m85ClwkBxkhe3aucDjUmjXjh707LgZ/8MxtPfAZSdJPZBT85RZwM4pcYZ27yyMCWOn3wXqozV5t8+Gf/e7HDMvBmSg4RxNQAXRzsFeWcci9dW16t1xuYuyPU7uFcqVCuVsrVaqFY1E7vUMFy03a72eu0c/n8vkOH9h08WJmoantZt9tFNF5YBec50OyYKj2yogE52MhWRkEAEWrQPuTTyaMjz5ds7Kc14tKxDrmygBjhpn1zPLi3sgw6C0XSK+S+8q1/d2kHDs4ISQ1AE6AJOFZEysBFpQ3aIRoqux0orUaj2+r2u+x2pYQdgJBhJ1SkMOgErYrggO1jtgmFJlXPz/lFAAvRf+VypQKIOD44m9wRJQThmkAYBBrLAaTfOncpNsIG0BoLZJIM47vYH0M5n3S6gAuGkmD0FcCC5PP5YrFQ0JtiLp8DzHURMt1CNkyphOJBTnDr2vILuYe6mHEKkulA4A5bo+0iP/RgE75C7CS08f9W5B/4eDK+InXIDWBCH6LUbfbzOcykA7k69PSErcedgwkHBaVe5PgYXXqQvaS+WW/W691Ol9wp2hsjCccirp4Ru+MmWIUh5l7S2uiEM8ils2JZJge8GX1DeUFsmnorlVs4Z53PbTQtK4Ns/1Sa2+bqcRpJYyPzSnbnmefa4BJlbGEqIUQZoYGHijCuExhyEU4gj6UPAflZIK4hCnudXqfV6nbaYa/L0Ds4mjyjukorNNCfJ3i+42EK4ADhHgM5PAo6wbAwFoFwGsLIx8EvbFcKZQRBM5uYoMWUTRB5wngyjrQQccY97jdDWc0tJAVZGksZhTxEAPEwCQmiBnnoQrScl5oQcjNcwcSWmGrw17DSlyM4Olc7u5ZKuPmYFPWBiGgIwIJ4RRByEWBN6e9C6CaKwukAb6ZHogBl0vJ4XkaeFTnZQmmmufmTLAzTp8fvEqUFnr2dTrcq6EQNJ0MU8Jc6ItzPs6uimVK/04EITSlnZmbuvffu06+euXbtWlG7RWcgDlo6j1ZOoYOUjI74lt4n0Y3fRY0Z8y0jVlI5g9pgofgwqkzznkrF04yw2Wy3O92Nzc1qdSKntZlcoKUE8jgqRFwB0SNUELLsTxzav/jKy68sXb50x8GFmZnqux57ZGW5+aUnnu92mktXr01OhTNzPtSA4Z++HqC9VjU/8dDJu1qd6EtnX2lHynoeMHuF5m2BFzDhcAQtlZrtyXAOlaSfI7rEdMPILlTbVRNTyXT128wHNfK4lEMvsk1K8OCk/J1uj4pp5Y4btBdFWQ1JulgdClOLhxx6KzGeA7gGwJFE/U4vUht+R4adJ8+8kpPRI3ecmq9WPBw+QOD6KMCCeFoIcGD3wx5MFoQVwVi6APNAMn4f+hR9XF0TScLDMxywki9EE5EKvKjtM8nzIIVJvye1JNjWPKMfKj+ijxqxmVhi60OARfEokkoI0/MpIkM6lZ7M+VKRVh1puVyhgE49AxwlR23GxHUkk3sUGW2jPkXY70HjWx58TY/jJPJ6kyNq+RaTsG5XYenGmEsErcj0ZLk2QZEh9ZXVbrNjvpASsZGfb2UhRfc85lkyhgRlE2qAPMS2BUFqD8LcwlDFDHoyo03xQQ8JsDmDtImeCMBVIYz4Tq+/fn25WpvOFyWmvoysjgRamO+HGDeKoegQjITaV8iLbKJIDycczppE5/wcRO8Rt8gF/vTs7Mb6xtb6hlZuikcP6NkSRl6hNrH/+NGVy2+Erc7GlZXpyYV8qTR/+NDG6kprfePc888fvOPE1JEDuhXGs8rePgzgVcIbyhNHCKxKqa/TAfpWKPS9xtZ5lIjtiTy5DAaJNAp8RB/UqPTC4ParBH6JMz3jGqRyTM4qiUcirL/BQShxbdNKpc6OvjeuAc2Xgj3T0nlJe8T8pBs5jIABIY1XW1DIibBHyK5NKYfH7Nxoqx/Vewk3SU76k3lZGO1hVapbF90NEblpcnyRn5T56uinN3r11c5KJ+zETxRyqjA9XZjx5JhuXRlbYBIHzGnz0e11iUXWgnhm3Pepqs33cPFORGpru1g6gtC2+6mt2Nm+EV3ifSWEdF40A+NEmH0+nfC+xuPOptoZHJKK5YhtwE4GS+DLDz4687HPXkc9WwkT7IgfCPmKkr/46+f+5V+9R9xcee9d8Hfmqvp3f6SW1uQH7hen9vOpJ15tfPG5Ok4iNFB6mIyK5h7TDfltD4wKOqF+S8adxEzVqs+WftBdUsZfi0mNtARBxEaYkaXV6V5e3jg4Nyl2VYq54IMPnXz83qNnL6+cv7LSaHdr5cL++clD81MztbK4ubK80Wi2dxl0IobMO+XuS0cDUc4slyPWAmaUVrPzN3/1t37+R79JPbj48a9evbaczgckY9tHdg0/+eED3/nwDvLjDC2a4oU9Uahuq8mJMRXBkReOmpuMO+LwSqxOGo6ZRDohORZcNRFpHoa7SRtr4qCP2BlDJEs6qCQJMmzqJINSos7IIp1YhDPLnRNIJy6ZdAnmqO5Thogb89pgL2ZQyG+U3RT7XeKIDR4VTqBk0S83e4Bw4Et/ujy9WocMMopg6G+dZVwIE3zv0VreueKiR6tNQP8PTPulM57tWyTiv2gsDSlqYDvqSnfOKoVLucxSS85NI71//7GX38Sgk41m73/+v871+spj27kjztjwBO5bRGqxqeW8+KxrT856SOqzG7ljZP+pWDjaZbHxBbdizCkXDsYKAAMxLmOQGmkbG4shMkOgkFkVupfJrBYqp1Wp/cvPXgNcX8+NF5FBIdh/YloM3KX/+e4fuPvFF65fuqxtHk2TYUdStApjpQjGLNF6zNx06ejB2qN3MZ9N1fbwkalPPLeEM8TmZ4Qx9tnX147Nltx2CkdCKwC6AAAQAElEQVS4cuW09AtL84c/HHiUgY4xVypjprMHE0fGLvnJqYU/8eNX/tU/T2GcuPlxHCwTGRuBsjBOXPcOUxlkkGSeRke3eOBnfi5f2UVscSx0uUfifhZi4IKhRQ7Z39yqd3s9qW1FxYK2nhbLRe3Xz+WL2rrTBoiTZoj5CrS5cn7/voNHAeMEPUqhYlNt3A5Uk33j1uKJrH9pB3pk3E4SANSDIMh5uFCbbeaeU4MJOlE2RpxFRGV2hrxg0j8tvsaKSvNi5QzFwZJyV6WcWbsrcceSOZQihBA0CsgIOBPhQ/e6UFqNRqfT6ba1QxjSKPS7PZyuFLJgo70gFQQJgoAuLjH6hLL8Km0MFflCsVAulbXPaXKiOjGRz+dRBo4wCRTimmCICWSoF/yTgk4iGqNhSF0U0Q7F3CVfid9ljKIcSVS7HIQZqBRNood0Lp8rlIqFgp5HBT3GMTWHpCANxTEv7I2SXKFC0BdY9w8JQXQ/dVsEf076MuK7mNx5pCYYxCcTLGJ5PdWc5J1yxLuo+K0IxIGBE/w8tB/Ah8i1be9gEwbQwFA3IwKk9i4EFbXarUa7g/nbtSMG2UuALk4PUSlIzYd+1t+Ns5aIWE9QA0ROJWWwdIPHLtm3OMrs7S+DU/jWUir2z5tfTE7HeSJTYDF2GUGZtylE4flRnnm0tNyA0EpoYTBgmMDM7+v9drMFC871nO8BmJL+10NvuHXC4JgzgoVHRlwcgLioG/1rPiR14Uw6ASKdwH9GMpEioWZYndW02XNGMr0KTA1FXiGm2BEDIJm8pXF3xWPbXGOPUEwJNRhz5vhEaDHHiOfxKVuXFdCTsoKytgJ7hCew/c3EJPUaia8TmreOzEUR94YynmRFcQAKs+f0ox6u+u+DKyrs9hW9OEpP/CmEMou0Lcv2bLcIEZNHfj2mfqFMCom3dOrcMqQTlfEL3ogDETNUiB2+Z9o4pyeGpulUveaO0zMzC/sWzp+/ULh6rTJRLeQ5qSHxJztc+IhkPwlXiiFFzPTU8GEzoNlYryE9wYivTJ2MWZrCXNDXEgjNR8vlkh5SW/XG+tpaoZCvTU6y2M80AvYlOkT1pJidn1tYmX/l1Ve8WuXAkePlfOnd77pvbXnp4hs36o3LftArlb18IeepEiwP9kUhKMhQVYPCfUePN8P+y1cubLZbMheAD98PwBgiHUs87ITYYHT6i4gBWePRqUi4Sb44EzaZuaJOJrtq7K+cKebSsW3uTKnWw5/IOqT70zya3WbmYMxP5bBXcRbPbde8MS4b4yJ2LVn6IR2u55Jgqs2z7hoGoaKX9QMlS9pgvBl1+436i9evzkzXJstHyogw1cOwE9Knpa8CpdWeINLW5R6kUZGaUuVoHLvEOfIUODw8NmIBS4PIXO2E1+NdC4+YeAfcIyHGYEPyRS04A+pdX9O+MDTksi+9AGoCHYzCQgQjejFaELElaxqi8SnIEqTF1EIJXrXbbodQO6Tr9QOI7PZzgQmOJolQs5sIsgBJegLWHUZa6IPUQWwIgPr9Qp4MdoqdMLAMPzniZfL78JfYrchw+wpy0JgM2CgQ4dg3zJVxRK1g+qk0EZuam9ZMtC42eiCvCGO0AOrK8oWJu4WO16Mu4iRKQsRLBeUAF4cEN0CkAkUpaEQUk30e98y5eZ22pwx0grAiOCwAQD+E/taN9fW169eL1YoX5FBuYhUDPHbgJwA8SS3x6/ED0SqBT0G0BHYFnL/b4XBgRMkRRJ99v1jO66Ory73NtfVqrTq7uF8PeRXlDxw/unL18vKFSxur69ffuDy7f3Fqfmbu8L6LG2s3zl84/+Lz79w/14aVLuXAy2PuIRFCj0YevgULjYpEQy+TJliClFKGb1HZK1H+VrfzzSw70b6cucSzhqYX6uFZGCcsxyYjTky0x42tsNEJVXohtzFUqdSD+YQhaCp90v2hErsLtaBWZGXBRKiY+hV9XSuhWVqdTrLD0X5k6DNChkom2WHarkySnZGr9m3pL3caH7um6r3Ms7kT1cqHFhFYKF1Udys8/VuicTW73sp+/47vl/mJwTO9qPsbp//tSyvPZN5Xy0//+D1/7mBl+2Qf3BUJapyOM8kaYY6EIoYB5TNczFsM48Td7qZtIrGvpBXbnJgSuiq10DfB2DLLyCu+/30Lv//pa0qGUpi4KRrSZv/8hfo//Z1LP/u9u8zw4pZT+8Xf/pFEU25s9n75N69EIfq2FWCJaRlGyngu6/07jxX2T41S8ejiRNyJMB70ZK8p4w2xIhYRI+GOzlgqIx68Te8+8dzrP/ytj4ibKNoAee+xRf0n9rQ8+eIFcXNlcP6NEOjH1BtS5dyVVb3d2mz94v/+sTvv2P+Rb3nw2METT762+uQrKxtbY0XM/MSH9u9NxAkXLcjXM2ljVklPxtTZgYnHR9yoHIcaJriPdJBO+FaDSqJUSqOMo/MND+W7DBeOIyktk5bOWcO1peOocCL+nbu4TmmRThz7QDYKS3yX2x0u3csEO1EiTe9Svck/VXZHf62XXUy10dVxhfZruqy74k+syus0Nhari6v1Jfyc9L+6sHHmP535D3aMCmGlayPY8RNUKVf2qjNJUSwVXG7EQyE6UQsj1smRAlavg+UjxAy1liGF57bXCfGko5bJpt6Ln5JJrOKDKu6XEV1tYzVwKwRzH7W61vr4kxc+/K6j4raXdi/66//u7NpWzwqluDV9pYySzLTCs+0npBNO8R6/sRrYGTyY6p/MW4YdSZdgSH4zlYgjF96ez3aHjvPXVDYGN3HhdlhaRMfim2S8lclr3ENSJC+TyQp5z0aZOFthto3l5vrVupLCRo0grK7Yf2IKW8TE2G71XdOz5Q9883G93+uG1280lpeb7W5oDD68XrhcDhZmy4uz5XzecxuVqm1hslCr5NabvTjiBG11z1/eFI8dkG4PSzHs9eOXSRYlnXtlHGNu3Dxsiid/rT0nnH93Wvb/4A8t/+HH2hcvCEPAMjFOMo9HA8fFkON0curu++78yA+InZeYmSa9CJYt7klp9zQdloEXFMrFfCGvfefalBUheEGnrf3JTW0jKlfLk7PTB48eKleLvX4H3xfMTeh+VnaJLAvpNGok4zFE6G/XbkFhfeZo+QxwNaDp/vTy0WQZ+rapi7c116gd9ts41w+7ZvBFdmeVGjOGxo25SR0XVuQzVg+RGOSp61OtlU776WU9FWNOxBHjClZCRv1eVzuD261Wo1HvtDv9Diz+FJTwkb2WkvkzaaHo2CK/FrtplRfkg3yuUCgVq7VaeaJarpZ8bRb3WICmuQX+Z1ioGVESBwBRwagmRjoBxzTm2RGx2h7v0nuqQeldCAe4xXYJ/zZOXMjTA2ZYj1JwAPZA4BeK0OBiqQTeA48c3+R+VojKxCosrhsErytFyPS6fYyhich3jm0GK770TCscqAiT3Yb+dwyt0DDfOIPjxg8OGxIGjIPbfA8Ae/AB2gSTJ0Aqg3w+F/hkMeMIGOoADFLXzvleP2w2mq16q9mow+dutvTbICSKD+fNaBFMBBX5/HmUmDZz85LLnKTbbCtvRjE7Em6Ym3tVrGckKosvU+mdYUWmZdaMa3Y1le2Nlmk4n2jXFSZ/JriDclbh2KmTdburuNmlzW7/2b61zaa5H0UMcDRYr0y1jb62pRf8r4/VhRCtyFOMO0cKXr8HUFohhJVEYQ/nDODqQHADAO2Y2A5M1MLhFB6TJoUzyRAqE9Di+xxcomev5+PCdh99bIEjtXi82sIgfHAopDLSR9zDpjt4WlG8W4S5FkJw6NApnDz0zrrZHjtl4hktpHVVUX4rH4HqfYRc8QiCiFyBFD1jKSHJHPYD8B73ycDYcFdjEolgepiEDbHhD86ciQm3lfTglXnFI7xrH75S2EWUpl4YAS8ggtZn+Y3zN0AwmuAu9FxmJBy65RlXsGRZ1RPJLk8MK7PAzNApsV0ZQ1URt6ZkSSgyDiZMFZW4ZTx3lHJfz8SVC5LatV9Zz7ODhw6urq4tr65OXF9aXFzQB+0HsNEnFOWE7J4/GE4A4LXo5YQ5o0SmFjjQSCM4xBR9oMWSRUBaABVp2bBaLva7ZS2EdnOBFkO3NjcL+XyxXNY+TUB6NGOYYpH0hy+US0dOHO1G4Rc/8/kPfHNu8djx/fPFxx49ubFxtdOtt1qq0SgGuVKx5Af5KsaEhfkgJ/rhfLX6wJGj9a3NM0vNngz1szU7R3LnGfh6q2j0kWBRjhQacvqyIBYahGPfct5NZNsRZXJjZZMdFDdKy61YJdmYlAavVTgNy6ww64KU+1YIthISGRo9Ko3ZfbvAXulskxWYeohYeWYsxaQ5/Tim3VbCcOu17IcjZ5A/esQqpQ2HAPIXaFEtLEw0e62wGL62tjxx1psKgnv2HSzmCnr0d6To9bpCRgghpBVyAIDokySqejkPw040W/OQRyLHRHYcefxUFAejKKf0eFJBBAyplyt5gHBCYZaeVtZJmm1FUL3qRRJSqXjKB7mWBGcIT8HacKFgRAAk6f5DdFMPu07zj3whBwQbpPVOpEU5qbqQSkjkRSHIBch1PGCciodLJEz4Nj5FP0+LrUp0ObcLYq0Uy0VfzyaIGFfGN5MemSr9EXYt89zOkvbGDY4lXEpt3EpMMgWHWHpevlioTk9qLljXXLEXwqqf0OAE8Dps+D4If8OBsVL0Y/+Bhx5ggh4RsQVfDzQhMDudJsWs+PEE58ElOVTQrjeQivdUaOR/5VNUr5Z+tES1dPGN2tz0xOw0AFwp1tUhAkoa8BssenTkMIdUpOJ8mfoFex2BoksAsbEQh0+50KJ8qVCbntSy2uWzFwtap5ud1rqGVyrd845HX5Zeu/nqjatXtMZRLOfnDx9orq2uXrny0ueemJiavOMdD0mGTZWQjTXAcDJCZ1FWrEsF2hspNclQqWPFN8qbXhw1YpsLSbKN7cLOqtM0xonhR4mIE+IErIh/8rXmq1c6QsRrqY3GmD4i4lkm4tDbRJ2KQsoG79VHvveR0ntOldUAxgm1n8as+WXeTZIvmmwSsAaXwImUEDJ+CXcZIE5y0I48CE1kKSUBaJRZOmfqrU9dF+HQzu+9Xt+s9yvfsc+vJARg1bgSvvpR0W8OrbpxNXzh1/y7f1iWE37utc7qv37ln19vXBl232Z37Z8//yvff+pHH5l7VIwqUggVY5XEhxNBJukgFCnSYCfDnUPCxPI4W5HcxjWn9nexFWMcF/FWma1MboVIYpy4W2HujcNN4oN8yIKdmNBH90bsE45UVLFdwGleZrn7SOXOk9VXz2zxPYJwiTAjFMCug8TyHz929aET1ffeNyX2tPT66m/9m0uNeh9MXZHiLXnLPDBXCOQoP/jebZ6LEzLBTax6yR2SdFmJ2IStUr1oovSZAEj73YaXyzfWz11dPb5/RryVyvJG/bWL18WtKDIWrRywE2GtSDSGxrS6aROE3X/t9NW/d/pqoZB7/2OnfuS9Oz87BgAAEABJREFUJ/fNz710aevSjebSWmtprd1oZWQyeuSOie9+dE7saYFR2G/LYHhKKabzaWlTxtM3fSLjKUnSkThMdUUkQ0a2c1WUQjpxnsGDHDmd4X3mO9BdkZG+SHMnO0YCMcVybXqK+0TnTVykkzhjHKGZCot0ImJ0Fn4x0uDILW9qcxRYx1KV1blx6KZ7MEEkxxpvb+tyS99QuYMvua0GUyivQNz7samjr11/sR/1jFwXXdk8d3kDEqdRvLtBx+E1xLiNKKC3Vpku7j/FajveS1tp4n1x/FB6BZKafPQ5gTpzoHIEU+bC+Mz7FbeFyqFDbnCnEAkilMEHk7936idQhBSi2M7BIxuZx6/+xlMffPhQMe+L21i0y/9v/vuzF5fajh1dGOrhzB46a3g92RlUHD0zSK0Guk2JQeElaerd5VA9vl+dvZBBLlPNV7usfnhJRbQotMQ6YoMth6bUdjVZosT3JXVZOWCSkGLglsyihCPGiGTbpLj20g2MOBFxxAl+2pl9E26/xUqJcySX9w8fqh06WLM1CxX3iUg+K7MNev/QXGntjZ5AWxTjo0hP8/dnrtUf2leVRmR12+D2wrBOHOgErslxawtjvpLC2E4Fj/HdWxJO/a2/8+L/+6ejTpsCI0RMzcinC/uRRfwypngbWeJeHx8nuFnsXTril6sf+Hv/UOyqKBXPcJHc2XXJGNy+yOcLxUpFu8wBgARXw/ZanVaroc1IuWKuNjM5uzBfm6oVCgXtSkJjJ2aYhQSdggVxK2BIMrBy72EEQB/TcMAy9HwuTz41sLMRJrRI3C5EwoasdksIBgzRNB6lkyYgu2ibWbIZSmW4alMOIuU8ZWjZ6bu4UThyZF6hzH2R1QkyOdNjc03irsRNRCuVk4+G0laQHG1IRIQJVroAetGsNza39A6ka8L0K4Ltf2bxm53LKDngAAKxFnC7PQg3KVYrldpEqVzWf4VSCSIZ8pyGj1xeBKkS9iETjePijfoYZUL75rk+vR573UQcl4NJoEioTHcbvjLhrygbEoEkDdcFRgj909OeY7+Qy+W1B6JYzBcKgP4PkVQ+mOs9NB8pTgUiYvHVQ1ezIN+59p532h0eYRzb4QUQmMmTIvb5Uk53/ID4TdIWAlzk6lNnChnPpvgz4uU2rY8yCob2MvhBoNsPf/k8oiqA0wFc5vRIdBJjGndYzqi/cq/Tbbc7ja1ms9HsYYJXcFH4FFbi0WihBnjKfuih43/wuAviEvecEkn6Z9iLZ6cJpHBIak2GyQnmeeZZ29JRh12z2TBNBMaczTJjObptkSROk37o6CYNP8F4liLVyJSBQ6WrivvHEAQhBhmFlLEMHocIwGJdM+Dc9qjUjS6WpxAm9Ejx2UgyXjpPF4+1Y0iL1dMjrtXWpEW7NDDcK6QQLVy8RL5ss3hXWp+hxHQ5FJ4BThfcU5xGBx6BSWow1gTGD4Od+Gx5tJoKtMBz5xhq1spBBrX8QdFkQS+iwmiYiF2NiU/OfYCKNU1k5vDQDh/hP2Cxs8+9zavN6bjtc86vxX1LnyxScRvpccNnHJOOeELQ1DJzQ0oWkRXnc2AHFVu+Fcs32BUe0RIgxt1uqwNRJrDUP4I8O9gGAGvyAmcwUCNNbJFdHiZsl8YE00v0fWQHn50y9N3tcDY6mho9k/Ap24gB4hYinSSLIWPbkqSbfEDiSKVavevuO1995bULF97QZN/HQu5DdGL6FAzlkabhyB+MIYZHKF9POB4d3LaRDlmi4aj9mrlKpdJsNjudbqvV3tzY0IxqQTPawMOBpd2iMLUjlu2gnVpiOHr06Orq+ovPPDM9Myn83B2njqyuP/D7v/9pXd/G5kpP5aekduxrjlfUoilMfV/4XmFxZvbBu+5abdVvNDeQqKFvHT9LZECXTOsiikexLefDNI5daUw47zNuN4x32cBoScunYs+eNbwNYujj01eOFTQ93lNj7uQ8nyazN1ZrsqpzOLDPMDaC2JI+oJ3xMgzyW9326RvLNf/1ol84MjNbLRY0TdTcCUQ2cLGzEAcIXF2YPBBlr4mIlub8AJTHkPyUEYqEZF+VyMFM3J0ngkhM5AsESQoxURDh5IV9tNT2+vpJIaqXWnpUklyVkYTwBU95SFApW5ykWTsQ4oMiJsimMLeCXCEfYUardrsd9kPV7pKNWaqiH2BMJslzupoe6XkCaQJ2N+XbkrT6xLC+MCxVK7mcT75YYeVTKcUeffy3TJHDDyQ8JlT08CghzGmv3WlubOGX9/QwAYxHWklNHw9+IJYXhvJgxFvfiDMSOSmxYfMkQBALUZ0GeUHxlKSMBhSnacKBh0xVFNdhFGIYIQ7fMLx67sLE1CRZVrzA60GWJ0oLKglbEhhFLo83YvpuI3qhNBhpcY1SFYLaFngINgkIPcUyIARdXD17/vRrp/L35v1Ay3Uz+xaO33P3+rUba5evbaysKl8euft4/+4TYdRdPffGU5/87L5Dh6cOl5VPGXyl1j9gcPdDHOveqE9jxH156xjrN8rNFLm9lVc51gqjycSE34rfdl8kMU6smkHzgGxA5riKiT8fV05tpk7yW0gbcSKcGuJ60ts41sRtm1GTpCESUhivF8utZiltIrKEiKmyYpgQtFTSJNlRihVJuf1oD1X3q2tiO4ktWmr3ztT9hxJe+ejqk6MiTqj0m9G1J/0T3+see3r5KyMiTqj0ot5nLn3iwdmHfDmO1C0Ti95joSA+kIxDEa6/euAucwPrsW8zjBNhCHxy33l1pwqRjD5J8illFlQ4atRN0M4f+/YDf+u1l/FZpJjTcylAPMQWhf/Tvzj9T/7ivfcc3QUG+NDyP/+Hi+ffaEpENxGMcSIo2oORMlW4OF949x3bJ5qh2UvQJoLnGSknibiT+HqjifAMpUFp+5vJg0x8oeHls0+fOb7/XeKtVD799FmxF2WwA9KDduiFuyydTu+/fu5l/af3H37g6P0n9334oYX7TpyanihfWWktbXSW1tubzd5Wu9dshz/6/j3EOImLDDvCL4rdzynL+2ImOOpxDjW0v5NRkvGRbG5sOKzhwtLhaA5j5pt5fVt8JbdAuvzUaUOimdaTEEeoGAYsMuq0bTPVZgm5xD9dbZmJoe3EZDTEYEd/PRWV+eMmw26SrDn58YSazM+tdK7pb6xVimMzx09ff0WwSZINkxGti8UlGMquzyPLIts3leJYRjNawOUTCXLjmbB7hWqxICmJqTYMi7sm7iKZSns48n7JttOEeNq3cAM901RJJi8eeHf3+ozOTE09no+eWSPEERtg0r62tPWPf+OpX/jxx8TtKlfWOv/Dvzm9vtW12pYTqeWxgM4njNyLSiGJpIR0QpqrqdIdAGLkwXHKWLd85HH5h1/MujlJwPQ2H+zlvLddRgjIRI5sRJEt2gL54VMjXoT8rpaIm0PuT/eHvW1gJ/MAR1vI+GNKp7rrr63QqkXcCvKpRlKVpwr8cla0sV/RRnAk9y1VlQNbYQIXlWmJ3T80W37+0paQzg2wOEx+9dLmw/s5PWLccvtWKvtdsSNpZkmnQjnQg3GgiQn4jONRbqaUDhw88vN/+fW//79QA1M4JcJsRxyxDHgYxon+/72/+EuVhV1C3GWOpZsscmC/WK4USuViqZQvFdF2GHbbnVaz2eu1tUN6ZmF+bnF+YqqWz+e0FTRiFGcm/IK+o6nMmp5ChN6NMGl4GPbAjx0EhUKB0h9IY6VKt+2tYSB6y9qpYl+v9boNb+rgKXb3OjVYTzBuvZHPZSHQnZ8wGAhTJAy3NjbazWarUe+0WoTbrcyHZnogGYeDMllxCz1m6PovyBcqkxOV2sTE1JR2NvmYJt6H/BegpUIzIvJ5QVhJv9/FrD1dzPFNbSDAkMj4eUkOoaBqYdssE8Ruu64m1y/xU/yNUm7kwfJFP8jliuWSnjhFTKmDUwEXB6K1XjfM95TrbSGjLjrtBII1QNQJhfCSmgqNNg5aFWeDFQmXTTZ3sp8GbVtscRURR2/EyZVofS+6lSn2yysWS3qa5/T0zuXQFS/R2wgVYvROpJ3eQT7Qfd5ptxtbW816vVGvdzvdsIcYM0rpqc3IDYRnkwa3M10/uqvNNZHRhhKvqkbdPmrCqqTXf8yydxRADTx3cBa/uSWz92zTsjrCyheRYvjZwaUYUfIR9hOw9BFXrjC4QRlhHuZ3vxdSADy4MNrNVrfVxCXl9i42Ykn+Xwjr7TWxWDaLk4eDE4NLcKUT3IqhjgghwjV4lnnxe9Dow2B6p/0oCdlQEnTSRMTmCKJeCGHz2GIGsYQuEe96hjT5FGGGdNLjHDoUCkNLioUnndhHIePYfXPIMzvO04VwDia1o3SRLOJFcVMjppOC9TqRwIPCYwgnxbQF1kxrLt+HoJN2B7JrkRaHlgomuJ4x2pueUPxoenF8SNQXiaGYnhpSbK9g7C3fvk1BJzdfdkFFNOWemZk5ePDA6dNnbtxYLhaLU1PsYzBGKJybtDLXAcilUa9d4uBKJOae7HRlbdc7fw3lBm3gjuZJ5Uql2+3pgd1qttZWViqV6tTUNCcTYf7Ow6wP/nlVLOUfe8fDTz3z7IvPPvPoe98bdXoPPnDPK6+cfePiSqtdj7wNmStpzW8ip+mCj9hd2r/f1fLp0f37T9042LnQXu920Z8TwRpighG1phd8LKbWiXgAQ2xKaLOCDXu10f2x63GbiHGx6v9NKPE33YqMokYGTe+iqFGH5Q5a5lzjWCcJIVZhBCuOglxJi5wNGSz1+k9fuVopT2ip9Fgw50M6mlyvz98XoLJy+SJOih6oPWEXA3JpmniMN2vkJI+AVpBFkeMQF7cX9JiUhagi+hDbBOshwnwRgkqi7lYYdmC5FkTjweoTk/bMA0NGoALkBZ50J4UQMu4CVrPJ/aS0UFco0rcRWowGKLFODz0zolD0IIWKR9E0NCuxBiD6tGLMg+jvvib9EAdKrE6339f2viKmlPQ9YRA/2Id6+0bjm1hSQquxXSKQYEnrNFNTvXa322zjcAA0URNWSRBgFHuLd8BQ0QPAVxTnzjoIfVYbAs3OAODEIYSpAIaOx3o5LvJ22+W0UrGSoOyKGszUTabdjevX164tTS0sBMVCL+wbCs8SBzwq9PwoMvITY59gPh1oDYTjdyFoRukRKXPUZqIAWseoTNXWl65fvfDGvgMH9BjrqXB6cf7E/fe9uFFvt1rR8sr05lxldmbuyMHm+tb6laWvfuoz7/me78rPTPUBn87X9gce3BkRJzLxssYSPEgA3rLq/dul7Fn/yVFxJyob40SmJWAb5xGlIk7cs6YGx5ChTFS5kNkYJ3BXJIwOLty7OK5OpO6Ka5NpjBO2OPN0MMZV5fi/6N/4lfG3RFQGtkOwamOT7Ehr/1d0gydGL6nqL3fCtY4Yo3TP1Itu0EnUV+uvj3OjWj0tTiTEneeXnxrnxqXmlUv1i0cnjo+8irtBpfSB5ECyv6QY9PrgrwG0FIEkuSEAABAASURBVGE+gAnSk+6+cmyc4++ntmL3+6yNCpGBcSLMlcl9kdrPADvhQwSxE9+f+Hhm7NtlJYmpP1Ks/eZHZu86NfHKaxtSEgYbS+k8W5GMd1r9P//LL/7dn7nr8XsmxU2XZif6m//6wguv1ml+EK6JhOVTtM96vN7/2e+a3746A3USx53QtLVxJ8Z8IUTCd0UlFXfiipdiPHl/bavxya++9q2P3ineGuXJly5cur4q9qjI0QJhcurG82gveM8zz1/Qf7SvtcX5uYl9c5P75ibmpiq1Yv7AfGGxlhO3qoQMk5lZFMstNvArcSLr4oEfiQi5jHoJs0S4OW5c3BGBt7INiK4XcTRJ/BGYAzqIJkLEXC8acpwAVhhtJUnkpHTXzJknipizJ5FOcIKR6dx5fSMZyMTw4annUr5sWje0d7/2ixJ7VpT9RxomowaYIe3N5BdXO1dpCdPdC/dcWb9Yb23it2Z0E6woTvps0E2UPY7WWFgghDSW8qlFgL5JopvZGknMLCFF8/ShypFqboJamPfLyYBOOzozQjyTLzr4Uw1sU5epEdRPEXgkS6fCxMrQsm/vP338lW959NDj9+4Xt7488dr6P/7P55vt0Mb0oIwZC0iGOhOtiPm7x1EyBuNECZO6JvOljbzt/OQ9JRIizMCNmXcNllP7xV/6E9Ev/0a2g9Py7kpF3H1Q7GE5OpOOazEfM6bvQSB+8vHoQG1oJY5oRj1vGYP9R4o0sZIyfW+yPqdYdcNVPWi/td7eXG7qH6Hg3DrCbJVlynJUDal9t33KGTgj7pqt5pUwYpeNFxHi1et1MSBmC5EYkkPeeHgh64p0bpc2NoWriqNVdlsWvvlbtl55+fpv/+ZgxAlhlkRGi1SSFxe7GCfCORI5M0QhS9ZHHvjZnz/47veK3ZZbwvXc2Y/75UpVm4P8nE9OcUSraESqPzFdm1mY33dwf6lSQnh/AI4WggCTqKeEMBZaq6pjBEJIEBdod+15AL7safeBj/l0rPbhGqJv3hCUqmHXJm63Sfa9bmex2PYJ57RJxDCix8brQ/ulUu816l5kf0jt0AYSwSK9AL5xD+A6tGm92+lsrq3pgdPrtMHzA8PfRxxNY7LEx3kQBAkQJQhvph2uAeb/9vIFbayHTDqTszOlckmPRvIHKc7NFBLSLPqjIScNJdvAeKaQc+hg0IkyxlmmzzzGhJJD3yvr+5JBNxKOgVc/VMKiV5BtAj+nW1iGVZ2Ujwax1XWf+JItUUQZPS/+giYSSzvREalFgR8NWg/xK3gTK/dsYUh+evJubycYmtWtRjcggkmwDIBsilB2AoC0PZyJPk3JYqmEy3F9O370QVpRSQvgtSO5sVVvNpr1jY1Wo6m9y9qlgjmAPErvDs+MyAbuMcfAHvC2G5Bx/yfFi8w3HVGX2m6JFz1lB0TGUW3ETRCTbeq/aaLnUPEdPTz9OtJ5zdRZlXUXEaJBv1Z8uZGqSekjdTIenSryIf6DoI9gigtYMw4xZH38ozkOCBp9CHxCviIs45cMYiIch7f5vhaXiC4CRyAghWDcCYkTSMQifmvMD2CUdHqj2K6RUG8Fzc6IgymtA14Z7AfBjqC4j4iSG9geIWUsmUMCA5xcGPfiERs1gTJIRoguyGRvDhYV62AiFkn4FLN6V2wns5fVnyJ7XawiGVATYSihMC5+pKNaMuj1NcHXJLjfhy+lMIsQObI8mtHK5N0g84GDQaBIyjWYGiwMeMIGqhn/5AhjwOii9kpsetsEnQgxlMMNvR6/7ezszPLy1NraeqlUmpycTAlnArJ8MEyxdOJOYLBj0AmBo6TlCCn3hljimNeMqVwqt9udCFL39fXO1ubmRGVCBr5IEn0cqoDMEwDYgjx6+ODFq1fPnT29sP9grVr+tm/75t//2GcvXdmsby2HwtfSRgGT96GnNQTfun6lTv/+kye15/z5C2e7UnTB3RuinijNBPPIPCc9HtjSi0c28/4Mmn5LxPjRxZq3M06NMYduRZF7zUqVZaAqPsB74z2FqK0RDjyiYU4PESGGhVgqKIqSbOU7NzrtV9dWK4X8RLF4cHo6BLC6kJwTgDehMC2a76NI3OlhEYh3ArAWXCNT3chqUSA/wlM1J9JyWcGXk7IgKspHU42nfC+SgOwFgZiaPUbgf0cUulBE0GgfBjEu0QGxG03anjEc+zwmOWTBCB6YWw4mr+QF0N0O5KvrIjygD/kRpZ9H6RyR7+IuA9wLySox8L1eX+/0QayUCH0S9aK8FijzgZfz2V83MlXymzUab01RSZskSyjEznV3TExNRb1wS613Gg1PxVOUrkKjHvFFTJ3JeQCEif0k1YYwdSITygMB9SAqwacPkI/GbRgh9ZI0JTHxEyGXSYzK1f/q4Xzl9Ou6vZOL8zJA0kjsnW6RAvAOe30UYTxBkI5RZExIHkSl9CHvKV7vIXIqx9hqvWLuwL6t1ZXLZ87k/Nyhk8f6Ya9Ym1g8emjzxsrZZ1+UQbB0+fqhe47W5ucKlXJ7q3nxpVdnD+2/5wPvUYW8Vv0wB5SMQ6pGfwr5ppDeb5S9KTKO1RAidrErVxQRjiVOpiNOhFUYuAYrjrq4Jlm1KSsMJ+rcBuPESM9uC7keY5+lmUYHiTiowSQ7JI7Tgj7ybSvB/ythb4ot2UjdPT3zhEkFOKyEy2NFnOgSbfTcn6q1RFHhY9zZV80lN8POcnNJjFeuNC6PCDpJcgr2ATms2n7x5IH45m1YjTKVyrcJxsmwdg52l3LqEiLhcE1ZEFTqrBJJr27sEhBOJMqw8j/91J1/6n/8Sq8f8eMJIYTdAiy9tZvRX/2VF7//2w/8pR8+Jm6ifPm1rX/wGxfX1nrgs0REE9oqDI4n1BNSGT74yORjd2yPrcLEx407ETwPLeYoC/1Em5yQMzqdEXcijAw2HmN67szlY/vnThx485PsXF3ZfOL5scLOdl3cGXvbxMJ2q3vx4or+s0cWFia+97EfGvP2L796td7YLOUAGtSTII17KkSQOjVRDIo5DxIphmA2onSWU1MLhUOnRGUEyk56cPDv5D9jFpcaGm9cglsJy8ukEQpFzB/t9TF1jQXROGbFPk1lnBU2viQ+kkI6sbySZqhDfHjqSadO564En3UoW0YvxYTM3U1cPdizO+vrb5RkMSPMjTgRdlrT75xXqOXn1js3CPH+HYff+UevfTKiHDq8aM/4VZV1XEVWTOPREnGUiVZJMO6EdF6K0mD9F8ceOYdomHsFr3D/1H1W3ioGNSMiKJFgo9J5C7GtE2ZoUZk0zYxet99MrAZu6U6Se9lm+gu/+rl/+be/4/j+mrhlpdWN/rePXfjUs8tSWJO6tYxYkcMcd2QF7PMY6YS4o0wgnYghpF2lTg1xQ2Se3b58xyPynkPRU+fk0oZFapFmkRtsa2Xx7Q+Kwp4afSeL4s9/WH32jfDcJljE75oO5grCfE3YzlbEA4tifjthRDo7Kdp1kxEn9urM7fK5NX0HZf0F8GecCxGKP2s3mofvnBU2OiS1dcgscS232e5TzHxMb20Nlzfa3GpjmoZrPNHuhG9stI9MFqX7YoaOZ4wOaf6EcwOav2SiQYkmckuktTiYAPTtDRCjysmf+e+C2uTFf/3/z0Q0EVn4JTbuZPD6+Eoh3vkLf/vO7/+IuKlidQLz9lnDZvv5J0cdCXJ5XW9fu9W1TxwspV3tVCiUClNzMwePHJqYrGk3EwSR0LOUE6FqvqJyQiIQiqJPdqoIPdy5vF8oFrWHW5mVHuItXNzm7bmdfJxirRbWnGI7NtWwYT+HVYvfjHUi+1JZVdE8c292mYEAoJFep0eG9Xa72Wjobb/T1aZICEuKBOPRe6yeskFFSqa3uMhTu5PyxYL2/hQrlXK1qv9KkOAJQJsAxVlx5A1aOHtkp8ckDj0C0el1urRDsU3oBrZWVjSSW2XZECo5fLWtjCVSIyCRiIKZYrDnodk+eq8B4KRUghT26HST5DVGwuoxnpiQlILItEr76cA70et12j1Ka4PxW2DQF/GEkuYbxZ+Mh8F4I9AGAZOkBE4yHxc+kpxmzC6EOaS3EDQD8TN5Xn9r5Tp2NUKarW67g0FokDSp1WxGfcq5QwYIQakHsPc8l/grz3RpNKrleziz7HTZmyKluL2zftflVhBTSxtwGznHVWpHJli+yJDKMRCJRgwNGiO8QhKaPowwTTe6Yb+D4SYwu6MQM1gBAAHcALPMh/Hk0D+mJ0luIslFJvgMoZtg6ImepoGJ4YCNZ9LTSCOZSZHUO6X7P0X3KuZpNB9pR9lAN+uXsbKBmbYGRiUOmdVevCCPIZhIZSgUj0Qqnq20NIOty7HsJgZYkpOE1zhP6WLlfhYV/2N8MWwY84SRK+LGE5sQhutQ3B/94SMVRPtpOUF/rH6PLrAfxYwBXhfGvewmmmdyEdkfIl1GzLvbOiXfHkEn7tLW2Ga3HVWQmJVG+8IPHNhfrzdef/18tVqZn5+HOFAjgrCKwzxVYsY1CyPGocXAU2W2JLHj4gSRxXqh9PL5XLlc1g/VHLTT6ULwY71em5pCFAbBeXrN7KTZot/u2PFjN9aWX3z+ec1vjx67Y2Fu5oPvf88nP/3k5etb3dbm2o2rvgC6ouegpi9gttC++0jU/ML9x0/1pXj+/Fndgj6kI/ElBMCyFoRhLZISASZbD8SAJY/bUrbt7bcI+7oV0nOSO0dWSWLKZeneNlzcUnyJKwRcSOf4LJzT9mS/KAq5dtfXYuDZzS2/153I52ulcjGXD0KlmZgwFelach4WrAeionuak2l5F45BpQx2gnEFKEvhWiCFkYcwxfSwzgMST06WYV2RL9r6RAgysVKdPtivgT3im2MGIJQcI5K1fbOakFqupyla34Rj6jV4XxjQ4st8gbBfhdSiXtgPe+2OPqGZcF4b4gp5mEwwz7Ah1GsGThBZjhYIu5EHsCwiIjk3wtlU1nOLuK8QTncO/wxfe4UUtjjBphSFUmVqHmK+N5ZUvwUO4DjbK5v2zKpQIDKEUCxRoaIspCZDAoanMIvFCEDms4GCPJdxIOfoBiLB9RUG9EtYJwCxK/Cl2/XG9QsXK5MTfrUc0iizIwqbp8U2/X3d+aUIEwofChA4ose5mGTe41AYaHe+kF84fPjy6TNX3zhfqBYmZ2e0clGoVu56+MHlq9c3V1ZWL1+pzlQmZybnjx8JO/3OVuPFz31x8cTRuZNHQphbPvAbxdqMl/lSiRJbZ1wdL6nvbV/e4jaLt3EZTqKVij21wnjCpEVKcDxVSYwTuhLuNXgkxLuVczauM0ojoMR1WsJkz8rhGCcqhcVirZ/KCQhQTiRUHAJgHB88LmlNOdos7KhTGUl2TK0eMoHYzi9G9bYYt3TD5I2eGLtYfEgqmj2KvSykriQcWfZ4/MOGVwrXgZSwpw6clVbwNKZ8owKKhHboPn2vtmJgXxhlmgdVYiuytgk2avctuTPtV64LwIg7NrCJh7wddb7+AAAQAElEQVRM6PR8RA0xQA8rh+ZLf+YHj/3v//6s0Ts5jlKapb4kYOn93/r45T96auUXfuLk4/dMiR2W9Ub4T/7vi3/0lTXyb5n5izpOJCzqCUhcnpyY8H7ue/eNUy2PEIt3YnvZxn/R/Da8welW5cw0lZ51llqMV/7giy/+8IcemZusijevrG42//PnnhdvTkmEl90GNtxud5qdXrmwDdjJ6cur3U57YnFiZbX/2K/9b9W5mXK0fcpeXVrf92Pq7vvHuHD06446m0Ue4zVJ0pAUnJUGd0QlSIg0HDCBdCKSuCO8GCsmWjIL6USl6hTC4ZVCOHXys0zsJB9JIZ3Ed7FSw6/nUDm3E+IdY2JLdd8gNf66Kspuxrx+bHVeZbA4Pu6GSy4Wj2x2l8nKOFmaOrFwx9lrL6sEukkYy2+MgKJQ9aS2R1w5RZl4PuHfKIYJsLwGrzRBv/r4w9MPBwDICdpPOajx+pORGCfKQIPx+ez+SfeCW7ImpjnlSLA2A4uJ2xDCgR9uNLs/+0t/+Hd+5r2P3zMWI9tp+f2nlv7dH11Z3egaU3EiZEC6QpB0Jo1REYUTyUHHKYYmKdrYYkTu7JJ5ixg4ONaYPDIvj8wLEbc/tb0l5dFD6svt3mQ5zHnyv3uQTMojXiqj2A6XqcNCDEacyMTOWO+lzNiLo0DM/urFTTIxKfzYiiNOAErouS9eLE/mTz2wKJM1DO4bPSiONVHjYZzo7adOr3zqxWWuR+JYkhSKBXaKF280j04WY6JthqQSwvFLydTLCpEczrG10JySzpFENIAgv9OesImjP/pj+bnZ0//ol5Qba4KnXKSTBKIJ2e9wmziOzNgrlt7zd3/p8Ps/IG6uyAR9S47VZMe5RQ07MVC9uT5CpGRIhtPtdrWxcGpuelab6edntWc9VD3IRy4ohQCKGRG79RzfJPraVUQAJ8pEDASBLz3t1g7IsW2NP8aZ/haNQXHbOebFO6p5nMu4W1wXZrKM32+xq5i9M4mzCEfhpexyVqsyVXD0COXsbrfbjY16R0vn7TaGnsB6d57hkuzMHn9kQSnIJatnAtw8+WKQy+fyxQLkpsGIEz1EtDURATZU5HR+HwM1wLeFfWB/6l9dRAQXEIkCUSciqzdUPFBjudftllQfmjkdEU4bHgsxYzp6ifP5IIfth50cLhQVCPrisbvbE+hVQHARmDOYIAP2It3wLvhoYV9xMKhBiZZqsGG4tUKIIKI/fjHWLe3y6HteTI21SFYsFfIF3fUFQjHxASk7soOCmtGn5au9XqvRqm9utppNCCfqhVE/DohHWQ6IAuaEl4R+JGwvy6ENzp5csciVutqcFzdbdkZndjKpd1Jr8pVvuuw56YxbaC2iVmmz0jY5SlCUVLGBjkT7FN0QhIEjaYETcggTbtLDhCztTqvV63YgBRsxdSkYxcSjf+gVIwyg8nliGK4BQP7s/KXJ5PEup6rBKiTNTpbCyPQlOPRBpkRX4wPyjHnOIAWCdRr4o+DwSo7AAOdfkjhLLxYROfjFB6cdR8Bw8yRF0qBfhsGz3T526L9we16KxLJMEX8Rl+dL4cgKKYlU0dA2a9XNt43MrDaVE9GhVdQQSthXlLwMgKYg9A/pMLy7ZxBasOZQpJ6YkNmkm61lYD5GTjMHy46YbCj2orzVg06Uu2N/yLH6SmIymlwuNzc/3+v1XnzxlTfeuFSr1SiIEoONIiclGw4pI67RunWYDcD1hZ8bcEjsiixJp21kNaZhHQRBtQJrASBArdPRf+tra+VyJV8KIARSIP6I51kDlD6ihQo9So+dOH75i0++fvb1+fn9hXzt1InjF85fvXb12XZ3w6tUm5sbgcyVJwKvUBCip6IgpyUQ4fVl7o79h6+uLl9Yuh5qoSRfEMbfQ++NgBRk/oAkI9Ln2Rc/3nn9sWXxHfbVoBzjkDKZFelPsz3J126V5D0gTTqPHE+qHlXkYJ301MRTkueyCgtWxnYak1EprHIjvRByoPiQbAmc+qWe7631e5e6nddu3Ng/O39icb/09Jk+r181r6YFxlweM5UqgeB8UIlvUr4RqwLhCaJCELoB1TCI7KDshnr0+8LLFzx2YXoRemxAmoaMkn0J0Cf6KmlpHUTGwL2w2BJS06HFyvMSGFOxOQ3zPBJP0pKtNruhDie1KK+bGrXbEaL4AJsKMOWbT3B8MfshgY30iRBk3Q4xA8DUgyXGEJodBZoZBkT3FabNTnsCZUJqFLduRN6Okh7VrPEaIYak5FypNDk7o7tsa2Wt02jiN+Lhi75aM3PoqAoEmFz1d+8LCuJAyksStvkWEY1SBZA3wLM84Q/1EStH/ka5AtFucCcSFAaVgyNep95Yv7E8W96vh22oKKDeKIqUUweULiEc7mC2MAlgfQA5BiQEmhBJR4lCVScnJ2amV69evn7xUm1qSg+4QpAvTdXueOj+5z77+dbm1sb1FX39vqNHw2bn7Fef7Vyqn/7q07W56Xx1AsYavKHvwMQkxoxDihVbkM0AiwwY+y5IkENa384j9K1ZZHbciUxgV8QfTqZxROJ9uj65b8iedEMJ6ZjxpTkitVunSNe5HcaJsLRR2ockICj4leLYWtMgpgAW1ER6BhiejktepSvZFEMhV0jn+T58fCbj/xoqMiHnco4ch5m4A0akBpaMV9G7d8dFvT0xToRVv7N7ydSJA0umMukYG70x1sdvLdKSrO0le3Fcz4jyE995+JNPLr16esPEf4X4cij1CIPug/vLS62/8o9eeM+js3/ue4/ecagsxijNdvS7Ty7/n79zqdNm6FIVxoiDtA+2awi+hcNaMPkrP3K0Uhg7gsrtAqWMfow9GYegMNaQNdjKOFSOe5VX2kg2zJkAn7FKp9f/zU8+8+jdR+45uq9YCK6ubAo0r06UC7VKUex12Wx2thptMsIuzkxo3f+VC9e+8vLFVqcr9roMqqqJoStvkRVum6IlolcvXH/kzkPDLrix3jxzefnooamvVmbOR4GaKr3+Td/3fb/z69PzM5PVifzIDGfK9/ti26UJKunO5YPbRXxlT9y4S3laJCIs4yMuY2RyEZ81Jy3uSBz96ZJYw0+H1ZlGOmFybeq0/NHWw1TbEPYEwY65c9xBItb3MqiXmcEGg2GM8mYMwDe/7NFbuwzNPZoIlwxkcKB84mLjVbIP37P/vtX60srmEo4BFes4woadMLqJEfwUakCEdILyESOCqFgw4hHrMftS0V2Tdy8W5+hNA087pKp2dCUEDKGc4zZaa9dlrHt5xnkm7spEbNgcN/qatY32z//9T/3gt9/11370HWKPSrsXfeLZpf+A4SbGL0u957mzScUrwrzkhDNIJ16MdMJrsEeS8oRhIuNg9k3ibVLO1KPLdbDRnJq8qQVp1Mums2XquLM/woqSfdjGf8RVmAtXL28RZrnCWF5SPWAfQBjl5z/x+ovPXD9yx8yBI5OLByakebxKYpy4daaepcxWOvv9SJ1bbr56rf7cpY3lrS6c9dhHSt4DYcLxX19rJ95KmTpdvhD3R2orB15fChPsaA7xa7CJI9b+pdpe8t2+7P/wd1ZOnHrx7/zN9rUrwhC4QYwTu00ddzFRasdOvv/v/6PaocPiVhaDQZMx/WIxOfO+gYIWSG1q7Gk3QqT61erk/P6FucX5YrmgwFbTxzdVhCdhhWX07HFkATop8AK6Bi/yaW0fGlsVJt1JWWwMZdubMmhH2p1x2wKKpL64GOPRO3pi6uLYdmeot72G0zQYp481nY2obcgTUwekNfQmamNplKc4jnIIpEDUZG2QbjUbzQ1tMm13+r2ushKtYmewkREJir5vjDA4nT2vUCohqEm5WCkWipVcHgA3vMDvYyGGS4knwKvV65Pzq9tuYbxLl4NOBMZJ9UN+c8yCp1KDmwWWhMxje08NrHajnkeTOawq9dAgj4uhIZtOoVgslPJ4xA9wYBOWv8cwBtxhJjWSIpccrICFZYEAR623Fu7BfoiEzGzzcahYnVU8wTI+3rAvbvqBvmKEdmUQwwCjJciVKxX9LrrPhcEyoKrI2yiwDflcbnNzc+XGjeZmXXd4RBDcobJrLSWlKhHsH8yYxRwxk7D6Zjae3s5+KuHoLDF1G4NKDJunKf+XyvB2D62NW7NHEzxxcOd0L0PcVeM9NHlEqfRQcvwXKl21siJBWiw0fNpslREf3Etw9StBnRA8Urfd7rXbegcT6EDkSQ+caKGvp1SQ8wxOCcm0ELauQlY4PV8YPYXjS0AYBvAhWrMtcITjlR6m1fFpRTeKwXHnKBYd2C1hjhuHjvP6TAW1jOXx3IwMtBJElCkGMaIFIZK8Mox1JKgxlMGAW0zzy7PEh+JZY0UnhgVxJlSCWAx8XJU1wpQxD5gJHpNFo0UITmmEyhzmuhaSRwFRKJyUmnSHYa8DcX6MQIOEjIP84DIIA+I68Y0kR7IIM61JTjQOtGSrjQ7JnG6IHdAdTIaUj5iCMqZpN1/eBkgnKsPKNN6N2kOpWSyqiAv797Va7QsX3jh//sLx48cKhQINQeBGXoJH0viOFI8s4sR63qYluZ23J+MmnC0RuNCl5rilYglBI/ob6xurq6uVSmW+WNBMFudVgKqQUCaQqqfHdeBXarWHHnnk9fPnz549c+zYndpi+44H7l9f2Xr62ZejTj2UxeZWHoImJ2QhX0EHvgg7/bzvLUxOvfvBR+SLz124dk33AqTOQ0cvEjeY1ZBbzjO+XZKPhOeoMa4rfZu33lE/xfKac0Ra6cOxt6WewU1S6eO3qMhkrJndTzFjsUOGat5UCeX0hOsAUbHMun3FBlkHjSM+g+lZ6Z/T04AwKji0LhCyp6Wgpp+/2m68cH1pslTV02hxcqqQL6uoq6kjsjxMgCskQTvqyjlcr9cHwC0MrKbILWJpEcZNBbCmAdIfhhBtgihE8Gw1USwC+/Lbeqb1gZ0CCmDUDVtamvQQ0ZtCmKWelSEASvVx3mBWHWTFgQ1CNCvAgPOEzLYxG5CeP4WcLyuBFnWDdhtCjHtd5KP6rkIJMPEkBlT7ep4ZqigR6MgQIOAkmpN3Wmxrbjfq+iWCYiFXKkmMa9b9FypfCoe3ycQiqls2GG9PsWqQ88NOWLv8DgJ7wly5NL2wgBoCIItymCquxtZas4MbJoXWnMFnBhBK6CM1EgI+xCCkAWECiMmIUzSRVG4mR7pf03ojDXi0okjJyXx0S3vd9qWzZ4pT5fL0JDnAWbiDC0G00gqNT21gocfYAszkRAYReZgAFYQxn9EU9Sjbd/SoHmYrV68WS+V9hw4JrYwE3qkH72ttNV9//oUb568QSOa+Y0fWrl3fWFp+5YkvT83NPfCed6tcIfJyfeVQO5X9diyGJCXtTCVhHH1gnGu+Ufa2qCR2iBtxUi14NARoDbS5nu+y19P370Ockk+yrXvW7gvhYpyYvLoiXdsojBNDyqieiYLH9hCjcCpreZfS9cW4iIbGwWZCAwiylSgVdQAAEABJREFUgXQoaQV3wfEGnolW56rY8f12J6MjioznunTprcq8xIgBwyrJ2pHCwTix4qh0RNNt91Nbsft91gml4/QSIgPjRJi7bBncV9uDnZgdmgIirlrFgSkq09CzbfnFn733x/76k51OqIRR4KRBtlcOAgp6DZ/48o0vfGV5eqbwzvun33vf9ImD5RP7EwEoS2udN5baXz29+eWXN8+eq2NDaV04Tx/CNSF+ioKHZ/bFH/vA/LvunBBjF26sSCbZMTSAMR4lO7GtYUdlxJ1wR0kbdyJ2UNrd3uefO6v/UscD3ztxcP7BUwcOze8YHiZVrixvPHP68uuXb/TDseA69qrI1AiSqciCxHVyrOF2s0V/oKJorm62ZmqlwbNPvnLp0FylfmD218N838y+jYff9W/ue/jYf/0v3/3EH+SOHp/J54ZF/zVKE9H6eqb7UY0rAzsXDr8nRYX4YuaqLKRZLBMH6cRyE0mIiQZ9JEY6iWeZsIOcyYx0sExovnCVMTKKEg5nt9NBOWeFg5hiz/Jxd3SglT0RJGcDv5Kd4PSGcmlYgu4lt1835ZbOpzQztKxNJrFDarm5yfzKemeJvtDjJ9732Vf+sN5aN+MzwvETmfEmHBwUUjlIUPLNWmE6K4y0JhThgCpGQLl38u47KkcxlF9rpH4lN+2McGp3NsZJhhE8fte0QDI49TJvzTLXg1YlTOwy56bhZcqeHcG6PR/9w9defH3l537koXfeuSBuojxzbv0Tz9z4o+eXe6RZmagReq6zhbnmGQEp/p6u354ceBwlYzFOhBE3Um+b3Z8pK7fYptwGnrD78nuXOVjzQ4s5sdtinG3ukdSBwSMyXcfAbyMcGjXCscfQd+x2Q86tg14UsNV7EjFXKaRLriw3bqw2v/ylS/r4woGJuYXK3EJ5ZqZUKuUmJwtqENFk4EirFzXavc1W/9pG++Jq6/Ja+/JqE/KXI5YrtDDextg5tL222XZfZvAtEm8r7Y2O1C5T/cciG9Vjztqfkiff3nGI2qlT7/xn//KVX/mHS5/6hHIQTYRxpUSus8RsVRLp5NQP/zfv/Et/Vdz6wj5da12ig+4VUiTneUZP0aE+hJv0wLTp+VNz03P7Fmbn53KFPEFehZBrQ8UFvwG6iDgGAr1RfYw46RPB8UzaEc4/4nF3OevudiZ3b3vxoO0688iOTNz20dF2sHnSYLeMvix1DbNLoxtb64kb9cKBPk6gievfsca9RJ0jWyoSCruZpY7LDwVCSrqg0CoO4R2QdAmT6bSb7Vaj2Wl32rBIT6FO51tSQB8ZxqRPN1LyB+kHuUKxCNAmlVK1NlGuVMD4nvMh3MTj16TRwlEXkbbg92GNvaZ6mM9Fm0DBxo0HTWRGZJ/rUA6X6JLVXA11aAr2JVNfgNkcvKp9/XhY2OmJfCEHzQRkEIjSoMGMQVRgdDXpfMjiCpWQDw6REHBtKxTw0YZhZDVQ/ODkhzZeKhV/dBKhzUdU1kczzvB2vzGQaHQqI0iLly8U/Bwn0/Exosd8J6jZN7l1+l3IXdCo17c21iFfUq+HDhHJDmXhGT+yxxaQ5Kx0ybFVGTLNvMPexV5Fxmv3CjFWUe7FmQ/dnfV4HCIwouyC7IyohGW5kde4h1KnRlziHIsVM+00Y6XPeIyklLanjQOEjmM8rEcCALhqIaak3aJQLogugYiTFkaS9RWlrJKwtFv7rSExBaz7lsKsJ0RNFRZiC0TSiEUKGmaSwEt8TqmDoeEEcAI3UxgKmdkcG1rm1+ckIYpRofEKRPUECR+4GlKJnjAYJ9SZ6OMWMBcC7hVCOZIUfuIT+hF3i30896m0RsXYKijsrBcJnk2qFf+0lkOZ/njx10xwfZVYHyOtO5bITGRwUPFfxJbASRthhFBX033ModPHMBtEOoP7IlIjIJMDusTgZe0AMz5wFWv0cQuTxnzek86rZRTnsGN9HVKw8cmUM8PK9qvd3tJBJ/YVbU8mkGIGumgE3dNMbn5xvtfvr66szsxszM/P6ymhuUWINh2nBvaveEZYIXYI3kffd2U7YefRnhSMbsrn88V+sVjqNBsNzadWV1cLpWK1NgmEhkcuXQuvrqWHXL6g75iamTwmjp157ayev48++t6ZyfK3f8sHlq5eq7e0CLOhtC9KyHyQy/tFsiVrmQSIWqiOTM81j5/S0//KykoYtsGd63uBlokB8I8glXDZPtAMM70J1c2LLSyJYtuXVWKL3zjdplKzYmi/Uc179yX2uOySLw69iWCZjeFx29dO15N5g8RFVKh5Q1Y27fvPqUKpqcLLrfZTF6+IKHj8nuq+yYrsEcADBlkbAUhPIhQGo24P4KL8voczBX0hvKgPnIfIViKaPwHGkRCJ1uw08FSlkO9LEWJWXeBplN6sH2oCHAkfk9n00GLrQbS/6nvELxGdiyBPkCj7hrOyiQ5FaHSwoljrF/IeRljD8oKGbnRfc2sa1VpwD4I88FQImhEEHhYSmcegF0VBjJHmF4oSUIHo6ROAhgxkDvUBcueSvd1Qe/mWHZs7LhmjUjnLn6l4aBvtR0ExPzEz0+t1w7WNiHIzeYh643IuHCIY5BcJyiyDYj1GuwqL3eaK2hChz9mVKL+AQbDMVP4ZPsFaCwHHRGt8CGkKz+i326vXrlVqE1prCBVCmDKqGXnZON8hAi6QMkaOCskCToRB+KAK9QOQkuI1E0EumFpc6He6V1+/UC5XZhYXirWJfrN18MThtaWlTqe5dvmaVrtK83P77zipTV1b11dee/Lp2ZmFww/cW++2NN3vmoXX9ApWwjJ2GOo+oQZozKCcMQ4V+toZpntTpLO1RQnHuLDD+jKXQlq3eiLiRB86OBkY0Zjvc7bcNtpXxgxplRZhfV0itTU1yERtya1KbYXFSonrFIdnA+Fggto2cNUkHTEVVgb1364gNS55QYsLnUXvTE9Q4rA4KOwOj1effm0Xd4RlgJ3wTmIcDpyN73Z/q6FoIq6D5bZtx0Q6SXVI9vRTVpN0nEXuOad/lGM3lipjkvMNUpr97crB+dI/+MsP/vz/+nRciTvv2LTJ2CcUdLWy3P6DT1/9+GeuCZw6E7XCwnyh3giXllpCuBzLeBYNrgmNBsI1gdBaOB7S2Xc+OPWXf/CQGLuoONqGaJCd7xYtRonEXjruxOnpMUX2nZV+GL32xnX9d+eRxe96z71iV0VX8okvv/rqhWviTSojeMZu2Yk4tDApdlu0cK3Hy9kLF4KTJ2rlvD3+7Nnr+ld+/+R/DPNNNRA3ksuf/84f+P89/sH3fPTf3vnyy9H+I3dMFVKXhLl8/+Xn5TveP+rxg5MzPpaabmoIC06fMpxIOKQyRiJx7MuGywycjemq4XGGoUmHC2fUqeLrXewTE0inuE7LHuOGDpyNw+8s55Uxkhm/tiFxQ/qHrjHucJndlc7+Hk3Ut2hRY1xxkz2gnK0z9gxHkuYRh8p39cJOvb+u97Ua+oG7P/Tls5+7sX6Fza0c4RSjm5gdPo16pcU1obGhnH0yWYGZ+MGpe4+XDgjD6Sq5aV/61hpr2jkGxomyb6TSr3szXSWEjdXAreC3iBFcEuP01XOrP/f3P3Nof+37PnD8j7/vaK1SGPNp643ul0+vPnl67auvrtdbPUF+rNjRGD+XUytypItwxA/GGI/FC5bSPdt+QjrhuJmsF3YOq8Gzw3pK3Uw/38byny51b7RgiD46n1ssbi8pDSky86dMH9o+4iTzaDKQg08Rkex1+gCbi4MvQj8g7wtGPYlM9Ik+cvXa1uVr9Si+nre4g3l5zNacpT+PkhDjFsNZJGOZsPYkDA80R2xDNxpd5zUMrbEC7Vj9LUXCcWluk4On+B/iMLvzI2aWXLn8wN/4242f/KkL/+k/Xv2D3+s1G0qw79floYMIKH6pfPJ7P3LXj/5YZf6mYs5usliBQyTHX7YF1vSndgZqC2G5Ui5XqzPzs5PaNF8pR+CD7zHGAvvbWDWxsQ4Rlh4kPelTEABmDSDfH/kA0UIlooRL4q1dxqRoqcvGp4Ouv0058K52h3o15bCX1JucK97ggQ+reWRxUmF77DtCU7BiB6TkkYEGzm6n02q2mvVGV3tpWq1uu6vdkLhoE5270rcysXE60oI9GjQqyOeKJT2uKuVqOa9dRuVSsVyGJaCYY0NA7njlyYRyQYgCEKsBCwG7+lkCUHZ6eDi0L56MthLUfrMbxu8Kb2hlFc4JI8k/TmkyeBRTvgwwlfseOqzgr5Ar5CBiw3iyOeIHFu9zRxF8GKxAxZWLhPeDaaZCDD3pmm/rSW5MBvt17WZmJAjF4oxUmfcM1CGQLkn2yiM3kFI3vlDU5lvtWAOEFt/PEfGCBbXoG0fC6nXa7WZdf+ZGY6uut5BBAz6AsuYPSUkGcZyk+10Ovo6VDMVYRY1xZJxqmFYptyW74w57KNbsvYS0B27EmFEML2kK4xkrfnyI7P0mpRb8NNiH2oXdaTc7zXa7vgUAWjAxIKsOjgqSWQSDkeBXwrllvPzSM/KFz/SEzvs8+xDHn356lIaH9FkZo8qbQYqKBhMYZfUEM6XMMZr+itUUj7Va9GYbUtw3LReYHAfmDrlXiMfRvDOBMZIzBJHdOG6TGJjr8Sk+Yk9kfZxU5JCyGk9CAI1f1jEmKBk7wJQJsWEJBqLlgLz2o36IpKsHq+k7HaK69o5YE1dG+6DANUd4lYawC5H2KCbNJYOvNzio1cDrR7skDbsqb22kE9diIoeeMlcIpTI8vLRWHrCtCoW5+dmN9Y3z59/QLGN6ehpgx7yUlsvBd1LGoZGRiR0jAWVviZ3xxgiSLAPMbFetVvv9cGNjXXsuS6VysVzq9xl3CPEYiM17WirV1KMQ5ObnZzc3NpaXrl25eG5h8Ujt4Px3fMe3/Jf/8gf1biOXr7TbG/6mXypU8n7J019cu/H1W+iZ0I4OTU6GR461Go3LN64H5bIX5AWFpSELpZnthL3GsV0qthVuA4iceNnxhraMO8f9LvTcjOtGsD8rWYrbVVLPcsjZjvg0L5LjG90hx71O9H+b7oQxHLnXSNtCxYYqYW0rvPQP6F2g8iUt4jWlfzUMX15embh8pZQ/PJWTgZ/rg6jaN+vvYUboEUst0tIshiGHqBoZfCfPy0kJciOyGg9D+YCh6GEMq46A+wQyV8nllcBIYQEiM0QCdnsY5Cz7ngJx1+9TzCZIohRF6Sk/F2CgsLWxSu48eJ+IDMjgksEsasCK9ezJB4VKKYyiTqsF+l+rzabfkubVAXE2LSAHIifQxBzRPyTOo8Db6/J38UiuR0CyXNEnYK/UdzQTJfm5bt943ONih7AxU0irMdMBEiwwQZev+3lidkb3XHNzK+x24ObQx2/JA1Eog2UCKhKkLWKcBFa5HIlB8QHEFCGBxLN+ekdMcCagIVzMvY3rGwYM2G8x3FBFm0tLW3Ozi4cPtiF+OCSg5YgXwrLzHuKaPGuDNZIly4EASEktiVmK4h0AABAASURBVOBtPK37ocbhzcwvtLcaV0+fXb26BOk+q+VWr1Wbn334PY89G4jLp8+sXFoql6qz+/brul5f31q9dO3lrzw9f/hwdW6u0WxhGFNsgxIOIREOLc3kegNfbQcD7vbTzLdP2fM+UWIA44TmRbXoH5oOLq32+Tr2k/G+NFEaKvafGb8aChO86tqeFew/U5GT0kbFTx+FcZKsX2/uOJCbKLA2JM1a7dgiz3PEocfW3cbCgjJLT+IL6Rj71E0dPK1lvIoQjRria7jwNxDCiTNJCk4y5d5I/iYxTahUhWZfDm4Ng3IfHW+HHR9zKwb2na0yW5nciuQ2IeVkSjzuOLLzQyUbb2VVtz1ysB61y1n+2D3Tv/SXHvyFX34uq33Gb4xCVmTmL87QiGK2Njfa+k8y2pbjb8ZryJvIugkbqiAgkuwCxKoeum/y7/3Zk2InhVplRWsUOq0pwUxU8oZzVIphfolYU9Nkc5ccO1hn/PLaG9ebnd4PffNDYuflo59+9sryungrlYG5nTgwTqmU8uOw/szSbPYbnXCi6L/42pn9+w4c2zd18cbm8vrm1MLkZ6Lc1XCUWUBNzz3xU3/hK6+f/q6P/p9XbrTmD+3LdXg1dliZ2FpakWvLtCJzu2JVyN0PlBSpEZYBCrbdOEgnVn5TzIqSmCXKQTpBQ7nkKBAOcUbk3igWCyMHro9sc26dQgwinRCsivvueDZyeLSh3TKJmJLso7jfnAe5vRF3iYUQS9/8dVOU2POihhwdjR0C5Uj1vjfqL2z11tC067371AdfvvLc6UsvGMnNxJfwd0d/D48QGhUeK0IMVWfuYvnIy8vce6cequXKzFmELOcmAy/vtsFtZ5Ru8/bFESeU3WR0xsjbWXeO4UX49VwjiSVuxI8uX9v6p7/5/D/76Asnj049cHLu6GJ1cVr7cAPqAE3Ntpq9eru/3ugubXSurrRvrHfWN7ts36O1kpTVF7mtJxPPTSlR0hV8pCNBODGg0oqjcfSMHC6e7KCLbuLK210+ca33zDJoKDNF74/tvxmYE9zK+JcUCbolnW16N/N31jNUEuOERlpQzrXbPSWFE2siydIaKsqzY+NRID1vHKGC21BwpAgdcfbxODoPaK29wnEYCTYRqTjiBDF+2NMghI2CQreQH3h2GLpDlUWu0W+O/ppEL0qrWLmnuLMV/SNvle5fOXDw3p/7C365cu7X/xXGBcBXOPGj/23tzrs2zpzJTdbmHnjw0ic/efrf/xp5OLWcfOcP/+hDP/0z4tYU+5IJESJREtwyaYKWtgY1pLe0GVVbwKpTkxO1WnmirG374CEEB2EoGMMjio0tyjPBNjCytMFfe6e0tO9j+u/AZACHrAfKeOgFOy/23v/6Niwx44jpCWuD5ADqI54HTXzCjMnlcm4YomurFzsqCW3HzDHcxw2zH8oxo5vRbrXqm5uNrXq3BUZHSMEE1nEQCsgC6s4/XMCpKPYI0TRy+VqhVKlUaxPFYikH64kLmK4GQcRDhCakEEjFDQOnNAKEAOJIDzqh2+kC9AicDzm4I2G/Tfes86aKe9YQoogcARSUQIofeFsJoSckkBLwamGURrmsG5xHmJOc9m3pS3v9vlM1ONCJLir0u5E3IQRokJDAaUzzpHHFSqOBerbDeVaKOEpDZTijpZG/1dCPanb0Y3UPE2EGLJkgqE5U88WinpiCA7+0Vh6wBwJdGtrNXN/aamxt1Te3ejiRAdIAhS+0eAsRY1p5g+uozOeww5K93SwJ0hGRMNVuM2hdsuU8Zfyh/jVrFrYdIIefGrMm5bKUuAz0GcgAHgV7qvhrUviCnul+wMdpJumx1O9AAiztFOt12t0OgeVEFI4BrhDGuvKcUaVMrAlFkCDHsBlqcNG23UE5heNbBMOIcBKAlGc8NqVhq1E9ocQxZpZxMIgk7VjRhEVmL1QUd419ZWkoJLnXffayS4/Rj1gMlBjOFbNgWgApMnvbtpZHbFK1kY7dauj4VwM7kttMehl9J9KuJT1AUUIHdBOixzbEpDnaiQlEuduNmCRiGgdOFkYdahsZUy8lYkmV2pFh6jGh8sJeMY4YbF8n/cLbjHXj6HOfKHZX3gbpdWzZrleG3GX6RrPrSqUyMzN9/jwk2dGecv1FYeuxgcwdgsrEatJxL4hzSu2lkJcUdXXNWgwqFPJhqaQpTLvdXl9fq9aqs/68Fjxx/EVoKBBAXyIKSxP5XOBF4eFD+1UvPH/+jPRys3Pi6LF9Dzx095e++oqKmrnAbzZWN/OFSnlae4GRSIVKM0IhilIenpltHz+pX3i1VQd3euCR6Qwj8ghJiXAdfLdPhXWPjfGKu+ybvWNvOwz4uCVl/AbwiIhpoznMo0Xx2d0OQhBt2QEfUcVGktQaNZq6gBYGIlfuCrncbKrNDf/cublS4E9PlUtFPRT7sqeJJGUe1cIUAs3l9HzpdiAjTbfbBsS5IBAkgGNosAy8sA+Akpri5oSPSDqw8hd4CRLznOdX84DB44GiD3+aOHvdJmBMIjuG9E8wIQF/BIKeYamvHqs5mVe+nxeQBkUZXZqjRASJdLQsCQY9xClrdqbnWAmPkNBPoZj6xfP67YIcmqdAgvcxNgHwVzBikTgiaA7IRaDXgJP0CgT9IoVWBwTGhJGWEXe4eJPH3i0tRsT3jRUSg21BxYJ12eXaBOGzNdY39MhQDDIZ2Ztp7HHqUMUr/TzIVhtFZPo3Sj0xdwz7QZsMxDKN1bGQ9UYZ8Gpqn08TKNLjvV3fuvzaa9WpCZHzUfwJQnIP8ARURAgR+E2aQRUD8VHYlBYwPBCwUFCSPqAtavUkH1SrtdLExNrSda1lFSrFYqWsDQ6FqYkT9929sby8fm3lxpXr+dKRhQOHWic3Lrz46vnnX6rMTn/oB36gHwQ9FOmSPc0CijlyCwNUv2Z1jPHKKG10mIVqV88Rjg3U+B54+6G7Kv/qiQ1zwI08tBEhvO/Elwhju49VblslR3nED9kO44T5DYn4XI8++l0Plox3nOeDNYXGIr5kHmWcI6Sd8ARi0xB7+F2rqjDbpJebr/Rw5eGoDvVnx10I680X3Z+yODful/UCrzTvHjhQPXKl/oYYoxyeOCp2XLhTbeOkIwTYgSpTKpJ7pzmi3nyMExk7VkdinFgNbPClBvepKAPFYVVTl/Mq52LlRlqYbaKSWO/bQfmmR+Z++a89/Nd++Tlt3hx2TWJWGpWSNVf+zKyBGusjhXyE0nopDN4JxJ2Y/Yfvn/yHP32H2Gkxb65EPBQUT0eONRFSxC4aZU4Y6TQefjJZo9h71nTp+upTpy++447DO7rriy+efytEnCQoS0rvc2X+nXTazTDnz7+49OF37J+u+FtrVz92funhuxfPz8+8FubHjOjrnrjjt/7yL8596bMf+dhvTJ24o+LL/uRU6+zr8hIkSPL2Hxh2Y3KuZUnGKja82GPjdIxMX+yikgiHoRl+pAaQTpg/JmNAhYt9Ynmr095UndyGQaSTOKKUuTYzZAcHJREhGrctRUV5Vg50WaIXTQSeSNJAmUX0Bku5WmvWN8Xbp0xOz4qdlj0lUFJsjx2iVYMj1fvPbT3bRLwTffaeA/fPVueeOvNEu9PkNhkfCfsg2Xob4nJYIwTQPqnunI9GTOVq75m6Nwe2Zh635dxkwS8NRJO4MTEZ7UzKGKl3ZOHROaYSF6fvyQ5l4XnkGRnSRGyYqBqSil0hAe3pyNzPXtg4+8ampDXR8dYUz2DsS0bB5Ew6pn73udQU7FXPnRBKOKh6riBgDF82O48ySCciA+nETv901yQvHOwgNbh/m/Wwj13tPXmjr1/w+IT8zv35uULG43/zYvfZFXAZFgPvTx8vFm4OcyEVcZIi/iJF8NwbkxeLERfxNhHbNHOodvnMqotuAgYpSJSshMmzE8kkDoqI0VAopkR5LJvhviC/ROSwdcUrXzhCxTQFjkjKqmNqQH1IWhyUg3MVrgFrMmoW7SdlCBm/ppQy3ScJ+SwON3EuJFOd6U+70PYWFBfRRFtnDn3Lt+o/OnX5j/5ImbNiGPm46SKzfrpiSeLf5D1pQU4MFU6qU5PTc7MTExPapA8L83BVHnulIHu9SjwcuhsXhuPScPAp4hrXAHJ3gJ9bUMiQ9Q6aFn7Nm2jGtETZy0hRsvgcjOThgMpIzOSC4DExej17THdbpBXL8BdxDSMBctwLgHdDWoxWA8MRep1OiMne0BvrKZXIehwPR09Q/hk/CAqlUrFUrFSrpXK5WCpRtIwHLmrCbpYAyw2NoVBrgVEulD+nbyI4KBYElt5LWlEQJSbZYD8nwXRiegEZouLUAxJhSBhIBoN7EDo/kLrZuqmlirZ+FgsFCNQgAqXQAev4MmExBvabQUGITKxM1wADxNONmuG5rWJtWSWm72DEiUTj7zguvPganIoY/gUYJ/qvUilDxImklPLEsyDlDqGbbK6vN7bqEFTUbuuvjOyGoCdIrJHGlufREo+kS1EOfgIzhAT5ZjCkQOy0pIne2FVIKVKRUG8FmrOXftg9Kg6LkC6iSaKzbIgWW1U51YZPwaUwj/uqjzl0uj3tZuq2W71ON+zi/O1T9hzMR+AzOg4L5MqyBp4ckl3GxDRww/hYgnaE5FRQwhEYrC6b8plKiwVIqWCEokUUhMNsFBYTVmLWY5iIExURFougZ3IgOGLKe9wl1F2xUC6d0D1+J37f+KPbp9A9MtXVJJ+zMG9PKq6H9jzX6S+GF6PkG+u5YFKDr4r/AoQUpc3DCLNeCEBlvQiC/DDYEborUryo2nmekQKkK6E5BMpQyAFwh1gpSdG3JB/bfqa67djmMnfey4EGqPFExrd60MkwqqJYIxxVbAAg8TCKbF3Yt7C5ubmxsbm6ura4uNDr9/OBn7qF/NZ63ltcE+UUFmv2kOoaoRWCToJcqVDEbHVVTWQazcbKyormd7Nzs/TciJV83ZBQYnCVdqlqPl6bqMzNz5x+7dyVKxdq01OaWN1//51XltZX17q5QIXtbn1rVQs9WnoplqoCOXweA2u11frYvv1+Pnjm9deWNtY0XfMBc4IKrfeitZmM/sJBakoNHc5ZZ243d4g5uHizihWCd80aldmovX4PMzU4NBITh1uKQYYV6eULmjt1++Fav3FhbfmVc8FE/9ChgweKuVwY9GJ5EzkO4J0UchDG0dasstPH+GXI0Shj7dY3yx+Jo+gH5wPYaoKsa/MiGXheOch5JYgM0Uypr1vR8LvtRh+DTDyQyyM8RQGFCFSnKDGndgPmBUUnYMCHitVVSaM4MuRbAWyYVyjlJQrpnVZLS+DddoeUhHxRBVo/RBmTOTFyiaiPDk/8EhD4ACkqSczuM8uVqlBWft5nAmGY3NeYTpgeispaLPhNIxHPPpBzAq9cq6HcoRpra71ez7fMVVk2xv1MSDSKKSJHvElH+PEw5g7C53uoPQSBH+TSpr4hEWaSjfsogfiowqCPXKv/zY2NaxewZd/PAAAQAElEQVQuTB3YX63WyODBiX1SspORvWAceHYhLMkcuCYxpBfVciONGzE1O1Ms3Pfil7507Y038pXigRNH9SX5Um5iunbg5In2VmvlynVd4bE7j08vLNbXNzeX18585dmjp+6ZPrxflPKgT5redfo+Eq5A9o1yawpJvqkSO5XMAbGjGpO8oNnvl4NADXqkcF4dnAzeeaz05XMtwZPFWkt5393KRKzJIMaJ4AXb/Bbpe4fVae3sXI+QH7y3cGAql26zwTjRLW9BlKC0fg2SobFd0sWRMAgKTrgJNk3KOOaA9SCGMCR+CHXVG+1qpZjZx8FcwZ8phKsdsV3Jn6omfnuBmD4l1k5ve6OcPgkXO+X+uYfHCTqZL+87UB7qjt1a34zdn7Ftxf1pW5Aad4mBZW/MeEYolW81sAyMk3H2U1uxs301sE8DRYjYGSZEUi/bZj+MG2lHk3Cs81KIVJSJW4l7Y6qY2lRns16oVcUY5T0PzPzDv/LQ//Arz2mL4vZXK4fBmDgSND1S/l6PE2wTromZj5JwiSzGiYre/675X/ypHUec9La2+GOIVKcRvTCDj2chedmEjewRwu0xFaPLxBWqnNa8/d0vgB4sX3z+/P3HDuRz4wBpQGn3+l95+YLY01IUY3zZrJKak/FP3pM74iaVEnes2lVI/e98/uJ77p2fKGqnhnej4P27qNzZqUQh5fK7v+lfPPTYAx/9Nx++fEa++KxEDEC177B36Mg29ybkSGUIvRiYo/BTGquRyqrFpUW5qNHzKpa8yBgvhES1yLIVFWUhncTIKELYuBCeFQmkE9sFCLjNYVgmj3NM1oTFMomRTpgcSoOY4iKdCIN+hGe5nQXZzegxA4Bi26GcnQRDpZfP+rj2onwouskpNTE59fYKOpmYmkkdyYVDp9MOptnI0q93gmpBjYFxYuMYPOkfm3jg/NZzDcQ70Tbm+drCtzz43S9d/Or5q2fYCSSN3dagnhjyK9kxFctdcI226pwsH7y3fNg+Vz+lnJvKZWGciGQL4+goM2uam91xuiwxH3fYoeDTF4EwPINz03D0jGf4GtrElY1E8ZwwWXq4yShk1ndKGxGCWj7qcfGW6mdkTZ6z/FxbG4kfnhGQHEGM6Eb8FI+jWAzGiX5kvyWGdtzuRmL67PrG1tTkhLjF5V++3j63SeYd9eq6OLfV+dk7CzbupBGqp1bDzy31mz24ppqTP3EiPz1upHdG2dhsuD+lsx38mfolB09m8VGVhXFCH/+R7zy58m8aja0uQuhKWjEDk4+z4aBPRToxJSLGJuHIDINuArqOR/vYAE8qQ4vN1sQNo4HNRpbQXRR94o60cjn3Zx/aJw2fUw7GyXCmP9hVMtGbjkVO8PiOL5DOBTsVB8YsxOiUo1cmzgrmyMrJIrznJfPN1MizydvHsv9Xp2qT01OFgpawgLmCm18ZcxEoLZJD5DHggFxVSoUsJ2hfgDaPasNmAM5uXAouhFljYD79Hn+hjM+xa9v1HlXlOLRs3HtGzZmVk+uHEDIkm4kDWkBPESfDbtx5kVbblJZiGXdsX/sftT+m12s2WrDTaXdanX6vizAAlhDhzPNQm3XeQFcDsCAlyJ4DYMmlEmTSKRUg4oHSNzCaAAqRqDASHgji4UtGN+lDIS9YxHghNrxlJMYJvQnnl7e9Gnm0Thtu5KXZmjJSOItiIBnduzk/hwWjNIrFYoBecFxPyF/GBIpAzwGxpXQ8sC6VM/7QNgpD28tOq1wlVJLZVsXvYTYsO9mbBodQptqVOBLge2C4SUBBJwA4xBSdiZhuZavRamqP3dZWfWOj225DUE3E0QDSruOiNvNC91iCt/VImVYSBY9wfGDKwXwLnAspv5Vy2jDiiXs0j0ZVlXKl7eETb29R3IumP1Goj2DlMsZX6f/DsNvXe9qE1MXYhW6fAK6Ejb0gTGgkGghUwkEkPEXIk+IHDBRCMdkCkU6soOyKAeZ2VHh5EI5oPmMxRioOk2AFxf0o0lQOR32WwCXh+khqoSfcoJNYLhDCLIo3tdEq7hS9dqJvEzJNsiTiVG5iyEinNqC3ERExWASNOFrEZ0J0SwLdxZQ6fcEJhijXort+y9Y7KG6RRkZOANONQsgEacC5GRsiYtqXZSRxH6cGjtHHGzW7Uy0dXsbq37d60Im0S5QSR8d6OxXPaqMrSlmpVrXn/PXXzy8tLS0uLhgGNUDKVYLGsfjgXMzTKfE4kbb8bPNuIhZTJNULslGQ8/P5HKRqmPa0rLC1sal5/PTMNAY76ybBIko9VTXX0oM9AMkJWLImJ7OzU+3DB27cWL927dKpO+7KrdcfuP/Op595TROufN6Lok5ja72YL0oIvtHyrN/r9zylPf1yamKifPjYel17Pertdtf380iiFLqM0IkqFQfBpzVoPijtGw17V8KLGmvgjnvZ7Syp4ZY5AIc1WabHyTZjN2VAHKc9I6qKthmIzKmwwojQbgWmhVOIAyX9XK9cXt6qf/ns+bIXVObmFsulIApU2DMsgdkJhjDDwqAw6oVG+gzQparYX8+iFiI4KMxZ5yP2SNRvd/UVgQIRO4CEiJLQJiJPtvWIDzv9qNcj8TMC4ApSz6M+ZDyFTHDasRFYZqmUkGmqak7YKed5Qb5YQEau2p02QA62O2zZw6hyD2LREGBIkPoCJAAfDFyFjkHkadvoQvpgJIo1PZ8K2B3o3JOOnJxqktP/b5MijRfZEreMaaqi2BvN8Uya6tZqerRAuG5/XYWYeycemDyKIN6E5GojRviMXRMvQSBZBeEiQ/refpDPaIPL2BNBo7zADo6ClCeE4kj15cuXazMzhdlCp9PHxngsyaCvD9pg0u7oM2ysVJyA1H5MTIAm0NHm5fxADyqtq0wsLk7Nz9c31leuXJucnZldnO+2Wrlq+fjddyxdurx84crm8spyrTJ3cH720P52o7W1sv7Z3/4v3/ojPzB79EBfOJ1ET1LSZRzcP5kfy9EXkjs3IXl93ReZjhu5qf7s9MOS74sUxomJM9B1f/jusrbtvnCxY2ccSR9mqwa2VI1ytqZi01K3BlNnuh6RqCGu5+Hjue96sEJTj4i6MNdbj0uz24t7CyecMsv82EVorpVktLVjmyJcZZZzhJpqfC3tTm9Y0InwZelbF+r/6eLoz+LNF4sPTqUOBsf/WH/rsug3R9wocxX/6HekDn7TgQ+9tPzcpfr5ETf60v+Td/5pSvOcWbbWt4bfbXrMTn1HRhgYk5m3QtFUM+e/WRgn7nYUxonbNiESbyuy5hsB9CqHlaohFnllHNiOKKpS0Sa2W93SbbXHDDrR5fH7pn/tFx/7+X/w3NL1phi7JOYa4ppACm0TicIeDmExTkQUsrngJ3/g2J/+zoNi56Vbb1BP4eOduBMhspLs8BhDedHMWDoirWSViErR+3nNDMVeBp10e/1nz1x+7J7tYhpMeea1S/1wj9NxFaOuuPmSHMcuSx+Tn/hRa3qmurZat+ZXIXagNzWb/X/80Vf+xz95n+/JZ69dmS0G+YUDXbnD5erNhnzqS789Mf/h7ouix93i/cTPDr9BJeeWQ/rF9sVysGGX56Juz6vImMclsEyENT/ZI5bRCos7YuaCgz5iLdiDdwknsjN91vJN6SCdmA9tjHTCFSmky4VNy4uizUTJskGnQ8Yuia5O9aC2LHSTw642NX398ljYXW+RMjE5mTqSu/Vp+PqtXlAtyETQJBPNZLSHPQtnfBmcqL3jUuOl1fYVIvlaWXjw2LuOzJ986fxXl9evm4gTxQwBrZzS81UcB6wMpVZHygfuKx/Ky8A8RUsauUp+SssbKVIinTbYFjqLM7id9c1m3OrRJR3cmr7l/2HvT4M1SZLDQCw8r+9+V93V1d3V3dNzYgYzg2MwJJYHBCyxFKnVUsbDpB9capcUpR8yk8lkppW0ZvqhlYm2ErVGaY0UxV2K2qVIAqRAgcSSAInBtcQ1mAMzPdP3VV131Tu/+8gMhbvHmZnf97736lV31WCiX3+VGRkZGYeHu4e7h3vw1HuottGLwkalEXrJaQsSK2PV+cbTiTBideFBsfZEIt2aBeF5N5HW4oRj63g+w239uh7dXuFzqGDz9QeNdTU4TyesP1DfWkxHojwUNWPocED9CK8a9tFo8riNTt7o58biRKdZXvzMjemlVnQ0l3tTeTBxTy+1o7/4QqOXngQPVdLR0bBEtqzQBNxvzSdgybV/qzGnufc5Q8b2jU72U3/p869/9fbr37w7nS0k+F5M0OuJNDYlNnoO2aOg51PPD4pgbyjSlJFmf2RznH0JUIMgsFkRvrYHPV5HX/7Yzp98caeTRo6Y+FoWAFnuLvjDAPrsLNhx8EUi3rV/YQobkbl4PMl6OhEhnqx5ugYSOqtkRSRLn9kbqHkuKxm9zY1mu0GKPnbFxKJQVFgJj0KQd1/BanhJJ8LZKiJTUnurkwNfXQia0358vmie5sQDlZPJAp41Z98A5NokIaMTX+HquLLloBZogiqWUnwMmQTmmiCy2xJy5IFSYSVYHvT7o+FkPEKjE0nHFAXJ2AuFYLR/D+1cmT110QcKViknadrd6G7tnGthbJoUXeZE6DFFVaW6hgJ2Ha9cIYScj7wpsoVn7Wc5lZuzOQg7C7GdZWBiNhM8I7bqONDZVMel2sIMido5j/GhorKyRiMl3z6qra12O8VgAhFTXrIr0ZTazJRmyKWphs9yok8gNo4xQ0zl6RC4apA5yVAUuW6jwZ6OG9cMVHlhhh10OljwgEcElALNv7IMLX6aLewUxU+XdLBWTR/wAdQH93YHR4PxYKBG3I6q5j2kU0VyzXazoNG9726Bz8t6BKw6I27c6kB0HcYNjtsoeh8Nvi9PdcLhTJI/RAZsSnP7ETSsKjtaljzGj7QdOvie0qRh0KuFUjxg9JzpfDqZz0aL+RRd/Avyui/QFI0girybWMWKiC2Vp5VCuC3xDktjeL444mPYzlQxmH28dihRclwLHyta2DVY0rODlzlbhguvmOmkoVLCzQu1TweT4r77n+DvgrarB2GOjmtWxO2RdUOltM9q5sIbdrk8U2+lSgkqEkHNprEdQCEZ6yFxWSCqot9ZQUHF8AV6SshbcEytiOvRAKCVgnrEIvCHrtTKJd2yh0uDDrqRDPoSvChqEo+A2wF52xPwLxySXZWK45yBiESux9Z9JIgGPNkwrzS33ZH1EoXSFjdiUCHPXQQ3kUjiixcvTibT115741vf+vbnPv+DinhwKBDGpzkRTlyJvG55+Ulc9jk5WlBMgDDnenkbwFJgDMRRwwVCpU9mSgg+wW4ljKFYHEetrKE0UUp9PWq1JuPJ8OhocHS0sbWpPqT4JqFaqOhzZI9JxUyQG2nz0sWLqpqD/ft7e5utVvcLn32pWBS//dvfSJOuhGQ0HU/GgzTNaLkmNB5RQ0SzwUhxCZ+68tx8PH/jzs3hYJK0miLRokzCWZq1whVCbtnQ4AAjhc6GDAAAEABJREFUaNCHI+vQVR67T/Fx37JkaH3NIPqbSRmqCwJIrlm/a8H5MU3yOBiLD/yLYBu8hIdb9oXq5zTE6odFUEoGKKEuRbR7k7BiKCwRitmxg2JVF4wRef+DiyDOJhLm7fiGjH/11t2jJP7xz3z845d22s0UoWk8pWmHHD2BoCxGcWctgOl0ytbViix5/k4koF1KmuugZhhPMsUwJJGC6IlijsnnpPqvnaay1VH8toIyjIk2hsVCHin9RYQuTaRE0QC5IiEGHUPcTGcgkzTTweFUITqtQp+hXlh/X7QbUUsMw+Xiri6WarMwFPPJTBH+uWA3vKLRbgr0bxkjiSXLBrX01XgoDlO1UPXIms/jxydTtDWV0VyM1beyTgGNJuKEOJZMYsFawXMTCjIUsyBTvxzgpAqAx51wW1AC/3ICZqY1LgN2sYg7qThudTqLbSTMk8GQdtZmI0Fk3FbIzI3UJrd6l8479CiOcE9Clnm0xyry6bxQcx0njKipjTJy7iD1nkOHHeRThBIYHtBsT3J9CMKTg/6t19+SMt66fAU3b4KkodrSCA2G1R4yYv4NOS1snT7qxq51aRVIDrUjZxSAl2LtALZ55/yFyXB49403251Ot91Wu0BVZbbV+8yXf/S7xe/ef+fd3Tt3kna8feXydDydDt48unfvja9+7UfP78hOGrczxcogep3nZLUFepgN362/7k1ClS+o0iXqVIAcCuO7yBdILdnwnEF6RIT8ESarrLYZ9LtedyAwELg3HG83G9KIzIWw3krMpjQS/97nulc3kn/93WFheFanl7K/wtNpEWforsH4ONHbNPsV4HPbtXXyahHg6cYE/NjH03/viz0r3xdQ9nHCOrPd4YT3EyzSoC0J+zuRZpctnR7bUTT2fsWLCsyOQmu/DabkoYcP7uye31kqfE/ONzb+R9eH/+2D/MbIGcubhN60PrPR+uJODd5Nmsnn/nJ+69fkw1dFXvGVEjfg/Kfia39cVJw3qDb+Tz/3v/jKzV/8nbu/MZiVbUeSKP3Y1qf+9At/ZruxI5an2+/fEsIJI6SeNBDWCCn4Yo2UE+wOSZY5E77oH8md8+ApbwK+xfvoI/2KynXlV5pfCH+F+Q16t+ya03AoRdgG71Z6vFswFCV2jaswRbWui3lzlbn33ge9S+fF2un5S+1/+J/8yP/5//Pmf/OV2+JUSaNHXqdal1bwUTZhTmlfvtz+j/7iy1/8+KY4VRrcucOfEALK/KusC7LjNp/CP2pb4sOFcJKpzWl/2G6KM02/99qNjz97YbPbOrbk3tHo669/IM467YixOG0qLVt3C+sSEJs+8dL1/91f/rf/V//pzxXuyJFG72uS6Pc+OPq//fwbf/W/+7Jix15/7XXx2utx3Mmam72LO72L20kzq31LSViGDw/79/c3OvL2rQ8kq3VNkn/uP0g/90WxdpK17K+sW6KUasfJZl6a3nk32eY1X4S+TDSAO18mvs8SRj7aZ4kwXklkracTJ7b2WFbPY4qh70xhC/NF4+nE6Psh9HQiLErU687VeTnul9CavgycnQRuxHQ7PPmwxmXBeGqUq7I259EoDvz3XHvh5ffeeHU+Pwv7qseflEzj8rXrpczOfL1l8AhpdGO/eaEr1/BxUnqqfq91Pr2ZXbzR/04uZ6yG3Gxvf/kzP/nundfeuPGtyXRCLzMcsvtIsDwhmfLLZxrnP9683Iub4HGAjbjVTHvkMPL4Njg5qFfm/o19fidMsi5zdVpqP5fCLIeU91jSbmYgOAZoyYo9HihJjOvYFXBEywq3pfGYHUXa+oQtToSxQYm0DxWfbEGJhoHPEHlfEUbvK4T0frnlIh/tuo6bLvi3paf1I7Yqydfeev/qlQvicaa3BzWS1TvDQv35ORtZ9BNX0h/aXtfl2Ip04+Y9c6m1JfrG/foLGcL7Y2gdiLKuVNhNmJnSrJF87t967lM/9syNN/fe+u6D2zePClpmOc2+jq1DAMS2JnTIz1mfCGM1YqPtaO4RIm1TwjsX0H5TRNkShWyYCPMrEH3+UvdHn9340tVeRpogKew2y9AvsxbAwKMAK//QI1geApvrDZ4VxBo/YlpNVDPkZ5o0zrG7y9JTPuRLDx6jp5NK75xMlG+D0qWX9c9xjYNOuyOY9AN5JcceFSSDksZfFQMLziaGEc8xoBXGfFEKiTSBWEcNM7yBYJ5Ey+Ol353TzFatjuoUb51akrPiRe4Ri6Sc1tPXgMqyiw4dT4e2S+pfJXabz2ZKBo22JmmKBxNJcaPF8mTg4Ds7Aa0Bzn2ZhK+mDQwB+JFBLEhk2OMI8odRvpjPprOFUiSrn/liNpmMR5P5VDFTc3JoIMmLtlws5kSSCr14WddLHCO2ttHsbHSVwLDVUQKLpNFooE/CSKj6qIsUHCeK2OM4W2OwRhijc8wn9si9GgQ8G2mtHpwmg9GJ3dCZ3hUWlZhBoMeFlsSCkRNyBlqKLKYz9SmMJNDIOJhOu9tNs8yOPBt003gV2gSDiDOHouAZZHcsUi8P/sc2QoN9weslQgf/zEqjqJ9YZbOyPBUss9rAfqX0Cud6rWqc1qEvbnJRmQBltxgbAWXX7bYa/9hYLEnyJ6MmV6k5ZtPpcNAfDQbj0XhBATV4OvSoMmZ1Vmos1Y7Mjd4/k9oFDGqMLGiVVgqARZ4m02fxRICSoA6Fy4qi+tgERvdvjgzXJLm2JYqs6G39F82UO/231Fslt3PS7iq1Q6CS3GHF3fKkvZrXvCkNd1ylqtwP0OTZy5dMi8GYamEJ3gaim3ZsNpZGOEEYUihiqpRXGENnMkH4R73Sggw7ClJBG/2C4Og4FnIibYbN2iU6RM0Ba+hYLvsRicE3sPO1SZpV0FYe2rmikC7fFjQYo+BzUKAdK2kSjaCRs1bIuPNxKNYYtgG1LdJVeboeHjAa20iPnWOcjdwWyEyc9kcBZhb+rTHJlK53vDoKUp2UzSCARM2RkXpJjQOZFaKFiAvcgAIbnyPKJaUonXxfqD8yOkH935zCHuVoZWg6Rb4SyeNUpA11mG6rOSwwPDYfdQ6gCmM52Nc5UJKN/CZYCCe1+E1ybCMBstQvcVyiWjRD7GYBimX1QHih94+2neEXmXUT4jhPwE+0p5NHYjk1DvdYfJpi0jdnl69cHk3G+3sH77777vPXn1e0mV0yIEwUXiwuz6iTKY1SUdtHBtT1cUAIGNHTcIGUsC7kOOmL7XZrPB33+4N79+4qladiQdiYVNo9k+6o3k20O60L58/dvHX7zde/+/wLL3W7F5995tzd56+8//6D+UI0m5tqeUzGY8UaZY2mwgUUo0cBQaIQ3UbaevmZ53OI3r17Z7zIabFTa7TpLZJ1PEFSkCbd7AhpHLSo8xFn7KTp1EP8KJ8srUL/QtaZ3EDdzmq9Tx3fkpUV683vuubwboMrNCWI6ASHInlxonDkIu7tT8av7z7cfK/RSeS1ra1mS6kTovEI7UsMNkKZTpoljKw5siMvK2OzT1RUs2SKKkoKNiebmYI2mKKLqhlgeDvZztRH5TzKx8V8hpGu5HyornO5iAogXylpwZUJZFjneq1TrKkYYTcYdnvNMEryaKk2dXEaZ9AgGI/UulBkRe0XqHlF1mohk6lgPcZovjEau0T0YfS1wd8VxKSStcqUWXWpOGxiEhLFf9v9uz8FshanPy3pmAZbDTFoYQobZ+CuQPHv3e1Nfjw6GhKkGOTJ/g60PNDiVf1B9l3Mem60lwejQsCEdqZRnDAO4jlm7ttnZQOeA4y9ohTCU80qNmKwf7B7+3aj18t6G2rDiOIjb0/GnI+e0MiKHqyGHowcAR2kTuVUwX2iFgIyHcXmztbwaGd4sP/gg5sb21vbly6olaE2wZtXzn/6S1/MF7PD+w/27z5QovPuzta55649eP/mO99+5fKLL+y8eG2jtcPiF6RcDOWrZsG3V/VRlJ/jiJQ05DGYRLsJl1LAUweiH1KCGpcn4qQU8FZ/9Ikd0hk7TRWLNPT2kn9+9Hrz+rn0198cvnlXcbhCBDYiQnjXbjvqrl27jD2K/yvFMh8n2rJEpDF85rnsj32ydXkj9or4h+880wEQd/sDXsRSc7aSyZVuk94S6KUFuiV2G6GdnZi9LoCvHzEw+d7th1/4zPUVAxt1k95PXxFK/vJg4u9zoRUlOytdgSeN+Pl/Wzz3k3J0T+QzPx9aF8VyQ0DVxP/OtZ9Wf3dHtwfzgWsJRM92n0+j4/09vPva26sLBAwWrHK5AwFuc09efw++fF5jkI/od5WPE8PGljpyzPX7N7R2XMNmxRhC1xsiTilOwK/vvv3e81/6gjhJajXi//gvffIv/snn/vN/8u6v/9Y9cdok7XrE1ubMZVy52vkP/93n/+SXL4lHSIP33pdunwRuAyOteAv0blczh86mwY6lG2Sz0g0LiZnnZ0e322esJJvO5v/4K9/46S9/5pkLq6xtbtzb/8XfeXU2X4izTpeKgXgMyUAjrE9EtlvF//av/vRf+zv/SknXdSWhylZ6uLVWLPjt13f/4/vDyz96gSUBeT4cD4fjd2/ff1fkkzjrtEEkcZqpd5VoLEqK+WQs4hlPdn9fVxI1NEaVf+GvZH/qz6xosI8N6p6sdRsSWulvhF+YffBO+1OGknj+QoRHGcEwqDJAJ+BRQLPx9ylduU7biGqdzMXKUgS6EN+4+o1Fi1xS54vxQ+GhcuF1H5aMcDnT8XGaJvvEW6VzeXwnFBWlWeOTn/+Rb3/134inIammqgaXMrdnK5G6DP45XRq9s7v9Q9eEWNfHiX3Kv730/Ce3v3yj/53D+X0dU0kW1y9//Prll3eP7r135/Wbd9+jiZLCxZ2hrmUbX2w/34vNuiPoVTvVVraRRGmpDaKuDX4ZCNt54817tSNVlynrCpaqLSeV34xn47wNETieTpvwRxaEDZXRWnnhOdDSPZJaW2/zpbEs0WMV2V9XP+Xo77pmet+14yl45+gVNQyqqZPtVyKdv9i/FQzGMWKfVU+lFCVej9Orb7z7E//WD4vHmTaWMKpKKNNOom4qnuvEn96MX+yc2ZGYN99mw9x1tpqaP3Q3xyaGbGctRHkelrR4UKlHX/z0hZc+c2E6XTy4O7x7p3/v7mDvcHLYn+GpVYBchHF26q7xVyuJIi2Ao823BK3aEIHFCeZsbTTO9RrXz7VeOtf62LaSOkWubaaFUPFxchyXAPbHZYCX7/TKleG0JR/P3v9T/+FfUX/Lnv7g/+Svqj/xuFOFTHpMLN0u2WuIwDTtGOKBTimwiLYHYMmVvhGBApg8UqDGncJ4pOSVI/ZMBD6kVEVZtrVnUpV4hCSrVia+9ziOzMJGEJTYfKdJRg/sJN4igbLqXYZG9MKifCYTkfAnS+cY4aX+OobJW8zULC6UFnI6mc3R6CSfTdAfCTobmS4oRoyWddDpPUvmmDklq5UCDzQqAGh1Op2NXm9jo9lukfFDxCpdbfmhLWjq9HMAABAASURBVDKA50eghjaXOpYQ2Zqg/Qaeu+csWehgOhDqk+sHGqp7ZQZiwSYbFFCCnYvi2X5VXKmrEkjjNGk0m/yX4nHOOLKaZstoSm1BS5MF3GZWY3MkICGd6Far+qmXvDvVSIuscrRWmcdOylDwJS12C6TCrjd2MPQiBsvrG0hI0lT3JU3J/XrMjzBAkpSz6WyKtkQj9TebTGbTOR3TVULalKsi83Qzou4CddeB6MaBotATWuHdTrRwHh1f1HzuJA1wqpbTaL7AzR7Xxj/SyRSMku1Y7HuCTy6vCRwU+bJwsHITf19KSiVJUfOMhx7ewcW4RNnuRMzRPcZiPp1ORqPpcLSYTbUdQ6HtUdQai1O1cGKtCDHmFMDBchhp4PlXbZLItiMcsobMTWKhLwAgMIgBc5LKW2Fao0l1RMYcAQwCkN6ZDbIWoaQ/FQt/iZmWMh3VtWNLsZ2R3w/THK9l5c2KgAogyxJP7HVDiLBSqde0FmuX6rYNRI9QbvqBXdkzUmHbIMIshKBy+ndBFnaI4fMFYlyldiTzFNJyFsQGalMgxkeFIRFSf1OfHxPCHyunqbRy6qgOInWv3DDomZGVYqX7yki615cl8H75ojANq//KidKTHV7nkTGoJTjahEnbFOeNVvPipYuj8fjmzVvnzp/b2NgQNIGFthsNPmwpmXqudJGoP08Svda1dFaeehZkXS+BgpUoakdGJ63haNQ/OsoaDUX5skaW0NeFLJ9fJ/0sKHbl/IXzb7319u1btz72cu/ChY0f+9Lnx+Ov33h/t9HYVG1XVJMaHilZIvpNAVKMylzRw3Pd3sefeU4tondu31QslJI35jl6OYsx3E9OHtI0loFAqWsDzIvvp2oq8cqP7TPmwu2WTgKWemMkPSaMlens4Csez2Zo4Hc4zN7PW1GRvvDCpY3NRpbNkbddKEInF7h8yMQyUnyawulT9BCG3G+CbD/GJuVPRWxjWOhAZ2hroMgyedaZFQug0wEC8lYj6kXZRDbmsao3R2ZvMpkX80WU6OOBMe0HQCxmuSAmO1Z6fplhCIOIHRXxjt+NieVoeLFTIJ1EKNmdRGuzmeIA1AaBvPxhvU1kPcnEVMkkKE4QPRGVrYvil6cSnWAXcZSzDTitbFwwMZ1NE0aG7DFlYq3pfPqSFRcyuSLX0BQ8R+2mNntq2ufTeT6d27mwHL825cMTHoVx81ZYCmnWEVh9lxpktaOLMRZSIvUHXalQ+An2S8L7ml2baqKLxfzo4V5768GV7kYBcaHnDT2kAW4rSRPOQFWgzx7bX140uhMMu+g8eo4filD2lDVb5y9fGvQPH35w4/Z77zXazVanq+A1yuLOxZ2L16+NDg73bt9Hm/qNTu/iufF4PNzd/8Zv/MaPbfz01uVzqsI4jYvJXMuWzbZQH0YXjyXJj86P4tOSAMRpMLr32u2joQg8hQhfRSV1WXx6sRf92S9uKFDcGxX9cS7Al7nAuXbEzOsPPNO42EM0a9RnDvoLafRqAP67Vn4hrAcUbdSF2de2ks88k0mnhyvXAFqTYfKFvH3klLLcBV2bEKas0Nsf4UOwMTcBL3oHG3uZmCi0wPG1tz94INcxiEoguXK8R4S6OYqgc0WcKl1uXxUnT2r03vjW6/rjds/nFSDTPG3sbqQmnpC0BIo1L2PGL39148s/dKSlbx7zWXst18i3DPba17xnkkLU+DgRpqQblmOvpfidr22L8BF46KvEYGu5BQjvUZkHt6Bq04M33hFrAVw5PXep/df+Z5+59Wdf/Js/9+6v/ub9/JFDvTx7rfMf/LvP/9SPXooeETdLefDWW+ZaCOPRxJqMaBDRZXXfraQFHLYQTlJh6rIX52dH8Ig71LrUH09/9itfb6RJu5llqZJ5ujNYSuo7nS9Gk9njMDehJK/KvniEVGZMqg/WntlPvHRdiPd+5v/yl/7a3/uV3/q9t4KvWH7HZPg4398k7O1PGg8G3QqejJuK18WeLow1Atrg1clDGtvb0V/5X8LGVvzCi+L4VFp2weqTJ+h9kLhLH5/e/IqxFwk8nVhKaqxGfP8iwiAiCH2WSM/TCXslMZ5OrPWx0BYqvqcT6/xWvxX4U7FfdPmOClOVYcvV048nu/7gSQi2eh7UVAfPY+J8mz4zhfb1nUVUffvKs9fv3nz/wZ2b4slOl555TjW1nCvF9vFeWk7BvgVvjN5+CCf3ceKXiSF9YeMLg/nureGro8WhYI87Qmz3LuxsXPzYtU+/8vZXH+7dp525kjTD5XTr5cb5rbgZ8I0QJRRSRzhSH7RBLGmDJcqunbJ4/7v3ViLtU6Hz8KV2PDvQtlbaBwkbjEhnW8OgyvwiIx1jXyK0R29tiaJ/qby1CMEzDSjVYk8n2t8J1RxFkcEDZuOp3a1opyuSTo/arxseVeNT+5VIW7GAtWgpGZ3U9nylCKiewfGZjm+98vbj3pd9biv5V7fnJT7lJ66mf/ziWYbJs0l15zuvvSsck2k2A+436CwEF8eNg2ErZejjBEoeRMKcRiN55vnNa9c3bX6/Pz08mh4NZkf92dFwdjiYjWb5eJZPFnKiGA7aL7HGSRDsSbY4ofg7GUZLj7JMyVCjTivZ7GTb3XS7nZ3rpOc72U478dlp09xKC4XThvr5S5J/hrZMYgHc4HkWXP5wfs/v+2u5fnrATyzYmKEAB0orKy1BJ7o6ozjjKNKMKA65045z1ezggXXwKCRFq5PUSkpNk055cPF7IMmKfUnpKZssGJMLHUdG3aYZKkpQV0KHCBXaZ9GtDI0Uql+0wO8Dg2OXzdbRWhWgxw4MtbCYjCcqzcbT6XhKTk3kfLrQXkakv2AdbmMrDozBQ4EwFH3vbGx0NzY2t7aa7TaTGP4IOvnIyyszIos36jHFt0FZOw6AvljkUkqPsTQk7DgKYiBUv2U0A3qw0ehkMedPKsk3BtPJ0BOLGvB2p8NWGv5wSW0ZI0ne7wyDyHimyI3bc33Y28NTtpHsSJFuLVlitzTe+XA7U16XZbVblgwITcqRy7aC6Cgi7+eorsA4RlnG3k3sOChp8xRNTGaj4RAvlD4CTVB4cklqLYmdkiUgsj0DK0Cz0gkhLXA89WjXX6FLUNbqPkrLdpWYWPGYklzFz0L9wULh3invtwpyaEWAWrBDNDyojG4z2E28LIb7h8Ojw7nSNKGPjIVSZ8UcEAeM1QhGAxAW6oRH+m14HXwakVWisesiK5OIQhZEIgq3iJ6Ahrlfv0O6NofspBWR6VXPFnK+qJHs+YReo84Blc+0mk1pZErBkmGszT9ZqlqfGBEWyIAqm/bb18yalMYDDS1hHARELouckSrFaCPvJhRAh41PSIPIfB9vUvyPg/H2YRGUpxyPtNmJ1/wTac9L24RjlsYJOIcPC/08oUYnUpQtKo4f3bpKdDLAJSm4hlowCmg63e6VZ648fLj7zjvvvvzyx9rttqI0rIcOKvHYHaDgO/P5XG2/2O6EHHp5k8WE5HQMolWOE4lWlafNtCma7Vl7YzYbDIb7+3utVnMr3WbPEbo/wjmqR5U/0cvNDfxvf+/hgwe3X3jh46NR9ML1K+++fTOfjyFDF3PzGWj3ZFGDOWOFs1LqyIVWt7jyrJwXb95+fyZk2mkL1KHOMKKwwWDsmIgwDdD2PpZCyu8Bmvn4Evjn5x4BSLxEEFn6Al8FSwVOaHCqaY6rC8hNaCEaaR63B3N4dzxM3/+g12wncbLZbKDNZRqjrpDZXcWJLtA+ST2VKdYzQw6VXIQQfWN2UbUpJmdhTLFSJWiLgbT8xWxRLOQU1BYsSjpRtICmUAROMboztcufHqG/RIXRY/IoUWCUKDIFkEjDEWcUaquPnCJzcTFzdmyoSTBK3heLgllZ1S6k1GnCIi05lLPJuJjNkZ1FD2eFUGgh1TEpoxx5AQxKwby08Z4N2r9fPp9OZaRk9OREEclSkWTNWMaqGUJTJzAihGXnhJ5+vpPJvLT+hyO+LEhq2lBbqThSG7OJktxMxhSpJnLbAfZzQO6V2IAfyMCI91x8ZsijBGQrN1eqkGmSyThLIsJRbEwKXmucnJ35CfJLoqaf2UO0TGboFDAfj++/d6O7td3e3OSDKYJPGBR02oCXLQcmlJEWNVltW6FFqFpzjzZM8ySOUPyZZK1OZ2P73MGD+/29vdvvvv/CJz+JGBVgJhaXX3phOhy/841vTweTztZWb2dDvf4wivc+uPPWN36/d2GzdU7Jvwo+7MBcjNn5Mh72gYafr3Z6XCJwzNc+Nrb+aU1rrURY5W/i+DScz97dP3phq2fOnvLSMRIvjY21Sl6Sud75TnS+G/uWIsLpscQPXM0AbUTqPyfd8ffSu0GZajbY83mmidbHjzMdoObeODgaTuc8EqwhMLYoYEWd/Akr+jDd9OijYbeWODsRR/3x6+/e/uSLpzHveDLTq9/47tH+UXVeLCB4t6UE4W7PE5BVCvf7sLcnts8Fn/mwflf5OFnm76TahVLO4b7ojzzRPOYZIBLBLtBcMLgKbbUdFhPhspfmjfHB4e1XXr/62U+KU6VnLrT+D3/l07t/4WM//xt3f+E37ty6NRQnTM1W8ke/dPG/9+OXv/iJLXEWaffVN+ZHZDxhtg++RxNO0gyrNX1zow9WQ+cGLDCBovt2Pr0w3rvf2hGPIU3ni+njsixZmq7lR51ifoZsWu2CzQ93481z67z+iZeuv/72e3/5T/3A//rf/4mf//Xv/NJvvvbBzd36DxkBlvmUS7tv9BV/07nUECdP57a3//IP/3BybvvYkuM7pwg1tWxbWZ9/Tvavjt+63XxJBl5JDG11vsFK2yIQnp2lfWrprzCeSMpWO9LUCUvqBJ+egpGGBW9ZHsLoV/yWi2fje1swEZoKGE5Ws38SPAsUH1tCZYDcrUWC3tOWhPPz+GFW9ov7qc//yMHD+09ykJ00zT79hR+t5u9MoSFPs0pPtFleHIwPvnt389OX5Al9nHgJn3TTcx/f+sP3x+/cHr4uNAFDNU2vvf1jn/0ppcgaTWa99rXr6WYGsf0Ak8s0yhpJW/0aADhBG6BS5u3fv320XyFPK4ekdLbFENMV78gkzhvxZFq02NiDF4/QFiS+QJaJtT1BaBgDJ0vRnkgsZ8vco/VuIr0IO9riRHiKJ/NdvR/3DCvB+65bMNLaW9v6taeT2f4NOR2YNp+BeKc6aOr/h3v7v/uN1770xU+Jx5Z6CfyF642ffX8+Myq9Z3vxY7I4Uen3v/32wcHAsnycakgUZYQFTrC6Hz7cu3AB6ak02M+/hvBXf8kaGgmx0WtsbDRq2iHCVkDQVlnCw3UlZamz5saQHb+1no8TatsH798RYaooLq31CZjVY+v3NeB2OfCpGvfucDRptU7DFTzJqT+YGPINtUAEIKp7gbr7Y/JNJcBmbE4Xbvw9WKU7nWPN0Hra+DiRWlRlJmNtldTTngINotVomrHzdTGCBpBNdtQ1Hm8kCw8+SZhpUhg/AAAQAElEQVQZZxusN811VIhS4lA8fKzQMWBCKwJZVcgU0oU6iKMY/RLMc2YtF/OZYpCmk+lkOCaLhPl8OifvBXhC3og5+IxaYXonUVLHoeBjJbRUJDxt97rNVqvVabfa7WazqUui6/2F5ho1iQRWeWJ1KAKXdPQeFaIUoD7XAyK9wTRKX/DsTswIsPLYA+FIC/+NLYhkZpWteTgCDmmdlTxSyfBT1eCGam6rqUZc/Yv2UiSv0XpZKXLje4YdBpjK2dmJthZyH8fwEyD4YKqFBz6FihmxniOy5fJ6ISkiiXZOAHpqhUOrLFsurHkHNpABi+cdIQBPdGNX0NwkRXMTp6lhByfT6RiPAw4n4/FilrMPGzuqSsjLviD0F5lz8CCuBHy+pMs4VBNG5uXSqmUf1ugkuODYJPEUJjiG3+RCZcHr6ZPkmI1u5vxnZr1C+fOafSysvZBx6ixZUJ+TJ4w5hmGaKtWVUnZMRujXROGN6XiiKlSq2phMzbgyYCoRlV2DYM2RjszCGiRBZiJsuITfwpWItipRzM+A+QSNJz0w0BYnxlJE99B02tiOkFpDSLfhdChQB+vRHowi10i72MPh85l5w5qYr/hjXaJuRByPM8IAO2OOIgQN4MGTUUjkpR1UPYGSzYNRlUTx0cg7lEKpatbU7Km/fMEuo1BZWFC0E6l3Sxo0SAlIxjt6/ITxzKNHgV3CMCmg8yp+f9nehcfV5PkW33LphgKqMofTppqhrp6Ok+usy3VS/B/9hT+2TrmzYXrWq0NaEY2DKyaMPvCsg5dgBdOWJEm311MgtftwV133el200FxuBOqUi1TGGSNbFnWtKYFlo+Dvs1kGTNgmYto8IxNL9a1mo4HsVGQDPAAYPwqMU9TSUayWIp7T6WQ8GmQN9V+r19tQ6E5xREpGwziEDIQJY0Upac0RaSpuN4W4QWk8mSjqqlTpURJJtm6LDO9CaldpD/5DZNtS7kzdyK+GpZPx2WcBlWeYVjfHxw5rLygjFFoOXZrm2cLBu1DCccclrdQ2y03qhYcBaxVwRCKOFUs7mUzlYt5rNHutZqYYT456kuPpn4LZSlLNk6VGHBmyxGJcJoja9RepOiJCtwo1R5r4aud0CskTUVXfROtPsidH5ho7idagZEMdaWeHmrEGYaPZiYhtXHgE7J5Bemucn2sKyisad4Fk0ig0g6oNSInug+Z0OTAkS4ALSxUERwpFSxTj3y9mhgCJAxEbK/KC4/evZ4NyP8Kktz20weLYmQlxSGgYh/OZk2mO5uvtoVKhddSRh0009+OGTVN5LMsO0DCuERqdCJCWG3CWJ3b3LvVPDQupz8BBPsc93sa5nazZyHm/x14xCet7vKBhFcE0hvPZQUuk/d3xjXo5pYhpw+FgSjbyva3tZrut4F7tV7e2d5S84Wh3/3B3dzadNVrNRhOPHY/7w/3bt7vnti9evhyR0bQJF615zxUcsR4AL0uUy5QzqhgGSjTXZv4BSNtkjtsfjY4tWTdIa7xj0t5k9qlzW5E7eSmEO98W+BEBCH6F8HMEgOdjnPlpEXAs1Xd9maf3LgRbZRnaggDYFWoNBYwsHsv/8ts3JqgJrgEv/Q/zdt4x0qCUAW79SJp/7T+mcfd2j374B1743oBGhcH+/n/29waeh5jKAuZba7gjap9DUFgIX36s7+X7d6If+8G5jyN8wbc87a/wajguld4Wdb/rJSn+yf9v+6jfkDL2eU+wBEJL3cHVTpcAJY4VzIvCozqcqcn10d17L/yhH34UeGs34i98fPPP/eS1n/jypWevtqMMxjM5Hi01m2i20pdf6v2JH7/8l/8HL/5v/sef/GNfPH/lfFOcRVIk881/+DOLISoXwQKKGaCA7oIABysWjnwuJiiv/yzEgdhYTN5vXxSPMG5PTlJ9+CPzd1t8iuUROnTcqxBffDbeWjcs0fmdLfX3wa1bz13o/PEvPv8//NNf3t7pzguJ7uQm83VqyGdF//a4f3s0H+dJM04a8bGvKPH4F6+/8Fe+9KN/7jOfPt9ey5vU4K3Xx++8Kfz1aIHJ/YZ53tMKqXAF/PwLs91vtj/rZDFEbgyikZa6GdsRTlqXzATIPuXNj6VuoE2vvI/CqjohqNOhO3ASZ/2WXXmG+tun8s9m3+hFM+GtSx9H6QqNbtEOI4RNdGs8IAm2B3ixkcOtRl5iJZM0feETn1Hs6N6De9Vw7B9tUgz/J37whz7/Y39EXZQeqZn79GGUHWN0so645vg0vdff/tHneWvnVV31L1KBYI8IcplOun2++bzi8yf5YCHnJDvGMVfi5Iu9a881nonNSUcun0RpL9vKknYM7C8B1m+D+XZAxlX6Z3/7vx32J27pCEzVkdLC1SBL1hSiBHW5KSyGC46wA+Bt0sFurOzOCiJL0SNTnjfmWJ425vzLT9myhLVWYRk68k4bKP4tfddWrCVa5OIVInBPzaF5U6epGWD06r+S87FYNgTlEZIrSwZPS5Tzxq17P/XHfzR6nPT0fCP60vnkXCs614x+8mr2k5cel8WJkpX8P/7Lf9YfjAxFcNxYgGb1FXhZJ+v+9evPXL58wb0c/jKel/X+RUT1Lek7vllyHdRW+RUG8QY0b2ltGgLdWqX6X3v17de++w5YwZcwSikDx0ZGIXiBaGiPNIkgqGd4Zj7PF2hoNu4Ln7q22WtFj+pV7wlKi0V+b7f/yht36c5uBMrJgZ/PDFfLQj0kbvQ66re/ucle9y3ltxYUstAOOVQLKKROxg5Ooijytxh2Rura9tGkD02TDaEzaQ+uWVwn2WRnrvSCdBhdsu1OmqL2otlkixMhrDK1LH43AhC6tSeNpV4qfOmNdcTSa9YdLuaL2UTpV2aT4XjQ7w8O+4ODo9FgNBlN5hNsT7Eo6H32OWDmFIxilhdcJNJG2up2elsbW+d2ts+d621uYEiXRobB3OlIpGAqZOQlbKIh2bXJouBz+NT7OUf20UYhUgaDZVLdIMfacNNnIYUW5mggJS8qnOh4Hkb6bjQbnW53Y3t7a3u7u9Frtlpq1NXgM24qKN6E9r9C1io4Jmwjo92lFHZeKimypNgG6PF7QLNfRNrnk8ktaqx5+SErASwXEWmSzS9rLYVafa02pjRrpGRxEpM2TY3qHI1NJgf7+3v3Hxzs7Y2HIzRAmUzRwqlgVgJRqppxYLfwjDqlGU97IZzQwTXbaBnsfJQnqDo8S3gHH2uIjxpLPGri9bcirYmFpEfEl5bxtkdQed+2h3GCs2vA9chn9/WyQZhHl/9kwLBYKLAZDfv7u0d7e/293eHhwWTQn40naskqPK/QfaShz8I5msqhxWGUCM5BXyakl0owVECsCIR6K1UX6hajWUWJ/kN/PApg8V1CFly1Zqki8PgBDRsGQDSfz1GzyC6M16RmnlkDzXaQMRnJ0A3rfxlR8tbYIJy4DueAx984jGuHVYgyZoJjZ18wJraXdu6q9NgzXgHvX8n4ldw1kVnJYj5Fx0XqbzqdK8w+HqtrNYkS8exCoVxJUXSEJgMc7szVD9pFig82elkGi9uQMbEqsRZMBvUEF/o60iRs9VhVYFp7VYFSbUtasqxMCenUf6s2PYmeTio6NHGGCUh5rb2uSXn16tW9h3v37t47f/5caGUcMD1s/GFhRdHRhA6/a0GU5STMJ07EmcmauQOWeqmF3mo1J5Nxo5HO58mgf4QMVauF7iVIQWN3JlJo3aoigLP5otfpXDh/7s233rx3+9YzzzSUVOIHP/+xw8OvHw3346SrWJq8QP8li1kDYBGlImadOjpMg4aQlzY2PnX9+qxYPBj2MWAg5NQkcj8AvNrITYCMvRUtn3ZK9ziSPM6X3amTrVWGOdLIlrTgdB1INEjIgyZ2GxuBYdpRoAPxrBB5o30Yx2/2h1t37zSz5Pr2di/LFIxM5tjVBH0FCqZfQLypWmvjyXg6mxYc9gwSiDXTF7NNJXH0kUT/k2imgYeSFhylE71RkMewuN0QRRcZWLV8x2NiftmP7gJLqS8lHGCCbBHzBW05QIucGdlHwopNeXmqciLXcjqkrWmsOH5FYxT5UAwD8pRCW5wgcCcpkf+4KBbo/5j5VxHl6HBFe/cgw3YkYzNJNvS5ahk1v5GRdQy7SCnM/HyPLhaoI2HEWPGoKIaru7Ol5mQ2n+DphOmCTXSFdl1ueAdintDXNKK2WBS20ojZOmOnAnTcYZ4sMmDrpLpGSS/agjBG0nZjQ5sH/JBCgGq+H773/vmrl89vdOYFysUUL1VoEz0nJsKdE1sKoIEUwqmR5tC3GB2T4ewCHVAleRR1NnqbO+fn4/H4cHDvxs2NzU21FhRM5UJ2L5z73I//oa/+8q+MDvqH9x5unD/X7Kj9T3r04OC9b3/32rPPbl++KBMyd2Jv0uipEhGydiBX6e73UfFHl0CshXN12h9Pvnbv4Q8rkSi4ozYae3s+TgD8+AhGK6bZR/drbUfCTaizTRHaMNyyKFqSCfZcXYl10ayI83Fi10/Jx4mq4eu37h+OJo7/ITSpi7LiQ5j9JK11owix/Q0MXHSvRejsxHz9/oPDX/3dV3/ixz4tnv70yz/3S/du3XP3IKzjG7ESnsDx/mYGV6ZcxrfuJW+9U3zspdiJsB/777F+TWp8nFT7Xr3+4H24+yCVxvG+7aau1DjnqGBDx5StQJSlR/0791//xV/95L/zE+KR04tX2urvL/zkNXU9nuZvfjB4cDDbO5rtD+aNNDq/mV3Yajx/uXVp52xMTKrpg1/5tdG9+0I47Qgm6a9NU9Qc4Qff2YkQniY+GCd7+ASMiGFjMXp5cOvN3jXx9KcfWNzdEVN9cyY0lsfWW+q8DPL9e+n1k2E2CrWD6fW33/vyJ8+rP3X9wnPPvn93/97e4Ma9/TsPjm4/7O8fDvuj6Wg0HY9n08m82cparazTznqd1rnN9pULG1fPb1w83xtn8rUHd9Wk3x0NZ+SWXPHGn7p4UV18bGfnxc3Ny922OGGaP7AornbswkwHl0tfMeMW4I1nit0v9n/n670fA+dlRFNVUeeVxNE1vRgMj+h8j/meTkIcu7ROS521M+2QblqK7NN621pXz4/Eb1yN+9UhqI6FhxilEJ560itbesvH0ip1i+j6JHmnVWMDd+2Fl688+8L+7oPDh/f3dh8c7T/UQUY/9KS45c2dC9vnL2ydu7C1cwFDo9alZwfQyVcuzrPTnM3uHj34ylsXfvJlVzf+rOvjxEIxP02i7Er7E5fbH78/fufe6K25HFsrYVte5TTjdpa0lFTHvgth/avbIEPOwd791i985+GtQ1Fppa7zzMYM62zE81466OcbehXoaDWRW87gMw+RZhI8Fw3Si8Xjlm/k5Uf219VPOcaejD8j2NOJv1KsvY72pOKGwEbwMXbeSgo4vvG1YrinX101UGuNYN3rLuuDm3f+8c//8p//7/+UeJypGYsf2o6Pc5n5qOkX/uVv377z0GJvTrXrHHM5kAAAEABJREFUNrQ4OXG6c+f+5z73aeFNowic17hJBo/yMDckgsmnfA05mlBIA6timX0JON7Kl9qBx2UJv06vVcLjVkEEdd6+dX9ph8EfqZLlhM0Bk6P1pHzhKWlAcQ7PP7OWx7WnJanB3N0fWM5Bav/DdBOW1HjT3qwDem54QQi3lfZYasbE2npAEEWLOQqMNn1DKaVT1z0e0fGTnHzliy+LsHYn+pa8bqBXD9RZSB5DbbVjDHfs6yFjFnwt+K40y9SucP6ijHRhnDZ0bTJTqsnJdDIi1yYTpUaZqbwi16XIMEMfBAILX1o5S6Yo5JhANSptpL2t3sbWVrvTVl3Ii4XqhCQptuC48yDIbonEoVIf3Szm2v5Dm3Sgb/GcAzlVB9PaN/iaCK+ccw+gh8hEisQaF2wvMrMuvQX5OMmajU6v2+312LUJvowewLUdCYk90fyF/a/4lkP8a1OFyRdGAW9uA2rIe3rprgotFDaOFoLukwVqTSq0FgA4rAmQs5mMYgNlWUMYaEF7puns6PBw0O+rWUa7HpzinAMMGUW+li/YWXZyr8pA09gWpSxPIsdTLIPX106w5LqUZB1vUdJP1ZcRH2LSsy6tmF7n24YBrMlKrZmkWaGuAZztl7Ffp9WpA2LQktaSDoUa8KhyrqBleHQ46vdnZLWgYIb9RCdpaiwxdFxIZEdpoQttXpVwZyl6jraEjhIkEGiegsYlkWVNyFaMMaLPHPGy0swD88/+EmOjtYiYZOthiJxt0NaAeGMyKNF2pmwNQ2G8zGY2AFHzGc1LlP33W9ziEtRc8cg6W5PqW7YUlO5dTYZEB9ssvX3QbxVCx8YtBPtiylEHjk6rFujUBO328gVFAMvxV2n6mCCgmxOgAIoyYN/YoiyAE42QwEdhHlETdSmkVva3Cn6FLQx6qt0ryz9RXSnassiUl8tX0/JVBmtl1aYnNLwOJwt7TO2CAYDTs2Pa5RriAtjY2PiBz37mtVdff/W7r33mBz7dbreZvpasTIQhRYZ9kJPJBCkuBdWL3OZWOhaBu7DeTl26hcfcJltUYSVJkrZarclkqqjg4eHR/t7DXq+TJDvkfYEaSapcDX0EkCnaycqLF883svSV77zW7W5ubV08f6794kvnv/b177Y76XCo2Ih2q93K54s4LUjVCjFrS4tFGidKn3pha/vl56+P337j5v277e3NpAV07L+Ik5SU+ikuOTSFVeyGdjsRxY4j9DqzND3CHD41qQRCfFFFEGvCSTVJy8wJu2E0rHbkGyEeM9QsGwWj5mSvU0Kyr70ctA9clEIUUTQQxc3ZWNy8k8molzZbvTRSYBgrCpojh46hbak+ckSRpHFTNlU1ikPPZ8iDJoDkExByZWSMQTBf8Fki0tkjxs9ni0UMMYbwSVPR6ar6lEx0HsFsMprli0Ikiv5HcYIB9PJIx8tB8+8ZmkLncZw2IzwGh7F/gGVLoD0qMvnM9UDF7AAzaWTdeDOJU3F0tCALeiWYJ1lxkbVUUzNF94XI1CipQeBAfTH6Ayws86FqVHuCeSHIfquIyJ69Cb04S81+BsN3CrIfINLBvIuv+XHwIh5DWk3/zixBKN/QP4XCWmr81Xw2N3o99FomJ0eDxXSKLk84Kg65HY1QnErsA5jjlY6v0l6amMcq1A5Mor3IbDaGWCaxmh3EisJu9zTjyrJCpCJ5XtitDz+ilaIgG9IYMEhOFL/x1a/N59Pzzz9DForxfDzHtqRs2KtPqBSq/VGBgu8cTaPIFxBv7cgQxbiuQIsUidvCLE2effEFlXXrrTdvvf6OAu6Pf/FzCAcJ2q90z29f++TH3/vWK/v3dhvNzua5rcvPX5tPR/feeeff/MK//Ik//afaF8+rBmBUnzxXK2gxmyMqLnLgiFHeqHvbyygYPC8x3QhmbFnEpz/ACUohMJdj6VAddbJN0dfvPLzabV/tdoTTbHlqeCvpDuxO+BN+fkkrVnq6+l1Xg9dX46vcaM5cSaur8PLf3z/65u0H3giI8iCYl9wmQ3r3doGzPQoYd5VaUgs6lgCLXUmM96u//er1q+defO6SeJrTa9989Ss/96+E8K2FqsDjMqG03ZLlYmA5Zxk8593TvEj+xs9c+D/9z3fbHWcvYGdm2bWszN5JrnkWpTAgbX6F/Y4PAdU9XO31ZCj+/j99JhJk5QpBC4XwdAleSyoX0u5TtcxIeO3QxRjgML3+S7927mPXL7z8oji71GrEn/vYpvgQ095rb9z8yq/qvYJZUsLOGs2MtRUD529JiHB8ykNdMRKwG/RPDG/uZr29xofazTNPV4rDL+R3xRml1RQif/Pr8tNfhsZprI6s9YkgAxT1e6Gr/rbFS8dHwPHTv/NH/7A4u5SPx4PXvlPOtevvNLyuXCb5+OnR795oXHuQPkOlNGIwXBlYqbrNZ02A8J4Kg6bA7IzMWyzGKqygS2pT6VKdVF7voixZNbRSh4C037J8o9ads0vzq3D3p7K3fFtLgyc9zy2MncKRWGs0gzWv08uTZC8pDtIajyaKyz1/6Yr6e0k86WlnKq4PV8rtpTjbtPuV11svbHdeOg+GlEgHPwaK3LcDcurZNzhyqXIutl682HqpP3/wYPzu/uQWvxxHSRo1GnFLqyTDr3j9q20DWELsm3va35tv3PvtX/i2eNQk18xTaTvtT4vGXDbJnB935zK0I4k0/8kWIVHor0UKoWX3wniyBGsRQk7OhYmtoyPsUM1aWOc8C1qLk8iMp4i0BNsbH8/cgL8SaSsWmB/cmb3/tbU6vPSpN3fhFqN2m/6z//SXP/3xFz/76Sd/La5K3/rOO//8X/6WoPHVyNRjO/1/KxYn9Wi/PKze/e/+7u//kT/yJSXwdLskIfwdUzlHBCxNwN4YcFj91qraRJlZdXWW3zJ7rkprh6PxK998PRwAewnVbN+URJRHTl84Pg/01S//9pufefHy5uaJDUyf2KQE6V/7NqJT0+3SJKxK5Z2XCPayQu+3nOiLtHpg4BdIR07iLdISqHnE4+tZxiddGZmU5XKyZOgkxGkFxWGtUtYZKBwrhZZyKaZaUXL9eqz8qjBqFOk0o5jY8YV1vYE5NHp8YDiKnENrp8kz/ZI1UjIt3qGvgA6yLYAVKqwGUnRkTvYTXNVsMp+Mx2h0Mp5Mx0qkjfEyyNUyO0GRVhpPphOFNEeGlMwTCZoSZydK/Zw12s2smV27/jyw3DNGobLqAZ2l9Ih54RrPemn07EIxH3JycOKZ/wJ3R3oCfzcI3lBbMJPaswE9lRq0FosFjQe7JMmnU9XBmWL/0ixljwuNZra5vd1oogv9ONIBjKwRDFeZkw+W3FicBBPKiZRrzAyjn4bIORuj03zORY2BAddUUlPpHjnFOVOPwJuvsF/0YQ+0Xh/tlBTwWD9DWdZAhVqez9XEjkbDwUD9ziYYZUMloVuNFcSR8w1j988RRKUP6Xjr3shLtqXwElUoK2Lb8pTxS9VVAwFeL5PFciWV/BJ4LHvlWMQojlvvaxZzKGi10PUkONCKdWQtN6VyosLthkjXY3qsJ4u94pHKRivpSQ1AAnR0hIOmSGTBsBgPhoPDg9lkog8/LxaqHPogMUmDjF6GMcMPWZfFWg9BwSe4MWDCb6ka0kam+SRrikpN50VO/xYMnQ53APO3wh9ShmLCGW4QIYr9WDmUYxQHlCyNdNsOetsYfYEeZi+GgHBSonWTlLKW3RVm816uD3JhkIZe1MIieyDLEnaIlQu9R8BIZRThC7EU4s/ZLJ+hrQkiPZlj6BztjYmMzSm8mPBXGejOU9iCcIXwkGg/EELPjzA1mGWNu5hChnYxdl7MxGJ/imVATjapXE76X/c+UXqhtJ23rtRk+LtspqTpnSxl15YVon4K/fQkhtcpKuUZsE5V2fK2mAoVPY2T+Pat21mWdbudKuNS/WUAY0bH3NmwsLrcss+u3XBN0lggxf6OKKie0qUr5bjSf2cs7YrIbxijMeE+Tl5PonQ0Gimq2e20my3kb6fTcX8wUKRWKcSFVIxEmwVlaCcg9LaP9eFKTZ5kSv5UTKeTHE3ACmtbg2EsWBZAWIJj/eiF7wM0QA0b7Y18LVCtflozSE9SegzN4ZGsQQoeN2LOBEEd5pFL6gySAVth+yC96WS4isgkE9CoJEbXN8j0DidNGW12emkao+Zf8c1UNi9yV6lxZssuvFTNZI6e4B5BsDM6abEVsN8uTSSI0STiAbRO8UBArD4ECzTElnNicnWLyR2ZpopkEk4RJHN6EmtfouSaiLkKjUOJiEjt0yWiUD6aRxDaX0shtIGnIPdCbPjJF0SCNKTzGiKTeC3HJh8Y3ANeHxhZJpKGtQlMUAO4OQn8nzzVLskz/UDpX/6ozTI7KIygqZBYWpAvSnbwRmx6pF2PSGN/rCk9vU8jblExuEMqRPFpuGm67QdBmqXBr+hFI0UJTYP+kAV49Vs0u+1ebwMbg4Q+1tPsUSUDV2B6p7c9VvhAO0/yIEVUDaOb4b4xf/DuB1GSiBi2zp9TG1c1DqqdauujtjfD/X1msNrt1ta5c4cPd4cHR7M8P3/p4kI1H42e0f4PGxLXb6hWX4dTsiJjCdl9rMDzxCQOrzOcToMRXtl3qFvFa6b3j4afOL+VgvHO5EtfQx8n1Y/K6gls8y7U2ZpY/G/FWTXbOrtYAAxyLukq9Ef46/3Z/BfffN+KAPx1BT5G8C3FNfLVqxT0h3QuCPApnP6UdLJCxiVvvn/v8598TnFD4ulMBw/3/87/8W/lcz5f7q9YHwJEJdvLWH5fd40jnUD++2+kP/75WRRVVE/r/Yp1r51LfzAgtPz32Ma7JHP42//V+flMyR/1sQzwMJO9ZVQMPv0B7ynl+RtK/a55YHthHz947a1nf/gHFf8tns402T/4zt/9eyQN0Tl2v6I7q0+96nULNldo3sqOs13ZAOVB1MRUDzX+e2F2eLN1MX9qDRvbcv4n5m/FVc75ZGh+aSpB++++8daVTKTPf0o8WuLIO6f7E2ea7v2Ln//dr/6W0l95ZIeShSX3a5IrAsG/olKi8uDlyXu/3/50DqkQWrQtrQcR92HmRYVY8pTfYgJp99Ral29ok86p1gnCMJkWZpjtd9pE4Q9BWGcLxn+p+TsJmvsLTxUIZkGVBwXMErZjC/7oegszGKwylYGL8/h2usifWvvjRi4+vx9HxyxLKc42STF44+HWF5+FLPZJJYhl+MLASeWZ44DotxG3txrPnGs9H0OymV1oopPazOzUa2oQlRqg5itQKqNujvZG/+Q/+9XZdGFqKL1Y1pbImquTJxBNmIyKriYh+BOZfZ0nUKJ88PIt/WZv9gzvgZiORVImwg7+wz9RTf1cyMsM63dshKWCQgcpURux6XDynX+BZyJrxmL1bU2q8uEhAnHpG99+84/+4S80mw3xdKa9/aO//n//2fl84eF8g8d0kTKW8pa0/0j4uA5E/cpXH9o/OPzsZz8pvI9p1Ou5brcAABAASURBVO79ChniSf+TJQod/sJyHyf1tXm/1dqCroZRdWw9/+Qf/oubH9zjAhZE9flklxEZaLUXRpQHmkrY+FB6DUZGxkHZo8kiy6LrV7ddNPmnOc1m869+64M33nkQ8ltLiYW34sUSANQMsw96SgDVIz9wB72eLau3xsC6SMV+Q4qa7pT9c4DFPGbz5G1mys1b2tyTJPO506Q1FcyPWo8MTvDaWC1K6sxBZFiPa81NHP6nrllVa70e3RELXg68WiLtpJhUfihDXmCAldl0NhtPVBoPJ6P+YDwYT0fj8XA8HU/xoHxBYXCsTAW0Areg8+4YXp6VxwmkrbTTa3c3u93Njc2djY3tTSW4oOWoRYgs6TYQ5ZmwaF1xMZ+ihxXVHjQ6wf8LCy9+pwxhswyjbhuxoMLmmIBBKHnlOD0UBKfQ1/mCz10nSmrZaLQ67Xa3293odXrdVqtF3hciaaPvLHKcFdQT6Xg6RkmsbXBIPBvYAOnIIV5UKfKqELg6kdIYhVsiKJkccDiQwprRmI5zPzX6MsAgGAcSrET03UQpw1SnMgzFpJRpaD2japuOJ8NBf393b/f+g8HREeqkaSg0FjA6NjPJurlQxdoyADMvFSWDj7piusVu4CrQq8fBR05+JW6oatZXddFVWyJrhYmPP50VYqlNPg0N8nmtOUZLGqZL0gG4QhqdDeq+BJmbEHbI1TpUeGDQHx4cHu0+7O/uDw/Ru4nC73imk+AMo+HEiQ58g17z2Xc+RqtBfKMKxBQ0B3VbaaTIAcXQiTF+DoXUSeg2JZOUqMQDRB6nCt5sg8EG+hq8dzRScFosWg5kfeUaGbkwlxY2wE9mFKsUpATJYlWql2Z7T0PVhq7Ow+GRbYcwFn+IGHRJDEGg/haIn9BQbzafThfTyXyqLsYzhUVH7PF1pJ6iWyc6Ak2KJwFOTg2RhhwodQfA29jbAZb6whN0VbZfpb0TIWDP4kR3PBzaMuXSFydbLrD8VlYulr93sq/UpCfO6KSwJUPO+wx5Lxn6HFM0stvpHqp0cNjpdlTy15dzLOYGASeGmUhtv8YVRoYecfl6BAprNJwPYej9AXCQWvqEQkJTYjvUdbPRUiTUbpZKJMhsHRB9HRzsT6fjTre10etmjfTWzZv5QvR62/MJdU6RW1V5IU0FaFpQsANSJeqI6Jx+kU+mU5AsX0PjO91PqRGYo+7eEIkQbbnu+cum2vmVT2uG80lKazandliE8E0FXR69IOvQAUg/XqCWqwg/R5QyDD6u5PhsR2T5Kz2fDBjSmlWyVTd+fTaewUL2ms3t7c0ki/L5NCKkr40uJDPjHDaR4sBZk2di8dFQmiwGpRbrAnmrRXNwOuyOmHuB4IdmG5HkkJ2p+lXQqjjb2Rz991l5Fe2fI7K9RtkfYXLyYJlw2CxtHcVft5bCmhUWvFNA2quIsCLzkiPkoLkA24Wy87GYjbsj+o4eTe6y4M2KrhO0Hbnmi4m0x+RShebMCctqoMMCiTht0qtTGmdoHhMvzgqZL/22/y9Dj7XKBqvAY2s5nM04Vju3xXSu9jha2lE4cZ9Gok7ybrwv2K9FWi5jKTexTwQAxoRcgL/JtPsgH6VrQNel6aOKHVnMZ5vnzqWJkvMq4UA6V0pOCK2ABYsrpcfc6fbY3aPVGbC4QbUzFvFg70BtaaIsbvV6CpMzo7OxtaX4v4O93dHRodrttHvdtJmpqgb7B+PhQCbJxWeuyFikjYYs9Ik9EcbngyU7marjO7Ow7Z+sR9THsJXfs2kzxgEZzWayKEJM+Vi6r5jeN3aPzneavSzlTbUQtR5KhGEPrJ7MXgsrsRKGlMjg5If+ra3Hb0zwluQQGlrfZk0EvK/D7aPBL75xg6Mw+Lvg47sNolzaSlh1jjkHbLfxwrhQoJz5fP77r71/5aKiPx3xtKV3X3vn7/wnf2syGh9bEio3taNcy0/5FzS6ShwGk1n0zdfiH/7kLM38WAwn+7X11l4v6YcDv8rvumk6En/775/vH6VFEWta53C8XaoO5YMZG4Ofw3xDIty7bsxMzSZTbVBvfu1bW9euts+dzG/Ek5AO333vlb/z/8onBG8Q4rQQqNxoakLmsfYgPM7Qo5rgkQsIalBXqSiujR4cZN1x/PTpya7lhz81fysTNR4gTgi54vga6PbqztbvfP33rr30yXjze8G5/dGrr/zqP/p/f/655+nOLlP7v/CWp5cnLFiCf+slWxjcPf02xOIHxq+9m1wcxRvgToo700anlTfoQFNY76nZXLPcXwhhfZ2aelbUKUVItYWTEzOFFRpXWpdAtp7z4sG/n/1WG+a2i+CWnQjxmLAIKlzCJTLsrcUQ4kr4NxFwdZYexsUkPplA60lImzP4/H6cHNPwxyLYLmaLg2/caj6zme20hIDQJ0fwdUsEQ8hw/kjMU+NuSu1oIG0nm5GVfy6vv7YGKPNWZTJ+8437/9+//pXxYCpCWW/pQobdOCatM8p49Fu2o9FMNHNpA0xYQmL29Xj0W29GyGe+kSt5x6NZd85PIwrkGhmLE/ql2uiaD8Dwr35XePWYqmmdkAY+Au8r5uwKPVwc3R2/8i/kYhL06bTwVfvest3GdDr99d/85ovXn7l0YUc8bemNN2/+p3/jH43HCG9QIgc+8nf/+MMANVdhqs2/e+/h1asXL148x9UZilB/Xfow+H5KQIjK9erapE/zSq4r6moTwjGvsq613/7mq//6X/4mmDXi/rWMcCSMMFroE9MGnjU/hx+JdERgzzaFXxORW4Bv3dz9zEsXu+3sabc7UVvFu/cO//lXXtX3PhxBJc/Ld8TVexJeWGKOSclwuu2WEgX2NzZsEW10YiKkoHoxU4pG55yDqpGWLISCqfqPnyhV8dIpMBXA6T6+VpLBcTLwAFV7nF2g52n0PMF+rU1goiQqHdOnpJ3JhPWXOgKG6zRyYCCH73haUOkr0ZBiRkYe48l4qLTL4/FwNDoasrmJUlvOSWgptOkGC9mY0GgjRswG0lUrtXKWtHqt3tbG1rntbq/X6qCneZpxs73kNUlL0tdLku0N+e9GzalqEFqcSM+YBrTFhhsEcxFpwauOoWP763JY+q3qxnP+lNjSgmpHGSOam3S7baUVU9qjzY22gux2mzFKYexTyPwF/QRYKxD+14jWQ5NVTbpR9ssGQ1rPrYcCtKzSe8dZ3hjXgORiP/TTDNrQxN4LCExJI9I2oBhXyU+bSubaUr8ofwb0WT4Zj48OD/cfPjzY3RsNBmoQ9IcpuXg/JqCJ0qxpQ1jtTLpmXdQtliJ8GvnFjHDee9EMWsXiJBA4L/ucM0MAWLZya94KjbSgBv09rvRYjU6EEEt7Arzm9J8Ca7RdUNockv1GHNxRwfRiUSiMMJlMB8Ph4f7hw4eDvb1x/3Ay6CvMMJ9M6TBPRCYl2mqELDm0bInVQEIbnVCELbJ+isiyJMmyGC1PMqUoilJ8EMUKa8RgAc0Sd7OKwacUYL3vCOFtFn2mmtcdO/iJktj3DmULMC/tbu0IhdgVr+rPQAYgKZYmKcSK16Vfhe0tY0NhIB/MosfD4MxIoT6b8Q6hbwqaQ0h8PBuP55ORwuaL6Zh+ZxTKIBeMtAre3tvP8dq08ALSZxfAMWwAZd404O7CvugiMrgTpLriYnyhmbMo8mbN25qAPwXi+GRHsDwd/q2sKe9ePFE6/oUnzuhE1pWUNVP3SLyXnTZiZeZq6V24cP7g4ODoqL+5uaFIERMbf+2VEbdE41D1bxprpsc78KQL1H1/rYaDc4EjfQZCgd9sNusfHU0mE0X7syyLKLoH24JoERZvG5gsRVGz2ZzOpvfu3c+ytLfZ7XR7cZwd7Pcn43kSN5lPijjSFUnCEEVGaKWrPqewZjNDpBjlYjBQbNeYHA+xaj6x+gPJxiegu2dQQt2gce88/FXT95VPa4bzSUonas4KzO4l5hbrcTTxQJF9T+pb6bDMukTco14lvgc8CxRdkOc9FkWi+FL0T5XP2q10o9ek0Ca51keSzQkAOziRisapTZb2xbeYK+4rJttjYVhzK4Klj5ATFBIekesyGVGEnFgogqlWZyOOlBZDKFZ5MUNngwV/EmIdki7iA2cExFISA5CCYN8ZjL8jvfjd2GGPNCmj+Hm8GScb8AKNJtGepNAB7gS7XYwiwx9La+sOxlDCjB/TNCNOYMaDDFdiducrQ9IFBtudAbPH2wgR8iDirJD5scmjW4Zp0hSTfZGoUVW8T6PZUN2d4zwqTMzAY0MKWsgDTfetmbzlThh+9KkIfKR4Og6Ry8Y+RnDgOk77Ic1cCeEJHBwhlzh48/no4CiO061z59VTdbHIC4RKfTBFsowgikrcGAsOZGS6LPQnaXeH2zlQu001+xO0tEWk2tvaRuCLE8UlZb1W3GwMDo8UX9vqdmazSXdrUw1M/+HDyWC0c+li2mxkrRaFGpFkegIeSaFmhQTOPKg1OvHT941OgtRL0bPNlNyE+vkMRsveCp+cbKDmRfHG3qEa3it4TEqDqyz7OAEhqpF0ar7ovSsMVoEyEanL1htf6TC/KPtvD9rwzTsPf+P927mRangNcMVD1Yi1H7OfBJb6gMGQGiMHblEEb6Id/eEDCFIo+vON77yn1uT1axfE05N+5ed/+Wf+5j9Ax62WcRIhyJRXGtRciZV5y5PCZKNx8itfbX7yudHW5intTsSqa4dazbUGJFuHd12Cj1XXtz8Qf/PvXxqPs5wOkgk3UB7P4m7tevW+YgES7H/C7OmFEL7kCtwjU2k+m33w1W8qKn7Oi2Py5Kcbv/Lrb/yjfyIXczsQ3nDpUbLd9+UZlrZ4jxy3D2AGMOAe9ZDaR4D67OLZ8cM5xAdZTzwlSQlyvjC/9aXF7bi0ufPTyVbe0vdKi/2Zna383vvpS5+H5Gl148QpH4/v/Ox/fanbNRkhAPrgFeIN4S/ToJTwqwovXGqI+Q9NXzsScC+7ivehLxNLa4ytieHPTXuk9Dyd+F+W+iljryp1Nk+N0zufbmpzZ94fCYv5jQIA6/zB6PU/l/1+BoVbjAY1+YQUwvVrMaxXa3Ab4saagbMXCtquzZKFkAfp4xUBn216dhB96khr8B5bu1dVLGeLw6/fVBLQzgs7sLSogZDwOYQ+5Op4NfeuMG5ISmVkXRn/KVTKqJvf+8VXf+nv/vZ8lnuV+L+1igDp9uonSzWvRCA70UDtrOaiobXlRrDKm0XKiYxQwssXwpU3tNpYorBdSPBL7xkbFCt7Me5QTB0AlsLxd4XXGGGwQRRNb39r+uavi2KxXk+dKqe+9JKnvv6xlCaz2a/+m68rUdynP/GCeHrSL/zSb/+X/9V/M9e+/YQV4AuN4myq8ilBPqz+TN2wvffezS/+0GezNLWbG/tt/9r7x30efLxpcmR4DaGPE8cMV2oTolybfeqoxRIfJ+Px5L/4Wz9L5+8duFrYFcJIW7Sky4dqvo0scLtbEEZDa3b95hVV9au1LFiOAAAQAElEQVTvPvjSZ66RsuxptTtBZf10/l//06+hnglTaUvqbqCSCaUNbJlkliERY6e0GguI+113EIKcJnNcZo6qk5qoOvZrln5LOnEn6sH/WMhfkqSX9OdK1S7xpWpf90ueiRSoVImBUy9YobZgKNQ2Gc1NjIMT9pDBJ9b0fsOTeklzsrH6LfsJk23EYuiimiQQIiJbk8UMdZRoa6J+J8PJaKCEdZPZeDKboKCSfDMDsAI5SmgRocMAYaWcmI0+l5XuOGtmnY1Od7OzubPZ3ei1Oi2VEycYKRvLa0sV3d9CyzILdv9MJh1o1IEH8yjgO0p08b1Yg0zF4qQ0QVVTGw0D/LlCCeOV/nWWk/hV4rG4OYNo1sgarWa72+n0Nro91YEOhYJiF+C5DaBjW4Xtolq1g++Cz5LyZ1lJIcm5Q8yab/aVYui58BpM8S+0Itb86QYXHLgE50ta0ZblB8Dcaj9nkefOIWKZexQrjVjWaCoIUu1UZEjN76A/ONo/7B8cDvuD6WRqYmIKOv2IhgHW7pywaWwMTSJ9IZ1Johno+lVqfAdza6PqBOmXDZfmTyh/CLwO19Qvwt2GuVxtzFEClVooOoPV7iVnL+X1QtacuH70L5kLqFx4H+Z/iUEk7yYKyShdDymCIqGnajGZjgeD8eHhYG9/eLA/PDxEc5PhUK0ABZaqXKzhK6ILAhMOjmMc8KM1ifpD11bqL2WLEzQ3SZMkUyQB/xBpJHQWWxumBGoTzcTaLMGgqLWv9hy1ecFjc0tJWApP9UYJWLc9rAD2r+mPFBjkAcSa1mkIjczqjiqzJ2v/vD7517yCgmJmugrCCmzQps+0e2iBIgvleaG0R7OZ+l1MZ/l0OpsodD1CQ5MxRkSbT8eL2VTpdASaE/IfGhVppSkY+1vLKrlLNiGkIp7xCZSBCEjnYwDb7cJ9EIyEWddQXsHUNf1VyaTFG5ZSSXNxoh0Y+HgJTD12U1hy5nKKzZ2t+Zj0dBidcAtKNR1fmVyab8Wq6kcteWYHFdweKW3fbLa1temz17X8mTDGy2wuZtag/5Xaz6/VcIYE0KIwHd+O/YmpT8+QBZspmt5qNZMkFYaMFS5mh2awqBe4FMbjkdJuNrOm4n12ds6rtw/2BwrJ0ZZfPU+MFxO0bhX65D4eG4ll1EyajTRRtLk/UKIBsSDiEOEbOqQu2qEQzyOF2bGY7lfXlqiS0pM8rRmoJymdtDkruQF/n1NXjBgvLshORIz85RT4otJwY7wk9CSaRujtkIINtDhRXNk8z8fDw/nocKuV7nTbqWBI0A7zkTIUupPM9+EJIXTip/Z+wPsuirxWCCabBWvzidKjEQloO0SVUyjqjax6HGdJlCIZQH8nUq2F2QKjR7KlimY6wS40HZiTRU2S7UXKYdBBGHcGmB+TU0Tg5mEIE3LTlWt4RPCPteMWB96Wi7KqUbODEIb5JhpBXHdCmyU90Mvg3LDRp0xkG79YzGYMY5GdxTNn7Eqpyud5iU01OGwnAwo7eiP3hkojNhNoV25jlvn7JU8I6vogjXmKoDBMgs3SFW/HzJRjEby+azUDhPl64weGn8GPqR2V+k9tvNKspQBMMYgEpYWP3CLzFaMA1V1339Dtk+xqk6tvdTqKAzna3Z9NxoWEDUVxkG9V1Chq9FqKJR3u7h09eNg7t6NAvtXtHj54oDa9UZJeuHq5vbVRUARC9UJk4RzKIw6BROO0RifVrMcNP09G6kRSoZiFACXsKD1iiFn24rrDs6Tc7f7w7f3+uWaj28hkOUKtsyMxv6WapKj4RzEUAcxT713pLSuhETCAZ9JS8nFCBN624f5w/Etv33hv/6jcI1i+w4Oa+3Jpn3yxCsY0vxRhxxWW4p0b918hlyebG096APL333jv7/61/+e3fvv3a5/axRzmLL1dXklNXYZWAUOCYid/+5Xmm++ITz8/bzQgxF3lX1vDia7r2mVrFesTOAWC/QP5D/7p5q/97k6+iFk+KELjBh9h+RYPwrDFwgAcvwVOuySExzFYxO0hOzM4Jmf3rXdvf/OVzWeutLY3xZOdDt+/8cp/8fcefusVIUKMYbYsZhGGwnXwWXHdcfciGCzoiTBMSVvGPPVm4dLs8Mp07yBtT55slycbcvLJxf0fX9x4phi43FpoXReET5C4yq++/uZ7v/EvrrSS+NLz8BTqe4rJ5N4v/fNf+pv/1zt7u5c3bbwei/MhRFPg/dqyLtN/w6+q7tplfnx+62OTN96LL06TrrEvwQf6WghDJZnlcz5LPCqpqapH+UNPJ+7Trk5hFSf+U6tHlDZ+nK5T5ZyDvT8f/9bn4zvCISUBHu4SjlH1l23NIx+bWSJg0buo0tzKxflFfGkW9xM5iU4tfvqQ0sZMfHY/ujRdZx0+9r4M3354+K07jasb2VbL+6jhvpxHE/us6uNEQHnDX63BlTHPan2clL/iEV95953df/Y3fv3N37shPPNlK/QVlcEK+LLys+Vll0vh/NSMJk0YzWRaAIauM2JZbXHi/dJVVLUpAWF8nIT+SLxfE2NXWqoFnoUKOH8nUfmLga+UYrQ7ee1f5w/frenTaeBrxTty1W6Cnr3y6tu/+TvfeuH61TMPiHbm6a13bv/1//xnfu9rbzh05uGkEC8FlMEbgxDnLU+1ZabT6a/92u8c9QcvvfQc+76VjHsrv0KUOSV97e25ZOVaVq+XYF19I8vfMpApoOTjhH7H48nP/eNf/Ad/7+eVXEfYuDhgeV+wagqda1RU4F0In/M1t0aWYZ7qqlmyAdN5/itfe0cpyi9udWiZyMA/xxOcSBtejEaTr79y82d/4ZtK7ig0ifRmRQhRu8wARIlHCV4p3bvUbqu9ezyLomG3U9iEkVAkn4DHQ/BxVBKkOJJvb5e0bR34rybfDgOWiHGWiaNL+XINNFcts0xw5GugfS8LrPBA3xtkcYLOJwCarRbHQ0nQ47UZw4oO28pM7IV2DFxOmsdT/7FjlOlkOh0r7fJoeDQc9geT0Vj9YRSGkVJbojBQLgotjtYiVXMInVxgs4wZPXUrCXUzafeUvqW7tbO1eW57Y6vX7LaTLGbXyB71DhJFheeINWgAssDOzymiELoSYX5SFuAnbXFC3RHanoRJPJRsjDR+oLG1cXBsVB0ug35AWi0ln2yRd5N2t9tqtRvNJrnVlyRTnqODk3xRkHcTflfKwITC/+XB1zGGSFmmvZsYOm4HQVrj69JMmdpsd4ITAMFGVXcTP4FifO0Lh9T8FNokikjOvJhMJqPBYNjvDw4PB/3+dDxWg6ybKthenE0O0GUOuE+AsCx22MZa6F6+UmD5GlpyVFjysyXvuHhS63x9ybteTrmMOD6t9zl2KVRXse7g6dDbsjaVv8MZ5f4ZoT9rPsnOglyUFBI9/4wnw4OD/t7Dwd7+4OBgrKBlNMpRVVGoQgkZhyDYaKUQ0HFpdpVn88nHDp59Vogrxgt20aT0FFEM2nV+pPtvYuTZraQm36I0DXEAjcKR8dXJq6HEfFWGpO6BX0Np3a27vZIe6ltiVG0ROXhv6a7yAd6CbOYwLM4in6H7Gfyboleq2XhEfk2G6jZHt1jkrdw5LDemKkIYoxdREXPWtwm8shBy+2xCIyGkRCBcnX7zdSE7DsHpFMMN1i4EueJuSaqsAXcNFcZGrlGPfqF+vVfyapDJ0c/978UaackQnCzJNerQx9XDkkw2/RxYBw/KpZTALj+pbWkVExEN+kc3b966f+/+Jz/1ia2tLWZTSvZ3dqBz40WAosI1EWXEwjc90sS/asYo1uHXNaOAmnQ8bic17zVDg5OHDx/u7e0rzuP5689vbm3F5ECiYCCIjPmL/hqSdsWw7e3t3bp1d2Nz6/r1l6Okffv2/ivffm93b1rMGwK6ElqKTBeqv0qPjz6dUvQokahHQvE5CjOOprO379z+znvv7i7GA7mAZpa0mmmzTbuZWBJ5x9aSLlmw0xfmdaKoBubKqOoET4MBEusRww8rSXny5hj2kLkqzgsxeKF/y85O0PtXvjAyFs03SKNcpsJSiPpjSpVMWbG6NWS4sKCY59qqkJ5Ajp4qEpnHk2Fz+PDZaPHjLz7/xevPXd3oZFG8mKEvE1V0Mp3h4iKYJxNnXFODwUBRB8UFNtDiOMZwTmopMT7PLXZW0JjMhRwtFiMFwWimoqhsupDxLE7GEB3Op/f6g9sHe3f6+/fHo8NiKrNUZBkg6KYCAZIMV5B9SLKskTWb5J4HbZe5l7ynKWiNKrgn/gBtOmPy24iEvkBPKjM0dR9OxmNB1qwY4bKJXDjDPLaZrMXVxshsL9m5iEEdaEiKXUUfFZ1Wq7vR2d5I201ndwJanQB24DUUxF72yZIkpxrki3KGFSUYlTPmYwGmdnHSJNfiKsEnsuZFYVlpfhpx6B9CbWqU8mI+mQ72Dw4ePBwfDRSvQJZBkgIbmQ2JYJeSig3Uvlt4VwpgtiK0sS/oJISa61RNEG2TkIcL1fAmwJMgY3pbPzVlISmoEhnARtFssYjTbOPS5Rc/+zkFFmmrVURigbBYoP1UQrtMveOTvOeUVtwJ4FnLSraAkQWLhotmKzt68PDOu+8fPNxtdtovfvYHds6fk4nIk0LxoIN7D9//xncevnczSaPe1QvNdnPwcP/emzc2Lpz78p/6E9c++8l5pHitQsE6dsUjZD6J9QVDBpb8eSrz3WzcKFZPbh0+/55MO4ncSmAqYH/3YRXufXRdTSURjThROZO53Wo9u9G52m33FOqK42YSL3+1WrEfkafMT8t6LylupXnFScZhsiaLfJwvhtP57cH41lF/fzwVpY2ukRoYMYHQlIj+JR+GluOXZGbOF0y7CnBHcAR7x6UcDplMv2jTLsHl6OMvGjXRK5fPb3z8havXn72wtdlttxuddlN81GnUHw6Ohge7+++++s4b33r9zvu3OF9a5Y4/ir7wQLr9WamIzfeIthtzyytID1JlMB82qyBfTcW1c5M/9NnJJ14qNnrQaOJJKh90Tv7rK9hW/Na8ywkwlo1CtnLQF2+/l3ztO517+23kCgpiiYEF41qCDMa+xNtLmQKMgPnWbLG9t3Qx/tGucitGJ0Exq9ylZ73Lly59+uPnXnq+tb2V9dpZ56MP8zQfDmf94fTw6OCdd/dff3N0967/tKTnEF5fXH/BF3q4p548RAswSwXsJt7UwP8Z9YceQvznMG7fzbZ2G71R3JxBMo8+en8eTbloy+lWMf5kvnteLgl6BWtnrpe8tesvTJfx1bfe+5FPfiy+8Gx08dnk4rPx+WtPsu+TQsnobt+c3Lox+uC96Z1b33znrR+kqDoG0Dj50GefgfcbFFzH6EQG1/pXGimPwnO34vOvps+9m14bRr1p1JpDUwTycWYpzbhLtgtxqFOYp9LHufbavOXX6T8N6tGXMpWzTE46YvScePhydO8qHAkTDNqXDgKb1wmH4kBYBKVHwaE7M5yujK0G3KhBZRCrvNvj+gAAEABJREFUOZyOovxhKnfTxRjEHOT8CbB9SnORFKJRiJ1ZtD2D3qLMY61guUR4PKz8Yu1+WT8S4WIVsvS/pa1UNLuy2f7Exc6LO9lOO2k3kk7ql6zWb3ktqG+/I4+ra6iWsbnT4Wzcnwz3RrfeuHfjlTsPbh0WhlfLC70DKlDWoM+J8LWGX+3Mk1kLfYyZ+yoNQyLdqHgrQPosh896iNo0LRoT0Z5DW0aphET9sf7b7KRKv+48oJOqA2iZiImwg/8YqxS/Bn3Bkv5Spl9/MZeLqVyMiv694vCOHO2JGlBx3Fepp7q7UtTlV18MHq3abPnSfyGeu3bli5//xGc+8eKFc1ubG51e96PnQ/qDUb8/3ts/eu3ND7793Xdu3npgeApdoGR04vXVUoHSAITUwWSVB65ETMM89X+aJtdfuHb9+rUXX3j2ueeuplkafsFcLsOJYRnHvlYnC+orWIptdZ2OMVYi3/ffu/XeOzffefvGB+/fUdpnwvOWAdbcrebOPJbXGp3oA898Cx4N8fJ1TdboxOQIVyF+Ynuz/SOfuvrcpc1zm+2tXss6eX0Ck5ISKfA7OJzceXD43TfvHw0mlSKkXDaXpamS0iOu9I9e1WViWeY61Eidu3ChkYiDtLG/s8VKfUasSvHdaCilY8KhHCCAItB1lLRWmEKKK+XpBp21FbZyqPNrUnUQYr4pV19XhULLfI2UXmTjEtsm/ldLL1WaTtkYgpWyzruJqc1qZ6T2IqMz+S3f3oKsDQrzUd0MdHeRFyQ/ALSfmOcDJX5UGswxmp6oCyycky+Q2ULyYTd92gG0fwHeNeKxOfyjugu1OpMsarQbG9ubHbUlbGAcJWG8ZGvhC09BEQ6mlPMFfhQNQebam4jMhTG20Eu90HGMzQwCCGOQYQLcsOTZGZ1weSR/Ulj3JCyuVtcS5Zk61ka718sQSrOsmTVbLTXmSPjxsBx5XykwmA7KuFXDsPEYZIfmNaKz/tKOufSujXPogpEMSyalY5ULoyzDH2MeROwQ94mF9JIjqOt1JkJQBAM/esb1WUa1Vcp0PHTuwBy9uqAhz2xGcZoKdtMCFP1cy82UGsvtffXkCI4ZpCGI8qXPiZsTUV6y+4IwT4oQ/sPnzhjFX1JcVXXhS302GJttXODYmqqFl7Bc4viSx+IcH9JWlouknew6vKGZ6LWbekyjLBKC0jc8Z4FFLkxjSHWJPs6RVBZSaSJG/cPxcDQbjtCCIS9QmYDoAl/BuF5xbLCKEXPos6ekGYgo0E6cAhk8xRwIjEi30cUQp+2UCDwiEcriZWSGVFpzFOENEZl5ac8Z3I1SH8tju4yVJOxYN3ZLJp3rcTJenqlawmG3BV79sgiXrfQ34LqI8LcHjF7QDk9/GHFcwT6P0AXUQqGyWUEKQjLWUwhzYfwkAfvPRkaFcYvd5Rd2rXELfHjzA96J8mCZvRFAYDCjpQXmhAZHUgheN3da7M2DxsWM/NobltqlIYLAa1qifmySrvEuA8ploFS4Ukt5SdYZndTUXNORJ9HoRNSa+lWbLo5LK2ZEy0Jp/1wU7NdEDeLu7u4HN24oVHLlypULFy5Mp1MWU8RRWSsvKcSgehejfTQaSZISgLvW6q16ee2CVfCvbnpk4NHxE2iWKufz+cHBwd2798aj8fb2zuWrl3vd3oJINTodQaYi0rs5CsDA/hIm0/mtW7fHk+m58xc6ve007t66dfRbv/nt+UztvzYENCFpzJTSBzK11QeMMZZhRBIkwOSOO4rv9yev37751t7dh0o/rPBxkjRanTRVqvcIeRJylWaF+WbwwRwWoX4YHh5q5GDeAPmsw4oBMsP55CTNARpiJpZfWL5J1u6PMaew+xATnMXuUgyuZ7M6GXnIz6+o8P6NHOoHpsRFteV+BdJ+19wI3QyuUwKS3RwBJJ/K/tHmPP9Yq/2lZy986fnLG42skzQEWmrPcwloMEIhKmL2aEGeTgaDgfptKNY2zUSCJqVzpP0Ga6GOPOHTgEocNp4uJujOROTogzdeKBUFROrvaDS5P+rfPNr7YHBwa3Q4VJ1qZHHWgChTDY0V44+eD7FKRfjjDAPmqQ+qvYu0frkKwaEo9W5ci6TIGR/6/4tVicV0Np2Mx6rBU2RSI1VNs5E2VFXoo49Y5ILix80Xs7kqzhb6BgETZ6CqVR1P06zVaHa6jV6ns7PZ7LQLcrwCaASjRXfEekTGrPV4j1e14G+YOsUz4b4tR3+JgFYnzabqknQKaQnBgZXj1tJ6XGUomC29WVjGSi8WqXGFGrTFZNLf39u/e39wcEBxDCPaz+C79EthlrQUlHcpSPb1nqcgdmCB+WoPEadJo91MGpkey4Jxjl58VsDnNAFSnzAwYlfJRs/o2LOQabu1c+XK5evXN86fl1E8nowV1ERpjCAWJ3q+yFUmbywDoxOjLgBtQM/OqAqFXhVre7i7/87vo8OD1mbvE1/4QqPTEg18ez6czvYH777ynbvvvtvoNM49d7W3sXH79Xf279xvbmz88T//ZzaevSQyRbQUgMa88eNNqZlHu4HX3HRIclwBc0sDop2whEVDJAzrnXA6E27ho03tSF7OQMHCvtLgjmsUkCFnXHkqg4LHFnLlpFxZ6tHT2lPjf1hWsy3l8kmYsXR0S0zafCmNzqIQemOp8V4hOYfWstSmJNKZm9CK11w2XQDCe0G/tHXgnQCboRTaVIVdedCKpne1FQvZQkqTI0z9UnoX9DlqoWcHI3XhwvbIYhKnigzGSD+W3uBIWTeCpRzpjaobSuFV5IZVuDccSEoZTEgg4fAXufuQqDRlFeDWpgChGP5aeBwx+I/AYStruiD0VsvjI42AnGuHyCspdGRBrMRE0AZwTKa9Bd8XFbi2giO0/heFke15WLJqdCJMMXCdE+EI6Az/EdSNl5dZQb91+VXkCrXvQn15I9zQb4JtrTEJseMbmYmxc2MHx+6K7SS5SQS/jKuBC7k5Am94PZiwrfNbKEwbvJaD13cRgFupv+UcEHUViCWjV3mwduZ6qcQu+Xg0RK3CLXnp8IQM8ISw4hOLgfzFHzz12DmD5BwJqsFkfjMcpoCavuhUHnjwkYH7tZMG3m9QcLnRiSt7rNEJl9T9kF4Eb/NXSLC9K9wFZnrGyVDoAQeD3M1XzCoMMPOyde8hDLO+3JjwbeS94KEmg/eEN45u7TrU52oOcZSfL8LGVS+WEwEPbGXlQRVspV+gBPKi5pm5l/V1lN4vs0hLGm2XytKStTscb0EFLZel/x10SXftVqgt4ItpaTPjvk5sjilT6FfYwoNsQcwCJ3CVhWcIUvCfFl7SI+nla3ZKG5TQ6yafXveMTngDJMVxRifCyDwtLpFuVHyOxA3FqjkLZsFeHoNYKxuNFeXL+MG/LP1TLcCXMihUA3RyKfckS7xWuQFLnq7aSHnPQCyjWP4+r4xFHT4w7Fo4nj6mEh4rVIfJg+9YXk+/4OE611IP1QfIyntRiHrmJSznpXAeqyvdH2V57Lq2IC0rHwkqqZ+7sN3C62qYD45XBvCGCMBjxzTzZBmtNYxONIvmvOyb38h+gHKMgjUKXhfCNzE2ZMeSIuG1z2ugCIm5T57cONiOVyhOkElqXO9aXwFUiNcSO4zS8qh5ril2WIAzpQjAVriSUohKb7hl+Ntotrc3u3Ek7vS2hlnC6nyydUMRfZrGHKDE4UuQYUVlAKnKUmo7e2wyMiJdqVhuYuJ6VBJQSClEPYmsNvJERicsgE1S1DjMZzOlOZwqYeDRkbrubmyQmw1I6SmLZzGKu2VSwdXJn7DtlJ6PWDeJ1DAKjI7F5vN8Np2hpnK+mI4nh/uHBYqrld5DqzYFywZzrk1QEHbj0924lcW1EkdKuhwl6Ms4bcS97Y3t81soHk7sYq1N2sZYYgghsn5AiTqGE5rPcmOOoyWKkqwiyHBE65vpiOOCDk4WPqvE1Js+SlyCW6ok0iR7i5zi1vMvOg9vJFlTiaebva1NE/sG2CUJTRCrenPtHwVdpOR2oqlVMY0GlmPTEDCmQvyP8Szl5oiTEBbRAroVj9C2Q3dE6tj0C4rFJrkvDEoVaLQ4D8eUHJywgSk5mkBBER4fnSqJ+HQ2xtFlu5kQl2uGRouUpf6S5nh0U6v424IfbxqWBc2xffKZCFZ4F65aWUfTpJQe7hEa4UGF8ZbBPk1UMIVcg1DVNl3K499waAzcR8AuOmlqKWxzhViCy0x1tSUgeN/e8Ocj98TUL9lWDAJKLkWuv6TAGHlcnHEFKgoJzKeT6XA0GQ2nwwH5iSdony8iCmrBFDPSNgXYP30IGw9pAQbHQXf7SHEpSk7MhwgwdA6620m1/NzyR6TEMIhFmEdAOly9bwVPYgLesEmPqtpB8EgeLKcp9QNaSnKp0Qk/NatPjyjvZmx1RdAKvbN2tkamHKltjGCCwh3o1UGGfbziiyJnZIVDhQZoaDg2J6MTMB6b5hpVEpo2RgSC/NZ4BrzSqqBJkKz1dMKID13HhemMCDGMH+teYwb+lp41qU1/ZM2oeh8QHkdhJC9ah1voolJ4xsyCsEqZnvqS3VUJ7Ef9rNUOEsrVgsG71mrCa/3xH+d37eUTGV4H6pLHksJaNVVeCF+2/LvCETkZcCrq1Gg0ut3u3bv3VEPUNTI6dCjfhqsCn7iZxDTVN1JmRkRopoe5bnBi1ONSVMvVUsVSW7PiYlMqZYXhms2mwmeSDOZCDlZvFRReVSiw0+kqMjsYHG1u9JIsU92eTKaT0ZjxoCTehsy3MM4F8QnE2hRovBWRqr3V6SwEDOfIoyklO6tyKYhZwqOkz4UI4baiZiPFnTGbKggaKMqdXP6wWlo8OQlsB705r73wSoK/M/PhM/IAH8xO3wZOc1wkCO/PgacbehmHEFjamTJQhVDqAaqdU5Bmt0mbQWCiFLFyL4Y4jWQWy6KdRa1Gq6kYcIhJiKY9UUeSo4bhLYa5o5hWgiGNkTbhWB25xLBuVJhsNjB6FHIuBevtib9IiLdUusd5sZgWszm5teA9ttBOGQzPKNBoAWNjEvtMxvLkjFc/ZG6YWXT9P7CblAhZWPITAehrg1lsY3Adc+A9YQJMMhvtFCfAYkKuUJFLFnUXhG3QDCVOBDj5HM+0k9HogffYrwonBvVwaPEltqXQ+zqmxxHtgXXU+XCJndVaKtfjdhde7CHhBon/xzifEYeLEWh9rxpsV4fqAB/CEZY/C8VkBpUTf0OziW5rEt7tk9WPa5jttdd9swRZFsANYthQnKLiOaeTsWpbh06xKxDN0M8Nmi6TjbxeM8LGQLQDAR51t7+0ihUGTdCuL0HXVegabqqqanY73V5PUp1p1phOJ4vFfDaZLqazVq/baLemw/FkMD482Nu5ciXFuLCpAiKUH2OnwWPj2exFuI5WJsjLi9bgQkrjJcRK5LwW6n6yUy7ijbhAipo2ZpNlp96f0m6evNmwJAuWlINVb5ZSDYvuc7IGPTpe3NniGRLhLgkAABAASURBVD0h2K2mYYCkdLjTijYsmNs6+R/9uq0InFRA/8gljVuvl7BuwfCj1fJueJfVA8tmSpwdgl/yZSF8VFdCrj5OKONd8NC45R8tejevm0/YC3crgn15uQ3uLXCNEY6E2K2A8HYZ4fuOcwqbBGFnXQ+9KfIf+TMANdOybDlVMkEcXxL8zoZPwFXielHpnYBg2A0zaip3Y2pZSqEH09ZsnwrHxZqZFm7ezYvCnykfmLyOAATd86Aq7HYwEqUBgqD8krQUu8MaOY+YYF0MeixGqIEyURq5R0mlSmS4CIISUJmrGj1V+S0I5xkqTYfKRbl5dRO9dGrtd43oEmzH/PxKDVCXKZauew9h1KwnW8q8UNqS+Y+Eh6CEWct2ofhrqIyQwyaK9QZorXQmkHU80X3UOj/aJCsXy66XlZThI+nJ262OoprvXXsmEtKrR4b1LG/bCQfzFGN/DCRVNhpwkqrkirvVZY9LcuVtpbSsLcOi0OWv+buxpUUDtqt0EeJYEOXxBO+BcNxEpYz/prnxP+HTbfCuyg3y8VOA7ssd8As/plS75kpZayrxMNkuVeEVRMC9QshueQMK4T+at9LMK4c4d2+aMphcrChhRSrerbAyGHCvCytE8gr4HLAvRXG0JwBF8MmTGwe/4/74lDNlpUDF4kTqYqJuVEXtBASZ4D3xoa80YeEjdwGl+tUgKwlOM0Nh5/1uT/Jx7EIqMWGjmfJBdzNuVtEhIeh25A1DdUmWvrpW0oo+C0imwuMURjWVLEvVRlbLh9IjcO0h9QnFQImVMGxwdLT/8OGg31dD1en12p1OiqY6OiYL1RI5WatXbfnCgLHHB3EeC+liBTzj0WQ8Go+Ho/FgNOoPhv3BfIIGKHzAjf4X4E0Et5bUMyQ+xSO+BX4gRjc2aZa0Oq3Nnc2Nc5vdzW6SRmSDou0xQNSpCOm4HbkeIeuRRW4sPEhAqy02YqvlZuNpyefsCq1xJROQwrPhcHPgYSeya5mhlw8Srmqlqxr2rNFQmp12TymIujjajcwMteAI7dTCBV0utPMVbgavPjet+uuRDqMTW+8pOnqImXTfNEI64yRrf0PmJjkPhLZj0b2RFreZ2TAfYkMZiqKTpBi9JM2yLI7Q6ms6mQ6OBmMlOx2NppPJbDpHN9E6VhFL2XXMDd0XtjhzywQNxjy/JiDqg+NIu2Y94PedKUWErBh3Rm6Bo/rAFmBDu0hUtMTgX0kIsaMdfnksQYISfqm1ISuVWTdF0iqj/eZ4566ELI6tJTCeEPXYT4bPjPzfkg7zDyMM8GxiyDk6kHE10DpHaxEFZfPFuD8c7O0N9g5GBweT/nA2nhTzOVln4xpHtyVkTWJtMUnTRJG06JQ+RpxAtyYpOTdR6CDFkDrqFgPwJHQ+OdbexSKrNLDk2/RIQx0fW7X0vcRkWVwUrAVh34mc/z89Kiv+liQolyysCjDA7YSKWLdnfIcYxhWkNtGMTEEzWVyNoerkAN70RpABBlm+E95RSm61ZpV+ZDFDjyYLOtpNEcFEwfo1PM2OIQhIsUVRCjQ1IUM3EJaV8QmtMYHRizagTcIBkG//TsTajLEdbEthpBtpWDXMvsGlRumGqSPCFJnDdKW3K1XKJfmlPzC7wVJbDHoT4X2QQmGHPQhjEKYUazMG4I3+k+un90NKUlOYyASC7Xa72zvb/aOjfr/PHlBqA1jyK0zpFTEm3gBsPUzBuHoAOMVuu/QtMiYFivmAljEbGxsq58H93fv37zfbrZ2dHW8/oKOBCn1gpVAoUKGFLEt3drbHt4cPd+9fuJBsbm2+/PFr4/Fob3ckQIGBIsNKry/iRoN04jKOsiiWGDRIxJKCVPQ6reeuXp6nIB7e2+0fKTS9EFP1qYSC7CAHxhgHnEVmONQWzXw/BQkAanP1v/rHBYsCgLU3DKcfb7sj01801JC4YWYrqASGM0kVTepPi3f3DzrZQvGwrbRFjiTJ+DlCaw00UlJ8nvqVuSLBiiNEqylF141tAVMdjmgJZMjOVlQqP0nwYQGpmGMoSWSwibopyqJ2JBeS7jzOi6QQh/v7iiIpJjlCX5YE/ezMgwgjhiOKmAcijytZxBsG4bZA0jC3Kp/NqykQn+IfGqKluoj0YIaW+ItiJohfjVMpmLah/0Z1Qf5aMOmYD4WdLzJmn0m0xsR4mKpR6CepmQEyJIk+RyKE5nK1H5uAYIE1oxbHs26IiGjg1JfnHJ8L3UXireLHPUpmN6XiMSUHq9I4IdTjHWkNMtNsGTXabTISRl+X48GA/DqC5rE5Zrn23cFk2rRcWIGYQsJqEwMcjCyaJ4nx5XjsktFoM4qEcZen8HmhmSg5H0/27z9stjs7l6+0e90ihinuDxd4DoBdHxDSw92gdCygArkoClTbliiosgqUFVd66ZlrxSw/uHv34N59tcdutdtS5OiIrxldeuE5BWm3h+PBw30FY9uXLm5fuTx7/9bh3fs3X3vzM9s/qoAPIm3ZZbaYbG1iLWfBTkB5c3iqxEdS4PHByhOT1Nwd5WIrEQ2Q01ZrOhqVCsCjjONHnNajwwBrWVJXR6L2RRB+wC3DDRvMI1fUCnq3I/2dZvXaJcYQxo7QUFAPAwA7otNP/Zpl9Zf3QSF3LtcdinIWCPvdsItezrGVnDpBVZYhzwyQjwWqpQX8uSw/MlwPvVxTg85yG9hwg7fk1r4loea7p2ZTPxz+dt2v2DGRNcTdr0SPf2koSw+0Ya6ryKvWvBl+qFrf0pbii6UWnXggz3zwpcFSH0aqX4UnRwW+hO24tV3C08EteMuydBGkU4768tdOWeFxCBqCR2vjvEpBHRTs0VMZF5Wy/VXoLavat1bgz+CLsp7JP8OFIx+5wGP45tm/CWfRkdqFtRqMj/0uPJYRXj/J0r8nfv+ELy4D6cefZPVWnqrX8pEnzO4ra56cfnDA/iyvsP6jpbZAeLlMhw6V4is+tqxbK+G/jnrJpYXWmha5btnHzhnWDBusLse3sjzTlcmDWuCCVQ3gf2B54eOS9J3tWx9ilVK1VUPtrdR9PXaq/O3fyiEsw7UgNyfNBqoMDuJkkWOcFNQzRpBmKR4w013gPe9Hg7ZOl+SjI6mwNmnOjLMORWkQh3gEdjIZj5WiUeU0W60uWZywpw18DXw5nvROry1PToNLX6TYrBiEAS0opkprMxxg2PT5dLqYYYD0+TwHVvk7OUEkjW2CGQUdejuK9ak2lN5maavTRl/SbSX8bit9C4bIIFkzgJEhUoXmX31BFiM5+ckurA4P2D9HGuu1x+NV6M0X+jWhCA02mHvJ+MZMljQWFFQthXmigDI5f4KOC0eqzWqQ1V+SaWMNdlSCzl6EdgYgjWtYc+A58FbC/5rh0tFzIjY2gcifcT8YhFG2S6tN5yLseUUfkyyKFYAHkUusYo/smWf6lppcDiQ0nWCcJraVoe5UZAj6rCjf2EadNNU5gfYVzLrjtqRc0jt5Ov7pcYvxVyRftlZI5+VCnqojIKBKLmW96KeOxvikDBhVsCoG5x9PaeYF2ZGgsF4t7907t1E1tFhMR3j4E0240O9fQb7L2awB3d6bU+B6dkjnqSAuYZs5PC4b6UXFNh/oZT9ia7HYueTldQoh/pcOIXjSrgqf5NmdrBbCV1DB404lIPf2oxDsu0ELZE0x/pc8KAnB6GZRLMiELkdFIbtWYh9CqP4mRRAa/WHYIkHH6fkjJj4XHfmlVrCL64KCCWijFi4j9MIjihCtKeK23VxSuLQVX12LFJURq3ATT0Y6tiXFeqNXgtU/6EYnhq1wfnMUubx08WL/6OjWrVtZlm5v7RgnAcFbPqVHte58nkjFfsSWJAtpT9hKfQtitb/M1Yk32AnF82Z6PByOD/cP7929m6Zpd6Onw1AgqtWRspRSEyNKYpQA1P63Wq3Lly/dvHkzU6r6i42LF9rPPbczHt0ZDUdxmsxmk0KkadREW9MCfb1F0CLLXooConB0vthuNJ+/cHE2n40Ho7HilWazBQmjY5nFWYLnw4HUruxDQgQCOvCR0ffTyhSsUjAuHfWmic1gWRnG/LGs20xxDWEQMKq5cAyQDAsHyRT3y7CHDGnfYHtvUHRcivFCPszhjf1BM70fz0VjZ6uj1PaLOQYxTchrHrLKOvhMDBLtTpAPRtsO4lJjtjvBYnlBXgyNI0Si2S3AWHfEM2JsSZW1gDyJ4q2mAv+tVjNRQCsPDw7wYU6Rc3KRzyFJ1eYAJNq20zpHRhSmM5VXIGMcs/GYZZW0FTlpQRSA8/BjPNGswaHV1fqazaeqnFryTLyg0UA7VlVZwR5cFhzsRYL0EYWksJHzYsaLd4KGO3mz28WgKmi5khAhBb2xwbQ8fPoaqETvXuKYTEyEmE3J7oSMZdgzkx+V7UNalBoHSCvJ8MQJiCBjSFrNztbGHP3ayelwRGEUeYZw2KjjNjKrtmKT1r1qxKMSkdu1Qu00VF7WbAhYyn5BdQ3EEYIfxW5Uv8iA0jBOhsP7H9xUtXW3ujOZE4ygj6ccZ5vDcHBsTfo+++ADdvQT6aaarqqsOEsVdyUXc4W3t86dGx/1p+Ph3t377XanvdlTIJS2Gmm7ff6ZZyb98Xwym6jn7WG720mbqVoP733zO+d3Ljz76ZelMNFCzGbGbIwNkfIY0CV86vEGTG7A/yClwzzeiPMEoNHqKoDkGGHlBCdiW5+cJE+95ss9DqR03oUAQ6S8axHy5eaxpih6x8CKUxZJ6FftyhFW2IToVbJpCfk99LCKDL5rtp5hg4/plS5Y6WfpoVxZaX169KI1g125W/GVZY9O0LCVSRpmRZw46be8Gsr1LKu3lL/6VhxXgwEaI1+rt055HCmYhKWdrcjFakseM1aaei4RVNW9rJlNb1rkSgmdNCboUK1zCZTYnOMaVnl1+RyvnP3TPwyKiVPB+0lSeXkyyjIYUdaWKWVZk5Rq5SUDlBUVigrOD6pfkeQZjtE6yAoC7VXNi+sjyTOk83obd7KRWPKCl32qaj+sdFak5fspTGuS8pMO/1lN14c+7Y++AGTN9bp9OGlfH2FszlS5BME/q4oseXhsax5Da5elEw+qXJ4hxdL6TjHXjzYIp56dmlJO9uKOlpkLk7NWnbAUdECskxU+BbNVq16LEsgvMTmAJdd+ZpW9PhM0hWG3m82EJLK77ZblUeNEx+DmT3prZV3ByyOmYw9crU5nbnFScNBbIZT0N0lTdT0aDg/39/uHh6qpvc1N9Yd+KrKMPFILYfWFx3TE1/pLGl62U0EXQCRVVvK2xXQynY7RxbsSDy7m89l0QucYC5TjSXAxC9hTquRDgx6DD3RmMYmzRqPRzpqtdqOJAuiGEkCjVwP1KMKQHOwH3l9x2jVFbg04pJFHo7ULWkRIY0Jh9NZksKIahkOG5imSmkpKceF0qDr4DutaC2u8UvDXVf2Cxpx9lgCL2tkfSJqyxYnqC4EltnkxnZPWt+A6pdQqYRFCgrSGJNzxRaI3AAAQAElEQVQMMmFBpw7cBQHaFkQIadywmNN5YBXn9kAg6o31OGAy5ixmXiMX/yIy4csjcpduPanY7bkSq05nalbH4+GYKiOnJjb+eKDsx5witEExJxj1/1LIU2Ftszd2tw6CgpGsA+cqjJfQbCA2MxVae4iPJsFZftyNuanTO3pkpYXUYT0OGrTsQ/N6QSsZIzGgX/3FHBfcfL6Yjaej8WQ0mE2ms9FESFJP5WRxBsbzP9uLsHkU+v6xR1upMeyBiLzsoJ8NjqwTs7IiwlpErL2eAyvddGdkVWyizen4Ev/BI8lGs2z6VeP7YBnbFR4NOkOQsOAX4mEz7KCjjYGdEaEP/rGdjdbUcKgy49AJaQGZmrHx3YK9PQmMoK7t27T9WkSzqcYt5uBoiHKkth/BaF+I3JSODz3T5IKClOGMCuvSxGJdg7x4ePRPzSiVhw7qBSFUVDxCCjDDE5HW6I417xMhlOoKliqbMD1x4XVArG2Y8Yg8fGCtGdiOqYtWq7W/t68WxYZigNKUSDiU7Mv8F+kIuKC1EYMz3iyKojQfsI7wGsJ2cv1CCi9Gnr4cTyaHR0dqeXW6HTKm1m+YJoqIwn8w765YX0WlFa6dzWadVrPRzFrNVBTQ748UtpvnMo4bBQXSQkszmQO+nUSQINKIC7XaJbpJSBUCnhODkHP/3LBFoD0xmpgsJZs+CEegDqr8WRAnGqnvpeQvWo0TiWcNHBhE4KKRlTZhIOxmrR6DgChLX49pj37FuoUzrrPcq1ECcTSbLCaDYUPI871eL43zxSSNRcLMJ7nvKBgkpGQ3QgX5BxTEpKYJhpsxEWxYcU5QZRjTmD0OCrYIyJEwQR5HooG25rjdm+dqFzGd5jPBfHvM/IE3SGDHktSVxIELj8AYe1PzguT1FGlHgTFSPMlm5rn2+sePQYc0EWSSCY5DMQOsg1+xYwpj5aZtY/Wa1StXgj9Hwvjic7XBis1+JbE1D7aZ7Oo5IJZ22Kgr0R8XZ5ZWSPL1fBrAYZ6Ovm4CJVLALgUyUCATsqARjphZIO6Qw48LZh7A4yCEUWLhJp92O1y3sbj3t4BgfNdpXM3iDT3vLp84SKk5XLWTmc9mcRY1Wq0oQ5ibzWe2s1wbB/QRQqNAD5u5yqmbBUUwEzFNh1o44/5gcjQkirORNrOc+pVmjXa7o97pP9wfHR5hjLNudzYeD/YPd+/c7W1tdTc3ye4p4LudGzQwfvnsrR0BCOETN5xrECZLAU8ILXCW0PUhJQzSBNCMhMIs0GgvpuOzlb981AlOVgZWPIVSphShwKX6HrP8whP66U1K4AjE7PpNaZ1DT3kH55cUwtr5sgNAsDn8KV1YamFy4L/E+zSUt67e11cMgp8H9SXWx9rrfunDTPK4JnioxkfxnAOuAASCbQA/E9w7vlNR0IwjkwuwTzX1EJaMgN8AlwmOaOqX3euW+vmo0uFM8HsH3ifAdUGE9D5Aka5YuE78eivDWH9T9/qqkh53VioPTrbmd9a+ZWYB3BAJx6aY6XCjpt+xbL8QXhm/Wvefq9xVAML78dtjOgjhJNUMqYOfcCTq1uEa67GGcC2dEvHoCZZc1xY62QdhPcA6cSpV5GOJYNR9ZCAqa0SYFR2+VcYi5VpK1R/fvHKm3VBJUdvYFdNfnatlhcsl/UUg9DoTwl9P3roRQngrxj3y16xZqQFSqqCdAJfBel36XklPDecml+fI5bdyycWxtwz5Vochw/rlkobJSg7UC27Fo6VjYbC6sVgTD5yuZafsT0lFtOaHVu2ZSuw1LMFyUCZ1/rV9BK5wiLo9+l5bxmAt8LIg2GbaMmFLQ+7Da0wl3/XEb9l6aXnJ1XMh13lkJUbimKr0yiiNnW0hCE/sYEfG8pn2VwuIhH5iBUaRoQlcMtLfMUUjLmDICQfhAWGCUBuBgbk1gluWxoDXDm6TcF+2LQa/Y4479kh4OMWiRJjAH4ol13pM7KCWwkvIuvqr01/mGEPO0hUJnzpmQNSAIY9qHLd7m50WyvIepumAgiyg54g0bWC8Ei0Yt5VL6Y5IlJpYafK6CK42rRBZrCPNWFPicax4xy/Azja45slo9ODevYf37ilBX7vb3dzZ2T53rruxkWUZuygQnoIGx0u6CjlJG/Y9NA9goR9bG0g8MCvHw8l4OB4cjYf94fBoNB6O8gUGWpEc013GJDSwkVPAITNgmWQcZ2o6s0ar0e62Ohvtzma3t9VVF412ljUSClyOThNYuIdHFNnrPdUmyftwwWFjCkmBcfLxaLwgLQpLmLEGiC3nx7Ym8xkGxFG//AopZYXHZuvF63fexKPxf3VRNbDNVkv9dbpdNc4dsjhhfzNoeIM+uHMdP96dTQULDH6dnMcyTzS4QT8pCUubSaBqbFZChyWsq/fiTOmq0SxmPicbkdzq5MHEE+ALNjRJyGIGLyhpkxQMOJBPJ5PRcDQaUKSkGZ5oDYMB0chqxbPByjzR0kc5wiGbtW1OLJQ6YbQbN8E1e4Nam6yEiv/CNlm8r78SfJcKPEYWV644tOkBmNCy8hWY7SSN1CvHVlDiNyOLBkJ+yY4b+zIhAoh+9eeL6XR0dDg6PBgcKHH6oRK5zyYTRAEFrX+U3KNpA2lWqQ8cTgdVoAlQwJYoUbCXKE0VGjypX6UMzTK038oyNC60NiioD4o1zlcADJ68w59SQ4LBaHUFxcbx+uVWH+dYiytRNxcAcCwqXmvga6ab1fLgaco8iStdiYB66qeETIR1XmTs5xSuUQpktd7n7D0dNXqgLcnUeGbNZpYp7YfCtllM42qYHh1F0NggshWjcY+04HBjC8KyudbQCYO5aJalFCZumq/+hOO6X5gWaCRS5VVgzZH0zz8C64lOPWVrrCYI/qnkh/cB/qm84REC/uU5Dtd7GWj91/mNJ87oBFMpIlXd3wlqW9aWcDH7mRjrTjEYWfrw4UNkhtotEx1qNfItgMNpcZbUHuAgctMOS4EzrK2SQ+pVh4YYQ+Wkf1VK9sl0qvCc0vILvQeJIrcHQX8RkefkrdlsDBRJXiwUB9XtYCQ/RabH47Fa+42sPZnMKTYbLlr1lsKvaFCmXo3JZhA9GyGGTJNUfV2R9dl8roNfEGemP6sxo2HZgo5BdYOybF7EKUbqeyWF3V/GWHj7rGU8x2ou5ziABF9hTyiSrDgjMOEJBYEbBSNTcBKhf495LmbTXiPttlMoMBxTQoYYClgXxAiAVRyiBShSCgWdSMTTVIEWmi2yXaIGdc3JREIH1hNExCKye5TADhPzmAzFsiRB/zvTGQZGiQQbd3ikkDcQyErQ0kHfRIqlYHNIz7bDH39p9oe0tsk5ClI7HfJTuwzkoJJczJqdWat5ZsGFdFSKHSMyr03LJQazwdeNtTsP4dOkYylHdfr0BGH0H9xVIAseU+hLV0Av07NaS7K2GQBVTOvokztSgMGVgKIiJmos8/ksZ5PYwsg5zVaBxof5FWnRjOkuxGQsQtu7QgGWeUd/zDbLtTBoK/4bGbGLgsmiYLCValOjQL210U0aWS5zbpDunbRRlUH7PDHdFibojic+QZBQ/KlivPADMcLtVKHh/qClkPJGTyL/magvEvvVGA+Gw/0j9Wqr3UmzdHhwMBli1MkLly83ui00hBLCF6AELFE9ByDCtX+8T0moDtfaMHM2/MOHniaFaEcyRZwhoNGaT8Y1hWo3WHWQ9YSlNcnradoPsO6h6/oyJRSimdvg1gYYZVTr9hB2i28OFYAoPfKOr/jsHCsGpGsAwDFcfXnmTz5UvtTzZO+tvF3x+NHA8di3fd4cArprYCnASOYVL1NTBv6xSNvWAE7/6rhJVwxcA5wWVqNeU49+2b4OwlYuPAxtWmMq9GrzypRwK4T9EsL2xT0NRmqdMV1SBI5nB6Q3rDXv2l+PdARjYjg8IaqcghF12nEPZtncAtgpFYYCgvtQaSJce0D4H/Kb5/oJpaGxXxe1IwOVDB8Ml6Qa7L6s+LETeaKX1q4N6l6BZTk1N2XqvAZcrX4I/kVwE8ykKM0AVGfYNc6BQjDjpeprGlHb9gC1a5QfAM/Sau1jKcK2ryxfLQBev2rWkwhmxc+3C8Vf16DXU9Bt8GZSj3bwtNxEsSTz++nR0/qDKZfnyOW3UqxndCLLT4WX6b9euhbiGKMTsZJXOi0sHftedWNxKuy8hvD2w08Aaz2DpUU9bOlWfviiCOhuiVyA3SWWSH5Ql7+rFx5/ZF7wSnpXQYPK3y01VHj9EKdM6754lpAgyw2AGs4cPBLnGC7LGhmaYMRDZoT52opYwWNy8T+2NTHZgo+ngRCuvOOMTYXCiiwsMXE8X+TNHIS8OvhU2bbXdNARJSj12h+ZMLOi1LEaYz2wpQpL9QT3lTnwnvhce3mhlIEuqB38CpVsrdPbajeV1lEq8dD9bg9Q8wjoDKORenUGB1xB1HprqaCztRGcn2TolOLYMo+YAODYAtIctLPffXDv3tHh4WgwUPnb585dvHxZKSOUENgW8w9M6wt9DNCrWktWSeBrgYgFbIWYT+c5KTfVxd79/cHhYDQYTcbT2XSBrg/QzTZH0EA5n7G1kGaxarkzzqZSKzezZrul/job7e5mt7vRbXdaWStDnbSG0YJEyHS4MnIwY5WzBQeOwGP52nxEkIOcVKma0gzdJrNwW3IMoAKbjRYn2P4cw8bz+TJebrFeJVy5tusAa6gjtGYaSCCNilyymlHK8Uaj1W42Ww3112gIGmq29lhQYBGSSwdJhgn0EWswVaPsO7bGH8L5XLGxeYR2DIEyftLN64BHFB2InZugdcjci/5jqYr5UJSwNjrDHqCFDun49RcLOVOSWTW3B30lKZ1NZvm8YOMVEttCsOys0rTwPhOCkyjlnDSVX6lf1IwDgmxRLz4XvOEwCFdKp9P3in1InpOWJMlhUGqf2FW6VkVMEku5vBj1NZUxuAGAfeFwEUMseJjyhcpcTKfDw8P+3v7w8EBJzodH/dl4rDQLElWclhIaSQVpuPAvJqKZoHSeg+ZEBOcxHjfNyNyEbE3I3EpbmUSE91kdxs3V17rZEIGfdE5k3AIx1lKIDGIIATN4aw18+xiSE+hKz+LJPJL2Tp+txptC29hJjiJW6OBZ5OCEkWTE6mTyGcOWZBizDHEKqXBocLgAV80HBY0FizBWLBo3FoRaycGJ8FgPAhWpL0QhhTOns1T92PFkpOTdioCHMWlFPYVDLiby1CPP4xq4qcSxlPNXlQMhlnTT2thVWxCUBePt3898Io1O1vzWma47Z06LARZwEbTbrd3dvcFg0Go12aZSrZkyS+2xR0ZvCoYwSFOz7z4B1ml3DbesTdbdd0mLLJlPUNRakVDFRmTolEXGEYVLdPsXoTWfpJxVy7rAiHdjtVAV89HtKi1m8uD+g8PDYZZ1lYpWLeEIbEA+8vkWkyt7Ml5RPYskWraq7OlsPppO8oJdsfFToTEFex3QLgqEEKF80Q66LFFdCB8uwvfahQAAEABJREFULWBYE/E9mcy82SQrj83E2jFZsmogIFgAdS4KAWrK+BQO/ylYwS60iQbzANaqF3lt8iGm9OiKm56P83yi9mCtNGnEcStJisUCIRak4iu9FzGxPQTCD1kbCB0qDMFbfTQi/0EMTwhZdBtTg3LhgrQpUtNIG61GK4GoWOSTyWyqmkHGIcJRF1qYWD5iC3jQLtHoOSsd3fgKj0nVttdkzM7EENiE2xZ2wfxi5wyQbC2l3S4ZPkKyozC2AiH3iZJChCa0V5EaUegNRBFOuwz44jXgX5oQnkAOLZnkYzMpUBc48cGHtpackAJMaFZriMotxk1Vwl7VYg7LycbIBH8+tS58VOyxdBGZ2eldDQdeRXsmqtyJD/wuQ7iW9PBLHaMGX8Tgg4odmo5H6n7rwnmE0YTd5GjMrz4Xx5FRX/vyIm6UlSmxEz96k2E9QSsb1dHhwZECGZRWtFq6iVKg6CJLJ8PR4b37ijY1Oy2F9RXfPOtP2pvd1kZHFeQNZF4sqAHMYwnrzmbJ5IZCae7k8lQSZDhLZxdRjjLrXKt9iNB1xmlcQDuWKXIFAI02mm1VtuVPZzr9jKw/mStZXVgV9bWs4tCxtHi76Tawvj2KdDmMUyDM9OxR/Bzw9Sxgb+tFgh7lWncQQKzzAiy7W+szZ7i6llQlVz303gZXzi16g2vtPfiD4lkmCCdZ9/LBq8ESDyedN1WCR8a810tveS/7+RA0vlStCGszzXPFAvG17b7pIQT54UitM6bL8mGNko7Al4vaoXC8kdD9DDUfusd8bXgifmpGzRawow1mfMzUghtu8D7kVeJxsgH8lJrn+mn5CH9AQAhRj3egkgHuelmqx3XrZ55Jenw1n7wBUL6A5aWDUYdAXQClNSJEuK5dZRDMaJmTqDRnaWNkqbCvXDe/sEa1tY/qa/YelQtbdGezwvXkQ7NekmCKBSgFvNeFW9d20Pw1FCBksUYrV6Y1JF6PO7k924fzLT89pkUpl+fI5be+9Ld0vfpWCH8/Wb4WmvEKvmsz5XEtP1GS9eqW1almq7GisHgsSZ7k9gQJ1iP8IJZTKY8/qb4LrkwJPYiQLAtPOB+W8Yu5dwKkXv41X/URVIm8gIcYRYgkP8wkl2bUroljUjiSLhOCUYaQ9QJfiGBZY3cN4OUBBK9hfmRcmAj72Nzq2XNvVW7pu1Hkldct8ZhKgBAoPAGK7qCd84BGQnhbygQTK8U9KnF6Pl2XNbXV3QivLUFraxdKGe6CPjg6mqQN9HGiVASxnEp4v9ORMWQZe2KwcU8qQmwolkBzBZ2FS/vUliImyIksydWrmeCZhlQ/t0Ji79fG1wUJ33L0JVBoUS0pC3YfPLh3+/Z4OFR6hO1z5y5cubK5vc06BX5LBlI+geBgpYPCKhTYiXtEgi70MUKn5Uk8UChRmJxNZ5PR9Oigv3d/d/fuw+HRcDKazCZohiILss8wpxsBdNz3gsN443EyiZ6705gi6SRZU0nkmu2emupup9dpd9VNM8kSlERH2m0QNYfaTM6OadopfETB7rxRzKvP35PAEH17Zw0dSChKJIWZIGkwuwCYL2ZkB7JAOTfBTCy0l2gwLgQKCqXNrgRYxYs6V162JAbVDlT4SkEkGUI1eKhZ/mgTKW51s0nYLqjBOs4OK4zt9Bu/IxyrBz+hJSlSq4Sl8UIAWllP3iES/V3VTnSWP5upP+o1+igwPQIwYXdsJKCM2pyi7yBt3YL2ADHG15hOpqPheDxE1zXj0UjVyydCeSkZMY+TSZJYKHL+zyXqGyAEb899Q7BYlq2C2mTKQFlHL4xOkM2DzIAbiPFphPRWmXM1YeSsntgKinWadNLkKe+g9joouc6YrEUxraNuBimjQyG7LqFBE8eCIEGSZUhCtkWFVItFwb+Sg0+ns9FocHBw+ODh0cPd0dHRuD+Yjsfz6cxYG0mwfEnEZI68E8W0T0U3+RH6NWlkCSLzjHycpIgQFHJXAnkFkOzdRIE0Km7I1oRNM43FidRH/WnaSC1aIWOaWErhCI8Rltgihij7VBUeFytkUXflE2UBIGNy80iSxplrMHgJy+TSOJLieaPOyYgVzGiig85jCDdpAxTCWoLPhHNX/VXAw2mWiz74zQcQCQALGq9IN6lgYiB8Z0ukuET8EhEiJYQdiTUGZtmdsfPTCqM6IitDgzA3v488j2usphLHUs6vKScrih6tRq18mlmKsBdQLlTp5veNTuw3aWEbToyptcqZozEsPmVqZ+Pn2bEGZ8PrG504JwfcTCPSgnVGEuqaZ991GwtBEQGRcM+IOYBmq8U6b6f3Np4qTA2ITRWjky/koD9U3Wl3261mpp4c9cezSZ412otcIWXyNactC4gmR5Hd87DVqkIXCqUo3D5Fm0HpEVley4KphDCbKGKVhHUF4/PidbgUwr5XrgHqR+p7IgVAAuEGXP9jN5C6PNQtGw00wY5SA22YxIoy+guSv8qSY2qTRam0vZUauaJ90rxYTKbDRT5rNtJeq50VUUb2GoUoFHUhDAxsnCjMJyjqJDnXSZCFLTj+jek8a+zZ7ipiCCS2gS0XC9AVNqK0qfTzSaqY9tFsthDErwtwkfSEju3C3SBuPDHcqLAbG+2z1HB7/BCMOzcyOyGPmca7lzboNrw+RM7+wS2LEDNIbXRCvsYIyaBhhHawxvYrekZ4zYGFBBDWpndtcHJAhfsHYvFBaI9JWmrw2JcSiFA4oPkyszmwyEMw10aRU+OUNmPohC3nmIu2I2B4Ugu3Xv1gdn1kDEfYnALlGDQs3LJy8wLuXQ3kPOoGYsi5VF6gmxz0idnZ6ClIo0oi5sC4JZ4zFru4jEGMYTuBYx3yNgP5VOys2pLNptPB/v5kMun0NhRTi7XlUpGeVhttUEYHh2pbpWat2WmpN0b7R0dHB81e59LlK4I4AO2VChxyhJBbdZMBx3IhS2axDhuDHTPPEkXbo5ghFk9nKtDfSdSJZSIEujxptRE7LeZSSn8gxNOXzq7NsOxWk32bX/PJYGcBjo2WPjjpeyFcZBxzxscWsL+G5zDmKV4xPhIlyi960mQw3xb+/PoNW1/QXMvNnDzBsflw8pdP+YJlZpc2Clw5j1lzzww+MPmgmRnhmFuNcAWUChtMZgTZjiTaYuDhPnDg57/lvezlCzDlNeoOqhU1tXn99PoadN+UgSDfjWVNZu2YLstfB4V7mLdUHjyFgOUsBPiEUQ+FHRwBDpe7obAFIMzUBNGvCsKqhDfvbqzNDAZjapsnSiMrRKWDNYgGRGX0xVoLtB61r5+5fnrE15fXdHYVr/M1PwcqN6W5gnAdeevaVQbBJC9lXIJ8qL0M21JF6J7zEt9v5LLhhOMyg+aVciy6s1ke7gJ/AQq9PC12CsC+hO4strHDG2AkWNmmJV1aM61NFx9vkmvmPalJLs+Ry2/tr6xcr74V3kX1Wqzke+TK27NIx9PG6s5mdXn6XdbSjwpO6r8Ly7oCqyhZ8MThF6i+C65MCT3YG4tSSgjJ1uUVE+XNJjhsJDyWQX/V4jAI0TXYpvvdcA0+2yRrrtZ84YQF/SHyMyEYZQ/zmwww9x6H7P1YttfIGoSX7/Fn4L9m/0x2JHRxr4Cw0lqXY8rYzoCjW17/IGTFSsQFwkmHMNO6OZGelMtBntnfVV8XtRBSJmk+LIHHA7uF4ohkUNavDf9RcoBmu9vpdNsNpTwTcyneb/dyNDSRrNT311w4ritAuYLOTojgOJ1OTW4/V6toP+lbQEoTzmEXywv6/c7Xvz4ZjVTm5s7Ozvnzm9vbWaPBlgqiovHimpxUwJwhFEa+p8cDNTAxy4cXc/R1PRwMx4PRqD8aD4aTwXgyxEOIUoeO0b4i2LWJYwbNNEWoSk6bnQa5Nmm2ey10bbLZ29judXvdrJklaYxiYxTDShM1XRuE+Cyu0CYCxrbAQk9knNVTUp9Uss35fIa+PqZzlM4uOEJEwVJHk0yUJif6sAYIwtni6CrxW2wOQm5BSLxICQ830tOCjWDY4sQMuzFOEtoOpdC6VFu5rY1kqt7hajNB0hxY5T5qqxQ+T6kD0y9mxtzEV80a4bk2ZOGvUICqhm55bKLcJ4lqlxKWDgeDw/2DweHRZKS0V2qKF3aczSwbEHLkJyohohIMC6ecYiuc9RaCK1ZaoKFKu55n8l9ZEtHHotlglemhg8dAGkW4rtkmSVhYK/2dlneSZfMyvJPC4xu0ZMH4mxdo7gDscF+9naO/C/xTU18U88lkPh6NjwaD/b0hxtDpYwyd8YQcBWnFPwMjQRoIE3xOt4KcauCBV1Q9YCytNGtSAJ0syRoxhdFRaz/mRZSw6YQ5ZG/5HSG8DRhzQGzboP0AQJiEEB5N1W+b8Q/+vDn58JNbRyXrIt/DjbSmdrzcQLsqMcGxYo0R0D0Snd/mkGKRYU0iy7ZErGaO2Gt9TFXEOiSAIN82BlmDiSUipXVXaqx9yOSFG64psBYs++hYiDWIqtFUmQUbBOSq7pFW1Vcz4+Gnjq2hVHRlguCfSr6tyS/nDMhKyM9b8Y78CI8i13aqhCoS8f0UJkYCaLcVRRcuXFQ3e3v77E+s2+2KkCsibCV12Dl6jc/W68h2tpj5OyVirkuRxBg3rVar0+mMJ0oXOT482O90O71oQ7igX5H5KMfYQc6swPgaaW9jQ6Hr0Wiyv7+r+OYLF7cuPhjcuHEEcppGMbkrigW6p5oLmUfFIhFtxYgRg4YGaq04KrL21W0MpKdq35+MZug2TrF1DFfquwn4YUYcL6aZPO1ZQvorTK651P7gpch4ZxIhpxSwSoY7l853E4+/qODYcloDWTKRR6djTLzJhWAh7V4UGVB1HRdziIYivTOd5IdHaMm+cb7dTFMMbaegCMmKhBzYZlU7S8TNyUIIMn2eEZlRJEk1JSG+l3tXxCLmrTF5LFM/WFmxgFzOtJ+8XLGZ+UbSiLZ2For/KIrbo4MBsbUCoR4KtIxBM3ZcrGhNKfM5kTL06BjjktJDaobCgiwxy7hjQocHZDKepVQgkuMx2lwVxXQ6pbIp25YLpJWJftdY+oN1gMTzQuz9fFwgS6R2FyJWyy5tN9SjWCm40YBA7w6wpGdIdsLEywp5+kazoeqYItc/nciipaYramiZkoTHtPjq6ZAMW0cg7nhX3MDl2LhOq5Nvqvaq/GkxkmqXkjNfYXcRDh9bJMKXahYk2stJtOxRk0cMInPPEFWbBLxzpepA+z7VtEAQl8M7THS1MxkMH964oVjPC9eeIUjghnPgQmpXzB5QaAMW7ihKTZU2iI9IW5sbW5cuztQ2ef/w/s07z3c2pClWgNi6eP7KJ166+drrw6P+hSuXtra2Z4qj3t9/77vfbbXaV1+8HreaEp2dFBySygzqh5Lkyug88vjYPU9ymkl5cwYXE9mKoS1zJXRIG+emo9FsPDqRaOapT6s4GBB1bks8ir7k5frssDZvYVfeKT9bkaB6RAM8orruTJ6oI0Zboi8AABAASURBVOs9PUXB5eUg8CN2zKSdgiWVx3ESJ13qj8L2lVBLWNXxeEdqnulJw05rTczjQqsrx8M9lFY6dFZNWnsivqc3CsfOfT2qrb6/sqLahyXUcbbpMU3amjjsMXXtVBj09KlmDEtZwe0jDfn39CL7fnqE9BTzvKcH6qev04+6es929cMJcp/49AjA8FGgVVj1YHmDTt5OCP45UQ2wtPSqwZbyJN+osKurh2bZh5WIMmtQgBI8AI+sxQCSuxvdOUn50izlGAvmE6TMBPm0wvppE5svLOZzNiDY290d9vtH+/vtXq/RbHZ6vU6322g0YvJXIbScUAb7fNDx0T3vJk76RxcUBoOPuaPeeTGdTIeD4XQ8mUzQq8F8hg418jmdWAP2b+FkYuTy2QZXB/SGjPJgGWEAjazZaaoppig0StOMPjYojgafLpbG57InzjWtppqFx27q2BnkPL4gRtRFGlKX81mu5N6q5Wqs8lkupdXER85UCTuOgeAjbQLimZwYkbI2NvHUmezdhK04bD5bmphPWE2Be4urzvOFtsAA3/AlAmMoQ10gJy5kvWLeZF1AxDYnqJtnHa+ChBwdUEhymoLmNXM8SWibLIRWJKPgnC1LjA+VmOth5+LU8vkENV6j4XAynMymU5kXUgceik37CZ1oWa7R2Bt5+rEo2BnZ2M1uWfu6LgUIXpTHI/+S+YWbFCUP50tWu9jQSh9GIjcixlvDku0nwJnF9ymM4ooPLqqqC4sDaI5RIi5ydqhBkaoKBRLj6XispLKLGRpvLShUkwYFqd/meFMkouBDBaQ4imL6hDQWVeh/A8+AprjqFX7n6C+gPZWAPXsshFOtCRPZKhB/gBkvY1lCWUtHKUSDS0udjryu/uh6CVY+0o0npMr9lRZRmGIxjYH0v+7wkrH3ktpqRfCiluTMiWezKNRUoEN5vEJVHlvmoeeqIscDuhhxQanLcrIHxKG2CM5iVasQE6dLZuItDapdDqtnUDyBnK8PVbr1MhCvL8NeNOOlOlal73s6MUkGHzdUEM1D+/3+eDxO07TZbEbG8ZdrhdNk2AA0moKCqcuWFALW6d2yPUBAjqgUub1BCxHFtIzHE8VapFkWsWkpmZiIYCPAK5BMyCgS33Q2nc3maZoRtkzGo8nu/gGhBsUrEC9YUKQsdJ2EvIskjo0XtNKrK5TcarQUUp5T1MGcwnUJsj5jGzf+tuMRobZXDiuFhjqiklmBwydu5Z5Nql3aq8oHmN1l1tVQF17HVb6kjGb1/V2BZCbOfchQXAQYgaZYszyfzopG0ug0W1kc0waCeXUk30wECqGpDq+sglxieRBDDrqYdWDu0XwmMl0uyGBdr6sCOYyEIz6iX8d8MeNocsTlo5PGSNgwK8yICDZCNcbhjsUXUDY6lhyVE4itJj5eV0WLsJD2ZROLDivRFrnS+IjjMSycVyWkkTm7d7STabcQeuSFsAoesEMAq0FCgDudQhstDidEdbJLQ+3NjCzWwRxKAv096d+CAYIzSc7s37Bl1kzKDj4CSiS0f0j2L6VGCbnMwgdss7lzLQUBfsQ9HRWKtnzGFI+QtrkQpQsBBgC1MzfdOjKbVbwo+Y7EwEmT4ajZ6bQ7HTV9SZrgtrdYEACDEHYfpX1FUr2+Rg7CH2wl2fVGuFHGoKTzLMMIslmrobCrQD+uqeKGC5DIWE+mW5tbSSMbDfvT8Uittc3t7YjM/ynQqW6/xb5rIId1p7cWG4MFtRBveFvmpxtTq171c7EQ0IhkIiATAqUSrbbamSCoRtp/0mNU2T2W9OiTAsc+PP4b0vstUaJgxy7szlNITQicCxPhs8Z6Y+A8nTB6YRGKVyz8lm2tY+cqraxenzQ5tHfq10/79NGTQ5IrClh6YRe9RvOm6xYd+JTFyhMd/i0VhnJJITw0Bz7nXmqD4R1sPrin3gWEVESETTXU270lLNEUXo+E/bQ3WP5T4eWLan4lrVhGVWCqlvOwdCnfve51xLbNUA9/OjxcrkcJ7Hy5CbDUQPg53mSYmXaZwtQmPLoVVOJ1wQJCaWiCES8NQvCPeR/Kz0XN6NXmrp35aAlW3q7z6PSNgjVy6h8EcK1vtMSwNFfgzwuIYF3bgv4k1zESNWur9BSgpmHV5OuFZLn+6i0cl7mseaabIDz1ibeCHErz8Qz4SxP8eoO3vLXsZ5oKV7XpJPD2dDE6T0iCNcatRn4JwaPSXr30KyvXq2+Fd1G9rn7Ob6Bc9uC4tDabfCz2qtnZiJOmdRvjy8orz+S67y7PKaeleyYo8RFLioKHSN3KL9E8DwsFY2mptHD4xsNXpi6fYlvewJFhi7rBI9r+owra8bCca2cZfZ88nQJdnTGGs8i5xIWAzYQQ81t+y9xDwMz6eebKvmby7QZc2MdejnClDCsGlVd027ymgWWmXUtMfyCEpCpX7PW6NDKVAsFFCfIYl8py4VVD765rmYvyQvHhDvicNQX6aLe7GxsbrWbazFCetBDiXqP5sNsh0RTGX84amfoFf+cQyfLSEeu01WvhihLrpTWViwCnqd6bb32ho+pQeJ1Bv3/31q3+wYESOir1xJVr1za2trq9Hjo4Ia2xqOAeAT47wx0QHuAQsEoTSFqK+WwxGU2H/cHh/uHh3uGwP5yOprOJkqRNUS9BEcwNzJqhoKOMHOVafT1J1cSljaYS66StTqvd61AYnXa73Ww00d8GBoCIBLnPKKzEAezacHsR8AYcLOZzrJwOWSWM+QUayswmU/T8gbGbzRiw8NCuePw10kt6lYPpsA4bjKSU4t3wsUdttREZ7yCepYi0+l0yF9ECdmGcpggba4i9llDl7HeEgkYltp6ikGU8SbJ0CgvAH8fCBQqbFxxMZ0Epx2OEhZH60jnSWDt7Vi+yXxMFKhxPBz9NRjNqrGYTTGqiB4c4y/PpTNpTzOQK3QMVO5LgkyT9TNphdpjVptDoxOr3fAZA+hY/4esWAIJb07Ao/JAuIY1jXVm3mlwvIGjeh5ekECEJKiddaI166nICcq/poNRyfNDSObymaFWoyMnlYjqbjyfTwWB81B/3+6P+0ejwcDIcKghRiwqNErRm1igjNaGMbMg5cqShjZwo+lOWZmReljaUXBcVqRRVhyxOIlvaQJBWIJgOQflfcMjAIbO6oRN2oqVVggQpAIM6SDv7VAUw3WvXn5BfYKRmvc4L8C3gtH6NTdaC/mn3J1QmNlHACFslTkuNeCHFGzVHWZpgJAN0OYNBjjIMeERzRyo/Qno6zgDqe2Ke9nCZMsKWUgR8jlhrWOyvnjUpA3bKWZ8cX5/dgUG5/nVrEGutOAj+qeS7+/p2GASl/69WAxICbv74c87f93Tikh1167xEkcZmq7Wx0SO7TLTO5CA7TI+5jPc6MPHAU/VEI53diTglM1fXSIu90FeDao9iiwgxy8X9BwcHh4laiEoDmqVsMoKBAIU0uEK7g0M9cxIXIo+HCbmXWCRZ89Llneksf/DgYD4fxOjUJFZcHbl4oOgR8UIqFBxRoDJyKZHIpAVR0umqnJliB5TGdTxBu5PZQnJ4Hh3bLGKujkglea03AX+EZh5PPDJSuyN4bDj3CUxm3btUx3kQHqwpKyxHc3yS9QgvDKdTWJduWiOP2YoTRpCPM4z6FGcyhdvT2Vffvx0tRPzMpYuNKC3yjGgMWquigRyZK1I9TG7m6C0nj4zxO/INMbLW5J+iiMxmk/nvNIYWpLliatHZSM5mkzkWhO1GM9o5pyqHBdweDAbzBYZFyWK0F45iwZYjCpjVx8Rc7xxipoqmi94pXs1cksGlQAMRHGjkilsNplxiPJkX7Dgw1zFr2Nab6CgTaIzIoTY5kvl14ocIirnyxXQ+LgaGj6dBVYOUoAFZuOGmVbSe0xOfz7EbrRiDEjbQv+ECOXh+nkZpVCK9NUeWpZRnteKsZx7XxICTJkZFcsiYJG11u6CGJZeTaDADQcFtColRwLygiaaJjFnM/gk5StyhYWzUhWJKuFfSnMiWJkqalZ/qHaJuI3EnQMZ76B8lIjCUistR358cDR9+cKvT7UjFDjUyMjqBfK6YXcmesfR+RX+L0V+wM8WMgqcabWJkLBvd9uaF8+p2tH90+513VT0XX7wWKXyO/kuKtNu8+vKLsYhufveN+8W9zYs7G+d3Dh88uPP2u+evXL7Wbqo9dmdrw1qdfPgJzJ4WwuH9HkiqI4NcjArYjIvNBKFKAYVigHtpzytVK5iWlZyl6aT7yUfbf9YQisoHRD3ZkNVOGa+bnr2ItPnCha3VF0b0gccYtPWsC4wJvHzNARodi43YEW2uSH8s+WCJCQcCpQVV8CtAPqJstfZRkKkdMBbed8M/wWc8CqFt5aWzdCldiJI71iC4TzAU9rY8ktJ7LXw1nGrpTYz0HvqedqXwL92n7I8MPuqVC6/dS95mW1QSlC/ASXQNtwe6AFTLGPLjdutmQ+5e4Rym0ZFlIAOpHnOX2pUVGBGG/Xhkd802R3g5VmYKbp/lFbBfNA9dB0VJ6Vu7U1u21urypTjmrZDylRZp7Ue9MXEZYP9zL9pmg+bNuF92z+51DbxBtpoLAfaR0Ib4wYQGwODxHeCEgvY77lZ4LS9z/+D3tFRS1KSwyNKJCUa4lHtmqYpeV9AOiy2CTBFgWWHwgfRQg5G8BFU5BCb8krrSaoV+vmucqFit2/xwZrxhgyDfm2K7MQzfDUqWKisNoOcw3ceQOr8wDZYaQxoEL4ie2EyDHr0c4HdlgNf1t+xQ2Ez9zbD9wseCrjtaICqCZevhRgv/Jt+vtFzAe0uIAP1BzURU2hc8CqbZS1UIDR9XS1ZBuu41WXsnl1VeV0/IEZULL+GXKjR7RZVeeUNsg5XoFlB5pUi7MOm2sFTYAzaulXMKaa6lK1PYp/pX700FlS9cAToIqmFbcn5huAJdzDhN51f4c7a8tFyRaWHBjJe0vZN+j0rtN+OzauBLU1UpciyGPmafI8UaSS6DqBLYORipgpgsvydFbSXusVz63Oaut3UKSFmVKOrLysIvs2AiwLyO2gcfsSg6/B6EpNwiIgi/JKBMlgMqIBzWEmHna8ahlLV6omU43s4UvTJtwodeXSa81XnBKzUfXNJgf3wCSiAC9ZNjfnx+yjDIdpxLV8IVZVFZBE5TaDlop2jRhIRZZh1nwMt0FMiQDihzcq47EJCzsL+2mz5ECXemS1oS5goLaWswZ9yrpMpZicqw5nDgw3tbVIqAi/QdzEsIv0O30ps+PFItYC/LjrqbC5nPZ+jnOCM1mOe8wWJ9BKqPSCTz4SUW/ljQaDSbR4eHB3t7e/fvK93J1vnzG1tb2+fOKUEc6xd1YfDkk97CAQ7l7mX4kMYJTxXO0UfIsM9OL2bzKeozKOB5UeQ68gObDpC3dzwxb6w3lNyO6osxmE6jnWZN9Ycz2Gg1smbWoNkEchFtaKAFcr6IrNmB0Ac1w828FiHqBSTo/CQe4SX/DKqF08khPBW4AAAQAElEQVRE6ZUWcxRac++DHai3vug7ua61oFgh7ARGQOQFnQHjYoTe1AekLZbwx9Zecw+kt1XgLkQ0OirFqXZwYt+SLhU8iRbRCKNIjqNI91PpAmaY0KQm14y2IPVQTF5q0HO+Zx/DzsStoQlbLy3ICfp4OBoPhzOc31xNuprlyE4B7vgjr3c6+IAwQ+BQtlxFK3zttMkSwT7KG4G6IfXHGcKaRVUjC8sv6lrlrh9f8keg1GUhytvuM0klaLTsE9kNUAFCBkoFkCsIms0Xs/l8Mpv0B2hYNpsoXQatvpxriSMw21j2f6NRkvopSIbPOIeODJNvnQhic0pZAEfYoeg5qHmJCOejBoEAiD2Ig9dqtxXTnLPP67gOYnNgia9Nu8il8PmfYGQex7DbVAPJ1bZqBBiJkFukf3UgObONBm0JJ8CqP0gYK1CFo7kvacAJZytidkW/K9iJD46fdquEU5akTem+iTUQCiW3TYRLJQYumNEJ85x822PmYobGfApgclLbKexvybIhAr485HgIl9Jnib/HCfqxqQSfa2Km7xud1CfSZdCRellsb28rkB2Nxv1+X+U0m01Nb4vC3ygQzSOdMQImaqDtwfrH00IEeUWb1XUXjUFwEd6/d/9wf7+h+CV0yhKbhSEFR47QRkmYoxZ7lqXtTrPfLybjaSfJ4ri4du3CeDR75ZUbqruAwUFSxqrIPSwW+XzOAbSQ0hcyJq8San134uTi5tZE6fXhsD+bTdVqV2UJzaM3OtAE2zJTjuU36A7EcbKDZaIiL7sWp8P3DlpgWDrGN5cwrD9fivWkLmsmqpl3XEyZDB9VcA6q28nwXAF+QxbRPIqnjfT2ePKNmzezSH7+2cs7WRoXeUykXxF6ihiJBKdA5XuBBgJFTLYbORiXQooXJW4bIaiQek8sdSQUZB2aIi4gjRYwUVBHxgiKU0il2Egaz25tI9+QZHf3D0aFnKttYkzWC4L1kUhx8lnBzEmSCUB/FRFRVjegHvuljeQVzMMc89D+PU0aoinIshMN0xY5WI8axiQ8Uvwz7jUU98xSa1pBuHZQJxox4VMEcr6YDkdsY94mjiltyVRkuJCZ+0EPe3rnrrcna0wveSXE5kKkWTr0h9RIFSOvFvV8OqEJayl0IALgqU3yEQht5FXiViuNrgspqquXkXFWR6GQ1CB32sV8QXhZLiYzOZ8TLqN5BMPCEEeDJyf4JAHv4ahLPKo52TNpFjTsDbOn3LryuGp+ULcYXy/0bnmwu3//5p3uue2kkUCCMR+lpFBKOFUK2NB2iqOtIUMaCROOSgqHiAEK7XJHdS1K480L57IkfTCX/d2Dux98kG20u+c2WGKcZGmr2RTXrvXv795//4ZaK2oPPx9PB/v7737n1azVuvDss4odj9uxJADRnu6iD4NzNWP1OB30PwFJzdX+ItpfiFYku5FIIxmTDCP+HqI0T3fSCEQcix5PCKp+dauqPg6Ffj+dTXoUUrTsZfl0xwEL0orxkW6VnOm++Yyr+376kNP3UdfJ0vc6s/P9Bf399P30/fRI6fsI5ENPjzDkf5Bm66R9VbKaOQp24mkU9bPmuINSuoLCygsSxZOmPAosJ6KniT84KfNny/P5W6uJV7+j4fDo4GD3/v3JaNTb3Lr6/PPtTkeNjxqwNMvYUgGVhRxohhkp0rZQDZHmRL3THPxLGhlWOSrBWjEdTwZHo/FwNBoMFzM8dqhErOw6RaITEEC3CFrMSHUW2mGCPnhPHkGULLTZabXazbSRpI0szZKsqSRwsQ7FQ0GzSauNv4VpHncczDhQt7VRQGEM00haThYRoON1sxCywFjtM4wxM5vTcV2pvSkIroWdZEdaSknKchJs5/pojlKBk3acjDYiPuWfkMWJ9i9gjE600jec2RKX70+ccbYtYh2XByXhUaIltzaMDnj+/q1RS2zMRKwiosgX08mE/JpoxbAwmuk4irkLqqVpmrJvflWB0veTzDIyVenI9ZPxeDwaqelWI4a+99VvoaPV0yhTVCTJQx8JbfzkbNJqx6EEw3YoSk/rjWUrxUR9sg3Q11Jq+4e6ksbaos4+RmoLrcIq8sXjTHz21XxbPHpaOkDW5MKYighSo9I1nQEg+yo0XBqP55PpHN0XjWej8Ww8RV9HGE5Fsk7S4BCupgDj8kIrHBBGRKTdaQB51iHfGIl2C8TBnYReWuQR35wLJqfrPOAM+U51YVAToX2Q3rQ4n0WsceCVt2IwPwT5vKwY0Pqm1AFQWbWX6yuIQN8d1Cv0UXCuLmJzPz2ti4WUjNql1C6nQCN3+9HAJhO0sRAZnRg7ocKatemmk3EKmxZRwCnCAoQ7kqRgRXzeSNPZbD4luxP0vCXIHlHynDgrk/A0dVUOIq2JCdi1DBQ/wS5aU6qcCuFaTNib1U/SLwA1zMhxiw5ERfhwan1vTcNZfL5uddIYm0YVGC4quHFdo5MqVn2MK6RYYmFQ/uAZNCBE615+wbwCElrFJG1vbyvQHQyG5CcgE2aUmS/SWKUwkEx4MuJzJdpe3GtqYZHR0vAYRT0NK424sdeIMNJNp9tWi6l/dDQeTw6PDnubG+Q2qvAWuGSSpVpGViP4SPFaiks7PBimSdruJZ1O44WXrvYHw5u39jEkSdEG2QSZKC5OMUiSA/OksRoVrIGcVMRF0RTRubiTd9D5RSwHh8V4jIrXxQxXU5pkaMcmSRHLEXeceYTphFHrSu9eCJ9jKM8a2x2yAbrVG3/v7Jik/w/4F4z4ZHUxeOpzod3bcBVlMiOrC3e1BwswCnphbKvpW5E9+GTtH5jwk9dDpWVXhGcxg0U/W7w3GbXu3+u0s89cPJ8lCqLmAo07lIY9QRMOiktDpsrkVELVh25JtPEjbQ4kRW7j2E1o0Ux6f/Tio15QrG4b4/LFKeSj+UzkC6CtRayymk1VHMF0Nn8wnhwVYkpR3/TRXQ1ziqFZkOkL2b4m1mxTmq5KYQIoshVasSjmtHsQ5DhEkbhGiwOpCNxFkEkKE1hmxImBzvBsWcHn8iOzMRFmOtjBSTGfTjHqjRQcLVMuCmjLpNGMEuCiPP7a6pQCvniYuMIKuMk1Bh/8XTVoSZY18hlu0hZTWtiAPhHRgYfELQfY7YcZKGFOiR9Dh5bvWwtTwMS9YK5DU1wwzskYYpllkXr80XtO1tzoKa5B7dK4C+hZERsZm9N9QMEu0ZjZWI/wqwSrQBi9IGsRkgsw2ErNBjDzUAh/2XherfmxZI9skWlkkU9H4wfv3VA7SHT21u2oRqqt30LPMpo4GTKBljP0BX1OSBZsMUM/YLamFKVFTUVro3fx+WuT0Xiwu//gg5tRdK292YtwV4lz0NneuPLyC9Mp7rRV19RUNju9/Tv33/3uq53NrY3z5xSDhW5RGplqxEIWMSR2b8wd9OmRvZKVfZBhIn1OVC7dXy3bhpFp5ul4oQ/DSsYkeUKByyjHP3/8lpetQbjiBBvXpcl7AQjkiEJQPWqjrrboGPV2NMJtP0Y1LhQRV/urrNnc2Nra3N5qtJqx2uQLcx5bUxmfkJTbJrXUQ5akGOFFQL5XJS4fVzuka9C7SDNabMI1p6CtOZ5YAhNMyn6aFqf2I1XwK0y25vm0mM5337t5+7U3hw92FQ93fmMjXcw7Ap5pbVxIG20lTcyLSC1RtUdSkqDFPEWcmKp1hOFdm2nazEaT0UG/f+fh3eF4rAjPAvk8/JbCoujrVqpflIbNivlECZVQHol2hTlaTaKbLiVcaadpK8k6asmmjY6qFomBjlUsmKAyoyZYPKPP3psNmx4I74Q0iYoYt0m7A5PC4TFGXOyWVEuvdBnGYRTeDQ06tfsX/VbOfKzaMKILX3MSmp6aCGIOMHSbpYMBgIDplSSx4k/bFwvzOQq1HfFvSm5MlTAgYY+c9CXrMhBPodARhZjYhRhpNkkMCFelGJQbuQhFcFNFlNOUrT3xLAS6KsQDUupRo9FoZo1EUwFNcoR25UoG1jKfKhGHEm3MkMSoD/z/2fuvLkmS5EwUVFFjzoJkZrGuZhfA4AAzeLn7vPv/z77s7tl7FzPAAAOgeZFkEeHMmOoKVVNz98iMysrq6sZt6+rICCdGlAj5ROQT4vfEpUA8nkzOyuLbz5e7FzxUu2WT9VPwfeKXGiIfxMmmL1dEm+W1yR/znlHLNtsNMB1ecrGlDx9N3DgQPzE+RQhloQzKkq7tRbk4IWijG/GiVtFyAhg5A7J3YTd2bw/b7cN2j/jd0C/rZrVYNEW5KutV3SyrmpYizzs3JFTaZe6cy0Ulo82hE/QxIpYQGJkZacTQdMHhGjwRpwHOxCebq5vlcrNcXK/X15s1Pr6z5q+qg0CKmQTmiZSyrGNqzryhG7n+Ol14yZvwZ59Kb6Vc5UdkkhgDUq9Hc5atXsjKN9Mrl8uRph3qdP95Ba08WaqsYjnz16VaZDpG9/7jw/Rn9v2YidaY8D3a0AzXipdqo48GONVSypyPvN25gMFqlJzKWFnwNF0sOwoEdtD/fPn2/uXbu9cPd3eH/RF3HFniuKOrZb1aNCu0lDwZ/RQTwGW8Xqy+fPHZNfoGhYcxkrPIZJxyp2nUwShIbPnoB/Qv/edJ1gLk9rCbXUDEqCQNqzXNEojrqTR4If/gQ4/oxgSPFvpxRJPP967oojuM4dWu/Y9Xb/5w93B0RV8uysVyfYXGW82yD7RqQ9BQZmwu+JEL5pSgQo4xVtTFr7iqcGP6VeEqP1aInjFTuchJHh6065yzLpRCRj3StFHBX8XyjWrIWCwpx/AEGeQDlUY1H8bJ9HXuBHeYDJ4LyHlmNWtNq3k3SdLi8B72B/ytXjQMEiZ0y4jfBaIVJCWm8RahoY4bnnC3e0BR1iyam5tryt0XkuZ3sPtGFRc+Y5h/9DABYB8D+b3r+91uj7+slquirvLS1TgVhGhppV1FQFEdA0ON5ChUBwGPA68JKorgvafMI07HI4HpZG+glxu4nG8gUc0xGtacgIgeSmTAyEzbD0eMaNGCYJec8vjxLdYIZTlA+fvD4V/b/bfQd6WLEw91yrGPXJPQosdFG8YY+ukeqLwcbZwhcOEyJNyGaSBlEYQYpw6mNMtq5BGPPkVmC1qfEljjIQrODEtdQ5ARtnL4TQsJ5JRe10PKp/fa0ZZNE8j9Sp0LtQz1LvlaDD9rQYsUxc8xuTlywkI/yDKgWnM6DX5riGpTSXddilfwnRQS17T7YwcQlLAiWWd6SDRO7NtAfQdAOjiooef0W1rELjYRqMLieJ9GNZIKU2NEXxbkz/Z1UGR46kTgLIyqpSzK1aq62Zvi9M546a20lTcpwRbUPsFLF5EQ0JpB8dVEhDxcNXL5CESYsz5Hdbpdyc6hVLWq3ZOY2WOK1xgdAm9isZ1AlxtPA4WYAy34viUjBwNTODWOtrrzYmPJ8pAyPC/nTkzvuuZtttUOdE6tz0ytsBoYGaDWODDhDVrTMrBsG/h2wgSO8aKSlhzclRf6ewAAEABJREFUEMQlU1pCJRrAJUfAofzHQbspFi8W6xeL1SdXz1cYCS9rnpVCTBi8ndHTXg5ELQyIN23b7r4btuC2pevqMl43xVWzvL1Z3V6XywUGdWWqyGnqR4kE0ZRzMw4iFc7xdhIlZOdq3ZSQTXBRlsTvAw8ss2VHjNlhbL6oo6/4YVBs8Uqg6GDbhW5Ecen6UPtyBfU11Csom+NQH7u6HVAd+i7gfJREqe1LJ+uO1BtOWlWgdsN3R1q8Y0eGZd8StS2NIgk+NDhpb6HlTF+u0OIfeEnHwjOTNtW0YSSfTF+2sEcoO6i6arWvltuy3kF5B93dcMC7FKGIyrVZlaurxWqzRL8Y/6upc65I8QwC5YXI9A3Eb8JtQyjjpG6oM4MnlRwAkp76rscFAyZeQL/fbw3O4bv3H085Z8zMablENLp3lmHEJRy4VziOyb/98z+j67xcbZ5/8sXm+qppKI0jWq4J8TfziZz6uy6JQZXtISP9YA+eEWNahKMMek9F7Pvt/uHuAVE4XBJiakhrdwHzorCiBg0ki79LcrQE1JbkzjWLxXKxWDXNEv9D7xy4UwPZZM464MgTO0EJhfPEUIVsZFyyECZXOBqup3Yf3rlkmTC3CY0VAQSOigClcMlcZ/qvEDhcBjYVzYnmUjUgGSbMD5J4QYArjc1/VNtrNPbszI9SOwvPN5ApMUIKKHvg9vQSmBfshCXcaMgBSyrRvF5vm+6cnW5qNs0PODBQw053MNXDcCLrRw75F9pbg3rqVKV0rIfkENJwBYoW9/3Dw7Y9Htr9Ue7BSczNQGRBVsOYFnzQBRXg3Ys5TW6coVsnH3NpoSZlIVMQFEpPvBoaWEl7P572Hoq6TjJwOVtgcs+OcWN47J7NTpZNcfI+XPj8+w6wUHr2FWtKwC+Yy2NJAfHkOsmreORaE38Ub083wuxyDjR+yuYnmb1UtYv2FcVB0A91gRoq7XZ9exw4OELv9FQui+eivYoCX5uX6ewYa4+uTCHskW0iELoTx4tTtfA/p7BD6r8jNpAlq8nNi72ZnAIxTWVIYBoTP7mTLncNrD6b8ZxHJHN2tczFev8EZmeI7mwNsHOXFmRMeVrB9jvb+RqVCHbPcx9QhAmvZ3I2EdrR3JKg3k0wF1L+bziRNB8QGSgTZ8RTYDgyST+pBo4uxabEjM5Zi+isGHSboy6c6Th3XdlSkt2oCoXMmOiEBcpxTE02LyhMro8czTvWGHV0MTX/kpVLK3UCGuT2bVY1gCPnMRlu9xRMrDsdDGtz4M48cX0utRlB9pzcg48K96YwGUxbctqTJzMomzeax5Hu/8JCmd2CueTJVdHb9fMbdfJO/uoFKQBnlTl/ikwnF4fju+y+j3MTYA4o3s9isXj+/NnXX3+DiMNms1EFryQeaX59HgsQX9SLq5C2eJwAB3jsoR6VNPM35lIKzY7lcnH77AZV9Xa7u397V76g5hwqK0kxg1mLuk7I5SurzXqF+xnlOm7/69vi9qb5u7//6d3Da3zYxfIz6hbhr1GAkJ3PTiCCGhiDIXeLpXVFAWrGmFcugG6N4bgnw5BEyhHvGgPcZkDGbAC4aaH7wI4dmev+ziO+c3v9GAfA+29osojydZIeV5NtTk6kVm/+Kou5efbAJUFnzGSzuzx9QQyEaTy574gYKTq3IWEcCuK7itrRwGIb+3/b3i9+8+smun/4yRcrymcmBVZK3pCXgBudiDkhuI3NKLQm0RthoAj6IInQJoxlHKjhW+lrsinQXWgPFAIc2Q72sFiGZ4SB+Tf34/7Qj+RhMlGPT9+PzNPoiL0El7dj/E4wG5sKCb6E5Gux8S/8IU0jaSWurgTF4MY1g82FOAIYs6rlcsL9CGoPQXTGT+jFnKTeMd1uL+LDjWI441016Ao4S0AGU9sJfJtm7NKeyHggVf/hHWGYiZywkbbqcX/A3xfLFZr/bEafZ5x8nEOX9cVTWg+uaAYA/R30nqkWANEAd43iYw8PPVctiJcrdkFmvp9eEcxwUI8FyqmzYPrWlPdq9oO8PrG8OrVE1Ybgj4/hcP/w9qtvlquV9CBE6AFG5mRhYwpkSauPKmRYFrWazhsngFUGvigWV6tnn3/68re/371+87BeNXUDC7rtDtGcOD774nO0/n79P/7p4dtX6C6vN7eHw+7t1y+/+vVvqOXhEn3oRY8DWlZQeJMlyWKmW08ZqWm8Lpk/BluahRFifK/0uuS5/edpsvNxjskM/V6bK5f0skvs9MCNpUvaQGj6H5njjFc96vHjfi8taTbhZr2+Au8zI+birULePkHqbNwjE51u4Pz1S2vgUVNHfkIeb2GDnsL2Nckox5SJxLBaSDghem8hDMKenP1umWT4/EVY3lw9+/ILhMd2L19t+8N1VQ5D3KM7S8mxBL+W7DlSOUQAAXvQT0HxichMjWB6VV+t1/v2+og+MDc3RECU3U8hxyolSYBwGyAFFED2u94HSgWU/iW51GNfjMGC8DAf8GTqi+97vuWSs6WOCChblmNAXSjxbdTsF1GaXIrhxTmnHL0glqBlsUCaMAoMq6ACS/2zgbSPhWlipp/yBHF6mmk+AWYGxHz5xmTApFhMUgNp/URL5I767AQtes7lK6wIiN1nTtmkYDfBwJ7NCJyskcEpFKH4TUSVpQM0aFKgZAcKAA91Xct9IGwWiSNtcEoJXLkp/mUaRCATC5Dkmoj5zciWoQxcCRQUUXJWRMCqSWzjNi0BsKENHPGj+yOcBAFbynolxefJfC9K8TY4XUSiRgHcLD8ACNanc4aiGuulW1Kx3ZFbiKM6GQtKN0IvpaF8W59cXhy7IH3iBARwiOBHDTdJzRXTxXFJC5r/ZSjJJMLdQJRt7P48HA+OR5/Q3aqmFp3oDpVe0qgsPObMIvDSfFA3TIwxSR1IqhJsecYLIii6dDb7mK3G5OI/poVkPqJiJtHPWqO6cxUW83NNrzMWmThmJToTU2Vk1NwgN/li8qJ7TDymqz8lMeVdRwaYWmmEjtQk2PPriejKdQIkJZGt1mh6RxLBUWw2VXm1XGFIYGTkeRj2Ms9k2AYmvQ0yuLo+2+54v39YNBjArznbhwBHTgvWJDwwHeBsq0yxiOz53BPdPJV/s5mVc0l6BGixGuRXkorXJLaSOBLvVZ4HtxETEuJqR0N1saxaVFARx8H31I62sCazchMkAQqu3RLLnCnwjMCfIjeAyoL0xcBx2UAiLd0BA6eUrzAlScsToQVKUBnl2I2Fs2ak+iy52M3HKp79nhnScPqJDE47O02GLk1E08q+7jTywasPEUBOmggIH+RX1FU6gVs6+0GGOZVDs2ium4XfH47H/WLRVBhY5SRGcMouecnUiGb8PsXuSl6VnMmbLPVSU8mZh+J/mSACfYa0s9JCZUcGgnkiaeTi9NTqaERt/iRz5E3HQoY1emEa96xE7JOQBI44+BrIT/MeDZwxdFV+82Y1Kh4d9BT8WY6wS048sEKABFpbCs1km+g0WQDGaXzdFtAkrsGlRZSsBNkBprVOPVlIQ6RDHLO1OX2G1wdPiEyK2SsxTiogpqeH7HdZrfYg9jxwipxw7oQYHYJoJywrEXWy2rZUEEma5XkBfcvNcDBnBhwPO/URILM1Bi2btQfLntI81DRA01qfMEawsQOFMCyHL3/e4nT8XGa9gYD+kwMIei5NxXC23aVHhuTxyfTj3igpeS4UnD2oAwv5MjH4StKCVM3I72ZIsSAFG4A4mfdp8+p+4UmKGMJtEcQI/aFvd4EtNqo1sgfTPZEyTjxkvWNkEm1HTIoYZoPj0ichSskX255jr8uIa6LiiTujkcXAiQiiKhVEcmbi68f4pNSSOUA1unVV3VSLm+VmgUEUes3JmirYhOerFBzxkJ7DVOXSQTx4OHo31mW9WTW362azLqnVi9b78aqllHiuudH8pOikDkrvxHMjDUazKl5soySrkzcgz0dikF0jyiSNaH1WTeHQ8OOm1lyONXb7fXdsQz+6bixG18RqDc0GqtXoy74vjh39N5C1WOKCCdSHvbQELa5mRAkeChcKqpZBkxPj8+3Yt24MkxVHueSSRIT3gSullAkOVH9ZcGt3UsXBq1of6fdigLIvymNRdFV5iLBDBcQ1lAhXc8ZJtVwvFpR8jcq7KVAxFcIrkaxpxYWYcoIsG6L3Zz4NBM0qTlYQ/zRb6WDQztMOmG939wiW4n7Y493KMTe8RdlRwllNzWiGonjz6u03v//925cvm+Vyc3Vz8/zZYrEkQuhCkndYRycCeKvIMm/PKRMJH34C6Igx3UX8z3FO07DfHw571PyH/Xa3v99xFn7JpqO1gwtJI4qKoyStYWgpraQucaIbnuj11c1iuUTIDhc+QmUsWgaT6JP2N0HiJr1tNywGfzTjJDMMJysq8LbAMx8pOYYO5WLhxDfZb6L3ifx78HalguWecmMDt6Cg9HWCzLUTjdCjeC1rTLpAEYSYdFOMLvNJoyayRB7PqBYaMz04ylemCgnnUpBVIrV6F3IBnzpIMTKvNllwUgvUHo9dd3RSmhCDmabshUu6jGScFJo6I411+PFLpgUvpbJov9vvHrbHw6FrUcCPHHESi3uqKWL7+XyHiUkf4dLeS8s7PopKnb81fQYmK/d8bzqzUeHiB9yjO0uNzCBlADC7h0tCIP/W48f7rVw1S+bfmkV5XPL83lc5CLnjYL/E3LQQKEYNWseOMSUh4cYEsucbXBgo69FpIt2DIUnKJ9shetJ3R8qLMnMEFVhRlckKku3mFJjwchUwq1WT0ZnLhJIsSyr58ZxY5q3Jl92ubnZKxFSjMfopMzWejFgyru0HnI5HNqTJ7HNnEh7gY0l0OFmoyapKt6FYkW0NXa6CfU1LG6yzmZb+OE481ZAbEKIMnCwrIhqNm3GgjU/ZJo4S4TWPJGgTMU4hIskdBMegn6lhmXr64lGZEZtuOVhU/dIQGbEK3ZtOna1Vp/nIMDXWiJKkH82QcJo7aENzMpJmVNsCsB4PyR6Y1gNPooXUp62f3henTB00/YU/5aMzWeViMtMTSKCXS7fk0uvZLc7eKuav5OshuyEpc4qT7X22dsHc+Tg9D5x/Tj3T6WuXFzKcDO+fR3udWa+sP/ohdt5qtdps1rvd/u7u7ubmBm0s0dyg5sZkMUazpdgcUXAOrD+u+wGOZGvcXF+3bf/61ZuX336LyM7zFxWRpDkVwaNidsC2MrsyGJRHyKasvv32JYYtiVauDjc3Vz/76U+++eZ/7nfb1XIpTRA9Z8R1h2NdLapKCyLlqlSzUpcYxX9O7kIBRUUMCscD06C1LeMmGChSqsEYZxiE3P+TnzQH9OF93/1BxvqPdeQbOPs9f9x46VuTJMpQFZcZkR/1gEnoMI+Z7lS9DUZ/MLbmm3rf9v/x9r6Ov8FN8Tef3T6viYeB+uAUnksoYg8jgw0eHQgq0IpiDfNpvJ82FP/jhAktWh8VtF24MaRnbh/8UB+ibMvXaWQAABAASURBVLcFLsv1Bv1SBDgH93ZEQxb1Y1lwlj7FTELU2i6q35JtDNKQMmawV0ymZA5goZFNc0OJGoQ8o3MlBSKSd1IIYi69NtmsR7uKnjR0gt2x209OxBRE4WthoCvsqGpehhWfukFnAKNCWmmkBF0u5mAO5MY3PD5fsoXwPtFRlphq37ZEhHjYM+C+4rZHCU6aPI2PKrpiijWdvhqzFRuTwSDazTerFXlazh94SfTHFueMqvJDtH7ls9PpI1s+y8ghD2IXYNMz/+hMMoPo70ceGPRGKbrMQbrDbvvt73+H5sxzxDDcEpF0XNWjdiYEKe6kmitE5KxvVPIoBKRIPcgSAITO14vPv0BH69U3X3396980q+X18xtepINwh7z47HOcu9+D371+e9jtcXkNh/6bX/+2Xq2ef0kpKU2xIIaTidpHFzo8lXckzq2W76WAo7Si47X0AynBP78jh2KjLgD3oQdksXknjXXBI6SCv28B2nAk7KapXY8eHG72w/1bjoI4v1gtOR/cnJ9kaD5mQuZJAO+77Y8+3QJScJtVp2BVMMLCSd8ldzSa68slWWVx9fy2wTh9GI67h4fDYVlcYWBv1x73HsEWSkMwKJwuI5XjgEHQQIZ6P/QIsy6a5vb6ZrvHbffWcZ5KEpI44oF9M6kWGqnsWKu8Rf5EJmIeYMCw6jhyeqU1Tp4G301PIGGKmbtriYwhQwaiBvZilP5d6hzyW/aupnskYe4UCuIPBZePmpivciLLdrdhhXR7UXJLk1t0cv9nh2lPHydkTmMIqf+XSGGd1cBSiz/kJ6auhPeLH6R6il+hmFDBd8zpfpQnTcVU0h0bfyHKJ1z+5B531AY4NAQ3Fi73zPSJyU1s6kZexK/gsKJCFyyjLKWMmD5eKAo2c7zMIaAgMW0wzjES3JAMlBEG9pclHsWhdRt/y1AHOBtq7nTNvGrUf5AsBE5ILayXH0hGkX3LJzAl2xVonSDWCtwfkJBBKiClUlPU9xXKiqr2Ra3WmyYNE0o48oWYSQyj4CNKFSbGoRc98znKN2pyNGKPEL4FKPZdK3yzXDlXNKFYNwvukK6xNrxoEBnEN8vhGN6znGqcYVOX15J7mnhJ7liSaOnrJw7IJM2Y4TJtlvynLM6ZsDWgZnYGPp+6WLY1AN7rsvywB68u3S88a0U+etnvtI4oCMpsUvLILOUY0fNkYGvjbOlAK19gu7mu0QABXFr7tm26Y9V1I6M/uG66gfptMrNHTdqJzP7QDwNGDo6rTcVvOKfYvUI5MJuaiV7RZTLuuw/DpReTNJ1Z+GngTjzW9LKjCAAuY2AyB7JNS1+um2azWu3vH45MPUINFkMiB9bRJxHHbrQ3QgOteGfqEnTVMXTaB0Chg3g7jbnhXunSowG6crPA6S9BdiY1kvS4I008P3mgINnmMXkl+XZ71xfdu6xFEsAs7vEkCJ60sZO+k5Sv71Ipng6DS9lM07zLSSXSQG1VHRFZNg8PRzyItz9KZFq9NnjcevkwXECVLAd3hCSfWxu/Z2Bl/DIZ7CzjheuYIVpewoX7jHGqa3NptUvVG030dNiZpzt17lKsYnKoLLVKooYo4dGSgQDCucaJWZZZosuOE58kqTdyof9ohem5iBaCB2cJg2B63nGmMon0RJIhAwPzEc7vdmpOHZPRopppMn1mwnxag3H21PJVdej5TlzCnd1MQ77nSOYJ/wxRMQYhsdBTWMYJKIObXiznzdT9ZYzOGovl/E7edJoFEU+eJG1kfWStXFGzyqV4ow2Izx09swbTVj5/Ov6iZswk7hPn0om9wu7pFX0YeyR2wc0WVnTCW/EvALgs+DHNVFQlr6ImZs+ZHgcmFZx0sHwIhx7tuePQHYa+Raseg5Whi9yxVoWj1Dork5ASRYladice99k+shvRCLRklfA0KfdATAROUahqI8R4skj4IYOaMrxwg9McBtkLIB8gK5f0ceWKpqyoagSDcJq35NJ0O84443RfYnfvx4jYzRFi62NXUMZJdbVc3WyazbpeLhB4irYwie1PS429K5Qvh292lFVMC8aX4sbIGMiUCrSCm0ayIlFOkNlXOuI44cLxKLOGH+n6/nAcjp3rRuiDH+MiFhtf4X+rUJTtCO1Q9EMxhkJJFcVwoCfiGCDFIIljwkv6G91W37dD2w5dx7Kd81KcdkYBZjuMlJQjfpLRIMowkX3B5gIT6PXOD2XRFr7zrveuJQqFNlbkMOBHq6ZcrtfLdb1Y1cvVgsi8IVlJaePrugtCtNH3iP+RYVtVQuPhU3OTJyvbP8Hj3CA81/7JBpZ0BBzA/XbfHtvtw8N+u8V98eKLL65ublbrNZWxaZNxpdi8ZCfnv+i/dguyh6kqkdi1Dt1uuxP2VvJf2i4MjOPKOS0PUpJUzUCXWgH8fVwsq3rZrK7XqzX+Q3yXVY2xjJLr/bSO0LnkyJqRn1ldev4kf+xjTq3WOH1m+jiqy54zJzpextOoCsggy0aprvhUmiaibAHBvOMAwopXsB9ZSD8dx+RA/tIkTnV0aYRlvqTZzahzx7h0XVOrEe0Jz/cj3Sn0YeVevc/oByRbJr1CiTQDPl/bM/SNOIfZJmbVyqYlkFwzZsiPtqQTJ9w8LD73xx1adIfd7rA7tATwDi7Z+y6J2JiZ6Cf7zdSWu+DanNgYMaaQRfpu9o8K8vD0Hc3nHycHZX5v7zsNzM8z++UHOqIsknjqFMuLqpvjO4JH6RlD5gdnDwom550YoNEphAOaTBrHkmCb0O1w5ncYhhjaHlUJQpTdsRXc2CdPL0opsi4n3Siyb4BLuLxL/DnCKWn9dLQLldPeOoWYJskkTjJNbp/3fjI71Q5JGxue4hDlgxxPbYxgxvPH0hbnRmzMDV8xlWQyYDLAYrLmQpzs8hhASETUM8XvjmKo0GxZbI7c08DV4cw9JVwmQRj6LVVOWfkcGx0oY7hky2lqvBmFxFzHatiDoWeJ6jTmmygbqmmRTYrZReG25iWmAoxJmfh+AxOkcUKyfM38AfnDBi373TaBtFmQpPaYsBzhfuKx5Foi3e96LefUX5vWfTJZxUp2bAnSP9KBL1V6p1UXM4s0m9mYPfiJRAF37sfoCnZT0ti0T6N7dPWdylS48GJ+I3b4sw+NYWpxIE/055F08qMfIpJub29RQd69vVstlgtEb+O0AjxYZj1knlGIXr2QOC3ujyNk0o0l54+C7ovFAm+y505Ab9++3WyuASY7OHl0MVNluNWbpry5uYp39117QAu8aupf/vJnd2/b//4/fjNWByJriUSYTdS/wR0PLRrzhSSRgBS/B4qyuGLj6n6x7IexHQd0bO7bI7qCoes7vsMCzTs3uVnZFoHMntAX/qwN9z+RQ41mlWAXjYZUlPmE4QadOpG0GSSh4Q2+gFfgIVn8RLaOiGvZusWd7/7Xbj/+9rdl48rnz288YaLMe0oEaSUHM0TWcoBFKLtD7vmARRYpiu8VBmE/Xr0F/N6yrEKFMMSANjXT84yLorht6uHmmqNb8O3usEVPtvChpMK4qCmeqDQjOTdRb1/51sApb664xzPviLYRGtpUKEzdAQnXKKjZycI5DW6p3c3hIscptBjbxHumRp7MhiLh3qisvaJwqNMB5YIc28PDlh+WGxzEUA5VUVW+LLMJnZjT0t52pkn1LbXvXMpsUO1MWe14KgxL01PgZdATx0+hN1Zw79U0xTGPRvwwR5zMH5ckQ5w7AfyIsVjUq9srsUNjIvlkShTrMOISU4tZwCpxaCR5qCvvLbAG0zDxN94hoSFZEFRvyLFCaRzYdQ+vXgF3J93E59V6KZiWLFcEKIAh2zgybU+cVD3kUagYMwyU3qsW9fPPPhtCd/fty5d/+ApXymqzJiuuKMmw8/Dsi8/Q3Pt9P9x/9bJuluhR7+92X//6N2uMrG/W6JxX3bBcrqiMAGb2wXe3dOMFc+bpX44ffN3/7McPPCC4kRH64S0PfUuZeMy6VCEugB7dFu65fsYtlktx4QAmGfKOO0wWjnpi7/w4fKS8k3RR3PIC9mmrYJZmXqiizK5Iru8EUADHS0uqQ9988vzT9mff/Nt/UPcHlN6DuyvaylfU6QTl8ei5eQKXo3PrEARFUXL43nN/K1gvVy+eP98fDse+r+oqCB0Ec//qMMYoaYsFEPc9KhWEakcWu0x3j9HXcuBm4JXPHGq7TRss/TWHAwBmdfZxKvrVABXAfPb4o0G0g0SP3Myrcie/m3ft2Bka00lcXuAvtZ4w94XiOycuOtWqLsPdpC2EPR0T0AdtoM34QeYegThnWlLF7BDAnnIUOgQN3XjrJRGC9NUJ2tCCGLQjW6EVldhz3oYWWqmaUzNGFAOT80KNlsoST3cgQlfOO2F1XkrZmSYV+ngiGlMPCBk1Vt7BkbqP3LW6lB4KwayK3MIRsDGPuE0qmEmz6qqWr1C/oJ572VQ1hb2z7nWRW0brCSdvkdYBrbe6CasNPtH9dsvNGcY+wgG6umw9JUyW1icoSk0/xRio6UeQs7EHLo624JLMCqeGXik6mQpfSNei0BnAt6z+wtVygY+18I5a0PEzy8YByboBbcegnZXdU2UjPCH17b3fnQ6DanQoQS2sE82VpmxSbW76GEj5Y3TeX3iGmH3efv0I4vHJhwmOdD/JPXXTQ02+WcI9RLzwH6noPP+EZKCU1L7Krcfl8dgeKb+x3x3bIC0sIGBc0CMeTWT2hSZsxdgN/eGwX3CxcDkSZ3J0Q0wkCjK5Z+jKD3GAZimeL4rZAgPzeTyniQlzqLAH4P5qvFuU5bquF0V5IACe60lJoBUm0Jxa62KHB96vQlcFXP3HDc9QQXTS8rMg0VdSLorwTljeoYQ5TQ0E6bND8o6Ly8JI4biCb0/kjJut1dkDugxnf/yIH1qWd7KouLS1kGJxqyjILm43OrkEcVbNKmsDv1hzkTIHOYJ2ZX/ceFfcLX6YKaseGkvg6qE7Qg9l06Q7ys+ZgGunr6pzei6pEsl6Nqrp0cNjj2HbTvvP29e4Qx7ISS+HCGScxVUEvSeXnI5J4fLV2dDiTAgTD1rXKFlU3MXgRLwBJDKNtKA4Py0lBFsCJQtGc6cemY/M3NCbdfpcEweWmwYz6n/22Xh2utmZDZebb/U05v7SVyVAMwr/nQwPU+oFe16ltXLKpWG+uYyNSBYdKJeELtgyn0CUk+CBbYLcVeUMCm8jM6MifywVT751pn3072z5epdaESUGeVm+k3NsNomGH6TDLXfR4WZ/Xr8T0pS4uZ5LykNuWzvssZjymVdsv4iJBvn0Ru5zg+a0dvWjVjNu8Cg2SXm4NBR800KfP7v5MGYDExNqK8OZLaAYp3CydExnGIGC1AOvoeBSVpkmoCsqq12jnVhHaWMY5pbmNIrvj/ZpRPvretHcrJabZqFx4LSneHSj8lSTjhgHStw74H/OHUs/1L7Ar91eNVfraln7qozaD4iuRTFmlpoCSMni0UJk6X3H3V+XAAAQAElEQVSU6r9ZuVszTKpO5PiN0xheScagrm7izYwMvsXh2B23h25/wJCr5//qWKxjtXF+cRzLrvfHoeiGyoUquIp0JWHjaAeUXEVE7CsweqaE8dQ5jjpYUYl7d2RjcgDNbBFubAW1rfpKV5DnzmISMNN8PkrO88RxUpZ7gGMFx8I9jMf92FI+Z0nYdlEViyVqa0TuCu5lRPQw1OUqyRwT2qJw2XfAgR+YZMJT1kIiPo+T43miFP4cD5gBnsnqIHCy63rJucTf27Z9uLu/e/0aZ2t1dfXis89unt06Jq4oijJ93ZmAOmswIeG8KL4EcH4KbyxqdoOyBOf/sDvsHw7b+we8EEYVyIMbZd0W0jdBGszKTaukEe+HmkDhnJY418v1enW1XF/jJmmkswbZS6adxIVUpQ0pHxKMgsxuVsoh5qN0MlbyvIQAs4VDHcyPlI2RfD2vvEWabyHKlx0n5o9ngFZtZse5oCBNZDlbo/RSFYmjC2CsmzGlwsSpv4y8FkSVW4NejgpzSj0PPTOAUnsbaRxLXxvtwyF/RkhYdnY4SjehDKy2xT3RdW2L981tTEr9VlJScvt0sYK9YOsPxKg492aitCI82fFwYIKTPTXUyJDfDBbxqZXhmbK74KZlf04/9ZezDXr2lRjjEz3R/Gv5P0/5csjU3Yd4sh98XPZ/8z8nM82Oyz6tqLLpfJnn6Mymp5wFYC3kicgnSK8cKnvdU8ZJd9gPXT90jI1xa4W64r5RbrLVwAwe/sNzYYyZVwUXFzHGIjCLcAGlZjqMhDu5AWelQQCTpI6ynS/ZUd9nUi6iB+mtjzXdMcZLp4IpIqTlefqi4XL2lpo9RElASliYI0O0qrnIzKWjmD2caMKdwrpW8DRxEUiSEOU/sf4zY1rJnT/LQhpCl9JnE6ZBtrnTWwSzCNPd64ckHhdPFp/YUJrTofJPLVJpTh4Q3IrS3JSTRfuemU60X7lZ4ckP0AC9iU2nhtAYBE+0vEbNNgZiuZbBFLIWTtRh6WuimOHEaEnG4iOA1p9osZi47kbS5ab0r6njWr77spGJ8dzPg7O/4lSwZy8m+8RdXnpJ58G0eOBdnvV3W8B/STp5z6HWEk//kuuGJdmWqiRZUU9QlJvggOSlcE1ggKk/iHuaEvpu9yg/iRI8xsWiub4h+vf7+/u7t2+ur66p9UPtk9/rTInLt4D501arxTD2u12L9ja6cre3V//wD397d7f/+uv7zbqWzHoGUX17QDdgWG7WVb1wAvUzjIm2UB38ypfXTdOO61hwS59DbFE6db0UybAwUhB3algr+Ike/kkP/DE5qf5zH1qH+06pIPLxPSMPKgFTiZRAr8H86pjM75gRddFrGCOP7sgVVITAtu1nr19fN4tqtS40dYAKoDAsBERETxG/SGyM4MaYyt2SZe8m21G7+HgV6PwTQxquGEqKyncSHWGVswL/oqmLm2u8g2IYv9n1d213DCW6v5F5FfkBCbpEXwF/LUMoq4acSbWlEoThLDrrFPgYRn10xkEJdkeDe7HAV4jAnu17Rz1fG8lql/41zjL/ZYiM2F19BQVH0ec+HB07aXiV8nhsNst6uawXSzGeHrOw4cL85nazYn8yqhQ0jQ2V4LOPJPdPSScm9+J82H/4w8wMu3P+E4SQRtyparXkR6CBHanme0zgQ9RsHFmotlIt2c8zMMuNvEPG255vEXj3rcG0svkmPTPLkiUWtm/uGPeAW7S6ysIFKfvyllPLhTccXis4bzZ5ci5b0ul5BZ2q14tPf/Jlezi8/u3v8aVf/vVfIzLC00Z7BaN815+8GDnL7/6blxT2Wy7e/OHrb188v3nxAmX1cbfHgMVivXJxnunygcLzA1dAvnn/cvxwB8xZMRwx+BMtbbNYEP3hMBaUC6EoAPGgHg4Pshgi550U/sQdyk9NPzXp4dGLOpcvtOkM33Pq868n9Eo6GXcsYL0GM8wEAzDmRZi+RtEPPyJK5qFcLW8+/2z75m049sdjVwT39tgWUHq0lJiQk5NOqPczpZwg8IroKCqvYUCAklJ76/pmc338pPvdV1+hJJFgFlDfWCoz56gfKYOCs1Co8wgLKoblCZ/vEbWMY0dtqftacCdDvCWX/iTQ++7ByaQR1UoGN8ltNwlQGxh1HmL+AUiDHC/MLSeCaFRV9IasrfzG4Mk2Lcyvk8SpyGIR3uN0a6YWswXAsVVhQuYsExauQnAs7qCx1Thu/D4Kvu6YKUSjfyT+zXPGqOcU45AJkOdTLU+OMjW1GSn7iNP2PQpetBxYA6NR7GchsPxBzQXmAewpCkx/EQAizTKsLMD2VpxP6DQH0/ByVqs2ROfU1Y7MFXTjKmWRza5vsSlnRgXdUUFJOP5qsQLmRbjfbgkSJVtJUondarGsirKwqZK6Ue5p6CmmHZS0xzP3AhOvW3CFcCSGjxmn6AfSsO0YoO1tivFrVOPqFlCzASOaUZHoMVpqrIdEhahP4h5TPQb0gzvRnpcOw6ze4z7Qw2rnCkhR1Ytfya8YsxCpfTg6G/npOaY7z3/5Y2pGOB/MJAQm0zp9Wgmc9IMinmKO2Nr8SN1Q6SuHBvVqRXXY6P8x4/YxdAMFaHs3Fh6lKArWEjR0hFtjGLa73ZpKjAv8GG6tmJhOLHwOSbBntqv7oY5JRukUnyhWJmygVEJqOu5Ac0HI30Wksyko8R2fZd1Ux+CI8HPoca/iohdAKtESiOhigcb8THId3JcFaYs+UPitHKDzaO7hxtUOOyCiWO+HITWGW3USZDVy4gmepLA2GlH9l0dApvSRk1H4GEMZJwmvsihGrUeU0KZl2ClDcYzZ3rcKPbNZZxOB0RJcnVQuwLKaExxcMqrnD2iqhv75kGZVYKqhbuq4jW3XLgI6sEZo/GglaNI5s31nGKf6KXEG1cdce+e6NZ2HFf2E3QpI6rhdqyCfyfnWXJeLtxZnNkK0nNT05rzLqni+GozO7m2u/mD2Z3JrPEB2oRyAOrmZy8ckLTOpEzNr8KRM8MKz6vfj2WnjDK+4fPFps8lhNBcjaMZJeh6vlSOcIhsziyvtsmk+JLDJ1NxppCfraAIezJp3E1IPWYMD3Vjv2635xMQ0feBsAFn0FO/2fyd1KKMv8UyptyskXUXb2IDP1nv2vUwURNGx4GEiiNCxs9uaPuySlcYrDNGVcaBAZxg7tKXd2Dr8OXSBMhSiN9/e6wWcT0OXNkMS77nL41xGX+6mEdNpN/uUszFmG0TJ0Dnz0sb3bNjctIWn83KmBVHG1cHdrppPVlfPN1drxMeKEpzl22hvIK5dcSRUwugQeTr2RHNyANdWRViU5dWq2izLBfVijtNydUo17yRa7WGCHVSTSgwefwiRgpNePIjGccdDUjGBGtcUwiSi/zEzBCVn++5wPG73w6GN/YjAhB9j44qNr9cRFl2sur48DkXbUyYKOl/UOITSSvCECKBXhRQQod2O6BuO6iBSLIzt0B8xDk1Z+pAMKtZ1tMiAa86kXWghLhdwiom03xTcM5DVWg6+PPpiV0BbuGMRdu0B14kjiDFykRiRd1N3VTSiqd1b4r5xuZBKC4BzHAlxqvigoSuMbhBOvGb3n+mQzSsZCdQ0pyz3+/3rl6/evHwp6Saf//Snm+urlHAgH87An5ifS/49IfqanCBKoo/MEzfsH3ZvX99t7x4Ou/3QDswW6pTLlRMlQ+qYwFKJxSO/XRZVU1G/pNUSp3ixWuB/DQMd6m9qqXokFE+9j1xOqj4ULZo5aJMQe+zQLjNtp1UxwpuYGtN4yfAyThGzZnFpxWAGLq9gYSTiJF1fcACeiyQk3cSdbORpFIPq2JjnmgQrbSQ/THlK6DYYSPF2Nm4alRQQv2hMJ4ndRCwWKnqgdJMWn5SrDOj85J7S/1UzTfQ/0t5EUk6slY8YC9w/pTsQew2lrbTHFoEpPLnGaKk5rE+RACMPc3A5Wv/eLTdfh/Ce0Mjpun3cUJjWg6l6Uy5/VlIgf8DJJ4xP+Wb+qOohZvqT/wm4hCn2fxxQwVCm0hHDMMd2tz3udlFqRymbIZaUqFCO2tcpqC5zYvY4mFYPgW68Gzl7zOsiwyWoVM9FqYtQ+E7IEvDmgnBmGfjc9s4sqplBFcbgPsYx36f6ivtIR3wsg8DFXHYlP8xFSy1QX4unjxpJU0hDki34X+qdhzu9aykBVFQcvcH1SiifgXY97WsiklquUdhSPhxnnhEkqkknJdM0caV49C53a9hCSyyYKpkhyVgdeUpzN/E+rUfdaPr0ElOW36JkBuPtBdVZgfNkwmBMLdF2aG4qWQK0zX5US59/Ok3g0/5BItvpHFouHzkUJAOnaSQs0lkSR0s9QW8eJEeSLTPOVM49MZkgP5/Cs8mehnByLWQsbILfeZy7afN3TQzM5cH3EmVJQv6pJ51ENytyyp3VP74sx4XSlNXN1dXDw/btm7fX11cYznEczEh0CCIbdapoaY0hc6jcRzzMf05Lge3goqpK7gS0efXy9Tdff9N3/SfKN5U26Oig1PQ+CdOGEaX8erVGLUBNdqKvfXX7bPXXf/2T+7t/Goe3RXGDoV5tuU7tP4aw291y0gnvXbLy0QNAKHlZVRhT6ZYj99okr+DhsD9iXLTrxGMqo9Bd6q3LfZ9qZstAvDgFH3kY/xMdJ9bw0/WZOAgnJ7v0OT/BSOnzxnfnNMzixa83gi6ODGHMrlkOxfjQjeih/vM3314jdIeu7nK5JBS6lwJlKhakUJ1jp64QGDZ/FmVUc1JISt0P1KQQ5l66HrUvadCy6Ql15dJAikt5vj1i9rvZVDFQsfB2+wbR8AI4vOjELCZXHvXf2PVEZogfKotEvy+qiG1dvSPcSMxWwsxdqKpjYSZOhUEgJ3g6JVr2zA5aNw1UlRO+k6Z2FDTivMtgS1pOrzzaBEThvgE4cuOfvjhW3E6Puj7XS9LrMQ+iiByQ2UlbR5WYzd7k6xFfN2txeio0DkJTRb4Knh79CBYYpa0NmJ3l4xyg4MtcmBtEalRvLi0tw56oNw4Fu0r0em/olb6lohMalkLMUe/mwVPulcAzyz5fImcUoyOLygIn4fLoxJxS8+TOJxNcgi8E0VBukvCdvEbTql406+sratQahd5NrOaRn6aQs3uzDDycPONkZtHtBJzr5vr58/7Y3X/z8qu6/vSLz5vVMsgkg1/ebNCgG/Zdu8P/d353HGH49j9+ffPs+ec//5mvK5TnuAUrXDCFNIAF6XeI0XBFv94lTmUDvisd7elCJqb6Cxs+93/5I4aP48ykA7LQjr1EbXqbBkGQlnCBEAgVAuoBRoSox+ODeyu1igsSxuVso5/MEZxmALhHFsB8A0J8AkzzxEPOJiAOeTJcS2TYlkpmMD2VvgLSJcRz7RQs8bn77nj92af96/uhezgE0hZwbCncviK4l9vLEJ98wW4w7m1f1APqFoRCOFheF9Wzm9s3b++2h71C28lnEhjdAVX0Uy9q0jxdkkRCkwAAEABJREFU8GCFcojK9gNC5P2hbWvyzzQPyMj2J1dKwfkszBZjPEdbJMkiRdJMSyYcbv5102GQGQxcOeIMgUuTJTWFyUfXYID4ZsHcFq2EPptcu0nIBCYPlAGRJ7KVyxPFEJk6zjKFFRNkU8IQFYPKJRPDSwAtQpdu4AwjMjmA5JRILZtp8ISXcb9Z9EAHYThOOg4kVhQFDKUCT66QqcdRwTvUNICRJvw/hQSkCNTHzEhJY0vWBw8ZPtQovisvDWruR1qKWcHZ/1a2UeCMFi6a5CdUr8HehWkMufE2/tJBK3wnpBCbqkhQHy95yb/J54XBeBouRNfXy7Wo/4fdDu0TBA+2iCmgVeDdplmhmyNRDiYzjEzNEolgjdt8+CDeR+SSWKN64QlAsKGpKjZkPJNfj/i8vnNbd3Rs2nBbX4xFNIihcj8gbw83D9TwwHCyCydsulOxkw1IInt7NJYc54kp54Iof8WbiSsH59oo6AyXgmf5SfIiyATgAmfI6URkTrxgBD+KGkxWrAmBnH/NPqCpP6BM/JwnRQgUL8eoq0y6mwEnHymChR9HC9ytl20YMcDT9h0FCnoEqPDbHYaWylgV1GWJqPQ5Ey8e2+N2t8NvFXUzWMfL08qmbAu8NxXvOw2FO5FE4LIZcvnbkP3jWdbggh8154PFd4hN4VdVua7LTdPsh0BP37YjInJFHZje5fyQJBItWvWUyOKZ7AWlWIvKg1pW4Z7j9ifmZuW3b2Y0k3PxHPAtC15WOm9J1wDweLOd3Fc4gdZPFFD6wlNWbm7cgtELojglKLKqMMTAfJC8O2CCe6KOZ2pAIiQcGnoUdgFHqaCAIcP9tuMOOxvnsjYnKhnSDX/fBTNBZlQYTHeOi9prTyRIAOAUh1YlHjNnbPLXzuYg4z/QtIWQUES7AYWKZ3clXpKbsilU/OfTZ5rJ2S2a8+Os44HefnSpyoOVpBAPsEvFJROA8YCoGSeyWtNjhPzkZoxFzy5VVLBY2s1QQhQoW5k6Be5sP5srxFG6CQTQK6YPJ5ksyK3kyL5rWdrT8ZqSYkhZ7XEOgITk9M+ldRSg2M1G18IX1tojispI9ywmuQgNduqcCDM+Jd33SCcV5rS0rcQPBLGyIvdRYFZCmPIndE8DpHKLJLDeecgykrCLfN2Z5aptaHRqSfRHIT4pdLjz5+biDRcH4CrZgrsNlhTQdCUPXLqRtPSU1sWGI3krdhvOkEGl1dEU+ST5o1qbaL91A/rE3REVC4QDhrHC0I4ETI60aEv6XiHrjbuu8LrQDpRCHRINgFC1PNMCHnK5oYQuLlpzZ44rqFkcBa6RlRwNgdE1Jj8TLmNFRql8PCpk5qjF4RqK67q+XizXGCrnYBrdMLv50VaCpa6RhY9j30W3d/FYuB7BoXVdb5b1ekG9zr1kM7I+1iZZMsRCzkVjwYnUbCuzRGNeFQnIWaiP807YmeLFSF+l7HuWREyRwp2hEXY4Iviw38OA9jmUwVXRr4vqypeLfqy6oWoDxg8LdHuiq6NwnAQKS5WuojIIUnO8JMj8dJx6QiXU/XHo2shswdTqVPeP9NAB9glKJc72RdAcFK+ZKAUbjlAEX/W+oIwTX+wL33q3i4hED7EK1OqyclXjmyUa+B4Ru8USzd6K4aPRNq+K5dTXO2VJYpStqql5vVBE+HnKd3TfoSXHH+d4DKiZ0LCzY/ZE5nhKJBJlOEZA3r5+jahCUVZXt7e3z5+v1iv5nvynYlZ3t4jXVI6rHwshty585hfiPOES2D+8vb9/e3/cHcZegn+Os9qSgsiE5VSVTWlIDaeYrK42y1XTrOp6UVH3c/a27YkCJzMknionHt9cgKZd7LLbVnmV20LybWk8J91rMPLStQdZLdL5XXiGJD9Jsj3C1L+So7xcmWBuvlChCLuJtrISeZgvNhvP2fwFLdyYwM7EdAICm3D1YyHk3Pwzmjkgutur8JRiab2cqlq5UQpCt8LnzU9RcLsfDe6zJhQ6OleUFH5Gc0+yCyVrhe6Z74izc7rDbr/f7fCE+B8ldY1ROwDattfnDaLrgyDDE3zMAYczzZ9sLZcv48kcdalGcRpJOEO3ohVpphVgv59AZektny+fk8X0+CGbRbuuxCfDqh/hmPaNc+fXVY0TZnHwaK+n/efE+AbTmM50fTTNSP91h/awfThstwi+4A6hrCzqeMJ5V9ZmmAAZxm+KiraOatkkGxJ1GXBJMNOaoCgnghP+TxE13SNqn4uoiC554WoyOedgzkcq9BFz0Tf7Ez5Isk/79CxI92EnVOc0dQlkXGV6XWUVxGiJ6mR8yP6BWYVtEONT2gVEJmfqqZB14KY5/cB0aCP3lKM4CwhJvHZLo0ASSpLlslmuNvVig/gqidlC9jmXYUsOK7GkyOgpBaCuEgnyOLsdSKatnzneJHZ62xTBGUGJLq8Qk/vl7OnNVBvl2SlVhB9Hbbb5AU4KR0C3MZgzrksNnfBSOzLqPQaG17y4BGbrGfGyXp1/EA2MJKJoPoreGQ3vKAk9Tp0xzprh/0kOOD9NyIB8fUSY/phed8ltzz4BABcAJlkmAfIUfDVI3TSMYH9m6xMekWHvWsBGkBnTn382TCd/TCF88RBIEWXaZrPBfUh8J/t9wcnhlMLhXFajGmOGQ6fmeQBnWvAx7fKEpz0TVZwTSuFssguvNle7h+1ht0OZvFmvl4slynGuBLL2gVFRPd65BW4MtKIXzWK3Pzjc3qFF6+FnP//kzZtP/vVffsV2zgJ3sKd8d3QufHdsUWMgksa09tqNDwX/oqzw/AP53RQkGONAJskx9LjJul4CGVXdaFjIXK+o+gvcBC7HE1l/8rDuL8cTDh5n4dWUqT7Fds5+ScdpNDQTbaoXMm9BcYOQU4eqxJJqRkonCUQRHfYx/GZ7t/7qm7pomqomWT+GBTFDOG4r7SyRlSWmuOlcai1KQdsoRB/MHmRxFsSwYMGPkLZf1DVVVhK5NRmwlaMtisHEcrmsuAoeF2S/36MS4kBIcByD50t6jgQPPaVJOYlT8e2oEphUltCsAGeyS85jIC5HIcdH65sy0lrupMM2ukgAr6niztUVCYfYz6znNJ6GeKAbMjiG64e+qAopWOFM8cYZHmEmoOkIuz0923S/OjtRebn1g3i2GoeLme7Iuug669ZJXkLMC3M+5r6bn2ra6XmVsOCpMDOLhbLZU/cZF6+pAWTft4ejkJdLogZX5yQFGkDLc1OFnXp5kQHNqMShj7jlZ3oWTooemD+aUqELwDHcvn5zt9kghFOvl04yYMCleg7Cyyj9hXCRpA5i5snEdIf0X5CNdX37rCzKb37z61d/+Lpumk8wYlcV/GlmZa+r288/7Q/d1//xG7Tmi6bevXr41T/+c+WrF19+Fqvy9etvn33yGX6xJHVfqJk7c6T1V3f5CPlofFd3KDey8+8+ZSX92Dr/Bzvy9fNDnD73B4EyLRarJaIEeLmBfTzKiKrIpSNfout29w9C4AqNP28Sn931hdvO4ZcYZ2ZqnGdIfLh/NT8M+6BwCIZ/aCvzoxluLCstZPRpuq2YappglRLxqJvbcd8dBodYB0btMTpIaqjv67Es6orgIVRXI6dZBnqEgRIYHLM5cHok+Kaun93e4njuj0d0dIMTJUXDhuITRQGCLZH3KKKkFdXxFXQNIHhpIGqk0I1jhx/DGGxyi92Eg1sHr2w0k6cP2uqCKp5Vrkjw6XFqfRs7Z1hdMrBSlomXdsSqeiZfR8RFcnPApZNcjv6eAT2TzAQLJHA83p1sceHidwDBGspKZf/IZxG2FflpfgtnUbAZMBLNAP1JkxyD9OJBl06APbFCxEwphM6Xe7xyxishyIJ4cuLQREnIkhsx/Er0O9XgUN4JYXp+JBRRq/AjJNUiI6aWlgKjMq+UZTLQ/WC8ZKSWGa6U0nSpgVBPnFOjQuYv8OCDjp1JUSpNs+wrfIwO7Rw0e0oqheNPebAgmdpqYDPpNC6LNtJ6sZSnvN8R30mPT9V3BWLIXJDmnYbQpBoP2BoAriJmZiGGQHlCIqgnLXQEiDcgdE/f6hFAdDhcVMtLe+wgEUSqecHT1qispSSuAE1ONj/fiZvK7XdAWo7MFtgJBhQfEafwSLpbfBx/12+lDSLFmhESC1T+3enzl17kxan1hUyfVLjM946Pb58f/sgMeJEAKr1nkJwDC47y7eoMTwYAuAl6lIQ72UGcIITOYAFXy8X1ekOeIq4uil/hCmNAK/QYgaqEsId7X6FI3O13a/Q/qzqwmHWTHIpzAzCaKBTzf3qoj6Fb0gBBTBfSV/SIxlnBi5UhNNBmW14kD0Bd+GVVrCj7pNh3HRXko9ptxoJCcvnJMsibrXJOE+MQH2vVkZuyobvNPTzI5AsupJwSkRBmV4GdV6HUyORagTJXJAKQP19MP+yz83fjBVziO43vmQqwK+oCU9fKSQxD8LsL95H9DvbCpCDpQM8FxQr1OwgjCkAZCRsVNy3ux+/t6c/kxC5CR7KsKNcPdXc1M2STMQ+nwA5kFpk7v580tNG+dmH8p19AcwYSQmLnnve70XVinc4tDsCIcQSlLZm+zKmYcqcSBlAvxKJc8nDRLAQwHiynxAJJcuvi1Dt1cmMc6o5QeEuaSJd17jExeNH4dGdP6OYPLdIBZlFJJsKRnkGSlyXIb5CGKcG5d2kEuUvxxSaBoMw3at5IZign6BR22zPKK5d2qqpmLi6R8ZdutzpVzFUH0yOINDYL0fJE8pFxLlkfcMLJNK0uBbEzRwxOhprhCW8XFSls9wGSpKGCg3UbJ9wGMXsdJ524iqrZEEnRV1Sb6O0lmSOSSlppaKjQJxsls3xcKuFLjyeloexEd9K+Io4t/jf27cg4i9wvFz1rDxZu9cMJKO5kr7pJcE7DlcYwcuE1/xtsmANXsjLDfFCyk8la1r2vE+liNBssSFnebNi53I9zaAKOIxquCyivmvqqbNYIqkp/omyjTffG8RB8B3GrLsTOuSO4A16pqZqrdXO1KZhSl1GvtFVVNVhXAtJUIVkm1KdDuAdmFk4M0hLOnCmKIkn6qVqqhDJjxLnvj1sMGrexG0rK8ijq6BH4uPLFanQFvtiiS+XKITIFDhGcMcEJp45Qfggbh+xmEQIIA3eWHoTjBH2EIs+3Zn4GXTeCY8tDUQJKQVVu7HpxPgra2Yg/l72vEMzaOdiB2xeIxuFqGRANpBB+4aqmbJaLaoFxsrJe4ghW3Ow6nLi3XNQQVLhzYIm7uwrthE8AodGQuQ836uKF736otnrndeb26mVlbW/J2qCtxkIBp/1wOD589c3D27f47vWzZ5urq9VmzUVW9K2Z55KWU5TmDtFNa1JTWEYuy6WUBfHmyKOh5qfH3XF3v7179QajGLjhpPlT5r/KmdVrYhIeccIizeaiubq93lyvV5slMdlUVA84clw2ctq0mrgMHfOtupT3OakxGYQwWwxxBmLIbej94J1T2kTXMQlAkKR5uEEAABAASURBVK5/YBwhICtVZezE7xITexjvR+nLzWPO9ACeGrJLIyfQsKiqr4uzmQ14lLKLlAcv81IyU2Y6nDmFqol4KLySoOhtp7JSCZ1SPg1znPQMJeFnuASisGm3ehAhnihL6oFI9N40U0WhiI3UCglRCmWcbHftsZVuREl9uajjJX1cYcbu985NEeMkjKfxgcxzcXGS0/H8q/NRjfHSIMPpNV1+FbVMslk++eXin9Pj/QC7/vLlJgvH7vD8a6AbeKaKp41gZqWLGrqYfHjWmGPATdEdDkRqctjTL23L+kUtH5iUcyrPMAEiPUftnjgJS9JJpLCFmkyVNcHtnOjAuSaF2ZggBHLZRNLtB9liaqZzXtO5q3Py16yR5HeZmafMY7zE1ZovQrjoeU2oWj6DUaaD3XDuVTyVwQRLAJKzBfZWaYJ8soepw1WHxhT+ZMqZwRqZRTNwQlRKXDq8+rwsO/HbfcutxI4qN8RgdupIR3u0qW+M2KUcnomTswDJN5we1TFxtI6GvCKCOe2VZF6qd6mWWxIFQj8yTiUBeS2XWLnR0h6j1ZObMw0aKbK6NS1udrlq4AGxxJS0hPRBuCUCS2PhRxEWmdG6gFMCSpSfDOixNREkETFazpByUCVL06nuiXaf9EQeBKwDW+SWDGeP4rQdua48czNcXssyX+vJ30yy/R2HfySlId9Af1btdd73wD/INWUVsvUg6xe15mpFDQsQTRqJcb1W8x0sq06nR+WIJJ3krIbpuCySvqu+gUmxARXiYNix2azH58+fv3r1Zr/bvX79GoMsV2U1cwINRBD8R16u66YjMKUrKLvGf/rp5r/+t7+6f3j1h9++XC2uqnIVqZkIxlJo/+23D4v1pmkWLDIi2kdozaHZvqyrkUIsjvLiluuBt9ZDGyhnjpyKjtZfWUqiorPqW+em4If8cXG6zZyd/fmXQw44VZbqtOufInBmdL5JQp6SGVxagzFdg39MtU3OSU2MgylZYgpsm5pj3LPwfVHdFeW/vL2jotiy+Kub6+doVZN6jCDEmugwlgVZOFyiwUUlmi0uoBUHQCjwM+ptSrRD1RhduoC6wbhH3B9p+/HTUHtzaoteOljVfdx0se9Q56KCpK7AfIuRCUBAFTAaxngjZBv5wp1BEmKIAdfRSHREKqN7dtIi2+t4x7ihHHMtkhxAV5ra2WhxO0V2BNpzpIcMUHXOLAn1rwTrYPbCw91WXASark2omgWrVcjnaw7JOjtpvir4rHH2RAX7NsHcCUFqqqoRlTktou+93SBTd49tXsXIglGsJZPCgjS82Kj8GpGC9bNrSePoDseRgSCTctkit9bU2sqUQ55MEh1LV4FFcC/eh/7qHn8cvj9tSxsw0Na9+cPX+OeLLz9vVquRr0KNkJ2FBDh4yZVYqcJgwrlmFqSYKy5WTb1xV8Pnn70lLtPXy816cbUOICEOArRW11ef/vxLnLhvfv27ESGgYRy64ebm2fWzG4x7dF37cPf29sULSiG3MpGYWjvN4ikzB9upQZwNA1eauOwL50rt4vFhTtR/TvEe4w/kUubHyaygzNlcX+NV99stCjYUhwI6yDZBH2P/8FASbATUCMxb0G8+uSe3nQuQM1dZ1fS7vKYPfi6Yapo8F0xHzsO3dyn7TEEl5xK4rARKhJWPCOE0q3W32YzHvr9q+wG6cMQPlW1bFo5aPaOELkvEvpy2QQVh1kIgkzqdEVUMVfV9+uw5kbh9/VUYEOEkDUitKLR/lpZoiISuSk8OHAy88zjvpHBdHI9hKPG0pdfutJKmYwadE2csadgQ0piqu5z8fUksTWHHzCFKsW3Bq1II93Rg+QNjUtz803PCB7B8y2gg5QrRK9LgptHWd2P+E+xwySzmrwSlK3czD9MSoePkQ9P3GD1QV89pBZRiBkE9Lh0WslB50PmeKZIGzAEeoxZMSR9rNswJOsM7bFwt3OJ5AW4avYL1uIBUI/ONEhFaTzdaETqnLYedmQXpcaJYVlH7rDnOjEEoHSTp01OpJuumINCek+ZBUQctg3VEYmhXWzmIzpQNlTa2qLSBuAULYVUsQPBvsE7R8YIuC47YDRdLWY2742Egf2bcoUXEK2VTL/EGA9+gTJ7nrSUuK3NlRa7iEzoC6u5gnbYpQuEKWAK0eA8DQpPowwdE/I9tV3CKD4YICFuqoZZQBxfFKQo9WkMKAwA9zLD42ezYKIVHKKNO0Jx8ic7F1/xLis6oi+4E4bDak3Mn7vxUcuuy7AU58Ccpd9H9KP4sH7qobEu6pPohixaANtYhMBqkfRWXaMpXgtOOJvZdRgcpHjYK4If+IMZxrler/WF/pALGbhwYDJM6ZjSbyRbXnYKn6bgnfD8Shx8jF6FQdiWVd24Wnha30SRheuV7D2k6GwiN0QT8eZfDgnw3LAC1UyL+XkbfMbEixk/QrEQnpkaQnQI2IaKcIR1hLFw6wOps0PLyKbdMnXIyUzm4ODgq8xhZTODnApP8MvQadTL0jiBKQjNbxy6KohkpX8rao5k0saedUE574eTf+XG2j55k+CVFEHMUlc8k+X+zjL1LR6KAkKhcXjtF4ZiiGLlyDCNL3laUWtQh5srIfT9ThIOvZF1QhIz29Ti/ySylLEfkMyX5mAWVvqVLHTLGFoNGZYgmeMQgVfsikzmwZxSTaS+nTbiKqkvhKmEAmelAQQB6zcZwCSWOagNajXtQqRhzAFn0cXISs4Vknqb5CBJoz+4rw3/AzcDKp8+RIabZdRV0AM2fsFWufn1aifxx6Vh14YgJXzWzlgSCYb1iUnlIaQH8w/vUKyYmHHg2UE4SXHjlmH7jaVDWcAt46+dZ6zqXlbZbzomeFSYuqDCPHnE+6zQmZ6Nm35ffsl498rqXtAcHSqwi4ne6At81AeUDbzmuZqASRuB8bc4okGxRXZ9GHRGmumK5ptLip4cSvWOLfDJ/pfJIruuIcK4ni58sMeqwM3KA16VoMqgDoKnzatLGLPvZGlDY9Mx/MVkF0kCI74XLUmnHDDxfsnWiCCdbUfKwEj+WTjga9QoxZCd3vPjJJaEciuDQCtqU9aqg/5ZFXUrkjak7lCvVVqKAGF0fD/24x/A/xBZRsaas1utms2EG3EoeJXMAvGKstgqlyxvpHObAL7OOjU5W5ygPG7noiDATxNMQhQDPJMSRT4ECFy1GDBV3gw+cahz9EvzCwQK9yD5AO8ChK4dYjDRxeIGSasYilaNX0nY4gLC8oI1NNzsyNNL3xHHRSQsbWe988575+QuWc8YPCBxlodbcnmA6KnQkNHssHCIsPVRtWR2L8hDDnjq9O1wqA4JziDzW1OKPk07KmlNPmkUjGSfOTYtEdqjw5Ueji+DUFyZvKNmDVvmsGsp9L7PuVA3GHwAoyM8Zs64r8AiZ38jRR4QH8ZX9FlH/7WG/Ry94sULvYXF9e7tcrQwnnMzIk6sQwBmlwSzKDPVLQFg0nK8q9L8qqndrqSXN8XA47A77h91xh4HqjufEPMSkVaMKMD0NzQvOCOBUrq+vVuvVcr1ermpKzi9EKw4AE72fRC0zbRXcbOhP5jDaDZj6nRS96GE3MHHD8XjUzAkeVs+FPD71tJrKkqc0Du6/oB12pJ+78EyXVcXdA6dkDhP7Mcmxk0OnIGupI1mMYG1umDRFM8w0Gw+020jSCI65zXJHwHHfH9qVTHUwalMJ/hifipNXvNqz4svRqzit5XQ5O2Gkwqexo+Qcnuj9oT0cOQsh2CKcnHDJ3IPJGzSpdu6xnS1yMaOndRgV85z7aM7NrLUMu8gX8LkKjZMSdRfe0ytm78Lpu9nl/jSPOPN2TaHo5lFYRpEiNn7ZvKScIZKKbB5QSuJut7+/b/f7jnow9clh1OmR6L3Xhccrp8wMX12SAugRrFBqJhYIIMGvUEiFCIyd1qh6iMlmhpgls5pcklZoyUo+wf6T/zcfi9kH9Kvw3gGM7/M+4HFWm/T1i4eqmihhK5j5kkGBNSCtG6fPk0EzctO8yFEnzn0YiIdXvjUQO9Oxx80ovgV5ZubjSCYD39f8Hhyeod0TfISYlFOgyOn0STqx+AagliXnQ3hdNU476chIyL/8Na9pIXol5bZU+C/9Atkr2b2Bop6grnR0KXtDLxFnhrTemxZ7QCo1n8BSTVZMjZbkugl0kqwU0MYIppjokaR7LJ6yompG/mha1DJ82rsHxL7QejgqBiXdQJQzGJIb9HXWozxXtNGIV2VKK5TnxBA8Mf9IhAuFMNOSyUCr+QzShIK2m5I8hyzPFqYUL5fBoZKsP03II7WNzrkLXu3JB/6skk74iJkJ8Mc8pHWYjOByucRp3xHXyb64LkWnu0xPqe6UyR6pNHK05nbphEmivFd4XTzU+Z8x5PB25Yg7+BUbNOHrr75+/frNiiywha9q3gOgbMrqShf8XKSS67pexeXd/f3xsGMqgP7mpv6H//ZX24d/7vd77mDJfAKcWI47YvewxdMsFmVancAcm+u61ogpyq7FKB0vthgM7UnItehlNbGonZZlJhda1rQZ3k8ZlviRiqf/sx48OOJPyr4pVJeoDvpYo5eMQp1D4JJpgKkyKBg+HIpyWF2/2t394+s3dVGsyurTq+uiD0StSQuFypgptYSKikfB9ZKBLhqaPRzuvTpKPZZT+If4p6VO35XUKrYe8bJd1Ap3UlwUQ4ESPr1ekuQrobzfvjx0D0Nsqf85kVOPsr6hYEqxDk9GpG20wUtVafN0jdEQLYpGsWYO7JWWbHBzijd0XOyYuNbxC/guN9lp8MR92zn1yPic3FHACRInJssoqTiuG/fgleqToqHXvmxEqWfQXgLiH51YCQ84l1vYnrJh6CtHQOuQzQ6xDhtmTQTnPq5xPC/JU0zc2ag65tkVf8mxdCokUZd1XTKkyBBZbNY8mH77+m0Xj46tKa7zEWtHY6hRPasJ9aRh7DlzBR/cCWWfYvhsiMbwjtYnOnq8wqXCIzplYRyH/d0dJ7HGFz/9vF6tOMAJ6YZ5s5D1YIQ+atmnNSX35pwY8HRq8t+Wi9sXn2CI9NVXX31Vuk++/PL6xTO0EEl8+6qDsVmvf/q3f4NRm2///VfFiKu//+0//cvzzz55/ssvPvvJF9v77f3btwgQlCGUnCUpxNeyQWWq4f069cIauGgW/0Um/ykc+cQQ8ZKvxjUnXO+2stpp0dUgsfcjAknoJA79zbNny9VSeo5Ew4sNMoiJPT5eCJ/EM3PTJTnzsZaEecJqSgk3rBjpTNQPYqH4ojJnOTl1khjm1CX1UK/X3a4tNy3xOvtqQAAkjG/2O8pRWC9QgxSciE6sbcSfwTWdY0Hld4wN4Z+Lunnx7Nl+v3v1+jUxGTALCioeCvWx3e+NIoHoVdBi8iU1qybUBbfo2AGgryZst0AQJjvDKgKiakyr9eAx5EQWbXIYc+cPEiO8wQKiFlIGx/TBGN4xvN6apcTJ3+eUDR5JSaJXiCraraaJmRsuviBMAAAQAElEQVS3J7OWHDHnLEXAAjvB1KK8CMkN5JQRroSBQhEOZs92Wv2Suq5wSgDzmvBXR6VG4VLS6DRwzrecKIWda/BxceEHaX5XE1NIVZaJ9t9oVui+qV8e2/hHjJ6Pg2CF+F7pq3NA4QQsiMKOzg4hJ/GMRzJsIn4VvXTq0GENfizB02eQ18y8j6py1NhGexwMOMb7EaRPs3KlTtduKtMt/A+XpxDWj8p9tQbbGy2aKUN/vyc4orhGkVFU0i5FienRRCrk4ajPTqQEW8mfEXK4qGlIutCoW0qE3gFlspIPFHZtFzkeJp1CqGiXPGSuk6bWhOTRM53MQJ6plyERGNX5CXaGtEtshcbM0pwtOff4ER/LO0nFJbzkxKLCXVuYw3Ty+ZOrwCVuJ1otXGWoc6qL9gTp/nEO2vIQdNefDCI3TiDLywfh2IvSs4lbSLDEN9xWg9ZOzDcWeh5tx5v18nBYtl27wzBC16KtQgXSuNB8MXpusqIXpTjioe0XfYubUGCRkaxAA62StxpFngmFD1/avcvY/bADcuiFjzQyhc2v18hl4PptbR1T8Sr1JIgCbhXcn6sSFUHgsvyujAuQ99P9smhg0U2pcpGKdiUCR012OIvE8dZxPdV1OCn3ikxFUXjLNBRpqvgpjShnh9GUDThrY6hKkG1MCXkuk9NwMQHxY1r7SRjme00NTiVvF2HHnCxpRBhAPil2S4Ai810JR4VDGbhYLndbioTVQrw6U/fmIbpJOH8fS8RMIKGpILhWOZY5QJsqwiANrEbHVI5lIxCTjk3qApTXUcL8ska0CjFdXvaAqFKX4kykVtJwwdk9X3jgaAXWolGjJZowz5dFBWg9hQS2xexOTnZcYnVIlxO0TMBcfoQRpNVcEb2zQoJpHV7wIy7J1fkHkrJJcZHEiJVUxDQbJ/s5TI2QxMaR244Xgg6mcfij+kNL9m1lKaAudilxwoOzjgYuq2uP02jF6VopawHs7BMIpr6hdL1xMbVeVT5CsGXkZlAxwMw4NG2ZPZG86JMmlSs5bcg3Pc4EtUZTtfIPedn0H1OoB26WAhUUFctBKoFlASli0ZY38xFIxxjOOSm5myAD/HpvCRfIMW3JNA7M/MR2kh848VcyTlrqCkwlorxhyOLmSC3FoElaa3hV0YBMHOUcJ25uaDk3fTYVZEt3D2E6oYoPoeiwKVYoBQzWpX+mAFvGbyUgLfdxxFsoo1sW1coX66rc1A06FE21qH3NU0DceA5gtkzH2CIM1A67Pm7B7dHLqMvmet3c3tQNnqbkDm9Ku8vrSq/HM1ooROskaZgMktRYRyIejkqkBqK8FZIGvmd0hRBSRpiFPkDlVRwgRkvx0OHo413WRYMQcN3HlfMLxIyCK7oejr3vR4+/B26pQzgGJ3sUlJ8vC7JgMtdCAsIEilDqKXEMkwIVL89LvFFyB0CWpXb28sFr2ynmOMEboRFD1wtN4c6XfVEeiuJQVYdxkDZMHIvjpJMKyhqBEMToqBvyYrnA2wrcAVltirTPmdJm5EwjMb3RUq3rqqorn7La3Ltcqh/9yM3Ri7/EM19eiDd84jhhowvR/m/+8NXxcFxtNgglYUyhbpYSZiPxDgBnAVT1zqwZuhFG0uLkzH8y+6uGZmLohsP2+PbNGwQiDrs9JSIcMerGhhZ5NbInA+ePcEEaF5VTvRn5BtRlb321Wd/gnVHGiSc2HVzYuKoHUJfRcojdJNzPFWOiLckfIjceqN6RClE8cwRoVaRmUXCwlp+fYWb2amRYZKmEIUoWBdplSf8GqUkumF6S+Vr410oyRPDZ5QOizFTlgIWXufx9klWy7TOqnkRYUsj5+RJw+vhsNLIlnivK0fJLhHiGKBA0ikXUJm6uoMWs8pRt6LglEDmnxCBE4Oe0JHC+UFi3x+ORE9FbgpoHto2DqQl2B7NlGZ1WDJpZ6C4dSifgnNAsnqAPubfoTvRgSqPNLbG5xTiaij1ZFXpNk+t2zZjynu1jxtUx/fiRJMbl7Bl3suTnpl20u08jwJQnYApVzSYn5iJbA0O3f9hRD522O273+MvYdZL35EYx+0FakipXnget92FOUWkULWmJMi+F9M1hcimFyzhXhb6nnad80Pyq9IS8T4QJfnpQSPm1Cd73/nRJxffZok/3kC4K2MdODhnBSTyDlc6/lz7MAJoGjCTjBISWRlrqaEY3CQtOaOgldSxwDx2UXlzYPVIaKTXB6akgTmrI9VEFS3Qn6TmiFJg7OjJFyuB8p2akfsKfACzSdssMZhlGcFMqoEwRl98VXjwde1blOOZd5lUOiHHpecfBJNfFxLHIEUgANMrIuARlW748WL7JfJomnqfplcLMAg31OAW9+dL84S5hSrbMvKahcPBfpTG46S+0Rch0lj8l45CerLQvMhxF8DbT+Qu/FDWHb4lUxvFEci/CXtopOta2BC+yjS0Vk1E7e7PbESAof4oFfpheWumDwJsBlEtJAVlAopLZqw7OUk8uLPSz/fXnkXQSM0Hyoxyp1ShYqGO5Wi1X+7bt/HZ7c3tLVvs4U3aQVbGz3TpKOjD4j5UwE9N4TFdN0Bje4WJxdbXe76+3Dw9v3ry9ublZrMAC9ixHvAQ0ovQd5EbzvmkaNKmPaA60oUZT0pdf/vSzv/+743//P1527f1q/Yz83pFbthAbd7vf+qps6mo52l3gOSnnpahdA3GQgnz6BcfwAccLzS2g9DoteeAIvTuzBhy4vxwf9QCT6vFpOvNkAuLsnUfWOYPTIpQL5shPsiur2QWMia/jlb/b3//Ph7ubr/9w09Q/W64XXhYi5ZSkDIyUQS/XEk+40AIDfLFUAipqbuInAJXBW0f9dIqIQKTyVJHTgSHEGmAV44v1IhbPiLXofvvNw/F1G9oeIwMUBBE4U5R3ID78kpq+elGSPn9w+ck3HNQJIN9mYI+E5DolnUgPCBfFkx96aU0XtbMmGuXS+404hJQNTJSmqnrFmDWjs91SkYFj0Ae1zvLmhs6DWos/LXVWl6bvZG6nAnmdXfaVyJ1uGjp3zz1r8KUFu/u+eP85P/oBzroEOJelnNo64k9wtn65XGyeP8OP7/x9+7Af0fqhYKWDZBjpOM7AOcFZyOoqAihv5/z6j+cgq7mUV07YthK0qN0dv/3t73GKPv3Zl8vrq6Dzp1ZUdEIiq/IvGXYukcKpbJcHdkw/Dr6prl883++327dvUeIul0vmyiEBTvgavr9YfPrLn7b73fFui8vjcL/91T/98/Wnt6tls7m6+uarr7r2+NlPvkSrRTqvwpwJ6S/Hf+Ijck50XdcIyqAFezzsxegEI0Elxo7j8T4EMXwRuAGQWPJ7IKr8gHmxVP66+0jH+amEspWR0j5rZTgyeZZTNB2NaR/F6WZFSP5D2Sya62s02/bUZSVwd+F9MY7F4VBDWF9dIc5KTnJQrIDJgAWO4x7iVNcRmrL65PbF8XBAnEzFqqdIGPpu7JtQ/qTwMxPmE0pWV3RKhHCIEHQcSgxGUjiaZKxPERuF8GaqVkcgYy6JJxbgJBuzaYoZ1pF9CmBSmJCBDyfXA9VHU64irxx91zM5yuxCl+Z6cj4fyZBXq4FgxCARCy1MFnIX5kArsuJdl+C3lHdCxgFTMUQdPsojZc6TQgQ0r+XAvaUIhlPfvqJKAuHS5K+VRQreaQqFLGkiAyurUfDTwM1fyOEj99A5SJEKN1M60+PLO9wmIxB9QQhcHcYtdoCdccPFxIsQU2dCrti6kJI9RXxk/Mm6oBrEw4E8U3yrUXfVxeRMz11D0IkTK4ds9c1iCbz2HlB3oE2P5zkcPIcfN82ycin9lckJiZzAsYHFndoE20h8hcaCXPAMIpwsOQpUsoHj1vUCiFp+gmfyLTxFJb6RkMfRQI0jBZ2F3TlLSbp4QJbiP1tU8T1WbnxvMpyqxyjg8oRT2HXzezi5pXT9KCzijPzSFTkCpBDrj6R7E9jqJmEj9q0uvHzDqgR1Enbjz3O3DM6wdgmvAQlWRmEwIsGAMndZVVer5e54uFov98R30nPBc+A0wa6gAmlarAXtVtdyOWW/DJ4rnTg/TpNhYBb0nZwZeSm6j1x7YLa9e8cKStBaErggPaw55opSpCpc5eKiKDvPdfgD0XGgHIk+BatFXATBDzmRSxJNdDc45tWgCCviSmU1UJYat8lV2eV09jIcTG6eO71FMR1JogaK78aLTp/N38ddirnxfGm/6KKT1Ex5moy1QcYTLigteze9QS0B62YPu5YT5d9ptOfneu9nLn0t5RuZ8XwxxjY7+EHP1KzRWIJz80hP+hpkCmV+Pt0PTncbJ4bEKUEnrVxn4G5uJ9gAXxgkfiWYyRE52J0Zfvr/KaAF7lR8pYhNEimq+ED6sAdnZMAwS1qJj02HnsKdDcUlS8MIVfX9x5azjaveqn71gu6YrhBVVkYlQI1ThU0wdNsqdr3N8jl+ApM5YWlztpQhZUTwVe2l/ESWsJuEMwCYnHLvOCDbV3am0w/IXkyEx8mhTQMBE0DHNxWiM4dWSLAKITtBWysmXu9ZiMImMp3aUgjAqnUhGVF6pSk6oSk6dMkRHLXUGcfeRQTaDxjOClQHSul0UlIvJULcIEJbHQnyHkN6HLU1s9HIF0BMUyHQTFReEy6CSjHdVHqfhBufLCWWTTBZxs2fpks8rxAq5xe+vKrrm2Z5tdys6iWGyvWRo27CYHsYD0rZRPcN//PF0UO/KGHdLG6vFlcb4ObL6MfpWLnUXAByYWJKw2FIWArHJ1Fm7H/cc9IzSuD4IxVfuuf8c4aeurE/9MO+xV8WZY1IRB3Qkg7LAHU3FkNftCNic02EKoyoeEoKRUNV+qoAbtyoph4b2ZRfSv02Amr/VlIcvE6b9SLxssSo84dzmrWk4SuhOSmK0XPSCYY8wY++7rzfRdg72EeHtmzP/SxdMXLOE3dnrqhEvqor7q0ZObsoCCmMijl2frWwzabPU5FSxRwnUqGkjG+Xjh/JtnvyMXkrcaZSp1f4wOlH9/bbr361fdjhmGDg48Wnny6Wq4p7pkStBvTnysrkv1ZwY6hMA73kE3vKq+BcCPz2w93D3Wv8/91++4C4I8aqhQ1l3mRBpKTQDlEmBJf2VVXTLNaLzc311fVVs6yrBkFfoiONDtEAEdvABWwxCcss5Xd2x4/YBHAyaMLExLTQw8gwLBEEtD0xmVpfCepP6ikinsaZh4hXlOWaBOP2kB40AghTEIZzTWz8Q7I6Yq4jxJUVjNqiiJY3NnGLpnST1FLnxK4wB1GkJV9PE4NGoWCRlBqZzYoT1CruywwZ1YoNixKcSGJAqguSPGCGTVBYY2CpO+4P7bHtKU1n0HFIUjOzlDKlM60od8EomklXl9lp73OxTmf28Y/ltsf8zXj5ZfmiWRlqRoBSbET3oSboD3WYW5Ufk05kPEJUskvDK62QKfYxcmPGYaQAx9i37eFhu7/fIpwYOSsLJS4uGsess84ldfkF1gAAEABJREFUWjU1jSWfULNDWCEwpCJpJXQ5L6uXll6ZGHu0taMF+E1batbue62ic9/kPUMzkxrf4YBHENGnf/38xbklzDKk8JpBzhR6olt5kqRWznFCSc/ZuRTZ4eQS6pvDUScpGAkcMovStcgsy6mHzcUHyB0uXhIZsQwdE4QVOeMkUOm3Ane2lVO9cdryfMrRq8icDUWc8t7B0FIzEtM/LIE1U02MdHci6eNkiNkNynmTB23Gtrf7l6o5lySmqjcJLSVL3E6vX1fsxFtYbmLQFdl80q2Hf2PqbqK+RmNJeX18gXbKorm6uQaFOmm+2Mx1DF4OzBLbshoSCqnjgEiKdGIhjHnQPmuEQtAzUuavoRsFF1dO7p+VryfRbsLhdAkAfKAQ+/NhOskdoR/vSHsFDdZPPv305bffvr27x4Vyc3PjMt84144yu9IOz7mp911+wg86Tky85B+K5+WLJeX24to7HA7bh4f7+3sUTotFo1elZSV+4cisd4WYHfjzanOFC2172K5W67JqcOH/7GdffvW741e/v49u5QkgppoMAWFxse+2O7cpcFuEqEUJuMIRbF6XtauXWtdCAQAE1fx9d+iJlXMU5saSbsebT+rA5QDN00Zh5hX/5Tg7AMzHVuGfoIysiMKffenctkogVHST9J0B92x5QkyMDvQpLruVFEW1CAoK5CH8vhq+bbf/+PKrojv6X/71T2+fLZoaxacPkYnaxeWcaBtlojlBSsWi5/+NUozCeC14QVopHBgJ+YWmqv3oSMcCWtMjmzpjQ+IePeoFbsYKvzHAMB7fHojNGoX9SFwjYSC/QhjfjZ/QhGVusoAgzU7dVhfUZQ0ZZSJZ6jwYSfrrWLAVVVZ03gEQjh+kz050WSXTBHE44eWNsWv9fuyZxREjYQ06Wg2qKhorSkEIc13t3JS8n0x7gb1HmCBa2XfkCsISWgBNkUH4gLPvjY8xPn1jPu2Ax04ozpthoJPMjLKinZQXMQNV8Iv12vPzYQj0GHcIYBisB87NJIoOhDQG4LA6qm1cI5nHwlcR48ND3tI13cB0ouyerETMcfXF2B2Ob77+Fgf086b2VSMddmJUslvHSQBoAJTUkcybWo+Gh0aXEDpRH5HKhxdX689/8Ytvf/e7u29fj1348uc/bdYrtCzQpscT4QmfffEZ/vzdf/+fb7/65vr5s6/+138srpZ/87//w+rF8+vb27s3r9++fn3z/DmF9OpC6D69mA4fakD85Xj0yLCqCy/+cQ/xTPA+Glje3NIdoeefUr8ZQoO+j+gxvn31SoTtcrX08z7fLoM88iOT/zG3zE/e/VhHzKBewYCIx2VBbf4w8mTR+sHHwiShGBhCviVJedw1pyjqzQqFYY8mettRg4d9RCDtGMZ91yOujVgqWefEFMoVx1TBTugo1wdytAygrpub6+vt/nb/hy3K5hEdKyrIqMFXeA1qVUYbl+owuEtzMRbCFUEK6mDQWo3QGakITThIwkgaxJw8vphJY7ZbE8p8/kk3F9nmr0EKdEEGOEQTx6egjjbbcf6dMuIpEsQEHUzfgFRzoJ9hnq8A5kEymgWJLl6kaJAE+piKTOmUI3fWEegKFN3zQXiyxI0KkyHhUp8dw+1INZchZmQi6k9G2QXUVaGRG+haSUDi+szghF1nhuybj2kPm7qZSQyDumYgagnEu0Y4YwDnLbhGIcRUXizVQ/I7M82krFI1gVRdoW1DlWPtEe9o0SzKorJZgfM5UBYj0CSCBkXDYsWUQRRXQdvigKEcFg6lECdSARLpSi5m43LScWDO9EKsQkr0gZIYGaIC0PL4BXMri2I8EtkbQh2DBDYdr3xRijRExFZGytFHr/sjjEzHdcHOPP9zWk727slD24fjxe+evKJQUfrCdM4oODtkTtzj8g0ksVU2m8C4bNHS8Id8Pn6EQ+5fQHD6W/opCHQlYj89I2dyCSNFYFhCibnBSU2awtxOH0aC6CMbmegGFhgUu16vBtw0/fDy7d1AZjIKz6GNLe/tuqKAEMVwcMapm3TfU1CHkTPlBgySSSZ2kTaPyZ6Fl/L3Y7A4OU7Wz4mPacsDjLNHJAi7Osou7hCfx3hWXQ7V6DEO0g8udSdJi9RN3MJ6FSZIYCclCoU0jT2KtY4DGqMrpOdkpEZdI3A8goYncBkJ5zO5ZM+bM81t1RnGjTZB7nzjwEcvvoRzvFUhs5TZoFEKx2gXhQudZWDPTxWVQiBT+7bmIje7waPtiIOqLuvTmzhjyPiwI5lAzvjVYkphfKTC282kh5tpbHcqXeR7F34HTWXV1jB2fsrXof2YfRSmS3P1qOCkqU4VJjg5m5WEMEpqiqW8qxJMj8UfyEDfc9tiepC0EzO1ruwZscjvKXfJzuYI0uFsIZ1/xvxE8fVmrtnMQYvpEtlMvWdZKB5lKkMMCrE+mEYiSjf7BMhLvYHTNxJE4PJh4vdsKUSTnS4PQ0UTaM5w6ISNOUE83Bzj1r/NWUxngXc/Wf59C+HAdLuSGKDedxopmsJRioq5ayG3LSyi7lstqbBrm+8sqkRnUO5VGEjOb0t++vmfKdoavGtRcQz9fuyOodsPwxEjKM5ksZcOLF4zFQh70TNZPXYqy57Monn6U8z9HbMXjeMkhkmW8MvC4C6zo4bl3Kh2PN0JG9CLSwYJ2abUn3FZlJuquV6tN6urRbWgePOoYxl1GYhecVFNTvQyoPfQYnAd3YbNskRPrSylylvSJaJLBunZRqBXOZZCiTlTEDqyiaKs7J7YTQiY8o7C4YXnImmxgIiOpD+2w3Fw1C+uqEei+2sQURjccghlF3w7+n5AU5rYhF2sMWhCNAuOUzUk5sLwnnTIIRwEA5YtJ38jCGbMf2IZMm+N9tkDHRYwl4EtETQYgXrPoU8kpin4DopjrLZxeOjHA1qeBbXdEb4CQuOqokG3rWnq5QJ/SCqw2ewSopOO2UHANwnti5vM3DClwpITIvqne+SK6VxPBYs2yUddKiBkdAzfpca7ux2iRhjQWq2vEESqKVOH8EYxF6W7irIvZy3XwZISRs7LcFzEByDdWCjdpKRKOb/bbu/fPuzut7uHbXs8yCdZusK0NTWrWM9Nqq9CxwB95mpzc3P7/FmzWlD7p7qicljXj5y/mzp2icU+n6eY/ZTj0Upg+bpzGQodnXDX4ZgQoMtNELiaXKUgU32YhLNv8c7SX1IHHCn4IXojyoEil40rfwX0Vu2ZmjzqcozTYSlw8rsBzlajL+5t4lA5d3D4N/mbXWpr1pCyWOQzZVX5jKffkkisEwWn+gnVjSWdTLI9Wk5M1yK21FJtDrGbINSCWz4y0UKAaUfntl8SXjCfNTe36Pz5vOoXZQmdGn/TA1/40uUF8K6PZB7pqVGtMyiKMcorIbPuPr7J/d4D5sUw6VU6ckvPzb3aGDPtxRpcUmZHyTE5kjrAcPdh3x8O3bHlFTuhE+JxcNeb6IX7x0/wE5EYpWZPPl9DosqhYOZLeq3Muz6BFrxMN26FO1l0xrlZsCY9YDJ19It6PDIdkPlM313ew5Py4J/0LZhTofAohjQmzAzL3ZylPI4ZeaWwlnhIqJ7jKDQnwoKZHkccdme2NJ3WCmyyS5/foctQYXMZkq8hn1Ej0hnaoIwrF7cUqHWUNPvcNEuEGckEAzdZwrk5PPtLjNOZvTsZ3GqyTgyDema9jq52lzlW+V0JlhxjVD4deoB59fJsmakoiXC6JpX8LwlArxngZr467rdG1prQR7HWKChllv4sm8Xy6vqm4vxZ5ziuxHHGgY/d3Vvu1UMpR0wjJ+0Lx6CdephfjmBzzkoZw+Qqgdxw4m2Kbs79D/ORno3dO48/v/Y6P9YB822Hc4W212q1unt4eNjviaOvWsj2g3M4cmRrnZj/ivwt/0Hy6PE7tDNLx1nvl6vVVT/e7Pf3d/evX79Ba6/mxHbmh9fdS9ZSSdknI/1bs8EAq7BCjJiyvD2ZgZ988uLv/8637b+8fn23XH7iOXWYGXtptx2PLbjtaoOeSk2bLFCTTqZdgGKxYjCZJEjBv/TotPZH6vcGfIICKLVfwyDg/nJ89MPkR3rB4hTRKWv+hWG/tCwvG1+QpxULckWZq1HZ5IOfKGEhdWusEbEYimYP7R+299U3f3i+bOqq+PLFJxg8R5cVxWrrtQk5GBOa2OtOajHNamSrhJgAtQDZinUE/eA8DIb58V4KA9a4hKsgbtMCFsviCk9V9h7Byu0DBS1JYXOxNYidzzEgCg/VnCEl6FsaJYPFnERwmQNI0QeKMXQg/KXCrA6WzDH2g4wbGfQFtYLAzYHXGDqy5NJ4Z2FrYU6TtMTYH6kjAHlw1UF7djZAtUbMfi+VTfGCoSD6I5GMZaCw5xJV8jQ41bKhC7O7iBZLz+RmuHlLMQ3dD3JM96ZjayaiSw+iGtoJXRgNiJ9ij81qDc85SObgGPdj21n7PWlxMXUMdRYjEe9O1K0HP1kVyTHQaGuyx53a7WC/RJNbyZVgSl9OD4rH++1d9XK5WV9/8gl56aqkhbKeM5QCZULhxNnVZUairl9rt6RmAHt4m9tr/MzXv/r1/bcvETr54uc/JW4e4fLBmOmq+fTnPz1ud/u7u+PhiDj+v/9///H6xe3ny2Zze4Onev3NS7RXFqsV+IVxGv4JH09UjicL/eK34I/7pDEDOs5inPBR9f4T78dzOjxefL3ZBG7tiRgAv8WLi+EPQgeOx7vXr8n38J8slgt4sp8FyeeYrqnbBz7q4AuGM6XWMXbja7I9GNkZjCDDZ+iS+FIkyQQqoTTbquoRLSp8s9kgcrkdHbrN6Jj1AYN8w/54XC1Xa3KSKUXcaVGXtrgOldLFFUwOd725elnX94cdykjEMdG2L6sFbk8gKcoCAfG7MCLwSlisQjaxZ/cP7xJh2QaROHavTT1rHEE9pGwAk4OnzjyPvXMuEe+qcLN4poxCklHyRWc9TeMMN5kW5cSmknwLu1LIY0rKjzmb9xMfLlnFbCEEYzsHkWxp0aidEk/n2lopxNR2PqZ75WfxkxtJSthb7p4mkjjO90lJnNGI/TSllfrfUbPqYZDyM5SZpVTSWA26OY60dnAG6zoSAbgFUDn100v+RJRqkWlw5s8itkOQYSeJjZesguXGED1EwVNFCkm4WFThzQ+waK5AdcJgvOAMkiOTSeB9LhrgijQ4nxf5hdF6eiLh+ieIdLFC82Xwrt9v25HOc799INN8c015J8JUL0EjsvoLYQ5iVJSuMqg9Sb6phAG91bUT0xu4ARxCH5R00rfW3SCW41CISq7RhSJG6qCrpWC0PyjUmQHis7WRjYk+WY4mPi550lv5L+lcbv6iAoS2wvzUwmOai5MJSjcoNSyRInSEUyNSkEf95dncj3bIBMVMzED+RHJ7wnnDtjT5sJohoMXGeT1i8illDNnMieOyrm5Wa/x+S6XR3f7Qct7BMEQghilqCaC1b7js2747tMeiwjCVxvJlAtiI8JkAABAASURBVFh8cZkEt7CUm5/LxY95BEvHBPOS+eWo7ZgVhOWW0bIJ+V2JCDAxICAgtMCQVo/RuL7D4BzuLIyZWi7d1As6ToYuG4QqV1iCTZ3OqBUkk+Xwn7pmplZ3srWNGSBmOsJxGjx1hOAUcyeYwwm1g/pvCUsL7lJl2wWL5X2jf7IvJuViv3MIqiRSRc/BWWUjsyS7XDPRz8ugMIoICdigxdtUjcxIGoEwY0yB+Y28/zh/atkdGDOjph7jKJ5dDryencOkgctsQp2lHEaXzwaLvkgYT0SNqt6QrUWVxlZaPb9hL58nLSd7OZjNYM5pnqESNV5oMs1NlYKg+QyQnvHigEyhMJs1UYY4M7KWQDnUvfj05wMFGWGq2pKQQxbTV2LOMWlKEAy4deY+yX/eFAL/E6Mz6j6QlAjSx7KXspSWCwFIDRfpM2ohSK4F2J7x6ebP1k3Id0s0Gjc9hxGFyTxBmgWnVotTmlVL2TCkT8ckn/2ZQXWmmLJviS9vAiw9AqiImn1RDEaXloB0jy2Y+axg1ivqZMMCny0EISWBaXRY5Xmny1UKP/H6hfPTJM7Hy7t8xvXaKAP3fXsYuv3Q7TC6RR07AkUjpK2gh6zGX+6Lm3FEaZJC3M7CgDsNiKyZGDObUvlN8qniTreSKiciSNkv+GzcJ0eykbKkFiezqR09YraseV75TbzlRVWv6npdL66a5Xq5ZG4ssP3OTe8K+XNq5zFSdkUxeD9i6H29qK+v0Pch2Ea6c0bnkpDgEhen+8JbjEhYDSS6JzQnxNaQWHhJuCFOLG13CqBG1Zz4yK3eqG6qOxyHY1fEoqyWVelQx1WDQwXX9K7uQ9GFoo/FQIOCuAa6NkvqzUNkrNIZBaZ+GXSMTBnBrP5BkmAsCZ1mlRtLee4BJpF4wpF1y/uSjFBqZeUlYzFSFiyg+ds51wGiQG4bxsOAerMMGnlCa7lAx6xZ1jUxetfc/5onTnhwLEtAyW1so+NbQkfBHTgtqRrcOxXKidL5MY8Tq3hmvtqracuLfYuexPFwOOz3u+0W333x2Wc3t88QGUz1WpIMgR6Ti86S1gqWaqMFOwe7dMTFSek6dUOzOVA89LjHHdy/ff3m7vVbClSPktMk29NCdzFJrGBaz+H4r6/Wm9tnDfdFwv8sVXWg5H8XpGIxSAIGKP4Min6cSGWB2DT9yV2otHQu132cdohmfHs8YtwuSgaJ4A+FEE5HpiopDIQGydXiUZK8tZDUHJXKNE3FHCcpL2SMvQC/Mry81ELSvJatMmqL9TG6zL+mCaDYfGFNy8g31Fp6kwsq7ua2m2SsyLOk5JUEWUtzN68duE67VEjWkbRfkN8lB0X0FpfhY7yb2jfjajoSwEK6g9hTorgVpajqFErWyHOCdzJdmollmM/R7LdHoLVk6kz6/TGT5knH3EjOTmIyIaqLkO4qujhfgZPR+IH38N0PmMCi0zf03xOsKUSV2GmgPOUx9MdDu9+3e/rZHQ9Eq9BhXI+AC2qYxeRYrH/TqUjm+2KyOdMFJaMEJNeElQ7VelHOVGHSno27QhEgc4qsAQzruBim5pXTs8wfB97jsHh3OkHf93jKzJ7fFZiXEbIwP1xI4nfJMuccgsAUon3gDiycykk5cZxoMnB3s97FAbQNoQp/Ww924jiDTXgvu0eHRexunmgRR1G8UzU6IM63LosMitqoWDe7KzlIySww4zwZuqTj02XNpldv1znN/0heTBryoE2f07NEdWjsRNNA5viPM0AkuRu2XmM+SdNPa9VkDpY5QY7Z6M1c1M3uJ1kELsXjeDrI+OYoZ576b55FZoLLI2PohwAlPtAyaVAZrla4i5bL5c3t7fX1NWqW/+2XvyA6ZNYvnsm/Ua23x3b78PBwd48/2kN37A7ElHI8cvelAeMCqacbbquOklQG76YkGJf7kvnCiLYlcxlyVrb94UknT5GS79vkj5z5kd9dxtIA7uMIB3jaaajzuo3y5PW5iNN8fXN9xCnc7YpNKchzemaYXHoGGEKUNLQ8XnJBKgG4J4yt+dL2p86uQfq8RiCOaFnf3N6gnbR9uOesqGZTbiZVp4MA7JRFgTvwf4vF4mrcyBJEv6RZuF/+1YtXr795eHgb4xZgA7FAlBhD9ByMwQhv6/a7ZkW5taDeMT0y/oFu1YaNDF9DEaAbEd5HTwCBOKI6jD0U5VhAoTtqWqCQsTC5x/CueA4Zf+iq+yjHyW3+0PfxlKULIjf183H6oo3Sk7fRmcmepsZUQ4y5IpDPKOYH9qfjiDyxTEM9wvJh4X4fj/+/t7u4fAOrqxeIGlKEgpwZrQICI4eQu2UFG8R25OXqpfkfRe9jYoFjKn75VmBkJRZsOI1OG9vyNvbkM68XaOYgAlCO4zdxfIuONy5RaiNI+fvMTYT3W/CvIWFTMXPS1P7mIl1HhBOCcUROOdS7Lrg8Ak8ajRERPXz5LioGZ00u6C0f+PmCXcbMbvW9WIENrN92B0/deYLUhqNHh8+Bjp1YZM4Q64RyuDQRmrfhdJepwJl4nhEiiHUMqITEdWRnCz0ZYSKdr4HvucYvrL7MymGtFuefnxpkSmUP87bFAae8Wq9WHLrAl4+4FNrOTazjSpkj6UreoHldV12HIS9uF6gaBsyynYbHvN/s2Z3KOoWadHQR38eJloTi43b79X/8ukE94RAbKsVAE30g+0K67OBKTOekAJVyeE4eUTSPGC2S1WZ9+9mn9y9f3b153WxWNy+eRwVhCry5arl49pMvjtv9mz98hRARGl3/9P/8f9WrJcrY5XJxdXPzze9+/+mXX67WVzhMGCDHQGAiinXvP+a6aRLC8nfQuOMfy4NymXWYjotXT+iFfML9UY53uJQfcYieZIkRZEDCSAraV+sVEcJ27chiUxLXiJCDA9gomu7fvMVXbp89a5aLvCGgOELv1rAxnv8+u8PHvv74g5x697onkuqPXCzB3K9dRxiqOUuSNCFWGadCAoWxOW1RyIM8ybXKF6u6uV0Ph2X3psUvlp2r4rFGNLdZUQMUx0l+nhLBUdZ0bUe7rakpFoiB5Kq6ub5+/uz5oW+5jj/u9/vlkpJR8C2O4bF5xfnr1ObAp+AR4Zpd3x19daw7vMsCUTnnJtmT6BZylFDwb3CZYtWSS/m0B2F9h5gp3qT8k6Nptp9LHlwa6wmYmPlYmVevel6X9+yjuchO6z9YG2An2ZlReJaM/1srX5IvKo4rd+kQyxBcnIJJHBWdk6hC8jVTtQvJ+ZFamJItIdzc011FRbaEiYNSS4GcdETyqSM8vQ52+zLmvN44aRWhfsSr0UmTdMUCKIO6okpKfo6gyT4eTPdOKxcSeIo3PxAXfWgpS7VAo4ETk3zhze+maIoPUssS1bm/6Fk4fgo0YBBLxz/QRSTCZ9/XxNMeT7wJjf1ELaAXcFcSZdA8XzWLW+/6SDQsuEeOffdq++CEOLHhWloyT6RXnPQ7YoyCtlbELSdYaAIv5A4jFzKh07t0NeddcK2sG/ZHKKGoZJrpeTFwECvuLC4gMlixa9SRU4glCqFi8sImBOKiLTF/MXOaoqUTaQ7rtJ28rDA1jfjV6DLIIOo9uIwQ5ZJMsxIZDp5Qz+R+YFiWjDGJbvhzFwFOb/6dBtZ3djjYsIQLL8u3lTkjTHWiKiGibTYQzNsT/QicjKczg5KtIlqwBBNSB4AGEa+rRXO9XHKlDY44en/FoIa1dE2nbyBG3bbdAiUnB8Zsp07PaXX+IGRI00PHE3n16DFy3x+Li0I08PJssPVvCRBDwtLSA+JJmImHAq6eO2uOCmihLqoLWBTVsh6OfSyHvvTUloMHUnaP7l+rA3NG85EgK9EOJE6UZIZz1BDUrdVXzr0qiEpd5GzPge5yKdvWHg1sU0pOwQQszgcNsj2irbIlr0+zFCa98W4rLxM5tnFkKFVv61lYOHCsJYChK+kSwfJrQEdfWTT1Rsy54QAJSo6SC2ejBF+ThJ+06fy23n1YVYNpFZfkqJ7XcdRNSSt5CIWaeOYQRYVC4kwfRqcEBt65yZVJ15GLGMNZVDlBLh/Y1V0287zipJmoHUGdER12z+yXcgVcD0qjD0JLLqQLMlKQJRfwgHt2RpxLKwWSR6Zrd7JWkv5O62lCcuOEmGmZwPl4u5SWKo+kwsfi0/IsQYdkHkiINraggw6ml1zMhj2qNOG5mhpHTtsoQWpZqoP8Yp352HQR11mqeYUBQeA20IwXFZo2uHaD8eQuYppdpxw20eUMMAYruDQUMiy6K8Hmaqopzw2i2eDCyVBT1kcEG16xkQES2m6GxjTyKakIwTtiOkGnlQtgKhR0ESrnS0iGSxo21Z/K2ZKUq0Dodmmb5GzIxTeX5SgijAr2MBgbd2N3PxzRzG6HnvrbE2Ecw0MQnFGbgDKVM57J7d9sQQYh0ZsZztnyi9mOY4ZBkf9W8U//jZz+rKowRo1v2eCMTk0ZNifdmDQXZGx8zmleDoI+S3Q7ynpdLtZVs6wWJZlRUbtSM50vP5gqYEoppnVLgqAroauLsKia63W5ahBY8KUl5w5qfpuMhaQLbFmxxWiEEwCaOU2J1E74PCijTjpYS3E5kfAzmkEBrLbrD23sxxr8siwa5xsIVRirPtRj9O1Y9EM1EpExWp94gUVdNtRiWoZCMrdGUBCHOCRjj/YqJbsYA73S5WhFDNnVcv+C2Ons4vgE6eMEXA9F2Fsx+qrDmIqDg6v2UGLkpHVjJxZjyUWSxOBClBJ0U1SAWcr5pI8fcGNAXXzB5IzsMaGL4FFRoTF1j3qqTnmCn/5+5P874QZx0ljTK/mLMZluIi35T8r9bdv9drvbbnFhLJbL69tnyyX12+1okUjvGBHTUrUV2BjTElrmR6Z+gKmUi7o4FTWX1xUUCe373Xa33+7uX9+jK91TY5qgUK/ae9JXkeN9Ii/YQcSIdb1YIHZx+/w5AlmUDsWZ8LgnWMiOLhdqTm1CFUMhSdZJp9vUWUxdPgGTMpbBkXYGUsHApB3o/PVC1k7OCgmdUugZQGmvQdKWOFVLwsGSd2LxRS/tbqgjdknEqErF6Ug8SmMdGQA+S9THkPYIaYCMj8SWDo0zj3SpmR+peYNI7mQNZesBEg7KtfEjJZaBdE2hU4EwIUUDIhkawo8VQmbCV+FNoUUa/DoVESDUNNDZeoz7YCzzeDhimLM9HtC2VwvGbISobG1mz9APP1u08XzNx7NX0uI1/MCiz9N31CjKZt0Et0025LsmOzXzuMQ4Gb/pjPN7Mo053VO6XEy3IAOuH4hgt+FOT/XuY5rB0z/yf6df4uSZOTPvBAOAs2/HoKa+JGtyvpQsAW7LQtkMfXvY3T+0+/2AcJvwX4ax8GW1EHYx7ywfevIbZXDAJj/lueKCJf2FuoJ4hSkLsJDuOlOHnXiabq5RoeSq2KmT/eqmF7JvxaglSflIQxogly/DbFhO0w3SkLrTuzr5W4GjE+D5wuQatDG/gNU2qMUbKTMGAAAQAElEQVSpepFjaCx6WSMPkuQ3MpcJdfzin8JoQqyZ3A1PRBpIKpgt80Sh5FJCJ7iTZa6CSCuITjcdmG2jeRXGI61vztEvMJEM6uIGs/YTzhHdREGU3tBzjGOeLiwWjpVAQwocw2REumR2atKvLFQxDdNkyEeDS8MLLkz2YLKoo9TQ6KVtF7nJL8qHJKotTmfshlZNbK9pW1MikZrbYqOym+fNunfemTsJTC6ozmbMex9DKKHdHVlc+0OIbxH2Q0Vb18DNw6URFYJtlI+C+nu1wh/47nKxRL2zaBZX1zfPX3yCLy7XS2l4zM0N0MKm1igtWdlEYIS/b7dbYjPquWXPqG3XaOGNwWwmlaVsy3tLSw1hSrKcVOqfItPJOeFF8kqcSz7hR7rW06pw1XE0f0xUB1GmV+VmsxF75HjESMMSLExOnLbmxaUsUeq4ibB1LQVwdmX7WObxi93zLt0zz7OcaAeTIHZM8lDX1XLZbK7WuJzu7+7wnS+++GJ9dc3d1EH6xJMXwF/Fp+CG8LRe18sVLjU0FAoK0hyX6/qv/ssnx+7w7//2qiyqplxQwmrl0fQ64kIUetwIy9WmrCvxF2UzIxqEAZ2xR3gRGnSsWFJ8u707BG7xOEY0OinBq6yk/pilqjSC5yqCmTkyudlqiM2m8iNXVL/3OLlcnK9c0zcfcktP+dbTvI/kHenOdzAJSztPTFmnk0aGR852fg9gipROI8G1hDOKkg2Q21lUGTJw/Ukxwqprqjew/D9QxhWvfbP6b59/9nxRUHRiPEk+t6xJsoKoKwGb7ZX6J+QeF9RgUxrocKBR3GnzvBl3jUKUzyWYAcFwFNrUZbZeN2hfL2GoMcrzsHX9sO8HYF4Rou4MggGGvj06RW6V6lM9+pgUG+sKL6niYhOIvzJUsZZSFNEQzH7FnXQYtGTmIUst9+jMEHt9SoqfHCJLEiNhwqms+FbVNOgxUCnKciwx7CTsKWWRZoy6C0gQJRl8Or9eb11/qAEufwuhYk82JRFYE5VzQTPJpSGTde69v7Akvttx4QvRrHN36jA7tQzSQ6hqLjiS6cv1qkHDmDj8OXEHekJMxCKiaqHBg52Kf2HUGIVQ51pXVRgm8OlSsweC7K4yS169ufmNR0b6gY06VNU40b/7l//12S9+vnnxDMVxOoPKaQrwkSFmzZVlSrxagAoKSAnZyHoCl2pYXW2Gsdu9efvyq9/7srx5cdsjGsgLZQC3ur39/G/+Ch/t1W9+Pez27XH36//zn1eL9Se/+BJNjcVq9Zt//V/1Yr1ar4dRMDUCplWAQj4FCS/Lx8KlKcsIkqO9ODr3w9HhTDfmJnRgJvbfpTS/+9L8rscJvuPkJi9e9yPezBNOxYtHRylw/sT6ao1r6uHtXXs4yr73XCdDaXNh7I7H+zdv8fav4w0apWBJ95ARPMrZ8hY8CcI6v8EpxPWu57ikXy4coHsjuxPpWIb+K1AFEvliQJ2VlXNbUVuSnOKgEHsJw8dUgIVm+BEtn3VTXq26w348dCQ0Btf4oYF4W9VEpjV0wMFRjI+hSkARTiqnLLhRcYcx9Z98/hM0xr969TWCLLQNu77SGn4vXBCFNECQGD7VTtJ2xptC73B3PBAit6K9TdCRGEEsC4z+MUqigLWUt/AQn4L1mkD0E4DBqhlMQ0dzJmMKLKURF4QsZjPIHF9q6Dq9F31TP5ZJSHMNlaPCOYVSLG6nO1TvwMWEBii2ZxrI28kMMQQWS2iVcvSAQ58BoiRzTENAETX1DwshleCkqCAeLDuqGNxm8U9jWSi7VUiaiwpqSnQOqRYkIqhKZi1C6lUh/ePFjJW9TEYuYSEoRcke6Fr0uXrgPhdBKN35hLLOVVe5zBwSwc6lbzy06LNhDAfXwcIxtTKbFhxnCA60mQ59MSjgrrChLfvk8zN0U9VURxql7x7iDi1TjDCLtS2W5GPYvcmdcr4s3XBTVldk8ARU9/f7XUs1fYew5UBlUSwLagSo/CtRp9076YRI4KPoXH43KJmP0xZ1RCnji3W9aKNDVITQyOi2apfRHTBdf4QF3gIhVlKZzJUjsv4UY+Kdy+/4afmlkhmACR6FizVGwRZdmhE1yUzzqYrPE7Yg2HzSnYxMa0v3G1M2XnHJ+4g6MvoH/onatt8d8DyUgwrCQiH8E5lJ4eYaxMzmzAKZjjy9+8nq5HFKZ8FECGCVlG0HCYmhiRK2BG+zO2gENCYTieGncZJAgTcwDk5dOAxQbaryZrVEWdf2Bxw7XPktdSIcYESvMDBg79CTbLnxe+19FSsrZouazJQCoorGyF1ri5F4XlNz6fDUp8ai1/rY8guJkGmEQc5s2evSd6vwKk7pcQuRrSicCmL6CeLesEVJ1EEYDFwUI5rONTrMGFzDIeta7hcAmvAiq5cr2qlWjBUsl7bj/QVJsAjOU9fPQAHPwaPAAG46JeNuQI80H4rOq7KYUFqdUs7oKgsVaMGloH7KgsvGQ6ZdZl51jAoyfVfHCuLjwOskpkyJ20LWwJJw3guxA/VI7YNjwVhI2lmcYBanukwfTS4Q7F0TDsViuXIcH9J6A90+8QJty1PspTh1zZh/idTcyF3xmFSN3YcwWtBcU3OiDSCI7k0kJZywBdo1DIKusdGGNlVK6NTZpaWEsJwkNhM0zkugKdCLM+01LVV0kkjXKMJSvmL9y5iTU0UqpbWoLaBx8ygtZFTyyGMw8Kl95Uzpy40GKb5WthFVgNN6Ag3Vs0IISvpBNBmZyWFq05YPSJZhtnas/PFMSgrBp6TwctDORpDPY6OZWgYMTmOMSkpqaDiYe2crV6jKw9TUQPw9kzMyZ8oIr53iNBU2xmTnZGEd4YqQ2dLzRJsKN6UyCMggc2OZtrRfwClvB6vsNAKTxFLji0fAZTQntn2UZoZxNhGlesgzR6JSAi1/jUnxuJRxIukmqMZKnrzKxRptjNEXWonJS42Xg5+GXeV2ZJvGq0qjBRe0hbIEWdnFBZ0vkc6y9Gh7uNjGsBu6h+G4Dd2+bweicxNCBOFw8kxywW17CusaKCg9P8KoBle0TTohGNPvIeqG5RiaSxtr5AZlMmXBwLSotxnVcGbMZ1olNr+2ful8IMtFl1oV3QrKDVTrstnU62W5wN1TsGkjZpHoCN7UaGLGLjqMK8QhtB6Ope/RUHp2VWwWpC8K4GreII4GywqvPlfMhKneOs0OpZvgFDC1AUYWBuZdr5lejHMrOHTOGBIT9aM9iQ4QddUJfY8zV7tq6crV6Kox1EOoKLEy+HagrjpjLMZQxlhXvqH/nNcUXrmTyCKGklYxUEYm9NDKvgBrPCxBebX5VZIGjoUXslJFM8o6k9U9UqFPMUB5dLCLfu8rtC13Djo8T0G9vFFa+8qjo7dYUcylWpBpTFUEzLitdqMmY0dpIBXk8pFaTlMEnvJvbD3LnkjSamom4i4dTzbNkhv0ro9MeuEJ59MPx6w4czpDjCkWxPkT+vpuu7178wZtMASIrm5u8OdyuS6sLWwaAf4qc/KrbOh5RindZCQCO1pGVUV2HHdooq/fYwTizdv9dtce2u7Yd4dedgkpKKGUJtOGy2BEw0itL2oCjzZzvbm5vn32bHN1VVcNKYyCvXFSjoM4VyFogI8fz3gLvJAhp+aDOg7OOQWw4szOjmb5iGGJpx84i4Z5zTiIM4xMMUKbiwhOfGITkSCOJs0hIttziE7OyVWLhM0yX44kapCvD7Y5E8WIChFzpyf9E1JbHhbWnAfmGAkXihHOvLWEE0sJikkZikes6azJJ01CjKwFHKNEjsJfotJPDjI6oXey6DIzK1HuERQq/VVxUCASpQW3ycRR645dR+kmLZfL9ymVNpOiLmaUdpLMf7KGnTtxfGwPTodY3XIGmPR/ZvnFyaJNnxQtMYMrs22dXhldlrJ0ekyK0p98JEZDPFwydPTqkH9GDzCr+eIGh0f+Fl81eZn5PyRGZ6eaxKnqVicCwE1fA7HWmL6I1hQQMNIPLSoIhAQHnEnEkw97p1W1TFsljphPbf8yu4ITsnhvSm6f4u2y8mm9soygilwmtqT9XhTRmC/dZFQXsyFPDjE4Nwui5ruXxZs/F6czLz39Mf/3ZPyjebj5N0+iaPx+BJcFR7JTGQwMwdTN5CLxe+CmWAc/GYgvLSMqZB0MQ0n7PHQJx4HaVLVHzgQaKNeE2MKopp9Cz3oGYn32kgChvoZkBYXpec5SQ05wDGczenH527dgDk1p2cPpaWQs1XCSF7OEeZ1ROdLShbRa85vUtSyRuMnRmGM+GqCzbWgbUeyiHHNx05XjNCwwvT8xRWXfMN67NIQCkvvZ2XTLCZWa2vjOTf/nVWoDKBl44jLGNDyJRkWJVqcbHYHwerZYyajjVgzsSqPGFOyTRhvXyWG7v3Ov0215Tnv01oUNf60Xi/XV1WLRLMlGQiOpubm9Xm+uF3XD3eQRDvVoAR6PR6JIuX+7fbg/HA47yk057unYCS8axt6ahhrG4VBQJ7W+w++qIW6QzZ9fex0A9ydyRI65LhYLHMr7+3sc4kXTFJXWrOcbwGQwJ5UPxJ9Gdhj1qpzUhKmoj3kA484IkeMqYub53fZh+7J8iZbFarUO1mBCE8WokkqIIEgNEy0KxrOZda09HtbX5ZdffvLm9e4Pv399POzretENY6FVgmSkDwNIe74lLCn4LUADu+JosOM9ECgBxW3hY0VMi99s744Uk0dLZCQ7s8EgTnU6u9FdzieHyw/r/nJkh1kYF1+fHckhcd/xkHQps+AB4Px6Z9cSbUQMFRTKiCW60+Prwv3b9mH19dcrDN+9eHZDGVHKDEzpf6PEOwlPGx1njIOS7icK9xhjgqTlccQggcg8xEFxmsgs/WN0RpEZMSyDlvNn9YIyncoCXYRxux/QWibYrhAUJFAjBAj9UXIxCk8hQkonJKA35yiLIBUibkz5jEJUBcRcSo+AIc5QEEWjdM91g/bZkSagJKCZYQU8xnu6bJwlWwaSmSjeWrc/cJWAAB1Oclzwjwpqa2wcz7FhyMwhEBuOPZSoUU5OVKEM5JKriYaBm+6gqhhYOoi/9MfYbhcW5GRw2vu69qJ47DA2qyUOOhu5od3KZ2TJKIgHlqBnc0SvUy8kaDnKyUnWTvKn3i12LlioVtYmGUi8KkK4f/0Glzo6x9cvPvEo+CmsbDKfPjBSxojYg8w9rJ4PCJRpAIETOJ6yldEKWG9u8Oz7h92bb7/FCWlWK+GnRVlc1tWnP/liaI/d4eH+W5zB7ttf/2Z9e3P1/NnNJ88Xq/XufvvN737/k1/8Ap96tVxyLWyAC7nM3+mA7/f1C8e7JVKc01zlCvfkiyk06/5Yx2N38mMecysb7ULKc3JwF950bStAhgDojqHGvm3v37wW5IX67GRDnQ9m/oAwT7DJ7R/3Ee779HInrwNXPFcVNQcnpNgRoCgptALig1NUiPYmF7vjXkIQCE329nBA13dxdTXs90diGj9PbQAAEABJREFUYhtg6NftcVPVK4KJ6hCFxMRJwgqCUFRfSNkjjvmsipvr6+DjHRpYd69wA3JV4IC2F8KVksKhZCfKlShU8wUnp41UPVh0iwpBWvS/FZh2ajdqHDQo8uQ0bmdyJnky0bxVGQ6R0KkBg7iEYALUqX4UtTXhcIV0EYJ05nwG1avM/B75avQnoewMys9nJ5/OlCVgTzG9NfuiRX1dVqAS4+ycPCkSbANRxXKX4tpSBgZ6Z0FhjGCZdYIOArd0QJitLsojtUIduK0fLZmiJo0sTOpe3Fyx4SOFbzfL1T5G9LiilkCPzK5Mx5hjD/mzpznFT0rpHNnc9HlXMRCDAVdqxsQpgLbdvP0C2dmiaT6fvUgE4NzUj/viESsmTURFOI7POTnmIwwGM3jusbco6htCHT0uzI5KGzDQ0L69v8db+vTmGYJDI3vJ9CVxarXdDOWUiGURQn9xmmg0iYuFvjNiAIMY1Kiln2QGccMsem+NwfqSo+heVygrSkgDIBAKjh3pRnAZXizvPknUzKUWnAix8xdzuRcTLnmmgE4GNmOI8sJ7fTwcEYSluA76ifFJ3mz+eE9/68MOFk0FUYEwwKwookkIaVI1cKaqpH25SfNeuCmppKLoFc58Va2Wq80wro/Hh2Pbc3dBhKhRkpZQSuEkEUfBWOGqQ4S6qgP3ohUrXf7vowVKeJ/H6BK1wHTlJxz5qNtOOh3FE0WTpl59C3CJ/IX3TpTeBspjwhY7QqoV/q/smgiLABSwQ7XSD76iDHNbZk6fTYbZ0gOJ5Akkj4alKxfOUyHqiNEz6tMjMTmfBVDBGYfIXHSrJAlCtYpnptBdkbvVyVaZntad+uHzMdEZ/1C1zlrYxpP/pAAg3l0xAe5wdgtzXSGf0UOCLhQWCkG63Uzf+x6G3/kaSPcvmQbSOVv9zVOfSCZYsFFnmGw0WSHKXPPZbBozRTi/cuYuTKJpQvcn5D1lFcaUVOAsgXQaLneyASCtmXwnJUkouDNTho0543eSihrIelQWiX8JkPFhgL3hTsd5cuHPzpIGNI2QT5nv4FKSyulhwx4snyGmngXufUe0AGAwphN+NUhRPQMVbDOzkal++jvPdnLkb07PrUJmPggqiWUnXLSVLl3x9BTKNcNlOZMU4FNa2Ei/JiMGlhszSsyDAG5EKoqiwZ8ktTnngQMn2TdlQVvNtOTmAPgMotHQaP6YuUkrGQqMX2AsZd+3OwywBLbsQ8pbgqDRLq7J1wto+xVn9aNRg4uyeS5JAzNUVP5GTWngRKqQsoOC9BFUAZsVmClhleWm6hWnudXFQrY+YV4VQE0wKayKalU1m8Vq2SxRU8SQLez0jWTvcMgZTSt01Xpcbog1b1aAQX2im2G5ry20hCNGnzINL5m5oKE7CjJwqwLiTsfAeEftDguuMq+YkRcHkyLKBTcHIYo2JkLZ7Ye2w/vHmMK6qhfB12Ms+uAPAwbYoef/hhGoOgnqCpqaOodIxzSzCYDzSziCTZFptC5bMfwUBJMqQz3ICh6tmR7BgWQp0o6j8HjBrLFEG1lQlgv+hLLzZRt8W8AB3CEGHCXiEGTLEU3KxXq5Wq8aHOsrBKiJsO9Ex4iIsJJiVYzU5KGitvTe+HlUGn9Eq+uHOeIcgkh6cLJs52ZQZF8JQ0dvX7/GOBLGDG5fvNhsrlP/uKRo0gkFNOC0JCoF7Ch1qQNuHIPGXoFucFUzzZrbH/Zy5tfffnvYHXites2e1SKlyIAc5Zdw6QtRrpJYLcvFqllfrzY3V9e3NxhtEW3FZlJIZsIMeYjTPNlmPxWz+YPnv0upfqJ9iUwBMnREvyfNp6QcTyrEROIUqeuHdahRcTkMjKsE7vxFz1jhjmgabqlTwhytSqo2GAVXtJp4yerJNAeLYa6sAKq6pNIaZjjhpJPCZ/HR9GinTTrSkfJTmJMV0p94fpxKhn6BepjxTXDndXoEiVPKc3FVu/St4C6Q1KehbQ8t551QxgmxwnAhBN2Pd1nCn9McykfW7WMrOXu6SVnGmOzesxPOz5PJ5Rjj5SueHPCUN8+MaDl1fmmXaYVkp52cLkZ411UuvfXIe8lQUmvTzbdDzC1tUWxBEh8i4/uROugcju1hi7N53B0QImO+K02GcGyKcRwE9L4hSRXCsJgAzjtI3dB4w7CSIvcXd0HTSEmYKO5onli6e9BqklOVDdk92xBkMk3Qp48pn8FdYkK4ZHDF2RM458w/VXtdvRiNO4hiTua93TSjScyay+yWzJlE1UlBSSa4YnnoiNQEd1sYen5RevmRrcKjLv1zMp5Cvg8bSWUV01vO3nYfMDozDMRNJsxsyU1b4GRuZlrIXju/Sk6wDYmVP866JU5yAZKTafcEub02C4o9IjbmR4zOxcffPLMqp1z2JO9mTwon931m6c//eszegLNfwukr0pY8uvTEtKrItE0t7UTxeR00SvySTJRysSROFMqSLOrlavnpZ588f/Z8s9nc3v6CeFMo84Ge/XhE9b5HSO9wOHz99df3d3TsttujlF8SdcqR2cGV7uXPL+nkT+eIWmJY4ASQnt3u8KckEKUEapcJd7UhMMDpBu5BytyGSesApE3zXi34xIND9hTJpsgicaOND32/3e6W9/e4pJpF4wSht4Y/I2HzI/smIEQ9wreD2Hrdo7nefPLpzS//6if/+j+/OrZvqua2xEhqQO+i6Ih/cQBX4jDgRRfoDVRklzEdHVXvYuylJzvSrQLVchEZQXSv9g/HsSNLH4gQHN/lNqKFpSSbLamoh5vpa5hmwR72VLj8sY/oPs60fadrfvelcj5ECcyyDzzptJMdNb0CErOMJqNBU7813JWwN68EptSuFTFnWC/uh+Ff79+Uv6aUjP/62edrCr1wv0zK8yTmdtwtPUfsYtTesONUH0OH1dzrnymlQD4zcn4flSSSC8+ukBpllAzV+OL5ekmk91Su5ePu4Q0ue8r4LTwnqVMbCs+0QMTRKVub1brUN1pUjn0hTctwTsukKKeA66zELeC64MIpL6XyhkXOO1E4ADcShqHQgudsYp0UHnAwz0iQMNIe0PfqSEBK92a5hBEim6fotHvyNHlJh0oY9mzxclPPUNfka/FQjjRlGk8SR/RHO2ySTRtbXRn9j/pXoMNMFPlsIo/GQslh3lLMlKj5wtFkLbmL5D0NQ2GPJvI7zq56csBjhggw4blmFFNG3nj/8hu8VlnX6+srKnakFse6Fzi4Q5Frao1KBTXskRqLr3F0Q+Yj0QKqF01RPG+a1auvvv7dv/37T//6r+rlQlYieYwQbj/7pO9+Hly3f3OHyNJv/ulfms36//b/+L83VfXL//Jffver3/zmX//1b/7+7yl1qaN01DNZEh8TFE6XuWb6GhajovqPeeRIiss86osfi3/cvBM3H9AfUzFdOsSIX282uE3u37zFNSCgqghwxAtRoaOluL27Z4D4+WK5YFQlAJxZ8GfRVmfPruDI1JQHcuXyUcbkxMoiu6VpOsc9TSWxD7x0SwFIYkPZfLns3BM4tmjIZ1sR2YnD8OAwtq6/j8PL7tD01U1F9XoFfydy0TlKZd8PXDCI29bjtfa7cVEv0Sjf7reHri/rEgewHEqphC2I2EQrOCi5sSwoFYKhGraRiC7l2HU1wZuE+xIANE67iSMEXKbAjVNBSiX0YWI0b9KwXRWQyb1LJV7ROcjcj2lT5FtG8Ws9vcQPJMYY+VRjtFYLMI07ZCjaRY8/TrAQgIkMJtuL57M5+2IyrMCUlWTwiDiaKplj8FqvHW2cHecbEj0ABWq9n4GNmn1PD+hJ2ZWhGpkUmjKKqFFkWdqMOetG57i8ls5WUE42Iudg2UCU81doNiGcaYaZdRrV7R1EWg09X4T8vECsCUTWXEZV2FFYHpjCxYlxZazKAInFjv70zJLToNFORCcUgMVoQEENg6y1HFyel8yYpk80voTVemQ29fvdljpAdd3bh/sax2NzjVpHmFfQgwlmywERV0S2CiIR8KMvQFMBMc2eKjGPwRUXl72Doe/wKdph8C3eeCsmC7Vt7ooGuK5UUFFeK5zZo7fPnZoiSNDdYnRpXOX3xxTB+TLLMRF12eAUjXcnepFtB6aHcQkFcWkrpIUyn/eikNbtJXUXPRyWImmtOu5RmOw9AtI2gft+R37ndMc+cn+lTNQn5IS3VxTDxYmMkVFTfDBb+Gw+aaMCdHcXTX0VVleH9f3huDt2VJ3MrCrdOBSBvObAydr4J66KLgx1rEoJK/I2F0nEmwBcZhO5j3pAaqR9CiJFScoMs/4K03PqSqEaWJCGoKgbKkRXC1dhfK4qysF1Q+DSDu0c4BO5qfq5zuKenBOvUo4EZOD0QfSZW9QpRCpPLkhMHoz6yFa/BdyYh5Pn1Ckhq1eGUigSRJSoP+GeduRDHbPUt++qxCHPOFEtYLlznM1E3P0xV1+P3RD9CFkrd5FU6EFhcIdpDplxMBO832m1nDxvuor8zTCPlxromvtqJyo4ZxAlmO91hmvG3FTONhnEC4+YvnP2ZfV/ToyxmN+tUFdIAn3S2pTpiitVQuXsgERm1oDJqXfq/MA0dLlE9RdKSPP7yH6BuYrJh/H8DDPZ6R75jOYT6NM/Mq2qLPiWw1wXJHTi3YcqaVPvKu/ssdJ9mg6K+WmnZeAmlyla6DDEKYjoJoA+TqiC5A4ApCpyfcuuO7/7/HYujENMSlgEt3KqgZmNzhSfUgiDWX2m/TiewQkYjopvqK9eRUQDnquS1ZHVOxH6ZLMVwbxosFoOXbmzBRDth24uMKYmNIIwwHWM437sjhgGxQALlf9IWl7Sm2C9JOShfDL0E5QabQlm6l4Xm4ZqRMtDUEYTp2kmRpAT0sZQR1x5TZJ5IFpO3hnzKG/MooioWhAyxVDbIsJVWV/Xy+tmuUHfA80dYWTSzyqDh5m2dJNoNrRoObhwKNBQrctlUzQLxHYd97ZI8cJc0syMHJttsYx5V+JoovzqqHs09TegunNqj66zxezoaEV2PYFfqLq6AXHbpqjWvl6hvTyOZTcUbSjajn7BRxuI4ARj16ihuIlN4dNzMI4H5ng5TmLp6dIDK0KOykfnNPThwIp/NQ/HC8MgrjjKuaREfGBznsjGSrwgWt6dr46+QvR5G8I2jgdq+BhHtNw9oi7lYr1oKLdnUTXUisgxfbftO1XuzG0iCeRi/ABH2cu6qYV/K15uTfineCS1eCL38pRBfMAOAxaUVVOhGjtQuTLVKyMW9JOf/5w6vzAUlqJ9yUKWAIecTRgs+m4QdUG8/Rimahrqi4pOQTfstrsDusTb7WG3647H7tgLAVBU7lHzStJmpAwWqp4qMSq9XKyv1s8+eXZze42TKOxocTLPRhFoHhLwa+I3F8Sg/thESpz0kc1+kko6SkzXIc/YH4m7harviM9MANqJC8ScAxXmEhGWtjr89WCOHRn/VSM0J9JPx+X6NM6DRJGRFv3d1qkxdTlRq3IndJ1Tsr0AABAASURBVEsl05MUIga1PjOf9HxVGIQo2w6kBYOMkySQSMQHFwb+x2EsH0aX5h0foGKua6+JAiqmhMkJ8SKcbmqjc+xw6pmAAcdulNJk03PJ2ZSZgphBzycG0Pn4yKfyZWwKNPs1W/IAJ0bU+/T+hQ+odXrxgx8mDt4XKXrKWU8NqunR0jvmDuejIzMZU1A8OG+pRgjvUxI1dcAd+mO33z7s7x9wzwZug4bRGA48sA6ZuEgm6zWKbGcqd9DAtXfSAYupFWTziC9M7CYc6ZAbljtTFwZcMo5TD50LQ+gmwz7/ZVpL7iNJ60RYMx9yN18T+eViZtO4KRdHVmcQbaxwq1NKLfm2ZHcJ3Ba56d3IeEp7pIzPvu0oYUCkQGAokIQlU3QxtfpEEseuI0g2sN2ZGntu7ld9JIXGjnPMh2SueqZf3+Evpu0+ZZJnaOX8YzGe5WdFp6ZfjNNDp5vJbc54csbvfWQPe1FkzV55xP2J2bfdDFpycZo9l5/j7DxnlcNWzRCN+osOqZ2PpD5YdATLqtcU0lGgUbQH2BVxHAcFRqbJIqLsyboijvCqurrabG6ur6821zc3qPf/7r/+14pLP/FSlG84UH+Vh4eHt28RQbzH/9DK+EvSyQceInRlGeEELpfL/tgimIjGBf6ePpNwGdn0aVoHaYbnC3BuZi59/NuMuAKo7w/ivB2FkXa73es3b3DVNE0N4DSMFJnZMUqOiLiqZOqX5FyQ8DsctvjXs2frv/u7/+3Vq7t///evb5ua4B3yLqp4RLmIiBp1zEEnpeioXYmnpvKi9En21UVJWQR0kfhssRGl9Wq3bQMz11FfRkIX0eoR1gelxsr2Z+YwPnrEP3pkMT9+6AvHeFmmf7zj8ZUYIW+nwa9MNFnZ1+ng1JA0ETAX8VKfCgxKMOUqlLhGjx7+sN2N33y7qlfPr579Al0Oz6njRA1NpgvzmYvHzBV+HK/KefKTG5Diaua0k1IvuYRZyFcDp/+BNDxnDY3G9tpT7ksQ6k788O7h7UAFmRiUBObEp7IPGHjZelcWdO9S3Byd1SpyUSIYEz4A+yrixkYrdBdbj3Efr4aLBEcjV+lJ/jiLjoriUl2f550kWeKEXJafAQ3EQJSPoW977iFKR71c1L7xvtD7m24ynyo4t9OdCS6i7G8a/IMaN3LPN7M11Y9yP/jxXrkImU7lf4n4sZS6JyY8oKFtA2UDM6bhtHe8eHEqm+VUhjuE4DRnaPa2M1vnvQyo6c4yKlaKNexR/X7zLa7jZrMqoWHfUPBTHn7m3wSxE9nuTh6DCdF0dQ4/43MuyH3d3N7cvXx19/rNJ198jjE9tsWIuLtaNbdffI6+A07f8e6wv3v4j//zf9w8e/HFX/8Cn++Tzz/71T//y9e//f2Xv/i5MUhnt/4uyyn7Jc5Ewo8oeM+PcwvvB7q9d2icP6kBOTl0j3vfLJZVvR8ZzBVWaVAX1AODg/uHrTTVosYvj0ebYALf9ZUTyMD+FFPIfdxDfJ7ItTtC7ifoD74l7ZPtg1nBOuWbFEwpWyw3azpD3xarRUFaIAy7eNf3RQerfoGwzhKxOfzOQPG7yHIboSh8lEVZceqJRzGNe++zTz5FL/DXv/0NmTQeo6l9VRGnHcIvBUVVY4EgKDB9ESJ3g3jolGCA8qntuxat+RFN+4Yqv0GqeqegGv0kdwxCXpGcJcHDlNZhzgZ7YN5Cv9NwiWN8UXnzMSMvmQcnYdaTwYHq2+jm8johlfkkuVwpP+FgkIqRRRWBE7Ie7D7lg9qQhpEPKi9jojTHyaaktinpRPoa5HcudPBkF6Chu6SsVoTCW8k7oSbuzJx8fqcilhE+DHV9PLYCUwMx/ql2Fmr0/POCzvBT29BymCcwN3Q3jsXQ43qscTXQfVU+I7yZNLh0w8x3VhZw4uwZJ+mDAISVjoGoWySBRrzHx/ad7ElunUNZt/jg43IlqOt2v8O1jA7k6/t7HN/bzdWirjEADpLHya0biAA3xIxmmZIoFeSNTNFlqozYgapaou4UsqXiuJ5uizNmyKigjs5uUdREqiaE/RL9tIYCc42saJUzSgGY8tUnnDPX8bnjlp9H58hG2+Xum6z52Re0b8U0fmAXilbzdWZTMWhbcXfzFv9sEJoHzZq2IN+FS73vmCTBBx4xzp0sYA7CKSSTfZBNJ65kyAtqslGTjiFpppxlUpCYa+rmyhfPu3HfIrh5jz/52kLgEUZPpjylVrClTd3gQ12W0hFmEiyBJSLKc41ZOOfgI7tdcEbSmx6fU5N5gslzV9Qrka1ozFDi05zz5jk7BFdu6WFR+Y74sjjcL4XbCRjQ74JKNw0Ow8jwsLSpIrrBMBajq4cCpcQYWOU57WttUxBk0LVhh4lbEQ/cskd8exFBHqaW6x9+fASPm7/Nrpy01k2zDRe1RLTpkX8lKsZhHZLbBVfLOEtHSO7hRY3zPhwwu8cczKE+SwSgUyf1YeDL6dlA41tJz4mOOeWMT0Lm4mDE7HPunXsbsvuOFnmzP+fPJZ3gFdmMoioF8XHSddYsCbAQ+qmZFjVVAk75MC48wvSrbhJIM8L75V0+1PvmAi78JhN0AYRNUbowdSz47kc2o3xWrwoi/aLDGi1xRDVIVEhiul9PCj+mIziXhzy13FDCOjK7YP4ggEk6gDy8oV/NFoJearp5p0bhJCrMSJxeyRfOGDXHD8QplowT6iwZIgq0Cu2lSLZL+r7GMvViMVNnTgYpNaBwp0XDMTUROr0PzmfpwngYusPYHRELkXAunyI4LWjm8SmEotkZzYdzU7AqRjM+kmHgYOKX1xBO0J6HMU83mXgLcp/YbGfJe5m8mjhNSPqYU4uAjT8i1XNo28AGquuivqmXV/VySbwHhTSTmgYFNIISNbeSToIq4Oj9gLjOauEXtRO2XfAw24STUXIimfEBOfLn2Tamh6PEX7RZC+mFQoi0s7uVuuqxb0fKNUFkd6zJk6pWRbNyvh6CP1KuSdWHagg1r40iutohzOubCnFhBnGdJEzSIxQ0/kwUFMipHIheZSxsmQvPu8To3bShnJjNFPFgagU2MUmmR1aqRI3lqhExY193vtiDf4jwEMPOh6GAgfjHoGiKZr1cbpYNmq2LumwKTqkdPLiZ5JSeOrIn2ZP0rFGsAUryn76HofXDH+cGW/o9lX9EE+PECoYqMwSMLXVty9z4w3K1Wl9drVarRMjJlAVg9D+qT8VFwiXScZvvyI1mcA0tlksMLJDDS/Hrfvewffvqzfb+4bjfo6qUGv08JOKmuCxtsUJAUSAq383t9fXtzeZqvdqs6kXF9p51fIsuppxaOAlLW+ZcQqZUurqpJM82q0nTJH6VtVJawzAqG4nlmpvp4OJnJKHyVlIYtNmcSoPImSYDtbdQKVVRrrEeXGWsX82Bkdw3yV9P02S/5k8DUhMhBCdFORXV6Ec449+dOkdpVYAQtIjkMLRZM2aIqIToSTqB1vnkhTGp0CG5KTp1jBeN3Eke18Nht6ekk8ORR4/RVCVgSMOe9OHUTe9UHVw6zl22+TfSGoA0fmD71r3rgJM/4qMfg3d90+7j0cvkxDYXPvkkSPmxy18u8nFu2iv8guWGpjWm9GOR+rGQdYTqoD3uBhQFu/vD/QP+CcrI6oWolBW95lHpuvXGjuN1l/Hakk7dvNw5WZAXP2eZ0D4qEj9Kspp0jCar0qb0febahb2RW8TuBzwmCXLxYjr08cI3xLuLgj1x7zkxLzl4QzlfPU0FKV90gschpYcGYoe1bjTUMbVI9rwENJz5ki4GOHHqs9+jm4U9Tpbu9/DmcmcKst/lQuBSM6aLX87ZQaa4gtIyct/MPJcXXx7yG4+TANRBZruvOLmN6RNzc8198EPntyC77oO/Pt3Mye0W7tK8RC0lzyz/07IFWWvppMmBdUnmh6D55ULYiBYqpVemweR1KiAod9ekDFM4yGplUgBrq0XWIxq3q+VmQ5xk11fXq/V6sVw8f/biJ1/+9G/+9m/xVB0nM/4l6eQDj2R+iVGwWCzCen13R42OhFwETAKK/lOKBmKtGrnJzhD6AQ1ijSzAOxTe9z1QyCO+CWoZhf1ht9veb1fL9XpZVhuvTEuSxG1tefnmqdVTXbJxRTWgfX+sq82zZ6u//psvX71+3Y9vy/K6rFb42bIP1MNkQMu/pk+WbVlXrKW0DgSfs8aQFQlQ5i4va69FnPH1YXsInSRYcbNXQpcLcaZUTSb99CTJEC0wFr+XAP2TOOL31psf8P3HDa/3nGyKdU3Ws7xuLMNqcBodqZTzEgA7hsIPTXg9tv/97Rv49/8of/bFT9brsqiU1BSkGIvtbepzbm1iGQhWMyjdhNPewmBNY4RzsODq2AJcIskFBS8IdCiohKL8dNlA3HCCyljs9q9x0Y8cyXIiXD2b5hgirDgJVwxq64RsiIpueWICFaPXi3ynJGKngNK0NNWy0za+PhaSfl5SnSfd2kD94kNqEGyWuokXHol+JCu/a8kPLBd1d2yW/QBXrqLARmEROpiZc2afuzz3NZtBQR8cA6rEd0IR3MC9JMTU/O6G8nc7dFDPtkA07T6zbOxDeGs0kgg8N5t1EJyDRndvFRLWcyLVqWqsljkMRu52VDBpM7jMQZRrPaXSBey0dEo5uRQg9Pvjq9/9HsX+J19+QbKxopgmGPjBMUW8R8/dVf3s0QR4or7Vssw8WG44mvJXt8/RJ3x4++bVt9989pOfRmbC8RyVWVytX/zsJ+gOfr37NTrPDy/f/Oof//n69nbz6bMXz19sv7h/+Yffba6urp8/S+UsmY3o3BO6FZiwVX/mx5K3cZ4MEePHMqOfevWLv/+JH5HZlRBmkk3dHRFA6lVsIqpRlKMD3BEIGBHi2ffc4HmVgyMXD4NKQepm3Mc+0iyf/Rk5589xF7NyKHre0RQorAjsnRqxgYTWhXGK9VLtG3yrb4/1sK6ZCfA4jNu2xZdWKEwrCWlR0zHa0IVyb7uuLwh2CexWF/jiarH87Pmn++3+5ds3sR9G+l6QkjnCcfmjjGtSWqMX7YbCoaRX8Ipl29flQMm8aCBJTqbU+StiKyAsN/iZAts+FbWrwOJJyJV1mi+rYSVPLpx4YZnDL06jF+Qs+fJu0uJCVCa6IuYFBwDu4tY7qTdyqVDUvXOWp4L4yLUc0myMm0BGcbACw8+zGAz3eo+m6PH/PTXf4ZJKtmyZY2oCOOQ3PBdVejZkKfQMOOLPCmetMoqw7FYliYfSm6qaFC/Dk45pwim9CU6ybGcyASQ2BiD9yrmgNCLCR4RluCjLMnJCJ601KzZOJ5mz90/VHPqu0xsAaGTE6CkQXh8LqWlzj4vBtJtKVlpoayyK8na9lrjL/rAfxnF73FNmK8Rn/qYBPidZTMopQmnBELVSNdKqbYP0B6QPSHaFqELr7QGUbENJtfHQ9VLKSjnnUQNCDXMlKuSQoRFO6npAyNlExYKYkiJ29LOXwskxCxsn1IL9AAAQAElEQVSfv6hIpTB2nEE28xKSKJ2EnGTySJNSI7qLZ2H4aEktlKDPoDY5gAjgGhP4yWzo/J6+4h6zwD+mypFzSXPLMxYicQ65ERN90BvFRlDBIGKfM0NUKohApo1agmuK4mq5eHF9izus6+9x+oGmu+hC70fXCwlgdN04tj0VeRGrPWflBrWnLD9mDJJ85SB78fs89Nk5zBDWwm+AFKmRBVGoIUqfKJRMWplFHG1qrv3EUUQopioAY7TUbiBwVyEnph5FYtnfnnKykjSNoKQxo8hU8CPXuHUBtxUG+RwFQDhrPwgsZzI4pHlymbx2GqOVhtHeyAyiVZT98Y22XCR6u2HSkKDJ4Pm+d+4U0k0UFM6SvWhn4fi0u65vI6wlr4J3c+HmDwjvCGA88rFkGydHg+hbmdcq1RNcNjJj8jSTEp1GICbBFuMEUkuwZHaOyxvcKkPnF7ykVNPyFr8iRHUIY0L9U1j94pUib8E4fVKtj4ktQI0RyE7rzHJQqX0iEp17R1BAvJ6nHOafFZMJY2kmdmi4NGZ/pqs8clbeRtlpzKYNPHoTpY00F5jfsDlu9mcI7mxYT58NdIT039kbhuBHu5N3nyp7RRx555w5jM6nM1oqhpzTX4ihRaOpYmEGI/2FQheBjwYtV7YPBZKJ3uy0qA+elDBogZBwa5gFBme3y6sq2P05bsxDNCfgDmP/0O0pFEb0yCML3Myc9TnLySkiERL/SBrjU60aVYykZazPK+kmwWAQeRRZ7UFpb+JstxhUcLKFxNTl71PWIFpmbl2Uayiuq8VNs9wsFk1ZF9ZDM2b/yVlZkxLj7oDfLovQVG6z9Fcrv1gSLZzXEPt0MzBnZ80Ckl74QjiBAEUjUxH0TGhNXeCo6pW6hQbGo4jyj34eOzegARlQO6MPVYNfOV/1A+K9RYsOVl91oRljGajhG9rkdVEs6qIhLgcgSkTiqRm9dMphgItaCfctVzGNRaqvYUMCb47pwWfQB3CngCgliNLVmexiXE4IJuOXioBwD+Bd+N3gHlzYObeFsUNXDG0JjI+Xvlk36+slBj+quqgaglwoQYbqx8iOsSnTieY5ZziRoG+qp/QnKT28rNyPepwrL13Z89czDDae/s2HJNZjGOj+7g61WLNYIDRE5amU/RMqzjMI1lsqD1ONxH3eUk0Xd9oqFxhHaAQPLLmy9Hhs99vdAf/3sL17/fZITcBHIsxwTvP1+K7tTic6m6IkGv/NzfVqs1pfrShswYGAUTJvQamjOW3KxVMlkk5oJiEYtnYygFknC2coougyjfl22kyHnapCEi2chte9yBnLNQHueTFa+zWhSuJal7Ksm6puFlIgnrhR0lPns6NR42R18EKU3l5ZXwmwk2g/HQqkVIXXzgjpcSR2G+IELE6YjO4q6Z7FwkDOiItBsuHb41GKDTjDpmjqhjiVy0pkrZUa+ijV00z6ir/iFw97mnFcTn3XM3lamhSfP9c0T1O2QOaL0RyPJ+s5xpO8IjWpHrFbn2o5iCv+6GfffZIL756KhfN9Ksrm5CbOzjN/WHjM4wMR1ZAqFuJE0JjhD0m7Sgopf575hLh6yschtPvDYU+lieiMd4ddRzlDXRw5VJG1YZFhlTUAgv9Ir2hNZFTLgjNOPDd94y5UXvIFOU2f2RWF+ESS8l08HSSdkyfO4MWRyRCS+C4b77ucc253nd2d+CrRPjr7ULKKBaYgkIcHn9XsQF7dIMRKxGgyCnfikUuGqG8ONzPSQJPRrbF4KKypgPAYcEU4GQveJd4YKdp3Z1BG/iiC5H2cUfIqHHILD+Cd+zEmJzvORLXdZrIi5YTyRGacx2Iir3I5GJaunc3LpSU1iZ+P8PQffsAlvyte/KD9Yqjq6cxe2jkwOWXqU4s2A/aalLpPDUgeipGpl0XbcVw+CRaGQYKgzcC5DKTppKyemjCOI6qA19+8rtB2qmve3wF1B7XpaWo0Elar5XK9+kvSyQce0dxY4ZrDn+urq8ORuqDhi1dXVyV3JUxghBc6W06GjdzoCMUKdS8sCvNXv4egfed9cgCpcFz9g0vozZs39/cPDw/36/WqRsu6pvyYyDWUuv34JtXI4G7cYWyOHbW8d+7oYvW3f/Nz1FP/n//3P6FZVZL7iX5FRHC+Jfpgejj0ofDMFIYhj7wQjBitI+rQAZJqj+evYX2F1mSLa/wYKKWvH70ARAxask+lPiOYKxVNpGWKJZ7b3MnNVN8ZflSh8h2PGD/iSnjag+cKNZ7pWPlE3j4tU6iZi2j+9bkpoWfQSRH4U3BcJ4aTr8cOFWndLvzvhrF/+fUqdP/7z3/+xc0ten5UASEOPysd2klDFP84KOyr1ZB226lElX5yjEMa+pCkxagORkpQWjINIhXssu1E+b4Ii18VlV8tid85jBgf8NvwZgx7comYYp/r6QcKSLUVG1hm71HQRV0HcVa8ZojTrxQioyY70v+bTLEshCGGf2RWQxk76tLJEp9kSMNQ9+DMXnQzJCFKPg0NKdMIjWgyUl8JSQ3hqswG4QnDlkH1W4ZMACRTJrkmzvAY4ApCRErwKuhLMBpDLgEOXcG+UBKDuZ3hPsIBF5HBd2wNEJ0pgCi3eq4WjRguCJ10x1ZKEqw6ghNxtEdDTFk3oj4DtTiQeeFrulnxpfuOzyHRKTam///s/VmzJEmWJobpUTPz5W6xZFZlVfe0NGRGMEPBAwUifCHxBBG+8Cfgr+C/ka8UwQNFQICEYGYwhemlqqtyiYi7+GrL4dlVzd1vxI3MyKrqZll63vDr19xMTfXo2c93aCSHx3fvyAr9akX8suNRtlKhlc19LEH6yUoVzE+dIVJfOMoAYp83ArrLeApLItcW+uG4fXj4/YS//Ou/ZpGkWyan5dX1219/s/th8/jde9Jv/+l/+7vV9fV/83/7v+4Ox29+/evNw8O3//RPZOQTxXSkJbhnHOcGVDXtACdhZTGOY34A8Nz3d2FWXuz3/+Q5p76VS9/FKiXlxx2IF6jxI6d9kePLXu380DkhTnN1fU1vNvA0ic/FycDahA1csfRIzghaWXLeeRezcpF6tBA4IvanfO4Lg+Kgj7WLq6XPOtxlg0Xio+o8PHjWiQXvhPghOVdl804RP9JvgkJiNIl8pd3Vqh+Gxc2BPu8PZIHvn47Du+P+erGgGPxCeDpvUoYokfDQRPFR5rSCAJPIO0O696Jpv3779YYC9bvtRNFlaRpCzjiKMpMaNnJzBdaskBWchixO4bt5Spy9QKHWfX9ckl6VFI/aE85CyVEM/5zVp6Ti0yNXSWzaAow+ucehLFYxVJxpz0PsFS83XKzaFEypCNngnMYP8JQeUu3VgdrDUP7xXQnPOVJ9kdHcncJbGkVIM5w0znDgOdC+0lBq4UbzwLHzm+ZWG7Ukd3doSFa1XHUXmpdtyRKX25NT2LuRhn4KKaZzUvnJTLXu2jJE0zarKUM0n5C99NBUJUuQ0ijHkUhU0rQb6DSmkV3thTOaD9eMKrcyOxhLKwiFHT3InqFxpU1OVhtkluJgzk6YbT+QfBGG5EFYdcs3N3caVHt8emST8niEp0eapa9u7lgxQA7/G7TJpCWtrLSwAMm5l2bgcifw3hOqiJHd03JFBQclMuMvT9OeNko+ZmsHoRJX59bwDlGB8bSNUYaYFVUhI2k/mE+sUrpoGszns/7JcY6Z48q2RNk2QZQTGhA+WmhCf+KcjONiSmnSuYx1tJ77InIkR1WvOVNNZwfUT/TMX3/aga4fhd3qCp5Xtsmq5GzsdjqVvMavROmxTF49waZLC6bh9dX6eLzdkkq22Ur9NgeteoSWm+yw1tJzspRkc6XA++F/piq5tUiQk7y3Tz/lJ6TqSXCg+lBVnUmca1OETxC14YMqPzocNk2yWCptBjJgFpkt313D6vNQNp5eGc8qHVHZrxSs8ROO2iY9jZLuCJo0IIk4CqfrDiE3KyBy9ZQVYqTXJ2VHaJZ0NY7PPZ6fx88yt8NJ4pM5GdqqMnO5XjLBPtuqob0bExR1hc7tGT5pAo8247zm77OOc8dC+VMy7UjL4qsnmD2Xmr04d29K1gKEmHD1Hkxa6AOf3RVKmqmKmRSajOsJp4+pEelzIZ7mqW4hx1OIdXf8Y1EYfKpN2E2QirWYMNWS0Zasup3+byK4um/61FHpiuE/mP3ZJcClC0ZViH0/YQFnvXjruWFT2FslPqpgoU/46bqLnjDl+k+zubff5qP1TRCaMwTGSQrqunjDoFIAmN3TSSK+K5fRtIMUNTru3AcjV1tff3AJHwrGSRI0C1hIxkmndzaYEvkFy83BGjCpso1NhKTcTlSAi3RpLYS9s/rbT9jncT8eNxQPHaW/hSjPpsUCWPhKYfxzVRqbcihk8TBpttdmk6jCTNmt8PjRtblUdDpL0xoVbsE+R4t/yMZAjc/XWU16ERvyRHIOlw2sElw33Q254DuKSC+4C7LfKkUSKphTCxlqAQ8kOSENZPVfLeFmnddLBkNsNI1YGSC6jKppKsXqK3p0kh5k1nSK5rjJXSeQCY1a7SOKrsZJ1IO0/eyPUuKV2hFJK10hduNINkzXTy25gI5jO0wNUwVj9HZNw+1r6IH4hqOqfWCZS6NF6Rk9hbvqNLaMTpyaDW/Ab85wJMqO6p7zSnpu1MdGJRt4NK4pdcfUkM99O01Pw7Tt0pEBwVJizEByAXXrm9VitVgsud0PB2rHnhXrHHSOFoO13iU8fWStLQSjQkEdLEtczuc0iyY9wz1+3uMj3PJcvz0/uRHMcu0clFQXHcff/+EPZNcvVysKXlzf3FBwSCOZABbSZGUvmZdA0SzUjXk8cN8HTqtYrrrFMpujgIMaXKZ/OL777t3mgZwGRwpp05lkkegC2sBMR0zGkMSkpdj09d3dqzf0erUmp1aXtdENE88o6bGixojtPNUKjD94xU9UFdPPTxR3PcxksJdVfCMe9txThh7BEB2aLO3+2ooD808J9E7ahUcDxpMbO4IOwhkh3IFgwb2Z2rZxAV3LlGRqnh1FyPohkbxJEeB0Qex/+pZBV2orEynfFVeGRRAny4w2UOdU7TLpMC9oEwIqw4mz0oGcVm672exYIeeqB4oKCRY+UcSaCxdzVuwnM/dlw7CbmamAvc2bp+3m8el4OIgCZ4xsRofBdecfXCRqp2H/7TSdA1x8wemipuriZ1r8uZcJn9tWM0UgnYdyz1NB6n0Hzzgbca5LuLRNZ1wbZl+6cCPXd5JuChC4GXN8JC9/cNg9AxxVj0kSmY6DWFf0tX7cPt4/fXjoj3vmDf1B4IEF3z0kLXub7b5G/wIEJTWTkm/PP6zHk6aYKK6JZpyA5yIoJIpg7JkgNtKvVbofYZOYCnqZPeLMrP6s68bXTmjAAYVBRwvlPKh0C7Hf1IoDU1Tlf470EBc9SvolI34NnOJ2ZGgTchEyTlKvu4ebNbPk5Lhb9jplyUPDnNzMTBbFsOpqr3lOoPX7ufLEkHKWlQAAEABJREFUzibBdf0kZbo4n87PdpWfaJh+Ef3XPcB4YWLRVu8EWxRTcR4kUefsofxuIMjwcS/+dMKLJa84M6ewjPbzaOwFB555IS5OI1yoib04OXB2ffu6v4ezxT2/EkjVIpa/QWAx6nqpQDGVVV0ILPU8x1RSyjDon6+RHcCYlCzG+QbtrkAfNLSzl0YGjtYzdKsViYjHB6QYHAcy6Yr//X/336af7Tglgpct80UH0o/kFy854Meccr6NNcH/IJ3wFCZa0RfcKYDphNeK/szpIFA8LumnPsqJxEpgjVqTOmVYiZ+Q0dOI03FmSWIQcce+NM+ZXSoFoxUUPjweehYjDOqWv/r66+++//bD/cNqdcXlmY0gLNI5RymVlh6jIF2g1IB2HcE0zkYylQdtgN3kiRVWyaAm07KfVLkRFxLUOy0VfTXBpYU4mw63334e4nnJZV94a/zJS/+ljlCvL/yJVb0o51O3XkpFd2dRKJRUgo41WwyXB3+E4T/RKm4zOGnh+wTbcXh8eEei9er29vXVHSeaT1L752Rg1rYWxWI4XNyEqXWYelOI0Icsbgk5TTHsJWtjMiSTBMsm362vuTctKgopZ6UOgpg9Wf89y19g1d0eAmp7QW8dm84KcsTMEzTjIkFBXc5ahVz57pOlIyZNJOarWZKHT5rfIqVUCyB01zyrLGIXaYK69JFOkiWjIaty9wTh6aiWvnovOg2Pw+oekkx9IOydEvkX2Gt6czhvUHd6JCgtf+KzbJ4rQY1drpZ01iB9WVHKb7OALDk6gPqLrFYAJLVT8E5yoGjCTKkqY5j/6WxktlJlfXRe6OLbp8fFaqXRSrFRpc4JTAHU5kwpHs1Keu1QkeLGJEphMPtQiEVTkPS425IR2JKx22o6KSN8EpGPA+4ft8fdkaLg28dH7Mi8v11er8nI//73//Td7//p7vXrxkpbplqTi5Wd02Z5JXO3mbWFVcVGSrP3J+uYXkYG6Y94xJjL81RPkf6cuPSPOOrdGgQs/plsaK1dy5vkcNTHL23LpP8XORRoY7BDRQp/4KwOOI4aA8lVC0gXVSY4VXnOKeVMn4GT25142aAKqOgg1S0iCbQpeT0iWM6BnJaNHyo6LssHkEJ2MfBYJ6E9lWDNDlXyG49yD9v76jzNUipqjBdyJ5txs90eDnuuKAIwTZDlmEJIg7S9FN+Sd9AU/wDvn8wOXJpm3sKqVeb6kTFcKrYbw4pU/q+xuEkdHKA5b1XgzfPqTXQbqzFpZXIJzV5OFefRbA4VGfNVcT8H2KXmPgSAqv8dwszRoyzcfbsXtGxTYAWLzEzkbPAKql7HLcE4U3LG7M8oOsnkqUgKiUY6bLYG8nxmLtLDnlg7W4s7bjINWZ7UBqnBD0lQ8NoveyJJUQFTNZQc0czvqM2zR3O4N9U6mOqkto2NPtOTbEYm0Vryyf6tZl8eYbZPrGkr8lMM2qI+FVoBm0YBXZCLYXwLKilHn0q/cN5EDIw9jIxFwLdcdd16tWbdBj2fXnXCUkydFV/ZBqlQ/LIDG1MC5YUSktCIz1hSAyWIRI5qRXduJ4CIwIXuAzZGcKEUod8ikY0ScN6jqqK0umO9L4zlLfnWKJMNtaZro7CsHbsOmL8EcRYLjPva08mMCdI4cqlic6pKBQmVnVDGDJdcFC8/znZZxS6TK+c2WhXuUyULZEL414k1JY6tFqeS+c5dt5RF9FmQSCBDlPP5Uh1JTon94ShlNMokpH5ZvOoNqPXMjJT8Gj7TsUDuBrRcDwwf1Y9TFxwwXPHt/NmhrAJk692mP7VDeZCZ7WtZ+lGADbQySE2TUSyIgUzjgUmE21Jp7ld25u1OOiUTlUmq9SW5KGY3UmRWac+1bIWDzqqeXTEvycKzXa5pa8X9KYnXalw0YYvV9FmT+iePk3NOaFiP5yi1Ar/X/Bj9XaNKTS4llqeriq5imobmU62X4njYsZcLWE2/qznp448Gz+uoUB0pClpF3JMXhT6ioF0TxgJUFFk2sm8stwoUdKDgHGX7E5oYg2k+Eq1NS6kskPNaEVXiMMlaUSrZSHF/lBwX1WUlwMp/HSHTuO+H/nEc9lJ0KRa1DhHjruigd0w56pzhSR8rNmyjQQhteUZCFNR2LgwSggDFK0gwE1dYMuzLdtAp1U9OSVQ/zM1UeaKTR3SsLhpmOqoQzVhbzJcODLkko2LimbxyXbCJ0LUghgEWcdkUmWnD8MhDAMPYMyYH6JoC/w+UElJ5UFtvaRaTrRgdIHA3Ya5dqUXvfCSopSYc7Y6hwSGVaEmwyrM28AuihWDVysydb0ySXEgKD6NZpA6aFVfSsEbVyKKZOJd1ELwKdVUbopmvnEdNjckmB449NalUbVKMrQGm/TQ89runI/cPnpL36NFhS5c3CXFpO119hJwilCveD8QT0LLqrVZtcpWwxFNZZWYoN2HY1svDmYf2ddGdhJZcEq4eURid/BxOVc1z13Jory9SvsndTbt4vbx6e3Vzs1yT/b1ol25qCqKhxJXRPG0sWPthPIzTFtOuSYdFN9ys0826vVqntkNLvWXCNmSsBKGJ6Wx6Wbk8rQlxDPLrOLas7Tmyti/k75O62A9TfxyJkZJ+grAgFpfyakpLIoBhaOjzw7E59C2ZReTrxrEF7Nq8XnZXq0UjeqVgAk0chODG6UOaBqnr7jnnYxpFcqEj1NgQnT6NkhXuVxHEUKws3g7koJB9wZkwsBhTe8x5h+kBxweilkU6LmDqGoYhXkC3WqyuGKlhwRH0TnUuJ4AJTHqMDith0DUMSsk94xvhP0lXQwWokFg6PwB+nN5x8fjUpT7TF4HzfBR9UpKSnGGw3dLDXl1f39ze0muxXLaSZ6PJ9/5QtnkF+pEio0f5cRwHMou61fpqsVwzAZG2TyRzOG4enj58//79D+8f3z3sNvvh0E+C1mli0XU9mWfZ67SkXbu+uXr7i6+/+atfff3N1zd3Vwuiok6scElZkpm33Mm6l5RLhLrBoEtTKBDCsefdDQfhvgAPZ47SR5gejX6KkxZAvYfSF6ThLuoZ3fPLlV7iUhgkyyYa8XBVd9PQNJLLkfx7S9oPC3IYmDMt58KiPTut+C6KEy0gU6bAUkJFvhbXCx9ikCrGhEJMoIsFy5IzQZZm+e5Z02FavUInxb/Qc0eV/ebp6fH+/rDbCwZKyy2Wbm5Wq7VUqAvMiZZ0gPrqgXEKD8f9juNI++3+6fFp8/DIjqNxKizRlfIMJ/pbev7XKHfTi+Qz9S9k88mmi/fZrYms4dX6uLBjEOtw4/N7D+u3cHoNpazkXlk968L2PNuz+dKQ5gN5BulETBVz0phio0qxZiFAKjogh+dHTQgh5fi43e4eH3ePT0/vP7z/wx/e/+H3m/v7npx7AwP2qObFVbkcoyOeuSAjTPtCCQ1KR6eWWWTLOVVL+kne5m65WqxX7aJrOM2KfFf8If0kyvHUPW1KlWUj5PAKzkUzvJyRFg20+n76nOPzmDZgMcCM7ZjJmdRICxODs0rECJPqZDL8uBxnEJFKFuDxuH962D5y9yJaAn49PR225JnfDccDF7NJFbQVzmh9GYR6B+apEu4mdzbnhwUKpIGX1PRbUhlYwc5ci85xndCrZ0nzzlehXqk0t4NOjmpWKz9eNBUNPahCPQnqRIwQgqrX1hILDX8M/C/Faak/AUptjLnw0iw4ceHI8LMez8MvPUt1AmZ66bTZmdmtSKh+BYf3Cz4ZBApQOascnSs2jVpixZy0+GNYb3qZoG6+XOOC2+bR0h/ZDcJyCLQ7o9TZC6YRbf3FYn21urqiNypDF8wlONH6L0knLxrVS+4NyYprKXIzsVHKiwCz4sigBjdHVRPQVCKjkZ/0mHBBSGNNr5LZSv6vXvDQthROIelxdb2ScKP2gfZaWTNBjZuS92+725OGxQmOjBfHJ/zjP/yO7EEKslxd3UgPdzXfGNN7FP2+65bSFBMU6jYbrBaPRVrscqdq0PwSTFL9NypSnbirDRRFTSF/KoASMv/kdLjp9fMQz8llL7Ohjx4vtBz+RMcJLX2qmtCk17mjHNPJXE0KNQY4r2ZTq4Ix33K63z2SEKaQx+3q6rrjlp7s+IjLWPTrfP7N0ZLcI3kCH63SU1WG2G7Z9AZhxdIml6zlK8EcpROOk6T3C7KrFnaJwWoaJrh3TMIPGEfSvBZNbtHkd1G/BIt/dD9DKf1Svg8OdRWxCt8uUNOX/ub5WPWzhbznRyNOxJAnFrEC9UvafMQWCtmEJ6uW3HUSK5PFgz6odi3srpTZu5MFPlf5+8RRpCw+s5tcG3Fx6ep+EaIdm1hkFQ/H/SHpHKEnCKfqwmLySMmDf9UtRUxTUOhLD5+ZWGKX4fxzv93Syq7X61YsOo0tp2qViyvydCrKBKvKKfi7bL0TiZHw2T9t6PnFGOjAoMvzanVFUubDt9+RdUx0eP/h/c3b1zevbtc3tLdW3/3ud2Q+/+JXv0rCqB3KAsr4zxcknrLevnYCnA38wqzBC+gEviwtveB4btj4TILFP6MDTo1/ZzLKAxVztW252oFbfXMkwvz+njBPHpnt0xN7JdZX3L8JT7w/s3WP92V3PTOS+SBPP/icLWcPFneXJlNJwiUMGNguOgUb0EQBzcko/AvN2lOHeJY6joE8UfsDfYXbAY7YaoqY7+1WcwUidS8lt/xYI394eNhuyV2cyEQXhbxN6uoSTAgpDsnS5HqMCyo8L/nBaSXIXaryIBe/htuauj1ds8FUQcsYPpNXM8KFPoOxZcUHmMzCKzYG+Afut3ChEzEzW9iwG8/iZPMFVJ2teEvd2kQveFU2nPDEVaOZOuZEM36skkzZGmDwTDk9WUYMOPP3B9eZw0b6+mVJscqa1FmbVkI7Er8A9fppGZsqrhmiYgAgRaTAjHP09qgaikJDmFfd1XeE6ybxq8cE9Pm1TQa7ZsGw0EXZwGRtbb3YBcyy9yx2G/8pI9aoWJKMMQZRcwcFQAk1lb0a+zf5pIBRV1ZsaKGooWcMTaFeTkdZLjoToGrFCkWgRJ64tSBvPSZvU9TkeRrH5NW7Sd6CxnIAtYrHFCn+hrip2JqFptVangxW48YTn113EfrzynKIB0gVyVUPOnuDZ/Ux1aMnv9oZy5qpnnaOe1lLDtPJvU7eo2LQNNFePV36yozCv8TxggtVZZdpUq4IFXkIWU6WoqTZNhYXsB1XSQRdDJn/xnqSNNKXhDzXw26/6wWTz/R2mzhxTTJ7bBbsIyfWmU+KiFC6sMJJEBaDmXzkdeH5Yfaty9OFVbK5xsgUAak6i9OnuKOA5R5aPymtyWWwJXYvwSCJKQAQEd+kT+tL7EknxjRVD7T4i5xITp2u4VBvp7iPqXjSLM5i82LiYdKULisFqLc6NJZLd0ZhL6CR88m6SPD4ke9XX5ztkdjaZSOfH1ipwdVdIA0cap70IpLZUW5hZHlxOOeaxzNbzgJFktx/5Kp9XEgpcNB8crdJzLZjx/8AABAASURBVLQ/SDGmUgq5p4/gUlHbkJ2adnrMA56W/MmAnYNUNpsdKs4SnxMQN4uH3qUBlIRP8z7hwzg8cNLJZPUWKtW0qiLZ9Ju8RYG4HEY3q/V5yvsTua3SSbPnLdCgMTIlerAfWM1nNXvOOtxlXu3BegIhlZyS6oIAIdEx5jYl6xRTm3LzVT2L9qQUSGzaTiVZroFtr2ye11qGJ5dc+vX6Uui5zsn6syRTqaSVWSrCWUWlxgwsOcx28gk9uGQ4eZJCtyVLSb+rFiXL83JByG4jRoq5SnGwGeAsowkG7klCX1uS80/g/nIKQel388fNXmtnWQXyCJYuUqG3uO6qT2JZsLaCGcaMhzRuhsMDRTXJHuHMP/OM+wPKlS01wR7NNYcpIripmqGQ+YYLkiTRVT2RUn8s0SHNEgz9V8enUGbWWActT3Zyp4cJh3L9ZLtCmACrcwtorpv2JnevutXb1fXd6vqGPPLLdeZGinzuVJJTac9mjR+OU+qn8TDhvoFd2+2X7XizBIY5WZK17wBXMsicjOFjcHQlAWetNtkYAW9u/7HoJH5tcyFKOs8D9vQauOU1QIewmGA5phWm9QTNsacXHPu271uKZZJSDRPDtyw7ejHKCV9tBIM5GfNEK8leFX2BpPhkT1DPRhTgSlNTdgG4NM/atbFNUskpRWPdyC112j00G4QnwAccn/J0WMDQAY2pWXXdqqUYh4Q5yJDS0s7JU5QRygrxIQH+SR3ymqHiGW/JazY/dsCXU87S86J3JlXxRUM6yTjRtjhH7ozTSxlGZoyTm5v19fXSRRiAt23wDBVaPfac7bYUMsBpkH5MdKyWqzW5lRYLLm2maz49PL7/4YcP37+/f/fh6f3jkfOJ0cC20PiUXjyAgigqvVh1169u3/7yq6843eSGq6U4CVvcwiB7EwLR0x8qFRmhH7s5rOwuO88Dw3qYqRZ2qHWn7Xe5AvdwlKo0BcfUtBvpXyMdbOgTbSo0WW4KH71MY88ATJMmSNE3OqKdpeQ5LRda4mtDThOWdIrwEKfwFutItOjFAGkE4QAEGLvtJFdk0WpcT1W9nKFKZHFZWv6BWE2XrTpMutIic6Bq2O929x/ePdzfk1eHbks3ojW94iykG3otlyvBU8mS/cIdhMj642SbfiTv5X63J8a8Y0DXzX6z5anzcsQUxlYtnUKlmUnFdEK2rkpA+pg2fkFZC6dC9a3T9JDT2yGeyPyKf5drlH9wftrJxYrQ0WubIp8uH889YPx1CvmRwsU9e8XAdGKVo+pewVzkJDc2Yxtg6I/b7dOH++3D/fbD/eYD5z0cpO+VwCkyeYg0lY7v2tQqs92dm04TTUhaNF1r6SbLJQWPBahrwd4tfrUW4yBrvW0sHcq9NUUezZ69aGxQf/gpfptc8qUvcbyMeytpqwoXWmzyOILlTYDA006S+T4ej8Rtua5it6eZPzxtDhvaKU/EJbePD7RljntuY0QxGsVXU1vPs2ql/kLtOanXyJo6LJ+r6abKoaIf5cZUUVca7U0tSSHUxZMGdsIyrapkLnzNKrUJMo3PFTbjt/WrbHgoSkgoeGn25nT1sPp7jDX2e5o10TXdzPZZfS04fV1YXNcsahXjSx0wuxbO5u8CpZU6Opgfevbpxc8yXivm73bQ+ZBK60ytAENb8nKNPJtA76Plq6AsNQdMqr/R7/q614sVJJTUGj0d0l+STl40qo+fYgLPC8JIXyBWw0mvXVcTXOFUns2aJK7T5LpQ6Scd8LwkAyduBnUfx/1+x+iJDHyHr2/vSFEaHSfWnaeu7mmApFkcRNkKxnVzc0e//sf/8Jvrq9v9/nhzfcfVbyzgzJPMSSiKi9IoQJ9NhLrwpY0EC2nS/YiDtpJ0nBNnn4jdp6BSUsqgt0ScaRHwAoqw3ftzEc/5ZfNZKt0054rpBQbDn8NRM0D/N5/8qf61+irWXiT9ZPbFlEqGQPxib5V+GUtzSIMAHeKSzPXF4ma5koIJ1FpsQamIAESlxWtAo/IA6pt89jRig5e8S4/jaM0xt6dtpSEU6VIjK21qD4jnQUoQtXPBOBkHZ51A7OV6cYO5x64Hi0jFcB1yTr6oCWE+gYAWudKcVKcsq5jXL7valmZKHTta5VO2YI6DoMho+u2UYVZRbpoxeJ372ZpCstR5nTr2g8jG1NYAVloXjg1tAFQMwp90xGq5GLt4Vsx2SM0isFFhcoWTrdZrMrZYzztyuZ648lELIrC+lzoYkzlE1Eqz+6hhC6fKMT6XrF7NZkquwpkCgKxuHofFar3grmdSr+YqYVBrmi6ZPOY8sj+AfFEb7dJf6GrcYJW7cg7kUMiCRNpKZQOZwZvHRyIJGshxtyUS/+Zf/SvirrRm5C767re/e/PLb1DkkeYThLIY5rE+VHjzsBhsUNkBkCpN64w5zNY3fer46VT0uUd9x4t3/+MP6UsdJyMv0VZHI+B6BEnLEPcKB0TtixYy4M/J3UCkxs6VbgHOaU8kwslNq89Pz4ELivXpByf6zMl2q1lWuQSYqqt5BZzMyvi3k1rCTsOzOhiLCWgJoJQYCR4W+UjHw2533B+TNLAXn4+6s1hfaZ1/1+PW4Cv5iXbc5Xg7SgbJyFVQzFEmLC4D3Z7aBVrmWZ5WFCe6LO3lLOFZ77NjbgVUK9cnxhw9kDyJIimUlk3e2aFSxXpypkpSm2uvTKM7BGzhoiAhFka/6bLKnNaXFwt8acI9FjMQbC9VkZ/KGjQIlahdA4UqE4UEQofwEnHnP5bEZwAGHmMpuZeN+IjKF/yJ0iw5RutdkyVG62Vs/ou/xJNORmvgljUgHZAf8/l3AWV7J0e0p7irJi2Jtj9ajwT+Xg56wyge0XnCE4hUXRMhuUaGNko2t8g10SWK4NRqCWfXCaxBGuq0ogJUsEMpS70jl+ygddYjvX3ZchvNVLkEJvNh8bVEAE+OBeGTaTEpnQuhHavqg1EhnC3TXCwC0qu4bILTtqxiX6YIkmX+pmonVMzhGTp0ao9lQSzwKkGqp8LLl2wmHc5uM+Esu8vkYXXTVARooTHmD5zEL2DmjhpiAyjitZCNf/KjjYgXyC+sNnfRkEW3TF5ePSXFRWNoKGiUO8RAIf6r+JChEUo0mv6l+J7AbQ5SHqmJs43hAnrCAHHOTtJOElrxuhCwF7I6O6nsPKjUs4uvC88//1Y9URWpOPvTfSlO3qZW5C0+Kx14Rn9oFSf0xANFbibGOxlQuh5yvlw2UsuWVqKTVKl5xoSVl1m8TPr1LMCBStDnOhhokKlkZRgyYSEbsHvKy3L+cUasheb9hc8QW57PJVxSAJ4lU7j8kfK9inHC82erVErGxO18BTgYyS+uJUDgIiyH3J+PGS4w6YgGXVA2PMFTkU56Ui2kdLhNM65iGrE8TbBm9184FGiAYWNxzUnFhN9vPqgLSSco/JZVNZFqWuyH0n3JYhGadOJag1SOZwr8HlJ6HCTphL5uXujixbXRBjUxZNaoyEwQ4zLCMvk7G6hNuvnAxQLzXetpvXCGeZbKTnQysEkovLpejORqW2x9AWYBr/vWWAB6jtAYMbGPcMDzmJi46VCVQoPHVINfYEgUxw4UwkN0k0rlgbiODSJigmhV7GACCMtD65NrWbCZ/Ka1VA9etgVcUKF9upwfyte1tlV1ipzCSKsdVvXCImggVCrDyK+XOgr1p8zttMXmtLiLJ1fW9dhN6MSWmVegXBoo2M+m1Jwr8JnVgCNOu7GnyMzTYd9Pgy1MRS1yOSvtNVijMi+YIrI928Kqy/E/mrCsrSXkpzXIiIwTH4tOlSVye7tAr60Cu0eUlVvsRveORQw5asT9dJrFdW5v28WrFQX5GUagk47niBHy4Y2hm1dEIvtBj+O0R9w2cFi1w9UKbtawXpJ1kQwHN2mesinAmCqUMqMQ017kfGteJspnKwH+BpJ/jYU5kseNk05GMlQ6iK46sJ5gOWBHfGa/z/3QTVOHaSFgNosMFIJcLbqFeA5oo+U0cfdQoR/QdBPUpgCKLovGFgIU0/Vy06crXVTZWmq5dhYbhSLrJlj0qd3l5gnTY8LHNG0y7trp2OG4yDSgloKhq8VyvVquycXSsQsnayZPMj3Zf0yOYKZTJO3mOb5v+yFMh48enzzhc45PXQouhXHOjhBeaJ1gWNc6Hg7bpycy4enz9dXV1c0N/SA3USfYpZoNrCsiKRmjNpqhr/X8Ve2n0ywlMUHKpZYMcDJyS5ofvv323Xffffj+/fZxMxwFLyE1/izZlYvI1sKmy92yvX51+/oXX/3i17989ebVYtk6nMCk6CYpSrhLgmmtf8OZbhEyLLlxYbzvZFJHLfUYBkVt4cQRDr0zrbWCzcDYLVl74nAJwOTTodAmNBe94Nnr5yB5IZyHw7km3MaJc7k4XQNdQS1AAqFWoCb0mN8BtbzBUmH8UGiShdSPcQWkI9BokXlcMhlfxEpEnB5mbIpDk25L0Z8P7969+/77p4cH8o6I54fXlVd2tWaYiqYF15cY3IXMvp5IgZ5bqIjC57vdnqLpFPg5MHmgecKN+kIxKAt2ukecUc9+FYsDKpuu/HX2ScWiP7ZfarVkLgeKRlZfAeZfrt6ccNPTK8UaQM2+0kcVjZO/4qW/O8nUi+vnx1ypVS8QNPzZqKWTzMlxBGSEou3Dh8cf3j29f799eDxutoftbjj0JPSywaCB4vkonEmy5IcW9BMy8ImDMuakJJcwiMmC2KvknZD1L5QpGScJZv5Alf8qPuMBIR4s5uei//y5mbOL6BR9Ga577hx47jwHspD1lQ6vjNPJYg4FzmQQaJNh7A89bY3d5rjdHTZPx+2Gfu42T4fNhnbOOHDPEQGVQc+Sq8pUjCAbRxnJfkT+MZQYVhQth/Sspylg8/JMvFryselofDdDWq3YhU+Fe2KCldYW09mrfG46h9NArP8ce8i/IvwiO5vKZR5yDhDQXO0Xaxulc/fMWILK5g/m8xbDq4nzSxxwMh/xKcxll73Osk188PXJPqmn5vYJuZ6+d1MqzcxWW8QUA4IU56qfDu3qqZiAbjMVuRrCvdrOlwTPrDDA5NZfkk5eNKqX3FvNfQlKZE3pEBy0plBenGpZkVPsY2sPfBqt/+wD0rOiTssQWRlkDycI8jYrUBPXvkPHBQzZvSUp/PEpoQfOGdZAO/gRIdHJt3d39KKH+Mff/hOZMNc3d6SR0tqNZrqJI5zzTkKeuY8AuE8i/VU8x8w3FsRkkfNOtBGcGgN0L2NGHqq3zYNQ3GQfnyrbCT8X8Zxf9sKNqqQTxC/G2770kQvfOT2cd5lnL7IoPUwOufzk82depGRfqa8H6nOSxZ2S+abRTPfIOwHOXTrsj8fdbtW2r25vGFJTOxcqCahQTCd9Mg0QGKCSk+nM7vCokbnFxbYVKI8sCo8oFOyd07oegdImz8fI+JCcEOVORQ0iouH2Q3hwku4XsJyYSDQpY5MCRIkDoWOchAQWV7CawQDwgCLNAAAQAElEQVRQaXI2dPvUlZ+E3qet+GTUrJFOo4y8FHFlRX0zZcJEd8xMpVLkYtEhBnRIESGGm49azgYzsoc8J4AffYSYNKl5+awZcw1RH8Ke5RwX4JARKF1pNbMbtVO1fCO8kqnyDOo1LCxo/NCb4Z1q/yeO6QRhNfmSym+zjDmaJSk3OVIoe7FeMgpC8S2ax8i6DiSvpKoXyiaEJQZ3UJJb0YJrKQNjTXGTlLRcMrKZ0BIw7OfVmjwOhw07HcZjv7y+vnl9Q3S6WK+3281vf/O/t3TKzQ05GlQe4eUuiencHW/b3J666EMXvfbn7587fia+/cnbVbt49uaPPJ4ve1yUVtm1eWFz7EQXDwj7mok+lQtpTy7lA+Z/4QJ9blos0ei2Qgs/naXnZgwrQPX5kE7HmNJL6WR2d3fcTN6teVDYJ8Zsa9NcPbYbyy4z77FVvgnqMkzseNvtyKRcsOnNDiWD80bRiibLcAhfC4rVSO45cpVudhv2KKlPS3Y2O3Qkc9wya1mIiBUKii6rSX4TO5oWzLY0601LHtCLbgsyv2hV2XmeFmPaszuS2IQF9tHdLPx/ZLUFoGXs16l2y9hz4TMeAv7hoK6FPwZfBfXZnzNxEyj2du4UcuQneQDwPjpWOOOF8IXp8ytXGJQQMl0XVr6VpK8aKlpAthvM6CeZkuxiMBiADK5poho4AlsmMgTPVE5E/bX1awZNFCcWhFzP2u0uR+xMF0XB/ljNyWBR7tBkdZyVhwu01jbqusOhrhtc7HgaFHcLki0MjYG8WBwqpeDcZUZjidwhQo4lBXZgVy05GdOkEZYF+5zamJfkhkbyWzdM3qU+OArAwEt1suUzqUYkGPceIwUrcGFsh27Ryf2nqJA336ZLxqJ8YvwOTk0zw6rmUecyLs+ZCaTLHAjm79RoArt7xVXOv+iHjpWYqXuX+EEdZjKurYRWlIegzboSCT5DML3gTDxRlsu8BV3pbmeimjj3aHJ9NYfar1dyc83YjgTANQ9CcEEELmJQfPJR+oIrpn1rhc/Sqow7kVmDG8s2d8061C29Nbfl0c4Ez7xmFkp5QFfRbHJ8WuM5QJO2w2hQtpaamK/gBdxPwJVF/kTsYIqfSHsdiqRiLy5KSdnWOHXNhxIU9041Ovk1S7SU4nbk3CW3QqvdCHi7pICSB8fLgZJAEGwBjBGFemb2vS8OpIv0+hGj9UslnWgcFONegGckXVGgbbSyH8wMNavKYO9J9SXKGbkhYPYtBWd3vnCgWwFwpsaAizB9w8hPg5aMNx6nDK6SYstSJAvLKkSYqXLtuWzAijXhhfk8SzoRypFwFcf5Iulkwrq9Dipf1UWWfzMFyo4pGdJJSTpJFg2LGfBpRasLH9ARMJxHmNqBFwS7Q4HIU2QXppYomqvcmtMZDvb7kaQTC2b4eAwLBE2RUOKvcEdVZUL1S6XLfFmHUd+I527U3jpJsxg06qAPlr0aRPiRdVaEpr6UvmI+Jf8A0NrrqLsj5L7lhIinPVr2WJ1YqnCwZnBO6bJWX73NngJkTMJXRJP6GrPbfBDFumcFeEy04pwlxxU4LUPtNxKJMrkjnX1EQ4hn8IKJbGhQfDTmu4Mc2HKV/oKp9pkoNydWOeyO+8fD7um4o5BmyHnjYnoLTYU3ShAoKAwWhqaIWTNkzXM112OhXg2oiu4tL0MjAFVOLGvY04OMP2lmqeYelaCyT3e1CpYCw+njJL2uc3vTttfQ3rXLV+vrm9WKAtQgkHgoqZw2OEM9keRFTTrB6QCw69r+epVf3eSbFRkwqQmXUTJG42nDGWP7uLJo+piWHvHjKNyBhLErtRsEeI2LYY60AMSzpLFOXkxpyUgn0B6HdDjmY9+MU4vjgvtQA7nmVl2z7tqlwHo3CRvNbhMHLrJ6wKE4FnqTYCFMUyre2/AlAqPaZW0w5HEmdYtlRnBloDsyg9i1TuPqRljsc7uF5jE1m5weYdp36biEoYVpAS0FzdfdcrVarRXjBEDyGFBX07CELd5v0JJi/0olBbeZFdqdElzWGOHs+JRI+azj2UvhiXvq7E/1MRk8xWSpEpEtcTySxX5ze3t9e7uWQixvD2rGAko7Ws1QkWwMa/VCO2yx7Ogr0oWnkwYc+bA/fPeH737/298+frjfPDwd9nu2YkXX0qQjWeTGlFv6TtcQoayu13dvX7/++u3rr97evb5bX6/ZsMooWXyyrbIBzKCl8qITcp5M9EOpvC/KJcycZLnQts8cH6xqSm8c9WMIi5Ci2obTm80ok74nxBJGTrBX6ccTYc10BIxERQ9N5mq99teKE0S4yNbAYgpzAOdgWIbhv6uDoiyiJpWoa6XTjBPrUeI9NbxEviYB3eZFuXMKsZi1orZkIAJ4enx8eP/+4cP9frej09bXVzd3t+ur65UtbttoCRxa7hGnHTJj6A87RsffbXf0RXIwDpxxO5orNeAfVB6Db+tz+j7RwsDhZis5n9Jze0oX3Wa1JvvqfZn2Z5XPVJ37ArXQsw2efRwwCYW13nhJc4Y06wY1/1N0bZ37Qir93O4I8SfwetBsnnnQUu6JF+yw2eweH7cPD9v7+/2GcyCmnrmxPo5A87TaM6du5CeJJrwb5GfTcJ4p22CNpONl3sPcOoffaGM2zdCydhuGs5FKJ47auILZ4+ozTFM1mVAZ8M+txXzqP3YAvOD1EuYdBGB2nbAM3r9E/5qQtd/3+93h6Wl7/4EmfP/0KCkm2+N+ezzsh+NhZEiknltZgrYQBTeLVc3OVkeQNe/Ho67Z8jBiJGj+hSR+QYBIJk6WUqzDDS0padO6ZEqZfcO2G/omPcUsOX9V+nk9vydysOxujDQFixmBK+QndmfyGJKHFE89G1ZeoSp3YyjSnpMDUEcky8sTdZwfwokEny/uFzzOtfHZ5zJeUw1n+d7lQD8/12zc/1S/Elzs9nfCXqp1qej+fDZC/4cw7uSe4KgnqRrYLARcbnJpLUxhKc2fmr8knbxoVJ88BcWe1O2ZBcK955gNagohXLoCVqqQceRY/h/7rHBZnhlzRVdKtPa9F7g00itIWSSGwJW1OU/okHShNQifU9EyahB77ClquZJk57df/fIf/v63+90+N6SU3jBkCTeuZpxKzcMcOCYKdEPVigStjn2DnHGijeIm4B6xI/vOWgF/I5tqFC/5ZP4TjR2YQE5uryb4FFG4RvAzEQ98zOC3A92J8+d9xLCfG+qMd+uB83b1fpmwwGfsEmoNpPI3qUDT9slgVxDnCHk5ktTW73ZEbOTSe3Wzpn3VaG6KaAGWuqKXiXwIjULUepjLuBTeiJTKqpgc0KQTP5ksJqnX0OLLJQU9pjxx4Udiu0PyVNVKc2vBRX8l8MvMzOSKCkqONnFttGZWJeMbMXEqnDHmzjMSIHoCWCyi3F9/Bwsk6zfFSTIaRBD9XfP1xW+UP8WbZxikYHoNOFQAn8FBU/naPO/E2NdP3nN46Qpn9FmCbXaU0jRRDfmQoBgFMpYcJocjKYjHo1qrUDlMlS7LTsAS+vRJgFrlPx+RkjdGKu78VPMjK5mQcyYlbqVJbvGWg/3E+Fwhc0Jyz6eOxFbRiUKGP5nrUm0/becpHUDo66TpCibnQjAeSMFExno57o+7fb/dk5272z7dvHm9vruh+Xn9y19+94+/3Tw83L5+TYxdfRYzWVKldrl5k2D24P4GK6eeBvLNhT2bjpdQx8/CtT95XGTXfxIe/mVvijh7JeMPcRfF3CBLkwI2NPPH/YGbQAlnQusYkDXFhLYPsRHIUhjUFIwFrIikvq38k+KmMRioRnVZ9amcAvPLnX5S8XjRms07bOFsIktxIXEtYw7c2+r84hAaJ0G20gA48xD2QpLnd3ugDdXlfLXMSxJObRaYdm5sL+FxTCUOmsVvPGl3580T/8dtotlkasVabBTTmudQQkXaTF5lWLKdj6I1MRJurhXi8KWIFLEpE+6rEzw5enY6icGoyDZ7xWNHUBZO5yJX8bFUvQlWjGcqZhhJyQM/1Z8MrKvmFEntzHLrMobqq8ZLeUgpGsOUugdZ4uSyujg4GuOfyUwgB/2SPguopZ4G+q9gNpVa4zeufH8Wza2CQzqNUNFcyf+wbiPSzyLH+E0olIVLJlfgREMyGxl1J1pfk5wiH8F7zEFMOB++gfPJkqgMNj++Bvs0sKJ+VtNeXBnDQlkRsCyKjHcSyBJAYoC3fX8gh6x6LdgR1XapokvTx5hjsGeL0z3NtzqZvz8cPnp5aDQswGEu2YojTib5bM5REli87ibwthBLBYdTlq+UzYSVIoOprEaEcCqaK8pLJ39CLG6/E+4TM41lge3MSdQP3z6F3APcDixFLIqPG4iBmcSPjfecIMCLbz96fFqoYipjiMeZPb6UlaPnt8m6Ini9Mnp80ApXsUADaZab6GdZUdZouR82j73gnYBHWxuw6vXGfKMSGoHk0ADWpSI0DB94LqP9yMOdzZSzNIgtnYq8cl03uBNERmLG+DrYVzTpZDTZk0yEANmz6TDhcUzHKQ1JoVCS4a1b1oxVgTvdYtlIwoGapBC3zOxI+NBLYr6afm++U0s6MWmmCqFFttHFpGGflGdPTsXgrClJStnkhO9A32evk6STi5Sltz77sFg3KUVwuEYg48fWTAl5WW598qupqeTJaibOJulYdSQPcH8k4qGwY7G8nLOljwJdxPWNhiubJj508rZHG3ruv8bueDe70OnSiIPZ7FQ0jKQxT03/sDlHA1h0exUuuIAw1f1iLN5An0hlwWSuW47aoThN7Gooda+j5JBORmdMagdOOhkfyL7mHhixduh+YRm78VTFXBjV6k0xm8nGmlJtQ6nkyynaoKVoe+CZFKCh5XNxn2qh+dGkE7t5JXz1qzBTaby4K5lCqKke6ZT7pyrskWoDZ0yaduyzjuB++8aTTtxzjFWyGKRZ2Mh1BZNmmn/pXBZ9k2fXIHLEF+3ajmCXTqDpqnmbrUvxRDfhGi45IOZnMO2omrsyXAMkEAQQ9tKRiAcONHW5oahsq+Au8iWs1KXiaJY2au71V9cANtaoyR0sHmpMFmAoco/8K7vj4fG4e9xvd/2RVSHQbaKxzJQ84yTnksuEzqhlZ2K1jpicMaohgIUnaRrSYNmPlnRijiVZs3BBKByaZgtFm4z634rHVjavoOQ3y6a5Tg331lmubpfru9UVRahpOnVwIEBxWWrw9GKuFdBUDEcce3KH3qzT3TXcXeVVp44Yq/N1ijIRPQkIcCXFwHaJwSro6nNiRSt50akILvbrcmzsOO6PxNQaxraBJXeySYsJO+Jyh2M+HJuRUUxaRPLILRfNqm0pKLnkMGX2JEg2tDSwL3OrEyspkw7WGBzeI0ym3oKTv3zCEHdMqw2rA9J0m180nD53e2ieID9BekTcNem4gFEa68Cy6daMcbK+Wi0WXSOYYoYdk118eGI+/6oZJ4LxKYAfQdfu20Ss+yhFvePPcYRR8dzfTD7q4txcHgAAEABJREFUB4oOOJMq5aVzPkquCTvSh0GvQM/IGSc3N3WWpNsxqMB1mpsy+FeUA3WM4rHk2lQpgthtDu9/eP/t737/7e/+8PTh/rDb0o2S4YMK71LUKXDpgBRf6K5ur+/evnr91ds3X73h5s5Xq+Wqy43avZOKGNVbTGJCLW+Tqi+xLzGsl4hx+iTp39AfCh2qhKnSmqWLB1cfro5hJh1KUmQvBUTRF6ecMKQHIworKAyZPdc311fSnEjwUbJm8Kj6j0Y5OgGTFvt5KcuAXgxjaU9oXCtHuonkmijwsLPHIMVQyVJy8ZeUy5vZJ5Fm1A0kjyZn0sp++OH993/49unhkc5crVc3d7e3d3fyCCvJLGhDfZHun5Jmc+h32+12syV3kCLlHBn2RnsAqSxTYY/VqGbak5NwzTNV3bGGdRUlexO76pipXfMzyp/Od0w63at2/mzjpKLK1brq7Hp4DqpzdqvkJYK11/rSt+DCd08/KT7tImvcCMMoSdSrgekkqWWAat69/WF/oJV6eHx8/17TTSaORVorBjGjlVQbzUYCbxIs4Thpp8PFVdzclJs1rNpuuWgZ1MTBTsj51YkobjzqURlP9Vrk06A4nL8NqigPmZ5JOsH5JeDL8OFQfvCMisJ2ADOnWCPCgTtEWK6Jgv1sdzTJu4fHzYf326dHet9zVtZ+Gsi93zPHYGTWUVKUUTd4rnqZSaF9A4E/Z6pN0nXSJOQkOqcrcKEoes+dOFiIFswhqdpoPBM4RfEyAM6VvhLLg/msnk8OVMelybR/qwtA8uYsNgz9zOk2zV/hzpGnm09Urm8uUwTZ21vO/laPsI4T64eF5ExlRPz4/v6M41Q/9zmB8nllG9TTOHcgQXSWSK4ymXxyG6RevvkYYL7RZs9epmWm85s81bkQe6PKjSvO4suLHs+t6qxma+NsJK7RyQO06Y95vExh0+SIP84BpVLupx5axMeuxqa5urpS3DaGXu06PSFn0/BBm6BzbopoQm7lthTsYbf1F9sBetSEMnpF2tXV+ptvvqE396Qy7vfvf/iwWq6vrm84w9HS5V1qiwJC6mDLUG9Lsmz2R06CPlDEdGqvr1f/x//63/0//u//z8XxuoFr0mlvbpako+2lfG0c0nEgo5HkVLdcJk4zMRwJvgO5o1tc5C5xAHYULjQSJxnTSoAuxnE/9uOhV3omgZdSqDQIM8ClTxzqRnEv0OyNM4Sf5Qj/xb+Mo7h8Cj6E/24sJ8VsQngXLl4HqstJrR6bGU0GKyhkjJzULIYO30+73zxtuu+/++ZXvyIztO37BsdGTVaUSA1zNDWqzdXAFe2p9dpj04WUqYJ7G3Lx4Ki2bzA86haxF2Kbxtu2XV83S+ym9ETfGWhfDz3FWwZsGPQkM6wd2eu0r7oFqRStoojEbcU9LoNzi1bFZUJtkz3KaFMro/JEe9l74uBQ/7WKCsYzFx8+ZyxMYtpJuCLNPXiuqSdzhiMedwcGgRvGhlTHq3UnfVPJ0PZlgucWW1SYbOa6HLSRwXEXe+Jwh6O02uFyFPk85YvJlz/5CO9ivXEFplj/Xh7BCwJ4yic0capYUu3tDS3CYUdK+Y7YLmf0u7PKPe5JBCQzSWaVY595cbQHNs+ydhKYy/T57EnGVPIq7TJ+V0d0lsSpxzfc3D9q2QTjIrRNKqXCaLpgqnTxcjvWUaXZ1CT1KXlkYxgUqZfWKK2b3eaJjEPOOlks1L7trpa/+Otfp2H8hw/vR/Lrff/Df/wf/9//57/+FTHzZgF/9W/+9X/+//4vH354d8UAm536BX1qNG4ow8KLqzMrDA2+h1XzAnwGN+XP6EBMFdf6cx/tTz5saeQp1SlCP5bLBUVraMV33K73ibsnKOyNBXvIPbcgQ+vx/Qeul5NEVXKPJON1gM/QR9wuVF6lyVRJii814epEztHFI5HmkWl7IeOd9DR4BTtJ84UGgcklkzK15GInX+/A/WtXC/Za9rd4GPp37+6P+9sd2ePsdeqkvSp3zWE0FNuk4p8YNamfjFLSsl6/fv3+4cOu78mtSfKCkYekLwmJuMZBYshlNTbtJG515BIoRvrmbobkAs6LNrnVgR6WFGNfJzwJsq0Dttu6pmoDmj/L+QbEg2uwVL/rsa+wyeqlBGdcE0JJSfC1MrtcrA3Ntpgcoqm2VLH6JXvCj0d0Lpj96OkEUxJIASzpERNnhLbqPW6ktji+NqVSFoIzz8YkjjGUXJ+pT33m+SeTvJtLPwySkOg3G/bs+R+kmry3PjspipRF5dC5ZQ+M0BW5KJ3UU5pZgHIiLyKqcEref9zUWWi0tbdCJJCugfkwcUMNHqkan0kRULTkxpNkk4C/4alXpvBhaZsFO0ysuXOeqy0x51OdPL88U/bEyez4i/SGqBTW1yAZ5N/f426z2+ATd/qQByXHq1/VoN1GAe/hoAtZDXKM+978iIOuGEtgTsDqFuapFa2Io0DHXh0jKecwde9ur9asfkwFoic5b/G4nJktQZyyBPksxnly5Jpx8UzOqq9iMisGBecXNLs9TrH1rQbJVJUt/CPQ2Z2AhSiP1UZ7Kdwgqr9FNf8fURaBb09zcuigdKv6MGjRyA8vqgcSo8oFja/ai6mKM7p6NSXzm3TL7npcPh2Wqo1zvIxMxmZs80LScNjpTbRKBEtq5oKLFlgbNXN5mrjKzriCVtNk2f3NR2U3fOY8oqdo2DbXehIwi32UTW/cDG0TS66zxPVZOGTNlsjdBKsWt2Nq+kFyFLO2nzXEoMYY8qTjzpXCNx8NE3c2SBXDTXBzSp9MKc60f9HfJU1l9CuYMSxdgEAbHjSWlpXQA1rlchgc5sLcTKfgGz/yUPoo+y82WtwZT873b0y+4TAZqBcaqMYgHWesY6kmOZrzLqeqtvKjo4KTN8mYi71h9xmXxh/QkiijqidFHlI6EWq2iLPnQc/3ieeH2HTzSTpnYVP4A+eXrJ8CZEImlcIaIpA75JpZIQRql36QS9u3yO6r3bXPbiTQYIOZUikyQGtLM9eJHtUXX3xMloxqE6WqV1B+wsKI9eMx3BWiMsUsVT6I+SEd3E7dFzkSi9VlrpMZ7DqlWN74LqTwlqhg8hwwG1sKBpkgJsruceGwTYnP8zddZR1sgNsrCcQqpLoEtJ4ufmOd3+1D7nGG2bEmpI9wzecxMA7th1608byUbGfK7eQXabPik6xfUI+HuCZJtaNw97Y/7EhTEfB6I1j0XBDTzLQyWH9tbE0VQ0uhtWyVTSOSEU+VPmj6rqLcJ2uzMumixyTX4YFqiWsqKW9Z+3UaMJWJ2zTnJTRXkK9zd91218s1vTic3HHuiPDgVrs2siRNCqpjQG2c0EZxYkx916SrZXuzHpYtl+Y1dRhFYra1tJCZnjEEF+UoqLocO+T0oTIRLAw0st733M6H3EQjmTWJlJM8TLT69HPaHZoDOUPGFif6nLRJ8SLR4FOrWcOo6BaaMjOxa1vyh6EaRvZtavj2nqhqmmZmCC8fatIuD2wQSe8qTr9mP0w3YTekxTHhPk1bmLZ5OnbQkyuOG+9wab5ULrYCwMfqgkNjgD8s33nyrnPK5RqJ8YslN2JVSueEnc1E0vn9Ex045zIfP1mRwsWCPKqRReqllIlKv/tw0oFLeWk6o7Wyx8NhEJ+kJKawE4hLQQUThaaNrrl52rz79t3mcbN72u83e2Q61Xr9RtUFYhNjjFr2HWlrpO/d3N28+frN+vqKlmbk8g8pvmO9r0+SXqzFeGiZUxCssuxb/WmqdnYebrgDkqc6m7EUmDaKcSIRl4RRC+HcJDc+pSBTN2myTjQnkvnRphhJwCF4GulYX60oRC9uTx0Daj62mZy1buPmmVYlTJOr+BhD5aMVX0ojiSdBhjnXdkcSvlHosHB12zhT8ANhFmmUXsmHw/7h/f3m6YlIgiI53Evn2tBNOnb3WfN0KS2elPXykw/p8eFB85AsG6mfsrm461B0QhMZ2t4dnawuqeIwe+SUcK7qwdnZH+W8zx8AlVoVd5y5Zb/wdgb46AU/425YrEk3bqs+jaF/+e7AdNhvD9vNfrMZyXMkLu7hSF6OvFgucFK82GyzC5ArIBpUFsk13/J/I0CTCueb2SfWtEuFbgUHrgtgy3Dy6HbC2l64KC8Bzx/zZNLwY7rP5x/4iW8GX40CPN1QlcaYrGPRpBX3LCg1uaffk1vwyMX7xGaHY2JRwvM3Ghq+WZyq5qFCIleYjpo7m+K8HKJnNPsndnbUI7sqLowZneLMkVvlvadye71BaDbzX2PbVn+CT8qXiwcYupQ2zrOLux0aN51lZ6Nv72IcgFVeANjzyMfW1lD9B+4IizufpZ35b26GYZm86VSGvuRZPz4hrmuCRRXxlOZsB2P5/cKVsZzBi+mPDpbxrLb7BKHZMgU06UcdJzsurG20sp5YCkBfC8ncLwM9H39YAGA+Q79FCWnZJz8v0sml49OsA6rMufLCH/HynozPv/CySPv8pwKzP9Xp04obidiRqCOGKiMp+0YzarahF1IoH9HojnHh53klfoKRYv0KwCpTqdQQ5cwzkJgHx9D3u4Om23JaifRCllx6S0/TXBk17bTlduJguFyh6WiO33z1NXkL/+n3v9vve+5ruOCWJGwysYZKrp+GzUk2BdRBraAlgIZY0Xhhh9gbXBkHXOYoqQTiYeTZGQXmT7L0pXoi1zgsAJczUUHjxBCMubIbCuMLlvclDm9tGI2EUroM2PAFDvhyR0UwH3+8+b/2bS9bNWE66sazHWh/sv6ciEUW25WKxQxWRo3yXSlyJLIZU/cwTL97/3D/+PT6+ubNYnXTdeJGHdW/oE7YFMAnEl1qTE3HbHcvfnw3XGzdwcWhVcDorzx2q60gEifba21kjR0gRYAGxQiyXPWRopxagyiOGZMPOkGOJ28O4nA/2cywAsc2AYi+4vOqrpVax9QuPCnAwwC07YVewVw/jsQ2GYYbuM2TPNn/OEi7R2kxw8Sq6GtgAT0Ah0SRYaRySBwxWWqtJOfaRCnsuTeY0HOKUwyLGpc++5hLAKhzJ+PDbOMtnD5pSYFfJAdnNuWta29fv9rvd2JCp0nKtdVPhVhdypACs0KhMyXaTtEFcRUD3KMRL1NeoU5ATqlYhop2rd/h6RlZkd0+Pr1681Y60OdutZjIjM9mS/jIjUb97pOGLFTt1xJiUDA9BV7ggv6slrNmpJPZIImDmQE7F939d98Ph+P+aUt25F//7d8yrv2Ceet//p//pxa6m/U1ZxcxBoMWRvKgk1nRs+eKR9M96Gc4pp+GPew0nMum8vX053GcPFH6scePU9m/4HFxAJefqGwm/rtUl2dB4IDrm+v1zTWZssOg2GaYrRpTlRk87veCLc9pKJq9z/ln0lkmjCGc8HwM7pIoCSjnA4bKq/qpQ3ksuqNnqi4OoqUzIovUKrFLcZQQL6cOoGdzG4wvo6FI+aDmCY4SVpysfhCnnp+3Fw4h7bpS1nM0xzMAABAASURBVOq8qMFhnSknT42w5Np2uaAo5fsP70k1miS1Vur45cFzKnoJSP2TiBMtQBXhwvhai4YzBhjkPCy5QNXS6juWhmqI8MRrQbPmPupCZMc5dMd9YzIxRfyy0oJMIqLyQiwo4nywWZUhwmbZ2tSoxFM0DhNuIp3tm+5wMxUhPgHTz05fWQtjnd7Uk6lIWyzbpRsj/wmta0ZTaSIm6dEYIzmeudDWimF5WI0kGmZbLwaR1bXKkqToE4sCsJ1yTDOfn9mlbVqlzGOYGDZJaOJTWaUL4VzSrfThDaQ+StC8d7zGR0m7GLXAF8VHqe526eUErQkOVbEca0FpXQlKRI/vbVWCQXcle88VKxshmgY37i6F5CoQWqGh4sT4vlKRlijSsFouSblny+FwoBO5xCqh9tB0sa/UOKn/wDISsrZIl9gMQtR4s2M0u7SzaJC7TUGbJnkRLILWWwt2JLqG5d/k3ybnMJPa51ipH+oaxkp5FV0xm7o6JQgQfQie6EXhqlvUUcKcsarncOICCEBReyqjASWjyRQM+y4oARBfGMTAAdVlvZLFzUPXrS6wvrku9KnXC6xvn3g09uCeLXRtDkITQ2UIfnmbVueptgmTTb2Ft3TiG1FA2YNPHHVg8w57QTvJzdJsvKRl4rzubaN1pIaOb0ZDpa3ZwIQvWeMfkwU17wrR47MJZTok1qowPNz9RsMGoUVXWeTqU0KvGnSacBqbFCrLYm1kyY6g+y41DHDCMCdp4Gwy5gHSXrcRcIbJcuWEKSgX0q2oKnnLnUi1n85I6nXLVYjiGWZRxOpdq1J5ClJI8eAQGpeHVeyBMMZu3CcVaXsqdOcRgqj8hroKVYrcFZ9JmQhXLsMZyUVYvrqm+bZExeWMUWV9OsHZM1sQSiAfJZRi7/VD9NFLvE1V0uVyCa42xxv86CvUeHhmY+gqsyIhHIZU7MOxF6TxzphA0sIh5zy1DgQ+gOB/wgSIYDQXzcAb5Nul8ZL8zwKBdAflrKKsocFijQrRAMFydHEhjCZpFiBGJGc7MSnlfpoexvE9DluyQFyA86Wl6lqGPtnTJHSYqhRuZTFOvWWVCHtNK8jyYbIsXIXUkM4ZpiiY8WAagHcClBE3jWsp0quuykwAKLuvpiNXMLS4M5nXJazs6DIUzQOTBOQmf1hJ7lRh554K29wKeqEXkU4zSSMEyVh8QHropq389sE3bE9odx5nQIhe6q4S1qfEYg/Wj0jEMkAkWKSKfNzKNXZcqNZv75LIhEgDJscgFD/L2HAkfL9BhOQMJgEFG6LlDsMUfG5a9mpCq5wXbWqbFF0VRDOTJW8MgM90IdU/k/JF3bnij9CEFhC8pgmtwdZ+OG6G4w6H3dQfpLelaJugoGkqtKV+lxW3xNoQ63FoEyLwnOhZvQpMYxqE66I4OkSEpZhI4xe2C7TzkkyciR7Ukh9ZUrk2Kl8DUdbl12mymFmRr+JQ4PUlRr2EfA3Nq7R4k9dvVjdXi/WS+76sgHXO7Ng/qo1rDkpD2j9ZIcTc9v2wx7Tp2v7VNb55NV4tOBOkkcwf7mMjlKe6fZFRxkWVCynFKhtC7qsO7ZKbJkT1k623ABpMZOTt+zRO5O9a0YmcQYAdcQpy4W73zX5YDrgcpyvIq5yv2mbdLVYLZnucjQTq5xJJNpCX6Tj1dClpR422g0wJF4Zo4ilKu9k5QbTQaCROME6yNMqz1DJmWWlBnsAB6bXaQ/M4jR+wf4Tjvp16ToQBIBt02S6v19e3NzTDjVsQKhgMAgwt+QA9dNdopyHPwwBxlCgjSMV8SRdMlNnrCx7PXi2s5vqT+jA4D17MXjFLDvs9BUbpml23XK3XV1fXi+Wq0XYYtvHtavS9w2G3320Ph72URgA7hJaCbrLQPkxwPBzv39//8O13P3z7w9OHh+3D03F/cBYkvbrqHFQFLoSJc01e3dy9ef1v/6t/d/f6lq7ZSO9E7tTVgjBh13alWmM2o5hCRXFHfhYym0x5M7srKQ9X8W8T46kefA/Johj6SGMz8Mg0KUQQqNpCdDr0ZNeMxz2ZNseRNNJei/4YCEinhbbv1fV6QSYQRTqWC0Z6bQy6QCQcVq9ap8oKOYAKo2IiCLEgAnP1Ck31gtFkZDu4Qds40kn1cvDLnF3Nw5O/Sk77Ikn27W6zffjwIP10DnTp9fX17SsGOFlfr/l+3UK4prkKaKeSH+J4oDj6cNgdHu7v79+/3293NCeiaICrjja3ECk/Lp4q5dHVTvcvCJPGiAK49Fex6FrM85vLT8NzBVXVp1AnklZ6TpV6OpOV1esk7+TM3+QmHtZfErVhNKtBVIYUSkB0naiWxJEldATljtH6U9XyZJOILpqLgeuwtqaqeZK/gJvs9ofN0+bDw+Hp6bDZ9rxSYxaXr+JPSTK76NIKnJPNxQ1q/zNyCXEICv0tuxXx0K5hRBNO3SPPHrF5trnbNtDWkw/LNb+wweNjKLqoz4RNdnJW5kaam5MV57jAYD0uMSOKfEonYGamvNebZW/v6vqZW6bB/dTIMygOIW/2CHHF6cDlU8RMifi3G2IKxCIZ1OTxcXN/v71/3NFs77bD8UD2RpIitxCsoMAkgtHVSE9CfrXsNtT+iQI3Iy1S5VfTixsDn8uuYRbL37Rxc8oZz7MIN2Ld6Q9OKLyQOJS/aYwgpYgL56IOYE3q9R7wa8PZUbGjgq7nFkmG6ChkN3HEQSVsz9Ir7EK+q5td2nqOkpKsyJ2j25emqkpoSxqh8YvhlxT3HafR8a0G+USuoF3n1ERQEwCNeSZM6Xm7MOg7ZkTJtyJJ9NlUggu1x09EC4DO6L2+SaoXLqlyaisVzNb5SC4LcsIhTReoOKqa5vFSDXmCFKaSWms2oWUbmvfMTnKon1lnt9o4Ke/d8J3x0mqYf+ykkzAgn3udjO9L3O0TB54JsB95s2repa6e5D3DgShamplls/vaqrisSoJvZbqvXfGjt3vBcaHaUj5N2rpPy+y2m52a2SRdbm5umCcmsMiIKiNS9akDy2Zi8EaWlHJWWUiX3Wy2P3z/YcmQ8it25LcLOoHcMZMwxZEzWkRBswCBQ6eiGtkKxyrshzhDluAVWKBhEp2YvNw6sblCiYonOl9n9wTaDvgIvdkM/RwHXFBi/hkfJ6Lo5E/qjNC1KKsTh+kblZY3Y0nuzQ8eLgW3HAkiO5zJhEzZcbe7bbtrrmdgZSlNViSWInsUsTIq3EeRwm6pNzvGdlWngdXHFCbkMQalyzQtuayf9JBesksS7e4jW3cK2p/UhcFaRJOjyfp8stwV5VzZ4oLlUHHu5G1SUIlIXIaN5pAacG3ZR5WuXWZUB+6YQCrWuYmpQOaCqrvyyI3lrRe07NOhg6sa1WeayK+evsmxIrWBOiLWzDAU5y9xXBAXZ3I3qChurizCnaOcvs1caDwy2qarIJHIZjGNbHxFDUhlyBb4dEXwUkaw0Rzgx5hKyb5CBTwhqjoeyZQlO5aWqFFUJy8UdLs6OdOzHCMnI1OgkuY7y0vOzOpQIkK1NgfiTiHOTwbz0/09h3uEuZMZTZ4asju++uoX9+8+/O43/2n16tXtV6/J/ASp1QVBwxcbOZ/z2mqhdRAnDxs6yOybHhlNX442furx5zOSP9VRM5JpsrAA8znup6PFS2I+CIhUz5BP3KOPTVMphNK9JlANccVP3C55ztxM85mtxQsXBauf8cWM4UmWhn1se4wSL8xVvVcMxsVHYp+ZlvtMUmvHncn63Z4LGsaRnnO9XLWMasWREmPpYKBKltcdP0lkiOUzsenPtXSZM99akxdecemWME+5eZIkEVhjrgsF2kVP77ckBxdNyWN4zqDLXATrSCacU5hXgVqClpuiZ81n82PqiznsUvhlIX5iSK9YiuQME1KRximd2DllOQJmyd1ZYFa4OjNQownObu3WGtmyqXAfGHvudLLM/YPmIhcXs1GzM1pze7rzwgYsbzRNpAFIdcVzPJ09jfHiHDAPtQBKEMUKVntcyynv4RuTwf9PUQ/MeCeg6drZlHJz9KRZ29Xie3DtXw9FxrYxKvkV31Wp7wyvkrU6Aa/ICeXM8lRYLe/7o2ZLcLJ5tyiUIcoAmAM022Vz6ckS6+43s2xaj+2o1OBWcRKQEbcsRRbYbslNZNeGSZwqt4s9M9RHKAyIYRH4f7IB/AxNPHKVp6zunCNBqAAXuFPMZHYHQ0UAdoHkG7lR6rJ6StScvuIMqlSXP9UBM5j0U6JS7VTig7qF8lxx9N+wbIHElVwGZDNJDPJwPLKpqJDn7I+zgBFDEQm5Gc548pQyVdKUbHSMvkvNejBrIkNRBWvWaB/A7N90aa2TmyPlQ7GVJ/BqcQBjRchZJtbjPhw54t1pJm4g1fQU1cBpYBMCpZ8UeLY4uN1iRFdIVg5JN9EMQDY+Oq1FVABibUKk3KPiycmsF3SWhLPnhmAQyj28cdVszT5xwBnQyQmdw0cIt/pYuQFE1YJAJ0LJ6T79SuHM+qbc3RRvDrmN3FVUcRlTVZjychXv4onmITQi5NFxAfD+kDVwmjVMGrk4Mdd10iFW6T+6rfTBrXj0gmKsk4q6tTDEuqbmkZYwSIKqbBFl5jAVQZR0QiajYKa6ERJR4OMwvkvDni7QaMnBidvR9XbhsFIgHhOglJlOCmqg2koqV6S9hcgujXnUe07X0J+0cYMWkyUpxkXLvguRERMUDnhvTZug6B7Vs1Qtoqq9boaqP6lmB2lCgrq2z5QTRC3i1HXKOcCsDAcKCmCq7UH+N7uzzxr9JEvOL+mYKeS9/p6jNhSqqbhIksH/3NGvEWWe9yaQ2F2cW9zI5H4ytlx8+Eo22gdv0k5ekk4F9DJ07CAATzfG8MhJnCWLEDM4dF+kyfgZhLKcvGcffyi9ppB4437sGeZk7A9jP0yoMSP9qgZ1NQ/Neq9JCqmui8uFKcKZPvnJOYBTXPCBcFxM1vAIapT2BOg4LpXCEimPBU6ARyJJzADl1pwaCHmN7U3urqF7vVgxqsB6vRA9qXHVVdapsWohBupqSAYeBdyrx+mYW7xdT69uxqvl1HHGCWphSQiIII9aKGcIBcjGKEKVG+G0bTTxQ1nfxMhynDc3HA44MoTuIjUraBZkpJDc6hEOQz4MiwEX00Su3jXZPl17RbFqdRuhIIxkTXfma40ctx+SQUS4SaUiBgqNe38A644keHdSS2itBTx0lRvSI4fcjLkdoOtze4DucRwfxuMD9Lsm9R0MZIYtm5bcc+vl1c316mpViX1MJ5qhx6ez9jHptKtO9m2RZ156jHmN1899XL7FTGF+5q8SoWN/j5ibo+QwcSul5YoTnciz5E8qepcAm45+MHL5/qCgy+Re7Tj9YbFa3axW64bRpTlGcP/u/t137x7e3+82u/7Qs0UrnlBPN4GgQV1ycmdd3928+cXbr775+vVXr0hxN8Aa41UIhqA8JedArlhfMjqLuYBm0UJRVoLUo4i3EtSuJ2CpnWrcAAAQAElEQVTyDiKWcyNOLZhG7XMuIcth6mX7aWZSXER1Mwp3SM/cVceVW2yKWFMS473mhPPeOmhrJZuAo9ijFhiO4ljAapwGbcJH18zEXwU5Vkik1q/ODt1B3JUXcbfbbZ6eNo/0YkBlzpi5ub65vbm6vlqtV0IPjSZ66kD4qUc8HnrOVtrut08beklTocmCszrhCMF55gIdnn+JCoOXabv+DTA/d8L5m4uHSTZ8wYbFy7R2chIUo7IeUq1/QmVMQHXO+cDOR4X1J7IpUNO5xaoNvBzdWtb8TvpQcXbU7uFh8+H95v7huN30exabSfvQqbPahH4TSQyWbMq5Jo3E6Vr2Ri2YsuW1aASIq5VEE35pL+hnZvJHM0RwYfnyb6Tz7JTq/u6ngcp2h1D5lCOBq3xeNjU5TUvNcNauriwhpKfU4bjbHmgLPDzsHyWh52mz32z3/HMzHHtOo+V0E7SogHbCETu1aax7kaT9NNkaGTWe7ZfzbMueEgVceng42e85LCQzGy3oBPHzhCDPTDH3sJkKjMaF4dL+hSiMkoHM0gkKwUNkKHz0MJQn1PRmA5PC+iV5I5Pjz2kC2ai/6g+r9x5F6HHLAOve7MnAYoYr8F1ljJVACcyeLlL2AMKJOCvXcfCGQMxV3bnogDibC0gF4i07bwgFNKEX+l182QULq3Mhpv74KcUM2jNWLxM2ugzRQ3B+JFeXU8RD1bKJRTX+OXumi7ImnR+nnLJQcBx/gqSTF5yUvtABL7ndl0w6qX5VXWG32yZONO5UG0AsCbBJVKSiFaGgoXneiV3xo7d70aiK0ly+F1Yua59jInVTmgEN9DlpmTLaKD3U862kUlmn7DFubYYSjKSPv/7ql2Sh/OY3f6e6pmhiJMYWj09biupKOQIrfF0rFVlguicoYLuxUMn4Y2+dJLaJnif2LnNtGoX0YhzZ/9i1dYCq8tqf6jjJfFAvoLovQXLoISuovUX4Zajrz/iAZK6cGpxZ35xqV8VArv+irN6/KfEMLdbIggFsfUJZ2t+/Xya8Wa+uyYQigzzK2ZPzT3Sq1VUoXNQiSqHp+20rv6spH+EaAbCgTnI1BrkFaQvhnhuOUj0/SWKVILVOUrOofkNQcWVBjpgi84bl6gB1C5awbvIrgAkh4xIyPyWlFnSfSvGNTnAqqknZF14YMLmQd4+9PX2KwrjknKhaRijuMNevXV8E43Ii/sdwP8UXajJ4Eef/6PExUTc/8exb+tbq4bRegWbjeGDLSrshnIxQs+GqD9yF6OoDnt2qjA1On/ZEfsvlrAcQuJfzsN3QSZ0UT7Ts4sseBnVbBVLkI6VKFUj1f8m0at+VwmNZg0Nt5kl/1Qx2CmU/vr9PHEyfyLj85S9/9c2vf7172q2W68fNww/f/m715u7m9R1pf1JHBqMgpuScz1llze7gdFZMH7PNVc/wX5JO/vyOeiPoFibiOez33EXLwkKiMEuCbNJO4FJWpZYqRBpWTCR+4l4YMeD51q7ev3xRTlwIev3i5fTEdzZZ1B8XA3YdLIxTCxQlUdLEA504wM71Tz0xh1b63pIvnu3WaQpDzd1FxijFfCJ/aUOOnvv7ezSnGGrSmwkvlPJ6SVwk39ckhceNxenVHc3wz6142MU5mgLTPFL0q3sGDInaddXs4GymwtKsV2HuSbnsk1GPCLgU94lL5tQAiDtjiv/NEnYr144JL/QxsafweYx6GVdldZ79igJKpR+b4SjfgwqgxcWXc2+JEKhuJgUnTRQVFRaGF0i4KC9RQWpPN8ujRYyyfahIO6jdFX7wApRKamTzVigEhluGnIMtkA/qAbIGRv6lcHrN2W6qp8xvZOkjQofgDsqYeShWtJ8POWxx9JFLLgpnMdIpxBmGgSsINZri+SWV9uQsRRyhTYKEVTAvDCIAC+YZFZr1rbAtIKVlnHvcKjSLpJ1UaLS1E9BGq8RYs5f60XKgkKRzmaVEClAmxNXTWqU5Y0t47hLF8qSx1nhyS19KjxNwRqxfH1wP/Bwu+IWOEw6shmrZIUF19V/Bl6t8MUhL5b8BUgiXCEzgfOgH8o33AjOiNNlqAbg7Srn4U+y+Mu9zWVEtpIeEbfflehgphp7KXq8f+uzZ6z/J+BV1fMTAms7WjTsJOlKavJJrMoUxi3ggG5YCinDEdBRIqzGS08JDpa27fL/UzIENZivFsxYXLQMuSgQyJ0UAyJWK5RzFuE3ROvUfo0m02jP56Ry1qP2fPOAF3XXguQvV+803aTDHkNqmA4fXrfpq2W7lOik8Z2JOTa3CL6WwSdLLj5NznWnPPmY3iFQWJelfUDqvnYy2cA99kmKB6j/yyM8mnYACRrnrKCSjkg1rD1KIDQaUoQaFM9lAQ7GxcEyH6LBHVKSTvUKrIVb72B1Szh41glyrBsG6atlRiTpjntkZcS75X07eUBbLABvA+MNzSSd44ksJblPYe8y4u/UqDpws9eHMTZFc+fEByVcM4CTNbDc1IVORm0UAzYeW6ouH6EHLk3RNop4zE5ZWT/Ijkk5iIcI50OQIcJjHIFe3zGdCT558tIyThNLOhJNO2oVAczSuHyo/zSa+y/3qcEpKKeIitu4uqbMwJE06SaLMSBsHpIjZrj9uub1Hz8ndybIV/PlESTPYnEZVijL8ikUU53lZOJOhBnPiaIgW1Zhio4TGluGi5ss/Jq8dCupQ9IVk3+Fi3KlNsMT2CprrZnHTLW4X6+urq/Vqren5klwLVW6FjpanhKZ/TwyF0SbzsFzAm7vp7mpYtGPrGSfzHRdPOCeOGeEkzjgRAdoYyze9Lin87ZGxSYaxTZlMuFVursjtOiF3gtsd835YjIxx0g3jCriB+hUH3Bsw8JJEcftGy/1ZD+ROlLJxCiMB5765jrVpEnPW5Wz0b22uI6OCaGEZJ80RmmPT9Ll9GtL9eLzH47ZNx0WeFuTNaZoVx015im+4gwzLXlPRNX9xchlioazMPWE7zTjRNtzOt05EP36WyPgSxzP3O9Mkk/NDfagkeYGDtkkatbKi4fyINXfVWa1XIglzsCsN03FBEnv+eylNIpmQu8Vyvb5akod1sVoIBsbjw/bddz+8+/7944fH7SNt0F57R/Cyh0MsOL4aKk2SdJOvv/71L958/ebm7pqcWpo26/AEriXJcyRj1zjTyC/MTHBurE4q7DfMq1oVnwL50+K+TGhiVSUFwyBGI1AoPG0Do5tIYx2DO5TtzWAQ3EmP4U3kxWTDedCNUU2FyxVi1H6vI6maD6SF+BiVOcxCA26n2tDlJ5yYdgD1h/Gr4AHykOhZ9rvd+x9+eP/99zsKkA89fU40cH17Q6+1pZuoZdEmt9XVBX04HPe7/Z57K2/pu8f9HucWizObom3HsD7+OhGROBPN9fw9m3QyO+/5o5LIL9m9nzhn9rizIeH8KjD7tz65mqwzPm30qzNkJBeEwTJUegEkq7EQdt0fd4eH73/YPDxu7x92D49HroYa1JEkORDmO/Dxg2VmWr4XS5mGO5FpokmnGSfseV4IEXKiiaYntsKJ84Xnnz/BjziMel8aHVMN4nTCY2VcI4ZCnEoDCtcq7ModApMlsgqGGkhPB2lnPXBR2nF/JG/4+3eMZfLwgeZ2v3miuNNhszlst4ftod/tBS0eHYQkfD1ZpZlkmgir1YQezzixXJ8cKiNUQuf8uLybzs8NfcVnJC6ZnJOUbOw4TV+Yop7KSxMMJL6axjSjfvBdjFgsGbcZUKyQC8cYKST6q+lcgl7Cxou9EWdpnBVsc/Rf5WSFNZGcEgcaUkPW4GOlBIMR+qTJLZne0vdPw4jSA9B/am+NRsvE9b3gCDfPv/S7yfPndVbRcIO0jkzkX8HdTye8QzaxVxyr3zDSTMrLXOw2t7VE8/mOf+ykdLIS9dqkk48xFKH4ie63xItME0vazuVdXM7U09VSTjGM6h8+2vSX4wsdtWjU96sVS3dprXgg7e/kfPA0FPTka9UatQ+xuzh+os47kxbggDm0LdXpvFgs725vx18y6vsjybDN9ttvv6UBUIxEn0Jx3VFrkVuFPAJV2QecKGhL6lnbXa9W09/81Tf/5b/9m7/7u99/+PD727tfUkCnW6xvbtfjw54DKQPuto+s8gk74Nz4YL+oKiHbtQL0lTtsllPDTljiBY0mpHPMZbPbHXZ7rqpcLTWAamw/z9xlsgD6vOmPc+BLZee/pAMqrStHfEnSRITGsO7ajC6i506BM6wIcG+FIZqK54NiDXTVcbl6N/b/47d/WHcLopG/vnu95AqtQYtOSC0jZ8YonYHBUx3lUknN25ClSVtKo1Yr5lAVUfwgo0PpsmVlDyJNZTngMawg/+KabFzuHrvKeTnit9vtO1LTYTwCsOrSYH/g2WjaVaOFJPIYWatewTtsCWy+umi0OQUcDr3BPw7JmvZl+T8bgh+Nd6A/NSNYSxyNo3Iu13LBlX2D+h5NcUBNJNH6rfCzST3RsD9sR87oX16tVv01rqdmOZKFmgXh2LCusSxJWZ5cFk97gZGNS7vT8GzpmodjWnLuGGZ9QN3gThxfgKGVixSPxjMb8PReoHMi/Cbnq1c3Y/8VMdzHdx9Ij1QwYU94EngYRmNjDxmyGwnEf8HgzE2VyIZ4ZkQ4IzK/rY9rPkLMqvMhelU189qH798Rp5OBAqMaLjs0iCnTbJkIYIrqaS0LB4tEc7peVtNRXNgWVhRpwpZKT1ybNWB2MXftL//2b3f73be/+fthv/3+7/7x/9P9D3Sjr379q/W/+ivSsv/T//T/+u1/+F9Xa4EQbZYtF3G2HBASSGtViE4WEkqXdrikt4RJ8P+HrPKfzVF2k+jvxJpuX71SI2D7+MT6Im12SY6gExiug2sC+of3HxqBMbu6vtIy5cI0zvb7icsszx3HP40/QCVQTtgCSudu8haRgcmoQofdTnxJHVg7sKx9JAx5ijfO1C2X3M9gOOLY5OVidXfDrZERN8fDD4+P/M2lpMCH10BRxx0sVfNJaEgrLhpbrtvFgWEhGID6uD+QDtMIzDnLgtSQmGgmhiHS2dbHINfXYRi2w2E1kkuAA5LOyktuRJiSOuksrqTP0UzxE06Vs2JQweSRAyy5C3bVcz7qscgZBzsR3MrFZl/FMsaKH15YsBPWLZNvV9AnEz7W6P0FLSbNOIzglojR79ydnxDEC8scu1VQkCyRDi0AsFw/EQckv8i9z6jxrBRYYAyruXCKVEHGBE835I43U/WY+gVr82RaPRbPlDsStL1LqcbjxxFVvGRRyxpmNwG0IRQJp11/ADGR6XIL9virn8CAzrK7EIzBYrroChJ9nlX35K5qzkds2/N9F90NwgotGpSIvxaaq9Wao539sNk89UP/8PhIn79+9ZqCr5Mg9EwzDdDsHfbejh0/lHhgUXrN0XW4jFe8rhQK0AD+mFgd6o9DpvhHakm07fbHx7xVNIEF+2mtLFXoQq1rG7OaFSU1p/LP1suhZyeTZ1lIhQAAEABJREFU5OZQMXgSFblSbG2OgVzhwQDWnE0XG9TpJ05kFFwcnHsZc4Ws6gPgW6o3fMyjINMfJcWsq7orPreeP/vh23PyOfNC9eTeLpTmBj7tQpFQ2AjM9MhkSRChA0v7MDKTF4tXt3fv14+HcYvcXHXkptkNbQzoaINywut46IfViO7qAzMvsuDEcRJZts0DZXEnSOcZspV6hs89sowyK/B7/bl63MAhA5JTGlO77kgNPUpqTB6lClyikVmSUTKH6JCImzEDiKwkU5z/gnbZuGC9GQEtuKu/Srocw6WQ57Pj7BMyp5spGVQAMuS3okWnUE7B6Nr0tnGyULqQ6eR8Wzq5gavHAJWAwY/o2BePWjN/yRGPbLMnyKaqvqJwd3xea3SL0n4qHAfpLRMX/OwPx4N4fi0zXtn7mH7MYZNQvxceWnNUmVSNpRXWNyUXjT9O+X12FsfkLF33Kate4yhtXLNkKo5YgmHmGr94ufOV1ZGi+T6TSzE1tRswKXw2UjiN1JvUCy82FLE+G1j6xIOfTHuqnOARcPjUMcWV9GSXzoVWZfxapG44Fmmu8wg2RDF8Jq2QMbk/nd8RFGJDZIV7f916ghAlF3aK7dx53cMLjyLNPTabzS1uCBn6NKoKQqUsqAmPYvZKeERtX+ZURGye2pusFaVKLoA0w1y1iSrzWeunUpijsKHZwW80ANGT96JJB9JzxmE/9gepXmWMQKjUvQAcNVpmdWKKrgrGrkHnNhWqRtsjtpoe6hYHkCpBwuIsOG1KNG8ucB3eIAw1pJdOY438p/B/6eRwH0Bo17m9zoubZnGVteu44BXmlr2vgumFJkecmHOmePeRe9NwP/KRuMrV1bhajm0zMmRQo08Fk4kxDNJ167qMSgSgTRSJiY6jjBGL1G/T+dw39cCtcGjCOId+zIuU15iXxNb6Me162B/bYVoMUzemdYbbtr1qmwWRBPeDlkRIYaaMbTmyKTgNR5kN622lFJOrLDrVcJ0gU2hTspqNLiB9IEBoeeSkkzw1eYBM3osjwjHDYxqemom04X6Rhw5GUhwXOUnDueWK7LvWtL7Aga+ghJVa6F4CKaEYJ1DNmC5gkIHtp/RncMQjJNl0U9VMRB8snk5PpoAxZ4Fb/5dGYwrB7uTcQRNNBkY3kTTfdkk/l8v1an1Fujh9zs12dsd3P7x799335Hj3knSYhslcvmYUJLFZJLTKEOeLbtm+fvvm9tXd+nqlPXS49KJR7yHKFhHhNabwpSknwemzJiXF3qnmArwDSwnDWe1isvPpMbhSZuQOMrpl2RJi96nO5cjsTmMKPJMMh7NcLhXaJDfeS6fRnTeVjg2eFlrishE6HYP8xsguRQYnA20cxpcW80dnJl00VT5qyKgJSc+0p2O335JVdn9PLuX11dXVzc1KMJY6ySoAg7/j9RsZqgE0Kkym1lHAHY77PSf+HTn/JqljL6v260zU9UTX7xHSS1bugjv0klb5kk8+epvKBfTpIf3IDX72vM/frWYlF+3yZOxazw33TAKzDrjJOVd3cUPb43G3I/cR7ceJ+4bI+EVJpuiDXDxgMsHCCABWXdI41+WkE26dw0knbSlhLUzPkEnVtP7EZOLLJvoLHHiCTJzcWuFfw6DWX5J5qD35X0gVtF90svfa7XUame5J7g7HniaWiX93oNkmcaYdRRge3rIbzFTnTWSeh1bnX2+aHew50m/VaZBM/ZHT1KzHVIfBTh4ULvPBQkduiUJNvc7rbCyhFzkoWzojdVenMdChjOzwQmxFbaj4lmJl1Tw4XUS+RI8mhR6o5Q1o/BUhfcy01Ky4Mgz+XnYjVdu4m5GbZqpmyQFLrvTMWGeqvJMv1LFd1IQBkQIDSX9FtR6gWilIF0IhYyxE0b3jjQkPg06cD48M9GZuRX6i6sNVhtkxxaXdrAOFqbU5TGqkxfkfnR+sz4kzNWaWNBJrgdjy178knXzBQ31ztYYN19fXm82G5IW2szn5gmWdyHuskk6kYubLHlhZhXY7+kmjWl+ttbaClK2Hx6f+/TvSUribo2TJgMg97n0oKqM6WuhDUmXHptsjS0LS94/H7fXN6r/5v/yfhvF/+M1vfjuO6e5VJiPrq7ev2nb18LDf7Eha7o/7RQfLbsnOMm5vxnULVjwyin3etbkdOG2dVb9MEW1Jx+HU5C6tboh6D6wW7WkYFLMBTQZIbgvPHxj+KOIQX+yJ+xd/4Cm6P1TcufyEZF0EguX5H8Gc//pbBjuVJSLJ8hGWKyKHf3x8+p+//z7DcsLub15fd6oLsJVqDi6m0FGjBOxIELIgc31S81Kb6AROb3IrTuSiGUA6sil5/zOjrKllE6O/IhP+ak28nwKS3YhLNmiG9yMb23ty+g0c3Bx6VXmAgWnrFG/184RENM2BbWB9P0qKvdgAKIUpjTJzNLBfYeCclIKs93Dmh3au1Spihm3kBhBWzWNH8b07o5kE4HFgI+Oo+aUtRX2mqeV+q53U0sBHF9olDd0VG9aLpXsYDV7jWOwM4nDCDCXSwzo/Pq6ML/ZlP3OmkpcRGLkobr96qzrT07sPpL8DBoo6FGUKtdMoq53WOijyLWDmZQ3lcjaSZ1iQFt9MkwZMpYMNoyX2D9+9o8u/pSj0a+m+2WpIO2uWOiZrWwl27dDqwHoniuGuI9EQNXcDaZqhH8li4Rj7YqkhWKKfv/kv/+1wOP7w978l/8Nv/8N/unr99vrVXXu9/OVf/3pK//U//sd///f/y7//L/7tv7v+6vbYD3KnPE3ojUdffHgkODm9p78cf66Hbk+MWgtIi+Xyq1/8gtws30PePNyTM6PrVlmCbERI0g+YQXref8ffbrtfM0wab//nxaKxeaNeAPjJMhQ/+ie3TIE56kiu3JH3Ar1onKs1kOMxhfUEbrZLjgZZ5uSMbfqF2liL2xsuLMd0ePfh4XBYbHYLQS+WmE/WUM8UsFtSVSmptA1tcoqkvr57df/0OG435OrtxRecl+wR7KBLmh8P2A84WMqIbW0uHiRH/NAvu8UVaUFiBgscPozoPEF8AxEcj4luIM2MDksNmZkso+7OE/s1lbXCuV2BYeufnIYz6zelBOnz3Dnool/9heDCQn5OCgIsJ0zccU+Q1625K2RzsPjXLXgUD+3XR+PY4MWqOEzjYRyslEguAG6PhnHaSHW4jETjfEn8kmWnmPst9owacpy1OKvu8mQUeygJELNb0hEQwz42i7o48nhDwXEct/1Bnqhr5ZGV9Uu3yxScuWjDUOU4hH9Bhq0mxuRw3ArEWJ0KlV/S92kSsH4poQfttYlpvV6T/k+u6/1h/7TbaEL6q7tXAthgZqY6N1Nxs4rPBi2cNEqUS/2sWokpPtiG/KMDBUUk7+Q4ICeqt/Skfesh/xEpPrKsilRLn0Hpzcnp8mhdDGYSB2aeFJua4pHwn+XPk+LCpXPVBS7kTLtbHcDd0BIGq+Fkkl1dZpYVuVG0xqZlBW4YRnL4WiDZ4zIvM2V+FkvEp0tHXqv0xXnDLK6ZLJUKylCrOjCZE+FQ2TRt9lM3EtwjYian+NvXr3bH/ml/IBWYlnWYiIa0UXNDIUmKjRDXpElZSnNxKckyT5lme2DOoVxU6t/FeYNKLpwcYbnUwz+dENB83/prE0bbZw69MNyh9NVJuVH/mnThpK1K0pFrszP00hM+K/AgZmXjk8cv7VZlUOa5k+QStkzo6z1ih4LxLFZC9lNBXXNKeayEj2Bp9sqvxJMtF9bYEYsSxZfGsuL1E1tMBesxfez48TqeG0TJXai6g0zdRfzE7Su3otYN98P4M1noNkwErpdfEHWO3u66iK1PXuTyGcIu6pN07mFOi5iKkZet7Rr7lzHnOW3Xe6EMvlwDT/eIzX/83deivkAV1vnYY1ZyzZcO4CW8bHaR+RuY10zbuIq30/8xh3D91CcflM8VqcLkXeWkr9cxQlnCmTN6usCFCSxjC24Ze/ckc6LsKIACkA7wmXM0Py742BNUn6RgjGina2UZ53oQQ8mOUdLyK2vSjIUcHas1dAt/GADtTZNm9zU8mMmEiGO2cUmwYlpgkt4W43hIuJ36HUk/6dEyar6n9b0zz0yg2Ksz39NAJtcZZ6lCZRFTPC/aNkGNFgvGiWmKVS+eckwJfQO6LnRab120CYxJII1/Dc1ts7hrVjeL1Q35Grplx/ggbQ5dpQp66L8cUGTYCRYLpOJNiw6v1kPXDm0z5cZTOOz/oLkQdugdylQHsceh2ZI2CqAgChAUwrPcHw8juQWmifu1Ye6mtJxgwRgnx7Tbw/64GMZ2wG6ayOt123U3C26g2Lr44GFoooMANErSSe9zDvFk4uKVQvAanxBcuamQeExUykbw2aSNRo/f9qk5QNqlaZunHZmcLQwdTOQDo6Ev2mbRLNaLbtVqFpNr0brXJudhk6qFglqxCLCHmMMXybY/yaHk5WJ4QFNz0Y/IYgeBu5AkhqUiuTStJVzqlTQxRQFOGKFQMjspNNGRU55bYzESOalcx8N+t9093t9vHrZPD4+7za7kVjh7ChMBpHlTRzO6WlxdX9+9vru+u+kW0tCZ/WakyJNPNJnCpkMtMCdg6w5g2/yz9dgi2nw+7H3yGyjdK7yQ5JcQnbJCSWFm1Zu0AJ9zpzQ+nQsoD4v3hbbUUVAcvqxA85jEiCQTXyabJ65PGLQlBEyKZCpHdoJXc8fMMe2fy5ZgMVcvP23F2GsC1gZJ+92OXof9nuMnbXOzXt/e3V3dXC8WC4DZlXWcAvGC0iLwyBF3xn4+DFz9yEaJSyfNOykaiMG5pOIbuKT0nY4/LKP0xznwBX96Ea29jCBN5nwW9SIWCWyfuH4kAlnpR4o5+x2Fzzg3ohe0XUk4T0aFcrKIFbfTQLV/7SvAGWWBvSGi3d637EjIriLaQyi3zLnSYAE+/lifu2O/yHEGm1sPI/SuMWy4aOUiTVmG5J1bDrstM8Mjo8UwbivHRNhvnjQrl+Rdw0ibel2Js7SKk2paVp1sKysSMhnPlLhQzCLXFy4Vel3WkMtHluQSnxYVlK87mYY814wvTmHcrjzBTEuINzrd1UANAzdVCmwyWNa4toU2fP6NC+tNZsHoOU/wCrhag4VUmI2rP2Dt2UplkVxYx+/K7fzp59eEs3sWv8BszKZfahbvVJ3lmrBWRjhuiSyHPyAWUwltJ+FZsLo6THZoi8966HhKKHhp45Xhpgh1xZXnI3rmOOfjn7Jkn2Xp4N6h+VX/knTyxY6c4UTdoUPcsv1+TyL9IKhLTaqsMtBKdKM0hYRlMfPlk04gRZUsuL2IEt4msiCN5O2bN7v9/uFpczgcPnx4f31zvVwuZVAW9hYzZRT3u0D6SgiH/iVVpek7XK6bBX7zzVf/1f/h3zzcP/zh23syBW5u2/Xqq/zqhkwb0oW4KpJ0GtjSblpwu24HBFaqxUTykS5JxhnKyAaBI5ZiSCbeFbnvrm6ecqZx9vsjfaVbLiRHKzDz6cEAABAASURBVKdzZ9QfRbH5mfxZ/3yOc7UyoH+VzdQalTLoZNx5VgSZitDUr3oTZM0wFX8HkVyLy2syPn+zOeAfKMjZ3d6sX7feBV2apxtY6aSaRrHKSMfCaCofq+ZIE0nLdeQzKL6J0cXKaFEsonmG6mGfwtfLZUee5XFqGF7lOG17MrzpjtsxY7/gUTP4V5KIpO5lyy6QJ1UnuSb+TxWmOn+gYZgBx8Y6pUpqleDLszSybqAMhyL5tpoqnyLvgKZFm9wpZiwfGSN6ZVtZ5pYcBYftjrfaMC76YTFd8VXWJMml9yqYaQH17lJdKrxvEirhiQLJ2ReLWHpgNSDRsDBvnBxKKDH9iONU6ArXrIAtT86qdWZ9DsHp0AGwt79ZLm7evBkF723z7h4GtBL40eYKQ3AL8UrPQMGhUZTa5A2AYTZGiKTmQuRVYylbCFQnI5cjykmjtOA9brf330qpWWpuvpZ2uVZSYum96onTgUFg71vlnDjqiBoapd3M0DhJU5rEpu4HFjicFkXsucP97q//zb8Zj/373/0T8eZ//F///e3Xb//m3/3r1c36v/jX/5o+/P7v/vHm+rZbrZrFSjFguO9ZAUeAOQdwhIJLTDE2exXG+RfLPP/kcuHHDUB3peKoa5RC1Wx6f317y+L7uH/44T3R1vrqigEKpjEaCO+enoi+rm9u7t68RslzOh1J5fKo/fgfHypi+uSj4GzD+waPv6ZSiK9Ql1yuREHNnuFGuHc1Iyu4QeDgTOphVo9tQ5Z5wiPpI6Qn3RJ7H8iTtvv+/v6wu12u1+2C9gTjkbKdyppKI5X83CVHbZCBxQcxjFev7o798YkmiovFkLw8LaNwgTT6yRSBRSReOi3aKQRXEhlG3sGn/Y4z0PL1wnG/QbxAoz6iyC+FY/IJQZ+82fyhJFNWWqrvYWdjwZ8raXw+4+m5w2So63VVXweEl214hOfu5oLTgqZc/iNoCJjj4iJwJstENn13EmzN0TCW+bTWjX1Lpx4Gdo9qWt+UsrN09fFPkDxeQ0Iua0bDpA31MFkzb9Rb20id1WfbTNbPzni1uiYk4gHuxhXFSQ17dRxrxz0YMmdXoNaVD9N0kCRRevDVgqhOzXo7f7KlhlyZu9Wms8+0DFTbk7MwG0baCVICJZhqViUslZQyOHA3Vnb0BDG7DdGBu8X368WWM8rpj+TsHN+/o7/d3d21uc3l7lPytANGC6b/psb+goaZyhPEfEO0Ha7NXWT1ak89DeXQ09MO0nR5wO1WckDZYOhaabyidXiTO50BC+HMip514aD+JGDDzCc6Jzp3Khec/1OqjN/d9qsvoolAKKkVlkfi54fvSfQ6Zk3L5YLxfQ88k4L63tT3eglHB/jESfhjZa5P5YydwCwjzSZf6qpypfgZn0kpiJ31VYoyMhBIZhuPtJNFk+/ubt8/PO2OR+0yRqFP0l36cWzzcCAOOQx78rQm6UUuOLrG5DQwyCl3sv6ThKtiiU+cW7MHwkuzgaEfzx69jL4UgdXGvmhjAosnvxiis/AK65QmnLfFtGqb45T7IctO5vNHJRntyKwlFqawGvGowqWYJHSxUeBhBjEFpBac9FYjpqSKpbw13L4kXMrirMohGqM7HSOiAnoTG5V6J9Mvfd6genis5yP9WHKyC81Ff1hq/mvB0FFRbH69+XXiamiUkBzdXvgvMQtJOjmxCH7kHpDD2mRDeJiZ1Bl1tR8sMh0afsnbM5eLCfQUDzWfliDKKrtEWbC2Kc/eUBzLS28AWn1tbVE8Va1c2kP2KbntbWYvegpT5FeVccWOZhqaphlLdPblDAA/OqmInmIo1/WnTSdfxPlMnMyNf1dnvz4ZbRzoBImnOxvrFyqAqmoThb6g+qtsNSy2WxmEKAPJu8bIvaaCzGaTHXk200wUYJCnPUnOUDvsqz5gmDyD4eMTW6Zldqb3YUoVmIryINfPCjn41hMY81HbMinb4FALV5WwjzgHE9exye1U9UHXtrT3maKPOHmE+pdMLUd7VmskwJTBQG5DGjd9vyWVnAOenHEyAfoCxZxhmSU+dFtE6uHkN5qtuzy/r3iK7vepILaXquJJGObkCRGS0CfEb9QV6tCcRE0OquYkuSELblLTXbXdddtdNR3Fq6V9Bqd2SCOZxpiIHKPSCaMv0MGBb2zaqe1G0q067ikzZUV3T5Aj3cpzoyFsKNfZzW+DzjutmbnWOqlEkF6FE6cL9wdyWzXkfKK1xtSlvMCppenfHkiZS4cDceAFyawE1217zciW0k8n26glk1JQrMndxE1KJuFuk05ThWGpxKAoQRAkq/5vyz2y4L3xch89t8kZU8NIJ1Pak5dmGrcJ92k6krnDpJmbZdsu227ZrNb0LpGPI7k6LjdVBLxJRZ44rBoBlWiyt8gsusoFxxT+aJXpxxzGS09GwIfGBSzRxHFNkqebBKhw4623BZ6j06K1EEOKtDFIQzgG1CF9u8tdx3C2koLD2538UbvNfrvZPj48/PDtD/vNVsKv8nXpoO0xJAn5ydZgQPJFd3V39ebt25u7m45L17RGgDQ4zhoaZeRO9gFKqE8aKW21donPTI7NyGTF4rodc9EepsJysWYGOoey1zmL/dAfpexkHKYgFfmpSSfaiEdanWYyRFYKiiM0I0gkXv+HplFNkEIWJJ1nawbBaI6Tc6mkmFcK99hwGoDhIkQ7uTKSEBzPhABrQkVubNXvtruH+w/bzUY8DxQcWSrACWO0CJglYvReFFy0gaw/8ukwPXCqynbPbZTJwBxt/FxtIRdvYKETGk4Bnsoiy/jBc+BrfOw4F/dYnKXV8l76YmWywUVfwuyTy96GU/Pu9NbPHHgh5wJPL3uBdC9dvPJMeSbm/FpWMsrIJYw0M/JrOGy2x/1+OPbCXIW4cfLGNyILmmyZZyryBES3ZYQr6cZJxjhnmbAvSykbGtM90NQCXU/VakVEWPhgRn5FvT15Mkh/lKPy6qXzeoBKQdU9wg4HxGhVImmRkl9yHBlyWHJs+/6w2+o8GzGgGm3KlLQWSbow2D5lJqBqgdw/p9lG0MmL1GE4HXiq8tFDGTujk4vhkZPMDOE/1cO7yERXHd3N5389vQ6k84wMB9zFOlk8GZZw0TdFv2xyaQGpnwuWFZw/iz1udVtL1ZGPsifPVQOrJqeM+VQbRheX1eyarqHoismYSWF9p5MAljqUqoWqWQfM3jRpNijXK+yuiGFPFOEDQRN2FUHlvcCcKoerLyWc2Mh+Cn6EfUHlZj+9hX9SIZ1ckCb1pV7GHtPF78o/8iOfAs42//1/99+mP+Jx8fHOTkpf6ICX3O7LqZVmSYHxc4jdO3KrvIMCsYYzAh0ZVU+dvHuVJp1ohspHVv2FkzSfASskwopZoIbqm2a1WtEIHh4euKNhQgrGkDaaoUgkzpoMGGFFkOaMX84LSQy90PXD8eb2ht58+/vvGKXtON3e3EngiqKgKMnFxNzHpl2oD5cD7aKs2H4VZikgdk2SJFydqcn965ysKfgoDNJAXh60Hh/KKtgz4s2J9cFy0xhX+iQZfCbJfWxdToQNfinq+jkOPHvzWcdMbkERGhlMMGXTVVXSwMmJFwYCQZ/SiM0kP7smpJic5H1ujgOFy8f97ni3bF9dr5OssuQTaIcUtK5pLtrVX6AkJya/eP+nqb6jhhQcKFaT2KWgGVQtZg1vMvjHljOdEFbcM4F8C8Be8AWNVfAZoZukRWhy/x+3khJEeJUgaNmghSwghyKH1q5Ym3BP5I0ZbRqB0zv8tMm8eBWlKVwtGmoLFCJELQR3itWHwcCBRE7GpwCswERL5BTVgaL+DKNfUaFqi85vqryLWVVyYHAaraS8FD9jZVcYr4uZtyfCF23S2c7yXytUEnBfRpkAOMln9b4XNiyRiI202PAW3tZKzJQIcXtNqO0DhWN77BDLnRJUGsP5oOsRlQc/0zUbrdwnbXIYDtvd5vHh9ddfA7t4QIu2pY+16pWeqDeha11FX9R6YpcyfOVJcIDE5rdQDa31TkJ30uu33T1+EAsnkSH+5te/JGuUePOrV2/+/j/8xw8//HB1d/f67VeTRlCSwymoemR2jj2W4S6fLaXsRsCwrxBP1KkyLS8mhr8cP8cBZecYD0gOKakdXikmyul0kgNHrjvyWHSLheRgZbLlnh4fiE6kO0SrK2hRGatjg/oWWDjGbGuE5+XUnfrRMes7M8JnXEKxoDQlTrbzOIFB0XKlV8O+4KytqrhGkWuhLClQLdfQTEgvmgSif+Se8yNrMhQezi0xa3LasaTiLiGZneiSJ1ABSYpBx9klzVHaqOkTsuOJ/xNYacmrpBF2nIECowNBq6iiC9G57LRWlUtm0wA+7bHD1knW4SL5p5VFahBYxr7CFBJuJwwODEfXZWdNDD7bYaQpSwQbRCn40nvq5IWjSE+qbcSaEmLRI3MgfNaA7jaF5CIPowQ2mi+YVqvmpWYYyrxoOknF9rV+xUOtMupGiUQ6FGT9dS4/InHJx452yXA1oWWn+JMF3mEpNPTqOXtw7bsHheZ1TXOIZmH4vPkmHbXqD5z7PUpTWq5XUt0hqo/rmIytrQat4+mTL6i4PuntII35pPypiS/pYzO4RM+gbW2jyCZoyoDTM2hIXTJyFZya98goUIgdo8nHdGBh+Chur5zQtglZDcbzdb4aW3iBW7foj7YCSmaLyxMzQ2LZKBnKvHOTgDKiUHnobGoJaMjXTANZo4Aid5PI8Wo1dBaaif1U8psb4UYMRd4VNQArGe3LgJXEBHeN8d+1jUhs9nFgXDFJKc6CRuOK9KePn09mQlQf+QToVIcOqp6VQZZfK95D5YttpKdGsAFsFXiPikYKBwb7J6cgV0tnCaW3wH39siQrCYm24kBtIFw8FljV+VHOD7bUaGwV8FydCC3jXGcD06KMBWR7+eaag7fbtdBwDExeKimy3WpZ8NpwmhnmyMEbFhFkKozSbmKSrAKNZCepVC4STUaTJQEOwUMbHAbgqFLjki3btyGi+wC15q7pUnxxCeUm5zPG6xN6ln7yjh4uK0umiv8FvDQdXmYzw3MIwHC6GEYU3juA7QjZGkwFDOs1Ymw0/xbO4hAebHcao78e+56Y5GKxkFbu+Xk1/eMDLCM0VAR9L/+qx2YYSZdAcpjoDgdRHkax4sJIUHGjwnesIytKP5YWWcqXjVN5SbsgWyWZmRRN2P2nxB2Dt4MVMkn9wqTcfHLkZ5Lx5Do5Yrof+ndTv2N+rXYimqcHbAPE02mQE60jSc0DdTpnqxCzBxL7qOQaxKqFeQ6O/F7NUuXydnsuuY4BDnohVlGDRbVR0wQRTxbY2QRalgHjoKZ4CulFlSFVOudk7aQxCEwHpj1BJKzLQsq+P1WiDYPa0Q+2HTX7xDYUHwqTZvxa7W5FTlJF2l658M3QQy7QqEp8iHUDiK0tbSBKpkkU7ys4GoQ9J/W/o6Y+CLFg6oD7crTIRQ8CssHFZ7rKEMOtAAAQAElEQVSEWucLxcvDPjjTbYwK7LmCiSpta9ScHpYxn0ltZgAU3FPUZ+g3/fGx3+/6fhAnKMOOChyKJCRoEF10BmNuyfl8EanJplcSWD3JQHN9pLoHtLHFKK2+pakEegKKKhXaVdkuzOX/kZti1DoGBi5G2rZlunjSiVi5pIisc3sFzV2zuGlXV+1ivSTf6nrZLSn057xdO5tlCYtxpc4wKofjtmwDmQmr1XC1HG6u+kXTN4LMB1aBBK6myF7wIGWoENk4DAh0XMfYtQKwovuZIReRIUkkU4T8WWzCcMYJLKa8GLA9jnm3y/u+G8cV+bimcZnwdrm8WS20UJBcRNkcbDRFg3UfGHuULFKtpWF3sgLSceWRxD2huEogREhWSjTlHFV/y4p/Q74+ulMzpHYgjx805K3YjulpnB4RD03qW8Blk5dtt17cvLpdXV91XcsqKLtqROpklxKTZRqx+11mgxUIbnJU1LY4Lm+xL3HgS8SOMRuIr+i32CE/FU6sf6jHrCAZYivQijMwB2nfjq7nhpVUtI4axh5G5WMCgtOIfc+bjXbH9mnz/of3H96/e3j34bjb0ycqeJlgiNplcYQ58UagyVxfr2n+3/ziq7e/+Pru9avl1ZImmVudi8oDpouNav+hWniAblmGOVUpGs/OuZq5bmZKbYws7qkmAG4AurkomI6c0N2T++JAjmOywUnJ7ifHxAmLVcy0Bhi1pVusad+uVwKKYyj1wgTE/FQP8RQtUcoq6zyz8sd5QkkXTgcm+CiJoxgCQqMavgOfpBCPZWbO6FNHW+Hjk43Wbzbbp8dH8r1oxgmt/vXt3d2r1/Qf8Z0gclTMlYk1gWmYpEULBdwZ0oYWfb/bDUdt15Kk+3cowBBlk6lYNim8AOaAMH6Lz73CezxVCD2n5F9kee3/SbM5iTPPv3tCOCenzHSFOAPhTMyeSV1pAZtmDzQZyBbWEeCzW5o6E8qpYyGY4a+jmURLkyyHxLYfv7j78+7xiV77p81xR6/tKJZ4ZIUGtKdI4mTuX+0YvVy23FerFe6/5HZXqyW/5HMg+6JpjRZVnFgvGGu+I5qC/NX8GGCrXTlRfuoRMbqXKeO+g8wqUdmRFB88srjNA6Pot/pe0gRYBRu47v/pcXP/sLm/3z7e755oYrf7zeaw3QyMHDPIKqBodiqwsoERiYMu82Ry4g7Zo4blCcUP5nqqsEX1oVmT2coVWXE8MKU3vEzxRz/yye9zuq4UzuQkjZ6SKCUfqhFksw3KkWNBMVmYIKv6Jk+q4TFTrvV9Vlh07h/adJKtqS3GWtUrWvlp77MwND1HTsvzXxuF29HTrE8Ze5WbpAEyt9wxJVf27CX7Zo6tl1LMkq+FhLqEbuPc2nV5iQ6DaXyKrFVJNEdbnTKgZGwyxFwERt3Bw4OVVNvt5BV6kb1vxKOV/Wc2NQmMdnR+zq8j05Kh+lPRF/0r6n8DVxiyt4urX26DfOYLoFgfYW1Yp7ry+kvSSfpSSSdwVqWpTEeBrEnngbAVwioTD0t8f5pbuefsZn67Fw0KTk8FC4PUn5gzZiKdjFQR0pWIRffDwM0ZFwv2fWP5rkk7YQWSHCM9Gxmzin2FpKC9ffN2u9m+//ChPw7016urK+kVshgYBGFAcbohA+41zSIMWBGdykB4XtQMD7PB+0LJZpYc9czuTc7Btl2s+ydNdWRCB4zpJVT3OST3cUk5WzV4uY/rZzr+pHc34nNbovjrbHVwpv+dfHfy70wuV7Rkg+OCZC9QROSw/TBNx6vbOzISVF5piSGW+0M0zQ2viF6tULQuWZZU1krLT+I0TBUqvtQIaoZwVl8wY0iC+L6y+jsG5DJ4Digl00JV+4AQ5GD0nlJlIOmDKqe29BRxvljZjY6qKhQpLKtoJablJEPaKDxkJvuSc/5ktpPC6E2jJzaDhXgku7eFygCOG5YlKrvMxCrX201uIGtxBmJMcoz45FIfZ3Rf/ohdiRLj4kqfFrkA4kDTR7/3/VEzM2xWwa1htGVCzU9y7/spf4GLt5R/TtTH2AluaonTSGBJhn632ZCed3V1k3PEaky1AXAtZm6Wpnoyi8GGOYJAegFMq/Wa+Op+u+vYSL3aPj31mwM3SAL86q9+RfyXDO63v/jF7/73f3h892F1dcWx+TaHGVY0Kpit7sXHPHvc6qtwSg9/bGL4y1Eds93tXnxVHKULNpuym8engcOifBDtSI4sG7a0JQ7bHWkO7YJbIEcdDzyTMX3y4fPrfk5fnxj5c98C9+sIHaeekbwnxbat9BBQXUS+MXmQmLcad30WBzN7rXsKM3F5Xx7ZB7QQyyti1Jaa5pweLM4H4staPG2eKJbPwcUk+Kea4whqinM9hooKbraN/iTiHBfbTeqtkrF1dWSo3YnuP5NqB+/Fi7UvZBZiDYMLZ2vg0Zcyi6cHlivg/JOQ8sUYB3MDpFDMntNIVFHDeizKEGZXd/fHTPKlVPDXk0s4ZdpW951rSnBNXX0/YJmoWT3VjWfvqbmmbgzwmyYJIGP4qspoZ4yw4sYWgK8+iauZPhQCRJMk5nVvKvpNemuQftS11SxwD8C4rZfrIaWZW1C0Al+WYo1rOz9101SxozBUsoZ8YvA2D4blLm4Edj0kQXg2z7iAty0W1k9eR2kORLm9wX5wHklUKgvsoo/Ld64RzSShOtXm+WriL+PHEeDgZPWyFn7z7xYSLnxAHglPCrl8m9q6pULVtdsopjYYVXXZVAy35wwEYaNpzujcPLETNLSm8Aw5Im2pXtWPHT+32CwMJhkd5yK7TXWUbLnUOKxLvUUqbpLrNY6ILVl05HE9HA5WuWux6lYlkbpDlKRqC9bdOf5rrM58XU8exQXERW4E8NFmyUHJHjw3X5LUvWUofTcUMyxrhNnr5UW5G7Hn2Kp2BZJQrw8dmhxbF8rTuWMyuaNYQF84JCwxAaiAdExJm5vCnhKDMTifJZsrW82yLlCVtpkUc8+aXvBFx0uSTk6nN6XI7stSb8y+kam0yoJqFWZfNH5m59D0j1qcLa61BB+968sGiPMH1/Ibde8k5ngLpyvLXlOWayQBJqemELAVWU5VEoYNIFZIzrYWm8nkF1aSnYXCNJWEEUk60dFOFinUkn/+uhQENEfEx3F4N3LSCdYwGCEjmMFKKwILRBWtwDnYLAUzpRPtUZ9Fnr5KOjmfT9DDpW25lG/dWAo80U6rNBlXPfzMQhw2SZE1Y/B9juYW90RXoOxnhTgDRaarHyH7wNLc56fjwOrhUNMCvCgebR/FSlnoIWME4s1LkF/EzcGlu9O2DLFRHzLkWQpLOIU1AS4myn6ipWownBJCl5ulBARaAdloUvEhh8PC+BB6BMWmqqJ/VyYmkQqjVKctyDxYLOnzURpHbvrjdjzSz51inLDPhWdLPON+tZxMRcvmzwEXuGithDFVGwKK2HHxqvkl2uWC0fUVfmDy87WRT4BMudasGdWAVSK1fZ6SW+T+FZWF5B5apOYmL+7axavF+qZbXS9XVysOX3OM2WbQo1JCwKYw8fhghDzk9tB1/dXyeLM6rLqxa1AQEZN5rYxFB3ngLNzuYlm8Ny2jq0hFkKF6yH24ymgQxNyJOBd507oJFiMshtT1Uz4c867vhqEbxnYaKGR9Te4BMujIxklaHq/qPKeYCAgxM9mJM03RcAh19aEc2Qu9sjQbFf9uzhH8aEzD4dE3Kj3J4cwlXsSmBvLG5HanSScTPCFuYTrS3xeZu7CvaXCr1fVK1He0hLSsQLZKElqgxUOK2BjrDymYzad22WdIjJ98yGyFJglWFcYZJyrIPB2zVkSdaRjAiR2+Rww9XfoUcitNRis3/sDQHQrAQ+Q/9OPm4en99+/e//D+4f2HLUVkt7v+0GsWgpJnUtLnQjhsaRuvON3nq29+8fU3v3j15u317Q0p/JI853zERlnkxsVnvvDr5Tl3hSg2IFY3OFe5wTQWhvSgKP7hyBn0/VEyThjlQ7NDTcuU/DbidwspJaSYxWq9WlLwg0wYzr4zfRbNH1L0fD08I0in2tbLkSecd0l1CTsbOgnVcuQ1V5u3kECa6zaF78p7uQLt6txzkc/T/fsPj9z1eEu3I9/Cze3d3evX17e3XE7G6csOXcDJYZJ50w/9sd/T8m43u+2WXgeG0DiySlpyaIpgR/ZmBFZ3mtXfQ+WTtL4wl4/ianhJNATh3DWUXnbMzrvkczr/9QXXxtMLX3wKPH8H4U6J5QuJY4qAIJc3ouNxD9Hj8bjfHzeb/dPTfrPpKRgnrY4ii0I5VvEAqWyXanAmMK4U79oF55fwa7ESGCPaq/TiHlo417ISGP76LCxTy8/00Qf9CUdN5x8nCigmSgovkaaQxnBAH8WwyhSHlaVVv9sdySf59Li9f3z6cL99uO+J2i3LZEBrGWYlu1LG0moSRgm6KzCMlyTrkMyd7oSvo8OiGJ++KZI5VKPqhHNyes4sLXsToPj8TgkypEP2tE7L/+BkAsnz0GySklLT5sgRsbyQ3GimCNd5tNJRqMmWcSK9mVyg13JeVUsDAjQTP1tuspjU9rMUdCRwXRTLc9nPCofQDZPq4eKIsyasIxyOcAtz7lF7adL5lP3IQ7aikiF+Ch0EPs1w5AJm683W9YyUjAvXL4CTT0xp9gmH2pZJ8cnZhLzgOL11rZrCqZpaH39JOkk/V9JJxXNMHXF4ukATyt7NHZxuQ4NJSi+5+KzPbveSI58LEHDkJT0h2U43W1vHyQ0CD9wPiDQwUnH8e+ac0iw5Kb7nFEAaJ33lKE0iSZUiPfabb371w/c/vHv3npTk1fqKROF6tRZkP05GPxx78WSDRGoamze18+XijCQP2rZerTuQjouTeoo7CRFxuRjr0GiyIUFRlmw+of7gE/P0stl8ic4U4sQui1+Gul52/DHvFUclC+1XdB4UAgUizH92shsS1Qe8emrvK0dX8cWFNxq9yBT9Iw/1/kA6xb5dra6ur69Xa4oKgnirp8o5ZsSdrE+2s2xPqCzct1BA7MdJSyc1D4M3YVukopyiVUryyh03OGBQCQZfEzVR7Hp9EE0cbdzfhDkUGJjPo1VG6iYd1co0uyh7wqOpGWr/lJzYk1XB6qdvXTQPlU4JmCdJElwMsxN4+IgOfNI0kn86zfToNH8PJv/CfLLa7hrFK1UqZj3aF4mDTx0wN8I/tgt8ItQWVNefPCk/6vHA8JJ2iSm0E3XI6dfVn6LOefOkAJw9xfkzuUs11Y9fZk8PrE7gfw9Pj0l6ny2WK+mAAODBbH8SNC9PfZcyB2oQh5puoVJzH/MSc+edZsEpA2SQP/zhB3L67Z4erl+9Wt1c0+Ktr67p8t//3T+SA+LN12+vbm8417vqr5TqOFzFB55ZVnAtp+o0cbp2fzn+lMdsd7tPVehMitAkQWO3328eHpUnNwJxFJ0gaEscuHBmR76P5XIJnlObvcPA+e3ijs/ZAx+lqMsPkWaKH1afqwxSUkxBLwAAEABJREFU1pfEC9Mjgwp0XjkIHlFQxcMahOs+15qUpJXpDGfFqSeTFI0tOsmSpQ022tzZznR2m4X3EusgNxbddrfbDdL6SuWCSAazYzn0Lv5DcQNZnEUz+Wi3Ljp1mrKRbK5x72PjjvCIReFsYpUzg01EvQbJDXeMVVeJCZc5aXyIF5NOQi4U1cfY3VwklWXV60wwl4bBB7H+RN/kYKCgFlVyfU8c145vkGzyAQo0lc9FMlQmRSMDhRPIhuiXs5cIpAr5U4VHTq4YCFuFUBfSTDkwKnRpGDq8ohHoGTh3aNnjnZUBZWOWjvli6bAIXt8Idd1Mwog3JzdcbTdgrXjxNSUWC+ojpf81KqB7wPJFUkxvMUTdH+NOfi4EarkrimRLsC3QHznRvCFqX2QBNcm+0PxPLt4KD9+bwuArOfdmZIdDrLLyk6h5vE8E/SdV1rVOcuWNqhhC8RfbfHvwtzxaLIY5dGZTVis//sW5CXnuAY8rN5JhUMjDuQM4thCUkDN/UGEApJdYKD+z/IyoHla7yG5sAUgG9WReJW2S5GFPVf2UQu/0Syiv1Lnux4Hkh4RGdPe1WrAvqdwMKyW6diPIABeYky9QcASZ+HRuPkO4Ly89KTyfdIKzaLZa655TXtbW+n3YquoORmtsghzxGPGIknTCobU8BguVraEdFXV2c2F5QcDJYspaDwUpvKSufqWQqaahJmXvihxZMxzbe2WH5yqg7tLC57R8q8zip14/JunEWaW0ahIeFX3BnA+nZ4xxrDRknXxma5zuuXjRFvroAE83tsP6IUOqHOl3Tjpxdw0jC3JU18w35xci6c6SThxSsjCieFh0SoXiiIzkiHKMgnhvckLSkFT3V5+6XUcuNEoZR5/Sfd//MPV7HDBXu9PIQ7ESFasFT+RRmi9EKqZfxR6Nm+lmgJzPkk40g9Alke13e3DP8DMWmV2Nqr/Nf5tiGk1XubBoLl+mwr58pvWruewPf5lhBbOHlQoF3cvz3aaHo2gamhtYD7hKI9NHSSoxeFIac8pnC8nnyAvJDj8OtVF3dthuD7VGGV8DuXxLNJlSQJkKaJaHTEdtsSVFO5iaiVxvzVLxPxG6pAFZh38LV1vy1JtCsoVoLQ0lBxiJSW/SKKSRB2sLFOfcDsfNcNyN/Z5eFPdWT4TW6GRwVTx5Hk4TMw+h0KAvqAYYLPYJZd/ISzsHaQqC5Hho92FUzdmvWPBfU+gq5ihC73Jm14w87xDNsj+RpmsNDWectMvbdnW9WF1R9G+1ajltI7RWc/KgVCfpFhNLI1M8v2+b/bI7rBf9etkvu7Gz7jh6ozqdQwcSnETTbr2elYuQNeNE054tcaBnxOlpIMbEWSMNKWmccZK6IdHPvO9he4DDsBzHBeAS0s2ivaPgOxFD4txPRUaRSP4ocziCeY4mKEswpwmw3Kdaq/NK2mzyWdmLfcK8a0qScUKSMXfkht4APCE8Tfg0TVvi6B2pAk17tVjdrFfX9M8iJ+8wp4q9dTOxJaPHJ18WhWIlx0IwTrLbBp8UCp8nNH7iwUwo/GaqS2tTm9Aq59NrG7y8yXaoWsUZEL30KhwtKTEJRFpHcyF+JemOza1gN4+7D+8+vPvuh4d397vNrj9wfah410UQ6xILfgmp2+ub1e2bV3dvXzGgxpvb69truhapZRIJNl0Gcprt0ZSeUU/hwq/wzOSkoHnN4kvJ+BaenQoKgcI2OneROlJEgxMuJOtCUZ2cuSJtE21+RU/B6SZX6+VqyQk0ihRlLUeNV0BtBbhNUlJOGLFoHKPcLmU1oxjXpJMUH6HAttXkKrwoOs/lrK5poQpuiLN/fHh8+PB++/REv9JtiMnc3vGKrK/WmlylLEKy62jTj9xYhLMahj2nmmx3m+1hf6DZ4FSkaaoySJtKaS82rOqxxfZPsUy2zM6R7OXqTEBvQnzvuQPAEDsvfP7Mm3LOOdVUQ9QzwDUFqM7/SK5Mfal6zZ875+xdaR7kZIPO59R8lrqLaRqO3EBn+/C4fXg4brf9jtOAkqRE+BLaU4MrCqhDkqTs3CiAU8sIPYJoslgp2AlTtgJLqGI/IczUd4j9BpVZl4q2cVHp+BIsEdwh8IJzbeuV96YPoqnVkk6aRKJNXIu87/eaaPJw//0Pj+/eP77/sH3cDIcDN+4LuhS9wvA3FDbV6rkc6sPSi9208o2QKz1ZwFbcQktGXqGfwIWZ8j9ln+ezpBNZienyRFhLwxSiv3bBudPPk5cFRjlJ+qkDWoCnjPhzszlNsdZGu0iIf9c+zwpJJx9mRy4pkFpnCqpp0j4DRjmnIBdp9leoGq+Ekl9pvJeP2tPlpp6LcvVOYFkPl/NQsSGYs6oXHzjj2HaPMDwAZheDyy/Rg5796+xVZINxrvN5fMFx8hW9TjVk+9PJOiFeeISTkX/qxlDNyew6f0k6ST9X0okOIBUxqeqIZJiVvjn1IiWHGdD0ilw0SKhPnis+nxiUC5XZrM6cz6lQnYY2J0eF44L45YrUL1Jac1BwJEZyVF6BgdkD2EsOLWk8pMV89fbNfr9/R8cPP5DCR4+gpc909uFAgR4JySODhHecHN26p9Z8YOJpMrAg+cdwothY8jgNeZGkA+WE01S4UTabPtWC/iVU94LZfJmALCLHLvvzJp38rBf/3AMuvMFgOsWz5fNTDOiUArLGyXtSfxRDu0pthbI5AYbl3ybSjfd43PfH3fF4d3P76vo6D4wXKq4Tto/CSVdqYVI6N380Gq+fo2djmaZogRUz6926x8aQvdiTpYmhi0w2S9MhtOymYTBKmGC09sGq60ndv2Kfgk9MRSo6CaYRSayBnZbsl+YAE5jtkYz1ayKEoMpD5WFSS6ym5UrwpLogHkpCULKI28jxTgHaHRXUXf6gcGFG+5ZfjZXYMewsm0aVqXBCl/6YGBjyOPtj+snHbNN9ZFP4ZJuukkqwp1V8Uc63O0qkBwXPH6qvqjMvmZkCc3PRWChc5CQ107b3KaD+1duF5oeyz4VvQHPYbomCrm5uSWb0x14TlG0NzEmabIFSbC+LryqJKG3YY2bNxBWI6UmC5csluwK75u7124d37w6Mzzk93T/94le/vr57RST4q1//1f7Y/9N/+t/Icn/1+u7q+iZif77ytqMF/s4S50/WFE60EftQ18rqyWr2+kVI4i/HjzhmM6+r4hnkKEknggq7GMaeHBZaL9hIw2DNimsXHVEpN6Dtj50UCjEhK/86dxM4TzDhX2XW4iwAkz+DHuZXmItsyzMMs5M2+PHAYCei+QD/534oExPKZkc1etlBLAxSmOfI5D4eh+P+QN6d1WqlXt1sXcgMc8sahbjkmWQO1+urp83mcDiy01Zi9opnSH9usvkO+WuTFkFyDoqFQZqszisxIu1JDerbGXssHChIdTiCpdQejPdBsqZd9qRTMV+xWv3L/hhlNbWzD8uSKkcAx1Uuf7XggKKAGZq588PEGPQXmcZsEMW+1UROlTaSoaNqomF9QAA4Y4TQvE6lMCELTnDVioJGS2U36w1NYylEZtmFlasaqtv1/qQQGmc65V1FLlcEObMlMWrcjYvOrqPRljSBZ3ig0h9KQCs79SgaQJH1LrgrcZBitGl+qIEh3Y17lftZ8bqTJqf7pIU3w6TT5CpE0hCHxk1pAgeBsCdjgMYoaVLdDLtFVggNA1IBS8bY79w5SEcF2cSXR8yYmiyICoie0aVhFoYqk1yZYit5EKIEYk3gx+Qb6aKXnYdorhw7uqHQ565aVPs4IgGpzP+FI/4kiQLZ3tnJk+5Jn0zFSFCq8HSifOKTufz6mY8ASysbGqMuwOd1clhKqOLGrkfpBHuZnvcnUg7GcBHTJAx1P3JnSQP/le6VmmDBTM8RfrMNwbexjGvymyRRtVHinsZOz5ZGSe4ih4PnUiXAdWm6qPYu0WiOOyjFY8ltQWWfcqRTz8+Kl+XNFBi0/jhOIgCAk04mw+61abMoh3UuSz6DmFKgJSYFIRAEad6wMrTsfrgcjMAfFsziyI4RnGbuMydRNNWYw8/+sADFi5fqNy85XpJ0Mts4aJCPSkjgSSejtYmBVJb70trpU6RSWsoJPhQMXizBMzLhZQ8Al66N81+Dxx6lSfyCmxrYKibFZ9L2WJeSTrC+IHhiYsjQisvoORkMOm5y0I5qJdRpE8aFg/XrV2VI3gKee8PStB4mfBj791O/SyNWY3Ni0MtqJxEmnEg9gUqCqky8KPvAWJkxpyIC/K/1aeVq9ux+KTWPLjUXUwMuojEJAC+aXm7zxk9w4w98ABHOq+xj/nzyast4ZJJz9ktAT2H9xKYyy48R/YpyM4Vb0BwgVPr01M3kmQTJu/b4dtCf+FF7tuRJ+iwqw8wmasKpon8ugQq0HAwBvbBHbriwBhbQdCRSk2CIpYKdbTfTLD5rOubDhVmGcl3LG21BUHpHqqpAKgI5Avdjvx2P+4li3OQUHCKSrAkrTkMx+RZATSa1bb1UjVXiMqI3cItUxPSkhdGKwjokg2lxfiLkA6rX4OSkkkDVLURtnlazDVd8wfa/jKHBtITmBtpXzeKuWd60y6uFwiXQjDaan5IlRVD2bp7EuWPQsAmHlIc2H5tmv+j2666/6oYuI8MjZNNndBZ8nZOtopr2WPJ0uX+HhCE9NV3JfaLoct8jg5lKH+oJW0yLEbs+dT0uDlPe9fkwduNAxsy6ba67xdWiXXZc7EWTzL0YBd1EoGLIWzRwmf6ojUBdRRLlKVeHhrdUfXGqMMdaMAgFQvIFY8nDMCepmZq2b5pd4oyTB0yPmDaA+3aEZZsptHqzXt2sF9xAxHxSYG6Ryfe7FTxIxgktwkKbpMCcjTmdlD6YNff4+dWqWEVMlSMEBeNk5MqEE3MYKg7sHzpKUv0nToHofVfxVTQDopMSBy1vJ2t92D1tnx62Dx8eHu8p5r3tDz1DlmOq8+p0Gomiller9c313ZtXb77+6vbV3fp63UpyhjqvpBJQoWWKdYi1QYkVw6wuXh0QPy78KVyxSXthu6g1NpFTbGrGMZWD++ns6R+OOnDyjUpJja00Cg6xXK0oPMFoRFfcT4e2K2drqRcTUrQaSObeExY6lR6L42jMTXNNHNYqaU2O5H51EvZttE2PYlClyh0KFZHhPDAU7/VP7F3Z7Tln5Onp6fGB3Bd0qfUVHddX19f0hjG/7WRp/Sa6wsjNdOib/fHA4Xj6+nFLjvNe8pmgMDETvJW16+SVitPXB1TAF91UOqVpXSmI92n+7vxwiplNSFn+yjo+eQMXWLN9qb76RUn6gg2OlVJ0or/Utw33in9gNI6l3EazBiTdgZ37nAF03G92mm6y32zo/bAnWj0qjpSKLJffUXtiAQLays2i7RbSRofTyJadZDfyR10H2RtniCnvXWl1kWNy6u3mRgZGg5CPLVbyJm4/7giSfsGZkfU1+Xvw/q6SVZ/IkdeTL2/Y7zfMxD7sHh6fPnzYfLg/bHfcmb4h+6oAABAASURBVIhdbZNgn/AzauKEZkgozDk4EIgKscCEq7anUTwoNkzRWyHOTJ6jkk54tVm7+jTmqPOOi2onFkMMcf7ncpTd56zVgktGdQZe0lpSiKeVQGNZJgrmoqqc45q0eoIEVBV1TBs6+5lQux5mzNuMzHiZEIWZZv+MQo4u7aytq8vg+cat8xtcya8uopVf9hbBunyjBcZSZCNLeiGao8AuiPOXWE+uUT7zctHlvZwkqbFeHRT03MqKvWAT2bxg+sTLzAifpLIRoJoTGfZ4Sic+IemUgi42NcOwnk4unKo1clUb0nlw8fSLF5ccTh1Vf0k6ST9j0gm6GPdEE3WqhgUOVZ4yOhhDrHeKZo21MQ9FRLxkUNU3Z+OqPxX3nBZbUFSjE+MCSWHb7ff0V9HDFsZdstv2Ur2CCnutHbTELUF6jF5hyWEY/PD+w+PjE6m+dIXVak2WkDQQBtJ/SBMkdUhSgFtHHchlX+m9sFpCSKM1YeT7sTa3aIkJSAZzP1mFRKXPqaKUZ5P2/Dx94u+ILyWSmRIJKeGXoa56LOmf2QHlp0gYVMF9QoUunc1smBo714RZToHNIU7WKXMX2QHSbku+i+NygjuiVHK4kHphF7IyKpXzprmpyylcBaV7tNYlOaZuWHRW+Sef0JVBt7kV4VhQn/scN+RXIIHfqW4iHJ7LxEZTDdCdwdXQIJhAMpU6OSOXiJqEwrTDdB2XCrYGYbZV9id6XCfUp7KF1BKcUlyi0qAlH0ERTyYrjEADVk7m5IbQeX1HQngJVcUIEyU04yY5zsGMFdVYF+XDL8D3P7FPYaY3hTopDhEgBxGpYgJD2pvrqvJIlmUKhUAVhFK167c4v21tVcZpNZcQ/PBIMZR4sFCX5J3st1sy9YmBSlG3dTrQcGWqdVqIpxLnTTlUO7HyDhuC0gIFWVn1bEXtzMOx390/HB73pMC/fvuWhAHZrW+++cXT0/13f/efiXJevf0Ks9GY3qza3aYgwouk7kyHBJiR8ennfzn+WAecuT+0U0ZhOIwhv1yu1+LOYVBWsVDUmpM2VYkbn+2enmgbkZeFmwpXCgx+ak3hNO4OKX0m2mrc69K3oMKNY/czaw+KOaw7QGsdLOAnLFJd82MyV7QYuqT5jFL1M4zkKaALkUtT4TTUR8/6iYmyIoci2YXudOzJ58PNe9VYMkhkmWZtwG78hf274wRexYla456l+qBBD7mEQ9wkj9xGY+nJNbwU8rZi5O6PTBFcRwdDnjsMZ4c5mfCc2db7Fy8lnejAUvArgLMsgHq9dPxYPvEjVtNkiQahvUdxjECNdYlJmHmVQ4bp6ippWhv5pMEFBS6ombqdH763MpGVOay+9OoLdsdU+ZGTFt2mVDNJtOWF6ltV/aIEfhqwNTWPJsSqsjgnN+aCsfBzmIHJjPmyXvZjvmSWtCi4EVZhqWm7OVcJwdXq2h1SiE7VIzBJLKXJHGlXUMJJQNfZvybFzdJjVAUH+lTk8FnI42MyTQd8r4ScsZWz0aXJ8b7VcSTRukazjtRZ7KMMUrOtV5cQxWTrGkA1R2Xe0kywlsWdUyvE9pt/iHMs9FSkc5zqoYbQngDCPyAWlWD8NQB/UlGIPj9RwFiRkS+fkRaI+jjGbktzNV+pW+OF/m2mw2FSykHJfxKmLI57paxOQAYEQ1oK0ixa5aNLCYoNAU6cFhT1M0+YVeFGZwd8pL2OjxpGU5Mnb0VlNQ9JOxDohpLsOHGXamBUkk44MWs60Aunga6TYKj6VUs3hOApzgT1b8lnm+/EqXLS+QIbi4ykxsrGJUxZrmH7QL+vzryaI0F1B6PNUlwvn3hZcMzOy4+XI53ADArLwlbCirNxjGD7thCzPEWoUmPU4tMPNQyUBZceqzZnLxj5hQMvfML36snHoa4PB7xJ6srUCX8G6aSe+XD7QC3nQm56ex3he1MI03hwhpAtDtxG/1QLC+33zlhsUrROgcWHcXg39fskiZYyoPkSF2el/BJsOcXIbXypVtjigVSK2YBOvVjz00KY+BPFauoTPZt0YtICLEqCM63PdKjQceRN8H+bXWurGCfr1FbZuykVhUHCEmm2I8N7WBzOHvM2D7UPxn5iiiXOmhSi6UQ6TWC6TWzd+VEZ7PHOLma5WgIx5aWo4CXy3rFLZ9LdyO6hMInnMCd5Ae0iKaiLoaHnVIl7mzmVyJKFcuaitPsGVctBJ4km0E5SokY68GY4Ph53HBCeGNZPpzFZ+wCf+Wz5Cv5JTQwIAd/qa1wtmc5YtKKSHiXaYYe3gsJJpdo5caLPQhCC/1RSSaFPzJeCrrRumrume9WubprFzWJ1vVyvlhQIXKQw7Uvpf/IWxPpvGhsY2q5fdftFd1gvh9ViWojqpwnQkrKodFMkX+Ek8siCf9VInLtlo74IPsFlPJJwBclQbACbKXUTdkNq+6k74qLHvO/bflxDvu7addesF80yM9QYCa1WyCNzpHRgJWyg4Q7OHMqsJ/XANurwzgV6Qwfnv1jcXf+gWqDI9MmWskVBOhnbtm/aLeQHxEeAbYI9jWDVtNfL7mqxvFmRHdp2jVpn4LOBHJvMyZ1+NBtLzjjpYu10DoNOylxeOj5L2P24o9oi1vYRHePEATNiMEUoFxnhxkKd6TUI5IZqIGCewIbb47YdfTJJ27TdZn///uH9D+/v390/3T/tnsiPOkmvj8weTbY5Ws3cXV2tr25vrl/d3b159erN2zdfvb15dUPe1k4Tm0wOqI08WT/0VJQyf07/6Ww1pXMpe/HDFHFEs02xDtqYXuQ6sxkfknTSHw97cVMMk0PSCa1pHX+7ulrJsViuFqs1p4cJZYo49nZ+xsvNdWEi0KFNJpnnQWydYYq8TuHjmmXCoCOaaZLdD5rPaS/VS1z/yZ0w3BmHHkQb4myfHg+HPf2JBnx9c3v3yvrpKJG78ZAkyWaUWmCahgP96KV7C/1kzy7zwCYVo9CQrILka1UaK96IldCbLdCFo3pAtDARfiogglP6xAl4ep3n9+gltn5yxtwEcOdH/Tq/w8eYgokd1fpSwWAQESQrw53cj/un7fbxafPwuH183G+e+j0zZ43tqvPe3Bexh4x4gJsLSKcwSS7hXDoFLupWS26jwyqoB+tcaGJol2qrfewpzN6Fn6Akv+iLrmK+4Eys9SjdDawCS/Bx5Dysfb/bk5/86cP95v5+v3nktkTDwOmVbEEboocZg9kyTtRvmaWkXX4B7R4HJrTAN4RpslAVv7n+VlIuvPK3cODiQXFLKrkWXT129fiRMZDSpWovqO8u/1QefskgUdB9BrZpObewYfAbzzhpvHtO6/kl2eq03FhJgfiXZlJPwmcTer/uS6ndJxZqqli9nh97CCvWEWzGnmjG8QBq9MXkoqS+unyIcVfjCXgyFNGb9L74XE7JhJ/MAZDdM6Kj5YW8rvVbExNYMkUwbCd0cK4ivz72KqfOxnUy9Vi3LKmmKQjphLO50nrxgJPnvXjCTKBfvNKFdTo77S9JJ+mTBPeyA+HCwM0oQrSsDrTO5XWXdAAPtLhnVT1W/EmrYOpzi87epJcclwz9GeeYEzWAQr/RDtnvd3TQQJYUZFoxEJ/gW+bJjNRiwCpj1X8oEkXicEXh2wxv3r6mhyXB+vS06TjnhGyZZdMuSQpsthvSghhglAHnluApBUlTErTJjrJw9VtYj1upW5KJpvnR9ojk9ePsbGksqgBZwZSltGymwz13YDVfp/tNOdKLaTKkjo4h4ZehrvRHPn7UDRFrTlMrfJo1UuQP4nludHE58fuxrT4WBzLqXiLKQDaaGZfaqs/3j5tpf3i1vr5dLhtNoDDHsdASmAGhdBvujORFfwhwGkGr/H1KQuEDVfkoCoWShZT7A0vzFhpJ+xfLhww/jxqgNmlQixqiSFe1GSwiGjynRX7LWrsLKSxPsXnM86Vnih2l4U4btgL/6PybNyLU4FrzVNdyyAgNKoi7XC0oxWZ27UrS883xZNMD1rEgYVn4MOmT5rFpCMi3Y0oG2oy52pWnutRPOGwJ4ew1V3T0A9d6TcGWSPHUSrvfw35PyqyOE3xyoQw4aCUCy35ZuMwoitJZzvFn97yRJDOWXGkQim+kTmU6kEq931/d3axW1+D44UayAKfSQdmzqcBWGashwEmbWFsgyDQbUk6FMjN3lAbY3W8ODzsygZarq2/+9l8NdJsOvv7mlx+++/7bv/uHt7/8pl00qrWju3p1OxvxqpFwupaV1lnenCSdJbfQ/kjVRf+ijy8jdEwBFsoM/oja8mm1JHcGOTMGaaVBSyjNoY0RkZqz32yIM1/dXLeKghAiEU7GOVtuqHZrMAZvloF+Pnz8qcWOiK/Uf46iHnUdofZgpgdRa58xRDQSoPx+Mj+WFCSUXHGJGo2JHDfDcNjuuIrCmkBIu2wpE9eiCdSS8STbBSXmnbmFBFmG5P45HA7CgFBbq9qwPA7PPkeul5VEQGHW5ENqc7Z+bk0TDG7ySdcpCBbtq5gKpwjZl0SJQrQoSErOFEaMOSzyfGZO+QtrW80lN8ZCoKN5lYKEekls7JYz95wsgGCtqfa05mQiPmkNceMgl5CK0u/Ei5GjryAoxmR0fcTWzslcrSolk7Z1aLRJQfIUSZES8q82A4/njyeo6jXdh6AKQEWgJc8jlS4SKaU6oqrqrgtWRXAx80Er9VBa3oEkKCQO5+QFe5PlFpMtVb1NaiPYzNli8xtNaB29YOuMSi3S/D6L1PCTwV2RqVZcTEHWQhsJoTBSBZ1CsVj6fLFYkqaO4c9TTch1lVwwexTJBD3HVu/jsChsfSSt8h8VjV4aFWXtX5GhU+Vf81DkEyNufWgjxROGYMuBFcaA5AnMyBV8TQtNQgpFSj9SyV5LuAQeEzUSCcKsRTY6XK9lKujqI+ezSdsDuZvhGmEoEMmsktNN9YnjR9siOq74uusQqj9m1wWzrt0ovnjUuoEqxlb2sXCESXF0ZOqkLxNfQ/T5Yc8WXWA3NAbkI2KoBQcL5u2J5tbxKUxuQ/uSuaZb8S6XMYVTnR2X49yzpwDQ/BjFOfHKMECDrWMRMfk9SEl3R7qt7JFslhHp1TMzgXEyupykliP0ylSVl5rP1Np7yBvBOmo1MScnadmt+MvqPk0zbcqdeO75xxK6URXOjSOnZFBAKdnYnLUX2DI1SaRPHXB2Ttz3wtTrsDQzw9bWChQmHSOcXidYsO2HYJvOQgRGgEOtreCu5ReM2Qeid7Ff40OcnWYJcAxTT9KZ/LxGfQaXpDErqISx+RQnr9T2OfI8uiIS43zzVU9quUyeMuASRs4ZFXInGbkr26RLDnLNyYU1I1ExRlY+TulxGt8Pxx3jFfiiV0qaKkCCw+BDqBiIy6qpWsm5JaKzkMVOeD7pBC1tweQ2uoUVKopJ3bPDk05SRbQm9ifEWCtT2KRqWCfAb1tsDbmXqkKGQWNtcVKutRRFTXJ+Xqgi+q/b7bU8WTJOokLXCV71EGeEAAAQAElEQVSXMDIQTG/IjSUJSX4VFHHzjKJbfxrpsSZTqypVbcMlf80xacpV2D8xefslLb/mlALyrOQ25YXAnGQx6hpPWgkFJXBhvC+KIdZVOwMtAw88OivUrm0m6K8UDD5wSx1ur/NEoVDOq1Z6szIz8zZA5M8IazVysKeXbPhS6+t+f9evirar2VaTqyXaRthr0tJpWVrlBsLkRkQRFmCqRKU2aIdyHjp5rK6hvcuL27y8aRbcW2d1zb1xxQIq/qakdbG2uTTvhLGv2jx07bHr9qv2uOpwtZB+h9nUCuXeydOelAF41MGC2pJ822p4SZRkmXnJmj/2I5k509SK/M0jttzOJ7UDdv20OE6LAfNhaMZx1eTrZbdkQAzscmpJxJAMFoCeLEF9YAQvbmfA+pttmRTJhZLe5xprpRVnW00jTN22yZT57PaDtbikBx9yMzSN9NZJjzg9JtzndCTX3yrTzHbrxWJNQdZOjTXLZA6adh27kW7vHUOcSP1WNHuFwtlDNUDEMwXpy/kiPqJ7qUwIhAyMfi0l46SyfYqHWhlsxDnBuXaSpBNPCVJ2AkIXHTtDOSGDES8ePjw9vH+4f/ewe9odd/00hkwtQLqJOxO113e3r796c/fm1d3rV9e3N8v1igzlVDhuxWmVn6gdEcpLsQBnwZZLMwIw/wv6E/nYQvrNpzCptGJ7Xkz64XA4DmR+HHqZCk/rzwpqwJEDoorlmnNNJC8EBCtRtqgmy02m3zhIkjVH1MwSEbgk8bmbh9yRAxA6A2qfcsvRRdcuWmmH69w+fVpnmlltcrtBfBR7isdsnnbbDaeMSKddBji5ZoCT5XJJRP7/Y+9PoG47rvJQdM5azW7+5nQ6R70sS7Jly3KLwRjb2OFCHA8b4hge4V36+8yAMYABSR4ZgRfHDuThDELGgDzuuIMEBwaxE0KwCSQ0xvSQh21sy71lyZKsxmqPTvM3u1trVd2qOatq1dp7/805+k8jaX7a2mf9a6+mVq2qWc386pusgcQu0YYpS3VT2Sma2dROHrpIOrPKTjlUs9raGuABpOZhbOhlaJU2ObGU8WCnI4Zq5l/QsodKHyS0l/HdmaDPbILmtgmS2lHvxyzrPSaDkOXodBL30UFFDZ1xmwnDWRMTnySj08lZfkGI1TOe44sOBzNyWo7bW9tnz463NmfjsX1DhiIpswGL/NlgH8HEHhEajqRDUdELFyGrT1InZeniLpOODhlb40/xU7LBsnVTjhBFcHkuJdSR0JkKvpH4RJ2e77IH3ytj0j8wvOVFpDtpKUqU0uAOsGstGwpLNJ3ZPGSuyXhzczoauXjZrrevvfI2ZUGgOtKG4/R7sqPi5jULevHRyoJ/zxi6HFynfQOFLRuXX0xc8rVINMG0JxImQEL56tSiztY86SSR6gwdVibOtRFwCh4WqxgHB31YnKh6orzyDWvgJfq7SYczfExIkq/7mnsc0DVQCy8W53ebMAwOn7YYcv54zbOYU4B+Dif2vUPPJ8lsPtUrxJjI5wjDMxOb9Zgk31DFTE42cIfP3OMY6JDI557XP2siY7IAg4l52QNxaOevHork/KkL1QcxztL4rjCm43bfy4LQoLYDlyVvdQniftjZCuJCIZjHxSadLAL3TuSel9jhPXJJ2PuzY7nb5aOCXZ4rp4uPhqHysDIiBRescx9yD2juLI7hgU2kreQ1hSJmF0jGywSTUezeTZ9Hpw7Ek5TnxPNgOnaJkPuLLFVte2ykT2eHhA3NGrtmrZXnYgPAM/IkSKkwMAd5qIPGXuaK41dsbJ49+eSTp89sODqxvQ7F41Z5MZnVZze3GuNWTtv/uG/GcwLEeefpO55rR74Lz35z1Ej+yeZOz/Z/bWNdub6UvbEbhzgdTu3GTBhKQLdX1I4wk5KSWpr2z077B3si1s5gL7BjMAHx3Ar4HuZp7spLP/NXNOdxn3MBJp4JBGhl3v13WLXNY1RyV5N0e6Iv7v7RXiub3x/6djc0kK71V4WigA9Y9icAp7e2dVOv9Qfrg37BIjnuhEIrWj/h5n29X1xDNLZUhlns3K3/UKbzHImhN6TCb3hNEo+oM9OaX+oEGHDMLMxsUea6wa55gMYzT9ziSBciSjtCSU4TK266kpyGfk4VvIsrVDDW0QOWSXRQGKPRIvveuGGHpLMUXmkQlg8+RZ5P87mKbWsU2hDkYEbcYrsVLdqXMB6ue6Xd0FkMOjK+N8x9XBr2NjEVvpHidx9brDDLM5dgaOtp2HNOdWUR7em6a/DTQUToULucQdd3LwunOOwMiGLZNjdx2viSyn3yMLxkQRq/xoSvqbCVcYtWJHlGDC/Xt07hJ4S0nwrY/kQvzk4S1FVT2skgJydLjkB3hg+qEMYU2E6D+hKC6MWfkrGluzJ7rGkNLj2pNb+koOqEaHXtDjv75CnVU0evPmHLrB3OHD5y/MmHH/nyZz979PDh49dcY89paP5LcRl306k0YUTRpfzbnP9guxGKAycj9Dp5Q8GOLepS7HNi6CkWpkuCA7TL54PQesX6wh4d69/KWBZoNpmNt0fOLmVukU2WlYYCt9vt2WSydeaMnZfprwzteJhtGYRSygU1st5SU9C2oT4JaMz55QPdwsTpMCpaOs7LeWUFv87QOdrtjLtiKxetpV/6yo4LHaa9qIvjAo9b2+2WbM40ucOtUbfG38lWZ5nnzrr2RUXLoNwUFndfbPOg7ZQYOnkpO4Su0Q+OwddZIDdaY/xIpgGez2J/vHHUE7eigVY/8uXbvkzIOp/V2rQNgWo7boaHczxvrSEMDb1xClYR+FlZJAlpJQ6atgdK0/dstOhILjCcaTr4XzHob8WLB8NGHle6jaI2MiwVg9A++bbGt8As/+Xmy4JdY6oPsmeLxE6UH7DSZLsvXTG5obVqTa1b00dGLMbyRbpTnhWKl4f4VcPUETd+zMv5xD1LdqEnbJOYeUlDDH7ayfdm6DiFGQZD59fEM1+PQ3UYP3XEi1J4Wl7Re7f1q3EFJszRUYDnPMvC5Lmb/eTwQKGTE+Y7TOuOC6n0/Sk/W2o7S24q1SWYGxgOGk2dmNodY+itGpM4AtumnrxKpf3BXqSqK65AdsP+SGG5crpRiNMA3u3K0yEs109Z4QVRkKYDKTCSgqhUp0L5sceQt5SkLzjqAZAsdlC70cw35ucG8L2Lzri97Z9g6J2o0En1u/xcc8gw7owaX5TD2DHotIbhoHNyBX0ItpjaBO9gKJPMH1KxtEDi0AXwN+XOqUGvNRd420aF+hk5yvts3RTMd072+wmVRoW66YfOnpmA3ON1P5H6vvGVMWaxf0Y/GvUDSQ4cRi+cZCyhQVORA33mwrVqFzTAuKDTtujk1H4USPEGMh9NyZEhwtJU1z/3zrcs9C7pzSrvRuG+f5jQ9S/P90mxg7Z0JEgIZBgLqg7EqdAJZkNL4WD4MD/1GV6/gUqbqYutgzMdWgLiWVAId/JAU/6qIBHWmhoDgQVtXHxRYKIJUuXJssBZV6R0guEiYZjCgx8MU00hLhJgWo4d/S6QwIwnA/gZKgxTHpiW0pA3aT5BZ9phgTGAoc4tfKhZ0sDuZ35BcR11fJtzrySYXfo/DBKNL2puWQI5YIgYqlyLGcyvb8dZ4tksdFbTCcz4MOFGGAoz8TdcvjTEOrElIM9Lbo9ouQD4joa35pw7PmIHhSmJTixPhmCKBzuPQ3WDoIHP2z7gDUbNRWcSkBhaPpMMxWOz13Eqbj7PqYLG4Ad2Ggpws65PV9OR9R6HGBxMiuCeD+eR9uQpFUyHiiujgMwQIsSIa5z1yK2WijoGWezVh6ENZ0bgaqgsFNHY/VO+QkIQ9w5FzrTzdfyeI5sQvQ8/zvrw80TegJ+G9sU+dDWpueBxMaXfOIFS45moAMFHSkwOF3mGHyowfzAsS4ZWhMz7jfmbHJYIceqdY8V5FfegrMfVXIXmTaU9iSVVp/3DHptTjvNMmPLcZQzTe6pjQnw627l5YL16w4bF9lrtdImTOXGDw8xHguMXEN9ctPltk+BfVLex4HiR9tsWwPFkat+KbaPLomdNt53YHFfVBMzmdLxZT2xvuNZNmJoIlS9E2AlKGPEeXuwH4iNQm274RRtPEHfFGH0NhdBdp6Aw2tel2PdRbf+H33ZQW9LhJWpfpLmAx34BZ4jyHTubrNIop3GC+dGsdzgrB3lvMFjNe30sisZlKdeCzDd7QPETbO/IkMSX7Vrn2SRT00E5Wu1NBmXdL0zhwuTEJBJxnXsnsd9oEuU5FldQJTmf+BH8MMppnLg8RgoA5NZ1a8idkIjJ7JRCBf3KlFWjxrPCMU5wtSycNouLGa1yYlE6pRPjJLXc2vHa5zO3pTwDzCGjkLVLeAAViwVRiLjpJVMQo5Uwv4Tfg58hc3bMYJNlFaoqy8eFGiFuAmwps4V6YvOsUPlqmblpELcWsigyP+IAThBETiX1RbPSaQAUtmnkxrqlvhnTbb/aKrX4OT/MDVqNWb5YQqe691S5IkkLAOb6JIgdHVCGIsVxKryGB8u1C8qDPGTybT/N7Nimrpo108lstLl95smzW2e2tjdH09Gs4VZCK6+g5a/rppf6w97RK48fPnZk7fD6+qE1O1Fv/dwspIWB7MOxAUP98SMsk65yAN/VAN+Cd7qUC5nNpRa5FkarEBnp4O0AtE09qUHbYu7YbJPpdOzUTarprKkazzih23CUJeenL7Oi52RfiHGSsbs21Oi2+xfYFIhBrpKZNG6uwE8bUJyplr/IU4IuDlG/b29QZMEGJ0WrUwbSN0svKfellCYCnHe9rqeObzIebW1tb203dUNBjoaDldXh6hop/TjhC99g2dpZa5sJzsXkAlXOJqOxW7FmMXGaL7VjxkL0NZNgOCQT8ty1jF03op2alqbJzXxoFeNoCHB5+fcFPOkKIs7R+Zd8zne2Z/GsJcuOFsc1vDMMi0zs3idCCyYeBuDHed7q+soS9SLQ97eNmyKztbKhxQ/uWtqa4Ol0Np5SMJ2N0cbmbDypp7XTOqTXwRf0vT53uYyH3taMOe0Kx54rHWez7PcGK7YAWG8aq50UZc9F/VO+72XaJ207ImFHqKbzH518t91U3xKaOHxOesKL2bkr4u/Ike/o9dh8orGGUb7TyMXJUIcQKAQ8u0Ua34Oqa+tBsfVhvLGx+eSps088uXn6rN2ejkb1ZEYSXDwVozz1Mcs4vjIvQgksXL88QEWhkrZbi34sFTo1yFQT7v0FC5Usa8dYMoItazfZAkOoVN56xCkIn7mc8clgA2IpCx1r5MaU4uCEPp597YqDbLsxDX2QEpkF3RVeKMzH+wVxfsxOVkt7Ih25ekJBiZRDoMiwBjrJal+76SIafn7YWCJiRTZh5hS9KeVn9CUy9NUNdOaldOy9+yXbnmxU8wJa102nALfGREojtHNboaFJ289ue9PZIOiFSoHJTjaDi74JhE5tiLmUZh0mO8P73Rmma1rRH897mj16rwAAEABJREFUMOXNx7vGj5lzWIfy6Dus0DZnwAbdb3et5A6dHmOSIcDcOeGG85vLrnTZkU5gWctwHh9/of0k4Pyuj+0L3esTaiP9QQ6OhqzfvIRJ7BA7siqNxHjkxUeawErj7f093PKsbu8Vc4o3WM/WBdnJqcdjOy+2kzqtqhnxKnu2VwROldOEgkdNnTc8NJtHMxIu8eB8mbY/t7K6WtXm9JlN8rYgS/zZTp/tEk+rZjKr7OMNh8M8c11nmsHJPJktNiGcb1q7eR3qvBta/+uGFoiuKc4oVcQ3dr4fmodmXwukvNfYSOyvyIFZ6FHhXhnctXPzf/K7gz07Vfvtdan5ydL5m4PZ37X2U473dZk5G9+9OMRak/EPfIpnNfJmEEkO10gvGKYg3cHKq2ZRVBL7yieNrmzPo6pWer3V4RCTYYubmKZCwxL83FHMQqHndjMzvCrTrxrnEmKSmuKG1tpHikHI2qcD37njdLGWmSK1M1sOY5xtaid94+768UhFHY1q+6t8OeV98NRVUp726TOPg3OFbOw0mL57kJZvbCPCtGu1MQijhMlnLxoX4vbF98J5S99u5aqLC+pocNyVQQjFeK5cpHfE0OmKTp8kv9oNY9oTw9ZuLdYuwDZDsLVpC0fN12k+1j805HYsurJK9sRpZ1JfloolMXt8vtMlDHKYeWBeELZZPVdyW6PS7jGmvWv7U8toRmw7MNQzdDqC1h7b0XKvN3DHZip5ovBInl/k+a4xCwIFW9FSEJp7Dcv4DKuhuk4pBQfNczs6skPcajo9ffLk2rGjh44emYymh44cyYr+w3d9cXPzbH9lvb+2ZshWg18jDsjELeSht0meGpYY17bAt00SLFpmRNi7KX4Gk04uPRID6F+OK0U0E1EWpf1j5nRbp7YY5UXPBdFgsqxbGmfcDNBoZK0ITxG2btcAs+yttLWYy7KZ/xX2gTAgSqJpmKytJcYrEITJaDZEOvgy28N4SOgtIo+BlduDjeEWyLnVq5l281uVnbXvFzlHq3KTU349Hw9xIc7Uuzpqp0FJrdHefTabuEzzI0TvNaeIAm4mFYN31FFQqDljFWNqrRRNMCcTICHPMMgSxGEcrxXlnDWJefG2ORmumMVv+klDHNnxW/D9PsT5IZTxnUG2RJTP6Bv+0LjyH9jGvqBjwmxYt+Nh/JN5PgG7rzzpxL8uL7vkDQ/NgIdcC0nyUxEx+BulQGUmRLoDylA3t+6mCknzxpfX4M0FZeYKp4kjMCQCIrRTDyY61aC1w8l0TeyKAmLSLW/nlCE+G3l/ITjiyKNEC/pqnuh3pyjMfR9YI7vhuaKpBQ9WMioNzdB8mjg0Toj3RJPaLNmojVc9CetN6Lk4oyGsoGldRDXpOzvPGy3mdTSpPPNxUdB3HZiuES2Cr7S8rC6sk6brq6TlNKH0aRVab8pczYMiFvcyxgR5EIzhsAGSJjf+g20HFX0ZanugbQHCbisea1va0mG4kAmVLd4z6RNAzPjk5cSFwSa+isSnrnzUrbYudT+x5u/eVnb7JftAeOKQS/FlmTYflJ+5QAwFj8PrpJnsL4HhZURTDODla8BTQzg6k+3sNJUJwaMc79dZRyBaoFc6UQnX18QJJ78T25IZp3jQxE4aQptrqAJlLHnnnVKS1pFwEvXkeRQK3saHV04NRFdUp41F7pysutJg/Wo1e/HAOvLIeUNUpSxI5Ud+CQQria2TlNlyLhaGyxOqd7mn2jgLlgW3HsRS6IudTw3ElWHRgtGzqSQLwh2hm1+xVLddgvYx5zONi8RcMdyppHmiyHzed49ZeCE+aRirXTjb8wOdQpgzQTnJqqqFiySPCxBn+0z3MbppaQ/21dS7DNGt2CkUtuRa8MS5tsTzsNUXzThy9CXKsM/JMzZCnQ2zPdw++nU5YdKRE6rCjHaoo7zcIUpGqWhaDRWzrALcqOvT9WzblkHlCwVCnDAwXgqeiRxzli80ZKSZ4K0x9wR86fQSmQqj5k7HnrSZaVh4wHhvX+wiqrak+0qXNFvhXfNOZ+W5u+RZI6Ef07DTLNXEDqdzC6bCK+QpeHaxed0xTG228svj0QtppY4xv+LfT6wT+8UnzcSZYgOJQUGOkhIa81Cr23/asVEXxrSKJe4reEKQbbBnmWTOa+O3/WVDtvGgPhY9bwRoYgSp56MKdJ88xHTB2O56ipQ7ka1MQgdJFsnQx01+uO4TOkknWmJnX3HpnKPuNc3sjGJTW5/bVjWeOgcIh/JNjRGELG+fIjaTrVMhWhufz20Ye+DIfYixdgalz8YHb3BrZjLOGaXSyu1fJvgyrdMXge1Boc9M+k+UdWgnNNexOKTKY72VtcIF1un1B1lZEjGIX1XwXNHzubgcmhQS7LZSM4RZP5sNi2rQm/VKXfBLyALrjm+I3NS0ORVmq7j4uLXNbvyhop1yEUCaiiOfO6kSDRl98kbnte5pLBvTm+ncBdaprQd7rdfrWd88Qi9za6cUOEJaZgc7unF0k5oETlwooEjKQfBsb+QoBsg87bByXPkoD34ztGDBC+gHBPyawMV3UlljB5W5mio1zdQ2wBboTaNHoCvrIs8xH/Z69jPo5yRtx+EWiUqDPoKwfUzqH9gJa56F88wq7MS1T8sSJCUAu4OPfWHfJ2BbjM3cn8akK7MBknZPtWomoTmP2907xvLPPQjfqFD3w3bGp+Pp9tb25pnNs6fObpzeHG87coaf4ALFSy/ssVmR2exdWR+uHlo7dPTw0eNHh2urvX5R9HJ3HClyQndcHlcsLBr5xYzqABY/4djuapNYotGTU/3dnM213UUXSmc2nUyqqYtb65VHtO8Q2icqnMOevno964KgGQmySbzaNYtDJUydmPFBaNldw0QTliYKr4w9JhTDw1UAB3vloCkQy9uSR8fI9Q8P3Ti2EDWrtotYVUw32Tq7MRmP7NSfLczDlZXV9fWVNaqm1o1CtyH6GsfqahzfxJlcOxsxc3ST8di5b5jB7dStQu6GZZxzSet2ztq8B19JdRiMmzRzYFlVCmXcpFdhYU7YGWbnCy3ds1t9M/P9zsVP8kdcfYgLD2iSU2ICdLf6mdBRj4dy6F63enM63t4+e3ZkPxvb0+1xNZk0flYZQi8n/EMJQVpcwlFRnKKJLbH9fmk/g4GtmHajcHGg8kCI8A37kg5rWplgn7ZsWUYuOTlmW5ylWTgiqcxJOnhm2Neettfvz+C3Qq2V17xwC12cXM/21nhzc7S5MdrYGG9sTkeTZmYbI+uY8N5Cdt8sOsSYdBEW2Xu9k9D9cq2W7x9j4FUjxiFke1SigwK+RofFLZD2UuOsmn/CJhDU/FoanjIzgZzcnpZUPB9+LuPJQK7jblhB5iVjrkmWt+PcUAxDIVIYph9MhI8Mo7mbGuTAfA8QYmMOACGNnDjTUkF0S0xZLB/hdRqTSkIb3ytujwynG+5e+VTpyCDxH+d24fbIie5TJ9HwykD6kRknwdnB1ge568lvPLaYnlbup3SWfjojl/iGo1lsxQ3RzJetMGpurcliNYC5BhpwKeOkraqB0rfcTJqY40t/XtaatqvD26sb7hHFPe0b419jiQqXDVnd3ggXS0JrDhHbDvoCLkfSycFdGi4g0Ow74R17Yv+2PQNNs7oqhPeLGxE6DKHQOyOyOLzwF4VzRlqGutnux7mxD8TjBHJ72Ok/63+cGZJ0c6sV6SefHipZJvgtiOjpqda0BsgtdLC9pKIcnHzy7JkzW7zSwIV27Q9tc+rmPpzoY227UL2yDLMAzl5o8nn7URYthWl4TQA4xz7ZCZ9B9hjbBjttfwRS1qtInMB5Q+1327lPmoc2E3ZujZf2fvbO9DAVOzeo6B5idjz5HJFef6e+3Dlf9EARSxou5re3i3ETo4wYIiYHYPw5OdJB8TxZxhIc2WxaO95JozMKdMhrvWjRhZ2f9bM/JhQCN0o1IfZBmGw1xq8h4zuZtrfFafJDCBM1XcE3eEnP2gs4ul6CcrGfkKZ0qLmkheu8JkrTouFAqCWHmwoL0ZNZWvDk0JB71GHg5fdE+0j2d+ZjUKVZyJN6baRn36iFyo5plxpDgxGVAFyXxU/a2BtyPyjtiPJtVdJsxhdkQpb4+RIMeTYfthPnTlz65z7R9gg6ZR8BdqnufmKX5yaK3M5WKF464aKH8HLGUDzCoxlINE2M7zIjxlmiPdKelqE25XOPAjy8oZ9semaTiR1PFnYMQrwTN0eQdAaMSQporFoB7FDXjQkePYg9GO4hAy0Zd0FBe+XMWvzJ2D1+rY8cOTJcXeGJbGutH3/gofF4fOT4ieHKkGfljO/UgZ+so1XesPvrw/nswW4vJ+6FvSGkk4sLP6wyNL9JTTPNcQD4MV/s5dtjXDDh8djWpNX1Q7ZkATmSkRbxwEJHlpH0XGFphd2PWdDdYNjg3Rh+JBbGjRgkiJnXFUIyBzJD7IIDALQTXco0FNecpsWUe/xK17qupvapSuXEknw+taQaWk9AYlF+WJp5JoHNupGdKatq5EWwYWljMOwsLuFsRYNhKS1NLzkOhPKORs4r/1y8lgK8EyxmgjcJAK3F8FIZYVAZN+Lx7eAmmQ1NWuP24tB9O3GxVNskgOke2TY2oVdgsDvYSjq63IrxlaPlUPGdxsP8kNsPsEzn/ohBXiGmE9EzUYCnpH1S/DqRuVZJYaeB87kY8kzF52ihYieQk2SWjBX5wZjeEX723dpuQ9a25r7Fdn79cOlM8Yw7EDWISOpgvNAOz9CmrUyaLXG/CSusHalK84K4+LA8fcrjfe0TEzoO7XXDe6HuDxcQcngEZXswNMvrnAA6KpdwFfNrkDJug91MQ12HmsPdLXrRKg1KAKzRo2OW+feLYX0hhAY6amwFZ5F/zyHJvgX3vJK5+TMMU8Pd1hqxO5RIMtfzndwRGc9qGEhGXiZUKxO6lekVMZBOuD7GisalFXF+ISDGZ4iL9HbFfoznbjALG3Gb009FxcW513HAGl0mSXaHB/UTHi5WmY9a5ZY4uYWBdvKcfJJaMedCBT8h0a5YSTjnAkH1xbTVzRcRHsK2L9QHb0DE+X5m2Ej2LW16oNNk+fXT3JfyoZTQL5cMi794JS4E/5z7pyaxk9r6Gq0Lllx4Lvg4kkIRsEqJh2+ZYopbk0gjF9Kd5qhs3hMMhqX38mCfEJc+naahvbdd8Rhse+mhhqNf9pF22Fp/LsREzWVXajwXlE52Rlu2Q9sES7uF/pCQ6KRGJC2ub4DIRmjXwjolpAJD5UoutHjpaHF3PCT+4ksdnWPnRTN2YWEsln6YBnGOb4F0Em9gjC81mbdfS+9sQv6EpplyaIF04iZJuquDOEPdjBKRToBIJ1NHOsnoEt1HZme9CXMs3ZTEpiH0vX2igmH1rIrYk0nbsiTv0C/Hh6Sxw1D20qa6vW800u0rIh9F6KO13dO40a7VTm8NoTLH12C8pltUGeADiILKfGDoyOTwBf0ieGY8sngNQF7urPEAABAASURBVBxeGeg2+m0P2T9tHNurmAfLXzsku7nlDG1Q4kThVa0ZqgSsexHrhUl6WTSbwL2EzAloKKcj5VgSmCmVvhFMEhAWCmNq2zszNZxXJOps6x2QdnJZ9uxRdoJuWs9Gs+nGZHtCjlATxR44SSHwrmLp+zgVmdzfdAMeuOfQiRuYXmVw95LDxVF0Kw7Kh546g7zsSM0XSfDqJsDFPnEOJWUy6emxsA6WqPqAh/Leel4eGays9VeGg4EdSPNywVABYolz/5BAoov3UyvVZFBlquqVVb9semVTZiYsyEZom81kYsE/JneKuKplXlo/vBAqzm7dDAUV4klVF/dTG0c60aasoWxMMdPZrC4bXRpY7ZVD64tXaAchPSSZE13n1D5Zf7ipGmMnrulqYXiBnkFMIiveQ5b54uFTEkknHLc0eP64IMVZdMOkbuXEi22GTBEmaL9xBLhl9LbRYzS1W2KY54Neb+DWMLgFkO7cKHBieEm0a/5oiaT9ztiyYRzcpE3Jzm3KuWIfZ2GC9EamjaWjQ6vQHh+PTE+f86vyo3jfs29C2ALz2NCdYWfvRtuj8WiyvbG9uWF9t9vT8dR2snXNcgKce460YHPSMU4ODQ8fO3LsyivWjxyy8zw2MznClYaOLTVx+BiNJhwwkgGs72Xy0/FOpoLMrE/asSsc44SI7jxX6ahNtpC4uWCOReLoJm6jZ/33pWOgZJn37IYWKgQR7ohbsJdWcyRe6tl2GCdt7WPOCYk6ztGbdgJGvw8dFkRXGzv/NtreHo+spZxSp6LoD4Yra+srq6v9vlM38X0MAG+ijBsyWWvb1BSNxymdEAVn5iRPdK3b4b1/Lq9ovdg3TI/zrX/b5PkXAAtnLXtx2nTneTtz1AeEXVOA51QesdPFnpuuUN0jaVesfyYIThrSNnMRRrX1mW1vnB1tbm2fPbN95vRoY2Pma5yPIkuXT134vgiSzqpjGagiy3tl0e8z0cQavcIF0ylYqwMCaxViW7hY0s7Pmi3NnD1/aOfC55OTFhcTj/Njkzh4aClCFKXVkSXr2XQ2Hs1G4/Hmxmhzc7y5Nd7acjF0XDPUsiF4ne4i2yRS96O6SeCWxH6KQoUwZ0uTERBAO8rA0LtJDXKaE5wczYw03Xh6WuMB3jj7abrYKUTlY0TaCu1j5ZDyEpNL4jcz2kKUnKieBJ1EQmSZRBJBK8ikORas9lzyNjFxSi3pVMWWKGQFmkWfzcJcRNuW8b1iaoIlcTudHzfolNTMJtHLPu1+HfcwPSVwyKlHE0b99HoDI4dEboLIn0lncWH3Quyfo/uY6f5FkzJXBlqJMpi7qGnHAns0CvNJiKcvHLmfjkforsZ+VrDMS4Yn8bKL3Q/YB3DJkG3JuUI6OV/g/k06drcwmiEVVzUp1TF56LuBHEYBg/lUCUtKnXu+pbfYIdvbEqb8uMHYwdF4MjG0VJFkSkog4VhslXni0IjcTWEY6RrQzHbs8pWVNduQPvLII1tbW3XtAqPYfl9eOn0we/Bk7Pi89jzbGzRugOOMsvPWJ4MtQ+lxE+HIc5m0vpa16WunNM5KY25VU+04wkAStRnNvKQPG0cenexYwI4Waq8sX9Z6LVx80aLAeXXFkiHKHkddBogDZpNOlYWm3B8Sj+X+SYt0erTtyxgfcwp8pBOVzarm7Na2rs36unWU93M7teuWdUGuwsw0tfEmhDH25hhby6zDfXUcv4FPqXOlAAZpsjh9Q5LVSeLdkcrFWcht5xH8bA4f37iA2uSn15EZzfq1ThoxTLd594n2s9DGD9wzz5wm5hVTSpswDZdka9slgthJQrYgWTY3y4KdFxB6HrE+h4VuYYrDMNNdeTEPYv3wzHCr7Ne2VibObyWdIBPItRhWgoX5mDZJS7fPA+d6Nuke+1Q7SrFzHhs7bCNFai8hHf0ITDpBxDi0CWUp+BrTurnUDOz2K6efDKwP8UHOZ23sYMb6uAcrbtisvZvR+NV0ppNlaFImeeu14hfAcw38trhDCEGOuT8c2utNtp1o4ejUGTukv/Laq6xbA3K85robprP6sS8/UFXT4epQ2SzKKDKG9kMvH1QkPOOOrwAX+m5Lm6R9vUIhnVxUxLEcUAemP+jbDadnO5sax0RxoQDzwtE9uSC4KH2TqW3yB0M3WWjS4UoyPO00ndj+tvji9mMWtJ4PwIltMPqk7QGAaJ2ctpvvzGSenxcOj4MzGty6gRDXLdIyt6eRm7TSVe0CQDi6IQmW8/nUZgArR1Ox57AaJkR9sLPP9kOGReV+GsxdW4Vwp6xtr7lFgNCGegXpnEK6+VxM86WNVDPXUQgWGIIlgDDpGGb1khkXDGeEPaz0ZeYmpzoZHU17p0k3sNj1QWgH9WRPjVlCOmmni7lY+BbKL5kMumDA865RjR3idGyg7XNKfbvYTigGORoXZCfzl/NOF2/wOW+jj4v84oBhmilY15jKoFfcfVC6GWIyeeeLfeu2CdrRXHrjotAQMwK9hffDVoU8hldOGr+pnbBOK/7C5b1VrQ2r7Tu5H9+3TuYj6XTk+CAcMIVVTIJGtDHMG1Ox7QhP7T2sQHF2kCTRQDdBjNpFGEdSAqAQPBhjegD4Pj1rwLrru35So/1askDipAXcwBIOlBrKf2bn02jfD0DcX+y4b1XeTSjgbYOYzPpQkY8dJ+/XTCcbOvOwXNFavQ5MG15sDQsmNKV4hdQqpQYPWrOGsXWMeQtxlMXlJHWF+XMTe7krnmKfyncF6VHCA/OcTqyfDiST2SRdz9SDjuFCGBf1pMQN4xYtONKJ7WnUxF3hmAaF1zahKTeK3pBnTIgwtOzJl/bo6FaIoYfjc1LB/ACtzb2FfIJlTU+syBDaDR/3luosQqIdzDUW0asnGP8CtVsaoWeu7461wYZseu0aB9NQ/Fjby/J9+rQnDLG4UkfLsKiDGyNnvqLzokDSg+Hs8aUa2oIJkeeDMcZLegy37dB6fuNJ/H5MbKq58Y5TVgrn8i3N23MmnWCQqYK0hViGhRcJzLAH3wC579oJVFrnqYsOlvMICNAsMc6w4zPAks4qdBo4d01NVDlanlpwgY8DoJZIAbuTTtrrK8iiNUlaZn9biAmA/ZFO6FXyH9q1X6pGs1HNTtezLVsA2TWbPCBlX8OmPsxKx7vH3kFScuLYz3dD2pGnN5dR/QU6eQJhwRW2NRNTKzqX5/EPvqGfDKKGsw3I659BhydJk52+0GixgLWFyWXg7QiElPDEW7J0km+g/dAbsvAmPNckGG1vILB9Ugytq2pX0LJwWVBhg7QdWQZsNziwCAeCI034QD0B9KISHMeHzV9sW3zDoQPfmOIRKdJMyp3SCcm5RHU3jNquEF4Wd5bYugLO1c7w1u1Ztv2ezGY2X50Pllg7tk23PuFJPduYjLarSc3xKjuEAF+wI+MkFgfAdJoizJUY8ALs2gSWeStTw254lmS3/7XvxfsLA7lPxfGIiYo4OnYRuh3W9CK+dBk3CBhgtor5WlauqXzVDnTIT6jcCj16jMzPYXIXh6coa+LV2rnLyuZMntW9bNovqrJoekVT5I5+wQEl49jeBDMC0QxztpDKiJtn9XNE3MVBapKc+8f3RzFnpZMassaUlSkqnU2abDIrq2YAuJJnQ+udR7CfwlFyTK4bpWs7kFN1Y18espcooSNnoaqHKJRMC/XvjX35nmNFHKngBgrtmeIGB4N2m9Iqq11gHZwoNQLcBhgjbGltN2a2L1lkymbr6oCiseeswBdYnSSJ59ZxqYJ4Bnb2JvQ6mlBGTbfpX9bqn1/vqGualh5iuuSJ+N0E6Yxwdit2C8u6K+nwoWMxAMH3C3hpq4qxAOz1x6PxaHN7tL092hxNt530hSEFQqoajo9l34ILfzXoHz526NiVRw8dO7x+eG1ldaXX71HoBluvGr/EyOj2EVrrGp4eLjhCFE5HrbDVaDadTq1bejS28wz2abibTyMUINERR1FyPJCgdOLYJ3YAwmww1a7S8s8UOujx4diHHJ3HwamsIfo7wcvDZ60A3/I+Dyajj/ltDg+nzXQ6mVp/yGhk3SKkgpT1+gM7l722vt53PDbngIl20blLamJn167vQYomNkdYImVSTeuGjB+9KWr9OXKciZ2H+L66Rnyn12iCxVk8y5j5Y7VZOH1hz1PGbuXtHEkn0PaqFp4FYlfXf1Ts4EO7WMXNAdnp2amd7xo7WY6zG5Pt7fHW1mw8duyuxgcthGDP4+wLlR7b9BaZfb9l4aaBrAHr93tD15LkvV7RK11rQrK2fNd0FLmTzYGnONZLr7SfY5IihW0mxrlpEzqr/mj0i9NYo0rTRHdNxCsXI2o6Go0d0cRxTaaudk8bR5+qqDPTdg5CLxlC/0rFHgiRHTm+kWfnMBHFn8nCrGEpmk8Unxt7oul+XzGC3TUJmSKZQQw0j4a3gEs954lKEqBY0YQDOLs1/IpUTChsg3McRcYwD+b8XIbiFUp+bopyF8JrjpETfUWL/BIwsXcE3qEDrUMGoB2jeZPeqaf+xYUJlhbeM5Ts1N2lfuFaxltMXntBK645GX5gTP60Vo4wrKlui0zs7PleIOvVIMT5Bp6fUqH3G0wrLyNM8wRgWaUwu/899yfufCLEiU9YsBjJAUt/Nd3lSH5ecf70JUnvflJBGuNpkXtdBNr2IFYlX2jR3wRw/gId2z+vjJJm8mKfSkgn5wEe8MaM3bMpxe6ZzsxxR7PtrIQVq22dxWgX/OJgPpgLo+r2RPcJTPTc/Ok8m9S1uXxXThi4hby17QNRVHJl+2y268MKIspHRUk6yjpMErHOEq/EcpcpTpw4brtB2469ayfcwHZvXVC6Xt/a3aapbfti4QJH9PohczmDEcPcFlPYQoBcnsPzN+JJuiynqTa3zM51DVUcX3anxKJVwh3Kntmlb4R7ZbA3gn6iBXFp4TALG+eApIDsq+6cyz3MU/h1x1PSyU3fEgGmRnD5OBB1aOTBR+wILplkzE/nekk7N+Naa5hWjS1NdvpofWUwdKOLUIbovddh+O79iNw19S4MiqMJvmkjw+9nHfxMjl9VGONcUucPY4kKlYgcEm5VhiKtWvRCtdopU1R2wtnzBDytinshwcGJ4DkNGFpKX/Fd8TY+4Ujr341nfcaYfPxMvqtkfKc7TLSHOKHQzulBYgfi9lwLDRAzzDuvtJ/lMf4wE3rk6WgEzFwZD1c2xsekSC7vu0jG++QgTsmen/02JpUjSUvgHme5EyksMWeRE4t1i2mQe5HUg4wdRuAObtdgQ+j5hcrfPh+v0ec0AUBbtGkX5a42STcLaRbb7aGelOI3CW5a1EUtsckpewXT7LjLEDqePAYOe8LkVHyxpDbrnSVUujjNfqjNa6ZcULTcVZutJ0/bKbvNU6eyslg9cqhc6U8mVW+wsr1x9tTDD9lps/XD646aY0KzQXE6Y5b60fwyROED0/Hnmfk31e0/hWnc+VcH+8CF62VcOOw48kFXAAAQAElEQVSn3F58uPVvRJllM1K4dUSlnesYbW3akSFSZGJbTllu1tYmmvWtRhsbtrSxAi0LlkFcr7TwlCa+r9AD7yQA9gLX5WBDYhWBJEtj4Qy8fPKO+/B9SItGyW+k49QAmz6XLrIGNfBAASn0VVU7Qcja8U5I4tr6Q3MW/PECEi50oO8zhoWYzilEA0LTeAPTsEaWd0lk/nAelxoOcqv9vIWbRM4Ua7zxKkY2d7775GMBJUPjkJ06DoyoLWGSZTDS6byBN1AmrIiPNUghJkavSyfxfBQ/AAJsg5HGNwvd95k0Qe5LxxUVbSvf3j8M3sN5XvW0DU3CDXHoEWB8OAwGNxlLtXdoL4jKu6aD0kkoPD4lmKQtSqd429vmhj8omnSMI7l26OALIM1+xIlm8ito07o8+Fy+qo50IWoVWOeaxtV+cI1+1bizw8qvnYaQQnqXJqkO1NrybIKJbBim77rSH4V/DJXAyD7hHhAGP014Raxc4gsVsCfNzStl9oVSnB3NM+xIQS4suLPBL40Hyr4cIJe64P8J3rGkbfBUcldSlF/sEhc+xT5lFhYKM/nAtOGhfIK7JcvEmqJ879QnJe5HxNAEadXtnsSOYrvH3yTWDd+2ded6EGL/EWIFa5fm+NBCtF/z/FF7P1+SeN4nFqw9YfaB9CiYn2wIc2js8I1PFo6Ks1DOrPmVFVma53EzrFLSoZvrHUf2P1pR6gxqRYFaIcws2Y2MqIw0+eaVTrhM8jV8JzWaewjZD8ZXTgxvN7FBS6ahjFqWdelThNk0iv3M02iAnXLB1kT7vpYO74uEN2wvTruPnYuuGqic8Dk5zim/uAFUsd+G3jKbtnPrO0JFu5zZ268cXbvA+o5hNtyE0XSwOHPe8Thq90bV746vEoN2FZdSP4scvxHa/nrns+MAeCkMtLWodWclymQ7n5gaXeVfEobGzjh5Rl7hxWuRAbDbM+A3024s3mzJ7f1oNlRPbsR1E3SeYp3GlDUJHEQJ/FC2nRJtWykIswgKkpfmSw7XTUxnKLmKYqM9U9GTzV3gCSadeA6dtyruXNWAsqPQrdnsdFVt22qqQjvFpYJTpdGYGN0MIShMJIkNC3yDvfSDyqhXCqGBjk2yzwsTrukQ6YzYjogAsX0PSUcg7bzRYNR/R5vKPZqQK23RmDNi4Ltm/kZxXt5PLLU1gvqB3NRinH9jq8V2tx3V+ThK0C6T9zTlpCQki2uDzHv7rqEdM87BdP7hi/vBvNHeOiIGgRyMAuNee79tLIwvMpxL7OlxjBMmndg5Bvs2SPUE036S8eWck+fENCBS+5L6gzEhbufMoVJuNOmae5ve2jSTutqeTTanY+sfZuaIDhwPDJMs3Pn23Z50eKhDoMvYDTMsFK9b+XrunTJTl+oKeYprYhQFuTjgHPKVNJLiTGCvBsK62cnohP4evWsD1qAMMV9XxdG8v5qVbmbTBSMpPTVSqRhcklVunSKBzRpbPW0uZdhkqinzpldMenllN3LVKIoWQ70gjNoSsYp1PI4s55A50knhn8jXBnKVG83ZbGx/zjZFykXVafJKF1VdjCs1mebTagC4lufDIu/blwXaDicKe+W6cUrA0CitlW3HG41h6sZwixACi2CMJOImT1jql0sgxvKgQknC9tvXiLau2plbVDWqmcKJgm0wW8ZsaRdYZ2wnzEtUg14+6A3W7Kxe4dYTtgyhxjE2vUht7jROyiLp9UUL0NZEY+YNwlNCKJDGtB47s/Pg3ZviEHdS+/U/7TuFxB7OITDWWhcbPZvh9jokAyiOuOt5zybT7Y2t7bNb4+3xeGtsv+2eelZRl9xJh7verFL9YX9lbeXo8SMnrjlx7Mrj64dcPB0aiTquCZmMmmIm6rZeJL5Mvz+dAfSdLJM82jlneOxEtEaUns5Jsrh4OtbH7/Q8ppOpnVjlte/BZUxeBxI1GQz6Za9H4ZYKFiIhTwFnZupt9bFj+KGiQGNDgcWdRkXw14bX5PM/xtXJshhUp6Wcdo/H9E+IIyCaUphaWB/JaDRzb8dOL7jR/WA4XFldGQ6H1p5A6JfXdp6BpgyIduP+b+yXW9szmU0rypCxzZmgBmFCAQn3jXnr/013xGaXU+vb1HAEtp3qeO7yt2qWVbH9FACzn51RGCOZiOgePuc63+lmsd/AF0mVP9ud2A7u4iCDb0DdPv6uJpPJ9mg62nbKHFtOk6OezkxTAVtglyTtWSf0jX5dt4sYagtlXjr9ahc6p9/L+45lUvRL6xCzpiwEUqekxg6UiansPgJ0smnxeeEcwR3C0A2d/7H9GF6GY7iNNukBvqdsuMML0RMEYTjtRnp1PXN8HZuNNusmNgMd12RUTcdOqsdlo2dLMUdWhaE99aPaaIwJOVjFToqf34lBVDstk4qkMYxnZtmCAgpy15tzkELMee0QTzSJA2aaLsPQXWRhkowVwByzhDZz+igOl+OD5jBlLTxF6DGGtxgrsO/E+IzslP609YHkXXdeettPTl4RQJJ8HWYAwASpw+QldgvGXHFbwNzduevFeRLiidMnz9pt96ePMx5lXdj567WkXEw0H3wqBDXzcYhSAxtmS5IO8A7Y/cf41JgMSXY2bHpfdmdXhKfY+zqhDUo/81iQm+LBF8C8uU/7G761TZJhFk0stH2V+cYF5lq6LoR0cn5Xbruw55oOXtxg7ZVTnqTYMb7S8BodMoAAJlIldNK3Q2xXGZ9Hvi09ha87l1o/fvP8dbS9HNdJpR4SOzudvzO9gt+KI2dv26yN4PFqmRerqyt2MnFrc2yf2z6+i+ZQ0NiMpiYm47E148Phqr2yjm0qN9KouLNHxEQVfA5e54LcIo5Y6GTJXJhPN/QmGTy3tgmLLMyn0RVCLxN3yMM9WuX9ZPm+Xsu5GaalidpnGTC7/HXB0ZaHtLML7WwFdreTQ2BesDGYy/aRFS8hQWB9eur5ZLZgTavZeDSynZjV4cpKf5DzEkA615anBqIcnltErkmC3lNX0NeF1O6HkoK8AJ0mOaLihbfN6XQQ0mxWZicj0OmUFi76onOrUDgf7ZY1em+C74eCn4Ly83UUGp4XfKYxaE3KZFJ+kZkBPi4GmPR8CJ9xvuGnZKKKTFjm2PLQCFvHSxwahl6JzwDqeniRft/DNOxBUmGSC0NzF+uZNynh1u28pLcvoU0LPReeG8VYLdOLnTswTAvBvvvZxo8D09EGzeY4NSaavjG+iMTOqc+kuDDV+xy8CwWVSppgP4BL5uiwM+7DTnWONYJ78L4P6p0RtsvbTMfWilb9fr+3MnTl0l/DFePWnvs0YvpCmdzNOzlYAltrOtI5GnkaiENE2fNn9kbjqZ0kK1f6diyU9wa9oVt4sXn65KmvPDhYWz1y7DgSsctXsExDGACArx64dLiCCzHIcNeeys4/mf0UE7xw3YxnFfxUO8TJWqRBWl7aht4OsSnODlUCivHBa9I5MtR088xp635eO3w4KH7jri8l2J+Ft7vPV5n0obl1WNLW+4rpp6xdjeCfeDjjB39chCHOFTqrbbsXvFKB5yFcGBHbQbJj51llp+/trCc7t9jb46IeGCdqzWs7bZujSFWTayvx+l2wQg5DTauxaTIbg6QBsoCDnfbz0lYuSZp0pJ2eZJ61Y4RgdSmh3R08UwKRaomeGdwRCop+P/+o0X4GBwtbIuQWCaK6K0tXeMl3w9wRTO1daFz83ypcrDWSQflxgXQC0XWDGENkhHUjmIUWg1l23HiYMETkh46urOSyKrRZYTkwsi+bFaRdcxlLDp0VdfDZqcFbipcYK4xB0JJEt37r2J1YVnQxMYDOp+U8l/wQoaPAjTfnYkgEn8fKVSQxgjzMdjMwNENh7MQGtyu+5wsdcZE0IZhMv6bii7xUhBu7LOtEAjWRCu/ZORSBLizG5dket3jLtqFZZnezxju6+ZrGkKKPX6vKPFpMs9ovmvULYnyzqYIt8JoryrMQyINLb1mTtDHHRHRpcSZImaQnAhjb3LbbyblpQjmhQw3Gpjl2O7HzmkJ3p83A0EsDTKZa4lo7Y+Z73vGCWShf6XQRvzZjYpgAbqMx1pl20i3kGyKcb3dpHrjX/sTKtPt8L4Z7ElR4yKAZbgJ8z9NnTpex5IMlKwjDPcdWMVjVeub5SmBMq2ykgAO80vowIp9A29vg6Tnk9AWtKOSXq+bkBNKkJ/A+m92zgK6vW/a18TWFO/PB9crNCxdQ+tM/tls0rp3AiR1YO/YJVQAamBjWqIDEP81Z61d28XN6m2vC8i6KqkO/Z6z0juiHPCFuB4T+NicjdAt97zs2hXxnCOUzWjlqcABD97drS/glpnULormGc8NcM9EZ+uIOo/VODz8IDXJrYvyz+RekyEUUOIntZ8+qs9OvoQRHbVcylX7dnY/ta1InK+ykdOLHHuEPpdpetLf94TE9nwaS1hy8q8y3k2wBjSedYOiG+EcxxEexPu/tpj5dzUbQmDyanE7eGk9ydT0dLyrqLbQOrWJoUk1rSxFiFUvGSq31bDMOva0I54ZD2cLBwjtIiwIEDwYkC2nRv3SD6cvxE+fpwK79F/3kOq3jhxjhQvlaxoRfFWfdvNMBQ8lqaR3GzNcDDK+oW5t8oxmtBEa7HqogLj56Z4OzjWc9DK/7ZJIyTdJzhLNWUh5bFmP4J3CMyFGUOcG+jDRO7He7MqX9hzb4SbloszFSC/VReU0LdwPr+rT91YIYAEAqxdZTul1PtqdjOzXjh9PKB7hkyw7eDeRvktjRpPh0yikzjiB47rVq5yG4MDATTHNgHeR2ACPdp9OKR7dLmu3YMXL+MD+yp0kae5Uc1Cpmh7LyaG+wUpTD/sDpQzgnsW8LXG4TEdA+LKkROD2d2g6uAWqlql7RlPmsp6a9oipyOwDQGdN6VBBumS8Gpi1Uxs55Fi44eYHeweBFwzRLklCxpAGInZIyRW2KyhSNLme6nMzyiWOcHCrKVRf9SBUIPdszs8W7bjJ7im7sRKpyzCSKsENDvzheoP4HZF7gwRus6CTiUo6xt6o6Bd2/ReU706wa5LQhVW6HVVPlPttgtg2MDLjAOmUGvTIf2umOgZ2BIIkzZHNElAjKpUw51y2FTVHtNK9f6Rsau06skMUGZXHPuWKn6aZkf+gwtAGh4q1Dhu2MuZ+1Z9uqSEb1sR0qO+S2g+7Z9sbmxunN6WgyGU0doWEybUiuhuhYLuRc2e+tHlo/cvzY0RPHjhw7vHZ41c7wo4t0BOC9rLQUw9nGhoZFPJ5qeRWcw4tpM7u23fuDCm0fJ8Vt27l9p24ysbO8s5oCeNmhN3BYTxYotv+VvKyV1FWtI9+pLeU8qIekG8/J1jpGn+Gy4QnTjvpck1hIcC4DRPvNHk9FCus5j2WyLDKtcP6VpXNioSHgbXtd+zR2vnq8vT0ZO9aITYA1m/3BYLhibYmLJmUfzA3/XWKaela5+Qc74+CZQ6Qh6YLpOEHZiuQB66omvhpP8GLQuA8IVQAAEABJREFU+8NAFgwGrTMqCV2vVo0DOSuSYX568O4KdmbPeded6uA5Yc44L/txj1QkGwZCSU66OuDbjNCmo394OtSxn+pqOp2Np+PtzdHG5mRrezoaE1tiQlnJRtr3+2OHnpdY2L+IblLYwkqMk56LCOYiQBV5L0TSQTeKN/GB6P5cVDGYUG7RzOJk2VO2Zu2VdvkBQ1c2FhLfTTFBHta0wwXkPhotLqDoM5XjwM1m48l021UBm3XT7S2iT01d3GrbBtESW6A8BwjNt++S0VIu74YAL3ehwvtJFt7EX1m3jusjMyOTTk6YaIpDN5+LfvrPM0warRPRI1briODktZolTIogopunVuQ52yLPoqDWSkUuId2c3A2m7fD7FS+JQAjP3hNjJ8wwmNiDiS9naR1cUuNwgSQXSpr/eB5w+wn6K4o7nDzsVUlkWPRDLU8UYWKN5444KRdm3uSKJjBVJOLwh7LFdkhZ/UUVLuQQhhOpo8qUHU/mUYGAGYtXt4AqmO/KdT4LMOFi7YhmfnS0HAYSGTDTqrj4bpgf74XGLFUAYrazSToqcWPXD8ztSd7t3AF8Sd0OSXZ+DExWoPF5sYXvFBBjFlu69hKLOwOEdHL+V953wjuvKvZJDIWrQg5nrhKpA+9p8J1jk0zP+ZrcHYbtgjmjYxZlcMKlsVNK2j/ZgNpOG3fCZtXU7ssp6hhCCMdLgxGaeo+NjjdN6CdS3FIw26pedeL4ww8/NpnO7MiroXFnRnE32Xxvb29bS25dmm6ymJcdgNHJEjHb+JDlyVlhuSLLz34SivzVUJfTTWg3piEBywpoUpJn88PSR1/HYWH4sWc/6SBK1F63SA/d9VjcowyEFutc7njhkMw5sXeeO+LsdMJk/iX02jH2FiBtHsKgte0805y1xtB1qElgp7bFaTyzl++X5WqelypXmiM/u/YzTrX6xYXGhCamjccUZgw58e6mKqqw+nqK/rnaptjXADcZQfMRtqASh9X1M3VmaHrc3ZDmQRpIWh6gpt9rvVJvH7uPzPwA/zf9wx0Vnr4LE09x4rJdy8gp7hSmkMNtJ5oRJk99bKHYieHGtNEmzFnxRezBodWPIxYTHGb+tRmIL7GtXxinePh2GFpkjAnx2dwdk++/sCV9X96a64csO2fuX2C1J9cHyoHXJAS+L4sMc0eP22g/PPf9DBXzlx8GIbo+lj4O8u2gLdgQBqW+A8Kv0B5lyxJJQIPtl9t9/ZV+Tut+XKfQ9fF16Cb5l+t9MO7NIg+u3WW9igNL3kVFUQSeVKIeu73R6vra2A6i7BhgPHK8k35/5fARR8Mv7BhYn3rkK2cfe7zoD4cra9YoF4MeOG/RzFroxIUBsHRsiTu/tR2wtH/j+0MH1NBfwK7IAvZuay5PBGsEvlL5HLPtrp0fcXPN423bFPOaS+4N2OYY6AzHlJpNbS7bI+3xxk/germgTg+kvQns5+0ufXExDklo9LHzZzixldj1i5s0i7oplbUdBk4G8b0oHoJphypkhWuS03RTVDM7SLbzBNZsFH71X+Oohjm6UCOkgOzcyzEkL3AniiwrqYA7pmzmdIZUXKUXqjKPBQxNA5loi2gAlykMc38mypzGGEbcIplwAQNelJxHs2AgCc6amEEVhU9UkgnU3MXtNLvb4oD+LL8DW4c6M/eSOusbC9fyepUoY5bPRoUBoPFdBAgzQhD6neiVpduTQ//TxNFejALLCqbou69pa6NidvupJRYWCUuUQxedey0Q+jAmjibpvhkmHYmu7Gj7aBjKQPdh/chVx+bbJ8d3QpBa3tD95i5DaFno8ZRPuwlzM45Ko6LEPmLyKnkrluV25gN9h6gVqg2zMxg7RhgcC+A7QdB2z7i18tpZGWWunlXU73f1K6OJ4Ixds5o5K7GlQ3ZsEackCGr4jhU3uMnSJWr1PPWERws0+gCeGM/Qzy8RMzILLy9267xfhLO9nbZrhSUgjvXahhVi57RTPONsQSjqHGwO5987z0zxi28pN+GccGjypoxJhvfpvDYidvotu7ZfO1Sr+ZaIX91cciBYF/8HgA8xGZwNEJzb0frwFAezprKgaax1mCkDX0r4IlS4fOQu5eh3bvGbHSC6QRzxlSCUz3Z6Licva5aFliYYg/jCEjl9hHbojUv6Eu229vF8ssVsYbc0FQpvPvkX1qRqYkhZ6jS2vZ8g0Gja14nk9lGz2pXWqVtBnNkCzGz4hpjxEB6Wr6KSFNMzGvT8G4qVAvzYtLoPSIiAYheoEEPCp4M1ErkaQbTCvlxAt8CDdy6G/ENvzz2zkJ6+MWFZXKglSYed+/Cwz7k6n8lx1Apt9qXbSa8vqSBhms+/J/8shjOOuHFE5qtr1/xQ16S9nTExA+YGSSl2fAZKQHRH+bQF28VzfJEFxZYlkk5M6PdkGRU2/jW2i9777z0+VBsMhO5uO4XpsxliC4OBFGy7CRxCPeSQzxsXXkdlNcDmdHaqmo5caDY/AIDQOaDVPnN5D2FY5tMOYY1RyAkuKEHHg+pZO5iHdpzbJiUekfJOYkOfpBtC4QwWw7fb2sSlhf6lcwU0fizWQhuNbWKMb83aUaiv0VzQo9GnOfMsWmMvWdQyt8KoLpQFOi1dWZg+tAotbcutCMU4dKj2qivY1sew+ErFwDqkqYo5sU8wrRrQ5kFjQjwaZZg37KLDsCBrToGAs7B4OOQB+uwO3ob4DLDYtLGdNIZlCNAtUSttjdNorIt4Us/sAGDLyZw0bJ64y82vhRsQlcQegmS9r6/ybICSZpHcojUTLEyr+uLXUtO0IJFOQr83tp6BrgexACRSN6058vKioSb4DiIXUpq8sdk1VMU6FkfL4eHe0LoNrbM4K3uKJG65I8J3dR0Um1bXA7I2XtUGqlxVRV47mZNsVmSzXqHLzNjOP3vRyNMEoUPvG1cerQc1Klr465xbrm0NukS+6+HpbURPd/NROm90UTdlpfNZU06bYlIPAQ6V5Zr1zgOUCorMFgZjS7ly+VlZo5OBX83PvSt+fj/blXmVbsDQJwk6HFxWsthZ8tNUcTgGXPHZt9N48oVt9ZwCU5WpmVIjVNsA9nsCUBWZts84KIsV65otFbWtbc+Erkzu27znPLU5V2/W5wBKkjFN0vmJLQzikk7c3q3VfpB4d0zoA5jQCHu7GjeSXopamqp4DFcub/eNSaT0jbfHGpta17Omth7babW9sb21sTUZjSfb42pia+CkrmYcac7WSvvaVw+vHb7i6NErjh278qijm/QLEgACDvdngGVOvOBg6GT42gcQaCBzAVCX4fwyNk5CAun+utml6Wy0PbKYTSvmhFCrEEcMqijz3mCwsmL/H/adxkkR9EdiyUt6DqE1M2Em0pVDdyPjuTtNMzd2iwIzbuKTfaa8Oh9bQnO6gRjfaZiUi3mi3Cqv8Wi0efbs9ta29bwjzZbYZK+srji6TK/PwXTs/afWN18zBZuk9UjmxGFmXfbVeNs66SeOhUPx25lphkaFEQL3EGMvkrqAnrAHEIiX4UQIg+HYfMy/zKQL4HcFBlUT9YcW+1Jmf1NeZj8nLl1otpDOXTpuSTcm6VmHneEteSnT0BnWPH+hiAzVkGDVbDx2VInxaLyxOZuMqYpNXTAdJ23rrU1oSGPm0wDQrdQqysGgHAzLQb/olc4X5qOrZBhU0KBl3yKk18K2JGO7fi8ZsAHAAVkzWJKPJh1s0Q6TTv74+IPUx+JUuOLIBHnHNHFRvZivM90e2Uybjrank3E9mTazWeMoUz74HvgxS5hc8GxUupDvIGOYv1BxgoJ2Mg2lHUmxfkkgTLSVNGqaRIPW9hmDiBp4YbhAN4ncgrRnxKImQbkkZ8aJNxBBusNzM7mr49NMi3rbpiJ4l0w7LqMFHKG3Q3OUuquo4VWck0FQ8sLm/ggj4bRNiS/VhBXJ1BNkmg5LIrScHt918hHKfI46pghQoL2Q2RmvystYB8B/vNxLskf5qdbuh/sYIWu9ffcbATD3SZ8RYu1QbQne6TNfqneoAglxlqF8H5m71lr7MZruts3z0YOoYC8JKQThY3wwoiZsLP9wtyKc3YSd6TFe6C4Zr4XxEyTVFhY+zALH6OECgI5Gsqvd2M4kxExMW9hdkIPgIoJn3Oy7KcsCYGAbLOrWWCvmw1NzIaAaBSqA+swmWBvNFW4fkzm7JCMpdojpHvQi0u2EXb9vJy9WXSevaUbj0cbZszlZDdut80XQj8E0j6vDHIAzrYaHbaamoqv7/eLlL3vBn//FxzXMjBmPR6ezskAoV1cH9ueqajY2zuTlYP3QuqL1kQhRPJnEi+3gNXe94kFRWltGvBWtJw337FwWVbUdtNnfVnsDm7HbE11NZjYtRa9w8fBcXADdelBMZ5HvPrtE55y93V9gh/73q15y8995xfNvuvrYodXB4ZWhHT2BQCAQXJ74xlsBvgUEgg6uB4FAIHgmAvf6Ffd35Bz0rtcE5xdsYUiW//KHTXmPPueBYyAQCAQCgUAgEDxTsQZw1T4OG4BAIDhfTKbVmc3Rma3xPQ8/8acfvfNvPnG3J5ZACBbckk3YDZrIjejA0feu18h78IEXOQwjYFjZziSZlgEUnPF0DSaTEJXOME8/nS4wYW2U2w7xvHg1TWQrQnDUQkufgvjNLD1OuycCLfE5Juy3LFnUEDi//rT2qHZxVMLg7ICTg5hSEDpHBQoDzidkB3+p6p4b/zUmTLbgYgL8rQ07pg1AR/9jCVJfOOwPgbKoA+PTU5Q4pk+g3C2lsBBVi9dGuXLETnMTmMR8igon4k4bSNqT2BK/THIAdPmA6eyRXiDaxOMXnhG6jLyo5RqeIiGwJGnzXJ/kgRe84eLbPiiYfRXZUHiId1La9zGZTOq6zrKsQ6JijhfxxTzVjshuNVZZ5vWv28Ur55TKBUmcdv1IsgtbRjPYRLBO3WAyqep6Op2ePnXaJqm4ssgHmWfJBNuHEOkwLHTNOUN6rpTiG2+86iWnb/nUZ7+0Odq0VW/zrOr11vJysLY6qKv65JNnx+MtYij3FOl1cw0kFSknEwGkk+mkToxaGwwosk7tLHQGirhd4CQAs37Rqweuodgcj5vpzF6g7PcAgzZgajoprUzlgQuI5WZ1OOx995te/Q9e95K+IyEJBAKBQCAQCAQCgUAgEAgEAoFAIBAIBIL9ot8rruoduuqKQy+48ao3f92LR5PZb/3xx3/1A3+5PRoBMzW8ThhLzPL/gd6hgVRLnP9eaxY7Ch5br/yWBWJJso4dopZVwthg1RSOiUz0FqYuBB8+3zdyFzBeiv7F9jodBkBMqjLJmhT63csML/FvRq0X1Yby5AND0GQM94wsCtqxuKi+VepK9y16VNvAl2ZnrodpdYwSIsXc8WYxXvp5w+zvMP+C4t9ehderm5C4iAmhAtsrJ3KxgQuSMDmACE38RwwsrpM7LiedGE9bUYHKBN0rJ6QTo7uPkOZaKwOzl/s7cmjm2T4IiUgt7+wAABAASURBVFBOmxLsntuBkE6eOvZZZB3YWDGBDhWWZd402ayqmrpyXIqcDZlTtQvHRwUkEi+jGDcsuuvkjA7qARKZk8X9LA9ZlOVwOKQo3duz2XTjzNnV4YqTkspyNnNE83MnWQPWpp95Xb4+2NLfqKx+/vOvH01nd9/z6NZoBnpSzZx0UpEPB8Pe2mxlMq23tzbt8YPhEEnTmImAdDpbaB+fu69y0x/QxUcwNTUHB2nIkOfYy0sYKvvXtK6aaTUDLPqlkxs2kIhCe6lguIDY8eLf8oaXv/0tX7c+7Nvtsiz6fReQlDWoQCAQCAQCgUAgEAgEAoFAIBAIBAKBQCAQ7AUKtadn02oyndk/v+ctr/77b3jpv/vPH/rtD34kippgjJuI4Nf3O38rx5bJOGycj3xk/MExLoQPSELYQQ7EhfxjJQzdMhOIRgAttYDit1JkIdrwIisBgXQSd7C7sGFdD0TVlfxII/DOh0HxrBMf1lAlLBOOT8zsDnosXQNHNzawNH7KMlKLv1w3jIYJrIUdHaPuSrolpux0JO7L9W4SMs9O1IpzZ69EjRnjY+vQxySqtQnVA/1LxYVEh4wwu91m+UZIQMLwoPfUzJ3efWIMr4NLlPYHmMAjwvTIeZEST5piGQjPMVoUTdlbCCP7ye94A1xSXECFiQt2YV+ZcNnenY4mGB8tiZ/acIGjADvOZFD0QWT1HQMdQY7uFRyyzCs7de6UgEPbLknNHLOk+ySJ4ApH+WEenItW5kRFXCw2F0zRaYuorCzKvCgUsv0leSmqRhT5LrlUiGbIEXDzIj9y5Aow6pHHn5hM6ixzYc/yrFBZkedFUzXj8ayu3WGFvbjCGFeKnoqjoSNqF8PWHu8C8aALX0XBR02oRO4gFwQoz02IzugirKfB6Res8N5FcQlZsIOFE5bnf79fvvuH3/Ztr39Zr8hXhv1jRw+trPQd44Sip4FAIBAIBAKBQCAQCAQCgUAgEAgEAoFAINgHrHPNutiso2047FuPm7ZOTMTXf9ULXnTr9X/xt3daPyz7VRWpmlj/o/tysF5O62x0rkf3k/PSOUedI6O0tI35qCKL3kDSUnERK4A2wIRPRNjZxmyJ8X2iwkRCFAlkEe8V9X5lxZshUkaec1JVloV/s/itwjf/Safwc/kgO3wTctvGUD07fDht3T0hL9pPmy0hwUs+rKqRRB0Kj9v6Wd3/CvdETHP758LnvB2uTm6EXippMbCrPnJNIsdFp9kQf5oHLmzsBUp78LND1BjpJIAS2RaktjR5qgon2oQ97tA2kQvkAaXmKQks4eNT4wvA3p503Pjtd8ElBV4Y0kngVsFBwwTOUjQxLa1sh1M6pBPwj2w3NwA2ECZaTwEqpRp8xipcoIZSm1JDr4GVGq+cmGtPb+q/+utPffn+x4veOmbDft9+22Ygn87MmY3RbKqLonfo8Hqv3yf2jM1lRSJUzi66d6CxwKw2ODHNuJlujsZbW9vT2bRqmkqbJkddqNqxbnBcTcfTyaiaNajzXmE/kCnA1Prh7qSTLt1r2ePFomCWU9JSXHn8yL/90bddf/xInmdHj67nB6dYIxAIBAKBQCAQCAQCgUAgEAgEAoFAIBA8y1E3zalTG3XdPPDoyR/+/7738ZNnwrp2J2vSHkchZ8AEDRTM2nA2iScfwHT/9PsgIZFACJ3DHkeFGIVOWPyEXZ0m0AX4KJuakBDy6xvlKSHKtEQAHyHH0w9Iv8BHyUmVTdrrJLoGgZ+BnoBgIrMDWZYFTdMG/VkQRNjbid86yY3XMNlZpcSEX9N7dW4xL8ux6533CmSRBA7a4yIYxUX4dTkxg7qpa9Nop7eAUXoksg9S0om/gt/sPE3LBPEntu9xR5A6Reo71jBPSOge3t4vZQ8t3DeEAJmDwiACBMxAUkkKW7YQgtqzMDxjlU4C8aezYRb271pwU8pWUpg8Eyui3d7hWbxeE31miI8jPIT4AOKTiNuIU6VqpcyFyYbLBQiNwlmGowLP9uArK/jFtfKxq05kk1qdPrNV1zOnQaLQGray16sbPauayXTcNKYsnZgKG6po4g24uGq29HJIH0WhzByaYBqdEornYWXKBWNzeie1tmAVKXQCKm5fIiqF80mOW+kbx+4xuLQI7WjDVoa9/+snvuPaK470++Wxo4czJZF0BAKBQCAQCAQCgUAgEAgEAoFAIBAIBIIDg1JqOBzUdb3S773hq2/94Ie/aH2O1l/Y0dVgZzrxThARkr3AjAFPwCABEyd6oTsf959jJ7DOSescdOFzTBQQiZSEcAuFgfxiHZjttsoQXQgHL0OSKU4bH0Y6JbmLAqQy/3ESJjmfao9GT1bJQ7QNv5K/Fcvw7AoT2BXaOlsx8BQcHwZZCcUnlTJCRT0RZmMYL+LScZvHiy8T0Wjzkr4MwgI/Ju5p3fJmueZK8gl8jl1ZKgsMmFRkxb+p8L6DNoqJMif0Tt1nGbsl6FO4rxD2aGeCCz+nZxl0mSAdokqrqJG6jxPWC3avOX8bk2QLf3T4GHoQHXbGX0nmwadJJ7cw8ZHQp8G/rZbRspAtz+TwOtjdxqU/4X7Ohk753oFxAql6RrrLV9kK4QFlvoy4CVjBsx4ZTg71N297zujQun74ZDWrM4OZza+8KG0d1xqr2sHF8ckya1vTGDvBOHs+mLOBZAEaTQHIlLJmUlPYqYw+zso6uRTtGoW6cUaNTLo7IhjMOTadZw2G6tMpPFG0KWhqIaaUlR2NirX/P/9j/49brj3R75VHj64/s2lGAoFAIBAIBAKBQCAQCAQCgUAgEAgEAsElgXXDDQY9620c9MqXPO+6P/rIncbMrUD3gh/OX0iuXMcjcb5E/oec9BQ3x+leNI3jnbidhjf4aDDdEBlRwYCdmCE2DqmouCg+nmViXYZ5rrLcRcnhWDlZQcFw8hBJJyDLiE3CexR6jZO4AYkPPNnoBFtJWA1RsQNNcHojsJaK8ke28XC6btJWOGTOwZmQD5ZSRJJ1/TgnyjLHQfF3JHGR3T+e1IOwQAHovN05FswSz6wTpEllV7xoDVFP7HfTycaFe5lw0UBnwYUk+E+qGdK6maPDG6F7fZy7Cb843ONhFnM/DdDhRWb8n0H7ps1FSLfC5YIHHBcJHc8q0gnMlemlBX2fN0ezn4OWkk7Alkj8ijL3Io72e7tnDWz2XHXUvPKFjYLRA4/mjekj5r1iJct6CjNbnyfTiTXmRVkQUw+cVAlZPhcUzbUEbHeQzXltdzrlE7dhrb8t7k4+hSoOBy6zp9eOimggsvRMUivS6oExhZGVgnMxwdj8mUB/2Y3DRviHb/yat7z69jzPjh07LIwTgUAgEAgEAoFAIBAIBAKBQCAQCAQCgeDCod/vTSbTE0fWtiazz37pIdoX6QGkBsL/EoOkaawfsW7qxnoTrXfSwX1bl2NtN0IYHVrjbtroGswGAR+BgVa8B6JJUC5RKs/sx6mTuJX2Wea2M/6FjiG5E88sMfYyLgYQ+lAnuMTJHdIdPlHEwu/3wXN8SKAlMW8wRtIJQWV86J32SPKvBsaDicFAdkRHp6EbKASCkAxEBy0GkokKP7XOe7148R10HzClyMwBSHqAX02rM5MQeiB54HSfceXAFgAfXSM8ECxNQNhUi0fsEAAocFzaJERCD4bfVTcv45FJUdgvw2GRLYEtMSrkU0IqmeO7tHdMIkyZpQ+Xg+DCYgx4N8JM6Ca7oMzxDa+A22589D99CCezgepj3+5yJdaa8Woy2gJs1g8dLsu+PZh4J75wA9VDZvjleTboFaYC3aATMwFd1TVUDdsppzWVl+AuAFNdV7PKth6qcPxB4qSwMWXRKIDWtrYbi0iOgT0ZJ6srg+9/09fajWOicSIQCAQCgUAgEAgEAoFAIBAIBAKBQCAQXGBYl9zRI+uPP3H6+7/5a//HX356ezT2rnTmUWjDjBNPMXHKJenZPhQNeDETw37/QFBwXkVa3e4pB+1yd7qzUhwfRwEH8FEqEAjUoo8/huOhwzjltPY+HLi7ZMecKzNVJDEJ5yQSFxwfBUOgHE8gcDIuXuoD4ommyzZYJH9gZ9NEN2vk5CQkH35MJnaE+2IngfOXbJ/I7CkPYZb5av17Wbha/N1nEjEx+DG1l7nxz7D0vv7oeIH5wD3pteeTkyobdHYHJlSqaWK6Z8ZsXSJ0sjSLML6OzmlJtiwImMQDCFwjMJYoYxQGeZhu2oR0cmFxBuDePekIAsaJo+qHvuXRD/xF7/GNtSwrilyVmWrKbDabjbc2bTFeXz9SlD1N1h9dUB0TazWz2MqyqKkmcpCyica6qagdcKzDvFCDrDC9Acwmujb1tDaNhqLEHK1tJaabBmvKjY+5s5RuEus0I/L+dnvH9Nvbv+W1/bJYGfazLAOBQCAQCAQCgUAgEAgEAoFAIBAIBAKBQHCBkefZcOhWpf+/3vqaX3jvHzPDwDDJojEUQCewDDyNwNM+TOt/5/g2wLomEAQzwAQNClY6UZFHQJFwIKhKBJ0PvhJ0Assw/QKiUIYJgTpaN2WIyhIOgLhzKYK6SSRUmCW/mkD0MK3OBjlcTfdY+6dKSSfh5m1yMIiuhLxa2MBIOzE+T7zYhmfozNEczhNLz99RfaV1+No3GTLMJLnrXjE7oOkZ5327HHmn40d2zutuilqZmrgnZEgMsME0HBPd3Q5ax9vp5FwzJx8z98guBshcApJS1U39ItEk4b0kojamPWDvtySkk/3A7LANO1OcLB5DeAgE54KVAf7v33T/7/9NdffDtxaI/dJa3tJW9umsGo+2bL1bO3S4LHrhcA0+wo5DlivbMPTL3Fm/mqhWWleoHD3RmEo3da2zDAdF6cKTIYxn07pqwNQZFJihkypS9IOttTqRMwqhc3AxxJKvX1HwCJfoU9GOoij+/mtfbK+5vr4CAoFAIBAIBAKBQCAQCAQCgUAgEAgEAoHgomB9bWU8nrz19S/5//3nP6lmxq1CpwXrTvCD2Sbs3WftEk/Y8DFb3K6MBUtaORMXBMf/SeFalHMRkrZJSzVALxtiokoEmuBOxDZ+iidemEAQCUSFlM4Q/wlEhQ4JZCdH9eKK+RBNAhKxisAnQN29XpRgafzye62BGTQp3wHBRD7NHohcBhMdq+5bm71PXq5gsp/bmXaTmS4m8HrCZdrAQeQmdhE23OvOrJ85XGcJ6cT6fiEhnZBcwjLSyWKyQ+bNi9NEXoeBTGU7+qaB30J4tM6V52/HKjvJPWBOnaUtRlHexrT6K4l8iwoPxKniW6m52wnpZCfMEU3Mzke2rysRF3oM8SsgOHdkGX7zax/5o4/oz953U68gsiC4CDh6PJ1sb7qAZutHyrLULoyW58MZoork1qJnXP/I6roGwpTKuPhr2qi6Al03tl3Q0M9LINrapJq5GGyNZkPCrBGmGLa1ziRWaQl21XMKP33Vi55jEz7ol/uyugKBQCAQCAQCgUAgEAgEAoFAIBAIBAIFp806AAAQAElEQVSB4CCgFPb7PevRe/ltN3z4E18CaMi7p4kSEgROFDFIVJQlUcwnCX8pT67wnr4g2sGsEX+U8nF26D8fnkUzayEhZuCc5gafwpoXaHzQmRbRZYldr+QuHkqT0CmS++AOIViWXCEkFjH1mcIisyHVOYFl2g1z6Vq8Ec7/tuQos9sOXO7G9+/J0yiM123xFJN4U9IY0eRrRr9DcYSjKAnDHmRjFtOsVCuKg0G4ZRfQz05VBxLmRwzJxO/deO2ZrtRIi8AN6lI+MHlh81kQNk3311SuxnRzP/kpJiOWd398Qojxe4V0shPMU9Dx2RTGyVPEN77ysVNny0fPnCidCkmR5XldN+PJbLw9zvOeUnZHYQtx4xl5mgq7067KFOZZZigcGuhmphuVZRQlzeiZtRRO9aTIM8jQMedQTVyonYa5Wk4oSbM56Vb1YFhwaVwrs8wcd43Aa26/2X6XZQECgUAgEAgEAoFAIBAIBAKBQCAQCAQCgeAiwjrpxuPpa192y4c/fjd4F7pb9K6CRARHVIlxdAKJREGrbrJEhoCgo4KF8SIidAx4lZOWqpK4+QEgBpzhbWx5Ejs/hmGeRCpVAgBLRDUW6SWeP+EX23eODxcz3au1NBXsRopJeTDLNFl2/nvx2XD+WKPNwsO06iumQzIx7d/d6DPJ9cJNo85HR2nApMSjjg5F2LkoB5Iq2fgX4RzNJo2G07l18hzGNA1pxiySTgJ/CYzZ8W1GqgfJKHRfokKYo5WoJa9mSclJuSkLxCRPNsGEBGPmCDFCOmEY8LyxFKjh/DFVeC8InhpUBt/y9Q/+5w9mW5NDec8FWhsOB7aOzSq9tbVp39nq+hrxToyLrIbGRV2zX1luS31R5KpxKka6KOraVg2dIRRQmBJMVZFUlgvGg71MUdUZV1PjgraBbVgwy5hB5io5NSSeAbeEgWSWbO5AO3v+DSfsd14Ix0sgEAgEAoFAIBAIBAKBQCAQCAQCgUAguKhwK9IBXvDcq/LSbuSKfMPOK088k5ZXgph65ZlBkroJvWJGx2+oyJ1ITAJIYuFE1gI5IZ1HM1uMt0IsEGOiEkc8m/4x3UNbeoRJyAEU3Gd/SJ+jZbn4XxC9Y7S9ffswnX/paaKci4/4s5Dg5fc33cPqpolUEv6Fsmu3K/DR3SwyLSfGvYjAUUHUkcExn7kxMxsg+RFIiCDxsEVpkHkmSrjY3qQT5KvqlrLjAzB5LpAvZmYJMyctkOFqxiY8pZWYZl6GBpfG3zDJz6iDhE+2Q7Jjxib542UaVHJFV3zEC7479ltJA2qlvsSlU/AUMezDt7zugd/845tmlS2pxbDXRyzG42oynW1tb9myu7K2WpQ9V4O1p7EZ3YBSTCPKVdYr8qrSlf1fNxmqIssda9GYGk2lKbJa0TNOxMhM61lT1fa0zFaSTHlrRXQTpnR1tIjm9au6WLb/yOrAfmdKgUAgEAgEAoFAIBAIBAKBQCAQCAQCgUAguIhQmXPSHVtfycuSY+YA0yyIeuGCIXTlHxJuAQYKQ6sWseAOTHRQdnAgxsAKSzBPYDBLN+dO6RBcAJasn8c9Hd1GoTLzcVeYUpDEVQkBauai/oR4MOE/rZmwsus9zfzzcbCZ5Fn0MqWT9Lbh27M1Fo5zieD0mp1UJiLDxYczMkHCwxNDmI/COi7MSWpzkwlC2sxTStAg7vXo6OkmEMRj2jA2UfYGna7C3POqBRcz000MdARo5m9ozGKxwHgkP7R2AUCMaZYzVPwZSISkNkRPG6ko0WMQ0slBAvFRgCkIDggnjuqveuEj/+vTz0EoMsRhb4CqtIV/Mptubm1gptbyHKkZsEWdmD7GGyengKXyPO+VmmF329rQy4sCYaYb1HXlKmw2zHtN6XkndVXb6pxhDqqVRWIKlzFR+AoXZYNa7GBMbBvmbpYJ6UQgEAgEAoFAIBAIBAKBQCAQCAQCgUAguKjgleFH1oaYscpJR/WDhS4WV5x3PPFeicKzR0ygKESGSpBFMTE8TbjIDuyQwJ9omQfLiANpMroHMHkBloNTG1Oc/NARajGab2E9qejJJqZDrqEDfEwenyIT+CVMP6BNbeKRgZGwNIqEpztEqE6MGMrbLuUC5x+L0mviK2xVWUhEQPMu5rbouRc6LzHAQh4mZJTqJNL/CswvScOmhHKCScwagL0IPu0TYfKHv49nEfEWBsUTCIVqJ3Tzbv5lL+Ze/IW/XaQh47RXoKUZLb8JpuUpPG83DJAR0skBokI4CYIDxStu3f7U3XpjuzZY2BKc5/lwMNCoq6oZjUa2pg1WVrIs03PGiyyjUqpXlrayKAOz2Uw7a4EkgkIaQNooa0eyouoZbS3aFGZNrevGHqTyjGPrBI0kR3WkmkOGGJdzTsiWLa33Js8zEAgEAoFAIBAIBAKBQCAQCAQCgUAgEAgEFx3s3Rv2S1AuKgmHOWkJFqbDHUlPbGPMzPMlADp0EATT0jLAi5/wNT1xwLR8lB1TGEP7zDMGvCAJqBiTJeyH1G/Z4VWQtEbnOorDOxBHhLgmjeFIQBQ/xfhIOSbyFzj8D3TESTSRTrQBTz4xkSZC/AyXUgVLPKaRzBEJH/YOtTaRO8OsF63r9JwoSgLt8yE7bd2W8toB9jx63siKMKxj0lVnaf9tX3z7aIHsYhS2NIuwbwn1w3BAos6lu8AFHRLE+SA4HdEaPkT5HPEFCWCXYuOvnBKXAHbU1OkGAKLC4ElIJilwSRCfpNByiJBwUBKGyePSk072YI1dErQpCm95HylC/AqgBsGBolfCV916/599/GaEsoEaIS97+QD7iNNZNdvaMnmWZ8MVpPah5nBVREYjY+fkhoqisBuN/btu2HK4sG2NPUwr3diKOyhKF7DNbs2mk9lEz+xvCjIOvuWMqYuF5nhe4BRQMDYVlL6W1dZJdvwL9x1GTSAQCAQCgUAgEAgEAoFAIBAIBAKBQCAQXEAYDLodWdfZ78LszPnsE6oFn4PJdsezTzSIlg3ihTNCBJj0crwvsCeWRcXBjh5GVLBomRowH+gmHGoitQFDlBnoPEWtNRjduLgzTB1pnAfVhYxw6/m7tBoTRFqIChIuxlwdjkADfKI9FUxHZ0NjeMwOHF+lpelgm9d8a35oUkyB5JHaZ0RPmlDt340hioYJ2hvKU22Y3eGUT5aRRVp+gjYLxAQDNXh6hfIEFQgsGhIHCdewaNqEwhJG0hLuB1LQn+TFYPp6MVI6WIJF+TwwOL+Rxj8Cn4vtAf5aZkmaOIfbRDPzKpxmYrmFcAtkrpI/l++YMJGCyosonTDxbB4pL2m+Pu6AGeJpEFwAvPzW0R13jc5s5bZyuZhVSg16OSrQm7O6ajY3txGLolfaiqSctWrsv05yRKMhA5hhZgrMm6Ymy8eBuOx1SrA2w75pjSqz6OdFmZfQ4LSZOd5J7nh4KkNieLnyoFrana9jZFW058Bhx5pEm4DwNGCdVFU1Go3Obmw+9sSTk8nE5k9RFMePHb3i2JHhcGi3Lz0PTCAQCAQCgUAgEAgEAoFAIBAIBAKBQCB4anAMibBpEvaG1mHZuepGKIEQdiYoSiwQUqArS+E986DnpQrI4YhRYgOIwdG5CstgsEZKoFGk53syikkC9qBPEuLCAnndmAVRDeKLaOv0dF7TpjFN3VjUTUtEMIkeCCUkxlSB9tnaC7pwQkRTSDJ2J6ENzBRLrdBV0RNHkDkWlBk++5JoL4hKa0jS0DplQxwfikThz2gCCcJ4LYHw2HMZgUF1YrkL1Ht3m5AG3d0PS9y/Lq9Vd8/8EZByh+KtOOmddLgsSoRbuhGYFhPbvUfLPWk1cUwQ8kkKn//XtNwaPsBwYjgkiII25hFSnBDO+pixbSGX8Dq7o7U7exznGCeXP7vgaYk8x1uuO/mJu/pK5RpUZVRZFEpl0ORb2+PJaAqwubq+OlwZoC3yRMizRotYV5oNc4ZYqGxmrRLpPEHTgMqVvZytM9beYpZneZM50RRbNzbGOJpNdN2gyjR67Stbiyhij7dmmBiNpIrO4elRHmyjcvr06Q/8wZ89fupMRygKYdAr/5/f8nevvPJEnouhEAgEAoFAIBAIBAKBQCAQCAQCgUAgEDy9kfrCzE7+vY5r33oCg6CFmfPvz1+Z9UKMJ6HAAohXkdALQsCESLDwR83fqr1hCNSTpi7IpgTNCUcRcKwLCn7TuYB2y/IzlZEkirbezkZrd1g80sRLEukgkm0wqol0sydVXVELDJeFHPDxaDzFAkMAIM0aGkmUCZNobugQeYgzzKkEaMoi7LCDTAxP5AkWrCiylFMCc/l3cdA+3p5Homed+D/3n0j0Mjcwdy/WpgGfaQjBu21CcB1P31EtFwtjVKhYLk0bC4nJKf6WBPElHwwQnqrMie5fYcp1wB48w2CmONtQk5PwFPDca89+/K51o2tUqwoLxAyM6pWF3bFZjyajicryoiyDaWOCiJNF0aFWFEXR13o8m+mmIXGSGjOnmmUNa2acLErtzstWhysNoEaY1rOmbmzNyvIcPbuOaqbCYHFTtqLpSFv5n+Ove9mzSwpts2U8fvzJM4jRgpA5BjOZVvc/9PCxY0eFdCIQCAQCgUAgEAgEAoFAIBAIBAKBQCB4BiCoPpCySHd/+gf/2/X3m+TYBY5F/C35Xrj3HFWicy65/pMYPannLiQmMAQ6LASvmIIcn8FwhBqtaxf7JrmaQmVcDAjrcW3qqmoaJ3CinePUpJFgVPIc7X39A7fUlu7D4xKWzZIsMCH8DauZmPBEZllkEjN/J//kGHdTYnQa8oWzK+RYV9jj6YCl0SeeckgKzgzj+UhBJMZHRXJZpfnVGM0UE03ZqJ3SCYniAGm9eCaMoTeHhitBCLKD4ks+EDQA23C+MKqornw9lMfhGYzZE8Vjf4G6gvPCc67CtfVmMp41MFUNYJNnUIJS/f5AGxyNJpPxxP45HA7zMs8y1RDBzcXi0dCQnFOR53ZfQ8a1aSpdO+UoJ3aSZV5byP6vELKiGfRdZK6JGk+nTu8Emb+CxNdSnsNFx1vbTPwv07YQC8SxZX9eXrBPt7k1Cu0WsDmGQE87u7mlF+S/BAKBQCAQCAQCgUAgEAgEAoFAIBAIBIKnHTDhQuzmy1/+k3WiqTlSCO9P9gQBCK8SkZwcff/xRBPUJqANz5NclQQ7KIIJOev4MKaVmKhOASRhYt15xAAwgXfSgGlYwsS0D+R8ozaRurGHN/5CThWF9EPadHrGBlIwIHtt8PotiG3wmm4e+rTvhUg3aXPGmIUYQ2HLh5sgagOf2XRfoOnSShB2JAnNpwN2jLzzTAYrxIRS52Vm2rKkSHrHu4w5AogLLUKKM9qVfHdWE1UZMFNMGWKpBiGdHAjOPhUxi+bw7c9wxolFedw+Zn7qDjgvKAUveX726bua0WiUufJfIOSZNirLcDBAUOPpbLQ9sravrwZ5UZBQhw9t5i/hxE5yjaWtOrVj7dV1XVnLtKYomAAAEABJREFUmtujyY5mhqOYmaEqVJ84JhpnTdVUtcoNqjxKXEV5KaqZGrrKV3PEk6dIPDsQuPYi6GK5YENZNnfA5vYYEo2TsO2+x+Pp0gs2jVcSUwQQCAQCgUAgEAgEAoFAIBAIBAKBQCAQCC5zMC2E9TA6hINWtsHBRxIJsUT8pguhs4OERvRKmh0IK4BeusMkrBJt4sn8t9ZhfTgwI8TtSteHGzCBKOCVQLxAipc5CekyFMehpbPYS1jvaBq3xTr43E9a+xA6ME/A4EfCEFYiTUOanLBrXuEFlyud+OARLsF8LmUptiSUEMzIh9fxV1X0djjEBGJKGTELSY/xaDxVBnbCPrkyl3dQC4YJEXPaKEtzwZVMKIBRFkZ7XRyb54Ydwxhd646cRCQlhRpdMCaKzNS+KFe+4iuy/yshnRwAELfgKUAPr4VnAdxjni/pxOK6E9PP3KVnUyjywpiKAo0541/mBQ6HtsyPJtPt0TbaKrCCmOUkQ8LkO7a/hoPsNAYbe9oMGt001mzZP5zoiZOUKlwq7WGZQgWlC7u2PYPRrGHKBrH5tDfeWvuAWM4OkmFH5tmZpyxwdMBommY8Hj/2+BN//befuu7qK1/x4hesrq7afIgH1HW9sbWFbfA0SOSxzPZk4kWoQvNmM2M0Gn3xS/d95ov3vOqlt1191Yn19fVFIotAIBAIBAKBQCAQCAQCgUAgEAgEAoFAcJkhERcJK82NSakMEHyLQTtD+wgi/kdcxmMIeiLxMCclsuzmLEVCTk6gNd4pg8Ot+kaSGPGptFdprEtT+3gxiOT71CY8R+BdaBPXn/tEcsyUeFsHL2cSAqI4LkvkJZg2dA20oW44EJFJaBxdtJItkbBj5rNkLgMw6sAYE5k9UejFx5to9wQuBbYZ7LyznEzoagGEI+bJFrt4b/fl1V36IEuudYlcxCm1KIZaWgoMMY0oEymcB3Ga2jBM5O8OpcoepK0L2BYbV+iyEGIpFHCnjWJUKHVGSCcHgvOMGuOhVuHZgKf2mMcPq5e/5Ja77nri5MmpbpzuU5Y50Y7GNGVewGBgrdnmaLS9vaWKLCtMQXonFGAnRPeigDi5RZOrplZkgBv7u8KM+HEKsDAq046v4vhYPdIOysy0bogeaOuZJjUUZ6PtlW39USyTlXASIy4H7gkTRL7wxbv//COfmkxnDzz8+ANfefjvvv7Vx44e5fyp63pzc/PM2U3wQc7m9U62tsdOXSbLbLYppaqqOnv27N987NOfv+d++/vv//nfvOblL3reLc89fPiwPQAEAoFAIBAIBAKBQCAQCAQCgUAgEAgEgssVJPegW9oJkUrAL8BWXgUlqIyAC0gzL2vCPnaETtADCkGTECh8gBsTfJSRuUDkEB8sxxBDoKV7cKQb4g14HRYkaggf71JmXZjapLQCv0jecLgcv4u5KEp5yQtsVUT8n9CVwUjiDc3n1h50i1YsZn+8DEiYPnM3MJr/jIF+lkuemEQUpd2Vap2YKPZhdladucxxXhoHnIHpi1CY5Iv18xLLKDB2bMk2JkPnGifGCIk5BOWTeBkXO4SiL5lG67pp/ciOnqKoyvgEi5/4AIAwg6eCp2dxP2c8tcfMYHTN1VdUs2w2eXhrs1YwRVU4SRIsUWX2Y6AcTyezajbe3i4HA0WaP2B/cgGnbAuiuJaoDLJM2f9sLeFUVUbXCDk4sY7cXcgQASMzGZh+371bPZm5sGcmaFQZMtOt3pVrCJRZyjMx+7axB46mcdGIPvGpz/71xz/bsDQLwEOPPvnf/ueffMOrX/GcG66rqurJU6fvuveBhx59AgLjBLp6Jxtbo7/4m4/detMNJ45f0e/3nzh58s//5o4nTm/ww9aN/utPfG5aVbe/8PlHjhwRvROBQCAQCAQCgUAgEAgEAoFAIBAIBALB5QtHZUAfloU5EyaEbfF0CBIVCTQRTz2BQGPw69OdzxE7kXeUj/PiJTyMbppU9cNdqdExOA5FzEE+sD3IMB9Fe8YJq68EjgDHzGGKSkJwCaIVLFSRyJSYRWJH9G62ki4K9kEYwTntkCWHmHNbju/5MToyUNC0N/PPMX80pGo0QXODD458C9U969nhgg9IGCfpK0KIYXW8CzgyRUwIiWRMCF7k2FKOwORP8WWVFHfq2tApSFcwoXD6iwrp5CCANQguMHKsThxfy9Vg8+zoy9MniUWVO8Oua2dCsl5ZZv0ib5qqrmZMQ8zyHHNr4zIXKQc9nU8ZyPOsLIvaKVJVjdGV0/9R1hoV7kdDgXlcXempzNWywv5mtqvZzNYmbbLCkVlc7SLyViI6RUY8kQlhXCpjZpMxHo/vvOtL/+vjn3OMEx9uzaVzazT5vT/7m9uf/9xTZzYefvxUE0IFMXEz6p2wtJf99e77H77ryw+fOHrouquuuPPeB8fTWXqMbVY/+pm7bJa+8Pm3HD58WHgnAoFAIBAIBAKBQCAQCAQCgUAgEAgEgssUPlyLZ3wAhRhpQ9XQEfwPtl781pmvGU0T5CBI4cQ54hWCF4jgSDd+2XrLjtAseUKRcBo+UoeYOPGGmvRRPIMEmXSi4mJxE4LFMFkgaoJAG1UnXGkHDyXOLZjfnyNzf0vsz3UhfqDJdLPdtFSS9siWJMORifwBBj1dItJrwrvzGeG5LbtG2Lkcce4JNnOZEMk5vA+8Ag7TdjD84m8S2Sd0qFEmM4kLnAp8TXGe7I8Nlci2hPFV7ZeQTg4Cpn6WMaUuARRU1XQ0HPRue8GNTVXfc89jRdGfzcZa5xQ2R2V5ubY6cIook9FkvN00ddkf9ocrWYaNs08UE8egrRA5qn5Zuro1w0k1bZxgU8OkwcIRTZyQiTU/ypgSQeVFD9UgL8+OR9vTCSrlwuw4rSFFtTa155cRYc5W/4cfefRP/+aOyDgBbCls9mk/dee9wY5g59u0BibZA0+cPnvy9IZJ9gCTbNy/5sOfvLPf671oOBwMBiAQCAQCgUAgEAgEAoFAIBAIBAKBQCAQXH7QdRUUTZzoCYXW8YFdyME+z5wwkZKCzCppNAfI0XxCGlXHS5wY0kEBbAKtgnxr2sW7MUHOxPsY50kStD4+EDGcg8+0DIw2IBDtddQTzcyLEAZo/wgOTlzyy7nBx+o511MXb9xKnWQ7HcKKJpQfisPELDBOIscCQ54xe2Mxd1Q48lyf+CIhcEf243s2QVYgpZuk4IfV4ejWq52wopIQTC7zGhYycRloC65SKmuUU0DJXWAdQ3wpHQok3VdIJwcB1Od0uDpyc37dN6qVazBfsX8+i7z0138VOIrOtt5+uH7oj/Xpe87l5AZBI9ZHjw6e97xrqxqeeHw6I3KahkrrGWinX7KqnLJVsz2aTSf2nDwvs16uQLGlst+KqpStGr2iIFutJ41rUGqnmtI4I6/ynChaqE1uMIes7w7OrZVHrcd11SijCse2MEFKiyStfI1M4cmGlyLEjr3pZ+68Z1bVMbYWpzPVMoksuSBrEn5d0DtJzuJ2yB/jTRE1jp+9677bXvB8ePrjzJkzk8nkqquuAoFAIBAIBAKBQCAQCAQCgUAgEAgEAsEzCNPtMUeoIY0TljsxPngNJHSQ6PRjSRPtfWqs+0DBcSCV6WBdEh9Zh3knXunEh4Sxm1muWikUfwIG8Q7nmzTs7vcePX8D+ie4OZMgNsH/OO+cTJKkdiJUJHSX+f1Lce7aKPvBuRE+uiSMSHVgaGNEH2IeCzmiUJl5YZkd3oHxkZq85I7KMxd3ROfGxQ9xee0ChGjHPTFMkjISXsdcbHUKdex5vRf+IDyLgflKduh59jP9wi/rJ+/e/4lkoStbhI8fX7u1ufaJxz9HtrhEqE1TIwma9MoCYGjtzvZoXFfVZDzOVG4RdDtcfaJLQYaqLHq2ZsxmONZ1bWonZeUu4mx5jlmmEGtDlArTc/cZuFZivAlgj1RNXdsLtxJbTMEwS4gnl8TI2eQ89/prvnDP/eDjuoX2KbJJWnUTgFaUCz33L3BQYMmRTK/BSKxkDsq1Vx2/EMpUWwR4Cjh69GhZlvs58kMf+tDP/dzPnT59+pZbbvmN3/gNOEf8xV/8xc0333zdddct/vTAAw/scuK11167NCzReDw+e/YsnC8OHTokwjMCgUAgEAgEAoFAIBAIBAKBQCAQCAQR09EIiDsCxsU0AM0yIU7MwfNEEvWRwBExKeOhaZpwMYNR6MOo5BT3B5/h/idqi/O60YnESQlXo/+Y4YImDYUCIQ1psB/wa8JTLJEMiVfZ8ffoz+zEsNnh+J0YJ+frFES/oh/Sx0vZO3EPJoliR2dcLY+RdUP5oS6By/+iYP9xdoIwiU7eLc5JpRgwadwdExVqOrfgUzJyEyvS7IEgHkNxpOgXlWXaif40QaEGc31wojFq4V3O5cJSyYfFnNrnYQcCBNivDsUB3T+/9htBQLBZMTsn0onWRBuxpnh69IrBC190/V13P7Kx0ZBiVE4KUtbQ1708O7S6mkG2NZnquppMRtb1nuUFNxquEXHUE6d3koHuZ0Wdg5mamauFujZ6Vjf2pzIzBWZF7vgptu5oxELhur1Ogae2N0f1zCgDde31TVBxpbdpwzTs1aWDbRxvfu4Ntz348OfvcXSHBXUTs8seMEv0Trp75vVOrj5+5Ktects+uR3nhN/6rd/6pV/6JXgKeM973vPSl750P0d+3dd9HXcUvvSlL33uc5970YteBPvG//yf//Onf/qnV1dX3/3ud7/qVa+a+/Xbv/3ba1tadsAf/uEfXnHFFYv7P/jBD/6rf/Wv4Hzxz//5P3/rW98KAoFAIBAIBAKBQCAQCAQCgUAgEAgEAoKeTYlaookxkgUeg26SY1LahuloQpCz0bSMDqM92QGh4SP8uabj2k71OcApTiBF4DFZWPsdD+bAOdDesT09Paw9YNHP3fopDeykJWLiv7pDSjgX1oDZ8b47IqTfK7ekwi3tZZrOGUs2gvpGm6kmasNEfRomSSgVeS3Js1EyOKbSvh54vyyFZVcz8xyhJNBPG0olESAxczdFrU2qJrAseQqWKMEsibeEifhNSzxKC2pIBJOpXB3hy9AbMxweKmQoZsotqg9nn1N8p2cmcK/PwUINrwYB4ZyzggSpwNSATZbVx0+sX3f98UOHepmq89xWy8r+RMHNnN7JysrK6sqqPWE2nYxGo7pqXf6eOWgcb8TWjkxjiXmhcjToWCcaGm0q3djNylA0N/TERltvhkXv8HBlqIqiQVUbqO0RjgVpIIR8S1sfr891CWCfcTgcft1Xv/TEsUOJQklilUxnz+pwcNN1V73shTe/+uW3vfaVL37Zbbfc8pxr7U5stUziWfFqXu9kZdh73de8bG1tbalcx9MItsx893d/N2//zu/8zv5PrKrqN3/zN7XWGxsbP/qjP/r+978fDhRKkVxPntuN/e8RCAQCgUAgEAgEAoFAIBAIBAKBQCC4+LjjjjvuvfdeOEfYUz7xiU/ABYZTbk4yzsEAABAASURBVPB+c97wcXW86gl9TPKxf1o/YedD/nX/QciI/kCCJclnGT8AE2RKZY4RgRdIduFgcXBO8yC/ET5wnh+CiWyNC+TVvyxwjiWE80Ht87gdSBHxIsg0KMc68bmNpOOj/K+OxYL8edaH17nowHwIAsK5ZkUrN+XCRuHRoyt1DePRbDTabGxRztcqrcEUTg/F8U56BrJGm8l0MptOFWQlDLJCxcBpFGLKVYtMYZEVjsRooGoaRyMhzpjTN3H8LOaxOB6ZvX+RqdVioIawPZmMq8lU69rR0JStScYxM3QbmAaIlHHp7Fue50eOHPm7X/+qD/zBn4+nFSR6JzEmjv0+dmjta176wmuvuWo4HBZFEU+v63o0Gj30lUfu+Pzdjz15dkHvxGuc5Hn2+q956Ynjxy804+S66667+uoOS+nkyZP33Xef3Th+/PiNN944d/ydd965ubm59FIbGxvf+73fu/Snqqp443d/93f/9m//dukxL3vZy975zneme2y+/ft//+//5b/8lx/60Ie01u9+97vtdb7jO75j7sRer/fmN785/vlnf/Znp0+fhn3AXvlNb3oTkJ7Ku971Lrthb2eTYTc++clPvv3tb7cb/+Jf/Iu3vOUtduMP/uAP3vGOd4BAIBAIBAKBQCAQCAQCgUAgEAgEAsFFxx133PGnf/qnSinrE3n+85+/z7Puuuuu3/u937NOFut+evnLXw4XEom+hYuL0MbTWcZaYHbKTv4+crrhUxTMeFrwTp6mWAxP83TJ7a5yyd64cM+VaCxEGZV0299XSCeCpw2UAk20E+V4IDrLzbFj/bo+NpvNHn1ss2m0UivaKVnZRiHLcuzlWTMcGK3Hk8lkPLZGpe8CTRWgiN+l6UBt64DSym7mKkOTwXg2dXIntYHcoHLx3DKSDnI0Re2O70NeZoN+L9/GfKuejpqqIgUWyChmj9qvFtOFhjUuZVlecezYi2+96aOf/mJQKAGu/6xc8qJbnvM1L7/90KFDvV5vjk1ZFIXdubKyct21V9/x2Ts/8bm7W72T5Pu511557TVXDwaDCy2w8da3vvX7vu/70j2RgfG6173up37qp+aO/6Ef+qGPfexjSy9luywPPvgg7Iq6rnc65tprr13c2e/33/3ud9uffu3Xfs3++Yu/+Iuvf/3rmSXjSod2KjhHjhxJ02n7T/skndgHsUXYbnz605/mPX/5l3/JhJuYyI9//OPMmPnsZz8LAoFAIBAIBAKBQCAQCAQCgUAgEAgElwLW62R9RtYz8nu/93v2z/3wTiLjxJ5oT4cLCt1w7BXy5lnflo/msqg5gq1HfWcXWFiEvn/X4GXFgfBuw11hAC5PnsY+aRlzhy3SUC5nXB6pxRAlyLCH2W935VEOknRinqmyNYLLBMaw0IazDLaSNc2gX1x9zaqBq+rmKw995XRWKPpJ2Z80VIiqRGzK0vr8J7Oqnk4qUGU/QxcrjRR/tLtmjorrq1IZZC7kzqSe1bqp7TVcA+MkgXInZaJyiibjaChGIRRZ6QKaZM10q5nNtFPj8q1K0gpdWvqJbZ7rur7/4cdYpwSixgnpnbzshTd97Ve9lMPiLBosJ+2VZYPBoCzLV7/yZWVRfOSTX2ANl6h3Yq/58BOn7C0uE57NJceP/MiP2Kx43/ve93M/93NRl+WRRx5h0slStsp+8DuEdM+v//qvzx3zPwggEAgEAoFAIBAIBAKBQCAQCAQCgUBw6XDTTTe9+c1vZhLJfngnKePEnmhPhwsPtzLdsLfLpISEOV93CG2wuxfMJFIQu0Mc6ZcFmMkhzs39gnLKVxIzV4bbPDxQpRO81D52wTMaaFzUG7L+QHon1hzoIstvfM7x0Xh6+vTWrJ4aU+ZKN/a/yqDKc5UNe2WOCmE0rZuqmpRlCVjYdosi7Lj2xEWFsfVEudqiMS9zx2nU9awBU2vmvjXaKO1kVjCnAGMZRd/JQQ2KvrH3mxoXl6XR9lpOPiU2Sen3pUDTNA8/8tjjT54F8CzEoFACL3judV/7VS9ltikf/IUnpp98dPKlU7PGwPOuKG8/0Xvpib7dn2XZysrKK192+3gy+/QX7/FXAH5MHE2md95931e/Yk1R5Dl4WuHWW2993/vet8+DP/7xj//gD/7gnof96I/+6Jve9KZbbrkl7nn/+9/PGy94wQuWnhJj+szhuc997rd+67cu/cn2wD7zmc8AddRe/OIX73Q6CAQCgUAgEAgEAoFAIBAIBAKBQCAQXFwwy2Q/vJM5xsn+w/E8VXhnY0MqJt6lTkQEDd4VOX/03lfc20smpJNLiVTy5PJnnFwmiiw+04C1IRYZJxdI6SR5PzupCC3mzuJLXXrMfg4TPMNhNAW68UobVC4ao3VZ1DfdeJVusk/ccW9eDKbTqfXiq6zfVI3K8izLy1yt9PpKVZOq3t7eHg5X8qIAF44Hwf3v2xHr+W80lCrTWaHtdRsfNodUUTQQ4ZGoKk5ABTNSPUHoqwLKgf1tPJtWThfFGBIZsh9UF9UicB1pmoa/Z7PZeDy+8577U3UT1js5tDp49Stfsra2xoyTcWX+zw+f/LM7N+2DZrmTgfn0VyYfUPDKG4c/+sqjq4Vj+gyHw6/9qhd/5dHHT53dCpfxeif3PfTwzTdet76+XpYlX5Aj9RxswJ277777gx/8YLonxpF58MEH536yOHXqFOyFc3o1+z84ZZz87u/+7nvf+15wOjrq27/929PDDh8+zBv/9t/+21e/+tX2+rYvdfvtt9s99t19/vOftxtvetOblt7CHsCkk5e+9KVvfOMblx5jy8MnP/nJ2267zRGtBAKBQCAQCAQCgUAgEAgEAoFAIBAILhb2wzu5JIwT9qY59yBAdD6zJzoVPIkcErMPB5FzD3adYvv3Dz69or1cVjinfNtnLJ7LByGpFz7Bu/pzOQCTE2+wvvJd03KgSicJJNSO4MBBgaEMGXlH6tDGkLqGaerJYDB83i3XbW9XX/7yk7PpZpYdUu6wXGvM0ClwmIIFTXA8qyeTUWn6eVEYH7NNZ1kGCrUTPjG5Uj3Ma9CN1rVp0GigwDmaA+c4GkrTGJOZjLU9Cnv9rFQFFCob66rSTW1PVa4K6MbRUszF0v+pqmpjY+P0mbMbW6MzG5unz9h/RydPbbAqibdN9P2KFz2fo+rY7c88Ov5Xf/TY2e1a2ZxSlMHKKUpZ8/GJB8c/duqxH/7qw6840benr6ysfM3LbvvgX340BG/jCDtw8vTmh/7qo4dWVw6trx1eX10Z9tfXVtfX14fDIRwcPkhY+tPfEuAS4Wd+5mc2NzfTPa973eu++Zu/+cEHH/zFX/zFP//zP+ed3/M93zMXXuebvumb/vqv/9pu/DnBbnzXd30Xk06efPLJt7/97bAP/DfCLgf8j//xP2KgH4FAIBAIBAKBQCAQCAQCgUAgEAgEgouD3Xknl0rjJHHaYUI7afVNeBk3PLXwHsIjuTwhIhfnB3Z2755TF4p0Aii8E8EFgOGSxVoajndiN5umQjPt9/Obb7pyc2NjPBoZM3JiWCYzxBfBLCsUQpmDwlrrqp45m6KAWRccFSZD1GAKJ/PhaCIFQENRqXSI6WVI66RxSlv22yhdZ6Byx9NA952XeZbnuprUs2lDoXlAky7KxasG29vb/+V3/mhja0QPlKibQKtKYvesDvs33nBtr9fjn/7sS1tnNmtWkDEmjcLjQhhtjpsPfXn0Coqzk+f5dddctboy2BpNwLTXt8958szmydMbiI/ynl6Zf/P/9pobbjhI0slli7/6q7+aU1W58sor7fdgMLjzzjt5z1ve8pYf/uEfnjvxDYQPf/jDk8lk7iebh4cOHYKdsbGxwcVyfX199+ZQGkuBQCAQCASCZwMM6Bpq7YYqDQgETx9kkCk7srYjcjhIpUyBQCAQCAQCgUBwmWAn3skli6oD3m3H3ANa6b6D0Ih4VwQCRqBg7U7DumCkE4HgwOHKskY/E0WaHMQLcbwP1VT15pHD/Re84Josw0cfmTTNtGkKMKU2ja4N5LlCVRR56Ygqk+lsqkemPxjkBSqVEZfRTnFhkSvTmFybEqCxJ4CqjXaaJS62Domr0L+GmS/aMVJcBB9ExzgBY+fLyiwfN/loNjWmtg7/hiP0XBRsj8ab22NsWSOtHokPRkfUzKuOH11fX2fCzeZU//6nzoTjmUdiFLDSCe9Rn3ho8ujt9VXD3LFJer2rrzh69/0Ph2vS9RMlFd4zndVnzm7cAAeJN77xjV//9V+f7rnjjjt+67d+y2589Vd/9Vvf+ta549/znvfce++9u1/zscce+4Vf+AXYHx5//HE4F1xxxRX/7t/9ux/7sR/7gR/4gW/5lm9ZPGBlZeXnf/7nJ5PJF77whbqu7Z6rrrqKf7Ibf/Inf7LTle3Br3vd66qqOnr06B/90R+BQCAQCAQCgeDZjQqqGUxrqN3IxQUGvdzDEgsEHi6ArpPxzaAooSygAIFAIBAIBAKBQPCMwyLvJP55CRgnMWwOf7kRiRc4oeAIQe/EnMeaXg3nvQxYCC6Cpz8uLOnEyxCBQHAgMJ5KRYQIbWxrlGkDWjdolHLx0mZXX7Vmp1ir6VeeeGKMoBH6CkxjtGlqcEInWZlnjS6qxlR1BVPsARS9DMNVlTG5PU2pXlbanTONWVPXxrFLGgrEQ0XaNhp2wylNaGQ9Eyrk2hS2ccpy3w7VZuZYKlpfrPA6s1mFHH8o/JPonXC6nd7JsSOHiqLgRP7tg6OmMSpTxOVECq3jv+mSyJHkPv3E7KrnOFtRluWVJ6740gOPhAhzC9cPCiiTWQUHiuc973lvfOMb0z1VVTHp5Prrr5/7yeK3f/u39ySdnD59+r3vfS88Nfz6r/+67RgBRfn5mZ/5mfSnm2666Z/9s39m0xmD7OyE9fX1V7ziFUt/+smf/MmPfOQj6R57O3tNu3HmzJlv+IZvWDzlVa961bvf/W4QCAQCgUAgEDwLMIXpFCa1qekv0RsVPK3g1mjUdl62hqZBu9HvQQ8EAoFAIBAIBALBMw6LvJNLxTiB+ZEzzv2UfsVj5sgkiyFaADUml+ITzL7XhASnm0BweSItyTsW1AusdIJwsRzuFx5mt1+Qoxklgb92OlhrkTtusVvpiLYYiQ/ROclzHJwsh8rIatvGyZ4xs39dfdWhU0+ePXXqtN3W1RAhR1TakVPcGqo8U70yA9WbTKfT2dheIy8LpQrk6DLamnUoM4Uu7E6hGpgZ7QgukClDctWOqMjv1yapcYwTJOETSm1GxBWVK7vVoK6rWYY+HtBFwHQ2a6mX83onTNRx34NeGU/52IPbSZZ6pRNUrHSiYlZ/4tHJ333OkC94eH01uXJ7fehE87GJOWDSyQGCZUUOClGe5NixY4u//uzP/uxjjz0Ge+H222//tV/7taU/jUajjY2NpT/ZPtnSn+wpIBAIBAKBQCB4FqCCegSjiyeuKBBcKJjaVHYQbQftoncUm1KmAAAQAElEQVQiEAgEAoFAIBA8I5HyTsAFMbg0jBPwLj52mTn/HyQOSburXUkeiCDoAiHg0su0MKyPYkjQEaPneImDfj+CDfsUddjd/SgkFsEBAvculAdMOpm/1UJx3w+ra5/Mr8XDLhALDDmeyl5JMQn1zegdZ/2aegaCgKbZMaMwWnwTijJSthqKr+OUOZRxOd0QSaKmMzLtgtroW249sXYov/MLX3ns4S06G/NsWLkoO0blWaEyzJSz/1PT6Go6na6s9hzdBJxeir2klz2hWyA66ZPG/mSvXmSzpjZOUwUbrVl0q2rsHG+TocoyVXNCFZZYDIkAYo+fXUSaEWuZYOR/sO5IqkfSrTSVT1rUNfEaJ+gP9aGMRlV7WuaiGXk9FQMxCk+rd3L5c80effRR3rjlllt+6Id+CM4RR48ehUuB3/iN37AJ3uWA+++//1u/9VtBIBAIBAKBQPDsgAE9hu0u40SmlARPO7SF1hbmMY5yWMMwFBUIBAKBQCAQCASCA0d/OIwuZqOtfwtdnNqwRxuOcECeMvZ7aYoLoP3Caw6KEJZj+/Xejq2CDe1RPnwPNG4VO9FVlPMn0j0838V7nckVaaJvGcJO2B+MXz0OiWOu3djnkvj9+OTZLXgwOJ8L4VIKwL5Svo9MmDtiKdlgKXVhv7SErmpOwlYyPsLH/LUNqnCwgyYPbAZBEYeL58HNACHunUkIZu/7HSTpRD1zZ7h2f3VOZ0N7nRNmm+xS/ZpqDIKAnTgniN5qkx12rBESMjFpVeR5KLYXhsPcuHVRgDmuFNmRo+UVx3tbW9VkPFZQVrX7NtDTGvM8o8s5Nsl0WtfT6VhtFUWfaYgUZcZklAh721wpeqdaIdZ2P6qGVFD4hi68jtaN1rnKckqlS6NxrJQ8KwaosqYq4CKRTnpladjG+XxixklX7wRxPGlpT8870fvzz8Oc0oniqDp+j8vk5x31S82apjm7uRWuZrx6Sqp3EvYU+cHYFh34W3/8x3/85S9/Of3poYce4o2Pfexj73rXu+ZOnDs4xSOPPMIbN9544xve8Aa4kPju7/7uBx544Dd/8zft9m233fb1X//16a/33XffBz/4QbtxxRVX7Hmpd77znYPBYJcDJpMJCAQCgUAgEAieNZhBFaLqCARPd/jxpC3SM6wkyI5AIBAIBAKBQPDMw1133cUyJ8zAiHF2Lr7YSW8wbJe9a3aekauR9mny/sWDA8Uk+n1JqcDuNPOCBHXjFqk7L6HyTBTFXBVyJnonnFtOz2d4v7JSwbvGQRX2yxjxrsqEx7+4cWBu+4579hIAk++LeFdM10icP+kmTbdpd+wuHLKniM3B5sbBXO0Ch9d5dsAaIE0sOKJQkLLGzoWvmkrkixZ1vbvSiWkazFSwZZl2OleeRxEzueUEKidA4my8PeXQ2ur11181nZx95JFt+16yXI2nM8DcmnblqCNKlZkT7WjGo/FkXM9gpcnK0jEQHc0COaSP+wtUltkGQfkEqYy0UIC4JazDYirdNHanKhw/xR6oqUlBVRQ2xY26WIu0er2SBUqiugks0TsxZze3ZrNZnuf2zxcc57m8jtJJ1DvhkuwOO+oj8tR1ffLUGYjX5Ht5hTGTbEOvPBjbcvLkSd64k7D0mAcIsG88/PDDvLE0IM7B4ju+4zvs9yc+8YkvfelLDz744D/8h/9wbW2Nf7J59X/8H/9HetjuuP/++7Ms2+UArUVWXSAQCAQCgeBZhBlMQSB4xmEGMyGdCAQCgUAgEAgEzzCkjJM3v/nNEOLsXBLeSdErkEPsIFE3gvIAuxpJj8STP3zEnBSGtE6YmGL84SxWkjdNXdVEWFFu4ToHb7CuY69bEMLv8HUCxcRzUPxScMVpMT4G0A4PkFBTBM9QPC1frZBODgCNNk3jPL7MaTO78p3UZBMEAVWzY1Y5pR4nMuTMsm2EyNneGMV0BwW8A5gdGOSodGNI+qRuIMvzY8fW6iavm9njj28Wym5g1cyUvUTjXlKuoCgKNTSo9eZoNBvZyjAsesMMnQAWUxEVJ0H7yq1sm+EYJO42BlTNFBhUtW1CtFM8yTIXtsc1UERmtL9mkF00XeCV4WB9dbi5NQZPugyEnI7eCT7yxJPj8XgwGNjt268a3H7jyucfHEWlEyDKCTVvrMqFVx/KX3GiD8RpmEwmjzz+pOeyBGJQsu2/yyI/dvQwHASinMkB4mKSThjf+73f+453vGNzc/M973nPj//4j/POD3zgA5/5zGeAFFBe+cpX7nmRX/u1X9s9vM4DDzzwtre9DQQCgUAgEAgEzw40IJxjwTMQDVy8ALUCgUAgEAgEAoHgImCOcRIpJpeKd4KYpeL9hp1eREHRfll2/Bm95oT3mPmfMlJACVF46FAXFMO6Dxvr1LROTOsxNC5MgovV4/yHuvYMlsZfmfbaA5oYp4DcbSGJQV3FX7vrSsX4tdeDLhHMMMuOElw8UEHZ8SevhGI6b2XuDeHuGimXEEI6OQBYG+LMCEueGA4Cs+O7rmeidNKChEmWgzQznG1XCklDhrgT7ngFSnOFM8GaKzczZTg0jD1BOxZIXeR44kS/qg6Px6MzZzbK/HBT1wocYwStuXchdnBQ5PnqQBm9Na1mo5F9d3lviCoLNts1MjYBmecsonI8EkUB3JwgSkMBgFTuWo2GGEcZ2QLFSlONTY8yF6ver66u/u9v/Xtnzm48eerMyVOnR+Pp5vbo5JmNutapAsr2eHr/g19ZX18vy1Ih/Mzfu/qHfuvBk2crVjqBhE1iH27YU/+frzvGxJmqqh559PHTG9sxUk8MHnb86PrKoD8c9A6vr11x9PCh9bWo5/EU8ZWvfIU3fumXfulFL3pR+tMHP/jBf/2v/7XdeMtb3vJP/sk/mTvxH//jf3zHHXcsvWYkndx8881wwTAejyeTyZEjR+z2N33TN/2H//AfHnjggfe+970vfOEL3/jGN370ox/9+Z//eT7y+7//+/dzwZ/6qZ/q9XZb8DebzUAgEAgEAoFA8KyBFtKJ4JkILaQTgUAgEAgEAoHgGYSdGCe8cUl4J00TBh0hqIInk7QxbUzwEAYPn/a8FHKjKfb4x8XYtH7drUZXufIaKuSybJraxdFx9JLa6xU4lyF6Hko1a3QdbkkKKs4XqSFGI/BElU48lhBpBud0TsyC8MlTiQgjuOjYmWdi5v7Gy1bhRkgnBwBtHHni0OHCZqcJuhYpfyzdLoYPBgthhD9WXVnsfgBa61rj2TMzF6/GNC78DTRITA8neeKlqJz5VkT1a2y75Xaiwcz+WZTZsStWnnPjlaPPPWrNd69QVVWByQBzJ1fitEnQRdlZXQE12p41s8lEgyrKvmE9LUc3cdoodifHXHMUFONYisR+JNKZvTFkVcN8o0a7eEAmZ8kT10DVF+0t53l+6NChtbW1q6+6sq5dAzadTv/0rz9631ceg1SJxMDHP3vXDdddc+TIEXvKaqn+4z+84f/8m5N//PkN5pEojqoD+NJr+z/+NUdXC3eibf+2t7c/8dkvRvpnJFcdO7z6Ta/7mpWVFU5DUbh3unsgmH3C3pRJJ/ayL3/5y+coF/1+nzfKslzkuOySgEceeYQ3XvKSl8CFwZkzZ378x3/8LW95y7d927cBpf/f/Jt/833f933j8fid73znE0888cu//MuuKAK89a1v/Tt/5+/s55o22RJeRyAQCAQCgUDQQuaPBM9IyEyJQCAQCAQCgUDwTMFOjBPGpeKdNF1nSghWA24NPBNGIDA80DsDHVVEeQewc1Ambn9U3v3miCPWhei1CYynoijyQoagCNaVSHudQyfLMyeI4of2mtHUjXPQ+aA7fHMvbcGxCkKaZdj0jED7Fp8JMzxCOjkAaG3Wj+dmaNJKrnfYnp38y7DtZCe6256Jwtv7++Zz0u2n1fdgbo/Pk7jNubFellsnK8f20CZTmdENEQn5Z3eg/cUAx0dDcr3TuU5rpFkZFM+98WpT9e6+++Roe8sZem2MKpQ7kmL1YN7Le2vDIajZaFpVk4lpTN7vZblqjIuOo4nriLmCxp5jXKtDQZQyCrnWUAOTY9GArh0xBUhLRWeKuDFEWoSLBfswGaHX69kUlmV583Ouve8rjzHXhBsku312a/TROz77qle8+PDhw3melxn+o9cef+Ot6598dHzPqco2aLcc6734yt5LT3hWBzNOPvW5L548swWJxglv33DNlevr6/1+/8DJdY888khd13bjec973u4iH/vHfffd9+Uvf9luXHfddSxDcuB4/PHH3/72t9u7nDhxgkknQKoqP/3TP/0TP/ET9ol+4Rd+gXfefvvt//Sf/tN9XvZXf/VXJbyOQCAQCAQCgUAgEAgEAoFAIBAIBILLH7szThiXhHfSXcER+B2GYutQkJtA7yD/o2EFEvuHZvUTXqEeLhUi7Dj/nHUoRuFGJN6JZ6DEfc7fyFfJsiLLjVvPrtmL6Fa1u4AaGlxsBaNDdJ7crYU3TV3bHZHIgj5eBLZpIF8e72yTF562s4fTAoLLBGZHxsm8xglQ5I/LF0I6OQCsHXGME+i++X1sm4Vtz75Avwe735GT4bfj1SLjBLoKKue9bfaxP5jhg92O9MG4TaSSgVk7Upx6cmoNaa/fz/KcgqI5G+l4JppVr5zx93u4ITDgjqxNv8yfc8OV1UxNpw/PZhOiEtaG5FKMVrU12ZiVRb5CjI1xpaumaqamxJ5tIWba8UisTa/tXXJsGmp1yHiDiXJX/MJcC2L3NK4hcOQUrZpMZZfKcDs2TZ7feMN1Rz939+mzW21UOErpF+558Mj6yvNvuYl5J3bvbcd79rN4HWacfPHuez7zxfsAEsUUyuYiz55/0w1lWV4IOaff/d3f5Y0DlCR573vfyxuvfvWr4cLgT/7kT3jj3nvvTfe/8IUvvPHGG5nywviJn/gJm3WwP/zkT/6khNcRCAQCgUAgEAgEAoFAIBAIBAKBQHCZYz+ME8bF551oRw1pfayO9jEPnP/DsNeSCR9O0YT9ZMzqMEw6QZOQB4j6wUcFkgsJmKjAEiEKis0dzPhKJrP/sbuRGDCOeuKCLLi/G7ddVxUJpfibznnlUi1840MVmPiUpvtk3V2CS4g9X8MOFIN942IG4xHSyQHADOZJcdjdnuNwwBJtj6f4vSMv5Onzvccz6r4ZbW0x40Q5fSp7igoNAn95xatIZHF8w4Y3m7W1tRtuOD6ZTO6555FGV4ilgrLW1oBn2qimcdIphbXtZZFlMJnNptWsmjR5r59nimRNjG1HrDHn1sTuoTQYpTNryXMggRObnix3NMLMKWA5/qGjOxqFl8xy2xwoy/L6q4+f2dg2xDXhdoibmw9/6ovb4+lLX3SrzRx72GLoFhdSrq63trY++4W7P3nnPfaRuOXzL4UomlceO8zxdA4co9HoN3/zN3n7xS9+MZwjHnjggcWdJ0+e/P3f/33e/uZv/mY4UHzsYx9L/3zZy172ewRo+QAAEABJREFU7ne/m7fPnDnzq7/6q//tv/23OV7ID/7gD37nd37n93zP93Bwot1x6tQpCa8jEAgEAoFAIBAIBAKBQCAQCAQCgeByxr333rtPxgljjneS5/lNN90EFwyYevpNx5Mf6SBLzvEr5XnbzDl8HXWlCRQUr3wSYuyEOxhkj67xvBGindDx/tZEaSGeiEKVgcmNaTRf03odVVYYEkNxLBnHK9HWuenTozlCg181j54Q428+9zSeA9PuFdfSJULC/TFLS93TDUI6OQh0xWwWSUe4236z7BthQeNk129/NbPsjnP7Lyh3BPaxH5Z/m2XfbYQdzNA63Y8cOWL97vap7bfGxlEAmfNH/6BXPGEaDgXBAUcRBCd2NT10KL/5lqvOnH3y9JlpVTcZKm2wcWQS5Yx23WBmr6d6tlb0CgVmYg/CWT7ogbLVRFsb7pgkDTcRCrWL6OPePCpmOGZEcWwgBPlhFox2TBW4FLDNy3Q6ffiRR79474PARYW4JsFyuabn01/88sOPP/nSF9x87TVXDYdDm6u2LbfH2IaqqqrZbPbwI4/d8fm7Tp7ehKiS4nOX8hnx4cdPPfTwoysrK4PB4GDpch/4wAc2N919r7jiije84Q17Hl/X9S/90i/ZZNjEfP7zn3/88cd5/6FDh+Ix//W//lf7XHbjlltuue222+BAwQxcxnd913f9yI/8iM3PT3ziE3/wB3/wwQ9+cDQa8U9FUXzrt37r3/7t395zzz2TyeQ973nP+9///re97W3/4B/8g6uvvnqX6//yL/+yhNcRCAQCgUAgEAgEAoFAIBAIBAKBQHA54+zZs/tnnDBS3ok9HS4o2AkZFUwSB65feW1gUVRizgXGp1HwHR04LIFcEqRNTEePBK1L0x/rXbvOneiWuCdnqYycjcazVjDLyRFqT9RZXrDwCR3qhE+wqpwairuN8R7l9vpR7ySl2KRr+ZMUCy4BTPfNLP4+93I6pQsvS4qKkE4OAuHNplZoH9us4ZFun5OuyTNM42QvvRM0Zzc2lEfGMct0Sw9k4h4yRcVFzvG8MPuXVlAbmJRleeL48AUvvPaeex977LFta4iLrNAGNXP/tHYKKsBiJrDSK+y/27PZFCHv9zOVI2gKteaurEFpsuCKGwV3nrtXTXesnCyKctHfrHmHpcJcFwPcMP/lRz81q+qobmIimcnvgSfPbP7ZRz416H/h+JFDa6srRw6tZ1l26szZjc0t+9PWaBz5JaZVSYHAX3G27SOfuvPY0cPXXH01h+k5KLz//e/njR/4gR/o9/t7Hm/v/tGPfvSuu+5Kdx45cuS6667j7fF4/Fu/9Vu8/R3f8R1w0Hj961//3//7f19dXX3Xu971hje84X3ve99/+S//5dFHH02P+YZv+IYf+7Efu/baa+u6/k//6T/9yq/8ynQ6PXPmzH/8j//xV3/1V1/96lf/7M/+rL2C3f+//tf/4lPuu+8+3njHO96xez7YS/HGpz71qe///u/n7de85jVvf/vbQSAQCAQCgUAgEAgEAoFAIBAIBAKB4MLj5S9/OdCS4HMSLHn+859vHT3WY8KnXzgE2fjEbT+/uadHnxaje2UT52UE7PAAyJuGEDxrfIpbzN4yBgxrjrigCuzTpJ+aurY+UC+/gkg/UZCezIG9wkwpKXrW0VTpuuEEWKcnfbSnoWi+0RJiQ0ymMSC4vIE7bM/xmS4XCOnkIIHntm0WtnfSOGm3I2eluw1PfXuf33Dw22Zh23NNoKt3cmh9fTKdbrkgOwP7Z5GjFxpxmaHSx2pv4eKb2dMbJ1WCGrPm+huOZ1lP60cee2wM0MuUarRqSHdKN7UjnDgTbr+zfqlqwFGt62mVFeCseZEBVLOm4cA5ThiLxa6MY59QeDQXe8dAVmnNyiIGLo3NtubGZtTffOzTZza3IycSQmMUeCR0KPFIxpPZA488AXCyzUPfooWzTOcsz1+hP2ZV/Zcf/uSbvmFoOxAHyDt55zvf+Y/+0T+y1/z7f//vLz3AvhEmYcT4Pl/7tV+bkk4OHz78rne9KybJ5smtt976sY997JZbbjnw2DoW3/7t3/75z3/+537u55jmcs0110TGiU3Da17zmu/8zu98xSteEfd8//d//zd90zf9yq/8yh/+4R/aroFNXq/XW11dtb8+9NBDn/nMZ+auf/fdd8P+YF99PP05z3kOCAQCgUAgEAgEAoFAIBAIBAKBQCAQXCycH3HkgkbViUhIF55hYtL9C758DEfzim6KiUOhaxC1D2ezKFtBRyJ0XcT+EGa90M9K08p462p0/kU+wF2dXXXWG6m10opu5i9AAXOsU1RlqshKKMkT2tBXXTveib0ikU/cufSnprXxfAltOs9l9sGvEVxoBI82/bMv0hMmnvDLCHjmt98JBwR1qUvmpSL1mBMfSavl7tt76Hmcs97JM+Z776d+/Iu3nDx5smmaQ+sWh4ten7l9qLLGWPOaN465l5HZVMy0YG6Is/tglLI/FaD6kzE+cP/pu+56dHPDHjIc11mlVV3bV1Q0YI8qnESVNfSAVaOnla4ae7LjOGCe2e1xXVWOdeKIJ04hhfhkFMrHNOAYMrVxZEL7ba27doGB1Pv/Lyc1cc3VV8DFQl3Xd3z6c3/xkU+17JBWp2RxjztlXsskvpSEiRn3cHA5SK5263Ove93XftVgMICDw7333vvII4+85jWv2efxtnjcc889vH306NEbbrih1+ulB8xms3e84x1ve9vbXvWqV8EFgM32lHbzkz/5kw899NCb3/zmv/f3/t7hw4d3OuvRRx993/ve96EPfejXf/3XT5w4Yff89V//dXyQp4ibb775ta99LQgEAoFAIBAInnE4ZZ4EgeCZiKN4DAQCgUAgEAgEAoHgoPHwIyft9yu/7Z+GHRiduFEUhJyKauFUF2SBHGjgf6Xj2O1PgWxc2AMTvJ4hhEAWGCv+VvZcUjSJ/AJsf0uO4eXifJhf/Y4dnoFzeCrvFSdREwTt9E1YeMXxUByZxcym06aqK+cBDcIY4eaYZAF5+9xVARry/hl/ZMgR6JyxCw6KBoFz2+SInLsDHhQroHOd8OYwkIYMZ+lBAVNWk2l3duk/4ZD0LanOJXBZ4pfe8CJyJ4R0cgAwJz4CB4BdWBm73j05Yvfti/ydPtWB5Mb0kZedPn36zJkzs9lsde3QkSPHyl7Pxdqxbn5UmgLdGFcMWWwqI7tOGjJekwRJ9aRE7I9H6r57n3jg/pMbZ6oG+zNdTKdQ63zaOGKKyh3vBJ1oVaa1qqb1tKntLwYzrdSk0dOmaVBr2zY49oW13Y6/YSj6mm1XHPfFmnfQtdGTaqoBP/DvfwAuOunkd/7gT778lcfnlEvSQtWtLnvvwQV+HSaN56G14be9+RuHwyFc3riYklMcs3CfB88RVgQCgUAgEAgEgt0hpBPBMxVCOhEIBAKBQCAQCAQXAkw6ecXb/t8Q2QVu94Lzq0s6QWY8qOBm8+EFaA18OMsRE5q5u9nL5Di/a4l/ikkNGH+OdJLuiZ2dzhFqiAXjCSIhYkb3siR04qLwEAfFbVc1B99R/tGi7y9end2tEII58EJ0NecdXPYU+sBIJ87DO4cm3CXeXF0Q0gkklJOEdIIxq58aDL3ePY+aL4CAib9WpWm+rEgn4uM8SOyD/8G6Hen2eWucPK31Tnw+7FPjhL97vd6RI0dsrT516tRoe7vXGxRl4RSiap0Xpf3XUfsgBuRpqCopNvqGrB1pXjVG1cPB8IbrTzR1Mxp9pZ5AYat4nk2s1VXQuFOdDFWWF3meYZapXNkqXJnZzMXqyew++0+loXa8E7bkbMo9pZE4h+DaEtS1aWYkonKRYZ/8Rbfe9OCjJ6kh8fHhulom7QvpaJnEbWozvRrKjsf4qymFL7z5hv0TLC4hLqZ5PacMEcaJQCAQCAQCgUAgEAgEAoFAIBAIBALBBYWuAz0kYXKk0hGmS55g7gH4kDjoVUEyMNCqhwR+gpq7k5l3S2VzXioOtWN8eAHHa7Aet0V+g0nOQh/jx4mbhJ+9H5pvx0EgrKtSFW7TaBdtp6nruqqsK4ri7Rimnph4d898YRc20RqUxuDQNnM8ExMf+YJg8cKUscSAgWczEOCyzgBxcx4kcO9ts7BtWC4i2W55GBAoZsl+f7XuNpzfttnHfrZYe+4/x20D7R7e9swSSGgjybdLnXXhl2W5vr7e6GZzY2u0vTUY9POisDbRWU+VGd3Yo8jcB9kd+wdZRa9tpXSmsqaZ1YDDYe/a646ORtsP3H+mns2G5YqyFnjmAp/VutKNC3RmDXauTJH1VGb/1arWM2eA0Ro3YvqRLSbKoSF6nRc78Y/mvvK81JfCBNi8uv7aa17zihf91cc+45vDlmsCRa5uuu6qx06dObs5jjwS4GIWG0l/FjDjpN8rr7/qivsffrxy0YYgslK4XXnhzdc/76Yb7dsBgUAgEAgEAoFAIBAIBAKBQCAQCAQCgeCyBPM8eGV11C+J/I0gcdG69twybPCBdVzYA+NckI1pnGRFEDtxLkJtoEMW8c5N9roxFcT7EiNbxauJ+LvwpbSXTOmyU/xK8PCXdYdq6ERh4ev7JeNeqMOtpHdL6zMFeZbnWZHrxvFNbBZYL2hT103dhJg8ziVKbBTKHJgj3nT+wm6OCS4knk40GyGdHAxSktfi9g46H0/xe0eOyNPn+xyfmjAcDu130+jtrdHW5sba2prKc8fOK4DElDj3rU3MgsaSPZ10nwyz/iqV5UbP7B+HDxXPu+Wq6Xb9+CNjZfICC52p2hilstpaVl3rGdTWEudQlNYkF3VhspnTNwFotCMamtpadcPcOmfeNdFf0kBu1oqbiyitEcEZ9cJbbxlNph//7F2pusnqyuDVL7vt6qtOVFX1wEOPPPToE488cbqq66VaJjZDr7ri8DVXXvH8m2+0LdMLbjn7///YZ05tbDPvhF/KLTdc/fIXv9C9iKeD0olAIBAIBAKBQCAQCAQCgUAgEAgEAoHg2QlMdDpwya/L/fzIjsaoLWB4DX1LznCkE5iTSFH+SHa6tfeLUWJoKX4qWNKSTbpyJ8w4MX6RPvNE2CvHKinRwRfP4z+t41JlyjFOchfYgRLpEq1rJ33SVNY9qImsok2j7R7dMHXGej81et2UJUoni1n0TKKgzKnR4KXw88abw9MHQjo5GOCu2wvfZtk3dr9hl2+zw5XNwvZF+IZdt2G3/WbZ9xKNE/52lpEM6HBl5ZjWdu9otG1ArwyHedmzVV5lBVlTg0ohUw7Di8isvSQ6iPvVNPYyuqnshQ8dKp/3vGu2zt69sXHG4EquVuxllMEiL7XBqjZVNXMElqzIlLImGXuFqhuoXRQ07eLw2KspnxvWvrtoPqBZ8SQjU6wwg0tDxbB3X1lZeeXLbh/2ex/+5BfqprHJvO7KY1/zshedOHG81+vZrDhy5Mj11576y4/c8ejJMwBL9E7WVgeve9XLD0M5euIAABAASURBVNlsKksmsvxvr+3f8dkv3vvgo/Z0mycvuuWGl97+gvX1dWGcCAQCgUAgEAgEAoFAIBAIBAKBQCAQCC5noCeQuG0mYcz9bLosCx9PAJTxqiUciQZieJuElKDnLhZIKm6VN6mhuAOcQ80kdJNFvka8YMtHMQuPoFj+BBJ9k/a+/uKayCTunyzPnN+UPKf24KzIMVN5kauq4YXopqmyOm+sN7Ge6YaCPaAnuuCc0gmmDzjvID4AmPY5Ow/dMnUuLMXFmC4ZCC4t7+RpAyGdHCTS6pRss1ZHun3euibPVo0T+o6kE0V0Ct0009lse2vLVvXVLNfup1plmbWuqAEzzi5NZjfTzuopr8+hG4OOmGJNrf265urDp557/Mv3Pnbm7LbWmd2FWGb2TnmuVGOv1ujZbFqVuiwGWVYUmcqcgFaNpq6axgthkVUNMWfoTZEtsvc3l9AQMU3kthc8b3Vl+PHPfvH6q0/c/oJb1tbWcvdoLiezLDtksbb66BNnonJJqneyOuivrq72ej3eU5blFVdc8dpXrVx5xX133vvgC5573U3PfY5onAgEAoFAIBAIBAKBQCAQCAQCgUAgEAgufxhyGfJ/i0SJVjIkPR78Ynm36DyofxgM3AfUMWDO3K38onXtj+HfG6N3TR8uDV3TaqpoCKlHz5kh3gn7oluhFPZX0qWauta6AR85CKyHVDlnKGKelVnORxuT501jXbHVJGuqWVVVCD4ikE0vBeXx94r/e3KGzwTeEw5ZTL/XcYE9YUx7p2W4wG5Xc7kEDiLGUshdTP2wCPNEoMsCQjo5SODybbOwHRVN0m3sapyYZbomHY2Tg93e5RsOfpvNkEm3YbnGSbKdqEVlWba6ulbX9alTp0fb29Ywrq+vg8p00xBTD0j4hCKakalEQ9w9o3TgLjqxEzaSZvv6G69ojKnufvz0xjZmGXMVrWF13IzMxe6ZzZpqOrN/9IZFVuZFqYqmhjE0zcxoF+FMUXZqA7GRcpdunPjJpa319kEGg8FNz33O9dddYzOtLEv7nR6Q5/na6kpknAB09E4G/X4IX+evZo9fXV297QXPf/4tNy29oEAgEAgEAoFAIBAIBAKBQCAQCAQCgUBwGSJEuiFJE6NNV04jOMQSNgpHkwmLzb3QiUImrzgo4AgC4cT2VmEXEinEOP8lwDynpEvEaJp6r5XeTmLFLa034aaJIzZ4Xecf2a3HZ00UpXxoCeKdAFLgBvsIJgPrBzXWN1rU1ayoSO8EKBRPpa37VUOjk9zyKivhBvFRDoKyEag0CdIXcxF4J/N7LoHAAO71p7nc9FeEdHIwSGzPQWp77KB38rT+Pv8cSDPc2r+iLI8cOWK3H33skdH25trqirWz1ug5iSonYtKUqiQFErsnQ7610Rky74RMMTjNkulsNBj2b3zuVU2N47sfm0xGjalNU4EpiqKXYaYKzLPeeFyPtrabphmsDsuyUCpH6FuzbKY1aHt8RlQXYvu5BGpo5bcusQqIbTZ6hKW/Zlm2MuhH2+QznJsFxGG/XDzF/trv90EgEAgEAoFAIBAIBAKBQCAQCAQCgUAgeBrBC2l4ygjOsU5gR0YDUU/4TJY/0f5QgxQWwYc+oG/tHW1A1BDvMER368WrewmQ+IPag0pgWD2F9Vra1LEjFcPFzIJiB/n9/A8uLITWTBzh0Dz+rkZhZgrVK8rc+UCNUYDVbFbPqmpWAUmh0O1NQ5Iw6Ak5lJ3t40Pq1OUQPAj7XqTvnyrqwSjY/7nPBMQyuPShW6fzoirPpYWQTg4GuLC98G2WfSPsqHSy9HvJlc3C9kX+hn1vQ0fXZBeNk/Qb2m/juHtax/BpmOX5+vr6aDLa3to6u3F2ZWXNiZA4dqEzedYIqkyB/Vu5Khh5cayARRmqbcYOV4q61uXh8qbnXV0ZeODBJ7e2tx01BWrTNKD6CFmZKeyV2814OtnWetYb9rN+b5CrQ/3S3mJSmVrjTOOE7K812IruZLj5wMvaEtoErwz7ENVNIjOOvg+trUjoHIFAIBAIBAKBQCAQCAQCgUAgEAgEAsEzAs6VZ/2NuJwLgYGtEfcv+PU92aIj65EsntdeUwQVRYpJ76IXiASeOWJasRA0u8ff8cdwkB9s9/lkcGwDaJPd5X+4G1o/auO0Tlzi3JWce1qHZKA2zrNKQihAtIZS9a1DNivzxqJqXLCeRnNIHn9ttSMr5KkIn6SnIjxbsWsGXla8EyGdHCRMUuiTbQxxZFqdDwi8imefxsneeicQ+Ddz+41j3dnKoyneizV4md1X9nvHjh61P5w9c9bWrJWVFXSKHtYSKif1xAbRnpVFqopGb2vtRmagcUfn9rdqbb18/q3XZJm+7/5Hx5MNhQM6KrPfTTPLVLE67E1n06qe1TONWYNlMexlmBdFpsezWtdGOQurmb7hDKxNw14NwyWHbTWOHjm8tjLYGk248TChRRr0y+uuvbooChAIBAKBQCAQCAQCgUAgEAgEAoFAIBAInuYwxkuScJychV9xwYuPHfcvhsXm9A/HzXF/KpYS0QltxTNOYmAeMPO3I+mR9g+6oAvpMJfg9uD4CP6yXhilJaBwOAPk9CkIO5PLebkW4zgntHI+XJZOM9b7qrU7161Jp2fFTFknqcozCtPT1LOqqWrtGCgNheCBKACzlP5w3pyI+WA9kUVjnlUcFNw9Cy8W72RvhQIhnRwkcPm2NyHYbkdeBe9hc4DptvF74ra/wsFuz33DPvY/hW2zsB0VTSDVNYFFjRP+TgmDplGcPwYHg5XDh+qqqmazCnFkDyvKfkYRdShEGToyoRM74aBqDSZ6U2wfraHUugKlj1wxfC4cn8w2v3z/Y0Y7VooLnQZlY5qsVHluzWqJ00ldz8y4KVQvK/r9IkOVa9Az06CO7Qal2HEDDyJ42YWEbTTW19e/+Rtf+/gTJ7dHEw47ZP8b9HtHjxyyP4nSiUAgEAgEAoFAIBAIBAKBQCAQCAQCgeCZAWKKsNN0nw577G4Z77o03gWsXYid4M8MFI/o1owRdhZDI3QIJbyNFDpnMQUpPSVSRyysJ1Q55gif7sLkcGQdH5QhslHScwNLBUE32ueA8u7Npm5ctB2lTEYKAHaDr6gwVxkURZbnTVU3tfvUVa0t6sYYc4DEBwNpsB5tQEXyzGL4HsFlgoMknZh9vGG8kNyjhehUcNEkZcxu2h5P8XtHjsjT8/v8cyN9yaxMpRRq7QxZr1ceOXzk7MYm8U4wywpDHDyVOYkoe7YiAolCbDTR/9DzD7mQcDSeDDXo7UPr2XXXHdnc2Dhzum6aWtc1YGUwd6wUaOwlnbBJ3ehmNpvoTENWDlayflFmyljTOnPxf9BxFxtrBTWrnlykQnjeKIriCgIIBAKBQCAQCAQCgUAgEAgEAoFAIBAIBM9QtDwPWBTTmNsTCA4LbJHorGQo9mYa4P/cfnZkQocisXArjDIVCftER0YM/x6uoNIN9Kc4VRNHUsHgEzchRQ0anL+vl0ABHxvHOUzjyvMo/EKpt55TF31C2eRlfIiLFuQ4LSrPC+t/zfKiqessd6F26qpynlNdUzQI7aP4sPiC8XEwyNlLCQU6ps2EJFc8lUd1CTaePDP3LPuhnRyUg9bsT2FgX7SEJZfC+b/aEuqPxpAMjPo6PnYIhv1Lrob7Tvl8gnZ4kN0vdrCkk71xubvfzxe4/Nss+8adv2HZ95Irm4Vts4/9T/Ebdt0PC8fA8m+z7Bu737D0O147MPQaY5ydM6bJ8+zQoTVQeOrU6Y2NzSwrhysr7jgnQgXamLqeguPk5WRHSYGEbZQiARUf+KyyB/7f7J0HgBzFlferqsPMbFTOAQVyEiBARJloE2wMGOOACQbf2QbbnzM+B3A4G2e4w+c7G2dsMBgwyWQjTBBBIJGEJBAoB5Q3TOhQ9b0K3dMTd3a1ErvS+zG0arqrq6tTzc68f/8fo9a4MUOgzpIlG95enxfUDonP5ZAJ46dNOAyp3ILhTjAOAynxLeHYNpfyvpRDqLM1192dz/tycJdnEAZfvste9QiCIAiCIAiCIAiCIAiCIAiCIAgyiCgqHgjEGcvi6yZoWBJfr2ZRQkiJAEIwS0V1RXFdlSVHhYATMoCktUlVQUCUXkcUa5ly3O1QNRsLM4zWRChJiBSS6Ii0XCy0hIYWH8M3XTHRVqGajbqnApuUy+1EUhhOGRMhF0xllJDP8DOh3E9UoBQCpw6X8hSZZwcIAh8Kyvsk5ITzWCxh9iVOCUQsdUiT0hOoxHVAmBLLKGxocWl0cEi8AwklTXUxRH9GZxuRbjSgOFHHtIf11HKjKyJatJPQjojooAlu0iiVCUSS7/ojD1FlNoyaTWJ6nf5EJK7/RGIu49VBIl1FLz1OBrXfiTkOiXJv3U2M8kaYGyr2uRLKnoTIYS2ira3V9/zurmwul800NRFzE3JYOQhCPd7ajq0kgnL0olIqR9Xgqe9YPUaFrutMmDBKiFQYrlm3NhsGMFg6RKSkJRVj6i6WEj4hx0/uy7w6lp1iaccdaltyufC7Cx5X3lMw0g74BDsIgiAIgiAIgiAIgiAIgiAIgiAIsrshSlUArGIpicxB6lF1cZS7wRQoLdUuaHVLJP2Itydjl0WFQY1tFFeBkGdIqKV3RAhGS5wBWGmIUkQ9oclZNLF17bxCEyob1U2pj4GoKLyIZROLKNEJZTLjjm3aFVJ6EsiEO37g+dL7RElP5B7yMu+FeAe0KUP03iwqVznU0nIk51evs0uHZ+OTWHlO3ylQdNKfJMVDFWWRuHmS91axLKK7LVaZVJTJ9pcbnJL+KYuKslHelJbLPE6KZRK1pu+XpO5PC/04F7H3lNSdtLcVCl4uV+ju6mpqaiIWi+2gApmEzNd5yKQcRK0M46IQ2mCqeE+GwoN3Y8cOCQLh+8s3b+okQRPnLPCp46RsyxKEhRzatgkXgTSMysu1Q267dotjh01p2f0g8HgIG9uhKaUQBEEQBEEQBEEQBEEQBEEQBEEQBGkEmvDPKJV8kKQrScITpBai7tvEbB0bVjlQSpqreGpdLpWPs3NatAehZfl34opRJ03UNWqZkzjPjuBR4DWG08hOJOpCpI2hym2k6m5DO8L0V4jAkuIW6RCjbAGU6wlTT/nbjDqW5dgQLQ08JwxDmXMnkBYoMieFdEQRCXGEPi5UWXcII8iJPFriDgiCj/bXgytfmvgi2UE0eApQdNI/VHh7bOe01xqRgT3tn2NSObJHHldGZ8cIcR13yNChQmzNZrthAGtpa7Us24y6gvi+DwOa7To21C2mwRLaPkuLWiw54opA+JZNR41u9oPRy911G9b7+ZwPg6jgtqB6JGWhTM4jX4SHnp9nPLBFynWcVteBiiSXp4Ff4CHH0RBBEARBEARBkF2ObX7H+tzGLfmtuTBfCAswJ2WlMlZ6aHrI6MyIdqeNbDfwDU7+OEVpOpUi/c3WbdtaW1osy4rnbNmy1fe9YcO34jcNAAAQAElEQVSG2XY//1TSne3u7OhyHGf48GH6LXx1hbdk+4Bfl3L5HBSam5oJgiAIgiAIgiAI0hCRj0j0kHtikc4IkzTb6LdYflIWUEciAF/0KDddFDqEyViyL1SLZVRqiOipfK4XEC3rKMpfKh6Ml8oXo/ZINBkvNEKckh5KuUhC2SAdT0L9lquEOVxw+c1aCWqYZUkVig0vW+bdCXnoB2EQyJwSQaBy7gjtCWB0MRBpZbHtCSORDUHxQEXHgfTjmRi00IRqSexsMU6dw2+uTxSd9A+0OBXVprT2lFSbksqpaLi8E6akbrliKqpNq3qc1JmSxL6qNzKrWXFY1N5NjFktMrEO3bxpU3d3N4xsTc3Nlg3Dm7SQkk5Oga+PspLdyZEsYRNlbFSoCKka9poy9uRJwxn1Q3/LhnUwJkqTKjnkWhasLD1WCFVeKjCkBqHvQ+suzaRTacuRFUg3jPM+QdUJgiAIgiAIgiC7EGty65dsXbout35jbmNHYasXFLzQg/mu5bp2qi01ZERmxJjM6L2GTBuXGU22g5cXvPTkY3OHDG3/2KUfS87vznbn84U6Kw5pb0+qSSqB38j+/JsbW1pbjz/p+ClT99Az77n97hXLVk7ba+qHPvYh0q889dhTTz/xzMTJEy/+t4s2bNx4659uGTNuzOlnnZ5Op8l2sOi1xQ/e86DrOp/+/KcJgiAIgiAIgiAI0hCJsJ1SUdStzMsSvmjDkvI6cg4jPW6QGvVGQvgiqlVWwhBa3GTRvMR0gJY0HZmiaPVJ1CQzqhWSrGKZOG3JFrkxEJDl2FklEZDlInZbkdkjKA21BoWZOiEPpeEJBE8hOiqFLpbNTPTUchwInoZ+EHgQRYWKMusOkeoTqvPuCKJ9A0QiLK7noMqknNJTL4kzgZB3jOKmUXTSj2hPjhJvDxLpKnrpcbLL+J1UOSY9TkmkyInKpjUuBzVRlqQKFnBl66QtnITyZ0ql3Lb2dljY1dVlWXZTs6W8naTMJJCqOh+acFwX3qv7E1aJdC2RINCSAr0Q2k2l7HFjh3pZmu/Ysm1bFj4OmO0QYQuZXkcOzUo9yJkccrkIhZcnluB2KtPmpmSjnTIBD0EQBEEQBEEQBBn8dAfZBZteXbzt9RVb38wH2bKl+SCAmR35Lau2vZW2m97sXLZ3+54zhu/fbDeRPvHaK4tuvOFPk6ZMLhOdzHlozisLXq2z4jkfPmfPvabXqbD0jTdv+dOtUBg7YawWnWzatPnWP9+2fs3ak047ud9FJy/Nf/me2+4+YMaBF//bRSvfWv6X3/1l2PDh3V3d7z//7NaWFtJXFr+66Kbf/aW5pRlFJwiCIAiCIAiCIA1SFrU3jgIl4o8ywUOZLkSUGnA0itoEja1EanfPBEaJKNGdiLiv1DxCrx7FZ3F2HP1wftyp+Hn7ZNPxpqNCJPUw4Vz5jwyaypwPxX4m+qz3nRLpVUJVbFa1Ke1ZILDKLa50J9Tk3aEOkyFc7oROYDuOtDyRxicQqZXAVOpdkkcjGSROHhMyUNkxao/ynE+k5BDFdapqTeL5QlRcAP0P3UVEJ++obKcqSRGWiCRnlNT0O0lqU0isMqkok+0vNzgl/V8u6uVij5NITUJKPU6KZWLmkKKLiZr6YWDbNivaXdH4g0DfOTCmMTWUOYy1NGVEGEi34Vy341ipNINhDoY/xkkQ+DJTjrI6ocoBhckxkXBBRWQapaSAUmUHY59r00mTR1PR/PriFZ1deeFD3wLmNMFmpe5EKV5kXxgNBfE9P+QkJZhlWa3MJSli8TxBEARBEARBEAQZ5GwqbHli3TMvbVjQ7XX0WDkfZJdsfGV1x4qN+U3HjjlyeGoo6T+effLZ+++6v31Ie/vQIWWLVry1HKaHHnlofdHJXX+7K5/LpTOZyXtM0nOefOyJ9WvWQuGUM04h/Y3O1xOqBxKGjxx5+vtPf+DuB//06z91d3Wff9GHhg4p7oX65S2s1Y78tptIyqMtjntFd7Z708bNUBgxckRTJkMQBEEQBEEQBEF2a0S1qLxoLFSfjGQ2BCUNKFWklKPUW4WXJAJKhseT3wpNFp5oqRIfsGh7TM/SViv6Sf6oGlfyFCo4S9iiwNfSUAU/oZrUtWhTE9kP1YjQiziEXWm8DoX4qM15aEQnRH2BlQl3LEvaoNi2gLBtiivpiR/InDt+6AfSIICrDD5CR2blLqlEFyabT8kRa1wboALRO0pJ0LNBTr8halwxSZlELQHKDqbc2gedTvqHCm+PPkx7rREZ2NM+H4eaxwQGIHnPwPAkj7jOVaYOPlcZwISR12lgBGttbbFta1tHZ1dXJ4xWLa1tMHLBfIfY0JTv5aXPEy1JS6YlJ8pxSmh1EKMMRrh0ik6aNIyR8PU3Vnd25GA0DQJhOc0yWxrUVtpEizJBuQVDfOAXuoXjptxMpi2VEnUMtRAEQRAEQRAEQQYDmwpb7l/1yGsbXg643/ha3V7Hc2vndgVd75lwUv/qToBZxx91zOyjy2b+949/sWHd+vrPja1du+6f9/8TCkcdf9R0pU3JFwq333QHFJpbmsdNGLdu3fo6q6fTqSFDhpDeAN9MYQq/qsF08h6TLrviE23tbTf/4ea/33Ln6e8/PSk6efThRxe/uqRWO3tMm3zGWWeQ7WDRK6/deevdUHjfB86ceeThBEEQBEEQBEEQBCmnVvxeJAqitCDjlkT/149bT6hfGlUViGIzCS0CL87Vryhlj57oR/tL60QSGeV+ojPwGA8ApqUQQkkvYvGKCuxyGVil6kF9phZb8H3YthljtmURh8rkOmEYBk7gS4sAngp5EAo5L4B1oUllL2BiviKhPKm5m7XZ4SqMAeeOUUIcRt8RbVedi6KT/oEWp6LatIrHScWUVE5Fw+WdMCUV5bpTUW1Ka09JtWlJm0Q99UVk7hsmzUiEznyW6BnRCcBgKnUejmO7qXZYZfOWLR0dHbbjZDJNMrE3VaI5GLHCEEZEy1Z5xYhK3WOkb1p7wvWIK3UnxEulyKTJwznhby5dt21bTiXygd8N0zDWwTgsqKWGUGmfEsgEPh6sKJV7tt2SdgiCIAiCIAiCIMigpTvIPrz6X6+sny8a+V2nlID7sKJNnTMnndLnPDtVmb7X9Nknv6ts5l//8NcNdSUjwMP/eGjTho2O63zwY+fJb4iELHzplddeXqiX3vKnW+qvfsDB+5/9wbPjt57n/e0vf6tvOvLSCy/BdOOGjTf+9sbk/Fw2d8/t97a1t+5/0P6HzDwE5jz6wBzoXq12jjvxuO0UnaxasfqBu++HwsGHHYSiEwRBEARBEARBdkOSkfgasoEGxQQ9N9SPRKkaCOeC0ioalCpPX0AoNZmlI7ljWkEiE/TEodFYgxKFdOXj+SJuPd6Efmw/ioqbyLEOdsvAK6fap4QzmV8CvizD/8yybAjHMmrbtoCyA+8Cy7HDQOasCAOfBUyn3YFQsPJnkZHcuMvFbsfd6ZOLSdVfNPp45oxkZ2frTqLLoOZ2d1aXqmzF7rFzSMPEuXIE6Yufxy7jd2ISfyXKPU9JpMgRsX4kGtSisnQkDtToA4OTbalhUKrpjEsTwGXWMKGdUIi88bgIRVNTU3c2290F/2fT6YzjuiwMqaABjGSBpySIMtOOGiGZtC1Ro6IUr1BLacCgV4JZIqRhpql54sThvs/Fsk3bOjwlOoGXIziTwhOpWpFpdWzbks2LoDufdVIp4qLoBEEQBEEQBEGQQcxT6597+e0X+qA40cCKsPqw1JBTxs9upP5LC15aumQpFF5UWo1tW7becYu0IRk5euSxs4+Nqz39+NyObdvK1l2/7u36jW/duvXu2+6BwiGHH3rAQQcQ9fXvjlvu1Eu7u7rvue3u+i3wkCdFJ9lc7obrbwjDeqKTfC4nN715y6//+4Z4pu/5PvH/+se/Qvkjl3xYi05mHjWzrb1NV3hu7nMrl60YOWb0cSeYvd7ngL3fXPpWLpvVb99auowo1curL79audF99ttHS2qSwDdiXXCjAoIgCIIgCIIgyG5GQsMgknIRWra0sn4potos/Vg7Na2Xt7S94XjdYmm3a1fWUU6lASlto0ygYvocKzqKmhIS7YW0zYiWm2f29QP9sQYl2iKN8q6EEKQ1ohOIw3I7hKmlkAXXYbbFuSN1J6EdeAG1/MDzBWUyuY9chSotC4nNY4TopdCk8hiV7bbWSLAGElbsrGQ6DVInn44wqULiDve7AqTm4bKTlxVKT7YP42sS6Sf0HEoqPE5ESTkew5Jlsv3lBqek/8uiomxUOIkyIaUeJ8TMicukogw/ikn1hu/7QRhQYlGLKa8nkxsseYNF0jxZcFNuS3OzzA7me9nurnbHcR3p4yQKQmUNK3BuMWrLrD3MjD/SuITyaK8sIkKZY4fykDBobez4EZSkli3b2NEJo54viCUFdzIzGvwTwv/SO8VmIReBgG2GMI7qXnV2mV8GEQRBEARBEARBtpdmsnNYk1v/9Nq5vcqqUwmsDo3sP2yfcZnRPVZ+cs6TWhfS3dUN021bt2mtxoGHHKhFJ03NTUOGDV36+pvwqlwdFrk1pP9hGN55y9+Xv7kMyh/46LlaeLH4tcVzH3sKCocfdfge06fcqpxO3v3e94wZV72r+x64X8muBYHu52GzZg4bXj2F0KoVq7WTyrEnHFv1d5dJUyfrwsmnnXz8Scfr8pbNW1YuWzF1+pTLPnOZntOUyfz4uz/ZsmmzfrvszRVEiVduuP6GyjZ/cN0PKkUnbsocGWcAPx2B350RBEEQBEEQBNlZ0IoCKQ26FjMkGHEG5ZHKQsQTUloikZNIoildpWftgox3ygfjafV2G0YUtwlFHrVnlRi9qAf4o3ehDncmY7M68Jo4AsU2zSIhSGUPhd57GQdWiSOU6EQmzmEhY/LZfUvmioAWbEd+M2VKhsICFfANpP+AVDao1anRmSR0MDXcNEQjxzbR512PspOy8ymKTsrC9khv6JWvSX2/k0E93VHHQZNKpeD6VD5LYZQ0rKjY0uo5JvVoMvkXlfluZLYdRixYsa21JZcvAB3bOlrbWi0YxpR5kx/4Ba9gWQEjKYvAf7IPUXYwroxPpPeUzFdGBQyJQgStbRnLHp73ct1L14bSNAV6mKLEVpYo0IdQyERl0BMCI6XPRRgEBEEQBEEQBEEQZHDy+Nq53V4H2W6gEWjq/Knv77HmyNEj9z1gXyi8+cZba1auSmcy+u2ESRN0hRNOfdfUPafVaaHW0mfnPnvLjX+DwtDhw2bOmkmkvqHrj7/+U2dHZ3NL8yWfunj8pIladHLmOWfMmDmjaiPwRbLq/DPPOXO/Uj1KzJOPPaFFJxd+4mOpdLqyQmt7qym0tMQzUympiWlpbRk+bFg8c8nCJZsj0cmmDRt1YfHCJXGF7q5ubawS8rByQ44Ti07Q6QRBEARBEARBEISQpIKkfH4cNO8piq8dPorP0wtRLfbfSAxe1K8m4oZ6bDFJggAAEABJREFUaIyWZKDRriTGAIMm1tW5Yo08QC5lqgemAjUbqr37kQ9KcbtGyxIdVh3AlcFd6XRi27YsMoVlwctJuVDBdp3ADyjM8f2gy2OWtDkRXBj3FRWBNX3hJUdCb5KKql3r6axtN++AsiLep2qb3Sn94bXMTmwRqtxKlHCVZEkwk6pkB/WJV1yXckOC9GFjjUuWdjyxr0lySmtPSbUpITU8S2qVd8KUNFxWU1FtSmtPSbUpqZwaOLGZnXbcAvek7oRzW6nh9IAoH+FS+i3leyKVevLWshz5fyqTJkwQK+95uUKeZa10OkWpvNZV/jCoLMKgIITFYAvM0k1wpT+Rvk+CKhsnmIbQR8sSzS3OXvuOcNP+a4tW5XPdlLYR0iSEo8bNkMK4aTGHMvmPFKqYi7C1pT/zlyMIgux66KdacbREEARBkEbYLHJkx7PN73ht4yuk94xqGTemeezSLUu6vc54JjS1beKJ7U5b/XWPedexBxwsE9/8/dY777hpVfvQIZ9QVh/pTOa+u+/zCh6JjDA17zr1hE0bNr08/6V4zvxnX4DX6LGjZx0zK565YvmK3/7P7za+vQHKI0eNaG5qhm9wD9x9/78eeQzmnPDuEw8+dMa2DiOvsR34yat3soyx48fsMWVy1UVvr1uvC0OGDR09elTcn2x3dtqe02IhSCN89NKPak0J8NC9Dz3/zPOO63wiskIBlr7+ptbNVCXOqqMVLQMT/GsQQRAEQRAEQZAdQWdnwlWRqifbuSgLRRqRRCJwrfMtFIOigkTpbViiTpXNRUFqmmydNIB+Pr7WWko7IhO/ktI4uCjbbtSISOTHkXkeKnZYxqmjvaZF+UYod5jrphip7yxiFCHGI4CqbVNGi93SRS4CL4DIbCgX6TgtDQLXSaUsZRXAXNsOAmYxmWdHBXp9+AWAa8sYYQo0cjpJ2mpEUoO4V0KFd2lJP3npMY7dUygp1ylU5M8t3X1aFOVUO/FVD1HD1UTp1hhJHMbkWS47jdFjJ1pdFDXL9KkgvSTRpfKCWsL1bVG2Vkl6HWM1gX4nfaQPfh67mMdJ7/xOSKTCKTsmsUIvcefoMVxuQovg4AoNgjAIApgps38lbu+iUk8Nu7AeYyyVSik7KpHL5QFbDV5ESVW41NfB4MzDUGgFEJUWxGogUpnGhEznRfX9K9VZLIC+uik2ZuyQgseXL9/c3Z2zmAVrM8qU65UaUKVxit4TiyAIgiAIgiAIggxCXt/2Vj7oda6TsW2TThw/e0LzuDvCwpKEZgWaggZnjji4h9XHjoEXFCZOep4oecQ+++2jF33h37/oeV5Z/RkzD3lp/ks3XP+bsvlHHH14LDrp7Or6w//94aUXXtRvlUcmWbxoyU2/v9n3/OEjR3z4og/Bl02yYxg2YrgubN2yNRad3H3bPW++8ebJp5982pnvabyp095brLx65ernn3m+uaXl7A+eHc+c//x8LTpJPrsW40ZaE3cAp9dBEARBEARBEATZsfQmDi4SuXVq19Eiln5AKyjqqxVMQLbaXpTIUHjC9UELZSqMSdS2YmGA0CIBWroh0mOHopBx8o30KdHxXppYLEOvOoWQjKrqbUCU1g4dB76mOo60G2DML/g8CJTpAA08jwoqw7Uq/Y+aGMMWs7tUa2kSnTHKixL5UOI7Mk/WjOYL0uNODgAav3B3kNgjofYpR/6kUsywg4qT7aKWx0lRh0Gia1of4lhpQUjJHdfnsmhgfjw09mtZEFLudxIpS0gtjxNS7ndCovlxmZSVpYeJZbmuCz8RClFQbkyhzvtVVS+mRi2uLJqsdDoNbfs+jE5eoVCwLUevpVRejDAShrI1LdhjlpwVqi1TaQLEjNoRSlKwFwSCplLWntMnNWXa3nhj7dYtXZSGhLp6jBSh3HvKYODURlQIgiAIgiAIgiCDjyXb3iC9ZFzbpFMmnrRv+54dfkc+yFU22KPopA6rV6yE6SWfukRaXSrdxvq16+B7XHdn14Z164845siDDjkQ5q9bu/6e2+7u2LpNrwXfHOHtA/c8kGxKJtb51R9XLZcNnvvhc6aVZuR58fkXOzu6Kjswfe/p48ePI9VYu2bdsOHLk3MoYxMnToAvnkOHD9VztkSZcTo6Ox+458H1a9buve9epK9s3rQFpsMjRYtGW4GSGj8wxa4qLqbXQRAEQRAEQRAEaYyGkm/0Qg9Qf1ukfwL1iU5TWoxNq8BtuRhAFJ1OyPZ3SYoNjFZFW6dQ0wiJPEtUDhYdJ+YhF8JX5gDcUfFfx3Ehhhsq7wEZAiYEChB+5YTrIC38CFAUi2gzgtJQrLH6MHYgtLgbEvWVmSb+LxXM7AK8U2IPu7wTECW3WVmGnZ2Q9GiQ0yuPk0pvj11m2p/HwRzZ5PzogrRsG368g9GnUCjAIETD0FJPqlVT9MmJckaBNVgmneEh6ezo6O7uhjnpVFqqWNSagsC/PIShDcYqZUklpSrSGks5TRk5XigFdNIQijk2kYl4OBk7rg3aX7l8/abNnYS2WNQh1KI08m0SAUEVF4IgCIIgCIIgg5P12fW9qj+ubfKpE0/ap316h9/x8Op/relYsZ0Nxqxbtx5+ZtLlj3/q41oz8dzceevXrovrHHnMERd8/AIovDj/xXtuuzue353t1o4mh82aCVPtd7Js6Vs6sc7Rs495//lnl/0ic8/t9zY3V0nycuG/XVhLdHLvbfc8Neep5Bz4UvmVq7/c0tzS1tqazmTyudzaNWv1opfnv7R+zVrHdY4/eTbpK5s3SgnL+EnjkzNFXdFJrDVxUimCIAiCIAiCIAiyG7KrhO2S2oK4nIzp0zhwmgi7agVAsp3SL49cPq2f3EpxtV51LupX3L4WnEAIVqcrUg/vyx5yOR+is16Y51JlYgG248jgrePospcvhL4PvwlIhQqXEVyS8DqRjTPKZVzWiF3itBiiKCtRpgHxwSlmEaJSG2GSXQwMRBUNTLUv+PXEG3FKELITsats0phWULLLSXt2GLHHiZ5SUsPvpGJKSOmBLpuKivJOmJKGyxVTUTqltTxOKqZVWiM15pDI7wSAoYfLHDsmT1VseRIPrJQWV9e6k+bmDOdhV3c3/N7n2PATn3zMi6nRzaJWQEM/COFHOu4H1FEraNmKGZekbROTZ5QzyqRKRQTpFB07tpmSYVy8vW1bNyVNgrqU2NIcxQxuFam/EARBEARBEARBBgNdhY7KmW2pocOahq/uWOmHheT8MsXJC+ueC7jfSIP12bZl63133zfv6ecPPuwgPefh+x+21Ve5dWvWJWsuenXxg/c9BIW3Xn8zOR++2IVhuPd+e192xaVPPfaUFp20tLbuve/eHR2dMHP48GFlG42SdveCV158Fb6k6nJ3V7cufO7Kz7Y0tziOM3nK5MULFy1dIjsG31Xvu/N+KOx34H7Tpk8lfWXj2xthOmHShORM/RQFiVIIleHEohMH0+sgCIIgCIIgCLJbIwN5JCSDEBFlyallGxHln6n4Vlv26D8pd6BQb01YtbTBHr4gl2sNkmYbxSQ3wmxA6BRCQuXNEVJEQuWSQC4P4XcE2wlsZUAAsWD4GgtTCAYHnhf4vrRECSUyQ0WcywUCvcI0TEkVyYUpqmQ8JA5bi4TSpOr+iap7itqJ6tjxLynF61KUW0sIgtSnz94eg9rvRO9L7zxOSKTCicrmOCTK0TGtKJtEYpZFZcYvbsF440jTJRhnfF9ev67LyiyDVGYwRqKLXBsuNTc3werZbNb3PGlzon6JY3JAYjYjnIpAmTjRIGC2rUyZYJkQRTELl0Mf43L0C7njsLY2l9JWzr2Fr66ghHHBQgEtWVRaoXC8fRAEQRAEQRAEGaR4pbISzcwxh09vn7Jw8+Jn1z7thXk9sxHFSa0Gq7Kto2Pjhk2ysHXbr//7N6tXrNxj6mS96He//L3+cqZtTlgk9Xj2yWeWvLaEJDQfmuam5rPOe9+e++55yGGHPPWYMSOZMnWPj1/+8a1btu53wH6VWz/znDOmlibc0Uzbq3xm7Cxy5rnvHT9hrC6/tXTZXbfeSeQvZUbbse+B+y5euGjJQtm9t95cBl2Fwnve954+iz/yhcI65ZsyLtqoRiWNlegMRGU4jvG7dVwUnSAIgiAIgiAIslvTo5BicNFj3hIT5zTeExEVeXaiGbR+27TaisnYbrw5EW1EW5qYeqYSzOQqeYRgtqXEKFKDEkLkV3mcSAMC6UHAHNeFF8z3CgW/4MGp40GovFNUV+VaVMVvo66qrcOKkUCn2HG92HibmGug+pUwGK+Pd8TjRGPHipP4eoFfKFQgnhVnUjooj+vOI3Y0SZZpLY+TWNBVWib9Wy6bkv4vi4pyrCYhtTxOSEnZtFZaJjXLjCrVnrQdoVIkYrk0ZTl2Lpf3Ch4NQ88jrv7hLJaeGHcScxkzmSBH3mnptBuGfqGQ45xn0pmU60J7oRLY2Y4FqwZKJwdb0ko6+cEjuBTayT7o+wUGRk5hqCMwCHptbXZ6+hjPL7y1dKMIKRN2yB3oqkUtjk4nCIIgCIIgCIIMTlwr5VfIRFJWakrLpNHpkfDt6tm1c70wP759j1MmnLRP+7T6ihPdIOmJF19YsPi1JSuXr3r+6ef1HMex33/+2YceceiF/3ZR6ZfF47dt3fbaywtz2dyF/3ZhWTt7TNsjLp/1wfePGDG87GeXo449Cr73Vf0t5qBDDzp05qGkAbo6u3ThfR9479777GV2Yf6LWnTi2Ebksfd+ctGbry/NZrO3/vlW6PaQYUOPnn0M6Ssr3lre2dEJhbHjS0QnQZSEqIbTidGaxHl2EARBEARBEARBdi9UUF4FEqHEZMxRfimsjOUl5zCy8xCibqoXkzWGJpLFVKW2D0qN6mXb5PFeK1+SIK4T16zQnSTKuoKJnJvMENrgJBnD1XO1d4CQqXO0doTrylx/Yac0lU7b8LuAbVupFLMtCA0Hnh/4vjY+UVVle1LboEPQRZ8NkVTVQD2T4UIeYLl3gsc7Kxso8+EQxjABOsd7PGJVj3YjdSrhvHxzlV/w9cGpnF92dnam+sSutbEyxwikLn1wOhnUHieVfifbOe3B4yRGRB8ChJgkOzBNpVwYU3wYWTiHa9aWo46l8+xwrgRzyStZCUYsZmUyGU8iNXEwUKnbUsCalOtBjgZSWCe1J5ZuQKvxYKkZkPRICZuU/zDGHceasscoGJdWregoeHkm7CAUqnIvxnQEQRAEQRAEQZCBQ0uqrdsrT4jz7PrnhqbaDxy67wnjpGZiZdeKEye8a++2nhUnukHSEw/c+9DD9z60bes2/bZ9SPtln7lsxswZI0eM2HPvPcu+Xy169bVrf3AdfAu8/vfXl7XDEt8ER48eVbkhFjlfbg/r167XhRGjRsQzfc/ThVjbsc/++8C0s6PzH3fd98g/HibK5qRqrxrkhede0IXJU/dIzo+dTqr+pBOn13FTKDpBEARBEARBEGQ3RYX+hUyvI2oGJIEpl1UAABAASURBVKuUEgyCCHoxqU0P9dSU1l5UbCmpmWhERVCusSjzHCHJgxv5XyS2FWsVIJIbBkHoOLZjU2al0mnHka4nAcSGPT/0fSiKkCsPDaq8C0Sxk8WUPuqMS31J4lzT0lNNMajbd+xY5xL/MEF6f9Hs9jTqcVIxJZVTUVHeCVPScLliKqpNae0pqTbtyeOkFHPLU3MYHccRGan6CzwYXaTUzlK/G3KZ2sZc3iS6qpkWLlqWFqzACvl8HlqQ8jciwlAoKYslxx05XMmsYHKQsZjy+1GtaYsouTccpqpBzuHnSitoa3enThtDibV2bba7u4uxFKHOztU/IgiCIAiCIAiC9Bujm0av71xVNnNT97qHV/4TClp3si6317TWyY0oTnSDpCfgC9qwEcOPOObIzZs2P//0vPahQ055z8kw/9m5z7z28qKyymtWr1n40qtQuPn3N1U2ddLpJ0+YMJ7sSNYp0UlzS/OQ9vZ4ZqEgRSeOK5/E0nMmT508euyY9WvX/fk3f9m2ddukKZM/8NEPNP57C3w7hT1duXzlrGNm6bw5zz75LEyhnTFjRpfWrJeSPM7mg04nCIIgCIIgCILsnvBI9lDqJ6GePi+6m5TEJ6t8ddstguciUehdrJPWaKlCcSLjrLXWjTfPIXzLJRC5tWxbJ9zRBcd1fc/zPT/wPFiqFCfRMyiRnMZ89RY6HU/Sp0AZHZTJjcp1J8rpZNCe751pMmJTbVmT2KS8xwQxyh/pzKJC6xGoQamG0W805uexi3mc9Ox3QiIVTtlxIJHyRpQex/rlWBGldCdUqXso/HAGV2aOizAMfE/AYAI/7Ykol5f0S5ImKEZ6ogswIKUcN0ynu7tz3d1ZqJDKpPVTbjJzjxzjbFjNhxal7oQyZlu2o24WlVinOA7JF9M6Pxa2tjmTp45IZbrfevPtLVu6bAd+dsRU2QiCIAiCIAiCDEr2ap/+0vrnK+e/3bUm1p00rjjRDZKeePeZpx54yIF77j19zkOPPf/0vHj+k4/Nve0vf6u11q+v/3XlzH0O2KdvopN7br/35Rderpy/9/57zzpmVnLOutVrYTp+4gStBdHonDvtQ4bEc5qbmmcdN+vOW/6+ZqUU8Zx3wQcmTpxAGmDLpi1zHnls0SuvrV65ZtWKVYcecVjGsrZu3frKgldg6eyTj491JBr4rQ2m6Uymamuu6+574H4ERScIgiAIgiAIguyuQBAQ4oQyGC50ngMlM+hNJhoyiMLllQqO6oiqOpo4lY+I5DjaNURPK1apSPUSNZ2YVWUrRiGitiS3KLNYFIk2aqQnQRDAW9tJybwXtk0tyizHsnyP2V4+H/g+tUwyGhHyEisVastYrlEace1toPLrhEWnCB1ZpnGenXfCVkAkjlt/XGX62t4JV6wdl2hFbifzVk9Ra1KPoq6ClHicFMvxnVdaJn0riwbmi2TPas/fjrJWoOk5glT3OCEJRQ4hJb4mlBTLpPEyKW5RtiAHDi6kos2yXNfxPBEGYaHgwdUrHVDMJWxODYn0VSrzDodVmjJNMKO7OwsvWJBOpxhLpO+x7VCIEEaxUObaITI5lqNz7ZiWEzeGTM/DYENBa6sVhm4u1yRI0J3NUd67D6r6QFteQAqBCELYb9KfTSMIglSDypGW2IykbOra/fJHDoIgCIIgg4Y926ek7aZ8kK1cpHUn+aAwND3k5U2vNqI4gaagQdIT+x2wH7ygAL8glcw/aL987kxd3rp5y5yH5kDhgBkHvrJAqkOmTp+6eOHidCbz7veeCl/ddLUx48eSPnHv7fc4bpXnB8758LllopM1SnQyacqk5MxNGzbBdNSYkuw54yaM04Xpe+956hmn6jL8Xrb09aXT95oea1Y6Ojs3b9y08e2Na1XLb77x5m+uv2HJa0ugPHbCOP1DDey7Tj90zLuOKeuhVyjAtLW9ehoj13Euu+JSXSAIgiAIgiAIgiC7ITKuSGEq9QbcxOOjkDytVJ8klg4mRKk7h+hZwGCio2VzqTxIkY9AFCquGp1s6CBV24iIo60QsmVUZcfRiguzPZHQTAiZ5oJ4YT60bdtx4Ku09juRWiJ45ZlQeiIV1Y0C0lJUpGQPIt589GsDxVBrv2HXWWaULyZIL+dEp7xa7d06DNWjx0mlz8egnvZqf3s4DuYIVlPGkNJyyRGX/1GT0ItRptyQ5ANeQuRD7nlSdAKjTTwGxSMdYyy2PNGDVMpN8VDk8/lcNgvzMpkmanQnUh5nW/IeCXnIpXrOV15NlvokUvJHIWLxjB4DGbNCEjQ1WZMmDXNT7uLF60Q/3RswiGY9kfMJgiDIzkTIMVC+CoEcGjMOaZJ/vxEEQRAEQXYH2p22fUccMH/ds1WXvt215pFV/2xLta/tWNmj4gSApqBB0leOPv7oQ484FArZ7uwf/vf3UDjk8ENPPfMULTq56JMX/fBbPywUvL332/v4k2br72HDhw0jfeKIo48YNmJ45fy99t0r+Ra+Qq54czkUJkwaD99Dt3V0wBfGQr7w3Fxp0DJhctHL5MX5Lz79+NO6nGnKNDc36/KmzZt/ff0NM4887OwPneM6zp9/9+e312/YtGHTpg0b31j8BpHOJR78jnbKGaeOHT92j6mToc7mLVtuvfFvqv2JZf0B4LstTNPpNKlGwfNaWlvkF+dCobmpiSAIgiAIgiAIguxmMNuWkgSuEruIkAgtqohkDdpaI1F/uzUJpXoP0xwlNXQgogH1RkM/z5vH8sn2QyNPAfVGhnlpRTcjLUo1IxPSU/uUGGEIjXwBVEYbFc2NKsgyjZQLsgdhKEO3TNkSQIDYcV1b/eMVCoHviyAgOpxrpCbGD4Hq8G4xuCt9TWiJFob2y0Hb0TQWoinW2gl5dmyhN6O3rKL4TIfSRXTIhbLMYfCf7Iu0m+F6mTnz+gripNH9K0MUT7WBDT4BS9LjpNLvhFTzOymZioqyaGD+dk5JA/NJ9amoNqW1p6TatOSkV26FVJRjhxJdlkITNbgwdYAtZlHzpJasFgRBPl9IOybzDi9tE24s+YHCQ1jXdp2UGnUKhYLv+7ZdsG0HhihprkWJLZ/wd0LKvMDnMIDRQKlW1E1AmRkESWgOmGxaDnDptJVKpdva25nNFi8uz4DeB7yQdOQGxSiHIMguTs4neV+0paXrCYIgCIIguwPHjT1qyeZF3V5H1aXbcpvgRRqg2W2Dpsh20NrSAq/Orq7777xvzkNzRo8dc+nll2jXXOD4E45/4yNv/PZ/fnvnLXeOGTfmyKOPtO2+/71yxjln7H/wAZXzm1uak29Xrly1YtkKopxOVixfeeuNt1qWlc/nX3j2BZipJTLAghcW/Ob638x/7gX99vVFr8Ocw488HMrLl771+CP/eu3l197/wffD23vv+Mebry+FwvhJEw885KDxE8dPmDR+8tTJEyZNGDturM6J88/7H3lj8etQOOdDZzc3NZf1sLuzWx6r1mZSjTkPPfqPO/4BXy1Pf/9pZ5x1BkEQBEEQBEEQBNnNaGkfGvp+GHIpPYHAn+8Foc61Iw0wlJkHV8+8a+mDUGFz7fNB45g2LY9l1w9t00SBls2sjP31GA5sRDwgd0c+tk9FySbL1hSJjbEqHaBCqT+ScWP1SL4ShYhim4xWPwQlYd7inMhehMZyEn0CTBiZlcojpD+GDNlGLein/WWglwipPAl56AduirupVCqTthzb9zx4BZ4M7OqTJwO8ak+4OtfFw0GVAokobYr8Tx0ELkhP6Wiq5GPqaf9NnYZjvSWankRWDSOLkg4KVPCaq6vLNIx8YFVjInqT2DdRsa3K7Ve9ICuPgC1Ud5R4iEYil7IsO/I/ynXjEOk3V0PynjDXmujpntpl2d08TpLl3k3NZRTpVEjp/dVQmSbUZ6YJM7zBr42Ru4nI5wue5zF1/8BMwaj0OGFMRCZNzDJlKi1SbM5dGHECSagUJ2qIlPl01CgUys77QUDCIIQNwYgl72UaSu0Jpyq1TrQzsIq6ZUQAKw4f1jR1ymiyfXR70uOEIAiCDAxgPNqWF80ubXIJgiAIgiC7POMyo2eNPeqxlf9sxMukFjZzoBFoimwHnPNFCxc9cM+DD9z9AHzd+9BF5x92xMz584ySw3GcD1xw3uuL33j8kX/dcP1vlr+1/MR3nzRmTB+3OGrMqIkTJ/RYDXrS3dXd3NK8/8EHwE9XD937ILyF+e1D2mceNfOo447yff/5Z5+/8YYbn5v7HFQ7/ewzXnjmhaVL3vj9//5hwqSJY8eOeeXFV3V913Xhy+eJ737X9L2njx0/Zsr0KRMnTxw3cfzQIUOSvwcte2v53/58G1E5et79vveU9Qe+1S585TUoDB0+tGqHH3v4X9AToqxQUHSCIAiCIAiCIMhuSLqllYehgJcgoecHvifzJ/BQLpMyBi50iI+qTCCcaw0EzOZRLh7VTGVEvE6MPI5sMlIuGaEVZU57jLc3EJFXy2kUCC2dXfJWyxZYtTZ4pCwwchCR7AGNNxKFjVlsc0F67H6VDtO4kAwEa7VELFhhUSy2GDqWJ4bSQj4P34gt25LBYoj72naYCr18oZDPQUVL2ttILRFEh5NnQJ9fIWisx5F1WPnRKBPriFqyoB7VQBVuI9XSOZEezq4+2uYE9LhF3WgDV0zlqqLOlVMFO3li5fWgTBtKrppSJ5LBmLZqx5P0NRGlvibJMiEJDUd/lRuckv4pi4pyrCYhjXickKi10jJpvKwpuQ61jkTOUv4khKRSKSJdhQsFlc1aaUds9UlhHHloyXghb3HXdWAwymZz8JsgUTIU23aJMXOi0kWFSVsgpUrxmCCRuqV05Jc7zSNZjuz10GFN6UyGbAeFABUnCIIMRLo9+NuLptHvBEEQBEF2A44effjmwtYF657tW65j+LZ24KhDoRHSS3yvKHPZum3bow8++q+H//XUY08OHT7sgx/74Jnnvrfsl6Dhw4Z94orL0un0Q/c+uHrFqqVL3jz5tJOOOOoIy7LIDmDT5s333Xk/FI6efcykSRM555ddcVl3Vzf8ijJk2JCDDjkol83deOeNT8556uX5L7UPaf/gx84772PnP77/v7575XfnzX3uD7/6w5lnnzHnwTnQwmGzDtP7cvr7z4BvpmPGjXGdKvLedevW33D9r996400on3/RB0cML0kABF9m58+b/+K8BUQapVRXzOy9397zlQvLXvvuSRAEQRAEQRAEQXY/mHpIndgyT4JIpQLfdwIvDAIZEddZEgI/YL6yO+HSgoMTY9dgnE+MDUMf4uXV1on1FAMu/h49/C8a21fRt3wNsdlJrWZLw+OmoDPsJLbNlaQEpjazJHIKgd60rA4nlwehzGyRlFEInVtHehYI7WwjeyNTv4iQl/ZNb1bLX4zwqI97+05R+xzWmM3Kljayt4lgES8RlxjhS6Jq1cOHGhTF7uBxUul3sp3T6soYUlouPczah0eP59VTT1GVuwsKrtSd0AIvBPBebzdTAAAQAElEQVQ5QYhDibJWpvFaZVtROXFSMB55nuf7ZsiAzxwlxFJlylwHWhAyB4/vc8Et4ljMlrqUaCSSN6G8b/VgBHdU4KYyttP3kKwfko48Kk4QBBmgdOaFlaHODgniIAiCIAgygGi2m04ef3wg/Nc2vNxbvxObOfuOPBBWh0YaXGXduvWvvbIQvsG98Nx8eNvS2gLTjW9v/M0vfrth3fp9D9jvtPe/593vfU9ba2vlunvvu/cnPnNZa3vrQ/c8eM9td2e7szOPnLmDRCdPPPrE6hUrHdc576PnMsVHLv4IUY4s+ULhsYfnPP7PJ56c82Q+lxs3ccLZ5591zofPbWluPuHUExbMe/H+u+6D7q1bvXbxwsWwyuyTjtNtjp8wvtbmNm/Z8of/+8ND9z4E5Xed8q53nXICFNasXvPiCy/B72m+5y9/a/nL81/u7OiE+TNnHVa1kfe87z0tKvPOMbOPIQiCIAiCIAiCILsfKm2OSnZgWVQ9hW6FqcjpRKpOZHKWfCEMPa40KDyEhVz7ZERtsBI5Qsm/tTcb2RZUEMspBmBAUJTJO8qWFqUEJtarA6a9Ew9oY4Fe7Xx8LophX1WQOZNCKRyiAYV4sQNn13UCzy/k8zA1VdWp1IIaSmgV+QOryAvTNznEADqfJjNUL3QdvZdB2SxKQJVcU5nSRF4WhCRkVpF6K+Fsg7qTaJhI+p2UTUnlVNQt7+QpqSjXnYrSKW3E46RiWqVlUlFOUiYci689OVOJ0dQcKV7T8+G3PxgYvFze872QiFQqDXOkYC0auJm6zlUeLNlny7YyypXE9wPtd+KmpMeJHkuEEqbYlg1jUcHnodKyEIdakdhL6h21m5PshiCMKPFJgdCQ9JWcj4oTBEEGNDBMORb+GYAgCIIguz7DU0PfM+GkFrvlpQ0Lur2OBtdqdtsOGjnj2DFHwuqkYdatWXvDf//Gtu2lr78Bbw885EAiE9C0jRs/Zv8D933vB94765hZ6qGC6kzeY/InrvjEmLGjH7nvkYMOObDSF7e/eP7peTA95PBD9z1wv+R82KLneTf97ubFCxc1tzSffPrJx7zrmBNOOUF/32xuav7EZz6RTqfuv+v+uf+aS6TNycz9Djqgkc3dfdtdUDj8qMMv+8wntOZm49sbbrj+BtgifIddu2oNUV+E33XKuw4+bEbVRsaNG/vBj36QIAiCIAiCIAiC7K6oOHcU2SXyK5x6UMFReW2kr4ftuk7K9b0AYoFKdCECz/cLhTAIY+mJFmIkkpaUGW8Ui3FEnZCq/g5abkHpTpEo1EjmUo9qMoDibifmlGymcZWG6lJvpSpUx4ajwLER88gil1oJLrjUFamTJW1PIP7b3By6AUR/IbwLq8mp4CqbktpBSlnccXOqStUowmgmRNzlxno7kGInJqROTTw9irBXnGJRVAEk1+55V2zChXaPEJXXTfyOxmoWferwoeYyevTzGNR+J3pf+u5xQiLlTWk5Ona9LVdIT+L58q1OoCPliZbSRlny2vY8zrnnF+QQo1ySYKQh0SAEwwqVM+XQYzssxVPy80Ol0aGMWip3lyW1JypxDqO2bcmhCEasMJB75LiWSgCmTJkYIZEAhijpCS/ojFV9AAbGQkAQBEEGMjBMwWDFUHaCIAiCILsBw1NDTx5//Ij08MXbXl+x9c18kK1TOW03TRoyde/2PWcM379xjxPNsBHDW9uku8nBh80YP3H8aWedBuWRI0dedsVlQ4cP23Ov6cnKLa2tk6fuUaYsGTZs6PkfO3+PaVNmzjqszOakfUj78JEj2oa0V920bdsjx4zmYVhH1BJz1PFHrVi28gMfPbcyFU5TJnPQYQe1tLXMOvbI4048fsrUPZJLR48eddG/XzRh0oSlr78ZhuGZ55zR1EBW1qHDhhw44yCvULjsM5fFB2H0uDGT9pjoeT70efKUyS2tzVOmTTn59FOGtLcTBEEQBEEQBEEQpAKTVsUE4GXkMJYTCPV0ObMdR7pkwNcsGaUTIbcd30m5gR+GfhD4ASxQqoYo+ku4EquUKAwSBiA9dSeqO4B/ZS/bOb1TiTlUH73+2YWqSogylAtA6fE2Koq4czJSKxPrhKGM80Jw17Zk2Ne2YQ7EhWGRkp5oKwGzus6eZGLicTzaCFPMrhtFjSjv6oBMuEMrL6tYd1JjFVZFcdLgxrbc9B+Jd9Rog8rhcZeic8xiCyBlHaFUCZT2y9XE+u+22jkuLGLUM0UlW8IcKXkL9m+5wammv8pJIjVJshat3ev+gXUeFUsI4zPLOS/2iibcgfQHBqe+78uMOYHPVQKpVMqBAcW2LEFjrxQRj0REGZ94vp/P53kobFdWlkOQlLAwuDShDWjHC+VYJHUqRFjMlp8+jCnxnKM+kpT+jULXpJwFbp6mIz4FLY8bO4L0hrxPOgsDcIRCEAQpoTVF0w7pFzq7ZOyqtaV3cSkEQRAE2T3ZLDaRd4g1ufVLti5dl1u/Mbexo7DVCwpe6MF813JdO9WWGjIiM2JMZvReQ6aNy4wmvQe+xL34wotESkCs8ZMmjBgxos5X+47OzqefeBq+kZ387pMaaXzxa4sXvrywbUj7SaeeWHXT/7jzH/BV7tgTjh05cmT9psIwnPvE3EMOP6S5qbly6ZrVa9avXX/AwQc4TvU/leAL6YYNG8KQjxkzupHfLqD+/HkvFAreUcceFc+Err726mvwpRfacVNuS2vrhInja21xsDCMDicIgiAIgiAIgiD9zZq1G2E6+/IfExXClJkTzAMMsfGDitJr5MPhyoRDJdmRj7CHPAgCP18IfD/wApkAAUKN8GUMAooiJCQ23Eg+9y6ih/rVViJbh2SsU03LvxL2/CWxpydBlU7CIommjEdLQgag9lPrK6pYhKqdUk4t5njIY1EqGGAkkR2FJH0rqvS/OCcZ+1QZJbg5BbpDgiaODNFbiVaPCrQ06Q8lZds1XabFgwxFOONMZsGQEVwZPJax4ECeRB4dGSEYZXBGmdntuLucGp2SgcRH0kyqCDWKvgm1fUJqiD96cmyNJBn1r5OyxoU5wLRyxcQFQGU8vXRFdZXQHq9JuvkvX0u8i+8kcydEveFlVzulWnRiKu/2opNna3uc7DLTvnicNHJMzJmqqW4pzteik5IjX7xEo/rFoVNdRpzBWB8q6SHApWYltGUCL1fnxZE2J9Rcy9GWKNTP5/MyJ48ckCUO/Cc/e+TtCB8i8AkinyMLg5BDHWrDKGU76qZwVIc4FAWVWd5gCbxP90l0sjUn/L5n5kEQBNlJuBZpz/TPpy2KThAEQRCkcd5B0Ylmm9+xPrdxS35rLswXwgLMSVmpjJUemh4yOjOi3WkjCNInUHSCIAiCIAiCIMiOQItOjv/0j3Q4XsoPVHRfB8ZV3F1GL2E+Y5Z5JzEBRCpl/xxig4HnhdLvRCpRAt+D/6QnikrXooKEQosQ1BPygkQtc4hIwuZE/Ei8kZsYi41SBqPoRO0v06WqPSq2nJzLZNoILTqJHEdYb0UnIt5mfDSV6YA+A9EG4bRKIKarpC0y0Av/+4W8jD7DHCO2UCIUkei0kqXow8Dj/EpCJI8piQVGInkAS7pWeRyKLZQfqR0jOlFHO3G+zHWtdq0oh4qu4fhCVSeF9iw6KTWMFeoAWImLQ7dfZUXtI7EzJB2DAn1uS6ekcioqyqKB+TtoSirKpN58UW1Ka09JtWmVbZGKMqkzPxoeSMXgmBzUtCOWhEmrJKqGEMtiMOjn84F0HuY8nUrBLK47GxshqWagum3b8pNDvnxC5VACbx3HoUypHmEToRz19JAkxSyc27ZjqQ8oc/SEuUv6rKEKUHGCIMhgAOVxCIIgCLJ70u60SWUJaksQBEEQBEEQBEGQwQOlTAXWZZIcIgKjM5GRRCEVGDLNgQz/MZHwp9DmGzJ4CPHG0LIckRZKRsKDwPfyXhj4oe/Jp9/DQClMhErdYOL1OvweBSOraQx2FuUqBCHoztt4dUyXokwsfYurRoKTCh1KJPvQ6h/YBER1TU0qjU9Uzh3ie57MuWNRqXzQdidCGPsTYowL4ki3jqArtY4RlETHlJeFtWvoLEp2r0p8vFbIfLvRuiFS1CDJbFKqd6xk66W6mcRNIOrrTmyaaKTq9gXZgbu3y1DNz2OX8Tvpi68JMaKkuEwSd12fysU3lFQYnJDiQq05o/HYpO54qnUkjEkNWsGT+XZgZsp1YTyBzw6TXocYCRu8s21LCJuoXF9SfSLkh0QYMkuqy6SpEoM6FnzqyA8eHkp5ipS52QQ+aRhlRsJImNQ19vX+wdsOQZBBAQ5WCIIgCIIgCIIgCIIgCIIgyKCAWQ4E9hhR4XbKy551V793c2l1ISK/DO3nwXQaFkEtZumkPMoPw+KunUqFQeAXvMDzAt8jUooSwhyqpC1R+1K6IIpiBVKhrYi0AA384v6OK0USVN2Xd4L4sOqgtDYuMCHmkkMKYV8dOKbKsoDJs8l8zxM6r0xsjcIiAYwSZ0TBanPsIXJs7EZ06g1eDIyXuKQMUExeEWGOEDWFuvqYHilxOqnI30NFJBigpcYSZVY8A+rqfgfghJorj8YKodIy2f5yg1PS/2V9d4lkmVT3NSmWiZlDEqNkkT6UTVuU1pKbFFGqFGP0xEVithxBXNcNeVgoBIVCQepOjFlTdElHOw+jjF4HbrsgCFVSHaVqk/8o+ZsahIzyTgiVuyckAmo2MebAUAOfPlyqTzhBEARBEARBEARBEARBEARBEARBEOSdxnYcIWzlc0J0xhw9n2pjDBo//C6imLiSnEixArwNmNScqBnCUgFG2yY21Ew1ZwLP9wueCL2g4AOh74WBfLLdNKskLjTeUBWMMwalu1HgPVbhJNLr9LEds66IjqPKcySS2X80Rl8h9KmH8wmXBER9ZWoLP1AZMIzcxCglSCiFR1Qkg/+URZFooQLnTGjdCTVZlWIBU0K50VN8e6BRkmNEFcpUImUURSfmwCTqmeRDpMQaJjqC+mBxk+Qplp6I3qpedg1kuqkKt49e60UG3rQvHieNHAdz1Boox8SjQpnupMqVHX8MyFFfVdbjlMxBpXQnjgtvAwUUbGJJpyRmR7oTofugc/LYSs1IuBp7OKch1Ql49KZhjHEsi5qFAXxC+X4e1mGWoz+q5Ci0O94RCIIgCIIgCIIgCIIgCIIgCIIgCDKwsGw7UidAJDOMjS2IlJUEIoquq0fNdZBRigrCMFDBRiZEANFCiCAqkYN+SB1iggKChbZrO2kXlgdeQQpQPI8HfuD7YchDlVoh2hbVGhQtbCg+vV+mUSCkhk6h73HHanKBHqQQIk4XQXesaKLh9Dqi1myjNUnEkKPqch8S2WGESZ4TBkSKTizbcZyUawthO2Hg23DiwiDUqiMVX6aV8ocopkyLRhJl1h7x9mN/BDrwdCci/qesc0YNUpSFlApIqupObBG1QpNbKFrHKFcHcz5ELE2JtghFuOV0ph+mqwhKWxuvVwAAEABJREFUjJ9MorO9gjdiHEQIbeCm6tkVgxC6/aKAkMEgQ6Iu0cQdUbzUGijvhClpuKymotqU1p6SalNSOSUNl2OosNS1pZcy9W8VExHtiRQ1pJLbxKdXp+Ki8HFiSS2IRUM5Zvg0FDJbDhXRyKD3FGpATZaiDtQOAZ+LwIcGmEXVbaHHLwrn3mYWl6l44H4IffjYEMylFtNV+PYM/giCIAiCIAiCIAiCIAiCIAiCIAiC9A/MdhgzJhaU8DixiIyOc5uHyvtELpPZDJQZhqypcukIxiJXhpDLAKFlEVuGA1V2BAggWvASDrFcxwnDVBDyIAyCgl8ICrmcXyiEMnEPV4FkpvL3MC2AoMXge0ICI0OaPKkGiOYz0uAD76LUV4KQyrC5cpdgJZuNF5lobLRI0MRapFKG0VNAtKipoeUCBxP2V4Ha5Cu5rijZkBaEsFKFTvIgktjKgJDS1By82JicIy0F1CG1mLQ8sW1brebDmTN6EXnWeSQTksdEHVVtvKCuFBUvhtOvfQz0ssQhpXFEO7JOSey7UcOU7iqvGiov2VdtC9KIEKJ8zbLGZe+VlUvU1/jfkotMBbyLEXguKCNlZ9wuHv9I1RXLdeIUOvpFozmhvrQiBxVt8iFX1L4xcnUaaV56vauDEt8RTqj2dhfzOEmWq0/1GjXKujVROYL0oQwHWbUUScZMxqcqF1iJ8EqvTuPLFUYGaV7FCLNgQFdjeig441Sl0+HRulA5VGMVhQVqJSZCDz5awjCkPhG2kPl3pJUK0Vm/hHJV8X2q6gSB79m2A5826hMLVScIgiAIgiAIgiAIgiAIgiAIgiAI8g4jw3o66QGTYUMtxdCRPIiRUxLosKSWnMhAn1CpWEKuHnbnKvAJ1UIIj0uRAQ8hUGjZ8IKYO5fqE/iPWsxmwnHU0+lNoR+k0hmvkPfznl/wINSoVpThSpm1hXNohERKjuID+EVEUb5AtYIBplaPe6pbSkgHaA1lCY22UtmAivnGyoGK5kvVIazniGicsaVkTkLioNxjCKnjGSHMhNaLwMayGJ0aJnpXLr2hOruPymbBScikasjKNDdDrNf3vMDTRjWhTKYUbUsZ3ghhJDJcnxx1omW4mAodvdZaIpoMueu0SvF+6ZB00TWEFvdPkJ70O6LR2HONw1iUgOi2KNWymEh+RMtOroimiV6SaKci7LJN0qRSRERnrHgqmJKe6D4UpyRS7BRXpmJ3UZzAvvpthOSJuXASF+12l0UD85Pnuf/KoqIszMhSLBd7VK1sWistkz6XhdfKpF8Viy6wKjqvahoUs3XGlGaQWtr/Sr4l8EkhPysC6Z5EjZIxcWHHtwmVyhPLcR3fD2Dc8T1uqT7JTyVLD3xwI1nUlivAAASfDmEAHw/UlvJGRhAEQRAEQRAEQRAEQRAEQRAEQRAEeaehiTQxlMmIH409PETILIeYADy1pJKAKw8IKUsQMk2OfDpdFkQo9QbK8QSijhBptF2h4o9Ce0YYhw316LqVci3bcjNpHgjf9wK/EHhBUFA5XDi0xiL5gog8HagJ/FNLPlbPaZkIoc+Pu1eTINRrysT++7i1HYXyGmi0sihTylRJgiMnMvmRPMvSXMB2bDhtbjptO46Unvh+6HsyKm1EEUY2QY30J9RNKbcbFWXmQrvomLA115cSocQEtrXQJLpCCOdGRlPsG91JGouiPEAkxQIkEjbRMrFH7EhSI70O7Dk1jhHUBOZF8aAJQpJ5eqiZL0RJ62quPmtCS4LIboU/SpD1u4rHSXJaz+Ok7rS6MoY0Vq5+jPPDLRbIHGlmhV6PqObujS5mRhmxVB42efvDBwQMClbkkFKizKLSEglmSIWW7/lSfxgEsCL0hZkLnmgxpCV1LFw7psDnTEACKpPx9Cw2RBAEQRAEQRAEQRAEQRAEQRAEQRBkh1KSLaFCkkCIznMg/1HBS+3eIWQE3YaoOrdCJTwJZdqDyM1ChhoD35cCE+ldInPWUFr0JGFKjeKkLJqxXJ7iofQ+8aTrSV4+yh7KLDxKgCKT7xiNiXG/0GIApgPzib72MkRaD172XpQUB3HEX3e97EiV+RfoCK+IbEhkfozA5zyUJ9KyLcvS0pN8l5YacWrsVZKCiWhenKGGGa8T89JnT2h3EhWUjuwm9HtSzOxBi4KWd4DK0x0bK5R0qSyMHmNHsil9NAWJJCcml5UWksSyk4QABSqoRFa1urUb4XnMCRmxzMgUKy1IxVRUlHfClFSUSQPz1VRUm9LSKak2rdIaabhciQhoPs/TKe0uRSM/nnJ1ValSxIzytZbCaKETZ8G44fmSIAjkGGJF4jJarK1Xh8EltEKVyk1AZX2zydrG70R+hihLFSKdseTgw5ktaM3bBEEQBEEQBEEQBEEQBEEQBEEQBEGQnUTRZ6IycC7TF/BiIFz7LFARPXzOqEohAuE/CAJKAwwZKzRtEiGFIwH34S3EGuVLIuUIXAYaOdWJYyDWCAtd10mnedAEjfgFz8vlvXxBah24CP2AqMoqLhsU9Q07E7O1wR/ub+CwxboIZjHtKSBtbTi3lFTEUjipNGUeDSiXFgZagaGCv1JcwYhxZDDWIEZxwbhK3JPckPJ7iILnRuaiNShae6JaUP15R+0M4oNmek9L59bEJpSrO0FV10dB0FLBSpVWjL4qNkXRmxb6QBflAHQn3wPvEDA40HyLaO6s4/MxGKZRUinSR4+ToiyrpGzYnnLY3QSb0CInplGyvqQAsVJxEiNKsnOpm5+Wzof3HgkC3ws8GDtsm+mMbsl25LYYYbZlcxoEoUrv5QniWEqmAtXlWMAsofJ1qQxs0gmLyzRsKDpBEARBEARBEARBEARBEARBEARBkHccnffDeE/EfhgmtK7EKPFj9jICGrmOKEsLph5FF4zZFEKGjokA8jCAKDlMAS1ZgHXDMNABTQgeyufWZRMypYN0PhHEcl075dpB6KTglXYLnlcoBJ7HaEHqHoSMMQphqV5wE8cnOxYlvoiLO2WTAwAVOFb6CHkyZaiXh9LpRIpP/ADOpG3bbiptOTaEkUPPl/mVlMON4PqchqQiQi3TIsFlxkNqSUGJlFNwc0SLsW3tsGDC6kLb45ABBRVGNWD6zErS41QgjYDMeipMrq55lXlE77k5OkklQBVU8J6XCJ+S3kS7uvqEUZtkJ5LMQsqM4oQk9BzbU64zJf1fFhXl2NGkjsdJsUyi1kg1CVyfy9B695YRVGm7tO4kviYpMV4mgvQg8ivVncQiRbOISU2hK0+fV1CDBbekksRS+bciCaFKpmVZTJsAaWRSHlidqrFDalkYLBdc+Z1wQSPZGoIgCIIgCIIgCIIgCIIgCIIgCIIgAwBaM34XJTgppv5gJpqowovGHwVCiLZlCS50BRnAlOHF0A78MAh1qJEHQcADCC+qXC3Mdmy5XUosagmVx0VnUHBSluO6YVPo5fN+oVDI5kOvEPiBtFGhoVJCMEK5Tl3CjEJCkGJE2oRAtzMaKUqKguxmaG0FUUFkeca1z40KTMO5cBzbth2IHfvUIhBKDgIdtjY+DkaKESuXomuHaZUG1+4NagWlpuDFrcqt0DjUTYwWaidSNbyu+iDMPhFRnoWqtGacr8qOLhtRbMTUYMXZJRuk8Q4ns16pS50bMyIZd4+8iXYDYDc933YKaZHJN6IXGdjTvnicVEwb8i+hjQ1ahQ67q8tryqS0xUl0+QrpRaJlYDoNFql3xWvKrslopmwIWrYtm7gyb45KnQMXc6CkJyzO1KPkKVJ/KFOqaaTWUBpmMWFR2bcwuiSkTpEIJcUaMHfBmxvCG+bkN2wj/cvoIeSTJ2YmDGMEQRAEQRAEQRAEQRAEQRAEQRAEQQY8NKkt0boNGkkPzOJEVDGZkSd6Up0avQHVyXQg7C6lKAHXopPQ92RB5uIJQvWyHJtxLR+RMX2lIKGWZcPKtuvajhNmAN/3CoW8TLgDhdAPoCUIisJUmWYwtW0SB0YpiYP8yV0zXSa9ORwR/aFhGYwUPQvUeZUHW4Y+Qy0nsh3Ltt10BqYytZLnhdLVRgsqhLEASVwtyjiFGncP9Z9QiXSICWoTI1VRwWtjtGBkL2xnan4qvUsiEUg1U5O6V5RNI/lIqAtcGneUbqRSGxC3aNaNNFTcuF9wuEXspDBll0dm2MlOIZnXSELDUau8E6ak4XLFVFSbVvU4qTMtuWIaKddhw6rWwOd5mocrynEcGLWDIIDrypGSMktffrBVRinvqclYd6LXSqbnocqdxCaOcjchKh2bzKEjxYeM0UjNpWpS27Zluh+oILNTSbsTzoXuDFSyKOEqR5UcjMQAyq3zyGt+vytOgPVbyT8X+RcenSIIgiAIgiAIgiAIgiAIgiAIgiAIMnCJH6KmOgpaJZJNY4cHHR80D6jHUW8uhEnJQHV8XvqZqBAhRAuFo7O1hGkINvIw8AsFpSDxeSgoC0M71EkVlM0DsWyJQ1zHcaFM02nuZzJ+IIUn2ZyXz4e+p41PpGxB/ieUvMFE50W0H0zJUZI+GaKBEH2Z3iCpOBFaOyF2O/1JuX8BgUgwV0YE3IYzBPFpOF3yKoLz4huZiK6c9EigyqpAnhNmVCUM3llCMPhPqlWEsUqRYhStzVDtKLcF8g4S7b7VSCA/kV2E2joMX3IJRp4Q8duiqoQar5hkW8kWtBhHveU6Tl81rcmuh8Vsr+A43U2kObvTlCX9PdU+Jb3zO9FrJ8q99jipVdYEnanQd2BmEIbU8+Qla5mLlkk3EUaN0iP2OyGEkOQFnKTsUi8bNfQcS6Xa0X4nKuuasImt3VCS17nULFKq87Kpl/x8UUJGFmX/iT9tBgp5b0eNUnl/Z49/3/jyZ9avW/Oj6341dNhwgiAIgiAIgiAIgiAIgiAIgiAIgiANo4KJ9SqYqHexsi6qwGgcaydaKwAVQ70KsXREkQjLUityx3VsiDx6XuD5JIppSgsTISzHoSEPhEzJA/9LOw0mg592JsVgrXTKyxVgRb8gjU94GAS+FwZqq/pJfB2dU+IT3VXTMSNF6d3xqLQL6EszA5yyXezxAjDqInXKlLWJSsthuek0VRFhqTsxoWdauXqiTJLV1KUljM8J5ToPT9UO7hSSgfqqy2SGD9ITNonD7dGaItKdJNozzi5VY/mx7qRY3ZyBSKVVWpnsmsjsXd7WKU56IbViVRkpDj91y6KB+fG4UX/+dpQjQVzC4yRSk5BSj5NimZg5cbnkZtiesiSkua2Tm5qCfKEQhtyXBieEOEIajTAmk9pI5ZdtsqnV1Zok35bpTkplVFpQIj8GuM62FsoPCTi5hFGLxKl2lIpQjSaMwSgDNeXHgUq/w3RqKq1b49HBHFBceLx77F4O2W4eX+z/6XGP9Cu//p9rX1+0sOoiN5X63o//W5fXrV29etXKMAwrqz0+5+Fjjj9RO9aUsezNN7799S+S3nDVf/50j6nTCYIgCIIgCIIgCIIgCIIgCIIgCLIrEWYcXigAABAASURBVEXAE2hThWrRdxn9LnM8IXH2FJloxURcVXBVtyKXMmZRy3HCICVC/bS7gOCjz6RPBpG5HIjMwePJUKNlB/rxdsdJMYu5qbTtuLDQL3heXrqe+AV4FWREUgYgOdEPzHMdxNfWAH0OxCeDvaahARfgbJhEJLjq3MScaoHluGosn9CnXMeC5Xw4RylXxiK17oTz0o0oZRKLBUDJ/5VESafikRIWeRaptEWJtBkq9xLZSQh1/Ytoj4sBd2K6SEwuqFrrJ6xJ7GSuntiHR62uQrY0ViPot2XheZJ0QKm2Ga49KchugMVsIUK2bTofuiTWvg2SaaO+JnWnJaNPVWUMIb0YoWSLuX3T6ZRrwy3XncvnYLT1/EAPl7ZtRbee0JnSihulZn5VQQmJr/NokVaRqcxS+oNCLrIsGP8dKVtTo3/IQ/hUgO3E7VB1mzD9mWERVUso4xOdkceiOhHXgByRaT8ZsOwICdlbS19/+aX5VRel0mnSEw/dd/fPfvid49518n9c/YPKpZ7nrVu7BgrpTKbHpvK5nF6FIAiCIAiCIAiCIAiCIAiCIAiCILsAIhG2po0G8ajWd6jwmojnSZMTpqJuoQwWlj+ILt0ZIHgonTEs9Rx7iunoZBiGtuvKtDkqyYOULFACscjQ41SGLVnghjbEKV3XsmzqUNt1nLSb8jJSd5LPe4UsrBnIfD2hiZYW5RE6JVDDNhC6GiUm1FvqkxILCMhgpDdBzOJ51TtOS9Q30nxGZ4OBkHEY6nAwnB/LsV0i5UFwHpX0RybOIZFQQ0k61BmhccvyfbFxS4qVLNUyNEiNTgPKIXlHoUxdzGqPKClJNhITO0HEAXdbJOfGtVQAnRpJViQboMSovRIKgoQbTHEruq6uSoUyXNEKgJ7j79EdUbmg4t5oxECikdh6pVymz3YsFnP8QpO9bZwYsja+fip1HmTHaEdIA/NJ9amoNqW1p6TatOR8VG6FVJTrI7onBPkU3K2c8ubmZpiTzWU5F0EQ6Aq2xUKlCXFdc7fzSDWlZYZCVDE1iW+AeBGlZjAlJhsUjXQtDpQ9z9OyQxjyQ8Kl7iS6WXSD0thECo7kWz/woQE5LsCwIm8NLtVag3Qsfkf5+S9+O2zEyOScr33hU5s2bay/1rI33/jFdT+CwnGzT6xTbczYcb+76U7SE5d8+CytUEEQBHmnqOXg1SDw52+U9G0HotSWu4W8eFAAf7e48IcRgiAIgiAIgiAIgiAIgiDVEKUuGMbUIX4fiTYqiFQY5rl0vZqMCpp/TXOU0Mh0xDg7sCjzjcW5eqAdooqOzZgjfU1sRxufcJVfJ/BVDFRw3/NCCIj6vgU1XMeGmKXrWrblplwvnXIL6cDL57N5mW3HD3gYyEhmaPZMxz3lb8ukVCSjw8XJwGkU1I93USRFACX7npC1kKIyxWgJTGMNkBB2bBe05+WiMjpOik4M1fom4jNZuR0dVmYqV4YGQtRMSUiYbdnCVcl3iIo1G9cTwamg3FibyCPESKl6Q54jRrU6xYIwt7k+qp+Dis42IJOoZhpStRbh5hf+qLa5nk22nGqKk2hpcRlT6T8IxNS5Vt2YYLy8SdS8UN0+sKYo+guZdDyCRiIdOA7xUm22QpW5DFWHjnLlDcRlkz2IDkSjqgTR2Gsno+UHQW4U624tU3s0og7ZzilpYD4pn9KKcjwVtaZ6D+IRhSRGF1IxCPWxnB3q50cypeWwLAvCJxkgnbEtGJG5pwj9EEZyuEj1Pci50YtIUSGxpEqkdMzQN4b2rSJmrNfOVkqaqBSKMmymr241slpMatQYs2ArgR8WCl7B88OoCWieU90FOSjYtrRHYVQaIcFHg5BGWrAi165WSK8YNmLkqNFjki/4WK2/Sj6X+/7VXyvk82ef95HjTjiFIAiCDGbgo+ZTn/rUcccd99RTT5G+8sADD5x33nmPPvpo5aJ8Pv+d73znox/9qO/7ZPv40Ic+dNppp82bN4/sBlxxxRXnnHPOpk2byMBj48aN55577rHHHrto0SLSf7zxxhuXKaBAdgmefjM457qur9+WrV8NKkA1qEz6xHUP5y/8Vdff56NfGoIgCIIgCIIgCIIgyABDRb114LssJC9IuTEBNeFDpd9gJppoAoqWtF1Q0UgdCIQ3eq6lsqUwGbGUPiiWCrHLAlWpEpQKAf6VQpJMU3M605RpbmlqaYVpOpOxbVuqAEKuRSeB5+Wz2Xwu6/vyhyZm2+nmppYh7S1DhrUOG9Y6dFhTW3sq0+S4adt1IVQJmxAqhC8tKmBbpsN6+3LfoWt6HjPhYA4vaiL6xeNQdhCoFEUw9VIFYl5KJqB2s1ex0IrKRS+QGjoLmkC9ZY0+CakUAzQuCC18iE9kWSi5ZFvxpvUVo06o7qISPnAehDpiLHUnbjptpxzLhrPMYjEAXBJU2hrACSVac1HcTXNFyTOljyiNcnnoI12UQiVgigYfNG1EmKJkIozoi0ZoQwcV+eb67uBa4VG5XnQzxHtD7DjHCI2S5SSkJ1GHRMk9ZpRZpTdd1K+EZMacGU4TdkOJeD+rsWeDGybHDuF3THXIm7ypMzIlqqn/qK8XqaNW6aeyqCirk1hSJqTU44SYOXGZVJTJ9pRFti3I7sGora2olCyMplIpfS/lslmp9gsCOYbD4Wa2djGK739R9x6qVHXVqQ6bg/FZ1+FcqU18eRXDxwCL7ggea1sogU+CkFLu+ao/TK85+C/qd4xrvvP1tatXXvd/f+yxZra7+4ff+8bKFcsOOHDGx//9MwRBEGQHkM/nP/OZvo8wkyZN+uY3v9lgZfgAmjFjxnPPPXfLLbccffTRpE/ccccdy5YtW7VqVeWidDq9YsWKxYsXP/roo6eeeirpKy+//PKbb745bNiwgw8+mAxmfv7zny9cuLDqIvgL5Prrr9fl1atXr1y5Ev4Oqaz28MMPn3jiiVW/6rzxxhtf+MIXSG/42c9+Nn369F6tMmLEiMmTJy9fvvzmm2+++uqrSX8wb968L33pS11dXVC+9NJLf/jDH86aNYsMdhqQwRMjyu/7V5PJw9mjr5B/LQrefwgazyAIgiAIgiAIgiAIggwseojYJyP6cVSdVjQRuZsoUQKhkaFFcbF+yp2ShHyBxdFUFT9kUoXChE4WIvPppFwvlw/8gAcBxCUhOOkHPtX6hiC0bMtxHZnVxZaZd1KZjO95Xr7g5dIy7Y5XCAoerCuMtCJO8kKo9tNQWUl0+heVscEIH0yHafkBKGoDevqJrCEFxDsErSj0Ah0dLzsa8cIo44YWgzi2YwsBZ4T4Pve8otTCxOaTcoBE90yz0vdB6EtBNmbphDtmExXJbRqzMGmcPh2big7YYcijgxXLiGiUYUeYTuufXSPxkPHCULsYiU1otDpVthM6X5HZpLxdzIVs6piVKndjIF+VDWMxm3AidSfB27xtTTTWkAE21e5B2zntWSVDKm+g2sh2u8cFuVGWZTMmnS1EJCqDq0jbxcMllM8XQhhcpYIs1Cl1VDo0i4ehlp6I6C6NYwoVUrXyHiUFa/o2jiRjymqFuJRKQSHEmXxP3RO2Y0WBpVhKBTV1tCkM4JNAZgLq13t+wLHnKHv8cH/1ph21j+vXrVmxYlmP1VYuX/bdb3555YplI0aO+trVP7DtHjxR4CSubyBvTtWYIoIguzMwLMyfP5/0lWw226v6H/nIR2666aYnn3xy9erV48ePJ71k+fLl0Fv4BvLe9763aoULLrhgwYIFt912W+Oik+uvv/7pp59OztGeH/DV5pJLLqm6yogRI6699loy4Hn99ddrndx0Ok164u677/72t7998sknX3PNNZVL4fisWSM/dzKZTI9N5XI5vUrVpVu2bKlzIZ1xxhn/+te/HnzwwY9+9KNNTU21qsGioUOHkp544IEHrrrqKvhj5vLLL4c/cuDsf+5zn/uP//iPs846iwwqQk7ue6V4PN/aKL+nbO7k97xUz4YEKsD0ueXBxu6ikP+0A1yrsScoTt3fvfkp7831fM1WMW7ILvENB0EQBEEQBEEQBEEQZFdExJlxTGCxGNasrbkof6SpRJ6h4uzGwSGxvgxfRgIUnYBFpVsxXhA6FGpRmm5ugjClsTmR2XN8le1Bpd/xmcrBw2WeHceGWKqbTlky9Y4DBak+yedgCmvJ5+hDroUxsTxG9yEK7utYaqSpKEZJCSnGWKO1aod5G7TcqFit/mLRq9rb24HEyU4eq5LqpQfJrJeoqkVGUAHOha4GZxBOASkVH5mNlV5eVKeQkdeDSh0jvXCk0YgMV3OZWENZIyjZRqIzOwPRu2Nva6ENjfUmsiCzT+lDYELvxTQlxdxMSS1BQlVQNCOiUc6qWLyidSeExHfaLvsLrMVsyqmfHeWEzbz9DWrtDB0JqVuumIpqU1p7SqpNSf0pqSjXI6Siay/fb2LMKE5IfOdEyhLXdfVVlFcSrzhjTiAVfzDIGp1KfL2VXWJmZu05cVlrR7T0SpWpMH4nEplTDe4aNXAkzJdo3Emf+lKHyENp1jKAL3MvIMs2huWDtyAThrMmt+d+jxlCv/X+pkcW+us6OHmHmPvEnJ/84Opsd/cBB8742tU/GDZ8RI+rbHh7/cUfHmQBMwRBBg6O4/zmN7+pnP/pT3+6q6vrRz/60ZgxY8oWLVmy5Hvf+16tBp977rmlS5dWXbTHHnu88sorP//5z2fOnFm1wmGHHbbnnntWXfT3v/8dpieddJJlWa+//nplhbFjxw4ZMmTz5s2vvfZapVwPdhO2XjZz7dq1ixYtklL6ROrKdDoNn8LLli0rqwwfmoVCofJoDGR+97vfjRw5Mjnnk5/85MaNG+uv9cYbb/zwhz8k6mjXqTZu3Li77rqL9MT73vc+rVCpyk9/+tP777+f1MXzvA9/+MN1Krz3ve+96qqrSF3+9Kc/XXfddXCioabWLcGR+a5i9erVcLWTwUPAyQ3/LNeXrNtaZWYlj7xUkl7nlP2KopNv3pF9e1u9v3/Ul0py5S3dmdpeJ6Pa2XfPbiIIgiAIgiAIgiAIgiDIzoOR0nQh1SPWkadAbzDPqJPyB+Pjx5goIVG+m9gMQoi4EzINjsWYEJZj264T+G7g+0pBInNACC4CH8oes2gYWDJmKh/Jt1JNTY7rwHsnlXLSeS+f8wsFGab0QyKtIggriZeKOLovVGqXiv1O6k9KZ20/DTW040UntaFVy9Uuhfio6GgynCB1NqQ9ARQCz1PnLhScRF4lSltUJRWMVrREm1DpbWQ6JJUGSCRSj4idfCxiGtuwTcxeJjxyZG4hqaaJg/dxBiNdQckQ4jsgsUFmDgaVziYsNu3Rdiex0ISKhLRLKXbIroiUowkaFFrsTYeI5tdpU5egO1x30thU+5T0zu9Er13hcWKuMpq4FHpblsDYXmgR+b3h1rOZTWj5JREN0lLSAbEuiG8p5YdPIiFIEAaUM6qyWMVyM+PWo94U5Yg1rEfqW5JWhhCfAAAQAElEQVRIvxNi6Wq+dKYSWlRow1lmJfeZ3jpE72SDof7UGriqk1ueKzz2alA5/6A92GdOLn8ae/mm8K2NfEu3GN5Mp46yJgyVpwn2/pT9Hd6osKj/uev2W7Ld3Wef95GP//tnevQ4aWlpnXX08aQ3wCoEQRAkAXwS7bfffpXztQ5j+vTpkyZNKltUy7VC88ADD2iBSC3mKKou+upXv1pVdBIEwT333AOFc88998knn/zGN75BarB169aPfexjlfPHjBmjW6jkmmuumT17NumJLVu2nHLKKWRQMXLkyDKVTI+fLLlc7sorr8zn8x/5yEd22v6OGDGivb2d9B443dqcpg7wF87Pfvazm2++Gf7c+uEPf3jMMcfo+WeccQZs98tf/vJvf/vbNWvWXHXVVfAnGRkM2Ix88Kii7mPl5nDu4nBkGzlh/3qJbx591dvQQY7a25o4zEo2FbNhG1+/lfRIR1a+akHJOybbRRAEQRAEQRAEQRAE2V0pCWrRkkfLTa6cqBxFRxtAFH/nERWLEi0TYuxHitYXJryu/+V6idQv2DKNTiolnU5CaXwS+qHRMcjH3kPfCyxH5uSBelDdTacd13EzKb+Q8QoF3/P8XD7wfPUgPU9YZcQTWkdIEQX1jbsE2RlwYjxBqFHnxPP7Q0sgCKmnnWlAV1FpbZAEDrG+BHR2DpZOwz8ycYe0PAlFtSw5tTqiUek4jEUC1wdHe3uQHYm5WEvfNoYdHSDzrzE4MRlyiFbncC6Y+k0UKjClKIlPS1F6ItvgZZ0qP/K67chWyByYgRuR317gYrCYI9UJHdOcrKBNr4tMTnolRTtdSxdCGpi/HeXiFRl7nETKElLL44SU+53EZz0ukz6UKdwjuWbh7akS40jtF+lJLSfHTZVnJ5fLShOpIJBxPip1Ib7vM4XFLGpRfUGb3se6vdI0V1WzXiXH0KgsxwideQduB22sEoYh0x9GNFK2aOWi8vJRYSqoHwzkCzznVx8t8qXh0TVbxY1P5V9fUxIX2W8iu+Do9MhW5e/yzu3k57/6rcWvvXLcu05upPK4CROv+v5PCYIgyMBj1qxZU6dObbz+3Llz33rrrVpL58yZs2XLlilTphxyyCHz5s2DxkkvaST9yq7Kf/zHf6xcufJPf/pTjzW7u7u//vWvL1u2bMaMGZ/97GfJzuKSSy45//zzSe+58cYb62c7WrJkyY9+9KMFCxYMGTIEah5wwAHJpUceeeSvf/3rz33uc/fffz/s9Ze//OWDDz6YDHgsRj5yZFFf8vTSQIpO2llyZiWvrAo2dPDZezmzptUTHn39rPSUkRbpPW9tCP/zzjxBEARBEARBEARBEARB3gESOhBaGs+mxfQgxXIDoXda4iUSRxiTz+PLacLogZaYPkTxWKrn63k2REClxwEPLct2REqmYggDX4ZHPc+HMlf/OdyW7tTywX1m25ZjWynH8YMgky5k834+HxT80A9E4Jfm0tFvVG9jOYUosTXpJ7WJ2c8eKtScGYly+iApSKyUlBaVFGKZRVQw2xORHEII0lgajTBU4h6tOlGWJ4EKLoc6viylJ4memQh2fLWYtyrnjIlxF11zlBGDXhb3gZT0t3+gJCEj6GXDttbIaKS4hEWHXDan8uxwLnsuFwjt4yLlRKJcuKAOQzGubzoVpdcRItSKnGQH42tkF0YJEmA4YPKe79jbyXGRWkabOwUTtRQnO2vaqMdJxbSHls2O1zizxflwhxXahDfF95m+8eqow4oqEFWwbDvNGNyeOZ4LAp+b+fKOheGXEiOQotKAKkq1Q4wysUxioiqUJjOLBovS/pgsVDq/D1W6kyAMQxpICSGM4JYFt496yl0pzZQ+i1qMNqZ/fKc4bJK9Yasoe8YW+n54Ir7yxvrwvx/MZwvl6y5cyX9wV/b/vSc9aXhfYi39xajRY+BFEARBBjmnnHLKWWf1IvPX1VdfXUt0Ah9QN9xwAxTOOeccmM5UkP7jl7/85U033dRjNV//HTwIWbNmTWW2oEqgzpe+9CWYjho16pprrunREwX+aqiTNydZjfSJp5566o9//OOJJ574wQ9+kPSejo4OOLO33XYb/DU1ceLE6667rtKzB9h7771/97vfffazn120aNGll176nve8B8pwBMjuypBmOqKlL3/sbckO6D8RkUEDpf318w+CDCAojpAIgiAIgiAIguxQRFEGwWgySUqN+rS36WUS9UsEHCx+hrsYLqXRZlmxb/HqOvjKKKOOlsfYrvSKCAO/kFdqEvgR1vPDkMM/EK90Ui5EJpnjZFyXCxIGQaqpUMjmvVzeh1ehwIMQVpfxeiESGguh+xM/h1/ceBXzgd5SVEnEzRkDD51uhuptk0hyUSkfMIHf3oogaB+XlZAUnBRtYGpfDzpXhl5Hik9sW6bpYAwOvihtVos7EpdfURajC1qZJPUZXEAoXWuDZONRJ0TkvNCPxIYOfTjlNo3PdUKsk7ivpBsQlQoJJZLQvRdGNKPz7GgVTpVukYofCxJim4QIqC8XyuDCSE+I1CWI3J68m9uOR+yNxN1GHJ/aYa/0IqSB+aRiWjFflE5pLY+TiimpPyUV5SKhRXyHBkNEODLwXRjU4AW3G2n4MIoE2u8EKHgFeKVTaYsxLjjl5k6OayaVVfV7WN8ZSYtXXNsWrlzb87yA+9L5RK2lEyuIyCBJNcNtiw3k34EP3cOGV50KXkB+9ahRnFiMHDCZjW5j67bxl5dJ87HOnFz67XOarZ2YI+ulBc/DCc/n5cPBL82f19Y+pGq1SXtM1WKUG/73vx596D7SH7z79LMuvPSTBEEQZGDz+9///o033oDChAkTkvNFnDGxLhWyy3I2btzY1dVFeqL45++uyJw5c6666qru7u4ZM2Zcc801I0aM6HGV9evXv+997yM7Bjiz119//ZIlS3rll6OBM3XXXXfB6lu3boVvph//+McvueSSVCpVq/7YsWP//Oc///GPf/zd7353//33w6GA+hdccEGdVQYgGzv435736lcgDbN6q3hxpT+mjR062SYIshOxCAtJH5VqCDJgsXbRFMwIgiAIgiAIggwYOIk8TmhpZFyH+UkVN4z+oa47RSwmIEqEwaJVKI08Vxg1yVYs27Yd10+lvIKUkoS+TL7j5Qu0m7jwI10m46ZclZzHdtPpdFMzLCp056Bmvqs78DyZCSbk5gdjwmlCWlKM4yemNLadqAtLrFK514nfnFk1N4OSQ0GNBoVFRyYu7DxFQW+VRhq1PyqbkbQ1kRFq23WkZETJfKTZiU7uZKQ1UqMSG89I94fovBe3DnOYsGSjMiBtRbFyOCTSKSS6oor2CqT/KFP+9IQdX9a1Ugmp/VXuJlqIIETJnWC0NqyoCysukle/3nOTf4QwkvCrKB4IUrbeLitAUWEcC64twh3iNdPot26amBJ5M8lpfVUHr5YDntKat/12Kh8o7R83C5WKTLmV9Ka9svFIX2pwGNOZDIyrtIvmC3l4pd2URaxQ2uoQnXaHR/eqStxDyu+JXlxoVMvN1BrMdV2mLu+C78E9rh/mdhzXtuP0QMUOD+rL+aGF3hYVWEy75AunFQ3kF68Lr7sv74dk/Vby2GL/xH0dsrP4+Q+/s26teVL8x9+/qla1z3zhytPfdy4Usl1dmzdtJP1Bd3fPQVYEQXZ5CoVC1Ww18LkD0/POO6/yz5idKb948803tc1JJZdeeulLL71EeuKKK664+OKL61T45je/OXv2bNITW7ZsOeWUU8guyl//+tfu7u6PfOQjn/3sZ3v0OGltbT3++ONJb4BVqs4fNmzYhAkTWlpayuY/+OCDS5Ysga+QcJZJbZqamkaNGtXe3h7PeeWVV370ox8tXLgQykcdddRXvvKViRMnkp6AP4Quu+yyM84446c//emcOXN++ctf3nnnnV/4whfe9a53kUHC29vIjY97ZDs4fl93a5YPychvN4vWBr96xJs5vReiE1jx1IPtIU0YWEW2C4vYSnQidtoPLgiyE4ALmyAIgiAIgiAIguw4dOhQxhoDYdk69h3ZetCkr4W2IenHr9zVIoaibKkojeiaBCsqts6VXkGnKKGMORAVlboSV6bakYKSLl3wC16qCUKmKXjZtgNBTSl9sO0waEplMvnunJfrhjpSxBAGSvcR5X8QRfECjRK5qI33fAySOp26IWkjOCjuXWVTcdRcRKKXHUEczq2QGInEDEobDfQW5RBGxCRkOh0hz5TlWC5Jw6Iw8HkQSPEIF7plmY4nklIocQ8vOyb61GidFFU+Kjporj0RdMi8qPEQvRWK1KQP69rRERCsmCMqjpQXO8blzisxlb7KEr4u5VY/1TtGS97opCYa7bUhxRL4qyvSA/rWii1MiDSScnXoJZfPafGHHDelUowTfY8pyxO496j0OxGV92piAKX1Ny3/0dYphDq2I22AhPA8DzYH7UO4MZNptmxb3d3Khcpi0qWKDFy8kKzaFGpR3YhWNqSpvLOvrDSPTp41040VJ8DeY6xTZzj3Pi8P+Msrg50pOpl5xNFbNm96ft7T+Vzu8COPdt3U2+vXvr5k0fQ99x49ZlxcbczY8brw6f/3lX//zBeTLTw79/HvX/21ww6f9c3v/YT0Bst6JxMJIQgycBgypIrH0qZNm2Dwb2trqxwr4ANi69atZMcDH0bf+c53tPylkkmTJmmbqPoMHTqUID1x1VVXvfLKKyeffHIjlSdOnPizn/2M9AdfUJTNhDP+v//7v1D46Ec/Onz48Dqrn6NIzvmv//qvhQsXjh49Gpo96aSTLr30Um2T0wjTp0//zW9+M3fu3B//+McrVqx45plnBpHoZNIIduGxbp0Kf3zCW7GxnlzsI0fWW71HRrbST5+QJgiyfaRIyiMFgiC7FimyXQMsgiAIgiAIgiBIfZgM7kUh6UpRSRwEJ/UD39v5sH9xe7Ta8/ImGE91GhLl8BHpEojFoqwLjNksZVsQKQszGTedynd1+15Bep8EgZ/y/VTgplKO60i7jbTU90sTlEzazzflu7NeIe/lczzwdZYbE+qHoGpY/E0syvPS0z7UlQmUh19p6aEtXzFxYHVmjh35pE2Pz/HUsXtooHUl7AkDmfHIdaAp37NC5sHZCYOQRFInpSMxlyK1tHlJMnJtYs4mIYiOknPOLEvGvvWVoHUn/fRQUp/NQWxh8iXJTjOtqSlePZG3i9xZHsqYK5NZS/SdVn+Lgsb3I63INK10JpE8qdj1+CLGyO7uTlX//+TMWH0Cd5TjOE1NTTDTKxR0pM2WXkOMi5DaTD9gLkOAQpR9RsQ6kth6J1a0JDZKqgI14yebPd9TspOQsYIrjY6YlqepwZnRHTkabie3PleY84qJTbY3k598uLmswvqt5q7cb1z502b7jbXuJVJ0snbrjnqC3/dkCrqymZd//qswveyCc1avWvnZL319xMhRy95841Mf//DY8RP/4+ofVDZiK5JzXn35RZgedTKQ/QAAEABJREFUPuvYwZUIAEGQAQIMHffff3/lfAjYb9u2DWLwkyZNKlu0YMGCyy67jOx4br755ldeeWXo0KHjxo179dVXy5ZeffXVpD/48Y9//Mtf/rLHarW0L7sGYxRk57J+/fr58+dXzl+0aNHKlSvh745Ro0ZVvTgrOfDAA8ePl+rMz33uc4888sgnPvGJTCZDlJFPLpdL1oz/LqrMuwSVifJH+etf/3rTTTftuORBO4KWDJlZN8Pg7c9vlw9KLZZuCN/awE/eb+epdZFdGxv+1KV2IAI0O0F2GWzq2AQHSQRBEARBEARBdiA8CBizlPSBRd+nqSi6LRS9GepRGvyOXS6qVo1rJdeukkKkynqizH9DJVTR4U4Wp5eglg3hSAiopTMZaXnS3eXl8/nubJCHMJvrpFOOdD1xLduGShnbTjc3pZszhRzU6eretk3wkCjvDaU7ocluNeg0Uv+hftNMlCaowjYlGWSMM39USoH6wb2i17+e9FlxUvTLIcpQJqCOwyzmpFxmUerBjng8CE1gOtkrFbOONRQlvglROJsqm5DY70THy2UwnEauJ+8Q8Y+t5l4wviVRt6NML5SHXEXQo/wmZemXBK3I60Tjdo0AJ0HsWGOm+PtYH0ia++wG0LKUTKVXoOu6Ms2N58F8iHIxlf4mENwW5jqOjIkS7kZEOexom53Y8Cd5K4rENHI50ToSoQyRYHSWjkZKpsZlEi4B0RcmXZIcRz3mHipPFDKAyXrF/S34VSo40QiR83iZGiwf1XetHbWPW7ZsHjJkWI/V9pg6fey48XOfmLMV6g/tuf6LLzwH0yNmHUMQBEEGDN/73ve+//3vN14/DMOyOb7v/8///A98DP3gBz+46aabKlfJ5XKVa1XiKupUqBTz7Q48//zz8CmvrWLmzZtX1e0GmDp1qhajXHfddffddx/pD84666xPfepTUFi4cOE3vvGNWtXgLxM49aQxrrrqKi062V8Rz7/xxhvLasIuH3vssVB4/PHH0+nqzhzwh8+FF15IkNp0e+TRRd5DLwfLN8hv0X4oTjsQn+NH+gH47t1EmjtppxA9D+8IMlAp/rzGKGsiTQP5sQ0EQRAEQRAEQXYBCtkcsyyZ9MR2LFdGvoyDCCFGGaHlHaZ6FFOMQ+HFILdKDhKH+WsqGnorddCR+diLJYra08gTInqgPjJ5oCp6L+s7rnSPcFwn8AM/Xyhk84EXeAXPdvJuU9pNp9KZjC2lJ7YSQKSkOUouC9FUHvgigC1xvf1KmUxZoL9M2SAiVUn1XVH7oqw4GGFwHFlttQ0t1dmwREf6xcSj6CRjZtCaypp4l+sqimrULzZNdeRah5Wlt4fr6gMcCE8otYiMO/M4/B13tOQoG6eTRLhc2/XIOLX0XlDB61IVFNnp2JwHKnJgvFkgdg67Dz1TDzaqn66oWiBTk0CEA/odwF2o7yNaPBXqZov1Izq9FNEeE/JiEqXKGuMEpM0q5JrmdjZR/vgns6QAIFIARL9GWI2cYF5x1er0QD24tIhqa+0sKCF1dFM8cRvERz/Ki9THntcfKRqnwRX7eChFqTzJjODF8QYCIRBL6+7uDsKA+BRGSMuy/IDD5U3lXatfRqNn7kl9NZiBOaFiSe5H8YYW0eeIqamyphEHboeUvOQ934dN5HN5F24T17UsRvTlzQZu3qjDJtubO815mzKqSj/HDWWbO+VuPvF6MG1Uiehk7lKjOhk/fIfsIHRr29YtEyZObqTyrGNm33HrXx66757zPtJD0Gvrls3L3loKQ9yvfvFz0gBHHn3se848myAIguwwtBCk0kaiPlr2wRIfMRD4nzRp0mmnnTZz5syqopPLL7/8pZde6rHlK6644uKLL65T4fOf//zs2bNJT2zZsuWUU04huwrf/va316xZo8vf+ta3alX72te+du6550Khq6tr48aNpD+ApnRh7NixZ511VtnSZ555Zt26dWPGjDnyyCMr1126dKk2vzn++OOT8yv9eHY3Vm/m1z6Ur1+BbDdeQF5eHTy6KHhmSeCr7zetGTJ7P/uACfgQP9Jv2MSGIH2B5pXfCYIMYmxqp0jKJrudsBVBEARBEARBkJ1Md2cnYw6zLcdxmRfarmtDgeln1WUiBcJ0DJZGeRLkWyEiPURYjCcK44qSNCMx/2uZiNEfqIBk4udfGsU8y38QLrV7MHOSvxsLIzRRi6TOILJcUY/dQz9tJyUc13Z5OtPk2DlpeZLLBZ7Hw9DL5r1MPpVOu/CCvU6nHNcdN316trMj19Xl5wqh5ysTCioVDZwrJQCD/2TgnurYvyjxRY67rfsmSvbEHJDYtUNH9quoPMryn3Cz77JWMv5Ik0dJaO+TyPmDiOo/rUenidRJ6EMZrVyltAKrXKvqhpQmonRL0TsOeJ4UnUixE1xvNiUMzotgTKXa4fCfkU0QpdMoFf5IH5MowB3l34EAtFCBch2vplGKHdlbZowYwmqdLKEsAUhNGvjdyVYXjaBa/yJKT7PetUgPonQjyqpFBJZtmVUifVdiRVohUCrXH4nEyY98UN5Bu5dBib7PaKnr0K5Bny8FnS2lu7u7AKMnt1ViFj0aUx2WixPo6AWVg0RJBh8S3Z6k3lDCLMuVIi1Z0fdllh2VUIAS1zHpqAbwlX3oZBtedSocOc1+ZYW0l3/itWBoMz3zYBdGy5CTO14ozHvDDFWzpu2QwMm2bVshENuIcwlw3OyT7rj1L/ffe8cHPvyx+lHbl+bPI2pwf/qpf5EGmLTHVIIgCLIj6ezshOl//ud/br9E40tf+tKhhx5aa+nUqVMbcToZMWIEQSo4+uijN23a9PTTT+dyOSjDnxxr165dtGjR3nvvPW7cuLiatg8BvvrVr8LpSLbw+OOPX3nllbNmzfrpT39KeoNlme9d++yzzze/+c3kohUrVvzjH/+AAsyvKjrR+qGLLrroggsuIEiCbd1kzqs7JELPBXljQzh/efjiimDJGh6oew7+fDp4Cjt1f3fWVNsauGpkZLACcXpGLI/mAxLIBz/krzP41RoZJMhv5XJctIjjkpSDihMEQRAEQRAEQXY8+e4sxP0hiAg/3NCCxyx4J1PPWI5NqaVz0NDI+6AiP0LN90WnALL9GD1Krx5TVHIHqUtgTKZfgfhlU5uVasqkveZCPlfI5wPPz3Z0we676XRTS3Mm02Q7dropY7tupqW1kO3OdXYVurOBR6Gm+kGLaO0AldmI9L6JotdKgvJDUaK7oDSxK7Ra/VJYn+0LGqKXbdM+Z9ipBvw+z0NpmgCXWSqTgcYDHw41DUVApEBEi4hYSaKcSNlUTOUhu0SjnEXymiXKA0H+DMmTPjEle0F2PDYPQwE/fgoWC5OiyLvgxZ7EkiIpxNHLld2J0tzQUsuTGtBiCiISGROJaHM8dtghCNJ79NVlK2MiKHR2dQYqrgYfGloFIm2LLKvS06WWqqtMOqXEJ9Ura12e/HiS9QPP82DI0Coz4QBU0EF8WR8x1Xl8sQyZQPnuef6DL/rDW+nGTuFFuXUggnLwRIv0H6PHjNtjyjQ4la+98iK8HTl6jJ4/fsKkTFNTrbX2PeCgPffa5/Uli1584bkZhx1Rp/1DDz/q9zfdSRrgztv/esetf2luaSEIgiCKOEviwoULK5dqPccbb7wR+1LELFu2rE6zHR0dMB02rCGNXX3qKE6AOplZesUPfvCD6667rsdq2u5uMAIf5Y5Trqe88sorYXr22WevXLkSjuSoUaPgXH/oQx+aOHHiNddcU9lIZRKiBQsWwPTYY4/VGtl+4Uc/+pHv+6ecckpVxcmzzz77yiuvtLa2nnPOOQQpZc+x7EunZ+pU+Mk/cq+v7d01vHoT/897sq+u5NmCmWNbZJ/x7NA97JP2c4Y349ccZAcCoXqbNAVSHC4zMHO66z2YgOyayOcHpWc0s4lFCYryEARBEARBEATZGfAglI4MnIvAGHgw+RC5xSwXJrabSmUybjpNZVCRchXvgy/b+uF2yogQScsN/U+i9Z2SMZSWWEKUC1SiPCSUwO7YzEo7blM64/m+52U7OwrZXNfWbTAttDRnmpvttGO7Trop47p2Kp0utOSyHZ25rqxfKEi/EyGYtmxRThXSQKOYg6OsP2VdjKoZdxPUAEh0Bg4dSrAdJ9WUYXkG5wWOVGg0Pg22E3npKOD6FUq+IdPS8GK2kLh+gxmCthOb+wFnFrVNV+RzJtKERnkFqW6Xyl+YsTzhPPQFs6WTA43Ma8qORKmMSf0jinuoshhJwxcatVD0A6pzP9IejSeQ3RSdtsqyrObmZnjb1d0l/U6EsLntuq5MFhWGWpIiPU507qv4yq59PYkoK1rs9EOiTDt6ddiobtN1HW2eAsGqIJQfWTaHUSNtO4P4aS0/JBOGMy06AQo+WbO55DYf085ynsi4/XZHfu7LX9eFec/MhenhRxy14e31rW3tV32/h+fC33fO+T+95tt33X5LfdFJS2srvEgDqFGetLW1EQRBEMXbb79NpKmVf+GFNTN5feUrXyG9RItOhg8fTgY8MCSOGjUKCvl8vpH6UHkw+qZs3ry5EQ3Q9OnTx48fP2fOnAbrP/fcc0SJTkg/8dBDDz399NNNTU1f+MIXqlb47W9/C9PzzjuvqbZqMyYIgnXr1lXOLxSMgGL16tVV5TJjxowpk9cMCuCvs9GttH6F3rJ2C7xkJsw9RrGDJrEZE+0DxtsuPrSP7CwgYO9gzB5BEARBEARBEARBekSEEOGXCWT8QH6dZoxLJw/KLM923DDweRgEnmc5jnQ9sW1qMRke50ImmtHhMkoj/QBRQgw9U8tAaFF4ogLv0VZptVQhNemtRKDYtMqJQ0x2GqpjnMxhDuxPOmU7Tj6VLWSzfsHr2tZVyOVTrZlUU8ZNpWzG3KaMnXKhmtvUnevq9vMFiJTJ5C9EZRiCeL6wVGQUYq7aZyPx0IsQFXlPRHJfTIx18EhPdpRKQ6XBCTlcgkw+tphytRZDWnSE3KTh0JINc4VFCpLY3cOcbJPrg3OqzRQgRM65OeiCq9nRYddZbZQPyg50PbG9vAebc1OuyQ/Eoo6TWHdisuMkrEpoDxlDBK0u6zKtUhE9/Mq0JCy6L+PqCNJb4jQ6cFNBcEXZjWQhNKg9Tkx6HZXzCj5AIh2eToslohxPJcQuWJXXo6jRAcu2HOJAa9wvwLYCPyjQgiDCJYMPGHn++Zr/j/leZ65etQcWBI8tDM490n3X3v2ZZAfCmc8+/URLa+voMeO+/NlPTJ4y7Zvf/XH9mNbxJ576u1//Yu6Tjz3ywL0nvfsMst1s3CCjyyNHjSEIgiCKlStXwrSlpaWqbuDhhx+GsP1xxx2ntY9JtmzZ8swzz1RtEz6tVq1aRXZ8Upu5c+eWZWapheM49913X9VFX1VUzn/rrbemTJlCdgngbwI4X5MnT26k8uzZs//yl7/cfffdF110Uf2amzdvXrp0KfzV8bOf/Yw0AFxIZx9LVEgAABAASURBVJ99dp0K3d3dOk3P3nvvnc1mKyvcf//98+bNg7+IPvShD5EGgOvwAx/4QJ0K559/ftX5d911VzLB0O7M2KHkgmPSB0+0WlL4ZQZBEARBEARBEARBEGSgIriUZehQtfJIkNFDAcH7MOAhs2wR8qBQgJifk3KcVNpyLGZb8E7ms5X+J8WWdBaUKJQY/V8tjKhD7w3SmCxAJLpR1JyoJDsmKYyIqgkT82duJuO4qaaWlnx3Lp/N+l4+19nt5QtOOpVKp2B/pQqiOeOk3HRzcyGXL3RnVTUffskW3GQtEXqi/tHd1f3RIofkbjS8L6W7NQB+Wus3ZUbp7hQlIJF1OoS1nVRKaJ8OGka6kyi9TiQy0SsTLcEoM5uhcW9lYiV5GpQzDzWXNleaIZ27JnZaqNXB7cIOfA82Ky0glE8Dk8FmWpZsScjbL5lwKfYlkX3V4fzETke9FBVCkoR5S+IAyQ2Qfk2JhOyexHepZVkQFIS33dksvC14BSg78pFVcx2WDO3CyMqKF2cysVhV3aHJNyXUEEC1HkvdC5Yy5KdccN/3YKZXkG4rg1F0cvvzhQcWBI3UzHvkz4972YI4/aB+29H/+++fbtzw9kmnnj5k6LD29iHPzn3i2h9994tfu7rqKN+xbdudt9380Ys/cdknP/uj//zW9df+cO99D5gwqaF4YR1WrVwG01FjxhIEQRCFFp0cfvjh3/ve9yqXzp07d9u2bZ///OcnTZpUtmjBggW1RCdvvfVWPp+fOHFiyw5O5uX7/tatW+Wfe269sRo6U1XhFwQBrK6VMV1dXU888UQmk5k9eza8vfHGG6+99tqLL774iiuuKFuru7v7z3/+8wUXXNCI08YAAXYT/nJoMNvRySef/Je//OWOO+648MIL638PmTdvHlHuaP/6179IA0ydOpX01M8jjjjin//85/z5888999x999339NNPP/XUU7VlDlyr3//+96HwxS9+scF9SaVS++23X+V86POiRYugsM8++xT/5k9Q/4oaCDy00H96qR+/3aLyX63YyL97d7bOWlABprc86z200ItnHj7Ffs8BNfd3/HB2zHQ0NkEQBEEQBEEQBEEQBBnQqLi39HywmMrJEYYqQQKTThMBh7cM5sAyZvPQDjyPObaTdh0nZTkWtTizLIjum/g/jVJ0SKeJyF8kyn6TDJRT0u9yCi1fiFsvGkkQ8xC+ygYUWWfIGoxJvxbbshlrltqTpkI+53m5wCsUuuXUdm0n5abSacd10zaU06lMk9PV1bl1ayCDnqGQTi9aviAPnd7/YvYcKZUIk11M/pxY/efTXezRrZ52J3kQ4EqD02TZ0h/BcmxYFPg+vOQFqfNsRKk2tHWNpihb0fYm0tem6KYjqMm6E/vKSHueKCoeS1kqutw/p8H2C54FfXVCEVjUgfuIK3scffELnalK6r2SHjhqL9SVI30jYJeZbRkLIbVjovRG0oF5oqU2ag5sMc54pexiRDHXidp5NDsZaPTgbfMONVXWbGzGw9Ulp541p9lcFkJlPvNlKiiLGneTREoz9elSLjRL3vai9GpUK0RpdyiJZWb6nlduKzSdhtHYLnieHwSFgkcGGwtWhLHixLHIsfvaB0+09xxtxQNXwMmiteGCFcFTiwJ9Ou941h83xJoxySLbzX13337/vX9va2u/6LJPpzOZq3/w889/+pJHHvzHxMlTzv/oxcmaXZ0d9919x99vuynb3X38iaeccMpp/7jr9ldeXvCDb3/t57/8/faEwdatWb1q5YpMU9P4CZMIgiCIQluS7L///qT/eO2112B68MEHk53CySefrLUItTjyyCOrzn/mmWc+97nPnXLKKT/4wQ82btz4jW98Y/To0Vp0cuaZZ/7973///e9/D599l112WXKt66+//tZbb12xYkVVmc6AYty4cdOmTYPP7hdffJGolDF6/qRJk+ooZg466KB99tln0aJFzz333BFH1EvudtRRR911112kAW6++ea//OUvPYqQxo8f/53vfOerX/3qww8/fPfddy9YsACupZ///OfQjdNOO+2mm27KZrPHHXfcWWedRRpj7Nixf/zjHyvn5/N5be1zww03wCkmg5Dlm8Lnl/KymV05UjmzkjfXc7K++HZEa8+rNMifn/Zcm7znAKc1jV97EARBEARBEARBEARBdh4yMGjFFiXaAkRG9wlXCUgoRL85lW4NAed26AfUo4Fn+a7MTWM5MHGZ4zDLNuF9qeWwVIhQEBHNM8kWqJZ7MOM+ovLtFJUHNJFjpKSDPfa/clb52vEcLVFgFjGP5EOByzi9bbmu7TZnCt1dhVy2UMiHocdhEsrwqeDUTaVSaUdOMk3plpZsZ2euq8vL5QUECFnUdZlyKMrqY6QNzKQYMildkl3lif5tL/2eIqY8NFz61qSn6alP1YU1lcleEsdHeptwLkVPNnOYC+cFrj8/nxdwJpQniNRFQSHaPI+SyVBm9ERM6PPBjIsJU2/UdajC5foqFPq86PMm9IVYmtlm+81d7CAIC4UCbDLDLGZZRg6j043E4g+dh6n8ki2J0lezjkgujwLzJHb1qa48EL0yGEKQasTGPJlMBq6oXD7n+568tmAEtW2ZKEslaSsfzU3yKNI4SR+k6LahMsGPRSwbbigG2/Z9nwww5i8PNnSW34BnH2okGjlP/PaxvC5bjHzy5PRBE8ulJLZFZkySEpPpo9kfH/N0W397tnDQxCa2Hbfvtq1bf3HtDx+f8zCUP/+Vb44cNRoKQ4cN//YPfv7Zf7/wj7/55b77HXDQITOXvr54/bq1sOj/fepiGL6aW1ou/sTlo8dIb//PfOk/YOabS1//9f9ce/n/+0qD2/3XPx+EkTedzqTS6UI+v2bN6jtu/TPMP+TQI6o+1Y0gyO6Jdjqp6gbRZ7QDyk4TnfSZhx56CKaHHXZY5aIhQ4b84he/uOSSS/73f/93/Pjxp512GlFuKC0tLZdffvkTTzxx//33w4r1k8W843zjG9/QhaeeegqmRx999Pr169vb23vMhvOhD33o6quv/utf/1pfdNKqIA3geVKrCptupHJzc/NZilWrVt2jeFqhl37yk58kiPwLJ3XCPtWTAPqhFNeWUee7SFum3/4qePqNYOVGfsAEa98x/SDYRRAEQRAEQRAEQRAEQfpE0kSBqBihTEci4/wQ7PcFpQGzaBgwaXli2bbj+ikHprabsmwHAoIQCiScEcaJUSlEkUca+YuY1uNkC6XvKzC2EKQHasbSRcXbohFGIiVLNDPd3OSm3LQPv0oWvHwu8AuFbM7L5R3XzWSaU5m0k3LtVMpJpTLNzd3bOru2bAk9nynBhCCRj4TWW0SP6VdkNxkEyU7oThQnJBLjlPwjg9eWBb9N2q6jM2xI1Yj20JE/WZb+MqnTOiW8bkwTsapDWjFY8lJWZiEmO0/xeteiFxot6YFGjo4NLQXSjKEAMXKACibdG1iUU4QREolPkqIevXntJ8G0Gw8rXqFU53Oqdg2JaN8pKVdvGYsY1J0g/YEWlMAlnclkoJzP5eA61xcwfASoO1ModRfXmi+SMBdqhErtYeRKJLSUUQolbTuVTpGBx0vLOLzKZr7/UFffdW+8zXMFM/Pi2W6l4iTJsXs6XQVy29MyQrZ+q3hpZbg9Zie3/fXGx+c83NTcfPnnvjLr2Nnx/MlTpl3yb5/5v+t/+uorLx10yMyccq+B+Zmm5rPO/fC551/QFgXnJk2e8pX/+M63v/GlYcNHNL7dec89/dB9d5fNnDhpjwsv+xRBEARRbNy4cf78+VDYd999ST/R3d09Z84c+Kg67rjjyADG933oJ3yunXDCCVUrjB49+kc/+tFll13261//+uSTTybKUuXII4+87rrr/vM///MTn/jET37ykxkzZkyZMoUMbPL5/BNPPNHa2jpu3DjYnWnTpkHPq+Ybijn11FOvv/76xx577N577z3jjDPIdvP222+ThNVKg0yYMOGTn/zkMccc8/nPf37r1q165iWXXHL22WdffPHFI0eOJLsxw5vp8ObyP05WbRX/92iuI0uuPjsztClhaynI127NtjWR0w9KwZ80O+gLiZB/Ncm/xMa2o7YVQRAEQRAEQRAEQRBkp5KUYVTm3oh0IzLoH2UEgTgiD2nAmBd6fuA5llNwXN+RUgyX2DazuHzS3VJ+JzrSTSInlYSsII5+l+RaqPHzU504eS9+sBIVOxnF/6P8JjJdCXNs12KWY7kp1yvk89msXyh4+byX99P5tJtOu24aqmSGph03BWtmOztDz5MZiiKLCh1mldldYg2EzrNDaUlXBoH4ZAcjCKnwTDG6CJ0qh8vn/hlLSTETJYHvy7QzyoqHEp7QaQhqcidRUSImIrFMQ3ufKHGQElHpvDRRyh5VOT5/DXS7AWy5GZmDybcs37J9KcuyVQyeq2xM8irhglZc3ep24cY9JyQmuwiLfR/ULpL6DtR6lwQtHgsdr5eSF65SpVTdSZSjIA1gPhC40Z1AKZuVSgWmkFdtqK5bbbojjEiljpBNZycrn0mjfFLqLZM3cPHOgw05ti1SA2UQnTzCqtSaVPL6epNYZ0gzOXKa02P9E/Zx7n7e85Sfy8ot2yU6+fDHPr5xw/qLLvv06DFjyxadde75bW1tJ556OpQPOOiQD3zowv0POGjmrGMqY4Gzjp39w5//8qBDZpKGOe/DF06YODmXzebzUpw0ctToceMnHHn08Y7T8+4jCLKb8Oc//9nzvOnTpzfoV5Ekn89Xnf/www/DotmzZ48Y0Qud3M7nzjvv7Orqmjlz5vDhw2vVOeCAA6699lqYwsi5atUqGEvXrVtHVAKaSy+99Fe/+tX3vve9G264YWcKxvvAT37yk7fffvv0008fNmzYkCFDnnjiie985zvf/va3q3Z727ZtN91007/927997nOf++Y3v3nNNdfA7k+ePJlsH8uWLSMq2U1vVpKiKDi8t912G/wdsu+++15++eV33HHHI4888te//vX222/X0pNRo0YRhJBCQP7yTP6e5wP4vjZ2KNnQxYc2Ff90WbWFb83yxWvIc2/kxgwh7z7Yfff+blNj+fq8gDTI88sCqDyshQzJ4BcbBEEQBEEQBEEQBEGQdxAavSLlBDFPmcuHk2jRHAKWQlwxDLiyPLF8p+CkXCeVkVPXlTkQpPrEYralBARU5taJ8n8Qk3hBqOw2/dj3nn5ZKllePVhJLVvrRWTmINdxUinXTUO8rJDN+YVCGPi+H/CMSKXTsIfpTPOIcXauq7WrY5snK3hSZCDlJ6ovvOom+i1dtbbl2KG8Az9fq10yeXBIJASB64i5cA3BEfbzBfUcvtDOB6W6ExWk5rxoC6JXZ8aFRr+Vy1kcwtb2J0KU263U7yRpBNvcRFzAVQNdl20zi6pNE319yAfwmBbZJAPqsqwyApkcJULH+c27WmdFGD1VmYysJJ1RshWCINuBvg4ZY7YtnXwqYmueAAAQAElEQVSkDCUMhWVxPV+6keg0ZuYDQwjRoKzJ3MlCJKvHmbTiOlp3QgYG7znQHdpE13f0ML6/+bapMHOa3cixSNnk4D2s516XIp61W7frwyPT1PSVb3y36iI4mFpxorn0k5+p006vFCdEmZpM/MgeBEEQpAbbtm3729/+BoVLL72U9B6dsaXMbQL+UvzTn/4EhZ2Zd+aVV175zne+U6dCGIZlYr5sNvurX/0KChdddFFyvs4Ck2TWrFm6MG/ePJjGviaXXHLJgw8++OKLL952220f+MAHyEDl9ttv//vf/97e3n755ZdnMplrr7324osv/sc//gE7AruQrNnR0QGVb7rppu7u7lNPPfW0006DXVuwYMGVV175hz/8wXUbUyhUY/Xq1StWrGhqapo0aVIj9bu6up5//vm77rrriSee0GraCy644IorroCTCKdj0aJF//M//wOX3y233HLHHXecddZZsEeVHipwKZb9AZMkzhIIhTop5/TfWmRg05ET977s37fA68jKBILnzXLPP9y1S7/pTxrG/vfilufeCu5e4L28nP/hMe+2Z70PHOG+92DXqm1KsscIuWzJar5iM4cW6vQBvlot2xT+7nHpKXfg5IF+xBAEQRAEQRAEQRAEQXZB4uQ1JeFsauLVIrKKUJ4JxrgjTpiggvUBD+C3uND3Aw9i6yk3lbIcx065tuNY3IKfyagFEXRLxNsrTnf4rhVpLMautDA6FQn8TCbgV75UJuO4rt/clM/lvXzB93wedEIhlZapdtKZjMwylHLy2Vyuq8vL5eDFQ/ProjmeJsFLxcZoPxyGHaQL2YFyk9KTUnYMotg0KdNOyOQ46sF4vVRGtxOanmRvy1JzxGYz1FiKUCZ9UpTkSUW1lahDUJW+p7QDtWnsxNlaVAXtQvAAovLQtuWkox0rsVQpakHiTeibjWu3EmMukdjTal0QwtypiXYrqkXLGhUADB52vT0aSJgMTQk9l3IJkjMhEOI4jozHhBzuzEBl3pE6w2joi3UnpFRHUrqBajZb0fYSidBo3Jk64Zmdj2uR4/bq2bqjTZnMuw45ZnqjPh9Qc/6bYRCS4S14fSMIsgvy17/+NZfL7bPPPjp3TCNcddVVy5cvT6VSmzZt0t4VJ554YrLCzTffDPP32muvo48+muws1qxZc9ddd/Vqldtvv33z5s0zZsw46qij9JwxY8ak0+ktW7b88Ic/nDhxYll92OsHH3wQCjNnGv0ffP5eeeWVn/3sZ8lAZevWrddcc83DDz8M5W9961ujR4+GwvDhw6+99tqPfexjv/zlLw888EDYncWLF69du5Yo/U2hUGhpabn88svHjRsHc77+9a/DzNdff/3nP//5V7/61Qa3CwcK/gLPZDJwPPP5/KpVq/785z/D/COOOKLq3w9Q56GHHuro6Ojs7Fy3bt2rr74Kl5D+Awb+zjnzzDOht9OmTYvrwxX7X//1XwsWLPjFL34xf/78v/3tb3//+9/POuusSy65JCk9ufrqq++///4ee1sruVK89Mc//jEZqLy5Mbxrvv/kosBXvp4H7cE+MTszcWj1P1pg7hFTbHit3CL+8GRu3hv894959873PnpMavbeTtV1po20hraQLV3ks3/Mpp16f+17vnnkA/4Gfd8MNFRDEARBEARBEARBEATZ+USKEqJ/gqNGcZJ0S5BJDqQ3A9V1onw5Kr6tNClcQATSh1/3giD0fanD8F3bdS0HXrblOJZjMcsWKm1KIm5eLXjfn4E1GgfgoYvKbSV6J6Jn6RPbVJFRHdCUJaEtMyCoasknzCzYn7TvFwp+PoCf1cIgaxWgFGSaMpnmFjeVTqXTWfipkpPAKxCVwSUKtOpu8DhZUbzFkp0VtfaB9jCT9od6pQalUofk/GjLvSR5WRWz2iQWlG0sEovI+dJ+RibWoZ40U+dad0LVT8eCK4MFdSSK3gqlx1ll2OGyPhd6D6K8OvKkML0xUbTzqUMjh9uWd5Tg2gTCK/gyYs+Im5ZpqLjWa8GPojqRDjWXJi/uszlAlhTF0BIzFgWL9kyvYsxLRHRzJg4g0cdE+09Ebidm+7TabtGGLqbKi0L3MLkya+Bu7lnjU2NzJUsr97tWvToL4+GBssR2a1VvqNsN7t2goDhcGi8TWYIxH65wGAMDPwiDoOAVYGk6leJhqJxOlNEVjcZ6mVtKXduUluUaMwU92qjjH19OXOXyIZEhUFL7MqB0J43wb7PT/za7V2uQ/cdbv7ykmSAIguyitLS0wPSKK66o80E/ceLEIUOGxGYPI0eOvPfee3W5ra0NQvJJ0Ql8MN1yyy1Q+MpXvrIzPyYOOeSQiy++uE6F//f//l/ZnPPOO2/btm2x4gRIp9Onn3767bfffuutt9ZqZ9KkSe9973vjtzNnzrzzzjvLvF4GDn/6058efvjh5ubmr371q7NnFz8Cp02b9pnPfOanP/3piy++CLug8/TBfKj54Q9/+GMf+1h7e7uuOWXKlO9+97tf/OIXe5Upae7cuXfffXfZzD322OPTn/501fpw5OfMmfPYY4/Fc5qamuCcHn744aeccorWylQyY8aMX//617CtX/ziF4sWLbrtttugflJ0AhcttEy2j+3xd9nRwFeqXzxcWLqOW4wcu6997kxnyvCGjEwnDqXfOLPpxZXhr+fkV20Stz/nH7enU8vv5PPvztzzUmH+mzzv12uTSnUv2WMUO29matrIfvVTRRAEQRAEQRAEQRAEQRpCRM+Rc2FS4GhBRuRDEcX3lL2JqimSYUK9noz/iZAL7oV+ANHBIEjZtjQ7sV2ZqEZJT1LMsWXCHYtSi0qVirGWICoSrhuU6UiSXZPhxxo/QotiiFypOuIWYp0JEcbGheropEg+Nk9piebBrCznMr1P1PRKp7GxbIdZtptKN/luIZ/N+p7nFfwg2AY/bjc1Nzuua1s2k6lcrAL8cOoX/EJePp6uU6RI/YpFjazFiCMi8UkxJFtGxc/vxnyGMpqoEK9HkyKbClT8n5pNimrtqzRIRotjDhExGiGRPOek9BjHW46KpPTqqEWFZCGWhtDEDJ2ISSpL5IG0GFxEcDnBvMDz4PBSov0UoIIVHSF5EEz2HCk1ivaiqDshSuKhXizeWxHtO1HiKtJD13sWUxA67/PnRQdSXtNwO9iO5abTqbQLe0IslfaHCqY9G3SnyqU3UvEku8/kIWD6KJRmDzK+MDTSkFQ4vWg/Ct24TbW2RnYooX0q7TdcqQ2oiRqp04jopEH6xXtHNNaGYI1oZXj/7dwAVU7UV8zw0IiXuCYI4Ib0fC8MQzkKWhbESCzbpkkFj2UCACIxXChTn+KoL8ydWhSdhHqkFEXlVaRCUzWPlo93jxvbi0AUsKFr1xEDIQiyazOyn1yOOruyMG1taSIDj+eff/6www5rvH5XV9fGjRt1ecKECZWZR95666277rrrc5/7HNkBXHPNNU8//fQ3vvGN2G7khRde+NnPfjZr1qwrrriizooXXXQRfHL9/ve/Jz2xatWqBQsWVKZlgT0dNWrUjBkzBn6ylZhsNvv973//8ssvHzt2bNki+FC/7777Tj/d5Hf7r//6r4MPPviYY46punfz5s2LD3gjLFu2bM6cObD1XC4XBMHo0aMnTpx4/PHHO05NA4z169fDZTNixIiRimnTpjV+nGFfHn300RUrVtQXHu2SbOgUd79YeO+MVN8GKy7IfS97+4y1epSJcEHqa7kpJazf/jhHEARBEARBEARBEARBesGatfIH20PPSf4kS5MR9ZLodhwNJ0wkY7fFkKKOgEt5gF7OIOJoS5sTmXDHlq4ndsq1XIc5FnNspRLQSUSKD85HRD8pqcfaCaW1Is6xeCIZ2SwVRBiM6CRKzkBqESkyin4kybpGnyBC+PnSByDE6kG81JH7mE5BjJUx+bR/LpeHHzmzXflsNw+4OXhGA5P8AZkK0ZODQ8lSpRSgxUf91YmIbTKMXKZGg0yUGDhUbd8Ecot5lBKHMqmMoWW/6JlemBqN/toXBZfh1IhqGYii/SJmf3WkWZ0Ev+AFnhcUPDi8JcKX+OdIXZnJHx9p7M/ASCLfkTSjEZGvibKlITrVTskp2g6jCvrCF883AQPKhUkRxBxXXipOSuqwiBGEaKmTOqNxOD1x71F5yuXqSd1JsoIwXibmiqgERScaFJ30ih5EJ1xL+kxiKpiKIPTVuAiDIJwv11Up1ixbK5/URR7taaTw0qNXFdGJtqNSK4bx9qAcFu9Ocy8cIz/AUHSCIMiuyu4gOkEQBEEQBEEQBEEQBEEQBEEGL7VEJyVGILEViZEhQHiw1HskKWRQhifKbkMohYTUgkCg3LIdZXmSslMpy3XgZaccaXxiW1IXYALorKSZqHUtNOgh4qxWL/aQ8MoqSdFJcUOVQdWE6IRWdMjU1/YuPARkoh3fDzwPGpZqgnTGdR2o53terrurc+u2QneWh4HKDqGD/DyZ/6XHcHOyw7F6QulOdH/eAdFJnO8msVbfRSf6/BcPa7W+6QQ6sb0BkSYLoQxv5wt+wRM6DK1dX0pFJ8oihEZmNyViChGZ4AiRcFDQBU5EMslOX3UnttJUiUgrI/1utHO4ypoDtwVTMfhIX8VF0a2n9ChpMwnKidRpCcFUvp6k7oQopxPSfyIIBOkRfcfFd4cc7C1L5VmTs9QdGmilnS39Tozcz1y0XJB4DulBdseUsEVEYizdiBKghJZl4UWPIAiCIAiCIAiCIAiCIAiCIAiCIO8sJmhYDNXHWTqMMCKhkDBR+ViNouZohUcsZ+CyHLuE8FA+mx6EQcFzUkHo+5YrzU5C34G3Vsqllg3/UcZI8fl2s7VYiEBJDyYHsodUd4OWOZNULZfsUXlbJNo5WlQbULMoFjYoaxX5nH3KcULXpxYLpe2JH/Iw4JlMOp1qzjhp13bdrm3b8t3ZoJCXWYdk7JSoFDxcHbc+GRwUQ707Ktwam8+UyS12hDeAOne0obZ1XpxIbmHZNklJMUZIfB7KhDjaeUGLTWiU9CkpQKLxRNehxVIsPFHGKEILgyiJ8zOV08iht6VlBosj6+Z6VnlIfNu3ueMwWt3pphibN6faOMHIy4daMFU9lkIT7RJDIm1Kve70KN0a/FQegT7vcrKpykaKMqUaFWo1VafB+hUGJloIAhchV9cks5hNi2qSMAyNg5HSo8QjarR38grWMrySgTD+KIplVBUSK10rah9BEARBEARBEARBEARBEARBEARBkHeSEgWJKiXjeHHcTz1pbubFApQSNUhJ9E9EtiOUGO8J4ee9MAiswLd8J/RdKNuBx1RmGhvi75YyTaFGgCB6pahQQU4VVheJWeXhyF4Hf0v2zvhQyCgp07snbSpU6hPhptOBbYe+z4Mgl836vp/OAKmmtjZqWbDUy+YKuayXy4VKGZHQ9tAejTSSzh2Vu71DoBUXRbW3/YexFakZao8T6ES6E+lbw0xc2pP6Es/kcjSvjAAAEABJREFUyjGmJkJn/lAXhIhXlzqfKCZOSZmRj9GdqARRSufBuYqkR4qPyv70hJ2oqNpQneEQKSfct2zHDRh15O3GaLFNSmLNV3Q4ipeytjxRu05YWQqYnoxOaKPdHpRE1jSV6g39avTK1atzXiY6KR8KzLViBE7m0NbQplQVlJSIisokLH3odrLzDcowaLHzfUQkJCSxKIRRaV9FogtYmUEF2q3EMrqT+POj+BGS7HLyQjU3MIm3EzkdcR5bExEEQRAEQRAEQRAEQRAEQRAEQRAEQd5RSsOOLJlVhiRj88l5ZQgSW5Lo9zJgSkyY3WxCJwmR2UVUXprAD3zP9l3mWGHKc1MZ23WZ7TDLMolaouB7MbUNqb8XZf0Sdfa3t5HKZH1ByxcxZlGHMWaHlqV2LeChyOfyUHRsx3KcprbWdDqd63azlpXv7hJhqJ7xZ8WsOLX8NKIul+yOEBXmL2zQCAqq5OUhDRGF4HVY3bjrSEGPSs9jUT9XICQSm5CiBqNo1RNpAEw0PzLuIaXh7KISiEpZhxINMOkwUkYDx9suyX6j2g1VzyFiXijkLdti0gGCFjNUQSUIphv7k5LLlJoX1RmVlDRM5xqhkcmJKKprosaiAjV7SWmcUmjHKYh2EPVvWiXHkTV4JOGQyaaoEScRIhpRV8QakUBEogaFPE0JiQ9XKWS0OE9txaQIK9uKSdWkOsYjWYmuaDGWzKTE1eZieYp0UFJXHyXJq5NEaWVqHg0R7wKpqT4ppp1iJk9WH9Qt5dtN+PXoTjKLwcDHbLgvYaAPC4HvKPWhbdlEZd6JRCoUDg0tHVVNt5nxSil2OiG9KisgCIIgCIIgCIIgCIIgCIIgCIIgCPIOIlPbRAieiL7XpsxUwQS9SUng0MQ9i1IBESfckTHHgHqFgh24tuuEXhDkC0467aTSdirFbJsxC0K5hFpGl5EILkJzvORd9A8lPfa8b6FVE5otPQBl0U5YDN22bQeixyH8F/iFfKG7s8uy7Exz2nFsKFiOfEF8GpZxPwiDUGknhModwYyNB6muZqAJa5QKAYrSYFC6Pb4nFS4joqqEh5JSWcP2UOHfUnZ2yk9W+YaV5QlRzgopFw4szAg9nwcmwF9sIREQl1l4qHao0V0QZRuiNDJW0MIeJQ1QR5eWuFEIUswCVRub0gqzHRViV0l2wlw2C+VMU1rH37lWIlks6ddjumVURkmJDo16SdUeMrVSWLY5WrSsoZEMYZBpTRpBK05Ipr3poFOdYRPW3fvfodfNmBw/1J1n9Up3EgjRfuK/51Yv2rrwMRJ4UtIEA5LWaKhD2HrYWXb7qE3P3u5vW8fkUgpbsGWF0ntGK07c5uEnfLqwedWaOb+H0y/rW/Ika52KvrBo84gRx1+SXbPk7WduI0rjojKOMV1Ha1AoNXm9tMOKNp5KXsHGo0V54aip6kPpcKIHCcuiahNyn2xl19TgwSkjkZ+KRIN77Eoix3D4OLEsEQQhV0JDOXZTHnuicNlFJQuqcSZiH5TI8IeK0n5up1YGQRAEQRAEQRAEQRAEQRAEQRAEQZB+oeTh/IpAXiPPkovIraP4LHpiISWJKHrUtlQGMO7nQx4Ege0xy7JyeSedst1UqqnJSadtx2WWFhUY4wdh7ByEaY5q1QGNO1wMX4oe9rROsJLWTWMTe0mUKTR0bJhodwwZWlUhU2lg4OfzBYiu2jKbitukIry5rk4vnyeeJxOtqMCr8ufQR7FMeBFvLNJYGO+D5Mb7QUbQSPSW0u1zUyk9+ImmaIObLCpjYlcFdXVR5ReSasp4lAXEC33fxL6FEYsk9k6QhIFIyV7T+H8VgrcoV3F9lRhEXq3ytKpAvr4CGwl325W7ZjEqIvFO4AeFQsFxbKintCbK70GYzrBkQD9xDFS4XhBmdkJm2zHXPa04lCVz9G1TdKQguxpBdpvVOoI1DWmd+d5VD/8R9tR1rLQjT7djG90JqX3etHIlgOM5ai9nyDiWbls97wHCQzgz6fYRQb6DEnMRtLeOdIdNLHAYsjxo2LGslBqnaOJK0xqlIOSZacewdItXyG/tzErTHEqhM7CWrXQquvKQ/Q6zmtq9wN/alSPyImGWrqDqSLMWObwoUQtl0Ek5bHASJjKeQbfSY6YOP+jkpA9KLaeT9S884G18K2XbcHzgIq2Uy/QdGo1jajiGvZV3i2Vx3zeeJXLvYLC3zFGKrFwqnZ6SiXVMZXMnF0+ibdu73mWMIAiCIAiCIAiCIAiCIAiCIAiCIIOO5PPqlJNaIoDkA+aVS1WkMY7lmzwPJOFBohaIkqaESisRQFw3kDMtO/A8y8n5hUKqqclNp91M2rYdEtkCyDapirbShBkENSFIVhJOphXWHf1p8kDjSXJOUVdDIRDNUrblOL6Xl94nIRzWADpl21Zze5vj2tmu7nx3l5fPc5VnQqlPlJgmFKW6k+KmaKWgwGS1KOnOwH/4v0QI0piQJa5vEoyYuSUnwU65OneJMpsJ4iuk4jKIDBRUxL/UNyEuydQeMmhuErUU+yyzKVUYkdTCrpwFjQY6+q7EVFJy5flKseTQOPav95YnhFqUmHRV0X3FlEeEiHeJENKTyc+uEZ6P5RRJsyFp7CGEHwTrHv/rhNM/0zplBh35RMeK11KOHbhOU1quYTGd06ZC3EATShG4TUM+ZM9ZUH77lcc7u6UVTdPQkXu9/6thrmvpLd+GqqGyEYEKec/rznuOZaVdoWQigpm0PjTWrwRWpnXaEVC5acye+53/jdi5Q1uXhIWu1++8Fga4SVNnwty2SQftd/6eUa+Kfdvw0j87Xn/Osdnooz/YOvWwqofl9ft/5dFUZtRU0gAF6nZ25zMpN8NteWXZNHkQtpPkrUKVmspxHHVA5MWuFECymm3bRSUhqT00V8sDpQ+hWb4LqqcQBEGKDPS/6RAEQRAEQRAEQRAEQRAEQRBEUXxanvTSzqIsnE/qtV+qAtH5HIilpRMyQgvv/ED6NkiNRuAVCqlUutCSyqRtaQXhWBBzpUxbgcg4Y0InY7YiEn4kxeh8qSHJdv94T0vkJdHMpHdEtFzKCCzXti0ZbPV92CXfk3lfXNdxmzLUsixY5mQLuWzoB5TZMnIeCimn4XGzJf4cxU3EO1ytb9uPOZKlZirbS9JNJzo7Pce5K21OBNEZNkRZ2yrGLbMXqaqeyPMgTFRQig1tjxOViLrotH+Edkyp7FJyi9pgQegUH1Gsu7ppSoStQ+8kisQX90pJYmDj0IdCoSAlEXAJuNAXZvKi8ITVCTHnJG5BpU8RFol9XnqWDOidLnfJSe5ntfJAQ2uA4P+QKychdRyIEp3AnIIf5juW0XkPjj/iPeNmnbl84Qtpx/bSMrlLkHJcO5SiE1q0e5EDEDNZvHTjIbTWPCw9ZroIg7ee/2c+V4Cl7XtJJUfn+re6cp4W04VKD5TN+125AgxO8lyoVD7MkXevvthkl0I+5PD3UcsJvTyMaZn2EXDKvWwXjHByZ6Aac7Z05aYe834rlQn9QsjDVEs7XAdQ3/cKsfVOPuDZgudyy8t2+l1b1LqW09wGG8l3bNFHZltHZ7pZ1l6x4NGXH/hLIHN8iX2OP2u/489a+K87X/7nHWp/6cwzL5x62Andea8jC5uTg66tjEdEJJchfYKW3t5GnKVEW9C8vFJd4iuzE+n+EgTCEkpoxcx4WWMsSJqdlN1pggghtmtcYglZF4IgyICFoeoEQRAEQRAEQRAEQRAEQRAEGQyUSEGqOkPUW6dOs1RUEUbEj65TWWA6mQmBmLsKHkMU2Q+DgPnSACIoeIVsOp3JOOl0KpW2HJkPgqmawuTKICQSBJCSXCKidJuVM7eLsr2n0f6azegcQDK4DfFc6XYB0dXQomEAQVeez+VlsNu2W4a0Z1qaO7ZszXZ0hH7AuVzLsh0uwkjQUAyOlxy+mt3qu+6E9mCTUb6hXjVdLEeWHEVVUG8cFpK6E9OsLkcXg0xHQpkUbAhSyOYgqFzMuKRglPKEaQpRlhXJOrHVCElcwCZvinLJYCphiNCJTeoqTohyOhGV+2BZLGnVEviBFI4wnzK4CywhTUykrsVc0sUtlDcFV5PslcoDVOswFu2GorfFe7JCB5TY54GoPDGKE+hhuk36iITSQSiMlCch5T4JCyRc8eKTw/Y+om3MHkP3OXLL8iVMCtZcYtuBZVlMa9aUzw2MI7kOuCsd21KnVY5HfhA2TTsStrVu0bMdWzbDJmBB23jpPrJx+eJt3XltzBFI5yLSXfA7s17KCfU5VfIlAgU9LsENnd77+OYJBwT57Jxff2Pd2tUHn/axA487c8n8x5+6/YaUY8HLdezh46dMPOxU2IkHf3X1uhVLx+596Hs+fmXH5g13XPsVm4qUYzelnbQrp7DF1c/cuerpO/OeT5pHHXnRt3IdW2//4RUwXyfimXzw0VD2PL+js9sP5WHJSz0TyRW8LR2dRKV2KngeFAqelMtAd10bumGnYOyxGOknkkZG2ncoTqajZSixVMi2bGpyB9W82swJKzqiFEUtutDnC9WxSCEgCIIgAxzbIgiCIAiCIAiCIAiCIAiCIAgy8ClJr0PL4+TJpYl5tYUpJhOIqUiqUaxejImryCKHf0K5OiWhL0KIx3teUCi46XSQycA0TTIQRDaPuivZiuoVhIAtnbFCt6mCkiU9NkqXvnqdlAT/a6hXRDL5CzUiBeWmIW1NGHMtm4dBEAah8kDgglm2m2oZ0g6B13xXVyGbh3lSSFByoCp2I5pPqySd6AehQJW0RFVcVraXpCCp8pwU823Qmt2jiavOtKAi2rDQSblyKRd+vkDiasKoU4qKkwil2SA6gM2VzUhsHVJMXqTdUCLgauJKd5K8Jyr1QDptCVFB9hJVR/Eu074dvtJZWdJ0gipVC2EkzuJjjFESjXNirnKqQvhw7TNlesKKB0P+q8Uo8TGKjqc+fPHuUS54vBOkv+ENXDas4e3KI9M2eujJn2qk8hHn/Dupy5Lbfyq2rk25IuXozDskpHbbNJnpZuncB/IFH84bo3ToxH1hzuo3X9vSndPCl1BdJd15v6O74DoWzLGUaQecaNex5elglA2dNPSAU6Haq/f/dsumt6Gxuff8ZfqM4w44+j2vPfvY28sXC9ttHTFp73edR5n18mN3rl72hheES+bP3evlZ6YeeOT+x79v/sN/k6OE8lAJQkvYRZcXok4Z/NOVlyISpR2xAuXtE4Yi5wVKdMK1OAYGm4LnE3mDUO3R4vk8XwhSTuDJ4SjSgPSeRtbTtwBjzFa3g86wo4ZFKZmSR82iVV2GkmiNl7mwjWePkaIox6y+4Fi0EPTjmIYgCLJDcK2BJwJFEARBEARBEARBEARBEARBkAqS6XW0kYT2oTA/c9Oyf4kJWSfECDLmLUobjBaJaIZIrF2MjEdSgLhViE/KORAtVSF3CKFyiFN6nq+kJ2HgpzIZy3HgZQwzdCobIzfRggA1lzId3K++wpkAABAASURBVI86L31HYuWBmZYrbCILlRLTlCI1o6KReQtJKiGEMM/oG2mMDLFalgPRV6VskPlB4H/HTbW0Uxv2yO7Od3V5+QLErwUX2sMlXl0Uj5DuHo92ThDjicGUeEDLJJLWKDG8Yk6VPUqILUz7ldoWUqFEoaKKXIlUrpiU7JR6uFRswah4ypcxKkpT28QyIMpNf6X8wrbdpgzMDCC+7gdMKjniwxV5pKiJPNRMme5El6kRoBT9a2Q/pCSBGe8ZuXlmZE2Jq7rKrtgqqi7VMGEYkrg9tSaLdTdqzTAIfN93HIcKmXNKZmehIj7jwpyGopeO+VeG66VZi6ou4kRB0QEsXouExte18bRQUg+da6bfXC52KPrm5YEfdm/R+WtgjtsyBG6rXMdmoY6wiIyG4hOjzE2o5brplnYRBrmOrWagoaSrOyuULgneOrY8hk37n0id1OYVizatectXDbaMnJBqaYPCcR+7Mj6ecBvD9NRLvymdcoqyJLJ12UtrH7/JsZTdyfplfN7dIUutXbJAZpUhpJDLPnnXHw845t1upiUIwj0OPOZd539q+avPPXLjz998+dmC52v3jkdv+b+ubVuWvfZCyLl8KeGI2gmqbHaobTERXcM8yi4UHyUn09w8bHQgNSci1dQKc1LNrc3Dx0jtG6NuupkoF5YghPuCB9p1xPjf9Ftcs1TYRfXAbLLtqFQ+0vJJYe4Ai+pFddqMM2CpUxypqbbDkMdF8wAEQQYDrk0QBEEQBEEQBEEQBEEQBEEQZFAQRe6lwwLVD9HHi4p1TEGULyBR+g9RtWaxflUtBDGuDXqB4IIk/USofM+J70H01fcCr5BLpVKZTLq52XLTzLK1RkBIWYC2WNERZxqbVZhmdM4VQhPdqi6RKNVUlORYIbW6X7IL8T6JxGGMtTdUhV+VbEHNks4cTO6I7bhOOuXlsrmOLhGEMsSqYsFMZlyJnuaP5DyxckBEu5fYEG3QmaSoL6mYSUgVTxej1YlPbqSYiNJelEaAa8hZSttL/BMVtf6jHjXC4yIS1ai8GwRi83bKlZeTvID0pa2Po9FvRCeI6ni2UCoPrTGhyuKCmGtWV5dZQLSgQR8JpqLnPGkTUbHLdlFioiLuZQei6HrCeUhI6Ae+5zsuUblOtKJKxMl/lL7BnDCdgEe7ssByHnKqpUdWIqMVLfGTic9k0v6EGJ1VPZOJAQXsTrB13arbr+nOeR3ZQlfe2/PdF04+5PgX7rt58bP/VKoUqUaRaXeUOQYMCrYlNSCHn/GRg046Z+FTDz5z52+l65BjZVynOe22Zlw/DB3OhC+cEZOHHXgCbGXd6y/lvCDkwmJ0j0Nn6w1TK/GwuTpc8gqI7kN9jQScdOUKKQduZQuOtL/8tZzPm0dOpG1euhBAi5vXLZtz6/9B1TF77Llp3XK/kJu072ELHrunbeQ4rQvSZ3jRMw/Dv6MnT3dt5sKV0/U2nCAbRgJmST2SbXGVbkHPhFVc23Lgclczp844Fl7Jg3bwcafDKzkHrtlAHaJYckJ2ADSWrUVXF5yJWI/CpZ4mpLTkpogudlOnqv1J1F1hpIR9vXLhJnMt4oUEQRBkwJKyzV+LCIIgCIIgCIIgCIIgCIIgCDLAKZFTUKVn4CXLo0VyKqKn7pM1imHA8pbrvU02Hq0u4oCj6YyyNIAwsjQuUXFKv+D5+YKX91KZplRTs5NKU0sGl6Hf2nAF/lFOFFRwk4OCJnumLUSq/4ZPSQ8GJ5SYRBBxJp+E2UbPodtI5UBjaxaZq0P2x2KpTNpxnCCTocTKdnTxIKQQ0+ba84RGDh28mJalZ1VJrymzDxAVW0get17pFHpSNZTF89XWq6pPzFxacrSFiI9HUgJiOQ4c64B5gcyUIi1NYD3tyKJtQbhqyHjOyDnyElLzhRQ76Uw68SmO3up1SYWYxBgEJbQlNind87JLJLmmCMPA9wPbtuA/aJQaExKiul39TOt9lveH3C0lPFEXJk2Kg6Kt86JpiskCpWQOIr7mB4nuJEb39425D0w+5Pj9Z7/vxccfIEplAgfQceyUFqGZC5rtdeTJsN8vzrk7XwhspelJOfHBJyEcQtsZf9yHdaOeHxS8AArp9qHTjpAr3v3fV65+63UpRIEhSIgPf/kn46bs8/trvrhm6WuOzTIpp60p3ZJxWzKpprRM1aOkIGKvd3/CbR3W446c9elv11navWXDY/93pb7GmVQ+MYfYgWXELrB1OK+wScdWGYII2bZ+1dpliwJlIjJ6wtRRk6avX7F07fLX1RGjE6fvP2zMhMgnZscJTopQk2iseFdYzAqZ9DqBF4tMdiK5SaTEqtSskf6/PltSdHN2B+8/giDIdgDDFEEQBEEQBEEQBEEQBEEQBEGQwYAompVEb6JcHIqKX7x37E/gcU6GeGta0SKVJzKUCsHKQOYi8XIFv1DItLSlMmnmuNSSggGuMpOQKD9N1KIw/hZacdBHkhYgxSCq2YROgtNYBJcmDq3Oz6HDrBTC5SzdMmQItJLr6IQ9hVgsl4YLljEWUbYY2myD0kg6Q6u4ndTacM0lZcKjamyHq0AfKJ4/WtoBbVCicuJUkTpFshmqpTyMykQoMshe8KTHhw5nS7MQqTbRWhOT5EmZZPx/9t4DQNKizP+vqjd098xGFslREImCgsoBxvNOQETuELNwmFBEBY/zh4hiOsVwKn9zOAwYUFEx3CmCCh4KSlolJ8lJwu7spO5+37fqX089VfXW+3b3TM/ubILn4zjb/YZ6q+qtt3fY5zvfL0pNGCbsoJGCCd+xN8jb51RnI7zvob1IHG7FHWhPwqpn4vF6V5ZlYFghIoGFemHcHDD7J8hWQpMWDLmC5c5du5zbHBNuo4AC7QlHj5aw/G9jd+pP3IYLji8SUs9RGkf6a9XD9zx0xw1P2GG3HfZ6+h3XXK7Hrjc2E9iFIgx9S7fc6x+aCxbdc9PyFQ/cy40gJE3gsEYSJ3EUmZW02f7/kixYilfpZgVqU3Z71mFRkt51zWWP3HM7yFmMmiRylj5iRpmOdEvitst/PT01XdgoGeXTf1Dw4cLMmFHNcXMFhjcjTht7HgQOJd0872ZRnkiZKOhucGnuPrp9qtaDt1/3+x9+ta3HUMj9X/TKzbbb+dZr/nzxT76F7b/wNSdsssU2YTzVuiFUb4HuJIpMwk75OITLkmM0WuUUtjb6Ggm2sMnH26Q7IQhiQ2RRk5PNCUEQBEEQBEEQBEEQBEEQBLGx4GunWGU3STFMradCnPut+NABxb9VpmoPrg4gQckK/a7QBdl2szkyCq4nLGXOg0Iprz+QlTaGtnQYFAfT87qnw2YbmxEnmDDyEfgtfw7lV9Cd8HSktdBEvrTHJ8GshUsnDDDiAxn0gdvvPLim68rqOwOglYvqGQ8PHTGGXh989unmM59oRRf1G8drL2p6IlzMAnQ8AuvXnem2/iNiEJOi51zJwMgEfEVA0QNJNUaSwjABqTYRzvCEGYmI14t4d4ZaHT/2Z/l9utxeieRhmItj43JAdAJpMCJikKZiLVmEa4JXfIFQ+WBVSPjlLXecdmxWkZXtN2NMbeghO9zcJT05SSSaaeyn8M4/X/CEHXbb95+PvP+m5XEkRhuQm9NKQVCi92Z5seuBB+sXN/3hV2kKi6HZSBa2GuhN0kr0UXx0x70X77yf/jB55O6bN91+t6woOnneXLDJk/f/Z31X/nrBDyCRJ4YUGxbITRJQvYDFSDNNGkmsv6dG7IKiId+9G3//s0cffridQV4Pyk3MAoDvoLpApx2bBCQiOFfgjWgtWLTnQYfqnVku9dndIh9tLluyyzPg7MYC6ECjuefzjmCQqsRuu/R/raql944r9wlV+VBd6x/wVsUo7boKv0cqiuNYr3bUnagwEs0dpgbnn+EHXOD5tPo0Y1akfKpLuhOCIDYsRlLeiBlBEARBEARBEARBEARBEARBbDQE5g3mtcAivN9dOZax8rfzy42m6M4CV4XhtB29ZW5UPBhthUteUNK5V6AaAPQBzFQqs+mpIsu67TZk7mTd5uhonKQihnq9L7Q6CYZta8iyejUUBRtQfXtbOysM3BmgzHC2KzAQjrYdUHEFOxNT+o8E6k6iKG5PTRe63pzlwrYvmMBzlVUK8Mg2YEw5fEeYN/yodYG7LtS6Hd6vGWwF1pEsQdSWF+vRlPTDSCwgjgaHo7g1jeBRmqQwsyzvtsHvBNovuLcFMXV/AXlM1oCCFUZxgtfzPiDK2Ff4icXieBQx9BhRZWqNXydlvSjcipeseuWA7Qr+CR4+QjS47rSwtxUeSB7MfSAuwQb041AoLqVIOMaUWImBYmXuUGWWKphH160VP7wNEhPOorsZNY3vSBTB97G7r59e+fDmO+62zc67rrzntkYajzSSBa20EcP8R0u3XLLVTvqAh27760gDjE0WGMXJ4tHmaCNJYv1ERVsccJQ+8vpff1ulCzfdfre8kPprdJPNRJL87cqLJx99IElEU8RgcyJgaUYm3abViFuNtJFEC5rJwpFUX3GkmTZT/fED6Vl5Ud5f/eqIEz9mTFLcrVD+m/uY4JVApHM+flIh7b3L9SdAIfVX1Fr8hKcd4mcjaY7sd/Ar9Ysi617/+5/pw5h5ANxnkJ81xmq3XS8pwdf2Xe79cPQvBNw7VF8VeJiJTitdW3xUFT5R4aNiG2dWp8LWmNGUJYKvaq8vnSVBEEQF/bm2qMXTiBEEQRAEQRAEQRAEQRAEQRDERgUPSuvCRphwa/8Am3uEC7yfsYeqFFT7U9Fk+GNtvZ/1tulelPV22yVeMCV0qV2XKmWeSygT6//ljZGRRqsVpynoMyAkBZQCjHtNTFisd7+KX+9SL3OobPJAGlBTSvRewqg9eNATGJ1Rn/BGa0SXZnkcdaamlXFEwJYgfUOpQEqj3IVEeZU5KgeUt4UZOKq5TMFcUeEE86Eqv6g/4vZsbCUs3aMfhZ4rtFHgkYgbDR5F7XGZdztG4cED9QiqVWCKnVEOswtSoMSjXK6+0l3alwhhs2yckqSM1wm1JtUAEV7m7HizFCN4yfOcGUOUJIFkIFHeTdcJ7hUwfuxGpqW7nMMrfW4olKnNtTfrr991FKpswGYnzreFx0IoyKGR4BBkpv2+5b/d6bkve/qLj7n4rP+MhHlwhECnk63+4TD9/c4rf5NG+iyeps7mBAQiYCuTF0U+tfLRG26448qLtv2HF/vLPXTnLVf+73fvu+5PYEBionxsFg/EssDDpreMgGwlGmk2Rpop2Ks0kkYSReZWSqa6E49KCUoKfdayLbfXrTx87+3uk64uBsKsI/1i06130ItbH1UUxapHHpwce5iZkCD9NT320N2X/hheJwt2fMYLu9OTl/ziOyCqErwDcTqworbcea/nvvx4czjbbJsn6i077/WMBYs3MRPIttlpD5xJYSVXa/2G86prlv+01XcpBlUQNzk7YPjiupJHEfOWJ/6xVi5gqnyC+5HCAAAQAElEQVSg1tDkJCCN2SajfKKtOgUjCIJYjzQitoBSdQiCIAiCIAiCIAiCIAiCIIiNEF39gxopmItwV/wMzU96RRf1SqWyv3fud7OhrgvHSSynq8rGsmHWYxdiHT7wslB31+9z2VFQZtX1y1zXkIu02dRF4jhJSt2M6SNnUa0Dg34bv2cLHzyEPiir2hFhHI7qCTCB/BcuUKrgJpBjUVZXZJvRSKS/j45MRCs7E1OQ/ALV58LoEDiqFFAqgPYwtvGacqCftcmcqQ2Ts/mr99av5F9VfQy8lMTl7HjfBFWuUa/qqLQYwdyAWIdFaaupl4gqJE6TPTrI/VCFMTPxPgvGlcbPMwv1WUIEXWUseGpK0UmYqqOcFwruA9EEeqSY4pJkKjJn6o25JsvyBIDyvE3Mccof3SFe6qS8+sQcU9j4kggWOrQvbPW+/0o1I/RGQjAG8zwO6we0znE2GOa1HlsMuhwp1crr/7Dqyfttsu2Tnnb4sdf9zzf0llw/KFIu2eOghdvtMfXoA3de8RujRIlajXgUBCJJM40bCVih6Hl76PJf3H/LX4Swdb5IcIzIueH/ftGCw/RjCIqTJAHRCSRe2c4I47yCGhdufFBKbVAkxN/+9wsTUx1RdPS1cOO5n/5/nXbbLwOzKAOZmvkYfcsnz0kaLf22MzX+/Y++tZnEI6a3ugPF9MTD1/x+upvJkU13fMYLdVOXX3CePl/3cLTVwGlZvNnW+iuctM2320l/hVsiE+VjxghfYm1qTypaMCvM8sMXziJIYc6OQX8gMqNHMRI85VZnIJbCWcaTJZsfQZxuflGL5wXrFiwr4CNCqrX2KUcQBOHg5vMnEiyOeCNiMRmcEARBEARBEARBEARBEARBEBsnUawL4hxSR6BuHjNUMMAeNIowB1XFGaonp4bX4hsqu9xZQc3dizlAEACpMSjOEErK6oXsd+5/ST4wwzBiFVOZLIq805FZLnWxvtvNWs2k1RxdtCBJ01zaOBtXrua93hO+PYxzqHRg6AJ8P8GKPl04NY7scworDVF8MguKfrCjSaORNhvY1c7kJEgiYG9k1EFQ80aVQiWYA6NlQD1Qxut4/w42I3WJEe/b47WHT9XhbtFZO5MyOGhwF5TxejEqJIlrThYquC0clBhpI4v1+ujABhPUArVsM5PWeQTFPKBnkjblQ9rWsOqtXLiNdQMKi+nSmlj4S+rSeVwURRim44/2Xg5h1IqPGul2uzFoHDSx3asquhd0G/LNKjcxeDmYyyhyOxSrxT71zFzYFA9yduoHVkfB1hNOsgCv4yhupirLi5t/8ZWnvOrU7Z/6nPEH777vqt9xnqVLt9jymYerIv/LT76YdTqREGkct9Kk1UjSOEqTGG1LuOSd+2+JRdRM4thMmv7eiEHksfWT9tDbkkjPpdFngKgENC4oClm65Q4K1BvRSCMeaTaaDTiF551s7AFcOvrwRhIVKkETGWZVJqhPYiZiRojA0kNTuI8/vU23rPvZbCSjLd140kriFKqRPBK5ssuOocxFt6M7+dDfrvn1F08FwU1RdPI8K+Tu//DCpxx0yNW//+Xlv/mZgAYFqmfyiRV6+A0YL2hrxDq5lbUF43Og3KKS3ibIRO0UcIBJiLIL0gWulWveqU/mkdhWfDdU1RVBEARBEARBEARBEARBEARBEARBbJAIkcDvl+tSpiqr2sraSdhqdSUIgs9ftIEqC+L4vm5TYb557YAptKNGo4wlsYIYk0GTKZAa5FmWdDq63eaCEWbcCKCuCmYTM3WEhX4a4fXXAIwECVxgBh7mFTneDsCJbXhzpKX3TERsetWk2RtOgFPRBEqc8vtcWI+/1e/cENxbhm+tJofXJU9mb/Xc+s7yNO71GbrBOEnSZktvLrpZnufG2kLX/u208wj9EyRGoCgr81AoOXGXMzIUY1FhG+cuXaenAh43Go0sgyv1utwwN0hfd/dKFBAfFEW3202Mt0YURRi9U57DuMQ1hWsl0K7ocr3RyxgLDueiEwqaBiUl+fbRH4UFBhWDDl6PuhPmXE/0KJNINNK4Mzl53c++vM/L37nHP79q7MG7V91329NeeKy+4Tdc8N2H7rldT1cCGg7RSOJmEqfGswQfnAiCePR2yMpB0Yn+Qzeoef7r3ztDB/Z/ybG9G8fuvv6O878ao07FdMzcI7tgX/fhb1aEOz2n632oaBHGjET3aEErHdVfjaSZ6tUgCqmaKskSq4yA9vUHRJpAh1WWjT2gPwY73bytv7K8PTGmD5tatfLBu/9mNDe6P6C5gdZG9EsQtVjdC1tH8Kr+CUN2zOscHxNpYq5AsqOXvfncNksX9SZulgLdCSMIgiAIgiAIgiAIgiAIgiAIgiAIYn3DTXlPKSFlAYE1StoqPbO/Zw5VPxH6X/SU+ur+IEYuIIcqCFYLiCZwppZBo1yaStCey9gx9VwTsaD7b7J0wNkkl1Cz1/XLvNuNdTk2hYCMODUdC0wznMUA9tjpbUoEmydqna/vte4k9troXAKeCCqyPUyiphiJwKcgmVy5qujmRk7g/Ut4eAOUvZSY4ZJqZlEKr3V9rdPjmoMGM86QhjGmZjBdqXnnWEEOSpX8+fha6Dr+SFPPZHtiqjM1Xcgiwho4B1cFIYQ+VUmOj4C1YTAOC8Z1wdlRMCXAwEbB8WymKYqTJMHskr66kx6RUel0ol9kWdbtduHZ1HdbN2KSRtD1AV/IMk6IF9AnN3ys3BdSRNwm7zi3Ftxd95zAZ1XwUvtShg+xQVoZtgEAzwnncRw1pGymyaq/337zb3/w5Be88ulHve3B265dsOnW9928/C+/+7k+JolFEoGUBHNqYqs5gefH7I0aSdxqpMZKBBxBjMsMv/f6y0XVBkSaSK/Ndtg9HVlw181/nZ5YZVJ1hG4wjuDF5EN3T3W6oAJhLDE6F7hT7jPunpv/qm+rvYHGYiScyTIlyVj8pEb7YjQi6QiITkAgYqR1ytpxcJCb6BdNY1uih4aZTXjFvJBh13H5oSeKHm9qLE9wHtj6A/1O/COA+Tp6XetRclnOjxFFCk4GJARBEARBEARBEARBEARBEARBEASxQaLLqwpibaBmWhSZLqKGgTi6xgmJNhWdSd0uQamaQwlUxoXXqfg9ZXSOLWrjb7CHxffe7lmLEyMH8O2Fvh4SesiEEawwTFcpdAVedSan8k430bVk4wQgi1bcaOkqKyudGkSv9QP6RsxYVRd9s3IG4ZqKmA2JCK/Fqo4SEoeKaSmgaVAK9RL63jRHRqDDUrXHJ2VWYE/QSAW/B5fENiszhRX2itwkmERuk4pqt7E6Ceuw5GsjXjgr785cPQ1cQo9V9KA9DxgoiKjZYGCnwDrtdlFAZJEuwENR2yR6GF8FxXTNPi+sYkUaCYviQbwNLjxpdSdVIyA/T7Ep84PgSV8YdSfMWnSUfg+1F96SRNfd8wLsH0y1nbt0H1wdvGY1hF0DsxWFT4oq9ACkEpHwPhG279Isec4q3dbnyfLqcIzQyxz1ZgM9T1bPZ6K3pQG2SbOrIZzZCQgpmmmc5cmDy383utn22zzlgG332n96fOz8b3w6n+o00jiBOB3RMOIS0GbYJ4QbeQczniJRXkSx+XTABnXLl//wszaFB2QQYD/TyYt2t/inN39g8+13ufjH37z71uv1ka1GsqDVGGmCiYjuRiuNwa1Dd8yIPPQ0Fk5/95tvf3rVqomskGDQYmUfIpCbQbwOJuyA04pxOkkTq5VJ9Xv4gC5AGRPHeEqiP7uZesK2T+yuuG/7pz0/HV3MIGJJrxzZzfNNt99Vv91u16c891+P0d0w8TpCn646Ew9d/wfM1jGiprX7ZPdKFFG9xWxMkv7U1t2AUWdZHjruYEQUqnBg2TrrIVYaXFnRHUEQBEEQBEEQBEEQBEEQBEEQBEEQ6xNTdESJA5cRE9LUrfV26ZJJVKkIMeEetUIir0XkWFcItzc4LkxS8dEzqGJRPjgH80qY10ygVkP4Srsq29H/l1iANMV23fPIFCkLVTCZs7zTybNu0U3zRkNv0cVkqFFHAoUc2FxFMFMOK5Bn8FrVtBiyztlrCINfZZHd5aJUD3RRQqaorsvdaAegx5Q2G4s3Xapr1ZMrxmQBhVibR2RLr+aCLgfGDUKV7XM7lLD3qirisbfDihKqWqIBEoP+Pi7uRleVCTPUtysXUpVmFeP9pAozoWznQy2HO0kX7xutpjB7O+1pcFUoQMRjbRcECAWYsVkA5Uaeo/ZKsNgIP8D2R6AZShn6URmlfxnneY66E3w/g9+JbwCfJRCCcVVAWI7ugsDFb65XesBwmzsFr4UdHhwAWwvjFRGZMzBayC0+syC8CYxz+XF9UrZ58FExEUIcRSpuNtnaoL/khA0FNwPS05XEMo6iRmvUT2/SaG631/7X/v5/9W3DQegDIlTwuAHjkxaBXQr4f0RGjRIZDxJ9k0Glob9AWKRA2sZZIfWtsQ4ioNgwVivgdAJ+J/BlpEtWCmO2CxYx1LJonvz0509NtwsQK3E8QATGTqhBk+Zu6a6suPN6UUyZ9jEGCo5VgfVKFMe7H3ToLk9//sJNN//5GW/ceu9njy7buneKtt15D/0Vbln197sevv4P3kdktTUnw6hV+iuK7N8ibgFKhR4t+JcQxuvo/QU8lpG9W/qJK6S7c27hr47qiSAIgiAIgiAIgiAIgiAIgiAIgiCIecdZOEB9PIbyqjJFdQysQY0HKyDfIxCSuF9X9zV0VUoEmHQ+G/Zg+2e5sSJEYc7vI9xT6iRMBzA+RpUqBH+U4qghUShNMCYNJoICu1d0sq5U0CPJZcFbC2TcaPAYbBygLm8NSHgQptOjRKmWZUvtzQwTynkfFwhT0GbYV/9b+gIVNnhR95v/wYUUurwwU22GMnVrgSmxT6wcy6Y7uhzNCihUmxEI7s6ouljgn9KEdth9PBxC/c/ZEVz0DG0AXmakvAVLVXTh72XQISd6savFqEDYLPgZ73mBCTrm/yDJ0AtGRFFjZAQlC512O89ztI6Io9jUw5M4VSqOeTfLZJEb/4WYKSsjgCUDK8fJfHrutBtH3O12MRwnjmMsqJs6ejlEb3OC36VxuXDzgKsCbruJx5Hg0oP19+BaojRhQTEWLGuGYiOp+86MDoKhaQQPnFS88iIQHCnz7EITkRB2lWzAlX0bdmTNMNjoVjvt/JxXpQuXTq585K6b/rrbM5/3j698y85P/Yfff/dzRTGlXDiOiXEx5khmDevpkWa8gpcTL4zuRE94Ckk0AqU6eaHg7kdW9xHHYJ+SxFErjVvNZKSZthoJmKmkSSOxLiaaSKnImT4ddOQbhx/dxd/+xNS9N+LQ7GjNJ2uyyXYjWzxZb2iMLnrGi4/R9/iem5Znubzp9z9pji5kxjGl2827RbHlLk/bfo+n3/rXP91w5R/0EMA0BVJ4IlF0qtPI1jPmGTHAh1QBbi/Sdyx2ti6qX6wbIwiCIAiCIAiCypulPAAAEABJREFUIAiCIAiCIAiCIAhig8DWlqHsZ4rdXLkKuDB6DhmZCrQ0EgnBXHGc111AbKU6DKkJw3rqV62F8tiqeFXwUTm+1oAzbVCmx1hCB90Jcz0zpfcsz/QIjG+E3tJUhS4M64oyejeIINqmvCAP33E1T3VZZwnDWemkEvi2BAKcyikmageHol+mjVaSNKRik3Ks6ObMiDKMysWLLZi/ocGMlXITVjU48Yegf8A8V3L5cJKWmS86Dz0y8hCJnjhKxCJOYs5bqOyYnpzMsqzh5D6oPhBxbMROYK8AMTdFLliUxqA1ce4fVhTDvDFMtcuxbpQ7u5UkSdI07Xa7ElRdpdbEXxKiXoQNf0L1FB4GUonCaL7AACPyOTu+BWfaU+pD9CXQMAjFVGD1YWwkQueZmb1jQncjVVm483Iz1gjnXQMvChNJk0mx8KkvWrLHQbpz9173p4u+94VHHnn02kt/c+ix/779rvu8/N1nXvmLb6y8+crpbh4noARRiQJfE2fmgnBnv8EY+pfwWEAiT6uRmhAcSFzqZHnSzVFE0krj0Waq9y0cbSwaaY62EjwyNbk5+nus14pikpc2Pf/zpdPHJ6ayvIjAQwVCnSIvSEEFnbnnzzzstVvuuJu+7/qKWQF2O5ABxdjCp754dIen6oWpDy6yzr03/+WWq/9wx3VXCJmNNNL7brwKVqexY2l3s+l2lowu2X6Ppz9499+W/9/5umPNJF4w0ljYaoy20gWtlNnLrX9NkTHUgs84MPhRuv9WmIUKLZRtMVb3BApOJwiCIAiCIAiCIAiCIAiCIAiCIAhifWLCQpSpTisjYIB3LutAMluXNdEPCgvoktvyvHIZOcz8Dr6NxUH3E16PVumjK6gVvlWglujNIelLpRoepuN47xRwN5Aqy8DeAIqYuSw6cbOVNNMoaXBe8ChmmEKC/i1lME3Z5GroMAad4l0twkCimdrnzCVRuCgikxaycMkS/Wby0TEmTICOzMHvJLiMt2yx7wJzGOYSkmquGb19ZfPHjGNE45VwTmo3dIieDFc9h+wlqSBPx9Syk0azZea22+lII2AwygxYzHqeoQqeJjgP3a5eOaA84SJGmxN7UTgcfRlCdxnQPMVoLsNAPVBAtIuxPCkMNd2JtzkJm2AmkccqUSRYQIDoSD+oxoeDcb8sVDg8L1XheJrJ6WGRyQUK1p+dVS95Ykz1yINU4OSCESfzuyZWA/QpgQQhCUD40KY7PuGZL0kXby677evP/85Nf/5t3smaafLgLX/9zodP+MfXnLDT3v/wD0e99f6brrrrjz+bnHhIn56ncZroL2NGYj6swmnE501vBgVJAkYm+ntkXDg63TyKuiZ/iTXSeKSR6O8LmunCVjrSaui3oCNxuTngFiNLRxnN3++8ZWzVeFbIWK+8JErjODE2Kn50hVEkdacm4HUh9eW6WdHpZg3dAb1oOtP6I2zF35bfd+MVf7v2ylWrJjoZiM70VSNRf77C6+IL7+Xi1RvOJGYDEJ44cUkU6fsLrjyozTI3WZauPLVnbIPoOEEQBEEQBEEQBEEQBEEQBEEQBEE83gkDN1gQH2P+tBYaHIQpWJwtOBdWg+LCPrh1GfENmjqmVGz2ZI6BJezhdR62qz6wxrpOKObdVsDgAr4VXdmReZ514nZbF4nT1kjSaEAlVqB8RszcpfklkMvUqsW1aUNvDswDEagU0VVtFkWjixfHUdyZnOpOd4puEehLwob4IDmGV5yU1iszu8qsNjO5p3BYW8Fetw772LSsOT7QCOQKWR4liYjjlLfQe6Tb6XKpwA+ElUE0mEsDGiyZSzA8yXW3YgjhiRirynmqSTUMwnqSxJf386KIY7C/wNEWRYGl9DDpxsfrKCea0teLoggSRsxrXhRREoPSIQZFiz0+8LbhYT4V7oC4HYlOEaiBKXVPrHpKMNthRb+SpFQqvNbZkxJe3EjH4Kso0oXNHZ+6dKf9koXL9K7x+//2l/O+vOKhB/TrZhIlkZAsUSq/9HufefCmq55x+LFbPvlp+uuRO66//6oLx+6/pZkWzRzUJJCDYwQlqqrZgjss0I8kaqYQo2NSeLh0OVYpJOnEzVTfjaSZpiONZAS0ISAiwQAeEBLxiqBsyeZbRwumikJFEdcNJsbvxFktmc9UvS6ljBtN/RaNVbpZgWYnmhXXX3T/lf87MTk9Pt0RqoBVYMQmmJsD+hXzaa2fa0hUcpdF15bISU5wraEvEq57papBaese7qRwkYjMXyY8B3MhfHLQ7wR9UPwZMxj2EARBEARBEARBEARBEARBEARBEASxjgncDFzxGgvSCoM7pMl34VidxAwI4x/ifBmsVIWjywJuwoorqxYHB/9e+prWDTlenCmnATA1dkjMwZKkNHXNQkmVQ8E6y7M8z7Juu9tauLA5wqMUdBymt1LwiK13eCkVMcETkdH64CB1oZjpWnWR50kjSZIlURwrtkqXZiWGURh7BV1ONjEsNt7DeVXAN38XAs+AquJkvsq43H/v36BfK7WFgY4689sZFVq+mNK8Xg0sz+MkEZFIm01d2tZlbin1ZgHLSAifeqSr3XEj0b3KeAcOyjKY0MjMdcWnoqIX0q/jNE2LHFoGMUFuC+fQnDkCLRyYM6UI7Ry8EwmaPYAuR/Asy3RbsZJxmjAjJtAtoiGEcOFJJmUKhSzByGHlgxCBC+P7g0oIfIBtpIz9P0pKzGNeahDMp4CdQs4561E3rRusx4m+HVs/eXTHfZtb7Ix9mHjwjruu/N1dyy/pZpneb+xJ4hicRqyG7pGbLj//zOue+Mx/2ukZ/7Rsh93118TD99x/1YXjt/+lVchGqhpJ5MZntU4w38Ik7IAuRKAwRX+q6PbTWOLIUY8SC55ApA58xZGRkDiHEXMjKrP0Lyd+gg2NfqJ9vA4IjPQd7E5zJY0URrT0wx+BBg0FJc97x+fLebJ/wsrVf+5/8Mue8c9H4jZ/R6dXPvSXc/5TLx7TtpeerDcNB7ePHHx0K/cXCERa5Tk6A+mPOiGE/1sEP9R6PzsIgiAIgiAIgiAIgiAIgiAIgiAIglj3eKUIhmcYV5PyN8iVk5K4OrXA8q9zVkBfEeZsQnykS1CztuIDXq3Oh6+5UwPAr/oHByr/bVbCIrtTWYQnY88lM+KYAuQFKusWpnQvGgJcB2APZ94gJTid1xubL1XGjBXeYB/Kd2wXIF5HKhHF3FgDtBYugCPyzAgmnHdJqWVwSUEcBUOVRBe12ulBA8bTs6VsW1XzZNgg2UKgu3DVZzZfcKMksesdQm9yff/BOqSZKiazbrfb7uRZJhhsFFEEk2dUBLFIvB2FkacU8JxEmDclQr+TsA4OvibQf9SLyKLTUUkSI7qCrhvykTp1jxNm2zUqBqHvLKgfQF4E6Nb0YZjXw30alc22sjElKB8DmQa2WbinNTL2KsJOcaltYf5ZLs2CShEMiloqd8Ktq3WbcpLucuDoni+Ay2edv9/w57uu+t0j996Rm6kEz484TuMIvxIjJdEPepYX+q7e/sef33rp/2z7lGftcsChCzbd5kn//G/3Xf3b+y/9CUOLjYiF4huBETlm/Mb6hpsQMoa5OTg/IEmBvCS4ReZWwC4fYeMJ3//t6v/rZBk8vcZ9BA8OjzYGUWrLnfdasGRTxljVfMWKYNIkGmVpGhfS3KAItRru0Q9CtRhI7JjfGvjTgCityHKZx2CsoqcuDg9YT/iFFBkYLHKYENCCFTLnkDOVJCC3CpWM60slQxAEQRAE8Tjk4puz7/2x88BKttGxxRL2ygMaz9klYQRBEARBEARBEARBEMTaAarsxoPBFE2NkYH7RX1d7MYwHaMyMYVwXc7WtU5jhBDUmlG7YLQR0kfGuNiQPhYa/oWodaanej3ncnZPOItyNXTJ4XJcFVB513VMJvPO1LSxbRFxsylM4IU5BCZBT4iUdZ1ErfdrjkKxjurXpt0kmTG6wEqyMatQpQ2KroPHycjCRfqIybGx9uSUzAsMQjJOJ8ykwChr4lDODDdmKvNXse2dIpSM8MoWc91qmovyUg37pxM+MOdbg/4LQ9jPzKzg8YoKo+ZQ0goqpJLCLNSkkbYWjIAPSJYroysB2xt4KCL0DYmTFIrg+kSWoS1KbJuVqB4Iqv0W8MLQVytySG9B3QnL4IjEaE90Zd2Yl2TeYQIeOSld1ghnoWCnUFEcmYgccE3pFkVk0nrsAeEg3YxaeY0PUDG+FjFmlEizIoz0RAgR6E0Yrwqtyg5gn1CZxssVu84UJ/o6utcTN/wfX7L1yjuuuf+ay8bHx9sZWMkonOsoaiQQhQORNzDBwujkVCcvprvZdDdvd/N7l19091W/3Wr3Z273tOfccslPU1kkURGbzz59iaI9MfXofbI7leqZBUsaEVW9bDB2Z/L+v01PrFLdaZvOg8qgfg8TbtNtTD54h15QV/7sa6smpjK4C8L4o1hrFDdA0Ajlhdzn4Fdt/sTdZd7W7ccugifiwkXkQDRPYVRKqFrRJ17/7VO7WT7VyaY7WSfLO13I5YEXJp3HSI9YGsd6fhqp/q6nKG6Bew8rzavWHypYwGhDxIzuxwp5zMeWBCcnCKjy2hRBihOCIAiCIIh1y0aqONHobuvOk+iEIAiCIAiCIAiCIAhi7VHkWQFuCvDr5XGSVCrXUJXG98LXtKE8q4QywR7MlAMZ1gHh9/eVTbZhksm6oKRaEgcG5+0EO1a3HjrzeZglkrW7WMBMsszUqlPRbOpiM5R/C1RpoFVIxeRkXl0BpO/toDb9Lgw/sfYToKLx8S/RgsVL4jTWe3XZHOQyEMkhjRcGhzwVqFSLStQRsyOrzNO85qb0q8GzfqPjvcev7Rq4LVebKxZ5zpOEge6k0RyRnanprMhVnnEpYiPAAtsFI9yAmJ0mz4RQnU6RW7UDaA5Qi8A5C5RYCpJe4lhIECSg7iMHiYm+3zkYVDQakbACIints4Q9U86whGFCklmM+ryEg85EXzfrdhU+OxL8Tnj12jzwijFeNsprTqCZAlw78EqqMLZGJgOmfOyDlVgG/fj3zMVvGVMO1q/wH8pQ5l8WUGQP/ubrk9PdrNNlRnmg599qOJKomeBTHKNcgxkRT5LLWL9N8jTJUI3x0M1X6q8kFkkaG22UFTGM3/jHB/5y8VSn00zBiwaUK1FpbeINTh65+pcT012ZZfpaEKxjDhs0Uozpuf2Xn390fLqVRmqkoW8CmOfoPifmAS1nmxnRSXHdhd+/xmQqjbbSFlwiSkw3QAHFGS6bUBqkn/UohyWUREUW6Q/mSBpPHH0KyFNMgg5eEaOCjFBG4JVRBLaBiDe8c4kNjQILmcisW4kbi6JAeRAzuinBCIIgCIIgCIIgCIIgCIIgCIIgCIJY/6Abgq7nMRAwCKxio9uHPcKWAtGLwegdGLiG6Iquz+HxtUJ7gK4HWusH52VRcUbh4cUrcO69SfC9wsI5mwV/lbKZGbQLNk0E6gy5XboAABAASURBVJl5BzpZZN04b8iiCVkZzSZDaxAWYRdQA2AlGl6tMI9YUcnA/TjPXNmqvzVf4LY7mArUWjiqTFBIZ2JKF2etYMAEJpXXETycgtqr1RxVP5uT2otgH6uMivHeE6XVTgSrRc2XHKas1Vt1h4mW0dNlvG1Ec8EoZNLkedbp6NWRQxaKZGkKFkCw4gWPMcsEpCSQ+yEZL0ygjcu04eiugVV+3aIScJmEpfgAoRooyzJu/E7Mw4bGKlK608onz/wB6idrgyHjJIYWwYMIYmNkbBQxZs7cuMqphLI9qC6UTVZCr5NcLwLrzQL6MWWfUzxHMF571mpGJvYxdkoN3iNMCY+va1bmCZNiI9JYSBVHEQg40DWkkSSNFMxOTBQR6DnMxOhjZRSDwqOTRp2uftKzDNK1YHISdBHhNj1Hn9hM9Xw2Cgn2J02jJnHyDHNpk3Gjr9VMISCJgRBJNEE7woXoP1L9COqm0jgebab6re5eYeJ1UIzCq6odWIsSLWmwe2KkmTYbidHQOIVKFGYwmagtcD3RCyvSC8TrSwrTiN4rjeTIrVG4aASpQLrbRppj3ETYhgHeFNRI+cfJrltwOpGdTieO4a74TwpBZicEQRAEQRDrilce0Nio43UYQRAEQRAEQRAEQRAEsdaIk6QwihOs7jGo6kacV2vNrAyZKOudps4KChHjpsBUwQO3BUz1qJqa9MbrDGNpwdnsQQqKDz47OMptw8K5MqYteVbIXOrveafodswICuP6EpvcEYFtKyZ6I2PmFxwDn2FKAkGC150YWY/+vyyYaIy09CHTSTw1NpG1O1ag4obLypvoRQ1VgQFzITzDw/uoRmYcAO/JY+FWPmOvHzZZPVKp+Zj96hQwJ28xvdK3Xc8hlOoVKE6KXBfylWACdsQRTqGIRNps5t2uVas4dRL3lhgCDYJ4rMv7TEqQiUAwTqpPLnhmJA+gO2FGdwKuJ2CtY2vtjJVBRK6LpXRDcBFHTJqzMOMHOm10EaA+4Sw0O7G6EyMpEGhgYsRlXIHrDUOVBIgtjOWNgAU+c86KcvIFJpmysVBrwctkMOYzJ4qFaqT6EypNQGKhQEIBriECHUGiyKpErApEcYg4UiYrJxKNWGZJnIP0B0YaG7VKEtvkGvy/fi0hAIfHcZQmkRDBZBpjlUSpEcbSGJrQW0wLsROQ1J4HdDoBLYtU0FgGoiOJ14pMekx4PGpEpPkgRu2IHmQrjVO0XCmlLRXTKBOBhpYt3IhgQJKEWhNZvaGojeJm4DA6UOrY+VqX97EvNYmSCXKDT6gYzFoizB7SA8tZBk5b5j7rw6R+xQiCIIhhGZ+YYgRBEKvL07ZiT3vpxms2l41PZIwgCIIgCIIgCIIgCIJYOyRpKkwBW6HfiXJSBKx8CwxgqBaXuQ3RUaZYDltAYoKZG4W1pXCxHtyZkCgph+jOMMfMgpplZylsUCiNgZ7nXamnoSsirichbTT0V5ToYjLmPnMb57D+f6/eec14cLp1JR7EBLzRakYQwsGnOc/aXVQ/lGoBb0XhlR715tkc+zIsftL76U7KY+aweXXg5f/RBQYv4CZH1+p1NTttNrJuVuSFklkh9WR3deVb7xWRUWYY/QJDYYCAR0cDg4rjQHeArijgpmKVH2bYkmNKiPE1cbqTyOlOSmch/11hzo4VokC+imD62jwzzYKAJcv0Gm02m7qFwgQphboT1C4YPwxpRg19AMmIccdBwyLFpVEt2JVRnjwApzsxMiy/YLjve8WHg80f8DlkrpmAwCNOIoGKClRvxBG3chPj54OBR8p8Uglwc7Eij0LINBJKxoW0KrjI5PIIhvMLoo0YrETgchjcEzkxEd5aOB40GyI3giOQ++irW91Gv26DKkg0kkQfkBmbE9wu8KO1+hChzEI6qYjRuHDww4Fu8L7XAE2RhEugMAUMYCSTPXKTsD9W8hLhegLJjrAyp/X26VYTS9kV66YoSeBTGGypjFFQt9s1Bj9J5akhCIIgCIIgCIIgCIIgCIIgCIIgCGI9IUxAB5poYJ4IVrpN0ZaDggHrkegbgAEgpXyBGzEJKkuErpdClRfKgLIspnqpwXDd8fkqDA0YhnNDMWV0J6PgwolXcItzB3B5NK5nUJt14hoGyRYZa0+Mg8VFa0SPKikkb7IoTtl8uWxUUXNtkPd6fygs00pZQJaLGWwcx43WSN7N8jzXYwJFAUoOapfDaB41QH0y3/SZPSv8YfVu1Zm336YrrSiU153AqpC5nj1Y50VexHESJWljZAQFG0U3L/Lc+qDoMreIjfaBiSSN9TrLM9bNMMxIOhECtzItFhsZAzc2I2BhEUUJyBkajUwIfXsKCbKRQhUJyFUiE/ECXhc4XttTUDlEHCNg9O3NTZoM6CKEkDzrFroAn2fSih9iEY4zVBv5J1ZwUCRBh6TRoMBBoMrQ36U7lykvPCuFCLXqvmDmZGzK5GyVeU4zLutelUBfrYOqmq444Ro38hAQlxjjGWUNZpw8AeRWQYPG5Yfhky9BfQLpSHoKjAuI7UnkRCVGeaN3gqIEn3YIqxLlmjEtM31ZPdMSwpMEdgtja/ConpHAHIMQxohl4kj1qCtqk+ykP4HnDWb6zKAIwWkB8w8pkjiScqinGecNE3sGZQOtG3B64JXVKdq1ZNeAXrKw3nm30zUiE3jS9DNpJycioxOCIIg5sHDBCCMIgiAIgiAIgiAIgiAIgiCI+WN8HDy2jc9CLDgkTsQJQ9GJr1YXuWR6ryntlWVlb5rASisTAOq23OhGwNLBFRIlq4cn+BprXU/gKrdejyBs+Xt2xYdUClOAwF4iUCoo5iJr/Peyni0i27a9oJRgYNDJ4JxCjUjdTKIYFD1NBd+MmmHJ3VTdsV+m1I1SGzc+xfrX3q2cZjCK9ybsuObLDdz/yRVqcyDzRPcflCSCN0cXijgWSdoen4QgGIZRG3Av0NOgTBrq09dZprq3ut5bEHeKCVvOV9ZUxmlcgqAlLso7zrk0Jxn1UhghImbXnfC51s2d141pXlgFAmboiDhtjeiuT3PeLsb1pGV5LlWecAmGExHYLkCkTgx/RLEeXW6cUbqxJkn0FmhZiFiXyZM0SRsNXSTXRyhWCH0Fho5AUDoHw5MuSCBgK8doGIbGKaw6m141wp2Rir6SRppGOu22brE12krT1J8SJF1VgkuspERgoJZ+UzAfIcOdI41bE7VzfQtWm4IjZbxwGUBO/DX/mPaNgMbGA1V38VlWgHEW0Z9unEU++sueG8hKBFeVp4FXLUBA5SCMAE2UkWO92pH6pUWfPofH1+9Ov7EPciLBXXgSSjdARDQETvhSvt4A4QH6Kc3zHB1QuMtvG84+iyAIgiAIgiAIgiAIgiAIgiAIgiCItY+pvOu6rIA6nrVtUPYX842FQ2QidTj3Gg5Tf4UoB1u5NNU/Dq4bYKjAlNGeKCyCKmsVUv4W/wz40uycKqGY+FPXtQQvfOpPWFSuSiB0N41thdXWgJcBTAk3PgK2MeVa5aUEp25Awof2Dul3pL9C/+NZz7WYEwpAXd12qjkyigXyqVUFqFGMG4crLqNFDV+9aIq+OoSZj59RM7Qu69289iegrOzGSCjcbAqRNhvcLIj2xJRe0SAFyXLOuwyyXSATR+ozYjApYUatJAtdEs9NA2A6oSc3npiYXLJ0aZSm+qyc5Ry0LTzieJdYt9stMgi1yrNCP0dgsWK0XRga4lUjAi0pmBWdOBMIuNdpmkLITreb5Vl3oquYBAsQF/PTqzXhYbKRMoElOFrmTIs4R5cgpz6xF+2dSHA3csuoMqHmWV9LIgavkwh75MQuc2uBMR66iZTtqD7H17aUHRhCsTFDnwe87TPns85nqCBZt0/UWoFXI7iMLjLSCxt1Wn5ZFuZvKYIgCIIgCIIgCIIgCIIgCIIgCIIg1j9We6Fr5WD5AHkiuqyMFT00ZWC420oWuPWwMCYiZaQHhIhAgofA30KH0A8lJcohsL7Lqq4aFf3Hmg9iTSrdThIDPS9knmX4i/SyMAIS1YzThp4c7pxXnFZEVXQMM6lFZuh3T8ncK0Pm0n9XAffKG9VstYSZ9KnxcdT9mMiKSoLHmjPztCu1QdXA+cDeWIcPbsVRoEARabNpdR6TU3k3A3MSeDRgjtH8BqxJ8GhVdKUuiBd64aAHit4bP/romG5u6SZLG0maNFIIr8ozmK8I3FLwBkCYkymlm+skEZwLQpOwa0YJ4t7A8yjR1SNJrL4kN0xNTesONZrNNE29OUR4s2FUZv2ax1NhbV/wCJ5ok5EF15WQI6SUXVKlpCOYN2wNrIUkirOcQQpfR54Z83KVUGtS2zjMuRW12tCXWxsHPyapCZ7gcYpj+8jkuXlYyOOEIAiCIAiCIAiCIAiCIAiCIAiCIDYgOPgpcPALAWlCLAToTpQphftjIImjkGDUwG1hHp0YmLVUMFkvBZQCuQmTgLIgqFgkWCcIbsvc3LtzsDKPprxG5XVpVzJMEXa1RRSqVH5gXo0qZKG68Kv0pr4pC9kc5TxlPLERPRDTAcIAVKoURqgwewTMQPqpTNTcys4YXWPmzKhOQJnAWNJoLFiyWN/F6YkJEEwYmQ9aNaialIB7RdFsnbWONbPJTcLWB2SGsDJKyAhiym6sW9xFMUGJ2XgpGUU8HWlK66oAX0zpORQZ63KWRnGi73kBaTxRDIuDZ92uzPNut8AnI56anJR6IUm5bNmytJHq5yZjKOHiPBIxJDdBIpJSmX6ulF5qphNRFAUzqzgPpxHvMYMcIoGV+EixNM+z3BitTE5OoX4lTVNhH+nBmOZwoWCCkcvNKe9CaZei+uhO7KeDskuKOXuVylmViWarzfxIpIiNgb5mSvqvkCSFaCv9t4te7fiXU1GQ9IQgCIIgCIIgCIIgCIIgCIIgCIIg1jMcjUmwqCxt4oRJk+HKhO3gYVBflt6txJmXWHsI63Cg/5B4GAof0DkE9phGRL1uPEN8h71oz4uBo2BDoAYfqZhzCFGox1CFyqXiOXo5GO8JUCQoESUmWMeNzP+5oVTF7Uh4JEAloWScpguWLNZb2pOT4OAijYzB2NGADKiMW3Ev1onqw0bEGImHU1KsJ8VJFVPvxowigQ9D0kxbaoGUrDs9LXOZ55k9Ru+MIwFZObGIjMCDK1CVGPmHPibWR7en2ivUSv1cLVm6pDU60uAsy7r6iwke8dhJSPSXydkpCgF2QxGzz4ZJ0RGiNi/msTJKLtPTKI7TRqOQRdvgC/aNRsOf4oUgXj/inl8w9lEmD4sbxRnOgVvS9sXM1js+p6bv3iB4Z/VRG8TaINYdflGF8ib9LCRpAgKpLsvyXD9WNiGKIAiCIAiCIAiCIAiCIAiCIAiCIIj1iHEpMLU7NKfA0AmBigqfriGN4UMgE8E0F1dUxtI0N0Vq7uQoPDKWIIoJLB26inZwaeacEfp1bMDrvgeuueTDjknZcXM0oZCd6WnMcpB5ropW0lAjlrMaAAAQAElEQVRxkrJIVO0fZtCzDM2aVtXLfB20mYEMFtDJsEazJWEwkk2zvNu1fh6oakD5zHxRWtP0GU1NOcC5P1L1HLjecKtRccGMfkqvXhE3miMLYUSdqbYs9FxmwizyhCUiiaNI6KcjThLUg2Qdk4AjJWTf5Fk+nk+gkEmPsznS1McZtY9eTgXoS2L7YBgTIV7otvM8iRNdWPfhODUTEa/2klYgw9JGw8he2MTEZLvd9iOJY925CE/UrRVF4e8Ld3ejkEZLpvdEKKtyEjTmLXHc1OCTzd0u/CDAyB5j88ONDobzMn6r/giruRr4lAwTBzWrIdIMB4TtU7rN+iVUI/bmH8Ug9WrERdzpdGROohOCIAiCIAiCIAiCIAiCIAiCIAiCWO+YgrgwxWJlVCSm+ipEZGrK+F2/lbrcXuSZPlzvQpsGY28iXKILw5IzMxsKVTBjo2KuYArWypqIWPGJsdxQrHRSYMFvtpedc9tnGcHs9GuD9z0Oi+5CWJcHkbc7MstllhW5TDrZyMJFUYNHscBIGFtMZwrdXWyhlA+lnRimuj3U2GotcelMLUDgIJVKm604iSfGxsZXrNQDUagqEk73UZEHqJl7zFif2KOaoMTetVoXK3sDYUMQJjOfCpjVQqHQyityzHIQEY+SOG019dtsug1eJRlmRfGIsyiOwDmG6Rcxnpd1u1AcL4qCGQHK9NS0sURhS9TiVquRpClkHUUsz3N9H4RBuenQx+f6MWMgZrEaDsZYUIZX4bw7UxL9TDabzTwvugZ8kJqtFkOXHn+KNCtWScZLqZZgTkGFT6fRWBkvGicymXWZKqc/465PNojKfCcJB7FmhJ5XqKCKGcujSOYFIwiCIAiCIAiCIAiCIAiCIAiCIAhivQJhBbrGrLDKLJyABMvN6ExgtCISC9OxkiaPIy+Mt4LAE5my8gvdmlE5yIocIUxLcG+5q+irUrCg1rHJRa/CwVb4XcyKHhwGOEhWGMsTxkZkJ45Tk1ADIUSCK6lcZZ5jEgRf98KJUkFgsRPOSjcaEUWtBaP63nUmp/NuV0prbGP0CfDOCCZUr77AB7bgm1kVCGpOeyv3YD0rTvoDRe5IRDJKkriQOANFXoDwRKmEg6iDCxNQA09EnDRgFFm3G7OiYCaWSb8ZXwWKLVMvX9xopFEU65OjCEasV5gATZeymGug2iSKIu68a0KcxMn3ECRSSZqOjir9Ynq63el0vHorSZJSd2Jzr4R05jxW5wWrVhnvFHTIcWqR4fQi3PdPgusJl27NmZcEseYoFqRRGd2JXtgFiU4IgiAIgiAIgiAIgiAIgiAIgiAIYn0jTDgIs9IPoxspVQXSlKPNDnB74EIqWUS6hu5+wxx8TkB64mJ5TAPSuJ1IjHHhUHeWYe1a+eAOKYwnh1cecFVJ8FnrzGKfYjoqmBXegMoA5yiKhPmSkYriWEoMOXGd50HqztxZ3WHjfJVaH5xUVb4BlUzaaOn7GEXx9PhEd7ptbzncVStAUWz+arh8oJFM2G224WIGAMsYXok4jo0ix2iNRHe6k2fwPwWzKBOWCmtLwo3fCawb0GfpRSHQvyTLpiflqlg/Rmzx0iVpswHPklR6ISkV64tEuplCQgJOBM+UlNKIWpS+rrEhEnhrrbLJJV8ZxyDrrKOPaTSbxitFdTqdMGcnTVPbO5t0hUvCv4AnXZrVAwZEYHwkzNNr9kVWgxKomLy1SWBMpFC3wgSoTrixChJeGuO1TIF9CkGsDoV+WMxygpSdNGUEQRAEQRAEQRAEQRAEQRAEQRAEQaxfzC+No8IC7ExUmGgTofUFFyaCR1eTBRhm6Nd5lklpJCkCAlxAyhBHGKoBfg/OMkOZeBejZlC2Wm6kEEafYVI89CXMVtsXoVzMiNVRKJX367JPFyk7O6tOxbmpzLiLowWEcBeQ1vDFtJ5nXWWMT0y+Q5Q0mZQM7V68AwgqA1bDs0XN3O8ZTzUqF8lCVxIX8WO3RLalRDRQKlAURd7pMh8oY01PRG9f+mYAVTbWo3MG9HKImJYNgopCCnyAlLm7YGyTuAEqGcVCPwVZ1pEyL/K80WxG3lJEwAKIzZqxniVgIyLl1OS08U2JlsaxfmLARQd0J6At0WfkUE9XNlIHJCmFfsp0c3GSuHb6z5/XkYD9Q5q2WtBOu93WvZuetmqTNE3jOPZxJMI8fxichYsbH1fdJXN1yeyHgh5pKGXibrWxPgvT5mYZGYzgspDGDYn7UCDSmhCrSWiI5RY8fAjDo0EQBEEQBEEQBEEQBEEQBEEQBEEQxHqFe/cC7gNXyp2iKtUwxhhJA3wTdKEdcnTyQnFdgDfKBfBoQOkCB/GGKaCDiEOiHoJh6bzM1rFxNIG7SSCVsB1Dq5G1r1YoHRtQZuIiQ7ibIeyYHnV7ckpiVZ2xpMGiOMXCuo8QYusetOPoBzpfMDvdMJNxIx1RC5SUbTFVZDmTaGzhRCFDqGX6jnFuqTobHdwINXShO4pUIiMZG7cbIadkrufQ2ILodRClMWxUKor1M2GXjrcmEUUh29OdlStWNNJ0waJFJmRH6mZYjMk3cDjmOelXhcmxgmdJgE6FW9mJ8x1R9afCP1ppo2EUYQokMZ0OxvRgUg9i5F72UVROrATmJShekkqABZFEHxwWakxUYOLD+8+STUFxCTu2n8oncBHEGmGXvdWd0IoiCIIgCIIgCIIgCIIgCIIgCIIgiPWMEALL3CjwgBJxUMhDLYVXiKBYhCnwU8AsDvMFsDyPRCx4ZAvLRnliKs5WM+LtFLDYbQ5BgxBbQ/QvVChrKBUfvkuq9qIG+i302iqonrd9/TmsTkAFSSKMh30uiqI9OaVf5YVqjOYjC6IkjY0dhrVdmdFUZW1REyEop3QI00xQYxCJKG02Gdz6aGrVeN7NoHQL5ieKlRqJeWb9e5zYmyNmO6jUV5XYRQjTCZqSQsBTEoMARRayI6f1+u90OvqIhDdAHyL03kQ/DII5dx/jIwQRNt0ueASJeAXjUbOV6jaKgoGqJI4EE123prmxIGGQuaMylidGeQINGBGWU4DYmyyNcIQzlLlA/FOjwaIoGR8f73a77elOEjeSuNDt88isY86c+xAXCp5/HCys4UIK2KuvJsrqvgyDdRTns99PqzjLIS3IacrM/Jp8H7A/ckIzNIeZlWHEXL2fCG4I/j0bhr6fLHWJDxv4pARPXO2jhT22UUqtvVw0s0qGE8URBMEIgiAIgiAIgiAIgiAIgiAIgiDWHQrtTFxMjfEqgTI2emeg4gQqfgpjZhjKTnQpORENXXGXRaHr1LkBCsoRg4J8HDH0KzG1Wl2nh+IyiFSk9zuxf1R9TdwZ5kpYpLbX42V33R9BXVeVLYT18FoOSLX0zF0dWUlnaYIXdW2Xjg4qOM1QFFlnagpq51LGUQpqGyidR6YbPjComKE+yq2sJdjSc4yq/DED3N0jL0WoKiZs4V2hcY3RHPCk0QC9UVFM5itRIaC4VN7tBG9T2Y4MsoNY2XUvP/C2MOFVhyiyh0Xq/rqCYeUqQ0kXGJNzOsauBVTjQAwVy1GhBYY/SQRuJkJvyDrdIi+ybq7nMW029MOhex37CTBWM5hmY81IxsfG9NQv23TZ6GgL/U70UxRFUaJAOGIWFl7O9cNsinCFeV2TVUL5p5f5OyRM11qtlu5Du92emprUjetdaTMps3K4ueHVG2AePmndVvDpFUKiD4ooF6RbCL1JV6Xhj11VPrLHuCRhU+sU1V8BsobwmS7ojuH9txNzpfejQbEyVWoj4pFJ9cMrOkft11g2+liXIBEEQRAEQRAEQRAEQRAEQRAEQRCPG7B0rMIgEFYKPwQX3k+BeQ8TCJYxYhDwcogUFzHneZ7p6jKoUDiPCgmbsGkhsPiu6+0SdScoKVGY6mIq8YyX2TQclS7c5b3Y0nagTqhpSQaXHfmMb/1mEdTNFWdMDT7TaQ9UoYead7odPqVHoc9otEaiJDWDlDhtnA9REFUzHTMXvxRe62S9leDm4UX1qKM4GV28SF9hemKy6GbMCAysjIEbA426kqRipoIeNv4NSh4CBcPs5hQz2SKUMiPFh8rQ4Gu433eqNhCvrzAKKGHCcMz6Nd42SSNF247cOJh02x29MVUsSuI4aNM6njDQK+mj9WMii2IMp3tkpBlFAkRZ+o6wGIRM0vSCl9YRJvIGl5Z9GITz2nCrFufK3iFhfEoajYY+Isu67XaH83HYHvMkSdyRgnPmMnuwHZvcwzDlx9iQuGeyZ55mlAuVe2EspldCYAqRCo4fxr+EIB4bTHXZqT+cfHAlu/r2/KNHjW5CuhOCIAiCIAiCIAiCIAiCIAiCIAjisUEgLDD1ZesAYlI0IBKE2+qxVZ/oSrWNyUEJAriewPeIuZwds1FmDOrVAqrWeD4oVKwWwwRsFNJE6+hDJTbXN9jEF69teZq7+BxZrYLzfnXx1YH7SwxEoe2HLIpCtdtmC5zTFBysKqAJ2duqO5dtIHAeMSEbjWa0NNLvpicmZJ6riqxEWHuOPifDN1UVDASiJDa/PWXrD159rcdo0nNgZtpTU3neSdNG0kiMmoJ3ux2QInVzwbv64LiarMKtfYxSRS6jWOgVPDk+Do+YXLRgwQg6kWQyNyot51cjnfIIk5HAgISjEKQWp1Tvt9kVxXGSytGR0fGJ8elpWKn6ARxdsAB1J05tYhxTioKVi1Mp11cQmEkwXalOymCJyeDtHDoPCT+sKlQiiMcJnVxNTMOLB1eC+uSjLxtdOkKPAEEQBEEQBEEQBEEQBEEQBEEQBLHRI4KCsrTKDzQ9YGUQht1o4jLglEjaQ5WuJYMhShRDPVuXlYscHCAgREP/X0TYpq9uhx4HuvqM4g3jgGA2BVE7da1JmeFSK7iHwTqsVuZmcyMMiqnhehMG7YCriSpU3u222bges97cGBnRdX7mNQODe6CqZi3rDOXEPfbmch4njQXgd8Kmx8eLwsaq2IOZV/OYRcJVkOMSzDludO4g5TGzM4MbzKw+Nusa5Zx4jMlIrCej0+noJdBotRqtBqZP5VmmpyvrZnoBRK/dZyc8E9e/fXggpUYZ5xLYWsC6AdORyMDCMJg63iUEHyfdEe4fBpODU5lNu5FB09AnIM+LPIpEHMdwLegPeJlYOxN3Vk3Q5ZJx/HWZS8Vye3t7aUO5fMYSD5tjYfTS0LqT1VOoOAOeoHOry/AdmGvoC4lvVg97c7f/B/194cIRtsHTSvhu20S/uS7Xryfa7E9/yw7cJdEbGUEQxNqn283090aaMIIgCIIgCIIgCIIgCIIgCIKYP8YnpvT37/7uqnKTrStzFBl4qQjWuM12U9vmTn3gxB+m5A3BHxjHowvpJrrDNYlJIC4rBHf5S1l7FV9K9+Vvu4ezUHriq96+Al5W4X1H3ZY5feE1sQxe0Z34K/p3KBgQ1t3DuLaYrBWYmyiOrY4nLHj31hV5TbmxRgzVDCa28FofjIoCXE+4tFIjA9p2YwAAEABJREFUK2xgTsxgjzTGN6gSMWMPrm03lhoS1/As/XK3nXmHHRYuhgA2O4LNF1V7E1XNGHJDRFsfVRiVlYjjKIlN0JKSeSGLgkkVh23aVoLFJQuVc/2g5BMTk/DISDU62ooiyO/BJ0UvI7iCi52SJu5IoEzMKa1Mao3wl6j5/XAI7IHWmq2Wfjs5NdXutFetguNHRkf1SgXbInebrYCF1UUQaHtiRFWBQs3f3R7DFSOs4ZX33LVjps00wu0eKrgTawDfqBZQIdmPruj4tw+sAL+TjxxFficEQRAEQRAEQRAEQRAEQRAEQRDEYwus8UsrLFAmSoZDtg7z/iLe8oRHka6Fw0tTrwZLBSM9yVmmVIHOGFjTrlfyYYsUcJaJ7zBiFmhXmKK3sVExVhwci90sKE+r4A8raAlDYGawK5kB1TcKJbygl8KAiYsV5WAH0e+kDUE7etT6fWtkRJgAE0ygqRof8JqTyLpFd1tWhoIvBG80W/rFFOfZdBsEEPq2CutYoXr7WbsXgc3JHIvAfMOTHdTWqnEwcXYd0mpHYA6bIyNxI50an8g73W6GOTspap7ybiaLIq5Ll6yJieDurSxkYZbvZDEBNkFMjo6OgBMJGAfxPDdRO2AbVJGCYMgOCsNAwOXyq5yupbwmbhFCpGlq3qqp9tTU9BQ+cnqZRgkopKTTuECej7KjtRoRk5llQpc4PojuIwCWfq3kP5MCwLnrmFZAk4bTAOuMb3CeNgQx7xSSffR/p668zXpJNRLWztj9K9h7zgXdyZLWulv9d95557vf/W42dz74wQ/uvPPOfXc98MAD11xzDZs7T37yk7fbbjtGEARBEARBEARBEARBEARBEARBbMyUipBQX+C9TBhKT6z7ha1IlwIQ5UwqyhAdCAqJ425nqsgLlG9YtYovilsHEGEcUcIqtm1XCaPnUNZkobfDJlIHD/VjsDqYMqDHM4MARfVpvde7ASdHMZcZIox0QxmhjJW4yCLP5BRYXCiZ66/GyGicNngk7CRVhCZzyZ+ZR6wwxDuCSGteA8MSIo4aLcEFn5Qs73ZzmYGagSuXrYPddi9qMgEevJ5rl1h5F7iYP7eS+SJQDKkybMr6/TTSuACXmzwvskjGSZK2FoKByNSqCSllXG2Je/kKDwRUWTcvIq4bkGap67W3YMFIHIvY2IHo62QqY1LyqqTDhCShcZAzlWHMhz/ViCLoa5qmYM3C5PT0NPqdSKVGFowmRh5lHyqFL/wzGWRtce6ftdJHqB+VhyfsM3POQNKEclk/FB5+mOA8EcRjjEKyM/536opbreLkrf/c2HaZOP1H0+0uu+9RduoPpz561MjidaU76XQ6N998M5s7RljZn+XLl5922mls7vz7v/87iU4IgiAIgiAIgiAIgiAIgiAIgiA2fgIXDsFtaZzVEzPQGMPILErZBB7oS8dlBA3nSZoy1YF0EMgaUUJ/YSaLK2GDwgB2Q/ke7BWkk6QoX52Go2Spa2H+9ECnYo1OSvlCNdUlFKDUM0P6OY3YyJLgrRNEsEEyFm7sIEAAUIhOMWWGC/YQzQUsbTR5BOoBmyvEvWXGHFxOhkmQGKpaaXugfLvhJeCGKJHEaTrS0rcEZAFFZsRHUsmKwifsUl93E8WqR/fvsb8pvOIpM0Qoz3rEJibpLgtUPvE4TaI0ke12XuSQsBMlaasBKqspHg9qRQWyJhh/oQpZdFVHgbiER5EYHR3R7eo7EkVSf8+zbrjk7Lmo5pLKriiXQhSY/jinGrgci6Ko0WiAi5BSung8PT2tjN6o1WrFcQwmRfVB8lpTrCisnZGVd/UE6/SVa/lma0fqwYJyB7xVfBDV0A8FQWw0FJJ97JdTlzvFyfH/3HjB7qD0Ov1fWx/40XQ7Y/c9qk49d+qjLx1ZtA79TnbYYYevf/3rQx580kknLV++fIYDtt5668MOO4zNnR133JERBEEQBEEQBEEQBEEQBEEQBEEQGzvClpuFybtAkYeN0mBOJGHza0ymjFV3KJ+oYg9zFiN4RmwMFLJuVxaFkY6AaUaYzmPOsn8Ksw+VGywsQIMmheO1/JWcpsFtVKxHE+FeVGvY1bSTisdGH3i/Biu7mR8z+rfob3qwnakpbnOFID0kaTR4FPNKR8NxrHu/k4omxGtg4E/Qx8SNVpPBMpB5R4KARkScFQxvizO6KRubh+6HDXKnjAlRG4oYwd9z5gxilIriOG029UTlHaMMkaqhGWnqCYwLtzSCFrx4ysqmOBeQzmTybop2x80GXwAqIC4E+AYpGUHikfIr302HxOwpgbomJup3gwe+PfpbksSKpXg6+p3wSWPY0miAwsWYt5hlbN2NIHlHyrBBdFfxgUMzq0z648yLlLAD4TZ5qHR/wZlSvTobgtjYkIp9/FfTf77FPkdv/qfGPxnFiWa3LaL3/mvrgz+e7mTs3kdAd/KRdag70c/UwoULhzw4CkRpfdnLwAiCIAiCIAiCIAiCIAiCIAiCIIjHJ662q8vaGBrik26Csi+34TVlFIqThrgMDleFdzEaDOrx+o88y03oDLg4QF1bWL+Tmo4ALqiL5q7GrUrVh8tuUXa7P77uVsJtkT1sum+1WqlhRQxqpj1Y5i9lG8rOgMraHdyAFi1JQ/BYBK1VfVLWKbJ3k1ERWEmQvjtxkqIyBSay2zEj4tbmxmiRhp+94ajFsWwE6gLul6QRZqSNBtjB5BMZ6E5YkqRxFKXNhjDzyFnli4UvQKQilSpg2ctCFXkxOTG18pGVY2Mrp6am9C7dehzr1mJhKKNtzLWNjxA8WUaRYmNwrNzJdRSPt7sZaMGazWar1UySRJ/Z7XbbhizLcDC6uix6KJ1tjIcPFNLDy5TzYi1Swn7W8Q+BAz8znACF+eig8ox5XnAEsY7QD8onfjX9p5sLfPvmF6Qv3CMJD9hjy+i9/9JqmG33PKLe86Pp8TatdoIgCIIgCIIgCIIgCIIgCIIgCOIxQVknr9SQ0QrB590YlQIqVUJjEIZxMwxcVHTBPIa4FiXtRlVWnQOHC9O04JXCOkbw8KpVRFWg4DpQPWs2ymK6/+pbJec1Xw/T6yBwp9zkNsBwo5gpmXc77cmp9sSE/hNUBdYhwg5z3fub2P71XDe0z0BXC66HkKbN1kjSbIjIzL8wnQ5u+tyvMywbgcDAGfzgsgGzkyhutUYazaZ+m2dZp93O8zxtNGy8jqxakFh1BWqmjHCEo+ZHGgsRJTudzqoVY3rv4kItWDBqVmvEQJ6ShzIvLz1h0pivCKMW4/3vsLkUqIbgjsb6/gKFLEzUTqeQEoVjutNwLdSXQRelYMK6m3iRlxG6cGUNUWrjch1zQrTAFMcfZrUpCm2VlHJPn7ShPYpHggfhPrMuOILYANEP1SfPb196k1WcHPeP6cF7pr2H7blVdNpLWh86b7qbs7sflu85d/o/X9pa2Fzra/7222/fb7/9GEEQBEEQBEEQBEEQBEEQBEEQBEGsMdxXxHm/dA7cJjEAg/v8HLObma0CBQumAG9DayCHR6H2QEVxondlXSNFMZYMggXuCdaexDUndDHaGTPYYrdQ1p/DZXHYYBx3TlU5wWYaat26pCxtG/VA32PcpRWrWjsoM2Lb/0AMYOdRsSLLpiYmdQE9TuK0NcoiuBpDI5kBl1ln9NjMmLEZMYGUhYiipJmmRSPvtPMss3u5y74Jp0H1y8NZ693tN3lrqQ99Q5DQzkc6ox1jEdIaGdVrYWp8YmrVuBqVIwtEHPnlpVxbfvY4Pi++ZYHiEb1BSjY5OZUX9u1IqxVHsRS8UNzE6YDNCOY3sVIXZa5jfGi4sQzyKhN4vFV5WfNsgq6o1WzobVmeF3mRSXjuEgECMVRj4RTjALn1LiolJLKA6+vtkbmA2YePqDT2LYV9ROFxFsqPnIVTycs2vbjERT95XxZPqEFZDQI5XB8Jixpg2TLXw9TqPtPzqLQigc4Ggn52/uv89h9vzPHtm56fHrJXOujgvbYB3cmHfwq6k7selqf9aPrDR6513UmSJNtvv/2QB99zzz3tdpsRBEEQBEEQBEEQBEEQBEEQBEEQRH+8qsPJKrDIbG0t4BsTNvTCaD6EKWezMgwj9PqwmwQGthiJiBBRnDRE3u0oadQrppoN4TQKE0iYtU+BeB1TIDf7GVTYsSwvfH+MysVmvTjjBatCwBI2xsTYbvSoaAJ7koqNghVV2IScXriTvPj6O6s4o5SqF4ktGG1GkXXa0+MsThMOqTWJSCMcmdEbmGn03WEDWRulx8CAAqv/pkvCjgeHFidJOtLi3SibnlKyCANW0OQCjTX4rJfo3cO98mCYwTlhRSldkGZJsCCFic/fPA1qpxKKxM0qQMEWfk9bDSmL7vR0u9PpTE1FQsQ1OY4K1AXKyk700yG9fgr/BCMRxdrT3VUrV5nIKdZqtSIRsUi/zBXqlmDpSNcXKysZ1HVlnwUj7zBLTncuTRsQ38N5J8uKoui2O20jN4lFJHgEN5gzH5VllCUqVF2BN4qSug/cjcN9KNgPD1YKICr+K7w+k+YINwNop6N6huL9UTZk7Bgexwwj6Hk8oB+OT/26/QenOHnD89NDn5LOfMpTto1OPbz1nz+dzgp250Py07+eft/hI2xtss0225xzzjlDHnzcccddeeWVfXddd911+gOErRlRFO2xxx6MIAiCIAiCIAiCIAiCIAiCIAiC2FgRgZ9DKR9xAgT9f8lNjd86gXDVoxWoBdNA9VmBHYL+X4R6DgHuGQkvCpPhImEvaAewXs2Vq047Ow24ALqruEKmtyRh3lvD1dnruhNmbRH6GbfUx2lr/X6P6iNVCavk7rqlO4zxfEBfF7yusYNhtkquuu322EMPF3mxcJOluqTPo9j6o1hbB3fhvtXqdVmwResNpfSNYmZOozhOGg0YSpFlSiqw3oBhCoFDxnkI+j1swT0UJPChdCc2yMUfGYV+GU6tsLbr/eHtYuXjIaxnh4hjM2Np1u7k3e7UqlWx4Lx2Y3s9PIJ3+BxaKYl+Tqam2kqO4aoaGRmB3CZzg4zuJwfHICZnGDbvNycoDdE7kiSBTkdCmo15nk9Po+xENFrNyAUpQeoNpi6F/kP4BCvbVV0wdmoz5+IieG1sfakI1rBvgoMsC91ZyLSD2AjRC/jTF7QvucEqTl73vPSw2RQnyM6bi00XsftXwOtHxtnGwtve9rZVq1axNWPRokW//e1vGUEQBEEQBEEQBEEQBEEQBEEQBLFxEkg5Klu9DqW0mWAsFFv4P0OFBxaOzXdhD5VoQMLiJCn00XkOTiaY/qEKbnJ2TKBHmb8BBW4JGTxQ4JaqFunSN+aiZoXAe8UM5pK4TwUDqAknWN8cDy9x8bNjEUoNUotYvxP9ujM1CToUmBDVhNiVuNTQlO1vEJS6HON0AkktYD8D6oK8nUmVoZ7AWNGwucfqlI2zubGByg+UUu5JUUVRiFg0RlqqkO3JqSzL4z62OaWWwq4nl7YWWoYAABAASURBVFnlpU+Rnl0BU65blNPtdrRyHKVaCxeOCg7/kwbzdDDmXHfcA2v7FN7IqvpDn17g3sjIi1BTkhm/k3a7g4k8iVIgJTH6FP0cYixWOG4T8iOL3FbWYxDYoIrKuLBIZ500xJ0OW0ajIHxAH+euIcRGygXXZ/93vX0ujn1uevjeQylOJjrqPT+aRsVJI2HHPb/B1jLT09OXXHLJkAePjY0N2rXXXntNTk4OPpVdc801+rNl9913T9OBUzE6OsoIgiAIgiAIgiAIgiAIgiAIgiCIjRbOXXyJsefwtevSAKRaOq+Ws+s+DqW9AiaQuBwcrKqDuCSOoShdFChlwJKz918oryJMAI2EKjSE8gS6E4zXsYE4tv16+Eb/VAcX5WF9GfoVxNHcodeQAk/nlQwN0ff0sn0TpQM1exHl3e7ECigoChE3Wi2ryOlNEXEin/WIm094DfY0aQoeJyCT4XkHNQUQrxPMz9z8WB6LBhbKiE5yMBBpNFBt1J2eivveyh4xheBcevWWE3Bh0pE0fifTRQEpNpGIRkabaZyA3ESvLln4a9uG+3ZNOVWKfWEUI9JapOiF2Gw2cdG32+0sy2B7JBpSNhqN2GhJWCCg8m2CNMWEbqHuhPMoiiOjpZLcBl8Zt5yIzTxxZd6QT6hi1ktpo4jUIYga4d8ckx3259tzt515Zx8fVeWf3h9f3r3z7/A520jYe/+ltfuWEVvLPPDAAyeeeCJbY84888yZD/jHf/zHsbGxj3/841tssQUjCIIgCIIgCIIgCIIgCIIgCIIgHrMIV/7iwXeE9y+du/wNvyWsteFOv8WaIBjLE5PeIkC1oCvfRWHPBNcT5avMeDy8EiA+UdY+IfA7sf4NyutOGCuL1E7pomo9duNRM8kkbEQODwNDKmoY5sN1+IAGMG/FKGwU2FWAgoZDzs7k2Jh+vUCpRrMpooTzSkfmpt1YOwQSBYYrQfczbYAWSRWyyHKlpFBCFuVUW73EcN1/rKkI/EJwuTI8EnEjTfXKlnnsk4pgn9NU+Imz0h5YbP4waQ4Q1jSEgcWILGTW7U6smjCnLRHglBNFRrWEfkHmSGmuIPRdqj6TPgao7INxImLSr2zOG40GPjDdbjfP8+50WygWGRMiYS6ESjLnXoIrW3IG3S40WYY78eAeN6TeWVMYSBT0M1DGlKKnwD1pg1w3PR8xfQKFSDfzeOOf90j/eo/8442gNfnBpd05nZvG7L1HtPbcau0qTpYsWfLSl76UzZ1ly5YxgiAIgiAIgiAIgiAIgiAIgiAIgujB5KVgtVQXmUEFYkQVUPZCaYc5SrhyOYRfYNk8KEQr9GlwNVdTOgbBiITaMhwSQZ07cr/ezaQuxyshpOLKBHeYy/KIc/0OmhI+vQXCemyZnFlpipWDlAlAgfNKRfjiVRHlSFEkAR4kLtuEueaY67qvffe26ejjcVKfVWsPIbDCzxTMZ9ZuT65YoWShli5utUYZhApFYXQR1tsD4wpsRrL1gB01GLXECQdzGpV1Oqpwt0DCJAofUoS+GzMV2Dfi4ntp6hMIOvw+dC/RixdXjZ6uOFVxWsTCSkPQwKSSesNK3VbwVgkjXJB4HbMWoQXI2ZmeLmQhTazR6OiIiLgxSIlQp6IUqEB6bXJ4j/5DVd4BsoCMqzRN8VHpdruddifSNx20LZH+Hkpqyu8QoQODwvAdTZ7n+njdsdIZidtPggHUnyuFK8upaEBvZi4nXFJXrwRsNehvgrRaLfTaK6mKqQzJTR6P6L+wTn5h8xNq+tKbijmdaBUnW691j5PNNtvslFNOCbfojxf9vdVq4Vu9gNvttl7AzWaTzYWJiYkFCxYMc+R11123ySabbLnllowgCIIgCIIgCIIgCIIgCIIgCIJ4DFCaCnAoXptsC1P4rh3lXB0466fDCGqsaJQBAhHjkGDewFWkS/ewITYsinguM2diAtYntgWFYhAnc0HHBrBXAMEICFPKjpvDVTCWIHCnZnlSMUTBqB2pwvN98knFKKWneDxk2RpSgXCk1mcCzsza7WnBTXFepI0Wj4W1o7BJRmxDAyvpIoacnUZrJOt08iwDOQFqjiSKlZhRRygrMzC4ZfWYqrz7jBpr3hMMTtmFaiYkiRqjLcGrhLMRbLaH4Ua9NsJV6NKeQOHRnm6vXLHy0UdXTExMFrnkTAiOiTbOzMRpHXg/zw1uNVZWBRL0yqqj0jQdaTXTJCmKotvNup1upulmyj9vaFFkVCB6AUfCEunnWPEi12d1dcf08SYUa7a1bHriB87dA6A8UrF+z6Dfz+YJ3gNbLea9Y8RGiv5A/I+DW//w5DnIR9KYnfaS1l7b2FPuH1PtjK0lsqze9POe97xnPetZ7XYb3z7yyCP67WGHHVY77Fe/+tXExMSgZvXKf/WrX/2CF7zglltuYTPywx/+8JhjjvnYxz7GCIIgCIIgCIIgCIIgCIIgCIIgiMcEAlI0TEVavzCJGiwo8vJ+FdlaZbbPIbYR4UwgzEYT0sJsnd3UrnW1WkRwWM2UxJaebetY3dd1bv3Fsbfclcvdax7W0PsWjoPq9qDisgqG1ttm77X6HlA90s+QGaIJQSmybHpiahqUA12OCSlSMpshtPoFaz4bwzdSmRPr0gE5O0mjEeuvJEV3HBMbFE6XGKYbw0xd/Wv94ScEb6GbnL6zarQejKEfSZwmoMZATYZ/AQ+bcOoTq0HpY6TDwRqI+S9hnEX06mlPTz/6yKOPPPLo5ORUnkOSDqiXuPlTxO4e8L7DqEleKrsYZF/pniVJ2mg0kjjJu1nW7erv7anpbrcL+g9p46+EsLE7YIXC4anEidCLuACVSlYUhVkyusN8tiWthyfD/oCuRQXyDf1guEvj1YdfyusAVSXcyObDUoXYeEHdyTN3GUp3ksbsPS9pPWVbe/Dfx9V7fjj5wZ9NZXOzSpkdvSa/+c1vHnHEEY8++iibIzfffPNpp5328pe/PM/zvgdcfvnl9957b7PZ3GmnnWZu6vDDD99iiy0uueSSSy+9lBEEQRAEQRAEQRAEQRAEQRAEQRCPAdBwAGvHTARVZSMHYcKlyfBhYmV8o2B3YOMmsCzORawr5Am8Fe7LCl305SLGsdoM5hmY12FrzlCUhhgafb6IYns6j0wpPuLmK6yzl1KGIA/ECwdYVTmCghurtumjB2C9zgXDFJIh+MRl4jj/BtyuuEkU6k5PTa0am1w1LnX9Tpr9sjBGEsPP8DoFb1+SNtNGK04a5n7BlxFR2BVilQbWOwajUgbIA5RJksEvNszXuqamHOCl1ArXTHlYkCrFsLcoqGJmXpQXzfBeuU0VPkDnFWwEMUqn3RlbObbi0RWrVo13uh29C2Uf1sCHWfVS75Bm1Wrg2NI0bTUbURznedHpdMDrpNvVZWaI8AmaKLU3zAqqcNjKPryyPGi2R4YHzypSuOe/l2A2rFCtd+/aZsNRvRAbMvpxfdfBrac/aZbPryRipx7e2tspTlZNq/f+aPLRCXb93fKj/zMl53VR66V7ww03PPjgg5/4xCfYHPn617+uvx966KFxHPc94LzzzmNGUOLzsAbRaDROOOEE/eK//uu/BklYCIIgCIIgCIIgCIIgCIIgCIIgiI0JrNUqNPpwGwOHCRV8oW5jUEt96+a4oeea6FwgQEcCAhR7cFg4Vr6cH9boSwHJULXfSk+Grt/Zpnkf54/ZUEGR3af2MKOzcE4ZUsk8b09OTYLuZFXW7TApca9Raqj1mrKjWL8O4G0QUZQkadJsxmkqIhSasHoEio8+Gjxv/a+xAaNwnD09Lo1K6uoToKy88iBHxjkLVfaxQe46TvDiHwR9vXa7vWp8fOXKsVWrJtqdjgTVmHUrYjMSPpPhC2GFZvA2iqKmppEqKTvtdpZleRd0J0VRMBWEYAXDiVzIThwnEM8l9bGgG1Gybv7B+sm4Bs14RXciZ1GWrDPFCVL7UKh9TPTKaIjHJ/pD8pRDRvbbeaAIAxQnL2nts11piPK1/+s8uNK+vupv8vxru2xeede73rV48eILLrjg97///fBn3XnnnRdeeGGr1Xr1q1/d94CxsbHf/e53es0ffvjhQ7THXvjCF+6555533HHHueeeywiCIAiCIAiCIAiCIAiCIAiCIIiNHFsdVk5y4sJxLMKH4cBXva5eZqD4s7H8GtTWbTXcaBRY6R7hAjMiV7W2piODxAoK1Bqm9m/K5NUi++Dy7swpLZzVrE2qohY76pr5RL1jlSlRNg7IKQWUuw7qLFRR6KI8THqetccnplat6k5NQ7YJE7akvgFpMdy8mMFItK0RRnfSSOMkgfWgKsO3aolZlDrCqyrYhlqW7x0C3pmK3QbzipPqcW69lQY6uLwxXWfgSirfKu+TU/YGzAPsktRbOu3O5MTEqrHx8VUT7XZbb4mjaLZ5rzRYtgw2OzKUdERR3Gw0kiTWHUHFSbfTRdcTFIKEc2T75HQnUZToGywly/MC5Sl+efRKRkItTtj5iJWJW9b1iCm/t6/6ZMiBrw36Xno99ofYoIgEe/eh/XUnScTefXjzqdtVIniW31Fx/rjqrnk2Atlkk03e+c536hef/OQn9RM9zCn6WfvoRz+qv7/iFa9YsmRJ32N+8Ytf6Nb233//LbbYYpg29QNy4okn6hdf/epXp6enGUEQBEEQBEEQBEEQBEEQBEEQBLFRU0kS8YYiploeibAWXJcX9JbO61V0t9ceaMQlVmECFWpUnZh3iYD0nLIqH17RB2kwFLMIFwYEsTzCa1B41WuA2+QXP0zGZ7DXCHUns5WMTd2/b6FZlsEraBwT5OxgCV3/IQuJw8mzbHpiqj09pVRhFDo8zCXYcLxA/I1WHBJ1ojhOG82k0QDdCbe6E30nTZ7OLC2tl6ycmeH9CPf6tdf/dPzqd7dEqaViJrvJhvQM8M8pr2HVSnhZa/PhBBz6RClVnufT0+2J8fGxVePj45OdbpdVFiW2oPwiqnrLePchbhoUzqNFmC16LFzf5FZrNG2kWZF3OiA50Ys1y7pFkevrK9epSnt+NvV7iMkCvxNVKH/t0KtEORsj8xFgO8gDUyBMVTKXgogtE70FKVsc25GKqZnuSjCpdYY5Zhhqp8vKFpOZZY1hyq+ZuzEvzKnnxLoBdSdP26ny2ZdE7JTDm0/bvh5V00orb0fT+f/EfNGLXrT33nvfd9993//+94c5/sc//vEVV1yxzTbbvP71r+97wIoVK8466yz94sgjj2RDs88+++y3335jY2OYy0MQBEEQBEEQBEEQBEEQBEEQBEFsvJh6aWH0ELJMhAnK7vhdlcIUhkX2itGILSuXGSNYiTXOH7aU7NphPkIGy83GSkRxZ3FS6jbKdqByzQMbFWZUMVZrglV9W9AvfUtcT3jZR7sndNjgTkFSWnr06gdqUhIjYAmyc1wNXylhlC360sL1AYrnNTsMUDHgTEvZmZ5qT0512m0o0BvRDwxV8UGVYaXWthoMHhW/AAAQAElEQVSF97soSn+soIAJyNmJkzhKYgzZMQcFx/dvuZLTFAxCzfY1z/RqBvCP8CvQIAVrCF8qu7TwEZihl3YRlOvUKm7q8hY3s7z0xzHLiLFy1frDQbsVxUYpotrt9tTE5Kqx8YnxyW63a41DFIvQMEiFMiq/wlH7Yq2LQB4hlfUqUvaRNGMDY5Y4aaRJo5Cq3dFLtN3ugvwkz3MlcxCDcP2BgVNVAQRlphuqKLIsl7mEnuAz7PRj0lxMWq2G4vjF4csYC8FObj6SuDQvdCelZAW8EBIfIcXkBqSikKx0gNGDgc9U85jXnZQeZ/B5gm3k6M/J97xo5KlPtB+XccTe9eLmvj2KE80he5eqE/0sHPKUhK0FTjrpJP39oosumvXILMu+9rWv6Renn356s9nse8ynPvWpsbGxfffd97nPfS6bC695zWv09+985zv6U4URBEEQBEEQBEEQBEEQBEEQBEEQGzGm/MsKXdaFqjQGylh44E4BG11oDjdaitKRQDlTAqfz4AIzMswXHGvSQYyBiq5IR+jL4A8QAovvUGUTrshoHE2MQAMTdcy1ocTstCO2km9f2yuxemQOVOnxi5kve3V8LeAL3FfA1CWCiwte9jv4CnN/lFMqoOyAoysMRy8L+8L2xGkJFCvzfWwJFTYJXfJvT06NPfzIxPiqAqr5ugzP3Rxa/xZlpk/ZSRSrbRbCh8XHKZU41Y/90tMWJXGcRHEa21vAAj2O6SR3k8zKmRe8mtZkTUJm++J+abCerKN5q0rPJHwp86OcsMD1jAcrxC4z39WYB7dcKRsQY9JspN8e3p5AP8FrQhZ3OncaLjg8l8V0u63rtbIoOt32smVLG82mlLluRogYXEnYLOBFa0k1Vl3DeZpC/VsyqQvPnU5bodOI0Y9EiUCNiz/Zu/Qo54ICspM8k7LQbYg4cuuopw89W3RTTmtmlW5FUXBpP4A0Uim+YQsR/P1TVXsoRjxeQd3J1y5p33K/fM0BjVqqjueIp6ZpzH5/Y95I2b8+rfHkzSO2Fthzzz0/9KEPPf/5z5/1yCRJ/vu///uPf/zjU5/61L4HXHbZZb/85S/jOD7llFPYHDnwwAN32GGHO+644/zzz3/Ri17ECIIgCIIgCIIgCIIgCIIgCIIgiI0WKFJzzNqwW7izJPBvvdNJ37qplSYYXGlV+bPsFq7QE0Vhg0ER1r7WbUemF7LAurNpQ9Qu5F6hX4gqmzJlauuqoN9KyQZQre9XtkvTR1syrrp3KNZ/coIxhnNjHF1CpJ1B3wqelXc74ysKc92otTASUaTKCWE9/Vwr5h+zwqshSvo+RUUhwQsjKbK8yJQ3oEGBTW321gwVfJ8H+pf+OWdDWGYE6hrv3TPw4NjLYYKnQi9LqRd3Udgl7g+oSz+s647CdRC4ADnNktV5qCzPxlaNTU9P6x2bLNtEV3+Vkqb9yOTQ9AyAV4eBW5VyUULMqDqkWXwyjqMmb+gd3S6E7JjHSj9XPAUrFCZQAqOUsJIrbgJlJIiwwEBFFSovZMFzfSwqt4Ti5Q2oTV1NguOni1k7JjtXTvjmxrCBCDmC1VCfXoIwxBF783Oasx526F6p/mJrmUMOOWTII7faaquXvvSlfXe12+0zzjiDGc+SHXfcsfcAo1frDGpZP8j6xA9/+MPf+ta3Dj30UFJlEQRBEARBEARBEARBEARBEARBbKRgsVtKJbDmHGSpeCGFqURzqCabCrj3Wugt4AcbQ7sU/ycKT1wVvuIEAbIXhhVmqwDgtqjsUjS81wPu4tglNwx/fRb4SoRjxGNkqINxlw+yMXxL/uRyaGEoC3eqETY8qlrnZzgILou8PTERpw0Ri0Zr1Ng52H7wuv5FrccieykS0q8iIeI4TqUEWUHh7hcr82h4NVJojS7M1ga1ezeHW9lrSMIrm01rrO50gi9AcSKL3ov1Krx8j8pFWRXzCI5hTpDMlOXZ+Kpx3fjixYsajQaqVVy+izsZn+dyLRkBWARhMOUzzVkghYFvURSlaZJl3SLLc4hTUhCgE8UJj3nEnaxFGUMaO0Bmn0EVsUgPNi9yqaRuh0WKx5HpU0V0FswaHzAbyiva7CeB+xjYQBAmnay2hSA2HC677DIUiPSC6TYvf/nL8bEq9Ac6Y2NjY0cccUTf40855ZT999+fGdHJLrvsoo9/wxve4Pf+9a9/vfrqq/WnUJqmV1xxhT5mk002ecITntC3qUMPPfScc875x3/8R92HJFkrWUIEQRAEQRAEQRAEQRAEQRAEQRDEWsfVoKF8DAk7vO5Q4oUeTkwS2o2ElXbu/RhmM41wlxDBFtMHa2YQGZsQVMBIUygvPVh8OdocLoyjiNfK9BmXfaf6xpUEly/VNvZ05cUTQYO9Fim10rkaYuz+UF3fM9YNUZ5l0xPjaasRx2ncSCPQ0xSQIqIr+Mr7xKx/SjGA4FEU8TTVy0ZKmXW73N6EoNi+Af/eesVWY+6uFDww2ahpTbw8JB50soBEKe9ugpov1vvUMV69nnMisqlENsxKeWnY1OR0keuboZYuXZIksbBxU6VcxVoAlX3lXsMRjgIinjDRCFYhR5VJHMNw9M0uukXOsyLKI5F4bZT1YHHuPhg7pPdFZtUWsjCLGeYkMnolp+CS8AD3qsBc91i54JyVkYnagenzeVeV6Wfrn9kMcAhivTA9PX3PPffMcMC9994bvtXP2qDjdVP4YsmSJR//+MdXrlzZbJYOLvrtZz/72fD4ww47DDRn/UjT9JxzzmEEQRAEQRAEQRAEQRAEQRAEQRDEYwAVROf0FkyNFEMXen3hu5Sq4PH1FI+eOn7pF2JDZqDs7L1OVCn5gNaM7wqTunYt/fUZY2yA4CM0TShL2BH3MhEe7BpIP6OLsICMI7XZO6UwoL/ChrsQk/CiA6w1bG1dZll7ciKK4yYb4bylrBpB8g2ugG1CjAQXUQShKi2jB5AgKsDv9qAh0mqGJjSR4GyNJyTQ/RhrHTZHxxpHVcQRtm9EJ7XonFBdAc8SXFwyK56yHiFmEsuEKqerqCwiYYOsvA7DjMM4iuhX42NwVxYuWjA60mJeTwPt2KHaZqpzEVqoCGGDssJEG10bjiBTqdArMtdkWRQlXPjh1EZvrypEhA0WECBlBgcmCvAS9Vwi0q9Fvxms+BT57B4UnTDj8sIZY8HnwurdwrWA8t+AHsOlDaafGzcqEB9uOFx+R37/Ssnmmy2XiKfvELM144ADDvjVr37F5oOFCxeGb5csWRK+3Weffd72trfh62azeeCBB26zzTaMIAiCIAiCIAiCIAiCIAiCIAiCeOwSOiy4WrdiPuIjLJJy64jAuQupYbZm7iwY7GE+bIV7Y5LQV8JrOaqmGC55B+vqjKGJCYbu+At7/PVxGziCGOmKkXv0lT5gTb934CE9J3J8xW3wSDBeF9kTlpLLBl03SjUM60FBJomRlijofiHb45OcR0Z1IKI04dVAH99u3aZlLdN7LSmdl4XuLovjNI3Sru6/BElCEYYZhdRr7qsvSumVTsyBUJ9UO39OqgDebwQqEFzFVkTilkjvNSIeSYzA4WVcU6EK1767hBVjGXcTh0mxkcYyxWw08o4il+Pj46g+AXuSNLV2JqUOJFSLMcz6sf1xFkb6RlbniEfgT5IWBhSdTE21peRN1dAtJLhScVEIq0FRLqBH98IMOdffzPpQQkJ+lIgi3ZnCBHfxnkAsO8VGiOMeA9grjawJtmQKzFei8sNL+c+h9YH/fCDWJWoDm/IzftYu5l9zwiLBfvT2BWzNaBjY2mfRokXHHHMMIwiCIAiCIAiCIAiCIAiCIAiCIB5nQPEO0lwg7wLVH1zYQrCtzWNV1alISpMOxfqkjMD5EXgruFKybcqV5O3Z0hblTYHdKFoKhQeIyJo+mBQRzpxxSJgC4i5lNDAV6xUnKOH+tYn+kP2NUsoZqL5gFVVLebwfS3mMO6wSnaNmly+gvIehxKYoclVMrxpTstDDb/KFcRKXcS1lisn6xDtfOPcRxQSP46Qx0upOd6TM4L6jjgLUELPXX2dXeKhB7+c2F70XElYzNdMxwxPKTZC4b6O1zCrrPwLyK3j+/CPnj6mW1UulizuSWY2HMTUxj0wxOTXJHwVzkUVLFo6MjIA7iJRRJOyqdN1l/jmsCabqXY1Mwo7ZwESuMq6ElEW33dF9TpJEn5hyHsWx8SEBwQrIkWzkFfq48CiKpZQmr8eavsiiAEEJbIEpEPYClbnyeh0BMVqMOeGY8dSRpmexkaxw6S62HsGPBLW+H1FiPbI2FCdrr1mCIAiCIAiCIAiCIAiCIAiCIAiCmHe824LNkBEDskN63llvi3rZl5dhPH1tRXoVBdYxxfkXQMgOlq1tikhPA5UKftiBmuuBwtZm+8V4Z+AS1uT7Y8NN2GAlCO9zfLVLWJrHBsA7hkuWd7P2xKTuaqzL+cmIOSFipcuMwiwWVhsaW6e4SWfWBEaIKE5EXPCi4KgbYl6FseZOBLVlwgOVk6olu8zUSmiloeSa63cG2Zx4QHQyyMPDY7JsTNqOyZoyygwnxXKKjb66kzBehtkYHWgjFkleFJMTk1mW6RNNMk7DLD69xCSPvHuKWUt1/5+Ku5EqJWPGlscoQ6wNkWJZnqmORCeVbpcnpqlQv2J6XmpsBHya6FVeKCu2MoeB1Y8x+3EDZ9Uu2dduJeFb9DvJ8xzajSHGSDDugpL6THIf16a1ADpFFawmgFN1mRExT2xoNicEQRAEQRAEQRAEQRAEQRAEQRAE8fgkqApzVzi11VtTdGZlHbeaolOiyip2rW1XBsbUm16VCfqa8NC2xPqsuANsVd4JGOz/MEkHWxiguFBlgy66JLh6X1sH9HTxwUGMDVRzhFXk/qXPnvqyV5eE20JZj3WdMB4Q3el2e3IySdM4iX0iirM8qd6U9QbmsRitA6alxFGRRxJ+Kb//7+WvZrBO9QY77ZHfNos8qJKY4+1i+pT/a7qOWXCry6c82ZUb3uTS6YT3k1zV8IKvINqmoi9RVdeg3tNVIY20SsScFbLodDorV6yUSi3dZEmz1TD9FJX+l08zD3xTZLUPqOtR9lk1cTmRXpNSZnmWZbkQXXMOdCCO9S4zagnWQq6dmkRIhn4wYIYDShZ/rcoLZiVNopCqNxlLo3sAEx3HXu/SS3iiBMeXiK1NImZlNPbDTm0AjyqxrvjXZyZ3PVKw+Wa7ZWt30RIEQRAEQRAEQRAEQRAEQRAEQRDEGsHR2YTP5P1gjRR8qg4vPTpmLKZj0dnKStzBvgSPkoUgkcYcw33LULw2QTa2Js1LS5CB1/Uig1BmEO5iPUXt8Kxay7xHfdJruNK32D3sL+GLYFbtiVIVedYuxleAp8SCxUuiJKneGrCgYesbr4fAd7qrIopEHImigOQT5WVG82J2ElwXZS4qFJ3MZkhTEuqJaiivjRhSJcAripOKDghflKIT9OeAFJggcKhmvyGsYgUOdod5wGVnjAAAEABJREFUxQYLY3fCF6xySVBvmEgqk0ejZLvTkStX6AdwkVzUbDbiJFalSMe1ULYp7SjsouShuArDroy2RN/lREVS78yybpblek8SqEZQ1eF9WEo5GQRuqSiKzSOMJiDm7ul3goVT4Wcp8AgRgQGMGarQK61AvxPoQJLoBcg2MGb4eKzdUEbMnWG0XOuYo/+hwQiCIAiCIAiCIAiCIAiCIAiCIAjicQZ3ZfxhDg6NHKxEIyj7D6oAWk8MXdRG1xLuXRXCpl2sD56B6OOls3XQp5hidP9Krk8NqRYiTeUcLUwCAQn35iGqPglQ3uahHqA2KM7YrFIb1veYni2u1lxvSg9Z/09OTk1EQvdm4dJlYVGaO4HDeiy3WpGSdw4xK0FEcZxKWSheSHOnfDc5GzyfQ6CC76tfneeB580aYyVYMx8Ue8sQKWXod1KVGvCwh0zC/6zuBHrc19pEMVafR2MtovRyUbJwzYKUo9vJVq5YCU/cUuiASCLIoik7L534AeVd8Jz45xm2oBpFljowowtTemGmaar72e128rxQ3a5XhIC6BHQnwjibBLIYMzwhEhOPU/i8rEJ3GFQn4JfDgiWCDbqNegJhPlFiwgL/GIzaAZ8VARcun6bwaV8n8TrhSAvMDSoNo0LnmIrSjVgTSK9DEARBEARBEARBEARBEARBEARBEOsf7l0eRMVCo2K/obzlAJZQuRBuA9g3KGta4AQovCYSsMkhUIUWbg+vxrBgyxG6m8B7aFX3RwVWFvpkW2JmofjF7OFSQXOqXyHSZ4/443vlHiiPELoHuh3FywPrShFWFAWbtdapesJ0+m5hwVy51zA4ESlVtCcm9GAXLlnKVGTm3FXPnbuGLWGzdQ46wjBe9gUCdlSk4jiRRZ6D1YkUemkoP77V153wYTJK1k31WbHwHirn59H/0rHXTKBLB0pPFHqG9Il3sslJ3KtMlH8gC6XCZ0WYsJvShoRZBYOCtStsG8KIS/RizTrZykdXFnmxeNnSZqsVJUYKY0VeHCxR4JnD2CqJ+ixltTIKrXeMTgwirXjE9bEwHL0RLhXpG57r+50VhWJCMf1k5LpFafxOIEtHoiuSlfyIUn8jMSYLFpHgOG7cw5y4DIUl+pr6ctC9XG+LjAQFJ1MYDyQjOmF5prfkSdpMkgTVKtJZudQekWEW3+otJux06caCrk14Uetk089qifHwbq4JavbHZEPETFiQuKTK7TOctVr6NYIgCIIgCIIgCIIgCIIgCIIgCIIg1gYu4gUL3N7koKoXwagPLFO7LA0slToHh8CxweyvJ9PoCjz6opR5OsIVyp1jhilJm4N0HVagvYJ+HzFfVefK5mxY0YvykgYuOLPtwZYyjsNVgbkRvKigj0GF2I5SF+kxpYR5KUioMjBH60p72SZnrBZZwtzZPQ4m/Yqk0pT4gzkBdYH+lsOhknWnJtuTE0mjkaQNrudBQN+KQrp+Qb0ezuJFPxnD6lSghZj1rLKvGMECKhyUyvAoSVP9Iuu08yyzRXfpemLkAbZnLrBpdhRXtev2HhGYrmDHhms6RAw6QZUrGi/G3G13B1iJiDvSvYhBGCHweSlXJFp6+AQZ1RP1JCAbByRUZuky9xDwMJAlPKVi4yFqIim95iO9pdvtToxP6K4vXCJbI620kVqbIpR+GaMRxaWVQEjfOAo38FETZSIPirxgKmTM0IAky/PCn6YS+DPiAn1SXPoQ2BbZ9KwqqERhgR8MF4I7gRtoX4TiVaWVMBQmzEkW6A2kt3e5yfcRRmtim10v8P7LlfJ0CIIgCKKXyy67bPny5X/729/GxsbY6rJ48eInPvGJT33qU5/5zGcygiAIgiAIgiAIgiAIgiAIYp3Cay+5T59xhL9BH6ZbuLJ0pYrq6/5q0HV40C5zEgRrXxIKGux2e5KyQCmZ9RAUc71di1PDmCwf1EdwxgZX7Vm/cnBtryrVDaUWgvcZYh95QN+W+2gduNcnQINjjzwysmjRgkVRDLV0O/VlIxuMuQHEtsD/dNFfFiISokCDHDTRwENQizT3Dg91xtor5TutjF/vfe6a6nkR53kmBGbNlEYmOJhQd8ICt5JSdaFQd2JcPxRHfZfXnQTuJuWwjXap3M7K41lR5O1OW44psEwpCsEXNZupsRuRUnG3ivB5Y+bx5+G1wq4G0hluFDKMS30YyD/0F+c5upiYBy+KRcxYVX1mNCjBwO3kGuGSnQqcAn0h7h8Du4RUOF3MSk8iZa4H0hOW6Y1JksRxvIF7fqh1m/jzmISmjiAI4jHA2NjYf//3f990001sjdFNXW249NJLX/e61y1atIgRBEEQBEEQBEEQBEEQBEEQ6wpXXO6fTVMHwjikME4E9uRqO7aQ3KcZnwfC+u9TvjGunN0C+J3IUgfDjbQh1J34ynv5wjYY1M0FV7Layerwy8H1dk6V2ReVcv8sE1VPzOgbqNIX1AnAKVIWik2tGudR1Gi14kbKg+648bL1SCmB4DDJjEdoUCOiiOdmFHDDIJIFvXB4XXKi5uxIMrgnZZdYRYS0pi2b76p3U70D9RfxdLuth52maRRFvV1x6o1QgVE+IbBLgiiE88JsMBEzUlYvWRVMoUdNOQ/WtES/iONUP7RZlo2vGOu2O512e8mSpSMLWgLdgaxJkEB/IVYo3ycb5MNVX2VWJCK9RPXeOI51P4siN8lTcLRuRvBUtxtFoDuxD7EJG6o9PF5/Y0VYZj0JfyRi9jvDFHT3MXuViMFQReihgeMJSFeU/krhurDDhuysWwWKs1FCIc/gw8KDCYIgCOJxCSpOnvKUp7zwhS/caqutRkZG2OoyNTV13333/epXv7rmmmt0syeddBJ7vJLnOQhwCYJYy6ybZ83YZwpGEARBEARBEARBEASxYaN87ZOXNetaIRTq+D0SCszWwd1BrImzLxHlljqlYERWt6pAO+Ljc6SL/TFqDwnOCiKKTMVZorhFuXPQWsOLNgLflIpVS6/uZAZWX7gwq3pHVY4N41rwwjiyIs+70+321FSSJFGa8si6rHDj/2CGvH7+Dao6M6gHYCISSso4iYsiUllhdT/cD3CeNCazdWntmSBYr5y+2SlVCYHQN226PdXpdPIiQz0TTJDgIbW3wXYDJNSYP+1DYFUXrGfA5fsq4U4JvinF1OTkow8/+vBDD02OTxaFFHb1+EelMoMcFWSqdxa4cO3DazB0sWE6hSEzdNtd/QpSdSRcnjsxEPOfM+4qojoRzGpKPNJmZeHVIWYLXFbA58ShGyik1P/yC9ftdo3+xI0pfNRU9Wv+4KZj5dv+0iSOjy9JTQiCIAjikksuQcXJW9/61p133nlNFCcafbpu5IQTTthrr71uvPHGP/7xj+zxyvvf//6DDjro29/+NlsL6J+1vve9791zzz1+y8TExKOPPspWC/1z8gsN+gUj1oCPfOQj73nPe1asWDHogOXLlx999NEf/OAH2UbOO9/5zre97W233HLLkMdPTk7+6le/GubIz3/+8295y1v+9Kc/saE544wz9MdX387cdtttJ5988vve9z62Zjz88MP6cf7Xf/3X8fFxRhAEQRAEQRAEQRAEsRHTvz5qcj9UXVPiiuh9bB+Goa/Viq62w5eRLXBfVcc/8VrM16mty4Ut/3JrNVCWxys9ZWsA+rLM9DVMI7b2bnvrXzOrnIGKuvEJ4Xm3256cnJ6ayjodBcV0nHkXorKWlRyzjcJNv/sSkYjiRCNKgw/nOxKujbXA8FqiyllD3zql+smoeP+zYimLLOvCkI0+Qo8/Mmop9DhxOF+TnpF4tw8j2YCIHcXs0aUsI3SbCfKqfCO4F6xEYObR0UR1O92xFWOY+7NgwSgYAVkZkxtQMKJwdH3lWtyFPukGdR1CH6C/W/OSCLRnqZ6A2CwFqVBPVorTgkbKTKme51VVlWLcycr8w69XGxM8Z1bzgqekjUYUR/Xehs2y+WQ11jVfmw8DQRAEQWzgXHXVVfr7IYccwuaVQw899Jprrrn66qsPOOAANnd+/vOfT09PszWj1Wq9+MUvxtd//OMfv/71r7P54Nhjj511UFNTUxdddFG73d53333ZavH+97//5ptv7rvrJS95SZZln/nMZ/T0fvzjH9dbVq5cecIJJ+hyuC7Yb7PNNmyO6B/YHnnkEba6P8QTnt/+9rf6Xhx//PFLly7te8DExMT1119fM8y46aab3vGOd8zcsv559Ze//GXfXTfccEMoPxqe/ffff+HCheGWBx54YFDMlu7As5/9bHz9P//zP7///e833XTT7bbbjg2B/u8CPcDly5dfccUVp5xyysyuJPpzQx925JFHsuGYnJw8//zz9ceFfih692622WZ/+tOfOp2OfkD0a7a6/OIXv+h2u0984hNrM0YQBEEQBEEQBEEQBLGx4AQcrOoTYncyZl0I+IzeEmWSRn/LE2+voKz7QZCKEpTUmfP2sHkftld6lxS+dMy9/4rivSVt1lPc761rs+GZzarA+TnMeIyyHWOVnprKu1eV6D+EAu3C9PRUFCtdylcqaba8YkWh1mD9/zMt9wPixn5CxkmUZyhNYuscNZd4nfCoGVZBKZ+ZsQVPnKaJ7ken05ay0CcmSaq3gtSD4wKCzCfsp7fxwBWskVLi6ygS+qZLiKEBax9zMSHNmTzMlLIPWmUZ6xuBHQY9h7mULDDSR+VZtmrlKtSatEaaPNadkc65RDiVEDZTCNO+LJ9W5YOS9CUUBNqYoB4BY5SGopDdToclCT6WKUvjJNHdhiwc461iNClSoIkSRz1NmbDD0OWEKew5E+FnhdObhLeZ6xHEKWf632Sl8TvB7ZylVrvjbZSiqHJHQdFTalnYGhMxr/jBQbDwNtXWlwr0Q+tMgDLMJ918dUb1XCzcQNUlgiCIxzl33323/r711luzeWWLLbbQ3++66y62Wnz+859/+OGH2Zqhi+JedPLII49cffXVbD44/PDDZz3mt7/9bbvd1iX53Xbbja0WeuoGiU5Wrlx5zDHHfOc739FX0YPSV3nrW99666237rfffoO0Dsg3vvGNiy+++Oijj37e857HhuN3v/vdt771rec85zn/9m//NuvBq1atQtnxkLRarWazWduoW7jqqqtuvPFGvQAmJyeXLFmybNmyvffeW8/kMD8a3XPPPXoq9Kp+6KGHNttss6222mqXXXaZqxDnzW9+c1/Tl0996lMzz/DqoX9m1oNdsGDBk570pL4HLF++fIYfHX/0ox+dd955bO5897vfrUkorrjiive///19D47j+LLLLmPmLn/mM5/RL/QP/K9//etrh7397W9/xjOeUduo/8vr2GOPfc973qP7eccdd3z605+eQbqBarPehTGIX//61/qUXXfddffdd+/dqy/0kpe85JxzztGXftOb3jRck+yEE07QT1m4BT8nr7/++te85jV9T3nWs5513HHHMYIgCIIgCIIgCIIgiA0GVAyECR42FwWcCSuS8iYAABAASURBVIKSdmAHAfnCuu5cGlpUiqdodmCpRIKUL8tLYwXYOhgIVopVlNNXFFCVlspZg9j0DF2W1++s/4MxdbBGDZjmorA1fC9LJU1/vwYQTIQhQawqMsCiMWdDuRrULsD7yVyUzQeqnOVMKxRzpi76qM7UtD44ikXSaIg80xV8HO76kZsot1oMuqwvmVkqyuoiojhSKimKWP/jLVizBLojfwv66yTWjJklUP3GwXoscNyOWsvMPgTc3rjgYWFeEuUfFCBuNBpFket/Fc2ybHp6CrQXKehOUAYBXRQovrCXcGudYRZP6eshuIAnwxmf+PilioSqvx5GVReybsloLCL9cOqCBDP/pFnIxaMLRox8BBYUr43bzaaAHko7ZncvheDmQ0DfdttN/UCCQkUWeaF7nJtZEhnP9J9xEkPSjlG3RByDsyqCD/yOghvXf/NConhDuM+K+m3Wf0RCJDxmxmdFX1vqb2Y7pFKJyMR9cWdVw8MHeK2qPWpPPCMIgiAIwqFLyPq7/nmJzSsY01Mr3A7PEUccMTExMfMxl19++W233bbtttseeOCBfQ/QVXz/+uCDD37uc5/be8yDDz74ile8Yqeddvra177mN77hDW/QLetC9eabb957SlgOx9nr5Re/+IX+/uxnP3vQAb1t4g+oni996UuV/4pj7G9/+5vumN54+OGH6+N1Xfz000//+Mc/rn/KvfPOO/XoPvKRj2Aj+ode8J/r4Z577rnmmmvQ1GRI9MH6FD0/wxx8/PHH33jjjWxo3mTwb/VPj2efffZ3v/vdvvE0m2666THHHHPUUUcN8sl46KGHPve5z/3P//xP7y49Of/2b/+25557suG49tpr4Uf0HvRUs7XGLrvs8pWvfKXvLr3CZ0g+2nvvvVHqPVcWLVpU27LVVlu98IUvZOa+X3HFFXrOvVWPd2fRk6xvUKvV0mtMzzlu1P+xgOlOtUUbDuEb3/jGO9/5zuXLl+t18oUvfGGQ7mSuopOf/OQn+vuRRx7597//fWxsrPeA/fbbTz/Lt99+e9/8Hd0NVMiF3HrrrQ8//LD+VAz/C0V3aZWhdnBu2HnnnRlBEARBEARBEARBEMQGRuBuMgd6XCVsxbxvFkftel5cEfiVuFZczIePobFVZ2kdVkx9vIwWwc7rKjjoTryUg/OB3hThr9z7zWydM9uMO2GK6k532slUnKRJnCghmQls0TMi5fqvZQd3wc27kcuICP6RsLCmOBWDGLs25qPvgVpjzdox3/lMF7JHeMUJK7Nf7Ni9JCROktgYnMRZVuh/KTYDVmmqhGiUGgteakhYVbRSvgBVlSjlJrgFn7CyZ7ZrVduWYERuxQs8gsO/zLY7bbbStjQy0oK7pZjvktdmOAcUJr0JitGdWO0R9E1ymxEFRJEeOJfSJt3oAwqwPpFN3hTG6AX0M/gw98p+3L8sh+M1cV7QpP3I4PhPz4qH06QYSEviRDCeKfhd1SLLbcpWwiK9kztPlfXwlBMEQRAEsXHw5je/eeYDdNkbhR0nn3zyINFJSGLo3T45OcnMjz1hCRx/ClqwYMHMURrtdvv5z3/+DAd828CGQI/iFa94hX978cUX//d///cZZ5yx1VZb4Zapqan3ve99+kdZfdiWW27JTIDRj3/847/85S/69WGHHfbe974XQxtvvPFGXdp/17ve1Vdks8Gia/wnnnhiqFnRNf4tttjivvvuQ6mHPuC//uu/fv7zn3/uc5/bZJNNaqffeeedRx99NN7NOI4322yzRYsW3XPPPShduuiii/SUfupTn3rWs57FhubCCy/0P9Mfc8wxqxdhsw54sYHNB08z6BfnnHPOFVdcccghh9Ryf/T861WnHw29sEP/mK9+9atf/vKX9Trcf//9BzW+ww47nHXWWfrRvuGGG3SzeoX3FZ2j3GdI0cnNN998/fXXj46OHnzwwfr+ogClLxcYere/6EUv+sAHPtD3lPPPPz8Urg1Cr5NTTjmFEQRBEARBEARBEARBbCAENW4nF2CV/Bg1uyzCuHEodOVgttjtnQvK+Ii6BsXGwyj7molS9FKKRrx1ivkT/iVWcsV9g9xLF1zVHQ9UWJEu/SJ6uh1KbKwtiqp0rXegbD3A3eBknrcnJ+M0aTZb4C7DhC6l91ilrG9ckhGktAhhJAncWKFIvCWqn0SmR7c0FPOeScLr8SfBQ8DCeB0+oD9OOmLexrgU9a2Kjf1GDqYnAjsdxymzMirug1icW4lyF7JbMM2mkmWlrHyiRy2lWJA7w3rddUzckZeUqEJOt9vGjkbyTZa2RkcF5lfhsnI2J+XDhmcFI8YuCxGjfwl6CnEBd1/pu55nWZabQKAI7EuY0v+MGyWx3i8L+GVEEQnVo3QLn0P8nUWlJEqszGcEpA/50YVPsV5nSQSN602ZMr/818300MCHJUl0GQAlL+hao5yTEs6Zmvv6GwZvm0RCF4IgCIJ4bPD5z39+YmJin332GUZx4vnjH/94++23h1vGx8eZkbB85zvf8RvRaeO8886riU523HHHAw44INyyZMmS3quMjY3pn22aBjYcNaeZ//3f/9Wl9KOPPvpjH/sYWk186EMfuuOOOzbddNM3vOENeIz+kUnv1cf8/e9/33XXXVFxcu21155wwgl6Zv7617+ue9HJSSedVPOn0T+DYj3+SU96Uq+QaPvtt8cXk5OT73jHO2666SZmpkIfedBBB2233XZ6UPoHyTvvvPPiiy/+yle+ol/ffPPNxx9//Fe/+tXw1ujtp512mm5ET7g+92Uve5m3jXnkkUe+/vWvn3POOfqOvOc97znrrLOGd6RYvHix/7nU+3x873vf+8Mf/jDoFBz+6aefjrf+Oc95zlFHHcVMBAwuPExp0bfsy1/+sn6x2267PfvZz8Zzb7jhhle/+tV9m53B5mQtccUVV+jv3uYE0aP44Ac/qF98+MMfDhUnF154oR7OHnvsceqpp87crH5evvSlL731rW99zWteM+hn/jk5naDK5JBDDmm1WjvttNMMkpdBkEMJQRAEQRAEQRAEQRCPbThXA+qjktmqfH23qdsGVhOhf0O4razqln4NUO3lJpzDbaq7jggXpiHR/iD3h6l6Dk5ZfDaiGeU9GbC+juYMPIx0KdM5Zst4qXR8/lADL+cTQBRm1hjfEJkXnYmpqXQClAyJ3icUd8qetVbV7p2a3otF4GgCN91rSoTuYqTr/EWR50YcU7ldJltG+K2rV+5fU5EAr2pK5tSY1/o46QL3ehObFAVOJ+a3WjPFzL/FSym73awwYotGg+u5wfikwFqk4g7k1R54gZr/R6mWqNye8gGqSKic95AyIhdsxhwMvkD6X5PHV63St1AqOTo6apJobBOsqhSrdolZjxNzuDCqEL0XJCzw1iRlCYjKgS2Qe2U0Zpyn4P6SzDDb/sMC4rsEWrxYIZvtjpTh7VJOfWJjgITQcysNYHeSZco67Zg0IG8pw+xE+KvOr4iJV24GqU4IgiAI4rHA9ddf/9Of/lS/eMtb3jKnE39p6N3+8MMPf/rTn65tDAN3EF3bDkUnui6uy+21Y66++uo3vvGNetcPfvAD71MyV84444yvfvWrX/nKV3R5/uSTT9Y/Sl1wwQX6J6uPfexjocxl00031d1+/etf/8lPfjJN0yc+8Ylvf/vbp6amXve61x1//PFsnVPTKLAgj2aTTTZ5znOeM+jEz3/+86g42XnnnT/ykY/ogfhdetQ7GZ75zGe++93vvu+++2699dZvfvObJ5xwgj/m4osvvuGGG5gxjDniiCPClpctW6Y37rDDDnpK9cyce+65a2hKcdttt1122WUzH7N8+XJ84VU1v/71ry+66CJ/wN///nd9f5mJkfKiE/0fba1Wq2+DfFbn0nlF//R+5ZVX6ovus88+fqPu/3vf+17djWc961n6P1X0Osftjz766Pvf/359m175ylded911uHGLLbZAP55e9AL+1re+hRqpvqDoZJjAr3vvvffnP/+5fvGv//qv+vsrDGz+OPHEEwdlOYVgrhBBEARBEARBEARBEMRjjNLdhNVMFgKRh7NYUGX0zYB/xRqw2fsagEUEV9Zeoa8wos8/kWHtvVQ5VOvp69owBL0qejeaP/qPSG/NOp325FSz1ULRgm1n3fa8H7z2Mor1P+ihnYfIWQZmFfDviLJS1R8qg2n2+7KGUoG5Th5nLkaHs95IHj+aOE4iEQm9ULNuzoXIswwsRYqi2+1gtgwcYfKH6n4k3lmElzZBzMgpvOjEWYAM9I0Z1Pe6YkhBPlM3y8ZWrsrzQu8dXbDADEx6xYlVbIRdcrYwMBA40jUPShEvSwPhUcIh6QZaxg8H3sU/4B9SffvVGQh1NjhMYYQwpftKMOluqPZ3QPF4/a/J3sc+g2kH6Qm2mTYbdg7Nw4cyNOzFPCpOQtb5BwtBEARBEGuFdrv9n//5n/jTyx577MHmzute97rddtsNX69YseIjH/mILpC/853v9Ad86lOfuv/++0899dSlS5filhtuuOGss86atWXdN4zqePOb31xTnBi/vTw2zNqO/nHoTW9606677qrL/GeccQb+dPTc5z53YmKi12bjRS960Y9+9CM9Cl2n73Q6b3nLW17/+tezjQdds0cJUbPZ/OxnP/uEJzyh72H6Xuv78spXvlLf+h/84Aevfe1rFy9ejLswlCdN08MOO6zvuXr7mWeeOT09jdKWNUEvnn/5l38ZtPeEE04YHx//5Cc/iaNYtmwZbj/iiCP2228/ZjQrP/nJT/R6Q1OTUF6zyy67fOUrX+nb7IEHHrguzU5uvvlmPQq9/MJwmQsvvFD/ML/55pv/n6H3rNNOO82/fsMb3jBDQtYMihNphPjM5CVtu+22bEb05wBm8YS2K8z9l8isePeaQdx3332zHsNcHhBBEARBEARBEARBEMQGQllpdV4BA4Qg3FsKYB2aOWeBXjAPJDjRbbcxNtU6rBps98GqZg1GwcCM0EQZyYkp3bvzwfRDWh0D86KAWUq+vobuuzFUgZj36bUbp/QV8NqV6lvCvBQXziL75aI4ZYYxeSiKztRUt70gbqRxHPFIlHEpa5PQgEb13899b7lxr9E3K0lSZj1n9KZC/7O3U01g0V+FEoj+y2mASURPgIyshuHMPhxvXhN4lLBZR8qDXbXjwwM0sf4H6G63q/9xkzd4nuHyzY0CA703CnNuAgeAVsMPyT6FRtUhQXsBwg54hY420mTMGNsSPaXc+5b44JjeOfLv3cMXPH1c6DWkN3S6nWxFNr5q1dbbbL1g4QLdK5nLKBGcCQl3zrTOlbNYsX5Cdv6k+9AwzZl/b0VtlwAzHj0EBvYneZGB7ws0CU8qLF9weRF9bzw+xrpv+gjdKFrohIPzLjN2uSn8ZLCCFd1/YdBvUXQCpiv64EgvysR6nwjOgmAi5SbS/yNvqE1bDUkKR6MmNvDZ5E6it+bPrpcBDdWtWVvzbjoadOseAAAQAElEQVQzHTPwxHmn/JAvX9hda/djjyAIgiAc+u+g973vfWsoHXjKU55y0EEH4esHHnhAf9fF9ec973n+AKz9H3DAAVtssQVu8Tramfnc5z53zz336Gr9K1/5ytquL3zhC9/61rdmLsbX2H333ffZZx9UmWyyySYXGvoeucsuu9x11126+L3jjju+9KUvZRsV3/3ud1Fn8NrXvnaQ4gTZeeedDz/88J/+9KdTU1Pf+973/EzeeeedzIhOBkkEms3mkUce+ec//3kGucOQbGUYtBfbf9KTnrT11luH2/16u+SSS37yk58sW7ZszT059O2++eab2RqzePFi78iC9M3WOe200/bbb7/x8fEzzzxTv3jyk5+M2/WNGBkZeclLXoJvb7311j/96U/hiRdffHHtigceeOAg6ZV+HvHnzMsvv9xPWl/OO+88fUN7t+d5PmTIzte//vW99tprhgN+8IMfhLKbQeincg3tcwiCIAiCIAiCIAiCIOYRzsJwEBti4fcGBXjuPEvwfdWawTmOMFvV9s4hrgos7YawmulCMnwd35p/WL8UV9z2CR5Y6rcBIfod5LMwWWDuj6nCK2tC4UwZYL/VuvDgEn5UyqlNFHNWLGqGnBUzFtWj8VDVoA5lo4h6HCVUvxb9Oaa3faUpKhBYwNsizydWPioiNro44ipyRhDlkcZHo7eTbK4VWtWvsFydvGAoKDMwdwdzdqAbnEeRWTmyowpI1DGlf4kSIW5EQi4ISQ3WivSdOV5/y51zhVB9x6kkU6UyxhvyBCNiFTnJoPq5F6OE+3tEMCxGYZbVPnCIG5qGlBmJU5DlmTtBeL8X7oQDZkFJ5vRQ3N5SmCoB60vYcCJhVrjbZQYpw0nxzbqH3Osn3IJwLibwPOqblqsVK1YWRbFw4cI4iWWu4MJG9eIFYzyQ4wQWIXgHlNEW2Rk2miITagOnw2eE/tdYxf3jksQ8FpFZBXbu8RLuU8OsEnM7TJKPS9nxF1bVMVZukgHtgLoGuLQykhelYqM7MTeCuc8rPujJ58NtV/1iqGZ94Ppo81YLo7uZ/XprRxOy1vAfyr2fp2zjGglBEASx0fP5z3/+t7/9bc2jb9WqVR/96EePO+64HXbYga0/li9f/v3vf1//dKjL82sobpicnDz77LO//e1vt9vtTTfd9MMf/vDf//53TJDpy1Of+tRtt932ne985+23337kkUeeeOKJgzw/NCtXrrz33nvDLT4E5/7770/TtHYwW8ucd955zOh+jj766FkPfuMb34i2KCiMQLbbbjv9fWJiQq+NF7zgBX1P1HPCNmyuv/76o446qu+uvjYn99xzz+te9zq2xjzvec/7xCc+EW75/e9/r78/7WlPCzc2m80jjjhCL0s85eUvfzlu/+EPf7h06dKTTjoJ3+q7WROdnHzyybWfzy+66KJBYo677roLX1x++eVsMA899NBnPvOZQXt32WUXNgR6RIwgCIIgCIIgCIIgCOKxSLV4Wi3dspkUGJX0D1XqGkwBl/lqLoOgDF7Nsqk2a2vWgfwF23V6jrIjHOUKvlsC4z2w6IplXmMXovzv/bt/HC7VBLxa6A0MAkq1hh1XpZdMWX8XvKI3WXBDLy0kjPShOnVWTFPZwl1YUKU71aPskHy7eoMsivZUm0djUZy0Fi40ZxRmoGXvV8OXoRc1U78qR1T7q0r5DDeZMDISIoY/jcTE2Fuw8ra6m8MHRe3wnmp+z+jKmeSzFKMDZ59SdxKOiPfTAVQMRFhpjjKDViAWoLaIlBFswPCFKAop4f8SpUNmAcE9i+PgH9lLHZK9MkqKnEDLPE4gmEB9Cfd3Z04mE5VHtxwkPHIT4+PoFDKyYDSOI+bFJkwyH0/FvH7FxAO5s2ENml/0VKXRkHVQEkyA9kjKPM+lN3rhLBFYGoHPCJzoUOmG8Tf+SXbPXdkH+0z6y1c/lbzZib5ulmX60my6rfc13AzEUZTbp7mcjV4B0dpmnV1oo2PwZw9BEARBrDt0Pfsb3/iG/vv6Pe95z4c//GG//dOf/vQFF1ygS92f/OQna5Xyvjz66KP3338/vtbVa2ZyAP0WfKu///3vf/c/jehTZm4Tg3X08a961at23XVXtrroH5P0ML/85S+vWLFCv91///0/+MEPbrLJJvr1oYceOvO5Z599tp4ZPQ/vf//7f/7zn7/73e/uq8L5kqFvC4NED2uP8fFx1LXorrZarVmP32KLLRYtWrRq1apQN7PPPvvgi9NOO2358uWHHHLIbrvtNkwwysx88Ytf9K9r4puHH35Y3ylvhLOGNBqNnXfeeYYD+u5tNpt+4H3BOKEkSWZOodpxxx3Dt3/961+vuuoq/eLf//3fw5+NP/vZzw7pIFLjsMMO88/Rb37zG92rGQ5G0xpmIn70nC9ZsqTvYWecccbExMS+++57ww03TE1NhbviOP7ud7/L5oNjjz12GPWYXsOMIAiCIAiCIAiCIAhig6FSdB6iute3PForXuNxPoLHmRKwWkm3PJb1vVJF01C/BA88GvjAento8aBYPX6i7I8pYEsw52BDUlWvDHF8n4PV0BPuiuoouoGwEdmenJpqTjRHR4WIVVUdtB5L2Lw6x9ATwaI4lrKQRaG7rf8Z1mgu7FGCh2eWSiaPt6lZK721lxjiyOG6EHY+9goMVJno141GWuhZwHAd84KxDk4FenKYJryOAgDNjurv9ILg+u59Avs8k327W0iG/kLu2DzLpyYmlVTdbldXGuI0BjcVFKR45Rfz3kcVUYjvGMNPk9KiRVp1EQQJ6ZEXXSNhweb02CPjdC2tmkQ5dws7wDJBpzpAzNyxJiVG14bTVRu4/kdb/N1Z9DthXTgeLmoieFjhvGGUExdFvDdfZq0+VMPcrMcRzlWHIAiCIDYEzj777DPPPFP/TX366ae/4AUvCEUn73rXu1asWHHJJZccf/zx73vf+2YVZ3zwgx+sbbnjjjte/OIX1zYObyOhf578wAc+cPfdd2+55ZbDp+f05dvf/vbnPvc5/WLXXXc97rjj9t57b/1T06ySF0T/TPX5z3/+F7/4xWc+85krr7zybW9727nnnttoNPwBT3jCE3baaafeE/UPybfffjsz+oO+Wo2ZU2/WBK8d2WabbYY8Zbvttrv22msfeuihTqeDozvooINe+tKX6sHquTrHsHDhwn333XefffbRE6hncsh0pBpnnXVW3+3Lly8/8cQT99xzT7xTq83ExIRez6OjozvvvLPuM5sjesa+9rWvzXDArbfe+opXvELfu5kPq/HVr34VXyxdulT3jRnBje5q+AO5XvCh+Yre5d/CD/lV9APrX+tlOYzoRF93cnLyiiuu6Otbo+f/4osv3nTTTT/ykY8ceeSRvQfo3rIhaLVaM2tK9LIZRro0KCqIIAiCIAiCIAiCIAhivdDPNILPcJjqm4KimGL9dCfuXFvBLcUGQ3SMMYzCGHiGFzg4vQKrKVpsog8r1Sac9w2YsGcNWfUtPSh8LBGW4ddKlRSDRZjtuy3xcyF06X56YrK9aGpkIZTOlTOVkNLlDfV2fB47qPpsKC/J7Zxbiw4O/xZdRLrPkK+jbysIhaQziAmkP6yMfam1PWvX51yy92tnzifO1Ga5Mwabl0iEOho9C3hEbrJ1nPSk4/fiPy9yN23KBsj0v3NVWxHbL1RdDBIxBI9xaeah3LneNSXL8mzVKt3JNE0XLl5krH2kizBCByIleKBACVouxwtBQHAZ06VIsQKlU1LanB1udSvwZ+T8TvQ7WUjQVeEKEpw5hRd3PbdKFNNUOQ8mXUa5iK3a8OFf/J3WR+/Os1yfqzcaDxZr1FJOjovdMRlRfN0YbfhxsfWqGlv/hFY69U9zgiAIglin6B8bPvGJT5x77rnMWFkcdthh7XY7PEAXjz/5yU+eccYZ55133vve97577733jW98Y9+m9t1331p8DDN1bl3GbjabL3zhC9mM7LXXXn279973vveCCy7Qr//pn/5pGLuOGXjNa15zxx13PNeg3771rW+thZXMwA477KBnSc/Ps571rC984QtHHHFEqDjRHGfoPVHP50EHHcSMsmcdZ47cc889+GJ40clWW2117bXXMuNS489617ve9YQnPOF73/seWpKMj49fZGDGEeSZz3zmwQcf/IIXvGBOP9194AMf8MefeeaZjzzyCL7eeeed9cRedtllv/rVr3SzbO50Op2zzjrL66iGP1Ffd8jsmNXjuuuuu/TSS/H129/+dlRi6afv+9//fnjYpwz+rb6JBx54IJsPMF7n6KOP/spXvjIoLEmvc/0Uf+xjH1u2bFnvXv1fN/jszMrXv/71vk+0R/dhUAxQyIUXXnjKKacwgiAIgiAIgiAIgiCIDQYvFxjmH55c6ZeFv4zuCs1haXwmLQuWVkWPTKRqu+LzajibqQ5rJSeB6IFzV7JXMtBqmCJyqI0ILVi8sMP1kM0A7+ktC+J72Pyaczg5iXRlcf0vzJEZYtbNplZNpM1mEjVM6bxqeFHt3/BynzXrbHlxqBlLrP9D3yDoJBJKOg0N9kmqcDZN/2vCJsnmFa81KddrkOcy8Kza+yFub8ycD4812lHMmJ009MZuN9Z3MYf/5frPLIMOpWnCGPxaGy8DYphTUFQeHhRbRFGED5603jFl1ky9t/20JoyVIibc58Qc9l50Ot1HHn4ky/MFC0fBiAWETXqVRWbiZK39QXYsgbBImAwd3YrAyxVZnuk3KoLHUqo4jnwoFT63RkTSZxSsZzW7Twrlc33wGP87gvpc/JVBmO4873Ta3KlzsAIEQwg+GKxVy9rXOah+HlB9zKAeK5KLcGj+ZeV5r6rOBPc6J4IgCIJYp0xNTb373e/+wx/+oF+feuqpL3nJS/oepn9GOu20057whCd89atf/fKXv6zPesc73tF72BGGcIv+6+3YY49lJkrj9a9/PZsj+ucZrzhhwY8KxxxzTM3RAd1Kzj33XF1KrzVyxhlnPPGJT/QDef/73187YO+998aEnUFMTk7++c9/9m8XL16sJ41tDOCP08yYWwx5yqpVq/BFOCf6x0t9+1772tdeddVVl1122RVXXHHLLbeAytlIai42fOc73/nCF74wMjIy3HUgz8jf0K997WtedLJgwYKTTjpJr7dPfepTBx544MKFC9nQYCO3GJrNpl4VJ5988vCnb7/99j/60Y/67hofHx+mJ1mW6aXyjGc8o6/7i7c5mZltttlm0003xdd/+ctfdFO77747vtUDvPvuu9nqgo47elavueaaiy66qO+glixZ8tnPflY/FIMamTlOyLOG+jCCIAiCIAiCIAiCIIgNE1179b/kr+RQBX78HXTunBF8lsZMp1Sr0mEJdVDB2iGqoTqVyxh7FemUCmXUBrw0JgWq5j7CbTXZtcZ85o43UmCzYc+qtOp2VDbU3DpWs2rqtAf+6tw4R5jLyaI9NTk9ORJBPZ0Hc8XXiy9A3ezEgED+awAAEABJREFUrBLu5pYbG2GjM5HGj4LV/GUCRYTf0v9Cq12C73uPKyKkWU8emphz0AZJ65YBA+cS/mEaDTb0P0bHRdTlotvtaHDwjYa+u0kos+JWeFFdcEH4DncZNLpBI02SoeoiNCBRPfE0rDKV9nKCR7qrwliP6EKCUcWA7qTRbMbg1CLhpioISeKCewEKryvIJHafOfGHDazRHzemfWVsLPS/PgsW4z/6K5lEcawHpPeJOLISJDgj8nor7+RjUpqkYCzd/tGRHafiTZhocdEUbHYj6oHo/kgZSZnm+bLp6QPbneewjQo9OZEquOqKbJKP3RPdv5x1J9lGhHKhSsZlpvxLRTEnXqroch4zQhyCIAhiA+SKK6748Ic/fM899+gf2/7f//t/Nb1IL8cdd5yuhX/0ox89++yzdUX5TW96E5uNX/3qV9dee+0WW2zxmte8hs2RPM9PO+20Cy+8UL9+0pOedMstt/hdunY+NTXVe8pKQ21jmFTSl9e97nUzO0lgkAqbkc997nP6x1Q9RXP1Mmm321/+8pf1f0GccMIJbL7Zdttt8YXP2ZkVPHKTTTbplY+kabq/gZlu6zt72WWX/d///d9tt92mt+i3+n598pOfHCYzZWYOPvjg8847T6/PL33pS//xH/8x6/F/+ctffve731100UXo7KL7+bKXvezoo4/WP0i//OUvrx2s14NufMGCBS960YtquwZpj/Sc6Kdjhx12+N73vjdz2st73/tevWLf8Y53vPa1r63tGh8fv/TSS/Wz9uxnP/s3v/mN3977w94rX/lK3+0DDjhg88039wk+uudh9NWcuPnmmx988MElS5bssssuL37xiy+55JLzzz//pS99ae+R++6776BG9PC/+c1vsvlAfyYMs1T6PukEQRAEQRAEQRAEQRDrkdAbY0htBHcJIJWt1mzAYDI0WF+tiduoCtnbCB6D3g31Ewf1RDBTaWf1noT9qZyDx/iLVzQd/nTeMxsuNiTMgWHBiIRJ2HG/qT9Pv5rv8j3KGqsu9Rd6eqGbIut0J1auiNJ4weLF9rqYa4OmFcHYelQBa8DgNqpFYSuZKBRE6gglJJeYZwLuH4r33iDOuT/f/IF6BlYTXay5E4RS4a3GFljfzCC2uvEqsdcxOckFKpzgLZqUoHoI1BedTpZleJrZKXxKjtnCnXrD1tpRcuGvVEo6IMYmstEzSnK3MdCX8EqwjgoHyIMav8D+6sdK/+vzo4+syPNik01j80/J1llI2BVWac1LQ8IbBr3VKwCdTlyYDwg8jCpJFrnuYq4bREMXfUgk9EcDup5wFFNZQRO3IV6KiWY2sud9I09WPNH7IzYfcEiBKqJoOknuabW+z9gP82KfongDY4vZxobcfIf8iQfIqRVy1f3irj+xyYfZhsEgp5OK9MwsBvcaNvq/SYSLapvHT1iCIAiCCJmcnPz//r//D00dnvjEJ/7nf/7nk570pGFOPPLII/Hcr3zlK61Wy1fWTznllOXLl/cej7YZK1euHOSh0svTn/70D33oQ8xk/ej6vf4RS78YGxs788wz/THnnHNO7QdlXQj/8Y9/rEv1r3rVq2oNbrbZZmzt8+1vfzvP82OPPXauopNut3v22Wfrnz/XqujE5+zMTFEUDzzwABsijkcPcz+D7vZll12m75G+y7///e//+te/7rPPPmyN+Y//+I9XvOIVeonqG7r11lvPfPCpp5764IMP6hcjIyNTU1O77LLLiSee6NuZmJhYsWKFXgYYh/Too4+ed955y5YtG0bOgvzsZz/T623XXXedWXGiecMb3vDb3/72a1/72ote9KKahGXhwoV6RPqp0euErQ/QMeiggw7Sz9Szn/3sRYsW6XH1FZ2sbTbddFPdB73yhzlYH6nvne4tIwiCIAiCIAiCIAiC2BAITUewFN+vft8b0NF7QCk4sHkXioftl/VoW5uWNtbDfwvbVzVNwMCLMvub8L4Qj4EmWLssTVx8jE7YRfeC+9+cdydy5v7swQlcSn8TX21X5XC5D0WpSCvmrvkwuTmVzkjjNYGSDr0n63SmxidaI6NxkqKkQbKKhwWfL63JHDpdSUJhNr3ECE4iETH9b5K5Mf7wa8Z6nqiKq4c3N+j10ekdzhyUIc4HBHtqmytnKJQU8Z7hDD2ZMahFII0GzDnM46G/cmvRYWQiei6SJMYFlHW7WZZxUJzEacpr0U1OzIG6E9iEv/2mAuo5O9L8r/oAsOqTbB9a7uffNA5bBHMJWLJQnaIzMT4eRbrni0ZGWoIL46fiHwOrcMI/cIBGtlJOE5wicR1AvyVKfiBEx3qbZ1076XESJ+CGYl2UBGquuM/i0m2p9Mn3tvbOeMrndNfnjoyjq+LohLz4x6J4NWMJ23jQdyFNBUufwJY8QW29W3731cVdV7LplWyDpeeZ4j3aRoF6OrNF9WRjEQRBEMSac8UVV5x++ulYpH/5y1/+9re/HYvxQ3L00Ufrsv23v/3tM888UxePDznkEGZ8LyYn695jmIAD8YWc9+7VpXdwgzOxjOF23RS+2GGHHfS5H/nIR57//OefffbZ4TFbbbVVrbUFCxYwU9efVaDQi+5brz9KyPj4ONs40dOydOnSFStW3HTTTbrGj3mLM3DxxRejRnz77bfHLbfddttFF12kXxx22GGbb75537P233//Uwz69Q033DAvopOddtrp4IMP/uUvf/mlL30JRUgz8NznPrcoCn28vlMnnXRSbe/555//0Y9+9Pjjj3/d617H5o5u+Wc/+xkz6VGzHrzzzju/5CUv+clPfvKFL3zhtNNOq+1985vfrJ8Fb1vSS49H47yh/2MERSfPetaz9PckSfR0/eAHP7jxxht33XXX4dvRt+Pcc88d5sj99tvvjDPO6LtLf3r0btRjv/POO/VTzwiCIAiCIAiCIAiCIB5D8GrWCxsaX/vm1TgatHrgFV2IslIDU6T2Nfdeav/6ZEvzrlytpK+qDxaweOnJcPRTokC1v9pcOTpWleOsHi5zomr94gqy+l+lp1eNdxcvjqM07GipsFkfBH013yK0CAYbDpBf6HfwJZn1O+Gh0sPKkBTanKj+Bena5Xo0FbMSTmjps1A7Yg2ITZwQKD/QHBnUFbAoWWAHwqJIKJXEkVQx5OMUeTHdntZH6hpDHCcYmBTk7KCCRPXtGu71h4HAhwll7Uj87ITWLlzZB686aMUwDUgZ2xXOCs5Et5uteHRFp5ttsskSSL4X3D+VqApRqnRe8dY0Nl/JdFkI7h4e7KRwN0ChVkZCxBBMAjM1GMGNfwlIVaRz+2E8yUeec0eyZbSW5SYhMo4u4PzaPD9d12vYRgiPkmSHZ8TbPjW796/FHX9i02NsA0bwnsAt81Eu8C+GdayeIwiCIB5nNJvNRx55ZNmyZaeffvoBBxzA5s473vGOFStWXHfddc985jNxy2c+85naMbqYfcwxx+gfFL/3ve95BUPIySeffNFFF73rXe8a5LXwpje96dnPfvbuu+/O1jKnnnoqe+yy//77//KXv9T367zzznvZy14288H6ZuELf1MmJia++MUvMrNsXv3qVw868SlPeQq+uP/++9k8cdxxx/3617++9tprZ5XLeM+SSy65pHfvX/7yF/19u+22Cze22+0///nP4RbMnek9/dJLL33ooYe23XbbGUJnQt785jeff/75P/3pT4866qgnP/nJ4a5WqzXzufpC+vvPf/5z7xuUZdnDDz/sl+iQjjW96JnU5y5evNg/8i9+8Yt/8IMf6JsbegjNyvT09MqVK+M4nsH0Rf+Xju62Xjm9u/RG/Z888N9ZjN199936M2Trrbfea6+99Nt///d//+Mf//iJT3wCZTEhuue/+c1v9OcJIwiCIAiCIAiCIAiC2KCo/mI5bqr9WTWFqNZ++cB0noouRNUTOYKgG1uuHl6lgVV4DC5xV+GlziPQlKy5+MO3x+f4C/bzcGl7SVRgKF3BNzV+Y+kiWZHl0xOTSdxMGqk9JLgv66VMGw7ZKCCYNE4FQvKCW2UQrxoWlMYsTK2zXlfidfzGGY5ns91+tytGbw99AXTpMBY0QhijGojXMaILWURGjmL0NSLPulnRKZQRYbRaIkmSmqKKsUpwkd/l3VO840hpfKKvIlBFosLR1tQnvv+YXwNqICZdag+IP7IsHx8bk0WhWx1dMBolkT/P2K7oN0Wgj8F7zMMEHjcKfD5NzhJj2DOYAak6ehRRDpqbZkMDhxUKlw+0t3Bi9Hn3R4vmJ0xnTkTifp68I8v0P2rvzDZOeJSk2+2bMZ7feCFTBVtP9DePCj8plNtiIqI0kRRZnqd6PTAe/n1UsZAiCIIgiPlgzz33POOMM/bee++lS5ey1UL/Vfbe975X1491nb7vAXmef+ADH9C157e85S19FSeXXHLJRRddtMUWW8wQu6N/9FrbihPdPvrqDcMgn48NnOOOO+6CCy7Qd+Qb3/iGnu0ZXG2uvPLKq6++mhkzjD322AM37rTTTvhC37IZRCd33HEHvhgyp2kYttlmmw996EMHHXTQrAYtM4Oik1pg0IMPPnj88ceHW/SoP/3pT/ee/uMf/1h/Hz4fatmyZcccc8wXv/jFz372s5/73OfYXLj33nuZcYvR+I3T09O//vWv2Rz585///PDDDx966KHMPI9f+tKX9ItXvepVXviy22676Zv7hz/84aqrrnra057G5sJ//Md/HHnkkYP2Ll++/A1veEPfXWedddbZZ5/9rne966ijjvrTn/6kP4h0D1F0cuyxx+o+6136Luy///7+FP3D8Mknn3zrrbcuWrToX/7lXxhBEARBEARBEARBEMSGQ2DB4DcFe4BKeXrokp8KUj5quSFuVxnro8I+zKWm6K0XuIJqNUdvhZ6L2q6z9VGwDDU3rJRczECoBnB/lnVZkzsC/yA8tWoibbT+f/bOBECOovr/VX3MzB65E3IQQhIChDucQTlEVAiXoCCXHKIoCCiCXCIoqCA/4M8tICAglwiIoCA3AnIECBAgIRzhvkLuY3eu7q76v6rXXVPTM7M7m+yGoO/jOunprq6uq4fZft/9PuUQ4bh2mp/PgWRsq2xmGFpdSI4ZUxg6ZGjdAcpn0LTGqSgrGIofejhJsqI9aralda6xAoNnTvWKhYJyCuHcdZXKxFWiEKEmSyqZCdeeIioDj54/FW4PdLakIIQfxkqO47ku/FiDmAyoZXmSXBVHV1akJZjTB3UnmGqHx82r1pdYuptUuisUiHG0G9KZpyBAsmzpUohAhCJsaW3JZXPqSIyRDSW5oLQxBR7TqhonToaFVXKTDUtpTqROW4WtLQmVFQgqVqvZdWOnFq/0eSlOEIeXfP/sIDgPHpizLyz+mM3c/quVX75TFjvZqoS5b+NPDa04gRshLAeY2B5WuL5XnFS6KIIgCILoXXbYYQe2YsAXmEaKE+DWW2996623YOP2229/9913t9hii80339zkxCixpMIAABAASURBVJk6deppp50GXxtPOeUU3/88U/sdffTRr7322r///e8f/OAHuVyubpnFixdDaHz77bfHREJfOEaPHr3XXnvdcccdc+fOPfzww88999yRI0fWFoNJgdA+bh9xxBFmf3t7+8SJE19//fWXXnrpqaee2mabbWrPhS+3d999N25vuOGGrDlQD4EsXLiwbpmddtqJrRjz589HJccjjzxi55Hp16/fHnvsYZccP3587enPP//8E088Aat09913Z02z//7733jjjTCkb7zxRsrspGvQyOTqq682WaL23HPPYcOGmYw8999//yWXXNJtPffdd9+ZZ54JtzkO8l//+leoGbq833772cUOOuggKHbppZded911bKXw8MMPw/db+ECoPbTRRhudf/75xx577Mknn3z99dePGzeuVCrBV+JMJnP66afDHXreeefB6upFVRNBEARBEARBEARBEMRyUBuht/d0HdmTdatLMr+YjXTllSC33mNpL+zIYzMNYLH0glWdwtJvdaCf29KTdMjSaFCajmTawfu44sbZbIz9BLbM7F5u1YuO6yutghQRbMiIBaViMV/I5nK+k8VcPFJWFBArI0BbT6hheq1VFnp1uI4TuY6rFAZSaKWCg0si0aIkbjI9CiuvYJrvOBcMQw2E2VV9iTiTTLM3hVfoLGQyvue6DnNdz4PGea6ndRWRlnBwEQnsLibiMT0JFGXHdXwf5jjLUajDYyGPiK+iVh12WsbaKrUCtaeJqsRRUg+dPUdnmdK5jASTDmNxHhx9J0rrbon/mFUJQLhEHRiKfnBUlUZEmZ+IZUuXlkrFfgP6u4OcTDajfFyE1LIUN3ZFSe7ISMlKEvMVVb/Qk607rWUlqEvRgiQesUh3n0WRKBXLcD6s5ozqsDrYtuOHn6PiBFG6E++0ILwUJpd9YXEGjvY3/lb5uVuYlRGpPrInR5MEWTK9r3sqHjhMrwAtnIK7IwrCoFQOI/U/2AkRLxfuJ8eJtXu4dgiCIAjiC8V3v/vdLbfc8rnnnnv22Wch2H/vvffCzpEjR26++eZDhw6FeDx840ITC/a5EobhxRdf/MILL3R0dECou26ZK6+8EiPltkjii8Xhhx/+zDPPfPzxx7NmzTrooIOOPPLI9ddff6211oJvHfl8/vXXX3/xxRevueYaGA2ms8PY4gzgjDPOOPjgg+GL+89+9rMjjjhir732gknEQ1EUvfXWW+eddx66iWy11VZ1jW3qYgtNMPVkX/D444/jBqy6KVOmGOOWwYMHH3/88V2fWyqVzjrrLNj43ve+Z7rcDG1tbTBKN9100w033IA11AIjv2TJErwK7oE1BnM0YMCASZMm2TaQ8DvUaquthm/79+/f7dX//Oc/X3fdddlsFrVlMOmXXgpf7NkPfvCD9vZ2u+Tuu+9+9913T58+/aGHHvrGN77B+piZM2d+8skn48ePHzduXN0CW2+99bHHHnvBBRdAF2DVQcNOPPFEWHs//OEPjzrqqEsuueSUU0655ZZbunDrIQiCIAiCIAiCIAiCWNVA+5CKsgNDjRXZB4aoeVPhf8fBUH8s2ZCxaEDVwpP8CbHdhd0CK+qvzTLiLCBxS7Q2wHFV1pnE3CFOw8Dj3DQqWp/OBIQBT4EuDKzKKqSiLUnKWqoZNIMwlhx2p21pTSyriJUNRuLSTMhU1kRxoXuVcKtI/h/yUmdnMZvxM77jOqL6LNR1dBdj1vXJhu3otqF14ShXSMbUAVyHR6ikECZLjJUxBgcm8cpgjqwKjtcLdbPmjF3slDL1jzPZ5fTolV8lmapTXbLtBaWS6pDncp4RnoCnor7nwRJzXDdSSWpExCMpVGoZdC9PTEqURU8YBOVSsYPJ1pYok8k6jm/EWdyppxaQMr7vUCqicurAhdRCgRB9pO8xpTtRQg9elWin0uJ43TMu7EUn8RY1WjDJojDKh3kRqcoGDOjvtrU4tk4tHsc48Q5LjGwYOqboilWmIaFVKDLxNVIaHJS7KIUKjE+xUIRBCqNsJpPpv/ln3mpu0lH56ox0/1taxPDVnP59r0pxnKWue20U/Yh9kXEHreGt941o1gOsl2heH1bnPwxJKqbkvwTJbqGcdeBGKBaLWoVVDoNQqeo8z4V7ytUaqR7o0giCIAhilQD+U7iuBsUKr7zyysMPP3znnXfec889WGDIkCGLFy9esGABbLDPD8/zzjnnnIMOOuj222/fbrvtvvzlL6cKvPnmm9DstrY2CH6zLyxDhw69+eabf//73z/wwANLliz5v//7P6bnCPbPnz/ffGGG764/+tGPahOjTJgw4YQTTjj33HPhS8uVmoEDB44dO3bp0qUffvghzC8WmzRp0gUXXNB8uqKpU6ear0zf/va3P/jgA9bbQAuvuOIK2PjFL35x4YUXnnzyydDClPCiC/70pz999NFHo0ePPuyww1gPOeCAA2699daHHnroqKOOMrYlNudp7D3PPvtsqVSaPHny8v2FAcxOoVCAjeuuu27EiBHnn3/+xIkTOzo6oO9hGG655Za12ZHgQqeeeuqBBx549tlnb7jhhnUtcHqRG2+8kXXnXgONgWZ85Stfge1PP/00n88vWrQItuGT5Omnn542bdrVV199zDHHMIIgCIIgCIIgCIIgiM+Jal8T2fCoZc/B4/wucYg73ls5I0me0t0VMRDNMC+HtHZrVYiJe2OCDruR1jstU3AwTs6qTCpiJUjsSGLsUOzGVhI1xKoMFc7nlRqqupb4lDBmiTc4+jaY2HkiweHprDgV6xGrJ6kUKY2GK2kET6pQKWmM34W+OFeuF2V4mpb3cm1Z382iAqG6JqdSXbMsz2M960z02Yg9SFCHoLJkaIRyt1C6E5Zkj7HnpibHUzfD1OQTSFsj1XXjZb2dLFlM6T31muFJGQVBiUkfJgw67Ps+vDja8ATewtNPNQphJLTGwpidOE6cSASi7KVikcd6KG4s1o0dkCPRVoTZuW0clcRH2tY6kSqpl44QEKsXUo04T3Qn8cRIc/vISs+qu8SVkUm89GFW84W8mC/gQa1kA1tbW9WUYr4kdTs6QkZKK5Q0E8U0WoDE9P9h9l2tRZKYF0ho5Y1uW3x92FMul5Uhjl9YbdOoYsQi2K13TGb1GD3604P2+6B56cnCReG77zlj1hDDhvbAucR1noiib0OQgn2R8cdsJjoXyg+eZ58XkiVpwtJHUPwlI1hEAm6Ncgn+Bz8BLDZYFSKb9YSv7ybew48zgiAIglhVgP/Avfnmmy+99NIzzzzz/PPPw1v4T9vXvva1OXPmTJ8+HYLiF1xwAcTCp0yZ8tWvfrVJKQBUAqHo2v3Lli1jWmSACUpSDBgwoF+/fnUrHDRoEMT+Dz/88N/85je33nprKmfQueeeC/9ZhiB3k0YX3/nOd7r4vr7XXnvV7lw52fRgeM8666zJkydfccUV8+bNw+viBtPfhLfYYotjjz025XFi2HvvvTfffPOLLrroySefZDrlEMygOTp27FgosOeeezZKUdQtI0aMgHG2bRFrge9IxWKRdfkbkVHAIJdffjk0daONNoLmwcqB2TzkkEMOOugg1gRvv/32DTfcABunnHJKJpOpLdDR0dHF6cOHD//GN75x33333XTTTXVNdGDQbMVV//79L7vsMtjYbLPNuqi2i9Xy0EMPQWdhA6bynHPOgZUMN8XRRx8NdwRs//a3v607buPHj4cBuf7663/xi19cc801ntfU7wv33nvvzJkzGx2tmywJyj/88MMtLS377LOPvR9+FUqVhE8D3Jg2bRpL0h6hPma//fZDx5oJEyYwgiAIgiAIgiAIgiCIz4M6z1jsPY3sK7AIb1zJclHtv4CSkG5q5paJiN0O9bdkOtat0+pIgcFuWZXBR1bbehgxTddt1CVlqgGpAZB11R0V8xTbqqUpn4CuZBeJ50kUimJnvtCWd/2s4zuxXUxywc/DE6BKQRJPLk6TllXE3hwuenPEEqGKQIcZ4YSxn1nhTqQlFbUHm6KZ5e5pDx6VJAQeGcICRHcTT+XbUU+N0RFaZY4JI6O60IdU2YyfgdmDUHsQqEQz2gSEVT3r5In7SGzuU1lvRkeidC1KBMK19EfCPaHuA/2/isYk5XrSaGgShQoKpZSHimAFeLq9WB2KBomWllw2k4H2q7woUaT1RI4QodVelEehUE3Z1yTGJ5Vlob1YYMRkvDbgGXoQDvvSUifTkmpPW1t+32+/gtthyBYu8mbOGvne+6tff5P306PeZ83xwYf8b3dt9c3dnh/WEwEJjK7nXRmGp7EvOJl1vlKa9xYrLGa9SjcKsVqJSXJC1Sem/piGBZ/JZpWhPYdZjoIgzOfzQTmA/dlsLteiM08xgiAI4ovKgAEDlixZAp/tra2trPeACrFytsoA/y375JNPIML94Ycfzp49+6233oJXVAkA66677o477vitb31r8ODB8BaK3XPPPRC6flZz9tlnb7vttjvvvPN2223Xde6MRYsW1ZVuILdpavf/9Kc/PeSQQ5jW+5qQdqrx8+fP32233ewvovD1D8f5kksuQUGAIZfLPfBAHTe1BQsWsMbAJVivkslkMDDfJN/ULF68+E3N3LlzYTqGDx8+efJknJcuGDt27EUXXQST+/7778PrnDlzBg4cOHLkyDXWWGODDTZgPeGggw4KgsD+1fryyy+vLfboo48uXLjQ18C8wDqB5QTtHDFiRKrkzJkzP/jgAyh2xx13MC1hYTqtzN/+9jemEwbB67777guzf+GFF1555ZXw9uOPP4Yl0U+DgqeiZsqUKV//+teZXhLjxo1bc801t956a3MhmHQYNFyi//rXv+B1vfXWY427CYO8ySab1D166KGH7rHHHubt66+//vzzz0NLYIJqC3d2dj755JPwGfLQQw8xvfxqy0BrmXYKOfbYY+G3FfjYOfroo6HalpaW8847rwvV1OGHH/7ggw/OmDEDZgHuFNYEr2hYT7j66quxeUbXhWqSqVOnXnXVVSnNGczUyy+//MQTTzBLhTNmzJjDDjvszjvv7FruQxAEQRAEQRAEQRAE8QWjhwIU29SEqWeYQqsNkthl9yYXzBabGKsTO5IuKw4osoFgQJizG2VNsS5Wb2/a2qSqorRcgvMeJKSo3wZeJRXQwgF4H5TKhY7OTK4l47Q4KgGFyXTi9IJio+fNtIQjse2J3uCO0iRwlErE0h9UM0grrUtvI2X3YpHabE5dVdjlUU93TqlJoFcqZB6GsQdJRksy0K3EcbkXDxDqTiDUjroNxnyY0xAi7WHAkjWOLjH2tZVZjLQXH7d1VdpaRmuO8BJSqtMFi2Rke5yYc+OOpVNPGbcfZrvzKDuWMFyyeEkUBf369x80aAA899ZLLTIZeerUom2FYkWZ8uwJeSJn0etU+RZhYi3VkWw0cOM68RXPC9eeUPXnhl+a/MlFf2iZ89mwhYveHjyoB84ly4HDZzG2lLHuM8evynB/YHtSAAAQAElEQVTXd8duEc16mPUeNR99Dcuw6jVsF0B9k6fUWU5Go/xOyuVioVAOAtj2Qg9uFgh4wGLuxwiCIIgvKqNHj4boL0ToMcLaW0CFTEdh2SrD/vvv/95779l7oHkbbbTRxhtvvO222w4fPtw+BMNy5JFHHnHEES+88MI999zz8MMP/1vTv3//2267rYsAued5a665JushUC1uwPcuTEFSC/wHN9CkdsJrqVRi3fH4448vn2cJRNCnTJnCViIQ9d9Kw3rOGhq2YqAKpFueffZZVI3Y7LTTTrUZfN59990zzjjDLgOvsKhgRvbZZ5/Jk2P7QFii0Ot777335Zdfnj179muvvVZ7URQnMS2TuvHGG41qCoFTbr75ZvMWvsbtttturAFQw1//+tfa/bAaR4wY0dJSJTd/6623mE4iY9aqTTabPeuss1ACBXzta1+re7k//vGPm2++Ob6Flbxw4cK2trZLL70U7kHWmFwud/LJJx977LFrr702a4599913m222aXT0nXfeufjii1M7f/nLX1522WW2zcykSZPGjRsHc3fVVVc1qmrXXXe1Pzm/973v7bfffquU2I4gCIIgCIIgCIIgCGKlYckRVHqYKpWG5R3SIxuVajVG1TuI9KOipcGpGOqsakPTF00XRQlI79i/NLxoVd90lF+lpCjl84XOvOdluKN8NBJBB5dpRU2fYxlxpPbrHDsQURYqgYZkUZyQSMtQWCrTy+eBbKJAknSmYRnPc5w4/5FCGdEUCipWDnPh+z53cG4czLwDg6IcHXSVnGf0Y/3QlyqljjJLicJCsQC1ZLSbSKIniu8NN519KtadqFxRPPYyMcIfFMFAFVArzkSSWyftS2PcTap6rmpWaaiYkI72mQiC8uJF8BIrYzKqL1oWI2MncJ1GJ/FKUZ4tUqCtiR5nz/V0AQHnCg2sDKkbCUfbxha519Uf9Roch48csXD+/MEdHXLwoMr+t2aH777fsnhJyxqrL117Qjh0SKxHmf5K9Pobyrj7rbeHlIPFX9oq9H3V7Hw+evsdNvudAZ4XjV2zY80xrH+/tJ85DInjTBViJ/YFx1t9UvTBdNbZy39bbIc7quRLtpGVZZRVSaVmZIMwxK5SS3kODHULLAYPRSj5QhAGcD8U8oWyU4SdJDohCIL44rL99tvPnDnzvvvuO/roo1nvcc899zArD0XvAl+cRo8ezRLJRZNAOPnBBx8cO3YsBJLhdZ111uk2NoxZXYCTTjrpkUcegU595Stfqas4aW1tHT58eL9+/QYOHFgrRGge+O/sc889x/qArg1aumavvfZqMq3J/xS77babrcDI5XLbbbcdrKvakrCEUM0AK2SHHXZYa621YBvuODh9v/32s0uOHz/+Jz/5CW4Xi8WFCxfCa7lcjvMbCrHhhhuawjApKQcOaJKxhIENaE8qH1MzHKJJ7dxjjz3gdqhVk5x33nmwtKAlp59++vz586GDW2+9dSNVllGcAFDmggsuiKKoGR+abbbZ5rLLLrM9XRD4HOjo6LB/UVpttdUmTpwIF+pCdDJs2DAokxInwc4zzzzT3gMfL7fffvuMGTPeeeed2kpguseMGZPK94RCbUYQBEEQBEEQBEEQBLHKkjxIqbISqZYRpKLVPagbbRhYlUbD1C1l4hDCm7MGsUQqKpUIdzGZDoQ0HdZsFpGq+mr/Ij9pWHcdjQOndaQodc/k1T1v1B5ZyUQSCzqcWGOg4vVRhFYRpXwxk8u3tre7wtdSDgfTr2g3l89HxqE1FxJdP5jyNdB5ZITKOCMcziKWJN3BFCyYW4PFGVnSw2K8FHos6WnmBFm3KK8uwa2SXVzuuZ/sjQF19KERQg2C73vwoLClpcX3fYb5hbQwB50b4OmnlBFmxgECZXOiLFKE2i99PxPbaPu+0nNUKaSkncRIingnXltXi62I0+7gs2PVIi3vSOlOqnQqnNftrBZwqdZHQlXuuk57e9uQYUP79WuDJ57aqUhIp1KttMF8P3qa9VaEUpjKa6JTGb7b0iFbVFnuQ1dO/82WAwYsPfn4N+39YSgvvGztMPRO+fksHIogEHf9c+BLL6/julFLS7Gjow02vv3NFzadpD50rrp25PsfjJRKOSMcR57y82ltbe5rs8Kb/7oVvB0yeHFnvqWzEy4t99nr+c02TQeWIrHef0GGHSD/6WznldvrHur6E7PaaSnZqFkq0voHvYx4+hirEp3gp3ZlpVTWDyyMUrkcwP9LpaAchEEIE73699Vfi44a2ZMMSQRBEP97LOtQNgD92nszi02vcMkll8ycOXOjjTbaZZddRo0alXI46BEQAP7ss8/+9a9/QaR20qRJP/7xjxlBEARBEARBEARBEARBEATRx3zyqfr79n0vuCt9oEoYUau8qOg/0nIAPJF3EbGP36dLJoIQtISAn0oAXVolqyPjtVhBcwxe2qF2FfVXKocoMmlW4sQulXOq99h1Vu2OzMG4bSkDFa4C8nZwFcumWy5rIrTd6U5kYgASZ4GxktHoFCscg7S59vaBw1brN2Ag9zydqQjlLwJ1AisHnnixxEKCMELFiVLBaKVRFIbwE5TLYTmAQsp0gzuqqao8qg7i1opIy22M6KYeThOSEhmxusoTmW63VSpefVVOIl3oTeySXvwmXtn4KoIgZKyIQiHP80weHPQ7YUo8oRaT67qW44gb4nhFoVA1BFmN61dOtzUittkJ1oB2JjgBpjDm2RG8clalh+nOGKVPBcdx8XbFTFhwZ3V0dMJmFEX9+7dD8xztXOI43DQGvUywJtivtuMkO6r7QgjTHe66qI5pGeHWHegw9N58C41h4Irss3nZma+NWry4/567v2Ca/chjuZdeXudLk2fuslMeRnrhovCGm9e+/e9bDRjwzPhx/o++/+n0Vz667W+T99j1ha23glPUhe66Z6O2tsKRh7+KCXo++DC48pqtH/r3xM02fTPVAId/xP4rcNoGsxWmGdkcT17t/6TwRvd0xegKdVtqwcAqyeLHhL5jPNdNzIEIgiCILyqHHnrotdde+6qG9RLrrbeenaiCIAiCIAiCIAiCIAiCIAiCWBWp8R2p9TipCVjXSC7qe37o/+lTkkC5Fcs09hfdU0nPwrXqAoObSnGCh1n8J/WVlsTx7vp1VaXdqW5Ckrmmql+1LdXymXqKB/vk7mK3PFXAUu1ATBYC+5j8JCwHnUuXtrS1ZXxfqvg4D0W3xhx9hRYmiEjLfZTFCXekJVriWmwik5waSnug1TMsGdUkK0wvtF/WWzwy5eJTXaLuwpZ1/BzqlISYOBdKk6H7EKnq4Y0QYbkc4RDkcjkvkzEKLOi0yzzmxDod5dDjcKEFGqzM43FU7g6xuUgLb0GdilpYcbIeHG692hLFCTQYBh81H+hrokUdbqz/iOVQau3YeXDMRu2dnIwWThGXWgEAJ5fLweIlS7S0Kxo4sH9LS0vG9UXsY2E0MXHD9LX0enWcykU5ehNpeY5QHwGZgfUN1Ts7W6+/KW1zPWrUZxPWgoFWpyxdGj31zAatrYVdd87DRMCewYO8ffd+87Irv/T8C0PHj1tSW2ehKFZbbeHEdeai4gQYs4a/5phP3/9gVBhKz0stjSLrG8qz34rens0935s40Vt9NOtjnFy/sP8oZ+knbIWp9cRJZrWmZIMajLsVsze0BxLenC53cSXD2oBV7YYBIwiCIL7IDBgw4Ljjjnv22WdffPHFd999d8mSJctd1cCBA8eNG7fppptOnjyZEQRBEARBEARBEARBEARBECuR2MOgVsdgClTvMfoA1qz+owG2lINjWFHJMpT3gg4xmpg4HpXduYAkrTKJGpLwdnXv8A/nG9dQ3UBTq/WW6XQ92njDDsdzS45SIy+RSal6YoWmupY6pXqiYjsYNXRaWxNGxY7OUr6QybYsR/29gmWMw5TgRFkSSC64dCSqciRHxYnDcFps3YnAxCupKnGQa81aeE9VKenRM7qjeroTWbsA6ihM6qBEJ1xo5RRTmZBUM6N4KYdhWMgXRBTlGPP9jKnPUWS0bCPOOOP7vuu4Sn7CuU65E6L6pFQq4Vlol1K14uLmVkakYnzCYz2X9iCJU8bEPkBM2HYjxiil27HkzJEsgnO5w6HFnZ0FlRIoKA8aNLC9vc11Pa0j4br9oalSacq0DosrBx6uh0jvii1blCsKHPba6judtLXl99nrFfN28RL30zlt015c98JLhx528HPjx/kffgTLzt1w/ffKgWRBPBQDB7otLcXZ74xirE5MqyXnHH7oZ9j3jg6xaLH44KPMp3Pq523hrJflDtH8eaX77xP/eZQFcc1wx/AtJucOPNgdOIj1GZ7nlkdt1iuik+VAyvopx2JBoLHwQdkg7nM4tBnuDBduE9dhBEEQxBefyRpGEARBEARBEARBEARBEARBfJGJA8319nMrU0cFo6JICtrnNKsAiD0trBO17iT2RZCJlMJqIWMN0+skogXUWHD8A3kVuxSxyULsmVFj02Kd3TyVFBFVVhyWh4elQOkd6niiVLUHI/sYr1WyhWI+n21r87NZPZJaErDysuvEDbaT7KjJ9SoxYlxaLNHQmERIZj+rdLl3hjA185Ymo1GKj/SOLlZJ7bL0lE7EYUJAl1wtCIJNBxM4wYCUg1KopCWstZ1ls1lbHKSlJw4cTJrBpVdRgUQiYirzTFgsKrONXC7n+772Bapqp33fJiF7yRIHIXuUGfqO6P/Z8pdE/9G4x8bHAsUBIk5iVSgUUFUzeMigIUOG+J4XKiserNPkplJv1dUibcaiBVNKkiTtehsCVa67TsoEJb/OhOdvunXrfz04/pgjPpy3IAO7npu23nPT0ufC0DaqduGi8LlprdNeXDufb4G3mUzJdfv8phEwkX+5Sfzn37WH5LRny+PXapmyG+sz1KS0DGMrBafJD1qtjIqTgcW5wVR6HZ20TC9d1/G4L4TreZ+Dno4gCIIgCIIgCIIgCIIgCIIgCIIgCBvja1DnmFYBcF4JUGsZAWcVsxAT0U5XKGTEmqIq54lMHYlrZM3Aq2woMO+HSdCAgWxHpXJROUFEvWY0e7Gkv4mLSlwbN/VIq0nN+bM0ZUZi5DldOLXgVAntHlAsdOYKbb7O36JTrjRtGNN7aEEJuhUIKYQjHMmV/AXzKBlFBDp1SG2z4cbeJ8bmIFalNKBnTgec19mudTeJm87rnNv8+Hmu48JUKfmI6pfDBWdeJAMZ6S5pL5OgUIhtajKZDOo8WDIi5vpaKFVxJWGW7qRUKuFOOJ07LmtgwmIl8FGFtdqD29IT9DiJdBoeNQ2JPCkl/6msnvQoOJhuJ7EG4oFGb7sDBw5wXYdB+1ROH70W9W2DiiQOl4ZRUnITgR8GUCxuG+NCwCg2+VHCJq7rel742WdDpfwA18xmk95Yd53F6dFQra+TteezueFlV24JzZm08dtrjVsydKhYbZh3wy3DZ789prawZD7rDcqz3yr/q04GTAAAEABJREFU8Q9swbzKruEjnYnryzmfyDdmwTtv4gasj5Fu7/SlScwHp1lFwvqvgCVk4qkET7F+Dc1RlIbJ5aQ5IQiCIAiCIAiCIAiCIAiCIAiCIIjPG17lx9GNJkGH/3glIF8//0bTTifV1caBR5VBBZUtdSpqkI1BNmwFjy1A4limiebremrVG9JKksN5o7p5MlxCR7AdvRH/PX79JnFWd7DMcFcF9xtmNalkDmJJPpXYvUX/Y0wi8FhQLBXzhVxLq5vxuRN3duXrTlQjhYiCUKD0QjkWcDuOrPew2AIDHW7UPlfJZDAyLVk3SZF62h6jIGH1VUYVmUtNoqQmhUSAp1IH6Q6grgu6yZTwKVKWIlI6ScaZUqmIsqBMxldxdL26BObkcT1Hi0xghXnSs1aVjPRIRSIqFovoCZHJZi3ZStK9uNUytsDBzjFHRpFlgqKLoFmKYBGXqEGpjJeeEvOa7Evb0OBMSoGqAHUnLF3aEQYhMHjwwKybc5QsRvVf3TBw26iF4GgZm+Rx0ioljoKX+ONFDVbOcTtZcyxaHIWh19JSgHYOG1KGPcWSv9EGVQl6Zr8dZDL1T39uWr8ocvf51rRNNoJT8IctWdpWv7TMwUvpo49K778XfPxR2LFU5osi3ykKBaU0amnlLS0O/PTrl1l9jdzYcbnRo2vrKD3zVHD15ZX3I0ZlDj4ss976+E5VVS65AwayPkZwt/7N1fVCb+IU3kURXq3Qq2wYYZPk1keksGs2jlK814ykCIIgCIIgCIIgCIIgCIIgCIIgCIJYITirl0sD9RlqK4k0xw4UbHmoaEhi/4pYZMKrDyvJgQqjcy026DbCj3qLdAQUg+MqqwkG4HWVQifeSepXVePJoiK9qYqDVi7AEvkKQxGEpfWoLs+tjkijX+kpkjVxYjxYeB03juPLRCqgg/flQqFYyLd47a6nvAyEOVr/CikRQa+hvDPCSCkaQsFcyRxmMqg4LsyFMrZwJBeRxDw7KM/QtjSYG6kShsazLDOZZEU1IUkx4qO0qie9dowAyBone6O7yyAed1yuM9c4yrFDaN2J47ra0kNND8fVGIVKd6KFSzllWOI6aG6C9wickHSQaxmENhTRTYmiEIY2hFcW4dBkte5EJMqQyvJ04gA/h+EXUiexEQy1KFaM34iyJKtyQEpl6oG+yGTE9V1sKuFcVjxa9LkiXyiGcz4LgnDosKHt7W14jrYdUqKTSCjtCV7f0QIUWCv4YQTXgb4EwWq+/zZrgjCUDz0yFDbWn/gBvI5Zg2cy5dlvjw7DBZ4XX+L1N8IbbvnS1lu9NmaNfGW+Yn8Wli+om6QlV5nhDz8K5s0bUvdyS5+eP+f/fSs2gKnkGorXqL3HZPfKjJuQW2fdto0ntW+0sdfeXnz0kfCma+PqfN/d41stu+9pX8JpaWEtLazvEcypaxi0wpqThsUqoNEOt8tXyeJ4knzL3mOW3PL9h4ggCIIgCIIgCIIgCIIgCIIgCIIgiF4kji+rULTQCWg4Mw4I0lh6xH91rjctM5B6YDzQ4cZfIC6K3g3WjtgNgTFzwdirQ2IzdLQ2LUzhaTOWigDE2i9RXaKOaj8FiWoGtH+ITVR0mgaGQWKuc33oCzg8ZUBSE46VUXV2nopmxnKOUEoJWT1I0ipsLlyxU6lEra1XlhgCmGGqaY3Zwsitg33UThgiKBVKxUKmNedINxYyVEK1yy8u4d2Hkk3blLeJDIUIlLOG5JH0hJZOMExLVEn8AnFvEaHPCUPfDSXYiGSizmCV4akMhGRVg9ZNo5y0MQK3KkFhAGqSmDU6ssaLgbM6SWxsbQziYSHXjbPeqAnR2WKUyIazKBLxshQsKJWliN1y/GxWpQ0x+iiVC8cR3AlkABu+69jXjqIQSgZBIGUcrVe6E89FaYiLAXvMdyXQKkLfmELodDaVXhpNCcyAaqGUqTw7jFUy7OCGcVWpHWeZiMfg2tDJYrG8YN6CKIrKQwa1t7dlshll9gJtcDzVKSybyGripYBiFzi3tFlrax3RST7f8pfbKhYg+UL20zlD8vnWUaM+2/nri2HU29vdHXeYcf+Dm/3pz6vvsN0HbW3yvQ8yDz+6aWtr4SvbLUMXk9WGqd49/+Kamcy7m2zEx49d8vIr7P6H1grDt7NZ+c57rU89s3H//suWLu03++1o/Dgnk6l8GCx5qBMGmyUCuoriRI+8Wa5m0KBfxXdnw8+i+++BPUNGjOynlEa68wMGZn9+ijd6DfY5sfK9jwiCIAiCIAiCIAiCIAiCIAiCIAiC+K9B1smTgaIMu4yx8DC7UmdUF14BksQ9sbWEbMrDIi2DqCg/MNzPk5xAOpLOkmw+9uk8nZEEK5ANr9dF47sqkm6ztM7V8euaE7vtfnXuGV2tCqZLwUUkojBMctRIk8JopaEaI7R4QadzUVqIKFKKBhTHcPTy0OoFTN7CYmFGrD2wZ0biklj+9stu9/M6yp4eXc8u7GndjFpDruuiekO7uDhcOIlUKtYpqUQ5UVgqqk7mhPCzGc/PMMktQxjX08l0RCRdN9FzxcYwUg9vVCqXdGU8A/9zHGNMIrXiJHnLYl+fxLhHO6+wWP6CZir4iRAx4cSKK1t6gjoYKauEV7YtSmVYdbUwl9D+IAwWLFjY0dkxYuSIQYMG+hk/Um0SnuvBijDVSC2aErG4TK2OUmkLKW+vlVsFgf/qzAnmbWtrYfhqC8aNffOr2wdmfLb7cuQ60+5/aNM/3zwK96yz9vu77PTpgP4evh05wltv4jtvvLnm3+4atu46z26xmfP+h2+8+NK6N906DI7269ex/z4vQmV/uX3SDbdsfcyRz4waGYtOZCDyM3wW6+ISo5dEX5JssorES+VLqhwdmMsZxUnY0uJ//4jPUXHyhWalfpgRBEEQBEEQBEEQBEEQBEEQBEEQBFGPdOICHQm3TDd4vVPMzjpHLfOOuvu7gnNuKWAkhsxjI4pEQVLfZKJBbfZRtGZIrFx0Mg+InSsNhFJjaEsJZwX/5r+L01PNropWW2Vqz28mrmoypCijFqGcYqRAFYEWnYgoyYoUW1DY5/QVyaWk8uNQoG8HbMD/PW3YISt+HtBgNQNRGCsQlGpCCniJKpKEeARr3W560qh6J/ZAKdRt/ZUqvEqtnLuua9QnDncljzU4ybJWKyEMQ+0tIlphebqeXo7MrFjHc2Wk5pW7UAPzrStFQRjpmS4ld4if8V0vboC2DorVEgJOh3UfMVHJIZS4+iiJidYvCS6EvlsidaLUghVjhWL6ZG5I1vjedhxfyEgXcEQkSoXSvLnzYAUMGjwok8lo8RG3FWPJBMdSI61+6Sfkei6fZep0XX72mdNYQ7g97Nt8iW2+2Quffhrl886QIWLEcD81LwcfsDCfnwerrr1NSVX22WvZDttNnT+fDRvGhgz2sPBJx7+yeHG02rDKiQsfWsKiTOxxYhQniaIt5XESpxNK9ggpB+RyWE9nqTRnwYLolyf2/9J2qx96WMuo1RlBEARBEARBEARBEARBEARBEARBEMQXkKqocVOpU7rYyauD71YulOYbw6tTzvQScX0O56IiXlG6EyYcrQow2XSakch0faWuj5s4flUX+fJqQTiamFQS7MQheyGDcqlUyPsZz/E9ttJBtwuIxWM4Xlue6Jwt3ORLUlIYk9QJz0nSOimzEyWjSYQZiTEIq5PzaFXIEFKttvLMHFcWk1QuJ9LjseuLEFwPkMo2gwMVRaViUR3izM9kXMdzHO3boXQ5KKFSs+hwzOCS6LCgkigUEdO6k5IuJrOMu8mUm1RXDprJOMzkstImKEw7zCTyERhz3RjHcdRRxxUisldqok1j5m1qHVcyRanu62RFqkY1+R0deZR5DRo40M9mWMW7xiiiuBMnrIkvEYY/cvzjlvt+zGWdcWOd6mGoorW1av/QId7QIekaRgyvrDhRFgtudXDoZbXHic5BZvmdYDKv6j3QrSXF4sCWliWFwrx8Hru99Jkn4GfAV3da80c/9traGEEQBEEQBEEQBEEQBEEQBEEQBEEQxBcEHc02jiA6QFyJIKdi+yukw2hSxmG5P3DbDSStz1ixNnAlZnAgls4weYhUgXAOAX7HY116N/QWlb5YQpMV6qNuMRorKFWG1hUIKcNyUOjszORyWddVmgPGu1fE9ApcmTqoDa190Ql0GCbaYSmdTZWGIRZCuLojrucy5oVhyJNcMtr/xqmdm1VCdKIx7fAqcpMkQZBaYTr5i6MPRVGkUiHB+hNKnCAcjr0vFgra8ETmco6DqYZ0LfDG81T2mSgMoQ5PC1DwGnB+yKI4TU8JryZzTo7rRDvGeyOWgFjOJSi2YtYtpzyAnIq+BKfOSRJxmXRc9mJNKU6MW5HWEvFIK2S0z40bRFEhX5g/b4GIRP8B/VtaW5x4kIzQSA+XbprOtAOsJsTGrvsKWzVYcPfiaFmWsThjTpXHiWTc1pfYeXa4tpnRg7agkJ+fz7OK8U6ckWfxow8ufWnahNN+02+ddRhBEARBEARBEARBEARBEARBEARBEMQXAcexlSWx3iIJKNsaCN4Tz5LltuxgLHE64ZJryQlqEiwhSCWoHb9LbTfSiyRWCizxUVFRcHOmSnuigtxS7asWf/SRAKWShqiXqq9qsxOPlTK/yBfKbcVMNqPyuujwN1dJeKTlLVJpTzPqjaYyJcnE5gTFIhhXF+oHgu+YA8jUxlF5kIiftDZFuJ7nuDAZnlYFyTitk4ydUFZdksZ5VeYtsa4jvt90Licncp0wCPUZylPESD9gu1QsChbrQlzXQ6mK3sHj7UiNqaffYuIixsphGAgRaWeZKAjKsJ5zuRz3PJREqIw5wsoyFTdNOMqGxKncPLostloNvU5FJbTqhAlhuimrE+4YhU1USYiEZ0gem7Koe9rV+ox8RycUC8NwQDSgtTXnea6+YmxvxOLBqtwZYXQU58c5ToF93nS+3rngdp+Z+6Qqh06cPYdVFCeWx4nuDSx+ZpQo1r1m9oQLF8w6/qhRB/1g9P4HMIIgCIIgCIIgCIIgCIIgCIIgCIIgiFWfJG6swr4yEVug/UnFyCCdTyN1bm16HTtfSlJJuqwUpipZq2NQ4XUtkhBWpLsLulBLGFMGlclFRd6jxBBEu0eoLCLKhCOKBATFGYTAPYd1J2FZITBAr5UIqfrrXK4ZFUhycnxG8uI4HMLcYblULpZEm+Bu3C8plF8Iq1YGGX8K1htURC1ofREp2xPuKPmICMNIRK7jqblQUXg9NULEUXugHDLtwYH6CigWBQGPU+3oXsp0s1FKser4nTB0OsEtmQh6mF7p2FaW6DZcmAkUP6mdkVSiE3UIZg2LtbS0cuYmPXSUFCwuLh0eW4h4XgSjUyjAETV2sJYDITo6mD69JVaWqRvJRdmKrk1lPWJJVh1LIWH0KBJzAKkC+qMhiithlrIijWVVxNKLSRrzEtaxrCMKQq4NQNra2zzf1RPNdSofJcUo6fIAABAASURBVJaq9uTpF4S/zfincB6yz4/iJ6WPfhfKwJN1PE6M+iRutLD3CGmV0adWe5xUSuo9H9/4p6WvvTrxl792sllGEARBEARBEARBEARBEARBEARBEATxRUEFel1jK4LpOKoD+Y7JKsEayRO0XQVr5mrd6TlSeTy6yD7TvD9HnIAGU4t4ropu61Q0qI2AYD1aNvAk60ffYl8iCeT37lWVuQiLgnIpCEqu72J6FR3d7nO0sKaSlQXfwgiHQeAFgRL7uE4k42JJa5URCvwThRFscB9azFzXjcIQJRarkqqkGxye2ANxZt9RsUwEl5nnoI+Ji0IQN8mFg2ZDpWIp39lZyBfK5QAdRBwlvYFzHE+jTvBcPZSu7/uZjO95PlYOhcMwKBSKgHEf4bZlEK5zDW6o/VraY3CSdqJsxdiZYCca3SG1h/A9j9eElto4TqlUWjBv/oIFCxYtWhyUI7h2FAmdTkjlEdK9dK06RgbhLz5Hk5twafjhmXnR6SXmPVUeJ7KiMmGsjsdJHcWJZZWC7i5VNSyd9uzLPzmy8NkcRhAEQRAEQRAEQRAEQRAEQRAEQRAEsQrDMYAc/8TpZkxU2mQFwbwXTPa6KMK6HF7HZGSRMrED6CrAXbeSuocZrwLC6SrQr2P9OqQeS1KiMIQfo5VgfYfOIhSLEnjSSbsTkjWrDalXMq5K+4KIIAjKZREJVjXUrO+oSr2CXZVKASNCoXUnoVLDaPmBEULgcKBCQ+Ve0UITpU9Q4goXe8lMp1YxeA2OlmjhT7qofnHgx/VRPeKpdaj0XuhdImPhk2RBsVzM54uFQhCEselIXEKJprjnO77HfVerV2LdCSxqbQujrlsul/Kd+XKpBIPuWPIRxtGMqDKQIs7eU7lRjBilssEdnrxN3VD2KFh9leh6VEFn25GRwAqLpdLSxcvmfzZ/zidzli7rgLJJIxzUfdnjJuXEcnCpEP3ZSmfZ9I63j8qHczNVHidVyhJplFyiZk89xYm0UvRIllaiqH8KH74/49iji/PmMoIgCIIgCIIgCIIgCIIgCIIgCIIgiFUXy5AhhUwlzXHYClAblTf7KxesJPRhy0FNyLt+mUTboM1OINTvKelJogRQO4VOtdO3oow+JnaGiR1buIhEFCizDF5XndNg/leIemYqKlWSMjLROhiVT4clqgathUisaIT2O1HqnyhUBdT8uLwqeVAfNLi38Wp3pZIAQa/UcHDpqE45KnWOtvaQkYwwaZA2gQmDoMTL+kDOzTqOpwU4UiqdirpFXcHdiEdclH3f5/qUcqCzUunkOOWgzPNKIZHL5TxftSoR+MRw7a5Skf84eKwiQNMJqAS+RurOgPJcZeZRIpiKDVFVhXVyU0kja9EnShyNUrlcDoJCsRiEkTdyNWgk9Esb8jA1IGkGBeEfHOdvvvdPxiLW90RLwjl/Xrz0sRyTbsrdpKI7we5ZehFh5dmx1XONPE6YTNeAJ5SXLJxx8gmTLrvSa21lBEEQBEEQBEEQBEEQBEEQBEEQBEEQXzR4rAPAeDSPfTMUvSDI6FYgYpfs2nSk2wKmHHZGv5FKkQGhb89zotBxIhGJuBItepDK0IH1JbL++2SMOV9+3UuVBACVHFEkhUxqj+UdvM96GM8IZ4lrjZJHCJQRYJIU7aKDjjOOA6MNx2SiOpHM0WYn5cB1lf+H63lCKx7YF4cqwUR6oBOPF9ztoOtJorZArZCxFULFUFAsBeWySpSj/U6cBB5no4lNe6CSTMb3Pd8kxIHxLJaK+bxKtANDqLIWWeKsWOyTOJpY+XR46hLG/kRtM+NzkpZ6NV5S8UcJSo1cx0PrGzwGk7to4cJPPvp06bKlWrBUkYDVDqwQ3ymVLw+jLfpUdyTy0bzbF75zZGHpv1uY5GnFiaUvqdhB2R4nVXl29A+rzrljNCg1HidCGqMnXvzkwxmnnswIgiAIgiAIgiAIgiAIgiAIgiAIgiBWSVLWI1URZIwoOxiXVvlC1A6H2fFoDEbX1lp7oTjwGqfpqbZRSXaaLD9Jig3HtK3BhRp2pKsCWoehK9RRetUJD8LgymwiDvdqs40+dzrh9j9JiiOeCuc31QjL9iPJQVOdmURIlVtHxc4Z74HaZ4VIpszITpRDhqzKW6TbbZK2JGYneEiEUVAKwiCABruur8xOlBGIs0Kt57y7H9ZbxE4n1cuIo72HYPHyit8qIYiDKW9cZXsSiShKfF+0LQwMRRSGQRiFUWtbKybkgeZGScIkoZxgfNSyCK00gR1BoEQqYRgKzkplWAOqeC6X830fhpGhQETJKUTSMC1EcmLFBLQI3zpcObLEQqH4Q8F1paO9TkR8aye3jj7RNcNoz3cspcKOqcWo0wDpg0KpT8TSpUthvsul8sCBA7M5P1INa0R7FB0XRTCAjzjOvx0+l/EyZ+GKqOFkSYRLw2hpVPygvOzJMP9Si2Q5ZufQYRUlWCOPE7z96uTNqVGW2HtEbZ16rHDglr3+6owzf7Xhr3/D+ozUh91K+oRILi2tWav7qbsy20MQBEEQBEEQBEEQBEEQBEEQBEEQRI+w/+ReBb6tkB/niThAxeIF7qpbidZGyOodvOZCSYFYbpIqUAlTq2Brske7cTjJ6UqHojxIqoLRXKeoqARtdSRdHRCxVQSG12Ul6K2CuY4MpQ6mM4f5XEaMudhHpc/QOgCHC0zAI5k0ihwWe0OwrsEIfHeFGhSw1TjQUMfttiqTlYilNSqSo8eCiIJiqVwo+n6Guw73PKNLqbyw1CQuP9plQ80UV34fSu0ALWCYMIZxEWmvE63ycRxfRIJzl3NsPM61njyuzE7KpdBxM7pCXUZoewxcXUpAg1oIVXtTIqEmyjQzCM1cK51ex3bj4ZVcQSjniivFfDK4TiOVySaKC2txB7yVnarTra2tWtGT1APnKfMQl2cyIcDU8Okhk3hREYUwlGgVA69wukrEo1d2IqWw1rfe0jqYONcU5tZJ9T9pbCIr4VrvIkRtr80pajVYliisMhpK8wJFoO3LOpaVobVCDBkyKJPNdKE6QYT4GvywnrPwmqtK/35QWP4l1nZGCk83UPIq/xLb70QJZYworLoMs8swVj+rTnqPycsTHzWrRW0vePrxj+65e/TuezKCIAiCIAiCIAiCIAiCIAiCIAiCIIhVD86ac9RIMrP0uHr1I6y3dQtUjvIGAoiKaYLRlxi7kOpkMY1kAUl2GY4x5TiXieM5TsQdiMqHUsZ2HCrULjlmA2EN9TYrRMNEJEl0W7lOdBt3r6oozhxkXnAD+hIGYRgEmFJHxB3nVcX6hsTpQmixkYxTF6GSQSbeETgpXPc3llGoWYDZcIIgCiMn4zqOG7FQC4CceC3xPm/8ihCLTiytSaW91kqFQRAcFSJ6biLHESz25ZGhRCsRXLFSyGKxIJIhzWQyrqtFOvH/ueu6OHDq7oHF7EV49Yip7ErwUxZlc3VP6U44Os0I0yr8JJCoG1JXUvmNtPQETVnMfj2lDJutjvJYnGXfeJxXpXFKmb4kZXRtQie74tD+qLMzz+ctgEODBg/yWJ/Q8Z/HS/9+0PYvsT9WZHX2HFbX46SeQwlKVNL1VPQlRhtmKU5YVQ3M8jjBozLJy/POFZcN2mTTtjXGMIIgCIIgCIIgCIIgCIIgCIIgCIIgiFWGVFy47lGGMe9kH/5jR5BN5LTX0yCYlDiY7waTznTrM8G7LINH4zI6zI6ZdqpMGWLZicl0E6si+prKgDfRza5ILGrid1p0Ui6VoyhwfA/6ipYUaOWwXEKi7kFVS6I5EUlIXmkXhDYswVaqUg7jlZRK6PahRBNcsJDzwCv5vkqvEzrKksY42azKihNmOZ1wM5fGL8SyPGGoMNBOJXEWGyFj2Qm8loOydnbBFFNKTBKWg7zsxBqU7kSNmZYR6dxJrutzqQyLgjBwfV9qHUfG4QEQBlB1UC7n9e3U0trqZ3zUlMSiIFcl3eGRtMUxeBNAy22/k9jchHPlxJLoUWp9XMxboxGTVlYtXQyzCslIRCIUsXmNkJ2dnerSUTSc9T5Rx7Jlf75GoCuJENX+JcmepJvwWgiDWz/47D9zF76xLL9uv9Zthg3ad/RqLTC2pozWA6U8TvSetKNJMYr+/tG8ZxYumd1ZnNDestXAfnutPjTrJMqhao+TeFsJrFTNMHMzzjht8p9uYARBEARBEARBEARBEARBEARBEARBEF98uJVCx444444V1zGgzEV7MVRSf5jgdR1TE16VlqaOaIMnzgGJECJObqKzlDiuo4C4fxTF7gsQ+49UPJ3bviArkRXVneiINYxg7EoRRWG5XC6VvQxEuX0u4zxCiZNLn4CuMTCk6jLKokNo4QlcOVRB+cREBn12uMNU5qJkomUsM3JgFrTjhpodHobxGoDqVnWnE6txvGJBU9lQaXOMGgPtflwHuq5y3/DQmIuEqs+6Es5cnWwpDINioegohYTMZjKe5+qSDDUr3HMZV3ITxwlRLYW5Y5RuS4khBCyDeNp1W1BKwpl5y+30VcbaBLVfeO/hHER6XqUWpjg4wTytO7GVaHUXc6S7yVWyJYaiE991IhEuW9ZRKBT7QnSy6Jo/ynyeVbLhxB8JdffMXLzsuJfemFcu47kvLemAn1vfn/P/Jq0zcUB7xfWkxitFVnuiwL+vL+08bea7C4IA37+6tBN+/v7J/N+sP3btfq3JuVUeJ6w6z07+g/feueWm8QcexAiCIAiCIAiCIAiCIAiCIAiCIAiCIL74VKwNkoB1kqanz5wzIKqd+GdYB6rFB2kFTN1C1cccZTMRQew+UkH/KNZKqBi9iHScXfZRn7qiB4oTk77FwJMsNRKlH1qmAbH8IIiiyKk/RL0KemGYTS0xUVuR1vLgj1a9cBZbnHDmOJ7r+b4IozAow3E4wZVxvh3uOL7vw35tylF9KbYqgnIp7eaR/OAQ6G3cX5FTMYb5hZRUxNMwrf/IKE2JD4PicMcUgWErl0r5zny+s7NYLAZBqP1IlF8PlnDUMGa4kunAlutnfKjHV+l4XDQvCYKgWMgDsBHZhj6q3Q5itF1OrMdSOOZwZY8Fd1KKMJ5IxrB51qFkVPTNhXoLlWxIqWOYTqHEwzBkvU3+lZdLzz1jvFyMRoTXZtjhvBxFJ7/8JipOhm2zxa5/veTAZ/++/UWnL2pr+eWrs0u6eViPMCoTXptVR/1bjsSZr8WKE7uqJe2tZ73+PtyUIp2RR7nayMqnAO5hH9zy58LczxhBEARBEARBEARBEARBEARBEARBEMQXHFu1ENuFMBNf7hOBRmxOUlcwUe+CVc2oxLqrGmlcUhxXxdC5E6d3kYnTCSJlg+uu8ph+Y1Q8CiMRRjKqWFn0rYGLjIPvqLdIGqJtN6KQmTQy8XRwLZLwHM/lOiWQRF2K3lAiB9/zMj7MVPUVPgc9UDM4SrKkuqh+lNLE4fiD29xVBWKpBnQJ92twnXkwEPpgRiXBUSPjoO8PZ64ijsDgAAAQAElEQVQeraBcLuTzxXwhRPsXqfQiphaVr8eHoVQyHqVAyWZyLS2ZTFbt1Mqqcrmc71QEQSBU9iPpaHVVYmoSO5rgBopL4NWHqjLw4sVN0toUVKDghn1rGauPKELfGvR3cfAMdaupjD6uTnDlsPjjQ82uw1wXeil7f2KX3aLS06QUJ0yrRipuJcnRf3w87+NiCU/c/McHjtx0w5ZBA9be9atjp3zlo2LpX5/Or63HyLyYpTiB/9/36fw55aBuVZ+WgwfmLorbUFGr2B4nsWUQbETF4uuXXsz6GNkEjCAIgiAIgiAIgiAIgiAIgiAIgiAIIsFEio18JP2TkDrF7OFVsF4npXGxdyZR78SDQYe/LYeFRNFgR8O1DABPkUmFyk7CdVX8PVZCqEtEQahUGhAy144PfdK3BtTpRUNQ8lMzWYnxBIfIPne10gMIbDFNIqdJIuYNIss9mtq4cqEuiBdVPxHE3IU6GIUSfnQZvChTRigCGouCEpU3RmtUYHdUDiLlehKKKICJ1coLR9ejCkQaIaNVMAjuxGmA9I8RDdjEy9F6a1YY19qM2LZE+/BAzz39WvFN0QluCsVCZ0dnuVSOkxgxiWPPUErlxqITz89mMplsTvmmaLGIC1XA6cUCnN4RlMvo7eNUz3HFwUS3zVibGNeTKrMTPOS4PElGZe47W4wSy4RSg2E8k7RahiX2NqxXyb/4QvTh+2mlCOf2ntizRO+ZtbQDT/SGDBq15SamnrV3/6o6uqSTGaUIepywOh4nWObNZYUuqnprWcH2OBGy0h7GqnQw8Lrg6ScWzZrFCIIgCIIgCIIgCIIgCIIgCIIgCIIgVj1k4/2yB3lMel+ZgTFrB/OHWDubvrIRx1T0ExUZgA7P69wunqP9TuIAsNC6iTBSAX3xxf0L/4peBDoShSHqE4w5TU/rYj0FFRdx4Fwk2hYlQGGJLwTXMgSeWIEo9YLnwXSr4S+Xg1JJ51qRSjzjMONGY2pnqx6OUURVp5WpGkGZ6Ed4tbxIqzQcPDWWeCgPGNeDcVHSHKWX4jqTizIsyXfC/4rFohSRkRkxB+8XFwZSe8QojxJf607g1VNWJa5K+1IOVJqdzs5yqQQrQ6JYyBZzVafRMTuNzsQ2QVFNxML6wsmyq3FAqshx4iGp1oct1yJrgmV33CprXEmq89owsw3/vLGsE08MFyyaees/TT3PX6rsUt7szFdcUip1MrOHWeqT2flCF1W93VlgVR4npgaW2oN7373lJkYQBEEQBEEQBEEQBEEQBEEQBEEQBLFKIm2JCa8ODrM6qg5ea7vRN1Ti0TryjbF5brmPpK5cHejHf2qPVnQnXCdwcX0X/TYkZoJBVJ4XTPXyBdCd8Kp/TdBfvYmtQUSUmqSuZ225lADKZ8VMCRpX6NETca4QEclY3iCU1wSqM3BitfrE0YlWJDQ3CIOyNvJgUk+NrMx0IpBYBfGKpZKRa3A0b+EyWYix4smofmyrGfVe95/r5DbQRyXG0SuSx9lqtKmJEHA6TGapVNL5cQTm4oFXZRwjE7cT7qhK4RUOMOGzDFReLgcyCPUBGYZRx7IOEUbt7e3cVzmOcCaYdjoxAhRsHu4xdkA4YYwpgyBoFbc0XbpXTFbOxX4zVnEBwaUZ2QWsZZYY2vQShddmBO+9w1IeJ9UZdnjieoKt2Xxgv5lLY93Js2ddPu+12SM23eD1v92/8PmXYc9mA/sx43FiKU5SHie4Z5MB7W90FBpVtfGANhwquz0s3sNSbYZBmf/0452fftI2chQjCIIgCIIgCIIgCIIgCIIgCIIgCIIgGlClddAB4jgob3QGUrK6Sogktm3pJKRtbRLXU2P0wTF7i5UzSCV+0XleRCRMGdZnXgy9gsS0JEZ7ojruxMYOQntZSGZrCbrti5RVo9ctKLHQGoeq+qWMVBhdS06U6ETgyHLL7KNiZKI9N5QgQelOwnIUBVJmld2H70dBlOrCKohXKpU8z8tkMpYaS8bKEUvGgaUrb7WBCbeMTyRXcidlnaJlCK6jpjdisQzF40p3EoZhoVBQFj2y1c9mUBriSD3TLE5yAzWowTYXkiorkdDaH316Hg61tLT4mWxKQVY3MZDjOGZDK054okFxlPpEiWBknGUJ5Ws80WSkRGx15082PrS8LPvn3cx2NKlWnGAPhSUbgf27jx5+ywdzQjy/XH7nr/fAD77zGNtt5FDUDVUpTlja4wRfdx4++M6P5zWqaqfhg1FxIqtHO+XLYrf53b/csuHxJzCCIAiCIAiCIAiCIAiCIAiCIAiCIIj/DXicQCVt7tBVef2vvUdFuiGGzZuwG6lXQEfwebpJrBLoT5wa0FIiLqRKaLOT2IJDsj5IH9QHxE41VghbyCgM1U8Uub7PasL6RhhQp7IaI4ru4MnQSdSsMDvlSGwYI1kcSU8OaMVJnDtGSQCUvkLZzETaSENEmWzWl9lyoVRpjb6O7E1PjN7BKZaK5XI5DEMt88EGOw3WTmLuoax7MDNORfNhEtrEzj76/5jXRuuLpJYriCAo6zw5nWh8IpXMymXaLobFjieOTsyjhDuZTCaXy3q+76ocOOqCQRDCuYV8oVQsBUGAZio8TvRTEWGxamsjTKyTtMdJ0gAp1Ps4EZDjJDmGVOKkpEmaynKzu8y0NslhDuslgjmfBi+/mPI1kSlVR9yiisJjXFvLAWNG1K3w4LEjx7S1sJqsOqYmW3ECc7FmW+5bo4bWreo7qw8d3ZKt8Tix6qznyzLn3w8xgiAIgiAIgiAIgiAIgiAIgiAIgiCI/xmSzCk8FVzujjiOG2fS0RHwJIpt6mmqqopORUfLeez/EIfOIUSuDTacSuYW5dQgTYodTK/zhVCbWFQPjmRCKTciqbOjoFdFT+le7lMZQVSVSGafYftBVALs8XmYOSnWVujmoSEN08YnURjC2yRdDUP3Gn2JVXFavGKpLJW5SDGSsrWlBRqt3EdUAhdpiS14RYiFDiiqw3HmHS26cWQsQRCwK9LiKFXS0f93XZUqSXvFRDC75bJQ/iWiRbRmcznJpeu4SvGix1WIEE5QK991mGqI57gZWPjFfCEQAbyPtO4kjEIhWuB0znyGrj6JVQlLvEDUsNsCkcT4hCWuOObOxDuemXXDUYKEC0PdW3EliTrKqDYkY70o7up86knRhceJsfGp2XPU2mPg9Yb3P+UVux554BrDDxs7ClontNiprseJWfXJ9LHvjx0JG7d9PM+u6tsjh0BtSUsqq6JuC6XVwrCz49Mn/zNy2+1Yb5C6q5v5dK77QVC7U9YUaPqjv061q7i7EUEQBEEQBEEQBEEQBEEQBEEQBEH8D2IHv5Ngb1deDMbBQpVukNlGGYoIp/61uD6rbrxSHanUqAL0jpO4jVTC1rw6z4ts5GiS3q9i9CpELJ34nbJM0fXH1iXogcJVIN4VjiMiESRZPlQZFdxX+gctHYgwsh4ngulTzCBXvFeqN4xcoXIoDkwrA5B4Rnki8tAJg0y6nOaDy3ZJWc+BIimgc/gIqFmowRFcaIFL7JGhm4AKHlVUhPDjeD42TSsQWKy4SORJ+nQ3DEVYjnJQWyAcz/Uy2ShU+Vu4mk2hM5ysclYnHqwOtAwRSinjZjK+6k/ST2WZo71dYhMYa/x4nDpH2qMGNUBVKpeNFg8xgXmgXEc4YRRGLIIREDrPDiuVtMEJz2Sz8K/jcBEPKdcSFuW34nke+q94OhGPUn9AM7nykykWiwJlVrkclPV9H6fBqEnMgjCyIFdpX+IJ8DwWRViG6xUgMNePWhRqrhh2jVXUFBUFhu0a0rsUnpvKWFUOndg7BJpdqzixyrgOP2btMd8YMXTW0o6FxfLgXGbd9ta1+7fpMhXFiahxKIkTJVl7YKYPHzdqh2ED31pWWFgOBmf88W25tdpbLMUJ1yPEjReLaY/RoHCrzZ88eH9viU6+WMi+WCIEQRAEQRAEQRAEQRAEQRAEQRAEQSwX3BKTsGZCebbGoVIJry5RR81QFShM0tmkoocp3UlyuQbXSpQXMo7vylS51OWVc0RFrQG4SZdjnwkV2fc8FdrXridc5XoRcSgcQsGOUEoaKa3KV8bf29v94A03KrPCk/h1IkmJM6KwKj2RbHi1mj5Ja6Y456wbo4HKMopbIqRMBAlCVvwxZCWnjlaloBxCSRlcTAKjZkArNCC2H4U8CoIoiDxfzYXn+4EX6BwyWpUjq4dp1QhJe20tbcVSMQxVQ6F5QuSy2az2adGaHWm5myQZhlhK3SONWkTJPoybiBFhVW4hNSzKkifUWYiiSEZh1CZlJpt1PFfl2WHMujMdrEQpRRyntb0dai7mCyoTUKTSL6GCRImroiiXy2UymdqJ54m2KyVD0Z2N9NtIaB0MioziyxlxSjV9KiMIFy8KP3g3pd5grJKzxly7Xhm1wNbu1wo/so4KBM+qUZwwSzUiq+pcq61lfFvO2P8YxUlSN6+6Sk17hJVnZ/7zU9n/NjxW0xEEQRAEQRAEQRAEQRAEQRAEQRAE8T+BkT6YNzJJvsIxuUotKCixT5eVCqTJ9WGHHmPHCNZFMyoSCnNNFJM4ju/7IghCx4lioxAdEhYVA4KqxslKw1ZZUs2TsbOF5A6T9Qr00hWVGkFIhh4ZqQJ62vVPap6Uk4zOrOM62slDH45ExMJysRSUS17Gh0Oe66tpUhoJkSwktqrhDRgwwFnGO/MsDEudnUoMAuRyOWi6lBEW4jWiL1tQUqnMUp/g/kTeobZd15HShVUNO0NAXakQRmU4JyeiXEuL5+lcStzRkg81sMqsRhmuOCKMUFMClGCIOYv0+aVSSUiBTi3QGCiDhiV4UZ2TChupmydi1xP0YsEmQ6uiSO1RPYelEEWV1rN0whRjc8JqtCw9JepYVnh9VrRocbhkEW9pc/v3L7//Xlq9UetxksgXdDKiOKtT5WCs9jC+JlZWHTxcozixPU4qdSaKMC1lMV4maY8TabUnpY9hlvpEFAufPXh/rrUtWLwoyuehp97gIe0bbOi1tbH/DfpUq0QQBEEQBEEQBEEQBEEQBEEQBEEQRI/haQ2ArFdkOeu2tCO1wpGeVlQVs266gu4vp7O6ONrphMWpTnRMWer8LYlcgyXZUYxpxyqoO2nUU4i2y0gnuOFOfYVDNcvbNX2a0llEleA9/Gj/EqHtOLQEwhhfCFRV6DMdrWpQzhmYZ0cdDsOwHAotgfA81/P9MAiEKLMezH+T2F4cy58+yWtpaVHmOa7X0clLpUKhkEclDnTMVcuratCTRDr1k0hZJiI8zlaTlJE6DZXvcTUyTKB2Q1meBGEh3wnDDDtyLS0ZP6Ou67rxJZSHj8OFcDwlgPA8r62tLZvNFvOFQrEgy2WlPCmpSlTuniiCo9AdVhGOSWu2uExURFC/ycKjcyylVw8eiLRri/FTqV2pvOnkTzZRx7Kld96Rf/TBqFSKtNgJf3AbV5QaLs4znlfRcOhz024i1Q4l9TxLWcf4hAAAEABJREFUGI6DqaKyJ+lNnRqYbLyn0h5zgYoiR/8DLR+Qy/nw8cRYi+9DL5Zdc8US3btI/aiBZZnsoJ13G73/d732dvbfQu3tQHITgiAIgiAIgiAIgiAIgiAIgiAIglhFSSW36UsphY7PVvLpyLoN6a4FDeOPKQFN8rZhODuWjygfCAdi8Bk/CgKI4ipHkLh9Wm6iQulKN6H2K7sENGlZpZ1ObGQc5Rd65K39jUP8vNpppltsQxoVDVeahSh9OSFUFhe1X3CMt2utiT5fv2jFieMqARDulDKeAqmztXhKeOKpSrTrBOurEHRqDfUAZcfSz/dbWltc31u8SJaDcqFQVHIPJnO5HHQADS66rZUnY+okSigzWyJJWyO51pEIV2pTkwjGNwqDoCyUpYoaYt7CoBmum9iUxMoVR2oRiKrNVQdb27UixnEKxaJOixOJokClD5Txfd+WvFRa6HBcWVw6lnpDogYFlS540TAMnUTCZWQ0RneyIkqC0uzZiy/8v2DRwlhlgoInZZOjNBlhrEHR25FaMf1yuVZlOVPXU0R7HNnOIl15nDDW2OPE7pe0s+dU7anjccJrfFmGtbeP7NcPhitMVCbYU4m9Y/F2VCh89vfb5z326MQzz+q31gT230Ktesk4/RAEQRAEQRAEQRAEQRAEQRAEQRAE8T9FJbLMY5kBvqlNkSIbRRR13Nyk4OC8QXaVKpkDawYVw4Sou9ILZEK/DHF7nVjHaroKrGuFBKbIWIWDnoknBbeVOxL/ZyLi2j2BdTM8ZpJ61FltfqE1IszIJOI0I0ztjUTsUsMFthPFFcpmxtVCHnQ6cRyVmEXpVBjKTUQoIieCYp7vl0ulWnueXsVU3eOJ9gqFQkuLMqRobVXpTpYuXVoqFvL5TtRYoO4E+pdYgzjKE6Y6+RNPnHTitljKoNTKE9o7BEbX5ywSUJej1SGlcrmsYvN6kDIy62Qy3HWsvFKqZsdx1SRgZhzHaUnaUC4HerxlsVRS7jja7wTQaZMET0QwrMqdJRaX6Fd1ZS1liVVIKECBTnpaMQAVMscxt7HREKADSo9urWjxwkVn/zoqFo2vSWL+Ia09Wqsh4kMLOju9fv18x0m5icQfRGkflEo3K/oSbtuRpLQmzNRZx0+FpTQodTxXhK04kbI9mx09YECUqGeiWH0lTO8irSOLRPy2PH/uKycdv9X1N/v9+rH/RlZEn0QQBEEQBEEQBEEQBEEQBEEQBEEQxOcJ570Z469ElquS5sRIWV3GPq/ij9AM0troMjlDLH3gGDZXcfzK1eMANouUWMZ1THYRtgqDipyKkgG7D7HpMOSO75gxt6QO9tk4GCkfim67LGWcdyQKo1hdYFqjjzOJiXeM7oSb8+JiOoER01loEkWKTvYShJ72p0CLEMdxRSSrE+KsKnjz589vbW3t169/LpdzXeUfsmQJz+c7ioWClCGUgKOOUxFkmDNTC9RoGYzSykyA1Ll18DWuByqMlIwBVi+MuxMqw5N8Z4ey09BKk4zWneAV9dXjRcwTtYeTybBExRIqYKlIFK9gq6A7juuwZG3ZUhjGsZ1OLMxKhDJ4YqQzKql6EuMTbRwUHzUSFtZzScHiG/8cFgrG1yTSl6hVnISR0WeokkuLxcGtrczyFEmtdYEaFKtJDfUlzFaK2OVtfQljVVl1ql1P6nuucCw/pK0tMvoSy8ElMh4nTOlRVL9UT9XRcOniN6/54wbHndDMAH4RLUPi24ERBEEQBEEQBEEQBEEQBEEQBEEQBLGqkEQerTger7PVS1dRVAWXeZXuJC5Wk1QhPlEHqRM1Q/dmF7ZUJgkTJ4can5K0QfuaGEOESHBXhdVNYiDOVq3Ip262kSVwo1KoKAEqxg7SHOJ1hrqiSWDdKQHSUh7JHJ05ROVmERW9Cx7i6LWhAuYsaZRSmcQlteiHOfrVXFqqXC8yiqBCjNwnKpqK8w3rW2SP7gJv0cLF+c6CFHzwkIGZTEaIVswzVCzmi8WylHk41Naq/E4wV4j2B+HdjrLZQK1J7HGCIgmtC4FDrqOGLONDzTIIApiEUqnoOsrOBHqRzWXV8MciD+XYo8U93Hja+NlsK3TA8+BclaSnBKgXkZBryfladiIxuRFzYwWAgxOMyYAYjheUxww7LFHJKKUE9DZRzKBqiFfrnpqfTlEsFp55EnUYEVqmVHmcxAYnaUcQKQtBwGwnEm75i9R4nMjkE8NSnNTuqVacxEftPWZ/Ks+OuYrdnkqZjOtGVb4m0vY4iV+F2R/7oHzy4H1Nik5WfczCN3uEWBW1ZgRBEARBEARBEARBEARBEARBEARBrExSiodE1pHoTizvg9QplbMqjgHxzroXMvoEVA5U20jUvYjO/WNUOFyi7iRSuUuUHAL+Xwkqr6p/bW+EI7Epi9onja2GbRPQXA8c1iQytleBy4qKzUkSbo8NHTCOb0Xm47nTMhnHUXl21KsjIzNLkbHb0EIfp28MGuw1wat39kR0EgRBFEXcWQhn9e/fD9qazWYxUl4uFculklSJb0RLS4vWZMB+F+eGV4toUPYja5LsmNfUXWQGxVV+JD5shGEI1yqVSmGg7GLKQU7l/cn4WuIgjL0PDDhTfiQqzY3n+3qPW9ZaGOWkUSpBd/L5vJCiHJRb21paW1uhgIn9W3dmVdtwNrFrqD5BkQ1LUuroBEBxDbb6qUndSeG1GRVHE3T+0NqLUEtQ4nw6FcUJU34neinBAFW5jBi9iJJD1fE40Z829T1OGitOuvE4iYeigccJT7YjrS0K0cHFcjrR7iZGcYIeJyiM0/0t5Be+9trg9ddnBEEQBEEQBEEQBEEQBEEQBEEQBEEQ/71UpAO16XV6T1VQCeF3F8qOU+uohCgOWnIwDBYrSwaR6AEqeyuKjlWJWkEGjwUdcZeMXKFblstDJAnJy4bHta+JxEFMVEdaicIZDD5OAZqdcGMUoQUEaG/iuq7n+VEIgfeIrXp40OYwDJcsXhwqRw3Z3t7m+z40GrrTwWShkM8X8irVkRDZbNZNVpvtZVJbaW0iGJZMpBETGWGOlnqEruNKNz6rXFaWJfl8Purfv9+A/n7GD9WCZszKboO6F2ZSMVkCJZTRdHZ0Qg3FYgtcqK2tzWT2YRV1U3yHxDl0LDUJ9hHtSEItuIhFNnoDBRaxFUrTRIsWhUZxYrmA1CpOBFqAJIoND1vOqjxFGIu9d6oVJHpgZUVfEivkEsWJTBQyRnGSzA5v5HHCquqsdj1J2mOOFsLA1cKdKGk/GpzYipPY4KQ6C09x0UJGEARBEARBEARBEARBEARBEARBEATx3wuvySiS8mto4vQke46VLCY5nPo3SeZSVwkhEzMUbfHg6B+V88UyX4kD48mleRxf7kVtTK8hqzPmaKmJsmvRr2kXmcR9pH49Js9Ozxqgg+D1tC/ceJxgQhEMxMcqHiYdGHVXK04wU0zSDJ3ZJUKPDDjB933tPROGwaqYacMLw0hrLFhHR6frzg/DsF+/dlhY2WwOVRb5fEehUFDyizDMZHzoI3TJ1nAY7CFMT6rlF2RcUnA84K3nJXltGKadUUIFGK5ly5bBCmhrb3N9L1Wn56FcRlmvQOszRp0kVUocqANaG0ZhoZCHwuVyua2tLZvN6iJufEtUnE4co49BKYlIRFu4H/MNKT+YZKe2KmE90p1EkaU40afVepzEjiCWRwi8tmUzxlOEJR4nSglV7XoiY9cT29FE1nc9qeNxYrmb6CRCluJEJydKbjxR5blibWsflCWFYlsmm/ROiWdiRxM9q9oBRYrY6aQyDpFOLsQIgiAIgiAIgiAIgiAIgiAIgiAIgiD+e7H/yJ+Z8HdjEYclKOFpwQrnNV4p5hBLR/FltfSkqprYo0EpM1SGmCq/DiEiLjhL4uZsVSWJ+zOjWdCCGdWXOJWRFiIwI9Ppidan+6sr2YAShKAhg11pHMpH2xKRCHqMVYeVlyVuksOliZxrS4kwDB3Pc13Xz2TCMIiioKk2NWvYElmJhLBtTecVsvB0LWoZhaHo6MiHYRQEQf/+AzzPy+UcristFjqLxaKW0rToFspMJpOISESq5eiBUWmXmdtEc6UPCEcPHIo2HK4MMlDDoZazK1GfEATljo4O2GprVzoYx6tyK2E6NU/sgOLFqhQuYaerhl51yYG57czngwBTvji+76lsPmii4yQ6C90wnswttAWaBa9KOxRFrpKxcBHCcOsMSrq7PFaRQZtZk3oJb+AAVSGafLC0x0lkXE8qHiFxWp9WP8NSLiPKtygebrNfWkfN2NuuJ5JV+5QkQi2jOEmOVBQn8Z6Uwwqr9VyJyywrlcphCEOp+1VRnOBbvI9QcYK9i+I9MjdkKOsbZL3bqc7Omg8US8HHenK51LmyVq5IEARBfEGZOnXq9OnT33nnnSVLlrDlZcCAAePHj990000nT57MCIIgCIIgCIIgCIIgCIIgiP8CeBOHagOGPVE8GFGCrsqEgONAvAr1CmNdgrtN5L56t0VsvIFuIIm/g8bBKK6Kk7ux4sQ+h4mU28lKDYbGShFpSWywEZLXyEgcHfu29klzhhmP+DUeL1QBsUqkuG6kV1aEEeh1wbT9hNKdcKzLPgt1PDJWwOhraJlEkktHK3605kf/X6kJtGsGqgV02D3kUhuhuHqWejP67Nb2TQ8BNFIkfaxZqDVL1/P9jHbyUOoN6Fo+XwzDkEk+QOW18VpaWqCmJUz5nZRKZe5gUiedVEin4GGxXkGLN7q4nxJhDlN2IUynHpLJ2fq48itR4wlV+Y4bhAGmZimXitjmTCbjZ7Oe59qZfaANpuPov+K7HrQ/AMrlsvrHKYdBqVzmyzqhWGtrq0oepEqiXEvPvzEaglnUk62mC5qoNCbSgf8prYnQd5eMZKT0Klrfo/Zx5jSn9cmttVbi7VGlOAmVJINFlscJ+p2gJ8qI9nZW5S9S8TjhrCqrTjceJzWKEyFFbVYdXhFMWB4n8UeH5HW1JqKqzNyOjiFtbSmPkyi2r1HKH9vNRSROJ0PWX5/997Iqi/4IgiCIZliyZMmf/vSnN954g60wUNVLmmeeeeb73/9+//79GUEQBEEQBEEQBEEQBEEQBLFysALNvRe553U3a3ZJqxUVN46qorXJWeySFWsTziw7jdhGwJZhVDQiSTXWmwQhK4KCOFFJIjvRUXwhWVWdcbQ6bkrfxD95Y6eAbkvWjr7plK7IjFQ8GNyRqA9Ri8GMLa8RpMi6dVfah/+qULiyXojiptnX0oOpBQBGdpKohfTpjqOtTHzPCyPhuVAP16coXxMR+Uo2o2p3XaZb2tTQV4f+u5qwZsp0iwd9iFTnY/FEFIlCobhw4QKofdDgAb7vt7a2wRhDsXy+IygHsR5CyGw2o1IHJfPDrZuzUYN0xiSmrxVntMHkNSjS8VxPVywwqVKoRA8wjqJUKsHuTDabDYJsS0sul7XrRO2LjHicE8eVLlSEBEGpXHLKTrFUyhfycIDB8xkAABAASURBVKEoDLO5XCaT8Xxf/XiuzhMUa7dwTNF8BU2ElGWH7pnjuXqQ1HpTwyW0ZkU7tQjWlNWJP2QY6zdALF6IOgxjcKI3UJ8R/5gsPBnPG9TamvI4qSg86mhN8FJ1PE5SHyzVHieVDwtRUZxU59CxjtreKqymzNJSqS2TgWEVscGJpTgRMulv7HqCb/uv+9+sOCEIgiD+C0DFycYbb7zzzjuPGjWqtbWVLS/5fP6TTz65//77X331Vaj2uOOOY/+rhGHoaae6VQ1o2Geffbb66quzPkbob7la4U0QxEr6TFDOms7yGIQSBEEQBEEQBEEQBEH0BcsX5sd0OBjUlpYNSV1TlUZhe4XAGH8cGcdXHceNUHES1ybjy+hkHKyP5Ca9i+hCUSRTeoz4fapjZkx545rs0hAaj8JQiU7QrMMIetDjJBYHaNcN7Yuh3DF4LB5yXEelzskEUlUSoWMKXFj9GwSMtXLuQikhtDmG47LmsPU6zUisKhmUej7HjoyJjI4GKBaLixYtWLxoMTwKh/0tudZ+/dohxOIpZU1UKhULhQIcCoJALTh1dbSmYfHCrPlBt5iKx02Ck6Cy5+hXNIVRSYkUWr4gRLlcLuTzHcuWwU+5VI5XdVKdPl+dzOOqPM/3srlsrqUFf1pyOaiwVC51dsaVQG3lUinUSXPgqaO+iZSgBLeVuET/4FtdsWqSwcEfbHbTaY36T9k1yaGjdU464wwqTkLMsGMpTuBn9MAB0vY4SSabVXucCBwMS3FS1+NEprLmWDUwaz/KnlDYVl2y+lwe2wIZjxNTZl5HRx3FifY4icwe/YpdHjNlN0YQBEEQqypPPvkkKk6OPvroCRMmrIjiBIDToZJjjjlmo402ev31159++mn2v8oZZ5yx7bbb3nTTTaxvgG+Pn3322axZs5566ql77rnnhhtuuOiii379619/9NFHXZzV0dGx00477bnnnu+99x5rmjlz5tx6663w2vwp//jHP7bbbrsTTzyR9RnLli075JBDjjzySEb0kLPPPvuXv/zlokWLGhWYPn06jO1vfvMb9gXn+OOP/8lPfvLWW281Wb6zs/P+++9vpuQf/vCHH//4x88++yxrmnPOOQc+Zus25u233z7hhBN+9atfsRVj/vz58LHz7W9/G+4ORhAEQRAEQRAEQRAE8QWEW94dvWA2wq0tHlcY+09IUZ1wJ476/5dg4ugiTjG0gqhUNFEUBYEyKeHcqSRCqpRRBcIoTgJU7Y6jTlEKB1+Za/ge6hCSlhrNj8SERxwv4HCbuCZr2+prN92zdUs9QWrVUvzjaZ0GRwOPeEvhlMqlBQsXRCIaMKB/1s/kcjk4As8ZC4V8uRyEYYjphRCtdUr3odb1RMrK+GGf7TLoeqKcV6TAapk2opFhGEUCXkqlsirAeWt7ezabrboc567nqJw4WsOBviueHnFTVb5QKAfQdJVtJ9DktPFJLueg80piHFRJWyWUrMRkeRImpxF6nEj92qyUiLGhu+z26c1/jjPOJIoTo8wwihNUZqw+YEDGcVMeSPaES1nf48TeU60+qdSQ0pHIKsVJl1qTxntEcmFYGYvyBZghtHKRWoCieqcz6RiPE+N6Mn5XEp0QBEEQqy4vvvgivO6yyy6sV9l1111fffXVl1566ctf/jLrOf/85z8LhQJbMVpaWvbYYw/cfvrpp6+77jrWGxx22GHddiqfzz/22GPFYnHzzTdnPWfx4sUwAlAJDEJegxvmbYem7rkjR47sQofR3t6+7777XnPNNbfeeuspp5zSqBh8I12wYMGcOXOee+456Mjrr78OO2FCzzrrLNYc22+//bnnngsh+U8//RSaxPoAaORrr73WrnM1Ej3i0UcfhTV21FFHDRo0qG4BWF0wtinDjDfeeOPYY4/tumb4JeK+++6re2jWrFldK6IasfXWW/fr18/eAyuzUTowaACsPdy+9957n3jiiaFDh44ZM4Y1Aawo6OD06dOnTZsGd0fXriRwO0CxvffemzUH/Jr5wAMPwC0cqD/dSLPaaqvBzVIqlY455hjYZsvLPffcUy6Xx48fnxoxgiAIgiAIgiAIgiCIVR+TtWPFFRJWldqQQ6CtiY6RK3cGZRbLbbeLRJXwBdKdYNeaGqrY9yR2P1luIxeV/0YlwxFWtcqYgytNAceQuYiUxAKVCFJH8hNZjzbHcBzthKH+FfrZI3dMZiBmpSFxPD+jqxPGkMYWTujK2Qqlj2pqHKqq9xJvD6YVJ1BDhB2AquC53pIlS6A9/dvbszk/l2vRjiYsCJaWymWl7FACEZnLZR1dRfczYF3aVmDhaxiGuIHeIXBdfJQZwJiEIRoElctBx7JlUq/1jErv45vaYsOfOO2M8pbhWiSSzWYxBQ/sLepMPfDAtKhtTqIwhMeacAhT9iQGKtKBK8JcOGjSYr0yqSoS8Y9eJTwKm3U6yQwYOHSf/T/9681accLirDqoONHdM9tD29oGaa91NLGp6Dy4zp7FG2bVqVWcCFFHKaI6oUQg3GhZkhp4KocOs6+e7BGV9qj8UaYMS8rk9cPijOeJer0TluJkve/9MEOxEIIgCGIV5sMPP4TXXk+2MmLECHj94IMP2HLxhz/8Yf78+WzFgGCzEZ0sWLDgpZdeYr3BN7/5zW7LQFC/WCxCqHu99dZjPQe+3V1yySX2d2b40tiqyeVy6DjyjW98Y+DAgYM0uDEwIVXbJ5988thjj5m38L2R6eD0GmusYX9T33bbbdva2o4//vi5c+fCcOFXUwQC2F/+8pe322471jTQDBio22677e67727ejOSWW2659tprGx396le/+stf/pKtMEuXLsXkm02iXQVzqZ1Qw4svvvj666/DQu3s7IT+DhkyZJNNNoEZb+YvMD766KPZs2fD3Tdv3rzVVltt1KhR66yzzujRo1lPgIGFX2dq919wwQWN1CQrAvwuA51tb29fe+216xaYPn16F7/o/e1vf7vrrrtYz4FVkZJQTJs27YwzzqhbGO6UqVOnMj3LF110EdOeQD/4wQ9SxX76059utdVWqZ1waxx22GGwxqCd77333oUXXtiFdANVcbULoxEPPvggnDJx4sT116+TeRMutOeee956661w6R/96EfNVcmOOeaYxYsX23vw8/y111476KCD6p4Cd/ERRxzBCIIgCIIgCIIgCIIguqT2Ec/y6RQq2UySt6w5/5LE90J20cQmmsRNBbGPg6vsNkIeVF8r0t4cKj6vhRlfoMzFqKpB/Uxin4Fddqz0N0ovIlX6GmFNZN1MRY2QOgmPdohhSmLgmMpl7MqhRSA6V0gYhJ4Sl7iJqsPR8XbtjuEojxOuZQ7cdTjKVnS4X0t+HKM4cl1PZfHRB3jS1bgtNQuj2xVlG6VUFmFVJXYNomaPwtP5ZVD54TBUXGh/ETwMTyGXLl0CA9Au2uB5cibjt/frr+QanbIclJ28g8tfuYXoi5umNGorSxpq1Fix0MQxdiMVGQXm2cGykcpMowQLQRDmOzrgQXY2pzLn+L5nDFrgFR6kKiVHFHGtGpLJhaCFaM0Cp8PRSERlUdYmN4HrqSQ56kQWC4scZWEiE+8TNeMqi06iHkNHHLhmhEoltwcioTUP/f68xx4tf/KRkJbHiRARWhUlipMR+gEuqkyqVSDM3k5n1ZGVdDl1PU7MflE/ww6v62hiKopVJtWqlIpLijlLl+kol1uE8F03sq1NqhUnbaPX3PTIoxhBEARBrMJAaJZplQPrVTBNTyog2jx77bVXIycPw/PPP//222+vscYa22yzTd0CtgfGlClTdthhh9oyn3322f7777/WWmtdc801Zufhhx8ONUMAePjw4bWn2GFmHL1a7rnnHqbdPhoVqK0zk8mYt/AN8MYbb4Q9MIywDa9GiFwsFrfddlv4Xvf73/+eNcc777xzwQUXpHZCPRBTt/cMGzZsww03nDlzJnxxHD9+/OqaUaNGQZh8o402QqlKLVdccQVE0+sewqg8dOSBBx6oW2CDDTb43e9+l2pVF2ums7OT9QZHHXUUerc0yY805m0YhtCpW265pW56mqFDhx566KHf+c53GvlkzJs377LLLrv33ntrD8ES/d73vgezwJpjxowZMGK1++EXHNZnrLPOOldddVXdQ3An1hXBIJtssgkMHes5/fv3T+2BZbnzzjszLSabNm0ajLmxFDLuLDDIMEH6lykfxhx3wnf4hQsXMq3vZw26cP311x9//PHTp0+HdXL55Zc30p30VHTy97//HV733nvvuXPnLlmypLbAFltsAZ857777bt38O9AMVPLZzJ49e/78+SmDTGjSUk2qcKiZMGECIwiCIAiCIAiCIAiCWMXRWoaK8UkvVcgcroLmnuu4jpFaJP4mOg2Njr1LJnjiH1GpoTda0fskqYEsnQKai6AVg5IGmEC5tlnAk2LTk66lRLE4g8USBfgnDMKoHLA4KUuiBbFPiPODqIC51o84eFjpMtS4KlmC6/ncidURmHZHZxOpiJP07PhaWcB7Z/ZrOrV8KNGJ6yq1B2pktK+GsMZRxroTLUPJ5bLwfL8fPNnkbFnHsnJQllpp4sAAuJ62PomfY9YamWBt5mjK48WcqJ1IBIpXUJKij7pq5iOJpYIgUG4lxWKpWGxta2tvb1MeJwIzJDm2BEnyCljA85W9Samk8uxA+8MoFEqaIqEeePYNFchECQPDAj9aJiHRH0VrevSCEFw/icW/ARWsJ6z/u3Ne+tnR4eJFqDgJtXIJ1RhQ+5hBA/tn1cPZtMKDa8+SnnicNFCcqPk1yjVheZzIZjxOUMlW7XHCa8qwxO/EiyKjO7FdT6DXuSHDdrzkD4wgCIIgiJ7TrTcGhJNR2HHCCSc0Ep3Y+H7FQM4GdQzwRcsOLePXtvb29q5TVMBXtR133LGLAjdpWBNAL/bff3/cfvvtt9EPD75T1KbRwdwcUADizV1UCF/11lprLdyGMHMXmXQMxpRljTXWgOA3aw6I+qO5QiNKpVKjAsOGDUvt+d73vnfIIYewBqSyvXwuQIz/Zz/7ma1ZgRj/iBEjPvnkE5R6QIH/9//+3z//+c/LLrts8ODBqdPff/996CCuOpji1VZbrX///h999BHO8mOPPfb4449fcMEFPTKVefjhh83vHYceeujypbBZCeyhYb3BZhrYgIU6bdq0XXbZJZX3B8b/zjvvhFsYbkDbP+bqq6/+4x//uPvuu2+99daNKh87duy1114LH0GzZs2Cav/0pz/V/VMJlPs0KTp58803X3vttba2tilTpsD8ogClLg9pavfvtttuZ555Zt1THnjggWaSTME6aeZzgCAIgiAIgiAIgiCI/0V4d3uWN1Kfeq7SjCNFxTnA3rncWgGtsNBSDCVwcFzH8VzmmNQ0PA4v6zgvjyJ44+LfklU8UpbP5KVvqRoT9OywbE4wdYwVDI8xJh+cVYQnXV8FK1SXi6KgWAzKZRVAl1zw2F+nxArtAAAQAElEQVSFWY2Q6LAhhBsLUzj6oDBZifY7ruv6Hnddhl7UeJ7JbaRwHe4EIqxuR4O+Lxd8uebUq/ilGNGSVmqguAI1FsViCYcV3re1Kd9y6A4sK3j+WyoFWqLh5jJZ3/UdRyrbEOVZomtKJxCq00PzfBxCHVAYnkfjn4qiTATtSXCPxzyVmEjLM5QKpFSOgkBEkec42Zacqy7smjw7qIqQDnelq/UiqkdQJAxDdQHXheuUykp0smzZMjRHaWlt9XUlQl/RWLBAP+Ao2qnggEB90EUcqR7ZjwOtq4+edMGlM879/aKZr6AOQyk5ci2rjRo9cOkiN1nGkjOZ8jjh1X4nzOhFqrUmxvVE2hq05BPD1pd04XHCG+4RjVxP6p1VFiKIov5jxhbmzhGlUqSzNyk3l4032/pXZ/Qb1cupCgiCIAiCQP7whz/A97RJkyY1ozgxPP300++++669B74mMS1hufnmm81OdLC46667UqKTcePGffnLX7b31OayATB7Y07DmsN2mjnwwAO7/fYFBYxIpS7wTe/ZZ5/F7REjRuyzzz7//ve///a3v5122mm2X8Lrr79+7rnn7rfffugb8emnn7Ll4uSTT951112bL//qq68ec8wxtfvRGrDrc+fMmYOGGejlAENdK7NYffXVu/jN4bjjjquV8mA8fu21164VPK255pq40dnZeeyxx77xxhtMTxmU3HbbbceMGYPfwN9///3HH3/8qquugu0333zzqKOOuvrqq+0lBPth/KESWBhw7r777mvsbRYsWHDdddfdeuut0J1f/vKX1157bfOOFAMGDKj8HUAyen/5y1+eeuqpRqdg93/961/jEv3KV77yne98h+kUMHiDoE5o7ty5f/zjH5kWJG2//fZ47qxZs7773e/WrbYLm5M+Ytq0afBqbE4Q6MVvfvMb2Pjd735nK04efvhh6M4GG2xw6qmndl0t3NdXXnnl0UcffdBBBzVaSD1yOkGVyS677NLS0rLWWmt1IXlpBDmUEARBEARBEARBEATx+dKERKE3rmKJCewsKiumM+A6Y45IAvtadGHEKAzDyBDjVSoIV0erjYEIW1XBnmCKEyXucOo8xGpSWVK//sQ4oxKFh5h4OYBXZaWh3SSMEY2VEIah7oSZhCKqZUnyIuZodw3mZXzPz2AuHjRrwdQjzDZi4ZWZ4pZcJu7aiulOas81qXuqFU9VxTy0MEm8ZVLjGjfIdR0YpiVLl8ATZ6l1J/AIuK29HbbLSrcRwdPhMAhbMjm0L8aBRr1IVROZdGpaLKuT6ag0N5F6UK6MZRy0YBGVemAWHK7S0chYY1XozEOB/gMHtLe3ezrLkVJx6GfK8RxAM6SDihMjSQnhMr4PL+VyUCgX8vlOqKRcKqsOKDMXFdjQWYdQzCR1Bh+oydXyI6nbBa2V+g7s8R+Vtq0xZvKlVyx+881Fr88qLVk8YN2JI7eavPChB+ZeeSmreJMkQ6Q9TiqrtoHiRMgqxQnryuMk1o5UWQml/EtsfUmXZZhVRtSUwdMmfO/wNbb/ypwXpi1+e3ZmwMBhG200aC16LkwQBEEQfcVrr7129913w8aPf/zjHp14n6Z2//z581O5ZgA74Q4CMWNbdALxZghjp8q89NJLP/zhD+HQbbfdNmrUKNZz9ttvv0a5P5iWm9x+++3wxQmKdVFJrXTj7bffnjp16j/+8Q87U8w999zzyiuvoOJkRVDfnNvami/fvBynliOPPNJWmcC39L322itV5sknn+ziEimNArPy0QwePPgrX/lKoxP/8Ic/oOJkwoQJZ5999vjx480h+Na9lmby5Mm/+MUvPvnkk9mzZ//5z3+2tTWPP/74rFmzmDa2SbV5yJAhsHPs2LHnnHNOPp+/4447VtCUAqe76zLTp0/HDaOqefDBBx977DFTYO7cuVdffTXT6a6M6AR+42hpaalb4Yr/kUGPgNvkhRdegItOmjTJ7IT2n3766dCM7bbbDtYk3I+4f+HChWeccQZM0wEHHDBz5kzcOWLEiJEjR9atfODAgTfccEOjrFIsEZ00k5js448//uc//wkb3/72t+F1fw3rPX72s581yuVkg3mFCIIgCIIgCIIgCIIgaql9oLOqqS1W6KETt11LEilD8ta+BoorWCJ2iY+ibcgqCcekKPWmK5bTWOlTloM4bYveikKVa0VlIHIcGYm0nCWJqkdhBD/Mni9pNxjzy2T8bKj/8DKUlVKSV0oJ3S2d6QWVHlLyz3sWvEhErLFNilkusBGGUUdnp8pQ47m5VniamoP9+UIhX8gXyyU1QIJpcQa3n+PjdqL3iXemTDgwcoCHXZWNJQ4kmP1YJ1aiRB+4ppkS+Kj/5XXimyhsbW31Mhm0WjFLXCkhHO4ylyVCFpS2wFR5SnpSklwUioVisSDDsKwEJ1lU1fhalaIS7kipLFSUygRlK0rqpaUnjm6/y5aLgeusAz/mbdvGm7BahUficZKsGH3U+uho0uMk2eayVpsijZiqgX9JcpR14XGSbnNcButcfZttvZaW0dtuBz+MIAiCIIi+pFgsnnXWWfhf5A022ID1nO9///smlcyiRYvOPvtsCDwff/zxpsAFF1zw6aefnnrqqYMGDcI9s2bNuvbaa7utGdqGKTCOPPLIlOIk1HiariuxW1L3Erfffjt8ZzvhhBNYT9h3330hiP6Pf/zj8MMPx6+vQRDcd999/fr1++Y3v8m+OKy55pooKIHxfO+99+xEQsA777yDGSdZbwMxe5Q6wdUvvfTS2txACKxJWD8HHHAALNHbbrvt4IMPHjBgAB7CpDzwJXz33Xevey7sv/jiiwuFAkpbVgRY5N/61rcaHT3mmGOWLVt2/vnnYy+GDBmC+/faa68tttiCac3K3//+d7gv0NTEltess846V111Vd1qt9lmm5VpdvLmm29CLyZOnGgnl3n44Yfhl6Dhw4f/R1N71mmnnWa24V7oIpNXF4oTWGPY0/fff3+NNdZgXQKfV5iLx7ZdYclvgt3SrffPJ5980kzmKWwDQRAEQRAEQRAEQRBEXWp8G6rfrry/M8LAOUZijZXGileZ5NKxU8JwuIbyCkkugToHfUUlrVh1bU7S8GSsqvYxS8+RzCdPnZccboAZfOVtUS6HOkOLUpwoLQOMkeTcMv7QkxaFYVAuZ8Kck2Hcrp1XPEJ0hh3fzyqXDqU1UebXHKP8ektt66QvvNKMaulPvGfl4rH6ihO0weAs/ps81U4XBiISHZ0dgrN+Qb/2fu0trS2OC31iQRkeywdFVsCa4GGx7XdiFj2P07tU3QammFFFYbBBJdCBiUncaXSCG8dMnqN1GKH2QYHp6ezogFd4uJlVapiWllyL+VPCWJDlqCeSkQY2VLYkmC/Xy2Q81TXOS+VSCFUUwpIS0ITZXC6bzaiaslmccm1oo5qTyF/MWPUsvU4jssNHeKuvEXz8oeUXohYk687jJC5Z7XHCqz1OtGbFVpxwxmo0ItUeJzylLME9Vpk66pOaeuB14NrrZZpIo04QBEEQxIoD/+X91a9+tYIh+Y033njbbbfF7Tlz5sArBK2/+tWvmgIYU//yl79sMtHAd+Bmar7ssss++ugjiIIfcMABqUOXX375DTfc0HWQ2+bmm29GV4wUmHkHE7XUPXGjjTZKmaDk83kMkO+000533XXXY489tummmzKdbGjJkiX77LNPUdPIvmJV4+KLL8aNuXPn7rrrroMGDbr11lvN0R133HHp0qV9ITq55ZZbcBgPPvjgRooTZMKECd/85jfvvvtuGPm//OUvZsbff/99pn+PaCQRyOVye++993PPPdeF3KFJRmkaHcX611577dVXr8oFae6LJ5988u9///uQIUNW3JMDltabb77JVpgBAwYYRxakbm4duC+22GKLZcuWwTqBjXXXXRf3w0S0trbuueee+Hb27Nkm/xTy+OOPp664zTbbNJKIwecG/i7w/PPPm0GrC9xxMKG1++EWbjLJznXXXQc3dRcFbrvttvYmfhl5+OGHV9A+hyAIgiAIgiAIgiAIoq/BGDfTwWq10TuKE9SwYIBZVc21x0RiV2ByqiQeJ/HPKpxcR6Ob2oRyxMhs6sglujgp/ospB7P0CKltTkRF7cF5vfOV00m5WMy1t3m6JNfqCRxtlbFEorDB8/ysiu3rXC5KouC5sdWGaqaD9etZ4qkGc502ZmUoTqSovrD0sGWJPsOIGvSWEZ4wR2W0YUpZA6PV0dFZLodwSnu//rlcq1rfkcx35MthyApFpmVOrutolY2TJERKLDEq1hgVMANRRdygd2F+JaHzFwkmVHobtRGhl4puD9xaLlxc5a3nvFwqQ5ihXA5gtpxYuRIb5jixy0qsQYn0IhD6/vGE19bWphRCnQ7qTuB/8MQcqgrKZRkJ6ADEUeCK3HWUIIlHTGKTYjWMkt30Em1bTF700QesyuOkjuIk0ZrEe6Rd3pjHdONxUvUan1ytIBEyXVLUVZmw+j4oZs/wbbZlfUDKzYUgCIIgCKbzmzz66KOpLB5Lly79/e9/f8QRR4wdO5Z9fkyfPv2vf/0rfOeCsPeKiwZefPFFiII7Gnu/6XhtZh+dJFFpmlOiExg0aJh5e9JJJ9lH79Aw7fqAIfn33nsP7S5qGTFixD333FO7/6GHHnrnnXdY08ydO7d252uvvYayjC4YNmyYaRvMO7z279/fLmD7C/Yud911F9P6pEMOOaTbwj/84Q/RFgWFEciYMWPgtaOjA9bw17/+9bon/uxnP2OrNjBN3/nOd+oeqmtz8tFHH33/+99nK8xXv/rV8847z97zxBNPwOtmm21m78zlcnvttdeNN96Ip5h74fbbbx80aNBxxx2Hb2E2U6KTE044IfWt+7HHHmsk5vjggw9w4/nnn2eNmTdv3kUXXdTo6DqWJWQXrEguKoIgCIIgCIIgCIIgiGbo/llaJcLe51IM9ewXHohG2kVDmzRoCwN1SBqNhTTuJfWJGyvtgCvTIXrl1aDtNJS6BTPHOBj5FdpewmVxnh3tiJBcTvZ9v+v1orqDNcmAcEPopCWJQYZVwi7LU84n8b8yLVmxu4wKHDVebhgFURAK7aYhhVBGFjx9XtIckWTYUQNqhBnGEwXOR68T6fu6MqGdWhzjSiE5Wre4SkmhZsqVLIxFEdIIMSr+NKxL7UzTYfbk8klt1TeFurSn9TFcKwqsBZGoTfQ6haWrNBfaCEZdW0SwykqLlyxj3G1rbctmWvr3g746nZ35UlCOOlkYRrlcNpPJKBMQRzu94MgKuw8mtxCXKTEU6lyUyMTlKo0NXNVV7hlMcDUBetGjZMRV6haoShmyywCmCKZTy4IkPH/0fT+T8T3Xw2F1XB8CHOrvX0Wkaw61tw3LOLFLTalQLJXLpWIRZlp3lRVYEV61d0oLLlUu4zUS16nUXisaNTEM2Hb7RXfd3rXHSZ09enXVakQaeZzU8SZpZk93Hie8QT3jd9+D7zjo+wAAEABJREFUfX40GVNp5oZKVUViF4IgCGJVA+LE119/PfwH65e//OXvfvc7s//CCy986KGHIIR8/vnnpyLQdVm4cOGnn36K2xAVZjrRjNmDb5kWRpj/GsIpXdeJiXWg/IEHHjhx4kTWS1x55ZWpHsGFtt12W8/zpk6dmir8n//8x8TUbdZcc80tt9zS3vPSSy/BV8tJkybZDi4m9weMsB1rX7ZsGbz269ePackFq8dUDVsx7r33XlscU5ett946JToZOHCgXaCPRCcwCIsXL4aNsWPHNmMJM2LEiP79+0MLP/74Y7MTBhw3TjvttOnTp++yyy7rrbdeM4lRuuaKK64w29hIw/z582GijWHPCpLNZidMmNBFgbpH4XcW0/G6YDohWIpdZ8saN26c/faVV1558cUXYePnP/+5Pd2XXnppkw4iKXbffXdzvz/yyCPQqi4KG3XUm2++CWOeWoSGc845p6OjY/PNN581a1Y+n7cPwS18yy23sN7gsMMOa0blhjcyQRAEQRAEQRAEQRBEmsQsoWpf1eM1k+qjmaq6o0E95opxOhGHS52KQ+dZ0TF8O+UNWkKIdP6dVEYeabQYaE6hjjuRNtFQKgdUYygRhI4CO1zGQXqha9YalCrxQV/pTmofZsq0goTVFkgQKiEKPmM0Qgxzpu6mTivEZT3RUJWGQVa9qlC+9jjhzBVhGIUqt05cgxoZUcnpg6McVwIxdwYl4UcpS5gwx+xQu1Jm+J66iICZhapcOKKTsejlqKQXMCme40rXC6JQT6HAXqBdBbMWbdfz0szCVd2p2ZnOOOUlqVS0REYroYwEyqw5ntiVxGIYBx5Yy3y+AMejKGprb4dut/VrhzqWLhXFUjEIA1ZJmiOy2UySGScdqa9kG6ptqT6U5LJRVcG14Dl5pDQvKjmOVImLuOe50Dy4aBSGTHuqwzNQeC2VSvqRd1tLi6fvDY4DDU8wHamkGGHEowjuHJgnlXAH9mc8P1suFzy/UMiHEE7RV4TLYaM938e/plVVuQ6PpGkb6yVax493R4wScz42HifmI6qux4nZrlKcVMrzao8TxioT0EA7Ys17Wl/C69Rjl6nTBikHb7Bxv1GrM4IgCIIg+pgbb7zx4osvhq8lv/71r7/+9a/bopOTTjpp0aJFTz755FFHHfWrX/1q11137bqq3/zmN6k977333h57pFWkzdszwPepM88888MPPxw5cmST2XNWJvtq7D0wgBAph4j40KFD7f2ovFlzzTXR+4QlSUAymcy///3vLi6xzz77bLXVVqyHpEL1G2+8sbHKgNmcP3/+DjvskCqz1lprmW0UnQwYMMAugKKTXsdoR4w0p1vGjBkzY8aMefPmqfyY2SzTyWtgoGBsYVRv1fTr12/zzTefNGnSJptsMnHixCazOKW49tpr6+6fPn36z372sw033PCyyy5jK0BHRwfcd21tbRMmTLAzGTUJjNg111zTRYHZs2fvv//+w4YN67pYiquvvho3Bg0aBG1jWnADTbV/GcPfmMxbOGTehvoXKxv4YDHbL7zwQjOiE7huZ2fntGnT6vrWwPg//vjjcIudffbZe++9d20BaC1rAviNr2tNia9/iWPd0ShVEEEQBEEQBEEQBEEQxKoGT2BxlJbVcVlpQktg7D3iZDo6uOy4ruO42kKDJcli0J7AYU4sUNGKB84+F3uTHqHFDapHnnp8pPQzWlpTt2wdS5Dm/AfQvCQoBzrzeyLEMc43XKbGCf1LAC0h4XHwX/IaXRP3fF+yRA+UPOBChRHscT1PmXU4IlIuIBGraW/s4NI31LozeJmMH2qzFyW7cbgpFWuatFZDC2NQlCJRnQMlIxF15jvRZSSXy8FzupbWVjVMSwU8r4RDUCCbyfoZH+ryfQ+eBqrhQ7UQjkkyZtKofJIMOJVDJoGLlneEUazDSBQtWg7ieVmWDT0PLWtgoMvlMvwbKsMSJbXy/AyUwVq1C42qylX3jOPDSbASoGgUwRNJ3AlH89B+2Bso9YzDHan/eBEiCvjU0tG6J710WO8+uR+0826fXX8Vq+to0kBxkryqf0QjR5N4D2M1ShGe0pewOmVYd2Xsa6GICcusucvujCAIgiCIvgS+kJx33nkogzjttNN23333YrFoF4Cg7Pnnn3/OOefcddddv/rVrz7++OMf/vCHdauCAL9yqqsG4scQHoYvezvvvDPrko022qhu804//fSHHnoItr/xjW80Y4PRPL/97W9bW1vtPSiqgC9x3/3ud1OFm4xh9y747WiDDTbYcccd2Yqxs4bpIYWRhJn63e9+10VukSVLlrAG6XV6Pb7+0Ucf4UbzopNRo0bNmDGDaTcdc9ZJJ500bNiwv/zlL2hJsmzZssc0TDuCTJ48ecqUKV//+td7pPk+88wzTfmLL754wYIFuD1hwgT4ej916tT7778fqmU9B37lufbaa43eq/kT4bpN5o5ZPmbOnPnMM8/g9k9/+lNUjMGnRMop5wKNeQuTuM0227DeANPrHHLIIVdddVWjZEljx46FNfx///d/Q4YMqT0Kt/AOO+zAmuC6666r+8ljgDY0siCyefjhh0855RRGEARBEARBEARBEASxCmOEJig6kb2bloEneXKSB10QQ2exT0cluK9FBbHiJJY1qNwwq6T+JE4BxHW+G27MUbpWY1RcOeKgfEPfaJ3RRkZCSw3KZRGhybQSUuBQmYg5ljZghh03o9UjaDETJ0FhmD6nSqdhGmZ5tGh9kON6nogiHsRKgGZlMn2D19beVioWy0HZypOimpT6czCdg4ejhsOxRAblchk3clmVzqa1rU37kYhyuRQEQTlbbm1pVaqUbCaXy8LIwINuxzFqKWbfD5iCKDUc9ixqpYijEy9VRCdCWcqobElMPYJXqhZHy0BgiMvFYofytOG5lhY/k/V9lQNJ6iwxTHcnzvujLEucSAPVGS0LjEkYKCccZXwCtZXLECZRWXsyPoqJ4sb36vQN/trX5v7lBlEsMFbJnsNiZYlMKU6k2VPlccKq8+nU8zhhzChFhEzvkV3sqW6K1LcLqzkL6/Ra28dN2YURBEEQBNFn5PP5X/ziF0899RRsn3rqqXvuuWfdYp7nnXbaaRDOv/rqq//4xz/CWccee2xtsb009h747/thhx3GdIqKH/zgB6yHwJdAozhh1ve6Qw89NOWUgAl67rjjDghRpyo555xzxo8fX7d+CN6nVCzmi2WtugWzAtVt5Ny5c+09qMyYM2cOftFFRo0axXpOZ2cna5x2Z/mYMWPG0qVLt9pqK6M4gcGs7S+qK1JWKPB1d8UT1tRiDFTQVKMZ0IgFGDx4sNkJbYNldvDBB7/44otTp06dNm3aW2+9hTrvYrH4uObmm2++/PLLU2KjLth1113NwrvmmmuM6AQm5bjjjoP74oILLthmm20wQVKTYCVvaWAWYPWecMIJzZ++5ppr/u1vf6t7aNmyZc20BBbzc889B2ugrvuLsTnpmtGjRxsvn5dffhmqWn/99fEtdPDDDz9ky8u7774LrzCqr7766mOPPVa3U7AyL7300k022aRRJV2nEzL0ro6NIAiCIAiCIAiCIAjiC4NtdtIblel/K7Ycic1JrHTQWorYZIXxlPxhVVScxLYXceBfy3T6RpIhZBQFAfzI+BmpvlRi9MHjZ7GcxRYxynBF2WFoRwyHecoTJPariQuaDjAjM7Lsq229kc6D5CjdQqS6aqQW8RzJvulwA7xc1nehQUV44A4P4rlWjFS122zocXF4kgnepLxBH2adT6gtk8m0trXB/nwnLxbhAXhB6VFyORyLbDbDpYPeGJXcSBaW5Yl+W11CPSKXrt0wfAYdLxb4v6vMY6Qb55TSHtFFbXkS+n7Zz2SgAeovO/XVHZ7oM5jjeo7rejqXToTXhGtlw0xQDorlkkq1E5SjCBdAmGvJeb7Pk5l2elV14rX3G7TL7gvuul2IlOKk5x4nuK2sWOp4nFRtC5HWl6Q8TkyZWLZWvx4tAKrsWXu/7/pNxwMIgiAIgugpEJL/3e9+99FHH0G0+OSTT07pRWo54ogjIMb8+9///sYbb4RI7Y9+9CPWHffff/+MGTNGjBhx0EEHsR4C35ogov/www/D9tprrw3heXMIYtL5fL72lMWa1E47A0iKk046abPNNrP3FIvFbbfdFr7v1eYi+c9//nPcccfVVjJv3rxvfvObtfu/973v2W+ffvpptJDpwlykFgi3w2uPBA3dghqjL33pS1j/6aefPn/+/JtuuilVDH1EYOTNHvzqvnxJarpmjTXWwA2TZ6dbsOTgwYNr5SPwC8XWGqYnFDoydepUmL63336b6X7Bujr//PNXXD0zZcqUu+66C+6jK6+88sQTT+y2/Msvv/zvf//7scceQ2cXaOe+++57yCGHwHfg/fbbL1UY1i1U3t7evttuu6UO2TobGxgTuIvHjh37l7/8pWs3Gph0uLOOPfbYgw8+OHUIlsQzzzwDs7z99ts/8sgjZn/tH2QccMABptlf/vKXhw8fbu4aaLmdoqtHvPnmm5999tnAgQPXWWedPfbY48knn3zggQf22Wef2pKbb755o0qg+3/+859ZbwCfXc0slbqfSARBEARBEARBEARBEKsUvWxtYtccB+hV6Jtr34amT10lPU7i4LVR5ii0nwhusBWEoycJ1/4YURiFAeZacVR4vdIELGvOYSw2MVHahTD0wkgJDbTzR3XTY68ObdCizosS8YbpjLFCUVlcXEfl6olEonSxr7ry8ODhcybjCpHRMhpoW6TsPXBpScuMRB+LX5NeCZ3LBgjKKg1NbIXiOOoPzmCElUdIAZ7fwf4oUDYxjLVn/CzD2tBrJ31vVNmf1N45+olhpQyKTjjHxFKuI+GoUs1EMsLaQ3VdVcbzAnh2KdrboG2e73HLN0ffPapSqBwmBmcWtj2N73thCM1HwUnQ2RmVgyCTzUA9jobzXp611b6194J77mblku1xkoyOpThhaQ+SlMcJWqGwBh4nKfuUbjxOLJGL6LKM0am4uZZ19z+A9SoVOyPLPIqtLOzVuHKVYQRBEASRprOz85JLLkGzhPHjx5911lm2tqAL9t57bzz3qquugi8zJmJ9yimnTJ8+vbY82lEsXry4kYdKLVtuueVvf/tbpnP9QFwcvizBxpIlSy6++GJT5tZbb019zYMA85133gkh8AMPPDBV4Wqrrcb6kmw2i/oGw7Rp0+BrH0TEbX0GdAR1Es1nkGGJ6ARz3Pz85z+3lTfd8oMf/KDusD/++OPwut122zEtZ1mwYMHrr7/+9NNPf/nLX7aLvfLKK/BqO0ngt2L4ust6GyM6MXl2ugZaMmfOHNbEYOZyuS00xxxzzNSpU2EtwWp84oknoHeTJk1iK8yJJ564//77w60EC2/11VfvuvCpp5762WefwUZrayv8jrPOOuv87Gc/M/V0dHQsWrQIliusKKbNe+66664hQ4Y0I2dB/uVYHHoAABAASURBVPGPf8B9MXHixG7zHx1++OGPPvroNddcs9tuu6UkLLAkoEdwd8MaZp8H6Gy07bbbwi2z/fbbw+KHftUVnfQ1Q4cOhTbYfkVdACVh7lLpqAiCIAiCIAiCIAiCIFY6XQlL+i4wypNkJFrH4HEdAZeJXQjDlDRx+DlJpYPGGomSY1WMnqrwP2d2kppYhCIrBVjFZAFtQoxUpLZDKc1HjFDKExRRyET4kZyQWJxYLdL6CCWkEEoqInhsc2Ki3mh7YU7QKY+q/6QKQ+SxzQfnjuvyyKlcxfl85sLTjZSZjAftgUeTsIRcR+WpiUItKUHnHIlZVITpinrV3cW8NjA05XIAx+EUeDTsel5La6vWcDjFYrFUKkauenLawfItOZnNZuBht8QMRapKwZMJRlI3TGoP6jxwLuGBLKbF0TslNNvV8hN40al2dMFIlIrl0A2hNdrLRORaWyCEAG3zXF/7eShXETUTjgvX8Tyft3BfjYC2ONEWKLxU4gEPwgBqleUyjoxKtdMHfyrq9x8wZM9vz739FmY5mugbtqI4EbJWcdKNx4keiypHE275l1TVWc8HxcyF2VPXB8W0asJ3Dsj26h/1spWuMumW6sbYd2+6kaRRIQiCIHqRadOm/frXv8bg93777ffTn/4Ug9xNcsghh0A4/Kabbrr44oshKLvLLioXHnxhw0QwNpgBB75uwX/yao+G+puSMoervjragQBjx46Fc88+++wdd9zxxhtvtMvUpqrBBDQQL+828G9z1FFH1X5vxLahEYiNbeZnAzH7yy67zN7z9a9/ffHixWeddZZJPoKgoqJHopNPPvkEXocNGwavc+fOxbdN0tHRUbvzvffee/vtt8eMGQPDi3t+/OMfwxr405/+ZItOPvjgA+gCtN8eT1QhdCtoWA5g+gYNGrRo0aI33ngDYvyZTKbr8o8//jhmO1pzzTVxD3Tqscceg43dd999+PDhdc/aeuutT9HA9qxZs3pFdLLWWmtNmTLlvvvuu/LKK1Es1QU77LAD/DYB5ZctW1brmvPAAw/8/ve/hzX5/e9/n/UcqPkf//gH01muui08YcKEPffc8+9///vll19+2mmnpY4eeeSRcF/Umv0YzF9CsN4G7jIUnaAoCn5XguG67bbbXn/99YkTJzZfD0zHHXfc0UzJLbbY4pxzzql7qNb+h+m+v//+++b2IQiCIAiCIAiCIAiCWKVopBYwOoMkqo5SCr0HwsFWypXlvzReRjI/48NTXxVW1u85xvQZxj+lJY9oot2fO1qzoe1bOA6e3ltRj2AZY/9gSVLqPHa2TotYrJ/gkXLeCJUxRyWWLTGZT1UOomRLGXpEWnSifhzH9dH4Q415VBnGSlPhx5HpyY1T6WhVjcMd10E7ilj7knRArsR58fCPHVUKIdUAz3GE2lbZf2CMuNaexEVR+cC1SITpOXL0OTKhHJSlli60alWHo1Un0LFSsQiPlbGM0ORy2ThBjxCOEyfr4SYRFF6uvtlJldeF9jhxsGam/nDTwUpUUMFljpCu75XDCC4bqXbJUkm1txwGuVyuJdfiZFWeJK2aQNPlWMPh+xnpCeErpxMYH/WAXsmglPVIpGVHsIeXVANguy/+WnTEPvstvP9fwdLFpstCNvQ4SYaoyuOEWRqUSg3V3iS1e+r7oBhHmrqqlHp7ckNX2+gHh7M+ZpUSoBAEQRDESgO+xixYsGDIkCG//vWvU+YWTXLssccuWrRo5syZkydPxj0XXXRRqgwEiQ899FD4nvOXv/zFKANsTjjhhMcee+ykk05q5GHwox/9aPvtt19//fVZH7DpppvWTXMDX9Uwoc+OO+5Y98SNNtqo7v5XX331b3/720477WQP6Y033nj33XdD8H7gwIEsEZ0YV49umTNnzuLFi4cPHz5o0CCzEwLh3Qa8r7766ka5RWp7Bw3eZJNNXn755RdeeMHkK6m1OQHQ8qFHEqXm2Xrrre+77z5YV3fddde+++7bdWFYVLhhFk9HR8cVV1zB9PL+7ne/2+jEjTfeGDc+/fRT1kscccQRDz744IwZM7qVyxjPkieffLL2KEwBvI4ZM8beWSwWn3vuOXsP5p2pPf2ZZ56ZN28erK4uks7YHHnkkQ888ACsz+985zvrrruufUi5TnYJXAhe//nPfxp/I/hlbf78+aeeeiq+bdKxphYYSTh3wIAB5j7aY489brvtNphc2+uoWwqFAtw7aDzZqEyksuUGdbVZsBN+U2hra4PtDz/8ED7rVl99dbz3f/7znz/99NPnnXceymJsoOWPPPIIfO4xgiAIgiAIgiAIgiCIzw0MzFdioMYLIvnbfB7rQHoZ9MeIINoupIP5dVDFgK3izJht9MXV+wxbhOA4SZqX+GDsMcKqO1RHc5KOSqPXA8bGlX4kDJO8MbFwh1c7Ehg9SuwLo/K5CKnlC9x4m0i7eHxSVZPq9s+J04MYpxpbALTiUqTm8VC0ocUh6tJCqBXjCBHCmpahVKKcSBu9cI4t02sKxkB1IdHVCD2ISndSDlCl4LS24t/FolFKIZ+HZ4JCyCAIUSOS0SIp5rpwMl5bO5hwo9Ji1bqTeC6lcbWJlSK68a4RvujJ0ncjvDjKvQR2hVEEtWr7k7BQFEEYBuXYtUQ9dleyl1jIodebq6VbOgeSsqtxwihU9i8oWAodFM5Eav2ovxbtC9GJm8ut9t1DPr7ikkQH05XHCVLP46SiOLE9SKq8SRqpTywfFFbrqtKgHqM+2eznJ3nZHOt1VtptQRAEQRCrMBtuuOE555yzySab2FKGHgH/lT/99NMhLotailrgS86ZZ54J33Z+/OMf11WcQND9scceGzFiRBdpd+BLVB8pToCDDjqo7n6I8T/88MPwLfSss85iPeHee++95557UuYZmUzmvffeg/14uZ6KTmbNmgWv6623XqrOunIZm0ZfL+GrEDQGNnbaaSd7/8EHH/zyyy9fe+21Rq9w3333wetmm21mF0PRSbdXXz6OOOKIhx56CFbO9ddfD6uiC2nLCy+88NJLLzFthrHBBhvgzrXWWgs3YGl1ITqB6cCNJvNJNcPo0aN/+9vfbrvttt0atHQNik5SRjifffbZUUcdZe+BXl944YW1p995553w2nweqyFDhhx66KFXXHHFpZdemrLq6RZMFDVLY3YWCoUHH3yQ9ZDnnntu/vz5u+66K9OfG1deeSVsHHjggUb4AusfJvepp5568cUXUwuyW0488cS999670dHp06cffnh9mTvcCzfeeONJJ530ne9859lnn4UPTGghik4OO+wwaDMcglmw82rBzXXCCSfMnj27f//+3/rWtxhBEARBEARBEARBEMSqAefpjYpxRu//fT6aZCRCiPgysubKRt9gPAv6oC29hNYYxLoOlf0kIelpz0Cpgs6oI5RsQllfqPwp8A+KIrCQXTGvflWlhDbM0El5THke6xV4rclKVUqgVL2J7iSpJnFrSXwl2MrCMzoPfLrtONJhvjLwcKJQCS2EVugo0YlIRgoa6loLXCtOuJBxDiJ42pgvFKFAJpv1fb+1rVVVyznEAMIwwMQ0MI5BmPE9X0lPXO7q7DhCoObD6aK5sqLocXCJODo/DmafUaIQR9mRaL2Vmm5ouu+62sXGnCjDIAjDqFQKSqVyS2uupa3NV+mFPLxt4CwnmTnH040TLk/8VBwn0GYn6NmiOgtvWR8wfJfdFjzwr+I7b8WLrZ7HCYvFUqxam2J7nFjLu5E3Sd2jiRKFVWXwqVwxVY9ZsLA5fMsvjdlhR9YHqDxY3P5gIwiCIIj/UXbYYQe2Ynie10hxAtx6661vvfUWbNx+++3vvvvuFltssfnmm5ucOFOnTj3ttNPgq+Mpp5zSF6kGu+WOO+5opERFTTB8PYOWd1EDhKLtt1D+kUcegR6lBnbKlCkXXXTRXXfdtXyiE7S4MLqKFQfC59CGtddeG60y3nzzzac06GsCR2fMmLHhhhvC3ME2RP1RCmDAzEd95HQyevTovfbaC6Zm7ty5hx9++Lnnnjty5MjaYrB4ILSP20cccYTZ397ePnHixNdff/2ll16CHm2zzTa158KX77vvvhu3oZusOexBWLhwYd0yKRHPcjB//nxUcsBCsvPI9OvXb4899rBLjh8/vvb0559//oknnoC7affdd2dNs//++994440wpG+88UbK7KRrcCVfffXVJvvSnnvuOWzYMJOR5/7777/kkku6ree+++4788wz4a7BQf7rX/8KNUOX99tvP7sY3D5Q7NJLL73uuuvYSuHhhx+Gjwj44Ko9tNFGG51//vnHHnvsySeffP31148bN65UKsHvlZlM5vTTT//BD35w3nnnwerqRVUTQRAEQRAEQRAEQRBEX2B8HHr3b/Yb1VYVDJax5iWOUEuHVTxRVi2MEEJYepM4+m0pOboNPlcFw5nWjCgnDy6jKAyCKIxQQZIkIIoHKK3Fwcg61+KLUJ3lackBd7mWMqQGENUngnXXQ8d1Hc9VIhhuzZOsjMDKcXXw7L+kROeQkIewOFzhOBz1HzxSWhF01UmkDOYciRmDKms60Z0UhE7Mk8n4ra2tvud15vP5TuV3ot1QVBmIdpQDP+PDQVe1w41nHXUn3SVPiTVCRqRiW3RA5AD2q4RI+vG0FqZIgSmmUJ8iorJSHYWloAy9hRbC83fPcTHJUco1B6rCgApslMtlaHmgZCuh0CuKd6mSWRHW/OnPZx17BOtScWLtUQNi+6Cw2PWkuiSvKhOrRmrKSEvqIqzkT3U0K9X1eK1tW//qDNY36A+xWFJj8iuZbYIgCIIgeovvfve7W2655XPPPffss89CEP3ee++FnSNHjtx8882HDh0KcW74foXmEOzzAGLGKC5pBHw9+L//+78uCuyzzz7294cXXnhh0aJFW221VUqIM2DAgK985SsQwJ4+ffqgQYPee++9lpYWGAHWBNDChx56CDa++tWvst4AOoU2EmussQYM/lNPPTV//nw8NGrUKIiRP/7449dee+0FF1xw8803My0jgPC/XQMmImlvb2d9w+GHH/7MM898/PHHs2bNOuigg4488sj1119/rbXWyuVy8HvA66+//uKLL15zzTU4d3DUFmcAZ5xxxsEHHwxfs3/2s58dccQRe+21lxlq+G7/1ltvnXfeeegmAjNV14CnLrbQpI/E4gAMPm7A3TFlyhRj3DJ48ODjjz++63NLpRIa83zve99rcnUhbW1tMEo33XTTDTfc0MjaB0Z+yZIleBXcAwsJ5gjW9qRJk8xdABvwy9hqq62Gb/v379/t1f/85z9fd9118DsUSrVg0i+99FLY+MEPfpBaY7vvvvvdd98NNxHcEd/4xjdYHzNz5sxPPvlk/Pjx48aNq1tg6623PvbYY+FOgS7AqoOGnXjiibD2fvjDHx511FGXXHLJKaeccsstt/SRPIsgCIIgCIIgCIIgCGJFQPcBHhud8IoJQa+SPDQzgi85AAAQAElEQVTSdgCx7AHi4pLFsoJVUV9SF51VJ3kGZglHWE+wvB50qFoaIYiyOUlEJ9IkbWEmqQirXCoRomgXDyHhFDjRC8NkVKXJoyRkdbKdBo3mSQddzxWRh9YplTw7K51YdII2Hq6l9oC3nqtTNjluMSqh3QnDVCrM0snEQiZXOYFgPiSmVh08L07UVQKezrfk+sNjO7jWksVLQw3EKpR0QyinEN/3MhnfhwuqLDYSk+aYllRJCqQjWWQ/HmWW7oRVzzrqhEwz0UZFP2vWW2rko6BYKnrK40SoZijnFU8PCNdSGicxOIkVMfppLDQ72R+pq/SZOKht/Pih39x73t1/Y6wqw06V/oPV16Cwmj11XlmlUnuPrTjBukR39ZjtTX92QuvQYaxvULerwyvyOUv4QroTgiAIguhF4D+s62pQBPDKK688/PDDd955J+Z2YTq1x+LFixcsWAAbbKUDoW4h6ku8obWHH344fGG79tpru6gh9c0BC++88861JffYYw/o+1133YVZaXbbbbcmv3U89dRTMETrr7/+2LFjWW9w7733zpgxAzYeffRRprsAlX9FM2HCBPh2DaH9559/HiLu999/P3xZPfDAA1M1fPDBB/DahcPNCjJ06NCbb77597///QMPPLBkyRLU/UA7Yf/8+fPNd1Ro249+9KPaxCjQixNOOOHcc8+Fr+tXaqCpMHpLly798MMPYWax2KRJky644AKnadn31KlTzZR9+9vfxkHoXaCFV1xxBWz84he/uPDCC08++WRoYfPinj/96U8fffTR6NGjDzvsMNZDDjjggFtvvfWhhx466qijjG2JzXkae8+zzz5bKpUmT568fN+fYXYKhQLTt+GIESPOP//8iRMndnR0QN9hEW655Za12ZHgQqeeeiosyLPPPnvDDTesa4HTi9x4442sO/caaAw0A+4d2P7000/z+fyiRYuYzlT19NNPT5s27eqrrz7mmGMYQRAEQRAEQRAEQRAEIrt4t5Ki/Hb0vM+ugaF5ePIWO1NUQrFagMJq9C2xboCtWvAk5I3yAF7lzIL2J6bNIulsc2DuFYk5ezg8po5CpXeIx6VmcpLdMtU2AU/ZgrIIs1JEUiVdMblwdON4uj81wx5nLNGiGtdxPWXHIQMZ+6PEGXkq8oK+x0MxDkfJEiascRylr4mgNZHneag7gUeT8Kg3UjIdnc1Gx/5xbYtYocEcFPeoCqWMWCSDEjqXwPGccHynvX8/eLtsWUcZBlFEDoxnoEdETziMhCc911H6LK0+iaUwSuoBizuZKRg4nSrJXr62NkXGsiGlC8L8ONAPnShI+eYIc29o6xtoqyh0LIuCUpDNZbOZKJeLpSeeSjwUJWMDixGa5LoeHIRx8LyM72bguWq5WIqikPUZY3945LKXXyq89zarpzgRlsdJIhSJj6f2dOFxwmv2MNYDjxNhnbXa5ltN2KPZPPTLgcMSGyKJK0FdF2NOUu+qkh/pD0Yu6txIsvbuIs0KQRAEQdQA33vffPPNl1566Zlnnnn++ee1UNj/2te+NmfOnOnTp0OwGSLrEGOeMmXKV7/61SZD7FAJhHhr9y9btozp4D0m/kgxYMAA27RjvfXWa1B9nEEGvsA0n9Rm6tSpEGOG8HkqGQ2y9dZbH3HEEfD64x//GL5pYJ6dboEvGyhkqa3znnvuGTx4cNeno7gkxSabbDJw4ECI2W+00UbwCh20xxy+u55xxhljx4498cQT4TsqTIpJh2S444474LW3RDB1gSadddZZkydPvuKKK+bNm8f0UOAG0/OyxRZbHHvssSmPE8Pee++9+eabX3TRRU8++SS8Xbx4Maw0cxRaDgX23HNPFAAtBzDLKouoZfRYC4yeWUWNyhgFDHL55ZdDU2FeoHmwws8999xDDjmkyaXy9ttv33DDDbBxyimnZDKZ2gLoT9OI4cOHf+Mb37jvvvtuuummk08+ubYADJqtDOvfv/9ll10GG5tttlkX1crGv4s+9NBD0FnYgKk855xzYE3CzXv00UfDnQvbv/3tb+uO2/jx42FArr/++l/84hfXXHMNLFfWBPfee+/MmTMbHa2bLAnKP/zwwy0tLfvss4+9v1wup0oaCyK4/VmS9gj1Mfvttx861kyYMIERBEEQBEEQBEEQBPFfhkxyaFQi+XWfAvGajfiNZLIvRBaYAsbhSYBcVkkPtBABM0Kg2EBW9idnsOXACEm4Cujjv9pyAd75yn+BKVmAytziOkIPWWIaotKa6Bw1UD7UB5IcKul+xd2QyxuPrdu16ppQogAbkQ6Rc4mxbjVSDvRIhbxV9hKc8UQHoko5mNLFbhlHPQkcjqPMQs+6iBOMaOGA1hk4mGcFRkgJV0Qs0YnTdGCknrN4yXCWmNPETij6PUx4CD8e91T7oXoYQS64xMm2pliHwVMd1mFwneiFuY7jcZ3KRrVZX1gZc/DEgCIZseVcJKwpCw6v+rGg0s6oKL5K/wNv3cRMIu4Gd0Ll8sLiMcZB1x1C4QlP5A5ajqD8TsK4E5z5uazre+1t6uF4R2cnPKtVApAwKrJSoPLV+NlMVp2nZC6R8k5xXW7cLLjdK6mNZVBExI0biulIkp0HNjym1SmuK/BGDcMIN+KbVXdLiKhYKMCDyGLBb2kpZ3PZqKUl1p1owY2WCFVcVaBhEHEJM0p0UvL8ov5Tv75jwi9On/GTI0SpZD4tqj1O4gGXrLHHiR6O9J6UckWms+rU8ThhaKJUv57coCHbnvV/rC+R6F4j488zlJuYzykbkfSBs+X69CIIgiCIhAEDBixZsiSfz7e2trLeAyrEytkqA3yx+eSTTyBy/OGHH86ePfutt96CV4y+A+uuu+6OO+74rW99CwUTUOyee+6BkPCzmrPPPnvbbbfdeeedt9tuu65zUixatGivvfZqdPQ2Te3+n/70pxDFh43nn3/+L3/5C2sMfj2AvnSb0+SAAw7YcsstYQNj8N///vcxnSJMN4b5MS4OX/x++MMfXnfddTAUX//610ePHs2aAIPlEOz/5je/mTqECoPlYI011oBoehcFtt56awj5z5o1a/XVV0f9wfz581955RUIwHd2dj7wwAMvvvgi7MRkKD0ik8lgYL5JvqlZvHjxm5q5c+fCshk+fPjkyZO7FdyMHTv2oosugkX4/vvvw+ucOXMGDhw4cuRI6H7zQiLkoIMOgt8x7F92Lr/88tpijz766MKFC30NTDqsZ5hraOeIESNSJWFOP/jgAyiG8h0sAAP+t78pY8IjjzwSXvfdd19YhBdeeCHmQvr4449h6fbToEioqJkyZQosJ6bX6rhx49Zcc02YPnMhmCwYNLyV/vWvf7EuhVbQTRjkTTbZpO7RQw89dI899jBvX3/9dbiJoCW1KxOAdfLkk0/CZx1mhqor7sGcNQceeOCxxx6rbCyXLDn66KOhWlhm5513XhfpgQ4//PAHH3xwxowZMAtwR7MmeEXDesLVV1+NzTOOPqgmmTp16lVXXZXSxsFMvfzyy0888QSzVDhjxow57LDD7rzzzq7lPgRBEARBEARBEARB/A+S5JxhKzP8KKuSwhgzjPgfyXpdAoOSCye5YuVyptcmdI/yF564BpgEMasCXAtkjGsIanPYChBH6nWlTEa6TkeLXfQRiYH06jQdsvFo6MkUUaTtPARLkgChFqaJ3vFqwxbt6OI4ggnTVjQ7YSuLOqITbIH+13Glq6xKlNBCOX2UgjI8KdWpcyoyH55acHobhxJz6GjFh2xhPJPLZnM57qpRKxSLQRiWA42QoRsIpZJSUpwglJEQ8NTfcxyjz7Jq72aAnEqSIKUGYuhxomGJ1MvkzUmUDCzSvjdQplQqhVGU1cCTZ9dT3Xdcx4yOnjLVMPVcGkbF6dtbp2X10RN+eeabvzolpRTR4y6rfI1iXVusNhINvElsR5NaHxTWZZku6tnu/12S7fvIWTyJXN/F9qqovmVX3g1EEARB/LczevRoiKpC5Bsjl70FVMh0dJOtMuy///7vvfeevQeat9FGG2288cbbbrvt8OHD7UMwLBBiP+KII1544YV77rnn4Ycf/remf//+t912WxeBZwjqQ3yd9RCoFjdg3DBC3C3dFjM+B9CLG264AWLw77//PoTPYbrDMIQYv52GBo1YIH7PmgOvDkNUq1U66KCDus1J9PTTTz///POsh0Dg/+6774ZvsBD7R2OYKIpOOukkUwDz2sCEspUCDOBWGtZz1tCwFQNVIN3y7LPPomrEZqeddqrN4PPuu++eccYZdhl4hcUPX0r32WefyZMn4364laDX995778svvzx79uzXXnut9qIoomJaznXjjTcadRcCp9x8883mLfwetttuu7EGQA1//etfa/fDXTNixIiWlhZ751tvvcV0EhlzT9nA4jnrrLNQEgd87Wtfq3u5P/7xj5tvvjm+hd/kFi5c2NbWdumll3a9tHK53Mknn3zssceuvfbarDn23XffbbbZptHRd9555+KLL07t/OUvf3nZZZfZNjOTJk0aN24czN1VV13VqKpdd93V/oT/3ve+t99++61SokCCIAiCIAiCIAiCIAiMBRuMvoFZTie9lHxHJj9V8KoCiQMHr6R+4atYiFZbVDg6W1BKbNCzahhLUr3H0gJH+YjA/yMZBWGU5NaxLRvMtVKzxlhFtCQiqCESYQQbjqsVEdrvRpvHdDeQiSuH6Rr0NKrya2ErGQ8fp8Y+PVJU6aPQfoVxpa3QvixuoIpDt6NQaTh09hll9OKKeC0nsiaOqg58B+VK5RJTiXMk87O+77e2tUGNxXIZypXL5SgKtCdKEUUdnu8pCQTj0oXAhBJ8wIBz7UuSaGK0/03STntA8QZLNCVKFqRskrRGBA/ZXjQQUVAiBhk7tsChKFITyzpYUFZ6mIzG9z3h6qa4rowTKTmu50P5rFbjsD5m0OZbjPnp8e9d/P9sjxPtNsOrXE/sPdUeJ+ZwF3tYvT2y8R5p7dny1DOGNv77y95CL0/dFp3VSTqxtok5PPUxUXlL8hOCIAhixdh+++1nzpx53333HX300az3uOeee5ile+hd4JsPGnLURs27AMK0Dz744NixYyFAC6/rrLNOtzFXzJYCnHTSSY888gh06itf+UpdxUlra+vw4cP79es3cODA2gB/80yZMgVmhPUGRg6ynYZpkQ1834PwObyFkLNd+Cc/+cmoUaPquk1Av9Aixea3v/0t1JYyk4DxHDRo0Le+9a1uZTdRFM2ePbunSWQmTpz4u9/9Dr4dwdyZtp144olLly6FCmF7s802Ww7Fz389u+22m63AgGGHBWDG0AaWOqoZYCXvsMMOa621FmzDJwOcnlow48ePhzWD28ViceHChfAKv/Xgbx/AhhtuaArDqks5cECTjCUMbEB7bAlUkxyiSe3cY4894LatVZOcd9552WwWWnL66afPnz8fOrj11ls3Uo8ZxQkAZS644AJYYM340GyzzTaXhh6qEgAAEABJREFUXXaZ7emCwOdVR0eH/X1+tdVWg/UMF+pCdDJs2DAokxInwc4zzzzT3gMfg7fffvuMGTPeeeed2kpguuFWTeV7wt8BGUEQBEEQBEEQBEEQxKoNTyeF6RVQYGHnIZHNN+NzI84TVNmhMrkohwqV0MQkRYo9NbSmIVGh1DY+yQDDjT1KJaeQDo5riwQhoqBcLhajctlW/FTEJlYltc2FOrTYQilOVAScS6bzF6V0RayLzsbdlMbqxiTzSQqs1DA5n/2bHzFMWSITyVIydokViE4LpJ0wdN+VQgQemZbKpSDAbDVSW79ITDZUvwMOdz0/m/Vbci3wQBNqUzYnWtjRmc8rc5EggMmFB51wNJPJ6hQ2HvxPST58j+vURzjDaINjcqwYNYnZMNfUzRfJKoobr0RDQuXcgW24PLxKrZhBFxqtTlHiGNdxfZVhx4dXfAKLltuOq6QnvJIfS62IcN8Thwzp87+E++C2Wz+67ioRZxeKO8iY8TsRlcRGNblvRGI8Y7QjtWVi55IGZURNGaEtYuB123MuGLNDn8TMbBYsWJL99/nSqKIcR8byNLQPsqQzTCXPim9sUaeqOuqwlFFK1SpKNlh6Z5WEkNU7xRzd/jh4HTWy4Z99EwRBEMCyDvXn9f3aezOLTa9wySWXzJw5c6ONNtpll11GjRqVcg7oERBY/eyzz/71r39BBHTSpEk//vGPGUEQBEEQBEEQBEEQBEEQBNHHfPLpfHj97mUPxu8rFh12nL9mi6d3YbSU1TuH1XeYMLtko7OwWojkOtxkpYgTwxhBA0a9dTAbf1SYUgW/FWEq+qli30mildoLVcKasRQA1Q5cRirWLyOxZN68/NKFolxkLFLXcjwHIuS+euUqQ4jnep6K1QpjSaEdI2zBA7Ou0NXgdE/3th/GPCTxLsAToNXZ1vbWAf0838PYuvatYNpfIra34Nyrbhnn3KnUGv8boSxA6QoSEYpSnOQLhSUd+SXLRBAwIbRBibQ6G0sZGGdW6g6eNFNy1/Gy2bb+/XPtrTCkjsr2jlFv1ygf6vTV3ikrhOVyGARhOYhdQ7QAItbHJG1uYiSXH0+Y2o34pnpNsiQRE6bSQdcTD1YS3ImiqPQbqoW6+UlZWW1Qo3YIKcJAeZBoYYT6e1CYQ503vTIYcEOEMFWlchRm/EwofIluHozDGq7UFnuqcNmETRBPcs3gbMJq5ypRTqRnSa0quEsCWAcsGQB9F6NRSrkEcwOzo5Qx2Ww2DGFb3UvQNm38grh9ODnVjNl3fyeTee/KS2sUJyarjmSsyrrH3iPs/Dh4NClTcT1JylT5oFTXI616YNJ3uPjKUYmXeJ8jjSeRkfwkqiOH2x9aOt+VWmyMIAiCIFaYQw899Nprr31Vw3qJ9dZbz04AQRAEQRAEQRAEQRAEQRAEQRB1QaWIrV2o0jc4DhMVeYE+ocmKe2CJgTF63nT5+AJ4wsoJqNvhYqUsgUi+o+3AOWOyXqIMnj6/qeCy1j6g3UUYCK34Qc/x1LzUORPVJCioEEphoc1OlHRBCjcW7sj6Z1U1FC+UCKcwCw3HHyljwcnKxTO+6xVXBp0GBx1msAMCVU4Q2XcxnY0SMGHXiqUSjwT0IIrUsMRJX3hqStQOWOlhFBaKSgQkcjlP606Y9jR29DCUigU4BHtKxXIYiYzOYMRiXxPfVWl2jLKIGaVQrH4QImUgb0tSUNNirFBc14XySrnkeuhbEgSBEDJ2zMDp0R1VSpgQlkuB4axnBI9caKTnecqOJVYmrTxlw+i9vu3mWmZfdG61x0l9RUhX/iWc26PHGp3VZT3Qkq9c+IfhkyaxlQUuPq1PEuhlIkXEYN5hZYjY+caU5LFDTw/SChAEQRBEXQYMGHDcccc9++yzL7744rvvvrtkyRK2vAwcOHDcuHGbbrrp5JUm2SQIgiAIgiAIgiAIgiAIgiC+mPAqE474LUa6cZ+DjiMQMLUCu5hRpotKu5aBqAQaUShEqEPKcQscHmegiMPTmFxESzuYdtZAzUSjC64EtBKg6q1qG9cSEZXBhqPTCVOtVT3RThpKrKNUO3FWHev8yqbD0GYm0dwoUYTKrxMFpSJHOYtWoVQu7XAThec8dlWJa3XiAqo+aBdUUw5dz4/z5CSZXliXGF2H0UJwLbAR0MFIyIrChq80+YnX5XWkvZFksYnFKJ7v5XIqD04QhJqIhdCJMFZasVSwn2PvVSJzrRnwdapstAzxfb+1tQXWaalYKochDIqIREmUY9kOzHYYqYQ7nuvr8qpBRopktDKNjU/Mzjgbi94QieBLq4Z4UA5EnEcoliskTVZ7yqWyXnTKoyVQnizqHvLVOz8ldulrRk7ZxRswYNYZp1oeJ5VX2WhPyuNEyuZfZY0SRfW9vf+Ol189eO212UpGG+kwrSmJdWA4j/p2dXTOHZNuiREEQRBE7zFZwwiCIAiCIAiCIAiCIAiCIAjic4Kb7CVx2h2mfRLiyDHrBaQ2MZBWEoqa412cLNnnFaSVlpxGpyFykmxEysnASFJkbIlSMY4xao+GNcvkXBSpoF5FRsllZVrbIeNpSTWPmetgI4QUkdDSE8lc1shqpVHU2zJWQWcNhyesNK2JwbObhRvGQ6RSyspaZfmFOJmMyo/j+1G5XA6CUDmGMCGCKLWgebIkcbyDMIyE1hPxWPrkum42m8XBYIViIPTQShYEgat1IsLzXBFJ6asWo4ZLxm2WVk4jW9TDqxVcWMAuGdufMC5Uxh31U9YJgJhA5YnKT4UFVBkRhUE8Ko6r3TV4cjnfZyuXYV/6sn/BH177zWnlRQuqnE5wNGJnmvoeJ7za46ShD0qXHif91hy/w0WXto8YyVYulflNXrX1kLoVVdowfOvgpwgpTgiCIAiCIAiCIAiCIAiCIAiCIAiC+G8mDn9LTJHRHN0rEozcRDY8Xi8Y+/kGaPUwWCmIINivUp7wxGiEo2uGtMU0EFrmDbPqoBOCsjlBWwTj8IBqEZW2JTSOCakTYzlQosKJUxMl2gaM6WM1yikDa+AskVQ0Njux1DKWNALlDbEZDkuUSStTeVIRnRhxTW0f9DigdYTSA7HEY8P1HFcw2OE6Gc93uaslHJzpLDk89pCRPNEMSZ3yROesiaKyqpdHUmSzWY9DRX4267qOl/EzHYV8oOxTlJ9IsVSGoW7JZhzH0Xv8LNP+KKg80a2qOAhhaytGF7HQpLbbEv1YdD+U1UrGdz3XK3vlMFCN12ZAzNIHOfoqYaB8XFzfUy2PosBXjczlxMpWnTA2cIMNNv/jtTPO/NXSGS+zav8SkcqPU+1xImrUJKyxD0osiKuuZ+zu39r6l6ezzwPjSpR8esqKFkxIbYgEt6ZShXGtClIlExsaSSoUgiAIgiAIgiAIgiAIgiAIgiAIgiD+64jNHbqzuGjCAEPaTiqYBaVylaqCLJ3DR8ZeI4xZG3JlKFFkrSSA6xQo9TP+8NjcoMvUGbISXeYYNBcS1SEqP0qkhAuB8imJRF1xh9XxxI0k8T5J6U4QVtcZBE9MNRKKORxFMPaEyuoirHkRUm/gNTpQ6x1iH5VmmDnzPM8FtFBDDSvnbuREagPFG9wyqIidRpSAIwxhTySE47jcd9z/z955AEhWlWn7nHPvraruCT2BMOQhCEiSJAgqKoiBRcWcQMTsCob9XRdddFFRUDHjirK4KLoiBkBQJKOS0wxRcs4MTOruqrrp/F8459St0D09wwxh93unqam+dcNJt6bp76n3JYuber2RxImJkzYG7bTTFBEQ2LNlS7hCHmF2lGVOxUQ9diZVp5YAiwwAaHpsPGhNGRJcIs5jaFur3c6geSVNmNsT+wttYd4Imht5rxTYMqKeBdVnzd7luz987JK/3/nTH7cfebDfv6SfLxngcVLZZ6APSnW45myzwy6f+/zcrbZSz5a8E5GbXPpjfJvptqReGrw/+e0irL1n9K4SiUQikUgkEolEIpFIJBKJRCKRSCQSiUSi1a3AE1Tr4FOgSaZ+fhscKLTz3ujZ41l2NJlE1trgsoBOJ5iP0WtEojvhOqb/cM9I9JzToyEOOrEWcYcCi9MqVNv78nQC1OKK2Vb17dHL7VirgqHHxME6bueeA59VxT2hPhM9Z4VR1lz0Dw80aQ3oWlmaVOd5oU1ewEAjVWJpuJnfMNabVaDfSVmoQrdbbW21jW0URZaihuroa6KRZTGtZquFDiPkLFOgcgo10kP1emR4HWhCrqpropO+oiZWmGPtGQXoAly0tLZOWAxFALk94eJsRwPtx/Qgi8k7CgmmHJqmnj2t+7KXw9d9fzzt3l/8d7r4KeXfY3rAGlVlTfw+qm+fsm8f3jJj/uY7fOKwDV/6cvXsCrNzfOOMNf59TgenIZK2LrZM0/O+RaxEIpFIJBKJRCKRSCQSiUQikUgkEolEIpHo+Ss7INVlZcgDV3PtQRcYsCixbqxKNcEJJ/cIebZUtQtx9hRGV5mBYGRAO0zSA92J37EM4VjKwLHO/8SSRUlJ2EI4ta62ZLA7RnUHB2mQxYV11gsrIVcL75ufasjOMwmiVOJ1grkFcTi+aM+BP6bjGGF9e3tlo8jUG7UoNlmaZ5kpoiKHv7OiM7saR94ws0OmNUWRpUVR5nm9Vq/XGzpJeOaT2ESmZhAZKNrtsuA4I5y7kl5vw4ka9XqSJIoXhKWMJvS9iNjgglvpQaDgieL9WXA36/EhZF2cHw7tGCVRXdVb7VZZFESc+LVJuI3NtYppZUH7ytwWuXq2tckb37zha/e7/6w/Pnja75uPPFiyGw97mZTlCjxOKvvovnSekc1esNXBh2y672vVc0DwxoDrk+4+HaKBAndSUqqOv3m8kZFlCyg2RLEODyuVcvdbifhK5Rq28ui2BJ+evo3WTnizWtt1QpFIJBKJRCKRSCQSiUQikUgkEolEIpFIJPIqywmtDahOa30VNMR9aFVytojyWyoWHBMjBq4u3EkN8fYStgxuDtaxJqACvSPKgp1OOMVFder9LtyEq8mmYgxRdTpQa7RY6uER/3cnD4VeLDHiJDZxLbHomFGU1FLFVAD2VPt0HQvFZ1c3J7sDrVytmUEGT5lEylWW3aWLPLelJqcK5ijg5d6pnAqUA2csiqIsChhvh7NAOx020mecUhlJ7Wkh7QfBGGiIKei4yorgOnn/ygguIWp1GTbEeZ5XzU40t053vnPP+mKQekRGIegUgjk1Jo6ijIxJYANcgZ/joFEOT+msKggdKG2ZZVlgIJIkgdnFrB0c0jpTRu12Wzn3EQsnSdMUhp6HC65kS2NNaXx0j3ad0DbksPju0L1hqL8lPVYpHx1wBe5I3dbzIqckoEJ1blQilwryZIHrWpPbQj0HFNXrm7717fB147e/9dCfTu/J1oG/Gmuvu/XHDn3yhuuX3X7r6IP3F61mfZ15M+ZvNnenne789a+ajz2iAnGi3DvZZm9+x4v/9d/Uc0iW2SFGiBwr42dRey8NAIgAABAASURBVC8kXYnYyrNMcXxSHHGYGVF5/g6srA+tHMKibc+boH+b6npL7Ittqr7a9yYq5IlIJBKJRCKRSCQSiUQikUgkEolEIpFI9HxXsJEIG+xqMpTwHgousKIvF6ZCmqipulj0ZJ5UvTGsS8mx3S+weYTlCJDusJFwzs7JnnVxgZgcR5x3CFfGOeEkipAXUcGRQVeCbtwwW0dHuJNpt7+tpuqQ74v/VoeZYnMLx7B0DYcOxesBPh42vIDJMBiskiNUEVAEd75Bo9t9Ce6RM27xgIR7qbN6dAVNWYOK2+02DDcFGnWasmqCYyM8V2Q0AkQciEPQCfxXZHkGowYzXhRIdfCksImIRe4ktaWbt6QW8Q7wWG80NBEomKyT55x6k2VwstzZziQJXtEapl4i61aDYdMLoydqqg2uNRjX1AUfwbYoiuGyUZEUaHaSFQVyM9YlV9GKKkqiG/CPei6pNnv2QI+TqNHYcJ9Xw1f/IXf//req2/WE6ZPazBH1XJJ7Vwv3fwepY2uXDncS3j0LnCbaN8f1QcRRV/zSQExMJBKJRCKRSCQSiUQikUgkEolEIpFIJBKJnotaZcxlwIFaVUJ2MOUDv7h0zlhDADn87s89uXIw1YENswVRHCdJFEU5W7ZUXD06PjFT7Y1zDuFBojAchf4pVFXnV6dKWPhG+EG3ZVHkWV4Sh2CVN1vwngsr7LXt9ipBTgKNMzgCyHZeWPMGCXGaZkli2aFktWQvcVpNrGPro5BwWqMijqO8KNrtVHkUgEbOBZ0QgVSkWRutT2xSq9f5WFgKSa0Gz/M8T40J3Ansn2WZbuoyRzcVJpUsX9wYP8SIICB94lXtYA93or0tShCzONT4qCiijPxaSnQTKl1HaVFpZdRzT7YnQ2cFbz66J1XHP1fPLblQJu/dZNxdV06ac2W9FN75CCfRA74UILLqwrB9950VpxKRSCQSiUQikUgkEolEIpFIJBKJRCKRSPSM6hkr1roCKfl6lFw89dE52n2m/zn8KX5X7Q1gDGEn2sTuNf/QtfOgMrGX7isX4xBYHghrC3LLKMvCsywT8yvBbWSiLUSaIH7AWMsq2V34RBuaM2NKU+qSnSnKrh0q3VGrWzGMTVmUucrJpMSUukuhhSs8UZXYoGmCZWiUn6pAb5C1SWFtrjAux7KFCTnccMIQupjAsMIhgTvBaJQkCc9dTg/GGxXtdhv+igg5SQhWqsW4ehBAsSr4/fS3v+MtU1lJlWwZRxdBC+EpjEsc15GEyvMsTzObOTiDDyqfE/E6VVXZkbLiFzTh/sr3PCTsuKPUc0qWVg97FnGalVVV1xO6E7tNopxxC92osP4wXIdJE0PT5+7b6iF9vicCnIhEIpFIJBKJRCKRSCQSiUQikUgkEolEomdC/dk9HahAPW11eZbYwFfwVUrFJVeOLDHEWFTCUuwgHOO5IN3Jx1E6MlGSRHFMySVFpckVDwLL4Sna9p7BB2zwKFH/g+0IeohgzdnmWZa22hjMolykygomJoAp3ftVU3SCmYxzzfApO1PpeGit4gp6n/9Kb8pSF/PSf1K1Corr9TqMS5EXWNGHqrzWMc0BG4Ss1NoNAIcDhpgXiWPCSvBUUPtvDMG2NvSrKHDhspsJe4eEqczzrJ3SC7HzGsHOxZHyXBJaj2Q5u57A30VZFiaiKJ8YttRqNZh67ErpuJMwiAPoky4uy1bmValKWguOFJvBGHxeoA8P4hnlc43L4JYHtxK3peN3MuFRfXva517XijynKTAuE8d2mZIMfI8LlBq648B/tHoQTUGbFJ+KxkwO42+D47G8B5FIJBKJRCKRSCQSiUQikUgkEolEIpFIJBKtEWn/6Iq3k+/dFXyz8uorjaLbAn5BIZ+sABg4CX4AnDNCDdTquVVKJnsLZgkoRyVCbKDAjBTKNlHc5EHWJmyg0b2l0jU6ayeIA0eozNMsSzMYJYetTJmnsD7WIxSmeXDDBZFFmMq4dlunOEil4irCreKNkyyi/oav8qTGhiiTgoKC2GKEERD4NoLyvK4SNitQ1RzFt8syNcJjh2c2jNXoPC+KHP4UaLVSYuCON+3Bh3a7medZvdZIauhfEloFTdXQVFwaeCFuNvNEBBZYx6/Uqdlo+tPr2mIDTkJMDNNJPcqLLJig0Cq0uChpVtBMpQYNjrIsQzbquRdBo3wfS4dBVTZNfICqsiYd1um5hVmUeaEiJH3QsyRyLiaBWwu3dBeJBtNnK2PgFjf2EJaHNXyjaUdJ+ffHCZyURCKRSCQSiUQikUgkEolEIpFIJBKJRCKRyKlSgw2V7m7pnr8nPVvpkjbCyQfWeHuxCbbJWHkKpHMaOtZQ8TRFu4ocLSrI6gQNN4z2KSI+bIdMUDCjYmLrhzWnAZVcqP2WWBfGyJUcXSOMiSiXxajesJYuvxM3BGGcjXGvqJLYg4KhCYURLiWxOCWUqsuiLGmIKueZwvzazoC7ujTNHUV2BIcOn/dRgUXChYIdhunKq2FGorAhV8ifw+EydsL2qMqqqSwG/2RlpjRmXxMKvim5xRhe4wkPhDyoZZ2rV6CNqqpbgt+JZbSGw3YoRMcWZZIk/Bwm2+QFzksBOxXUAJw+7kpR5K12qygLtMCpJe4eI1KkejnmTrR/Qi+l8Cqm7aiI/X94cAP70p0fVHHb8YIDFS0dHgdoD41PwYdTDBGeMMsya/PnniNIb1ZOJ0tqwgO09ciJei47nTBjZHhlRVaXiu4aw2wdk0mdm5X9jmzFHIr8oGC1Wc2xSDqi9xqjKwZF7om1KyC/RCKRSCQSiUQikUgkEolEIpFIJBKJRCKRaHWpaj0ylVJtX2xK2KKdpYav7A+u/HLEDH06n8ql+KTIUyjTk40EuYAgvcEmIp2jvAvKs1NJrUT9sKWAaxnCBorqvxh6gcyM6u54H6zjBim86oZL9dbKydqAAA22KilKl5hjncPISgyFVV2ECpwYhjtDmaRmYuVTd3SFUOk7uduiq4PCRjQdBAJNU0pdqX13GlCR9tt66JMOcDA19ASxEr4MMxbwpN1uY2QNphzhxOAOHtHoAnamiixZF58URYYtY1SMjAkoKorYlPhM57nKc3jMrQN58Fp5npZlzi0M7eRHDO5J/HmIksGmw8AVRcpZKtYidxKZ4FnSaVCl8R7KCn3BFhrVsdAh7sTZooScIEJYHMRQlMVzzBPDpcWEqVIesJpI1t8WnVye5x5xwpQPsUqYr4QtNBb+MDjCNw/t2MnYqmzqeoPmZCR3Uo3sCk67cQhSWaHGtArLQiQSiUQikUgkEolEIpFIJBKJRCKRSCQSiVZdK8pb0FXs5BkoUXqMgjwvoC4OZfcCH1U3GqG9ewZ9qZ4WP9OqXJItWlwPsMRvoZIcJ0kUR6587MJrzMBhn3Q2yq7x1w5gKJ0RRpfpQ6UsrSZsdcfzpotbQJeSHLmTGhqrULO1UpNyLK4arjvP/SUoTogcNDizJXARk3MxE7mcTH39xWwcEtY3u54gbpLjosrzHDZGzG4MGnKte9e99rFDFU7FMzTkYhMjK0IGEwZJFIRPypK8Q3IEgwr0pFG2cxfB8s7yNtJIJlKdi5HpCCwX3G4YPYHtBfnPWDTQUdCDWhLXdT100DhLHJeygt4nyuoJOsU9JrjEkHkOzZM23sgoRO3E2pbqOaPGvHVnbfcifk64leOQhuatP9Ehs7fepjYyi/cLDjtw7LT11lPPGRlbZlkRRVY5nK7Q9B5YsoOQMX33VecpOxB55Mula7ldYKUwrkZwkTUhSUt13c1T4qtEIpFIJBKJRCKRSCQSiUQikUgkEolEIpFoQk3CnfSFtKyMhUb3RaZ0nOWyqctZIeYkZ5sTb8EQwkOoNfpZYUwmEzaVjBUYUYAWxrW4Vq/HcQJdK70LAbs2dLkYdJ+En/TPS9dLGOJTZinFD5U8dnblasi25+RdzjYhs2WFYT1dETT+0VfCmZ4wiJw4bkY7+sRW2+D8TCodVE9HcWh9WN+1Wq3SNVtQOlEURWFJ6QkAFC/LYTqqcs+E3SmbxsIaJc7Ekp1JDivYEyGErVjMSYGpYsIDdkAvFG1qSR334XH2eIRhRSYuY9iNKRmEZtKszKHlNWRTTOTjizpicxfmTvxQ6tBs382wCks+qrRBMCaGw4lUkavnjOb/0xvga6UO2ePIr6rnvGyR+QQlnCacOUPeNrgmKEGJYro66l6iPJPs+ML/4QNlJmlceJjOY8n3hNJ2bOfeJCZF6+7bXiQSiUQikUgkEolEIpFIJBKJRCKRSCQSiVZeE4ZOdEMmqzGagj7Tbwc3hXIiFDqcZHkGXznH1PQe/9z7iH43sMFtZqsP9MAoO1YxK2j5CrtGEIjBnJiizNptGCV2uBi4KzVowCsY42EG5Bw5IoEK1tWdJzLOmKiNFuveXcE9qmIX0tdK19CVdTSZSC6zpovGUCpC+KeDjBTEhQRugwGU6llc1FN3N20lJqqyG4pPxdAJDCAsXNiS+WwXBE7Kkrx7YH07/5U0TeFMcRQzZMInCVfBZhur0TrFhLAdeISjSiJmkiTmLQlJT5RcxcOs2e2i7N7C2IK7qOMfuF9ZS4nWtPIWvt1Zm5V5GVn0zKEZR6SohHWBTkFknuRmyt/quGJDWhK/HfINF9ZnXpSKmCdckbpqhKK0p976VwuveVv5Vk/hLUkkEolEIpFIJBKJRCKRSCQSiUQikUgkEv0fVPA24KLlAP5g9X0CnjIupsIS6M5jqRCnKHJMnUHGwlStKLjhU2nfFFkZ95n/lRenWDhPDb4iJlpEPk4n8hEYHVTBdoVlUEgQuoAMru32tIqjhyhrBWEDhBiyHE1U7KrYg/AVHSCju+JstOvYxAxIZW/uu4crSgyFyQuNc4bRMcblgLjeumODxYLtO2GlGez8wT3TYTQmMyTBhzjP8wCRMHECY2RwkyoI38Dhs+SoQysLXtI+m0aHHCA6W9lJ1ekata5W+rG3bDiBvhIaoRN0euGBtEVeUhySpsQonDl0foHpS1s2TqBpmMNkImctg+4jRclGJAZ2M0oXsIlSimh8i4wCgxJYAEmBRjpwKGzh1sBGbbQbL9vhTdjzAhrHndc+ewhvMG6+jnltwTH5Yw+W628QsntEq114qzzxEKxMS+ukoPgbnGrHgyGiFZVKxwYml/2R/A2pqywIv/sYrXhZ80Y2zYFVpAkwQ3+dQFxpSt2hU3QcccgrKTgQ2cq65tuhQyOtTgBRJBKJRCKRSCQSiUQikUgkEolEIpFIJBI9XXVghRWV8qql7imZkwy6GP9dDryWq7R7GKDsMnQIuTD9p9QUGBLohbB/xfND2co1FJMZ4UpdHdCu3kn1fmwDX5hMJKz7UD9/zB+qrFCPxwI6Vdi5JtvjS8EOAf7K2hdT+/rRnXDTdcjkT6wbFu/TYV1KikabEy4WKxpw7jnTFlzuR/ON4P2hQ0ut/6YstdG+3MstRoMTyslAdwSoHCMgQIbMqurGAAAQAElEQVQGleUzeAHYbrhDU8mboQx3bgZC8ISlr1z78rKdmAzBNA9PqHBsToE+NWmrFccRlMuVhl64OWRYSKnwFRgjjfOoJlSYHRquqkuOri65MC9xu91OkiSOY86O4ZdgkVjEMrTFRCJMMOETczGeSRR/Uoeq+O8q/e1DezivRrk72b0OdX5YrpqJG4X0Sao5cMfoIofdCjiQ6BO4cp5nBKEUSa1G3AkxArioneOJ5ZVfwPRjllLJzJFF5Aizd5Icnmd5XqvV6vUaHAyninVccWThUbfVaaN0lRA/5IYCG23cVZdfdeGs7Xet1QQ6WVOCyWvecKFytz3dbBHMHd0NOdyfWRmVNkazG6SOiN0yxBUZxUxR17tzcBGylRQuuiFL+KvgjZR2xWgUvUlVWDjdWSKOQOK4M2tlBYhEIpFIJBKJRCKRSCQSiUQikUgkEolEooEahLk4DAFfVb1BHD6YpO8Qtu8g+sQBAh3nEN3hM4K5BX0Xivt+Q+lOgjVWxinYjIIMAIx2dhPsHaHIREIZd/5JgAXV5aXRMSNRUz1kBU/YqqRju4K1W2wa2p1ESa3OeSvhANs1iNYbaAT8gv8KDIPrWyVjCGrShmiQwpJfBh1gkPVwremTHtAx2wGUOpYXyl/QsS92QCCQ7jsRQQ083YYBjiLPs3ZblUkc8ZaC/DLissRSuuNO2Fehcz5eDGry5vdjRdVdwjDHrVabg0iQO1EMqxBUQZ2Fjch/RORz4sVsSlEUEVb2I+fwUXU4cdewE6WN9PgFVSN7OHmnQEgkyjJ4mvOpjFsctihybjCm5sSxUhEH7oS0FE2JPJE3k+HD2bUFv7U2y7KC0nE8d+IYGrQ/8e1R3URCuKFDy91Q0LH5Q/dkyxbX1lpHidaMsuVL1RMPhG8ZgGL7HbjNC1XA3GECVEkxXbCEIpO4BenugxCs5ZYZWSYFjiQsHuTy0OSGiJPIGmVcdJN7s1bhJP4Yel1VrFUqby3icyISiUQikUgkEolEIpFIJBKJRCKRSCQSiZQKmQmdR1f1DDtUiQAPnbBHhlpJ2ZWsU3I9Pc9zKNJXmtNpDLEnph8JeBY0oGcOM0DbiXqDYIPC9rYTbU7UZCpdYg+bmQSrFOWLviUhB3lRYW5WsRg8yRBOMrjVteHtR5gmKbN2O202oX1oNhJFuG6I4bCWrROY+jG9pjSr2v7+RsXNZhNWD4xPrZaAqhkxhsNvyDcHyu4UVVOUHFDElicKv42x5VFIpdGDAqgGXL9vN62576pWq8FpoVEw3FnmrqU8N8DrGFc8ycYYqcK8SMBWqGdu9YeQIEWgDDu7YOwSCXrNh4Dg1dCG0EJ3zm4MJeygfK/TJx6fJtDJGpNd/EhjeEjRDFLkksWMJ6McbATrgVAybZGPgo2Rigq2KiEuj2bKeRKxVQm9YfCN5bgx5UEivPU4wYcxvigytKuz5+GD/Rt7lQTTq5w8JhKJRCKRSCQSiUQikUgkEolEIpFIJBKJRIO1spzH1EuWIcOn5OAQ+Et5ymSFV372ARTlarTooxHHtXodS/ylMwOhgrDzD/GJLE6dHJQeEXHinA88BUTQBrlRUCSLfdYrwlyWDsVvrfM0TVst2JY36jEWtxlUKoPzAgd7BNqF/BSCGcxq6E7cbreQWULVa7U8juOkVnPgBfmrhPEPayugGEVRhu2aDpkicdIZjW6Sg5kPdh9BdIBMTKIo1ibNszzLMo+PEBrglSSqCouwVwqeBA8tC0RqCoZUFNEqOcXr8KVh/JMkqddrATHRFT6r88R/G9AzfokNNuDbZZeeNesFW+k4UaLVLVtk+qYLp8+YDsthfLyZu5AyMnjCGKZOHhXe/kXHtgRTl8oiMuR9QpYlqrKACRPBNVN2L1h4xdnj5IWFRUReOrp070Yd/xvVDaG5t13nVKVEIpFIJBKJRCKRSCQSiUQikUgkEolEIpFokFaqqt4fsTIVTeH8aJKh2TGjhMprDpV1S+XXDo6hdU8BfeUbv+ZFoIk2OopjZzIQhYSdidAZPXAreQ+4SjRv0OiP4iJQKE2lZJiFuZYBcTjPlKqzgLRQXhQmK7J2EUeufF7ZrTp9tpNMFKJ9Jr6KmpLiVrOdJBiYUxY2S/M4jupDRb1e57wb8i1xJ8MkHQ0TZMogDOFBjINf5ckL3Zsi2VTd37MsBaMnnN0D54dzp8SgoGMN4SM8gJyS4+EVZ3bCxzrupCzR8CJCC5Msy3hnOJrbDKMfUX6QQnuVJDSGDw8gS3UaqtyJquT+2EceWHLVRbP3fI0SrW6N33RJe9Ejw0NDQ9NnmDhhx500baVpVtAbn6LYLARQMA0HbVAcgobBZybGFKaY3HAMcyf+0dmVUNCZ+4YZK8POOvz2msM1lInILco6H53CgyVVGslSCJhaLTCYSCQSiUQikUgkEolEIpFIJBKJRCKRSCT636LOJ9t1L+7QU1WftMhu1EpebvJdQm0TaqtFXlC2jqulct2UPttvXJu16qFPnhVprOJqNxSaLT0YAjFMCkA3kEHRkdLBTaALuagMo7dC0S7tiMaNqs8h+ghBCmuLEr/Q7MRqTjui2rFVzwZx4uEK72LCDSvKXEMJPYnhT4TeC6UL4nGIzMAlsZoaHxdFSVkiqTEZ1uXjuKAAnVq9TkvIEKXBI6u0pzH8YqLCvrVZDmuwjFWsQrrNyqgXhvK8EZyKE3/4itA64lE0Xc1yq9CQIs/hMY4dGlJaAy3pQDMVdoQhFWOcxwm8hFE7HccUuJbikJ2qp0v15glUTXULP1l+xQUzd35Z1BhWotWnst1cdvV5OkthEdSHhoaGh3nGozgypglzCPOIU1Ai8GGJO0GKROFthTNVUFCV0rGit5nIJ3XZqk8JLuKO7w7BKoie0PqG91Y8bYHQk4pcjI5RHH9l3ftIsB16lt9jRSKRSCQSiUQikUgkEolEIpFIJBKJRCLRYFVL0mvIq6PntD2OBj27crDN5GcYeImnU5P05ydHEHbrKPMSrTIyKrBaB8VYzJUIvdB9GSaqwsesocEcLHdRB4RowkMM1I6jKNiXEFBTbVKPTcsk59ZlCTViztZxmA1F6qAjR5EVFXSDM3vshDzHGpS2nXActGZA7gRZm7xIs7ydRlGDEz+650WrAWtt1Vpu/fHu+xhq6fBNUXBKjCM50L0DzUvIHoIMIhQRJy61hBgOn2yC44jeIVCbp7SkOI51n8FOaHU/+dS/FsM+RrsrcuOQSyp4iyV6xN2fgT7hUwXqhbkTTsCJo1jVlKaAHj4bPDCDAo9ZCsOfDQ8N12o16C6H+1Rxk57UlColE9pfjo0uOvf3677xICVafVp62WllawyetNrtksEgWpPTpk2r15I0bY+PN9M0zfO8yDFbq0DGyLvdwPsgQl1oBgU3mmPbjA/ZUWGV2u5/YPBR072qee3Bt7xq8MsEnsnxJky58fKztpq58wy/u4hEIpFIJBKJRCKRSCQSiUQikUgkEolEomddbHmguOw+cV3fdnMnnbL005aeQgKO40ig8p4X7Vaz3RyHoqoJwSzoc1Kt+Hfa/CybnbiCrLPwwG5CWTiOknpdUxCKCmRJpfnVE0zYfmJIrDM8scEmhKKHsiLN4NGW1teIrbOEeYaZG2oo9t74Z1AhV6rIcmhEEcdFHREik9T6slx6em09uDO1dVLZrX/8YndKy4V1fF7kedpOFXqHoGxSst2IqkwAwxzeIsRdoyic8QnH4nRDG3oqbfWD5AN3jEsR4gYwIOL3p0igbvESdw1LEEZx0IxvPKy3siwQUCDKRmE2ED5VKkO7FNwyvdGoB++TThdcaNNkHbFaNW+8csla686SkJ3VpNaNf7N33xTHNZosnaZ5lhUwobVaDEsiqdeiBN4/klar1W62CD2xGMAEKxDjdIgOsVGJ82tzNEHBu69WT5AnYeyMFmnJHlEUmsPT7Z2I2JjJm5rw2WEdxrGisKeuxYBUFFsz2SpsItyJSCQSiUQikUgkEolEIpFIJBKJRCKRSPR/RF0VenJPmAr/sSI5zwXPOTiuQj0N0XmMxY/uk0NDs5m2WqpEgxAMpnHXc14fqi8SyLfnWQBQfF4MfUNlX6j5Jo16rVHXBgERrSrtZ3XaaLojinyYBVT6dVm9iqZwDef5UpRZmqWtdp7l1trOQQ4neKaRE+ehYCvOGbDSchSUsLMEGY96LanOGMwpW3tQBbxU3izG2nIKF1zxFMds2ODbg+s+z/HURVnEUQwVem3qAdroWTdVyxNmOBjmYNqDuZOIAk2mgp50XrWqxygF40xMDNsjH4+SpkgIZFnmjvCwGNlSFLyFElEwMch4UTsNtxxEI19wF+BJC24kxFDyer0O/YgxoidKkiSACMEap8d5yXpzDNDSv55V32DToU1eoERPT9kDtzevOgemqVZLeJr8+syLIk/TdlKL/QSpJIpg3prNFpnW5PB2UljYq4y1NUSHYIgVvQvgG43RvBFODrccX459qIJTCb1bsXGOI7/Y6IRXuCUzlZjAluCsA3vQe1TFQOlZhfxEIpFIJBKJRCKRSCQSiUQikUgkEolEItEalh78OfQuZ4jB3MnTDGZ52swHhYNgbAyWYKEUijiC1dUOVc7PKRFYTHX+EVW85plFT6wDTxRBMQoqtkkN3Qqsa5VeFWcA5/rhOueIG38qqBHnFD+kVvHsa0qUZVPYHON1YBLTJtTQa/WhhnerCUE4g49Wq0lxoIDCQMLSStNUZxlU9LMc6v358PBQrVarmpfwc3YfwXWI0sFuhCdD64JNR5gU4VwTtZIKrj7GRSbpJEno/Jijwt4nFLtTUFYOsSYYp2I5Y4WbhOssTrgZ/IhYDEElxmRZlnPH0zSDk7Tb7Xq93mgMwWOtlnA3E29rQXf+gHitTjKQtU+e+fN1D/qXZGSOEq2qsmVPPXnuyUlR1uI6zDPRQs7nxkcj4Vugm0NjajBXtVocx1maIXeSZTlL5aY0GK4UaeRNCEMzcEhJ8B4tYB15HEx33jaDp4/11kKwxTg3JVvmBRsq8aL0eT28K7/JBsRNzE5EIpFIJBKJRCKRSCQSiUQikUgkEolEov+t8mX9CooxJXEywwr2133RMEqpKUe6dDsp+DPwR/C54l1A3bPIsgLKqrZ0H9CnvAjqlnFXd9V/9zH+aqbManY6mcLJMOAmlGCp4BslSZzEtNHVbaGQXGmYUVMT+ReEdrDHi0IYAu0NoDhdWBqiZ912QLsHMl3B6B90X+BkoBzq5K02tbYkFxPLC2ZNm7HEwdqhe9zZNaRM2+0SKv1WVZ0/An2iOFSEFEVs2aKYO8FnNJ2wL2xhP4mB3IkeEALUG6rkYSXL0AntUDBTotmFhSxPCH9xzEtZKiIKUIa8WBgfURTWw40kLsUEYImAFdizaDab/iTErMBR1GvmG5SHzkKuUKeddPfly5Y+/JOvzNrnrSO7vFyJVl73/+1P953+3zOmDc2aNTJDqVq9HkcJDnRIOAAAEABJREFULNWiMHluGHIqbZmR5Qm7laBLUBQ1Go1arZZntXY7TVvtVLWznGkkG9tYRRS+RYYlhI+4EDVjTTUHynpTJK06W2ADrzfO3GHgiRY5u6HQqjCdKDO3ihn4E4lEIpFIJBKJRCKRSCQSiUQikUgkEolE/3sVqsah7qymkASyonOaNfTxdt8qSxhAnqcZ1MU5HkU7TEFV66fqacuuRupBW/+XhSKtiUxcS6BgjC4G3gBlZdvMvIBrI9aTK44p5EdQ5FmR5WRAwHYvfJVnAOdQtm8NuMmzPliHq+dFSYBMkbVbedou8qFSTzrsq7XdcXDd6b6kDXMBTWy1mtDapIZxJlCxT5K4kiqCe/osHVSeY5cYAyryAgryOOyl0rGF/VQUljCNSDCU0HqKaw0uFMVRHUr8WOO3WZbD2PGgMluCQIK/mXOieEIASkxRO6pykyjPoBBu0tmY53m73WIDFdhBlTaOI2vRMqNygxHgZHXw2nHZSXh8seScU7Onnpi7zwHaTBWeEsE83PSr/3zg/NO00WmriX4lWTFzZGatXjfodRPB24XFcBuYZU2OJxbeBmH+4VbPKUsJpiaOcX3CKq036mOj42maciaOsbT+SqNLHVl6DyAPFVxGxB/BRUsXssN5aIrfJ4KXCQWY8eqCbxFAQbMimxPOZEyEaVKdztgpsXgikUgkEolEIpFIJBKJRCKRSCQSiUQikegZkO13/qiW8zqZMmGfzovVnJnK1glOa7vO5Td2DvHqriP38gVW9TmUOJrFdlRtq6uSd45VFQAmdMH6XRBTKKAim+VQ+cTiqKXP2ZOXAxQ+Q1WcN/a3Xg8cqUGaajrEVEkIa30EhYmTKKlBddgGe4HuNk5yjR5AgiMvKvtYvgynr/A1exOROqiKGiDd324qQ/NptfbpGZOH3wSeKbjUwGxZagg+lBQEo/yiQGORNK3lhUmiTk6QDqvLPfTSMrp7fdrKdjWgFz1b4qGhOtt+lNSUcDQPKltBFHmR6hRL7ASdwAtRYrG0720/HPakqPau81xlOOx4whL/lDY3FIgSRSaxTAZ0dSEs8wlMeCpsCkXtIFkQQZE/jqM8zzMMVEnhwkUB5f+CuBPOYXFRLNAM2I1XWWQitmbh08YEPcGJ8CxZhgxQUcKp6HmB+UJFXi/qtl4vyezCFjqiRBflloFGVKF39NxYj119ceuBe2buvOeM7V8M11CiiQUz9NBl59933pnL779NK1MWZXO0WWZla7w1umx02oxp06ZPH542LY4TC7eQptmG6ca1ix5KOa5hRIVgbnBOjYprsG8Ec1zP6s1Wsw1LJM9UnhGaEhOJZEqcOVVEOS2lSEX0VsQNovyogEYh5lIy1hfxmwdsU7TG4C5WCtYbLhvMAkJ4JaIbnOkUbZ8DJksikUgkEolEIpFIJBKJRCKRSCQSiUQikWg1qsfdRA2K+Ogrz3MwiAc4uvf3IQp6osNd1EI3+BA8OrjoHza7BBLrqQM4ioufGBODEQ4llcbzdgpf5JPBFXBDlX+sgZsocgdX4ma6RiA0TK1YT7dgGhAM7aqwnJRiTBxR6AoSGEZrzpxhVmaASg82qBB/oVxWjfWkTslJOy7ABh03CstpNeiuAseXzOcw2sD2J/0cBl2l7B2CCqGi/YVDB2mIyeSiY2aiyv5zYLCHJQsFNmkocYNzFaHImCyDLx0bd1YHnFgf5xICllQYJa26EmtslXjRfocOI9U78/HcuXObzWYLqvLtlMmayu2hgw8KVPjbtg3l/JKQp4R6UqvV3GjQQUyoJEkSGcPQBi1shAKKgrJvylKXJdb8KaonLMtwFV3tYPeUdM0T9QlOEEW1xCslmQgTp4rCkLcFji7fXB5DsTYqiTko+bQMoNRMDYOekixtt6HlbJcCXzmFs9AJC+gsnKpWS7gJjK1wl8OTft+k4tH7Fv/5vmVX/3Xay/6psfEWEcXAGPE+IcEswNBm7fZTt15/z2k/H3vwXnJtimDStIJHC7MBy3JsdGza8mmzZ2P61NDwMIwh8kYJ+pmwWRDMEOZoZUh+2MKgFYpRvMDq9TqyJ7DcWm34k6F3Sk74E7NDSK2YQsGZbIyuP4xS8VTCeZ17D/El3osJp7b0plLEvNDNQEY7Rbvk1RhuMLvGHZVEIpFIJBKJRCKRSCQSiUQikUgkEolEItGzKVsxGllVTdUNpHrFib4NsED4jD1URX1mh9/d2rTVbrdaUCNHtEE76MHVRn0uBCeeqKen1VkzRezDWG/hYiJDDTaUVLGKV+lU+T2444wFsGScU/JGQTDK6hRdQHtQZLAtRzcZo6vrjI+DBudoo5FbzHVxp4XqNWyJygTBDutyWfrXh+1pzNOY5Xj6jBlJLaFa+zgsqjzPtHL4DNmEEJeBw+mGGG1LUAmPvC/Sq8AEaYpBUQiFRFC2twR/BDMVruXzaPRzJ5Ostr5Oev7IomdFHeNXSKnJTURQFmeqlOFy/IQb45ARagAbusCTJE6MNvVGI223tc4DecCHwMgQr9DgwB1MU6mkCqkKudbfi+KJh5eddsIypZLNth3aeS89a23ofImX/r9ogYFJYLj88/GH73nogj8uvuHqYMykHCYHbxOl0ewXgoBQs9kqy6dardbMkZnD04Zr9Qaa5viMJ005OQQ15TADCAlpxbNcFmiKgjM7bGpJAlPYarfSNGvjFGsHiBhsjoJbkc6V0DmR5qu+rbqWu7dnE6A+t+TZggjpqhzTwjCHCR2n8NYotfq/OMsikUgkEolEIpFIJBKJRCKRSCQSiUQi0f8FuTK3y+uZamWwk4Szqqqm8fSV2nVnI9X9OcWBOQCmUaComqdpkWYKXTywWG8izbYNaITiP53v6IbnUMGTyrL4N7QUSruRcwcpeUC7DDwGqupMwxNnfZJRyFzSnkYoKHilyAtre31oVqXpYXloR4dEEXI9HL0RGqg6sRoDml05FZbSizwjJgbr6orgCT6zLWwwYvFJS9Xje1ffhKjGZIvUvRZD62v1uomiWqM+PjYGdf02rC2KDKFGlVCQN241YcBOWWYqtxxGU6vVGo360NBQhNY6nQYyiVG66KBOK5k2wlNkmfJGI54VWiniRIU0IT5Q66jrxVzZyFavy41h6iVQJgpjUTQ33t81ZMeT4M6wfrjJ8B88Z/SEfDUaeV4kCOrEkVcgTqoYTbX9/G121835XTfzPnxCygbCpCz2YmEhaEaHBEcWzl6CyxsiLeh9Ia7VEhj/pJYw/pLUajCbCeX44CG2aDab4+PjabttvSj8xTBsEZMMv3kYFbrve5qFoaNmGPJ8QUgqcDx+h4JNZXyeUemnvvc2IOOZ7pcGve0SzGH4NXhSYN8zup1zWJ7Dw0MzZkwfGh5WQ0PQCUxHgu6rCMYsy+juISgMaTwHc+GjwQwl+I/nGt9TuTsYolREMAbou1RpFb/VauSt4G229Bs6TeT5DkZD/H4No1gSpkRBP5GJIx2gJJFIJBKJRCKRSCQSiUQikUgkEolEIpFIJHLqGI+w18WqIyjdgTvMmzCcobo/S685dodqvPhJ/jQrC654GiI3FOMmKlAmPaXO7qrnynmzrCZ5tgDTf6A+HseJ9oyM8w6ZWqs6QUQquIe4JBkeLkssjiV3ChgtPsD6cJpVlk/OYaYEStoIbLgeGF3ZZVKCQrtpZaeTkhJ2EOaAQjXGe1ie/lAvZ5eWVZ2vSVJcPHTCEEAN5yNOkmQoTZcvWzbebDJy4fattIf/ykoKL6KaPYeYdDw/OIfKuvWXI62AVyuLItw3gTuBJ3DdqlPIROoZU8Y7KoeUaGiRQI2/rruyr+DRUB8pCYVxJFJIUSnLAuNayLKFr5IkNe4wsybMfARBx+Mohi4TtxHB0DE909PIDsJSaTZewa+SMGJht7BnOFs4VRRFyL5UtsB4pimbaxQRRRbBExzMGu6AGIZW0MLp06entVqaprmz/bHkApTRuwYMC4x/gp4iVvs289uIDQ1z73HKWcLAnWWsCU0tfYoUbTHd36rqfNH5oWsR3bg20HtM/YWeuf7h5Uom7SITk9OOwoCcZmt0dLTdTkdGENOZMWNGFGkeeFzNcYIZN3jP88xarTozQmMfDQ81avXa0FADxoQIq7REQslQmBRhJKUySBOZCG5raqImL5OSbk5rdKeV5PGDHicax5Ttj0qakpITnTINKwR2qymRSCQSiUQikUgkEolEIpFIJBKJRCKRSPS/UJN/3v4ZuLyqxHF4eKKKszibA0YPyCcAapll1krzNLPojMCV3KjCBXj65DkmF9hCzYuhqF+vo/EAv2SdYQm3u5+usP3RK9rtaV2NW3ftTdAJYhyMdHjgxD5Nt5Puo5k0cBE4Uz1BcNbB5hWENKiulpeu/xwWZJ5We6eSjBRXHTWSxHlmgMbGx7MsJaYEmmEsgjUMeTgIASr6mc18Yk5ZqyV8uPZ8CqMS8BRPoQs4BGvxtkN+cAtc0g3JcSQdSqhzMwQGwjVcW0ZxglEKfENXj7QDkDSmAOE3uT8PX117/xKXtkPAhiJ4xglaEkexQvJEZ1kWLFuYlUHuJELmJsmwy8yycOCOb4kKHElwfFHVLKgQR6R16HWcxey9kRd5mJ5wNk1ZMNDUvLJo0I0EH3LEuOKk0WjA3pkbKOgVDmnslTmldGPA3OUM30BbkgQm2ASGh9AQU31jYjZOe2caTJPxBA/3mripUptOXhLDOsq/wYXpw7Vk/bueu/O7iC3Yt/SXJosRInUwlytEPallS5eNjY3Nnj0LVtS0acM1XHwxzzgyKkTI0Bl1ZRXxckGbk1otqtfRpAfUarfR2scWMDSYGgVjW9oYWxUzzqL8vw4ccsZndCPDbirWBW7xuxiiLSaiQCncnqU5AkAikUgkEolEIpFIJBKJRCKRSCQSiUQikej5LDuo/N5xFgiIxlSq9Kt0OVux2ajaH/QYHKhQgvXlXzI3QYZCUY1dlTn+abcKqB1j8glXUTUWZJX3O1H8iXtdYSx6cQvLJeQVNfvpD4h3feDnngYwkSE4wRJ8EHZzNIPuNC3AKLY7q0T1eF4wdMMzWXp6o2SrhM5eTwvFsb7qzG2gJCMCMXyijuoNk5noRDRp5IZAWIzzacD5QmsGbHPJh2uXV+Iu33satQJNyR4l7mkoVPU5LqfeaCxftnT56Ch3l70vFNEG8JTgA9gb4Z603YbO1OuNoWEs4zN34ggDD5QwLWEMRY/4+BVmONgrhcgPTnsxIXNHed4iPO90HyfDcSdVJAUjVKIaGZA4zAKTWTBCxRQ+F4Y4GXiu8pwvjc1KkpI8Thw7wi3ByJUkyamR3GxEQuioJM/LWqEqXAh3vIPd+Nnu+ba/L3AhwiYSuAo1OYc/IQlI+bcM7iNTQQrTYdCjxVKsTVHm8MS4dxaFBEYUEWNDuTh0fp8oZHONoVMFOc0U2J08SVLegQODVMVbhdkReA4n4pkyfhatR4iQmIlia9zFoglcXqJz/ncAABAASURBVPwI8E3ZgWm634Wd6xHf0hHvxnYjuCpKArd0gSun/Vj6xOLFy0ZGZsyZM2fGjOn1Ri2KEmMjGzlLGsZdlHsTLanx+ByXMmYMkUFMEtfSWgsjjmCWc1jMeZrFKeJEBWUQ0SGV+eI3ARMMi2z1zZWnyfCqopWmPKAjEolEIpFIJBKJRCKRSCQSiUQikUgkEome76p8br+av1FRN82w+q9OZeTSep+C0vuX+D24EaEs7TeX9Fn6Er0liqLdbGatdpEVtrDuA/jYo4g5EoQ5DJVxjfsMviuY9uA1K/T8WOVxsJ0L+JJ5+A/rv1DWTmoJV7QZfrFV7KdqLdA5ZYU4qQAoFWIHhwJr7iVyDnDlIsvbzVaepspXuHu4G73yXWQzGar4c+wHwTNxTJEaJWfZ2BVxHprjVWAmodifZlD6hyp9mSMAgDgHuyeg3wlW48sCnRSsWhXnGhqXqUAnfeeGFtQbjaRej5JIR2Z8vEmeMkQ40ZIy1gcA0ffQecriaSGTkRUJWZ4kcaKd84cLVTFk/8CUiaLVz0wDCENbypKNNxAESJzbCu+jKk4nSlWtTUjGMnGEhiy0kRkXRljcltxggg5eP2L0hBrs7kPagp4utRqaU0DLFcbTRMH0BbYgBeKJELLT6MBHfl6dTwx3p+PaUqHbXHdcqoxXgI6Iq4C7N4oj1VRwRYY8qlMTvEa4m3ApQtLoRipK8uxIoeeNRmNoyMIcUAwPvhdEBFkofCsp/buBJcYFhsIUOXYNhovZF248DSNegt+ntO7gcuy2UujclKYboNNhTvGWID+bQM9UptJbnCi+czv9s35Iwuwof6OaTivcxMMc5tl4q9UeHR2fNWtk5sj0adOmNxA9ibUq4d6kpoar81qFQcagJbi5NA5KNNSIavV6Lc3aqBT+lHnBI5nhgCSJQ08Mryu+fOneu+iEus9aikaK3iFUucb+RRGJRCKRSCQSiUQikUgkEolEIpFIJBKJRM+YesxF1JpXb2V8EDegKXkjlKEHSQeMgT/6D7VhtDlJU6jmQtlUBUsAzd4bnPaiV+jpMeEOa2Zw2HZFcbZOrVFvDENduKSecffcZY1DTiaxJSHwQavOgTYk95SY+4EOGFjqhiLy+HieZWSI4bGX1dghzHGJlGG/Da4/256Qn4kHWTFiQZYbyk2Y1e7vsrJU1aCTTAkmmari/k2whgriDKbPmFFv1JcuWdocbeUkxWk4JflGWAphUTwVNstS2AFq9fUaFPHrjUbD4QsIAXkHCLLcIMsT47NdOsErDCgg62GjquVGP3jR1+LKo+3c4WTdASepaZ1BK/K8wKOJpaCz5kURcAhMCErhviILFDKqiBk6cXgUhvfEeKRJNUULketJbhBrstyXer2MY9dyPrAfPak+d/NsVXD74HmHJtbr0GadqrTwTQw8TQWdw9OjVw61hjimAk6H+TxI1WRJgvQJWra46BxdSxKGnpDGIHyD43UKdD7J4Q+vSwZuaOgiuqj2A0+8BXmfMFtDJkxlBStxO8BJ4KIMoPTAQzRHDlnqnj/vd0Q5NVp3YWHaY2v+CyEdg04oeJGxsWa7nT711OJZs2aOzBqZOWNGY6iOE5xnkYkJf4k0zRjMMjSMhwM2F5axHowucsxNK04JOIFOpGR/kuDWKKFIsOBqw8FXPH22As5o140usHG1vvWIRCKRSCQSiUQikUgkEolEIpFIJBKJRKJnTSGkQq0+WW9boPsu1Len8lXlKYAv2j9oZktK/vB/mWdpq5VnGVaZsfhqQoQMuTJEXNn3rhtqtdMWk8h6T5EBL3nmBl0YhobiBL0knDlIxQGhD9SpnrwTSxJwExwET2cYpTlpBArAeQqj1EabEOtBhNVa/2W7BW20Tyyp9nPCya0sElvmZZHlJVIQlA9DpIT2Q6HY5GGCturVw5y4cwyATpj8YKcUqLXPmj2rXmuPj403x8cdA6E7VXZK21FYvsdpIbcSKPWTHUij0aiRFN0PzhPCWraL4LFj1xAGFphmwNNHmpxILHMnDC50Gu45FdV7IwWbDD9SWqGpDoIgETRJ65T5h1KXBJ+YDIN3itKlGaHliVKZpVQgJCfKKImdJw/THolO+NJpmhLagZwKAhbGYKezDIarXq8zegJnCAAKt6fDr/j++nZ2Obho9JcxTH60221KYSorneqEDfEwRAr7A5PCriOFspQHlMPFoW1DQ0PQpLB/EsfMfSBxQmhM6ZOD4BCVWm42HGttzCPvu6ADRBKmz80aDkXBjeqh7ZKkRkBPzuYovMr9XNGdzJlV4b0jhNXoHoqrkrmFcBn727B3FK0R8qGBqzSbzfGx0VmzMXDHmFjh+6QpMGoHR5YBmrJg8IUNY5BeQS8eeD3W0ZCpxUkrRvAkp8mFJ9DprCiz0jKbAtPLd0CA6bjVuuKf1HnDUiKRSCQSiUQikUgkEolEIpFIJBKJRCKR6HksOwnIsGautbK7DSRUqruHnfCT+hjIAoXhQnOcCL1kKZeDAkyMt42gHrNDQVdZni0GJvbhCE4Eq6TBo8yAAEIaUa0+BPV4b+VhLNWhfdMs9sjYKYFBFmkHrMV7GxjrL2UJFyipCO7tFJwFw2qUK7vjF6+uKuqw4uQiaF9OwAPBQ6bzCmfieKzgaeMl2p/E9rV/YuiEfSwUASXMyjSGhgzl1bRbqMIzEM7pgdrPE+ENS1qldXE5ILY8YfYizBPTDMqHzgQaAwclVRTsUjL+MgHD1YWedCwoXLdRSEsQflVEJd8e3gWkNCXfKqooED2pXL3UunB0RQUKCeePo1jVlCcdLEXz4G4UT5NCTxk9QWOMWmIrniuu+xiDU7oR4JnhvmvPhxHI4GOc8Ak1uehHTxiFgQ7q2DiGBU9eKHL2gN1zVTabJTupJMR5UYqPhnms6zrNcsSJRi4EhwZckZ8Nn49Tivx7Su87V8d2RZf+ecji6VhL4SKLYxNlhMIU1uEpKtiB6JAo5maW57Fv6XumKNBtmG+Fb4Pce7iXbJbmi9MlS5cuXb5sdN311p07ey43HlcaQSc045gmBGvAsWMc5aP53wnFnFBEricZh+wgT4Q5RO3UJRANDQ0lSeIXBd+wAaDh26DT5tUBiIlEIpHoOaErrrhi4cKFd999N/xDo1ZVIyMjm2222U477bT77rsrkUgkEolEIpFIJBKJRCKRSCQSPedlK0BDpQS6pq6l9WDygF5SKwkQUCqM5kQJrsCWaBeQplABdef3FU4kH6A0j39p7S8ePoSvemIsKtxJaGpnaFbfGNlqvZUrv+gDUUMXCag7G6JDVGk7lg26+/AB6EnV7ACtM8pgkWK1y3nB02JOSIFZGhxeYz23o1dbBZiYCYMcjfJTu1JUC5X4iThRnemphomongCSVW3nCvcYDJ34p86exERm2rTh4eGh5tj48qXLmq1xWIlsTELwhHa0kj8QXspSNM1gLxAo0jcaDaYoOFininFwGouq0CcuvEcVlaiXOLjKTLQsHIDSwVo0txwdUzBgBhmXgvwwoAnwqNmrJip4mKCp/m0CMRSmXqzzx4gCYBEgGHiEk1SSZRhAKfKsiIk4KfI6TDHcs7WkTtQFEUoGAQjyVilpbcKlXcILnsqFA9FdQexFrVaDVud50W632Qqn2mtagTyUGlc8HJhZbTxkZPFOaLdblMJT1ut1aDsfy8xE0ZHxjc+sTwuicKKYrojESRQl/g5CoqVQHdAHBojppiInVqmTE6SDV0podo6MjmVozlZMWypdm+Ct2jukEOpEw2P4fVGx3RMNLDYbti5btgx2azdba621DiFAMcMp1PcYraNKWnIWE3d05IaRnFPIScXAyCdJZOARyROY6ZS+mmlWz3gZkG9NB4VhdMZFhqnOghSnE5FIJPpfoKVLl5544om33XabetqCUy0gXX755R/4wAdmzpypRCKRSCQSiUQikUgkEolEIpFI9DyR7o6wUCvwF1kpdc4zkUuH507UwJcqz/GD/Agb6M7H+qkWiuV/TC2hTBbrEyospUMQboKVXR0q/1iOnbh3njvpb8DAjfrp+MR4CgZL0xQ7wl4P8KwgXwZNpg6VK9neFjpfA90p37qK+sBmU5BHluYplIbLAELQQ+kyMJ6eLNXXyVmGrWWMO6ntaUnXSqi8SCxJ2Wk/FLxp2nniHBekVoNJgpnkNW/9YmM92W2gI4W4gGU7Ha0aww2o0MdjcXNsrNVuQy0+wkgnnmCrKhyTIvMPhDzymLGSer2exAkMXUTcicJEqAiq/wajSopSl9YQ7lDmzg+kxFVN/InOiizyMoSDoIWJ7ZjBuOo/39g0SUY5DgmZCbL9MZRbg186hdWQ5xYJkJJXZpyR8PK5s+KAyWWahLAXw+gJQSYKO0LgERzouQ302kiLvIjQAcUSr1KWKskTWxo4JIahjiONl1MxnjkqMGWpVISzYO/ZHYQCizDzxd0X8A3cLPAY0dLOVcUYhqJpNONd0BVV2DhOELzAMxoaSZgF6E4TebVWu96AhsMucUQuMMjAwJAUpiwijL/BTRrunSIrmBCCJ0VWwgRSrAzctBj7w9eNNDeOmJLYUGsU7gwzi8PIQVcKbnnCz0qihhKY75hQEYZ1CgfZIJ6kgyGRZspF6dIzKdb1kexlHJAD3/FVDb5lGr5fDL/xwZltuZT0+ONPrr322iMjI3VUAjctDHQS1S15wViMi4JLI3sS3j2dIwoMbC2CCYYxinDMknbahrcVOA4WP7wX12u1er0WxYlykWZ+BVpn1kL3ePm03j1FIpFI9NwQEyc77LDDa1/72vXXX394eFitqsbHxx9++OG//OUvN954I5z2M5/5jPq/KvjZA36OUiLRc0OMXK/pn9x6YkNFIpFIJBKJRCKRSCQSiUTPuIJnift+kt8HUbRKxznDdhCKjk+GVlN19dAq6ruYDakt4cy68uH2fowDS5C2rJpadArHwZLEEScUT2Gtt7vgIqYt0ixvpXnaJk8FGwAFwhWUsziBpmIJn9w9upiMDmoTGqAGyQ4yhJniL99C1kT1bPDIZhNY6U4SNhKAjWiEwdfCwj8CAe4M2ie/UNlZ9XRCO5sDBbVcqDlDSRd/aVe6cbBkIFEgdFIWmbLsI2J1J9alsxK4St5PrlC4Sddq8S8obhw5PFBdHGriNoJm6E6jJxg03XnClhh5mrbHm1D2hnI1NhonzblWYFm8LGDULFEXlL/DSyOMLl8qUiuS7fJOGazo0FfuqlZ4In8CBAeSpFGvx0livDeJ0S44RlU6H/w/Sifvn0GOIxzaEm4A7dN26AlW/K2LiyHMgI+nLbwn3RUOKfGWJgFccg+eqrGdthkyB1EdLxT2EYqihNOp2JmDr8KLk30vSnYmKa33EMJrRURgOA6GmYNScdROZ7hphWkOzHFeGr59vtkdmxZeAJ0wH/+OQgfFERJbfLnw1sD70YjxE3cEDyZsZl8SAixKjhYigqgTxUWrznAXHGTDyUp/Vm2nAAAQAElEQVS28wZnXWQSsiHaDx0cEHphCOVhjCVm/I2bQguG+8UBQ4YImijyl0f6Ck9TCQazna4TNlX1bnLPwr1YGeaum0x3vm2n6dgYFPjG8AVaWtgMGkjnVqTx3cQGCoxvUfdO5OaIoJMYwRtct4hMpSQCjUoymPIuO9w+51Jkw1KItn4FPM6YsepFSpFIJPq/oBSRYVWvJeq5pEsuueTCCy/cYYcdPvGJT8yZM4cT61ZZcDicZLfddrvvvvtuueWWuXPnbrTRRur/pL5EqtVqMLbqaejWW2/92c9+9uIXv7jqrFbV2NjYW97ylptuummvvfaaaJ+gO++880Mf+tBVV1312te+Vj1LOuWUU37961/PmjVr/fXXH7hDu93+wAc+cNppp73hDW94XhMMJ5544nHHHTc0NLT55ptP8ZCzzjpr/vz5K5zH884779hjj12yZMnUV9df/vKXL3zhC2uvvfamm27a81Kr1fr617/+05/+9I1vfOMKLz253vnOd8Jy3XrrrSeaXJFIJBKJRCKRSCQSiUQi0RrS8tFxePz9lXf6DZ1EhgF7d5iPnsSGrmPVVEAKv4PucozQE++tJyJOVKcKOehV2wE1tPtedSw56GP7qiza483m8tGs1UJSoVP9pq8Iq6Ka6sYqVKynRNT0auLGr5Ko/mq4Oh9jyAWmlFAZvCQrCORHOpYhures7J/5Ur3i+BFiAAx5HjhvAXoNUQEYnLTZhLEq8kxhibzqMNJdmFaDRylwAWFIVGUEXEUZGg0F6HqtNtSIkiSE7Kx4POhEZV4sf3Lx6OKlRZZpMkSxxMfAazU85zBX7XlNeRKnOqiDmJiVlhvXKX3AVFc8gpB8wJikWqNer9Xr46Nj8HtYn0TTGazwG3DYjv4c9PFBzClp540GHFp3EAKFvHB4DXuKsM+ENw/pABBwknBOrP1XjGB43Su/axV+0tXkHRrMSEXsQgNXZQ7DxwRpP8xta1WFPtEMo2iNO1NWS42iVSx3AVpN+EJsdG5tC0Nq8twRM1YVMcW4EDZE+EXJlIZDZ/wg4PmJcCHDGMVOKda6o2DJ+zvd8OcjC5OnxG0pb6pDTXUQiJ81/p044jKYOAUTUWRFiaFTcC5MnKEOE6+jK8yHJkeVIrwXeGxIFSaC0SK/IvxkcqlcbBg2Fo1HkF9RzK9EUY5hN6VhSyKPEOkITZys7iBgxvo3HWt1pzs4XnRHa9WZUu9e44gO23mPpKSiyh0R0UZcPHFksixduhSHa/no6PQZ02eNzGoM1eN6DNNQq6F/jIXlhplfBd+HPHF4OooBo7cwjSYqBhY/dl63dJtsfoqxMdNOW0m7Vk/q9Qa8aMj3hM6BpzJdkU8ikUgkel7quuuug8fXv/71arVqv/32u/HGGxcsWLDnnnuqldeZZ57ZbDbV0xMU+9/whjfw88suu+y///u/1erQIYccssJOjY+PX3zxxfAz5C677KKehuDf98997nMPP/zw8PDwoYceOnCfs88++9FHH4Uy/1SAITjh/fffDz+s9mw//PDDobUDD/nqV786Y8YMtfq0cOHC888/f/fdd59ocODHqltuuYWfVLcfcMABEzUy6Fvf+tb222/fvx2GCBakWnlttdVWG2+8cXULtOHKK6+caP8dd9xxZGQEnsA4/9d//Rf8QAVjq6am44477qSTTvrd73537LHHrrXWWpPsee+991599dXz589XU9Zpp50GRz344IP9L8F6gNbedtttF1100Wte8xq1qoIRvvvuu+fMmfOiF71IiUQikUgkEolEIpFIJBKJniey9lmo9NlJHEQCXTJxw2wVNvHSWHBH6CRtjZdlrlRXOI5yfgUdQmOSjj9jY2IrRX/t/SC4qG3ZtkIFp5ey2jw2eNED0384Iwcr6CXVrcuewB2yOSmyNC2yjPwaVn9nQ/1bY5yJ65R7YSqHE80ArWw3CYsJJw12ORWWxE4Q1bR6NTXoxONUJRpmQC0dWwaFCvjd/VCjsWzpsuXLl0MZnpAUtILgBJhwLJlDIHyCIEleZDnMUQq/va3Vaj226kicRBEcHVMcC9Mb4dIMZ/CZI/KXUNr0NDKMX9S5umazo8ihJzahq+QEfBAjgi4gnJYTRSap1dJ2O4AX4dIKuRlma4gACWAU2pAgTWIMYhYwDmwNQo5EZZRHRVlyl+v1ekxuJTGSSk7eZQRpEutNPBCQsfReQA1gKIevFtElI7KKCePjR0CprntC8wKFfSKcOGgO3h7jBIvYej1yfh8E0ODVjIpiXYeTR7qd0sltWPPYPIxJypMC9q8pldDJ2RuI7EnKDvYBLxhK0lL+jlUEv6BBEaI2lm5yJDpib2PD4uksXRoZttwBe45N0exH4nAz3p0HRlmXfEX3E7qdaEqGQqeZCF4bG281m21YqaOjozNmTJ8+c/rwtGlDpmYwQoqmD92oaOK0W71WOQQouLTARhMn0DV4jLO0SPM0zfJ2ljajfCiLarWkhkgSr95w1xi1xm9jkUgkEq05PfDAA/C4wQYbqNWqefPmKaq7q1XSj370o0WLFqmnJyjbB+jkySefXLBggVodeuMb37jCfS688MJWq7Xxxhu/8IUvVE9D8MPkl770pY997GO/+MUvXvnKV2633Xb9+/zud7+Dx4MPPlg9DV166aUTUT7wM97A7d/73veuv/76/u0f+chH9thjD7UGBEsCRnWnnXYa+Oqdd94JP7FP1NqFCxceccQRauX1//7f/+uBThYvXgwbJ9r/xBNPZOTiG9/4RpZl8FPTV77ylZ599t1334Hz9aY3vemvf/3rTTfddNBBB33/+9/fcsstJ7oKT1Y/PDSR7rvvPlj/8L824Y7o0YEHHghD9Pvf/37q0Mlxxx13xRVXVLfAXaZowRxyyCEDD4FbEpaNEolEIpFIJBKJRCKRSCQSPcfkS5NqAiMKrbpcTEqO9VArUigm9libTH6s9jVk5bNBuImDmq1c3AwxGHBI1oa6ZstVYCmDx/qP+nMwCBXfTReh8WwVOiuVfypCGyqRY/oGlYxLG5JTMPgGd+Byc8eZJmSnlN0Dysdh4bvEECJvlxCsSZAfgEIwF+JXCa+phOTYCXbwlzSWht15gEyNDsGiONlOlB37FmfnENrLzgguXSigG2tuNuP+Ew8aOltxwlCU0uIyVmbOnDnUGKrX60uXLW212t7yR1cce9hPQzEpZEs2FymJX8mhVBD8S3puJ28/0knhUUQwOMsTwim0t1TRgT2oup34yVGey3Jb2Z8kiooIrTt0G/EfOC1RFJT+E0UZfJ+h8rwIpAtco42+HWjWQU4h2nvtsHeJtUM4UHAUESSWoRBQGkUJnQ39fqDPtmQuoUPYEPPieqr4Ep6zoZsGTUQcp+UChgxaa+R0LUds8CiFNYMnLC2G7Bi4CvTVFIXJ4f5Is6bGbCfoQlJLYC/2CeebEPqOE1ar8ZjYjhMJEShW5YXVmZtisv8wnQXLY1SZPsfrUO9KJIEYAVKmJBQmMmWPNEXde2ca7gL7/bBBivZonrW28y4TLu528dhOBxPDYYTJyEfHx8eaS5cumzlr5uxZIyOzRhpDjYhmMI4jGHKYE2RzYF+ONaNVVdKJme5LNAaFwRxmadZutqKojWskz0dHx03cqtVhfpNavd5o1BmoEpsTkUgker5r2bJl8Ag/6qjVquFhzFxbsmSJWiUdcMABo6Ojk+9z9dVX33XXXRtttNFLX/rSgTtMnz49PH/d6173yle+sn+fxx577F3vetfmm2/+X//1X2Hjhz70ITjzKaecsu666/YfUq308+j166yzzoLHvfbaa6Id+s9Zox9O+rXrrru+4x3vOPXUU4888sj/+Z//6dkNqv533nnnTjvtNNDeY2V1/PHH88SxPvzhD7fb7Yl2vvfeewd6hyxevFitSZ1wwgkDt3/yk5+87LLLJjpqgw022H///dXKa9O+MJqhoSEOJ4If6s477zz4cW7fffcNr86aNQsezznnnCuvvBJ+WBoZGXniiSfCq0uXLoUfqyaCcmAxn3TSSUccccTf//73j3/84z/+8Y8n4k4YOpn6bXv66afD4z777AM/Fd9xxx39O6y33nrQ8qeeeuof//hHDzSvKDar31XlkUceufXWW+GlaiIPrGToIKyNnp3hh05YS8yiiUQikUgkEolEIpFIJBKJnueidAf3CffJ9qtSJtXnk5AHVPt2RVJVOap7J+WvbT1tgodAXTlttTCKxREPVoWUCc7YwcKvqV6M91PPtqBptmJ2AltKNoCgeB34NjJR76B1aIFOqAt/b9krAc6ABX2KvFC+sMzRKPBiXhRZDvsNqPQ+rdqv6wc+JY8Lwh2w4h64hr79B5+GzVgM7+8CgpgpsTyVfPKOw8Sgpqwm4Zlito5Y4Y7G59T4bBM8CkNb0OHDzJgxI04SqOePjo4VZREOZPedzmqnICHYyDRGjtNVhKgd5e+oatoOW4AoNswgcVhPSdAGmpNUXCV8p1SlAZ1UJRtiaJgTIdMQOD0/UQTTGEQ7VBTBb4fjPIqpVW2+KK5mYp6UStmEg71u2ARD0SzWa3W+KLyaYcxOzuwIdDjDryKpZXVbOqYMro19tOScEnm3IiI0aKkrN84YJaWVrrJt1u0XJYmijKDCvxIShbBBxi00YrRs8GspsnYKd2GexdCkOIaTJPzbc8ZooDu1xPC3TAgxVxV8XygpKS2tqemaDoNMYEjp37rC+HNP+b0MO2NcH8nxRFuaX3T/oU5UbiTNbkY2IC0EbVFgj/WjwWieCneKVdXr8oXoqLJzN8Glm812lj3VHGu2mq1Zs2cPDw0llBmkTWxUQaeH4+FtylDOEjJA+J6ly5hxH6NjHcPE15Ok1a5BhSDFPynsB0/TLIUtZTFtaKiR1Gpa6dV5z4pEIpFIRPrYxz42+Q6LFy9msOOzn/3sRNBJVRQgOCB9ZmxsTBGvW02Q4R/bpk+fPnmsTKvV2nvvvSfZ4ZckNQVBL971rndN9Ophhx122WWXQSH/xz/+8ac+9amwHf4V/8EPfqCets1J0FZbbdU/DpPr2GOPDdYj3/3ud3lSnoPanqRWh2bNmvW1r31NkbfKeeedt/XWW/O3QbfddtsxxxwDT2D7PvvsE7ZfddVVMJWbb775Bz7wgYlOPm3atG9/+9tHHnnkn//8549//OOnnHLK2muv3b8bxwxN0ekEfmLneXnrW9966aWXTuL4smTJkoMOOqh/+7x58yaaWejpK17xCrUiwQ1bRXNEIpFIJBKJRCKRSCQSiUTPHVU+8z/VI/yTFRzVe9pB0MGgw7ogAjsYPdHO6oKqu1ioLYs8bWVpC6qyuAGtALphBO0tIYyeUjOeEXUqwq5p7IFgyzKE63AqSMwWFHwUV4p1hxHoKqNbH8RBZ0fzB2eIUBl+VxHPS7NaR8Llljh/Ek/6uISVwTYn3oWhMleWgoGKHAr22OiSISRtlC4xKIThIc3GEJoRIUZefgAAEABJREFUqIEnX51FbBsHG4/qlXqe675FH3bgdQwFe/gVcL2BDg/jY2PjzSajISAy8yhpERB5QOBHUZT0VUB5fjgf5pwdxkcUzi1H35hAORDz4VxP+FtGUkCWIlGgTGIihkhMsNLB/U2HNQgN5u/RSMMhI5ZNR7IMQ3D42MifLYrjdquVpibPcop90Xz1pCg5KyeKmT1JYEph+qAv2MGyVCniEDnl92jKHML71xM4eAZf2kEDmKjsADT4MowbPLdZUSj4gvcBf48rBlKKUhlkr9AuCPaMYrL3KYgRKdCEBn14aJH590F4qNVcN6Gj8J8bTNySJ0kMLWeGhs1IarrGxA+yM0hyac6dwWvY1Oi4zOPc5Eyc+AQigoeCu0i4b4wHQ4zqBCQxhsYHQhdpnxA0hHc13uOIwKhSM5ACPTTEmPn3Fzql4Q+PEh1S4lgyvafdOLpVRG84/DaEyxm6PDo61mq1H3/8yXXWnrPOWmtPmzHd4rRZftOKdEwDhyRbmReRQVMctsNh15woSqB506KkljSKYZioEoZ0dHw0TbNW1i7SIm+njaGhWr1mKh9vFYlEIpHomdGPfvSj0dHRHXfccSrESdBll112zz33VLcsX75cUUX8V7/6VdjIXh2nn356D3Sy6aab7rnnntUtbGvRo6VLl8K/sQ2Smpp6LCvgX+Qei5HPfvazv/zlL/faay+mZFjnnXfe7bffvskmm8A4VLdz4mH49v7777/uuuv4+SOPPMItZOsL0B577DHQ0GWKmj59+sjICD8PP/tdc801J5100kSHQJsVETnnnnsuPFl//fW/8IUvwJObbrrp0ksvVdR93vPEE0+En5zg/FUi573vfe/A0z744IPqmRV0Ex533nnn6sa77777E5/4BKyrgw46qEqcwCz827/92/Dw8Le//e2hoaFJTgtd/o//+A/4yW/OnDkDiRO1kvE6F198MSxpWL077bQTtPklL3mJWknNnj1biUQikUgkEolEIpFIJBKJnm/i8qEPV+iWdsVOxjZ0Neulay8HOgyiPnRPVb+aXFH9tutgayd3FqHKrHUYBXsfdGIrOqfy5XDeH4qtRbvZbDfR5oSvjFEWRamNC0Xh0ry3OQl0gFar1eaEPRcmV/WTfmzEAGXxuJZQnEgD+pelOflElJww4yr+aBfgCrK2U43vGhNmVgqqsxdU7nfDWbDfic9dwVeLDC0Gcqx7F7bDTazcYIRprfYayRCqn0NbYPyhBG2o4s/VfHYs6cKBbNeTkp9B+4sUfWvaY+MYrMPOELRacUGUJY+J6smI6W9ih9qZXKbvQOvL8U5x1aunums3tNXNvgxiXmAd1mP4HX4dfk0cLVkyunw0L8iSxDt2MG8SKV25Ij6207a7LYjD0F58IJMfUBjwvJINnihslxJ2Nt53RFV9h6wP2Qp3VzfFg4EyCWIbOKf0SClNcGY0IEFDiyiqJbV2uwWzlqWYZUOeHIW1KTQASZkiRvAktnhlwgscukEOHzrL4Dzs0pLlxHnYMseQmxwHq1azcWIj5G8YwsARMA6nIqsgS8xGRMcFTo3uCWv4Kd9wtCQM8S6KuC7C0YxHv6x2nkN0bkvOIjykULiIsEHoeQMNijz64yx3kCiK8jgqMheAo6glcIR/N7PaB+gowl56CDgdPHKwNyXeOZbeA6jR2nTevUoyPXF9shS8VZS83AylcBkymLHK4VrhLaPH6aRqcxLwlOBJRNQabikLlcO7SFE+9cTitJ2OzJo9PMz2JEmpCWBBiihWiYbO8j8peJMWpfX8E7EpJq7FsY1hUOAJHBPHrXYbU76g1Dc2Nl5vNOCcg/MARCKRSCRaM7rlllvOOOMMePLxj398pQ48m9S/fdGiRd/97nd7NlYDd1ivf/3rq9AJlPzPP//8nn0WLFjw4Q9/GF469dRT119/fbVKOu20077xjW/0b2fKoUf33XdfT3LQEUccccABB4Rvr7/++qOOOqq6w2OPPRa2/OAHP3g60MlAwXheccUVk+9zNwmebLHFFrzlpptu6onOOfHEE+Fxww03rEInExEbU/FlWb26+uqr4XGXXXYJWx544IF//ud/XrJkyXrrrffSl74UFgNvhx8gjz766OXLl3/wgx98gqSI13nBC14w8MzwY/NXvvKVSXo0dacT+JmcV/Jb3vIWRWlNILX69OMf//jXv/71CnfL8P/2RSKRSCQSiUQikUgkEolE/7s0cTpND3FC1c/ViXf4MBLroiSQtMjzNC0pQQMquuQXEbkSOpV6uZpbTaVZvcTJysjn/qA0lmKhfFvDL+hHmraLzEMC5CsRke8Cl6c7kIBLzKHTVXAIKndTsA6SN77a7l/GhxIzQ+ALxkp1IBDfLtU7KivyCrGDNjnQCdtMfhCViwxkRLopDkrmgYlMm6201cZ6elHhbJy/iXGHrQY7k0H+K33b4s6ansCzJTSx40gzeBdcr/DL3+HhYXhMkqQ5Pt5stULyCxuiYLe1IxJKepqmDmeolViaxw+eUmRPgBV6sJjwyKYjin6HzjAKIiAeWwndcTPT50dk/DktJRtFMabKsGVImqIRCC05ytyJonq9AYs2S9IsLeClgmOiSHBvRhEaYMSxcz3RlCfFcTXQqqyIc47A4QwZWKrGH44WI0hmsdEL+Wfg4c6nxbmbsCMIGo2UNJiIQFkD3wSgg/1/0FGDXEMQyKrgRbTytLXu9/J069UYOuGOwF8pxVbBEyTFyMHFZR4h8kL2I0TGoNWHcYE+5EkCXcCkIjKVMdQEyipy1iqq6mKE710IHWliTrRzo6HFbvgUpXsno7kiwxPD1iW8f1iFbsXaUlcWr2HbFNVZ6x2PG034DQ6gGw+3IvOCILiiHB0bf/LJpdNnTJ87d86cteY2hurQEQoWwgZEiBA5TtAyNwQH0ZtAaZwUQkfJtGm6jp4xaZ7lcJPDMhofa6atVD79KhKJRKJnTFBu/9rXvsb/QG677bZq5fWBD3zghS98IT9fvHjx17/+9fXWW+9f/uVfwg7f+c53HnnkkS984QvB4OEf//jHz372sxWeGdr25S9/WVE8UA9xkpP4J6IVnqfRaMyZM2fgS9BxNmKBtk30k20Pi7D55psfeOCB/Pzuu+++7LLLZs2atf/++/OWVSZjJtEee+zx85//fKJXf/SjH1111VUf+tCHXv7yl1dbu/POO3/2s59VBCh8//vfhyef/vSnYbimT59ePbwfBmJ98pOfhK6pZ0rwY9S1114LUxDShRRRQYsWLVp33XVh/QyMiDqRxM933HHHifqiVsTQjI+Pw+O9996rVqSTTjrpzjvvVMTuVLdX/xdpEoX/75hI0N/R0VG1Ik3lQx4ikUgkEolEIpFIJBKJRKLnsKqmIGX3xs5vmXp/leSJk/C4WtETR5wo/lR9npdQ/oaKcIE+ITYgJhTEwoEsVYsN3cE+nmFVwQBmYzB4otZoQDE+S1OXrFOUBjkTZAOwSB9HuhJ7MtGv7Jw5DNXHO6BNVwKMgvJ92m7DhWA3roJT6VqtSCEGZ3B3er633i5C88hz+VtXJmCCk9AkoUlEkWftZjNL24bdSmwli8RV+dlGQa0oK0mvEl3U26+YoRB3ygqr0X0prTycYVVv05gLMREl4xB3gmYnUQS/Iq+NjTXHx9spmoJwHpFLjeJOeoIkyywDDXmRw5oxkXJBM90pPww0MCehKr8LDr+lZRICB5EfSYZHihaFnXjk+MA4DrYcSLSU2i3K3Bb1eo1ojLY2Ks+Mhzbgq82HoktNgmsa4ROolxjDCT0MVCBTkWM3LTzaDL1OsqRIshpBJ/V63SaJYUDEAx+0wjhBxrhBNsbdSGUJN5Fm6xEYVbZOKjGMxujIoklSOcjIyQ0jZh6VJX+kkuEPdo7B85NtjINgwhSggUfMS1TBPWwy2JdGgBg5P5pJXI98U3EF+1qACQANGgZZXiS8Gw4IGYZoenPD7YVmSxeEWjhdx9mf4HrB69Pywc4GroiXp0F4RXV59oT3AQaTFO+AXjD0hsM75hkCNznMTF6223B7NkdmzZ45Mr1Wr0VMgTHfg610i64oMkJPMH0HxwxbigwKrhDYz8R5lMEKgMPTLIP3JSUSiUQi0TMi+FfqS1/60m233aaehnbYYYeXvexl/PzRRx9V5Dnxqle9Kuzw05/+FB733HPPefPm8ZYQHDO5jjvuuAcffHDrrbd+97vf3fPSf/7nf/7iF7/40Ic+NJBF6NEbSANfarVa3Pgzzzxziukq25D4+RFHHAGPa6+99qc//Wm1xjRCmujVmTNnKoJdepihLUmKsmMYOnnHO95Rqz1dP7Wbb765+r8Dqyb42bKntbAIR0dHYa6rTMyb3/xm+Ilq4403/shHPrLRRhvttddevP3CCy985JFH4NXh4WFFoU5//OMfq2e7/vrrlyxZUt0Cl1trrbXUBHr44YfVBM43Vd19990TcS0f/OAHb7jhBrUiHXrooe9///sn2eGLX/ziK17xCrUiLV68eN9991UikUgkEolEIpFIJBKJRKLnqazqDUIZVOqvFjHdPnY1eJw4G4auVjgbFe3yYvK8nbZbzTzNMIAF6+cGQyqYvECwI9SEfcudB4pWU/ho1poTl7bZdQKr61kGhV1fB6eiOnmcIAYwAOjpHVimVTDXorQuuoTgDF8SR3yjwHAdZBfY2YDJiMlTj7ResZkIVboDmELAD8awoKUFdmGCk1M0R+UknmfCcjsMRJZizIiJoJRtORcl7Gr6eY+JGrkqy6/iaeKaFA98ues63mskRIqEb8NRxIKU7NYSQnBmzJgBv2WG3xrDb5yb401cAgW60PSjLRYnFwr5ZZpmSdLG1JlayX4bHDrjcAcSp+o4hsnbqIQQH+XxEXge+egpSquhZlemMvSuv8vQAN5eqNL118ZkX1L6gzL4Qy2x3vLE5oVKiyyOE/xTWgRYDAIIkUks3rSaQ7HQKIU/zGuyIkmgwyC4RZJaDV6q1etRHEP/3Sd9ddf4a7phHHKF3iUarUBK4mlKTq3i6B1daLjfOh/QtM4+xGEWxMjgfQSXLpwNS+EMhbK0yE1JcFCEDI6hoaO3HOgKjWQN79+83U49sMI3is3y3L8NEW3Db2weyWKkCk6ML3lOiEEi9mUJFJGmeCBoAUUBdZgb2GwIFUEZHVLKrFtElslB3hzuG//mqFUnBIvvM37zYWQqUmS6k2Vpc7y9dNny2bNnz5o1c3j6NJiXyBBcEqAlHAyX91Q69oT/OUBGBcYmjuGdOYpNXEtqaZoODeVKJBKJRKJnRD/60Y+gfq+7QhLVsmXLjj766I9+9KPz589Xz54WLlz4m9/8Bv5ZP+KII/gHvDUh+JdX0U8iU+RgqoIfWS+66CJ4ctddd11yySWBvHl+6e1vf/vA7cwP9euwww6DFaKenmbOnAkLr7rlb3/7myJ3lp49DzjggFtuuQWevOAFL/jMZz7DG+++++5HHnnkI14Vh/IAABAASURBVB/5yNprr60ohacHOvnxj3/cQ5B8+9vfngjmaLfbjz32mCLwZenSpRPxPfBz3Fe+8hX2TezXxhtvzBk9kyuY/YhEIpFIJBKJRCKRSCQSiZ4nWv0IRYib8NKTXKVabV+DonoqGWioIk+zditttcrcswlYisUACShkB1eMwK6YChWgngOK4Te9UJtH3CTP0jZU1bHt2PCErRyQnqns7xqvenEZrOmjAwZ8FVTXdRAClda1CpkXJcMbeIWuabTdbiYrMTYD7E+48G7iOErwCy5mfULOhKEzgeWg/JmC0BkX00N/laGFPJvs6OCPX+W5HLRWbf8O8URHhpXkIpGqxIkb+O7MGt2xHuE9GQSZPn16rVZrDbfGRkfHx5tZkaru8/Nh5F2BaBGdqsvIhJkDR1p4TCE0lbkHRTAKBb6giwY7eViOiYkivqmwhaU1pss9pW+YrHIBNPhNEZVsARIx4qBsQiAVOaeQeQlDJ9iOAqGHXLdhmaYY9GMwNActTwy5ZcBywXuU5rYgogIEdRF2TMGTeDMfuAQTNs5Uhz1C2KmDN0aGoZOSvI/Q54OSiog1Y/LED2DpBjO8Q7hO0nsM3owRZsdE3AiGKKATZZm306goNfQFb9WIkJNSu5Aeak8U12pwe7eL0vvNkNMM0iqljZIo4QUTmZ41bJgTo+5YP/V03Q425HAy7KBbec4WhbAtxagHLY2wTsgZRfsFo8LtWGK7vN8JX5reZQw54NAIlfwqv4PAuVtFC956263W8tFlc2bPWWvttRBCMngF2LnAkDNFric04JT/45ZiUeiS/Wlw0UZJDaa/3mhkT/vTwyKRSCQSTUWnn376SSedBP88/fu///tRRx0Vtn/3u98977zzrrzyymOPPbYfAujXU0899cgjj/DzJ554QhEyG7bwt/D4+OOPh5+j4JDJz8nBOrD/e97znq233lqtMUGrFKEAq8C1nH/++e12W9FPv4cffvhPf/rT4ICyyjrjjDOuuuoqfs6wRRD8HHj//fdvscUWajVp88035/YP1AYbbACPQ0NDPdu33377sbExNbFuvPFG+BkPhmISV5Vp06ZVvx0fHz/11FPhyf/8z//8+te/DtsPPvjgQw89VK289thjj2Crs3DhwgcffHCSnR944IHwvyTXXnvt3nvvPXC3U0455aabboKlsv7669988809rx555JFqdehb3/rWj3/84xXuNhH7IhKJRCKRSCQSiUQikUgkWr1a47QHSk/EnZDTgftAv6qYiDzNbJ1uCiJ4nFB93FLaCEYzYFVaUfE1HEgGDs7tg0w9rKk4cjwrsqr3+lpFRV5mlKwC1VjlqslRnMScnaJ8CViFXBdfEVaVGediLleltTZ+ZyZzrLNwYKME3J0IBKum4vTCx7skI/fYkxvTd4xGCw9kGtDMIKoY31SHom9sOtejkrxT6c1TrO3CaNySmrADtmPXoVZC1aDw0g+vjQl6qbQVrTSMrnjwwGUKy7Y03C4VcnYY4LCEb7H7TjiIWQ1F1ffg21Gr15cuXgJronBzaZloYTjCoxUlHAel/yxPkqRMEouxNTE8x7QXXAfkYgMb0UAGm0AMAsJYyA3kRRlFGvNQsFG4tykRVMIbJsLsGrTBoNENg22chU0nfEcxVNEwTDPBn3azBb/E18pAK5A3gDVg0jTTeFWKyoE1Orz+Jmtvt9PQ7LUas2anY+OtZUuW3nf3k7ffEmuiX4xJIlNv1GtJnGVxnqWUJkQYUpoyZwTTAhugq9A4/rU+muqga0ZUErgQTGKI/yjhJeTQvG0Ijx7fKtjGCDpbWBocd5PYrpMwLEGuRLCaya+ltNAsGLtCR0Prbjx9/hYz1t84G13eWvRo8/FHW488GBlLRAwG5eCsUPfLpFbCusnTvJXmOAW2VibQLLjToQEuOIfRmTh2sThWdWAwSyQKcUIqGLoQyoNTSTOAcwe7hXuipHucIJ6itEyDKYJQGF6h+XUL2rs/2eobt/bpaJqPdj5X7haEliwfHRsdG1+yeMkTi55Yf/31RkZGECIymDFUcAQaLUJFpjCBfCqh/3wHuf+QUYu67j2RSCQSidaITj755O9///vwj89//Md/vPrVr65CJ5/73OcWL158ySWX/PM///OXvvSl/fbbb/JTfeUrX+nZcu+99/bH2XzgAx9QUxP8iPHlL3/5gQceWG+99aaSnvN0xNAJG2asrM4666wZM2YsX758iy22GB4e/vSnP/3f//3fzGqsss4+++yB25csWfLBD34QrvX73/8eLqpWVTC2MLkcNPPzn/9crbw4qWcS7bPPPkuXLv3mN78ZsI8V6tRTT4VD4AkM45w5cxRRR4sWLaruAz8+BUSGf45qk5S3q6nq4IMPDs+PPPLIyaGT++67TxEHMzY2dvXVVw+ETrIs+8///E/4qfboo4+uYjFBzWZzKqlDNdIkOzjzQpFIJBKJRCKRSCQSiUQi0XNPzrVgoJ+HDRsr+EinqB78EbjuPKgUGHbGIAdKTtBlz+UHHKU6RgxVPqaLlXFghCbWAXMmCBtgN4LgbYHVfeQS4JdcaZaOk81JaV2hHwr/aN0Q+8AIBgEiqC7b4GvQgVhWE6bjqsNdTh4+ZaLKPbDpgKsawwOaIBRYjreeEqGaM3o/OFyGd/dmF8q5TvRyP5aCdcjuRVWxDChQG0rfwN9YjjfTVjtnO20YQP4NYe8KqX7ris5sdqAr60JxQdy1yptakA+Cjg1NHJpWRHEUgBnfXnaVYHqGLELweINHFgRpFGWR5dBO2BLR4MGrBRbl3YgmtSRKIj8InaQd55Niqz0hzMh24kHoKNO73kzAU8L2sufb2PYOEjfHhkt2/CG8LwgtYqsrrI7LPfGuOyHaxJtY4LEOPTER/P53fHycjUlAsNTDzeMYlAKXEawdviKxFNiAELVDDhMWVz4ZZnDODht1MJDFp1KFgq1kdIIn0da5hlD4S2U1BMMVd3LDDY40fUCWH2jpwa/LuRkUoRLHeS2K02Y7XXe7XbZ91wdGNtxE9Slrjv/jgr8sOOW/Tbs5hORMBMufElsio9upzbjx7TSlpuJpOT+oXq9nlDMEB4WYoZAxFEZMVeKEfMAOv0VCt4uYSA6egtLhNr6vPMOl9dOEnUYYaOasbQ46bO7WOxCN06WlD9xzyyn/teT+u+pJVIdTW0XwlXnh4d+pz17rgYv/fPOvfmKUiZnVoX5FlXFm+5nOx465rbTijKfJdHeEk5tHf6sZ+qOcRQ09OoTLf+v7728Jy2e2hCCFfxC0DcQfrmK4pwsHHrnBwTdhOqLdzrInn2o1myOzZs1GjcDcxXAHO1+fgq1bjPewceZFvIwZCbSeiBGJRCKRaM0I/sH91re+9bvf/Q6eH3HEEfvvv39PLMjQ0NCxxx57zDHHnH766V/60pceeuihD3/4wwNPtcsuu/RX0KGEv3Dhwkaj8drXvlZNqu23335g8774xS+ed9558Hzfffftd9pYvVpl6OTOO++Ebh544IG//OUv4SerI4888t3vfvcnP/nJn/3sZyMjI2zusgqRPe9///s322wzfv7HP/4xZMTMmjVrgw02uOyyy37wgx/8+7//u1olnXvuudC8t7/97TvuuONKWWW88IUvXHMkBCw/GEN+vvfee7NlyIUXXvi5z32uutvFF1/80pe+tLrlgAMOUKtD999/Pzzutddet99+O1zlX//1X8OP0EEwlRtvvPHrX//6XXfddSB08olPfOKGG25Y4bUOPfRQmOJJdvjMZz4zUQxQVYsXL4a7Q4lEIpFIJBKJRCKRSCQSidawup1OtP/ql57g+cBXV4hlVPbRA7wzOh4nXRVsHQx9qzuHNBJr+69sGYPg8j0U1LM0bTdbeZaRR4irh/KZsW4b+2wH5cqaqgIGPGOOJ5Ro0dUHaiJ/U+ZZyoVngis4kcMgrhERdOIGo+eM/FChdsimocwLOI+hpBRNVIH1gTUu3KQo2wjo5Ez2IFHggAm1Aumyqw3W8zwdHxH3snZGHGxfgP9RigfnAfGh/pTWzZhxfExUYm0aDVvQL2N8HJOGeAHTfjjjRsfwK/5Gw8Cvf6sN6izA6nJ1814JtuHZ7+td2KRVhRCx1nvDwPa4159Ga8+bVKr+6KhhS2eo0YU+8GV0FUCqRA35FemewG+3Z8yY0SCNjo22W1DSz6qEAbvIMIYCRYrM2rzAZQOXjjkrxxh+wldn2EJX0nbCc/LtKIlOKpl1YJcavoSpjF9ZGTndE7hjmCFCIIg3pGmKS66gZqkoVvUXHfLJDV7yys6YF8Wihx6YPnvO0IyZ8G0yNLzD/m/Z4uWvOuPIf33qnjuGG/UhmOgkTmqYWYNZNnlekK0Rj3BIuYEtMDiBO+FeB/rET6oOmTIhp6aSWYRLLJAcPJV+7h0sZdytiLMHszu0+Qu3PuQztRmz+ApZc/zJB+5tzJgxc611TVIb2WjTPT571K3nnH7n6b8ariVDiUlUh32BsU6RtcC7lYkNWPExJwFV7FW4nQGaCUFC1QnlJgWSJnAn/LzQBa0QODbCfCGjy6J0/Bd+ReygQ55CKpyw6+odLsW9GCmXG+W9UGCFFLSq8R1sbGwcpmJ0bGzZ8mUzZ8ycMWNa0qiTzUkMfeSrkG9PoULcl58AeuUZekcWiUQi0f9BjY+Pf/7zn7/00kvh+Re+8IU3velNA3eDHySOOOKItdde+4QTTvjJT34CR33qU5/q3+0AUnUL/HN2yCGHwBN4/OAHP6hWUvDzTCBOlOp8aODggw9uNpvVPTmg53e/+92FF17Yc5JjjjkmcBvwT3y/50pVnBRzzTXX/NM//ZOaVGeeeWb4mRa6CVdZa6219t57bwYmNt544w9/+MPHHXccjNhnPvMZ6Ag0Hn6CVSupl7zkJbvuuis/X7BgQYBOFDnQvOMd7zjttNP233//F73oRVM/55NPPslPmOeYPXv2YYcdtmTJkqmf4S9/+Qubo/RodHR0+vTpagq6+eab58yZs9566/W/BJM4lcbMmjVr/vz5/Pyuu+5avnz5tttuy1hPu93+xz/+oVZVd999NzxuRfre9753xRVX7Lnnnv27ffazn50kbQqW3FScTgYOo0gkEolEIpFIJBKJRCKRSLSG1Cn1stWEVS7upAISuFq/VUVetMdbabNVZHlJpg9c2q1USZF6oBLrmq9mdniFwa+xKPtGs+uGQgOAkv03Shd2QSYt8Ptu9ggx2nde956vy6oDg3UKrMm7VBBmPsh+hg4nF4OSa/bIuFitp5KrM2lfe8R+NFp5iwyjI0w7qf6OWvf1ogqtYPwJlcvzNE1brbTdhjmF41VhOaaGXU2SWq1Wr0cU2RPwkIl607EhcZyPdvYiAzpQ+p5R4b5krsnSWOFBcaXXNnRJdeEXFm1l+FtKQuHJJrSHzh34Hh0a1zkrnyeQBJE28Pt66mx92bJlrVarmj0PO8Aosf0JRTJZoiyMs82B3bzwAAAQAElEQVQgIxDeE+8A3WFfoshhMUyEdObOXx0Uq5jSgzxo4K1NqpQJ4iloHGSd34zPHoq0jmtxQzeiBJmYLMP25bbc7N0fCsTJwrNPv/LM399/2y1pK4Xmzlxn3vwddn7LZw6fMXet4ZHZb/7qd0/+fx976sH7R4ZhJhoN+J06fZI4jnMYBFrmnLUTFbbM0egoyjLkTopGI0s6YhqD0oIM90JV31+QhMJ2a+dGQxFIJbon8bQgQ4H3ZOltUhyvBFtHdn35C979MQbJbj7njGvO+M2iB+/PcTA13Ljb77vfS9/zoWlz5m79ujcvuu/uJ665pChr9dgle/FCS2mF1A0G0JR08+dF6VxMjIHd2M0F8SO6hfh5FQpRFb+TwDkFvxy+/7Wf+tJRIrA9JsQEUTAidvi9EU5iqjZV1nuo2B7kxF2cER3CRjTxSmRVZOgcaQr377LR5WNLpy+fM2fWyKyRRqMe19GEBp2meHxh0GMeagJeaFYwG8iqlf5YtEgkEolEU9A111xz1FFHPfjgg/ATwr/927+t0Cjiox/9KNTIjz766JNPPnloaOgjH/mIWpH+8pe/3HTTTfPmzTvwwAPVSgp+Pj/iiCPOP/98eP6CF7zgjjvuCC/dc8894+Pj/YcsIfVs7PlZ8bHHHlMrUos0+T7VnwD/8Ic/LFy4EMan6v8BXb7kkksOOuggbsBq92jZcMMNDznkkJ/85CfHHHPM//zP/+gV/X/dAw88cOGFF1500UUwI7xl7733hkncYost7rzzzh6IB/TnP/95+fLlb3rTm/pZmYH0DAzIe9/73rGxsR//+McwX2pi/fa3v/3GN77xspe97Hvf+17/q+eccw48vv71r69GC/X3buedd/7mN7/Jzw877LDLL7/82GOPZYsa6Omb3/xmtUqCVQengie77777nDlzfvjDH/7xj38cCJ1MQpwoMg1Sq0Nwu60wwEh5bz+RSCQSiUQikUgkEolEItGaV7DUeGY/NL76qA5nh1G6j+yrqlFK5WrwUtZqpy22OYGKZcG+HdYXybHYzPE0DvJwH9xXWmv9DA1OJ1mFQlZcA7iD1EhsLdTk3SasbJtIGcI14JtQY7aeTqi023ofBkxQoWydwg2XN2VApgUdHhgKQDAlSzPlDUpscCuZymDYibvokmRcxA4bGEQw+jFn67hCv/U5Hf502F0bhgjq+2Rtg8wEZesUeUGZOyGbhzKDaEK1cUYMaqqa3NXG9nSPqviF8kPMTjNx8IzxjExAT7oOdUkoFSTFhYl0CBmlun593zHnCYcgK0BQCGyp1+vwi2B4DqWFdop/iBbwqI4/yrtcZEWRGzJB4VdhEkLSCovTW6rW4tyz4JNBeA6cNArfVnN2Oo4djp+yqmLjwcOC6UAExERxmWb58DY7b7DHPrC9tXzZOcd988a/X9hM0zwvGHlY8tijC8/90+1XX37QV4/derc9GtNn7HvY535+2AeJ+dG2USJ3Uq8nZQL9arVbaZbmRYEJN/DrcgVtIAsUzJaytSTLk4TRE8r1IYALVqF2FIZywIn2rjMOJUF6gg08tKbMGHTeoEHWIdDKcjBUY3jTA94Hr+at5gXHHXPLJRdlLrAITT/yPF149hn3Lrz2oO/+19CMmS95/ydOu+WGZWNLh2sxNIhnKivLFswLLCnNN7nmLLGCVhqGleH0Yp4QQidFGZODjWGrn8qbl7NwcjZBmn2NdMVHh4EzXr7sY0J3KRuKaDg9jJrWfqHidTWtgQ4JZbQOv9l36JHyLkcUvEXvYcZBgJxfRRQJdGHZ0mWtZmvJ0uXTZ0ybMTJj+vTpMIcwHzD46O+CRA8CgdoRM/huteoUnEgkEolEE2hsbOwHP/jB73//e0WWDF/72tcmpwSC3vrWt/KxP/3pT4eGhg466CDefvjhhy9cuLB//2XLliliQSbyUOnXi1/84q9+9auKyvbnn38+/OwET5YuXVotvZ9yyim2m6z++c9//oc//OGd73zne97znp4TrrPOOuE5/LzHFMtA3X333R/5yEfoZ6UYfoz65S9/OXfu3Il2Du5xixYt+uEPfwij8Za3vKVKtMBJjj/+eHhkF5Y1EQx08MEHn3HGGXfcccdf/vKX17/+9ZPvfMIJJ/z5z3+GJ8PDw4zsHHXUURyHdOihh8J4QvfXXXfdYFVy5ZVXLl++/OMf//gU3Tiuvvrqhx56aN68eZtvvvnke77xjW+E+brkkksuv/zyPfbYo+fVD3/4wyeffPJ+++1XhU6eMV1zzTWwXKEXfEdA8/7617/C8hsZGVHPrGbOnMlLd4X8Ewt2Ft8UkUgkEolEIpFIJBKJRKI1L933ZE3J9ptLrIx5RvB0oG/6XrKe1KCP4/ssE5d1giXaLG+PN7N22yJskbO/Bp8I02WguOmjRQJzYH1OjW+moxmm2NQeTRF6qJiS6IpjgHV9Ua5kDA8mMgZDdZDV0MZ7cnRO0+mAdsPRaR46XOQ5JQrF5CngzB1KC3V/GgrkKMoiyywCOlgwXqn1oVfwioczeJM2cNGklsCDIpohdL86aFWvFppiw7YmRZ6lrSYeZZ2PBtS+oT4O46MiLlNjf9nEoQLj6IlbGCr1doIdiG8Iu3RjJDxvsQ18jDsoWJRUHCiUR0y6ZT0BgOQR5wpVXgtbqjyHqfSHw2JGZs9qt9utJqiV5Zl1dEJwvFCUlJKjywXMcVyy/YmDL4gCCUEtbJ4RTCwYxmDvE4YMTGkMkRRhZ5iFUg0kfXR1wAhiKIl8MhRhg7O3wd7O3f2C47/9jyv/XlCWSpJEsNw1OXPkeZEtX3riv3zs8789e85668/f7kXztt/p0RsXkINP3Q4N2VqMF4HuNBrWRGWattupzTNDF8pgZZdlhsYqcb1eRGkKqw8aHScJP2ruBNqGRJQ6VRo3f7SYrM6LwsMSqBwpLn+HIoGCLAh0JS+Lefv+UzwNSxTXnf7rWy79a0q7wZ1bi6PEuISk8ccfvuin39vv/30prjfm7bjbXRf8Cc6TRM4NBq7RzvLC6Bre53jP4wIgixLM20GvHEf/QHtzXRp6c4u0e0dAQxs4DHviSBp0RvG+NdablCi0S7GlYpsgQ1yNY9cYvcHTYKYSZwkREofIjeH7jld+6WN33FRabbtdgowyiOsoh/OQww+tQ1ty7NF4s7l82bLly5ZPnzljxozp0zE0qk6+LdiFAkEaizgNtkLLR1dFIpFItHoFZfX/+I//YDzine985yc/+cl6vT71w9/3vvc99dRTv/zlL7///e9DkZtZB6iLczBNVWyeAT9uwb9w/a/yv4nwT2rP1UOJff78+XDs17/+9b333vvkk0+u7rP++uv3nI1RCfhndYMNNlCTatasWRO99Ic//AEe3/SmN8F5TjrppFNPPfXzn/+8WpGOPfbY0dHRQw89dO7cuT02Kmx88vjjjytKsVGrW7Va7UMf+tBRRx11/PHH77vvvlWflX7ttttuMLYwXzvvvPM+++zT8+p9990Hi2H33Xf/0Y9+pFZJp59+uiKgxFQDVAcJZhyG64gjjvj2t799yimn9DR7r7322mGHHW699daJDu8g7GtA7LMCbeBv3/CGN1xyySVnnXXWe9/73qmf5PLLL//iF784lT2TJJmIrfk3Uv/2e+65Z9NNN1UikUgkEolEIpFIJBKJRKL/1arSE/zX1A6rghQDYA6KNelYSNgy+IKoCg6AL2TtdtZuQmkTYQvMptCMqUAplsvsVGk1A6w8PDTwjKnis0F+J6oa+aLZP0Bzrk6SwFeUJC4+puwADLqbhdC9aAR+Z6jv/PtPrp+z0QsWjjWn8JQERWj2JaAjJ263mtqcMtbDJzRU3oeO1OK4VoMqv620VHe3v6LSdwJr1Vk7tdTOYKLBHg0cz+MSfIxzFNEraqhHm2zVTKR3F/JYIacZ46xyOmEsBZ89Lhyj5H0msLuldhYsA3vVuT53xHpPmKo1iL8MXrzaOLdKdQc+gt+2k+VHPamNj46NtVst66bYMuGhXMAKJsUQQYJbaphOU7MUuaJoiSh/ZtW5RKfDhIDkpjTMSNjKWCD1AYcbR6go98nXTmyS7YBH1n+rGvO3nrb+fPj20dtuuuO6y3UcJcrWYZ0rW6MMqDIvs7xoZ9l4mv/5+O8f+OVvwM57v/8jx//zIeTeY3d85/unjYw8dsO1T9y0YMOXvHKzffYb2WCTIs8evfXmO/5+wa3nnVWLonYW1eKsFkdZniNqk+T1mbPW2et1I/M3n7nxZnlzfMk9dyy/766lt91Yh/UJCxQxDrwVZ+768tq6Gyy//87Hr/pbMmedubvsOWPDTYfWmjf66IPLHrj7ob/+JV+2BIkbrSJlzbQZ67+cCk5Ll1xz5m8zGvN6LR6K40YtQs5FK7jH2nnx8DWXjj65qD48vN7W2992zukt2J44sxyYlhSnRhdlqaO6SaL6zNnr7Pnq2Vtt35izjo7j1pKnlj18/wOXXvDkjQtgJmONoUVzX/iidfd4FZzhgfNOH3/84Rj7GMNc1uauM2/fA2Culj9w78MX/8nQHEW4ANSc3faaueW27aVL7v7DLxiswhwdTeZHNIE+hCeil5j5KAnEYfcXGxap4XSh0gVZ+cWJtiwaF0Tp4DDFVkBlhIiSyuE+zsvxArOhoEY1PjLSHGvOnDkybfoQzBYsAU1TAO8X5OQClyuUSCQSiUSrT41G48knn5w7d+5//Md/DMwNWaE+9alPLV68+Oabb9599915S39Oyq233nrwwQfDjx+//vWvN9lkk/6TfPazn7344os/97nPve1tbxt4lY985CNQ+99mm23UM6IHH3zw3HPPhZ8qP/CBDwwNDf3ud787/fTT3/Wud62wwA8/NGy00UaTQAlwZkWOMpOf57e//e1uu+02cKwm0f777//zn/980aJF99xzz+R2NfuTlIeBenT99dfDI3SkZ/vChQtnzpwZvoWfmXfdddf+w5cuXXrRRRfBULzxjW9UU9BrX/vaU0455aabboJxhkHueXUSMAj0xBNPwCMsvy984Qu85fbbb1eURMO5PwOjl6aihx9+mBGQ/fbbj7fACoTun3TSSW9+85uHh4eneJ4sy5YsWQJjxUYyEwl+FhzICcH/dMDhbFsCPytecsklsCBf8YpXwLe//OUv4V57//vff+ihh/YcNTY29qtf/erAAw+cejtFIpFIJBKJRCKRSCQSiUSroGrlek18MqqDm6wKvmF797eBWvF/uRyIQJyUXNKECqch2gA9PeA3XK1WkeZFlpf4CX/LlX/CEdDTQBv8vRY86zAC7mrB86KnFyvob7APUH5UB+ELgwe/61j2wqgcwhYtUPk1EYaBROjOYJhMYVsT38rAiFiGPAzTGBiVgsE6WDyGOjQ5nVDaB5EWFZuX3MEcVgWbE+vjU/r6oVaowUvLooNBEjM3g/EdxoQ8GUY7HBPDsUD0ijPXYIwD5rbVLgg20CHYAyv1hbYGo22stQAAEABJREFUnSrIuKW3zdavm75J6QS/0OU9CuFDgdxOfjSKwvWCbGIUUR24/Cw5h4T5VCrkznS2hCvyWU3YyPMVWtb9bacn1lb9U3zrLMfvKE/gQIWgMTys0SkkaY+3sgz9bTgnhU0plGLvCudOkTnCRUfO+cfwBISgFm8n46wywuE8DDDgFs/qpg39MSyuTmevUnawKLz1KKRFefYFuQpbzN3ppbzD5aeeVMD0awO/IB5OokZk6pQZA/dwlhfNdjrabN311/MWPXToWhtstMWOu2SlHWunkVZb7vP6GWuvu3zJ0q2332W7/Tq59ZvtsRd8bfTiPf/yrS+PjY/Xo6hRi9t5Dktv3e133P1TXxye4523Z82Zvt6Gas9XPXHbzf/41QlR2oSda3ij6cbGm83ccvusKJL5j23z7o/EDWcIP3uLF8LX3G13vuJ7X1Zjy9HFRNuR9ecb+pX6jeeeMT7ehB7W4nh6vTZzqD6cxPXYmcm003wszX536HtgemAoYeAyl3vm8B0MA9I6L21eFDM2336Hj/6bjjq/iJ8+bwP4Wn/nPR5acNVlPzgqURb6tXzxkzu8+OXw6pIH7nny/nsQrMmgp2b6plvP3QmraCMv2PYff/5DHKHnSj2OYCbm7fW66RvOf/CyC5sYVaUjZWPMHNMOO2GLpGCMUnbemcNbXtntPYLEiaG7tHPjaLfYvZNKSWuM1g7OtXW3VTk21srzsjnWHB0bmz5t+vSZM4aHh2o8B86NyAb3fpFIJBKJVou22267Y4455kUvetEqe2/Av4Zf/OIXoRw+ERwAVfMvf/nL8EPUxz/+8YEUBdTRL7744nnz5k0SuwM/ZT1jxAn8K/+DH/wA/oV/29vetu6668IWqOsfd9xxhx122H/9139BOyc59i1veUuapvAj6EQ7PPDAA/C4QnjlJz/5yfHHH3/BBReolRH8T86///u/Qws33HBD9TQ0EXRy+OGHV7+FH1f/9re/9R9+1llnwf+H7rHHHpOPVRAsoU9/+tMf+tCHTjjhBFgDK5U99NBDD8Hjo6Tq9oENm1xwhtNPP/1jH/sYf/vTn/4Ulu5uu+0G9whvgWl93eted+qpp/7qV7/68Ic/rFZGr371q7/+9a9PskNgtnp05ZVXfupTn9p3332PPvroRYsWHXHEEbAmGTrZf//9ocEnnXRSo9GA0aseBcv1t7/97f3333/UUUcpkUgkEolEIpFIJBKJRCLR8009dELZqe6XesrcyQBrk368ga0xvOOEclVsqv0brI2WBZphFGnGHicum4UBDffRffedK4jrLtClizbgC06h+Uw0dJ77mJsAlExAb/AB3b2r/kUVYOs5EkYC+JzVYKDqSazLgyEsgoiTHErbFIQSxbEOPgVEDhjy+Yahy9MMBy3LrPce4dOvCEvqxjJUb+Mr21wYCYXrYEgQ9suWzh6kb4V0rxnGK6jtJUaqWDLp4IbayjVdGkmAJXrMXio4TWdrtyOMn0TLlg1uqZVhZgPnYv3u7pDY2T7Yqr2KZqMRPtz5x+hOjxTdJ4iDhGHUE98sdgC/Zfufkzc7/F54aHg4bbSbzVZzvJlmLYrXKf1VXB9guPK8sBZmXcexpcWlyOICDS+890vpORl3FG/nqJ3SFJjnUhh2y8EAJ5JGfIEDdLDZJbmtqA7g4xpclLa+1rq86eE7b4PRqiVm+lBj1lBtej1pwEm0yjNYwEWzlS4dq8fx2BN33b7WBhvBTI+su97SRx6EvvFkbPdPbx6aOfLQrTff+rcLHr7tlvW32marl++94Qu32+ZVrx0fHT37W18hzyPbyMv1X7TL3l/6jo6i8cVPXv3bXz1x753T5qy1wbYv2v61b1h7q23rH//Xy35wdKvdnFavJbEpaPJmbrbV2i/aDW6PG848ddG9d9eGhzd7yV7rb7vj9HXW2+Y9H7nsh18fqiWJ0Wuv5aoLj993b0HpRY1aMmMIoZNptbge47jAW9JwksB26EwLihJFgc4xCmOjPFeHmFBp0CQmmjGy7Qc+o6O4+dSiBb/970fuuA22r73F1vN32XP+LrtvsNNum7zmTbef9du0sOP33DX+1KLhOWvN3OKFS04/BQYfLhcbven8LblJtRkj2cjc0SceGa7V4A6qz5w+fYNNYPtDC69u5mVsVC1SEaJtiOeRFQotXFgyBt8rkM9DixwfuOM8hVz+EYJ/bn3iDWD8faSZpVGFfw3XiH97wYgzuJVpOZWYgZYVY0Wz3c7GR5ujY6OInkyfNjSMQwu7ErGjRCKRSCRavXrlK1+pnp7iOJ7EjuKUU0654447FLl33HPPPbvuuusuu+wSMnGuuOIKqKPDDwyHH374JKzGM6lvfOMbF154Ifwwecghh/CWgw8+GLpwzjnnfOxjHzvhhBPWXnvtiY598YtfPPnJL7/8cnjcfPPNJ98NfjTqzzmqDtHy5csHHjjQemRldcMNN8DjRRdd9J73vKf6PzNvfvObq0TIQOuOxYsX/+xnP4Mnb33rW9WUteOOO0LLr7nmmtNPP/3d73731A9k55jDDjuMo51AX/ziF6+99tqTTz557ty5igxLeoCMgbr99ts/+clPwg94DJ3ccsstf/7zn+FJD1zyjne84w9/+AOc/O1vf/vkFiyrS+eddx48wi3T/xI04Ec/+hGs0uOPP36DDTbgERgdHYUfHz/xiU9ccsklf/nLX+BAmDUlEolEIpFIJBKJRCKRSCRaA/LeFooey8lIiNVzOSredwePrJo6pIX1Z/RYAeMYyrLpSZG32/iVpvBVFnkomOPn97mWDgVUYwa5dRi1yqogDj0jWjEyGXBJvYINmj0xCAGIsIVkLOG5AQdeMOHiW0L/YWkYy9dQ0rYYToGZNujsQk3VlEVj6ZOTGL1SFEic5CkZLBjfCMPIRV+T7QTPu9rv0B6PN7B7Bzmd6CiJ4yTR3XExqpu3sZVUFj4FdwqmF4rTZe7DbFwjyL/Dom8KnJpXBI2SqkS7qB4LGaU65jB9m5lUqoRDdTfVUqoOGnn47THX13FxciaI8t3TAZ3S3qAGm1Hiju50BfU2tFQHf5RJPGa0G2WlelktgwEqmCFVi+pJXMNIo6bO8sxad8Nzx1jYJpun0IaiIBgoNtZENqr68PAQh4yeYJcSEonYPMePlIOILBu2GOWnqCR+yg8gDSk0qDEb7UbGljyVpqkma5DhJJ7eqI8M1YZiJIjgzFmWtxop5q0YM/r4I3yKtTfaeMkjD6bedmVo5sjDd9z2/Q8fBIs4jqLbF1x7yR9+8+EfnLj+llvvst8Bl//u10/ceVsOrym1x0c/o6PoiXvu+sVnPjK2bKmmxKkbLj7/vptu2P///fvM9TZYa+eX3H3+n9Kher2WFByRM3PW0kcf/vN3j4IrGlpV/7jk4jceccy6m28574U7NK0p23k90fW1HXSy5InH0HUmioZryXCtNq2WTEN0At1gYBzJ0AU9RRp5jPlfSO8UaZ7x7LIJETzChWdvuU3cQGPwi771748/eH8zzfJcPXjH7df++Yz3fOv49V6w9TpbbX/Vb0+uwbWMuf/ay7fe9w1rvWCbZe0UbvQGuhqZuVvh51PLLDVJbfpmWz1y791pUeS12pxNd0UeqsgfuOG6HJOWkDdRBAYhM0R0VolZSQYmCd95CCvB2xdjbgyzSLiKybSG7G5wSXtsi9+PnWWPT2hyJBuvP9oIt03EGVCRiXmlZcie5K1WqznWGl0+Om36tJnTpzWG642hRixOJyKRSCR6vum9733vi1/84quuuurKK6+84IIL/vSnP8HG9dZbD8rha621FtTv4YeAr371qy972cvUs61ly5YdddRRF154IfwE8Y1vfCPAJfAP9JFHHrl48WLoBdT4jzjiiJe85CVq5bVo0aIFCxbAyXfbbbfJ92y329OnT+9vXvjpNNjvrXbdS1IUpnP66adXkYWPfvSjnPMyib7zne8sXboUJndlYaYDDzzwmmuu+dWvfvX2t799YNAM/JwMZ1aUHRM2MnTy0pe+dJ111uEtjMJAO3n6YCRXeGmY1rPOOgtO+653vQt+KIMnn//852FZwprcaaedqnvOnz//4IMPPvHEE48//vge35c1oSzLLr74Ypj0V73qVQN3WHfddb/5zW+yScyrX/1qRZYqu++++/e///2vfe1rH/7wh4899tgdd9xxhc46IpFIJBKJRCKRSCQSiUSi1aIQlaCengaGxTxddZ9G+1p1yElxjiUc18CfmIcabjsrUijhZhiG4qwpcGe0WjDae5B4+5DqhZ7uGFSBAHfyimHGoCvZivlFr4g1QcqE/U0QCIg4+YTTJnov3okzYuOBMkdTkCKDv2ycRMg8FFQjJrcQbh+ajhiTZW10QynwSn2uI3ogKzMBjxK2G1s9mEeBwo8Qa+CEIBVopHApwhtKN7PWwQ4c84E5H6pEWwhMC6rAU7ZiYgKnxQgOPaDlelBXaMeyp/X+odI2OpiaUiqHXfTGLhlnIGMDz+FOGL5xSTx9R/v9S9t9pI/56epD+OrqRrc84qKgSN9oNNAvYtr0xtAw/wqbg3XCpYlMKjP4TXbbCZ6m+H3KXia09gz7l8TEZ7gkHTqc98nzvCCVGAwDk4RfvJHcdkqeV1t2+uh6Wh+O6viZ0aVPPAothhVeT5Lhem24nkyr14fq9Uat1qgn06cNzxqZMWfWzDkjM9qLF/HV56y3fomokfdNKcufHv6ZxcuXj7WgCxnCHO30N1/+PCZLRdHub323jeJMqRfss986W2wF+//ua0c8/PAjS8aaS0dHR8fH4eu6886+e8E18NJmL3vVk8uXP7V8+dLRsbxwY3Xxz3/y0L33NrMiI/oCbqF7F16NEx/Fesas5e10PC2G2bUF6iKLniDTnaiWxI1aMlRP6rWkFkf+C21IhmvJzEZ91rShWdMaM4Yb0xqNwPdQgBECTXU488P3P3DNpYsffTgvyaoJGSIk0B6541bYefra6y5ZPr5o2bInFi/5x98vhC214WnJ2ustGRtbOj5u5qxdnzmrPbb8lr+hQf26L9xhabO1bLy9vNWe8YJtYcvjt9+yfHR5M4dO4VuCJuLEGO0nHf/GGxbfeeAlTE+iDCt6iPhtiZ5E/E6CdzgyT/jE8Lqkxmq++ZX7m7rAKwnjc1yP3GKmOwjKDFBbenLRU489+tgjjz72+ONPLl2yrNVaceFEJBKJRKLnlOAfuK222uqggw467rjjLrroop/85Cdvf/vbH3/8cSjzn3TSSfCT0pw5c5YsWfLkk0+qZ0/wL+8FF1zw7ne/mz1OoGDfA8EkSfKtb30LNj766KOHHnrol7/85Ym8RibROeecAxfafffd+4GSqprNJvwY0L/Pf/7nf17ptebsK775zW/C4/ve977NNtvse9/73iWXXDL1Y6+44oqzzz4bfnBaBSDjpS996fz582F4YZQG7nDuuefuQzryyCN5y9KlSxcsWAADBcnnEngAABAASURBVE1VqyT4ERgef/Ob38AP7V/5ylc++9nPwrdf/epXH3rooblz537pS1/qP+QDH/jAhhtu+Lvf/e6vf/2rWsM644wzoIW77LILu7YM1HbbbQfT9Itf/AKW6GOPPQYd4aShHXbY4YMf/CD8f81RRx212n4xIRKJRCKRSCQSiUQikUgkekbUVWVXLmvElRuVfpo2J3zezoWsgzW4fsnVTH4RS95pCuVmKIQz58AFT031UaqAGsVYjE+ImKCSz9JTRVFCP3UwoVCecbBKTSmjp+t8wRSAEBko/NZqUJCvoQ2BC9mhjquKMUewP1HO1QOL1/4LU2mI1UByI6OskbJg4iGDIn07tQQYdM/UlLtf3V13RkP5KCN+Ao2HbiS1xJCfSufcOvBDlbM5Wsd6V4yS3WvyLOuBVSxV42Oqjmtfv9YVmxOfqNRvdGL7yBlbefRuOmTK4HANWwZmQ1V4j7hDHFkEmgqNHh9aaWfKw9ZC/jYx3kVFO4aI97Ced+kyIBr4q1KrO+3s4X8c6EROLzDiw8PDUD9otVtjY6Pj42MEh+TBp8Rfk9YK9bAgvqSMkd/CZwVGrgTWQZP1CDwybkJTU/A9FpuoxCAdnqyS5xvOjI/EDGllSuuSVkrvu8JtzsbH0BUF3UEMnKcGfxyJYCP02cDrDg+ZVl7OmO1+7zy+dHEUd6wvnnz4ofvvuB2dRKCFRa5xMauljzzw1KMPz11/w7U2nq9jWHbxprvtCTsvfezRWxdch5yVgsspYmXgHaO49cpLN99ltznrbaBnznnyycfSBoIzsH9r+bI7rru6wDskjk1cT/DOW/rgfXzpeGjasiw32jaXL3PdabfiyCSw3OkxphsLkTGaGHhSi1VsowLtTCwcmiAq5e49Q94hhO7kd5x7xl3n/zHHjB+KYUIrH6ULPWPteZvssDMvg7a1CR1174KriiyLkmSD7XZ67O47TFGu/cIdYJ/7b1p469WXb7fP6+dvv9NYO6XJVOvQS/dcd2WawQTrkqxtHAdCjlDOCIdzsdBfSbMTFBne0MYCbZHoZjC0ciiVideSy2XSpXVZOoagI5pPjlxicA52cKFOhXWJbGSjQq5GyqILzBi8O7Wh5NBsjkFZZRMlEolEItHzT/DP+u23375gwYLLL7/86quvhm+hRr7PPvtAgXzhwoXHHnvsd77znRe/+MWve93rXvWqV03OZFTP+cgjj/RvZxxk2bJlbIPRo5GRkRkzZlRP8ve///2EE0647bbb4NvNNtvs6KOPHhh/M23aNKju/+Y3v/n+979/5plnXnLJJe985zvf+ta3zp49W01B4+PjJ598MjzZe++9+1/lnxgfe+yxuXPn3nzzzfB8zpw5k5wNLrrhhhvCj7hqUvFQTPLRigz+p6Ki884776qrrhoaGjr44INf85rXvP/97//0pz994IEHtlottSLBPsccc4wiz5KB1hpwrUl8R6CRcOBRRx31i1/8Yr/99utvMwxI9bQbbLDBb3/7W7joy172soCD92sS3gIWD0w9PJk3bx6swK233hp2/vrXv37BBUgqf/nLXx44BfD/FIcffvihhx565JFH/vrXv4Zj1RR00003feUrX5lkB1iHPf4usGB++tOfKkp3qm5P07Tn2OC7c801yI6HUTrkkEPOPffc66+//ve///3b3vY2JRKJRCKRSCQSiUQikUgkWnOyvVX4zi+mdPi7z1Cju0qvbce4ocKd9O4/EDqxE4ez9O3q7U2CzYmjAaxLL+HqOZSOszxrpxQWg8ViqnYWGoGTyKe9hBQT28sg9Ia9aK7tdw1Ld7yJ/7a77B/ib6iUrwb1Z1BPe9kXcnBhiwG2OcF4HaoCl2yZEXqglfZD5FprCY5Q1u0DJXVKSIGSf4GmJtgql5YB5e02fqQQf4NnjKlMpYvtUVP8dFjPWnLbOouCgnWSWr0OfXE5M6aLMfGX8iOru4YYugDTmjZbeZrCOY32QApdAIYHzpzUaiby8xvIDetdZyrTpat+Jr6Jzl3FH95pGPrl2OoRvnvewQUawPty3R1myHiPG1d171oVmg14vLMF4zk2BAohuuGgJc1RJqpnqHvchDSf3+rglcHxKJSWBH+SKDbRUAx/JQnU8JvN8Va7XRREfVjtHFBKpQm/MIiM2KIsEdIqDHMnUUx2FoifaMMQijIFAUy0zjRmBBnESqgNJUI3sLWGsAFcwsQYnmJLyzchjw2s0HR0Gay+qD40g4JpaF51HOGyNARSwKJn1gdaBb9Rr8XxrHnrc6dHFz3RqA3ZMueheuyB+whlsjVj6vClTI2AiSfuvnPu+hvOXW8D6F9s4rU2wQ+D5kX+6g99nFxMLNEtZLih9ez1NuCTJzNGFt17D5Io5HQytmwJtkHrWmSGa/H0ei1SOimdtTscnZc2LcqnHn5gU9oysu68pQ/dR54gHtXRzqDIqKiw7OJDHInVUWxtjulfYTKJ/dJFYWFwE6LkZm246azNtpy+9ryZa60Lj3M3mh+RfTruHyGSVo+jRKuHbl648Y4vnr/Trgv/9IfSmPW23RF2uGfhdXdch6YsM+bMHdlg4+ZjD4+sNXtkHvb0zqsuy5AdiWhREjtEjQogW7irYXxcOhVHppX4hptTxk5kiMfi90rl3pctoSfGEVsMsNB7tK7eNfSIaV/WBNyLVrbxAB38yeE9HZWOjo5uokQikUj0fNXIyMjSpUuhlrxCVmClBCfkk6vnjPI8f/jhhx988MEHHnjgzjvvvOOOO+AxgAtbbbXV3nvv/eY3v5mL+rDbWWed9ac//Yk9PKDq/7KXvey1r33ty1/+cijwT3KVxYsXH3DAARO9eiqpf/snP/nJ973vfYqYA9jh7LPPXrQIPeRmzpwJ29/97ndPftF3vvOdu+yyy5FHHnnrrbcef/zxJ5544ute97oDDzxwIKdS1S9+8Qu40DrrrAP797+65557nnvuudC2DTbY4O6774Yt2267bXj11a9+NZy/yjf8M6nnJDfddNM//vGPJEkwYrJWe+ihh6699lrYvs022/Ts+dhjj1199dWwDq+66ir4du7cuXAULKTvfOc78O173vOeEdKPfvSjww8//Je//CUfdeihh86aNWv69OkzZsyAS7BB4Kabbvqxj31MEXSy5ZZbFkXxoQ99KFzohhtuWLBgAQwptOeaa66BfWDSQ25Rj/bbb79TTjlln332gfUD7ekfouBxoig3Z//991fEuAw820UXXQQ/wkM34fnQ0FD/DtBrmHQY2GOOOQb6BT/oHnXUUX/84x/hpX/5l3+ZJEEJXnrNa14D8/WFL3zhhBNOiKaQfgi3A5956vrDH/7w1FNP7bjjjnvssQdvgQXQaDRg2X/jG9/YaKONeva/7777oEnwZNddd+UtMIYwfbColEgkEolEIpFIJBKJRCKRaE2oh6vwjhGh7N55yT+xIcjGEwRdNXDn5NBFD+jqPp71GPRRqz6ihb0tVKWdncK9JXsEiijhD9Brl2ZSQomfCv1FluVpWmR5nmK2jnZWJxwJEVuGMxBD8SX7fsqGPtrvLogIgoMDutqjKw1zD4FaCLvRubTjEhwKYqsvB2zA114nELYd26zKHFEAvJbxNIdVoZjt5tFlmChnW4GBJwXsUHLlHk5BfieccwJnbdtWZtpZmnG4Bp0OC8O2LFWP50eveFCqBE9l2rUvICtXZSZUwcS1JEoSanMgMKhY7XgLikkyFM2Dgx+RvwO2BnuS5SVUn1upLSzBIZr7xA4mOoootQdxCOyYIzjYZIX7UIalGPCRbpjI8SthFgPRonXHb6XTed7XaEauYqacSnTYYAOeiIfdjYe11Vl37aimK/EG7e/ICcAk1Wl+9XvH11RvX13Zt6RVC797nT17Fvw2HMo9Y6OjY+NjzWaLPEhK43ObONgFFxBiJzCq6E1SwC2Enz+0xpScs2PYOwjnQVOmDvItOVmoIB2FCUoJvJ5nMCZFbooohu1xFBtlLF/Ks2J2bNFjMzeYP7LOPBVuFuXsNcjNB0cEgQzoQYEuJtPWxggbBFaWLxkaHkK/Dernovvvh8mPtKmZqBHHQxE8MYWyix+8H14dHpnVarXzKF5rQ/wl9dz1N3zDxz+tJpY18WhzPEKzDZzW5vLlcEXoQiOOpiXJjHo9Nma45uoB7AsC9+bSRx7iLdCdpQ/d18FNFK9CHK6SeRsoAGy2VTQyF8b78av/mlfeHNkZJCTObLTHq7Z/6/sbI7OqzRt76sksbc1CcAT9ZEycNOpJPYkevunajXd88UbbvEjB4Jd2w+0QOrlr4bXLn3rqkXvuWm/TzTfdYZeFZz8wb7sXwfZljz/22H33xDgfhkyg8M5j9yjV8dqxvNZphTi8kNPMlGGHE07Sgmn1OCDNF7zzGDjQdN6nmCBx6zO833VuB7cinKGKT4kiLAffr2D62qnE64hEItHzWBtuuOHSpUsfffTRVU4DGShO09h4443Vc0bvete77r333uoWaN7222+/ww47vOxlL1t33XWrL8GwfOxjH/voRz967bXXnnXWWeeff/5FpJkzZ5566qlrrbXWRFeBH0s22WQTtZKC0/KTPM9/85vfpGm63nrrvelNb4I2T9FhZYsttjj55JP/9re/nXjiibfccsuZZ575yle+coXQyaWXXgqP0NOBUMuBBx74xBNPXH/99UuWLIEddt1113e/+93hVaYrVqiHH374G9/4Rs/GF7zgBf1tg59bqwDHq1/9avjJZMGCBdCGLbfcMlAju+yyCwzRn/70p6uuuorJof6LfuITn+Ans2bN+uY3vwntbzQa4VX49oc//GF1f+jLRJRGrVY75ZRT+rfDgMybNw/OX9340EMPNZvN3XbbLTAWPTrttNMuu+wyfr7PPvsMvNy3vvUtWJbcHviB7fHHH4cn//qv//rOd75TTap/+Zd/gZPDjTwV4gS00047vf/9759kh09/uvfH8re//e3wdhGIExAM7H777feHP/zht7/97UTngRvtDW94Q/gWBueMM86YiPIRiUQikUgkEolEIpFIJBI9HekB33W22T72xFZ267AWVVOP/rP2+mNUq9+qd2O/kcog0efoXdlfB9zDkyOaPk0Ppe+01UqhspxmZZ6HBpDLSazIBEFXG6N11SuigpVU6qG6Z4uqECa2cvCApy6VwtWaQ5hKZbeO9YXuR0+CZ0UJVW+roKINZWSHQURsf8EnJlhDR2SLgsVsRgCso0xK539BYgyl2kIo3ZMDRcnhGtqTF9rXfHkIVYBvXG3Y+vAaRk2QAbCd9lvPcBAxY7TL1qGIIPgNeSXDp2Inglco2LLDj0LJs4zpHyXmeLTHm2krLQobkeNLx3mEg0F8fJIjR3TvtITyNvuMVKEf32xVGRzvqxMoqOCvUzknXwc2xs1mOyJfC+xhHHs+q3q76LAIrF9KnDPEA8pOGPSf6ayADvmi2TanH1AKxifO3cWzW+SKY6svgeAbQNG2AAAQAElEQVRXzJhylCAYUkvGW61mmubV3BzkJ2CVEM5ToNMJAj0mwl/QY+wOybmDkH1QVEZQtyg0RtQg44RPs6LMY06VIYCiVAWtYcybCf3SlMsy/gRCJ1FSW3v+ZosfuKcMTFTVDINnTqvayKy5m28N3y1f9ATsldTiyMbsEVJk7aFGDU7YiEwjjuqxSSIDbRqegRWURQ8/mKV5GUHXcAwfvuuOK/58JmI1GN+jyVWF7gfLpjb2wdtvzdppy2CKkKJIqqzdTqCzViHREke1JK77D6HihJMXzNJHH+Yt6272gvsXXFU6fgT/4zWqGJaDkTJ6/rs/EQ1PH334vvsuvRDe3tKi9PY5mvbEGdnqtW/e8Z0foN6lj/zjxgdvuR4u8eSD9z1x/72v/MinZ83bgC1EkBmJ4noteeLmBbDz0MyRuZts2mq1ps2eO75s6SN3Y+rQndddtd6mm2+x487X/ekPG1M0zx1XXZrDBBPfQSPg/FeYOOnAhiTyWXLGTQiBEe2CgUiOb6Np0+GZW0g8l3RgsCWySncBd/wmpTpmRDqsaoLX0LJH4xLSsMyUSCQSiZ632muvvW6++eazzz471OlXi8466yx4fNWrXqXWgOBf5A033JCfTP2oAw888Nxzz50/f/6mm24Kj1tuueUKjVjgX71dSZ/73OcuuOAC6NQrXvGKgcTJ8PDwuuuuO2PGjFmzZv3+979Xq6qNNtroK1/5Cpxkl112mQR+n6i1ryBdfvnlCxYsgCf9+8ycOXPfffddb731+Nvjjjvuhz/84T/90z8NPOE222xzwgknjI6OLlu2bJ111ulJWpmioCOHHHJI+BZ+TN1xxx1f/OIX9+8JrXr/+98PP1fAhV7ykpfsvDP+XPTSl77061//+uabb151GZkzZ85BJEWYzlNPPTU+Pt5utzPyjQTBFFfP3IOGQAMOO+wwft5oNOASvJxWSjvttBMv8qo222yzH//4x/2GKB/96Eff+c53wnr74Ac/uMcee8AOcPhESBA0LzyH4TrmmGMuu+yy17zmNWpFgpV57LHHVg9nrb322tDBqrHK9OnTt9566xe96EXQ90lOCAugZxHW6/X+N4ovfOEL73vf+xYuXNhvJQpTCSsHmtSzeIQ4EYlEIpFIJBKJRCKRSCR6dmT7eIpK7bv6u6B+PGXF0v1XsxP6aPTuRg9lx27C+oO5Sg8v5WmWNtN2s5VlGL+iKQlEUwWXLRNCZoPS0YTN6wyArXaXHsvub2mLDgebQS3XVLLukCVdfhQ6fKift7IFS+EYFG8EUqL9RF5pChmXuBMwTAFlbZcxgk4bZAvieAwPnSgPnaCxhdHslKI43QZZAwriKbU3+uAIFPZk0Fxhdr4yDt3QVDs2zsrEOZkY7SxBKkCG4VAWhBSSWi0hmxMHpTiXD907B2xjYxzVAmcrcltmeZEX46OjRZ5pj21wnAcfZ/3JbHAI6YOc3IWtM9Qw3kvBupkNK6Bw33muibOLqr/eDPdC4CLi5cuXYw9jjD0hgEMTbdOxi9EdexQdiAqXhOPDRHwGS9e9orvDdGy144NuzuqeSqmeY/moWq02MhINDw+NLoff7y8tCwsDDBenX17bSoKVX47sa4F0EayuAqaTMAvXBuRsSpMX+LwgLx34XTz/Kh99UVRU5rgUjcnrqmZLXA+8/CNtFt9247wdd4fz7H7Au8/+/tfzvEwzzOwp4JYuyhr+4pjNe3B41tptL02/Sr7+vLNgfGs6JogF+77hC7YaHhoytmwYPRRjwk5EfNFMCu55/J670bslt4/ff98m227XbjbP/5+fo72PLetwnggpLmh5Cv/B3VYg6DRUS5BfI0gFep1BfQGmtRaXeW5UA11VfDqU4cQhrZc/8QiiF9q86DVvvPaPv8stLNoypYyeGHkdZ3UDlx3easdoGGmYx265fnma6wp+FVZsMmPmDm/FIseT99551tGfX75kKcNJlENl46RWmVZ2E1Ljjz+y/IlHZ6w9b6PtdoSKCLx0zw3X4chrffeCq1/+1ndv/qJdoM+b7YgFmFsu/3ueFwn7mvAXrXVmj1zXnC+NC54iQg1jujBCqYT6hEsIIrytNMZZT5UlW+YockzC9yDEk0pdeSN3p6ejDN1a4V3SdpaswwSpOaWNp/ZpWpFIJBI9NwX14G233faGG2447rjjXv/616+//voDUz+mqNHR0ccee+zPf/7zzTffzGdWa0Dw89Lpp5+uVlIHkNQqaXh4+A2kiXZ4K0mtDr361a9WT097kAa+tOGGGx599NHh25GRkSOOOGLSkyGgMEW3lYGaO3fu1HmmQw89tH/j5LwFYw1qZTRz5syDDz5YrRltv/32/Ru32247fvIikloZweBPhThhDXRYOfzww3u27LzzziGfaBL9/Oc/V1PThiQlEolEIpFIJBKJRCKRSCR6/st2OXasoWu4v/lT9Byqo3oDThztwMYYUDzN0jRrY7aOxRwVVypl6sRXLpUvoPurdJCRnstTXbfDIgzsb6m6zlX5wJUv0FY8LkJkiwl2IbTZ9DSgYv3hNkOPlHNLYd8E48NrvJkFBe/w92ReUuKIMcXQMdpw4InqzCCF1PjkGPJTqQASDoegEnLho3Z8HxyXoivgEXaEqtY43op8MDSFGkVkNEORLIZygkpOb8GavVK2kzjE5irad9Q6jEdT1RpzgbIibacEHnXRFFTIJ+SFLCVUZSh1aGLAZSq1bZ6g0gbiQ1X+codwcAoFAFHQRyVfx6E5yi2ueHy8mWR5ksQ55uwM1+s1TVxPD0DiXU78qurY6QSvhwmJk+rlVbeCkUnPxg4d5ukYPiEZw3BSDqrZHG82294kp9RGVfJPLGEkSJAYNKNxAA776FCwEZ9GF2WuK9FE8DzLsoLMUsKlrG3heojRnsTidOlF1102+qp/mr7Oelvu/vIrNprfeuyhVlY007wW5REZfsBDUdqsKIv60Dq7vRJO3ly6+IZzzoTVFBvT8NYp8zbbojFUM1Y1jKrhl1aF1fX6ei/EX74/ft892GybP3rPXZtsu928TTaFo62BqyR1Y+qRIegk33z7Hbfb+7XQsdO+fTR6BuWFZW8Pa9N2O1E2rSVpu5XVk9h0QBFNgUo4BGl+y7lnbvvaNw2PzNru1fvdcu4Z7SxvZXkDXV+0igyFgUFfig13ewUfe9fVly5vtfA20bprEWozd+PNTIwfYL3ujN8sW7Iky9EIiDxmcB433Hp75bguBu9wNGpR9MgN18zYZ/9Nttupnaaww50LrrHoU6IfvvkGuJWnz5n7wpe+auZaa+dp+47rrjFFMZRg26BpEfUI+m7IzyYsJ+eC48Gp0t1KHJOEzYHlgc1AtxS+u927LrwRF8gVBbsdfytZ49+DNBMmBukTFXbke8t2oMTuO0UkEolEz1tBAf5nP/vZjSS1mvTCF77wwAMPVCKRSCQSiUQikUgkEolEIpFIJHquKhSpq9YOfR/KX60KRhUMTNgQ3mCrbgDaNwQqrlAcLvI8S9OcrI59FAx99J/L564q6z/L3zlJF0zhnzpfE+1LnZ0X9eTt7jpLn0wVeGCkIjAXng3Agr87m65YuvijXJ8Zialc1eWRlK7FjtRRztIjtNA7w3hrBLh85NJdOiY3NpgNOJCFHE1K3ot9FpAdCcQJvhrGB6vvmDOC2S1JBH9qdeRO0FQEvRF0xY3EoueK8U4gfn1ZqlZzb0MiR1Hg/LZSTcsBppvoBV/8pgvj9ZKETBNssJOx3UDJwFnRLtfGar8WyrIC/mhdyfHpYEqmYpbD1EkMNX4OmMnzguCNIfQ9UegIYt2EUWdtAKD8PPtpIgsbLOXbgY2sKvSsd3OvqUmn09RNZAJCRg9usXESj4zMrNfrjUar3W6BoB8KTSzckUWhMNuETMUJUEHLE/TBsc5Fp7SFtehgY6CnSkVxzIEpfOMizVQUMeUN4fTktjCmiHI0QIEnJbpk3Hrmb3b94KfhnG/792PO+eExo/fcPtbOkwgRlgIdaTQMqJ0+ssXBn0qmz4CWXHPmqa32OCzdemwaccwjMXPtdbbZa+87L/97YnQtiWr4vpC9YL+3NWbMhFfvuX4B7Bbp6IYLz999/zcNzZjxkv3f+Lffn6p1LYoNTFSMZh71t3/hy2tttMldC67VeUar0y0w6Ey7ncI+zWZrPI7HIgMrMm61wywSw2NiY24+49SNdtxt5rrrvfw9H8xbzfsvv7iVF+NZDr2o0cIqtNrwjQfNegGiMHdeeuG9N14faWiAiiP/BsGuQbDIau7z3zqp5SWMnI3x7kC4ZN4Ltx9Zd17XEvEL5fGbrttyn/033GZ7dua5c+E1JtIJTGfefvj2WzfYett93/8R2H77gmtareZwLeIT4pd/ry89Z8PLzgUK8E2Fq9fxKGRdwyvRMIHEQ8EHGmu8IUoZoBNkWZzjDy9UU1q2fikMnYQgmpLuFB3egfjtKfGRVSKRSCR6/mpkZOQzn/nMlVdeed11191zzz1Lly5Vq6pZs2ZtuummO+200+67765EIpFIJBKJRCKRSCQSiUQikUj0HFZPQIevHur+fVYsXT1kgg+tY/3aupp8j6eF8zspXeAJoyXWQhEbapk5lPybLYJOHCigvdkGVU6hTG4oJcZ0hwRVW2FVJwvFVogTZlYshkrgt2VIniArFOspkIAvmA7YQeYfXLkN+TsdExLrT+yLvJQKZKw/VccOwPtf2ELxQHgshImLSOmKcQaDOOwiEMwvrAMVKB/Dm7I48oA2m6gyTZ14DcRNfCpGD8LCQIo2nvvQ1pDJCRTxoyjGVlldkkuLitgRxBRYdEb7D0upR1ZbFyXEHANfs6QwDzIu4fZAGdyUJkszrSJX0HYdN9x+DDcxCXTBeSgYnrSIbGBCpExpK74hVoXxU6oSpRT6F0AcpkFUhfzgIKEeECQu0BAGli/CGVmWQ3NnzJheR5rArTo23+HIIAwNIpyie0yp+7wOXd+1DdE8ROb07MwFft/DCZmoisVN59H5WFCkDnSpVkva7ToiP3BT5TkzIowg+NvAxTU5qsCYwhE3YToUUynBCgXDaqwDVtBCw5gkMnwGsknRObpc6EULr3z4hmvW32HX4ZFZB3zh6wv/9LtFt9009uRjWbNVL2rT5204vP78jV/9xtrMWXCqB264ZuE5Z8IU1KNoKEnqSRT6/aZPff6UpUuevOMfOq7BStj8la/Z/X0fhe03XHDOLZf9FU1ZtLr17xfedsVlW71kz7d98v899cjDt1329wZsLaPh2bNf/+l/W2ujTaA3fz35RKQ0cAQ6UFhZ5GlbNbVuxmYsgpWd1z10woANdATdfGxx9c9/vM+/fjlKkld/9DO3bLnNg9de1n7sgaLVmjZz5sxNtth4z33W2mYnOKq5ZPFfT/rPtLSxKRPb6UWYxUX33sVPdnrjO2667G/l2HJcZ7Vk65e+aq8PfopfSihkB4Yf8R2685feeUuZpdNmMXQMngAAEABJREFUz4Xtyxc/+fj99w4lUS2OalH04E3XbbD1tvM23UJhts4l7EuEiBhFBdFaLOke66yxkCnl7rXOS13LDS1YIk1MiSPj/JfhxCXah5K9PEPnb0M+Fi7qSRduFr3myDlkXbrIR5FIJBI9r7U7SYlEIpFIJBKJRCKRSCQSiUQikej5r4GwSM9GXS1Vm5CTMNkZVq0p4W+2GvHWJnwR/DQ8ezRQaRJJDqps435FkZdZnqdp3k7LomTYwMWeaONzdowaGGHT5SnhXTNUx4iC8llM50XtOBIPLWC0DdIEjpSJ3DGd0BxdyRvhsn3XZV3mBGbiuCursmP0UinwuqMcblIZIEcjdHmoKAfl6A4qwa0gjkNbw+kd2EjD2RzhKN0Zior3iPKsj3VXZgDIMtniishET6CbSZHbAhNmcrI2GCegBS4TofkBFvHhW02xMzGnp3AjKTaIHWkMRfHAPhFl5phaUo9VlJho1vSR1ngzpbkuSExHEGIUFRl6JiBY4Pkf65NstGd9GJPxLhwh6KYysMpPE41ucHvpBq20A4a07z50BppQkisLOnOUZY55RSofqhe1WhxjoIyN3FgzaaQq7hQd1KV0XjyaMkpUJXIlrEjVrSoRplYkW0nbqR5I0Am0EyN06rVaO21nacbhOG6kdIloECFRfCBCJLSC0NeFmmtoVhnJYXuMdhsjexDKgN0LRIcUJSFR5lJUWoYJyri0V/zw6xu9+g27vu19Oop2esM7FHzB4cuWJkNDhrgK1r3XXXH2D48ui7weI3EyXIuTyNFSj99399z1Nzzo6B+MLXnqSXi+0fxpc9aC7aNPLTrjO1+njCcFuybanPntr8/70Ykj66x72A+Of+y+ex67686Zc+dusOXWteFpsP8lvzn5gQXX1GqJgqkkLopVElWUZe1m09RhirN0qNnkl/Ish5Wo4hjWaBLp0fvuuOaU/97pLe+N6vVtXvVa+MK+jC6vk00L65FbbzznR98aXbaUXUaSGJNx/PJwwFxryaLbLj5nq1e+du6Gmxx20h/uvf66+vDweltsHSUJdPC2y/+657sOmbXuvIOP+cH1f/njo9ddTh5EcAcWj/7jxvV32AVOdc8NC5ApiaJ6HMNYPX7LQqUO4gbcftWlHMeT8BdNmFa6fxVx1A6Flg1YfvwGRJYn9PZinXUS0ypImZSKDIhKTNey7t1DecwuJPhYeiPla7mFajuUC106Umo1/XsjEolEIpFIJBKJRCKRSCQSiUQikUgkEolWh6ztFL6rW9QEW2zZKVLrCcM9qszGyrbHh9toF6pDmzk4xmV1kEsHfqLfRUBg6kQBNV/4Kn1siA52JrqCfXgTEVJoXzd0Egqc/LTLFMX7haiAAVA8jXfqYG8VH0ARQA9nWMKcCo83VeBV+Jx/By4hjqHkse32vyD2JWzhD/4brT26YMhGxVZAAnqZkZRqJxg6CaiDG4mKC4YOFjKBjwkxF74PtigJOCmUJzIc/tNxvCBKhZwuoFJPJh+aGBjiV6jl3GZsozaujZzNY3QcxSaOkVzAyBL+QlyjUWvUp42o2TZtt2GYiqLIsgwTldK8YCAAHW84V6jg7CBHACHxUmmbCxHBRcXuHWyko7WfYKqdE+nUcQbpXqjWlehVGE4VlwQf4USh9wuafIxBe/IsbTQaSdJo1Ov1mvaMj+eSSuVNbEpeATT4BVbxtVtKqpO34415mFCK1GqWhXEeGhqC9sLIjqFGx8dLwk4UDTANG5IDhfZRLJHDk3AxUsQKDk1EQgcLikQpipzXCsxaTkNXaGuKUlP2Fd72toytuv3s0x68+YaXf/CwuRvNZySqPnMkNG7Jww9c+Ydf3n7F3+CECbSzlkyv14aS2Fl0KPXgLTec+9//+YZDPzey1jrTZs3hox665cZzfvztMmtPG6rD3R+hrYhuP/7Ijw56+/6fO2KHfV4zb/5m8MU7P3DLjeef8KOHb76xVq/V4shmGbRXG/aDsc6/JS/SdjquyjyLp7dafCBMcplmCuOU4qEapgs9dvmFZy28Zoe3H7TprnvwPoE4ScdHrz3jlAVnnwYrBPavx3EjjoYbSc3TM2TigjdAYsyC35wIQ7HlXvtGcbL5Lvih8KzVvO2SCy79+Y8Lpbbea98562+46fY733/9tU/8f/b+pFe2bU3Pw0Yxy4hYa+9zixSZTImZEixaNmDDgBvsuOOG7X/g3+I/IRhuCf4H7hFQw2oJAgRBLVGCIEoUpaSYZCaTl/eeaq8VEbMaY2h8xShmRKxd3Dz37kvge88+a8eKmMWo5tiN74n3BZQnPjwwIb/6R/+QoJN/8d/9N7E9IxIn8c/5n/95bL3t+t/85T+/fPureN+haePPHtkdJMICpeRkFoSzdfISqbb4/b8BOjk60XYRRwuTruK6YVwJSCzcx3lvSyE+fLIymKtjAu9lGDblM/NY/H5EIpFIJBKJRCKRSCQSiUQikUgkEolEItG/8dKVEQi9CLehH7vf1KPfGLrY2zQEqqujsQLSAFCohuokAif8E/5yWP3W3nmIMpnnbVmwQsk5Eei2YIk4UOxvkbwuEkuxa1i5O0dD0Lu6OE1QVw1DMTobmuiUtUJ8iU/RN8r7DGMoBCwUOmeEfEBQlfdJ7c6h8otqyBXjHXgY58cUX5LMkDB3EsoF04kKUQjiXzJoUrXwVswYQSpNYi9okKB2DHiMCvlWmBEU/O0VsIStNWNE0P8UMRN2U4B5OuhGQ9YhSCN4fmVhNmNFum1t2/ZRsVLfti0gKe0wwjtIKKGfBhhOuA1CXTxUuqGlBKSsbK6AfASmfCDTQpYukFqkqviOHADCr/UNu8OF+MRd8Az9R/+P/4sh/ALcb3jUgQNom77rDsMwjkPXdW3b5NAWg1FCDOlUM00kUF5Y7HiSjFuS+Yy5Ge5PluQfHxBKRA7dhXq1LOv1ej1fLtN1WjeH6ySQi0lsrMFIFCJL+E0CB8hfCLkT6ib60cQpcCrBV3kQ8XQb31p9mL07r+7i/GXZVNu//3f+9I/+9N99/7f/ZLlerj9++y//8T/64a//0sG6gziYoW1OfXvs+qFr4gX//v/rPxze//wf/v//wX/8H/2/V+f/rT/5d/79/9P/Wfvth7/857/6n/9HakBcxjaEFomGbfPXZb0sa/+zX/xb/5u/90f/7r93+fDjr//Z//LP/pv/qkVPmrHvxqbRASCZzflpXq5xl9lcnM1Om2PXjMhoKGtnH9Z4SWviMjydDr949/T+dIxd27x/nZcP12lr+tPf+uP3f/x3uuPT9//iL777q3/2+t2vaanFhd1Zc+jbQ9sckJ5ZXZjXLTYsDngcPFwpZl5d90d/+/lP/swOw7/6J//9D//in5ElELBfTfPzP/v34+2+/4v/efDueehOfbykjhP2YZ5frrHZW5yssW3jcI1tHCs9b9uH6xzbtm4+Xuepb577/v2hf+rauJ6svl0weX4DwViqdk/ameXw39VfyJ1x0JJnZNCjYxVzhPGPS4wL7pgOCCXAm5QBxxTY+BPURg1Sf///8/+Lf//x3/6FEolEItHbenm9xJ9Pp4MSiUQikUgkEolEIpFIJBKJRCKR6KfTv/zr38Sf/8//8D9Jb+hsDZKPCRUBkd6qLqEfvKpPDKlCv/tsf3ldvVtbp6RDPDIKiqqVKnMbaDKAdcqQRFCDW6brOs/rNG3rhqVwg94ZJv1hJxJ1i8Ig8ZCzMzhPBSMewHiBSBeiH1LZn9xFVLLQQBRCmQwqsAVAMmSBiBnCZhQbW4S9qYxKUEsZEzQv4dG/MdmoD+Rgl2SxoirvGTQqCMmuJFDjFUdaBIo64Utk+5jg2f1DhTwjhQ3SyYYl0SWUO6MUu7Fogmc4g+iWX9H5YtnOpcASecgM5RZhd7DKrDzaIriAoR447OCL0TS2bdsGivEWqQZrG0BQrMVcGGsMM0Ye8Qa9bW5dYnl9dfEPZzNhjyC6RzO+kxqBiTY0ODRayifKI9XYE9dTUSjZsabB6TDoVgOjCGlCGnswL35dt2WZ5nno++PxMAy9ZYOOewpEM91jYP0TzkE4SB7c3Zr5EtVGNDefKF4SIQUpqTigx+Op64ZpmK5T1Lyua+DYlKBgoJ1KAA7BCRxoBAiPcwbcUNoO5gaykhDawGXoqCXEIRiDHJQCVmxs0BxF68VtP/7Tf/Ltn/+TAicxpAIOOENrx655Grqxa+PVnc/DAlSEDfrHX/3VP/pPfz00sECGvoOArBDauHQAOglu9du2Xeelm+fzj9/9L//lf/5P/ov/zOOUwTPgHCwcZ7uuHbpeh845N8UlN80bGuo0Gmdmg79CfAOcO8C5xSm96vCqfLzf2PeNbU4AxAyv8/L6F3/+7Z//jy7ACsTcHAoYAuIkduTYd9CjuIi1josUFnVj41DHZmO6lI59nL/7V3/91385xwFUqsVzycgo3vzln/7j2Pc+Xqpv0bAEWBbdNmA5o1S8chzsAZxOCDpRs7MAuzQ29iZOWBzzUwdmJ9AkQOPqrbzkKOkUM6ZvtptHKyrvOXEC8LlFMinOuAmG/WIoFw0QFMMgHu3zsLtwzJZT2eCpXPm3WvYikUgkEolEIpFIJBKJRCKRSCQSiUQikegPSuVb57oyh/isMxOCEJg+4UuVb8sTFgAlTih9I3TCd8RfvdsQOlHMBQQIMfEb/AmBk1QU5ZbojEiUX4qJSGnzDYeiiZ7AxA8TKJ2Giq2ERBBuAicZcPoAZEF7Cg5BZCN1BH0/XNW5ZH2hSomWM0nqgQ1KZWsWVfkFqFTJ5XYak2xIkv2IpwGlMQzsD3DHfCRahwafh5YON/p+POgO5EvC5is4cUyNkA1Mol+8UmV+81+hmn1Vm6/QyTQepiKcUgMN+4UArAPBGxQ7s8U1MM/TrBBCAJgBDDcahBHwd4BPgDZoodoOs9OYtuna0OBCAROF4r2Ac+aYdoF5DmTCEkJd507uOJQDw6AI4CUVngPHNEZbTfNkmkTmGE1mPUovy0qBQPRzGLpxHDEix6e510xCccqUCflR0TxJKnlC/E1iRsIevjJAT4RscBKCz1ANJRsBfjEML68Qt7MCO7LBTFBOSlpS+OjxfNMgQK4SrtSmIcaiUY0GlgLwg5ChE234gTTKNlqN8ThtZr3F0XQBASR8AONBlLTUAZ/RjD2k2HRNHHDwFKEnw2iNc2D71g6dHSwc0CC0Ef90phniFZR2q1uX9TLNwzT17fUyr/O6LECUBGLIrFFNcI0KfTwRCYi+3fqmictnW1flwTQlTil13uIzr4O1btOb2ubw+oN349DFIeuHQ2MaOyybX+KkE/eESxta1djO2hENSIbYThsfadU6F/s4OO/QlcRiHlhcMItr+2bFixCpA8OGSTrMf8Rmxxb2VneAYBmHwEcchwXIEh/fgU+bNh7fOdfZOHptbE0c3x5sY2wPZBBMf36AU/ZNyPMbxwHcg/jhLdxJ7XdijNltVIpWiotJqwoAABAASURBVEegReX1DOMHPUXuhKATj5RZINAKTovtx9URijtUCDookUgkEolEIpFIJBKJRCKRSCQSiUQikUj0h6MQPquG99ZhoYpWqAAU/clLETDBZUR6P1uegBfA7cXxp1NoG0IGJOQDAZXKdQtkSaKAPqAkCJUTP7AAXhiIdDcqnNZfnGeHDK6jQ7UdeQGLOSx0qGG/kKCZ1GAuhSJrnNJ1m2k0iFbJHiAuV/Z1cpWgO+7GN+hkHxAyI8KV3wSsxPJ38L4eVYZOykiGDJ1k6KWy56jcA7wy1YnZa+WN6ctgBOXU1EFLtjpm11pWtkjg4/LH+zvCAdSSBirOzPHEsnVDITS5CA4UCUz+QlE0nAQC/ykwRIHae4vIRAdmKGCi0cZFAaAJhOoESHwBXonzkALOodIu0BwBG6Arh5MSKqISGHQjwF7IrYEXDKSFeFgkCTiCaQvh1bl5mQ/zGA9ruxZ9L3QKL4Iek+2LRzOR+APzpNBCBQEgpdKCzDORxtUElXxn0oCnkX2IhvHaYs6Hpx/ybirTHkJPhqGnFKkJRdyJ56QremgByArYWfZmwSsCpREHHH1dDDrVKEi5cTh/jhcuPH5We9doE4+zFsEReqTwsYbfydrGmg7gCd03YKEC8VqQz8LdiW0Y+y7edmzaYwd/OsCP4jqyPaAYTWcArYh3XJd16Dv407YXoIG26zyvcSvBjKYG17J2a1xaph+BdUEuBOC2bQUDo23zmweCCbvZAGkB2wNM1erXMMdV5pdNjVvT94euHwfrVLu6hqAT5FriJXUXmxTHNnaJJgcuEdesX11ciS3PCCAadnGub+0MyVFMBVmlGwjkKd5HFh+RFscqHkSgCaQaxRE3tkOuJR7ZbXEQ3NBatE0J8ZloERWxWmXnI3qUQgWN3dBItH3Emck7ns75TyHc+J7g3mrIqoe2JQ2bjol3Q+4EaUJ8Asi+hSkk9DcikxVyvLJCnIhEIpFIJBKJRCKRSCQSiUQikUgkEolEfwD6JGgSkhNG+lV9zvFcM79XxTgEvzPbSIVpnd0tqOaLdcYEalBVmkJ1MLNGpcomAijkjeITzJFRBqvIJYGu4kO6dWoTVO+htk82HlURH4v+UO4ECw1lGDqgxseiK34jXylFZg2KCt7kmEFJIGSGgagEgAIhB93gfaH8moerjF6p0RKLUkaDL6gyPUIDEjhFpxirqN0FQ2q1ymk52fOEgAnNSIpO8AL5t2ReII3Tw5nlwBeVqs9BVWYH6ZCKpQlscqLejnZRu9ilehQUTi7nGkFojVY0iiGNhWbrGkt3iO9t6+bWWMDf4lTO1xmAAwzfoeglA1EuOhb9Yx3bk+EGAiJghbLGsx3lMmENHNEThEEUBf8onYEhrXTduYZHIMQaORM3WG73ISXWUKZI8jsB14hxHPq+6/p255NDdA2zS55uY5KLhA/JTYRWsFIZEfHwt88jGvAs9VHhEDqalcpRJ1vZqLwA2rZ59+7pcBinab5cLjNSGpvz2sEDYy0gCEAJaMNRVOSN4cIatnicMYq9aACJMHEQ4gHxAw7NMmjXYTHlBQNWPJAJzNp01gBk0jVd27YW3G3wOEB8XDwxPWAYFtNYbY5d+zT0x74dWnAqaYDGMI1BCxyt3UZ0i42rAkikxizrGk9hryIHGToqPuWx3+s2+QtGOnUt+qYoOAzYk9jwGZXpHIixIR+SEIdknSGLZ2vmpe3jnzjF/dD1kP5jwZ3FACMCOTgWLE/ibx6XGWxTzkPCDj1jON0wPm1jV+BOiAoxBFlZXWZX00VxN7X4hLd4tTyntPIVcnQGTEQaH+cuoR7G81WSA1CgPBza6bI1Ezkr5ce45t5yQxRvCjpnUeFPYvp4p4ZZjQvFEqEC4w0LpzEIDjX8VGsLKAo+Spzb9Dex9xGJRCKRSCQSiUQikUgkEolEIpFIJBKJRD+RCiOi3vQ+2L/W2aOCyQR1d+pnfAWdWYgQ6u/P88n4Bn3Nnr7ZD6YglBTjoAwMf0MtGJEUNJLA+I74CRasib4IVHKNPw2WSpmioJgZnaryyWYDwRIujNM7OpMRCAuA1wHXXxXX5r0j/IIrvQ7r5apiK1RyAQilPhsyxKNLNVZXI6xDGSDiBwqkwp94qrcm55OQoRLLcwQV3OSnkYJ8Um8eiLvN6I+uj6T+MWqT8aDEHqTFkANx+LZhT6ZoU2iMu/7eNCU36eYA/j2FJencunRlz/EvJoWCcE4Qkg8w0bGWHSfVabOZRSFxAhki4JYBrAFiB+gyQsE8Wndxha1mgRQUcF8AeCTOGJTqjQnJKIba45HdCXkwsWVNDdQkigkq5kxFhFyqB37JXa+r2w7L4el0BBSgsSq7l+jMCpWKPy58rsGngn7Yj93NdO/GOl8opDW4x3oeH3xzsaZp2rYbhnEYhgvoOs/ztoFBCHh/bCugPUCV0LNlcXEABATPLy4LGPyhxweMBh38TpZ5duuqwDkDHndIS9LwEHPOigpNCK0O8bTBst9Jay2RZ8q5xprrb361Ttft/GFsm9aYQ9+c+gagk8YmkxW6OWwHtgWLkLgUME/GNUafyVYGDgUDJUCWYK8BL5N1XhBFWlTjLXS/NbqNDfLetYCPqGVZgaVAH5fY0W1d0bgDLFbi9rSu67LMzbWJY3Y8nvrD2MEQdrQ8DAYyJdgI96TgwQ8mGengdmfjB3Fu28Y6dnniWTcp6Ik3BDYfgp00L0qEYeji/MTGZyKOA6zBRJ8pfJoS7od7KyBYTu3+tVD3ZBk9+Mn7JLNSeYVmVIXfz/96GObyeB3iimkUckgeHIzo1riVwx9HRipaCXQiEolEIpFIJBKJRCKRSCQSiUQikUgkEv0hKnzazOTumFzh/uT3z0N9A+JWklVJPiAJXRsM+kEAUOLdhi82KFpvLiQCBJAQq2KR22GFVwEY0ASwgCDAwSiukdrk1WEIbWltU0wg8KfJ5V1FnhEU6AJmBui6EtApAO1MXCrXK5sRkOR+UXdtV9y/G8eHpdvP0H6ccwFW89WIldkZbwR1ayui97dmCMYUfiGEkD1PCoegNfl8JAOVPdlw15eSQXPTYPy7TgXafZJcQpRiD5VH1yztrw4wCfQJu8PTwiNySW1O6ZlZB0xhAsTAogMKmms0XVTbDq0Pft3WDciDDekT77TTeDhAATgw8Qr5ZnlBNdmSJr2DhXKeOZ2ccDwtuti2eZ4x4Webt+U4jP3QQapT5V/jEXyisj6Yf/jA4AvNCvYvTWqBA956Hh8BZW8edrNQ6H+EEoB2GMexbdu+H66Xy/V6XZc1ikw1LNtXwAr0CJdow40kExFgpSwBHuA9Ai4b3gN34lJaTxvAzMSA0xAFZgGcEbxxTrkVOCDdKESBFNiE2EOvXv7B/zeO7s+V+r/+B3+mkjdLWcr8Tn48NBoZGYzsMUPfHMZ2mqY4HX5bW2sPxzEeAG3dtqWPTYM/cT2gA0poUNCBMR6m52aZlwU+QtoNYactbkub0633jQc/nTiFSxyMuIUtqzod+3iLwxgvAiQdzG/suaZdxuqMm5B3E2Xc2AczomobozcnWqliGqTwxHhHQPLqDDMcG7pjdkYhHyFFH+Op6VedN4p6R0h5ZrnlN23L2wc6T3md//kwSG/Fa0PykjHewP8BLIHiOQ6GJCD/5S3SZF++dYpEIpFIJBKJRCKRSCQSiUQikUgkEolEot+p3qZG6tIhf5V9f2JdWDQVEFDqvHxu+jU5dSB5oJnPCIkPIGsTzwcAdLIxa+JdIU7oUmB7AvkVAW0uqLKP8RIBkyfovlBJ1bngT6VRnb7dT1cD9xQ83wdqv8fYk9RGxWYDRABQj9F2wBBcYAzjDakUm8d0P5IFkgifgemEh5NRvcz2ILtfdZrMfGgoR/G4BXX7aX0pFVR9wF0TPtbsh59mWESnBuTklvog+kxxSTobIjy45q7vIVfDb45kX4Rs40G3Rr+Nle5COSfWNiuHwSjbzICd9J1tbd92XQP0yea2ZZ3dtoHZAqw2jLNhPwpsKq01nOAmFdZzKwgkYIaH+2lM9heJo7Gum/eXZVmu/fV4Oh4OYwsUDIU8MQmlQxofjwvZ3A6NzilHXyhdDX11qQfQCT2rccDoIYndaJpmHHXXNLHBl+tVXRRxJ+BVUaYb+4/PCV4HkBoM5YmX8oidxOu0ZNkBzAfAZfDE49zYYJVnpxmI43FAAYHXSNO4FgOT4BhyVXnQN7VngHBtB131hQ1Z2tZsG5ifxMOv1wlMTkLowNEEUnyCaon6iVsQmLIsC+YjOYJmkFPq23mepmndVr+tlCADmwisGFhAdrVdF1azrUs8fYujhAe6wxGygAgrSs44oXL+0epuC76du7tuZxsb9QZXVE8uOz1lPOoBLLbx7vfoGVPpnwBdACxT/E32y6lMyv61ZiiLqCoEYuI1HK3/+AuxVTru94ZwQCPQiUgkEolEIpFIJBKJRCKRSCQSiUQikUj0b6pKlTO5YpTPKp+JUlKHjBNdv1m/9mRr4ClbB7/8jlgJJOYgHxDA6cS7dWMcISSUJDmlxNaALwCWan0NKuQoFPaBILBFaXKNSPwI3c3vg0SC4lQfpdQNbwMuF86zo0miCMh7QnHlltNRHqASfCH18fFVn9T9pcPNjXThLB4fcvtRqEYgheao2jRE3TkXPCpPq4cHpCZV77+NtKTjmXvRb1jCpDcpIUjT3yrc1LMDl7+1qpGX4Deycoh9chDlshr2iNHrsq3TsvQINcT/29Za25rGtDpYv23geuI8DQWgSboxKi0MGqYmD11a9YrinLKZDv8AXsUjAQFWPHGRb8s8rfMc/1rmYRj7vm/AhcPoBAMwr0I1/qCN1fhwsZ+Lrh4zGjT9OYvpS5QjVGj4KJilsXEQemNMC2qm63S9TgoSbzwH7MBrFxvs8AElmxlFDznwJbppG+RGbNcN8YhlWTxHWsF9iO1omgZG3NOfOFjw5tY2NE14BUxLQkOV8MiNpxITbnmlty1QLxDu0sQ2NMMwnF/PcRbOl6WLv1u4S7xBbNK6unleCKyJ7SSrHFgibQ90StPEN6fpuizX7OWDPibKg/VLPN5iApGLP+NMv7yej8fx3fPz4ThmExEG4u7GPrW8zEV+dfN006Nf9uLqsfgIiZKfkcwVRcUZpVNoPpKdEm+L+w2d6JNEBTJCopOL1P1uqGtOiO8OsWrgcpLBOAAQvbPGwr8VFhhEvzmFyTsikUgkEolEIpFIJBKJRCKRSCQSiUQikejfFLGHQi4wprr5fVE3uZuUn+V4/nY9BcsAX5J+UsES7EbAG8Bhwdl5BFCwkOmh+KxDChWp7wEySBZYLN/zPZyn6iiFjxCgwlKKK5a5QkrSRK6wdQb86kMq3qY+JIKFqsJQT1UPhgrbVH3vv7aH0XcF4o+M+c07e7OAW3OKuze5ihvCXSZP6g6XkNlrIBu11Be8uXjdrdraQN2fc3fHz1I2XwhhFx5Uf5pbzh9rtJdyAAAQAElEQVQlvCP3phooNiDB+U3IRHzHxxp2SGOA9IkizghWxBbAhwKyXxrEKNr4Kr4G/qMxjVHWavL5gKH1uZ6PjEGAeB1VDzK1AFZUPVorghRBG5wbWmlWQ+qQA7OM7WWal9PpeBgPjdYWK/fcNVUZ1wSmugBfCSoZqvBY0KJ/OPi1E8b9Rw+5hOSGgggNJuMoxdkrOFvAl/R9H9/v2jYeMM/gZIKpTQ5PR3QGYAJ45JxzjaV4KkX0Rvy06zu0POnY0QT2AhxY3BIAW0EYwgJ9Ygy9tW1bY+P/nevI8sRiEo9+I1ZKEWuW30dfJfoQ29/Fi8bLxDbEn5cL4DMb+Jqs8eJ9F980bQtGOJCzg/yRT3IuUE5QC0fY69XGk8EvCfc02vIQlImLqInvbBv0Ot7j9eXlcr588803h+OAXUDrHKMSCsYNrbxnCqyRHErC7TNW+lXQE71jPHaUWRogpfNDVeEpxP7olLlD+0S2Ssn0CR+Jx9LVEDexHzEsqncgnTkpw7ZXvB9DnlR8QrxyBpa69yvkpH3WHioSiUQikUgkEolEIpFIJBKJRCKRSCQSiX53KjXlO/eRN04ogRup5Ak8RzI0ScX1DDNQ2E1iPvKvUDhHgwNPjgWeiROFZInfYp12I3cTplICwh3aootFwjxSLA6mPrB/CVxDQ70TfEeUo4IoZuQ4VVVFqU6ucjWWa7H8bXymGTTm8KADRWwuh0f4GiPhM/kmXNzHaB9d4SX1CWX0+K16dD/Hk+IRhnLDnWhyXtmf9pA70GpnVaLU5zQAPUMSsUBlYv/JRhZrj/Jp+NhKK7VorqzTW9VHhYzJk5IwlKB5XurJAncb4n7SPCnuCKItoS7AG0BSEH/aDCQ3uWWGfgNvgjhCA7k3Jk65xau4glTRigvNvQWFhoCQ3cTYFC+krVWwgIBbQHjAAMiwQmgUWGKsvu+7+OdwGLWxHimMeBzm1JDBDt47+T6gzQfdVDOGUhCVoserTbPbC49DCgDan8K9INxFp0mK9wUmR6m2s8PYd11/ucb/pmUh9CQeDU4nCsERNMCAbgKUgMQNWbNM82ytiWNsbRdHOB4SGgpDAgYlDgVwD4h5qLbV8QBkUBQ8zTi18QPgUQJZnlC6Ftls1PObn10g2ioGg9eQVk3Ls9x17bXvr9frNE2xAdM8AXYUF4JpxnFAmgSgF5gu0Iz3BUuUYRgoM4g8UXCRKIyMsc4F+LXh6Yt9jAcsy3w+vx6jTvH/wzj2DSBORjE15oO6h8zqVfYmJLTDtfzjR64cGdTDp5JgmthZWhI+HUTWJ6rytvK4HXjkkPIjGjseRyMeSA43+eHUKZxMZeIED+eHErypANTSMKE6bPFJidMcH7z4KDaPcD+RSCQSiUQikUgkEolEIpFIJBKJRCKRSPQ1lEMMbtGTXV063JT86TWWvHX2NUETAY3eDchhaHaB4GomfwteUbU/WZgohE4YQ4Gf8KX2eK4lZwpM4UDuRIHdBH4HHs+E4i0UPSlqw+Er7ogOLnAURNgyThEq7gRoEhK7NxQwg7qiqzo1HoxvG2w8GKuQ30CmaAx1mvEVTkJJNiNZtfXHnUfIJ3xN3tLNMRmrqHkXLu9+9DJ1Gkl461ah/igZqOibE3ROgeGDVH0aoxn5gjcn7t7E9VXBOjc/S9vLxZGAqTqbphstWtg9hdvFmAGiRbosA2qfQ5gCkKN1Y5cKvcZ3VmAO2ta2DSxGcK2I9XAb9mX3Zm+zctPGWwII14sJGFUTgG9S2CBoxbwscSHPU98P3bpux8OhaaBN8ebgiIJWO6qmfpgBCCUeKd/t00TRFyrs/rrReBgOh3E6Li+vr5fzeYkdSbsMPPFBex2M38cmGU0mKIhiAJsQBxgOMAqtQZDvAHORuFdsYBkCAEgTmniKJQAG9wKY2niMxemxBm8B0JotAxXeHBLySkJbEdNCqI7puq7v28ulvV6meZnXOA3r1mDYTvwZP43NilO+LvZ8JvQEPFHAC6Vrn55iAyf0RHEQp7OumDdkHKRzbcEG3DZMbDP17HK5ns/nw2F4en5+ejrFWW/jOoOpBNgogLsLDCAMAcqkWU4mSmU3CPl12qJ0+PSOo3bwR3knrjKD/yLArq7Y9ApJGAZ6HOeNhfx455/JIsWQUQpDJ0BNYaCVMhXkRJcoDw0fEZsfl4TlDK04pdo2/jP2RpFIJBKJRCKRSCQSiUQikUgkEolEIpFI9AeiRzV+fftpIhLYcMJDgZJwA+8cG5lw2RdzRpK7iaYohg0QAwMcCRSZk2kIlCYxWyckMwi8JsZtOMJKvFodxFzAMWhPQskMuZV4aqp48//qnsEglOU+o0KrUoTlb9czpaPZIyVbrzDZggYLCJ2E5LNwcyesDjv1U6iiC3KbjdphHkq9YXVyewR36hZYSZdVXAGGV14lp5RdR0KVuJTZkkfoTDZoYSKkwp7qxeaQatotv4KsEN0SUv5OfQizQZVXyi1nUPlFKO/TJ+jcgxCRYeMLjFwKmuwb4Idb/LptegakoW3bJv5pWrpSfMtoYFCaakDSPXVQO6yJnHkC9yNOo8dSvsaFjisHsSm3LW5t3Twv1+u0zCsE7hzHeIIDLCaA94MyVnN6FC07xROeH4F7TuexbidfVQNd6y1oY3cHuGHbNe/fvRuH4fX8ej5fl2WJnWpaoAggFUfbnQEJDDbl9aCzkLUKeQWD/bPWOjQPSbE7zJV5j+YhLSVwAYICEIoFcw1gfzDAxxBiFm4b/wDFwlUAVio4XAZmWY3j2HXdMIyXy2We5ss1dmSOgsCdYejarjUt2p+Yy2WK78duxt5pPaLfSXM4hPjrlfxSrrNC5w/wwwGqgkENGoNtix+d43HXaT6/Xk9Pp6enI/ErxrZozwSXio2C7vOJOoFGN8zg7jUtPrOf0Bv4iza7FEFV5pYideLUxCWqrc57InpcgRcJDpQOj5/z0kg0gUooH1yf1nkg2xt+mHcTwfBcflIIn8GnxUq8jkgkEolEIpFIJBKJRCKRSCQSiUQikUj0b5ZKgZL/S6kd9M32VN/Gb7+DpwAUgKmoiMVghdkOdBFNZUdKe/CBoIJY1rdUxVRWsXkIWF0oT64oUKsE0gRfYs3ZOyy8KkATHH73nxpoqCWKvrRP/iaq4Ak6ebNwk/W+g6G8mWw8Kvnqi/mYuEJ5Ecw26ATfqGIJ8shNIDMs+3d/uyrqw5iUe3LgM3wu9s4296eG7Jagb8/SuYqteT1wFbvOvsk2KiGZ1YS7rJDyTuDb+XTYzQFcyAakIDzsQlA1MBRyA6j+vr+5ylkggbtn6FaaFzok7hA3AngIhECtWoN9RbNuxi6KEkhs1zYt5MOoR8N783e6m0r4jkbAhlxy8H4IzuD91Brcum3rsq3rFpd+3/fWgv+HIfcJjikJOUwnkEWMCtlrx6tPy943+qEZhnpTOv80GP2jQkueMBgWc53sNE3LtikcLwphqRGH4BBQUPQEAXKCeS6enjKL0An4GoFzyOKznI5jYu26tRvYj2wtAEFdizsFJMI04Sba6CNi1iQtF3KVAeQF/Uua63WOny7rGjsyzddlneNcDHE6mmYcD13Xz/N0BSpljX/iFdq264dh1Aam7OUlzi4YnqwOLVscXtbS40PeOvEj8ENxfp7gFpfzdTyNh8M4DH0TR1KbQO4vln2AcIN1jNLdd2YPgoQHj+6eUMmeKbUpExg7xdmEQaCDHWIoyXkFMs04Mkmr8CjoJ2OJ2UYlsSiaaTdPd/REvGBe0p6Awkvzvqqzk5RIJBKJRCKRSCQSiUQikUgkEolEIpFIJPqDVvVFePqeeeEJcjm/gAUhcQDBkAcB5eaglwlam3hCUqCgTt+L1+RBEjA8gb7SDoenUjJHOAROyoGv3IMFAmTpOOBPyI4g3V5z6kMSVYzzt+PVTbWf6QldWW64dKIm3ESna5SaOH6O5iVGFxeN/EX92CH0X4g12bdMIz422rdV49+urppapX4LFaSj9hapPq2qx8nshBEOn48hZwR1Z7iAFgmcwZHf3d06wz7lzonHyEiRMfnKiWKhQI5dklHiS4Ln5UpZSIHsT4K6t1/Rtd1D7nfiH4iFID7K5yGJnYawF7fRr5t1W7MCR6A+R2FXOE+zhuEjgeimVJbHBwG1ug8flmU+jOPheBiGQXcaE2QyUVEIoVAGTmPq1U9WpN+vVP+wa94hn4NOOPEnMBNNc1iXy/nyw4cfr9OVhhGfnLDjTtLFKZbFGhOMIcMTRk/ij7aN56G7Ee8DLmxu09vmm8atjYv3gsfQhcYCqULkmbEU2sM4jvpoF1Xt0oHLKV5oHMcWEnW6eZ7JuOSCWtd1QMsTOOYwdl27ApUyIwu3xIu0Xd91/fOzbtt2QlwlTuKGiTtxfNBPxcbtxxoE7hA9cW5e1+319dx+aON0H4+HA/wfL96nuWWHJYyteeDRdN+r+xVwP+x348CsVv3gebZmAQAoDi9s3i7NkCMbl+DJrqY4E0HWmsvzTHAVMkUAEhn4FwJvQcfz452SdiAuCtkUdlfSH589kUgkEolEIpFIJBKJRCKRSCQSiUQikUj0+9E+XeHuwz0QgFCA0qG2joC/0XyEyseBzEsSaEI1f40OETpwAZNCSqC6SCQJZuZgTR0vSsYFKOIAsvCS0AaHbid4DpyCGIHiiJYcxaIpaqd0U7/RUSo/50K3YoMToyhLBwrnHEoR69VQ2oXKtSV2QaWgjETlQPVbU0yP+mrfxH9gAhDeqinvj/KhLIkHH6facZoP5ny49x9z0ghlpdWOMmheUOJOdG38kd+7gSU0mVCU31Wa/McdJITo3rTmPpZol76iKYwEV1weEo4XMrmxYKWxbciJoNENmFdA2kvzsCG7NuPfzHLVcE06lOw9KKOJKB6q+m+bv06zdz53z3RdOluXav0OofrcEn1QP9GiBVrAxAcZNgX8HexGGmWbQ9cPTdf88MOPC7iFrEgtRNVTrglcogmjBwz9bAD1ii/JXUjrFl1PDKInBKAF2DmQKaErbNsG8Udtg7Ypoe0awhzUAwuQ263QIP/h0XwF4nnKLhA7Yvu+PRwO8zyfUfO8QPKOnbuuG8dxiP8BnjJfr5fYjHmeYuvG8TAMY9O0PQjcUOYFjGviRTAxB7iT0DQGxgIXE5q+rOt6ma4fPrwMQ38YD+/eYeLO6QBDpmm9EH1CdFWhpT49RQ8hpHDzaVqhlbMQGpwY/MloTvxpraG4M9gCHW3iyjMy6BPP5REq5EsCYaOVC8QharQlQrcUBqV0MlFS9C8PkY60sZo9YCgSiUQikUgkEolEIpFIJBKJRCKRSCQSib6iQghql6BSPsjv5SiU20okleTpW/Y+/QxeIxWi6WvyeKwJVBH35CgBiSHxU/QtiT/hPCxVgm/Ehj4mmeRQXO1FcxOkG9BrIlYnA9uQ+Fxqj7VIXzltZBmGI+r3MHsk9RBZmHsgJVaoNWXnYOQJQBJUHYa73cAq5QAAEABJREFUB5Ur40xhgJwiF5RqfBUfw+OrGXTRyUqDLC5yskVVO/4EAeDz4FR9yq/q98InfS4CFebDLXdQLQf2Ikk30XyOLx3Pd6EXt5zHza+Qi/NRzEGzo0MNTtSmGNwwpobSBEMrTdUASlbyet8Mgl72lwrJooYJpsAV72Ssggc5XK6FWaFIKUMYSkD3B9d4fL27ZUr30QnUQf8GlerxCGpRtEig2rvFwYW3A5fY4+FxwaltA8wiPg/TNB2OBxCkr3QYR8NDgsAU2s6ELRkQ2X2cSlB3U0I2LkrXBEa4Wzna7Jad2U9G9YHJeE5aJNixw/EIUTuX6dVe5nklPyRsmWN/IZ1RIjjJ8IMduwKt8+hWAgk62jTWel04NXBGUVYhlob2J075zTvrt2azjXM9ECiNjafxUOee0k4WyvLyPPEctOQYqoKGGqt627YudF3T923fd68v58v1sq4b29Gsrm3AESXuFNfrFRql1LLMFPjUdX3TtuM4LstyvrzaxqzLAhPtQzzROHBkgZ3H6tWtzEy5EIcLInvW5Xw+Pz2dxjjvfdeC4wsCG3GEmKvS+VEMyQ4oWx/lIKpQKLvAKzVlXylVFgnSXdrzvqCSHZAmOg3PNLx9JVoEmmvgRtZ3CKBsPPeIl+D+ndeTYd8U2K/RJCU+WthlvJbXCTzBewSDIKOCEKjP8aoRiUQikUgkEolEIpFIJBKJRCKRSCQSiUS/c3k2BMHAEc+2IaWUB3U/H4pHSEheJaoqzGMlGdNzDJRwNVzUO67l+uSx4QMiGwBwIHACdiBUJwa8xJNbSnDgTQDvQVWdHFFU5X+BQItn2wqFdX+D7xnNzITiCrW1lLmDLbfYCI8mLYrBCUM4A1lKeKIAsNJJJgjewDUwJgUJBqU4lKOx6GER0EmBKRP0XMHv8Cs4ziaWJbVbs19GghbY80Xj9/x34k/qHyoZYWQExatMysDbrnbQyGkWNUtA7+15g13ATVYmRjiwKJ+vsOTLfXC7S8QJ9477CRxOqJGQcJd3UzgPAm74gJpb0Nn1I3Upe888FlJHWJq2dyEz6E+Dd7Kqdu5JVNCOaEEbjHRNXEE4tRp/hhRgYgyt7kCxKyrF32haTxAqopo8dLWDR8B1pHaoR9h1PLcpVEwMkQMcNpKxFbcsy7Zt67rO0+zfPccjmqYxabJDTgkKFCYE65V4jrAbgUci/5ndUO4WRPjCen/I+wrbHJnxcBiGw3g4nV/Pl+v5ep2o2Zo4LxQhXUHneCO8FHjLOHw/WKBHWE3bwqdseQIPHEbbaO+CAwwoGOuWzbXofNJ28a94KmViJepLkbdN9koqhBB3onRH4S4TOwL3j9fr++FwPcS+zMsctcxr33fjeIwfHQ6HZV3BD4esPmDvgX0E/sQ2NLqDwB2wfVmX1aXQMG18XHaGPV0ovgu4vHMcrev1fLmcTscn5I2GYYjzbqE7FgfKI+MSdg2GCfW5l9yv/FnthaNvzU7C244i+hZHCnRVeEIQL/KGXqPfSTAcu4M8EO6JGdlLWWoMjXmNvbaEFiJWkwAm/fbdRSKRSCQSiUQikUgkEolEIpFIJBKJRCLR713p6+yKg2lKnZkq7koRqZEsOYjsoEM0MyUGf0KFFF+DYUfyGSGIAmEGrKJj3d4jaOLBgCBWYjdyN0HXEAzN4egclUEE8gbxyZCFbltbheT2JJOOVDSuupgJg+TkYaiyTqAAlZe9N5RnEo+iaq/lbBCTnTuIxsDGMsES0jf+c0O41cngZC9TRu/xfOjSWvjhK1Qi15Ezk7JDR3aXUbe/3dSOk9fG7pgcqZFcbJL1g+LCvyoswg4nST3PFevPLgfrPXaB/jHVZ3ztj9eXjbW3V62Pp7q292FXsC5Hltq60ZonCI7lUnksnPuMGFEEFI8XPi+FT1BV4b6hv/ho9eBm+i71JtRLNqhkN0KOHEg+hfxOPL1Bhwg/zfOyrvgM+dPp2HUdmWQEsP1I7jR41kfogY/rbiWHL5jgO9GMN6B2GEZAQFpIvblcrss8G2ZI8q0xyUUhQYIkAmFl6MgSlPNM4aD9ENh+aE3bygb02kqRO7h0N+OMbgJ9uK5ri6Yn6BSCtJm+XdaPsKAHim3FwB2AS56ens7ny8uHD+fYmWmK1+qHoWu7rm29tUiTeM0cHiwAa+w4HBrbDMM2TQvk7YCVyRq3R7cBYGdxOKhtSF3AzuO8Op/PsQvT5TIO4/F0jOrHoUVjldgWXLoekZ3sUBJw7PadSRBYRtLq3v7WSAc8QwCaGMAMAyFahAEZT83yaGqlbjcgR/8OMBi4GWBWgCtE1s8izmYeZGKJRCKRSCQSiUQikUgkEolEIpFIJBKJRKKvqKqaHMi/g/0ImEpQBIrwESGTB1wHB4QEfRScskicGGIy0PEEDsMropmIgzoo1hodmpnEe2Bd2GOpEa7qiCvR6IpSKzuGmISz6AJF7JNA1N6DoYYtsMq/JwAUF38JPYHIjcY0GG3BngsacyvIuMTzAHhK1aHhUh81AqCm5rt9Zs2/YmUCQif5GoHv6MOun3dMCcVZqD1uUtsWVAEvbxeXk0VNit7Qu7tBMkw2LCkNSc4cobZUUB/r5w2z8oaVwUdL4LG75t4G5SbKxyY7nJvrJQ4ECaQUi4SUjbI4koj9aDJjoN8VRD2RNUyZIM2rga7ahEReMaiTDGDAfAM9gdh+Qld4CT902RYH3SmCtsmUAqkZG6vzZLqCrAS5RPjz9RKfret1Oh6Pw9CN46DR/8XDc+XJLUPRSUGbTPLojBDlzKHa8qJQXeSb8lsX/PdzDTkpCgYTMJC+76x913XdeTi/nl9jFwg+CMFiqzU+cdR9wCgoQIv8OeKvcSLsChNnrI3ntS0gIG3b1g42RJBBM9BjY9mW1a5RTdN0QwvwSzytYSMNw+PArabMK1zrbD9DAhSGDTocMRvW6mEY4qWGoR9eXs/n8zRN6+uCviotcDSwgSm2+FCeIorimfFzbELfdcOyLJfLZVmXZV5wcwTvp7gpOaczB0ccxjqt27xezvPr+XIYX0+n0/EEzieQ6dNYxTyUDdrzsq8Sx4LaPZ4EJ6WPQna2os/VHqoLu7/yL+HmXVxvnkYTI3fAbYZ4FCbvtM+rLfAcVzlMaf8Jhl8iTwO5PfF5+JswTyKRSCQSiUQikUgkEolEIpFIJBKJRCKR6KcUZ9gQP1K4DaQdsBiOUSpU8+bvyROoQIVDChiJJf9YEo3FX/Q7UYqK4grdJQymkoRYDnb4P3sQsKkJWp5kxCRQkRcr6UxpJO8SneIgtA9VYdwro3wFX2Chv+YJVE7GqFwnsPHxih5tLdjMI1Zym8ZCTRPCPSydZ8jjw2D5FEIfYpurtI1wW/xMThYh/6LKbZGaqQ824aZ2qw2zIOyjgXiL4mI9e2wkBihUZWLGYlSBKnQytmCcgg0vqgbplDujyuWCT6QEckI87upGmorwDGcQdaHYfiNfjt+pR+bRdW7Hb/+G0QVWKEXy4qWSXrzlfpBvWtq2h07qA6pG0VVz8xokJMAqAmKXiMRBFIkSnNIDgTOVnqBmZ5ih+VVQN84urLuFlBvEI5LicuKSQe5CUfgP3ZrQE3W+XKZ5ulyu4zicnk6Hw4CGIYSwhLwadbEHyuSLYiJlxzJRU7XKYVH3zi1fqOyogT+83yiPS2HWTWzw+PR0+vbb35zPl3VdHYavoM2Jp5CZPFY0lHgp4EA2QDiAA0KOxDZN03ed0hzIonCh1+uPwJ64F8W/Nre2bbN1HZ1ItiU8TGTck61+8qJBM6cdsaUz3gVNBd+Rvo99eXl5fXn5cL1O03RtU6gPz1d62EwK7kLfE9t1bWzCsixXe10WQ9ulX+GysL8idhZwl6K7x0Fc122+LnHyx5eXp+fn0/F0OI7xOkoZGkLcFjNK9LFJDMksKm8uvqAnt6ckpifcvaP296LboWMNdtlatKzxJvuaVL5RGY7jM+M/EPHeq4dH0KD1ifWWZseYNwO3RCKRSCQSiUQikUgkEolEIpFIJBKJRCLR70elQJg9MSgxB3NkIBsBQ3Z0KkRqsmyAE6DoDqkzsWjsQjzMgDEEOjNAIAZm5QBR4si2AD1N8Be0Nom/VYEtyXjjjktIX7HPjho65LcV1TRD6kX4iJEIu62oUibGr9yDZQB9Ix++Qg+RJJqLzYFbF5tJ12XLD7iIra0gyOyisAS5YfoWa8Ajs7FMhR5UzgEhe8l4Rk8SIFCsBrJDSTlFWa3VRxQIEtG3BgE5UQR/wG/GNKUXifa5SRyJxfHq9Mwq8UTwTUKhRDL3ct+wG7Ki/qQQM/qTleXwke7vOYfdfT9qnkIAhkcHHIP9wsVj6JIAWGmulNNUpVWStIdOVLoAABw0PDqwXQcflMavNFWTs4Z+0F8aHVy6IS1rQhDCdZrmZQFowz/3fQceHjSzmvmvkMgAjXEl+Ua6uq1KfanuX0MnH11uH1ViNWgMPJuv4CdtY8042F/+8vvm+5eXl23lJJbNezQjaWigk9WH4ae6mPnAY7wufl0BawOABK+LaEJalXkhxrkF8s0D+oXBLhbTeUh8h9zVsGOR0oSWzUuZ4Dc41lpKh9KxwUCRWDuOw/V6PZ/P8adzk2tdR9fHByUAVOFgamBhWLhro+MpmPvTzHMXJ3Ndlw3Hwq0b5OVYD0lCeH1NAUu0oTo/z8s0LefD+XA4Pj8/DWOPCI3ZQzP+4cPIW7AiZ5fC94S8wtJheSBuLqDUzm2pmvBw76pEJlIEmsRpsNqgwQmbxmjkuTSjc56irWIPjXEaWaL4wyIkpEQikUgkEolEIpFIJBKJRCKRSCQSiUQi0VcVVK09m2pwBduheQniJvQiFgI1WYMoytNRiQIJXIcGvxE6CyqWgKmszoVYLYZaaaz/QsUQCJSwwdsefoJzSK4F831ScZOtDNDIoURC0Kfhtq5Z8Ig3wIY3O47VS0tmELE4a43OQUJYI3UYnaETVpBcIm4UkinLvgyrc2iLLgXc/HdOMlEFVYGexjumTibohEvfpe5bDE7uk2L2XgN6VynX90fe+3yAZ8h+DPXNr5pdVXRyGag8Vny+nbo/605Vk+4/1SHkttmP9Dd95B7eK4SS35HXSD4oH3i7pAgJSfNAXeZ1plXKI1FsSuMdBdwAkQWkFV+ryc11PGr4FCXHFaypo0cMvuBGG0QCdAEb2PQnZP8cQBPAwIJMgWK3mV3wmH5DKAOYQ3x4Pc/rdjyM6LrRNW0ABgOiaqB75CATD9/ARkJRXAssPkKPKP1EJdcgn2akZpG+GDsJ1J2wG2hibspCj8/hMAw///nP488zap7nDbgK1bYNGRCFBIFwa8A/g5xsAlEqwLitq7VN30J0Dl6eYIWbZxLGFpaxR9MRDw5N27y5btWNxcCdBvcIk5pfLdYq7wjnlvJ3VHoGoD1xvJumG8fueBwPh+Hl5fV6va7rdp22ruvBU8UiWoHECZ7DowGGS9ZQ6E/XdcTl0nYAABAASURBVDAC4Gaywo+N+ufi7mSAKLG4xDW8Hxa1qnjINM3fffd9vPo337z/5mffxNmPHe/7Pr4DeUYGo53AAUVnwMjTBqPJvQp4nNhvQqqIS3LOAxLDzwWTXGnWrKp25j1kx9sMzzHGq9EMVCwYuGnFfzVwmG2KBgv5LJWAlfgj9i4vnrZrccWKRCKRSCQSiUQikUgkEolEIpFIJBKJRKKvqli2xiIflPgcOA/AN/XjTw/1P40vqBZqqFoeXzvPng70vXk8129gZ+I3tCVwLl5l42/fwzsOv8TusSIb3wgIfGCVPLEXWE73Ye/ngX9XWQ+l3Fm+ic+ASqYrygudT4c8B8vXwEOhomubeEyLX5fn5Joo4wLzJo6dNlKBXaeSMNWH+eYJaMjVeAIGNP8V6gqsqViCRDMgSQOVU08QArwuwAnESuA8qHwWUAP7SmtKHbEUzaOS50UahwKX3AM5D6ATRBF0HVeTrFtCTijiFKRk/lEK8pUlySMmQd9EdOhbfCQEtTPW4PuHN98pxhlm396qh3mpgItCeae47KgHCjy5TEQpqInXc+er9lt86fCEOHI8O82uHUQXJTuTCp/ZHUEWD/cTFaqf+IpL/5Cfwm8bduXggwARm+Z5mqaXl9d3756fnp9VD/EmBlkBfGg12HxoGjudrGl24FTmv0LIHkP8wU+nm96COwgREuMIxEzsw8sF3FvmdW1tQE6s0bz+FOIL1ckIiRA9E/efyftm24DuaOCJ57QsnSx60mCSVwnwPxD1Fa7TFm+yNCtiH10DsAvyKkzJ0TCZCgNDOxydUIzcFlqTIcS7j4fBWBP7dX49z0vsyrwsKl7cYneoJ95v+KgCFhLXgdGEnsTR6AA6WVf0r4FXHqg98jhJqAeSN/FeCx4UG4SIyXfX6zUOY9u1x+PhdHpq24Z3pgSEMMSjmYDK+1ioJiYQYhaYjsoJYAiv5BVBfB5t5r5e2oWty4SO2m0GOGg8CwZ5Ih+fN8XhOw5RKIwZ438A6Oc8zeuyKpFIJBKJRCKRSCQSiUQikUgkEolEIpFI9FXlZ/rqOGIlsQbtuMwO0ImHr+DHCqPJ/hZY6eSCN1o3YHHXI1XiN8RN4A8YhAC3Ad4mUDQkd4VkiQHlUbYD4EaweQHn19BbbGtCnxldcyf5LJWKnff90lpV1V+MyjBc0I2vMHPCasrFSBVUNrcA/COUO+EHkKqC1+AYmYqVyIBGYLxDlUpqcXUIt/YbVNilfJVkw4Ewg+dGqFysDVxb50HSUHPPLgBcsTXUxZDcB/h2Oo1FTV88GKtb9CF3XaUqe1AV0fAAi/gshU+eptWXXlp/geWGYbqImINsGJPuXCuEcGOssm+8yRE0RBsAz0HIgecrNfU1CV+h9BBTQzSBc0ZUJqeQqNK7db43AMoUUHmHOuPz+9w4B8kyy7Z++93307w8PZ1Op2PbWsMcEi0rPp0QCVy++d7EoPi0WsuzRs+E+rTuJzPoTxyjiaQgn4++79d17cfrd99/fz4DexIHvu8HTMAhcyRmRnipw7v81CBb45fVG7c1rom7EgIrJkXb+OS0EQfEELxCVFw8APJqNreabWsdtKTv0JgkDRxSIWoHuyiK6VFqFzFDOUhWm6aJXekP4zCOwzTNV9C0besCrYKYmAZblkk0vKaOW5TtWqVa5zsPTdqWaZ0wPikHlcV+MQgC6UJG8zamNr+et+06zV177uL/h/F6WY6nw+EwINPTsLdNoupCKPgOmq8oXFG6Imt03S2ypwoFTil+JiqFR6lwM78a4RhaUDhQlNwGi4/IJ02DYExDjkGxHcYh3xMIjfSUNES7sHfidCISiUQikUgkEolEIpFIJBKJRCKRSCQSfWWFxVnM1oiFPeuD8fhl9AA+DcYjbhJUTpcIVbyG9/TNeKRNtlgP9fgNfDQ1AejEB05GMIHDY3INv+AUVNP0jFgon6iTZD0S6nK7umkGlpupPBsICeHrsxkB/RLrw0BkQEXXUsnZYswGVZYx8cEXwiAhKMXWJNV/FdZh8Uv4xXuFbQnoAJNqv3o3UPhOyP4A1TAGnauyPr1MpM3ecCI7ixikZayuMivyjepx4k+rq2Ct/A6eCAVgyFOjdFVoVuoeLkhBQ5UvRnL+qA5Sn1TyHdG7t/TdMZ+hTwIQiaYoi6SKIfpIC7k+ngJn+G1cn6laT8uZXG2818lTp8nn5PHEByNgwRwSbUwiTioEJBk51MyU0iXKKDCDlDiWDDwpxZY4icSAd82G5Xmnw/lyXZcViY0eCAejIG0HeC5D6wvzTfhJD2n1E4tGT2Moj1Uwnzcrn6NEMuVV4I22+bGPz6pq2tNTXPGq7/rL+Txdp2WZFWTQtIasR6o5pb+MtTRYmOTl0Jlp9cHtoRM+vgEcxTcNkVzwlMQNLXE2fvGwr8UdrkUhemIZY0sriH6SAdGOOMl9TPYqbdcadHA5nY6Xy/X19fz6+ooWJjNBNm3TlI4gREJNiltXoLSdFoCbPp4wz3HXhaYtDtOBYBs2SXRbyLKBlDO/rNs8L9O0xdsdDuPz8/M4Dl3XYbQYhDExqoJCLxxyOjEhhYep3eOTHgDmSgpbp5KNSkJOPD7REP9EnTImbVs4xLSSjGJUJajEx4Ftk0fYjygUvKLzG/67ohRgjswDikQikUgkEolEIpFIJBKJRCKRSCQSiUSir6pmVU0s/ZlgY4k6/nEK3T/A6SSWAoFBwcoeFSFdwUT8FsCQYEWbk1j1hOonfvE+pIJiPM+nIBL8SjvbiSDZAfVKSOHBOm88CW0C2NhEE7ShGWWAW/vbIjdW5H3gkrNVbDQCvxuGToJO1iYQYQHZGpZk9qYj2MScHJNyS4C3qcEJS4eEfTJHXbzWzI+ouhKd+Zg74oSajpkVMMQOS6/K6qBurp9aa9M7hjpmTa56wwBm1EBxaTiDCqq29kicQg7lUDcDu6NddDqHYIfSWRqjAr7s0RHminZOEG9WhzO+o4qnSMhvMgP1KX0WQpJwpwwn6D0as+96NbPqpsH3143/AWuCISSOYYY6eIROTL2lleIDLaWwG7xHPdEh4y1v9TFfoTqCsSDmANS6uW9/893Qdz1YXXR91/VtpxPngtYtaBRSrDbUWwrqs3xOfjuRdUf+NTap0415fj6enqbr9Prycr1clmVdlgWeAnQJUWTTUlEIBJCYRJEpHHkEUDaETgx1UMPuA3tE0zhAcYwlKiUZukDsFUAZ4OEETiMNyrqm7SxwQ8ndRKWJ208fPzZM1bGTCuxD8SJd1x2Px9Pp+PpyPl/OiJ4sblubprWAlZlsnkNdiveCLDCr4/27Nc5eF08B9KTdtjX+txmgMor3SaZPkALc3OaWZTufIaznfH4dxvEA/x3iOmAiL3nE+BvkreBHvIFrypQK2WWkWnLITZWHx2sOTeP4pzxK2LUEu2iT8sZCHj3c5igmShHlErxRDTKE66rXsAYvNicikUgkEolEIpFIJBKJRCKRSCQSiUQi0dfXITTAgHhIciB/AyimwieJOEHnhFg8JIMGDJ8Jm3MLVjc3H4A2CWAO4CkbBtmHbItAHEngmi9VCeEK6PnA357njzUnyBDZopnWwFCFOzRCVZkOWMmlIrLGirGhQq1BLMOyrYnFijp5tPjkTRAox6bAE2xBUm5DxI3KFdNs8JHLoyVmIyh168mSbRx0fWD6wj+5XCgM4CD0Rek2F3x1cg1IE1LVdqEsnsvr2jbFRiW1O9+2ao66ARI+rTQydP9cUtc3AMruJo/ucH+7ulj/1jF8lzsypr7Ko/dur3x7wNvIRL7ezrHi/i5V1Ezd2kAVdDynKcviDUeGAqWkSCSdCJ5yTVXWJNlvVKeWW6f5rbAi+G3T6dHxSDy8Xq7TbLup6yG4pjuM4zfv3yUa5mZktGKmS9/lV+l8p/vu1Ad9icr1KvII9hODcUD4WIfxMLZdNw7jDz/8cLlc53kxZhmGoW17RBS0KWsF9xp47tOlqjuVH2BOg5Yofo3bk7Xxj2mA79AmecDQ4GzbpvAy3nkDCIeOx5HbitGmbnaZvtSntG3QZse2KPG8cYwtb8ZxfJqO07RM18s0Xdd1XlcFXIptYyMa2ygb8BYmPfiwy7Vtu65r/IluJ9uyLpvz87I6tGkh25ViXYP5T85DQA94oyyrtS9xBYzHY7z7AKE/YxxGgl0gIgpjd5h1wgWF+zBbHPE6ZB4mVDOPQEneNmHjjufFXx2vXc17R9zr0BsKBp+i03BrZS4x/ZPg094TEGTB3dzGCW1iX+jfEC/ciUgkEolEIpFIJBKJRCKRSCQSiUQikUj0tdXHumSsomJ4jMGypoZSIZUOEzcBNUCoOm5Y5os/183F6iZ8998DgOKg/qc9u1Mwn6GSU4VPZVagPSCVQRP2kfANpVKUSMoOQTyDa/fhHhJILgR0G0N3NJrDbrByqgx/1V8n4Xnx1s5Rno5Kd+SIk0DWE9R6wzVrxaVVPMqQaURGQJjzqEryySQgJ37oRAqYKl+Cwz1ydk3guJXKLkUrKmOzeYviYazoB3jTJ8YgtsirnQcJDX7tuMDDVfEoO06FD1PZL6JkwrBPhErjoMqYcpszraP3rh7lXnzwjddL/ij9wk0MQX/StmRvJ1P6/hFYpFg21NeoLpkP4cSZ6o37W6tScN/zBlSZV40qVie17w2NGtpE+NDA44aPRHz8wGnIogcE0gl09cccD7MMhFOkt9LiS+01psF7ej4QFrXZXHDTPC+uma4fXl5s23Rt18IzA1wKWrWEhFsZerIIOLhpgr6bIp+xAh4lrz46izT3j+JoXO4lD1XaFlpjm9Y2pzhKTdDfT8sP3oXLtHRe9bEbDeEfyZsJSYtgYLvRyKMA+Latcb/CPQI5Oo0hYXiDNe6DeotPXmcNBt00Kd0GZNA8Cbe6zUCgjfZLPHu2tu06GESzY6OYtMM50YR9oKkRwH1pzwhOOduYg+3Hodu27XodPnx4uVwu03WZ58nYpe8HD/iSRd4CiAuaFGt0Y8H1pG2Mcx3RF8u0ALRyvboNkBjgYzZKvYLNkPCMeGvgU9Yt7kLXaTlf59j6w2F8ejoeDod+AMVrxjY3xsI2DT3HAdReWVtt3JC9xmyKaRL8USafHXZg5H1NwQX+hFdUnAf0/ClwXjE+8oaZxQzsWHhCwIXK2thOSHVzmxKJRCKRSCQSiUQikUgkEolEIpFIJBKJRF9VPRR4OcbBKg6/UVid9GjoANEvQa3Br9u6bOuGgAl+tX7boCiJddtAnACWCw1H3wROfmFfkVjqJabCu/ztdMqmoJQRx8Xz9OV5KkZTfgX6nrBdBIEdWllyDzDaBiwwI2KC2RhaYUZGzTNg5T3enTANMm/JyEViZLSpK+A7dw2CRBg28TobFiSfikIXaFUjFJXrAVSByTdAq5q34RYE5kwMl/Ux7SSQC0rgUn5gJIaZBPJ2oCt4rXY5NakJOpD9TGpQcWXhGvg+y4WukMYcgWuXAAAQAElEQVREsaOJVwXYoHEyZEygMoBRj5UmBKgCZOhIX2ExaE7DaMve6WSHodDBPmMbOwIDvQ7w7gGpnk+JzS7ohw4lSikXyjNoxUVwrRMOpWs7h8QM5AFRmSep1KSMGraGyQdpBoICXymlrsQ1nAkScsJBhwe+PQ3bI8sUNpbY8Sj5eLUb9KZpmJQKYduC0+6v//pfnY7Hd8/P49jHo+NDngih2AIHzAAjIDqb3hS2qR7cu5+4oJ36POn7fpUewajg86A8RHoBPvL8/NwPw9Pp9OOHqJfz+XVZ7GEY+r6DPqZ8mXzxvKqMiSPgEpeVKAd+hCEZKa72Jd7Ge7tt6JsEUThxQ0n8F4b2gPEJHgswB1Is24acik1MGY9ymQJsNxl50OOrdFqKmATWAflj+75flvWHH16u03VCxXMhiydeGpN9jGKwjrZsivuh1gMwsozTZYhnzvMMzSLCLiFPyM5oqw01b3NbmMO6LvM0nS+vQw9+J09Pp/E4Ph0Oyqp4R0X4jKazcBYIdPIBRpJJsvzE5jnz+5ktAJx/RJzhvsZ7pVEl04seUZ08d3jKEj8E89K8bYIkEolEIpFIJBKJRCKRSCQSiUQikUgkEol+L4JvwGMFFr0OnC6oAbzpIEzCL9u6gkMA/PEYouPQ3QStEzgjx1N1EvxC4LKEd9AX4x0X+wNbpgSuuyfAgRS4VMvoSX4/WX1UfiKqlO4N/g//IW+CvxZ3EzZ9IF7Bh5tKaGoUXZN/2gfl73x8ojdCzW5k2iNdkO0btFK1MUVx49ClE0anO4fk85Fux1OgmavYNxeHy4RyB8Y1MneSrsoVdVXhEfnIcq/Szbsus1/GLcvCjeBTEmGSG7PnbdTOaoU+s2xfoEPdcqXUvfkKwSK3vixh92YaR/Vw+vgMXzcoz0V+kwc8oUPVyO5fKHWPfugb4iSqye2srFwsuXsoHrOQE6kUPi3kwHGLAn1Ub3d41zeO/gF0wIeUlRLbcLle13W9Xq/j4XAEt4uxJXALSDIYeiaMPnGvfLPat+Rzu/AZCjqhErHx1gLe0TZj09q2a7qu/fDyYZmm8/m8LMs4Dn3fm2oMiT6hcdXwRDFo8oDgoYmIHzq/oQFU0zTO+bYF7oSEyTiaDDhoWDcMGCMDlQ4tT9iAaQcb5e0DYByiUQxzLxqdQmDn6vrYn7btumWJkzJdzpcrBO6sy+ItGEtt5HdC6Txk7JRvYWAThAYM8zjF0+YJPE0wfIdhp4Bz730+BQKYvI4XXrflerl++PDjDz8CuXM6jofjYYCXfdtSj2CHVYbnAAJuYG3YNHAmDd/+OYRpMLoQaF7nMJ10GJxiMGcMxf8cZdyKrIACnVoMUXBO0WhFJBKJRCKRSCQSiUQikUgkEolEIpFIJBJ9VTUOC7BoGALZGvylfyj0bxDTAGkU84rQyeYQOAnoXcL+JT5xJrGQGMuFPhW0FREnnn8JIUMP7CYCxcRc/VR7qkCrbPAQ0vfzqyo8FnMDBd3oWIGN/8XSK9brjWZio2JaAhYtg7pPCKlBh4/V028DWZLnyifBgNpE4+6Tcn34YRLnkyurzD2YPQkSCvhChX74NFM94UFYya2zAB1DhfjaHKX+uet+KtmrffX8re7Xc1rfd3cLnccFmJqnUf3s2Y6tbqxqYD4fX1j9joUNQ2QJUm6sCyau+deL+9W31++/n9QXiqCTnVMJDkMmsIoZRpqGWMh3VFCnYJOdFU81efdDn1dy7kv9kxgjA0+RpxtpTqyBxJhlW+dtPUMwy/VwPJyOh77vEDWgteU5UKlgOCE3Qes3FvhPK2i/Q/8XDaEryjvHjizH07Ef+nHsP3z48fz6ep2uy7o8Pz2Nw5Cf6rz+EPOKWwYlGPniusGTxNhXMMmvAxLFHKFz1nprnSW2zeAcgQUTbjowcdBCMBZxDlawNURmJO+lNAc0WDrBV0jZpfkPGNwFfeyHruu7w+Hw9HR8eXk9v57naUbjEmhAnBrik/AZjnex1AGP20B8fzwgi7N027rO8zwtM5pSObc5hUlD9foBFi/eOcB27DYVt/nr+fzjD3oYx+MBSKT4P9AnY98p8FvJPlH0lHrkBIP25d8NFdKAY4/CDvWC0z0GOYWEqKTJ0brQXrTvwyXxnyQddg8/G2tVaJhIJBKJRCKRSCQSiUQikUgkEolEIpFIJPpa6pRxmF8B1cFGOSidQp113bY5lm+3ZYVaZVjDhmENnG2jkikJ/cRvp8cirMcDuJjumUtRtecCfcM/kINHMLkuHOqqOcZPpOKj11TmzN4UGLQRi5mx5BrLu02DBWAK19EZjwjk5PGQi6gL928ZbLwlXZEk9x+VY6iemhtQcyUVjLGzBWBIJtT1/XRWTS4oskWgSjx7P/BUVNSOKn4nXEzPd73zLHkLOqmRFLUfopvhons95Haqij//nl/Gyvzf+rn55ZO1nxuSEX6n6AnOmoOOxeo7tnxo++dfHv/4l6e4+v/yV+e/+MsXV8KhPtGSJiW45IwVVYicFBli2C5mN+jZi0JxRV7XAE9euDwYu1FPrysjFyz7M2kAEVqIiOU5xQAd+GVz/uVyuUzX8+v5cByeTk/jYejatkG6QoWqkWySw6tZFweK30YhVHhN6eXt4FLWlEavGAQcPPp6ENvRvnv3ruvaw9Cfz9eXl9cPLx/ipnU4jOp2/eHegQgbWZqEnf0R3zrbaQBvhQ8yUHfOJcMPoD3a1mIcGdiuwPpNd8BN0pmN1ypl4qA9iU6RScmFSFX0VmlhIMsTzOFRwzi0XXs6Hc6vgARdL1cINltmDRYsXTwML67IIIdGg2YknmUhdseP2yFu4/GUdd3mOW7pGzQQgUDqMqEq9bCzk5V7na7Tjx9eu65p2/bd+2+Ox+PheOi6DjtEO7BGeIcETCIxhcZkqkwjMKILbePxY3S9wriztMXkBZunAggcXB5wRdr/eX+EpvuP+e6IRCKRSCQSiUQikUgkEolEIpFIJBKJRKLfm1oFpIYjTCT4DViTxUG4xHadFzA7gSK4cgprlQGhE1R85bBACQYnWAP3GGHDFES2aMhV8WSJkIvmmVOg78gzHZEqv2Rmkk9SfCmI0rEaHARiNRxdB6yh+ielWiThV+FzXZeL41TQTwfc4iZ4U6/2X6q/K6nfEht3B/NBlSWKqg0V9idVXExqIbdZh+p+oTqc0ZLcQbQXcOyaUZ9TDEXI14TGu0Tw3LT/rRqudy7cRt7kG+lHXSmQCt2u5gr47kr/8mfq7/w8lu7hyGV1y+rn1SVnnI/rJ601v30xiCsxU9ueTxA7c/zTP37+O390/Kd/9eGv/uVLCOGTFe8cr8MYAy5BmgKjiKUCYIIZpawbCOuuHo/XVCUPqtAp6sYOKFlp8BqO8+PwaKM4ayofjIwAPucAHPjLtMzXaToej6fTaez7Fp61igsKiMroep5qaih8KYMS7oyG7hcBP4eeOkQL2uvAPJVpTBNnaRzePS8/Hn/81a9+db6cyTMmzmIOiAHHpDQyeI243Ex+oB43TgOaohWjFQqxknimc+it1FizQdKNIbDEABMTR9fBGCFVsYF/COXyNE2zo4tqTEzVHBywQbg9wrBgso9pm/ZwGKbj4XK5QJrP5pd5jv2JL5tmI66F9kPNCyHg63hT23XNNnSws89d3NyXdYMfQJ+4m02w3oDAHAX+OXDzDNd8eTkfkDoZT4fn5+f4RDRI4OBdAoYOWYj/YU6QL6lvkShfE29xKw+0c1nwWVF5IGi6DTshBZOXAPcNiTuYwM/YLEQikUgkEolEIpFIJBKJRCKRSCQSiUQi0e9WBr5EDvYksbS6zssVmBOETryflxkLupTDokLymcDiK2breO21SqyJ9uxtwmYbyYkhRdKo/JoVbl7o5O+gS4Udy4xUd4ejYpmysbHQa7qmMVD0NTma4c4ugYv5imv6KgVZhHvYIlRBHHcUwv54KqW+ofo6hVXRH8ckOHGlsq8gX5TU+MT58K/YD8QX6lb5x61RJRZHJ+VeP7CTSEXwmhFJsxryaSrbotBZqv4rcTaVVFXaDhBUov7e3x3eHYE3uUzb62X9Qkqhco/5myu8eSWMh3KxOH+5zm13+dk378a++3t/95tvnrr/4X/61n+q3t14F2h9UoROPWLInQR2PaHe3DnM3Ly+gVHuekELx1Tckc5oCE6px095fRF7gQgKep/ohH5BIpaiPK1pWi6X69PpdBgPQ991bWsNEjMGM5GKkQvdT+sH4T5Ova2HT+NHDuaOaiZkcI0WqIHws65px3F89/zuhx/xvx9eIadmPMTWa2PinmG0hd5qgwALXgtGhmYicT9I4VSTs2twfB4w/0g755RrGIWIG1Nj26aJg9SAC0jCznyASBsXz3HBOY1xO3HjQgTIs8NUtdupBLiEQszBmLctgCV93x8O47ZB5s+vfvXreZ6120JonXcNbYiZwuPWgmmKhewxYFfi/4MbtnWbIHQn/gf2Jw7AEjC7iqcrRfFSxqctgAiPeOFpmq/z/OHlZfhx+M1vvo23+6Nf/OL53buu7TBECKxWmqaLOzQ2nnAWn/cgMpaJVw7xqajMk9B6B540THzCfzzKvyGK24NIUyg7M3BA6JbihDkRiUQikUgkEolEIpFIJBKJRCKRSCQSib660AJDb5ual/VlPi9ugyAJzMmBmjt8WR9qpeCBoMLm0C9DB7SkiJXB+D5U/sBpw+cYEbxuUKXIThYjCKYESMZJtgj4hXVCXqBqa/hgfIFXwnSFWHXE4BwDHicGLQPoa/1Qp+SKL5X1VfbJKPVv+giK5CEUEkKpBykznyUyQ6l+vdENEBHqYim9U9XZdy4m6VPGWhy7L0DjfbZA4MHMoArZuDxIp0mjv/fH0Lu+V3kp5ONwb7QBr71XxaFEhQrTCSmkJCMp+YJ1j+oL9p3+3/3pMPZm3fyPr0s2nvly3QBGfwN9BsSyLvO//vW34+H0s+fDH/3scPg/NP/tP/7NPG8fOaXBFcmTY3RirwhHqgeIJ7Fk8PCvRIFA/k3mg3ZWObsVXIxHdDoocSfcP7beUCqbCqX7Y4oJ3TTxUnD/Geww1nmaD8NlGIfTeDgchq7rcc/AxYQ3IH8h8AzRVQP4yp/Wzfp4qEJIZZpD1aOlCe0hU5e4ORyPR0U7iWmWZZmmKf6EkJi27ZrWKMi60UTdGEOOSlEOd7x07bKkKRgnQxiKH4C4S8afW56FdVVb22xb0yJ9ArlfnGmEV/N+W0PcSD0AKx6pMUD9tNGll2nIdqwW7IKUp6XQLsXSRha7dr1e5zl2bt6AEdrgM7ivN8FQ5piujJTANKWJbWtDr/t+WEcYFhyYZV7iFTbmyzBeCjZdzIWCMz1wKfG6Cl1eXs9nc73Eq8U7j7/5dhzH9+/fn55O8cq8LcPgGARttLLBeNqW6R8Mx5xQItOYR9GUpwYdMybv0To9LNh+DA9SEKtEM4cpS16oE5FIJBKJRCKRSCQSRBwxoAAAEABJREFUiUQikUgkEolEIpHoK2vzbvV+WufztFxj+REsTjzFnDjkQRyWoGN91WGd2WGWDidNaOWIJKH6OLt16Ox1oXMBfI87UMWwwCeag3W4uJzNCwA3sfF3KKfCK/wSP4RkaPI4ydVLslkoVgWmZH9ky4BcMr7RW8TJPZWyOz0UH5F8zK13C7795mVDso+pzsp8jNYqvUqBP7nsbhOBgFVttU/84RE2lR8JjjZ+ZuoSvy42MGxnUoboYbxJ9icItw4QqTfF0aRgApptPiBFw4b/4O+OY6+nxX14ndVPpp8CQLmx6bj/3Lvr5fU3Qb1/Hk5j93/83/78H/53v96cv2eYSPb//u/9WSZA6JA0tOw+kkc6JOsR4iDIx8anYxA9UdUjZMqRih6HZK1Rnghd2Y0wKrTvZfqIiZt0d8W5VpiYozFtxwN6AgQKxB/Bc9g0hHzxA55osZB8SHQV7vOTGNIU6KTqUkVu5c6q7OfTtu3hcHx6emraBuk5gEQcCBJgYIyRPFEIdfAQ3t+JoBNMzwHgzSQzEaNou6ofCUCMWHGcXJ5oQxCdz48Zb55psErLS/c8W6/QpXFPNao8z7AGuq4dhh4MTGAzNLgXx70b4nwoKKnaXfiBTayeacCRBcGYBjxU+r6jgB6lA+0DPKDlQSd4RhM2AriNNgsY4YCmaY7/cMCbhmE0tFex+LfBtvFYBQJZeFOq1ycuaTw4/nNCNGHBivATa5r0oGg6HMEYdfr7/7d4yNPTQYlEIpHobS3LqoD8bZVIJBKJRCKRSCQSiUQikUgkEolEP51eXi/x53/8D/7r83R5uZwvy3Valy0WZrEoukFtMWyx5gzhB7HUqNC3AUuqWJn0DJpgFkQFKWh1y2rcVHELXWKIZACWhN8w5CwA1cdYIG3wu/tt03bxv8a2+D1+KhHrZBjB7AeWvDM5oariOrZT39Mmj9qmtDG5bH1zTAWLYLGzojrq6nN9A3Zt0foBs0JXCuHGDgIHEz/KBhypw/g6veBxKm0liweDBWWK2kBTGGR10iGhstSgF9ngJCMjoTKEqQfqQe9u3rjpIFWYabBSzfl//2fjaTTT7H98nd6+2E+BKfyU16muFB8K71Zn29Yc+u75ufvVr685qUbv1Si9m9zAgSNo9WM4SqryJynLi6ry6ST2FPFgHIHISYpKYs8ZPK6YB+l0kZ1M7efCS4itb1xNbNAdiA0AAApiYMIWtwG3bOs2z8s0zc9Pz8M4dB1QC3HVkYlFfXufXxfzjr+hkLzSjy519x5xDxYSZdq+79uuG8fj5XJ+fT1fr9dpnsDJyYfWewqFwVgZRh/oOTVW3zj/0OhQE7QKFTORPsyGJeAVsgUf18kWNzDbdF1D3AnPFbpHYZwN2pHgRXE2g2IKj9xwdl44eN305Of34vgPw2CMHcb+ir4l3m8kyP7RmwHLFZtwDUqxwdvCvmDi4MQRgA3duW1bF3BNmeN1lnXxG/lcMbcCBiOeaBJD99/URq/ivdZ1fX19PZ1O4zj0fRztYTwc4k9cHgieGIZxqB+0bIlXouUHi1r7FI9WBlwx6sIjC5E6CFpldE7rn+4hF4lEIpFIJBKJRCKRSCQSiUQikUgkEolEv5VeXj+c53l2EK/gOL2CatxQIPf4IhYE0XkBvuIO9Uf0NyGXBCxK39oZ8BscT6Hpu+3JF6RyJeDDocitODSBqrn8VXn0FoD/G0sGJ5gXoZMlCIER7AsQqCXFcyVncNA99L15h2LHgrcMPJRSd8SJRtgjBKXuaYzb+mcgb4vAHizeZ+gjnR7fzHwBj5gutEdhDwKPTGoDO1zc3NokaWPq92NNWTFTosMeKCFjA1UVcB+TMfedvcnTSXcrZMNe8fS/9Yvm6WC2LcQFd3eL3W9vWc+oL9OnrEt+qysFt7l1/uFF/eKd+eZp+JM/Pv6Lf3m+Ow7UVDfmkWEHmzjr/pYTKWtCMXaAfg40FmziQzlGoQJbMEKFOQ9brCOqv4r0/id7nxhzl83EqSxkeOHIpia+uzm3nYHbeH09j+Nwejo9PT0h9MCXoAWWIYGAiT5KfyI653MUamsYxQOl7vuYQnC8z35Beui7rmuPx+M4voJePmzbhsE0ZPjRxI8Nx9HQdmAQ8CCDEn+z7mlQFK38wAE0uGWVACrCrwA78QHcYTDWJ+5lAMztL4UYCNwJiZP9tsIkSnpQVerQzQho3fdd/NP13eEwrOt6uVyWZdniKt1WDXPW2MbROokbKVqZaKsC2ZH0fR+S1dHaD+NhPc6oaZ3XNf7lwTvFIfBkMRUoLjOLDIpPbQBAB/1OJtismwbWxjGujePhOB5jm4YRMn0wXy3uRLFVTF9V/x6EEj8V1A5a5Bcmre08JmlXUiKRSCQSiUQikUgkEolEIpFIJBKJRCKR6Ovq5fI6b36LpTwwGDH45X4ATSCuAZkIxE2gUolBIoCgsBUGFC71R+rJNagRDzMcx7ErrRqyA9HpS/TkcYLgRIN5FprSQ6i27tFqoAqFYeokOB2MV+UN9gagu5tiEJA8P1i54J55Cx8etP++Y6o29kjH1aYlNYhDr322YPEhmVj4zBrkQ+lqVL3We5+VyguDbmsKrEKoTk3P4IU90y5Q7cWTTMjMS25PZXzyqK/6TWbglrkpTUR2wtefx5n8Oz/v4ovvX+ZPQgg7w5RykbfO+mThOXzh8Z+40rZM1nbff5h/+c34p3/87le/njZHVfgdLtPQQ6KAvYB1RvOdMCy0fKiOvnXOqPuN01TWKDlGpOWbeAKNCytk2IMNUu47cHsfo9i9g6aNg5gCcAbxw0ZrR1QCHGmN8/58vUzLfJ3m8/lyOB7GAQSWGviEB16Xnpxu9KdG83OmA3kbWu2MnhRWZs8rxaVOA8I7VCK6+r5vgIcYT6fD6/klal3cvCzrtsX/Y9uBCyFrIDTz0Axu8ZKmPsElDYUPYfJYyM0LeWBx/4TDQ9pQ4k3c5hA6oesr9FYJfIPEkujUl9j67HdUTZRKi8aUUUkAUvwFyJq2cW6N/ZjnBeKQNretcWGGbd1wxGITArmrAESCu6o1rUWsT0NoUjOq0R/9uq7TtEzX6/l8nmLrV0hWWtwW7+3jPxVggoWrkYlAjT0mlCogrbK8Xs6/+b7pu+7987v375+fnp+7FvgejCcKzm2Jz6H9hQbOKI71wa7Gf3TQnYc+dTjwAAHBP0lpW3wEEopEIpFIJBKJRCKRSCQSiUQikUgkEolEot+zYlURYgu0yfYaFLfiqXitQjLqCIEjdUIO0+GvpScvhtpkoZhyaB3yV9p3n2C8gjHEFcTiZdtYisWIp1gKpOBzsBaOuEsoxgmVZcfeGiMwb8F3STVdbd4y0NC7Jt18dGsEUmgNlamNHV+Sok10LhTrR2AHO8WUkvsDFwcKKNEloCabSKALRjGt0JWjBPAl9dgwpUBBFTvKRN0NWu5mPRK7UXnbWiC7b6Tfd1f+t/8oltzVZdoyMvGZKrYvb975S5mS8CUHP7xAWNer0uNlWg9D+3f/5OnP/+IDLed6LTaBrWvAKYjulfxD0lxSeAjDCqlFXE5n6iiZowQ+XfG6IZ8Mk1N9wGPEkEkRXgum36AZzh4yMTcOMKkBAXGom0VoEB0yTJzQEsKMk8351/Prdbq+ns/H8fD8/DSOAybutHwJbYFag+tTWE8ot3xjKh4NNJ2DA6lzlkqFQYXbxwd5kOw+gpYagaKogmnMYPuuh8ydvhteX1+v12lFYSKN6zoI8mrAoiahPOh/EhIWoZIPDe0M3qLVSQLd0gZh4rh7o3DOOUEsPpLexaUfjN0wAcsRrsHGRB5mKmDiUpTH2dOaIQseNa9VyitKvSVTGU1RSBooFmN115gm9m4bHcQhLSu4lsyLWzdMTQMix2DwFt42QDOB9gDyhNA+iCVq2niFwzgejsd5mSGTaJrQ+AQMVDboCBi0xJ9xbACi8RwVhHsNeKYs66pwTz9fLh9ePrx/9348DPHPMBwo7cvaDnoKHiqMliikHmmUaVPziPhQN4MDK5i8iMhBCnerL9tNRCKRSCQSiUQikUgkEolEIpFIJBKJRCLRT65A9iLwVXWu5gasNGMCAsbrQOUzOA8YCtW0ubBOFVguxxouh1a1c7JM4HwQtD2gajm5mcSKZICqJZYroQrZYDlUU6SOLviKp7puYhWIpQjlVmhokJmXUsX2imkN6iBUo72+tZAI/H15navKJjMl1dU01/15xFR5UcxHqBwdqHifOm1SU9NX+0PIUAfWsItVAbcmXRkrr4jeeIZz4iARG4Dl3Tzy+d4hWdAk+exJo0pIS+p5HoS93YZCwEBnZw1ui84gzH4I0uDwzwrsKfBFiIVp9ct3Tbzn+bKq31b3qMwbGMoXMSj31MNnYSh+W1Q3vJznsW/+9i8Pf/FX52XZFFNK/GQwdEKA0Ft3iw+VCfe0U6g8Y7hNHpcHWWok3Ai4AY3hSZ7wDrW/lr6dKrWfRV0apSmlio1SENtiLyL05KhNgOL6s8oETF25Xq8bkg1D3z+djsfx0PV927ZggFHurwkGUSEUwivTMeojNFFIiEd6oxqU1OyddNqVQrpCYnj4kYm7C0btjE9Pzz9++PFyPl8u13VdMTsGkAnXuNY2uKcZGk54+Mj7STFcEi/pwJqDqDygumoqDckeTXulLg8f7iAeLIDCFsfWKXysyfoEkm+ahuAh4l1ISJPQC52NlRJzU6aa/ooTQq3tgOBrQ68OHmxLrtf5Ol3RsmSByB/0FPG4Dcd9nfsE+67Vmn5q8n3p+94FvyzLNM8Ankzz9Tot8xz/X7eN8nLARMkBxaLYkKpAdvFO8ZR43w8/vnZdM4zD8Xh6fj49PZ9GyNyBWzrtkJIjboahod02HjywUzqQf48Klt5O6+EuHEokEolEIpFIJBKJRCKRSCQSiUQikUgkEv1+hTESUCmEYl7AFBiqkAKF4pE4wT+q1Iepih6owsvvUFk5sxBa1ZVvrPrq4oVh6Dv12mr+3r3GqiUmS1j8KjxbOSRnEbpReiehE8U9gSu7OZwmZOMN9ouAAqtnnGKnApjc/5X6Utftc9k7cAxJgj0qsxDFlhQBoR3FthX5AppBGMQT0IqCWgVgiye/ALRoQFImWPKY0IGBgZBMDrKTCZbLE3ayczepxqoqT9e2KwS/qCqax5h0ZOVZcvMm0jtFu9p3RhjSPeI7TyNgTefJ+UcmK7+13kjhuT3q7p2fAkOJT4TblG2nZR377vnU/ea7jZqUuZOmID60DGg57uYCL0SzilNolCH2KPgK5gnoJMFwQ3pT0+AGh+FJuFysSkgEglzsqkJeKalxVa/q5ybBRZnXwG6EtDAM0lgunwvQgsVIleDX2ILLBZmE+TxeTsfj6XTq+6Fp4tkNrVC6REJNyJ0n6PApwEcX0ux2/HNAi+LW7meHx9fo8vTq6rimaY5HiNRZn9/9+ON3FzTziNfcyPPENkRdGBwEivKBfRxaowsAABAASURBVIt+UugXv6eR7vKo9NSFkCfuIR8T38b8nIDMBjQx3gteGVaDCF5uL1mpsCPN7pqkHLdUzS5uyNZCok/syzAMM4AjV7Aqif+jGxJtvol6s5S54w3cOr6mpCGjdNe28f2+69dxncb5fL121yvk9wAu4oA+SdtNvDTfG3maYGMDII/J+WXz27IsLx9efvihP56Oh8NhGMbn56fjYYyNjJuz9vmfB53Ws489gpfI2ZlgQkHZsHviciISiUQikUgkEolEIpFIJBKJRCKRSCQS/QHIaoNlvYAV4VhXhtLyFuIf77DaSdkH5FyS/BaKdKlRa0Ia+Jv5KRrGwtfUNVmFUAgDGnfE+rixFr/qj8kOyYyEnT8yPMFxPvjjDlmgBI3ARfhUo0/vmFLdxxcWS6h1/RoJG812C3gJJklyqbcu8hJOQo4NyXfFJ9CD25gKxLnuTQEpLIpMwWI4lU9zSZxL/AaxAUg1wSATheEeihxmQuJZ/I2jiff3pfn0wpTwltyJCo5RdP0aRYjl7ny1VDzXqnZV0NTA6nb6Lp1H1R4s/t2xxQr7pn5n+owUnnLs3TtfiqGAYr3d2GZd/diH9+/a33yfjGE04T6Q0lIbdIS0uJnXSoY9xdwB80I8+1qAMKBF67yI8tJMXd3xUA5ZIMRW4l+eXX5SCItSGUC67TzjYpnXqj8oIxsQulD56QJ3FchoAWzG49N5uV5XdMWIL05PT8dxbFsIzVKITaWMmsCbjc8Al3pj0MOupyHcH13wjt2ZDITtPwrE0yQ6DE5sYuNa23S/PE7T5Xy+TtOyzm4FLIOoi7ZpIRPHcOiXMjwC9EgQIEKThrcA9xDnfL6vrnZHlZ6ovDWyHUg8HiAzF09E4xOLzEdoosBwhcdM29te33dc6RozQyMc4EgUXKhp+r47HEY0PrnGCVqWFRmmNKZmQ+DPgj2Tp355lWxXrIFtoW0a5Ff67elpXpcPL+f4SGM60TovUexi5JllC4awEOwsoVHxjq/X63c/fBj6dkTjk3fPz+Nx7PuB3HEspxqhhQ+gj4BPBe8Zy0txQ3uCSCQSiUQikUgkEolEIpFIJBKJRCKRSCQSfU1hnRoqwLFYucEfvwF0EpwGssInD4+gcrlWJQeQytVEV6/A1SK7mlANEWNibPpdkZ2JgQK5Jt7EUEWbnUoSS5EJCbW7dVUZ18rcVR7xapoAjlB5IqBlCJpIhFwLNbocQKhHlSWDP+n7/zsvE0/eFKGOtVF7BxFFDI/OtIdR7PWQjE6y50VybKBmI3pSIA8edr5b8I9HJtfvb2xNih5W51M3E7OzL9Pr5FxTQyrppunuTNjofBu+bmk+vHcYoPvr9vtwJvg8+5Pbk/a/ftZpAGXFTiFj8HRs0u3SjOoKOklv8nBkFqFqdKiwHSKmQoIbeMQVwyq1V0maQjzbqZ3BjGLQgzw58gnlZdVf/RiSonZrSoLi+2QSRWsbQn76CUjz6+bWVwisiT+GYXj/dDqeDn3fEdxE1FXuziek1T0BUzieqpXUqodLPN8rH+6Tcwk8NnhsF9vX94fj8TpdAD25Ttu0rCi/ubZteQQNP5c0WVqZBwAXXrxMZVA3rUWHkQAYDkAsHJeFAVoKjVJc/AmuJ8sa7+ta36BViTJl5D81aKHwSdVajGrbpu3aMcRp6cdxAF+aBfxKtjhnHibGWrgFzpRHFIa605iyh+sOWZj4/uiGcTx4REmu83Q+x5EDamdD8xbqcjw/Nh+GzRiXTJ9ii7Ztu7h1mqbvv//hXwMKczienuJ/p8Oh7zo8xTTgfAXQTBynYOFfD8x30obWOscWCXQiEolEIpFIJBKJRCKRSCQSiUQikUgkEv0BKDB2AKCJCiuanWyKq9ghmzBgOZNPoVof1bKrvANFFgjGpPe15igdKFvGMqKu3rXwNf6Sd5Mquck7hOgKdkeoM1t02Ner6yCfDKBQlAcnkJRuJp+CUOAPTGzQpaKtb00EajuJEJLhCCaLqI8PaboWu6dgyd/shwsPTW4kxMVA3gX7ukAFGuwkNFEmKhWvPTpLVEOQLSQqzOKNgmzV2dTNChG6+fSGDciWKophpHzII4QiXSke2DYaWZ3wWbABtkv9FPqtABT1RiMfgDwKUYH4s29tGrfEBujQ7E8H/CP4Qk7x6NCx+yWumJZSGKwDmENcEiZBDyrNV14TZAREuEhInAFZpZDzRcadyDIHb3/fQwOThGk/nIfFvhLUNIzh0pmP0QltwPAnOMaRDVBQELizniFwZ5mnw/lwOh2Ox2M/9BZDgphjYqbJm8eTTQ0ogT710iQQTN1OcHm0MplGdh2ZiaLjvHcZE8HdCQ2Xmq5pbd/3h3meXy9g3THPmLWzaq+NLZQYjos3ODYlFIbGApN3qIX8FHgTN9KaFEO/D229so2mUDHaSfNsOnhSfNjW1W3kttI0cCiZjjwiLdKSY7rIpN3T8aSnGCXcXMxg+65vT6fjsqyYibRcp9hdwmxWGpZ4BKTewEkbwTEQeYO7OawhdH+JY0WpQm3b9m13GMfL9RIvAyQL2J9A+E5cCvFcmxpPKyfeYnPBrQvucQCj/fhy7r8FI5ZD/B+omPb5+Tm+iMMRmwGUH5I5ZIVV/QOhv+ixFolEIpFIJBKJRCKRSCQSiUQikUgkEolEvwtpLOfR9+O3WOU1YcP8Fk8FPjwmFcTBo4Tr4joXnUs8jSbbEnAxoV8NUSg2FXepIpsPJI+PVJAlpCNkYkFx9V3nrAzFkASVm6mQahQXlcMNNkElyTqlo8Aj3AqTiZZc8dcpOAYAC/w4wyWVs0jIHgelVQqzbPDjVANOJAsjApiYAz4IqnSG3E0Uh+ZgpgTXptH1gAAXHheVfBa01mVKKBJIMSlwo5DiM4gEytAC/Gq0qiw2smJBXumbd1zNtfBQapVdXGolp4yCVcSfLYAJzGfc6nHR+JNsyhfXmr8kf+fxBW5/x+mJdfU4gF1zb7ijmkJ26EIM7dpSXTdjEPnARBiVmVI11VW5boTkaBEqt498O48PGbNN+FTUt89rUZUnKvNQCaShFalufFIMLl1gMPBX8KSg6+OTD8e/vIJxyPlyeX5e3r97HsahIRui9ID4UPxCjHmAU6gEj+3e5ayvB14X5SndjbCu3jQh5RxpZMesMt4Tn6G6rm0aO9h22yA45nK9Xs7nDQJkVpo1wkTw+SyNsbTD8WakC2ARaFI0bSK0raAPCD3ksBdYQ7FfTMog9BPfbIA+iQdvfttcPKYb+gZV40mBfXESO1YMl0LeP2tOJa8UyvFpICtncM5N03y5Tq/n8xRna5rjO8t1Al8UCtSB4BvcwJkECrgAsbMYOhS7H4/EuJzDPK/TAsTOdYr/Xdd1WbdtcQsFB8GM+2zZAlFeAYxPwFZlmmIDXpFfaYe++9nPvnn/7t3QD77zOKSw1CB+x0LuT5wdzcCeQCcikUgkEolEIpFIJBKJRCKRSCQSiUQi0VdWMGBbsaLNiWeABIgTHzIdkXAHFXRVF05EgUqFVii1wk/LWTkGoRN6G4uTVb2ZAAsqzELcDdsflFIuVUuhOssuAumNm5J6xW9UxEludkYfirgPmuvCOte1FeMdXBLmzBqkTzRjKHTFQuIEOpWq2Eaxa0h9M538EVLzc20dPSKwchrQUcKTF4JnR5BUPNdY7Q/pdagzUtI9qu7mzu/DRjLEw9AC4i4VccLADw3YjkpIHccr5LyXkLiXUHdSa1PdP2ToJlESj1CSt/ASvtFbNeWPUCmfKEPfOuX89lXrQpLgnNaAFvxsHp0RyjHqwbzRgipjR6SCChaq9b7gVAk+qoih3bILZFRC0wOPlzYB2miyFUp9vK7+33+S3vZhT3MQmJQJMqYZQkgGKLhE0Cll3fz6elnW7Xqdhr57Op6Gceg6sIYh5w4PeV5spqLKwqWbM8aRbpgaxatPf3yuQwkD2rddqby54Rj6tLLhvo0xTd93XeecwxgwNV2ndQGZbQPTEQQobh4tgKoAqPDWWF2ed8LskNfAbaICa2D8gPBC5K7a2sq+iolfIR7j3RJ/xFvHVkG8jbXVvsJbpy6jEeqGVe1UimxsNGNsgMvEq8XLQrrQ6fn5+Xq9UkrO5eVlns7rYtqu37o4Gi1tHMmzBHgjgwSixhAcpg0b09h4Rrdt2+EwTtN0Pr/EeY9Dt3kXVwJRdskkKy0U2P+Rtducd36dl9iG19fzr8dvn07HpxNoGMd4ZyJ+4jWapnVoV6MFOhGJRCKRSCQSiUQikUgkEolEIpFIJBKJvrZitdIpCIDYwFQhl8C58ht2FhHslFFV+jDxg2kTm/6yiVBB+iRWNqn6mYvGgXw9NDgAkGNELhDneyiVsnhU4jXMvop6jx1owkYSHqEeECfkB1JdIDBPQ+VbcifgEihbSFT+K6nx+tbzoYwPv9B71wkO9tjVyIPnrJ6QrE1yAocqpWe8vX7QDV2/phr6zWFUJqYrasN2GbqKKAmVKoTCpFr2/Y1Ku3L1nACJNH0VGKDq+vmXK9QMR77ijR5eOnzeYfv70HF/0wp2ajNep7lxjFGqDh4K6k3fFx5QpYrniWMnH5Vwngq/2jU990D7FGUS2EkHHjMIR2GvG5zNwItMlRHASKuQFivADF6pCubSwKSB5UWyb2GOCekJo1PID3bBWoMrbbtCissad4jX8/npdDocxh5Qhq5vm7hjpMGpxyk3SKe77iCPB2OrfD33OiDZ4MvTlJtP/dSYR4R7Dj2dvnpWYa9pweijGYZh27aXl5frFaw7LpdL7Gz8yDZNzrvJ0wp5MmojAK+xjaGxAtLCKm0xZ4eIvPLcxYur1Ab2IwLrFEvbaXo47bqtyzrHFnRtN45j07SM+dFgGJNSwHSa9FAP5Z5PUhkfy0BZbOypPx5Pp/fv38/z/PLhx5fXl9jbaYKb9n0bW4fYR9PGaeva2DuvXPzVGpNYM0hzCm2IIxO6ZnDtYRjiTM/LHAftgsPnNowMw0UYF+QKJi4eNinFuz84wUC+UIj3jUvl5fV1GH6AhdK2z++/OR2PccUMfdSAUUEaRk8kEolEIpFIJBKJRCKRSCQSiUQikUgkEn1VOQ3F2vjTQWkbgQu2K1D4TfRUbtaMgeiS70HlVDQ1sa0lHxOsnOZSqErlauQRuEiNlAlcyVcsh6qMCVQiTtIHpnYyUVxCrUuraAdxI13lg6hswkB/YfuNVuywotFehIJsPNk6OCRwQioP15dNL6h2X6JO9N6LJbe2PiuAG4KjSjibHCB54j2H7JBhCla+YURhMtRt7MhNrE0ovhhlACkQg7EVhE5U4nvYUYVe87hRtAq1mEwTDN0GK+CFXwHcxGIiU8VAqAc1bkWuGuHWx+O3UwF39m+Hjx3/ifs+AEzCQw7kc0mUnLdCdwzNvQlJvUxDvZYyYxO8fuOGFfek6cnbXYpoD52uW+CxhIbsAlmMQt8Uo5h+QYgkPaLVBSr8qLxIsMvNaKHNkaLtd+k9AAAQAElEQVTHHpuKaTtNY+MP57YAeVEefTSmrutOh8PpeByG4TD2bdtoBA7SPTWNZqKYNGb13Hgc7faLkHKk6gFTb4wjZT+FBKYF2ks03wWXlTews2lrTNu18a3j8XC5XD58eLlcXmcAaGazrvHusSNEnzjncsPoafFNiE+w1U3ZMfGRsdbWnBniQYy5kZlNFjia5D3F6m1167ZN87RtrsVkHGsNGp8wm7abjFvK5HZkEp3HO3LAbYGMqsZDPwy/fP/+eUbTkZfX1wX7vK4OQSIwgmm7Hu8NXE4cJkKCYj8bSMwhECdOuhuH3oXj09NTnPQ4gGCjMi/bujkcc+835xYc6oTQ5CcdnVPiinl9PX+//RBbe/jue3A9eTrRz6EfYiMqbyWRSCQSiUQikUgkEolEIpFIJBKJRCKRSPR15IzaoNqKETee682pds3/IVCh2EsjvWOwmIpmJBZKlbk8yuEVXPUMLuhUA31YT7/xaEgsQ/7c5BbolOfBbgxBJcuIUE7aWY/Uzge1ZYuigx1m6fhA6SEBPR1C+i0USqZcg3pumGfhsAhV+7GkZIyb3pG9i8f6LrlOpHuUW+XzUgGdAI47dkHvuROdvCpukJfAo4RyLjeDPFXoNj5V8zn6qHqV4AYVK8kckIP1+jjnIQMqfEnltq0MGmW7EITBqT0hd+uzdLtM3uIH9ifojxyvP3Ly28fgcXcH6tsbhf1xIUEneYbCzZnM+CDVhZYhiXug4ctPi2EUY0cZETwV3+ZJUXsERFc/VUWfMJZBNIinhype2iqr75uo63ONYhMRsx8FnYGjYqdRPwsBPS1gj4BPwU8JFqH3W1i3yzxN58t5GMfn4/F0PAzDQOBBWi5GqRI2pBI9pe7Qk4fKa27H5uSBwVbrgtbg8Pqc4BNgxeMKdo59XIzVx9OhH7pleTrHdp9fp+u8LuvlcmlQdBglBtEjBuk8YCDiLQqhCgLKvGZzFCa5nF8rOyUcKxypzJ3EwyC4xjbN1m4bhNDMS9y7OHCHrq9NheyVh1PpvSdSPUg0YwCb+NgU64EKgvtapAY7IEva53dPP5vm19fXyxXMSuKPeZ4vl1VdLrbtGvI9QfIm/iEUkAE39LmBZinVtu04DqfT8Xw5TVOc+en1el3Xzdot/iTfK9gUcXPhVa/C5oFUIkQuDsJrHPfr9cfX16Hvj+N4OB7fvXs+HI7vlUgkEolEIpFIJBKJRCKRSCQSiUQikUgk+ppaoQKtHJhXUIkXa37gLsLlb60ShWAS0BCSyQm7m2iqtirF37jP8SBUC881Y528UkjefbRwTNSLyvVTbAHnflRf46egDOJIqoI7N7wqT4NxCFuMYMSD4kqvDynwRxXbj0BXC5i0UYd9wHfrjVYF78iqq/0hpXpQ+RuTPGJx2ZGtAo6KZ64Dmq8TN6PT6Kqbwr/i0eBBzV3M7Srj9sh6pG5hmQPmiLDMa9inovKHSe4SmP7BhAx7w7i64/GTWDzOFfN0U05NwtdH9UX6XCBkf0K4OV7fHvCJi761Gu8QmHD7QgFL4faXCs3d1auZSGYhRt9ej9YKghrkOJRicvAAg/4hmlyE0kIINXNSAQePOC8+zgdOrPHw4MPdMHmHulvoJm5EqJ9DxU4kuqwznngPZImufH4wOifkGBpkLDaiUJZlWl5WwBhez+M4Ho+HpyeId7HWqnr50gOBD2nGTXIfd+v+C6CmW90M1A6jYUgLUmD6vo9NPZ1O0/R8PU8vr6+X83lZlnmegUvBlhNfgrSLcXFfdZoAFLQksWnrK10AbxvThERX5DbEX9d1jScyi6NDPL1FwgS4E+fip9Qw2xiwHGnbvLGq/TLgOXtA/DFSg1loNO20BWASk9XoTbPFm/7s5+9PyyF283w+Q+TONMcH/jIvyxr/zP06dF3XgOlJa2zspgcQEfpqCYmCi2JQURy9edni+ePlPM9r7Mi8wvCtS3yNnE38pwgpmDiEG2JAgWOhoHHLti4vWxz27y309wS40vHfViKRSCQSiUQikUgkEolEIpFIJBKJRCKR6GvKa79VFVvN+S46BRcgu6GYOAkGvQvgreKMUbl6ZCoC/Q5CeZN/GMZIlNaf2bwU1KKrwntIUAbVM9GhpKqHa2ZbKvsT6imgEjqEUtH2XM5PhEhO2Mj2JHSlOkMnMHeiHpZxqaIM39MPiQXgVzzCmn0r8DhoDlWo44iGMuYKK+2YUhIbva08lnt+5MbvBK584+Vy8xI+5Mo4f2TY2oG4Ez7aO52MGIiHcSDKAEpl8eBuoZY9cQKEDR4TOAaJP8iN/2zlmfjYhw8U0jn6I+d8JtsSPn4b/ulvDtPNoxMrGIY5DXVnxUHWHpx6Qzkk+T6Ag2le4YpxlAKt7BxOqrtr9r3RdwdojNPStHxwWVO6Eh5RgSypvWw6lFxBDC8VNuqAJZh2BXJBCphWhUwavOGNahBYAfeLbYOglXV5vV4ury8v1+n5F84PhzF+ZJJbRh6zN9Ji8CHPhNfNSOqPTScRO/kRqi5PjyZ3P37qPHmT+HVbiSnph75r+8PhMC/z9Xp9eXm5XC7TPAMVBBEzTdO2ZNHkw+bAk8Zsm9MIpgB8YpDGSUiaZijHJPYtkONNfOxy4E685Oa2eLY1tm3a+JNjkVTYVocmJYHGzWjC69gBKaRRqjGasoWmHoPlEe5HTJkpFecmPUawJJq2MRawm6cntyBt8uH15XKNnV7neYrvaIgiAu+TBpuhTWOMs9jnlLgGvwx903X9MIzrus7LOk3gn7IhXrO4uCDWaZ7iKGzwh0Ys3hb+uVHOAc9CT40P12mal+X7H39UIpFIJBKJRCKRSCQSiUQikUgkEolEIpHoq8qH5FDClWbEKeAVlbaNyq4e/AvzJvSTM2yShQhJpx/JioF/55wcphRUYix2MEUIVV28LqrrfBY7hEBpFqwVbNUbvf9pAtTSS32ZjFiwsAvlew6CwGFIHIemcrzOeADX15N9ABXcU8pQBbtw7ZuiUkKyrSDRHRHsMDjETLjgeRjekWxHfHaOAGgDGqtNRk4yeqDTz1yKZ5OKkBGXnQofhNV/GkODh+er0anA3FD4DpShMQsIsj6CT/0A9oSq2XRYxouofI//5fSerArO2H3yBjaib058Q6E6VH/kmPqytyPz9tHqo0feyt8xEY25PR/XW8gWNuyyoyogQKUlnqaFjjX5EYtryDO1xSYnWQwyqGyYQuFPOxAp1vHz8cSz1MBKnHADeSjZVYQf5FDficAVWOOWA6gIloJcqrKkciSOwrVjAy0+C8YeBFzppjHIZ21bcP46Tdu323SdDwewPDkcxn4YqlSnjMvwo5CAkpC2Jsp+0qmvb8+WvlkRNanzYDV49ipKaUcBAA8FjiZt15ums0Ns6TigBUj8c13mdZsXuzkMvYlrAJ5vGJn0EFpregijic88BNDEd5xHMxgwgAk8heBg4hL7AlrnDQAfq338j2Ax8iaikcd0II9omEJ8TAP+wrMME8PYB60ig38hh4SXIqcjRZAb5fv48kjjIHja8q0BaqYfuti+4/Mp9jf2e5rmKzIg8VXb923TId3WtG0zDn1rLe5rmoYy/okX6dv4fvx/7dv2OIwKnXbWdY3D+OP5ZY5a5uD43wy0TQq86cMlYBZoUngPEolEIpFIJBKJRCKRSCQSiUQikUgkEolEX09UfKScFw7tSKVGzTXrUIXiwBfpGUuhCq1PSEqqPxMJgNYdlOBBNVAsVGNoTymUF2OP5GlQRdnkg4gEyZYXQem9k4dLJAoTJBn4oGMTLQGF09Tl5M6R8nQoQwQOh/5ZLI8GQ5Vu5gGMZiwFehzqESildSqJgiGIQjMY6orPEIhPBhCBmZXAyUCGkQDvQ+ZU0FbEB042ITcJBaVmMiqgvudgFU20kErBNzodQa+5qI2uMGQfkFuL983ROXgEMSOBgi48uJbAOz5NQHyL/S3QVoEnzFCxm1YKoTWpKepNhc99OyMQbx26Qwn0py+r79+6/eztkx+8GW6vrhulPtkM5gAydqWrBJmHxjDp4Qz3razJlbekq8dIIXgF1BkH38A1nfMIcRh178Cido0s72dOjJCaR1FPiLMQdwNrx+AqaZoWFo9t/OaMd9u2ffjw4eXl5cOH8enp6d3z03gY275rcLEmQxJF8AfTVfmZD58LH1SUmN6/UVgWr5IpiAqh6kUoPi6athNK1em67nQ6zvN8uVxfXs7XyyW+Xtd1W9fGNgQDEfaxAYxitra1BuiTpmsboE/gljmECNpgrfbGuPSUKtpV4o9VW6OcInolfmjBUIRPQkysoBiaM7Pik28Z1tCaqboqnIimXqsc8UW7wK3y6kr/DhgwLOmHOFPzvLyeL9fLFLs9TfM0X8nbpnO9c1u3LnGiySHGmjZfCtvV2abxrqP584Pvh244jpfr9fUcr3h14OCiwGnJO6sVbo+FUQxKJBKJRCKRSCQSiUQikUgkEolEIpFIJBJ9fXEtFV6mYjZVtTN3ksqMurh9JAgg7AvTOsW17Mv+pbyb/ku3TgdUhexcCaZPDeMZ6Rxz62WQ67QhFKaE6A3PhWnPJel8QLJO0an2SkVlKPZirR/sJFLdlm5QRoe+e7//mn1IX7zP9VCTOkocSy5Y53Hgxhu6amJMQoildy5zJ+8YneI/uADuE0qSLmXQ10Cz94UNGHoCvTUFOtHZHIOMDMC8BOI7QhbdPhEneMOUj5PsD8giJVa7Q0VH5HEhA4tSN8cYGKR1srfNHU/0MT6iXg5vVML1G788wDXu7hQen3r3mfrIcbvDE+7D7IVSTVBvtzMUWqMU0T9KjegKGEG7io/V3AnxSnk6QRVyQtX3ysqzDmBEnGG0xOEpre5Oi9pnQoxTe/YtDDUCovNDgfwUJPgEahuebWihWqutaWzjEXNalvnHH9z1eh2G4el0PD0d2641SGnUSVfkFRRKaoz6LA6hPDxp4jyBddTcapfTO8eg/AyzawjlEaWhi++M49j3fWzvNM3n8/nl5fVyPkNYDBAYpoXQnQbQEO/dtgZjNqc2T4YoGnJzMEXGpjAaa2x84Ag8i//BuJUeIi1GT29myvApAx+UvGEBl4K8Czg+Aa5hjKqTk0LC2erJpXduvIby2sMbehqfbdvibfuua5t2PIyxqfO6vn44X67zNE3g+nI9T9MFURboYN8Ph/HQtj1mJ6Xhxo807b5aQXBQ2w7jeDgdX86v03X2q1s3t/k1+BVDeFyGZlS14YpEIpFIJBKJRCKRSCQSiUQikUgkEolEoq8lsuXIyuVFw5gCR+IUogA+xLyaEnmRTtSPLCrqr9MnPIQ/KTYVfCn0Kyn0iWZAQ5eCe2Jg9kV4jKPw7LMB7hyxIusTKhGrw+xDoWvgQ+V6PF2V7huYETF1dVtlekMVjgVBkWQK4otXRRVkkceraj/VsskWhi8YW0uXCwU+KaYSaFFApWYGFSyNdUo4optV88SeNVrnCjO5pAQa4/n18wAAEABJREFUqOKk4kOlNJiFT0gDyO3nyysyKcD/k9+ESuYtARqFnxptFYMJphyz175ifMtaaK0+QRHUzJMOHz0g3F++OuzBew/v98Y78LMK+uDBbPLdH7SNVhK7TujfonZeYxO7FpFLiqL/GCcgCiTwLffEidG8POiy2BgHC5y8fUKNd/GcBL97Jmkx14+oZ8ekxG14Xry0FOlRwmceSSqGY+KCgWWDyy4+ENN1WsA5Y3q9XE6HQz9042Hsui4e4rNTUdomcL+6X17lKbodJr1jLzKPQ04fpjIC4fGswCB6ePDhewDuNK09NocONY7D9XyNXXDebW4Fuw5I0lK4vcSnBGEz57b4iFhHriRNA/QJ+qMYQkniIJlg2KyExxvRD9i5AR+j5sEOi+uddq68M1CbS7yOqix5AnlE8VDk/aIC3fz9YKq805j8UAWLsUGx6WPfxy10nucff/jxfL7O87IsK4zAFrXGP23TtW3Xdj0AMdQwdF4CyAbWie06HQ/oh2HoBzCMWbZlXePoLcsUl8S8zNuGuI33ISiBTkQikUgkEolEIpFIJBKJRCKRSCQSiUSiPwTpUrxmfw5iGtKH+IX0/SkhuZro2ktD1RVNVZ2v9+fSiQUA2dW8E+DAF+Rv7uv0rf58Rzwxx3d4H2ojk8xCFFuTVPd+YwRUciZRN+XmcjICOtCkjLl45ibS7QgDMcbclm+pLm7Q5UGReUHAaBPmFXxCZOoqKpePVRlbGhVLgRoZMIFjOCeIoR5oH1igBDZRcZ5tUrAyHlRiZXY1W6ZVcJjwI8ZujN6VsON5sXJuwJChpCPVhgg5J0R9mT6OpKi9Fc7dKTtwRL99QLXobqU/an/yCelqwdHaLPE6xffjjctmw4kvH7WiyvMj5BVDWAFnaKk3TVTAhCSuCWQuKOsJLSVAeToZNdJ3nTBsecQ8WpTFW2odVzVG4VhY6t4xBMTWIgrXmUJzHo+XoQfda3zOApju+MvlMl2n8/k8jOPT6XQ8HvoBzDV04nUU4VF4XfO4c7tHUZfkIAgWYiArsMMJ2RzFJ1wz/RIQIzMqYSchWY94tY+w0TqzW/F1P7Rd//79++d12WLjISzmfJmmq/NrPBg9QljUNjA4oUG2tgV5C+YnDT7qtJ8EXaAT7I7d4Wm862nepAgRVGkXQz8VS2hO3rJ5D67YFJ3nsXhA+bwM8tVoqaWd1We0jT6K0348jsPQzfNyvVzJ+GSZ1wW1bqtd5nZe2rahM5qmafumB5zIxJ2lVUCrBW2bthmGPu5dzoU4bhOkF8VhPM/LCiDLMiNbKNCJSCQSiUQikUgkEolEIpFIJBKJRCKRSPSVRZzAzpOhKtPmv1I6S4JSmDLINhjpGj4xKGpXRq85EqV3lU2VmY9U2VT1wSbZrMAvJaEm3CkeSl/+h+/A51ZiCka+cUYDtH7IOOyK/prcGPAznzxIkHDRTHDctnXHW9Q/qf/koBCrqPEqsZSqEm1D5gllJKDThsvZ2ihV288kCCWoOsNIF/6Dav3o8+JgnHLLMXWo8ivQJjsFlGbrQhgFHMXkpkKdSgXoBvwaNHo1qFJ9Lg4KNAl0b3x3VH9j7Uvu1IX6853vxv69PaeyI0veQFhUBancX+OuaelnfYUKOilV+WK5UnejWihv3SGEtw8I4R6VKgYqZYZCKOEx91fW1maEoX6u0POEph+8KPIjSjwLm/Xkpz6Zy9B+gQZHtAIpkqpe5Yn3SDsBenYAHWUgoAihKc2pOfO8bs4t8/J6Ph8Ph6en0zAOLbqBYAMMGH5AiIy/HZp66IJK1jL4W1kw2O5QIXD42OhQRspank0EHVz2O1GJO6EDISkHmgxPHO1bXddZa+LPp9Npmufr9TpdrwvmxAQMuFKVDVR83SDItq6rBeiChbxIYNxH85SSNVO9ePJo5tWVySHaAjIfY9K58AjrkhxUJiYU/k/xnuL3KyfEhqWdtywbcGSB+y7x2hA31HWnp0CmStfz9cOH1ymOwrws27SsGVsMzbUd4sFD17YtrBoicHA8m6Y1po2XHNd5HPo47/O0ns/nbmqv8TJuUyKRSCQSiUQikUgkEolEIpFIJBKJRCKR6KsK6JDKloOqjCERJsmOhDmRUoWsLhArjsYUPCVfaY+YpP+KJ4QuiRbG3EAnKhXLqfRM4RnBZzMQtuvIATdUYfepEKy05no0nAolbI4xyXdVHPZBN0pV6bD75j+xKeQbQoLQnngpk2v3BqvMFXZSivraVLxI6jOVaMkixQf2JMihI2CvgG23FDphsskIF82xkA8WDTyYlTkKwxRBOUBONg6fgGM9WTnQ+KCRBU10wKkPmTghUogKvjRY7KjC3QiJHYqjSddECAVMLBwHulBzIC1IBSyqA3MCvRzzlH5KWn229jYtjy5OJfiH6TY3l9B3H6Ujbv7eHRXCTQMCTzUMVJPNITLq41W26IGfPLzhFkC510eQlBDK3PNdgidqKZlzePW29A1mVTU3JHyInu/gnAbfIZcZi8KI0eG4SPIFgVaB59YqjxeGJpngt2wORAAO0xm8jq2hMCZNqT/xzIbGcN38us2XaXo9Xz68np+fTvHPeDg0AECBQwZm8rAdkKqbFRgnC4zCMC7jlaFjtNq41Z4fJ1zWjpgMuEZKTqrtSTwGxiA7spti2KwoFkeplEhmD4fB++5wGp17ul6n19cLoCfLsgJ94okCIXglnrUBfQN+KAvkzjB70gJ7Ab8WDyXapHXZAnR60PGmgPuUufA+3oseciQ5Ghw3HqB6/0o95Q0dcn3ulkcZ2OTsYoh3gtkMuAggM8xDA2LLKYXLHobDz372s8v1+voCmUPzNMcBgOicLQ5C/Gua57YdMHnH2LR6Y2sbDT9N/KCxTd8PcdzieE7TBEtiXZVIJBKJRCKRSCQSiUQikUgkEolEIpFIJPqqMtoqzkvQ5AoA73KddleSNgmdyJSGrq1B0OPE1FkNzDFQEVKVXBMquBudTEc0OXjoKqFCsUmBIppB41flXfBUF6brEwdCmEby7GCvAT6mZATpUuOu2qBSmk7uo0/1ZSqDexyVWBVlDxWswmqCTnYmIMVuQCXjkPrKgdN5wCWBPE7oJhmLyEPZtp1F7oMaaTKywxcLmgvkunZbCJrJEh/i9QkvwQq8zp1EmIXIgGRhENXGki7nemhgXKyOxXQgdYxOeSNwKR2YAuBLa2RJKCUISvT8CZFAgfKHMLEF/VVC5QWiPoWV/JZgSuXgcne1iukobhY3FyxNC59103D3WqcSPKTNQHuabdtyi27q+prWtaI4Ep2L9+ozFKoG524Fgk/yMeQukpZ/dd+PXjkxM8k7ha8ID55i3x/ohudn2/pkkmOKIwyRR3QAG3gA98X8jYpLjOkxIpZwkVIaFF6egBMaQlhIhhYfch7eb5tblssVA3c+fHg5PWPizuHQ9x1iFpTworIdiMpzHqqnUe+oI3rK2NyDsQ0eNOcCMlZgoqQxuQZjaprGmmCB3iDDEr5O8OmZdBRFBHsmQjWYR2VbA+BIbO/pdJqm+XK5ns+vsS9IXcQn11sLs0bGJ8icIXq2rfGGXesSf2IJfCE2RiuVYre08mXYydeknvG8t8Y2x5XZgWLDLH1WL0+j89acl40u8Jmq3HF26+n2ycGJ3nAQCFeDF8MwtG37DbjXLHESJ8ZP5tikeVkWtzXLQllDwcNCgK53LTI3AKA08fy+Hw/DumwhIYcikUgkEolEIpFIJBKJRCKRSCQSiUQikegrqsQl4G+UQIPEBXxksn8HFZYRLFGp8lguog3/DYfSASlnI1uA1DV3hVez7AWSq9kQB8FfcQ+pgIssA/omcF2XauOeS6im2LQYzdkRJjcPq8ieEyQ8FsELefCAXgiVd4gPXBZHjoNfsyNBZWRyU369oQsYjqFkG6xHZ6eAhKUkegVPbaDgiu33TBHQWNeeBfQmtAmMV8jfIVbH0+BQ25PnRMjmK3yLZGSiLJoyIEbDqUr4p7HpduxmgoPntjUQZYLQiWP+JEEnbvNEBqGJi2fiBVmFcMOcfBIr0Z98K3zktDfok3TijnvRtxfMF37Af4SHVir5JyWZZIAEoBNXxa9wi0LYJZQolSNGqvuEt3tXvy7M1s0Z+tHR6ZzwaHhLizRzEsXyhPsDfSlQFXfVQOoMAhAIpXifUrVydz09MmQ9xI8srIzgfHoMeO9QSMkEWjGaMTSil+jywGAg7wAtvF7n6zR9eHk5HMbnd8/Pz0+Hoe/aJj48uE14lWx5EoGiVTLjCSqDJfR05AcE+lnzccxY0F7gqZFg5OMt9UlRxAwdS086YSgIqQWTzWBg51CZERvGYRjH09PT9Rr/XC/nl+tlWpZl21z8ozEkyBhvjIXtatONi4+fi/fa2rZpwO+EYnLiO5oYJ2oBgmO4hJRPdB4F/ey6g7E+8XbxBV/KsGWTSsSQqpayUgVGTJe5hZnyPpNNd7TeHxEQQIEgJNhIuq7v++M4drG/AJ3MC/xcIUVpXddtBacmB8tJtWbetmHBnJ2WoBvbdE3XtR2BXkokEolEIpFIJBKJRCKRSCQSiUQikUgkEn1VJeJA7WqIiXdgsw0mLagey/4nvrgHaPo2u1LF0aRCMdjGI5UluWZJ79YtSV4DioJ0Eqih2LuDLBGYNQkMqkBx1lK4A1kDkPNC/lY/UiYpxucGJNCZQShf3VcZE4m1YzwGy8QhF/gxXKOuU5fL6p2jBBklQAF6g5/Ah6hiocAHWGBvNLWZjA2gsxzKwVc2BNykyBOK+Qmpncg6BI62KMCF1znig5xXOCkHg0hYDRzGyUWeTSfIq0ZjYg7ZlvgNpi4230GWSCyKJ9MXqqzDXBHRQ0MXks/Kfqy/pDR8f6z+2Ok6Fbt3LIfa2Vy8cQtGbcqVygG3GEd9raB22JJmVw3ufcZ7Mo6gyL6inKB3xfKbxafe6OVNB3yNnujbUSsXrM59cxj5yctL+WErdlgMtXnDt5v0MblrAHeCJisoWr3lEcxeHEo15MUS0vzhCvJoVwLQSCJcNOFQgcmTBg/0rTVxja7r+uHDtizr5Xw5jOPz6XA4HpqmoVWuSrSOLvhEejetl6B3S8DktbMfIW4P2SttGyQHAf9gS/pMDt9BEAyoCWDBaGgNtQEfHcTV4mF939imHQ/j6TjO4PKxTNP19fWyzIvjvc+XyCTNDiW8xRnA09oWbEBsYzLa4stSDJUJyG6B0evYi3meCTpB85ZgwUNF1UemLdSnK9BbJTZMF/yQpgmGL1RPIxGMibMLELZkNZg9uVUpAl0aY8d+6Me139y2btuybuuyxrZNZ3BAmcIaByS2sOv7rW3B9aTvW5xipR4/3SKRSCQSiUQikUgkEolEIpFIJBKJRCKR6Peq2vshkDUIv6FDcilIf8ophrJa4rt17U9rzlLQuqpwZ7+BhwhA4SnIU0RDjA6k0HiP33U3Pld8ya+Ay6bwvwXSxEJhmnCQVNGmIrwv3fgJahcAABAASURBVFOhSh+5KdGHqsYeL1N8SUrtnv+yALhAvI5SO48TapJO3QgOYkfi3xshGqEyHdEpSQeNWVQKHjLE9AQYPl2bNIB/RAqqgUqxc2HjSB2qCtPQ6l2pHIESGqOgM9XCfzOaQx0C+xfETbBQ7qhtzLXQOPgN8oAC9irefXPJzYH7qnC0c0k6MIZSTHLqOVD30o/+ul0iD0/Zfax3n1f8SXj0dn0yW42oh7RLdQf8S9fv7l7EUjgQOeh3QhPM8To07sSdlOClcnuiokrITvhI1M4+QedBY0NQd3jB/gJvjmZ+CtJarY5ID56q1j256mz4oNqKWEGvJPLqQASlai0vQZXxJpBLNFXVCV9mK5QmKIbfUmZN3Bq0jatxmqdlWy6X8/ncPx1Pp6fT8Xhsuw6fDrqbziPnQ74axwnVw/AWlnMziPhsx45vlogPkKXxMUx7GdjJkJ3D+xsiTwimIyZFWwtpQ01zOIzH4yEO5DRN43i5AnpyXpaFoS6Cy9RmwCbE8+zoEJ/jxtoOLD/YAyTuIPHJ1JVCuN2F1X6x0fZEj3TjGttoyicLeUlotoaprnCbrbO/0c7Ih87NxyPjZqhPzuclEcBoxfY+tASwxcZcr/NliFN6BQgFN51lnrd1Wdam29bYXyb1bKNEIpFIJBKJRCKRSCQSiUQikUgkEolEItEfjm5q6pmrUMnhJBfeVYVFIKiiMyyhlLotWzNFcVcEh8M8RG14SoQAtEEBa+IQfAhYXGbuRVHmhmqsocYYLOWCWYjRCRDRuYjPHeE30S9kd2uiUJIvQHqXYIvSfaXJy4AKtbFArFI5PPMD2P30Zf9sDwBcBpRywc2B00jQQ4QNR8iIRGMMDnAhhuq6uvgUlDFKBWAcE0cxH6FyJlGKcRwq8qdWmQyvcDAJwy6Gc05YDnNBtpB8GWJzaBC8I2IGPE40hvlAZRp6FIg0SlOIpgaBw0doLMjWIBWdVaIRHins/totjbfeCh855v5qdwDKI76lQk/euk5+Q9+ehjqeTuQEk382DqEThZYOxJ10QELsaJGMed0TJ3kicXArYuoj0mxL9OYBYQeu8DnFwoXawBQTXQiCZdClR+VnmHNYAj1vjvAsxR5IOk0+wCjIBOSnsfBZ8ILxCHrc6G3FD5FhsC0wK6bTsqbHh1AJgC66uCrthtFPaxzz1/N0na/zHI88MZRg88DwM8qBRunNHaGUVkB4NK6hngLAxCB0CqcY/UIcuYZAIw3uOLAxwUgAMcJ7Em0o8KnnpB2NSVWua9t4+uFw6Pp+XU/v3r1/fXm9TlfwP1lWOJTgEM27HDrDxAdzW9e1W7t+cF3XmzTz1sSdqlFlCakHqFOBh+A1UX5NYDpKc0yPTwPFc60qnJDwIV3BUmmUcFoD+prEUcJ5CyWgJ+DlLSE19FxAqhGOF+VxObAxMUM3PJ/WeZkxe2hdwQJlpdGIHadnqm29EolEIpFIJBKJRCKRSCQSiUQikUgkEolEX1uaStt1OVaVuA2dnTKIJcm+J3xcCltIJVlD9hyltl/q4Ddfvw8IXbjg0REkvgDTA/TWcD6VquOdLVZzE82i2bRDGTQFgV8pyuE20SX1BKqf4DtQhU1keCBUPitUOfW5oprjUNiZId4TSqg7B5R8WCJPSiBFIOIkD2XuPhemsR8B6tE68Tpow7BDGkqT0BvAebQ90XuIA4cUTWYM2ZhYHnZEWwiN0YYdC7AgHuh66FMRR37D2A+nEDrZNqJlnCKDBWRdNPEo5Gui73NakgNCVa0v/jQ85F+oB34c4Y1j9EdJjPuzqI7+AEx5Az351AXTO13X6b6PAwugwLI0mMSkyUci/oxl8vgBoQkaVhLOWRxaXCTpGVO7ZmnmvZhryvYf9zYn5YHU2bGEF3PIzQxG61vcxhcvirRUvU7xKLQCOeKmwjP4U4yPii8Iroldi8snrXJttV4d/woIFD7qQDwRvmD4WbKacQyr2SzE88orNj58DixDr5NZUHzGLHoIAVmC1kTowrN+/933ry+vz0/Pz09PwwiyjaXHAcfCsfkIoBs+Y3b0hNNQmf0IkauL0mXkGfTSRGaEzce9a1ErjEAOrMHnEAbN2oYSu/J5+CjFUfXYt9h27ShcCIGMAXU4DPMMAM3lMs3T5FaOtlKZSsOJjg9qPCw+tHOzImEDzbNN0/dd01hMGirAGQ5h2Y6zLQ75o8CLDXaZOLRNy648yNZAa8ndCPqF0B9RIxlbUZk+SQ+q0XlgCdKBsYJTaMy9s+kflAJyad1oIgRDC9dXvmuHvuu7bl3Wdd7gqZoXWB7Oryv8azGbRYlEIpFIJBKJRCKRSCQSiUQikUgkEolEoq8qLjez/4EmRw6df1H4tfTKAADTELQqnieYpKExHAbLhVRBbGLJlY0ldC4pBrYVCanuGsgVItamyUODDqMoGdtA6RaKskGbVCqlF/AOGwkodFXgonhI1EAg6IFluWQcPJdrDZdK0+9cgYbqbyrp6joRAr/6D9fzzpCriuJCtMev6BfcBO6BNXP4iyAPQkx0cmrg0JGAtydYJ0VwqFwLhisn/ws4lnxfqK0eO2x4gujiKs0JVrk9UQowXDaxMzldxMei+7bFIu4yxbEHpxO8H9Rx3UapQujS4hAKiLfdeH2okOgYxE6ou0rv8Q1wf+Bms8dCufs9KVEtwvLy8REPEJHqs533ySeYEZVjP9RjZwuil/QnL7PXPE0WqvxQlodyv+2btusUrBmHBXso59NCIeiE8alwawFUSvg0tMn+oy7w7w7OKSefbqR+aw5qbqDuuX40oPnxuG9M9fAYjG7iuBny4DFlUfDTBacBu6DQ/IN9TvApNLDK6S4Z0yBbmDQ/usxknkV4jOPjNM/Ld8u3Ly8vT09P756fx8Oh7TsEQfghQx8gXN/OwybzqXFTezeaeBdbhokhNgqpoaydBmWM1Qym8L5Kh1WEEPwwCV5BvIu3oHh627bD8XA4zsu8TufrHDXNaOuSdrfABiQbWuvkMKPY021dux6uwQ2pGDpE0/L87nxKMoG3bZ5OU8XTSVevYVX7wiqpEm1WPUv870hQtaVK7cRDuWPxJi6oHXBF27iBf0VoPH3fu9EvcSTA8wS2r/jD+fDlMJtIJBKJRCKRSCQSiUQikUgkEolEIpFIJPpdCS1DUg0c39GlHF6VBHfV+NtyLUVlaHxBiTa7qj7iGbFc6TA/J2AFFjNjnKeKJFaoGyxWUrUR8nNCqmkapkV0IlmoWp2dU7gNu9r3rqm5wMpoBxEnSpVLVCkiuffJDSH7jhSMBkrcLmTDlEyfpNK2ye4m5VKhctZIqEryjki2CgjE0BEa2Zj8If8JOqdbsHmJDiaBDGnSoLUOIZiAFIvHSzm3bGAbMIPHCZu90DF8G5wacJ6BCUzmBUiX5CFlMiGhJ1nZZOPLmI2qeJyvcH+U3h/yCLPgIvejsz5y41uyIqiqSZ/RFTh0ul4BNmht28ZCvzXWNgPYngBXtcYS+bYRd+KRS0AcCFwxnPINw1P16ry5976QXx1W8TOfMHz5HIVdgky+o7ofRK13cVWZKsgPgE9RMGT7EbtObkXg1aEzh0YvdekXh+kYBMWKQ4unsCatEneidEg2MEGlTBfYwXzK6Ykvpmlal/V8vhwO4+F4eHp67oce5gaAOM/PjlGf0heMKvEfGrsJaTVgGGIrxiLcAEY356q0OcQ1EwcNVpI18ec2bMfxMF/ny+U8zfO6zOu28K7jy7LxvuxiCPGt1i5N03RdS/4rKKurHchXWWI8ZQTHYRtU2oVJNFOZgCN3ltydepurQRbaTfN2TNYpN4PwYEyIxwPrFxgBuF6rgMJxw7b5dV2maV6xk0okEolEIpFIJBKJRCKRSCQSiUQikUgkEv0hiFmFnGID5U9zgzBUKRwq3JfqVZXwwZxC+oI8/EQDECi7w5fyIUGHLTGwcAoigwDy56iq0lYlv5ACw9y2Ptz8Uv2e4BL0EeCCeEI9uDaqU6WUjDtq3IR/8t1TtZQ5HJUvW+rtQaVCrUrWBtV1+Kv/qV7sqyazd0jVWj6oNgBAKKiYJihNI0O8DvXJ0yu6yubRkgACdBSE6RDh4zdM6ljRlWRP4JRh8TvwIPU5m01Un6iao/movsCXIGSSggfw0elBFSLo9v1C9qhdU99o16O0ndQS4pDUWwdkxcFdZr+tq22gxt80iE4wRqUgjmTdNqzaA32hMejFBLMCLkR3UpnlQQJMee3oITKKYSgaDEKSeBrC53AxX6CagbpzPWF3CoxZAsjA+13VPz8D/CTgg0T+H3Tl2K2QdhU2UDLs82EIScE3Sp6NQt4ErmZwowg0Sh7iiohTocAW2p7geSCPIY3RRfHV5TJdr/Pr6+V8vh6Px3fvnvthIFBLY05M4KSauhs6uW3kvpftgNddCNVHcDVrLZmd0E8iP+IyAL+mR2RGHrH8fobL6BTaWRQ6lzRgW9L0Y78ssTvTMs/ruoI5ESaT8TbkmBpB15iwbQENUGC7tcQ4GbDhgavZhlqRNyy1Jz9MSDwg4i+0NeeWG3ZBSrALvPRk4qTNDuTJXiRlnbDVScLicN7r4afJw/eQUVQUqKSxDQaXvd7WbRiXeVlvlp9IJBKJRCKRSCQSiUQikUgkEolEIpFIJPoaMqoUgan4SHXYjF8onaCGZC9C5efCAnBNGQuYdFFtmDtRbD2iYqHQBaRNCP6AjBY+0SoqKmJdFMqWXERWfEtNARSsmsIoQIB2O4cILM0nYWmSfqKNR0JMFIMgIewvfGuBoJWu80AUoyO+pN4Qy0IVc4qk0NnnJDcVq7xOBXWTCkFl4uQ9oJnD8dngBIv1VJ/HkrWHOmweAscmD1zx95RShCPswI3AYW4OVKTj2K8eZmBTisrTBOIoRFVSWTwRDlz1DyonfqTyevyzkYtFLIxnXKaqywdyKSgd5AL+50AnD/mRe3RE7w4o86dvT9V3l3pwl7c4lXJw8q+5OeBBj8C1x/tNhUaje1D80WlINIkTQ1FMMOSaRjyQvUScMl5wxcgExsswuMUGHgiDFOJJ/e4Vwi3ixUYj/LpGJR6ezs8GoRjweCPNRvkuRHvlvQZeIG+iK4CLsJI4fhQpQ9wJ0g5eO8VuPwV9MsiRQCSVpqgnbFo883KdrtPyww8fvvvu+2++ef/8/DwMQ9Pa4L2ur5EazhvQbmHVa7AmfWjTDJlWo00Bkqk2F98n5iZ/SnhKjaGEHb+i8ACDzQYyj58rZZAZ6fq+HYZ+WdcZLE9WoE+AIUO6JC0P3MH5mhugZo5mCnZY3mZJ8VebYTqddisY5rh+rYr7BnJtGjgVVHZM0WiZoogm8TzX0AS/8z7hpybtxfyvTP4XZAcHFqwqtyQNDs8vokL4W9vE6zRtE34vT4FIJBKJRCKRSCQSiUQikUgkEolEIpFIJPqY6u/wk4sGMxv0k4gLvTu6UuB6ra4/C/wnYLxLoK/9r+vKQS8ZZPEpQ0dOuv1LAAAQAElEQVTpHODAxXdPiRkav3TPRUq2AbhznigIQPoo5NgYdFfxZAYQmMbwub6pU/cVV5LBZKWqeOZe19dXXP4u1il0ZCzg0rBRR+rr4Bgy9RLuonx24xmIYvHJ/yWfnjAgAHBMcp2g0jzUmilow7ktQTbxChtU3YPD/KJ4xY3MTgJ4zADvgwkZPkEMZQx1mcPiNqEfQCNk0JJ78ZPUf9+6iN5//ihDh9mX3ZulZP3mXfYr6aMHV9FJt4oVeTaN8TyJTQKmcFkpb1Uyw4BjnGKviJKKAsYh+yI6sw9oJoEslr7x3tjhAj9R/V0/DNNJNw11fFQFdlFL8s98LlE1+X1AHpBjQryEzEbyHpRW3a17RYgr3gfGQAKDJ14rIkZox+JoLjyXiRCaDwRTPD4EATCQl/N0nb79zbfP79598/6bYWy7vsebv+WZETJep1RBYaypGTW+MdAxKCIwcIPgqB1deZzQi/zk5KnMv/rgq0llK6bA7jLa2L7ru8NhXJZlmqZ5WuOLLe6v65KsVkJ9QXCFMYba44F/AjceyH9qGCWheSktDOSmkzyXcOciy5Ta9YR8bKi/+UaeUTxfVoLed7YsWF0ClIJSameghFFhxWBKVVsMZovpxljtlEgkEolEIpFIJBKJRCKRSCQSiUQikUgk+uqqv5eeaoGMOJhEnwSdsRK9x07SN+sBDeE3SFQdjmXK1fH38KHoSwekBAasK5r05Xn4qZjm4NouVZlr9CNo9ajir3LYCFMYSVji5xqoSdRKYQf4e/eaa/1aUb04D4ve4yaJ5zDpRSkZq1RK5jdjSTTFhqSf4SFRkRxE+DVV1PcHc0UdDEM0Fes5DyQUEMcB3kNRGtsaO43mGNmIBS1PFBicYC5KRmc8Rr2gH4cywafxqUY4tW0/6nXMyCN3kGwjU82P+nIqpb7n3blBV4fUXIium6SrI5N9xe2Fdrd7zJ3sT9hjQ3SFpm0VDTgGHimETsgtxyMFgUhSo+n3OEnxqVCBjGJo2p0OvKQylIBPjaOHDpOWwMWDmKZgFD8jSAnA+q7sgB4CTZ8jza47j08NnMaiaZHoFIhT36seHVr7mZlgmYCUlLYq5NggnUNnAo0XcAeYL4McXFDJUoUYNEBQ4P9AGToAPzAiZw1hPwEMjSwBaHgVuAC6pPh52eZl/fHDy6//9a9/9ov337z/5vR06roOLwRzaPleoeAggUZGFcyqWkvZjUOXByMQjeFcMUTK0BmbvhBnV428qrEeumyCy1xcHoZyhnjfilf4X9n716hLlrS+D3yeiMy930tVnUuf06evdDfdzVWNUCNajQCBucuYixBjSdayNB5pxiOjJTPW6DZrPPIs+cswM7bW0njZsyTZY+uyxvJF2AZkEDJIgBAGNQIDQg0NTdP3Pn36nKp66907MyPC8VwiMjL3ft96q/t0Fx+e/6mza+/cmZGRkZFRH57f/v+3/qTb9CdngaJ2Qhgu9xQ5Mw6y4OaXwtz4efAZwMlteoVDiCaR0+XO9FldX3yraofZzgQJa5H1WixP8uh2vhPiZGZWCnanV12oqVQtiUp0kfamXD2UfzNA55X+2wOLNXRemHOn8hP1Scxwk8lkMplMJpPJZDKZTCaTyWQymUwmk8n08op++Y6zvYf+rF7pE60sQ4FOihsBHSXfcwG41N6TWoBAKVlSTTOXKqeRWAkEPQ39VN53riP7BlZHhUvUSnEi2KWCIyBOA1zwlZ5UVwXpcGxoE8FMKqWSitNJYT64nN0QJ+yS4NrwHgRs65ht7T7NVdJUSZEW2alvnF6O7MsvcdLRw5VpDPeKrEf0XOxHopX9eo2EGLgKtUSp4LKpQAhxihTfARTmMQnLMCjFIJ4lKN4P1CEexQIJyNV2NRdJMnFkBwVN1n4iS5REOqN3IVafCC1Y57ucSpH9k83AOHrYEmRJMF9M2d5E4WC7Z/XTuOIE1XcBH8qdLA7j42KY8qzebrc09Ow3083NgTJN+hAkClABtpeg/JQg5Xn9LxVjDLkl/Gwy1sWhJkweyOUt59+yT7i0G3nZhfoEgeAF1+/cPkUCIsjzE6NcG9SZLs8k6BsFTeiJ4mPo+pOYJeVDiZpA/SB8Wx6rfLBY9yRfF7W8ykDHc5GfK/RqIpRwP4wf+8gL9+5enN86u3P7VtbJ6an3ki7mBC6rFiYFipCnL4UpaudhvhmQ6iSSm64RW8KyyYKYH9Akji/e933fJu8AwPV3rewj5jEgaAtbj+T24bTfDlXke7Kvt2aOAUs6YXV1nqYWmhu6oe83RJ74DtWfRtcdRgYjsyxEn1BCkHfilEL5Oxz+w8u0Tk9GbrrUQFyaJJVmu6fUhBRV4gQqbbMEp7Cul2UHnE9nMplMJpPJZDKZTCaTyWQymUwmk8lkMpkemypxUgqnTuAQTc2ZS34ME8zeHq3PhCpXOCm7pWTZSHkxlyxzFRP0x/ASoENYhvia4FxKPFI9xKVFRv29fDkotQYXsOBU5uptgWWIkHDq2gKLNImWBDlWw0xrZ4tFJfRwI5d6yxAJ/wGL+qmoGpbIJzXM6BqrFRTsI5ULisrQUAWZEovIByOOZCFDuM5ErhiUoTFBqqCOun1osXo+1+oNSJkXSz1eNtZ7XIxg0rxRLEQQF60RMiRlbqwGCi+3Vneo2pMsDUsWw4vzocstVwAobakcb9AZer24++L25NTfOs1V+DzJ8q3omgmM6pwBwCYd9NRBLttTSouLLmr0SVR3mtq6WHdw4V8gMHKjUUohLQbh8AnCT6sJxAKewsMva6qObJH568QZhS9wXnVmkwwonyhBKjWmL75cmkvq4JOcPAUkfiQC8zqE9RS0TdqhEaxsVKHVyJzDU84PcVuXl/vLy91Ln3jp7PzsySeevPPE7ZPtCXEXXnZAUCekxEQVgWvF5ki4k5r7khqkCSvjJN2pzkjVc0RSx/IWSavBRrWrq/EuTxdIgE5di/OqQWfs+82mH8fNyNrvN/IQyrmYFZnYAGbpRlPeE8A25f1i3o0mMQpUxPiI+FCp6Yn6oyS6O6O4nvR97/18x4WzocMJasO6hS4qzQTfirDBlcsLrKOadDvOV2DIiclkMplMJpPJZDKZTCaTyWQymUwmk8n02CVZCrUAzGXSknThKlpBHwqGogdGtWYoBUQuzYrzBtkKsNMG/9pdHR/yGymsQgE9irWDFB8XbhVXqSU84gyaAIrDipqdpNlnRPALOd1ci5Zat174on04XgadcZaU2m62lie1KXZVoDMkdVg5Qpzo2dQ0RdrhMzoEaEvP7AsQIQhrEicuVQuiEKToHgk9ibxn5IgcvWQmJ2K1YlD3ALmu2c0jKaGiUTDJLbrXVL1BiQ1CS5CL7w324xCqCwyKBc6csbNih67Xo5ISjT2JHt2SNIiLLSViB9aECixMUY61/7COxTA+uD/sL+91fb/d9l2v817gHDmtOjhIHT6xW5BLPoGL6Miwhmr5PLFBDD14chBmAuUTGcj0PDlCCZEBmWufVsTkUGl2qcAmWEcmrjh5pDYVRcYoxhoxk0qeji+OJgUm4EfORWaG9HF1QkShQHHqmMLUGptwhJDn7Rzmwp2iQJg2m0ttS4Iezh8cel7j0jgNFw/2u/14+WB3/+LB008+eXJ6cqquJ9RQfbp56jMMJK967QpSkM1SgdzIlgVmckKoizjb2BRrI/Y+qRBczehSjqWcOBbIIjFAo4sOiLOLrmm02FJEThfCNrd5cnJSoZNxHHe7nXO7QFjJbKxUjWryyZkkIe7E+7FCME6QE+82mw0DKHMkUOLO7/d7ThEKQp/UZvWSgXih2hqUf2+AGJeAhRjT1aWhdqorS12CJcCt/FsjlkzGnJhMJpPJZDKZTCaTyWQymUwmk8lkMplMvxWkZdOCghTzj/l7bKwiUiz4RVT8Qh1QqJbJ9VOOs6GKcC5BCrYiERD0EWoeT2qyV2Ymg8vKymgoAFJKkvK3lCL1m+okkjQ0JqnJymyIgmLdIpAKpLaqS29SvcTyi/rypi1ozoVyqfFfkb9SC+71uEKTYK20yhiqn0gTKIFzTIoERwi1kYqFAtlDRHYryGPMVg8TsyYKoGh9Vk1NklSQy1hFTirB5kRysliKt1DK2nJZsbTUXlrbYZ0FAJWVSTVVhwALcjOIfNVXgBzX6XDnG9IUxfkAD+1L8IqPR7Zg+w0u7U+u7dKm98Mw7C4v4RKGnqETxY4YpeCjXA03yvI0VxR/QoEUIlFaMQV5QPLtTiV4iVyDEuSnS+r6nEelc6NeeBtW8ulWWo5B5Srajy2uVR+hdos8MFMIvjTIaJjs44Q1UXzLe9Sbqw+zYg3MTIhpkngAFToDGNKqFkNQeDkn05zRE4ZjaNTjpjvZ9MRc7PbD/vnn77740tnZ6e07t89OT09OT7bbDd+mVCY0sptNXE1WxUJKjFNLp7XcifS8zSSS7Jt6XWWRStrIYnmCdhhRnWD4sSvOKoVfUcZF9txsKDQna+TcnTyR8nKtGNMiv4a25C/zA0/LI9nqTIKLDMPYb7rcStf5sljrgbToM7GS26+3Ru4LZQnlnoWZy6OEqJlBkVUdjzz0iEeXjXl5/TQHSJlMJpPJZDKZTCaTyWQymUwmk8lkMplMphsKS/0P50QIKZiiFlCxZjswbMDFVSE7GsEkSRec/1J+Id9Jc/oH2nCJKPDFujetNwFqRb2GnSyIk1Q+SZ03Yd3etsd5OlB/ZV9/b4+IK7xhVSgX5iM1xImUsNMxSxZEbFvGg8yd1trg6C3Qiy+DwMPM7iUpkH0JVXQnHl6CTsjshOJEQqq3QmCRQlykfFT9Sk6h1V2YvSCO68hXpSAO8+nme5dKkb2SQ+7w0oobRLrmrLgEP5qhelQMJa3aOQjZSQfROemqlg/3WH5KzZ4pF+QhhVzVH8b9OO3J6aSMmgz6PGSyoYwbDVOHPs/hQIYcKC42QNiSJJpQ7IlM78BECvS9ogk03NUDA2CZyfJY1EIM9aHCJl8mVhMXVr6wIEsGIQ4kz9QCg1qlBYrkgjKM88MG7FaSXH5IILiI0TFJIhlF4gc0cVdAViT24NGPaXbpkTF0XjKMUhxDuLh4kG/kxcn2jMCTE0FPNtuej2Bihi+0ohPMtNBdk3ua//L8RqxaVuODxawlNcCdfBQ6T6/YwSpbBg4WEV5KI8oa5fn5Y8CN20mV7xHYpeu6Kc/O/TAweyKkSJ5RguxoTzjAiPsjuTxJfGH8OE5TN236krxDI9p1Eruj62NdQGvf8vSUz/XqhKup5EoLl2CTzgPXKj1sDTCZTCaTyWQymUwmk8lkMplMJpPJZDKZTJ8xlZ+dyw/Oa9SOfDkTJ1I+j+Xn8AKmRKk0MmkyUewLbe8o48FxJgNbm3ARmVMpyk/0m+CVlrZoC/hQ+A5xLSm1e2jjbxripDm0tBml/ovq38L5Ma78lp8xGHdAGEhBXNqOcz9rRVWHBBdV0ZY4OaoD4uQK9kLcYCe02wAAEABJREFUTeLsBBHYyySQu0n+ewqUW6QGJwSjaM6G+pTooJXuAwflhOLkUcJLCnGCR/spteZqXbLAR5LariSmW9zyWqhSrx45QvPMTAo49/D6cKUvpDFYMijPPH3nj3zn173lTa/ebnp4ObQfp1/59Q/9jf/mf3r+hbtwrfHJoofNHofKtynX4PvNJg8jFfJT7IqvCcepqP+PlNgTww8SEBWhxlkBdMAeMZhcrtCDm4gsyjfEezbWEPuagYwqYk9uKowS6I2jmcOHztZFh72MEKu9BG9w6z2KX8qSbVg0pm43zGbVAZHHU9YFmJ87ZMOMRFNReJAEXeeanB2xrJC2MDJgBR7y6kEPHJv25GucIg2Ipn8xaDM/co79SzD5PLwYcisVE/OdTxMwopWQAI4gc5HYE8cLgvjFEFhROu06oHbo6oa8pF08uNzvvMPbt2/fuXP7PJ3y4sYrJhuBePZx0uAxR6FHiW1p6G7zyXCCimUU0C0tx1SwLCyQSCz0Bsp1MKPhU9kNkhJzWJujlvNzhrLk6bjT8pZkS75OAj7ywhz7GDab7TavKuNESoG4k3HY73b7vDsSrsbRaATlSCchqPNOyvuPw1R9SrDDbW7rZKuj7X3eIbfedRJ+lBd+Nq5pFsfGM4pvndAnclEOW5ZExhA4qEtZls4r8MbTJkhK0eNGrEwmk8lkMplMJpPJZDKZTCaTyWQymUwmk1QpiyGJbxIhoMRSUOEvKIKBXCVHgiHE1URdOHKhFjvP9ia5jth1eWMuGOayb9f3GKVcDsUlBar5Rapl/pY/UYMTZEMBB8XKo3hsxDTzK6W3TniL2ejBi1MLMymcBKFYTX7r9dKKEwg2dVCsmSVa34wchUMl5tj+CB/LJTCeIbV7rmTzm4QlQ4cxACwHIIM6XCPmkBoQowoGCsA5tVkBokvEhWAYhv3lAyofxxAV+JCuJkftJkkhQjxuIzKzIeUCpaO8L1+PKx4cCi6Q3YRwPrEeysAAQPG+0Qts7D6o6u3b80qyju7TYkIPF67Aj2eevvPX/1/ffef2Gbys+vw3v+6rf9cX/rE/+1cOuBO4Bj2Bqx0WJmIUYp7wm80JEIMydWIRoS2iIE/z8YjisIENhaDjWww98pTwBSHIkyNOAfix40eP5kc+HT1iHZEnM9uTipeKu6Yk3/YlHf/6YVtW21PzVNSUmWa/Bs5iC41QLXR0h0qrpJogk5ujaBZ+ZkCIHcFsCnWiMTRKVPGGPCJ33vSGp77wc09f86rTVzx58oqnTp95uiM2AiWGpnldXHrSkV/sU+/GwfaD45avB+danPGRznXdUcM+XdyL9+7Hi/vTJ15wH3i//+hHSm5Tpe5kYBUwZKAn9lFy0IhyCeN4cflgd3k5jhS7k/9jW6U8zXjhZG4osOdJmkYUeCif3bv9ft/veo1Pc77fbMjzaqK1gD572opOPGakPwIYgdz9PGfzuRSRaQSF0ZlZp+KUU8cB4OGGKCaTyWQymUwmk8lkMplMJpPJZDKZTCaT6TOgptTn6oYENagFhD/gQmEqAStU+k5Fef++7yU3gcuMXBVmmxMHLk0EN4iBiMIiWMJeCn0i/gzy+30o8If6qcTZSWHJmehe5SqSlvSTVmmVogGpU0sDTkr/WLxbxNek2DoogMIFVckR4tMlrQI3KII6LczjBzW6Rjw79ML0m9J2tZeoNhJamtdqbGI0J7L/Bb0fhv007kFCdiA2xhmJX4GpBrHMiDBfSGVNDrwVjvEFivTUYZdEJSFRSp6OzIgyqOo7M19dQRjE56LgDzoyCRZWNA9TWvyN+Ee+82tfduJElJv913//1/yHf/V7r6BMrkNPoPlOxniaJhedGHYQetVvOgmaaqr+JT2Ex1e+krvdEjxAHidkSSLgDvtkOLY5YWsHGAjnSpGpgCl4H7sYJDyFE2Rm8ONKaObI1+2Hcq8fTUcJgDSnVelzXndznKFDkx7VSqiFZoQwgDJozYQiEeXAmIJD8RFJ+cP2madf8Y7f8Yov/oKnP/9zfN+nxXTXT4XYgAQHa8m8v/IfacmRNEcdHte+zvsfHpWW58JC2hw9F97kqM0WNxt46pkKeJENzvt/E37jvf5X3u0vH6AOEUNOrq4/vJTLopxXl03fbTanZ+fjmNec/Z7+UukaD+SkIsuiQEF8YMznGoaRoRO2PiGpA0/+Ows9Mn1CT4TmQbV3OcRyWVg5Irqx6pEj4GBBqJppJs9PeoRlxWQymUwmk8lkMplMJpPJZDKZTCaTyWQyfRpFnghXlZn1Z+dUBBZzBS4CcmJFSk5NGJwvqRNS2+TSsv5enY5MYpCSaptHT8bBFAvHkZQKc5JuZJch9VosIEs5mTATc7VYi+DVcUVZmBRLibz6gpSd21Ogc3qN0nwduoYuYAsLZlNqI+0bwWm00OrqRorSoRydacifKfVi3PH1R8kd4QaioCRQ6tMw4zCrkSmUT6FI4ODbeq3qByPMDgrdUEve0ZWdUd0rmLvBlmTB0o/UJl6kmtCxHIR5MK8EH2o301ve9Br4tOmtb3p1e7JFN/DYxipcv9JTkYvoE40nmf3kR+LBfsdl+I6r/nSx3pV9oUzJMhGhoVKgONAILkD5Ojpp6YZ6mjFOnsb8OubpkjriVyhOJnGYFVf3JekGZ6JIaazlA4jHnqfVxivWhocoHST0yGJRt2iOjCBazTjQShEreIGhHsv9EFqFbTScRGtt79x5w3f83td//VfmMX9Un5IF6/Hp8jippEiCT/ZcZct1x+pkzfPtjZ8Nb3xT+vKvHN71M93P/Wza7Wakg6W3pjCELrFhzraP8YTm8DRdXl7udrv9fjcMBKDkLdCE48h9DDxB8xScxklaA9i7zvd9v+k3m37q+5HmIhEnTnCU7XZbaTW58Yz96QSozjfSvvPROz8zkXz3YyEPjTgxmUwmk8lkMplMJpPJZDKZTCaTyWQymX6LyKNrPiE0OS2xWAwwcRKYOOFoDzLeKAegVBU5RoF/BO+4CS2IcnoDsGGDIAzFfGRRyU4FCJEyNG1yWMgPLGXKsusxpVS/ik3US41oQP3ILeASxUi1/C2eHmmNuEiZtZQ/JX0mVncPBTEogCfNF5Wk6K+Hw9K+gT9y7ETnc403hpETikKI+c0wjkP+PnBsERdbI3MH1SOmXupqLOaPsdmKWt09KvHZiFL554GaMBZWRo1KyBGhcgHE3Oh1pTp6NauII45Qyux6r4mXgauUZgwJ4Lh/BGz7Hj5t2vZdpXdqp45BFsuNxyCMfDM5ryQJCkJF/Fy039CAYD6JRJBAiVwSjw8d54ZaEq4EyoMnX3uZyMRcdHysi2KLE/SZFOBnHMfg6D+mwNT7ROd5uVf6Ll13JUc3f3LcScNhzeRRuXydUzhfO9R9UoUKCpyTexCTmOlwqBS7ArnT7Ru+/fe++Vu/odtuSz+xEB5wjXdIe10Nr3Hc4wTKUTf3ODn0KUkNpAUzg3LzfuIV/YTFFZQhpJeuc+94Z/jit0/v+pn+Z/8pEjgSKys390RWtQ07xjA6RezJ6cmwH3a7XV6N9vl12O+H/HYiG5U8vxmQSyWvp5JrdPRA8zLveenIkIYZKZqPPREnm9PTk35zstn0TmkSeiY4K0rXIH4T6pTp+t53nXfeJaf/JDQJaocRTiaTyWQymUwmk8lkMplMJpPJZDKZTCaT6TMvrgzOZgtco+aKuJTQGcaYKFuHJDtJqVF/js7KFXatZXK8CDUYJaVmDs1ArYzO2EmtO2sJtdqBNB3i+mhaFWVn7qJIf7gPMBdyV0org5X5l/Kp/IBf6p76K/qkFXrxV/BYHFzUP2KukaOW1BeGKEKkpEblFLEtr+c3uUab67oEDMQppiGEKVddJUAHIDTYitSL4/qim4vF1Vf6rhi9HIxIKe2nOuRzsI7G/jAJVMga6blDRSIEBkrN0MvY00VJQtCyKHxNffhY+TjBZ04H3Ake5U7guiJ3iYJKOqapy4/QmJ+ZMd/X6POfQmZxeR9SFFhpdnqgOUSBVMQC6Z3gb0AoC3pWiVQiZ4o8NWLwMUx53oS5SJ8YVpIqfj5d5LN5ejgrQZSOzpL5KuDlV2tK0RIndQvImgL1IVESo3YmFpsdfgIEwIJbr331O/78v33nda+uVMdNvEPm1Qeu8zhpt8Cn6nGyOuOj9nO1/ZCJwWPcSTl2s4F3ftn4OZ/jvvfvunt35fFOuKB91H4GZWoiAUsAXd9tT0/ySI+sy8vLYRj24n+y2+Ut7Z0tsBRH8AQgJgVghJF8oCh2x48jTdX8utmOfddvNhuiSTovpy7/CFEbgcPchD7JIqOgruOFp4YEUYYbGm9iMplMJpPJZDKZTCaTyWQymUwmk8lkMv3WkFShBTaJ4orBJT+CTsov0EfxN5FcBQoOwcKduAqgqFdFsSjAAiXIWaS+Xt/I1liqzIALPiM15VPGXmZLEi3Er+qNHFbS+Iy0tVecL3RVNGbcRLoMqfzhinZJ3kE2OPGCX5SQB3lp8YN0rPyJ6Uj+g9AF8oYMY/Z7Sq4YhjHGIaYpxFzJJeIk5gEnKCGm2dlAC/HzJa/Od+REVKC+4vp1m0PBfdifBOValIUQSAgSiFuGKxdeT61JRk7tHALTADMjoffjRrVhHRL49EAPN1IzqxDgcJJh3Q2O9vLk5CTX5Ml5pDw/XfIUQZLClCvw/ORQyEifS/re5/F1TuNvYDF3uXmGkQpyIsNbErCQ6CPZhwCkjuZlMQjSZCRg9IQOD1LNDzSP6aTIMBk3WyaD57SaOmOkRytzGsRDPuVG6SZeiaR5X3H7wXIJLbXgGO9aICl86WpC5AhgcDQb80Rzz37Rb3vnX/hTm9NTgNY7pF4ZwhXeIbUrS1Jj7XGCzbFQXtshWb5ed67VGeEKP5Wr+7nwbkmw4lgOz9P2Uo/Cp1+R/tAfnv6773Uf/kDSdVqXsiiQU4WhkLAnYu08dry4d5t+G+Pp+Rk5MQ3DgwcP7t27d3FxMbGnT5gmpJU8yS2UFTUwMEJrB9+w/GWeh/nWT9N4udvnB6Dzvt9stpttv+m7vs8PT99vqDEcIUBul4yD6OFJ0xQhDKkSWEI6+mLm4z2YTCaTyWQymUwmk8lkMplMJpPJZDKZTKbHKizZKCXYhn+rHiW+QxNhaiE4V/n6nkJhHNt+lGQZsfVQ4IR/5H4kWMNVLkX9U0ppFTnghSvmkWuWVXx2nHELKn4HsUCYzTtQjQ/an75LNb8Yk6TGL2ShenWxeq7UyBP2VuCLTK5ANQXIgPlSoNpHpFQoG3nHPZ8HgZEdfu/Y8CTkau3ISSz5/zGSzclEsECa+PBJSAAiClKcEZOk+SSLO1guelF3Zn4I9arbWJ96N5Nk5YCWn12bbyLgSClMM5KSlEwq55K9C2AESdicth98+phuhCfU/j1G7oTVTKKru3Lkq7Pz81xA3+8uh+IB0WXJd7kGTzYogV2Dpsmx90Pe2yGHD5GJgyJ9aXgAABAASURBVIxsrtWXiUj/zVSDoEFyLyqdQDV36Nj7JIkjhZwu1umeKINGjC3E+wQLX+JKsk1May4pIR65cDwYgYeKV4S6vsCSMtFWW9ufsjH3M0kYlbA3bLbDY6MX88Zv/Nov+bf+DfXngJt6h7T9atJqHu1YWJIi8BCPE4wLv5OXoZ/Hzl7H7/DY5qjTU/xX/0D4wb/n/sUvrm7nbPCkvkV5wYjNDSL1JNhs+u3J9uT09A7l7eSpPu5Jw26/GwcC6OpKqjRiIsOsaZzCxORT1/Fdo2+7/X7X7wk56fvhdMht9n3X8eeJhXXJ5mkTaHHkTClaMemKtttNbucpMJlMJpPJZDKZTCaTyWQymUwmk8lkMplMj1VYQQQUf5Mk2Tox6nbeS2N02KhBfiEPylwQpKK/nc+fg6AXC+hk9jUQwoQK7bU8qieIK6eT+TvU2BasVdW0DJlJGv7C16IsRNNC0tCcBLC0UWgxlFJsFW5E+stXTOk6OHu5gEAukQmSNlmmdC1p8bbpfzkwUD2fiZM8uBypw8YYTCLEFIBTjGKceDBi062VCwbAIpwElipV/vn6Yru/w+oEwXeJIytcaUzuqgS9JGJuKutT9jgkSEoEiRw/372ZSdHjr4FJ0urD4+FODlN1UhmTYzsvlWvxzjsmJZBK5uPYbTYnRN0Uw6A8UFOkirmjDJE+D3uusstUi7XsX6KMyCMiJqg3EovTCah1BB1FdhRupjry3ZwmSdsRaEP6TpiLc/SQRnC+zmUmEsq9Eq8buHJgPhN3pF0yKiamuJZ4/dCDEt78zd/wpX/yjy0OnOkKuMY7ZLn/Ud8RaEmOl8PjJLX7Nef65PsJB/0sOjz24Fx5Hvzeb459537x53h4C3kke0ZdVmVtq7dDVxE20ckNbLfbvu9DOBtpmodxGPb7/cXFxeXlbhjGYaTNMuHzq1NyTgm2KBgjnzgfO4zB+yEvsv2DB5v8tJxsz8/PN/lByls2fZjmdDH+t0hmPF0EM5Fpt9uXhdJkMplMJpPJZDKZTCaTyWQymUwmk8lkMj02kQ8G16OptAdUFKcfp8ekxAkqc0D2Jvl/+qU6SoGbf8NeSI7I1eFcl0xSpVfKBBroRE+niAq0W/hViZBUf95eEA7tZqm8ihYcBtdToZANtUSeauNStoe4sjw5tF3wUpXnH9cLZyOFbywnlpYdN1rPov3Hw8uCuRaMUQc7MpIw7sZxCGHi76RjgegDgk5AolOg1o7LmerI4KLplWQcknQKKgVSPQgop0RMS+SbqJVxFETG0S0qp11d09UAhrIPjrM28n+dK1XvK1mGWXhVq49dV8AWijbhDADEEPITcnp25sc+F+LJsyEyucSJIPRs5GeLZo4jSmvKN36gudD13gniVGKbikeNS46sSpincIUVkgdAAQtX+8fOKH3fEyU1TewHwafDSl3l9vhpRU8RNZjnWnLChjFvQnNCeC9Mnxnkp5Il9YRRlxosDBwUBx4osV/pFV/wee/8k38c4NG8Qw5IjYcfBZ+Ux0mAeHd66U53h1Nl4FH72Zxp1f+rPE4W3MlNz/U1Xx+f/5j70AeUTkPemCrgtmBNKqZXzJpmMKjvesqM6vzmZHN2fjaO0263u7zcXTy43O92wzjG/IdvG/spIfuUxHyEtE72PzG4QHM7L4fDOOTD9/vh7Ox0u912m9x4Im8eXoKdoIO8fAoUmf+Zyq3mk4LJZDKZTCaTyWQymUwmk8lkMplMJpPJZHqsiiGFEJPG69D/1eaExMCFJ1GsjoAgYmihWTgNMqJVYk1WmEmE2KAeipVUl5A5CUT7I+VlqaonjYYpeR9J69MtDIF6WqjbqMKvHgXiAYHqdgLVhkRPli9UD1Y7EwcapgMKvcQgZgC8Sd1HUGr58oa7wteelhVqbA7RUi4XXcdpIo+TcRooUicGaVORlCRgygrKqVe6pkCq6UlSAKLyNlGuXy4e6i5kapLmyy0uEoq1CNHSxBm1twSOwS6t64Mencc/1XvFaMQnC4/ckH34xXf/xsXF7ou+4LNPtv01u/3a+z78Az/yM9/01V/ylje8enWWhidK82lL7X3VEbyiW7navj3Zdl3HhAhOznXDNFLVnI9x9AZjZOQD8yMX9sMQxsmPuWzf9X2X/6peH3xOTlZKrtw4lHlbp2YLKUjujDyowFPcO4g+iucEUKmeHlg6b4oUyuPRu9wR56miH5HtfLQ1hy8b7TNjTUfStub31RjItdhY9eDI18K9jPH82We/9v/+5/MyNO9VnDxWTEZhL6D1HXn0o9L6ehav66MCxOfHeykNH9//5tOb13qc+wkLP5X1sYfnKh4nh/2EY6+PeHV5gn7rd6S/+Z+me/eIiXKY2qYWD369N3MM2+xDw0uJR9fl+bSh1ZNm9X5//+LB/fz/gwd7ytwZp1EmYZJ/Fub8NP4nh9OdsCMiih6KKUz7YS/4VL/pTk5OtptNR0FULg+vtsB+XPmoPNtrxJLJZDKZTCaTyWQymUwmk8lkMplMJpPJZHpckuQPynkRKw3FTbhMSYVEsjhhg5OOzBK4hC35MmJwUppRiMFBje8oNAnXKGv5UpxO5AyL7VB3i4qbKNoBrVVKBUxcRSVKNVuCZ0oZt3AtjTeHXuBc5NbuQQkPEkOTSmNwhVV+pV+4CjnQVc+PpL4gS6MTfi/QhVxCEAAkhIENTnYhjDFoBgXvP0GJiaiWKlXYvpGRbeN1yqW11fxKnqgfB1RfE+ddIXSS8DgwcxRJ4Rj6PzbdqOXoFu1Z9m3RT6Z0YvE/QTyy80qfHObw4ksXf+kv/613/cKv5vfPPHXnT/zRb/maL//tR/f83h/6qf/kv/i+XAD/xEv3/90/9QdX38pVrev3q30ehsDsLh+M47A9Od2ebLbbTb5HXSC/EbrHuSqf6+jgXSc18hSkdp5nwbCffK60j2Hspy4/aa7k5ZCKQ4RM7po4AzKR5SEi6MrzcEeZymwNkv/KZ6YgkhA1wqkE7nA0CU445V6JtUkHGoBSdXg/UjoyPg8bE0hlTinptbQ8Omxhtj8pvhryhlJdbt36yr/4Z0+euJNu6Odx3Dvk+LFp6YnyyXmcfHy6N6SpBxzj/oXh/U9vPsuj+xT7efS8BxTN6tgbnOvsLH7bd6a/9Z/n5Z+Nb5iLagCO1NwLuR0Sr9Nu5PuClR6kiUQz2G+2m1vn55e7/N/+8vLywcWD/MqPwswy1u6LmVXg1YLmKkX2THKijnTR9Z6ep753vd9uNmLT5IWZcg4f+lyaTCaTyWQymUwmk8lkMplMJpPJZDKZTKZPs4TDKJhCBQXIriQ5emXihAwyuOyoR6kPiWAdHIEhsS1JcBAGQvSX8a20Wq6WKofQSSxmJEJLACjpIDXxCk8gd0DRFq29V9ZDTU345FDNUQT7KCeXawDvXLExUaLDYbUACYK45LKq5J4ow6G5NTpQwm20FyIbxeaDrihMxB4Qd5JrqvthuAzTkBvPW4Tg0XGnQ2MtuUOhT9giAHVAXXUcmYenXEpc3VTgpBu+DcLNKFRDTEKLEHAduoAuTBTxXVxU3BcMhL5dcwkprMgVPh2dyz2cTVh5iTQXcbV+6d2/8e/9v//Gx164Kx+f/8Tdv/SX/9YP/E8//d1//Pe97tWvqLvdu3/5Pf/Jf/3j//Mv5b4/+8wTf+jbvuqqc2v9ft3Z68vaM3wxyY0O5MKQS+SbzaYT7weuqBcbEjbTAfR5UPM+4zTSAVMciUKKk5/ykVS3dxzJU+4OFNegQkhAgQ9iKliRwCxpBsYS3wAf6RlmS4ko8SaFFOMAJ/JEoXbzjtXKAsqzW25D0lO0WrEPVylU5EGvofReLgxlvaiWJ+Uh5wFto1zyn7d+6+99+rPfAPOQt6OBR/w8jnuH6BPU+I5od/Sh0atLB7c5NTd7fa59Gj8+3Z+S5FQRnDHG4cXxA0/0r/bYNf2ER+3ncqQPR33dz5uPiXvuVeM73pl+4sdkrfce69JDM4TmE09VnXWphcqgOOsgNA8MGTUF9G7bb3rfEXh1K4zj9ODB5cX9i8vdbsiL3243EX6S8itWVg4xyg3nRvJzlHitGUPE/cAPzmXXd5vt9vT0ZLPdOHboyWuL58w3MJlMJpPJZDKZTCaTyWQymUwmk8lkMplMj1XigFDdP7gE6aUQya4JVPsGNTgpNWn+WTq7fSRBNrxYJSjewYE38racBWejEToyFN6ishr1o7zJPeJaeBOewEVRp44PUhfnNwTECCzja5wNhQSRZ4vSGRwyE2DmXuZG1TdFOAnBTJoduA/FrKNknyQmQWoMUKVoYM4PkmuPcZqGcUxpylXWGEdxOslbOcKmhunAPLZ6DyKIU4qm99Q9ACpPc4TMQCnUVwsMrggn8Z4R4sRj62VQAKMope5Sc48NenElcJHqN4cWGMIMuITXNXADXXPo3/17P/Ef/+f/Q65cn2633/2//47f9nlv/I//i+/78f/5F/7pz//KH/s//wd/8Nu+6g//vq/Z9N3P//Nf//f/yv//Y8+/lK/yK3/Xb/sz/+bvv3V+AtecUbiL+eP1PSvwD78ymAUUMPLgMm1D129y3f0kF9onmEIMaRw3DAJxAg4bORDO1U0TmTskAVYCmT10XejZW4izQ/TW0VxpfSYYFEoJZ+qIHy6X77en7YEfNLnxjK8Q/iJpO5FtivJtz58j3X2kBcA7CStx+kioCRDO6Bh8cq4SMlvrnCouGTKDj8JGywnP2j7xxFu/9RsLc3EjP4+G1Fhtv/IoaI5quo+Hr+1RL4UHd8NlqrkzqBk0+3D58fS+J/rnTtx5ZUHw4R4nx/t58LrqX+3/Df1UaA//Je/Y/+Q/hv2O0cLI6/68QDiXqu8R1BmWEi5uENZvCzmU2HyHYCbourOTs/PT8yfu3CHc7vLy3sXFgweXu91+GIdpYkaLF1/5d0f7xjODVqEg3ir577xvHIeQD8qPFfeWMJm+7zf9dZFaJpPJZDKZTCaTyWQymUwmk8lkMplMJpPpM6BciQaBSXI1UdwRct0ahT5xajqQBDKg6nTxKkj8HUowzVxyLGVILKk6IJYM7OYRuZbIZgtEWDjQGvoR7kTTPvI+cxl0Zj8EkFA/BAFY2PdBiIlUG0zFnyCW/BpFQ6Syjmp0on+0zdlAJa2L4nrpM6IzEyeVs9FEocigwZjClGCKaZjG3RSIO+FUCvmFf2I/FXFjcTCDJdxtrDyKXxXk0wEPIZyPQio8qNWlgC9N2uNy8PJI9kBR4uSQsjgKGWDThEwMnR6pjCpqFRkqlwGtU8O1ugHX8D3/0d/5H3/0p/Ob177q2b/0Z//oG1//XH7/l/7MH/mJn/7Fv/Kf/fcfff7Fv/Ff/4N/8GP/7As+9w0/8hM/l6vV203/Xf/bb/mWr3vHDU/d0BB4dIejvXTeJeaIiDvJVfVh7PqTDXgHQ773Y66v57/YeyRyOAjZwOQv+80GnQ9uYvYrjnEK+zD5qQvyouRvAAAQAElEQVTk4uDZaEi9eBZ3hxkv9JLtxPMW3ewM4lDnJcW+EKvFHBn10sXAIlcOwc0Qwxj9lJ9iyvfpuw68T8VCpd43mrXzuW9wl64aq+bjbDn0ML3l931zf3oKOoNanxK8ys9jRodm2gOWR8E1R81H6+uRc00pvDDdH1KQG8BPfoJi0ZJfQ5w+MXzwzD9xu38Wj5xrhWtd18+D17l/Vxw19/PYueizOz3Fd/7u8R/8UJueo6tIUAip/WegmWB40JGmrzHWJXIY9/mbrvd9f36adX622+13u93lfvcga7fLTwbw1IpJwMZq4zRH5ySOf8s9nMLk9rlfKF3Lj8ZmuwWTyWQymUwmk8lkMplMJpPJZDKZTCaTyfRYRUEHkrrCASBO386F4MqFiCGKuFyU+qR6I9Q9hdyAhiMhyoQPjIRhREnAEbeF1IApladwBS2pP6oXhwfupPIALdyQm2fAwkmRXYu/MLMghd0ov8nH2iZq5MxyC7S9aUI+OJekdreOzxpFkcEiX4lcTw3kcZIruOx4MiYIuZFyEYtAnBbjgBIWJLYm/F+ApfhksV6Oc1628hbNCXJUiPZqeNGwIitvEoA5gwhgHv86bHV/iTRKDOsoTpTKQMulx9kvB47DCddxJ4cRLod68aX7P/ijP513/PJ3vO3P/8k/cHY6F52//Eu/8O1ve+t/+l/+4Pf+j//4gx/5+Ac/8kLe+OY3vvrf/VN/6A2veyVcoxVi8hD05nj/u+1GpiuVx7lE3kWkwnifH6i+o6mQa+Zx5IeAC/rJsc1DAu+86/kuh3ESXCmmMU7T1HmfW+ryX06joBQmqMV5CjqKZfhcnYSCg+lNIRgr5C0ElOTmOy89FPoEeEJMeQe+fXnC9n3un+sozYlQAIfqU1JvnT5VNyBPHgVOuVLbJ5940zf9S3DgBQIP9/NITVpNammVQ0+U1bEryuTwXPfC7sXponE3iSunk/r6ILw0xIvb/XMbd3oTj5Oj511QNM0d+BTHZPtlv3v6qX8MFxdlcS+PrnPRBSEKifJwip6oH4kuGHiAsK3GUDpKqwI9Cn135s+22+2tW+f7Ydzt9xeXDy7uP9jvL8Mk07HO5Ha6Qe2VxJUx2EWnHseJjIRMJpPJZDKZTCaTyWQymUwmk8lkMplMJtNjVa5x8w/HkX/azjk5buFGAAWokCpq8RfR0iSUaqC8RijoA9c6o/zqPeqbKP8pF8LVcICjDhJyLi5qMoSBrnycvQdKIZLJhxhLP9XoRGromhVS2y9F0oqbCGUy/8gfmniRBXKhI0BeL4ANt5Ga8QHKi2CehrJLpiFQMXVKKf81CH1SXFViy1Rwn2K5pkKu1O9ihGPC2gGtcGuqUfmjd453TWqeImhOGYpUAn3Up+TYSXBR+S0jX7gYmQkIQpsI8bMe6gP05DivcAioHCUWnnzi1p/9rj/Qd/5rvuJ3HH57erL5rj/6Ld/we97+t7/3R9//oee/8h2/7Q9+21dt+g6uEV51ykM/B7ymBb/pZJZ6QjxCnijdbgp56PNjRX4MlBEy7neXeVpM49BH1/V9/iqS7w2S0Q1NVr9xG3Y8yXX1PJHCmCiJKjfVd4kSd2Syuvkx4A46Ja3oyQJmTYSPoo0Um+ME+wLlUoASePIZJha5nvC8TuTIE3lSxA30rudnO1QTH42dKg8JfMb03DvenseqdfIo2NfCz0NBrUYNXTEf2+yPrbtJWkNO2MzUxbnux929sBvz88ysSYud6ZHiKlRWE2J6YPrE8P6NOzv1T5748+s9TpaUSfsK7fuKSH0qYwJ5Un3u58d3/Uyl//Qq8nxwLvB0ip7+VejYAsc1eWd1iW6f8Lpizowb70oJU+U+dL3PN/Ts/Oz2dOf+rft78jsZhyE/Hbv9fk90Xj65V/ulsqTDos2YAv1bk9dTg05MJpPJZDKZTCaTyWQymUwmk8lkMplMpsesLpcAvWQpeNkym5QUKEFICyhwhrh0YIObyJtYPEbKhgJqUImbX6PG65STu2VfDsNf2MajICcAM+xQz55KeX3uDO8Uy5ZD7qQSJwvQhLVyAWmMWCpxMpdx60nlM8MCVMfPO05hnKa9bMl/EsYCmqSWU1lYbKwJnNpjOKa0HKpUDWcEGSpmAakxOsCDhmsbWIGS5Q7HT47VGAIFM+FIptImHD9be/TBJrzhjqRv/OrfCdfqrW967V/8P/1heDS1dM0ClJkL9NfKdRpKhbla3/l8c7tcP2eEK4YIm877vuvjNrc1xt3lMOIwbnx++kgEhvAokOVJnoQu/5licPTAhDSmSe6g5/I/JsZONM0oH0N4Fd8Ip1lHgA5kemlIkyerG3ojs8bTm+SRAnw0uIRmrfgO5bkb2FunYC7lkfBljrS80sEo3lTzwoEPIVhe8863f7J+Huujjm5HWF3Kca+RKcUHcX8/7AIHhOVexyZcShaaMUw/d+8XPndzdvvkueJ0Epn0of334cEQL++P3Xn/9Km/c9jPo+eFg4GuPiWofMmnNCbd533B8K6fWa3moMsZdTtMgXx5guRCKaOX3+RZzT4oToyUlJ1T+k8faYFvUJcJnjlRE7/yYX7bbzZPhHArDNN+oP8eXO7u3bu33/HSCWqu1TAsxWqFaRjhpcBkMplMJpPJZDKZTCaTyWQymUwmk8lkMj1W9bmy7F0t/DIXsi4oY2utgFpJrDYAVHvlKJcV/KHECcV/KH0SJMPBtfzKfBIHEklB36disKB+JBoagwsgpkIhaS4cS32zGHzM/XdcpqwfC3qiUUHSJBfA61CIvwimOb0kSS0f5xgZwTqiXl0apzCOE6XqUFDKtIsxcJuJo0oSt0kUiFwbnSY2rAcmOFbIT65uTnVfYWDKpaGgJhLAIsPEb1xlXEpCyhIjoXFbAyl+6YYCDYHhYE7VKd3h752eFloYaKZxWh2AL1cBBzfHFz51LZwaDs89z49m2+o4yA9R0jc0GvnSu/yWoJFIVEcIftP5zWbrve+c211eDvv9bgodMR9p0/eeo0w4Kwc5yaRz4CLmyj4hDrm+PgLkXanM77yQVI6zkDAJPMQ8iYJfABqvI5zUbEkxA0gSpuUwMHfCJfzEAAo3kd9wRlTXdZ57A4UO0fb56cNmNkqb6dFvXKzs1TH57fbZt30+NNTIoZ8HAFzvHdJ6nBwedTBJsbzSUXn8L+P4IO53cVRChcNlpNty4fX9z9x/T5h2P/2B7/89n/PHOn9ax6z1Pgkw3R0/cn964dTfPvN3APsbe5zM/UsV+/qUx6T/7M8eux44aKmQIs2iwAtN4Mmw4vXIMsf7lDov87HgIAU8lMUIhBuRkwmmA5W5w5Rnc+c2kYCs/uw03roV7ty5fXm5u3vv3uWDB5RSNtFUdDVehzmYIhevsIEymUwmk8lkMplMJpPJZDKZTCaTyWQymUyfMTmuKae2+pqg1vJaIxD9Mi2SE9hnhGrdhW9YYyeasFOJE97c8ibVmIN5kYjlfS3/OylpgibtcA5MaqGTWvldIimpQhAIUi1dXAqWP4varCRmLH/zLziNvCnWHnoUJerwz/FjHDkjYj+NY6SQnTFQOEr0HooPAkMn7flmB5a56h4X2RR6V3BR20+YytiXwWLmh3xjnFR+9ei0tG6ZiZNiWcHEgrQzX+qMxDSwi/T7KEcy+xrg0i2meY9zm7AY7eN6HMQJtmNzrCt1yh6lFCrzlMps7pzvKCZnDJywNMRAzg5d58/Ozvt+Q9zJsAtD2IXduB+3m83p6dYx8sNkE5f4kUxkIqflUPF9osJ/T9RKrvdjnlt5f7eYMXPtv3R6MXdmdKx4pTAkg8yypOD8FMZ8GiFPaCqHoC5ILp+MiCRcQQkHuiF3gs1wpqt3e8XbPt/77tE9TqCwF8f3X3IbsOz7zJpcxv0l5WNFmcqI0LibICeFaWtTmH5+95sfHz7xlMP7+7s/+Z6/+SVv/M6zzVPF76S6nuj7PC0u0ifujy9sfL7rZyf+jkMPV3ucLLe+rL4veSa95nXpN99XzgN16Y1LqKh1Z+J3XpxyBGBSGx7yPXHlkPpoNQ9ZEx+WeFrzXGfiKk+zrus3/fnZ+fn5rQeXF5eXuwcXD6Zpyg3k1XWaQh3PSIAUfGaXCpPJZDKZTCaTyWQymUwmk8lkMplMJpPJdI2aWnEJ0JBiNDSkxoI5QKUQGLqAWEwW2n3Y5SFpqk79UXoNBikgAhYnFbY5KeVzxVAStrhEUUypJU642TSTGuUsAgB4p61Ws5MCzOj7BUajGUFpRRfIqVChl8iXmi+PStKB8kmG/X4/jvvIlgG5au0cj0uhVRK5mizqyJDWxMmhpNJdPCYAoOIdroAmUq+tQE25N7GWj+sbp8BQUguZYlUR5/r/ElFp3x7nTZZ7Lm6HfLVyMrkRjgCfeR01OFn93X6RDnbEhrvhrYmcTgjgcgHFQGSSermDvu82/Zlzm+1meLCfRspk2u+HfCe3/YazRxTjSWz/k6vxSaJGyHIi7uNASEvX+Zg6T04kQPMgCW6EXp1x2GyGmAKeOLGYApW+JpkJ1DRbp7hE0EnoPA6BH2xyZyFNw+i8p9N5n5z3rddFnPGiK8bqU9VTb31zISRECz8PhKv8PKAgNqv9sXU3WR1LbBBM+zjt07SL47yXkGgaEVPJucht0uvHxvv/7P6v7sMegJ87dC9ePv+P3v3X3/bab3jtU29Lau+x8DupK+wYd2O8vDd+vPcnHW467H2eBdg77JfXNV8PvHy+LzKG/rPeGD/wfl6gvVyerJNqXyWjIBfPS7lSfjGFcZJvHXFJOkkolanziw40C4z0JyYZVWVxYkwzZ8jkytnp9tatsx1rnMIwDJeXDy4fPBjyGROfOj589TSZTCaTyWQymUwmk8lkMplMJpPJZDKZTJ8BFZZkLh9THRCVVHCzb0IplXLujAZVcOoC+3xwhoh6LlBpUo4J8nVKzU/dtbhIEARUoqWe3Ut9ls+XShHSrdiFq/mH0lEQLkPr40RmIIeRzFYcEUuOzHxRaZnaA1Jrrp2PqNEaQC4HZOISyOmESq/7YX+5G/ZcPOXBSxNlR5BXQJodTWrlvFiRLPxEyviAHKXmMdC6vFCbjgeEA3V0aGT8otZzpbcR9Ypa5wtCerjUjA03oeNdRs2pGcFitFNaFncP8Iw0j8xMqOBsq3HsqAO1NznBZ0hXGpxc21tsjtX3hWdypcVO5h/NiBDDhPkZGUOcYhhC6DtPf/xJ323HcRp2uym/jiHFoe+9z/dMbqfk51BAFXD8DuYHKrG3zjRN9HT54MmKhFAQj8XoRpCCZjjjDGLMG4tjT5lkdMmClPSBoZPcGoEnZObDridTiN4R5pJPJxPvgCcAfJkhgNNnnmqcOQBv5ucxpLBBn475f+RNY5roNS9Z+TFNFGA0JhrWMh6MlqkryexxouyIfpsKcYI/f/G+9+0+lErCDqKXcRjD+K73/cCH7777i173zZ07WbaDy1caxjHskvr58wAAEABJREFUJtw3niieGBS38bjp3Sa32LutMHQvm8dJfX32GZo+DgslV/rmHC3lBbUpK7POIse+LzHKdOSe8VTs+44AlL7rul6vzqnfVGW7ZJHhda0kEJWLEY4xPzF5ed5sNn3f5+bHcbh16+zi4sHFxcU4Bp77kR8Bi9cxmUwmk8lkMplMJpPJZDKZTCaTyWQymR6zUnH2gNmpofnNuVSxxSShBHRE/il9dU5IxUpB6oiBDBkCeYG0cSyo5UWniTCgJiSLMnVqauJS6ZS6ZKzbW1JCOnYQUMOlzVIQV+hE6JP5bFgZGmkFoY0FSmLKUsxOiuuJoiiBv4icG0S4yRQoVWcc9iFMjBi4MiSp8B6pwU3a60Mdv+YClIMpwI3T3unXlKbCG8W6BXmv3IrjnJzCDilbkBrEhYu/OBsmHFA784YDt5J0YwAklZc0X8osPL4/f3XMTQQ+A+jJERwGH8U8YYniYFOWB+gCkSKeXGh8yjV9Yk7CxA9KdDQ3PH0N2JMTj6c5tB/2uZCey+3kY0P/eyZKHJmYUH2fngcKMXE8RYO4DEVPFih5iifHgTtJjE+AySR+UoUi44fLFSuL4tcxXwfyg90R7NAHoPQSjy7mP85HJQsiIy8Emnm2PBG1dIv6ZLx86Mn5K59NV7ibXOPn8dHpwexTMh9VDioPx5LPKF+zrwkWdxPK05ndTeQv8TiBj48XP3vvV/dxpyMK4v8R50UmwQdf/NWP3///vvW5L3vTM++oXjit30nBg2auRW5ZIhRmN4adnLiQawprzJ3GZuQRX3nylqvGBJYeJ60zCj7xJLefF5fKwfGMYvBEXHIAgjY5nzPQxGKYryxbeYYkXgc5cKfvOtczfUYzmW1QvJhNcdpYWSBm7oSJO16wfbkjshb3fe97v+n709PTMa+445T/7HdDXnrBZDKZTCaTyWQymUwmk8lkMplMJpPJZDI9bqkvRbOlKYmWHVLdMxX+gjeyF4M6BIiFCNemBZsQ9EMK07lo7UCJEylUOxA7DE15EQIDF7xBKoXhJRbA3hr8hWSJpFK61T67JTrjtCt6GmyusZTg6wlTnK+tlq1TubxcAqUQjlxknWLgSJ1LCkcJYy7F80moOMv114hl6PiUR+CGVF5gPfx6BGEHIOXo2STAMWviIr1hewUiWhJH55Teatn4KMiBXNVmnCWuvissUel2WkyGG6j1s7kRqtIWsK/a4WXDF647SX37sLNdkxaEa1Km2w+jp7Ab6Dddrpjnv8M0BKJKpn0INK4bjkYC1208ZfGA2w+7icwbQp6yPpFbTR7U3nHKDieQ+HzbPT1jED3QnjQrp/y85Wo/0SHgPU243Kxnqw962NSBhkebyaNCURU6gpqmic/Ti0mmSFgTZ+74iekWOgv7SwD7FxGDQkANMQSCElTXoGL48fLcuJOn7sAj+nnoZIYjPiXSscjbY/UUKcfGxt0kLl1JytmFR8GPDnffs/vw8/sXEOsKEvXCfTWbEUQk7cPuFz7wI7/2sZ/+otd987O339R4meAx15OkLiDcT1cIFektaP/b/Ws7jiiZ68bkmMcJb3W3zyN7TFG+EN/EUCyPSI4XWmFQklgwkfIyzxZSGHBeKuh7DmbKs8VNI+IEBTrpezI/4QiesjozlUX0nlyLcCfsDSR2MrLiqhlWSr7rb/X5OXJhCvnhytNwMOjEZDKZTCaTyWQymUwmk8lkMplMJpPJZPotIFRfEJeWKAbAgs9QuwP+cXvBMpA35Xo0FRml5JrrjWyFUC1GtOidS9NSnPRYc240dUFqxPIGG2sPKkuGdW/TzLfMfZthBwT5LT02ko9JXQaS7lmIkIagKYYD7enUwSXxAHC1PeQrncZpHMZ9/iumkXI2FBCQuj4WjgfbQZ4vAFx9N4+yvtXf/Ms75GAgsWnhqmwecTqY0RMepyiMQIIDvwlQ8wC1q0E4AlU4wFqoRvVz0fPWXtUpIZ2+Js+iwgbpeuTkUXiEj73w4pve8Cr49Oj5F17Sd9cwErj466odZuDG6ZvuIkQmQOImpp4tHpzr/da72OWHZA9xHMdtnq9Mkzjfue2mY7MI8tJgriTlCTeGySFH9ZAtSjkjuaMwbsRICA04H5Cfl+TYRIUgCCc5KQx55a/I76Tc2EqKgUzDmCrlpasA/5c/eJyfdue8ECd5R/6b6Bb62HUyRVt+Sp+n4vJT7T+g+fqhOnnqSVg6nQBc53FS6Apgy4zqWUIHRZ7ZMamLkczT4v9B3h6g7iaSnpPkSRCSI4G6m7x/eOHXLj98b7pf1w4AWL5G4AVS+6zUCDwY7v+TX/svn7n12jc/+85X3nkLLv1OUqEu1MqE/U7qsXpHJNlHw7HUHQRKO2m5BBwbk3kMm5Hkr89ulfeOIT12ytH9BSbKi36nUToQhMyTrsbUhITp3EEnyyHtNYpbVQyO/lWY/XHIKscX75M6Atp5LFBRSl3Xybqbpz+POPsCsYNK3+c/HZhMJpPJZDKZTCaTyWQymUwmk8lkMplMpseqUvcs7xHbenClF6S8KAktUX/rjlR9pByOXD2fsoAhFKnPCicBxTND6phcBNX2pUStP3hvXTo0G2ddk25K2Fp3XoANWiJNFTLhUmZFUlYIhXQAarxDtQhA+am/lmlnPwUuJVO2zhSm/e4yxilwWEq+fHTJ58MS+0FgcgpvyEXPx0MleGrURyn8Cjyio6M9VUcKxwYD2CAr4kaBpdKb1C+mXJzssmaG+ErmInM7qqtBrNYyS5on6QCDeMuklh4o1fu6I7EPizuIFSGCR9Y//Mmff8fv+Dz49OhHf+oXGgecpY6yJivypDWwmaeVbu8egO+ADENCxClX7fNE8UDsVeemXJEPDIWk2OXP+VmKXE/vNp2XexXILyKMU95vojye3tPM6ThZic9KRiRJBzof4ulhFMsNToDKc5I4FS7w8/R27HoiNAOIRw43o7dbQlLyPE9OZqReGjNcQjYQcsCOGonDdmhBiIEgBHJGIW7GU/zTwnRIDVDm0SljJUOuHMSstLoR/dkp3NjjpLp6tD4iUbmT6llS+IuFU0gsVAfMxxKQpT4ouzD82v6jH9w/v5t2mrxTyJWkYEhN5HINI0JBSDNRkdLzFx94/v5/c7q59ao7b371k1/w9NnrxaGkvB71PmmvZf0tLP1RDscErvU4UZ1sp+JfwrwIFpcTcOpKxecSfDBFYVHQEQ4i/idQD9AVyjnJkSoMXeLAJqZHdCkigqnrtttNv+nlgRHXHPmXg+ZRhBo/lqdxRJ6HZEgj89WtHkaTyWQymUwmk8lkMplMJpPJZDKZTCaTyfRYJMU7qlqykUUs2TQg3gCs/G2uiQf+5bpUFyNtoaozsRdUHY+SueOotp6rkb4BR/Qn68CeJ2w4IqeoLEXdTaqoUHgK/ZE+qi+IFtdlI7AlQamopiS4hp40YcU4QHevexYrDiiWKaC2BlSGjUrdKAlSMQ32giDSZNjtLxk6iWwOIUV+sjnJgxhRU0uCwDRSNa24i5AaqUAacmLUYyhbpTFoyIPkUB1NuCtRPSoKPpPU5MA11EP1XVCMRbmfBNWNAGcsAmC+Nzq8JSokATSwTtN+FYe9wGxwwKOgN6Z84fAIZHK0THwtiYI/9CM/84bXvep/8y1fifhyFpnzlf6dH/iJH/pHP9tOkgWqM2NKD2tLd3Az48PqLlzXedchmZEM+TOXzT2RRFETpjjHROikMuA+/0dZSYkjdWhqYJrCOOWnLG36HhzRJfqAAvK8AYlFcjJzEsU7xSgsR0xkRpLETALE/UImoeZYxcoo1TwptQQpV+LQ62USUiIUFLEm5Mgi3kf0kZJ+XIyOjSsU/ZKTzvzKEWIH19zTkbFNN/Y4qYwFFqOSmnoD9bWeFKHwKMXjBFCfeyZIXpjuf3S8++J47154sAs7aHxNKsBV/JFifeyUepmBJNe4kjgBbS6H+7/+/M/lP73vn7n1+mdvv+m5Jz7vpLsltIp6nED1PpEgLqwsS/kWdDmG2R/lcEzgWo+TqpRmpxa6f4oIks9SvUx2MOGViZY74kLy7a4mUfSPRAgCJKYCmVUnJayrBU1JJZbG/TANo+87MafKrVEQ1ab3zrcLEJ2wdJNBxZolpq5WJpPJZDKZTCaTyWQymUwmk8lkMplMJpPpMQsT/8DchdCYCKQZGZHSssbrMGAgMTOBfA7kS25GGtNfrQNqvTK68jt2nPmP+Sw1AUf74rB12uBabsRquAFu2bdU0kJmbxUscvoVVrblGLgg7Em1OtHWGo8T7gFloQy7/W7Y76TOXkwZEhxFKxoflrQcmVSYAXE1qRevBWXgbhOUkJxeSvG2qLun0vrNvEOaevQjqET8YDrIyilhIOVjgZO04o51AG4EiuBx7kTr1ll/9W9+39/9ez/+2W98zXbTN18u9lx8Xg8LNgNFOw/D+Gvv+/DHXrh7xYE3H6yW+ZEWsL7p7vkul9M9xA1ATyYl4NLkI3SJHVCASS7OHuHoHMrZ0aknrBLhG11+NmM/5QI9GQpNIfjoS6ndoTxRKLM/n0otL4SLIAsSzXzK+3vH7YHOL6fPjEtKb9Ft1FiYqrTwPZIb4iiFKyFnZEEqq0Igg6CCHUQ+ARm7lKQrgAou6Bjh0ofjShV+4iEeJ7Dy85AkmhQbZ6TKr4j3yexxkve8P+0u0/gg7O7H/b3p4jIOF9Ml+XQIjxJTcTeRNqHwYlEujF+Kn0q5/dX+o5B04oai9InsP4bxw3d/7UMvvgfe/8O3T5568uzVT5w898TZq7fdrfPt0yu/E03tudoTRZODbuZxIu4jzdxFuZm6LvFK4zzxSmU5pWsh4gh8UvijLg7CkCSNHIrSDTZNyUfMy1WFVyhsTWZLXlXDNEaxM+n8NG5C2HZd54lbdGXhTmUAC6qna2I6XJtMJpPJZDKZTCaTyWQymUwmk8lkMplMJtNnWGyCwD8+L+CF/OhdYnEASmE5ib8B+5vkWnkg64VQDBVAq97yA3icwQ/gIrd+llQNhNn7o0ZeFEBhhkta1b5AglLZFDqgmKW4kv6A86l4B5ghgGoHsnptT8M/1JfTqbECD800Tvv9/nIYdlyW5YI2JJjjeaSiq1dTXAZWwrTEE7iCXIqwBQvRUCBlZSAXfZGLr9BUtB8Kc+jANwBEuUKAh/lKtJExOFM7sBoobQ0rNNCEJKXkCjCkTT0M4Gi/T20vQN8+/8JL+U+zYYVCHLRXKJOm65iaI+DgiNp0wof3VO9Ws+fhmHf3c/GcZ+MGYJugg9TjpoPYA7mRdGTPkwKnLeWZ2zFT4DFNNHx84wXbYvugfOQ0jmM+JBCH4iQrhwJ0vJMWEhaLCZk/NE1jkqcr+simEy565+lv5NiYXObHJk+rXBLqAFS8S+copNa1BBM/6LFFEtj+iKmTJKk+YlkhS8Pi5oDiJzdipm7gcbLy84DiVlKP+v6X3lWv5bY/y4dNEC6my0qN6bcVZ0tCbzb1sxsAABAASURBVKiFT5y5k9kRpJrDyLF1HxQupyHldMYqNSJuJep6kgoSdm/34r3dJ34TfglaXo2/vHXy5MafpOKYksqd/pzXfM0rbr0ppYUzyg09ThKsliP6Z0BYGVn95VyR7zCUFZxWKPRiqiMdR4pbi3TFtAonGqnQRO3E+RSVOJGxrRYpkekeZlBi/mdlHEbfdZvtxnvf9R3/qyLkC5msENHEQJGc16ATk8lkMplMJpPJZDKZTCaTyWQymUwmk+mxC6szgpROBSMQjqIUIAMwk0L1ZE7SyG+oxMr4BUBJ4Sh/HF7NRFQPDPlQd1NCoOAkFUaBxf4oP85P7SFQvR5Kg64mOVTWQuNlIDVZEFf0EApQobuFOI3Dfj9cDsMljQSVgUOpaAvb0DTVlJpTM8IVgUkN81DBBXadUMcXTHI5Tr1Q9PbwTVFDmbU3DDQnqte7YiDgGM9Td1s00mA6iwMPToTQgB2z94rKLVtr9z+mZT/bM2M9lhr7qi/77c8+fWe+lGPDcHwjvzz/wt0f/Se/cPjNtWTMUa7lYCfXVvDpfXfpsCPjnjQmHDB1EbYIG+wmok+SD/TKgED0eU7lA8iEA3rOICn8CE3mPBeIDgE/TkNUE48oyIgPgUJvBFBCwUWEHpj9MPKmkNijiNETz/YVtJ9TIoEBiNhgHcevtTpqtNYhEqajmTuRTVMoa0stTyLRCeidT8XRKO8bOaEl6e172LgqWTLPnId4nDR+Huorkha8SN5yd7xfZ+ycvyOIRfEyOTyKU4fEraRsYbeSwprIPhG8UCZOfFbqWta86gNTuDO9U5DKtczfqrvH/d1LKb04P2WltXF6kFZ+JzfwOGk074kUBdULeEdfxJAbZCeSoJ2B6JSIQ9Q8qLL2MUDDS/+GZkGe2SEKwUf+K/mrNK+8BKKw2MdEUSQnjBTDjSEMONKS6/qOuJMu/+nzK9Jbz3eAcR9BT8BkMplMJpPJZDKZTCaTyWQymUwmk8lkMj1uYSw/QU8Ux5EgcGiCQiesxIk6E7mbxFq25Np24oq3VEqrzYjiDq5BB3DOkcGSR7GuGCYNo9Azln2aOmqBM/SH+8WEA9Wv5doKZII2MSdVkxKpYueqZ+MvIBcpJVAqf+53e/I4CRxPMkELmjReDWox0JbH22GWGnCNupGNsxuMBJ6gvJfh4CGkWjJXZznYBFNbf58dTJa15EPiRLpzLfax1k1cKFwzFrOHTbk1V/qJXHOGA9wEmsZ+5xd/7v/13/5D8Knp4nL/0z/3K1BGL63P1Y7SNUyOfg8HPEo9phvJr4T5DnYcCRCnFEeADWD+02Mu7Pv80HnwZHzCE5FnHnbEoohDEKWTRPDOd87nqn8u2BP3lJ9EIEeJ1OVZisnTo+h678uDqBOcXYfEq0MeaJh4BjEoQqYRybveofpppMUgpCsGoDyiFTzSrZFntvPspRLCNE15z/yqA0BQghPPE6UVCiEhlIM0J74sK6jqkTxOsOxfkmyKm0j7toHPdGR4mxxX06uaZaIshVGQt4SNuwk0q5W2Iw4uRJOoo0l9IJVlqXAaQuN6MrMmaj+DJScICrC22CIrA+p22b/hSOAKj5PFWNZOpOTzHNM1Ow/Chq1cBkp04uwkXv4w315Hd9iJqxUTfon/IUiy3rPLEUYg5MiJ/QodPA93DFGcb/JrbjvNaTnISOM0MbCSZ05+L996itvxZ+dnsD0h/5zyL4csiGAymUwmk8lkMplMJpPJZDKZTCaTyWQymR6rqDossRIz7UEvEjQDxZskSm5GCFTtTXPJeTZ4wEX4hroHFKsFrLYe8lo21j2rUq2OanPyuf6Gv3ibgIOGrljVqVfUxVw7rp4uNUaDYZDyG3w6SxTLBvY4meI4DLtx3IcwUkmfav6xnCSW0Iza9bkHSWCMQtDMo5OazxwC4xjbqX9SVPok1eyRlW3JigI4tg3gSisXbCxkjmI6CgNdTfAUawRsPiaNgoE2RKWFY2p1e90UQHNT5/1LZ5aQx6/++gd/9hfe8+SdW20j6Ugt/crOv3Tv4lff+6G573gUxFkNzI3sOOZjKnSS26UCOmMEuW7vHXgukpNxEPqAVD/3yXVA7hgxTy7iUYJEsOTtHlKlCyKBUQ43GwwhP5pEcgSu7OdZGIXpAnJM8QoryHMZ0ySeFOWhIq5sohbIJYXsSQgHQDGQAOcFUdEbkrSgv3qGFXNobwBTLUQN0CMCznl0wTsfQkj5D4qDhfhkYB6QjqGFQmgk7xoPlWuhqJt7nKjTyewCQj4lrbuJnLu4m7TOJdi6m6inCDm4lJVJQ8gWLinSfvFBSXVil7O7ZfvFh0abX7meJCxfpLQkUeS6yj7N6+x0cu2YlFFsVqy6/wsff+H09LTfbLbbLQeuAeUngffd1vm86I35Y6qRRZTbpME5eWfJUpK1lWeHp+WZJ4NG4BRLEpoG3I6McNd15ZmRmZB36/L15d0YOglitpVX4QnHvArnvuUeitWKJ/7FzS2YTCaTyWQymUwmk8lkMplMJpPJZDKZTKbHJ06NASEHACqXESuiEbm+XexPYsUOWjcTxT5o7wBc0QYt0S7IDz0oKbCRpErr1CQDcUlLoBS0sS18i00AwoybLK9FEQ2pcadWCA1xkvSKuZNiWEBZGZBCDNM45BrnOA0hTsO4yyVQxFwCnRgFaXuYrvADkW45LVULBVCLvlSeplqtI8gkylggIQnUvPpAsGmBYycRKuJjMdUQtgDiUfRk1QM42AWXX6V0cFy6EthoiaIV0eKg3g3XbI43QDWgmDrUxtffpebjiy/d/3P//l9La7oD532Wh2tv12eEKzmSFWyCB3f3KPHTAlWNajk832Tyf4h6CxQFyMPjI3bB5cnXJbE5kUAW8CW5hI7izCrQ1Kg8KYRZcLlCn4+nHJM8XyNDYYm4lXwL8tzqqB7vKbcHNLQK+AEGpwBK4LgsZAcSmn0gBhWC+bgWdFIMo7nlsUymgomsaS+iSjrfk0/QOIQpn4m306nzU5QXE+IF0FV0zcnZOa1GLU/g2N2ZKQqotMRVfh5isiEJOHLJceZOEszuJinNziVERSBUF6RKmSSYvUySEiTqksJ7Rv1LvpVlTOgQqI+zbJldTwpfAo27STF6gnbmFdeTSqWALoKK3RXUoz5KV46JjuLive7/vt/4zX67uXV+/tSTT53fuuUiESF5Fe97z4vtJo9MvpnSecKJEsfcyF1xkTkiur/ei6ON41U1Ii9ozdpBxjz6T0xkd5xUoEIxPHGev47ElEwTn0hixVJeifMfMdMh45+u23R9t+nBZDKZTCaTyWQymUwmk8lkMplMJpPJZDI9VpXcgyT5M1JHDnEiR4YQc9WPQg9iKmSGFEw58IWKxiBwCWqoh2ZYrIrGxx015srq0fq/0ipS6218NSSZwa3ab+mTFYmS5hwNhBqdoXYjxdAFU5QyaAzjkP/b7YchhJEr+UScFPsDGgmH2Jp0lDep8flIs7tANZHhPtFwUbyJ/Fafo04YT+EjXe0/99EtQIYml6c1KgCN+0B4mB3H6usFN5KuOxgRl3tDO9Qwu3wUzmZuf4ZJ9Ptr+ra6uPnvRYIR1Ep5c0zZcXHkwQ7NaQ42pwObnOYruKLHtcHj19XRfELJTUKyzqE0EJmAdKdDws5RYEvPrFNMoZMZT04RRIt4jVeivZ3GtCSylUDGHCJ7imCA6DgHKg5hIMRhCrkq33ddlKME0CK0yWHkBmiqCxBEXQn5AZhi8mpZgXrJOkyp3MN6p4sVh1yjUhcCPegzkdSSJF/Axm3d1E2ck1JGKtDqEibvvJyDGiDmRSC1wk9Aapt9FI8T6YN6ljDLUuiTAnwdupswHlG3pNbXhJ2d6NvCrKi7iV6qupssCRXquit9KCTdyvVk4YMSZ68XvTi5OsFIWiolNvRJrAk+tQW4zuNEb1nLmtTX3T6veOPuwe7uS3e325PbZ2fnt26dn533JxuBTzYb7DofKf+GzLHYDApi8X2hFY1Dd8iwxHs+Oc8+F9u5wixigf5cctwEwIwKClSY22OCzUVFHRMzQ92YzzxOdLOmCHmZdvs8b14HJpPJZDKZTCaTyWQymUwmk8lkMplMJpPpcaqmk2AxAuFKH70PgUp8ipuo0QiDEWqJIoVBh21jjYcEXlOSrzVvOSymFuPg6uRcx51NTWa8ZIGV1C2pwVOqqYkULqGpZZeDyOKFS+SRf7ZP4UFTyKXXYb/f57J4jBNFdFAySiTfDldNAxDa/mKa3RXKtUmdFIsdhAyY4+GS8nqBERxXZ125Dxr3IsYQ4hrBfVj7E6zuHcDDkJPjd6Dp9eH2dkupCLfb0yIjqRmDVFwXbtqPQzQEjnRk9kuApVGJ1uoBHgqOHBqcYAOyLK8P4SH9BLh+1LsyQ8oZkBKZdGwizym6sZSp5HmKJQ1lirlo71N0BGMIcUL5O/SG8QOu4wsok9UBR6EkzBPUMxQ1UgJUoOacl2MlSSdxfNQSUGKAIQhOlnLL0XM6jjJZ1XZjpqmgglszXdQ8dfPol4vu+o5wl0gmIkCXHIPcLErqAqYSUvtIpyb8SfgMmMmjG3mc1G4BZ2WV94qbgcaGLdxNGoxE7oDOZSwcCREnczt6An6NM8jGXkpChCgXAsqaVOqqbsHKlADgwr9EN0HNG8IC58hsmbfMR0HjdHLNmOhYLsdQXiN75Ex52ZvCfj/uL/cXF7uzs/ubk+1m0+WbuN3225Ot913X5SnSU/wNB67lIyf22klhEnSrcyjZNwokzou1+spAQamYv0p1HVO+hN97lIweJ1OUluowkCNOcoHPLct6PLg8k8lkMplMJpPJZDKZTCaTyWQymUwmk8n0GZekJEDNPAiToBiQi4lBkndKtkvhPmib2igs28I5TCEt6AgBLJZl5WVBNDW9mHeRH77zF1hQFeCf1s++INBABjPIUgrBpZSZJLtm7jKZF+SCe0hc/w9UyySXExJF6kQuDhN0QtVjrs/rMMTlNUPb1zWBA4W7kd/9e/YvcTKQKXGuSL0oqNYSdAiVs522no7xEvT1y1BzvYabOEr2ANXtF6RBLd/LLak34GiL8JB+4NGD0vylMjCpMjrLo9ZTUnc/ZliCxzCWA9YEr4hQmvfGY+fleB2nCBJocIrMA3bGUBZh4iGNCB1BJgHUGINSSJBDeTwjKTx5ucUCF+izJL3wlMHjkyfHi8nRVGbTntwmnY4yS9h6guCUcHgJnL1DsSf0HLg8K1O91VjAh1Rnm1IU6fBWpUKjtIEqNN3JtyKVwK2UL0MtVsg2iLGOQL1iC6N6a2pqzI08Ttpe6LfidELv+XXhZRLLnrO7SfUyYY4El/vEuk/xSqksC5QEn+qSIu4mja9Jyc0p9Ela+6DEhFf6oKC6niR1PUH1QQKlT+ZzYZSeXzEmy/frkWxnb25tHPJqeO/B5YXrKM6m6/x2u7l96/zk7HSzPdmSTmKcmOlLHf2TMQWC9hjbi3mRQxn3AAAQAElEQVRa09X1PotmsKtEEUrejswMst0BHnOx35kJwTIH5C/+FLebE47voegzN45jmnjKGnViMplMJpPJZDKZTCaTyWQymUwmk8lkMj1mxTRnq+SSX67mSY5OriHmuiNtZUDCO6Yl2NekVg1ZqX4oxVguVbsjzgU36M6cf1N+zi+1d3ELWdicELHBnaMCPsysyvyG24tLF4xU43Xox/O58h24cDrlC5/yy5SrrfvAeSBOfoSv15iqsYc2lxbN1u4Xwkb7LrugECc8KI4rxU4uKDFnwgOcQH+3r/kZTWvHhulgy41Gd33E2jTk2M1qx7yYmpQ0jLpPnQVJW0xz2FCdMHi8E/BQEgVa6KbFhq7DTdodViAKVo5kYcyTDg8sn47ebFD+A46qA7XfkR1nGCJyfoj4YgiDlG/+xDTKhA5iiMRpBKewDEMqkNi1REr1VGyPTCfI/ZMnVAw78lGRGAuOzUkCTsXooKPpnB/jOfFFeqmzVdCTFMh4xEl6FlEi/DI/ycI3CFtFFEwCxbg0GSYVJIvzpegR8on/kuAVfov00OVO0dM2ymGaokKMgnpj1HM1ZAnA1R4nh/dcA7G4O5G4kzRzIdBQbXULe5lAk5JT+Y/Z3CRWW46FuwmDNP5zn/icL37yC956/vonP//PvP/iV3/tpV/6X57/sfffe0+qmUFKjYhDiWscSviq9G43137E9UQda9QWSdaQSucgXjMmy8mMdWmTEU6cvAQywQhNijgxkTcmHg2CSD7xQn96dnb7zu0nnnji/NatvuvIjoQvgR1P4hTiMO7knxBZWn0HLiLfWCFPsP4LUZ4fWSy4A4vbMkMnzOXQUsmLqN8413WdDxOfyKATk8lkMplMJpPJZDKZTCaTyWQymUwmk+kxS301JGcjF/LCRBEYkEZK1gHfeeYkvPMlLqHhSNz8E3kp6kL5UArVMJfla+W60hvX9EoqkRLD0BIPVYS/UAiPkwJ09W9IRVidIDRSZIYKGO+Q0IzA5fuJRcTJOO6GccjjQJE3iKUan4rxQe1dOjqMc+e1t5o95Ll27/ijS8qTeGknUWSEjEguuVPWR6rMQ7qCaKDMHdQ39cLLmWfDlXq4uMQoGdD2smStpFL5rvXqhNI4Ju+6sr9GXTjnodrPCNWTsEICpXk8CmncFI65HjeBFcJyMJuuxk3qm3TQkhhHHDYEawoF2im9fD+rQ/AMeHBhPOmkybV4J2Ml9EkgswZP1AKNIZmAeBfIbaTzkHITY8qV/ZgwdgnVLoUySdDz3KTMHVDcIzi+NQ5715F3SAxU+YcwpNCRrQhNrylGj/XpAmHIADT2JDc8iXeF88I4UFHfJY+MDIjXSe6q68pDzIk9PARsJcI90MuP0jDK6STBJ4+Id+L5kVzX9Z7P2+VHL7HfSf4jlEtzkx7icdI8i+0+5G4S1U2EyS72IxEvk4Y+AajfQutcgu0WZcCudDeJ73z2d/2+V3/t1m3qvX/d+Vvyn9/zmm/92O4Df/uXv+dD99+HCweU6msSAY6wJml2SYHidyLTM9ZpXft2yOjAWmt3k8OR5ISx+gzTmkTrI3leJU4kYh8estAJu93+Ey+8mG/TM08/dXbr1vaEjE9ya3n5zGfadNveb6Y4Br6bkiNF05y5In5IhGea/6Xgzjh5iHzXMSQVeYrImktpUXnuihOK6zzHP4EPod8E5SJNJpPJZDKZTCaTyWQymUwmk8lkMplMJtNjVK4GulxPzGXC6fJyJzVV9iKQAjGREgR3cESG/Ji+BQf0h+uFI1E+xOHSGYJKnPVH6VfgJrrR0a/nNVVHfnVfoZPF3kx0MB4DnFOTKJqEyqOlMk81Sw5tAE7ZAPZ60BJzkhyIXPucpnGa9oybDNM0THGgn/xTMTwXXLVO7JbxE1T6bExIqDRfzkkjlMeNCB3lP/TH+mIJQUCBV/6Di8jcUu76PFq+4UjKuCikssyrQam3i13C4l5wr5kScNWGBpOmWUgcRzuMbZNHVdKXoFwxeW+oC4RaNAidszi+BVBgEZTxEBUwZoGMLCfA8j0eawIOL2cGTlb9KjsfOwUebIEDvEjfe1iqUypAyuo4I0CUKlO6mKdmKLOpBLrQE+ejhvI4vnfiG5OPmeTusvOHZ7oiH+Wptk+GKESFxQ4ZEyH8I7+L+cEjCxP2r2CMhAeCiC0FtmZISiaH3FiBsggioQcxkseEcwcDhMWEJDFxAosWoXVUKRAVx+jwRfqyQ+LncJKEqyzvPdQuLYkTOPA4SQddkg8EOyhxojvKAlRQjTQ/UkKVwYIpgdneJDV2J427SZQlz/2rb/iOL3vqi+AKPXvy2j/xRd/zt375//nuT7xrpkNAGS+KPGpdT+R98TVRYgZ0rYC6v3IqxRVGZ1d5PaI6MkdGEmQ80UEh18S5hCcU6HLOvjb5IIrR2Uc/5n8Z3AeH/XZ7cnK6vXP7ibPz8+3JdrPdSp9D3NDCGkYkgCRU0DD/M8PcD01AAvHyckgBPPoA6E70L46jkYiYqjEV+QBFCWrCAnl1LDCZTCaTyWQymUwmk8lkMplMJpPJZDKZTI9ViaI4Uq4PDmw3IDVLl8t+rrXnmCv26RicoD9hlw/8FpV+KNRDu3PNcDlsSRGW+dvqcZIWXEttWSrHSSAV+YF8bQyTWIJoh6SYSykQVA8NnPAR+MKHEPbidJIwzgeXi42ShNIowhHxCKB4T2hxtGAfnAQEjO7obrXSD5+k6vEIxdmkjZ2RzBUoY6TDCHBg13GTDhzdp50IeHib642DmwlXncPmL1xsKh9KYslBK8f2LQ1hu215SPmQ5hbwsOGGnoBjHZ7VQfHHqNyQmlU0KEaQ2B0y4WDgiPCR1CUXHQQ2w3H0SlYoIe+cMNC3eUsKvNEzcOLFTAR5q3gDATsUdWRa4ZNPIR8X8twPhZugaUqYS+J5yWRB8ccRIyEQgw+EKLE4KDjXbGiDM2WT2gcSDu7IOogqNZ5F5Yze+xBCPm9g74o024ocd+ZY0hXtXOQ91SMk6ulr92R7FBAotifCpd/J0t0kzvvE0jJvetOdN19DnIg2bvudb/2uv/zP/p2L/UuNK4nOidbXBMRhpfFBWe2vGTryPKd6pfPrNWMCV/vE8N10xIcwn6eNM4hTcTG+3RzBRHtR96aQdrv9vXvupRfv+r7bbDYUu3N+fnp+7okm6fq+J/4kr7F5tY0iwv0C2fDE/K9L3sF3nrFG7DovsBGbUCmnRxYs+cRYwK1mTeGcqNR5DyaTyWQymUwmk8lkMplMJpPJZDKZTCaT6bGKUhDiNJDPR35LVUv6BTpLuIlU0YGF20dqtyAWUuRqyOCqqvRKBxQBSqoPNgk7bZtJ02/Y14QzHGAJiDj1cNDicqQiaL7UMZfxpylf+H6a9vljiCPHcdSrwOu6uLwUrtBLrZ/oEnaYEIMYoVBA7GEcllLqfHXrtm84Siu5hQlFQ+0soIjjfjHwsgghpSP3Dh7CnRz7sqU9cN6tpYmarxZNHWAouGhh0SZgk7CzPOMhjrKGS7Btfp4zC3W1Si6TUmeVxj4pblEMKsj4QYYwP4MBmTVJxJ0wHUIePR6wIzQFJ+JZCEno+KI6nmLKiaAacTDc5CMEx8k4NEVDno3k3sPARJR4GE9BKujZFEXCe7gBDDE6ZQ8SW63Q0xWESmG+wVM7BLbUkZSvBKCpo1JmAAAsjHoUiCo0CmEHHcqiwxkukzAKKV3ncQJw7PYonlDZkaiv1ack6itDC9W5BHQdkTZ456TWTGLCAQhpgcLw22991dfADXS7f+odr/r6H33ff1umQZuGUx6ewpoIXiGmHyvXk5K5k9pFuXFPWY3DckzKGEJD7ZQrTJvNZhxHCJD/OahEXKRpksoNFnrPsbdOVvSOQb98yG4IF5d5DXrpxXv9tj+/dX7r1u3bd85PT06IKPG97zYMtETfha6j+zvu9vnzOIz53xyaoDx5HVtRCXRC2KP3kaygkiJ1zJfILYhkxZLE7QpMJpPJZDKZTCaTyWQymUwmk8lkMplMJtNj1cgOH+MUGMhIAnnk4q9UAKGtppe4kFo+LiVRlhqKzK4OTQn3iBXCukh/LbKw2llam0vAbMYQOMahtqZhH650iw4JXNEeY+S/47jf72IcQpzEuSBXSKMWhakOHo/xHy24ULkBqaI7reCj5xqqixwVtBZCGbQjRh2flHBFT5RbsCJK6ogtr8bBJ3HGo7QKzgYwvvSACQSsQ1V6eLRRXLVWuIXFpsO3i9mx2nnVCB4e0G5d/Q9wnG5Z9/EqqqZT2KiG1pCLDpZoncLocFYR7+lyXT8JZZWcZ0eUXNd3nBLjmABIHDvSkQkKFeMDsuUJ25Z4ckCRkBiFKTilihN4JMxJDo1Rcnt4SMjuJ6mlj6Y0OSHNwAmUQDNYH7OaraR3dQbP5stPCxsYWM3xYlXUDF8xTdFkH9ehUDKcwxI4EOcmHicHr+pxogk7dbxbL5Oo4E3Ch7qb6D6x7iN+J686e+0bzl4DN9M7n/vGH3nff1s8SypHEnWLE7BFVgdXo31g4Xri5v1nqgZkOyy5rKtG5sDpRMfz/NbticDD/K/ByNljQZN9Cqs3k206UzAqEiSTgDCnMS+qkHIrL929u/lYT+DJ+enZ2el2u83/pnSd33b95Kf8bsMYChursHdKDMM4Fi6Q4pa6ntLQtG05gbg6MYvEbF91wTGZTCaTyWQymUwmk8lkMplMJpPJZDKZTI9TwzhQrTBXYNnbQHATgEew3KgIRQM/aKhImsu517aWrmyZzEIa04T1cQTKROZg0tpJofz0X6vEQMjJOA1spJDLq/thII8TcpNIARQJgOqMEa/pMM59RpjNHjridCQOBZ3YT6yupmxIbROfnI4dWofIHRurw03HL/FTruKiuF0sNwEcsiZXIB1rJ5hDGKX5/ircpB683qEeok0vHCLw2o4dStu4CjpZX7ErLEEqoAV/Ag1iCsSdCEFAfIkXVsQxkMAcFduU0GSnHJoYJ0ie4ZKO5yvl8iD5ozAgkjR0KSmB5dg7ouc2YwrsC+RSDGMi3sw7eQJSnr4cC8RhOmRCkoQ7yN0KFUkjHq2YB0G1PDqcTQ4bCEUJnfp+RnIKfSLOFR477ydakjw92zfyOKmvla6AJj2ngeVSqpZH1cvkIe4msUA5BberDX/O7c+GG+uJzSuePXvd85cfEPyucCeudT2RkVQAqCIdauDjlD4pWFxxOpmBoWNOJ2vupI5h+5p1dnIWNych0hI5DsODy8s8+ONEiyavrQFDlNAwQpkcZeHENJUINNARcezkBG4ap93l/uLiouv789PT0/Pzk5MTSt7ZbonL8113QpdDaEuIvDTnGz7J+BNv5GhZ7/qOU31ovgHORkWp/IOgGJDJZDKZTCaTyWQymUwmk8lkMplMJpPJZHqsGscpyu/kc/26puqwEcAqtEUlcQ/V5QAbIwOsUEUTSHFgh3CkyWMnkbO7Blhoi63VGQyuGQAAEABJREFU5kRPUUM9ZPc09yJBDJTFkEucRJyEOI5hHAm12VFOA9tzIP1sX9JFXLxhDBCzFajQAbmbEGvCwSY+cQm/DI76wdTBWXhjfArcydyT0nJxplk40LQ6MDo5sJt5OYRKILW90i+Wfy+OWRM6i88prbGStAZKGreXypW0SMISN1ntWfCRedtRqucGW2Z1bCOjzBV7mCQUtiPKnKM+O9/JqXU6o1OzHUYJPHvRUIhJCvnBhCgWHUSWsAkKYSIhF+8pZCf1RE9R2o7P555BgOolQg4iMXr2r8gl/5AnbMwdpESVKYYUeTo7Yipcj05XAQIJuJ3AITjclYmSVijDJwKtEV69N+oNQLXQSZBWYBMRE1G8NcQMJ3FIT52v9amWlUiPuM7jpH1/4OSRipdJARR0S1T/Ehmi4+4mMdajoKbw4NzD/P6V26fhUfT0yXPP7z5YkJKEddxSTc+BQp+kla+JmFDNCTsyMoJioD7JsfqjPMTdBCoSWPvW99t8t0MIfdfH7Vm/OZmmYbfb7Yd9Xiw57CjmqcLrcp43IBlQcqxMZ/qf5lP+OIlLCiMl436cNheXXUdhUPn/81u3nn3mmTtP3CEWCn3I3Q4jum677QPxJhOlO1ECWsx/8twi9AQ3+Q2whU9UYyd6i85f/++KyWQymUwmk8lkMplMJpPJZDKZTCaTyWT6DIjCDVLMBeWu6/tuM1fmj7plOMfGDOJKgK6Wtrl6GaVQC/PHxbFXYBDt1uJ3IAk1c0/Y8gGxQDA1H2MGGrBiC9ICl+qp1j+FSLX4iGHM/8Vpv7+cplGzeDh7pPYgJqZFbiDpEkqnmD9Btn7gN/O1aGJGLf7zL/aT1r5R/SsOWn7o2WdbBFau1bZ4kJSkr2hneTq6kQcmNOnY6ZazotIth3sefz/DHwe9Wm3AozsdORaPt4kNpNTs8Ci4yeGJjwlX3x6ORrfcWzgMESrrRLYZTKNwjowDCYRR+wsOyomJOSYnMUjOySwjJoL8S5Inc4nkaT8xRyG/E88oQgAQHIQ5A2rSR+10Ei+chD4fTQdQewGCpksxokWGRwj1gZN7KMdHEAMiZmnoDxlf4HyZdQ4df+DT6ot0fGihAiHXeZy0w4tLT5TcTXqk5YLkecSyVs2WM627SdLrVHcTIk4SzPurPUq7z6NJCRJXEraSPE2tX0jhUThhh31NoIXIig+KLAH8FOoANJwXXj0ms7PLajwTsyNqauPd2fn5OPT5n4ST6WQcKYBtt9sHWjfzRMnzJnGmU3tlTl5TavxH0Mlczi2PQ4h5giXYDcPFxYOzs1MK3dlsz26db7YbfgRiXh87t3G59dhFcuMJeTOde5j6vmebHjLpyQ13nctbGMQBk8lkMplMJpPJZDKZTCaTyWQymUwmk8n0eJVLe977vu981yVICA8p4+FBdb2iEyt8BB6qFe2QZpbFOyfvG75h5iNSdVDRE2H9KMQJ1n6xWwEVMNOUq5f7PUXqUN2UasbRYbxRPw9GAMTdxDFxwgVhCYBYjMBynGrczqf+4/w5maV8PLQ2OWp2Usezbmg3Hnx7RG2zq1NIE3BwV1enO5hfuPr7mPD4JzyCm8Ahj4JwBW6CcLSlsmFN6BzpwPqbVl35khATBaJ0hujzUix61GsjIug0h0J7CNshJBe/I/wkF/yp/I6ccoMuoqAqeS57jD6l/BwHQk9izzV/zxBSKv4WyKyUo2QeOp4cKHKN303T5BI5m2BAsS1Bbj63X1yECtcg08/JQygQDSbnCpGi/Za5UdGEmURoRgDaPQ7HOjUxXc23ayePQz+PqB4hqc5p4rxg4W5S/E6Ku0n1QTmyz6KFuuWjlx+DR9ELu4+oT0nxLOGoHu4zVhBl5X0ifie05+KK9LpQ9mdcjq766PgceJzA0hFFXGFKig/FMBHjlPp8T/1ms83LZQzhcvtg2DN6wqxfS7rxrU9L5AUkXInHyUmaEE3bPA/GMOzv3b93v+t8XulPT0/Oz27dvnPr/PxW33W0E8WUbfJhhAXGOI67cZwm8kAZeGlPHPjk80xlVy4HJpPJZDKZTCaTyWQymUwmk8lkMplMJpPpsYpsRbx3nKqDCa/fdW16oXYdrFoJPTDPqEEzAAurDPm5/RpzKHEgrXuHVlqTOnNUp5NyRC2l1sAYSguRWJIAYYpkbTKM+2HcSfhDrppyk4uTuxtUMKV+j4zF5NJ/B3NYjkOtrabZvaC5LDlULE8q43BVDs7DldrconUjZcCXWxNcgbx86hxMaWh1tsaIBuCokchNWJN0sDMittQNFAgHVzzKegway5Mj5Akc6w0e23wj6qSDK6QIFYtcIAgXALlM52l+UBVfLYNkEhMDkB9O9hWhYBonQ4CEiREhgMlFnCB5CvCJHZ2bKvxTih6gZ5akd2R0IjgBCurBLEAHnWPjCsqfClNuMABQxgkxFsnHmL928nSxcYhj/w32ZCFuheY0AgejtM84vfOuXihSnA4dndRihaOpcGlzdNUsvMLjpL4e8fNoWJOCxBWWROmd2FqXpMqjyPOpk1dxFD0cF5Fe9Obd934F4JvgZnpp/MTzuw8rfiE9hLXriS6vCZotwtywicjseuKUOwF9xfK6GpN2ZKBhTWCxn5gvJab91Kokt9R3m4ATQzkU1uS7btqOpyfDsJ+GYRinIYrfTmJcivOYQpykXSwWWDRbPMYGFuRVGkNegAdqfLcbXnzx7ub5/vadJ564fef87KTrOqYg+/wmz6subXMz4zjlFZenP/VzCjBMU98DRzCZTCaTyWQymUwmk8lkMplMJpPJZDKZTKbHqVzd81weFpZibZhxUJwvZVn9IC+1HHuVW8bCEqOalMTUfpu3+4KboBRDNURCQ0ki5fc0Rd9FyAtqpVhqqtwLYk3SNMVpmPbDOO6GHXkBoCYK0UUv/BaOdPvoVSCni+QasMdcsnc6TFgurdSUAdvrdXRWjoaoTRVo55PjTrB2mI1WFjcOGx5lfVCr1IZyNO02d/Ao1HLYcoJDwqW1orm6D0eEV2+Wzug9Xu1eJsIhTrI8Co+eBw/f49JQZt0qwPX3jaCTMkd5wzF2IjWePUAgVYmDQfY94clfDCu4vC+4AUXnuEguJkSjROalkMwhoqd5FiMET+2gjyDBT3krx/EQdOLYfYJNUJLMZkAPnux68rFjDCEfMhFUkB+WnoERjs/JO1U3n9IrmXipBbhkSruQeyH4zJIVwgXyg81gQOuiA0fmWTokKmDpcaLciaTqxNiQHHWFatxNyMukdTeJMsxLdxNsHVA0PIZvwvvvvu+9F+9/4/nr4Ab6Jx/9+0mmFPs5aWvQup4QMVT6I5zdzE7VfaD1QWG7GVe2VLbj+JjA2jNm4Q0To3N0k+sdACFdkphBYdf13vlNvzk5SUNeTYf95XA5TWGaJhAAMI+Sut0kV8LR5GBa0HUZyV0NytTQbp2gguM4vfTii/dfeqnz/vTs5PT0LL+cnJ04Qvv8Zrvpuo6jfTAk+otRG9zvB2/UiclkMplMJpPJZDKZTCaTyWQymUwmk8n0uNX1HbLJBwI+Ev1QSp8zBXJzFw3Z363Sc4ACE6jK6L2UpclMBKTsScRJ0rdzgbsSJ1LTTGpMQHtNcRrH/cDcCf82f5Df4SeKbciFXQJPXCklO7UhgYWDxrFrwQKdeA6hUN+CWpFeXmTzvnnlwi4q8AGftBY4SK1Ps65peXE7xE5hFZezhGAOOSQo4Eapm68bP6SOcPYdufJqrvqi4CwKjkALQsHsd4GtJQmuuZICCx2eDY93Aw8PPyo81oiq08l9xUGVyVFGCOSNU0MfrspHPb0QYamOraM5TtBTvlceEupTxBwV0yW8LeRpHgUbAIzsfeJSQIgd2aW4nuexZKDQEgA8penM+TmJAV1+gvKh+QGiHCoUiwp+VBii4i5BcUdSKqPee4r+KX4qUEw4KmDV5njV8algwtXwGi5fj3icwGxskpakSGq9THT/yEMak2Ad0HifQLkNcmxscnagECp5w/f+5vd/9+f9m/Aw3Rtf/Mcf/EG5uVidTkqSjoxoefYcaDJX2UcfUyVRYOFxUjie8nrtmMChZ0xSQgUeXF5uOGON03V4XhTuhNdTud35O9956Lt+3Gw203YY2fRkmtjqhsTmJzHp3GiJo7I6CMgiU4NMfQRQoW5QhE4IubHLy+Fud3d7st1sttst/7/Z0Knzv1XJyWmo2zFP0wgmk8lkMplMJpPJZDKZTCaTyWQymUwmk+mxynNahivYRyuph7ZcwpG65VHhgks4Ri1AjcRBlaNqORMnxJpErRq3p4ulV2mZ8lMq2vpL/kg/vA9UDx33I0Mn4zTkaqb2KFLZMxfP8z5p2Z/G2GJxkVoNlz8ca+KUO2EPCWozytdsApNwzThw30sGBleEy3CntN7xhpoxi2M8hzgWlAK/3MQk0EL9vjl8vkHFSWHR2BXQCVQG4tr+Ix5hPW6otMRflu3OXzQf8RgvshyiNeywfI/QoidHJu7hxysuq8NS7292iFh5KeAvMVamBZXRiKAZOPQh8GaHGvqCnv4OMXHGjZPp7tiBxJNPCVAYDt/wGKAjoCRwMAxOVOens3v0gS1SCElBx449qeOzO8lVgZ4cK3yM/SY/OfQc5cbU9CNfFbXYhbyTK7gMZatAFMKmviI/Y6AxWYxuVMcRxlZQ/Tei5GlBscCAchNwSW3hDTxO1MlD1o4oRkmEmOHsbiL+JSt3k7hyN2k9UVC3RCYpFu2k97z07u//wA9/82u/Dq7WEIf/37v/w33c8zVJf1zpVaVPZp8oybhpWJOWUInLfQDmo+S5vcrjZObecIZ+6ojhvbt3JdTm5PS07zpZiIUaKpNV6aH8Vddht9n40W+2J3ntm6a8wo4hhMvLS4JQxjy/Qj6ce6UQoK7xzsk0SXM4mONxTeSzo249MI17GOHBfk9dovPlSd098fQrzs/O5P7mHuYW9+OE7uGJaCaTyWQymUwmk8lkMplMJpPJZDKZTCaT6dMqV60yRAlTKfp6KnezRULdIwokUZkD+Xv+mOQH96hwCs7VyqQOFVKeljIrlas1kcFRgINXVgKIkEiJa+vkSaINUzGbfkdP5Umnlgu0cy5bStmYAkQApxCHadiPQ4hhCuOY34RJDDLEfIH7EiUApxgBBK0oV98BUDeEiiEgf3TCANDeEaL2Cn11/ZARoSpr/TG/jgPOKA6oPQpRKA6XBilpjuoB0PGQxrHiL66yP6l6RjT3gt0JJG+Fz1juSwFO1CsB5dIcavWfjQwgj5kniKDcU5CbJf1O1Q5nLnPzaIonjUZ4FJ5i9r14ZNpEPBHKh6WJS/keZgeSBVlywKmU7jwMN8Gjm498hCv73KoTLkL4IrHQwMamJWEEdbhgjkGbSIXcgMpC1TwrzlOBULoagKEO4iDQ58cK1eEisHkJVfETcSSJno98IN2uLvlUZne55+yGQtFWtNmz6xE/lA7y3s53XWVCZkIAABAASURBVJ8fp5CmIUbHT9ImP3EIUwwd56bkZ5TzuSgbBunJJIoglY5j0k4K7eFWvjpyk5qbk46PKS5fr/LzmI9WLqQ4i8zuJo2XSVmait+JjrF6okTdEqHO5Ci3rLZD+/zA+77vpfHuv/bG74BjenF4/j9793/wkQe/OVM0zIuUV6yuJ8KL1C2FyoPqeiK3S98rwyYmOFC9T+BKj5N5HFPTlVRGcgoEjtBiOQxd15HLSE+hNnSHeTUIIcg45DeVIKHT0hTxfejz9u1mm5fdYU+apkkC0XLTvDM67xucbUYFaTEGtfgpz6mcMZ9rnLiD+VxjiHf7bT7Xdrs9Oz8lHqXrD4E4k8lkMplMJpPJZDKZTCaTyWQymUwmk8n0GVbjcoFLZEDlAK/JjQEtv15R+0Opk4r1QpQf9M9pIlrPJK8VCnTgdA9sSILKLaRSDIa5SM27CrJSOBkyhojTGMYhV1AjxT5MuVxO1dLIIRGoGSH1DPxT/DIOSSwPCqgRlwQDnUpSJzCSxwnOo5A0voNbLNVet3J5KW9aj5ZEkSYw2xCU69av5agw80CK9CjrgqmMReI0FUFeXPFqCGWsSgRSoDiKWrbHxgOkvmdQJar7TO1Peeuq5wtXgdMyiEc6mBSYSVovL+/gIVq2sxqz9Y7YHIENj3CAm8AKW3g03GT9JABc43Ry2NducV+1wl42YEnVYcMS2ZbS3EqSp7EEv0TQ3fO9F9qK3SM4Z6fMf8UXeDo4nvIhJu8wRIrgYbsULxMkArEnAQlb6cg0AwJZTdBkjPw0anQOuJ6Zg3yzA/lZTPk1hWmQ1jxNxPzI5nnVxXwewlx49hFiQh0PMi0D+1kkVBJinhhlIGBOnNHxcdB6KzWUCVzpcTJ/B5W6YF+QqHjUyt1E6a6Sm6PuJny0upvobcgtxFhnsm4vtMpZf/7Fr3j7b9z/9b/wT/9vX/mq3/O6s9e8/tZrnuqffP/Fez+2+/B777/7Zz76D0OaZCEEWVNSJe4Q5r5hWnqW1Ne6J7RuKHwbFftCmQVOfVnWY4L82GMZn5UrTB1PmlFxpEUz3+5pGsfNpt9sKHCHYpdQHahKzll5Qug2kalJ/i/SqrgNJ+Es7Pf7y8sHjJ6QA0rMyyqTKiFGPayoPj+pAclSpYISBlTPn93l/sHFZe5K7ta9e33X+ZPTs+12AyaTyWQymUwmk8lkMplMJpPJZDKZTCaT6bEKS8m75Kos6ol1r7lGvEJOrmq2uhhcLacZMISeCH9C1U0uPUdiJNhKgKuPkauQUQAGJ91OgoEA1yulljzFaT8Nu2E/hmEKuUY+RkJdImgtMxUzksKaqN0D96bCEVLw5PIuF9HBSQ8LloGSRYRYzRGAg01AnE8QS7tSYU61utogClDfrkZTwkiwZNxgRWz0GlC7qgk9BSgpySAMI+h5CQmgHbSBeSiqvU0heOrNIgBIU4wEAyJxzoZ4KoipCXEw4nRQu127UC9PeaArrSuuEGLjhbD4JrWbsPZ9tSsefLoON8HmdFdRKKuvjjV1/KK66vlTuIpSXodiM0GfMDXHzyBPcX3Q21nOE7UNwj6QzFLEfodntLhdsFkG0r1PHAFFmVWO9qdDAodCEYMSY5fSiKlPyTva3tEhkG/1JuWuCx1FNjw9dN65CZ3HjqxOxjHGKYYYA7EMLmE+PLp8IArRkk/tk9h1kAkRJpk5jCS4eR2Ra0zVsUM2lgUDj91DuM7jBGDt58FuRHNKTmoe15qko54l1d2k4U4UI8tPDRaaqrikwFl//s5XvvPtT//2N916fd7nXS/8/F//53/1+9/7vfn902dPDtMHKzj1Va/5l7/kFV/xkcsPfPjy/T/3/E8+f/mhSpCA+pqAunw0rieFJjl0PUHQzB1gWCiV5UYdUI6NiVoh4TztEszRRTOrg2IVlZeQGHe7HdEnu52wJvl1s930pK65Na7ig0nuXZ5anevyXpvNZnuy3+/4D7mfCGRYxlNcZBIv9zJPJMMIUZAfXjxQPWbkgeGvElmyjGH3YL/Pi093/8HJdgsmk8lkMplMJpPJZDKZTCaTyWQymUwmk+mxSoCIVFw0jjIlKaWH0gKHh5Tf5PPHsrUWT1sLEA70cLKNfkqfEle19Rf1UWkR8YRoqtL6jgusSAERl9MwjPthGnJlMn9MEASyKDXXhltgUASqtYIWafPJQ9vbxPE3DiQHR4gYV3aPM7dSBk0+FDxDw2hwrrALqjIPO+B6tHPJ1+HKYmNuPcHMJHCmUIwluCVJabowCnJDo4a6zHki0q7wKDCX3eutJ75HLiEQpZDrxC6fRDAbsYihc7qGiVnmpRQUZj4h1pfjc6gcfg3zIQYy8+5KlmjzuGgHV6fCQ0YEYI1UXXHq0vVHnv2sLuEcL8RVcy7pq90FgnpmuJXLi9yNGKspjeSngE4fhRKYKuK5VZNlhMlSfIPDsSg3h7iQiFFyoTAm5xPkP67Lz0fsQEwz8qxPE2KXXEezI+S51TFxQpY2nDqV2/LowXcRuximEcX4hOefhOdwnz1CR34q0XOaD4YkuUsEpoDYHFU2QjxO3JQ4B4gYiiRIhYPG1OjhHie4SNURNEe9Q+bX1t1EHUGKuwn7nbReJvJcF2cRUHcT4Vc613/7G7/9q1/5u9t79vanv+hDb/iW7/+N/66xACFTkBN/+juf+cpnt6965cmr3/bU7/z613z7r9z9xR/54P/wa3f/OVCvXPFNwUKiiLtJXT2h9N+1bihQJgDoyFU3l4XHyWpMDj1Oks6uwrClCrjQBUwhpGmSJzw//5eXl9vt5uT0pKfYHY8UaqZ4muQQ8WTkLDRe5TebTd91Z2eneUHe7XeU3BMmMqBKVXkMJsKnOHnHOaX5FEpipkaedKGCeOY4ypFSPAiZZpnAZDKZTCaTyWQymUwmk8lkMplMJpPJZDI9fml1N2n0zLIKXk0sys5wMzWuDTO1UpETymSggqOjX9ILcUI1ceIoplzVDlzQZuKEDnPFkIP/8wXaiPx9cmmMYZcrkMNuII8Tgk5CLmjST+XF7yBibBgOKjenUl1t7V3qz/+ry4jasTiUdBCqxEcdKsFIpErcFnmrJYFTBgMQlwEuM2eA69tAthRzAonWg2FVRQYBO6gnMbrSjdqp4hrR9mjOESq+JvV9muMuBIrA2fikECRQq+JX3n2suANeRS8dOxYXV7ZsXtwgZp5kHjbExfbVsev98eDurPY8OPXyKTi8v8v3x8eki7V+Xmkkduhh7gjl3jYclDIoSQORoHqCYLFJUUcQ+p+MRYqdhTScJOyGLzeVe0xcQmRgiBN2HNEj5HeSKAqHopviRF+5KUVPDAp0DskQh4mq3M1eHjziSpxE/njHyAr2O8zP2wCMHkyMZHQ8dZnL4jd5JilCww4t9NQSqSBPFE8pLxckfi2Be84QS3XiSfBwj5PFPCtwjpIiy9eZFUsQq7uJuG4U1KQQJ8Jeze4mtP20O/+uz/8Tz548fW+6uN2dt+f95td9w1c8986/8FN/7kufeef7L37xQw9+40ue+Yqvec033+meaHd7650vzH9+5vkf++/f+zeGuIOSRFS8PPR5Aw3VkdnhJEOn+KAwlqO3uLqhgDqgFHzucExgZk3qSM7jmQBmbmUG8xRfi4wi5XV5mKYN4SSbrutoUnlfFwuoTExZ+l3eCX3X+c3JdmTt9ruBnHJ4ZQ+B889yq3kBp4wejLH0mOGq4ilVBgjkgcn/ZOS3kYORYj3EZDKZTCaTyWQymUwmk8lkMplMJpPJZDI9JuGNIBK84v1DWtbi5dIpQtEKp0yGR7X2IN6BiRPiTfTX81ojFqcLZMcEx61Jsotj7mSKcSDi5DK/TnHKxcwQJ7YGKFV9AFiSIVq2TkE/zoQEulL+R2j8VIpi2TUVh4Xq7SGdknqpBI2IR4BkT0jJuGapFEQDDiXQiAwAkyVcc061/g4SBxJLN7hXsRbfm4oxtFeX6hUpB9Hk/hTVqjHOhefkkK1esI2imZ1s1pYnZTSwDMT66qCalCyEC8ajHYoFoFOmygEXggfvyg5p2WxLnKT1qVcfjnSp/VQxm6PqIhtFEDBV4CO9qjznlZZAnlGhNKfWQJHdN4T1cfUropicdDuV1hQjKLRBkNQSccAAjoeiYB0KMZk4yIfsT+jbXKvPfaDIm4kAFHIoyZV8Qk9CDAjBUZRJgJQfRZ/IXUIjpSIZ/bjcUJef327j+hDGKeXnLQThE5z20hG/QiY5fO3suKOmPEihPJoeE+UeoSwGhT7JT3A12IDrPE7KCLZMinxbPE7qN4deJglmEkVdRhb76LfCr+Q2N377Z9723a/cPvt/eddf/Fde/82/+9l3rO73qT/J+3/Da77un33izt//wEe+/bP+tcM58fz+Ixu3/Z3PfOWb73z+X/vl7/n47iNQvEyE9qIHuTJGxbWocT1JjYMLj0l5Dp34ncxjUrxkjnmcHI7nPKMXRFbLWqWQByivs2Fy+10+Xd9TkE7+38mKngpkR+sFLxzMLSF6zuXZhmnqun4/DMLH5TlD1NJ+n9frvH6NYSoLLl0/TSKHJWFN/jGhc+SXKPAWssuLu+m/RiaTyWQymUwmk8lkMplMJpPJZDKZTCaT6dOkJgGk/ki+gTOq3UJDZqzsLq7aro1zYItUzbWUXESZNc5VuCEQOhGVOKGir/zCnnbAyL+cz5VI8lygUivFdTiyK5imaQjjbtgN4z4QcTJGCm2I7CQhhhERV9elH5J2vq2s8iW4FsUo8ExSd5S5FJvUjSIIPyOGFJy+o9VXsSCBBuNwOAvEqWU9YilBaiIoQGJW0uzqoCYiSWvFIWlhuhxe7QaW0S1qjHAIEDV3zXkPHDBUyscKBSy6x7YL2LgM1PsuaES5ofUcTjEdbIe/6VXpyHwWWJ4W556uv1o1gov956YWu+mGNXGynr24OkU6sv26knfXzTk5qLgIMSh0g5RW4g4rCFD4mHJ3Y3sO8bdI8y2Ri9NHiqa48gY6n5k9ST7R7GBuSU5E54s8C0MUACU6mkHo860nxyC2m0jEnUwIuf+blBtJ+U3+1qPQR5pR06HrticxbfIDOMRhmsYx/x9jbsJ7R8QJsj8KdZee4TxbJqZb9KGibkSelESlxObZiEyWcccTXOdxonexJVPqcDbECUDxNZmJk2pvVHGzuNqnec///R8+74+/cvts3nGL28uwO7zfd8d7efcTf/Lcyavv0/sj+qmP/dh5f+urn/umpzbP/Buf+6f/yi/+e/vpgQQKgTqayGOqOJOSJYy4Fe4EqutJeU5LYhG2Y4JHxkR7cWw86/yDxqKqFRbOKdIaPaU0jEPX9V3nRQSgdB1SVA5HNskCRLeWHEmQvzjZUjqPLCIhhPw+/xmncRh20xTUNIpOkf8xCCMxW/UfCMhLE8NUyRUvpmNmSiaTyWQymUwmk8lkMplMJpPJZDKZTCaT6TMtrTCmWp6vRIWUbrUCKz8pV5ZhkMJiAAAQAElEQVTimHCdjFJYidR4TaB6GujrDChIIZ4KkblIT69aDKbgBUU/EDtybmATB4ZQ8h5kaTKOY9hTpM40pjRF8TgpGThMgUi5NtWKqtOT1uSIBTaxvjCN+sCklgoJK65SC9KpXB1WNxHFSiq3IeiKa4gTKNYV0HAYWu+GQg6kCsdASbnBmGZeIs08zTHiB+eLyh8dagdoo3PaYGEA5Naic+11y9xYsSkNFKOOJpKzUavVjvwIipPKfJ/XGMdSc9W7RWUaEwY8+La2g/N2PA6FrIgTWPEueOSQZsPi67T69sh5Sd1tTqoJPG+CggOYZCag0FSJmSzGUhQuUdZkvp+oThV1lkGdXDNU4ApZ4nTeM3Ig2EVkRigVcx9gGxLnxAxDbFHo+A587pFPxHxMEMeYnzfMj1SfGw0Ei/SJck168ibSCe3R0TFuk4/JM2Ac98MwkG0FYQNxQgrc8ZyW40GtLwhB4GcYmQRhpCCimABhUseThGwzEqM+CMc9TmBNnLS+HZGPio3riZhmrP1OBCNr3U1i425S9/n6z/qmz7vzVrkh2+7kcnwAB7o73LvV3c5vnjt9TV4KPrr/8Cu3r1rt87777/ltT79d3j+zfe5ff8uf+mv/4v8BQhTpKiXLcbk+1FQrhlKq8wrWK6oeJ/JaT3QwYjN3cmw71OCwq0CONEff6PPPaOA4TROZ3nR9CPn2Tb5jeS9cYSGmSByj5sT/Ji/xeS/HqEpuYd/1wzgE5k7oKhz/SzBNunQztYbslJPfx6jOQK4sVSaTyWQymUwmk8lkMplMJpPJZDKZTCaT6XGqlC+r6sfquXEExVg0cAWJ0piIKIVRnE7kTeKt4msiP33PEo8TaHgJCVzwWCgIicuANMWwH4ddrnTHXPrcx0gpH0lwE/4j5hI1hyPBlT+MT+kIeqIEBqoNADauCFIxVx8TaC8fW0GFUWazjQV0IrXmCrGUIBJyeEjs81CYk7VBgzoCVCOD5S3CAhDpSfivSpxUyEIBkZlukH6mFpcpXzg5n86Hppa8GsAKS0hFGDVepulH0815/NebcblLm5O0bAJxtdtyDJZD0LawQlWW7w4OW2xoXvD4gazuKZfL5mS7MySYElJsDdXuHf9hKxI2dYDKECFUmEDYC74MxIKGpTIDWruTpvflvmOxtSjTJRZuKBSSQlJcsHAsHiQSKu+AgWJMUu8xUPBPnMiPCHyCIcUeIKDryBaFY6gY4MqTuOs2YneR34zTkB/jMeQvY5cPZPSkc0SoCDjAj2PERE5HBL6kxCYWwBxZkoQgvR69zOMeJ9CwTEs/j+puoh4e1bmkQU0SVFos1edMJ7SQaAqtpXR7+8S3v/5frgO9dZvLcHl4v++N9877W/nNmT/f+tNP7F84hE4upnu3uifqx7fc+fyveNU3/fiHfzAVvqShiRriBKB1PRFGsD6lSV8Xa0C9t82YyEjiciQXj0kZSCyxTnEe7NSsfjo72ZBKIEGyPwkSlKTzYLPp+660Iyud3Hx55aVHSUJCVPrO51WcPFQCxfjkbXnBl38aIM3EWYraJZ7D4fp/mUwmk8lkMplMJpPJZDKZTCaTyWQymUwm0+OQ8gRwgGKwUt3nGol7gFSM2WADV8SJY5uTWMAFZk0gSrCOnKDCGVFK8TBHinAFNZc4KVVn3O+m/UQl7lysDlImXvcX9bf9UmtddF0/pcawIrpa91WHEKrZsnFCKXGL40AdKCqec94Mm4PI1UnhtsIbqzyYhvIRLxmIhQ2IUd0vUvU8qR4XamlCdEBqK+9SrFasIIF6PegwuiVoMRMnBbtotpD0Gtr69cygpMLZLMxOnJqm1FErrQlxMguvpH7W/McxKOSQAMGjh+tNa/Y7aKHhaeBI03hkgl9R3r7mSeiexCnfyBHSHnAAGBHGhAFyqZy8GgK5+MxV/WoaU5+wkoXEtEHBI3IV3qv3TA1Fqd2TLBudJvJewDFXHT2I/EhlTiiK4sh/hUCLfO+9g8Ct5h52+Y/rXAyeoJPkI13LCHELKDSBAwJQOko+oZ533vXdtps2wzgMRBCMQyA0oYPQOdc7n+dJr/YU6tLDAAJ5ZpA3DhMo/MQrkcCXfeDJAXp9eMzjpGbrIDt/VPsdtZBJM97VupvoltwDrPcj8oNF337bG76tva+n/uRyOgqd3L3F0EnWK05e/cLw/OE+l+HB7f6Jdss3vu73v+vjP/lgvMdndKC+LNC6nkhvC2+nyUFCmYjTSao3++oxOeoZU7tRJt7Mw0F5DlK12CmUmeBR0BxAizil4WAIMI60cRw2/Waz8Z20J/k7jJeo1ZUu/TEQ2NflCeL6DTWy2+/HaaRkJucCYSjEtNAy69bPcWLqBUwmk8lkMplMJpPJZDKZTCaTyWQymUwm02NXyXPQ3/pzXbGWF3GOl7m5xMREjpVYGSo114IjgBZHG4MTUMsT0KIi7ZyP5RK7FBwjOTJQGTrvJ8TJPgz7aZ8P59wOreHPdMCqMt2gJeW6BX3RwArqHEedFGKC2yheL4yXOKmW19Ks5oFIY+gqMlDAC1yxCtUYBJrGo1IFtDEIfVL3nH1oDsCIcqb8tvNOzpXox/8SUVL7kVxBa8Ro4MDgpPgbqKHLvE8zUA3JgeVqC2tSqRRsxkIL09LkzEFcAWksz3YENMH13vVM7TbQC217vmoBj6An7R7rbcc73FqcXHFJ0D3hiLkYAIY8X/OtdS6X40eACdyYgMKg8h/nx2LCwWFSAatnyXw5qd5R+cw4RJpxoTK/xcyCIacovBIWRAi1IbHT4SMLRcWoExMn1AgxVLniH9lxKBDT4PIz2LFtSQyRN8a8Z5d3i9ED9uh6l/dBT/E7FNJzsu26LozTOIxjDNMUJ3btmVwE9NBxqk6Eme0S4Ewmk5Pn3iFzXWuPk/Ze1acbDv08hNiY6bk4B9bI9sbLJK3SdqCyKfQYPrl9+sue/dL21Fu/3R1zOrk73L3V35b3z5w8+4n9C4f7XEz36z6iHvt/6TXf8n2/8bd5MSJ8rfAl1fWkoUOUDHHigFI8TsqXxWjoYEwAZqeTox4ncjjMc24eBqz2StD8e7CiPZSXErJJxjbtpzCNzkO5rQyhbJxXFWKGOJvIq4mjyUOapp6OnYL3LgR1UokxrrtrwInJZDKZTCaTyWQymUwmk8lkMplMJpPJ9FtAx34rjrCu581swY1+Wp5mNAGgWGegZi+0VgyNX0ap/rIcB9ug8ipUn5QCbODy8TgNl+OOoJNpP4wDm21oxERx44hNY1CdIho53oEtA2pXGpZA/DygNsI9DAQOCAuD86A0yEXBTbR823iEtKFFcq1QuZuC+tTsnHkU5xEtfgOObU5qs6DxQyV8CCRTCJ3arShroH1ddglKEXvmSGg7ea3M9wgBGrMDsU4pt2YxebBwO4W+wRloaRmNlZawyILxOORFmnMtth8bMVgTJ8cPWbSMyy0H/V0hKIeHteq2GJiTgg06ytbBOEaYACeAAXCIMMa4IwwDphiDUiQli8hhVEMLHcUkeTwEYrjIZjauzFRoYIFK+GC9u0r+MHoy8wMKIIitBrlGcGiLYxcMl6JDjsAB9jhJuTMYydSE8JAxpY7OH32kzveY+rzFIcXucF4KASjEoOTHvZ+mfRgdxCnwJB/y8Q57itKJHfcxQhQ4RpOl8veFSSkURU2EkSs74nECSyeP4nESi8cJFqeX2JAo4iASS+KQuJtUQEe5k6993det7uupP3lp/+Lh/b433KtOJ8+evvojDz602oFQFcQ7S6eTrHc++1V///1/dx8uJW0LZ4+TiHOqjqJFretJs8A1nM2h78tyC66TxqRtpyvFkRUey9SSD6uHQPPFhJurliT5fQhTIk8fWblhDNNuv+u6frvdEn2SL5bXX17BnF4XpK7f+K7304RuknU8UuZOnkfDFMPynysHJpPJZDKZTCaTyWQymUwmk8lkMplMJpPpt4bS0ntDyrUlISaJnYYItUrdhu80XIEUicuP8AG0oNh6nHCghuZm6I/Y+XN+Rd6BoAUyXuA/VChPCpTkwn1KI6V27HfTMHCwDkESmBoXCMEzYrEr4K6nUkMuP+EveyNUWIUvjmvsanxSf1iPsCjvctG/RU4Es+ALrNgIKnUCUgHXZhjoKP4KtMnNyE3FZKj3VFZOpTgO2N4gvh0FbJnNRbgxEAcT+r+UiPmvWJxNUr0pcjGFaQA5cjbYiNrjWO681KobaAWxXma978zEoHRDrjdRXlEzkI2wuROldn2w42HSDTYECx620+x38G55CCzfzd/Cw3GTm6jLU8jnCUWYSAjs59Dnd9hNkLbg8usAeUvaOw7f4WkRaLa4WJyHyu2QKeNK12anoKjlfrp1CLgehwV3Be1MrlY49emVSJcAimJQDBDPiY6dURKfLH830WNM4TvkgAKO01PoCZ1i8hA6YlAw/8lvPOJm03vngveRLU9yqyPhNRgiQSq5yXx4INKF/U6CAlQELoDAJrOHyzxRGu4ElsQJzFxFzc3hV1kOohAVSpzA7HdSk3fqE1eoFIAvf/Z3re7rqT/ZXxGv88z2WXn/7Pa5d9/95dUO98O93PSZP19t77F/+zNf8U8++sOgy6uud7yeHHM9kbuFTUhXeSrbMZl9X5REucrjpKwUJYRIHoRUTkpLIXmRLGgUZmJQ1zi9a3pwhMWyUBV4oR/GcZzGzbDxtNYrouYkfIetk4Q6yp/y1lQ4JOJOus1+HKaJ+BNxPfkknkmTyWQymUwmk8lkMplMJpPJZDKZTCaTyfSyS8qF8nN6VCOEaodQAAMAPBaq0CiVnaEgCRRF44rHCRbuRCqYUvekAmLIJcSpWDxUjoIL0sD2JVTuRCmacqrOtB/3w0TBOlOuYFOaTMS5uq7ECedp6GfiV0rd+fDq9b/D7c1G4gDKWOm1NsiHKwSGA1dq+4Vs4MSMig5oF5Fq3UK0YAnWqTYnNTQiFb+RBYxR8J95WOVt8SZhI5Lag5qh4+vxi2tDxXEqiYLlPtahclDyihquR8AAVPwFS8ulP3yRkZGBKLdHLxyO6ljKzSH8gcud5x3SdW2uknqwbenoAdd/c9DR68renSBWAEo3RbpFNBoOfUcoBjEoHcQt4ohpICOdOALmivpEBBbk15DIM0QnBAa9GufKlto3nuf0wc+8UKGdUJ5tnl/VGkJIpsozVIwMC+xUOkxQSLmG/LTRIR26/Hj5PJHJkQTkqlxMPqR8CXzLXeLHPaHretd1mLpumoZAmSljSCnvGJKjJKgInseJgSbPs4UzryJFDdED1QxoquTTQ/w8xLeFPFQOGBS+5BhnPidFbVvXCPFH4fQixLc8+Xkn/mR1X0+708vp4vB+39u/9OY7b5b3rzx51YvDx1c73B/v3zqwORF96TNf/pMf/QeNO0tS1xPpP3eo0CculjVRbhbWVJ2l0wnczOOkOMRAndAClOiqS7MnOV0p5sWC54qeOtXlTBKCZK4kxPk+HwAAEABJREFUifVaPyG588NA7Ih3Ttcy53znw7TpmDup/950nS8QEK1fXd6r7waCVghbKf9omUwmk8lkMplMJpPJZDKZTCaTyWQymUymxywJrJH3sXHwqK9XqfHYWJTfkV1K2ODEVQuQaslRoy2gQCcVeGnwFHJJkB/7A1cmcwWafiQfxmHY7/e7MfAv3jlsQSv7qVT3QZ0KqmlBKGXlm/wwPmGJrajl/JiOXDi3VS5Qf61PtgSu7M/WJZGgCwEjlIWRftHP+dXAZOYSEsMBDkt6DgMCfCmx9RiIbCFRxr+MWHOzmptS7REQVyYFUpAmSwnd3TVHQcFfdMuBe4aTxBI1g0mlSC03y8nFThQOkhg9cdfAGYcQSfMGD3Ze7HYtxbLkS65p9hFwk6OdPHZx1DO2COEmouBccmNdnpDAzxz6iLBFoLQdjEPKrzBGYO7EjQlHMj4h+CGy14/41bCjiZJBwoZgsR4q941vpdqFpGawEt/yY71tLji1d564jaRWKpy6w2BVnJLrIHm24uhSfgqhT3lSkqeL55QcYkpioAcjJO9c7zwF7fTe+wl9N4ZxmvJlppHAjrjJrTlJg6JL9BW9itGn1fBX4gRg4echQ47QeKLExtWjeAvN7iYFpElQfE3KIsIImzigpPjbX/HFB6N1pdPJ/eHu7f62vH/NyWvujS+td5jun/V34Jhee/ZZT58894n9Ryn3S2mimrPDLJvwHDV5B5QjqsQJQPVsOjom8+tiRJvXlObvlT8qS53yJvIHC5QEXap3Q9Yp6ursjZRvr2/znAqwJu3ntb/MWJiCz/8SuGHoPEkW1TxrlHzhS6btPk+kvEvXhz5E9s0x7sRkMplMJpPJZDKZTCaTyWQymUwmk8lketxSEILriPQz+6a03wYsyBa1uMC5QMkmG4vqfLH9aLgTlnwbYwwsea+/V28aqBgFn5jq9ZFsEeIYwn7c74bdMA0UsJDIgcFVukTrl6trmw0NHkGoriNabpVuFyyj+rVUnsbNJh/FOqCcXUvAnDgRCTSJEq/DcUI65HrRfELHeTTiO1Grqa7GyaiPSB1SzrKBRT/r7atlaGxvzzzSZCazGJlUWBeuLFdkgzmEmUrQPWrCB5fGk/TSYXKOrRFSrghPkKbEnhK+WwxuveCDYZ/fHaM9WsTp2nvaoiG4ZCjw+J5HP+GxLw67ffw7Lsm7MimxBOWwg4YW8PMMpmF0KTrmTugPTs4PeeBcGpKbEo4RcmV+BAwu71/QLuUmnFAFiacgG0/IvWGPjzldScAg6daRcRP7DNBeijuFWlpogAt5jkTy5yHaiNObiIOh7JP8V4gckZNSl7BD9EScxBBjviIXwGPqnIvO98571/nOT0gbKbsnEjZAljhjzItD3xFi4L3nbK/U8ZDFOVPquLsJHPh56JiUTCqo3iFRHURkAOVisXU3KeudeKLIHfucO285HLHT7mR3DDp59uy5V568sn585enrLsLFeROmkz/eugI6yfqCJ9/+Ex/5ocKaRHY6qa/zsovqdwJlya5sSnUruWJMrvA40f3T/JwvUSr9B0CHhdaTKDNFjuVpKdNNV0hoDlR4BeZtWJy1Zlwm34MQJibVxuKcRHPFd1n1WvJ75wXEIxsdl/8h4TgeMJlMJpPJZDKZTCaTyWQymUwmk8lkMplMj1WpCBpk4SZSUGJFpSTGD7hwKEEJldKQs7TQSYVaWqeTGrCgDgsujRNZIwzTsNtfjuM+TCP5EeRzRMcxOhrtAA0ocawWeTP+pFZicXGlUvMVekYcAOobATvq4fV3/lL0joIDkOeHoCdUZlcvhqSFbyhkCbmYSB25jB5/5co4O/aaYKBHvCHqZZZLXhMnKE4rqCX4BuhY0UUKWegbaepgbLS8XKrJ1C2vt4+IE/omYuR8GEpiIeiE9ihQwzVT67jdCC5uwWrbkcZmNiWt6ZYVyIJwbWvNKB7foWya6/M4V9t1cweFFAKBs2gcBHSYIjhfCBIIhGt06LbeBcBhgvya5/iYcHA4xTSgm/JX7OwTlRDLJwsEKPHTwvfEsUmH3D5XiKAkCBiINY36YlSLGKn6t0iRfC1PlCbvCGsSyOjERcVlHJu1EOwSyc0EfL4kiB3EPjrPT2eXd3Ixci9TnhKO6BP2vMkzd0OBO2HK2/P5xhBzu2EKZIfCo9gxKdM59M1kFVeX1uOkMhOFR2n8PJQ4qak686u6m6Sy5/xteZ/UnGPjtq8/f+0u7P/hh/7Rzz3/s7mPt/rb73zVlz29fcXbX/mOw+nwf/zCf6v9+O987p9b7XBvvHfe3YIr9Nm33/rjH/mhsp66OWEHXXU9KRQVJnWgWay/OvObMQG4kccJt+8A6rpZqDfE5SMiyI6rs0POXMEuQUx0CmkbBb2rR/Pa4uoD7zS4R04dmcfLH0cMnZ8cJ6zJBfZd57qu/nOFlL/TgclkMplMJpPJZDKZTCaTyWQymUwmk8lketySGp+8r+RHu8MBwMHmJlKpdFrudMsqPifkcNpGLq2rA4P6mkSWnLIYLKBTDw+KT9BGqDxPteAhxGHaj9M0jsMw7vMrpdaQ14K2VtIaksSKpNWLnAcd3FwLQgKpEM4kxgo6qeiJ2kxwoIcwBlFMKaRMzEhApDJ6CpEsKCh1RuwoxOhCiBNMBYtACRfyBWdxCWpCkXTMib0KnWkGhmpQDuIcpjOjFlrqXbMT6w2Y5JzzhiYUqTYltzuVOrKUpikKBsiUJsQwxTjmL/0Mu8wje2y0m4/H97mWOMHlnrjcduzjkUaaHhyMUX2XrjpoIR29TgryAnbIMyPvUyFx6LMEFQknkmDC1HvCOCaCTuKYcHJpBBwhTZi/hTEkzq9J7L1TiCa641GhIGEM9IxlTl1zC+aHBVYgABSyIPKoBH0MOvYioUuQB9dFgk7yI0nWLLn/CfvcVYcdeB9Sx7OnY2OT3G7XOY5KobN0BFUQqJQfmClMwzTmx79zLl/mxtMDEWZ3E8BjTifNlkqlKDuCZJEUiwuIkjRlT6VM8Ji7SXEWiU9sn8of/6Nf+P+c9+e/61Vf9ranvzB//OD9D77v/vuePX3mv3rP33kwPghputXffurkqSc2T9Cf7RNPbV+xdRs4pt/x1JfEpyiv59cu3nM5PfjY/iNf+MTbnt0+J9+++dZba2+5U0sXE3U9UY8TrPRJsQxxspQvPU7SDTxOysghKM4zB/g0LFqD6TTWVuWxTIvJNH+QMY6rpvgQLJRPcs0/Oby6CYUC0xQYatLW80ffBSHoJOeJOu1u8DyaTCaTyWQymUwmk8lkMplMJpPJZDKZTKZPp6QuKCYjc3F/aRbSvtfiL17h/KBuJYSjMHGim6QR8TiJK4xlaXDC0EMq3EkuNQ5DGEKYxmkfwkixLUqSJM7ESOrpwAEaxeEi3cTT5MrRaC+tUAbMeeQ+esJiElSPE6d9lstXwkKsCeh/j1EIgFznjpyqU+u3WP1cSlNiYSJWMfUjgudkosq5FMZD8Qphd2Jb7p2Jk0URWAiExhtFS8i4qPkW6Ke9P4BlPqiZikYqOcf2LcLjUIl/jIQWBLkTjnbIF5OuMzhZ/HUc6MCr36w/rNpZTdL1VR3txhXEyWos4cqmZrcIcjrBWo+vwUZ1sIs/BHKuEt+dKGlSyec/kF/JR4ZAHgDN2cmVeM/vgRJtImVMUcshyTwrNBj56xS3mnTFuF3RfXWiEIcUiMvdmGlIBRfgxgkuc4RZ5UvIj2aXXP4vUuchROgdB2BFeWDBE+8RZXHwIHMeug7ymrAfcBp34zjlUdh0Xeh957ATHKucGxrWRPo6UyY6pPPcL0xJ1LSditGABslgWdc4AyoV4mT2OznvyZXkT//2P90Oz9NPP91+HOPwm/ff/5EHH/rNe+/76YsPfuzBR4Ibu/PT15+94W1PftGXPvWldc/3Xrz3X9z75ffcf/f77v/qxm1v93fOulu/+NL/8uZbb/2mV/8reYcTf3ra3XowXfAzWXxm6uKixAlW1xN5VqvHSXVAacYkATzc42Q++iiApJNCUZGUKpNXfJZaigsbxg3LbYAysOUmIfMxVz+O0hSUJUu/IsowTw8nqEmeXtiuXCaTyWQymUwmk8lkMplMJpPJZDKZTCaT6fFK63ctXNL8Fj2VWqNzrn4rqSlNRVvYERDzDym2yx65hhumUIN1armxUiYVvCilYY3iyfXrEDldh/4MMY0UNTOnYaRSDsXyhmrHjgv37Sk+CYmbgPzqXigQ7xwlhBRXF2FksBkukA7paFCGThBPCuQ37O8idi9ihoEgdA6NKQMa5G6Sz+eFOHFYTqH1V3KW0Go/gsbcyFdi5LC4dy1s0Kq9X5U4qY4JnPkDFS6RPV2pM8s+ZFQh5AlBJ2kkxIGaohwYIoqoZ0SceJecQ2xPy5PiKvTh+u4+5AtcbsOHNL0mTvD4jsVkAeGGFBO2+3Yz9yEkCEjUzbxvSYJB3Y1yaoJTjoqq612eQ+QhQk/FhHn6k+VJ9BgiTIATvcJArjJxchia7ifxgOA7TDOY4Q+QAB6YnSnSwTCyNU8q+wjWEGEx0XWVYEKGmCMyq6DknYhEnhBikicBReRQvI4L+b1LXUgBoWf3EQex08smFyGeUA773FDYJcKW9tM0xKnrfO/9te4ma6eT+fKrx4n6muBD3E3YMamudzivLw9R7zaffeez8592493p7od3H/nY/mM//NEffnrzil966Rc+MXz8vLv92tPXffVzX/9Zb/rf3fLHQ3Y2/uTB9KDxNYnqeqIjv/I+SfNzVfd/dI8T2RPEX4Tac3UoQGOZKnQ2L3NQn47FMljRKtnLsRuVLinSbNIppnMwzxyGgGLTuOyKS2BOT8sNpEBrDjZfmUwmk8lkMplMJpPJZDKZTCaTyWQymUymxyanP57niA6o1h3Nz8tLtAKWvBiUn7wXsWMBgyaoBAmZgiDWwBfCTYQ4iYFKhrG4ayhXgV4TYwSeoPydkNg1A+Mw7oZhF6YpHw1cBQ90eISWkJFKZMFQpJZcas5zvfImEgcRaZOdBJy4LXjnmaVxvlaAAaprReFySkGWWRN+wZEgG7J60HouXYGiF0gJRN6VuJxcsO+I5KDKfR4YOp9aYIRylaXCmpLGG0EUpsEfJOccmr3M1eLmxrUeM/NoQoMWVSpo3p8oAQF8YlJmYwjTEONExWNqMDkx3UCxbpGupUfCTQ56n+YeLb9YfZyRJrhBSfqgXF4zdHAerXTFIcv3NGgNCQAdtxThYT0QAxsGOAqkxexGHragm3NDsYM8+VJHLVLoSKQsGxgIQUk+xX2kRKaoOMCcNFWuK6mJTqp2QM2VLa8vHXxcW8Zg3ZgkUSpyKFSiGVCsRIjycIH+wJg774jBCTQXUkcuFdBRIg8FMEEI4uez7Te99/mxH8M4TOMwTuMUileMEidlFglN0vp5LJSfn1jydHhD7F0/hAFad5OCiKkPStR2KnHygbvvhUfXxXT/51/6hZ9YZ4YAABAASURBVDGNHfrPOnvD05un3v7k77jxsRcF73DMXsirEnCg0z+V8afL1DGpDiiP7nEiIymwX2N5lBZWV4t2KomlM6t9CtR3SpxymA9BbUvJxer0VPbnG9rgaGm5IqSCxjhskS6muGIyoxOTyWQymUwmk8lkMplMJpPJZDKZTCaT6beAktOit1Ij9YvifqIlxxo9s6y6sy2HgAnVNYLMDzDKb9wRyOQkxSloRbo2XkJ9nBRPCzUSEye0jGHIh+z3u2G/k7wLsUWgn8ZrzkPlPMSbQJpdX92j/Ri+aYRpGO1eRxCIMBTa8YKmqJWFDhATNmzSQpecK9uB36plCY2KDJVzYgiTNIpIz+UIMdAoHzVTwZpLgW3xFxMurwxLBR1LHsfqyjAtts1ACS7JCYxYa8cCjhB/w1iM9JlcLZBSX1Ia6U8MYrdBkBB1OnmO1CntJ+3dcV1TNW4glcOd8GEN4VU7KrCjRfxme7P3MUZp/upol5dxVPTauRSvaGTZH1RrDSfld57oeSCZ6Ek0V8jBYgr5b44WiUQk0EPQpfwHKYiHPEPIB2VKShuwJNkoNSQOQlr6Uhzplzqi4Hxd6I88VMKgyUfHCU/CtOTLgNzfyKwUMWL5AiJMDruUJkgdkDtLn9+n2EWKIOqIWKNukV0KgViuY+3DOPKScbXHiV5bS1fIt47Gh57A4gsiWFYBKUqGDhE9URiO6m5SlqgU99OD99577xtvvxEeRVMKX/GK3w2Prvde/PqUnyZQqEfydCpTMnu3UJCYcj+9O9EtkOriezgmlS856nEirxFm7ENIDzaV0t3gYOHgAVSqMBXsp+1GYZdK3FSBAMux7T8qpWX9y6X56dT1HYRvKk9fM/ceZXE3mUwmk8lkMplMJpPJZDKZTCaTyWQymUyfBmGJaVlV72rWRLNnrScCFDzFYU1c0F+sy8/fA6dvZE0xDOMwTVNSzwxAxRekho7N6RjTYEqBIJVp3A/7ccjF5wmlfo7LX8HXzIfGmWKV//C/svfegbYleV1v/arW2uecGzpNT449TQ8TZJgggzoSBJ+gKJIUMyioGPHJEx4ICorgE0GC+B7piYBPogTJjjgMYRjCMDBMZKZ7pqenJ3a+956z91pVv1e/ULVq7XDOuaED+Pv26XP3XnuFqlq16vzx++zvF9tS6mlGwxWCBsl8wfsQ2N0kaLCQ1EFB/BeSwi4SBaSF7ET/J/JrcRHFsEC6TEVcF8gShjsfmDZJCL74gYjliHeF15Av+U+oCIIazBSspFpylGpv01vY1jeYGXvw7ROHmjaYZe2eO81NYhqIbGSArSvGfINSHBJDJ1wRT2xwQjFBXk1uxPUGEY8Zbtz90SY4AnAK+sRBPTM0jEhzIdhy0bUzw843xwpqO3OJvKPbKwDDVGyHjXPTHlJm58K/1yq/PpbiZaEgR+DGeyY76AIuX8N34BfgBu9G1w0QIztKjDzqA7kC+anPMJEzuBsDcr5U9gV3SBKJIpMPi69G0119Q5wH8S9j4nAUogkSHU04VWLnFke2JhjyfoBdFLMR8GnUTCl+0tgqx4Ws1B+SN8nM46RNjcHSlXnr6dPguzEOSpPwc7HX7R2uLuoRjbtJBazylmfd8CH1ZPnthdUDP/C2//JPXvzF7nJ0fX+9uyL9+r2vuXHvCee66+pcXcWj9156lwIW7HoCUw4WTbK9sCd+IjIygQ2INsdk/iCAWx9P9ixKWLKw0DWUSY3UYg4JwTWLRSqTuVmJpoetwEuycmLpAwOG3EI20VK/nI11oOUTi0vKxoNsMplMJpPJZDKZTCaTyWQymUwmk8lkMpkeAwpcBKx1TDf/FrqbEAeFRdgwAyqpAMXjRHkSOVL8LThUIcY4UsSMmoI4sfEQ1sFrYX2et5Drn3Ecx9VqkGAdRxENXuCOEvzSRny4ORvjpBp6xcVJaVngfwJ5nDAiQrkgEwwg1dJcQo28VTxdIoUIscEJSogJDQOZlxBY0nXklgLBg9i68BB4p+SHloBLtoY0v0T3NG2TjVhQoSpwHuAENgIbvwLw0+1r43X4jilw4Fy50cVcgFgasnKJo4eBvCryD4UeRTHQIG6AoBoJ/iAmx+22OYFTbSqbYdcH9SWuQzXcneb35lFb0YktJ99QxVlaKZVEk1keKNfBJvCCgKVMnwjJgCmoiud24lHj6yc19RHzH8fESR7XJOyHZkcxDxUXRJm4EcY8HUcKPcq3h6Zm5yDmh8mJT5AvpMlkoIF1pqFaSfDUlAaUBxraXst91YwoeQoLe1WWD8+RQmTjgxxzQ0QSPSoIkXxMoCOIwKUuRAYPAvaB/qXtdIEU6XHJT15+XNzCbfc4mZxOmvsxfcqLmjIN8nvhF9xzztzBmbsJvWZXmS9+8T9t7+hRPPqK1/zTf/Paf/XRT/246xbXlcvgrtkgZ9vr9rHzGx+vH7Xn95588KQeenn7k+/5iTc/+MYvfN6XSjtF7z6865ve/NWlF2V1KN4t+ffZ/rz2WtAQFzbm5ckeJzKSYxqDD1HmKO8VoDzBZf13bupXS/MBNtN8E95KvmGVSrIazTaNNHKuEo5lQS8GUjO6CGb7lJ4ag2IymUwmk8lkMplMJpPJZDKZTCaTyWQyPdpqv7xei3+V48Am0aA5SKkLgBKS0xieUL1bQmYoWmagSjiGXBpPkr6i4iL9RAXoxYDAjTGOQ1wO41GMY66ZU5aLl4quen+4NZsDLB9B8+342j+qdUuf/JbeY9sptSXRGBmnaAyH3UDSyJlS8ZTIH/Y7IeIEo0In0nNw+t18L/FDvg++7/vg5Gv/OmhYjCj0RhS3EsFOsFTxudA/NbWa05R+5S2pBYQa2GHaos4pBRgAMYWgvaKTonbZESpvVHxr5ALcWRgdDpTlgjHlejIlovDQgrIm1f3AhXK6GR3S/rNT23bTcvSWw2dUxPFnPNVGOLlxOHsNtdZPvfdKYXSFQ5kdq0dqPBImbbbu6cVPRl+j3KH8AAhj1ZWoEsE2Et83z1k2IV+PjC58ZJeh5AL6fgxhGTE/RvkOR86t8hzFIlAIgs5gocbyg+bK8+mmqT71s7wNsyQh/iVhV5oIQ8YsdDkFahiSYG+WvDF1zguTNabcXKT4nOh6FwJF7eDCUR+6PONH7H0eQVA8xk2eHM7NWAQ38RRQBydAX4kTx75J5/fOve+hVGkdaaYud0k7sXav9sP+//HSL/mm133td/z2N5Yu1ytPTSjhMnq2J97w1HT+vFNXmLKz26DHypb97iDhmBv/Obd+XkuclP3EBgmF45NpILNovzvjtNeasMM8z8aEa0dom8eJtGa1WgEvdxTz5MnZKa/Zet85HoxzxUDZpLouTM93czfK+PJ0Zjsnyofy01yhS/jSOqg2UdAgTuL+49wUiTRKCyro4jYG1WQymUwmk8lkMplMJpPJZDKZTCaTyWQyPWrCqaTfECfCcsx8TaQIWgqDxQ+Df7iKmA+IWFEQzpkRdoK+Oe+VltD8mMnbQw5IjqiN1bjMP0fLo3EccjU2UQINIR1S9hYUoi01atEcqmPEFEfT/ObtmzTBeskyN7Ujo4QWOnG1zeXC/CJy5TVp64v7hDZCU4TUK6Xr9rq9EEIXAqQZ4ePF3aLwPVAbySVhcQIg5xBKLaHqr3NNtVfdKnT3thuwNjycmKJkid5Ggg7KrhwzMo2a3mzgDBdPfgc+8bVHuhGOPE4cUOJRB7XDrikiC4jErExtTpkox2l225xbO2JbJs42KmW2Gdw26wV3OQzKqXbA+ayT29Ft3XMiemZdTeU0vnApjBGUU2Nz4yXqRgEKF72iPjQb81TyCQIhLWSJ0nmaf33wg3PLmB+tfNcIiWETi4AT+iCN9/pUigNRxWNk9qjHycaQQJPqhO3MrNOLDTN0ShGj5MgNiDCEPKsirReEJ3Xo9oDcWXrOYAme8RtyENribjIfOre2T/689z0589BF9Kgb9q5riJOyxtGb6n2y5e4+bu9xX/6RX3X/6v67L9xVN9JCRnCO5zwgzwkyZIxEqIaDRVhQ83UfJc5kKam+JlkfWH3g/UcfvGf1wYvjxYXvX/a4jzwfzm0bXl/omWI7UjyjzvbXCbEhxAk48VBqRuUUHid177z0uphkEGhEOo8xscmTK6u1OOHwFcUqSW9zKmAL1Ana3CJdCQuaoxdlzARwclSa7Laa9WI9dafYQKGcAODEJ9ZkMplMJpPJZDKZTCaTyWQymUwmk8lkMj3s8lK42yjpt9k67MDBfgy+1AWBq5FKVnj58n0FP7CiGE0Kw5oninPV7aOgC+AGStVZHeX/hlWMHL8xQSpOvgxfyImpnbgdB4AtvZoO29ZNjtUJXmqt5bJcNaUSvwdJEtF8E0YLNE9HQoGE0XEQqPgsvgG5Dt11ocsKRJzg3PWjhAMVOGLWYiw8TdMfN3utgy1Nnz6CGWpRBl8sDPy825XBWIc7oPADkQd9dC7/DIzajBRfBFhCl0obQvG1CNvaOzX3ZLYDtrxaw0vcqXRZZMmpgJhTSsamkzCXU5y1ZajQNWhF3ak+RlLYlwN8cdgAHvWIieN4vCePCrIbijgCzUYI6APxHGFIcRSWKaVA+TUS5zN7LJ0r3BEKPCWPocajuNaORRN5SkNTgvYMpblq1kF4QiAwxrOFBnkYJQY2aLZ1zq0c7qHfy7ONYnU4jWry5IBZ0opbH0hUoEEuiXt+n9kIJ0hE3n7TwQ3iP1SMM6qNhp4M086bdcPihhtuusFdUz1+8fj8c9JeNVVH6RPtKT/MN+7frAtieZCD79tjm0kEuzxOqg76RT1zXtOG1cqxS1PIt0GIGi8sEk0xIgF5xfce1m5GnQDFOUmu63Wi0aV9pZfKnPO+XdDrslQmfJv3Nq3Xxy7vJpPJZDKZTCaTyWQymUwmk8lkMplMJpPpEZNCFFNSxKzGV6vR0AIj2KTkAEdgkD1BVO5CHU4otgKrt0auNTLx4H09VOubcq2875gVV6txNQzLlEYHkbGMWS0YN/IUiv8IrHfLuabqiru4AWjdOTRXRGCRIMcF74v7CCLolSJDNbnD/BMTd1X6QiV/+r8jeoWDejzzJ1KnV0uTWSOnLW3ndmAOqH0pVIir+UcTpLDOMhRPFO2pWifAWnFXbQwmqoFZk9yh5GHlkA1OMBJ/A4V90FFzZQwnkwJ0M5KlvdBxuiLyA069Z8uztEgHXOYVt++7vnN34tEKSrRYCaImQbERSG2AL/sXnMupX4U+X2T84PXpSMUhgqYzeZ9QUR8773oPS4Qx4ZCSR0hIGTieHt0yichapaZeUaRUQZ8QJhsTGZjquFE7gxtUlKucirpl0LkonSdx99iZBQakKTkm/kE3ONcjHjhYQOg0TGaLM0exvECd3IU7kU/2/IErn5LfCbiFX5xdnLl49JAOcl1KStDO5dzqR06FNXGFPimZQQA3L57guLcV6PAg6TyX53EiW/b3FnINXsgIWOKssBFHiMnb452cAAAQAElEQVTLX4BK48npPE0K8noRU6NmiVXcSPE1NmhiJyyJ1hHuRP8q6P64FkTVkCWuTEM+nSyyACeGYJlMJpPJZDKZTCaTyWQymUwmk8lkMplMpkdMjFrMaQhRcfuAVr6ULAVikHKjVLeVNyEnBTJTwCYBATZUryLninFcro7yzzCsxjgQ1wGuFoiPVY1xOK6Puz9gcobpGV/9TtTqAaoJhOIBkQ5JIGgA9TVGIk5iitIQT7iJBOkweuI7pXTYwELiUqCJ1ymkD4oTBLjJp2SGycAaNYMNUaLd32RNmn2ZDoBZZd1PxhBOPVXoBVlm5LawlwlVlXPBmcN03IgQPREnKM4LTliEyiBscCYVQNk66u7kT+aOLacUnGLL8dvd5V90u7oCAxzHtAhUpWgFChyk8wKcokElf0nnoyStiGsFE19CmyhFxKeiSRmINQmJfSl8ogib3vvO+9G7IeXbSRjRwCkliQJvgEmypNZDdDXOpgGJ1Joa7DQWizOZtvXIOVdYpLKD8kigvUJecbzajsh8UoIr5balMMaVS4sR+0KWOOc2E6QqfOXmxEn+vSDDFE8oi1OmJP9+3JmbLx49KAZMehZ9LHGCGh5jwoKJOWUD9Vn2zj/hzBPdfKXo1ekEtnInsMPjRMZw33dRplxe5Wj96vKKPMRBE9KIIByHgR1XyJqGb2CeOYE9dFzMS4X3WzyOKhDXAnDIfx78FM2EzWOC9SCocAmUntMvj2qhhYiPxVtmMplMJpPJZDKZTCaTyWQymUwmk8lkMv0vJy3cTVyDRrG0aRtc9+NapyIjofAoeg6u20r9lqgTreby1+9LpMs24oRLkDEORJwsj5aXlqtDJk7kDFuK2kJvzE0l5Dqp2UeJiKaOuSkhZhQqoRwJCiIJwNYPTeWTTE0q+ILi7sBtSFwkF2cXz64mgT1O8uu+6whjKXYwJYsEZhTJ1LLiS7GtlS1sIj2cWwKkcjaYjRbMLCHqvW35AVSTBNATEHvgtLEMOyTvE7gVuBEggk9soZHUEMWL64JeXc8Bc6OWto914/bO4WyPzQOPE2z2efrodMTJNMg7+ZBTNWGu7hTAVKE0lE8pFXjNkKoD7NrRCPlmsGNFpXLysYGQpsRoAt0Yci8BYqIEEfDsV+OIPiEwoQfK3RkQV/k32VnQpVBAAjJYwWlQSmBWIUj4BfmUQMtPueqOIw0u2TygONPMV8ZpaI+eD9RCCMhFh1w1fP5nlVJIqYcZN5FmJMWabwesMRbn+useWN5TfEEo/+qp1z3lnfe83TlxcFJ3E4lAEgcR9xgUO51wL4QHUoeZJ557muP5neRTh73fK8dcnseJ7MfpX2oiki8RuhCx62OXl2NigfKEiY6cqDj0jJaJlNcAT8AdJM+rfFBXKFcim1zrpASFbEP1pimmJ7LYEz4FJShtmtlso6V/ijxxUzrNCPUjciU5k8lkMplMJpPJZDKZTCaTyWQymUwmk8n0qAtLiVkSEApAUAu7spd+5bwwIzC9xCrHHieyuxMOoqFM5riDq7tFTEfL5XJ1aTkcjeMq18qp0LpRaj++D/PCPzT2J3P8ohoGKBXB9ibgpWzKZid+jsVgrq5OLI4rNhJs6CJkTHU36boQfPAUzcMnYV8TVC4Fmrq7AhkAzdf8S/u0FF57Atu6Wmr500ZcAyxmpEfdeY4IlNwjbk5iow1kxxp2xyB/jdG50dH9iMSdABYTDKAKM84RkfrSux3auJfgTn2DdwuO2djOs7XmzqNh3JXiJsepKwwJzjCr9Stpq8QmQgkINyvZ84iCONboGCP5lyirxKgIemQSJZXnl2xqAsEhNH/pU94zMGQRHPSQf/wi+BW6AV3+PVLcDqFUTFF5yZpqk2ig3K8CkuizIt3YEnylc2+9w2ybQa33fIZA+Tco+SqMnlCHxkgBQAPo5VzzmJTHQ1kTnLZBs687G657AO5B7rdsftzBTYtubzUcMYIiZ556l5/pr/rVf+aaLVN762OpLJ12uNhylHf8+qbzT8TrHlef5vl5cJ7jM/sU3DSQsvgOaVkQJHTCEZXRftbZZ0vf5abku9H7/dk8b8akLOVuq8eJ7BfHKKsWs2V0uUDAR1h4Rgnzqhe7IQwjMSfaznFk/iONEcHneUO3jqE7sjzRLB7c4EJAMZokf040wk0XRGm5xLC5Fv1bU15oHeW5gZmdmEwmk8lkMplMJpPJZDKZTCaTyWQymUyPCbWIwhQHM21pLUqA2RSnNWXFJaQuK3yF03q0Y4ql0CnFTQCnEnZ+ncZxPFoeHS0Ph3EZ40i1dIlNAFxDRprmXVadERqmQ0uYyGV66algIuR0woE4jiNyCo/ADA2Zf6SJgqHoIDZ04Vpsrpl3XbdYLLouaEAPn8E7VzIgHM4dWzQ7pUIo9Vv94gCQEjbbN/o+eabwYWFiaRqsBbF9LdfkRvhSOQfxtijpFbkGXIvoHiJi5Fp1hEDEibpWsNmNWBmgRMFsNYdosIoJNqp18ON0aq8JuNyPCqXgHG69yrUnTrK62vtZSxA3QZ3KSMG0X3LzRwD47mkejivRO1j7pbAS40ROw3FcuV1JskzI/ITIgHxTfSI6KmEfwgrI/mRIMKQ4xCgRK/I0Oyr/y5POrhiFIZH8HCh5VFudQsRXB9z6A1staSqyEcrMI7cV4lB6ieiKGOdj5wo/cZzHifw+39+AlxpHE97/GTc8420feEvrbpKfN9DEInf7vW+iEU16FO+TppVL6bx6bMH1pn3o94PxIQgX1JuET8cPW5puc/VZmc4pW8TJRSxvklqacHZSea3uQmcX52/ef3zjU0LjsAgH7rI9TqbfQxo9UUAuEC0HSagcYtEIDMrn60LIixyZOyVlZ5Yhpkg/MmLUdFYE8teh+ZWXjvq8yV+FPJl0+oslT3FOOmZJr6vnxkPKUItBJyaTyWQymUwmk8lkMplMJpPJZDKZTCbTY0GTEYN8zZ4r1BJrwGE6YnzQ7Fq+nF6CcNBFp3EHoOVw17ih6CH6RX/Q4vgwrlbL1eHRpdVwFNOQcGDoJEGxINjKnZxSUmreQhjAFAzEoEnHjAgIfUJtZ2IkKTLCxW+UMAd0aujii+EHqe97Og0Iq8KxOnm4EmMD2pJUrjwlDXGlF9pUoNo8tw2CqLRNYTj4CgWjaVCcpEhJqXAXOAikC6COCXwX+IesTZL8JiIBvdwDuQT9CG7SEischuEeccEVfbrzKJxRHusfXL26WfhMbcq0sTxAG5J5ga4lTpQm8cwRxXqaOdMhbEjxvQGJ3UlOAQenE4UmtEcfXKLYpJTyzA0AfaDMHcpSYsSK8AF5DjHQrErl/DRDlDhZI6fWhdMkrH4gBWqrh/AM1PVE6Cd5g5Tdksa1YZl7nKwxFq797Z2/bnHTg6t7HJv28B7p1sfdevsHf1eAGseEl9PnUzO0ClLSOKAU+qT61hRQRD+FdguPXGFxvFIjboMdcUqQlI6JhxLv48r+btrflTsnENlt1z3Xlbkr3Env9zwBaOvkDbi6lOJ8JCutouO5jKNn9IXWRBeSazkYYc58AFos87Mvi0DvkZJ3YnSFIhyGPLSUOkazx1MkD89kwfO8WELxAqtzB6fwJpiGVK1lCtQjq9cuVOzRWIdMJpPJZDKZTCaTyWQymUwmk8lkMplMJlMrdc6QsqmUsKUSWbgSJiuKrQV7mKjTiUAkiJw0o2SGVAd9qYhCUxzHUhrOZ8iHxDSuhtXR6nC5IuIEKcgFmYiQ3V3k+i+34wq4E61oNzVbLXbzaw+cH9HxV++9vGVkRINx1JRF+5W4kFpThEINDAIIYpAiwRRl3FwqQAhOlxZSZNbEisRMxWdoW+9gtrE5SanGYqkvi0lEIYbqeNVOc4W3RpFI6ymAJSGMYxrSmDjzhKMuAubqdy5h59vEDA74ybMCcDrv5d+Oy9V01Ic+60kvecEzb3nq4xddWN/nMs89pHTHXe9/7ZvvfOs73odrGMg1Vbf7I9xgTyYsBefbZ0fJnYRqFiJTzK+dh3kBmhselUsgjxOYfFA494l+M+ZA+Sie8pNcn586wIGfaDkV8Uf5UeW5SkyF4ANNpA4cMxUYG5hAqdKxahAiLzybsjAMRecKOuOZO/HdnCs5lcdJvf71/U0Prj6o+5OpBnS+e+bjbnn7+97CO1YvEz1qcjeZHFAkVad1N6msyWyLawkV1zg78YAV4iS52WsoYEmlK6CyKfnYRG3wDlPxRKFxPLM4+/QzT3PzMVmEM+7yPE4KxlT2Xw6D46UjBAiSNMbwnS+wC1E8jgA9cWlCTnDqaJnosPzN6H2MbHbi+G+JBK6NsSyeMQrKJ55S2lfOWdo0LGFgSRdZnJybZoyW8SYmk8lkMplMJpPJZDKZTCaTyWQymUwm02NBEsGBTdVVEYmSFAOlZCwGFzDHIMTohAqNWoAG9vOQaj7OL6TEiSOgZByGYbkaVqvVGEf256AquFIqqRamSwF6KjCmUmRPJ/dNXANKM9qUH4ZFAiTHmThUXtXLCEkztdlJ1+oZ2cmEuRWKkAh9R/E6AuhwTA+/pMprrcSK9YsXdkbhHhS3A5x8SxqQoxpI1B3WpS4pOiCyE3rk/BtFWVAYEqceAmPlUaqdQKIS8DDG1ZhiHszcG985HdxcYCbfA0JPwGO9BVjBhsur954CGtp5wkXffe5nfNSnfNxLr6Gnwce+5Dmf/Wfcj/z8b/6/P/ILqyFOoEAVXoOSdteQJMeoAYywYF9r9MQMTEluemLVsca5YjbB3JC6DymAotCBlyemTC3PzEegWcMmFmSIAtGT9wdhDp5nivf53UgQAU2tSNtAYppw9pjs6plia7qnzHGcc0IlzqaiEWJDhHwlCnqZsSSn8jipOt/dsPAHq3RJnEVkhfrQm5979313Hq4u8u7KjjQWJrxFsAnqt37aeplokpFsSViXmGLbwW5CuhrilD2EjX+J3pDJ9aRm7lRGTmkVdj3ByfXEP++65+tSov2n4doLZ0un9ZPCo7gdHidlsMv+y2HF5yI6Ka/DHa1utGYFBoJoGQh98okSm2j60Q0LArDQCZOMSwDxSeH1DXTEhjiK+4m8pXdjpLvLhjkJI9tr+eaPSjOY2iEoSM98zpnNiclkMplMJpPJZDKZTCaTyWQymUwmk8n02FD1S6g1PCjBOABTUby4l8wqfeIFEqcEGa2a7yoH5spvTHG1Wh3l/1eHw7giHwHggJeUcsUSK9EgISG1uF6a5raYQhzbOyw9EEMF4miCly/zB98FRkYSkoFLIWUSSpDFVOWUfqmlCdVjQ8eZOn3XS30e1AyhPa4EaAA0g6aGKNMv13ZtGsCm/clN+IoSQc0OQbvIdV4xs5BQIIrIKCVz4NSi6NiEhcxb6OOYckU4RkKLQuiDo+gM7wosIBAQgoOWi2D5GXW0Y9i3fHIlNeLP+fSP+tSPf6m71so9+NSPfXEemW/5wZ+XLeuT9qq5Eyrc66lKrXwHp4ENBK9tzgAAEABJREFUVQJQZvwmdFLPIHYngLN7g4XLUCgIXYTExX/6h+kyiBqYkj+N8g8zCNEzW+QTRporPk3Qlxudz2/GvJOj8B3a7t2YNP1Esaat6SeoUVUtKgCJ8YHERIk8DIRxgdqzuLLsJGyH5nI9Tuqej99/yrsu/u5kXoQpP7cvfOqLX3P7L86dS5LQMbKPsDClnSe7m7T7SC/lPEyf1N/KkfB5wDlsfU2cXLf1NSnj4bD0DuCmvcc99cxTS+8Sedm4dKa/3imL4+Bkj5P1kZTXQxx5ZXOOIZDkyY2E/U1oGcgzJ5H1Ucyj1/mera9kgKSvXlg3zysIm18lCWRCfkuASRAa0cWenaPGlUxTpKwyR9gKyupWA31C2+y6nOAaAGgymUwmk8lkMplMJpPJZDKZTCaTyWQymR5LglLHE+TEa8WTE3bYXmFNUgFMjc2Ar4k68m1450rEixaVI1KqzpIsTparccxVbirDOomzcImNA7Bt0enIkuP6VJTP3XlxOPHSO+88lK7WIreU0pH9VtjlBGuYDlukUMm16ziCwtE3+x0TJ5LFI3X6WhgFANzafi3YijvF1marEQFXnyfLFHTTHWp3VTsSHucRx5iVxgq/6G+gO8X5F2w3gMAWLsSadAFCH7Cj0aDKN2M5VI8WRxWYQJkCvcwgoO0dwCu+cdMpb3nazZ/68S9xD5s+9WNf/LOvfsMd7/4gvVGfkatETSZ1bX1c/1nHWio/VFw+atyLIl486GnCv1BNOXIR3xU3k82rKMLCAT/MMnDfeFcPbuqlzKx8xQRRHtH8cQf5KfUKRbjUA+EmPj+4hBDkiZZfpk7gJp1zNW8L6ixkIgaKKxHZ6nA31JaF/DOcmCgJscXPeXLrriHFFcRdpsdJ8fOA6/rH7Ye7j+JF52pKTnrCuSc89aZn3HXPO1Ja50Von7KmSRtonxITtMPdhF2Fyg2oOTjq+MR5OuX13Puk3jEhhrb4mpRHnV/nJ/WlN76kTA0UasRDV7N1Cp2jt3WHxwm041mP6oMf4zgO2vzOU9CS94EXM7rvh3EF7GXSd2O/WNAKyGsOLdz5hrIxCjvESMNicZHxvQsYeCWhxYWnEPoYoKytkQE4ukzE6MqaSBiiwm0+8iV8+UPidGGVW2PciclkMplMJpPJZDKZTCaTyWQymUwmk8n0KEu/is4BD1SgRmYO3ISMSLqC7o1a6xWOIVcWx0SEAxdLvWbxFG8MRTCmYzGmYUwr5k0uDeOQf3g71dRzebMUjgu04dcq9ZwOwqkx2pTCh3AtG/zu770LMzPkOiYxIvTl/Q5C54OEWuRib+KyMZmdSHE/NzW3VYJXHEExXr/Q7zsfBMGRlIlIlg9SxwXhTrh+yjVW+g5/LUC7GmtT0jyc2Exg6U8TXYRc2UZJ+QAXJgSFhytJ5Vqq8OrIwP4EbDEwjGMuH0ccxOyE0neoX9Q5Bg8Ia8jV2ogghi593/u9Pb+38KFzMg04W8dBUIJoqk5v2g3sHPVqVSDvmt+XoZe+4FkPq51BPvlLnvtMhU6c9hTd5LVzUpOP+7hzlyu9zTN7ijWbmXUKC3efqBzlCx6BYoNSbXKw3hYhHQjLCmqaQS4agjyJ70d+avJ/kVGsQPSAk4go8fhJGjrjoVqf6BLAb5WfqF2A+rs0Etr+NrAOXrHHSd3/SQfPeOfFN6l/SXlmXviUF77/gbtXw5E8H45Rn0KloOBv8tAe426ytk8deUXD0DUuJuqhwtlcrfeJK+4ejeuJq2zK5HqSf3/441603+3z7oU4cXDQnQdNETutx8k0Ds32swf7R8tlXjuISosRyUcllQGhlZ5vVG7eCOPQjcOi74LGifHiSJgaNb7jPwNyEV9ujQJIeRLx3EM+oLwJ5Hwi9lCEoRTXLJ1HBfQhXDG5MlFkEfXuCpYUk8lkMplMJpPJZDKZTCaTyWQymUwmk8n0cIkwA5y8ErYW+8URRG0zEkZWLgB6RjGEmthWqqeC4pjikFZkc7I6GoZlTBFaF5IGxeAruR01/zWDg8voX8eOHhx64jvwgSrtSdusZgNaqkWUro25zMkpOpTFI/ERvmbc4LqVAFYiA3fTCkLilIPrIJdTFgcKLPtxoZayhxRPQXFfiTyk6o1BVe8oOAt7nFDLEWIiiICAGST+A8hOArjEDoFiT5DtXkLXLxY9ESdBslAcCE5TMQCYBn7dSsNtdL/djpeLi1RvhzpWz376E9zDrGc/7fGz94U7EcHJ3MlONqXbHKZt9i8nnX73PFdAqVTlYYZrbLmMgCXFfaSyBxLTI7dLp7B6HGFx1UBckN8JcShc+Se8hI2AiDjJE25kfKqOlqweWI1NHIWrJLkAIxLs5VGzorxTTx8FFNYa3nicuDllsmUhWPPzyJ+e7a4/39/44OoezqOhVBrmuLqPfPbLX/XmV9BeSSxWJncTfqKw0CS8ITVMSdmiPIpSclg/APUsgeZOyW8vCTut90njegIT1KdrgS85O/iMc8982sGTS/+VFPHQ7ZHNyTQmp/E4cXOPE/n9uOuuz0szrx2k5XI50CK9ZO4lD41HtcGi+zgM45JWb8KPaOWnfC6gJZWtn7riJZU4NckRtqfdlPfTmieBOhBkJCN5moj/Sckpo+3khcKBYW6ta7Tpyv2UTCaTyWQymUwmk8lkMplMJpPJZDKZTCbTtZeUAUsxcJ0tEBIlcZ0v12DHGMdxlGKiZ15hfX8pxFJVkKq6ZHMyDkuK1jnKL6KYJ6hhyek5EnDrbg8wgRG75dnPgQxO6Df09MV8kFiaVCrdiotQFTrlrlHWD/EmQYAaMXLRb/dvyUmRV1gbiaWCDGX0NBqCnR+4SZPdgzInvA9WNxfemlyKTADkVsU0Ulk2V/kTGRLIWfi0SYmDxP/RqVKBEIQ0CHIvxF6BrRWEONlf7B10/R6bXbjJXmbyJgE386RYe+E27s62UXEnCjb3zJvO7PXuYdZBvsSxjNBpuZMNXb7TyfyMnvOQoLkVs3mGCgE4mGw2ik0ONPs1x7PLR0Fq5F8vlASzSdWDRMv9SfpO2z2HnWBg6ITnCG3JPyNSjpMngwqJhgFtBFuBSDaUEA8MsiiyNS0xrglMISSKlwppnz4wV+5xUm4fPuXg1gvD/Qlj8Q7JPYPr92948bNe9pt3/IpzMy+TmbtJQjeBJ9jsKc4osk9q94FC1PBQcXuqo4k+fg1rMr1WfmW60wUJyttvPnj8i254ATFjys2QV0heiM/0N7YMirsijxPhTm44dy4vesQPkdlJTO7spcOjSxcvDiP5WEVyRqK1Z0goLFne5CHlZvjkPWXmgKB5ZAZFnJ4PPtTF0pf1Ut5SEk+ZhPmu+6RLHw8Vz3pejCiEiaETT8RJIAaQZlkNPIPoEA06MZlMJpPJZDKZTCaTyWQymUwmk8lkMpkedXGtWSqDUglUusLP0gukbMjYAn3DvHqcCHGy7umAUwyCU/QEc/VyRQVNqmyyOQoXpfXsDXeiAMgmXLIm3xSo3S4uQAARSf7xZLhAlcyOzRU8f3tfv00vPg0U7kCROpG+bu9C6LIYOeHj9WTAJgVOfApcUzfn6+lHKJhLbReWnlG/BLVRx4ckhWVXjgPmS6AexJET9P3/JBYmbAbAdWEqnVONnwwniB2IXHem1jFII4V/KBeRhJT8WSevc1l4sdjv9/ZDX8aDjg1Y8yzc5MWCxaCgAjSlvetuDvMbtH433OUIT0chXRu1ZMmcMjktd7KhK4VOKrfE3AnOsZ9N6bPT2LOUR2i2F52Nk1kURSgXA2TwpCFToFj+eFCcCWjuSMaOwCAEnDAZBZ3HkR/kiJ4hFUjaIhT3oqRMSeVZ5Dp1Am2/xc2C0tISbtvv2sOdfh4ewtPO3vbOC2/kTqRqovG0G55+9LTDN77rdY77o+4uFSDRh2ja4mqSDpaHKtWhRpycTgQw2XQ0kS0geFAZ9LoFGu5EEZW80/m96z7yxhc3ZIn28aC7rvOdc5NbiSu/TzMm86Nc7yl7jMKSOi8ry5n9xfLMwUiAGxkrXTw6OlwuD5dHYyokE8oAROk0r1kpr0erMRLRR95JgZdLLIFtSDAKfeDFVol/MaykBB7dFK9ZT7L68MLNzich5HsU6K+OuMAQ7xKTM5lMJpPJZDKZTCaTyWQymUwmk8lkMplMj77EL6EaeFTixE3Mge5JGQjMQLARCFVXKUpBD5wgATb60CJzrmDmumRycRhXAwU4rMg4ITgsFd62giwJGM1GmDfTlTIpzEGAXcSJepMQYZFb6iA4KXcCTFRMLptqfENqKuCB5ENBTsT/pQwI1DK/1JHVlwQm1wZX8nPmjZMiMxaDCj2q9AspsYSHi+kUahUDOoSbUJYRuZskroXnU4wgNhRkFaDQkA6hXBwECJHKti+JISAuFV3X7e0fdIv90O0Bhe942W3KOILmTs5pBpizJhs36Op0OXjHm+947wfvv3DCTuBuvuHcc5/1JHcVzdAS+Baw5jh1bb6Knuh0xgzQXPX4S048Sm1x2b88KPJat/qKE2Hx0RGPiRKtBdMUkIsn7yqjQnAAkVrErkAS8xPnF5TcBNFBzL/RRclHcZT4lJ/mqDk1IFNyImrmI1FZlOIg0lIm4GbciXOn9jip2891N968/9QPHN5FZk3MZwmTdevjbxvGo7fe/UZwU7gOnyDpSw4Sa91Nmn0UNpHf6lbS5HW5dUeT1NAn6kTUsCZz1xPK1knnF9e9/KaX9NAldjeRviSXer+3353b9Cy5rDEp3Inc9yRLXMc5W2xnsthfLMjvyZMXydnV6vBoefHSxUvLVYyRhlFMl1IcI/1JEF8YckKhvyB5iUn5OFkyxdkkv6ZsM+9CDAtxQ8kzKdD8itqeCYni0YfC4zG5QqchbEVMn/LFQteb04nJZDKZTCaTyWQymUwmk8lkMplMJpPJ9BiRGGIUz5NqaJCERZESNX+VfyJOHHuiVFTFzRmQ6Vv0TFFENxJ0Mi4jjrwLZbyUQvOsbqhVWi3pboNO1l/s6JGehYNxKNHBBwT6mj1xF2rNEoXzYDuGxME2TGDwN/Nz+bXrpI8aHtRYYSBOl8Bpa9oyoKjOCDyEYm6CUpWnixVYRxCcvHUYcwk3Em1C45bGNOa2xDSS3wDdjyjhOyApJk6v4KGANHTNxMV/oU98wupOkrvWJTI0oFSdfm/Pdwsgr4TAZjde3CmqpQ1TLDBxCrNebRnvY2/HlfIou0vKv/aGd3zJ1//w+mU2MSR+8dWf/2kvfd4z3YnXgt1vZdvloCfdfGYz7eOhPdGa5LNUXgszghOBovIVJikbBWuQ1BgnriRFqfkYa3rSxEIV5EDcOzSrByNgY3qie5cAF+FTKE6FjS3UkCU/MfkBiwDJEy6V52kIeRpiR5CHY7CLZmUXvKTwwHwyobj8SAcVeasryxpx4twWPw880c/jifvPujg8cGl8cOIt+DY898l/IDf+zXf9jrbCuSa2hR43RlBq/sskMycAABAASURBVE7dp7x1SnpN+wiJphzJdDur6wlvaV1PWjZFek6/b9y78Q/f+OIFdMWtRKmRAN3Z/oZKmVylx4n2kxZ0boljoyVeMvt8txKHHgH0+3tn+8VN58/llSkvUqvVcHS0ygcuV6sLly4uV0O+/5SZxotgou1jYJotYXE6YVaNk3dg7HsfAk8d+oOTL9zRbw79crz6AkMweR6lKE2XRdnpHymPfr7gmkwmk8lkMplMJpPJZDKZTCaTyWQymUymR0m1Qg3V66SU1ikgoXyEYnAS6ZvvQpywF0howiKaWjzXsNkjILlceh7jRapLHpGHB6oDB2htttoZ4FSQPb69VNIk0EI3cFGU8npmxhJUBhefEqIt2OmkepU4pkyisCZc10xiOcCYBfUbGrnJHEKbhzpoWjcvTgdcN561v1TrGQyhi8QSzUPbc2mdjAKc2qyQZQC9JbJkTLmuO+RP9bqU7ZMIRnGUpOO1FUmHjqu5GvUjhhJyD1yb+wNJUIHQL/b2Fvtnuv7AgTgaMFnCn4J3rjrJ8AijejqsMSV+ilua+rp27660IoynYlSe+Ljrbrj+zP0PXDrhJOhuvP7M428874653OZR7Uc70BNXjDB2qWtr+iVtSLdAE6m0dhisESn8XJxwqTLNBH9oTqATVjEVcRwpPIRTDwm5hhANmihTr837+RLdU5AZ2u6Z1sqdip4xlyRNQIpZyYd0ZI/Bbh7EdpEtCr1NoBjWNCCzXmozYNpYOrfJncgOl+fn8Yxzz3vbg68d0gr44a/OIrc98fkHizO/+fZXl8GqziWTu4kgeK27ifidIE78Ck6BYV5zdqZGqa+Jq0vezPXEFx8Ujda5fnH9H73xxXnZWutd3vNsf5MnEuXaeJyUPWKLcOTVNEqSGGN6jo8PnlcKD8l3qduL+ygAyvkz546WS0IKhxgTQSL519Gwyn8vZJXiADCZHjimMS/HI8Z8WuVRqlUTr5+B/amCLkcgFiyMmQhb59x0A9wp/mCYTCaTyWQymUwmk8lkMplMJpPJZDKZTKaHXQDVy0ArkVO1tNkBi3ZV+motXirLUilcDssLhxeWq8OITFRgkvgXLYS2x7kNB4PTCNdtI9SuJVdLKUhHsnVKQA7VT4lSkesnzgCJpS1AII2X6qfYoegFjrl4W4N2sAsNoI/56/uAPATs/EBlXqZwoouSpBNzSZZq2/nVEPkb/kSZUJGYLQiKw0ThQlyBdfKbyBVdP5XuKy5EoTm5ch0AuhAOFotFt9gL3Z6jcjalozS32Z1GJ9R5J97BXzl3cgo940k3ff/X/O2YTr5E8P6EJrd3bRN5ORaCadJo1tVNLjj0b1w7TcMz1X3KR84hTKiFbGswmpl0I0xIiPpqEFehkzjKtJgyaxxUokYjodxETsDaUyjMi044mDeQ+AVKUfFejqX5GQQEo2wVyt8BZqXoRQowJoVdpqvwOeowJmmbhs60Q7NlmKuTR0tXuN1+Hh0snnXuhbc/9Lr8pClTUriTp934zLPPO/uat75qNS5d5UjQKdtVuZPaEnnwU3N+xbyS0mbsa1I4FeFFyo2ZUDD5R1xPqg8K3rh34x+54YVMnKz37mx/Y+e7Ez1O3Kk9TqaFQjtR6BmgVUq5NF52hFahXBtHy8li0RNH1/dnDw5Gzv5arog0ycvYMA4XL108XB6NMUrujjovMcBDKx3l6vCUSZHSfNgESOLQvKPEHZnMofhVsQMKcOKZ1zZrJpHJZDKZTCaTyWQymUwmk8lkMplMJpPJZHqUVbJjNP2gBVDQuYqYpCQWJzsJjLW6PiMdcUjDpeXh0fIwupENPdhJAVuHjLb4ecoaouxZaQO/UY8mYoT7BVSk9LmWGZg8oGp2Kg4gNaIGiMmgr9x7KMQJvZ67QmwredfBKegJlOY5J+4vTZOlFswXJX+T6DiniFJzkiQQMW4She2JnKEjR9QKt6t3ZzLDaLwg+Nz1LQpFQ1ksuVrbOey9X/T9/mL/IHSdDx2CL7SBjKfH2tK1wZ761Nam1RXHbb9BUif387OcWniqIygCKXh3LbTOnbhTWZ4crw42QnSaQBAvUSZaUt929saOYuf19e6UtBhlG6ZraLE/OAmzgupHpHebfHVk8ni1GIHZHVdzD/X2meYG4oSfgOxI3kMci4Jl8vHDk88QyjOKGt3l6rzmI9lFiUkxMUFy8mgRLYXzvuJ8cC7Lz0Pzd/bDmVvOv/COh143ppGJk1R/33D2cR/zBz7xNW995YMX7y9eJom9NpRN0YbN3U3U7yQ1210xjJKcnSk9Rwfb6RUVSkmpeq6Q38lTDp70Edc9T1tFN4p8UBjWgzP9Db3fq/26Mo+Tjf15vwRl6U9626jjuBpG7xOvjZO7EZlHhSB/OrqO2k9vwe3v75HVCRJ4cmmvP1oerUaycooxHq1WA0eExfwbkFdaIv74r0LkFVBYPyDvnMJYCecUUJbkkNfprrj2OAKqvPfGnZhMJpPJZDKZTCaTyWQymUwmk8lkMplMj7JAvk9eKnzCajj5yj4XAtmEI1cRs6hiXrGD6hHQSL9Cz84FKVd1LxxevHR4aeTEBSe1aK55BsnrcVejiTbwinNAeavWFvLN+Y5Sgmib5vow+lJKl7QlsDcDoymeEnA05sFX1qRk4qTa8YbuyDVaKuWzBUzSsizMCRoqRseIasmSL58Lr0P+nwJ0BsZghMOh6BwU5wcKKXGClzhXPFdavkIxhSDDDnNPEdRdc6nas4dA33X7odvvFwddt8fOAoIQ+DIIXOOF9WSX2Skn8gFq5V0/2YJDQPnoSnU67uQaat2lZrMBl4medMcOAOrwwSY1U0cUKwe0i+1pfqvTyIaHRdsTAanc1vZs3UqxS0ngrEJAQW2SuiHpL9CXnl0yklPfH7bv8Myg0cMSChzFD5gcK+ALIxcFV0JfH9HtLWwoCnc6Pw+oFMZ+OPes8y+848Hfijg6JYHEWAX3+/2PecEn/sbbf+ndH3xnDdpxlRYSlGZyN8HigCI76p6Tx8kcFqsMSvU1mXgUXr866J53/pZbDp5UeTfJIaLwMOfPLG5Y+P22X3hFY+K2jUnpqKwC4grFQFqZnxUAktWKVq40eopRArVG4eU9gOsDYAh92D93pkc2tFmtlodHR8M4jpiOhtVqGJCDctgWhQPbyPiGs5eos5QqJosR8so60EBASClgGhIF73j+lDgUvDbQmclkMplMJpPJZDKZTCaTyWQymUwmk8lkumIJYiHQifoMNJVeRk/SGMnoxLnqgzKFHrh23/I7H7VKq8Ojw8PDS2PMFcYYMQWvJ6fSspidXFOqoLiAgJRKKYlBLEukgFoK8sJ+1OK5GJuQJwoTKkiJPCguFLVmvnYhfzxM4KYxLHAGuZpQEIxnexMCeMZhWOUarHOj+oxI9V3NZcSHRZETvx3pWGMi1rNsSm5OHoBF1+31i4MQDkK3D15YCI4+2hg9B1MNunJIzjlcJxVKkNDVYCWPPZ3MnbjL6HJXwZxC8zRjW9GBLY9Be4XinlMmcVXBSCQ3Z5M0mb1N5f4BFmhkfSesFy+4U/O50FKMKCTiAEo4Dqy3kxksag0bp9RpE+VJY+cOTpiaHJUEVhHeQD1ChE+jyyV3eGl5cGavNM3BlXicbDnqTLju2de96HbyOxn40wTKUuUOppfe+kduvu4Jb3jHa4dxVU9RvUxk2N30eJct7IlShsyLrwnKUCpr4hrXE9mSHLub5KfxaftPeuG5WzrOsVlrrQd/pr+x94tT9u5yxyQdLhkhdFDuZGVihHdLwhjKDZYrRLqZjjxgnC6xoIALsLdN13FCmSdrkmUXDvb28i6RLrU8ZNeTMaUVgXf5v7wajigxS6mweV7ptoQy4TybQeX1LMmIklVKXlW9QScmk8lkMplMJpPJZDKZTCaTyWQymUwm06MsycRw+t1y2qJ1Sa4hEi0RiZKQnaWyGKCgHeUkNbeh1DTT4dHhhQsPxTSwkwFy6oaXuiVimF1pXeB2f7ZDBZko3AlnMXQdQyeev6vfUBNQLT08iAeKp7ou1YO5XEqqhA00MEet808XRmzABCgOJxQ0klLpAjoawlFiJ8QyJuZK6yqmkQIjqAVUfKbCKrDtidiKFJAgKbeA0IyMdLd6q8wbWT0piL3pur7r9/OP94s8KpU7SMz9sOtJ07cZRwTt1iZpCNwsSGj9XlTSwV2lHg2iZQt34twuOgqPbWEH9e6USRK4lC7uNbwZcN3FZEpyKVhGSW+RbCqhmdRzRBihNaBEL7hmNqNzGXY1uQnl4TNVjkXvNdEtCcjJQp1+kFESvYaYCIEvV0yuMeYRHxB23WGuQE8edZoT8CWoWgRejrhP5HWSW3vhgQsVOimTToGXlq5wx3mcyB6zo/Lv/XD+2edffMdDrxvSUrgTxr4Sm5ngMx5/6xNveOob3vkbd73/Ha66m2Ad+4rYNQxKSrpFiQ3viouJq79LIlfpDO2zH/ZfdP5DnrS4sfanbaeH7tzixgCh9Gu9d1c/JuMDF/ReyyJWgsew4kio9wraszCJpAFOxReF7jtjIZ5X4a4LeY+u36NkNo5pOtjbz4vgMLLdEyWMjUercXm0Ih+UOPBCSQk9LgRaMJEsc2ISNAsiI02enZrySj3E3LXoTCaTyWQymUwmk8lkMplMJpPJZDKZTCbToyrUb7BzlEGSbAgpLAMF0aB895wdSihMgb7YLlwEBbeU7+zTd9EDfY/de7eKqwcvPvTghQf56DjVLSlkZyrRtu4Mx7Zvc9MW9wmger4WYDviTXoqeoJalgizwV4GpUgPUtYHCQVhpEN5EZB6sSo1EEypvvNgyCbOIKo4TTm3rwerU0wupI7kbrKMaczFeq6m5roqGUIkHKnuTt/YT0mqw7DeTZjhLmlqGMi9kWqwDK+XYCAmFYg58d0i9HsQ9sD3+TLEmtB/nsv7QRwFsBnrpLzChCwUBAKm7XDMzcNHhha5cGn5bT/0ix+87yFuz/qnL/iQp/ylP/kyd0UqMSPtJrf1KserU9+Idv4Uuwunl4AJJNEbX/NWyozj5KZqK6OP5+TVo4KKmWxTgxIVLAzXZhm0nW2wiNpYuUTSvBVU+5PyKKtFDta5oZ2nDYxLiJVG4ieQ/TFKgoqYfvC5gGOqKDMqyZXRXXjgwuOf/Dg3NfpkP4+mI9gkyEz7pPJ6P5y77fqXveOh37443K+eJaDcUX691+29+NY//Iwn3Pq6t7364uEFfaaK3wk47Uy1M+JLypiAXmtyNFEflGYL7Z6fwg859/Tb9p/YQSf7I6fMyOt8/t7vne2v9zyEDSmy2cerGpMk0Em50Sg/DLxIwM1EklXTHl0ClfJr55dAKgmjLH46icvHgaiRvEIH7HrC8NBdd4ZYkhTjalgN4+pweXQ0LJfDENnkJLIxDp0h/3mJYz4d3QIHI3EpAR+JpcZkMplMJpPJZDKZTCaTyWQymUwmk8lkMh2nWpFEJhagfLOEiANzAAAQAElEQVS9RmOwcYganLBrCFRPFInmSWrLgfnj5Xh04fDi4fIwki9DKsRJ8lxO1Utu+jFs0VQTB4UqygezI2BqcXK5nV3X9f2Ck3KcZutgcfWQ+r0iBRorpPvwNu9By6ulhFy8ACp0INVaX2M1cLILAKVX2AMCFTdJkbOJyNskkrVJwrGJzqFiOyjdkfQ6G1XUek8qhTCRA64GB0W+K57L90IN5ZLsol+c6RZnCDqBPm8p9hjsFKCmLtAMqZx2PbCijs/0FuFyCQznShLM5R24c+/ffPO7fvJVv73r0197/Ts++WM+/FzxyLgCrVueuA17iZPUnWI/rMO7kWDk6k1RGgXqIwEz4mQK8YH2JAKvVOJF5DdOv6VBE5EyU0lwKsSCIDNQL8e4AjT2LzARD6ArhAAn4FGnqeyF9YGTHVHDXPJyc+nBi+2QFP8P53b7eTQ9rHRFe6yaxUjbAvS3XvfSuy+99YOHd9YTYLE0yb9vOv+Ej3vxJ7/97je89c7XDxSIVc1NlDjR/XEaGY2q0SQdpxQKvdbMGvn9jP0nPv/M0/agd8LtaRxR8SxBtxcOzvTX135VXGijj1c7JvGBh/QmQoGjGPnBZo2ZzgDtw68rQUFraPdRhgPZ7UkuyeuscxOcl9+x7VKXtEG0Ckd3kNfJ1Wq5HJZkfEKBOkStRIZTVkero6PD1TjIdSJ/cvmrkMlkMplMJpPJZDKZTCaTyWQymUwmk8lkusbySKkZolL/loojQxNJy9mUUgNeMhTUEcBxfEh+69nSw+GQhkvLw0uHl4Y4rKWr4MPzlXQuj2olUyqbnKfDqTmMXQBXPoEdW9h5RZoRKm4ixdBSjYfG9yGV6mtsOI9ZtZUJlkrnFLsGRLE/ySVTSdKJnKqT0pCq1ws4LUC3FWE8qaNkBVF3FGOXVA5loxoyMvGcj5K73veLg37vTOj2nV8wceJdLU+LXQVUnmfCTcqANO26prdui4/IFekjXvDMP/+JL1OnE1Fz0g+77clXQ5yIdjYV53vsULeeMDTt7Jv3sM5/rF9WAk/0Lk32ImXvmd9JjeZp5uzsUpNS05Jpjxl+5NbOIuQIn19RGCwWFgnKdK79QXXNEPaM6AKPnDqlriyKQDGCUnqOHpXmoNin/OL+D9zniieHuww/j3V3k9YLZHP7U8485/rFE+586PUDLsVrJHGDq/fJrU95wVNvvuWN7/z1u977DufW3E2SU38aJt/U1kWhn4Y+mVxPzoYzH3Hu1uv7M4VucbP28FFn+usWYb9sdziHzTZ7t2tMmqO2j0b+ZPzg/dJTWBtJbGYXbuOUYOfnWEgc+XOSF8S8siQcaHGWhCaGEDmwyQWPtFiDS12/6OAgdYmdsYRaIXwx4XI1XLxw4dLhISMomJfU5XKV0lWHeJlMJpPJZDKZTCaTyWQymUwmk8lkMplMpqsTFX3bzA8nUS/q1CE1U7UDke+4Q+N4IV9y93T4EMcLhxcOl5dGpK+ou4dNtdAvrh9St+1C4KolUGwMl0+DDyBwCRU81eyktDxVpxOnBf0t9VS5WhNHodfnwrHndkTnquOJuKgkEScTjcyajPQuRY6/kW/+o5vK2bAGm8BOHKNyBFjanMohUo1n8wjXeb8I/X7X7fl+L4QDgD0k/iEwFCN1Xl8TPjavtoEHXRMzgfVubvERuUzt7/V/89Nf7q6J8LhenkzJ7CBPunYXmPaEjdGYXUARgckXpiGhpIjPsS6n8JppzVDKBXENP5m/RayPlZsOgbILtrYmoI4fwp8IRyJhVsX9oiAowVXPDGq9V8gtIZntUMQUPU5CeUncEOXsJDppSu9+8534SS+vdkItXXGsn0clOaajcH6Um/8+293woTf84fdceusHj+6q+TtCnPAqk/b6/Rd/yMuf+/QXve3dv3Pne2+PcayDJPyEdJKYFZgykgoGpDRJD+E5Z57yIftPkLEvS8vUTlq5oDu7oEidpoXTrZr3Dk8ck+Yo2BwT+Xz51neoUQ1/Uj1XoB1R0BO2jjvTx/xSEJCyHs1mWP1U1y9X/4pEWkrzr26k9x46cH3X0+U6gRlpr3zk2YO9c/v94fJAQMiIeOnS4Wo1OJPJZDKZTCaTyWQymUwmk8lkMplMJpPJ9KhKSZKmqihqkmgUOGnLl7oP0Df7cw2cPE6OLl48vDDEVcwbpi/LC5DhdlbmL1OCatTAF2kYO3t0iy5Q+g8jMkycgB4gpdRczwxhreMFN9lSvsdSkE2onIluFmijFO/ZO0WAliiYToyRYZ38ljxOuB6dy81SKXUzlwxEOMWwTPkkteHN4HJDkiOPE8c2Jblge9DvnQvdHvgF+N75HlzueHCFJ5CTYL2J6BqE4bj2TNCOuwKtj/PVcyfXUngCXXMFBi0NdFKxkfpclNgZv3kl0FnuZk0q7kJuDUyq93SL60q7o4IeG1dbvysCcsF0iHOwceYEUwOLoclsL3VDERBDbzTl6OQ92XmIDxK3HTVJobdkc5IEjCiNePcbb49jDJ0/tccJNgky0z5pm//H2rEewlPPPv+GvSe968IbDseL4sbR/CZq5GDvzIc9+2XPfeaL7rj7Tb975xtjHNucHaeUCdRsneJ3gtf3529ZPO5ZezfLciJ+KsXXRFuVG7Dfnd0LZxpHllk7N/t1NWOiVxnH4S138H7QTJP26dwy66EsaerBg9OeoHySrPrQ8E68nspRpWHyOtAgUByV90QLOk0p45WJLaGIHgywOHOwv+iTYn7u+nPn8hLrTCaTyWQymUwmk8lkMplMJpPJZDKZTCbToy2pRyJVXb2gJli/sl6q3NCUoUsuBn0RPVGqzuri4cULly6MacXRB4k/clx8ReVOrhQ6WSuKN3XQINRILlPmijQ5nUDQ9+QRQDgKJtQEGcdJOiFIdkzijA/ukvqd4BbjCc0pmXMG1cFBh0FL7bwvZz6M9BPzy1yMHl3JOkFBeOZ1+bZsLzsGCqDYbIpcIk6lWigpK2qvIlk7uft96A4We+dDfxb8wkFH0SUEP4Bk60CNzqEz+PaWNp4Xx4AV3l1TPTa4k9LlLfzFutqbc2LLOz35/GIFEAGFh7B5NuizjXAj155m/m5+5nKBllRxtcJ/bMBV6TqUmdIwC7iNVAGxN5pO71M5CczPWweK5yoRBFCABlSnII22YibFBbIq4pwd5r2Go6M733j7LS+8TU61y8+jGYVKVzg3y9NxLY2BzfDMjnZ4trvpuTd81N2X3vq+S2/XxBz1MtFEmPyuD/1tT3/hLU953p3v/d13ve/tDzx432woobIX+aH0T1zccNvi8Td2Z6ahRpx8R9TvBHu/d7a/jp/YdZ+SCVUq7Sz9uqoxkXMfvvkOGJP3QSgZR+tjXis9k3JJb/HGjKvTqaVtfMHhCtC3ZjDF89uXJJ9G5I01rGgfL0xhXZU0Mi1vzyPZd91e3zPRx53qBEkxmUwmk8lkMplMJpPJZDKZTCaTyWQymUyPpnJhsQ2YkUydplDoOLVGq/JI3zeneiUlfBChklbj0XI4Ojy6FMchcY1Rap7eNWYI4upxpXxBEpsObY8AIl4Sf0LwIf/PwAWjF14jPrQ8rNeGonKSULavX6uxB8B6dX3fjIl8Z5+vIr4NHKtBLicj/UiYDnuflG/liyeK05CiSgg0V9wxPql+XEvQfL2kaBB7AUTMA7FY9Of6xXWhP+v9gYOOg0sEIgCcn6L1MSgFcl/IC1xrT6ECmtLzMfzCcVrjEdQg4ph58QgYGcwuMWM6YFs/azV8okV20RzdlKMDW8Gp2TVw1gQsfFOrKxl1vUAhG7ZNsgm2QZyBTXKCbU3JHyfA9lRRWQk3GWZMJIsanqBEtzQ2SDKOo+zl0bP1j+enxAOC0BJv/7U33fLCD3Gn9fM4lQsIbBlbaH8/5cxtN+095e6Lb3lg9b5yhiS5M4TU8ZoSfPfspz7vlqc896FL9731zt+++33vqqOT99mHxTP2br51ceOe7yut4hpfE/VQYczoTH/dIuwf08LSMnEQuVyPk+1jIr8v/uZbIznuaAclTE0e+YrjFdOrel6s07RpItYlFsr0gY0pp0SOEyQFZTHjxUcjinhxS9XfSf4+EQ7pKW6psixJ/giEzplMJpPJZDKZTCaTyWQymUwmk8lkMplMpkdbCmQUG5NEQq0+ahkSFBpB5HQEzFvGNK7iark6OhqWI6XqjJqHILsWR4d6CXfV0pwf+vY7eZawcQkXHvkr9hyzAwpYoDoO4JpfiVZCtXmVRNG+oZszAFor5wpnko2ey6Bcnc//1CSdxAYnY8r/IhMnDIXg7Jv+7hjGpdRSmyru5FxRyZV6opJ2lLxUd0PY39s7u7d/nQ9n0e056B10bnJWAUVlUKwEZJt6MmAdibJv04o6OGt3wl21WiJpJ3dy53vvcw+z7nzvvQ12wcLtUFCzBzQvdqIgHc8p2EKPCOAjU2z9KCyc0VY6xLldNiew7QABtGqWD6fMuO3aHIPS1i17ylRy7SFQElXqTE0FNJnmFNbzTU4ZoQEVeDYjw1yUNiPnf/uvv+GP/40/U906qpPHDj8PBazW6Iq1ozZGAea/6aj9cPbZ173k4vjAXRd+59J4v55BE3Om3/mA82dueOlzP/r5z750+11vSN35m/sbnrW48Sn9+QkSq2eu9I/wK84vwv5Bd05DajY8Ttr2ld7hib07xZi4eh8Pf/t3yX4EglOOCKKLmnnk1HtEPWoaVahwq4MOuDlvtWu9kHUNhC6adqr91ybSuotuxBhT9c3JC6/vumDpOiaTyWQymUwmk8lkMplMJpPJZDKZTCbTo60WKVC6oSFFBDqpTEoi5gTZhQCHYViOy1UchnEZ46iZOxOtwSVOQHfVmpuU8NfemYPxlBaTa6FUDQUOynFadfVaD3VSj3UKq2ApgQqbsubdwL+TQDV6LfrePTZZI1QNh8S9IswEMY4j5elQrk5iaxNlTUipemHsRDRgZ/W7NmuK/pHB1FosuY/4EPrgINDX/bsz3d75sDjrcC+lwNYwNXxD/hH2xjdX5BNWExsXGqYBys+10YmTYBd38sa3vcc9zHrzHXyJNaBjegsbPMaaYH7kpG52rjXh1pfT9KkNwG3HbSVhtjQNZuRSOYCn9JaopOncfF3YAB9aGImRiVnyztowgawG81UgNyOW16UB+pjMsAxQpw96ki/d/8Crf+jn/vBnfPxl+XkIYbPpHbJ2rJvTG27DO+Rsd8Nzbnj5B47e8Z6Lb404NMQJUJBY44Cyvzh4/rNfevPeLecXT2q8TLDegrI/O4Ig7HdnF2HfQ8D5FWs7k5zZTR4nJzq4bIyJKzwKbO3pe374lQ9+4N4+hC4Izecp3ggk4SjJPWZ0CmSV1fvFC2pS+5ay3MrYTsuVbqpvZO0Vb5OWApSUqUr9TW4pumbJMkxjhziL9UljitHidUwmk8lkMplMJpPJZDKZTCaTyWQymUymx4SwSMJUUjUVmYqDWO0KGVtadwAAEABJREFUEpf7luPRalwth+VyWJXKcmJUg/0UIBXLg13IAZyCRtD93FQ9lwwdzeCgf7F+lx6KVUkFLBokQJEUUI8Q3gOn0Bz9Tn2aKudJYROu5aIereAKRtQknTgmdjohUxNMpQqPuLtrfMXk1g1ESjtww3ECmsKt1l0h8gh4vwjdfpd/+v3QHThYoOvBByZIPFW53QzmAJgX3GdtTEok4LXETeqVT9wDp8L0pF9//Tt+/Q13/sEXPMM9PPrNt7zrV3/7HRW0cZuDL5+c0PztH2uZfk7xwPbDjhnztSNg2/bTCuVBmOxuNnZw7SOz8yet7yBZOISK4LQRW+plo/O6vsgzgyVdRWe51/Og54n8up/+pUsPXCjshTuNn0fds+5fHvR1lGaGvBQaY+3Yx+8/6w/c9PFPOnNb8J06Iulik9yE1823NASG7C9cSICwH85dt3/zfnfGU9DXznY21Ejbr3qntrRzY0z02IY1mY5d3v/Q737/T37g/gc+8MADH3zg/vsuXriwPBrzcYGiubwXryTgO6Csn1oj6bMKYofldVUuwFBzn3kO1B9oXoCvKtsJJPSak9YmolUMpV0yYbYsmkwmk8lkMplMJpPJZDKZTCaTyWQymUymR03ybfzI4rAYzCW/4EGLgVJm1JwZR8QJuMGtLh5duLS8dLQ6XA5HQ1pR1ZPLw9N58fhq4KnIBlgvT+Zm1VAdtTbxkw+KfCu/Vq6nwqXWwt1UxCx5OlW56zFiqpERDKAkkcTrlKqop+HKO5PLyUDECVecueyujjBS//XNteaASTGUmYXplH1g11jl6zJVg1zgp0M7B/venwn9ua4/n0vZ6HoHuabdg++IKwAGbxrYAXfDMI0nht9ocNuMU924a6iv+X9f8bY73+8eBt1+1we+9jv/O71qvEW2U1JXVNnu6qsab7MhUMMZ13zc5BtNDELbGDldafR02IZQQ7HczH9CDgQ388UQ5kaa44ophVpQ+OYKNfqnzoN5zg604ApdNSi4gHoFZSGgGlugi1AO5GcGSspUUnAM3fLC4a/+yCs/5rM+6TQeJ26LC8iMuZj3ev03bvNHoQaCf/KZ5zz+4JYPHN7+/ku3RxwKqpZkDS2+JsyCyJbia5J4Vc0LykF3dq87w0N63LWO710hbC7D92VrT9/wn3/i3nvv957W7UC/cNH3B/v7e4vFucVe3wdaCzhHKS+7FHck/jN0TyhfTV5R71KaJpyao9RBAy9oX5lVriwwPLd4rssMq5Oer6kInM5eTiqjBjDZpFwcwCO6EJlMJpPJZDKZTCaTyWQymUwmk8lkMplMph3K5TziKnCymmhoCe8l3ECcOah6mTAeLpeXlocxjUP+L8W8EzKTkSKFvvA33tMpCvVbdmgDFgTfqNiJ7BAIiPHcxFCL1NxuPzspgyZi6ICoJc0pwqWxKpA6+FQrFWqFbEuk8jkFQbDzSZRUh9xvShTS2n/5EXhA4iPIDwabFjXsDheCy1A3xW5wm3VUPgeHXTi1LeHTMXwTcnH4bOjO+EAeJ1wC9sz+cA8glasXOgGL9Qu2gSdNz3fqkSvubvqd3HPfQ3/vX37/p/2JF/3BFzzj1qc/fn/R7e/1u469dLTa3L7W+nzr3v7uD772jXf+0H9/bb6L5WCGPer+uHEk7j7jDnW4BTZZP2UxooD6cX6EEpXhm1s0Ox7V4EKnzISdbD5PMH+B9JRomzxO/Ii0AxynuUwnSrB2/Xlfygm2RmjV+1iBFJl39MQSPFVnMn1SWLXyDJcsF5oGnOFCzf6dn/mlW1/2vKc979nzDm7xOHFzF5DaAdwyPFtoDFBuY3ZsvVYH/ZPOfGj+uefozg8e3nFxvI8f7CQUm/x26rk0+Z0E8H042AsHZcE64VrtFV3j3VKPmvcOTzcms5F43+vf+qYf/TmfUl7+82IVCGpLYbV6aLnsQzi7t7+/yP+GfGTnofdw9szZPuSVKOYrh+C7rotREsTofgm3BwUikSnQAk9MixA4Il4p+hcF5c+KHIYy5Ti9R9bswkeBhuz4Cd8SbOU4RymTyWQymUwmk8lkMplMJpPJZDKZTCaTyfTIiCqOXDvECligGoF4BM9lQE6OyT+EWxyNy8OjS6vVio1AoisIRX4RFPLIxyRJ6qHN2yv0swL2rKoubiH87XivFUnyXin1zcAlaU7V8a64eUx1Xml+wy1AjdNBdX6oRVgshUupf0qFs6R8QPnGfi6z8l6ROjySzclIrihJRkVShCRbA8tX8gkQwSlqBxgk4Lq+lll1O6JCPoKWUG9ijDwEnnvEOIyYzRBuEFB8A5zv+oN+cRD6vdCdCWGPDCWcMCxS4a/WA1K6x+oMgMVmQqrWON2HllCoo7Sjpnsqj4FNTAOO3Wen8pj8wE/9Rv7Jr19w21O/4Ys/Y3OfBx46/Kpv/5nfeMM762lP64OwNgthjnFsPUmlMHD6LTOnVbdj6lcGQ97Nhgacmxv3kFL17lk/k/IHTtkhv3EpWHuBbJQjr6e9i8mE1xSpY+7K1Ciey/6Yfcv0AVkh5mE7+rbMyHL9Mh+hTOXSQcyP3E/9u+/5C1/1D8/ffIN25AR3k9bjZB4rtY01cSd7h9Tnhj69ef8ZN+0//Wh84H2Xbr9/dXdMQ3U3cfWM5OoR9sKZBT2ix12roUK2XOv4Pm608zh3E7nOhffd+3Nf9h+GIRLwUx6WvACNCEN0QxovLh/qAxGHnqAT33m4cTUsum6v67oQFrBwsvLz48KmU3yPRpoVigxhgvljn5dPjmjD4jfF5iqK0Yg/FIijFE0FL0TJZAclLicep+fsmD8vJpPJZDKZTCaTyWQymUwmk8lkMplMJpPpERNnyoBkvZSACFdoD3IW4Wqio1Kkx2VaHq2OhjhExk0c1fy818qwlgvJ9UTr4CdffU4GSLmWfnsHtQ7v2QpBa9CUzdBpoVPjfKCtPEoluwbEtOcXo5GGOHEVH0jl6g0GQd/dz90k6MSRGUxMoyQQSYVUTlIO4ffimOKwpQkK0VJ7M1k8MIRSWR9tqRfchD7Q3lHOj3z/33NlOJexfVjsn+kXZ8AvQrfnsD+m9spgC2C1r5mNdjN00tAp46dp76bAnUINhNHAGZt3fK29O/Y8Tq97y7u/6lt++t4HLjTshjomnHzwGlmCG9zJdMoTTzRT547xkJlBVxswydqOGwJ3JdJbq8jTzqHZtNspL/zayaDYWlTeBbHxE4JKbjm9m8oczImzaR9ZQXxZjFq6hx6ro/sf/PGv+c7P/Kp/4MmBY+bn4Y71DtnAaKC57TuPbfaeQDXX+I7kLQfd9c+67iUJX3jv8q57Dt95cbyvPPx+j6xN9giXO8W18KRraT+aY93Odq6PSTlWf4/L4RVf9s3LBy9ILBCo+QpEHmifcCS2I41jxJgCLfC+C3B47z3B+953Zw729vf2Ogh91+VlOm8MXSAUhSLPurxKJfaDYvsTp4ux3vq8drXECNZWElYF2KyWCESdaFJZSq4APfTnwCvrMhmfmEwmk8lkMplMJpPJZDKZTCaTyWQymUymR1mIuTJaqn1S7kMx3kBPdeOYC5EcKXO0XC5Xq5Hoi5GLf45NTQT0wMsthjfF7QlxkGq4uJVwMIVul4Jkrmty5oPkMQA0hXtsTlcNE1qLCKmB1qq3c/NSrtN/EvuXMD+CbGky8pf0ExMnkX1cyN+BEBCpnnvQ6J4kp/FO6JNqX4BlbKdEE8Z6Spflrbz0TnuKXgv0YrvCox3y8UScLPYXi4NusY9uIUBJdZTYHOONoZ5tn0MNMkLBuR2syeXJb916ElCyHUPZpXyfvufHf+17fuw1+QbpvjPMCFq0aKdwC+dRB/Py6RNVt7Hl6sf0mgmmqKnTl+3ThCPhWmeajyZtwz42Jh5MISleT6UxNWvMBL344B13vfI//sjHfe6nb7p67PA4Wbv56Lb5f5zSO2SX44iH7nH7z7x5/5mH44OH8aGz3fV9WJzyWrC+DG2/4o7tp2rn2u9f+L++64G3v1tTjfKqxcgHk4M04jGhjjZnpOXtPq/CI7/lZ6w7vNR3fU+uJ4sOfH6xWOSf/Kvru9D7QNhQinmZ7sSuRGcaHc/MiXaXsUGdDwlaCEntqHRVzacLUJZnnTE1uAceS8+UyWQymUwmk8lkMplMJpPJZDKZTCaTyfS/qFDrk5qpA+oT4jwluSTAhHFI4yqOq3FYDiuyOYmjU3pAMBWuD6K7XFBhRoSUba588Z6bQAEP+lX8ycEENFUHtWiJOwvniNNZGyRlXvmeyuLIzInTxBwO0CHcRJJ0iDiRQ9XfoRinCNog2Ick8chX9NFDIWbUQqQAEE1j9ANxi6FXgaxNOGAHKMknjtSgJPViIFeBbm9v/3zXnwG/57DjxAp3jPSau29N4WKuGjRp68LyfgvpUm7IKWZL2WcrH0O678HDf/UtP/W6N71rHRnZfd3dFys7bmxZPx/ueL2hxzR08jAIdxBDMJuiDQVVHtstsBRMh6vNSSW4fudnX52P+Ji//md9F1xDVxRiw809TjZPvIXDWDu22XvmHdKQHM5tOI7k//e76/LPvBMnXAvX955da3fvLqOd9Xccxld/w/ff+fOv5cQyjVVj4i3JC1nEeAGibLV83yI/hyOTQLQ4OVhGhDh0QwwuUtCZpyUrUASPP9jfP0s+KIsu+AVCorw1Yoo8B/AQzcgsS17XxMlK+6LP2IyhaVJ1yqo5jdQ0X64FHGcymUwmk8lkMplMJpPJZDKZTCaTyWQyma5KpRoKQk4EztWR8m6u/cUUhzgux+UQV8thGMYhxuTUikCF9JV4MSm53CIgrL3jBAZQywMuU/qCZdBWVond0FQf+Wb8xpmptLn5NXhca3mhUkolN3IbRDGOZOmSNDKHMRQKeqBQH7021CYIWeID2QJETgiRQaI9pNnIaInTrJtSS6XgCM+f+GoIwDVf6lMe6ZiGfFVpD/husThzcOb8Yv+Mgx5dhzpQ7mp5BqiD465Om9TGzh22cSe49T00xy5Xo7x57Zve9VXf8tP3P3hJ99vBnRRjlVNwJ24bNyFPwvo83bLPpjqNfyI16TPC5sAJBz8CuhyPk+N0zJxBmO7gnEmaSAiNoaKXYgTkwcuD6cujSH4bQlQQoADuja949T13vudPf+Ff3z9/sNvjBFD9V+oVtxAnJ3mHzNxHjr3WGox08rUaKmTLta7M42QXVZP3vHTPgz//5d9xz5vuCDzivD5yIhg138vSxjFJ9EFi85HEiyENInRsuZTEHoX+MECXIAS5czEyR+IursYHLl066BeLvg8hH+M7OiCFEPb6fn8/f7AQPg/LMwV6d4XUQyizRZJ/+HOdqLxQ0rGy+OZlkZbMazSHTSaTyWQymUwmk8lkMplMJpPJZDKZTCbTFUv4B3bWoBqeZ+Ik8geYcBjH5XC0HFbscUI2J4nLfN5jUqcPcfygAqHXIqGDU1YCKxkgdVH0wWt13rug3+Xv+fcAABAASURBVI4Hrdx777uu89DVfBbJyim1W/lO/WSk4eb1fF/jRMplUcruIKdK0h3yM0kjIycpxgGZCmFiwecPJ85FiRLphebR+PJlftDoHSqvqsmJB70QVU7Zt0S6hZyoQ/0VICVfZHTUmHHMAz6scmMSlXrzJfp+cXb/zPX94kx+jRiYOOmdFnFhzmZsFU4v6j7aC5i9uywJALRF/vKBig1mBde9Rt5+5we+80dfc/HS6kde8Tqhnabdd3AnrlBBp+VO3Hb0pG7H+WbcMeTdhtULKHiBzckeHpU6/TW8xDHTqo5Kefxc283ZrpvbFT6o/ICm6ohhkHwENS9Lp4PD97/1HT/wJV//iV/wWY9/1lMKq+HmHidr9wXmd2q7g0izNzSN3XQcgY1ruR3Xgl3XwmOvVc4p6NxpPU7mQzz9vu/29/ziP/v2w3sf6Pse8xJHXlWQhAmSKLBpssqS5F2ZRfIngqNxJOxLlkGPI47C2vnelYyk1Wo4XK46XgIDB+OIY9WiC3t7i/1Fvn5exF0XgKiUEOgtnY75QloyEi316hZFYAzKfIC5L5a0GeBhfYhMJpPJZDKZTCaTyWQymUwmk8lkMplMJtMpVfJfKMxGCpZU9nMYcRziaoyrYVyN+WUa6fvwzEsA/xYTEMlA4Y2nxk3WhBN+Avo9d8E4ghSavQ8hULZMsYiQhmoZEqXi2VwaS8FdSpbUMUVVuNHsmaCQSjGfSBgTphRjTEyekMdJYgokaQ2cj3cToFFHzsuVPTeRf3upz04Eg6SJlCCgJnbHaxmdS6gCwdDlxzgMuX5L1EuuznbdXt+f6ReUqoNuQcQJUvyF+L+gg7b8uhU0wNm/0vSm6v1wVW5POG/lh447thS+yzv8nh99TbPP2l13u95eBnfidqAnbufR6Lb4hnQtjFM+BZyK50owXaPBP/k0V/ZslpPDxpY5ilPvUOnSJojh5gMrj6iMERZjIkUrUPN31ia1Mm2840MfuO+HvvSbPuwT/uhLP/Xj9s+dab1D3NQW2PxdKI1TeYcc7zhy6ivu8jjZ4m5yZR4nu5xOVheP3vJfX3X7j7/aDePe/j7ZlQzj6CEvdIHNSzjwJhVICXQq60LloAJAKD4ohXxBSOpPwtAduogpMjnnEwX3eI8hL2/EkGBILv8ZubQagicrrfwRcyd+0XeLvUXPviie1k7vmVAJnpFDL8u9Lpps+KTYi6zDhTsxmUwmk8lkMplMJpPJZDKZTCaTyWQymUyPptSKQ7/gTt8xB08lzBiH1XC0GpYrIU7ikCuNnfe1uD45bDAhwuEYDHusZ02cog2u+IZQPbEGzWhVOpcg+673nOVQTBTA4eSngNs61Z4da9UaZvhFwshVV8mvSRwxIeBJZLxG94MGM3GVIdHrEA/jCikDXCutpgE1S4WZGIJJYorNmMuZYOosfc8fh2E5xlWKibKGfOh68jhZLM76cICux8TuJnSTvJ5BER04doQFe2iqtG340Gy0rlUZtwUVoPm9JtyWs7N2HkFGcMenDw934tapiuN22KauuSV6VbVtaM6HDvDYEZfbhtvn+ab8dMFtzUPX0iG49uIETXiM+At56VZFTipI4TQ9BfQfnlPyPJWbWEgt2cRAgz4tEBDrWE0Spq1OTzkbjvG3f+Ln3/LKX33Jp338h33Cy30X5i2u027GYVyWdwju9ClBt2WEd13R7fA4cZvXOv6KJ7az3oRxNbzhx1/99h//ZTwcAgTX03TMAxS6zo99HCm4i3dNsgZylJgshTr+ke9x4fv0FjePMiT+J8knSSYDpMB2T87Takr0IkQNb0tuSMDhYY4ujcSdLLo+5D8rECiJxy8Cve07/unzy04WNzHg4odFzLjESgrwCilHk8lkMplMJpPJZDKZTCaTyWQymUwmk8l0zRRCLdRq+kcuB45xOFwdHa0Oh5FCXoZhQNfmL8jX4SvBgG31ddPyYadQMmWgFJO9ZPyAI4MTJmBcFzoyOaHcGvlCvaTWyIW05E3hDwk1hGNqJLS/S4yMVlBRTgD8FX/GTWIcxbglUUG0JE/QbkmydChhAvQwYj4qZVIigai6mtIYY+1fPm07RBVk4W7Kdi8YhBTUEUeONBoinQS67oAKsIu9xd7Z0J/F1CVyD+i0+k8dhtZ75XiB1pybcB+H61jIibeudapwegcbrb09TcMqU9JeYNuVtbO49QyupYmuIXdST9Je6nTq5oyAOka4y75483gddyTsSDna2IunQn16tzyuOx/gZrJsUBAT7AClwQWIkM92jnrZCmq+03gE7R53mJqJy4uXfvm7fuy3fvIXbn3ZC5/+4bc99QUfEvquHA+bv0/pHeKO9SnZYOuu7FrrTifpFNc63t0kr9h3/s7td/zm7771539ree+Di9Dt5xWUWJ68rFLeDcXa9MF3PS10ZEpCvB29HomJy6+9ptqgr/RPXvzYE0XXTb4qAXbafN4eZAVW6jDJwonVLMUphKR/O2inVUorjMGnfDmK4yGnEwjUWp+X/OBDRwrdIv/u2QGlY0sUz/MqBvlzYTKZTCaTyWQymUwmk8lkMplMJpPJZDKZHm1VMgOpUJjGFI/G1dGwXA4UrBPjGDloxqvXRFMDr2Exa9XX02nCVqhYKg4nlBnjOavHszoNrAlO0nzaGjk29MmuUnmhMgpnwjVtyWhQa5YYMVKeDoVMpDTDGrb0qgbZVJClcgRqEoCzSjlS9bUFHdgMRb1hHEMnFbmgE5DFChVqF4HsXfb6fhH6fd8d5C2MjHhk+AYa+oMO96fnIk74/Ir4imugGppRN2zZx1Wni63oycPJndRTtRc8Vl2x7mh39Bu2InCqoUa8gjuyWZIv4TWzB3jzuN3Xgk16pHlciHpJZSNoQosyBmtePLD1pZ5oerCcmxaIzXZURecufvD+3/7JX3jdT7wqPzhPvO2ZT3n+s6970k3nbrr+7E03nLvpusX+wu1wEGnOOfMO2bV/4WE27yO6DaeTk66lQE6Tp8P9L5TJ1mu17VwdrR784IMP3PPAg/c8eN97773j9Xe86013pnHwTOLl2dan8dIwEnGCmBfTzsNe1y2Y4QCffELvibAjqM8nYIsnwORdFNcT53TZTWmsr2WRQ5BgsxLHw8NWMBCIjLPwXROjJ9rRS4AY8ylCjgzJj/mviyyLbDTlBlQXJ1r5gSPLvP41oJeuK1s6spl6hJcpk8lkMplMJpPJZDKZTCaTyWQymUwmk8m0XWwykIt/OKS4HJdHKyZOcBgpgAY1yqDsjIlhEUSYSI7iU1HTQC5PXigM+p47MGSiX3vnSqPEKHDhE93kFlGAF27/vMLOHiRQX5faupZQycgE6Sv9YxwwjUScpBIrMfmjpHqyUgUvH1Wbk8l5YyIhJlcVqqAqJsHbiq1LO+Zca3VU4dVK7hjzdXNteH+x2CePgm4BoUfsUwzOdXxpTtWBVCmWaQjcySiFNIOVprp9vbeV6bgiJOMqNc/Z2UafTOQFXCV3UiCrqxBOTMBWdQJVHWtucgpvkg3tdndYdy7ZZEoqB3MZfkRbGglMPSkOImyFcAh8Ud5WnhpJFCpwlDIV0NzG5GJ5vTUc51jVtB5pCMFXOA7x3W96e/5BfvAStwd53vMzVnOzvOM1ghOv1IlDVpIo3h5CUvADH+UkPBTcWUgNX1Y4G5RP07yNzVD72mqoHyWnRkeunBCS9+tjTtk3dN5ExkqoBkNQkm24sULTOb69Pe3rCTrJS9uY12sGUGBY5cV00eHBAml9ddiz61LHziJAPiJIGIqL3g2OnZq4kZEHopM1KqahrPLEkCSM+fyapsQ3n/vADfMQ+U8FFAApeSB4BdmWikdDHK7o3mMxRMHiiDIiROJTJP9MOkZ/pHKDyQGKxwGu5AkymUwmk8lkMplMJpPJZDKZTCaTyWQymUzXUMJIcKWYwl1W43C0XB4NR0OiVB32/kCtz0/F06TmIvyd/LUTnr6czWQIcN2QqtGeSp+UqBAgV5+hE0sQqqdOp8Wphl0wFyelY4Tq/lF8LNpoGwEAcoE7iwN1cjk0F3LHXANFgm3oa/tA9WJoaIL1Tk1hPT5wtA6xMonlpktrTZ9OqbXjxEgN0zSN4QNqOk+u7a4iDzWdhzaSx0nXnwthLw+DI4+CXJbtKVinFsdhh1sHVBeaLZEkhTiRDvq1njbGElegNesJQISNk20999w1A90GUjHrZ7PDVXEnO651FcJ1O45ODSBqe7Uy7+dRKceNuJTgUdiMQgRh6WThJMq1Xc1awfbM4qGhM6PyYmRMIbPWF3aMtyFMp9VG4NaGVaWpqW5iQDT9aj6rUJ086nW3GRetX0eevFQzqIoVCb8AbDroENvhYA7DVzClYjFTG5Nai5Qm+zpcyEgdlL2I3tC7IaZCtCsWdkef8nLZgrut0yeN1GtJ02j01pX7SzBHg4ah/CfuJ37qC5+BnZI0AMyVhCJU0xSfmOjgG+2JvsnLFuIK43JwgfPK8jLWe+iC7zGQgwitgnl72At8WqJVcmu8tJgum9JiDOx6gpEHmLGSMNJ6yj3Qvostlqw33Ds6NIITKythd5q5gBihzHW9iV7uZgQ1+aEDmSvK/w6IwzDygxGdyWQymUwmk8lkMplMJpPJZDKZTCaTyWR6VFWqtim6NKRxlVZjHIc4kMaY65WB0m4A3GQEUr6WX+vcx5MKmx8Wzw/EJmbGewh9F/gFxyiILcdUQ4dS1K1ZI1Iu9/K9emkdTleshe7qIOD4O/v05XzKDIrkcYLsMuI37EJAS718Ka9dlzJvEAcWUBMWEZma0C8ZDSmPFycUPjZ0QA4unAwhXcudi+yykEYc86CTYUAK3b73i36x50PvPJuaoDAuWhB3YgyQK8NY661tfMdxt6JW3AsLMRm4uG38kDvNzdxyet5RC/InnnMNDNnFnbh6frn7oNsvkztxm5Yn1wY90cehAUE6uXncH+EQFDAAN6EDyKyCwgLadD9ro0AgEBrHFEXAsFBOSRknKJSHDg424yCHejcFMYmzSENNCBYDOOfGdg9OO5BKdonthlNQghmu1hOpHMZHpmk+b1xE2KxU9k+FX2FOzU/xQBNzgxP3IvAPPdQ1KEfaJkZJMGs/TltK9pB8BjoeDOgQgaFPS5R7SKQa7QDNHKvLjDYBBGvRm6vdLFwMqCsIWXdMvAomxpLi7B7x7qleRZdOXkhkLdFlr4HxxJ5KLao83fYCClKfRqZacgPzKhLyohNjl2LnxfLEdw5X0XU8fIEMSfLaRUf6fCYXIOQGB3KUIR+TPM37fGb6mzEOcuvbSSfLABtLUYZPnu1QprBELvEtVr8WJXhkvvPYEi+T+E2+oGNmBTw7oVAOnMdrCY2ZTCaTyWQymUwmk8lkMplMJpPJZDKZTKYrE+SqnqcS3iouV3EYU4yYf41ZjlkQ3gtL9ThxNIKfKrxSz52Kf1CL/loD9aF8mV3DEDgggUqm9PV2CZ6BEELXh15huiJhAAAQAElEQVQjdaiwKMkYkj/Bly3FdMU6IDQFx2rWIKSHeElAa20g37WPmqST/6UqaSFupEAPXLifwAw+ntIyuHILcnKpoHoMPgCHYFAxOHjgL+Yj256wg0koETx5e4q5V2QkwEDNBHlQL3ig86hTaTWXfH3X7YVuEbpOqtniBcPNSW7CIwKfwpct6Bw2MRNQf+nd0RFobTHqDdKoEwod0kq5d8ckuKzPnl0f0G3bYcZy8un4Ruz6VG80Xhl3sm3LVVieYP1dgAtfTp5vZ70pBa4qjjjzmCVXskZcMdsArOE1botljStmH+qe4ks3ytiUvTZMSuLmySZQYerURvCQn82fZrgqBjbbouwHKl6Da0iT+JWwmYiTCKraYpCrTeRCsYpRkIzZkbbppcXS3/qQFMsMATJoSWCcY737MnqlvW7CWUpfFeoARWlcwchw7cp6HnCFNJNzcDcnDqRMWc3uKZDKBLuUVa51OpmEE6+0MWFRmwvNFmk9ox56EMqCL7SH0ECRHE0ofCcA5jWqy2uPg7xmL2i1hg5dXpXzhAy0jicsfjM0uD6ICxYRcSmFfqRbqQAgU1CJlvyEaRxXPo8tLaUc+IPlphcYCutv1ClalyqeedC4AxGhw7332Mx1k8lkMplMJpPJZDKZTCaTyWQymUwmk8n0qAlgxHg4HB0Ny5UjAmIYx5hicSJRNRxAzcTQ37sL9tD+I3kroBVcLlp2nVQwA4Xq9CH0MEVTUFU01yvFxAGlDO8B1svdAPOEjPLdfyiACOc6cNmbQJORcyFi7uRQoZlmJOrZtQYKbI7gmkHIv/NJCKAJTBhQ48GpH4GLMXkBC7itbG3CLAtVaLnX+eoj6mD6/HpcHg35Xd8tmPbIRd/eB6r6OqrlSi+kS6npILbtbId6m/xUA592Bv1Ia+lYvB3g2FM9YhJ/kK0FZWi5E9kC14I7ce5y0ZOtF62/XScmDdIU9crxTvrV+GtMGVBODTDUAaMkjdSbVyAFmFgSATek+YmhhAYB24KrpM1Gz8EUcGLf0bILMM0Y4TmaizqZPnpRRSaYZ1BDECxogKBbKa09dZAg1ZVEw3OKZxHysyRjV/CquvpAy1VNfJnk1AiBU2aznBEmcAXnPZ5eyPPmyqIC1QiKI2GwzDpK1Zqew7r+EJyhZ5AVhCxBPBb6QxoiRh2M0on1SqJ/cWoVKlgDzb1BwGbCNywOTtQQzJgjqClfKM84DwBTOcGXbJ8CuSDdmLx7wNghReMEdKtEi1BH3AnmdbqjOB6klYlTeBj5A8oqQw4Po+gwOi+oO0zu1ii3L+YT9j2GxMCiY+gPI7vzRNQV3tUVt0wPKPdO4JiEZCPFMKKrEWHgrm1AlslkMplMJpPJZDKZTCaTyWQymUwmk8lkuhJFwFWMh6vlclxFHAd23khJLQPky+eJvnDeVmpb6GSbSsW/uHRIiVgq1ShxPVld38nbLnQhdE4rvFJAZeikJIeUdBvXmB5MLWmr91xaZQMF+UI9Sl2T7EmyUoy5cEkvUmSfEqxQgJ7Dw4TUMPQgJiq1lE+n40uNhK0QLgPKqtCB3kPSomiuUocud4stT6QbdNlci6VmSJ4GMgaDBNx0PfiejFAYN6FiL53HK85SYQYtnW9BJJrbg+2QqCnA9jp7pRbKWfGxwZyoWhxjbbvW14sfyFbupNEadePKxJlzLZeDnkw4SDkWmylK6hBK1oyetVAFUN0dxEGnPCRadpf74IVu0FAUwIkmKWxUcf+h0yXQw44dBgfbsJO1XXCOqyC4ua8HVi+OkohSY3VC5ZdQiYjGbYhdOtJ84NjKojxyWEYVigtG8+BBy1ehUhjF1EhJC10BKiUDpa381hejF5jNf3J5cmWs2eqoZn5VqMRX2EVXNPE1magbQe8mZxt0E/ni1OwE6mBSr/lOQAXbtLcCrEFqsCLXNLayf+WxVXZMZ8T8eWldW9qJIfBfZTm075Qa5hgEob0DwsCMSpdfuxjyrSXuJCy873ih6mSyU/CO4D15AlKIFIX5yB2MPnlacwOt5B100riEJYkpYVwR4ehoNUShklLj0uNaGAUY3KPUISjzgc9lzInJZDKZTCaTyWQymUwmk8lkMplMJpPJ9KhrcLjCccREwTpMY+RqYFv5k5dSW4bJGENVyp1rxhEwd1lgj4cpQyMXODvPniYEWdB35ClZpilt83f9iXxJgn5UmwJUkEJBj8b1AGpjoFbqyeSETpI7xdAJwTRasvZkPVLSM2hHvbR6OKSp8F6LxvqGzp8of4hP3/UMr0jjfSlMU400HzWSrwm1iVrAyEuBYMTOgnYOYRG6BfgFGQiEwNVsz9kRATVAp1gw6FBWIwBsQkjW7gA026eRaVwCXFOihmnbYwk5weN8DLZwJ65xgpjtc9w1yo7tZRUSgWOPaV5iexjWBJSuxNQoEQNkZFP2Y9MHRopCraLzrPCJzR2aywPnkrgmYKSlQLStWD+WSzrYeitrakuDwCDWucC0R4TZyRsCQ54NfQoElUBxZNFYGcBy7RLW5NBP3iQRNOhFLpSArCsY41DUBsujXMc46RYx+gFsnFywMDmtt0ftNuoPPexpNmIou9ESo7cnYEnhKePgnSvAnTQY3eZkbKeIn39SjtazJgVgfBlVYjQ8DQh7gfDimLA81s6J40c5USEw6jjO5+ZEk+B8ukNlktQCp5y8PFgcdqMhSMjYiCsGNRDyHwGIZEmSN+ZJSU4nCZcEkYwExSGlgfWM1Qli5AED5EWV4sXIkSTkO08UnfREc9rKpQWi6rqebLVilM6n/DcoJeVPaBEuxKFgh6h3rYxCtQIymUwmk8lkMplMJpPJZDKZTCaTyWQymUyPplbjsByXwxip+EfRL7HJ9BDhrvr9rrr8DGCQL9JL7ZwKh0ScMHTCrieEWniyEkh6AFex2ZYkRqf2CFMBHZwSJ3PPBzFaADVJ4fdEz7AvSWTihF1PklMPAfQlxqdkVGh9uPRdfxpfEd25BGjQF/UxEtPC0AkX3NGDFt+5uJyLrmQYo4AJDe4YtcJPXi8czdOFfrFPRgBcwpWNfLnAmI7HgrnwxsRXmdWcGxBh+42o3EkZXgVrWjOU6QzgTgY1HkGVxm9t0jp3Mn+59XTluNn77Ye1FfxqLeJOam97oi4tzrhiFAJcfPeCxtB8SOJdEtFHqtfz0QIXcEKJR+WLvBAnHgBnLSaaCpTA4GcH26cOK23gZi0vT1kjaD/na5U4GHkCpnmhjSyEi9f0llQecJ6mJZlH+s2AVtIR4IdEeI7yrOZRSEDPiTz2rmJdyo5RRFY1FwEnAEsCsYFxiiekskL5hjpK2nttjzy0fAykii8UNgTbe8u9SDoCOB+/htRpJkPNgnHl8S2WMJwQxMBYNURyoGMonkm0ybcAHQMZya0pbcw+bH15JlOQdQwDdEWdtkNhdGQ1EYsmYfukKXl4k97IlCcnheYQk8jrtMMQqYGBM3cWGEOiQ/IC1oeQnNwbZHaOrW9CYBMeFJRFOSTMx9AIk7WT7xXxyxdV6ISbm1dt5vRoiR2n6SG95KkGCdNjarUymUwmk8lkMplMJpPJZDKZTCaTyWQymf7X1BCXK2FO0pB/pg9m/MGpSntrES4wOTxUeaJMQucpRwZCkFI6EB/CNVkuUINm0CQqN1NcAzSSc0MLXqDaEDShI+QsQpYt7HHCLzhaQ4wZqEwtbiV+AhqklOlKtkms569VZvJiUSVNHKJa8JhGKCV/qEkXZO1CYIu89lQhpe5IQb+UwX3o+j0f9rgi3ZF7AHUkSCAOvWUDFbU4mZoDbnI9cbMR3ymY74DlWJgcXOr54bFVyK3eMcfuNONO1gSbO29u3bpxakMBOo5DWtZb090P+3xOFCschpGQOSJBRSjshZALLO4eXP2vgUdKAQQ/XVtnkJBDWBN9nCJSBaDY0qIyhza8IVrLoGLUM016mW2uMjHlELm8IgS6c8LmNvBRiVvrOU4IcAJEnPpWKMsS6InSz+njwM4b6FLttlOwS3qSBKIQ7xP28PCMgrnEeyceF0Dtqo5s6QA2gAh/LgE90HInya3jOjhf3OqyBmV/Bc+aFCBsRlWHkAAbIjekkXn1Cz4gcyno2hgj9F0n3iR6G2gsIBXnj037KfnANWzNfP3iJQNdGX6oZiHa6nIZnAJrNANtRMcTlNY8sWEaEpnX5PYNOC5XY2BiZn/R9y4GMmlCJuhcR73znG8mt8k36CBtl5nFGWc6jYPvtIXkfELrtlO3KoZPsFhXJU1NcxjhdE+kyWQymUwmk8lkMplMJpPJZDKZTCaTyWR6+HSUC4fjEOMgrhLlS/bqHeDWvl7eaFu5r1adsSUwuMZO+QredyF0Wfo9e6468gUSlay1op44BCcX20NFTQRS8c0lNykEAC2bUowOVSxTHAepWmIxCii2GfSbvoSPsRyrVg3gZAsbUogBQdJ92LZEi9p8EvEdcUkHTPmSQp/QuUFLvaAWJmyTIoxBHoTF3r7vepQiLbEmQYeKvVLkdnDqUFSCp35a3ropxMgXy4NSyneTh0m9N4VcaMq/W31EZnTKY0KCERy7h5vX/E88I/9eR0/K4Tvpk20nESQjzwOapa7aVHRvfWiQ8BjPTiWBZy2FJoEY2dD9DqUWjzjHihQKIk8PssVJxaBCy/RYb7AHhXI0yKSo8gdtf9JGHgm4CTrRF0A98DV2B5vz4HwitmPgGc0AbNyHkAeluRThXmlqH7tpjN4XNkNpkp5SpvRZlg/ywlHhGMqdEvoAlJigi6amhx7EC0W2gQIuZc3AtSQcKM4upftlf2Vqpu7NRi2VtBpQ3KcwLRPRgmn2AHHQEK1FSZ5ChenoBkr/ecFgd5tiwEQQiMArYmuDnNRV8mbaZCQaAtcs2M0Dof0hhxicPe3F8kg3Iy/Y9U5hyYEisoPIIdoYeS/hoBgHzJ/yfMmLbsxrGB3QoeuAJvaCktM8L5D5o9TJgl5wHb77qN2kx8Er+cMzkOxSPNutYJkYMINOaHKUpdlkMplMJpPJZDKZTCaTyWQymUwmk8lkMj2KWi0Ph1wwxDj/Mj8WSsO5JlKiLfyjRr/oR7wN6jfnuZYKUviWUmMIVITMknLrdBn57j3TJiUHQhkQskXxvtZn+QipWW8YNkw1a/INIJuUOLLBSdL0hqnl0MAxk1rrFCmq43p6AxaWo3IdehzvybEhxKxoJg+3Rmr6PlHJNOSCc25U1+/1C/rx/YKKsa7jYi8NC9V/kwAW0keuzKJcAraREMXyhDM73G7hti2/t1wCUOOZjt9pCy/S3vjtn8Hajscfs10z8x1Wd+chiqkOVc89wQ55NnMKkwvMA3DtPnny+WAEAzREh0xwmulOhyc5hDOX+FJBmCin2TPeQU0ggcatopmvvFvaPgTNY02YQcMyyEbpCJ+Oyv3UBImNqThH4z5U1g4sT13ZDBPyUa4A3HDxVKFHBmVEhP6oIA5MjIvSKMLeyLkZROEBRkhs/gAAEABJREFUpc0orEmcd1AXJjZUmfedCSAlPMqCB9PnOgDQAEkF+BKDDnHgwOpHU+gULP4lSo4kNzqh3+gE5HHC04Duu8eGVqHfvroqQVDWpHivjDHxSifZXohTco5vvGEmJxMZPIaNyHIGZpO84B86jsWFRlOVinsKv491kXM60fJc9jytKSqKKSVIZC4VJC4shIHAkfxZZIAP8usA5HIlk11mLFm/8D2PkzUOCHGnZjnC5xQ2KzF3ImxQv2VZM5lMJpPJZDKZTCaTyWQymUwmk8lkMplMj7SGcYg41C/qb6/bF62hHii0iHMVP+GquJIWsj87lFB9UnAT/k6+fnsfagWZUxVijOIZIPXr4JnCmHJ1ak1Wvg8/c17hkAouxdJX7kd+N3KiTRKDhdqpwnOgfIO+FljLp1q2F7+Kqew9c/9IHANUC8xyiFS5PV2LQiakoiuWAFRnTdRgKrl2/aJb7PtuwXsEHi0OrsglaGyyTXTAscAFNI44vwFiilGat/WubbP+aErNa2kssG3Px3BpF7Y0bsaRbPlky4c7D5kPzynDdYSyAtfFxbkCSTE+JL+Zr6ogF7uKyPaJFpm8MlBNNqCARTyZk+TwuEp08GzbBHL4kZtt1MfhuNZLioqbHjOsvIYSMOKpwjFRwsrID7t20IEJilULcKSUTkIUXxZfXVrENkiDd5i5UpgLm+eRI2B8OR9Mljc4xWUpnKC3qDyccqb23oJ3FbVw09gpMMLUCrqCaMgIFOikrARQFgXgx5XuJO8do9516lHZqzEjwcLwabxPdIkxJOY1XIT5usuuSozmlY4JJCZtLSycvkx1IpSFDOfsUXmNhaYrp9ToJCznV/sWV2N9yKGndJ+bFxk4QolWQg49SpQRhd6psQ7H8VDIDqZOHFsgAop5C3b5rwDhQpS8EzxnrTkK4mEzIF0olTthzMYD1FtReyNEjm5Pxp2YTCaTyWQymUwmk8lkMplMJpPJZDKZTI+yEkaJlJDSYzEvaL1IoA3l4BqvL8X0avfhpS7NaR+z4+mUvgMqNoIkOWD1VIGkyImT0BmvmRngJE8HGgSjCe1wOGsPyraYlfgXKfInsXzNX0rVHppD3MTQiGUBrpf89bqyp9anZc9y6TTLMKGdZVhSAyh4jshhfxff94sDIk7CghATMQAoTMEaEtGUjH1NMplfzu9gTcDBbrRAWZN6lekTbOvz17iW2wJDV6VSTz9xP3cMXYH1V2mWW8MT5jvMrj3bMJ+HkzMHbe9CWKBraAiNSZGPQR4hmff6OBWsQdASLr5T3T1CdfoAzmeh88QxVhsRiadxsN52HHG9n3jyDVBwTJ49QifoEPWlcFi9depeoDwFeWHwUyswCkMkSZGuOk+JJHPFLMUJhBbFFImeBUiAdXCw4CzsCiIWL+K7gVCiWFxJaIHpqeZVzK1DCUx40BXD7CaT6YiOGHDKi5IZ0/PPWxoOhbN7aN2U8WF2LYlPTZ1FyMMjsTvSdwbR1GilQHeRQTWmNuojK2PupaeV/2GyRB5+uf/k5qTuTlhQnWZ1m72Y3VvxJeFmNcxaXRYkLAxB4pwkbEnOXxa+pLwfMF5CnU4ut8XnxdyTmcqYeJJEdCOhfqMMO3MnrqNlOXLClO9C/um6DtnGJAnY1NFqSY4sqWb/ULOS9LDcEf2rACfYO5lMJpPJZDKZTCaTyWQymUwmk8lkMplMpkdCVBaHwn6sF9rT7uNmAEGtc0pOBhRuhUunwXOqTrMzasGYy7JSt+UCNpEmXn9DPU8tp4MWbKXGLUdqxkRMaSTcJHIZlnN6tPHqSiIHztwEcL0/ra2BvGjihNLxRftil9LUnLmADfx1fnAdQgjd/mL/LBEn0HFBObE/iuypX+n3xc5E+zeDRCrNM6MLoDZ/Q7VOO3unlXSli9b2f5iruNPwu6vQqdATLEzGts/mbwpgMH1yzLG7LlefiMRZI67jTUGnDp+rxKYoJMK/KXjEudb9QyiH4kmSa/AyI6XW7xncyE/Iom3uZt/ZQCPG+l5fwK5xb5gnATw4voahBoIGhLaqrBY9cZiUwCKShgOkhBRhQEO8hMSSAtw00ThsRcgN2kAsVoqe03lKYE7SrCGJFqJ1I0LKzaGTca4QuGLsAsXfw+migPVmeK+eM9opvbrG+bSqSB20YJubOiv8RdJxlTQtP46jbhA7J1BMqDy9xZ3J57vrZYZ5FxJEL2QH54CVNsdi6aEPv5eIIBrJEkeEiv6hEka0PSKWWC/9CGvzlUXCmd8JJxDpqoJineKmp75QU7I6M3dCVjXVuwqdqwcyVsfD7Yk24pwwBlUw5P+9Z/cXxqY044l7ku+9R4Ko8ushJkirLvWBSRjP4W1KonjXB89nJMwKkB4i8MrfVGMXdrIy6sRkMplMJpPJZDKZTCaTyWQymUwmk8lkerQFQnWo00nzwUSchGKw0bApaxzDxGzUqqvP9VZiTdjko16gBOpgOQmWQiLkgmOuNxbzhFIt5oO1WM/VVnnNtd9EFWwcYxSbE87EqdVnVCcGMUdQ5sQXgwlXysrY0AtcF1Wfhala3fpZlN2wDAI2ITttAVQCObwPfQh7zvcAi25xELoDMghw4uPSNeev9Ei1HoCSWAFuMkyojiwCoMixs8L6thtcPoKJpdis1oJ6WWyQCdcGFNls1dWebjKnKRu27VSutvs0G6/KmLbnO01xmxwepip/50IQ1ERHu5rkEKLhKFQJJTnGCXDSXITcPeQVe4VIyknTUAEU5q2ax6nIhddbPQEWZYNbi6mi06baZ6r8u6DeRB6mhxfyRo8gVj/5UyIwGJgilyGOraJLxDRdDqq3BggMkQchjYyHyCnyo8eAgxeCgkEUMvRgk4y6ADiOpElsqFT8leRZ4d5C5dOSl3VAyAhpUt6FFhjUHBlJ6sExFUYE9blFcZFpx6XgHMh9xOhLuk99LF1BlVD8YJiQAzL8IPTHq6URCIIkqxzRcYkAH83kYXuU3OQhFiMpjIV5KehdAixsis4agljY1skFtoBhAymXvC8rKSupaQ3vovdFJysb8GjGkKAwYjdCbirE7NFOXpfSagaDMgI0ozqgtCCiTJLn1T7yQNItTp2XzDAKZyJMySdBkeT6CeLKuxRADX9gyFN91QEu+rDfLzpf7jhzLj7Ic8C2KDQHQsJruSaZTCaTyWQymUwmk8lkMplMJpPJZDKZTKYrUKJ6sVRYsdgGAH2vH+sX5yemobEVqNU+NiCgwrTSG4KYBCoQkoMB/Qse3XrsA59+5K/Be9qTCRVPHIaqpCig0zwJRk9Kokfi4IxcXx3TsBpW4neiB9b6NE6IS6EBpJgrWRE1SKhp2UaXt/AXYj8ACtGwPYEr5gOQtHBNngp934d+z8GeD/shHPiwRzEUHMOB7GPgJPEHBK1xeio+cZQic6msV8zFS/fYGsIpKYIawbPJkZSBkDelw/MPZ0LZz23VZdEnp6E0rlqTg8f65XDLO9j2kdt+IG7frKcpCMK0kZOhZHJSfT3v1DX7K25RzhX0jMAw1HQ/ysPlWnwE2vOUM2xp5ZZuQVjf0Jq6tOwYtGfdOCfMWlQbpmSX187SHM6TGnzSYBnHHh9yaigzC8UQpXRbk2ME1QAvPAVzNroD+WckDGVvXgYIwpGoGgnu4SeFUS5OvJIRZ4ijNKS6rSRMDqe7LACKc9Vjhj1NUvIbo6FLAxbTmjI8IMtJEjBFlgNOwtEnsl4s34wki1oxCXGF+NDLJ6V6yLipGW6BRmp0k/S1GCJJrBMbsaB0rTRVjEAKVsJb+FW55bKreKpAWSVVTMPQNj/NXlfHEWv+E88BOThRhpgXxxv5m0AZSt7pBSbMRJdKPocX0o0TeVCnB7rgcJnGozH2XjPW8spPhlmpC8ArKK+LHp05nZhMJpPJZDKZTCaTyWQymUwmk8lkMplMj7q4+JhgqqQ7LOCDGGlAU3Ks1cl5kV/ZDZBwHPqyO2i1ENpKermilh8pJiTRd+JT6ChWgcCTsjOWoqiXzJECklB1VbAOwBjHYVgNwzImbr8G72BxIpGuTBeWA7mpNQTD7UAQdgEZ9dNSTIdSGS/7MEDCI+C7bnHgw75zvXOL/JssAVy1RWnTbWaMAZbx1I+g5RDaqJLpEHdq/X4t0k7I0TEdlOkx8/VY//hU19p2aS2tN7+7dqftN4m8cCoJdXV35nQ39lrf/Xo+r88SQ1FQ6AdZBPTx5Ilc1hLpMicHCXmjFijFe8MVvk0fhqDQhZiiiKmJE0xBHEL4mDSlr6hxB0DBO/S8Q4peHynQzBwSYy+oMUa+hZQqxtFQJ0CxSVCv4CTRi5QqtSbb2wUolnvkp8FRIkTsm4T0S6UZ/B94SVNSjkbJtImeIRqFD2L3lk3wrBpPFf5u6vnk0ATT8yN3CetaChUyKetl6cX0oq6CqKBgEpcdEIcptcNxKHE5/BfF11EXVx85dRQmZszTKaXBRZ845YmDnBbB+ZA6TwYugXnGzrv8d8OZTCaTyWQymUwmk8lkMplMJpPJZDKZTKbHgApD4aaUCBaUr8U3e8LMAKH4hEieDkEnZFgCMNUpPddzGyeScqqQi4cc0NERddJRMbYAKTDnMADUeYBcACLF6CSXxnGMkTxOtDgKQp0oFjMvwkNT/J0Vgq9UlTEoBA23T4rmIbgQenI36Rg6wR5dLyRKPUyL8K0m0w7YRgdAbb3sUF64GfDgdh23077kUdIV3IJTHSITeAeCgfUX6WEekM5vVMRhYimmNgHMdptAiHrQZlNhO1twsrYPjDIDhdAIax9O8wuKrQ89z2l2Vl0FFCigsBzaPUxwF3JECttn8P4c6QI1agtBs6+gYClNU9G33iSurCtOmTiE+SOP4ueB0xMKyoFQm33pc5krpX1Fs0urO1BgHxEszibETgR9UClFhjE78mQpMBrlz/AgTMtNyRpyc0AKEnoO3QHdZQozS0KYJBoyjphRaM5Lyo9zaq3iZmBglW9Bwgq4YHE7SfoJh/qUA7ZIjKpAg5E2ppA4x9AnQfgfcbOZAoD0RiE5/JS1S0YIJOYoRaVp1AAl3+y8iI6YBMAT261ljPx3RWKTaPte1y+CM5lMJpPJZDKZTCaTyWQymUwmk8lkMplMjwUV4iQ19hv69fj1PTXYQOSl3umZOJH/lRHByp1QxZDjGpKUaPlL/RB8l7d3gb+6zt4I/J39emX9F+nb71LSTiQudscUx/xfHFKKWsZvnEtKxXbqVv2otMddjbvElIiipgYl4aJ6s9AQ9d7vB78H0CP0QNBJx2kn9UjUiJGpnTqkTSAGh3RwmA9ie1NKCtLx7S9EijbzUYROsPktugaNwWNe747daXab6JOrh5C2qNtycZkpfM1y7fXPt0AmD0vzNjUHoWCtWVgTcXgySu6TTl6lRmh+o8ArIMk+6LFmoNAxXpJhnIvEkfBDCAHL6Z3GROnlZ09F8cZgZxR+OZJBSHkywLk2p0hHUUJ9FIivDG8AABAASURBVBNhRw5Pxzl99Pht8mS04UAiuBSBkdyeidPiORXqS9knMenGdEUQ/5P8rDaWNsjPaqoWI63bjQYK8aBGV1iagpGhm7xheEeJ26H2BF4Ii7dLvTu1y279nk73UC2U3ESrTQNdyBundJC88xOCiFC8Y8o1xQiLUBOlXsgwy7u6FoOAJZQoxpvyP9FJRBrH94gnlewGAvQEvtOFpuEr0h0iMpHzxlABG+CEs6PVUR+MOjGZTCaTyWQymUwmk8lkMplMJpPJZDKZHhPib8LPtuyu1svX3aUkqsE3YcJNxBcAJvcDdAXK0I9yZTKEIIkR9MJXHwTAFOctwBC4kA0cKcE4B5eMY0ojESf0hXopDdesiJO1w0rklEKulePEdDgpQItnBYTQ+dB7vwC/54AjdaADImw8D10d163eBK3rQv1Ux63hf6SsXoJDtnYG3No58JqQHlcudHPDnJMFa4fvenvcuRr6ZDekcuU0jBTptzeg2wptbbvONaBxTpmxNG8PlKdT3CgaxAJm58PNTvKjWPAFQguwcgYJ6wOmJ0JXKSlZPYqfklfOgtkMjZ6SZQM0hqW8K6xWcfVImCgjRmERaZG+kmWJX6Yk7SqX51chIeN1DZ1SuTRQ/GRiPrRFyIZNzEso50Lwi9ee5554X7LIppEDXHvoCtchXiBOM2cSOX5oPo8c3NF6CtUDRzxgYGOi1wVAOrltqslqkurt1BC0aZnWQYX1IRN6RAkbGVNsL8tOKwWdcTqDnE8cIgTTnBZvHK+2LUTYVK8aPoCXdSJadCbybkC4ixBQI3N3pY9JgpjIQ4ZOGsfoTCaTyWQymUwmk8lkMplMJpPJZDKZTCbToysJpcHJjOK44nX5ar3zE2LCvAlF6oRywuLCoWVgkG/6VxcF7wNl8PB31Lm4qkkxHH6R2hwc+YK8cibscZJSjHEYxzHFkb99T5VnLfaeTjh5olyhODQjSY4EVVCxS2qJkCvPfQj5Zw/8Ir9m6MRzAdeX3qfiU0It8cBhFJP5xQSyiLhK7mtSRdnY8iiwCQy1wwG1qP5o6oquj1te1br9icesbS/Tqh0rPPkEVzFPOrfJgszvHL9Ia/d7q05sxpVGRnnn0wyLAMAtrVa2xNWJyk8nCE1GFkddndnkg4SFnJrPZ2Uk2B7D+bLiCHYS+FFvZzrOqRCYXrKFCUiwS4kFS0oj1OgYLA1nxiHptQHkUeTFaXIX4RVEkrqwkHLt44YY0dX20Dk9ReKk0liyX8LSWt80XldWQXRaCGlG+NAhM7yG0Qs/mcQwgUL2UHnBY18WYlViuSCBe16IjC1rBJ+JPazKXRTaw0GJ02n3DT7fGjKeqnAQjepsWpQ/FgHXuinrOK4FeUlIEF0k0V1DHUBBXFBpFUV+BMOhO+MpVEipHaikjnrSCNaSUnh4PIpMJpPJZDKZTCaTyWQymUwmk8lkMplMJtPlaqrEb2RBaCFQQ3OcLx96EDcCLyYnQWwCUEkRZU346/uxnjmE0HWdxPBoyE1yXj1KUpQMCU3qUEYll0BjTOM4xvwPVYXzfiP9C9JWOoTjG5LbUXmvHeGWpFkxdqNmeWztXkYmQcjnGbm2nMuugYuzuejbdf1ev9jv+j50CyqPup7K8cVWgMcjNu2pQwpz0oHDh2iX0PagvSkUXdLmYwCUtCB575xrQkp+z2t+R3DD8uR4iGTDE6XSJ86dgj3CzZNsfjp/W87ZuVOc+DGgNeQFGripHe2mwYoaNAOvgAlO8UHbzq8Hz44FhQ6mz5TImp8htd4ZZRfvYCJmhG8rLiq0FrW8VXMVcPU5Fx5FG4SuupUIQaLIRRKjjTS1vRqAMBFXQA5aspjViHI2piuSeIIUBxXX2odI96sHjJflqCTbuBm714WFY0aPcoYEcvOh6RD9E4AvBPOR08HxlXRj2gZ5ERbQQ8cOYNo/anSSUjkCncx5mRp0hJL3Jek9iNNyVvbzes/E0SSihjHJjAHlhDxhMNIUBKdRQJp05GYLnFpscbt+XyxwJpPJZDKZTCaTyWQymUwmk8lkMplMJtPvdc2KxCXYZdpYQAcv39eXeAYvsAnblpQ6J+j33bWoi+qP4PQb/BQ7Q8xJR8yEFm7bImytwkpFkbMUwEeMYxxWwzAOQ1KyhCxPUEEZOBYUKekf2ohrU+gnwKWEhEi91IdF6A4Wi4PQ7/vQEYlDfRR8JGATbTE7EeBWKmTT1wQ1xkTf44kwCWw/1e9B4clvt3IhsLlxy+uNzBh37OVObJ6eUyZdVzKfWqXLOftlCE55k+dcjBOjjRmmAG42+Xgf3DrlGl+NwoDJ+qDTTnvvZ6OMNRClPhW+7UVBMtrHFVxjngGcycM4QtIXtQk87n0IwzBI+9R7w7kS7qWuGfoPglIdxZRJE2uI/0icH0PLELWGPZgEi/BevFaYTqmjxA4q6NlrBdmwCRWOYM4N6zMMTcCWbsljosZRhRUr+yh6kjvVddp79gYhgs9zG6exJA8URTXKzMbZHZQXybeAHjZXLTSRDj17v9QbHxnkqV4yAthoNJOShq1lU71zUCeP+Lk05AoHKhGHItRcGZw8YuUxAb2vjp1wyp8msW1xDk5cB00mk8lkMplMJpPJZDKZTCaTyWQymUwm08Ovif7gd81veVUre2zLgVJH1cAYeoMetFw4fT1dhAVgYbMPytTpQhcCFU9T0mCFUoPHUvhF3hk18cLhsFwKcZI1JeNAY8Syu3YPzdf+Z728CqmvCZ02SPXV+4UP+31/0C3Oha5HF4jKAR28476LjzVxaK18ejnVVDjhQzx5r8es8NRvcduhzcbJ0ua4ObDp63EFvI48AvnAjuwq2hbNfHWKD4c+I4+sdmNLlXpY375+AmwXC8mNARBGItTO0hMCyfsWIAnysLut7eKkKNxkpdQvCBVt0cWhNU0hROL6687/f1/1T571lCd88j/8ire8/Z28OLEPU4E3iJTwbgqfYpOOJCyFRPaAonOcCUOdiMnd+oynfNk/+Ot541d+07e97Y47pf0pJaC4Gy/PuXfi95GXNlnLGAxBjv2pSyzBEqBpPuhgIl8KcMKHO0FaXIH8+PMUZQyYd0H87L/x6Z/wJz/6K7/8G9/4xrfx8NBnCep0SmL9lPcV+yisjImDISnH4erZySSFCRZuTyx2V9wXiE6nKfnAYFR7EbZvYaMYFAxFHx7UqSHvOBsNZpFpeulColD+GP8tAVefF9CmCtyHam1Cf3SS3EWvTb/SUCmTyWQymUwmk8lkMplMJpPJZDKZTCaTyXStBfUb5U3IgnhscAU9iN0AkK8JlQi981CgDpgQkMntgINspMBKnij5vxA6zsHJNUwqcfJrSZdBsTKg0i9VVSNTLfTxMAxHy0vjOHIr0kS/QC3e6pftQU0lphQOTu2Zvra/RhtsButczlB5Ts+heB0HCx8Ouu4g9GfA9+h63qeThoEUSLkozQPj3bz6yo33Zdhli294mtraNeOOVB0A6vZdeETFgPCKEIpHSVeBm6xvx+bdnK064UB+c3xVe27Ss6bj43UeK9qcE3hqCqZ97OW5RPGoEHRDOAqoM3C7tn2ErT+HWKEUExSiIAikECoEU/Mk4T333vf2u+6+9WlP+muf/HFf/G+/RZA4wE5Mk9QySA/hZ1NWHXkssaBi6lsS2EYlvfTDn/+NX/r558+dyR9917/7l//7V/yb17z29bT+cUCNxNQI1NRaEuVfN91w/V/5jE9yGlgm8IR2WBiKN7/l9jvf9Z4//Sc/dq3v1ZdFzvPKV/7qb/3Wm9mwxYubCS976frrz/+j/+Nz//bnftHRcsneLP5JT3nCE594syNYJMoV0bUYlT4J77zz7vvve8BJMhqNLrqZ84/QQgTLRPJ6adEfkOgbbF1HGuIE6wXLHEL9UcqkGMrUvzEUFMQN5VP7Mpk0ZqlAi/o3pjQS1AjFO/g9StOZTCaTyWQymUwmk8lkMplMJpPJZDKZTL9/BeXHlQADLR3z9+wpNSZ4dg7wCp3Mj660BB0jLgB0FEfxVNMUTDjZp5T6pNcv6UuWRaJMnTgMq1VjcDKhMPNC9laUAhtrk/XfcFXwRa6Fdnzu4KDvwgF5nPRnfLfnfd7uC3MDTTnd81XD7CTamg1HiZm/wxVWVbdTEL836rN40pYTiRM8+fX28TmedDlR1cRB1cbr1FSddlpUX4rWECVtP+01UpPStHZ6rBwTqDWH7K/UgDxNs7k5O4HnRy6VA1xhqXDK65kwq53SIfTz90JPFOTg/Lmz+ZlzOHL8TdM43uMHf/ZVf+IPveRTPvaPfOv3/eilS0e0ZPkOgmeMDZhYiPnfw8PlAw9dpDUNPeZFh62bJLQlnzY4Te35hI/6yK/+x39z0Xdf9x3/Oa9K//hz/8r//dVf9s+/9pt/5Kf/Z4BOwnlc8iHURbOAcMmdP3/2Mz/tE4/p7E/9zCtjHD/lz/4Jd6zueMddv/7a14fQEZaBnn1H0rd9x/f9wZe98NZbn/nXP/fP/9uv/VZme8Kf/FMf85f+4ie7k/TlX/F1P/nTr+R1Oa/mHTCeR9RKXYcnVKgB3+YROujQl09TO4PbVYYtY/LCpzSOB7lQ+dC1jjOySmKTFwQSpMQzp4A9eqScI8E1fjpMJpPJZDKZTCaTyWQymUwmk8lkMplMJtPVqJTvvOQzyGv+trmUj73iI7lU6aHzgSuEgOW77hqxofYnQoZ4+Y46sSrgNTOjqRJqSo1YEHCFMdEX7F2Mcbk8Wq2WMQ1qgQK1qjxrsgRZbDdL4HyI8i65ayMpcwb+/n8X/P5icdAtDnxYOOgalIR3bYxgBLMRiTPAfN96cigxINPHO1mR3Z/Bjt0f22EUl0WQXNb+J3Ybm712XGULqIRrAMnaLt2W/addQAJQYEacOLf+dg6FTGDLMS8qAyAv5jvAcceCAhz8onhRUJoUv8B6NpraqZ1NJQ0rSM9gaknC5tEr26dhW3tTZr1eCBrPJSfTF/FL/8anf8pHf4Q7VnuL/n98x9cds8P3/swrv+TrvpU9mDoyK/G67slaNo4p356/9mc/4Ys+58/HlL7wX3/TD//kKzClu9/7vn/9xf/oX33hP3zak5/0Tf/xewOPDAMTTmxSihlLGUXn7rr7vd/0bd+TUnQSqQMF4nP47rvf/5673/d5/+BLhc3Il/7cz/7Ml33Eh3/dN337G97wFl5yac29813vPYyr4JFWXcH4EnmZ/LN/+Y3f+W3/16d/+p/6H//zl3/lV18HEN/29nf+0i//hg4h4py8Iz3vuR9y88035eV1HMe8jBO84SOU4LTiR6KDjpKbI2ZUE3OSdCUhNtDX2ZzAFb7I1RA0R35THtUHR09A//omFwdktfNKtJTLp5JGJXMgOiKBql9K4j9NgXAWZzKZTCaTyWQymUwmk8lkMplMJpPJZDKZHiPSiqEGKGi8AXJIjqdUHY7IIeKEyqtj0kIwlQth+ka8sibFMYEAwLguAAAQAElEQVS+fw+MaKgrAOVS1BwfqTwKkRIllsdBinG1Wi2XR8Ow4iow1bCLaYorlX5pa3FkYCMELkWKpFqZyuupvjl3Pdk6CKH9XFCRXH1NKekG8PQSQhcWi8VB3+/7sEfECZs6FJuTaUBBv91fyuYo56vn91OToanJN7VUTLCJkUyAxI6q62YPtWKLx/EKp9U1g1dw97vLxU3cDsqkvfvHHOJOuMo2YAeb2QQOinlDkiiQNehEnqhUyvE4J0J2qhr8zPc85kWYvzjhEDh+H5zOVr2PxMJi3rD6QZsFBZqM4xrhWuZLe60WDdsyJlBYivz6fffef98DD6mVxnQqtwVO05VHz3DT9eefcNONyMsMdsF3TEx40E6RzRKtVV/0uZ/52Z/8Jy4dLf/OP/uaV736V11+6DH98E/93Ps+eN+3fPWX/p2/+uef/KQnfMm/+Q95qcorgcfOp8CrJF+FvUJW3KJ7H3jox372lZjGfF6h8HgB9XXSvO837qPpklJM8e/+7b+SN/7YT/33u9/9Pl5Ig89nJzuSPpL/Snzc9dc9/WlPvv/+B++88643vO3t/+Hbvufz/+5n/7Mv+0ef9pmfd/HS4X/98Vf88E/8D6YAE2EuuSdJM8kEwfv6f/vl/9vHfxR9FkeGWnC2gCg5xFOT/U6QF24GPJRAyusjB6SxNQwSUFLWNZ1N098ChAaomrF1+bAEs5vWxlRh4ZrKCAmNUlgdTtVBbS1avo7JZDKZTCaTyWQymUwmk8lkMplMJpPJ9KirQhCey3xAJdhQcAuv/iagCTmgX+evaAXH4cz9CDRLh4qO4AVZ4Q+dln7RFc+PgrlEKpC6mH/FcVwNR8vl0TiOfEpE8TJZL76LsKl1Y/uZRFw0u7V8xwnj0VxLWiA9C/LF/4S5ahxCt1gs9rt+33cLp14AbhYyocQJtHE5MMUPYbnYLNNFd5hGxq2ddnvXhXeYAyiwiWbgyeDCZZEnl61TGa3gsVtOxE3a17gJscAxh8Dm9lNq/TpiFNJCJ77O0a3H/L4U6AOgb9nE6HhNaUSbCVhYw134xTd8zw9/9w/+txSHucUMYsyrSRSbDmbeAvhAv5mSyJs/9zM/5Sv+4ee4lNKwctjzRcm1yQf+GPHWZz75X3zeX/mIFzznnvsf/Kwv+srXv/HN+ZxYPDhe9au/+amf90++++v+xaf8bx976zOf/mVf/22//ebf9QHpJ6kvCDmdxHQUkzR4lQ9PeVVFshMBXxw9CsMjBiPg8jWe+YynXrh46R3vugtRV1xPtEvoGP3IB33kR7zwX37R3/0fv/CaL/iyr4kJv/27f+i2W5/1C7/86xcOD1HMVko0kTpLQTNwZQJyeFmk3VO+ZiiQh1BR1WEGqvUIlPFXMEdHeu1WKzDCN6iSSZyABE6BwrLzDDsq9625xUnC2fIgilcWN09NW9hjRwGhfF/ArE5MJpPJZDKZTCaTyWQymUwmk8lkMplMpseCtHA3pSUUFxOlTgIVbYUf8foVcy7pOtcWE53AJrxPAVC0BlpwFWEp1DQEpYiYYhrGMblcRI3DOKxW5HGCLnkJ58H1q8yFGy/0HXC6B0BTJIWTsZMZ0qI1UODv5rPtC4rfS9/3e91iP3QL8B3Vk3e0Tjo9MxNoKrCViZDBxBK+gc3BiNiiNNuF21mR31PlWDxp4+XhJu64vSvxM98TL58J2bZXnejd7oNw59G/3ySc2QT1nC7hCXAbeyTEiRIL5A0yYoy8u2c6wX3UR7707/3lT/tvr3jVd/3Ajyq4QB95TboSbMEp2RDzsXmHGMm8I9FTfPbgzOf/lT/71z7pjwXvb7/rPX/1C//FO++8C9njyPOpZAV58+13/pm/+QXf/XVf8WHPufVH/sO//sGffeVXfet/vvfeh/KHIeSz0/VyK5fFNWQkliXJpAgepnWWW/VZf+7P/IEPvVWWgBtvuP7Bhy58zVd+qSvA2g/+xCt+/bffxBYpeSUE7i1Fz4wcW5TP+wVf9jWgeKCPFWSh/ymPh+1GaAUlZ5GkK0viGLOYe4zJ82nE6aXYtNANi4qpcH6a2pmIs8h0DeFTCmPFFj88uuziAuyxktioShayyeJnDR+cQ2IoVCPZtKhpEMitQ2VbsB484taJYjKZTCaTyWQymUwmk8lkMplMJpPJZDKZHnkVkwchPCQNhhxKQkmGAal7yk6yf+VOHLsFFO8SqbmDOppw1VltQHxhPrxTUxX61joOcVwOy5hyHTWO45Bf1NAGbtoaO5G2tR+nSI+rVWqHQqq3Ulol4iR0Xej6hRAn+wAdasCD7DZrLCf1gFAmsqEZMNkBjqcWZJ/jAYp6T3TI18/lHqvCU390wp5t1dtNLgs79994ffrL7Toh/Y5kuyBuEyiPQlfmUJnuG5fffs8eVp3yctdm3hQaqwnmKaFaJx24RViMNPgNZ8cIwEVeJuzU8U//zmd/2G23vOX2d+YtTrZT6E0HXs2IGFLx9RIpInTMkgX3KR//8i/+7M+46frzq2H4d9/1g9/83d+3PDzUJYhWwh58J55LiOk9H3jgEz778z/vL3/aP/qsP/8Zf+Jj/9RH/aFv+O7/+h0/+JMxcrQSuXR4ufv5BNHBLc965j//R3+7jIMOy9d86/e8+W13vOwlL/zEj/5DtZPXnT/35/7sn6xvf/X1b3zNb70xn6kj6qUmhuGYkkwgDMK4EHWClc6DIDFaQAk4tN56T5yJmE7lfdlLhFxIIkp8jj5EqCAJVD5PvFlArZTk48m2Ry5Ww3USrZ6EsXjUPQi3QeHu9L9y/2Fa4stKr/deibzibSKvHROMExXJRGHw/0uAWyaTyWQymUwmk8lkMplMJpPJZDKZTCbTY1ulale/M149TXKF0tfqI1SSZENiJKAGJ8yslBclTmYK09EqpRREc91wGIbVcLQaVjENVEVOUrnX8rKTev2pavNrBf2r8pLQ9knnvI/0nuxeur4n4qTfD10uQHdcv86F0FxipcKs1pRBIQiBb6QjU8ZIKbi2lXeoB25XOg4CwKm2v/3TVo8ag3Ka24Gn2LK+fSqFl+148vm34iZXNlWmowR7KC/V6cSXnSogNE3lRyUY5DTXvFZ1fDqPohEtaQLuWC5om3x5BgiQ+OC9D73j7vc/dPGI1ibiKYIPXb7Gn/q4l3/YbbdcOjz6+v/4/QSIeA+h811P6AlTKRyPNV5cru5+/z33PXSRoDBe3Z7/nFv+1T/86y96zi359c/96m9+yb/7ljvvvCtJJg65pQQy1KDbpU4n8sitVsM3fPv3fd9/e8VX/uO/9Ul/7OVf/Lf+0l/603/8y//9f/q5V/9WvhqZIyWlKvJZzp0//8df/rK1Xn3r9/0osyM0EH/sL/+9O991VxoHpFAe8iL5rM/8lK/4gr+f30RQi5fcgZEHLSEOKWIk4K3vuw+97dkMW3kxj6pzjjvs3vK7d4jdiIO6QjH1x/MVmd5gCxPkddw7na9EyLHNElDQWUk1AsndAcUO9Uaj+pcgrYa0cXTqZyKRSoK08KHEj8BsHpRpoX8epjW0XSNl63zK5LdbCUSTyWQymUwmk8lkMplMJpPJZDKZTCaTyfTIihEPfuWLSQnVawOEyd2k7OpmrgUkyd3hFB5xeah7QGUpfJMnIQEzyN+cH4ZhORwO48pJ5ZOLoolqqlIjlcPXgAytWLcle0xrJWyt8vvZF+lPNxgzPgKSfkXfk19Cv9f3B/1iAb7nwB11QEGp1jbXhvVTuuoN46YSvC8+KDjfk21LXAOqgKsF3+ka9VrrI/N7SCczJRsf7MJE8HRXuUrc5BT+KezBkdj/psbrVNYE2tcyyx9hncZmBE9slUzHbafFtSt4dPOLVquSYwWbVxTlsf3qb/2+r/zm/5SGJdmZYPDBM3cSvuhz/kLe8f/+vh+99977uCV5PQrk+eHV6USeu+//yVd+73/77xSaQ24oPj+9//Rv/cUXPeeWd3/gni/7pv/0s6/8pR/691/5/FufeVKrtA9v/N13fPLf+N8/+g//wa/+wr/7Ic986ke99A+84hdfi8x1lHUEdBSc+6bv/sGv+vffkV98/uf8pf/zb/1Vxlp0aC5cPLx46fC2W57xkS9+QW7De9/7gaOBYI+8Q6TplBxHyUQUkodeIC/Y52+4/kf+4791OzTG+Pw/+ulkkuImaCN6FzW2TFfK/DJol5LAIa7QLRy+I3siYOG6xHmkQlY482VCnUHMokBB+AqF54odlmtMTZiEkalS7bEmUpEvmRI3VhLLxPQmptNMZ5PJZDKZTCaTyWQymUwmk8lkMplMJpPJ9PCKiA0xK3FCnzBv4r2W/HDy75DCrXy5PGhBsOTpKFWhhUWp7xbLlAaeAP6+PrgU02q1vHR0kVJ1Eso36ani6YthCJakiKkuOm82YhvOgOUb/o2u5GvwbEvipWrK5i25QR1A6Pv9fnEQ+j0OzQm1asr+AJy/QUd6N7EyZILSlkRLGtF6M2FXMtBUUP09R5Ns6FTwzwmf4vY9T3nO6QWc6sDNM2zdjrN99JapS0+340C28uHZifjI31u8qo9FML8dcqBuaRgq2Ma4nJYSgPlBHl3ML55w840v/tBnYBxTHIlDcLoEffiHPvvZT3tySunu93zgk/74RztO8yLcJATni0MJoQsErhBxgvjaN7zlPe+/Jz9+//L/+d4//TEv+4bv+sHDS5fy9v29xZn9/VlTQLPBUoVEivb3F3lRe9Wv/NrH/oW//Tl/8dN+4Kd/nttJDlEI7azXtYwuTaMidz9iGlE5EmrZyz/iRf/6C//+n3v3e9/7/ntcNR1JGMnUI3ro6nQbE3MX0CVePmJMr37t6+vV8u6hC3/oJR/miDsZPAZ2NykwCNucJCE9CsKR1PSE5ycWSxfA2gFZmFsQLk3eWPqvWlzpBv7DILFAZYt2mq/J7jGovkDivILCn2D5a6KzSYYIBTVh7kRW/ISngqhMJpPJZDKZTCaTyWQymUwmk8lkMplMJtPDKtBSoeIinpN1mBXxrolAqGxE4Be8TwudTPE5MEl3E0OOMUapOuZi5WoclsPRMK64BizOHgqRcO1R65bVGqRpb4sRYNML1zAa+lX86VN3GcOBOhw+IYXmBIrV2ev3DkK3z44JHfeolG+lYKqthPkFp3wIVIYGmk9PrRm5cgXHPzaFp/7gWHcTPPEcM+4Edh+z+wzuOI+Tak8jFBROO++ATlSP0k2EEzoPp8dC2qPERQRnFiiTlcvlndFvaRGvObnxL3jOs775//ybO4/0/mu/+O+70+kf/Kt//8M/+/O56W986x1vets7MEa+RPhTf+MLMK2IaCg92dtbvONVP5Jf3PLRn7ZcrvSZxySOIMS15NUN8Vu/90d96CD0eRFFaAxjCh+HJaRG1wVyLEllS2rGjikZZe8ooQYEVEFNq3FlRPPBkV8dLpd/4e/9U0cIC4Ej+dBzZ8+8+ed/JO83ppHQOB98MVyRBR/YXAAAEABJREFUyB5Zl/MO5PdCl/OwYbwjq42wh83WKPdlWu2K+1RStGQaOiAfKIRi8AOKWcGEpaA4paAu4fr88HBEVAqwfWo1pIcGr/FMMZlMJpPJZDKZTCaTyWQymUwmk8lkMplMj5q4pFh4EfmOPhMnCkkgVlBiMjXh2B2pJPo5btKctoQn8FsqEbLxxxjjMK5Ww5B/CEPRnfXr6+VSUrh0sKWkuIUnAC1J1+PRobuyr8AjCiIj6Tm5e10Ii37voOv3HfR1kLSoyi3VrByYHDS4llpHq555W3fmm46poMLGi99TmjuCzLcee4hrMY6TD9pmbVI/g9Meu/Xtji04+ZuUfSboJO280O+7YnlJjZrrNGPYnGP3dj3s7vff+19+5hfZLiMxmUDD/7Ef8aKnPenxd733/f/zV3692nIwReGd98979jNf+vzbPnDfAz/zS7/WkGnw9nfdzbZFXqg7Ye3IBcR7lwIn3+j5681KccD8QytkYDIkKKshjk4+AHT0O4QZDzFBG4jYPglqeSIvp97yCtyuhmIBAjA/WFEM3TGlPCaRjKvoTkC1IRnj6GkrcSepPExJk87Y8oQAu7JeFfBFBqXMbPlDMDWvsCD1EdXVULk7LAihOF+hnkE+9H7yvsIWzONDSneAHU04aM0XPoXHwBXg78Sn2WQymUwmk8lkMplMJpPJZDKZTCaTyWQyPWIqVT0IVEH1wU/EybadOU+m8ieFOFkro7f1SKk6UpbEOC5Xy2Ec8k+MCaDUTOfHzr9aj20hf3Zu3VvOcXyYTtpa0d4WziBlUs+X9Iu+7/cWIXQSHYEtcTJrDc5tTurPNdU8jKUtQD/GCQbcIEe27nQs9nFihXmdMmmmL24dnxJ45E4wUzmlavvLxbodYIk8Wun3AXfSPj/FkuJqSAA49i0tDG+9/V1f+o3fk8ZVGpf8e3j6U57w5z7hY/OH/+Cff80v/sqvO1mTQvDkOEJQyI9927/JG7/xO3/g2//LDzPK4IULyTs433nfMTfiEQMvR4FxFoFOEInkSGxwJJ0kEsXX3LAQCnfiGabIr8U3hPbfWyzy74cuXtzoxNpKoS/VOMoJ+OcBfD1gijBrD8WCeEjTFPHwQsC43Bjd/v+z9+6BtmR1fefvt6rOvf2ku3k0zcPxAShBFJ+IkujgCxUdNVFJYpT4IjMxgxPNjBoj8RVHnRhfY8Y4oo5mmCCoERU0CAqDCkaUQUXlKW/6Rb/vvWfvqvWb+r3WWlW79jnndt/u262/b58+Z+/aVatWrVq17h+/z/5+LYqsxv2gZJEhZt4Lp+smgU6S8S115IUVAUVVGP4wBEU6yp9lz4dKdXiafxS0x5QrrjL9yp7QBv7IoKMtegnJP8lqHoXeLcKGcwmFQqFQKBQKhUKhUCgUCoVCoVAoFAqFQvcX8RfPSb/c3mm1VmuOU6UylewdL8/Lt9Tty/2lBf/ieRuaUD8kdUBA2G6Gw8256Wc75klTUTGhF+otXIEslae2Om0cd/vsZ9DT0QmIhhPtoR2xeAhM/cGpU6cv7Q4OCFPWr9mLo8nCs8RihszoYYmb4IVAC1abaEMn6GjuBBcHrnlS3KtqAZnl1n17H7tb+ZB29ixbaaeJWWtEtLb9mMGZ2de45QJ5iAo2TidHtJgsdeX+SZ6U/u7HSIjKZfss301/2j+SeMwuOPu4whbqKTL99IAZ0/i//ov//vSpg1/6zd+eEyenxG4kPeXjP+oTnvgRt95+58//4ospD8JkqK1JZ5YknTAoYnOSGY8g/sM4xsgJOuO0/9h4lsjtZTMUhfMOhDvpp1Oq04nsmeQnX37JpdMRN91y2+yqpKW+79tx9MvEA9m+HYbZATshMqTgSIuSFMMTvrKOWZK+K32e1tqOrVDqCckXDGsKy7RNMFtWzIqFl2Z/VIqJS6VTKtxlCCIVzovHA+ePP81eK0lCZA/ENNzZ/v0BW3GbASoXav2/b1exUCgUCoVCoVAoFAqFQqFQKBQKhUKhUCi0pqSuJeQBExX7UBlH0mmIRP3quX1WWJNU7ABkR60R5ukvfx1+nAq5h5tDIU5G/g67syygZeLWImFOBfjvcs7s59hrbUJLyIDazu7s2/yx17wbEyeXXNIfHBD08u37RNBG6OioaIkV3OqlKd8K2HG3iRMqXab9RX84gVbMIrD8vq/Rk5NSJmtb6Iij6LiNe5s4mjU5r5tHUtSX216hk91T4s756TiXnpmZxH2gGWeyPmg03332+oSjdtTUa3Eco1lIo2k0EYY5j256IumzP+0Tn/ZJH3fnXWe+/Qd/Aow46VN/kPpTKFYf//yrvmz6/bwX/erZs+csB6fru+nTaR92OmFkJHXqTYIHB+nhD71G3E3YlonPJ68PPA/mgx71yMPNBrDrDg6kDz27m6Tu+htvYWhCzE6yAnQZLjl9MB1ywwduFeskG5/P+4xP+6jHP+bvPf3Tpzfvv/FmqMsp/37kwx82/X7f9Te1lE1FXajNorGjqHHxITVZEeiEut6P5qgcXbz06GxOJ7pY8TiTrPvT4fxZOa3yHcksbHIGB0ps5U66iKBl4ugsJZ3MhROpXbVsIV3t/e5m6VduTqosiVIxKOYpYKBL0qEgMlOUUCgUCoVCoVAoFAqFQqFQKBQKhUKhUCh0v1BxLhFqRMqBlKw46A4GHZr9CUrEgSSDYPtV94RY0iG4xKmlUG4wb/M4DNucx3Obc8M4Ti/QchxKUZKEz6h+J2VzU8IvX7MH+6p+biv1M+eVss1xkBY6oTlpgfb1fg/NyRzqkA7Y4+Syrj8N2AN1kpTScaWWeLBa4qQMQBlL/QM7li37tCie0g4FsbSUWV4lnKh1XGt/sc+9qNlNPGqf4ztzNGJyT1mT45CJeWtmwlDMF8icIaSo3q8dvwo90XHnvK+TeE42qRRf0ucXbNrDhdHqiAiskDAJCwFw2WWnv/s5XzW9fsOb3nbFFZffdFOn/kSpP6XQyed/xif/7Y/7qDvPnP3pX/hVsTPppk+7g9PYn+r6A+x69SZR65SpnUc94mGv+PF/dUSvfu9Fz1vd/klf/o3X33RrUjAtGaZ3xeWXATud3G5dF115xeX//Kv+wbQO/uffeuVb/+pdCrvI57wGPfo6hk7e+/4b9HL9qjVqBxs+pdBzWKA3p1DMGaWk8xT3kSUdJG91tvKYclfKmuUOPmViT9uT0x/lHrFtTF2ixMAku/eJczZjWXbLqRHaKaSgSUkK4p540A46XIJCRC6PguOf1lAoFAqFQqFQKBQKhUKhUCgUCoVCoVAodO8LJf5ATU64QgkGj+CM5NBYCq79EVomQgKL3XF7FGxjG6Q+mKfq6mazOdyc3QzbcRy5JI9kX5efyw7IrTvIscYYe4v1OA/ggZmPCjUnMB8B4vwJdXvpJx2cvqTrL0XscdrOF9pJQAU0HE5p3mu9DMgkP/WuYczeK1nshb5991pobc+VA9a0BwcwWwG4b3SMf8ZJDz7O4+SEW+prPNFJ4egOsMWDJeyYGU+//+D7asTvTd3nPjlgz0Lq1O/kmmuu/n9f/+ef/9SP/5SPfeJrf+mn//iNb3rhS1/x4pf/7q13nMWUPuhR1/3AN37tdMy3/dBP3XLrHaljY5Lu4HQ6OM3cCRMnEtODRopNV7PZDq9/8zugEG3Ou00LwJMe/5jp1evf+CYOBitgBxgHMi1xwI5OmRdTY/fyo699CBToxPULv/qbL3vVa85ttmfOnJNlBXyN4qM+6BEPv/EDt07rZQ0Q80W4mirVwajrz+lTBz/wL59j3kqyMp86sOk3XQunAfnCBPWUelruMr+XXucMNQsHLfkGdOkxXxMjTXxNncMs7UqrzViWD5RrYC7LHa4IqVIrChO5x5M6raDTjXKUNTnzxQqFQqFQKBQKhUKhUCgUCoVCoVAoFAqFQhdbXos0oMK/V28f6Qdami011qQQA1HymqjuM3LFMI9aIszj9N92GBg6OTzcjgPzKrxbkroile/g74jUPWE/syFpETCeBLg41uailE0ltQEP+ktOnb7k1KlLAHuuIXNdOAl64hfKr80foPZnUdI9sTHFvh3vs2/wKzlAtHQxuJfOBuetC8KarB1LlhZSfXCo2QGPbs0+wsapRECFFjpZOp38NWFNLppQnTc0nIW9l66/6dZv+cGffe4P/+zTn/qxz/ycT33Kk57wsU/48O/+n579qj/8/37xt373677086647NLffPUfvPDXXsZHi80Jp+ocaLZOJ/iEu4fIHbzhxlu+5Jt+gMZh3J6bfudxmFazaSE76NJfvfIXpz2e8ayvZyJkOlibEq8U/ul6eW2shC6nj3jYg6dDbrr1tpbxGMd88y23SeRN8nVVPgB86EOveeLjPuyP/uwvfV//Y1jM6pQ0tO2g75/1xZ+3Mmjk2AojHdj4He1kqEnIjbhU+R6kmJs7pVjMjganofr6zE/V9Lq2TNqH+vwxc+J4iY+99JGwfTqFTKTSZdo1bYKLQD2FQqFQKBQKhUKhUCgUCoVCoVAoFAqFQqEdoRZf3asESzFe2ZPmK/fo34KXb8BnJUi8bMsFwDTVCVMaxuGQ3U3OZdaokToCNlSOBP3L8juqDMR5XcSxe1BpvCkB8yWSpAUhdlyGPugPLk3d6amKC5wxhMLVdPy7IW28/9ZEwVbufWjjAmiWj3E/rdrS/re0vg/ByUkUXN28iDWivYfPttJaH/wE+5xOFsoQOqEcEPGcHZie2sPt5pf/y6tf9Osvf9R1D/nSz3vaMz/3M572SR87/YDM7+/7iZ+jcZAHvOeIltTLj4B1qSE51FCj4hHYnHFJZ2C1gMKKrdS1TQE2+uDrHjq9u/mWW715+VBOKrRJOnX61DDkd7zvxje86e3bMT/zCz6r77sXvfQVuucdd575q/e8//a7zuoyC9WDqpyFf0+7ffW3/QBQpjw694S2WCveYd4nCTA1VwErfEghZqiOifxVJxjzv2o+2XkqhAvCGn9jdiYN7lISqexPjQxyCqXhToqnCu54qOzpQCgUCoVCoVAoFAqFQqFQKBQKhUKhUCgUus+Fmr2gNcc8D0uwUJ1aZ0Wvs7LNA0Gpvmq0DiWaGhjysNkebg4PB8nTIT/Gy4tHFwrvRhnxvFCPCl1IkgSXYgU46fruFHanUzoA6scxpY4r1KSuKqgozqJou6BMEjyg1BInF9vj5Gi3kibCZk7J4HKHo9vZnSgnoVtOopaUqiFILXSSZ3vjec7yhfnKvl3uW+apxj7dx+ySW57IupLMaCTn977v5h/6yf/0ilf/15/7t8996DVXaQ9f+rx/93O//JIf+9lf+MBtd7nXzMxNQ3ebPwwSkUNdYvuakSGR1CAjksijJ53WDXM64cQfTochR9qmBj/6cR+yHca3vfM9mLDFPPq+/8LP+fR/+uVf/FMvesmLXvLb3/vjP0c5H/TdP/rCp585e+5FL3n54x/3oY9+5CN++aUv/+Xf+MsDRVsAABAASURBVG02aOl6Q2Rwd4nB6RS/+arXMnTCeN8ADAMCtJYmUyetn0l7Jysy+ZJf7qL/yW5mglBidYQjIXTmxqGs1I6kYyEF71NkBNtUMAYPwcges1eiFfrFEEVlUoTya+Y35brffTvjQ6FQKBQKhUKhUCgUCoVCoVAoFAqFQqHQmuRr9KBBIWYB4MYnCdGzFWyTFg2T7MvfgBcSg79Pzz4nMBU9t0ycbIZhO7K7CdcvuX67oDOSZDVw8fBoUIP8B5rCZLIKPsmLY6qO2IYxNI2m0ibXj/u+605Nv6c6MtApSL34ETCMYtfK6mBeneWPaBXXeCBVQtFsai4ANnAkuULN7yN28Dd0PP+BF4Y1OcmJ9h6OTYWdeMLr1vV4nXLwEf3er5PcoovktHMB59DxKmgPGsHAJEjqKHUPfuiV3/CVX/ysL3r69P71b3zT9/zoT33F3/u8/+4zP+3Zf/+LnvV3n/Hzv/Kb//75L/7A7Wfz2LmJE/FzzqZNtJigfEUp6SveuYFOeIlkhqNPioMIzAGWrFN7+OBrrrzuIVe/+o//7K67zk4bTh0cTBuvvvKKf/qVX/bsv/+Fj3jYQ86cPTcOOmPw9OnTP/P93/xhH/TIn/2lXz883Pzsv33uBz/yuv/tec//4Z/6f8xJxZ2o2pHAosReTBIg1AmSkc1AxMgQVFZGjik2I6T9NN4wMwilh8zcrqhihlTJJ0ILOaLWnIR8f38uaG2CK7FC6BBJvSR/lJCKgxBCMddaTO26QygUCoVCoVAoFAqFQqFQKBQKhUKhUCgUushCTUMQECNp+ANgiY2B6gaAVvwkplSseIn25X6CPAzjdtxshs12mKqpQ+bqJ7VfpdcypRy32hHa/6LZSUulJd0CFi9mV1ZOVuvhJReHoZkuZ+i76b9T/cElqT9gsoS4oCzXqr4AJFeM7Tfym+LvfJAesDXQC2taITlKuLr9iINOsAXmxeZ7izXB/R/tabA4negDYdv3QCe42gQcdya8p3tcOK1Ol3sVPamNKxmRhVkTu4zLLr3kEz7yCV/29Kd+5id9TN910wc//h9/8Xt/5Ce32+2rfv+//sjjP/xfPudrPvOpT/7aL/38r/jCpz//Jb/971/wkptvuYOXhNSl6YH3sBtB75Lm0ySO1HIyLncHnV3v6VOnuAtd1x0cYHdqWjIKccJOJ4SMe3DSDT3loz9i2v+3XvPHeuQ3fvXfn35/5Rd97vT7L9/+rh/5v174i7/xO2fPbaZOXHXVFT/xnf/8Uz/hSX/8xjd/94/+9DiOz3zOtz//h7/zf/naL3/i4z7s6//1D25HX/JsWS6ZP0acWPjO1NdpPaPRHj+ZidMW8TfR5yU/9oMePf0dhgE8MSyRkHW8hMvyXogTYXJAm+JfKdM4w0QYDcFcyBIC/7dADpWNqT4Ufh8VRZG8HZptNPsUBEGAyr86zaSeBYPZDgnulekWCoVCoVAoFAqFQqFQKBQKhUKhUCgUCoXOQ8qRoNqWNKYm9qH8FgcU/2q9ZNJM/41TfVNqfpmmMub23PZwO27GMfN/XOusX1N3tUELGmqx6Mt5eEA0VMzeXZqmBAvg+qq+EYcWjtHA7uB0f+qy/uC0uB9MheMePLijDRRSwwFtVqq6bBygti8n7s/9S6uQwN0jBxb5JGui5vcROxz/Kc73/OBHPfTRj7jmUQ+/5hHXXn3ZJafee8Mt773htvddf8tb3nH94eHWDBdW2jmqJ7T/7Kv72izn17mOA2LvB5eyPM23nI8wH/M5/+rgvtWFhZVOolOnus/+5I+56vJLHnTZpY962DVPetwHP/bR16kTyXYYX/DS3/7xn3vRm9/ydkFK+El+41vf8RX/03d8wsc+8Vv/h6/8lI994ld90Wd/+TM+/f/5jVf++xe85KYP3JFlbaMRf+Cf/6Mv/rRPOPbsb3nlfz7i019/9R9+/Xf/e5T8nS/4VG7tt1/7ek3Geff1N22H4dd/5/d/5kW//trXvYExl9Rf+aAr/sk//OJnf+kzrrjs0je86W3PfM63nTlzZvrone9+3zO+5pue9/3/6vM+7ZN/7gef+1Xf8n2Hm4FPsMNUSf5ZciMTJmXc5kRX5vGqKy77kEc/YlqekfLTPvFjHv+h/8209R3vereSMtNPzz/dQeq1LV7csSFCSNvhbYPH2oirCpGTH26YUrGnGqiT5SNlEx1PsXUf58eQ/4PDV0JKF7X/erSECoAlLD2QlttQKBQKhUKhUCgUCoVCoVAoFAqFQqFQ6K+vNFahU2hCvjrPlVh5kTw+xrALKdHqKwYvMooTwDCMIxMn281m2Mr34Vl0d7M+FiYZa+VsxTvyYtMCLkBs+QG5KI6h8Cgg+YL/walTB6cv6w4uYSCAwzY6bECTWVPir6DWJ8KdpLUuPfA0sw+4B+RAccKBPTYnegY4Dy1hkbbRvuv+209+/Jd+7id++Idct3rwnXede/Er/uhX/svrbrz59j1twv7tJ/VQabtENO+k4EtHiNYafKDqBNjRPZW2vzncfvYnfdTTn/xRZfudZ8699g1//urX/emLX/7q66+/kfIouEmv7iM6MV//xrc+83/810998pO+9dlf/qTHP+ZZX/AZ/+/r/uS3fu/1bE7S99P+2+1w9nDjZ4LjJsr6/TrcHNK4hem+J7z6isvfdf1Nb/urd4upR/e//dR/+oGffP7NN98yXUXqmYY5fcnp3/75H33ktQ853Gx/4hde/EM/9fw77zyDqdO19467Dr/im777P/675/6dj//on/iub/qqb/l+Id1sjKkwbmjROUmokTJOCp0gjg958NW/9mPf03byVX/wR3/6Z2/q5ExMnBAeyAvJB8JOUQ9d7yzmhtRRRmk7eamLKCmnaJ5XikUZt0j2wCKDKmjOJdhyJ9WAKtfFtgIlO0Ci94jdW8q/RncH3gqFQqFQKBQKhUKhUCgUCoVCoVAoFAqFQhdaSV07NMsAPbUBLBgHa45DLbVP5cZMeaBBTE0sVUcidZg4sfwEKVDOmYaTdeh4V4yCRyzDPRpZgZbqp24NIC4mONVXu747uBSnuitpAZcrsVzShFpVJmtKv5mfwL7tv0odPOB1L5IDxzd7HOfRtPB5n/4xX/Mln/rgqy+H/bri8kv+4Rd8yjOf8ZTf/v03/tjP/sYdd51baZ9mkMjy0713l3ZeW1l9cZlHQyeOMv21qJvfV04nzEF853944Z+++R3X33Tz9Td+4H033Pjmt75z3G4lbYcNiLCXhLAkyxpDZGLOxJE3+fde92ef/3Xf8pmf+omP+aBH/ebvvDb1Bw7O5X/5oz//rT/8f9G4zcOWfzM70iAWeaRx5BUvi3fH1HjqJdcmgbN6YEk3gm3k9JXf+m+f9pSPZosogShuue0uwU1O6SVMjQwj/Mh//OUnPu5DfuhnfuGGG27kZBzpszY7vRgy/ONv/r7nfe//8oM/+0K5dl6Bbrvrrj9/+7vee8PNDI2A04FipuJrHDn/xtE373nvjT/3qy+77PTBdNL3vP/6l778VX/+F29m3CR1fUoHyD89QZ/Jl3uaPuVDNZ2HnDARbI9fCVGSSYJtZEW1fUE9TaRT/A9ECb4x1qQ+a/I62UegCE2BacofCzSrCzHp0AnsYv+4aCwPhEKhUCgUCoVCoVAoFAqFQqFQKBQKhUKhi6okX26ffnVWRzTipLXymLEj8hV4Bk22h9thGMbtmIdxqslSdmqBNARFS7YtrbLzYlfZy9etkcnq/rgfTEntRxIHpNDMVAPu5Ev9HVeNu4OuO8WWJ/wF/+kn5YzguQ7eepq7mNS3JYEIQkUK+qjnx6wcfBxIREdBJ6Whvu++4as++/Of9jFwMnUpfeZTn/iExz76X/3gC97+rhtxlyyh+dvl7TwOpbD6uF7v8iLwb33Zt8325XlVpjU10Mlxc+iESSJ4gngddyI6L60yJatRTPO3d5dEoZVRsZUlZ8rTgjMIHTLkcaBxdBYMhAJJAoV0qRM7D01xYeiEwZFp/5xH3RO7PnUH6eBAAQ6aWq7QyQBUopKYSmGoJec6s/VE2KwFBp1MbXZg6EnmRnLj+dTwF05OCNGSefVUVoZtWoQgkaicUWEaXpQ6B2gE9FNvET5dfzBdKzAEkxCSLXTTWswHZpjGJ2+mi4KRr2saMRghERx0fZcOTnUHpw5OTW0kNbAiX9vIpjP3Xtd7+XeBlCaUvBzBPxL4KokoMztDvel6u3jTygxx3sSIFsB6ZrChN8MUt5kyAMie0mkRJ33g8GW/8MPTlkc+4qEQCoVCof26484z0+8rr7gMQqFQKBQKhUKhUCgUCoVCoVAoFLpweu/7bpp+f8YXfZ/YmdBUR5XUGC7/OVthpUAua2rlNOGoxMnm8PDwnDqdsMGJ+gnwV+Cl7sg1wtS4jCy0WkLXqmKpiedmZ8RjvtBOaQYUJLL4Bum/VmK5onuQkuImHCyBzZf9q9+J5z8gV/DRq/2oURZaBU3Wq/kl3b2v3ONJdnGLgH3sDRxf3i/dW++nlJgLMHC+vhVt46vHfvxjh+n3DR+4a38b62ds+/rgq674rm/8ux/5uEe1O7z3+ltf/vt/+p733/Le6285e27zyIdf/Yhrr37S3/rgp3zMY9srnT76X/+PX3n1H/zFmk9Je5ZjLnwxdpdcdtX0+7qHXTH9/s3X/rnX062RfvVke98f83GL7TS8lVTe3fMhz6cDNW+Tx8Yc3w1c2YF2d0FozYSOaK/p7/oL2kF9yD9C39Mgtvo8piSBM/ygatgV24R04j4yLVepA0FPSuSMsh049jhu1SdDqBRFRmQfWfcEQFGmImEZrURJ1zTvs/twoF+JJd1o2I2FkCW2PNGEn/oUU3tbiA1OcMQ0MFxiNicdX4X1uUMaDVtBdJsmwV1kmomxSrL3AJoOpqs2GvnH/EZXxo4HBBNhn/q+6w7YiAW6LDvP88KEFhQyyg1HyC7c0Sr+YGo8GQhCjO0ZY0jWgraUy+1VUKZcPPm/MZVoIR3Y5HxWPZ2sxXIDxgRJ18K16RcKhUKhUCgUCoVCoVAoFAqFQqFQKBQKhe5raTaEO5uYZ4NUKIvfCXLhsJsKfVwZHfL2cHt2s9mKxwm5VwNxCbI2eqLYkB1bhNaepLSESwMJS2TQzpf96xHuT4AS9JCkHiyuB1zVZXcD8QVg0ATxACQIQoKB2GZATAXQ+RJVggZHgVKJnY0h3Pei8zlvqfDPNhbjhnuWjlL8bCw6RMvqs5vZIhN7W1lswKa/XZe++5v+7hMeW4mTP33Tu57/4t977R+/NedczvOWt79/+vuCF7/mUddd8/c+9xO/8LM+MQlXcOklp577nL/3nO/46b9483sWZ4U9gwO7MAouP5qRTkS78Tr7LpvmLdHaXrg4QCbdDNko5XjvXZqdEdsxzbZl9yqJ1s4122FnnonPhfeRrEOLvCK9K2l2Nbh2fbhj5ILtC7XuIDP/YJoNE3SZATgSUs62YIKmAAAQAElEQVQir9iqCXu1OVHmo1yGeH9Me3Z5HDB3doh5oqACF8yYYJoaZNSj6ypiMmcosEAj1eko25gZ/4FquDItmrzmMBNDFlg2x8YojwllJ+rYJ4p70oltSVICj5ej3IkJii1n/CfZQHQ2OGxwwpeBBt4xjAPT1bLZCTJQknjb1I3pgJx5b+r4NElGijvKsAdSc0GoHiTtdaJPA2oGQ8xQ/B8M6WYDneF0bSSDOyedqHB9dbMOseKOWSgV4vtsnbLJplZBvBwn7YO01DpihUKhUCgUCoVCoVAoFAqFQqFQKBQKhUKhiyHCptxoX8TXUjF67ZpDHYCrmNtxONyePdwcDhysM3jFnIisMilVZqk+wh4goq3kC7Myr2gn70MyFoLEK6D9snwtnmcxeNAvvZdaJ8yZGUnP6fqEUoyFXsJ0hDjREIz2IE4IshSL0g29fmgK+GqJABdXc+qhkAuzTxf777APd9OdZY+0Gt28Q5i5O8DJ0Zb55OGjvu4ffFpLnLzg117zk89/RcVN5jtPeu/7P/BjP/Mbv/uHf/Hcb/jSB11x6bSl79Jzn/MlX/fN/+GuM2fn54K1tw507B2hWnx3a4eMzTEy1Qz1cAeHymRk57LQb52/IB+ypfWE+/aYjAYr3cYZ1qEwSG5QMsNCYCfuRLoxO5eU9HF+6pU7V7rjnAtDAZXJ8GMXV7GmZezRmjeSD/LUO8XI+NntNH3GRlzAC6fozJrJiBVmNZIuJcxgkGMiSZPFdOjZBom5E+YzupbqgT299osq9ANKfJcvSbJTYkcWx9SoPnKysRPiZAT1C1H6RVAY3yczssGwH6FyXTmxjVPO0mm+v7IQTSszMyiYeSiFMYEkMTqauMNoDvRUQohADGEkzEcHqV3NfNFvVlUHcMz0hKo1jXJWem1ZuBQbtor7YK6GJM0yZbxbA0k146a31MN0EpSt2kFhWXQy40mXlFAoFAqFQqFQKBQKhUKhUCgUCoVCoVAodG8p+dfZ5U9aVFqt6MgFThryuNluzh1uttttzqP7ZNyTst/y2Ka6XV4ucZM9X24nL3aif0Ofq68cVcFBOZ1UWFPS/ArxI2ioCGwasXOTmRfYB/fYDeQeafXM50eMFPzj3lGLJRRTiPPrIbUvZ9YIT/m4x3zZ5z3FG4fv+4kX/5dXvmH9yEJLSKH7j97w9n/yrT/5Q9/+rOuuvRo4B+fqb3r253/XD70Qyi0vrFTTCO5lJo7svrFOpZu5b6itQpyQ70S+36wWXx6nggiI0vzJrKxJ6e9ORg00KAmWDmJBAkpWDL/PZmOBDTFQcab5aZFhMUFiVsap4Q20SycYQTrJNMECkSjDgSgwR7VXcesM7ZlhKLMWmOhJ6L4ZAL6f7ZySDREn7KSVp532oDEGVWRtiqyTmfE1ifYS1kTjcNBvK6MgmizD2UBl1JLdG0Uu5FgJ9plaHXkj9mIoxe0qcJfF+YXXZzZpkaAcBk2A9BqS0ir8Tpkg53WEVklqvmJJaDS/uMXK6NyJRuoIYUM8b2zoyf2xiisJWTib5PlQvcc0Mzihcqe0Wxrro4SJ533x5FQHKhk9s3xh6CZDQCehUCgUCoVCoVAoFAqFQqFQKBQKhUKh0EWXkReExSLEZaEpI+RxzNtx3HKwzmYYh1xyWfTg3QItpT1nW1Q2dz6uoMnOq7YCirO9+RvvWJNd5Gq4fMsxOtgljtTpksbrdAadgJaDuQ9d03BhTEDgFedX4H5AnJwc4MA9rRx3CVrQhxNp5Z6s9KKQEO29OWnLpVfwPz7r6WWqvPAlr/kvv/OG+Z7tCNGiqetvuOU7f+QXfuw7v6bvufL+3z7lI3/pI17zZ3/5LgBaY2LUv2TegZVXZYPafVB7fNmrnx2A5UlZGI2s00MzDkrcLGBd3pqBJDQ/4XKvjG2bzSfYMl4VxSmGLLMLSQ2wtTMsrSPQDArYe/tx2cZilGqf0XN2sN6/hgtj4MJ3lA/c26NgNAQCbaTZA9GgZdjpMKadiyJcjILdbCoQkfEr1PJDuVg2IaiNkrE4zltQzTZD42+YfjGTD96UktAyjLXocOakyTpigVJhFfYz4VwfFCqk49/EVAg3lXU506lq55OhkMudAUcyIQl1YqMZjbDVldirCHti3iUMnfBfXSjFh8Uy1kgbU9Or1EwCKuO1mH5yar9qtdYxQIfsHxnxqPEd9Oh08RblUCgUCoVCoVAoFAqFQqFQKBQKhUKhUChUpNVTCzbwWqflHnCuA23zuBkON+M45GGbt9ldEWCnRO+FxKOKgbvOCYtPSyNQzUv2oQ3kv6kYSEglN2lWhREn6UAMTjRepzPKRD7Vr+vv9Au8rr3o2kWqceIF2O0kvT8xcbJAInybMyvz0aPlfrtH1ncrHfi4j/qQRz38Gn395299z//5/FfstEl4RMsAf/mW9/6H57/s67/yc/TtF3zWJ7zxTe/cdzrYGcjW7GF9z1o414fGPugXexcaoqA4juaQm3W0SSwL5eaRWLZa7i81XiXUPE12Pq32I8IMjsk7DdY2WzyleSHdzu07aLvRnnWxPBz5JPsbavuQnb6A5jpQ03xKGpE8zDU5yKcyNfSJxu7QjiUM+QgkMdXQ9aa9QXriVHpAhmPo27K7mqP4XMTauUp0SJ9TAVP0AzulwCkgjAiN1qzgI9yM5EghR+uoXwpbmiTxMEHxNZHzZJSMnU6uOlEWWkTShOx01hHF7ZJNET9pO8REWN1wsg2oeI+YJZb88zBmUsMWkIggXUzVfMWTowpKYkOM87ucbVCYaDEPGNRTUYne0QfGHhJSNtKeGje3CYVCoVAoFAqFQqFQKBQKhUKhUCgUCoVCF1nJS3tes+ZqoFZMhzwebg8Pt9th3A5TbdBLqVzVJP7mffv9f2oIjjWmYMGozPfwGvl8By+UHimte5KyMpIdIXk6fdf12B2kdMCJGUkyIDg6owNL50iA1Z0AZyRNKR3vWrYc15v7QIUmwKOQiFVZagfMEJPz8ThZtucdmrWDSDMyhfTUS7eOk9zYL/ysTyjvn/efXjEMQ3PeJdew2sKkX/mN1z7z85/60AdfOb3+tKd85P/xcy+9/Y4z+3qCay2sqi155zGXA7Qw3yO1vIbV15ubhv7A+MwTg6D2Rjg/YlRBs3XxglNVxJyC/CnDpn+W7lOiT5x1gGYqlabtZkGt+c+uGBS5KA3NAk4sEaUgRJiccGm4B/Bnzo/Ms1tIDc+yw/XYxRYWoX6a1WmEj62DQ7vTGrNPmpkLi4Mp1j1YFUKZD9UYRke93h2x/xDHDyrX6Vcxyoux+JigjQUocYRy7dPbjm9V5nAcNh2hEjqj7SRhXtSMBRUukQtNidGb6Y1Ad4rJZM34qZegnitiOSI958HniDVZzVPDP3FDWaaMRAeJ34pBVRKvoyhIssAb0iigljnS25KpfWdzy3gTa2f6d2V6L+CJjTLJRfINSej/LulSjdgyPHjP0t1CoVAoFAqFQqFQKBQKhUKhUCgUCoVCodAFkHzp3eIWlNnQGjB/9Zzy4bg53G63w3agcZwqg53wGnZcKZlaNXtVZMYos/qv1aZpYXCg7da0C9jbqNUgwbIhyLMj2L+ExM5EWBP+Ad6SuPDKJfCpvqoOFJ30XXmbktSR5jEaqJVcWg7YRZUPfAV81nbZGVtnEdb4krLlvNGTOV5kh5cbqZRF9a04euzmtJG8vebqy5/6CR+uW95z/S1/9CdvLwATHtdOKX0jO0WMv/7y//qsL/306f2pg/6z/s6TfvElv9/sM6uTn+8Ntv2zQycp6Tj0SQEZ+TxLZggVxiMlxw0IZ2dO5iqBfqRGktSeYYVJlBVQZwpqXD6sIA9NDd9PYrdDHCwQzY8DaYYlUEuBLBAc3abPDFY2xT7My7HLtYliUGEMxMxLSPkVFP5gVPbC3Eys4dKCTSo/DhvuyWga8AsmdCJC+6mtKS9RjEjkhT4YQgslRdfsZBbEA5WZMdBhmlO2rkGFrXLTE3JDE945tcNRmwInSWwNQnUTgSypNzyYas/E5ifZFibZmFHIkoS6XNpzlzIPXcp6xpzcFYQZFFvpZMjI4nyoXJHPDXASqoyy+kwlH1kdST0okSFO2S/ZrlcvlzQlJ9eJqb+zXhL5KQWXISWULB8Kk+8hwUDJGjR6pnCPcPEX41AoFAqFQqFQKBQKhUKhUCgUCoVCoVAoxJYgmlLAtXkqQTv85fMzmzOHm41+DZ0rj1OhPElBtpRNXWhpEF6D9nZUZJXxJQah32zP4p8CXIdPqRqONK+WSlr0BbBarpeTO+ZLaLqgg8QGJ6eQs3V6SYRI6udikQxSqmU8hbB8ed6a7jpDAcxJQDuieE2p22a4KDJHBLGX8fLr4lOTG7fQ0jfm3i3SYinDW/Vca8wlZuQIoqV+1PIfj/nga7tkd/nXX/E680qh+QFLUoQWV6kEx0tf8TqFTiY97sMeifOj7t64tNeVx0EvWWfx9Lofb71Z6/RSxkcjEdjIIiUOfupT1++cOdlt9bp6Qwk5JWCvmd9IyZ1lcsOcGE7h3XPDDYE6RguR8bFqbpqfjEao7/w629siD5AyAfaJXiIZkeAbDEXwwXJLD6wETCF2bMryZWUEe1FutbiAeLKLMyTae29KjIyWMyw38TqOv2VSzsQgGPbnSD6+053jcUy8lIj/R3VhmdEtPDJZ1yDwPCQS36cCmpSdk60efneMYcNcbiQyATfdS3DmwtxNvP98WK9rtGyfduyUJmnQi6QGJzosJDtktYCSlatYmLini80QQ0zKPVGmpvHEcbmFkd9MmfdyNNld4YmTRxrHrPfD8oygACR+X214UGN9bBWvexiSpG3zzilpOlJCexiwZOucLyQXCoVCoVAoFAqFQqFQKBQKhUKhUCgUCoUuuKxuzTVd7KDLME7Fy3Ec7zo8c3i4yTRaXRlh4S7hpW170/whgpnPhPIos3KjJCwk9K/Vk37Pv3IV+3pbLQ6sUqzlTbUt6TnSBLvUnYI0/fSYekhd8S+QomknlU1lUHqUq0azppCSreU17Hbg3sU1Ti4CT5lQN4LVsivu1IxBi/wXrkZLR74XZsA8NarTCdV9Sw0fCpOw0trDH3p12fTmt79v5qpRTtW+nrfSvrvpA7ffettdV191+fT6uodejbSy/z7hno3YfJo3h1wWTwx2SH0c+nTb9UpoYeqE2uJXI2h0Soddn7sEHAGl0JRO+6TF9aZrHUMDKZn5SXKYSA0jUqEAkoWfeHaL0ypYOA9xGcmkIEX5xI0j/DnNqNYT+rGwXaieKALEyHOcps3Jn3klSxANCCr3I4lZSbk7CkD0vRoNKRzjaIJGrPDVGMHgPIeYeVjGCg+r5w95Jo3PIc3UwkqDuWtHrjOPLzz7IVQOzsaJKI2hY4p0FJ+lPeb+jj4NlhgaFaOQpU+S4nmQzTJE7JlAI6Oypu+Q0SIZmlmQAI04EVubpHYifEMd7uFQHt4nqRFJhmS3FknGyQAAEABJREFUo4xYFueUXJidTI7QlBuE/sRiuQ5ft2d+KHbT7T7acoM5j9M/GBaOpHDcNJbZx9eRktK2jj4WYAnMAAbs5tl+0zDz/ZWANGtKbVQy3X/W5VAoFAqFQqFQKBQKhUKhUCgUCoVCoVDob6ySIRcMX3AZlbbntptz28PDw82WtrqPVIaTxJTUA7V8qjXFYsfgzgKtGoOAUlBEre+CBt5woRSLocjMeoTIc3malhsvC3TjkyRJOr2l6nQCoKROs4CkiN/ZiT1ex/qf3Ali1vHqLgEIDVxzX4tm1w2LjpSxKj4XzZHUgB0XuldzMxGywIzs77L/1cp09pSUpjcNFHPEyD7iYRU6uf6GW2bQ0WJUlrgJzd+y3n/jLQadXHtNW/iGnV13xtvL8/UTKmexkvtwDrtOTCuUREj9h17RcemdZ2Aap4I8D8g4UB7YEGJDw3QMcxQZyY1DZDZbXd59K8TvgkEIhVHkBZF5lLRIBWacXbiRK4gNSDXiqK2WuZE0LaaMnzIFxVRFTSVSwRI890cjWhhf4ZvdiYmK0g/J6ZNEGuxSR4zn5HCIUAK6qsOG/tZ8L8EysoM3hErckMZh+Taynb1pYRxqUzoilgFE1I5T+bxszABlrJhNMdeS2ZDoEVTmAli0T/UEIbP1aIWQy/JnST962+SUxZSG1Kqml6eF4ZmcwXxddED4cwutyUycdDojwE+pPigFC1SIiQrDkXVoZYpYXBNUi5Gy0iHV1Bs7e6Z2qW0GwfO6CIrZCd/ujrCrXAlsx1EWeCB7eKhT0sYHv8yENQCs3CHpfx5tYzaMhvJFspwKhUKhUCgUCoVCoVAoFAqFQqFQKBQKhUKNiuPAVBbc5uHc9vCOM3ceDhvqYOTSJ3Vcce68QprWW+GytHkTeKuzc9h31BsOgr8CnzX1Qr+B71E3DXSykw5jcQtQHVH0a/JsdoJwgKg/p/htmn4S1jwIrcEmN25IqBiKlYM9cWLfBTa9gIv1/fpSBJ/GLdXKLuJ935sCIeSmoD/1axSDkxqCY/kkJEO9JwuD9m+49qFXldc33HRrjWrZW6DerfrX/W+46bbHP/bR04uHXHNl16VxHHf3hMIN4Kr5ygrLohq3Z2jEXJ0csP+Ia68k86cghk7YUwMHYDuI6b/MphAElmUiBhQ8DfmpoKzoA2oUDH+es7ldGK2A2ZNR7A6Qsh5YYqskLqv0UFgWNrswC5PFRVhaCxNkSDvXhynVIS/DI70xnoXEaIUPzmpY5DiM2X1oz4DDtMhAGGk2oSBj08PqkIzDI3LxlqlD5nhifAMiVNsMcNbNsAomH5yqsUtzcw7ZMi7nG9oF2F0WmCU3EA6ac1MZy6yMlQz8zNSpbdXoDRsI4YQIrG/edbK0MoHGMhXyJlPHyUkSASShSEKZ8CPkHjiWpIPQWMWA2rhQhYWkG+i/5DlMaCxOA6VpthqCzUW3YNEHIWlu0HzIbBfSW6lZavKvRGJPnjKq2oWMSv7ZgdmmTh0zAW3QmgO0RaVZLNCjdgjM40fvaoTrhEKhUCgUCoVCoVAoFAqFQqFQKBQKhUL3B2WwMvVU7D43nLvr8My5zTZPpcIuWV1Tvq+f1UZB0jaOYC68Clh3ILW6kJcauJLs+/eUpBiZkpUp1cphBp1I+X2q2JPUWwGtaJu4wl2Omlrou+50SgepOwBkpxNIApckK01qGZZPx/k70pIG7lDxPvDiOC2vpeFsagV/N0/jXhRCNUuAtmMz04HZZ/e2yOrU3ikSfkjuVFYIIrdTBNeIjb1N16PgrrOH5e1ll54+PBzaanXZbfGifYveXWnhlH505uymECe4sn9zBjyKL2oPGbd3DUZT2ITpH3aKA12kgo5aUZeCfy+EF1pl3akdeUZ0N4FL+HXKpM4WDEtMQzwwvKKHkQ2zuY3wcyJOKmAsi/R/u92UCxFQQbmEtLhSedn5m5SzwSozmslsNfRXosILqMVF8cYgu/HKKeSmHd3edfq4KzeQk3uMsOFSHpVw6O0R1egrA1TAnVFsecgzyIiU0Ni5LwV3UBIqo9hlNJeV0SkS5+8khCjppeuklvlb2Yvkl01Js2jKXGQ4xrag4iupOMM0nSZhLAqPQo5o8P/J1lfqss4SxV10TAT+aeakX6f6rcji6JuyzLDcoD96D415cYsVMDSnEDHqoVOHW/N1MqKTiWKNo2vP6KQS/86ywuIonyTFVrjDPaWEHvY0tTQOmSg3a5m0LGiKU0I8CCNAccmhmT3NzHolB3cSCoVCoVAoFAqFQqFQKBQKhUKhUCgUCl1sTWVxJgWmivawufPsHXeduytjOjjdZ/tmfCrfZWdZNdvKr5btYl8+J8QFF1HzKKSSSw0rUL6k7/VTrlim1uxkKn2zP0MedTNITxD8C/hc4+zIarBTHX+qyvYgBidKnKSuAyuVqgXLdHpO21HGBT28Qyu4XIjnq5SPSg+r2jqnVILvWy2zY1D9H8rt8HLyfdUd+U3NCzUdmObR2ITstNkpWmw/aRfL9V5/wwfKxusedtUtt95Zo5ZWcROPjoG1+3fdw67Rt+99/01YPTjKIXWKW8kd1tGTVU5l3B4q7NEl45n60+PWrgQ7NakAfQg0dyirbQ/ZJJZHQkkS0mq+lNTdz4TntIyuPH7k7ImW8uXFSH4rbOt0ik6PlsMYNRiEexCDIfMVmZ4vOXkCdeZgbKUk1ezcsWZYcrl2eXp8DwW96jsqYIphE4WycFMYEqQBRl1mpl3GnMXjxCKFUpeEU6AChZEEq2TF2Uo22M7sIqxwGBosk7T3bMkilyvdZUsnJisIzVCFBrVmQgPSdOlKNrW1PW4gyy5YmZVpNOsEVUxH6ZVm8eOL0hgd824SD6ZpbcqKj3Q8hzoOJ3KPkOTuJNMj1pqEUAuGCLqhzjNUPFiME7F1TRClEhgmPAuN099k/jK6KCbh+MSTxmKc2KiohVhsUJL/ayDQTxJXFsy22urY2eprHir8IlVmh0o0ERluRZ7XxIt9zuVTTTzS25isOYGsEEKhUCgUCoVCoVAoFAqFQqFQKBQKhUKh0EWWfPl/s6XtXYd3nh0OsZfyJwe4pA578PSa8uV3KRWaS0Sp83J0CNc2vR4qxUMLv/A8DcpWd/ZCvhIhVlkG8zLRr8RrVZFzRizBwUEErsJi8hpl1/V9158y1wGtlRqhIl/Eh04O6/x8cnL/xj5xadt4GvIKriApKJ1POwXNFpq5QDouGQfLaSvPo8XcZhesBMDdTJyorc0PJ1jAG+XkBpeghLjQkMetmOYU/w0wBwzFdE42brgT4/G+G24tr6+79po/f/N7Gs5j2TmANgekmjvYi4TXPuxqff2e991cZqp/vGhw5qfQgCjQvDJvDXvD4AJP1pFjYXgs+gOfs7VfWQ8yUAQMoTK0YTqWbNr5k1ZiamQOd6XoL3M8q9eD8kf8IpVSfgkJcqLFKvxZ7k0J2cmgD5slpYjlBzbuEQ0j1owtExNoQ9cEoTgP1NxEFNxh2qOzRYTXCGyHkvuXzQbDR1lMO1RJ6YaMhpZo+A/HfmFGpd2sKV6Ssoy0+2XUblCx+OCVw1iJHtVsRrJdqLIkxQqmbCNBKSy9B0oSV9IVow4LCkJENibSE2E8iNk5x09ktZHkIJkP7NAyfaygErMniddfQ/KY2fHYGSaaJHrJgCIQdMXGQAx1OLUpY6XQytRFy6NRREUXU4WcKDnCV9ZlJVKQdEEFhkmQnG/TuB8km0KG/BEYmKgBSz5mMtHZp6dJeXIch+zpQb07ekF6X0Z7GjzpR+eb/tGTlqcPLvyCHAqFQqFQKBQKhUKhUCgUCoVCoVAoFAqFzlfbcbPZnrvrzNntsCEx+8DiRdDU9IjgCD5iFsRhuIl9374WvOc7c54GmGlH8gqpGKt4CsRUiFUnAYJCvZB91306uhNfk564jp2katslh06k5bTsMqZFV9tO+Yud7JH7p2iXDrkHBdj2SDziMyMg5OSjOBEgSeiLcEhZDTjmAyw/ykzs6eAR4M37r69OJ5/65Cf8zu/+yYwF8TaX6Em7g5/zyR/z4acOem/25tWdZwfuNNhU8wl29mxsGZLgNtiXcJeGOhFbDK3mIxp3opeAyx5oId4IBnaxIAui8tMnoGbw3M3CZv3yga2MiBlLNDYSqMREBvVMke6RgybemQLeMDJB3v48X2ZGQ8mTTGUj6nOMAMVIxQwsSENTsmEYaq8EwnOMNqLqfyEMiuFO5NACGY8AupC0Q1J67eycmLIYNMOvxYYjKeHGdyuR+2z4ECaFhpiZI7uPXZkPJFBV8iwps5PJjnboAA+E7jRCnCEkniUZ5WoTadBOTmAhNNO6lrDT1DA+O+MkMsIH4o4yHZ1LZk42voV5k0FsSEhvMcoCaYZIegFyPxxoIl9PHRkxgkbndpk+SBrzxJyNGRd1qPcI1LAGxLCFpK9ZcB/S0DIn9lDTzZwEIu+QTupCoOirkdQMyEJzMhiVkuvMtVYVdlHECEKhUCgUCoVCoVAoFAqFQqFQKBQKhUKh0EXVnWfu2m43Zw7PclFS2ACyb67XGjucH4XhlW2Rhogg1CweTc9h6ESAEcvMcYF9qV4LmO5x4jElKHXaQpxgOuCKribvcIaJeKkYyoJa6fQLSU2UT4kHAt/hfk+ZXBQtRsVuq5hl0CClek4UEXggAzXpI6aSQ7QsDeNRaEvVm9/+3utvvPXh4lDyt5/8hGuuuuzW2+7C9Q4W54X1i3jGZz25bHnjX76zNSkxu4WmuRPOhhZQojn+Mr3ou66zrjWhQFjsT4zS0ZSTprtoTx/a02ItJFz62KD6WJQQI033aZCL5OlBVKNMjALL9laogtJzN48gJT20fWu9nhSYF2szpspjlmAmal9IrIuFvlRHFkEpnFQR/AMkTEewJj102new4c2FnbFULBtJdTxByVsxlIecqij9UEhF44yEmVAcgrkOQTygGd/OGvYrysqyUOuMo04zzODI3tmGGBGwYYhS7rQXWUyU+HxZkr6SUC9MbQlkou5N6P1FpXCmCx7F8kmyc1hkbkJ2T9XoRMZNRzHrsidWUF3ya5CgHl1excIka7CQ8T9yYPJ7lCS+SD2mBNDxkczk8E4CT3cy7GdE0nygXByuCoJFo1Ey6E5ICGU2yk4K/zDgk6WfmRoaCgxC7PyhcCIoE1Es26FQKBQKhUKhUCgUCoVCoVAoFAqFQqHQRdedZ86wZwVqsIyXSpvqO0Kp7x4hrhoWMwUAD2JpkhWkbq5cCXb8fX4uMatFyZw4kWwe+yq7Fx2lL6T1Tq4IT73tsTvAJO4mltvTWWf1m/2a1JMlkcfeWbmfSvV4xbHib7xo932xVlBvBbZb0PpxHrkwrgX8xc5umqAUAFuM7KbnHHFWAIMufvVlf/C1//Czp7d93/13n/3kn3/hK8qn7Z6wHzeZ9KhHPOQTP/Yj9PU73nXDH73+Tbg8yubD3LPnqDaXZ09JmQgmEGQ0GiGOJyMAABAASURBVKcT3IVu+KiOB2cqsVu+jG43SwhU8kA/1OK8kwyYyOw90DAAa7SJ1bGeOQekwTTuEQI12aQgVwTFgcQgkgyz651ZBCkdMh8sLJ+BPWALFxSHEXwf6Qb3obJJYk80rUdJElWywxUO3rTDKIcWGA3LGrUwv6hEjb1N83vh4V4+MODJR7NrS1h7XTc6NiE0RdMr8pAvVO5HMsGSusSw3YiGjKF5qIj1ibQwqm+JDEiGcYSUR+DUHCa7+He2pBm/ZtQ5ozk/msujfIh+KKAJVMoJy0eNBYrl4UCyQ6VfmX162MxIDKfEdIQ0NQqUnFEkBH29VognAVLxeLEh4flb7knjl+Oj1d4KJaKm54Jvf+58e5a8JdQpiewKow0THeWSFAqFQqFQKBQKhUKhUCgUCoVCoVAoFAqF7htthoErjn1Hhmq0hetZNRbW0RPacTQgd12ou0uVlWvETJmkjlERhkUoaaqE1juTeS5I3ASOUlJOakkBmsXTcYYOO5r0iPyT0oG4pqDVVN31RPpiZdVSKi71zrZ4fRxM88AQtXV13LPHUUcfsTF7aZ2r38AeCFnCdMiTX4rjRrFgsPL1fG7AkZ1YWniUFy99xR/+42d+Zt9xofnL/+7TXvu6v3zz29692HNxxQsSou+7b37OlyVP/PjFX3mlBqPsOYRwbSxxbefU/Ob4m2zOPDqh+0wOJSCUAnmhn7AmRyVykwuNDHG/C3F6YOOPGd1RfHqyd8ZNifTZnQ8lVYMTg0s04YbImQN00wmYPSlYX+PcwkR4Aj4OKz3iT5d015rD7P4kPrDKWJDG0fAjnRBn/jg6pbIyH2hIDPHKMJY4H+l1tmXKhlKNkSiP7T2y/+sagDyJp4VFCZtyE3Xt8AULbX9PGfJb1SwbCgCpE4yZr6Q8MmJSrlMICgbkeBmTuad+HcbAUCr+NAKH8COVR+4cn2YYiZvLefqZtoPa0mTxFRLCRN2iEmqOjVurdGL2JAPXJf0ENalIU3BIORlHTmxMmsnuHRfKJ1c/FSgwFJa1xjkpw30kNSq71QsVdkdAErtuhPZomzPyBFDyQdUbKY0kd0MhMveaLI0ltVpi6xjEoE5CoVAoFAqFQqFQKBQKhUKhUCgUCoVCoYuuqTzZdVYs1ISDWdG9fCleK7NzlgTAwQKtJpdYHmodBqzOLt//T0XMn7DTiZR2rQqvpWAuX2YvXuqX+M2tpJdInR74e/jTxl727crX+a2T1tX1cuQsIQPu9yVLPBEXM3ec2HdRtLcprLs0r9RLAjzTYxTgRC0XRtuBfNzd3wAqAlHbXjc2WPTN7veyR7fddsfLX/XHT3/ax4PgI9/+jf/gv/+ff+zM2XMnwU1UX/3ln/Phj/0gfX3jTbe98tWvL1zMEUzJ+kc424bNHJoq7olneJLJytO1n0r/BuaAld6hBIJ4yIv49lDtyDTKCNVxCDRrxCxmQCx+Ss5On1IBfzI/OkmJASM1FE4wykRuQ0rTDSwPiilr8pQ/wFzbz04U6dPYLe6cPq3UsiaVysjKCvBzTRaOpXCKWGKobYlmyTAgkgmzMgvCUujrPGTNm+EFSZ78IVOnZ2C0SfEDQQ+YcxDYSYYzGQhSb1S12NAeooXp6P0XSCIZ4SBeHeAmJWrmYreBdPmhcsvl40EbtfvBpiYyyFnQGzVx4v6zq5M6pWRKpIFKkEbBt+QtjBmGke2mdARGmt5Mj5nQMf4wJZ5PmkZmtyMpXiL9FdZOPwW1rEpiBZLcPUqmRuGTeBLYRdpqnSqMR46baLyNj+RY47PMa8Vsj9jBSuxZZA0YaeDPZCzEiiRlJCOcFDURLgipkkwy0FnjizpMiSw65wB1uCySTacOOWNDoFcaCoVCoVAoFAqFQqFQKBQKhUKhUCgUCoUusqTKB2I/0qGbGmgNOiv6YWXH3BpXWHoGWkYElxfFv0AzFXKTqoNYQ0aYbxFbEvE74dgGrM4Pco7s3gVGv0iBUYvPMB3aMWjClMl09IEUyzlnR/pEcgy6T4HWadENJvhFSmh7etdOgHPc57obGMw+ymQRB2L+Ge7mIDdRitP2Gohg5neR5X6OMg0EOlEbAqEJpC6czb2AW5BKdwNLFPakckpER14xwR7U48d/5tc++gkf+oiHP3h6Pf3+d9/17O/4gZ+/4cZb1hqZvZgmx9d8xed+8ef/7bLbm97yrjxmQxNwaWqyCrLUZuecyuJcp9OphF0H6aDrT/UcJ9RPb5UKEXMYMFuLchZyExlroTpPlFdESqvI/fIQmrn1BFbuQ0GKlvlBucN+B+TO6UXXnqepjy3mwkck4QrIB0jnzfyq3V0IoFiEeOcqboQ4Gzt2dBHkQFNUfE6YP4jRKOZrQX7d8u6U+pjYp/wiaZgLf8q3M+uh4JSId0hpKLKEl2mJUnYFzC7E9iZbo2RCM/8wrT3F74nUXUMXKo3UkW4nHWBIqLFhna03pCfXYeYVb1paUQaZ4RLJipn+347DQHn6ySOOI0hwDmCxbxFEo9PVT56qPkn7tsAB+hptC6jcj3pz7NaW8a8rnR4tN49HDJmDgaxBTUlJG3ZT0SGyRUHW6QqVOXsI7ghDRuXYnS1KJTgJ6/HuA4Tl/stCDZ79lM3pZFqtxdikg6RcUHYESBsg7flJkLxQKBQKhUKhUCgUCoVCoVAoFAqFQqFQKHRvKsn38ZMYNBR7EK10ThvFnAC8zkm1Nj5TIRWo+gwUPxECNQ/gsqlJ4nW6JCVIrfZqmRixQA1YvBS4+iqd7NTjhL/qLzk7KF/pB8tNKbX7df0NyWHw0At7M/usbm62e+wFmtGDoSfKlAhWkpWbAAsSEVcKGptGUZwIlkOvEAEALUZ+L9Kx/LTOszNnzn73Dz7/R7/3f+j7bnr7mA95xI9//z/7/h99wR++/i/nx2LbyIOvvvJ/fs4zn/RRj2lP9NSnPPEfPfOz/u8XvKw9YwNILbuEtWmEnc638TqXwsGpdHDQH5zqWdP+/W2336FIgDxdxgBUyMrsewzyksHNOrqQ3eaH9ywJU7OBIc8BysVeRhGwEvHDx44FL7KzdHahxcODCoLkxhf6wFqkyWI8AKH1sCl4EWI1uGlSaLD1u5ETCcHUtCePsuWnCJ/E61DlcNwZRgEJQRJGozN0PrrrhoBuYzFcIUlQKtkutkKw94deteAQejs41Ctpd3JShoKJFnNd0VWID1M3EbmLWG7H9EoivxLqY5BbIGga/cQ/7A/EJMuW8nYcN+O4Ze+aPGQ1N0movQLDQcQ6xdKWOoH2xDyHkvm+oK6NDasHnlZDi7tWp2/B+pQnQXQ6BjPaZBoNliE3MiH3p7EdbOI5w0Tkt9vpI81HU9sX70HyNCX02ZOSGdsAOPzDAEk29gmps715Y9IrFa+WpO4uCrtoIBGEQqFQKBQKhUKhUCgUCoVCoVAoFAqFQqGLLf3+PppzAdcAU2oQAixuIaW0XXiA+irV1jQMoeaIoOTo1Mq74i1WgE/FDMFhBzSugYM3kiEBnB7RMW7C7ibid5I6tdYoBd4S39BeGjUmElQub0/szkXWhevUfrzGwzSogCA0tyHhMv5UIJfNHKbj3AmpX4T9FBAA54jIkjrxkVcDCP9tnYTVnq9tlN9vedu7//fnvfgbnv3Fus+Drrzs33zbV73lbe/5zy/53Vf+7huGYdBT6s6P+7AP+sJnfMqnfspHK6Sy0DO/5NMPDze/9J9fuUa61Pp8/b1Cm9hHqdnzynT6VH+Kfw6m0x5M9fH+pg/cDKBEl0199RGZi/0sJGxKyRZhFzgCpqrtZ2pdK5zJ8p0s9AjtIkiek9mtwfqo2v0bt0N5rUQIgkag7Lvw2pt9U60+eIiLnQ/c/SJZfA+OYm/UkGNZyRibN2byYuYhBklwkpFaceBISkfAiBL6RGrKkymjcAk5O1Ij3egSdiU9RpafMYmDki5xncTiEGS7/UzfcH8TqrcGpMxuTdrdzDtzfE6nTirsiIJ6ZXw8E0SwGTaThjxmUmKGtgygcDNs0sT2JQyddExSZE3IUSjDDZ7MyISzebDYhEiPNNJmfktGW0L9RmR7rOd3x7g0ySrKhdyx9BxUtyokTsbJulldTxQyccMkWZdlKfFOkJBKJd6M52pmzMcek0JOJX12UAGpaVhGwWBsrvINUuDKqDUeC7IBB8WFMuQh06gkUigUCoVCoVAoFAqFQqFQKBQKhUKhUCgUuqjSL/mX4JnOy5qrhhlmZmBlR63d5vIl+rI7SklRkxBSqbJL+V1NAbx8WokT/YY9l9vFLiBrNRG1nMupOph6NLMTKdSieTZITTJpMZ2oFslrbon4GGANNqH1YbjPRUeX9Y/o7Ekab2J07C2ZdYG3T+ojQbZ91N0oD+JykMsdlro9NejJpO74HqA6dwAXruEAtA59TJ/luNKA/nabhJe+7DW33HL7N3/D37/s0tO6w2M/7FH/4p992Tf+0y+96eZb33f9B86eO3zEtQ95+MOvueT0qUXLf/Jnb7vu4Q952EOv0rdf+eWfs91uf+0lv7fgS1bsTHD9Fplxh+3Pvx96yYP67qDvxOfk4AC7rt9stzKg8p8MvdElinnps2HxKMYXMABhT4nuldBgFLuXvI/Yc/SMOpTgKqnf0wB+O7HkVqFlCSlqhLOJPuNrQA1OoE4RNbdIe+9WnqWp2AzT43y7LSu0M6TqyaMxNWaige73Yt4Y5GvS3MxGpyFYVta0WCQlJwjEZyTDmPOYUk5sfjLNXJu8eqyvEeojIwku0CcBKBJ0WWgI3l3mt6cL+R1gHoPXNr4BhrqIM0dGW7O4xxyak0dFYUagYczbYZykt2Naw6YpguLUpOuhAn1JMI46DgRYFwAZMAkHQ+mU5BCpA4uPJymtxCulW7/UYXfIpBjqQJkSehF+o+SR9df1/ikLNY/O8egzmTaKoukUah5bTZPqHFKRy0qOrsggajs8HGJik/QmcccHXap4VC27TZcTH1gYJLNquNsLZCgUCoVCoVAoFAqFQqFQKBQKhUKhUCgUukASAwaJ+ODfAo4oTFLtCkw0+2tFS8RqloGOkwig0Km5Qzf9J6XzTv0epLKqH1UEApM2kUfL9wDJ3JAyvPgKpAOuxnc98Nfg7fv+hYqxoIuGWUBcfAMe4QEqPG/uhOjkB4ibiRERWjNnNwb9SC0zpN6coUZrzCCA3fMWzEVmAd/gnMdmzuzVkjWp7db3r/nDN37Dt/zv3/Et//hRj3hI+XyaVdc+7JrpB/b06gUvesULXvjyhz/8wd/7Xf/kwddcqdu/+llfsN0ML/ut/4pQyJHFZZUMmmU3d7s6/Vx1yeV91yfNkDo4mF70V1z5IC3r55yLyYzMbOd/dIBkDxoUpbDGd7J4cuPpUz8SBkUr91Njoz9+8qk5rPDTkb3HPfZlfqDBDMlbslu7c5cS7txyedITwI65UF6MoLU3AxacDcMKFunUAfezkCP8eRYQJpVO673K6sABKUuG859jAAAQAElEQVT+SjYgg5eBMWFm9wzIKSllAhYPJsfUYdOzM/DRqYtM56EvDkZgc/lK4JCmzUhzzEMMNGRltFCMgWAA2o4DIxHO/Rwk7FOv15KQrVamxbAD9UtB8UchZ31sHBSucZcS1LgrQMNgNEOIwTzD/wzx0CN0L7D51dwQtEUdnQyiggSxBw8AlC7AYpKAo1VQSUQZT1IsKentqJOnMD713iezTFLcxBLUrA+ZEtnB/HQMI00jqGdjcijzvwsjkz3Z1iqGezhnaTyPxS4UCoVCoVAoFAqFQqFQKBQKhUKhUCgUCt0rKrVskK/xa81zbomRJbKBy5zgKThk3/T30rDVG4vxg7Am4tlgrIknRegp7RAshyUrdUo5V8/NB7ARQHLuJKk7QAnWKXwJqFuCZTFIPoZVX6E53QNG1Hb5JDXVZh8zLqC1fWafKAIBGqAjngzFIUF/59mRKy2i5W1g2wmy7kuBGzjmZCoYD7v9tCba17iysbkuq3m/6z3X/7N/8cOf9bSP/6Jn/J1HNujJ6iG//5o/+U8vesU73/n+6e3177/5X3/XT33Pdzz7qqsu19P9k6/7ou1meNWr/hjqXClTBuedXHqCqNTvRc0dLj91aZ96nnuaLJKxv/yyy8Dr9yXRZFQjEEkxmmrmIxvLkBbT9ZlSQkWfLnKPGpRIESSnusjvdO1TLk4jApzw89ClpSNNl5bDi4308D4dtNffpDFV2xEJgTHoJDFGMNvNmhU2pEAw+jsD+dmcEtMG1ahEHmZF0MwIQykbbQ1K3govGGLUM2qPuuKfktgCiVGnTMWkhcp9TTAiuUeHkm42j3nh8MUwWye0X3b3BMGa1kg2VmHnEg2kItiM22Hg9By98ZmXUew69mbSnnfq9sRjxHYqndqpFFTIGucLyhk8UkYtnuSWu6GKjokve5ATucuTEWLDPAqNOQ92jsrZR0GvNPHgySxTfAWU4tALTM6x1IdVh6BrhhHADEjQbnTdOddjiMkecYchJU+k/ay94ggnkpGcFgnlduRSMY0ZhZWZXgwDSeLX9Ip7TE6ZNIZWD7TFPRQKhUKhUCgUCoVCoVAoFAqFQqFQKBT66ycr7XpZV9wv9Mv8ZOXG+oX1qfpX3BCyhnioqDgV8P89l1hHSmJuIlEhApyoG4HmU2jTZOfW0uc4lRWlHJlJAnT44J7LsEmJEzsKuT5rRhBaBaVSRraCtVQ7tfyJJ8zN8cJszsfuijUY6B5pRmvgfPuMzyigyJ6TCi20qPh70oneI5QslHl+TZZIHQ6oKMSJ+J1AdlMI1JuOkpKjHUiGk2S53bXCraYpcgf4NFNRnuvD03zhovLo10XrI9BcJa584LcZjI46d3j4a7/xey/5zd9/8sf/rU//tI979COvffi111zqmTvb7fCmN7/zdX/8pt9/7Z+97303ghb35aP3vPuG7/zu533nv/7aK6+8TEfp6//pl9xxx5nXv/5NDVPiaTbgb/ZwMIurOHXqdAe97q18Qi9mPoZiuEUMYyD8enouGHOg03iAxgMYmzJT8Z3I5kGUbBxogRoJ4TNAMQpaWpDM+rorhV30mGEczAhkxoWU6apdysqmoaNkfDWpPmxmo0IzNxQUaAIAWsbFoQlhyRDLHcDCL4GOYYs3EDggUrEafzwMkkg6fa3D6FcxbScH58D8OJyeIo/MyTQyHWROIeTDSoDNrfEAKrSQHL06pN4AOCiYnVyZ0B7lkZH+ZN1RR56fn9mI2NxzKFAeYFBkRrJmcoIGIRIzGPR+ZnsQla2R3CX3k1EyRnBBIsICowBotJAc3HHSkgBSDXySHE9kKMaHRe+IrrrC7VQvJAVPyNK61AwmC2uCkkDE5x2ZSVPwjSRZbRQTFFT2kF9PG4XI4Qye6aGyhvlqEidMQSgUCoVCoVAoFAqFQqFQKBQKhUKhUCgUuriyUi5KYZfMgMDKquClPyvdUpPMQNAEqqB6H4jrgURXyH/+1s8EYDYqSaqb/EvLuCPzJlP9kRMTSKkGzZcARU3EToEdDKbDO7VKgGJjAA0wIJ0jrU1XTmGBMNwv65SltovH7bAiL/EaNFRtagjMJwHMrQGacjnnWHAR2PNMQAvsWlhG30JQav1uVAOS7GGxH2pLMd1BwVgyDVNhecjDtGEqLA8CS+T5Hdp3AcuLLWdrrlD7ZYDAH/zhG6cf2YhXX3XF5Zddevvtd9x15hw0xiSLF+98x/u+59/89HOf+7WXX3YJSDTPRz7hQ9/w+jcBVN+cFjc5uqudd5NZK2KfEzUZ6Tr+pIc5b9E0gYWQsPwbaDyEqGJf7o9SIInaAjY4i+7fYVeICLk7MOZx2XvcAX8c/ihmJOgPLXqn59yMsSb+HFblhtiq+AhA23PlJFroxAaA3XZ4tUniogF1tuGiTWvGAJf1UaWyLfnSJUOt45jJiRMouJVPZyd8xHglk8XTkMxv0owYp0Ao2f1OJaJIPkvgzxvZjsUUSP1b+Al0w5IstI0ZPelcskXXoA1bg7PZyRhBxTBYwmwXZ3YsHRVGRG1X5iPvYm+Run6LD4k6r1BdM1FOh9NKTcVxB93FRO48TfM7qT2NWfHIBahHUvZllzhvCIRA4zEc5daOhLwwsNmKsiaydjBxMk0hObWSiqlXUC2VcdHRVA4pVU4yFAqFQqFQKBQKhUKhUCgUCoVCoVAoFApdRKHXj4vbBVi9G6xC23hQZPvYCAYr+lHN6EhWguUipsbqGAxB1abDzsV+Aoq0cBLGqA4bqG2x08lUeJyakyJjp+YoehpaFhpnViFUTjQviNM8/eMBpRN0uxAnlVIoR6P5DOiOEqbDv0eJuMAMxa7AfAlaSWUf1bnDB14nhvMFUsHOXC1maxMGTcaRf+fpdR711OjTpulU7fO+q0V3xmm361UWHMVpErr99junH9ihTLABUFRve9t7vvff/My3/6uvvuTS029849t/6UUvR9+tECK7/am9wGajsRn8us/sczIVyw+6/vTBqa7r+qMmnB/alUGxvBjerERFIQYURMGKfRSkw5SyRmDRrG19ApePC612pLxWnqsNvmk+bQ5xS5VFC4u36nQyw2XcDeWIwSkfOWJhU7SFY6a5ZquL+4MAzRkEDWkZ3STEOoTqZaIglQS2wMhzFxWk8KCjTuNj/EkSExHtxHy8ipvJdOv1A83l0bMY40VtVpXZMmWoN4YfE7P30D0VGSGNG9LoGQZTZAXLRqiAuoZom2I7wy+T4ywyUubMAj5N7aFTaAPmN1n/FfAHU+xIzL9EP7ccI1m1bSzFwUW7Ou02rSUD5e30k416UmhmlMV9Wm2YOckgq4IAPZIYZfdZWBO+3dMoch6RhLLx9BG4Svyq9PlELLNU4aSjYLxQKBQKhUKhUCgUCoVCoVAoFAqFQqFQKHSfKDdACFBjqZCpVC0rjKI76ffvzcxA1Dlu0jEtIh4nqdaMVxxHwIIXRrJQCCloqjlBJ1+n14KuvCWNkmhbyDO0YFdULQDgAaR70NkKgqhtg1eeAdlUoNAi7CnBdeFRS89e1Xc7mzl4IRs6IYyUHQK1hTBDDXE5marflAeuU08F52ErBicDGxnAIAX1cdZiaReg9XeprMliZ9q1PCnoCTZbaI6h6IvZtLPpCvjWN7/re77npz/5kz/6F1/4W8NmSI0hCdRjq1q4pN2eLDyFf5+C7nR3+pJTpy89der0JZce9H1vbhyLO7qEaMzzQx0lsMF+5sYe7J1SnszaHbnT+vE4pp2TSdJLu213ei2REVDUSPtTsZc6Cs0YefnfMZRZn4njg3bSrdLOs+qRXX453nxzE3YdO2zECiMBalRC5dhpojP+NI4NhybBW25LoiM3lhFRVyD3CLFcLg3yopkfjDqaMPGgSBY2HfX8IJvexQPEgsGacBwfDiYukg2wLoj61KpliET96E30S9OcHbtWe6zRcCXyEZQMMh8IfVJ4KVWiRtNwyEfKCaXysHA/5V22XuFY+EMqcVu6Gig7wkE8I6ZtzodD3sqAUzK8R+xhcOBR7LKQMza8vFcS6yuJHWJqR6gTJcBIIZNpr+Q+O6MCLvYWYJAlDEKhUCgUCoVCoVAoFAqFQqFQKBQKhUKh0MWVR6lAKeap0ANZZlsNNykqBidd12k9V5MRuJCv0ElxZ7CjpVIqNVH+erw4bmT9zjqpqclUrO+5+p56djrR77mjfs9/YcRB3gXYk7NAbd16nU15oGrXZqJU/jX+yHIvuCCdLVOEuZRsrieIVFkTM1iwUn+FjKTZ9VNza0KTjNupvD9st8DV5i37GExb+NSDVKc5CARnjEnjFFFe+M1Zckn+exVJaa58thvu7uBGCfpr+nnbW9799re8ux3CJaFS6vFrHaudQfYTmf5ec8WDLjt96WWnL7nkNOvg4KBP9mQ1Ph8zwkOfLPtduIqkWSLKLija42E06OV3v1MS8iJuG3xESsvOudLJSvOlMwDrySyLPWGGyKSFeUlidKFbDBwd8QxmQ06q0QuWR1z4jVy7VKcSlhEuo60DxUuRnj77AmYjCVCIi44DYnSh04VEMAjsbQI012ueJ2VFS8ljxgzsMcCNigOUcV9l7pMDfr6EVsoke4+0TSqgjPSHHYks3MYMefQRRdAcJh1X8YfSCYI6EBo0hmkG8tjcapfDrIYlSv+pEYvE6wySNJQ5hgssN0dDtPjFqKM6CgwirknT/jgijcyZ6OCg3XJxUVGMxAgvXtlteJJhO+ZmwuyaGaHwjE9qGIOwzerHxf9WaECSxrFBKBQKhUKhUCgUCoVCoVAoFAqFQqFQKBS6qEKs/gK5OBvUj+0b7badir0EarkdxdRE0hD4XdJfgF1nNWgtYGuchX593YgTmsqIeRiFhiD99nsnoEnPVWecqsEdmNmJ1oJxF0zQUrxdBu2xlHjAK0GtXR8tqmYHVspmyoTLwlldCbSaC2ZQYTjIonHEOXFChUqxYSbJvBjFxWRqfpvHzbg9zHlDeUhemp5K1h7CQnMEhGD2tvR9dnNXcZP29c5uCEvcpG4pU9bmSkOZNNtbeKXiJjA71wys6IovCMBDrnoIEyenTh8gcLQOMLhQj9hHcviJq2VIVr8NI3sq21EtRuaBOG1L3s5yiLE817uzqG2tZGrl3Hp72MFNfI9SMAvzE9LIG3c1YsAgux/N/Hpb0c61FPrGDiCyMSmIizdarlPZDwuD8rnECV195zE3s8E3vw80UyAzWvJBFMwNKzMkAIRPjjoInkzFJxx9cxaTFSgMii52WfonmTUSppMcxZO2kxnJFLMRUnuQ6Y3ciOYuu5EK8eRLLXoj/lDYLABuIUXOq/AF+3wS3AYtGkcXgJEjcixObeDMHl4wRqFJpisdZE6otYi4joAsAFm6OV21GKKI6w7/mOOLQjQOJqKRiDrsCrTogAsaJ35MBpyoIYpic6NecJYJyWuY7EZAx5FRoVAoFAqFQqFQKBQKhUKhUCgUCoVCoVDovlCHKUupBOsdYwAAEABJREFUMpeKM5EiHKiFP5dX+Op35Ll6qqwJmsdJsvgKsC/8i0qNWr+nz6gCcVFyO4zkX/uXyiSDJoyrpF5qtVq/TuocYGfFBJUVSFBsTlaJE6uOl1r2X4sKpTMFTYneg27knYW1SK6NuihI3Rb5Rc5gYUnm3CA14Bl0ImXk5KSATAe2U+C7JCE9JO4KU7mYTWpo5DCdnAeA7ZjP0TiI44aSLllMJOqtwWMuS/rT0BUtMoG4u38hRRa4ic+6dmONESmuOOoZ4ZRBPWPFTerGRQRNPUXd5eorrjzd9X3XI1nJvd+lQ1aL5MWEw1/4bXFrEx0bpHX+w5rA2XW2zfso6KxJi260nSwMQ9d1K11tNuiQtcxJMWVRR52G3ZkNn5EcbeO4+Ot+HbIpU3FiWggLFmOrgB5QWk5LZ6TSW+snuyepr4f4qNR+IBXcZOfiqVxN068suT3kliq5PQbNskVuRDIDl+JzYvwMzxcsPSDFRyzTSm8f8xk+68gDzyTnCvRQ9GY59UfycdRpBWWpxTJE7GKCVBmoNCJtBSKR39NSQQPjIzmTmZqQ8Cvj9DR7H7MiIAmYa+Fzd76O6z8YXXXDsqSeDn3cRrFdkligLP8WcG/5jnuYm3idKF6COsp6ACVlFbOgLIslIhQKhUKhUCgUCoVCoVAoFAqFQqFQKBQKXTSpaUAJrvBMBoMbzNDAy8QIVsdNJVVHOJMuGXGixc0kiSPqepBLAoQQJFm+d5/FFEG/Be/RFj0bpvQHmA5QyouoQSMaDVIsKjB5P22DX4O+8LK515dbjwB4oKpAIaWQC2VEtXgs983MFHIeBR0ZtPotZWQtMmcfbDMs8TZnVf8Sk2KeKFLyFWBlpLwdR0FYaGSsJA95lDyd6Vw0TL85XodtD7S5rH4GUCNVZregpUPaF+hdqtuxPcpoBpxvKd0HqJV6+7RgIxVnqbgENtfvWEozItgMzLwz6F4cOiOZOEldDxZQlIB6XKmJLzdRQzP4bx8XhSqSPwQ4A0RKB7XTNBsGLA+0PRZYPC5qTE85C5TH2x+zdp8mQcf+OhPi5h/10dOmCnAmcVkwZ2WabngHlu3rwmO4BpgLCM4vu7Qz22zOJbXdpLE0BLshRzR/gR5pxFvGXBYaczPBFksp29sZTY3xiu1byCG7M7KecuwSgyAJyZazjKOOzLSKOg2iJJ45Q+l4eA/U34QbzjboDpjIR7KwsuHKmJgPy861oLzgZxeF4ZCkLSHThBmTMJ0t0YD6uCcxMyIFd9gBRVASfTop6XX1Sr1wN6uBCZZHUkmUnMFvJPdWeDR7yf8W6FxJxekH9IpHR1DqVBP/mOYhrXBPKBQKhUKhUCgUCoVCoVAoFAqFQqFQKBS6uNIycSmiElVMoFRaqX55HTRGJ6Wu61Iv0TrGoIhBgxifYFPBRisdsrOAEieW2EDJbEvk0D6lg5ROSQxDcuwFLFhn7lkizXlRGFLdqLzMDDD4ayAfd3RbE2F19BOpzCtToIkVY86jhYnQ6KVwIxqwvq7GGs1vk3JCPidIitJCnAybYdiOeUTeZTrRQOOW4RQuB3Mp22612nJ4aRnm8To4v66W54C6Q0VhFnAJNne2vG6pkRa+mBEnM2uTSqWAl7Cx9sOOmUX24KKHvoubdxxMjwMmdSgRYCr1TVk81Q7Ox0HoK2jbzlSChqhCNDgjUdBwmaYh5k7UsEPCj5KSYxmb65GyPc0tV0j7Nnuy+MGcNb54kgwoqAfYYDXOHdWHZnYg7loSrcigCmtHfUiqgYv5lMwa53cJZje1nF25E9yBzlL1RqH2xH55uTahPJfPVz1FVqrGEDwQfw4z+vCVFEsYjjWVAAvnJNAJGDyRzLFEdjKSRFk871yXOk0/YrJEbED0oCzBNKTuI2xbMq2tqL8H4UtGH3qeWNPKizAwFsZPLS8VWTEUHCReZ0BxNHGDqcyTs9MxV+KjDGIJODKnFZlWZJRZXZF1uRfrErugnPWqJY+IkqcXpZR8tGUgsrps2YMqUyBnXEySxbwMhUKhUCgUCoVCoVAoFAqFQqFQKBQKhUIXQ1lDV8ASJqi1vrCSrNQ49Vv3QnVIhk43qeefXr+v34Aebo6iLZS0igyFOBnRoyO4QT46capOp1/qb2wbZlrzaMD2HVGhGFpCpZS/H7hfjafmhZIgmltD7UVlloQXZa0Sk7oDtCkjWKAO0HSRVJAU86FAT0qx83CGDsCQx804HI7Ddhy3Kck5xpHzdDSBo3jZUHZzE/Qxt4J/AwftLRfjnhdY4Q9sb/kKkjIjRYo9STVS2DmqkiDY4CY4Gy8/YdMn5CwoLFt7mco61xXB6udQxLoK3mE7qlGKYB/qAWGYQmPsoQ/hYgSpIUGMqZGyPdZbnnUzmXVIu+9CWFge+zQT4swTpVBqtQNAZQx9z91uQkPsFOyGFi/0YyhmJAxM6DxGGZk6kUq8jv9aXAxpnFCCWU+Wd8ONWdChLut9+RCgjDi2HZwtR3yWTPUiqiWOL0nu/aHuJlkXSqJ6J8AfIxK7IMO25B5mNheRR43UIQQHokG2mHMUwQBscjRoGg7CoCgJrwsewJUFD0vWT17VU+ItwBFrTKuI/QqheLEY9mM3ncr10PLxJb/T3LzTcGRTgdlCQrOsETcWvdjkAV9ZRi5lu3pSiyX3v/LZjrCbDBUKhUKhUCgUCoVCoVAoFAqFQqFQKBQKhe4P0m/Nq7WFsCf+Pf0aimBeGlPhr++SWpl0quRBOry7MyBUi85tfV++XY8W7yC1STm2E2OUJKk6fVaUwqq5iC0u0ar4BThdoFv3VPd1hwdIsXIXAVj4L/DggYXfqHuBKGtpmbQKLbFFajDQXDjuWorooGGxZyArN7vHyfQzDoecpEObPJybXiCNeeTbaB4GMmlkTnhnyV0eFG1xDARh3xU3viY461+dW4uNZX+AualGBZEKZlL+w7l5ySw7x3iUpuXmrx3TnNRfYGlHgCl+jNz3B3t5rztkM+OApgU3BiGsriPzgVErDlQrFaSWGFpOFIVXJO7E4A+a9S8774A7J8HV18kBFxLflFL+NzoJV+4nubmNXv8MOvGAG0y4xAaQ3Bek6QbOEr/ALVIamozmDJpeevZ57Lk2WeksxR6ms6eRWreOMvmpjDiqaUntm0jNf5qJxgydtVynRsICqZSZVD/O4FFlvHlkGoN7nDJSNuSrU9ugQZkx4UJkC7sNaQ9GYtxkamErN1V/Z3Yl4Y3yXLJnyZiQfwMNzPppFzojg8SJh5dgHufEWTz8OmUjTiwgSoCY7DddZwI09I5OpU46PtpAdZ2DI3qqhJlHVGZ4mZpkN8jGNgnPksDvm3AqWXyxjMuR33n2lMNJHHNCoVAoFAqFQqFQKBQKhUKhUCgUCoVCodB9ISJ3t0BoIlHsIw1MmMqDU1G767BPPcMFiIacWEHcg0tKXbjU07nKyjDCVGEdx6n6mQU3SZDQUkAkqkcyHJJHT0ir5tQAVv222ByrpIs5ipYp9XWDVkhBfOGJYnvez1UNEVo1lhJSmi5VfLOg4c9HDcRRkxGzj1EAZSpBa/CRln1ph1fglyXYYqqiZw9bIsnqGfK43W4OKW8ybYA4TIctEbhl4VpQCQS51aM2n7S+rJiH1/IXV7l66bWgvJN349uxIiitH4n/Lr4m4ORCA5oU8w6YkSWGrbRMCc6QlIaumFmklIHTg1NxZjCXjtwn6urtqr+pWHgA0yiOBMjtStV6hNCbQgETOo+mySXCRuv3BqIMEiMD3niyC3GOzOyILJmH5qOvTcz8VApuU71QLGFrLwpWOmMX1NpSoMer4HIKaHCLnCkVSMoxN4vREcADnVRQaoFmfi8KJYyMldhZ9Tqbh4pbQ1jk7JAAU46pJF0PhYzRS9V9nNUgbVNybfJIGqsDhYtJPk5gthySSzOtnIqDMNghuTIMgkgbY56emjy1M2Z5WFFMSqbnjEBeKKkH45jlUcNheiYlImecbjY/rOxlkvk1WnaWuaFo5g4afmarqrM9OqzsZtIZHmS7JaiJQHJpCB7llEnjfIxbATFJSURleZrfVKWkSAYs2RD5PtpH9KFKRgspm2X33qYLOfYEJU/Mm4CATkKhUCgUCoVCoVAoFAqFQqFQKBQKhUKh+4fIWAW3A2hLxWQRC5ymM/1g6tMBSKFSLE7YnwSbYn9BGBQ38EwGphG24zjqt+tB3A7k0MyV5MQmEVIlJzmRQSNa3dTio1TMm9p/gtZyQM4EcETwQravxufzq1NKzT9RU0ivF3lcSzQHJs5H85p4W6yVgVUMyKETJkMML5E/FaxQyxMDP/QOZyN2CD05I5EjD0KTSDKHVL/Z2mTMedjwi+3ZPJXBaQta6C6OOFb6rS/kHo1kHU6LMcCdF2WD9gEXuzWzCgFn1iONZwk0HElJMmlRkoKcYMVawOdTxU3aZmcfzKd32/lUmZ1y46jkUPWjz9RyD4upCWgNnz0m1BGChzNlQipoCSfseH+JTSiUCVAcgBEXqdAnnZ18s9FuCdjU1VwSrdWTZ5Tkck0zrgLAnmsnXiy0Sdr020NOw0gyk4ECdtlJ3ZLMJQMKEGIzFY6QmxoBdj6p9XnWJYmb6KBwLzqGqCiFDQKZmwaDOeIFxGiGLFxKxfEsR93PXpTbCQW744+yoj41IsfHz4xOZIj0oewOeuExkoxxDcoZs4XgkJgBZYm0yWwPhFvSJ2zqHo4cjkMCoGQmSGTLiMlicfK0p6Ak0vJ0bMJen2PlSLIsTOpNIu4uieoIod4km9HOGyk3o2ihzUht3UbEGa3G7IpqSpaiZFAf07oCEZTRxMUjLGhLrkdZ64UhkalLddoAVDDL4BbDYvIu2tJEE4VCoVAoFAqFQqFQKBQKhUKhUCgUCoVCoYunXPxMvNZYy4pouRp96jr+mYq6bMXAVeeEJbvDC43oJgXVK0LKrzTVVTkvQgqcUsPuhIUw+w052qvzbSKPoQSF38DCGKgViu/keQ3e57WrPK7wvX4MLHwyTq67VwzdYTQ0FWRGNeCs2lv+4rwCS2JbAth4L+gLcpDFWB89bd5KDXwj92qbxzEP/HsctjB9JPgJwJDkLk1F9ERmpQI1GcYdEjQeAxpCg4opzfzimhfz0a0MSuWZbAZgLaT75hlu4vgCVIKkRjFBNe/w/uFsi5+kNgul/VnnTMl7atepdI8Pdn/m4HIHt6zIb2EhYM4UZuzBOStQsJokjh+yl1mpsLNFh25VoXuWNkFxKjEj6plwyGKXokk62d1SyMgR7GxgnC2YnsJkAJE8oXZJnnGFBQWqbEExoThGSmNA7SWt7QM51YfZURiyUXUeIY2jjS2WrBZwCoJ8fgswJfv5DTF0hlBdOuSJULBCMRGJJRqy4D9Yni+e4jpVJECHWxlRiCBQlxjUeJucNc6Hn7yBYDs9OqOsdOJQMvV4enS2bF5iziucLsZkCWYGU3j7mGkQNmzMaVRwJUnYTer5BjJTkrJD/QoAABAASURBVHzslTFCsOAqcVJBcDubpAMgVkXFfQrqPnU+e/yPLrUWpqUgj6EdDqIo4rIMsilLoZA99bYarbN4ymm5IBOtLdE4P6jhWJbTxtEuhBNMwVAoFAqFQqFQKBQKhUKhUCgUCoVCoVAodO+rJU60ZmgpKSo2H8GOo3XMn0R8F/Q7/1La5m/+F2MAq+yTfGlfvs6etwOXYrNV3A2hmFrV/8UypSOL1NFCs4EClTdArPYWsgH+WsosXQCg+lAowaH+Bhp5w94mWVxMgGw7ZLdvQDBfCm0E2rFyqMgTRzjwQ/5SHsftuD2Xx3OAbL/AGobpf5p+8tBxl0bxVNHAJGrKze5+oWVryDArQ+ufChbtaAbzNKk68663AErjcdLiJqk2ViN1UtN8C6zAHtxkbqCCO6DJvFfKdaChJ2Y1wyYbNjj9X9x+CJpbIh4cCemgZ/uSA4SOJ77gFMwY5J6zSvAg8VDjyNktaKFWfAnsL9NBsoeD/WSE2mJqyM6b+KQjP2GZhCFJ4sAht0fciJKRC10q6IE+jdPDKbgJGLU0PdtsN2QIDFJLDVB9Ip0yMoMTKFiPbdERwRmwsMZt2QyUpSer5RJPQA3HSj5jp/FIlqwjoTH8InXOuKkDiBAhiQdA6bYMysylnEpqD4dydZL5QiTJNWL2seFMG6ZGOOlGIIwhj2q1wbhPhiHTVsiRUQgXNTKZOpn5AOVgYEuwGcdNnha+aZSnBTON6j/DzIo/zAKRqCsLKVmUmBfie5ZSVh4kCZAn5lI8OUiXWlmak2WGFTjGoa4ylHIP3bCkPCDahmIlUFb5+V0AtN9ulXJ+2nfEDheSAWGHPqJ2k1soEcyYFigWNG3ngzsJhUKhUCgUCoVCoVAoFAqFQqFQKBQKhS66Ws8CXFaJsVOV8A3AYm6RDJFAP8zxA8vhwJFNM4Zh5O/8i3uD7MluKZJbwxVVtBbsbFxmbyv7J/EXIaL7Selx0Yu7hcaQeix4pokWiEnyPUZJ0pGfPJbYlIJ9NF2geV9KkRabKAy9YYM0No7bM8NwbqqZI061d95A+jPdOiEB2KemlLu9EpzZlsELxLZ5/U7M4ZPZB4uUHJjf9AY1mufgOG6C86NKpE5q2qlmPFjQE1w9qmVNKnuyhqHoLqmBY/gGuWmQftz/4Xs/oDcDFSSgfOqg6zEfpNR3gpgwSMJQRAfTm+5Ul/rpBWIvkFefsEvAmEpiQsiwL3kU++nJTOxakkCfJvkj+TLol8ncSc7cxYRKUzCYIwYZ/D9m61vO6vvhtiTTqZhHQr+nPhYz4qbJVel82+4LmObQsQ9xEsCK57VAHyQkDmMzU1+7JCDJ1GIvRiNZ875yAp6e2WkKuT6BQrgNZqb4buhTxNc5Cgs0igtIllQWXpvGYRA8Z5unA9PI/A03KY+XOXxMs15ycKZ9xgxJQm3E/kQyYSTPSlYyRYe6jg44Qiz1cgNTHVT2ClJ6x2amAz1KYmXNvhETkCQNmsWUBA4ZGZaVGfEJRu1MNWbQZn4BhVKZ5r4wOKpSnlNsl3/b+bzW0/PzgMJiumPaXTHscaL2HZQe4/zU95e1PxQKhUKhUCgUCoVCoVAoFAqFQqFQKBT6Gy+11iAwCxPdoj4nndqR6F5gdXtzl6DyrXqvZsoOksuQN2yXwbXSqUwupWRmV8QbRYrnU+UcpKzqRzq4gqu8xmpp826E5tx7Oq/q6z4RVdyEf3ONXDJTsniNjOqfACWYBUt0BhXiBDRbp8UtSnHXTR+I0z74Pg3D5nDYHuZ8DsTtYTpdktq9pIMIa0JtYdnKvMXPo71oY1t2LqplShb0wu5HAI6StDlPWC7G/UzaRnwUyguo+1R/lKNxkxn+Mt/YdhabfuvByklN96a9iGma9+na/0Z4LPbUYNMYotsPzyIN074wZjehYDiEsQX23Rh7ZIOLDkexRGF8a7pPB9jxdkEIEgfiCHQCjKRI+Aq/YBKl4wdLnjAO0en4zmUxJSI0fofELcMAIu+oXaTRClCosjXihMonM8II1zwnCDMDZ2lOq8z3UYxCHFqYzJA2Ux44eoYzvDq2dJHJn3hF4TAaknAZcSUpnVLPlmn+5jytOEKcSMYNU1rDyNYoYt8jQTkbGYiB2RQ2DIJuGpEuC/gxkkbnTGPdU8mYEaold8mcRiT1hpN7OHGKwOkQvm9oDlBZ1riU3JXFx3pGgsmCa3MuWViM2fUkzRXKOrIaHzRNJ6LFHHTcpGTaWOiS3jENzVEqbUZ5kJNs9elDcl+UpM1lotkT1t7Wwn/442peWbACoCAewwTiivEJK5k/zU5zkN3hRr1PIBQKhUKhUCgUCoVCoVAoFAqFQqFQKBQKXWRJWbTU7yTPQywREpsvWFkd0Uvy6NEanRqfeHFQa4BJUYipPnwotgG5FGqlLKslcdDfoAkjKWlxX0wbqAY9gBaTa2VzpwR6fwFOvFtEbYAMIa72b9UPpTWb8Qul0QJbhlGMIPhlbYT8NRoDApqzox9nKmSGvJWPMyp9IiE4g3BBeTg8O2w3owTrIFs6ZG0ZYRSfB3NgUJ5DDSmgpT34kjXlR+vtnQ8F4c4VJ2yBjcUwNP4i0OI7Soo4EeLwQ8OsOI9SqJS6T+VLsO5prfiLXXcT/3TelzkEYy9Ss19yhxmDOBD73J/2jzP0PBKnLrliGnRGh/iGDkIEMCgwgmAXxJyPjDTyTZKbTmPGyoKIKwkfpJiEWNCQRrKAZpeYVZDcOBRCQ37LUdPtyht+kVq3CRIzlKSmRRJ5hRUfwJVpjOazgeWhxAY4al5Mk2XQUxjBI8SCYhilGTWC4Rk9lqFOZngiTh/Ci2TxIBE2RSxdtKfCq8BoPh/T5aExGHrZpBFfKDCL3AAUVIf70sGBZNxYDJjEhjl7k6qXiMSHgeeBmduTNj36VeizgeJEpPCGvk1Unri6Rli6VUkOkl8j1FkmkyLJ7fNxmqNdVQv3DxnGAoLYpCeZM/OFBnduZ5rdWr3tdblRFG69D37gBUHuSmPQnto6Ju/qPw46mS7gWUOhUCgUCoVCoVAoFAqFQqFQKBQKhUKh0N1SqScqVQD2XXv5qr7anFQgoNigWCHfeRGtAEqpHGGqEG8zDVwlTpkryok9Tgw3SQagCHSS61f0FbMAmFkiXCSoxKqc51HOnJMY53eyWTNEXbJyPfs7iGlDHgcotiIKH5gJw6xubQ0UZkcTcLRwbK4Ucse48amGv6XpFo3b7eZczlugrUTtDJlGJUgYPSGnAuzmtE4qs9HBHZoE6w2t23cHCGGlWt0YmRTIpLUeqccmoaPQZ6N2NYG/clolNWepNj47uEltBJpzNQk+5cRYp215CmpzfhNIXEvsziSN4lGTia5zwxn0IBQdXlJ+R2kOJizUCAT0npDTPfqZpNHoRjTkZATPGynhOJwVI3iKWF8IdyQNCpWgVEG2Z00mktzzvIIlNB4nUJxOqJ19K88MUob9spQZ9T4ymw9N2+qYeJP4IDYOSdNKMmQFq3gHWzum3YidOXTCy7LS1W4oMgLCwZWNdrcQsZji8NaE9b7KljGD4062NWHpr9xEMsyImqvWdnximMUH2sLKnEo7geuDT5CwGRC38ShgTn2cy3U0wN18zHcIITaMqalazQNXJrtM17kdzZGqDyztbGm33lORPku+kgjEh7M15XgUJhQKhUKhUCgUCoVCoVAoFAqFQqFQKBQK3bdKipugpurwT4FExDygUACkGTvkpgVSwJbCNxtzDJuBY2CkutsBewRwEVmQFKZPEHHnG+qopeRmC1Xo4CIVFi0B40Rnx5WS7fLANZcBU3bihykRqeazqwM7PEi2ToPgeBqFf/O/yc0xTw0HAThTRD43mwQxYpkaHIA243CY8yYP2zxupt2YOKFxunWaSlLMBApgVGq9yUveaXdYaDkiVHGTWtNeHc8Kejj/Ac3O2AwllrcODZRJsjhXms+ewpSkgqP4bauHeuM4v3vYlOQrByNhUfUMWM0k9EXfddTQAbI9A2AhefQxKCYTpEYO5iZEkGCeYkPUti6H5Hb0F34YKHOIHPswkAUPNZ/JjkGqDzFUfqzZx8ausCZmVpKpmWfGSaQ060AmJULagSwAlJA1egtThiReI0oIiT3ICN30A+KGxHcsbxFGdfKY1iXmN4SLwtSTOJ/whEzZBwSpue1+YXZ6Tr+xE4kRCNHi1kqwD/iyZlNfQogU/qFyI9SOpbSsR7F9iiJNpDe0jOncmGP2qgdokBXI/jkqJ7SzvtDKEmqETxNXg37LymE28tWR6YS03PoiOJ9+e1ShKFGC85VcRcJmyVNOpiXvQqFQKBQKhUKhUCgUCoVCoVAoFAqFQqHQxZMaFiQ2I+GyZ0J1N0lTybwTlxNNx5FapdEnnHoBWsaXcBCrXLKBxmY7bodhHMd0cMAGJxKaU5rUVB1ypwEgZVqsENkk6RDcY9SE7nb6TnPioztBsHD8aF/RnA/YVW6qw/qL+ZKsqEDmEBZNV6mFbzQyAdREwY4erSukhAkx5CP8D0MnbHDBDUrADpewxzzk8ew4HuZxC+xHM0w7Cgyh4SWjQwJUCsRrI4n14sjqwRzS0vo3aCiP9CvtDGYLkRRcY9fXBE6Cm8ypj4qb1O3g83bWLMIMTcDibVHOiIvOtF2enbGOyPRsGN4BPZZKOWmIFbgTRVKoSrkEmDdNjgIQWcflEW3ACPRffC4O0kEDIVLLI6ERIdkgBn5Wc+pOQy3Vq6eN9dBfoDigzG65zp3m5H5Zs/PtTvaUjaLx/tsLRVfQz7pxbAVtnjObJvdRl4/pNfNQZBchyV5k1EvnV5OYVNHpu5Zr5aBP1gULLbuG6sd+Ob5ASd/cZ0P5BtSkm0QGCJnZSZkGtmyR7wxGp1Q7m12ZWY5PJulS5/dCX5NdN7ad3IdbEKydq3hYwQXUogNrC25llWAGr8003zx7HlKzj4FQerPL5oBOQqFQKBQKhUKhUCgUCoVCoVAoFAqFQqGLLNSyLkeV8F8xOOmS51wkAGxAABW5PQB5uTsjjJm24zhwRAt7HkgVuNMKsjSmvxO1Z17pjWbHlEL4nt2OlTpE3OMa60mcTvbALYsC6/prhUdQ+8uAwMB4CEMnpFQKItn3+ZtYDZp5KIDlfRjAoAku/EIDXTI7lwzSvtjQjNNdOpvHc5y7wmE6hM6rWOncECJcuaD9SoilhJ/mgAa6rYijJ82nOH/p88xZkbYFfz1zQWmwElgan9gZK4CygpssQ3bqG/X2KX3A5oIqaVIaMdjA74iqJ/bqKO8NQCjdt3FWZqEZiPKq4CC4nExyGBWSAs35AZY5Jwp2UTmIpme8b6AT+Z2tX82o0uw5BaNEoAEwykQDOKLsj5rnA9QSEwadyHJgrJQaqfgIouTN2Hph7iPYN1iIJT+R27RY9opeJDrdMu+Z9xSxEgtUx30xubEEDDmv42Cd/O5AYR+gOiFRuSI/Lxr+Ue4IlXs/T8rRiVNnteKyCdyDAAAQAElEQVQVM/sZbO5PeVBWH8esuT+1s3dXLWh2EscnWtjs7N9xbSM2VA41D39u+KGyLOmgWYYVBnMSCoVCoVAoFAqFQqFQKBQKhUKhUCgUCl1sJfMySRyBI+4m/Epqz0nSLaAp3OshVL+5bmVbwRmYaGAjga5LmCSAJclOieMj5Pv8pVSqtWJcqZwSWpICNXveHS3LoHcXQDkBd9JGRuDJyr3l6kYN09HXbE2RB7DB0cCNqbid20NQ96zn0AiW5PsoDpCreUnejsOkka1TYBzHczQeThvNIqVaTugN6fawPnnPhUDrBoIzUiTX17I5pdkwNXV0mE0vKGV1LDvt4Cb1fAgrxicIS9yk7AYNboJ1w1GsSbtbK7kg9QGCAgCBRxz1RKfKI8M7kljKyA7upSHWH6k6YkgTPjqVMMqpQzI7kzIOCYqNBm/RW95MPayeOFimR3HRaAv83G6C+nROcyOXRop3xmJWIxzjJkRmXULtwcw62Z3JPranHEbR4JdOVwohMRpihqGObANuoBtJwgujJwJGID8GynBQm/xSwqtAgIwKncjgUfX2cdDEOI/6DNgkJOqhPN9srOLAjrSfCi8FAMXVQ7gfQcAIHa7J1flDphuScxdyZsqp72xMdgeYFjehGW8eWx0Z3dGYmLqEnXQxFeTNJxeAg2/3oqqBDrstGWVTVlIe5yRjo/8ygfnNIO5fmEKhUCgUCoVCoVAoFAqFQqFQKBQKhUKh0H2jrhNfE+x6edEnRkacREEvD5MF4njBO3v2x1TPVuJkO27HnCFJmE5KUleXCmFiaWEVEZsMHZhDJ1ronNf/Ae5JUbEWW09MnCzBhpOLd08n2G9xPeZuIiViclCGHN/IiO13+XMzYAVbaSwgfIvwK1wT5xvDeUfbcWAnGmKiZUOkxIk4qVjXa7mcdi4clUkgMYBYqNSl0QxOkIp3QzIAhMv8XlAvQ2Unbs+1hzXZuSltnk7tus9OrHsaQVJxk7LbDm5S/SpmHZjNgt0tCRskS+7g9GoUmxqGTtzMw/YhKH4h6LAPKFbhvbLhNrMa5UD4cwl0weqO0qAndhMbrqL2F2eDWSxKxKbDU5HKLSSqo2TIBZp5DTkUUy7Wt6w8JFRvnkzEBSUh6NFs1tJB7bFDNBasUsAqo2fAUAo3LWn8VxpkRkNwyjbULB1s8JdUnkOaTUsDU8BAMKzXhF0BdPwJaQx4UDKk0K++kDJI3rByLMqUuJ2MPjJ+P+uDh52PD85dUQqqQvZUQjPixjWVJ7IO8Fy4jo/YbaUyzXkAjkX+PPRo7+d7zk8FyPFZZ8ZUlNGmFjV01LRHTolkkSEjkhhASXiiNTcUCoVCoVAoFAqFQqFQKBQKhUKhUCgUCt2L6sXiJCXGTfg9OhtiVXz7njwzKClpPVCjYIDBkjywvUnejnlkDweOxQDsuYCYtAEtC2IT1INWYLTMikXdmipCYB8qiqGVRtNJgJBZJXS1eLrWynmzJtK6/GqLuQ4wzK6wRNiUiirH6GjwDZh9jOAmOCNIYB4hYTYzxWgCLQIEzDeDw3T4hgwbxlnGbWbeZKRxJBokT2cQ4mRkvwXvKHEGC6GZdthN9mL8ytCJrUN7qeA1dfnh+2VFcqxjYVEpC80Ij7qxZUfqi1XcZPmRfOIwyFG4SW0KoeFP2tM6BIP1Ktq+186bqwjfUbE54f97dILH6ucyCNAiF0iOJCwaJz87NHAJrHAv0E6X3l8UokKpKyyuP+hU06yF5jeYeUQHUPkKPIotWW6tvceZQ8YisaVcn3Qm7aAQ2W4K1VwagDaaBhX68WghmW3tDFrQKOWOIuwn2fwQWcDmF1jumT0YVMgYJ1fqs14GdD5wRurUbaXf1kpdKqghYKwtg2D8LNM9zbNxEThJe6EAh4JO9brq39oDsvmjR1E7EsIcNp0vY0aF88jQPHU8W9JszXWuMLWtWmiOXSw10VHm+COsjRzWdCelZn2RyCjMDAdFvE4oFAqFQqFQKBQKhUKhUCgUCoVCoVAodNF16uDAmBKv1Dtt4mXU4hqhhUSyau+IxGgD4yZcXUyplxQPdksx5wSugSY1bbAaqBbn1QEFsAILVhl30MHze+SllixXvtBeK66wikacVHbJsDctZFHlL0VwByNKkk8LnegP+Y8dKuOSgcasuAlVQCBhLYjveMAsuwulhE1WMEYpwFNmrGQcDofNuXHc5rwFSe2R7dPZx5KbYW4aUvbFUqMHaoJFaOfyF8VrKXJriAph6VkS1KigMYYUNBc1b262EXfGHMsFl6kIMyQFm32TAyQ6vUp3k3EjBjIgtjSJNwZ1GJpPVztVT1e2yp1kqCfrrQXqoRb9seAS+jDZ8CqGgi09kACqlYZvVOagKd7vYCBUkQUqs3ntzs2vwF0n0GEv3ppagGLvI7FrrAIAuNxLH+x6ZqIl8EHr7c+6KH/VhkNPU6iFdu6uPcAI5y1cQjnzjmHpYcuPHHMi7+Dafrh8ImbzRd+uHdiSUW52IvY49ni3ot2+lI9oPil8WWnhmPlhBDtXo/4qs6aKJ47AMTY1x6yDW26YGtPIbR2dViP5yYYpohglmV0SX2RSWCtTz4BUUCehUCgUCoVCoVAoFAqFQqFQKBQKhUKh0EVW33dqXpKSYQ+ouTgzMKRK6pGJsOPgljFvtsO0pesOhFpJXBKUMmDX9TuMgVX1yYrFuAp5kH5jfx1FuHd1t2xOVqWF9aY1S72YLnkatpEYTlAyoVhDYOu/MCv5LmwpJMBGKBPhR7J8258dLDLRMP3kYTNsDsdxAzRAHsX7JIuZirIFbrsxG2E60SCvFXiT9aUSJzaF1FoEqgNFqqfbqbLXq5uxJtDwJTPcxHatJiVzMKVQG9qHo3AT3wa+Xzkrtj3CldlsME1yxqNKnU7Wr6wMvbEqI2Jqd6MVQEAtS+YPw4Lv2OEMfPjne++wCAUpWxhdFLuSdSpkiSrYvrBsPkFDZCGWd/WglHYBmoLLCGiCTbxPadiQmBkucewDTMfmxZxEuDIVTnYcnrADWEGrk3ZJWDbceZLryDkDUvZwsxGn4hrXEI5fAloziMJmKpHCbnpPM1ikVoZyw9l4icT7BwpcgnJzU3GJYcxK2TcNE8ooCTudOJ0kpM5sgBLzJdKfYnrV0VF4UCgUCoVCoVAoFAqFQqFQKBQKhUKhUCgUum9UvCFqXV99T8DL81Y+RKtMIpcVp/LgkMeBXU4yaAmRQZVOyoqp8Unxc2iIQ7U8WRgxlJ6UXlwc3V3uZFad9Vqtff3f3zP5MU5jJiAIuWmMYw6L6mlpY24ngHpoRnBmRUxTpq0cl5MHidQ5pLyFPEiSjlqpjHKO0X0tCstwsotdq5PX+ySGNtN/ndxj4zZso9TZPZAk7b+tM9Zk9nY2IRoM5OS4CTifshc3KdSJN1leAzb4yVr366dZHE6y3AyFJHrAFX+e+TUvnHDaj8uxxg14mFIx91h0p/hu6F3IZqmiFjRlpzaPhOyXPqsNElFPtXIeu+C8h0ZpmvdwnrpBgLLVfWftY7tF5yvuwaJSkyV0vE6OfZyHcP/Gk53qnsNuVOG11fZ3XhuHQtC4tZRuOONTPmlGWBig2pTdYMfYpluefapS45g0vc62InTTzCbo2APL3ZGYixstUmeaoXnaR/ytxACoszlL1QDIrhUtgykUCoVCoVAoFAqFQqFQKBQKhUKhUCgUCl1UURaPk2qjMBUVU5tpAlJp9EgDyYYhGClvmXZA7Hr53npnJUzopta4rlisEDTbxGMfdjUvuSa4b4mTe17whXmV3Av2FRqxKi0TCWNW6KQcUqvyxdmhpqNY4/ytf68py8apGXY5YeIk57xlsxMc83Rb8sCROuNGfgZL0lEwSD0NkKwKXHoOd+Ni0UKPPAQEDTtCqQRLxpIhHex7wyY6K6YYlTIBcP+EPawJzHETKJ82uEmxUfHtDW5iWMle3KRlS8puuDNG885g7bzsy9BJk6Yz/errkbWcTzvXb9gEzW7K0u1kx/kCl/QGau2/ICyo06WhESpY04jKBiqfEjU3wj9awCozqGzvNFp4r8CKDwftXO+qihfLqvmGXAik4xpRc45cD9q/46ztfR2qrwsVdEKVZxsKs7H/XGSeMYutWQ2G6g1eOT3SvlPv20dDjCqc0sQh+TNiO5YVS6eeH6Q9cqJQmSb+BwY0PWdazHp96mTIZKXgadrZjKJkC4e0nmXxM6eUZJRUyViiE1I9oVAoFAqFQqFQKBQKhUKhUCgUCoVCoVDoXpRmHfj31q2oL9U/cpMBDWXBMbNTxxZoEJsTLrGnJIiJZCEwqmLJB1J7TE4CJLX7cDagrdXisb078ca7o+LyAhdWUiQtrgpsTIIgLifD9L8kGZUBtwNKh3bLqNOwa/kW1XGAS7dSCyZBWPhni2kcxw1Nr2kYt1uAAcisKKQoLBkX1flD7mqTelIIGf3Id6kvnEEoMIJegiA1wPViBM2aUY8T8bqR87YmLt3c+KO0WV6Xm4GLfaBG7WALnpQPKrnSgihQe1U7fxRugvMhav/iouQubaam49m5keLB0nPc1Fw7Uw3bor5DCE5mtBgKwhxNwOVjQOXJ1SHIMv55eTps9y+kAsHsuVyyITvvl0esanGtJWFqd8fS4v6mbEwd7GgNS3CnqSNEJ9in6fp8FIjmJ1twJ7QAc/yQBS60HMmd270ybtpUOyGKn8jiFs8Pa6ihJbOk25v7YSObdFroWpN9Wjnakql21AxINPsJUO2ueLFDSZ4iXfiRuiQrfxJrpunOpUIw0tizQ5ICKHxGOXe2xzCTP7ESreOGJ0n7nLR3oVAoFAqFQqFQKBQKhUKhUCgUCoVCoVDoIqvrOvRiuYIIBcVwtxJGRkZiJ41NzvwC+TVzB9iJkUkSxKTTUriCFil1mtgjZcam0mqhIidEPXbwA9HSUoB2N602hoULsOu9ELjJrBZsDeamSs6hNlmkxEnbndJ7KC/nDYpRyGjgiLEmhJJxRJntZvK4GYcNwGYcD8VrI3OwDqi5CP/OqOE7SLADPKxZLOzGqaS5K4kzG/YSHS9SjxMQYxanZNTLgCrTsYYI1Dm37E29QYU1OQlu4sk+3mcsQJX1HBvTk4KezIic2hPE2bbatfK7EgqlR9KXHk4kEmJrdfpiA2QUr4s9U9Z6ktysRJ2FuiVJVCcdeU/NEGX3maqIxmxkcKUX7cF7DShoZ1ds5kB7pc0exXJDfi+iufagJ3u1eOYJYHUFYKIOdhaf2YisrF+4kt2zusLQ4oE7Yu1agWwqfDI2nMpiNLSn4myE1NBnzVmdJanYCXoTbE0iSIc+ObqtrB+8oCv4BpbeJNfAuJnE4ugLEAQx5emHY3LMv0T3hDIrmYvCTC1r58Ns/lo2iImy4zWZ+yPmQBDQSSgUCoVCoVAoFAqFQqFQKBQKhUKhUCh08ZWsZkjFigCk6sgFXjHk4OwWklQYwql8mFHSN7qeq5XYJUtTUQuT2k7+8AAAEABJREFUpIgCJnO7qA2a68l6adh8MWqCRGo+Wh63KOxqvXwXlYAjgRJ0wQUSl1SzGwoYWCPmF8SsyfQ/0yeUG7aBZlV4B2IoW1G5lJHthX6rn0uvAxuZcFLPZhy348BhOkQb2ZilHJy1qovqdKFF3lT4Eic//P9V8wc1paFmSuie0jIm8TnRkdcqMwpzlBAdOaDElgmjHqckRNe2vjjd/CU2+yytTdpPChdiH5cdtKEZboKVCakHNagKlM/2sCa4mGRYKZB6egW3tM0TQiegFXRtal5FXxIY++e03GK7TFDICGY2GMp/wf4IFpo3Bott8na250keHqpkU0W+lvsU5gGPPv2Fl9EPuO+zxW+zfNKuZRrnyBFAk1Vk7wkWrVcsqN3L4q/qY9ZCQsXppLQIsHOW5tai92R68BOWx57KolAPQw/GMZuWrDeVn+Ds7iOZEvFa0Mnlp4IcUdYLsWeA9B8NzWHT7RyHM/3T0SlAYoRP9k4KTiemJskYKRufDDS/EhvGVEfBXh0//0KhUCgUCoVCoVAoFAqFQqFQKBQKhUKh0L0vzsdZfkG/FtqzlAmn+t5UhBxBuAn7HryU1iVbB6eCJAhiIl97V1SlVHStQdkf4EJyHta0WTucaE9qDrlQPTHQIvvX70kIEanhMiIyjpl9YaYtOSUFIdRcwO0TSs/dkgLRt2op2TAUDbIYiAN0DikPOW/Y6SRvpy0A2+lMcjjH7mjAxcJRwYvZebahUWp2coxCbQuq20RBMdyEwFxu+jTNAej4/KTH444BTMK91X0sQ9mevan2Q8VNmn12cRNwOMRH2npb217DTRprk3LIrOuwxE3qAJUNqBYr6P08Gjqh2Z/auT3mHc3cBdhXbS+3yXfKUC456eeLMJbidwK49gBh+xcX6THUIhUzTKDpn+FXug/udF4dOLwNomYm7AAvdT6Unc9fC5uVPcJqWVP3VEjDLDjKI2pmIfMFpbmDC0IOEct9nnerHaiyFMDSoGR+AlqZReBwCWG5H2Srr/WnECq2vzqWiJESlQQv+TuM08LfQTpI2Ft6TnkmkyIm3PVC22VCsqmUbNLwPx3ePTuv+adUHx0ltQxLkX+OeAVFYVLqsuhLYoM+7b+FoVAoFAqFQqFQKBQKhUKhUCgUCoVCoVDovpKWs/Ub7GSBCuqZgMJNwAh55MgW/uGvnWtVPVmkjqfqJKvUEy6K8V67xZ3TrnenvCL7hjysJlQsj0I8NmFnma3hGR33XO7vIWwJcZgOZ99MfzmmI2tvkw8qUz4rLVgBHqyeTuY3wNXXLBk9AnTYrdjmLAYneQuwnRoex8FLyYRzRETzU6AUoOv1r11IGRGjHMQvwbGeBCVqQ4vE3OukHgQk0RlmbaFXMNodsY+g0hqLU5bPKlmir81cZB6F0x626m5y3riJfVaK8Du9gjKUi77LZvN6SAlwhh+c0OkEoe1NS28s9kO7u2sUwo6OZzIQjiC1Kr5i68Luvmj3feWOErQQSzJGxSmENaX5CahZMghOQpRdWGHtRDPj2nCuE/EOO0NcfEf0XXuzLczGwmfsqVNzGn+uoPYEgHZMcIqPiE9CWastMq058YLcMX5Gn1nPWRLvKmRObprHKR1M0zvLY0+1kWTGR4R2NMg/EL7e61iRW6xQufgy3RNPnsRhPbTrVCXcXpkBLYkjG9N8SEOhUCgUCoVCoVAoFAqFQqFQKBQKhUKh0MWT17C9rG81S0k5QPbNgLwZ80Cc2cG+Jpi8cN9B6qSwmbR06e0pKZJq/IhvLwCEvE2Ieac3uFbObTIVdrN1+IB0Qu7kgousKkzMAohTACfpiK8Jf08fm6wcASQSGpUD6o3Sej+QxOPkbOwIiH1KnlrbaGtgIAtH6gBtKR/mPCCOWVxVEOvgYImyKShGYVn2qBRxW+cYJIcK7K1F50iejiVi8Au+2U3LUoTOehW6/9zppL3B2J4UKl2CLQECc2wE1C+iYVCOczdxj40V3GRhbdK6cdQnAnY7Dv7hCoWgU30PdHL0FLVJnMsdmXMKHoOy+pwsdgWr6M9ujc7T+W0+qjNty80Hu2dG2Kfcnr1pyggJmrW52iFUu456urv9nOPaGQgIlmhbeZKqqQiWsCZkuiLNB8dXn/kZsH0sSzt7VrTyhGJzKwuOk2YmRbXrBsIUhk7vK7rzFCedSURNzcGBGUtVOCduwcggSOo8woBc6gn6afHJObW5ZwSdMWWz7vgFNNfozxfWz+volKtvRiSrl0xy2GR3ZtitaJ/NUCgUCoVCoVAoFAqFQqFQKBQKhUKhUCh0EVXLg5ilmJq5DivECeXtMGzzSFP5sRNXCwkRYYQgdQwk8Fv5SV5ATFpqrZ4GTVUVapLJkdXC1aryKnFi2Md9WntEKR0bUAJW1ydSbw9xOuEuJZwTJ2Yg0xS0m4QOMxkgdZPh+jJq+XXkJB02MslsoEKDYiggLxBGydYZJZQiFWuQVUOTPWDAjAPQjlQDjybTpK38qrsJepiMQCcrt4z8pFqq7mAJZ0BBSWDGl5TXtTiOc3YEWlQEsViirOEmvk+DvBQDlToRl5Eq0PIp7Wg1PW9oGNh1zeln5fJ9ExRXEY7Z5zrRGhOaWRJNbaZBusCZkjnnRZaDZa3xlMXjyBNwn4rmkaUWP/AuzTq068aiRkNzNgnm41aGq+1UO/FWhTuHzE66u7uBH6Wra4tNISRasMgeB8pGnOD6uXDnfK1FymoPF31IbjBj2Te23OhAZx3dTOB8kt1ocKpPepmnPTo1rvLJqghYMvsTWZsMlBH/HEzJ6DBpWVyb+FGflqRMKRdczjiVDmDXyGV2OxEbvxIfGdyZ3i3d5HQb91mDdsj2SamuFbAEmEKhUCgUCoVCoVAoFAqFQqFQKBQKhUKh0EVTU/JLWeqTmb9jTuKzQWNm6GRkhKJDSoT6/fepPtlJ2a/j2qPWLaFGktBOmR1xHiZxN/q5lzhZP829Le9AlgAaLv4aFqKFUk4l8jo1smOAQyfgO0h/yZAVTeURKkBsSyRYB7m+PNB4jsZhHKdbMUjFme+JgCYkLgA5aatt36CaWawQDUtaQfMx3CREutMxSSL/awnbOYdOolOS4CbJ44qSl7PdoYMajklL1UawtOXnVQKlxTigmVJLa5OGAkDrINQMngY3afASaLCS8hIqqQMVYYG2b9j8D7OPWmxlUW2ftvUSPQVuTFJHRPbPTVsdzEZhGb9kg7zcslQNMPH+pZ0gFpyjYJjKhXWwX1rvL7NWw5PQsKS9XaKdT7gnqdN2GkwpLzw8Fu4sNp/qXUHBEhT4am8cwOxKUZ+0WaSWt0HzxQntYU7WH/LHW61z3NMH3NeIgHYv2NYDJs6qkYycn09gKWbFm4Sy4hc+qm7Rk9pBIHf6IDVYQbllvObk3BkYktGta+xxlX52csLEl0SLWCzkQ3woDfLIfLj2VbqNhacTI6x6s8iCclCHaTGKiwGxkzoBRfXhLLfYl1F7dDvpO+IoC+LIdlp+W3W+ubcVr5CIQZ2EQqFQKBQKhUKhUCgUCoVCoVAoFAqFQhdfmUuByWM3rD45Am3Hccjb7cA11NT1wAV0djvB6ZcWwSnV6naSgqC8Ri3UYhPYon+SlXS9CkxNpRubjbQniUU10qxArOICJVix3wqcC48DbL8hfyKV6m/pFfm39NGb1+1jHkeBTogYDcmKWXhHpLoqo8wROAyUYCmIazVV69QCkGQJ3WH/Ehq3efrJ5wAO+cU4jAydaBk669mR202Zy7+z7/3ba9olcJLzJZp2IS1ICVnpA65Ty41LWpjXi05mPSBVb71yvYpkZeDWeCMPBqnIwXqeZOfeGfkdygRm1AgUmmTJmrQ8CuzHTZpp5JjJsbgJrnQF1ucMNgerSZCAQ7lLfX/qoPdPOn80CC6qOcPu1F+12ThBO+ex57623cACfOk5qplKmeihJz37jAMiQxukiSUfoafJUG6SOMEYClLAGp3IVNeqo6XtkE/YAm40DA0ZBobOUphpEtiCSXbpCGNpMikHI8yZJuHoNSWd0KRuNphyFsCJhDUR+IP0mfdUG7IIGz5X1lHSrpGvXdTVaynEzopa+5zZdtjFkgjKY6fLhlkrkVBsoEtSAltpGtMXa9D/mbmP7a1CoVAoFAqFQqFQKBQKhUKhUCgUCoVCodC6EDUsRb/eTlOlk6mHMQ/jdjMMWWw6wLIxkIkE/eq/ulzMQzTwXqmplyKsvihnyA1cYahEe1VwwZQX/UGHRtjYJG+JE3CYNbHAC3KMQtmHDMU0QFmIWrul0rimXRDHUfABQx43eTzk33mLsMm0zRK149XxXEwn5LeyHye65N0bVMCM1JhJqK8Aen3YP8pawi41acWL3IuASmndC8QGn5ghCh6JbkDDjBQKpOwDDaFiLEiDj5Rf1fukIiO4NDoB77T3cwaPwBGsyXrBXTenjovnPb8ep1u43fbzA+moNu5NtVRH4TDOFzRZtHOs9ibKVGpA92sNVIxB2dMknnDbyl4VidATAe5YqTRNZn+UjHqQW5zL/Gz2tCtoW5n1H+snfjSJW5E9KJymRY7AELiLiJIlybxkDEnJ9lRI78yJiK2H5IxZwDa1U9HO2nbO4kmkxIkn7zSeU9ojhMrAJHcewdJtKP2djQEuRmNnmq3OFl/KS/vqzEL+Gb9g0oWpE8MUbQFRsm3Rp4tKcYVCoVAoFAqFQqFQKBQKhUKhUCgUCoVCIRC6QGMapHrHpb6BaDtuDzebcar2dZ3VawU5YXBAGJRSx204AasHXujvn1eDAynRkncHxBTk3i/hl3JsfatwCVMgREPO4zgMbHYiwUNJfQgsRIXTMFA5DWy/qq82J9PlDNaUbJ8Gnj1O8mYYzuXx3DhuprcIW75wxlNoUfad9/LuDoXkdiS/j07LGHShxInWkx09ISWPtEaOUFwk1G1FWSSEprKPDRXSnripHlfOYwaaQMOaAM5et5SK97y04TTJ0bjJbpJOtWUA2Hm1+655O/KTganvp6s+PNycPXeuL3EtfnULvxMqj8ysyZ1xOn8+pLYFtO4mcnc9To4/audElULyTb4nOFJxDG5yhPKxe8zidSpg0WyEcc4umMWPszDydBBWrm0xIyp7QgrRlHblwaLyWZ1svG0UtINmWUIaqZOp6zpOxkEN3DJSxBg/yrwIw9inLkmAU2IORSySnAkjsU5KsmLwge5xoidP7eSmxYt57lAzKlgnMJTwIGzfzl9rzxdEkQ1L+8C3165mLWrlxKvHzK4K3U0Lyxp8N+ZLKBQKhUKhUCgUCoVCoVAoFAqFQqFQKBS6F0SekAIdbXPebMbNZjtkSn2SFAMtBHKSg9Q0k+AnBaHQMnSyd1U1Xmf/i33Ki+4h2hbEUq/nIrCQH5bxAmBfmofy+x6p9mGHg9DzDnncjnlLI2MnJLVgMR8Ar46SZBJJnzWdhvs1gtaWsxAnYl4i2UCZfVOEMpnuQB7PTo0TbXFqXRg6ZnoAABAASURBVGvilAGNoijWKeBcBcHOoK5yAc0+yf1VNKYCHeURQwSSK0nl8u12k7WBdg32RuvLSqLoVqRZwdridWCWd+MvcL2Ds3QcdzHxXSqE0iIyvsk/LY1XExRYx02qO8pKT3bfNS2Xz6YJAV033aqzZ8/devttd9x1V+98QTJbHnuxQE/uZTXcSbv5bjidNE3W2XDPdaKetOYos02w049dZIfWcBY13KDdjQ6daFtqCyKPCKNhCz8lag4i92GS01XGhCpjI9ZGCXU/MkRLaT5FtPTZI+qT+qvYepEMOnH0RHbuRg6yYlxQbE7kMe7Q7UKktZRIYbHCwLWXWd95TzVky4YGYE47kS09mPypKwBg26KsvEfcUyoMjXEndjaLGhO3FjkJFsKpeil5C3aTaL7MhEKhUCgUCoVCoVAoFAqFQqFQKBQKhUKhiyMkMtOQ7TBshnGz3Y6U+Xv0Xc9fL8cOp9epYycHTW1wgxMAS3XB8nX/C69apq/fjm9iHGgFuDgv7atZN3VUIwRKtXPqwDBOQzVsR0ZDpFKc2BTG6YamjmttknXb0iXUKGUQW5mRxoHjeabfozmd5PEc0IgwclJGXhgxzC+W0FCQ4yGb5d3BJiQpVTsSAsc4Kl8ihXGzccBqmmBgR/FfoaZiPT8R7EQg7XbXoZAFQdKCIw1rMrdHKQzIopHyMZaTYHv+HbOTWcdwp3d7NXRMCJw5e+YDt9zygVtvPXv2bO/Hrz4V92Gx3LmT/Z/Xh2rVbuTuESpkIS37zmoTyUgN2kNClL13ZxWubj/pWkALtM0MaaAgXGjxUjbdlxwbQo3FKTYkZvUDFcuxUJjp0ywXJb+zZeXYcgqFsULxRcpp+hEabVoUQDC/LiUwtosUNEl55LYZVjPerVO6ze9jwiwmS9LZ5hHdvZfY0lNw5D2rOA4ANLlF7e3bdTeB6rWjBybDSKhgdOTrB0ITkeXLSWvVozuB/MuQ7wE7FQqFQqFQKBQKhUKhUCgUCoVCoVAoFAqFLohyhql4OWbGTjY5Hw5DFuKkPzhgkoINLzgvRr56zv/rF+f9aCxVf99yj4qAa9Vt8m/Hk51IvvpedzQExouSuOjP3eyIv8jNb31B4yQhTqafaeQUxOFolS55NywEAtW7oLAYObtrC9egpaa8oamuvN1OLTJzMmwApirzFmCL023BLJjGWKkA/q9FN7CUf2G3Sg+7d2NWMgYu/loaTvltUUq6m1TJC2TkdADpgUkrzuSnd05ArnGBybQ1bWgxD5x1B+fICMAsgge8oI/N8Vgq5jhrzWYFnBg3OS/WZN4E/z6z2W7G7a133HnzrbfdeeedwzD0sCrCi2DPUK6iwbV8w3LLQncvgsde+ORY7MDMFbsDibK5aix60p4W0yLDxbyZsMbDZDlXKs+qJM+sXQ3/tn3UW0MJF/QTtT5CsPDmYRBMrUTIj1Xuzgw7OKlsejRIyBJuix9yaTuDO5Twrjmrg5S69KSUkp2cF4mk+0yNjJl/k+AxY7ZOuHOJXgT7EQkQljTJpz7hPLBoI1fTsgjhJGt02W9J9NSJVKEvhemSmiSp54/uitjEodk9S279gh7lJQOade2RW6sXJgZRBu9wjplGeUnj/IbNoaYpBKFQKBQKhUKhUCgUCoVCoVAoFAqFQqFQ6CJLiBOJiMnsvAGpSwxQTFVH9jghY006qS5qfVOL/8nYg6TBMQ0HYCVdL9amtO/UbeGb1r4qLztJsRWNd8BaBJcEGEge7oD1W/f7T7SjWdFSaQmgUinPlobDngLZN0Jm3GSz3W64qpug69L0I6fIYGRO8i/uZzm8eJwQj/c00nmYfqaGgIZhMOiEjU+mUup0xqlOjVnHlWvWTRHfXBOyGyMcUXPdb69RHRaUKfHCtFb69XfyvYUmsQq3GhDwFcpoIBlXIFc6lpumQ8hZJKlzDwhuPO3chXmqzQpoUk7a7DzjPRAW1iaznee4yQJtaRgG2H25MmP2zSHVHZvDG2686cYP3LzZDtMT1J8+1R+5f1qESN1v1fqgXBiVJBr7odbsxEmFfY8s7d+C8z7TYuPa8TQjK7Dk49jzv9qCUhK8/mUq7h2a8SVNKimG7FPEu1k7wpHI86bOSIJQ6BOdsoJdlPi5m3YYUdsngdQymSUIGXSihBdn0MgJFQLcAbt0DDySyw+1hew44XnBg4bdaC7XbGa3i7LRbNnoGd3kxA+S93F6nX2wtBOkbjLuelIap3uIOIZCoVAoFAqFQqFQKBQKhUKhUCgUCoVCoQuhbR6VOBn5q+T8dXXhJjRPp5NKIdMnYNkoeGTxnU64bVdea6b1GA03OJG3tSf6ZfnyBf+FfUP7Fo/3PqFmF/LyptSVaXQshvEcCcHJfddBBykxpVPPhW011XwQpLEsX9IfgYmTTR6ZMqE8ctpGHsVAgXN2Et8E3bOCNyer9tMJxtnr41b9FQsb7zGXwgvGUdoiOwa9+mtVYiwWE3vP6uSNGsFw02lGJjV7zrfsACazcnoBRrAeifOd5p4YO8eu4SYLymXnWlbfNSecfr33+uvvOHPXVC4/feml/UE/PUBHQCfaRIL7gY54MC4kaNK2yTYnmeasyckbkN82AdGphbIK6NR+0GUHD73y9JWn+0sPustOd5cddH137PP/gNQ45M25zeZwuz3cHJ45vPOWu+66/WxdM+qqpDrZUFPhW060fwI0Wg00hKhBfvyRw2ZvgMbrJ8lpxNYk2ye2nhtmAurYglTTjEBYROEiQ6FQKBQKhUKhUCgUCoVCoVAoFAqFQqHQxdYoSEVW5gI9SkXML6RWmEA9RRxOqEeuV3Fb34G7UVs3Q5E5NSJOAli+4Z78BE1B84KUlLXgqfVPiXDQseEfJnMyO5SM08shJez7nvN0khdUidzOo1RfpwNRDxfTkxFooDzQeJjHTR4GYmeZ0QwC8iCAS0nz8Rru7HqL9tuY7F4TALZ3xTNxEroBiV9ABVCaprCBQsTNAWVOFNwjAy5PXk5h9ga5oB9ptXv6p8FHAFrjEqd4sHk/5z6wHruOm5SPcHbS2cujWRNcvN/d7da77uz6/rLTp3Wc2Oxkj5cJloK8/Ln/+p1cMI+TNrCGQ6VYlD3jptJkFQ5aO2fe8zpp+5ccpEc++JKHX3n62isv4aCrvxnq+nTpFZdMP2VLHvMdt951xwfuuPX62zeHW96ycDc5QboO6gAW1ky3LvZqqDpfidXvST2wyt1sH/usB43WetY7mT2RSy2SSkQQSIwOSF6Ru13JgyNRRQR/U+5yKBQKhUKhUCgUCoVCoVAoFAqFQqFQKHR/1jiKC0dKWuNLHOsiFT1Sgwv+GrqU+rpqHDJrQAuaqfAioADGglBp1BiQ5MZngRhP8ISLpWeJ1Br1YP2UJBZGUn7KZ7NTHJezs6i8ehXUv2gvWUOZk24g53EzDttx5EI5Ma6BkkAkfjBm0aLBPEJl8D5aemVbFI0EyiMTJ5C3mYkT/qFxKyelVkiDQBrmueLf7U87XR73FY73DXqyXnpEDlgpWRgZLfpr2g7VZIsCWlBptr1ZoMNUR9XsSbg6LDEa2HEqE/dW5pZcRguFLDsOS9CkNrw4YOHfsGtt0hw0e3u+uMle1mSnSzBk6Loeu3666SDYkjqdrN4oPKnnxMXWPSVOaN6OECdU4nXmwuaGptnjS7YSLXZzHfTpw6+74jEPu/xvDmtyhFKXrnrIldPPIz7suhvfddMN77xpuxnKp3QEqVHJNDcZgepnhLg8kGxdwEJR6eZkqVv2fJQ7Pf/3wxygwDgSeWQ0RKe4npBxhro0lgOxmqqEQqFQKBQKhUKhUCgUCoVCoVAoFAqFQqGLr2GqAqOiB8CROmZwggQFHEELQTjqi+VtAVCYgzkK4uk5O4c1CRs7xeTVjQCA84o9t91WRPcVyvcEiVB7IFoujribZOZOiMZxHDKzOezqwaRJ12Hq0dUUZo0T0ZwgozzU2WHY5HEDecNOJ/kc5S3Qlr1bDKnJZGAN/0HPl9gzZnD0Vcy2apNJWJCESfNuzODEURJaHtLUhttqcj0V7TIjOCNFBGfhyTSdkWSsoLU8WN6H2hg6ulJ3PBFrMu/Czts11gRwtx/t3z2Tfd8zcOkVlwOHJGVOoko4PVW9hoTMe6kPks0Vv5yjb/JFAynuIXGy5BuktewGJ7O1AXFhUjObl4iwzL4yTU/jY6674vEPv+Kva3rOPVHXpes+5NqHPvohN7zzxvf/1Y15zHtWwCqjOcovSy3zl/Mnhqc5uN9IXceFD/L9qLlbNp1QeRPHTQTA0k+yNEqeRQZmbiXZOjiSRCqRG6/IYXHTQ6FQKBQKhUKhUCgUCoVCoVAoFAqFQqGLLwl3SRKgA6BJOkacABd1DU6oURtHoxukJhlSNxZfDTyi0Lkot++pce+UpAWWWAAHiwNOXC7Xoqj6LuiPUwG8jd1KxmGbM1uSTDXckj2Es3N5H7Tayr9zraoKvDKO2zycY3cT2tD0k7cJRqvXSvhOAqS2qi6F1trHpUpgRangr9Vfi+GA1/GZmak1fSsTpzYASeq4ZuOxdm6s22e0hCMeRv9MF9OnDsecCE91PWK7T9vYTiF79gealJ05iDIjFOaHznJ4YLdt2Gttgssd11QwHJofnaeRxM4RJA4X4XidPZMfawt2g3QzNbFKx/bi7hAh54mR4P6j8OhT+COby9ZidqLvZA+1yUBfYaiFHFqMbNcvY/p92enukx/7kAdd0kNov/q+e+SHXXfNtVe/9f97x+bcRh2P6sftnW1vqd2rMjttxSD5NwHsNkgMGlYcJaMunGqOpQSKuqbYvW9cURJvTz4d/BRZ77WQZ5rE44CKYkhKQ1r3UgehUCgUCoVCoVAoFAqFQqFQKBQKhUKhUOiii5LEIXBiTCKrdiuEoOVA1KwLrAXoljuRL6fbB2jlfDG0oOkj+dY6Keiw7kRSeA1V8sK0bm34B1ogBaWlEbTAvXS9gLWi/J4tbGeSrT7OnEnO48CWJAKdTG9RvtUvVyajpFcmXAjBSNxtJTHYsiSP5IVToGEcx8OcD/N4jiN18oZoO/U5YeOLYnVaKD4hVoOX8mpX0itmhWLzCmjokBUTESnPJh2KBLVZ6x7f5ulWUWED0I0IymswTxT1rdFzcDE5dSiojBpQSJeTZKJMJyIeqgPsD6YXkE533enOnE66I3wWZrwHwgoAsoIZzb1MKqCCe1o/xtoEjgE92oPMB4Lq6yQV9ySQls7ifj9x0r7I9RPCnX123uiOx1IpF1hzdxtaeZQMHCi72Mzmq5seAvX8AV8+ZoFI+mjxFkeoZpCZLUOL673mioOnPubBB32C0Al06RWXPP4TH/PWN7zzrtvuPAJX8mk930i+AIiBVa53gooJSvYFIxtnwquFrDOQyaYPaSxaaVcivJRj4X8tILlNFMqToI4pEqaDbv8kpFbCpq+hUCgUCoVCoVAoFAqFQqFQKBQKhUKhUOiiKyWP9r4cAAAQAElEQVQt+3ohH5cGGTvV/uNTGtCTeQgbawKT24osrE0aggJnTQn2knR/XC+1ExzXpfUaJarRCIDl6WTEMY+Zw3RoBBrVbgQNvJGAGI7XKVdD/mV8+3I/TC1wmk7mGBEa8rDNxNAJ5UOAQ8At0FAK79VkBat1xawc375oro/sG/+0ey+oYCbZew7GDSkgknxY9ZeMZxZawhrA2fAU8Mc8XsBcOtxOxCgjwXIYxcFpbNJ2ai13kC4/OPWgyy6/8pLLUmVEdu8ALjfUP8vJcARrsjYxcG8Ti5fHTef/n70/DZZly+77sL32zqyqc86d3tT9ekI3uhvoJtBoTE0QJCGKIAEqwA+UFf5g2g6HIzhgaJCUZNkiRUoRDlKyKYVDsuwIEpMtW1JYEaZsmfxAirBJgKCCDZIg0CBmoF83eh7eeOdzqjL38l5r7b1zZ1WdOufed9+7r/v9f69e3aycc+fOfT6sf/7/7hJ4ufTyyGhB/WvIgaMxKaldf3cl/aZiE6RE+RqHgS1VR7Vt1AQkuaYHZ6uTS4gJvu6po+94z3VPl7oxwOgW3Td++3s+/Zufe/ELL9mcbfeYQn3ApkAcV2yTdETUwUrtpGykb0RzWXFXJHzR5GuTSiUPt9kIynEjaJPHJg0/0bQodmCap33JPBnZ7HzrHxIAAAAAAAAAAAAAAAAAAAAAwGPEq9MJa6pORZe03w8J0YGi4GXLhW1V2j0iVPfBJfTDFCejykVEeiJuJ2MU5xcypYbWyr296Z+Tg1wWjKR/Ri2lUi6yxyFV2WMc4riJYnOyYV5HXpMb2I3qDdKmhdSyb/ndWAGURWHrzNsNd1aetZXdS98oLygfKZKjA/vZv/Oy6xKgVOaqKih1oC59InWO0/dx1z15cvXpG09ePzopKx7QlzSTdPCy6pp0/trbZiK7611GbvKAnY3m+yT62hGdME+KE+JDPc8cTeQpYnum5KGyObPBZc8jzbMDbpttTCK1dz9z8pGvv+HAg0PBv+ebvy4NZS98XnQnOYdsXz+varp26zpiZH+oaQTh6RaV/iG33812bitljV/dVv7VqB2VK5VRsKpUqEpL2jGA1H/JAnwcAAAAAAAAAAAAAAAAAAAAAODxYrIEKhV8aiuFlp2i6TYPWNxTVYd9R/M7YX7gl9KnQvYjVZzYCWpdVIN1SIQm0UQn4nESRUdC5Y1/VZz4EMopadZHjsTJmhV1OhlFcTIOYutgopO4Sd+jpOpsHInixFIiOCfTNH4dlz/pWnyvMUQ17agxAKmKjCZ8ZCru01Tg52bRLL9H5k4eA5GavVOxGcjV36IkSFXgjt3C0XFYHC+6q8vjp689+cz1J6+sjn3eep+MaV8T0MzohGbzaf9mcwEKnbvj/VvvW+diyDVXFPPJTc32tSI6matB3NynpF2kQpOs24pqbRKrwUkIVG1OJl2bmyftTHvampP349wTJ/13vPu6A6+Cd37gnffvnt195Z78aB6ZmZhNw9bSjawSNc9ZF+e9CUFIB7y8D54yefK4aPE4NQiKi8AlDT+jzo1ZamcDlaZS5aOP9VTTEaj85WCfu5iaopA8bwHhSgAAAAAAAAAAAAAAAAAAAAC8EZhCV3ZsL3JUiNUUa6TKRTss2ojIU0U5e4pMqzjHB+r7bSm6TYE4R4DSGKpcSjNgJdBR38aPcRjStJgy6BxdWkJ9VG1BJRIkn4m0RmoxLbqK1mRwPHAcedyMwybKbjSdx6Xdps+G3UDyU+UmWX6Tjustu8jtK7KXJpo1SLvaFGih86loQqjKO7huqN9t+2SbliKTmKlQ6v1yjY+JySvKIdQZxlrI0pP0mlxgDtEfUffk0clTJ9fecuOp61euHB8dr8LiTqtW2QO5bZ1I+4u25rt9uhXane12tiLHeyQ2+3a5bycXaKZqEpG2IX/tiE5KP9ueO++1VXFS3U3MiMIruhfzCGKaK01m3j6TpcruWbhVH77nG58O/vKyILCHNJq971ve/Rv//LmzszWplCSaOqRtVzNtEn2dN8+TWNaIeouipdyQ5/zXwXMrYfO2ro96c0kUac60etoz5LC2QBJ0vIvVHsW5qlPJO6OsdlEzKZk9ujzoeIeeAAAAAAAAAAAAAAAAAAAAAMDjh0KwAiFl6YmV732pMvvi4GALs8bgUns+t5If3eWQ19q9v4xFCueKKdOFeTFWZY2moxETBeZxHDZjHNOBQn7v3mtkTNbcaMtMaoxsdyKkjdY8nqXNOW7E4GTYpKK77jlqhoS+1z9db22P0DTPTErSeECYj8nuldYzyEoA065MihOiVjLiiiOJyzEV3mWdEbviYEPz86O5HKje8qkLuBrFZLsSNUHHfkn+OPRPHF99+1Nveeb6k8vQdV3oXHdXzQtapUGz/90+QueoT/avsThePvnsE9efunb9mavXn76W5tx84dat52/ffPHWS1+6ub531h5k60r5YNn6XPXDfky8VUNI+KtfdHLOo2QZOtm8qAm+EY+TUb2DVHCiziZZbmITqQeYZ0nt6I11DxchlS7ZCk5hF7z7g9/41GoR3IPwlS989suf/8ydWzc3Z2ebzdk4ju5rBe/DYrnsl6srV6+99Z3vfsvb3nn5bbtl/94Pv/s3/sUnxd5JRWROBxTODk7iPJJGgVGG1WiaxKwHmbKWqApEhGqUMtku2e303KyjiTvOduqyWkX6SyTVKNoeeFrdNf4nOmjm/pG7Bl/yLxEAAAAAAAAAAAAAAAAAAAAA4DXEnAdKybz6EVB2N8lClBJ4shOpkZeWLaclUim0F9jDBToQ3q4d7tqc0MHiYrUn0Xfz25XjfDXW62AtfEfvKWoOzmazHsdBdSZizJBlJr6z4ncI+QV92wFnE4cYxw3zZhxO9XMWx3VMFe04UBGFSLk1v86fhR/lvMRihC0jR9r3UOu0TjG1cbhcZBZ/eKralCwImiei5NWz9CTSpCey7CTOkhXTpJTir7m7sLoa2Nmrs4DZH7jykXVSMXjpF0chPHvtyXfeePqJ5fGNoysnaQaZdqm6FmzdxL0GGnuFKdvzrDM+866nv+2PfMsHfu/7Q7dfijAO42/98+c+/jO/8vxnXzjvKLtcQokym67VdnOQqY/K147TScWurIQ7WTwVF8mIPof5aRVzIOeyR9AkhnLbjj1urjipEpTcGZujvv9tV5+8snCXY3N29snf/rXPffJ30oPtvkZJI9Dp/Xvpc/uVl7742d/tuv4dX//+937jN/fL5WU2P7l29Nave+ozz33JWY83HxPKN2jkTI7IKUN81pqouir3d6eT8kvlKVTHXLFCEZeSbHlDlo9jTiexSFLSvyNxVQC6sstyuFgSeCSaSc+Icv+bThoAAAAAAAAAAAAAAAAAAAAA8DgxXwzK4gGzuSDXKj2ofbmcXFNBnqqDkz9H9S+gNiej1KNtYaTpffiZ7oDm09Rkx+yuMGeK71Gph6kpuL1MotEq41orl3yIYRDRyTiudYWQk0AsNqL4nFhUiO43fUYtx6Z5A4/ryBvVmpxxXDveaIbOmD1ItOZaD+6yM4CePAeVKHhL23Fuf2xQIzJxW5dfr433qSe4tTlpjUnUjKKcULmPWSFjW2oGRr3txWWk3P88u/rhUOSOXB/6ZdcvKVxbHr/1xpNvfeKpk7A4Dn2n2UTqkZB36WnLZ2Q/dOBX+fnub37X7/2B73jH+9/mDhK68E2//xvT5/PPffGf/71f+vSvfa5dyvv2vKsAOqyYmravGVW2FV82XsdfYh2+9Gm8JtQOmu0uYtGJlEgdEypl85tGaFI337vbklbFu15G7YzUKRcdffDtV90liOP4mU/+9qd+81c3m7V7MzEMm0//zm984Xefe+8Hv/ld7/2ADxdbwjz7dU9/+lNfTmNglpAV6VkWoInTSCwjvnUA36hP8vBTu2ZUayie/jB4VzuuCkVYBCQUVcPGFriT1SP6xyGLWOzvRjpo1AkfS66P2XGpVM+GOFUYXurxAQAAAAAAAAAAAAAAAAAAAAC8plh2jC9ld888CRa4FCO32JWDbK/QTJvhh724zk0cB7mLX1OnBw5Q4PKxDWM5B5ePy+MoBiejhOMIQyqShxDsW10/6iXnqnqusIq7yRjHVGHfjGP6rJkHjllx4njQY/G8DfzUBrlZzRHDdCC+5t00G1angIvLqbR76TQtKkITlZKoRoWy14tTq5VJm8Kt3U3dA2dJSvB1P+Wq1FyFhzHNPzpaXu1XT55cu3585ekr168sjo9935Mv+UyN1cW+203bZ33BJaaz+f1/4rs+8se+7RJ9Z+Id73vbO370bb/w//34x/72L+SAl52db+keLi/yaPxOcvHeuvfXitNJFXNFDVaJ5ieU9VtbAVBETe6SPO5x19qk7HUaCC44PLtvfPvVRbj4eRg264///M+99PyX3ZuVzWb9W7/ySy+98Py3fOT3d/0FxjB9373rvW997re/aMIS9egpIUdeNCvMXtQi5Dn7/6hYRNBBg7I8kck+pP2CyvNAOYrHuo03xQmzpXflOB7i6e9LHgpLUFqObzKxXpE8UZGwOBW9PWYxFgAAAAAAAAAAAAAAAAAAAABAkIgD+ddCLeZZN7uSD27L6ufpThq/kz0/zz2RSzmanAfPJ6r0xF6nt3fqo7qcDHEcxii6k/RxUnvtO81nKaXysgepqGvORFpNCu2j6lXShhvdySaK1mTt3CiiE1WTFLWLZ33lf0q9oZy6057nZB6TrzfH2mQ7ifPLqVkf0kRLUJV0tDYnWuzNuT7qEOCrQ4GLOUaoCotKOTm7CjQ6kfZOeJKdBKZO/qWl908fXX36+pNPX7txdXV8dXm8cKlcTT6yGV6YF0IxTdl/T2nv5D6Ob5z8wJ/5vgsNTtw5h/nIH/u2t733rX/v//IP775yr13yKuUmRnTNRWrjfS2ITlizlKqpic0RpyA3Xar8G5zbY3Y0k5XshmblqT02J7M5i56+4a0X25zcvX3zlz72c/fu3HJvep7/4uf+6c/8/W/77n/l5NqNw2u+893PfPazL643g40lmk4m7e/LyB7t29nfCdOL2HBBNlJl0Yl+D1ldaMI5U4YQe5/tlDyZydQkN2nTw/L4mHfgfciBTXo0Uhspk6I4G08dVXMUAAAAAAAAAAAAAAAAAAAAAMBjhSZrj/a7DVJo4VJMPKg7cZPSov62muF5IpVzFSdbYR37NnfNmWQ/FVXPUA5jkJ+jBesMw9rcGojSh7uu6xddkBJn1ppw4+wgW6VSu4TpmNBk5CxYScs2LIqTSC4rTtxMXOK21At7LoHzGmVR/lWUPYca1k1pNVymLX6iRCGxWZJMMpcakJONVqYjVjlIk6dUxCuagrF1IdyTP+4XK99d7ZdvfeLpt1x78vrJlaN+uQzLzokvQo7IcI2s5nzRyQWURji+cfwn/9L/+OT6sXsVvOP9b/uf/qV/47/56//dnZtZd9Je3KspYXufdUuS0GRzNL+LLQAAEABJREFU3FcvptOaAqvY1AJqbdKsQUXvpAIj70VplJ0vqIqqZg+wyVcc18eSi3dKNN8UtUXi9vP2J1ZduKDrrM9Of+ljPwvFSeXunVsf/9jPrU/vH14thPDUW65pi1P9yCPsyW4hk4/pJ/kxkqSHOTcwpc+omTgj6UdSxWQgTGuO6eN99PI9ekrzxzTQehlrowhNQtpV6iiiRJHdkn57lTZ5FdxZl5JUHekOVM9KRxVZ36ljComuRSRwiNcBAAAAAAAAAAAAAAAAAAAA4PHDUwnZjAvIQlZazQNLNksq8IVJSXBICJIqymOuLlvBOkbXlrClshx3tuGLdnvgeFx3W6raqWgZtUppmSAsBifjOkbJwQlB6uC94qXoWU/Gaq1W+B4kQIfPmNNWZ+Nwmj7DcH8c1hzTnE2uu7pcNy+REc23VUfJ7QvC4enf3DBei62xXEvWr8Qd5heeP1tN0WhNfHY0MbkJ7xdDeHEyUBcT8iF9kZ+uxPYjJeGoqToiOrm6OHrL9Sfe9uRb3nr9ySeOrlxbHh93i4VsS6F1u8jVZCo968LPDnZo73/gT3/fq1ScGGknP/Cn/4hJQ6pAiC+tOOFzPr5QO/Bep5OdjjBzFqqHaNl+Toqc52EkMnvshnZmkIWmuEawpU+WuZ5oj/LmbbH3iaXG4mcmN4n2nLTuJjVzqj0Vzkcv5/fOp1buIOmR+Pg/+Uf37txxoOHu3dsf//l//JE/9H3+oDLjmbdc/8wXXnb5YcgDhckQs4WJeUWJ80jqi5ztRkqKDheFm2hBgkZ4VWGSuKF4jddxOrbooEZ15DMfpOx7ko9ZVHKcrZyoaOmc+bCYrsukhbE9FAAAAAAAAAAAAAAAAAAAAADgsUKuyhLKnD0+BaXguN+VxOqTVIIS1GUkV5S53eOWnoWaXI59diCqvcgiGHUSmdfNOZexYxY55FpmNAWDWZXkfJw4uPwmvXwFH7wPkgzSlrxFgJLWiRqaM7i4HoczHiWRJw7rYRzThJ7jqBcbU9FURSCyQzl61Drptk4g5sueqq2zy7SCK/PupVlJltr5ads45mos5fAaJl9KtCVYpy32m+zGjhlzm5ZmFx0J1aAU3Sp6LRBHNzWLiFHSCiMFdqvQX/fLp5ZXnjq+8cTJtRtHV64slj11IXqN7zHHGbLWmfQmuQkeku/+17/r7Q+XqrOPd7z/bX/gT3znP/7//ELR4Rxib117Vx7htRSeXYNUiHRBvE61xFHdyQPVzltvorq3S+5h9x5s97k8EmQ5jT5UsZxqfXJ5Oo+tXVsDZG+UYtfDJgJTgch5x6/qH260WKlPPXv9yB3k07/z66+8/IIDO7zy0vOpcb7+Ax86sM6TN66kJzc9tDEPW5KDU+6aafBUyKfPSR7Bcvcrt3LSbem9y65PpsUKltdTdWgyJmwNdHmcK9oU3eO8h2fnKu193tU4sKwNBAAAAAAAAAAAAAAAAAAAAAA8Zijn20wV5Oq/sFcI0spE2r3Ypk31kNU4REuQbQpPLszXCJfz92m1xelERHHh5vYKxdWjkQHk6ihLGo4m6qhhiZ2MBEqUSyYRncyjbSzbg+WN/o34mqzvD5vTtKP0iVGjduSAo6U7uJzgU0QkvBVbs3UhTdoM5UZWx4jJM8K5PbqTHZ8CNQwoKqFmjtZzqegYcoNnyYSKYpxZWFTRkLmeqDOF5qOYKUpRx5R2V7uCkTtHvetWXXdjdfzMlSeeuf7kjavXrqyOT/pVH0JnsqBGYcL1OxtkuAe0sJn609d907u+8/u/9cCqp3fPPv+JL37hd770pU8/f+2pq8++55l3fsPbnnrHkwc2+cj3f9tnf/tLv/vrnzuwTquG4HbG9gq2UvE4KT1qV3TSPmC089OI8weAX8+YHivsVx2XCkcmjcj8aZce0+bv1CW2SVRro8iTlmrq9bYD3xx15m3CRdYgu3nmxknwhzrO+vT+p37r1x04h0/91q+9/d3vX67OdYvxwV+9cfXFWxY3ZX5DebBWaxEdTX2xXWo2pNoBKOvYXHnsbT9Vc+ioPkLC1FumUW8mXdw5R7YnhLn0Ud29COkecFABAAAAAAAAAAAAAAAAAAAAADxycoAJVa+LOvOy7DVZyNkc5rExLyuecw778X4qWtY0ha1iN9dAGqttWrxOOq4oRaI6LoxW466WGyaxsBPNc+wkLfeHh3HcDKenZ2f34rhmka1EKs4iuQY6JcjUVIiyL3ehcUWrdHFFB7KbN+Tq1c3axLlWCqRX0ogYeJL4+KmEa3kV7KuvCRdrjixYIU/dVCiObPqR4LTePMY+9FdXxzeOTp66cv2Zq9evX7l69eTK0i+D9Z9yqpR3r6oEzg4eJMYw5v+Rv92lXU/S7j7yA99+YPUvfvJLf+dv/PT63jr/fO7Lv/XPPpEq6X/4f/IHPvQ9Hzyw3+/6gW/73V//3OG8mYvuY7vD6SGy7/1OJ/suvq24U+3bjdnDA5zGg7L/+qvi5BwDlS2RWnYgmlMfiCJDsh97TmG766vgwSafurJwB/nEb/zKMGwcOIdhGJ77jX/5Td/+XQfWuX7j6Ct3T3WSzKbI1XuqcznrS3wRDmkfic4clrjOd9O37awZFTM1P2wawS7VuykPcFTtrKKjS48iAAAAAAAAAAAAAAAAAAAAAIDXGHrkBbwiB2lmcCuWYL6U8MB8E6gp54t/wlyGYdk65b17thWihOlEl+ubvupAiGhe5TcxhjN5inMbjsM4rsfN6WZzL307HkS2IlkxEsmT5SWO4swHg2u9tRWSXIaSQ7RvSTlHarUBWYbQzGA3iy7KrTy7TnGW0Jwd8yLweamm84jhijSQyxEadkQfdM8hLY3Uh8X11fHTV5546uqNJ69ev7Y6WmmkTmoFC7zIsRpUwoNk0psARVu1npf9c/7F7qggnn7XU29/37PuHD7zG5/7uz/xDzZnojrwwb/169/y/GdfTD/jGP/h/+N/GDbjt33vN5+37Tve9+wz73ryK595qZ25XTe/NG0XNQ7E69B8eutnVVS5RnryWulOZrYquVep189uDo6tv+/ucfFFmRQneWVfN7HHdmfraOqBnZmZo0XvzmezWX/+d59z4CBf+PRz3/Chb+v7c+U7J8ersfopyS2LJkMsjko6n2UF9RspZkhe5HnOTYYmpilrB6idkboKkiwwxzr3Jfs2TY+n6tnUq8oBAAAAAAAAAAAAAAAAAAAAAB4vxenEvSrayuJk0LB1lLwizS0S3IMeSavX7RwrzWcXjbgtdkmFSa1OEufoErNgyZYcpAVu1vwc5g2PZ3E8GzbrcTyN49rxICtQpPJmPpUMEpp8TdrLdA8H82QuUCam5B++hHEKtdO6qdkP1Cqw1mlVTmKSEMvRaB1oxBuGXLGEoej8yBTjMvTXVsdPX7vxzJUnn7p247oYnHQhtWtaQSvQ0rZcfCy0abnYsZhfxkxycm4LlPMv/cdmfOv3fsuBrf6H//c/Hc42ae2v/7b3/NH/2fesrqw2Z8PP/j//yW987LfT0l/+R792QHSS+LZ/9UM//V/9XD6B5vsw1TumWNHsX63Ww6neIDbFz9bOmKaPsxXsI9PivsOXOasHJwsGpifT8aSb8jlyK+MLTuUjThUm6TOOcRzG9DFXIeaafuWJ5ldKXCQCUZNbRv1EFTrF+WfiyjIcuIKXnv+SOSmBA6QbkxrqwAonq86le+MDp4+MDYFCsG+dE9TLROf4IGuS5/TxKvogG0l8tlzSrqud1uvHbemQjKpScjV86TDyKESRwFF+VNKg03WuD6/yDxcAAAAAAAAAAAAAAAAAAAAA4NVDpbTsHiJbp7JVW5zJPigVK7udWJgLDyTF6HJWUWunQ4yj7jlS83G5fJmq4KOKHKJUolXdUhQnUh9N50CSIBOkoi6Fy+gpSvKLeKKsOZ6Og31Ed6KROmNQHUstvmupPVq5Xc09+FWUPNlN8RWzNtnyzKA9+PlP1TRw+eR9y7fXOAoqDiYqYjABhDTHtHPdyJfsIW14DpF6F5YuXF9dfev1p99y9eknjq9fXRwfud5H8Rnw5jYgDe/qnRWhSbpJ4zhshs3Z2dn90/XpWb24A5/pYtzk2rI8WnzDR953XgveeuHOS194RZNswvf8G79vdWWVZvbL7vf98e9QCwR65Su3bz5/253P7/mu9y+PF3wJxUkJbcraDMv4mBnbEG31527Hv2Wrt1DTKC47Rsy1NwX/QKE/jdEIbc+c+U5sr2/TRao03VGydZgiZ11JzCdrj1u0tJSdw80MheoZzA/Ph1UjR8sDhjHuxS8f0lIY169f/9Ef/ej3f98f/fKXv/zn/8K/9fzzz7s3H6mh3vr2rztv6WrROxsOSj/NgUhcJqa+akZGNnLRdJfLz+YmZ++TKWBHl2Vtk2tFiOedVxGk6PjAZrri2cY4n6PCXhs9FgAAAAAAAAAAAAAAAAAAAADg8sxrfnThz4skKTx5dByyUTlPccK1KtlUsF0RtTSF/im/IYssSsKHSlJsJSrFc/WPMFsHqXJGLYWOUg6VMrpKJIYhjps4iLsJq/OJhcZUtUAuvKqbiruI6ldy3vJ9MxvtQdNEHFv5jhVgs0CknBZbGIbb0THMdp4LwWT/au22yEzMAEXPW0UkHFgUJ1dXR9dXx09df/KJk6vXj66ehMVRt/DmasDifOCpnpG4qKTfqkGIqSk1lUjcLzx5cv35teFdU5zagO6JZ58I3bkJGuNmsInf893fcP2Zq3X+YtXXSvdhk5C08yfeev2Ln3r+gvu0z2vkQqnKrlqC5tP20zc33s2FGtP0wdr8ZeFzFCfM5xpNmLWJaWxkRbmhsZxQ3fxA63k1NZEfNDtwnAxWDt6hVX9IdHL7lZfcRfyn/+n/4Vs+9KE08d73vvcnf+LH/+wP/tCbUHdyuKGOFqEOBTquVBMnu4MWtWM6I/MvUtneluEUu/S8lzwzG4Flcsd7arefu62HyMZ0G/3yrKKso5iFdRRtlIfPDQAAAAAAAAAAAAAAAAAAAACPny1TjfOWuoMyCstSqQXHnK1hWggtWc+VKLar1pHB4kdaWUlbi7di5uhca5aSMxosoER/x3ywfC08v7Rgxgr24rwoS0bRl4zjZrNZD5tNHMZsnZJr4lLo5Oh3TtIELBfWO2mvIIEmH4HpSrZlOq1HRtNK3nwGqgMF5+r/lrSHDpxSKeVGZq83Kk1ltxNNTfHiSxNO+uWVxfFTJ1efufbEEyc3jheLk3619H0nih3usuBgOq9icCKahFEZhk1aIYTQdd06K1O2zysnIu3rUjb/2tNX3fk88bYbf/yHvu/5z7347X/4Q81O3c/9t//UhA4n149vvOXQHhLXn77+hU9tixBKnzvkL8LbJ7x9dZNaIrXqfJHfv49z2epJtLNxbOYfdBDabW/eCoiaHq60KN1H57KjiUlOeFJiedMflCiePSemw4Gb/2zEOmQ6qcktplnTWSstz9ccJcRCM3YAABAASURBVNZnp+4iTHFivP3tb/vxH/sbP/TDH32z6U4ON9QibGUh1eSo9ua5al5SdIEqP4qNfElGkKJJst2ID1VeWne03T8neVUe/YvGxdUxliwQTP9qaJZPDPZUXPYJAgAAAAAAAAAAAAAAAAAAAAC8VrRCE7qEiwkfWMTTO+1TMocPzUpFUaG1Z3Uc2aIpMubdjiZk0cQcdjS9NG+LXD7oWE+gaDJ2NDRaOycayfJ4xnUcNxw3w2Yzps8wjGPsg0lhWN+s93rKdrRak1WzkFwudxc1l9dd7UoXDmy6XWQXp5C5NqW4i+i3V13PvttCXMuyky1FbhA5MYpRDqYhFeQ1hYdH13t/9ej4xurKjeOTJ0+uXz++emVxtPBd77og/gayW+99dq9QrxORI4hPjMAawKLxOpvVcnW0Olr0i7XbuH2UOCc3b7Rp6bWnLpCMvPfD706fadvIP/1f/dxv/tNP6DW7P/o//x53EdefvjI7+s5pTOkg5+zB5o/apu1K3tUK/Yy55cfF5GeG+ZGW2Im2eqE3TEGkfcW0Q+lGyic9HnqPOetOcqfyFs7ERY5l6TxFOna+b1IJgNrXCiUIiPmiCz47ve8u4m/9rf+2/fnOd77zx3/sbzzzzDPuzcSFDWVSuPqxu8N7P/KVOsFo/1rymbPcpXLryl652X8boLVL2xkmS6u8gc8aN9LAME8cSGWGpjEEAAAAAAAAAAAAAAAAAAAAADxWLq842YMVITVRhQtliaUruFYLcn7NcTqZnCkjRUz7VCGLWaZUd5Po6t7VAaXdfGtCp9MmA9GoE5s43B8299dnd9dn9zab+6mynnai9idR1S35df2i0piXzv3+SziviH5e5fzi9s6F+7p+FtNs75H2WtTUvIzWAcXkAXkf3j7OBabAvnN+6bsby+O3XnniLVdvPH107anja08sj5dpUSQvChXqqFt0S5eqvuS9D+nDYoch2oT1ZnN2djYOo4TqDGMXun6xWC1Xi753D0J7HYedTrZIt+7v/Rc/81v/7BO2lz/yJ//g13/oXRdudf3pa9Me7NuK6277c+jQ9hyYMKpQnU5aGRHthOxcEip+JxdU2VuhxsWPdJMfxVkvIoKCaP8rbnqwo2t0T41sJRtg5H556KDxQHs2YwddsmUs6+cw//n/6f/8nq9/z+/9yEfqnHe+850/9ZM/8Wf+7A++efxOLmyo1oqKJ2FcHsRz/6iypzwEO1dliExZ3ZbTlEwnuK2wK7k5tOf4zfSWGC3bM8kApD1DDVXknxjPd94CAAAAAAAAAAAAAAAAAAAAALx+UFPzy7Eys4XzlbMohJvyupp/NC4jFx3v0DpFZRJ3bA44B+fUSqjalej+uBh/zE5yflCTkowkGon76/Xdzfo+x00c4ziYSwUV/wU3Ga5oxdPeqp+d4d5L2K8usQJ63Lu6mqlcXDevx7U8kynKhEtl2M2uOqftULGfsJua5SbpYkivlkQ5IroT6sn3oVt2/TJ0Tx9fffLk+o3jq9ePTo67papS/CL0i37ZhWCylXyhXk4mNeAwDGy5PCEsF8u0ZOPWy2W/XK7SnOZeXEZIwM1qD1ZQ/sV/8C8/8Yufku2D//7/xR/6Pd/1vstvW+UmbtungfeuuWer0l99WcOr0Y0//4B07sm86lJ6q/9qKeqkyQuoPsNxGIfNoB+z/RlNcdJuOClOysxmn3nWJU5m3m3Lljvbnd96D8J6vf63/+1/5+Mf/+V25tve9uxP/eRPvNn8Tg6Rum0aIqePm550spQ0dTdx5SPKD/kUx5pRP9EidprHwfHF/jy1jzlLRMvuJvotRlkUUzcN6XFKn2iRP0V38ijNfwAAAAAAAAAAAAAAAAAAAAAAD8PlvRZ4pjLZt6vtwvRc+5FK8OTPU5yoymQ0xxT7rguqo0l7Gs58JQRbOdI+qlFKTDX08XQc7m3Wd9andzfre2Ncm6FDOQWNmtFV0741SGSwj5PPKNkzkikxyqv4nkrqyezy3flQ0z7bzViNNS5CdCfVNqZpyt1bY83fhAxJ/ZZEJyKhRuk7kO9CWIR+FRar/uja8dWnrj357I1nnrn2xFNXrj91cu3q8mhJYRHpuFsc9Ytl13sXzGqAgpc9xXi6Prt3dnb/bJNacbFYnZxcuXJy5Xi5Ojk6Olodr9JGPnh6IOXATPB068Xbl9tKWuCf/fe/bJKkf+1/+a9eXnFy84Vb2Xuj0ZjwjriEm5l7HVB4hwsvm8853O6+64esA+x8Gn2GKQXMFsi8gkaRB4jmSNVTrlTtWd1MZDUVXpniZLNJU+M4xGi6AmWrZ+d+Jg9JnJJ03B7Fibqm5FPUPVr/9Fvtlx9wlYWZF0a+IY9IUbBer//8X/g3f/VXf62dCd1Ji+rP6g2ZaYJ0NGSLsrHuZFlmuqAY42Srq0i5e7nSLSxdLFbzEmrjlybnG91gNn7lmKe0dWDzOIk6cFqC1/REOAAAAAAAAAAAAAAAAAAAAADAYyXX/Eq9T2uJVLQNreSjVrLLZ8IqhN5NQoz8YTfJUPaUpGsBXd9b16KlqkBy7Tm67Hdi9U5dyrvqDCtO+vaMdLdWuY5qZ3I6bu6cnd5c3795dnpbFCfjRkqlVlyPMb+rXwJ96vv6kuJjZVSytrJCqp22tZK8em/v4GvpPzje43AhS6s9C09KA7UPaCqobTE21vZu1CSlxjtkgcBGlQLjWGqxokrJVgMUtMW9ugcE9j5SiM5HDdORoJyw8N2yX6z65ZXl6onVladPrr3lyo2njq7fWF056noaY9rVousX/aLzQTuEJBAFFQ6lOvR6fbY+Pd2sz1wcO/E4WRytjlYLYbVa9V03mWo8bM+89cKdS66c1lyfbtLEW97z9Ac+8l53aV554Y41+66OpN4Q5/YunatPSh5ULJ/ukFHH1Cpx1kTs9jm9NM04PyXa2tRMdXIgSn6unPVZdb4RmQjlfcR6pswlRsf2TyUnxzQCNVWHts7SBozsfTR/vnOv5iLpEsELlRObrysPqikWbE0qR2C1uXg0nJ2d/eif+/M//mN/84Mf/ECdabqTN1XOznmoDZIvAUku50TFqUOKnkRHPtWXaN8qfjxFnDSl7+TxnqauVMaz+kTUjlGinWZGVS6PulyMVFS/kgc2PSU9KD0qWRIAAAAAAAAAAAAAAAAAAAAA4OHhktZiHgQlWKFUmLn53kOpFfopYMPKly57bLh5IscMrWY3ohdWHxGXrQ6sCJ7dSmgSZhRxTKnFsx0rr01UlCEype/or+NwutncG8Z74s0g5fWx7ITNAyS/xJ8vm9jK4rl0mlugqEaskN6W4IknSUDW18wlCuKMUg7I1NgIxLmEIV8Mu5KMY7v3RadC+TRUXWIreLLyvHmQaE2Xay4Jexe8elL46Hy+K857H7pu0fcdhd6Ho9A/cXzl6avXry6OjkN/5Lo+1XWH6MUKpe/Sal3n8t5cVgbFcb05O12fjsOYFi8Xy6PVqgsheDlVr8j6zTU034fhVjx068Vb7nIcnSxD54dNfN+H3+0ehJefv7m3ix/u97zz7XOWEdfvzl0GftAFNLUplX5hnW5SATDnB2A2x/xG8oOm7hRpySQ3KedNk5YlxzNVp4rmrIo7T5Yi7JwlcVUSaGclfTi8BmLpUYimy7FnleL0yGjCysMLlvZx//79H/noj/7kT/z4+98/2eBAdzKRb75lp+komJWAuXM46yGxrOGKpCmLEE1kxq00KUtG6Nzj2T5swzzb/oBw1p3kUdi6dB2lnQYARd7T8wAAAAAAAAAAAAAAAAAAAAAArzexkVCYRmTXamEPzAeUKHVXWwfaWs85bl0bpCReDhrrYYp+JBc1o1U/6zpWYJeFVgatB/W6bBiHs836dBzPzDplMl8QpYy30+DoStHUsxbzuey3pNnUrI8iqclXmDU33Ior0o7duKVMKHXVKk2I5hDjSht4yqvLPG4kLVKAlcbR5gxp0RgHjZvQTUoGhWasaK3WEky0Yi/qk0iBKAQf7K6w60LoQyfBN45WXX9tdfzElWs3Tq4e+X7hfGDS+AruFt1i0fdpXq0GayukpWenp5thk34crVZHq+O0lshMyPuymqwZx3IDH6AuzDwTN7z8pVvjEEN3cUDP4njxJz76x57/7Esf/p4PukuTdv7il286t+1f4mpBfWf+efBW/NNlRSc7+8n/nlun5/rQuKxgah8itrwoKgYSNr96mbisNjGDk+29Uys2KUekrSsvq9Bsw+1d8dSKqnSZriuLFUzhUOVt7FyRWlExBIqHA6segrt37/7wj3z0x/7m34DuZB+m0otsLlHsJGMs34uiLjENStYD8qxrtAKoZviqiyYJVL79NpeKyrFsMKZ50VLIpm3S5Bht7MwHiMzbjlsAAAAAAAAAAAAAAAAAAAAAgMcB7c0oaOIOtLZHJQPDdBLTelmTsV0drq+3HygcmxuCGi5I9oLmNkTHU1W9lNSnk+F9lXInfg2s1hqSIFJ9HdLEOJwNG1GcWP5MLGk2ZgNR95dFKzIdyMqpZbUSDWF1/CDVTtXoyLE4m7iYIKZtPF09sulZcnvYRChmJxYLNDUmNVdGuUrr6kVRtoQQN4ved2lv3s4wywqk6QJrmI4oUyRAxzQo3lPHFHwQgxMfOu/V4MR3XmxOrqyOrh+dXF0dL32fN3HUyXqCGpaIM4q1Wyo3j+Ow3mxO799PKxwdHR+tjvq+96UL0RSr4c69X5egbnN2f/07v/DJD373+y+z1dd94B3p4x6EX/9nnzi9t946Lk+T86lzyFtVK5sy8VCiE7rETK7/NM3LxXCiKexLmE4xoii3UOfogzDtfp5sMtdPSWcsNkbsLuc9UlUK5TxMYsAWm5IPPfkIefM1MQGWOa3kc3rUopPErVu3Pvqjf+4nfvxvvuc976kzTXfyp/70n3nxxRfdmxKSgSlWIxzrT3rvskYvZ5s1GhSa2T2ZcjFL8JodR6qak7w4NmLDSTiVNYoqmpNPtpsqshLVwWjaDvtstMII1wEAAAAAAAAAAAAAAAAAAADgDcWOOmRW0Yu1+NhIQJQ9LhRcQmC8P2+pcznEIytOpOI56TNcLambxmVuvWI6F9eYmpRLMG2H+ojEVHEfN8Pm3rA5jeMZu1Gye2rBVFN1JlcJPYoWvX1RTnBj8NFeRU39IPJlYjrDXDjNGhWeok9qQ3nKwUOzSAnVbUy1ffFOKXEVPNbAE9up2ZykBqYYXannpxNPmwTOuSRBq/ghUOd8R75PM3z6qOKEaBn6k+XquF+dHB2dLJYnYbH0oXdhkbZI24YgWTku2ImmyTiO4zCIb0xive5Ct1gsj5Yr8zhRZ4S54uTBtSZTFdrNJn75Z3/tkqKTX/qZX/udj3/qg7/3Gz78PR9wl+MX/uGvTifQfLud6b1srdCanThxOrlsI+xdL56zbvGccFUVpZg0il21pjCJSfU4qRkoW0KgfeoOzslYLvI8DqrdcqaymjV+gKt6AAAQAElEQVSbBfKwo5kGx2URgcsxUmyhKU49ckwURfZQeR/0OfKP3OnEeOWVV37wh37kp37yx7/u676uznzb2579i3/xf/Pv/rt/yb0pYTU4kXQztvseVYIS64hpBifzjVpxmXx7M2lqdzu58tjqUQ9QDXWoBImNOgaTKk6y102NhrK8M89ZtGRqGNX0OeboAAAAAAAAAAAAAAAAAAAAAACPHy0Fi0GGTVBrc+Lcfr+K/Lb7fnaDdfZU8y3pg7nqS4pBAjW1Sp5Vt6d35KmtNpbkGFLRCQ0uRvU4ORuH9TCsOa6JoolSPFXFhytCEHJ5tulOin3L7LDNj1QTb+bLGfqqO8kylOKTwuX8yFQ4rjo8aDYO55Cdus501HqWVFpA5CY60ZPVZEXvQVzCepi9Op2I9EQlNWm6py7It1ibiPuJTFPv/JVueWN1cmV1fLxYdD6sfLekTlbrQiBRnGhWDpGk5mStzDiOcTOkiUW/WC4XaSVZVzM4fHGNKblKuQ+57Qbc21usgzU/5hMvfO6lLzz35be/763uIF/69PM/+7d+Pk18/ne+/M73P/vks9fdRXz2E1/68udecg8uN9k9yfb5eGinEz73aWqcQ5qJOHU6E4ZwnOxWYqZ4nNTnlXOvKn2TqOl0zTN9nt6jEYy4SfXSNMDkh6EpTSpeqNYm2YhFnxlP+tBZ0pN68Ogcb6opp0/IayI6cao7+ct/+d//r//r/7Kd+R3f/u3uzYqk6hSbE83G4rnxiQhRpvSl3PNmj8k0NLdZOVlGVx9ytpHQtC3Z00aFI95lj5M0dvtJTxjz/ljHvqjruCyBiczEDgAAAAAAAAAAAAAAAAAAAADw+Kk2GgWeFZG3127UBW0Vsi6fZrGVESknfMz2KBVNS2xgLlEy5m8wnUPRo/Ak6ODsdOKcK9EyZpmgBxqdOprEcT2q4oR5IB/zOmMsKo4sigjelzK7t115zW7wEgJCPOWM1KIpzRuHS4PoOc6dV+RVfM4NYZeY18otXS+dZ3KTOF2rOT+MI/tirhJdFIVHH7wIUDhEzr4RPJJuGDSXQl1KvJidpEmm9PGcRSGd81cWqxurk+vL4+N+ufRdWrSksEpFf+dlTQ0eCqY3yaFKUUvBcRyGfrE4OjpaLLr5beeaMZNnk+PLloOp0RdNbeqaJv4Xf/+X3/4jf+ywAOH+ndO6/r279590F4lO2H3s7/6Sq/1pmu3O05zsnlhxHbFv9feIkxaqu5RkgnemtlqudJb5MxlbsYc9SnEY2SJ0xtFWHoex9C0qN0h7m96fPWenMqOiuYpNd8+mO9WKxw4kF8yxnnt98Guf4SLlUv8dbyk6YhCkPy3ySQ9K2eKkky9WlxQz/3mNeOaZZ/6T/+Svb838Jx/7mHuzwkWiZCladoNzbz73UZ5G/9wb4466sI7ZGpxW3Z1sQPMSEpaHCzL/EknPkbXtZ9Ox1AGlyPlsUXDMr10XAQAAAAAAAAAAAAAAAAAAAAA8CFobjK2OpNS5i8iDqKl6+22dybTUNzt0Lufd5NpjoyORIrm3MqUpOqzMXIQbop3Qt9l93VkrdWkOrWcY9Z35tKtUbd8Mm7Nhsx6HQe05hnQIC7RxlH07pAwuhFyCz6/Pa3aDBEyo+4h3ZtAwaWUm8Umcm3ZQceugdhaX9qyiBK3h+nZbP/eTsDbVgqweVSv7qQivahlpNxGaeH//bOi864j0VX+pxgaa3RHJyRBZggSVBFIFSdrO0SL0J4vl9dXJ9dXRlbBYUd9TWPTdol8uOzGcqBKFoGYnZpOxGYY4joFdt1wuF4uO0gnZ7arXnL0znKt15ksZhxwwOGl/fvrXP/8v/n//8ju//8PufN7zTe/8wEfe+9yvfDZ9v/N9z7qL+Pmf/uXnfv3z7hLneZkLcW6KtAmi8znP6aTJbCqz4gVHLMKmKulIm6YuzRogVawoVNM1jE49IGJ5qOq+Jm8fol0nE5qphSjrSHJgT3tOjeTKbHqimWFEUyfYrqXbaUATSZaT2ZZIfg7l9JxgBieaaeVtZdur5U7lh9BUMpdR7Tw4zzzzzI//2N94+9vf3s68e/fe/+2/+L+7NyuiWGK7lSIp0md/lqeTtUr157YWhfNYv/WMsGqV8lLT/omYLpjNiY5famESde9RlCWinlNtXlWhFecpk7L5mM2d8qgLAAAAAAAAAAAAAAAAAAAAAHiszOu6XIuGk82Iq8kvuVy9VegrSg4/Dxkp+8+SEuaSpGPLKdtCTJKOLA2pJ2aOCZxXrmdLZoWixVGzCSmeISPHzTiebdZn47CxPaeid04hEReTYFkxRbsyO1U7PVGuuMizK9wOGtHSp3cHyZE35ZSno1QJi84f4zhdvrWWFGFzS2RtjtV7dZeB5KopynajkzydjqgnP/Io2UjFtyVHUOSrkglPYenDleXxjeMr15bHV0LfOerZL6hbhuUqLDUrR7b0gczBYuSBR7XQUDFD50WekshRLWbtYjejiUG5lLnHVl26bNq6jGxJPT72d37x2a9/yzvef66aJLXRH/9T35tOlvzFp/DZT3zpH/2df+HOF7tszeRz5u+cxGQQQmIqs2dNLq2V1SBtP3TlSlzjpmNTlmBkj0csviaSeCTf2aDC8W5XbZ/bfEAuKqncr0wm4uuK1WioHl/3WyxcylMnmiQXTeISsyJMd0fBp97V9X3oVHRiljma1qQxVGWCplZg0x9ot1f5id8+7UfHM88881M/+RNve9usJ926deujH/1zn/zUp9yblWxzYn8AqOQsUe4utPepKmOZaffUrqSOc25alKfkyxQnGgOm6rsoEhNPohnUvxGuKgCdGeXkLSfJU4hZ7+RKlJQDAAAAAAAAAAAAAAAAAAAAALyRKKW8PbU8MwUp7h15BZ8TarYlI/M91rJ4LJEy5owQq50BbdfHrdY9JWxQQUuQY67M26v5pmvhQRUnp+NwlsviWq4P3ixLtNptUhbd/+TOkLNvXM4L0b02l2x11+anrDe683Un1PxfZ7hcnG3ShFo9iylZ2oJ/rdvG6Cgbuoxeqv+c/hWbCcmXULeI2KkARFwCUlk2eFd0D3b2aY3Oh6Pl6sbxlSeOr65C10Xqout9t/R9LykXYo2iBjBkAiHNaBlTg0pR2IsFSvBZKEDlZru5U8vW1RJve3icozXZnt6zSOrP/N//X3/2T/7Ff/3k+pE7n8soTu7evP+3f+pnRKpxztHdPrnJgdp2NRPhbAeR44X2iU7I7bnwctezRQwXnVKeljgo66wi8Uh3ZbMRj5Mx5kcg8vS0tGY71Bwz741FKcLTo8Ul22kyqmEJcOIqbdHAlJj1Z2PZnfUEefIpdIulSUxCvnLpK0HDcjyL5MsI2WSFc9905MtZDaW/FzcWT6VBHzHnKU5+8Ad/+M2sOHFyjweboEZ14qrqw9R9Np6Y/Kho6cpjTcx7FGNUdlL+dHDqE510HfG5onEUmRtzmMmd7JttoKaiOmR1n5LhrByIHUN0AgAAAAAAAAAAAAAAAAAAAMAbEJ5MDqaZRNsSijmUvQ7aiJciBskGJ1q/Fj1HiU3gA/trd+2o1Dy1EM05ckTELBIwssnuC+PZMK7V48RplgdxrnCHVAR3pVrKtV6Zq5tRXr2PkuOjs0IjMuG2Yt+0jKd5wM++jBQ3V6WU3dsFMbUmFFxUHJqcUvQ3ZijiicehRtbkS9LIkhBc4KiiGfUiUNVJ0Hp/WtSJ/4zvXehDOPKLK8uT66srT5xcu7JY0RA7x8tFf9QvJQel64IG6wTVIVhSTmqqdAhJ0vEcHInFiYhZ5LhaOb5Y2+H2qXL44M8dXYrjZtbdm/f/m//4b//An/rDB/xOLuSzn/jS3/6pn7n1yr32EHvP4TJykxa9KXZj853tzl139mDxrJuZWCT3bwuvKaknMQuB4jDEmL1s6sFEMaRqo/Lc5XMqB5xfRWvzE7k1XakalpLcE7lkrthDqEE5GtskncZ3fdcvFt0idbNQlFYlgcfGhKw18XkJ5WOVy2ZVEXDx1aAmculSnezyQHFyAJW2VZmS2epowljUkddXhdD8uWj8cKpGiKZxTj4+71J+eTabk5hGWT9GHmMw1xMqMhJq/41U9C3agdjXEbr8aYHoBAAAAAAAAAAAAAAAAAAAAIA3CLtJBbuVaytul4Jya6lAW2Egs2K3Zd9wLltrnTDWSnl+w316zz1bibCVKy1zo+aAtEeL6psiATDR9pkq8lohTZuJVwPltIZ6gea54DRGYrQrLmYKXHwWqOg6VD9A5woPZqoB+fLNdN3GN6vIrqd0H22SWLwB2q3Ea6QW700y03VZmkKaU6JnGcQvQD0CpAhLvSM1I5HicO996MRsIpBfuH4V+quLk6vL42uLo6PFIoiPBC17ma9yE98FFahkKQ9TMd/wWmuWL3ZpzT5rGlz21nA7aqHcMfbpOJpvd46Mg+ezeWdWmr5z897/6z//e3/gT3znR77vww8sSWD3sZ/+5Z/7O7+oHie2+/3ncKHcpNFFNDNrvEzp/F2jM/K7W5f6PVuTZUmVupqYzGQchnHYjKlbq1RrFFsI3Zem0zDPvUw0mKZoUHRmM6cqaUjEVbqO3vI4Zregks4jvX8YiulFtsuhxWop3YnUw0QilnoxvtHQnMaAqGwz06fRTFVTH3g3tUFjZ0QmcCleMc49uoSdZ5999sd/7G9CcXIuc8+ifFtK97G+ZEvrxDR45pG9eOaUbDAZvHRODgzTOZ6ijEHpLqv8UA1wVHZUdX56DPHCijmIJ3v/2EBrfxlY3Y8gOgEAAAAAAAAAAAAAAAAAAADgjcGsds67+hNH5XV1ZpuQyJW8KJe5PRepiBQcs6cIO2e+JhrZYrEMLitONJeHyyvwJUqhlDlrEdxK5pRjS8SDw8uxzIchlcwHF8d83qplkYK8+k2U0/Nlb3XPQ1XG6K7qO/O2hcbVSHrOrAg7b42pxWiKxdmuj1MWr6j9RX6D31W3FqeaGionMOXCmK7ArkObq/Mh79DbOZMKTcTmRG0CqJemdJ2jzlMgNTsJacJ33q/84sri5Mrq5MpideQXfdp64F6jdnpxqvCrflE1AnpqaU9jFRJYYEzXdV7jViQSRb1O3JTK0kYO5fOfRASuvabzNRzn/OR9m6f7/o//u1/4zG9+8ff98W99x/sua3ny2U986Z/83Y9/8tc/f0BQwjvf2yscFtM0Hic2ozO3Gjvtug9JfWJvO8sylSLViaOITSTUSAJ0BrXxMbMTe6zIHrDsFpKPatv70quqyESUK1nwIb1PIppEaCJKJ30kSnrOsBmy6CSfYFqTQ0fdYtH1i6D6Je+D77rQmZIpdUx5cFwjRMgyAL3SpplMT0N5IMj5KtaQk1YlZo+kfDkSh1USqHivgdCD8+yzz/7UT/7EW97yTDsTipMtZmIh1i5T7l0cR1fsmLIszeUQMpkjSU9sKhQqI6nJ1nzq79E0g6o4SYOLCUrsQyJf06OkzRRw4AAAEABJREFUpyKW4T6mPpGNnuwQ0f6ueBuozQ/HtHmPPoEJAAAAAAAAAAAAAAAAAAAAAPCA1Api/jkV0q2CHshsEXKEgixUxUmtMuciN+WpbJpgaRmpdG6zo77WzmYf4nWGs9AG4lnaBuUYj6wLcSrZ0PwY05RotTxV5Yf1GcfBnE7svXq7BC8OILKKl/K1s6r9mKqiUtjMddISXeNG+aneKBRy1VslLD7bfbQVzdY0ZSYw2dVY2Fo0+VxYAXba3E2uFmNpP65+L+p1IptLnA2FtI4Plp+Ty6w+usAsKhMt/4u7iXpOLLxXKQkvQt+F0PnuqD+6sjw+6VdH3WIZeh952fllv0htlNZcdX2Qa01FXfGLiSqN8GR3xNsNVMOWkruj/gJ6bt65XbebyQrBus/MvGC3gfZNFgXQ9jLOO84zP/0bn//d3/j8M+968ju+95s/+JH3hc7vPcQ4xF//58/9wj/41S997qX2cIdlLttLef/KW3N9jdMpa3RE29eooq0soKLsIiPiqTiKr8mwGVRrIj9VosXWitW0J2szWsmTKzZAZipSboGbNEB6F/TusFiY+Kj2JnoyImoRgyBXRF1iXxK6Zd8vF8vVSnqWCQ30WTVfE1fUX+15NEIsmt1ObtaZoPlSnrdkbnJ25+uUHgRN1fnxLcXJzVu3fviHP3oZxckHPvCBv/ZX/7fvec973IPwi7/4S//7v/4ff/rTn3ZfJcwEU1xzv2L7dBRvHd56Kk2I4lkjlHS8MHMSGb+YbCZpiJn0npjXpyxZiaSSRDI5lXV01SyasmSyuLKtTHeS1Y9Mj6SLAAAAAAAAAAAAAAAAAAAAAAAeEcy1xt56NuTX2GkedmE2DcXoou7CxAmx1LV5b+VYK+5uqj5n1YLLFgdTgAMV/UrWL7BpSIb1Zr1mHjSMRjQmzt6zd5OyI7LV1lm1MmxqGFYVBRfjibLbWC6Z3PmROg/ILGKkqchPbSh2EVMEUDUIsHY2dcLU6FkVYBIQjlbhDU4jdZwTz5Ku66XIy0vf9b5Lc44XR1fTf93yqOuPqO/FCsX3oe+IutCJBkVUP7R1ivWkqdwmKz9TcTKgLEGZ+gPzIV1JVZ4cEG/saCWmmVy+eK7gSJ+vfPalv/df/tw/+Fs//9Rbr994+tr1p6+mT5p/84Xbrzx/++UXbr305Zun99a8Iytx+4+yZ4W9STr1nPaJJia6OFpdnYqeiLLxjsimEqbPUsseEZrIh9msgajKvkr3b2xFaP6ETHPdpHIqBihZjWUCEzmE06OIU412Er9YrLq+C4tec3M6UWqp3YgPwWWhWSg5Jt7CsrIoyvHsyPPT0OVzYUr+x8/0J6UB9+qTHomg4N/6N//CW97ylnbO7du3f/iHP/rcc89dZvP/4D/4Kw+qOEl8x3d8+7//V/7yn/3BH3JfPdBOmNE0fBfPGR1AzZuGJx8qZ5I+kVBZXI5q5tSUqY5fqjUkUxByHlCc2aZwEdMVRRWZjYoqUai43RDn6DNTnKgkBYoTAAAAAAAAAAAAAAAAAAAAAN4QFJsQcnypKl5aeUrXyZoE2zBqeXrkhrZ0XHwSqL5X39pj5Ilaa7d1iqeGCEasbh43iVECH2JbKS37VVMVSfORur7VRp2pUIrcpMbr5APSA1cvd+uze9aZFDBU6vJ+WpgL+r6cQ7tnayYLFdLabc2ykRVj56S2K9oRr+oATz35LorxydL3q27hOfZ+cXV1fFVidLqVS7NCiNQHxdtX1pDYbaK57ITUQ8WZzUYVFpWTtHClthF2dSdzCdC0YrtO63CyqzdoLRa2NuFGp7K+t/7ip57/wqeenxbx9srbh3N7VrhAbsLn7uQ8JO3IpkxuInoLZjE0Wa+H9TgOg/jLFIue3AnK0aa8GVdUX21D6Gzvp+woVQPkh0qCc/RD7MU6JQ6qbNFMqjGme9/1vTiz9H369Cv1xen70AVWnYpTJUzMETdkrkQuB2hVUUvWoekD7kvEkgXlxHLnY9PjHc0lV7ZIb+Q4PcPl6mpS16vn+7//+9qfN2/d+qEf+pFPfvKTl9k2tfD73vte91B86EPfnDaP8RFFBL3GUBF8FMzjJBbDmSw9MfmRjE0q48sRXKPzLNIk+XYcbJzSPxLFhcdutmT2sEbnSMiT7plMSWiPrc7xNiUGVkwxr+N0D6ow1Fgy6R9R9/DV0bwAAAAAAAAAAAAAAAAAAAAAfA2Tq6KloFwEBrxPVzHZEWhOzbSmCBR4tMq2mSo4E3mUMrlYkkj1UfI7WoeMLbFCztOhxtwkr6mHHE1JMqZKYwjeFC3ZDYVFnGFvzmuIj9SynRu0DG4Fz9GVS6t7nV9d2dtl8QeWNQoN1xictCqN6iXDrrGxoGJjkZNMpKKfHQBS03q2jw+a3tI735E4UvTse+eWrlu60I3uaHF0cnJ8sjxaeZEXHPm+c2Jh0fnUbH7Ryc8seWnu0SRtKVoir6kq2X1AT9XWCZM/St5ylMyW5vLT7afpgrnRdWypTnbvwXyCdw1Omh3x7vyLFCd8cKkdcs+qe7Ume9Uqla4Li9zFo4o4OJ6dno0bcekZBynn251tIKrRVD4roco6sZVJZYlV9uXRY4zR1R9qFKHhTWO2lVD9RAhhcXLcL5b9cuH13vouZF+TLrSPh4VQGTZAFJVY24/ZTXks+aOKlRoCVLqOO28o2WlQPvTz4fjYz//87//u77Zp8zi5pOLE6eD4q7/6a9/6rR92D85zn/zkV4viRLHwnKw+1BmqHDEzEu2XWY5kITgaDeVlOk/IkOQk9yvkkB321o2Krk7GBDavHMnzEj0d5yA1zorHrH3z1puylwnl+B7tWPqHxwJ6+FFIkgAAAAAAAAAAAAAAAAAAAAAAj4LqdHL+8i1bi6qWyBIUly0boogPqtNJzL4d1byjJI3oXvJhW5kHNaE7zDM1jIToWGJO1mR4zXxIB4y57h1tk0HEKW5UlYmd31j27tpEkLm+JDs4sHv1lczDFXZqJqi+qF81BjkXJRdb7VSZXPULoM5RT/JZkBfRiZgLuGXoFhSWPiy8X3X9jeMrq+XRgrrO+ZXvFs4HFolBn1brui6IwqBThYNYX2g4Udq1b4QFeXouiih3h9r+wAeUAXNNB5+v3nCXkJu4fYqTSWviZhKWA5qSPXtrF/HOhHtIurO799WbR01NRnk0ZHemzWKtoI/mZlP8bUxlMglKoj1Zrn1sMsWBxpRXUYVeRdriVCuUHhARl6S73YcgN71T3Yn97y3LRNcjrplalO1KvKiaRHJh0qRihhNaY6LmUZ0mJs8cyie5r2XowFjzyJUEf/Wv/of/63/nf/Xd3/37Pv7xX/7P/rP/42c++9kH2vw//I/+d//eX/qL3/Ed3/5AW33yk5/8a3/tP3JfRaiXjUyU8VbnmrBDRR5ZF2JPBqm4xAeN+BLTEZlwQaUhwayjOHpL2rHx2vpGFAGWE28b6+t5/840jCJGsXPJqjVdGvXodfCIVdGkfiePQpcEAAAAAAAAAAAAAAAAAAAAAHjUTKYXUw2Ydpa2soOoIpIpWEedTrj1ziiKk6l6mcMViiKlOT5X1wYLIZEqZhxzwVGNOFItX2QlbrTKeHmbPq08kqhMpLpJxW+Ec2kyzI/Sql24pDhcqui9ZYjS6CNypXRuczJtxUy1Hu+mrBKXQ3XE18SZuYA1k300WULKu4HcQj6+dyo6odB53zmXJmSa/FG3vH5y5WSx6HzXpTlpk+g88ZLE5aTv+kXf08iiNXCU2nY6i+Jl4dXbhCzfpzpqlDuSlTK5+MxtQNJ2EzXfe+Udbj6z1XhsG16U77nU5JDihPcdYkun4s5RnJyz7SH2rtbduXkn247YI8GT/so3wguqcpNsNWEiIEk4UmeJYqkzE+FI24+mX6kbpw26QF7kRKIy6buuD136XvTmRZQ1RPZVArLyxuWHF+kB5VOYQrSK9qCBqJnB8wXzWW0XOWQlxI3Fhq3sHgEvvvjiv/eX/4p7WD796U//8I981H2tQzm9xp6d3Kk4a00cj2OwJB3pjV67ktgbBR2bPMvW+olk31Q1dVGG4pwwFs2nJLuYyNAhXVgOr38FiGMeGkVFNdrd1y6opxR1J+WPSnb0+WrykgEAAAAAAAAAAAAAAAAAAADgaxeVGszmFL2ByzYLZWJagc2JpNajh2Gj2QuxalF0l5xtF7QkbrtSz5JykKpGyTs3d5M0WywixB5iGLm4OTg3OJviNDHKi/HybrxMjPl8ove5bCoHJ/Muya4Qxc3Bb11LPgM9oYfKbPB7VAdSdZ01qZZIfdt+6Tvo6cqqXmv4JOVdFZ+MmhekhhcxBk/iUEG0UK1J+gR2vfNLH4LE61Aq+4YQVovl1aOTo+VKtAZZf6CftEnfL3rJ1ZE0DC8OJxb9IXqdQEVrQbWZLBPDWsZbJdqXMBf7r7FDKFc8I+6sMF37/uk98pWZQGRHidIan1xCcbKzw61FreKELys3qZv47agc1/E4aZGyEqk9u52exsxVlWXnYE0yxmw1oT4m6mhS/Si060g3INctl+poEtLHh85rlwnSQ3IHpckyYt8VzH7S1AbUtEpdlfY3EF30+JSbPO1nvnR3Hnh9qDoTy7VxFqPjOSvgQhpiVI5k2jcfuRO3nMkEhczZRgY5M7iJrobn6OBtK2cDK+3LzvqjuVfF0jH02Bam42t8mrAlceKdhx0AAAAAAAAAAAAAAAAAAAAA8Pi5fNnXXC7sfXN5YT3K/y4nHnB273BV8jFFbUyJInUFzRAx3YOV2bW2LqITqUtS1ApkzdYZtGQ5mPpE80eiKxVMzfRxJbam+JdQ1dBkq5T6Wj+VAv+jxm+3YmMq4ijn11RHl1h0BY5HfZlfdCRa6o1eVxY7E+cW3i8ppOJvR77z4kXiWfxbutCdHB1fXR6tFstF6PugMSpOWs57v1C/iy74bHYhBV7R10wmJ0Vy4snV2+TPC0d52NaqXiZ71R57V96Rm/DuIt63idt3kucpTraTdPghL3CLrhbLq8EIu5o+s6dp2eXQG7MksR6tsq2sMdFHYpQ7oyE5csNEYtJ1vWiMJPRE7rzKTTRfh3y0A7FmKOUd2hVXGczOA89ufk+a1qfmBuyOEnSh5GR3j7znMQGPAdWCqDjEmfROpqPI5CSaSxUnaazpVIYi4whz78uA2nybaM0EgDqcO4k3q84prkTnsKMqF+Py0VGbpM/GYmpCW+OUzyIUtqHdE/oLAAAAAAAAAAAAAAAAAAAAAG8UUjUvxsnSYLeY15gU5Dfh1V7EzBfGXD0sL5+bPYoqS3zWnDQKAjXQsJpl+/o6adVx1F2O8uHRT6cTHQ92PLU8UcUJjxK7o/VKPZpWLe1MZcfeDiimI5Qr7XoqwdYopVJqru7ytEYmtNVgpGkmszlS+R9dLc3Xer81YozmMhCs3iqZFTlhJ3jqisHJQmJ0xEGmpzTbBc3c6UJYLZfHR8dHy+XCq9eFuJuEdDHJZo4AABAASURBVAYhODW+UIVCquGKI4weMNvH1JOh4lZgogcu7i/8SPQ4PNWXL97dPrnJTHUyrfBgihPeu3SmOOH92z4cnWO/NYuaf8oNKEqU2iVMcaJPla6TO43+jr7z3WLRLxeh60g9TuyOezG8seSe0hGlXO+tfzUmEeWUOOta7MBt7+emzL8tjqFGleSyUqFY/bSiosa1wrkDTUrNSrMTAK8vPGgmjo6b4r40sMYsibgkEPuYBhoXIqurktiQiNiNR+sMZm+lcrZoEWgWfOOtK5izFRc5i0xH+2tAFskWmcYiEjR/FBmwWc2f5FhMxXVLNtEAHz0KXWY4AQAAAAAAAAAAAAAAAAAAAAC89tR8mZkCpCU7I9hL7OomUsQSWlHMsR8qVnDF48Sm/O7hOK9QiuHZi8EsUwYteasIg60Wn8qU9hK+ZO04PZxjnVYNilQwKVavlCKimF2clSn1p/iGFE1KXkmlNvHSNg1uS2IyT+TJi3ayZeTolmFkJXVpriwzkAvTOm0U0Y2+22/l1FThVYmJ5OOkiaUPUgiOo1cvDPO76H2/7Ber1Wqx6IMmqvRp9VHaOMh0kMgVH8QsxskdyqYDRZVDBTcZVUS929RojLZ9MB7Oj+KwlGCPfGS+wZYYhc9Z5HY7r5v2tduvp3UesIJ9nh6nSia6wxs7cnPjFsranMhm/kPebE40MCpV37vQLxf9crk8WnV978jym0g7Ak16MJ2gfB6l2L97B5vJovzgvYtm28yVVe6RQLmL8e4tBa8XqgXJKWQiMRm502lxW4qareNM45YH9TTmsj2FKhBJvdab+kQzyuxbnbDEtSqtW3J20gAsfyvIaQqPjskxuiasKYumvHmc6LF0PDLFoBpImVGWxP6Mjh5RJwQAAAAAAAAAAAAAAAAAAAAAPCxVc+BcKzXYJStOrDyorgumODHrjGgqlLoz8zKZ719rh21dm7PfhslWmMc4bCxHxCrQ+q77qCumI6nNiZiFjE6cOgZdNErl0ir2qjih2SE0LsasI6RkGkstnnYq5q9H7VLPLbqiB+BJG+DMecLLJfh0ul0q8hL3JBYWqfjbed+JYoV6vdDgNVnFh77rl/3qeJlYdV3nSVQmkqwi9gQ+TS/6XiwxnOasuOrkUcxmmltf58Tzav+8b+bl4EssKp4mzOesU+Umbq9CZWeHe7bdWlR3Ne2T9q24/3z2L8o9Wia63Nfauvj0pLliMBJdK7rQRyFV2tPdTrfXa1ZOutXyLXfci29NF2oUkispTTyJSybRE801UPp8mmKsPBQ0u54sNKHmAresSmaqtC1vH6pN0LbHJWUBl4/1Aq8F3uJs9DaE6PrInXpRia+J2o0Ei/IyAxJnfbbIpGw4U7Wg9rqoo7GM6aRxPDyaME+FhOKSooO1Wvw4rj+d2WGZJJHyWbFKX2Rkj3qS2uvN+sSWQ50EAAAAAAAAAAAAAAAAAAAAwBsLylVsor0VYC4WDbnMGKcEFK51ZyrpOZN/Ro5vmVXbSyHcbFI0oyf9p9XFHL+g6Q2sEhMzOEmLNE/HbSxeh8zbYaqi54OVk9H6ZHFWUa+WfIaN7kQTecxV4sFpap6tkIX27k3q/VS/i5WEHFsbxqfarg9E6SNCExavgfTpu64TGYK4DKQ2lTyVENIBOh8WoT9aLo8WK5EikO/U6STVaMUZJYS+7xf9Iu1BFCfErV6D7W4UrxN3OZuXHeXBg8E7v7hZwAe3srXZPYDBSbMCu0spTs7bzUUL9qwq63ZO3RjqhkTzZJpofZfVW6bIU1Rn1fVdunudfRbptoYq4LItXc3QKR2QqoFNc57tXS3xJqbPcpbac/51b/UI2lmJtmJxSrzWfC/Zw2L7PJqtpqm9BwSvD4sonUNGmRJtE8StxAV1iRJ/kTh67Z5ZaqLyRM8UXfRsrlWsfcKep5FHsatS9QkXGxX7a6FGPlGtpVQA5X3aTeBhtLQm+8NhzwNrXpppUiyIyqQnlP8AOe8AAAAAAAAAAAAAAAAAAAAAAI8Zqlk43nJsyivnaluS69b6grq5m+gKUTUfkaqxg7mSkMUhWGXcWe5HrTyT1RPNtyQtjlqh1H2OkXMkg0SLcBaoqJEJuzFq5o4cOs1hTdVxGyeFUVPHyOFimWQ7nr4jXy8uX4qYnWQLlaYBfFNenwQ0ezUGueg/7dl2ZXoBPxed2Hv+VadhoUElOKUcI5YCqzgCkFiYeA2gCN4tfdeRT2cs356D7E1CdUKqBkeRlazC8mR5fLRYrsLCi51J6F0ImnWxCN2i71dd16edRh7iEOTGkIl+qtWLFHDFU8Mqw9LifmqO6fLHqprY9bc40K+mXfAk/tgVnpzPltzE7ShO+OCueOd7WvQaKE48e1NScTS7B4vXmZxCqMoyTF0VVXwk0UlebmvXBQlCSjddkpFEReSD5SX5KuAqh9rnKbLvxpxvG3PIIYLdrghp702nPblLs/Vp1xGFd/e7cyaXk0CBR0kXoxqZxKBaD6+xXr4Yk3hVIep4bmK+bJrjnEpNoqaaRRMSqjYwLU6PgfTx/NdAbXbU1MR6TfrmWCx1ooz5VLVZ5VsVJ7X3WL6bRevYTOJLPJcAAAAAAAAAAAAAAAAAAAAAgNeexiKEsoVBqzgxC4WYM3AsQkEq61ZIpFh0HjU5JMe2mDtDLha6WkvWbdm2tbI018p8qrE7k2fEgXmj30PkweX6ZNSKfiRzMzENheUs5PP3Jo3QhJl6RaU6bieaNTbblNidxoNkzzptQZysBruT12PCGrdVcy+lfGs9qcOq/iPoKcluUpFXMnQ49iI0kSsJ4m4iWiBSAU+2fREHlLBarK4cnRwvlkvfBx/SnF70KD59LyiY4kSMT5zGqZgYJysf8h3KN7tMRMv90QOV893uI9Uy5DL+AlPcShWdXK5AzE1rO7dfbuIeQHEyjwviZoXLKU4uc9Z2c821x+6+3KYpfKQGkGh0jomiOg3KCb0pS0RxIgYnnaaa+FJZFzMH+qoRYWydJ6JPvnpYqJRJpW0uyOgjXVBFJ6JWk+HJei5PT5VY9Zj9lEyN9qQzjxrTE2VCnU64pufYkOyyaqUemkwK52bWWHlB/plNjmzcUYHepGQEAAAAAAAAAAAAAAAAAAAAALwhUD0FFz0C7y421YloPlRmEXMwzqzOXMQMlq5jjgyT2QdRrRLmjUetU0aVnch6kUzeEjdxPIvjJsaNiE5S7dKZBwdT9jRxTXGyhMTQFJpjp8CvZdXbaql7l5QwoWoqUc/Zlfqp1WfFS4CcNZU4WvTeB/bBiRRFK79kURLBNDxMGp8TVv3q5PjkeLnqfb/o+t6HnkJHfklhQd2q648XfSdiFblNFoOyfZcK3mfdTIlVqle0V3riD7bGfE6W45j5zcVsaU3cI5CbuNdUcVJdfnj6qZ16HHO8jkzZCulGiLOPzg1dv1hY9pHYm3Q+67PsZlhIlIpOuLRqvT1bh3ePneYUiN2jOqE3xKW9yeij+JoEGyyi+pwUxZzG6xTHKJfj0LKYLA3hIiGM5uSk5lRR88/Y3LGoSFGoSBvVToum8VCn0zaTmY9uODklxXwaZrXC5qUV1Rnq0XU5AAAAAAAAAAAAAAAAAAAAAMCrh2uISonXqRYVcRxVC2ICkVxsL99UAm18VZyoO0euIZbX1+tRJKbHma+GRtBoqEtUh5OoJcvNuDmN48a5jVYzo6bjmCQlv92uCpl8dnPrkZm+gqruwZ1rXvIq26zZLdecorKohAYVb4CiU9FqrFyMNFOQVB1SmxPq0788BqurMnWiQfCWMiENTGHRLZZdf7w8WiwWEseStgqdRPA4t3Jh5btl6CSXR9Qs2aFGD1dbq5Hq0MxBY2YJ8+CMu+XfmG+PXbk7v/m29B+7ExfO3JpTvmfLX63ihLcW8W53sr6t3VvlJdKmKiZJE50ISpx4mSwW/aL36kMTgp/LgXL0Ue4o5xicNN36cbJ1cgzbia9m+jQSsRM7Ex3BsgSEo44jZnnidIbFhMnfA7I8NB3P07BVE9F0JK/jjgqucteIvnhJ+axtFG2dCVj8bCif/LFqApMvmjd7RnKez1eLCRAAAAAAAAAAAAAAAAAAAAAAX7vQ9i/7cI4LidngRCdHZzKRrU0sAMQUJ2rWQN7XtJpSSWQ1LLGcHqtIOqk9Sm2d1SUhLU1HWMfxjOPa8eBp1Dfao2XnFCsO25sXmxSdaHNt6vSOBYt7gAaZ1/Tbn03+Q90j53AI19prmICGXc1XKdOOcjqENJNcjATodCR+F6n8Ko4mHIOLOpMsVUeSLpgD+UW/WC1Xx92iC31PvvNh4bvgpPia9rD0QRUn/SJ0Qe+cKwEVejd9e0V7FSfTBW033LkKh8MSEJtNJUtjVyhxoayknXPhsZrVtg/1kIoT3tMAZZKa7/ZA9sjIdLe6euLUtsQnOovR8UEzdBwV95s2zGnLkqZou2hfZf0NIj0BXxsstUOFaSyLOmSJ0pCkP3PRjkn/Fr8p6egqRZQ8HWeyQXNwUk+fSVvnsmMKt5K2rM9T7V3QuB0TOtbHy4uxk07o2djB1b2qKA8p8F5TLgAAAAAAAAAAAAAAAAAAAADAY4TmVXZ5oT3n6rCajuR6PWeDBqKsOMmpIFpfl2iGapzRSi6ySYpF5OiO5G15+3dgHlzcDOJxsua4ITdq+o6s6R1NJhCz/Bcq8Q/nX9BDlea3qvxbP7kqFzJjXoG9ST2cnS7xzGklxw2R5s2kVdN5+6BN1slH9CWdimvEbkDjStK3uA9orFDv+6PF4nixWmbFie9cCGmXo4TvLENI80Vx0gWzS4lWmG2VJeWrKk62pCfOHZCX7Idb7U05Bs8lObX9t4UgB3+682UoB9fkPevzzsShnZW5vGf5geYRUdU4pk/6sjndybWrWY0l6Tna3IFyUkjNEmn69CWlUa3R0NcS0NA8RvqiNZHoHGKvskEeh2KXlDq3mlOpmM40iCTDtGXrUI49E6+UKiiZBmZ9CGRPmo+TZ1EWoXDMfyH2i+DsYTLnFVMyanBYGuHSeZa/JAAAAAAAAAAAAAAAAAAAAACANwjyHjlbTIjLLidaX5T/xqloLzYNvipOLA/E+5B/6o6qekVjemIWf7DtXF99p/xSvdYP13FYMw/DcOZ443iQTzYLmcxXSvxLfkVet7XQhWiJO3NXCEl1aOvYTVH74avbe3bC9bhju6K6wrSHJ9MaiFSEpbG8nnEgsW3Rn57GIVAQBxSpqGojB9GgdOR7UiOT0C/IB/E16dOctEpaftQtT1ZHR6Hvfehqeo5z1U/GtW4wYkPj3Y6SZnbml24EnmwMTFNk9yaVqNnESGaNsE+/cVDAcc4KvPdcGr8Qd47iZJ/BiTukOHmQ+eVA6RGJw0Z0J3anu361rA1fau08Cbu2H5U9ghk6dJ/eBECF8nrhdbSVvuZ1hB5V8ad/BlRz6FRPpwZK0QJ1YtqEOOYxXcfaIGo51iSw0r116K8SRJqJ6vI2AAAQAElEQVS0JqYHdOWvgEGtUE4EjHm+KhblcPbnQw43itFKZHQRAAAAAAAAAAAAAAAAAAAAAN4IZN8Lq+1FLSQyFWeSmON1psp+CbrJATB51sxXI9s3qHwlUtkR5eSZIlmIkp7DcT1uzqJG6jheq4JkUMmGVDbJBd1rmg7N+ap8Q4UN04v1swuaxZSUU3o1LZRNS1rrFJvwzfSWxqVEsORwm9RU3qfLUFMTsTORMqz81O+glhg0joFd50PvSdJzvF90i168TPoF9T1lAUrn0kdyeZZdf7JYSaSO1GjtzrAd1TQMueSb54ni5JCM4ZAvDLUtvb2WL7EcOf5IVjenl1hWP1ggpnYp79zQvVtuOZjsEak8uOLkMgv3Mgyp93LnPZdaeaf3tLiSWCfO/ZW1hXjPcXb7LQCvPUE9S7Snyng9xlEe6DiaQZVKx0b7k0Bs43ge1l0xtPKqPlRlSR4odcc2VjfWRzvhXr7YLmXDkyaSx5UBTceDYIk+KjcZRlG+FD0bAAAAAAAAAAAAAAAAAAAAAOCNQSoPWpKOFROjJIao+EOSblzrI6IBMJNaxal5RilBkivlSHFM0dfkRSISY7bDUAMVJ5VNSdWJcTMOa47rVLgnN8g77CIxifo9l4oUfUtjDcEWvHOOjIIfVHFyQJBxyaSeavBSFScq82DNIPKB2HOWmKjGJKroxIdUUnUWyOMCuZ78KvSrvu99t1j0Ii7xIc1ZOMniWfgurbBwXR+6k3656he9+MzkAq3aB7QtUK9rKvUeuhbi8y5r20SEZpYkZnZCLpecizRJkn4u4R3C5ylCDm972ODE7ez3or26S5zqOSsMY7q//WJhsp5E57wW6LNEiy0oyvx4clu5/Kw4sAWa5PWF4kYtpzjbmXD2OHE1Di2moZlNYSfyP+24VEa64lvF1cUne1GptI7m0Tk6DMX5YGsGWKZbCfZw2BOSvZLkGfF6WuMwDumPxqgixlcnJQQAAAAAAAAAAAAAAAAAAAAAPEpUuiE6E8vBsbiQaAEL9qa5vovufYlH8JZ/QK55cT2tm0qCUy1Q91OicbLziZifjGnXw8ip0LmJqdwpFc/Bu2xwYlVOSsXH4lJRXn6nIiGRFfSF+2w0cuHFFXeJR0DrepL3na91e021vGAVl5CKTjibmjB1JjpJH5ZiquYApQt3gV3vwip0x/1itVguQufN3cR36ds733MQ3QmFRdendY765dL3omVJB7DabCreejs/U/u4ageT/63OAsznt9XsOmYzyc1EPjqZO4r55bBVitkCNHgrYWZ+pPO4zKLDBiezif07uOgAl91A8OoiE9InBNOddJPKh6oHzTh1G+acFOXAHtAsryc8biIP5mtlSTrS6+2hJk0w03w1U05ZDzaXEU8mQLRBhmuHL/fP5xGoqvAa15McrzPprnJGmo1jpkLJP+V/WTTyaHITkXEV2SMAAAAAAAAAAAAAAAAAAAAA4DHDWdthQhOdE40cy5J9Mtz09roPUmxUKYVzs9KhZfGoZCSWwror0T2ppjmO8p76MMZNdKcsHioiPVGDk1HPZtQtTNsyU3W4/CPWHyqDef3KjntDdqal8zVNZZIziMQJRgIofPYAUEcTkYVIM3nSCAsVjnSOjvr+yupo1XcL33n1QfEqUul0afC+d9SH7nixOOlXi77vxRslVWRjthbRcm0WlmiWjq93cMs4Zk/FNl5KYqG14OxHwLaZlqvT1JhFSFq9lgurd+tis5BLr8Dnb/JqFCd86Zm7rFYrV+679Y0u5jq7JClxDiWxOXGKBKI9iU2EUjp4feFBhmAZpPJArUM/j5YKZfNsEPeTgs2X7lqDdczmSPdIFqVTgnI0ucuEcVWisjUe2XAe1cUkaowOl79NZoTiyp8U3dg7uuzDCQAAAAAAAAAAAAAAAAAAAAB4TSllPZOajGZVMY5jWZZL6apfIK+KCc2M8TVFJe+A2V5/z/O4KFmclhxVcRLHUlHkQVQmIjcZNL5HRCetdYjKJ/QY3oqXtapJc1cRm/Q5jIHcAfuOV1nL39IGlLwh82WhHfsPlxUnWfuRy6zyM5r6xAUVHKgPinicdM4f9X36LH3oUhtH7sQ3o5N1tNrbh7Dw3apfHi9WR4vVsl90kmwkO8m6n3RrYlbsUP5y5kTAl796YjcVj11V+VTPmun25rveNFFx77AWSjd74HPkH/lIl+Lh5CbuQRUnr6KG3XWdleOlXq+76ojaM+JsQ8Pc9sbSl2eKpe0z460zK1X9WT7RIyvAbz1e58Pn/jh/7uV7IW9dIHgt8TJy2x8BVuWY9jnrB/pkiIDOunE1NWG1MdHkNPVUonnHZNI/FuqGVYb0fP+LyLGOybIPslFjjG5UxcmYhSaqbpEl+lx5qg8INUlrAAAAAAAAAAAAAAAAAAAAAIDHiMlBtMbI6lgRtdg4TkksspbZj6i1CZkSxDbWr6w9yIEJxQWDpgNIBVGVJePArDYn8Yz8hmkj83Msgy/V7vwWvB5DBRUmnHDOpCduMjjJkQ61LN+qGHK8DM/CZQ4TS7l9p/C/Z7IpslITPkMlDEjVOSUaqIbpmPrDriemC/Pe7AN6H466fhX8krogihMXgggXJJGn63rnl75fUL/03dXlatUtliEETRpicxQp98/5EmSRc4/UR4Vp+zLaC9qRy5yzcnsYczup6TC5Qm114KheK2nROoqqaKpd7+5wP7S7mA9u82oVJ49C3RDn6pBuqylLI5QeVkrn7S4u73FC8235ccf07B59R0yzf7X9C+kSq4NHR8604SgCQNPvbWud5g9g9U7SEahq6jLeVplGombEEGycjZzNkjRUjczpKu0s/aEYZLmPRZWSDhB9zvFp/K/IwxMIAAAAAAAAAAAAAAAAAAAAgMeOFP5Gp3W/ashgNUBnxUQnwoicA6JhOgbV99er4ISzSwKXDSknI4juhMcN8+DcOsY0sWa39m4jFUuqL8+ThZDU/WtVM+Rfk8LDFQuPiVKsr7Yr+u2mSv9Wjf5BW8i3PxttwGy3XOU5FivBKjRxFqajQhO91Mhe9TVORCdBq7G+D+FYFCdd71xPfuGo80HkJpLME1b9ckEhLT3ulif98ij99KFPCyavEfMgYGpOJ7uVVAnMude/t7K8vbJ1i2JPEPJ9zmYFVD0Spr7gw4bdQHTGo3tgeK4d2nOirjBTmez3VLlAUVLUEa9WeLLlD9PtO1JrDFPVJyicg8dMHDVJRzqn13+yz1XtmpaXRpMQkaoDlg5ErUCxjDY2+FIx/yEXy5gc9a9CNHmjCec45+6YHiWLC72ek2pgvG9VLfnoDgAAAAAAAAAAAAAAAAAAAADwuBETkmiKE000UO2ASiaKUYa8sJ5riyKEcBazQlOMgmkPYtF4TGXH+j2kXY9x43g9xjPmTfqQG7IiJRt1KCpCqQoPIjuZXG20ImN0F6tHHroaSefsza6NDh3RMicc5USJHHFjHi5Wx03/eXWLsUYU25goa3TBL/t+2S8W5BdEne4g+K7zfuE78mEVxOBk1ferbrlarJbdIpQwC54kNWoMQ3mihBpNZ/fQooqaJZRLxtxYDWS1C+tlFc2H3DMeHK05VbLjvc3aZeXQwaOcO6dqh2hr8Uws81AGJ1sbNpCbAnBmCphmt/PzidtWI11Zj5uDmcKqtOOr6Klf08Rm+uKuA1495h1VOqM4iPDc9ElHMz9X1fkculYCxrJyhIp8xeW/JLYj/QPh9E+NqUzMEYv0L4DI8rKuTRV6XlPDsqwkH41day0loscHyQwDAAAAAAAAAAAAAAAAAAAAALw2VNFJ9jiJbMYVWUNAJpMQww0pOVoIjqTrZE8NXZNmUQzmVqIpDXGU4J44jsybcTS5yZrdxrmR3Mj7EkGIqnSFqoCFXjc/iCoQoD1LHki1oW1CVOQmjW7CdCmyKIijSbfquqPQL7zE5QTynaPg/aLruhAC0apbHnX9ouvF4yStFroamVMikVyqvvpW50MzLxZu5l+I3M35hdqF5AJxydDJAqBcmc45GuaDEtU2Z03x3ri5d3p6+/T+dffEduOcc3Q+8HOKXtpZ7SEVJ3Y5rXvCbGmdoD37op3v7TX2OJ2UVR+oI70pgZbg9YVKXI7BzkfiSNHMrTQta5L+lVHZN5tOFN2JrCE5W5rYploSU5yQRYzJJxtpufpEZDWWGGt5Eb54KuJGkbaQybXIc/nLgwcJAAAAAAAAAAAAAAAAAAAAgMcOm9uIBiBYTAvxZJ9hVieefGPJQFQrgc1uWnWDBuoMzCJnGYcxxo1zKjfhNLFOi8hFyqoVv3NGVBbR6197bo0sthc9yLlY0lCVJKSfgesl5X2nK196f9QtjhbLZRd63y1TpZVjH3zvw6LvRIBC/rhfHHeLRRDRybLrO+d9sRpps1p2L4HmmohL1md5ZsyRPU64Smecaw0IsgmMzjEHGikrR0tRGu+sz16+c+v2/fvXVHTCO6ew16eA90ztPb3qp3De6hcoTtwDQhfucb7Lbt8atoomlVQTh9l2fJ73ypsDFTbFaL1KBEyud+C1p/PksqmUhXSlkYhVyaauM2Em+stJOMXJavJRsj8mbspIs9ycNCKMPIr8hCmS52wIJaO/yUqczPZ1cFRJHmnGWx7odFHIKWz2N8O7kaHeAgAAAAAAAAAAAAAAAAAAAODxI7qQUaQCWjj0xVMkZDsTqQV6jTuwTIOSulATV2qVPEsgVLwSB8ebGIc4boZhSD9j2j+L3CSt4CVURp1UolUQp/fVc55Po0SxV91rxZPptdKhFAuPciYWHGPHLDYeldk50Gyac43UciKy8sPrpWrzSUE1UCryht75o9CfLJbLftGzpOp0TEHni9lJmiZaSLZOdxQWy77vQxfkLf/qIyBtzZzLtnbObm48MLWbu3xDuJyuZPk8nHNjqlWLOhdwMR3IraRuK25UbdEoLjd88/69l+7fvnN2dhbH3I6892D2z8V39YC7iXsAxQkd/HkBc3XI9glxkelYs3eudqF2F1SykL6a4ddAGcMuNqIiG1YgKnid0FF+S9HltP1zR52GEjaViY33sbg3OR375VmXvUTONlgiPnQxqu4ky++4JI6Z4ZNoUCjnt+VdUc5V8872r94pdhLZUklHH7aAHQAAAAAAAAAAAAAAAAAAAADAY0Wyb+LIVtfjkXJmgsTpZE+LKXZB64zs7UX1EqljqTwmNxnE5ETzehwP45g+m1FFJ86lkqN8Z0cMmmwjasRJMVDJWg2Z0yYvvAZwk9hycLX9NiftxjxzSZH/9NTZrsfrt4TpkOuI+hCW4msSTvrF0oeepeIb5GV/1zkfVHHimXrqlmGx8v2ql3id3lmplbOPSkNRnUxzsx0NuzbCaL9UgObmJvkKJBejzudGZCRiJN1TtsVR046ophSbKFKj++uzu2f3n79/9/ZmvUldwc+Sf87hXEnP+VoTdo72m6HsZ/sWvkrdxJaRjCuPh02lx6bbXKjUoAAAEABJREFUOpV5CkmZpjj3kKgd6k1YTc/6tTqyOPB6UeQe+mMaJ+q43KypwkO7UeqCEtMwnaPZVAcSdYQa2fQoPkYZHVj+oMh+VHDoNTzHq+LQ65+YkXJmVz4HNlVJNjXRg5H6rmQBoPwZiUWDAgAAAAAAAAAAAAAAAAAAAAB4jIi6oJR6teDHZGE6OUWFCi5GLSeK8YVX1UPk7HARddtBY3rGGEd74V0Kj1J5zJ9SSq7SCGp1AHaMKMKL4gFhThp13dcKYt6uq26tcF75m6reZL6Wtka2B1HFCWt7UXCu974nL14m5Beh6yl0al7Sif1JWkGXer/qumW/OFouj/rVql+sQh9I4ySoHq3qTDSJwg5XzoFoykNivqj1mhW4dgJTADQbx+o8wTzEUQ+qxxF7gjhwOjsJT7ofx5un9166efMOjxsvleL4wGYE+9UkfCkzk9dTqDAXx7RhR9pMB+J1WkK5l7GEJk37eFORzXOKXZIC3cnrhPeBmlFAxnqa+YhkxZlgehDWgUucslRsohoTptEsnrI/kgwAKhMhH7yGhQV1s7HRSbxNbN/e5cgwC+bJdiaueRLkj4znovKKOr6ODNEJAAAAAAAAAAAAAAAAAAAAAG8UchCMlAE9BU+WqpP+FaVEUytXTYK6YGQzAsnKsQKgZKqoqUkqWFqiividRA1dGfXN9FrB9KV+SW0ciSzwjeWJznxUOR7MewJNco7PzAskr8UUd1a+6BDU5sRYG0av7+yLkQnHReiWIjRJ9V1vuTmiONFarGl8Ou97H3rvF9Qf94uT5dHRYpkmet/xKK1p0Ram3/El+YLqAR3tnqd5xYyXKM5W3xc2s4JIWSeU1SvErhp5qPcLZWuKjcqLNt5tnLu32bx0996dYXPm7bpNxeRTnzh06P0zrANcuPLB2bMLdETT96tkUkflnTcFei2dd+7BIGepRW8yj5M6BOQLJ0hNHgOt4kR/l/yc6W7kG2OKk1gsl2KkUR5uU4akUdNnwZqMPCYf0z8qPg1uwQUfTMlSHx57FqeBhjiLWmSYczaqqhpJHJNsQBDFiUS0wekEAAAAAAAAAAAAAAAAAAAAgDcGbJYmJjnJiTr5n6LAaC0cTA0SXfbxcJy9TERxsolxiGPUN+WjvjC/kfokmdkJt2ICd0hQkuUmBw1IHiWXqfO365R0oezO0J5mke/IdGrNzgxOxOOkW3a9aEokZCd9ezEDCGIwQJoxEcQNwHehX3if1jzqlkdBPE4knGKyfpgK8m1TmtyES2FYK/juAVug2ApYPTnLWjLRdEbFZ8W0QTJT10w3fi23391Zr1+5f/fusD4V2Yq3O8jaDmqUUs/p4ttayt2HonYeQp1QRDPu1UNuO3Vka4Xugs2rwUkzR6Rbb0o4R0bxTg8Hrwc5LicW2yvK1j08pai5+SJ1MYo+itUJxax3C1z+eFB2tWpcszSxzeVlnrOYxFW9ifoqUZRNZGwUOxMxT7FvkZhEUsmjBus4kTI68t4BAAAAAAAAAAAAAAAAAAAAAB4rUur2Wgn0nblA5Jqh6E98Td7RNcXrosk80KqgmFyMJjxQxcnIcRhFeOK0np4TdrRg6GvJ/1xDhywzaHNrXh+qwUk7p62Az1QCjUSDsy9LXckibyR7gkKqwpJfOFo4CdARCxPnF+m764ILoZZntR4bQuhC14fuqF9cPTq6ujxaphkSVSGpRfU0Ul2Yqthl6yKokWnQwzRfuS5uNy6lZ6oJG14DfUZdeVRPmJHdnbP1C7deeenunTOOY7q+4oWStg8+DOPQHsdO8RLiD94btfPgPLAK50LS7Wp/tk+KsVd0Qrt3bfYkvPmcG0zVoD3K2SPX6HeiA68LGp82De3WJ82eyAQlwzCoIGVypoppiBTNXJBUtKy1U8smL388zAjIFIz5GD6n5rj8GMRJWqbJaqovSVtJBE/0pjvJY4j8ATGlWzk0q1SP6c33wAAAAAAAAAAAAAAAAAAAAADwBiMbm2iV0CQU6neSLU9qAk7Rnbhsg8HZuYQjj+MmK07iGGV6zJoFWW1s5CXcZDhYhXnmZcLMtG1u4fV99tfq0ms9tLpW8JQmM1/1oGRBTUDKriyjKFVEo5iXdM73lD6uc5SmO3Ux6UiiIrxZzIQQtMUlWyd0y35xdHR0kv7rFp00GI+i6GjOhGj6x26KSYHmVhv84PoFzjEXrkiLatgLTcfmJnejOKCMHO+uz16+feulOzfvDSPLiZtvR141XRy7sx3Zx6Fz5Mut9hjpul7+0VMbx5iK8u4SohNXL4159nNrOc/UTvXpq/Y2uxPt9rRv4rKqm0eWaOUueGjaU9p3k8k5+Fi8TmRnKtYvEwGJxIz0+Y3ZccSm1KTEUYiuYw6iViHTKqqQhDR4ygfzNHH6hyKLTbh+2632mrSj0Tlpgfejs7g20ZdIdI6F9ai8TgLcJK8rJ4jFEtsF0QkAAAAAAAAAAAAAAAAAAAAAjx2i4LKAgeStdRVNmP2Gzm9Kx1aVLN4EXmqP6fcmjmfDuOa44RjV/0KqhST14qgSBVdcOYosI6fFeNtnY9BBJRdm8hFxr47z7FRaQ5X5/L34kjCxf8+5qJoTifRD+hq+5eaI/sD3jsTjJHS+OL6Y0EetAmjh/Mp3J93i+vHJSb9cdn2QTTWYZuRiBmHnLIVga1FvkiCzSmkuYFfOwK4oSuo5k91azgvLJciP6E0hxFlkJBMxl4tLzIYm5myIz+J4b9x85ebLL9+9c2+95r5nFWEEHyIVhRL77M7SnEJzo/fJDdxcK0H5HC8sMtcjaARSXv+R25yk3Xehd0X8M27GYRg4C6fy0feKTnhr2hqlza8qk+2F0sxJZ77o0hOUb/brygGrknomvrmgrdQhSApeJ0b1prLhXaQnaTxhN6oEzxSC7APnvxM61KRRTIR0PtZR3VP+g+F1OEoDhA5UaZjwYmpilimUdX1qahKzxY3Gr6UhxtPoZWIUX5OgypLAWb4mepTqi6JjrApW0EEAAAAAAAAAAAAAAAAAAAAAeNxQqt+5nK9Tar5kQhANTpH6npUL9S14LfPlQnnkuBk29zeb+1HkBzlupQgFxKGEStaMHsoq8pbnY1QjAzKHETN5ID1u+ZFDaNwDYztviuw+5Ildk4mpqN+W95uDarnV/F00Y4aq+QSVy/R6WSo0SUfioJYAXfp431O3IApaeE311+BUbtKlJWnaLX048t31xer68dWTxWrVLXrf5UYU34Hm8k1rUo1oihiFaNvrwrVGF1wUMzutyNmxpiHtO0yrisFBHKsOwgQS6VJSPfqM+czxrbPTF+/ceuHO7TXHGPwovYalKahsTnF9tlksl/dow3Gv5mHH5oLLV71Rpbo80/rsuZzt6ao7ebQs+mV7Dpv1OIipD+lzko/bXWZH8hjFvcqMw2f9cNf0OitOLsnIcVIXOWciNfC6MoxjpEk+x1z9jDQezTlXbEWiC/qv52KTxXlEtz8hIjqJukDNUeSJHzkPjeZZEp0XIxOiQQdOUZkEMS9Jw8ZIonQxgYs+Fep2k/8I6LnZ3x8TxTmCKgkAAAAAAAAAAAAAAAAAAACAx47Zc5CnWjisEgeLuynCBafalKjTUaQIcRiHs2HYRB7KBmO1bPBTco2b9rZdLD+nZPhq31+n2dXtLhbRDLm9kR57djJLMmF1AMl7rroTTdQJPos1grzbn7597yU6R9JzrCCb3UYmBUmgEDRw58ri6OrRlStHJ8u+S1vp/YjamGlPw9aZeTVB0Yso9gLnXQHHvW4x52wSZd9Nm/D0TcUZRRgcD+n+E59t1i/cfOmFW7c2qU90wQU1QRCfBG8hPaqp4Lt37j977cmuu78e9+gr2LWNfB77b1Zrf/Ia2JmcBy0XRzblOzn2/Ttn6tIzW+lSohMjK5i+RrJCajPEQzKXOq7w9uP+GgmFwAHWcVS9nAja1KQkcjbGUe0ImdEImdQjCz7SKJeHef1SrYkrP8eco2NZPFmCqPoVSc8RLxPyo2wiu5HoHH18orfD2aMUstiPZcArNidyeFvKDv0EAAAAAAAAAAAAAAAAAAAAgMePKCK8GWf4dr74L6jQQquPnAUM0aw1hnHcjONZjOu0moaopBrj6Nr4jmpNUQ908anUkuUjE53kc2ikCc2h/O6WjURjS3RStqMaCaSWH7orzdCR1BxzjAlEnaOeaEGhJ9/50HHw2tJBG1tWU+XI0ndHvj/ul1dWx8fLVR+6oPKfnLiSX+tv5Du5hYojjDuPvflE3F6DK44SbZ6R1ITZz1tJrm6sFV+NyjkbR9f5++v1l19+6aVbt86GTQyBci/JAhAuopPEiy+88uw7njo6Xp2dbdwh+IFu/ZRJc0huQo9cjLJcrOpN6ReiNHr5K7fiOKYbF/zEA4hOvtagbaua89d0F/di8NoTxcikjtr5OdRULPUm0VHNgsPY+eqFlQV4qkU0cxMdVDQNx57KSKU3yHg15o8bvY/ep2n2XnUn5tmkx1eXpCJ29DZSRc7iFpX62QglChlm9BEAAAAAAAAAAAAAAAAAAAAAHjMqcsgBLSzRCPIdYzTVQI1UKatLWEKMojgZhzPmwbmNY6ki6jrlVXerRLoHIcfFPLTixF+0ghiDbHlJbOlslGrFUdcMRUzjJ+8G02xotE1qMRGRSK1URCdp7Z5C56hzEqzTSdSOV0UP+VI4DWqL0vuw9OG4X54sVkf9chE6zznGaLIP0EO0qooSM+EO1uSZt+N0ttQnXLNyysLY7H1arwQkidxIOoYTO4Mx8L316fMvvfz8Ky+fxYGDT5cUq0VFWnNULVI+Fffyy7fjyMdXTu7dOVtv1u4Q/LAd4HUi+E5EJzotSUS9T01z56V7WbeV7ngXOglOehDRyVebx0lspGHcdMaqAir/7GoC9lzp/n4MNcHrCYeedVAwK6ugI2PU0SeqFkTGMaeDmNmc5Mgr05Sw6U1MFSKixHzfKXqL1JE8nbTtKO4m6c9FiGlOEMsTdU/Jf2ocFdFLdlIRz6TsvFQUd3ompkTRXvjV9dwAAAAAAAAAAAAAAAAAAAAA8DWJaQryv2NrNKJvn5sZRn51nUROsB6G+5vNmuPg5KX1Ic3zxNuOIAeOuGsmMl89XnI/dX+8R6fQ1vGtbGmOLdt7nGkz5mdWo3CmbbT2KcISPU2V6lg6kcpNqFNxiepOSHUnFMoi8UOx8B2VJSy6cBz6K4vVjeMrV5ZHR/2iJw2niXpUv/+6LyHJibuXVxqkeg7k+m1RCjT5QbOmpNYbJZWjo4tj5GGMd+P6y5Kq88pp3HDoqPMxZ26wRTJpQIbuSpMyxs34lS+9/Ow7nrz+xI0Xn38hcnRfnXgfTo6u1gSi5bHcsZe+dKvzYnEiGpS0hpE6AF9COPFVZdXQ9J72tJugHEftiiZgmF/gzvVOrhbb88Hrh6TniNDEm9hjzMo2tbtSHYk+4b5Yj0i/91n8wWqH5e2RV9cT0alE/ZMyiraqBOsAABAASURBVBhNPrITnxb50bvog+zQUz6o9pxmoJpESzQpTXQAs7OyCWYIkwAAAAAAAAAAAAAAAAAAAAB4Q0BFesCRmjJezkdxErRTRCeSrzMOZ+v1fR438gq8vOQ+OjeacUbdZdky7/+iEyjmHWxuIm4uF7lMVZ72/aa6e5e9QvzWytkNpK13loifxgJkz45zOo+93O9JpSSuoxDYBRJrlDSxkKKslFdDydyxmq4YnIT+qO+Pu8W11fHV5fHRYtmLUYqjfDKsliFk94AmdYjZgLDuqSQGsQk92jOtOqGpJW1Fq+CWam1O8OGsxLFL9kURMm2paqN0VYFHHhyf8vDlV178ys1XTod1uuKojSqOBGztFq0qrGdV/Qncp5/70jPP3uhX4eqVa7fu3OJDuhN+YyoOPHlRnNS0o+DDouMxvvz5O4tFH0R0Ilh3JlEdHcY6ffzqKZzTltCkeeC5mpq039a7pjtNtC8PhRppkz2pXJKcICp43fBd1s85GxJthBAzEcv40mA1TzZMyUjKMWbLpMhkgiP9gyBzRidhPWn1IQ0QFrgjuTz6LUITTfMxE5NiNkWzf2a9SCezhK3pF2zKFgAAAAAAAAAAAAAAAAAAAADA40U1B1q841Lwi0WOEG0FcbiQl9njMA6bMZ463miCQio6xikOYUsocKAcmN1Dct26FvE9BSab73d8FA6qEJokl6xhsRPSGvfMraOeLdOkLGnK25MRCm9F0+g2XgUmMZZ1sx5DzlhFIum7o9CRiE4oRglZYW1Qec8/VV/9suuP++XxcnVluToJ/ZXV0arv1BZFNAtxHKWq6/Wm1Lf9q/xjKuWPlC/QmUZEhS52FbGso/N9nc/O8fb1lnidRneS7n0o18xmLhBVVZR6wDrGu2dnL9299fLt2/c3a1aVhVaeiXN7qmQg1nNg02DIzqN78Us3n3nHE0fXlszX792/nTqTezB2xSiXVza9WrrQH6+uUKPiOTqRhnrly3fSner7Pmi2jpvkPvQA8TpvcNhipeaPdH6Aecs8Z9pIe10eQmyD/SoSakN5pAfJaGPRTxAVvG5IEJiNY+lmm57EcR0Exb0p3bxQdGs6RquYJP0cxQdFnU58YC8Za4OOWxLE1XVs4jwdHtX3yDyfinPJpDdUuA73nM1WZrCb3JcizE4AAAAAAAAAAAAAAAAAAAAAeEOQSoHmgaH2GmVmRt95H53bxHGM43oY1uw25AbVOkSVXPDDWVNwezgltskKD7avHA+0s7VXu5D4YKfH7eW0yTtZ9ZGzb8zmhMzFREq2nePOUS8CEB/IiY5E7VAkXifNJC8GJ93iZLm6skifoyt9+rlMM4O87k/m8UK+lGI5F37p/JOfRCT2H8cskJlkPbGuaIKQ7QstipNyw7cPEJk3kdP93ji+sz69ee/OS7dv3Tk7FcVJpyceZ54lVUGQlov6JHLo+q6TRKEvfe7lqzdOVifpyhfkrq6Hs7Oz0weM2nnQ3vEIxCjpQpbLo0W3bGeuTiRU6P7t9e0v3A3aB8TjpA2XYf4aEZ3kTjGzoHCtYms+3xZSFQQ06TmmY3DF18hmxibES3VcacYoM9N3HL9ac5i+6pARbJIBqvLE5adZo3PEAUkkbZQzwmRw8nlIFNsS2cA738XgRif6OnFAkngdYm9eSLoh+WzXVGQnZo+kgWU5nccVXyouYxlzGVbsBMlEbpEt/wcAAAAAAAAAAAAAAAAAAAAA8Fgxvw5zwcjxF5xFCmTOGXEQ4cF4NsYNu41zg36KqUZxMdjZ7/aMarJRfVEa2wjieSYOH9rT/uuYBBgu25zkeiWZ/0Q9Vl5pmteUz6n4LTQz6oSJV6S55KV+lXR4laCozYlqTdQnJH0sLsdrqTUQdRqps+wXq64/8t1R6E98n777Lqi1QDkmVcOInC9BVNwiDsNTak65TGourkmrmLQ+VNuqVHtdbUBTokRym3TvXVzHeBqHm/fvps+dzTqmkw5eZEfj2JjDzJtMbE6kYYL3XVDPl0if+e3nv/6bnu2XYXllwXep6xbr9el6s2Z+I9aO08kv+9VisZrpfohWJ11Y+PX9zVc+8bKtNqXqSPfIgSFfO04nTcdqJ3yzvLl/ND1ZrdVQXrGRgGVPGDFWGjW9iyzDi2wMGqMb4WPxuuFbIRHlsUc8sMyzZCAJxxFHE7aIHO80KCd1+9GCdShEJ+NiDOmnLHVe3FAi5/E4j56W1lMcmdoBt1jn0BS50w7MeSWnOXCqkBsHgugEAAAAAAAAAAAAAAAAAAAAgDcAZKW+VBBUZwGJdrGgFI26iHEzDutxPGNeS4HRxSjeJ6xlSbq89wRR+087n+bnQrMN+BIHmMXrWHmT1D3EdCc57qQ9VWpenS++DLYHPv+KfJazaFtJSoQeQMUl1BF1LIkqIU1zLpdmY5Tge9/1oevJp8/SdysXVhSWPgTZ3yj12Wi71Bos5Tf8Ne1i/+VSPdty6e5ceHdrUxdljVG5Lls5arVZtvEan8Hj6PhsHO6c3n/lzt1bZ/fPxjEG6xu6rfwb1edD20a9DLyEC8Wu6/p+mRaFBHXpaxz4c7/9wrs++HS3CEd+cXpnvVwcpc8wbjabddqk5qpcVmv0SKHsXEMh6LmHxfYKgVZXunRDx834ld9+WUrypP2s1Mft2m3lrwXRSZvYdN4aW793U3haD51Wg6I5TPKspEGG1bdCbU7YzJOIJ9sc8NrTKNE4W5GYB42k5Eiil0xEiUDz0ZanO5sGMDbFiXc+xDRkBP0WPYposdItpjykTqOWm2mXmFx9dizRS3xu5k9/bLR40Xy4iIf0x4kQwAQAAAAAAAAAAAAAAAAAAADAGwm2mn8q+sXIlnAxbtJnGERx4sTmZKwZLgoR7RUHzGbyfFYswgfn3DmbX4qimcjTzfxA00vzVKb37oP3iRt4pn3ZPa7k5kjwkAbrUDDFCfkgOgOShB22+qj6AGjGT9f5PoT0WXWL48XquF8ed4tl6EYR8ZjWQUq4pOXdIiiJfuZ6Mj8Ft5uFs3MV2VAmF/p5fh/EyCTO7Srqvm1Di86IfO/0/iv37r1yeu/2/bun43AWB1XJRGpMY2rF2vw+tOAcFotl+oj8J/3wna2zOYuf/pWvvO0bnji+ujq5sdycDmf3xy706bNzHvvafj8PML9Wvh+o55GnxarrVtJcd185e+mTLzu9LmvmNBFTg8w3ebSikzZ8yhchCDUXcpmJS9E+V45axcluh+NzOuhksFMVJ1nPFTlLC3Kek5gFybT4mkjWEo8cR1bvIPKPQ3n05kSciMqoopJCzyKH49GTyE3kO41WfjQnH9GdiIWTPBZeNChqXxIkSSeoA4ozzZonHSkcNaNMHNvjToK/rOTTmbNTYxvAyevfp2gxYaMMQPpxAAAAAAAAAAAAAAAAAAAAAIA3AvouutWHTXXCcXC8VqeTM8cbzVqRH+KFYVYYuUhIc/sCVR3UOJcamUOTLuTSpWR2fL6agKpJSf2ZKtXR5aybrDhxBynLp9WsQJ7Pekss46wET8VChQJxSN9OCrRegnXIwiNYa6y2XTobLw4otPD+yC+OF8srq6PjftFTCMFLrohrnVqYikygNCvTHgHMruBk5wZkwUpJMsmF/ry1K7oCZte2FWW/FRq1mJtu+drFF+/cevH2rTub9ZB2EFIZOaRrjkW2kvbQqWNLjpdh0WKkbZf9susXnQ/ZO4REluGsuh35C7/58tWnj596x9V+1aXPuGEx0xms47nzeVCtyLlcvBdpi1RFF6OarvdhIRc1rscXv3D7/vP3pBd4qv1z6mzNfenieHFFfJ90aOuGi1KDqNV2jM0iV7Ud7hLQfMtzTmmk2foxW7kUHUl2DVL1mR47tv5FxSXJQrNIT15MTXjMIV7Z4CTrVaKZ5kjIjmS3VL8f9rwriAKvFaNoTUQDlE2sVGsyOBo9Re8HsbjyEpqTHn0vWhMZ8WQimDkQ2wBvchPpDd7FIiDJNif2i210aMRuxb+kClNo/tRk1ZKIusQ0RUK9pLeI4mRkn/5KAQAAAAAAAAAAAAAAAAAAAAAeK2pq0hSQ2eacRT6NEqkzsNukj9WLvaostMZIpWrcvpwumoCSo+HJdlkVFfJafJZCZKhWyn1xLIm2Tt5W36TPm1vt0dwP8hloto0L2clE7BG8c9V7Q86QZ5E6e7UbRdhh2/ngc7gHlxOTKAcv5VS2JBVWbUtQM4AQuVdPi05CZMSspFhQSN5EOvlVv7zSr467xfX+6OpylT4r7zvxCkh13iG/2q9F1XK8mchlqs471/7TNmSOo9lxnZFaMGkTOpeVRHa30tWN1j45ZciTtX/6Fb14TXC6njMXb69Pn7/18gv3bt+N6w2NWu/Vs4r1SHKDVHGRjuIDSasYfbdcdEuv6hY1PHDlzpqYgO6+fHr/1vr6W4+uP3MSegr9ljPIg5qavPqVDxGHePP5Oze/dFdUElnUZG4PVnPPdh7kql3Dwzud8EFNyKviIffLPOm7nGtirHLHcjOFlzaN9VtTJTmzR9LOFzl/bD8seUwUG+2BdA/pICJpQHjK60UaikYdfUVVaApDokE8TvxIojuJZKITUtWgfHQ49DrK5L8BaoKy6xPV6Oj2sDOX3aSmyqJGl0VPqjVxYoozpo/n6OF0AgAAAAAAAAAAAAAAAAAAAMAbBAsuEEYRmsT02cT0zRuxPEkFyUi5mMiTZ0YRmJDbykXYKjCSuR401XSaF7HdbOv8a9JV0BTCkH+mGaFxT1H9hJ98Sy7p+7BNznGQ68oKgqzmcPqGfb1I0d106Qyi5umQ69X1xLQr5uOSfvU+LLv+aLk6WRxdCYsry9WVxeposex7UadYzki9MMviKRO1Tbic1OGzpmwmYxty0ZI8kOSiHCZq5T9Vn+/cv//8rVdeuHXz7rAe1AFhuu9FWaHROaI4CUEUP5Ks4YIk6+jHFyEMFXeMar+Sr3HkV754/+aXTlfXupMbq37pQxd859U55TETYxzXcRzi5nQQfczN03rJeo/n1h51unzxo4vXeQ01KJeH5idRXU/iOEZVnPDkYxMlICeaPwXbRLElIrOpSPOzUixtEks/F6mXKhf0qTD3DAdeF87Ey4RHVfJFdTeJcmck42sUxYnI8di0fqo1yR5ONgbn+U7HvV1t30x0smdkNjWJb2fULSfFEmukDo+RxsGNozid8Ih4HQAAAAAAAAAAAAAAAAAAAAAeOzFaaThq+kmaGmLcjONZ5IHHjXOD08ST1sLBVSeSgzXhNlahykpoVnakrX/3UkNwcqqP4sk3qTS5oD0/2MXs8T5x+VX9rDzJGTkuCy7UpCOIvwV3GprTkehOgq7vmfXVf9kokF+G7qjvj7rFUb9YhsWiX8j/IQQNZmmaYDIssYSbebte1Mr70etoxRDMu+VeO5wrUgnpCOQkVYP4dL1+6dbNl2/evHN6L80Zc14QqSsMFbmP/S++JqI7EeVJF1KTkEQHBTIfod5mAAAQAElEQVTZSdEIzaRJ9Y5mk5n7Nzfp44ufzZTEpJIWyjdgusd+t0niFDJjO4nqsqH9WpQRooSIY7pD6UfCjmJ3I33b/uVwxTCmflfKOdOFTW907lL5MHX9tnxedUN1hddOfhG3951FM7Pust2Z8r8lnUn6LrOFI+XRRF1MolmbyGzrQqJTsAOq7kQlPLItFUWSzIzR7IYQr/O6ceopEo3qcSJjUBAjE1b1GYvCxEd7bNUTSbyLbBDO40B+Hk2P6LYlStyIsbbVS9Mvi9XKKU4lJIxrMNMgkpjUlzaDGwcaoySZwekEAAAAAAAAAAAAAAAAAAAAgDcC+g65fg3OreVV8rg2p5NU6dOgjMnkw2xAqKkatnXh1shkZl5S6vRc9mHH3Wdk4JmLDMLKl1qGFjWA13wfER747DUhL8dT8VyYonr2OENwcam4iKlmau/tk36Z84IrihPmbhTFSc+u08q4iSuk8q7V1+Bo6buT5ep4sTxZrNLnOIj0pPddEEsQvSLK6SLbJyBfu4XUrdXi5AWQW8vPhQrOjCd4uw2y3UgrnIg6S20qpMSc7v299ekLN1/+8ksv3VufbThyCFHbWSUiIgHJ0TwaKKRZOsFkQOJRIl4lIkBJ1Wtf/Q/sNtUQIy7ON2xFZqbmYpqmIFuz7sS14iI2AdOYf2XrjEl0Mo6yyEQnzHWJHYdMdDLtPGtn/F6JyQGhSVTLB9IDbS16+Hid9kY+Wnhv35obE01Hr3KXXcWJqZhU1aMWSfkuyr6ixaDobtOEDi/2GJNGUvnyVNujLCtTlSO56ndClxCdpFsWITu4BFn/dT7rkMY07XmiMpFnO23DOaArf+uK5lpld8w0ZXUf01Mz3/eWeqmZr88sld7QrJPHXM6P7ujiSMNGU3WiTx/mEKOP8u0AAAAAAAAAAAAAAAAAAAAAAI8V1ZewfPPAbsNxPY4b1hfLNdcglnpgrb6Tu2R8DU1V61RdLgX/7Zfgmyma1CrTbC5qA5/NNbIqwM9XO3gidPE6uzsyJwbdWIqs8uq/40DUR9cx9RLwowX0co7ZqUEDZpZddxIWJ71E6ojupO+XoV+Qhs6oesMx722C6Zz3nlOjA7CfZv0i7hF8kaSGa4JPDbxwliNktzlNbxzf3py+fOfm87deuXN6f0gX7GngVmaU74Xk6pjWxJvTSehEbyKIdUi6yu1OkjsANcKR6Rra9SYPFbUeyZ2vSJDqScwvzRWtiU1UrckkOqk6KEv/mfZP1TvHfjpLiSmndQlrE851+eznkNv54UQnbCX9gkqHLry1D7L/i+bxJEzh2T/UBmKxGMfI+Y3ZIklHBX1WRrE2MZ8SFZ2oZ4npSJx4n3jNoEqL1CjDWcP5/KA5U6t4PZC/6JFdro7u37vrwEWkhjq8wib00avhTEgPQpCxjoI9qcWRZuompSfMnoyi5yrrzGZP1E247V7WE7g8w9K7Butk4nGSvseNk1SdSMOoihMO6XuUbwcAAAAAAAAAAAAAAAAAAAAAeKywRI0MUb/F6SSepVnyyVKEqnBQ0Ud2RbhEFbyVj0w2BnpE+0XFm4Tm6+385GwM4rPvhad2M9ME7JQ26eIz3HvWWTdQFSelFK4V80C+I8rBOupvEsQWYDomaaG887Ty4aRbXOlXJ4vl0WKx9GGh7afFd7YwmB1jgJnhxPnnn9MnGouXxojgweCcmOFTqV9ClU6H4YVbN7/y0ot3z043YkoR8moqNJEwmnTcmKbVzUQlGiY6CaE3gxORbhBNKqVzrmUqPTcXPdc21W+fbWeIsvWMy2E6rhFAibtGq4jQUB2bsDCdtDidnSmWfI3U0d+tvuTyMTpuOrQcvfRDy6YRp4Zun2XNubtyWVBVLyo6izJy+RgPzSwZJ5f483za0pVUXVDrP8PO8pTM10RaU4QmY3ZAMrFALL1RvVRMOOKqZ0kxMBJJg9MMKpE3SLP5NmqquKEE9Vox96BhiF13rkvHYrmC6OQypIY6sHQ9RO46sexRlZkYNqkqK4vCXDtOU/6tQismmp7lfX8Xsthr51FijcxxXEZNfQYjx7JU/bXGTRwHTp84Eo9hGNJaIT1pI4dIgdXpxD3cOA8AAAAAAAAAAAAAAAAAAAAAeGTEuFGzk2GMa8dnkaXGZx4nvlgbeBOIFKeSvW4JbX09l8mthG9SgiYxpEY9pHqzJnNQdqggNYnIb8wHXxQAuj4VuclUgG4K5LRfIrAdG3IJqQzlGmlOa5GzFj2BWDZoaVTidYiCJLcwBanOshtNHpCK6T35BYWVpuqsurDy3VHoViGIQoU0AidaUo1mSlj6DDXnydlTgFwt+bpGXpOLv1Kezds8UMm1FHet6cRwguQ6vBvcuI7DndN7L969/Znnvzyk++Kdxlcwq1QmXYG2vtqB9H4Ul4oQSDQowYeu6yybJshd89mvhrZvip//rnKKKvsITbJNs67UrdUUo5EnaJKROiGMtnItWCfGOGyGzTiO2uvUtMFR50PUHWWVjNq0lIaddCfcnE+ds7va1qJd0qJu/4OyvaJrbv6up00OEXKPorjOzI1N0Vwg0KYPmVJA/7NWrdKX1KbjIKKT7L5CWX/APAXo1FQd6S45TEdji1Jf4pxQZYdW9cmkp7HuaTspE7w5Gw+ITq7eePLmyy86cBGpoQ4sPV0P3HUm7kvPh8tSEsqhWDTzJ5mLxCbB3Ba8PXzVFbm6omRNX7swikws9TPJ0ykGJ2lCtSZrrxY4IbogwWY2FjsAAAAAAAAAAAAAAAAAAAAAwOMljmeOhxjTZ0NuIE3HILErIAuLMRWE6Ue0FDwrge8pq5udCbvWAqQuTFXNqg5g3t7eSv7Ny/NT9oloNsqeyz8XVBwfoiC5nfSi6gyvdiZS7pTICcmeCGa5Usqu4gKiipjed8f98sryKKfqLBYL36kniipGWOvx1WBinzXAvhad2VA0YpR2ZZpvuP/Ss7bHrAXsrmuK0tk43D07feXOrZfu3dmozkGdK8hSg9S7RIQa1f6lC73m6IgwKE+o7YknP8lGDgouTMBBnL1kqrUJZdWNy4ocV/wv5ju0zaU8bZYcnCvklqSz2WyGYXBzxxRn6iXVMtl57s3QOU+ZtDV/7h6yn47oYtEJF2uTPfshLjV5bu7cA2ONVQUl5cBcHYemXJOYNSbmWyJ+E/rER13BqW2MCp7YLEyKWIpFFRKLUiTmVB19ZlQulJo+kjevIonXiVmPojosDRAq2VRFeuKK+cVwNrqT/rxLe+qtz37uU7/jwEW85W3vOLD0/jo6c/6RW6KPYRb/TG4329DuDNpdhbcHJmcisnn6jnVOcTfRex7dOLphk24+jZv0SX+jUp8JHDsmydZh6jk9XawCJqhOAAAAAAAAAAAAAAAAAAAAAHjMcFwzD8xr5yxVh7PYRKGsq/Al98TlQmStXW/trknVYXdh5ovfkUrIRt5bAVQMKVIBvCpPavCHczSvelLzXXdNr64gyXk3qUSuFfNePhKsE/SMNF1GG0R1Mh3RwvlV11/plulz0q9OlqvVol/6LlgZXS4ulubhGiyx3SJ03pnsTm/9pIPGG841yTUs2iLxtEkF3U0c767Pbt6/88r9u3dO7w8SruQ5e66Y3shCc7zqT6Qs3XW9xet0lF1DvNmJPLgoQsUJVfAxsz7Y8kDIEpSSXxOjqRVcDn2RYrXMGcfRJso+i5zFm+fGpDjZ1ZHsPf925q7ZyXTmO5t2l2kNdf3Zvan7b+RDS0+4KrVM6NU0UGos7Zms2hIz4aEyRxdzzsqp0hCv6pG0iEo4kj3Hci9FTcLSzOlRURmK3V2vwhSS/j/KOiXGKnXD2uN9OUeyMUgTrYaz4cB1PfnMs+lGtvcb7JJ6e2qoAyvc30RNT7NEI0d1FC/JOkVcNE0652r+0m5/5FZssvUc68DCJmNyNmqZ2klDmobIg7qbjBs/igMTxY2Po6QyUepRKjqJFMiJ9E8irCA6AQAAAAAAAAAAAAAAAAAAAOAxE+PAfFoUJ07zNGr8zfk+HFXmwdPPYp3geMe/xNbxRThQDl2KxT5XnlVl4qtEQN1VvOozzJSiWjFUm5D6xrxOtwf254ZyHGC6mlRSp1pkp07qm9w738sJqfdHuTKzPAnUrag/CUcn3dEJLY/D8qhfLkNvBVyNKaEpiqLUcK2oS025d9dC4Byhw0yZMDlZ5J/R/GF2duV1kbhVjCovSKd1Ogy37t996c7NW/funI5xlMVOxSVOFRrqYKIfMXrxXQhdFG1MtntRAYiawLjSYOzOCTty3MQjFYuNydDDN7KY2hBt8E3ZSbblUKlHKlMPhpskJq5k9PBsDuWgl11fk/MUJ7Pzb1rYVo7MVIQ5u8qHzl2K82VEdr1Eu+d3jvLl0AWYmQSLhiS6WvJ3pAFFbFIPy9VxUwgTs/ma1Btq24l4qjjulCfGq1gh2ONBlkQl05o8JaITUn+UnN3CJWzJbGoUX55pLhZIqbeu740HLqrvF29/9/tgdnKYd7znfV6NTM7j7lm0wYLrbS2qk/IQ5oC0S0o8JuGYxYjtrlCCmWwgF4uT9PykZ2izicMmaLYOjWOIgx9jx4OcnA1A7DsS9V9QVVd4KO8fAAAAAAAAAAAAAAAAAAAAAMAjJIrTycbRoDX0btINTCKSS9X1uFQS261MCuGzbIJiI+oohiW5mulVI+J9532pS0ud3bPL1XY+dPCiPtkRvPAsk8VdCi5v9Od0oSCpLOJx4oJZOZiJil2AVmI78kf98spidbVbXe2PrnbLo37R+0DOzXQxU6aETVM5q0MXN6kuNImklZpMl7a/GrxdJa4JK5GkzDvweLqRVJ0X79565e7te+vT0fnQ9VkC4n0J1gkmBgrpY6Tb5MzrxTemITuWBvuK1FWZlFv5Encla5Ymi4XcJpL2Mo7DOGyGYWsv1p2qvqTImEK1zbEV5kod62l770W+U1VPE2NuSm42L2eX6fZdycFuPNvc5c7DVW3z8PX1Kh0QgxsNMWEzOFHDEl0W2eQzmq3kzJxHFSE6FjAVmUDIS12VDDhzkNHvIA3EXvRAIjQJ5UlS6xzWmWSpOlWx5l0VGXHdJ5WGuvvyfeeuH7i09/2eb/nCpz8puT9gH+nRfd/v+fDhdZ6/u5me4KlHT8461jFK1pOb1sjb7PRM3ZEtofko7Fp7FBuu02HGUUUnYxxGNwxOUpyij5sQYxfHzuW+KdYmnnqNN1t48c7poDkBAAAAAAAAAAAAAAAAAAAA4HGjUobYlBLNiiIXftVmY3r9PS+iqU48VcUn843t8qWU89UapOhMzGlhcpvwiukb1DeErKgvJ7Anb2au5XDZasIV4xG3bwO+oBHqhClKYs0SCd6nomenwTpdqqdLzEMOGDL7EgnW6Rcny9WVxdGRXxx1/arrl6GXK9ISvJ5cFeTUTw7myT4f1iyuGm84X5wkportflHHZdUIamMxpgaNJJ42qbJ7b332ws1XXrx98/b6GEQrpAAAEABJREFU/oZH6oJeXb4TFqBjeTohRx3pvxRy4I7JUixZJ7WYqTGqFc6O4U173pFdtbKhJpeH9olQ2rJ2vZXMqUA9DpvNZtikiT50M4lJma7qk+LDMrM52XGIUeeSndMmKvV3lx+YagUya97pERA65ouVEOosRO0uZkvL4aUvsavyKyo2KFwfOE9NFkoRfI0uu8JIAlFMpX0JQopek3E8xzFdV5qf5SDWdupiYscudiZZbpI9XVoZV7QnxpU9qGsNRzE7YfbRVFqy1E9BPHaaUR8int9tEsMlV4w1dOrOy/d5lCQVdw7L1dG7vv79n37utxzYx7vf94HlanVghdQvXrw1MLm5Toxyr9Lp9mFuxt3cFzxlyeFssFIpoQ0IlP1MTMYX1PlpsN/pAU7d0vEQNyNvNj510TikT4hDz7GTjwy+gYITrYmYnfSi56I+7SgdGclKAAAAAAAAAAAAAAAAAAAAADx+RIgg/2rdmMmK9LmqvZWNoJYHuRzt1BpFN/NV6qE78lzL8+Kq4FRx4plLnozPjgrmZWKWGTlYJ4fRyJbV36G8YE9FfjAltFSDE67leZeLp7yl16DirLG3Depc37SKU4MTdgtHSxWd+EkDE830IdU9T7rF1d4idfoldV3o+j50nSlOqGhtogk+TMGTK7BUy/nmBKM5JvmKrG1l6pyUoCq7MYGBfPk9S7fMONKx40DuftzcOb136/7dF+/cvHnvThRVQ+h957swlHaWtUWJELzcoE7FKHJ1qdibFRxZOSPJTFuOMtZv9ioF6gXmqnadKrqhPbeInJuMc+S0hnEzjun/jWTFeNeRn3KfquLEV03LJPvR2bk1vCtSIM47zpk9urrJnkyz4mrazCRSqZEzKhvJ9iFlE93tpZxO2sudBylRe/XS60tPIMv1caXSbzdBZTzMOZ7GknFEUMImjxLETGKIuaexyT7kibcjU6SsCOGZq4wrvhV2B5rT8vZMe5fzd8g8UURxkmamZhBhiz7QuljlAdr6seplTF5C+RiR7Oj6pDmVsPDId166f/WZY3c+7/umD7/0/Jdv33rFgTnXnnjqPR/80OF1vnxrvSsOy2k7qW+XoCqXo3ZarV+sa5teKbtWCfm+6lNkrkR5TbYuIblOg4bpjC6OqafyZvSSp5M+UQ1OuFPdlmabOetRIjoh0QD2aUxi0Z1c0oYLAAAAAAAAAAAAAAAAAAAAAPDaYYVuE45k+4lsGeL2yB1K5oxVF2sVsgoGqi1FeXE+vyTP2dfA6snBkmdC6KazoOKrkGvRradFOXZ1q5DvGsvht0v5pjwxfcdkBTE5XDjntlJMqlileJhoFV41CYF9xy4rYvTiJXMkqh7F+5XvjrvFse9XFBYuLH236gSLnCltK94SdilaR69qAZGi1MvmefmUs8lE4xeyWxueX8TWHC63ymkSjRzHu42La473Nmcv3rv98u3b9zdnI0lpWRvBq6UGmbJGnE4kSUeydeSGqceJClCCJdHUWJ22cSvBrmtuK2L3wTU3pJVW7L8u7WmmoZA8nVSeZhGdDHGIo4TFWB4T5Qgd3/qdTBVzonq0fFeyzGeGtVrUq6sJPnWHs4b1NHmIlF1FqadLhpRt3rnLkFVHxPskKbURigKrngEX6xXtsDHbEUkTicEJl4mR7BnQRboaWye0fuWz2QyrQwmrXY2eS+OhQuXIxI02y2xP2GRUpjoT7RSpaM1rLhZR2ylN48PZOqnVKKnSK8vGsujE5jgbb+58+d5h0UnXL779D/7hf/azf//0/n0HCkcnV77zD3xv3/eHV/vcy2fNr1lHb/v91qOew8WaxWVbLn8C7DkJGunkyuiv/lAiVBtiGnrO1jxG8d1JHXWIFIc0tEieDsc00afBl9RgKj3kInnzFujVk+vlb4ionfzhQREAAAAAAAAAAAAAAAAAAAAA8NpDNLoiFinRHWpYsH91b8Ycoh3hnDQzr5VPQhEq/hNZ9yCRMSJZIN+JjKEoFkqtX75LWEKWflgah8tBDXvO/Xytwg7nJO/srkdayiQ1bJEgGVcsM7IhhFTYo76Bv+z64355dXF0slhKqk7oVotuucjZOqU1imSGaD5dg3YsYccX7UelXvKl6qptA1G53Kyc4Oy1Mjh3xsPds7NbZ/deuXvn5p1bQyr4Bh9NJxC8epvof0KnqpNOTCvUikZdPHwrN6mVaG6VQW7e7FVStKNQqbEdBwwLrG+K3GQch0QcRHmS/ucx5xNlFQttwUVw06pG2kiduXNJPd890o+t9UWRMZpuJZYzTGXz0ZQaOXxJRSdx52L23kuaOQrR9h3nqkzKt1aFMVns4lx1B2JndiZ56WgZUVT34ooWgDi77KT/vGeXbV7yMZiy2U0JeCpyr6pJc3JlXjOofDRHoJgb2nEwHYn5qZRnPEtbXFYeNXe7aHMaXUvQk/Sl+97/yn1TObnzWR2dfPvv/95//nM/nXqIA871/eI7/+D39svl4dVSA3/xlTXzdsesyhJq8pSKn0n5wdvDWdnpbE9Rbrh0R+ktsuIYx814djaebXgYSPJ0mOLoR1anE15w6kLceYnRCc5rqhmZzU8ajntN8wpit8T+gk4BAAAAAAAAAAAAAAAAAAAAAHi9yFk3ruSinKty4FL1FqmK1tTboh9VrQhpZduVomCu/ct7655UdCKJO6mMaO/AT6Ei84L/3AVjVpXfqjVuFx95Xg+9kFq998UJQnKGSDIcUgFUFRZcd6wFe9c5vwz9cVgc94uTfpUmjrpw1C2WXd+J4qT4xdi22iaTbqBIJLJbAE8CDppicbZObtYYRsyansZPovpTWLqFxb6okGB0dObGO2dnr9y9ffP07p37987iKH4zmn4kTgIh6Mn64LssOgmd+gsU4xbRCtlp+9q8zJNkyW0Zcuzcgl3dieVwuIP3ZhhFZSKKk2EtTifWA82bxVN2aXG0JTGhnSPmIJwqOnEHmTpd7ZwxZ+iYvoM5NrdGTywLaEx90u29mD3z6u2r//rZI2GPZ6zROek7HW0YslbADihhOvpP9jXhvKF1aN21Ska8paJQkcu4rJXJmU/U9icujiYqIiHOXdncULwKmdSVhEM9ULFMyn2kjgjZ5caRpUBlCZaeYcz2QlSUU+aVor1bR5Cz4ZVPvPLENzzhDnL1xhP/yr/2P/rFj/2jmy89797cPPnMs9/6Xd9zoeIk8Sufv7teV2kUzf6pQ1KOppovs+XNaq7YnzQr5CekmAjJY+w4PcX3htMNDYOoTJjDGH1kP3Jg13HsKD05pLoT16cxSbQm3gRkqZvJiCwTTg2zGJoTAAAAAAAAAAAAAAAAAAAAAB47TWIGRT7XOSTrJfLr7VySM7hqBriuZ+Vk8yaoVUkRmoQEef1oCIc5fajxgiuVyS2BQvVfaX/uik4uc53UnuDWDnLJnE1xwlYx75g6raeb8Uk9trgwMC/67kgMTparbnHSL4/7xaoLi9B34o3iqscJmXWKyAhGctVSICsCJIrFy8v84iZiqTaTr8CkINm6C9unbou4vRZRC3BRP4yqWNgQ39mcvXzv1kt3bt++d/f+sBbjkqDBQenedGJqYqoBNThJX50k7IjoJJjVSXU6MUEBNyYlXDxq3GS/kZU2qhyoZjF5Ge0ILVomTxGNidmMQ7RoHQ0JykKmchvzRGF3V1UZw1oFr/svWqjGu6Hpz1kVNPdFKaIT9Y/RE6rLY/XqKEKVrr2X57Irw9nTHOoTIZoXZ64kkjI0pv+j2Q2ZbkvcV7iVmJhuo3iN2Ew7v5gFUOYHYwcxpQgVgZWpT3JujshNcuSNqUxcjm4SMYrXzlYeUO+zbCXLY+wZL7eq+KmY+sTOjIvihKoei7X3WsvJw3P7d29ee9fVsLogsahfLr/rD33f5z/z3HO/9stnZ2fuzcdiuXr/N334He9+H3l/4cr3N/G5L93TyVnf45lWq/6zFaizPRrRtmZQlFn6jw2Fozgt8Tiu7w/3T3ltipNRBtnIIYpBTicDDKc5adTpxVlJBt+gYr2gfaPXVCv70xFy/BtkJwAAAAAAAAAAAAAAAAAAAAA8fnJ1t1F47NIUHHMRsb763uQq5EkxQPBaoNbNckqLqBd6R95UJmJloJYLU0V6nj5DudAd3czL4+JaaruT9vwvWN/lOJ80EURu4vSTqqCSpJNKuMRT6kjnw6pfnixWxyI3WR4tJFun77ou5FSdGK1oznYNjuPURsUxI5LIQSTUJnSLnD9D1SzEJBV84XnPL8EVqUt2vFBFReQ4xPHeOLx899aLt27dvX/v/rCWhKQuqOSCVFbSeVWTBDU4EdGJCEyCNxEBZRmD13taM5X+/+z9ebxt21nXCT/PGGPOtfY+59z0JIEkBAgkQEIPCghKoyUqqIgNJYpF8amXUqt4xYayqmyo0hdfG9CyQAFR5FUUiwIVaQSCSE/o0xDSkD65JLm59zS7WWvNOcbzjqcZY861zznJBYV7KZ/fXXeduddea84xR7f/eL7r9+uDkVd9uCKDzN0CFYFYDUZLVrqX8YfBJhynkxWt6PhJ7S7zNsECtAZNNH/jPXAntIBHa0sGai25Z2f32V46X9Law5E6TIQ0tuP40mkZj+ZIsxy0fwws6murwTsddakXkYtj7Qk9HWmGji4j6jYSCkz1eWTTua9UYUfUcYQXZtB75Z+yciYyTdlDormQNO6EhLpqTiRsiqMbBkEnAOTHI5BIrVAKwcojQ05y1OvmyWO0lb0xG9OmuJKa9Exw+/W3nvTBT4H3pLpSn/XcD3z6+zz3Db/48je97tV1DsF/GUppePb7feBzX/DCYRge5Ude8bbzuWgM1739iPrP5ia0itqBFaSlMFGn33RxKQNlHj1lpjKVw77Mh1yfp10sxEBfFuikbriFmDLh6UeJLbFA87uihOkEdjepzxl5z+TZwvOwrpT34JHkcrlcLpfL5XK5XC6Xy+VyuVwul8vlcrl+PUTUQy/wUbzZbCyyVPysWkxX7CckHMPKhnLA7iYBuKjIFUqulnPMQoEjXwxYf7++Vc5xhSVcad67a203t7j3XRx9nrqTCrc+lxAwhTAQDmx2AkPQ0CGK2riS622MMZ1uNifjuA2DROqMUX0xan0VczMzAa3vy1P3SiF1pZjLPJVcaheWUOYcxk0U05H6cTOJuUdaxdXWryr4C9oALQNoLnbhQ5nPd7tbu8tHzu+cXZzv5pnPqzkrQYgTLuryI8V608jcSYhWaCbN6TFooCgopDYKjYtYdSZHYbRW2EAItrKMCL1bjkZxkwad5FzE46RhTuwGE6wjJXMDsBXE4Z6Y0fG1Gly1eqeYaqjLTX8X9Y+Ll4km2xRpUrFsne46IigM1GFE7SEhcuxU6arxQ2Ms+q0CHK2C9oqe1ugTsTMRhEPCkPjTYnAiBAm2lgK0yaaT1a7VrtSCncxUyExN2jVtdpLW8puBhDJWwo5EBcAEvwJowIraFcmz5fgsTWlna6H+3WoAABAASURBVL+iRrGEFdECywehx0whaZgKtGUJYhMEl2+6c/r0a5snb+FRaBiGD3zRR9bHOx58y9vf8sazO7en/e6w35eS4f8pqvvFMGyGzeb6A094+vs8573e+9m/oo+//fbh9W+/aGCb5X0tv7b9pe3HaEMSlDuh5uoDnW9SVxteJo3i6osk01y3oEOZ9pQPMB3iPNfZHAqlTEP9s8CLmZKYmrDpU49fQ5C/G8KgiOuJ4lBhxbXBe6YJXS6Xy+VyuVwul8vlcrlcLpfL5XK5XC7Xr7VCt/Do5e93i5+0ejB0SxIo7QwIPZdEaAMtHopnBoD6ahhKwfVJKFdPjb0WjdQsF1a/XVJd1m3EdVyL6G6yAY+hhNXvlyOlGGpxs9mc8LfurfIu54wCKYwYTtK4jcMmpDHEIcakN8n1+1LKYtTCLA+X1wuu241C4JDwN4Xpkyy3Gpl2GUADWshsPO6FTcAaMGktt54XQw4QqIWDVwjpcp7OLi9u3blze3d5ftjtp4l9JIIG5XC+TmJfk8Q/861ETUEyUkRCf1b9d8xL0IoxgAUX0luXTBZsL4SOVag3wt39v8rTyUZdFIM9sE8rOVVt09of5G6PhlYIp7vmAy6X7MXyXiHvPj2tqaWl55iziBws8UgavoPU7lEbQN0QJeHd6wiPu4/L9KAQFhVbGt0KZ2k//5TNLUeuoNYUKzwGVtyR9a45DfVjpZ9QsqNW+Iu2iGN0itnyBAptUG2a6g4R1CVF/U7Mi4SBgM7sYJuech48/o2wbXZpXL+/gVUo0xWaIYxARjpDY70Ke16cv/JW+ughbiM8ar3XM59VH+A61vm+/Nhrb+lepMAJv7qQWKt1jvdYZm3xiBGNoU8Ko9m6UWiMCj/KPJfpQHmCvMOcY85YciImTuojEg0S5MUbrlyDc9h4E1LmkK13orQiBWub7shgixBcLpfL5XK5XC6Xy+VyuVwul8vlcrlcLtdjrbAAA8eZKfd+s5SDUWuRFMh8QLQALjADgybIgS1icKL5LKAGJ1LI59qkfObebEv7Uj1YMIf6ZJhbBmhAyKMQ3lWPPKYT5B8qvdSqhAvbfQDoQ6vqVk7lG8jI9idhE9L1cXuaxjFEtjmJg0RAaBEUMDQsp/mV4FLOLd0bQAKHMM+ZMpsvHOapPm+pDInPVoRACOHed3q/+ye1GeDn+ih1DCags/3u5tnZrfM79WBfMoMkkcdF/ATY1CSxsQvn6ajDgBAnqUEnFltz7GZyhJtcaRWq4wb23gPsnd0CVYAW3qAhH5ZWI5xHJs4dMi1nVgWdIOGewwr3GvfeYGypQDKD8IqHTqEjFbE56cfq4tA/wdSQWdk0nw7iUCkZN3PTSGD8kWEhAq2AkRgClShSw0X6rFxL83Sx33dIRgEmMLaHutWEdbfdeLvTZZUYnlL6GPCs4oUoGSWtK2TSqpeJOJEIGgLKI/CLRcv98tslfEcZEeVIdGZTQxew7wdgNirQjF50tIOSA73vtQ2oL6ufisRcYV0nQSCoqK47Z6+4+cBHPhmDswa/es2FfvA1j0yZ1lstrIm85adlNZHE2RyfaY0Nqt8VCWgyF07FmkuZeXebJpgz5inkOda/GGXmMJ16skxsJIVhxDgK+hJBYnTY4IR3YQt7YtavzxLCBZAhcJsTl8vlcrlcLpfL5XK5XC6Xy+VyuVwul+txoZXdCL0HjxOre3f4w+rc6pCglcvIYTpqSyHISc9toKx2DsWSGOjuIqYSCktqA8DK+wSA/tNqjM0eY/VKPzWbkQRhLDBKGV3NHagRNnyY2QEihbAN6VoaT+OwwbSJaQgh6lf+teEkoTXGW6yJk+WaXF+nkCS7ZkZQX4D9VOu1+QRpk7gGq44ZeFdhFe91jCv7DLXEqL085/nssLt55/bDZ7fOdhdzLQQzLCGuLFzIj8qFiLOJgCYxgWIdsOp54Q469rG2kFnQk25pAkdhN1ecUe4/LqS4Sc4SplO7AUonNZodhyZ8hOVCxz2K4eo5r7xLz0U9dacBEEXey5YMhryYw4kea8oNWf92RonNOsISgcQqlG0mibFNbW5qPiPQrlrL8XOnbMzWZJaxangLdpikLD0L0EOwmqvP4nFiF0AjUpqlCGW0E3A6T7BVpQiPIEdFzUiEtGKgRIJMuMzPl9aLhra+tW+DuACpxwQajGUxPSjLGu18aouirewDv0wGXBkitUYK8hKg8TUgc5O9T4L6JiluUDvw7HDn1TcfeMGTwPWr1Y+97tb5Tnmolc0J3MMy6OrmQ7TaPouhUfY2W1xE08xhOrnkiTmVacaZrU0izXVjHShHYU3qgsNMdQM9HTdD/YNBRSgoXsWJPaOav5JxJzyN13+b0JYCwV1mWS6Xy+VyuVwul8vlcrlcLpfL5XK5XC6X6zFSUagA6H5GJ9gcPACPghgiWx5wOkIIVkfmKAwxKOFautia0DqsBMjiQdYVzXUmzer8+rSQG/TowBO8T+zCPUrgS1CLZIxwhZ2bbMV0KeHzF/oJRvlO/skwXh8219LmJGi8TkpcLW9uKM3c4irtoGX5fkl5K+fpMO2B+/1eYQfmFg67+uYxJkUVrI5/9w30G1ndUVnVgOvFLvb7R27fevj2zVsX5/t8IOAYC8kpYeZkGAaxq4gpDnGolV72GQhirhIsfMdGpBS70D2Jk371zhLAvfr/7oET+xBu6jzPpcfXkN6EVZilGatL9Pr41T5Y4Jx7zpBVe9qUYlcSmuVyc8NNcs46P9XjZP1x5TtwmZDm0QKN9ZlLVmSCGkiRDrt9Hz+925LnhqEIdVU/PgPm5UIk809uNKA6mhAsmTONX1lP3jYwJPY8wnwgKZgSmH+RqCOZl2hQl9Tyha5S7ChoPlMmyb/CzpJ11ijIsWBZpLCZBa/AYpfSbE0IV2BCX2XSBdT5MTOtMb8kOQ976pD2Xl1PSaaf5BoxikUovSdmOHdef77b75/2wveq0xVcvxLlQj/5xjtvv5l5tYuaeRSptZGCT9jgrLX0Fx38a7t4+4z8mOdDnupjn6eZ6bdCIef6iEADcWLZwHMyJGaJmHLb8gY6RMWMBDSJGp8lsWQg7JGFOtUZEHSeKaulU9DjdVwul8vlcrlcLpfL5XK5XC6Xy+VyuVyux4Gwf1e8oBXvrxZzmw2C1hitrq9JOpyIoO4ZaME6LRqhCKtB2NNEljqmWSnoO+UIlrL1kccGXPEKuR9NgvCeKYfjM5Ruz9H8SMzTIxSSyrsWNbXSKnVwjCdpe33Y3NicnqZxk4YTgTUCKRvSqu3yNX7+1r7BJxI+Ukr7HRhcYV/WZ+wkpcQOMJJMMc0Z6JLGzVAL7+biwX1+d6BIsNvkaxSxjdGEk1kAiIvp8Mid2w/funkx7XlcYwqceMQZOkycjOzPUt+d4jgMYx3Joq4HXPCVdCSpSgsqZHYG1JwvOm+wdCmBWpBg9ySBFVSkqTG0QCECsoiPiITaLBYjkg7E7ZLqcu1zZV+sEG7gxd0TQJpXqE8FuNc7lqlrbjo09UQfTtKxAzyeS43xsL7tL/PlWr1eQZV6JgE9jNCpv0yH/dw6QS1iqHE27dT1lFksf0AWWXMxEfSr3WqfSDziLX8HV4hN/7HxAu1UoBSVOVrIgfEsCppI5Z5BEyji1cMFfu0hBA3FEq5Aqv4MrkDpG4OmLmG3WmkXUjqmETIovIpyKoSwEGtycslSqaNdStDpLZ+pI87Qj/EFVNfDlKci912HaeYf51uvuvPwQzc/4BOfN2wTuB6dLg75h19z8/YF3ZWkgz1MSxabkW60gCeNc0LdNG3lgkxonaB1AVEdpjzNh0PeH/LhwLOFSsw0cD4OPw+FUsEkfMmAOMRh4PXNfyGisn7skyXTFXXWSZOCkn+2AzbGi+zPikMnLpfL5XK5XC6Xy+VyuVwul8vlcrlcLtdjLf6Su+aNoLl73FXHY68LKUsGKflZ8IfgJimEhJLJodXLVpG0irUotzQTexeonwJqWsOqjt1ohQUXsVp65xj0RwI4znbBVUgEWEFyYVykHq6JJAFbFovyLpZFI9SM3E8tkgZCuR/SOno9VwyQYro2bK7FzQPjyRM3165FtjlJQt1w6Z00XwLVHiRo5X3pK5DaO7Uv6XczCHbbqB8aa/UVw1wr6nMGSZeZ6RASCOqDxWwiINzb54ORjvpJDiIZUg64m8rZvL95fueR81tn0yXnuaTaVNTonJSGmJLACSh2J0OM3BUoYxEsykSrybBKcdF/refxLh+Exgm1ACZzW7G4GHV66cEyOuRFU2xaro1VunV+9NgP7Un5mXoLoN5rAWhxPzIVgsxi6XK17+gN18Zgm4oW+5Kp1A7Pcu36v/BRDSURy42GSskN5YJtSmsbBPSQq1lAD7VAIG0SnyPVKxwNlD3R+iUmTqyZpBEl0AYYDSfpBi9IpfEnffbbNe1NQae3tIKZIo7O4Rp/bZ5yHsZ8KFlUT6dvk2d1uuirTRxQDC/CVumHxhOhkThGnKzuaCFibOx0Ldm9UYzKl4ihC7etgEXoGBDEJjNQZlmWdVoc5ulwOIDQOnWYeJEw4ED7d9x5+fe84oM+8QOuPeU6uN6THj4//OAv3poLXM2hahyS/gWAvv3rGBuPaJNMP8oWJry0s9jTkFBTlKdDmfYlT2U60DThPIc65UpJBIlKnV2RD2DkEecPDQEGpFByCJLuJIiZxLKRYCgG2/VtBRr9Zx4rvVkELpfL5XK5XC6Xy+VyuVwul8vlcrlcLpfrsZV80xzXETZXf2/ZKVErkcS2JxzlwcEw5qjQnUla2shiFlFoVUZvZc1g36ovSoz0YjraN+0NbliRKnCf1inu0EuT7Tv51FuyYiCs2ordsqKQmTiABDvUGigOhAOfSJ0mQMuu7HEypAc2Jw+kzRPH0xtpM9TbF1cQrbI3lkVr8a1UCvf8Gr5ZOEhJt3CvEjM7GCIn+0QsHEahNWAOPCr3iZDAqyfVRJiwm/PN/cUjd27fuji7POwOfAnJ00lsCRFCGMReQJvZY3SI41YES9F6L66InfVVriTOHKftmF2CcictTKhoxZg9EsjsE7TfxWRE4Y9SSj+pXgMt9wXEKAdaR9P6/htVotSJGOoUrZzHo56RM0i2U1HAqB7MRXgTvjBZ5FO7fm+GdQJZo4z8MACIdMgVmjHWhZtbep/V11K9DhwP2tWhJOonRWjEiebhtEmPZhOkJXcDlwLAigXig6h2Jmq5Izetr3A5n+dcEIMTCKWtdbIEqXhsLNTWk4E1jUPDK+NtPkCLWVBr4BI0JZyUfpY3jIJCl6QUjR0TJ6Qspil2PYIsUVa5jo4MGEMnE6vMOivVDsj6a3d2eNn3/MIzPugZz3rhe6eNW57cW/upvPytZ697xw6UzApqIhSo4SYqvM/2CutFrsunSVa5RFFNh3l/qM9lniBPmDNmA00GorFuoBAGhKGOPiBjKFA4ywtQWT/ZeCC2PwoNQYLQPLhIt0vVrnVpAAAQAElEQVTj9WyDKtT3dpfL5XK5XC6Xy+VyuVwul8vlcrlcLpfL9ViqBYAoO2FuJdBeMpRCvDki1wi5lihfR49qraAFQEv/IE3VoWbaoN4InZpo1Mfqy/TdpwQ0SAGOQRNoaR+4bjCuj9WbQ6qXRdpAmgIh94HtRvQelEnRkn5RpwbDRKQbAkMIeif8hXzVGON2GK6lzbVxuBaHk5Q4n4ZCChCsKdQtWrAhFpYIAfcQNbgCLcdCyIx6xSBdyoETIEBPQ1p6j7RzajoPNhyhfiTGcc7zLk+3d5c3z+88fPvm5W4/87uCoiUSsFPbXf9PQROBxN4lcOjOoEVkxTXWrjFXTGXumjk2TAjdpAY7wYCkYTKNClFZjI5F6khLCO4aWVyXwwHv2QY6BmJyh5Vk9IV3ALtU6QE+Wa8+C9KQJZMIzLul00v93pfbb+PMT4rI9JuSf7IQLaTATTPkwYRH1JHlgVztRIJ+WVtP1J1O9JzNc8V+VZq7CVmj2qrllBxZhMoUcVJJUazEPFpqmT/pdCeADoy0ACu05uisxXa59ui90EaIVtkmvcG4ekMwFklnKo9oVNypvZU7TUwzBApSfoG7ki1oiqYdFYaDppznYjBRR2CCdfRDv/Sum2+59T4f8oynvv9T6gXA1VRn+SvfdvHqB89y6ftssI0KFm8igHvF1Ny15ElGSYa9mK9PySAuS2U/lf2+TFOgjDnXbbQu64GENakHQCnwxBvrponExliF7W6CDGRSCy1OO+u8XjEsEbq3ia52MkqLVg5M7nTicrlcLpfL5XK5XC6Xy+VyuVwul8vlcj2ORBY6swR6UDM6WMrJHCnDpUtzyNB3yUHuX4FXq4qWxmJnXF9HhcascC30ytvW9ij6i+OmQudWVp8Kyn8sFVRz1tAv5aP6kVAzjFBKgQkPZNwkqBMEUWcAgvz2JKbTNJ7GdAJpAyGJhUSM3A9aBlUiJgT92r2cvBy3t7EJd9lcQM/l4a/6c6k1crmVev4Oc0BlxSRcuX012+BMEoCLWYiTszuPXNy53B8m8TiJzKNYnk49HIaNoi2KMMSYNG2jV/HhV6jj/oe1a4jFztjtawIN0x/CJZm7SbHbX24J7+G4cD/oBWjVgD7VCFookzImhQQ6yeKckbV9RbOWgoEp64sqp6KHwk2BGqW0YrfdIOcytdvCNgdQ3UaEcaq/S5SvdNaK0jhybWkPWTRhMQ4y1AgWAkuyoJTvYr8Tw04C20LI5duSimYWY1CVxO7UiVuSRfBYYg4sY25XwFXzOgezfsfqdpZuC82jBRosgH08sbnfrOxSxOKG+ZJCkNl4hsmgkifp38IROmYh0yAlOWGQOCvlqOpBiGqKgXXRPPSqd91+850bz7xx7Wmnp0865aSs/1I1Z3r7rf2Dt3dveYjBs2Yd0hZqp3buGk47OJ6Z/ae+lhUQqiuAsa05l6k+ZpjmlDlSJ5aS6mY6QwIaEQdhhWLBQbiTVDcdItnpZMtBGUjKxnsZN4bG8dG6RWTQXSNO4Ir1jsvlcrlcLpfL5XK5XC6Xy+VyuVwul8vlesylFTxclZ218BewWzhopXAFoVCr8AtDUPQUGqljNMN9LtbKnxapQ1abJoIOuVidFO4+j1WhYdXg5Q1cZqWOw6xqqKsaplbbucStoEkUa5OotIyE/XBxm0qqZdOCJ4DXQ7qWhmthPAlpQLUh6eXRZh2g58RuESPPyrzgqrN6uxe4gLSzpLNB8lHMB0V75qqtR7sXjXfJGS5ovnl+9sjZnZsXZxeHfVbHFGTiZEhjGgcduRSHJDk7AlpYMbozKPCo1T+4/Lz6uJqKBG586RCKvqi4iR6DYB/YZhO1m7z/nLlvY6jXx81Ohb1j5pxL+7E0eKFRQr3nj3uVDEhqpwb1gRAjE4326HCLtVKdGmCZUuzaoDMsHdluCJtyj8I+mGEOD0hPETl6D4XGDIBBUvJDw1N0oURAm7W6VMkgIrQsHjtI61CepRP6vG18E9orjRjpfd0pIs1hEvcMHsh+Wn49UOcb+ChYHzXeR6xmGARiRxOayX5g/qRk4FdnccqxvSDEoM4/kSO9xJwn2vzTA30bzHD2lovzt15CeNf2CZvtk07SSUqbmMYQtymk/2diKFOmi8N8vs+Xh3y2mx+6Mz1858DBRmJuFEJzDbLHsom3ICvW1SVHtkUWKstLHIWka6HkeaK665SJprkcJphLqkNWSprnAUsiGJBS3T0Bx9oIscjiHTaQpOrwPIzsdaKNIuqGOsH8iaBBUbZ7HEW00ZKTVpw6cblcLpfL5XK5XC6Xy+VyuVwul8vlcrkeH1oCNrQOidScEJqTQGBEQQq/gcuERckSs/WAVroOLQbE6pilASGh1ca1DL7iLRpTojRAsYwSZTToPTRZD6igpkb0G5GAFW1+QOo8itX8ud1ZPE7YTKF+MlKJJN/D54aShpNApoQ0AGwQTsNwY9jUxymmDb+RWimXQqctassDgXqqYHfggKMiv5XHj9AKg0vkuBaJ1QJE68RadA+toxu5YmRKrQHX28hEh0y3Ls8funPn9sXZfp5LvWmJr4ipaghsZ8KOJ1xqDnxMUpIW5wG9eiQDCFBMPfKVGjT2CI7W8gaLYH/DyuCEFM5QyxC9HTCUo/Z3bV+WqSLntGQkQW6Ox/e4DfeeCZr0oce1SQXMHkOTWRhjYLMTw00Kgxma0NJHbEVTyKulz7lC9qJiKkKcoL3WUSlJKGq0Ub9NmUFsBZEC4JoWWsCj3m+gLIvgI9RWCUpIVK+ty0K0qBo5jmqoQmZ5olNe02ZCYXsWlBljv+LhKFiOYDJbko2qkcVHy2AuiIueBLsnCrM7suCp8wvLarcoLJ56qA0E2QIa1sJriqNzOEBnnqf6nxrQIDbrmyyEUPeZ4duURKgoMI0GRYWUFD0RdiLgeiEJQMbXPNwsh1vnwP1BbZagOnTklkqlKWD18lnWZpaUMJ5DMj2zOPXMkmY0i2NMkSUnM6nw7UekKBFbiSOqsDYrJT5gFyTs01rO3Q4oGPEmmUrNwUN32gXvkKdik8RCqriHhNyyBnIz5twmNrQdReeCePi0wZH51Dfc1bLFvp/geklpcwo1AIqO+LZ61cLE0KEuZJgnfp5yLCXmnAoN9YEwIu+kCeOAQR1noln4yNRF8+Ppa9Aa2OemXJPa1amxL2IBRYvNifwdaZyjy+VyuVwul8vlcrlcLpfL5XK5XC6Xy+V6DNXr0Evdr8EnKLEx7JihlEAISln02AtTKz7DGkRoHg5HZfnmqwGIYWWV0YAXe3Epg/Yi472bDnDFZkM+g1YVX1SWc9XScZHv7VNGUvcHfkQpUQc1biiFX8ewTfE0DidpOE3jppa7BQfQaqzcHhwdr5qiMRESQ9HKzEBrbsP6ohWAQ+NOeiwRNCqi226UbgPDFXCtktMhl7P97pGzszu7ix0TJ0ybSG5FHNIQw9CqznEBBGDdY1dCKq7iJtrmdcvXOuri0qrhfCBjQN1ehH9m6xFlULB1Vh+xxeHmHlqQhtWP68+SYVClSeNa1GeltA8yjaGuNNSQp3YKSWYSuITBodLGwoxPlC2B7l0TlCIIqwFkFKuYkUcWJoFhhGPoRC+F3WhFplpRZKShVgGhx0PJc1HyRSOXFA1JoCV8deaRGakrTJN+NMSHoYUipy36KSRskBcZZGP+EWjMjzlM9AYuKBr2BUiGbinaoEFbeFfdn7ANjAYSyf9zHRHKc52jMj4TwwsyNmyTUto8Z1+ThtEIK8XIycAsWDDWKaXuLnNkucNMTulkDRpTUvTyPAuyxCsxFCKTvkjHKG9TUIZegCmGXwIo0lVf1+O6H9TeFCxO6KUgoElg86AwxLrUMCZBYCR/rJkfwfHagpW5zHrnU1+jtuypzfEGxjTiRJgPW2P1f46qWs6Lkvalu25Y2UwJ4gHr7gJYjxk1no2gx1PJHld02Qt7wyNG85ynCcos/ZjrSIZ5jrnUCZYYOilDLpynAyAPHLB2DCprJ9c04iSiAVI2m3RD6wyO/av91rZPUmBNNsfWUlkoUMChE5fL5XK5XC6Xy+VyuVwul8vlcrlcLpfrMZZ4c5B+KT6INYCUwEMmNt4wjxOpp5IVUbmSa2EpzUZCysFxRQNo0dNKnxrkUuultVKrnhrNHqGXXlsd9pg4aS+uOIO7aoxaoT4u7lqBXE/IjbRyby1SilNAfaHMUHJgniBEYNOPwLXnwtYF4isxBjzdDKdpc23cnKZhU0vd8s6oZXlNS1HDDqMFlLIxQKEVTQW/6NTDmtVQ1GAFfxz5D8DaIsXggGIuGZxsUdswA+zn6WJ3cfPszu3d+Vzbzx4QUU8ZYy3ND+o7UY+1FC4GEZGg21lgg07wip3J0pWNNVnSTkK4MgR0l1BMaySIQ/wYpByuFAiugj4USdDG0H2Mbe6CW67SKmr/ABmEM+GcFvU7aSYoltzUpkQL8MClvN/JChCrCzK4o1EQrS6OxspwT9araD/Ueb2MnhXu7cJpVfBvNITQLVb0l7PF1jaZSSRWLEWQEbFlMQClhEa+aGiOYgUSWYJkixeZSMCiQ6r1+aD0i8xXJWCyNVZXM7Q369rFZi1BjNVIF+jQNOiGbOxRuyXUy/fh51HgYRcHpCJDwR5EHJkjDNBU/51pCTrqc9ysTchMX2pbBs7TiZHNeThYZ+BEqKI2J9wtgTsmN48L9RbSg7LMCyWzhDXRpjNEEgTWWCxyZEUFNQ9pzwyaHEJ9M3dle5aspCgbZWA7Ew34EZegEOuqG5N0VIBmh2MQD6KZmoCOwAop6T/IBO24h90TtbvTHaTei/j2UM+mWlg/aJtp0EitvmKF24E2O22p34Pr6kgX0UK+2RwtKMhJmaYyHfJhz9YmpW6UGQulul2WORUYZo3UwUQ0AA3IhkoD/8Xg5ti8Zb6Prx419UdXBZWgc6wbFsFi+WIj2T2UzOwJFYSRdhE5dOJyuVwul8vlcrlcLpfL5XK5XC6Xy+VyPdaSgrMd1lItl3rDwGwCF5Y11qLF17Rabasaa/Wb1hYYRIubgpgYBLCSOFeR7Yv97Q323PM7eujCMXdhX5SnI4eAdbFRmIa1KUj3bTCXCymsi5kCicdJKVw2pcJVe6nms6uCluBrdbuWU0PcDuPpZnstDidDOh2Gke+kMNJBEpth3AjXtqN4DARxfrA0lhV30m6HFuIEG12zklWQaVVjbV/9L2WpY0vwBVtp5IBTyXd2lzfP7ty5ON/lWgwm4CQdzihhG4agqR9BI3WCVOrVZ8Agh5COq//lCu6zmiG4fsa7wSDE0qvhrUxcq+RzntTYoo2iZsccQSRSmVYzFa2wG6PUA1yaT4y1EtZl6JXYRCOzj0YuU2vn2oCn93PRXtBpYz1toymcFEajlZaxkd+GZdI2jEpvNkgNPEtDSxTySBdKCt2nx7AhNVTRBcEvBb1/+UnfE8kimjTkKfTJYx/nfhHXoWKvlNZNglZhWlaI7QAAEABJREFUN4Oh7lOyAhPWpiQEobFesTMoQpc1vMje18EobLBEn8Q9kqfI1YuwJs1rRtA08ecQEChLTgzBahXrcyPTuI/ZLYStTThDJ/HEVTMR5qRk1emYrsOc1MXE+piPdZWgWmCEWQyCZDygcRyljQZpns5cuy3ALD9m5McB2QWpSLaOxOjIlKn9HoU44cCfBBJSZWkxDePBZeuxTm7Eidxhw8esewmptHCyNrUVniHzR+qWUtyz/Xm1/xoDJWRU6JO2Q1LUrt3gogBmDrJ0IDQ/HzWmkQYXWSlyuTp0MxMn5VAfE0wT8u5JjJjkORHUx0gwEA51xoP0k9pGAXcYCmYlPk6kszqY0wm3TdgmsDVBhPfZgPpkkfHVjVIztO7F0LhcLpfL5XK5XC6Xy+VyuVwul8vlcrlcrl9f9TK1FS/VT8DggrB8SZ5LfKV9AR/gOJbFvuTfCt0rLkEdHaz6ae/t9WywXAd9/R6tugvOuN9NmHFE+3BLaNCHGGyABmoUricXS3tI/PX7Eiig+SVQLZ7Wex5DOB2Hkxi3KW1CGrnG3JELu4bdJBpNIr2m6IbYqRgoAq3MDqu+AqvuUuuYpa+uvLOxEbiQF7V4fyCa53J+2N88P7t5eXY57XOtsoeFCAhqxsDQSeLxjINwNYuLyXIbzb/kfkYj9+luuvKRZseC5sZQa8IzZ6hkMWjQDlrDJrgwOEfN6E3DIzSl8SXtoF9dCYeZGQcozUmll+zv6lKORjF4RHuqF+9BzD5YsduW2KxtDEaLaEJ1qbEivRgF6UmKslEaB1JKasiIfgIkzAnbKwTmusKgCaoLBVAwBkoq9DJoHcfCJS/FIIsAHfHq0w2M1pGjsPLP0fiWUMKKJjGQpY+CzmO94dB4n2bQQRpuYkBVkQiWXIQ4YbeSuQ5DnrN6nBiBVA9mIHaesUCURpzogd4gO3SYm5IwUWIiIsRUlOlQD1IbV2um7EVBeYncGLgi/VsU1TB0hxvBM4Ns4yJLfQKbTLwZIOMmCDmwd1DReJ3IfidszcHMC1MmPDvU1ISTxkKLGRNiL7RV2uYbLqu+jU8bhaMp3XxsbPEsGxZwko6xIL0rM/VFAGI3hLrtBrWf0YHD5kTUJr7+q4k/ZEPaG7uitwQ6kUnM/jS8gPmS08SDOU11v6FpwnkOmd1NYqERcJDnBDAWGHk/5UgdpUjUISsKhoeKTzVysf2hwNCmoUQaUVhjXuKdJaFSsCLONGDMQo6qVhuIy+VyuVwul8vlcrlcLpfL5XK5XC6Xy+V67GQWFOwwoFVoFAajvkKaIVPrfS3aodfoaVUhbaXV0I7VVEOrslalX1cP22WtYthKkf0X63at3rqYVazMEqBVUS2cg9vVWIEizhlqryCBFXkWPw0uViZ+N39jP6zIDv5+fi4JI+MmIW1i2qZ4OqrNCSbU8i5KDofccNDKqX5Fn20p2IaETRLAInfo3r0NaH4LFNe4Ca5vf1FY7pyJEy4/4/lhf+vy/NblxdlhXwvDQfgCBkzSQAxWpBSHGIcUBiZQ2AFFWhiMO8EeqWEnJnh0fE8vfK9NTaDBH+rBME3TnCcUY4ZOk6zVgmnECGFl7rIMM93b84B6OMuxNGgDQJ11QOfDXTdF3QICDOHAFRmAwUxgkO5igKysD2btIbBKafiJ0SlEFqHTfD5KipYvZbCDYhzBABF2FJFIHYxCA7AvEGlojdTswT6iw0U8eEYoCBWzLIGW51QMy0DzyEFdx3pvrUfj0rHW0UG5j9Yv4tbTZgnfkl6ff1/E+ENNMWSi0ywuPDryU84zUyZMACl6UTjJJrfoKz5jrBPQlhwOvOFEo5F4yrIZTycP1A8D1CRD76oYZ8RNqMdFcTLJQ5LMnKLbFJjPDCeEMUbDmA0zFLYRcYvVwqS+M8uqnZBbmevbgvBnKHxJFARGntn8KbWkMet5nQhk8ysYFaaOJw16o3us5mUtF2i92Qg+nbIFLDxHUJkiu1iDTaAtXWYyGD2Jy5pR8G3ZVZdL60RfDKVWr7fV3Buly2mWKKR5Pux5t5k5uiqWWTZHGMUNZwAYATeI7HGCxME6LTNLSCKUvVHdV0poOFmQa6l/VneeWRFTqyNaGBtqC7qeIQv5KFAMqJETuFwul8vlcrlcLpfL5XK5XC6Xy+VyuVyux1QkRWAugofEFWGuZkrFmwuGdJVLsBopdEMEbFYonTvRsnn7jr+VwtVpAY8iWpbCaKvd2skRj5GSVa0UYf1W/dcqlaSFZcKGRFgwBVgRN6NmWUjNHACCpZFYZoPaOIQC44CnwzimNCJu4rBJQ+KaMwyJYzXUaCOwxQGfSw1O0Nqs6AmSBbQgHOMUuCSdEMC9StIrlfbWDmXwPWSaCh3mw52L81sXZxf7/VzbMLAxg3ibxJii2h+kOAyxVsrFlyEKp8BYwlEeBR151dy3Mdry7rLQC+CrsjAIaCGRKuzCwiYn3ZxFrh/70PfKuHIw3CQKazblCs4CLf5Gr6XWKXo5aHVzMdLogEawGrV6eYTel0G4jLBuhh13Aw7qviJH17X+Wea8hB8ZJ1BIUQZrdaYOnQw9fobsGcXYIVgIkx1LkJVMP6EPgqwVq9NroowemC2GkivmVWE2JI2TUUcTa30xN54eu9KX4jIBLPZJw2uoee+0NwT2lpAJDWwk0yYAD7SE5czFKJPMTicCAwDMNIMxBm21a48ZcMRTcpCpWsVhNdbXqFRNKetJ2axhlpnGqneWSW1O2CmGcRPZaZgtEZih8C5QN7OomBwzKmq3ItYmYq3B6Mks9Mks/ViCIDlBo6mGOEQ2OKn9wogEhBisv8iMbZorTyPrmg9OQyiK7TDtJYIjQyGb5NBmmFEmBI2dW14suout16chHEvvNp5Kp/Zqu2wbUfuvIx36ulJTZDuSONTMWRxqDsAeJwcmTkoOOUcqCWgjdiYpsMfJmGnk9CGL1DGHntYKuVDpEVGas9P3fdlFZSCN5CJYMzFo9kG6VWuvF21mgSxLX125GpvkcrlcLpfL5XK5XC6Xy+VyuVwul8vlcrkeMzXvCSvGr79prgfrN9PyhiW4A6AVPeUFAHVW0N9GaB4NuIr60IPFAqE3xq69vIj3oDOupkMcWXZYBpACATOYd4DUMJlK4awNdjMgvRshDbg0LCEfpWzScGOzvT6Op0M6TeO1YdzGFAkXOwkpq0btthZRwpV9wmal0Kq5zZKl3cticgAKLQBAxxLwKl8T8KgsXeRmDpAv8+Hmxdmti/Ozy91U2xNjLeOnMaoTAxfRA5uyRHPuWMr2dnJqPSoZF8r7UOMijIU57u4OD6woE3MosYq4PM0GnYBlqWjnHE0Py3BaXlSCQgkMOqZg4IgzIA3UWEl/2ztXcj2O8oOwdZ2mRGGjSKwqroYMQU0+VvNI5wlXyDv2U7CNvxlc6KfNXgWNRWhoQRYGox6mofRJbK3hz+mwaxQVl98ZdTBABJXYUsCkd5I6YohZid4VFsOyzIpo7XvSLii+KwGsX5VeiSHk0vtIgSAdG7uPdnsRFAuQhTaX+iHSu1KohsEfvsOWqlOf1QsJ1XuDT2hnJpmIvLakAWJxESU6JzGKFOoz33vt66DhQkb6lDYeAmJQUKRDhkz5nqwoDMGsuIm5fYDBGjy1yN7Dt4c56g0UiiHLVMiBI3UEN1GyBDk+h1GtCNwuTtURBI+aZYllKvVJitDICFhNIvs3YqPP+vqB4xmu4ToC6thiUlBOp7sG63SXppWlh62hDhrJtAgtQMvMYQCO6CKbSMrHaJQOmC3U4qsyz3ma82GuB/xymXHOodSeK0M9cy4bggHKwIAbboBOAqQ6brKDMMNF4mTDXStdzsRJb4F45NgaYlRI+0m8eLQZsHRR0SdbiIqbMFRW92dbQkmwOoHZQgSXy+VyuVwul8vlcrlcLpfL5XK5XC6Xy/WYKohWLhHYuIeiMRX6g1Qpg5IHVjtsdW+lVux0Wt2vRcZaDSQjWuCoALqqz7Y4jaUKLj8FvLuZ67I6rSMY7KrQSqkSqcMPrmdmNjjh2+CACP4efi5Y6kFI2IgTlLvm5JkyhLgZh9Nxc5KG62lbD07TmNg1JEa2pMhYgkSmSIHc8knUmQKb+Yf2jwIEpd1sZx1AMQ351eomlQvA1nlGP4BBDUX8J5AOJZ/Ph1u784fO7lxyqg5x2ZX9GDj7w1wjmI8Jw7DhSB0J5hGwQf1mOuZgBeDQ+vRqU1ZGM7gqB7cuV2RH3E2kQjxXKZDAMEibIeyAkDpiIsQBqDfBCsMhYU6sj0qbTyShSMqZCDUU1OAEOoUDK78cqXBTD/foHd6arLRLYFyBFhMGa4e2tLMDbfZLubtdqFMZYJ/HDpyIgQOjSNyZWREcCU6p3ZBSn7zNNKUdKArELYuGfYTFbmXhfqgPEMJCmRg3oD1nXaZtDe2+KegiMnzL2Cjgy0U7kdIn8mrQmJ8eBgRB4aGiISvc9Xw8ceoKW5swvJFLd57JjVAT8CBHYdgiN4HREmxjztlPireRskfByBm+cCzGiXFcjgw7lkZzgGAK/SaLbjDCJfDbUNd6/ZQOFMcAKfUgY8hLLWtWDfuaxMJhOpR5yTOfBakul4RRHIGEMlFrIAzL9FjcY2DZvdZ81Hr/wiP6h5aX4R672goxIQsDK7qJleZ0QnTVj6h5ieisFguWINZLssx1sRUjhu4tXvvNWEWmrFrVHOYyTXmaa39F7tOShIiqO+BAFAlHgkGSyWKhob6IxhKpRwwTRgqdhH7jkvplvNeyuQkRFI67QROmbLKao0zt92LGMsR5SlGseEIcOOxIhirivXrV5XK5XC6Xy+VyuVwul8vlcrlcLpfL5XL9eiqltCZCLIYB4MhNpCV8tBpjaSYT4hOxwgi0PB6w5c00MsB+16qzvfC/uuzioHJcLMWjei0pltBTLDQSpJ1CwRP9Aj+Xrrm8LOXcWohWJEA8Jtg5QD+cuVQdrB46xOF0HE8243bcnGw22zRELj/HxG4i4oQgpWgwOkdKrgsoYsYHq1u2AjDAXfcDYalHr3wToDM+zesBuHReK75hLnA5TTcvzm6e3znfXUy13UFq5cIJaYRNbFX9YeCCcDH7jBXhYZwJLlc8Ft3r5SP7EDMjKMobKCEwlzxNk7olyLsCNT+L5fYXj5PVULaO6OdvJwFN6pG8DypCO7QG2L9HLeyNxAVJig2ECu2WA6yZE7MN6UOn6Ujt9yR1+ZV/hSiilfyzXlQK9rpeZonY4bcXnaOQxuOOJmqsCS+Qhp+Q5pLgqlcsMsRQpaLZMxIb07gYXPca2A/BemBFmfT+ar2kBiRKiDATIG4v8tYCGjMltNMMApfwCHNYknR/HQxOXlHXE1B7Dr55GXA+r3rr8I8McrATBeNa6keh3accR1scQR1Y6iVnIS4YFhGboqzIi3p/CGdABlSgRn8VyhLRougJr2i1P1HejH1N1OkFQhbEpDRspXCaERpu0oCtOPJC4p6cLV8AABAASURBVAyqYP0VMGoTF+5ombULdXI31IF3L6nmeERtpuHyUcv9qn0ta8qgE4BOm5Q+jPZse4fSW6DwjjiN2AFiH3m6u41tNwe9omQO5XmayzwVTu6aaCqYS+TIp9oFtVv5OFFh3ISgzmelTxLUIYYE4mED7eJiFkO17xHbXlMMpdLIK4OltBuOek3/vCglKINoVi9ZpoRMAdQ0LQaZeEIFw1buC9a4XC6Xy+VyuVwul8vlcrlcLpfL5XK5XK5fJ9UKnqVSSJGTNN1gyavhZ2ywAmpchxWzg1IVAPZLaIVtDfZoLwAcsxfryvPy4qpJi80DQAugoX6W/t3/zp3Yt/qVAOBq+az1Z8qzZetIzVw/o1YdaotQK/oRQ31frb5vNtvTcTumcUxpMwybYdzEgb/nHyyCJSKsa5zYy890tfys/hId0mkvLr4s7Y5wfYf9s4BSOm9WBxMHueTzaX97d377/OxitysBUxzY3CSlIQ38kxg1MBUh0iKwATJHTM7VGi3eo0zeg2JA4Z5SiuEgLdeGnRHE8CI35wv2uxAWSfJVuDQcLPYjGBFiyTrQIj6sTbTKUrJwGyD12OGTzpmZk2zDFpruCjMBqXevXwBL3iDSAJ02dXscjVAIsI54IqvV9+wROMJt+qARV961Z7hPuJ3c2Fl4E35JfCdiSnRcYm/8R29i6LYV9ntss6FdTWkSm/10BS5pkT3GJ0WbjaU3FBun0G7BcBb2/2hTV+9Hc5JmSy0CHdQ523rie5SbzWrDIdyXOJoMKF5JHO7Er4hPCFCKmk8jpJayRzbXUGY1tpuVsBVqBEtRcETScNTspg3yrP5BLQxGEmlIekReQUFV1PIEmU4oElCUOeiFb3bm33NnU6qNQwZNYoCY2NpkiJwWI3CMdgUs/b9YzSxaELp7QFv3lrjTYEdVemSWzXMQ1kJ3X1DaTAEUaNyasmyNrZJRFWYIENcAFi6TK8gmVNbLu7mJ6PLibZFxl3nO+32ZpnqMOcdMddEMBLGUKOOUCg1EI9RnHADreNepn3g3tM2/cS46dZkEQaMRqc/c486AcIU5UX7L2CCljjRqKMtwa7aV/L0JaukSg5yZ7rGhuVwul8vlcrlcLpfL5XK5XC6Xy+VyuVyuX3d1cKJjDrRAJ+ZOQVfoBGwGC/wrrQTqy4oXNKeFdcVzdQYM76YlRy+gFc9XHzEAAsyGArUKbWEbXDxXd5P6qKVmNjowjEBQAMZhSCqaxCBNlNptrahjituUxhTHWB/DGNKQUq2hRwl7QTFbUAoBVjSNlnHlq/irL/EDNKBk8aOgqxEZwkJw6w3xCbjUTzW+RqmGudZhQzw/7G5dnN88Pzvb7fa1XowMnIzDyGwMQyfGwyh0khh2QMn94QyRFtZS4NGJjt4pHhjFGpmFNQG2Icl63JALe4NyDUEohADN+8K6q7nfrC7VGIoGncgrDDfwJTjBJZPZXUCbiu1sR/NBf2v+IAHV7CSuwKZmYBGM9MFuJ2EnakiKRX105srevnSOEU6o7AUX7ecpz0UTXEpmJw2AMaZxHNPdJXdUn4rGGfXZZK4rsFxLZ8bqg9wNC24idx5woTf6J7HbmggOYnfRXldfH+0BcQIqXOEHQUx0LBn04RGtL1myiZ5CPhU5PwV4ZZDY2fDZeKwjKnQCwp2ARJ9Y/Iu4u6CmDgnagmpFJIxBHWAslp+ijA1KPhMKPtKGg38TdAkXXTsc5yKARjc4QZrrWg9yNqNPuIPY1IT5CIl/qU0ZJE8nRQ2m4banaGZJuHBhd43Gr0zrUe8ntHvRrQp01yiN9rFZpRjK3SdUoMw8adoyIM1FwjZdZBNZ2wYB4rG/iG4ptsGXOXOYzuFQDhPkOeQSC+fpJKq7HlubsGsSMWIyAI6IA9BQh56TdECGOxSkPuVsv+8BTYZE4QqyuX9/0gJzFd62lYqpc4PNaGKKgXj0NatJ7okHlMdXNntwuVwul8vlcrlcLpfL5XK5XC6Xy+VyuVyPqTS/QNNMNLJg9V1/RPVPwKU8LnXsYDYfLTADtZxv332Px3YWJgxWMD6uQa69Q65KitPYG6qYAikDYWEjpL9iyoSL5zM/aKo3hHwwS5md65+1RFkL0lK15cwH8ZioBWnO3IkQRoxciwbcpLSJaUwpMY/CX6lPZt2BKJk8DXaglUNJawbcDdPg8T0ut6jVU/04rqCUDufUwcjAyMzFvH/k/M7NO3fOd7tdnuvvmSsZBn5w0AQ7EiQzFJGEHWYTwlULALp7QO5Vr101thfKu82JMgn9uDmitPq8VMaFOIniRhLknwALj2InhAZ5oDnWKFegFAGba4iNCg8qgwIxWpKG9LPW3SM2XwezXADJq0Gdndjurf1gChAKWVJUwQZUEK28c6RtjbpqzhIgXIM1tvenUhti95ILu2owllNbsEnxZDNu2DFn3a+2qrp3Ro9bMT8SNfFpI0Crz8AKI2l3tZx0IXGaOw1Kd4dlFBs30ygcizRSLmueJ85WKTP/bzCRPMn8DlFnf1CjCd0AhDHTZxlvoyHYNYiTdKAH7oAQJ0HNcjQpCXgM1NkDhC/hfByjkUhjbYw4ITLQq9igGJFB0IyXgONylDfjtY44oTh48MeDJMSwqUkYoqwIZGphiLUhDMnEtn9p4JB2X6Ejfuc96R7L+j5vXK2Uhe7TMCExDmrgidoxHZ27mZuEvtUu4Mma4uq+N/ZjIDU1WVYob3YoOUayedch3k80TSHXvZJS7e5CQykDlES4qRuJMlLErEmDTmS1ZdKUqKA8nu75pHs/WViT4S7C6wHCaq2pfdKa6rJb13ylZnNUp6Pia6nuzCRRYeynUzfFwvs2MjF4mMrBoROXy+VyuVwul8vlcrlcLpfL5XK5XC6X67GWJqYU+4J90Zp7K4NriEErdipcwlU+Lf0rbWJHQauei7PFXcJe+O60xlIrv8fb5VfGAcix2mygGQIQml8F1/45SUdtTmodUrgTlBom2x1Y6ZNvjM03DF3g+nYtb9fnkzRcGzcnMW3TcJrGEwnW4WJ1LXOiltVr7VVsBQiaf0BpjVzxNUSwTruwm7C7XqVqrO+S1iVYTWdBcciYpUg8Edy6PL91fn6+uzzMXJKuzRhiqs3jOBniABHO0wGy4j80WxpN0hDao7VkuTC1VBnJ/cCj5jbjkM6aaE2YLT2mqT5r2o6OhX5I6/ZGGgQjTpKiJyHYqGFnOZbeUNqk2eus6/HiZCOKuLJCEaZAX4QlwEhdNcCYF4UumkGLdavVu7ujDOHax6NduqiDTgs90S7QaCCln/REwptkyQOREYMsMEmdaTAEHNOwrVMo1SnU5zlZNA72BaAmQbACX2wAikUQIS7QSQNQbGyaGUbHTfpoaX6KPBexNMFVtZ+sxJ+56fM0H6bDYZ5s9eRJMR/s6TnanyDjKfSIQCfaG6HOvxQE2VBPE25OXLVKSQTplaIPUkhJYl3kx2IIAtkASxdlw9Y0XcZmh44WWN9xmE5R7o1BoxnKxIFaxA5HQVJa6ssR6hJGSc+Rtsa6SkCpKA6HQVp1IC22Tt2b5lGgDAur8h5/s7by4Pilhlnkxp0UM/doG60Mge6kxTKLtH1B4b6ru6u9gnTcfj6zgV6SgaUIT6n7SL3yYYZ5ZuIk50Al5RxL2RBsg8zcnAeh8qLQJ4OEVEWBgkJCzdApuqHqDDQsrANzLfzmim2S9oRkA6nrSumcDYUCqPlu8hYOP4pp0IimOoAgUUl1IsxCHtZL3pkO53kCl8vlcrlcLpfL5XK5XC6Xy+VyuVwul8v1mKocmY9ITZkZhsWBQV60EBLoX7y3PB0rMKulQcMb9G33tP04OsBWlV99w38lYwLUnKLIl/a1YisleC3ZSg2X+RISm5M8EU31IACHNATQsA0uxgYlZay+HGtdusy0Cekkpevj5gknJzfGbX2cDuOIccCY+Jv8oFANF9yDRn4UvcGwckQwHgEWriMiEtzX0GVFnViJX89ZjIYQgxOgaZ4P83x+2N+8uDjf7fbTXO8zcnzOUP+vRfTER7WmHjU1ZsUg3PXD1X4VibNGEEeEji4oEAIt0GOeZ43R4dCVdkxWFgZYcj9QjwVBkNSSqIErWp0OvQjebr95qFiqigxz0dSRQmZG0vpXQIlgVXXs8w+g+9aUgGq/A40ugvZbbaVFfVjaxypwxIxy2BHHiBaw/xoDwnkvHBoDxSAo6wHxYplpLmUKMtr1PXU8tkPaxmEbI0Mnqz4vi1sJ3Q9oKPf8UeATi5pZry8jffp/bTkR208ILyBDSWBtLRqjI+RBrotnOghvws45ZAYUQn+QzPWgyUhiNaHUg9iDRAl0kX+ESQu4RiA0dSjDAvCA5S4Za0JKFYiXieJDur/o+DFB1bgFWwwQxEtDUBLAzEQWzCh5Onwh3jX4R17OkbNhIvNIieEI5hTq0oAoqAwfIDQzDjDuycZam67z7Ffmm/Go3m2LRacXGeGnNidCydlsYwhKx0/XrnoEif2SGviUoPSJLVdljBZLG2qz2gJ6hPkQ+kisg+aJsSK25OEHzYR5DvOMJYeSUymx5BFgG3GDlGqPcmYXRrEyqVthEkCP4TsUKLHNOf0TQbhMVG2M0E5ikbTuo0b6QCOKlC1rLFrJtieIK82YYt3dYlx9ludMjiEj7ufpYj/f2l2czQdwuVwul8vlcrlcLpfL5XK5XC6Xy+VyuVyPrejKD7UGGBsIgRrmQQsngvqF+8U/QxMxxGgCwAJxEI8xC3vruxEe2QKwyvrTmsah3hDmc8L/zlJRJYY0akk3z0QT5oOk6mRBHvjL+EHcTaw6LtVQ+ZJ+iFS2w3BjOHni6bUnjKfXx821YdyGYRPSyEkcmskBkhVEQp8I+6AF4pUHBR7dmSbBNMbh3ncKa4ONdodWqGV8BrHeyeV82B0O54f9xeXFXgCBOA7jOEZ2IhjY7CSy10RUPw5lBBQAAmOG4N1095VWQ/fSgBZhxFVxsTapT7mlfxw1e82aYHfCwf5jv83mfyB5H3qkiSxIjYAR0xBaYnYabSDNFIBFvR4I2r3xSxIAg21cmSvSi+Kq+A7LePQbZV+fBp9orb9YsIfVtu0u0Rqd52KvNISDis68IhEjXAyvg3J9M5yM2w2GMdaDMd1z5iNd7fees7OsAkvhaZ4nds8ap7OinMBSrpTe0T4V2qOhDRrZkvOcFRnKdUDBXpyhgQLmYqKYCUryTBvNOpQJbXQDM08dMqKGpFlPaswNd5YQTUUHsvByawQJD1KRcRWTDBvMJB2uCIIxKmYCE8yMRpAYztBByghzqM+MthTZm9hfJkasa4F9TcRoJwUyWox/VH6OOuDW/WNshtLiYhMMwDnS3WRJW8JXVtBdxIrNZmqWO7aqZOYUZVB0zikEtgBVtd+jAX2rsehHS/vJmmcz2UygpC9nDSHjbZGjk6Zc5kOdBTCXurswQULFDE7qM2fo4BBggziiUCYCugSD9eqPnL7+f90LAAAQAElEQVSjfwrMe4bZo3jUIQCw2vfNdGfpC6OuGoHUPF80TwcW65nIhE0dT6bqCC18h0moEKYyT0Q7ynemw+395a3d5YVDJy6Xy+VyuVwul8vlcrlcLpfL5XK5XC7XY66WY2LHrfqN3cUEFvcMfuJ6aIAFOmkfNp8MaL+6vw1Ar5gvZVpFHshsU+DYhqDlkEiKhoZRZK3gEpe4OTCCvyZfZuRsnQlLRszibFCC5ne0YA5sFhFcSI3xNA43tic3xpMbaTwNg0InbCTCxXbGTeR2qPlTELZ6eIMYsJeamz+HVl3tQkc3fZfviHwEybJm+DQM0SBMJR9Kvpyn82l3vt/vpkP9PVucJAFNQhjE3cR8RCQrJEj8yapz8T5D3b1GOjViHIOSQgr0qDhPZ2ZagawDaMmgWd1UpxNCt7+QAxvcfsVeKyfoxfGOerSZIGYYkn6k79fEHC5wC6KgQA+yK0yRmUfahNBAJ1wnNi1TejWPFNzgYrpacrAbh3qXaHv6QtCR1Jo4SN7PuhNy/Y/JmKLTK0E4HdJpjCehVu3r8Xi6OVmcTpaJQI0dAbIF0/ofWuhLgzHUzqItQbzHNDJswnAKI23qJ+v9yLiV+lTEEYixk6xGIUI2UfOTkYkVBSth3IQ9dOqPhY1q2vpvuwCI90YDTSSqyBaqxuhoUhfTQmpDItE5xiiU7h1TdM1I0JXexWywDfMoZeGUzIJJeCTmzeqCFpZMu5xzXzAGElAGhFDAyAEwQe7G+ClUuyLo1NHKwmYF7lhnQv/Nlc3rCCqDd6eFsbA5LUlR7eeipiO52NwrRjn1ACqw6Rw6gAJ9I+4xRFcbscLBCBvHokljhaOU8lxnQ13NkGecC2aKhR+hUCIaORWJEsKYwkD1FawvMsxWfyvOTgqdMHNCkoqz+GJhD1Ra339fOLYkcUURymxqTi+oyVTFGC/DTWSO6WwM/A40B5i68R8w76icT/uzw+FO3Rnn6bIcpqv+QC6Xy+VyuVwul8vlcrlcLpfL5XK5XC6X6zHQ6uvo0PER/Y2lN2CnUBBwbfDR0IvjWBepgYZ+9n4ualiKXY7K1WaQ5rtIEZaWKBYBM/QL8rVuOwsmMNdSOvsqlFq/VOIkqxlCBH4O2i7GC/g7+3pBJStqUXoIcQCmNzYhbhFHCBsMGwoSrMORFhrHoxxGa61UwlnF7sIqysGMYRaWYNUhJo2YuWIWIg3UT6ldBcEhTxeH/cV0uLO7vDzsLg+H2mjJmogxMHSSYgM8BO8Qz5CoZzRbGqK77DR0cJuVhCEZLfUGLVxFa/wz22FM6zAdtRrQM2t9XKM/wkpWMTeHkdJvf2kHWayJxIzAAm9Y0gZoEo90qk2uZvDAH5aoEe1dPo1gEu207GihhMrazuTYZaSbQtDKGkJHRO0nQHNzdBxwhRQV81po7VTmIjVXkYS4SWE7xGub7bU0nA6bLT+fbIYxLXdv7UbsoTnLuBjlIiNgjEewwCNov0JcsInGnaDSUEb3sMVILrlZm3AcEnEkUr2rKc/NVILMEAc1ASkIYoJRY5Jqt2oojQRsYQx2RUF62nQVvqQICELNC0Z+lEknvibqWWKZK6HFYXXmg5qNknRPsf1AA3eKZWqJhYkMe71EBpiC4Cb1x5gwcVYOc1eRG87GLFE3JpksITYwxpJgWj823KSzWa33ENu0aCzZe0BLCO6GutY2JzZhpJNszdsUUn8PBeU0MIz6GXnceUwUvABxnwlgaxPudck2gfoLWWaXXKLUQZ94CtQHzByshAyaQCQYyIiTBFA3wdqdA9DI06C+QnUvGUhJHhv4YBtfyyVarYPjxmBbVyB7YkEz4jlqpi6x0ncj2YZ4D2N3qRhDxMUTxeK3akcdqNyc93fqznjYnc3TRZ4nLDPPkLtT3Fwul8vlcrlcLpfL5XK5XC6Xy+VyuVwu12Mjq2zDyrakJ7Y0BECdDjAcuS0cmS+057vLtnTXwT1FLWNFSAC1FtGv7hdxCqhl9FncG9jdhI+5KspJEWIfkCWBo3CNGrWYKTSDFnVJ69+hFqyHkDhGJ8VNTNs4MCiQxvq8SYPYnIQktf4FUdDoG6nAF+o30piYd39LR7e2+Lu0sBmBPthOAGvr94fD+eXl2Z4fB7YrgDRuUhwU7aitSzGK8QenhzSjk2bOAR1kIcT7Fqnv8bKAClorn/J0OBxmNjgRTxGzY1jcLrBlgKgvRmBzCYlYsjp0ILrHldTfQvtu5ZlCK2zJiutqmGKmGp2RMGJJPVM6GWB3ysREKbEZhpi9igV8GC6Dkoq0vjyAObuQRvvIaGhMFC7Vc5XZbkAzI9EWJAybhKeb8fp2fGBzen2zvTZstjENcYi1mt8r7mHV4kZuCGjRiKruFSR3vnjkyMtKu4Tej3oiMw4hS6SpK2PKeRJWqAEOdGDoxF5pg13HjbklfdTxG4Q/iWIuUz9UX8Qi2VTEAVPEUVRGFJQGz2gwT11HsiQh13UoGAFTICAWJqiwgBFVha14motLbalYudSP8wJgwkZQKYSspiZCnwhvQHrp+sqUIA8SljMkZCuiaHlSjIgZB0e0oiKIFsYNbe2bA0dY+Lhlzaz2LTwmSOA4Jgbvs47wrh9lqqMSJ9L11heNOCkdN1OjmSBrSbkTm+bYHXz6kl6gPWrn7DNelxj/n0t9lGku04HyjLlEDivijh8KjIV/TPWBOCAlwDpT61gOWF/htKN6Md5jFMcR05lghiOdjBIbm8VlJEBnUXQD4o1L+gr75oh6+9jJQlv5bHCCSfJ0kO1rZC0XxY84TQnxUOgsT+/and/e7S/zoU6/iZGWINFnDp24XC6Xy+VyuVwul8vlcrlcLpfL5XK5XI+xrL7P9VjNy5BCnr1o74Al7aFX9q1M23xNWtbHOs3k6oWOf4Ql9ASXKno7g7hqyI/KdhThS2pduj5zzAbSxFk0RerSRYkTNjiBWqWU78cv4IJGlCgxwO1lOqFW2zc4bGM6TePpsL222Z6M220a2E2Ecx6sNI18XvWUUL8JaQz2ou9V2ub+nYwL6NDgkx6eIeYEbM8yl3K+310c9vX5cj9BimkcxnHDhXxRiuLxwGXq2Hqea/Rg1d71UKxV1PcBGjLR/TK0cMzsAKtkbgLn6tTjEMKxLwtLoZM0DJqGIUYZ/TY0buVevIvZTiwCK5jXs+WjblS3ig62iKkJaFVbOop0OOW9tOAc7MvQE2uM1ShlPQ/JPCcKtXSh1pL2aPCC+OIIcAOGSSAbQIihh5hTBDUKqW2L4QYTJyc3xvEJJ6d1Fm3qEHG9nhmNVAfJZncuDasxVgTV2kSgHvHeCRKStHSdhEBpb0bSC8s6DAHVlSUTwx7MX+U8TexokQmLZOiof4h0JWlRnxkPNgFhTIPnTp1JgppwXJOhZaToU+GG8SIvrSn1ylnsZ8TthQ+aPYksO34xZOl9knAis/9R1KNgs0ORF0tRSqpwdkpdiNhSq3hBz4B1DejlSC5CkW+4LgOoK3UzKJABgjuxwUnDSszCZAU7NU8m7IO/HB+7KzVY4gopdTSDqSXg3DWpcXm3IW2Cm2iGjnxUho8BLqbl8iw0BZKBXB024m0niEeLbYYNt9IpqjY0QN3dp30wgE10QmmhIC3TVKYZ6sBMmQ4zznPIJSENGIZ6lkxDBoF2IKm1CVEsPFkHCZ2Kin1ZvhMpEmWYiIYpGS9SOoqDq74TGyNbWkUabYFXRT8thkLClmnEU52IQtLxPKQ5yx7N2+EEsIeyB9iVfHbY3Z5279pdTAIc8pQQ5kjIHIdOXC6Xy+VyuVwul8vlcrlcLpfL5XK5XK7HWMhVR63fWv2ukPmcSOVTSp8QWt0/9s+Z8YlWt8Wbgdov7kmd8Lfc+/f0zTwlqv2FmoiooQNR+w4/SRIFV/D1q/UkJccDwFSrt5IXwS4L0ohapp64Ohqkmk/2nXy5jt1Uj7GopxtD3EK8FtIDaXOCia0p0hDHAWvlt0iBN0gnBG5P1EAZ/r9YPI5aM/S8CMsPqQXWsCAV4tvQwRwNN1m1xPCTWl/NQvvsqZxd7s/2F7d2u4v9YT/V8mstxA4DWztE1LJ0EhMWpTK4PoxBntUsoSz8RH2KXINGgRkUUrBMHYnUEW6DmKlgcCHnWqM+TBMXxNllgGGfWthl7xNoE6J7inD+RYxDTD1SR90vek2/IR9MJPQsnvr7XLp9gfkxsNEFd1joUTmoPIcFG+k4SIyNGWUU7BFGwfwoGv5D6tRhRX+JYlKeIGv8i5AQqOOmQFPReaJzjm9RKJ7efCVdtA/F7iWXQSZhEIpjqKXyYbi+2dw42V7bbE5T3KZhJOToEhsSrumrbwaYYRBid4Owi1iKjd3uynMDGveg2UdReoqEvMoKMMzsLyIkA0fpqJlJI5uk0XpFNjFhBxL+ORp0wh4n9qsGFpGhArZClTix0CGeE8xNgCRVdW5JJzr7ClmSDihOgIZgSDfYvMQ25zsFwlSDxPTQBGyLwfxKtP5mdoVDcyIkSc9JEQfNloptpjUoYg244Xsgv+D+aNjaywSuEih4n9etI7rnCK7eI8CNIWbck5nHqawsZ/qZGWBKo/A0yw1ItE5oG4tuMeYU0ryXqEFnNqElUiczg7Rn6IS5p7mEXOoA1A1+ABjlMXC0GApFxURI4KQoEAAFomyWkqkDjTmkjhEtnW3UIS8b6nugvG62O6s9LtsHSPdGsM0T1Kmk/lc3tXqrHJIGfM+z/JXIY9jN+Q7n6RzO8nwx7S/FsyXzfh7N38mgv/c45i6Xy+VyuVwul8vlcrlcLpfL5XK5XC6X69da2LxLsMEg4qjAHEmUtA+zOgEM3Ymh+1voj/SoLoPLG2mpsAsVoUwGmatAVucS/br8JJ4B/MV9KnuiQ32FXRGYYCiBuQVGC1DKm7WwGeU+gpqdQONi7EJc4U0SyTFiPAnDaRyvjZvTYRwlsCOKpYDZbAQ9gxIEdHyT9hs4LkNrOsuqfq1V9u7A0A+oEzCFmYy4h3Kx29+6uHPn8vximqd5BoybMUX+/r/aX/SQmVYZVqKGoDEuREc+JwTi07EkYKAGXZBV7dUKhGjOM0tcTtg9g/ELzZpRciLY+9WWRNwxotTHqXfr0fi20V11lpxWfGuWXCILXllIEXmuNejYZqGyQma5Yx4t+pFlOMkq2Na5C64hBfEihhzB8k1ayAnfS5HJQ2qqEBoMQWRna3NbaIFaHJfXOcxDo2/Y4CQ+cO30ZHtybbu9No4nQxoQE7eNwEws+CRJXB7azBNQhnrJ3pgaIYdWawnpyKemyDwW5w9xNylzfQhrknm4SrbMKWNqEijjE7D7lzBPIB4aUbANwUqMEVPAxhxdeHRo5WhkviaCnQCzDHxTsia1E8jmujiVKAOk96YxLGoow2csNnjIlJNxGKG+yDE6bFqEeyxZLVHqWQa2YeGUlSGGYYAYMFngEaLaD2GbXnfTBo+COukiutdrbWEulikdoLjrV+1D0CaxEupDxAAAEABJREFUeTQ1LkRopywfqQM112VNlKFBWMumKkxZzwLqlzWzHVKqSxETgM5akXInoEk9ZZ45Rmma+FL7CXLmXs4UC1tTDcAeJ8Kd0AA0CqLFEBIQezoJHDc00KReU3x3tEnUvFdkUNsixLXZEKyYIjBHno6eZOsi9T0xhkp3ReZH5D8hvSTCBzi5iR8Rzik/dHl5c3d5MU0HqjtUQTHqETRHVwm1P1oul8vlcrlcLpfL5XK5XC6Xy+VyuVwul+uxlmWZBK0rSrKH1NmDOk3g8gX3u3CT/xRZXRparbZZK8g39mc13eCaN9b/2eOEaOJH5mCdUEqtyAZFBwppG0NgBkWJCDaRMGcMK0ZLMk0cQtrGeJKG0812O4zbcVOfN/yFe8EAmkeKOk8smMBxsZnuFclh1iqWQdFxnAYetPL1EvvCtWSqpeJdnu9cnJ9fXOxq2XjmuJlhGNTXRD4YlBNARQnEDMYK/ETNQWVpijqv4OpHhVYKdU6maNBMligdZk64TUowlB4kYmFELTannmEQ4RJ907EhPO4NMwxReCWLv4NUsCXAqUE5PLeokQ/iS8K4BBjYAa043a0zlj429MRK+z3co4MPYrnQrih3G8Vvo7S6eFCDiFJC94qQDjSoofFPyl6UOt+olsHDEMI4pE0axmF84IEb17enQ0ybiCPX6HO0ZlO3pUgB1m4MpHcIC9sCgIs7kEo/bIY6jJXwAmDmA8QoY56LDhNIyk0xtqOjIhI+o4CLwCeSwhQ5w0SZpQDdn0bMYwpZ1zIZYQs7kE1i4U5Qn0MxXw39fCjK42A3RxLznSAdr6yYUAbsPaR4Dw9xMCOd+mJgTqxg5OeEQpwIjjHGkGIYItbnxBCSTBOE0tCFnt6EeA9s5D3qCBxblghY5pX1e59tSjVZBk9bPM3XA8X3ha2E5FaFEWGaCdRxRDcyOUsduKnZ/ggqFVp4DVjcEC8Ng7II1TZKLtecXVa0i2JT8gLPDCaR5jzNZcrEqTolThkz5+bULbLO+wi0AXbgGdh7BxOVgQGPEGXIkB1+SFemkijM8WFRgyESrM8uq74rHURpfwFar3FD1V7Jhl5NrLC5oRikZrsqym4sfjCZp5bYuhyAphQuy3w+TTf3l4/szs8P+6JpTpHhI+LJqTuqIpAAv5pJ4HK5XC6Xy+VyuVwul8vlcrlcLpfL5XK5/nMKuxuIlMebhwYnb8AS+NADTzpLcSy6wmTcg0ohqboiLt9OF/qCtLgpLgBmsqGla04QmeeAM8FUS+JUDrlMUCY2RoDMoAnTAxjMC4AVyYwxOAOlVfS7hUTCNIa0icO1YXNjPLmxPT0ZRk5FGZg4CRIdFMwPZXWLd1U2W5l1wSwagQHNr8XqsO39LbVEvSGY/2BThAJlP037eb7c7W5fnp0fDgXUsCJiDMpBxBil0C+ZM0ICCWOgISfBquFwj/r7urquZVoDLYTq4bQYYoxhYsqFXSzkRSVOtP0KfCiAUudCTDEOA7ucCBfRMmGW4nNZXXBpgF6qt5VZCRSDE70rs1cIzfhDPEUEcIHF7oFW5yOEZpFCDZjAssw6gRvITEcImhcHaJdThwbI7FZ6HFLQYWdeqUETJKYVc51stYK/SeHaZrx+enrt5HRI4+l2ux03tWTO5jp871kznZhACEY6pRBw7b4iN1mWTjK+SUJ77A7ksjoS2cajjhKjBCBGJyUrjSPFfYk7kryrNmdl9eoZgwyaQCfa0SuUqjtWQGmzR7oZDUai1qFqphGCdW9ZATkAnTjpb+72J1mMiuTkfK7C7hkydAhzDtxhzJ2wzwaoE0sQQqz21yC0TGIDDMFYEFrTOVYI1hYkBHcbm/xKEYSjbYtv/qM/+Flf8Bkf8w3f/ZM/8dLXC3anyWNBI2y+7kv/0JOub//KP/nul73qzdLlATXtRZqTi25b4jwjTjQ3rp98/Ie932E6fN8Pv0z6OOiHzL6I6RYmTOqpP+O3vPALP/MTvvnFP/2vvuclfKvdqqY3LsrOJoY33GyJVdJVXBcxRy3Vnp1ymCHWGVgoUX0AH9S5G+ve16ATxk1yRF1p0FqPwpqY9ZCAJsVYlzZfZGRp3VmB/YRW2+Nib9OWVz+GBRUC9dMJZpZEzZ+pzux9KReH6c68f2S/u7O/vKx7E4BSaGLLAktAFtgmAu504nK5XC6Xy+VyuVwul8vlcrlcLpfL5XI95kJNIwHJNulRHxLHAmZ50jM3etLJqhqqJ3nUl4J17VJ/NEsLi3WRSnst9otfwFSAI3WEXpiwHJCr2bVuXYL4VUQu2Es5VgvvXG1n9KT5VYBRGlKjrCXXAcMmpNO0ub7d3tienAybMSUucVvIBXTYAY/zNIS06GjAPYiTq2rdcnyz3SiAE0tmKmfT/nK/3x/2lzObWACX2jVDR7/JX2vvqRWgg3p19GI0wspCAOAq96NggdlamLcJ23ZwsXqe8yyGDPkwTbU6blEaBN07wNJMmsNKZOgkqfmKwhjQOAot1q/L4xozwkCD+KegVpylQVFiO/S9SZAMSfkwEiW00xlI0TwmCrcQFveR+lyMYVmNs7EnoUMzzcCEo3YsXYcaoYNaVlebFAVssFE2BbWvMkFOtXkpbNPmtE6Yk+3109PTzQn3BkfWSMAT37s4u5BSFW2Ua9E/4DLj9V/ss4XvwJZaHzgmr9h8ZspCnOha4OES6ERXRwiaz0KagKWwlQ4VM0phuRyvBCMcqBtlMLiiqT3ietKiWji9Sq9RipqttG1AIATjb0oLDsI2obGtB8MSmL3h8wc5IbC1Ck+0gDloSBDMEg7F3EltWlK+JMqc12CdPqsNcKNCZgBj/jn/+SCDqwk7jAR9zie/6BM/5H1/+Od/6cd+5tU8GzhKKjGRUcoHf8AzftMLnj3N+dWvfVM+7GVxJLbrCOa7Y7iQ2AYxdZLzk2486e9/yR98yzse+e7/8JOMADGyxVP0xvVrX/Fn/tBb3/Hwl33Nv5ZwG3zSte0LnvOMpz5wUqYD93iMX/gHPvVjXvC+f/0bv/NNb3mn5AqxNYi5jei0OBzqXCEO1pFllkuYccgUZVtkdxMOgmL4bgh8XG8iCdWVNKeIo6egsybqUyP7fTCnIJkvbaRX3bTqMFzFDZXGp4jZjTJuSC0GyNyMOnoihjoyUZl7yYCHUnY5P3xx9s7LO5f19mpzOF0Mm7tN0D0JoMUYrWeiy+VyuVwul8vlcrlcLpfL5XK5XC6Xy+V67KQuGlK6Dq0kaD4W3Y9Bas9SWu1QxvJ8N3Vy70qg8gp6TOKxUMisVMj4gFpzl2AKCdCBMiPNAAfkVJ05lJlIPE4os0mC1Ezli/pFAQ0rSSNYMotyDvZtev5NJEyEI8RtTNs0bFM6Gdi8I2gVVMrG2gmodhkNr7lCmRwdvruevfKz5U5kTsXguvGe8sV8ONtf7g6Hec4ZIXQXhFqAD/yodW0dkRZ7Yt2lfhdm7XFXa6zB2tPNzqNesV5kzhM/5VzYmYEmzv0g1GwUtYdRRkc8D9jYRLgT9r0Jzd2k9k4mvR8GRuwq/bpF4Ryx6uDLKkTDASLU4BIzLdAat82/0BxQaMXxCFxR28cpJaugD1AzkbC6b6uSt2gblMu1O6eeiCJogBoxlJVZCjSLBmg5NexWgVQihO0wPHB67frpyfXNZjtuhjpfKA/CwiiTpckqFs2zGosEK5cWo5awWVzYMLJjhWSzCLAgWUSSd8QuNH1ci5ih9PWDygkQcQhNjMFmTSjSICZDQulsi7n2KCdEpXECoUc8CSYSmiNFtNASfTt3Ps7mBYPN2oSbGgRlyXoLYLBSYYOTIh4+mCPOAuHUoctsTsTeGiRwCVMP3HCO0WFXn8KLrs6kEA19Wo+qBBLJ2EVjUNoch7v1niGE9dnbmwViYKbmxun42z/qeZf76Vu+78fLvGOuSIdMUqI+/7d/VH3zK9/44HPe6zrANVmV9R4i1SVK8Mjts7e9/aauO7E5KXWVveaX3vSGB9/13Gc+5VnPfOJb3/YQ1M0ncMuHiJ/0YR/wmrdclwglNdfhKSG2Nvt6wZzDC57ztN/yog+4NmA+7HgNjkPdFhkaqQM8s7vJtN9zf9eP10edqQVSpqHAILjJgGWQXXIQL5WB6Rj+Ueg++V9XY+1f/pFRFRtfHscSAq1oNlnWkhwEi6uToVlkfjkk00AAL7EQ0ncHy8Fpa1NmUZEm1N2lrjGG3gB2ZXr4/M67Ls/vzNOu7vT1VEMUHCfobtywRNvpySKgHt1G7HK5XC6Xy+VyuVwul8vlcrlcLpfL5XK5fk2F0eqLpDkL8qV6czqI+i1z+Y69fmkdsH9f3T6O7ybUopsgcJqCeEJwcTcXKRpaVAIsUESttM+cqlPmwEk6s6Tq1ErrngvXXMvMyLYJlkiifixGKnA93cgTvZseFCNJEqx6V9u0OUnD9c322rgdUxqieHeIPwRpSVzDGyxjxErIzTbESsOacNPuvllCQONdcHHf6OEtWtNnGwtuNxzyvD9M5/P+9u7ifH9Za8igqSLjIBkptUFDEmsERYGkzGohKUXhmMaUaDtKMxAxTMb4D2YYCDSrReI4mGqY5mbGIM8WucI+IZEPpELMlwYpGQ9DrV0HZRtQSQvzI1EEpui1NLmGi+Bym9L/RVESdchQIxmJUSGdQLFZFQRsYSnmpGOOJgYiASXLq2lNtTOYQYkQFSWQGiu0wSbqw8LVcC7LsyUOny5YDAjX+1tUjF5Y04U4ZKfUMj1sN5vNMJ5shusnJw+cnG6HkWOY+DrMfxiTZVCE+EOQxdOoY0qChZ1p62FFMIn9DEjQEZg5Rn0l85SX3JQClorUbt66i0Kr4gedH2BOJ7Hn4AC2qcFEQe+a+gmZy2ipOhwJhKVNVkGEggaXkFnZBPWZWIiidvYiM06bKI4xoD48M9ucMBUz80qFkvi4SOYQ7wF1ag8J2X8jKlYlRIQxDEXRFb1jwnW/AQD8muEFtrNR+V2f8CEphn/5fT955+Ytfj0mmaOh3teTHzj5HR/7/Prih33As77tb33x3Sf51h/46S/9in/ZvD2w7Yv0nT/0c3/yD33aJ3/U8//FWx6UDpe3MFYhF54PPNq8Uid+Jc+CmMh0lFQqmiaFTub5oM4wdWbNh0M+HOqbZU+EUNdkYXeTLcBYVyzBEGCoB4UXwyA8WeRpTbbNy0o04IssswvVikTom7aE3lO/IbS4prruOZsJ+MZkVnc+hY2GeH6CXlOixYC5E6y3fci0n6fz6XBnPtzZ787LvA8MvHAEECqdhjY7wAi0FctHVwKeXC6Xy+VyuVwul8vlcrlcLpfL5XK5XC7XYyIr+4IxDfKS/Wrl/LB2DsFV4W+pAF45LTWbkeVCWlMmWl+BitgjwFTKROzEceDYmXkuNCPjJhlpQpjViYAL2gLBLAQDGO1hSS3ry8l1YuNpEuIY4ibEJ1y7cX3YbjBu4zDGWlduqEozBuk8R3NAoMaOUHPICGOX4lUAABAASURBVI006QEP/W6pd2v/Gr5CBpwYJM4Nh3m+nA67aX922F0c9oc8y7f+U4hJPU4iJPE4UY6ArRFQv++/dCwZowGLrcvdaqRLVusMI3uodBRGXUyWkVJQQ2vS5m4iZIAYkYTmhCNNoeYSoQlMyGE0BhgRmnmEHqP6H1hEEGj5WQI9mjkNWrSN9nZzo8Ce7KGgT3PmsOsWMERKMBIu0SM2VMUaEBRbEVMQdV5o/E+QvB20Ka1jKt0ZtUjOt78Zh9Pt9tp2u0lxk9J2GDYMJ5F5/uRia4V6O5eZwGYjWKdcWPgj4ZiMXbLgHJW0refpLLLGmomKlOxNQQkejT4CNVsxs57eRRaOYk4k1qMyuUMxfkpMZMSWxnqRsE/ebmRUqC0MI40KNSskPnMInKSjfAnTWTAzuhAoMulVam8OESQ0h/kSjqpRiYdPG3ZxsKBlhLuhzb3m9H+i7slRoOFC+Q/9tg+rjfin3/6DlCdtkfoLVX3R7/20ulO8/eHbr33T26APuew6L/rA971x7eSX3/FQPpxxhlcYIMTnvM/TT04i5PyGB99R3/kZn/BhP/vyVyEbowyveePboRy0NXnaycykItAJk2HTvvFrDHCVaZ93OzEeiiXwbsjDOWf2QuGAMd4Qo7BCA+HAVipMSw1E9ZGgjgPPlSj4RgM05PSlYV/yuiWT2WbWN+77USehv0nmEorZCqNTM/NmRfcQHWlx5dG92kjBwk2JB8qXOV/O08V0eGR3cWu6nCnPWNsVeelYqBi2C0kYFS5/nRRS64Chy+VyuVwul8vlcrlcLpfL5XK5XC6Xy+V6DIXYWAKubFKr5FlYiNSXm8dC0YJ7w1Co1yapVb6bFD4wRKH9bLV08RFh1qRIikktOB+oTKUcSqmFx4N8WX7SbB1coBPQbBD+2ry4etRyqtaDazFbSQItAWulVBsWBTohziEJm5BO0nht2NwYt6fjZhtSPU7i3xH6p1a1b2vqUgHHFiahKQ9LuVNhmlWSitIexVpheSbaHew0sctzrbTu5sPlYb+fDuwwwsYiQQNauEKP2iw+YCRI4jCgVWDlMgV71E4jCixsYoFg1MyjTNM8zYecs40MLbEtzXej4zPClbAjCBubSABKClo9xtgpAEE9Shto6j4RsKTYWFqS+oCg+NzwSaT10uF20HxiqNEHMslQuRBrZR9UPCKexGhELE/AcjygUH+/qBg7pO8IfN7SR6oPLYfSiD8KAzExgkARwxCvbU9OT06ubTacBwOcBBNRh4LC4nOzVOYFfMm17s62EpKgkwhXxIm0h2NziiYbqfuMBOKoV4tAJ5rlAs3XJZjPDV8pCpQkv4q4Ip7UFkRjiDr4pK5EGSwbJdgM4QllnA2gWmmQWRWtFjBa5xfSkBUSpECWrQ4PCVkSIEfxHkLIAdnrgokWmb21t4akgS6Y2LkHeD7LbC5qkEGhRa4oVSCzJauBC6y6ldo0bwu7Lzv4zyPblMqnf9zz3+8ZT/7en/yFN77pbXWR/NaPe+H/+Lmf8fe/5ft/+Gde89mf/rGf++kfU9/7F//uN37ff/zxMk8yjRil+fiPfeE3/a2/8K6bd77qG/9Nng7MnMhw/b0/94c//HnP7hf55I/+0E/+mg/V4xd99p+ps6QePPHGtc/7zN8q0En5TS98Xn3lI5//3D/+e3+bepG87zOeVl/Jh/20v5Q+HTlarA595iFMzHEwKxRLjll8TZDNiRIabjJytg6Fwrk5auWElmtlbjI6a6IMf9vNaFln2sXLRmG+QvayTg8MuoPUWZFBCaoiMVfiacMbWZBG8W7B7jopZF49YUI8m8rN3e7ssDvf725Puz1NMj0GJmTa5gDs3iL7bZstsIz9rwWS5HK5XC6Xy+VyuVwul8vlcrlcLpfL5XK5flUKi10HqBuFlnnte/5aGK7lRCR1+GiRLtAJCwMvTP376ZbAohABOwnMVqwss7o61GuX+UA0lXwws5M81QImlikQJ+wwd1JyqJVtoxM0CEJMGiAs1g6oISfyHiMQpMYq5g0JEhMn4+b6Znt93I4YNhSujZtRauFcE+XKudE0DAsoK9LsDOxOrR5r6EnABdXAFgMDyg+Q4S+kHh1yMjGbqPdZdnm6s7u4c3kxzdPlPNXCPafqpEGRE/EdWWq+Gnqj42GXh6XcSnZ6jbbhRBg180CJsBBjjTJltjmZ5lmCY6ANqw2i4CMGGwR2pBAnkhjGYRCHFQgUUkiWW4RS/VXvEMtdYcMONaGRS5bWTFAPBLWyqB9OGgsjfE/UywVsWBIEi6ihqJkf7JgBa9cNeZNZcdDxfLMUFpkVoWd6gJlydLxGg2eaB4qdV1gDRVIYOkkB6zCkYUjDeDpuTk5ONttxwxOkRHU3YfKirCZ8aWCNTPBc53KdwLXLmCLiVKBZfEy0BXV0ZnGcKRwhNSNZTpIZ11C7MzAYRxNzQuNOhAmLZjGi2Ib6qAgBkKW7SSEANJLDsok08cf4J1ADGOY7tGWkbVeoyuauQlKFrMcKkKXnyPDqqUpdnZybAzmwn4ZG6kjTQxgSQzuDICayaaiZhi4YbZ6YyxgNxGcxDmINEvS9pevXCDOwSfw/fvYn1dH5G//k2+v41IXzp//w7/iw5z374uLiIz7ofb7sv/1Mfev//IV/4Gd//mXveMdDwujhM576lH/wl/5UDOHL/s9vvH3rJkYGP+oMqvf9U7/w+odunvFuwnMga8SU0kOH/W67SfVsT3vSjb/yRX9o3ZRP/pgX1sf6lTzt5/2eU3XYPmZTO7jOLjEvoZDZ4ySVkIihkySzPPJ+B0OdzWzZwx3P76SOlQipZ8lYPNKhEUpL7+JdHlVtIKhZ9YCFMRX9X3kpPnlMQTHG5Y+KuR3xNJA8pssp3xF3k9vT/nyedmWaeVcYhDgJyk/JRhx0tpRmn7Si+lwul8vlcrlcLpfL5XK5XC6Xy+VyuVwu1+NI3TFBrRDAXD2ocR727XZcvmuO9CgKwEtYRquqd0zBwkVyRnHiEHcTRk/qA3Ktz3LODtBBzE5KXAqm3L4AVjMNjcAwJwzqX8OXL8qjsBqlll/DmNLJdntt3N44Ob0+bjcQNzFtYxpRyuSrD7Z6O3ZrFhAnjH68AAurfqN71EGVIUD9eP18plKr/Lv5cLbf3bm8uNxfHgrDNWJhENHCKGKUr/qL7Yn4nSgDRJ0vaWdvFzE4iH/O1A0+zEtjbpzDXBr80I0LcGXToh2pxeJa/h2HoT4Ur2F3DzPbWCI1lnvsTMMamYAWxMSgh9yD1LclKMgSdlYF6cVXIZjLBa1vsr10jz5uY6HlaJ240KaBDJz8sPYNUSymBUaJXUuUyUx85wPf+Dim+u9mu9lsxnHgSnkRGMi8QpqfjiTC6N3X3oYs5AfTGZHJFaVrKE3zZPY+AXNm/icXjpDKJTf7Ek5UUe+eNschRguhUWCnTotGbOhsQHOniebww2CDECHGOknnF50yzf5EiQdBEKx2L7CUxPcINwOr5aO4itic8K95mQqIkMFCeJhwijhHqLdBYq+BKfIIp0G8LdgpR+OgjB6AJX4KcFlMNvgF++DpxY82l18j1ERlszd/5m/54Oe81xO//t/+4Jve9FbK08d9xPM/4oOe+xMvf81b3vb2f/OVfyHF8EM/8wtv+eV3fu7v+q3f+tVf9jl/8i//8jsertPjH335n33yE2/80E+/7Fu/8z+KnYgMEudkpb/9jd/FoUmHfTns8rQTto5dYEIcMKbbRF/4V79KUL4idkRZe3xxdCk2sq95zRvLNNXZl2KKse6GnFiTAAfe3fhgxDrheI0kYluZ2pUD+5dwdE7gBVwfAa2fi4506l3bVmHDOdrVZYOVA4GZIPRtRqygbOZzYlfb2u0vhCBlzZ4nKKIkATuhYJihXOZ8a7976OzsZt0Bo4Qxca6YMjzCxnTTI/VZEWBF6TU4xtAUigSXy+VyuVwul8vlcrlcLpfL5XK5XC6Xy/VYy+CSsIqtwJZ3AdAIgbDkmpBBHsv7j0Qt7gUWo4n2rXjoVcqi9AkTJyXvoRyAJs3TAZrrMRspUAklJ5SvyLdLtnokl1mltI8dQ1lDEUHKl/V5SOlkGE/SeBqHa8OmHtTHNo1MBnCtNsASSEPWGY0vWTd/1V1qEoABuxkH9FgbtDYWrdxriMqc2Tuh3ufZ/vJOLbZO0ySZLrU+HWPSDzBywp4iyJk2jGqYQQFozR7MLQaMLrCKPS3OIkcqlOc8C+bA6MkqdKWPWGgvKPwgAThChqTEkTqScMEYDOjt2s1pjgtkGUK9R3Ub6V0flAIxh47FEUbtOpg7CWEhTgTLiWbhAqGYDwaWpWs50cZG6MokU1sXbYRE3jS+hAyekhHEPmwNQAmkLeF8FD5FrcyX2qZhGLYjEyebYbMdR6mFgyYZITQqpNmoCIhUNC0HavVdsJ5NYl5HIBv2aUiH3V6tb4ok1GRJIFHDFu1U5IvH7g/DGTqSS6KOIiHKrGD+CPVumpuPmohwz/BJuQNCPW+IcORJgeyy0dxn7P51eFDIFV3W9TrayCztZMSgmCUJL8cAcxSzIRnnIpYxcgA0cPpJTCmOie09omSpKD+CoW8WfQAU0FKGANYDauPf0bdllBuKgovxzf1lIMu7lwFR/SO8E51uxz/1+z7xXbfP//43ffe1k+G57/2MP/fHP6v+9m/94399bTPU3/7sq17/hf/r37s4O6sL6vM+89P+9df89T/wp//qn/lv/uCHP//93vi2d3zRX/q7sh/woMS633BX1HUdPukjXzAfpu/7wZegLK4v++I/8Sm/6SO+8C995Wvf+ODhcHjxD/8MSRoT42hFfGcYtZNpxcOWxUCIZ39kjKkukvqgFJgpYS8TZHakvjgQDaQ/orAmsvEVMw5SNA9b6hUihqNlJCzbum+v8j7CWglZxfRV4H1VJrtsHpyopTMyoDojqVOTAn8k/k4hZAwZcF/ms3l/Z79/+PLybDrseW6yyZPQgyjGUmbCFHAhTLTdDUqytvbNId7VYpfL5XK5XC6Xy+VyuVwul8vlcrlcLpfL9esvDEkYEFwZUJgDhhyow0hZe2MsPgXLl+WlfGluGpodQlrtDNB4ALGFAJopF6Yh5jkgZ+4A8yUHLPxQdxO1c+ADlDNzqTR0YELbGS2RQwupXKnMpVW4JQOHEQqu2IZN3GzDcH08vRb44JSJgiGkZCYpS6V64RJgBZ3YK90wQ/gcTlQRmGP1fv2n2WFI62phdcps3rLL8/lhVx8Xu/2sKATnnLDPBvsiMGmS9D7CFQ8X6N/y14wTCLAyCGG7gVIsMUcplzJVSf9mKt3aRJ1SrPrcMCIZ9NjoijDEYRhiNJhD6sgrTxSqA0cSjQQ6JSTWRUkG854x1EB9DgQFasEq0uygrwnGoaeUXxWLreFPBqNJ+nh0A4zGnogLDw/rEQjEsUgZ7H3t46T0FKBWp0sR5xiFSOoZcIjC1wRM4r6yScPnhj13AAAQAElEQVS2To1xTLVLQmjdhVHvtkCbLzIXkTJBzgfIzJfUa27GNKahDqUZQQClw5RbNR0yZOt8sS4JllnEDSJjLmQ02m/krpgB0nVJmi3Ek06on5J79b1H+NSp0PGcni5EK8ijQCiwzomy7q0X1LWjTS0yaCUwBpY554qfKQr+xEiMtIs9NKL4mqQkeTrcHm0Q2rmhs2wIeDV/a1GLCbpbfQeCeyS+3C2iq6d+j++RZJ//7Qv+q6c/6cats8v/8LX/y5MeuKa/+eGfecVLfubl9U7/hy//uh/72Vfudod6q3/xb3597dU//lmf/uJ/+rdvXDu5c375x/78l9+6dYfHlOGbQbxeEsZ4erL5qj//+d/z4y998Y/8FJaIcXjmez3lue/z9Mv9/NSnPPGjPuQDlSJCxtJmATjqMsht9pMY1HBzQ8G3PviuV77yjSHTgDBgczdhpiSkUiRMhzEUZlB4v+NlJiY1ILNaZqfCYgFtdeiGIlMKGyZ3bCOiEUy1dbqVycwJvETrnsIwm0zxwJQLd2hYks6kU4XJYgAlxrrH70u+zPPt3eXN3cWdedoT7/GUeBFoTFl7GH/SbKu6JU9vm/matAF03MTlcrlcLpfL5XK5XC6Xy+VyuVwul8vlevxIXQgIra6H6/yV9U/9Na2Jhl7j5mczJNFCfwHDUOQL78Yo6EPKkln8MupjwjIBzQqdRC6qcySDABGKLBj/0r0QOh2DWFrjsRWTudrZ+A8a0nhtsx1D3KThdNhsQmIvijREpQqkuRo80u+sSPIJrJ1OjukG1Cq5OEG0oIkr/gBaQmVWISPjAVx1nfYXh93FfrebJs68qPViMRKpPcjECSeqxHrYeIMl9WZ1/atOEGKhwV0l7hnsU8G2GzlPEqmj/hpH4wjLnUqj6+UgsbHJUD9V/91uttwrXDFeDbmRCWSRNWLCIZwJLScmJWWwT5YoyTHQMBSUeB01+Air2YTq5dLDg/TSBOumrrJ7qIE4y9D0vCPsUBLBUX9Z4g97yEi9PSY5SQoo80B+g5wQw/E6aRzjENTnQ84UzIEEmsUMas7ONM3TtO9t4zSexM4kfabWozTlrKdigxNJytGO4Pyk1jJOVwrWcol7CmBgl0URaQSO2F7wmGbuMj2WibfME7C5aIyBDFdZvEJ0jc7NcgTVdUQyh5QV4ZgfCFn8hgrbDPHClYQrgBQkqUXMVyQ+xtxx2OAjBQkE0hQhY2MWp6SrxMnjSI0pe92D7wJ4Xj141Rvf9ouve/Mf+PSPv366/d++6p+R7AXf/R9/kl1M6rSp9xjil3/Nt3zKx33Es5/x1PrZ//ATP/vmtzwIdS/DKF5FKQ4jCotzfrl/1+3z5z3nmRy7k/hCT33yE+vzu27e+c0f+cFf+1f/9KNv5rf8m+//0r/81QNBLFTn5gA41mfmTkC8ZWhANjvhjJqwQF4AZtCDC3S0mDoZt7Z2PWmfopbQxECb7qe8kfFUqtNYorp6WFdBNVNRxyhdkmKoQiHMMcwB6+POPN28uLh9eXY+HeaIWdexhBFp6JPAVBQ0BkgYmKuGNQ1lu3v4HD1xuVwul8vlcrlcLpfL5XK5XC6Xy+VyuR5fsgIxUi9Q6itHRgO4tvfQvApLRmgWHB37EA8VteCYqD4oizUHZ85AmanWwPOe8gFphxKvA1yIL1KWXCqnYeXBgl2rBpEGvyw3waxArWVuhrQV1uR03G4SJ1+M4yhuHlwlN08WWnEYsLibtDCglsmCrUYrpVw16yBY4m2wgTuC2KjpCBzmeSp5Nx0udrvLac+5OuzjItSBKgl8EjRSJwS1v8CwGpJeu79SiGWJO0Lt0Pr/LMBJ/YdDXIw4uTq2yxm7kcbA/A0fjtI/sErsObqgGGZgd3+BrF2mhi46HkG7XVEJY3MMojATFLQJsg7QUFZpCTCiVYm8OeccF9LV7IRgsUQxa4SrRWjz5AGJGUHhIjRDKEYEoSdCivUZkxh3pJhGmRt67z0mChvRIuiH5NXUKTvt8jzXTsPILMa2zjIL4uk9iGkqhAZ2kCYY1S6OwmgI2qP2LyihJTaduJVtktdfcuBKUShEDCeKdHwddINb6IgcsKXYQngAlj5p7+FUJ52phjDhTOKqgYyb1PHMCAeEIj3EAEFdJvX+hshRUEOUACYUYius0ShGEtrwIin3Eu43ax9fIvqG7/iJb/i3//Ght7993p192m9+4Z/4vZ/6rd/3I6/4xdeHyGxNiING59RB/MSPesHf+OI/+j7v9eRbd863m+GzPvUTPvZFz///fu2//Lbv/RHtl2V3AnrDg+/8iA98zjDUaZBrvz31iU+4c355OMxveOvb/49//u9sc2GEgzm7z/09n/r0pz3p//d/f9c7H3oEGmqnK+oXXvn6gSARjaEMmTaxjBRqyxg6qVsJ5Vh/ixRt4VDfuEPbk9qaaGE4C4aCK68mWK8dMsMS9uip00/4wFLMOkejs4QrDLo8umEKW6zkEEpKc4CLPF/M+ZHL87P9xUVdMrJVFF4xTMsUc7GSDwqrQjKrqG+zfcNt1IndA7RdASO4XC6Xy+VyuVwul8vlcrlcLpfL5XK5XK7HgZqHxprtuPc7r/p/IFIHA+7x5sKZLFw3z0WJE/6m/FzmmZiOmCJH7UyBdlimABOys4AUyM3pAfSnepZ4lM5xZNqhbWkVV7W14BiRTUgnaRxDvDZuHzg5rT+OMSlawWV/uK/0HqmUKy8uNiH9uRXzm5kLl15nIQwyzTnTbpoup8PlYVcfbEACbAwRuQ2D3oKwJhGVkzm6O2rIBa2sO6xpZK4WVC8xzwzx1N6sDc4SryORMIGjMVbjErBbd4CyIHzhGHXIt+Mmca5OtxKxhlh1Wu0rJLGlmZI0DMLijSiQUDMGCenl6s8GR2i2jjJKcSl5txI40UKhNCgCVk4qwaaZ1MgbgUHrwbDWXJ2HmgSjAEyUfxg6ET+ZFMJQhyKGMdbn+lALktDoIlKWSa1N6st1buY8ywRmumfOk+JCnNHDRAbmGdYpI/WgnlZoG56VbKmijiDBEJhoCUQSKiRXLRJfxLRGFp+TDDqeK4QrSEDKCgJbASf2A7Vx0UUhNJi6j1gPUVCkQAgpjtGBXB9iOlN/xQYnKaqviU5OpnSGJNBJEoAm2wCUpRmIK0Mg4wgUXsvwOBfi2fkuHy7q8Izj5i/995+72x++/B/8C8mX4lic+qiL9slPfsJf+BO/53M+9WPrJ77/JS/9kr/+1ddPhv/zr3zxR3zw8/7u//KnvuhzP+v/8/Xf8qM//1ruHElAqmP1+rc99NHPf+6znvm017/+zfVTT3vSA29758O1y974xl/+in/0f0nv1z2wruDDJoUv+q8/887ZxZ//y1+R51mcgtgvJUAYICZMHHyFUPeMDcJYn5UyEVOnOiPqcSika48MG2x7FEpo0gJotdnRUK5OmCH0BDGWsjACmrBjUSbZXEBZFp4RocFx3FrSPx5MddUZNSHsKZ/tD7cOu5v7i/PDjuEVZZjYFIUfZPt845S67wzc76+JqW9ksvMguFwul8vlcrlcLpfL5XK5XC6Xy+VyuVyux15r05CVpcfyHflVFbBVB1t50AACqez3r6D3T2sKCJfq8zzVKnotspKE6dR6JtIB8hzLPtAc6MB1b8ERtAEBm5fDvVt85WdU1xIlJkKGBLhNwzYOW4FOtoEDQYYqtppgLwurVy7+GmQGJUtuC3WPk7XPyrpbmo2EhKkIUaGlfIFr6PxwuNjv9tN0edjtpsPM7EyIMWkT5FTKOUQ1DuhOCa2nV3yHXZW0TzOHrFCWtAt+FtDEElew3c6xGUww1w91GcHahCT8CxtwAAoeEeTTeGXMkQvopVEu5uERSE+lZgP8/qS+DIihG9Eg9a7Dlu4ThA/SaYP9dKub7P4GnW6yEI7V0Pe7tCmizW0sy5KqQyCeIhFXbRM/GZ6tjJukODB9g4M6zxhtUnQ8uZ2ojAbn43Bs0WHPVjJzrhX5NKRx3Ahxwnk9ec6h9Z1AOAKdbIdBTBz4qvqbKKxJNMZLP6DhJBxOQxahw34kMsaChsizjr/+yOFVa0MYM8ahhsogNWsWwIUvKLCwTHXx8SWAY3Qy4Mx2JgBiZCK2LwydGJ9jHjyoHjECIazGq51ep4K6bOgL8BtEMlXrDTJZ8id+3+94zjOe+jf/8bf+8jseEXcTXpwf8+HP/7zf/Umf8fEvGlI8v9z/1X/4zd/8b15c5sM7y/yZ/93/9Cf/2B/4c1/wB1/w/s/+xr/+Z370pa/68m/4t6990y+XwnTOG972jnr+D3j203/pl964HYdrJ5t3vOsR7sDMUVhkQztDzp/48S/absbv+f4fLYd9gAY61TlaRwNoABqJxggbxA3AhhcbDPyeoqxaULrKyA8yAMjoLd1EltXcDlZdQMtLNldo9RvmyZTx0P9lNcmUCyu+RbuxIM+lS6Kbu8tHDrs70/5i2k+UUxrq/BGjlaDpZMKByUeL7flBZnWxRKsrsjS31agBLOFaLpfL5XK5XC6Xy+VyuVwul8vlcrlcLpfrsZTGm9zzV0el/vZ2/czqR63/FVyzAmLZIBEzk7mblAObVORagZxAsnWwzKHsYj1g6CSzWwaa04YmjgD2b94fYx9SUoV7fcldzRVSrZ8jbuNwmoYb48n1cTtQ2KS0GTbjMGL3FDn2L2lZDt1OhNbBOsfdgsbDaLAQG53I1/UFXdFUin3OF4f9+W53KLOgCpKcElJMSb7nH4LZcIjhiNZwMRxfa2XioaEuYqBQy9U5C3DCcTpZs1e4fK2GL5Y9A/1e2ihTH87IzhxstyJkSEjSpSj5L/X0seUENXsE6kVoJKs/Ky0RegaIWbVgEnAj6C8sFsnK0vU1MU+wVqzwGGqzj4K64/Bh8/cQQKUUI0+w4StQshEera8CLlYx3bgnolmXMGfDxA/DNUnSlWqnJ4wNqbB7DtrtRBIgY5NZnU2m/X46HKRGzqfaMHIyMqwjVjx6CWWXtIk8D2ODcPggovoCIefVLAlK7MojxFMh7Z86vliCWcvMuYUXqRWF9Zk0zlwqeu+hgFooBhVEfTabzQXOYsFRGMVhO4pcILO1CZYYecwZcKi3ldjOhMmYqFCM4ibKLsjQoE50vlJEMdpYLT4diDZ32ywEutcqeuyFymSwA03df97vfZ/5//7c3/mGt73z6775u4B7AIdx/Lav+p9f9AHPru/dH+Z//l0/+lX/8jve9tZfBvmMgEn5q//Zv/m3/+HHv+S/+ZzP/vRP/IQPe/6Xfv5nfsFf+SoMdQDD69769vrOZz/9yXWyPunGE+rx297xrnzgffBzftdv++O//9O4DbKDPONpT6mHH/uRH/o93/I10J1iZHDf/Ma3/aUv/YpNwIFoQDE4QUpQR4wXSz3mCVh4SHj12ipp0NFicHLleHkJ1K4mLHYjheEPBZ40Hi2Tpv2U0APAdIF3aIy9c8TCZF/ofJ4e+pq2CQAAEABJREFUORzeNV3cng+MF8oWR5hKvzGZ+qS7ysLAXPkLczxQOlp95wD7O6MQm8vlcrlcLpfL5XK5XC6Xy+VyuVwul8vlesylQRnAFUwpCMKqmM/lfz7ovhkt4UT5j/qvBWiIB0IhY02k/J2nnKdCE8JMZaJa5y4zzbX6zdxJgKnWeiNne1BsgAuTDJoHQoafQK80kn0/3swz1vYrLZ+Gy625jHFzLW2ubTbXxu2N09OTYRwwbuuzYBZq9bHyOCmKuRi7YS8u0IndvFZtSwkrXwnJGLHSaRaHjAxs6rKfJ7Y5mfa7Mk/zNM0zUwyck1FL+ZHr8oybcDyLHkvcTS/fLzdGzVWmqE8F5+nkmT03Jg15EbKHDHIgYzB6bZbjWHr+kZoWMPbCBidRvDeQc4tIfD3EpEUNBQIpZ2J2DGCgiXBFxiep3Ya6g+gNML0iw6VD2X1qcMF6aCGWlKCQlgUdDQmSseGwbi8GViBDJ9rtPIXUQEVTY9o0RAUubN4KaSL3olE+wew7WEMt3yfhTxJzFUGYiH4LrZ1owTY8jzkEZd7vD/t97f00DtvNJqVUZxOTK82upTmZNGMYeTUN/B7UFgdGjfR1vWGb1YyIIJjFiRFMYnIjXAh1MKozQ6iOPgDHjiMaV1Kk2zQrx0ZAFig/c4wO5sBYkcxb5hckRqf2BccEBc7QYSrKUJLlInp2bXrnA2yFNKYHVjOvjQNSn5H3hE4eF8CAtH/cDH/vS/5ISuGL/+Y3POMZT/udn/gRv+uTP+bLv/5f//hLX/P0Jz/xG7/jh7/pO3/41s2bz33We33T3/nz//rFP/bvvv8nzi8uAFM9wdve/sif+xtf9/e/6d99yed/9lf/q39f12XglBl6w1vZ6eQ5T39qmef3ftqT6vHr3vC2cpjqwTOe+sSP+JDnXWnIM5/xtPq48uJmGBKURGUIdZfMddImCFFtTmQAddrxTO+eQdgxsT7Jmmz69QW5YjlkCyvy0awrUSPGlEbBul2BWL90ZE/3DTG0Qqw7/eVu/8jl+Z1pvlOmCw5MY55JDJwYu+K/D4XA9iO8armiK321fx2NDyit1W/JflUcOXG5XC6Xy+VyuVwul8vlcrlcLpfL5XK5Hgfqrhjd+qMV/+S3vchnAACuLDOkdkhqTiGxII1UKJxAUgvbUy4HKodaBqc8cwm/ZMhicwIHpDmWwsQJCaJizARKWTM2Ywe1YaElxwEaX7LKgNAKJvuHEG5Duj5sn3By+pRrT7gxbE/H7UliTGArYShBi6CtJLtk2dBSpb2SrUMtVIJW+IbxAsIJCEHAiAIFPOR5Nx8u9/vzabqcDod5mnNm8wcJJxGjDTE46Sk0EvYSQrhiuKI9T9BSbeTS7BsjCEvpIhsRAFh5BSwJPdBtAoTKiEKcJM5PCerCEdTLYp1fswJvDEMhC8VpETYoLIUG1qifCQUJ8NGUDGgQRkeVrLegIUsNucAek2GvZHNfsHK5xvowyqLZR/puhVoCtmmLzU0DzOckysctu8gAnygGJ3Viic1JQvXz0LsOYmgCFuokKFHOMjjE/T0xJ1Cr/zDEzbjZjKMENInRi7JQasBCbcUUy0VK4xAUFzGbFnFQEQ8JSRIpbVwbHaJYFffLOp0G0a61vLLMlOZ3otOFMgI7B8kBSB9xGhNyRxaGACAP3AegaU5seZN4btSpmZI47vBULLQmAbopTcA2G3Rt0jLjcGnTQsLg44QqeXfiJKT8xAdO/vf/9nd84Ps87cF33fpbX/J5H/ScZ9bfHKb5cnf4yn/6b//2N3x7XcKCBcHnf9anfMKHv6A+/tr/8Mde/JKX/vPv/I8/8lMv1zX65re+40u+/GshMLujnfHmB98JAp1QLs95OnuZvPZ1b6YpgxFe8P/6M3/ju77nhz78g9//27/l73/l3/snX/GVX/cxH/XCb/vWr/1bf/MffM0/+Gd1mr7ql36IkaiS2YwGKXHgDkQ1OOmUE+jI9NQj3bbWO5r5kQjKl8GmWdtMlRoB5Ngfy/wppTk4aaKNbhS8lNo+ZecOgUkmZgjhznR4+PL8kbM7Z3k+1PYMI7CnE64ANF0dqPE62P/UWCvwXsPTJ1KB48lmdlqP/wnmcrlcLpfL5XK5XC6Xy+VyuVwul8vlcv0XoFbgNroEl6+c99e7sUm3LdCaZhFLjCIHGg6i8S+1tinGFTRT3lM5EB/kWv+GzNBJQMnTkUidqAYdUhBd2SrAElnC0AFbobRf0ZEDg7WZORIssMF4fXPyxJNrTzi5fm3cbMIwyLfzuagugTJKnAQ4NkrRVBytKxc0nEOQiE5F9GMmLIrRJ0WJFyUqmKyBKZddrVbnvMtMh0w5I8eWJEUd2GcEB+BqrdhkACq+sLaBQIyGe9hoVM3isVLmkg+TmscosQC9pkt0tWrbsSElZoLwBCP3gaTqoMAvQm5o7kuwonA7HxUUGEheK9JpBA0TEV8Q/rCanQBoVhA2hw0Q+5CAsM73kYSdBuvQwp3ob4tY5eikkhfN96NNBvEkEX8HbDV2o4daGXslPqXwTGLeUx8j4xV215x1Q5YBpFYzoBgFSTKNzKggL8zTdNjvqOQhDZvNGLQTpX8Ct4Wwuf1oIdxO0him1GwoQG1g5J74U1nGT6wfDBE4HjYzrGjL0O6uBQ7ZlC1GhCzeD8QjRgekieGuRopZho5Es9ShZ0cTxp/UtQLFiWUJIZKGyZag8wdtdQA1KG1pJEJYDld3sGBQhho8rsmA2r7rp9tPetH71eNnPuUJT7x+8h0/9FPf8QMv+YGfeNnFfg5pqItWJ0vA+GVf/c3/6Fu/77N+28f8/k/9TZ/xiR9VH6943Zu/6pu/69//4E8rGKHrXI1z9vvDgw/dfPYznlqH/Lnv8/R6/tf+0pvrcbDNjvOmGLuTGcPr0Fg7Xif1OHUvEF4bM9AQxMJEOr2Yd4wRcdAMiEghJ13HZL+G1RCgmA/JWZcdlxmYurnMsuJ0CRcwpynh4pTcCgpDGXtYzzQOdTc6n/fn8+HWfndz2p3VuRcDRUa7+DyFe61Z9dgOg8vcaH9Y7jM0ZfmdgSZte3G5XC6Xy+VyuVwul8vlcrlcLpfL5XK5XI83HWMP6yI4LpkzUgbUlBnq5WfUrA5lNkq21JdcBJc4QNlDOQAXw2f+lj3XWOdY5ohMnIRWy8ajCIhm32DQgxY5sSMUcAxYSLmWArGHxGZIp+P2+vb0+rg9TeOAaYzDmFghtm/pw0K3WB2fDJZhBiAvSMSqQ9D6Aix5Rv/TrBc9zUzlkMvZfncx7fdlnjNnVIg/QC1cDyEmZT/Ex4XLuFGiOWhJnzGJfQl0JkPBi3qynOfDvM8zAwtZvTTUXIPUDAbp2AxAhw4t2QQZMohxEOjEgB5UkAOwQ0aGL6jFStH4Cm5z5yoUTTATDUQL5uFSdAztUkJDaA18ZXvRURPFZZbMJsVlpPuzNLi1AQiOjBCk2o6twagoBr9Z3Va0hcEcUEC8ZeqcwCFyotDAFi/R6vNCS7SyPJfZgxbogXo0TO3uw+EwHQ61VbXH6rzabEbsM59xE7mBImEmeosl90ll0ElZeUogp5ZgFhZL8Kz6o6JURckQ7UdYwohCs3AJ0EZoNTNaj/ZLCjoz16p/KFPtTs5s4smEMUDCsEn1wVBDGgR4kpwnPZFQO332yGSC7vMjjVrImN44QVUi3TvfBFc5O49XUfPSIXrzgw//k+96yWvf9ODP/cKrX/3qX+IgJQ50CiGN7JoTpLtYPDEefOjWP/y/vvcffvO//6gXfcCf+sO/87d+5Id89V/87/7hB33f3/7H3xIEtpCPxDqB6iR5w9ve8dEf/P40l/d97/eqY/GG178VJKArdGumTEEQttrLTKaZcQnHQbV5zMMIPJ6cmxTqQcht0ZlPSduXqUNOtDAdR9BJMxxS+ItnrnJita2zgnZsFgU6u9WlJxiaxCRMX8rs1RJjDvH2/vKdd27fqrseTOxdlbS72D5HE6OMHDlmqzq92BfIsdPJ3fNGQbhw16vOoLhcLpfL5XK5XC6Xy+VyuVwul8vlcrlcj71W1eRus2BqZAB2fwowBwrzV0ASfwqmExgaqKr/5jmXzCEfiPuSd1QmhElsTiThpVYmGSDICTSFRNMdxAYDtezPX5GX+mKWgj5eCV/QyuoS8cMeJxQzDCmdpM1JGrdpGCJXf2uxfUhCWsS4eJY0+4Z+h8TOLNlMOErPnVisTey4JfrkljDCP8ZAEkyxn6az3f5sv7ssh5ldSUAdApQ7ifzNf+IWWZ4Oe66wxQBkOEZP+oEWgblttUPzPFXNB8tjoVJPiVFNEvpH1lVd405acg9KsE7kTJmWkROZGLkHxKNuBxZto9kuaKYbiBaYQdJspXhawo79SIvHylUJcWIuMusJFrT6b28x7xPNAxLkoplqYGtA4HySEBqqIWFFwmZIEk+w6KJapq/HA/vMMHeSojBOytpAzzfSqnfRboySfrPb1SL6GQMbiHXybIdhHAbjXUJ3GllbjCxTSuklvbuUDUxRtqVogol44wgl1D2GsAi8pKROMQwLyA4010hYHrOiADIADFrKCN8aqHkQoztJ2JsAPM8SG9yEzYAD/7yMVwjNxcRmeZv6bRyh0T46JLiCSNRjQzpo9VKHBWj1tscfeNLGaf3a3/ln35cPF/P+IhPTWeKnw5wWCqAzbjbTLLsXBQYySq6D8dMve80XvPTVL3jec/7E7/2Ur/2//z1HNvFMrNNttOCkUl784y/72Ze9JhC837Oe8dYH33nYXb7gec993S+9VSG7SOJuIl1XLzaENDCbBnwWZuSsbajOQgpzNbshNJaDcIVo6CbdFs5agWy3BWqTpsjE1GgeZtpyc/8Rkk5sSoRAMROWoNcVzo5Xf53JD5+dvfPs9s3dxXmZD3VF1hW2kYwzZlK41cGQEqFKqE2HblZlKImRi33P0M0VHwVPsuYHXS6Xy+VyuVwul8vlcrlcLpfL5XK5XC7XY6WFeMBWRSfjMwBL+7o9tPAQWowouAgumAY7N9S6pTid1HosZ3vMRVgTKvWx5wKmVK5DYRSAYyU4eaH04rQEcvSSNyzlfPXqIPPDMC8N6I3Vt/BxrdGepvH6uL02jNuYNiFt0jiEYRw34zgG8fm4EqnDRXO518LOLEZCKN8ifiQLd9Iq1Fh6xV8bxUf8wcOcz3f7i/1un6ep5JnzVMRHRJkINDyDA024mlxfEiSmns9K/CvWhAws4EoxAz7scTLV/+pZpX2Z5NzaqhC1Ma3HGiWjpeogxetgnAYfKzWBFjRDRGaQQmabwmfRrhB2QkatoPaGZMrIEJD4iHBRueWztNExSEItYKLZc5jByRFu0iXgRekFZAUeWmwNcSxQvQ61/Jw2HxQ04VQgTjThZshkshShGBm1EACFwaOoZi2FxNkhtLvQSxvmEqWl8zzv9/vDbldfZNQkJSVOpKOkPX1CFrUWaRVzsltTYEd9SGgoa6gAABAASURBVFJGaK4nRfN06nmK1f+lDQGLtUKHtDDWoCdlg4uFbwpkoIusTcxCZOkbOPsoCnpVV1XtK7Y2iTLgmIaRbU5S4E6KSq+gTbY2EqHb0tjKKx1CwiM4A+mIZKjHeYk70bWjt9W8XXi9rNYb3EePBkuhRwGvvOf33OcNLRJJDYEGMZkp7/fc9/7tH/8RL/2lt/7MK17/d/7sH/2ID3zO9//0K1/8k6/4iZ/7xf1u7oYvv/jaN/3Fr/inYosiMw1DnmX5zpxY8/X//LvL5S4fpvd91jN2u8OLv+2rXvBBz/3AD/usYPFLMEIYZOTrpBw5fIstVepZRl1zItkqGPpInDJFPH9XsBitjKgC2jLC5XbbEJFsXmrRhLlNU40Uk30cm+eRbFlFbFACzyyM4jJUJ34OsaS4B7jM09l0ePD89p1px7YwktZEzcBF10WQRceT4Eq3t41dDiWnCnRlNiqwbbtrY5MguVvgcrlcLpfL5XK5XC6Xy+VyuVwul8vlcrkep9J4DmgGB/1lNTiQJBn5GTXYY/FbQOUiBI/I+pCohqzxCuxIUR9QYq2N1+Ikfw+eJCmiyNl6XVF5h+W77/ySABL25fsGjJRGn+g35NWzYYzpJG5O0uZa2pzG8SSM2zikNAycj8EFXkm1QUMHuMYskRXyChAspXOQUBZY/B+EKCgKMxSpslN7tSecXB6my93uYl9r0fPE5VtGPUqLIJFLR0l6ibg8lHtQt46CuPAwSsDkPDG9w4lElOcp145lrEDsBpqRhpp0oPYFKBWh8T20ZN9IvZgvGSWvA5VRMXsE7Vup81LnJdDMEBpgwf1QpKsFG2qfabVvwnYeoF62Dnp/1JNmjNG5WjXWj9uABzOhCRod0ggSBkoytNsJCotEuUJtkviaaFdIIoqgLlE8S8YhyamaoQiItYtYUKDZ9+gEmLXT9lU7HsP64nZ7sh3GGKN6nNQxCNbNGskiE9M8YWy5FB5HoD5rAFK/+2KBUQGWrBydkxIaEpoJBGmSkWblMCWQe+APWH6KjA/OyGTXRGXm0B61LwmBY5xiGDhGiVN1ah8NDORoz8lV8WryjUEKR4YlaC/3n3FZoldFV4+veE88fn0orkYAYYhPfeoTP+T9nvlxH/Lc/+o3v+i57/20+uKf+z/+5Vvf8ciznvbEpz/pxud++sfVx+4w/cjPv+p7f/znv/dHf+7mzTM9Bw8dM3dKJpVAMAB+6POe/ZHPf+5Hv/D9P+pFz3vgxrX6eOITr//wj/w0TLM6ndTngdETnhJMu2AcdCEgjqtOTzKAUbYrpkCgQRnLVmkKHSNpxlWd+tF9vaVX6Y5ObX3Kjhpb6I0saF5CAp2EhrDtMx0o76ncKvOt/f72tLuT9/VOSoq8cEMIygZi25ZplYgGQHRsyQLqG0Ri8MPtrku6hTrZhFzf2t07ByzxWy6Xy+VyuVwul8vlcrlcLpfL5XK5XC6X6zEVti/HU8/TgY4K6Lfp9WHFaIJGJ4CEgbCHA3MnkGsNvNBUykxcfy2Qa22c0xYiZY7UKdm+BG9fa++WHFZDXEStPm7GDOvmsmFEMK8KLp3WsvowDKebk9M08gPTSUhjHAbmTkYM5oghgQ1kt9KLsFovtrs+KnSS8RZWBlUvjiMyh61aym6aLi4vz/eHQ8mzmINoCk0UDERMA2JQEAI02yQKCLGulx4ZSpTaffPhMB2ymWeYUYi9VTAWagkbAJ2BMPIBWkk6GJbB1w4SOgMaeKGQRlFvCx0LYXkkyWflQ0CIPXpJu08YGamACx6hkTr2gF7oxm6oQN3axCaQ/ne334TiEGZwwqMVLfsGo2IvAuxIq/R2BDeRoU1oOTw5KFgTJCUHhUoJjV/phW/LHkFrSanXmudZkkbo/OystngcN/U8p+MmpdQnHLYZIU4/pc2ixWNCft27oMXrhMnyRIQqUo8TifcB84uxlhUxchHbGXMP4mwWDsrJAvzwYgoWSsIGI5BLkJXHFi0Dm9kkAXRiqo80JEzBnFw04QSXTsfj7JWW03K0wnChGnQzgHtoDaa9m98+zkTrJKS2tj7lYz/oM3/zC170/s98+pOu93c++NDN7/6xl/7ky1/z4Nsf/uw/+5VPfuIDn/zRL/i0j/3g3/Jhz/+0j31hffzv//0f+Z4f+7lv+o4f/LGfeUUdkDIHHhle54wLfd3f+FOf+NEv0FO96+Fb3/Jt3/d9L/6xH/nRn7483wUjjMS8xDx2eE4PyIYhIIE7Qc15RDJgCpExSgQNy6jLdTU2tGwiuHKvalsItJtt7w0SEiRuU3o1C5ziJS4/yMSN7NgiqTpE2/HO7vIdt+/c3O0uSp4CZvGEUU+WduWg00eItLuX+pVpQStspvFZ67nncrlcLpfL5XK5XC6Xy+VyuVwul8vlcrl+g8jq0GhMhRUD5cvpoYEZSnuAJVFYVginpmRmTUBtTsqBJFtHvU9qQR9hCjBLpI7Yb1DHTJYK5JKY016Jy3fuzXPB6rTrj2hGiQTrbNNwYzw5CcM2bcZhGGLapGEzjrVIO9YqfC3V1iLszA4ERkTYXciR3AzX9kX6xX9swAVp3g83QXCDBuHUCn8p5cDEycXZ5eU054n0a/6KD/CX+COnbXCuT5AsGgFQgrAGzWukRZHkXBpiAod5PzF1wtCJ9kCM96jD4gqesFgKvbx6E7C1CV84SmJIkAMxvOC4GR1rZUeEeTDHA+wADilBodyJGM4AtMq0ebRoG0Jrl2TGNFcckhimflrtyrIQJ4ujgXxWC9zCiGhgjdibSDFbLFiULAkN1+BHxIKW74OJ77P+PIqXiwErnPfRs5p6koxMQat0txvMebo8P8/sZYLb7cnJdlvnT51EoLgJ01SkZItMGwZpxOtlFR1zZChBfbASR+CYyQhQw1+wJUOp90OwecAnLK3D6nLJnNBSF1ZtAuZQZomqIeV86nOSuKTEVixpSCFF6X01/mkeNOrt0mdamyfwaLSacLYqfkPLZvWVlxTmKh/+/s/49I/+wPrSYZpf+to3/+jPv+p7fuTnXvmaN4EsI04movLwIze/7Xt/7Fv//Q+mgB/zoc/7/Z/2cb/7t3zM7/6kj66PNz340Dd9xw98y3f/6LsePqvvrB8IBX7m5179lBunP/BDP/sffuCnfu7nX0l5At4lYWQcikcPhE9JoDgVj9gglkQgff/EJzzw/Bdyk+ZpthkvxJqOxsrBBNbH73aQxAFFuRN2+MFCmn6kIFlUOE+BOJkwvFnOdfbXnQ5xQri9O3v44uJdl+eXOWdesrG0BBxtAUrWV6dGEODdzJq+Bazb77iJy+VyuVwul8vlcrlcLpfL5XK5XC6Xy/UbUgIDmN2FFAxpZb4hz4XUfqEUwy84UUfydIrwJVxOndnXgqGTWifP7MOQZ8QS4CDQSQ6LpUnHTppfxCreJlgZk1bPvZn2MSM7mOsICWvVfXMybE+H8RSHkzSexM3psN2mTQojqvcDR+OghF/06vPyzX+idQGXXSyQVsVPsQyQm7bv8WutdC5lPx3OLy/PLy5qqdoAGOs6bC0U2iOkENSPQ2EWDZQhLeUrt8OROrUfc+YenA9ZXrGbVSLDatEm7P3XnFXML0BaXsvHKSqJIcQJhiTciZqGrOq61IJ0LFJHDkDSZ2ywuNitzgfmngLmgKIYRQsFolVQhxa2Gc0QBxw5JzYnG24uF7wbAoHNtaEZq6D5rwBgd3cQ65Oox6TECfdfLd4nfoQofE2t3vPs0QAepS2M6ek+PfwR7uVc1FOF8jxPh3maDod9bcy1Gw+cnmxDL5rLULWoHHNtoUbSxDYXjmfomqDCNHPl3qZE7T0drKU3ZMC000gYnSLOQbKemFepj1nmFVueBCWshBqqYzvENI5xTJyk06ggyHqjSmn1TCo8mjWPEh/pnkePklP5jUALXPXZsPuiH3rZ69720CM/+8rXvfLVbzhcXgg316gocZDRRcgGQxDn+fCjP/2KH3nJS//q6Tf9/k//Tf/17/mU57/f+/xPX/g5n/SRH/L5X/K3ESJzJIRf//Xf+fVf++0lTyXvRwY7UpDkLg7akvAn4NycujLrM18r8o/8DEJyfN4X/ZE//AV/sB6/4mdf3lPE+hCqtxDAvUJn+mFDhdrSNBwMeRuUnRBDA9Vsd5CUKVBnoSxTcSKYEfaQL3J+y82HzqZ5N2WJsdKNWtAvm85BHbJaO/DKxvrux8VxE5fL5XK5XC6Xy+VyuVwul8vlcrlcLpfrN7q0LBmapwaZVQK0UjpZsEh7pzAos3qcAB0EPZkoZyhSLS9SJ6e5ls0D1QPqNg8dHVmXTBecAuio/mjpJEcvROViCkfGjMN4fXNybdiehvEkpNNhPEmb03E7DhvmPSTXJpqthdREj10b6J41eE0Vav2wbqt4tbAxyX46XOwuzy93u+lAYhZAqxYGLVVrtk6IYYl5oU5CaFlbGAiRYA3TNM215N38ArS2WyCvW2NYEPWh0U6NSkjUS40xDSmZ64l4nIRgKUMA0BuK6lhDGjJUGnFCWniWpyWbptmiWPOD1qvpyD2jcDqPHDCcZFVu7WQ0CALVQ0W7QnOP2mwwPxmJzoEW9sFuMRHUWcWglIDm55FCM3GRA8sTwsbH2C2U3u1qEqIACfvw5OlwudvvdzGGa6fXttttSonZFQwrMomJm47UKEmzdB+s6KlOz6yhk0OMupSUqqGGm1iQjlTb1eJG4ow4nSUjToSlLpo6Odi/RQ0xmLphkCgFCkITJY6QCpIAJAtSMlBQa/89qgjJkB/U8YF+2Uepvg5+Q2u1xFuay5G7xk+9/PUv+blXl3lfV6ME2Mjy0vXH/R5kssmn64ZWNKer3Ll99o3/6nu+4V9810d+6PP+6O/71K/5Z9+BmfPDOMuqxFBK5M5m3ARlWkWJpBIQjH75jb/8I9//E7cfulnH8O1vfPBLv+B//eW3vH0I+ObXvulLPu/Pv/PBtz/paU951vu+z+te9bpv/6ZvD0as1cVAlnojm/HVe9P7U9Qj8Lyq/2RBpYquQZn/tBBqMjeCECSyU8iCF/qQaRLBTQKczfubh93Du8td7SAok0bvoJoM2XRXTx1ZMKGlFoFhZR15ak/FPI5s58AG4vWV03N2wOVyuVwul8vlcrlcLpfL5XK5XC6Xy+Vy/UYQaiUarCRoFgca/mFkgzIEmQwmQLE5KZJMw9wJZ4HkA5QMFiLBASGR02wKH3DiSQk9TUEqsVrWbwTGusK4qqYuQEgvRwpMQFRLuZHCJm6ub65dG09Ox83pMG7juKmPYRhSfaT63igGGa0GaogJWZW++7iANcD8LXDdjiulT5KMod00XexrFXZ3mGfjBzTVxMADYQLYjyLyQ47beSTOQzpObyqXORdO15mLKmu3BLP7oA5m8L8ctdK9N0BfDxaKIQCG8CX13hk1kbCO9lurJiM0+wvrFBJbB+ZOwCxMyErAHeDA9llsNjhqBiPVbeRCCg5uAAAQAElEQVR4GENgGsVSxDSnXKmHxzYMzYkDrFgdzPpGboFPJ8V+iq0J/CoEo17UuyXAYKyJ9IAc61k6raKN6RFCzUmlyO3neZrmeaqdP47DdrO9fu10HIbCyBQJmFLqNLZzoMTr9JtBvWsky2PSVvVJtLikVCXicj4p6KMzrx5lWHxO6r8zMMVQpDtzfQ7AC0gMMUgiVeKYQmTsIaVU5xK0DCKMy4Jq/9jVW0nf/l3IGOuKfjM2sd59eR/ffbzO45kNoPf8Dtvu1NWEHXN4QhkoJNk6vIQ110mMQjhHjMmf7ulBL33Za1/+stcI3sXLNvLeREy76epljxNC5oNI2DOqO+OPf/9PveTFL6lb5zYN825+xUteUd+3SUPZT6/5+VfXkz789kf+2hf/NfVZSnFgvCjG0LaF+9wJaQZY/2EVdNXQPdnsSefkar9rMxdth4h4IDifDw+fX5zl/e35cHu3h7qlprqzRl22jeuSTlgOez4XhW6TszigEOHRPeDS++9ZV41qwOVyuVwul8vlcrlcLpfL5XK5XC6Xy+VyPS5kbgiASpygcSektAZY7Idk6xT+4jxDJ/xaUeKkeZxMQPUxS9mciYRYKBhMYLEzaLRB6ZYXaGE61hAtm0MvL66qjKWYWYWaB4TCfh7Xxs31tDlN42nYbOJYXxmZNqn/JqUm9O6k9ConMZ8Ly0g56oXGv4T21f3174omx0jyyZTzfj7sDof9PCthURp1IfEU4m4SU9DQihCOv7/feoDdQMQ6RkCTLMxJFpZH4BWrC3Odu7QSrabSLGYnDDCwKQihFKMVveD/E/u7oIEJjcAwVMH60Jw7UFgiGZ+89IIYk5i9gsZurKxh1ECl5Qjx4GZo7jd8S7l3rRBC2G0LzOWDqPeusDV6F9JxiGYOgxqOEzQiJ4jfikwUxU8gBahl+Ng6t7skqJeDsDo8BYWkKXrO+qnay9MhT/M07Q/zPNX3DymenJxuN9vaX3mesfV4N/aR2YIr54a1AQ7dPX06cyKvQMJiQIieoEjmSNaKvNxQFrilrpjabZxPpWtxCGFIYYhCL0U2OBG6RnKaGGwwbqChNdJcY06ulu9tDax+0Dfb+rKGXkWr7GZt5O4HnLxHL4pHlcvzWAib/wxo/zGzFCOkwv47knEUNB4Lg2JrumbFC6rOzzpCYvoTmCDiWVrQIqk4yCrWiYVsPBTZo6aOeU78IyTN1pE3S0AUexrJ4NfZV4KGRynXVjfcWJ+jeocEieeKsrxtG+3Y1vFd6doSqxKwFUnmOdTRDp6HWGzHR/NzCeLFUiwhCw6Fzii/6+LiHXdu7urC4b5JFBNZvzBag2tzJ72+gGh90ItwJ7UBunR1HdSZfJ8RwSMA8L7jdp8fXC6Xy+VyuVwul8vlcrlcLpfL5XK5XC7XYyjjB5r1RccCrFpeGqOQS9HCeC2cBiq1ZjqL/ckBFuik1jNJMQVBE+yxqiOSekWoh4dUQ5UToFYAxvaRVqcsWk4l893gWmzYxOHG5vTGeHp93J4mdjrZpIFjZerTMNTCL3V/B1p/+1/dTZT3AGgmDtY6aw+2e7e+IStRQ735wzRdTtPuMO9n4UQYaqjv4tsNuOTpVAmAsvAQqwao1wn7m/APmdhyI2du01IWXpog7QttQBpjISkqUhU3zkE8FDS7Q1J1FgcUNtsIWnLuHinqRFLqYKmNR7FQDuNAhGXhNI+w9u3orcIOInD1W/gjBmemIgeS2KPGEQFTQsvQkEQQQ3ckdkSBFmsqqJlKktciNzpaso9E56DEM+mtit8DWGSRwjcGDBEubi5FHRta97OTzP6w3+120zTVH+o5Tk5OTk+2m2HkMzUHnHaPzRuEetJOadPBZkq4Ym8inMqSYSTPKWT7hPrXZOSq+wziqMLsQp1SzOyUKNeXxJIwYtqOcRziKH1i9y1nkTfYCBA2ignXk9UmjQ0ZHiXLQJvbj8pX4qra4jES5eh6934/PMa6uwEyDY9/IauISYhAONS5pbCRzCPdGISAqrtcXaJTXawFZwilvk88Z+oszSizrbnP8N7DQ5t0pobA9iAEdUOKzJrUk/HiRwtC4pgnXtzsSyTklQFhBdRVSloqqzCy04msSGhTm9SxaUXPkPgOKSiowAqZd5WkO8k+WySoB9pc4KwmNhvCHHCWxVt3o8tS3n7Y3T5cnnN+GlODFGLbqUMn2hY6sPVoFkYLOkvIC79AZ7JCgNWyaTdLblricrlcLpfL5XK5XC6Xy+VyuVwul8vlcv2GlhUwoRfZs6EORmjoK0Vyc7JAJ5oPk8XmZIJ8YNwEJqSZiRPJvgkSZhK0Xk76vxXypZBrpfyjmrpaNzQDhy41fxDCgI1BarV9jPHG9uRJJzdO0/Y0ntzYnFwbtqfjSS3LjuNGUi6CfM0+9C/Pr8N0lDhR1uSKFwNalI1VQfW43m0tLtdbnvK8m6bL/e5ymg95zmLZAurDobYgnIAheRzmj7DknRjQw44W1KxN5vpDLWXP81yfufYdzPKjGwfAqkCO0MMoNIOGYztCNwIxm5OoTiHaY0mxDkIz/zDIJsvglkBZ+I9iJ5XGplZmD6G7GqDWsFeNsnGZmZtho5Npng/TvkEnRYEhDhQRpw55b24eKgbOBKlMazepewRDJ1HSczjXhKETkoJ17fqkhhNc5hfHBzGKiGqUop3EMTYcjFOHPGrx3lJveLZO0/7y8pI7fZ5rn42b7Tikzab+s1FsJei8s3MVBZ3aLRfrHuU7Vk4n2I1NUON/Yn9FeyqxFY762iAbytQ+KAmmQofacczbBNJPcRxSCEMMQ4qjHCSlf0hag4ZogZX0GwcFfeQUADH7lD7fgfpSakYtv1b+EEccBzzWuh/EcLTalw6U0BeZigE6ZWS9zNOc2OJpynUDgDmHwi4mgVLAHGSes++SgXE8KXnoCtTnJGRGYsSjTuuSyAKR+B91/BEnILMAWoaIf1sYB2sOIuJlxN5JypYRrF1G+m3x7iKTtf8os6cDhB3JIlgwu6inLyHkEHcwXxx254fDecnv2N851NUs0ULFrIPA+DP5n1YuOMs22smm1c2sOaz7j9ZjP2tcLpfL5XK5XC6Xy+VyuVwul8vlcrlcLtevXoZhFGEIuuuDmlZwtZyymHOwP4dmeyhxsocyAelzRoEYBCZgYkEq3N01wOrdXDMFqcSvMBToBg2rCvmitTtDqQXcsBnG0+H0JG1PwuZ6Gq/FzUkaxzRwEkkalP/o59Cv0pd+2pVfg50eV6hA4zyoESe9gyYql4fDLk/7PO3meS7KImg9NUjpWekTDBpJE4wdodYI6V7KrEmeGTopS/TFuh3LLSOsLDha8Zjr1fIJyf8Q1w9mF4JQJup3wi8FOyFR9xqQrs8c45ORaJ1o0bJ4UMwQgoZodOxl7dcCYFkj7P9Q5jotDtM05QOph4x5YUAS0ARh0NwQUu8I43R4nkRoESZmsRIEo2F8JspEYSxD4kWkP8UHhX1k+P31QsEQELkcUxaZy+ctz6jl/ZR5ni4vznf7XT3zjevXh3EchiEIBlRy1vwgMp6kkRpXxn8hbq7MSZ3b2PxN7JU+WukSJUIpSIAOG2IwNTJHmiOzJnFMQdNz+DlgYucMDmIRcIusEdSsJah1vg4ptoEBgZDWjher9bNCqFbL7Vcv/FW5pDxOpWPO013mDxlBBkaJCT9VxMsnA+YSCtRHLJSKWDmVINCJsFCgMVEUURCTuksxm0J8LDNpkFMPunL5U6UIYheo7xIdbuKDYpNSf8scne0OzRFKm0lGmciapObX095j7jwoRkHYNpn2WePYMNa7mSnsiW5P8yOXl7cvLy+hHOoajcIOQiAD1mL7XFAeRx4IK0xwIbL0x86fIN5v5q1WncvlcrlcLpfL5XK5XC6Xy+VyuVwul8vl+o2s5gkicQekpVhg2GQGcTfhfAnOBeFjiZqZiJQ42aEU1YMVIDFoYgsXNLmWikulHKQsGVFzVtb2J7Rux7qCqR4S9pt6tEnD6eZkm4YR4klMp8N4Evg4obh8hNCzHbT4KqQHdpLGLAyk9ioGEoArMoNATS9aCbRdecr5Yn+43O8upv1+nqZMAnUIKBFCR030/3VdvmeStOAZjijKmQN12MuAJGYGKSVGRAgtieZK/bWFpUCzOuDetfQcUUoJigba8OWTQCfqMKNFZqsFk1bQLStJy8ZsOiLjomk1CptoDAZ2p4xj0oDU94YYxJnzfJjrgzEaasEe+rZSS/UTV7wTczER29hGhXSULJG+12ZLmxm7YPRELhmkKXVYqWTp3SCpRfK+0MGitStNs4bgXj7sLy7nOljzVBuZYrp27drJyQmb0WgoD2CKgkaV1lG0SgxhG5vlfq/YMchAQA/T0QMbO5QpL0oXg5EjRTAbJW3COG6HZL4mtQlxMLYnKEwiiUfBYCNxpShmXWPUlDE8agskN66dQYvHhKYZyahCM0JpM9Icb/7/7P1LryTJ1qaH2TIzd4+IvTOr6nzNhrpJUWjoQggSIUADgRpqJlCCZpppoJ+lHyANNBCgsWYcaKaRRhLIJkGAt25+fc6pytw7wi9mi7YuZm4esbMyqyrrZPXX662oKN8RfrGbew3WE+/rjhjRZ9X7AjWLizcPxm9oW6H325c3INO4klsPr3deCtUkhJ5K5OxEz0AmTlJ5wYgYaU7k4SX5VRnI40SWBX0byHonD+SeQk+jgWNvAmZf3aMomQfk9ss1Jqn3XnEB/PFBwI8mHtmGZ2ClxngN83lKuxjA4o+9+BtVqI8RE2omPYDlsZWoLX517jUvf1nmH7fbT+tyzdtWekUpZZDWjZ1ZStsJOpE1JvAJuQGJp1GnIzTndqRPaT487owa/vNlegSe8NtnOJlMJpPJZDKZTCaTyWQymUwmk8lkMplMJpaUL2utFiufkcnOJHGZNImJBSKH7OBKMArOiAuQOcrm2g/olfAA9apgP409cEEjdIibeLs2DLuDQy1oQqMeYgjTNJ2HaQhhjLFsnOI4hUgiw4/BO4nUgUrPSI22/TBfOqWuEKDZM9KkCt20km7dSCndlvl6mylYZ1vmtDliXII4cLggLiMNO2k2J2I1sBMwadvIF4RCadjipJb+m9i0YC+tIuQ6aqGOAgh0IqBGZIBCLsp8QSlyU52bk3E85MyRMxKehHxFsf9IrtaktRoNB6cVDrGRqrQ0PFeHBfXRKAdTuhBFBKUl4W3dyHmEVw+zHAppbKUun5JfV/GBQacT6iUlx0n7aVfK8GCoInjHHiBeeBQZjfIncppJYKpIzu9rYpEXBxfQ6jXRNFta13W+3X788FfgpJ7zeLo8PV0ul8aFSFiT0gW1n1Dfu1ymu2wQbKSUr5LdaMaxQlTqcePibcyaZSLuLdEHyoAahtPkh6DhU4oOZGkc7185Gm6leqegWMX4vcX7TSO8QcVU3G57IuusdkXvq19kdoLdAN19iO7X2J78OlDgi46qxMmxh0JqO1Fb8AAAEABJREFU5P0vV92C5JkntBk799D3G9k6ldXpElKaV6KFDBl9Qp8xIpmdlKkm6ERvyPInIVUeM1mbgOc8HeJLAmbeTQC3vNvjeL3v5JGrKwvVogeIe8scpCQN89oF5Tb20cj8JLsLvvJyo3d9pYZmvmP4lqe4HEoRA6ZoyI3oJW1/na9/nq8fM92sbhzL4w05PEwNkyRrCvJxwhnTaYtRDa2wZ7X4Ces7mqYl7ugjiOxkUHOkPicea326g/QLk0EnJpPJZDKZTCaTyWQymUwmk8lkMplMJtMfQVnzUkDL305+Ni8bbG1CBdksr425k/JaJFKH01iQgkP49/yERKASIxw6odVeNfUAaKVKtWvo8m5A6+vKpoiVgCAqQGkV7uTHZ0rVGc8wPcXpeTqdh2mMhJ2EENTWge0JKkbj5dwCKLTkF+oQl5nlEImxUK8MaQ/o7/LL27yuFKyzrltOKWXumPqM8Hv0wgY4337PT0SOmhdwvkrmaCLM67ZlZQz0x/9Qg1GUfunK5YIeQK0mK6EiQT4UxOIjsRmciYNOUmWEpKDJJGClc21o3e+LxqiEC1QrFAm1Ef+XOhFKmjjnqoNFqcmnLW2knNa0lp45EKRFzDXkHDS6Za2UyvsgNXouGovNCRMnlJMjZWQdUPpc3FaccDNO43iy99DWzk4UcR26DRAZVtAwE91zu97mZZ7GaYhlfYyn03mcRsfWKRy2RK3xe4fcboajYUfV84LnR/aRkdIWMOvThYo01xXsXT6ifxcYJWEzGk6AAs4HIj8XHiZpjZObTZaAIlYCpMhJ6ynZZsLp+DoOeFIUoe7gO+cJdLu3j6uLR/xj3Bepd61QAKJbPG1dfvrov6kPRV3eHfPQNtpL04j2ryT1il072AcouXKHJyLNfELaJo8TJJoko88cEMUYBSFSZF5CMBVxUjlHfsCV3QZipOhVbgqPOovqceJzvfWx9/5gUsvXbbdbQPX9E2Mi98AMMSLVUDsn9ib1vuYmIyVYAVFojLaBRKiVZ/ni8nVLf7m9ftyWV7dtFA7k5RFOo0SGLJ5tqJDcTbAxdMqO4Y7USbMAqy2VzD53FhvQd7hhdGZkxWI77X2nWy8ZU6w3ov4/o7QuG3ZiMplMJpPJZDKZTCaTyWQymUwmk8lkMn17ZQ55YNBE4QGx4uBMGKJJkhODk7zmlKAULXF1eSsl2lJa9GzywNVV+nm/lNKJYOBTd0VwSaLhQiPKVUkoFU4tp1JsjWSGcHGR6ASp/Q8+nMLw3fT83XB5Dqfn4fL+dDmNp2mYYhzEc4KrkZnrpGIbAdKpJs09wQpStOAHqLV5p9YTihhQsM42rxv5k2TyQCBcIAjjIeBH0GQdJ4E0ILQFUQ1sEECuCZytk7Lb+B2rqUE5Vn013O4KIKfQAcNq94KSc6MXoAAdCqwphWTptDSAwz00ZGU33dgL7nQtbG4QbU9f/Rc4lyhLONLu9sJsTc41i6eUqssiWJeUKLZmXtbEUNHODLlmmlKK2slXgwayigBHuT80PVyd9yGKTQiIEwiV5Wkfz7YRzDmwqYuMrNbo24UEb8lsmUPOKR7SthTNy1yaVVo6DeM0TWWcoqdwHyqgi8ECYIdzyIhDq9nrNaiazshLv3yhuaQwc0LAUqgjfBjxdlA8v3uW5lIuEGE2wcmZ95Oq0Uzzb+jOIhRBs1hxd8Yie+6Ua0f0xEn9BPZD4YFY+HLBr7E1+QZC3BGTeq/nQ9MlSIfXdDM/oqWQiDgpTzkGTThAJylWEsvqybzchDipI8mOPRjYxIRZKgxMWQhJwQu9smOKmOxLqpIirj0FsDNpeRxtNa3pUB7UJB05yd69wxRXRxb1SoEoj4Hy5H7N24/L7S/zy4f1loPPEk4GwjMRZYJiLVJ9okr/4Ng2qJjem0ujsXJ9Xx769QsXFfS3pMB7zmQymUwmk8lkMplMJpPJZDKZTCaTyWQyfWsJboK17smeC/KbearCrmRzQokwZHAC8mcpWmpiS1YfCClq1lo3vFUMbJ4L+oN8QhGc+KN0dURs/gmMB0DguJEphufh/DydnuL07nR5Nz5dxjPl7JRaPttk1JgH3H93j9gidRpUIufGu+rlo3sAl25L7XVb85a2Ja1b2UIuw3KjvPcMfrSMFS9F6NYLcRcRj5ONqJUsaRhuL7xqE9Rb46Egu5tSgLiYeHZTIX4hcISOWLt4tjFoffBS563BIWqD4CS6h3gYaFkt4mjC0TBAoTYNf2jNVOIFOViDWCTyOEkcX7PO61IGxXNYTuZsG6gYBDJWIxX55t1RGhk8xOCYAimXQ18BDhpMZnAYzQihWz1BatYS8dPaVl1hmOfJG240yOuNdL2Wj98/v3//3XfjMMjq3u0ZmGba12JbK1253++FcNjdMfb8IYS9jp4fiua5/yNOp2lfWB6qd86DHQfPa71Yuzp0ewLsza1te9hy+1mxnb6uMYFixOLlcf/P6S3njT+e2pxiy3nRcWvuGIwp8cIhjybe3Ogr8jhRaxNIZcGDzwTHMXFCBiUhlRUsbB2fT8muHAmNYisUxszKsqaVzU8x78Q4SPdXz6b6bK2wSIZ9NdZu9MwYtjXCs0h3mtoj1UCpSs4415C19lDmNCp6MQZX7r+IFI61zjn9+fby99ePH/OylMZH8JHJNU7RCcJzgfqK1P8coCgmye4WAbbdmo7MyW9ShdoqJqacojOZTCaTyWQymUwmk8lkMplMJpPJZDKZTN9WHC9BMTpcAk3MWvCfmFJakfJTNiiV/bxi3pg44TwKqnFmzaVBtc14rICrf4hr33AoAhcNCXTABqxUZcYoODeFkitKfTFRSMUY/CnEsx+ex/O78elpms7DOBCrwNYqeu7e6aFat1Q3ATGw6NsnCSe6DVpRbTYJKec1bbd1Ke/rljZiRrKnJkusTk18USpCCr6AB9FJJIgmaWIR3BX9H3wNQLGErkn0xpk64qoSiDsJbBkiA0WGC9h3n+1qam8cJ4cktnOhABEOpMA6MSgd8VCr8n2Bmf9kEwhqfaJxKD3ZUk7keMPxLkqOkEVCy3iRHCVOHfF+IEcWII8TIKCEXuwPI9vcNepOpHo97eCdWjP4g6GBWtDQBekLag9ZzQAsayZ3k21bl9u2rmV8ztPp6emJBqiOoj+U9VG6V/GmuoH7Stg9Glw1iKisiQNNidIv3G478Uh/xOYN0VFBWcrm7uhsUef+qDoJn9DjNRtr0hlfCL+F2f2DVoVMtO+8fLAyPm63/eEHg+AbFFCU+X6QDSVOsmeDk8CkhhfiJGOUGB0mONSWhL2DGDqh5xS7PNGjsFmh7PhSJU76FqrxiX7yJdK4Kc4B0n5lZVAc7heoZAa/ERfjKBeIqK0QXQgzpr/cbj/dXn9aby+4Jc9pQNFrohiyRxNUqycxfYLDI9phl090nIS3EKivrx4h/Ftcz2QymUwmk8lkMplMJpPJZDKZTCaTyWQy/ayQM3T4nYMmqJKZMCdK1UkLxeiwx4nLi8NEqSk1sQUYOvGfK/z1LiauFkahRjPIfz1VdCXXxgtIAUw6lEJwqZieY3w3Pb0bz8/j6Wk8P03TJY5TEFMMtTnJd0RJxT4efxAvlxZaZbcaafkjTnmANa23ZZuX5bouxFqUkWHyw/noOFhHPToIguitRuTKSerY5AtSjk2pERnH3/03T49D06FrqvAbQa5ccRNghiNI7gwTFOVLbL4kzIp4Zncyt4OgE6pSZ43CkKgczbDJsDucEJkQIPJEqCUD8TfOrdu2rJRfs6aNjSIEvZGgJE6jkWuVw4P3dRDJPwGIOxljHL3iJoF3juXFtWuKJiLjExgkrIjtIfYwnRq/BGxQQSE8oCt228prvc63hbwayMLkfDoPw3AepyFGBqgSu9DsaUE9j+H3FQgNQBHYpTmjMOyjsyY8Ul0w2Wm2jutIj3sPkahsz53vTz1ZLZ5D/013k3xKnyrt4xECaOfBh2X3D0g7THPfd9y775TIUqxKKZNyk3KGTnkn1oSeNfJCR7c4B+t4Zk1iWRPIbIYgcnnHWaLG6FCcGAfr0Pr04i4CuEfdYN+G+ijEt3mTzuak2wHrRWumDvLqFW6v0iu6tqodiNyaFA20AZRH+DxfP6zz398+vMzXxGla7HPEETp8KmJnUCybsHsQSQO+ZAnhA4kCv5IMuT9o/3/G/iV+KbBjMplMJpPJZDKZTCaTyWQymUwmk8lkMpl+P7GpCXESasbRyrJuo9AJeq2YV4cruA2EDNFyJhMnnNLCBhUe9p/Zuzd/wC8BDn1+SXvXYjubiDiyWUHBKE5x/O78/P3l+d3p6d14uYyncxhGAhg0ngW7k2iPpCaLzeWku1xXfCfXAIU29uZK0XTDdJ3XGxMnBFqwpQeE4NhbhSNuNF5H7S9YmUcwkQkIvdELKV4nC3fgofqhUMUb4G14APQfJ1fynOVDeA23fGAuI0jOj1auif5xtaNebDmcfItiU+J0ajXZg47ydawF8IF+AtRJAShkI2+cELSmdc3riuW1kVeNCzqSIHgKeyF4LAd4dj8pp48hTH6YYhyDcCfU9EhICoMdVMdnGxIyLBH0hJxLhEPyilbswEAZVuoFJfZgWpcytLf5dr3dUloln+fpcjlNU4jRM7jE4T6VpakuGA81ahoQlPATpUwYYtLUIaipOk6xDdroIAdCb9pShrtsHUdAgu9DgXR6XVuScu58QEygoQjVu0MjWdpV3F2kyKcYFPc7cibaAsBvmG5yR5NVuqx9L5RQufugwR3yVEicqpNSw008oydqaoJkZ4KUrUPb8h4wB37eidOJB11JwtzRii/nqT5JXjOu+icdChyjrIlD14XmKPrmDv1onekcehgnE1eqGiPG4WZegRZ9HArV51PmcC2AFGLyMGP+uKx/ffnwY7rdILmJoq/KnS3GRC57Wm4BWvv6RzS20dtb+PjU/do6Lt/+ie7k/yLYvjCZTCaTyWQymUwmk8lkMplMJpPJZDKZTN9UZHOSMKE4nRB9wk4nmDdMGxMnCyBBJ81WwNd3LwkOYgWB9Sf62FXMHwQ9BuJ2/wG3p8lQ0bOcOfpwGob349P70/O76fw0TM/T+TJOMUamMLx4m+DhtFAdMrBBJ1LTRd2rXUR/Jk+dBnZV0Voy9X/ZNiJOlnlZl5ViecgvQBxYKrtSMYAuN8iRSwyJzU3IPIZBHrmkwAwSZOPYf2NHbuCAvaDk3UiSDoEahGsEqD4cILgP8qWRXTfowA2UmiBrhhYAwr1M0Ew+OiyIiRnnXGMblI/I7IjCLirkarKljbxeEvfJ0ViVFuRcO68kDXucCHtSyvfBT8GPYTjFOAQ/ILubOBwoUkfHcQDfYoq8jo70p0w9CHvRhoedY5LYtJTRXZZ5XubrfCuNGsbxcrkMwzANgyfnG6DgIRouVAMXdN0I7+YSPO3dmmhTW/1lJAepi2BylRM6eGrUecwHnIkVD/XwT90PEs7UTtqtrMEDOCoAABAASURBVAPh8uCjUj/fTw2tl+C66x2olK9SoxeOCvzvyRx8VhVDcN1TQ+ZjfwgJb5WdRkRl4enIQInCdBKGzIjJlgOW7ezLJ8jrz0k+Dt1m9Anyky6jepnwAIupSbkXQDkp7O4mdPXPPbtJU69c7trcq/8EUXdrz0pEhaYUIaNGcdCOw3rjK23GwWRAXi7lThjH8vz6kLaPy/LX2+uPt5cbJDhFfVjIE41zgRTx8nq9cL/eYB/1+u4BHlvufrv5SLeumvfPm3hTpnv4my5Ck8lkMplMJpPJZDKZTCaTyWQymUwmk8lUKndb4l/PbyiwB3J8SVrpRdyJeJwk9j5Br4EvtagqCS+Y1cQENVACtVy41w+lxgn30Qs12WTnHjRgpVR+xxifpycyOJnOT+fnp+F8ms7jMAYf2FYC+WDIoFYdLC5OEu+R28/ioXIEOaM6iWj0hDApTNpwzgwdCrhu6UqpLfO6rkl8MLwgEuQ8EkJs3Im4aWAVjSNL4mky7AYEpYiLPVAg6AkbxDRPA20qOWxQ9wP4GJjG0Kwcr6yJ4BDUGeEqmlsCemjkRBuN7Krhh6TVECUkSIuCL9CneVCEjZTF2U9hWVcmb9bMuIlYuSByb3ZGQw1sqPiesczNCO48DFMcz5RzU8YIphiiDwMFIrFLjAPihnhokK/IJIpCN5mRoyy9AxkPKqenlNblVrSlbVmWcrZpGE6n0+VyiZSnw14QIIsnN4qFc5Q0fSRJ3T9XT5e66EIdxaCMCSoF4yrGJF4V2BI+cvNBaeBHM4DQVczRK+1mcJ9WuyfgjY/hZw5p3+UjYnIn+MTn/9qrAzI4VoqxNyfTK3d3lolLGkJDRB25m7gNYcuhLNbkAqBPBJ2Uz0N25NUDajgjFiKBH4p0p0INnAJaoIEfQKALSO8w5T8YQ+kBpwbhPbITFXqqy43XSs656ya/68pTckaIEzHx4dgpJUjAE/uVyloPfnWwbMvLtv203F7W9ZbSRqweCC+IisTI0wakU8jIByr6Bs0+pt0HTuAZOkTvN/c7i7i2XHrocvVzgooLGnFiMplMJpPJZDKZTCaTyWQymUwmk8lkMv0hJL4mbHUCyCEmacOUKNCEs3XKDs6pyYVYLnho6RC5gQewR5BIefKhIChhJv3nWkjdrT6EAChXiODPcXo3Pb0/vXt/ujydzufhNA5jDJGCWZgEybtZSPsxPLj+V/HodqKlGrFAMxcpxVmhKLg7iTJvXOn0sm7XZS6iPvvgyxU9CxiZYIcVhiHUCwDVI4bIHc7WqdyJcw2zEZcOKZQ6da2AxppUG5asRgWOiIyBMBOqAMvYcuGbHRYkKKfF67hGnWRJOJL4DqDydKKyuFg8uNTSYvjEEt1TcZNqGsG2D+qTInYv5T0xlJMYRlFTDo86kl54kcCmODh4NwL50zyN43kYT8PIzhFu4CyiKIlETJFERk8Yh/FQz9pWh7o88HLKvCrKsL4SClSK52s59HI+T+MUh1g0DAM3ONcKuuQ8NYuJ5kEigwatVh2qI4ik4GiMTl3MlRjgErucTqmdZqUBdRpl+bUEFT0y7jzQW4L+P4qReCcAF7gOE2FSyO0ldoDPGJZUd503LuD+Yaje4vU2a5vY7GHUjqe8J04L42QcitTZsNz3lKSTMSLGRLgJUxjgcw68gPg2JcokoL5rjI5XzANajI7rOC/Yp8jVpLIDeLKrfwiC34mTty09uO3qREVEIKKrz1J5sghxUnqQPKeilc8D3FL+y+v1w7K8bMtcDhPXJAp0SvQMlVuPLy1gF0GF8oxWdKYtxLr49THrBXZTom1n1mQuPoU9/TJBdb5CRsA4ygqqh5X7G8AuJpPJZDKZTCaTyWQymUwmk8lkMplMJpPpS0XxK5mgAuTKPWXCLDlxqo4E65AHSOUbCDPQqi4IA+E0CgXcwcnkE2VxOGyh68ATPgO5aMAA4TKO76cnfp3P4+kyTGMcIoEKXF11VEkWKwuQxJdGRLRsna7OjrUMX+0CuvouSKFUHFKopLuQ1szFVaemIAKABKE1QIgNbobwJQKaJGJOUjM+UXrBVV8NtYjZ4QHUgjXu4ykOC8ENck3meITSkLAYX/tTIQngaBt658o1VthCjVfUA6LhL5qqo8YtrtITbG6jLiYSmpFSXtairUXp+JaZtFfZK+RRXgQDbdG5cwyXYXyK4zkQFUI2Ldy14KqtCg8JXwnbwDT2BpT70OyktYzntt5urzNZnFwxbZSkM06Xy9M4jlRCx3q26gXR5dXUBVltJjwzJ1per1+yi8xhdXJqUF0nWtPfGZCKLLkGDKnPTUq6Qz1bfKvcDg8f8viSZ47TRu6pOu2CuU39J4QPJ7+7/7z7h6HmtnHM6BLApLEduu5pWihJx3EyDr029IleFKyTXUyOPU7EtoQwCma7CL0QHMPzKgXlmJwssqDXxH6Qd78aQe+0eblCaQSHVFgP4O1gmgrOYB8rozuU2zBzwk9SXymN7MLqcUKpOt4nBxvg5t0tb3++vv7l+jLTs5yOdeIFQ0shyMNJboTucVRxpe7JXAfYOQVovFxsx2ke1ffpZ+moz0hJmCOIszsUAeJvObvJZDKZTCaTyWQymUwmk8lkMplMJpPJZPo6QtyINSFGAXPe6M+8lXK/cwu9E9ORQIGTlieCgN3v+jtyolf3rYe3P6cqp6+FWqqHZozeXYbhu+nph8vzd6fLOZ7OYRr8oFEzBEGIn4c6T1Sbg4p65McOSgoENtcRNtcQ4gCw2qFw9kZ6fb293q7LtoIPELyagxACQt4cQQgQNcKA6nHi6itrG1xzPajOIABdfVm4h8x9D60uKyEXIZILSAgQGQxhPEKsDvYsC681cdS5gD1BhrY4X4SNVyRbR+CLwJBFxy40fxEQ2obsbqQOnVKa53lZFwIp1PUAGRxxmici09fRIqVJQ4iXODwNwxjC6B27nhRFscAhyCXSkFLRmq0lJOTIdcAENrsHakNe13W+3ZZlvl1fiMXxcLo8X06naRyKKAqHSRkBkcRyh4kkTkHhoBWHXWN13AU26UZSBrCOZ13h0rZ9McnndbXsYIAsAXmvu+lcx7fWfEN3foXyW8zKJ9Uq8v9wXCH6PJ3OVQa7twqcsTlHJo8TitTh5Kcyfj5hTJyhI8QJ+50APxBgR6jIDYdvTsa+nGxkXu28sTuAUGP0sVjbRisS90bKw6XZsPSUyZ1HiOwsm3nvkiQ7OX4xLccOS/w8iRo/pUlQmAOUR3V5eN9y+svt9a+312veyPWEbkK6SaUF2pT61K3XxnYPthsyYz/2d6BM5cXuu/N1QBBE7A19sB/OuoP71XeSyWQymUwmk8lkMplMJpPJZDKZTCaTyWT6esqUoUMmHVw8X5lBWR0ScQKwSamzOUYoFKC1eSm26i/m7077hsfDoYKp+3jFM8AzfTJQOMvpeXp6Pj09j5fn8fQ0TNMwDhzMop4qzSwE78wmpPr/RvZCl8LR/6AfqpkFHbdu5OxxfX1dtoXgjFLb9b70M8ToKRcmltJzIHzGZ602d6BL5mAddjxxCnk0gmHP1tHqc19rroPCVirEpgwxEHRC2ImvvAgfC+qDIuEeDrBWjh2ZnXCvvNa+qR1uz3lp1eGsm2JWoOYXHAGCZAch5jBlMG6zer2IG4q2QJrQLQBxBAEelsHDJQ7vTlN5L7Xw8hrKO1fEvVbGHUE8noM9NKAJD5YpMi1A9E+5/OvtOs/XZV1KXyCn0zidz5en83kaBqZwtIy/r58GATiBSnI7r1e0Rs10BJHisa0Dcly9x+p5xg4g2qGGh0MkbolTg/Srt6GTz+iwI7ueIBz9S77wVP0h/yAk7kHuPoDmSCEgI1eoazmzx0mZ5S1zeo5Tg5NMN3FAsjmJtOCy2plksXLSZCZf35mwE+4E6wpqt2S1xwEN02kOHHxT5i4wpzmUgGuoiutIms7ppL6zg1P91ilUJlk4EvlVnhIB6TlNrOACbnbplraP8+0v14/XlDa5D+hx5OuloTPtAdihE6jf+Daq/A71cSfd7DKE/N/CPqeNCVYGp4cWTSaTyWQymUwmk8lkMplMJpPJZDKZTCbTNxdIqg75nJQS5Yp5dYSerOR3UqqxXkvuUn+UhBe1jHBaeNX6aIuSwUOhu9X0D2YnoJ8QksARFsFRIfh8mp7H87vp6eyHEcMEcYrjiYJ1Iko78C26BV0N1Wl8yRsFSdwPIGXGNzIft6W0btu8LKV060Kp43LsSqnsBq7sUnEXhGyowRO9dQXDJpj7gBXJ6ykHCh0BaiKiPhetdRXdIbiD83s4wofDe3xtdGdMwrSHhFzUCQDQKYDmQqNEBja4hV+MREiuDl/NaXFcXWCAvV7K1jLP67yuafE+lp1zrTmzL0n1NqgcS3B+KM1GfEcpSPEpDmMZrVxK+czNBN/V6LnZ0nmOMmGcg9I62EOBa+tcxd629HK9/vThx2W5lWuM4/j9d9+X93GgvB4xSqmLipcPTzvxL8rZ3E99vjNnafNXV4nvA1FcP2hOMRWhf9TQhAxtDmdkld7WSdWkp3g0t+mnvNejPwTcv+P9qq+9uGvxg8uPfHHfsc/osx4SBDo0S5/PnKddswEKbe1ra8uN8/NnkYOY0ELnuqwXzpZR1oxoL6bBcuKRIBIMkoOUJE9nyBypg+RuUibI58zQCSEm0THKIZ45mR0+mGvz+uCj9UrPCsTmL4TymOONxPcoYyuU+rM7h/BRiBx85WUEsKFR2e1T4fekmN09iekytqDKlboA8Tuhx0RkAI7DcUIewuLyS16ubvvx9vrh5WVJW/aQ+OmjS9hrLBnfLJISBgD9ylLzIXd4WsuAM7rltWmpLnoPb0Inhw/xS5gngLvl1jnZaFP4mZF3blEH8gtObjKZTCaTyWQymUwmk8lkMplMJpPJZDKZfmdl+o18wryktHq3gaOEnVLtrAU+2N0hxFhCQROJg2G7iBoNIxYk4sjRWBQBJJykj3BmAtdzvVoDlJpv2UwQES7j+H64fDc9vR/OZeMynE5+HCjUhbNlXHNV0YgYrekSJVOdLFxjPLDCAHsNlDAHhj+alQXZInAle8tpzWnJ20a7BcckRPTRh1g6HZDCdahXjBtQe2vNvVx+WefEPjGtus9lWSrJyuUafMBVaSeeLjp4KIYFwNkYPtJlCMzwPJJUjGbrFKm5OkxeCYksVVdxVFEbA95VoIjWkgr3iCmBxx2ioDQORo3oQpLFU/7atm2Zr1tKPHtlJUAqtXtCbuQ8BKuUJpb+lv+So0l2Fx/O0/CuTNYwRAJQXBzCOAzlIFf9Gph0EayFjCfEGQcC0TwME1DFfl7X6/W2rdv1di1K1AY3TdP7y/PT02WgbJ7SqLJQGZ3BtggcG8TQXGppnwal2pyAuFbUUZAh6CrqILOZxJOmISzJqT+Npu1IcBK/J5l3ZpFCI3B4Cts60+3ovoIq2/I3ra//HhYS2f06teQasQ/JHJ1Q/HUvAAAQAElEQVTjlYbQu45gDyF9MuMm6Mu6TmW9ZSDiJAcO1qFUHZQXCj3XXlBZCS/8lT5v+PrVXMgLTNYRNPukaAP3RJhqcSTLT21KKjO3sxT1PxUUk6SripZxV2jglA2DBmCQbwvhJuXJ5fKG8ILbx2X56/rycb3NaRNohhCvDHWkdLjkCY2PrNPeHNiRq/upgLuN3081OwnvKBaTyWQymUwmk8lkMplMJpPJZDKZTCaTyfRHExEnVErnui39bD/RRs670wbbCfQuA49eDS2a4d5potZYPbbSf1c/RY6VIT+NNHh/iqen0+VpOj9PT2R2EoYpjFDpgv7K0H4Mz+Xa3VwA32xEbcjxz2aMUuq2y7pypMzKWTGOC7ZBMm4IjqAWc6iLVoM5q6aMWkrrui7rQsVc5ScqdtNdav8df0MlZAgYzfFeYA4iMKKna3ke87A7l2hh2jvUaBseAIm24VJybkON+Y2f/+9ZSHeDwCY3OWtmzLZuyzqXuafiOjcwKyqA1ZLFSQZQ+U9wRANNIVym8Xk8XcaR8Bx0QwjjOIYYFQmRLKBKBPGp1KIgZYJdJPfntsy3eX65vs7X27pupUVDjOfp9O7p+Xy+BMC+vv9gjNANtTaTrtF1V6v8vuON6jwegqNwN/nIAspkIXNy1iJ4nVzPeU9evSTe1leBTv5B6JciCp2TTCVOZLPaq9R5QiFO2NdEw3QcR0UlhkVSLi8yL0kJiDgBgZDKPAfBTRpfwgAXoCJ2UI1MHO2W9Shhu1yjmPCz3YL6vFP/JeU5js8nrAE2+hjeQZNUs5yw2qTo07Msu+CT91vOi8tzzh+W219vHz8s14WHo8FVbE+kkCCqaRJoHzuOSUN2frY//ePjbwCd3Omztjomk8lkMplMJpPJZDKZTCaTyWQymUwmk+lbiVw6yOZjzZmcTkqBttQ+6y/5d7xjdxyQr+Bt74W7ciTV/rMGN7S6ZveDeS9og3cwhuFpPD1Np8t4OU+n0ziRV0at62KNj3HVzASr/O4wsscy9PEje/u7S7ef0Sey91gXIk6WXGrThFIQUxFCLC+1wgAP9Vh2vEiZE3m2cuS6pkRkBnnD+N68oI1Ah8yAVzxFy8ecciEwB0Ak54/g1YJBL8bjTM4l4uYhPjFMPiD0o437gHRzIYwEiBWHFNJBe+OI7HCYxL6DRfzMugJ7iei48el9DZhhYoYGKBJtAYMnc5qn8+lpmGLpAs9jjHEYBm2f09gcKbeLJQjXwbm2zoKM67a9vr58vL7Oy1yGdhpPl9P5NJ1oGZxO5cxlpNvquat2q28NwwMNKVHuBt1u0HJ/IO7rs7ZUwkZ0lpko4MykTWxs2OKFE4PY4ETjhfahfqMKb9DJo/CLCJTH0dSoGgSorBnb82hgDPNLQMxc5ugc54k1oUcDsLUOB+sQtCU2J5Epk6B+J8jsF9/DQn+gZuUIqVHvQwmz2eknvHMJgdyRbXWxgt7efBKGlarLiJo2ydpjMkSQP7obnaInifEROVMmmyNK3QKO3iIQJsAN3DVtr9v20/L60/y6EHQDqFlguqo9VPSljTyo2Qnq9qPfyVszV82j+j/d7yvoMcPD/2/0fwXOZDKZTCaTyWQymUwmk8lkMplMJpPJZDJ9c/Hv67ecV8xrqXJSPZPsMvbCr1b+xOykfaowAfiaFdFzHk5Ca/g/vlRBJfdEarN+/80+2XpQmdid/PA0nJ6G8/vp+bvL0zlMgegPthiRKI3q+AFZis/ZabCGpPYoz6HXBq33HhwxEBm8qJVWJipyylveiDhJq2P7CodCZUCQ8BSvhVYKusiKYqDk9CC2tB6pIaNWRtXXwKPvuBBk6obZEb0GnbvsIWQN0ycMvFS2xUkSDefgEO7Bly/7ehDXmVr7FvKmHVKHwOkQcHFZcmLomjJPKGExqbzSptjNtm1pU+OHKqpvB19JjtJUunoAN/h4ikN5PU2np3GM5fOUBsZNRrYAyRLPpJV1HZ4sAUdByaBUrr2uy22+3q7zsszLXD4+T6f3z8/PT9+Vs3nO3Slt9Hs+EZ8uVygK9ur6vmIx6c7BtS8/UR9XgAHUBaVyMiwO1WFhFluT8u4oD8mxwYkaWPxM5d2gE/fABWT8vD/IW2epj5O6meURwFlI7HSS0G0MmpQXJemwl0l24tHExAmhJIG2MxMn4LUp2UNDGORmUZ8Q54THIAJE8sKa7woc8DI8dhc/teDkQqDORM7JDc47l40EBLNt/ExJ1CF9CqtPUbn76IERnGcPF3Bz3j6m9eO6vKzL63KdU+K1Cc2thVEWX31bKvri2sO560FFX6Drxp3uevQ3IU4+A5Xg790Ek8lkMplMJpPJZDKZTCaTyWQymUwmk8n0BcK0uLx5+pE8kQj8m3+EnjVxtMXuHJUrUfeKPvbm7fpfM+3wDYNofAphJaUmGi7j8M6fvjs/v5su5XWJpwghMJHC6TZ8ZeEmXMM+8OfzFrpwjsNuWD8UZ5A1bfO63NYlcc4LATFUglbiBI5dw8q5ZIU2OAyDrVAcag6Ndo5NQWrpmQGUrvsCtVDPSwm5Yi1etpstByBHhUiTs9SMeSSzmobo1dikAWvW0GEE1OEE9uHYiZPENEXKad3YrqW8UXf2GB25hFdnEqQMJGFQACL4S4xP43Qah/MwTCH4nH0IZE4zRE2fAU/chtI4WtMONI1srIJ53dJtXl4+vtxeXtK2lcMJWBnH5/PT6XQaKL6HK/4cSCS5PFJ+B+ZXdpaHCvhSxs+Nw4He4KGbwYc1KgfkaiujJyzjsm6roAGlIzHEOMbABBRirm4Pny94/2sJnXztGBN82JA75eeGr0yB65yFhKdyQmiwNRLFHTEWRCcjbC3DRqxJYITNZxdzZuMdvnMYLyvnoscNMpXCD6ZQ72h28EEQqouWbHY7ydQgJqx0XXbKZ8DetboYeWXqOmo3v4bcVEYi6TFqJcTuRUARZ+AS0Se0Qf3D6uMjT0DC8Oh+FOJkAfdxXT6k+ccbOQQtaWOIz6uFCd/JfTDRPuYdfOIqqwXwQM98Y30RTvL7gy8mk8lkMplMJpPJZDKZTCaTyWQymUwmk+nzymkFpBI71TypSotCTJCo5L+HKoD+8t+B1jDfqPn1xUsOqaAiqNh4CMTg6qFc9g2nGL87Xd4Pl+/Gy7vz0zlSqk5AIhsox6QGQEAlDXJ1CTheVZEOgS9qg/Gudon1ay5Xk0/JvK1L+YcjVCAGKkyXy5KrhbbT1746tUehM2y0fyZOQyvDyjugghGgjAnugySFXmE4QHchD5HAxi9irOJrlIZntKJ6QlAN2Uu0Dch5QExVoDZNJqXzKdAh8GzK0T5o1efM0MnGyTHbtt6WJaOCKyANbqk8dEQWk4jSquhcmZfB+8swnIdY5m70fgzqhxI8N5zxHbcbNADsSST0n3LJeV2uy/LTh5eXDx/SugxxuEzT09PTeTqV7TImmDdEYXKk2s8QghfwaHdzEd4mZ+FycluVlIHTzaD7mfgQcjeBjk0ilGjbJG4olfMM4xCirAhZY553ytC50rTVdXfuiF9GcHxB7RweWo6V3vhlKt377D74Vav5jdPhwUg1JarDIO5bVGZ0q6DGsV0Cm1HcEaMhif2ONoJOfHYhYWSnk0DcSWabE1d9gTgch7K4MDqIfM/46p7k2RVEHhmEnoAEdh3IOrpB5JaTZ4g7egKhXMs1IEyckORLWqDMo6DuKA8HvpIEBXl2m3KYHC18dm9JvObKbRUFO0mYQ7k3hnFN63VdP67zv/z4YXZpznRI2ZOeLXQDhtaoLPcAP3n65dMTgv08w/7Uwq/Fn3x2JXV3XlvPzbQK9x3Q1QeYeEY5A05MJpPJZDKZTCaTyWQymUwmk8lkMplMpj+KqGiZvSvvyWsNvvltaInUq9WEFv70x/dSUsRanD0Ynxy/ZWyC3Ur4D+JafPQxIjxPT0/x9G64vDs9v5+eT6XID6HU+Z2G1AStgzLwIXVJeT+anUjOSXMnob8ZcFFHE26Mb39gqeHmfONImYUJA2U0JEJDDmc8hC0Dcq0z01Hzui7L0iiTmvvhxL9E6sme6ROt+OqIoeAX0XsxOolEoJBvgWQIBXY8oAwgCNzQTFVy6YtWurVrbDfialAHj4k6t9TBr7wFMs4ibRekpLyXPmu2TqJcIQm1kWn2O13EDjNUw85KC2WqsA/Bn4bhPE7P0+kynqYhikfEMHjCPKCFHbk6YJU1cm7b0rota1rWZb7Otw+vL6+3GVI6jePlcjmfzuU1jRPnMam/DbEEhAEB0ziK4IDSRUkK46AD7aEyN0I4lamS+SSDDGxpUK4zPUFo1jkMOuQtZSr+a2jOUBTjMI6cquOOjAd8zmiHDrB4HZLyX0o7oat5Ru5IA71xCGsP1pEpzBnEk0kMThKhJz4pdEIvhMBwCajTiTAXapMUwQV2EAqyKlUCmojFE8ModQ03VWJrp6f8kdgQqATeNNNBNUPB3VtHEoFyaUsCTAx9lbek5BSUhQfKvpHlT/ZQ1js5Ky23l3V+XbeP5b08uzzZv0AI+zO5g3mc8GmusYJ7M/7AwMYDFqZP4UYBCfylXxl7YjKZTCaTyWQymUwmk8lkMplMJpPJZDJ9e+FWyp7kQSDgRkNG5Mf8WrEUr5HKEnzyVPumPxQGBWdgLCMTBhAclKrqOQwnLO/ju8vzu+npVCr8PkayzNB6vUTqtHgKDo7ImiVzrPq3H+kL0uGq70jfOPmxPMMdbk1p2dZFUlSqMwqy04niJ9B7nACqQQh5hKTahkNqhb4kCYfCMNSXpAZrBE8njxKlA05sDAI6bS4jJvQ5cR57obieEcTpA5rxC8CbQ9AaDBK1of4nwlYQVpHIJwK3nJZlWddFjGtqsI4Md6lhVzsW5wNg9EHadgrDZTqV13kYpxgGH5iS2Y1lnFa2seJJnIRCiTqY0jbPt9frx9t8Xdkk5jyehhieTqdpnAjviNELPdTMVjSWCNweXqQTXaer+bugr0u3ruEakFIxqToM+0pltodsJSQticv+dFjwNHvE0QTyOHEH1xx8y4NjH/a61Ej/pkMncOA2yFuo95TBZgR0/0TBhmc0xwtksxBgDxDK00FK0qGNLXtCTzBkjOR0QsRJJE5L/XA8iFMQZe6Axn0RVkKXza2FqCBMPap1QJvjHoA6fKO3Xfsf95BHEj9HCG/hPB1e1+VWWHGjnm3k4BJ43cUYKQsIyGHI8ROpPHleCTdZPszXa9qu28pmTaU/QbCrjDW9TAkzvaLcio0+ebvxx4Z+7YilLxe8+f+Xjl48fu7hs04qJpPJZDKZTCaTyWQymUwmk8lkMplMJpPp9xYwdKKFemYI+GOUkj/oRlephD1+Zz9J3fD7aaWgXNN5oMISdEIffTj5cPbx4sd34/nd6ekcJiFOgF50GmwRHMwYiIeGEAw9bgGw0wB3repDIqSuLBBNypmIk3VdqXS7IwrQHEskKYbhARBDEYcplQIxeprGHQAAEABJREFUMSePPZdaaY3OAQVLKrzjdSSd9g2Q3+VzOVBgCzJVqeVh1wf7KEai0Ak2l4i7odgHhKI2eAxbnRlxS1lzYzhYp/S+bLCnCUK1ECHcBsELseJy9H4oFXDO+Bi8n+J4HobTEM/DKN2Ty8CeyyGt4ukgxxaarQ1zGep5ub2+fLi+/rSsSzn2dDqfz0+nyLxJCJq/krOElkDnGdHQBej+7Ox1HEejkCGEc63srmYZcFwNFIvjG51CjSMiJqeV2aMQyvobCDMBxU28rzgNtCH/pFq0kzYDwJxOqklJW6WA9a7EozmHGI2owGGL0ULyNZJ4GsKDIJG7ic/kOgTqcYIUppPckCnQiNYBMlbCjIfemdlpeJXG26B8Ai3xpvF0PdHWvINc8+6hBxG4t2xQXEd1OKY81CHJCxlFH7DpTiLQhO2liHvJZGGS+LGW6BEWwLPNScxsOESuSR7K4/ll2X5cbh+X+WW9rS5vZXEzwcZZRYrIQXWiagNcW78zG+jcHw3TqGNPiwFqRhqquZZ+zs/Hip6pfdM3Q2NMJpPJZDKZTCaTyWQymUwmk8lkMplMJlOvUv8MzQqCzR9c84qAWrZXv4xSQM01W0I/Pwgqg9FqnwDqW8BcBVKB2EXnT344+ekpnn54fv/903eXOA1Axh9aGW5uCF4yZ7QKCZL0kreMqdqnQNca2Ss5JRC4DVB7Vo1XHOEXadvWLW2uy2rw4NsJs+5InyemTAieII+TDTmLQ3JkXPNyYazEV6yGN2qVmuASMT4pvcmUp0Pt82UkJbXFYyU1cu4iafYhJfZBz19/2E9+K5ox1OYh1/5iC/qpc4oUpsO0CeXH5LV0fl3LuFK8D9XgiTQpG+U/ocwCuZsItJKjhyGEAWCKw3kkZ5JpGMY4UOIMyqBVXKRWs8XKAXgONkxrSvOyXl+vP738ON9eUloCuGmcLqfzZToNIVLMEC8Yj+gDdzhhSzlJ4uxSJxdazZxdM4BDk5hdqJPsEbSGLQ1rxg/cMElWoTQS3HgQyuTyVGIMw0BmK5EzTcDrCtKlCLv/w89V7BsD9JWhE05Puv/wSywe8G/oWfH2tXbvkIyuZUDpKNX/uIOvCQhxIqiKfJ5pn8Q2J1t5IYEmKdOKSfQKme6iiBiRQ7R2xwx5kJGJUEDlF4CfKfyYyUKcgHogVWMQp7gI0XHHPkGHoUBnxOJ29q3fGzpOScGWzPfuVh4kTNlsNCgcYSWRTiHS3eVD4gVc2r15N6f1tq5/vn582ZZbuaO8S2XBR6gYhvYVfH1a573zMrTV9KdxW5+aQfet1PnfPOA8/ImvmJJzb7rjmEwmk8lkMplMJpPJZDKZTCaTyWQymUymbyb+fbluKy3S+IGa2PBFJb7OnYKruruPgdQRSyWX/TNgDPE8TM/T+e8u73949/3zdBljHFyIPnb5Fm8UFqWoz/4UVCZmTwo2rsh3Nie4Z3ccGkjacl63dU0bugYmUKQKJ9J4oRXcsQxaiRO68puFWWpHc8ZonAsjN2Sb4dg/BCEQfYKejWO8dLVeBDITFSgpRlirq8oWHM+qVe6WNMSHQO+ycjdkiSCbLaW8prTSJtW62RCFTgIyVUy3eAn1ACKAIhARUl6nGE/D+DRNp3EY2ASEp1cyeSrTI1Nc/VdKy+ZtvS3XW/l3Lq9SNr/54E+np1MMp6FM+amU16NnumMvzGPrq34CkAFD2+E4odwDMYBR94MDm4F3+UrUwfJ96X6ZTBqFtJaVFGM8n6ZxHHm9UqcI2ZGgnW4UmRqQoX6bMbj7/OvF6+Av+NS91aajvmq5vjfjOfxdr46KQ8mtqyOMeoN1K+dwRnE3UZJJTlL2zWJzQsE6npJ0MOQMmQGUjLwkXWA6Z4dLnNqZyIJlH6d6R+k9hupgI2Ykx9HprTSkpbxDQ9yyNrh/7B2HQ0ahDUZms5OU6WmyOc40oyungTAowrvGOMYQM5+w7Jw8bOBe1/XH15efltvNbRh8Akj1Gt7tBkgNx+q7AXdtagTV/s1hY7dG+bll8vaxn9j4UrWnnmurRUkvHg1Xc7z8Z5tnMplMJpPJZDKZTCaTyWQymUwmk8lkMpn+xlL6AVrVFWpYDDMe4i/C+2R8K8XGOS11Nl8AX4EAPOwAHKzjBz8wdnD+7vLuaTpHDnOJpfCKR7SCi4/e+VbpxyaHULESarP3cNca/tK5LlZC/ypl6ryljZ1CuD9OmBPvqfLrPHl47EVk1Io057CklLsMEBFXQRU38bUoCpVcoTK3k0AcSdVhSMIhx8lgKw6jZGTU8nUbBLVg8f4hz8i7Q0tACJJGvfQDKMQJtR/J74Q8Tqj6D1jpFokvAqgIz0btLMXvKQ5j8GRMQpDQMA0DRe1wN3NXaxc7CqytLWPKYSH55frycnt9eX29zUvCfD6Np9N0GsPow1AG2wevKUraX7Hz0BAmnnMeTZ5+XXW5Lk8OgWIPHS+2MtUAQc7mKjuFdUnpqPlANhOEm2y0tEpLhmEcRiJOvHeKvAgd4OGuek6GGLkfWPeWZJ0w4pO+FDrB/LnyPL7xyR3/xDlHeE/DILwBgnxBiz67V3WA6aNl3M5wuIZp8KxidTwRLkcNLMRPhGC02mTf3eBI050TJU4RboLCl4TNBcwxQ1j5TyWVXGBDISLRUDN8yALHEa/k2dsEON1KrlfXRObrYBSjHxTs68FpQ6mHYw+FkIBD3zsaouIf3AyKyOHzpuyuy0oZXQSOkMlO2bPcU+XIsggHStUpu9MancsFxnB17sfry19ePnyYryuBM/o89ZpE4xWAAbd7THWw3ifmEOpz6Q1MBNsn+rystxwwMnic4rrkuOvQNuBwWkzuE81gb6cKJtFZvTxJcHe4kZmSdy+WRHruO68Zk8lkMplMJpPJZDKZTCaTyWQyOZPJZDKZvplaIowT9EEjKRz91l78I0p1WCq7XPILWovU6r6UOfWn9lyZLaVIrxSIVA/VK8UnGCFe4un709P76fmHy7vLcC6fDJRpApnLzORFwX4ECsCUKw9uXVepFFNBf0tYKtEemFrwVIn2vl7It4K7VIRRoyuUmSnNT2m7zfO6LuVMmXJcCH8gEAYkwsa7vAGl/DiJusmU5SPARhbsQWrlHLxRE160MFqK2ihGCF5rokRA8MDSSEYeZDIR4aZJqMihbu27wm/nbkKeKGLrwl9TIozYPzRrAM33kR0onYSvSi/K06ESty8dX9ZlK53G3GxYmN5wPKcSAETWC2X2KExnGE9jeZ9OQ6nJu9GHqFgOXVtq3uIqwfBKTmw+U7Ru622d59v848vHmXJByE0khHAap/fnp3GgwWZnCm2udxUdUlcdJ7V0XYTcWgZ0UKa0NtyFzvhF1wsK6MNOJTUoKgtqxFBLGY5lIduVMnfTOE6nc4wxEG7iMttq8FWQ96VaOSi31EArcLUe3hxxuvsIFlpaFNtU3suFvgw6+ULLkvwl+3XEw36k+z0Ex432dKj+H0ISEOOlES+KETgB0RpDxkd5ZQfUugc5iofCdIAjdXzZyM6XV8oBKUwnCoDCUVVMcSGnWEkkkxBz5SvkW5Hu5opC8EQq3ASdM40CNAJK9B5HrXfQDys2txBdIc71tijedTwZEAUDiZ8jM9FfaUO6g52YrlCmWPDMnkBgHx5wM+YVXFmmPy3zX5bXj/Ncblw3hRoW1AgrzdDqPXk+EzzDnkiIQf9onz5s7Cu+dgrgE2d0jQKRN999hfxnfjzsYVl2jJfugO3e0MeD34ddLmbEiclkMplMJpPJZDKZTCaTyWQymUwmk8n0RxDUYAaoxVSpw2rdFFoKjNZopZqs1dvmySEwSnPc4DNrUglfATYc/XgZzu9PT9+f3787nZ+nyyQ1fy9wi5ZtoeIq7HgBlAqTMzBkQQ4lKQFxG15yVWr5kQCQoJiH9gtrH7AaBOScrrfrPM+Uq8LlUYJNiF4JUMNxpMCceW/xAskCnVDmR1brCN5HII8qLcp6J4Ev1ecBnLjFBAcC4kDzBMG9s3u+jPwjQT+VO+Hmi60C18v3idtrxNF7rBOhCBA3PbEy23uU/3IRXOeEeAAFcnwswyAchYcYxoliPuLo4xj8GGIpoked6JpCkonsKGORmKfhkr8vl1jW5Xq9zst8u91e53lNqdTSL5fLNEyX0zTESF4pNAyZfBvoFJUX0VZLtTuDxiaJ+4ssTOmc8h/cXfC1y7JvG5nG7XAsDtWql3UtU8+xLbT3MMTT6RSHUagqcZ0RSw7XLcLuhNh7KlSkCXUN8d636/VG/b6V7XEcT9PpK8Xr/AZw5G9jBIF6Lf0ToF0XBeLIeXcQgaDElNyhrplb5GqHIvAaRedkytPZCD2JZRqzBOhAyBSjUxZQFMAh6zUpxYopKvZocrItK0yMccQyo91zjHNxw/O2t6d1qkNPnNuXqHON7UG3M277l5VKktVa7g96lK2U6UUGO4kHg58Qvjz8yn0HgVOtwK9l3+DLo+KW08fb8nFdfpxv13JQ6dEwyBA+gk71+XugYn5WX7QbPDAmf6O1dOc0w/+n0f8Z6G3X8pGcyWQymUwmk8lkMplMJpPJZDKZTCaTyWT6I4idRVBKtdCFZfS/mb/78frbAqc8Q9uxvpXTRvDncXqiVB1+Tafy50iBLeJY4du5NccBlRDA7AQ6yZjXdVU8RBkR3wwnwmO/+I0QBjqWkJF5nq/XKzMsZAGieTI+SNe1E0RfoAIm5IVC3Ab5nOS+JJ2hI07kBJJNEwBrwVndAiS5Q+rKcDQVALfHdLTjhDhp1h9+D9HQyXoDgKBm+4R7lAzV8FNat1LoTgTrcL2bzDygz+5hCAZzYEgo8HXLdEzDVCZmjDGyl0xpS6glaN8cEGrtXiABpEHG23z7+PHDh5eXMk2JLpynaWLiZIjBxxDVEScTIOKFAZBkJF+HS4dILSqo253BAjSghnxZ9Av/VnG8tsxlDdNJpW1l+3waS89CaU4IpX9yBd43a13bdSYXWuzuWRbsZk/WiCs9Lf2dlzkxDjWOFElU3mPptfvD6K4nv/1sAqhxKA22T4//5YXRsnJIwnJB72vCKUdeCClgsgskpmujSB2/YcgSrEOYEmXl5BzY9aSspsCWO3I6WS6gj5vMuAkvlGoARIJGD+U6JlhbfEBMHnqqh/eqjFyHudWOYo2lyXyCsgjLjVheWRJiEIMfgjz7gqdR8C6xL095X5blL68vP15fy4KayxITIC74lPucGthXPvZv/utN8r3ewFC+zKXn57XzSccTdrdfR5x0TKLOvLEnJpPJZDKZTCaTyWQymUwmk8lkMplMJtO3Vv3ZfubYlJZkIMr+i39A7ypmoW4gxLKUijH9M/jhNEzP0/lpOj+P58t0OsVx9CGIi0ezUenKjpkjWxg8AcyCgVCl+ABk+N0iQ2uX8NAx7lsiCCLf5ttWTlKTf4Q1UZMM0OpldrlxHYmzaRJHx2DnpMHGGFmJE+6FlLYlFQi0lo3strf1yDAAABAASURBVEB9IpSDdhC4RporQI0DiZepo9diZbxzyp5Q8VVL5NVtxd1BJ3zirFfna29U46aEFwUjMiEg1a2By7gOS8E7MisDPBID+HEYhhhLNZx4oDgAG7SAhPXQPtW9AchZJfP0sP1Mvq3LvMwfXj++vr7Ot5vAMuUkz0/Pl/MZeS4HT5yAF06ARoy9XGiC0QvDgk5GtbnFSOSTc215iPcNQltplW8SlxKsTA554fhQ/i6zXhq2prUM5run5/NE3joQJPEDNExFJgLqEnICGD1wGofbADnpiZKXUkpL6f48lzOfpvLPSSCKstMfCDr5ysSJbNBdlz91QXS5ZxLUSgTUE6QDp6AMIbK1STkZeY/Qtgs5+y2HRNAJcyd0RsrWQeBUHfSZQDO/ewRpvA7flI436GxqAPSAR2AN+JE/3HGf3t2E0ZqD9Q10uMcBSqrmLZlxE/qXvYDWtInfkCxwDvSK9NzgB2AZxORdudWScx+X24/X1z+/fFzLcHjK1CJPH2TsTjkvveinDE4QPzvRv3olfGW8o6fn7viVamckdk+ukXQA0DFOWKFGk8lkMplMJpPJZDKZTCaTyWQymUwmk8n0LdWQjd4QQCrDCkM4uCuwNuyjxVWARpzoCavBCdV8B/CX8fT+dHkeTt+fn8vr3fg0+UCJMFRM9fXX7Fr1B+IcuKifOYuCYjay1BqJ3gihwRi1PeSQALW2LLE/2mjuQzltQrL9WDEnaVw5VQxxGMqB7JkS+pGQvA+6ckZqA4pxgQyK4B1qGCIRP1Q6ZqcQGTpw2PxdHJ8/hhCDb2PiHtkY/hW/d4rRePGMqZdoSM2niBOt5FcLgNLmVDq7rIncTbDf09XQIY7Ugeg1uWZwforDmfxNhnE6naZTKGOSNqrjH5qk1/cBShF9Xpdt224cqfNTKZQvM/nHAAzkJzI+n89THMUPopx0GqJQODpodD7Fk4SUgYrdqGmFDiDPbk1R0gXntPwOGvMkFWgxlVA4SbCb8lbW0TRNT09Pp9NJspmc1q/dvto1KkotL2o5m8/P/ccueoXOj2RIQeYxOZf5LcN1OV/KcmpElOjbQycdSvP1T+2EyPiC89clX5eP2Bgp5aUeJ2WDrE2I9SLKxCciTiK/AkdvCa4VnITsqMeJ704fhR8DXWSE0Tm3Pwxc5WMQdsOezJY19ST1be8Rnx92uOl+ENp/eK2CGJkQbSI3XlkgS1klW+KTUA8IOBliGCYnqVSlCeVG87g6nPP65+vrX15frnkjMIojeNrjV7ySsLuf92HVNecR4TcwJZ/R38xRpN1C4g71c2sYnTmdmEwmk8lkMplMJpPJZDKZTCaTyWQymUx/AKE4cNAmfL6E12w5dk+O+mt0qLEbCq5kFOLku9PlaTz9cH7+7vxUNs6l7ErYgRgIMMfRtwaRbAG2rZEW5c9ylRjjNIwhECDC4Tr+0IdjE8VuQOrHGcvJ0rptgmAIM1HOg9XshI/pz0YlboI3+NLHiiedgIvaBE0QPxHEmYO+8hWAaONZPggeKM4FfObkELEtaYVhoLL3Hhyh4AUIwlJLyI31qCPf6JwKpnhxlUC2HqHe5lLuTg53N4EAOw7h2QgkAOWWRKYqxmE4T+NpnAjFieMQYmkwoTYUVFK6KBVyYESAPl3neV6W6+11XuZlXW7zfH19KZcZy6GBDFMm3hqCeJP4MUaxVAmEDdDJfHUpaKAGLyT01X+Eh6J8lngQfOWbZEzIYgOayQH7ZFTnktJCyRWiwj3V9wPF+wxDSGl1ek7c8Rn2VtlXENTxEjMOGrfqolJ2Jb+KROFB5HKylQUZKaUnlrMXESyVD8YfXwSd4Bd4U3xJxR9zhuNC+Z2FDzYn+OZOSpkoGiT/zWpLIxNHAAoTEwl9okXJBic5bBhTHjLQONYbjFxPJEwLFUCRCwuDwisMm7VJRYAyG4/Ugd4jgbLiRc3pRCmVfQQP/kn1BkIUQxWovjpeQDnku6R0aUuyVNLGd4tgLuVGIBshcngqD4eYCJkhYi17vC63D7fXn5brh3IjlQdfDOjVEgkU+aphPsLVVIKHt3bQ6QFoe3vi3BeLe6ob8DXMcjqDGd8AsT5lSXaT0b0jTnRb50qzdcSVyGQymUwmk8lkMplMJpPJZDKZTCaTyWQyfUN5tgZQqwn+BGoxt27cRx8oJOEkRgYl1oWdJ8QognNwEp32NA3P8XQK07vx8t3p+Wkg4mSPxejKmA2PIM6DUY8swEdmR4NS2Y9DzVsQuxKEHt5wfXlY/Q0IX8m4pHXd5oVQjOzU8IPr1MFD+xPJjMATXyEtyUycMLrBF/K7kwsVzcuYRU+2BWzSIagNN5W+zlIhLl+GSI3msA02ZZDSbVb/ETb2UJhCvE7Y3IBoFvEXaRVars/nwxTATpE0awYKu6FuJo4lSmr1wlRKHZxcDhp8YHDDRfBTjOMwTPwayxjH8llgNITKwDwmxM9QodwRhrNtZTCXMprXUh+/vt5uty1vpbXDQIEhZHESp8DgCeEsDmmMS4E4Zbai8OrugEqdUK8zD26ledS/hJYlZRh5BgUQxLOmBSPhjghhat2nRKF1JVoIS91//eH9n0p3PKWZ7IgJl7mhd+7BGjxEn3CPKeCFQk+UPigjkMg3ZZtv12WZy/7lk3E8TWP5Z+rXZNv+BvE6LVio/6RfJe1D99tUu1dBjcN3/UWwfYjVQcY1/oRwE+JL5L28fHae3gk3gS3HnGNyQ3IBc2TnEoS6MvTBJIubrlBjqBhDUYRIia36XBBySG872eHQVm2h0/ZV8yDou9WZcLjOnYk8kWjlAsVxYZKHRxIvF0HHwIVQbo8YyPMoUm4OlIWNm8Nlub2s8796/fBxuS6YtnLCQA5E2amDFDTIb2+DLn7wrXUCZ8jUuC/Ql66B9siDN4OmfuFSakMtT9j2xMcHHy0NTnu8tOuXlePcM4NOTCaTyWQymUwmk8lkMplMJpPJZDKZTKZvLI0y6QmO+t4XGuufrRpbU3Xq14DNJwVCpgSM8zg9Dafyeh+nHy7vnsnjZBx8DFRzpbKz+knU6rgTKCCRT4D+DB6RTUnCOI6lZAtiKqAlyXvkokl/A8//2XBbkyStJFddLohDCC3AxsspYDfOINxEmtCAEF+/K/8GoCgPsjkRlw7cPQYAs1AVpQodwA+ew4AaD7P/aB+laCw9auE3ckLv62x0xjNS4O4rs1BDjlyt5EqmDFE7bB4hDiFOs2KoHB8o6gfoX7KWcKUQPg3xPE3TQMYktUc8BLI2aqM5qWdL23ZdrrfrdUn5WnR7TWllTiY+P13I8oPL6uU0I80yleI9cphOeaGmo9Cl/e7iUMkbXYRCx4RGFOma4+QbzDqK0jfJO5L4m5xv87xsi0Ahp9P5/O5c1owQM/IPnznIWHGxmqfMuzrD2M0P953HgggcxGVdP758vF1fY/BPT0/n03kYT4KYyKTwNvaVc/dN4nXaEvkbFOOhW53NEsPpIGanZJVY41T3EE5AUtwkkQEJEScp+VzWR3lkULAOQScpM31C0zUgBBBopD5l6O5yQpzUdcNzgEKiaDt8vXpdZ5Tdg0Is4U7MoCIbutoQXYsT6zm2aka0O44w10bNSbxVerMlfmhovE45QogrWqBkihOGskxSeRp4SAAr4nVdf3r5+OPt5af1ZSnDQrem57Qu79QPaX8Iw9GLCaBPcvK/02wfaUP3K9RsgvTPqrvH95E4qdlNXejaY0PeoGFMJpPJZDKZTCaTyWQymUwmk8lkMplMJtM3kRYA5V98s4gHtdrPRV4q78qGlkXJSUOsKyjgwnPB9zJMz+P5ebp8d3l6f3p6N57OYRDiBLTQeGwFK62rVG6ZSdFYiiA2J4yMtDQWPeSt8jqbVDiOXckc1EPnTGxQIayHJ45lZzbIgCPL2TgTY2M7j6SpNGIT0hwOiIMhKxKqKHuotglcWvVseCKJPaG02lNIDdR0HB5ojcFRyod3bvYYshGZZtmnxtVcEjwAKHceFqXLW05r+Yf+m4QZ8a7SHHoIQSRU/A4xECnC0EkcyK9jHGMjcmh61cmC5xPXdSFWAMnv4zbfXilOZ12WeUtbOXEcKfaIrE2CICeBkJ4yPIzQUGdqVohntshXfxeoEJO0UfgdaACKc33/dhLKKSjAo059nef5drsllwKHA5Vrns6n8pK8jpqW02aRsAPuqxrz3BlzCB/BpBCuaVuur9tahrT0FJ/fPU8M6PDqQXbHkS7Q1PUnkb59A+jkbysGSuqc7AtUPUU0OUWTdLA6nSSyMynvkBzwfR428tUh6CQTPRGQdhDbkihGTDTfKJyUqzlMUJkk0MiVVGdZARjO1JH0nMzQksIv0BMnzXUjc/yOkkfow47UwZ6us0NeTtcPZFpM9EyjyCVGTuhMlVVjcil6FnrIxGBRYNSM6XWZf7q9/nj98LLeVuCHk1f0hcKGKH2sXub4pJSng9BFfZ5OT3L8dvUU0f1X0gz3hSeqZ+vOXJ/biPcmWvLaB7zzoXnjPG7H40wmk8lkMplMJpPJZDKZTCaTyWQymUwm0zdURUq4ROvAQf8j+67EWKuB7Cag3iBMEHC4TMugKaXTIfjncXoeTu+n8/en5+fxfPIxOoY+qgWHI5cDLZpqJEUqRf6F/EUYQWBnDuB4FK/XPYaH5JbP8JArwsQKbimt65qYH2FYhWGRwHADAxDinyFOJZzV4NJGkTocwoKVqpGkDikik4kJYyqNNsmaMcTJNWJvQFiLD9FLAIbU4Mnahdu5D7rnEaOXVwpFjE7U5KTZQ8DBzaXVvsX/oUm8YbJWYXFHU2SWBIUhmxNP0ATlfVA5fIzDOAxDLB+H3Y1CqRMqxhPLspVJoffb/Pp6pYiZbeO6Ohmn+GmaTuNYZpxOCIHieZg7gerHIKE5QeKMqNcUTqT5TaD0iBAnvCfWRJRDWfvO5QVptCFhvt5ut+t129bI4UDTaWJnnCDLYz860zwRv4A7aYLkZENiSxtd4sI6rVva1oWMU+a5zOw0TE+Xy/l8pjOX5ZEyBQR539pWlu5jrfxvCp3cWT58RQcIxANKU0dQiBPXj6bsxC4f1eKiOVvITcIZOmXe3IY+IUUrJYzZRUbVQs4EnWSO+3LIWTkQeK34nYbLXoEQfoZkhE8AEHL5oI+XRqjVv3eWC5sbBx4CiXZPJ9ePKig8g96nlKX/pe9kpcSxYopNeLZQomdYuRmCLGpaWIi3df2wLh/m1w+315flmoAivHxZWME3Fk1u+n7Y602h3QVolMlXm+jHEXxT+8p62KHdXf0ej+BI2+0R6JHRe3ys7yfB/lrmdGIymUwmk8lkMplMJpPJZDKZTCaTyWQy/REE+wYcSoHKlRz39oKmaEKKeA2IU4UTGiOGcA7DZTx///zu3enyNJzO43QZJ0/lYsrVcM71tcmysZWKLYVTJMfBJ/3lCI8IVL4HNR1R0IRzLPZa5F2BkoJ1Upo5coXjL0pVl8oLmg4nAAAQAElEQVSZ6nDC+/vGg3DBnIkNitahryjgghMuqsGLly5r1dkpdpM5RQO1QsygDDMy3ofqgbLX38UAodZJqShNjiBig6CJEup64nZShckPbAVWLc5KIgiLPFxKZ/O2rqXuvUnfvSb2eF9NU7j67ccxTnEoBW7iM+JQquFlIxIhE2TPZhyQmGJZN2J25oWojnmdr9ePt3lOOXmIp9MkrMo0kNMJndQpbkLciSwTYMMGiddRVgCCrDHYq9fVxESSit4uot8Vl0sfS8dv8+16u5ZvLufT+ekpUCOC4EWKDTH10tKWUGwo+vPo0qkLiZuwpbws5OVStks3ywidRvY38YFdLKB0m/KC6ry4TzT4d4RO3rxwB4V8nWL83VU6bsApT5DrJ4pe5GZFoztLjpG8Mj9emDgJ5HRCGTo+uYgQ2cUksHmIbwgSM0JAZiJObz3HxiL8nNIbsxJh0n9Btfr8FaymGtURxXfQgxInFSzBPbMGGmh2gE4qZefI0CTXZ5DDZdkSypOwtDUy2lbug5CZkcny1POwYn5d5x/LbbTdrmmdccPoJWBLoTi+U4jKcg3sq74+zkE1QaoT4e9ulk+sRvzZPz8hOO77sJo+7YRyd6F77qTiYPut3hMnGp3WT9z9ktYF5fDLOmIymUwmk8lkMplMJpPJZDKZTCaTyWQymX5nwf6j+lYlrDW++lt6j/tP0vU/qAESIJYnyAYHFEwRT9P4NJzfT8/vLk9P4/kynE9xDBiQEA32GeAaI9WPuQScMzEniYEJqbZ6z4YBXCWWn76HLlWHeQL3WPDHVgt3ZFtCxEkpBueEkgakHeJLBLp+Yn8L+aAeqr4JUgWW02rORcVxyhFeQj9AAi4UbhDghltOXzkpy9aCMTTLGBFqng53lk0RGEPpPATQ7ZYtdaagxXbs9gdcw6VoD3J0IRxEnRb4hbVY7yLDQBPlFA2e4RvKLGJTEGl04wSAkkryRqYzZQTndVtf55d1XQgLwkQVdQKBwjhRpM5AYT0gPZBYpYg0uuUcnlACqCMj84dBB0M7Ixkl4mrjxblFHR0kDsfVwJN2AAUJCQ1T5ndd1zJ6pxPFA5HHCR+SsDJQPH5JUQBZTUlgo7a8tcvBq9UO4rbldd3Kt1M560AmMLz8ynAxpMSYEbX6GOvxFumB8ZAe8htL5NDe+mo7PDbicfuLTn04z11kCR4urjX/3A5m4EuNZZCJCTUQagAIEScSqZN9cj5hKBucp1MeA6OAJvSSNCrgleQ5qYthLq9YCa8xOh1tcDP2e0bX7wEpgtrKioXpPbMzXUyO0YIBeTTp13J/uua94aCHHFJ2ZZUwJ+ZTxvLconwchpuIIwuMnfGtVVZ2uQ/WsrAAF0wvy+2n+VpeS1lmBOEEiJHPL4uWui5WLApoKXKiDyR01QpFI4JAoJ96J7l9wFW5vvtuvqDFd+33fOW+EN3naSW9Q93xWlivhfXmyoe9lVLR/wU4CWYCUOYGUHg7Xks1XSzjTj1iNXzCfcL1fyUmk8lkMplMJpPJZDKZTCaTyWQymUwmk+mbyuvP/HNHMjQSBcTFBNQOAEEsOlpMCX0vhT8MRBv4sx/fDU8/nJ6/n56e4/kcT2McyiHiMiGMB9fsq98AISc5rUwDcDkyyA/6vfhvMKXgsjShmqSIsDku7B/Vmmk5PTmnUHCFkgteABGiGQJRNOphosdBqZWXunHeL9AVs8k4o/qP7EOWXdY4Ibbo0FANpyAOl4U1/oadGnaDE+CgGemgOqAItsLDu9MCfBYpNqOeVdM/QoyEU4ivCXESaS3bWVKLxN5kT7cRrmUk2oReRJuE8uc4hJH21GGhEceUtsznStttvr2W4vi2rBuxOzmVa+Wyd2QnF4YxYuSMHumRz2KsIjVxXiGuVc7Jl4TJE9ASuuAAhMRgg5nQYf2u4kFcamdLF4m/oc6SoUtp3u3KH7rpNF4up9IcWlN6pmad4va8IKYedOYIW1FqQhgY5Ggngpn4mLLTNAyniRAdcZQpHavzom41DvowlkZA7dhW+eCrOZ1ABSL0BpVlWhtU9/otVMsna/cClGCHnLjWgnpPHFat3OeOiQHhDDJZlUDKsGW/YchAMTqZiBN5j+puQjtL3BRUDAUU75JrgdPbe/e8AFcpJl5lcBw0VICmsRuECkU5sk4VT3BSlgO0F3C08QC+BYUhS9mt7MkkUBxhSo7otcRdLY8sobqA3U2ItCkdC35O60/L659fPnxcbqtTzxfHd44+PegzWe4KllX4Sj2QiH7TT6BRItll9xkpdwLQ9vRvuODsXNuBMPqc7vZS/xg+fa5zBI35UdpE/ITqo5pdnuT/JQ527k2hIPXekhlEnUjEN/J3TCaTyWQymUwmk8lkMplMJpPJZDKZTCbTtxLUQmGlKloZF7TAqT+vd65VmdUmAOpv0ckOZPDhEs/vTpfvT+9/OD+/i9NlOBHZwABGruRELSDSi6w5ti1vWzlr4OgcSoFhdMGDp+AX8Pv+cGflcGc1ocXHLEEfyKVup44X0lEPLT9DI16wUgmYExmx5NwyK1ots5Zrj1YWFUmhvBgvQygVczX8cM0nBls4hpzWi+1H8JJok7XSXC1JcrXQaMVZcS0pO+3mGtwnam4nruJ6DuDglB/2WQhMnBAjMjJvEmAIA3MnAyXROOUyGAkqU7HMCxnErMv8Ot/m9bZt65ZWVGMCDBQdEsZhoFSeQGk2fAk/QCwDGjhVRwa4TGKtqgsz0Hwm9oo6tIwUcNWkQc1jmqFLPcIxFpJKy4rKRggwTsSajGMcpkFK/NKXPaJIp7aeROkp+lBCPIQxKGe7Xl+3bStdmopOk65AL3lD2E4kAE+dAXANQ9nr3lpwlz/ib3U3edBdlb2z9tEu/rqz8su/eTmntxan4+wfYjUKwepawbRJ2dA7iiaE9slJMYHNlU88vwIn6QT2nPFO4RLgrnmXPVMuXqJzdigDguTq8Ok8Kg1WDS/aEOzNftyQW4sMmaTdNJpibdSCs2QYwaNuqC+RWC7xxpqEkOM7kEyBKPCnHDsA8XGRbjFaJfzIyzPmxfns3cdl/uvLxw+324qpPOTQVzpNVqXnKKE6hQIzOX2G+PY07j2OvtzJ5s1VsQ/YjlN9KWnylh5tf+ROpv9FQLUw4YcUZzCJy5M+3OX/M+KEVFuLGszULXh5GkJNVeNLeP9bGm0ymUwmk8lkMplMJpPJZDKZTCaTyWQymb6a+lQFdAoFSNlXyugS7KAlWPob2IBASqdkWODCaTi9Pz99//Tuu/O7p+l8CdNpGNkGowblsD8KcuVRfv9OxhqU2ZJ8UECBkylq6AyjJ1wZ1qaJ7YQoux5Aca6mZjA6kreUMmoxu1InKJXNQ5UapQKtZfV6FWxVWQUkKjUCat7B5iXHQjB04IicuRIt4Ny+m4TvSBCPMCfS01CPFQuOmmHCQ+89Qg2tYFH3WNu2ZWVlqHAuJyFeJ4SxlL89fcBJOnEkkxNP0MkwefKP8YJ3SNk957Su2zzf5vm6Ltvter0t85qWdV0ypnGIHJBDSTxjHEb+h31oqBPlu8gDS9dzHL6jxIY0BqQkzZyNdJKZkgY5aAld4kVkJP0eqFOBlHmZX19fS4cluuR8eTqfT5x9g3XcMhzr6819hAEAZMMKuVDje8oiyaWPZbGU/k3DeJ5OPni5C7CiBrsBA8CB8VByhYeRDUH0TvK6/1dzOnlU5zgCzYXE/SapT0w74RFrUDQJldZI+peEDWH9jkgvBDWjEL6DHUKyg4T0mEAXUoVOyieOPvQo7AD9SY8ANTgB/dA3p4yazCLwTW1SRcoUa3okTlwlTuSThFmZEXHPaJhSxU66RQQVtyPWIaHbMpZXypAyUWptgQT1LyKHH7oZiZrxc86vuF23vOTt4+3147qs9EANjJHI3V8fLwf/lgOjtmfNtJnAXzTRIOFB/SLBX3+2z11MOb79GZs1TE15OnlUAbs8ESmWkf/bzeObEkrIO/l/R994MKcTk8lkMplMJpPJZDKZTCaTyWQymUwmk+lbC/soCdyjSUALuSTf6IqKAnj9UX6pEcMA/hLH78+XH57ef3d+9+78fIIYfXRciK/HOf6NOhUKk3h0MCHiODlFQh04c4YZDIZO+KJ4V3UFsVB4syMgpe+0ZcIxnHIMIEyJeCBUPiXzz+S1cF2NN0r5WzI0ELohEdBAas9Ifh46atB+qV9DMcTk474MCpWf0NPu0IP8wL+lXTTQpF0RNdWo7a2V3C1tO3HCvfN6UvJoCB7GEMdhpCgccu3wwp3E4BkViVLqZs+BxIcTpTPPt+v19TbfbtcbsSYMZJS9aCKJNiFrltELvEIeJ83XpGxE+pM2PPu40FfMClR3HA0EgRr349RBRxkQVykHRU68T9w1XS0pzcuVDE62LQ7jNJ1KG06XE/XHw53hjetYk7yblDipg2d0ktxUereQp8tcDi9tPY1FZAfDxAnswJB7NFKAtg7l3I+wRzv2a0Inuo4B+j9rC75i3R07isVVWkswM1eJE/WZqLCJpkhR8EyZM07VkdsIiC8B5rMQEsXDkLtJ+ZA3KF5HYmP0/kS5E6pZEPqaLQN7fk7LX9EZ2lfQDs180ulEN7oVIxgRCAK283TQzi8OLJSSg7BseU10bHKQyXeoIlK87mO5QXhnjuqCxeWP2/LjevuIy7JtS94SWbgEQXIcYzZC5qjBB+zQSb1lXOtRazz8QpuTjjW523hrr68hULMZvYvKY4Qws7ZuyrwHIQvpsa6GL12eUNUbHWSiqYMBv3rTTSaTyWQymUwmk8lkMplMJpPJZDKZTCbTr1Jf44RjDU/qsH2lu1Z/KQwCM0YHYwjnOHx3ev7h8t0Pl3fvT8/n4RwclVdDI1iw5nBwXAm5BiT61bt6kXBwRmQwguIkOPukNxHp35lFuK9IamIOuOa6sJEvAZVo0+5RoZYXHINRsRKBToAK0aXkjV7auZtbSMXb163G4vh6XTEvkfKzfxhAPaqzOYEjzxKqSQr9mTv/lcqduPveEkshuMkmYA2fOVKVXvAXPwDZnAyeQROKwWGV/woSUt1iiPthtxQO1lmv19fr7YWYk+sr23XQ6A3RD3GIkTiSGOJEp6P8kMExh0K4Sam1c8Gdul924w0vFjVJ5r7hSi0ppfZemYb2p5Ogo6QzuqzL7XZblznlbRyn777//nx6EtxCsoF4jkCNbw7jrr4pHDrEHieMLvngOUznuiy3lBONFeMmYxktCQHKApHQXN1V9j9tqfBJAOArQifKe9R7CY+Ny1+19J5l9NQGZLcxab4xWfAP+RyEHWNTE8foSXk0ePbrCcyX0F1Bdia0J2XrULxOeXDQXRQoKIeMYZpjUvlPUA6EIBWoPkF8yXqJfUzEQCnfhSlpU98iMxR/6h5toLCJ3J5VHuXpJE4uibqF5Z4r9wpnw1DTyi1GNzO1n3mr6qZUbso5pY9p/fF2/XG9vqQ5IfkZQSQTTFFJCgAAEABJREFUoMrJVEsfborObBfv0zV4X+jygc7RrzS28Xq2u7ul/S1c3JedW+5wOUG1MskAakjDWKHkftGznpiR0pmBYr1ABo6ifQA5YEyWd3+PgXJpD8+/uhvf0r6fNJPJZDKZTCaTyWQymUwmk8lkMplMJpPJ9E1ErAVRFOJKoVkI4jpBxUQGCO49PLgOWGqHo4/P4+V5On1/fn5/eS7bJz+SAQY7HQjwIdkVG6EETlkH4U0qClLeyTwjRsqREQeRimE0WISrmVzXFJQBXPM8cNVDhdtFZ944wsftTINCD+KyAVLAhQztBEScOC6Dk/eIBnFoX7E5tTintXgPav0CLXZoL9p21VuiHrRoKplBRIdI59RRpdRhA3dvN2KgCj6fQyI/GgShvct53cjmRKIqisg2gKbJC3FCIzkQRSGcCRmTxCgTSOVgKhTr+VNO67Zs28pabvPr7UaGIq4mKsUYJFhn8GEIkegMMTjhq0TvZZtq8KVfEorEzfTo2mqRdSVIh/rZ3Je8GTPYsYGcOD2otKk0jYJvvB+ny+V8eXp68j5mKWfvZfpaf8cWr5PrEkXPU8rWJnlb08L2MEXl8HEYyTMlknGLOls8+GKo/wIcPmRvmDJGuX1Id5AXGCkricEt+TLo5EttK8Tn48CXdH4nv1U9rqH5UXJRNXNhxITNidgpRAaLvXAyOYEA81xlmGmbYnSA313M6nrC0AmWxQ45RzU4IeSKwAFebwJkSRhXOX8N2VGLGm0QNgYBmuGKc3gXGCND4x6GVh9iytTILaOfqxGR63xOPIEu7NuC5dm1kSsQpJruQ+ufuSdZg+QKxMu/dGV2+a+31x/X20taXnHd2PgEQe4KBtwqsoZ7kg5Cy/bBHS55gDD2v6SrDwvgDQKjPqbws5wKfjG79Ij1tLno56XcyinrgqEnK9Nvkryl13OH0+idg9iTVe3Z6gHyoVMPaUgmk8lkMplMJpPJZDKZTCaTyWQymUwmk+lbCI51O9n2VA4mhsDXgAu4t3qAgTxOxufp9P50eXd6fp4uYxw9R56U4nsCzaMR94hcf/3OuATVX4PXOiuHstRf4Kt9SH+h6rAg5f5WH5f4nJqxISVTKhCXUidSqZugjK6Dfidm5CxOr1Urv87t+S9iNSLn9TVlyDO1EfasGwYuAHYHFNfMNzrrgG7klHqBRjGUoTh4ydTSv7YbEbuBR43UYeKkvFNhvP7mP/BuQ6T4m+DJkGQcye4kRqFBtDrbUIFyqmVdlmVeWPPyuq7zui7l/ILUCHFSjg/gx+DpzBTMQ14mpVo/SJwIeZwI7ALhfoVkqamDk9gh8rPo7DpUXimA3KaenU7S6/V1W9dydLnsNI2naSpNQcoVSnVIXcU7XD90AHCHjwgwtW3r6/VWehdDPJ2mYRxjCEgWG27HkpoFxmH94R3UoGuvNrguMYcP9hPxeJq39WWV/roiHgTwFYruO3FSby1lIJQ5qdyAECcZlcnCLLc6cydsdpLIrYQSnghAKRs5ZoEsMnMn5cbIwbH9CfkgceCO3hTV1ASzV1IJ622JqLejMDcyxy1j6036oUIZnc0RNNWTHG7LuuUqxZTleVX6lIgpSXrt0nDH4TBBkQcvnk9ZnJwWzB/T8tf1+mG7LZC3MihBbwGn6T1efZlQ4B65Q1rGlq8NuQ8Vc/fS6TmCKe7xYa58hsYPHdfhYfm6X7qU9giqSoPIvHDfxH9In7L8APBCnMD9/3HuzkkBRf09XC9xxB6VyQODTkwmk8lkMplMJpPJZDKZTCaTyWQymUymby79bbmCFFrd5rQU/om81+oeVHsR/t08DD5exul5PD+fL+9OT8+nyymeIkXXeOEaOB6DJKYjYhtA/2ghtFSdfanmBqpF+gq2HBpGmQxyNdJblg6CnaD+wL5sbzmtiWIwEleBnauWJAfipF0GxcRFx6EiC6ESMLUKDw0CEQsWzIpTiCHM3eE19ONQ6XaNOOmKpI3C8N2x2JVytdtQh4PzcJrHiSOPEE6NoWb5gXxN1LojDpQbw8Vx76C5VmQCcpDSeeZlvs2zeJys2zLPr+XD0oQyF6X7AzMrA28TuhJ89EScEGVCZeMQkP4g4xPBhqoTS2s4CFBSt4Gpg+Oqq6hDbpYhuKVtZRSmNItcYcbhPJ0mSsAZ9XS5DaarNXc1wnF1o5EJ5Z3YmmWp7iYwcprOdBolnSfnVivvrE26wddh6+ar7qMjeo+nHE9ycDqBu5P1X3zGgaIZfHxuv1+l2vkM0AAbmZydQeFIHaa4GCBz7GtCzwIiMjiEJtF975U1cYGJk5DKEBCYorQF3XuUyOVpaOjDKNYm8i03hZEuhIqS6K3vyrLVdriKmR1HxwlUwcDDPg37jdd9IklLd9BJWc9IhiXcK/I0oe3Ejkylu0myfRidCuzYATEQZAPkl0RcTQxrTvO2frhdf1qvL9s8lxOUVc/eJ5WN4DQZrK3amyR3SIvRuW+5Ppxb+NZ+J/mKx3xKvhuujs94RDXgF7AbxycxyoOLt/kmF5gusTmVKw/TwFwayMPoy6/DdJAwK49fhTp14Xe5JUwmk8lkMplMJpPJZDKZTCaTyWQymUwm0y+RF0ZCfClQg2aclD657OzFzoNTMohyKMVi589xeBrP353ffX9+fjddnofzGIYGOCBo9TpLFklLXVD3DiE5cqzJPfwLeHEhyFBjFkCtAfjH82+7PPC1uJZdzsdxLNvG74lLk/x152TCtVeNeoHmwdFiN6pTgAaZSIyIEDn7gACjHlI+Da2E3SgKcTwA3GOCQAxR9FL3hiBOu9DMJqqHhgbTUF0byTUm59K1hbGTxJXxHKSCTjVdjNFPQ1EZUReHMJU/YgBhfbh5VASmA5NwGNf5VrSmdVmXebmVknaMgXASOqUjuxQO0BmHOJLHSQzc+OAIShHuZKCNAAwPsOtFbt0SCxtyg5AJ0LWAlW7KYvSgO1P2DflIUPe227os5cOxdCAOE4ttJQRJcDylncMF90vYHSnnt4J4SqvgJuu6UghRGC6XyzSdyG2Bp6wd4t4QvgV4YA1Dqcupzh316K3TxCM/9AfTjg5gzaHC9lVlrZi5YFhJjX/Y0YTGonQ5E45BlAkZnGDoPE7atjiXUBoRAwL0zk4nEQU3wYAKYvmOiHDVduW+STox3WjiG8jF0fyj407ave4OU8KXyQJ3MbMEa16z8CalZ9AbrxBxwk8QfjKA27zbwK0uX/P6YXn98frhlpYNsIwXBN/OL8fzcwz6lsEOI6ESWuAeWRl3YJ/cL9I9rfewFNH9MreQ1jB0eTdtkgHiTqaUy3O4bHHEF/OLvppCuZ0c2nkruLupP31pd5y4P+adZTKZTCaTyWQymUwmk8lkMplMJpPJZDL9G6ZmpeGqi0Mrhu4/uWd7AvljAE+pOuP5/fT0/en5/XSZwjBohRW1iMg/U1fWhBEMhj9AHBP4zJywEeTn7+I3slda93oruSj8zC/5xReALsV1zm3Z1i1vG1/bq9WGZ25G/Vyk7Kk4SLUnAQ2pkculVp8WAkQtCZwCI2GnTODOnKXWTt+ys+DMGu/9YX91Oahl6WN1OO8ZMeSsQh4nbHNSNqh2TySG8Bg0iuwGMjG74wf2OJHG5+qhwrk85AGzbtvtdiPoZJm3RDYn27ZO0zCNo+A2kZxMymxCDGGK40DbrpSNI0WKSEAGXbQNoFNHGadF4Bo4FI7Vf9TC+l1PaYBLpyTrp0xgOeR8Pp9OZ4oICoFpGzEvecPwoEI1TLLkzK48tM1gzfzx44dyhjIs03QahrEL98A7R4lfLjVZcYJioWJSdzvFP2BBfEc6mnp3Haz4CS8eAalQPU6yWMkwYUTQiU/oN8cbZOoirIkG62RCTLyCGSTPEIuXSB3gjbKnE7DNKdRWc6D4crJQWijMzgFpa/ENTuEAanR/tA893w2HdckhMELJNTsXpG6VPz2gR3kkeomCqrwF+XhA9gSdzC6/rPNfrx8/3l5vaU78mEFX6RGFMThTyO1WH+Das1XivvZGchv3JQVw10947Pin9bO7HfmpLzpdN3rsCOXEHQbJloZuBn5EMaVURLdcIM5PniH18Hr7YZtDfdTewU9vtVdGtP5fyf3C5ptMJpPJZDKZTCaTyWQymUwmk8lkMplMpt9LICEpFBmhxTxfEyBqAo3UPilY5108f3959+709H66XIbT6AIF62SO0lALCdeYE6z2J3w4G2OAGz0xAEQVdD9WF8KjJ07k+u3ibb+2Vb1BUkoSorLlajuRlZ7Jrgb9OIU/OtCEzU7k/F7NPOggzuYBLYazs4P8Up+qp4LOyLHSo70DfNmDdYAU0qFzanmEJ/jQjF0jafdU02ekk6WH5MaQ9dJEZDAaEmIchuE0TWRPwkX1OMSy55aS64q8mUdoWSlV5/V2nct/yTdlK2ccx+E0jJ4rvlQkBgrTGWKZ12Eo/SV8h4iTgS1OiDjRfBLX2AuoQSgAWp+vY6JsRy1Vo9sBG8kIyuRPwyk/ZejGaaKOcAoOMKPjuHDdaJW96F99L9qIlVEoPUwsXgjrMIzMr5w4TAdcy0Ry4ssAP2OTAPDzNX1sxI1CW2/tHt0fT4g9utERQD2GQqBP0s+g0ktic1LhAEjoV8JNArmVKHFSuRNhSso7CqAF4qTksNzuAcmuxotNEANp7IWCMt9icMJtcMJdfWKK8qdwigP7A0d0jv8jRjfacZpHL2ZK5d+N83SSS4msSuoTSFaha6E8dDOWOzE5WBFuLr3k5UfyOHlZ0oocG6ZQhY5reTQGbomvUWG+0R5QYTZhl+grofPIRMTfd+fXyNfh6j87nPXeCuUTOq6cQ8PoOYKCnKEYMZVHe3mnG09vY8/xSv3huVJ6ydWneJ3uev67vu9AYkMh4RfavphMJpPJZDKZTCaTyWQymUwmk8lkMplMpq8vRUvgUMDTcqviEpoTU0q0oyebE0rVefr+HIdTnCY/hkR1Zy5GayCG/LcvIHPdOXs2Gyjl5jFGNsvwmszAngrSAgm1UAsEx4yA2iC4o61IdgIjML1AqEFaMm5csAyyR+1QZtREfnGvNdBWd+Xgm72EGnwQxAOrnUmGZoiiwIpvHI6rVg2MqOTOMoL3FxuX3dRAvkHcIzZakZX9FOqgV8npBKTQTwjCIAMQNQJxMI7jiTGNSNBJdxmouAArcdDMbZ6v5HNynbcFOeZmmqbLNPKYZEZw/OBgCPE0TUHsJyhkZ4hMopTqOYdllDHhOWEWpzRdZku2eIB42eQ2qkihTEdvDcFNBBAp7Sp7DuP07vnpfD7X5isbwChC0uFqh9OcgjpJgEQdhWWZSx/LCcv3ZXC+//77IQ40gERQYAN/Gm7yWG0HV+fySDkdCQeo5MzRWeNBMWfc4ZueTNonyX09/Vz9fV+X+mfXJXUTEcAk9e4TMhqYsuJOOdM0ZyYrNoybZOi4Zm0Syh1OwToY+J71ciNmpX0Iu6AVQuYhHQUEe9C2VuUAABAASURBVOMy1tFi2xH5Ly1TX9vzs/1H9QXZHzrqRqT8Qn2nVyZOSuAyWuJINkBuo6AnMXUhgM7xw0IPRz1lBr9BKktsdvnjuryut2teX7bbmjfH4BbHXfEdQR5MApjAI2vWmlIjuiqRRThG80o5TGpnAYLtJMdR+fx6kuf83VFvcied/U2jRZD5FQ/dCtqBESdOVgjiX+WdD5Ef8b62+YCMVY8dgcCI+uF5cTT29/enWOEQGtiIJJPJZDKZTCaTyWQymUwmk8lkMplMJpPJ9EcRu1D46teAij9I1oqWxT36AYgTIeJkevrh8v7789Poh/LyXDdOVKplDATEfmQvLPI7nTN4RT2IN/GtGF/9ALT02TwsWsUVOLrhYCeCGmEhwTrl6pTqkDiGRSucTskBqGYjXirC3e/nxUhDvQ+kMlqLnVwwloGQCIeax+MqIlOVc3aH6nBjeHwlaZRv8ftRe4U3ixNJy53htAq3V5OxK+nSGYJjrxE2ieGNMETSEGJgGIbzQXKr3Ze/CDYp/y7rvM5FyzIv7HECwQ+DPw2D+MFQUg83ZYh0SiYEyPhkiux3AhyTITEpTkq/mpPRPE64pzyqDIwgVBcQh13WEg1XmayFmrSUUn/Z/enp6XQ6lU6UE27bJoFLlUDSLBwZDXFLycqgOLkIBTBl/Hh7Kd0Ue4UYx3EcSuMJIuAR5gVOowE9IALu4JpDBj2hog64G+68IXC9S8gnFAlgqEY64CrUdTCZ+HlW5JfqZ84FbY/DnYntKJkijpeRr7NyJ0yZEIgBqbyyUCYxubhi4LuwhumI+U/27HjEi7X0GbzyH1loniBuHmrnw0smN06NL034VgK9JaQxDLvczwS82fnKsaCCHnTFHSqTK8q3uh6BcJot45rJoyNXExLGzSB5uusiqgFJ+WTz7obu5vLHNH9cX19u1w0TMmC20dHs3iKOKlAedPJ4Vasl7GN9+iccw3d637uup5W9YO8QaJBHPwjt5PsQvKHwMwPHo/HGYMoz3EuKFbVdQDOhAqUpzJJlzZcqW3Tjkq0QjbI8oFCeGNh643ZTEw1vAteeodQ13+/jXDWqEasYgCNX91WpLZPJZDKZTCaTyWQymUwmk8lkMplMJpPJ9CvFSAe7VGSuzbu97knV+lK0DUi4ySWe342XP52e3o/nSzgRO5LZLqPWRjWlAhUKab4KwIRHYMhDrAP49+wcXNF+Tq9WC3uratFYq8j7r9+1jk+F2oR5wbyljYJV6KfykhGkHZAipa+oCXMR9Vf3oByApOTslgiOcm3Y5cAJuFIK3s3uwKk7A8rOb1hlgDiqiHUB1vAerZxqt2unUfN7qFP+0HFlLDI7gnhuo3ScojoC0TtEVhBrEkZW8OQpwB0kP4qcVqFhtm25UqLOPC/zcpvJWQS30oZSEI4jWZgMkZoQmPIguIT4khhKudzRH9MwTGEQ0wr2QVFnltC6pXxN6z4DBlhjfVwFCSpSkKRVaVvWZd3W4N00nZ6eLuooAT4r84CIFX5gBEjhFXWDAbLfYLymdGhd17ICytVCpKwhHpwQpPa916XFBmNP+XGKE8lmru3PYrgjU+waBfBQqHdfoAgdKSUAF7p7+4qvJfzCk1beoh1TUa9MN1nKsixR7F7Y2oTZD/QJYcs+uUgBOug3DNlFuTMTLaDAJii+jhZn6CCl0giDweuh7B29r/yHNKEzg3H9ON95s7jPqqavQOWMdO53Oxr+VvyIaPVoSA9uOS2JEmKyTns1J/LiQuIZuKA8mORhcXjd0sdt/rC8vq7zljel2oCtU7QhvjX9AMvVBwQvhi5L5rjncbqw6yAgfv218+ZphcupO7hKEWbXjWe5/Si3i8Eu5ZPkEQ+M6oB3b1u8yCe5Xbqn6/abE/R/DnUi4Xg2o01MJpPJZDKZTCaTyWQymUwmk8lkMplMpj+MumInuwBw4gx/zKVkYOgEJj+9O12ex/NpPA1+iJIl0X6gjtXKImsNW0wuOJIGmGXgyAXX/6ge+7yFux+t1x/+q+MHt4jr1rU6mmuls2xsRJ1srS/NmwQ554LjaKA0jGiNitP0+ThiSyBQiTg/cDkV5SwCedRd28/u+168nXFRS6W67d5Srf6/8WENKNLDOWWG/U68jyGMwzCOY6xiTqYZQ1DBuFTRy6jcbrfX1+tM3Mktc0YPjUk5QyxnCJHJDBl8CtCJZGYTw1QGO9I+cSz/lNHDLEY4PWtSF4yrtI7MBlRWoxWyd1MQQl6oRr0JenI6nUovLqdpGEIzNoCHwBpUAGJXWUdpw3meX19fEjujUMuDn6apjAkyqfO4or5YCNUZ4+EM+IuAkXjgS6pxQ/sAdubga+nnOtyDJnyD6lphzEdMg7JW/tVehONnMvrMZieJiJOABJ2QtUmiYB2QFBpKEiL8xGMui0WNPpTM2oeSP3HQ+o01sMWpT4YY44Bce6fRZMO7L+5+u6LAbg3skhFg1gQTSGoQJS8lTJurxAk/+uTG88j9o3ZD9rBiXtL2um0v6+2W1pUjuAgH4/QdrFzTbqri1ONFGBT+UnrB8TQSdNNIuk9PWU9l3H31a5f4w8A9PHylG9izINUgZ+fCmO6j8K7y8C2dDJL8BfLcFFekxgjedUc+zJpItt/+rUWtUR0PaMSJyWQymUwmk8lkMplMJpPJZDKZTCaTyfRHlFqAyCaLC4dUHw3OR4JO4jmMT+P0/nR5Gs5nzlsByUzJuEMnVOzncI7d94K9Asg6Q5wnUH4BT99JPk6tou7mHg+1VADoPA/UyADFOQNLtXPdtq2WQVud0tUfx0MQ3AU0H6PZmVDD2IVBolw44kN/Z99apT4eHWoCNf6ihgG5oxPDJ6uiZFgC8EaKRRsBPPS60jv6l9gueKcRQJwgQ8iIJBYxJeC5gJukip/SdlsoSed2vRUty5ISB804J6k6cjgjQcSXjCEOZVr5lGXbcQQSpexQRoa44EjRVx1HQGcJuVVi7QB3Vg3lipT3EzzXqVNpw7zOWBGicRzG6TTEIP43bd4fyt/kZVKmV+aR1xhNd9q26/VaZr+08VzOMwylHZQKVH0ulBP6Gtpr/dAZMXxB4Tu64+poyxwUNXBfiRn4hOATSEtPEvAIM2fFsEmlx8TdxHGejifuhAN0kosJy0agrzCKcwxDJ6EmuERZFhU3wZoLBU45hooeZInvEd+Pvj1uJ1MaZSahNz/n8yF7dlCYfqj3qtzb5RbxtGYTNd9tFOtCj46NQ3bUskccjpK66nDwDSSgO+ya1pd1fV1vr+tCrieOs5PKcw2ZPhFPlzca1iZjf8bWufk8NNI9IO43fq3eOMFdO/q7sE2N72ePyBPyimGaj5ZOudHLHa13Hd2ornJC/vg0zPcXAjw+SeXzfgflVw7PR/c73zsmk8lkMplMJpPJZDKZTCaTyWQymUwmk+kXiBET7xs34ClSh+0MnI8+XOL0/eX9P3r//ffn9yOEgT4kxEH8CZz8WH3/TbxGz1A+SwBJ1Qly8uovUjkS7NwMfq6a3OJs5ANNegCkaJVNcIo99kG+4ywYr1SGbntN3XDKT3Ah0/veUYN7Q6cqH6sxRbVp8B4bgiK18Z8NuwB3+IU/vumSsR+uLW/nbH4U8qXGktTGkCEJURjsA1OK9wnFlYLHlCiNeZ5vt1v5d7ndVvJkSPVUdCyF6ojrCxEnMMY4DeSaMlJGD3m7UNROCBSfhByxQsdhHTc1t5HeSUXZ6+AjaEc1jiOzaUzZmJfleruW8jRhLdR6GFoj6Ao6e3CYC+F/qLCdcxIPntI1YleWpXSqTO7z87tx0CQdr6fK+Al66VfoOL/Z/ULFnVaB3vKkJa3cf/Pb1He147TqSpKv1YiIiBIlMWSaaBJ40kCgE7IzQdgwUJ4OJenwK5eHQkQGMdAFZJRLoBOA4LKsEr6j0CtjoawJVH6k+mc4flJkt4+yLNADafXIKLiHh0WbY7+DYQfLE/FEynzLMi1Dd0O5ZbaMmwyBr+42ck9k6o8CMeDL8i+7vW7Lx21+2ebrOi/bygYn1dEFxQepgUhQb38QjxV1dmlT3cEVLWTIPeg3wyVfR/Jwbzemq9O3f1ueKWS5RNQa6k0LnTPNpzg7rGjdnceJa+ulIid6KjHJ+mOMislkMplMJpPJZDKZTCaTyWQymUwmk8lk2qUOHCCOABAkEAcpAiJCuITT9+f3f/fu/feXd5c4UQ2a+As2KMAkpEOtaEv9lqvOPgiwojYjQo7sBIXQCZqvc1dFbGgFtAIy7r9yF5ghYyrF45VtThL7qzRrAzkdZ/qEUgf1XMYObN+CAk+AhlxIRbrSFChmD9IVqKYFtRVeSsp91ZvxhsxpRG+RDQ8ffsp0QnCNXKM32vl5lFrxlQ1OeCDLgI4EbEQdH4YGmBugDqaUKErndl3m+TrfluUKMiNc1Q2e3UvY0SR4Mi+IAQYfJl9OR6xJuYS4pwQepSCVdz41twF1Smh4dFZ8taVo9WA+hBbDsizkvpK2eZkd5Ok0TePkB+poKe8ziLSTPI1H4MFTdIR7TZdLeVvKVK+JoJP1Vj4/Tefn52diBHKPLuxz9EXEyaPpw2FeZDv/OnYldnYR0jKH3d/4NYkTPWs9Y32rriKu8QLQeQpRpAwfJcRJEjADIdGLoLONrU0yEl+SclkNIQN5hSCWR8C+OOhJgbIGAv/HN+ZCrYGc26dX/s0EfvAS99I2uRtht4bp6ITdjenNedVP6vNF9+HP5MbIoCYq5X0jNyaCTtjgxSWiZqCubjkBxe5UoyG/Is4u/bReX7fluq1LWYhpI4zNM6nHUNuRm2gZOtDapBNUR6NyR/gAW8g8Yk9OOdef47eCVJ86QRvYdun2IBaPmZxTfdocbFfoecTQifch8bBh9yhoz30n678KILP1TJYTQl0F9ZwMANGA7UYp2p7HxCqTyWQymUwmk8lkMplMJpPJZDKZTCaTyfRNBV1dWLIlyKAEqdg/QXx3unz//Pw0nGOps5a6c/kYQcvGGV3O/XkU5vA+clCFeJxoQRixuYxISXWvLrv7dJX+vdWfcf+ZPaactpQ4WKdscrxDuXpNV6ESpg+lDsp+J2K7slsgtJ/R68m1ZlyNMZoHi/qi8OFezrFXRZuvi3vLeQHqj/UPA91Vau8+lub0LgK1Ra5eXTxjgmz4atCCzLygOovkjfGO+UomJ0vZWOYyRgKYODGwiTwsxBXRRYdQXnEsn9MLYrmEE0MVMnLwzNN4rpFz6ZctZ3jEmmMNn8dDK1WzHYH4HZRZWZZl3dYyUaVtp8vpNJ3HcUBP9WupY2N1MfDctTKxdZykMO0kVajsvpVy/7Iw6ZPLzs/Pz6Uj7IDi6/I9jPYXxesciIB9avCNHQUq6I1YPl/yjm2roVXgjjVzWX+/FSNoTYG9/dVRRIiT+hczI2opwoxVzgSOZWQPEEJPgE1NgFgTF9HFrLgJuZtIOg2yTRC4oNY3DI7U+4mhM9ryyqMIAiIoPvflAAAQAElEQVSt4nmVFCj2JhKfEdeDCdKN3gtETFL2rz45ViCLhaXIiHf13oDE2IRYm6QksAP7sXjyMmFvp8amICNVNGLJ5TlvPy3XH68vi8MVy1pOEHnF8z65PiZqax0Re2IZI2Yt5PkkN7c2ryFg2q/ek6dyGe5vS1TcgSbtz7rh9j/1QxQOLyh2w+FeLlXcBBpPcwcJVU4JayIaL4/jPVge5K7/H4B8uA/yfbNNJpPJZDKZTCaTyWQymUwmk8lkMplMJtO31QA1XYJqoxxMQ9kaMPj43fPzn9599zSdp2GKEEBhAE5DKe9caIRaXdSyIFd+6R900P3kncupWdw4WqWwd6eAhyKjbtS3inlQMEhOaVlvpXZMQEMpHVPAipf6ZmBRJbSWwj3zFlrnrdk6d1e5k7qaSAU2o9o5YC2VZuidDZprRddmX+vsjcY4lNLvIJtm4kAFcalYc+CRnLN8LPlESpx4Ly3hPgE3CRLTN7flRsAJZ+us860MU9mZKRMa/XK+6CkaKRAw4EYfBk/13cEHytYZBoq9YRihDpogQgKGMHXgGrgDbCKhVjXVtoHbhbiua2kDImcwOSwNGMfhfDmfTlM5PuUVgm/j7zHSWjmgPDQGREeUKv86L8uybbNYnoRxYIwJpmnqlge35peTGz9/QJsjadzdUrkDA+CtrKUdOvnb1MaJJ9nJJn7LaW8hv5exVf4jE5rBmUVZiBMyOMmcqsWvsjGQtQn6VJYLyn3jmdMoi4mJkzJ1CoV4HgCapNqYZgvksOJi9HFm6iRL6M2b92G33Q8bfBbNgT3SRagxuTL5lySHxKdpsI5+zrwMNC8hyXhCvt8Tj+aKeU7Lx+X2slwXTJlvi8aLOId9a+UJ1m/LW7/K0LlPuCJB/4f7djgF9itIKRMnPc2M4gg1RI/7jFHiuIhQbHjgz597P61Y7vDLY+eSJGq0n+sG7e70vxXUMplMJpPJZDKZTCaTyWQymUwmk8lkMplMX0k1/UbIDvYvQCISfnh6/rt3PzxPz5dxPMXBl2ozVt8A3M1H4BgQoVgEWyGIaYbbbQCOZXt5P6aiuLsCtDuAGlStJnOBUjtOOectrYkyH8oBUfxANDlGvEEcAzSMZvhas67oyZtuFq7viL7f/+Re+Bo9YG98e3tQO9WbpfTu8jt40V2Mu1A6xP9ESSvyHivPkutlyeNknq/LTbQuS0opBh9DZIsUT7QAwSVD9FD+LF+N0Ze5HgJ9OIZIUJGD0OwY+OWVtxEDiVpkh92FxXV16nJFR8X9VBqwLHPww8isUpmNp8tlnMYdtdmL7+JEcyiyE0YDpagN27a9vHy83a7jOJxOp3Ecpf9lhlEtE+5m5zfoMP39F1mu8cYRiG9uN8XOn+P+5N2hLWzl1/Rk96hQIxFZG4AN0tLZqZfNajdCuEkmcMwnsqgIqWwQJhaQuZNEG0SfIC0Cz5YUvAgk7wQYStInBwFNtLyIQwJoNhdYI23UA0cMThiSUh8b3fHAl7XNat4CFWv7hN1FNxau3drQbEsAEuC6pSVtifmxtCNlfGmvyBw9WXhjA9xSWnNe8vayLq/rPKdFvnL8uGy2SA01gv4xUXbA41Si3jd3jh6tubsdSOc48vtxJ3djyBk3h2v17dmZufbs1/gbCjCTufO+PuGdu3u+NTqnnbl9I0uf7/5Dq+4QHH+c8MZUfRsqx2QymUwmk8lkMplMJpPJZDKZTCaTyWQyPYgRA5DKMiEOCacYvjs9/aP3PzxP51McRk85NVx0xhaa4GqIhxSZ9YfplfYIbDSiO3B1sa8c7mXIvtaJiJ1VQA06wWquod9lLlvX2rqrWEjma5KYzKBCd+Dm+BoF45sTQf3BveuqoXkPkoBWQcbq4rDvvw+AsgI7SoLVTKLWTJGDfmpej3MN1nisJlduI+eGZei/RcMwyNiKiYvgNZLsQeRNpiFZ5vl2vV6X27qu27qSDwohOFFsTojDITAnDASwQAx+iGWbE5RCHGSyKDuFBk3a7zsTkeBq3XyvCzvXZc3wlGS69LaVf9d1KXsKKcKWLW4Yx0qWyEm0+FxL2x2YxGtpS9tC+UC3lLbShXKeaZrKxl6UP9BI9dBfLV3LbfPh07tpfYsy6fED2Y5fhYZ5U4/Ai65Iia2B3PtVqMUQ29DITDsx9ODUmbJv2ChMJyQ2OCHKhPgS+oTXQXCaidK8gzhhx/nd94Z7LvfknoNFS4mClJpjDFvowE5KEaKChwfD8SnRTSx+yfy2+xRAsQmA5Nya8pLTypcvHUsoKAMBVnoIdyAhtTXzxjUt141wk9u6rOSNws85ukF8tf1wn51cfqIyqYL+iEcF/f4uaqljTd5ga34Vg/J4tvaQelzH2Pn5PGIorhInjsOrQgyNO7q7HF+gw0M+qRq9RsRSQ4z8/qCBTw8yfO7cJpPJZDKZTCaTyWQymUwmk8lkMplMJpPpbyX+ib+Win2GSxi+v7z/0/P3Fz+dYDz5Uur3ngJlGphBpUcvZUX9/T7VBj1bZRBxwmYIAHsBXiqIWD0IPmUqceAIWuFYEQPaLEXzlDNhDRuxFRkJrYiBbE5KgTeIWQegVMM98yYcocEoA1eK9/N3wvZpLZVCNTXoGYKspfX+p//7GR6Jk1ZRbRfE4+/57yq8ubVP40qc8CJKnKhvjNrJJExrKq9t3pZlXtbydp2XbRUChFCVONDIcNIPO514hopyGacBwilQmk4ZuCEyyeJ8wDfcGDxI9I1yAtTjzNYXNMVqpbGltJV/ctoIOSHuJMb49PR8LsunquYS9QPdJpquw0MgFE2aZ+rPui7l62kig5OBQnUoVCh4ryOwz9k+aO7X6pNH7iYbh4q866r2h927yS3fxscTfvUqeZ9ZIvFXRGvkGotC8TpidpJoJSakuyNrRpWE6fjkIhMnUdAT7rICaJjZ6YTuIll9gbfV0IMtjcj3wnFCF08gHVvZKonvqTRX3nsPFUN5GLhe6oijd2B+7DV8YsqZsimXBkrVwbyU2wQZqfJkf5J5HmVF+x1aoz3XsohdLhvXbX6Zb6/rsoGQMjQISpFwTxS+qc1sVib7ctEutI70XNVnZhMfwpy+ln7ZaZu/Sefp5HdHqQE1h0ue1UoafQEbA90g8JNao43EOaa5S7nfaRBMJpPJZDKZTCaTyWQymUwmk8lkMplMJtPXVag+AsHBOQ4/PL3/u/d/eo6nyccpxNEFzywGIxFSzc6SRAFSMGSFbts5ZURaabGvQzZ/kDdDJB7rjFqy5kp6SonwinXeNgrWKQXQIQ4+UOnTx0iOIOxoIgExkvKznwffdktAxWhambiCHVKPZmDCERHi9sQSVwvvOnStmgytzqxGJ29WTd8qpuYKB2gX2H1ErE2aW4nrGI4t01DM23pb5qXoNud1y5J9QRYnFMdD8+KBUnT4nBF8LCMWhpEMUIZpIJ6l7DCUvanwm+XwVuxnM4hGVwh2I9wNQwaoHidlIsqrNIEOiWGMYZrO58slMibSGlxGzFc/gzYM5GuAku+ReXoJKLreXsufpQ+n00hoDFm8eHfnyNCVrb82yYE/w4bw/EuJ3LvPKbov0FcgDCrRJARPzjpU3NQsE0f8BZKpCWyp/AX0CWEiAQk0GSheh4mTnMXUCCQiS7N1mCKj5C2+I8oK01WPbHmSmRSQtet8s4cRAgZ3TwpoHBk3k8gW4JV5cAG5U+NO2GBDbsh7rkG+9U6NhTzzcW5j9KQ8Ksqtkng5a5IOvwLfwqU15UYpuxN0wnk6C6byel3m1/m2YoKR48ayBgbhMQwMKv/UYCPXfc33iofKzbgH4K7vAeKXubl8Qnos/EqsaX8QN5gr9/dblskNjL5xhBmFfuXkBDpB3Bw/Ig8teHCoqU9Pd99RGiVK/+KWuD45520bFZPJZDKZTCaTyWQymUwmk8lkMplMJpPJ9IcSlZ6Bs1f8ny7v/u75+3fjafLDOU6BojUSarpG/RG+0wyLvqgsbIHQHsISuEOVWS+0X/PTLhGuIz+w27MUPoW0WFfyOPE+DgRPxJS2UhUdBz9I1ZJxE9eu+1ahEt6oXO+/5G/dETcF5Dp+7mumagFQO94aXDGXWlhPriIpspuMzyeDMrgcDhpZof8NbC3g9SMFHcjgZJlv8zxv67Kx1s3V7ItaEKfXUArEPmDO0cFARMgwDRSnEz2dOQATJ2xnguJrIpFEqMYWsDM0+6yRY0Yqs0GsCXMi65aIaQgDpfeUGZmmkXfOYouAkrTSxrzOs1yrfMnNL/0Qm5ZtGIZxLHNLoUBtXhrP5O4Xz51pytfQJ87zmGnzuAP08TqfPTPqytjvkC4WZ19hdd8KPtSZlv0FNBGXiaxGPTwa5G8CZZp8mQnHO60ppuBpLefy8syRkMdJKfmX+cNMOVrEmpAdCtNPNIEhZxAYoHyYM8EbQYJRdqcLV+OSshMzkFzNSPCOZpAjZH16BlfKrnzX7QPX35+S2EXhUAy+4G6/ISgU1EGFgIqoUEaYy3MigmRz2UW2a6mMSGDAi51zmKLKSBE8GW/r9lIeLy5/vL7O65LF+WlFaiXRKpDrCgRpOApr02bJ8x0E9XEJNdfrEEDDByRsm21dNGMPJn5axAzzHgzcEEyDbXz0W77MTr3gPdUC7v5K/CcwlqP+MSgPt4zQuBWmunSZEbqE5U4f+K4mxI9G2qVUHXTE7GZfsb5eV/AeXRF1QqX9rcH1Ma35bs7deZxg3xdQOx/3+KXJZDKZTCaTyWQymUwmk8lkMplMJpPJZPpmKgXOycdzHN6N5z+dvnuO50s8jYEsJlzKbG1APiecbpMFNxEsgiuj/Nt3x/YH5BsgFVeplrpaAW1ldBSQo5VAU9ZcBU+eGm0fpTQI9eDSaLlSSnle5lILpiQX2ofohlKQLsXiaZiGOAbwUhXmtCCx0DgWYHc3E9d+bZ9rDRsqLtPalmuFNzstLmfZn3oaXK5jBwqmKCKz11KxmmHsBItKfBDY3MO3BpWiPxAGQrEsNKpBiJNIH2nMDQWYgFvX9Xq73tbldaYBSWVoaBipcCw5Qp6OiuX4McYhBJ9zeTsN4zQO5BwSYxBnGvFTIYcbqd7TyAeBC6SUD9X0g5oP0mKBaNjgJC9kO7NQ1lKAYRxjCKfTKQ4ROHeJh5INcdTLQgZTnDiyp1OWNZK3bSsnIT+KvFHfS9OFlAk7ZOIPsIpyPKXjNAPVPMWz1cVn9SZPgrttSb7/Cg+2C7IoerKktVKCkEqrxACmlOk/73QCP1c4z7UFHbRQ17AgA7KlBjXoFMmgbTYGymxtksXUpAw1+oSxvHPQDdBUYuTFG5g7C0BmR2I3IeMRnHr6QM+XOFnnbJfyMFggEEPN4nqjy4eUGYDeWeiww706ZsGJGwZ/0hAWahPHhLkyA2velswUk4cO/FL2qfxZlm+5y8pnG7hyD13XeQWK1/k4l1trzjr4sOMTh1bzhb0XVAQVd1LWBI+9dV+gtp46ouhrAVS1a7+6XQAAEABJREFUGdghX+CwPg2b9Uh9iMmOms6kDxeAOAx1jgSvkWWQKv70RQ3uoZn6WSNy4LjKd/AI3gqyMplMJpPJZDKZTCaTyWQymUwmk8lkMplMfxwN4Kc4PA3T03A6+VJc9KErwteSIuasJVGpDXaWHk5+1d/Kx3Lgm+XWuwKlVIHrNhz3rFVRoj5AYly2baNiMUU7BGEZBnLWGCjuAaWaupth3J/Q3dXvv1TNU8G1jmVhKDIg9MXW1v/jz/Tx4BbyiersbojCLAi5fDB0okYJni6VOVVn3ihVhyJ11qWMiJI5rXzvCVihQZEsDAdlcKZhOI/DOI4c1UOuEt6hb4YD2M8l1soyVDOLveTL9V8y0xBSZF2XUmMfBoJEBj4xW5s4t59HjCf2wWPWhK5YZnPdNpdxXdaUVum1ODx4ZXS6hYHusxP3UM7+Rco//3XFTbAzIsF+6ZamlwI9zZr3axmXeS7vXxSv8wXa80Y62xCshEd1Palf6idlmnLiPJ0y2LQRMufpJEJ4OMMEAzudkK9JdhEwkN0EBHaUAKemPGrzodwJuD0cK0tYDO7eI7QUOYyGI7jq0LlPj6mMoPf3TwF4cD1qoIkDwataGpb2nCA1siYhLmzG7bZtqyOHFqxuS4JtSWQWnUQQOO/mtF3X+XWdy/YtreXu2nL2vq6/dis/ZGWBImd3zxSB9NxD+2sHK5qzzy7us+tw93LRz47UBR7zfX6JlCdpN5biLccTSs4V7nlaWZKuyjPWHYAhWQPQPc0r1HLfrvs759Ck+rR8Y8aPG8admEwmk8lkMplMJpPJZDKZTCaTyWQymUx/WE0QL2E4D6dznCjUhEJXoPvJPVcTK9rguvLrG3zJHoDyyYiS/o/mLwIPVdTcsR45cy00K1VALhghIFf6iXgIof+d/GPZ+nD5L+BOHvAXLda2CnvGBEeTCgnlkfc9bKQ/hRoi7A4Z9X3/RC5LTiTEhsSKX3C+j/pYYKmJ35ZlnucrUSeUASJUR43fYV7FhzIokWxTKOGFDEiGcSB/E4nsoRQiD2SsEpzY1TBOoKV5qPhLHS/X2kZd2Mj8YMtb4jQcjAO5m5RZkOK7BBtp0R368/WxMPRtOc31et2WchIXAozDSEuPGBtJ+dnn0T8UpvsC9B1rgr+KK/qs+inrLwpsbULoTybLlnVdXbcCfz108thDV3kB/m/WJZWx34GcJzK7EiEjGImsTWBDvzFfQu4mGHIWnwrIBE0Eh5w9U94JPQkg3js0Z0FdfPhvAjRy0JlQhoBCYkBNVrgBTm5b5zobk0cG4fgJ7FDIASy4fxy4zJ4mFYbrKKSsNi9k8VO215yXskjLKPjh+u6frad/6oZnjM85PLl4ceHkHlTuh3e88d7966Rtu6b1Y04ftvVj2j7Mr//F9cM/d7i9sSvuPiqubbrd7ISfXPRZrmyhq/dSGORhcljM2Cx1ukidu4d7BQzdHXFSJ87ffQIPTid3lzOZTCaTyWQymUwmk8lkMplMJpPJZDKZTH9MPQ3j83R5jtM5jlMcB2IViC8AxkyyhtzsVXaKralQSfPEkKAJLUBXSODhUvd+Eo/YiuAuvMkJIOUYqh+nUs4vtf2y/xCG6qihFW0toSqhAZ9iDsC99Sv8Bis8lD6PaAi2X+w79zZPw2xElriNbo8swyE13kxMQHcMHmM7SqdiCGUGoJIXkulDJhI0DNu23YqW5TbPFDOUqexPeEo5UArE7LQR5AV+jGEK8TwQTMTONJSyAug4VqeNoLoVcNIOFe+Bh715SDiFfghm2NI6LzMxFimXQvRIaT0E/ZTL7lPWjEnujCEANXaGUzs4Gmgpf43DeJpO3HBgexc6zu8V6TfKzeRqUYOZ3G/VQ56OAAzdMrgDWeQTsTYh6KTU/q/X23yTDznCiDRO05dCJ+0Cj8V17M1L9vo9vyoBpVhU1vuVWp8JOvE5+y2HREBJSI7hEupvELMeJFsQ4k6QvE8C258Qd+JBrG84IKo68Gh0k6wMZqUUIdKWcPupEXc32R0T9NkR+OQO/M8Dl8JZNpkvTN+nDfEFx4/f/Y/n5/9hevofgB/cP1zFeC4v5/6t9knO6/XDf3r96f9//fAfp+2FPmrOOFXHNaZOLTL+WJ9H/CxAeaYJqXY4BPuTvjFr+xPcsTPSPXGij2KQR6XXJ2AFupy7f3S8cROaTCaTyWQymUwmk8lkMplMJpPJZDKZTKY/jt6dn94P5zPH68Q4ELHAn7dfs/dS+w0qR7KvhnhSOOhLzSAVRPj8r9MfiohaoVYrB8eQQk7zsq7bJk4hvqr6akgTD8TJr6tOPpY1mzlHS5HwDNaAO1yIy6i1DLtDLDp21SpCTyhfQueGIs0mWGSgFIsYgxZlPWMaZRAQ1rSlRIk2L/Nt5lwbxXtqM2h39TkJFJBEfjAwBn8e40iTSiiBThvjJh6UhanMiTS99/NQ4oBQmpy2lf4p/3XMp0Tvx4mYE4ZFNFsJuVpde1gTOFzrOLtjpLQQQVROlcjSJYyX03kYImMDuRInXmgCXYGa63Iv+AIfjV+utxetMC7kIQIKV63sN7Ntm3R/GqdhGKbTaRxHx10guxr35Zd9yE+5Fzh1iemnqeImjtEwyOByIk8QdD5jSNmnHDLEzGRJFrgEdZR50ssKCLwOKG+pHCVZSHQLMj8lCTrlK1C7H2ZLmssPQmdooXdvbVpNSPLu60mgFmG4BF/gIB/yXMmIV3j6+7/7D5b3/9N2W/6bJu+Hp+/+vfIq4/PxL//fv/6L/yjNf+l3OPAfTimz+pWrxAk/4SGXjQrZ1bGsj6x6XwN728jT7JGXeqOFFTqRxw8/hhS3qg8Mvts//78Ok8lkMplMJpPJZDKZTCaTyWQymUwmk8n0h9FTPJ2GafLDGIfgg/oJMI7wZgWci5LBMwAisEkL03Atj+VLiJP9UOfESUFDRLKwHkKcUJDLtqaMoEkrrhEnEgpTDg1RqpcAPxOzAuA+YSThqtOJVtXrV3i0CQAFYvZxaB9qF+qQyUiA6yu894MpLiOew4zEpCRGMshAl/iaTAR4MrJYtnVeCTSZl3VeloWIE2RHkyDN8PVUFMxD0AkN1BjCNMSR0AcyKuAIIh4zB4GrvV4QBuh9WQ6YkbRf3G7mhTxWynnGqWgs52c7j9hnYugMyguz5+ie5kRTTrKK0lK2fQjjSNhKWXVOqY4yYr4fMJ6RjJ+IauqtbtxXwE3kpBIX8gbOsq1rGYGNzDRIkkJFE1Y0TZF4ocHVhSf1+i+DTu6sJ2q0law08iTJudIBkiPDtwcFTiWQmy3TLUMROZtnZ5wUyi1RhjhhzC5kjc4pO3gQ1oR8Sjzf4Eyc0FJgakmGn67j6/R7h52diTa4tjq7Gq8ie3ld1UJC7U4Y/Wg+msZwPtb9V3dj06ErbCYEoYY2QZmQK45//rv/1fX7fx/YpslURvLdn/4XT9//z376+//PX//r/yhtL9glQsk+eIxwSjm5bgo8cUp7/hm9l2Wi2TvYnS0IcQKd65RzbyRRtT9BwcW2znXNQLNIEjwt444xPTTYZDKZTCaTyWQymUwmk8lkMplMJpPJZDL9cXQaTkMYog+aUuFqjVlqgjXGoxlplAJhqfj6EOQH63Cs0EsF0akrwUHdbnsh8eGrTHgC1c4pUmZZl2VNiU5FoAVUpxP2A/FylHdBIY9PlLabDiRKNd/o2wFd0MQOnbR+tWOzcwezE/VfyJhaVETb33P5XQeTPRo8V2qZFSF/CSnBjuMQh6F8KmkUZdcNc9rIX+R1ZtSkbJV/0yZZOFLZD17ydEqBOEeAMomj90MMg/NMnBBk4oldUUjC8dVLIdkTQZB9i0+priTEAAjuw2ALUT8pbXTdpfQvjuN0nk6nE2Uw8cRTYJDLbYB44hwb4ARXE3ByJo8WygVal/IJ9XOcyNYlRk9nSJ4zNmRytHids8RulKHiPzXlB6o+sa4+qbaGjx9nXRJwWKuyGzNPPBuIZeRfr6/lvXSkNPv56flyuXgOFqKlyLMgbihyrFzui6ATfGhoXZl7tR6V7WBTE+axgMvypf2EdiSCSCBhSOhS+SpHhLKOYnkhNYKTdBgrcWJhwnE5THIwekJLBDo3GahwlUdZ3IoNia8J8PSoLcXe7Ecy6DOz8jiR7mEo+t2xS6OiTtN4Y3Lw4/hP/v6f/ocunA03uVN5Tn7/j/+D5x/+/f/mn//fbx//M/kQjziePJJSymw0BM1FSr/UQ/b/osNH+AOOuUd3z83j9n4D69puDTnuffdoNplMJpPJZDKZTCaTyWQymUwmk8lkMplMf1hdRmIIIlEk6jiQ64/VxbajFQuDWptIQgv/Yp1cNHa3CfdrbSfqUYScsHkD/fCeKAtmLJy6m5QmSqGfQl2IopA4CCqev+EW8XiVN5wU9pJmLe739di+4PlgUyK/yd85CSYBBOHYe8S18v66fi+5li6VThCZwNiJr/kSTgiDRLlCy22lGJdlJbuXzLV+r/k45VWGwEcIgU5G3jPR0Z8DgR1+8HxGzJEmlykVTVYRGwtpWU3Y6Ycuq58BheAwdVI+JwOVGKfTaSJXDw9aucYaoiIcgw6n4Bqg/eB0nm27Xl/LOYdxjDEM40DLrQFKOr49U3AgGgQ3ac4I6jHzS9bYm54ozWchHwGPdVm2qrIIU0pkWxLj0+Xph+9/KINwPp3L7PShP4lHyXU1/fL+hfE6wFfvsRd07nA77RiKUjCMmyQEfvdlVeRMeTqb82J5wu4m0WFE5pvUeYgYJ2FNEDvcxOl4eAk3YTapwjlZ7VVAeIMaFgV9bJIc+zgZ9x4n+xfwya9+bpTU+MIzx4RLomfDn//0v/zwp/81+K8Z4vMPTHF4+qf/k//zv/ov/18//ov/d/uwMyahx327AQQ64UntiBANVHrETe7hQfeGH8lhntnZafeV4q+7zB0xruoeAtX/yplMJpPJZDKZTCaTyWQymUwmk8lkMplMpj+sJnLECJRcI3XvA3GiAidZKcw6KDihzAAcoZN+65eUlTXYRcqQOSHV+9d1yxuQkQkIahKHwXv2OGmRPq79Jv9zsMsRi3Gfc2KQ6rq26G7fHRxxFZVA0KujpPjoDg1BqMYOpcjPRiCex5wgGkEoPNEBoAcCrjnN63Jd5pmgE4rUEfBCbAiE/gkOBoJO6NxCcEzel7mMvmyEgZAUHChMh404NPQEQTNsdrxGOoFMn4jxgRInDFuU3cqwU2xPIDuW8k54jfc9GkIthwO3Uc6X1rXsOc/zbb5hzgNl6dBZhnI2Jk5crTQflkpX64bDvN3PQL+BX1CW3qM8jh/KhgTiJAFN1nVeyF2mfH4+nZ+fniVApxXKS48ixRY56AxvHtsQP9sgV+0jjpQJVhiqWksoaqI2J2JwwrgJhpQhEUESMn+CEFAidShRaWDjmkaECGrEeBBPv6InhA4JeiJxS+XrVFvHjclMfPBqoLwdcYhBODpmuN3KYkdAHshW3VEAABAASURBVO/HO7cZxE8+JtqYyi3I7kF062w5ry7dnP8X/+Q/TO/+2S9CV/7NVBnzf+u//789Pf07/+1//v/EvMgdLhNBRkZp433oARv2Ve73/weAOA21P/XOV4gN+v9V5I4d4333VcJrw1cqT1cC+0rV54CcEHn1HXtg1InJZDKZTCaTyWQymUwmk8lkMplMJpPJ9MdVgCFKmI2WE7EnTrBVxMXapKsgSl069zCHHAhSPuREjj2o4a3icL2eQg+lug2Um7GllYgTOpzzYYDpDEoyicRXyAWzYiGajON/rvis3cHk7gGFlu4gVXffuTBgRRv0CoeDUK6I2gk4nC1IjfzARtBbYEcS6g5EySoSjKf+nh85NgQ33G7L7eV6vc63ldxeEqfYiMeJ7kyRKRLTU04pAEoIpxgHHqPyGj3xKJH4FN5BK7zSLWUlJAKpmYhIubisgy2VCVhKPZoYkTgMQ/Tir0LdojHMNTpHQJncWcYwIkGhPOVtmefX19cym6fT6enpMo7jIyNShwgZVah2FkdaAe4zOu63P4s3tSUtLZdDQvCZkkWo5r5RdM48LzPvQHDPd++/O53P0zTJyX2HUuS6sHvTlMeWxJ9vUN26/wSxOZ2owQnZ/5DniPgAMQKSyeAkJIyJcBNiRxIDTZyYE4k1Ke8u0EZbqNw+AkfoD59lgTrOL6pzUHOW5HZhb5PsarZObdLdWLeh0IHqP3UPDkFt40tAobabhjhxEkx5LnyEd//y3/0/4PSDM32x3v3pfz6d/3v/9X/yf13nf8VuMbklSIHX56tAbWKp43avJ3C7zUlbSfQIRk094i/eit1pG2pnArurlVPUi5cfvHloO7Ne0GQymUwmk8lkMplMJpPJZDKZTCaTyWQy/QFFjg2YJXwDj8SJSGxOvOaaiN3JsQCINXdjLzG/UVD+maIkeygwdZIzO02sGzEwTjxB6JL8M/zdX0U8Tj5Rtb67UCVOKlBTSRGhG6SDSoXAAYb4mbL4ZyGHZm7i9Cf+AOI4Im+OOlT+LcPvfR066hDlCs3r/Hq9Xm+31/m2rYvnAwEq+CEJO465FfBD+RJxiPE8TuMYgwcOS8IAGEMcylXc7keiXgLQMQb7nKPUoNO6IblaUEW4nJaNSTwXo6kWzXiPvxt58U1QPADTUkQtJ5VDf3j/w9PTUz+wfFl8m/5xDtxn+KHPIib9zq7GhvQJOPLO5jFY1tvtdpuXuXxWJmUcxmk6lX9Lx+t6o5VAeTqw+5rA52rgSPk2b39x97drXhE76oG5fleJE8ZNXCKTEiJL0k6cxEx/eq7+C3RSFgfjJs7XeJ0utwiF0/KCh6BmnUhboN0lcmkiToRTkVtUdsKKp2jK0R2A023cEyePxND9baYr9W6gGGAj7iQnzK9u+pf/thEnv0bj+R/9k//R/+m/+P/9X8pDhpOzUuZbN7LA17ngKC5UO5uePkEH/a2aG4P05sOdl54GYulEw2EHJ7P8eCsd/2+ij6nuG5PJZDKZTCaTyWQymUwmk8lkMplMJpPJ9EcSFwP1l+UPpcNKnBAuIcBBX2XWoAXXhaPor9Kx2id8/toS2MFX37aNkIVtpSAPMuwgjxMAtfjQn8vDHusD4O5+gY+uL5J2PYJD51DdV1q1Xc7ra+Ef1bjF9cERclpfSZLuRE7Im71TUM069jazOFmGERJGOXjkPcM2xEAkh7f5dltuy7Ku25bLKyXiBtQRxbFPikxE2fZDCANBOTiGOA0xko8KDkFJg0DADtMiRFdU9xUnPjStDwwWCISRKF5mXRYmfIiJGcjnJDK4krHakGRMHv2BNEDc0iZl5XVdrq8vH19eXE7TND09P53P54YW1Pdc2RFwDu/Di9yX6ucBFKxVc3XgqFgMcowO54osW1opPyjE56cnqrtTfhMjNv5AVokfhASS6EXhAMe82YzYzFEwdwhFxUsYJ3HOtbsIa9U/U8JIRgGCKEyHonOAPknZs69JSGUO3IAQkosZKU+HriK3HJD3CZ9R28st4MHOhC/l+in3gWgatnYpOyTO0GkdIAMVQtGURakoDCdeYQ+I7MtdMJJ2Q7UO77PSmQfJAHoyZBECLIv5inr5ANBAkPMPu+sEXDNeEf/bf/t/Z8TJr9Z4/kf/+J/9H/+r//j/tq1rWdY+ct5VDIoI7f8XkKe7bPO8t2c8CBdF/Fn/TMX6KK6gnRPmhJkhAdPuABYlTlDXlX7omqtKv3DqUnobVDOZTCaTyWQymUwmk8lkMplMJpPJZDKZTN9OUvLT8jyjGWqA4bhsDeSowckLBH8wC+K0PIldLALXyludmXfJrU7ZYlxcq3brF44r7MgXzOu6zMuSqNId6eSlIEqIRmkAxz9QqTt4hJbgocVpqpaX8yeqgdKFiAtxGvvg2bRDyBYKkXDN/YIPVW6F+8TtkdCZA4oihIR8K5VSBmC0UuqlZsoDBewx4ZhvgD3ERk6lzEjZleAH+jJL01P5h6gQXNbldX693W4bwR+Lz+kUffZT5igYcq9gg5NSHi6VeA6+iWOZGUrSidM4lD2GUr+nIaJ8H4rKoDJ+ztyrrHE8SgNIygybpOREfMtWvtjI5WRm9kKsDwILuuk7xGUomcGmCNu8lD8JGFqXnPDpfCmdOk3TeTrRYKXciI06/juW03Mmurh6UZuT+wTY8bCYsbVQrE1kCZUNSvwpiyFn8mFZ5nVdyYwkxmk6XZ6epmkMNBrQ8ndcq8CjYBb6J8jye+SzKgXViIuItf6uiwXdfhKJOWr2O0iciBAnApoQJlI9TiAhpecQfYI+UXoOzTFBJ/xOh4LPchOKMYksatDm0w0hKSbON6sfOPSC+Rw8dEWUldaCnczilZ6hZ696BAn6hKo3wIBuFh+nukFj/C31nhdYGYtyF24O//yP/zd4+Xec6Tfo+ft/7x//u//7/+qf/z8gKHHCDxa3+zdhXaP77aT/3akUUHbszuLk6Hxz54ID+zkqewTis/WZrKUdakT8BVSayWQymf479v421pJt3e+DxjNGVc251uruvc85vr438cu1sYzByCJOkHGQklgojgVREikgxUb+4CjYJiAESaxgAQIbOxJCsgxRFGEZESMhA0LhgxGWYmQ+4CBIcEReZCDXzo3j1+T6nn12d6+15pxVNcaT8byMl5pzrtW999ndvc85z3+vvdacNatGjRpjVPWH5zf/f5PJZDKZTCaTyWQymUwmk8lkMpk+glr1HMWeBOQ3bQEnxAmZaFTbBgc9a7L5SjrUXw6qeUrxI7lIYBAwRYgTSjkhbw8N7gAiTghzGYi24EAZohywYhxnYR7A378nP49E9hGx9CiWwjdqQEjXhXZk59OwGRi5wlZ75bAJKpFKrki7cK9pI+07/gyZlJKr12yiXs57FG7HpRXTMs8Px4fH43GeT4mKuTQynC3kIw/IwJYzwGkn0zQNPkx5YiCM+aMQJmZM2NeEDDamXEdudd3uilLJFuLL54SNdeVAI+TT7fc3ipqQEYsm+sQU3XbQZTHIsMQY8+G5eH04HF6//jK/vbm9fXH3Yr+boC0C7J1OujnYLqftWbTT1+xMLrfUJJ3qqjKSbYkX+oSSfuaZzE0SXWy+8P1+//LlK9lHDo9xy0h0WIm0WaJHSrG8XMC2G3Wd4EDWIzU+ptiZFLJCM42gOkQk9fyhDJlIlEXe4lGhE2KqIrMmiX+QYrHoNxFGzjN3InetkF38gmigskzxqbEr14YV92moQe9IAj0cJLQRnN+FG8LgTH7zx3XT1lAHXSN8LeTNsjpc8sRU4uTVb1g/+8860w+tz3/6Nx0f/sbb7/95ognJOalNdgsg60xMCqgnmzxTfuIFtWkW9FkKxftms0IUMcHOzabxT8+FmZlMJpPJZDKZTCaTyWQymUwmk8lkMplMpm+zKg0g+SOSpyM1wcAOI8JMlCAVJSrEEOKqaQHvmfhr8L27ScMCym6OzRcoQ4NDXZY1rs6VLJ8CaQQ9uYdGvWBX1sa+F5dkQwe7NF8J1+rjYdttd5nrIJ/xyJyfFLYVdi76b2GE4gii1yLOIWUwUTxSwC1xvT8dHg+Hw+nEhAfyBXvUCi5TN+CC8wOPjMA4IfiRt1Cqjpf8HQrW4VO4EnNUrkC67KGf62XJ436cV4IwgA8cd9PotYfSx5R65uN8YNZ1PZ3INSR3OzcyjuPN7e3N/maaJj5FqgE3dSL68ecV4r6eajuKbKTku4VKY8uK3MN5mXNX8767aff559/Z7Xb5Yrtu4NnivHqu+hre1WnZf3DdNbfDKmTCt5DyOHqC5DhnCWL07GtCdjiY3zpJ1QGhTBg6CQ4nzBshJMrT0TQUwHqX+MZ/KTJQT3pxYSUwRbc655odRWkDS7KUsjcbJ5/O4uK9BduT0wAhJ7EAm67ksVicI+iEw4XmcPP4S/6+r7taTOf6qZ/9L8+Hv5Tio6tESF2KhT56+mh4YgeAZvije0BnauIuUC1jTUwmk8lkMplMJpPJZDKZTCaTyWQymUymHwNJTZzIA9fqhQx8BPGBuNy//1vNR1whTpw7N004U3UZSeQwIeYTGqFSOI3ghaUoNiF9UZv9EVLJenBOkm+257oKoFxaU3DxXKuuZYvDLuKjGFv0FivwVEG27VNGo3c3YXzHlyHlYjpSqs7D8fHh8HiYZyq1Q7HrEMhGXnkyFyHohB1IBu93YdiNw40f6S1hKC5Q8y5o5E2Cs0stA1Qxi2VdjqfDfDqRnw1H6dBvH2oeDf9KzxSF84LJE/d4eDwdj3m3/U3W7W63y+2ABPuwe0o/HR9I5FOyrtBZm1CYDifpHE/H/Dpf1H63f/HyTiaC/R28rHm+UgJu3omefFUNuXlX0B13bjpTbyFK0iGXHgZRCDSJya3JJyTQhNNtKFUnDyXBJchOJz5gCkyH6RYUKkQdVGTIm8eMS76G3WAbsjZ6Xbdkg95sMhweKjEDDTaA93GkeUbVTkVCWhxHQOk7Rw+DPGSLw8Xn+4Ssi15/9++m2C3TN6QQps9++u/58m/+GSwxaXoDoHhCpev3a3uEtodgxyTqY13f9msE3MbTSHavyU3wtZ1OjFkxmUwmk8lkMplMJpPJZDKZTCaTyWQymT6xsMiVImFNyRB4wsPW9MAJzCFOJ2VzO6YLEmm7b3wQ6ovI8S7kkxEjOI3SYY+PUFgT6NWak7iccqZeG++KWsfc5H50v/Ub/oDbASknwE13N84R0N534wau7y6oVwt5nChxAuw1kmj88gim4xIfDw9vHx+Op2NiRIGYAYBENjNOGsh7EwziPGMGeTtMRJyMN8OYXxB1wmRMPs/ggU6G/Zg0k4t+ClYe9nWNeYzGYdzv98M4hjLs/XC6mrXUXbBQHbmF3O3TkaiO27u725tbgTl0T3C1lt3Py1dFOgAcOHj6U/1ot99L5Xqe58Pjo4wnebeM44u7F/lTNYDpcCjxd6kuJMr6vF/tWw7pd768rqGLjmmH8d9UXsuoAVlwAAAQAElEQVQalpAd55HdTSKtR8/uJoG4LLIE8Y4+ojwdgk5SfjvwbAzsaBLUNoaa9HqbsHWIa6kpHJt1jczaLP4znkrxKEpg4W5DiUJx7yUokEI/DM2waNsTTgPKa4tXf6Q8HbeCm10eDzePn62v/jPfDAtkKnr53b/z/vv/73X+wimUJo/ChpKU1SJTlp42OOH9OV8M/MWzHhye3R7vmkgAS9sxmUwmk8lkMplMJpPJZDKZTCaTyWQymX5klKALzCjypXgoDEL5BnyBBrp6oHwuR2p4y0X5sttzoxjXeZbcE1CDDYnVoWSZ4g7ieuLEdSXyi5o1bngCh5chOT0D0ef19O1gHzXSt9mauGwWmmUKgSPUtCcCBIL6xQQQ2xNy/8C4xnzpay6sP57W+4eH03zKHcZ2HTrmoAdBAD8gRQHlnyG5m2GgeBgyOEGmAZCDdSgOSZwioHhSlGQVEBAlEuqSOFiHlD/a7XbTNA3jOIQBOiOZLeJTR1zfno6n3OelzN3t3d3d7V1u6mzQnAbotAry2esfxqfgzMlmPp1WUVwlPyiP0G7a7fb7cRzlcjiCB85Akz765n0q3ddGyV0emz8a3JmhCM+xwFCYZGLESSYRZ0E/5HTiyeZEMnRQ1ouXn2Jqkm8U2sExpKIwieQnEZtSh1TREChoS1na/RjWX5uuu97Vh2ECpmQ86t3ortw4T8lvGmZvn0IRUcfzhTOIhSt3L38aIf+GNc+oy69B0JPjd37T1dvV9MPI+/HVL/17vvjrf6oHD6vZyVNHYYXasLMuQX0I8mdtphCg9ze5hPsuX7v3uw8v2jOZTCaTyWQymUwmk8lkMplMJpPJZDKZTJ9M1QZEys2+2nW4Sg2od4gmdnQHgsNiGgLFIgQkmaNyJxuchQ0/cvl/Ja8N8jihHTyVoENg1kSwEygWF40GKPV1rtkXZEGLpbnNWjZ19YVz7eztq/fiBUHJPj1BIrX5XFDHUp5P10qfuLXugGpv4loSEPuTeEBmaNi+BZ0CPDHFeV3mZVnJJmSelzTzIJSB8rIbMRNMrgQZMDaw8AkHB7e7kTCKYRjzePFlqT8JDU7svVxan1GHTgJxBDfJB00TNQRC+VS8pqv5amZGJVcoC4l0PB3n0ym3E0K4ubm9ubmZpqkCHBdjpjPQj5srVM3z0nl32DcuZiq0CGJM/HqZ58PxsK6rY4zmZn8zcNSOK5hLOfB8bPCrO6+cXcUzuw1dUVx6wKwJ/wWCTlJ+C3J5iD7mJZmGiBAxpBSQEBMgrIT28eSDQsTJwC+YNUEnv0FMKAhM4XM1QItsUtxT5XzUXTaHuHZtqEEprsz95tNren5QUB8XWDJYaFPSv/QiD4kSJ+DyCl0d5J/o3TJ8nu5+ndmcfAi9+Pw3vPlbf245/aC6mFzSgueSp8F20UB7EOqL62lmrYX6z8Nz7invkK0Jk8lkMplMJpPJZDKZTCaTyWQymUwmk+lbIKmG+1oy7MxFKiwgsS+MLeTXXsxOyi5a6a5NgetyZyryUVvj3WKRY4YgBBhC1pCSU4MTD5qswkfU34VCEFxAX5Rv6KN76hvytLMvhiT+ygjAOYuQOD+oVPGhr6crn1OuzhdMxOv4MTfDHA1xD6B2LflnSWRxclrXeZnnZTnNpxjZlOWMyyGChs1mONlIeIM84rsw3E27/W53M04D+6fQgZiEOCn+FByHBGSrUXGNvDVFwh3kXIHDfsIgf3sjAj6ugyrYFSXl2Umohx8Oh8fHh0A+G26ayEjk9va2EidPUwdQe9JNaBvtM8sQ6NM56NLjGW4iM0L4y+PDuq65Y+M43t7c7na7cZouQoLc1fNuJ1RfvLfJgnb1mU8HzSzR/ZKQTOxoIi9QZpe9TAgpCpEMTvILH9nmROASp7uRx4lr0IlnikMn3osDkBADZxE5T+gi7aSNgoPQ5VFBvflLvM7XELYutVtaNi58Sy+O8nQWhAg0QjNBJy56F8EvN7/CbE4+kPLA7m5/5Xr6QSUKZfO19aOGN/UmOXsm5gfS5kb2Hfzk2qsN0SKP7O7EJpPJZDKZTCaTyWQymUwmk8lkMplMJpPpR081TgbY48QpOaGkRQkEEb+OmscB26+ZC6LQSofYf9Tq185p9k2MBAqI14UPjEGoTYj4brjKiKA0206W6otqa+LEiOFZAgBLAITrcnYqMlPKrBuvDnkF1xN1ikEEqJ1G4U2E3gmCjshWqtYCRIfzmvJ/8zIf5tO8rPk/jAXyKHVeyuVhcERngGu9Adzown4a7/b7yQ8DhenQOeSi8hlCuS6v7AmxME6STArlkwc9v6ChFt5Ewosc9nTRhTcBdSp3mJ1p1mU+Hk/HZVnv9mMYht2025fwmrwDbKNzwF1xBHkfaAGat815BI8snnwhp9NpjatYm+Rrub253d/cSEKTWvJsIZjL835tfOL9NeRhd6XKLhAQ/U5kc8IWJAmEIBHQJOGALkSJ0SHbkuI3wsQJRSsBcSd5Z5dAmY2SocNvJGkJ+nwTFDLFNZoAzsv7UFcz+6W4Api14JR2X3lNbnpPSqA+DYodkrgJoSxbGgOUFKxIyU+4AkqYTkR2OvEQwSfv0+2vNOTkw2n/4tfcf/Fv0isBpPS5evX2KG4o53CWF4ssXl1lqqWVS4yrW7Hu/NX7yyAVk8lkMplMJpPJZDKZTCaTyWQymUwmk+nbpZaKcF6P56p3cU9QiuKCBtBGnHiKNDDksrTPzIAqlyN9EPYBpNYtwTpeMz8cnGcvSLkzFSCkBbe4r3CVZyAC1C/24zZw56kmntoig1NYE9CLokvOH8bV4WlZTsvheDqd5pkokBRdsxfALqLCM8wilXYa7sGH/TCRwQn4wD4muWAPnrxeQDxVuA8MkUhiRWKnGPEFSVgGXXYrxIlX4qReiVabgdmOWEaegJV1XY+H3PNDPvblixe3+zvypWE591TizPmGfvDLCd8xcWJskzsvQMkyz8fjkXxi5tmVJJ1xJAJGLsrxAuuxocv5Ojvph6NPBl6pTvpEgyueNjR5yUUEMTKJDJo4CtOhSJ0V6TfzKJWIAgZKaIekAIpCJx365bcjed1Thn1wHDb/nn6PNj2xrt4ra70zunDvVPeQYAsWcDHpoLCbEL1ORN1QMNQJcKWNFK+T3y4AyfvoB9j9Mmf6YLp5+WtofRHw09STX/1m/r252wsYd1341fOr3ldg5InJZDKZTCaTyWQymUwmk8lkMplMJpPJ9O1QIR1KoVmr0SAVQ/3WO0Bv7+FqvI58lf2iyWv1QPHDSIkIBkYuEgfrkO2Grx4hfS2b43xcOWdfAO2pglpDfwJ9qNcIcO3b+3KtpRJ+7bPzYJ2zVt0ZyALqE+M9gwBrimzVEpe4Hufj4Xic13nhXCGULKNiVyEHah6PNMN/AoTdNL7Y3d4Q4gG7cQj0CRVzE4+PnFubKlYfSW0L8pVFIU5otBkTaTY2PJFn9WU5PEYhewgMWtf5dDodT8d84Iu7u7sXL3bD7nIu3DVc6Xk9U48WgoTbT3mR5EVzPB5P80ncTchhZRjz70C2L9BfQl1Il7lFH1lDIXdKBhQl5nBCVcr3VX6dgDmSgMDWJkSfDImhE4kjcq7QV7wbG+gEwIHuSiwD1HwjOn+SOvSwfe2wX+joYEMPFFciibcSrAwaN1BflEPePcGXe0iWFdu7cOYQxehgdKA2J/SCluTK3FTyLu1+2egnZ/pgCmF/8/JXHd78Jazr4R0sWENM5JmFV+ExoRXhyaagNfLe1OAVJWcymUwmk8lkMplMJpPJZDKZTCaTyWQymT6pPGENvrATPVmiVWbo4xKIkLh0tHBSYqxOIZSfIftBhUhQIlrWuEY2o8gNDeM4MgPRbBekvQ48kWo9h+noKVzPmjxBhHR2DE+BJtJ6Z3NSzueQQ29qD0ogCbSabImwcS08iJ02hs7mxAm1QSkwMcW0LGklj5PltEquEKcIIUM1wPyAkjdkRuEDb6KpIcpkfLG7mcYxv518GNgMhqeF4ATklJah8DoFOCG6h0ecYnVyR/I4DzTYg9SUy7Q0DicUaie5aoyS+77kl8f5MR+1m3Y3N7ub29shDM/xPVXoGVq4wh1c372P5qnoDPfkdHzICye/zoP84u4FrZpxzK97yqQeLkE/FT3pG/f+ufN+Jb3PUUNdvZKnw74myaPzUYJ1CB4ZEpB/CdEnQpxQLhIvNb6J8kdAPEpeKhTBQ9NFrimuuAmVgj2i3qK6VqWTgFDuXHHTQV9DshRCccqauRKNAl0cjz4K9BywueOuzX01CgJ9pxwMStsoSVmROk/WJtGhwCUrppWziOitGJzk3/QT3PQzzvSBNd388sPbnxfKiLCk9wC1QHx4oEtwcvWRUH/B2f0vj1c49zuS5bsJxDp/SmDhpbCsRbM5MZlMJpPJZDKZTCaTyWQymUwmk8lkMpm+HfJcYvTV4KSBJ62WuA1JaH4KXBsXPwlUWwSHSkQU/AQ0roWIE4YIqFw4+MEHP4675rhR2iN7E2qz1q+xFSAR2+/aM8Rz/kG4irqJEQSpj/qeOxBYRtpHJkFyUZ7sSfiSKgOBesVQO8nWJFKcB/aFUO8Qz9Ys1EJCykpJyzqfliW/WFN8PB1Py7zElYEbboI5BCJ+aLiK0QtBJxDAjUiIyT4ML3c3+2EcAQgY4SQioQvKHCVBXGTMeDgTQTMEuhA5QvSHZuEEcUNxygG0CXJqacOOL9TdGNdlWZcUCTrJe+6naX9zk3/nlkKZKCkhl+XwDIaBF69TPblskAHUxKWSkjPP87LkDqTT8TgM4353s9vtp90kuEkFTbhmjQpIlUkXm5PzfmArp/eMy3af9ypmPw3ctO2DmpqkEqOTEv1GIU6S5zJ7SBCizxfkiTgBRkxoOsnxhkfZJ15XyBlXvBibdYmgJ+Cwg8KUP9G+YI9vVWbqosvC+ehrB+1CmodMpVCwD6a6ou1sQ/eHSSJPJEz1NSHuJNCNEJPLSzXRcg55eyJoja4uDHfO9IEVxhfy5EcxPhKcZLvKL0Gz/hbQdaKP8h7ugjOXqktV4sTJE9VdcmkXh+NTq89kMplMJpPJZDKZTCaTyWQymUwmk8lkMn1sURIMu2v4YtoBpYbot4W9iim4ZpQh75stiNse5hWI0JgXLnznc42BfDfGTQWzGFVsmqK/Seuf1U3FbbgTPPvmfOfUUjbU64JWQ+ctSVNJsLxIEbxYmySu0XsJEnJSancbM5ZiAtMiR3Q40soGE+Rtss5k7pLiHFeKhsGYFAngEn9X3a1tekFaHE5+fLXbv9ztpzCKg0oo/ieuZaQkiUFqc0PV25QWwkY42MflcZZUHTWzcAUnwC5Spxq7JFwYN8niwYBxml7tX05kkhKkfpwwkklLP0tipXFZBT7nOYSLqak3QkT4OnrBhTxaj4+P9w/3pyOl+eSzj8P4+Wff4cQXUqKupjLmnmff1WL417Mt+eYEW+hkjsBeL8BeJrmzWcqPtQAAEABJREFUPoptCYFJnrvK8To0aeIHIp8KzQRMQLEXDxac5ozf4VGs+Iw732PTry4Cqr6AsvIC3x39vdReyCKFzcYzebd1WRGGia9LdkigoFResJSng24Bt+bf/DrSxWMSmxNyQFF/IWom3DjTB1Yle3h+A+K7M2ugOORsHrXdvxFnO181RyobnSEkJpPJZDKZTCaTyWQymUwmk8lkMplMJtOPrnIhn+N1+nwddT1wUDJlLoqCpdi/UVdSZKSA38YUmbuI0gaTA2y7UeJR6gG0s1a9t7V19TdRnZ3xkjg5q2wqzAFw9u19RihSbVPDZdTlBCkRBTal9nouwI4y8do6FiZA9skXfFpnCrdx6RSXZT7ltwJt+JKPo1/t98XnRH4TpYAThJtpumNnD05ckU+duEV4BYPaMKUU2TEF8jiLowzwUXlux3EIQyhQgK/Th9hsLCiMJ0V5Ma8zOY7kBodht5t2u3E3jgyZoFAj1ZGF24jdDD5XOO7QnGa+AeyzU2N0ljxO80x0zrrmE+93+6yR+aS6AGr/3TekbzReZ7NxgCWJTw5NIQXoQF7yQbCSBp0gwSgoGEryqEME0AMobst2kTp+qvr/9LYi77wA7e4lB6C3Cp6fSxsHPRVePBSg60XZPclJ2O3FLYBLcqvHmV7gAmSjMwtiAoKk0O0eySIGhPwKYNDJB9cwfl5tgHAzhT2BtLEG6pdE2benT+qHgGcP885uSGEUffyi6/CU99O74RiTyWQymUwmk8lkMplMJpPJZDKZTCaTyfShJQ4SFSsRjkLqgNDXrzeVQKxl9yfQE+IJqHxMLAERJ1LKFL+KEOgMeTuA3x7Z4I+u+FhKkgodIHTsSLFmaO4ml14M52BK2fMqxAASGJOwa9xdHptPKIk6tINXkAK7oSHoJHK8TUqH03FZZ0QlPvK+QVJ+2PeBw3+IMgj8M3i/C+HFuH+13++GUcJY2PVCslLKNEBX32dUhcq5DPjk0c6jDIHSdIaBhptiWPpab7nkQtuIDQ2zQSmtNC9AoMdI0Mk0DTzgaUv8xGtow7m/wYUxh7JKZUZoraWIM4uIk2XOHcin/M7n38m/yYAjaPpQBYMAvq2eCK34rqXwYeAoKWJHCDehYJ0BBTdBWjPICBLzKN5hSOzrIXcdrQp22kHQ9JFalb96WsR++yUL0l7X28YJzoVuw69ok08NcrFGuVLt5zXSjC4qIVbuClw4T2cFcjdZ0C0+v/DR4+pdlHbzTp5WOyVQ5UWZBzKl2+GlM31ghfEswwi7fw7OPXJKthK496JDzvgV3G50hab6xiAyk8lkMplMJpPJZDKZTCaTyWQymUwmk8n0kVWIk1JL1MIyVuOKVjVsJWW4WiU8czph+4pKnLCHQiDxCZEL3z10sqk8dohDYSO0vM4RMk+xIOfdOBd27EXtVQNaNBukXORZm8Wlg5EA33xhWGyQQqwKm6ek47wcT6fIBh6neUaXaiSNtOLFTYYCcwgoCc4PkH/cbhxvh+nFbnczTjvJj+EwlhLl4/y2YCvzlJtRt5BI1hLEnJDHyRgGkEvz3veDkPeFVK87yUwty0LbvSfghDN58lWyvUl02EZDjnkn/PHU53K+8gJPx/l4OuZ+59O9uHtBqEsWBQqpCQImCT/amIt8C9GT0qGGYwzCkeSfgdETStJJnK1T+CpGjRJtyR9xGV+5JEZPvCTMyDj0WEn1IaogjxOPkRpWUviAOmKNVYKz/vpif9N2hg7C2uZRYccjJLl9mT5KGqqjp0InniUaqUOJUwALutXhDE5+Vg+rc3l79NQUxVl5zbvKazOp/U7yfudMH1g+3Dx5vxIiJS/Us0SeY+rU1OuSJ7lkpK7euOWhWj6/bnZSDkXlnoo3lTOZTCaTyWQymUwmk8lkMplMJpPJZDKZTJ9UatzhOC4Hxd3k3FIB2P2kE1X6KobRBzJIOk/1OMnyhczwgTxOhH5A3GIEkJQr2dqciFWCkhXbOuRZqs77Uwg9LyPWKbhFaPov9hcfEu5/eUEfUX3cdd/7p0IpGYYgITb5qo/zfFpOBHMk8n8ACHV0OGGCY2UEXwGKNxqdC+BGB3dhvJ3G22Ec2d+DUISAJZCnEgXllIJlIIEuKa55xAljGIZAfjJErJxZFVS2hrAPhoHWSO4m1AJ5ssRcUN7txmki6oRPSlxBKvQPXOQWceDOReDG+Uhu3DR0WbBQ0zZgN3GUzn6fF0lNU6odBrdJOOpP1NER7sMK+8wQ5SuA40PkI7ENgQJHOYJOUPARQofIzoQBEoY8hMqgReE5fEdfSGRSpT8kwkpuga2E7qiclFThcYOY9LN16fRTZqbSQ18lZIjvd7VJgQ5WkTNHPn0UYEgTc9zC2Tr5YXBChk7yAwJ8hLwDeZ/QoCBEVIAgNZMUM8D4GPJ+2G6A7reT9aIzUsOVtuY630QfKhb3joSdbm3YCjGZTCaTyWQymUwmk8lkMplMJpPJZDKZviWSai9oMR2vZiDIX3CCP/SHQKU2lINghmEVQwtXbELY48QD9JYVLd2mt1So32Cv5UXcEibt4Nqdi08vdkboTlm5ASE2WtZM32fhKgQv4AwdlJNJtZ1pGoQWArSmuKxLvuz863Q6rmUEfEeLCOPCzIHyE8FT9IpHtwO/HwchTqYwBIeBSRSNKyqgAJQtyA4gYlXi2KyEslxy/ZjiiyhUx7sGfbQLbPYmcZ7ndVnyNs9zM47TMIRhHIfACUi6FMglReASOoUOTqiGGh1ZsqFS+CisFFGW4CbzcmJLlchAT5jopCTZIWscx547EScet8VQKrrUr5z3B4++mp4va2OlL1QVjxq8oxnyeQRzhyVVh28RcOo4kq+CY3eILWIYReGVVnYXLEfa9Iq3gNxD5S7yejdC6xB3+syop86Ec40YKMTJ+UU9dRfpGcD1lifVH4ihGpcAIxJukt8mNkRZEy6QKFgHgG1O8lsXiTXJAyOmLp6gp3K9jSrA6EwfRT1qV57K9d6Gwia2DzcU1jdx3u22d3An2gM0mxOTyWQymUwmk8lkMplMJpPJZDKZTCaT6dOLKZGkZh5aX+xr6K4vS4NkLLQPa7Fb0RNxzTijDVyzDHEdmgCyZ+uGqzwKdtCJ8ATOdYhD4S8E49CXV7GDzsqh/OItuN2n8jGIm/Kr636IONEkIumfQi98JK5CVKzLusZ5WfIP4RoFN2kXoPAK5Go7BesgcLKKmxzcjOOL/f6Okm1CyJ8noN/MqZDjCBQbmQKDSAoSalARcRhimsLESQiakwQJNsObiihNZ57zhjB4sjYZhoGsaAJRMLwGCgChU9YnrnSGK3DGNpyNvBxIp1vphFlrXPOH+WS73S74AUCIF385cWczeNXg5Ppcf9O6UhfHrWdOcxtJdefBC1+CmKeZAKJqZ1KOZuMT4B9Hk003hFim8NLhuj4b1mBvZCK0kYAAoAxTO3E/NOQbwwqFRZFlHqCbttRdBG7Tm7bCMxCFzl5xE72/KC4n/9CaxQj5LcElhJsgrC4ReuJhcRSsw1QK9T7me4IjsyjbSfkovsU48smZPra261p8ecqCdxKmpDPkXec18o3cebwsz+9z0KeuLLb6OJc1Z9yJyWQymUwmk8lkMplMJpPJZDKZTCaTyfSJBVK2k5p0V+6r5iWbrYJYgNayoXz1HbFE4TBhwF9Bx8qIeO8vqAIUQuVaj7B+gz0XppmDaaxJfZGgS3VB9+4vxnelVLVSaBYnzVzBlzwaZDqE7EyI4gCAhpvk9xWW4YwcTDEd55kCY2I8EXCy5EEYPcfbSJ/Def+lRyP4gDgB3E7Ty93Ni91uJFAgAdmW0KmJOQC1OfFeQBKChGqmETloUESPV98UYjh86EATQVTybnmwo+Am67LmHq4Mf4xhnEaK1BnGQgjJFDdKp4wd+jJ8xdpCMzFoOlKPhpDfReK0IQVcWCnSJVVrk3EcoctRAoAnkBF07vm0Ded6C48P5HfSSU+QZ0FQkBrQxNlUyUlGFTmdsIuHeJmk/Jv4kbwxlMuhSUXikNi3hXvPgFVjlEq1H5tbScWy4JmhqaRVWWllzXX3gDsDBfDqS3d1F2y/WwRWpGwdtyLhJpECdNwJaKlG4GwdTtJZ8j55oxfoRJyR6DFAzwLh31JyiTKqUlzm48mZPoGqwQmeLQWUFQXg3LseuF/pfE/ctJ2NUtezAqZ8kz0wmUwmk8lkMplMJpPJZDKZTCaTyWQymUw/jKqXCPaZCSCb0emXzN22OOi1yq+lP0EMCBfRmmBzOqk8QY+GnHmcQPMiQddXt7cpDtSlAnO0jrqSX9PBB/Vt27OWMDs+prmylH3E5QPElcTLpXPlv8AAqXQv8b4pxmVZD6cjJdwgznHlUXCxWkNAK+IqTMAmAbntwbmdH27H8dXu5m4i4oRwE0EM6DJBOAankStJCI2SoEIXwBYybZB9IXC2zjGSIpQo4Ia9RsgXg/J0hnEIbHIyQKniAlzCDJfVXSzWNQXAoAYlPgkoKSUlMjVhd5N80hDyWUY/BfZSGQRV0ewh78/Ww6cVbq8dOvRmGyhSjGaakiv7Sql+CEmhkyEhx+gwIkS+I2pWoxiTLi5Xivkyi9IOQgnYubSSAOlRb7eyLd4Ly9Jv8/3tURZ+wYW2Z4Cro7NRcvXmp8ZWwJVcTNjjxLn8c+LXeTd6y6TYSrZKFC6FoAtZOpEYOOGbck0Eb81pkfAn08dUYZQYv6spTK5fWmTNg7oX1nWJeIaG/JD9eCJhRxFHA05MJpPJZDKZTCaTyWQymUwmk8lkMplMpm+jtBTNle8KE2D1SugFHW4ieSDsbCEYAVEFMapbyVXipDtlbWTzt9kwiKXH2Tfhz0JASuUd4ByOadAJttMpgdEBJ6jRN4DFnMTp9/n1AvUL/hWIKVYiKRHGcVqWx+NR434kocdD4pH0ILsruiKNANulDAg7CC+m/e20u52mfQgQo1yODyBEQR7EQfNYkgYOlRHz5ZJDR+FoYlH5qHdyiQSCzMu68CFhHIYQiDuhcBvO/CkDf6ViDM1iQOgE6HATLIuEOpgHdeEgnXme81vBTYZh6OGSGmYEz8QhfV390C28Z0Vb82569KkdSJEkOAR0DJ3A4JD9TiRLCQLHHlWLFOAbyEvgji5WYnfE48eV3Jy0qbUXK5SOKTm77PNREEClHvc847M99GqEiWdfk2r5s+a3CaKk6iABWYtjDKU6oLA1TOSLS3wHVE6Bl5Awa3xDzXNcT3FZHFp4ykcTPLUFXb3hy33LNBxuEUW+JUpK2dONvqfOoLnOWwdLnww8MZlMJpPJZDKZTCaTyWQymUwmk8lkMpm+NarhNbXGB1zdq+hJ3RP5e+5O+Qcxe1B0A6tPBjXj1X/DA7ivCgGUaib/75uRh4NW2H+mzcuP+iJ7z2GkUrzsDFmYjdAgGwUssL/4rpORtYifR2qpNBC80htMnVSMheuyEPjwAfzow824u725uR3GiVJ16FMCQAyBxOMAABAASURBVLxgK16KvXVg8cx9hEJ7iDgJ4Ndc5z+rw0pSCaY1d5EAG7YfQSTcZBqJBQkytJzaU1iWq4OqbgddQBKUVB2lBXg9RDoTnST/zltzs8MQpmnylCCkvibsg6Ln6hOXLmmh99eHIFeuCDfZU14K8FdPAknugmFMzBlRCg+xJpyEpCYn5Td0mBUqySX8DhZMStY8dl5ACkX1OSf9BUNBh6BZqPDxqGesO24GCcth5a5v+E1/TLmRyLyE3Uqor4mZkug5QIczdPLbxbtTgIj6aWLzH5dXgyvGSlCcZHgVMXESV3LiOeVliynht8P95idEjTercJ1H5UxAbXlkwhDwidvrHAXB7QdwdqLyYQ+XFNwkbfuVKumnezmjTkwmk8lkMplMJpPJZDKZTCaTyWQymUymb4WID9CCokicOLSeV+rSpeRHHg4ldIdeJ8r/YHxDjEIYyxCEZSgIg6AsSdM+UF6gw6veJ4preDYX8TVaxknOjvqQSI80+gddt5crVX3pvGt1TnCSeiM0TRLixEnRvAyFXK+gHsXZJJXcE/KsQB0gseugEBDKkFmJ+PAFiOHwEEEyPAWlMNvhvZwtAJk9jA4m8LfD+GLa3Q3jQPuh0jlUz6ULF1sUBkJiMbZQuIcxEeqfD4EtMZRh6K46dzURa8JMTBYBJw79EKbdbppG6pFE5Ah0QjlDTrCWUhEuziY1e0UXR7FUcZri46p5DJEt1FDgnJ1xHHODuVmKG3JKO+QpAAitQXWQIT7GbR1xOicVHfGyUV5414XE1NVTKYpqwHFu9/FcnbrYbmiMUrd4SsG7LjVszguXzXiN1xkS29VUNovaZX+Pej0aSsLjrtBSkg0lb0dvFCi3ERTUBGQU8BIUUsiE7VNQuRMt4eOgzJODjp86OxSgJEjp5est5vkCym1DE0rROUDLk3xN0K2Ai3OLp5/VwQlwDWTYItwJrwIa2YTCcqmJEd1jxJnMaV3ycs2/MWmkEBhW8LGEUNyR9FFbgChaL1gfwG3/q4BYQeSuSm5edA0X0Zuq87JKSSLP+PnckEfwUG8iB5VHMSbJZDKZTCaTyWQymUwmk8lkMplMJpPJZPoWSPiF8h12fVlK+7wD5yqU+mLs7Br4q/BanK4ly2IWIvBKMWIoeyJjJRyskSvp3l/jTsS1IfniP+Ia+VCZAi1XQilcaiQQQrkE7DrkGvLC3ENSkwlINbsH6tV2/dDOeS6lVr8Tapw4DrY5mdcll8pTTZooI8YdY5+TAgjQ+PJIj97vPNxNu1f7mxfkcUJuJZrCMxC447mvXhGMVIkSEQ+fjoagCmWjk5CjRJSK56SSFNV8hO1XmDjZ7SZmYCAQEhLzWXgO8pwlKSQrUlCcKKBSPuXi6exee6RBOSjmH8zYiFMMQTaMV6ADd1Gb3iy/Nkln27HLr+n6ICuzkEDFo6VMWU+rYLWuqQzKU93Awlls+gAONtEyWh93tUZ/5WpkN3pB8Tp1m3jn1A6q9w5eL9NXuKYeD4UGqrcmtC4Clm65SvO4s5I8uA2f8sRAKM511pnaknIvqKwMvcjPAzE4mR0ubH8yO7eC5uxE0PstchfZAAf1xpVVkw9Z1nWe59Mx/05p9Xr/I4C7XBY/pH72bx9e3H7DbX4S3T/if/A3VveNSufEuTO4pH58BgHhZoU+327XyPnhes/wPwmpBIHJY0Weq7IAfaGplHErvy2AyWQymUwmk8lkMplMJpPJZDKZTCaTyWT6xAK4XmM826vVDjt7iZK0UaAQV+kBcBtYAd0mX+FdPdKy/BZ3aO4TF40ULqPPGNmYXkhtvlqFcHVT9qrXdy2lRU5GFVDAgLo7peqsK5XK1/wiv4wr4TP+zDmCHUsaTUFdZP8SnIK/nXZ3083NMA2eYnVyId4zHCFxRJCwEQXA6SzU4ZSPpd3Ad9dWjAPYC4PNV1ZhQShZJ0X21vDjNOVDQgjTbhyGgbxSxOFF/DPgfPTZXuWakUEp+ebL7ou/Z3PUJu5rGRH0fidO8QwiQrxv6U957OUs/W6X7Xy91J46ZY4NfNpl6CrGglU9c7Ow00lIugcHJTmvVjzsd1Ka1FUlRXZ1Q2l9FVSjM6G4ejIZo/Nr4F4mLPYQXY/h7D7Ei9edzUhpucNskIJy2KAk4Qq4Or84R74mLlGwDrgVKUlnJfqJwSgU/GjTRWSwIH8W12WZT8tyyi8cHVFdZb5x5sT9k//oZ3/Hr925H339m3/x9Pv/he+7b05Ky8mba4TW1vGI97pqNPJ+U7Y5tlGCja0T6qg7KdalKJ9+zaeLyWQymUwmk8lkMplMJpPJZDKZTCaTyWT6puW5gi5lvSc4g2bYgIg156C85g+rKQr0X1yvThXoXO9IAZuWt6rmJn3LABs25hogcr0E2UqZHBDC7h/sdOKKXYZTQqZZRBS3Dy7Vo0StcOJDEjZgXk7zskSKjaEv5eMFHFNLpQwXaFZOcG4At/PhZprudvtbDrkJbKMCBbAJAlbUL/Vr31O9EiJCvK9+GmKWwUAAVfbXuCwL2R8IcsL7h3EcpnHy5DCRlIyp113pjj6YJ++T+oJvpRrE24RPC+nqmPecR+nA1+EGaphOR5Yge7hg9TgAIXS6K6nHXsNWenuQ9+pCb6ygq6EtFzXO6XZ2l28HX3JAoFqzKJelYTdY5hme78mVjag3Cj59FM+maxYuwpr4J3aHzaGbDmnUU9ktv6NbKFGeDvmaLA5nj7MQJ+x3EgGYSsq3B/e1MFTFdCgfHBkk4vtxPS7zIa1z6Spq/o5jOsr0UXSJ8p1jHZeoX7M6uQC+3DPC8x2ooVRYuYT6yK3/EmChTIKrQJdwhiVazWQymUwmk8lkMplMJpPJZDKZTCaTyWQyfULl0rCXGq8ACWc+CKWwWCuMYq6B1zJBXCn5Y0Ul+hNtm4Itq+EaHHANZXhnhEPlPOC8nolQvz0fE1e7sR4CVxrSA4vXgyfnEcqeYeIiMduhSgyjdFkovbWGpPJwmR/c4CCA24Xhbtq9mPa347jzYUAIvqIA7HTiyoB7zs5xBI/IDiEEh4XDECjGIXYoD9uvrCnGNsLeM3GSNfBB3lG2SYI6MApTiHsHtBkpVjObYew8CC5Hvp/crweaXG1TFhIFAaUoHFMZZhkFTYyROJa+t65jVvo2331qngusqR3bdV4YCNgu7uvUyDBeEh4KMl0fo7OFzjDYOZ9Vrls3PnFj9CkmZ4YV57tu44PKi96HAtXACNXjhEJzIsIKuDB0Mgd38m4mgxMkjxMO1kFBSApgwL2WyaBbKcUlLhz/tK7LfFrXEz8vgBqmwQnQ+Z2YPoLOjHJ+SJbjHC/sPukRxrqQhTWRaDBeADViCQSvknsfGP6rDbUngslkMplMJpPJZDKZTCaTyWQymUwmk8lk+raofaV8K2jfMT//ZGPycQmjVJeFjkuojV6WNvG9QQG4OEl53cCRhNAcMmrUCJbafVfkh/MOQ6vsE3SCbB6SyNpEsmt6+KIhLw41/qZAJ55Hc3QwQbgbdy+m3c0wTOAHxACK+3g6SuIjekRAnULIJcVzQEvpkFAObJ/B/itcqV3WJcZYgikgDGRwMo4jOaOImQrn9/iN6wy2EZMGeVh8hzpUc5ErE9BN0ztZk6/kNaJTxiOtLjOY+ELAh8B+LalF1LzfGb8KDZM2HA2PGKUlKT5RF3B6vpXBF38UcpkBOVJ5oda8uPD0kEfnMMPvndsO3LsuAi7uw+tHNMSk2BgVt5/CshRcROr/NBWAUexMPM5EnOAJ8gtc8m+H0eMqo+ILlZOgOwmhQ0RT5ZtojesyczQVmfNgWqXTEVPIN5BHd8a+mT60zmC9i8+vYYYXL54jQJp5E7Q37R7YEiey4DvGTZ5aag6E8hk/HQw6MZlMJpPJZDKZTCaTyWQymUwmk8lkMpk+sc7ID2EfznYp5WjN2Ojrj2d+GK5+Bb24aJRjmgmKuxavI0VG5go2BhXPdbx/05wUUIARceuoVf6EkMprTTnxoFV1sWbZDoK0Q7ADR4RELnFSmI7SJyltmQZoMUDF5kRSdYCJEx/2IdxN0+2023k/pLxR/CPKUSBjVMaEDVoYs/DelbyYKLlAuSiLrmYhkR1KIpeT+UTJPCEQmeHDbsraDcNQKrOpXVlxpXHd7Jcx17Gp85hKGFG9SKZfNisk7ybBPWcTeoVAujZoZx9x5IqyPXJCcnkBuS4PF9Ebrpajr0n4ladOeiHeExsppY0TcuIVOdE9mmHDUxo0pkhybgrfw944Go/DrTvfl++hQVDPl9Pr9D/1ednNPaPOogUqDiOoFPBdhOrWwysIgPJ0MM2coUOsiROPE4JOIpDNiSAD6Xp3dKqIOFnnZT7FdSGYKC9NGhCaJ19ceAQwQvOx+FjCM9cpd26Qg1ujqut656rVXeoCySsm8SEClykxxx8luXXE2gTKCmEuD9kcZZUEL5PJZDKZTCaTyWQymUwmk8lkMplMJpPJ9Gnle+7hooj3XIERoCttc1GZi4BSWk4X1cdKDCB2rEB3eAFCYGvrsPV9YLcOdu3YdoZqlrHsIG2nylakpIYS8jGCnkYAAO5c6UEq11JL5GTMkChMR1iTAjFgOa5eRYBiKcIuHLmKP4CbwO/9cDeMd/ubm3Eccj09JXIu4bAI53Rn1K/wt6JqrrsLddFRFoJDaBKFGGfkwv26rg5XP3geZJjGaRiGQPRJ7vyqBiagLEut/hdoob2WPfLuSXN7UN1B+no0Ovc0t3EJkZx91NuN9BPdQKVicCLXTlfhvXS+9VGn572AhL4b+F5mJ+eFc5lRPh8vRf3zfAukIZSTtRo7ErtSuSLnmscJPNWMHPj0R19PXdm/tAleZgBkAfJJUgk0SuBWwJNLJ48LusUTbiIGJ6sHIk6ACRVZo9j8ghxDA6hBUz4u83w6LsdjSittldupeliUo8pt753pR0j47o/KNLcFSJln9IROhThht6tm7SQ7c9iUK5k6KPZHxiSZTCaTyWQymUwmk8lkMplMJpPJZDKZTN9yPVncvizeN45E8YJU9qzHBNy22MWyaKICPP99++c6mVsIjUuAmhbj2ZZiJccO76UK7tT7pBqfuHJYrm6iL4wGxz2keVmKxwnRJ/Ile+wIhlCsWXxJfMm10YFOhiG53RDuxunV/mY3DqPzgVJ1qJSeP+b/QFGcRpykfkw5nKW4s3BVn7pBRiCR+Yy4RkrVmcYxeMqdCSEIcVJdK7Yjmp7JwpAZzK1515w4vrYarXLpiwPNSUU+rShP3S1fBRTfm9JbLJxTkvrzN8BeXPS6drMji1xZyzw++vfdOMTALjWImxwSvOw2XLzYSNazB/f8bk8K3mN7x47Rpcv65pPzHUTECboZ0smno0sLWZsQcbIya7KSzYmY6YhhT4/t6AvPrcZ1OR0O6zxjYrceytuJ8CRv881Pr+lJQbE+qm/fR/hV9+kwQ9RnWeSHazV08mp3Iz3Sf1T4scg5YdIFSsIeAAAQAElEQVS5iuChmZ2YTCaTyWQymUwmk8lkMplMJpPJZDKZTN8Ktdr4k2XEc3SgpLGAuFO4zlVCy87QvtcOmpCgZyktdKk0vQHG+8Q0uK47PdrSeZoUtw56TZwCby+mH+VcXursrRiaxKXFe6FMlmVhjxOMWMwYtm4fhTjR6BlKJkm5PooDws77u2F6td/fjuMg+UFEnCTvAh3JxIl0tATrYKMedNj4c6ZeQM+eC7VrLtavcUXuFCEahJoQa+K9z397YIJbK7Epna8FR6fo8Du3iUZK2MJxvg56UlmTrZ9Na3DrPqIhPv1gep8vCHoaaOPD4wt3UrZ8o3iCDJ5MclnH51fo8N1ZQkO65sRwtauXBEtlmgTjAvzADEbnKYJsMUF1fpArhZXCdNIJ8IDp4Ak6iY7ydCJAfpH4xkpsZVKbUDgI1TqFVu26rqfjfDxiisjeQxzdxKdmUKVeYH5XkpWMO/mY+gCjvb0D5ElUU3LI4iTyYigGV/JPgiRaiX1V3kcPycvGOX1slc/N68RkMplMJpPJZDKZTCaTyWQymUwmk8lk+jYJ6vfQN1uVC2n5CFdTVK5nHWxaasRJ2RnP9ivEiXOVk0DYtuK31hCwhRgUMhGKQbJw8qtVvBscQiMY+Cp8lz0jhITP9W6Jd3BUJD+dmO3g6AeNoqFAIu+UkvFKbYC2l7cgfVd/QLjxw920e7nb34ZpdJRdEoLnc7IpSqBzd2hBrJcP/Tg4t8ToGWpRX4B1pVotXeGaPx2GYRzHYQgDASfQIowaGbNNUoHudZmRnjiBbnbh6xX9t0yJ6ygl7HxNBDSplIn8dmp24M9PjZWLkMsRHMSXz76x2rPMdXFkKeSUqhu7hP3VNbip03B5RwB2hiV6hekMeuruqNapD4Ff4LUtjI9gKrhPrvMnlxdaOkE6IB59fhFXcBFomCI5lpTLKhCAvCxAgDr4kCPP6bjOM0MGxBnk30Jp8YH91LoaNgUf4KpN13V2E73PwD9x0z1/KCev0UTzozlxCprzUKUPcNnzLEOr3GZMLBWnJGcymUwmk8lkMplMJpPJZDKZTCaTyWQymb4FKn4k1WDjrJaXtqjH9tjiaXG9yWvqMlM006OvL/dmJE/rSstSh4wUPcP/qx2FAA0QUzklIvENpQc9MZCKZcuyrsfTaVnmJBV/UDsShyXcoXRYSQ+GUYCJnOD95MLduH+5v7kZxtH7kbvLQTwIQZkKKrBGPBsWQWxKMk0xa+F+5np97k+MK5tHKKKRmw9jGIhn8fWiuuHtYIZy9d1wtS3FFQah2dh8TV2iGLXZ/kT9VQsv07MmdQcBetR7pPfD6K8Fv2E4oZz9zMEE+3PV7QUJOe/D0IE/TVsrm0KTwJWrKoYxZVF8fXUHMxWSXIuV4qwoPS+qhQT1Khf2VwcUoINppkgdd4J09DG/iBy4I7eCuPtUxqRjTdQOhryD8pqdZ07VSXIbCWjUrc/2sNBWQO8zZ/o4+iZuofdqonsolBOD3zxR265n6Tl8O9LiTcKbiCuTyWQymUwmk8lkMplMJpPJZDKZTCaTyWT6Fuk5UkQFZ3YMV4gTQPc+FcjiJ0HGH3BWYkaJUPFXuqhMg+/63HEBEuWBaY2xOJNIDVv9M9ImSQeLi4tWN70Puf187OFwmJe5XSl3TkucSoU0Sf99yocTejI4vw/j3bS/nfYDUoDP4MWQhdid5q7CwSO1Xu8adKJmJZI6Mgbu0rouyymX79mNhfJ0iDkJfhjHISi20xrJl5Zi6fUVW5p3Cr9Wtk5fTe7dU+RTMTgRxESSgORC8+u+kY1ViyskAjY3HDlVf4R7/x7Cu4wYOh5D3DZQPW7U2ka365865r7PApLNg1h34LarqASQbvXOnSFWZ+V3UAuRtoO/6PHmbx16VwmO/vagLBwBDHQxQyhjTBE5vOh8/mgBN3s8OZwDzvm1wwVd9H51ac0fexkkvj2w3qhRbhNe6HxDJbcsy7qclnnO6zcvX093ES/NghpU8Euzdjx5BekgfHTm5Of+6vyzPzPtRveTJvDtJqz37PZxUdd6tw0rKNRt6tYdlKez3h7sbOJ0idJNEPyI1dRG/ylhByQvT9vy3KVF63nJAtuj9DSeyWQymUwmk8lkMplMJpPJZDKZTCaTyWT69GI2IRVbibT98Mm63pMQQ65kw1Be9pv715rD0ZeWy2thUHwtsMOVQJ9U3spvru/zpzHiGtnAAXyziZAYkI5pIAYCnGSbROUaqIieq+Sn+TQvM7me+MJ/RDp4yAV6cIE6pjEQ5GvC8MqQaHtIMPnwYrp5Ne1vw0jECeMmkY6SEBlXq6h6SZz8Q4E9udpPuSbshqL9oRgSCjFJKfdqXk65hWk3jQONbRj8wJVicgkhjgCLdcVauAU4my06F5zPVM+IsFnKs7V+6FCLp9UzSb21iS+Cmqfz9LH1rRjIXKzDzbHVqAGqOYK4dtRm6PhAYTGlCM4cUHUeodYwL5viCCPrUvw/zm0gkEKUXIGR6HOk8rljpIiWDS+q4exKrnvIvNPU58qVv6+w/uqSgZCXYEptHxmHvEbzxUdekBFwBiJOTiHl3wu41eGaL40cUEBsSNj8B84uUDgAtQVyhEqty7rMc1zXtK50o9FAy+B5GUBf784SLwXCXYH7SjzRD6k/9efu/zd/+u3DI46j+8d+64vf+dteOdMPqRKV5updzeE4Z5wiLxvntnd+2b8xZoDF3kRCefIzNBl0YjKZTCaTyWQymUwmk8lkMplMJpPJZDL9hAoUviCPkLpFy8ytNA9PHltUIxqk+JiIOFmXuErhXxGTai2yrU9isWxJJb+Fapn58GVelgXZUYSIh3KUVwOK+n8RIwjkPuJgP053Ybwdd/sh1649t+GH4L34AXh1tdh6BWCxv4BrF+uYOJnXuBJxMk3jOA4Dsy+emxVup8uveXbULwIsOpMV90NILEx6txUJKtIRKsE9YjajniHXiJOrbXe/37XXRiBhMu0jaD4pAtrU4wALl4LKgajBjYbEIM9zBVuY3vFBi+eejE5Q9gWI2myhrloPu0mq6NMHzZCpLWM/BBdCtiihJB3ASHk6bnFphjR7nB2eePuaK/zE80AZpGpnAV3TbTEREhBjXNaVEqFivq8IE0OFUcppJbYKxS0IlBBTUAG3kNoH1Z/402/+9//KvbxeFve//dP3/9ZfnP9H//h3X9695xo1XRMWpKnwIhVC08mHK4unHY3qS1QcTZgLExMdJcuSM5lMJpPJZDKZTCaTyWQymUwmk8lkMplMP57qv7NOv7bVdg2QEeJkkyVy1QyiE3TJPtvzUSGTqtxxVesOKHYWyj3AxqKjhKEIIEARIYkSeeKa5iVXylchThJ5OzQvFmBOgk1YvA9CoYBHN+Z3CUeAvfP7cSLiJG9mow0P4kTC+5VLBNfnziQJZxF3ByiXk/tCX+lPMfchplyyx3Gadvt9GIIYdHBDKCVdeGKs6uDUmbjqvvHDSyii3OE8dLnDFS65nNDCG20YjG+gA/y71LNli5qWFO8SwYoKGXNGIKHkMqHuWBgTKEBQxStkOWOQ9xrMlC88DEOerXzZaSC2iMxvnuzr5mb4Bq0aNqYmm62NtQHln9RMh/oqxMmcfzwuecUNbnbpRNyJWwCjJxIlooxdZUYAcYMMUKtlS16xjJss+YduqXWVPBRe4Vi7yQRWSuq94hkLy7+8Ml0OPk6+zn/0RazESdW/8xfn/9Yf+YU/9Hu/97M//ZOXtfNDiR57ZX07p6hJqg4l2Cgv/qsPiEqAtdtBVpvc0dxAFJIJU5KcHg9fITDMZDKZTCaTyWQymUwmk8lkMplMJpPJZDJ9qyTwR/VrqBtdh3Fc7lwNTjRJg3iLroXi2/EMGHH1I5SiJpW6oxQ1wXuupxdQAF3zUKhN1d9cu6QgkKxEpc0ELrdFx/rCHgheUi5B37NTy4AYYpq8vw3j7TTdDuOe4m4IS5gGdjnR0zshVsTEgYvvnHfD4+X5w1xTBaJVyBgiK66RfFgAgg9kcDINIbdHO6zMqWysJdxWHdRSxo2Jin5jHeofFv5g3ETGn3gd7lUIoZ7lbJ20Ln1z1Es9Vz1JHkWe/VQhFEQvo9AW6rY/ujoT1B2QbHK8EFJODGvYUGdN6IMfxjwlIV/1aVnWGPOqy3/evn1zOB5XYjcuOuc+ljr8pJBH6hpRrHYQi78LRk/5T7N3s8P8e/E4gzshG58Ejp4CTTIpQwatjUac6P1FiNSyzqdTpBW85FuS7qXe3USaKF5GbX3Ic8ELleYqm/ah9W/8u4er23/h++m/80f+1u//Xd/5zb/+xpkuhVffbF4oENeIEzURaulW1x4NejTqozKVZxnnXOWVmGqW2Me8p0wmk8lkMplMJpPJZDKZTCaTyWQymUwm01W1SjJuitRP6WoGTN2ItfbszukQgI2RSY2qOevMU+4GrS5ZKt6uVL2Ra5ore4PwDl7zdNoX7ptNRT0ysblI/i8fRcTJPC9CTMh36/Usyph48u7wNSCGAlUcBPAjESEwgLsdxs9u7m6HaecHz+XRYRh2Y+BTRf76fyVgSsFUKIACg3ARP62JiZNloXgaHsshhHGaxmkEDelJrjPrAPHkQDwbNi3ai7GEWn1gJVGeqtXiRTvPqOda8sjJFhmffO2X+0OpE9e333jJmPsDja1pq1Gvv45JX+zGRsA4XxAVrJ0FSvHgDCTlqchowfs8SWk+zcvy8PjwcMj/3+fFcVzmN29e55U4jONweXnwATxenlOBOfi1KwZALUQoX9jqcEVcPKzeLeDyi9m7k0sLfZSkvM8LTG6WFjEkY7uhBfgNL995nWe6IxP7UqiDhXJnPfWUj6gxS4B8i3nfc1Huw+u7n4WnPjqe3B/4Yz/4Xf/Q+tv//pfOdKHN9MBVcKQ9oTkZB6svU/mtd+OWhisPInZJ4edMAnmSlgemngEtYcdkMplMJpPJZDKZTCaTyWQymUwmk8lk+rZLGZGvCCOAVpKdr2yBGC1AYw/w6S+6nxXl6w5arwcJbSgUBSYyVMBUsZTkWrQOvVfDEm6By5ZRo0bo8GUlX4asNUXwg7TDh3r5Kn5tR4kT/kMeJw4G70d0O/Avppu7aTc6PwAGPihw41xjr4YQwHV+d7WYztVVcgqJyxqZ4RgH0m43hWEIISSmHeToZnMihd2z6dFMimIvge8VrFPBi8vtuGWI8gUmFnE+W58bz3LnGTJd+2Xr+zud4PtlaPSLpBI5uqVCRzoqbbyK/QvNeiDvHQWkBMnwnPtCzjeU7hFXtnLJi+2LH3x5INDk4ZCXznxa1sXJVRMyQUt0Xufh6rV9PdzknUfRZcjaaA4QEEEok0IeIXeSsCUf8wwi8VYY4AR4QjwiJewsmF+76N1K18/ojWdHCh906TZqCBkyArHroVOlROjW6ZB/R4pZinSOPKTbhSXRS+Tu4zoHIB5opw4scg3e4ceATn7zr7/5db/6/t/9xSij9wAAEABJREFU95endvgT/+e3P/83ln/md3x395ORtPOeS/R8r+p44+rjhuOTUhLmRD4uIJ/8+0CwoHPN80abQEpoAnFGoUwdZF+olR1TItRbnWytDDoxmUwmk8lkMplMJpPJZDKZTCaTyWQymT6x2ImgWDr0lcTOikSK8KiFfN99BGdNaYyO790s+BgKhVEbjB4haOAIS9xEoBIrrS/A0Tlk8lHzUuSMtJ0Lk0mDU8TmxHVfpYcSDUJbCJUong+5rLksy+lEfhVRy6JYgj+8ZH0IQkG+Jt4HIk6CfDM/X4b4ndyMw924ux3HafCBEl1SyDty0ovLFVVfLCailtPpCjTVx+VB8cVQhe1ayHOF4n3ILCTspomoE7LMELsUcYuQcUt8djbgYP6k+Az04IUOgMxG2bWNfDWeaQ40XB52W+uB6DZzlD9a5yQjKUvCg2IDlTipe9aF5La17Jap8m6g5Ix4ufhYIKfaYc18oWUt5hwC4HinHhviWUPTzS4biUbbsUkO7va3u5v9GtfTPOeP8owf1/lwOj083H/59s280OvD4ZD3jSt70og/DdnRDCW4R6ND8tbBfURpub5evmA12iNX71ZyivCQ+73keQVaU4sn4uTkcM4bE72NDqI4SzBb1TvH1AkU/wloVid5fcZ1mfPwrPORPYfodtWAnM77qBJcWPrH7VYfoO6C3os0+mb0h3/39/7Zf/H7//5fe5I7+b//G8e//gt/6w//3u9956V3pnPVW7S8ECawzDg9U0CXZp+V5joqDnumSVgTboRjeRKjS+dBbsmh+yheOCaTyWQymUwmk8lkMplMJpPJZDKZTCaT6T31/DfcwTWU4+kWoJaYtbwMrniOKMBx1XKjhu9cqMboqCeFNMXpMxjlT0uFAYRSKNe3rR5PRXDvybWCeIO8o1/m+TSTy0msKQ1Y+rRN0vF8JV6Se5g+AUzBuQlg8sN+HKdAziZs11Aqohwd0SepKI3gGh5SL5hdQ9as4L2wLsMQhnEMudmCk0D9zShFjQAqLi5PFelbqdbBu1wM4IqlTWIsSQ4kn4919ehV0ETvuk50K+GHUpn6pz7dQjZU3tYppOkusFSe8Qg4+jxjuOapSYo6RGAWJ/gwDqP3+e2X928fTsfj8XCcj4SYHA+Pp+PDw8NpWSgrhsmkYRjJ5sZRwBIbgZQUEBlBvX43wDdx/V9duk6S5pMAbn1dVgZNFsc/kFaAGXDOr1NcKWsqD5bHUG92EBMVzdfpTyPN5+3sR7LGdTkd1/m4LHO+1SjcquRIdYfQDSIojOv8LYoDTmWU5Ofj4R0v7/z//L/7U3/oX/r+n/8Lp6f2+ff+6vLf/J/9wv/k93731/7yyZl6tWCdHj1BaFZUWKa3f0SU0BwHvZdSDTiTPaCPUDsj1N7975HJZDKZTCaTyWQymUwmk8lkMplMJpPJZPp04vCb65ufgACgy0xRx5Hy/3vbWjTIoPAaSY0RXMtMYbSAwjuifB9eitRCOXg5n9uQGlwW7TaCWKSclnlelyVSlk0BYuRoUNwEmC9xej3B+eDkBRmI7MBP4Ef5oXOQZwYRKeVSXHNzSAXBQVe+se+b0QtdhUTVjESZQAihuIZoDFB3LcUyQExZEOBa5VXiVM6wB3giUmdznMPLnVcKS0l1f8/dk066hg1BNUSps/70ib5poQ6TLgjwSD8c+pI/pUH1SyJ7GLG98UOQq82b8qUdDo8Ul/P4eH94ePv4cDgdhEyi5bGuwzSO0+RhTJripP49BbwQM5XOxYOv9brTycUcvM+4wFcrrucrd941mxdVHogYKDeHfE0gnsAtoEk6S15/HsjTJg+Q73ChhCW8qZtOXsaSeyKXui6n5XjkVJ1IlAB/rGNTDqEFj4ICSd/K0oFmhSOdb6MCH4872Y3uD/+e7/3xP/X6X/6zD0/t84M36Z/6o7/4+37n57/lN94607l6miSSPQlunKzKc7ztDq5GfzEuppujvGdzKEFWIlueJG07feBHiclkMplMJpPJZDKZTCaTyWQymUwmk8lk+kqqGSuXH8kX0Iu5iO5esxPcxXHF9KKEeYhZSN8YKaVaguyzXVwhMvT77GRGoukl2gHvPMEmbG5CITRc89bvwVfKAVyrmHNZO3+WnBbtY1yRKQSKUFmIJ4gpQlDDDuzcHLz6mijMEpg4IQYll0qjCwF2YbgZhn0Ybodh4p2H3I7aQkjJvwIcxWtFCACpqPJnkYuz6yrUCxTUpPEcXIoFyUASBAVqqglbREDBUs5NJZr7ifqUoAAY27Ab6JJPtI+0v74l0gSTECfExFCMzDCGKcDQRmzTzuXyaW/krO79tLEwqT407zxIlxLLe07l0NibvHyGkcJ0jvMpX4tbKPdoXpY3D/f3j/ev3759e/+WJiKvheArqwSEm4yOQ2moJ2REw0Y6CGXA9LS+djehOMp81Hid0hddbNhNK99UQGYvnuaWfU3SweMJcAGXyPwnV/XzWnTKbzFthWWZMjvCkI3GpXCbKJdNa2CZ5+PD4+l0xHx36d2LoPuGAr3UW0v5FXQlx6qToGrY3zUfV7/7H/7sV/708Ef/5Oundsgr5H/6J778ub+y/J5/5DNnalIfqvaYc+r+U+7kKyxb9xHULXxEcinpylUmryAp2I6FT+MkZDKZTCaTyWQymUwmk8lkMplMJpPJZDKZNnq+ctdzA1Lme6rYVzd6zqKhEjenr5xZOVx1vAB1jgAsviVStkQuXvd1RgEwuA6pLguSz1B5F4TSGWjuKOia30NiT5ETB+ukkgEEV1EMdjppHicF8hgA9n64nXZ307QPww5g9PknhEAJPpjShXtF5/egKRFJ4A6HYi5Bp8vHD8NAHhXicSI9YZcU3Qdb2V7tAWQXHRy3Pe95kRdcDSF60vIEXfS1ystGMolf5L4Re8FH0awmeGrZQHG7ecop5/1VsYfnduiuBYWuEL+TMlKMKlFoTIzLvKZlWR6P5GhyeHy8Pz4eTseH04F29GSLEvZjbiRKHggwfeJ0icRiTqPuDOJ2gvUktDSYg6JZnYZxGMfnoBPYvHzeuQEuLWtq/kjLzWlBUn1z2ttE9hEcneP9Aml2OHu3OLf4lDzdsh0ooqu0b53vYmZBAOvJWGldl9Ph8Xg8pkirxUPrH5AhkGt3k37mO3scvrn4RnAaX6WLHuF9wrw+iH7bf/7ub/+p4Q/88S8eHp+cl//T/+3h/oD/9G//3Jk2UkAMlQfcrsRr2V1XmuiPU+KstSO83aZZk8lkMplMJpPJZDKZTCaTyWQymUwmk8n0LdZZXf+q4CLDhQr96CvMcQaa9IRHczpxrnAVrTXoKvKopIbCEM1FBIqtipqdOFdNPtg0IRV+JSVhVnBmLcvih1AdO0pTqMVvjtch8AA825xokE2uke/H4XaY9mHcD+MOCDXhzB0qlXrkCj7/V3EAsXBp1iN0JVEhD+Y5AkXqcDE+n8tDJU46SoRK/l7CRmTEct0fC63TZVOUcWu2Imo80ZlKXCVOasxF5NiilDhehmdlHEegroHQAtSY95ct9COp8NDWBcd9FVXihFvefJSUgqhuIzr73GXk2cv7JNkz77XG9PD4+Ob+7du3bx4P98fTMc/9vC5rjHmywjCM044OyYMY8jSiL6uh560c0xKgBh+dN4PwTIkdaJCCh/b7m89fffby5asNdAK6xN02m0oMRHx5nYpjiryQbuTrifoBlqG5qLZDXV3cSbl+l8jsJTqK0ZkdOZ2skE75x+GcNwYXA7E26DTqpHnylEEtBAqK2wkNrAI9kEcvruucB3NeMK1s8EN3l/JafC8gGal4hZASrSKhCKDBKVFNjrrlkrQf/lNZWfyG/8TuX/h9v/R/+L/8xb/+C/Gpff7M//PxP/ef2v29f8eN+/HQmZvQM8FGHQHi1ItJ2MBUbE6SWJzIDtvwpHogLYrU/mFAwaP4CesjLScs5inNDUWRRHG+cnDtPjCZTCaTyWQymUwmk8lkMplMJpPJZDKZTJ9Wtfwt2jgsVP+Ps2OQysn5mFIjhlQtSDRvQdpERToI5GCllCS8prbqXeACeOq/zp6qsQTF4kQhThJKYIcQLly75xIoFHMHBRO4eLnGleqguUqeyOtiXpb8llAPJQvEJYLrmFLxFnsTSVkBpJdUcscB/H4Y74bpdph24zTIicVaIzeoNIILdCTKgBAhIyE3DJowOUPK16HADfMtuS+D13Sd4mOCjWuQ5KHiiVKgCCelWzUGkGwieeehsyKBvjILYokh8SbSuLTIKT/s1CEWMijUDc1rGHg3iEmZnsAX2iMmaoHTnezcm6N7LVe9deo4W1GNNOIL9DyASUigvAA8eMIq1EqDTGIcbV/zRBMUEXwirx335ZvX3//BF6/v3z4cHpdlneOcf8nUhzCEmyl4jpIJgYgejYbRq8hv8k4yUwL3DDAM47DMc/7Jc7UuVBkfp0k4oZ/5pT/z+eef3+xvhjBM4zgOw+C6gShDc2aega7cAE7W/+aFHohMnpSYmutGQ3rHeci3VAKNSKLeI6zezd4dHawDrgFP+R6AtHogUxsgSEXtI1JltarVBM+T3s0olA99yEs5rnE+zetyoswqirxynQmF3NIy0dLrul2Jge1zpI0BNN8j+FTQSdbf9r3wz//TP/UH/9df/Ns/Nz+1z//rLxx/fKCTr6Czfx6gf1SXe9YV7u0duKLs7IV8QrVH4XXJfKA6naTq4yQRaBIu1pN0JpPJZDKZTCaTyWQymUwmk8lkMplMJpPpUwk2GRpuyyicF7i7nWvJD0tShitRJGpc4OSL79031fnA5oDC9EmpWEqN0rfTyYGEGniqi7PFCXucaJ2SgQPfitcJhWhp2SACuaSYcll8ISABycQjF8vFlkN3cb23ylCJE7ZdQarJey7mu8mH3bS7HaebMOTXA6eHaNG+pZuAlEuZEthcS5Lulx2992xwAoFZE/khn5PKkOgr3MxDKb4q2OHcJmWld6tQoEHdR6RW6/vZ1AgMajqyZB/HfdNZ1oAkqQg7DpEpwwoOn6opvwcqIEgNqBvNNSMcVImviVSZHQMVhL9w52Qx5O3rmhcJnJb5MJ+Oh8Pbx4fjfDzM8+F0eDwd83zTKHuKCMIQiEoRU5mBhlzNFJKkAdG5E3t20FhRXIwP4yj0UVzX07Lk00/jdHtz++rVq5d3d9O4y+3sxt3dzU3eLv2RVTzUi6ksCV4tkgM+M1Ib8qg0KBFIm3140UWgvq9A7iaUI+VxRbI5OYGbAfOLFdMKcQVyG0EHeLZylHIhY52Kx9ACSlh7T2OV76E1LvMyH0/ruqR8YxV0q2TltMmsoIlz3U232cH1rJKM/CeHTkR3++c68Es+C87EFjjFlSi2G/fpMDbYRuS0f23kho+JU72imA9dJGxB2dnVf3ZMJpPJZDKZTCaTyWQymUwmk8lkMplMJtO3ReiwT094uqBXysfFuaBPzHGbmJXuGDX/AOh9EBR0CuMAABAASURBVLwruQp8/nh+VOlXzLXtdU1dt3wjTs47WrJimDJJcYn0k/9fGPuQ/BpCKLAGNWApcgeJuZGQHU9QiA9IMMo4DPtx2E3T5MMIAhKIMYaQGeo+AtXUgtNFpJyv0EmM6iDi/TAMnvkbMt1g2sQrIJKcusTUKytjcwEtNEeBzhaljECzRYEn8nS4R2xawXk6cuFe3VbqdIJ0AzriqKsTb5vdvn5q+VQrBL5ghU/6vdEVq47yw4YreR5c7rDmJYFb85KI1PN5Xd++fXM4HU/z6fFweDg8nJYljENeIvlnyNczjmymkAK20JtAXBDZ8pD7C3NGNEFsqwLF5sbT7PqRp2gaXtze3d3e3t7s97e3d/v9fgjUdgCyQMl75MPn+aRuIIhD9TjpBBcD9exQ1V2SUFDF7oSzeDqoiYfMe/Rudbh4XMjeB5PHGXH2ePIcrwMu+hKQw91E16WfFAhI+6k8FpTEHJ04jOuyrPT/fEqCr+g1SCsVk5LcnoBX7ZLOx6TZvXAXQunQJ0MK/sYvxv/BH/vFv/l0vE7WP/hfuHM/iapzrYY1ejtj6oyt3iF+0pVGysMIC5fHHidJ8nqkTX7Een56dnfLlqIzmUwmk8lkMplMJpPJZDKZTCaTyWQymUyfRM2MJHGtHXz7SGNc4PyIrkzeESde6o/8k8Bfsa+AC/8C1PIibj04OvAl1/Lpe+/IxIYrxhvA4MiWi9nCFfmINaWFPBkixevkcqaaWkjGz+aSGB1gWw9JG0EiWgYfxhCm4AfnJx9uhmE35rcQcj091/PFkUGq7OCC+mSUy+OcGuc0qEWIk/w3tym4SWDMJF9D8ELi0H4aB0S+KZelW6jciYdmI6MzAhu/Ftc5YvQbBbiRyJjIuAa5wPDAel/CdNiCxRUwhYYE4FpH5MRXVNEUvNxY+iF/U0LFGxrDVKI0oONOkJJuwm4k6GRWk4839/ePh8fH4+Hh/v5wOs7LfOJ4IBmdcb/PMxmGwHgGDXGeAyJQWo5HUusX8sJZeQxxned1WYL3Yz5y2r24u9vv87QP3/n8O59/9vluv5clHnyIJWqGgpTyMptPuYv5BURkuxq6mMF1Dh5tVvDaoOHVcdqMHmJnc4LiL+HkLpMhTB5WhzG4mdxNcBldvqzZkcHJ4mFxRJy4QGPOtzU20qObTjaSgfa+BR2xBUxeLHmQjnNcFrG14DbQg7JVTlp25+E5NR/LbQcF1CSoXEV3BwkX5j6F/p2fP/2B/9UXDw/P8RP/8N9399Pf/clwOtkuzjYpqXzO4BHflwgVjutu6fP2sD0cELEggk3lX6WGsBRCpVCKsnLe4RFkMplMJpPJZDKZTCaTyWQymUwmk8lkMpk+hgRXQOyKgLL9iWAdDZ5x7R1s7EawNNO8D8TFo7mJgOyhxUpXDFY6TkJTZLg8DiWYxuViP5I9CWMhoLACtiJ5sTchgxEqgJ6WZVkXiv9gJw+1NalXWjov3cu/B+8x8WvetAvDNA4jwOjDzhN9MnofXNL4G/YsCewP4dH3FfXSc7kSXJl7yRcbQhjJEoPNVJiNEFON3F9GIahpKONRm6pmJ3W4NMrI1Vos9rFH/Tyevc0SaxDN0ynTlDs25P9C4Kvq4J1iR9OPmHPST2hz3k2/661yHJ6ZcbR9JCJJXU6ghGWodQwDDvIauJZNY344nda4nuY5T+uXr798/fb1gbw2Up7iPPzzujBuQpyQHwYg6KniHVyrDgFjpOuRpZCL58klmpolt5/nZcq6CbB3L+9efPfz7758+fLVq1fDMOblkz8LXt03qObt/VhWJuU/JQzg42kpWUQU1kPQScO3urkBXzxythPzjHpyhTAX7zh/RA1hBH5J4AgD8W5xbgFYPeTu5OGZ8/rzED0kDoNKAjRhN0F4PocVZipRTxxyxGuZcqrmZZlnSunhEJ7E0BjfDIoLlSNdb2pUqKh27q25DZNBckMX4qSu+4+sf+Vfe/ijf/L18/v8o//Fu9/zj3zmfoJUny/lvZpcFZuT1HgRgPOH0RWhuDnR4uNDI6N5kVdaIqqsuCHprgo1AZzRjCaTyWQymUwmk8lkMplMJpPJZDKZTCaT6VMrCcrABUNGAK6kscA2g6PiBh3TAA000XIyloozl+rZYIPfYm2JavZXxEVHQQ1y9yLDFgUxIUsRXzNGhLpQ7qSDSaiOmWvjkWxO1pX9PPTr88QaaMQPVf8lV8WRT0kJ/oEBJO/GD8FP3u+GYRcoRmVIzidygxmoCbEjSSDNOQEnmD0pNfsaYZMowiZ6amoim5OSpEPnBR005kYoVsJf1Nkvx0iO0bIvm5S4iwpvhU4E9+EMHQYEWGJ5AjKfnBGTrwPLfKEMqCAU0NwEulOcWwzAlVcbI5QKTkABD6D4d4gNhoA6KGEb4JRj4EWZx+/x8Pjm7dv7x4fHx8fjcrp/uJ/jmg+l8STTmDBMUxiHvLvnxSZLK/9mnCiwN4ojkxqGWTw75SAnCu2Gm2m3u+PgnGna7Xe7Vy9evnjxYuA0H54T9XHIjdCSoUGMZRTE74TNHzihBzmXR+ChoSNFnizAQwNuzkashOnkqSqABpf0E52iJBLlQyN3bSUMxK/JLejmgGRw4uBI6w5i3i2IdQzqRGz4sE1/2t1ZHGHyKMrNnW+jdZ6X05zi4uhO4ItXSAixeZmUG0LlS+BOWQm6rtg0Azy2q1Omp4zMGbTzMfTH/9Trf/nPPjyzwzC43/c7P/8tv/HW/ZgruWZHAps/JHYK6lx7BGTjVVH3UczwvGFeLPxwT/p8JOKEn/l0pyX6FwlTvzqhywnjW5rNTmSNfQIqyWQymUwmk8lkMplMJpPJZDKZTCaTyWQybdTH1nDcSa4SU5WdDBW2AEqhMs49Lrh0qAVBV8vrXBTsAYveTEVRAyd2DY1qSJIcouYWjEpEIk44iEYCQRiDKO4bSrk03IV6EnNRPK4EnbAhBJEMuR+5eB6R22GzidKr/ElwRG3kfgbu70i+H0MuqI7gd8N4M45D3idh3hSIeSG/COAmQz5EMnYYlxC3EskQ4lp9IpsVGhMchmEaxvw7eKhRMtyBqPV/TB4loOj6NNVrFFin1PXhzFSim5FUh516wnYrsWSryLQEoms8XIlPUqRos+lZ2wlxJtgQM8R29P13FWnROCDuBzLF4dgmg1xYsIym97m/j4+Ph9Ph4fHx4eHhtM6cB0QDSrYkfp+YUGFfGu+CF07Bq3eKy8sA2B0nj3o+aDlRds4Y8jTQRNzs9rd3+9vbu7v9zf52P415tv1I0TiM20ROQxJvHNRUHPF46a5Rr4kGJ5LZCVNANBLsGOOGa9X6frXzzMktdm1o612StiMrW/L0JjZrSbSI/CoxOi7lH4rXQZxjWj05oCRZJLxYGCDZgkE9GSA3VZLQKBRaivx48utlmU/H+Xhc55k3NiMSurkuVu3GY0cTWeg+pieFxuhUpMHrAeIB4+CykY+g0+L+0L/0/T//F07P7PPqBfxz/+T3fu0vn9xPkDq6UJ9dWB+7TgASWvOxLKSKLZ37nVQWr4/OQVTvG3pW89NQiRNE5e3K4d77vlPMCxpyYjKZTCaTyWQymUwmk8lkMplMJpPJZDJ9W9SMMVz7Bjl0eIQHX17LEdBqiM10pMSm6M4CYJzzEJqVQBIXD6wNVjlGJcQ+ATmhh2rf7Mah/godFyHgQj5eTE1iSvO6UqSOw9gAB/YkEeaDzTA8F8sD+AHIi8GzX8UYwm6cCChBt99N+3EksiRhoNwdKv0HlLAWQgyYOEEvVisSeYKSd4K54E+pPvmo3JQfxiGM46jQDjQUQQv3Qi9gcwFx3bj0WUZuG2xUWgHXcSEykeTk4Rxl6BDMsTLPIayOXnsIQXGN7UKABs9sAZj3LvDqGrjgENSPhs1yGoDEcUY0UwnzSIXgI6Y3b96+efP6/v7+dHg8LZSbkxdD7rDYnzAv4+UC6USBMo5WhmyUSUoU/JIXF83BsiZYaO+EN/vb25vbly9e3t3e3Nzc7vfTGAYf/EgsUFneruTjqP1G4U7aGLQp0qljfCI01Er3G7aj1/uL+LoNC3ZUxqgL3AFNF3HQwkYSMzURIQKhH9HBCtRE9G4GnJE8TuaUFkyRKZykqTXedd17dvYUCOGYJa790/qJ63w6HQ7LfELmVgBKAo/0FNqUblVshaDCVt5BTWwCxmkUOnGu90rxH5M4uX9M/+y/+P2f/6vLM/v8ml8x/oHf/d2f+iy4n0gpb0gro3mcMHFCj1/eAYXPav+KXMxgZU1coeFcgQwJo+IGQXcrvjx6enk4Ot2kdJ45nZhMJpPJZDKZTCaTyWQymUwmk8lkMplMn159ZoomX7hWKK77VACl9xjpCs1YKukNVSkuJ1AQkTO1/ASpRSKnNEjMCgEcugchBo5+oPw0GCKJA0Wurecj4rIkxityjZzzRlwHAXA3vOPvxoMgF1wpD4yO0AnAD95PQGE6ecsYws20G9gcwnPSixfrDgJgKBbHc1E+NCBAAkiSZOowLsNEC9ub8C8FcXSUil1A722C1c/Etc88euc2212zS9kM5eYFG8/QWKxr0qJwYW0EuGnF4SeF7n0F7opfCnSvXSsUK6dEgT4eVi5b59FfYnzz9s3bh4fjKev4eHiY51lmK88uec+UJCOUUJsCcnhaNugTCnIiUMTkB+fzIW4Mw353e3N7u8t/9vR7v9/njY6InEXWBafVIEg+DlvswObSCIxRKsud2zc4TSNyhfZR7wbooZO2d2m5O8MFnQNtsnne9DRqCEH3iI/e5b6Lu4lAJzNtwZU9TlaXN0Kidc2IllcsCXhZnJ/tjHkhzwlJ7JEcFOZ2TssyH+NyygtK2Cvc3v9Q/X7qW3QbsqQgaO16FMOBHm1TDKsAJx+NO/nv/7F3ECd/79+1/2d+x3d345M7/KW/Nv///vL8xZvkvjkNg/vZnxn/zl+Xl+2nZSvKrJX5Ro2/qW4lSWg10H9DGrdYVb2oXDGzogXWnnf973T55NHFosluBWlsxiomk8lkMplMJpPJZDKZTCaTyWQymUwmk+mTqXqcXP30DD/hej+gGCCg2DykUlxGATI8CJnhuy+9b05RXS5KkxqxwLRGdJuABohSModSf5fsFK5qJqdBPJycQ5TJuq4LWXrQ22JVoQVLLYiKSYmXXBmfC/gckRMGIk74N8W0wBSGaRw898479ARFUMiIF2xDzVaklA6uubMwr1DKqF6Jk0H5Fj5cR7XsU6w/zqfDCW+gdVrc0j+8hU9QsBzsjWfkhRIncSVGIV+wpyumPnl/jhSdrQf3nMqlgcN3VHux+NjIFPB8CSDksdppOFxSvD88Pjw+vH24f/32zbwsKO4nANNuL9Vl5heIoQEyFIGkTWppG7h4va7RhUBBSESZ7G/2+5cvXlKq0ThN426apvyaG8vTHGgKmVNBl0Cjczh4ySFsL6vHckBpCGEnsF4nymBULKUM7PDEyIiBSjEBZSMSAAAQAElEQVQf2U4DOOWtnGsePbI/gjpLREAmS4BMTbxbPK5AP/lF8m5N+Z4hLIr8e/iGKbednA22HWkfuYLzcNRJ5DuSkJP5cFhOp7jke2uFathCZjCpJp7Ic8F1eSdQpo1Xi665Mv06ljTa6Dqcrc9PeW6NfrP61/6/h5/7y88RJ7/rH3r52//+l8/s8M//H7/80//qo/sw+t53/P/4n/juf/JXfMJMH15GbHDiXE3JKSQcP3F4roSFq0+2trOrrxnIc+U5Jdlj8gSv/0gUWq0YVIH4P3mxyAKvdiqdt5PJZDKZTCaTyWQymUwmk8lkMplMJpPJZPqU6mq7xeZkk5HQ1Lkb+ApaiPUEu0U4gSpAonBK4/2JLiI4sAsUaYX7zhXBc3COHO8UwGB0JFFFnAqWS4oJY2LghOJUHDMITowXetJFmY8gdh/8WxCUAXzeyBgKTH4cg7+ZRh+CS7mSD7y/C+IXQd4RUAfIccUUitGJfOrK6ATKbRn5ZDIyWpxtuIaQMR0MULKHzqUHlkkqRXznulSehBslFnWGiZNhGChJB9w3UsqXYrN3tc+lZ65dS7tMD2K0EgLF50Rmg8jMZCZLky/v37x5/frh+Jgnk6CRYRhDwOI7IilLwp1IZhA1TvQJMBJBERxEEIEfp924m/J/N/ubly9f3t3eDXQ+z8hP0PXpqWVchagQZMr7wlGcrU+5Cr/1PGm3Rrl2MeY5c1wQx4+hlM3bZvmFXfG+Wn1gfx4mlPpDErALEE0zrMSdwOLcAukEmF+s9NqlQFwABk9oityD0JmRdBfROgStY9AAMCHL8g21LMfTfDrmO4vuNiiGLpfrB73bLKzCkbR4nSCDV5Y4WwcBZ7LUhKcKGRTi7OPYWHzxOj710X7nfv/v+s5v/vU3Tx/t/tV/+/DhiJOs7/8g/ZE/+eUf++/9UvchdfZQwCtD76vzzmatlwXGNF47vjZ78dB3xeoEU4VWEpZnSl1cCavDCiOM7sxlCNiVyGQymUwmk8lkMplMJpPJZDKZTCaTyWQyfWqV0BIpKEOFTkrdd1OOLFBIS9XocAjd4jvkoCSPcBmdK4vyEbZkhhK3kMoX3VHr2mLYwewBVMcJ4Vzky/GEL8QYydFjWdKSi/JrqUJih3Y0lxBylyBwITCmwMks4IU7Yf+L0fkxwM1uovppikB5OihcAmXrgFOnE0/1V88Fc42JcMlD84wRA4jiceLadV0tosN5GT9d3cnV6YFaES5Dj2fEiXyULzMQLeMqQiTH40W7vbx7H6Fvdi092FAWkiQf1TlmsiN5d1xP9/cP9/n/w+PxdJjn5TCf1rgAATpDnhnaTawTSnOUwqNOCuKWQdiQfJgnZjdNL+9e7G9ux91unOg/Ak2GYaI4ng54Kp40ZT3XD5nLkUvBPIlemBDAVtoGV0Jz5KM6BGeUTwVEioYt4VHzSLCLnhEsRJrmuVFQSnmLlsJDi8znMV0grfm3S7OHk2foxLvoMQWIoLPH899YE6W16LOLmKuuu1gCUARZisu6nIg44bCqREtcj1DTFRqlhMIBYbFvKXYVAqCEOomumFgomlYTWDoTH9cRJ+469/BB9Bt/3Y1zby63/5Lv+n/uv/G9n/3p8fnD/72/trgPrL/6H5KRzxDch5TvvUMKjFTpPWxrMkHxKpEnT3EeUv8nJZjkmQRdY/KcV8yQ0UDPNicEUjmxrWKvKFn1CnaBK89+XUj1MapkoclkMplMJpPJZDKZTCaTyWQymUwmk8lk+laJy4sQ3BZrQFcTP5z4avRfOy9sipOt5GvhyagBtRLpS14I7ZH46+0MoCT6ajyyM0kqpXetLfrivQASxyHBHKgVR8pniRgjx+gscaGfdUXul5S0uRIKpaStRXHGDsA7HxxDJ7l6mnJdHMbR3w7DOPhJTUkwV9PzrmRwQpgCXYt8Az94iS1xQj2w14pmRpT6qHqoMHoCtfpeJC8hbSKNhJCRSxPTDGz7F3eNMtoyQVrblXgKuVjssB4QzIOutRpyJBD0Y3PqK0XbVGd2A0xUfwr9MJU+y6oosRo9jcQvPPlZLHG9PzweDof7x4fD8XFeltM8xxQdh93sxtGJkYdTCkE9E5TAaJBIXSR3N3fEmuwpRuf25mY3Tc6LgQ0PEDugoEa+SPla6ua+LWmlnGjA2b8BoYBNej3lvNIfqAOSqh+IOMrEc5yodHJw26lHt0kbkQK9gBhC6Ch/hK1QL/NB9wr1EhZIC/gVcOYwnZkMTjAGQp6SrylM2FJutnV5rNPUeqDwjCwLjDQUKSZyDTqd1nkmGyFaXgjYoTeFNCuWL74sSI0+EeKkW7Ww2b9CJ/VCq7sJfAKK4Ge+G/6xf+DF/+HP3Pcbf/2vmf7gP/Hdl3fvZrD+yi+s7gMrr+e//ovLO/GXH1p12Sg+0i+ddm9UckookbrIsOdVXAXO9E3HAPJ6i04idehBkrr1WtkuXxaFL+sEyorVvf2nWC0mk8lkMplMJpPJZDKZTCaTyWQymUwmk+kpNb8Tp6k5tYCIWiHHWvSDjROE+hx4KAXBKIVvKTsmLO0rWiFfd4dS7k5ColQYItcbvdY9qRUE3ZsQhsRfrs9FypUDZCioZZ3XGBN9/Z5K4QhSJvaCmHBbTk4K7IER/EDwAZX7iTKZPNyO0+04jgMEOlMQs4h2PNXzA1fWka0kuE4qpVO9MgIe8tvBB6dxNuLOsgF3KjYhm3gYxThDeR6lDhDPMIHKetQSq5R6C/RAni/AphJYvvxfyrR0yal4n+gElSa66Xab87Wibpl9IU7IYkRry6k51qjyDECg0ya9FBDqKE/R4+n45ZdffvH6i8PxOK9Lbs2TeQlTIkPQYS1eJq7wHnkwc3M0xzHKwO12u9vbu/1+nyfxxe2LF3d30zj6MsA9RoM8581/Bfpqumb/aFc1uIfNGnyBfFKx+unoHJ2bpLlF1VEGr4aHsDZeKwrmlPmnyS/ePq17qVh/aB8lYAhXwAXIzmRJuHhYyO+ELE8WTNFz8o5wUDyI6J4lN7ChLnVZ6NJMChKs87LMx2U+JZot57bcypUmUYGdci2+puq4coXCEjGVVWepDnJDgbqZch9T//g/+Or+kP4vf45ScsbR/dd+28vf8Vtfvuex/+mfHf8f/5+j+5C6uYEPTZyUiSEp93GGLHX+Ik8tfd1NdyxImjwoleqiJDSypJJnl9BOtIDwrLWe+pLFlfB8WT/RAZPJZDKZTCaTyWQymUwmk8lkMplMJpPJ9FHFkSIaG+KLr0T9tGZuuPP6oxS3IVSiQsEQtX2IkrpAe4ltCdtyALI5RxLTB35NBENKWnROrtTgNQhGM1EKAkO/IplL5J9IxMkyr3FNl0kcpe5OhU1uK9fvBx+mcScnCuADEBYw+jB4n388FzUZF2HwIgoBAJLEQ8E6TCmIuQjIt/15cAb12BBnE8ecihMCxnXeDVcqpNj97ypzs7kMhQkEJ8CSYlJxE4zyGiCW2QQ2F+mAoPdXwV2qaU3ZfNYYJxyxkUjiUZJrjmxWkv+L5I6Re5bu396/fXh7OB2z8kxJrIwPXmgKn2dA6JCkBjpycYwa0WSNA419bmq/29+RXtze3ozjKEYy4zDSSMR4kXtzHs/iW9d1bQP0RXasmTbqDOPr5WvgR0yooAmXzLnlVM9VfHDONehCd66FFgEU05jCGkmnsI25Ai18W650nnTyOHtYIc0gAAqumFbO2UFx5AHXeK5qMqNXUC+mn+mCRCHbwhQLl5TvqWVZTqe4zolSdRQMKfiAuyZsFhR1QJoxTCFOznugOU891/NVl+s3q//2f/Xz3/EPvPzFL+Ov/tum3VcBPH7L33X7v/sz9w+PHxCA+C/93bfu4wugu4lYWJOk2P+meyBgx8SVo2v+ltzvgAJsRUEE6VXiqB5hnS5jxRhPa/DSR+aQTCaTyWQymUwmk8lkMplMJpPJZDKZTCbT+6srDzfVDI0LCR5Br0pJEDqiQgvMXbUyaV1dDU00mcQ1w4yST1JsVKqlCjEe0L5wv3KdcuFiZUxxXpc1RnHVyIX/qx3meBA3hjCMWdPog+O6/MC8w+TD6P3gAkQMnviSlBCK54hnpMazaYuaN0j6TTX6KPYOxCt4BlPKsKA6OUCFTXropDMcKcVWjT7B84EuxidiD8OnVipBIopKO3X6QJAYiYWRyBXPFizOQcu4IKMP3KZhtPyMswiWOqpJM304koZ9CpJLPuTBHfIHy+l0mk+nZZmz1vnxcHj99vXD4yMZmowjDAEqkQAuH+R5Lhjy8Lwwknht5E9uKTZnv5um3W4/0bRNd3d3+W3iIKF8rLAgYpUAvUFGdy1XVy/o2DAlVHAghT1ogGQ81VOhwj0SMsO/sVjylGFUx5orFfHhGokC3W89FypORIMjSyvJDyEmLgKevDsOZGczI2Eo0RF6IvEklPgkXjF6Je6yQA/X+sAjKMSXGlOkNS40e8d1nfP9VaxIyiHgGvq0aeni2aFD0373H4F4y2ynDPq9e2Tm4+qXvAr5x31F5UP+F//UT/3xP/X6//+X59dvv2Ey4lf9suG3/qab/8pveV/blW9MTJzAZpqqc0lyhS7UfTdH6U5OuZMI9WYiZ6qF86ii3O6FCXzHoGHhtEwmk8lkMplMJpPJZDKZTCaTyWQymUwm07dQ29r8xpbjKsYBpRwplh4ai1GTTDjhhpuJZ6XEp8IQUimWgycqgmvhyIkbagEi0EquUS4pLssSufjPAEpM5PPg2dyh1b5rBd6jVrCHYdhPu2mYBO5gmxMYnB8h7PNHYRiBzphL/t6rMwMRJ+SAEqRpkB00/EQoAaJMCJ2gxtjopbikuFp9vXrJWKvrElCjV18Jkqu0RMmjSJXS2e7ru3wSEIMZtR+A1pc6oSjjhe4CFti8rR4n4msiLQjoEQkYQQgBhsEN4Xg8vH64f3v/5v5weHx8eDwdlnUlOxPZIfhSNlZKJ28nFxNyl9HSdn6ZN+6m6dXLV9/5/Ds3Nzc0vAS0DBIZE2OUtcfeHK5SPeqPwhTNU9dSBkvTOqDAL8irT5x0eHTXymBgG/bKcmA3nP3ob1OJiobY5gnlHpHGOLpEbXzEzweL1wkW4oSwEnI3gdX5k09H8jVJC5A1RPI+JUiSVgXFZ6QiIrC5/lbyF2Cq3tKoq5MIKUFqljkupzXfYHEFCu3hICuKsnJ1adXDZeA5Voo/8rLsms0JLxcciA8CBVME8qmsD2wHsfEtP3p4wS//pcMf/K9/z/24SE2n2uOr3BKCudXYKv0NrhJYCfvHk8AlQpaJxYnTHLX6o+ln9dlHW84WhslkMplMJpPJZDKZTCaTyWQymUwmk8lk+hERwPlXzq/V110hTpQ18aDpJPwJcR6ulRWpuViK8fLNdnHlwL6cWbxM2C/CS+voE2iZnrkAXNKacjl8yZVxSrihWniu23tQZw6thleKghoSKGIYiTiZpnH07GQRBiIggqNgnX0ITJzkhcVQsAAAEABJREFUi4hBjT+olJ+bDT4MIDAL4xs14oYr60PN0mHuRCrtAZo1xFW+BksBHrFkyTAtIQETnUuAXIumvFTuQRJeynzIpPTxE618X7rW5rNMkk6TXGk/rZU2qp2vvyNDHsU9hQERnzc6MpxZ5uPD/WlZfvD2y8fD4/F0mpflNJ9iXHM5eZr2wxDoOEJMaPAoqIjTcTi5BUMJb8mzc3tz+/Llq5v9zc2e/qf0HDopMUhQkoxKHA/3hy7eMwijFxZgAzb5q6tXSSknKTkpRafrJyZxTxEcR2CL6mXSauXShmbzQBvbCg+5iusMxbim7YYy+EyciMPDxlqF3+YeLYCLwwVhzb9dOjicASIkKtqT545LCrlA3z5Um5orxXrFcypMIwQRjyZd+0rmNPSDcQUeFPmM79jGoLm6vpQI0xUGYrXD4U6arSOwkttETHWkibbTbdyYZDxFqJk+mjZToMRJ/2RQUgTaTSI3Qo/FEczEy5JTqXBNnMklAJyXRDaHPabSYYOobTvdYAvCZDKZTCaTyWQymUwmk8lkMplMJpPJZPqWq4NH1NyifnT2nfMCL0A9qppidCVtfquVdnbIiGupimtryTWEQmrxfeUZ2UVhpZI4uZqsa1wjiWqfHqpbiNa/iwGLEzMNYREcTON4M+3GYfAQCJHxhJsEdjEhj5NhmjgLJyBl61AZNNdM2ebEl456QK+wiPAw3qsti/ATPtCGdDlK53VzpWMui6fPwAIyfNiNs2v4Rws2wVrBF7YAuw5ArenXWWFaRW1bxDukziJUExa5fiDTjRS1XcYlaEtMx9Px8Xh4eLj/8v7tIb84HChqh6J0hiEPOkz54EDDTu0Rl4ManTP4gTZ5Nw5hN+2ypjH/mW5v7l7c3Y7jqKXoXK1misG1crN6nNCou95SpqA82zGtNihM4HjGd6jyTYYLWkWXcBkJLErntjTyliaXBs4X350rte8Gj7je8mSo/XY6idA5k0BBmGgP7gW7x3gGTQAIOgl4grSk9YRudT4KaVVuFtf4qsq7IDxRm2/Qh/AifOGyoPMNlZZ5nY/rPKfIBjZM+Sg6wKxBlx7Uk0q4WfOymBTHkQXj+/2xPC/KSvXdkOkhnUmGM316Kagkb8qSqKutN8ICKBgTYgcqgRJbkeN0osZGyf3AK7Fa/5QT9v8IaKvy22QymUwmk8lkMplMJpPJZDKZTCaTyWQy/SiokQ8bm5NuDykgE5ixOcpJhbKrDYIWFItRB5bCfC0gYqtYsruEU7OSJHvxYUukXIZ1XZc1kjkFcA4JlMyXUtX2rlAY7LYi8Mk0DPtxmsaBYAh0wUPgkJxxCHn7LgwD1zM9+bVwgZzb9ODZQoNwE+ZXEhSfCE9hOspPyG6+poXUMiuzBIoZbCkUQNfZBDjYeEBcr6pKKkrvMaGAi3Mt1MK5zlpCdzsjMHTmBAESHxSvZwUORFKkAiBtzE4Ytwk+aRiNO83z8Xh883BPxMnj4+F4oCQdwok4SYeHRFgcsWHhH0op8oR2RI8whUCUybS7udnvpv3tDSmPKo28JwcVqPyM2MxouA8krHgOqkFKuRQZIK8oh2/uLZgUJgHiZta4pJTyWioLVP5XmKT6qfQTwxhEKqXw5No4eR2hSjp1kya/h5r5lArGUecLGthDg5sAqSDv3QpuRSCnEw8zpJnQEzfnT1PEALLeq19Nmdaa/wObjkDXmQaJJSZcOP2GwlDyeJyW5bTMp3ybiduQMk4SpoQVqAEHm5ahrDO+BXy1u5BViuB7DEpTU8hnxhfspuEml3r6E9NHEk1u8VbChpukQjlhu03KH3SxGqLIc1+ciZyYCrFDlWPcCQRhUX8nqByVnLl2wDWqzmQymUwmk8lkMplMJpPJZDKZTCaTyWQy/QioK1CrWvW9Z1DKt9Fbobkd7Yqng8NWuo5Y1BfGPXop2rORBEMCqMEfSY8h74V5XdZ1TYmMNJwf9CSYxMGinrxQAlLShiH4PTlojEE8TtANjCNQ2g6ZcQyjIA5sbSI5LpAwcBCMB3VlIJsTJ4EswLkmTmCKoHX0Qst0w1euceNq4rUIm9xWG3MU5JASj/wC5JIYYUkVZ6lUUGUXiuUJ6LRcVOvlSC80hQ8S6IOuVXkF4cFaS5ZDvPiakNNM/vR4Oh3Y2uTx8fHh8eH++JgnhSxDmAEKw5h3HvLYhYHDc/KIM53DHQjkeEHzRNMx7m5vbu7u7m5vbvfTRKMdwhjCtsd8/rL2QDqM2Jsq+ArVpNLlRPY1uT0v3iTOrUQpreSME6nSnUvd5BWSBNlB73sEyCm4AZth4w8EWqlV76TBOuC3XU5nQ541uM6n5dwGh3uROyNJURFwBXI6WfMLjwvgnH9jmiGuLkXub2dNU7kWrPOP7tzs5bJSj1roV0wm4RrXJU/rOi9xWQFr2knixRqVM9jAU83cQhaVzJFIEDPhgbqnBrQl2xZr7RB02JYeY74W3xJhpaPyYkmam1PJQoDy+IGSEbY5tLiekKVQ5DsEnf6WfyBcwcXQXSwBV6im0pwtCZPJZDKZTCaTyWQymUwmk8lkMplMJpPpW6oOaOC3Xb5BV19upW0vgSxdjRvrL5XWwBt3IhEK0kYHnfQHYalF552pzk7fi08JY0wu8lfk2Y2ksAZwhnSARDGA0wp23nc3TvlngCBZOXl7oB8/ehi8H9SQJPkCW0AJAZGaOShcorkoYtohaRO+d5NgcqAOZb0uSfcpxhnNPaIeVXJtzsqtlXDAixFq5/S1TA+1PkuQRir2EbWBLelQHFC6DAt9y78TW18I0JGvNo/6vKxLWh+yjo8/ePP6/v7+uJwwFdTBs62I12kDgk7C6IkgwZgYlCAAJI/5zbi72e3vbm9vbm5v9vvdNIVhCHXJ1XnUa2FyiCe1Gbaoa4hUusVPQ9+5sq6khB3jIgYNy7KovQK9FacWtQnZEiAyUjV7CJ7wVsBqYbPdoXhAdGk38nsoBjL1ZGegihbhV5dXvFsxzZ6gk+gdZeuQzUnMbxMb7mC9eAE7tvV9LCAKuCeK84j1t96QKQ/UvJxO8/GUR4nRF76rUkGnGJJqpjGVMlNcgM2BPFRuqZEvUKxi1AkDtmQJbDuFcPYM0k4606cX8SIJJRAH1WGpPLwUNynP97PjqjOKIzCM85yY/EK/AbvQGU1iMplMJpPJZDKZTCaTyWQymUwmk8lkMv1YiJ0kzgmFzdveoqCEKtRj6+GILTMHnSR5dAzFu5QwiT3FipSEwt+SF77B6/fqS/ROR1Xkk3gmSzhbhV8Mwe+GcfREnASKxQkBYFTohMxMvHIXxd8CBHnouQOgOB6gZBNP1h1Qrrg3fsDuevWb/SWixSX9q1/T7yqz6Fo7cD4RqZR3u0Hu5qJzkND38sp3tgDdjv0GUB6nojEMM+g4iAFGotEk3Ccu6fF4+PLNm4fj4f7h/jCfTsuJasZKVuAuj+4w1ICjIYSBiZPBB560mJu929/c3t7td7vb/c3NzX4chjEM0zSBV/qConMSR+BIDwvPociCU9qiuJxgY0OopwwAFVApv48sWjYxuqQuO3WUNPSloSEX5goFeYBuW52BjpqqiEebtDKhrvSNNLBlDTavE7JgAWy4D11u7mlEWBEXcAvKTyKPk/wrQP7JMyvXIblOisx8TSgD+Y7MU7yu80JzOgtxgu328th58qgTSYFIyrh4L0NKqVWKiwgqVMaNrIBk8Pz5c8T77fC66p2BBX9CQ06+HUKGThS2ck5yuGT9OZ6vOlO8YzybOF5HEqmD+ltuPF0pG1qlkFztzuz5R5PJZDKZTCaTyWQymUwmk8lkMplMJpPJ9C3XZSzLM/t28En7ojtilI1cR/SuR0O00NgqjFpcLKYG4tyQS98JmThZlyUtbE+RP+JAG/bPUKOOJ/pPaAixKX7gbBeNWknEGUjoSyA2Ir/mIiqZOHSXzHYSufoenJcau9dau/OEUcgbhRio9tr8LPrCayVOCu/AdICvo/LkeHYj07V2luGipf9ta8Ukop5xM48KtmhBl41gIJUSsrZK7iBkBkI/+aPD6Xj/cP/w+Hj/eP/m/u1pXcjyJK55cIZxDOMooxrGKQxBwAP2yMARaKhGxnrG23G323328tWrl6920zQwaaDsgvcyTLJ48kk9QUO00XvZ6EENdVSBS93EMBWeg/dnO5NVQZPIQAXXvlMZPai0hPe+vaszJ6N2Tp9Q4o1TCuWcI+lcfrRK3riWtja1ej4gxUdh26ZONDQTyUHE3Gm3AMzsa7J4nIOjF/QT6WbS+CZfT6Q4lPi89AX7MtUXjhPlj6QQseFEyjfYsixzntk5xVV4I4m1Uq8UvSis41U8SHQtqaWQBuvozCp2Vpwsiu8JCLjiuvVaKB59W87sqhGL2yBapo+hfrwLVJJQwBKnLkOoyJWgZyhMGKpXTWkG5abmY4k4iXpT8v0qLj2w/bdBiC4n+NHGVUt2S2XP2JYVn8sZkmIymUwmk8lkMplMJpPJZDKZTCaTyWQyfQslZUStx6vDA7IVQlfkU+YiVSuKYlaBaiaRSn2wbtdifWJypKs4FhcQKvavSy6Ix3VNK7MD0ojyK9olyVARd4Qa3iF0CqMiQpxIgE6gs7mBDEvYMoJcI5h+QCyGFuw8kf8nNxOkFJ5AniGB40DYZYK4j8oqaDgQbmrojTUpm2QQ6aB69cWQo9bbQcYqj1tHlrTL7KZD91UjGakIY/WVwDIC2qLuAYXT0NNFGnTayXPhWJgPMtFwuCac43KcT4fTaVmW1/dv3t7fPx4PlFOTGwvBj8Me9nlEJF/DA/nGyP/FWoZam4ZR3GVu9jd3N7efvXy5m6ZxGECRj8IhIZMqeWyYDvEtLKh64ojvBg8FjzX3V7N3kkTnECxBL1Mk6oTr3Br74QVwacCNh5JL47t5R5Blo4vMVR+VaudRRl8xCVAwSuargEIFI6EbxHdldGDohFdbKou1kDT5miCimwGWlGJwR0iLi0uAdXCLR7oyiSWC1lgjpHRB9JYhHcF1XoYXAxuUfJP82brM6zzPp9NKOUmJ72BZlyiUTZIglBKIVbCykqdTHI/A+ZYVxcYn/IHXvwKelYkF5cX4jlDgqEvRwXOEyriTT6HuMeSirGlUK6fUgWvy+BBIqEJbqTwF0ZXjHEWjRd6XrHVcTVBCCbsqYBeZHem91D9klXvSfymwgE31oaf/EDiTyWQymUwmk8lkMplMJpPJZDKZTCaTyfSp1Rt+lOp2B1XUkrzwELqNgRO24vAcreBKNkYpCua/a/E5KD4G4CUEplobRD5dpAgG+m78EtcVMeb/5Dv1XJ0HChXxWHwytChePEa8lPBzhT4QHTEEwk1GoKgXgh0QA2EoODDHQK36EtRCxVCyy1AHDNqBaBWJciESojlYQEnVaYEgai7R6u6btxSYAr6wKa1CKugCqJGAmF8kiQXq24Fz1xnoDCOEuKEKPpZ5cU7NV0BNVbTAX+eCSaBE44rle4sAABAASURBVJ+7lhxZkdCo4mldHo6PD6fDYZnfPNx/+fbN4XSUEnIkmwOiddgyJoCkqTCLQ8FDIBQJW5MgDuBv9jev7l6+urvbjQSajMM4DXk6AqgPilwuDSyWPgGDTIwgVYeDpHYa6nzAKUhe4BAuXpMHzrLGhQ7hS2ByRdZhM4Zha5PtkBY8pITbVNIHW9qLS67dAs61BcCDCZuoj4TOuY05xJpkTtotMtTlkRqv5JJ30bsl3x8p/4aTx5One2WFXJmHSGfqXV4q3vIe0j51ByPbvzjJNyGTk4UjdZblhDGVcv55Xg/Uy2jLUUet3IbdoHUmKHVL8ZTxm65p4zoHlSyBYhbU30UfiCf4v/7rj//WXzq5H339whfRffPqWMDmPXNuBiTwSaGF2D6H/w3QictPNH6CJ6WdkAx9Em5Bw9ZY/fflXUk63fO374nJZDKZTCaTyWQymUwmk8lkMplMJpPJZPpRlZprKCaQHLYsD/m8L5xDcfqg3zUugeNGKIthSfSteDI4EZsF8qsI7G1BFeqU4IzDkA/ImMSJv4kPPgxhGEMIYsHBx3unnATbltCOwUuQDm0hiiCyZwPZNmhlnUJ5QPbRqrlXfiH1F3emViJv1XMxnyil4YKjFIhAd3ufyvpFZZU5jYa/KIjiChsASv/IJUByklNEnEV+HdgHJqb05uHtm4f7H7x5/eXb14d1npfltM4uhDyG3DVNpGH2xwXNGqJTU1AR/eQ984APu2m629+8fPHixc3dfrcTnximQJLXrspQpD5WZXN1hfEAQRaEY2JHE0nnyOdMrJiWyLAEhfJsVgV6gG7pKaSkH/W+JxdDDsWMRztxVmLPn26Ik45HOYc7orgEKXXCqFNxZpBoJsYtIuFYOKM7eY7UGdzsaJlEL8Y3rrhA6IjUGX1XhR22eEqBBmgBENIVV4K61mUmtCumtgQ75Ce1/urJlR4puEldZDpvFS9pfElFTnzrPUBZlGpqJOFHArJ1nMMHAU16/dl//eBM19WojhJ5JMhJ9enZzA4jZE6ebxqpUxJzKK8rSeJV4ogefXRCOUvfhr6CdjOjGZiYTCaTyWQymUwmk8lkMplMJpPJZDKZTD/W6pwItChJbhN9xEzNEOEwjVL51yCeUu3mHQPEGHMVfM4F8dyKZG+IiYZmigCir8SKBLKAnkOhikBwBAW9UKSODwM7cwyUkwMD0A9hEJ4QCs/xJkI25HopsRVeQkMIkSB3E8JUmDIRP4+Sh9IV6PUSYFMXLcESvc2FkDjlbQ2U0MosXNqZPD3g5UUr9oOrwSQaMlEKtoJ5cAgOcC5G5MF3wtGsKR2X+XQ/v7l/+4PXr4/z8bDOh9NxJQMUsovxkh2jo6qJMCGPrpwMMY/tFIjvud3f3N3e3u73dzd3+cVIzjJqgEEDHkKLzKh9U8OSYmrS8miqWQuwK4jMdV4aeVFQ0NKy8khCpUPQb8xINFjnckThbAjPiZMz84Xm7qG9VbKC1sl5uVzhC6xIhu9SQeTlAOrrw3CWJ8YqX8HqcQY4ebeAO4FbPETvKX0EsNmFnLMw76EeS5FwHK7587SxQ0ye5vm0rjSgclHOdSYzXUzUJZbTj3N90YMC+rEm/kABVmQxyZD6rm9QmumGzPRJVWmsGpQjv3qwS3YsuzGRB2JikorLjlieEOKU2AAFigvWGZJY1gP0FJ77KOCRyWQymUwmk8lkMplMJpPJZDKZTCaTyWT6VCol6cKX5OKiB8nZ4c9SR520YjQ2Zw9XsQON10F31MCUlcqWoTiQ1POxL0JnI4JQStqcgKMeJ2xtAgN4cToh7gQhCErCWTCyM1Dln+vg6kfChh78w3yAk5o5x/+A2nxQOT6i2zAieh1tWFy6iAQBzYtoCMIWccDi1fIeguvbautaG4bmjYHiIgOcFRRoS64BL8v89uH+yy+/fHt4eDwdTwT6xDzsCXDlbJrA1597RWYoBKAwk8PwTWAeJ2+cxmk/7V7e3t7d3Gblt9MwDsMQY6QYDcZNAqUgYUngQM1FQnEmAZl8Hs5UIAbFHdhsI8W4ukjIScIV2eCkpK+0IYfgKwkETk4R+ngWxRnO2Z7qNANnc+G6SJkSGNPMYzYjL1hPnVko80FrLWG3DAYBM/ReAbrcE8bFuRnc7GEGXLyLQXOoiheL66ilr1yABzk9e0twoE6kMc0jepoJOllmV0xL2FKIZ6PME3bcCWiaUuFF5E6olAlU9skLdJMXT9eFiqNI4tEZ6lPMNK6ua9MnkhjPIFbmK8lfyRsrZjuoQUyyQpMYmTRwzKV8x/Kdi/wI0okX+54zoKTdOvWjFlf2NZa+yWQymUwmk8lkMplMJpPJZDKZTCaTyWT6EVHNUKA3VGTnSjtvS2JI4c/ryZU4kcwXyWLI5czTGk/zaYkr7aAGJ+qNkYp5CEXfoBYmpQmBTgIbkgySp+PJjWMchpGIE4IeKBGG8k18YNwksPMHSNQO+1YErqvzgepoAsrKlPAdhxdZK1pyxVrcl61dwbSU7CV7CKstQEUfwOsQqvcJfNXKO1ZPi1aiZYQgQctCoYqvx3zpubNrXB8Ph4fDw8Pj4fWb1/eP95FDa1axbOFhH9jlZfA81I7fEMThB/aPyZNxs7t5cXt7s9vnn900vch/p2kYgnIkmPJA5x4wekSmKWR6US5NOpU0oAPZgQWLHY4OoKTpkDsCERJrTAvb57ha4QZfrk6bbT4gfWoPOOi8QtSfpewmoA8tIKVKenykc0PBYnDiiiHN1u5BVysqmFKZFScXViGLQWciDzf5mtCIn1yagTxOZueIOAEfod0btdPVGUftcdxXWB+lgp+oMzSqKS6ndTnFhcbUc26S4ztXTWeaR0V1K8JqZEL3CsrdwHYvOhpKlhSflMrWNHSmLO0GkUnb4oaC2JKhrt4B8JVvDNM3Iw3KEYeSMkntNqrGNIUqk0N4JiMzYkSfYTM4SbKz/pvRplWJE3niwDZqx5njiclkMplMJpPJZDKZTCaTyWQymUwmk8n0Y6QSatOK+YXNqPCJuGq46hWBEkzDX56nLV5K4IpxUBU+/6R0mufjuiRMfgjsqVGr94U32NIrUH4C5+kErxk65HcCfnQMT5TYh8CgguccB+UxKKqHomJkn/yCGhHipFwe4Ra1bO4aNuE6rKR+vV8qsle/mF/piC6wBNWMRPW+VdWz+BFGJyqRo58lGlSoqES+JErMWZY5xfuH++//4IsffPmDeZ6j7O79CmQ84oOPMeYRn6ZpzAOD0m0yrYCUdCQd7Kbps9sX3/388xc3t/n1GIaBsBQvGTjY4QrAo8fXjyVsxxXWpLzQz9WMg7CIiJHiOMgjgdvKf1eJ71DwoWBMBC0higUH6pJQOxNtvy6g3pKhjBOyGQl3rhEnW+7EiwFNYSs6gAVawzyGwPSM+HkU1EOuXw1iYMgtkfODx8XhjGlxafbAr91KqTqgd4W26QskI6sxOeWr3jtnR+Ou6BZDYnZSXJZ1mSlVhzxOMN8wyMPMMImn3ZgwKPMnnFDSBS/oDXpXXEz42sW5RA7XMCbXZprvYL4fy4YNcdJ2IxohlmY3gvrUMH1EiZFNShR4JivEnaE/yoIoNiieKM0iJ/EjPd/ALiJHRSlbl6LeOAlLe+Bcd2txe2ens/k3mUwmk8lkMplMJpPJZDKZTCaTyWQymX5s1Aw8apGQK4q+o0yoTJygQBXiflIMG5TgkCoz1SnzjrkqeVqWeZkPy0L7huJiUYrXCbH76nspynPCgwAlxYdDs3VyXXyCMObXHKYTAD05nfAOxbEhcDeFOClgAJl4eLY18erKUJgNrfXL1Yk1Q0JXq/PQMoakXItaSS1bBFFoFhpabCXiwRWsxfHrC1uYyyloJhKoPIIyASkpmEMkxjANYRyWXDJOuKTl7f3bL15/8YtffEHWJrkWzDSJDwPK8KHyIcMwikOMcDz5WB0BH6ZxfHX34sXN7Xc++yz/noYxT7NXJxpUZgDK1Wkfo5IXZRA3FwFCKrGxCdMOKZepV/Y3SVyqdhLrIcMi+TayLFLNKiqAUNIAJD0JllyaEjDEUE0tYuv/eU4LT4TiW1OJE74oHyRypjWsRfLCy4DyS9w+kyUK0WBx4IHmCDLMkEvuuIAj0MS7U176jt+Sx4niV049ddyTFFIx+XmXJAyFvSVQB3md5/l0XOcTCGWDwpVg+8HzJlxZrHLPQ8V6NL5Ir41b8p3JTJ1rX24DnZA2kMXtwrn+dTNJMX1S8dIhn5IkmVi6uSQrlZkTJAgVw9PYqOS2hk/dYk7lED5HQtjYmpT2DTMxmUwmk8lkMplMJpPJZDKZTCaTyWQymX581VcTi2ouSX6Rykel/M9KxcMhi2MXcOUvu+fX67qecjV8nakC6UtoCr+69DjArqoNJQcneD8GTtJxlJ4zAEXDiG1JcBg4NEaIE25USQPeocAWQD+UruPFOKMaOWB3FRpU4kp5XpiTjj5hfkMxlHzqs1SQtNkAvPuFbcn7jD9A4S2EbfFCteSBJVaDLiGMeadTXB4fD68f3t4/3t/z74fDIaaUx4lGixNvWu4NAwND8Lth9OLUwUYj4zDe3Ny8ur17effi1YsXt/v9lA/Oh+fP14oa9R1PfYQNdzGBRCVJrRq6mA4Qe5SshaM4CJBIpcxdvRC89A+6SJ2CN6DYmXDcjqxEtj/xzSWhsClyvs1QKkCxOZdOPOfHSNKHnguKMU3xUPEKYTACoyurDqRansgEyb0xHH1aHa7gZo8zpBUwelg5aih3OHmo+UKl662j7bf+SU8sjnpkkqFn9CTfZEtc5+V0jMuJ+CAJyhHQRdZ1XeGE//TZOjVYiO2C8v2FoJFZADI11ZdCp6cMYU+l1I53hj/8IimRIMQCbCasLiNwpo8sIgfV+YbeSqYZtElUBsmpxwknpMljA9WuiJZRbP5CmxfnqlyLOA7ZfJtMJpPJZDKZTCaTyWQymUwmk8lkMplMPybCa+YHrR4tKkRBdY0o2zdlc2ZNqDW2X1hSXGKMGNd1nSP9jilJkovTAJWObkHsviuPug/zEh7JcWFgZ44BwpCbCMF7n7cMkqfDLiyBjRn4rUAM+TWSmQeTF54BEeJNQFJ9lC0gr4t8RC3kd7RNKoVyJiy0Wlqv9NpIMqbg68jUPVM3SL5LJnlKCbwCPIJX5N9pXdE3Q4q0xuW0Ho6Hw+nxzdu3X77+4nA6siGMhyEP0cAnIk8OuWBPQyfZMDCGYaQxQxrYgUxPvvPZZ5+9fJV/7ceJ2kA6lYsxqakB/ZcUgWizJOYuBRERBAR9oUScpM+4FFeK4Fjzf5zi4SjwqEURVceDZjICMoWbEeb1ovADkmeIwBtJBlMcPXADD9WVJC4sgq10YEoxomGEybmW1qNNypRLRJCarihxUntaUYw2KMOBB2z2cfG4EHGCyQPF3hTKCsX65WrJva4MfD5epy7WfClRDU6WZT0dl9Mprgt7kvDdleqJYl3I82yAAAAQAElEQVTZvPsGKFM6hS6SI6/o6FCSrkJFTVxHnBSjICfrbNN5pRe0bV6vUU7NTjl18N3GXcP00UXoF8sV8x5lurqbvLrTlH8UYllDkR+MKZJPEa/psmgZB2vIor9ia/M+4J3JZDKZTCaTyWQymUwmk8lkMplMJpPJZPq2q9WdtzXwUl7EakOiX38XlwLHBhBUiYylfC6FfC5scxE+YZrX9bQuCXBZl3lZEtehffDMHAgIAVi7wBgA5/UUKZEAgkwQX0LsCDEjIYiJBzEl/EOgSZDqOCeAUKqOZy8QraCDb3EtdB4Qg4vKggCnrnAlFYqRi+NKKhYcpi+Oo7uCDBQrEXQVQ2h6J2VyOTVO671kOkHQQr4MNhUgp4HjPD88Ptw/3N+/fft4Opzmw7quwLFDEGDQUBQvJwbGAThgx4vPxOjcLoRpmu52t3e3d/vdbp//n6bdOIbCgMill0ihhBEpEUkDZ/R6K3HC08kDxgsGi5GJI3+TlcxNGDwhgxaovI9eKJShLR4jrvANMg41+6Xu049rxzyBuw5yEGFR2ss9glgMOoppCiTllMrhSlvUZstG6LaUgfDtENZwcjHfFiu4BXD1mDj3SR2CoDVdDX7KgGuBvjvtexXmS0DRuhBxciTiRNKSvOfUolL9LxBZocnkR4GdxpRIlBUU9xY2O+mJk9K7HlGAcmFqFcO+Jlf6iQXdQjSXi2+FIoNgDRYp4NX2LivkXUrq98TmKHyHpxpItlmuIIRWM7EqoVY27SaTyWQymUwmk8lkMplMJpPJZDKZTCbTj6M0DuE878K583idvhQO7dB+gxPiZKEwndNpXdC7eVkYiSCVAraYS3TtaKl6U9n37FDBViWcquP9CGHkF8SgUDuELBCMwi4LZM9Afh5UNA+0yYv5htAqGheS/6Yzrw7JJ1G4ogWQuCtxMuAqvaCdTNdph1bT3w6Oe7/CK9QmiKyRqBoPp3k+nI55PB9Oh8Pj4/3D/fF4WOOSi8FhGseRLh250psvka5ZslG4lsw4inM8MDfT7vNXn3/26tXdzd1+t8/DExjnCXnu8pG5uJz/0EAltzGkqLVpggt8JQ485RORJwoxO9QCG5rQj9SmE0p5ug6UFrex2tkU0KRdP2xWInQcSov/kHEux8H5+MnHzrO1DGhYkatmJXUe6SMv/UnOdfk7DBC1M2E75BkcZDgECpCKnokTZqIYjVEeoyA7HUoD3V1VARrcXMYVKUFCwVW538tpXubjMp+QKJfAH6W2UK9lndRxLPdAqNFGpcc0Kr4a98ClJ0lH5nSMGK/Xq+d8X8V4CmHnTB9SeZDlRm3Moc5++5cgLzDhReq/BCAEU2I/K6L2ZEGfG/MIxVfXTLl7y8O9JSyZTCaTyWQymUwmk8lkMplMJpPJZDKZTKYfeUn1GooHgTtnTTTFw0OCGqChoEbXggABeacU52U5LfMS19zosq75J1coRyjpJpyAAzXcRL4Dn+rZNXBDkJHgCCIZOSJngjCFgew8PAyUzUN1TWIpyD7FBddaDp5/SxNkXiIWDgypCDHRFcnzLmuk7/BDNYN4cqh6T46OjulyStiZxPUuEthGzLlanr/arkvlQw684Lp9YhZiwXh4fPjyzesfvP7B/fEgdEC+8HE3jTDRaAWfXEwpCazDdMkAYvMhhinsFuP98PmLl7/qV/6qaRgGTtYJpWMcmEHwDQ3mEDAW4oSHpoWpiAGGhi0lUA8DQlUSJ25QoBJFKkUpKicJ39D0HSE5ZIvvfU1cgx/KgEAZCe5FY1OgmskQHNGcUhrA1I0sYzsaNVNNOWohXDrjg4MtUAWS3EPsRVLbBu4Lp/TgswTRcNzzYDqFPlzjuXSR6bZygdi7DEG/lKBRSyDVfr5YJxQPFf7jumJcl2Ve52O+z8rAVaeaxKYU1cYHmweJkDee7wi1AiqRR+yTwx9tWQQo/VCAhqdBcaTm2cKdDGxbpCSXh2pzUpKv6v0P17GauD4adPKhtc6vXQK44mQjvEkJ00qynMm2iFg0V2ab3YyEwWIQJSq7wv5H2sz2VmQkTh70sjbSOzt59XFptIrJZDKZTCaTyWQymUwmk8lkMplMJpPJ9O0RlwslVeOsVu+8VwAFFAzgwBSQajnVINW5wtfiOREC8xJPy3qc15hLioGTS4aR3B44U4d5CKwpDlKE56CGZrtQ3DUIaxhyCRzdwIkwYy5mE4biRgR2c0jMlhDmwpYmbNehcTTEnQwSr9MICa6VJwga/qApMFm+VeWL4wSU0qvTTiH5Vzgusyp1UXNJmJtxWovXzJ7yrX6GHkDcVViEpZT0CWk9j0nClX7TSZJQOHmkkGOClvn4xZvXbx7v39x/eZrn/BNzedeTRoJIvFaIGc4INABUy6U5iUs+fPBhGqbdOE3jdLe/+fzV5y/vXtzu96MfAhnJiLkLUGE5SZ4OLYiVWkjCAInpBTUqXgWKfeR6NXq1K8C0xnWlAB3O3YAYoyNEicYYNJIpCa7AFjd0vN+4eaiLTGEYWmaH8yUFp+JC1MIg6TYF4GBMpGegCqDiPWclQXJtfYs/DnE0Mrk8WiA+JsgslUemacoQlHOkQLcEnpXBU38Nzg0RBDrCupqhXWddUb1JSPvdF9Or186F+ZDU+BkoiXHJS+JE6Uo08F1qEUrfSj5Sv7ida6YxWNxNUKfWQzU7AVcxsatWPs51bi36By55gLNTo3vOwEWU4oNz33GmD6m43p/hG8WApNyYNV6rLiAJ2RGnE6zEScJNMJoe/cx7MG7EZDKZTCaTyWQymUwmk8lkMplMJpPJZPrxUgtPKAELlxVqfsWbFcagSnTiPaXimEuPa8TTsszLvJLNCQElUsv2knRT3C4abaDNia2C+k1wD1BAgPx78DBBGMCHwD4njK94CbphgCPvEDxhKHlj4JAdcW4IHCwDbmNjIdX1VvNk2kUTI8SmobImJf2lH4TeiuMJmwbfgkWgEQv9YCdxD3HV3sRxHovEVWh9Pw/g4XR6ODzeP7x9/fbN28NDTKsyFmRNQfSGMDMcH1M6w2eiT7l2nDftR07S+eyzl7cvdrsdWcXw6NHlRgETqD+pxGY4KSULYlNZGoVAQnHSQGlAy89RiJOVtigJgvXqQGKN+kXk2Eej0jq9r0nzzGBrkBZpxG3ytKNiPaXNYqrQTWldos5tGZHSCSwDr/iHuoqI0Y52Uk1JNjQIj+6V5Jj6Pi/XYmwi2/G6s427wpJc2QldvUKn9iB8cQxq5WFPaV2X07osZHEDG/QGoHXzDPtwdfnWe7LxRL6cEbrzlt5u0JHL/kLpdXFMYhLq6q7PK8Z7Z/rAisujZk7BOW9Y0JNUnooakyVPeyy/GUBJ+GyQEhRLK3BPGtt8ZX1DzZhMJpPJZDKZTCaTyWQymUwmk8lkMplMpq+t+uV1cFcKgTUxA84r4+WFgAma/0IlRcpVSXE+LUsugcfIIAVWMxACQUKQlBMXulaaJQj9DiXgw/HrEfwUwuTDGMjSY/L8B4U7cRILQo3mthk0GYDyG7yE76hnQ72IZorR5424Uh9PKfXkTRuKbsT67SUy5Wr5sx10uclpEd+74i6RcqdDSEgMQWT7ijyw3//+91+/ff3m7Zt5XpI4VtDF0jUlsk0RKxoFLtR9hEv8ow/TNOURy4M1DeN3Pv/uT/3Uz4zDRGk6eQDprGRMggSJMGDBNWQXvKugBE1puuw2BWiAl1wYqTmvkcxNYsoTvpbx9DWng9gI78/cOhR08P7KuPSnqmE66qQjnjBuQ0JRQ9iagYqitGbcFhVyrlXBXQFMyoYCqyjCoh+W9mXlqEnNNUMP1dDSd+Da+ihj/MSFJ1chmHY0gzOMduUhjuuaYozLus4njtZZlOsC5YzO7948ahGVRynGKygoD/Iq1H2hpPlA6byvtEC3sVwAlqnlMCdXaASnqI3eUWe3jXs/8iDGR2f6wFrmt/LEQzUjcoJzUSKSd/rvA1OF9FxSuDCJyw5Pb1JezWH1u8HtPyebJ+k3RZyYTCaTyWQymUwmk8lkMplMJpPJZDKZTKZvgZJUE7kOHShwpnlN5LL2pY2H7grqoUHVRw7TYWMLJOJkXZc565SIicBqjqABN57tSTz7R7iooQwpcvGaat8Sf+NL0k/eeQxhPw47P0w+DOztEbwT3CTQj1inILdKF0CUBZ9yIKJB/BvUsUQugO1FkFGYxprwNWBUiw+pjyP0Ng/P6iqn0iVNeP7fuw5SkcuXUBeCJnigZiIJyLLicHx8c3//eHh4PB7m5RTjmq+N44g8qMNHotQhH6B3NyF6gPxedsOwm3b552a3e3H34rNXL/c3d+MwOY4l8tpAnvzIgy8xM3olrkbZlGEDTEL2lGt00oWVjo6EPyhrkqA4nCRK1fFqJwNiVoLVPgc4XofadfGyHt27yIidiS9zKIcnUG8S6Yw4dHRNQE8I4bbps3PJKwVtGMdIxRMFdDCwZ0NkPWPx8oBNYE8H6FAUVGn/Of+HJ1SADl2z/L8uX/EwSYT5xLSu65yXxylSpFEUwurcT0fGQOdlg6GAkkHedViJ3KOVO+FPO9ykjh34zeUxsyL+K6j3mJMBvLRXce9NHsyHv+k+d6YPqvn4H7qKKEFFlfThqLyJmp0kQQyTECfIOVrKphVnFNc9O+RuN8rEZDKZTCaTyWQymUwmk8lkMplMJpPJZPoJkNImtVAulWIsdfTm2gCo5hVUVIxSkuSq5IKc8bHMC1mcRI61kWJ1sTkRPuSsBIkNHpAkHSjJOMHDEMJuGPfDOAKMDJ0ARef4QHvCwJ4f3nOODDMOHKwDQp8IceJLTkopfKP4L7ANg+AntTCeqh/GM3XSUoDngzeWJ12SSRmfHnmoVXjdHbgD3nE2RUyQBzPeP7x9PJ0eT4fD8Xg4HU7LaSVzgaRcgKIAGqASoCXOOB60wfub/f52f3Oz22e92N/mtzd7Qk/y8cQprEgNRiYlhALhpsB1iTNsliKv2RYDFUjRC0jMPSDnupC7CQoz5OqlSrVZiBNUr5Nix9KoEl0UG8TE9auxWtMQ/FQ+5c1YLRV0PrAgE+45uOHKlHYcRnmP/a6CZmg5ftNKzVyC/uK7kwx1cUDpCeJX5U+6NB9dqJpkxMTJss5LpBCrOcY1hNphGTXs4n1AvIyUCFFPC6FJvJrtMNHEkEmHmPBt6xrvo9ucLvd+6GriVsUOnrzYq1N+VaeHn8+X6n1wpg+jlNbHNz9XbtLyPEjYMXpYwCWGSxQ9cVjcTRxDYdjdRGeGQs93AMB95dvCZDKZTCaTyWQymUwmk8lkMplMJpPJZDJ9aySlcI1lKTiAVBKlsu0kfcNXRoDeJ2Aghb/xHrmenQuQS1rnlX7WFCn/hT1GxOykpag4p+klmszCQR/IzgpMqUjRcwAfCCUhJ499EI8THIFNPLRMLqCJHwM17T0nzmiBE2WfUEgPlLCRvr5ZcJHCoWBCday4JE7O33KRXj7ACyGrTQAAEABJREFU7afYNZuK2UPhJKQsLw4r5FnCaIyM27LGuMQ1D+Df+uL7D8fH03LKb1eM1FJJOlE8hg7GaRgGCriJud8eFQnIO47D8OLm9pd873sv7l7sp93tbjdQ5BBQAEaMkn6SxC0jKZAgyTxk9FKBGw2UwWZWIFeXIkqsS4wCNXCyBs1/kBwalLgfbkesM3QA8wSHunh0GCUsR2rcSm9opBJDJRVcUJsTgZJ6CMNVbxaKARmc61EU9z6V7HJ8KlxSbjHgdm2UNbE5pEIVWCxILk82XBIVl1uwrM6u2+c+JQq88C2p0TV51JdlOZ7m03GZ5zxhA90XqUFjhTtxPCWMNXFrKfXAD2VUKa+T3wRGtSR8hyEueavdcHybEtGl61AMhsrY8LmQVxEUdxWN8umvqD4IKvuyeTRcCHE+Hf7Kzd2vdqYPo8P9f+BwdTUAjTfmmc9PJnr8Y+TFQ1ML+txI4giV+CmQGJ7DdrNAgatoC8eAbU5H5krGmJhMJpPJZDKZTCaTyWQymUwmk8lkMplMP2biWn6uHuaKMlUYhSVIgoSwWQXminTgajNlpuTas6Sq5I9zSXJ1GLPyixRXiltIUrN2HWtCXhqgbgWtAi7JJIkoCvYmobiVwftBeRVyOrkZhyn4MVe7UUJNEqXn8Me5twPgAE5wEwrV4f6ywQlfkzAeFNMDyjRwSIQjmMM5V4kUtgmh+vumSt6bbWy/uu9cMYappg+CfYjpC4MzXHJ1Lmo1NqrpCr0n44Z8bVS9dfFwPD4eD2/uH948vD7OhznmYVwprcgD27nASp4xKBEw1cuDxmEYKK9npWna73YvX7387uffubt7cXezH+kzThqi4Y2pXBEPBnoxkwmSgoLid+J9GQpFLphykOQMQEEdeE1EAU1cM6hJ3E3xzqANMumpWIAIckQDTxAC16CFcyn0QXKalUMLQdETh4qjUHOVgEmCKEHZJvvrFGjFXJkHzg6qs1anOBUPD51gFFDDC1xBq5i8exqG5cVIh89FQ1BK6IBrXm8rl+PHaRqmSU4x0KRAbud4Og7umxNb06DiKTwVKyVYHZfTSTkeDkDS62+UR3IOn7FX4Q/kXvPVREfNLjobGmxrQubcl1tHkJPqnqIAzn/M3nsH2naV5d6jzLXWLuekESCEJJQQWogUJSASKdJbbGDALopeK3ZFuIB6RQXRDy+KKFbAhkoLTXpHgvSE9J5zcuquq8w5xxjfeMsYc8y19z45CSHJvfd9zs7ea801y2hz5o/3t55Hp3SgUET5zEkfte/LZONygU6+cdpcvVQnFqzA5+g/z/gIkyW+S9tBRm9uAkNeKPzbKK1uNZW4l0gkEolEIpFIJBKJRCKRSCQSiUQikUgkusOIDUsAMVGenCrgjScigQ1ODBMEnLOSaszO+8Z7wE0cJbcgqKLZcoTCdEyO4ygvymfxXNgGBMLAj4EMHcvZOnCGgYGNgKEgTVJh7o5B0MQqU8VdFOEpiAZghRyNOrihii0zmH5AaCEVyFN+RG7VVr5kG+Ike3Lw55rPpBFfoN5pGifv6NKaHFdghAGoUWBNMmsm03q6sbmGSTrj6WxWt00bWm0qDLvJdISqbKr1c7/gTHGw4n6jwXBh12hpYXFpaXFpeXnX0vJwMIDhC4pcCQLjNRSRQb4zXak4247owtSDd1eOJpPqzrhCHC4ST1k/yaOkF7TSuYFo8sFge5yAvhl0TCYXAoI1WplyhE2XSJNsV1JgS2fjwfk9zPxorQuHGp36EVQy6cg9dNnfJmMROpEvSEWBtwetcmw83g44v+S/Y+iDuC6DC8aFYEdDgIe0mQLiouqmma2vb6yvxymd1fV8vI7a4mKSZwG3erVTSZ3cgAIuMJgI5+q6nk7r2Sy+tgjmoHeO0dnKhyNRPF9R53nReU1rsgsCqgZuLkrbifdgJm5yC/PsFO95VnTXZLajSXcWRR71+surIQ+CPiqCYLp5eQjfoY9uZ9HNUlxM0/WL6T4zxWTqBJikReQ0upuw0U7hXqPzL/jt0vG0REx++H792uZEsiJEIpFIJBKJRCKRSCQSiUQikUgkEolEojuAICsBiBGn2OakqCfq4BWwIGSFQsVolWp/rQ91A0k6EPWBNifgz0G2I8iFEHSSL+S4GJ7MEBSnoRhNcTkAjlTw21YQrwNwicV0Bv7BPXkLRsZUCJ3YhKGYBEAY7XMl1LD7RYnK+ODpW/q9MJZt+RK1g00DfcAAC549kH2I4tcm0RKGXWS8g7FUkIrSNrPpdGO8MZlsTuoxxOj4lkwsDJzKEQtikdWgBiD+4eNnaANjFxZHiwsLS6OFhdFo1+Ly7l27RqMReGyAsQDYx2hsDiWr5EptCIyFFP0JmcsIKcjFaHLSAMcacrtBZxrv06ApnbJoqPPYUa+81sUwZtwI58agB0zazvupjnzoBpnK3j2/DJNGVm8zI4gcmUD7ak73wLFEr5uO8dDl8dkxJrDZDhfdaR1ZOCH68Xg0ckHblbiabWWtBfsSpxz8eD9u3frq2trG2qxpDh0+tLq+vrKyura6MpvN6gagk5souPc/JKTDd58mfIT4L8rJcW3TTOu4hNqmNnlQ0AElI0LpIJg5nbgPnZCC5OdDSyFQ5pNieIpoJ11QIZkn0JnuSSNqFM8VO7Bkj5WgEgG2ndNJfogcJTPg3cbm2pd3HftNSnRra3Ply3EZG6Nz0pRKD4LA6CEHqIVEnBF6pjx5naDSKqQ8JsXIE6wjc7RkkUgkEolEIpFIJBKJRCKRSCQSiUQikUgk+j9VGJYC2InuGzGA4QjBEwwKcCHRQGhMaFowW2jB4gRqk5hZk7xGAlEAimGBlAdjcnE6GCIzbMqoMYbhEgsMCbAm5HoCbylqB1uCeIkCGAXsT6zhsBgw9lAcaBMg/CcYylfBi2tFiTrUfOwvfV2/dHPIxEkZrKO48fPlcUIJAiXAcEIJbA65couUSazfxxGBKCKMH6pd09TNbDYbTzfG482NyWZT1wnMABojJL5AQXJQSnWh8i/mWwysHQ6Go+HwuGOP3b28a/fS8mg4im8Hg0EFgUcE04TK4iWpj4jYFJPN3iDQZE4fChkzIgrHA+MSz9X6JLJpUR0rUgyFLmADJIgYJCHeyCSgxABUhAk3ySZGc9KOKp04yP6kG33+SGfOJW1FRw/mHyjnw0M6EqEluPRwQaaT8xoG35eMvCB3gW4tyhEqRC443sXp4j6MRtXAQugPxCLpmW9m9dS1bubq6/ftPXj44P79+/fs3394daVxrbbVrGkDme5oXTfNdvE6RxcR0t2HaYboiDbeddO4iCaubeNChowhyJTytGh0ogXSSsLlHrLDj5pzg9HJxkgBK2CY4NF8J6n5iaZ104OD0pQVTZ3vCI/21jG4WVo7+Mml3Q8EKE1068m5ZmXfx9mkaG6OEm4WiqeDZ14vzPnX3FpeJiKRSCQSiUQikUgkEolEIpFIJBKJRCKR6P9EgdEGggVgesBlaIrcMMRg6OSPQPhCrH87H2Y1xMH47ovxnECiuMTsEcQIXP7HqmaX6tJ5YsRqNwXrWPLwsJCnYylSh+iTCv0nMD2Ht+AGY8k1Q2HyD9MLQets2cGV+kB8CG1Drw6V6JPtRf3dzoYhlB4NxQk8bwA0RFFQC4WyaO+cb2s3a2bT2XTaTGf1JI5b42oHg+4IugEYorC3AE4lBEvFf8Q9rAHWJGoUfxZGi6OF3bt2Ly8uxxfA35BThUcEA+YvYFM8BeuQGwFhCBjSYpTq5pQ/4rqyp/PgRkdmJ4zgGCI8VPJNKUcnJEcZWjA6rx8qYxtyX+H1gXvjFjxtZ0Wy03wQlBSK8ecmze9X5BjlXJ6eR0dy3eAsIMRNArYNxtBgoBGspqqK72zTttO2aerJZGM2mU1X1zYOHD64urkxnU5X1tfW1zc2Z5PxdFK7Nq5NBXhU1cSxsRXMfhsA2BpWlUot7YM1R1KYJ048Lyb0rQGbnHoGMUzBme6MmdIJef2X/EfgiU/zoToMBEfGJtYkDd98Q80ccdJrcOgtqHRhNFPx6taSd5vrh//72DudrUS3ntYOfi74cVo9If+ihz3Ha4VAOUmOABSfA5sya5JBKuL7QlpF2Vzo1kBSggrbPZFFIpFIJBKJRCKRSCQSiUQikUgkEolEItHtrljHJsJEodEIO1CYhEPkpI7kwuG9q9u2bmoXfFnjTyV/NrNQXN7HayS3BVAOOQHLkkBRPFEQXcLuJhTJgn4nKTpHM6HCL/moQMYaVP/kS2oyBoGrFUElyutU98fqpVY6AR/hqEqXQXWJL4FBC4Zr8B0U2JEPAAYFKrVAlsx88NPZbHMyns3Gs3Y2a6fA9xhNJh0E9dAYahoOSnzB/pgUbrI4Gu3etfuYY3YvjEaj4QjNTuB3HIHgPAw8dNUbwlV8YMREsa9MMrzwNEPJmCDl2OjAPE4yNQBahVkH30MmGBVSJbOiEr9gre3SlJh/MYAekJULQh50IHu6pIN1b5B79jOhrGrrlPqiychEp1XGHhw6gS9sf4JN4hHETioic7SnKjqa01iNxjo0iODjoMzKeHPfwYOr62uHVg+vrK2trK5tbG6Om1nTtg4HtHEtvgbTGGcrh0xMAGcYBI3QiqeyVbxSlVdWrr2HPtGh1fxd0U1eXCi0rhysJ+ddW0fN2rYlBxs+A44vzpkKnp1jAvv8UI+J1spsVkbDNIFcCUlJwwZ5QxkKM4XHyZz/D6+FkE7Yv5H80d1WRy+7sfK5Xcc92NqREt0aapuNlRs/CelROHvkZQW4Gafo8EIiDyDvYHUTcaITlcYnSo/CvniLp+fhEaWVumkiS9PK7N4T1OYFPBGJRCKRSCQSiUQikUgkEolEIpFIJBKJbm/FqjZ+m90MqgGkwRigPfAT7TVDBr71WJq2bR3L703tWuYTYukvoQYYcqM6qkEh6+E94hNMU9BHiJSAGYR3jVGWCuJgZwLcCebKGAvBIRq8TxBYweAdssjANJAqYLGdrUDonAU/QgVMP2ei4QM2kQCY3P0uboUgB2OC2pIGojvuAU6kvcHro8dJfAsF/1nbOO8M9qaup9PpuGmmLZAC00k9bdra+zbEoUZgAgkAKO3i0JElCSa4GE7VqbRZGC6ORguVtbuXlncfs3tpaWlQjUaDIbi8EGUTfGyFQVoCm+AROvEIEnDNGAfBZ6MLTbYs2CmqKWN+jsP8ngyd4FEGz62TsQnDIFSf5l8J9yC7DCA8QuJLCBAhIoIAJvTR0SmrCHcJ1AsGkkKKgMHRzsYkzKEUNgyQPhS7YY1J7UJkyrU4Oc4jfKKhmh6q0SBOaOuRNolykEgztJWDAdJmMJg0zdrG+v6VQ4dWVvfeCDq4sbY2m1BiVC6/4yyDG0rAPobhgDoYPHEjMKe24oGg2YxDWOmtlfQtYU26WKFMZuEfHACvMFgpzlDbNvVsFleTd85wSlLA+whv4aChjwTW0DqgFctDqzjUCC9MHWwAABAASURBVKxdvErDprqYo87IhPAxvrfw0/7+qR/lhOT3qUdbXvV0U3zBDgr16v4PnXDSU5To1tDBG94fn1qF51H6gLEnvDl9tkjqIsoC8UyYQUVH0KKnl+Ul2JXoKOZb66NeFMTB5SbfwsUkEolEIpFIJBKJRCKRSCQSiUQikUgkEoluNRmqOhPHYJJfBeWPKIXl+VhlNC44733dusY5ytMAdAIF8IlhzxHaorXuRS8osvRIeAogDcAcQHgOWJtYS1wJeJnAb4PUBWAoGjkTQ82Ct7GQjwYnuDmVKnPFkhgJTSEfmEui2PqB4meS2wmYiiTCIUUCaU4m0eSZYoquhfIy2PHAtXx244C+WdWGdlJjAMpsWs8mbTPzwbXeta4FqxVwgLEearVULIUMHQQ92E7Ex5N4bwfDheFocWFhaXHXscfsXlxcXKgGo9ECYi6I6wBiYsl9xmjFtheM3NCkpUidwDyKVmxlkagSn1J1FGEn1JXAfer8OPLQ6MLqIqfoGMKByDSFlpBJu+lkgIE7BNXZkiSXFXbHwE8Tw6LQKUTxVPHayWEeytDLuP7iWR3n7CB94VVcS+g+Ao2LQwyLFkdqMBrG1TNrm7qum3Y2nkwm4+nGdHJ4ZXXvgf0ra2tr0/HGeDyt60kzcw6sY9A/x6hkTYI4FREninw9yN7Dk69OAqHSzQRoB0XYVOrmKbmDcNSRV0QCeefapplCSFNsH4E9+Rhd8B60AgJjASq56KgiACXjQ+AbFLC9IW3s2ZkkyiRNvOHLFWgX32O3oSYbF68dOvGYE75Fib4+Hb7x0+PViwq0S/HK8dnbCoAnTyuc3udgHV5yRh0p3ybcBjyIACcikUgkEolEIpFIJBKJRCKRSCQSiUQi0R1Bw+GwwlI9OmgAcsEGJ+ih4TwELsQCfxtL323buNZ5R+4VpUtD+U11Xf4JXexGLmwTk8B5PkZXEEcSr01xOshvIGVSwW9LFhUEppAhiqEsiOJymqiWkNw+FFfDE3KitjpMkMFD+ip+qq3TJ12Pgk6+HekwqsLG0qzzUJ+F5sbabD2rp+hoMqOfpvZti0CC98SCpOo/XtSz8QsSNdBZSBYyg8EgdvOY3bt3LS0vLiwOqsHiwsLiwsgCC1TRKALOADCCo856H9hEhhruPY1IYkoQvVApgUdlaxNPf6n7RH4kqiBF8PBUAesTUpgKNsCwtQj+I18WxTRJIFYprweauzBXG86oEv5xmrkTnbaib0kHpijFWU/xAwwzCgb6z1PImUvxDNa6pqGIHYfghzd6raknm5ub0yll5RxeWz24uhL/bUzGcT3PXFu3TesxT0hpR9AVMCdx7Vuj2XPEM1liEhJCuAzCLmgLkvgY9nUxDFzpqleUPzKekbEQXsGO5jG2ranrpo4rCoiY+JHhJJyQxwsjULxKxMnWKyU/msATAuuO/EuI36Kd2NGExpXhrQJDKWwtTLql5y8UvvEMyvqhTw6Gd1rcdS8luqUar122su8jdIfrRLzl5x54/JDpkSfiMGTXn7TAso5AfXxDV4LQJiKRSCQSiUQikUgkEolEIpFIJBKJRCLRHUjDqjJEgCAM0qaEFdeEFsuNsTzvnQfHjvgH7RMCpqJ44jFUYjISONDVJfu4gVbeoMUJOpcgsqCDNUhdaDswZoCuGLAFfEN0pS0DBYjDGPRBAZyA6AeqghNhgpkhaAzh6aqBQ2BUCNtUKCnJxavOwmMuFISL7wBYgH9JRlccnF973ULgiQPrlzgmTdtOptPJbDybTWGclKO6raZ2KE4roZNjZo2mAm78V1WD4WA4Go0WFxeXlpYXhqMFAE0W4qTEQyqkUQC3YdQhmZWgNwlVg5VCvxNFDi0UemKgcuydYjrHU84RUSZ4tOuSdJIxSTYjCSlOh+1fcMLI+wRpBZwwygECviIhJN6nJBZKc2Hvj8A8DzNA86EscSiAbeqgE4QfgDdKc4GABDnrpKYqAJKAEfEYvQR8iLEz59VwGNs5nswOrhzenE1vPLDvwNrKobXVjfHmGniZTOs4WwagFufJSkThGGHvyKpHI2sCnxqXPFk8L5ns10I2Pgw7FaCS6XqF247W6SRFROXV6THuiGN12gagEwcQEyE/aTWmm62bytA7TzIrQYyG0o06m5PSzkTliCzGEEI2ONmmsTfpb9Ktqm+IwuF976mG5w2GxyvRzVc9PXTgurdD+JTWCctjLxOlyvWU7JKQsFP5sR6U2nFtdPqGzX7XAH5323rtiEQikUgkEolEIpFIJBKJRCKRSCQSiUSirULLD1P6loC9AsboOExeaTxQJ0B2UB6HsrHc74rjdYry4HIzbA35m/NKFWQHmmQAI2AsoAu+tQHydAaQmwOVbwBQADfRFe5gsQiOgTsauRMu7BuVSYZcake3BwIbkvEHX78XP9Kvh7Ifh+q4kHw2BCmCDrHv8Ds4hyQHWpu0jatndd2g6gZghrZt4k+syWP/+HI5aAbNO4AcsbFb0E2gb+KeRJsMR6NdS8u7di1Xg0HcIfYde4o7kx8LcAiEIeB/ziMn5BXCKx5ZlA4kAB8Qsr1wjCJ4mEJPSTrUx47hyOFKjHR4gFagfYZiVYxmNAebogg3YecMVdhfmK4WHDhGJ41q52OiVHEMbzIqQxDQNDh3YAqCmgDGGx5RJwBErHZaNbHTcXUMqtie2rVxCm7cf2BtfX3/gQN79uzdd/jgpJ4GW41nk816BqE7AFZV3ti4ho03HtxSMlqB1jXoYBNnOQARNQh50SBhQiYuhHsgFhNoLJQqDXR0b1VpdbTQCV7Kp/uIcBPn2xZydeIimwFxYrAFGKeEM05z09EqpgMIVNdyuFdT9hG3Fe4mGmyb9kOup/O3KRwwaE107Jjp2qt6UTvbdKoL97mVFXx9cM877nzK91k7UqKbI+em+675F++neQvBJfiKHjDZLAdwE8yQUuhEVCQ0dciVP8K1EhR460IhOj2zu3aIRCKRSCQSiUQikUgkEolEIpFIJBKJRKLbV1xv1smYAyvrzrm6aTwUv32DBifWWpUiVKAMnYuJFOZSlAJ1pho4S4fzayxjJUCeVJTxYasKeAA7jK+Ar1DkcYKICbywikM/KgwtMYGSdOA/3ZXJVa7Wpz4VFVLyxgi2NNjIfg+8F5VHdU54wfAZNJoAUEN7JE7A6AUsX5RqYGxmM8BOaof7UC3UDrgk6gObqDBkwdcB05JRZQfVIGqIf5aXdy0uLg5HsCEKcRxTWZvOAmkXGkJ6ABuBaCMsCiOR4anhbIpBbSBGwBAcAeEYzpHtSo7MYBKADFdIOSIHVwN7mGjDZi+JSdGqYFMyTsBmIKq0/NCMOYQE/ASdIo6SpYoqpoLjiygrB3w0IOlD20B+IpRro3HVWeO0abVyWq1sjA+vrx5aWVlb34C8nPW1+CrOynQ2a5oW/XNsPZvGIag1hPIAQkPMFJ8wtdHDMFbaULNi5z0DPKaASQLCG7l/mkeqA2XoT3JnScNZdUsxd1dtFe+BaSaBC//kcQKdqePLNBIEBOiinM+QiipTdUJxqQR6qW7+dGa2cFpzvA5vT/wZDT3jM3jxwl7C02V6YStljJb6Bss1h2+86q+PP+npi8unKdHRabJx1b6r/1WFRne4nlcZMcnJWz55nGA6V57W+FDoEyTb4yTl7B8ZS7r50ke1SSQSiUQikUgkEolEIpFIJBKJRCKRSCQS3cYqLEnQ3cNDnEddN22Ti4ZovcGGIL7wC8ll+V6pEYv3IehspGGJXAiKzEtiWbuywJpYHzBkB2wjLNb+NTqa0D6c3wIeEMBeGAIB0FGFgAaTvu9OdfpU92Z6xKPziSr6pnh33sShQPFsRmMxn0NLAjiJYKZQaOGXAuzGuXbazpoWKJPGNfF6DvKG2pTfg4k9pqixErQBZXkHBATIDK0dQZrOcHE0Wl5eHkGWzgLgJ5UlvqMCmw3EcoC9iNdsWtfGd+g547AijPPlKZEG+RtI8+EcDI0eJPEt7t1S/g6G6bgEECid7SxsClqhDwgvMXhldPJQ7GaiqEU8y7hzKPEenUcYpgVHPyXTIIuR69aBcBeKZwICBwxfFOQQQeYNblcODUjMcODi2ojDtbAYt8yaulF+czK+5trrL7vmqn2HDozr2biux9PJrIWcozbORmCCJjYdDF6axsc+xUvYAaBTCZYi2ImMcbjPNCxMTpmEWRQsUupk0MUCyhk7vVVVLLMQKnU0Bfd0baamYDJh9lzTONfEGdSU/YPLXPdaW15szlJCZ6IoWdAYfqtL4kRnR5p8UMdq5bs6pIUTekksc2zJLWZNjgZL2O5azaG9bzv2xMfuOvYsJboprez/1OE9H9QmIWEqjztbmyANlgEUz8E6KDN/Mr4ldGmHU36cF9itrHTCxBTqFGUlEolEIpFIJBKJRCKRSCQSiUQikUgkEoluX0FkjAcjiKaN5f3ZtKljIT+W9Bx+6d2iaYVOnghmrsLeBzso5kVjzAwjJ1h/BO7EKAiOQb+LCtM9wNIDXUzwB98QdGJy3odKTISiAwkKMNnbhEwXkDjJrUk+I9mDg0vnyBlocnPg8JYA6S5BtWxMgsSJV671NfzFEv10Us+a6bSexMHxwTlNYAsXPAk08RjPAmyDLswwNJRrTTUYjYaLC0uDylS2WlpYWFwYLS4sLi0uDodD8EcxYLxhAjcUCAm4AlibtE3jXRtPTckX5KCi2WqGnUEUHowpRBVY1LRRNbh9AK5A/QTyhN1LFFuX0PGd0OxEU2yOKpgF3RmcqJQzoxJoozO5o6kpikAghjOc4o14gqDzzhZsbayNo2aUGYwGcVMThzz+qYC/CUYD5WPDeDo9vH/fwZWDB1dX9x06uO/A/kOHV8bNLFgT+9N63/rQBrYo8SZxPkhHKPRlCLhoA4I40Ahy2Ml4Eft6kAFL0F16jqam697SxiXUY6u25yUYyYBFfnRC1CSF41ChH6ihlmxYAJHx1BdyPCkMfRIDkr2G8mpPfwxnFPFtmMxYkscJNxWznJg/wrtW9Tgtk7gEAhI0rq1b0cHCqFukOBxrBz7U1vuPudNjIJZLtJ3iStp/7dvGqxfhEu/TIYoDyYgnCg4eOhofphrfMcXHhihbDj0K3dpmJ1vOr0QikUgkEolEIpFIJBKJRCKRSCQSiUQi0e0sh74ZDqMVmrqZNm2L8ATHKTBForPLA5eeM96RjB9oO1etydEiQQxkUgLBMVjkp+icCj0YLEAnwJ1w+A5CGGBGgaYdGuAB9sfIBUYd6PIhdAX3DmnAPRgbmPvKPQfFcMBLANMWJgfYagJGw6NzhqvbtvWYqjObTms3a9vGQdWWcAU6SaBcGuQB0CDAEP6CHh6xX1bZqhoOqqXFxeXF5eFwsDhaWBgtjOIr2AN9XLDcaxg8iFVeZzjfxwFpAOE4LuTiMBpxGG4yYAoe90EHFKcwF8OBWsW99zCg2N+gPKXMAOyjaSiQOzFGdz4XiucTTQ3tAAAQAElEQVQnEyc8nvOlXcZ3km1CoEWSBj9k7xwItEF8KF7WDAJeLr6GHYAxAg4m9h6hkAr6oM24qfcfOrCysbH/4IEbbtyztrnRerfv8ME4H06pODU10jhA2GjlAbfRGTFymtgk3sBEEqyXoocYlJOajBQJL52QCuvkl6KzeYvqm5t0ziA3pXnoZNtCPQJL7AdDE48pTi01HpuI65uIE52pH1oEivKW0jRxgT/RRkAidZ4lxJRk2xIeEKMSf5TQIc2JVdxvncgDGKx8ucC3/+2v8dpXZpNrdx338KXd989UjUghLLJx+Kur+z9RTw+yZU+Ys+bhNZcSxcATCR8jPi1Hh75H3UQXEEkvcanYgfPPePUkwyd163dPiUQikUgkEolEIpFIJBKJRCKRSCQSiUSiO4Jm4IvhIJ8GC95tLDtivRojSVKVMid7gAFI8hRhAgX/S84RKtlkcEIHYCUJAvHKWMAdKqOswe0hAICiEUPAYiXEoSAHkQJdOopFcUMCUSL0OnMoadeeT4dKBg/phU9WKGhoAvYXcCaPb4E2gVyTJo5HXcdRAdDEA8wBxXaEEADzYF8MzqPwaPrgOdMHzxabPhjaYWWHg2oRbE0gSWd5abmqqiH8DCqTRoyzWwJhMC5gdA/5C3jMz+EOepVdNwiWwL56zP9BNxQHrh/xB6cEInoos0hTXE5IBil4nKEQnjQ+CIUYztHJU2e02jYfI9f0EfCgUCJK4nAO+ZKQZyygE4sirsVabcHLRuFrGDJgbQbBmEldb0RNxvsOHNh74MDhjbXr9+1ZG09mzSxOAFTBlUO+JC6eylkTexl7m6w6choOLRId8oJUaQEGWllB8zLzbFKDfi+prUp1mUEGl+p8hxW2QaltiJPQL4CbtPFITie5DI9LzxPzAkswzudsFhz0kpqJn/IdQLhVR0oxkdI1K618k6Jz8kzTdBpOVUqMFtnlaLZ8IUejsn88KNRaNEP6RuiW21VQa327trr//Rsrn911/COXdt13u4X7/5biUtpcvWh13yfrGeImcKv44nOCjxKzB/diiwuwBeiEzaP4o5Q7te2QziEstElv/4FIJBKJRCKRSCQSiUQikUgkEolEIpFIJPq/VJO6ARsPLDX65GuCaS6BWQr8TXVnyibxiv0OsidCZzfBhe/knZAq3mRtUkFyDtS3qwSXWEQkqATOLzRSEWxWUhAneEn2+UjESfLjMPDPZH+HbX9T7V7nQAkPzhltAF4Ck2xcXbd14109m9bxXUt+ITwe9A1/ICUMEAkGMRAcNEgasQh5gJ2HtcPRaGG0sDAcLi8uwgswN1kYDYbss6GBVEmsAOM7mG3kgXGBpsDoGrbsYMCETTfY1yXEtmlyQ8FAjLghKIhDAocYW1lr05TASNI8oflKbHX8a9P8kE0I5c7oYjDxCFN4RuQEpW4wEZTR3YfFqYyuwLCGw2vgxwY0tTHDgdOqBcoizNp2PF7ff/DAZZdffv2ePasba6sb65PZtNXaxcYMBtirWPPWrXfx9JA51DQaQoQG1XDoXFBpfAhz4dggpG5ClxsDEJBCAAb3dal/yZoHZdEgQzN8opTqquZe96CObTXvfRL45AydzB3Y4SaB+4A2E3EuW8hGqmdxLbK3BIIledA9pxopML9hw5OQwSsu9meYCD1ONLueGG5WWg1pNmlnZrwSuJX7xKs0rTq+1K3rWpEcU24SE7lpjqRtVg/f+L7VAx8bLd1zcfneC0unGjNQ/y/J+2Y6vna2ecV47XLXbnh+hNGz2+R7W83no+X5TbY65TxrPU+OBHo0+CPNSXpGiEQikUgkEolEIpFIJBKJRCKRSCQSiUSi/+vVNHXrHH6pHWryGmvTHJtSZKaolPJCnii0mSgQnZXtFsDIxFIyjgVzBShqY4wOVbhthfk5Fb1TGU/pl+4Vpqd0pdKe8s7s32GQLijq6VReT1E6IGsQmAEfgIB+GW7WzJxrp810Vk9jvR+CdcDupVXBE1rBrQP55A4RrGYPGAMcQICODCp6sWt5+ZhjjxmOFheHw12LS1VVxY0EemA4D+ZVoLkFjDd6pYC7CoitBTRXfj2CFBqtMHSKXWkd/Amurhn7iI2hITWMTWCDA6bqAP5hrGHrDdgD2qJ1dqQJ9Am5yjBSBIYeIYevFLOvdRG0kg1UAif1GBz8eIXKgIkNzDmAObDFYphOHD5z4PDhw6ura5vjQysrN+7ft3fv3sMb69OmRdcTE8fXLSx4rdrYXxN/w8bYZB/s0OgBupUgrmM8zINPLI6hxtpgA4fqsNWCTyMSMCfKMKDCTj20EnBGjetXz+dr6Rl6UvMq0na6g4LhZVd1+SO6BE0KbIO4E+CInGsadK3xW1a7piULo4i3Hs4Exi8lAxzNviaJHNLd3aDTZLKtTShoMF7c2XRHz7WVQQRVmpyEW8NGpAN7yns+zNM7qrzzc4gQQSpbngvsbRP8eLpxYfzRqhotnzZcOMnaZWOXjN1lqyVrF9X/LXJu6tqxazdduxFfNNO9s82r4k0UHy4A0wXisnCFmTRqoXOpCng3qUS/4VM9Re2kZYn5X7qHSdHhqOIR3LUqqJzi1Pkzqbxp/nXeso10f6+w7V7CtYhEIpFIJBKJRCKRSCQSiUQikUgkEolEt7daDzYnPuQ6Loak6ISZELQRiLPoCu9cf0zJJkp15W9iIAzH3UCcB0bq2Eoz9VBBpI4Fc5IQDAWwYOqHAdTDxBqn9l7zV+w9lT4TEMHAgy4uigYnioNdqByNBEbyasixErE7FKLT1hihEzs+bSZkL9EAcQIeHNRLqtAH9JSITfVdyhCcED6FrBhjACnRw2qwsLCwuLSIDicLiwuLg8EAPrQDZGoMjob2jpIrtPItjLeL/9qANiceARQ2HNHJWCMEitrxXsW9G2QSIHAGN0J8DcTVIBcTLwWACaFCSMMYU6BANpj82nAtl8aXD+gcMqAdmG4UKCuIm6KBhrHWtz5e1JP/TSIWIBKpGgDRY4yLe9tKVRaDdUwc1vF0sr65ue/ggQOHD1+/98bDq6vj2XRzOqvbFkKd4m5VpcD+BHKMQhxqHRC7AO4EAAtYl6bFhBmqZyfWgGCJbIWjA1IWlJODGTREymiuqevkzFKUrneODemVssN2lg0lkMNLrTwTrsRKb4kZSbYTuMljuhLeVZir4zBSZ+4afPsxXxIMQ0kA0jitegV/zVYlhkanYzu6eB3+Ie4kJFwmncN2jWeghSEjboc+KlbgJpU9inb+NAMNfrtr6RJb4U00Ttx8mot2tnl5Pb5cg5cROtZ4uNdzqkzOTtKmGBa6dLB8Um0yzkJPG1z56R7Vc/Or1Vynwk6sRNnfsNU8xpRGQzQQoeWPdKV4UigejCK+2FgI1hIaN2WzH82rDkNzNN/xzISohD2pXjvRU4ndf0IifCjmic5ZjFt/U9HvcrvWassMbn/AzdUtXIIikUgkEolEIpFIJBKJRCKRSCQSiUQikejWkwP3DSquclINWXpgmgaXzXs5G6k8qUsnBd5AYAPn3Bj2NTEYrKMscCcMnRjaCSw5DLmdUJHVBLLU4Dq5CtlYwReBPlzCJAuHHKrTq78nJoVKpWhq4Xzr6rqezibT2XhWzxo/w8q/iz9AgBDGENjyIaQrEuoCsIlHm5HgYx+qMADWZDRaXl5aXFxcWIAXo+EIwZEO8cDDAxpFAO8S/8JwY5kYThbY34Q6SG905ynhMGzHuRqOwTcN7qyBd4FUIiB7wEXF4IDRFS20l0AXNC+h2CGyNIFgoM7oRBdkApuEUPHXIrPRKwPDDIHBiw1UoAcqJU4eZN2YwcDjAWYwNBW8nTb1ZDK59rrr9+zff+O+fYdXVw+vrW9MJy3gNqFFkgQ4mAHG7mAV3xvKxMEJADMPQ1YyqkMpVAJyeKXwNCs+sJh9rdIU5nWJDAWBFD1Io7+At5HveIK5Avd8Hb0/XvBJBbYq9FmYT8OBVYcLQSMLgSvB5+byBYLu0Sq+y0AJIcMZKsE1czRN0UuYM8MGJypHX/ENy79LjMOHssHqVs3T2VbpCsQ5lJ+YLXuGbnxww9aTpRdesV0LuxvBs4A9PLTurRi2CaLfBYOV8BUwykmESno69i/6DYQf+MGXcSVeVJkHCpq9oooD0DRJ4SMYP/CdKQklqPGo0POHPE6AbPIc/VU+1NUtRUK+3jEJ+tbZRyQSiUQikUgkEolEIpFIJBKJRCKRSCQSfaPFNWiFpWlDSR1UzgspXUFvPcSwi4mh49hVg7fDBotkRBV/K1MxXIKsBHEQGkADa9LFKdNBk0kJGpSgMUcAT4fuG/MBiQqLZgOpZq6yLwujEhC+4lN0BBhnQJqNa6fTzdl0Mp1NWte0rnXBId7i6SikKTR4IvAAUOQMsCoI0mAskBpYaxcWh1FLS4tLS0u7lpcHQzA8GVSDyhoM2VHsueLB+KPF4i9mw3jDWItP2RfQtDSyseYbW+3btiXWBLkUsGboUizQz6RCZxekSnDkid8JBp1SsCKPQ6vYbQY7Q7/JDKTQNssAquyeyu2U36NgluASsRuDxVE8lbVVHE5bVR4hkFBV2lZx+Nans/F488DKyjXXXnPd9TccWF3dmIyndd3GEfQQWRQ0AiLaeJ45YI0SEJPIA6BXyHFDZ0sQslSAOCCdIQSTA2GS78l2q3ru99EVwnOGSMhcg+akErNlz7mqdzmwFe8U+oE6IYWb4Nx7T143rtsnoyY68U4JfKJYJtU7ITu94C+TWssuJpyzk6xNMhfGph40B9qUI0Mcg7odiJMCGtqyy7bHzdE1O5ycMCYKsXLsYxSSr5MqeY2Es2XOImRwDD1OtqT53JbaknGDjeBVjQ2l8CVwdWk5qSjNs8okE5ubJCol4SaIZAEFx25WBJb1eJcexnU7KBvvCGUiEolEIpFIJBKJRCKRSCQSiUQikUgkEt3BxMSGSl9q76wEVC8eROvkh8G1WJPr61j6NERmEPKAL9CLw1qtrSJmgyrciTiAHUIu+SJPkqrrKhXn4YpBq46SYESF82PIvIPcUHw8HzsbANPhHH5r3wUgNxrUxnjN1U0bGjiDBU+QkEJXUtRIKCiWDLVAks5gUFlrR8PRwuLiwtJoYQRJOoNqYJGawYALiiji4Aus3AIDgJVuT9AJmY340BbkQKDSrmvbpq6da+ILhBC8Nez7EAvDyI/Aa2M1Azua8aBkrGLYl0Yr8pGhFCJ6n7qTsoyQ6CmWgEd3mrwY8pQrytABZ5WqckpVCwvQRGSHdFXFw+q2XV1bO7S6emBl7bq9e/YfOnRobW0ymzXOzTzECMG+g0EAdgfr2xxWw23u/DUYOinBg7wOQ16C1G6I3slNp/r6DtXobEmhb2apushk4hnSabtObIxS3VLZ7tJdDIoqX3CjwOEE3gFW1DS+BbOTfCpa6qEIs/Lk1uG9CsUgZewqvVG5UfzaFPtsIU6ULnAT3TUyUQnqNlWiI7aSPVptVCcjVQAAEABJREFU15htmpchjExXqMTqOFiAQIEZuPE7GCNdN61FXS7BxKDwNtNv7W0xPvwwVG7r9nx7YAvxIYLBOvE/lae2IGtU51ZFk+vTmRDLAwiqyJHKS57b0P1P4TZfGDtLABSRSCQSiUQikUgkEolEIpFIJBKJRCKR6I4hTfjFlo0qf9cdDSgAWgC7CmA7TGCzE0VYApqaaIQa4DVDEYasUKjKC5QJl7p1Cu7hL9IrpRL+kegP8ttQZNNAvh7xzMpSdg/EymSkIBhDzYS6chtrrgBuNE3bOt+4EF/NZvWsBQuRVqGVB5X0AbZgs4qgU2mbPUEQkLDWkK/JaDBCzGS0HLW0HNsBBIqxXeWXGBMuSuPRcGJHrUqD6ZLrgqNKLw3vdAKKLYw1cSqixjMPBwNbgYEKX4KHmexLYCOPiObRUSZ7zTBbQCVjMGdRjHfA0YRrsF9IR70odJMxGOiSjRPIRwVSdewgWGiMWVpYqiBDZ2V9/dobb7zuhhsOHDx0aH1tfWN8eGNjdXM8a32Ic26trkbOBjCXCD6F+hhydvHkIVEQG2mDUWyto5khCR0Okar8uuRLQlEZ31YdkIKDpruz3ZS27FVaPWhVIBL8d5tafEWAiO8sQzoYAikTiNhxDXNGqXt+zsCDSJ24hZKiAsWj0L2nmCShMQHDmdx+jXdoYpPYqgVulUHRXPQGohitju0Jt5nHSbogOrJAa2xufhoBzw8fYMqoXwSCbEecKKYqFOc0wXsgn5JJjPd4H2EyFA4aDiHcYxnNyOQVt4Q8dnhp8oAYAi9uLsd0s4TnD+kJzLYlIcwtDJfuduqfAzcX14U06W7EMkIE5k46PaIwXsdT2pfK2UN8PC+AnAeFD3CVV8vtIp7ijhe6IxEwIpFIJBKJRCKRSCQSiUQikUgkEolEItH/qyKjDkVlzbwV67Q6FSzJ4URTBg1CJlSNtckio4LcHEvMg0XspAIABYN1FOMpBj0M6IWl19kshbJxVKAAGiwnVukocEuxyHlwXAw4c3hl2BQBK7FQLnWurWMJv6nrZlY39awFVw5wPYmFZ9e03iEWE08PFdbEPejAAAj5rAQAL/DT4bDatbxraWk5/huNhsP4M6iGg2FVDYgK4IQKDp/wiZPBArHBj9GWIl4Nx0V7jekXHmxXXONim6gYPpkCdhI/BIwFQZOqqrCpcDAk50AMSyZz4qwEzCgyJoEmBumCYDlwh3Y17PqQs1OM7owbKD7J02go9kNhnMMDVgSGKsD4VDZezMHEGB/MgQMHp3U9rdsvX/TVA4cOHTx8aG1zPKvbWPxuYhtt5c0wHgJjgXYt6HlTGXRhiW9puixBM5D1g5fsHDcYg8C1SCuQnU28ogo8/ApF7ofSN+E3keNB6K1XR2t5ErbcI/xCMfei+x9l6ER3JhqqYgCiM7Shej+Y73gHdBSsGUSQOouOLtwndYA3MKSkkssF/DZGZ/sfY4rmJj+hfDfp7MySzt639AjZXihku6Cwtf/fGM2dXBesUNGCRBrl9mwFDgLhJkhT4Ht+TbyO1jrDW4WvSSZOOognGyD121a2QG2PXvSbdJRoytbhDRgP1vWRA8fyaUOiXgLTegid0INMd2ui15SgOpYIQZ6AMV7xuBZWF91vIS8/XorpRruj4B2hvPsKVy6RSCQSiUQikUgkEolEIpFIJBKJRCKRSHR7qXOLyJXWLoFBKa5JJ3iBgQa2qUBfEwJNMNEFS7aVQYMT5B6IQ6EXVjF6QhVP2j83QqXzazqPglAX8k+JfwYVEyMaa8hKewQvkOOAyqlrXA1CU5O6bVrXNG0TPwja0emNhZAKrKR6qthaSP7REMPjW4VvK2uHo+HCKGphMBosLy0uLCyOhsNqAC1RhJCEBjqHY4YUDDMSSLEEAiIAAYDoIBUbQrgE5P200L4G2jd1sYFkSYD9XlxcMOhiwhVxdiJRbDgCdIFOo6t5I0bl8HhlEbWhVJpInQaVZ48sTFKoEJzBgmMMpx+hcQDgPqYCviYY3XhXB3Xg0KHDq6uH1jZuuHHf/oMH1jc2Nuo4zjVgM9p4Y7wyDtxtBmglQZSRGhDF5KkjwShLniqZFMntVOwrUVTEwR+EMajA7hQqj/Nc8bv46FZQmHuNrTxSwT0RIKqEB3AhVMm/JN9Y2ocWDCna+Bt+yGmiAE0K4qQgPxK80u864RHJOkgXi0bRnZVdb9jsRBcV+kB2NwkmY8gnsxr5/s94xzeuur/lzEciicp9+wciR6U7sicPHeBPDkyNMOqLMByTKBaTqCGVBsR0jkvZ+4TtWLZgL3MN3z4DSN/M7tOZMnjTDQYtA2xSYLhE0+PaI3GCHkrbnD8Z/jBZwiAUR3zhcoQRQ/hJ9QbzNjO72VnF2CT8JpsMxbspCHIiEolEIpFIJBKJRCKRSCQSiUQikUgkEt0RZFSuLGONtSg1Uo6FScXX5DUCmALZkDB6Qkk6yDlYrapU+aaKOAAoARANw5E5QROi0Suze6ruw0eGvDw0YiHxWt50VIUHgoPsC5xv26auZ03bNPVsWoPBSesayHRRDuxMEFIJbNfiqRqtE/bgQ4vtd7bSg8FgaRG0tLy0+5hdSwtLSIBAN4kcCKHlcm3KeTFkQgI2JBTzEIiiIc4C+mjAOKVt22ls4gR+xdfNrIF2e3AZAcoFEB3uHCflBEWpOhikAw3E5Buwe+EZoRE3hvbno1S24mAgCNxXQvGeU0Q0Wz5YnDS0o4njE/sWX6NRioGQlmowdu7GvTdet2fPobX1Pfv27Tt4cGNzUvvQuDj4utXQWw1Ngp9AE4sWNuBWgxNlQhkFQglG4NKCrQCfHEjR4YJ7yg/ieJSUJ6JSChP+CaG06UgAwFGXxY+Gmgiq81ApCvCpJ+FIAEF5frqdKijz00ZP/iEeS/9OeYecgMd8k6B6tXPmAjT3zUCKSiZrijgfXAd2PmEEmSXVmZ1YdjfpuJPOkQVtQXhZFHYsLhTZOuG2MJOYIzO8LgxIcre09t0btfPMh5RnpHwowB1tOAuMn0v4EFPk4cHOIIYDpjBapt9r03FxjEUF9Y0aFd+zvEkGJ8wD4QtsclozHnvq24DPlMwNZt+WMEcvEVtEiAk8Kdu+xwmLHvi0EtN0pDHROzrN3EJRGtJW9Ehts6VEf+JDzCuRSCQSiUQikUgkEolEIpFIJBKJRCKRSHQHUUiZEeTt4KjMSxU+Yk2M4kybMtwFcAgsflsyEoDMHWuSjUIFxW5kUAKjHvGkViFJ4X2OSsDKdwrx0XhGIE4gYsaaAFwExLFoipEIunWumc5a19YYpgMGJ23bQlhEaH1wiFZ45D+CJ4cIqq8jQRIy0qD0aDQaDhaGw9FoYbS0vLi8tLy8uFgNIBEmngcqs+ieoLjazAeGlNOCBh5UikU4JA6aVxVaongX29VMJpPxeDwdT5tZDWk7OFwcoAPIScV+BUWBOyCqQnQI5QmRI4vObEpCDhA1MRirohMcZKhIHKgojugJJxclTiGeNO7odLqytbQlDlQDfMz00Orm9Xv27Nm75/Da2ur6+uZ0Cgk6gexWKqJSPBqzBIUpR2wDYdksJVW8g2YPHQ0YAa2w4FM+UyDHnD6pAd3ALKHEP4RiZzyPogSkLmykQEPMNos6USrbf7q9IBWplz1TfpZe2O66W/dS1OwqsypkK4F2Ehho4tmagu1MthTc2dQCLSx0mDc5SYOm+ZbVWmXaIM10V6FPaJIqgBV2k+Egm5zhkgxObmuDi23HMJMogSAqtSP7UjArIScqcSfwfu8IjkBTu8Ps5tWku8Hcfod08Dd0oLZ39CmaRusidrFNXiZpl+RxU3AhIT37aCXSW4cLc4440Sp7+/TNRYhAutUhpCOcLmzZrVwrQpyIRCKRSCQSiUQikUgkEolEIpFIJBKJRHcQcYGaKtGpNB2S/4LR7ApA1INlGxKTHDcgoMVqTthRnKEDpyKXBUuoSvyILUMIhMB6t6bgGI1ECEAUlVHxt4W0Fkpu0VVl0b0h7g5JOM41bdvW9XQ6m8W/EKPTgHdISmLx8YXPJWYdqMRvKjOoqnjNyhq66LAaDCq7+5jdy7uWFhcXgJixdjCwVYUNDS7jKXwqrOpydg1zBA4DKsBPxWLHCSloajebzTY3NyfjSR0b2bQQOYMcjSH3EkwNYpSER1dznodmKIOGnc1O2IShyEgJ5C3S1X8p48cwcaKIzfBBezRLCTBhVZwZT+eyaH1SVU6rOIibG+ON8fjg4ZU9N+49tLK2d9++OMQzNGaJh8N8DBfiH8g0gstaxlnyQKBRTk7wobIwxnOoDIskO5vEOwR2Nsn18y5MRM9n2QQyxaHRD1sBhZuugN+8KnlZVNfcppBsLopWKVW4cQT2f9DlbhU3P6DrDK4n18Ly9W0bPNX7g9I94mQ7Xwr+IBl86HRpzaEvsIqsYneWYpVk4iSDJkox+gUnMjgNJvTAEx6CTCHc6oTBDgrbDW/okwZHPjynz8B9SKE6cYSdg8SZHkSi86zRQ8/w2OJNl8/YA8G6sbltRoMvW77RmeEi/gagPY9t8yoFhoXOmUZ3J0koUXlKBE4odcgH1eeZArlduR7Ko27brm+V7v5maFAkEolEIpFIJBKJRCKRSCQSiUQikUgkEt0RlO1NQirwak5HQYsRIksIJQELEm2T5wbF61iK16H4CgRImD4IhhNFAFYIZFOi+Aqe/EGCcuCegbk7FbAmGpgPgE/ARMOYAGSGab2LdXrvHNAmTd3MmnrWxNp9TW4R+HV9j7xLrp4GwiGAt8AKalXZAfiXqN27lhcWF2xlh8PBYGCGg+FoNBgMBxA4gSQH8Ct8Dihc8xB1kQ6BLT84fcJhCVhB09qmmc1m02ls3ebm5mwWmwcXr2wVrwK2JoiQUFHYAEmDKEP2JKABxtNmHxlrLRtYGJ3tK/BA1XMcMGwQQs4xFFDkNcI1cVBtNRgOtR0YMyDTmMY1G+PxZHN6cG3lmuuuv/HQwc3JeHVjY31jvYW4IJzwuPOwar1qnauGQzCj8bEZNjClkIEHHnP2fmFYAfmQMgGH6vzJUSEFnfRqxyElyvgOIZj7sHMuScxLNwbb0hG3KAAE7wYGPNhwpEOxUoeDztwN/2aXFw5tga1V8Mk8JDj+A1hSi+EmZD/TVfzpUqozHAEsIMMCpvMpMQmhMAy6aMtN0yakFzkxhj4qcIqwDT5ATE3nbXGbsSZ9aZp6Qy3AX0FnzGt+Z44ECr0kIDI1QeQEwrdahbdTvld4iHiDpuFEzKLkv3RhosFQzi1YR1+XtumuZs+enmlPSAwGTKuxhJ3pHK+DJiawktLubLcDC9G1gOPRYs9sT8ipOiY9YdJQBH37cieFjQsRekokEolEIpFIJBKJRCKRSCQSiUQikUgkEt0RRCXMopYHREVKZfFknFBZa6h0rdl8A3ATZC/AwwPfAlWBRW4MSVH0LXygIbBoG09kIXknWYVguTweMhxB1AwYcWOPLzsAABAASURBVGCeDlAWaJMCx0G0iK9ndYM4R9M2DmxEoGoPtXskQrjyn/1BmIXALgWAXQaDajgcLiwsDIbV4uLwmGN2Ly0uVQMKuKHWgSMCxPEo533xRXqo1cIljBnMR1VQrAUUbqGo7X07HU82NjYm4422acDAQocqjkdFjjAmNmFgIWKI2oweKrm6TWYUCOzYil5UYMqSrE2QSwjkWcFWIGZLzIXWBMEgDBHiXBm0JDFW2UEcU29MHQvws2Y8nW6Mp3tu3HvtDTfsP7xycHVlPJs2sV/VQFkb/+iBaYOuBpVDxscMBqOl4XQ6xSI2eNxYDaPGsSzYNkPlaJ3L5L6wWUiznQrG3NzE2hBiQtyAZ5SFuYuOUVKdY4oqOpwH8Ai6BexEuElSRXet8gUBkN00OqcT76nYj+yJT78xXCcDRMVZsbqfrICSz4nDqQ2pt3y3MuDC9jId8MNQjO45wWhKysI3wZvcUXAC4uAe+s+zT0bwZV+TecbRKnuxpIse5SGFLw7FM80NT+8A7gCtHCLE+BOPUAX+jpvxpkqTEjJhoUtcSHEHeeKzz4vW3Vroj0Ae87mVsu2Wm+79DtvzvJPNiVFl6BQdmaYNu0C0Ey8AXm+0nPBhnJZWfMzVDq1ONA5X1wY4qeu6141JD1TKkI+6VbTtadjbKMyNH/eOyTt/O1MwIpFIJBKJRCKRSCQSiUQikUgkEolEIpEoqfMB6L8CvoTjcpTFkp8FsoTScBTmtOiSfqACtqaiOVYsnXcaDQh0E1LYC3iDGANZNgsLQ2A/8KREtWCd2gf6In5b+9Y1bT2L/+q6BYeILnCEEiZSUZb6AE4JUJiH9BoTzxwvPBoNl5bh32hhuLg4qiq0EsHQEQji8WSJ4JR3XIxnGxeq8lIITGALC9ydyr7OebA1mU3rGQTRxH8tRKa0RgGLAx4l0CMzrIbwHuEMaBh+pj0BPDx0Vlca84dY1hLYQwQJ1YqR40n9Tt4oqYLOdIpHVsCbAFcZVM5UjQvTZlpP3MbG5ur65v6Dh/bs3Tcej9c2NiezWahs3fgmNnM0jMd4AlYQXGhaAGdMNYrbJtNmUC0wSBC0w+J+RYxLaVPCJXJVYhi9NYa/Mo9AhXOPXgw+FbI9VpmxDk7kRUh+F0GVWMt2leojlp93/HCOL8ExJ6ao23JkMU5DJBKbtfDlKsXoVceaAAmh2MsnHci8CLcntGxZAzX1gHcLWkwEzLciBEll3xdMh0mMgEIYiDKu0j1R9hwRGbYSCXM9QzOMwHYW/YnbkTjJUSxbNifZnY7rXTpdL/FiQXfGHnnvucVEGAV6/CBIwRyKUy2kbQViKShICtkavGMMPzY0jiRf08PjIJTziC/S/ZbwrhRulNpCw2L7HZlfLXqbbduOyPxO8R5GoEQlviqeqeUGE/NlVHZ5yisCH9QmrRFEuCA8xyc4JS7CFk136EVgbxtObvLUYjJN0brCo5kgi4vKu0Qo5bVr1E2Kn1JH3mNu6Ar3JB4NQw+nwtqpWDYikUgkEolEIpFIJBKJRCKRSCQSiUQikej2FdZTOZaBan+ppBcIoTDgUIIkBdIc5E8RfxtET6h8Swk86C0SqIRoyQIDQyuQM4klTl8NzGhoB7YaDQejEVAg4EoQoJwJzgS+bZs6lt1BrmkaIDkYC/FYAIXcDD5/BlAyhQFJMsYMR6OlpcXRcDhaHIHByQCsWCqUtVTNRLsRsEsBKAZzddJ35rFwz9hMQBDEckJJgEY0LcT6tLO6mUwm4/EEwnTaWOP2lcULDBcs+pRUxLRwiyhLJlsTBMBKmBoBNsaCCQp+CBXjOIboDwGdNcS4JI8Z7QIm56ATBDobAJviNVaEofEhtiKW2b21U68OHDq458CB/YdX1jY3D66srqyt17OG3GEg6gXnOAwGcdZamDgqbMMpQ7InIfIjUTpFSo5WPpeIOf1kiw1E2teowhqEq+ipXuwVWNnkjQjXcDyPInApcQieMKB8zaL+nGR2IBxuSmjDU77v2yvMO2yQx0zezDxAOlFO/kFV5B0Cs4jGG/Ai5MSmAnihNiRniuRJwegNGZ3gRdnKImiKjLF8+dQW9loxFJnCZFPanL1SEsORoIaQXmzRkYv6uoSOdjj2aIALpTr7kfSvYHmOdBgTJNQNeD7AGOM4pxSwtBsbwzB4whs7QMjk7eXJtxgKdaOtb471yy1XcghSPXMRWCJxETiwcnF0s2SbnXxoSHeQLpAO4gGDV3NTww/+xNUw39VhP7cT3pEfHKFYT7hCjnJhiUQikUgkEolEIpFIJBKJRCKRSCQSiUSi20AUZ6NTNZtiXai0Z62BxBelCTZBExEqXldoWWLI1gIdKbzRRbEYqpjwzXytvMa8FWvVwnC0tDBaWhwtjoaDCk+sQuPbuok/0xYQk8b5BnGQNhaPg289flMfa8U6xG0B40oo+cdwMAh5pVSD+DNYWFzYvWvX0tIikB/xGgNkRgIYRsSWB/iyPuVRsGdJ/G24NI84BlRlk+MJwQXY3Xo2m04mk+l4hmoaiJ6BJB0s6Q+HwzhOA6RaLNmO4KEQrqPQh4JoAZO9VCo0NMHwHSR5Qory0V2iByI7lKxjqNPk+2E8GVXYyqA5DHEMdjBy2q/Xsxv3HLjmhusPrm+sbk4Or6+vT6YtpGsAPhQL8YGAFhg7gIi8ti5ZKaANSTLIoCmMY8HzTeYH5aLZfilt3eQT6ODz5+lEGTfJlAXbyIStESWmLH33iuBB73zxm9a2vMWWBsyX3QPPSuI3uhb0tlQKzXHiYvGt47ScztKEbTMK9gO9KNidIpRhTokdYRsQna+RUYPO/0azi46Zmy7d73X+rQJzP2FLP29yRI+ww82gArr4Hp3XIr7TSm2DO3SDlfxgHJBrCiJ1IFfHeyKV0tjoDjrh0+ZL8COLMR2l5+Z9btZvY/aCcS6VlwjjSsiFxR636FZCLibKUsYZHoITivSfd7RDApgo3CsU7IpSc+gQk2VMmmW2y+CDRt2O6kxObtNZEIlEIpFIJBKJRCKRSCQSiUQikUgkEolENykgH1LciyLoJIEYxmr0OLHWKjAMgd09eU5wJZcKmnELQCLgZUIlbA12JQ1gDhW6jwztwmi0axFok+HIDgAEcd639aydNfV0OmmamWsbH1rX1lQzhUuBmYribBkoljax0gq4Bv6Qn8hgOFhaXFxYGC0sjgaDobVxizWxuQCjaEwx8Ww34bixHu1NqAILH+cwHUNWH4YK+3GHuq5jcXc2m2xubGyMN+t65tBKAcvUsRHknmI55QT5Ec0mFMRwGI9JHhXxJ7gRk30s0SnKkD0MYjTecK4Isime3S3IzIFIA4OeJ1AI1nYQTw6tUWACM6nrg4cPX79v740H9q9trK9PZuO6bsAjpVK6UlUVz9B6IEcsuWMAYqORQaE6uyb7FMWJIV3BXqX0FjYaKLxGbnJdhcKfINso5FSgoLKlCQEE3e8yxKSULm0mOquVo8j4yE06ii1HI4qyoZc96CT0KJYKlhGs87hu63xBrUqPk7S/R+KEHHbmuZvCvqIjYoJK9AkhFqrz86CbE92HCAoLnUNH2YmuEUWUS6Aoo60TvEOYzq2mRNXoPpq0RSEBO5wNw0vHE07B3iSZ8NLF+sgESpo2/CgxFiijQo/IuSMo8LTDb8xOApIpPl5xoQA/h7cDmVGpTG4lfisk86CAzwpeYymBZxtlPMdnGOh2UoLdNINJyghxIhKJRCKRSCQSiUQikUgkEolEIpFIJBLdAWUxGocqtRD+gt+Y14Q5KK70gSsH13EZUIGXnReD51p4QN8NKFw7oz1gIKPB0tLC8sLCwmhoDcIp7WwKOTo15tS4pqmB7fBOK0i7UciBINqiIPwmWZKg3GBghnAeO6iq0cJwiNYmy8vLcWM1AA6EWoFF2KAN2B+gm4lzgMQooy1WXMlThNueavUao3BMLObOZrO2gd+z6SS+RU+TOv7AWAEwAj4laGISXxvyKyFTEKr2Gx4qME3BcJQ4llZpJlE0mpxQ/E4AExiPji1QBabKN3Qa2g/nj21SaIlCASCxbxSoETtzaG1lczxeG2/s2bvv4KHDa5PxZj0Df5g4ZPFCw0WwRgjaxetDM8jaBEbHpOyMQIkiwCyY0JlLGErX2L7cfHNqvoUzSf6V5oaomiSHCIFnDCiEHhmh9faGGreEfzg6kkBrNX/Noyy+s9VP2rdyronr3Tvy/OGUkJI4CYRUMXHC4TscjIK1dr42hlfpLsrIELyk0EiHgTGCp9Chh3YOBRGzzSCGMiIpoRY7kQg3EabzdUl3jVda50SZo5HPWAWxMoBxISqR6ITyNOnJ5nWiano0T16n5Rh0E59gHHXbKRSeNJ7tbPh51sT/KGSGtjPTlv1ycDkFn1giYPYopIw+JYZDkZkSys9fu0+c+HCbUjg6QVUJQDI64W+lbuNWiUQikUgkEolEIpFIJBKJRCKRSCQSiUSibWUVVamRmcAUHUQqwKLDGorUgU8tF8HZ4sRhZROTa5A1AVoFyrqISQBYATE6i6PBcLgwHAwHlQJjk2kT1QLS0UCYThtL5JCl4xpsSMCMGyQrkEnQJhgsjsbSIuTnDEfArkTFEw6HoxEE6AzgZwhBM4rKrS11Kr5qHH2xn77dD7KmSmYHHNIR24tVXDi4roF82FxfH08mmKHTkNNJvETs0MCCcQobgBhN4ThE6njEJKwihxhymMDqv7WUeYI8ism1dZWK+1QzhsM70EIHIguMDjCUgICEYGLJ2QVfN/XGZDKuZ1dfe90N+25c3disnZs0M2BqTOWBghmECurTzgcXj7RV8LF5WLQ1FngVzRfFiycOBiZXscGIzmXqW1kdS6C7UnoODUkDst1lNUfH5Pc78A9m7nLbnm1rcM4W0CJ0TSz2Kw8pm5bZhWJh8dsKgnWcY6OaxJskxCPjEmrOXUMXDESON4EddYIe2MmD/U3yrGnmngq3k9Tujg9L1y5m+GjmeptTHQ2Akact4WBbhztbAx3NGTuDHEAOPDM6bOBR3GB0Z+KnCSrjjwzRFLC7KZaUohEMKps43TJlV5nCXuYoDkp00fxGGiui5MhRKrRtHdcVwjFB0+iRA5IKxUKiwcl0SUhQoM9eO3R+XfA2WztxW6obhJDWr0pPye1xEyFORCKRSCQSiUQikUgkEolEIpFIJBKJRKI7hCzaJbDZiSK+hOwSgsWaJoIoGDwBJgFYj4z1TLDUaBWyDYagE1sNB3Y4rBYGw8HQ7j5212g4BOuUENpmNh5vxj9NC5YhEDniGoiqCZq4EEzS0fQtfqU9mIAYUw3AR6QaDGNxeDAYLC4uLi0tDobVoLJVZeNFsILtIS4HzDI4aQO9QuK5HVhoMM5CdW0I1rGAi9iACRXxyLaZtq1DBqaZTmdN22pK1fFQma7inhbIEYrRoaIwHA5MiKH6tyGoRGGCjiFKpyx8Q5gO2lSY7CWRy+7wB4EXnzZBrbWaSocMAAAQAElEQVSqgDUx1kEmjnfBT8eb07rZmIxX1jZuPHDg0PratG0ms3rcND5O1mipda2Lp9HaaRv7DvSBHQDAQ0YYcHWbEQV2OoGCtc0JLVSJxreW6u7bLpVbpRBNOIgvPE5KDoHYCr5cAgXyX/6cLEX68IOeK0JrldmUkj7h6ny+XFBz0TNhe6KFK/c6ObXkoA+ThhAgh2QgQQugamuwxwmeD2OsAQ6mTntqAJr54GFxIXk6R0g3I/aczTs0Ht8xDYbGBsyKCHnKHe5AGCrll5E0BLt4tMHIEMiOHh69VB2dTn/TosHqTW3mTlQf4ilccLacpNgRl2+8IUr4BW5idDGiOxEvaslRiI+hxY1DR/k7KkUQlVfhF92ltpG+SRAjbEWajoLeCjsZzFAGGEfqxPl1YLvU+NbxvYrGUYCMYfAZIzhkDuVcWnBkoNPCgwYslDyugLhSPYFQntGT1MF8L21p0rZkzDdGOhFXNjAds+MjKYjZiUgkEolEIpFIJBKJRCKRSCQSiUQikUh0e2s0RLaEIim4yM0YQqyBQxSM9smYowMZgm69ryurF4ajAUAZZmE0XBwN47tF8CMZOOdms0ldz5rZFHNq6gDWI45MFhC0iG+wBcBjeINRNQqgEHAVqSxgJfF8g2oQtw+iIE4HHEa0xZK/prAIOid8sx+sU1KlO7EdGrNuKOwGiq9x9zYAkzKdTuu6iT9AwjQNMSi5+g91Xu/hWljrJC8GStXJpgwMBJCRCda4aeTybuQXAPE2sGcgf4FY9I1XZ0Igh4CwbwVwLg1QByYeM239+nhzfTzet+/gdXv2HF5bbVyofVvHHawFO5P4E2ekqQEysQOq1WowR4H6M5i4KFVpcHZAbADQl8I/AdkOnwr4hr0eAsJDOFydyUJW5wxxFKXnrUVrpj8QDyELGvJd8B11k88M4+kD5choJJeU7lxF5lqUbWK6FBkmMwrfkdQqZiySU0IiIDrgQGe2Ykt/mYDpXzrhOl6VsJGCeJ3WpdbAjAdTlsg98zc7jZpJrjiKI1QUMSbMBRhedmwDY3L8DlIVZv6siclB0Edtf+le/T5RUIh25HHo4UHJYEUVwxT6ri2l8wft53ucT2IcyOGic9gI/Ks/g/TUSGYtBI5hKhPf75rWLoXNAOdF7h8hdCYyfOJg+ivY98ATv22kU7kelJo3cVEJ6CmPzKlFamcFsCYKxXnyMAKLl0AQfHI1jXMtO/EAbhLvVVMNBoAqsfGUJ6IrDYjHE1OoDtJ58ahiFYayfYG5PfQ90ileJ/Ra2j0XVGnZNKdtnw5b9/SJFSo/xemkp5FJfkPpTriJFSsSiUQikUgkEolEIpFIJBKJRCKRSCQSiW4fjQY2OZ2Y9J13qnjG4m0sVDYeqqLMT+C35A0YfwytXV4cDqvF0WhQGQzSGWHdOB4yXV9bn06nk/HGrJ4hGeLif+TZQEVGKpJbfGGreEKDfElVDSE0ZwhwiTVgS2IoJATcVzClJigX4j+snkMh1lMZGuqmznGJHykTfBHPHjSkyiAt0Lb1DNVM6xnm+3AZOjE1yaQEK/wVp+cYxk1sRkxyjgfbT3QfmOShAFut6c5GDApVVEMKkCCbDwJQ7GAQtJ06tzaZrseRq6cHDq/t2bdvZW2tnrmaU1p0q22odGy3t5C8Q9EtBswdtEmkAZubsLWJ0Q7BiDhIML2anDlMZyOC840vPNfN1U6eD19viTe7L2CzA8MIaNCgCq8XbJ3iYnNKkJlXjxrQukQCitZqNWejQnv79JYYhJxSo7ecIW/ZWt/OwIdK60apPKzwtkqV+66VCr0oEgmB6SfkI9KNeqAzFLAFcweJQUmryuCk0x684kMq+Pd4iFCG+OR4nX5fO/6g2y1kpoZaknmDNCCBqC6aNeqV1nwszWsxhoFxEGxxQBJLFYQOEycB86QQm0htSEcHg+iYp7dEnOCTxfM4wQ3AfjD0k8w5OvqDZ4qWO3AbNKR0hkRkhaC29TphDx6+w3lUC5ipz0Cwm80OtISiicZD2vgsC+Xs8C1MjkoKITnnWkd5ZjS6GnkUxPQyCKLTusqry1MjkMtzSHQEdIXSfBtqRlvoaO8T+wOfM7nSbzT3nbrPFj69DnYEie55yeQdMlzCYxdbZHiGyvWWp55axA5HfI3tJkckEolEIpFIJBKJRCKRSCQSiUQikUgkEt1eGlQcQgHmHlzvpK/SN23d6uDQMQAqg7YC35DKmtHALiwNFxeGiyNkRawCOESF8WQ8jT+b4+lsVjet8208fwXERlBW+bal0AuLLiZ4oB0MBvEcGJpTodmJJtYEy5ouWZZ4qnI6LKgmU5KWiBNKn8jxGrCbc/Qa0iia+KvF+nRbN7O6ruM2CpnAcrdNJf6g2b3E0Cc2uZsoyhjC/JyONUkuJypRArCPsjSkmkETIgFwH7B3gb08EQ/JoiJ2OXaqhoSfWXzhtLrs2msPHj68//DK2uY4DqKnPY0NGOgDqRnGxOKwB3hFp5gQyyX6XI5N6SKGqteKS7ZYmEdQAWKVGGbA82g62mdYIHlRqNLAokMAUiDMvN3DjuJquSa7l8Dl5VTmL86mVQHEZOJiTnN157xzah43nZ1vVOd1EbTORfFQWnVs9VKYK6d3sEXQOvuLdOBEB52k1lW4IHrWHQHSj5hQoMo6BEqRTQeuPL6OZmSB1mQq9uc2EORhGFxAvgGva1JPdBpyhBg8u1+om1A49pglZI+YWlC9KBul+gYq8TrrGxN8ZpgM7sT7bHFh8JhH3P/ep975pBOPiQ+L/YfX9tx4+KOf/doNew5pXMeangjovUNDoNlUA9bG/e990r1OudO9737irqXRtXsOXHPDwS9ceM3a2ia6MHGskEcOg+JywPgHmDB4ciToBFrn4CYHx6Rdy0OFrkrra2PYZAlPyfCNJkORY3YvMCvjHV8pTf7a+hRNkDRZy+Bvw6MR1HHHLkKAjXNraxNF4A8Qat2CiQMyGtnNzfj0aRPaRjBIOO7YhQeeceqD7nu3U+92wtXXH7j86hsvuXLvNdcdQFMiQwZU+MSDCK1jj1mOG1zbrq1taDZT0pm5i1OASUM06bHzfveuxYGFrh86uALrzJGxkEm3chgNq127h/FZvb4xZjwHAZSzHnDvM+518hn3uvvu5cWrrtt79XV7L/j8xYcOrSvFXljkThVfLIyq5aWFOBcrqxt5Zc6jarh6RqPB8tIovjt4aE3xMIUTjt8dX25sTuq6oQfYccfujk//ybSeTBtkWjANC1plQneP3uRKFolEIpFIJBKJRCKRSCQSiUQikUgkEolEt50MoA5cqtQIBOBX3WOBso3l18qq4cBYo6qBXVxaQMgEUm+G4EZi0G5kXDvX1NPZdNrU8c+sbVuoy1o1AIyEDTjiC2tGsThcmcpWZghxOZiWU5lBhck6FAJDNgjBsz9K58vQGSK4wLkaqQCt2JpFKbQEcB5DJtqmAVMTiKSIm+JBLRYtEflIxWP0AkBTDYtmJtZ6HxJDQNuYLrH4juJ6MMjDkOVJwK7xV/TJLyPowJSJYvcBLKonUwGIxcFicRz3MJ1Ox5PpeDrZd+jg3v3716fTzdnUBd3E9sYC+nAJ3GY81M8JVYn1dU9GB+BswiExlKYSGHVRRZaI9oSd4C4Q8EI+KAnzICcGzN9RVKhWiURhHkWxHUGyhPi6qr0heW74ZAIRMnjC7h109UxxpNAiXazWvjJoovURTVnyp4EjSLJ3ws21TaALmZ0PzNsr1bEzBQKSPE7QfEIXMA9NJpFERMSQYw3iJAZtexJolOkHbTKns21TQsJ6fLqK2bob3mBhYWH41Xf+nro5euYL/vCCL16JvkWwzo49ZvnFP/Os73niwxdGg607f+WSa373f7/lI5+5SNnKh0ori720Kk3Kmfe9+2//7DPPftC95g4cT2Z//7aPvu7NH9i3fwXhnCrwIwJWlKEELWMS7oA3g+ch/bkfefyvPv8p8dVkWj/wib86mbZwK5kK2BOAVDQtxBNPWP7Cf7x4p242rbvi2n2f+Nwlr3r9+StrUzAxisdqS6vqy++AAz/2ucue89N/ihNnwBIqXoLzaPx//PkLzrzPyd/7c6/75GcvIWgjXvPBZ576mpecd5/T7rL1cm97/wUv/eN/2bNvxdhK6wrwOtfGHn3gH37zXqfc+bJr9j7iWb+BzwMAeJARY4ILKBy4i9mv5Y2v+YVHf8sDYwePO+Nc8kdBtxhPAWdG+5f/+o/+7I9+5yv+95t+99V/h8+P8NCz7vuql/zUI7/5TJUWBr3YHE//5h/Pf81fvuX6PQcRZbO0Un/+x7/zt37h+6+8Zu+DH/djyeKJiJwc0MNn+pHznvR7v/lj8dVpD3vO+vo47nDK3e/yhQ/8ZdzyI7/w+29/9yfonv/gv73y1JPv/Fdvfvdv/M5fwggbcqdheKu4T9J5lUgkEolEIpFIJBKJRCKRSCQSiUQikUgkur0VaixGEiMBVcygfazhjgaDqloYjexoYAcDiL9ZXBpV1nJ+R/B1O55MJvV04r1rmrppGjyBWVyAnBwyNBgMh5U18e1gMNDoOxBfU5wCVCbB4wCbEFrgOBjU8D7ZUnCpPqDPgGIjE06O8Bytg0yGQ/wlMHSCqTuEm2STBgqNIG8KzX+7IJ4MOlSxuToH61CkD9qYsLEF/OaQDsrZgXPaZK1hQirUYkmcjTCgEuyhGNwqgFwa106aFnCTpjm4snJoZXVjGsex3pjNZq5V1saiOI4LOGXoOBlEgEA53YSUEJJ8MbpUkmC6SBaETCyiLppDZKAHlOiTQAfsGKW1JPyCPTZUWcwN7LuhbvkCU3kKGA7STDbNFY2ZPCH4pIuU6VknlHCF7uw/ws4X7z7yxXaPWUOURWISZHME6X478/6lzcmcqnyt7KIScvpJd9qQO0LWKcyGGNtdliOcqmynwoBF4SqB6FDQRu3Y/GIatt0ledzcHPkmuJm2AxXsw846/W9+/wV3Ru8K0qGV9fhz79NOotvsQfc97Z9e80v/dP7Hf/G33xBcpcPQVgMCx+LFn/b4s173kh+ggZhM62v27G9bd/ppd1sYDZYWRz913hO/98mPeOIPvmzP3sPKDj2b5tBgxBuQ8JGEPeQO+/b7nvpwasziwvCpjz3zLe/8tAoDbb2tRinGicxCjtT3QWXvd6+7xZ/vefLDn//rr/v4Zy9VsctxOkwx3BBcMwM7FDMIyQ0lPpxOOfnYM+9z8uG18acv+JonCyalf+y8x7zs588FiyjUjQdWr77+xrvd5U53v+sJ8T499wnf8qRHn/XTL3n9uz/0+YAhTfHhRtegeVKhjacCHx14xCBOpjQyel4zYKTKmyvEaeIbzmpw36HHlD/3Sd8WP33buz5CEUXPPvdxf/vHL6IpGE+m11x3Y9O297nnKQsLw+WlhZ99/vec953f8ehn/OQ11x1UQLPZFNNDa8fRvRoM01KqxNZC4TWEz2zgN+LRPgAAEABJREFU9bxLzXMq/iBT1Q2mbxHOUXghBayM2nKj7XDjiUQikUgkEolEIpFIJBKJRCKRSCQSiUSi21KVdujioa2piLKw1gxHg+XFxcXRYDAAJ5IKgIY21i5ns3Fd14h2tBDY0NZkGLGwOFxcGsYa4HBhFIW5FgYZjqqy5BhiuvogICNY7C+2Ka4ZO4p4IDsOdGrwvLcHaCBASAQQA8SXtG3b1K0HzwgfXztM0lHsdEBsAF/CYu3SYG6QolJ1UTK2FqxMKJ0DPFnQ3IThjsLvROX6PxEnucBNdfxc7lYZ3IDdvTIu6FkcPgdwzcZ0dnh19cChQ6vjjY1ZPZ7NJvUMTF1iDboaxWpuHF9rh0abxnlETTAQxGjAaoDNsfnSIVd20TXEhMCIRlCUDgQDE7hBMMAGnU8M7p14Dhjl1JFkhZKyaWhmaDZ6aMcOnEcJU5RitIhtTrLPCgeDdHtZ3QXWpKyiMA+E5H1Ub9A7uogdW/jDHRxQcr16HqnZ2jVNqIBOxI/BkVSZONFlrk93uUpzagynCBVkA1M3yeTF0OonLkox9gO3B1gAWazu0w/BRhCNpJJnRsBVi3kxhgNfdEafvE9UQArf8X5+atL7elb/wK/+WSz2A0AQXLzDgvIPfsA9f+Onnxs//ae3feCt7/kon4SDbMxFl1zpfROH4j73vtubXvU/jt29FD+8fu/Bl/zR333mc1/ds/cAPBoWhg+47z1+/HlPP+9Zj4ufnvf0R8db8Odf+pfxFOD0Yqt4zpNOOuGVv/Ts2J2r9xz8rT/6h/d+4DPAHOBw3fsed/vD33rBYx75TScef8yb/viFT/nBl4ynG96boCuwTYqDk8Ju8E7gMaHxevhD733ayXdSySvp+57+yH956wdUWDTgj+RNSsDCDBsehf/8+Bdf84b/CJnb0ObEE465/31OO+fsMx/1zQ+IHXztbz//2777NzfGU20GKlSFhY537YwZCa1dQBgthCc9+gHxw/d89Iuz6SZ6DelX/c8f/MFzH62QrXnpH7/57e/5xL79B2lt7d699HM//l0/80PPXFwYvfa3X/Adz3vR5Vfd6IMBDrDAYgD0wcvERzA91yA7x7UEmHmHy8v7xC+p1s1wPAzYLJkq4OcPPuv0U+9+52uuu/GLX7407nPqKXd9zW+/EKbg2r2/+vLXvP38D9FzOm454z6n/cnv/crjzzn7xDsd929/84rHPut/bIxrXGdW5VaRkZQGSq4z3oFx1BQmdfV1e9/74f8CvLBtyLepuMkc/N+FUqt4c9yhJesleuLCmqNQKcQLy3UrEolEIpFIJBKJRCKRSCQSiUQikUgkEoluXx1/wtIAnUiGgwHZk9gKMQeoFbrgm6YJDfiJxGph0zqIegAHEeWstQtLC8PRELJxLFZvDXiZDIeDeA6PaTmc6gAeH2D+gRcMaDAAtUmP6QmEHsTrece1ckrX4QwNYE58wlTw4gGsTJoWRGk6uF9GBzoiwajCkYIJC2WrSqscQ4MEBpIlUN23NngcA2tSgAkVTwkM4BMBcULWMGSVgDAMdgK+jY82K8GCp0BoPfR82vr1ab0+nR5c3VhZ3xxP6/FkOqvrOvbGwiCEwTCWlSl2B85eVQRnIAeTLEwCOWHQ5RKQgWYASOdgAgWOK/bSxI6wEURyCoHCLcb6UC88jYxhjw2ammRSkBxUugG13V5o49ItoI58UT6Nq8aUE2JgNLYfXWdMTpZJoE7CgghDcZTUYnB1mK5VWwrMSGbQpYgc8iqlLzEDlNGTnKeT28tJUiEvDkyuYc5JqeRMUjiaxFPY9FoHCrVJbBFzPmS0gUYTbKMTqjRDIfUPh06F5N9D/iSGCCjVs3PRnWlHCDnNh0GhBLyEoDpIpajCb+NlchQl+rhsP/jxL3tXB9cGFxdnvOvb2XRMn1582VXveu9HMdCngtiX+GPwB2xOwl/8zvOJOHnr+z71Sy/93ysraypZJ8WV/vkvX/ozv/EnH/n0F1714v+xvLRw3jO+/V/e+dGPf/ZrcBtBu+xPPeecY3YtzOr2vF945aWXXBE8ORTBsr78yhu+5/kv/fM/fOGzn/6YB55x2uO+9cz/ePengo5PrEW6DYrF0dFJ9BQ575lnK/ARWfnkBV/9rqd82zlnP+jOxy/sPzTFbJ0qaMuGHKHjgfbeePATn/o8r0TMkYm/36E+9UoV/uR3fvoHvvvxdz3x2Bc87/Gv/PO3xxOYbv1huE071drGZeV9fJhUdM5nPPas+Psd7/9s8LXz6uyHnkHEyaVX3fCDv/Cqiy+5EhYXsmSxIesb49/74zd+8SuX/t2f/PrS4ugNf/jz53znL7kAzJq1VbeCXQMrCe6wuAYq9BkBw6fulgrMZ9D+rq3xuRIfSQMwW9IQ/XPuU74V5uvdHwUbFe1f+ILnHHvM8mxWf9cP//KFF12R8pjgHJdcevXTnv2zf/fnv/193/WUM+9/7yc+9pv//Z0fo/HmZy6gLi09JAlvSk8PdJHBaXnXf376/Pd+QiEFp5g1c916BV8TeGxl5xQ4IWJyeDP7jHb50rpKwBORSCQSiUQikUgkEolEIpFIJBKJRCKR6A6gE+90TAVFWMzzIIMJqPg19WzWtLWhOBYo8GE6g1EVVD/BF2QwqEaj0cJoBGwEYgTIB+RvuXMihFa5+hmoSO8VcSSYqhN6kSOBtoOJCrElcIjroJPQOocUim9hq6foHc32E2yXkp0wTMceYF1f5zwOqBTH46EOazg8xyI7EyCsAqTIJsUwsaE6Bw5wYAgGdszlfQzW4SpvQHeSRqtp02xMZ+vT6dp4fHB9Y3VzsroxnrYeDCRgtOK1rEPPERhcKqArncZKZ6uO0MEfqcBNAISmCi+X2Dk0hzGOrhpbmo/gUUEVTiFB3QKZol6c/ia0gqw7EJpRySglVZLZ3aTHf6jOucTq0jxmR+nUhnI3w7k9zHjs2K9wi3KC0nCT00jnbFJ6rlD6kiosWBje4QaVd0EeEmJyEH0oZHRh0cMXMvnHqDnSokN3uI9qbqDJUGbOVma7buKJDJEl+GNVCuxBsMtllASeE4huxBePP+ebHnifU+PmL150xfN/8fdXV1bZlQVArsrYgbHD+Ptf3/6R//nqv6Gz/dpPfrd3s/gTgHFpzjrj7nHjp75wMRInLRuNINESD4wv/vZf3kcHnnm/09p6CtQFRsmQCxC5G/UmPfilxcEzH/ew+PIt53/0n976foVhWt/z9EeHeFFfx6sgXBQSlpR9ROJTxbEFD41DbACE6dg/eO0/0x4Puu9pkKTTToHLCW0+0AOpU8dHE8B6CG0cf9ziw8+612Raf/gTX4Qr+uZlv/gc2vunf+tPL774cgWHe6A0tKVRstXg3R+84M1v/WDc54Fn3ON+9zk5dlZDZztEA2xF0JAGH83gcdK2NcbrEKnT3QapaS0m7DhCvuhOPPfJmK3z7o8EQAv9Q886I779xH998cKLLqM9caJhlpWplK7+8u//g0724AfdF3dw3XqAzkN70lOaH8WergXPyzIeKK3SDh/x6K/TFlZAHsEj+pmDxkQikUgkEolEIpFIJBKJRCKRSCQSiUQi0R1L9WwMOMTmwfX1Qysr+w4f2re6emBjY6VuxlA/Na2xvhqohYVqeffCMccuH3/CMXc68YQTTjj+mN3HLC0uWms1epzEYri1XHcvCIRQwAboKOAhIQe/me8ALWmbtqmbpobf9ayeTuvpZDoZT6fjzfF4Y3NjY319vLGxsRnfjTc3NyfT6WxWg+UKlYZTtZ47k8r2AMVotC7BcB9NKTlQAaci+IDKu2DwAg4vw0EFP7A3xAFVBmNN+HhUl6MCHhxo3YHfxYcfH5qgYk0X0nO89qpywa5MmysOHLjwums+f9ll/33ppV++4oqLr7v2hrXVldhDE2ZWTbSfosdAwHiQ4vTEFuie1Qr3zqQskVJ8nGLehy1dOiAjvWN7jgJuKL1M9BFBjx2182FkrkLlb485L55dTsIceqISsaG3dS7QfeEEbHvF8tTz1MbNVOhLpb7Qi7l2qWIRll2odApk4mShfLqAdiU8a53HidbkYqLZ4AHE8407WxrvuJJD8nRJl8z+NSXjEvJbPr86opA4iUsfUqgQNwk+rvtBOpZWJN5F1dDYoULLk9jCX/qxZ9E+L/6Dvw4OA50A5rIaKQpax4gWtG/69w/95Pc/8773OuWRD33gtz7s/p/5wqXBxU7ZM067azw83tkIGQTqJBAn2OX4sPjsFy//yGe+dNzu5SXI7goWaTDL6Vx5QRBFRaBDeOpjz1paHCoIBvrQRRddsrq2cewxu577nU947V+/3TC00QZTqRz9pLq/ePfF3g21HWnYJy7edu++tQOH1k484Zj73PPk4GrwEvG243gAHnPs0+RDHMV43id/+5mxH+//xJdnk2l8UDzxsQ87+8H3jbu896Ofu+BzXwGcApk3uFY1MoasccC35O/e8oFzn/So+Pacs8/8yoVX6irOheka6R0GZYHPiWc5XFGJR8O8sWJ/TzNAKy9+dPq9Tn7AGfc4cHDlU5/5Eu6s7nf6aTAF0xk5r/AihDG25Bf08c989UMfv+CE4+JDf4EdrPpgU9BeI1AYX59012Ne8os/HB+i65vjl/zh3443xt/2yLOe+UTwVvmfr/iL6bRRunxyeMRNrNYlj0ZtdmBJFFKIVv+eFrMTkUgkEolEIpFIJBKJRCKRSCQSiUQikeiOIK1mmAvjU71VoT+BqYDPsIOK6Y0BZObEN7EabSgtxRE8gt9ON4yawHlU30/CcAADGghQRg4Ii8OpaIrZK2xkQjtwdA68hQqn4fpy94V3+u67MV25Ob3GtBRGT3gLuaEgTQIlXpUoAdpBI5WiO8+IDBAo1VU7rUplW6rnOuyqw0QVBx23XpnJ5uzAgYM37t93cDJeqacbsbwK0SyVXlweLmmoSds4HtbBNhhYwE5UV1PNES0FDbL9V/yxJSYNicE4jXxItjDROf2D2s9JLIXHSVm0TZzGTTugeMqR6TxswDEiFMEXKg2lY9LIk+GB67wMuGRsKKsot0Hr1NTEcNyUx0GiLPjMPEOe2xBC6EJXQjdG6kgMhs+pOeXWnglLKEveZtuTVTSRvrQYYY+T0imlW9mJUUksSUGy0JIImm1k8sroFd3LCQg31xwCzwTECZ3SW1N51+ic6sL2JwN0HxmZaqRMfCSY0+9512856/T4+Yc/9cVPfOYLuDaAODGDBWMXKIWHcliCb72b/dFfvvUvfu9n4/7f/ogHfepzF+Jk28uv3XvCsad/20MfcMrdTrz2uj14Y0bB5fDC3rXqO3/05fVsGs9iyf4EbmOj9XbUE+I2z30mIA4XXnrNV756eTz+7e/92A8++6ln3u9eD7z/Pb522Y2GnEIQ+9hmtWuDBiexmwtAz2hoga6qY49Zjh/uO3AYVlt8nsXHlk1OMIpcRkJyT4EXz3jsg+NHb3//fxdTtsIAABAASURBVKEhiv+2hz+Adv7//upfycADIR+4ih0MIfEHQ8eCb77w1atPe/j3t80Mdzc6eGOKRx/Zhyh+VMIzOPjKZGqL/KR8OSJ5WdDKfdZTgGh5x/s+4Rw5tYRLr7j2Ed987KMf+dB73fPkK668jp4dBm1OwDIqgLfT07/vlzy5m5A3T+8CQTMJFe5+t+Pf+cY/uPc97ra2vvmdP/qi9fWNuPdZ97/nT/0QwEm/86o3AHSCWVNpuop+la5IKqeBKWR5ggAmIpFIJBKJRCKRSCQSiUQikUgkEolEItEdULt3L1E9kqrZsWJsdTYH0Rg/gzYhVOCFzBvX1q4BKKQl0w1NKTRYFsRUis5tIRYPc1EWgnFiLdTRN/MpYQfe0AYqPSJlQmYQtAMWb6myjNePBWCveGumTFQCTTLHQB9Z00s8sehfgrvhIWgYQYcTakKH58pmYLCA2Q46MGCDAaGJLTGmdn5cN+vT2fp4cvjw+sr6xng8bZyrQ5jESrMZQBnZ2hALylSThtNq5G009QJfUioGpeXofHXiT4roj9TYjinp/mg6Q3eCshzPJw9bzALKMyjVld+10qWbxpb9NdaYyyPY1CS/zfCRDyk/aZt0F3Sp6NJqTP+zEqhQ2zYlFGE6/ap8el1QKzrM9WL+Rf/KACPRvOjkxNI7akeTBd5eEXCTEBAMguKPaallRyCFt5fihZ55F52WPh2SeZegExQzNxjFyx26un17mRgi7sTgUrcBLTggWSbvZJJTUDVE6KSKu9/7tJPo8//+6qWK7hbARQCkAGIDwnFw4OK97oCzuvDyG2j/e9z9rgFosyY+Yj71+Ysf/qDTd+9afO8bf//P/uGtb3/vp6/fe1h1QVMmPjta4EOqOCNVNTBmoHXF0Andz3no4Ihwyt2O/9aH3ie+/Kd3fIRuq7ec/+EffPZT45bzzn38y171Ru9bDU8fRwxa9yDQ7HNC6AwmBA3wlOGxj3zAoAIe6qLLrsX17PsrjbO9eOa0Wl4enfMt921a958f/m9CPU4/7W6059cuvgroHDRTMtXADhcAcDGa1gtMR9MGVcEkwCqku7q4rYHfApMVeBQpMpdR2VFKIUGIkUOFDUlmpfD3uU8G6OTt7/5wntyPf+aLj/jmBx2ze/nDb3/Da17/5n97+/uvunZ/sUDQP8Wjm0qgCJ85IyY6sz/l7ie+6x9fdc9TT1pZXT/3h379gi9eQshUP0wHnFq2eRqUWWBpgdPVQupH6D9xvi4/I5FIJBKJRCKRSCQSiUQikUgkEolEIpFIdGvIYmwDlJet9aEFAw3gOrBKDGYe5GGiTCIKdDBxq6fqX8h1QGYjqNaJRc5AZU9yOYAiKObhYLwOJOugwUlLNiepHM8MAdcy+Q3FzSS8hZ1AlEl7UWmSoBg6AtwDMBDHJJqEQnY6cw9sE0RSJFOJkMrOlgJPdDIK0F3gRhyKWM51XrWtb4NrlJo6f3g8ufHQoX0ra2vj8Wbdxvov9CQOEdSsR7FE76G6jJyAwXN5Zg40Mwc6JCcLxRcsnRd06PmSpF240/xB9hVRPRhFb3lRnKJncLINkxBCV+qd/6io0ect/bPDL3KX8Yp9PrC/uk/LKD1/8SNUkPVOnzKOEnhcfK606zRUYZ7GmMdH+i+oIE6rRBeGI2VT1JaN3WkTOlOFdDOgqUbiOnSmigKm56CVBwMmOlMPyGp0wUvYLItjqQmeyd47ASJpelEjGV0K6b7Sic8Kfo5g6precSfaFOBL4oDQlIOyYNC8BICJeNXT7n5n+vzKa/bwbuBEMgQDDzALGfAZdIgHxzvu+n0r1NR7nnpXNL9plR+8+vX/8eiH3e9hZ55+1xOPf/kv/mj8ueaG/R//7Fc/88VLP/uFyy674vqmbeAc8X6Cs1WagrKqCmKA8oOAjGXgXvbPecYjFNrd/Os7PgrYkbEf+/RXDhxaPfGEY5/9jMe+/I/epDBhB6x3gi3Hoccw0boJ/j73vtu3ffN9fuX5T1OAxfk3/OO7unuwWJS6w+PgHnn8t95/OLAf/NRX19c36VT3vidAJ5NpfXhlNdBCMZUdjLQZWFsB7gPPyPgDY1gN4ztDBj6wSgrCjh5YkE8WmkDwDbEcwRsiv9DHpVj2cRkwYRfPcreT7vTwh9x/fWP8wY9dQB2Jo/qKP/7bxzzqYd/ykAfc9S4n/q8X/3z8uea6vR/6+AWfvOArn/ncRRdfeh0PLzzaVMKw+gOn1amn3OU9//THp51y0qHDa09/3i9++auXK+bmjMoeRyHhaL3HBq22LZZBmsg7R6TN3IpV6gjkl0gkEolEIpFIJBKJRCKRSCQSiUQikUgkuo2EX5uHkmVL37FXmASBtemiQm746/shsPkDhTs4n+wrOncTMgQJLrlbeErggXJt3YJDik5mJ0pz/dGl4jixI1wB53K/CcmiQneeE11ETmZNdCE6lVU6n1DRd/MD57Dgl+SBCKEqNZi5WEP4Qus8ertYj7YD0EWtyeBkNqvrplmfTQ+urR5cXV2fztZm9ThWxLVptfXWBluht4vRAYkBOAk6oygK0eFaNRAoUHTVTqd4oDSmPhXRE1bCvgKFU0GuPhtV1Gg9R2vk+enVbzWbFWxTq9VbC70JQjCFTUhIwvFgtMOXn6YrpngdRpKcIoOYPOy5PTp5yeiOK1JqG/OCYNQW8eW05jQcXV4bI056NfHE8lBRPjU2XT3RGsYkbonGnP0YuIXdAG1DwCRbmG5oK1pqlCnVech0QUS68DIplGEZdYSyemkUoVVnOkMrrbtYdsxJrVQ7S6cz5zvG5bbp3CRmuQymrrh73v1OtMNV1+7h/XSlzADZFApnySsXuIm6dfsOrd31TseefNc7c4tDmExmz/35V/3Wzz77vGd8+3AAgT6nnXzn55372PgTX+8/uPquD332b/71fV/48hUAvmhwW0EbEmIUkgcMm53AajjvaQCdfOS/vrJ37356aMStb33vJ378uU876S4nnPOtD/ropy7ULt6zLdJh3fJ62uMf/sB/+SMib5DdMafe7cQ73+mYvMNfvPGdl1xyNfdO221mJ63Apz32rPjnnR/4LK8Mre51yl3jlmtu2AePPjSQwl5AjBkPLS8zgy4ydN/77kGgi0vQMxUJFWRc6DdlOfniuVy2i8x1/DOf/K3xOu/54Kdn01rhkbGbm+P63B/4td990U98//c+dTgEc5fTTjnph77v6fEHpuDA4Xe9/5N//eZ3fva/L0ojo1XfW+ie9zj5vf/6Z3c/+S5x56c/7+e/etGV9NDjuKy8q3fBt8jJ+OLo9OLmSIgTkUgkEolEIpFIJBKJRCKRSCQSiUQikeiOINc6zckysXrvfPIv4bKzZf8FttHwSKkQSsLZIVxTz4gJfOMevnSvCC3BKjZUXVsQmprQ+clSBMvumGPSc5VI9USsbpdACeIASmtTROd00EDxQmtdRNXgyT2fMdf6rTGc/oElW47zsVULNi/QdORF9HQ2G0+mk2m9OZmMp5OV2eTweLwxndXO1z44bb2uvDIeqquxfg01Vixj23gy8EfBkrFPGAHzAUGr7UumKSJEFYYgKmfZ6G2IkvK48n32AMEhKIdX9eCHLT4qyeYhdBkXKo8Poji9XBsY2sJoIzvHpEaHsAPrkOdva3cwzqNs0VzfaIQ62IIvRH91L2lG7aCMySQzG+5LepMHqxg19ibRW89Kxjq8I35a0RzofhPSppwMMtf5PIimPzTMLIUOO9KFywtTSXlSqPkhd6vTNvzOlp7s9EEeHWwQXswmYmNjY5JvUbg5TWHTQuxL7LOx8T45bvdy3P/AoRXuF4yFWV2f/srvvuFlr/77bz/7gd/xqId867c86D73OJnOfOc7HfvD3/uE+PMXbzr/Ra/4O22QKDLpNtb9FCatzn7ofU496YT45s1v/RAwTwmRecu7ADqJ27/vWY/96Ce+FHwTfAuuLd1KVieecGz82bb38f5/ySv/9q/f9E6FDiXJ8WU7HiqE0cA88VEPii/e/cH/pts2amVt864nHjceT1TimBCMSx0JvYUA4Tvw3tGtyx3J3YS4MgdAinFKVwC58RNaUWBZKON1yvFR6twnfVv8/bZ3f4QXjiJ6xhxa2fjpX3nli37nTx9/zjc/8bGPfPQjH3b6vU7lKTjx+B8+7+nx58//5t9++cWvCWxz0jX39Huf8t63vO7ku93lwMGVJz37J792ydXk04N3QT8EByDH2Lw5akpvY3MiEolEIpFIJBKJRCKRSCQSiUQikUgkEon+j1DBBHD1NaSSv8av0lPISLI2gS/fB+cRH+F0D6hvJs8SzMqBHR0F6PgQeiX1kL6wDy4S+AIrrx1P0TPhwMJsyZyEDj7p8nS2oCrpPP2iK383H08CQTc6YPwImCDEAi+kl3DijW5i/3zbutD4sLKxsbq+fnhlfXM8mTbNtKk3VDsJGONiKo/176BtCAbdNJgSCJojUwA66YxLqMshXhlDjUxGT3Qefx3YqoQ3ZWahZ3CyZRK3VGx7IIWiXAzDA9DjTuYq011hu3c+Sslhx46wpZ5d+IDQzqrjkMorbGVLVGI1tmEdjNqpDk0V9gRh0DWDymFPeUPRpNDb0qEeYQtDogueiYdLdyYt+CZsU9Av0RQ4pFLsHaRy3g2OOHQs6G5SdU7lYaMLjakxNG+G3VegW4YxGV+sj+ykUvRUpWlO922vjeooFI7oiFLqymv30YvT7n6XL375EhzNtBZLqIbG2Og7HX/saAheJldQHA/2GT2BoMsb4/r8D3z2He/9ZPDtcbuXz37Y/Z5wzsOf8YRHnXQX8FP5ye9/+jU37H/9G9+n4JnjyU6I+SCT3Gu8e+7Tz1ZorLRv/8Fveej9NC0y3GNjc7JrefGZT/jWXxq9dtY0xjXBIBWR+vuliy5/9wc+he0iaAZ+7zuwcvFl13z1a1etrq6Bb0d8Wtihxvyg7VYtTNWjz77f0uLwv7502YEDh3EjTPQlV95w1xOPu8cpJ9GI4JMRoZPgcX0ZtilxLa1sMHmC29Yn+is9pj08W7xywVidHjm00ALbnbQO8r+20XHH7TrnkQ+ezZr3ffBTvBr5IWsggseo1bXpv73jI//2tg/G85xwwjGPOvshT3r8o5755MecdNcT4+H/40e/5+prb/iT1/0rtY+adNyxu//z319PO+zetaSDg5wgzIeiZzV3sxif3lMsmbp0Xi49C5WQH4lbpYVTEYlEIpFIJBKJRCKRSCQSiUQikUgkEolub4ExCVuScPUVI2h8Kt1rrh0Gxa4mCmEShkugaAmvnTPIndB37ONWB/sBe5Kr7cawd0Nno4KmCLk4rtj/QfcgEqxHxt0C/kkGFD3oRFHT029mKUJXbSdugH0fEDrxYOvCOIjHujw1q2795mQ2nc1W1tdv3Lf/8Mb6+njaBtVCVAoE/TilZka14JFiNW6JdWEDFVaGaEzqSOD0mC3le+yRp/AOKMhIBt7vAAAQAElEQVT6kgSwybOCqsCxWTwyPYeL7U45v6nH4lTJGMZ2g42T1TsCi/Z5zBJ74FIOhmY6JLbY965lMLkopDCdBJqUnMq2xeEEdei+mQgPkU6JOWpn9dZAvihuIAyKl0UxDx2GUUBOPORabaEIdGAcKqEUgSc3dz6dlA110jVDpTp6A09g2JIkFNyKSUlR2UeE7hO6Zbh72w4B4zV8mxJmkq+o02u9ZeOtqysSdHKv007q5qz8rXSepPj7tJM5jufK6/amcyBqoy1EyiRYyjVh/6G1d773U29/9yd+5aV/+vwfeOar/ufPxvO8+Oee91dvPD/4ODI2cDKOIaoKB8MvLlTPetxD4ymsNW97w8u3bfPy0sLTn3D2v5//Ke9b7Z1KxErU579y+e+9+u/IlAVDfAYIALF1D6YFxYsOTDXSdggfhZ4dD58n+Kc99iEKsnU+lwKz4AFx6VU3nPPwB55w3O5dy4vjSU10Dnh+pGnBp6oLaANy7pMfPhoO9u4/9NFPfYlvpSR8EDucW7I5KaabHtN+h3smhKd9x9lVZd//kf+KDzaVsnXwL46hh0VrEOeJpzl4aOMd7/nY29/90V960St//Ie++9X/61fjbi/91Re85i/+Gf6HASYxcKHjj4P4oT179514p+OHw8Hr/uilj3nGj6QG08nzCGWe8WippnQUNj+/TQ8NJRKJRCKRSCQSiUQikUgkEolEIpFIJBKJbm/Vsxnl4FA13CukRjAkRxXfJKfoHEzPgXonvcUv3RNlEkyuM2MN1VO1npgSjsRB7oQKnARA2EpnVwm6DDtKsMFELuHzblrpwtGkX0nv3DvKT3PjqUlcl49tA4oF7BXq1k3bpmnqaVNPprP9q2vrm+Np3czqZn2yOW1ciwEWbazvAngDJVoHNdl4Eovf9cfeBJXDMTyiKGRnohIFkxrCbgVGEV+jQvkp0woh90OFHM5Chfv0cSgQjp0sAHDAUn4RD6reIVxl3hJky/a8URcuKdscy745Gf4IR7DM0HqbkJrep+mV2tKkQGxMduhJNiYYj1Tu1lWrdXHmzoIDB+ZI9W++Cbrwk57nxJZGl++que6QZRC7XGCmDIf1qIRapXso7UZ920rClMNBeBUNhymmJfT/HkE71e63oEDb6crr9tOLsx/ygDT7ntrDd2oxj/E58czHPYzeXnrl9bS8H/foB3/TA09vvXrdG9+LhMcQ9tMe/YAA5Wqde/0/vOP+97nnT3z/MxcXhmfc++SvXXaD0ZW2A+QzPFAjngfjGd/xkLiPQqeTbRtsLdwD5537+Le846PAttgWqIvSA4cfMRg6Axk6ll2Z2HjGGjPQwKNUeF03d34EfdRTvx2gk/Pf/1nC9jCRx15+9Y20z1lnnv6ZCy5Ki4uZEwD52sZjZs6Z9z/l9b/7k3Hj69787g9/4nMa/WzKS8CkW3qU0FMVn7ne6XQjzLXK+0C83Xc+9dvj27dyto4ilupJjz/7IQ86o23dq//sn6Hj8HgzSOGhU1XwTev/7A3/er8z7vlTP/qcxcXRA+972pe/doWnKDbUJZdd9fTvff6P//Bzfu2FLzj7m7/pZ378vNf+1VuKR1lhxLR1OR9RQXVGND3ETCQSiUQikUgkEolEIpFIJBKJRCKRSCQS3TG0vr6O0AiWibVB45PkaULVcdiCdAl8CR83FVYZeFSsUyqnuFyemBKEHsAvIEMmiqATyyYl8CmWI9mRoXTmcOQvoRNzYcscks7OhJpR1uhVB6OYgjygRqM3CRh1GA+eJXoyma2Px6sbG+ub4/XN+HtzY9bO2rZxwaFVhlNQk3baOEjVwIwOSsOg9irqCduKpCI3hGUgTxAyL5IapjKFohM6EhLOgH0IPYpEl3/KQm3uL9Xai6skJgL9XKDDdGWdWR6VIJntqrfFptAjTkLxWm1DuhBd4tURK8IcFZRAI3hrdtj1iFVpGrayPQVlogr/DwJ3EsmRjtbdsJKTTLeWtqmGG/SP0AVpohP5o8p2UjBOiQNV5IeiC6jFeY8LB+6J5KCiU5yP0TyvVKG3PQ4LSSbGqaiDObuIs1fwXKEDkgBT8ESjZA5LbTeWucVHLudr1cvL4Y1XX7f/mhsOnHbyiU993CPud997XnL5dQSn4RJDr55gCHcI3i0vjp771EfGw/YfWj3/Pz+t0SzozPud9qKf+u648cOf+cpFX7vaaNOq+BiySg+1rcDSJN503n3mCxf/xPc/M+52ykknXHTxNV61gH/ZkTZVIK8UtGd67jPg/AcOrd3vnB9sZmOk4YwidgTH5N1vesWjHn7WYx/1sLuceNyBlWkIrQY8KJn5wEjDnnBptjMhs5OgOXDHxo+AOFEYLhO2QVse8bAzTjhu+auXXnvNtejmAhFJQK5cciWbu7zwx7/3eRf8DpoAQRKNrgaQS9ZCbBmd8/uf9Wja80Of+qJ3NTweC5IEHYp0XEzwUEJqRYOvlIvPZ3hIt3ORZsSawSQsLS484TEPj/u88z0fZ5gJbU4e/MD7vOxXfiTu+YGPXPClr1yqgkXmBq5osT3gYOTbz1zwlZ/60efE3e5xyl2/cuHlwfL9fvDQ6uOe+SMH9x/4vT963XO+62n3vMcpL/+Nnzv/Pz957fUH4Zkf5tilgGSe7e4nfHIo4PeKRsNFFTpCOcwZwiAzbTr3HLoLbqZjikgkEolEIpFIJBKJRCKRSCQSiUQikUgkutV1cGVNQ1Xdm8LYIAXudOEe/E1/jRkhzEgwQwEHWYu4CcTlWPgVq8bBGKwRVgSZcMKJ1ryDwuKpDxRXwkV0qiumQAYmFFJLdSrg65LG8IGq6YHIFfraf8edGPQmQEsV17azetYGNXN+ZWP98OZ4ZWNzYzJbn02a1jWxuOt8C8kxCKYArRB7AVVmjz2jnB9oobfEs8CbgFhDyl9BBsRqZmVCpgUU21x05ALRAdhPW8yG347DSDYBuk+hpFc8ZYHICJ6RyvBpCeUBf4eiqap3ydJDQZX+JunffGGXPVe4Y3RJg3salVKYerkjmm1quHavigndYuIRgs7uLrQpjngZiMO97b/0WpHHRmZwUruABuqIE8KV0ptQGORwZ3BaVAl8oE0Dwxu4BX01bAdeMO+RwR5ul9nm7F0n2NtEpeFgPwytc8JUMvzRqttCr3CIVehuzsBkUDb/2TLNuoRFOPUo0J1mKAMl/egtP6pod2pZarz3+vdf9x/0wW/87PMoYgngCfRfARuS+NazS9Lzv/ecXUsLcef/72/+Y7w5oZX5tcuvp/N/xyPP9PE29C2eH9JtTLVYDZfscCm+uO/pp9FuX/3aFSH7LYEpSsj9Pe3UEx/5TafHF//2no/Hux2fBsCImO7H/Pu7P6bQ7+R7nvkYaJZvg3cdVaU1BesAcVIt2EG8+qIdLNrhsqGWDBdNtQCfYtSOmofdoNdPezy4uZz/wQvI9USTP0o1+NhnL/7cVy6PHz3lsWc/6Mx7xS54euy0s7ZpIIoMMCW/MKqe/dRvjbutrY8/+ZkvxO3QWVVaqsCtDEARDqymnDPvFKOCdBPrLXMfnvTYsxcXRp/4ry8dOLiq+V4A/unCi6+mPZ/y+IfjivL4JLXWVtYObDU0Fn7ud8bptNuXL7y0RJTW1jcOHlyLi2E2bV/4G78XtywvL/7pH/wGnAqcYIKaM1/Rqnen6Pyr62D6E2glEVzCSBUvRHNzDFNEIpFIJBKJRCKRSCQSiUQikUgkEolEItE3Si0YezRtG2ufrq7r2axu6qZpWuc8G5kAt2GqKDsYVIPBcDQcjhYWFhYXl5aWlpeXd8Vfi6iFWNFcGMWfwSjuNBoMh9VwEI/LJAqInFAA2ADvEPzAYuk7eaRok17orlxallDZmgK/MR8o8CdQfTl+2ILLgvLGNlrPgqqVabRda9r9G5s3HD583cHDV+7dd/E111109XWXXnvD9QdX9m6sr0zrdR/GytTGtrZy1jpjvam8Hqhq4G2FHifkGxIL7VbrCqAOtGnQqnNewToq2lUELt+HZDGggsX6viUyR6dh4OprIF8SvgQn4QQGVwhFSNxBVm9bur6i4bNz45icYDIVsXPyDfMIXrGLhuKacegKvh3Z0smn04VQnpsPIIpA6zQC0H+bIpO6JpW8SNmgNPFpC7Wq8PnI5XZV7svGMp03QrbcoRnorp6HUpXAR/b1YKsRyjJBAMWUR6pyKroSvyGHD50wIiQ8FHebB8GwgU9qGDEuWnV8id4yP4XHS9h5HndWmqce8qNTm3CGeAS2bUDenzul9Vvf+9kLL7s2vjn3Sd/22lf8wqiywTfezYKr8acNrok/P3net//qjz017nbj/pW//af3pCVqv3jhlePJLG7/gXO//e4nHdvWE9fWQFTEplS2GgytHS3v3v09Tz0n7rP/4Mq1EOjDNwdFC1HQV/z5vqc+nJr3z2/7sGZ8ZGiqkRksmGox/tjB4tvffwE91577nd8B6xzsQZzqUnLgMHBGAdhiBMdWC3j4go0v7CieMH6kwAjEzEE5eYCf/rhviX/O/8BnGZujWxIeT/ZnX/bXddNCC//8ZQ896z4BoZPY5baegqOJb447duHfXvcrx+xaivu86A//cmN9XflWxQZzHynnDNqMaUUuhBZ+e4B1fBxq3wYyJlGht1Tgjzr3aZCt8/Z3fyTn1ZC1ywVfvHhzPI3vf+S8p93zHneJp0IHl2T+g6ti1zG7vvfc74gb9u0/dM01e7qVxKNm4LFoqvd96DP//o7/jFue8JhHfv+znwKPaMR6OhYrLR/9dTAjgpuIRCKRSCQSiUQikUgkEolEIpFIJBKJRHccEbRBdUn4Pj6iJaPRiDkSFNAl8WfXcvwBxGRpeWFxaRGIk91L+LO4vGthaXm0uDQYxRJtrPMOzXAQz4X5GAazGix+qZ7hk1Spt+h7YjFnA/IsYpHZaqMLH4i51gatSggh1ccN11mxWOyUbZRxpqpttd66G1ZWLr32ui9fccWXrrj6S1dd/aUrrvzaNdfecGhlZVxv1K52ptUVxOh404I5hQ0Q7mFCQMIgGK6+E1+C7elQjrJGT3X87ev/xRGEqvAxVLY2R/w5qvJq2SCNAA6Vw23CW2i8tNbZt8Snsv1cm7knoQM7tl6uvz1zJgwAqaNo7Q6fmO2MXkJOk1GJOPHpii4kPuYI9EWBdHQWC8lJpBtqXKVlA46uLJ4nsTwEzlx1PVAq29TgerV5hSN2gn4+VIc32XBIK9WfmrmIo63T1mvBEdTtG9CaRmsdOqePcMQD09jlS0HilH3RK9/4pj/+xeWlheee+x0Put+9//gNb/3aFTdeu3fVtf6EE4598APu8fTHfdN5GKwzq5uf+q3XzKYz7Gyl9fDAwfXfevWb/vi3fuweJ9/5Q2/+/Z9+yWs+8JH/bhoH2Ed8loyqxzzyzD/4tR845aQT4uF/8ca3YxOR6OEhwt8eULPve+rZ8fVlV+/5wlcuVWxzMoAIHkjJpALo1gAAEABJREFUwekI7vBa+4kLLjzn7Aeddf973++M0y65Yg9yG0VKDrNxFaEnxg4VuwZl/giHjoyMeqMN9/9ZD7xXbOrV1++/8GtXp6MMLywdrrhq3x++/t9f/DPPudtdTjj/71/x+69988f+68KLLrtuMm1PO+Wu3/xN9/nNn/6e+9zjbvGwD3zic2/85/NhakxV5s4cu3v5h5/7dHQVsujdMsBQNCRR8Ob+h39+n6esq7JhWlWVeeoTHhXfvO1dH03Tx8+XffsO/+rL/+zP/uCX7nHqSZ941+t/+ld+/wMf/dzmuAmIBY4WBo8/5+F/9PKfOeXkO8edX/fX/8J3ji6YG84egi2/9rI/feLjvm33rqXff+kv/OeH/2v/wXWF6Uq5KcmF6IgLjUVuNj03qLk9RCKRSCQSiUQikUgkEolEIpFIJBKJRCLR7atqMGQaAkqtECcDHIgmNiSWNQ1Wwi2jDLhbmYsQVBdZQg4CinNldEpr8WRL0KUhoMmC5/QZ+AUlRTgBeAwoClXg1BAsjONHOaoEc2RUNmeIp3Xs2gCGAq3ysa69PputbGxuTuv18eba5mRzMq3btg3KIVoT9MDHo8iywhBoAsEWCswDXOYmwH3EdEYrIddKuS0muZH0686dQ8aRC6Ma+6JuUkf5rX42Lch+MVzeJVqGRVfbCdFIcIfu3paHaV3AEz5/kvfyKfLlCNyJLvmPmy9OAsqMCy28o3P66MEYOeKHVmD3gVGM5ZibPF//Nc1mNliBvxWhCXQ9vEFwCLsJogYYSsShBcz3iWa6RmuVT9qbxrBN6NHRMDJwnnTX5ZVahC4F3GGbTuptvU+Sh8enP3/54577W3/1+z/zTQ+491n3v9dfv/IX44d1066sbd7lTsfm3VfXxy/4jT/52Cc/r4k4MQNt4d77x7d9/BEPue95T3/0sccsv+n/+82457U37L/q+n2nnnyX0+52Yn7gvPZv3/aq1/4z3ueVAl8Ndkmilj/yYWfc/S7HxVf//M6P4bjGhg3YqgSgEws3svfatP/xvgvOOftBcc/zvvNxv/1Hb0JfH1902SAiV9EDBefLzA8F/Q7dmFMSWNzxGU98RHz7jg/8F69LeHgOEtAED58/+7v3nX7qXZ/7rMeMhoOX/uIPK3xurm2MjztmV77EX/3jO1/8ir9IRiloipMacOcTj/+zV75I7aw3/ct7HAQbFaFZeNc+5tHffNyxuz//pYuvve5GWm8Ge4dtC3/35vc8+uEPet73Pinu8+a//F8wBdffeOU1N5x68kmnnXIXZqOUes1f/OMrXv3X6TnTBWXBaCsyZTJ796399itf/8qXv/D443a/6nde+EP/42UUO5YHOIS5VaQTdJVbnImW8v81pfdP2C4pTCQSiUQikUgkEolEIpFIJBKJRCKRSCQS3Q7avWtX8liw1mA1sQv9qLDYiVVvrlWbtAUDTdDZwmOJHmwnyJCCYBTNJfOQarTxJQWOZKwBRGAJW4WoLjFEc1UXi4+B02bmXQU0OZ94pX3QrW83J+vrm5tr0+nmrFlZ39ic1Y3SLqjWqRZAEzjEQ4OsVwYQGR1L3hhugxePfwl2AS4Fy//pUhmXobdqC3PAf0KyX8n1YrUzgKHmz3PLVZZmExmQ2IJAY9U1UZX0Cb+YP1/yP0nl9fwBx9OYbLvBc+b91rQXPd+67VpeVo67I7XKYSJzHxbECdavg+qbfhQ4R++6GafQHXrBYxXKae326k6ptrS6H+UDvBJiISEwSIRwU7aC0B0PZDOiQpAQsSZYrzdUesdTG9U5shhVgkPcmV7rjn4RFbebLXJ/dP91uTTzJCKBwZgCe1rk7aYaXn3DoSf/4Mte+w/vWFsf0xHDQZWJk8l09ua3f/iRz/q5D37sAkLcbDUw8QdSbAZGVz//kr/4rhe8/KLLrqH9Tz35zuc8/Mx73v3ORJx85NNf+qEX/sGLX/GXdCiG5gzjC0yS4sY89+ln07FvOf/jmjxOqiHE4gxGZoBBOXaEW0bv+vCXnYP18+ynPwY6FXorD2mYiqcjTYMupHpj3x2HoUv2mU+AZpz/gQs0BdPgqfCpaukn7vPCl73hqT/04q9cfCUdGz/PxMkV1+z5rue/6Fde+prpdIqTj42xFTu1HI0gjsf1vFswy+rcpz0uvnzbuz+iKB0KWBNqIc2+/okX/uEzn/fLF6VWnXr3u57zyIfc87ST6P8HH/74Bc/7id/89Zf+SQJ6gPvpACWNxjAEEpnB6//+/M9/+ZK4+buf8fhnPPnR/fbROjcd+YWxVRg1ZbtxZahlB/gr3EoPTpFIJBKJRCKRSCQSiUQikUgkEolEIpFI9HVr9+7lZcjMWdq1DIk5o8Wl4cLCYDSqhkM7qMxgoAeVslAEd5Bm4lvn29Y1rYu/HRiDqNaHxvsWwQPfc79gI5CAP8B5KIOQR0JSMBYDkzGQXnDONQ2e1wFVEEI6FVUeTdDGw491xtbKTHxYb9vVpjk0nVx36OBFV1114RVXXHzttZddd8MV1+/Zu7K23riZsvFnEkyjqlYNvB41oaq9boP2umqUboFK0XBmcEmxAdJCoBQbIFLDpvAUdHiJxeH56n98a/MPxejQB7r3xf2ddMsLp7r/o0rcRCcsQPdYGX6ZRpW5FC7+4k9ANCKbKnRwxHzBHUN56L+4AHzr/RZqpeBgEBTo1evn6vh5DHv79DI8Qupn6BZYCN0KUdshAVu4E1iHppwmwi3ItQFdLRIK0imn58ydyuSfvOZ90TwY4ZMe+ZNFZ9LKMJzJpAo3mgyY8BuOa6Jh7A86pgup7fxkti44RIG6E6IsXQeDdVQ/FogwhYB8GIRVxZvdu8Y3U99O4wv4CL1D7GAR3DsAg9C0W/Au7hDamXd18M3dTzr+zPvf80H3vcfy8uK+AytXXL33o5/54mxas0EFsBdDUw10NTTAKJj4RKmnm209Dq6+7+l3u++9T7nPve5+p+OPu/7Gg9fvOfCVi6+68qrr05KpNBAnC/gzNINR3ILgUxufH76psak1OJcA5hF3WAQ8xQyIIAEUIzY1trOFTmEkTbzTKw38hIK33sGgxC12IZ7cVgvAUtB89eWdi1cMcXzaqYMhmuCgkd8J0Sq41MDNZYC/K4jK0fHA2jeT4OCoE0/Ydca9T7r/6ad57796yVUXfu3KldU1lVcz5vvAj7ZxJpt62kw343RY5fD29oE65TFuytOCMOwEo5CgC5A6FKUTMqjyOgOrmPi8szwyPg5gnMcmPucfeL97nHF6nILTTjj+2Ov33Hjt9Td++cLLrrjyOoazkFgqOJh4HcfuJZyjppEKazXYRrl0OYNGUnSPYOhXbAzMnEd0kVBHg5/S/2gCdgWmGzEjeBxbY9KtQTAdrNivfvD18ffJdztRiUQikWhnrW8AErp715ISiUQikUgkEolEIpFIJBKJRCKR6NbTDXsOxN///VsvDIrK2ynHgiNL8JcnLCRRBZ5gkF60QYDv+OuQvltPPhGx9qjY9oHtNQx+4V9RNAie0MZCJJ6OIAmVCqeeKpJUi4+VSrSBIFeIGmqRdtY0G+Px+nSyvrE5nkxmjWvaFjgYKGrqxqsmKKeMi9e3A8ACAlRg0ZECzU6wahm3OyiJmsBYA7RAE+sSQmY40pfqub8msRhokTFf5vcqO2aU5EI6Fmu+JSnRL/pnm5iezJYv+29lVUzK1bFkq7AVP0imID57hdBohJCRFE9nLqxQ8rVCcsigI51ylHTj2ONEpeVC++GBnZsIB3HoIlgnrR8a92ItpV9po+fGJv8QWma4IAMvtTSAGcPQxSVgiFOt3KOPhe0ux0E3cQF2kxLmzBW0ShPXtYp8TPrqETmozgcidVb39++gE91Zx+gSXOqZAuWzB9/xNTsa6WwjrXV/8RSX2vEIDdBD8JZ8KYzFsBjdM3FBLEPR7QBUhb1h39r1ez//vg9/rjT6YX+LEGeAPE6ABTHW0u0WfzzEXNkLL7n+4suuN+g4w8FDZLAEhwOEYTg0Z4g0hgmKUpbiFHqgE8KAHJY0NpX2V8ZyFozHZ5X1BrOZAJcJGROJL2ww6KhkKkNQhTbqSGgYkiWIhhhYqa1CniLQc4sajKYgeCpiPuLDzdrByGmvvd+7//ANe/Z95ONfyBPJxi3kH2MHBPdAi0NLp4JOKWs4hozu3+4exmVhMCvMoIcT3mCmiNxiNomesFYnxxFoIVkLef2Vi67+6teuVMH3wSZaqYksifvTXYGP7/RIpLPBPQX/ecBsEGNiWASMXoim4gd6gB0spVqxqRWHeBmPFzLpMWwyXKaS048+6mwtkUgkEolEIpFIJBKJRCKRSCQSiUQikUj0jVPTtkFlpMBTzgynlgR+TXE3fADDBCmZRXHxU8E3733eBzEUhZE6vM07KEQaqDuznG9jOT/WL5mEiDXaqoJgiICsQQYCoDxs4sbGt+NpPWnalfX1w2vrk9lsCqhJPMJ4rDN7/PZ//O3iD5Tsq1gtjxXnoNhdBdsGhUxPHhoeqp6B/Bqwz2RpwIBDYTMxRwJovX3sg96RAsjwTYIt+LSmJHi01jsc27vE3Fl1gi9yUbmbLF3um6xBeEZ1Jk7CDq0siYH8gldHTtNRueYdypCS/KIDJMrzBFVAFwzcpLHvRjEUDIfP0AwxQYmQ0WoOZOkakM7H9iG5Pf2x7L0tu99TTvwBkRtMb162lr+rYpX4dP4EMRBUxXkiOve5aJxR/XYwecMmM7nJR0AitlUoFp/aobNIDMAnaMpigqlGymNTkTbAjBiKyjIcWoTUU7yztLfglmEG3jdks5F5JQQdKqRBLLMUiNrAg8B5D/d5PO1gMKwMEmyIjuBdG4jAwIsCpzIkbAXjXQxOLa5AuK+tsgNrqKl0FLARxfrDoTdVbCY02FfcPNwnIPyCTwgkRTALaYd7UqW1C2dTlm6nhlaw0URcaZhfHdtA9kE0pBoddeKAueC9dQ5wiuAyV8UWRWAFAnwJnNxgM8DkiVAPH8eH2gvPPrgtPIw//AkUVQPPMaXpjooLLY5u5gnTxAMWSPObYY6gbILDDE5cPJ/rBQ/xTFfYngruAvj/AuyZ7jboHf2/gwxUkHUDiFDj/0HoHgxobMKLF/E/bBk1HlcNoCiEA5nE/cAimF+mQpyIRCKRSCQSiUQikUgkEolEIpFIJBKJRHcANU3DUR25uIrF0VTR0+lDrckZgveYwxqw7pu8JRQiJvSBz5hBYHcM5ai+SDVJTeAE1GWtbbX2sUgKFhqqCa5tXOuapm3rxk2ms83x5sZkNm3q8Ww2cz5g4o3zls8DFWqkTzQm5ngTqMQfFH3fPlmxYCV7vpyPNWFoS6X4mDQSikrmJYBREBUqERCYTxIyVjFXD2WPFbMVICltOeYsZHL75t+nkxuyl0hHmDwZOxzp1Y4KyTgjcPaRnj+PZuwjeE55ccic+OQRkukTnfqlM+Qx3ymd6YvkNZI7rgtDEyijxx+opxQVMpMAABAASURBVHuf2tlvNl87VMaom5JVJXzAl/OempJoEE34U9pPF2X6YtEU9e4dC99V8Zo8IZiRUDpH2xiy8yiv1e1P684zGpRQrdBZPdBdp9TOYMRW5RVdTm7ov+4cY4IGUw0gKgzzMQYdMsA/BjAAkzkhsDayJgB0UnnrMPSlSdAJO38gdEJmGRa9KyCWp433d+uQQwCfnspSxgo6kfDKMehPQ1QKBruA2woxPenyuPjjXsHENnjFHAk3Nfc3DRtwKZCkZXzgECNN2EVCfyhsKbmAHIk7QToEHnMaE7bYnCWd0hAxQwsohdtYBORsiF2AgCELMT3e87Br9APBocD8GsOPYAQ+rB15IEoCWLrABLjQtsiXqGyiFI9GGxcYL777FIcspeEiaxM2j8quSxqcZhA4QYsSvPV89yDjoTBkQBLoWGZsfHf3FusqDjNDJ+lTBkxCDvqBhoWQQD+V7hE0WcHpNWR20l+xhceJYCcikUgkEolEIpFIJBKJRCKRSCQSiUQi0e2tFku0jhIZsp0Dcyip5ou/qTpL38jnIrzmlAeuzNOX+RU5UoSiwJ/KqYyGoH0B5HYseFSsk1YQZ2GJNZl5V7d+fby5Md7cHE/r1rnW1y3QJ60Pzoc2aGeGBIc4wygMmaNwbTSYYBKJ4rvgF8WESUlIdMISvlNc7GcagDrv2c9BpwptBlHmnDOOVATtGcbwkRnJQfBBZ7IhD2T2Eek7ecy1PNVlCUPpmIl+J3P7SnTD960uknMKv0zOKOlAH8jPBgJustHJ1p7mSr+ea+k2Y9K90HkLpxz54trkzqK6xJ2eCUNhqHGEa1HTyNymA5/IsIO7rErbFMaKtvRu2y6HvjNLqNQW6xUmchLDQmdPw6RUV/8vWBQ+Nw3E/IhTI3eAlXZUulG3/aj3Dkv+cDsVbIIumCS68fNdYMhfBHrlHYxAGnFFDwviLRJnRFCZa1pwRoLbeARgG3vAOGRNNFtisK1IFciHA5mMvMASOGKoY9qUTTVzI4NDS6EtpntcqbKdeabMEZYvLhqXsmkG1tBbfDzqTPaY4jyEUyhycop3HXi3hCGEfwVfPHEDDoVVvC51coKBpyQk0SBBh+ll8Iz12EWL69nkvrANjSK8jnkhxY9g7qPOM1cMDT+j0Q0K7nRf3mWKH6/Yr6CSVU4oHH2IMCO+h0yuOugEU3XyEkuMT0AnmmAcXQtbFXusUyiWKqZgnjs58qNFJBKJRCKRSCQSiUQikUgkEolEIpFIJBLdVsoGGD6XokMBUhQF8LJUHTBlpNzYJaGAMYXPJeFUTOQv3hvGLexocalunYJ8HD1zvqmbcdOMZ9ON6XRcNxuzycbGRgO1SI6ACICEgCFKrMkahfkUDCIQGWAVMyUmJ5F4n00iVPI5oVIlx4eoEhVBYwasZs7TIaqrr8/V/PvsR1mi7e+6vbTa/gv8imCH7b/MT7yLTkV3GlSs0GvCVrYlMLTumI6tzZjfDV+lYUePmtB5bbTF61CACp0viNE96KjXtU65nXMfZUuPEkkhTigUiMA2w3ITCr0pC4kcytBHsj9RBXWyLZ4Rtref4TAZ+l2VLUtDQ5YnaUgAe8gJQ0TdGA7QCZQuowIu4WR2ktGI7tTqqHo+LwiiglMmwwlqVn8dJJbFFMuww010L7YmtR+tKZAiqFSokjtOgk7AHwXNM8AbhEgLTyuXSDZbWR4+M0AcwSp26gCXD0qNwbNZ5hHQQUjn5BpesnNN7caHaDLaHhJdpdlHBFsQQn9I9c5jG/iGZ4qoQjItLn1PNi35QF7MtNSwy6513uE+lmxkKsoxUxzLozviySOjwvllAXmegUaOxDlgXNDqyORVoXHZYISZSphISDcYsTt5vrqJzu0krk7jIQqSdzropONvMnVEnFHfYahzYUqBPjkWJ7syFe0J3Vx0DBMECaF3jCLmyejiDioupW/q6SoSiUQikUgkEolEIpFIJBKJRCKRSCQSiW4DOarCFhX+grcgBwgwJWF0BJkRRjvQzgRqqN6nr7R3BWYoKJpAX4On79xjRdTQV+Hx2+3VeNbUjZvNZuPJdDweb87qaXzr22nTNsE3ITReu3iWWIzWlvEVbRwYBWD5UlfJe4U/S5CGBmMAcAJQnr0W4KKu7FlqaY9eSF4uKK9NhyDMK6iQsj8SXRHfemQGFL5Q6dhUBteqZBp2UlkCzgYB2+7Wh05yrXrnk2eyBuYpHBmICSVClFwYnCrcRzpvhnTuNBiarGfCDoX7YJTqNTOxK92Vve43QM+3Vee6dYkTFC/C9qiIZncTlRYzkR8qH8JmE4V3Q/8EuePbnL9HnMTfVe9IlbwZWCYbPrCfDA2JVyUUw+YX6do0qIkU4f6qHZZI+lT3W8/kUW40dVipki2bH8q5cj/fw+U+aZITg8TUAty5SqVEIMjPCa3TBiw0vHfxJ3hnMDqHl7CxxLIFPl8C1DrTEWo/GxChTMedFKCJSs2aGx+dsCyd3WW0Ufl+29rTnZW8OtJQQBpO2HpcN9Fk0gO9ZpCLrgi+Jt0SyG4fioJn8HCP+JzvRoKnCcxjCJrJ27A9GoxXQgJzQndT6GJJ6C1UWsGm4KiabbufYJFu/x6HV96BuVmZTssPBR780AOe8HlJhlIl0WTyDYkZaJ5GKCd7iUQikUgkEolEIpFIJBKJRCKRSCQSiUSi21OB3Ajwa+ilywbI5+KgxjcQleDp6+8YkUORCBgZkSEEYgqsAb8QKChDiIRqvBuOhg5rjPH3dDyr641Dqxtt62ZNAz+zZhrfKBurjy2kRkAIRtAWyRWFcQ/YFm+IF/Bc1TSBir6YROExtgLACPi6PDqdYHJKsgXhb8f369IEyZgt9f4tX6xX2U0gl4c7dEVRZhDvi2NTHEtlZUoW6eramTzYTkVFWCtVlnE5cERRSZkCTbjWq9l7oTQygKZw25Bv4FHYapoRukowMx/UPaSJAr1I7iYh9Lw+cmgMyWiViZ0dO5ggDzL4CKq7dMiXpmo1oxe5cXwNPVfg70iRgKhTaloIhtY3GGeEbsYDj2WmhnhRa7SLSJciJCtw3Zy7HcBnJ3QwA/IkXnXQAHSqmu9w4rHoqh2BpBNx0m1lfCNNCqA8BWRzJBKipy3QhO5jKGmu56ZJ950wcnvSObM1TWIidHnBtAFzVRQ9EEJGL4wF4iS0bdO4tiUQDSEJoylYBwbcpOvha4rOCR27hIeEgrHSKhEN/e6GoxiY+S70Onsk+W1OxY+N0D+ZL1AyCtPxPSAr6DxCgQKBwOPEa3oqK0zjUY5IJZ1co1RwGrxfdCj7nUaFE3D4GkoVvE4IN/3QQczQ7bQDTbtPtizFVbY9VTdH3ae5vfxWZ5ctApD4w3KUCpYlJboJdCISiUQikUgkEolEIpFIJBKJRCKRSCQS3f7K9ABW+jDoIn35XKVKItZJ4ZWP9VPkMRKIoIsvtNMX1Onb9LHQr21VDYbD+KdpnW/12mQ2mdWbk+lk1m5ubk4m01g4dC7WU42DCq5ujfXBeGBNoJqKyRGYwxHrrUqn6r9mUkGbgsZQmEwRm6cdGZzoHKajg0qIRUAyhX0NErhBuAa8tniA7wYj9Aupue6pdFnMD2yQoksCpfj6f+JD8E//G/z5xDtWgdPn3E2dauTZ2ARK9QxY6NSdLrZGqdLzQ+PExLExIdlyzJWKQ5G11G0kPAQtbZg5yd2kHTQXhbNNQjqznutGeVQ+hc98TqAGlI4bWGIm+gQXQ89CohygnmFJCs1RVLdXXL1XJh1jVOGj0DFClNYCHSLMhkeM2tYRMei3gH47qvC5KdsM165ShR5/A1HBfh7kVkIzuH1GCJM9mK2TRidP5E0tlyNL77Dlpor3W10x1E0eYVTHrHm+SYILvm1mdVvP4naLGT2U1MP0GJ8Z7/Z0rSP4c9zBpPOqRSWWit1vPN1GQIFpnbEtvnGKboXCw4NCxABcgTvdAuwBiwICetKDIKi87vnWyw+ELTpqSOMmx7nESnTidG7Z7CSUpBuGkJ5xqrtl8hMtt0CYE5FIJBKJRCKRSCQSiUQikUgkEolEIpHo9lfrdcYPDHiF5HJnoknIIgRr32AhojEgguqkAeMvjKkqy0xGyLyFDsZOGz/ZHI/Hk0lTb26OJ3U7ndVN7eq2bZ03lcYAHh9P4BmZMJyqQfV++PFscoIwAHp0aB8QjWHGIDlQoGJZ1yFYgY0wXSUU9/Y69ysXTAmhyIklZc20bxVQ/O5pG5RiG6WgIn2L4QGd4SDKm9DMLWDvTDqhL67YuYJ4H8qm5AgYLuOqra0NmTVx+DkQJxyv44m9UF83AMDOIaG0OVGF18dNV5TzpGg0yAB7h/IoPJ1h0xOj5zCVHsCi59xWFE1Zl5hj6Myeb4TkfZIHj2KDmMCBM1fcPgJiqKnapMXU60BeEqp4czT9vxV0NDO4HaC0884dxxI6VIu4nnhrtt7hjw+4fq1K69izFUxxhv/jlVcV3k0UK+R7WN+2Sjed8g5Ex6QjNGYTIa6niuAcvNxtT+TozoyENtySRVsu9Tw0tBjSEppH1bpdRSKRSCQSiUQikUgkEolEIpFIJBKJRCLR7SqXcAQKCEnWDUADmFTQ1EhrcA5KKrRDLb2qIECnstpYhx/HQqhzLZZJddPMxhNgTjY2x9O6qdvWo9tEUEbZBWvjpWcQm6FMi+Ennn0psoVJNjigF8yFBMqnCPwCjACoXT5WaqEQ67ka2X1lnt6ZrtNbTRM89nuuYquz28mOxMk3Ul0ptqNfconXGGM65KLAKWhLyGSJ6jCKMFem3bk7FMIBxEmf6vHelw0L/XMc3fh4pbYO9dYCcrdhG3MObYrXtAsa2PhtcQUaNp1cSdjCJDmS8A60mujCIcEw/A82u3JE+3YLeGtsuW68N4iXIpm0t+45oGT3m+TzEEIvxmhrV9StrVt2ynlsZ4e90KMDniCYfhUfDI13jXMuDUy5jjPelfgjpW/+8joqlZTD12POsVVbT8ZPzEC8iQspnSqZxZje4fg77mkALom7t847lW9puP00MSc5tec2gpNuQ/FjJd0TdOfqPkx2mz6JRSKRSCQSiUQikUgkEolEIpFIJBKJRCLRzmrbNr005JOhk+sDxxtg+EWqADLfAH9MBWkPVRWsDcbM6nrW+ul4vLaxMZnUbeNmcVPbxFK+w0yNAPk18bAKa/7gQRLsKDDKwjk4qiBO0lfd0cMDTVDIXCUYNg2If1okArxKZV24CnheUAROUD1DgcAxNIWOWLksiuC3AnFShlHcnOMYSKAWGPox7HLSnY1idehV8inxBaqSCQYyg1GUVKS13/mqir1kgBQgzoKIk/5uaZXcjP70LUXStY58xE7bsLcUghMSzhHUDq3s+ajw6tLpJLgmycVEZ1AH/vNMDZDBS762zukvvSvpbl4qbU3aatIw6Q6BUZS5k0kuHJJkL5PYrq+LjdDbERClT4TuhjEjWmGbin5Cc1RaTArzgdRrQvRPAAAQAElEQVROKnwrEjwQR9X7+BxwzjVNcPHONcZareNPRddLjjTckrQqtO435wiMhe5fPswjVnrrqOJ+JaqUnW12vOfnT9K3gaG5S4ND3JLDi4DLSwcSEdcEveaWB5VjqygQDBATF+89itFRlhC8uC102FPIV9RaFy5KO4qW162L75Tsyy05cZinSEyiDLMRU3nWNLK9u1kkEolEIpFIJBKJRCKRSCQSiUQikUgkEt1eatqGk0G06+p/HHRDiINS1ljN6SS43VIsTR3ronVd+zCZzsbT2Wb8mYw3p1OPX8OPv4EZMQMdi8too0LwAqAqscCvlSucPBJ0QkkxOntSGGYfDFVkW6UcRpyQZ0DCTeBwOL+eY1bKKjabmaiS/8ijUGAGqtunIwFurSpteR69U8m0KLLGS1ugbaAlli0zNM1FDzoJ3MgUAcMoj6f8DQyfodq066JcUpU8XctTm7iYnQ1tUqBMcUjCLrgBUS6ERFSooxiFNNRBFWCQ9gU0cESyQOOaIP8DvCzMe15LyTlCJ3MbTnhJ1iLc9sRR6NQUZHtCTmniViT/E51ojEAn1h28EVQ+O9l2EGBSqTJER5cX1iEBMqGHLjAblK1llLp1cowKJVJGq7mbgbcXO6W2q/6O3J4tiShbr0I+LpgCAwiFA4OOtnGcrYNDjss5FK4m/faZctwKpCJsxYsC8We99vS6mCiNDPTkA7sezl2iQJnyznntdmsjjwoOVtDpkUGsEgFg0H3v0apk7uoZwQrpPOTiRC4naBqFGVHZbAiffhROxN1hE59+v7ZRQcaoW3NR3WylXofE3myj/JAu7xT6v0Gmsm6KsRGJRCKRSCQSiUQikUgkEolEIpFIJBKJRN9wsZ8FF3zja0N4SSyfByp/Ql0YAnQ8J41QvEM7qevxbDatm/izOZ3N2lhO9lQitWYAvAr4OOhYHHVQI9UearTxKnAuIAygEGvhL9ogJMuJhImgw4TKdVSoqkJDW7DbAHIiQyfIo1CxGQNWFFWszXzgidZzpejUf7WzdqjKZpOLnffTO5+uKN53UEt5YC47J3qhOxCYBqVzIIni6dOI85BBB/m7EBxBRf+iyl54EvDxRmdzDRpwHWBqaLgwD8SHXiU+uYMUfQlHXb8ui91l1Th0HxLeoXcKL2EGIGjVOYboba6vc7WamBO8IjqO0Mcl7sRmGmwPE5z3JQoSQlfvzv0mTiFhWCV+EVeisRZ+qpI52WKIQjhPBjjyWt/OT+YWSW+hReid6lre7Tq3g97u02JGeHHin96mtKNPGw0zFsG3Tdu2s3o2dQCjxRGCYJ04Tkp1YUl5eYR+G3VH7YTBwMZHyGQ8Kxgi+iQjaIX5CJJzOMfMJZ1012N+74XP/PIlN7z6De/DfUxe3s984kPO/8AXXevoYAr6IsOVufX15G9/4Gt+83v/+d2fffVfv/d//fJ3f+q/L/v7f/sE7mQYmNFgSYJPCnTKgUeWQ+eS2uR1y8OWfVYShwVYSQtkThtfQA6R0Z0XkKdgHZUejTDEgZ6WAYC8I9yHeNuE7p4JtwZMt2WZ3QwOpENPMrDDpyq5odzX4lmBL3THrIlEIpFIJBKJRCKRSCQSiUQikUgkEolEottP2lKVVIH3QKwCm+QBAd+u5/p5LA1b6xtXQ+G4mcxmG+vrG5NJfFc71yCk0PpY8oRqMgIl6K3BxX4dz+qxJgyXAEsSIhWIhzCqc/YwuU0IQKRafKrPIwYRWizTxh+HFX4KiqEicyo5UwGzCAChD8xNFFj1PKayI0uxDWWyHXcSOleRbQCAbZ1OQvc1fkVdyNwJGs8YXZTgk01AGsBUlU1JHegvkWwZ0iXnEQKCBzxfNg07voIiOQR8wL4+H64Z2aBmlJYJJWURwhHr35z4g8X9EmpRnY9E3rMYM5OGJVvaqI5EKerRatu50x3mozpPDW4tmkiQjYQKncmIKex4usuV463zZoYmkBoJvkotMJnwUaozlmEvE+o/QhpIGyS+JTmdYASSPiJMsKN0MSEJxKD3mWsx6qiVOaNudLp+5RN61fMLIsMY5eJzo25msxqIE2Uqa201sIMKniy618xCpoeU4EUXFgZ/83s/tLhQ/cAv/2V8AtFHP3HeY5YWR6GDErq1/dHPXvL5L1+F+ButGLW0YJ/wyPsPKhtcgxexgF4Y8ys/8eRf+IHHft9THvrjL/rbzc0pmz3FT+EeNAV3QrPlFxcGo6GdTsZnnXHy084568pr9n70M18L2lL2lU+0DTictA2sTe+Cm4XYf6MDAzG0Cvlpxak3AVAv187ijUcME95jGk2eNMX1xJ+nPfHsX/7J79nS3yPpVX/+z+9636dTgJlRXzducqsoY2j0KNFk6pKeb8VzLaQXiom6OQRFJBKJRCKRSCQSiUQikUgkEolEIpFIJBLdTtKmKorEJnCgDthCqFgRNqZVYTpr63oyhf9mdd2Mp7PJZAq2KNa6YGvv4iEOa6MB3U100CFF9Cht2VjD6l6RHr+kT7VqLLViFVbjddmtgMvkHJlBLhRxRzy5R3gFNmFMR2GFoDvjBKzrgssAlTUDFsfT1ed8ElS6iu5jDreKOtuSOeikrJkGqiqnImwqJhP7YrAEPt+2UASIBJ2BFYROwH/DMS/Cti+6SyNKTiNqvgkErFCCR4vhHnSGUDpSUGCN5nJ5MoPIHzK11PXUlLkl2WlhPh0jzCMQdAZP8AefNmhaWWmfDlRKphWe7C2StY3JAR567sR4Rp/MIzxFl2ASSq9Rquw0XM6Q4QxOhQ+eK+bBpUp5mLXTOG4Ur3NTK6nwOAmFqUp3Ya3/f/bePO6W7azrXM+q/Z6biUEwDGGSIU2YhzCKjRDbBjEMAY0yNISmQZBA0JZBpRGQocVIM0WUVoTmAzQGjAwGg2KQKUDQpMOUgSmBEJIwhCR3OO+uWk/XeoY1VNXe737f8557bsjve8/dp3btqjXVWuv88fzq99xqZL19HqcV1SqStsqjRonTDmZTQmMWk3PEjOP+fBzHaYhnwy7uzs7icCMO2aQotslrwgXtmreXuZD3fZd3+IFv+duP//xv+aM/evVc8+f8zQ97+Ju8weYN99177397zvPf6q0e/uEf9G6/+MsvfuFvvCyo1iS7jtwUo5+UhXKJn/qjz/64x7zHhz76kT/4rZ/7+Cd+8x/+8WvnnVGm2yAJm8hlRdmKRBQh8zzgV//Jqz797z3l6f/mH3zrV376h3/SV778la/mMMxbnV7+hE/4C4/5wEeZWVBNx0P2ufReKhoLsx36hec+/5980//Leb6pxEf9nnIhb/amb/j+7/3O4TI8/E0exmlU0Qk1PXogkE2vFoo//5BhYndwAgAAAAAAAAAAAAAAAAAAAAA84Bh2N4J5XcxR1p26jCQRHIzn5zf3482bN++57777bp7vx2kO+Kak2ULOsv1IEK3IsBs9SY6EtmPKaSYkP0t2FyH24DuxveNvoofimtDbb6j0oYguzDBAkkdMqswwuQU3UVvRIqhvhZfmUfY+W4OqOo4GMK+QKeKE0urX2unNGjqTDwu8Si6SqsnQpEhNuXExHjmorgdBc2jE4AmL9P4QLCVH0TekxmElK070Yctj5VJp77zSdCpcbShSKA9kMRamZRAvnER07GmQP2HqZB7uPdKpGhqzBBmabG2SJjE4Se6nU5QU5a9WQGNZnIga+Y4E8cXEJAsS9tN+ZndBUF9SV6lHSMlhpM+1tJ8CXdcsPBH2qsNacULNJ/fnF+qhmo8oZyuaxv3839zFSLt5Eu92Z3HYxSFuWw8dXXp3v/bmp37hv/ryJ330pz/uL/zgv3jSX/vcb3jZy/5wruWVf/SaT/173xRU2CH3/vn3f9T/8cTHp7RP432PevuHf90XPv7LvvEHnv/CF/M0StNSGs9FfHGmxh+/9eKX/9XP/Ib/55/+b+/7rm/3b7/5iR/7Wf/sNa+9j4YU4xmphot10uRcOeM+K1cGCtP+vl/+lRd+4Vf/62/5x5/zmX/zw77yG75/LjDLOiTnzaPe4S0+/APfJVyV8/NzlYmwTJC5tdkHJ5XtMfzwM376C//RN83XHBdkPPkrv+BjPvIvZquVdB7CTsRZkgmIrifDzq1Qd0PHLWJC8GReFKA4AQAAAAAAAAAAAAAAAAAAAOCBS7xx1xyFHKcccR+ncHN/fj7/Gceb+5wN4959zqizn3iS8GTgHCmO4qJh/iU5dpnNR9SgQ4vMv0XNS0JBdSem9vC4tXhXRNOQhDbSnvUlZDYnUm7+KgYUIgsgLTCyepZYcDyfsZQVUp0X5kYqIVSzD/1yv7AZz1XXAw220gFZgqo6VGUSiUq+iRqi5b4KXlTqaVpK7g5LqTG5XMLcPNhdTFJKxWgjh9VzWp1k7SzlHvCAaW1ODg1CyQdUDsxnhYv+h/pkL1xESmQqkO30SEStGGI5il2Gll4qoamHRHIy5QETpx7NGVO702ZoKoMZNc2JxcXZ+pCmnG1q3I/Z0mNeNbuwTKoUF/F1zWbUGr6U5yyuGIG653eMRcmL3w4/n7TOsGPjfcDj5OSS9YI0Tfv9+c1xn8QY6WzY7eJwFmO01UpNvqGTyFPzH/7Tp95zz72f+8l/+eu++BM/5fO+fm7u+X7/i//tV4NsU3rdm/6Zh0j/xjTep+4mnI9vpulcG5bT60RJ7iN5xeaDP/rj1/71z/3Gf/stn/fod3v773zyZz/uM58cRIpFPGSzHhMxzbvQOO1vBrFJ4fG+uYvf+wP/6RV/8Mc/8bO/TPHMzJrkKX7Dtz/jO5/6zGm8L43n8+yIIr9T45P54JlP/Yb5osd+2he99u57fdCjXMDTmGfkq159d0ji5yR3SP6zYKtGunn3Pfe+5CW/F7K8TNVhXOdoeUCB77n7HutylrDkjELSo05ddb/B/WwPvsDbrUVnpO1QicPx6Q0AAAAAAAAAAAAAAAAAAAAAuKPcfd/5lMIcL795fn73vffec/O+/Rwhzk4nc2yVJwlippzdJWeNYMnLIF4CnLUnkaY5eDulOOyaInPIVW02cqCZLQzauGjI/7zKphJEF0CWXmLShBSUqxBxwBx3jWYRkvUBc+Q/xVglF3Funv0cg2bdkSi/GLKIRUdr1UBpUbPEwNl9QK7n/f9DKUeK7uTAXWZtoiKPwVPJVN1J4sPyC1XWcHHq4Opdwa2tAHtOl2xsk1IxOcn6nqzDSNpELUjtPYZhuDBQfXzcquKkppJZhJrLQZJos+Y/Ibf9IFOiHOp4/hga9xaj9NoaQOqdI/8lSZZC6mNhgx+srG7kG98TschQuYlMtbmY8/19N/fn8x/xTcn+Hrt+LGh1UD1n5Gzr+lMektqInDIZ23Hx+8qgeFVEReHl/ZWQv/m/1CXSmQMVyxWuA2pqADJ3Fm150UOUz2nKjjl5OqlXz+7sbNgNuoJtoVljSpPCeoJRN4/z16/6pqe9+rV3f9f3P5MtZ8389/ldN3b/5alPqlj4YQAAEABJREFUfvozf+Grvv67TVaVHX/2mmFr3tN4usmWXmf+fS9DO3hWr2wWdO+9+0/8/G/+/qc86Zu+4z+86Zs89N/9yy+yAaxty7c+7MEPmg/+8oe818/84Ne3rfycv/+UX/31l5kXFMWXvvQVL97fN57fm5UuPIo6hGX9pqLles7zfuXVr7lbfEfiEOdNNutMxv1ehmbe3lTvwm0DyrN5m7d688c99kMDu5TMh6c2SZ7C27z1W8pIzNv5FCzvVLol5R2bBmtxMoTDewM3LaoTjkuL2QU1MXQKxPJZ5V9q06Tz+JKSJQAAAAAAAAAAAAAAAAAAAADAtfOyP/zjOSp8vp/y6/vn4z7HZ0VoksJkXiJDagxLohhBsAQ6xyQv9e/ONJNGV65lgMiahuIuot4eyQP8nGJVIARL45JY7TeybIUtckySiUSC8rEaZrhZSNDQOQePY/NITV4UN1yhU8KsRZqilhfb2o6tk7y0q9g2BbF0Ntx+qz9512JJYTPo340MwFpovTLBQBlhP8HWCdWoJLM/KTHc5G1OmlXHLRSSp4thjY43I+C2KxuqE6piAeo72oXAyxCJxkUtbfRplv5TUwb5jFD3mtA8062nuQjLy3WpRLgpBddviOlOjuyr1EYlTXJ5VEkL1yraTgaZlaYN0fbrEGYDCU733XffvHqmObKv/jIx7hqNT/T+Rzsp96n6JaykAu1QbkmztrG1wMGTR5UsUc2I8tD3idhNJoosZ1GsuXaoIsvnaFBBkBhRkNnVyKpmzZek8ypr2c7353NX83Dsdmc3bsRhpw9ANDvRMz/RRrWb4xHles6Ct2/61z8qwhHrtAjUwju/w1s/55d/nYrfR35Ak4lOsqXN3tw+XG5F4qvkeq44T/PXvPa+j/jUr07T+BZv/mfe+e3fMhzmDR72kHd+2EPaM3c9aJjLn9sm26MZ4lhbxFKFzYukXSgpG7TkLpGYmoR5Ruo1kl7GEj7FgX0vy/ZPkpcqfMgHvOf8J5xI1gmlrNvLvWY+TcrUQkvB1JXol/vKqGlVMgWfnj75/N8a2cau3hAAAAAAAAAAAAAAAAAAAAAAwLXwyj95zcQSILYwuL95Hs2PQIQi6u0gb6FLzI9o0GB5KuqHlZVDiSdajDB/jexGDvJOe47izzHUyULVRQARk8T1k8fsSzaT7Ckh4cqzIVjCF9aguofNSYP01UfETtSoZe37kMUIRWQg4U2PydMFCWOWv26ITg7dvQrsF9cPG2gJPw/Z6kSOkrlRFFsK2hIpLLqXB88dBGIMrjMJJvfw0G8yzxlVCaSZYQ5Lk8k9rE6rOOiECKpHqVHjpjGd6KRTp1SHldwCEv8ZVWIEd6/p+jR/HdxfJLrsoR1FWhjAlCotCQ+55in3jEwIEYNOKhkdVumJa13mg6FOY2rzAcmxqaFYhzCRW8JkI48xJ30Zk4+y3rsLofNIEblJuAKNJOSCq4KLfZp6qZ/129OSDxZ6sTCB14IZseuYh2cc55HJY3J2dpY9Ts52rWGJ/03dmYt4+7d9+G/+1styw3IGr0GnJHVlrpaGpaQSeRCPflIydkXurpGhS3nJxVf8wavf+7Ff5D+loJYqOYPP9O7v/Lbf/Y1//yd/7rmf88VfJ0qmQRyJzv7gVa+d+5oXbRxM1yGGUDGcZXHLvKVyEuWJ+i9pfTk3WN54aEg870dRRSX5yUWVBMVg+cOsfe4JEp75U8/+um/69mCzLsr+TKEKpnQTSF/4+Z/2mA/9QDtzK3KRC6fRLWDrTSvybb+tvDxV4sY2ha/eHQAAAAAAAAAAAAAAAAAAAADAtXDPfi/xfHLvghKnlnC/ZuQQP4I2zsjL4HFHHwksMoiiDdEP0ohvTqQjugCJ7ubYf5LipzmkH6qtAlcJRNgofXXmoOaDisqBbsdr8osWdhltumQR1DagSmREdkJ+QTTPFFqXvGg7N10LbQzX/AH0mnLC7UyCKim4/CFLmyL+FaX2mnVmWfWJqYio+DSI8qOqiDYlB0xVx9JXqIlt2vxEXGVPjXSlaBFyXZOol0Q2kIUmmriH2IRTG2PbNVuwHC757lGlB9M0nU9jLi3noUr6MPVTR7tNr0M+WHaUTCDVrZSD43iRKUXJy8NegY9O7VtxVFn1sH4eqWYhqir1tHdIWqxk1SUe99M0ZouRuBuG3S4nZ2p6K9myqOTXOYFc/Md/xPt+/Rd9wj/65n//7d/3X3SNsGY6CqGsk/V99YBTWQrl5w9833d62Bs81CaLmN8886d/aZqyguj3f/9VvkBGyUKVJJfN+NAH39AKf/elr8wHcaDhbNjdiPOfLNYb1MImm+DkSTGEbKGiErc8URJPRXSSBSVxmH8VuUlkzfMjFkeizuJeStKpMl7+yj/8iZ96Nie1gxpkuxjap5zS3Nr0qX/zsZvjGa5KlbV0Z8MptBtie9J3xHBAR9JobcrCoevXvgAAAAAAAAAAAAAAAAAAAAAALguLs4U6RURaKAAaLUQ538T5/H36TTrTi+CiE1VHWKqIrDtJ7jlhFhwpx2SJLU+Hv8ru9at5wLKerRYs3slvMoiIpsMUMNwlbaFlt0+kSnBWipMijDBSan/j9v3+HHfN7iaRDLU8oRgvrMjzyKgwRyUdflKrbYQvamyTR15UCvIIWH079ErRAbA1T9uhtfhgH5f1LAfHgsOsTzk0+gcu+XOKsMKfUh9PLnYjW4lvXNHSqCJUfZH1Myk7U6jOJAWdV2wpjDyvSyP3qTO8yBjUI8U1FkkGalKlyXQ+7tM05W6R2QFJu6PqaXbenNg0LHjI3np5y7onG5Tjlg/MsVy8uJsPK06OLANz3AllcZIkDJLJnQdpmocnD00KcXeWbU52u0DNPK6Vhkvxohf//qvvvu8fP+lx99x77/c87ae2W2sZWJoBaWVfTZKnOORTX/13//q7vtNbtUW9w1/8vHvuHl3qoSlysj5uXokyg+M9996cL3vIgx8kazSGeBaHMxruisMuC1CydkSzN4naydJliTxGFHUxC68mrSuKS4oMzvxnmMvLPkJJZV5mYkK0kCcZD3voQ97ubR8hF5GWQEWCY/3NopOHPvQh4Rqx5Ei3UEA/XTd3k/o0qb1Kf6qyQTidAAAAAAAAAAAAAAAAAAAAAHDHkchrSJQ0IB6r80Q96AKCq4ijXpoOlO+KE3W2oOK4oYYQyVOcTGzuD1xMOJq4cStBuGq4U9vNnbNDqn3z81cpfusudl1FR6hBVEvr46eioRk5XJFC4WI7Fm4+A3nGHA28e/2WXycLeiTjhiczEhGFijJKpN5TexStRyv0OKCV4KUeqbNFyXKPpHqbPM/c8GRIneOESRlCVYFEL7sRBoUDYy55ViT1kE2eIEYT0jXrnzm/2JGWvpZhELsGo4yg3CXlZH8TLXNKYco5diglHxRXy1ifdn34n4siiH2CX1fE3L1zUuh8dCQzlrXBBB/cP7h2ONuzJywDrrYt9t3I4zRO434/D1WMw9mNG7uzM5sgTelMnrXrEoPAz/vV33ncE7/l+77+b/3TL/rEe+6592k/+qyVvKw0p1sXB3sRwtP/63P/vxe8RB/Jx//l93/QXTdC2jOPFHaiF9GUYCwPlnJKH97dc99+vvEhD3kwDTekE2dx9yDRndzIiXXmWa7zbkq+fbpZUNajcGjNgUSkkvVQsofGQTLpSOYpN6DiurqpW3qP/YgPnf+E+5e6TsMtoAnZZPtb6MiOSEl0E9P0WD7VIToBAAAAAAAAAAAAAAAAAAAA4A6TyNUmEhZ1J4riSmABQar6jxDUoyKUq6o9RXOJXOZfS3jQY6i5jkkj+RJB1HwojULFJAShL3IzGs5N6DFu/SrBTY5mCtE4W3Qih1uB2pKbmr1VZN4t6xtVWpHlJjQMYmoyZOmJh6p5efVBqQKZvKP1NQkmBzGtjyovJEuIq09UceKijNwFcVqJ5XFQ9zQ19N6YDYR18HkhAvB0JqRZk9zaRDKrdKoM6yAFqgemDbI5WmxutqcBmcZHVCA8pZIySKerj794nHg9ogAIkdx4pTizZFeU4KIVMzeZxCZGx22fLF2LCnUkIC7DJ6ltcj27RmBkf9Xncg2Kk24IqD4J9rlIrXDML+PtYi65Brj6nFjfyOUV2QRGbE7mi7LJyY0sy5hGcdDJEo5Bq/OHfOkcVy/6jZf9jSc95Ye/7e98yz/69F9+wW+98Nd/d0Nfwnx6sU/+Fz+c3YTyU97/pQ969wfddSNN+zSNcYjv+x7v9Bfe71EheHImcQZ62cv/6Iee8TPzjW/0Bg+TpDnzyr0Rd2dxkPQ6FCfR3cgqqxY9prljezxFhSMTkUR5J5mnkmzFskhacYrua6mfNL/6gt/84f/4E6GaQVFrJ+PjwB/9kR/6ro96x3A1in3M4oxtRI0IprSi1h6842p1dKAGaudnK1Zr7tfO2D8jSX2wwob6DQAAAAAAAAAAAAAAAAAAAABw/zNoCG8O96WcRcIDl8U6ow9LczDBgflFWBjb9AFVXJKqwEBOkgpNkp3JIehxvoos6s8kjZCIvudKEWlCdiPxILq/A3+CEUOfiYbZEmV4rLu4TvSxc25vrLdfVKO3jprbNZeO6xzKCC7z70RxP8j/DXMAO7skcPR8NiaMmFJpAFclR28zMYf1WxsPFsmFB2xLhh39MgVLpqN+J5MrThZdWgSJ2btQjECo6b6XbXOBuVVBkFqoaB4ll1uwdV/UTux6Dxed2IBanVQqLyV7q6qDSFT/nEllJ2b3ktLCEIGah+UKDJvuRKW9WZhi96eJ0ziO4nAyJZbyaFLJjgpakslOcjlJ/Xrk4ezqYFqpkttIpDvF9yacNpt7Wi2WTSp97mqSE0w/I2Yn6rERGpFQmVi1vMs2YDE9OLgrEbt6aciJZrLRyTwseaZlMZPknfHa2Y2AIsVLVCtGNC/8zd/7jL//bY9+jz/3ol9/aZc659YoBXCacvobnj74fd7pH37Oxywue/bzXvTUH3rm+X584zd8aFacxF3uWtzRsBt2Z5Kuapxnjov5XDUifbeGsqiTQq0ubxS0K1M8Fg1GWXdbvXver7zwy7/2n1vKLhpUu9Zs2bIBcXrbt37zq4tOHPL9nX0bIuuM/tpK+eyXkt8rFKnNirnBasdkPk9FWtLoiGxuRy7+TFVmdOmZCwAAAAAAAAAAAAAAAAAAAAC4ZoY5+kkxhaRRf41fEi8ChH2QWgKmxdqAAy/9MKSUVJUIpuzIcgc13pB0K6qKSCI6Sa46sLtF+iKR+e5t9ibfS9u4jdhjzdKQHRZiccggTRxTXsBvdRzzcSxZZuR6yabRVbcR+405TBxb0w6PlZaAuDep64jUHrPiJJubDPOn5dYpShcRXNCG+KM9ZUITquFaFWLoCHtDVPHDboWSTJtSzEcswY8lPaGtNltvJY0LhYOuM/0QRW1VzkNTZUeqOBnEF8SfpieeaeLmWv5Ukj4t6yNq+2cqkZKCg/9/BUgAABAASURBVCepSX4hEVMFl+/YEJtpS30g6nHiAzOJymScxvnP5BmI9Dz5bGWq0z/ptHKhwG5jdEx0k8x7hePl9R6191ZgNTgpOoaSTGddetT8Q9QVE26hGUUrFKaJNatOLjDrMGIwZx4Z6DDPALYEUodTqBxG1WPz5zDPpZ/6hRf85LN+RTaJaiB0Nd0JWQ6dks9J19Dc2OnHf+aX/vhP7p6/f8lnf+ybv+kbffVTvu8Vf/CqP/jDV4U0veIPX/XWb/Fnz87OxkknT8wNm/fRNMkcl2lgOXOINhxmSqNzVSblMp+TZmlt94i2C7pkv0+8rsrNmjq4v78TA9ruV89v1G1OSmxrzv7BKZubjltbm/o02XmRnh1K6AYAAAAAAAAAAAAAAAAAAAAAuF8ROQln6YkLMcSUYRHC1Ewoal7BJchd7COYSxiRPKBOyWUnJIHhJD+JIsBkAYlEiOBGFvlAwsoitGCPY0ogmIr1xTLUmFaiE+qub84XvQo3kpROIsKWn8be3hethGogLoromjbFFAeUO+feL1Ta1CaRkLZlvU8cdrtdjtCLSwUVCQHVZpeQrtZSkmwkfzZNM4LJJsyJJpSDZCY1lnLGhBU+Cj40JsgItNQZWfnlAcjjjm5qEA4PCwd7mGYJIgloFsYtpWtbQpZOdcR1tK1in4dq3KJWCCZmCnZAgfsZQTZdyYdRLCWyekCHJpuaSBqiNGUlRc4DFdJklilJ7rWxT/34t+xCaOdZMFlM9dNoJU+nU21OijRKPmPjhlH6SV6V/1DsNtriqFednKBeMK1LWUIyatP5fmYetCxeyr4mWTmW2OdWfbZ0dZWLlJlz9MwjH3UPqZYhD33Ig+bPe+697/TibK7n9DpNi0gtN8ILXvQ7L8hmKulzPvl/evM3faN/9x9+8sUveamadrxSRCdv9mff6GWv+BOdi6KJmcQaZxKLmYXmLLRbUyOoEAlYUqueotArk6R7xgs+7qMe8+HPe0YjC9nmjd7wYf2Jk+UpdQ9qtntve9pKZlbr8Kmu0rfeBiqoqUkhFnenervVVXRlMnb+LwqlbUkVAAAAAAAAAAAAAAAAAAAAAOB+h5uwpisNiFdxSe5yeujvMXiaGvk/Jst2QiXpgokkAk+eE8GiqqKB0Iwv+XvU+lQcoA2YiE2pYV4EdsVWoLFqNax9Yak4qcIFd/Zgc51YhmBLpf61WrB05W8MY/tuP3uPgiU/qelmPOSubRZ7EVGcmAZBm0rVRKbpd01kU/pBlkgmqLVMdT2xQbah5qQnJzHskKwxlvaCq+IkNLIPopXShn0cW9+YIh3pxBVlqIMm1uFQREtkd0dPYVOqDsunVjUUrbBFo85aKruZTrIhcd+XUEfJKs1/2TSShEbFXMfFTPPgTKOMVM6mk3Un+f9JvVNYTSis8FSeMB8OfO9CCb2zWaj4FKiagsuLTloodMuSLrh28+u20ue0ynUFi4pJ9DlTfrY2n2PcDfPf3Dxa9ZzpyqCL9VzlUtkdomQ/Gt7s4W/4VV/wuH/5PT/287/4a3YB85v92Tee//79V/7Rxr0b5RUJ2Fzm0Mp0TBeyQpNSqV7p5X/wx/OZt3izN33ZK15lK07McOY5FNKkU5tMEhddklLGoS1TFE3MsQxUvymvG1Gmz6v+5NXP+9UX9v3sdkhdEe/5ro98iwfdtSjF/5z66E8Wqhy4/bAwrd+9D5KKDiXA4wQAAAAAAAAAAAAAAAAAAACABxJbagpNZ5IWsUB3tWBNiqCWGibniJqXJ6hHicdn2a9XIUoqco8agdfQp0ei1a7BzBFMQGBhetU55NhsF3PU1BVtCL0ccCsVyQYqHu11MQJJOLjpHjfpSuxkOXMoNN/YkIRFacHD3et7Vd4xWBYSuSBnHlLPmEUouAlTu+KkyH2qTYt9FhUAT56QQpUPahIwWWy8ejBsZ8lZJBWydtTPtu9a7eIMid1LnhiNwKJ0oo513NbweECcuLnVtDXNaJtsqamdW1WHJSiKOp2iede4tkYlN3n62AjJiE1TGidRUIhAJ5Wh80JzaROnCwPlO7spFWGQ25ww31oMnw6c4cMXGG215QFvPuxT0Aef51MeKJm/cYhiHLI728VhyFIKm9Gy6mno6uIriW7EUOjxH/WBH/Wh7/m85//2z//ir5bmvPmbvUnIopM/lsvs6iOmKi4uIbFLEa8R+yGG4vzTlVCVUy/9/SxteatHPPw5v/ybZi00jeKNM5ItQHHByY4vqbr4tDKtZiBt5fc7VntFakQbZfX+xE//4hP+9j8Uux1JRxbmwY9tf1O2/0n/5p9/+Sf+tY+yO30mko9+2b/CKRzVCLmIK6yb2l3mOiebDG4lRe2Gsk0R3By/DAAAAAAAAAAAAAAAAAAAAABwh1gE8WpwuA0kmiWAyTa4e2NeEtSQGyBowFly67itSQnrZr1KCT5qUTVMHIoDh1ZvGpFyAXv9TZOoCw23zfdecNMftih42+WsT7jMW/QeIS3uJrGVmFD1ceDSPbZERcGyhMxE8TrhTjljceFVHJgPRFqLlkZj06L34dDFaPN3s0Kp6phsSbFlMdL1kcxlpiobaDkCvP7qVSWu2hGqthrMoUu7okok2upZ0cdw8nYknrhqbPRJks2+cles6Vws3h8auxQ2dY7M02ROHflvUQ7kNClqZ6JZe7J6xuY5nZrWY1caY1IgKbHonW5Bd1J0Vfos46GFu/FQfdlc0d2kpRdZBZlNOmvneZ0z4NAQSiIlmYB5nnOnQbpcI5on+Ikf9f5zUU/9D89qm/E2j3j4/PnyV/5x6B59DK0zDy0FXcFOUtW+0aLSOp4x2sr9pRf89nzmHd/2LW2LCqOIliZ91OYtZAPSLmxfBc3maiIQncc2QJpuJpnPUs6+oxdrhjIO7URnzVC2meuGW7GX3ah5rljynWU0l1CzzqkKDPVr6sej/FTHcLNun+pFSaciwrLpiLrRVj9Tt4kcLM06AgAAAAAAAAAAAAAAAAAAAAB4oFCEHfKi/wFBA3VfTWoRQnm3Pbi4oqQ1UcVJCXOGJmLcRn47NQObk0DxG2lfwu9S3gQzByDyfCnUKlb8gNwSw0K3HuvnIpw4boIQmtqXVzYCC2p/Lde7rUEOrHJxKPFrNOosqXWIqi1KFztWlxKizhlDrWVSKGqWPqjsMW6xmTGbk/nrpIKHmp3HiBIADlvdV6uZZhz8p1BdCXQI/PFxCnaWVNzARW8TSdxzaPWkPPwuf0vgmUs1fqBnEvvcyN03/Qb7XLG5Vh/a0r/BrGR8oORuSaIj+hLJpDOmadJEMXP5fqvk8QntjaeGvHd2eXJhzLzAeNKaa6PMbeVC9UV7gWkA3BejzKqdS1l0VtYDKg/iaKIZL/aEHnJ1yzF/o2xSFPVZE0VRRyRzEDEFVr4panqdtsuny1/cJ+YD3+cd3u4Rb/qzz3nRS1/6ivlp/dxzXjCO41zOh3/we8+//8ZvvXT+fPHvvOLbvvdHn/srv5W9RmxRqR3IIUVOrzQh+oTH/vmn/egvyMQtt8zHO7ly90vPf8l85lHv+DbSof203z/xMx73o8989vNf9FJdmtlZx0qzLouORBUk1FkDseo+cg0yjjpWtUmyCdCH/Y/v9Ukf9+GqF3mHt3vL+fwHf8B7fce3flW/nVHfr1zoB73fe86fn/7Jj/vQP/9+sq7j9/zAj//4Tz2PRPdnz6adHBSaDFK8mUEq9vqd6ppTtoXs8uK7ALkyUfcmWQ9EZRuc+8xZ3BXE9oTZ61TRGpsoxSRWQdYRh6va8wAAAAAAAAAAAAAAAAAAAAAArpfJQ9bRBQCNcQW54oRMvqCKAncIKUF89aDIGSZEbpJcXTLH8svb860KQGPhKUcPvYQmoC+Rx5p2hcS0gprIf371XvMysASCs7AlkqdN8Yw4UoBl9Aka6J0/JBGIFTyF0okaZ3drhsmPTUDiV0Uy4YXGQEmVFvpz9Bs0bprj78nMPvIvyQYth66H3fxnyGoMDfuauCLGMv6kDh7jVHwGbFi5CD5EpyFqD/MVIasw/1isZYq9STnQfso4mj2LDm+MreSlkcg0Z+Zih4GKHmhuosSLTXBEYcjTIIlzi9kbSKTfNTiiR5HHNtcVKVmqHWsRe/DbdSGc9AqNSJfnlEqQ3cRNTKlpMGfZg+hzdE7rBCWOHC1xioSz5+k5jmk/7kdJhpJPlPGxevOfWOZ6CYUflZ6YxGPHDfWRnSLpOJlWBUNbjXLpzPavt4Lrt7hkflF3DqkyhotUXVdDR/KTHvv+8/H3/cjPcBrnDecz/vf/a/7hxo0bf+lD3vsFv/m7v/WS349x+LUXvvgffu2/CTmD1S7brmjzaAg6xel41/jrvvQJn/CRH/K0H32W5xJrfpUxff6LXrofpw9473eWSTNNzB/zmA940qd+zJ/7kE/VySZbQ5ornCZdVzndlIu5UtFHZdmTbp9Zo5NinHKNMfa9zjvYI//cI/7GR//F9vzbvc0j5j/hNN7/fd99/qPHv/Cc5//nn3xOXg+SAeuIeoMO5tNZ7piH4P44rkV8RVJn/8Jw3wDeUkFROFEdBQAAAAAAAAAAAAAAAAAAAAC4PyBVHRSbkPJeumtBTHLhwUGznYiB24hgcv8DVWN0wULNH3FhQ0oii7ZlGyHi2IbaRdyRz1CJUDIXbwNVdcRwWuIcJr8tapiai4+AORFwa9PCjeFJFLkLecYID6yKOmYQ+4eBirZjF3NinUvpAMq1k1mKSHP8YXHRACis+ol8gec26nGNjos5+EJ9gA4vhVB1Bqa/UJMTHQ3N4aNDbvFld3MxOQkRdVMjhN6xo3oi6C9MNqu8wvrZe+G45KFRWFibyUU9Oi05TWka5/8kp46MUm52oqoL4WIDES4rnbCqd9y5WfCJM/B0TrBHcalM+ftazCEaCVNTlc2k2+k/kWt92ENv/NUPfc/7bu5/5D/9vMw7FgOS8PGP/R8f+pAH/eCP/eyj3+tR3/q1n/+Ev/vk57/opfJT/M8//Uvv+KGffe+9N2nYURhKkw+N4Ff+75/0v3z8Y37zJb//oLN47809kUlA3vLN3uTR7/mOf+H93+NhD33IZ33hN/+3X3rRB73Po97izd74Jb/7+3fdtXvXR77dLzz318bzm7KsBs2tI5Y55NIoc/rJWXjSpGXO83CehPmXQffPcb63X6266YSnPf2n//vzXhCyzmbKapu0nz8f/qZ/5su+6G//q+966nN/+QWUdW5D8Ur60i/8zIc95MHf9h1P/c3ferGJs6RhIZ695KWvFCsVSbVD0XZ7H+Jy4MNUv/J1+ItslWArtizssph9KDZ1XrdvpgEAAAAAAAAAAAAAAAAAAAAALocF+/KhCVDYE6VorFLdKUx4YeYSkuSFa+xZQpg1OrmsYqtez+3Thg+p/Yl4GVmk4g2Sw82mWaBIi7o0cLkSJXDf63pY0qn45Zb/od6ilir+v/Y7NRoIVTuIhwG79kHw6Ya6AAAQAElEQVRyxmisV4Qng7uxRMmss85ntCUOqZ1qL2OuzWDJp5PEqGMU6wVJryPeHXJ9WtoHkHmNtElOTlDA1HhxNSdRQUVoXEKCZcBwoxEVnuhdjQqEjgSNW1kJ9y4h3BmIFGcaz9fh1joxhKKCMOsXCfSrxGTMapNpP0f8NadOdrbRJ8vihkMq6KFbiGvvenEN821OCNIIQMJSu3WrRfvDDkVr0sx7H/JDuZqusw2cPvZ/eu+7bux+4Bk//9rX3q1JaOZn/U5v/4iv+5JPn6fg0/7js97lkW/z5976zX/o27/ir3321/zS81+STW+Y7r5nLyKyM3U92VKc1Mn0v3z8Y577K7/++M/+x2/yxm/wgY9+t0e+/SPe/E3feD7/w//mK/TSX3zeCwOP3/fDP/lB7/Ooj/vIP/+N3/ZvP/jR73HjbPeff+rZPO1DHB704LMH3fWgrIYbGgsmy6KTZ2BMOy3qDR52V5oenJdHdmQ5C2HwFho3z/f33RznWfmKV/zhy1/+ypDm6brPf6bzJ3zSR3/N//GkP/PGb/jEz/yUD/hLj7/37n0WndAwV/WIRzz8/d/n3d7oDR/2AY9+96f/p5/859/23T/+Ez8njdiFeBaHGzTckAkZFtuv+g4VyZeIzFKzS1Bx17mChik21y+kZ/oIKOfZKdeIokj+AWjNnqgVlQEAAAAAAAAAAAAAAAAAAAAA7jRuYpKZuFUe5MQxpA4Ykv+hiktKvF/+5OwS8wUlJUoJCboSo62oPa2aC66B/ViOcqixGF94PXpez0nIksob+iUOXkhNjo8Gl6poJVUwY+/VuymHyU3q2/8lXpxHqZJSchcJ6mpUYwNiDTVn2wONBw8DlfQuaZLqDsZti1VK6B0+yN08kkpN9NnlALykjJFPyXPUOJL0xarsJViuj3I+HKfGiD3uWwawKE58XnAjfIjqLlG8MIqdTDgWtnbxkgpmdKi9GUVFpMOxUMxwyapkhhxTfdByodmcTPl/ybaU/9QJLe4UFlcv1jtMnQ/QCcH2HS99aG4r5m/BTUj+9ilcdO4HnxOxTwejXLsARZ/iJz/2A+fjf/sjP+1PlN7ubd/i//m/vuAhD77ra/75U1/0Gy990a//zl1nZ0/5qif+u2/70r/yaV/xGy9+uSxPzarDw253qPwPeJ93fLM3eYP54L/+3PM+5Ylffc899/2Vv/RB3/jln6O/vuwVf/wLz/21X3jOrz77/3vhL/3ai+czP/gff+Zrv/gJT/y0x33n9/3IEx7/kXN7nvpDP549SAI98X/9uC970qeGE3jhzz3t+AX/57d891f+s+/impcs9/p/fswHfsnnP+GD3u895uPv/N6nfeGXPfnee28G2oniZN5n4u+97I8e+ejHfdonftTn/m9/47Ef8WHzn198zi9/8Zc9+Wd//nnh0oiDE/FiE4mnza+yhcaTjXBcCmPSplRFTgEAAAAAAAAAAAAAAAAAAAAA8ICDPafIlteFJsXRaD+rlILqV5JQ90RhWt5CJj5Zq0/IAv+hqA4ORhKp+QwLB5RQLU+27ixhS6KiVGneq6cjuRpUCGK6DrV6MYGFSgdIk9UUq42qS6kiAwnEm7YjNzOS/SG1oWCzOFkYtBwaBr+8yimk86xfag4d+XXyA9OEuN2KPhCzHolF/1EfxSGhAm/FepmrS0s/Et7q3N9B9TvLDpnOiRtpyvYk8FrMuKVcSk3wWg9M9iAqkbZPbPNQv+RRyRlMpnFmP455iEitWrwDVI08pCQxTGl1HHyqmGPnmpdUXTS6Qb9GyNVXzXK5fZKT4Ot6qyNbDhbXVSW/yyPf8t0f+VYv/4M/+cmf+5X51DAMn/1pf/WL/9bHP+ius2f81HO/4dv+vQzy8P0/8tMPechD/tmXfsb3fvPf+4hP/YpX/cm9H/x+73zzfLr7nns/+WM/ZL7x91/5qtpc24fiQx9813zw73/s5z/nS77h/ObN+dQzf+a5/+K7f/TZz/v1X3zuC1760pdnLVcQpVjOlBVf85p7/u/v/dHPe8LH/vJ/+a43eNhDnvHMZ/3Wi39Xko6lV/3Ja3/7d19+qCfFMWZrJtBid/qjV/1JtuHJijy6666zx3/cX/78z/hr7/LIt5t/+u2X/N4Tv/Af/+efeJZ0Y8che6WIUUqeta+5e/+Uf/XvvvVf/8DH/JUP+cp/8Lnv9z7v/uM//B0/+PT/8qVf9a2/qUKcusPSZiO9IabIM6OhOmYXQ83DC6FaTm1tCqR7qAu+EqmVlKjEtIjbOqMBAAAAAAAAAAAAAAAAAAAAAFdDLEUkJs7UxtPNVsK9MtgyWXS2DTlxiQYD3bvCYpRVwxBCLyhobj+eYYUaFQiZWsPDtUVvEA51qjp8sL6oH5ZR+E6y4K1p3+anviT9EtpOtAVSEyme74nBLFPm+HTOqpM/84GlcKlx3ItxWYmEYIMLXlRfkhPGqOIkZXeT+Svnk+bC4voMS/NTYsxdve1xFBnIxYIBbkQaXNPcuDzHKhlcvkObUWZTOvUPsVqStF/X47SaAfnZUdHy5P8Tj0ka6gqkeXxy8FrMYXJunUnEOew5o7jIpNrH2qROCq3e5ATpyS5l0wvrR/uwqfqCxHALcL9IvPSqxaKFDuU0NhQFOoJlYk1TqL5HVUOw0AHdDj74vd9h/vz+Z/x8tlYierd3efsv+7zHz2f+xfc+42u++am56iy5yMPyXT/wE+/xrm//hI9/zN/6lI/4J0952pc/6a+/16PerpTz9Gc+O1QPJTMo+q/Pev5XPuUHv/U7fnhKMQ43QnY3ec2XPfl7ZHYkyiZFIae/yaKTmO/i6au/4Xs+6L3f+f3f+1Gvfs3df+cffWOeTnmZx3/93U//9u/5MVOJuW7M5CSUbXXSeD6N52kaOa9ZHbG8aci+Qa39kjgkaQvpa7/0sz7rUz56PvsrL/itJz/lO7//aT82jntJyjPXuQu8i/Ox6NuCaayGeUP490//mf/wYz/7eZ/1N77k7/yvH/tRj/nt33n5P/jKf2k2R8ef1LyR+ZOdUlaqBZWe9PP5OCYKk71hc54UsaOfzwtU/lFSpVmnzmm349s3zQAAAAAAAAAAAAAAAAAAAAAApzPHPPWAJatIF3LXELMJPeyEvHpuV02qhODU3RQ8LqnBfD89x0K9pqgHU4n4l1hkvqoLxDN5UNsS1kjgs5OH1Nh37VSTisUy4zSJafQgxlguK04l8+k+I42KRNiUHyWHzFIbkf+fI746fKY3kSjyfHLIvggxrEKuxyleKpO0QWQlHDxjTpLz+TPrJ/I4TvIg7D9vs8uAshEIiWwgH7jTiAxEaPU9F2opuAn+Ssab1AfuOctseq1J0SSkLQMMMXFYl5+aiiR1U4Oammgsvwlbm5GLakpY0uWIP4odJMsGkwrztSa2klGKwRQ3xJYh6hKR9S3orf/i3+1PlMdftTLhFFThtFhjdnujNQk+yeq5q4hODqmOWtFJcYMJvpYOTOulquaQouWEVkm6qGn/Dm/7Jq95zWt/7/derjK4z/+Mj37Wf3/Bs5/zQvWxkfJUvUFnu+ELPvOxX/8vf2heIo/7Kx/06PfIgpW777nv6T/+7P/+vBeJE89Z3D0o/xl2oouYyz9P0308nnMYVTllgg/WJGKTLG+b39O4H/fn4/7eD3jf/+HXf/3Fr3jlH5rCbC427uaDvHlSErehENwqKXd3HsFpn8ZR02D5LqQSEH2ORSZHqkQZaDevrIc+5EHf/DVP+n+f9p+e8ePPynl88uJhvSaLTtIuf+Y2W4VkG8UkFU1v8RZv8gWf80lf8U/+1X33TSGKQkWuF8OlqgsrrjmtrohdJchcmjtsPif7a7XYxffJpii5r4n8wKF3TRLRie50MtNcP7coUhv8/J/6zvnzEW/5ZwMAAIDDvOa198yfb/CwhwQAAAAAAAAAAAAAAAAA4Pr4vZf9wfz5WR/28X6CPO5pSNRPA34Wfzf/DDaTDw2mJk59NJDcmyOUiHJ1i8h5E0zYUcQq8jq9Z7loop8SmlTvAAqpf8e9E50srTSm7MVQ4p7RDDC4E52IvoRbcUnQgLX9aoWb4sREFqpBSUVzQn7RfDAHcYN4nAxzDHsY5v93epBDrQcC6/FgUL7oWkZ2/UQqQgqxOQnq1CEGJ/lsFqDkqwK3VjTayOgVUa3CfBS6h84hNiHgxGbS0GMjNsfKPV6u3go6J6JqToZg2YTMQqb1xggmRuJ2WninVWPhmTx0aE02VFQ7iU1iop3Mc2qeIKSyEs5GJjI8Y25fnp7zfEgevDbxTi6O8y2mwMkH0hluptbc7ihVRVdjRUkKxHw4KVTt4gHRiRlRlB5fWNAB0UksI6KFW7H1WfI8E8MVOEl0kmq1jbBoxXWLTtIouhCTa9QfPYeRen6I7iQUc6DustyJLGUQ86GzuLtr/qNmIUHLT+c8jVlRp+oNHdWUvCh2hU0a9/v9+b3T+X3jeD6vRxLVXq5ddGYhazJsh1QVlT2frDkZRXQy6ebpe6WrTLIXSlm/uQGchSEqDVFjI9GR8OiiDfVSGjgN+UIaQnXmkWxoZomUinpDhCaDK1ROEp2EIhapMrHN2XVQdBJjLB4/Ko3iYqO1Ep3k3SWUMbddhvskXrq/PP+nviNAdAIAABcB0QkAAAAAAAAAAAAAAACA24GLTj5BI8gSs44a9xR3CRVbVDOQIME/lQVYsJBCEzosUI2ihuB5WEzZIFHP6L9ocDVq3oqY6+U2fq2hSbKMEzXHQi868Ssb05TJvBgUE520mVwoeOi/fc3e9SuhRsJ50pg1V3eTVOQT3FpWSIha8lGc7c6G3S7LTWIcYs7KQVvaDWnadlDeKhJ9yegZdbRWlfhMJjrJ4eTkipNRNCcyos0AsolO6qiWj5wrZEgWyI3azdjIKVx0sladTDkyntSkYS43Sg3RNS059G699pFMbRia2vlRJoMOKZfMTtZdaeYi1pwaqYU82iwuabQyaT/H9DmH9i2VTnaF4KJkMUMficeb/CW4+mQxr9aiE1VUnSA62XXfLuNys2bzNvefqC46oXNRuWJdJ7RG82lxt1C3e0cnpBA6QXbj5VA2/MhPRRJ7FbGbbVbWlDz3XKbEE1fdWLZNmh9ovl0NS+JZ/qMqDbGKoWEXVDKlOjv5KY+zmOeQeDup2ilrL2ivbkbDwMzRFFBZYTbkdpKJ77y0QOQaC8kcw0MkE4V0wxhkU0o+ZWz/0xay7DFipRRSWW6WlyewKE6oTAKW2+YZPHd1EJ2KOAjpFjdfH10sJrtufQ4k4jnZoHPWquaxqlgrXGkm2yZej49dHO0C2TlDKP/otI5V8jxv2yQHAAAAAAAAAAAAAAAAAAAAAJyMRB419E4Sfldzk2o6weKAEVxxkjrXiiw+UKFIif9pOfZzPR01JUoOEQexMAlDTm6yiqgXBwdt0xz6NKMOjcL278WHXqjRRUg98E5uZ6HR1j7Iq1cka2zwhkinDwAAEABJREFUarmUkVSUw2aZQKKaofZyLUWTbmR3k7PdbthJMgkRewRqCm/HfTt0WxUnXEPmxVwlK07M5iH/aul1ekFOzjIjJ3budGK9Ihn35UBRCCeFbrmEfcswWqHRFEtWVC3QRSFERaKQcyuRS2jIpSYqGEguRrGRDjaR6iNX0w8tWn606ZnD+KorIHVHEAOY7HCS/4yaF8UVRaw5dbKihTeeSpkt0lyr1zNPnaA2MXZhYwRVr3ByGQfpml0VJ6c9yCvAGyIvO6BjeporWa0cRHPNDHEgtTYpm4RuTPKMYhFeyPTQvFRJhSmWLIzZ1SF5tWaPEDNbimbaQzJJs9Ioei/n/W/KAo48Z6bsnTNKepzkmrk06PTKT3iI4nQiO8UgjiskUhVNKybKD8nhlBVN80yl5SQkl7aQP9MistI5xCIXiz4mrjthWsiO5CNmUVg2B4qkNkiujjm08ik0RivXNKHagi5RqK62VJtkTi2Fa1hKAAAAAAAAAAAAAAAAAAAAAIBrZJIwqyUfYUtWknLOmKSxUOY+/twdaziQNVGFnGrSf9SLggepm2wJFLaDksx8KEZZ7EaCmge0J72CRYFEB/Qfm+UHTdeSTAXSxTe3S9gNu7OzsxtnZ+osYglmAl1WZqCKE3U6YU0sIo4zc1Q5Syjc40StCyzpj0WTidxQoeoBDtbTPBS6wHGCq+qlPOdg6pPqrVCi3nEO9g99xRzMOCW0+hUfHGY+3ILmPK0byi6SyqOUgribZMXJOLriJMksGurD9/Y3AfYj/S9XXIpedMIlQ9WtuzO42qDqaKjoB1oF1nXBnpCoTAKp0Kdb159rEilsYDtG1nNkW5E6jUx9YoKk6DNSf0miazPFmHgr+SwonijieeLPRVQj5loSyKyfgnlB5V1wSvO8yqImkTRl8dIgziPFo0kETaRiM0scFmUzJbFcYp5oSJR32qRylDbdkjebu174s5UfONoaYFtsWkex71mqOvRBmfSkEZ34vauZ4tvqSbvwcUjXVbsTmUCxiK82lz3nHGYhrc5CYgIAAAAAAAAAAAAAAAAAAADAAxT2TxZPjclVHNw5UeRAoMYMS5IFOU3rgvo4fWyurEIHj2Oy5VDwEHa1OQkbb8X3b7qbRib0qRtcw7LM4WAnD5Tc1aKyGdIgtZmDtOHRWp0rLzTRxg0RnQQP1Nae9I04XC+r4sTyWHi0P7mhxxzwVpsTk6TIZdl7oZEclAi0Hfu4NS0hCUOTGiGIpqA8oOl486SUwWUbUeLHg9fkohNSU5VSL+v/YrQSTMESNFtIKXYxRuunpFMk35O1JWRBebYnFEQakMYZSa6Uk+pwSsEfnRvcNAok/8EzlaweVfTLqriKL4692xW7rd+4+QzdejiAPff8rKU1WVNB7lUTzRRD+pTVDLTMUHUFsk6jLlcu3i5FcaLrq0zvMuv8ltLyg23oW3dCU11V4gvY115sH1jVWjWnommw1ArFH6R7w0S/nmwdBEtiIwdR1pZWOmh6HJLEOGnc72+eZwsmW287iskGIevNckmiOxvK/in6FhnBKbukyBAO0pW4HijLB9YOk03ALJDZcp0RXYkluAqLXz1PjaxbNwri8shIt4vk16tSJrTywrKPqX2Tztt5FMJF6CaqWiDdKjS3VrM/s46wb3GiNpHcScF9tpK1Rm9gb0jZbgAAAAAAAAAAAAAAAAAAAAAAd5IiXAiaxsCjj8weA7SAZYkpa+oTj9zrIcciKpgjiqlGvUuaGi7v81PopAZU3uJ3IQPbxRpKNw1JG6f3A5akKlSsPZr6opYvEgUaNEiaSyGmtZChSAk064Wet9DsxKVO8QmQK4ccyc1+Gjl/jpS4i/HGjRt33XWXKk6kKDJ3FA9qF1ED11HhohNQuYl2Jsmtqj1JKkIRlckkhifyWFgv0HFIC/8PFlUIdwF4Kg+CzeNgjoRPFoL3aLXZpnRKi6La8DRDRB4CpsZbYeFPk8juKVOFizlDHknySTcVMYornLLrxPwAtfmNrEBsUebpl8/EZOHoucGm0ZlyOH8a1YFChktyqczB7lj734WpzdTHrENqKL8cpO7KXrPTsAh8F9HJtvKjKJjs61ogQrQhLOBm5ssdscp8yBZhW9Km7uQUr4isa7C1ZBNvcaOqK2LnzzE0VYSLpADc272cqBtQWw72Oxr5Di0Kaoou+waVtFLlJ+pKrr+VX2IzZ0jFcTml1TzlpuTTt8oy1MBDC8neKSLOIE0MplKPvF9N4k9UaslLz22hmq6unl1cqOrWo0Ot49BGaY2IqwpvXGnSfPpobQzUZZRMLkTySUKmhRLBCOuWyIldEkRlxxE/GF1srcRPhSksWYK6hgIAAAAAAAAAAAAAAAAAAAAA7iwSwSeuZhSheBpIvLmNh3ogseTCcTGIhX7rcYmbt0HB9r390Lgj0CKa3lxWo76uXLDvrokxwcoy7C+XxTZemk9Gb3InZPDfQ3UBML1NedufNLNG8KwQc+hzmMPJuxyd34nPwdnZ2YPvumu321lZbBKNrl999xZBZI3JSsYNEzjIW//1kSRxoEmSIiQfZ31I/bVY0LT6j25YOGdJKoPFKj2pf2pjg2tr+ru5Cg+0vRas1zhyI/yxYUpVZFI6S+ZMwjrWXAx1bPKx6wlIGyueB9Hj0mZ1khU5Sf9k1VGSA8mhIwlP3JWHeqVEa5BhVg7r+WlNCys2TCf637sDUTdsOp1s3rOEl5mciJdLg+r9vkZE5XCxpuRCXJxhypPQpNbxS6qjBl1GiODYlAhXoNk1/BQfVR74b4cSxBxvPwV3CNKZkSccS+qm0EwUIl8MZgSiOpYu0U9WeIgcSudocKehQKcOxELVFS45+LTaZlVtdbFGyO/hyz9uW2mN0I/a4xD6PUI/t8fDdkPZVuO8utc5iQAAAAAAAAAAAAAAAAAAAAAAd4KUo6j6xnuvOeFWcVLCxKaP6APQYeE4sII2fxu2Itfm/HHglq0aeDNMGbdKLkflzkPFeTg5dGmG1MXAtR1DVNFJvLHb3XUjo8YkmlSCD4S515UWpxO1nHGDEzYPD3E6mVLaz/FqOTOJniOVkvo+LkxHGoFFPz6kKYS6jBxs7g7ERTIjso5VJzTvjHmmqDSkKJJWEqBl7apnYj/SZnJRLEWLg3eKIQv866NhsZrIvi8TZ2cTGSEZrZJFhbZFDVfSSFweGfLdoV8uWVRcOLDYaOSxGKg5XXxAbhGbPmSCroXipEwvCpuTe1lY+eXQlaeNSDxUTnfuSFlXefApm8e0KqS8LCbROvFihvn2oEKT4kxTa11sqhRuSSB05XlcphAfvoC2KrlajZ7RyqqVnc6Ks2KZfCvg2iq+YHC8MamZGAAAAAAAAAAAAAAAAAAAAACAO8M0cckDY3hktLxO378Mr6kXOqVCGyHkA9lGwtIOwo89is2WOUFyqqxjjqeHaBNvaE14+X2rBh55Ge/M7iMlwYw3Xo1FYqCB4tlud+PsbIhRHDeSDmUbo99UmYQDlBC/OHnoZ1ZXjEk1FlPyATeVhqk8yOVAtGj89iA4ElO3Lmu9I5tXSHn6lvRHpUBq5VAHWLMgUTEsSC61cTlKaCQTvJAHVI8DD093Z6RzgVTDk9jsXuanG0RmknPpjGIcMf9nzdc8JOtJuDU4p0FXvmB31RJDN2zBUuiE3trEO8PNjL6KimHhmaGVSfg/icRCFT3cuvFcVCStjvnoZSc+lUNF2Wyz6XVFMcahKnViS/qqNM7zbRxzBicRnRXdiT0P0+FYEpl+i8zFqGIsufGHaCyuRSV02U5Rk5poU8UXTC9zHa3jgxNGSk+p7BeNA9UBUUwkN4fp5j8AAAAAAAAAAAAAAAAAAAAA4E4yNWIA5mUcUvJG2Kv7oZggiBhgQ0tRP7t35NdHcv+mQsJ0HZE2Xno/FE+mJkhJcm/XKo2YN0mBpFRLlFOu0W5x+c9i7zVrDLn7RpoSiUPILmbFyV1nd+2G/L79HKA3A4QDXiZtXU2XK5O7tiTTWYjHyfyHrG0pqCeNpafJzgqNfUsRuJTqDrmttA3T7rnPSBWalAu4abFUEtlVJqwP2qL9bFKPMossLNyIcDQ5kXzlRWyZ6h1NMiVrno9GVt7kLDrZ/mUa06gyFL/Yx7AZIv0pNhHqS0pPTpVYFDOM8sNadBJPKJoOXNxcYWmGvFPEnlkpXBOpbAfqtBMuUJxc6DZBTb9SuBr2BGNbDm1dEa4TW26a3CrrTcZ9EomTnm92xZgfiBww+V4hm6cYoyTzT8pJYpLtM3dCcVLodIKeJu10iE68o4rv/FO3mqpr45JWJ7HvDJs12t8hXMm2BgAAAAAAAAAAAAAAAAAAAABwu+l0IlS0Gp3iRGKNvKGrsFgw1wQOy7ggES3CibRZswZruaTtOfQ+vpUpl3FbXZtQpmSuOSQ1oE4rE7x/Zv2RtBxPBaMf8xVncdjNDLsbZzfOdjuNz0d/V18VAMV95BCWTscT6ySNTHtindFNJtR6JIssRHRi7YydNUVipvptuy5r0kEk4ttYnjTFR+m03q75QwYtNITWyCT00WDu3XO4ey6mTCHuPGn8YXezi4tURbPq5MGZQ/9ZetJcFvXJLeQsNlqtVUe4BPH0n9YF77auPsEFhA9ew201nIocTCQRvhYuyWJEStA/z7iUjiiklq3mk2phbhtZDHIubqUflMGIRZMk51ein1vRJdiy1DxWee7NlY3n5+P5ffv9ntOUrZgsU0wMOrmlOdk5yJ1O3AiFSy4eka1Mpj65pfbdEs0TPXoZH//1Ys1JjHHrIt0FbFOr5cg32aQ0/VZ2lymCsiJWaSYhl80aAAAAAAAAAAAAAAAAAAAAAHAHYbc30XApu12FSQS6eLGnWAnujsJUIuQXGxgUw5JOL1HwrD3UuEb0TiShu9q0HTEO0urUllbEHO2ZWo98KR0MoSRzqXoIFiWHyS9U0pFDouFstzvbDTfiMAy73TBEVbTkgbAeadVZAMAeWaaw7oXKRySwbU1wxYkk07GUOpPGvOfg9ySuJ6ZSoaLsscafoqVYiH4mV5g0A56sGRL2VbcVmRSDzwCah1lsTrjVmuQGxCGPkpxVBUyScaaSvMVdZA41TkferFJ62w75lk1ecoKhlFPqyCDlPDvqLqGTNjeMQzGw6ZxTaiXLB7FoR/N55IIOPvDDrnkqrRanvTL6TPDLeNEOamsxq5FGgeFSmnAiJ/neLAbIxGZVs3NYb7AlNNs6Pn7X8WuaXELUaE6KJU59yP19l6WYcMwzOeUsTtN+msbAU+hSEhHVbC/ibBJj+Sp/5o1JhFJSRhas6Fbjjbs/ZRNchF3rHxquVw7TzhyTMVoldQ8R/5dURG/BN+JFo1bWWAEAAAAAAAAAAAAAAAAAAAAAcMdxlQkVa4u18Yge1pB0CH1wvMMuT4HKf8076kuhSfeF6OQ4orUpmuNHzm0Rqzimb08Jc5ohSFXRVCGMhYGLP0oqhh8iBNzamQYAABAASURBVBGvDzqLw127sxu7XRQ8BJ88Gw+p/kN/YO7GsVG9VEkFU7UVyfk7xF1in6ZRfCYmCcQGEYiYSGWI1JiytN4h66FbRvy751fi9GUMvLfBz7bPS6LpmtskMfsIUts7qskztDuJXYZSpCfulaO+JMGbwyZziqSOJlTyHLGKf2Q0svJmDtvnwcg3RCpVczMmaZ1NaWXtsBAkrbic6CT04e8yoMXpZG1AEg+XuO1WUnNG+VNvpWGukAjXyNEBiq4MOOKtopILu0D9eI5fc7Q1i/mdagF2QWlSW/gtjgjnbE1ZfjXJqtynNAaZp2wNiKY1IReauLqJxefD3DgmkmRQ4zSNOlep2RDvV9VJqEq4lrL3xduj49ja1stzn0JtQD1oxVll1bZF+U4CAAAAAAAAAAAAAAAAAAAAALjDcIlg5//jEd2HhOr1MG7Fc6kPZ3pCE4/+W0AzCwo8ypxdA/TOoS0lFi0F0eTuHotquuCjxJc38oSs20dVoMBFEyHfyof9FIImf4ieUeYsDjd2u/zn7IYITlx5kbhtjOghIiURo/RYR7IrSygKD5ZME8Grm4KoKnLylHycuHnnX+t0zQqtgrDhKC5uCcGTfYQ+4s2aYYeXZhZiQBMl1K56E6KjSol+ElQ7iuqXsQh928SREckuKsnya5j5y5TTkiQ1i5CUL9rY4GIpukrU/iLdycYdYSM3jvWyv3ApOrmo3IPN4M4EpRpq2K+m5NBTtxx/L3orywmzfU1oen5ZbU5RKvFl5SA2JTvnGNe2acOaC8Otj0UIbgmi6zS7lEi6KzapmVv4lJZ0Pkt2d6JgciCZt5Pp0Ni2BpqXzf2rm1jKcLg75a09+mAvDx/+rvm62M1+iC54dG1unWXrAQAAAAAAAAAAAAAAAAAAAAB3iBrI42Xs+kjscRXqo/6LqiOKSqL5hanG+/1ldvW60B+C/prVB3S6eQM1n6Hx/7gyKgHRcgaK85+zIStOdsOQk+pUUxbPlDF/jTX6zMHy+7QZS9h1KO1J8fHQwHbOqpPFLiK7mCSrjkfaKScyWulLaMM85hQ4NJk99EkUqUHSdEElaQ9Vh5LmKTcqE1p8bwL/jckMbbnPtC4rIXc8eQ4nFZvkWL8Mz6hqk+SSIXadRTE4qYIaatwSri0sfdIIc6+m2J1QiqbXOe35UZvjhreeejrJNeQwG0KtrlI713weYjlTy0lbHQf1OwdbFpbtsgNeJ9aRG8KtkEtKKnsSn6EpjeeqGvHaqzKrtqSvnsy5IyummMdsxpKnaSr7QAqXXrjXAjUPoBeZ0CmP9nTYdHbthuWDwronqD6H+MKcP7RysRHjKohOAAAAAAAAAAAAAAAAAAAAALjj1LgwLUUnJWdHG2OtF/fFLAqMFIvoJJRwtogFmtB27w7AXF9el2o3c0Ec7Ejb8oNODeyv1NvXRnNTjQ1CrwuZu3K22z1od3bjxo0hWiaNEosfvEfcFNvJLNgcTdrygytOpqysmOZTY8quLmNOIpNGTbUjVw7ZC+CC7DmnDdBKgME+ILnzSf/iYkijdcRY5UOHqia3HWl/bh/ykbaSNSMUq5XsDDFZPp0sOhlViDLH7tuEOS5TCmE7dt+IJOrP7otxaUHSiUPdjoKJTvo7VS1j5/VgIRMRD4zeNqMtpnkS3gebXXRltUBJqeSfqdTVXxatD6sB71JJ3T7aDFWF1vxiibmVXHpgmIs6RMyHWDRoKazdcWzYKdBiuGwrE+HUOE/n4A9pLiQ7pnhmsPtZNOEyskZuYvova/Up24rvGVsj3izRXFfU/SRJBqLTH4PaXPHWySLvoft98AAAAAAAAAAAAAAAAAAAAAAAW3gEz/JFUA2CuwgkdDlp4iIqGctfJQSYc7GQizMkUpu9KFLjmMD2krsGLqOX3UXbG++Kcr40rjG3oGzPEbqsH60UobpqFN+RHM7kmk5Ef67KGIsOa4xzN+yUYXeWXU48FFpamjzXg/ei+7XtC2vZzfkkihMRWPCUsiPC+Ryh5pRcV0FN5JVcCFIGilqZy8lwcyDPPNXxsfEze5VIQ/ZvmT+bbEIkIphCDQLzsaQqtcuuZvE2+MSq3jB5QMYcqZePLPrxbETez+izNKWlSOMQMku6Ubq89KS92Qs9zK5O1zrJD5W0Outqr0z0Mavir6rQWnmQLAtp6XyNmtuqForbchqNVkmT5fc24qlOkNSvxE3ipeUCR3J+VXXXuszFmdT3bnFpVZ/NAy5eJKJ/mlfo/uY8F3Xq+gOIOvKmgSirkUznQm4jJHl1xvkvzaglcpOsVJtvTkWHd50clmKoiVTQPEUrCVvQ/bqaoFBnHGUD5L+y7FFt2XrWpGBBNg/ZvFpNUDv67JqerDUTTY9ewm0KHRH6EPk+2M70pFnarnn0AAAAAAAAAAAAAAAAAAAAAACXhyy6KOqQPqONZTCpJzm/sE6bodvypr/oVkiDmBJ6XYas7fJcSoqatKXxUymFe3Es0d5YGutVc4xVHpHDk7wsnyWGmpO1iL1A7dkc4rTQaXnBn/2XJEH+bO+RaA4Qh2E4u7Hb3djdGIbd3IyoLbH+kKc04RwFTWTR+Kywqa3Ro+TJV/SPak2kDWGU1DHz55jy2alxdAg5Ns0azS6mJETkvixNJUXN045ADRKHpeLC/sohaNYER1asx5pVO0TRU/yY9CH3d27jgvpcrMsyVjqrcnKg0MSNOWjeoEaK408+5zQJWXWiCXWSNFyfnEwCl6pQWPb/IgVJ0dM0Ta7ao+70CfDShcEVLc3p3VoItQktF4aedEFWjMHSTi0EWaYNkPlA7b2Xg5vPZtb6w2Z/ttSLioriJCx7syUQ2RA5XA/NfmATisNWO49TdVg2DjkPjhWbpjTNC3MMoS7C6lEiq2be8GL29DBdkAvFON877udF3baCRZAxP7VUOnC/0WSyofVvjmhqmi14fZFmCFoV0W4eLsFZlUGuIFONSVEMyTm/dr4r9VPTskrJ4ObFQasnDQAAAAAAAAAAAAAAAAAAAAC4I9SQdX59nEOvDvHQoMUqc9BS3+5fFiMxyhLY11fqLQJNfq4JMdpFwd6sbwOTjaKlyfzTuikUn4/gxS6j2t4QU4Fo9J5CChcFoSm/Pi/Fx3CWE2DQ2bC76+zGjd1Z1NQOokfROqTOIVisPpbgqEptyNUS7LFsbZWqKEbxQCA1O0lpdHVFcg2N9ZH11f/isZCRdh0Jt1J3wBbn7X+q48I1DK0h4ih1RhH6qOiExVXgqLCBl7qCqBPLn6aGmWM0HUMwsYlqYbLmJoniZJLB2I+qyBGtSfC0GvL8lql7TvA4aRu50ewNiQJdWMyBaruzu0M/XEzjnMHqhbFRYatBCSEEumQlze0LI5lgtUt6pRNLsEVz56nSspNvKcKsUoLKwfJ6ZDHhUCcYNncTfSCaIcd8OGoxVoYaeaTkjiBaSuO/FO5/SORa1AhKuJX7dVeepr2qqr2iDQlF0EfUOyT5PfX2fD75Ubs6O4mY7YGrfxX4lryKAAAAAAAAAAAAAAAAAAAAAAC3gWWkMdbInusnepuTekOs0pWhpLxYxDSp5sSxt+4PtCFJ5LIE2ynGGDZjo4eC/2b7UbPQaCYH6noSSsIdy4WR37TPjc/h5LNhiMPcqbPd7q6zs7Nhx1P2P4irKHzRc7gwRE9mZxOyaLVmpjCJTZL8MZJaIkmaiqyzSJxM1tNnBaLqmsBNBHdr1ErQt2lVtRCxv7S/ZlqRDVfChlNFpMH0QqW0wOGSAd5WJFQ+m0axDYY0KefRmUcl8DhOMjhjTa7k8hRy2c3K8uNUTriYLlIlXYLd0dQp3Epn1j+T67bC0mLkmjHRFjM3ohMybxW75tC4XTSe97PAgm/h4dkcNTeNLDpRq50pNcIRZyHdUguf4OqTmncor2pmk93x9c2sW2axyxy64MTVlepdoZ827PZI7V7QldkIfYL6l8j1fQXUXUxWeAAAAAAAAAAAAAAAAAAAAAAAPBCweGAnJbFfyl986NbGfMTfoafFFeszzMei7aXEWjTVN/NXFR8jal4d1uOar2HRntBGMJmHGHe7XdaZDMP86y7bGcTAkueEj71cv/iFGp2G3ibGCVlxMqVpL+HskER0Io4I3OhDNLsEHW7wKYjwJZYGmGGNfEuNtYD7dpA+QOlmXI32fL8mOTo9st+GiEsrPKwvPjBabM5dMv+XRh2H0T1OKBaVzR3xhbhVduEWxCKqU1KlQuPycP24xclmniHqv3Z3tSdp24iF7ufnRt1I0cmKJPb9T1dFXqdpmjmf9ufTuOc0NUsxmvsL9YPjEi2XRLDmyaIm69Xr4iS+NN2okJ/hss9yI6HiDcmbaHVkt9qcU3Thv0oAAAAAAAAAAAAAAAAAAAAAgDsG9eYLTQi1nLW39osHibqIkBtj1KIuDjdXTUYXPaQmUhmIVsFuPj2S7W4nMWjUt4Z/lxYssVwvipMbZ2fzZ/Q0NuJJMg0xUnPjOqLdNzRQkXqI28kU1MyE52D2nqdxmiwDh8RY1RKFhrjIPnHFOLXk05HkPj7EUoU+q2rboINCoaRzof6gFc20zTnlEVhamCbCPLeonGZNm6Px/SzCGacw6VhoTh6y+DKfXuMDjV24CrEd5lNuaO1JwlUpohN59ENvJrOQnpALAogPJGe5U3l2fCi4Cqq6psUtpYLOy5lEJg7jNO2ncT/tx/P9vFSnbNiRtSba2Xyp6aHEFYiCHQRJkGWjousvqbRqyoot2cuYORx1uLl/aLfRU7bUzf1u87K5T3lIfHzUpqdzPYq+KYq4zAtOMryspRQzKoqu4SG3XnILFrMCgvIEAAAAAAAAAAAAAAAAAAAAgDsOtwHiTuRB6rMwB6G52FZIQFFiypZPQq+iPvTMNRnKusLiBXBKlDya8ISaJC1hkYnmIjSmzCVyWsP0qTdsCHRjd3a2O9sNu9whNoUNtZ0SD5I5ntyOGvfBbfMD0WCqBp8twmriDzE20bA0V0MZyUxRfRrKAdEFPaU5jjt1Q81RpAKxGrjI52St5WIxQNHCukSeH4RjM0QbD/FU3Y9dkoJ6rkiGI6ud1MJj/p6ywUna59w68wiR+q3I6KlNjTwy6nMGhdWjv5QU6dpZTPHkDbma6ETnu2l/5PupN55s7LG669iNa8VJOcmL6epf6f58GCthVLiMEoGbP6YCy/M0W+/MZHEY21IvhkuW6KuKTfyojj+X1W24/I2KuCfcj0KqTih3pUqPNLsRJOZxyNtJLAMT8/qnZUu47H0++DowQbbLRjPUuMsEWwvdhs1XnPMAAAAAAAAAAAAAAAAAAAAAgGukl2IsHQpoZW5BwdQRJYCpP0XqBAq3EA1sg5vsjgLVVcFfgr9EXa3WxC7mNrAv7g4x5sQ6w43dbtA37MXgQFQ2UaLt7sNBpttYNdo9VNhPiNEBT2lK+W71VMjykBQ8Jt10NcQ2cF9DtbF1/Oh6VKQYKubofw+r7luQ1nM9vMcFAAAQAElEQVS2lOdV4+ZBAuxr3UtrIdF+rW1ftU0DxJZUxNQ2lMU3lE1ONIg9uehkSqJKMdFL5/DygI4p89Hji0UnVanQJGEJrciILpYmHLng+L2NAoA3lpA6znRlxMW97dXtpXdCANSJFS5zlzpr6OqcTCWW5j/zpJxEL9ItUipPxI6oPC+qmcpybp06qtzWVfxOvAV3QjBFy+xZV6QbcS0mSoKuMiorixSuicZMj2aNIJP8EKew0eDuoFcaAQAAAAAAAAAAAAAAAAAAAADuJNSLRZY/2t/1VGxS3pSAacyBRjlT3orvi11HNlXjsFmpJFsotglhWQIXgUflePBxHVVXC5MoEdKcTESy6uyGIacWsdQ+qjjJ11CgYoIwR0RbUcBmRapNCSTZNSSxjqgqsptHPlajk94jgMRAxXLPUFUfhOB5PRrm28mfgmbnKbHsEoxdNswdOHgZJPbBcBsLLzw0ljRVa1IEQBeGqtt6sqkJ5UHgMCXJqJOj8tnaZJKsQ9kGxrP8FL+XjQd6qNL7P2q/rp17d4b53ElOJ+SmGaIiimGh8DAXEqbrzldTlsTCxMK3A6Jtj5N6YV8eHbjyzkGX8juxA06TzM59mvZhmsiUbmbewfJ3sP7nzcOGLKr1E5dFb/quZmyjyyXmgXUznPtJMHGblseGxke1Jvlfg9JD2Qq768TjJNkAeQuTZCAKjZ4wqa6n1OWGMrb7bCulAAAAAAAAAAAAAAAAAAAAAAD3O9mAwt7BLy+ldzFKf3+fPKyaI+PRY3/mBULFRERkJ/kw9rVsaQj6hhQvAE1hYToWtRvxHDkHoJpwwRPw9CHz3L5UPAs4DJEGVZsMw5CDpPnvXRw0N4RLTHJ+GkpqhWB/vJa1C4j+YCl5OGfryOISDUHvx3HkNOYzIr3QJEXz51QUHmEQ4cgklWTJgmhNuOleMwIyJNTkzeh9XIqEpQ6PN9Vriy4w8GwhYUiN50arK2rGMeWUPdxaWhywOQmuIBHFSZ5iWcwi2htxNxHlySRuB95Lypl1UvvQyqA+sOF2WqgRjjys46KTtleHNQF0W0ahMeGwSd0/yFM0CnSgSXdWAKQcF6DlT1OAyBn145A9I4kqapzGfdaHaeYXu4CKHEI2JloXyqKmsv914bP9ZPYosnSO2wTdVojoytNo0VSKtK35EGMoolYB108Vdhco+9LtpcEso3hRd+h8dKgaPT0wBE4AAAAAAAAAAAAAAAAAAAAAvD6TUrrgCo9Oh/K6vr/8r+FAWpmRxCy50LvWEe2TqIYC5WX4U+PueieHxizEDjSfg/qXyP8xDjsRnVB2OIkla0bMr+OXstaGLF13tKOJLS0Mm0AkVzYyTzmAPe3nQHZO2GEalOgNJC+92odwP6YHe6jtIC+Jywhtmp1kawHLqhM8iu7h9MZQgDhsZcOgrqTuS7EqiD5OrQRHL8ipRtI8EtnrZJpSPmDNMRQkqw5LaqFIq+JVPET8wNadrJpc0+sU4VXauEvHn1uPEPnLTDWoPU1E1+Xr0NjhrOb19rRr5WO0tRLj0dvvN1p51MGLFq3P8iz1klGpWZaFTUlnrKeJqmZQOePWwaKzf1Fq3E1EdEKhrDrLy9VUTSZFeUBPb2OREoi3RruVX6kOjqoYsCtL//LERiGsJU/cfCVLgVQfRK0EqhMAAAAAAAAAAAAAAAAAAAAA7jDLvDOLF9rtoriICsbARBtBZgujzqHc6dKh1FYg4gHZZdqOi0rVgH0yPUZf8kCDfo2aD0jcTbLNCZl1ARUViIf8NbEO9fluFmR/Dok1zzFm0gAzz+3M0opxmm6O5/tpnH+dGqsVNluEFEl8Y5pORQ+3cmlP/9PCA8Aa6RFYpmSeLLy+sBRpDjWqHdKf1QNFw+4uLjL7Bk+dVHu8Fel1QxiT6eS8GkkixSlbvMwjMYruJKtPxO+EgworRFakgh92SVDwAH2ZEA/kwLxaWawzG10uvY5+k/h6XChOypW3PgrbjkP9Uj5cyXXn+Ll++EQRwrKLks9FBjilebmmKWR9GA+01Jf5nrRZDYWaVKf4InEsMrJiKaVX348aHa/r6vNnQ3SymTJt43ouN3FN6uTF2G8pLPassi6aSmRn6pR1AAAAAAAAAAAAAAAAAAAAAIAHIF0skUWX4G4LEoTtzEuWoXCPJhbrDjotDFzi3kSt5iQEonByqL0NerYt1BQy5nGSVSbZ6SSLTiiK6IQ4WRKM+aArxNPqzNdM9awVO2n8M2VxRKrx1Nz9KaX9tD/f7/dStHt+SGBVas/ZZsx/xZoazeFCjFI4J6kowdq+l7HGZzmU8Hei4kpCrbOGX5KriXkkLJ9OkPxHovYgz4KjT3agpZ7opCe4tkhJOdXIHLyfxmkcx/0UphzLF2edrorGxeAQ9EDVnZRIuTa/Jg2hLDo50mKb3Ryq9QwXd6BuBXZB9i6X03aZi1v7i0thXRqkhW0FHXjkvKqus5q4sq/RFeglEKHvoLfuwK1EoXiYSL6oUS+3xDjTVAqo87LNx8NqD0StCCXYDiLOPWwSi649kmaqU6x4I05x8pF7baYdOCDfnMtJHwk3WpF2teuuNK3i4hQOvBSahLY980YZG3OlsnerTM9HzzVooXUn0b3Pc7HJ/uMXNL5W9Xp/XrkHKefnKg2mE/cmAAAAAAAAAAAAAAAAAAAAAMD9TzH5mIPhpJYT1AQs6+vqJQdNjbGShVMvDKZ61JZK+JA0901wo4tU3EfWt24XaKWEUJLHqPIlqoNH9jchqyULTmrgkmvQ3z9TiaS7uoA8ApotQChLPVS1YZoT+XEKaUzjeZrG7J6gmTuC6lpSicZq8DsPbr4oZmeQGjl2vxPuup4bQRxqALeYBqg0ppFAFAcB7kLT6qVhjhp6gcgkVIBCFgTWMvUa9qfJFrWuhWyOvpqsJOloDi/zlG1OJKXOmCPGkzSJVOhThEahROClbnduoVZxwa3w4mrChotj+w51YoFgg+BiAaoNKaR2+ksHdq16aaMG+ySukz/Y7b3ihzm0YfZjrT7ASha2uKu7UR7KpqkJ95ddfM2VNQEL5coRwRE3o0N1JoXtp03lSZKLTnQB5K8pp3/Kqqj5ktZxSBduq5/zaRttpPIDT5pjK/AUNHWUTlSf3baNSMELTRGdZCHDzarbPLA92k2Z9JPavlMYvOWdrGzxkIpREtddqLTWvsxbp//zYDWJli829+t/SS4wWZ+lHdPURWwCHW36VAymak6zroUlfRmn0hjqxxIAAAAAAAAAAAAAAAAAAAAAcCfpApTssXZhqK4h9eXzUHIfdDoHC1hSVX4cDAtaTpdiKMCa7sXelveQZzYRWbsntNFWFtUEeQOiNU5VE/l9fNGYDHMwXzxOYrHZEA0HmaiA++i+98nDrkUJUKPJ7r8hKgvJx5Fy8DSdj/txv0/ZC4BcERKK9UsIG5YQyQuP7aBxGScNORcxT/DoMuk45Xf/SR1EdDz7PkhMWCUkReVBFLjaMSS3molaUJHW5IsHa0wRfwymXDG1ivyYgrmtZHeTKUxBotLzaEw5s44mIGJ/OBZ4l2FsZUzLQ25dECq0FhSc4oOyUHMUUi9wiG5YQk0qDzvjzcpColDUC5ZOyNRJpLYUW+l12hlAdZr2reK2qmPdCZdQ0YStxoS14sRLvpVi+f4xO7kG8ryXv7PYZJzG/ZQzQE2iINIdTEVedeKUBSZ6Ne7HSvVkrLM9HBjcqz2444ZRjS7tqNPMiTUfuGadYYf8HwI3kIq+P7ZXqsjEzK+WC1X9VGi1yF176BdVldYtTXoAAAAAAAAAAAAAAAAAAAAAwO2BavCQVJ2gUcIYaB3uPGRDcErg3+/pKg0hrFK6XKqkZSRSPEzM4sQOJIZJnriHVo0v/iXbtSxkIq7JSKKJSSJKSIH3aRqnKSfVKZklmpalpsB4NLTPVe3AaoOy1R4qBTKVk+0FC6gd8FWVVCLb1b9AcnrIWclJwnYQqvdJKuPPJPF2FpsHzmIT+TqlbHLg3g8b0NGvXvptIG2fprTh1rGUIlE356tTDzcjvwsnc/mpb9KdcElcVtWJImhT9XILrEVVDyRKq9TjJGXFyTSlrBQ7T9P5PHNTMueOtQJIZVvtniWiqOSPPs/5Kla7nSwnKa1lG9Qd17V9irGK19JM9GanbAdEE4OFxeaSDWOI2uu5mXy0ysUVvPndvzelV/IoKNQsPAT5CQAAAAAAAAAAAAAAAAAAAAAPDGr8tEoyJAVEyVDTRBKjvPm/qc/gRQqPVcRZorG1zhJbJNGIhJX6xDM8VGOLgzFsjXHHWEqP9uq9hkPNTmLQrBLVpSOcgsZDS1BVnUsmt2ZhynkhJHcM73maOZ/GJPKMqFkmaGEE03FABdK84e+mL8GMSaxJ1Quk9Maz7RyopxgF1PxBFjS3H0rKjS73hiiQuGlWrzcyYU3+kMQ5eQhSkBwlKj2ZT2Tnh8SrXt8RutGhrfPtSdWTeNC82Jy4zQ/Xb6EMYyhT+5jo5Jj85xIU9UA69Q4L9x+p99qezeuC5Qmbvo7HNO2nnAEqi6TIsuuklS6H2kRgVoStSzX0mOrX288xT5NWcRIXdiyn0u3pvmGXvZ3V6YV8fdhmWx+67H5Bt5iayohrqioK5ilzZLw8f07TCVGfxECjZDgDAAAAAAAAAAAAAAAAAAAAANxZYuiEBvWFeC5uJB72OzmC3AYQF1YioYnja8icGiuJ1u/ERR586LV2j/5axL0E4It+RqUn9XqNW2o3RTBAi+L6pvdOAd4XUmsTNluDECRcPUoGmbTPaTpy7DmHU6l/Yz+EcLoTTOia4U4nnrwi1ChtFxWun8sSityk7dT8NeYkOGTpdlx7FOo08F5vFNjVnuZouyhOprSfJPJu+XSI3QjmiLbmfoUPVdtNskMXxapBoVi9G+rjILNjoE3Ria8mmdNNaqG1PuPClvTlhqvz+ha3l8dcDHpUQ5ZyFqhpGudjP28XU+NsIusikuWRocbJI1laHeF2K064O+yFIZ1ERjsQbrGO5hxrnhvPLBXr4JjbSbFI8nRirtAxoVyqGjZtVzwsmHKZSVkk5a8qgbxq9wAAAAAAAAAAAAAAAAAAAAAA14zFCov/gruSEG8ZXBwQInBjidG7oPRXVnEJF1FIbNxNQmsDcUCo0WaIiDkLUAweGI7icrLLH0MXfpV37NtwcjjMoV/NxkAjzMz7cRw5nWeXhDTJqLE3YyiJJpoytYOxl9e0+MUquNH4OHEzouwpUnSk0uEA9wkiIeIaT7c8Oq2rDB8Y/ERtGpn89yjJdMY05tB9Fp0komK8wiqvcInGJZJ7XC989Kufod73hFbT2ULhukTUhoZVbWJzWLMSHXE6UZecraezTkzDfLEqpFk1y9Ja24mwtZpOl5LdEbpZdg20vj3iZZIFZPPKnTj/yY80aiYuqbNosLjZlCQ9TR1Vk585VvZt0524Oi90Q0L1t85ohMLKc4rDMcso7u7dOyk+eQAAEABJREFUdDrxCrkYmOiOK85SrjYzGyUZXl9DXHcNakuoJ6zuUB6B/ishpenTScwluRcAAAAAAAAAAAAAAAAAAAAA4IFAk0mF7G11S8CxDE1eJjjdRLq5ShmqYYA5kdSsOvpzkDwsJf+LllE+2mb2jZmLGqKnWtDwZ+2QVu3BSjrNQmJpCmJdYbMxkejnOI7Z42QapyQR6/mKIXZJV8K2xqWMQKcKsHqXLUs1nE2mOGHTprhph8pFmhB0q9pph6nrkXsQtHWpmGKOHaeDoqKckcQ1SepoIo1MU5rHQRUnYyjai9CJlq5JOXBVFp4J1GqQQm/FU06R6T7IRTNu5RA8W4gqjTSLiAyInGReiU6iCXG6OtQrorSQbmXVbdOIIdryWzOMrhIufiwPbIolkv7FJ04uyrNVNotsb5Km8/F8f37z5rg/1/mwehb2aLXGrDiJFMq+EmxSiwytNECXBEer7zrpl3AtXjbU2M7nOFxF3lVmS97PGsUK22xftkOXkCpO6o+5JZpczHVU85kkuYtSUnmW/CprZvPZRWrVMfkuycWTl5f2O+YnoBs9AAAAAAAAAAAAAAAAAAAAAOAO0nqcxKIQaAK6dOCuI2YnXCQNoo9gryW6XEQCpHPUsM+s4NHbGrut78zbmcH9JMq5XE6utymWQ0msQ40JwLLNfEJAWMLLkk8nH+fUOfKufZLgqTYvuTlFlNi0VBs3R6bIZaK3ZBiGpjlUjBhaMURqhTh6pok3m3mIGW1cThfEbslQI8vqPZC4jWXPDdDBTC4AcjVQ7r6obSYRnYj2hudAfvIZRG0uG9UZ5cYmri24Jk7pe2/cQIsbfeJx4+gQQxfap1C0RzLwMn1dtSPKn2SCkzwfD6TXqX8v5AMhXFahwGWV0lKa1fftBLXP64DK5DpQAQSpTGoa99P+/Py++8b9+TRNonMQFRiTiYFkVbHJTVQpN1/AbSYmmzVm48Hh/vLg4OUBu/osc7m94Ci6SZce62iIPEczDVEcRHHSqLHWjdw4IRur6VqarZnXmsIVrOoTQnodAAAAAAAAAAAAAAAAAAAAAO48lj9CDomvJ/hM/mJ88Gwzc9ESnzRjjyjJcGIcuApNipZBXo/vNQFVxCHajqLeIEvEECXaSvW7pcDQwLFrKS7VBfV8kQg1c9SsEWMOVE+iNBGFRTUDYHIbFQv/F9GG9alzmuCNoDC1Ipi5B8kD2anLp9OUSv14c+ud4VdUpcrK50MC66k9E8oFmi6GtOWctRRMzZUsngPzkKScUieJu4d/Bh0CTtaqVtSyIWG6OEJPJ/mjnPh0e2MT++appMx9oS2vMYPR+aBmM1mIIzdW8xP9P0kRWu4uHG9w97y2GnhSP0pDj91ZsvYwb828ppw//cg0zWY90zjtb+5vZsVJSqO6mUTdVYKvfqE4nYTW8kTKsiVqAjSrQP+KdJ2iqq4HzRK2E8GUIKXBi+d5RNW0yOhUlv3i7kZxwqrFY5WdWGKdDccRvUa3ZdviqXWf2u5U0Zy0ZlDusZQvEq8pej2asQAAAAAAAAAAAAAAAAAAAAA8sIl9DHozIB1Oe3O+TYsjWRTMR0M0JJE8nuhFcXC/Es+0wLyO3XrwsRxplD6G4nci/gNywnUnpuxgD1MuCjwpXCmB0SQJN5KkzlGVyZiNPDLzQX7dPi5DvB6O7upay2iCSzAWkhCJvcbyy1zHZOcptAqOxlZABiK674aJfKq2xP05qN4qEfWkMhduhSFUMs7UOLtZmoQSYs+fE8sjHnO4XeQmOfA+sqXKSKVZwVvJ9n1DPHMc5nCSncHpmXuaB8FNMF1PqZimFGoJQNhUPab+ma9QAYrOMMrPKFajCwuwHxadXE/EPK4K3RiCdkWVM/1ifn2L35dFU+ZzMt0NUzMaehBliXiaGfE46bV5yYdXlwHfT0NJ/bOu+/QFOzWvt/hFcqXVhNG9qy5cas9Tqzhh5uXtFHzPcGXMMpeTfto/AKWc1pZq4R9DYesQAAAAAAAAAAAAAAAAAAAAAHDn6GQQRAsPjUuxFbIMQzTFSQmJauRW7SJqRh7uyimOHbFpZXSDk9iIUTxU7CWHRbyy7Wq4sP1+IWnAVBPHTGnMipP5gCdRVaSJ1ASkWCJURw5qZDX2qr8bnGxBwRsswdUoxgP5cDLbFxXYsHcx9je72CB2zhnWFvIe+VP15xu1iqKToKbb5uzg5elloRnSScLrqjTJ+Ybm0eDG48TupqaA4KIIar7eXtbB97S6pptxfoabR6lPMKk6h6k4nehk9TxHKjKZv0nCkGR379r4eskhQkV8tZ6dW5qADTaFDVvnPGEQr8/76Ly+he3FbIP1wbEvCtWdcFmHQ9zxcgK5sMyXdpGXNEoL7kUnurtd2whvrRs3APGFFenq1W1IRlaXtMV7viGznjK7l9quUNJ0JdNhsUsGl3shieCn1Z2cQna0gu4EAAAAAAAAAAAAAAAAAAAAgDtNqzi5dWrU0sKB8ia858RxHUlXY/cKO4f6Sny5JmtM3NFE3qrvMuzkt/BL1ouDnWBzAglN1bROCUG96UUwP49pP41TmsbsdSJ5Vdw5JFkeDnET0baEg+F86tpTv1bFSY1jZy8RkwxQ4F43QFd8WBrxtbFidUPpxD6UJS+r0oswRb+Y1iQ7v2R9RbaByWObRSfEbmgieoxLRZCvHX1SS4oJjs/DhVBArqnDzZ4WJHfOH0QK5vuiqoJUvViydiFLS6ToXRQHiKrwcNUPxcZrhVfNOxb0DyuDkzYfSllQZssRlrqWuLp1IyvKn2byo86qsZDGrJ3Kf1IMRZclf5UnRGaG4+5BFG19W9oqqhOlZGhKoZFdXKe8altekacLmaPTSfWcclGZsYvtdGNHM9lJbG8OoXobsdlX6WpMqrwKYZhHvmr05PpBCkmHZ7/5DzXbZLXAAgAAAAAAAAAAAAAAAAAAAADcOa5RdNL6i5QX4El0JzkuqaoMjdSWrArNje1L9kX5YEITCY5LKaRmJ1KgGZxwk1TnYBTSvChCif0P21fpj3ah+lbMf0aexmnMKXWKJsb7Z/k1iEJJBdNLYLgqDnqrgNrX4vUS1WljMvFNffOfaNXKAyysCroBMbWFBZSLOqiIMEwxEnprFmoeUI7TT8ntXsTpxLQxweUO+nwsIN4ocFY950NDcdFlp+Nh/5qNhFV6YQ3jw+4zHNr2WD4d0iEks21Q8ZHKj9RmIntmkORp4V1ynZNF8dmHNTUJbg71jg/JQWrEvT3j6ZC48cyZnw+HTqJEjV3QHYN7XZMM3fqa5bjQWgnFvHmlX0FbZWrdWTk1nZ+n/X083ozz6lbdTjDfjrIemCNZQh32LSbnk8pXxWGasgfSXNi8N6iKQp1skuWiYbUfSo0DEvMVhShLZxAuK6qY2biKzOvqbzhQFlWJSRlS6cIUqIiz2mL6Yl1xokYmabLdQLbF7HwSRakz7xfzBi6yk2BqlKY6aUQ2S9IS57G12dukJNMz0ued6Q+hOAEAAAAAAAAAAAAAAAAAAADgAcZmNJS3UnO00pDQa008apnj8Zr8YHChCZXoZNAwI2u0WQP7JRMI+dv7Rb6gKWbE44SG4KlfUklRErKrRRg1pu/ZYXjR8tZ1I6ersVfqh8aEgrJgYFCXjhx1HVMap2xtknPrTPlrEgUNudhF2x01HEo1Ls7lF4+nFwHNKhA+j1EUGYKMB5fsLZarRsUhbbYX6lNK2GjOd4a4eBah8WjwbhJ3wyHj1TdI5A5RHk91nZmvyd1P+YPVviDkKHuOTXsHKbQZSGo0uRkAH2gTtDSXFW0HJ/PsoOVPx0m1CtcwNEIT67eF0Ccy5YP51eh4lJHRDE3muxNiIldxkLqeZCmJ+LpYQqcSDxcvBormxcC7Estf6KHK123BxCLQXzl0kuoht6WU5dEqNl5/rE02ZCuqjWDViYzjuJ8X9j4ylXVBRRbnK4NtaYt0TrJ66SzIepNsfTQFbgq3O2TYY2fLEY7oY24JVZ/ckvxitVeuj8JaJRVdV6hFhGYC1m0oWdoh9x1q/+1wtZ1oU9qq/D7ZhWSZzN/WLj0BAAAAAAAAAAAAAAAAAAAAAPC6y9HwKTWIO4mrMbj9K3g8kbv388kUBPZnjvPGbHai4hXiLUcTcUNZa19WTe7UMuJDoJFNC9GLC4L5WCQWpckckx7Hc5ZD8bDYKvbQKJwUYmaxQmBTPWSFApsGgqpZgpBCOBJorVlctPJe4bCokcPBKHVU4xMNZXtiHfHsSF5PSsQceqeJZdh7WTz5J3cNOf3g0phTTDk2+YAVqrKoEEryoNo4LvOjWEnYrLRvQizdWjXRftrp/C6B+fUjoVV6HS/09ID6xqNsfGnC6y+0obiZ58M0jSHt9+fn8595WfsTlv9r2qMNgyHdzPKRWHakbHOSTIbE7CZBnfYi3C6hye2lFYMV2m5E6a2KTnSGb2+47oHU/WqStO0ZvtTlefYvquo3vszqAAAAAAAAAAAAAAAAAAAAAAA8sGgSIizPt19Va2LR9i7gzt3FvejEQvMiIdGvQ85ikyUnQ4yDnF3oKpi3g7wbBi0mpCg3N59Vi0JzLJkla4rKTRKn82k/8Xy2tDnwQk+yFQJ135Nj4VGJVFsqD09SY0KTttnMXQB8IS4pZYWtyO8hO4CDOYgkqYXG65OYweTsQtmlICk5u47YEBSaQsMtwteuk+gC1OTfqvRE6ltPi/arC6VWZdNFiphdWAlNDnTvlJHb0BM5yUouIpqNcaRFIbfOla0mxNWCma/bc8V3psWirmqhfGrKdj3jfn9+c7/fz60YYmPoY3tO1DUuEjfNBxOpSLGazaKIU8itUorxR3T5iV6uvh3xNptzVN+RC65b3qUH7ZyJbXotv0vsmFh3ds2qY7d1wsHQlqaWQfKsc0auA40jnQxNkh/xj5KtLttF9fZNTU/hdgIAAAAAAAAAAAAAAAAAAADAA4jj8bsa77PQtp0OnjxBgrVUTE7YbU6qvURKjQWDHiT2FApWuN7lpQxSTqS4I0mvo4FOiV1Onj5GS0sihNgwQVn0kbvIL5vHATHZtyl3JStOpnE8nz9DmjThSwnCSscTHTUdOTiesR3M+WMK7YCYlIXNZcQGhFfaBk9V0Xdt8XXhGKAVULm4HYQ23OyKExG3qJHDpLITaW+SR5Z4DNdq4tAKay4u9IJIc3Qzl7BWFYXWkSJELlY3+S9KanaTw9wWvme7WGdNChe3rA78buN3iZSHA5F+bUS4KovVtVX19XKLBV7b7NkotWpsyppSR5t8kMacFicn05J9Y4imGJGpo7IkWkxEcuefcqLMsap9a4R1tm6LLc79po64cFA39GrW4MawhNx3yW/qFFYkW30k152klFrRSV3MmzNEtShhWx9nTiYkqc5Kdip3S2lXjbnLQHYCAAAAAAAAAAAAAAAAAAAAwOsCbRS7ROlLUDW/l96oRvRN+FSCsFQimLwoKoXu1Xq9PgZ3SYsQP4wAABAASURBVAlhGIasSMmJHMTwRNMrrF1MpAZ2FxDezq1jGpPEkkhHRQTcaA7kYA5F78f83ziNo5h9aF/Yw6QpdzYsYrcHIr1NhLpDY6mu9uBmHGpaj8B8iai8WpJsp7g50ApuD+uY2Til5HYmpnHhIrlgj0XXob61wO81ilcaNuLapnAKph9pLUzaOdDPdvOecX2SZu1Z1qTKqYWZzm6t8xC10ME5Wko71q3LR9kvvGV5wUnP41aD/US346lvkkgetwnU0pTtjDjZjmMTmMzohDTFV5kVtqZE8VYcciylDpvSze7r5g3rfAhHn/UlWMtWNorlix+L6+c2iuLGQ6ld16tqRBeoQyK6k+J0UjvLRZzYaVU2Vo+d9wO7qmyD3pi+NFcXBgAAAAAAAAAAAAAAAAAAAADAHedSgTt/ob3ab+iL6NEtRorXSPTvUgcdCmRTwUOIJZSp5wYacnxTFCdW36IolYDQOua7IfUIxbsim3lId8w9xTLLnI/78/1+P+7ncLLm85FcD9Wc4vQI8sJNpGkGaYRWI7VcZTxVCZE0987JUHV28DNtiPwCOLhcQkxrWK1r5hbM4XlT2oRkP4apN4DQ53ahBchpbE6Tq0SWt1Q+VV+SFSISFW9yJgVTHuRpIEFu8iA4uzoqFZVS6tQlHpp3FxPHnE5kLg5+EPwkBXNu0LHbzjXjc66e6aP47bXWwUVg3g/ipvSEtrJVHVmuzS3ETK6fOnQxE90RZUA/RGqVMc/dKSfWmfbn07y8UyJZ9D6DyxZkU6EpIVt6DMNAIoWz9SHFyergpEIK35h8x6PLiMYuoH2UXCuixQXiQlR34e2haTZQavLZqHtSa9ayvDGwak2S5L7Z7Ya8TdcBsV016D8OXmBqp6t9eO3zuIZBBT7yHGJpjjyKOB/mIXaxV6gWQUR3YlYBAAAAAAAAAAAAAAAAAAAAADZZaCkW0o3QxDftffjQyT5irzWp0U9yQw+KpZzgYVP1MpljitQgKRuoeKUEEaDwFNRFoA2XsiWLyXVIhozExOsg7BotYGze4+c0iWAl5oD0ON67v9ff2vfgaA6thiIO0B4uQrOLKLAasgSN3uuJEHPWHpeX5Ow1gVudgMoc9GL24CqHjZQpJMOy6FeOoW91v32sREsRDLshgWpLJqllkAc0pmJ0Yk1N8wBosiMq0h8rhsLl5DgLzL/mwK+HipUYeXvZ+sZ2DmhPS/oUH2qbSebOwEHmqifWMbVCL3TiIhbh0oA8I+KqATuZ67WTOq+4tpe4TRmywaFfmjIu5qQgfVnAJz5FnfDNAR+oOrRSjPsJ6lamJcKZV980pmk/7u+bP+eveUrnWdTLbsqNZlNCcbBUMosxZG6v84r1lC3p6irSai+unGqn31+2LzhJjUH1gJ3VRWXlN3oXXetFSNSLk9q9xrettrzVJNEzss+3LS9OJ1xbsmweb4gKAQAAAAAAAAAAAAAAAAAAAAB3CBdgHIk2b0pSFItWB1Uj9AleTL4x1XtbYUQoeXSMQbQUckZ0Hn6WuHvDP7j+Q5UsqVEXrC0A+l56kga/VmPB4mCRFSfn4761K2Dr2XZRh6oovWsDo6lVLVS9hv3tXbCobpUy6Ij1Y1460raLtpJvbJxsm+fHWrtkCsnjOvmwaDNZTSLU70Puo62O32IA+NiQ9sFqPvne9XVM9XKf9RslMHe/sPe5xOeL7KiRlKxKUKcTyxhVoVVtBxUZtrK8Hcfx5UGrQqixiNiW8FDREVxON0TNw9nsQvmJT39Ml2LdnV5plHQ+0zylU1acTPvzMducTJRP2iazanwKtn4sW1gc1LSGPOWUGgEtZRR0uFW3TlEFhcO1tOq/cKgZFEI4JsozxRyVa+V88yxNMBgOlM3bu4zPlqm/nNiyTZVmz8dTf3FRhN2/0iUAAAAAAAAAAAAAAAAAAAAAwGloRFzTI5yWJYXKu+h6b7TsNyI7cUHHHEWU3AjsXh8aVdQcJvnvmL0hsuWJv+YuShMNBJvWQ2Ph2WSg1J2KEYVclJo36BfKmHV8Vm/hxmMkSW6IcQ5Ic5qmnH2jeoSQyU1OiR/rXampjmRw1I+FWSQbJgmQcC2ZEQC76qU21SUcLn/ZaAGHjSQq3QXMC9OKjcvInGxStTtQbUzMB+7wEXLoN6n4RJxOzBVEn+c1hNePqirWggYO4UoKFzJTl7YoLqX1spC+OVmdkEgMM/SpURlO+YiH4u+mVDhsyXCwHwslxBENQSvFMpWQL7nsShN3oWoR1lH/A1Wf9lQ7N4qD15QLYh7F6xMNVOVWgfpjSpYQKsz/j5zX934cx/yN1RcohX6zMHsSm3Tzr4O6L+mOk9KUf05h/jtxXbP1+creZkI2T6VkG6WWcAurZb270dEcOuGE0qzXauvkqXl0YNuy65KTrXsYhjgM5Go42exUp9JZKZVxLGVsYvfIILPsKLpz2q5YtVAb3e1VjAAAAAAAAAAAAAAAAAAAAACA1wFyYhdLG0HqHFFSvZRYvcXBJcifUs1fQXKPRuwH0ZqEkreC3N5EaRwblvYBLl6pIWdtCXeXFclFG36tghXPgDElnqPR+zQltS6IVoxHY/u+h4OsxTrZRsVcLTTPRjSBx3xAjfFJ7IKmpiZp4768IU2Y4+dFi0J9YqPQKE427U/0HmnLJCF0yU+U8+tM3tZ8kCTE7tdbYDqSeWJM3uHqA3PFePrB8HjxFzmuR6lf1yHpQKvrqzWJfvBKWFTrtacnxg/RZBzNoB6eDmwPdbcKit+OCLktBPdg6ZxUyiTg42l8wtWeH9+eHl2dlfWHDE6e4FOapqwwy8s86SKTJVRTQ1VXIlOndetK9VhV4lPmUbUWoUaxUhrE5RLZXq4+XHxtCWXIbJia/XFtksPNZ3NSfV+y6CTP7CYFF20lZrJSL5p3Il8xsRObzK7Ip+rcjs0eV/e7W1e9AQAAAAAAAAAAAAAAAAAAAABuJ5uBTj0XA8U+n0NwzUQ59tBtNF8NSVcxqOhE9CvqdBIkNik5dVw1Im/Vu5lC3wbS9+DttznyuRSm9FqGYnPCTaQ1y0wC78dxCllyMll4ePnC/ikciXqa/IZMIiJDk9tbFDJUpTNqvMFrkUmJ/7bdXAzKEb+TckEzJmopkAPpYr6QtJmiEMrPJBTlkDYqVL+OA5Hla4ZDuP5Ct2rxySHfW/2MR76DDcFVPBV2bi4SrHifnBfdSJtiju24ftAUJX0PFtfkeXBEMmXXhHCpqU+H2rloXX9L2wOb/NdkVrGaM56oKnefdcdIxBPZbkDik9SkraG1ZsXoNUlqwOTn2asxhxhPzdPsRSF0W+Sy3deyfo49/+VVITTqmW10I1yclORnUXQnuqH3Ej8VPLlhEq/qDGtxngxN7CeGbklFSpWFQrYRAQAAAAAAAAAAAAAAAAAAAAAe2Cxebu/ee29C0vYZ7M1zLulGuITpLRQbTKsgH5FS9sfINw8xitOJpNcpHifsXikePyV2PwoneUM9+Utwo4q1z0XTFO+CqgeSKk7SlFPqiGKlSdCTg6qX1TtsXW7uElndwpZPiFUrw1VlUsLuwV/yN73NouDT1ApHcrAEH9dWiRNcVmFSGFOcFI+B5r4SLmeyjDpc/Wv8spoHowmB1y50qpmmFbzVq24YLs1qAA9dkJOKuJdCMwdCk4iHyyiZVOiUR2HsOC08VDYaUZyCjiBzNy1y7gRTeLVrrS3eVWCpHGsD4roZZdr1ipBTOD4O1F+nm8XgJ8r8uDirV6qXqI1PSRJUc1otbtH1lCZ2dUTiNIYwUZgiddezJPuyMcgiCBOg7LKlB3kVyUVXeVGXpDtlT5R8O9ncKGRRmW9NNr8PdLAus9g23xPXhHZdUdkrGh1Z6PqxHO72rG+CiZvMW0mVIiYZCavmLf41SDnXUFSFSJ7ZWQ4iCc58Q4hcJCcuaolZmpNsM5RCPTMRq9rQcqVxqS/p6pumSfbqPOz6RKgaB5ngiW5hkwAAAAAAAAAAAAAAAAAAAAAAXBfydr7FCCdTeUgI3uQQmWhGHByHgSSQGj0CXpI1BAkoajxQI5ptLfNlN3Y71ZdECRcOFBOxZtdhM/gQ84BeaZLUj2AOOUYJTXJ2KDGxRCiajcANmrOmhCiLx8lc0ThOmTRHNCXSKT+lInLwaG8Xpb8YsiZI6DWHnRP50EZyzwPJ6yGF5m5E1QJE2nW5PijYVUFD0tTlRYnaXNVAVHOL+YLELj7gENswcxWs5J8111EKtQS1JpiCejNMTbelndydCO4ZE6o0x6LAVQHUWnvUT27sDJaDW2LvJRouEfYS5Hc9UomMJ1Pw1I5SV17YyklEi9g/ifGFOdzEYOIbFwuUh0Ch6UgVCR3RSbD/uAsHDEuaJtmpcBSqbhl2gntLn8auxSdyWxG3VW3XtZAsXZP7yLqgodEN6KcqH05daluUPaApuKmfJU/UNI4pL/xUUiSVSVKFI0V4M6+iQVOA2WQlWypqDpS3yq7S2o5GwkN5pRLHg2Pp7Qh1qVlBVRbVXH2wiOb58tZ17EOReHlB2RnrdVYZhbVOKotOstWJz5N04R7J878pZLuYrWVfybbQRY+nw+v/6KQmqQ677s2mtZVmq/EaZyoAAAAAAAAAAAAAAAAAAAAA4JZRuxIqLiJBZR4l2K4pVuT9clGKtO/B9yqQ0ERyxUZAcjJIEDdK6HKQeK6UrHYpFqYV+cUqjMjiz2B+E0XA4OHdJvJbw5Q1FC1vz0uX0uSoLMTimc0AVIuLGuLnixM7NHKKPCxRX/lvhQnJQ9F8YNRNsKISnuCuJ6Z9GEJRC8iopb5NtNASFMmMW9FIXNk6a3YDkwhaxJhgNG8CHSQ2AYCPsz2O6oTQyD1K+4NrZTpFQX+wfKomnODWV6VQBEN+M7eSghPizHzkB1qc4CJi8mB3VTCoJiXY4/DOHg13l/O7cK1cKj+L5n/xxXvxgJ0wy+88LjxY/9B8Giqx0imd0jhO83/jxNNUU3g1Uhsf26TyN037lRV2qufSEnWVpNRcX6sLmw0OFBp7KG4Mo27vgK+UN2suoajTVRNp2A2qxUnJnJEupvcyKg4oy+Zx8A1ZVYLVgWi1b/g/Qy4ZCgAAAAAAAAAAAAAAAAAAAACAO4oKNfQjZ5nI2SE684ngOUCqIwBz5yxQr/ZDtntnBlK1Ce3iELPcxLIiZO2JOIHMX9W8hDY1GW7loC0Mxf+izQDjHVHFjCV5ofaN+Yy6nEycpmJKEBYKilsgj0OUmusInBJZ5qYzqQRfuT3NXbQ68DEDhCIx6EPbbhsQXF+SNBzvQztZep0c5bUELCWs64H4W+ekSH39uR+96gtx2XpKZVW4Qs0MrmUmNulPndBdMyhQd/1xdpdo3YUQN/XGcCB+b9fmkbo4a8/rEO4XRI1dzVr0wI0+rbj05ERaSSUn00RctGp6S1SxF3vSGZ0lMYsrBtn1XJWihXUDztVehFwF5yu2nSTLhDh+3Ja2+Lrq/mndB26TAAAQAElEQVRzphNqncrxqkuBIsLZxbgrO4tOwFMq2qqizk8ZXt+01Mhpq1Ru92pqTgMAAAAAAAAAAAAAAAAAAAAA7jSeS4Ep9aFsal0AQonMlq9heaQ3+QG5x4kk0ZmDuEM+U6ON+ZtUHCWmvsyxwU0ct8kpsxkhZQqNR4tZYyS7Pmm3JknNk/+owobchsAkMiZWOZ3UWXpohhoORR9TxSeLbtWTdTD9I/kDSKafYWpkNes2LOPRNUNRKIoVT59UpDtSSZhseILZFog3ywUB6GulNdBZ0ioDqhNJ+XV1cJzuejazC/UuWbi2sFW0sEMxhxX/9aSsHpuiEzpo13G08eUmXwLZcSNsLAZyj5O8uhrtmN4b6FI1P4AokzksJB1bV7KszXk+TynlXFrjfj+NYzb1YU0MVqcde36weXfQocvblShO2IVjqtNSj5NQl1yzXbAYB6XSsG7+8IYzyvLBHdUPXTQu1AjdrDsLB6fNO33b6/eLjfJllGJUFU6jNzmN9t+MA92p6p1sr2VZvmqDfKe+3zYmAAAAAAAAAAAAAAAAAAAAAMAl0YQiopeg0GbGCdHz4PSXN2FH+7BoLEkCnZyAx/PpDBLFVQGKF0UWlY1ecInjphrVTZqxhTsxxJbsompT/DOVrC3JwsWmO8lJN7wYjQVTU/9lFQxWfSi2CqIG0MB066ShLaT6lfqLzZjBRTMc1IfEQ+xbhh8aLLYhtYGtfgp+Ww0NS7ycRVij7ibqE8FzSD6ZLw1r7HozRH5dkLvZmDZo09FgFc7m9fHCeYW3Dn1syUUj9RGwHZN0u1jjlLuqi0Wt0WbIcblDy/U5neiy8seZBRJqqdPIw1Z2Gu5KFE6a172c4qrcNkWLZm9qVG7560ZrbTHqghKtSPY42U9TtjmZ94Do2jQdnRB92VteKxFWZEuPs0ADNzvFQmmhZVOTqMc0TBd35GIByrG7lgoz/XW5Hg5mfvLSqgpEz4SLmQcliGDw1MQ6Wn5s7JK0acs9P7QXLIZar0iSoS2UftW8UX+q7HwAAAAAAAAAAAAAAAAAAAAAeB2lVZB0IobqmEAaCrTrQ7bI0Ds1VU6JD8YcHJScFESaniIjMcKsOxFHE72SSrCzfcm9aVJt2yoiWvQldqWHNZM6eKTkdhT5wkkEJ6P8It3JEpiUiF0iE64wYovvntOHg9uSmNKh6V2jOFkUVZQ77EqIZOFZG3lLOFFqIyrhW7dmiGvVRZbXpIUUppidJJWeJLF+aX0ZNsfDarw2RUE0xQmL8wZ19htsLi/LJtiv3bcFG1IVbn5gu7P104ltKimzx7GJ3A2oKh4aXUc42ILmp91mH+zS6v0Qt0P/RcQgHg9FSFRJVTm1alFsQ/t8fY+uYbF4TjW+WAksmI5dvD63mBu8cY/KttKUrU2maRpnpoXZhsnj6iLNo5TTf4nkxCw9vIaihCjnyDc+kva4pE0vmPSuQ5tLu7uV8toLyK1BqEvHE47QLoz1mHVaE25W34GyVIdlNlSySIdhJ25VJNtpatpfpU5ZvpZk+207mLrZR6YXsWZW/ZwMl0gD9cbAqbY9ln+HqqSKkkhO0qnzDgAAAAAAAAAAAAAAAAAAAABwu0hTCchSzn9j2pESyLaX6UtQtQYr1RlFMuboS+ckKRiGHJ1USwFJrxM0gptPkStOqLeTKEHKUlUKtS7LgGGXiI5EL9Lbp1qC6Sm8hJmRNQ4aqq0G5ewZwfPXaLWxdChQ6CPj28FZC4D6xWJUMlWJDLF3jtsocONHkDzqSmZDYi1J3trkKVSyrCC4XmcRj6amZBFveMw2TB4dppp1yLMMmU9DKveWvi7FMvK01gOwNju4WL7D0ePZITSjqj2c50l1oKlP29oU7NH4mYU6I4RiU+JnqpFDfy0VAYrExic9tgcYOjEAV53KZlFL1vYPVXTSuo+E5ZSibdFJ/couMzK5lR1tT0tq4vpWeCNACYe4rPyK+lxYHMJRc43myqurBHrNR6+WqpfkP5Nkyxl52qdxn9IY8pOWZVRkDrLydDmJHo7Uiqno5FzwVfJ6pbYZ1MwG5lZxsjUER61N+IAmqFecNLqiRqmia740hrfKotWOFlbCF+oXuWzcpueQbTsGn1q8oZipJN+6G0Ffp/VZta12qa4NH871CJDuhEHbE64+lQAAAAAAAAAAAAAAAAAAAAAA10o1NQlUs+loSC92wXZ2/YaHHvV2uXAjmY6HbzUhAhfFib8e78Vuvq/ugV4LpbL7iWhgObkOgZs46CRCDZGZ5HOpCc5LPLlG35O97G8R5GD9otPCmKb/KGPgfxo7hRBqYWRR1aJ48BstaYg5EJgSQpPgmBJF3QRUTNN6z7THVlw0M4xEizh4CefKgCRVxvBavFI1M00vmwIuGpRjBiCteIVcOCEypdr8HKxm15C0UXymXnXSlHqoNr2L2xNZ15JMVORPMBUZx8HCy2wNx/u3HqXW6aQR9qysPkSyQZ4r5GDuEp8PadMchGoJtFnvbYAPHJf5tBAD3WJFq8e0XXay6Z0ktU7OrTPJQkvZfym6u0nNqxXdbGZu7BDyDraj3nvHF6judux3hoUWSi+m5sYrd78x1SE+bEmy9k06Up8vb1qoq2pdq+L1X4AQTPDB3uGFKK82sjeDIVtym72j9npTkHBoG9ZUIZIhu0v/fSHmcNpmDQAAAAAAAAAAAAAAAAAAAAC4vbh+weL/zTvqEvubUgkpeoBebTxMkqDx2jmYezbsRHaiuhPXmjTFXWQV0bzkTkHzwRCJGoREQMCqNQmWI6a00EOn4nGSUiixeZdMWL/6Di/qjZaF5MJIZvVXqPYkPFUdB22LExadpybAap2qAdvUOL5slORak2FZj3dZkossbtevMjh0uI9UPl0oEq4DWggh5gfsZiJzZ5v4fpG5hNDomjgc8jSgQyeLuYPFvIvIpUpw2iKq1ijqZFpUd3Fuky2hx27j0lVGFTWrsA4erIeLpsG7wa4x6JVHd5pO5nRbyr7gd1V7Ze3ZNM5/5rWZ9xBXiuhs0NEylxBxafKNSmVzQ6NHI3ZfpSrDaOoTl5GSfIcvbuRlWMrKjvW79it4O2L/66Jp3Cg8yEek+dVUJvPJeTx2u534wfg62nrCfC3GI0tFlvwrEFUiGMxzRZpnLYfyBAAAAAAAAAAAAAAAAAAAAIAHACTKjKhpcByNISbNllASz0g8njzBQZabUAwerJXooKo6YpORYRWh7PIu1Opct5HDvKlcSCF5lD25/qBITfwWK6/ITZiaipo3+0PRe0iYNS3MN05FxCXVecKGp3nL34pbv+VftTJ6QFkoozIasiZNVoE5E5jBgBXsofHoCZBcCCQuKa6Z0bFSoxdivUxkPN2T8Litpucg9igzmUHFVrD71kK8C2MGUgFPjVbTQhESrtaAck0KWw4c5SmEJgdS82u49HzYZneR+uJS2oyqrzINhI5em3hlJai6FhnAZbk9AhhZSheVXB6vbCHTNO6znizOXyP7qqeSYUdMS0RtFmQ1yf6lOXioNfDgC6rk2rCFnO3QrVTyct0eVK9XZVtrwR/XZmyXwKpCzNNsGIYbN26IEjAVKVvWAyYXq3AzBE2pl+7gYWlZMfKhZbqvOzHFAQAAAAAAAAAAAAAAAAAAAAANOVuBKE40fm2xbYtue9yQPSUC6fvzZN4AMWo+nWhlxGWaj8Q1zhtKGgcyfwdaJmpInYYkCykS1Z/kjLh4hE5xIgeSV8eNUopJwKF0Jcyr9AxbUpjte11i4tWRBUajWLKomINCF4ntbq890mRALqDhPhgtogziGExXQMWPQUbbysqil/zjXFKpYkxTSjYgGkrPx4E9W04REZmGocuwodKTw/F9ptB54VwO6sw+8ijVZrctKXVsVHFUe1A8KkxP4CW4lsbmU9jQo9CihqvEs5u27W7B+IMPnOQ2wL8QDfRyk9si/biTXKg4UQmWSiJsQ5hItpR5BaRErtWJJlzQ5ZXXV9bMxSEGy7Pjsh6zB8pai4VcymtkzTcWmukaXOtz4QOwPeqwNqish25hbF7ZHLSSK7Ly+eBa8pas5GhB9DoyMLtdHIZxGu0fBnV32SopuQdV8WjhtdhlOZTmXGWyOBUC5qcSvCBLUpRLs2ZWdeTBZFQAAAAAAAAAAAAAAAAAAAAAgPuLOdi6SjiT0UhgdJ1CaIKkQzbbmOOQ+e9B9SribJKPNANCyMHDGA5GXrW2opPQgGNJAWMnVboxX0QavuRy2ZRSE1otEhkNMFuBJZprgX+iPlC6/br8cRWFawjE7oVofbHXHuK6mKKP0WbXqDYfjAWLxww1aY+yrkdVQirYKY4poSmHQlumq3DcIsY+Yh45k8uwN52Ph8rT1bUY2pLQmIqQ2i+0w7gZWJ9PptM0FLwI9hdbkGBWDxrPpk6L0qqk/L7m08pjN4+4DDuqdhPLHpYOtTqjRoPAwSVCxeIkZ45KC7lJdMFADKwuHfeT3OSQEIia366jHdxqD0I7UOvabdzmYRqn/X7an4c0zsc6tec1Ux63KSdk9Ew0Fuw3n44mQUrTJAOagkotQlGjmMClPiuSrFFZJ0eec8d2VV61NDRCk/UorSUmVXmxuqH4jpTfIi1VL2SbeSqLvZmZOnR+aJ0nHZmZsyGj+0uqWhzzTpEDKjtZ2wVv3KJ/rZmRSoR0KMUvSlOk5Yw+ea1GV7fJPyv5JtMEhZSK9OXSqjcAAAAAAAAAAAAAAAAAAAAAwDWjepGSuSN4FLBEFlVwEnPIjwb1LRH1wxBVAjEUzQplS4FsGxCyQGHScGAkKuYeFnKkpbZDIppZXJLjrTH7cMwxx4nNR8Cju64h4FKcKE40Ki05f0iDwZbRxzUy2s2wUA1QGw1ORbeyCgJLu7wgLVGb6N/jUmGiw8EumymiBf1RRTNT4iYwa3Fq0RW4SMFGlTSPjshNzOWEQiuyYfUw6eUs+pMZoQQdxeDBaH+mUbUMjRrHYtYLSkSavM/VVMWD6lzEHYGqM0ENaHcxafdcidwMY9C2+hDqaVXMMB8UuviDCF3sPRclrbKGDNxc5zPJrpW+NOHyOfK9mBwrqmCA6hjUTD3eiJ1nXCo/1pvqlAproZP2pcm3ZIoTm6XuHRRdGxGpHl8Hp6hrFgmsbhf14bY6DFo+HNIVIxN/Gvc39+f3pemcwjgPfSQvIO9grNY6eWHFWAQs6tYkZidF80G6KTEXsyVdz3ZQ1lzVC5E5dNTntyXlq00ufTsw14rUJgS6wOnEp78qqmoGoeBN90lGVZKy0LWQaXEaLVbe22TbSXWT0XsbwYp3ohbilcog+kyXA/9GpTR3IdL9kMtWrJoScoctr0W8q5oqAgAAAAAAAAAAAAAAAAAAAADggUHJ4xBCaDQIpG+/z5HUIStOxGUjZzlgszfJX6NEBYtWwUQn3L5Cf5RJM2GE0JgDyCvvYmcSW4eSJkwqihMLUlKJgnpAk0JxGWji/atsJEX9wp3qpruGj1BDhQAAEABJREFUG5cLy8/CFruV8clCkFTHqzTU3sR3exh5mV8qSJyT33hoNTK3aSi0NRrvJUlXJM8miJonq2rcCsNqkBw9clNq3vxnF00kK7QRZkjzZKQtXL6ltOkoOopWOdH8qN3iqjEh6i8rIWmztImupuBFqV2VRZKh/T3cxL7Lnbonn4/WTTXu8afcOoy01YrRDvFFygtqRzO09VZ2PsTxyDpoWpBa4Uhpn1pM5CxMskY8cYmpTCwmf2eC77dbcXKQlZmLKhrSNI3T+c39zZv78/P5W3Rvno6aecsEUsMwZNum3W5ecCp/qxK0UHR4cnn5qyqpuqGfZ3bxYIp0sPLQz7zi4xRCILpAX7LJejoWTlFmFEMRrjIRMnkdDeKyM5VtpKjLSvkdftmyFyYUck8h0t3Q3FVskddsRX472b9MuhpkdGm9+wAAAAAAAAAAAAAAAAAAAAAA7iRtVoT2q4Qgo+gqcugxO6KQik5UjTJIphdN9VIijLG8x86B1pH76qSSDyb5TB7hZbL6J1eczKVMzWvtepjUfkBEH+w/FcFFG4b0N+aXoUkuyR0aZYaZk6RehVAzXWi0tL5zL2ks8j0pbIxpkHf3A4XGoCUfZ9+RRJbwRo5FHtEOj4bEzeckC3zI7AbaOG++l1SMEEyV0Pya3Dumk+l02hJi8xUhk8TQ4QAuHY/uWoP92zJiXuwPVHESmifeRsi7B2d6oXAhdQ7IR3mCueg4VKsIDac3EXjup32jK7o2djXTzYaMYO0VsS1ekZA/p6k+PVWcdEH9Oyb/uON4gq78/5SmcRr30zTK5G4WJjUD7K4kSbVM89a2GyRVmLuV+NKQfUb2pcsMbzztatrKznVZePX1QsVJ6hVmRdtE1G0ALHq/MizNftHc65WqLmqpbNumUVaVDdhaWjZ6bZhVUna+JjHPYu0AAAAAAAAAAAAAAAAAAAAAAO4o7Wv9aqsRQkn/oeKHIcZB0lMMpoUIanMyn1ePE/fzqMTmDK9qs2QNokLw99xdliGJdUROkT8peNoHKc31KPpevGW7EI0HbShOlD4KzM2foHYpVphe28aCVRYRw4I+eN2+998ERDsTBE12I13TnonRSCu5KO4ytIgJk4ZdS5oJ9qJyaZONX1o1wAtMfbs3ArXeYJOWrIPGdGux8aOxdV4Uz/V085VWF3Tt00fGyX/XqLU6uOjzJQuOE29okLSMcGu9DOsm7mpvPHK/ulCf68GqNZxvCWHUB8gS66zr5GxH9KeWzVFKzYGOT37kMTuc8MqzKKjuyrcl8uUg0oqsqLNpRJbrxZ07mha0lCw0V9OOLO6iDa3WSbIKOr42LtMiWzPBtlOR4oixVUqbG0Ptuym+6nCd1vZqGaP313upucLrCq4grCY11yHcAQAAAAAAAAAAAAAAAAAAAADcImxOISqwoDbMJ7lz4i7GOSg7SIYXFaDIW/Ck9hsSUafYZzyQAGGsmU7kR0nRkC/PugtzJWG15QhuWZGFFPN1bLoK8RGRQLBakmgaiuCGGVqfprlZBEWPRD0t6mx5IGpSCGtqDMuIMJUBWReSyndTbZi5hSkgLPOLmJqIE4NKahYt2oycUn3Dn2quCa4yhGof4sfiVsDhoIqBDw2Kd03j6KtfD17f2A94A0K1EglXDINfIYxOKmNykYcLC9jNVLjMS95wHeFbjddvswttAw/CdUYGHTY1qLGUK+wCikg7k0ycqEf404OmqmrmaCZpapZGNzbytM9CrDTyoWdqmgXdyoIo56LOXPs1NPYbfEAwZbZA1benuJssjmmlJtkssC6e2uPDi9XESnpVPXMrFKeTovvI+3x2gNmV3VavIV3j3Kwqrhl2gvtNDRfYvdiGbru6qftyVaTJzEr/5Z8HeVr9JqWttAxrAAAAAAAAAAAAAAAAAAAAAIA7CZdX9kOT2UXyGgxqZ5J1JxSzgQANGqyNJkCRy6IJSLoytyqSzxSK7USOYiYPuqvyJU1hYvNBSS5fkYCzhnnFrCIbPZh0g1xCkJqgLcdtP4/kr9VzKIYr7rNScjuIlEXlC9RoK0JVU1ienSZEa0qdVEQPbOl1VA7DHqIWe5KmhJwTx9L3kD+EYmkiHiexpL8IHgNXXY5WlNOuuLcHe7hcujSFsHTvaBQhouOJjWFLWB0uWegcSlw+NuX3ZXAXYD9kSdCeZfLG+S/iZbARV7awO1VrBnExMdGM/EqSXcjNEPzZHApRt6qUGC5gEfFXok6d5uxuY0CXo1CEJtydEdTrZ6FIaELvF7bzDnNbXCi0yCo/YHnA8ypIadqPmfP5/6BnmjGqaWJyYjBKKhOLcXd21qo9isFSb3NSdBbB5rVnimpJF/W3yMRCLzShfp6c6LrDK1nX2vnDnUh42Z0eX2a2fvIOH4dht5t3IDaBYAhh2Sx2BaBuqMG3rXBRwxffuMpWZAxFRhdtG4zRPWrseddep3BSdQAAAAAAAAAAAAAAAAAAAACA+wMJ70mEtuoecvacmFPqZGMAMTvJapPmpXO7jgI1eRUsXUgK6+in58SRCzmnPjFDELHuyJ+jhDAnDXR6GJSboGzyCP1mtJFrEN+kATWWTxIepVA0JtKYxAt1RDlcaihKHxuvDL+kuCN49WaxwR4inauZEk+pzdxTxTbrGHCgDYsEjcma/YUNJpe0RO2VpW3UZfDRcG47VLyuWVVBfRz8YGC3k4yI501qn3wfAU+rjCKNp0Q9UEFJjZaH7RA8l0nF3nSuyhINZYfkGqL5WyTuO8KL41sOX3cTLotOjkfEy69clCVcHnx+xtPEaV0FNSqx1z1WzT6Q7+hwAfJporF5vskqS2k8n8YxTfuU9lmJZf4ZzIv6RDgxyRKeN7TdzNlZ/ZWrZ0eyJFi0aKLvY/VJF2uT2FcVN3eopf5DH3i9kugSj5aXB7zQrxTRyfpeT1hDraLNEw/RcLaTlGohTWVnj43Ow+RzwX1OSqPplHVELrTKQrFqfLVqZrR/i1ZFaq8iPdB1VwAAAAAAAAAAAAAAAAAAAAC8XqCRvkhFbjKI+mQO+A1Za0JidkI7sd1QYYqHyPN9JGkRLM+Ou4OwJpeQgGaJoc+/l5fmLZmOaCjmyPrEepgT0LDYDSQXHCxijhYk7cOynWgktAqV+sVtQMLkmpDyfr22J9gwxDoqmojDa96qgtyKxdtmEhALVLNHmaeJxyktJBZNJ9p8NZXQP6Upme/FVFpO7nHiFYXDIeuFfoPVAKRB5UQcTkmwc+gnKu1RiUcRmsQLA+k+kmb0UKQX7r/ASxOHcotqiYrrTRmN1iTGut+5Wly3amNR3u6km9gD+cRl7cxncpaYKSsfcnIr8sQm1nrE2u1B6m4kerVpGs+z6GQSKRuZpkHMcJZpaOZhHXbD2dnZ7uwsDtFUW6bmqpoQ2bzsRlNarCQjV2l643QiRTe/UQgnrJMyzYvcyk1YAgemk0qo+6Ku0qK6yrt8Tq2zoyGmaeqbHlrVjThSFUlKCCeMCplsyksSxYmVlezfD+6vb7aOxfp/HZVdAQAAAAAAAAAAAAAAAAAAAPCnjexdErK05Cxa2pdBzsWsMIk7yn9IvpLH/zyljoUaeSsBSk12YzFW0zeoK0eS/DhTmsYsMJljmzlUrFdORSVQIpOnvDyvb/lrzhg1PwjmaxCaaHEKlhjD7E4oG65w04EUqm5DG+K6jE7P0eoV2GO4mjdI3D6momqZezdmxcnkipCY3CXGfFKyB4efaUg2jEE9BbQolVKYFIOarmkL8xmXtrB3qD6RwPWrPToN3pauxBzGz1W73Ib6sY8+TpOoQ2IJOqdaaDTRkSQYKndPgTeSzWgjqI5kCNWtJDQpjWonvdfBBE/aM3LpSQh9gp8qxGkqWuTBuU3sWonPBddmxYnpDeanLGsiFeuJWgq7kVAje3r9xORWQQyT5sEaxzTu837Co0zgTq3WjqPKd4ZhiENOFjbvPDFSM1c6AZfd3qpMbk1xcqxHRNsr5IK7wkKlcVx6ZsX2kg2T1MhB3A0x3pjHROxeyvbLRahX9DfVc4bbIbqwdnZbE92JeXNI558iNCUAAAAAAAAAAAAAAAAAAAAAvC6wy+4lojLJCUhySHGQt93zgShOVJRizhjTlC/spQglWKsBUHI1QzCtCZkbgQhNckRdrEzm41FkFJM4OoTQpcIR7PX51avvKyxTxOIMc9O8ZOVYjNQdOHqFRlh4InCvuvB0MLF6DbS3S0WtvCW3YEpZcZI7qMNY8+aYPKZkKlIXGf1UQxfLh6OZRNiSEK2lCCdSntKq4f01RG3vFo4yVoSpH2p2jtCXyJulb7bq0Emqj74oAEyO5CPWXO9KpVBETsVkhRrVQJMH5PazW06ngxTFiTzpeW2Mozq3kKl/PMafl2EkczqhhVPN6x02G2VRTPNmMv+ZQuMjxOspLEMZh92wO7N0YnldiSIppcbI5MAUSdzrUW5pJnnmGAp1QzgV7o81H9VmAcx88HyrO5FUN1EYsvuLbtLz2MyXqeZrDLqYfBA0rZrs6DYPo+/CtfC1jIYDLbbPg5089CDowDEAAAAAAAAAAAAAAAAAAAAA4A5wFoacWidkcckcDRzU10Te/tfjLkivOoj5TOw0B+7AYYoGl3kE+xYkh072b+CRs6mJ5g6ZuHoKcIkxSoUlms5a6IXR+2XssapJGq8Pe3U/t8MiotaLVELAvPQy8RC/uWi0MVwuMdbiK5KLlqwoYsIwB2PHrKxJWiAVNwspeP4SgyVXKePMnpZIrFFEjSAHU84/we4dwot+L0alTdzTNLZaOYhFSNweTGp619VDnUZH/peKup/cbuQkVFxy8Ke+tDZ2Xrx2GgUA9dISN54JpYVeTg17317a9DolIc5SJsKt00xoMriYYQT5pNkcVLGaIZ3kr185dzzLC+fFknQ7SezasiMmGVEkJzOhrEaVTkgxZrFU7XH8QNZ24FZ0csVJRC7X8u8hXFIJVTUvzVoNh5UciynVNmNdbt78sweM7unc/9oJW/I2l3S0aVnKybQinvlvyZckzYh0YIDbk8gzBQAAAAAAAAAAAAAAAAAAAMCd58YwqKnJIJYnROpyogqM3k+iBgdZZRpsthfmLVFjoE2eippgZUpmcyLpQ0SLUQOuVVzS54tY+hSUUO1mdLVxM/E4LC2UMal/9V9FH5FKZDkcoiR/cRkK1/NyOPGYPFtQzmSTwn6qod7GHYG0BWziiep9Mj8BEaxYNhgWSxF2awFLqWNx8uXr/qvx6HuycUUyZUabBWaeCFseJwvclcM7Qo1I5JJBZ6t3sz4vjJt4enUvofo1lMmp/jD1/sr8iCc/oaHtdN3Kk8VD2bEPjI9X1ezYGeu3RfvVbyP3jD1xkcxJWqlmtqP894eS5v5jpV3i4FmsqBVAZfukJFK2ecanqBIckUt4Dqa8YmXly942DMPZULLv5MuS2QhReSSNgY/nPJKNSwUpYt8Ur6Q5Kcqy8pVOe2y8XlnNbFd9DEAAABAASURBVO7UVuWWNkNQv6rdZMVuSm645OuQmz+hGRzT+ogcxaxhtlp0uBfNopbJPrldTX5g1LjUiPiFXNQWyMypqCwLJihOAAAAAAAAAAAAAAAAAAAAAHhAEF1mEsXfRFLtRAvcdzYZYZnZRON/c7RXBBXRzTSCxs/d6ERjwIlLhp2k+gmJolpUWGONxYKifN3WIqyherlGLi25DVOVJpAoLNgD/S4QIG04W8aStmdiJGFmKCVY6ldoLFslDuqUkIPaKdF+zP1MohlRBwVzUnFNTasR0CQVoQlGa2Q1lRFgk1GwDSZb47nqb8QRpSu1PeCamqYchKJ0sTGQIK4+iKo0YipB3tUDaQO+XIaMQ2mptSuc8uSaYLTJg0ij0LXtbfhcZlfVFLjnBZWBYqqao2rcctAuxIqtDboF2go20+twoG6SUU5fEvK6yx1I0xSmkXU1ieMQubSnbVhatfOBGIC/jjxGsZm4XmgjCNE0StN+TNMY0kRZoKOKt9TYnUSWlGCU8+mQ5o8J1DwGXb66R9lk81+L2YktRpWssSl/LtlBbfrSPMrW34FbVl+qVYn/WHVWqtGoWwlzXZbWqxBstdVKXcKTtyL5h0CEbkWzplq3eTWmqEm/RCnCptWz8loZzaLLrWFJFqoQ+x15l06cSFJGlX9yBtENtX2R30gctsi0J3NLh3xPvPUpBgAAAAAAAAAAAAAAAAAAAAC4NTTSKKFYDRCqFoH8Nfju5fPWIyT/NKnMgP2+xmlijl1OGsqlObA4Mc+hylF8CTR2G0J5s908PCJ1AeYqG6Ct8C61h1qpB1jJwsip9qKYSUSNyKr+Q77mqxOppwgPg0pAokougr9pL5kfin7BnEskFCuv6wfKZgsSqtU/JmkR0UBJxxFpCH7k4dRp0cGk8hHWTD1cPFqsXlGBeLBZ4sHWfy52KbnxJkug4neSh4PsyjJsZAFni/KKAClqvhbpYPWwKeYarpToVBDE1QMhiFxE8yxdKDkRsQ8tgu5JBTWuWyo9JLM2YOtLTTqjjbQnqC1yR4fQ9jZu++PohbcqN7EGNexamU+H9smUP/bgsj/OzDg1kgpyicK1NO91Dt5UCdlkUxHbvOrmIRvHrNYRqVnRi7mcitrP7Ol0tlMPjaZADm7eUQRbjbisajiqoMruK+qIq0PX8WQXRVR7JTlo9xFeNVfXtm0PNKgCsVm7MixhK9fNxQt83VDfj9y+KfgW0zV+VVl7AXQmAAAAAAAAAAAAAAAAAAAAADygGGI0qxN9vb9xURDdgck4Khb+M3ONtIgLixBgSvYe+zSlKaVp/jsklZ5I3LMppiuVuq8nBxc51Nf6NQ2FShDm1s8NCMX6I58U2wh/iT5ZBHYzVQa1n9TKNcg6X80Aci+T6gWqNUmkRqLROBQUZBTJZTClitRHitMq5c/a/uO0wDdtBfGp+7PI2qPWBp2ViQ0Ir7w3Qm+mciJp5eZQnG9U2VOGvXVtCCXkL0cp9foE948JPnUvzIWi91+vX8guiJFJf7L1PmEXQeUJNI7T/H9pg1tE/KmUm3RjQgeUQG4yoiqEIs5gnaT/P3t/+mPLcp13g7Eic1ed4c7zPJP3chDVktxudb9fuvXZnwwYNgzDtmDLJCXDMAwb/kPbbRC2rJZs6TU1USTvcE7Vzoz1RqwhIjJ37qo6c51znx/r1smdOzMiMqYisJ58FvMsiqJZOu48rz4ba5vkB742YuVUNBUHq9EmlhqdVIsc0klDScQorSVcLUPuZ1w2Fuq9Kzcuhg+0IPlBZubDZpjziilBmuNVv9/V+3oZSt/oA+XNZc9z2JJeymPde+xW7vU0xULqYfceAAAAAAAAAAAAAAAAAAAAAOBeGWLsck2UX9Qd8JZUgZZ5U6oqJYdmRVYiFh0hpqLFKOYN4kOQ9AJ2BwK7d/EKu2desE/bocf+W3Z/jSY6EUOQpAkzSlOSqxMkbRBbLRI0jk2e0CLRh6lLQnWe6HQOlshFn3fOMe/yS2ssKSMCNZON6lVRQ71VcyIZP0KVmoh5Q7lPhSbVXOGwLSbO2PYauDgQu3o6oiY6aX3OlrAmeADaLrVv25yoAWP2vBm1h7THwsVtWc2uhW7FH6/vBU3SpHYooZc9rWqSkDSHZYqdrpbDltQyHpbIYyTzdajyJT3Qk6mkfCmyrlgEFLN6dfTJU6IIUNwP5ZmCr/LtMmNLv02oPUb5KUqv6TzN09Ikya6rZZF4DhUrp7LZabaW8j/dHdQXiVUnF1z8ladVZNODLdVOdES+dQ2pkpqW2ScstG92nepoit1V7LPzLAuLPnUftAOo28SXWhZvTt4/h81bWRZ17ORvAAAAAAAAAAAAAAAAAAAAAIAnzDAMXN0/eB0g34Q6HYammCGJr89FhFHSwoj6ohxNaZp4SiXtjKk05M6oYWNqMhGDu5JrZYvwaHA9A3leCJMnlPQ9/j0t0jUsbjMPFSZqkogWndZY/wbWUgtYm0CnyEtEYaP/aAR7zv/QRgf2ipNaquesKaUnN+/wAPi6J/yednKpEamimSOoYcSmqQt5L6hWg7nzNSFpZ1XmdBKcRc9UwY/KQdhm08WR4YWaxJvi8WTuHphDlzonFCsdu0B8L/JXmzFqaT2ljWq357eKaR6a6KQL0sc2QFwHKYXtAL+OcOw+Pi0ih4vpJTgVPjxebgvUztk1edZMVLaa/bw/n6YzsTnxUe7sTnQZssh3iqRiGCgOoquIWmwShxle7hYqR6HqZ9TtSdRWf6DjuZoeHYcGLRdfXNdzf29YbUOqiItVdBKr48tDwLKULUqzrDrMR2qpHTzU0V9ekLrVAQAAAAAAAAAAAAAAAAAAAAB4wkSy0OoVY6hmi6EBWI3udoqTYm1SPBt4SkYopg7NtCOxSj56WwyTUaSuDg7VV4NXr7V7dh7RllTIFQzydWoChSjClKRBzGqPUdUn4TCc7190egh7iqpzEL8NyakjNiezOC6IVcVatEA9gVb+AmptoiFerrYt4UCK0fe+Xy8kr+Xw8rR55wbLb9TjpLMw8WD7gUBkrQOqipNgfjabQolDO4re66CamvQx6eSdo80rH8nMKI6pWlZJVDarPka6LM9Oy7N0oT5l7LrSD1SLo+MeuWpOaptVfxJdFSFn41JxtRYQPG1szNFqpFNHeXE9hS65U15xU9krZLeZp/N52nuqHd9IgpamG5p0X+5QE1UMcRjtW9HG5SXcNGC6jXBn6eMZu6wVbQGGYwKuR8dhdeyKu81rDr+VK7Q7ZZK7P0wxgYrSR1EnXp9S66L29FUc6Y3N9thfgyou0tHlgxXlCjjuq/OKrricAQAAAAAAAAAAAAAAAAAAAACPlijJCnhLetHH9nrBwew+G0FMMFjCt+Unh4GZ9zkqLHKTeZ4T8zBIBhlXnHgh7OWbH0arpSpO3OIgsblweIupXpw0L4YGLf0Zkn1cZO7xILGaFfgDHcRJU9cTrIWpMIUoeFIdplLrXB4vTfMsyTmSZOogTVaz0Jl0uhPREnT2JB5L59DSA9WusC6jGtLVLCB2PVXtzUVyEi+p9QRtX2XxXKoVWZDfpEVSQqdrMQkF14eQobDO6etcaHc2qvWZIE0j1ZHImFoRXlksFcg8cI0O5VFoipNlMqPWUP9yVe9GZyx7qM+z00e6m99Gqs22+4a4VqqM3WOG0PVMEeWUZVcmxDSZMsunSuRuTH0OLYLuq+d8eiDXfy01JRuTcnVBUDOlYA5AmSnwNO3Ppv25qcGse3UMVBVnv9n9Tog6xYluG8yiSdOCtd9bh8s1s+bp0kUqXw2efeeilfcQWQ30WkjFbaNbeZnUr9JSPOLqrSQJuor0RNQ4u2EcZfoVyyYtw+/QXrWMXzpdS5emtNmkRV0UljIY3etaFjbLlVQujItnZE08tt7CrC4ywdZjGgMAAAAAAAAAAAAAAAAAAAAAwHGi+HisY+quB+H6Mnyo7iAekZSPs0hMpjRPPE8iNNkXOcacY7wSr5VUOmpwMsQ+il+KKNYjoXvhXT50KoESkvTgYoucJg4eUdUAqL9CT8V4JMegNVOQJscoQc+h6FS6wKs8juk/zDijvbS/8Ffp3r/3gKk0ZJpTjnmr0iRImo7SjujB7oNEFsfCsizeHkmivC7s0K6nXgZUjDG4NwTo5BzcORM0NpPsFJFD4lk/xCqS0FB+0CBvbsws9jBmGGMJOlbNbvWZ84i2OlkXXS0UTCE1BYs9mCcp6oLNSVUt5OKD4v3By3CzZ0TpyiZaNaMFrWmlArEigkxtjbdfkGfHZE5eWKezWTOyTrJynGotuQqKQaVYc55Hukr4gg5L/VOFp5K6uqlb5vKZ1OuH6ypeXVAvkz5KsvqL2IunkrorbzS6MjSRTPB9SgUoMtRR1y+J0Yl0O7nyoawFtg3E9RkiduhlElVm1bUmFxE5PHLYk+PU3fnqE6AXoxy9JrRHLV0jczKpFkTUJwdlEvP9z8A87Wn2XYwXy3xpWUSyGcULWh2a78xjGAcAAAAAAAAAAAAAAAAAAAAAwEWQy0ia5sO/SktbiF4akoOf++L0kXIUMR9IAHgqZySYKGH0VqB4VbSYYmo18OKfoBqR0Gk/Fg1tUVALEFvilWC5GprliZdJnd0FVT2HehkQtSw8NcCaWkzTe8PkF4k1Pk2hPGp+2Ok8cVWrmKVCtVeoR6FqUEzsoAYdpBKTlGqgnRdReb0ytLQ2ov6wZyS728Qas0gWrhwMroqeC66pPiUecKcD84lWFokSo1mfcHuGpSnDdk1+lVuMcDfQbKlNXJewVY7lC+lbRcRHalwFqheDfXC9KnGadQq7JGrlv6CfDoLko5xrq0BnaW7buNsNMea1kydR8QZapyChrqkbPLXSk0q1qVCOPE67RmdTklVTVG5cFuB5sTlJUyiOHaHl6/LFXSdBSRwzFL2J544JmlVHcmMlXWC6toOXE2kpO5HqdY7bh6dnBHrtSH2uXkdGmnhoKBqdVF19ju4OJkYLl+WgWt1StwSumXU8mZGqT3xWk+rKqk5vqX3pVy5dsEYAAAAAAAAAAAAAAAAAAAAAAI8N7gQe61A9mXZERQ3c6Tn2JWA+5S/3KZ3l+K/kmhG/DxV7kCsxqCurZVIJyxpDr1JoNiehb0jTQFTFiZpiWHoa6twTopuC6HFtlLenZWawqCXRKgfNwtvD/Eg0pwqzBLyL8qRk5xgGqTuKlQK5qUJVmXTHcjtZl7YHMQcVf8hZw99c0+e4KoXM9YM0KsuBu267OpriZ4V7TLiRC+dIvXaCaF1ir+FoEeTQJkwsDXctjSkz2sXdDbT2jKgnVQNUh7HpTvzxU7NQoaocKS0zGY8XeSDJ6OdzPx9NTUBdMp0qYAmrB/Vr9OqrJboZ3S6CfXrN+Vjj+8VzRn15ElOsSWEWipZO7cK9E9E9OV5cMw4FBBSOCxy6Ja26LH38OYnqK0lqK7/Sp7XIKSwVj5QwxHEYh7JQAyVVmXi6RRNNAAAQAElEQVRul9rTNrpxtUGk2oZLXUMeP1dp0uY1iyw8sQhOYhy7L3NHFb+jzXvvqx/axq32K9ykLVxVMN31MfQ6tOPTw91tAAAAAAAAAAAAAAAAAAAAAABPkhYB3JIwMC2UKCy+AlOa9/vzHJXMx/tUFBg5mJsLiCWLTV+UBfm1yGQmDsc1AV2lF1yTuuB7MomGWX+Yn4rqXUpin+B6lOA5d6piwBrWhAzmH0Jd/Lo8b45wq3FLfsZicZJ/hZR/iv4jikiB2kNRL23x7nXBwOI5ajYPDsy9oYhrK0rCGHFkGEJnsFBf/zeVBYd7CALXR+Nljy66u2QOWfU/x6A+Eit1kl4uD0dhyF1V1Ce0XWygjdMrCQKvgtoiHkrNYYQOSw2Svyn4nNkUY/Szuv+amk4lXCWW3p6AmnLngrD3yCVVS/K1UEaTRJqUH3Kapv1+L5M2btaiT1L9O+q6eprhrTO8ZZmxvtK1TEX4JcmsZvFYmnVu2veRNovIHT6U3DGDLjIWYVXw35qjy7VBUbcwGSkWWxXu11ivRnoM6IhbHqzlnlIPLlCB2BazJY8il0GRzkipgn0TbMVyOKz0Hh8htqYu/pQs1I52cWg79VZh99MAAAAAAAAAAAAAAAAAAAAAAMBjhdY5L5pBhcV9eZ7T2XyeY+aJwizRc5MjWJScavS/akzSkdrmGsdsEVWPd3YuD6GLls4tJMqayqdvryk8ImlwWVPerGt1c5Tghgi00G7EGmZWdxM9SuW550kSCWkKHosF2wGJeIDER0S1HdtqhD50W7J7eFqPFKrUxBNQ9AHiPu2Kl/SIgrDNX8PbE9xTYBV3PpR/WG/R9gW80t2EKicx0U01gEkWneaa7oObG8mqyu2WH+uaB+8yM2hYJogJoVqhtDPjql7PtUQpzednU55KgYbQCV5IrDb8Ytqsm58ym5OFziCYjGZFksQvNj1UlLNVTpL5MZcPs0jBvMvFtkTUYrImpZdKV88sKpIiq4g2MqLdKUo6Fas5SfRAtYW6v9g3RUklV9PqUR4Hrj2iqrq6J8XJ0W9D269L30eV4EXdNjnNXQnUy0T0IHpLrjARWbR+9kHlPbXlutP5M0Z2Sxu1JKp/e1pJjWqF8hStBQAAePJ8+dU3AQAAAAAAAAAAAAAAAAB4NLAHu1t2m/qV5UOwWOyU0tl+EsFHmKZJwrUx9DkoRHhCLW1J048crb5WylUlwr2OpH/9vr7Az51ARVUL6jJiAeO1Z0QNU3LVN5jzAQdJKVGDqi59cHeSxEVusi8pdc6LLYJnpfBGRznW3Byxe56L5AEab+WlSiMd9BHVJnbdG8LCT0T1KMShi4sfHjTHAW/boOF+v8DLk4hy6qxfyhPTWvVy+GBr0QUvjGRWwfq+ZdoNlhHFhCaUXKDSnBpoXVnwByA60AJcEIume1YPMK+NWvhAY0L1Sj83us1JEvXSHAcad7t85XQ+F2cg2rHodDTaroW4yGZpPkNtttHlD3Z94D5DTbAdgFwV5KICm286ii5uC1zlTvaVGJPkubjfl+RWxemkzEuZH3kDkj1ILo5ltkqfDcMwjuMw7uRbkqllqalYNGtJfE7KCi49LGmkihqlbIYlEU+aSTYBSb/TicJCeJhah1JgOv4tuQZjCL2UZEvwoRKMJkaRnTu2kky9ZoI6LTUMMe6KVVSIidVHxrq8iltCKzOpbkQHaIjjVosX66rKd3SZB9EK1i/V04QXNxJTiqK+YtnJzWxGGhraHxFVX8V7WsYAAAAAAAAAAAAAAAAAAAAAgEcBk2ZISaqCKF4dRWdQYrHVSiT/npjnadpPU3E3Ke/CS2obElMRCdpy6DLL5BKCfTabFGrRxhomjKodCcXAxLxSyPQgmuPCrjfdSbmDTZGg0WPy2G+OGA9685xYm5GjyFXxYLoZC4AmySjhzYhN7hBc4WHv4wfe58cVd5UpTeJxksSbIt8whJa1J7dKE+1EdsFAeW9f5SwkHVranPRzcRLoFDPJI8l9FxWSdWFwBc8o0pgk6UBqlFoVPhq39lwWR0Unc9OAkLQ/to/B/5VCKLTMSqYAaZIgkiRLHbR0PWjSHXMuqFoDiSNTCk32w26gotMvqemL5D5ZsxVezrfPwSYCs83DFeTyF1YfGm6iEw/ip1a8tDW2wHidOfWE9Hi0S4audUtZThg7tx6WBC9Dvi2voeJxEsxlIqh04kKeKmuTnm4iXMrCSIdX95XtSBdxmudpn/9jXR42s6pMx9yNJGVM0ZwM446GSJ0LU5FQJc0JZWKK6s2kk0cFKcHT7iRmeqLKhsPR5+oWwrx5DbsdTvMIOixNtpXSOZFM35eSS6mi7pIisHsoWiaV++gGV9vTrUMfwfZXZFXp4mNV9hFEJwAAcE88/9ytAAAAAAAAAAAAAAAAAAA8PL78Ujy23RCkvGOuLgDJ8rvk31Oac+x1TjyVjBZzjkvuiadggc/OXcPUCD0uQGlneBkjdFVFqKFjKdSML/qAKZsKwf4zSwwVEpjzB1V3hOTxyLCoObiHQuA+vG3eFHa+SEPI1DaphGFTkQhwfvK56DpcUKKJULjqWywvSgxbuLOAhW+7iLGn4FFRDrdgcX+rdS01CxrqvrPvmbqHXrlyhBA2XRE2z3slrTbvJ/9HQ/DpoKzVx9p0buYWbntQdS+LVBuhfur8HDgchNTXj38PxGWfpCveVvUoq/g7LY9rFwUZ6pG7pEQxFgnEtC8+HYHjMO5SijqFVzTpFjDKkgwyG+b9XAyH5pmKuOxQdGCCBRYnojhQVZzovGrTeSlq0iQ8dbCCz0F39ajFP26RQyeXaQqm1e/OSupKqZf6TaX4u0RKafUl++a79lNZSVguqsVb6EZVIjUjlxQuiZp6Shu2nZcsBKwJAAAAAAAAAAAAAAAAAAAAAK4r5G+YB7MeKSHZOaQc3M0B3vK/ojuZ61eLTCvHIoTuH9Cng1nFGt1cRAxT9F17dawILS7pooSYmm1HlZ9QfU++xDLFvYTUpWIjcLkMH/PCW6HqIaY0BzFWmMXpoAS40z4VY5eZhhzBtuA0mTSgqExycJuCe7r0vUrUosAcWrYQbjQJij/tOntOF7cNy4DsI1ImkJnWtFbzMtJcBuMKNdcS+t+py+3RtCZmLVNdRRbhdSnrklj/YwhHr0dlQ9i0UNgESa8TesFKKuIls/bRxC4lxdFBipBvneiETBByQBMqyWUhFcHJeZrnYHqITvMm6WDkOJr9UFmrkr3I+7PMMk0e061Bu5liuCKPV3dSF38/I3rFyeH1q4Pg2qq4EKkU96Kh7s5iBiSVaBKiJAKc1E96W5p80dMftrPohNQuJdhAqO1Qryi84mxnDt+mVQEAAAAAAAAAAAAAAAAAAADAU0Ms6U7YrUske4t82Kf5PJPjvGlmcwExDwfVJYhHSOrzIPDS3yL42+up/dboskd4V3oUlymwpdxZxIX9ouiahyQ5fIZkMpUcD42h07swtWLVBEUDy32BnX2IpfqR3BtFbqLMkmAi2UNHSdpD3g0ls4ooTuKqQO2fIDl1PGuEhrs5hWSPKBFcrqqa+p7/UhlTzsZDC4BYO/uh6xOS5zapDhFrO46tsPuxSLQbJwRWYY4n1TFTmWRKlCY76C0PQmeJcOhpcby641ThUlrqei65jQ6UQLQqL9hgEZnRTv44inNGEmecXSjpqSQTEI35qYpXh6lSNiUmdOlzhHu95ymD+8Ur82Wa9uf5h0UMYRmQakdUSw7VTIWoJh6WeYlC6MRd7Pmt5HKK0ZVhq+3mSdNPjCu6mIRed+KlrJ1FqDNQIdOUdfsOdyox7a8UNrrlsilq2sCUty/ZRavGxOQjdd73RevyzwvmGg0DAAAAAAAAAAAAAAAAAAAAAOBCuvhiEUbM+SfHdzlJIpD9VDQorHHKpV0Jq93HRjCSiE31IR4GFFpimxAsIG8XmoDD7C3yRw9PprBIvOKmIeaeoul3EndqDKb6IBpP9YfaCI4eJjVhc0yJbB4UQqmmNKFkz8nx66iJdahEtGnYCAGTSl68SzW5SjU30RxBnLw6cyvwQHjoAucuv6HuU9+9zN35h6A16Lsj1jFtaTs2Ljs8w8dKrtPG5EqmNQlc54E5oISVe8hKjkGtSxbTTpNCHe+GpWrp6Kd68lCO4gF0SQNyrJYWVHenEw33lzQvMaa0n0uGKi5WPCxShzjaZICDwxHKxLDNQRJd7c/n6ZznSfaipQzJhQxB562bEeVeDuJxkpIrJ8StSanai2DajOsiOqGLc81c9tWVCjcDGK6+I73wq18HW91y1aq1qki8cGe5eK36BtSrZZY7Y7gWgwQAAAAAAAAAAAAAAAAAAAAAEJjMfkQ9J0povHgyzGfTfuakMcJZtROuO4ke4j8UnagzBy0NPLgXH4TQaRlInCE82qmZHfydeNFoaAaSGmQscdIUVJ4iYWYNn5bAfkzeALbHamlivLpS09wJYPwCjWCXO1Lx3+A5R7hLnh1WjYhGr/O3mreDaKwpO4g6iwCqghquMoXgXZGkQPto5gu86Dd/Qov3etfOJQ0L1Sh5iZ77Hfcdd97AS1K1TbU5Cb3M5dLaTCxTQ8NtpN1Ehyup07JYFX2Sk8NH45bWh5b+N0QXhqGpS81Biz6/1DHESuaF+iQc73md8vrdmJeSPl3JTZVmMYwgy/cSYs0pdNitTCudUYhdzzwGlcpVJtaDyzO4ZXs5PKmrLwXbH6b9Wd6RzqVxoiJZj5M75LBow+IoK7bYInHykpMWGEqusDI0hWJVxKHuWDL5JYmMDU94uKvsKhzWZ/o1b2Gw3WMhmtHW6rcrjUjstDjq7WJbiGycthjl70CqizJoOUmXqRQ7tyV7nOUKYZnns+sBbUv1eR/aHumjZ2qioJWW3wtXrK6K/tkBAAAAAAAAAAAAAAAAAAAAAE+QHBec0ny23xcvAZEFTPO8nySrjoTHk2a48IwHNfpdtRtVUGIBx1SCuGZmkUr+HV6Gh1WCINfPogIg8b6Q0HxLDaG6jWhv2YscQXxD3Mckjt6SJGXaW/tugWBuGhbg9Nf4JQ7qcVtXcphvSrFSyM+c28RTDniWCGnJ8yC/C+SYSYAeBE/fIR/79/k1QKz5VoqOpQu2VrFDjIMGlEOV2swlzs4LQUTsG9zCrJ0TgSQIuc/waz98Ijcp/TonS0BjvRSOCh3YBsYnQ9OdyHDJY80SvNZjCWRrkiETsiRJl9KbGVQLnFoJdb462gl8RPSQ7q0bONyLbYLrF7qMSqaAsIapMY5+HHWGVMkR60oivZ1cW3EI4uiKrtxZMhPti83JPPE81w3EVAp+aZDJmlR1UlK0ROpFTE6RlSyH3LYGXwP6UWdXJLqn+fFwuYrfySZ88JF86tmBJgsTKVPZ41iXo2tBONkq9s2zm/mXNPhgWbKLSKqIZ7Hk2HZOu129pGwUAAAAAAAAAAAAAAAAAAAAAABPA2f7/ZRjutM0l1fSS2x8uoy4VAAAEABJREFU1gi5fMuuH1Da2+YH5dQYumeTcYsI0pAuNeFCtPhu8pfsQ41KegDfrULYrUhCNalY2as0uUnXEl42UvUmNdNN0liqa0TE3CCV3Cch/xD7+/32Jn2JX2uaDteaMNX388O6Y9ZIqFX1JtVQJlQ3lqrYoGVH9gc1/Lp4w7+vtM9D8cAsRDF1ILYvW36k0GtTOHiHy4On6vJiwiFeD1KDzPCFa6akZPqeBxAAcAht4iyC3otS6ci9q6/qHbXI6jGRp1MsuZ94jAPpF2VyuTKFxCiIdWYVUdVWhcu6XBgVtnGji6dCq6LL+jIRRelG0R0lWYzzvN/nPaooTnTxbc0E7U850tkS1cajE5dJ3qw5HRM09CutasGeFA/XxUi1HVVxIoIcUdLFKhNpm7Z+1D05uN3TfcK1kKrmWXS+7ea5t6U94V4g6LMAAAAAAAAAAAAAAAAAAAAAuAacTedTSvt5L6ltiq9Aqq4g1LwYLMDHpgho+o+aJqZ8EUVcwBs2FaETJbjKZFbNh6ewEc8I+yrUEHBN9eIWI7wINnKNqDa6kLRH+jVsX2qe9OnkO/E8yI+cpnmakyZ/0fw2SZ9T/U3U5kR8D7QBJsOpYhyuD2bhapXeaGYQCZ3boy1e9fc3/BeSkRhaOhA/l5bOGtb1tROuHniNffVbcG3Nqj8PLusPquJkMXBdpDm5c0HirgE2THEp+miGJ3Ww2X1cxD1FVARpEQdPK93OIQtDjO6EcHmo+0DkUBUkFLrJ5g+u03jUlChVt0M+Zkz3PHKb8MOVJjx2rPEHGhKdM8HESZxX51yMl1J/hRZwUF4RVkQa4zCagsEEbqLw6tAbBqLDwWNJr/PEu5V7U6N7vDH4FAyeW8e+0n9EkDMMkdyTR7Y+uTiaVc+htxHxlRRf1ezEJSxJMpqp3ocvbblurym4L0st9niFAQAAAAAAAAAAAAAAAAAAAADwRDlP857nSWxOQqipYSwxSHChh0KbkgWTnkT1NXE9RdWLiKqATBZgjgN2kNwPIxcQayocLZUt6qxSD4soV4WAJ+gJLeFOlTIIyZ1W2FNDSN4aszmQyCbPVL7KMdF9yacjl+Wwa34SzTtRnouGmGOwOT47cBGiRArWmOBB86SeLalWF2p8nKt8h4tdilyRepMS7uQqJCWVJkjbU5MzLOKq7t0Q7k9uUP0MNiPa7qJyGHM+AvU6GjOQ4WZq4szJamzCo1D7aNU+mXjSx02BZG2tI32V8LffcPWr+1Z4fJ5sCkoaIO6tbdSIRQRTKriyvqhrZDTJTTOoIUkTZUYcIRyTytDBR7pifpOnETocIJui5nJScutM+7Ja86KQFbvqOFmPg3l5xDiM4zAMddcy2c9SbuKzn/zgHubIpuDl2nKwWbthE0Xbv1LyGctb912Uy+ry2tfmMVubTlk8vq1vdSw9NZ0NAAAAAAAAAAAAAAAAAAAAwLeR83maq8WIhWVNHNA7bLSX/6lzMnGTjvprbXLCmtLB1CT6e/b4r3qclKBnuaj4nrSX4U394J/owKrCxQ21IhG5uFlHfdOe+sbIC/dFHkJJbEhmnufSniK40bIGjUOLPYA6nMRg8dk+Tr2MnVJ9ds0GUqOraq/SXWKPQO1frjYx4rzCnTHBRXHehxKF5a2PfB+5eqhqlZhdE6J9XQ7m5CFtJp9a2zWQfUe09DjwWUUmRFkoZu4zHH4f9x/0zGaIvD7daLM8qZNPcQGiOHhJ7uOw9ug52kCf3aHLJ3X1aUAP3lEHBT4cDptV+qqIs8oiLflwpmJ1Us6ojIS173w7KnMhmpgiFgcPhTVBU1117rkTwkIypl+ammm9RNu9i+sfel8eUOt6EMFHCGs/pLqyVDgX2o7fuZPUzbT8Tt3e/kAQbfeai9F0y7We1/RUvnMe7e4H6RkAAAAAAAAAAAAAAAAAAAAAwMNiP09U/ANqOFv/JQ39Vs+LVYx58U68XKXpK9rt3ZX6k7oA5+IFeC+PlyWbQsE/0EK9cWhPQKpDcU1DV0EwX40c9M8x55KnI2kwlfeSVWcud0QJOvMwBJeVFMlJFH8SMwUwIUq+IjVNiVVNRVzgQe4+GGpPTB7/poVywVtXnrTT0PhwuMgg9M9plhlL+5OriQBS18ldLLp1oTXnaoICXg5Z9ZBpJjTB1Eyp1dAew2xdugdJdt7m22FEWTUtZHYX5frFdAiLZ7kKm3lUVDykx/F4scuR1LZz6po95pkmV7jQhFZ3+2kZjiaiknnfFU1dn2gDmyKnm4J13Orgpi6hUrewHw5XLGc1jnwodXLPGx8LTWQVIqe8VKf8m3kqi7R/7Oq9VHomthURaRzHOESZKCpGCSZuE41ZWHWjfF82utKGmT0jTAgHXirhkQtN6qP1x3WvpLBwagnFk0laX9vVzUdWzyR144m6f8Xi0xRVVBfVRshlTLFpTVw6Jnm+ZCnLxplL6rLjRG+kDpw1w1ph/+oGyzKTy7IQh6elklAYindUZBsZ0gHjEFbuJgeOKWVzDuExDQoAAAAAAAAAAAAAAAAAAAAA4AK4yUoWIeyaXEfi/ENYiEVMSdBCvxL9rRYgctnsoeEW2M8B4hQsF00OYkqYlGYrr8SIU7Eg8ZBmlOBmqT5yiQuXYGdtwypXA0mAVO8VsxGTa6SmSijBz2JqUjQmlA/205Qk0U8q0oBURCYxqjUJlQQ7Q9R8HRS75C4hlSwfsT54CayakwWVuGzypDGr8HrJL2QhdX3nv4WSq+BGKptNuRG7u3sFD5mQgGuCFitVi+BVGhaP3SbPWGLllGByGQuJ2dvgtro2I7lNJeGNJktdohKZ5DHv1LnfhKiCCXtGyRsU9TuNGieuuhONIpe8QtZQS/bDzH0PaOdGrZdYC5L4PB3GvhdPY+l/Vif7K5njgZoibQ3EnHQwUsmqQya7Ynsuk1qMbpCxEnx46J3qr2CKCvJHpVXQnV0+QgdNueBgWJ7pq3tM0EJmcCxDUJNu2WfLQSVrfZ5SmsT5wmZw7/NikyfGoJl1ihSh/CpDowKG4pRSvFIk5ZWaaIiNCvlML4Uk8yhy4tJ+ZtVnj64LewuWY/KgQwVaZeH8oQo82Q2p5AxTRQfJfA3L2cK221ejqFZIvmVe7QdWp8/y7vzCCIhqti12sZgrrfqJqH8k+oxlptJbVRfWKa9kbDmuVWEAAAAAAAAAAAAAAAAAAAAAgMcNeWBYg4amZfDYo0YDVWJSUy2QqgdMS2BhPwtxihbErRkkfqzfshoJlP+SpBxx15PATQnhNwcPSpaCohmNhIO4ppUsr9OrRkai9hqdZpEvVCmKpNSZ5zmJzUmqAWaxNBF7ExGd5Oj1EAd9kZ7c4cR7yv6NC/2FdEN5nlTbs7o+LEUENUeMP4uLTtrvMhrJb4gLKUULzbcsKxx6F4i1RUA9WtllhFXImFRwY+Pad3PVjHhoePG13FPyEy3NGJj61EE2GTpXBtOVxFWEndYx/aL5SGulCLUotWtWFtKgBbXsdDB5Dq9OS91J6rU4Fa6PFKtgKpgQykx58iXjoVFK06Asuz6Egxwu3yJs4LqZySUpU2Gak+fW2boz6jzIC3UYSFUNpIoT330kO88kGcSC7jcumSibhm5VMruTScY4XAMO/U6ufqNtrL7i6qYcbPJRzQ+m51eFm6DjsoqYw9XUN+uSDsQqTZlEnUbJ/5DQ4rm4F5ARewYvAAAAAAAAAAAAAAAAAAAAAMCT5/DtenKJgsoQOosI0w5oRLMJHzzEaTYe4n7h+XTE2qRc0uwEmh6FPUVDi41WVcYq8thHS2tLObQkPXo2WUWh2qLkw5KkQ0idFCNKyDpE05yIZ4YfEx0GX6vBRvJuSCXyWWvrNB6X9HdLqMKrXCr3AfEVo+WdX0DnWbDUyRyWVC0QrOdNX2IXq5tBUrOIXtSyrpsOjBpqnVtylq7q9Um5eGlI8dCizxvalJUGp3jvuNeLK4TUY0bTuuicG1f3HIM3hS3fFvo5of0g5kN5qe7P9ud3p/05F3Oh46PrubDMxsOkTTpteM7lyNqk4E5NaT7c7GR/cnekcL24V8VJ7orEIrJZLRC7ZqHrsv0xbay6cOGSunovLf1X2BpRD7ywqjZsIsROhrVUnITNMwAAAAAAAAAAAAAAAAAAAACAJwNdISDeuXR0Jw9cKTyAnDwLCltskGZTZLDanKjriftzEPfVUR+G1vf2+Vjk0e4KKospt6WmMhGBiPol5Arlo4pOZtasKPnXYF4JMQ5CmNVZJUYPz/Y1Wog2mMQkmJ7G8vlImh7u2nTY013v3Xt0O2nqFi8reJRZHU+Oxl9N2FGzZyhrD472mHzQ+Boo9itTUyCJ3EZ/Jx8e19NcKqBxY50qXZKKtmp//PBR5xH2GafJWUp2n5LuJ2kCkzxOltZmQ3RyWJqNX3/ZMxJJ56s+iWcUkmMWg6I5lKU6Tfv9PO/ZlUyLaeKQ66fUnYhNdpKWHh7mrdRkJdX5g5oQrrntXDOY+YqNqk/tfkqaHYwqvh/QYRV0WdHhAUQeK11VvxXpSPByv6i6Qt/JOXRrsuXcCQAAAAAAAAAAAAAAAAAAAACA603nMuKnugioBTHrGdUftEChJrRQvxNRZoSpi/6uMtdIlpxQpSuLeD+3gCV3niuh5pHQXBpsWV2qh0quq5gd5P/SHMRBoU+YElvoWQ1PNKFOH6INS/MSM/cwMY1FYcW1pboFLAU6h/TyDrrwyv7p+1A4VbkPu+4krELlZjyjXazt5INoOtf8Pl3slg41J6aLaEH8prlRU5mqv7ESjgiDVoYhh+Y6i7m1uPHxczAoyz4imWoyEMXmhKP0MsnJQTuxik7isthVQhPaUjlcO93DvXP1gfMpZ2lhZCKlKRRpWv5JkdpSCYuucRWKzqRIcRxW2YuonC4TVPeiogqSbFyhWzGqmgpPPy63q/oMn8ORfPFTr9jw2+55ieVNMl3trtoYvvh6bhmq9MR6968D2m3Nz8IqAQAAAAAAAAAAAAAAAAAAAOAZgg8O9FN70TzU3DrsL9KbxQjXt/FF+iEqhOShxsgSPJbfkjvDRQ7D4IoWtrj8IqRoEfqiBem/1eNkUdWm+3DLDftWg/u5LbMqQiQtjgahg2XtKQKTOBSTE/lQ2iBpOoKk1tmIaFpgNOmzaDoVlZ6sZCFbHakPuoi98tUtDFa3WYSWjsb23ZTFUhR5vXHjBu+xUFU4y4wnTWsTauYk5l4ooHWRx463PBE4Vx1bw8gzKF3DuPGRkPpyBAJ3FjJRtBKDyktiGPXaMWw4AfXeQdXq50gtTyUXqDeOz1Y16yndMcvcmVPKP3viFLVT11OKXPlTZD5lHURxOhG/EzZBm97iHifWMNlR6touO0NbxK0tT5pe3qUHKaWLr6/PKJmCZDGLm5NfQmHhdxKCWjNxy4bGoS7tVqbsoeGigWP7tztHpV+L0sf+BvTJv7jr6DJyIvXri2fxp8oHQxzkEtMJ1rxAdfjKNikoaGMAABAASURBVP30LxgAAAAAAAAAAAAAAAAAAAAAnjE4mD8Gd4YWsyo6asiP3OgjJPP3EA2BpF2ReKFm0XGlSklwU35r+eJJoAF7dp+CTmciygz3KxCVCHeJaUw7Yu20yL+KS/L52RO/sHurSPR6TlUXErR6TaGTA9SCClBML9HZH9iTkRXW8JbUw+ASj85A4bjfx71Ftftgc43/Rh8r6UA+oiTxuyzsvrzAlURFNNFJefrbq9aodp9HkT2xTtW/yJ1kzbKeYB+gnl7Ncx3i+1embyvbrLSekSQ7RVwlGXZKd9I4DGPYTGLiIX8XRqwmytPr3nB5+P/A5cXOqmWOZNURUdo88bTPv4PYE7WdJ9TukaUaY5EyiY7M0+uoWIyDb1FN97D01dENpzNk6vqdH/cg0IadlDSkt/24mrhicYsJTChQM4/q7ZuYtzcO6kpL3Cao3hs1FU6oPW1+M9qhdYhXA+1bPtXhWMhhROu3eWNY/HE4zOj29K4XAAAAAAAAAAAAAAAAAAAAAJ4dqgOBiAnMgkIDsW4FELqkKWppUU4lD9nWsHE1vnCNQkj5FzXRR6qhVfVKoVWaleqyobHR/pN5IeT/JQnvu9NGkaHMoocoJisisMgt0QOVyyTW3CflfxL9lAC1GpwI2oALDE6qm0vVYWhIdlYpDZnsxrU0JbbauWVsB0bpqi4nS7mDfOxiwTVi3qW/qRYELsGx87xd+IGxB9cgdTU14W6SpCa1EREQeTyYWny6L//YMz328P6DsNQDaN6iMg0H4jHk33FIKQ7jWOZnWTU0Hrv54qKfZq6mjFhDlt1GZhOnfZr283Q+T1MqC7le1F1fRFckXh6DyEny0h3KMibqzXxKYZNqzsrleg+r8MLFaVpv51Skq/Ipy7Zjco3QbJcsUZg9dAidzwmHheKkX/sL5c2y/NXOSBe3pL+dF7dsCo8ODV16IWKrVPfZ6pXUG9QAAAAAAAAAAAAAAAAAAAAAAJ4cGsPjlj+lGY2whTI9/EfmdOImHyWKm5YlqflH4jCr+kSsIJKmEmF79d5cC2iwUl130gU3qYph1NCDyT+yZ4PweObMrjWRrBzlt8hBkmbAcYOWkldDpRHicxKDS05MdJL/HaqsxNO/BDdWsYQ+VXriLgBBRBfU5CbWEVW9Exax3D5GSt0lVyJunj2M//JROccl8gZuQ22eBTqC1gmSyyQFs3gJdYZwkCQZ1FeTeF0dURWjUFOdPB1s9DwX/dJYkumEHYWR4m53ups1t9Qu5i4ar6AmeapkN/fAPQ1sWaVkCqZ9KnKT82k6z6uY2DeKVjDZ7CmuOs2wKH8ss5AtxZdtQmZzUmRzZFsP9V5Gku2LOynZ9WLbGOYI/ZVtKVJYTzCzeOELi1pPSq6FXbUlbO5Hmzq3bhT6yjpHpuUwdfI9dbCxvYkZRicAAAAAAAAAAAAAAAAAAADXjRyn/8UvfvXLX3159+7Z+X6qbx2DS8lxz5PdeOPG6csvPf/Kyy+qjuGpQF59N1VB6NwzkspHVLHh0g0uyo12r/ldtChmju8mjR1qpgyNO7p9gGgzyr+DF9rFk03lQZajpFah1ZDpNTyKzOp6olHlpEh6nVnsTkR0MtdQ5SCmJpTqy/6mNmmJJ/IAVmEB9ZFS1lUgaYPYcgaxOX0wubCCzO8jtFQ3fbA1HVEtPDjcHbD/06wN+DK3lUVZq9w6wSQ1kkmn2tUcRJGp6mzWbTpsq3fRqoALmhSeNDU43k4VuUkSBQ3tAp/EuAv5IJ4wjaEYnXDcDSc3TsZLCrY8J89O2LzLHHRP+PUiGpun/f78nOeJAh+YXZjihEzjJAs5r+3iUGQ+JrIPlH4tu9As4jcVqjgmrzMpQ2qaBuaawOep0UIJlwhTzEuK6F4EGuyysiC9UbZKIZoDkq76g3qpZjUK6XAb3K4o6F+ZTlfS8q0d6oHYc5vZ7gbVCQAAAAAAAAAAAAAAAAAAwLVhP00///nf/OVf/+J6vvJ9/ckhzrtn5/nnl7/68s/+5/9+4/VX3n7r9XEcwrVnrTiRKJ56D1RhSAsnk6duSZ5epflhFGlCKmqTMInyoTqCaKxSI8Weh4UWWoPeJIMs2Y0naqi2Jmo3UmQfyZvbFCcpTfWwz/HiSXNiqT2Y1sR1JyFYSphm7aI6BwrN94VddeF+KpJHyNsk+Xq4pZDowqCPZSX1QVdqVitNd2K/mdIVlrb6SHjPlzMq5WE9Z53U5+Pwnls36+AUbRyFq4gUnvCGRAfHVYc1BN5R2IVwGsIupWEOcTgZiebnX3nl4x9+MYZvEbok71sBoBvInOZJE+vMKZFZHIVacsvPYv+q7GQYxl3njxRs2SbzPRJdjxgbRfJ7+73JDtxYQ02KwpOl2/sMurBNG3+2m5iPquik66Xl9XxYXk2U1iqm/vACald6Yatq1loR1S3WVrGNFFVvq7BOzcMXJQwDAAAAAAAAAAAAAAAAAAAAT4Bf/urL//H///Pqa2IBOLxCfK94LC2HOX/+V3/713/zd59+8v6LLzwXrjcqquAuIcNBuhw5IsuaE/UV9JpuRsxMirVJOZA4r5apBiCsL7yXuzwJjU+t3jrCo8g170qochMKNfypHifJ89pYb1MQVxXPraMpdViSn3S+JsGPLBmHW9HEOHTGKiJBsYWgRgiJ7UFrnDo1JxRVoJhWx8LZdLU3/Gv/PpRl1puUSENiPXlFg4NaQuqiumrqUmPQNdzP1QMpum1Jr7Q5WmH+Ih52DC8KqO3pEiwduaX/+KDd6KMm5aRFefZINjW9XZHCQHlel/kzctilPKXGGE/GV99///Pf/s1PP/9sQ3RC972rXmU+XaFwTv4U3DnUEAfLDbV1wL2eozaHt9pkkyeY50Wof0g0E4rPKu0HX3U8y8LP1eQ9ZEryQ7qMXWxSk64E9mUmc5EkzQ5F1pRZ5YNWkfeBSZxOVKAmjxJlIyg7xVykKGXfKBfOW910ocLD7VbCg0NNTLMsUTeaUJ0+au/VDEHajKqY8atIdy7qFFJkyrtorQ+q1wvex1KXjXVQeV3V5pAvinj4vN1YUC1UVYztAYP9ifG6XdMnX0aZBuZSQ6Z3M3GiPmPUB9JPVQMZPM0bQ3UCAAAAAAAAAAAAAAAAAABwDfj5X/7t//qLn/dnHk407VtI67cSvMuBzf/2x3/2wXtvvfnGq+EaM4f6un8JpFON/ZmViUaX89OEZFluSng3NS+T/I1afYjLCKsHSnEYKVeUsGJ0i4yqy5ndLqKqPVSa4oFP+Y6oe1feRCchWUYdUZkEcSBJydxI9LpUI8YSGVZzk0FCrkUxIz4nGrPU1DruucJB0zUEtW4xJxeLl5I8l8ZTV43Wmsh9T+oX24uol9tYPH0VzW/x2aojqRe0YG6zU7GroluzyAB5VLarbXFXCAu7AY1SezeyB7VbCHkRhI/2uXRpDKFpVFaPt3IzCId9QlIHcXdXoF5A42dSrUNNEPTL1OwcwhVlJ3QsRu1xeuauw2qQm+utg3TuIE83jONJ4GE42YXxZDjd3Xjx1kvvvv7Z7/zWB9/5eDzdjZs76X1tr1d7titdxm121getw3vBQQjLZiw6sg7J8nfQKecCBqY2K3WDCKLZIhniaZ6nNO/neZ+PVe4gfZ384hjMSIhsSYjQhIruiVVIxupZxKKQS6o4YZWnMHlCHmtMqntSCDVfjCkaLhYyUHvoh/CXsuuQVhqrOIib60pdFdWwZOGDogPghkTRt7aaD6uKTrSLmPvRl5xmoW6c+hch1ilCBznParVBuy6Pji9R3zTVK0t2bN8UE3Ndp+y9R5rjTBWJHHWPE6+TaOV5x9QrZlXASD8wUgACAAAAAAAAAAAAAAAAAAA8af72F79SxYlE+xnuJg+JFv79n3/+83EcX33lxXBdMVWBqT64xu8tFmunif0qlSXYeYtzJlVsJKrv5Q/VyKBleAl+U1iEr6k73WlO1FsliHtC8u+CuqmkEnkUVxMxNwkSzbbUN1ZptBf9zeOkWp1YtNJep5dLuxCzqU1q8LSeZWuK9lh1bDkQO2xqKy6CLv2ib97B932cur9GG0b9nTV2q+jwsIWAE7vnQS1eDWxqeD/0dQ/kbg/kmwe3uj2s3DePDg60zcRLbYrqXzqSxs0XCZjc9mBR7mW9zlWscPCNCyXIZ76G5S2oLkH78pw6q8UaJ6+IFAYOQyqCrD2F9Oq7b7z9+Sfvf/+7r3/wbjwZ7+731zO9zoNs8XzF63xlNQFHv8rIxoGbdKIk1pnn/X6S3Dp5XUcblVQL9CXXNGmiJhvkJ7IpGKLo0CRVT8a3hF7YYVNc5RiSeYcPnuuJ/xnstqCqNVl8W6UnhyxVPoUhd5GockxdJut2pVnptk6qRVTV2rEO8eWSQicQDKJPDKrSo4U2L/S1lGsjN2mXzYWaAK15vFgruh4InfULAAAAAAAAAAAAAAAAAAAAeHLcuXv2J3/653psryyDh4sEy3Mn375988bpSbiWzPUNdCJN6OABWtWjVNuPQlVh2L9kVgElm4XGesleXg8tTGyFaww0hHBptLTCrjwpMf6SMoM1jjyHks2nBKqT5oIQ+wNtlb7l71l1NIApr82X8vWjaAjKyebnoJYtRcAy68fkopO5Szt1pJmt/U+KLvzqvgJNAtL0Pn3aGM2XZP0m/8tPqv2mne6+JwcKoTIqMfQR/AXEfPWeYDoc88OH80j5QVUHBxdw/JrWQaVBTb1TsudYA6kYbXAMJStTcdygoXzk3RCHcXf71o0Xnvvi7//2259+9Mo7b01hPvvm7v787HqKTp4IC8WJy5PqybyQp3k+n0VxwslWILUcP8F8jIoGpazgJF+I5mQUB44YTDnCdSlzU6vJFyqhSrMUx51WaT2J6erimsfOvXqrUOmiQUQnw0JT9qjgandSPWYWX27eI3eIlLC5uWxemUT3Z3+KWhI0AAAAAAAAAAAAAAAAAAAA8MT4i//zr8o/MDh5dHi/5q7+9OP3wrVEQ36WniFH8sgMRsz6wl5Yt4ClegMEz4vhOXh4li9Ti2omKrYQCy4NmC4kEcECyKm8Rq9ZdNKUVBdSRDCTGJ1w9S1oKW6a4kTf8PecGppZJ9ZL9L76cJamRx5KijalTX400bFIzPppgA5NQdrn4OktfJxKdN7cXUI3vnxhNLfP71GtGMJjjNeb9U14BHiaFVazHc/qwcXdJYoMJXI+pJF2I52Mt1586c1PPvrwB59/9IPvxxunHON894z3HM4ZohPfKNZnewVbErXTfp7281wUJ3lWxcX4+kJ1AUMKmmNJkmYNg6S7UtsL89Wok9m3Mpuv6onEB5N07RmyEMRcCy4W64W2FH0vM+2dG5bUjDzLk8fMTh6goZrdKxQroIPSjmvG7I9LGSD5u6Ft63xeeisUNVbS3kjXVx8EAAAAAAAAAAAAAAAAAADwLWA/TX/3y18HfR05gEeEde0v/u5XH37w9jgM4fphb/1Tn08/5G6xAAAQAElEQVSnIG+VM7u4JHQqk7kk0ilqDLZgsEd5NUVJ0PLk94WTq/+ud5twqYSVqS1RU5PERXoiGpGWOINquptQk+iYzclQEm60qKuLTqxtLC4mojIRcvFkcpPGMmoet+09rinVXYbrSl/G3NXTpYpOTHKkDgXVreZgDDef/3GJ15ZNeuhVsqiXOMphlPkcS7qociZPppFCOcljHHbx5ksvfPKbP/z0N3/4wfc+P+N0Pu3P7t7J//DEcSaITkIxJXLMRYdT8P2CzBhjLot63hezkzSVW2y9itvJSjZVE+tEisPgC9tnQRLzo2mfS0ueW6fsAaJSMTVKk1zYgRVrDb52eVvWIrJVpqtlc71jTaSiycR0H0tVn7euYEOFc28dwKbU4VQVaGRbt3XyokeJ+h3bzlRHqfogs2xL3eMfqIH4SbpLAQAAAAAAAAAAAAAAAAAAgF/84lehi0mDR03u8DdefyVcP3I8VhQJclzUBi2ZjmTekSCxOAbMFrtMZgri8b9k2oRYrCCiRQLry/lV53HBZNvIsOImBVOOI6cSS57llwZPV6YjJVAsNiZqTGEpdWIc4yBhV2lcjE2BUX0BoiaSCTUsW5L2hO4t+2qW8LDRCGu8wpXDFVZoOrgmmrVB0+64W0AITdDTfGvIhSb6PYtvTbhMNuR9E9WHQkt4VPhQPgJ8HPKMKHoTnklmteSKYh5CGEtmHRazkzikgU6fu/niW6+9993vfPE7v/38G6+d8XQ2z2fn+7Ov7+Qpy+fzwM+g6ISPHIe6WA6ub8qw1V0i+OKS0qtkyyqLm9OUD1xkQloeqwgo+P4kBieFcaBhoCjiIMsbJXqxuWTdku2iKCCK3qRsB9FkbG7XJF+WVZB4ZcTyBP4c1jVW91Tdf+jgMlomrOHOoWjxkdj1YlZGleCooKQ7Zlo7jhwUfpnJivWqp75h29y4+wmH26iMHQ0l7w/l4dKixJqKDhvT5lKdQ/oI10gdBAAAAAAAAAAAAAAAAAAA8K3jF39XbE7wovBjI3f49RSdsGfTkdhiSP6y+ixmIhKqVN1JULmJOaCI04iLDCShApWIvHyItMzqoBw77ltSoogkUUsuLUmiOJnk33kqYemUauYNfZte4smlcrUzCBJkjtXupNO+kCo9Wg4KTcchyXRUTLO2/QiLtBVKuq9FcyQ06gHvrTf2a5D+8F7mtRxkHdGvspLO3GCRV6TvhK4Ulx8xXyi1sWJ5bUJRRSvh2FMtHyGEDVOJwzRG/ZNGG8qHGGxeBK5tOtthDosXj5NYEuuMIY48DIno5IUb7/3gux//4It3Pv7o+VdfPQvpzp07Z/t9EpVWDqPHMVIKz5zopB/Ojf7vJ6U7XjTlA7lzkn6fyLaUuei8ijfJeUmvw6kIe4IJyTqZlA8JFR0JDTGOY29bFGousGSKE2+AadDqTGfLpFW2F0+gZPdTeGISzD7ZTZVxhEVinWYKEnzZ6GMeNlo/x5pVx1d7rzhpxVqCvSavYxP9XBVpburkiSZV5F50cvC8VR6YD2YppX/M/mH7qqhv6r01EwAAAAAAAAAAAAAAAAAAADxkvrlzR/5FzOYx4R1+7bBQrAYLRZUhL6yzikuSOF6IOqGcnF2iwS5rIEuWEN1MQM5EWr2CTrQZTOwiraLnYOKa3GZKaZomyXfDyawLklmymEJGopYxShMG05hQ+9fsEmoqBw/sakYPczcJ7MYtKkPhcKGiwQwI7mXdpAMPCF78s4idtnQf3ber9qw+RjMsWHRycnOThdNJFazoNVUD0GQcrM4vtTG10xYjOIuipDW6qQxCe5b70YVsKE5C6z6urQr3znZzaCU6sdxCpIqTkYviZMg/U6JisbEbXn7rjZfefeMH/6/ffffjD05u3frm7Oxsv9/PearOudNFWlFsdfLR0ys62dIw3e9fCtc9qK6Aqx6iWQtNJS3RNJ3nlVj3EGqJddSsiErmK9aNZpTEOkUJVPRtyee1mDCJy8msJymEpj6Lec3Pzb0jaUuYw5NTmnRsirwWfiTLNtJWlq9eTTIMRfzEy9w0frAqq/zP8wrZTtGJXY5yKP2y7rU9xFRuzKs8alUSaJ+Zu12PLGtSSGmjRr3Yt54yiNdg7AAAAAAAAAAAAAAAAAAAAL61qKGFhZrAo0SDfJpA4BqicUlLN0GU2EUYGgCWQKS4noQ5SGKd5FFLjUvG0eQmYjnik4k2jvpKLTeCBzk1hiinExXlwZzmEsifJxWF+C3kqXuKmYok2hiK2iXqL/M16Q8s6hncxqP+pKI7KaIWKbdUQXz4hv92bJcuF52s7kq8KK15xKjHAHmo125eRWnXPTivC+cYFsIWDfdqho7etIQP5SahGjxQaxUv8nV49L/fK6hV1Jp8DzvJZsdefL2KD7RV1fjiXllteKs1WbK9lJMkzzyGFAcei9lJnuS7YXzu5ktvv/753//tt7/z0Zsfvnv7xRe+uXP37v58v0/7/aTOKBIQj+LW8+w5nRTuTUlkghNZt0u7ICmqrMHyMxenk1muTboqVIvgdkZlm6mOJyYTkTXujiCsx5aHS0Qn5qIh8p9yV3JZGfcrwoUT7J8eMZuTvl/g97QqNlnYonS7x5X1GffeAKqD03rzYjsitmRZTQZ45Uaqrs3+DgzxKhnKAAAAAAAAAAAAAAAAAAAAwKMEipNHzzXvYhNzSPiPRVaSLDhr6TDU7CS5BGGpyzC1iGS2oSN2JhdBFo8WDxUuVgczz/tiG5H/mzRGnMwfoWhLggcrSxKdWN7mt8hyiVKrp0HUtnjzTGbgr+Cb5kPFNMkNTorjCQWPYl/pPf/LO/bwjLahyiY4DOHyNXhYzmHD2MO33NWVQjMtsX8tlN+XFarVhxXrNix9UatGdl/VQrpvrapwFdbNWYgT7KNbIhCHBw7JX9YMtnlcsurkGcUhJireGifP33rz448++50fffS9z196+40vv/nq67/527O7d+e5dPQ8zUMczZ7DO/kZEp20pd36/wpDwRtHpFKlvNLLmhfFyZT/k8w4yUo1FVavn6iGN3pOHHikEaQJuXRxi4QluDxKs2vpZcFMfJq3T9WzhCdBFXP1Z45dfMWd6PCyXvp3wXi58mNxprnCXN6AVGU7kRLb+NHFz6S6Ex0TvnTP8K2sTgnd7yA5AQAAAAAAAAAAAAAAAAAAAOA6kCzwFzSBTdGdlHCwik6KJkOdTqoggyxVTTgasa0ZEK5UO2u+m1L1zGfzdL4/z4HoZOKQIjWwlDlqXhDE2IQGya6hZ8jSyxR7lmh2CNKOXmlSotqcLDottghyoTh80EPWX/FBwJVd0ZJccRJDjZtfVjddUhl3WYoUraU2w2Q7wdwIqnkJq4qHPODL3X+teC3Ai+B+bOPiqgvb2wt6WoNp/Sz9zTrFShqNSC1P0EMbqUXImppQiYriJMns2u3Gmzduv/rK259/+r3/+++8/t57t198IcVwPu3Pz85SyfkU8u9ib5JL41hFEbmPn0mnk/uj97FgMqWZfJHmeb/nLpeK60T6YY6yDxQx2RCHYdwNY8kdEzSZkawmsWCyX5qMplxeEm9F/bhajU9GadI34CqKPFfZqJoumPCqcIljyiKBTTu3rQHxEpeKIr6K5wp1Bay/0F0m8RW7OkZ7wLD1dFpIDL00htRiCwAAAAAAAAAAAAAAAAAAAADwZDG3j6T6BPUbUBVIOSs+DkURYq+im9lISWxgKgX9LJ4d4Wqx1JZLwT+WjBi5rpJcg/f7YnSSyF7Ol+aV0nOUeRjHaBoJE53I8UAdJXYZSUPP9oDmdaCSk1JRfY0/lfh2IuqcPJgP23ms/Rc/pP3rz8nmRMLuDnMlC5MrVUfrsnjpFsKrr6smxx+bO53J0u/Ey1fHmBhCK+s+TQZa2zw1yur7gzvW0fMoSaDCw4RaizRpx1yqjLvx5ovPP//umx/+1m+8//3P3/rwgzvfnH3566+medoXew4W0UkqUieTQGj/RJVcPQOik8OxOTTKqSerXiht2OUsP5GKjcpuU5xOxGxIhV/Wj+z5eCjUxE5iqDRExQQsofMwkiXet6cMIbHOd1194pchGwKVzaATaYRm9kGbMoqHQJVNmfhLe4LammJOtSuLYi7PLJPD0UIFtkxJwyvJWdkZZZ8sEzG6jMN1PnxYCFPnwWQF2qVN/nNozaIOVGwZkeptSWR06qqUwnr/ov5HFEMqKlRHKvnzYm1QHVIyxxRSaxN7BjeyicPD1QoCAAAAAAAAAAAAAAAAAAAAAO6dpCFHTTeTP1Io5g2u9lDRSYkrSgRXzQN4ke0iFCeClhKjUKwHJDfJIez5dGryBYk8l//Ngc9yNL+kyOAwkLqs5AuGHEYddmJqIh4nTN2r/O3Ay7foqQZzLTdQiWAWx5ZSS/7l4dFioKFeJ0mDmvcZb17fU/UlLOYXem7pChBFwtFHTFv4lELqSt6yCuALTrGHzrvhoO6i2HmXpHqFf11j4ZHXWoKgcWCPcfOy7u3Brkd9XFzT9ZTBpXRJf1Pv0HKhzcmhGuLgW9Zn4tYdJNl0xI2B/J4x8DjnL8bxxksvvfLxex/86Ptf/D/+Hp/sfvnrX0/7OZ0XYYN4/xRpk7jtDOX5olXLwabRSE9rRLyXLAVq67ifltT3se8J3P2EOqVzTzX7krx+U9liijBsmvZnZ/N0lvuT7KYoIxJtwFr6pjJoUTQnNGhlohlRNQmbLEIWeVKlgibakoxdgylOXM1AsulEf0zz2Ch1mFxG8nXdD5dnzNGkPn6ZpQqSSqsLk+9mZDloRBQXO1lcFetRrzgpj102aVGcRNmULRVZ3j+51cfbS07+Api+Q7UjrvwQRxFThahdij6mWkV1e5RoFo8uaHL5mNpWtR7Wpx5i1cdYWjd57mBLdqGzEd+brQ4HAAAAAAAAAAAAAAAAAAAAADx+krxFn8Pns4dyVaChqWgkAEw8aOwylFfLQ5eNpZwd1B7Cw5ryn2a0IO4C/BoxLJfNovnIwcsouXz2YnOSDyee9/vJgs4S345ifDCOu3EsthEqEWjhS9WcqK+EXK+xUBKPAA1ezpwmLT9NJQTN8qAeu5RqliIKCWYei5zqWVcXbF3QtBX20j/VuGyuLqMhXZHeRA0n96KQLmDfVCPL3CCe2GjJUr1CmnbEvunlAZYUSStNvViEalRX5UVcbU2ousVU0YnUcLz+sOyTqvNIwXwLWOQavHiudjDodTbUbAYIodMWxcNYcyexOapjoaaMkIEo4qoYhxI8L/YQw5w4jicUx3gyvvLOWx/+xg8//P4XL73zBu/GaZ7Pz6cpz89kypKigBgHtfrR4bTuZv3Nz0x6HbpM0uNnKRxOTV5OFJ+Vxd9oms6m/XlKs+4etFGR30JlFhSno/wTO+GbKphERCIJs7i61aghivmfJNcxhE59sfmgi1Y+Qmix5OUfk8LR0qZodXGoF2+VGhcijCZt0YXuhiWrx+NadbU/WVRh+bmOyDs0zJxYAgAAEABJREFUAZpVdNhzy1Ol9tjGLnWrtcqLujtV3WR7kKqL5Bs5ELlXhOgEAAAAAAAAAAAAAAAAAAAAgCdNknjtlOYiQYjc0EBfkOhejNxeU+8EJ/WNfP9s2Q88dNqHIKvEQEPA+Xcs0eB0Pk+z2A9ocFqVBTWUOA67k5OT6NYDA0UtxuwJzOZEzVZUqUDsAdyiNEnTNIt7igdbe3FMJzZpjQy1GfVkf0XR5YQt3cfCkkTbYJ4uZOF0kyP0nWZGKy1XDQfzjNlUnNQWri0VVk8Rli1uB0QmerEMHsH0MW4PU1BRjQoIzPrgQaLwneoouAQl3VOJfEzlsFnL5v31KraBECsXyiFwDjs5HUWDxDSMN1554YPvf/7xD77/weffPX3xua/3ZxPP5yWdzizikuBJUEKzbOj1Ft6UZ1h0Us8vOFBCmE6g9/DJi1KmdJrzwsw/aXJNQ131/cbBLjGI4zgM+b9xCCIz8/LKCMiGosoS20NiEagUeQqrH41+nVTMdHzmPcAsv1eY11ISNRHRQ3N9oZZZyl1ATBqyyn9jt5lCpe2KfXVV+tWfXn2ubVgO5fYCvHBO2COQiscsb9BCuWIKthA29TPcTQZ/BG5/byzHWv+XAgAAAAAAAAAAAAAAAAAAAADwZJhKvpmkmRFKSLjoD8wYwMJ7SxaBUBdL9LoGgZuooXuVngOrzcks7iM853hxSXkz5XiwBhEjcWxB0xw1HvL/NFOGW1246mIRh60RSjHRkFCz1CKB7VJFrmEwmUp9id5vbK/ehy5Nz+qxF582/By64KkpTjxyy+yKHS/fslx0IdgUWmiXPV5b7+ZlQ2po+NB9oF65/Eo7Khw6uCQO1ahAR4wWJdSgf2BeBLjvHRbzlTK83i0mr3koYWO+4HNTg1RxFBWrnUCRxzSJL88wziHubt148b3X3/u/ffH5b/7olbfeiqcn38znE/N+TpNMWEvnJNosSWPi2iHqc0nZ1H9mRCeV2PnbXDJqNkcPRAFlhylCt9yf+2nas2Te0ammU5aWxYsrUHE5GYaiOOnTsoR2SV7ds/wkTwJj6NajuhNZSXyR6CTcZ1adK1LXbVzMzwfTdC2K8dVEarHk65b73F4Poy6tkLa9bULwvZCbqs3/UBCtVGh6nT1A/VmdzMfzakdTldIQAAAAAAAAAAAAAAAAAAAAAAjjMDz33K0civ67X315JGkAeIRIpFbyUpTY7azKBO4UCDXYp6Ydpgfh7fhsfdG9j+2qtcQsGXuK1CTwLOTIaD45B4tDl+w50ZLmqL3KbhiLGUVJ6lOqU3cTDR+r4MTqFCGG6zxyHVMpNmlinVkFKCWdT6846fLghF5qwesnOYQvjNuyeaqs7FEO7ALkGtrKJ1HLCZ3lSVWZcNf4ta7kQrhzT3GPF6uC6FgZ1Otp2LU+97VMOYpJTLinZvMVrjkoaPMx5PlFbkIawB7E2qSonIZhx+Pu5Nbttz/9+OPf+cG7P/zs9Lnbd/MkPbvDosspjhzFjUfSJYWSiMdMf7o4eCeBMvnEMyE6ae4SYTmFLxqUtmXYpewChPxV3gBS2QCm/TzvRUzgQoml3MB2oDhwiMMYJbHOKKliSm6jYN0tG0oubNpP+323Q8lIm83JVBxQ2BNbPRyR0z3AnbiCmx9J0H/Ue8iVc9FmzzKf1qI0W4fUbWH10pKzSvdQ0UbV3ZiDa9jItCm+YTbToRSahwr35d9Hjx1up/13m1o5DocCR2/78kpLyyOXI70OAAAAAAAAAAAAAAAAAAAACOK0UVwoxvHmjdNv7ty9p3tfeP52uF9ytV9/cyd865mDxNMlfhtKPI8ka0H0mHpVGlSLjqNhvuUX0VL0EEkCHxGapHlf0vjwJMkwYrGMKHURcQ2SxuJqMpCITvKB2Zy0UPKyRomNtlwTmlJnnkRxkopSIBSlS6iWLIdBZ43CHsgoahyYDp4sbdmgXCrD6P1hwvIV/1apylBIqmANUrPZBdBCEEPL2481gLdaSao64Zgs4hx7ExPrClrVIIFeOijzHpEYceo6fD2kvFX+fcaVe2WOHGtalllmtITV84k47G6cPPfirddeefOTDz784RevffzeyUu39/v913fuFmuTOLAIskLS+WeOO+55YkKTlffMMyM6MYecKqm5t7FYOVZUeRfljp3yVsA8hSL7sTne6dREaVC6emDJYETF8WjQfCpBVVOsuXRKoh4xNNrn9R5a+hWTcuQ9R1UUwdw+Hp9GwTQdKS3ONn1X054k9RvKe5X5oPjMbVvwRuHrtd3d0YxeTJ0nt9RFTs2CyU1Q1AUmXa5c20i+0zmpSDFEXSKzlXrGHpoWGyB5j6hUyLbyRSIxYslq1k/C3LGxKJIAAAAAAAAAAAAAAAAAAADAtwTREByNaJ2dne/G8caNk3N5Wf3YZZojoT+T7wr336Q5gBCmxEnT0XhUONV3yCV6qJqPpbDhouCkBVv9dx75VBKU5MDwPJXw8JyCep4UpYu9sS7RyCiqkxxIHOKotccuVUZfuIdTLbRcknZIxFaybJSEOhMnNaZINQyqgU6VdZjsQAK9tMjyQC2NjFan+USaJkP/PTAyoWbUUC0M+gtqNHhhiRFaFqJWIq/z4PQuE81oYml/wIsh4dW9Vl3zGGAzP4hsupMuCmxpb6zEFFzUU+UvK4OWC8n9H93/w5vBHux204XgeqZ1m8ORkPsGm1NT1TpSZZ0qUhXnB48cx5An2u2bt9589d3PP/3sN3/04ptvnNP81a+/KgFujjn6T+X5I9vOE9Vrp5QqIe9WOzedQHiGRCdCk5rUB04XXN7pJPrRY1WBiLSNp/35/vyMZPI1RVunTwnVjCdfMJTsOqQ2R3lzGkZfpKU08Uw5z79spZcxKhKVsriLDGWWRfxktAmqxjiw6rAponnGggksUur+tsXlrtcv9n77WJwk0dXYNlMmr/Wre0BpRVJZssbZHp2K7tAbvKrID5u6Khzgwpr8NEkXhSdUS2x5w9bE8mcmqJgkeNqtWvgs9lT1wbW/osoS5TFJx7pU9+wlsQIAAAAAAAAAAAAAAAAAAADb7Hbj87dvXXxNjie9+PxzF1zw9Z27d++erU7m4NOvfv314cUvPn87B6m+/Orr+SDgWBL63L4ZgCCeI8ncGsxLQBPcRMlxo1IFDVySv6y+HcNtAWb3fsjlljQaJc0Nl5w34jMh4VWu/iZU4o/F9SRSiSYPNGgyHWK31qh5JDzoya7ySOrRYgFOnlJRtpTcOqJpIZOz+Ov1HgBmf7WeVyknuLmY9K/Ze0Yefzxav4fvOowuJtuLRvwx3AJgq9P8vnQguqoKm0VpB4Uv7wmHaG6POWkYOIbQBDdVMMMWCRaDBNeiiDxIBUi82YZ1Rd6Y5IFn6s5zL2JxuQkfLerK8hZqz9lOaT4ds83I0800SCXZUqST2zeff+PVVz/64IPv/+D1994dT07u7s/CUGa+eL9E0ZaYQYYIoiipZmkZtQ9uKqGSlNo5z1A4vFeD2NG9yDjIloeMRVGcnJ+dzfNeshsdKckEWiWrzjju4hBlKxJFQ3LtBM9hLoIJdTHR9VhMUWQDMZuTYlMzL+uI4fHBwVyLuO1E1oDkQg4+XK9NomafNqQrwRRiIYSa+awT6enMN7kJr25VYxO5K1WfkkuehC9d/IutM/keeexqeyYOoZq+6E4XlvI6L9u1NlSlanlaDQEAAAAAAAAAAAAAAAAAAAB8u8gho2m+f3+RdaYCZ94qU6NdJc/KwV101Tj2twJRa7DmLqAQupileJxsO3dsoL2sb9ab9UgqBid7UYLMOfKbz5CndDBDCLWOKKHDGCWNTjCnAm+LGlV0rdUmF+VA0iQxXF7Tn8U6JYm6JbEaIZDlCAo1sMkcaFuc4RYYdlDVFdXVg1vt6w4hT/Gz6CJ1FWG3vlg/Qqj1VC8E7q5b9bWLfo7Cl33FhxdTi0ZXbUcN6aoOxDNaLO+8h+VzGO/2oUjmp1Ij2eHedAwX1qpyoBBlTopWoViWRE7zMMaSM2c82T1365X33nrn+1+88/l3Xn3nnRy+Prtzl2ZRoxRtQ2oZWbQwWQmJLTfRIirugqx64tlyOhG2srlcOl5cF6x75JRdfN7v5/1Z4JmK8CKxuhxt3CzeFkOkoeTWITc2kuGUkU1cjJOKrVH+mWWdFcVJJu8k0758R1UZ1NrNi0+PA1/sVXyzqP2CZvCl2+7qbndU6k1C+m9NXEd1p9vYVq6+DKnXA4ZOHSOqIBabo8WOuxaTcNud/E9Cd6kJ4uru7fl1dBvnOdIuPr5BBAAAAAAAAAAAAAAAAAAAANeCHAb88quvA7hWkGabCdEzMijNtqHFFS1a2gdCF2oM1ZS4pcWU0pQjzJJYZxZRigRdreSSTIeGvjrN46MHnndHWleri1RNTYKkZ9CUOpqboiTWSXMSaw3NMxE0IYOHLPmCcGoVQNRwOh08KrVMPCsVCHVJVZoYpaRnCVpkH3m1t/Wp67s+cEpd1LeLTh9qGpbtD5tw/20dpOAiiaq1aY4n7DIYa0eVbFnWncMGH0WvS9vf1AuuWtq9QmKIMciPTKeircoTb4i7ePv1l9/6zqcf/fCH73z3k+H2rWnm87NzzQRU9AyW8kQkQzLl8lxlT17SrYa1JCBPRddrlX+eucQfvHl46S1N8lXMSabz/fk5S0+pXcmGz0fwRa9LeLBl3CRKwTeCuejMio+SDIYIToLanKjsTUtwSURTdy0kXo0r5Q+6D6o+bX3+MjVZpdoEbZyh0LRtdKBw6zdrU5zIZkh8pPLt9rSp3xdHfKQIrvqaJtyKzb+Fgqc8YtMRSUogsr8etMhx1nQntTFW4uVaSAAAAAAAAAAAAAAAAAAAAADAY6ApP4q5QHRPgWX0klsAkThsZmSQdCqzZutJHKe5eBrMRQiSakab4mjCJi5hMqFJFZ6Ua/LvOHi6G8+w46/tlwpKFbNoAlhFJ/pWfam4JD6ZLUIpmYJ6YYg/yJEgL7VsEDXAygcdVU5qhhru388XYxhLU+NtDYtAaauXWgD98ogpbStgiBZR+ItuX32QkLx+ZBX1SPIcaZYNE7vAphavwfh71IewOTUsGxlLDiPLSGNXHSc+qCKFJEuOmJ1QHE+H8dbpS2+98c4X3/3w+5+//Nbb8eTk7Jt9ycgkM3cWkxMf2Wg9Yd0eSUUmNYiurV+2zzVRpcBnTnRy7/h08nwucyoGJNM+lHxaKgRKQVM9hZqrSA1S2mopibeomwk1OZOITiSdVpJMSmqSNMgQJO4crp6gMmG1RFfCtOMLuHTLFRUVVQ5GaxuRdeEHrih2YacCO7ociWijPX4HuZbNZWzlz0if2I7aFla+ClXhthTT1MxbRHwoxdM/PFpVXtADPdZUSQAAAAAAAAAAAAAAAAAAAOA6c3KyG4Z4585ZAI8fDQRaqhuzHtlKm2BXL30z7EiCiCW7zTRNRWZSwstU8t3MIgGJHmcsBZVY6qDRYdKy3AMAABAASURBVJIvNK+OFBTF1aAVS/bKe32XP4Wk3gaiPtHEQElD/0Xa0tpIoVkaWOafPmnORj/Io8atsOvqTJHLtAxBLRRLoQWUL5BStFjw1kXVsqBKPPjiQo7VslH0Qv6hfiacuLoOcD1vVRwv9ArB8MSd2KCrM4gciCWmLuFy0XKYmQH1Li905brWbTStTzTVSsmnsxtPb9x6/aWX3nvjwy++eOP9D26/8mIcT6bzlPYhTVprLGIFShQHbTl5gqSafkjNT0SbtO2FocH3feb8/FsrOuFwYE0RqiXRvM8/nObSgyJL6lU8vUIr/28oCoW8V+SfkcNSl6B5waRQnUxlSynbB7HuO7ZE+V5anlatfrioxZMhW5uujn6lRdtQmKqbx2VLve3NztFLuYr56u+lq8iFopOwpXSjUG2R4tohhpaqP6oLPeiVpHPgaJWL5nSKPv2ccsuHBxSlAQAAAAAAAAAAAAAAAAAAgGeF27du5Jjh3TtnhwGo55+7lSOOX31zZ5rmzXtzGOqVl1/cOl946cXnA7gQsTZR0ckgMU/NSEFb78n30pPybWJNgVMiiDnGO6Wwn3maiuhEgsElLGwSE423shQe1LzAfpeQcgnkm5cK1cisplnoYBIDAym6ZNKRg7mITljlHiWCXVLzuEuKFaKFpfXr9AdIxpT1BbQMXXsomNq35J4XNdqr3XKPsevVHStpj/Yb31OhdKSO5RO1IL4LkEwzcDAHtLx0JR1IU5z050i8T2RMVClgrichLJOfSGV8pCKm5bxgv1ELLgWpu0mez2OpME++k93JC7e/93/87isfvvPu+x/Ecbefpv35fPfuWZEq0JA/FWlU3FkQnWqIO1pMvepO8qSPB6OgjjuhCAvmeTq7e/fuN988TNEJPUGzju0F03u8qG4i/8zdsQ6qZixiEzilfZrOY0l7ozNjkMmgC56KjMA8T/LYxWHYjSen47DLGwjbvBGJWdC0Wmonk0stO4ym4ZG6THGim4UJOLhrsnluhNDkD3P/WKrAC/fbUdGVGZxUVRObRUsqm23ZCiWNTLJNkkkSyERqGrMisklu+iH/ui7PUzqZViXfWQrJzzCMu7KR1lkqqYVsU61annIyl5D7KGmNRXBme6OUTK63ss7gKmRhr52s8rqZ1t9FRJhSfrZZRDOssrI8+EOMqgSU3mVZQ1qn3lzqLWmt/Iy4pLCabbU9NbrQq3RyGDmelCkCPyEAAAAAAAAAAAAAAAAAAIBvIzmidHp6IrlXJj2z38+nJ3G3G8/9TCUHleTd9Yti7X0ihYpqF9Zhb/uOnmwM91pRX78nDweK7kSFJ246YuqSENQggxK7BUryhCL7YnMy76ek6XVKvHKQF9HZBiLaW/x5ZMbicxKj+SEkjUWK3qWYiJTAqGR+KdFiZvcpSVxyaUx7j1dq4Jn1LiqR1HJlauoAUSNI3FMDr2QqlKVoQYOhltpjIxtGLpbInFp6GQRVqUZNqMPcx0hDX0WvUwnLGtSBxCLJrtYw3YrclaqEg2urdCS61qpYJKSFuUT/FfViAG9iUo1FcplOEO8AkqC4WQuE0Oew4M51JizUCDUgrPKhpN1SBS3EGvyvoh2WTDv6FF3RNZ2Nd0iRJlhqjTy4GsdmMRrReLpka5KyWd0T4i5POeaBeEdxDOPu1osvvvnZpx//6Puvffgene6+uns30N08AeeZ4xDLHJ7zXB21maKIIu+3wPXhqTlDiAsHq0FQ8KQwmf35+fnZWZ6jobg33Xz2wuGHu3Dqzq+mPPuysMlXVGK5a5paYl10PVOW8ziOu5P8E3cjxUEVGLKZk00K0Z/51i9jpqqUFFLbne59l+/EKA+X3oakqbx8uauSo79mxcWKObeSanWFy2DbCmNd+/fFpTe6hC1oO5turnm4+P4YRbMiqsKNauqWk3/lPx67OOT5sRuGAAAAAAAAAAAAAAAAAAAAAL59DMNw6+aN8/1URSfTNJ2e7DIr0ck4lGwJScKVx0rLMay/+9WXh+dffumFHOH61a+/Sgf3juPw4vPPBSD0ph124F+p4EPNL8yDoNMGpHlWecnMPM3zHEJJe2N+IlQSXYQuA00xD4iiD4nkwoJyrkorzKqCXeugTiqNYmxSTAwsFUqRnHQJN6SCevuG8kKlHauQbTLhApvNhgZhV/3TC03sd02BE/ooMgXqBR2tBbzo6l7vwlwVP7wcEzKnDw6HZfKq3LD0CGlHS6OYg4C6JvdInWiArhJ9viCgrX4HoY5Cc0HQlDqiBhCDBftZdHei7brYVUiqtaGlD03SGZM0ZD/wTJIDZ6BhOH3huZfeefutTz9966OPXn7rjXAyFo2KSljYBD9aShcYJ1XZcK3+4BGr24MZT/iw78/Pz+7cGcbx5q1bJzduPHOik+2B31ScLM6XESsCkbzjS2IdNbG4oB5xP8rb9DCKpICTSZ3s2KRNSVDllMjCyPSJltHpkWhHLqZXe/gssWPqFnXo5JBmRrK891BZYtvqZqWm2IjHBCsXtZbp6h11pPD6dyFtNi5aZp6uB7xK/SjGQtZ+LYSLJ4x80/VM2dtFDpZn0xjjyXiSf2yGAAAAAAAAAAAAAAAAAAAAgG8Bvf/DfppyMGm3G2u4S1Pn5DOru/TM/sD+BDxEqJN92K+leoE10K+fq+FA4vNpr6luiuJEvFBa+FST57RIY4niDyVkWDLpBHnjXRxWYt8OSWWS/NiyT0gNaS4Kl06CspKBWCMXUdEUlrloOPSeN1pIsw/Q3/IQR5w8Fi2tjiaWeEIFKKtraft2/UprPYzibkh/Du5eJdlhO0PL66nPJhKqIGRZJneSmOMVXgk2bYinQNFTXsMitYn/5nWYfrvkpLonEYy4CwqpIEfz6Ug9Y56Ikqcphry3DOPNV1988zuffPiDH7754YfDyclcMoqYDEBNFrjm5THt0KL6Y8F7u6749FhH5bk57fdFcDXPN27duik/w/jMJP6gQwEHr7QmzbViTd038kqeOE0qS/OEOtvkNR9t53G3nGKVM5iFjopK2IQnZaUn4jgX84sYq8ZQN4n4JKQnirn5DLQ2KfEt1EyBgmu9yPV9cZHXyiQXyRIMxarkM1snkVpZArO2lYdwfPcxtUevfmu/L7pliaTRWZ/blJ4QNVlQS93js6gk1zHFTPmibvTU9DlcjVx0i8l/Wk6i3RQAAAAAAAAAAAAAAAAAAADAtwN/V9niXPv9dLLbnZzszs73+WOOROYgnATOqLfWh+jkMRDNWqQ5hLitSY7tkb6OT+3LYkeRo+vFpmaaNWfGfp5I9AAaV4zF5IRUAhJNbpLHdtDQoRSuuTBiPh0s9BiDRUwHzZPiOXRyjLkoTlR9kvRaco1F7CbV4iFYrw9ughIs7tk9dkuMEtQcQbH37vVGj5ZKa3s5iMc6WXrPxSUXRHt5K6zLFKpiZBU6pe7q/kteFtI+NmuHdRx22yNo1ZLaPayio3uI1IuEwOUBwVrAZqKSzNChxKejzg8W5YgEkZkOm9K1aSmDoa6GoBoUGaZYjC54SNPEaUx57pV8Oi+cvvTCF//H33/5/Xefe/01OjndzxzHkqVHtheN6c8qSWBeGNTogPORJ/W+pXEcplJjrnYqa2G/z7ftTk9Pb97Iv0pdFJ7h9DpVcXLJRBFxQ1mMJUkUF6eiwLMc2wKkA6GPainK8p3zyE5xKEI1M+QoO0MSI4zifMTFXUm1ZYlIbLGq6oLDpqTr8WP6CSLqhHtm1sNHbzlWWpua0n3ykYvcJC5cUi6UYviSDHSZzuSiIg4ayQe/raHHP5LbwHgWN67tC71XUjUiIrN7ET1j0SGlmgEOAAAAAAAAAAAAAAAAAAAAPPNcLDoJYnayG3MkdzxP+3rXKN75+wmik0dLS8vg+g3uvtKwn3gMlIj9zGk/z+fT3rLe8OzGE6UMSZIQqfwWaxPzOVFnE3LRCanMYeGxQdUUIVdhyTNEJJBMtkCqGEguLunvbiVwqHYC7svC23khaKmu4CMv/JNbm9i3mp/FoqWLK6ufQf24rV3YvGlRtZin8NEbeaNMcsFHsGfuzoTuAZtOhdoN9TlUbxOOV9QKqhV3X5iQh0NV7bBnEbFh9zwbHA4r8fGg9Tf1CdjMUSSOr9qVFIYQU/5Jw3j71nC6u/Hcc2999vEbn3740Q9/MNy6Mbu4aE4lPl2znbhdDvnz+BI4ojjxFlhAP0/Oab8/Pzub884lQojTGzdv3rp149bNPNGL60lKz5jopFcv8eFsPGJ2YotXD0SeNYUNhwwrQ/8pKgomkZpNZQKVvwIjBVMwsXggpXkSE6Sgkz8OZdORDUoGk7vi1rqHx0eeK9V5pf0J1Pw/IshKviKuWFpVe9Q/pWRSPzp2/fpsmfZJhVeps4y6Oqsy/SP1kkU/4/tR08b1d4bQGUaFxQUH+7L+JxOgOGTJXwkaAt2vbgYAAAAAAAAAAAAAAAAAAAA8dXjEzT6e76fby3w6+2kqopNxON+b6CQf54jSrNqDzTL9YBiGY9+OQ5wP4nFD3Lj+24zpAHI4zxM75J5PMlwa1hWjgiRRyhLvzcM3SwqVORV9iPS/Ck6i2JyMEgmNsUYURXRimXYk3OmxSJaga7lIx7hkKCnhWEmnU2Kyc5G1BG42Aa6iSE35QdXVgGtCFzY1RC5iNf4LrYmWkJ86ce0HabgFi8k0GVWg0fl5hIOIp3+n8fW1i0P/kVrtq4+e58VC+Km/jsL6oN7npSePAqvuJKyUAAc3NkFO59LSqz7o4BE3P0p3aW4d1o/k3WBFRO0wqre5PUz3DPVwiZgZFHGTOERo38rM0VxMSQbtZDfcuPHcm699/KPf+OCLz26+/OJw6+acwtn5eSyJOAYfHZOY1OabLMqe50q+CbnlZ3eL3CQVqct4elK2rqKhOzmpCV7yorhcdMJX1kLwFS69onbhXpFeV+VEmTDdVs69TOeghVEXYlTBWprKz7wnZh9nz2+1tT5ln5nynJHcRdMQT3RsVHeSJN+WtKqUFodBdy5Jv6N/MKL4qSwthB69PqGuvaoO0Q1F+6jqTuq3sWtTTTDD2zm9qJqmBFlgqr7JvVIW29bQH6pDqlLFpTDUN8a/1o2v/I2k0ASJ7Rpft359/3sDyfsjz1q0IrZB5OfQg3EYtA8WzlRaO1nD8t+eKGKdKC0eKY407MQ/C5ITAAAAAAAAAAAAAAAAAACAbw81UqYfJXdCyjGjHK1VI5NpP4cbIX+st5zsduHC3DoazMoBqpdeeO7YNc8/dzuAC6khxZqGRlUWRR2Sx4tY8mLwVGQgswaPk1uIiEBDwqqiOCF77b4caoQwdhF9HS+NvZbcOhTnMNGgr9wHbcNUypaIctpPJXtGCTWzZ6fJJbCn1LFwrYdiOaX24rw8B6tJSgj90xncnt2Cv4NpYizVDoXBQqWh00qonISLriZ26oSuFr2Buxf4a6tq0PmoikMOZ66OHrWxLTRdfQA6lwC1NglJ+hjCAAAQAElEQVTcfA3MCUafpY+7bzuMhIW5SF/ysZBuC2e7aQVJNyQVJ4gZgUSXk/ewKI3iwpShGBXw2tBF9SSp63J5uNQ5kbCLR1QDJflwxt2tV1997ZOP3v38kzc//vD2Ky/yMJzt9/nbgcZQ8nCYYqE6+pBKWVyAIrNU9iiVtRyYRNTVYfl05vNhGE5OT3cnJ+NuNwya8IPrFjfP83gVoUh4GqBqYROCC4S4zcYmPuDDG00INU9p2hfRicjFNi9euGCUbWAuM7gs+FiS6YTYvhSnk3yFimB0WrkighcjtxJ2PRb6NqhwL3a7j2pjwgMjO2tNKHRlp5PgbWP/H1+iGjkCHzneqM/+/C/7wXepqrNr24pqlbptuixY2VNS0TQO443deDrshviIdFYAAAAAAAAAAAAAAAAAAADgOlKCsp3oJBQ1yX7IIdudi07k9zC2WP6J+KBU45ND4mCB5M1rTk52OaqVvzqMu+Vg3cnuGct98QB4NL29WS4CCY2WlshuCf9Oc47yFvcRHcJYfRVcaWKik5JJpxiFRGKqL8mvQoPmcSL6ChUnSL4MFlebIpSYNXGGazW2mrwMp1bvBF6qTKLKC8ywxC7khUOJGaWIPkZ/R/d9sW8Tt3ww5K3vVCy82Ui6PIjL7So6/GrxkReXHIZ7OYRVqF2TIXGX3CLSqhzXe6zMIK4WfHZHHKPITSTljece6r4V1RFRdK+baK3lC4UATS1A3Ilg1KYmF1Z0KOM43Lgx7G7uTm59/Fu/9frHH7z+/tsnz9/mIYoualCjlzIPtK95W05TpC/cVC513q6eV09Oeefan+edatztTk5Px3GMojixfkgpWKopGkO4knHK9aO3nPFJQtym/8LypC65w3LsSk5TyUJURCdTFLVKP6DHGiAlp1BUTXnfmcrQ28CUNZnKvlR0TGJjo5vXwrfDNGkmh+qf6BEisrX2R44v1Lp0Sq/7qkhUZdF3P7UBuurtfDheD9A5xHS5Fw/7sDZFXjhYkKnJ2RZbVfThzEttNwwncTgRo7SndIEBAAAAAAAAAAAAAAAAAACA+0BdLua5xePO99MNEZ2EO+VjDjFN8zwOmZgvG4QcgbrA6US9KPbT9NXXdw6/fXm3yyGqr7+52ytdlByqPtkdNUf51iFykxq5dL1HEREUZ4Jpmrh4O8yzaEJKrDlKRgtVmYjoxHJIDOTWJiUAalID6jwqJOZolaoWJBTHAim4SFvMQkVT+ahIxJUfSzYCnJ1aoulF2FQmgVvulmWWm2aNEkP0zqBqSVIuiNTfXrqGlm3Yiivzka+W7hmrU2SPQctYPG9FVmlVbFqcZHJlT7suLZ9drj/oWr564Fryp7S2SOqPGlH24i0pSmhZbHKHasQ7bhbZ/yP/zqxuFxYojyqHmrkk19id7m6/+Nr7H7z72efvffcLOtnROJTEPkXENnug2rUmvQzGREW1CQv5xPIafzbmuWR62e/Pz3PJ4263OymE2MXQaw3ye7yKD8M99PcTgI/IoQ5/h17zpZgLkfhaFcXaVNLlSJGiUfDe7+ZQK4hCSyhjvZ+SparJN6pKjdMQR8mtM+jEy/uT+TCxu/rQSlL1aFnmqfFaqzytF8V031a7kotKbqKNhWtTVGeq0HbAy2adSugWG9QDzEEuidj04KhAsK8qWjKm9kfZLYaSPYBvXax7cR20SNZXsqkUdY/kAEoBAAAAAAAAAAAAAAAAAAAAfDtQgci8cDqZclxpGIaqFvjqq2+SR+ROT0tunfPz84vKHHLIqUSXA3gw2N8w14Qlc+I5SIhdctzkn0yO+lKNIEp2mxjU0kQNTsxQJMcBNTTMoYlONNw/iwlE1YGU0DNzsUCYigUCW7xRrmEWdUsnxzhQANTYK3eJP/Qyi+GKAoa5GZtEz4lTQ8M6hWoV2gKyBDlUe6d74z6YO8uqB+mS7r3su6YOYTqQoaw8TmijzJrDKByEvDUcb+PQP8kDkVYVyTH3B0Ikd8jQriOOU0jFsoKpDllXbP8UoblVqJQludNGnnnjGHfjc2+/8+Zn33n30y/e+/Q7icXdJM/guWRwiYlSNbhwHY9IpDxrEqlIgvqu8wZw0y0FS6lzdvfu+dlZye8xDKc3bp3c2GXiMGhCF5t4ffIg5mfGTMlG1NfgVSUKNh2K4kRsTtIsqy0FT0N10b1FZsK6F5TdoKyCqepUkiTYoTK/4hAHGsTTJrX20XZrHoPsRCrpjJJolVjHrKSqf8w9lFnv48PbqV5zb0/oy5Xvq3/48snQGrb9NfVSxKPVyyaY/+oUeZE6JekODMUJAAAAAAAAAAAAAAAAAADAt4VxLMHG+cBxZL+fxP4gakaC/oLTk5P8++xsf0Gx0Z1OAngAzK5A5CY5TD+po0OOE6dJ3B0m1aPkcJ+9al5eM4+eTcdzpojugZYeHeSykZZ0RYP9ln+F5/20Fw+VZpbQrmU2icXSnYI3zDjWxgG00FZ0gVmNb4pahfnwyuoW0KLGG1FVCdMe8TI41r2bZy4O8B5edmmwv/dZYFZdiN5Hqr1hWpdByypZg7vHLugr8vC3ddHVlAiiB2jCoMPiNyxs8kAlETCVmyPHomu69crLz7326ns/+MH73/uNW6+8NsddmqaSbYSjKBJYdC1qmKH6Es20sqyu91Gwz/b4elZdM4pRxzSdn53lb27eupV/Tm6c6iJotxHlabxq+dMrOuHud3eWw+b54zfKSin9V4Qn+Z9IbUHS0YKoyZdstctOUk2LCinomJYtKP91KYKjUOVO9ySNeTT05k4ruOmpQr8tXqXUXqWm886dUuhAwFHrO6y/yfdoLRO7CrzVooOL5Hysfx0kB1vw9W/DGm0N1n0hmkdW6ndY8mrKX50kf2dK7qzisXJ11Q4AAAAAAAAAAAAAAAAAAAB4qtmNJfx6mCjny6++2b5+N+bY05zSNB91Mcmxqt1OtCxwOnkwTENR9CV8Nu1T4ClJHpHcsR6zH4rihMTbJEqsMFq0UGOJKuEINf6pxhYOdS4DpLkTLAPG+ZQr2av8Qy4ocoFyEF3KEJcRTok704HKxIUCzZukfljIQaymFg6Oh5oKV6KYMCVsaCpSs/SoBgRMRA85zF178WoqlYXiJK10I9z9vrhKXuh0th8pEbfQdfIYuoSCWRUerB2sMiTuCiMdW6/PHEwUDUkHNcHxRy9B6IEHLrXm0zGOMe7iax99+Olv/uj1Dz8Jp7fmMORJmCQLUlBfjKQGL/mUdAS7mwktHHHCKsGLiyFMmlRye+3V3eTk9PT2888Pw3Djxo1izpSnf1y4oZTWD51jiiyRkbmf+5sHFol/jFzBHKLz5uhOqS9MsHVMbbZpsZLhKcmaErlTkLw6aeJ5n4qV0T6KG4kk7+Je7aMJk6y64lJTbtdcSnKuTKgkXVX6ikW0VjJOJVH9RFUucPFjmmTJFpub+hjc7Rd1pMKjhFt1to8sHJnsqWLXs7QWP4UDeVRo21lJQtYma7QKomgwitCs3++aOqydK2I/szbhlh6LwmXqDbk0iXxNVz+X1ZW0EJtUnsqu9HCMsgFYH0gqNnecUlWYG96oFRKbpY1J32iIodMwqQNWyNvAGIeTuDuJY9kMigjtIe+6AAAAAAAAAAAAAAAAAAAA4Hqy24no5MqWJGZzcmFunZs3TnOcbOpMMq7O5QG2bx9zSHfO757vzxMVz4g5zZqVJcp75cXQpPxoiFxz1mhiGpIYonhpuNwkSNxwMBGG2KcISUPHOWwq7gdpnnItwXNCqLuJROBNxVAlJLxSS2issuTcKAlTgikUDqO0tH4Pv2VWCX1p1JQDvVymvoHv1ib+X+guDjU4Hv3Jg5tqHM4yDmHZ0Bae1vw3qT5yCkz9Nf2RhmVDcJWFfEydmCM3Jkp42OP5FqJOiS9vkQl7FjUH9nw6zabBzQjMHaVFf8XzRjpEOiIu5DhpWbsWp32XitGBKI7yARfpQL65zK6xZG2Kp7du3p3OX/3g3Tc/++Q3fvf/SSc3eByZB95PonyZi6ZBbV1MZkJmkiGZlgJx5y9hkgQNc1d9QH2A/NX+/Pzs7tn+/Gzc7U5unO5OTk5OT9kcNRLppAhux2PF2eOLDovGsJiXRw/oMdo1XCFGr1KaQ38McnGVnqANx4vyVdJpKR3Kon8q0pMiSilagyQSoMV9oVOp1ewziXViVVEB6WzydTW72KIZaUj7Wvl9ny6PH1Vvd1lvKCyHlTsOh/sqZzRV2FL7ttiIjrRpfcJ2Zb6kukM8sVqwFR8Ok4z1pdmghOC6RFsLJiOMZcPy5aLaMB3zkkOn7kCLOaZeKWNJqBSHYRzDQE3hAwAAAAAAAAAAAAAAAAAAAJ5lcnSpdzrJxxJUuoiTE0lMweH0ZNefPzu3bDs5/HTjtAhT7tw5C/eOimBSusI7/98CpnmaOe2n+XyeJp6SZdORQKEm0BHFiaki/K11DSjKVf4av9ha1IhyfbGfLbbPsyQrYVGflBQoaV5E+kMv99B/zKpg1WDydCluEECLm/sreRn59Yh1f2n3Bv46WKxR9Nlfv2/uHrxsjcVH+3+uFMZVo4taDItSwmUNqnxIvZRnKQSo3iraz5pEZnHFynGGLxcc9AqVpmHxNDXtiqo40a+WQ2Q6AnuE5l+i98fQjbncF6umKIpagV31UILMTIloHuNwugs3dx9/94u3P/vk5Xff5Zs3UxyDOF+ULk9cY/JJwvrJ7HOGYqsR20SjpeRDLVDYtTf50xDHeU5fffnl3W++ybHt51544fTmTVkEUb0YZN6pEGqjP7XAkjVqv3960+us6UxdWF1i3PVk41KzpnD3Dkuvkzh2MipeSk96yLVUwXxKbE2yOWbEqtsYZFSWt/Z7waMSlxxjZX3z0LVE7s+zcd5rf9yPfAVak3TdhE6h1jZ81c4lPv4ERZBWUmsV161hcJFRAAAAAAAAAAAAAAAAAAAAAN8CTkUdsp8mDTTdvHmqGpRLuXXzxurM2fmv9ODG6UmOOU3zfL7fh6vx3O2bOVbFJXSV41bFpeP8/Kr3Ptuc7fc5Tn+2P8+xYS5ZESxhhdhMDOrjMNTkOUyVSJZgJ7ifRHM6Yc2KITYHHGaJ1ufxSmYWopFpHo5FGC+MnXowd+ii/rQZ4aXlLbQuwXLDNA1Eec2+pVypIoawVGysgsurhm16GVyAXx9FY2JFV7uXonKoWWDIntgj8qG6bfA66dA9ccmNZLKb1gl9n/DRQLFmyVmpAkJYmtaUK1yAoOmPUv5JSRQnKX+IJ8P4ws1X33v79fff/d7f+3vD7ZtpHIvTiGZq0mRHRaqSTKWjTjyuVZAG8Ep/U5GKJA+PVF+kIrxPU3ne0xs3Tk5Pb96+vdvtzKNCVFMuOVmrJvLMSSJ1yWXevXv3ztdfPzuik+Pw8TOqy0klV9c0FVuMhdzHZvLKq8MVLWt5VZD+LR4XFFUtaDllfMmlss9cEwlC2wRDWIrqNjepq20Wh4oT230vuP1arTKXGQAAEABJREFU9IdaD7kbkuRcWkmWyIxPElX5F5Gt7f4aLn+HxkCDqR6vyQMCAAAAAAAAAAAAAAAAAACAR44Gxe6eWa6c8/P9PD+oxYhG37755u4F18i79S0ulSNdpyeDHTPnZkB0opxPU473zZxKSFc1JYO6U1D14Yg0qPSBYhOd9IXUK5tWQxJriO6ENc44l1xIKvIwQUBy4YQVYgWs6JUKi/wVYoexfGV+9WHZyvrJdRB0OBFbyLwL8fYijxDCMUcBjQt3ddJmyQcNjdxfYIoTil5j6qLwtS80FYV+UHOUVTaPcN9WCzp6vTLEa2du42VVXBT2VSVN3xvLDuFFTiYLRIuYZBxGGnd5q6Ax3nrtxXd+8Nnbn376+ttv7156bi+PKku73JfypOKZXGhS3Uw0qU6IVXoipw9aK2l3aCxpeko+nfyT9428AE5OT3e73TCOwzAsH9+Oaszb1gVJwDzlSb7PfPPlV1//+tfjtyqPl+l6TAUSdOoWvcl+bzKRUDKqxKjZj9SvSB1jInmyIy+qCSzYd4Uhb0LjSG5RZR5MsSwe3V9U0EZLG53Hy2L9V9FJXY367f0ty0MtTggtkY1+CtcVdhnYUWsS5n7A+o3GFqkIUwaROkbbFaOIFiE8AQAAAAAAAAAAAAAAAAAAePb55s5dFXnox6o+eRByIVN5f36+4JpffflV//HOnbtnXvWMxDodUzF2YGrvzRN57FhjmhLLLBl2SEUnYS2qaB4nHmwOanFQgsFFEFEOJC6cgl3gGU94I2hoUebOxcRSdZjYQ7/y5DIW7+8uD8TUWyd0Ba/Dsup5Y09R3Tt68cZSfbJMoRM8iUxVwMhv5sXVB4+2OlN7e+mQ4HITYputXd8u2Aq63qfcpCuxCkHCUnTiKX1qRppW40Iz0BQn2xKcUO0MRDNSZoRdUKLKieM8p5Pnb77+4btvf/7Zx7/5G7vbt/PkOZt5ODnhIicbc9BZDF7IMzjZaGjJ3gOSsshcNazWRRvkzDRN6sch7hnjOO5OTk/F8se0EEstgeSSEp8dD/qX4zzfp/10fnZ+dvfu2Z27ubixyZsu6+6njYVMqid6TiwW1VnZpKeJk+zUvk5UBHToHRQWupNOtCFnBqGMRJkhQ9usqiCDn2xPxt6ZQ+k9lMKDacGOKE6CS3YumWlNrRaeMC5ZlF3aVlibSpY1h7n+QSFZZ3kxjjGOooNsFlv8NK4dAAAAAAAAAAAAAAAAAAAAcD/kIGx42FysODmEoTU5wn7aU5GUFPkFyVGoZiRBTlqc2NUoTY9S6MN+7IKFIjQp/iZJ+9wcDVogOVwBFX9QWCk+rJ7FgcSwu5AurbOpxLCZ1yIeBr7T8mOtmDu5Sc0BEfoIcknkQp5+ha/ykBKHpppRp4lyVEYhj16yhniwXr84YrISHh7cPVP56VZaMp3GVjM8SZDdSWsTmi3BDElSHBGf5KJjGriM1ZiGeOPF2+/+4Luf/73feuW9d2h3UjI0TXMcxjQVFxgupjlJM3AQ16baIHFVgpSP6WiUn4IIo9I8z/m/fKIITobdOO4ywR00SEw1DqZKFGOL4BY/4ezu3f35/u43d+/euTPv9/mmZzu9ztJ4g6kqsgplGSVVnMzzpLIBTrNkMjJ7IvbF1JfYH1RFj4h8aDzZDcMw7SfN0CXpdWI+k1zRZvPoscN8VIITDh5KMwGFhTDq3upyfU2x+1nsPwf5dyp9NbqRWzH3XLsduHVN2Czk0NDFVCai0rKMVuZVo+KjMoK0ekTPJKZX7oriZBjzoir6E46dHhIAAAAAAAAAAAAAAAAAAAAA8GSJg2QsEHeK8vY5l1igftVLTFRSIOkNxMagM35IIh7waGiaLWwYLa2OSzQ4JA7NUYUvsgQJVW4igUm/XqOZYTCzk0CWrEMkB3JNct3LOiBZw6xWe5+Uo15Q/QCoiV14WdBmpLhaYnQZdmgRkz+4xWLQGn9PqaYKqgFs8YgJmj2n1kLt1gUpPUi0fS0cYpfekOdI6mo6VtHKQYREhrAp84peUsrzRoYihmKKUdwswm5344UXnn/j1Q9/4wcf/OB7u+dvx5s39vupWKGMxeigPKkITrSlTQvUxok11419KF3b+WLoiIufwjzN037v45UXwrA7ORmHnQqwwnKs++MYPbkO8yxuPvvz86+/+vq8eJycFWsPKfNZFp1w010pJHmG5lD0AEn2gZTmfe5gcepRDUHulIFXa0F2k1VpvpzaxyIGGneyuqY5lc4dRHESFkY0V5J6PVI2d4e6y9Tf/X4RrsZKvOIP6tPaP1wsJfF+vv9e6p/l0lKaEVBrXpfkLNKy4HVFWpkmdotlOcUxjznl1Zn/QInzVqInPuIAAAAAAAAAAAAAAAAAAAAAAE1VEWpiHfstX3msXqxComZykEBi0Q2wyCEkZCymE0kzarDoFORtehdVqG5FpRz1HXii6pexCjdK1e5bIZHkRXvaHV6ufKMGLcWRIlrqhRqJDvV2D5iqYkGi3Z62Rq1STMLS5cHoG2fqhLiRy6LGkb2iLqkLrR7OrqsSkvZOv7/i30LMXSS9duWGiOU+NSfr27i5hpg/DfVX9uHuDnle6ruLVWVUTqTQtDyLm0RNxHOaQ8m+MtLJjnY3djduvvPFd77727/16gfvx5und6Y5hp0k0bHm5cPkMhyuHUNtKoS1SCjoo6QUNGNOcVvgNGVEcTIMQ5TMLfn3OI4qcjrwNTF86DV6Xh5zf77P5ZzfvXvnq6/35+fTfrLpFZ9p0UnYmgcuRGA19CgJi0puHUsPVXcV3RSacCdtiEW0z2eZVmVodifj7mTOXT3NmSBn1ZQpqQwpqM6Ln4T7xUr6UHcH3lyXD6j56GqlukG7y9BBfp+Dj/fub7LRhoulLd0DclglD+tEJ0lsgjhwTY+kpddby2jqBIjFgWsoOa3U6WSQlfwkbG0AAAAAAAAAAAAAAAAAAAAAAAeUODpHDQ1Gh9or8ZHNSkJ+RVWDUAoq2ChuITOXBCXsziFBFQKqYWlChCbjqHgwsqpL+uiz30T1Gm7nF7gyJmhkm1Q14rWr6CDVK4OrOkzDQeQ1idogTWsDAlq22FL3XOIp4AqRjfiy+nCYqiN35IYkpTvRR5lpfXQs285xNgLTi7Y1uYmWz30apXj0pti1LbqMx38Td71BXDOxSB/kL+M4hnF38vzzb3704dsff/r+d75744WX0zhMiYbxZJpm803RzhBFE7uGoepOPLdOpz4JoTvnk0weT/Pp5Alb5vow7Ha7QeQmGgXfeMJuPvjEKZ4r+/109+s7Z3fvnt89KxKWOS+k6JXxMy46WcEqNyveNbIPJElZ5JY05uLT92PQjCqUDhaKbSLuSZMHRtVAUy5unvLo5RHrRV5lk2oysWslRVi3p+nmHpR+MZoGqnHYB4+lVzYejagTEK7JS6gIh0SspEoyKSDpKtaxjWVJlZ+hCAuL4kT/VhFDdAIAAAAAAAAAAAAAAAAAAADAtaC+Kq+5c8hVGJ5Px0P2ordIXRaTYhdRlCZplgCz5dIpaAx5JtEitICjKkO6WCGtJCaeUidUHYhkUDlUqoivSdLLxdWEarv0YTqTEaqWJjlsnWp2CBEwpJS8Tr+FaruoimLCugV67qLYMXfWDvVM91W1LTEFTHN/UTePJpTh1jc2LvXEotgHw1pUfQeCNYBnV49cGimXJ1K/GRWXpO6WWBUnSf1kpNhhHMsgUHzxrdff+PTTT374gzff/2g8vbmfynzieS7+BpKVSWtgiUzzYWuomio0exvrJdEmiDNCzLXP87zf70UrVTxOcgNMcTLE4EKiddlukFNzPAWZ/Pvz87t37tz5uhiczPuJQnWdsDH9dolOQvCUKGGWxDpTEgGXSk2qpUVno9SEaL14yrtb3JPKQXE0UU1Q2Ww0RZdY1tTtJn9V7E80ydJlKWYeI/VJFwcPQ3RCkQ5XwOWtefB+WYhmLutnHVbqMrH1d3SyobY35k9FBCnnoqggy/BTHMvpvEjda0utlBb3AgAAAAAAAAAAAAAAAAAAAACeDJJPpMT1omsputioHZv8QdBQ4axyk6La4E5u4piDCG+85L54Ib8XnXhkdqGpqNKBdpsfE7vEJJitCbEZK/RKkRbp7PNCmNlJDZ/W2j11zkIFsmwDB6YLg7zq1BC23voPVd/hPiKHmVzIn84q9bQTdGDD8XA8E6wltVE161AKtR+uEtUOIWwPdhQriuBGMVF1NTmqzMOwu3Xy8vvvfv73f+fdz79z+5WXZ6a7d/dhHMY4TmV6TTVabg07rMYzLAWbB6ZKIe9LLgKROR/MKYgWIg3DcHJ6qkoGzbnjAiXq5qSWutAwWHaelM7Pzr75+uu733yzPz9XYVReDIu8VCE8k6KTDUmHy5JcRpCHLfeyeB9Jbp1mrdN2Fqq5eNZ2PewOJ6Xrya0yoiRV0oRPlg5pEBlKaNO0NCya7uXofH2kGoXFMundRx6Su0mg3rXHlIJD/nXJXQ/1oTvRyRVvaBowV29V5QhXJZeK7PxZEofkf5eiZtMZiwLNM+s8pI0PAAAAAAAAAAAAAAAAAAAAAPDglJglN7MTe4tefE/qy+ms/ytx3Rxb56IzKekQSjqN8ltdCaiKIBbv81cbj/4grN6ZDwPLm+2ebCMESb7BXcYZjU6uo7fVlKUeGJRmE1L4N5r1wwLSFr+2PA0urKgleiO3mhq69DFHsYh6a07QXERJrUq8hMRFrFBir7F3Q2DPPdIadBhlPXb+4nYtGxmqwUkdZzdQ4fYkV46YtwGyiLsOtxyU31F/chQ5B5Bz/Pjmay+++5vf++6PfvTSm6+Hk93ZXCYSn4z7/URpKnk1yiyLlt1J+5RdHWIP4KIc8qQcnpjJNT0hzfP5+fn+bIrDriTTOTnZ7XbjbjcMgzY7NVMcGSbu1DY+9GZwIvqqPGTffP31na++EsVJ8d3JQ+uypyZfuaro5GEZczw0YUPp3LQ8FVm0ZeYjxHkUZ/1KpoxJxmzFaNqteZL0OnrOVWDWwijjMuhQRpEXhBBMUiSbj2qHxLhGZW7zvM9F7lWmUDIhmcKDq8FJmVsiTLmgGx6pBwotdxCiEA5y69yHC4vd4moakoRnQQ6W+1L1A1reqE1qkrIgJlFMvTjncC+x7avb9RK7sCvKWLEsZtWmUTiosy6fKkoqs6Lsayrri7EtK3Moom7D17HNp4Yiq6GhpO2KIrHxHab65AAAAAAAAAAAAAAAAAAAAIAnRI7flEwF4NGjxhjRLTSuGxLWC5JJx7xO2PKESMC+RJdZQ57znMPISUKHJeInYfagUX8JRIY+vc5VooGsJgWrk1WvIVHVIQcbSaLUFrSV70SBIBHQYEFpqn4LEsIUi4Wo3hcigJDgaArBVQomN+nr1Vtpo4e4sy3gsH7PfvFJ8v4UnUSf4sValuRIn1k1HuXhIkk8mbpmVIMQbioKDfsGc+LgGmLWS+mS2TUn9n7rArseMkubNg4AABAASURBVKbyW3LXUA3iW1iZPNuSxphdWWAqEDldZBieWCaRP8jMPMRBJAlcdD0lWD0mGibmeOP09quvvPbee29//smbn338/Msv5+qnebIeKTKTUdVNwSLtmhynmSGUtEht7mn7pG+5BbPZOy7NIU3F0Wcci9Zkd3IyjmMQwxJqeqLqx7AYTr0md2/uDnFJmaf9fn++P797V7+yyH1ss0oXS/5nvNIauELioquxtZsfNuCqe37skqioeouWcg6VVHDv7sGuExNBWspD6LM3uQuNrVnzoQk2hlWpZOuFbGspMhLVn8xpypzfzUXlcdRrU2oOGcEtUdIlqo5Hq1E4NuDUZdi5VHdy7GLuJqd3ES2rpENZje6ntqzNv8i2gOhLaKMNMYQD9Y5sfJGbyoRdgZTWF1ojo99le720JpHv5Caw0/2yKQRTdZLSWRJTWUuxSBOrcEl0ebb3AwAAAAAAAAAAAAAAAAAAgCdDjr6enZ8H8OjRMNnJ7ppm21CHhuI80ccCqYQGU+ApzRq+l1QZaVZfDo/wBsu2USUmmn9nIYDoQ6irA3MqWLfHrlGZDq1sRqophV7G6zw4mpRDNSLJCwslkNkpTqwRy8wp9vuoeqOXBywsAEL1DFD/hdiUMbXF/kZ/apHj3M5UjSJqo7xJ0RvVRCetvg0uVfkkL7Den0RLwDZqYn+gbdWMFyYEIJVNrXwboj1hSPJEPHTWNto5u6E4MrDJDYp45Hy/z9ftnn/u5ffeefuLzz/7zR8+//qr+5DOtWlxFJ8Tj1+zBqSps2sgMy9RZY9Nsyp0UisUUqGMPtdclApT/nbc7UqajjH/HmzCdE9TR3MVsfcZFcvMn6b9+bn+zj9pnmXVxCosqpO7qnqemfQ6VdVhtiUblKlj5jwpqBhkLmeKkGmhcjJBm6p02ExKtjYBk1Wo+KUM5H5fxpLiTjxqdKnM81y0ky71eYoUCCsDKN4yFGo7mnkScWheRGYDE5balKtoijrbk2pHdDnevJoNh5uWzg6q7IouKCVc2DB9Itv41ekk0BB81shfBVKfFbFAAgAAAAAAAAAAAAAAAAAAAE+QWzdPi+ikGTiAR4WqDG7dvBGuAV999dV/+S//5Xd/93fbqf59cVKPC/2fqUxYLDCqsUBwExRF0zRQ8GQKtLY5oYM8O+0rbgoQ6t6Pp+W9tPXyfwvFetCWzdGkNJc1409YRGG7N/fjQVXBX7wPF1BFJFW74m/n+5v6ZrWyqq4ESGvwnblFyZvGYs0lq/LBF20R5VjLpatM5HFp1JpMRhLU8MQ8CmROmHhAxAc0hjidz+NQPEWmmePpbrxx4/YrL7/+6cfvf/75Gx98+NxLL03l3lhzsMiMSJ1fjgt0xM+iDbdPpF6u0BlnFHuSNIvgZL/P15zevHlyeiJXRXPo8CnUP1hLqKR2CzLfc4w7Vz2d7wtnZ0V0st/n33rvMAzJMo2YOqIV8gyJThaoW856qVT1kibdElMk/RDUXcMWeFOBLUrsUqVUhVNyZxVRluTyZlGYRfW90Yw/nnqm+nnQhdl1wtVUGY+WlcTkMrGY0U+spRTPpB6+E21UF/qcNxz4CnscbXcjBxudutfdc3/2OYH0r4mtOC+1aXGkGTreg+ZcalPnyY8jAAAAAAAAAAAAAAAAAAAAeOGF5/7uV18+Ta+GP7WQhNZyh4cnzZdffvlHf/RHv/d7v9eLTlQwkvSd+SI/0JD9LLITtnfKS3IEfzHeEt2E3p9jebChOAmrezqaYGUZjfa0J3Q0vtgCkNUIgPUh2pv/VeHRG1v01gvrQtOygu0V0t2+rVRpyUnk4UyNsar1sjwbjx2qUeAWA24BfUl7oWfNh4U4ValQdYjRa+O0z8HiXYi7Mqd2cffSi298/P7bX3zn3c+++9wrr9CwO0+SQcfEQyTypdaVnfSkSeM6jxxXeMh3mWEYiixBLEnywSQqkXEcT27cuHHzxjCORUTSZ3M6vvX1/je5idPe3E1Keh2pors0iCplITeq6+TZEZ14WpbQuVnU76wrXQGUSu4j1jWYPJnLkTLVV8eXq6sZbDuoyyMPp/xLeRTdR4gOFUMU6GrGHU941fHWst+UnjQxnequ7Eamji0x34W11zZcYgxD3eWL05yOb55XZtFor6p/CknyVjL3RMlBpqITvY4C4/+3AAAAAAAAAAAAAAAAAAAAXAdcA4HozaOFPZ74wvO3wxPl17/+9R/+4R/+7Gc/+73f+73+vGY0MB+TUGZEEmMBTf0SXAlAXVxU3kHXSPNFNW4HUrvjWBULNdAcwmGOk5UZzyIrRbuqEykcnOy+2IhKL4pf3n+Z6IQ0IVFfQjLzkP4kWeYabjVcN72JYAqP/qPCpiVZOsPowJFmCKpOFqTJb1KMIY5zSOOtW69/+PZ73/vijY8/ePntN0+fe2kSaUgewEgmIdAppfH0zgDG5EJHY+rLqZLn8FSKNVOecTfeuHkz/8RhSM2mxxUStI7W1+nH3cdpvz8/O9ufn2vJ6s2jiZ86+4hVr1g3Pa2iE3bXG/3Eni9ooQmwD6kuEZF9iAioWJ2U5FwxVGnDSpWmfjWWK2YWFU9xlaGoWVS0TL04nyoXlLQqUbKrjJlejZGPU7LUWdeflpuGui3PIc1adjDdU2qmIiY2ia5vKmesA+mgC7Quma3mRBO6fYjvpc9UeKQlVPlLbeDh9dWlalVKvnQ4orBpx/pb8mjFFIZoTlIywRLV2XgtN1EAAAAAAAAAAAAAAAAAAIBvDzdOT154/vavv/w6gEeJhs9efOG5U0vw8WT41a9+9Ud/9Ec/+9nP8vFrr73Wf+WOJjmaN5d0GFTfqi+5RSwO6vShXtrSgvjhVlTRY5xNa+KikVVBrTr/1t72D2GR/4XbeY1H9heHsExws2lb0p4tqk0DtSpj3wxyJ49VtNWr7vwLVLpQnq3loejVL9ZKvS4tGpWj5/dgWnA/dM0oD6gGFlHaq3H/Re2pz6JUGqq9lAPB5IVpXh2aWedJFCUQlcwzN092t2/eeOH2O9/99O3888nHw+nJ+ZRKVq8i2xgpRPWw4NRmjlkwtJHrJDAuNtKQvUxMMiMe5n2a9/s9pzQUe5PTXW5B3O1OTkoGHE4mbSHPndMLUMLae0LPz5IipshNxDQlrPwkOp8Ii+xTy9l0bdLrPICXjq9zDk2s0NuWiBMJWUIrdxlS2VJeRUV3Il1WnUviqmR38Aiu22peR9qzsTNQSjbqmljHFCeqJArXnsXi75xL9Ax18j0OnXBEV6QJPbplkCeamH7wYjEvCg9LhZDXGMSlpNOv+LdVihW2ZCitzZ5CSU/LVpt8btSKdGGaYKgrwZoRlzqvVjKnqtFUoYyk0QoDxZ0IjiKZ6ERNdXRm0tMwAQAAAAAAAAAAAAAAAAAAAJ5hPvrwnf/v/++Pn4qw3VNNDpF99OG74cnxy1/+8g//8A//23/7b/n493//9//BP/gH/bdTUtFJyaqTivuEnO1joKThetOa1BtX6pMWOrXgZdUlGGRh6u5MuBy1M8n3lrf9LRPHItjKiwhqOHgJfw0vG1DNR7g9glo9dPH1ZqmymeunawAtQ7DU2qmNrTHh0IlkwgPDSzXOFrTSvmxdsCgyteA4dT+tSgoaB6aSdoei+lEM4wkPMd978+UXX/v4g3e+8+k7n36cj+PJjkMOH5fr52lO+zn3lTk41Jh46LQsy2E9eGCOw5Bj0ZMgc7foV6QB48npaf6XxB1jFeIP3bzlPgdTe2wLshetyfl+lsKtHSudwDLKzx6Tr0U9ZtEJbeoFwr3DnNpDFVRYkKhbFD63zTlDZSD595wmzUIUUjOridSLIA6UPhS6ZDF+blsQFKvyyL1r1kNynWEnXNpg6Q1VkgTZ++LiG7OZcXmfLVFeCPJUk7eY4mwKkeWs9WLDQZOaKEQNToKoEi2nT3LR32oV2ce49sKSWdUJidoQh6o7USkTi/dWESfu4pB/hnxANKhwSeQmuUuegvEGAAAAAAAAAAAAAAAAAAD4FnB6cvLxh+/+yZ/+efnAizQI4AHhLnvBpx+/d7J7Yq4Hv/zlL3/605/+9//+3/Pxv/pX/yofry44n/b96/Fco9dFSNAUKBp/rLHCVeRUXk/XnBjuCNJCyg1afdwKvPLhx0hJrVgkgwR3keg+ynrMuOIQOuKAwprhRS7hdiUlF9N4Vywa2ef14Zq5ouUdsW81ZGsGG1zjyauG0VZrL1+VxVbiwgvUTuK4wMWGWD8cCHdMcVLFNzIEFIvKII93pBDLwTjwEHm3O7l984VXX/347/3ozU8/fvH114aT3ayPrzIEdW5g7SLx0mjJdGiZ0ohD7avuQepxiXzPczW8KB4nu0KMg4hOFtKQaujAWwW2oLz4LczF42Q/nZ+b4qRL/GR+HNTKbe1RQxgzouCnNb2O0ukJuBv30A6obRQyaCL92U+513LvhTDHctngC0KtaVa9rx/qlmFOO71pEpumpUiKzPCChjpjrr7mnxTU/Vb6prq9S39Gd95gqyzNovNQ74+u0PWewKGXzS2r40Ub7rOj2LRHmiFHllPgS0uj7tmiONZQh2tggo5v0N3RSx2GuBtPhtwXKcWiPlGjm17MBwAAAAAAAAAAAAAAAAAAAJ48r77y4jRN//PPfx488vpUvDF+/SF/qfuD9956+aUXwhPi7/7u737605/+8R//cT7+gz/4gx//+MeH15xP5ySmEGJoQhLZ81iyBTGpKk70FvMeCfZlvbY8tGctWQb2Dw6CvnCf/LC7VhJ21JOsOVH05XfXxrhmoyuVey2JZl7oW2A2FB4nl7Q2FFokV8+yBoAtOYReFiyHiBZhddSWE628T2Jr2ZaA5L5jvo8EUfTYUzbymbloJ2goChEx/2iXlww7YjYQYz5fFCc05CtzUJhPTnkMz7/+6msfvPvJb/zw7e9+cvLi7fxVyXpzPifT4ZQykkrcpNyUelnJQedsagmoeKTsi7ZhzgfF3aSYIQy709OTk5OV1kSMS0JiU7TU1B8rZw2zfyj6lTDPaeoUJ0HC5bycb7VdVc6ixCGKwUpZTU+36EQNLULoPWGOigyKyipxyn9M9vt5Lk4nJNIEorBwQmr3N9VYHYS43FOYw1KeIZqTbVFbbezTh+o41tOxQqEJr1S3Q7SQZdlFYdmXYXlBX9xiTZkKJNxzk9sHWVTd+XjBnZE2xDL+qxtsuXIcxjFvLEm2ZEsrpLl3igIR/08FAAAAAAAAAAAAAAAAAADg+vDmG6/euHH6x3/yv3KEFXGcB8HSAphio8ThP/3k/RdfeC48IX7xi1/89Kc//R//43/k4x//+Md/8Ad/sHlZSd0QxWVAdScLJL2Ox43VaEQDyH2mhFDf5yfJfMChnlG/l6WopB0cKgrYo6L6TWoyD4018qpxfambMdfuAnvpvgkcLgtS17C2PlDLJyJv2qslx3U1WHggcmTfZAasQg3y3DfRZT8lAszFuWBMpnqmAAAQAElEQVSQgDDtbt3YvfD886+/9tlv/ei199996a3X76bp7OtvhjAUxUaKolcoGg7WgVOB0tqywGLofdaOUNVE1W6EeZomVkVIXmjDEEtwukhPRPchaqFUjDc0U4xfqOYkoXfriXKxJZeaZ7FOSdM0z/tp5YzSjv1/h0RthJCvf7pFJ1dFO6OoddKcey7NobhWlJ6MLZ+WeXfYDSpl0jHWMe1Su7gHhl7LLVtLHER1oDKfLrnXWrHwxDgUjtyH/0rSbESuZgqqOSHqxDXVCabTah3T3KgYpzfjOcLFu2crzPL4lBaZVZGcdx3ZwkVqIera0JP5QDK3vxnc7J/0L0/ujTEOY0nfNasusk4bAAAAAAAAAAAAAAAAAAAAcH148YXnfuMHn/3pn/2fv/r1VwHcL9UZJEiXfvThOye7XXhC/O3f/u1Pf/rTP/mTP8nHP/nJT/71v/7Xx64sMftI6s+w/o4twBlFeBE7p44YQq9QIc8usxYR8CqXzerbg/feyQwOVOTg5Ukyli4CraHmZYDXgrLdh9Wj8OJa7vwCFnHSanBivaFCidpUlZqYMUYOpQ/h6SceeFg0ZZH3Q68Vyj/Ros953pyeDDdvvv7+e29+8vGbH+efD9NIc4wjjUVeMM1TCm6VoaqfROqVwnw4I7QKOhYcLwqSpJYkecKOYzFDKPOWQhwGOZ2iFFCqLplJVnOM3FlikYxpLgYd+/xfKVwsWaqk4chBMwHRVSMeJ0NUBlVHPCuikw3lBKUmPjAljqkH8njn7is2JyYQyNdErn5I5fK5FmyFValGdNOkgxmpXUvFe8e0P1WQ0TfyqVBN0iqFkEuY/LycUyGGb7e9P49qqtZ2Ul1msMPqDhJKdT4xXs69dZwY/4jWJHWiw7BdfW3iFr3zTSr5lUzdJyuIVBcWKdYN3LthI/MWAAAAAAAAAAAAAAAAAAAAeLKc7Hbf/ezDL7/65ssvv/rq6ztnZ+fn+6lmlwCXkiNjJ7vx9PTkuds3n3/+ueefuxWeHH/zN3/zk5/85E//9E/z8R/90R/9/u///gUX705OyN8qD01K4vkcRHGi+Q36VA6BQh+2p8O4dA1luoKkZ1FUPaMuBv4F18Ij9Vd7O1tWmBhaGLd3pzgkrV6/77I7+LNotDs2141A/hxEHujs8o3Yt9t5I9oHOjx5HagdxeuUHUtaZFmtQYpMKUTa3b75+sfvv/nxRx988b2X3nrz5PbtfQh58ygmF5MaIUTNWcRzKlNLMupYgVXGw7Vz9CB1bZOZF2ISuvbQmNkVQpeeQy5SSVDgbjKpNCTaBGlDJf4m83nm7CwfWdHBdCSHfZCSV6WzIWo2Ksn8YroIqvPwSqKTh6mSeEgxeHIbH/vYqRZMO2QKL18JrbN1CFQvUZxwTBpG1bekJaZSZUnRE3AdFFlf3WJmdzxRUZwt7aIJmlX0EEyn1md4eYJrTNI5Lbamej7Y41dzlyqwErWIit1MmcWhun+I3E7kbW0/KoKMYDdXXaAOGYvnSKzfBhNYqUHTXHc7WmYnYrMzajKgRfNJZEb2ZfIHYtuV1YHKdkbqqmYfHB107ooztyCZKsnEjdYwWe4USr6sIulTVVNZdsNuF0ln49xSZkF2AgAAAAAAAAAAAAAAAAAAcM14/rlbT1YtAR6cXnHyb//tv/2X//JfXnz9EAcqohHRBHjgnzptibxnH2r8XgOXntZCxQNHQ3+J1klUuNObpLBUOlQ3EgtCWpSWU+hlKtXUIIY+wYR9zdwrJDj013RZKCx7jP0bvdJgYUwJBB8+VDPnoJpexwwXti4OodoKuDXAQhfwsN7V711bFk1dQsyLyO9SbVObLAHj2KL3UcQaanAy5ueINPAYh9OTWy8898oH7336Wz/64PPPh9u3Z4pnJYzM425Mc4oiupCMSMlUAZLrxhNoeK6jtC276NuvFibzPJXWxJK55uT0ZCiqk9yOKEWVKD2pMmWadVxJ/CFizLMn31LSlnAddXeqyWXO+2meplCztUg31bC7xuLVXkUzPGnn5XpLbDwvnmJtYsITuYvqPB6vZLzxsMw5+KHpLS6ckzLVWfwoog5esjuKFGBKPCeRJIWSe4lFHsFNYcRVhRBUqZN/yxSRDhxMeFF6WUdCMmyZn4yUKcNRFAdhMedt1YtCTIu7j0e7Z/rx1XniY5+0LpkP5trCagvTiTzkNkmnU5RLqpwr8qi55HkKQf2Byq1Rk1Fp3iGtSYR4sYo7rDdSEsVGar5MbN5RktIo6VZM3DudeM/02fVKRUMnnUm5VXkB6nepiFe43t227KY48bVky8FEQt5jyRaYtC2YMCmSbxP5aSOrkDDXu5NeSHHclb9TckymxZmHQ28uAAAAAAAAAAAAAAAAAAAAAMCD8dd//dc/+clP/uzP/iwf/7t/9+/++T//55feEiW+RyUwT2kuccZFrLw5N7RX59dF1MBl91WOE7NpVmrAWd/Zt8C/xI8XYXILxTbDFU6iN/GMJtRLT8j9RbQcE45UrUDUmxKRh8RrTamzQ8iBTKs6Vh2MNq8ZcbRovutVqIuo1i8Ow9m0KqncNViFtScfRtiUNqPpfPAhh6oXTjLm6tJriWIJe7uOQIQ9Ih6Q0DnF3S4PyLDbnb783FuffPT+d7/71kcfPf/Ga+H09Ex8SMT/gCS+LZ4gRbhjfgdm2BA6zxf9JoRDxUwNzcthboCaZ5i7iWSwGfJ/tdlJIuZlgplbiamTVA+iU69MlTIrQiqyiKQeJ+xqEhM2WKua74Om8jG3BrFaUVMTUpnJEDWrTjU4scrl8BlJr3OAWXPIsXWNdVtSWY4NG8WNka2ZcfJE0n5SzY7sP6YWY92RRFpBKobz/lXVjwxPCoH44apIHhDfS+wTHb/QfV0ukCU1hdQ6OQ7pajS7mX6hF+3gwsPEd+5uf+DlLfdGvw9eAVOcdPd3ea2sZWSPub5V9x5X+MnOPHQ6QDJV4nUafwAAAAAAAAAAAAAAAAAAAACedv7qr/7qxz/+8f/6X/8rH//7f//v/9k/+2ebly0Df6oM0HfWSV8dX8RBt4KixwJ9fVKJuHTRUCmCKjX4WFhW44jy7cwrg5JVk5a5flo0lMkkFPZ9WuhBaKEPoaCpPrhrZPdsF4QzORwPKF9fcqfMVEUuyTMJdRICKiodE+UQa9ifaUdjCjENcbh18/YrL9x44flPfvMHb3/40StvvTEP8Q5PIeWrBo+SN5VGS0LUyW7YpDZU9S6LNtZELqEmGCnN252cxBjF2mSowfqWc6dk7wmqCdFqvLpB85aIlwQVEdM8F7FJZrL0YX1WqWa1w2yFsylaStFStWTRMY+JaO4m2zyropOGdNOcp1UoPjTnKe1TmmJMJNqj6oa0usVPss48tUUJTYFR83FVq6MiSQk2e6hL0LNI/XMdYObN6cD9JnQFb5sqzVk/nfs/kZkrsWv09K5aOJkWiMj7MTy6jjrMyxOrSMj2hMVfnVgT/7igTzRGRWMSuwd1XWEkFadVNY1v0ynx07gPAwAAAAAAAAAAAAAAAAAAAHA9+cu//Msf//jHf/7nf56P/8N/+A//9J/+083Lfvazn/3X//pf/+E//If1zNKiIW4kiuHVv+vjvqgmGrDA8aIAS6wiwWj1rqAaf/Qr1RBF3ucPIi6Jy3Bja2twCQmLhELjsOK1wes2s2lNSPJZWKzWLFL6Fl7lxXmiK154gCkkOquBx5YeoiTjYOrlN9qt2iDX9Uj2jmJSU/wlyugU0UWc8slx3N268eLbr731xWfvfPbJ+9/5hGOcieaiwRiK4IPnogVIIvMRZQAvsicZnmREP4RD3UmpUzQrLG1Sfcm4K7i/iOe7qZfZnOlzgxjR82/oleLEwao4UZuTGiavjiYqUtFvdby0imKuIqYmKj0JnVHFMRXBMy06aX4a4gCTpL/mPaeJtga+3deGiS1hjv2zkKmVsSkLWdKtBJsJLkLiayU0aVzcqgfWR7CuljJHvQc0QdfKy+SgQheAdF/RA7fmOKvC05FuYRO+JVGE6Y0xf8yzYVBZmkhRdH5EdTY5LOR6zgQAAAAAAAAAAAAAAAAAAAAAnjZ+/vOf/+QnP1HFyX/8j//xn/yTf7J52c9+9rOf/vSn/+Jf/IuDb6i9LN8EHovQIbtuI9U79Hx3MWsA1BQlnWcIdbYVYZFupvc8YV68ty+KE02ss6HN6GUi1WLDz3BYq0LI80rYO/VdEdQ/K9GlOhC+wplLS3gyb+i7n4cdp+ZN0+mOxO/EXFBooN144/nnb738wmsff/jhD7738rtv3XjhuXkckl/BxWKEUyo+IiImSp20pe8ZcmcDlyJ52LzHxSFF/1HS2IjUY7fbDeO4SnnTK0Jano06kcSGpBWo5iupO17P8KZfmec07fdqzaDKFfKEPoMn0+GVXdAWz6zoRM0zRKCkuoHcp9Oczue0LxqCqKvNp1lw741mvSGfpR8lv1UUTYFJseoGJOMUdAByr+vcVf+ZTtp2jRKs8D2eF7R/pC91+YTq82Lfk61Vdg2GauXa/CNV2tXqajqxJvZ7UtqMi1dIv4cnvbooTqJq38IQ8hZQPhbRyTBUgxvuOwiiEwAAAAAAAAAAAAAAAAAAAAAemJ///Oc//vGP/+Iv/iIf/6f/9J/+8T/+x5uXqeLkyy+/XJ039xE9ZtMlCOvkN90BbwgLeBVe1Vjq4v36KkeRd9upr0EC0mqE4UYlZPlvNsKKh02roeruWRYXS/yarUgL5VbXDfLmPyTrkdRF268L8tydEkgMSeqHoOIeifcm0ZGUSO+tGycv3Hr7i+++973vvvHB+6+89daceC5fS56kEHMnzzkcPs8qLHLVUKshaME1fU8n9OmHrVcRqKIkD9YwDOM4DvJP9RRRjxPNkBNcWUIqX3AflFqaSRRUp+DOKNxl1bFKk+hczIcmTPtpniaVmKg0IjdAs+r07ibUCVw2BSjXUXTyUNQH6kKTElvelDTlAeF5ygchiHFFGdhUZAP1Fv3HR5w035FtAlSTwgSVDZFpJvL/Br1QhrkqTvquDwsp2zVactpOvlAXU2V2bFYu/W5pe1boxVlEhzuLFOI6O5/9Mjr9vFzuzZcJpnxaN1VXZ0a1uGZ5/Yb5Tx6/2VvSny+WSmR2VyrEI83LU6RuwVIuyV+KsgpNMeg5hcL10RoBAAAAAAAAAAAAAAAAAAAA8HTzv//3//43/+bf5N/5+D//5//8j/7RP9q8rCpOchT/hz/84fLL5n6h0VyVImiiEXZfDnbpRlgbdazfq9dTswg4Un8dm96jaDskoGxmFTUWLWKUFspUHUpYW0qw6WRWp/xR2KUkbrBQhQ8a/k3B7VS6mGyzybg8lknetvqJDkK6GoR9HBHww8hv6I1nFs2y4HZIoe/kGvSXvo48jMWFIvDJc7dfevuNF95587f/P//v26++fPe8uH/kaHCOAk97FXBMojvgKNFy8yqoIfC+SdV8wVQ95GrqjwAAEABJREFUvbsML+LaRT1SgsyZ8eSkeJwMQ1+U6k2mqegctAgRhwys8eruqS1NT0ouPWFPzaJCgOrdE9oFZDIKk7zsdhIDp1FEJ60jO2OcC6wWnkGnE1WJaB8FmUfBsh3tpzwp0izOJZq1iPrcVp7FyPJgDepCU/xOhsUm4Xfkomx3oKDmMr2YqCl9WCVNvmtcMyVC6hQnC0EGUxXJqJtOcyphlV64gU9wKQ4NZW1E6ifiqjYrwAyF5FRyqdlym1htqQstiIydrVrr1IUibOlfFPpiRQhGu6IRi56w6/gCIZMe9p2Ui8nPmZ9QhSaSZ4fzBChWSp5iSa/OPcExz5IA/i/2/jTWti07D8PGmGutvfc5t3n39dWRVY9VpFklipGjAhwYSaRQMkFFgiII+pMAgmIESJX4K4H/CIIINZEICoh/JPYPIwoSBAgCw2kMwVFgII4TJHHiyIAVIDIJ9aRIGmSRrNfde87ee601R+Zo51x773Pvue+9evWqvGa9Onc3a6812zFH881vrGUta1nLWtaylrWsZS1rWcta1rKWtaxlLWtZy1rWspa1rGUtH7n85m/+5re+9a3f+q3fKq//wl/4C3/mz/yZi5e1iJO/+Tf/5je/+c3222zhYIGbKKDCI5BMJaGfADRMAhozjTQ7HRn1gRY7IV8i+HO89xeEFjGc2xho/VlN4tOUFIwoEkrN56f07ZFNZJX0UVjxKXSB5AEb9IBHcumFSJGWEuXlQp5NWhbj5PhEskMw9UjbFriQT0Pi/lRaKcgfBvwYAkhwBALIYFaBXKbIdrt9+ODha6984Sd/4qs//VNf/NpXP3j2LKc0bLtpypYnSf/lzk0GWSJK9eHL8LfiO+L7JZvMkuOEui71Q4laM2BDoSdxi+A4USiJMZGgJV3BJhZf8Qnlwpl/4qiXypHB4XiNywuKhXsAbJYwxERuDgI9iaecFoUQ3IUBKPeBH8bi4CCylcBvyrBMRLOAtiJ70gLPFUUwEzwTnTomKcMFhPSR+UMGy8DEAJXe4ExCV6P3QfjMQUzuW85EjKwpWgB19HMIliYI6XzyU/CMYRW4xd1ELeRNP4jZ3/6lT7gP8flQOwOORd2bf4z8Rt4xBoewR06rpPxC/GkmR0Pq9SqA4LA/bHdbWMta1rKWtaxlLWtZy1rWspa1rGUta1nLWtaylrWsZS1rWcta1vKS5Td+4ze+/e1vK+LkL/7Fv/in//SfvnjZCeLkD/2hP9R+e3u7zxY8R8UdIC4zPJyXYD7BQAygoBnspWbHCZwK+X1mA5Rgm1WlAbWcPjKek+NDJFics6+3acKzcTfMTbYXedJpXhVYQGW0vBSORKkWXiJwu8wv8T0tZ7UiYX0pfxm9gZiZUCET8wmQfNVvt8PV7tUvfe5zX3vnnW98/e0v/+jw8MHtNDP9Cf8KKfKYCIlN7esFjQI44Ylejo5ugYshaSN1EPKL0jdJUuoo2QnfLTPMhCenwE2UkoQBLp2Gow3w0Sa7qYiTfBpRj+Q78zTN02xX8yNy3EQS9TDHiWJN4s6n5Tn5SfyxP4ygkxZCxggw4YfJ0oV5AqrfwAKvFlRGKh80YY6OH6dPAQdeWGIdT78UIwIVSaRff4/Xzves4Mka4DanuxrUSsqLE24B9DPs12LOV6oUe0sIFXEC8OI8O/csREtCF6365WV44bfBfJRAUEgx8Ilz6zhFkyIejdVGoHb88oN3P3jz82+e07esZS1rWcta1rKWtaxlLWtZy1rWspa1rGUta1nLWtaylrWsZS1reU75jd/4jW9961u//du/XV7/pb/0l/7Un/pTFy97DuJEI3e/83vvZqyAAKyJDu4s9Xy8s0l4/JKgAWDMTGew+BmdATzoLEqI+itqrqQ2wI/BorG4AVcclx86zwK1F6eLrYE2LAsvVfClfnRGP/JiWpX7F3pubJc7NQMKrQ3mhMI4UcL9wniS0mbT77avvv32ky+8/bU/+Ac+985XXn37zdvjeJgkj01moEAW/gmvcdI4sUWWsxKogA2Okl+cPh/PQCfCW0E59YYg6XpLrANN6p0Ss56OR4UcKFYh/p6Qu4AnytFRz0qM4RwncRkjTjgZzBgIFQS/rWX26c7v/8JSfqKPNhzLPP8Qgk4a7g0yjANNpbGSxEgTW1EdaTz/HQhgSfEBXZDeuDghcEIOxiIp6MBADC0jxksv089qCX4X9Bmv7FDKG5Tbdt5zLjKmp6E5QYie+952Wc1wZCUxmdLik+cNm7RfRYpk1RECnISpBX1pbh3PxsOzLQkI6f13P3zz82/Oc+77DtaylrWsZS1rWcta1rKWtaxlLWtZy1rWspa1rGUta1nLWtaylrXco/z6r//6t771re985zslDPcLv/ALf/JP/smLlz2f46RE3oFBJ+8RSvjOEAT34PkgWCBTKs9HBmrQG8xfsCDAuASKSGf39lj1ArCCdn/lVKmVTM3ndmkDBKH27p6v4xMp51iT56FPaEEEorweSA09yydb7kafoIICFA2UUwflvw4219evfuHzr//ol77ykz/5ua/8aLreQZfef/p0PM4cAU6dIDeMRSFAPhpDNl4bFKjHAuLTYgy0VsqwsKipolRQs9iUmLGgT8D7UbhN5olZSSZlT0heFJlQSq7gFooUPOA/BwW2WDIdUkiK5dPxDzmFS3lsZ0Vi3casAc+J9dMp94TBWeaZazXP4zj+cKbXgTrDSClOpItnBRmg4SeUDYca5IQBAljYKMKoSy0NBzV3ttFNnZFdMJgoPocfxIKRuOwFDTC6nni/IPA4hUHRc551nkvse4Q7aXKGpQrjOkWcWHk+H4n+khekEB8J9iy4pMrEOcWU8LwD+uf/7De/9o0fOxyOfX8Fa1nLWtaylrWsZS1rWcta1rKWtaxlLWtZy1rWspa1rGUta1nLWl5Ufu3Xfu3b3/727/zO75Tg3V/+y3/5T/yJP3HxsucjTko5HMfy95f/4a/OWeORdALz0Ki652cwaAlqepY2ewbFN6cFychOECpU5fmZMSrrSvNRZG7Qd/oi1xAqxjVLXMlHpS+5b3lxGPckfEz0ParJ5SeefEJZkAA2DBz173e7Vz//9ptf/fKPfP0bn//qO1dPXsGuu332TLgEMPWDAD5GYTHhuySHFHBwOOttLMeSoQXsmfdFBgiZQeoZbtJ3kjHHsCAy84SOZCxvk2S6adlHIplO20zh2gBFOyjdAwkgIktannmaFHZCgjgB4SbRALcm65F8OsxyApjg3tQS9myi8pDxeJwEH6N3++EEnSgwTeZEllZLn3KSncihhNjk03EMCpj0MOjQoGgSRipkkwvOnATGl4JQqS4oN/CiFwGCvv8Fg9ylRYzAXcC3hMsf3nnTFxYBe9wJaEtCFnK/EsQy0Cxtxpctv9drgosEBYb24pQ6bVmMI+mg81pPlooJbEkbbq2sW5wzOgcW/v3/5Fd+5o//1273xwcPVtDJWtaylrWsZS1rWcta1rKWtaxlLWtZy1rWspa1rGUta1nLWtbygvKrv/qr3/72t3/3d3+3hOP+yl/5K3/8j//xi5e9EHFSyn5/KH//b//vv6c4DoAWxCE8IW1eBqwXtG+JIIJ/EhnM/h1aBpa4J9MVODRkGWQEqAFSggtUAA2LCTTB3FrfYJ2gSrXyKSBO/OaEDd0LBPPKJ404Oe0XGw70jCO0+M7BPaQZKfwLRnnwn75Lw/Dk82998+d+9svf+Hr/8CFsh6e3+3F/O3DOHWWvyPPMgI9pnh181OltMUdzvN+bSgUuhDgBBj0nkF5iy8Nm0w+DQhFA8uMEDck0T+VF3/WabkUvsMecY2sMcYJYm4sKjshzVroUGYRJKxOkKYI56SzLSdLerLgWuIOdAVMwuFiZxjFIWfrdbrPd/uCCTrBZlw2AgZeZkJrIdM8zMRVNnvgTRftwPzE/hWHN+NeMc7DEO6BYgp7hOJgYWmT3b8ZS0uvMwlHTCecM9+w0CTuP5lo6ZQ1qfwuGJLqzEHz0dXgyCXDJWiLzPGWlZNFHcX8IfMvyA8na04VRJSbIaqpJgwRaw5K0zFqD6hF1DNAxxMoJV5A/XZlguPdVNAq1FJ3Un2KMloXRXs3bbP3M6BEUQhupyaS4NeVJkht2CkDLZC0SghImCyJBvygJinzFJCXchJQ9i1IGxyUZbZKSMEWVFA7G2YJQuU6EUgkruFD7lehX/t4/Kn11PJblN68ZdtaylrWsZS1rWcta1rKWtaxlLWtZy1rWspa1rGUta1nLWtaylueUQJyUEOFf/at/9Y/9sT928bL7IE5KeO54nEqc7j/+u38fPEyqIfsK5bBD8XZ2XYtm0GBWg+DP0ChzDVSjn++3AGmNK5fIKZ2QmGSqv7lc7voKqc2zAxqujIsvgBIkjgkvKufwgrNb6dvchH81IJwrdIay4WcqcEF7JfkPOr91IHnwrheR04YW5AKVVoRvy/gODhajAEJQ4sbDZjuOHL4vPV8i9xxa7lO321698uj1H/nSV37f7/viV7/26M03c98d5pme5RLgH7BjpInEnPnBScLoMwXFSFZOClAGGqIpK94DJNNN+UD5SGQ86pCQJVrRQHFkyRk0SK29wjgX483ICj5hYpWUDETSTsKckzOdWEodbnIXr7VC88QNyVMuL/i/mVJHCXswPFC5e5e6nh8htbk4+uczwUhWhI6FBCKjHBzlRdd1wzBoph6GnsAPTKHnfa6gGwx4jX1FAhASHpmZDPPjnVjpPeyDwAoIoU3nIDHlU7KxNEgIefYpScKjz8qQPwnc1qdZDFBSSUCWiYRqQeOG8cxCNqup4Yd5roRs7/TiQve7zK+NW4tMaz5XkAy1cq6Rh4YAs5V7erOTLkB0iKMid4T+SKSavFB2JTr9Wfle0DB4PBz+4//Lf/Iv/+y/9MGHz1579TGsZS1rWcta1rKWtaxlLWtZy1rWspa1rGUta1nLWtaylrWsZS1ruVT+2T/7Z9/61re++93vlkDsX/trf+3nfu7nLl52H8RJKSU8V/7+b/+9//B4GAMuYtwG6cJ5/gsIjvYaDyzGEXoJIDf8JA2OwoKecocMCw6Vi+WeEdJ7B1I/kULL4K3CX/RvBe3AArByVwVx+e2lF/Vwvz0bz2PHDMFRQgD5BXUEeZpLLJe5SVLX5zT0V5sHrz157Qtvv/mjX/7S17722he/hJvN1HXEeBFgWpNpJk2VwlggSgwGUYwIgwT4LSo5BadY0kw15Bcr2YxMAFRWCzAiggoVCLCJoAk6xXno94YXsTtWbIf+7i4kUAuDCAAKg2Zmvoc0h+aJsSwcnvbb2t2Q8Q+4TNnzfNAJNkgXfaGP07f9MDh1ilJb/CCBTpazidp/lNOiERDKoyNEOALpkUmTFXxE3eUe1K6zlCnKJ0OBN4nHSsd6Gh1DJ4GQfhDhDwriJIhxHGdC5xQpJ6UmFaO77pmNo+QzU04FECpUKD5zoaDfxUVwuVTBahUAABAASURBVI2yx1AwVulESYI7YYqYs5+gUp94+ff+1//+v/Qz39zvjyvZyVrWspa1rGUta1nLWtaylrWsZS1rWcta1rKWtaxlLWtZy1rWcrH8k3/yT7797W+/++67JQj71//6X//Zn/3Zi5fdE3EyTnMJzx0Ox3/jb/3vTr87i2rWQODpJdh+gicRSMQF6AQuPOejhZA/S3HXu0rgQ6ClB/jIZRFyDfaThufEP9fwLEm6H+aUyNiloWM0TJf6YXjl7de/8PWv/cRP//4vfOWd/vrBMdO+xGg5yk8z54WZOQENgzNQ+Sc4vwmn9UDBhyyyyWiSEsF2VAQGZ5zh4LGl2kiSGsUpU4zehHkuuq7Mz0imo0l8yChOst3H2kWO30ht69F+WB8Nei+BgEiOm5kBEQyH4BEQ1oia9AcDGuIAkRZu0kb26QT+4iAaZjcRrImWJFwpQuGRLO2OtPqzDzqhS6tTKWroMjeFJsrhfDql/Qo34fQ6PsxM92NptQSKNjMpDQiRBcrwc2Idm60JDVHVPCcG1YYkMdYkBwrmFI70WS+yEDu8E3Gm0iEJTsWRWYLyy3M7C/VDB7J8nwrzVJGJGar/KLamgmyoMrp48hyidHfNQ6C1GLOO8/HoRKmAHJ0TDjMzbBoIQuXd333///53/qP/xn/rv/7uux+88carPzgTZC1rWcta1rKWtaxlLWtZy1rWspa1rGUta1nLWtaylrWsZS1r+TTKP/7H//jb3/72e++9V6Laf+Nv/I0/+kf/6MXL7ok4KZG6EpgrL/5X/87/6ffefR8cTAD3A4Jo1O+eoU88fx+xa4tL48tSlNQaYm4//SyFGVHDxA6JACFB+eg0DdiR5R6Rt0oL0oR2OTZfxlGy+wghhLJCcHKcHvvN9sHV9ZPHn/uxr7zz+7/x+R9/58HjV8Z5fjZNU6ZxmstFk2SfydNMc5aerEF/9Div0k+Q56/JueZXujAZpP3UFBRakTIzMaXyt7wqVzHSxdEbLYgEBHfiQXZqq4GS0Uau4dwaiiYJdgy9W56Y3URRLAo6UdIVwZpwxYyPpEmpc5npJN5KraKGyshS+k+vL23RlDoKZLFWyFc/oOl1FogTAUNQwzJCzilTZtksgBCSIamUPmSEMBVP0EwnS6biyKwLMqd0c5JBqr0J7U/gY0DWvldlgX669K2R5MjbICzyN3TylTZQ7kaKNkmWZOb7KuXO6K1OvtRmnlfSp8Gd2wa50FHITSfvFG0G4NnbdN7ECjTkifYUP+Pv/G/+g5/46R//4jufL9vba6+tSXbWspa1rGUta1nLWtaylrWsZS1rWcta1rKWtaxlLWtZy1rWshYr/+gf/aM//+f/vCJOfvEXf/GP/JE/cvGyeyJOSikhuRLr/8/+wT/9n/6t/33LyeHlPsFcvMeHd4RHkSxK+Nyr7iifrUBzUyoNRITUqWEioZYYQF+/TMPtSD8a7IQTx3AolhJTJCihBHIyHAtgK60Ipn7YPNi98vbbb37lR778jX/hi1/9sf7BLm2Hp4e9EIswCUX5mzn9jLxnpEcfwIDksA8Lfmus18lIom7BSnISUyYhMNGvGG/Sdf0wMOjEU6YoboO5VU64LeJFQ3Fg/Una1mSghybHTbmPcKaQvmwBMUmIJgRj0nE8mz/pIg9ObUhLZ9I0AzzSXWo7jaNCZMrNhmHQXlIMTWmgp4Wp5QcVdILY0o9ku0DTnygeJZNhSWQkFj9nApMk05J/mHi0eEqWXyjyKp0ObfNgaohxam4dze9jY3+pwt+fcgIxeSHiBOCMpqmSe4TkcNYgtB4GQZyk7rOVW8fgQl4jZR05raGkzMHn4gFx+TrJf2CZunS8nUZFnkY+SWZZh12qmXSO+8O/9T/6X/5rf/Pnn7z55LvvfvDqk8cr38la1rKWtaxlLWtZy1rWspa1rGUta1nLWtaylrWsZS1rWcta1vIP/+E//Pmf//n33nuvBLZ/8Rd/8Wd+5mcuXvZSHCf7w/E3f+s7/+r/4JcOx1HCeYvIHJ4Hc88PriNeIDFZXkZ3xZU9MUN98xLlswM6wcu5RwCd4KEyMiiCgqgCIV4KayNYi5pdJPgAgJJlMNGsOpmjuxyX1RB1l65efeULP/HjP/Ff/gNf/OqPpevt7XQc5wlvpxLIPR6Z2oQyTOMkJBXCRFJ+0/flT+o6yXzCY8oRf8tawyQis7OSKHykQkMaggP9lfKRpM5L32tKHaMqEI4TQYrkE3IEPMsiwjwu1ITnc1C+UBAfcA1HpTbJAWEpj/WqoWbTQYndB+IkqDRaxElAbaLPtar8ZxyZv2QYhs3Gbu63Okec0A9Ceh0tiuqoXB0GenDGm5nRQ4o1mSWvCaNviCbJAcPzWrlJoOuh8lPwe0aMkLB0cAqiMreY6KbrO3LglbKYKDopAE3JiyaVKS9arJOPbnI0zPeznABNTqayltRwScXUzA5As1komDEF2xCnLsq8Pu1i4lQz9ysqaNr6BKTr4xQHs53ysbQPqjLdR9ewdidsVnQiOnmKiLRJRojEKLFUJkoPMgNsPhE2qa1mh7OJlMmSumkoU+LDd5/+G7/wt/78X/5X3/j8G7/zu+++9trjvrtv161lLWtZy1rWspa1rGUta1nLWtaylrWsZS1rWcta1rKWtaxlLT985R/8g3/w8z//8++//36J1v/SL/3SH/7Df/jiZfdEnJSY+Xe/yxwnv/rr//l/73/4S5ph5xL64Sxq6rH5eLcgumigBu1v4HKgM8f3/u+L4RfNE7HeB+EMLnOP8smgVjRsmu7+ahGDtS+kwuQdcDEdR4SkQfggmnwzFqj1n2vOFyRBY2TJGIPY99sBhg63/dWTJ6//yBe/8o2vv/0jX3r0+qv91dXMmJQS259AaEGOh+N0HAWuUWLJDM7YbHe7qyuQedJ1SR/NqWoccVIuHYXnQykooqpGW+KJNcqtrNZCKDIMQydYk0BmBH6lIbBYxOUvETpYRhf9ep6EbURgLeWvYkHKf+UqrieQwRX8bsxwUpok7CYXE4DY9Z7ZR39LTVUDmFI6CeVumh4IG4RKavok7v+Dx3Sikf0mFQxIvB8kj5GmNZotmY7kLsrZIECIldunITLiaQxGnMN4Jp46J0/WybzM1XRpEtgjFmik7zMM7SM+XedyReVhTUEUyaucVAZeCqEW9/8Iv3pO0Z4/Eem1gssPP8KDGSyn1CbSK4nnDQsMeYGOYNSNyDBN7ZbAOBWZWmVO/s5v/s6//q/9m//9X/jvvvP1r3znO+8+uN49evQgpU+yN9aylrWsZS1rWcta1rKWtaxlLWtZy1rWspa1rGUta1nLWtaylh+IUmJqv/zLv/xn/+yfLa9/6qd+6pvf/OZdl/3Kr/zKn/tzf+45l5UI5gcf3tzc7Mvr/89/+ss//xf+x++//wzuDOyef3LGPOEoEPxY+QvuFVFtECf0MW/1aZUGcNPW6EUB6hMASm54UTRlDmmaEo7qMvKBz/dDB8odgh0Mfffwenu9ffy5N7/8U7/vnW98/erxo2673V5fl6+nwwEyzuM8joeJORQkwpvS0Kd+2CoXCXDMlnlHZkFbGOSCkR0UzAKd58dBJ6FowRbKQdD3TAWiSA5jrJBJGKwkkaYHHBSymEjxumIYSAAmzoXBQBOrYeYXmqZnNkxCSsbXw8wbjPrg+3umIPRSnxZZhMCT6TjchJPpOH+JYCY6JWthJpgzapOLdBL4zr/yP4FPrRDdh/wjK2QEHDJgjCYZLS9ULDajqXA2GabfAO3yecrMk1P+HqdpP80HoilVyNRg3DvKZaJJdhIOm00v4wF4yvwhd6OYE3K9AIVkDulIN4wdJx1dm4z3QDx8HOaPM3l3L6qV9lcB0Mk+zzHFlOT3paXTOCmhkOUnSqkXzBQ+FzlBkcKrdhW20LbsWZBYfJwh5tISDOS3yJZCR15P89yQ4sg9swMSfUzLotPWZKdlwlNoYZZ8TOWjCsAzlAnlAdJ1NzzoNrt+2HXdVpJXJZlGkl6HZwinuZI5ofxF5cFF9F0Nmz51Co7Tu/5X/5v/8p/47/wr1688KK83m2G322y3m/4zlqVoLWtZy1o+zfLh05vy99HDa1jLWtaylrWsZS1rWcta1rKWtaxlLWtZy1rWspa1rOUeRbIQ5P3huN8fj8exfPLdd9//1/+tf/vf+dv/V2gyVJyzPpwGUg1xYm/i5udPPGE6oeczncht5L/nkUE4jcTcRMP9Pri8LUkSlvbuZxUgSz/z0uVSW+5zI0GIxM/JsBd33fmE66H9MFESogHi+ms0GVBiriV63HPAtusefu6Nt9758he/9s4X3vnKozdeH66uS7xWUsJIlHYc97e343TMxIiTzWbT9b0ydigTiQarx3Fi6hRJfaO5b4LkQ0uKjBdO6RH8JYoNKBcM5e7bbS/3V8yAFmoSpLS3FdRHggbbJC2t8AC9tvwzHkcS4IOgTCZ57SiWOXdSN6OQKLOhY5wDaAYcjCYssm1gipA/KiBGETZ6fx0sS/UiiBPF3MTQ4FlWoJPy2WY6MahNpBHKDsxpviYds6yIFPlfdo4LBUnIICkgyn/lv6dIIcM8M9gRLMWNcZyAIi50AE5EUgCUzhbhx0e9fToFnRPJutqxIUp2orRIyYAZ3NPGKJJchKYLMvrO8lHhNPe9/YWPfJCtoKMUafHh8woKnoSc4ETzgzkKB8nJYDI1fDyVYkgEGffwnGdwsVLe/r/+/b/7//1//v9+7r/9R/4rf/QPlreyCz6DtaxlLWv5L3z58MMbWMta1rKWtaxlLWtZy1rWspa1rGUta1nLWtaylrWs5SXLs2e3//bf/g/+zf/F/+Hp01v9xGN2eAl0gufv7KT6c0OfJ6CTs+9z+zmhvdUj98+lHng+zcm9uAa+TwUVmhIx/LNmau8HLQrms36Q75GpAEiD+Mlu1/dJIB2pH65fe+3Rm2986ad+4os//mNf+NEfvXr48Ob2OE0TlD/jdLg9PP3wg8PhUMK3gpxIm+1us9t1fadsEmCoESVZEFIJ4RFRdhNocugo9iKISQJrMnuuHOY42WyU5kSCxlxl5yXIbT6dluBErsrKQhIh7Ey1lBvlmRgHMk6KTBiPxzzJhZZIhFO3yANRe7C87Xqjj0iJ0NEli5npYWt9p22ZGMtiFC/MMaGULQCdsJtAkwIJl4mlTjAoWn5Q0uvQkubk8jUEM8nUoDzLtMwGSVnO2hMxkAn7Mu1kNKLvTvEpAlIjHnWWBwrywQUhCvyQFe1wbABcy75fQGp+ELA1tWAwT92v2gpTUdRZGfVO0jAJ+mRRspDngPeV9RuvTBZjbe8RI3WYaOf22f7f/Z//nX/3f/a3v/7Nr3/zD/+Bt7/4xoPHDx88fjBsB1jLWtaylrWsZS1rWcta1rKWtaxlLWtZy1rWspa1rGUta1nLWtZyd9nvD+++9+F33//wn/7af/5//D//R//h/+M/bb/1KGeCF4bdyFWmAAAQAElEQVQFHXGCkX+kLfSCn55/76HtZQoVslP+5N84H4DCEeTbBT6AXvj0z2C5yLwCSyRPUjAHnYafFbvCqIakgeqUNv3VkycPX3/t4Rtvfu7H3vniO1955e3XNw+vh83mdhwpwUxw++zp4XY/HsZMebPdIAdn+015td2kvlNyCqGQwHmcNJvOeDgKYwWR5eJwGhJQ+gEGqchb5tGZmT9lzLPy0MDu+nq72w3DxhtF5WtNUlNu1+bQCXIRazzl6KGWN8ExJwJ3mLMmu2EKn3EiwTs4PQRV8hWtcEr9pu/6xDAXTSaiAAZ7HDSvjU1FsSxB7gKCMumHoe97jn77iHDujoYZBV40xJ9t0Ak1gKgFtgsVQEMURDcyISQFDuU508QgAc26I/+v/BaaCaVBUMhsNQgQUZMKZyF50LErqClTjPzDKkZSmXnBnCFPaZrw4sQ63/fiNB3xwUJIBqcP88oYDAjoYyBOngPlo4/YXe0NFftBy9Q5FQvysrsDaq4wJigSxImIhxQoRftDMR9UTDIijBR1lpAzOc0mexyaAsDQuV/+u7/8y3/375cPGP7UdWVZM3KN0xhNkhtIZZ41BnXPE9RT8tuV6UcGEmK+rB5h6NIW+93QbwaGsBzH4/54OEyjNCJlxDyR1kDWzKyyI2O5kbA+5ZHmadcPV7vN492D637TERoZFoO6BBPapc22HzoDvvHdJE1Vhvz05ubZ7f7D/b4I1wngUGT3TFOmQ54PecqS+6ysyw6LCCq1Zaxg+YTZjMpHZTE6H9RYuqEI6HkeZHPZQb/dlOfxl/OonE9jqSz3MOYO592Ar1ztnlxvH26KpC8NZOxf+TozQ9Q0T1nycJV1Pu/H47P9s5vjvkjQzz9589XHT65229Kp01iE7HycjooYLRuRpj9LnvooYFgy2JQTHg7j/rC/3R+P46TJ27phU0RQGZJxGp/e3B7KgwFnEVUzV4G3iTJMV5vtblse2iHWJGo8yolTwd0e9gfe8OYOOCXY9W6767sHg7CAIWPqkoIWBW5YKsm5ozpkKThPZQeURHM4TWU/4jRjpRO58+fjcT6W8d5thzdfefLao0dbtP0jdSkmszJ79WUsytj0sN30nGSq1FOXLYvDLHxmqvyQzSRXEWKhATWvYylR+gwKw5NK0kcCEl78Ub1V7NOuQOwP4z//tX/+1ttvPX74CkrOr6qF0IsrqapX82HFCAbUNAjZnl/yPa658z4+nmWOlB0YN0PR7P7ef/b3/+mv/foXP/f2H/z9/6WrIiTIsJychIwRoTNUJCwLzPLDY1EGj4fNdnt9dV0kQlmv0S5tVFkURRokzbaoPwfLcBl6Uk0H15SLg3vSmC71z549+63f+q3XX3/z+uqKG6KoYNE3/D6dklcVIfj+e+995zvfKbLh9Tff3G53tmwElSpaByuARfh++PTmt3/ndzfD7vGT14o0leSB0mbW5FKRwccp3xzKqsyJeeoGFfCWzA4q3Vq5OQ2b96bx199//zv7/R76iRjLqJklZXeQWwqUnNXR47H0aZ/Sq9cP3rp+9PbDxw+6ofTagJz6UlRWop7Bj8lI48qvsu5ZPBVnuSVntUwzwtMi38YjFYlQxI/Imln3fhZVPAMyphua35+n394/+83b958ejqX/MkO3NyI3ekZsli7ebTcPdv12m/qByRUp+AWr/h16db/tHzy6fvDwYfnq5tnN/uZGhqnbXV1tNptyydMPPry9eSYaNCn83WZFue04HZ5+cPPu7z1977vz4abDkUeGtxhdIUk7mW0FVr9Lp5Tu33B9mfOOUwZy29FozqxWkkSzXeQ6p0XkssFh19QWxHyD0p++oj2rIO+3OvNn2eJJbmd9oRt7YMm1bzR5p9wkR0fZbbPLlpjpwkunMNkixbeS/lD2liSSW1dNNsNGBHhpQtnJRRSw5jyDkfhlTYrI2ouJHFs+2K6vDI11xP1re17Z1IvGwLKB9zIqExf7GV/phi8+evULr731cHc13xxonHfd5q03X3/y6JUtdtJlsq0LzltXtGDthR2zKBU07Ys9OE77PCqboUmBrFSHxEoqzNm0djLEcIYydR5fPdp127I0ytppToXITlZu07GmU3SFQ85lzr/39Nl7tzc303hIUP5+cLgpc3vmbZZS0UQ2WyjSAHE/52OWRVP0hKHvNjtVD0moAaU2/JOymoarzYNXH5e/u7Ii5XQFKww923JlaIoK8cG77+6fPbt6+PCVV1+9evCgyEMh2qPo8BzyCGya0ZyV5lHFoBo46p4gz+kpjKw22FhNS2h2CbG4Z+k8/kOlGs8++HA8HMQw0m1b9R4eh+lwPDy7Kd/qZEHlleSXfDXnJNV57saXChblr4XLhU6oViFMPptdpPlUT4S3iltRWsrD2DIuvYrKSKh5OU8sg8a7dFqZsOrA+0c+qSaJ+YPQCTWtzaxYZk7EWea8TFraZE7HuSv/YXfdDVepu972PTCZaZJzTcjnbJIIIIidJqsRKrNXW6p9Yqs856IVlv+Ze8HsUT0DgeYDQWPmhEZWWa+h8YGyxLbZQnqEhpMCc9bUPEdHCD1v0nzAPHYduJpalEXflFUT5u2g6OP7omfmeZSZBiz2WZ5ueDh6Wb/CN6srUqWRHL8pH7DCSmXK5GOxOoqmOk96dmTSumoiVWAbO5O9JpPO1kibyuwD0Kc7KSmxwLOe4tYI9S7aQRKdlspFHD0lFgNr6j23mTin6rB92PevDFevbbYPsR/KELPerSOQeUB5reeiHHQyQ3W9omZTltXKa9wP0qU4sKBKWha9L1X96kRnI/FPgQnfOGJ3Mm9xznNspXaG7ETFqYfC5BeyHml5MI7Ud9HsI3NTmbZWNinV0SFmR5Gw++n47HD7bL9/dnv79Pbmw+Me+ETPkFjMFdu2zIWNjl9M0dlnpK08Ih2gWfdVacYs+2vmF2zRqUgRDc3Yg4kHII1Fm6KpSKsDsg9oTqwuIP/Hu3kcJ6OTNMeVtTg+zur+QzNwukWjTaq6GNVcw8a5C5xRm/10s2kCwC9QqK/VX8U2mrIoy52SqPo4zUVQPO42b14/fOvRo9cfPNxkpt7lrUjOv4XL4GR+tCOiPgJfDTFkJyJVN0uMw1jYpOI24aP3kaHPKevaLDpq6f9JtJyyBx/H8SiH7NgtSWJis+Ttrq8fPHjw+Hp7tWMTWLwJuUiGvM9TWdqHqVjW43GUnVwGWiWI+0ir8RhHANHtBuWLVX1Cx1F8Gxs2uPuySRYdfKcUtCrRZnZkFHP3eGB+bDNEy00GOTSkYrJMpNKWkR3FzLdd9jQzf3kGdpo2Wpee7mDlT590xNgcLj8v/cAE12Uc5cokCjPLvp5vVBwD5cZ8pFJnfMcHH4uDQ/fgMkuKW6bo/sV3cBBjn6XhIF7wq+K/2JVbqmAynVxUM5V/vi1irGXZSjJLXz6eyb7y0iyZoeWhg+SnFptdz1kq/fbMi4x1j4GPY5a/ciuTjG2+bGz2FNEh2U9S/EmH29uyvLiPD6Px+BIqY7v/mCe9+7fRT6udKgAq0oCwKts+gWWisPUojtoiRjpW1jvRsniX70VXl75Xru8uWd1FuzclxBXy2RT1HBud6sAyDVPjnFM1GWJpixZsa1j9QHX18a4pCliW/VN2U/lP1HU9Jeq+e9HhZ3sx63LTrdxeWeexOUeivCh7N++UpeG664pLqlSxk7nBNpGywQsRda4KjD6HzA/u/VyU6uIAE5p0fZI8Ovkgm8eS+6Oro1PrdyJNLPM9mJYEzvNvIoXsLLJf4sZmI2zNU9TjiZ4GF7y0p4+v17ZfZHMfNgbYSSGqgTx7PoQ8rDd19aIKIlI3XjY3WK2SzlzmXFcfI6hWIDMxeQwpqik7HK/T8hkb1GK0mgdOPA+9OAUHIfpHswj1JDRbhSqUenWFsFjrzPFYLA/shlyknNJyi06IfZEHWL1DVhcdb2zFiK8WsChJ1olRv21MPFcxuCvDfYR1Y1+U6hhcfq52KFpHkz6lGQdc+rJy7NPknY5Yax2PQGdiR3+mHUxH14DJ4kYxPajdTE3hVxG4mIiqYIEvCrbfXSMV04eTGhQNljfKSXY5z8fAOoGov+7z4O2p/FAulrPxMrdiuUYkD1M4h/nhE+QMIYWKzpVUtOnStfgGsUcEmiHJbkHWFWTaoFuHsqlq76qGo/ZCdvUM3MKf/UfZpavsKiamXafVG0Ez6KhbczXpPGtBo8MgwMlh3ouOUFussqfWu93xAtQ5cVaw+Qt1UkW3qWJp7gRoUiWg7071tyMv2vpb3ShOhBW6dh2/JleEwbsx5JK3TkeETNf0wbVm2x1AZAm/lWkho8Kvi1GWwwbnX/XquLf9DX2Z27O8N3QrJDLjTmsXtrDOOhleN5rIpWR0iOo3pNXWmLcu89bAicclOO2n5v2lnC0nn7k8OymxndcLzl/07Em2WbkQjy79U+2c5tbostO1C7fKmgl+oY4n32BI0vaa2syz7Uum4eLqkI0XbvvZKqhyol1qABECMOXRPvMfQAQmfLb43pDU16J+XN4WS7jzyaO3v/qVH/3G19/44hcfvfHG9ePHIHG0fJyePn1aHMglDMZqGKtqVIyFou6WXxbNd7e9KhuoGJj8tIkDr6QKm2huWVTB2aw224hND1OfFqt9Go0UCpOyLSu7STFLyl+QfDq+SWXy1CiaoyZ6QO6W0JLaAFD1JPv6d0tVFrkEP9lg4R1nnKUvZl1Srv8Rm94YjqFetWjTZbAq5HXqkdkFpBqqW2FKs6CKh9YTIi+SSwfNA7MY8kswlE8VdOJz56XWw8n6iUQwy4tIxS6xy2saRf1mF5YAQaTXxBRH0wCtEnqXpNYa2qZyIQuPhHA0/C/OK9ZVLMguA2Ta/LJl9ff06YmAkwFW67xRdMGVzMU1RNl1CN9jKscJ+t4wy+vMPgRSM1AdYaDWDJ6LzMtFdrrsva2qShU9ocidyV94XqtV60OEE+0wrGaXFykuSEi5keVStbMnhgvPdvriH+UQnEQGxTEhZp446bkPk7mRBBAgu2xyLVBsCspCv4M2Dmaklh5F38v5+xLwEFN1BnPPWnVQ9z9TMkw3MI1Bb1RCjGolsgAqTo9BMR3uuWN9Ucx6ebJZQer7EV+VKuLSVrGHGdPCor2L1ZJtX+CLy6IpXtdO0Q5k2qalCSPTlliF1L9qougUA/VfmK7BWjuafsvwQ8ZXQLAIFddxxxFNrnRHHsVJbPSBK+goA11ceWUj6qn8nm1xNMuDHcqdzd0SKmK4jA0Bjw6UeFHZF1gH43Zyz3SioKfY5jyILZJEvPtVR0CVsmL8WyyGvSASEdeVxCEyVv5AdDQNmxEalIUd4pw0rAsCLHVLgzo6yjaHYcOx+wFNbZedotPJbeo8qKDhRHeQzYa1aQ/mipBbZ4+gd2aumrNbKmghT3W+JHTTq0tlsBPPSNLeEIkiZD02+3RARQzGwNm/6Vww4GKX+8yUU33wlpnN0wAAEABJREFUvjU821bz3V/ZvWVPIFE4eAYx8KhjLb+zx8rffEl1vdCXzac2NGpSu/Z7qSXnFcN7NRfv/Nj1xYQmJsRdITFAbievqc6fgo4FxEbBT5p/kqA3jYYWolx+ayoeqMWkc9VizVYLqh6iZXvPa3zaGLfsqReOPtnodUsycav0VGD6n2VTI0PLce1Cw9FQFxuJxTEtwOJAQ3MQNKu6RuoDdikvMSqO0oswc4uXmu1Q0ytKCAJk1+gYFiLu/rK6J5EM8l2Wqrigg2T+Mu06raRKE4PG2lSJrpNRA7LF202ytHln4oidIk6LAZtk30eRNgw6kUDmLGSEYkmyN61znKQ8IluXCUa8ZyM5Cw6EtdUEEEacjo1IrBJ2Uemf5TV/rR68lAVnaXPexJ3eRgNCLtVkTLMQCkqVTGlBx0mKozCJq3CWDa/TLKHSO10zT8jbgNVSylC9beaLYtVfzQp3tJkrsVpM+k9H7fqVPS271TVzTtLUezAawL3fAIG0Bmitb5eq5hywlY/q5GKsg0xrnZ5gtrTWlrVknSGJ9Qeef5lrK/3OPSNatJpAuoFXU7kaFejhLt2ysgS4VUXSzd/dJNzIEp7d5/lmmm8Px+thN6R+7orjZr457h/M15teZ3Wuj5EO0Afw/M8zowlyknlYAnaqQugWiLrDsdojImXW7LaMpkGZbalMt7SRZJpFociZvPdc3WKsalnsQ4lcpnIh/7fPqjLx6ivRmRLPidYk0al69h7ibCsruTdH9Txdu+aHKdPsuD902804zqmEFnEoX8khC5TQVb+9uiqBuVmCYVv2Y1JSw1FAUg3ixL1XLAWSt6NKVGkNoc9cWT7yOrvIdKGNZuZIbEOsYF6SCbbX1+Vnzz7Acb/XoZcJn1UIdmyvbzjEyrCf5GCM2ZY7zq4qRG1t/svqqyI6vIoa6YKlS8+VertYHW4nrh1XQaB9FGtZZgmfKCUqohEqg6Z1lt2K/Mlo1n7YriLuki8zP4ogwy32hvRrn2SUMytOplCLqCs1mbui3W5KdExQKSqRGATuSn7ZJzmWaaFfdQvyHJcR0yhR2gy7cvUo7g0ygSQ8i6IiZt8V8aTN0VIX9smdnpnHTvdNELlI1QUq0HBuIS0tR1UB5UW2facESDpGbhaF93A7C/EjW8riipef9wiOsZMvlTJSeiHJARzWaQeeXGU3KT4gXq59wtJSBbuorFYIirk1XYCyeivOdx1T/ZfI1FEyuaE7noZIsBGtsHC6AGgArkyfmS0Wtj4gj2VvG+bxQe63Ay9WgUyqai5WDYHGB+v/0bY+tjgy0/puu94C2NCYbbYVd6RuYx8zjPViM1AD8zrZFJaUmpprQBEth7f4pJJbFdCgOkTuR4RfFf6aIJfCrU3VEZJsJpoS5iLH22D3lgsJdz1j6Hvqupx6Nn+7D4+3I0xlLczHw2aYN5g3qfRgp02QeVREKJoRHxod6DaS1GxUv5loy2Rgf3fhiQXDJmqWKV1GaxDxxepBX35ZYtJJ7N2Jo7aqzrnYw1jy0HhvXW7HVGc/kvtDbIC6ZOOn1hIHm0xQsKJXZvqEkil8jm4kismglplqiOwm5AZ2jBk6js8Oz6an8+EA86tXDzeEW8BrRVukcF3ZjCHNdYwYtVZZ7+IOPSZUOs41EHK7Qk1x3a1tgska0c941YtZncqmlsR2TNfDhgNpgiMdoXQyDCmNUz7giHzMix9VwmxPb25KVxRn6LTbbftNx+Y7q15X2A/Ub2AuU+GGxts8HqXWuWpARIGgdblM0JwDyxT6oerqZYtkWBpYHLGM+Wa7K4usCCGdj0WcaB50xa/zTxmZJasILZJbnLI9n5zh3ZaPIVoedob8GAaTsmjvner8oizZGcUiq3ei/4/Hg0BxuBmd6o6ZXbS74WpIY9FVxuk4Z8VisvwpT5S9ed71V8N2wziTvu/gGesVcx4PBwZGXOVhu2UJaGEmaXtCxxVZUIWs57imYiJ1bBMw2rLIY8YFSfRzKspS8TmLCUMlPI2sQ/GBnvJV8W1Kx5au4cC16E5irWRXKXWni+0yiZwvwnsYSiPLk7cPHj774INjURKKrE5kYqTKHBEhutmYVnRiqankzqrJx45rctvQAWWRAZ8hLdKirK4095viUp9SP2GZUgxA6U1QzhJt71I9GKhjJbeTkUwsbKWKwh5+kDnhjihTX9ilF9uCVLMXH1tjWbrTkhFI5ek6W4sLSjV1dU7NMsHZaUqq+yl4hWFOpfM5ghwaBtpOgrogSutAoSfqoM2ToLBdcxd7JvOBL2KEtLo3OwFLmbaIMhdzTibYUYFGMpBFFZkVzpNdW87i7lNxqLtU591hmkFFpECMjp4hsR2h9gzUcxpgiE+oBW2LAXDXMdc2e9ejy7kwnKrmUZVF26nOvggPI2hsxsaPGssS3EMSW0HzlbZN/7hVqmOboeqMCmoi83Oi7lXIthQIkhgMTqQPyj7xyTcaPXDMMU+rY9JJYw0AhtLzPabRYhsUzldfDzKry9si8Er8jPcHEe1l2V8DLwYG2Br1f8cnuTHCT8rVjYapU8QadsldnanRjDL4MmKFSL33tlXLYWnZksG7INatao2N28XDUxAmQe8hO+9vUJduLNo6GuibRG4VI+1K2+JA3J7tKGp7ZR+oVqr0f9J7zHIiEVyD0TlLri6pNoc2fuKz0UgD2m6uZzVnxmSKlZdJoaa8R1A+7PcHBmVmFXBZtgcyNT50T8yuIujTZ3EJS8OSt5DEq67SwY2/cC3ooQaLcdmCSLBYGCZZmvdoMwVmUwT8B9UPjFWZpcA48madVYGpxrIq2yTdrAvbDCU48SmaTKBmZH3CNOV+flf0zQVtUsm+ZjqWioYKsQOXf2EtIECdmiYG0BRB1w3NUAZTkuPYufWgYctdZSaGzisiGbQ7TK6ZK0qVG+tr1XJUE1cFDNyrInPFqydNMccDaiBR1XZfnFKNLMHOnHQO2GIUhz+FleQyDMjsbpPsiU1UmwDuUFVj0EU0xXip1AJxNzpayCxI8c3YpuFVU+Qfokt7DV7ksCrwznFeQpUuDT6eTBtsJgU27xfywEfWLRuhq0CKbxoPQosyURX/pAqLX5Hb22ZDX6y4XZygGlDee+mkNdXzjcuf6y3MG03NURTdesNzYvvnSUXCT75oCN1zxd2nPOc+6ioAME+tzXKV4IZdUAC6qF6+jUBsBKxnSj8Xw4IVz812KGoPQ2fn4cHV9WuvvPalL/7kH/wXX337c4/feOO1t94qau/+cCgq1ne/+957v/d7x8OhjHU/MEh9WwwTQZzwKa9kB2MEHczO0vEonhVBXoSbjJlLJBGPhiZU1YoDgUFwouf2OVPPlqlTRM02BwQLT028M4VvSnxsiWLTlTWY9SiFLPNeUMNAegBUJHEWfCLJyZ1yq/J2YtxqOw3Q/tjhlmLIsBZgGpCc8zS3HKmpl9pZUV47Uwt4S5N0lB83CjMZoP2kvm0KeWk//HSZTjDf/1Kdl673USxLjKkahQ0IO4qJNl/RDp+ZqsOB2N7QqaFHt5LLe82O8vl+7qoQ2CCSDqQeszbdisxUXnQstacE8GxjfVHjLw0evHzBE71jueGfPgJMWa+bjG8sEFtpU9AjJZDaffBFpY7khUalu6fveYktpN737FeXbkOtmqs/rbd63mN5BctZP7ORRJ1NqbpFssTGsq8y0xRr3iwzw/wEXrRD9YEqK2r1xR2bTHcITRvCVjc1hAyOa9tYUnc7Vy/rVrRQ/+0eWhv0+LToHgp6ML91MVhnFjhim4hnzQ+SJ41WohBLqdFiXavHIZVZROHY2sLq10Q7x0ZEjZpg2hdeHAE7Daa2K4lrwHyRtur9HspB5Ic+/YE+xMmU6RYFhjZAyc5CghkWENqSdjdpKAulj6qlDFhXmZ/WSglcq7ODLjHKZIqGOv/0cJL2jJEN+DxkgMc0UQ26hVLq+rF53+XDJrKjp5mj3+pEAvuJqv4cVEbhBfNz7WCTp05Jd0dYR+rw6Es3+NMSQJ7gzKKAT0yh+UyUdnG+nExeXM2oIzm1ybONnY12c4DQAMO5f79qQSMcLn2PH20HuXepWj8aCEBmMYsHlFA3Pz2rXPIqASy8B2TkIBCsPy/x+AZ60io6VHMKvviGoUhJNjTC2A7hVC4vrgdf8uHgauoFZu2jwhfcaKzbIDXnRUxOycvEAI4clkxtpj3a7i4/TGbNkhuYZL2gF6E/yNrh2gpRNbCRLnQpaEhDPSU5hamWzMZyh51tgEnaUjnhwg1iFS5BaBXDhCf6UjM/0XejqiiQe9lN5fDNBvQkYaZAEts1LMarGMRG1hM12hj53gCLRS2OZbLAF8LSk2o7INSppXOewQuowlQ0e0MsmaJPZ8IQm56JfXDZ/2JkyE6HDp7VvR4hQuZel7hl7TK5NVp/8D1m2eC7xTlv9Blp6l+zJUt8gh3Vs3gWM5l3FaARNrhQ2NztY7fRm0MY6OZ/492VqV2OmG/G6enh+HAz9h1HL4rr/PZ43B/2O+zqclMIph3E4i1P9RQCI5yTkL34aRx9pFYVCqpHnUeqjglcCfngdc7jPHOMHKqWICZYThbbRkXLDbJHlrgZm6cMm0ubnjFYk8Z+0eQ0OqCm8VtUvTm6SPqF87Cm47E/HNLQz9uZaRNAT+0zTKH8b7vbHg/bYvoej4fyt99sTDs0Jyq0NmLIBCUsw2YvqDJf50ZeVIbDTg1Oxd1yyWSSWtdF4+XzGhs5vj8qa4tpPqL6F/WQ/2O3wawTzzywpG4CqoJInCkpFmFUK8JMi0ov9qvqL4RFp7oaWT9nkF6nbtBWrY4t8oIMXwp28+j4Y7A+Qj8Dt31i2VBnmDlzIpK2VFdTFsfuSDwVy+U3eRqEAK8vvgk+oy3WA8WeIFPUjsi5DA3LF9BmEWaOqg4sUOesbglSj4n4tCi7a2HRKBeprbDAijNGeW0uEt1ZWkgOhXnh4lpVT50x2d7goKwMsLs9joJhKvrorFhJTSesuraQECjTgYIt1dnOd+94GZS1ljt1HWdm4/IeUKvEVNG7FCRdvQpNdze4jfbZhdoyat9XacwCUEYT4JCnbqQ+04Mu7ZiMMulp06Vqtbg/mUyte30W2ByanHUBzu9VLUp4qUXhIwXzbFTDHOtsTSL5ukXrmnWGdUVlwEVDVbVBbJCUVkmqWyo5QVitkwPW4nm66sscSN3VZqug3LkEhxN8eLg9HG6Lzw84uj0y10PSFlVMpysmtd0x95BM4OuZxE5QkrToIPmppamG4uqhuZttsYJoCNmhnygbiO4kqbED7RCedZWutTuURl8soNNX7tHZId6QFqhAVo5+F/Fgh8ZcZ8BWrXB1iQ86l1163h9vmBTkdp5e3Vw96jY94xcSxtFhdTdV+GhoEFRBRr6JoyKEdVOkJHVMWWABnZqoRCFZwBQi9J2bf8+HYwVLwXx1Zab2WLymONIo1v+QcpdT2RgOvAPMI/NbTfpZk4MAABAASURBVDf7PR8vPB6vtrur7Xbod8XGKW7MTWamvFE4Gvipx3GERqzYjATAijxR3U+nWq6gE53xSTOsl8+nNPfMY8q8JrJfbYVaiYGp5U25Zg8HORTIP80CRi2yM0FK7hXciGN17vpJ3Me8xfPBxRE4KftgXWrnBLTTGWAtR27SblMc2GkSypSJ+dGYWi4JlI+5OLqiRJRve06/znfNs5yAT70YRxz3HdKVaJBFNTkmQYHMR2HjKKOzvdrJwZmsXN4ypTrX76uZ03SgKsldt+HMzv0mH/c3epS+xFiLrSm0zr1IIIZSpSmNDLVhZEp5MYxHYSYa5HiNHsMxMeE7hdIrZnW1FOWktLp08qMnT8aivN0849Tyo3Lf2JksY4hodt/lrq17pc/dpTqgr4zpinQaCJi1LJWRwe5lL0GmrJuHgb0tmb0azGWjwHvleRBVzlHJ/BF0zuoqfn/kYLEd7rTD4YbziXNRdScMu1BFYKsQi1ggw/1nUZZST+oJsi2VDKExj/PAHDnHEjbQ3hCeqizu/kY2ZKUjwGwAEWiiqXLLY7ZPBEMwJzE9pIGh2ITDVsO+Yi6pQ0+wm7MSXHZoDGsmDgCAGhkVew2e2IpYFRQTPGFO6C/PRjw+zPUrZmTMcGqITmf7IdJCicN6CnUhQzCsjjgLksxPas8EP5KIiypZI8Kayc1z9QXGO90mMGRYbpyLtpHaQWFpbFW87HHEwAswI82VeJl8tZFGstUlA+HbTl07gLsssQQuWqYOXVnr++mgZ9RUwKEcegGwGa2QOfYS+9llSRmvTE1CFSXDLIZVJwcvREcxKBcDWczS0e0lIh1YTVDFLKLug9R2szW+/HhU1de2Tf0Tb0wpoEos5KYlncxLOh0h8NHAuIn8es7UPovsVIMjTuQ/MqIIew7Y4Uz16c/CApmN7xSEGVZJwVEDQXJB1snH597nWaYZgJ+2JMMxqLZjJmFo4NRMnUoeDDqbvYJosBdsm101fZtp3HHeISJCPDAGHqox5JI00VV6UgvGWELN2hH+ISFKQeW7tJkcaw7tV9UboJU9U57SyT5vzz/1PZ397lwLizZbwM7QIb44G0yHPsMEuCPWpXZqtphBG5oTKRLP39matU2WXPrzPFCwnevLVlGZOq6e6w3QhUrKfKK47nTOfVTh21p5pbUzH52CiDoK5PlsFTO3vSLo+XI5FurNlIcknyc+LnqCTR9kZI/WE1YBQ6w3ojt8Xd494GuDQuQaZ6VWP8Sob4uNfY11Wp+PaTO22LLd4OVrqsDHOh0WWwM2tv/ix1TNotZGrpN3eb0tl/Npie0FABfij6d3gXorBzi19Q4V6PzndY2Qu9qaHyJ4rM0nm8WbWpsOPtGCZ429+wmLsUEzX6oyqNifrEYc6R6lsyvZB2y/2bGT6+vd/nDc78ei2u4eP9o9un77q+987qvvvPr2208+99bu4YPisPq99947WOqB482zZ0Xz74V0hPEmV1eMOGHmP/VUKxAkCwEeU4foC3K3VZK8ELZdSFE6w16IxQ77vZAgj9rP5eZMcLLZdMHFnptitzXSP6P9Te0UdX1eQYRC1ug2rEQJpJ6SSceoUswjRyGMbdpbFEP8H7q1N5PTNG6bGDlXB51xHwYOxgrjue8Y9OfMimqbLGfGZzu9jhVqlly8CH3VsCYadnePDLdTzyuQCb4UuwC1WPq4r3f06bMNVWLSMynqR4JSTZ/CD1ehpfCub9RrFl6V9KIp2JZGI5VnfAKd1s4KgkvDgB892rpYPKJq6Fn9uqpbuRlXmtbiG5uiMk6cpLae1TeejStWv6g7mKkcZjHGDMTq0zoz/2z+i8RORkoPtkjkpEVVOa3W0TmmHXnbNYzTad6ByCZEi0epihLud/A39kQlElSi9gbzErdxOblYczFFYnFFP4DcRTEuYH720OFN68DQqlu1Ql270KoItJgxWDExdDaXGq0k9oaqEmFEbKAqWPqwLP6RHDwGflnYTuILkSMH0uGhRHLJJCaLWwqyQ6TIQBHuDtP0DUUcY9NW3tj9wc0mKcwKwxkkBJ9jtKsna5maIdWHaAq6T2Tl/hes3CGDyposfqftdqvLGhdT7b7lsmL9fS0SNtN9GfteMLbV44Jw935ZNJ7kFHPneRbueBadvMUGgOIX4D27R68zUOkdv4k9RZVIxjun8MjFGrRrwaWyvcXFg8JwM6HTPNDBs2cWyD1Gm2RJq1VKBI3zMbwEeNd2WW/iv1SCCxZlxaMbMnBxAzR3lyjxoXbpNhfCH6tiDS8qaiw1byS04FVXs5xEus6Lvrb/t4HkmAe10jZWZ4/U2FpNJqP2naAkqR4PvtxpuqXrwWs9r3Y+5060kdjjYvZcXBlkHh2Tw0uHYyKhoLvjV60hzedYQTGsun+eP46qEaz9k+QH5DTfwn9SVxNB4872Xc1UkIaNgy1KO/Vn1fJD4vkwj8+Otzfj9YazhOI0UolNPrvZXPdbdX5Cswqsl1WIyLE+I3rMcV3tZ/R/2SOoEVlpnBhyTM0xMu1kOuF11bfJOP+Y9KbnDDpyIIKT7sxl/svbmcNIs3lg7Ld60kenTpbUUuLF1VgCNeqfkGGO42Hstsd+HObS9gEz5zVKJOjezWa3vRrzs6clJsHpxnbblFJdd62ciVBx4995sZfBrgM/Agu+WtGCmXHsqfi7inG9HTi1LX80y5G/ABtQkgiVYr9cjKG5zeTIs6WGaf14oV4pTsu7fTFfX6aQS1h7VonnMcsQUwgq/zyduYPuflBzKWqc7WzBghMfdCZu0KLh3kzTTMsE5b6dVFfjhFCcLHLDSUDyDvsyfbeKORH9jIlP8IS+KBl/k9zTVx3T3jBpavEG41FovC0LzyynK+TcJSez6ixilky3DMfWcuHrYiGPWOMdFpPMkhx5Rlym+20pwAtsMwwMk2JuD8mnw7/lY0CEnFqC81P0nNpYsi8lyx0i267zIRf3bIkkblN3kAwFhvL2mZ84N7Ooo7Gh2KiRu8qhbSGFOxcodlxsMBawFB7NHFDpbwfKDvPUz/lZ1xfHUnFs9XLeM6vjR9xhERMP4aPPRld8lCNLhpIMwilddt7fF9Vs82w0e3p4LRbWx4XhMxukbWr8NpyzJ0PvUhQUFdXJT82IhGZTrf2mQ8GDOGyGax5HnICTD5Ug/7S/ycTsUDODE3AesO/Ut5hqtfF0K9MdLo76aqQ7m5FrdVXHu4FZI5palgd1U7JDoywYUtRdQbYGoMTaWNcb8SSSc6E0Op0uH+An87+zRjlLNXnTkOnGwWBGk/CPUh0p161ESpoZ3XUT0W3pqNunRZM67h7Sg0d8Zh02G+wFoybpo+XcYPb+r4OBFcFnfzSgH9M8RZWtpJgctBhJZTZSNUHjE8Ua1Ry4Sfym5fXESGTGsnTM0JRZsDHwghP5Fj/uUco4XT28pqvuWr0geltBAPCdy85xFI1xpDk8nYsJAMoXa/PQ5Rhv44poVitBku51aj4UD/M4ThsGgmw7JgDoRRyJ/qLp35jFdRK27OTZOM0HUASUoEC6SdI5MQ2IuqGZGEI4dVLWOG6WYzdp4LNsSbgDilYwIs63+bA/FslcPNxaUc7sVHYITgPU9XM3MufJxH+PR7bAByZmGcqvr3ZcgX1/4HRA48gIkCnTDfPXDkJY0IOSt+jBZ+2r7If1wZUx1xVN/S7DtMVrIeJmeVyErmAyJ0WLllEVl3Qn/nYmVzseZpxwmKaBgTsg1Ibqzko+36vPUx4gBwvk5Gfx5rNexDrLXshaZqrwS5d3FDPKBtLERm0GtJtpDlitaYCqdKn9xSQ3WTTMbu6KR74bmdi86CNslImfHQV9woe37VgqVoeGFMmGxI6leUwSPhaComyRR7R1SS4kY4FhbH22jn26uog2sWzSIawPVDgo9poeaBgUdFIuGwXuVNYN+YLkU7HR5tQo1bLSs3mZKNaI213c63PGaCZRK/9JVeasXBVgYGxSdAt51UH1wxafLnpMPUfgw5Vb6y4byjuGmEyUwLIQUT2nLb+e7Xx+GCZ2WziVBrmqHiAh2ToUIZGJ6lz103W2zMFdA9ozuRF70VSqCoGqS61zlKrAVfiZcJb4p2JFKkzI6ieCguo0lllRiZSxmUBYlwmgn3FFpzBJxhcNdrI+JgODdoWCXFvIUaPeQ8ukDOWsUrnxj6Dqq2d1tEYpa4rnIHRZLDuI0onFqXDLTaYVJQFvBi7Y0T5+fLfusZkiCkxKjhD2b9O1qeYZNy9n2HIQMxmwqjFRe/P06LGPOl5+MFgI9hwuYR6SisOPf8TcNOAJUGMOqEfA/QJg3OJgB9PBlQfyg87kINaYVFr1FOASyV4Xk4/qIRbvIozvat/iQllVcwuo6RkXmzEfQU0DmVPWTSdGDUX1VIemMAq5TEQnHQRLiW0aM57IcHchNJ/Uy9ty4uE6FRWXSjUnL/gxnHipuiRkYpnIjtNIs1O4RH/o+GXKCxXa1m2rYYMCGuVb1U/hkmMHGk8besTCR6WqZbYCSPCWBHqKwA9ahbyx+AD4NLPjTQZmQgwGCWhFi70Cr7sp3HDvcmaJhAes7feQY/oGm3/xfiPaPjGd/ASXFZbOdWTQYiW076Vbu+65D8KTO2O1+5aF4OOVl+uB55TmWL43uBGM1SRyJQ3hoj34KZdmbGwPotPvbYXoC7fF1EGltn5SlvGi5ZWgwlBU+zd/7MtvfOmLn/vRL33+na90V7tut8FhmBGZ3eR3v1vciIfbvexl3fXDh0U13Wy3nTN2aPYopaMW0MmkuXEi8Q2An/YHcFZDew2iaCk2vTjoys84lFYcAgx2N8QJqEojhQxwEtwhgLbDqgUac8MO6ppBmKlWRkV61lSmk9ZWRHFSRdm7kSCAIoYgZemkAVx/uosw+4U9TBulABRV5iMQE8ndPurg+w7jE/UHBXRy9pF0tsB/zKfpyf50b4XZWTLjJ6qKnqHY8DkdGogTopaIQhU2gwjh931F310I4ROqHp6PQojsmNAvrg/FnksfX5DDwuViQ39RwC4/TH4G0uTf2QV6NzuFBlUZS+Gds/O16gCTzjFdkBbAMVPcU5yMaD7ERZdSs4USuWohQieddK9UyTu/DSu5aS/zPxkbu8xVV1LAAgniGlbwcn26SyMzzcQXzJxtCZ33Sv+vx55iFzEp57UQSkiaaxImMHC+G+5tX5OpwWZaNAvRmIEN3+dnsSQfBYKDshtnLSa/AtUjhAiVJF01L/kqq3ggDNiGaDhu29kAQbTQlSb2TrGdlWB5DsdugsaASqH7oVdIikM3bf9kontOgSTnBpxLK2xdmxlmjGkgiBWxTo/ThmlCte/UtEP3Ibgx2GitBjvKmvNefDKW/lqenWqD+cfZ3Q6AFZFT3YE2U+CSNoVnL860RqyK6Q9YwWWjLkmbyx9V88K3XjU+b29uB/GPNpYAnvy7qMClHsemSmfPpoufn2ui9xqR520n2IqvzvjyqZdojXtBAAAQAElEQVSmhS/C5xUiLALz2itlZgrpncbw8hIoVm2KVlY0wtbbiyfCpPn2uSVhag1BzihF7Q20Geh3U1gM9p0paOZndM9HVCKOtoSUUlW29ofKRWujvQ9Z1DoI9C7+Konb0OBK7ewh55SrxrJ4UlTK1/N59m0jziC2IRd+Nl3BWGGrJZ2sMqhWgm43ZldrBBrRDf24J1qicPTdSaIVpulS40qwCKiLZaq+PxXvliLHa6u318HLEK4eB1pCbTUs11V0HLer7FqY5bi0nIJlTLaNuZ4VUlslwyWTCdRSUg+jc820666zhmC4s+BsGerMNR+J7G+WHMQ1UNUdQA8yWdVP6KZ8zoQRSurbKm0jyzBjJ66svk0nhmPCOhAlkKbkXjLDwbx9BHmhscjL4DWznW85+PJHqcQ1SCgMEHTI08243w2MOin22Th3+/3heHUsFlzHwSxehjOzSYBhjYTrRJMZ8qndrhNYyWxuH5tU6jfvhPcLlVm9jj7JUePi0BeW+LAIkrqBZPlq8zlsn4uFW2zVbgNpn0uFpvKRQHFRsm4omMSoKpLia8r0HycFIoCn6KqDojOKGSo4UjYdp76fOJNScrVP2Ll3ux3nay1G7fFQXrG1jNrxuFBXW50JLpQT75nNVzT3Fdbu0h5I5qibRYJIbYuqUKJ28zBrinK0Y/MmpCST/EbgX70cJZwlG4n6hXw2Uq1NBgvJkkfgLQCpGnKj0Z3Ib7jUuOYVBeFg9gMI4H5YMHUQn3dDNMG+iN+b5PSnUSh8unpDfKvuH9ujOAw7Dq87Iog7dtK07kWD5mnFR+XL5VvV5/XmCYKrWocm13mrSC19mOZPLJGFzSTiRuMeWi895SbTSV644glBlEOLnlajTN8mxOwChPDENeT7u/zXOT4Eq0bv+Wwyn63ZbnddKpHH4yjMtPxIphogzissQQvBYwtPi2j0aFOFOLRKacO8KJxGATS9sG3+WdkKhWQnTiRiu3fIiLDAS65ohZnHORSSCA45uuRTDGNYfVB949QN089alLG7nedn3eF6u9umfhY3WKqblfab0blhFX4uiEnTlUk/e/3QnBImu8C3ch8CiLUJgevzYfPtQC6XEUz4Yg8jNQYM+jKLzo/Pmyex3QEUGYmsThS07M2yIt/RFDpXdFyGmYxpkrOzT29LQH4sS2HuWcB0Sg4kPOXZK2OmKLi6CKYp8pxiod/J/pWTW9vWJVpBsc4U79YJJCwZq5vyCxjdvk9cWKjNrpcqgTidgUvPVUqI3Y1vmgXxpdGCLEZoLwcuUBMTlzmbjaKf57DhZjRJlHRXuOZmhm8wKmLaf3gQIoR8NU+7Bw8322sadI4ZM6ZnKdaoiJw/F6qnepoUTeY6T43JBN+3sM5eSxkWHoFsmY9E2pjaKg4PmZZ8YAG7gfJxZrYP4QArG0DfFb9tIubnoklOOEylISQw7g1vYb26MrPmIErdKJQet5PwesT+5rqTCrRKzA3YQFlB+UhJSECk4qWnphLGl8OAZYcfigt6m3cdQxDYHSwJTGkU9IXoqLPKPiM7wZxUj8fiQS5LuCtV77p57NI0zuI/kcRninIwDwOySBtQebaZ1IR5YTqanx3LM2AUfbFXtmzGdgi36CZthnnc0+1+5H2WaWSGJGeQ03bYct71YXMcD4w+OB4O07i/3eOhuNOHYbvtOW2V0HiAKJQ813tSuoAQ4taBYFtSEUel7f3A6XAYw8pJhEByW8pRSDZDGVjSCekKZ9sZi/uGaWGmPAwMPRESBFszvOo5wxLqkWU7Ut53esIoCbU4+983m3GzL8oLg2umyZJQ2gbLRQEHJmdUAHooVmd4nYkL8+cEvpBJx7AsLlalSi8fSm0326nXbDs8lpxWqBskF7GqZHxgnxQwaotfefUG/jxRlxOrOsI4klp/vrvGLCRWLdA42l7rihhha/3PqLGjiVIbVis3yp3O8mJSoNZg9BjM6T5I9p+JdSq9heHh9S4JNNe0vNaFkNU80QCJGdUCGTQ61Yx+GgHJbDBhspCD+5Y+xhuAfLDW7UdZ/7HymlFItYPslatIvj+YHtiMm1Y/LA+022TL4tqMuAr4ZodZymAV/zo3U30KNk/0NYGmfMsECGALVW55PUntA2hPU3tM1ULVJyrZDFanrm7V4OBP9QrLREme9wPd8lL9vzXxAWx+WAJObROKopIcCwJxNBlbz4klSulEZtndE06oLIyoKf9qaIqakXJUhKtXoJx5PGDZpS/FOHKNep0xyXhTFEufmFGydp1VyxmkTKuxZ3scWgSv7UY+31QH64xIPmU7Toz+XcxNrXQMasiEKjFsK9GRcXeEqlkE6hjVVF7WH6HEkndL1bMWc85e5YUG7XYj1YvF8CNL+GhuElfOmhlcT0KbYg7m/wFqGnSmkC1kopwqBOuP7FfH4WCKy0lVk/anAO40sUM1vBt2FIaPadCmj8mY1YpIX/LQZFi2Kvqt1SeNsqMO0rIW7Went3peUQ3Ll7dVLLrFlSp5L1c5K7vFRORFrlqP/WApZeikVcHsQdFx0HpG7Ss1C6NO8lONuWh1c+Mf4Y5RNTHrPHKICcSvyeB8pH/UcZ9NuXRHXChIzaMro0YsSqyKa6PpGp570WIz5YPrBRalRqZo4VTE8wuiU55bXD4srIrzi/iYRzq/4HRSXb5H87Gbfs3bl5t+H6PgHac77lEujEXz9l5nNb83xRivn38RtutL1kU2Z5C4yClgq2geBWH/YZ7L7ZZB68PmyWuvvvr5t7/6L/70k7ff3D242j182G83ZSG8ywQnRWs+Pn3vw3KLza44Ia52uwdKQBIgEkTNdFMcEgoLGTXnTYiLSCVTx0hXqRovzPk7aj6d4v3a7nbBblKU9MhWo9FbJUHJRniGnp1HKGnrI0TAKoOWRZBRbMWsJzi1p/iCeVLQiUeZQ620KnaSV1MOyRl2lGkBPSWQXJmxOdBLFmTOEbbWRDyBOtVKSnYhTPcO9NtAe++dTPWe7p4Z39fiyjrG2+XXLpPFLz/JWOmxV9MFvStFPpv16qo06PZnukonGQ6r+8Zbnk/IqG2bsH1Y76dBcfgsl2Yg6eWHtXUZUw17YCwYd4Lg83YJaLf/jyxq4Xwa+AwhoDufqw9dfoynn91R96psgaWSFhh7iWZgip3eLZi0vFmKLnKvqJAttm4TN76W1WhElqQWPu/YS10tE1sDf4KtkE8kvyvHcsjPnhvnEriqrz+VRKRS07Bi1NayS+0ytJ2hnQleI4yaZUH3qaNvVgelP45vxj03180doRocza2oKSENVK3SmRjfurnT6A4YUiM3EQPT7cPSUODJCdoQ4l50hk8DT8ETUl6sG77bLKl31Q3u497zyS9jskkNQw24/ZvM4dFpCMEjAqDeeGPhIu/6RlU01TOxuh/bznIamSFlxVDRYJq21FJpNk9Xzvk6QjsyU00IrJ10Z6kW9fd7J/lEC7mSeqLy3e/Xp2pwefv06bNXX3u173vtT2xR9bAAHNAyhl1vAp+toqZpqSk7y8QVe7Z5ox2eq0qJfCxEv5x6GLDdfD9C+WizzuWJDYTF+8+uQZ8BEjGjOKgtNptFT3VFojKw+VEbOjdp9DjD0mBbBIXq5huyy+5uxqerMXYLFRfJrdymS+DepUq4BoJj7qdGKJJHLVJ1E1tyMpsD7R3Rt0uoMp8IGjEO7W6iIvp0YZnBbvtXzvlMlyCrWfU4kt8S23vEU/S9bw/yXuJHyu2CGh+x4VSrXdK7LZ8rMyZJK8SJz5zf0XQdtmhaVUqotjAGHKHRTsg1XE/31jwR6y5eJ4pv0dEV5MBjzUU/c9RWgl6+8fteYc/V3yY7g2XRdA4O8tGeLEFxCZY1kUuqPVf7JC2rRm1PmWOW41RHmPd5fDrtd9OmBCuAIzZ0zPPt4bAtYRKZ4wbD16P2fqMkh4IYsplxNggvj1mKjNm227IuZOgP0LnKH3NQqkRD+KBx57oHuTYnPxfvi2BtsNTkarc53s79OElUUtzB0mA5l1T2/inRkOR6zXIhTJ0jnyTWY8CEDtkiNFYzZDXpOPFNmYGfWVRK4KSEnHRw+djEbiuEKMfbm1t2xA49GgRtsSnAcwviuV6Arg2014Q2Wry9s6Z3F9po1mM2u810HI3ZTsxRCqJeThPQd/OWOHpWIlYOV03qiIdmwYXkXPgd6ARw1tTW5tjdTaxmxfLn7MWYZsGGN0cNsTnY6A+1Kp3tF2EtA8BJLII8TmtpcKxdVX82dgb15wrBSSddN3MaCFa1s0yvMq85P0BOipIb+DQquHDM7kB0LQAdE1GXqwTJeMYwHkI3A9HtNLAEMnk9FiIVncnuLnfxE8PYtto8IzNFKpCTLmnGEVpvAs9n6e3gokBJS1Eu2E88FjL/mX68RARF7y1hsEluWr6Vs0EpRVcSGJad7z9mPs2v2SQz6cF0qWc7/dHXLuVQ0UPnVYEkEyBrFqoYTR9lWnRC/RLcGGJHUFn/t/N0Mx6v+s2OUmV6JDZpFBKuA9DXSAhGzMe1gJhBbiyA7QqILVe9LJLUDg3EusXGFo9KhtZBdNnzeHIHoS5LUGNnvlbRo//oo2z0VHGJnKkCC7fGMCiATAH4iVOWDI8e9HTD57BRkp3d7vccTC1xf5neiRNrD74Z1TaixaqsWg6I4If10stCiyEAemhVG4Yyiv0rqUjK7aGbRU2QCssGrTcyr2I7vetw2UJuCjVhCQihSt6hcQOZtrymZ719x5qELGU5C1digeysDFvM8rv7/JR/fTiQjkQfTsf8/u89u3n2xvXDzz18FR48Kg5OncjgwQ5sai/uWYRG7FOoTNlrjhAZH30mNCvCdRJPaCI8CCpBJF0a4woZOCebKTv/u5EljSSHI7jedCL194xekFwDvCPc8GK+3u22/YaRGakvQ1MctJ1kRTmMmucD5Bx6cj+zj4bODY1rqdMuuhxjZVluyfLA4zwxGTE/WaYV5T4X1zPw9skJd4rLejP2zMTBrB95FuoYEdnGoGpYrmSsJ1yOyIwtVe6aaOEuKkqEdlznvtrtdsMDeQPjeORe2TF+RQ0e6Xy+5mqzZQDO8ThJ9ng6ztQLqZrkiZfkNv1UtIPNUGoqOJFpf9yXl7vd9Wabu+JAVxXfpQA4v1qzhqupwjOtT5t+x9DV4ciaDx/RZEYN9pZvN1kQDporGcdUZikTx7BjnQ9zMh1HqcmwQYMdM02TyhjijJmkWcYY5KE5ZUonb4fS3wODZhl6UuIAebKD5dm1TgMyUSRV1WQbNmUz5XZVYiONESYzd7IHWSOqzLp5cfTPTCqz6YWXh4FAu6trlj+9SmuZRjn2QlWmkwoaYNBJUhgNZdNAtXNt2c6WMAVTIyj05w6zhSaU5UafkF8kT3iAjj6QXVrvzNwzQ9eV+TNn66tZDtQyblNB2gDm585hAbZblx8sU+FgmmxSV/YU0AFiO0AQeLpCwPQBMBqzKvooO2tA8s1AJp7qQxcJsAAAEABJREFUsjYackXGaoYC+IkacPGC55EotLvWygdFwWKsuQjS2XO4nrleRiX7MdAJovUttNMs7rrY6rGqVWhUK20FpYoZ5JBdZSZj4LX+rlqUelPlsDFTUheJfG3+TyJo3R0ScpB0LVmlPsbUsZmFRuvitpbNFxMjUPcgMg4qNHyMZJSy3vCmY6PsWTVsBJveNpSzf6LuwrpfOCsZ6R7rCr7fZuFrJ9eb/JMUfe0D01wNLqmKypoZ9QBZs+PpDhTJxxXmH8oRQMx/ihXl3eXWM7h6g+AqlW1yc8xir0p2M62uApMQ9ns0JhDvSqyOBtRTHE2rDFcvl7H9PM+uWPnRJVd3mintSQAbJbFR1LE2B6zZYBgaa3Z2jczOJ2DbyYuItMgSN6Bck08mFGppFkVMeNNlARptzfUL/7yee9L/JwN+AJxoVzGJllMiPkRavABbUrVv9P6NbWcPzYrobrpNLHGvvk1vonYG6EyCRZt1Y7VamNnYmeQMYZWbW7hSJgKtwtpEICe/kXFwurZjy1FcBXVVBYbJxi6UO/7DHIvqLyBnc22qfWpTn8YzXIC3ny0kMkRTqL0twIkIBlrcuuk6nzr1ROXJyJ88qgoqovrr5/3mOTeDRvg/78KPcf+PWXBhPdU+PaeiyWfuETyjpTQkwXL1nP3u+198nssboXrNtgYc5m6zUs+W8PGBoqYPV9e7Rw92Tx59+Rs/+ern3nr46pNiW149fHD14Kros+998PTD9z/Y39xMcti96M+76wevPHmy2VwVhVqzyYGnj5mZHZZh0qJZaeizHuEwDgUyHS6O7JfVLMStWeEm5QJGsm+3CjoxnApWEvSjkKDor/XbE8YR6w1prfsFyKEndkBBSBazKskotxUYCi1WoHGRSLLOXo/08P/1KSnQ1WZPayjYhWQ40OziTq2k0zFbmvlt/U8HtzE66m9p4TLqL/72szRT6Y4PbaGSZTRTjJDGkVXDc3iRXOfHilSpCuAPd4geVEbXBEH3GAqlhaqjwfQBRINKGfUNfhIC6DNbVE0nc2paV1AlN4b7N5+IPqKI9xtA3bzuK0/DIaYmYrMEE3kSA9vZT4vtwAr4FcreJIgTrQiZpUBt/exN595AXEbpmPa7gkZ98kj4bcE1AXHNoiqNzwvhwm6MS/PETzYZ6iD7ZPaJLdiPHPaBUbWpKqQnmkjy9mLXnO9Ibi9WLJxLGRWsk+UXErXe7Rs9oTFnC7MCnojNalEtuh4gThWo19oupBaOZrsYmZrutJZwspdHwxdfaIfGntHYGhZCUEUT75i45sL1jnVYih0icSezCg07baYXo+CBOvANQxmbfJjleOeJrldr0S44O2KRTCm3cQc74GdzDevkATIWHAXb8QeZwqnQzuVwyNhsWWioF9cent7jh7HEvK2LsbUZL0klPAuqhY54u799DV8Np7AvjZfow3bank9S+tS3Jnf7MMy3uFYHSbXdyQxLzfxww9CqCZq1uhI7fZRZRETV0fLyQPJZMsgELlhAJxcegQ4gc2Jhk7Sg3vkweW2xq9YKjQmu31EkdzTBxg6uZJuNBRYam9YeLhJbRHk2YDmduNXinn6ay500y0vuLGdttgnWSjLPzpsVh+t4TPPL2j5o0mbRhLMBUT1K1YulIn5npRAjvU55/iSOKt0c6olDiE1Wq+bcWCfTrpWj0Cwf3Swxj0lSXoBNaTFOkibmbXcv72cuzKgvYPdUGZNJ/Vm5tYTptC9eQnLaXkmxxyFaRA2tLaYHC6sWurah6HnkLDud4E6SOmJQfxE1WGw7elJPM1xItDerAhB4n0qodeEol32ukwfQw1dyRZas3jfztJmO1/Oxk5MIRXkY53x7OD66yiCZSGuTvX6MgZFqiAGTJskTV4I3HZ/7yRK+c/55HgUKV6F3HZ+QLbEXPj0sB52xxrFaNynPomK6lUBZMSv3x2OJkm2pG8usmOckEYmsRhwbhGRZ0u0kNJSQVjeNDGfnUBJWImUdtEzTcUr91JXIzJGDTLkbsPPDDrI7DyVsMgzFwD3sb3fXO5nG7uuFiv2NdplsqWsAWsUsvqzXJ4hDJSFfQMJv3CIhIiAjZttsrzgCdYQsCWVtyilDgQJiAHeYDrzMJjGg2OneSxxQMc323DC17Py6zyJ8jhEL8HzB1XhkMJRb8S9kborqXulUg1ua0BduG5ptHJHxHgIT7CZzNCyQMIL3vqJEr2NdehYWhDKbaZaUQ0y6waEzztg7lXBckuP2QpZl4jq5c3IhFFxooHndUc6lcL4Z3rlm1RvlDkm5E8A12MAymqFswsP3SoDq6wmPeCvksu7edgZW0JUVhyBFqFxZdWVzQdaAsBl0sNscDkc3pnkmMCGtHJUlq6TywUiiJfe/K8PSwM3bwpEPlnh9LJ0NEPi57CpznGPHNwJnQ4c6wRxyjnKiFyLMpkAWik2gJVrTWzBYHmk/zx+O46Y/Xg99MsR6imvEcNJWYATqdJcEPSSdlemec2Qk04jQNpjTPWGBh18sdhm4PGeNlOvuDD7atAh5yocnpwKtgQLcaPQH/xyaU8t48js0hgzM7uLmLcGfl8nCCsq3kZjIp3u0u9LDD4m5edLN7S0rWnDQDSX3KAkuJESXzSIOGYUmLFXkWeS2AzCyJVx439B3fDW9eo6qpokppeKsrl8jgb4mMOramg03QWPwtX60cNWZcdT0jUb8SP1LGNu8Noc3iK6zxc3n6sTF5DHqlLPZmORa38T/pmPPi2OeDvuneT9y4o03Hj8ZUrdJfWKC5Yx12KMlp7LU+jNhhGWsY6k69pdObUkalZzVrRFpshdkMBAIt3RWQWLLkYEyV8NQvrvBw5QFCzfTcTw8ffbBNB+3/XbHIIfddthK/D2xgZCSzs+D4XGYESpT6zfRWSaBeTO3dFnrTqsoU/AInvCMTZ5GZ2A3bflsdw09g92AJ91mw1C4PaeMUzSuLh8bhSQpJPjMoG1VRU0on03jZJuRbWT83awPK25uPunYa/S9tK9csN8zpIbRKvOEDIRhWcYMT6LADN02bbojSs6bPGaFMiT3Tg/b3BfXebnrbr8v2lC5zYG95AfupKIyDFsmL2HqDm96ktxsJNmXQlWSIZbNixMkKvCptG0uv+Xd/HAYR6mbYF3ApmtRyzBzVsDy/2ke2XVeysC6CicqEjc2KqOTQhpC3LB3qzPOnlKXvvjiOYPMoes7ziZ4GAMWw0Im+U7kYiREoK1WF35o89sQt62ZoPOfKMwtEbMzH2FlYJsQzJTtiCYajkfJZLTpN0OpD+lGIEAQkoitP4ld9zIGnU5rkl2VEUrTaNaN7GKYlXucPxBFNXIfh17eQvKySxiyWGWciG0ESRkghnbJ4UlB/VI3lW6fVICUD+dRT7pOEKHTWY9WKgZIFURZjGQZWbQmEZBCpVMrV0xExsOnWnXNll61HKEEoyZbh9rxWG0pFSGqXal2yZJ/Vk8dWG1UUcBqrljLEcJAVCeVWWEq/cFcW9iMskJv3BJ28SAdPIP/ymuVG9MYXfVVyR5xcsSq/ch8y/U2qYp+qIf/OjR/mfH16BIDRPJTaEp7Tyab9AZZQXAx2Gpg8r+sA8zGvsb6djLOlaQBB8Gs626bTZuDIDzWbuhkSaIYu2yhJj1MjOGLAfJk64ZksHV1qluSbajeaA7Jy5k5aKseQTmIKti0o6o4LIv28XPO4LstWbzHRf5nM2cc6aNjYvvAyZ2h8TZA3TViq6uPl14HtCmU3fsPPgtlVXpFml6RO1ijQ/1vVSqTeFYdu3t0hna7nEdKjQKvy8A8JgRuwalp3yglAFCTbOq9vXFkFcQc3FGuCZJdppOepA/Jyf+i1kywZU/yZ5ApgFWHSLjUSin5cqTomKjrUh1blOxrrfatX7nwUuLyimaWtgcVvEcodpDYJ8CPbrYgNvImz1WWNY8xjBeAKZa1HhYIsQ9F5cfYcdol5KIGbSiJYrVZtQjo5DAdNdPVZzDkMCTrNRimpWw6yNZVl6CRhKExhZq6YCJxWZFUy3xOOfuSQm1elLS8hpYn9NAmvv0ooeEG8ezm2kN49uzQT6uUbppzKgeWTYixeG5LL/0SPvnywnsSfIwSJsnZF4qiPCEB/b6UZh7aOKd2UaMcN9E1YKoYG7bMDIhdz8QdfffFH//xV95+/cnn3/ri1742PNgV5auoZMfy3/sfvvfue0UxVvVye3Ut7CPXV9fXu6urjo0R9RXzU+dikzDJ8axZUDTlDTaTC71Ep5Hu3fyDCXxlbbbbQQAnPfsQhyBPyo4REYbig6e6sXw3dmvHPPo6TRaddRI7TaMj6BNLzCMA6OzfCkgn9BbpPTZWemFaRFQGjZrvDhpxD+YZA0+mo20GITiJfDoQPUAnkr9OJLob9kC0eOL5ll1PIZ/c4K7PP9VyZ6N0t80RMSdPsoN17MVEjIBccl0W3E2jp2GUvx0b2W9BYY/R6xkyIZxglghqKpEzesT5fACWwvT7U0zJ8Ld4qT54KThHC7xS1YPExlHWu2Z9wgsKWYoqGamcL4bvlxU7v6DRiHxbTf4itEfybHzV2w6N00S6RBU+U9fU9AlV5ZL018Wt/ShbPVPE9mYQmfIDVdsRCyz0cz/4nqhJhacuFlLNFYWXlMQCMzHRiV8n1JOgQlKvbnQpEbaISFsTZNaUp+fkK9WJk9VAtZQDoLRNlBscTz2wLjeUMytC15Q8NY4Nn4Y+7NhG6AuoxLl8glMOOXF+Zxkb9qjwKU92h8iHVa+Sw6iKuog6kHGKox+3ChvREuCowac6M++sfMjQDHsbwQxu8upCBTIhmwX1o3OeD1eVXScZO64apY7qsOFNJoDDeDFjTHuoOIfKbYoTQGiw5sAaq9iZs/V6EjtnIcOdIKEzxAmHdmY7cqW+cz7fOZMxomtuHbTjEf6MWBiN3t/4ENhODvwctYnG+DLOSt8nmWvYzvaqo6Ns/ZVqjG8zN+vURG5TF3/891XofbqFHZvwsgXDmZWLN5FpTmzVLYPZL6+MNl6bxmihj6XUfoRS7KGy2EbxIZdpVlbZkJJNKalkWRpdI29jww0aOk2LQtEo0g813VhsTIumNboOwEdqNR+7PByKT7zoD+ksGyj5IUgQzWEas0R9WioXOnk0ojkfKEB18jE5soRcZs1mPTMXBR+CSO7HE023IVCpW04FgbTN5tuLYoQLGjbyKCNEb9OiacYxqp5TN29VVFBtXrbQrUpb/dzSU7OMzEHWZ/s1+FPdpGj2K/BTI2RIVq6GxndNm44ZQmrzm/QVxVqT8qgqopGq+kh/bGCCSSk6jGa30W38BZhd3w63NWZigAbvybq1SsgtndntVYFkt3vxFae2l8k2cZPGl+FQ7ScOGZRO0d7Qu53pbxLaw1PV5UT5jPYK7tNS1ClkVhNyQ3O9S3taVEuvl8iGUG6TkhBQHaKqXpqyROBIUPdzhiaGVskZmenkkKfbedr0806O0ha/egmt3CnN9EAAABAASURBVB5LjGqj9qID0bDxvSRx17LKMZQICQcuhV9B5xvWlEy9aE3OHYm2mmTrL3EX2O4ki6BHOrMyfSZLVCfrtgQprmFzOw7b8XCcOP1Hr4BR7kpZa5y3w/ZqPthe1qwm+WPezmILKimePMKcz8x+aWkIJ87BUi5M/VgCP9kpnphhhFkA+vGwn/TMhDzOIXHWk+ShaGpWaQw6nQ6rqvM6vBZvUOSEjo7GGOpvk/oGNAq2vXoglnAxgZmnoDPEnQYhOHVBqV3PhzNMBSNDEUjSCzmqm1TrdCkqs1vjwY4mVuU5mzypGtMFe8CBBYghgMgJtPQDySM4z67CKb15ansmaeTwkray0LKWXCz+HDImVQS3KClGR/7XeSMEag3aB8ydpKpokeyciyIrMYrBTVjWKKuPuT951ZmOoc5rk5Z6sk6oJZAnOZMLcvzSWKZsSWbBMWaGpYirUpFwFDaR/mt20JLRpYpHiN9ISzKqmuyhJx2/TOgxJguv6FlgpiPabYZJPCe2C+kp8tTL0uNwqOQcKU/oxFAwwgwl2mXUSQl4Ttn4p0QyJ6WAtybo0NhBZd730CYEWteKMOZV2YXtrz55o+1xs9KdMJScKixYGnXiEOf7gZtpwpub6yt2h0EJmvOiz6bUYRPcJ4/PaKTelhqHFFnZTxKndMdqIBG9ehTqvMUnJBUH+qKwbVgXuK6eMhuFEgaxxrpwodtj2Ifg4VPSSds4QFoHXEx4aDYRfdExX2U93UnxE6y6ilrJzPXAIXmRmRLifba/LbH20qU83iMxqZUeBhNUU1ebTcr7i+oJ89mZJMpXOrkzO45c7wUbLWJaDlRkPzsvqZhohCVS25XAsXY8LwvPU9D0+cIREfLTtu+ltnkiYG17MvBWnKZG9znMSodRumA64iwJ3nR9k6YYo5PB4pmbOxzlOPxY3JjPPtyP0wfj4e1XXnvt+sGm7EKCNGvGK5HuzUs9wUVt1Vk8vLXwR7t6KPqtzFN906HnatTzd2WVyt07FlTkFi/3JnsKYD4Um3pgeMc098dxnBNvj8fjvgi8I+4Pw3C9e4APYbfbdWgHtB92mzIoh2nelx1Wjh7OhjuRHxu6iJ/jK9T4PevAKYiAHDuWYRK6sVkSmslvqHiJOeeKHOWDvpuHsoVN4Y+q2grFfjqrT6PMz1y25rIXCwCD9xRea8IDgd3sWbxpkNxhwkK9vSpe6WEcx33xhk8jp00pigSTcA+l30RLZJzHrus2xeg4dsdZYBLTzEQwshLKWilic0OZk/v1+7TvjkUTKDOBy7ydi3u9iNaNeXnQkuCC5SA80S9lmaiE7jjNTj9sun4svyqe8eNxggG4V5QvTvzj8zgVAd2V9SKscBMnypm3eVtuwIwnkv9CeKva7M8KutIJF1IzbcpAb/rhsDn2B822IwmXRDpKlXkZ1pyV6syj5GR5qvLbC5EQqqxgncCEdaPiYey0A9ixBrznTnxGdX/LR167frvdbcufTvLvlBmrgQdzspCJA9BEjprFiye8iSTyDMUKeBfriFsx0SROpOSNh3ZaGrajWd0UNCe6GCOoqQwZZuKWT3Jfar3ZmPAhBp30R86QlEXNsiyNlBV6osaULIQEyr1rGwSi4Ufks0k3kE4nfWtpNTXUBjS7k+4bBn6QknzPguQqh6IDK7TIZ58bvYuiepF1P3i2rOg8+/3sUC+vkv0Cqu/LzT6Mfq8QWgA7ihan6zRFHxpwIKzxtgfsrKBjNbDZJAJs6RorKMtByG91ZOhMtQkgvTyjKRRoTnWTNsZ+PSvSiMEzaNkGBVM68SzUDO06L+QcYDa3pIbvUKevadUa19I9M+lupKDOhc1vmxO12x0ABtmBrgOekIQBFyE10hFCZsqLXFeOeiUoQg9YB0vWqsvscwuYoLpZs2mkydaFw5TgdImpvHDVs73biQRUlQQ9wZaNSTJvik6EZoKAT2y0uZ+shuRpTkGnZLZvcUEaLR3rkQWbN5o4xbzMUS0CIGp0LZ96orqq9xjNmIbsFhHXfw6XoTAYUpV/MiMXEUMVVOEDti/MS+5LSVdhPuvA3ChFfpaHok9V99Jca43GSHRiVqH/GrwDsFlzrkZh8KybPAFNVwu+AyzxqJVNpQZz9BN3gkFtTn3UIuYBooaH7AIPD8UzTL03cKuD97SFoYF4VIfC64Ux931jI2h8TK4wVwgRyGTSA1gJTcwYpSjrh6gzFrDZ7sBCI9DEiWy4KUa5HYNTGXxOoXGxLH+Wzl4sdNf4nFM1+Ri76+H0cYgn80Q2TItzBL7nrN5nHyA0NshHLPf+4Ud/xKKcqmmesDSQSSpFl2OUHW7qszBupr5k2wt1RfksubvCeGFMPnLBy29PnaVxXBN9Y1B/VG+t4R2u315fFS394euvPXj1yaM33/iRn/jx3eOH148fd7ttMaT4LNbhePvspvyzv7nlA9Td8PCVx9cPGGtS9Ftl7BgVYTLNkThCdCRBbrC60YnMydEXYeT6O2SVdeTbZKZo5cIkxJzpUiwJj47pTwSdLKm7J7XE0SgtAs/hfa6LwRLozOqoNmtXuPT0BWVFmyhQxuAmtedUMrAaK6qsw030kny+3rXpju0XpTCgMAsd52xmUiOU/du2l/QtndOcXCqV6aS9rP2QQt1/fqFPbObCiQJYa2WrTJqU/TIyFSUvcCetOQ1gsVvrFFNsEP1kAbqyW+1wtUCzcyoStaPS8rrjy5+o/hRL3ZPqR3g6ES/8rC6PeqqbHDuCANXUNFP3I0jh50g7urzL0MVr/NTNcjFAo/rY/20bw0v30lvRXSJYLJTUcfpaPrLS1+AbtVpbPAvxbC0HZMYvQ2Up9+0D9PSMzkbzDUO4g0FmHVarjIzaglrJoiNByivQoYXiBELHwm3ys1E+yWOZ2JKwlaMeCk4U2m2Lm0S8NJRr55Af0vdO5/8JiEJNAkmBzBh5tqBncwsadC677hHwjpQ6NIWTFe2qxklrkr82d3EyM46EmRKUGksnA+ppY9QzGwaOceMubB05hJj0IEb5oiM72JSwAdGo10Pd1pJnFOuxARNBiOFkVy86V6Pns1toJgipS0IJk5lHQTUDsUVTsjoJ+IQ7jMzUQePj15MSCOoj5VPfQs7F+E8zd+y4FZrTuZ2rFkHAGZtp2exVG2HylamGYNo2eLRGWp0ku2ppD0fNYsnEbDnReO25qAHeF8kDfAn97jNUTkQlnvwrl5x9Ej9sOkq9IJn2+9vtdnN9dVU3kWbjP9lS7fNT/e1CV9MyrePFsbj0qxeXOwGG2E4DaUJm0n9L0Eu2eF34yoxd3AtdBlvwoeL2wCR9stioBYTrBNRLVFMhR2XRcpvDe21QKqf0AAF60DweoQPTJTv9ryoiJ/joGWDcWOLKCqjcxZ2mGUNjjIqjuaTjmcmZFRDr6Vr5Vxsyz67bkZqjBBZZbSajG+gY4yPdzQiROWaU/oPiNCF/Yu1Dn6B2YB+g0QFsabuMUBrZrGGVhJ7B2k3rIsxSbLeBH/EvVXLqIWP0loVVibX2Fq+Nymjl5I/sF2SKOZCJTN3YlIN69puzR0Z7xfgb4IIB5nOyOd9Dpj2IVz0rPFlAT802r65DRGjnoW9tkmTCdpyYX7F3e6QGz9czOsbc1zu2ESRaxJNC9dLtD8k5KGAGWwYqedDqpv0WOf4UdaJRXm106HUaufBe9aqpz8UC4TphyRBhjc7m1ggsrYeoJ1/D92GXPp+JPNB8pIl9yx2rC+OcGXRyODzaXg/dUCaUpTJcitBOIbUlLsWQB96BJYiFE7gS5rNPW5/RDD3tpqIOySHjeeCz1jmUMD89ZD/r2VmchpQ3qSuB0xIcKzGXDROrlNATOoqJBGgiQVVQryEJ4JMP3ebcKd8lh1hlRonOIEGV8qWexNfo2MAmqCWxYnWzmLfbccOHW/e3++3V9SZtUbOfVDN5aem1c7udKlWfl56xvDDu/nM3hnyUm92KXH1ixXfYbocjh7zgOBkm0FU0BhlSL0CTXF4btcNsCoML43bxxfK3Sdz8pyiMbCOIz9uZsMZ9ASNvSmyUZOqZSCkKA5AaIFc8vdaMGo63kKcQVa1IGHf/gG0YKdTY+JHeqQOj0JhJTnGW9k0GXsNbVWZF0tm5aamoSlUHyXQ2zcDRdfIA1f01GMEabS/id9b8HULSKr5npgWSAIbk8wh6rVTNJL2b9ye2PeMmFdmqDVtGxb/dAkN06xQCIw3ReOjkieKzW2Q6dfSouHpvdS4RmFquW0BZ2zNx2o0eJU8KB25II1XJVX+vYTsvDAnUqAE24OrBYwIj8+nG79AdCwCQlnNOXZ/SRA4/pjHRbZ4/HA9dqcGWcwhlDo/zyHb1CJdiYAixcS6g5jnjhzG7RYe+cy2FW1NnbQyFGEfB4jSakVs38uWFpMsuisNDFM9ovPDavCgEi33JhQtBu4BVC3KuJM99YJ3u+yPrS0JEhsVZJ3YZAzgmYR/m+H35lsNuuRdmX2FCRgmnKHLFIVy6Hsm0jFmREOKHYNukAdRr5Md6GLBnG4lz3GSURChimAkQSxmdFSXmnd9oPjYD471CeBsArnziX7puJRSfOaSxrSsPIIjWJuneetkxRIMJKWyYCQmUyMzJusCFI4WTmHF2p+Pth797/PD29guvvPb6g4cPNrs+DXkeJS6ovmnV32w0FdKhA5ahhvuihnFqJZtWSlBHGb0rSCN12XBgPD26EOgk8qdImI6zXHTaH9OE/TAlTmkzMuKidP48lr0DRk7uwgnpeHg2/YYpIhIP82PcHof5auhvjofbaTyUi7MRBgSBDrZABD84VBVHdSn42hFQwMQStzzrQJJdfdQ8MWUqFiO67GbIZ2CYuGvOFvi3URNuC9RYreRIZ5oSdjKTVH9y3/VMdqadBN6ouXqSAEfY7638209vnsH+MElCv3Lr8gmD/2aLXpXXu91VNw/jdCjO7Sw5iTjRjrIlMbyjKB3dtt8ctrub/f5YFg6D449lBm1Lh5dlBeZ4Ictph6F1WfxbcXWY3a5gfar4sXZX10XFmJlshRURRkQJbVnflyf2cppmLprONHWl6/JEh/2hDGK/OTJ0hl3vPHzSUTb/0R0FFAtDZHzpOyhdcX01HcfDnpFFZY0L6MoA9fK4bDHE5Iqb+iJM3HgEqoq+ZUyX6iLW3xL5kSpBX5TNN084Ik/HfrjdXj/st6xhySZMKgrY9uw6gKrUu4rPnUKbQSIYWejZJ0/pQ3JsjIetUzUPTtzxKMn1Jt3a3Fgjr2WVJ9YWl538VOxd1rp8K3OrzN5RqJLAUOTm3ZNq0FyDK3k22L3LMAXxyRImtZKsb3WnUrUToNWprAuqexOTQiPsbQqjw1eh0CQpigibxjX7Sf202WVVdtWRrF81ylcN3KJtfPGNOxRUspmC3D40dBTrTJJgvV7mamOzrerPDZ3oikQATUTOq20G1UTryG6sx/28hf5AW5dmmDpon0yJkcZkpZRdH10KAAAQAElEQVQzCDLhrAhfdbkzcET8CDA563pH5sjsxaSWsWEQrzlBFXMiwzmLU6X2EVqfQNWDmo62VjiSzeSr4gsgjv2467ex4P1Wpmw3E8NUwhQLmrC9bQxXoweZUu3DRxRwgHZgEc5nF/qB26VeGNeTuYjCbaG+z9TKEJkYPuk0giQweorxFFA0gMmpuuu7/CX3QYDqZvy5kd4RKkramDMU+ai5lrJsKWh4FAdwm1asQa7s7i6gXLV3gmoAydsUa4SnljFT1uITcqHtYmO/xIQgV8BMkTEhBuS3mfNJ/iybQs3AJNVk7Ya1DsthMo+O9a9+NQsOq13xjdruv1u2gnSBuSAxcRYbi1+rXyc75FOnAzbCi2+VHGVkTv1mvvtkWM5ebKvnKDXvzEbo29g1grKTXKz8vLQ45wAOVRIkmjonm8XlqlrTLKh7SVObINR+iSLRiLoqql9hseyyqZ2wXMNqshK49Dy9OdbqmOAIoWRWs3118rjTG1G1FL635Y5HIODlj5tCMUL1Y2r+xifp0hiFuh6z4uI4kvfWwpF7V8/QS86F55blIxpsXfOhK+qxb4sjorjBLCkMisG43aSr3e7J4y99/V9468tfevL225uHD5Nwiuxv9sfDs+IQe/rBB/N0LD/Z7q4ePHxYtNnd1dWGldKyD5PkoaFpEoqSadLTkFB1s9Tw12qqRDuXTmRnhywTjyBOyrfb3a78V9TezklBDLrieACWVJMmzMxCK8gEgnLzBeKkRtKVx2QiVYTd4UyRQSULVobqKU4bxMqbwq8kgqhRT7E/nPQgxldVENe3tXXyYWoq5srqyXg2goloMVcwgNL2lHiQvoezEr3dn9//5M7n0+bO8olN38s3It/s6nvhmLcBq0txsYeBqdEC9V4kCnWmExNy3mXUYANI9xnrUNMbwHO80Qur/H0udL9xOysXhJTOWl5O1TeFpz/69DohtNTcSPIT8zPUDaCIsrSHbs1I7sKQvWOy2/34UDv2274fmNjMolx1A5CJkrzf5ACxHIj2m1clWI5q22vQ90arY1KEv/Po0VnBWj2yurGsShZOip0a5fCvRMx05Gb3zZE7mCgw/q7JUc3BwycUt8VnMkgaZgjle1mZs82Tj+86Yo/AGFZknMjpo06Wsd0HtdZNM0H9TdVL7WaCdNtsu0j277JFv4Q3u0oz0w/DXkHr9fDASbqZLlW6RLR9sa2JG7lNB7q2wFerKwLEGdczI5gSZBpqHWGhHerNeVfSYJQcQsiK5lZhpS3XAZEfO2FWLDqNSzS6bwwH1VOO0QPkG7xdxsExA9nELwkuDAoDKI3ywWdLbfmF0lgFcKJ9/lCWjyPwSv988MGHPTuR+qIqHfZHigDCJ1GpKhXxUx0Fc2/NymqO7K4NGembZjrdLcLsIFHm+DRqztQaVHBZkzFbK/boj1NMJIrtQi8aWz7TX3yymFR0BJ2qrkFZB0Yh4W6/ZrdYPtVzz9pGQXB6Jbm5C1DVE0XEQDPK4YTTJ1adn8Lsbe3P6hNAd2q0vqf641OgOjq65czuW8Aq/YCb1iWkrX8L549x9XcxoK7LOiEKqkQKtR1MY3Y2ESfKaoiv9HGoZsZd66IahPpGzzTOHO5JfXSUTt/mIYtbVZsSwyzxbqcYQq/RcsJWnSXeuo5xuaPOf+uoQe9DP1lkNeK41CSqAuZkYaOsgVQfODlyreOtJ6zYBTIrnyPpHgR+Ug8rfZZrFPounTZNd/ZAMJivSx9btIX9eLw57K/TcMXn0zm6VoIbz7oSf9r3O8tJSqY51VFD0kPYpXq4Sb1cI4NFDqKsPROPA9UPxDjjgNPheJTgk2pg2X3KtjbUAyKneqHEqTivQTE652kzp7FL41xiGJ6bjvEWsiLF4z5rh3F4YkrFSpU0IeAU4G5ScjSI+aCOIysCRa2ccxKSxo6tVj4KzVGreXf79On+5ubBw0fb7VapUNIZ0p0uzWeAxUKr6rF7jdU1rAPmTivVTo1t2Q0ioV8q0brtblOibnwqm0yt1uOW4iFLuSsOgzwlyVoimApJm27herPXonqqqOCl+fxyxUVf1TlCYonBUnTD3pjm735cK39g2ZmhTpH7gkGVOO8fDfnWfCpgGjhYAitFehugxIQzq9RpJI0LCqks2v6/YR1Sme0szwVRrg/lA8ox9mR4Y2nZwEwDMGIJrI2UbTnORvxBPuKqjmIQK2ajG+dBzGDnp6qLBDCM6+xWjuxxiZSkBeuh7dqHICtCsY9MxKLIcL5W1XSgaqeEhMsGJzDQvdxVgOtIffln5hWW9IinJrahUMHN+Kh7I7TKg13kMt5pnu1BqQq1Zk7BJWuHPWIMHYJjnj+cDnyyaCzhdf59EKPpg+UUKSgURHxY6p+yHc3OScwcpO+ShzrMSMwnj12EdNBwObH/I4QtaS2VKaIV0WqQBU+qGvIC5eZ8fZCZHCd9hPWVqw6hffpVWRY/x8JwC8nyeXIKkGfH/TQdSn1GFuGdEgj0Qy8XoQco/BBRrYc9JHnkQ120VPUZSy+iYihJKjm2guVUme5gynZFzGFgMgFOtRlsPL++FprmNy/RuEyk47rOtBfLfGOXGc5TA4xMhTxw6yRcPev0iJnhrbJQhGFYunQUiArTJe2fjnn64PbZ6w8fv/nKk2I/4CxZu4AGYeCIIAYu20PRYdGXtGwwwdwM7kKba154sBAUTSMxG96AJR+EBOc66hjxwcl3BmAfxD7zbjtlTVQyzcDR1AdX12VHkzh/6RHsiWGdRVb0Y9p2/TOGJc1q0M4+QC6IfXljDjQqKkmod7j6K2YlhGBVUShCxgPjTqZ+t9kV30ZxcMxzx+ltJk5nNLlbT0eQbRA7Z1X+GENK8TkPTmNXBvV4GDlRmjiH+YnCX5KnMg8mJTMtMvnB1W4zdHtGbDDkhsXNQOY1Fo8xwwW53UUFKErBVC4iPfbDQFk+6cQHTUovFc9T1x+G4+F4uN0fjvuR6VGnSb5hJ03SVGtxvhs505nUv05fVpg6YZQss3DY9pvtVKrFdTscx0my8Ai6hjPRsBsjzwpEGUbBm/L43Uzl+nLB9mrHl5kH3LPB1SnlaqIYU3wTxpVtik4z71iFKM8t/ysvykzJvn8HSl09jTHgIrfMeesukDrJ3e3gURaZIOKs9TksCpd2BGN4j10ZCD4NK6l21JfCmDfmltvqgVGUNCfQkEXyodLUUw/d3OV5yM6BnTmZj/G1I84SAkguUuxgYz0U3uilrcGhkxaaYwOgm6+tRbuiPF+RQWCsQ0a7Ynzs86wnZRWAwv/M7s/TD9BRq9xHcyxp7f1ytTJoAGiyHWxIKKP6aiN7tplsTLmpmp7oMhncvagXVmGS2p5ouoBcwLdfqfpou7dZkm4aYt1tAp0ESxHnt3/ermf9kc+cVgoAbwK1GGJR6pKsgqEiojn33D8e0bUcCglGm1CS1NmGlk0B6IyJMlQbs/5ZF1RQS6/n+6xhTBnL5okk5UmSDLOXz3sWRhZMyoZoUSHv5punMgBToavZhCFs2xFzOVJXpXdo11hmvmsnr3mKLW3RBbDQF3wgdEj9IIpTHvBvcxB9oPEhQuz+IGBcbMZTHme30oc51LKKFB7xPrzGdmjHhiaWXBenAQ1lb2qJdpArezE/fP+Aio/Sa2Y/9uBKKtqxnUpSwot1Jj2ymUPPocXMq+ugah2uIDkSSbCvljkRfKybcWz66a4V4beFOq0B3BFk52SpEWZK74fNrDnVqNBOiFrH1AvjesPSOF09+arDDDU5rXdGurPOcKLnpJhV9jhcygfbPJS0DVsHkV9PdR/RuSE+isXD9I1afLYMkko8z70p2hLF9JdLcFFzm+tNyxqnWUU/uRPKLTOvVWjEUTKlRU9cLsuFfqGIE6/FFMnlKSIR9iyVarjouxRyA31bPo0z4JmvVQPsiIuKnbnLztvx8ZwI8PF+/XIPWkzAxssXM+M5O9ULy4VrPm7fvFypRDitWVorI19ppI4ANLFk0atL3IzNiK7bXW3e/vGvvPr5t157+83Xv/D5zcMH3XZXxP/+cDjcHos3bNyzhjwV39319cPHjx8/ebIVJLcc/+TTH5KCkJVVXoazRyP16e7f05WOzQ7IDlsjFMmRfUbA2VeiGbIDrDpGPCAuDK4UuJPsSVE0YQ2YCsy/UjQwaLpGVhlJFUiphZERzrOy1mV5PUWmArVv5Ey3kiT2gjdRllLEBZeezyVpMlMNCAR/dvIVvUO0+mPNjYjz+VHJ51zrPU+X0+vQp7gE71dkZ0A6+5B8k7BJZArpWdvRS3YjRBwxSk3ZyIG65ZgkML9is5RFGCrhauy5n7He+oTKRS82OemLeRhd/28Vtefc6mRkTti9cnP4pv24rUW8WJhCF0QtntUBFr6TNnqnrpMaGosbUqipKEnZOzm2JSnIsGGiO91FNHqhpBehKdphMn2+ppINt7X6rmXC5ToFTxZlNCRsNAiLUptnawAsXuImDnkzsjmKAosBC8cTWXRPkfVJ6DBSt6wHQjAwRmVae4N9N0Zn5ZUxpU2WFDajZeJqOeJa8zqtpJEYpoBGjIR5SsxmQmyNGgtpmXOZYnuRGPYS6K3L29RABEfhIMCpkXoyk+oJG99nfAMTgCMThPDpuolGmM23nk418FqJhbxC4ykkUePUk9X3Czth0YJLknrxQV5cQ87WaLRgpsTWJmOzKevRKfR2gknh6gQ4eRR5VLEZ0M/eTvJJloty6cWFu0g0h2fPnm2GDZiHKyG9xE0+u0WiIdk3Tkm9kJZ+pIyn3VUFiu8sQqV/theEpI1tKH4VH8LHLi+8icIXxImHKltsT8wEfgqFNKDIH2QKSacePbdQxaK2LDhkXloiPz2JF5rf1vLkq+hAjawvr6H2N0nyF2kEMcyek/bjhWeEtG72IoosHKeTVxuD4HrU8n6mQsAd5a6vdJcD2yezn2omr3AcsKP6VqgAkJz7JJICLCvgDZMjwxLGYjIL4bWRCKtsNJ3sGA14E80ZYK3TnpNoseW7977Q/fakLefdm8574KIw9R233U5VAiOc2vAmwfUkSi7/S5abJqNQvQPooXU90WKnmkw1MJHvg4fgB/j1xuI3QwuwxbbdqGVarUZhiXO49kHZxUsIbX8cD9044jgUp3/CMdNhmm6P43U/F08/2mKfqxWnxwskTtYLUUnS9ZMbzykGQQFQ6+FBhViRpAArsRSG1UZX6/Wq4ajKAeJcLvG87dAdZ9nfZ2ZAGVByHyiZBDpXhXmw2CZljgYsdmPv42WxWVKNTF4xgGOc8lDCMH1X/s5Jc7iy3OQsrXyg+NgPk4R8RB+IELVLPJuH+XTJ3CHEYih0qtgqCH0+hwHlmpPcSq6BEqQZdtvj8SCti8R8ouoWRxwffGZqA6lTRlc7Q9WUjpRoSVRQbq9HQ2gxt9EFyF1yAOF57pWQYMoikpMurjM5Zw11aUDPtcPD6vHQikwiCWGXMCsnwzixgWwp+WpxgwAAEABJREFUJQ8mR9IA/tkkDuhMZsmoZ73E365SdyXUdmKszipW3CRIZiuAjSI1q02oBnudfseifKo4sDXsUg30+IWdUyEjS7f8U0RtH0JE7KDpa9fMZZ8SDwsgOP+GEFCgpqVCc4QLfS3HMpkqXjA4RhOb0eOjjnkENGhbsu5loD/HNGlkTHcncpWJW4S8RVexrKdsWUN1XdkCaaeHDpYB+vnNLDK94zC9Pje5P3whaKsJoIl4GHGi/X8LeZinAaarbt4IDz24RZot/i283bHDlvAx8yGZlcX+g1S6Lye0Y7cqpi9sClqPRtWhJj4UE812nmW98fQIaHZDCpwsLblldnrD89LumBgrNO7oCthi2uhYEB/FTkVqbtB+MvT0QX56e8OB0SJTh16SsvJpgY65YxYj53xSdUPUTKZkET5QDh3LB8MznM+6CScm402GIrBTWUic7YyjOl2n6gMDmeZcyTWr8UMAGE98oTZIS5CWL0nf/smHwO4uorJsH1xXntbFmLU8D2Z01gBH8iWpe7TMInpK+Xi4uZ05J908pMe76x2mXdczQEBxI44TQ2zobLAOoj6ksePqV80EslWAvuRjfuVmDiTReTuf1kxpzXQ/MOI86WGMXpLz5nwUZp9R1LbD8fj+B+8djoerq6vdbns9bHtk6Fb5b8eO4812KM4WvFVajzwbWDX0KWxWaSgVIZqWbhNlry4bFqcgo0GSxXTAadc0G3rifDNd0hzARhHB5DvCSWabrGjoAoPQY47Rvd0Gx3HqQLZmcRAzKqibkbPwpcxgEQadMocPdreIxW0+jZx7XoAcfGwSDHtE4knueiZL7YtaMguZBoPckpH7MYn2rttstpsjr6L98VgmNLMFdaWvWU/ot1R0CPLoKbiDE6B6GUgIMHQLztKcYbNj1MowHA+H8bifBLjAO3KXhLib1ZycZqWDHY+aH4fzu5TCVLhbZjJnwhXJCQoOXbU5o5nTUp18HcN2hrLPDfOGidOO08h9MnFmUQoPu6pKkabN10MVUrj4x3VTqFKo+baGOdHcNZkUesIYJ2GKKcJk4PNkpXdz6nUkhriJ6VpZ85SIfpDKfu+lH/LsNO78P7VK5GyZABpZ0igWDRYyHFpzqC63u6QN2jBydEVYy8i2Evcj6jSflTMmG/2JHAHTQ7XTjDrDDeGGMSliqVDt4iJDkWE0i242GgaAQOiKEWBp+0zMxcg4JWliyo4mGNXmgYjC2FwEgAt2ZNU9fCbrJzpTqD76wn3dQFvs6vU6/cJoJFzctQ9vDRo5lD27VxGtxtRZaNWIfhAM95WsJnrfBnWEWVGhkqSSPKIv0kMUMjAkDwnIltwesxOMYo7Kz8E4RXvWP1mr6wT/MQmP8gRzL44UzfhlNhQou6roD8uhDTdgWvY8ec3rcrBd3vR/qQOhpYVXHTsbFlEfg97LgbbRidLYaqS5ljBDo4yYpuqbughm7QahGNEtLIgnwpEtwi9TMy9QZUOcAbRxRoTIw0RtUENZAEUGoSwB84caaDQ0zxbqVHdOSuYYVqivxSRNnyCrruKIBFqoI52VmUgMOUVfhE4lvexeJR0Q81OT3w7zEsPgu+LJZwhLPe9U2pzJnmb210lBlkwTVRCAw3GW8phoURnQUzz1IzrBnpEjTvzsUNRHLAhqjRNsNfPFU+IFGo5cJw9UvhGH/4KZVdZL5Nfl5e1s5FUDMdNUD9TZQ7RSOTR023tzrUYoXS7gcVnzeKDOQMUeuuYcpqbLKqUtw2Wb24M23pwX6a3PK4s54oLS316+b1UebYSa6J7xa1LY/CeeWzjVogPIRctwU33CUpxfnLgA9+2Be/fUx+nTe5XGamqEowvbmPv5uXVuB+vF9suF31/wutznJtg8v53juLwGwQiiZPEINxcz+W83V48fv/LGG4/eeu2dn/59V48ebq62qR9KZ0zHqcRKnj19evP0mZ7R2l5dvfbWWw8ePbq6vr66fih1No63WUlORFGSSbUIFVBkRNH1hXqAS/OdqhanmzADOvre2AqLeiwngChOOQrYeNRsm8omyE3prATiJKij9c6zateimGnYEGxbFrGvn0/Zc9Qrl6Kpz9oGS8tgtHxKo4J8dMEjmCriVC0EYYlUF6XFabGyRrQD3Sze+82WxtTC+3nyXWPE/lxm4wsxZZ9uUctZ9x2bvn6YBEIppEWr6eT98n6g4AbrtEAmxn0MS9EsmFznrOsc8SD8nouh73Ox7fKSK5aqSxrCDnnh/eLXF79W3+GpmLpnPd3UwQa53NQWwii1eRTHvlRPsCeZIz4UOqfgNSrk5JRwaGjfCPCdzjrFNIm/ItMZTY/KsLChsPH8nTh/8UzFEM+sHC+ZXcH1vjIZ5kXEWpwz8GFEx/XTQi9V3VeMHTOvoQYmm37WIUKsHahaAKlFQ0w/yoeM/Dr7f9K8srhUjzLWY4LoRkTqTF8P9TlVt6ouYXbgKpYWncyzmaXeZaqASd0SqjsY5diABqiwS5LYjTxZomr4XUeOKkPPlkphL8mtxfdkg4NgqZE0v0/POdv5JLUqtxLjbfCfaAp7CuSHGZYBzbEHeqgSNbVTZx1O/kCpkAowV/nR50kVVz5XrSdV7idlaJD5DN4sG1ry+yitqGSmEGGreYsgxg/xZBWjj9+JKDh9C4D31/M+s+Vj7JSstQjt2+tvvVEUmxJQZNWhieLVv2c/PanCpd61eBM8twpn7+8xIvccNDUdRbawAtZ3GLALDxgs75VtW3U0lMR4TICYPJP1gVX9wrsqp18uvke8R+uMmVwp59qnWFQFoXk6QF0mNuF56ruLF2xoTKtI6n8U5w+Q8fVmW/iaj6d00VT9Bql5FhgPgYkNDHPq8iSpYFg5qFe3W9vERdoZX2m2mqtUqUOErfxQ0Q1mPINvsN4zcsZRg4xxTtFCfwthId8kK52ln/QDDRRAONQqyaE8VZLVqUUibzvUZBK6r8mCQUu8bpv+ciKbXOP8K5MfdQpDeKm8kR7gMz4EdeayM5U0db0OAMc/URIpZD9hhTEJsPohjC/HxDsqzQJRswsD0PPXt91N3yZ3Pvp3cQ/pc8ui4aNsP69QHApdjWtTLBkhDiDdD2Xk0OAMlGqYyxQhfpDQGiQjJ9DEAA2iJoFSXdhsD4UaK7Gc+U7QThTZ4kH1z/Fw8xHo4zwPJfbQS56csn9ytiQaDNRFeoDUzER3MQozO2dkmGynsieplwq9A5OpFaYCkssgEiqIvqMkxHDcX9mrLZ4WPSRYZuumRCH4PDYnCuk4l0ziw8dJMjXIYTjyqdVpVjtVuQS6JDah8V1LdghzYukRVT5nPc4dnwPP2U1f7DmowWeDOR60LZ8fbg/Hq8P26nqhHpt+B+RH4p9XGjvzgvREU5XEf6mxfOlJpgmQtcnkd3xyukSn5vFG+d1VIKBiRkrnFxe3ZdgRqZiYSiApL1C2aRymlj6uc/gG+sSG5RqmC7V16eRxYqlvTeGtZp3B+Oz23JAudTayZzsIEV3cTevzTlhSRIXWoKvIK0ro2MN2n4hFKjI3YRXfwGeL/QBnVu4sGmUlQAm78vQyzj6dl1pzpRHKnttDbyVuyo5znnEAqOfNBPSkc2NOkFlALCmScS02HQ4AnlTL1FoBvZBKkQh/g//N2J7eJjtXiaZVKtAvFBH/fxKoEvfHFJYTxv9YnHOXamoJnRdlBfDcyTh7P83CiBIZmEQg1Q3LqBWTHq+Xbm4OB2gAReRJ1mwUQLVRkc2ojnl86ZmPjM8c4XYeB0hXHR+nEl70cvfO9IxqTKZWYxHfjEDlFFaqfBsay+BDytDwLdZpqXuY7/aqmAu3jrM6aAzCol22iuu8paopYLMpg5OG2xObR7tz/VKJL4ia7R5sN5PXWRF9fq9aE4lLY3fVMXTtascdOs1Fqs3zyCArHMocKrKwNEsSfIi0zJH5pao6oWrIQW4FgdphbkJNqVEEcCdirCtxPMlQ0k162ljDR00/2+ZSby79eBH9c7eAbQz/Kh8Y+8Lr2+JaVaFj7JFAM3T+smAQrY10UidofkEWb+IOLQriBHkE3AMcpv3hSIf38fXDzZsPXumvNgNoDtwOsOIv4dzNQg2AyT9LgU2IbjFfv5uFBsTl4vCsGHp1qAjG0mQr50maKE+SCY43joE5s8vglr1AEqTPT2/G28P+9nB7dXU1Xxf/8sOh3xSJ2IFsfGXX2OyKCNzjvjiZE00TLzJKLpy8LY3+29hi1T2BGpGfZSwk2x1TP00KReQEMT3zTJYtNnOaPuGtkEexauTEeEzTnccigTRVKKUq5rcDpwia5r7clhMJTVxJyZeXOX3tzIiWMrkYxCAzmlt0uM12RpLnbT90ptjLWi+9tNuwj7uYhPvjodyVtbVEysNRmrbBzaZoIpyK8Jlk5zsW5QEnhq4O4zD347C7Lr2vW2JknBM9S7CP6tHCgYUqe8sncQSk7e5q2GzHIzOaFGf6cRxLJ81MPCS+9yKEM/X9VHqL0xSNkhSQ/ePl6Uf2zG+ZA678W+qpydUcqFEGMot3vNVrsSsX0lB+tuW8S7vjfn/YHxmYxNLUecsAoOKvdDkkjANWMjEtFIOLyezr9NQYyMa8C6CR8KJxqhrPFYL5mLrhOHP+oE2pGDAtExOko6czQFtfUv9kOHvhjCHW0jRwwWQwwqgk2nEWjnTZoky1YKGmxDAXFuYpx1VdYjGvW9ebT3uMXczi2hre1T1JUz8b6GQWpxzZ0V92HWrIRHnRfLu0HT5M+EWY2o3AcHvSItiNjl/lOs6u/Ys+lqlxN1YaKx+rOD12VyHVSZNHgBeG5Umnde2t9GeAy6i8rAOzTaDOnoVD1ER2gJUV+KYNRJ+jjJYC0cwMIBwdYU10Y1n/Cu3NLDl3wQLKphmI6dGpWLB7mASvXHcmbC1xDgjNCU7Cjccys8hPJoRjWc1vGbGvUDZGyWuKX6eNEIOvmXJuvUqFGoxidE3dLCBhQ+NvTgC+Qx+d6E2qbk+dCy3uezlqnfRnbgeu6tJCnUjJSN1MDze/TLNl1Wc5/ixGUG1by8OiGq1Y5w4JJTMlUB9bLeYk/CPGASinATUHntlH5iDPflIIAmqK9lesuinbiGvIwCqdG/Zx+3ESddcaTs2uhmbNqH+Fb54N1RNI9tayo7uSLZ7M7sV3p6VZFO0lM6iWndz+ohkXF/he0yoUTGQ463yzJZ9UtUsLldWaRD70Ku+oqR4tJTuetczll80fe6Rjyr2K6A+Ln5i3JkYnKqTzmDThqdbL6ZvD1jNVSQWKQegb2wLVCPQTN3ZhvFHZBuY2tRCkV0B1VgLbTmsHRhWpnbFYU3x+wkVG6iSNkumNsQ3r/qBLqRoL1XohWFoXYRhVywVb9dx60mRT82EjoD5m+fh3+ITvjP4nxhkvXHC/W+En1bp73icWZcyI5reox1NQXYmyBRV9nwME/dXu8dtvvvnlH/3cl7/8ypuvP37j9cNhX66Zpnl/u3+y4goAABAASURBVH/29OnTDz/QkOXVo4cPHz++fsiFiRKLiTEbsCLP6vMI6BrGCWvwXValtFL0lQ+L8nw83o7H/Xg88jUO6RBtlgEnnk9HTmA7uEQRJHwMTBAq2jQUDLde3/ZIYGEmTfYzk8NNZLMQp4fqaaqMzaPdMAx8dGcy40z6TmsonLByZEicRKYdmW8tCxWxiKGk3lAQcpTOx2Wx6D5iaV0B1tdeWlsM8eQnfSPs5cPLd3/RlLuvkMO7L20rbG3wv8sD5WjpcP1K8g2bHANAdEl9j0iQQUab3kc0/lm9UpFBvl+Su+ZcVrb6Pdy/7T8Axd0Rsjd7b6Cr10oXT0umE51qvs2clmwJZUOnwlaEntCc3KeCd75pyoWaVOVp6TWmunubeWXboqp4Ng/RwAS66ZoLBv11PIEMOW1vk0EDRF2eWbaYj9FUZz5YAxYqI8/0lNrpVVvqj2tqS83e5J1r6j9fm4weFMz+BFdbHDAbP4/FQE2xrcOnfbJlAMEVp0VStOCZ9570yIej+MhMA91G0fUsaHVkr0oMjtgBekqy0RW1RmSxNnKgicJOwmhFxIseQ1eF+N68yGd93xm9iMga3Q0qletS7kvtxWL0M69EzcEvVa/kFEDxP0xypIkPJhiJhZgsKolIt6iySQE1GbXJwp2Lmrt5Z6dswI4dn/PptYOg4Qx9c/KlTrbkim88N/THpT5naqK6V+zzxv97Rw2ss196if9AlpdppFw7sUuRT41dXe/K27Ja0LJBN9P4I9fm+9rn7NaQZIoYqNraoEyNy7txGtm/S3XtDmXkua5/UpDyR9WlqgDEO59uq74J+4GJ6Lq/kLjmq75jS8sk8OKJYZi7QQbuUDsXrACeEtK9GxYJWF4HAM3OZp/6IZ3TyUp3TBd0x+DZN80crcfMbNsgkyi+pbbHPGQqOLIEY+uyv40UFQecbg5ycTDSOjAF1Uefqa0SNZum6oVKgI0KRvDcEW0OmkXrZBPwFuk8lTh1toOtrfZaU+c0Pkqi5igjP7IDDVJk0rQSGJBwIroEOiGrYZWuEi9BOr8MzetW9TSdY2jRVjKuFY88McrNH41yipdIM+3ojTQ9DBo6UadxdXiheDKkPok8GQjElm53RWMb8KZRra8pGstmqLtOtPnO1oFGBZKMmWyTChBXduqOnINWh0Cfku1EL2M9s50K0dz14o+jMCLIdrGYcq4UmbqrZDaN7xWMkAB64XzrOydGZJgsJw4rYdLJ7Fjd+jVVX3HyssYnVEccxOrnudiimnDJzobrsmUm0HlOxVM8TWOfSqSnT9Nx5CdN7C3mc4oamin7xc1NMYKH7Q4ruzZEVfFlThuclPZDqluQjGQnZq0sQMX6DCUitt0eb0uIaIRcn6+LU7qppzEb3ChlWwNl8jE9hcRgDWO2aAI0M7ttGZo9fa89MaIRCozSuaKKvdD1J13V1Oo4L7o14mVoqat/4KaQP35hN5kU1q60TtUe1mnGv2ReQDlGTUVgTHoocjxOSNtUJo37+dCsE7lzl/Qwpevy2iJuIDP8M9Czx56bzKEmxf8AmGdcembmo9emTM46guRyJgFkeEE/y8MZlCJgOJ4ZKSwjAyuX/wsmS3tQVo2czRXjREPLHltUizybyshn47PGCZJZnlAmPnt3GCg3C1sFf0kmogwoh1gF1+kI2lCb6e97dDK2MjC0ycn1ULe6ViWQMQPY56nEB3aEx247CwiRwI9nCoxeN4P2hDeHsQXwF6A2lQEoZ17dvMSoA9XgDTXNcbp3sBAKWLasnJygqZXd3gxqdwpXOWRscp3PPnUBloIiWg5nRbchHQIiM5yTsmRJYpSEDq9gmTz3knPkUbqix09wyu9++P7T437KzAuZBkYaCiondcxwpbYUyGyvpB1UG6E4s4ohtKO0suBk0QmlvQTlOuTA28ShUDmpm6g2bNFMh0CdNBMRloL0TsVp0XXJ4FE+EKIjmRO0E2KQIvXzfEgSFJuFIzBcC7Y4PJrBM0a8jUXBvmGqqePx2fv7w+3+9nB8sH91u7tKm20/JNVweARmnwlVSWmaaltgiMKaiAsa0QVAjbJEvjfo55kCtcxdPlN2LwpJzgVxc3bYba6KY/nYT8c8HXjTmw4MXKAbof7I43RVhMg1FhdzP+Ag2MBe6D065gwZDwjHCY5nPR7roIp+ETayy5iF7hTzWQ7EaKw0jUe4oaebvGNM55wZUCrYClHbUc+LgHiENV0Ryx5lTJF9RDc6ge4xJIERFIkhmUM/a3C/OH05bwynp+n7fmb4TcfJg7qrbZHR++kofvLxsM/j2O92epISrT9ZcCYahl0qPvdechKNxULkZSVp70tdH1xfF7/5ofjLDzhL3iKGn8yHidP6IO6uzJIiUHmOhvftKJgqdHsiIcMQ73W5dNhcdcN2Hg/9cVR+8nk+DIwQl7zPWBzxEiHY8AnP4qZn+qnStpHBMd2xKCdHhZ6AZW+0UWLNM6Gnn6twYWVa6TjLT/ntvtz0uD/aYdMiEGablXq6iwxd12HgIhTkhIu5TYFnsCc5+k1XlcIRMynnWI40mQS2G0xzdziOm2O/vy2KDkfsNYrAXa8wyjnSlzk+wGY/09mU6/pMYHBNGToG6FStX3dBIE89UFcf+XGsxQZErVkBtrTBDZKqxLqBJPqCu4kYGqT2C8dihjy46uvnaLOc1J2Vgt7sLOOK18rNusxMu6l+Q3skKuafIJQaS58XiphZJW7sxIYfEpbsD8KJjVXfYLxvJCst1Ua7Auvd2uIbfEyGcE+5UlVv0bglEEO31e02q7YDluC1rUmIH7OgTFjqVpFOpHByV6AbbfpzjcUlqg2xHQnckxa662zmE1clm5rBKGad9snv0OdipLApsUFh8NH87YIoREFxIDZxeO3tps/Nn9yMuyu1nem60uCUemgHRqa2w5rB7W5czG0K9oMmS5I9KfkIoXkApEdzJJ1vPBPoXnrJWFkXArhtKCPqaoK+CZu4S3Ya3qQA2m9tAIwONjF6R9WJgAHxLQVtbMffLb1VdluQ7WpzicyR3MFHkBwwnI3cyZvCQojNX0NNgzNxQKhZchQTzcUS1fU528hclXa2cLMrskEuEtfXLTRqeLJ4iOb2Q5L4m9xxlpZYX7b4InLjJJROdwjNdR61VoZ1ODo4w45maplbRIJcjS0rtNe52vIuXUJpRFzwuy8baq4UN6iQlu4WgoApQlQDfYJZ1lTyRcrNiHnd9GQ81C5rlpNpzQBgDqullKMmUGICCUz0E/i8AOuypt6InmiP/O+iXXHdxShCe2kItnpnqtsN2VL1Mxttg13oh2HhNl9NaECNiI8xPZHneFYn/fjSbOXfptPLn1MQ7l/wZS6+s5zXKy9f4B0PR7+mXbzZ70n3bfH3psjAJjrfeO2TZEvU92DJA1eMvKJybl5568233vnyGz/ypQevv7Z5dF22qdubW1Ev59ubZ4f9/vbmpt8MD159fP3oISfT2e02mw0yPS5L72AcAc9uU59vBzJ8CZAcYiQ9SMgZN2+fPTsyuoXvxe41R5lIislB9Xz3NosHgg/HTZFYBwWYnMIr3WSuAQl/M6+hZjr0X8khBD9voDVRBhRN0mlOpGSk17qqFM7Cbh3NPSE4dQWWmw6bdbOUXUi57XRf5YNxGMwoZhMZSR9AOK9OJb4N3XNKrN/G5bW8B/mF1fUgJHzUX7zx6YcEcHJfhJdbrosbt1qr1g/srHPoO1X6kFv32V/MjhuHFlUNNoyoQ+w5rVUFh+r/s/1BQvJsPCRTfkAPxhG4weCrmiPGIl4lay1KUums57pSY9JQ066T0soU/Ej99pHLpe2Ezq6J3jMRj75SUdxhJKqRBdF0clMT20NDWS5maUw5WoALwueqV+ST+sgdxBpkUruT/Qsh8kTqnT2Aj5ZCNV9qo1M9m+6Z3Y/NNUjuhrRH+zzHCtSVRMXEE2VQ1SOxW6VTJkXDOpvKIvNRFTs54gkKU9HjMrNagcI6zr5Hzboabms0cxHVlHVtUdGzJx6wuoj0wWq7WP1lqvemICXymwTVRZ7dXyb0kHIyLE6iJJTjRKSZ1eto8SlnUa9cdJh7qlENbSaojibnJ8zQAAn3WX3kjCLWpMPYhk+U8c7VTyZmpcA56JyhmEP6dDXAyEDqahMoDIYkAZLz4gK4Wq/pejMz4cIky3woQ5WVTpFFPdOTQrahxdrZhNZWqUmKIfDZbUZksuO1Gk7KfirS1G9UNJsoscVMS2jnMnWY5aJsO4mcI1brsVM6FgvWgkLmZZKRPMz6I1zNqiVzfM2OGBtmRc7xZ+kbPqnTue4oWqcuEPTwQKx0m5i8EFIMTqxHOBd3CH7KhJpNYnmVeTROfvjJqHQfsVzcOF/0G9eUEZ+v8JEbZugIvDIzjsfiRIXibGNtCTBU+5erArV1v7Ma92vdx9BZw+oS42MCoX1GDiIMYEE+c3f62hWL0KP8ckViDvZO3LhGngGhFcGivcmPvJzVglwHQlj2yz16VruyaJ89VuNSraKlHehYtyzMuph0i6nmYmkKp/wACJXGbWDzcapiCTFxCC1XyNIzF16tZT8TgP/eHD+kGxdFO8wx0MTXSSIQSH5mz6cKaWQH/SSH34IgOr0ZM3lrecpkf4kDiaDpTVTkkfujUFjNe75AKCg65wPERuUo7yYK6Q4uMe2Mv15jtOc5M0oP8UzTlWP3tV4AlleMmDVA+rVTL1mWKJBuxKFLuEgjk+LNKJBGHiwkqidFUd2C+iPDELhIo0ZAllmgPIfIJ2dZ1Z8N2mgabTO8iIsZGoLCvKXh7qqX+yshTo6fWM0tqQW4Naq9rTgM+7VUy1ChyRgCErpOo23T+WGeN9nfOKAjygACNZBLwXPI6s7aR6qc2Vz1jbs6TmOs+Vl8Shjm23m6omkARvkU+0rC5WxNciwHLQUISHBEtkUkY15GqNSR4IzNGLE+1xMATBB5DFA2Mz7EPE8DZ5S1Y2hE1ZrwGca/4xPRJTbSDTs+DzsX2/HYybRgMo9ZYhiWKkU1LA0uCGCGGEfSDViiaSUqNTMRHN9aaCgUB8DIAD2eWmyLMc9j7nptkiSlKE8eSpzn5ng8jIfD9uqqVgtD0IVuTMvJsJCTpzIT8YJll8JFjiFwVB+SmMr26mEJl41shbNFbaJN4r4lusi5T8r48dKbvP/j6SZ6Uq47Iq8CC5C1YW9sBWZVF9CUQ2psCnAlTJ19Cu2GWGZuVyelQVDeOusHHecQ2/JZBnNtLx2dcPIaA2sC1VdPVW9ydkQw5dDWcEhW1bc5/MX60izCoUyN4lq4nebbPO3G/HiTH8K2/HYjsetOs+MobKEo1SnnZvfPYWnJRlJ2UuFpKkHP2RwRs28fZJIy1VlkNp2+1wa2x2xyaBoGz1I8CEQ0QgiR9AiTq4WkWzySoUmUH8FC1Fhd0nbYV320WXEpIh3RwO5s8Rf3Ty5rVLSIWYSDpmLRx82Kx1Ywih/70zYv4BpkAAAQAElEQVQBwOKcgfWBmhq83qSFqZlcoEiFZjamBY2QVYp301vKH07j+4f9dstJn3uZSsrHJSwmehDJrB9Viztl89U4qk7wsuY71AzNPqkD6q5rxrvUfWeqNphBXCcmWXN9OqumodRNjilS9ppTzbxVyJMRey6me6tJ+Zwzaat373y/cfIWm+xdbFTZri6j1Evw9PHuCl95lfWOD+FmkmAzc0zOPJNnPg7Vdwzb1NpwFMe2Wu5c7wG14JPGXdTAn4wkTded8j0w5rTjI1YydpKzm6TSlhbb1qPsbVg3W0SnSvJYbw2VysYV3swA0V1StA3t5qvPNEDUaF3HecKnIx+BEK6QtDiMQ74NlSnYxUuGcZQv9jkfxxIhHw97hrDfPnry+u7hk667KjqSdEK0JEsm2tBzloIMfNooPKE+GaGKBXItuoksyUpxfUlmA5pEJEevio4BAq8p8muTh9LC/Tztp2PplIPwoZYt/oP9Tf9+Kttb2eeuihXAft8hTZyDBvOm35bI/5TwiPN8tLToktiy8YFAg7+yfV+7OEcAyv6P/FsNsLP3Y5zGogAUK4wJxfpNqSSDnaBn2MhkPkTx9SQdQfZVA7OYiGsocQ4SmV+SO4rrO07sA2IPs5LcgFhCPXHmOfZk99vtpqwxRpHkUUhfJs7azLxWvVItKtBVskew7twT56xjFg2leiqesS5th02p7m6zLT85jMc0Shqi8uWYD3lfblK850mJ2FK7paId1iHy/cpWxCxoReY/LXff7CSVTld2+XHksxHsKhVGFPFec0LYJI1hzpNx5O2Fe6ss4anrx911ZoANs8KJRE2AdhLK9Wr563q23nrXbfpyj2FbOmac+LmcAKf4UFRPJ7TUaOQzVnOW6qCERBNR5LJ6IbIa1agquD7DwaLT3Lk6I5nCPfX9XkG0DPzdXW12O0ADBCj/ohKD1fXEKn+XNe6vnkNO3iQncUnj0kJ/Io6t1Cm1RyhZZtPJsrHgXCXcJa23oQWs49TgJJO11SIwiw59SfJNsDOzTHtETwMzLHXiA7hOdqIwaTJdtPyK/WhZszElq6Gq+WCV1yQzYP2YKawnakRFnIxAaNasaU3ORADGPBa6X0goaz+aQw/8Ds3wNm2/IIB9AjRmfFSSTj5ob6UfUH1ICg6sChvyfbduDXWa12CXYNdC54Qc3kXbSG2E1YppmhDizYPcztDovjhSr6N6UaQHNQwOnewzh8x4/q7YOAx+w86ONvI8ZiS9GA7sY/RjaGAeb9OAZcoxL7I2Q1kxha81tF++sMzwpFIyGh3x09hIfPgb54pPBrsPeLy4BvhNapkelGLUbN2Rxq+tS7CN2orOn5KygPoOELNPF4ihuVXhs2mmlyn/TxZ4mq1OS+Iomylxfi7DcBtfeRY0tFXAMtq3ehWg2R2qC8go52ZKSHOSrXYU1hxpu0zajKb2KX6rM6gOhYoYM1HRMaqA5fBM2hCobhPFQT6t+pibU5SgTUhoZErZ5ujczNBcXVGzyWLTcCifmGm+wk+Uy7oz6G5rFaVm3bm+BEt9y41Edzk1YsEmcLusUU+wQFNEyMZDwuNYzWRl1GGbSx9uBEP1Fzaj9Bka7qid7iqfLXGfx/YM+VGuuDKLUorKjvXYK8SZ3/a5aoFRYNrbLc1Exrlhf7Fg415d9oT/ypaXB8VU8baogdmMdpH/3NdzzCwfh3QhVc5pFdGZe/SXjYlDywvvbFI+uQ6e/8D7FXzBxWTroL35xZZKS5pv5mwgdAt91vOCi0H31+KIU/eSXeH/8QcvOC5ysbRuSPvHZjbeUX04HQsT1zrkzVfij5Uds5PQKZMAlo+Hq6t+N/TXu0evvfbk7bfe/JEvvfb254cHV8XEm2g+3NwUvfy4P+xvb4seWFTZh6++8uobb1w9eLC92im7CYiDgrX3oqwdjnECsK78S8pAcbSpW1V+dTju9+Vvqc92t7u6vlZW4Yo18SiDkqNwHtji8TqyXkrCHcCAk97I8BDcZeTu76zszdOs+bKthpY3z+SQWP+TILhnpWhpwmoZjIiAfY9J+GDkHJqf2zRsZBLCuqwKiRCckJ6gL/orSNKG8GVBrM2mnH6yFBvx7emsNe90rHS/nkzVg1j8tj0qGzd/2V+eWCefnVvS9HIL9uzWp5OhrhwVOiaw/BPL6ZbtSh+6aLlv3b5rSt4kkZyVCt73B1J5XcYwcQDDgYqVoyzV/Y588ooxZrtGxJnBAwWXZAteFlIfseMQP2J336dYBm2vnDnJ5LEmR8xSBVtZoNZRM9Uu37jqBPockZA5hSvHSqvi+A7X3lVH1zQwahDioU+BmVjtkSKoSmgzB8B3SApt7WQr0xEnCQSinothxmpOlslzJSkJtW3M7mPR4IkdLDaPM5ogUod9IrVss6OgllqXTDKb8epo9yMDCfFEK9DrLQ0FVFezNEryfKF401wCKj2Net/kOBN6ZwP5dqUrcEaFaehBEBn+5Aq6cYPrCoWUKl+GrZUIwksWZRBnWwbNma7dlZX9oG26rXaLWZmKrbONPPsshp1CdXM1h3U4mN1Q14r6zF2GMskcfWICWpOTEn/4QtdD0lR3cVWmUZlrYlVAM5nqf+bnzgZgR4qgrPL26jFrFEwP71YJnQx8MXFzI7eTIt1segOYM82MzhLmyUwh3WqJavnIgfScyU54gyNRQGOHKSn9uX2GNgV9swiPQt2rILSQdgM73xmahfYckUXww1Aw9tUXqaR+lMJ84zzIh8NBD44JwVpzg5cU9a2FeNcl8KkWFNwJg06KOOmC4hkoThYZShGg+nzEjZgsLbJea5IHbKadCExoQc1xAdFHbywqEYLXB2IXIZv7Yd2r2iEeG0E7hAAMVUPtQpPPzTNkfwhEo2YlUUWtWS56EZjY1TglMowlouWNhR0bbPinqvaEiz32xCjStF8Ui3qxFy4VlTBp4wvrAPHYaIghu/VimTXsd2QijVkUVfEy1VwwcGYdyC41c1TIh1IQmSkELoX1jh4mb5oSYbKcNTtDotx4QCTmk/gY68xKebPcQtmQnumg7mJoh4yU8HT2zdW3CQXc2D617FWfgGhdilnPl4q4ptbJmRuxQT7ccHa3ywaDj49qoa0Oo7cS36NbYu7Z0NwcqpDofBanvni4zH18InzQyHtt2yflUzCuQXMpBTGgdkX2CZlaHc9bnslXhLoN9XnF1f/seFsGrrtmPXvDK5F53G/Hw2azzTrZlWK56lXcyqT7ac9no5lGZDaHHD/p/8/en645juTogrDBSEpy91hyrerqrup+5jzfcv83MVcwv+YSZvp0VWVGuEsiaRgDXgBmlORLRGbW0nOYkRHuEmm0FTtemK8v5sX+cZux/F19DNVrJ3rmMOlSpRwRPHaGWMWY6gEdqtth3p0F917ymOdRdcJB69mX1UTQ4psVpVazbW1h/RLcqpqEMGN1rSbNamOrQ6sCj2Kzr+eV9+z7nbS07DTMk+CdPD2NWhRAJ5BR1oZMqAUNXDtz7Rvooakw3a4lD4e6fBTSU+3O/vBwV0d10kAJm6mEAYuWC2cJckpkQnNIQkbOZUpLMxAzDG3kfiV0wkRa282tD0Z8UhAo7obJKbvy0Ck1fsxNUic17QxNhwj7uW31C17sU/SMBu40ykzTFljRR1Tz9rjqZ3ANZLPTMy1Z61NI3YRqTFmrq69UV/QuvZ/2dUn3agLRFrNWllS418gz5CAmFDoIWYD7oNAgpCH2WlWGml04bBxGZ5yZXByb6Lsrv+410dOUe6W+I3DUxJ7A2XK1gpzuQiqwF1rh+pBA2dwF0jGRmYc8pRHhhNXDaRZ0iqCfTjqlbhCuFwABKeRYvxSeybZrSpvTgMYpJHt9wZp8v1e3w1MpP51Pd+OuuoHr6kzQA7iZsrnF0idwKhuPzdmqseglI4mVaEPkTeH1AXXMwZlojN/CB+MuYmyxHKwCSlGQ8tToA/sGZycdKW11zgsBLLU+tZ88v1CUXSvHmcAeONYhoSJskuI31Sv+4f5eClDUG58+PT49ig9eJqRUVr2fZN7rfI2KFWliWbZjiLGrjZZQJAArVDBCGIgyAqM09kLatGLS4sUWtlcIoRHkJ8eyk/J2iC51+DBj5Yh6bsndpOIX95toB6l3OQr0SmtVKOquEkyaZ/MkqCScXK+3c4LQZmFyRpPkDSXzo3CN8/JU1mGaNd3q40PlHsO+qpfu59ZILtQ9Sr4TYh/4qHRSESSl0klHBZPnSvsw3ZvU71aGKKKhoUKOBkQ4aUfFfV1nfBAZVvUCXZmST5Tmkpay/uXx83GZ3+0O1RR8t9vfTYfq6JdIjF2eSpqGsht31QJ9WrSgiyaVRaFJmRTQ3nYkKOYtxXHw3a40TrNrznXUC1INd2VXt83IArOymyQV7STljICzYQsbO9kgLnJaV5PQs4cuaeHISeiuwWWLZFBbWrLlF+0qoRCiPCzrkGVE5/P5VJdp3O+qTSBnh6c10BWr2CuCc5VWvCCDtECS+Pjh4V2VSI6nUzWfa90b+U8bKKMMY9DSvAM1fqnUV0JaVl/EHNMiq4MywVmmv87+tIy1f2Jqn8+1jZ1cg1TnKWvW4n9L/SPXKMhnSWJjnj6XcTyrlCJpozI9Y3+iqGfc4H26R+rtedrtRUqvgzieZpmY6nyY7XxzQh0zKxIk7mSDaU8crZbY3t3mxWlVYYSMUeJXMkXNJA0QEFbr/7LSuiAkUbu2e6oOj2l/RxI4L1OqKacTVICYXNU2KCV3rop4WNdJxFQtu7MibIIFDLgYiULimc2H80t0yhzLHeFliyygZqxxasD+gwkhvt2TCVQmJThZIY0xkkpLY3aLl/2tvhD1gtSF9oAZq+G5WoRKTDH7nLtoEOR+dX2Jo5chUZlYp4IK++Ht2DZx6iUuWyQElQUz447epgvliFtjtAnHp7YpOnebkdtQtfzzlpFvokyDLWuiThtd19zFpQVK/Vunnn0jtis7lR2DZr+zH513qhhR1tgdi16yJLvFJlRLlcleNgkMWrhs4pOwkkEdIRLChjCYZnY2CP9KKmai7CIMovPFFxLVW+Q4cKbg/0m5gJVaC64YKkWYSDqGqJshNBHbxN2g2WHtdE4qJ5HsB0ooaCmDVkNxAZYJMgCLKbPgQVatTyLckiVXaGXVZOqDyIYS9alwoAJUjdxi12oZXgc9VkvhSg0XA0wD2TB5erXOu0jRx4J51Lkuvb7Xd2VpN9vpxWYwkV6hr9w8g2mgfgcGSnVjiPhNC9dzm2OGMcR+YnKInCZjICwDgV2hyWoYvoedm1hHTYA3lSFzJKBYU/iiSVNm+g9ByPqC0fqIgthto71SGzUGntqBTkgVMibvEp8rQm1TZk7ORlLf0uVZ5dTdI8/lUEh4c2BTswdVCQRRvf5JxIn0NDFG2tsy46t4fVN8Gi/baAVxigC5ZDem1LVMJrVt8E+uqVKyrOnLizZDtB4iY6cJXa0zKW3DVDATfX+Y+QAAEABJREFUm9d4a9wP/HJQ/gMHHeZ03bGXxnM5Uy9cb73vjdclp/6yyxkSO3u61La6ZWKPfPJ//O83B9tcNO10tz3YpVXf6mgvkOTYQRSd93tVwcoMhZhGmoZBEUaqKe3jv/7+h//44+/+/d+/+fGH3eF+VS1A6gOsy+n4JFJfEZvt+3cPDx/e3z88HO7u9oe9WJaQ0848n1eAhBTDcG7nLzahyz5ktv2qbpzP8dQwDnfjfW3z7v5+fzgYHIhL8ggcSQZkVVaPHdF8bXlB7hBE8H4AXfEW2gT1DduEdXG9Kgcu+meN1EHYvXM2IVPRU6IuPRG5OQtCK/g1DQr3csJN6BswWmwpNza0RC8fks7gvFHw+nv4DVsddj3zbykT1gCYMf0tLg6dT3+9jMbqTXnth+c2vEkVtrTs/BPEUbXslY0RUg7/fkQvGlew0k1pI5LG+4WBlEBF8046p3XL3PUw/8mvG8yHzH+PrDpjmbFre9vJrYs3U2WKnx3LG7OoAoO7rC7iWr6q+297zPx6t5rQHmYEdiZTxzN0NW6Av2RZCE1E2DZihk2XzuB56cWMFEEPYRfpurBxaTcXFBbHKRCcJdK37GVY9Asnbo4EKik0xqVcsh98pL4i7gS9oDjQTF3kTAamjtx5Mv3OV1z3yADHorYk1kGpSbBymAHsn2sZAvsjwD6jJJttPhfUwleAZ1WLVshWQoCYmw/Ntxq7WVPPkmI9iStIcPLV2GOvCf6tcr+Z4PxPL8raVKGXWAuUXcM3XlskWV1PgDBqQM8khaTFqKPypVkfGCn4CTFA7OwHGqDajqwMECQ6S02zmBvNoUSpVVrbKrgagr+s4ITWds3G3BI7GwttEAjoNhjMGZnGt1kmaG/p8nr9GNLLcu4/2UWvUv5u01DyEOVqyHt4uM8XmMMppUswyW1Tv9k0vUWKeP7CTif3GJIU59ZAA91ihexQuFmlF3BbB3h0ppzcpt/vTMvm8RCxkiw1yJ93iDJAH6X2CnrbvEX1tFyY/DyDkkGZps60p44NgdQms6X5moFwuknNLBZk7fuB884BD8ExRe2P663kmTF++sgZaK/hmcuON+Pt6aI3iH8VAoM7HcMMkxg6GjdKZ0STU6gVtjXJX4WGmZr+6ebDC5Wy0Xh7LivOYVmpCWWbFYIH2iK9+3w0nVoT7c0sQYbMxUpcoekjcC8S7yiNmoNYPVxLknDkyruKFjgPigq7UcYCdt3VIGYBSRiSr7NucMNtb6UeO/G0bROTtXnQOAN8VV46ac6jXr+gbfDmLLUnqylRfHWKpmF4V2bl4gT3CQxfEsuk1UqVlpf+nETeWduw2ZeWGenm7tSUe2SaJMRGQykBZ+/datQN5nizQPpukSKpp4U/r3Q/7O7udwIpT+k4nw/zrkw7TRmWOkCDGukZBlE5fys0gak6cWiniuu5eA4QpRTj3RIcsFEg6rEk857O02GwFH+iEMA0bCD77sySh313d1rm/boeT2WsPmaScJkCeDJf8WwYd1XSWmfFXK7sv7qCJoBjjmM1CCsYIyOnsCiAvgCjrcXyKVS/rX2sN9efx0FSMWSKTk+n4/FwX/XkEWQ2TrGvEfufZhDj5/SV/jJbGOP+ZkBmz8KEJVu3gGSE7HbLfifaMs+8QgUzPlg1eYHXWMUppe58KTJfrcS6fdaE0OcC18kK5cz17SCjsUzJQgF6oxzit5rsHfyXujw2eFe8tIKV+PHYh17VZEtmU98w2YQZgeuIUhDxrndBjoMeSq/cG2ozGauQTIW0rWUG17oBBwtjLxayUpmKeOKZHqv7cBamWKUEVqiMqq7vxdsmw7EKWogSB4aeMZ2mdpEdWsUa1BUG8GIsuv7kRNIjlM1gSrbixWO5mR2gnLkpwYS1NQru5p/60kLBliwyPJuAijQHMjrAbv/GwkkgTR6ZY6LAirQiz6iv0xTOVVzuRkbIHIpmEuWICyibhY7GirJc/INgp23OZ2ok2D507mjEDgsoZ7fakz6vp0/z7n6q53uCEpHBS4gVP0A3aLHAleRijc7v4EF4rARP1ErFFO2wxVOnKm4NxGH2pUvhJuwUqd/DJpul1KQDc15uiQP3ljrqZo9TEEaiXmB0ASO5JCJyEZsOaS4V6rgemc6b91P++O49V0viKGFq6+m4zEJN6tzNCEES+IidltQu5nfRrTd4+pEWLoAMpa8uneTTRCKZfUkdgYxqEpeQWciUAt4QUXFA8urmEmKTvTg5STHe1xsTUye+uahiXwDDP8Gpbb6x0Lfrwo+T0Hnhgx6gkSI+dOXUkXDzFucV0L8arPQk9cXL+ukvx/n4eD5+t3z47nD/zeFuX428i0hZ9bkxh2/GtnexEFgl8dAtdcnUCWw+Q98PmvpSglKbk8si+LopII08VAkDG5sqixQGIOExgPXSGnM7ytWTyQKhwefTKvV4JfKCKo+j02k8HXfndw/v9uN+HCbJShF7dT4M43ldn+bzp/lY/14TgPuSOvtw5E0acfad0uYgp9TkaQK8mGzQomZrDQ2dpkWTHetsjbtxrK0vWh4B0yDwtZ5gatZH7PMiYQUeMN9KyNffVuCTsGKeqPlaTOd1T0vsphoezvkkAsi5ygSjpVoKylkxepUByCyxrfVmtZfL7C6rEEQp4ThoguZuOu/P86m2czw+ztLYOi7LMI3yZ9S6PFWMMD6bLSQt+EAGLdJlUxsxrFz12T0dpnk+PT2eT8c6llniMM6KYoLChXna1w6sglIy51XkHSnZMkuKzTpMZVdKbUTCVAxZlRsSCVaIjLtIMpps5jrQKmfxtDtUkWl3Op4eBRAH8607SiJrVDpSll6gQgHRJqhXur6Co4EMhxAOFCsyPD/yoAZIuCgFKBvkWAc1n3e7U53J+qgIQFrrULwgeM6kFxscO8eXiVWQRTF+oUC5Ip+kFGMyIpw3GjQWgxDSaQY88zkXokscO7RBFpuRnPrZWNuHLf5Do4FRyMkdjzZDwtVECgXarm11VAAUH8moQSeLnhgg8g5s9I87QZ/jlZCdMvUp9S4XdYJ2sunKwYOdhKfGmom62A1cLqo23p0a5fKrg13pn25I+LQxsj57xdaFYhfDef1JEyJapLXvlY076oIXO3/ojBw+0MJhlrB9YXSdIlYF3FfVzkSL6NoqnyMNWpeN1MRZd/RU1kmCTwbkwMBJKPBgHNZvaW2IFEGfCg9GYej0qZMJcpOjPMpjO5MhVPh0xNyYl99/930FZZzQnEGYoy9AVHO5VHY5jKCo3ao3SbyZbFqH+i5WFtWjqvTxRcpCa9yrcwoNsALQjzHLgpIIvnE59kMilz5wEiH3NXUDE8UWlIbgzOwrmNza5U2YbVU+zgYLhb8H2wXcbSzrRTYp3/64uBQ7R/8BHWHQT8QqdZvN42ysI5VauVrVdKseDo4hBUDhgq3IEnbMCeHHshEYfJQDgiv3B4/7CWlmeyPgbvYpJnz02yn1tjWdtkYNM5lpKpllzrwhyax+PQIKzHR945w3gcj9FSczX93Ti+X4+cKl+NxlFkT7+dmbXv79jZfZNja/Xt7A3VexfibdtxRi/3qrYXgrV/285tJ088dnP3sDtX7h+sKn6Uvf9gX3b6OC3rCOsC9y6bne100HP/tOuvrBH/HILgqjsW0IbBRQF4uQT4MmhalTLonww4ePD9/88fc//vu//fDHf/3w+x/vP3yoUua52tSOT6sAzJ2fnh6roFUl2vt37959+FCNXfv9XtHmRFouWhNnUawRRy1pPoBeaQ2Vif0SAa4KyKeTAGarA06TzYYMUXwMkxrknYLQFhP0PdJAxOJxRFmfCDeJc10iPmVduYtASU2Q0grT2rrd7FV1soWXt3ATICNmKzFg02+0mB06DxEPCKNZ1yqWJo84MYp0FeRwA0D91nWl/ttPyU34GJIZwbbPKVM1866J6bqVxNCsSCe/9VVu/crP3YDzRBFdl0Lbxvg1YUPzICMO1WbHZAJbipTSRlDbHk6NZxoogm0hI1AJmc9r87mnPucwy7avrsw1Vxd3yq5xUvoq6vB3uSDUJbMLt0nMLnXipmeuRhC5Gaouv0qpX9zne/LWWTMKSjcTs157rD3AbLWK4wY2+JAUxiKLuo6+y6b1nD8T/5MfwWSnNbaQhTLE29sRdyqW3nCpg2PV7WvoL2SmLoVlt2xsjXJJt6fDDxWt3is7gtj3Ia62FEeFG5JCGLl12e6Ud6/qUdEEHza0QPcruEq7efu1NMehm9oBTO2Mm7RtgYJNgPENBk2QYMVIYYpqm41A1BUoEYTftf1mRfe57TtKz+1A5vacxyImNM2XVtkEVQfLoyXahsRRqQgDhsJTgFVocr37MFykC6edzaEtQQAkhOSuS8tlO0vuvW4jIkcv9BNNbdRbWfCfiHj9M1xSmJActPC/y8XqeCuzEADZ4Un161Hti7KBNoVG+0vBAAZyLynR6/y1v37FzemUuNnw4mL3y0LM6Cs4bm5yzUxpzErpNgGxvOtOTtA/mW5qbt54E6idqnBTHW6HLBgHar+6QA42VgyXPEV6rj/kIoDVdr5sE6904YtTigQNjlDgNiX99KTn5qS7fBXaiygUg+IZj1faK1x6PkME6Q3ZTqJZiBVlXTbcPjm3Tt58DEut5Fq8Uz0AY7E6CZmsSty1ln75u1aYy4SoTxdmwTebHad1oRvsCzJMcAyijlqTczEPV9I7OiELX8Vv4nVRBO1kuA9h8sae6gVnvLWzMRjlwly5YwaNeMfbuzfz4cNycUiF6UVohmDdi3me03mtvuxznfqZrfrPgOQpd3QBtQ1GRMk5HdIyrPOakVusNjBL7W5bwbaT7XCMuIjHbl7EjTAlAzZQP2F0Mdmhq/toP4qrQfJ/l3N9/yCZKWsK66DvIUSiSR5eAWSe5D2MO/WrDBpqZXNkOmlRNH/pvfiHxB22wvmqWcpCPqsXZn9YFE20OmJqL0YJXrnU+Mj6H3uE0peQ0GgkVqqYl7IzyZOcAHGO7Xbn46lIHMkqe0ETp1XurNpy7f+w0opoDosHkFUhV+422oGUlclWW91T1f1tRoY7JSJvba7+Q+l3FUYP8GFEFugrBc9icGHSNMGc2q5oJC29OkueSOHdSN5CUTB7M39309axlRRBieRgwrJPUKVEDMGVXox0qh62dT2eHz9M+3dD2nHeGWKU1l5IK+zc8KHq4SSTinnLuBS/5yp1MGbPJ7CL5e6tvdZEcKgIymJrwX27YlvqNOhELqbqbCvFVBWp/lkUBYdQG540qi9Zn9WCXdpEuRyaSD3jNFav15LXQSLqNDILUTLQ4EG3wsNBrq15iiJiCpXiidF/XReFHkLUIZm7OOyr3TT2ZNamgxTshMtTKX9djtNZ7Dw7pV1w57MmGZtvRHZhtlIxwkHY1l2z1tQQpbsR2EV5yxmJ3mBnuFivZ+7jLbeMsYRAgUipK23xFieiro3U0z89DRbz14GomORi6+QZDCQimL0AABAASURBVBPlh8P9qlEA9dlPT4+LpLxJJWwWvCeeJM9Lq5noazxcEYDzQk1x0jL+1mjQIcDJfXb0SFl361f1pfoCyWhOihfJFsGxSp9KBIyQz6uZpVoYiQ3aXLbbueo/4BQ5EslpW9Qvo+T57ElNDKOWKFtYC4GFDMP9dDfDQhK6OqRq3qRRAkt+4mpULZ+X00/r+dP54bh+/G6nmNHV0uVFOhBBCWMghQR48QIE4liFnLb+vlkaXwmRxY4LAqkQ1ZxzFXyBHUQFVgODfKk7/0CS75ZXCZ4cVj6W+SxV5cqJ50WS8uezSmjrYT3s73Z5GnNG9b+9MHotAkOkcSeYH49GUuiw4MI9vfNlM3nRFwREQPdV4So/LFJbZdqXwyRVHLPCWsvkwaibDMbNTD/13xUFE0ldky3lU3+QkyzJL2WF75MUXXxJpzSYKTmNmmtZ6cZxnmFPhwF6kqgXiHBa+xC5TmpMLrloaZ6Vl1U4rGKekDS0P4tlvj45iOF+1cpLyzytYlgfd9MgxUsnuTsDiIj6BTXmpZAccEyqtUtevD8cauuV3c/VJ3A61kbHIrEulttktZMk12fVYFOtSyTS+TpLoIompxbp2m5S8s+9tQF7EKJDAf8vWkJRBlL/G4fdQav4rXpapZoPU/VRnEVsEvlixSGx7BwlExekKs5wSildqSE98bRzZWH8KGRMJqapC+K4rNg9dePOu2k3PeVpsvwdDcaVMQ5jo6V2UGVnoLKJIizBseGmI/sLCaEQ6TT0xcwyRvbY8yC2g0tNWeaWbNGEpXQxaHNtq3BaLELMvIcUkyHwq3C7m+Sl+O0F0U4Lox7kurpzBSVG2ArydXpACkVATogFLrCtCRiB8X3cpRGrhTa0N5bQf+XL8AU/yzd539WH7G+/eMVrLNZhQVPuUyDe9qzeC6oDaZO3PXxW7IwVtKll77hLxOT8t5dFiVoWIGIUAAmGz1ZYqlmhjlW9rQfvnARdLFfBSmkbgk5UskIlt2yFdfRtOXZLU6radbFHsbQtwoAuv7qWWbrtmttNEe2XrdRWgsiboj6TTlSB76ZYvAgH50qLljoQKxPBRFBcb7UgZH1cdEo33cqTK4qmtlk2qRTmfLfzg6GG5sHxd3LByJimEz0GXij3Ni63Vfhwul2CTTeoWdjYd5Cp0AHJRC4Vv0xQV4VEZSeQdbQNqlOMdWpqJWd3aSSj0jbKDO7mXTSpwDBWMPxsBcTbGYzMDYoJoxDGTCx32f5SgSWYQ2DHSPFQMgNVDuWxQDvNbrb2WxEJZNPOcRxUq/CAYuM+ZvlG4EvwQ6gDHANpGjXfkLRth3cIeVfSMvmHN2nUxfUGYuJt/oIr4sEo5Mn46uJI0pZUGnEPLJatAsAmmt7gwtTJxi9TXkrXd/2K1xc2S79RN77kerYPmLyXPQiXa3f7Bd3KOEl5nqVuVVJ4PnWXo7QssHpEQxeSNo20mw4PD++/+/a7P/3hX/+//+Ob3/2QD/tKyc8i9M9Pn59On59WqUwplOnu4d3dw/3Dh/fvPnzY7/ZB187ns0qXiwtOLS8FEnKbJW5XUcxkgU3Wv+snEqO9rw3vEfbdJgfalsZwxM0xLw46MkQmZNJkOYSOICxgBf5VWTtfKiWr5y5Yd1KaZ2UIyQhMMXLkBX300lgTw9JD7IiqHqUYDpc5L1cEnWgAJA+CP3zAbDTwFaLecHFLi3/r5ZJqhzfVxEve7g8z2JnzdoUftnKR9enpeHx8/JsgnbxyZkM+3hB0Y21sWklH2TLcsgj5pxAHYObRhUhdqg6e7XcP3uE8jFIUmvOpM77tjFxENI/vNYFmq668PDRrMH39ev99LsLJIvdxOa/upcY30O9nNnonH79hYi6X79mLfpV5Xj1yjeBrQ3aRtg/brRq5en9OSrFdmJu51DvlnXfA+a1OaHeRpLOsJla2FMnnOmmCmAuOKfRle2OCkFPIUrn9LRekR7u61U6Rhz6oJg01vr3QlUV/efKAY0IG4SJHUGMQE9wQoqFLwWpF7PSNdEsV3K4bgATwY0bKsbxUVVxycXv7FHVlctRYIHakjMQITq3XOmJI3Wb+GFpiL+ijMVxo6PT6MYc4nwnYXARWgEAfnx1YjcRTAAwXtVJoyq/+StAlwp0NhBXLFWWNoR8TXcse3AhgCm3UF7aRsdZR9EgMdyYzmrISs+gE2QAznYim/3X9ihcOwm6/019SU2v/W1xI2Bf66O4TEE9X1W9zBZGcFLuYnuUa6TedJfD9rZT27M0Wnpzdu79li2ZMjcwMEAecpa3CxY2uJnPuOrd97dC1rzvhaXuLTbbdTR0jYLdgsdviQ7NxI6YqE/YEX4ctXlj5ulZAfo3Qu/DDPimNA754UejqTfwwASRkkgTBkDZP9T1SzlHI4vVUpBlGEOx1c2NnMiAnpqCgit+xClpxhh1+cHM5Wbj51ay7pdUbJMMHS9S94PJiH28j8i9R3ufOgU4Q8ybFinw54iNyVwnyFdhKgycYn+DGtftCGmFA/yPkEdI53L298GA/Zzicu6190UU2bDAD91JLn0SJnnmdeZnyVD0rtAxnwWtfx0FDOUWiWKu1ewoLptWMkx5X3+Q8VE99LsnCe8LKFVK4zywlB7XAlEPJVBU0hX2QuvwCTEId7DSM97vd3TI/LtNpLpKrLfU4LZ+ODX5MwU58WYnZSn5Wj8VUKLt6TAYZkwB2UrXQ85KHRVVNiVLR2rECgZ4l81kiFJd5fz6fTk+PlXEMCmmns6nx7z0JConga6+OBto/nGN15X3iX9lL+E3RBbKXZdgb0iAZ9nUMUjBG4h0s0jYMrLJvdH+07b0Wy98le41Lv9dmPmzJHnnxUun1qd94veUBwK3gJqcIl8TjOcazcd20x7IlB7q5F3tgWURcy+PkU2Yd8qHFpwSvgH0npVsGiWOSBKEquNbtvMy8npbHp7T/MO7vR/Ef7wRER8M7sOi52L4zYX0FBEo/LOBbAQ1RS6FtUu7wc2m/Bu21OUqNpplUG8TZ/y7xiVGtjtTgiHstYvlo0BOYLeNTdoMGabPpWkpZW70b94mJfaiaZOofkmId4nEFX8oaz6LZrWVj/7cOlKZwEcKT9B/dEtV3mbI5RSz4bkNbg2HxtdZGUo5iHssnPg9HOozj3QBvsfoxiu2P+pie5PrfYGFQBFobBlwBeGGbgU2srU/mpkvUGGt6VSDy/X/9+QtivYUivKx3X1pU/FkKsCCLBNL4o7Yl3KLJhpa1y8P7w0NmO++fj08ncf6v6yQ0YdyNKaulj7E17Z9oKPvRU44u7Fm81kJ1QGZU3yEsbsigst4nFEHVLAqylGNya6oTvkYiTPBwY30bOd/gxu0D3z8d61GHU7JUigQGokICEDglklIEDjN2GWhCcqLlk2i5hQp2ImdJqpuU9cj89PnT4+lU/3w+vPv+4b1CnoimWW3AA7xJ2TZE3zW29t221S1u/3lKvfzikpB/rtPMJsQrrgN0adUEZCnWBE7ConWPNPFwyONhJ3X0TudzXfRZQhhpkFq0y+P59G5/fn9/f6gHS8mHHJ9xVIVdSMrTMrOzApvsNu0+zG5ntkUxMwaFUFoKDC+GDLuMyzTsJQFScEcq0R01KETM1zFuqDm6mUBAcujitj+zbVwB5/BMo3mRFgrq4g15mqo4czcMo5QNEryatXL42ptpN1nhMoQfkVU0lv0t5XpIHf5agmdlFI4Y9oMUIJNiGePxfKzXeZ3Px3N9S+14NbJPu0S7bIqAaiRKmM2N2BQFxBHYrKxq+B72d/fjbpF6OpKXKhcpEpuCeMOYIRGyEhE4D1UokGFKOxJL+7jO46TBuoLjshumETqC0gBDHXBlRHqAsOGk0Q91LCyAKYr9IyAqVQKa6qDm86nSCMVKy6yYhbbRUnqBIpJnCl6Qvkbb2fLpsbOBRVDA16X2lxWdkvzU+bwMp2FEiVQpUiLJs/uD4F2pz4AGV54MLE7lXrWtaQQVQ9aEkwNIC8lMW5qhpTkaujpE5rV3qrrtdmoiemLbLsYanPhvhCg2XSTbmPte+s9ZPNx4dpVPBM1ESu1kiflcJdzaMnrV8aHwfFoVjb3wtRrAyCNRkh/T5P0yoyT7AUyJ0rUwdvkrp2f40fWHz7E26uS8Xhe/2eymkSglfsEBmrr0wrWVH69KIQQrv42pECrwlkoTAlu3bUHtzZ1CQEsCDpOlpSVE2+E//VVDgUs28A3lKgjjlQ7lIdnIyUToTkHQX65FIzjzmuaOWk4vXU3qKZ5PaEHM7KYYhhRBGrHhGNQgIIafS81cEIO3XkFTkQ1rts24AbIQBEWyoBtu+B92E9nka8QLIwPVWnH+0/OX1J6LY+hWPjdtE7ccDutOV8bOmwqDScvtgb7hGR/cvzU2RkLkTXKRpQW4YAOYxhKCpLWSaWDX0JvSllcboVriC6zkyegFcSfd+JxDrk92ZHsxIbpMLh+6OmEjSI2Dbo8V9xCAEhw5pBYJjCnN0ZrVBSb/QeVvvHZLagpAYEFmPRRXZTQbUgkNoKMSG3JBV5+k1DSGlDa2kTdcrxGTW6+7dQu9+KXzghtNbT5xC55/l4n7YPKmmDfNy6x/Vx2gZ7pN9CVTRG+boWcf/qLbv/D+r3iFX4XfNqrL28rzL8yN371wGU+LMxzHg7Y3ubDhHyjtMM6g58bMOqoCFwMlH4f9x/ff/Mvvf/jTv/7uT396//23dx/eFVUGqrz/+Onx+PmxGr6WKkzl4cP3392/e3f3TordiOQ3RnwCqcgp4vH1ihDCLBxqiLcFcSLCo942abIWIk4UcrjTDvS4Fo0ulifmGQEGwByRHxSG0BMG5HWQf3AnXtmR4sYl1dhcFpTRERlS3KABhYITIe+Q4U4AGMye0k/NuGo2b6CjQJlA0EntiVTHm+wp5q8/G/0VPD1M7WHtedYmAMkTPgWvwDgNE2sVoeOnx7/83//585//6zcNOuF0w1/bf1KIblpDevzxkGZgy4Azd0UwETmDSgaEZldiq23RUblnzp7nmUQ/2FI2FcgNfooc3uzkXoZXBu5a3D/rpWoBNGlCtPAq8Jcw9+IGepujtHTWT+7+Tu5QT34wfZ3IRfuvnMDs7/2i47fhY1g+dsAdFS4VL13dBTnlbZwf9xKzW7Kt84G85HOVPdaBLlvwVtgPdhCdG8NQClAAnK8LZAF4mshCFmgsx2JFSrgeNDg73KrkOnYK15Iqwi67kW37VrkzZCgROzyejrzMKpL6mFMEhbB5LkUAncEB2C2ol/Otn1l+vOEuUtuHhPhCVwUK9Gu0kSmcw2JOz5IQmczoWJQ56DRAetb8IjbnmbaveFmDgMKYNQala+ESs53g9CdfsmJNY0zsztYMhyRBCzf7d7LEZ5tLTZUxx5Mqdpp0yVkNonBCATA9JHP8IPH9GbYiMw2QbyoTE5I5tE03NvsZKptmmJIsfCprZpQGbabekGGYgtAsUquu44rStch4RQDYAzDaAAAQAElEQVT4LVLabVr8d6WXv+zl9PLzMFfbXZ5QcDyfv/n+OwofZyxlJ8TfbOpLL+YbLfGv0fLNxw1YTf2wg9VRabsUhwXG9qs+cfOjos1OEE4mC7dH7VhuxCBOQTk7EkNvGxweGpTisMWqohWrFRzSOIgvK3lRbBYM0NI78OpYbdX9wdW6gaUUpzhZhQIbMQg1BpW9jFs2qci1ATITfEoB8eriKf5kmPWMQCaKc04xDl8Ak39U1iGbTLuDNd7NxgSZtyvHhiERQJ30Lxh94VRbU2cB5hbPg+ZzxzYl3iBL4XePAEa7OcoP+/KYaciwDqwpc95ntUHMpOYI32aM+SG2p2Q+BaR86MqSs1WNMfE6+T5FMrrSPl4Vc37sjD7qplL4a1+RdqhsnNmXtAMZYIic5JOSLjaEvYCeN61yW+q4rZuhZJDHFhFb1OmGxcLozB5QfF2K+t1ECVzVx0VWGCPnYAu+5yFykJnGUrYaCma8Knilys0sZ9+0pNgA5m6LuYjZ0ekvQ6m20dO6VG/Z/n7ipDEoyKwU3jismgA+qbo1aJFA9USUZFIISZrvMCOMUzN5MyLQ+XIy1c0No6r666rBvPp71P2TDT86GR9lLLUFG6/V232Y9vf75bO4UpaRqyW+mnRzoTgPsuuyujmzub1IlMSsNs9lrV4sUS/n5VxMy83KpRXdZKFhFnFk4vkkzp3dYSEpw5eHuvd2aZx3VXM9n86n41HcG1pkhyP0zZcWS7YFrjN18WI/4ZMOGZj7z7GHZQrh1Yw1kxCULNki9wsGVebVKgESxAyS7PSqqVVj5Vy3gi7JqnS1aF0qiPsamNztZOwWkC0ns7ThVaH3spP+OCmeisq+r8IYyo77jGByRXwtgwY+cLiDttuyCVWpH/ZGknf6XgjY8aVEgl6CpoiS817zASPblETRewcMHYituvFE1hME+0EPkjg76ySfRYTN+6QHZqfwSbaykeAMiq0HWiuQgA/IYVYQ/KIFS0DNc6FQeJOb7/0TSv1IO3FXxqBFMtmZXUntORHxs5aM1HuzRolsIrcU4MPaHLNmNmsifwLSBRePJgC/cax9mcKSkAOfeRrqzhrNNbrSjDVwhRKBNQXsW5kmiAOHjqV9U38ts0NXGoXUwHlNhuQ4FMCJDx+1HxOFaWGrHvq0LvWX++PwXqxZE8xt5r/WTBVsAQkj0qI8gs1URBko4NJ6WmX5h+Qcp5BnT15vTmylTLmd062MV5zztO3anCjB9yI8CAFw7Ko92Fvqb4tNC9HI7FA3pH9jo4ToIWLLIFW2AmYhwUE+b6rrpZ1658c7SFP5f/7015+fPh8Xof3VWf75MZdDOuwOhjMKam+Wn2LRMQhgUWe89JE9P9W8aEqRFbdJil2wgbBVMWHGbAArP69a2MZqMqMiZCeNU7BwN4SUjkTkPsqrSYlJxCUQZ9cTE1sYLDfpRlIABgWlVKiJQiOh0gkiIVSnRFqu5ydAPlNNPAEoSCrQDRLetCTBC5s/l0/H48/np3/55rsf37+fiHYSb5tpWd1BrWfIzRxGfPUMuOuR2vk1HOAmIYEGUCe7OOa99DJDJrMuyzYGAoq+SmTIOloBK8ppEfwN4dzVgf80n49SG6ZaiMtxzVqFToPXH/LdtNfkL2lnl/PDficC35EqaZzh+9a1KBRxizq35MAE7AI2WayPHxBsVRVZpWtFcDWE3C5FIirHXanG70mxrs21jFTLZEYSiFCaCpOBpjOA0MfmoZEniaJRXBQ924KPIk5YwViqvymUz05APcbxOEvsDYAjBkF1gV1H3yz2dky4fFbbWNjK8KJ61yjnp0oXNGosSz0yTxqdgQpBp+NJYQDSMIm2IbBLYVAwkoD9jLDFAlBstkAlLe47jDuJqdgJhsrpLDmncnCEc8kUwv6UWWKCBNnErP0oXVQXVuJFxnF/dzeuUl5YaiVmVPqVdJzVglC9YLouU4EwRVozOQmgi3giqs/gcDofj+en4yLVXuprTpJtiHx9I+Tbq9hysEfTdLWXBvCF1fN8AngU9k95uZ2WJmgLn4CjYYUokpeBhEef51xtK1VmE+T2USQ0VLtO0GzUVobsI1AzldDzYOWXoS2aUJ00hRJFGN0W555mCusguS/faLLxut7Qpme3dd/PKzs7TClYQKhYJnpBflDCpWH6wrhUipDCKzRIWLHaF3ksjvYfZnhde0ZdHldq2KlMcoLYq6Ht1caJqKRePpTnikvzdDsZzBSi5BrvM1dMQrx88xaf0pK2ZgpnBxQTmMy78sK77Ilmo5DL4/6a/HnjKt2CRQ/YHk8OZeETapHE7oM3pdOkVLwL3NiVSA19VdK/apzHaIW3GJw5u/V2IPK3AeyE2sbRv4LINsa3LjYE53m0AfQ160I/8Cbb+49Ei091d0MByzPE9cKemaeMKzkYFTYdNVasCmVG1AyZqVSNCRbPlboBRZc6bcK+bpVZhuIHTGcTvSsxvuQUI45Z079ctDJRrl+pwps7288uQiAmRhUn9tg4vze7jJstm8G2T0jHMa4UJD9FpFkyLCJcucW4COZXMP4w0aB8rmetbPYwMNii/9yvuk9A/Mz9z8pXNSK7NKE3vrVIEA0NorFprX4AA4FAZ4XigKXe+tak2WZq8i0EqTWRm8JTE4l5SwqIu1jblG4o16n7/LkD3m7rWqZXicnrjby9CVItK+ig2mj4stkLYkvhckn2pqI4gdqAU5leQXDP1rXV1zY356vPbvX0F11f9zynX+96e1jJRb2ntH2wKXG3r6CZCt8YA3d5Nz27VSxMrGOddH2jb/iEAEATQY19Z90AKowSffPjtw/ff//dv/3hx//40/vf/7B7eKgDWwSFb6lGrKen4+npJHxnHN9/eDjc333/L/+yu6vqYEL4hQoRckE7LoCZsA2JoXgGF3N4/yPcJIIBkoebWNkaRRDBPOCGyyCVCDfxAjfwY5hrFdXYFJiwirQARNHulYAYcVFHcsmAc4ygExfSlPFoQR8U9a6vUkDBQF4hg63TP1oXnotVdWNUUQDWoOoOg0TDmErTufOe22zXtOj5bclNGn3lggEyYrrBEmQR13J6fPr5r399+vy5SuoPHz7+gqCTy2PwwpmOO1t+FTn+1tU9L7yQY3UNmsZFKD8GsOOWXuD211H3GvBKE7tcKij+gk2RxXiWWhCDcSh+hoxdrCl3sservOcf5yKfQPYskNSF5fIvGEfoP3wVM/Vl82MKy82d1xSH1P90M0qLU0iFyZBd9H9EgzOymyXc2zTIRBGq1L+hiSDdztBCLjFtRvZj37OZqjWYXEmpgTWZ4r2VgHmL1u2Ph5aqgKcClzIOKFkuxXARJOURzX7oTBBDaoX2AS7KoIkJQByGdtNkbzZ5Amk3GQXHPGucNRRdTiZ5oJtkdVidyBJmNx8/uU5wQUyw92BGNMKr79FyQWqPgWhOF0uOeCD8wlolOF0wWDIzfmHfOYPaBrTkjs+7HXDqOnM1//6Jz5hLikQ9GWE3LqbAhSa3m0LNIJtXyPCg7igmp5+jnaFTOUJRx8iM/yozFLtfKIRmUOQUNShCljULhhu70/UhVIdv/+nbhKVfUz7773yp+6tKIVLWSiNwdbVK+ptwh99+kWQjQm7L6mVEVWrP97INeqnYeEExyJr4+dbGhDbv9LNjr+TEM/0C9USEuTGseKkz4iTqFCaV/LBwIRLYN9J/R+0EZ6oyotQEcOMDO46IMhiQSVOwbYKQ0xvaOrmN7plh9Z3cdAUMglxvTsH+vGIxp9TFqxh3SPaBvZ2dmCCSLrl/rqNcqVFCLaqmpjoKs0vq7SbtGbYZhl8hpXxBzU0lgF++H6xTaGLeCGHmEynqeODkPBQcxCxxOouDGnlVXTKIihh7uIWSvt2TddikoLJm8JCQCfOYBd0Luo3bseSnrlCDtIbYq4wAw8DwShcr6UM35t5NXcwKORNuXImDnTerlv/mt7uBii+ahYOaADHs04Bcp3Ir7c6qmbYyB4zsBtu6TUL0wB0Tm10nwiqkFoliR1r+kteeeT2uy8xlP+bqa/98PL0/zHe7fXVllEVOUtXhprRSniS4YUhlQdEUCbwYJZhykJL08wo8Yeq2TWf2jUlKvi3kkFatUKJPyXDMU8/xfXeQ+LzFSXaXx33OU6o+bzGvQQCq3kJkiLIacgbBsvZy3PDALMugWAjVySZKzIxtKvEJEr0xVwfcyDv9YRyW8/l8OldFFKZTEVSqJ+M0rEkq7BzuztNuSm1mNxSVrxj29XZq0teLt11dqg7nPO7GfbkTpbr2N53T6rZiDWStVLTUPzL+etIGScfGSxGibPH8FLKx0A4FvjZnf+FGYPT/TtZKQRj7sXQaaCOB/omhSiBrgbJF6eBwcGvE/k3PXFu7qn2kRVNwEBI7aIBGG4itQcMGw3uV+Uab2XtRpFqI5W0O2tzCZkinc+Gqsmeei/hq01q9i5SB3wBh3eTOVBwtxOY7eAgCY8KJHMm58EAXn9uEU3lF3pMfojYP4UbCs4gSLCV7sKCSkN72LN2T+Ep1ZWkxoayBMxLoUSxSgk3I1QmRzzJIPXQxUTCqqWavQWdFhIuZe1seW+8HeBWMc0THGxM1d4vJyqXACSn/DEYE7ezTs/shOKM6Pk48/zSffj6dqlO1qhMFsUPWb6wuMDXMoq07ZcA6J8uoMfsF66h7LtAfU7pQZ5hpG8T4nG5OW0OwHn5y3hHT4zpaumGyCK6HvfEcjehaI3AWMEUip6PUGCCpqjjKPeOHw30kOfBjeZKAtgXu7EpXd6PAO7GpM+TgXOrIZTArRgELrBk2jtJfBKHowATWBrXkNNHAdFNjjCWKnTKl5syzYcVfvqousKUmlvbw+JQiTC05LyarH8Hq2uc4Z9oUwCWLoStkqVyGIJ3EzZ8U4HPOmMJUg2mvhyZLZS7m5TSvx0+V5aR1om/G3btpjwyRQY3FSEZWJDh1OjZq2HPKTvn11cUB0dAchD0VjL8rHYHYLfESFd+WFEUC9KVzYikKxIyPBZ5DcKWFJJyq817NCMqUlyKhDety9+5QWc44AbP5UNlw2tfWz+t6mk9HAUZjNTt4IIj5Bm0FfChMFtiYG1Eg3L+YG1P0CCnxR6fqMhfkjrLutWrNVL/e7UQZXxVagyyk0Ylbwdb2nH6nwaQ2ZUwezDVVEBgMUbUuMiPiqI5+QHVRFUXmunjDOomsUV8+SjyLIbhhWDK3ow4kJbddrmrtr8ur4Dd1huqTx7kKEUcxjRcJV60dn2rDYn6v/4vlmobBF3mwBPg0xHmFh1EN+AgEEUP37nConVpQ7GY1C5MAn4j4VGWbQVExRMAZ5kXerLVYZIoFIF1qkk67vQx3rNLNTkI0xP6ueX56vJ1PqmFK+bWLZMJutYhQnZjdtN/XBiU491zVKxR8WQrkkGLLS43mW1wd9kMwOyOz0DXsOJn1WFBecs7tKBjDwHEjbHNLBag/DBKuVHu7gXwAwgAAEABJREFUDHXIADuxPxoMVAeK+mpknJIQzphlepGdB+2JNaFy1SHgJ5Y22IJTgavD5h21xCDmrl6P7/M4uZ1VKrnN1OekSx2E/6OfFpd6VY3Kmky1rAhzIQ17LWVAsChmJmc2XbFIRq9jwIeMIENDnLFrwxpMZwY3UX1LKR3HIVfcoLluuNzFCjZR0Znai1cM88Z3TQy6wfrjXdS9l9/wxut2OD2nAXavid/JDAocpkujaF6f0eONop2eYaXY6Zwi3ohDxdcNKYpsPKFsx8yaq6ctmKwSem6jrS5ZePGjWMSSuJcuLudg+6tt0CbKN3lNb8CwGEwDPSl2fgmhjhD02Y0BPjPC23MPkwGZJKlA6QQ1XrfdRZu1zcF1k9la/cDFlk5u+SCH/UltprkTq0wBo9S9htebc8TdrmSPOAlLV/Sv/eD9gGiRbL9hrnyI1GKqMHBdWcsKMDSLMIi03c7bbF5X7DduGPbPuRFYHJru2XYGO2VPaQIHkWUntbYrXdCImKEmmWSnS75LjAoqG9scpZg1tB4Ov9VWSf7PiVrBVg6Slfox9h9cU4rgNd2zt8iNffFyY2+6vqqRS2rJ29myDzdKhW1g3kwLhulnwJ7i7onETRuklN5MMb9yMq7X560v7Fpo/7eGnu9PMZbBr7b4ynu3/ISfuSl6lEBsYqYiFNx+iC75Vuw4rHFSl9/9TNDGzLtdhMZ4OaigKBNVJGONcqmWuN3D4eHj+z/8f/633/3pjx9+/GH3/qEykYXXuYqiT8vpdDo+Hau4tt/f3T087Ha7h/fvqlR59+4hqWZvMGpaTAcmfY6Su1B3kAeFMGfgCOuVuuATVzxIMIxb+IhlM5ZSHGTOwxRRu0cdMRJwMsllpTD1CHg1mxWhJIugca4IFU6aOJGMD6pRQ8Ufu2cVYbkgbDcnFNGxYj0o2KOvM/kfagRZhAy6N0sL5+RiT/ZCPBAvnTb3q8bXOzXObNs8twUgmzdmvv341b0wmaB34tVS0JeiTqDPP/386aefP//01zreb777/ptvv31b0Ml1z/hLD/AVwXZlLUoWPf/mYNX2CFY+uQgWcbCKLmB7iDzSkjojS1LjmmsC7nqFyOixBkigSn1IRG9qdDnmgi5s14Oubbnpn/AyK4SL97zdCBsL1BdepVvNrp0vbSru5y/56sbVZEHbmuwig6NHIO5E89rTVZQLcyfXQVKnsKoX7nPF/H98ooRvBRSA7XS+BkfxIXWOEHtczwIXGH0YuzlbCgcjMksHlxXP1d6IESL4AS9yT63SLDX9qzcNcK6ZLC9YxPNsUeKtcIYeQLV5Gz6tontDt6FsgmM3P/2S9LMUUieRc1GfzBDqDcaSjQZETjKEJIw7Gw8MZcU8SzGlaKCgboIYmQcFK5AEJNcR5O9A6/JC79fUlosH/SSkxUAETq7dm5sBCOBsm0qXCQE71OXO+j3i2ASb0iFRsqw8U5w66R1qQ+pIFLdvzY+98SVgGgH+L1GSKfWqrbkJdWSEKJ8ctlR+8Rz9UxK3v/1F1JSCagRMOnFVEhmRtp9MYHGe+Nt3Znsxf/069q3hOKxqT9YMzZLD2kEmz3ZeIpNvisuUCDpxTbWRQWxF6shgdDtuwOG7mD23V75+ga5ojY1Op9L/cvY362sRgZHJo9+MrOH0+anxt1dD3USTDXYrFHpeS6FAYCJqcWpNVXhlcdz54Xe3z+3vTo20E32rQf14O73JFZpVGU2v11KKAYPUCCmsq76oRT74XHLHp//tKgTy9hgZio2p4cIiIlq9kW4iXxfqVHqK3jeNmS2G0Fixpswr6BVp2uYoqZVImElhy4RF1sGrGrdNHpei4iUMdI5/mDRLuYRbNKKZfTViDys3AG8CVEBKb9L2L9fJyzTZFi3m6mirFlKrjculDiPjtAmsMf+4/FjseEqc0qBpRA41G69ug4JfzC2hmDCU9jAm60vWm6vsQ9zi9lEtCC0wFBqLM5NU2Dku52HaV0/Tz8vnw6fp4e5wGHZIqlQ1bwKp0FhdlQR8oQUFobowBSdZer50/YRDyHsSMoWRlNqZZV7LJGDybRvgq5Z8Jj7Kyjmrw6T6SXY0TEkcP2N9VmPI4MuGrxHugIEsG3E1pPm1jEUFSYWiVx8JwD8Yya56Tx7mPI3itZmrsjlngcwXQULwN6fdPJ8FY/54PNzfAYC0MHeHnNKXEHN6E23citMm3NF02O3LvSSFS+2gue1nkhiZ6lVS8E/xrKcFqz5orQ2ddg03wN9NClVHfTKS0VkbL2WMbnO3j7Kax62DKXXKo/ddxDwJFoS8nV1GbXenjqFs37S5uE8Fohyd70vUqEtXpVYz89A1DDvBIOp0lI2HIFqpbu9R95EWnqpuWk6fxN6xznm5n3bVVDOpsC/Z//JeddTa42ZUd3IegxgUhwh+Wx8IQcouphpQdrtTz0lSUwKTKYbtGHn+uJ82ezUjvKgL47CZs8w6Asi5fJFpcOgVspPE9g72QJz687piV4x1AceJTRHg4rb6nvh0fKE/8N0P8iFwI1RdkogxjZkRfs++DXKMnjqSHa4wCPb1l7rBH+fzfz3+dV+NXHf3CJax8EKwdE3cX8XXDmgFzxHTCqjBkjEoRe1KvFWVUszPxS5KjUC1gPR0Yfow3Ye2D19s9VtGpV5Dv/HU9f1p27n41zikT4sfIp0CwYNQVexhiLkuj58lWT7NZ7C76nbdD70kY2xH9EKEcyaAmhUXYozss0GIYPBaREDam3KVzUSwAQKQDdY0tWZEupyibv4QB9Uz3BY0w8HmLtYL+y9BawZ3MnRdaHtC6wE1IkdRtny21yQVnHwLOxQfNrcLnSomiQB91hDgpZzL40/nVD7dv/vx4f3H/d1u0DlaSzbEeQmrUMlIH/eAs37n3V5ZY5Eb6TrIr3+EoBZMrE0d3l9/m0VH1YCaDJFqrIz8MBVls3w8nUXeWsTzvqzLp6enj+/f39+/E3wQWWiJA3m42x9WPkmq33JalmPlpwj3Y4P3TuzoHdSffKJ2KIxN6NYo7qwXYF9RxhcB9C772tiU8yKQJ+O426V5lhFJCVHVVBAabScwG4YB8YZpwqCsioPZxystH8eVp6mSBMHzkPCPvN/valtPT08rSpYsZVglgrZy/qQJN3F+B+GmI6yeRFaaSfeJ7CsRjIT2ij07Q61aBgghlV2rNXsd6lRLEA3Si2y9vPCTghynVlQT9FxicbRRkuI/WUNP1ASvwAYQuQfF7pLokCpFZpmxOo3CtiTRUzQECSPSyAOpHDjt9nf7adpL6AlJrCo2VBSs1yhyWGqy1sdC+UeFShmH3X63nHdSi2s5CyT6+SxxJ4s5E3AizI632aG2KOz0LQyA+BDYBww1QllANjWgMYGgiiaKQ8DWSJG6C6luXIpYmbrI0+6wq4OV0nCyEwbHJJZdoSA6VSGxlGZ1VsgkKVivJV+hZrXsW4nbhO1IFpcD2TNOq8lNBkmFra68jXtGQ3gZFtbj6L2pC+kKn2jUEWKcTEQQ6IG6aR3Tl00XEGSvUUJ2qo5sISkmIxRbVhWX8ZWo+2usE/eG94bq5Dqw9Y1TJ+M1DhU6ZrqmSZur43TX33L/Tw8n1t1PFw9SepYhbpvl1ob9tOUO24m/5LMUZJ8bhKSN1Tz01LeDG0J2SZZRSTGjeFMOss3J1WsfFSAvrMGyGbk0VFKIdiFS+qMxFBiC+FkvzxuuzqTD4R2NV5AHfsTqmLEpdSZTN0Nz49C0DdW3/WP337y4/RCJExwIMi5UmiAKYThOnMm6yfrFKF5sXCh57uil6c/Ec4h5qkHY+bGKgCZg+sA3j6bYXnbiaXOkhW2ssXaeTZtCYgkbVt86JK6+f+QovNs3p4tj4bRlK7tud7jbCLnp6p6903FtteFsng1lnbzf5LbGCJTnVmSzMYNLoSYWq9+sue2r1tGL62YBhAuysKVLV/f+CtdXNMLbhaM3NMt+72Y7sdtLnTLfCEu/8IT7+aPX3/lVV9DR9MUXO380Z2V+kaG8/pUpdyEhd3PI/HJDz88Ob39usol/mJ1yApDI5AS+aJ42R8lZ1GbP8/UmKAnSgJKOKrySIPGNNN3v333/zY//25/+8D/+49vf/zgdDlV8OS+LIPjJP8t6kmLW9d67+4fDXf3r4eH9+7v7+2m/W7UQDUQohHdAxe9mUUmPsaTWIwSdAAoF8wkDssVmqLzbbKR6VvHI6rCF5J4XxahrgCjZI1SkYKS+AsglltItnchRDw4qJ0QcqcSp92vUtYGQSTeyeN8Gh12xvy1/n4Kak2HKlrPknklFS8lYG7WEpT/rQVzk8dDclYm/samS00zfi2RP3bxubstuzrlLyaNOJoYLs87Bsaoxnz8/ffpUv9gd9of7h/fffBSkw/RrXl34SAsfLNtOp8YXOsb82lU27N4sAmw2H5s60agsSdpZbEoo1gZ7c8aWzZpRIeVPs6bAwOYkkn3wWtu3Aq4wQGtDt9l91vxCX/kSEcFDtP6ZrtA9GP9eCgc3IUPe1LBOoxlP2stgMEpdeOnbW/S0pGe+7mSmV/rcLMD2q1ZEIVV2M3bMkMw/6JdJKYBDAmdCYiMHidRroIuhoc/MEbObqSUrdJ3faIndFSZKJHsNuk0HoJybAcpv07u48SQLgOQeQi6mCBE2LSZQ/4HOoIV27RPBVCV2ME97DiqjoqwYHcKhMkFx0KL1jU5RSGUuWBIAr10XKGqbNa6omZrYjW6d71QoS8YA2onBwePcsyN/hnJmPcgI/kBYCZEZXFa/uXhtENpItyFQywKG+q1Y+to5U5tFWxuMw3Mk/svNkpM9gtGglo+p/aTBN4v4viqXWiSM0cNu1Dpv0XVkvWCgb2fUFpXfmKxQvKs8ydO6OPtOli9G0D9kNwT+BCDNbSF85OoYCERUunFirj9+nSw8I9j+PSnklxKdi6df7rodt2KIaUnKGZ7rsglWMHCD7RRQiHhurrrZ2JddRG8S6n8xgzL6itxlY7WD5LPxlfqRPRItpGaLnCOnLbCXNVOhayedcY2CwHLj91ZN69IMR61M2AsD4IValHhKyQ+y6amdiMa2RjpeMmpjijGR5UCG4pvskXaPWSPM9APIWgbNkVK1YpFM3hqGVX2PxVikUwB6djO4QyOoKzV6nMgiezrlgi7GpAmp5KyaUtgEnW6bwunEl8QtyvCvugXQDCpKi1oKnUV06L/FAyHaV9nLzLdpU5OlAWygc2RlrIV+ovYBRw6U6liFfeGy1dZBhwiOHM1Crx6slRzmutOpDNkVnHyFryqHx0I1lroOI2hjtfmqzCIxOYvZ5TFbXWKwyY5iMJe5GRhoifDwxDZ7bjV7vdKnSuffAqbhVks3RTKyx2FsliksZB43P49qJ0dAakb0CciRgC2YkYdMgIgDxeySgEyBmrLXOkULWx0/PdzFOgvBmyJyCJIAbwQ2tJZTNdbPqZxYiteMgmmfl+Ppzz//9YdvPpb76lZJTI4AABAASURBVGUe+CzIkqLS7FgIi6BJSGpr9VGIB2asu1r+SB2kuln0jC3m6t/oWe3NG8VVlGEJ4+Ac5ANnrTY1IEZBZBvaDcP9OD2M+0d6Opfqf8lL9UBJurLCqygiOmEiEHWqJwMxJfXvUQvmlEE6yxp1otgGoqeuZyrTuYxj9cwo/H1e51Ld6xLAUX1T4ro4nM5VBa0qvCQNVwU5uZBlooYKALGdTHi0j9PF4DHCpo3jke1GjG/bDVlBmuoOmfL+wPPdWSrsVD181ala7alhRJZGUfw18WwRMBz0QK0WLKUyiACh6H4oJuK0LPLBzYxrmAZSL455VlyiDeVe/WZLJDDvmcYjyZzLORioDIKEIA8Ntlept9pQJ+y1KeHU7sJ50dORIVImaKAmCqK8iFIDTQaifH3GsSoW2G3FqSi5Ng3cGFbFqMxCO0o9BCeazzm9q6o8DSMmTMndoK5S/RkcZr1YRpSbMhXMkx5Xj0SHzyGH8gCQMvU1cGvHUGLANKJWKAMxkRr/5Z7zJbPIUDSCr+RHhSeyIkXswYjGsl2XGKDpSz494Zn610R6NtOcgDaFk1AskC6Sbn3/Q9l3gxWZGJ1gUoCpoJ7LjnF2XAGuGJBGeGZsxuRHMKTq8Pzzp8/jUvWc8u3+XmPLyFZVn1XsJXHbjkZa2agEzA2U46BpsgI1tN6QBNgMEdopLTBGJh0B4SZ1wh6e7Wr0+HnpLJ6XBniLH01bTXXbB1tMLs9Lzd6wsBc8wEFnrNCOUxVAc2M+KonL07fv3itysMzcXz9/qpRO96T4N+tpnbR2daIUib6EOFKZ4QJpQ49DAQmG2Jc1LlC3piAFLQoGPggsBMGiqBUNBxBJahQAU00ezZL4Sgr1Eef2ic2gj3tIzL5oIFQWydpkQDLpZrWAL/eDS79SGFJVt9NOAHYi+fFSCm+k01wmaGaQYMfz+fHz+fzz09On+fz7D998t3/4UCm3nDkeYBcIPBLdzQgJK7lpNeiw1iNKztNlpGvpY5ySzxrK6AC5Uc9z1pAg+LMSuif1g+pJFs+88L8lo2xsFaymVPtWj/M4jNVMvQxzldNOax3EaeFlTuu7h3fDMNWWKgG4m6Z1qNxy2Bc+LvN4Pn2uj6jNU9+iO0vRb6p9xBkhdnqL00UsM5uZLshVUURVVI5BtQjiu7td3TOSpbJjja62qOgChxZJzRtjjWMfCjyYBVzMxBpSn2bkSi4L5ldqpeker3r53e5QhY2n80mO2Cp1X86nKhal3X5i54BGAMSA0Ki1cmZhtqOUE5Y6KFIARWlIPTXnZT4LsPlZwkSq0R9YGoWnfRnzgZxKgPOACmUrAoJjumJSFJlo0ErOEl5SReAy1bHMMIsLStsKK2uC4X7SWLIlL/VHCaQpZpECXnVZT/WHeZz3h920E0QZtctn5QVZ/Q7WGYk/WiE3SpDuIAEro1Sz3yPoZFYklVmrD54EK07dCWVFoDg2HzIVsSsRy8jZ+SIFoGzqvKomR0WdYjf32HdBDVx0cNMaApGK3SnlhebzsfozRkUok7I7Gusj0TMaSiw4KDg+IomMdUk08gQQJthjKxLM5P+5QIkTMCRXmYPCO7kOBqB1fepSjjZS+HKM2xq4llKiYiHjoWVGGxGcWheTi8XOQvk15bHAAi9EC/medXh1whH/FQAO8sLV8Ol1E5hzCUmk8jcZsbNDGID/DUDKfyiuUduejd5CpOvp0rXuT71pwRlR+6rRh07nupIJB+vj5vFnrtg79nhnIW39DCHLuM5lA6nFaWoFs+gdX4jtjU272dPsFmDxlq7LceIRdNRQ3l36hjoXO76bJJXF0E0J3Lwe/sabTNspem2yrq81nswo/8ZeBAQsFeM3pkgeXksQgH2KvGPeE37GKNRmvhe3vHqIn35XzRlfDZ0V0GBAU3TNJSubT3t7YtSPZLcINQUk041ZclWfQgzbLHrc1t5upCBzd358a6jkrnKNxWfqom5e2qtUrvYQatS3e6zfvpGoX2nuRM3ka7Tt7AZ0CuadZIXfED9sLM+Sf/XeYaDtgFtyi77CuCObD5jdl2F6QfJ9XmKAeCL164P+46ONbnn7euVrv+XV2zrb0Qs3vcGcma4DmG6/7/qii+m9uIbWjTeM+tmGr0b6pa295YXpay49lL4ts7NS5s3n9oI3dppafNuGEt5iHBc+0Jur2PEjuLzzjScoU9Ngs5FFSMScyi1dhjmOcDx4wSDNdZ81UjZLWcgqbwoq4+7d4ePvv/vhT//2/R9+/+0ffnf38X1d3iqOPX2WMo+GdlfbGas4qiEIHz8eDne7nUTkVktG/WadFWskWbY0emLp3/2krS3XExVrEOFBfkGGdPHHfoj0xWTy52oYKm6vQDBHlKrB2zWOWQRVCZzW8JGULJQ9lqHSQ8P2UONXvR9hIhBcV+2YAvu5cFunbT/2oTCgT512KcjHUrunL8oj49qNCr4SI7XhNGh47vYA3zzd1Gwwzbn8lZeHm/QTC5H1r3/+s0ac/FyH+f6bb999+HC4u6udl3jk9Le7QvM2NvVFVxwJ4Av4StmZIEj5QFgo3enwp5KSuKRHTty9ogdlNv5o82RelY5ZE4W/irvrTV29oFz/ZFcELkAj4WDIuPhLqLnJgfrjs7MRIJbZVLkvnTd69RGsB71957ngj0iIDGNQauI8XsvQym1jNwg/cn09IeyuG/tFF7KfftNMbKqMAN3cQmQoGKlvk6hXgOEGhM0dePief3wp07hC4ZsbddIAAXUxIZ2q1rY5279qq9JcZKR5koXkJ/vjY7pYKdoGzLaXJSbfCRb6DIserxsOZPKin1WtPowITwVpuYDyT9wOpntQU8xmp2103bv45LmrW6mMXGt0bjUWaj2x+nBETZFsJ4vW4sn93BeLLTdUU8+8uRCUMcrw2jCnsA4rf5VAy3EwY4sK+blpm2EZBRZL/sJj/r+uZy8oXBYpeTodq6yGyKNOkXWD0W8gfb/hol9rEcUGua7mFND0PhNlU0pOLDltPMBBJ7+IYxJtpivo7eVl9PmVi1vE6uUrjFwkM0eqwLqm7atTT0m70d2Md4FubAF1xhGCtvLtEaQIs3UOSV0Pux4nuhRT2OQj5peYKzkpNo9dTw09meelq2/WapA3/nB536uiFHXduugyaKQ1Jq6PiHfUzMTc7QObYDYGKZI7Cl5oKbbVumMviBVwP46mjlOKLEYyFHpxNA5IZEzkxpImQLqC2hoEJnZmg81Ir1+95pOuaAJ1sVllw7m2MoOFNflE0GVyF9taA5dY5QQt5l0SZ3cuBXvxtCrV5TrG6vbHeGcoI+015BJC93p11Wc7nRZ3wutpXY7r/FDdXtMoQJzL+fPpeHfaPwzVySA7alGz+ahY5VnwJ8UMT+uqWci7JBFAp0V9j9nSEGQQ6/X+1T6FwIkU5IL6IJ1i4LJwGBvTLtEhj/dj9Q6NTzRPSarLDGwIcHWfZM39Ung8wX5Bc0Iy5vM67YFprytY55pWqyFVAMe5zjvxzkDbLM2iXVXi+kDd7PvDXu47z8enY/VWSBhTEw+MIqRunp+TIS8uP2UWUnAhXDplS7as2ZIcpebPfl8V7Pl0AtadlfyW81VaOUo3A4MlYD/6WQjJ09+OPWWuV/atm5L7ay+69tzovE0OA3nSWc4SdCLWyDSEUYbTF2g0rhxhOEa62awz6J/1SZxehpxh+8qej9nsz7VyyewVFT2tVG4TNEQWFJ+6IUS8PvNyqr66hT4M0904pEWcmTDUatrRKgV6ysqXRJZ6MhdrShaq7ma16I5NzEuCwYZAGassBiCSItGwb3ILz60BflnS4nFG4BeUxwwqBrZmLKJuJjxcP9qL8zeReObSUZB21pbS2wTZlHzxtbpHw9BBhR3nRT47GiBmpgEPZyLy3IvU6CG0YkAoqCtwWYfdTPzTetx9Flfrh92dInDEFpF1RUkVMhshosCNlKLDmioPp6C5gbMVLdiICOEYM27kHlG+Wp304sLdPD4Y9E2+0ybrZpvpgvhQ8Bdrp1uV0Aaxc7LJRLKs7w93ysplXH/9/Kmu61KdyqSoP1QcJzlZPixBlOLBw2NtobueKmUpnilfhqLnTIN8oxizpa7ZrisKQnCh7ffS4MWEoEW/Ez45E+y513BjV4nb20uqOnnVrAzdqvr5oAkuCRVsNXAxfLfKmLKLLgzZl7rj6okCWpXl07qcn37+6Xz86XT8w8dv//DwzYdxN0mAYBnZ3NIIjRNsbCs1fSOU/loI6cSetpdAhtQ7mDweG6GqRtcGi2q1XO3qplbgUuXXJDXylpSqc36mYUboybzUqfr58VN1Ypch3e3vR41PGRUuYtQTgoTGcZwfq8zAs1bnMfgWTUoqiXqS1xtYSpDy4lQs2eildtxZ6+lkLVtTP9/xPmtB3lH4RwaiBiXEU2ipPA3KRYpkbx121paq6idbWelz/b0yz0rE1CArcm39djdJXKrikqRqfT5X7qoRLtPOS/Cw7cpMoeZjghkBcKP4aQm2pTymuchMjbTWGVvrr4uUDuIVhS1l6apshZSdYXCxMzE3dsVNZlcLTDbUCwLxVkZfO14N86OGwy7lvOZBsWFUy61igkaNseGZJ4lHUNwLlsUVm/55HJ+q+6EOvvog6lWfYylLkxTxTcUhhMwpjyjVfrsCLiRrLRvZw3UO52kcdrsqN86AowEopYLH8mIqFABosWqmf3n1IgNiDKAEk1kVNkZnReMecUSVXzPkS6MsmqaoCpgkbmHKLL9CB3ue+QwHg2Uzaf5PlaBknsa9coNs6a+ThKOoz0ImAEgEIibKTBRHesdwLOhE6/jYcQOKmO3AjPhw1RdUKvO9aHEsls3tqL2p0z48uN1E/+yxg0BcNLmBAFhYF2ZRzqb6osYYF0RaxofirJLglgFHs0zFkpoXiWcq8AS1uE8g35uklEMc6kmQq4F4pKPA7brmVz0fTRdszuhCkLJog/rXtvsDsCr4wi0GuZXCOgmF+1s2km26eYVM1ff5poSG/gcD2/RqO7iULIQFdmJv7UJbZZ9a2ihybuvgvvELRpF6oSCl9Lw8+cqlXKpZK8k7YO/lqxfZDZS20kD374WA06mnafuU8+mtlNU2Rh+rkqBzFFtqos7wEuJahBClfprTRmJu7XP7m25vlO3JSGHLSb7lGMiCJWQxj83ubNwNjpH4YhNa5MfVXsbNrkr37lgXCU04NT36llDqXNLYpajGdjCTx7VT6mxq3ajkr/Aoc1ufEvJYF4N+Ibq10YRokC6HnFzneEaY3jTQfXwtV9PrG5/feDLecBu/ta23vev6mFC66bl5pjOXt9Frj/zi65e/YHuitwryVetvCfH5La6LXQWxI+JO4riRSvodhlVT1+yHBl0RCdr+VfHKvGR2Di1LNghIX9kN+/u7h2+++fF//PGHP/3r9//yu6mqb5mqnPL4+fP5ySInRBOokk4Vbe8Oh7v7u/uHu7t7IPX1WEtIAAAQAElEQVSuUiITsR1rcDfr/saY2Yg7TL1RRqd4zirwQqx+zUbqtie4tGp/pDVsMqR5w0OxKJB656xR1KcIHynmvjEVs9rilhVlEjWqVouBVvue19EGMxpUussGWZC92KIUt8z6gdsYU7xX3yXBOqenp/ojQlXqV1UqRp0g+sUnZ2NbJkpfSyhCo3HmxLNU8FyfHh//8j//s47u/v37h48f79+9O9zdgWutqfwtg05aV9NXXtz9gTzAnaUL24p7kSD4p5sE9aKQgRjQhQifT8VsvGFiTUAHyIZBEcWfbq455NfehPirEf2/7RXMP3kN2tVyNxvH/7JtH4JKRx7D5pV+nQv0cVMRkWgTuPvWN1H3LzdCp3YtmxiYuVKK0vPp9q7W3ZL7YpIpGvUIBMy2yU7ymozkvlvmrYuOmrPL+YZLkslcuqxg9wUgJ85F2qvxe+OgIR9nQ1DNA+WLaSNz3lGKGWJ7mFVFLBYzYVqJxionc6qoDgO/Lr1hNWJiI/TEDB6SqNM8vtoBPWs6zwqJZcZpnxBCyI15fwn8F/Ikh9GmE6e59/sqt8nPrUD3C2/+6b/o6u36DFt0EkXiDaemO5m7pTgeO7fZbyOKPUNbZScEozhxW10EiK6xdjaNFrtnjea3rM/lKNP/ul64GlORDfz50+Pubh8uEoVT3+pTf5/L+/jLLpj6YMs1uarT6S7OUhA6sINgshct3vjQH6cuYpefv/MtnWZ2K2xTg104i4x6lCtHUA1d0PaNWpIQFuaRCbff2mw5RsiILsceLXP0T23b8Hvdbjd6AsrsWNU2Ny9OD3d8waXKoDx2FUwShZ6vI0jd95H7uw2isalwU/w1oaFI5XzhHHRLzAkqh+khyTKCmy0AA6bgcKyAKu4LDxa7JeVw4Lhfiy19WWHvDTQseC+7y6IZElPYvygb6rlApTHgxZsg6it/tYU6WStdUHreSk0S+2Kh2FeLCjO5mkOjveRiameCUzexlkYV/HREnDAHXk+QBVdJm76Kk8L+KmrRs4jUXbcDTTd2HjV5i7UMy6ksu7IcyyIRFeO4nM+fnz7fTbv791oyVnM+q2NDfRmV3Y+soSri+ynij6Q9VScNIk7IkTg5Wf57Nzftn6DMoiwuC1TQWIvBRKc2D/WT/ShBJ3fT/ih6sv5fhRLNA0MWVlH2bdOi2roW70hrdbFUD0Me2hkwFXqVrO9iKRXLeTg/PU2H3bifEGggKQ65PrrsDndz9cMt8+npcZzGqsFT7shUP7Fbp3KQr376jUh0Oyp00Q2oSCds4VfAGtXttz/s60dLVZIfURDXDY2ozgioSI2zddQDim3NTaG7AVUIEtP2Vxw17xV3mzjxJcHoKJ1seMuZ1aTlorXgS1pydYaFmsgvE52LK6RgcoGWL+36hq3BmpxtiZIuiOcmoSU7ITYrncuXXFpFaUVBKxJhdq0fSUL/+bhK9YXpXZ4I5093oO4siTuRsDpevXhlSqnZmDGnRht1tVLEKftKG6l5nllwv+tML4CmLOd0EESPqDlEW+5AySNKgCNRzw2iBqwwnyEGojtswFlk5TNNGxDPdNTZORXFBSgbBKUN4aKYaBQsARk3egWKrfocHIxl0FGhPBB1tvjcBa6wOo/llfNavaincdrNKT3xuZKvOyEUPKJQkAafAe1yScUoK8BxQIBtHyUPlbAqVM11nagr6WbwrThAfmDTG69LYxwsqo0i0k0DB19FqOSb+8F/8F+3rA2T7+zZjADJ/kNPqiS8z+P7uwcFTJAl/+nx52O18MkUrgdJft2NeVLlFCn6gTRPyUyjiChCsyBwHaSj8DqhxYPCPS6myDt5US+yF2TxuU+en2DszjqfQiqzoffUMpYq0H+Tm/jCIoygCN1zSJZiDCpena0koLCGxUU/CF0SxUQG4SAbyJ3MFi0acZ9MYO48l/n485//cnz8+cPn7/cP3x0evqm8ZBh5XhVYxhattMVso3lG9k7PS6AysAyLho0+xa2s4KwSNkOC4CUET8vDaCBDHpIc5N0uL2OpfO4p0VFjpk/z6Xh8Kn/hp7uj5EpOh/v617irR6xuCgEgkbxLQcd+TMdTZaG8aPk6wWQtuVDXhc1wjPbrqhgeqJFI1cLXerSXvA6KxyTUdLeOEhkxGXR35SVDrjdUI7WgfLBSe5ChnH0HUeoUCqUY8p0WPU+A6ha7/KBIVbQOUoRllBo/lY7rjpHGqz23rBpYM8A+g+5b3Bs5dyGgsjlhlxfL1AwKnTqNErJwGkiKzEssBi9SL561HF5lhoIzY8XH2/YGbs7AlhBvYElku0VJF9L4smKaDFJPR4BPVkCQrLDkw6QkUSKqiNQ1W8mwYlZVF9c5n55OdU/s9rv94a7uzd1+LxFmMt5xyfOq0RFas0WeqG4Kmtn9BRnBLQKsUq3z+904n03WZrHgr1J751w7o8cLjmtOFigWwh07VYPaBLRcY8dIoshWiAZBKGDaHmKp8ARaUjDbBLmdBayLMWHA1EINWcHuq0d7Xk7VC3GU/TcKHkp1VACAXaZ2GspAChJT6sAE5E/mtqxWo2nFbOjmzYKRAq0EMYsa/qwCWFbCYVq2SSNJQ3WsGBWbP6Y0FGoLGWSLD0bvc2cLdjXPhJgs1SZLnDDOaypB7cPCJVFQpsFJDMyoeCcjyACK73hUclIMlAXHBC8MkbRTTy7FNnBRs2uppJEuL/Ilfubq2dglZ81xnJ2qtW2TNmLnplONFXIfpeFUOn661ZXWA5dRqfv2egYU/21D6DpNN55En0veEHD70EIw7Z1XcRbbhtx62F7B28GVbkoKN/CV/oc4iS/84FsIoGXpxnV7SVvaxMVQL24P601EKHiMRLd6sWCdbnJ7E6ZmDCK3wnMTH+hC7eqevh4bdSrSZtFjG3eDi/4Y0FtDAoKBKaAZU0mGlUXdKgB+Mj+3HzlsO+2AUC//2MEMSRUiRIIetJnNJuKavEShc4TmQRTU1P7HurQj123z7iRdaMMBvNgJNpcfpMSXx6TnA8+ZxSml29V1thc/T2++8KJfr6lfcHHEK73eG9r8k9LraC6/5NqQ7y97ciPrhpwfZ8vpQoqRgxDcoAD9bZtd97YsIFyZnpsoI9T9ues+bwJnjn4iCRAEiC6h0boTFJyI4h4wFAM201brx0MVwT9++Pj7H3737//++z/98f7bjzQNVeR7/Plnix6VMiuKslY1rXHYHfb7u8Pdw8N+fz9KIUURa7kz+2OiXMEJi3fjQ8k/VD1/aGO2UGwlXlt/Kz4vXawJboPI6AkMDStu9QI6Ejy9LAg90YmQu5N11S2fVkpHUUlERp8xcIsvETQ+CaFGpEi2UGMO8BwTqlT9R6rJoplmIptLnPiATLNk5VlGunQlb2Ci0Fh6w7VVf77gmPQPqlhoEiOZElqeHh8//fRTtUzWX+7ff3z4+OH+3TstmglTmPT0Nw06CUGjF0QcxPJLLt2U7Li5+CRt540j6gRiWb7k4t6Uy8fqL8oFgI2tpyUEaX08uHWyGlPrmr7+2pyTf5AL57iZnHASTCIiP96bna0KZCf0fiX/KxTGZ4PY/fX5EHUKP95Eb3gL6p4Y0AcjMoCyk+DGN5nZk89N5rJaLBTtoHhtdIaDzFx2s7WZIiv76mva5J9xxyhg1b+cwpDSYdhF2iz1/VHdAxlUIMeEk2FJDCl3qlv8SdEHbS4woFltQwR9JUegC+E7apsN02rSJ0Eet/4GB91IKfG3WGdEyRbPUGrBYzrbONIZUT6S2jNYdhNHy/4CNwqqU2QYXH3MBmbDTj+aXkltTTopwtKgIZUQeSar6vWDczsykmye7PDF4HNsG1fxrLVolsCnxLs2pM6WmVETKDmwoD+VNVvLjELkiCsKdaz3EDLJDL+akdlVbDmyjSFfDTa2Wbe5nqka9rZDfH3Xb3D6/4YXvfgxfCWwUSmr/vnnn//4zYdhaI5580F2z94UBr5mlraadihy10LyC+99+YqOK+81fxGBMmRFT6B2nI2F+FvIDzDwf+A1ui1A8W1dPOwPOAWg240UfsmUEZA9TbR2stNaMHMJAIFRgirE9Pgpm1asynk16kLxpoaCFTERQUh6en9Ds+U+DM7NTs1o1Wikse/Gril6pRMF/PlnJyT6hPY4JU86I/NFqWTEZhV04mqkkFBSxXymZhxqPQ1GDLq74YRtsbIK4C1vLFhuR7KzOggoSgAldgtPW7NkATE+pOyRBBJmXFzyyI42E5ojdfNv2hoKpwjnsRDllkXQzJKVoJfmwvOvm3kpafYpO8MSK7Frqr2prkN9p273bVfMJw2F4aRDrCZoZ4S5zX3cantDRj5YkmbqMLC0WXLBwuVp28+GP88bsxaEByyIOiTEfZTW/qTzxWYyCx0+GUL9S+HmFFB+ccqel+V4Ph+qP2lXXWLz58fHh+lAH75VbiYPqSS+IpFAwgZIIC3Vfpqgqo3DqgGvxZL1PHPXs5+6E6Iz4Yq3hOpXhxKnEIEbWyd3FlYNcp9T9WvcTbujSHjrmekoUS9SHwF7V1Ymq3cT0WkWxyRJt0WytclmOrXkdWifkj9xXobdCviQ3XI3qswzQlqZ6kRQdaCUx/V8Po0CdiIu2AiLZQdgZjcikg+ydJL89oIcwf2Oxuxc3ufHWZoeDDtg3O2rcn0+Cn7/cp6h90GKFAbHdT1Y1E7kmhuwgKYDa0Fx5D33ojUOkVGq0hU7IqQou93k1sWbLZq4ozyJnVBktjR4KRQwYZ9Ss+FeT05KL4k11InlztliYzPGzYMZGhqtpxYr0OPYITxKp5AtN1HXTsBMFDgjIfyt2nOOc/W61Tmsnrf9+zwdxOvGoGgS67lKDBmtCbOcuqDrZModpghBZuqoZLS+2k7orW+NkEDyl3/MvqVxpQ1OT+/OCimTN2Hr5oGmFktkj9e/1c85nbEVqxe0mxAObq4OZF0umBLEeTfWk7if6heLAEIIDcxs3ngdjUrEZisEdR9ic3GATERUokL3ZkNggvZnqgqHCpM6gT+pu1y36MzlcTkP4+7E4+fz6W6s1qY73KjxGhsZKUl2JvZAyRZc0MQY7bw+hCpUiNlKMZd6EsiDV1y+CnTJmPBGb6mbzfZtf9Hmp/4oUNsEvfBwQ5DgzQ/axsDceJw7cBEsAw06RTq1Yc+wwKfvhuE93dmndRqOn4+lOvWPXN2vpFUXxhGTAth0spAOjRowfAt1ago3tAOn6RyVTwnIWdFae/Xr3UCzuPZTMnAULVo0cDeNVq4B4T26b8h5umv/HiCjlzlRuhlDvE5qeweThPNoTTiTNWoM31z9YWBTqpE+AunSavyyQS8klMlJdvpiUycDdTBYl/S4lqfjp0+np+8PD/9y//FPH3/4/v79HrVgIP0uwpxAKj1axGtlNlt55/3S4ZWy8SEo+JYlixQTKzJHPLdBfgaFFKlq1UA6ktIdWiNG2bbEL1S6OQnZqyJB4t3My/H0dJzPw6765e/Pp9cvagAAEABJREFUZb3f8UNlQAlacqUGEnZQrbPH4/lxPp/m86z8JaF8VlYORM0Kxwid5pBO2I0hCXivvoASinQ6ATNj2U0LrxIPUdmHqjh52pl8KrARBaxWxVM9yLlLwZQjIQEAZXHc7BGRN56sWaRSn5itRykZWGloHetOI1qWc7FAg9EL9FoZZBOPQ5niMLQCRjcJLgtXz36VPs6koieMLrCrVlv3nAgxIMs47SZNrzQ0DkZgXukPucluoC8gs1qFWuM/pn2dpnFRk72g1JzXyqcUXXAcp6xiASkeYc5lHBbIcrryWhFJPjgdj/Nud5p24qUQw33t0/5u0HgIxFisEgs0S2meeck0S4WaEcXQpWKtoK7sd2xomzTu5yqZjOdT/Vu7tECS5xIx+dRl+HAfgWcHDSEjiZrs2GhxTggMLQmoc7V7sNHEfAEXRoB5xsGZr7luhTcvElcM0lG/OtUtX0czCZQ6WXl3UpWhjFOSpanS7bqUugtmz/Z1rHg5aOoGcY6AbaxS7ND5mURwnrJTMTPNy+Sm4qljOj9ehyKZT0gU34JtbCoTTjfIgCgLlqpGgmWjkVWwybOdNgS1aHXUYdCZlaUfcO40Jl85gyGejqxAOMUikySsdOVOJAsNUX3knoTNxliTf5uMFWIo3YXot25jI4QKrCRWKG7wc2YH7oI/6uPMF0J0bBJqbaGfedsf02Tx9txeSdt2OkbuNgFxZED+dDqWWoS9d25pul7TqVWJDuT4booA7l4gF5G/KXp1OYldB+0zjx0IGTdmZXAPfXYxGT9YDMGLP5AzuLWXaLrMT7PPMIc7FiWJXR7frgwji2Mj+/QL6BkL6SJuybczRIHMbV18UThawxbdSk2xf672yasXW8iqbR4sXMjmYe7oM1t0EcylBaIPAUNd0NnpHkLi2IwgTRvqVNSIa3Uh00LzYDnuTgSSZtX43IJOesHEP0GL7UEYAhOED4JQJAklMOyhE8mww5PK6DbwIHfWZTdUdUfRz0P2T0xBIOq+5k1qjf77tgCPa2GY+ctXt3vvK3e95aZf73IT2Y1IL/dCcGdwA8vrbuKLf22VcvoNevpLHo5NFB907cWCUpflGDcWoANfX91tHsT5VRvjRm/phkMZAa5OceHJ018Gw+4TOdOCAPyZy25r1KwZsROYCc6zVq4RWXsc7j9+vP/uw/d//Lff/ce/f/zdD1XcOj0e50+PywqvG1RXVUsyVTFuf3d3uD/sqhxX1eI8yupzXi0X3RNNXTzIg7Fl8siMFjXi6ZNhRQlTXU9so3ROZ4xWNqyoIYPHVSNaBWIzPPyoP1gF0Gp/A6WD6VhSaFCpUCvdF+S+K4pevRP1dHSWNNBEi+BkZMVNEwBUAMDCqfTKOPAOtdDk6mNcWZBt8/5wGMaxW2sbaLpa8uQMV8XaQht2dmOz9Sr5V1xh5WZfkiqk1RmTP49PdS7qUL/54ceHD++nw74aaF0ZtNe9LejkTZ3jC5yJ7rqUwpgT0UsN9c+GEoXy51LcG6wphxGcKWy2EGdR9De5VS00IygRZKY/C9yXl7jVL8oqJzMgQqeDmlVaOilthmU/cEezSnhCug2Q3Oj9t+UYL17oso0jchxzYyAhxvarxn2QcooPewZPft6pMfaQx8z2WCITIERec3VcbBAKUa5/Rfx8uT9tAUlMmRbOwi7aPLOXiVIzi4nFQfUfPemDKD9yT+ZmOGRL8rCBJg7pKiVLRDPhP4dpUA3s2cs1mqSYA/MCsf4oNGjsPeAuO4ZnGRWMpM1kI1PDJBDdyawEOSkJNTQWc0LYKLmbqrDjJxc0tQikZMzYPrfDwyYrbAy12q6aSdKCCsepWWl19LbkyV/j02THMPna01Z3absS30d6tkWGIRmtkM9+Al6pJwSyQ1b7snRmQnsFAYAfVSphuCv2jDuTgQhqml8JrceoLoK32RtL2dHwNZzczKmJnRioNU9419CVqQNVSOpvAygMikQPKhmQ1QjqBPdk5klqukFMXrG82tQYLZQ+kwKpZN0gOQoVptUzHmTRQ89wCd3VKzUIlxR57TY1HmXTY+fw19G3axZI9FvRyV9L7LvV9MXvFFgA0LpkI6xcXXSH/WGslkA3yNCth3+rTkFGSZcC9ldMiz/C/cvMPK3H0QmMSbkcztA+b4CM5xaOcFiiLrFdX5S2Yr4NIQRNJy2xsZ1hAdqXXhoCJFc9hShZbRKvSXIxQaqwCvRXFHHPOTQV6qeSegqrc9JhJzjJbSyMzdThuyBfniGMPYTFYqK0cqE0mMk55A19BaFmiiXK4xFDSEw92quvH7fV8NMPMYkC6TTjrV3JYrTcDpSnxGHqIHhhMMVIEvGVPsou44GIqo+kbHaU9UqXyW72QK3EqasCJkFLsAK1TDbmYHPUZAsVclYTVLIbGilEO1NFXO1RSygkTWQrJpc722ZLHV5VcwLEbhKDbBodaiGtvlG4UVQsXD8/tJkFPxCEqY7YSHaJS34rzpeNS5Gz3bgzuZOpdRhL4xVzsCoO4EBsSS3WJZtYj12xbHUxZSfAeSRujAlta8YlU+MoySRAWzXfjvWu6vuozoSThDDM4zBV98vTOj9W/9E6S+SlDlDCTpdlhOYoXipxyCfNXyX1bYgzQ725gx0pgfmOV7tMglx47mgRwE7mnVnVN0eb/YjUjSNgJ3k4jON+ED/dCKB3LaYCey8OmexlZe1qfxuhrNau076E/JysvK4AxtdfJOP5fMrnIZ+rl+S0O5/GqrmlUVxNksY71h2+3x/m00lSd0/VizJLUoXLLOSchAyYL7lVtaeTV3tpS/lvE8uQaSVUCwKEekK1YO3+rhodqrdJCrybFiZjFidUHV7Vuku1MKxCZXVqEJyUNU5IZ8i8GiZLoc/ON5i3lnlKHfFkUwPZyYTSKOy31AmSRjl1NQo2otCZdU3SQ7HDxDTF8LfMxaZrO6OpEcKLueo2ed0vqb+3n3MOgfxi1nMTqzAb5gVW2AMxhaQy0klqTVX/Hi9j+kh5J7nGZbQn5DySbBgE8jXLIFoJIQCUKovOo+dhZdsdFLMXsx3DiMSMlLb7iU1K1OOmoqyZwdj0b32iKO3IqZGnoiYtWZlFzmpxhQNrJWIq1HuT5M22JPrUXmo5jUXKXPGJZ6z2ah2LfOiYfPPUh2EBhm842fTcCDqCSipkkE8dmyZjqR7lENtCzWSVFDwt84GHT/l4d65mtnqox6hkCcSAUc6Awi9AIhT9cFRVRhxuISWAtRnH1hnLKWfXaOxImOyRbWm3Iki6unotMiVX5Zj6D5MTJfswdVubUuoOQnr+6rwInCKgjbc8JJoayBUL5NjKMuzESTt9vCMhrRpA+OcnAWFezNVTDumuel9zA1RLwW+reXVVWc2CS02vKTrZMDuIp21MEEPllll5ByMeQiNfvTxFAovsZAzuaGbIcsYVNycieZ+cClETGHBTSR3ham/hbKdS/qym6aL0ZNaIGuOxkSsHmnnliiBzp2PHah1CYY9H4v8q5/L413r/zOXj7u7hcKinZ1gEnogWNmU79YplAs3QRcxbMqk8uXC3IwptGE+zvJAluiiNSSbASd0Vh+WohHIRpBN4xiSWNx/q0RrHZS7HR4Go4jKv5fx0mhUDYb6XU3M3HnaCOSLkZzeOvJNKJZa8eD5XcaKtinRoxWSxxQhmnH6NQiw+kypJUkHQk1Rtr7x9GIW5nef63nw6V9Z2f/cwTVIgRSSNUSzL5/PqeZtFM9RkuZeFESLSly8BaDYCBrB1pAQM6hLxirrteBwWcpmKMsyKIBJ1AKcJmZoZ8nYnWgtNWXVzqV0hKbutR00K3Uhwj0RWkWbzFcVnUeysda5O/vrBuNsVVMaRqJ+MUHJyTuV/LNEPy+8ir/kZxqG6FiQiuJTD8fERkSVlPStMy5DNBj/IAg/rINO6YJcie7J+IMFFEnZ7FCO+YJ8cxmmnsOSjcL8yjGUUU72mogLwI2vMidZbgvnKzt6Yd0P1AuzG5bwM5/NSt8RpgdKJeAYUo7YQKbX0UmpHM9pJlqFoh52jvFFIliuIgmIl6caxk6zwLnW21f2QLNsnOXk1PqdqT5WEFqmrNJ9n2VHI29A8IRGellm1FZk1d6CoRlYsmrk2tZxP7MtOGiaC3mVHyiJNhpNQ8WFE2J7pyRJqyQIKtHoeFCovA4eodKNcl+Qrj1ArK+QkxGkAjAKl5Ah8g6mAqpKsCacvOZqgFR3UF61hzzPKWoVeGjXwTp1By3rmc+5teBLUXVwpa5qq+aTMYrZCXHFiWTQCyhopJss6VgFtWdxGrHMBgsMW2X+ug6F0Ue30xk0bnrq56MbNvgkb0768+eKN0NZ6iscuVocknMLc3ffQc7D9fRGG1SnBplXG1FATrW8OJ2whLrKHQMDbwbJL1xeju/7BN1O6vkwIVfp69dzlA9EHvr0aZt9vh9QbJOqNS3onl37CqbvVOxY/xieJbvb/0nXdiWKmWQafz3rMEbTDDqnZvUWhWdPlPo59QLDgto4oN07dHmBfq+IitAU/t8GQox15BCrEBnK9IkbhArM920hrGMvYRUw2ImArk+N5l7kQR1pMtrhhuow9ZRIXt3yejaPhapbbJHXSd2cksS9T3+PeAvZio+nGkv92F/+Kr74iFn6VrU5BqbMUXc8JANnMf/EMEeylmC+4funMhm0kOEJcZiVrc3ARiASelZ8jI74P8Zf8U3hDTeymq8fzVpvoO8VXc2T6Qvh69LOCuC7nhdqm4/ak4Jb4x5S1rl21RmohcuiWw246vLvbP9zvHx7+/f///3v/4w/vf/g2TdO5Gug+HXlhDfOFK1PCiqssBjH17uH+4f37abfTWjYDoypO8lgT0AMHOzHZI4iCTRxv0LqV4/fgn/2d9rfHA2CSUX/TSu9YailFa0XRy7VyoQjuKk0xCkPiaUoWTS4xIYqAcn46AmZu9VrY436321dRdT/tJpXXc0oNH5SsP8VUf9ttqC4ICdYgUqbDVCdPv1ohR6pG4vjc3JMb7lcLY+151Q0IJnKHrm0oo4obRnPZdrwiNbGJbU3qb1VY/enPf3n8+afa+4cPH+/fv7u7v1cxf1jnFZ7ZSJv5tZBO2FJON+eCmqC+kVHi2/Jcc7Td+cXESgbqG5iAeTSU6xQ3DDEgO4eYdzIDM4AqJMQJtZQGSLdusdRsEgP6bG9G4aWUYFUQRYg9qBM3mImgyaDc/SmWbdC8Teg2P09s4/oNQgCfvSi8zoyJtXgdHFvNcREJHXDlkEeIbBKewcT22B0Xfdy8lZKTGLKALCMySa0N8gvobL5d0IT7XQQJx7gBZBOzQ8b0wqgNB2ZOFxQ18sOQJqUJe2TuFj2pnoc0aCRHZrSSmuisxi8IZjZQdQGy2gfZhoM0KIevNNsMxfyQxotoMqSmRSr0JgYDQ4irRxHSRBAXdXXwSHI9xoaqWiC+XA2LhVBhGRlIRnMg24lqqZHj+qGS4uz1X8jwSshAFOcAABAASURBVDSWoTElctem2cUxQqrqriag2EHKNiEFKUypRcmad8RSMBReJBsbDHuyLzVCLhCBzTbDwAyIpHqJcxk84gQBUzbFRiFaJXgiD9coupQYqEUCIRE8KQmx+RVKAWdjhD25L1e1g2zLr5BRiudMqjrLtKxeVlvoi1gdkk4tTQLOO1gOowaXLGUN5Sd+KJr9OaJEMNpxvYU0kVpdzUCm0WxzPXnsiNPtyJChqmL0OLo2FWplz66pBb3OnspXsIlgSqLY+CajJNg0EzeRht2n+fL1Kv37B716pZibGnN5W758xiItMiKy5nnZjbuH3Z2YUEtgA3RBGL/qxW/8nL9+VUKvw6/11FQJCqmHBV697p28sTxgHjU4LUR7E8mQhpesbiJK57mziZFazeaBwf6u4lo1CCNkLqWW1xWvvuhz6pVn0rz3ceiX1bJYVK/WDzMBjzg1WRlfGsVxHRW98vdjFDYJlj3WSQFFSZTiEJJlj3PaCI6ODd9k8d5iYRqcxkSSg7kXlEmBzoBMdGuzINweYyc3tbn/wimEcVgwAV2B6uBBxW7LicHEWJCh/iIeIMURAQEnjbw25m9CRXHXGGyCzJ28hKRKq65eVpvcgtx9URMW483yURXM1ADbsth9SskYlVtIIf6pSZnB2oo2V11WgkKzBmOI6WxGCYgmJtKE7AYGZ/GxYCdZg0iIkld8p8HHiJ4ot9Z8/irpMBYHZN818H7Bu94kV428by7r617JyAnw6EmbAUikFuGVXDyxJYV/Avy4k8bB1+3JtBqBx+IizNXLuRpitvyVwVvTwq2vMCJDKRwgROo2U2wtXWizKskOQh58G3nRBVmK5Mkel+Vw2O/uDlW7+/Pnn//y+fPv3r1Xl63CzgtWhSZGq8u5ut2lH2tR58J+nqqTSkquFnW2m6Zm/0DkI2d53OxmEvsgUJmjmPtHy2ElExtwgBCfVKWC3TjcVR3zfDyWdUpUfSznRfAnNANL0yRVCDIAJ5wrJWpSYWddLNMi5RVwi6yCpt4iqROn47Cfqv+gNj/uD4P4lhYe1bk1jMj8VV1X3DKizKskA3+qS9vYnRafxtwBHXMcmNjejfU0bn59hdlOm1acoAKdYdjt7t6/qz+fH49k0W5al1TE20F9QeIgSmTp35BbBCYGmfDOChyur7jYBYE1gsGo6RDJ3b1GzI2AmfPBgjY2Qr/nNddei3qvAvmq0t7oZzlTpgv182JymgaC77dafbAnfOlEd0jGbozscms+pXRpM3XN1tsgSNrYpoiiJ6CXzJUoD+nMfF5Oc+EP+/2B8iGlyVmIaMPVtaSZP4rTqSJuUZAMMBWFJaDEnbECnjLYj9i1PA8R49QKOyQjExK+V0BTjN4l8x9KzjfqKxkN7DN+tdAMrymYXh1W7e2witigu2wwpItVZG3lvk7fdSmzEvDawkFSiupcSCGCM5ezxjdZHKDgVEG8X50mIiqbrb8wLRcA90AdhraDMCmKMfmSFat9adbJDIMWvJ7VavW4LrvzeD+c7xWrSZRHR/lxMyIsgeT1R1R/qqK+dG3ttxyqfagPlS3U3oQTho4MPA90LnvkJG8Nwdv9mZwObD7vN2Dn1dtehduDrMUZLht3YatZDKnZAfxV7RAZlioXs0Egh154et2uE+dRYJSGaeVBw/H/vCi+wfkIf8Nd/XLcJw+3Kc3AxtllEmwy7D04L3QCJLiiuj8HkyyET6wajKBCn3Mwky0TknAoKKbG24MFNmnB9jWRWaaC9PgXORbWMNGwr4hMlO2nqIs5y1D8ROVTEULZ8aqRcxAFQkdTPdnXIDw+3BZH+ViWY/AoR/Ncfv7rcV5/eHj/4/Dxm/3DbszjvGRFFDZzDwRaVaFXXzP7CygRvuIaLpYcbgExuDDFhFTS/nUpwwUFwAUBBIUZVt4lWShrNbyMo0z0QYpYLUK61/koBVyWT/Onau487Y73Ejdzf5j29bxVE99uqjZf+VsBMI6Px+NpnVHn13rBhoHRSaGpnyy18Q5Q9AkhPwInAH95UYyigRZQtTvaJcSd1BOx34vuUxmzGgvNIa4wDWbuHgSWDEJBcvS9Fdja8tpixkxsWgCE6ArzoIjdYxWDV2H7i0bmSDhLnZ0MyFKKaAZE1Y0etwcDkrOiyhJ2gshUltMighYAJleEJxSu8s9a5jzs6unTakWKyqrWGja4VshwyIg18xQyZ1TO175rcih2qBTdEaAWqbkDqJKkcC+IwCAApOhEyMyCV2UEycvP59NRauOInDNN1Z6/PygKSBXPJlkMMfqfFylKKJAY1SGg8ZMmR5Cf41zvrwOZdnmaVqneYxNen0J0S51KUD5Iing5+0GikJTS5jKdwHVJLoj10FlQK53iOUsle0KwGC/YBsXyEMwbKqtWTCaXUDrZCet8mlV3k/dXibSKeXVbidA4SMkhgTyZTEYV7EctlaNVX8V5EZlO7MgllW4mZSVZo5vrhALSRjRTHRxKIeJ4mOqqb1dpQeEUC1eCC5hPqOMm22sQEFTXuhjV+aR73YCfMwX0Z1IBj9SRk9zjRcEJJCBTg0iKhp1mlXuyBuwqy63C/ToO7hpEAV8M1Yyr7BBaQ1RcM0YEaAxbXhiNWxihKicpX/JKkAoL2nPiYHId7A1E4WFtk5Y9O+1in1y2fun6tuSHsvUnhpieKex0N3lzuyBUdKTM7BcYkxsQZE4cccQHiMS36KBLGt4FtMAuKzQR+Ka4cPFpeZt9iZ5TPbp2KT3XFD3z8+1PWsxwur5anHvoHpu2YBAwLbLkLuO61+PTc53kEE9ocxtfP8WtIyquw6Kboo5GSHNhSYwvXAjgvG1Krtz/SpQ6iantad0EozkTQoboJoHc8Ev+/iFF8lSv10MkIhesjJyWKxfSCEkCInk/Y76F9H/qF+XClNcNim58zi+dn8ub7TVDemYtO0n5dqsbwTe94aJ0IZrz2w7OzZY27aSvvehNzxJmidrr+Go3my7AL5xxTq9SgIvX/uLrYtEBQb8hwpeee9hyOjKITfnsHon7UojU3bLGUx5A76zoQp8KXulvbEegF7JTt9ZmELaAZMvxIJGukikvZM6mME0kM8oqbtmQzeQ3jXfv7t9//923//LjD//2rx9//GG8v6+s95xE+DJYkWSW8GwxeVkwhyeBq6vX4a5qcjuMhRUVoqgFIzBSw7YZIw0HgS5B4Z4EqWgVmZzPTHtowRLhHREnpoN5YLgZVFeDT2aDdayi9lig6KPQSkkSaiJQeRK1LPGvx6MowYMEZ4+HXRXPdne7KpKNKIyIPqwt6kX2jGarqq6TUDkwhW9ObGQjumr4KzQYcyAytd8Nsr1elS6pH71yKK5YTGSKpvQa1VBlBo9InIzERlfx/Hj8/Pl0fKob9/7dhw/ffru/u/M1cj9Bhzz365bX4ee57NdRvKDnbJUnNS59q6CbvbHAy3Ix+7TtmeBxo/YntbSThGh3E1vZiV4svx3KZJ6TN5A57v7+J7g6rtmoIyxtKZlhQ4N2WnLb66Lh5qIUCNLcPuqYKf2CTfLau9/U1Ube7Wyb/dHihFX/UvNU2nCWoJLbtkzh6W9983y99UYYpjnksC3NIEtBsJCrviccPNA7vloWA6JnYL7oVRFvXf/AJt+FGkhSmCVDIyZMD6hbyYPwuwyLDnBzzWt6xZpK/76OjHJ8osvh4aga9IcYMY2IkYw4wbP1oDp1yJk7idU1JX7tjECVhNg1GlC/2PFAuXUB55xgF6ZmadMOZ4cwYYvcaXI/w9iQIui8n/cscSTDTtFi1eMiZGdQm3WCtSjccdpgdtyWHDK2hcmYaIqxav9zirCkLogYhi2gjXu8Dooy6Coi8800ICIzyKbY6hhRnA3TR/oD1TTy+PVNG/hNZzL9dtdXtn2pkTSF/Lm7sDOwnzWZuJTT+VwlMI2zMkTldEuveI6V/oNdsTfssGN3lLUYCcVJhIhEcZYaGbXsSUhOsGz6IN18bqcLm4scJUjh6VPncwltIVv4WeseX1mB0qVcb3EjRJd7eCNO4LvCFmpBQWldwEjeiIiVkOyZ/MA2nR3SI3xfdMlEcAOKDXEIlka1w2Ef2pkZOZPJp24FZQ86YATAkn1Ant9LvdMgJtuWKPqZMKmh8ej4I+GpeZUy+U3kSWRMjW1071D6gx0xSFECN+bFFGR1MKJZINcZYpmTXWdoOkUetB5z269X+8U5gy26QAAIxiNDnwjhzmewp2tkBB1MEoCQrGGLLAZzi+BJljFL7JXHyEL1bGdhFS0Bd1CEDIol3CriYYnmJm5x46DOVsWxIWAawfRCq8dLPRi62+LyY9ZoDdsXFGJeMrYnK5o1mghVkHJzPjXTEvYbhlrnsp4I0wAJ4GrY+TahbK8hD2PG4XH0brZNrPfAkszVRyHY+Pu7w2FX/Q2fjo//13/+3x+qv2G3J61ao6kJYhOWshzjuC6S9prUb1K1t6oASgRsmSWi1M3bGVElTWKyd4aKC8Wo+owEs30cPdBMU30x+Tptmn9anZTDfVWll/MT8yR/RGk8m3pia+96ViZLUa9+7Kqs0TLvqvtEknwFDURjkZ2bSBb4UtJ5Hk7zuJ+rR2S8expnwdofyqhB80N1ulRNXqD2JRP4uDvsq7crdUujO6cYcbIykYwMEgQChuGPtgTgzfxFdzNgzJWUTbsD3ddJqb4NgXLR9vV0SBkeKnWDjAaODzA+fXGRGVBZcWW2YGkyQhyEz7u1OR/eh3SdttYEV4h7wQOwJ33zsubzFs1ekQBvyQnKFPaPdvjpSu/mvj90CyGsqRP2QdHQBzyVr8diwtetSVZ6C+nOg0T03CnCjFJIidvgxzLXM1O308f9HpBUO4W0EzI1Ibep1NMA7qXnDGddokUsPj7ZdCXPAoaQzDHAzQ7ZCn3J0pzhjMFxllpRGhRY1jxK1pA5t1K0ZfPpa+PMVHBxmDvq4IItd4wkIrBByDjtx7xWkl73tmxBEKbedsig4XbikwljTnc8Is44Ig6kEIDaedr2N202g4XQi6FA49ElnZ/Xp7J8Wuf7Zd5XSkQSD5NbfIKyHaOnQ0gdsCa5eSm88tC/C0ox5mbl3+pHlG52r79tK+lcXZefPauMN4pRXqEZJoQ4dU0b7mwHhyx1h71gjHyTrXX5rxJVvn8QHE3FVfrr02cJOODzwFV0oIHzrpoywWLsGBqTUndo0UjYZEkT2DCu0mWDgpI7BxzLkppURBaYSxdzYsQhTkVoXsm0MXIBFcYDlGuxY25xcqlj/ACzMDpm+wIOFtcK0ZbDrxAtCtW02AGJXeDnpz+rHelL3g0od2kp/JfTU1VGPp0eH9fT8cN339/dP4wyK8OSmQyFxS2GG397BmiPQpxebA6fiFCnRQsvEe/XT6Z2UeILAGCEQkDSJClOK6oAqP6eq6Wyspcs0ZpcxnVMx1S3gcgJ5/nzIsAn1QR8f/f+4XC4P9yPk4CCCQaJgGSMu934eD49no6a+BjtAAAQAElEQVRVqBA/NlsgdELWYb48EeS7NzUARTFtIEggWdFt6V6VTDC5ux3MinncT+L4P5PZr0lxEbkarCUPpd605qQ2yBE0Q83WKnkg7kSnTCJfl5LhurcATdMgJAxkGE91nqRykFjJ87IIIMluGmCecrkcdCUsVth32DMSr5DSVOWmad2t8+k8KngKyocX+aOoJxI/cF4EI0SDPDRz0c7GoE4XTaEiDjd0vNkEUMwsT3utgrjulnmVkkfzWQQhURGL+QAsVkolAHg73IamscXS7bOA351Op2G/P097WVQJmBhQz+dBunuue/moKOVq61gTefKMyGyOpr67G3lvaUNS2eZ8Avme84yoM/VAFAPe4Cabws8UaIBxgosnF7lIzJ3NirFjVKYG3rsgieDxqPgJokQmoGcL2KckBSRN12ONsGew/KTqQ52B6s8ZNb7KNq3ibdGuSqMjVBUdDOJy6gpnKDCyxjr0uuZCegRURzoK9wn8JTjAxojIjKAIMqycPHKOEyKwOmahmb8S35rSxksEjSbD+aMILpGFnGK/WEND2Eb0hKjQKJ2S3F8pL4kSQGxBJ4tECxWtur0CWk2Qg0ocJouSsOlNlh4DVSzefZOLuVyHdfSCsIiHBvsyUZMils0sglSCIrvr/JJQNh0kRYE5usl26QUWe9Hhy54/f1GIOhefpos+UOQsmJnqupN8/dSNF9IbB/G3vEr6you6P8mlerlemYWNkE/OU/sd+MoscQeam1w9ar+m1gb1yW+9ENN8sdmTz3HlEM0hoWRqckVfxqNJkpEb3JlPEgKkbD937+8pY+dOvrjWniyAf8Q5bM6Ev2VW9ltP383rtXP43/ai2x++Opf0ljnjNzX1pustdIm7CC0XDq82sIs9v9Z7c3dDvr6Zru6kTXCQsSU1yrpkgrtEeC8W7Z80AAXWh+zmoyrojoITvFOJYD/t7qZ3P3zz+3//9w/ffVcNcncf3tU7zirBFbYTar0wS8CgFs5hJ7Em9YE74LRRCgUYVXTEFxdx6i5RyBXFcfq/L8iFyU5b80v7GRZUs7UOCAQx1o8Aa1TT0XqBMGIDmRBGV1TSkc8W9JUjwKIKoavUZywIqREQvv1dNcjVH5EM2Ztom/LrYS4SqrBwvJ0g5WsIMQh7ZzuKPDH8amZhk2zYsxZwZvgL9t7r17axDdNycO7a/6fHx6dPnz7/9Nc6mruHdw8fPtw/vKvLTXmzKBsBhn/loJPf4mIXE/UXLe3Y7GCm7hgkY+qS+WAI65RGswgozEkOvppF9u1SrnWyDa1OUAZEVXEYArn0TEH9uClKeqe55WQ3atUbif6Rro3xyi98xV2ID3cwZd2W4pepZ08Q7HXtvWQWlt/+io1xi0K5aw6mFeZG4HwbWeK8qf6g70o0LWsUzpQcY2PfA06J5cqoQJ0bphNtrtRkqo5UNf/TlqxE1830RbmLCkIL3KuDdDXTHXXTqEN0yVI9KYrK+J2hQFrNqbA4WlyzEWczT4ENbt9o6AQbFBsNF2u01sbD203CSO0eMjjlyh7qgVBpVYjZw2w6mm02vdWhSdyGmyzIJlvK0Wb2faQ3Jmozeyl1iKPR97ZkTlDA5gx4oBKUSXBrc/NhxnO2p5qbhPw8ZlThs1nnGCVIWt4u7dBPO28CGsxVi3x/0xSaBqH72CrzdNu2HZN/RLXx73NthTu++e3lZLEnoR6Px0ByinP+32ZqCUnYaorquQk9Z1DRCUAmoBFY5xr9ufMjf2MPmm2rU8W7LY3+3Ho5Uf8DeTbD8+ysrVJxKLzbN1PH/Nvb6HaTiXsrMY6eEfzUp4wwe1RfanI1x3yBTrRD6jw958aTeq7DnQbfS0hKE+xOM4TenAugOhXqKKAio8e7TKAC3+GYbpsHSv0JuJwo3zM2MwrrkTYswlJmDAPPp/KZrqYWkxOjZKAtVgtsVq+AiwAoy7FdLP1y1erX0E60BgpJYp5qU75tsvtdCcnMLaSjW31A8Q02vbHPI4N/kxDv1r4NkZC/Dekk59QMu/YWhexLjo0cIqh5+GyxMlmEtj5filu/JM9eUFpW1UdXSXgeOFa0X6Zk/iiMSV9XTOx2Lddu0xsLtx3HXRvtVzPhSj9rJ6piN2qK62E3pv1uOc//9fmnT+fjKHD7Y721asXVh7SOi6QOV2fPOK6zFkitnneNzah3nqVXKxFFyJbjlaVuUWKq8Z8WWC2SvTEGOpHeZLPtG7Mu9m6/u1vvdvN5XOrr6u2rYgpVE3kDlyEruCOTAEwHcUufT4IclDX2aMUkJWxm9ZKS+ICqe+ZUnUnn5XRe75ZxnbRAgiTCslaKrYpuvamqwqfjExTXxssp9bvF0PJ0h4ii252mr7liU1u8qr1j2I27u7vq+lmRN4zTT3HkTMpjP+Ohk63hW20iRgjgIX2EpOJugxT4T44dlbr93nU2NldYUXF8kgCNyWxo4noyMD/u39X64b/CJ2rdSK9dLhAWJ/ApmNvlbTeke42SYk9KZNBtw4q3FCZ17HH1247jkyAEneq8z8P4bhyr73iCKqBtiRdogNNa5X3NzCyR12Sj9KpJnaGn8Yk4rVtbeXNFcqNVDPInTReBSSBFdMzD1hiN2S7Ow9T0Bbpc+1Z3EdsKp8YqS0Id0bRZZZmhtbpR82GcElT4wtXPuxJzOE2c9ViYoMr/pUMGBDXUbKRVjQxFQtUHqUUwjEO/oKljUfqL4U2JrrFy9al+TvO0nqflOM7T+5zBh7ML157NLFOaLSkb0LlZoceu8ukNXIF6qYNcGe93EW019Fi/C3vW9UVXm+8NF3dSlNH5vj1VLyyAqRHhRvDlBi3C5fEibsNhrYymGpa0VI2f9/vDd+8+iFmwfv70ubrbea5+2PPAY55kx7Buisw5spJkgYqDDEIIMS5fNAqQEQohVaoq4U7ip12hX+FGjfEwep+A9pk6Lw0Mf9RNKfXibmq+uu1JB3KG2Q17gmZt6KRmhHNsWuCReDHknrwSewhXRvUskwWdCqJSlOm8qetirFuV3RYqdSaPp+XpL8tfT09/eP/Nv374/tvdTnTIIhVYwr5QotYAoDGpr/6VLtv3uQCVBnRQCmlQ5ZDBnLEQ2zMIIOQgGaHVepVaHXUNJwExlNM4laFyy3GtUyGhG+dZ0LAF/SZVF3o5Sr25h2oRuOP7jPDMIe1pJ5y6OujH4fPT0ywRaRrHIErwwDAeNlud0/mUYPxywUsDyoAzDjORmhFRmAayTXWHVyoBWVVr7gyog1MpCNT/2pCKFkkqzdXlHHcCuCxAkIBhptVNjSgAlyxIgFEbXj9HiLVE2cphWamOWEa0rrtOeXH2amuPemJKpQUQQ6U8DfYa6tQg5yZzmZaxChrVmi5RHovKxBJ0khRBREIWRkErU8wyf4v0nAGJZcoZlt7YlQ5FaO1aFtkEo6DQSAjLvFsFh04mp16AOYkQw9BRGEEtAfoFEKgyPy1r1aCHUVA66p/dodr8dxIXc7gbd/UQl+oVkPJDFsRjnI2BsYEyhBo2kVRmoTKNh1U302gHR4JmBZdFQ1DWJupaYNyw4YgXzDxEYhMPXHZGoGcK+PlkdXMs1CQj1ko+GlokVHbENuiEEmAELiNLo4m585ylWlLS8AyFkxtE9jUmC1atRaMUnmRXpDCOwOTUfpCB46ZFwEHlp5lnzcjUhc5uJw/lQjNHTMUQfBG7BgvCZ1i5dAiw0yV4ViwVDU1ly34etXzUBfVgsqJmbNJA0WkyuHG55LwOybC46iXem6yQh+oaEOw/hBGvFvhCoDjoOJtXy0SJklqSaqD2546Cdds4NWLcU1mbYsecSKFTUVOOvBhZj6TCXcPWG90G1KJVvurqmPGrVxvD5o3U8ecgKcZPm/jzFV37anXjqqWvn5+vud7YbWr/dr27kJBea41eHVjIH/YrQKz44g5+4UWNR6frJWn6Y5gU2Eun9W3GMSkb9QivTsWDsDbX1da5uSUud1h/TGxy6dfbS7/x9Vt0M87tlz/0los87D2u8tVn/je5fs05/ZKN1CRDuvrw5oV5y7decfO9lGjzbbcQ101dGK9SSnyRh2B3ZbdemdICVgzLguq0pKIAYnwllUtCyqtatR/Hw3T38cO3f/z9N//y4/vvv7n/+P5wd8dSgdogQTyzVCWUbNKpcfidpEXtD4f6R6IxIBwUDtsyTOjOdVtmQhz/FpPqmmw/VxxkrzdS9K6ubAIWLGPicSOTWVRuWhiRJwJJmCh13lVTPAtq6AiC3lnCc49PR/ZIEcHJ3u3uHu6n3b6OVGKy1WQBG0drh1B3MkH+xJA1VEckFVZ0umrgQyRulkjc3Ia3Ve1TZ5QmV2o3k9H6/uUX3fqEXTQJBuM6fO1+1TseP336y3/+Z7U+1v5/8933D+/fK6zNLpGF11za0Fx++kcMOrmcODuA6unhArdocEDs4tjQyU8mjJ1xkMkrbyTXx4AeoBuuUNqYJiFf0kaM4DdKWzdu+xJB8O982VwZbFFBAaur8Bq3Ir11PIbMlv4OV5iB+PmYZrZ8rNTkf07hNjFFdSt/J2S+sOfumq+oamK5I6Bpa0HHpKVXO+w/gEQW5yVX9IRQspp6Poj93bBww2byyutAsq1yjaJh5xZU0r0xuTyKWAfxjnR8EbYVMvBoQ7eG3YYJlZD4Ypgp3ThZMLVw56PCGoFcp/CQ9TwmJYc0tmwq7miDAxIid6pARfWO9J4/7gfbW+uYI8vS7uJkN0A+h32IPCc8eXYMcwrmqvMGsFq1L4D8dNfqReu82WQ/XATIxzSmXvK4NY36lxLHJqYQ9YpHavPQsHPk4+dc6v/vvl4jeiAjF/kHbDtafRzVZPZ0f3eoHJrc1vbfa6IBEr/A0OJmeLqcuo7yhLmHFDtcj4oeAW5k9OUZilPMBphPFKenCQObi8MXAopNZjcls1PdfA9DfEQWI9DwnumQ09Q4qS/0Pexs/FxcFzlfSl0MaHIxaLvZcD8pGVabqUFAd2Pqo0ngNQ4oEzctMSjgtm19iukCmhWpxbBcsaFlZTexwOrCfUZOvzRO6vhijcjdZkVhlBHPwOFUizmBwTO/yQHs73SpoFqcM6pskB3R5sa7HLl+WRB3giiYusWVvUl1ddbCPeyCJHUsgjtICfV0qNcmG4RVafMiL0VwwNBMvZm7LXpL70rwRiYT21IpzvnkMns1h+07xVbqtmjcgyIFRWHtJM9WJG1NnzWJe7jaxyRFCkDcfHeg4hon237Uv7efnt5jGkTA9teqHobqOvg0Hw9lOhzGdJ6eHs9/fXrci4Y3Khy/zNW8rLCRSzbDOkCVBNURtw/Jz0torZyC119vGCMbCodQfQ5TPeNSX9PS1jczn8wLUgWlg+Q47PLxlA1jI1YjWSwtm5MbxbfXomqHuHFWYD+EaqYqLcBMpBSIBJ0ch+mwk6zneeWdQLtoWJPoMtXnUk338zRVzfjp8+OoNXc0aRW0sPSKNIV0a5Cq28H3p76DqQAAEABJREFUv73hHCFsJCQio70smA8ad7Jfqu/v87o1F5qXhS1i2Bc9BBgc/2K7qHQmhUThUe3F44g4SU6vDaijUTkCseo03tQL7Kzq8Vp3G7BHUOWTrMu+Wc1X0Dvy6cI4fHE2250mVJocb55VJ0IhtSllvxLu4whTcnsShyJFyUurCFKARC9VqrFkxQFYxUYyr+NpGB6m/STuSjh0JTDLg4GSlHVyqd85YZMJySI1V3TUqRT1ZD+mVdcoq8sezKPdxhbUAtAdqy9CRnB8M3HwVdt+Wv42iat2gTt9lZggiPbkIXmdpQX/VOf7TuD4h2rVUCF6gT9ZYj18uhrjsAW4zKCwFdKgExlU0lARQjY7WRVOG4XRsuQrnaUeRz2dkhx1ovQ5zeN83E8TjfXA7hQz11mkcoxGii0cSicmFztNrnWyhrEJOWlp8dQx65euNZK3mG8SveuLOzirl25Lb71cHTY3nLVvCeg2j5k6Tun98BBYmdp7CSV6SB5B9NPj03IWbfAkET5JYBhGhdJRGA8ZNTWFDQIdcS+bu46jsSWDRnCMKDILu6R9XzgEoyZeYjILI87FBpgxrDDR4RSYETg0WScg+NyhQLfBOtTisiJcw3FORtAKLfW7AEEllYWzwNiVEuwd4Cqcg7pGKWHfdChFxGNGMsSynh4/zZ9Ox8pzH999/HZ3/45F1om+2lY0mcsw3WIjxBL3K56cArOVCEom8mFne/eK028yUG5dFyDaJy0ZtzpDkBoe0uFhkojSynmPZ4G7PpICU3B5Op8k9qSyzndLNXiP4x6YnUID9fDUbXY85lM5VUuyNDllLYvIjeJ1FE6BvFxKRXksCZ4wkAPSovWTBJQs81lsydNuER48VvFkGhQqe9DXar12tsAaxZYSL7naJZpJvJKsKr2IzxxL5xqjojYkLARgIB2wWqJoJDtymKt8oEDXKO+lWZ3j4OVKg0tj5tmFuYypVzl0nEQPXRU5ZNZ4kNOSZg3eQtH6OsZhlSM2CjrgCAQWj35joc2NQejGBnSNeTJYYsIchRoxDWWd1mUdZimLI0Ee6sIwu0RQKqiEikYmUQ4wONa9viQpo7iUdVzHaVX3wHy4q4LhXiZd4WGHRWcFBXe05QJY82QwKpbhUPfSTujzpHWhTQ6VQjTVln5aFUIDRiRdC/ubih9k2+OXpBJ6nJ8bJzt2JFwYr14HCfwymMYiMzMEcoBKHYBswzQaCUKwLBSUIrXGCs0zuJgC4EnFnTxZglLjphkVbQZ97ZLPgwzNzHMMPwrkT5myJAWAZAsNQwr6Rr7cMA5jS6knR+vbZU0zUaEsaunqvKHsEVwsuKTEkqCuRBSyzxKlwdOR/Rw6JlwzpEZuCSlN0AAUWQvg5qx5nfUH1lJRxWPikc3FEl6jpZ1AxQ2Vxm1zZilTHc3Z62ZVKVbTfg1Aa3MKBthkp9dw2j5l63ulYDrXiJKo6QsvTNRW5n7l6oPDvBXp+RBNMiKBXxEG3iJWJOa39OktNse3tPMrJsjFUr79uonD0dSQq/bbh7e6vVkmivjU5HYtKtdPMXc0ihqpuryrG5YBk1JLXUADID199mxcpTPRb5rj25EK+WtXpYkfifiLluI3vrq5+ht16yu2I7846xe7Il+pCX9TVJnb1692mFuLr9E0iM2v3fOFi07UC8ztMpWo3RbHzeXhG0+RHQd+pvMmPLCxLtroy5H6TQREulWRXyWgfZruP7z75nc/fPz99+9++O7d99+MdzvaSVb303yCNiqxnnn07HJIazRqZRm1h+0C4AR4oqvHnq4oNACIEYcz4W2AghGu8goM1UVUipFOssujZs1SpPhJgoGGgBkJNYGnrWys3qo7ieigIMJnQdY7Hs/Hs0gOEiMyaJQzbH6COSiwg4NF6KolFoWPuS8GBL6OGGudiBX9FAlLo2+BeBcI7mFAfImkbLYefS1Z9fm7zXdMGvGZSQjTqeM4Pj5+/vnnx08/P3369PDx47uP3zy8f4/QIjWplet2Ugh56VcKOnmOnX5la7YFkb5WwraOhI42wdicnEy1gp3bKWYsed8102pMe7kRXQXrUQpbiD/D7HbVN3GXkA+uP//1qeevdJm5NnficuAuIEhOvymdxPMKMzKrUvfJ34wx33ojpRc7wC1GBMK/ElStd2pFWxLRxfKR3UtXJ8A31U0p69I0c3G9Qm7as82KiJ45yj8kzlw8YCUOSpCq/nQo01GbjbPYKG+qph+sfXIofU5G0AedFnMyqhXFiC1mSaHX7WUrIGabNxegylA7t3zU/lJ0TW6RnoprW5J7U7wyG0ZhpuRs2jnlRJ25TbAuJT4HaPfQ3QMWE+WTBDuQNOPOiWP3d6hBnU2NzXaM/8w0aHdF3E84FAn5qZqxpMlCeTBMbpcb9HChoHJl0KHjoy5JNmNNpgiZax3CTCZYmEgsaIQZ0KRoiDJqb0VxH03JzF6uR/L9kaIexMrPLHnkma9AacSULlZrs4/fRODoTbf9Ul760vX1hKjZ0KmhW7/8Gj+opCk71cK7/PjD7/b7PcMF98tG+lvO0luuNkT8Dt/Suhacnaxb19MkYVUMpL+U+ggqN3BxbBAXVkh829tA7+0JTa6K+/kgtxDhwN/S9aPDZvdSUzL1XKB/iu3E6B/IG2pzI//UfnStWBnGxu9BF4TFh2B3E2iJn/F2yDI2GnLQ+z9sPMtF7rAywIjOySMtTToiGLT6QDfeGNf4UsFsB5y64cMjULw7nMIJR21uqbWA9YXPXV3myYrVWW37ZMsXk089I0X3bSl7KO/tKvlOcWluM9kbdwgpN9DC5iyuqgVQ38+RBN8eQXs1VLCgJmMZJLxz1AFzpwSaQdXei2hIlymFrIsjeFzyTM6MoOFe8H0LvdIrBt5sSU6ttZY5OUz8mtx4GdGQ8V5GzqXGupF7WXz6zEtBmu5Ao7iRi2KtW2mIRG2KdNuRy+oGpCF55pIcGkmQ1YysQrs5fTV7u7iOmKJJVl+fpUwpQ4J1/8zL0+n0eK4a7PthN6bz8vPnT/fD7jAJ1HtdwdqQxG5U78UeJnd4aSQsVTM+ebfjeV2lEg6S1pMVKekjt5R7NlkWB6rOwDzP1YJffSTms0ztkGDWtHY1Vc/Pw/7wX58+VWdxVsqmNbfZt4xQJzXjCcyJZoImMo+oAeGQFz+pjpTqVRtEnZ+q9l+V1PPxNJ1O8/FUfSDTbirTWjSLVMSvcbfbyyPCUATs5HF32GnRqCFRCgASTp08qX9Jdq950b/yYgC32A73+DPWPZ0mATs5S6rxekL9Q3ib1PunZVNQxAKxJCpnqJ9BElZXQsFEVfh8t/uqOBHqaSqcqbbB1bGHZ421JIsNctbQLiABSD69uP5UPKu+JBGeFrG71HYGdqLs6+6n284xpfQ85yWTdKn1FEpBia0W7MpcF8FIE1/ojxr9oPHSumcGHHrltIzKjDpfS3Xa8FBO50VAgOblsToK8/BuX91N1fMp0EAkRSuGCO0BqobUsWBEcmNIFuWT/IRmHjgW3jUJCM6I8DbaL0QAYfCDImApoA4hDk5jB4WN5QHiro9Wt4C7nzWkwFpXX6wBsRRnG3iWta6wKfMpJJCsHGSnDmbN76pCg3gNVxRvagwJiDH2m4Y7DMmD5rMTr2SGL62vk6Qihb6t4YXE/8aBWYGQpPF6iBVAgpeJ86dlnpZ5t8t7iWqwxSV2kp6tCBeYqDaILqRQUlJjAd4xTtGNIO/93uMO8sQevxQrbl/XrT13hdzQsfobD1pdRfPygd5nHGvq9Fw/oGFcGKzMjPtOBhreTYfhQWqoihbFf/n56XEpSbL2q4lQYDkqwU8KAqUVvcAkiRH/qrn/0mixQMgWkwJcvhEHQc/VqghA6Fc3OBMBrOep7QCbdEj4VuqiK0qVujGCb0bJ9qwnUn9ywQ3yTjFHAeZMlUPRUrMeRsTPSMzsKlJIHpN44Av1oPudkODLRSGBYCwAFlL2KwZeIRrnx/Ln/+unp8ff3b//H9/8cEhWr3ZQ7BlZCz1WSC4RQbBQrG8y2tHmI0Yd8hswfkSe5VhtQ8vyjWrkWysfCVnQ2A4RHNjIp7mad3na78a78fC0nHfz+SgF8er/62k+rZ+EAD6s836aFQ5MoCCmYcyVVQ/3d7vd4+Pw6fPn47yI4x94rgMqLnHs0QSabJJsUUuHk+oUsiC4G6mFWVhe5cr7/d04LhJ8MmowyZjJFBRD0NEwCNGQ5vkEQ0oVIMek4BK7qfJAKzZfCkQ+eUC4lRTik6I8Hf5EPRR3h0HEgnWpYoIUD3KcPlKh1Ba+28QmnZKWMqpbXkQdWY5VzFxVhMrLOFXaVafrKPUNl6x8VW5YFIi8EjYJOtEyLBJbkxzOEjUYQTSDFNjfJSB3vTrYIDJwkZo7EuFRjfuzQMJYYUY7S1nL8Kktpb6s4TOau0CKq6znpSznJR/zfDxPu6cqI0mbUtLswFJpba6NSxSNqxHme8iDGVRkEusaVXP5WrtiukPhYTcPu7qtzhqSiZIxswYFs6LEiFzMzVkyULP4Mba0asHYQkZDyE6mqaRubnThHB2UyocGQaZi9ainFvjA1MgQdhNwwIqpEFJBZz4vg8QGqcRJpnyrlqrSjO3IQWFykKUpNYTqxjnP9WkpX4PiRKWcz2ddqg7fC1SHAHUjlG7a7yWuG4cXgLsdq8K4qldGK/ssCuOXAEcCbHutdJ0aJxEol0q9lbNr57xVcv06q4yRDGEvDz6BSeOwi6SB8A7uEagTzBZhqMCB9XjmxcJfAHWVfB6AomOSz6q0O9N12hWnzgqYEK6mvXXLoaHL8EaZ7CXt4ISp2T0a4+ufurz4pS+7Dqbo3pvud5PoC67lOMvsf2jbVXq5519yMf96Lb16y2vCUEqpZ/QvN0i9KBNyzPYWPbu3QwBsFej2W2Ly8SKXXIwqmArmbwZbFQdy2nZ6YwbRq5nU6GILXnZSQ9TXZCaFdHl5w4XdefDcOH7JdaXH/Te8KG1SGkxT+JpT8WudJKLXp/zXelf/2vSbXW8Z0bYPmyy7FhW+bfRiFi6cfwRNka6VtcumEGu7ffCyS27vdaoD7WFr5GCEhofgYAqnIqiZbVGe12hfrsLnwzcf9/eH/buH7//1X374w+/rr9W8VRWUVQVAmMWSpFqNIvhXcVSshIIbJ2LUOBwOd9WpIaUPcU0TpNjV4y28KJ9rsi9cb9vwLkIhudUtY4NJPwkKlQvTirtmIOWtRoFXOkBYjCDvVVloFcvb+XRaRHqsYpVAwe3v3+0OdYh3UtNwNynInxrTUEuMAke3HwRr7T+VMhYLuxnQxRHAgR04Mb92iJgT/YaHQl+x+cFFVpRoXE9Px+Pj49PT0/n0VOenDufdN99+9+Pv3n34YCJf7tBML0zZHRbDLwo66TTMjZz1lonhZ5N6Ow22AAi6wG3tv9q7TfbhBo2XUh8wtVkghk1IxVi4yu1FzNf7m/rL3sLwMfdz2vWMK1IAABAASURBVH5l7v/ZtrX5md56mv7GV5Oj4wjrh8WsYTl3A+F27+sN8w1h7XKj/P2lCIyX3d2ONQKSB/ymmSl+lQrqiVuqTwJ+Y9hNLoZDt16X1FRRaAODTNv+pPjcDRal/9zvtbw/+xm8x3A3cBtB7+VmfzATAM6Im/VhYinBX9tBgjRsUrF1b6Dc81SjS2qaKv6U63RGtYyOZZVMzfZFNuEKJ9ufIkrt/GZiT9UqXuXawibMVGvZF8WMFMm4QHdWcVob2emXiXqycrlMt061pUfEfWHNsS+pAeVwMxYnBMsY+INXInIjFOaqg6WCbcmTp02VD8NuX4KBu9AuSn2/3Gzm5mmRGJCeEh0PUYVjUbhD8O6nhS82DCXX6n9rXviPdHG48l3Lu9ghNtshmMbe8qsaeKolNGHb42aAp782jddK4z/g5WlFRUVAGkyu6sMP7VylLTUj9wTFweubJQSX3Rw3po653AqOfl68Dc2hl5NurEKTVZwqRYdzTwV9O6RIoPLwFILUf9myEeGUnrW16LhAGqVvz0gY+pVFBDavfvFkWzwDgT+5hIyuxh7Wv8mhrAk14IjcjrwhjIBXJycKBinczBVu7AZxbj1nfyFbXK+lG6YuuYv782JsxdUDL2e2OVWYothTjG1wMdPUooLMQqqzIBAH2ofB45CZPFOt7UkO/xFsqQG9EGzbnm0L4qJpL65mM/RrH7yqW6JNXnPyl1qnU0rbU9/3Lb4tGhdiWN1JgLpLG4s9isOoPyJCkpz9GyW3DhhMmO6WQeMRIXazQXHq+ndmUufy/YylUDDawMh/c3dgLEx0Q0eDOSlq911SOS7np9ORDw/iGdjvj+fT56fP7w77SfID9KmqH67DWCxFUm3PohjXha2OkzKsx5yXFSbsbpROja2TuXFw/F0kR1PSjvlCQcDogP7CAqMy5eFQ1eukMbgaf7R4hE4WTxEhcheLXRD3Iyumcbgt+jOFFBibunp7qrornp/zvBzPZa+I8UWQ4RUhntZxkEgUaUjgLqvPrbrYUnPgwd3P/WRDMxdbfnEaFaNzJbwb64tchjZ/sdY9ydM47MbpcKgm/uqfwtvV5ZFVP88KL6ReAc4p6I/OgXRq7Tet9dC3vfeR+o5Zcjw3qTMlJz++5Xry3lTfHOFWihNbpXq4MkwCJk2xRmatETQyodpx55g3OaAubPcT1KIC24gLZLs2cGcu1D/YtcycUlQyQjgOGTaUCMZAh63+HcHIlT7zvIg8fa52jvNj9UO+2+134j5yD7HWwyGPj0KoW7GEf68J1g8hyjM5UXetwMiysF0r15j7+9W6pLEtcDhJHLk605qB3k5gIXfQyf96fhVytqDEReZm0VdmkkIjsV6SbQw1qFU/7yHvZJLmuqrLWQH329bwMeDBEu2GrhqMTdZ3WRepqJAAANkkFIp58mhDnf0E17SuAq+P63JYTrtFguLu6nlVjIoh2UyDvRaLjCJEx+vKFo0GZ198qAZyv/rqLmFLbp5TTG3eZoZwz18u70/pS0w40NzS2y47wvacsxw/LtkNDR1rk6ih4sGsOKrVV3wY9h/vYyD06XSstG+WamWlWg3HYT3sd9V1T5FoYeQJ6wOppdF5eGKlfUHPqLtNYkFHlV9zbQ/OHU9eTyEbsG8+TrzNAo/1SEZKKYTKmGIsegv+oNRFMhGQFRAT0BrFgSfFzpJw30xaHsNyLAT+qt6yNJaWXDbpSXSnLdaTKAVN0CNx6WfgpNRPf0rr8fGvPz09fv/xm4XyPo87OX6IL9Fnkfke5yfRBRm8XHpwfxAeP/jZDzC6aHgFJgNaETvppFoaoPtrCZws3n4tsA1aU9dr2A+7yvaW+Wk5n/S/eT5/evy5ErTj9HSY7g7rfgdwtEyTGsjz/b0s5+dHCTfOUJkVfqStX+rYMHdbOKgITgudC4+OXSpm60TH4+dh2C1LNboLvjhCT+J5KCiu6LNCQYgbvkxVutkL1kUaSw7UiIRUO70RjGqusgYZVhmSfhhlZmQbn4WArG7mHlwiyuz2Es19SRYoqlPNKJxURk0vUpq21ufqoMa85DzP67Cgvo5qdVJzZi31bWXQmkFS2wU1y1FlkrYJ7th1gOIbuhNhwc4DcMUlfGWaT2cNHFrCH2C6Clv8RWxubFik6KDKpqCHzsvpkaXkThUNd1P1DVQPAfJQ13W3KORJKVaOE0jng8YRitwotHYU4q2VWVSU3mkloNFgcaXcoiJ2SIhbFiyNNUvNINcC9BSU1GsvLoU4pzS+YBSBUNqpkEcaJmTuFqjPWN48DKYlASfI2Ct5Cm92gR316ZQcKYB7dmMCFmfQ2kz111l+kzkZhdIReFY95Pu6gwQkzbxKCnlynj3NMwETXg+lDGaZjXbVrSCtjQNdRWdANiEN6UnJ4ooVjUn9OvMZSSkpJS7dhimGWNJyHanpblUDED+W9EkdAauTNlj9yNCZM7ZcMUrLutsL79a91BValxWw+lgd2xWrBSPJGNcw7yANbKXUawBeSC81IVVi/iD2XNgCuovZVN9kWwV1UVkz0d2uy30t+8Zdqfv7st3L69kOvHZ/Z+XYPBxq3UXj/YPpb3m95XUm2H/pRbdDPm69MYSLZAaJXhHoGgvDRsThPSN9XbRxo3OWGGwLEfdz2xrbI9ivGW/ffWGsSC9OloXBtetGeJLobt6ExZ30ipy966XhWTcuspS3z73+/G9w8Vfvb/6aHtPVPL3y/hdk9je8/QXdIa5Xy+tc6CP9h+lrrrc89YZV4XTtx6fOfvvcBd/K1T2XvaLtZ9xk/heuG99T0IZ2U+77uTX3xQ/X3aOuQxncJblxNHM2WV3jIyQBBSpolR1F1sn7dw8//McfP/7u+/fffPv7f/vX83I+Hk/L8SlZWIlwhyENqwKGQT7J1QA17sa9SKBV6Lq7ezgc9iOK6azCbcHHHVxkUYDw9JyjM7YQM19QD+oyKJr65q40zBiY7zCOAQhqRS1V5FBhRiwQZVuhHobY4h0+n07no6CbHD9/FmFPxTZBfRt3d+/eoVqQSOA59Nk29wo0bVZuK0DkeCfR4VFTwtQMtok48WHq5ITIyPFhqO1uhsF3b6BML2z1pm5fbOXuYceDkUV/+vz5r//1P09PT/WbSeJv7j98+y3KJyWD3E7F1eT2jiv68IuCTvoZa/LKzTHSF8gAvbnNXQ4apBRvECF7MGut7BhF01OEwKjb1PT8CO6XaCwteBngerAve9wTeXI/llj3ltyMOpGMXBNeO/3HuIr+48arzShuiJ5/J9b5wuV0zQxDtsMVEmkWC0d2Q5Edb7pmMP11TdZjKugChjqFy+vXnJPcQRB0VGmT7tyZ2pNbsv0Dw0Zi2S2SM0XhXlNq1XtNzISAEeZu6waolKaDqJ9A7JuGjdkRkc3fwBHt+2yGJNVPuAPggcEiRoFaOO7GAu8BzKTNu/bYqeSGy1VbTDXbaQGDLEWCIayOQ6WPisAK2qpyhyp1piUCUYrVlbUoc0f5s1U9IpooqpZEPVsrihEltXwr/WkIJy7oMzciYVYJGP8jUYBsp7CbLeQDNQFmwxCtfqZhGqxOM5mpBnMniVxkQ7EW1lJ8V0pLRl0v/dal5fIi0aldKbYTbKi2dip/xxIHkUlqSJu0dtG6LHFM1BUs3et6Y9IDHIkA3tKpzs3Fi545R4tTF3tYAZDVqamWFPI9qyaeUaFcezUIFp4UK+ubUEUXN38zb/ifv/sfjqL9tlc4HtLzEbvNpeSCAxjNygIHfT5LcUTNCBMSobal9CVXT0D+Ea6exgJTN5vcTGArQAu8zvGAvwqkDNVquIlaKdpEvMTtl4rfeZl2u5UNsu+CPWF331yk+EGogZZnh3iAjR46vTVCwB2y/sSLtBQASBJ7a8nTGjddZY4Mb7WRUbb6Bd7fUDjxMHkOdFCGeNYoPYInzGtvb1RKrTjBYIRscT+QvGPwjdKSEXgWn4bCICUXfN2baI84nnwydKToTMhDEe3hNN3+hoxRYJmtyzTZWBWUnjxZvzp7hqFNlwuwxWX3OG4Ulsg+n1j3mMq+BT5QR4RGFr7poJAatRYH+W+Ewh/BZNmdxeZVAs6A+gxyh1GF/lTlBPzfN6Q9aXuMAm6mRSPJ0o2Sq1tN7YrpZb5H7pRMyvli0dN2yWJCsuZ2myIkHoAB5Z80WKbETJVm3g2abSVIpUR8zIzJRLxIqRdxo67aEr5FtR0wIYYrl3uBSlqD2be4uNvZjMTPrfPuLNRcB0zmHbUcQNRjra1XmeJ4PD8ent4P+1FwS8rTPP/0+FlY1P3DKBb4YYZhOGG8OlqWwOC67Xf7w90qOOsIoYFBvafYuuXEAZC6fZWwUqXM5/OuKtVOyjiQFFWXBSRLNVJXV9bHh3eP83lH65wrSddwC60HMvixVJGgKLaPSkTzeR5IAg9F+8R+hXQhJ2gaddpFgKvjP50fn86H/XJ/Ny3ntB/ZYB6SZhuPwyKQpnUTHp+equZf9xV5nJ9m0nMJcwjRbfWs/5BfT6cgAy1w6wA+FFokibpVb7p7uFepg+anEwqf6reKQUpSIWhZcYayrlRxwBI7elqCwIrbi9hmmG3Dzb74KWjCY3c64IwYDOrCQ+iCQWglKelz7UXG9llz+AYAw5/8wHaUmzrOsJ0W3nQt5kbvXhUFcILlR3kddVIwbcWoJp/74QJ9oFCZ/G/jsMY46i9TdROrIL6m6ixcjo/zyg803PGwUwFSa3NwNm96Uu+XKg9Fa3K6kKu9yuopDtUbcmijI3rGlRgUlyVzDGfwUGpV4MGZlJYPqVmLcHcnQwreTNZDJDuc0K2wNxWXWlGPhR0eTSkGTEQeEVj9vdLQQuUsxqPZLU3sohkZjoSpfwpUwgTMR42+RJim0vTqadSy1xbDYdway8LkrjFWKMHpsNKsYD9lGZbP63k3T4c8H1KlNFPWstfoYbbS2sVEbeUvAgtne8w4P1a/uIyvsYUbZTZ1OzBdMYj+8/S80EjxV0r0BmPN63dctN+pxsmVCVPowKI7wyLKc2TQULgQwX0S3U9344edZj0M6fOn5fHzsbpLXZQ6n2UWJQjQETRS4q3NlgeFUbHDg1KtxgBEIldIHuT0Jg13Knno4F+BYSViV9GYB+6kNh+gBSTZiQgDSxPy2M1ApPGuwn+DK3lU6kBezmPdCgFyXo3uqqO0On2r6Ssr1AFIF9L4U+4i+rol0P7nKC6b2DR6CbASXi9Gn8pk//f/8//4t2++/8N3P3473d3XTV2ZihoQRg2aW21uL5TlmCZrvFjx0HwhgHfkjjRSoXgsr8ldCRV5VPXUY6yGANFqs5p2Fa8totCr0F55KZLTFNhoWU+fPi8Si7Kvlu7zsr877A6aezkqsEXOu6FaS5+qdXk+HedZ69+oBKUMA/q7J/Ogn8XiNa1Er55WeXNWKwdOLGr1DOtyEnojFWFqe3vdqgRejAo56sVTMcCMDrDLz+NoaNsSJ6BTsGS1AAAQAElEQVSS8KKmk+K4ellFO/lK6HjKxUBLaxeroCJAYmKz0z18XoTVQrwYRySSQO0ARIYVR05AlNGAiyKWjknJWN19eRIb+bkORnI/s9RyUUwX6SxASaTL5ypkaT0flPZT4pXJawS7179ReFOviFLk8qpFRHI/q9qotVc0MkMEIMB5oziOlNfJoYwUFGxSfoS4HN3wy0lgTcbaxiwAKlUr1BiLqQpIwNiQSOKluLgAfYHVCEbwL6jsUQaBApE1UCFsFWms2gLnWTBCIMRLW2fRGQsr8o+CiVkYr1sFMbqk06DwXIDEtX0V4SamHqnKZhSCzGiU1Ey0Gkq8qjMaJ6pwTsllJTbTEyQQRIdkNota/WwlDzeXJmYpAqV4eEaBEJg0DnvMJQa4O+wlHWoG6E6dNI3YWKM2ohzW6pWi+VT9MWQhp4RKUUQtLDKsSdgAglM1ajRPsdo3zBxA+lJqqYq4wgRNp9ZTgqzSKgqX4Tx3FMbE2lHDg4bRInkZoZah6RGMZFKTS0JgLPfCpREU5vp/2HvT5UiSHE0QUDPzg2RE5FldxxwyK7I/dmXf/4n2x4hMS3VlRpD0w0yxCnyAqpq784io7Ors2rGqZJDudqipQnHjA2BrFusupK+J0jmQ7mDz4bqANS7PsAfUxejcPnoeUeiFrSV9lch5LTOjgRstQSwN34Cp+UIBXylfK25fPla6QZNboQf5K+ROO7tZ67K6ZffzxeN9r5DotzgCx/GNR17qQt0M3Dw9zoIeRWEpJLm8bQ9m6DZwe1YNiprJGh/WOzfN/2oAQxt2Z1lUZEctN6mPlpUeePkmKzfN9eHvdfvLClzaf5Rzr2dI5OuSpEY8Qm+alpfjpH/2Q1azYiu7XpPWEjS8Q++eFH7HbKeeMu1YXuiOcfPm0kUcLj759z7k7ROudc73HAzdDH9coJU4Sl8jzKXdvGrwr1lbDXsynnXDlOuvktXjLsa5GlrHuyp3YLeQAXZvyrigslCx5mjcTtsP9x9++v7HP//5+59/3H/4sL3bpXEqvixd0CJVFasYupxmq2Tgzxl2mvbR2e629/vNdq/IH4rpZ3myWviiecqRerHU5nrUSQHpHeTspX5e3PIqCbUJdIwSPyJQZpq5P3bGLAgwVjTCZidkNxzgET1ngwp+PhwOz8fn56LVIN1EU6HLK+73+/v78ou+saWbADrOU/HY3QqSY8Kh0CDB2WIEyVOr3Z3ruskVNYo0e0263LuVQ84eRZeG3dcdN7YqPCCAJPRKDP1We5ca1ks5ysw8ff58eHwsp+/u7x8+fXdnWThJs7qXuihMN6oiL/wS35h08vo798pTf1SfJ/MrknV1H3e4AGDSbZVYt6ZXgFDh98r+7u09lU2n0IBNNV5HhKj5+n1ekrenUhXT86DzLa5aRf4/iM/+uxzcOUYIxrZZHxbCEw9GC/MqBPLGEcm/7GFIew7fPvPiyL+V4nl1vEN79kOC08PIS4GHy8hAEZarC6qJVfVL57M1gLTk/uZ1SHVa5FWfYLuEOpWTY597uIQ7wSMcKysrEZaDpVDtqVRZJ2JLWu9lBTqJAqYjZgR+Vw1yWY24mYt4B4smFvNUvIig1gtkDza64xzVIVYdM8ARkm7ZVNIFaOtn+D+vpo1C5Oh/o6KrplR17pgyidiPuJ84OsatWEWTg6hkvhqR9EO5GDSuTzUmCe9Z+N0NvZyin0SYp3FhdkHS3ZAdWYdDL2waSTcGfo/gCRsJPy3dcrQFlPhaKnPDln3HLT0h8yuNiP/ch0DqdNPzEj+5/lSpdtQpP83aMnm324kpZTHt77LJL9RT+fZc8n+vg93g982SKtk1XZOC+juuZBcAg2epE8FfI1ebrLm5Jq9rsT4EXm+0OjQNb7hh33KooVA6jst6yM5H3OVw6XTgb7XN4CSqpg2t9dJsFVTg0nLxwjXXoZ6+vq1rme0iQWOMtShe2TM3B1jdMlVBZC8xZ24D8LRBa6qAZCSuiRF1SAK2yK01Jr5EnLgyHoeYtvR5y8hPYtmGFudmbym6eNrTan1TlPoldcgTchBX3hiOqZX61smnK5yWi8t3gcTzl7H15bwCnYrxUgy93LeYaqgphGCkF7bzxTbnK2sf1IjOokA4HGTwPK26FMb5o2YbYNTWDLriIoY06IhA3MdsIWUL3gutchKq6I+BIbnW7j0wVBA03fBZopWC4sp8Bs5Z/8o+QxruPp1Pj4en+/tN2kyK6JHnL8fDoLj5Jfy4oRJyU+yoxYWs9aRrlDoM281mPB2Wo0caBu2iZxTSzyF5So2riJHoZs3oZ0WTTwPxagGS4WAkBYDhEnX5tN8/Hu6OGoXJs1me5yzA3UTKqs2d9jFBZbU59LXwdJy8navnnMLTr3ksFobRINLp9PR03m9Ph920nUpEOyuVA+GcLe+kRKJKnE2RPE+nUzGVN1a8C22ebum9jFLpyKm6Vma+4mh2skMkpWKfJw1QlvBHeccyIRngGtrNpgzM4jQaU7WkWQ20WOMjc5haGY6RKLs54nen1D1q9WTwXCbXcsu9B38fJ7m6e2V1dQglb2VhrVVyyt7ZycidFZli7SrlJsv4Hbo60lCQMOB6oKWtRWIEObJgd3/ylPDQz11SBkSSTSV0xtAxybMWBsc4hGKXNCKZz8tnrR1/OtN0HqY7CwyOmvWgvV70RotLp+R104t+wq4zU312uCW6TzuZEi6j+tbUXYowrsORmpsns2VfJX/xKmNSCAJyIQY6FXwOyW6Rn3L5woJM+1xbNoRpYxa8Ef62BLcQmVu0i8BctzvC2DHncPhnn3kNQLb8PISmlCgWz0XRhzo1csfXbbfpjlRitdCkZruxlDDo8/n4mMYdlfBsmfwJvTyxSNbQw00dJFl6UQNOEETbpWIzkefpUp2oV2lP+uWov8taiotcCfXOKKW/71ghhRO9Ya5c7PA4krs7nQa3w/T9w4fC+SVpb7x8eDpZX46iTh+RVMhk4eEU/FxvbS3iEkcCfrY8M99ftshsGUBFBx3AupUvIO+DKcDZMCeCJWhgN7hP7vqvSFX9rt+SG2iGy7224m0mRJz+B38FzbhyAxobVoqyrLS66P6bsRHsFjni18504H2Gb4frNFMYyOLi11O6dM9u0l8LKzh9OfxKn3cfftp9+DBu9pwmplFGXjJ61WU0u2XypOUrquOK431jEqjX9IF/VZ1NkMJWOyf+qpp2AMWUkI21uMZbBosmeJp3Ulb9yHRUKIXlfDwUd3JRGYoQmrfn7bbYXNqar0zebrMpGsR2vzmeTo/Pz4/F3Xw8z4u2W6TBwVm55S1R7X+0lieWwOF/DRUmji3Bt/hpTddA4yera0Q/EEYKeOHX7po2YZ0tpl/0DZX7RWdBHeRmmLRUQVNJBNBbmgIA1DrLYUlebqM/FCNl0KqSvCBfQ7S6VPvvaTf6snTIV2OTkBiqvRVw3ixXxFoambpiha1aMqVdiU75fJjPcxEnmsGrEOWF3op41zSUEsafB9nMlLfldAQkik6ij7A0S2voFmJ9Regcs2Xzq6NL1unGSFP1IIU6n61sxsA2KAxKGCxQZ8myq5am7QjNJ0VEPx1P02bc7IrWtEFdR5kEgz4RyyfWQAhyDoCPodGEcSrngCWX1dRTh6WEF5Q7KF8YNKXJ9+IyLltNkSniFTWJWVO+7IY2GFTZSiCUWM0Cu68YW9/rpjLEa5RR1ZYzIRHEEY41+zJrBont/gqYy1xbQjF1QbLY8pbNv8QHClmyqKY4oHWzucM1aciwakRCrpT/xqzZe54kpAk7J00Jkmw4OhkmcCEHZbrsZqkpyoYajxGolDfKpzDwkh8DuAO4UA4c5MKz5/Mwa0pyuA81ERbA+OaFP89hSorD/ZRTz5zOQMwZwqBMnlXLPtGN7NRLyCEBxLKLxLQgXYJxMQLXpCqsQjZeiv/Vol8J9UB/LsjwiQd5njJOCNQ4U1NyeylxncdOGmInCNGaU74gDbvT3tA/3zq4f8bap8TNNqJLRffKoOD3jeTtc/5ebaN/1Ffci1/95PJGMRv5tRfvq6eM9kFPzXiR6ysuJjakDPP1aNYLksTRKFbjkYCBdH1T6IrAch++vBrRgrt0STJtsPjZeSFcjez9HPQbHTfmin5/x/Vujd/55cCTXP5SzdbVLeSVVJNvmgvuVK+LlU+3JlyuHlld0e2cPj5Saf+1+7wwNvqNjzft9FcuvfqzcRb7J3UC3SunqupLNx4tDdfqhRcNPky0Wog3X8HktnB2FRU1JYCyQy1GEjS0Uzza4gvY7T89fPyXnz78/NP3//KHTz/9uN1t1PNkstBEn/gGh/Ki3huT3KZDlRff7vbbEsa4u7MUf1g0+gN4dY4t5y11ls6HydcD72Yn6EZkZUpA40kXLYeqTzfc8njc4tWn62CA6rPueBHPEZkVHu/ZQIJPJ8s4KaJfU4+nzfbubrvfa7J60cU3k2bDZK84tbr5BFgB144cPUVQtuMrZ80BDQYxDYFrYi+V5fV9IBVFPESGxOTwi1P3/oP51p71lOksrmcn9BjSiXl6evz8a5mcMrFFnb7/WOjm4939varKyMMNhV5Cxly8nqzzTr4d6YSv2ZV/EdLyIh+nMzJjEPLCndmnAU8Q6PHQ9yL84DvDOzFD6GVrmMQd4EOvUnnGCXeMY8UlG4U6lSA3BYUGS0066TSznvm0AyPL9J/yCEnCblSw1PeNyfMT3pP+fCWX+oe8qK3RP+aAF8YlA/vmTo7EAY8N8HDUDzVWBEknvKY9Wip+RsW788BKTp3/RWr99NXxvjde6/0UhhR5ip2ssxZk/aa+GhzO/Gbx9afCv6vvPQALXSJcKfCNS7VP2AAidYta7ABVOyZeMtxGqIM2QO1mooViqgXTqOlJURNTHXrBOfwiJC8yHMwZWS7YvJ4UnMx3a3kwVjOTquevCIrFXFdJWk4/e5EYuwUanYO9qN4uY9RNci1gpDZjGCVX9iYOROCsFwVTOjpHL8MUM3rEgg/B+VkB3iuATUYpq9MjvsW/6Dhd152pjo0a2GelCTTta0K+MmBCmuaAqk7z4sVY/G7kMh6PljfJkeP/F5+/ebxnm//DWMF7j/e54PnygvYehdgPh+ctUH/nuZqDoaHW6+imdORbv/weJmk1BmfvBosBqGzJPct0xaGpoKbqaC6OqcluwTrn5Iv7cr2+HYi2G9IZWIwwrwfG79DZgVhcOXhj9sH39IPi8hvrNgEf8xyymsAsHlKqYXxy7eNyr4RIjR0NieMMEtuvOQHJ/ML+gTi0lbtyzeklnYtLuFd8MPTUvw/HboefzD8Sf6sEPgQ2ikhwCES7XZ+RJ3Up4we0bUZzdq/ANwDD5NkixoQlGpApC1664kDu/i8mWnyu2rRY8NG82xGoqNGjxF5eo678ZNlCcK1292cvNQSwYgAs6lIuuc2RldI6qQV7xIxZpHawZhElDDADjruKY6KaLcmRmNepTbEuVOeJ5wAAEABJREFU2B2K02ElsBQryf3M8hpVMoyWS8agXlPF1B6whnDrxshXW6GzWpzv42tETjoPiP4KclqihtLju0FfQbZG+bmDvZEglVYXopZviqycJQg/OYWYcBcP59YufD7tKZ9kfjweD7vTw06R9JfT/Hw6joepmIRjiRLIUozEYuayOs7LPVHKkCFzi0Y2jdNO0fcV+wGBvGRx7PBccxgWVKe3/qJO9fO5sGurnWTprAYmzxQZNYQjd9P2w2bzeJgOPC8oJlYiUZE+Gm1mrLjdwGFVzlmGEuQUK0Yuwy6ebk25WxSrWxCAKZ+VgNlwmo5Ph93DUWHJ512yPhBsCk9x1Oe8gUe8vKFW92qkZQTUnEn3VJu4cawRVg3bKEf2La3dnfyW9EWEoglFbCtdALXup91uU8Z7p8E/DfbDdCvD1qwbS7XkZM57NPQq6zFSWtgR8438THEK/IOqS9NK2mCUCa4ENnSnW95Vrq8XnBEBxQCrQK1qiaJBlYSe5inmodCv1RFZT8ULikGMBCq06sIlLAgWWxlK6sAzCC+DEXbPqUAiBiRkae8cVRb+/nbmAAlBA0NR1h7GnB+VHLWE/HkePuz3u+IzKu4Doa0mR1CyQJqlwxhVGHhW9Ljg0M0HR90IieW15Z5VY49nT16sfJyMA4AjLQjNLSFKBoqWD52a6Yyfmz3gYSqythCFmVg0yGGnhHuuSxSg3tbNyuBZyo2mNN5Nvp9P2dtlLcjvSFwBcgToEFw3udOKGTOoZc+uk7s9YHZGp2Kz38SBiDcbOp0MC4Dnw3J+Op32PG5TmmjSeJ812cGqKeEZ1euwR0yqsS9qEmTVJ8b7xzFFPEJkVT/HnbcuvdQafP0rN3JdH8xXnzZ58h5t+IKLVMrATGPi0K6PiCpMzRXvMcgdhjqi3eP245TvHtSnatP9eDgAyrm8d4kZlpC+lb15suTKd+vuIfJJAoFT9NTSinRBk52i66n7Y0BqiltEWGfnkP5TXKBjI4dyKG0huJsHyNnoqyuVrbQf/o+3kQ3dzJBLwSuchRluUpRTleipBcQt3G1VVlFs3xRZadUOoXuFqK+UpacvRueHnP/19Pw0H395fPz17vnn/cNfvv9ZJ29RBpSy66nJVST2yg7zFIhU91f3NDtSX9MArVY8QzWI1qLAuLlJSmViYiAfgqyICkZlnNteouymnfbfUIfmYAkgJzkrx5mXYz5aMkdWZ/h53u8L7UxJa1PSdpy202a/vds9fvkb/fp0PEGIZEBfwGOCYYfoqbzN/symahpnUg2nxOnFmo3g4qI7lAj9UoaVp2kUY0PJWvEgVrEAgC95iqUxmbO57K1vyVQ8vIPmYkBaWULgkitOuOUwlBsrmDnowkBgaNRUiRFud6AboniscD13uViSClHMOMW8U9spElWxg86qjFoRMJzzcJ6LrnVaCL1XLAB/1t47mnww5WE8l/0yTVst/SkUOTDa7RhMdYjRSpL1sWGPFE1KC51sfgu1J0MoUeQJzXYoD9DOKOyoeBY/cIoCqkd2yIHQcYtmfir/W/LpeNR7K3ivJhqNZWxFQSqLpQkGmqhbbi8GsjiOy7jZwKRzTMcBsBnWF9EzX3S1NOG4sPZxVDXPPp8VpkPzOTQrQ8DLcmRtL56xzWB1ljoV2fgpZsL19VAaQrS4UQt9K3eato0T2orBXyVqZh3BcKxp335TKFdapBvMxIy1xTLW3T+JRJHk7SIdk8Y+UJpc8tm1YFM4LbUpG2YwOgOJZiZBwXOFekaCjGdGWQzGbze4SzW5F1LfpqyOke6M7EEFKNQ76TPO2jUQOPkLKsaVexgb1I09I8Zj9xSoF14tKFzVicDTt2myymxLNWTXZXmZracS3pDspRwH3Y7FaOaMUVBMAzmZ6ywvtISdWuUj5qLhYVT72VW8pnL0koIuZKA0BZbXn9/U1d8WzszcC0Zn/9RF/vxGTZ0Dm5cbd09vPvE92sJ7z3r7SFcoXDeOUJ+qkApVdjXDzK/eioOf1SVmd92sV9L9OPVXPG31wsY20sUH148juspBcGe4KwzVJKv64UsGCr/8oHbvGxdflcdI6EcuUbgTl252E70VMqLXB/m7PnxdrtfLc91cT7qg8PYx6MykQx9dCj2VVmrxpXWrP6Hd5W+Y4vUVcvnnjdW/DQRSOYa89qj+ijWn+e0P/sZb883fYUyZUyswyRoMDRAo36zM78TCazvu5gmv3BbuPnZDxbdeArAomU61YLhJNvd3P/7Xv3z4ww8PP/7w/Z/+cP/9J22uJ3I0eA8dXfa+MHC0ktm9qmROBv2x0a6RRRdAX5Vp2pE10DEt0zXYmvZBznw6fuQKSbcTKrnIyk6ji1q7gEzrbjW0CwCr4uouWkEKlBn2Y2DY8Q4sXXSG+fnL46//9rdDsXJOx7yci8q6u7+/e3jY7La7/X7aqq5IVkZrSHtIwM1mjXBNNnF4hux9JfAwy70dyNV97raGhBV5/cY3PlztzZUh+9vsmnAMemK3pToI3CQKO3g6HZ+fv/z6y/OXL+XTMjnf/fTzdz/8UKgA0+KO71BVORggMnLo1l4od/672uvEwC/uWt8Hz6BvPGytqn0dK2EgkCk1IzkKPRcrT7m+RU3HdNdBag5IUzCaRinGspGPRE1aR9RdOpdJr6JcHvLbaU7/wMPjXcIRdwvIjkiy1FLqVIXkS+pDtZ/WLuzVLlrN4D/24KiGr0MQufC/6ZFSVZ6UBBMl5nR9K6ctp54stZeYrHTC+B55Sze0c35FTK3diDfPIEKYlVn4etfJjVuyU3Mk6At8gHa9oc2bBoki8hzQDj6QTiES9yaop87gXxXc1pQjUIikNkKQBTwKKSo1qK6Bn+efiDj+FRwV+GmpXxnW3kp7t7dIhj+Ta40SRurqHkt1kVmZEaUB8xlE3q9A9o9fpdCeL10c5k6I0Mda38cIUlS+cF1cO1GBX1uqJIVhTF6RfCll2p9vQpM024Nq4KyWr946vzOL1qif0t3wtcTB/33YAYeaw0GTNdN5fj5M281szZPXLtj3Hr3iRb/jA1vO9DXp3YG91wIw2UaaGaC4VgcfGmcEg+llHngxCd8+J3L78nBXOROsOxqcYzUi7sSHgRliY0fcCAxX6GuM6HAAeQWcSGD5r4bY/om7N5BVggN5aC9R28BJjQF4CIReTsF+c8whUiOZZG1/S6ew2fMituqf9HzSPwla8dT1nBpybHAhx20WkFlHJ3W8jV/hMyj9GJ5maqtMMSR9Q3YMJEkSuaHW2kUoVbTFTWgBnz0HI7W49gvCeiUIkFfuVNTZX9ydc32LtQKzOk1ThKuBVTz+6vBGgzu5uKd4GM0r7GE2CF1WpSPh1MSnmmv2hoYwAOvWXdwMYwhz66qjdfHADZN3KsCGHtT/Xr16ENHu7zU3oWDvwEvlAz1Tfl5Onw+Hu2Hz3e6uGDz5cPr18bPK8u+Gkcc0Fj//UkIck5bzGtg1zV58oEaBdq0tHu55afUWHDYtJh9qzGAhoL6rkba3MUT2oSgMyH4Nv5HFfNThP2pCugYpS6Rlvxm353TOJYpMS6wm+mJoMoPDIWhVN6G83BAckfoPjAOUNZdj1LrPMl3DctIuP8enp6fPm3FXQmSbcTMg4ckw6bU0OAoxD1qOejqMm3HqIvdcG9DGsl9QlJPE14gVvrieqWtBYf6XEs+7u9e5O8t8+pK1ggSed8Pgt14DLg5Wg8J2vuk7W2FNEbkKFRYHR/5ZrwJHym+wPDRdZK7QPvrf0uIHMlM2jAStF9fYRpzpeiJ4x9eL7No8a0SRuWj8AvPgr6JHam/mM5Eqc4yfPuYunQzvnLmKGJ+ZcvMlTcqozlrvvhyEJuHDMT9st3dptCz4PBnUYLJkbs41xe2CAFIFENVAPgEFogYgTNjRUoVNRz8wm31DiUEgcW43L+RrIwXwL4UFZRLTNPgUk7FEFyQkpWVHVMqekOIzxhRSsHw7mMdsg2qA0aReCT9qZXqQRUUx6I0OIU8b9Xp6MPyEsn18qLShT0HQrtkOguw147p2libDnWR+Ft7w8PmcJk4aj9XcKzEHoEkUgW/Our251GNk1vTRA6FLsS9dNRi9LC/oa44Lu/XWKVLH87VHEBaWSKrgy2sne7WMrq42CYXEUNE+IA/b/fxJo3wp/fLl6flsgBC6nS3pZNwwex9XW06FMdJpHwhwmzxHQRlcrcaDNXA9KqQEaz6erO3+leVZPxLxHnxIo7F9arVPoKCc82sz0s1j6JPiJOepMLn71pUrUCdey9wyhq+j+TGLhy20SVVkULlW0UD9yYttYgwrxcNWxKit7KvHeTmeHh+Pp397/LJshk/b/cdhuy9R+7Jmiq1CnhToiSBLpRknTvegXHGUJitiGiQYW+ivwQQtg9mzFhO5KyUDp27UKzOCIJtEVim23YzjbpxO0+l4LuLwbFHx+Xh4Kj7Usza9mq01+3a0XM/RYB54u6Mi5QuHyNZ9xVwhRRRbrgDINTNVlNJ2ZMWqzLDpi/RQBUkteGtfa0Q1z0dtpmetcwACMQwbJAaPDDgMEEEOyZVNOIicz+Xvacra16jwkmkaJhpnQz0p4fcoSRTLTx0Cwbv8RDh8iMJKKzfVLDtNNDCGaRhqI8A9QEoOqNGvkkJhiUGIuCewaJQn68Bc3nMZyjvPmgNThml6pnl/Fsj3aXuaNluUh6LFZYfrgEVuT4M4ro63SoKW9JDFCmvLmxonPc3no+G8lOdqC6z1Yjj3FE9iNYNGs2NmPpe35jPNaZyXzbLZ7hTARXNQEkdQAgjwRdFSZLtJoysm7VwBjiZug21QWzMVg1bxG/J80A40Mx9PQ95EHBtpGWWtzq5sAoPI1KWq/AST9woCN36qTafJ+r43sEvdd43GlGQwUIYPmkSdWskHnCMrw3eatqDkwaNkKqMQBDYhvuT5bGNKyAMn1Xd1e4wU4DzAUFSorqUyLRltEGXDaMrH+RwbP4VKRpCHi/XuTBwYJykSUMaBvYK5GhMq90ftgcMIgQzcUsAnD2Ut1jjcu/MAq2YxRbNQYHIzUH/iPyMrrkJH388RXgywWawZkDWsdC5EtWpNV5UNo9BNRiBK0gaOSFhYut0st2iJ2th4b6oSL2KrKwM2aLdRsYi8rVxWHY/bnd9zvK4nECG6CHHsQ8e/Vj7To7w3OyhOyYneoWbI21kgiRP9Foel/L9jaqI5Y+0CE1c1WclNFt+4HrTJERaBVHWPkZNc2LrQE2XFtTgSV51wmlT27zGGi6dev5isKa0+k17U4vo3CIfWC6e8fIeQGDXjpJ5fjU/yVpI+KGmPpb/r+L0XdV++n5u462Hzxb90sbaoeyAK87yXCi+syVom3jhJpFlV1BpRXZzT9jvo8qXp7u30Cgb70tpK99MPvvqE6O+kjBjDt98mXTuB190XUo3iMUVZXQf3+/JRzeEXhlptSV5/dQE4vXpEaM5WOaaWB5pwGVqnZdEr7ZJysZoAABAASURBVIxpe7e7+/Sw/+7j93/64x/+y395+PETF09aIsvE9jgW4uriOZRI21RkVE2hKGrTbj9pY76i2W0UTtekOCSydS2cLULn6Cb929UUZ/qmo/fI8YXKBzUIOGimHqCPdfV3cXBGVXM0N7qYBA5rcnh8evry+XQ4lAvLS+3vP2735cfD7u5uQJ8Hyx+3SUy1a07siNn/RlZqrkCPpuKMDm1o3onLF6/hA3rNZq8l7euvVjf6jbZKNS0zsshVay2eEgU4+fL58OVLUe32Dw/l//cfPjx8/GjANnqVQip6vLK6gkNirTonXI7yW5JO5B0n3JyNKgjfuDz8hfGXp4ZQR7jYaTXMXOFwmWsSc19BZR+nLlrDERdHPnX8fz0Mooig9+8MF6S0HER/5fUE/Oc54EkBoYd+BDc5vIvkvq2voXDppr7+UdeTfPFEIv7xG22ev/uolrALZuVWhtuPJIYrjbhaMk3X9BvVND12qPbwydb0vctt6U7PGrp6a1Kqvcp+D44bNvq7SYiIRcUz+qUyF4tl5/kHfnvYmWEJ+6Nq1ogOPBq4GZS6PyO5mzy55u7GklgTX8xlFrpFWNIaKhOFkStAlkUHiVqETs2yq5dzVfWp2utwRKPGofHB3r3Zi4G6Fv3BqzJIjNPZU6hnsFvi//5d+wo2NqgJn7GbHWSSWwtvEDtpa9rxcVqbK93ArjSRVw+pUjlu25mU0rlT+VJFXD3197Jpf2+H9FoGNljyNiPlv+PpeHd311csUZNrb0wprwjgdzr/Na2JUHsXv/cnBO3pT6ZeXoDlYrt+hRyFLPE7fOPMdOvG7RUu1JkcGcEWQm1dxiVAs/zP+ClNmxH6Ch/R1eDM0MyRW18PBhrXWmTUuUjdJKdeyIfIemE8fOuTd/IY4yEEwdcpXBAk4kyT6qC6C00wIUGmzmqOlHlpZ0U5oII5j+P5fHJBdmUZSxeBvmFHanVw4bsKcUJZrhkakPPImSSJVDh9q3Q0mAaFvDa/tcCTHA6nl1a6VxjFYM8tvJ1DHZB+OuiKmKsoWb2KSxAF33YwLW2cDk9WU5sxPg9Xu/fQwLfjJkwG+dBvVXN6LCbg1YU/uAOYmzuM1yNhyDizeD0mOqhPnNZbPhnwiYfrYpBeAliVMAfCZDrK/Pn0XGyVTRq/3z2UZT/8+uXz45fduLnb7hcFCGGtDoaBXAL75yze2EQDYxsraC52ce66ZDLXDrIIVKjxOERv7WDLZG1wThopSq7PaO+G6K6NJjeDlUqWR9xv9k8nbbBTrPjTMqvL26fcI5r27lo9K6vtkN3QcHo/W0HnUqz74n9fRil/nI7Px6fp9Lw7HffDdsOARrd61EJEYx6XZdJSZC00OU3nswXUBrqQ18Em6gs6EJXwTbp6++ikFhz3VcstI9vstsVcPR/Pp+cDmUMCwYvFGt1aHH/1SANyzeyJI1aBKpfbwcIJQ9WFQiEFiGwbFFdD2jcad4oNJhs7+krIaBBlLgMZ8qBpkIM1UeIaaq6nv1fIOMcNRB8rzE2I8oU7pjcbqP3ZQAmv9C5NWTBqRNSpptkZf9esMBcLuEeJDmoMqlB/CRBq0LWcvtkbO1BgmsFvikx7xwAxovTNUhmRtDwtU2h8FSArO9ucVqKwJqxwp7NX901xZwV8N0MAkHEMMNumqDtXyU3gEvhvU5XdkvV1NbQH9GJj3lqDLEUFsmplIJzU4EpeexVszdj/iWzFrFBS2Uh0COUAeL+WPxKRdc8sRf6/wjkO2XowPJ1PGxoO4+ZAslEkIEqLeAwwO6iPwjpZ2Xz20gSnhiC9mL+gWrnCvuqnK97oegf9LjTHSk76h0jdtLSWev3o4TPwhkTWB2dKw8e7e8Ol0C37+fmL9iNTR/rCmqaEwDueR9htyPME4TaDrpmIdq7QYF268is1zhKXocmOhODSXyFDoZTIazNAYaumXu7YxkpeqhhKnNRJkRoZU5EEQ3owNo7Ki0WcjZqaKkHV0f3FEmukubVM0HHTkdzk9EZ9JEfzKR/Kj//5/3539/CHuw8/7z9+P221P5ciN7WlDM/Ya3Kk/855IxIQnc590/n8eOQcOGMSW94gHwS4FmlMThWYqVEBNsZ5GM/TuCvDPhX5g6Q7ja0fF5nP+XA8bI/b/XZ3t92Vm2tO6majoGjT9Hg8fDkd80lRFcyBkYMikA1ZyeHCFSTVAJmt8w+Po6Ms6GMVaKpY9+O41XwPxfPQBBQDdlTIVZCSd0dUyMZsibDy9PRM6TCOXmBaLlHCKq7wQvqKhqL63RLHaIc1j3H0C28uyRmcs56fgTBmeBOAhkjhAIQ6xPGfOnGK/CDAtKZNkRZFJ6Gyt4pwHBcu8zmXdwX0CiH5tRDM81J43nAs86qga4o/Y50AQwXMEBA5EhxdQnPT8ClMmCgt5o3ClIzzPC7z0TKHMnVrQ2tPEbvEJ3S80j+9P5rVcc6aV6ooMjg2QwmilBc/WRsmpXUr1bWMXu4OpDlplas/KlVbx8Dry9wryNw2a5aJgYeZ+97iMaOhzZFqPBoXWeO+1LelllXmu9EjWivV5oJ7u/KcUQC2wBhpmRx6DE6gZSUJbkqbbBSFhROPyLJDYEoU1bUMO+kkUCBhmrWVKBDmbUgGtTdtNxt9Tc0KNSsoRycaPBX1wKJ4OGV85IuumfGJYqhmSo9w0KHtNitw4YhuPmDZSgiaZaZSnHLQqrnwHWkmL9121AFmmGzZWUrGJo1GeqzJRmhdtDa1ghNRuHD9X90upGhltmCW/+S4+sZrbdP2yCg6MMGG6427IFhkNLdFvJnJKVWzcmoJz2Rne12z3FeYsIjc1ADAwKuHs54WefbSsijs5IZ28A6YE9Km7QO9fbx9n/fYKQYWN1zM5wt6j2tYDgMWIVtqFi5YU3rhOby+VbVwV6mW7Sz2wuZOW6avVsf60Fb3sVx98jXHq92Cbh3SufW4+xR/fktW8j/LcYPQ3m1cc1ivRB6J819qRiYjJTZfPRTk9/fOe6PM/pff1Gb42qF+1Uv9O5g3zOvIyzULxQLxW9snzNNvXqPV/ati7zsRRRMmgp0LDWm73+we7u++//Dw848//vmPH374bvfhw+7+vugoJRKxAHk0CvY0lzcpJpy6ZzyLmYvepTkZ+4fdbsvWm9B6OiTL8FgiEdQyQZvMbx6DGKr7hd5cnWbSdsZs2w52E0RPkiX0O8iK15jl5tmGAhCZ2fNpPjwfiifqWH5a15ji1yufT4rbsr//+OHu4UEx8KDkRDmEwI/p1jahd08NAcSKWEPJAd42hlLZGmN0s7FeO6GrjdBmrJqiOJm6f76VunuqW/kHoJydVVUVxZM7H5+fD0+akfP0+XMhgYcffvjuhx932m9IsW1yTcaIrIsmKaNRA91iI3Xg35J0EgPOVcuPh66HcOtKSxwmcVt+IMrX7FgrvFzVNtQ+7xfbFom9vNVO8ejtklo4ubbRAc34Bw56abWMVn+pE+QWmE1Wy26tigP8Blm6RcqhiNrDeeUVuXGs1R76PR2hPvqfPneBb8lUATHefcO6weITvuFlEKxap23hIdmLmKSq+29Ol7z1bafRcfAjK8NtqxVVb/g9d1xTi6I6eCa7Uepelvp3YHR2WTPKdl18SO84Ls56+armdC5PntBZqpsSccdaNVCutmp9HIedFBhWzJEZ0U7ylbUWLVrJU1hrcQLP4g4t5Py7EcsBkePNA0ILBdxnSjEvsal9A7ozIonj9nKX3Ssro6t5JQGeOcAqdlubOEjYdTi/P7vcT/40RqubcOgCQSvUvgsYCq/GAGkwlD/CbVPuRARbCWswR2GHAnc5PhqUjELM10hbYrjCT8r4M4BQLCSAihC3ZHzo4Q5n8lb3RqdWgUQBD15Jve6yyG5hNBSCje+x/xrvJK9Ll55015ZmR1zOINyH0RH5yiCSW7+0hhevH2/qcN9+fOONv/oyL2xoYNSczzMwjrHh3K7Iq/ISOJLfbNHWq2L/sUfss4gd2LYG4q/VmXsGdQWrrhhEQtUNFpSZLtK62y/cWFn/tW9MaIkOjYzzO+7/Dilmm4u5Knw2vvjVuQipZg6dgcRqJQen0tiM1DoOYEyMtkE+Hq6Dds3S2VWNe8RP33hR9N/vwGzhL2edNeIo4R1ynQ+cQZAcE9udUTuRANkh0tPOapBuzFBwgcyNnTLVVfNf6rKSc1l/I67QAyoHIvUQRbrG2gyHOYwlihAsCMIKW10lIAcbq6XAehqy0ekc88+IXrjDjwJHBC+WIFQCWsBHlsyTLwNAE+mtQ6QTKWT9Mmyy9dpcSGHoHAarC71vDuZGqhfR0gZKFAJpHXo3OIhz545umysm57JuADoLQx0tL+OayGgUsUBBbpvCmr8oDSQyi8wyDxr8QDX52gAI6QFW32kRD8Rg8DYQvw2SoWtcIhztUZzdBQlCHoVuCfCeoVa848nC0SqFWS3k+fTLed6nqUQZt9vNbr8/Pz5//vL508PDlO5LQKYYn6fyoM222MhI2S9zbogIspmm7TKfjqes2SkU9GjScSBk97tAM3JB4qwl8usAz6ezhiUQgrAZQdcwzICBp6Ui1u+m6VDs1+N0nMcixw+WcxK6j+3LBDQT7AurRRWfNt9Bgqyf4kEHAoqmbhTSnE+Kf6IG85P2nS2xjWk7IebIXre8LNN0PhV3vLYR0iyZqQRTRpHYra6VXRpneKMcr09OnO9glrG940bUep14PyaL5m02xVI9H0+nQojHoylng2HCC6KGi3GAtuxsiP6MqIwJDg79h2vinlwo1dDE16Z9AunEEP0mF+YIkyzd+4IVK/h8Wbsxp0moCgCnGwvXViYdE0YvKAbs+qRQ6FgGnqDMohNzVTUy9CSJqfDYSJzUBXS5Buxj2ynfEOiz1RXlcqM4jXTGR4vMFL/C6Szng2U9bA30gSZg/LADb+gWsWYXnAPMnyVaMNU10qHN4tzOeLSjZyOw71k9xmp8Wk1Dj1xbjlRCXF11SImVqvwKT/S39iwxn7UoWciuMyQryidrh1rjp8lyhiZ1pZX9WwKOyznSfw0JIqGzEiHVJmbZ5VyuyjajRL28jjZGtEXUpTIidmujcmqdnyyA2S/bt0z5UgKzJ2UReXeifB5K3IxGVfvZIIv0YgTHDMHBPW4CXwnH8q/+1Y+TS2yChHNR9+YRmv3qs+6fqioxv4Ytl6gj1ZePl1gJlhhkzE1/CaXphVHLbGFFw8IrkzMBVe7uXmlYBf58Pj0zAn+KtazpbSin59pUb4i+NNFLl0J1QhXMgNpcMewebe9iDTQUGWA0JSqKnqXpmOCtNhsVPEcAcQUVq9HsrRejpieFrO7mmaqsl/4KtfIYXXQ8f66duCiT1eZl9vUC9l75AgFqoYl4rt4Ykapg6Xs5ilsqGhZry6LDl2cN2WtOBN9/3KfxzrwpPqi+U3nbvToRi9mYyVMvfd+ujJe2gVyLdG8E/AZ6je58NP4qKoiyRryprdL1AAAQAElEQVSrCgrsQLKcAssGTqbXpVTE5HY7H4pzXVNPFgUSVVCEU9mRx+Mh38+D8k0Y2WkzjknRRKZ0GB6Ho14yH/HgkN98Qb202kw5xEAC9bHzFU3rsw6/OmBgdmzGnXVx0ZxVpI0aPxRLOhko0AWK1D+VYRxPRbaXo2gx2jsvyigV7qQ406OBjor+JZvHe6yGebLkTtNkVLcEZqAoDBswxkXBcdDuBM4NAi0JrSr/7VbOYBfLdBos5D4ooRnEx9lh5ByAR8MQpyOd5mnWFohlIYbkILoho4S9W3oQi2W4tKiMM2FGWaC3ZJnKncei/xRfiaOpz0u3BEE5EUQxqs/WclFcAxe2nF5t2TNutXp30pUYy0xtdrtCFqdCLMdjyCkg3I2hetjqqlZp2jPyXth3uwq4UU3CEsgIXEpNOhk1G2MuKpDeJC9Fm5TFQP3cq+2dZ+1b7xunFl7j5UIXGfNc+UAFhlGR5an5CwzODIua3PBpHB/OccN5HHyesc2MYVQulA1ShGdNnMR9LFdzcC5XrSjm83zUfJtpkwdLOiI3T1Bo59tUU6mLf2ux0ljMrWjbRde4DRdsmNyvprm+40bB7SfJPRWaR1abNPqGAw9DOrjDnRsdRv1zlihB9sMbTbX/ZQP4sA5WfdX+AlBkjSQFcyYXsaoyeaKMPmoI7mUc2WBXyFK7oFFH4beiFSKBpubZi1sBEOEQgDXB8CrHoY8YUVXl+WUBWy+89WGo6jfFe3+NdIaorAV+Y4fv0QPee7z2OrlDaX3jLspKg2+HRA64AqFmBsU0+4SwbfbKTDDFyDWUi7G546UlinVtUHwRXbK3QUVap0j12ZiVGmO49Wpyc2pvTkH/YZaVIvWCLtev9StoCjcWpcZ5YNZ33Ipfu+yf95AXFkVWv0tLrYy5v5wluECrHcvuZ2/SDZ+n2+gR3ULL7VY7skqkfsnYD2KuD3xj03nlw4rgbxwR1lnviquzvoF23sMWvuFCWTE8E0+xr8IaxreD3+plfkuxfJyi5PhqKLI+n6QHx7rKexOp/Ef/M+UqV2XVEn33P338P/6f/+sv/+O/77/7OOy2xZP25cvTL59/dQVFVQfDCi43mkzJspDnsLVk4U3xpQ2bjdY+lV8A/wb9f1EEQU93tm487qf18vw6KrhuE5wDzr9fXFxTBlKHa9J97GRjmgkqP8ufmjWyWLarfgtcPQT9A+8EGk5Rnp+Lt/Bvvzw/fjkfjsUQKNrG/v7+/sPHh48ftZOOvVrOQJ81BdIdthy2hb2AoQxSNFexhVItXvGGi+EwDBgs4ptuwqi62F7kgtr7WfJva45paLB/7yGVVORiqqEqez6wgdXNlnHy+W9/Ozw9lre4//Rpu7/78OmTthzabounWs0HEviXMe1xQ3uSeOij4xt0/b63kk7kzTetMph5FRnjhh/VNOPu2zqhPdSnGrc6ejSVhOmSw2GdyZVpo9kFAJcKJO7TuASKOGR2G3n2OF9tzROzIDrFZlKrAV3ISclCMTKRQWj2VTFuhsF9BvOCCA9i08MAawwtsHPMpKwnrQfV6VWc30oze+8huUqr+KT6LMj3lHnYsX98Y6ulpRUhs2R47ZFlngxS/sYrgMIUeNB8ppVfeJsrPwyqUlExM6iTWgAJbng3Mt3Cq5jJ1DivS2pUeqEquhF3viG73KEV9UN1DozQvAeXACzLJ0WAHG2CIZn/AC3YLQHOo6god7B7J/PLmPO87W4bfUbUIzmfbeJBGaJbcbm1bfYZ6/SE8D0m9/4EL0PEJ2wVrbfWJSsSw0rwJivNnq2YxDDezfOgjzVhkMFlwm2FegcQghavRDTQTDsrk4oV8qAreaVAwrbV80cakCxnmY7Y2BZb0cmT4EP6luFyQFfuLBZSsJ2kxuE4BCSxuZIk4lUZ+KJGG9rrNS+j2Wq2TM4HMJ+DcaPBY5+Lv6F5IM1YVOMB32cfqs5YgpyWCDAzozmuVsv5jHs4JUcJEUDGTalbbIEQL9QqKzzHTHh7BQrW4DqiZWgaIQnsIHuQGEoV1/iKwSjQUNjdRGG6hOjVVUwWnjU3XLTr0QCixT4ZOZjKuTIH7zPgY7yctQWwd7FyUosERKKNO5LF8JpT1MF4RwlyKw46zQqHPJAz7WKLf9Q/b/2yMKX3MEP53ZstsWTxwr4rh/a9ST0LcCqjPTx+KSGIh7sPVc9YsKVcRLgl1zGBq+ddfPSCdP93Oq6fVcVc6Bko0LSYibaNHsxFPcChiaAh8AyWaGxfdkPZACUwfHFP3aHpkoSgB/hWdfoQp2HzbZnBRlaEJF0PyAsruvnxw1b2eKb3mbY6ci0QFMdo8P1nG6dE7Rb3n6uSMDSnC3s9EG7BikDtDcW9cwejK71lCJDj84Klol+ANR/xzAOH+IbzIDLtDDRYPfwcYm9ZzFmbIGQgMxaLq4gbIgp5fRbaFyej+T3Vx6oRlQXSL97e6tol94KUGd5Tj5fa1eYCBtqFqzQhZcXbbev4RuX+8Auy9TJTl7rFfzBZ5ji0hCQN9SkYPJSHcEMjTSmja0hMbwAfo+Bcx2ACQWaPOybcTAyyPIAQkz3LpMCQkBIU8Mraehy17OwmuqUFeD0c6mnNizoov7fMEObANTGs/kJ42grUSEDjm5m9Cw3uWTmYeadRZ+2al3vw1O8/ToUkileaODqs5Jo9owjy7FFb6s2GS9MNr40mRIWpeKN31rpvcmWCDbiEoqiLKtyFFYRib1nkFZMDmwTKAdkSsVbMgtfblXDgRn2HMTob1yJIGhhMRi0mfNZ80h5uZrQqHeL+EVOt8swuVBbbYyr8Ew1lP8+cns7z0/F0txuVXYynYiR9OTxvioVcoi2aI2AzaGHuYjgvyG6y19gW4i8mt2Y/zGkcNRg5TSdFFTfFxAMfhk0OFJEIjKGbawlEWI3y2KziCrnAVnNfVvDEuyF93O40XFUidEMqkQ0KS5IGRgqLEg8qty1wrejr7m62raF2XS6Rj828KfJf0XiGVF5OgySH0/nx6bjb7e/2UpTzMWlhilnH0zgpzez3h6L7aS+eZwP31M4B4lIdj07VGnRmEo1Xw55fVuyxs5N5DajAnYMF1JRCFtVOO+VpJUZWImzbu20hn1M+q9c9+QUKJsKuVYTW7JslZy/0Rw516oWsBFcjQOPX4drZGADH2mFcUuOFnsZhKpGD3CRVG1PdWuJp97oEhX62ZLsTnMH4mIUxIodMKLYChRWzFtnIx/AkG7d8C4UrrLtFiVLWJjiYYKOrHH0vwmZEXzpHf+/1DXegYyXQ1gWJXqHxGU/SkKYqvVhmsoY+x9PyS4mupfyQpkOa7qdxawHJcrkZO4MsXv4rkRhmlXXZ1XBnYGV7O7yqBb97R0DyILIbdqB7M7ohRSwxuvxQ3n1atIhfJz278ln0AStTDS3RFWBwZIOFyk4l+nmmgB2CRlqzCmtcW782drql8cNmR3R8Pp1nd16ZtgI+l11uo/4BpSYJjB5Tnt27PlqCP3lgjzpj30tZOPDINAY5THM+zyRHyp/zaTw8aXX4ZjdSghADcFTQUJ4XjxGOyXVvkIeDURgnHdjZjzLX5EE7WW/bi18a4nHYdO2EmgLsJxDXQit+UUu/rZxfnd826Fpb5k6VrSQLc49v4YuAcSnykHjtfJm9jZo9RWXiabsb7j6QgTl8Pj6exHAtZhpHLrraYKV5AFMIzq7TW6x4NL70CLD3OTPHj+LQmGEFtBP2sQ2eRRYYVhDKlb2EIunYN+YAEEt7ghPUFQ+/YVM7u5kTrlvHaxYlHtPNvRmU1lPahSRpc40FqlNxVWTr8mJO5QEVgSIe6lRxDLcDCKHP4WsuOk2VEFcpVSUohFYI+K/HL0VoPh803fMP959+3N09bHbJgDnGsfA4ZQh624xUe4v2p3gfi9Cqz8QLgMAkkO/olQ6u3jvhRP60bcCM9FaknriXxmGa7IyEvBZ0vHDPt01N2sL2zkUYL5rRqVHgeZmfHgvzOTxv7+7v7jeb/bgZtTdPEbf3D9tp+/n4xM+p6AuL9UEzWTPkxbMZkm9c6TJkxBdPTJc33gX3gXZdUQsgiQFfqFxclBluC9GmwQVfqjEbDXYvln9QxlIo3vJRiqtcIT62095QTybgmhjAyVD8/8VZZ69I5VeD6PJ2O2SpECYHir4gARwo3qVEFT9ruJMtASbkOlbLlsN9H1rTMqtSXy6Z1GGi/U9KRGIapoNYcxXSNJAZyw8nrW4AxV3Tj+fZzp1QD4rcQVfznB2ZRPF5bG5czDXBeLZdomnm21EmBZAqqs4yzIYsAvMykWNcud0Cz57h0OmSmCGQLfOzfDtmDT/MGjAoYRWb0kkd65tx2pWbn08ntS1Ux1oSqoAMOMlG5RnSg3OUBMOXahGYCRLRNHRVwixVMZVFKiPU7pCLwV94ha4q6IqHYe4mGAgOg4YkcujpzgONV0U7D0PwIJfUAoyGyog8w0b3YXUuue3iGyYHO/L+ou5uBGcAahFKyU6u9HJhtjNVZ7v3rFHKni2biUIzdB3N9CXswWGUpYSw9I0VdshZ5VLk4iyeqyTL6chh5S48F8f7oq0j3fVXxYcu5wASIpwPPV8de2WBRssFdbPHmYNESooEkoUEEIu/i36yIF8ESqVpF7pRtAPgAt5tEQqrnc5holC1oIxfj5P65MqdrL2pG854eiExY27WmcdT0UEwQFnPNRWS0PM1Z9d8jFMmq92DnFwQ9LEEO6Iei446sdsilNcYHRLCO5qZhnT2z2uWjdtfV1eTr1powM7DKwHePvrvpP3CTWmJNkc3NBmKT0Pk8mpAF0/WP0I2XOsgriMCFPDi3XxiKIRwqsJ4fRduinr4xSn+sgcMl3dmp2V/L4yglmHhrbUx0OWLXz2dGj6i9JrczTe59dflwHB9/G0PgMsHVBDJbXzrbmbL+uApTCJq895bRHKtTr6iYfpN+HrARJKu1c+LWyEo8+bBb50glcBePdXTKVYX5nqH6q+RSC1ix/pql8CeTS52uRKZuAfBpzZgIVfAcuDV8ThXSLjzEvHF2F6jh9VX7LnIeUWINxYOphP1qRQdCQuK/nNrIYAxS7pcScQiut2dpbewXhz2LXuEU6K3Drnxm5tFGIhXS8cjKtfvn+fvw6t3vx6QBCzb9Wilh121zOMwn+vgUoIzzP4Y1PZRxXIGYsdur3rnNGz2u/L/u++/++GPf/jxz//yw5//ZbPbFmnyeD4d/vo5w7cC6tKCN6vUTigk17QSw9TbqNfJM5G9lL7oJScV1mS5vjPEqbSOMz5pUn1CLqzDvSyVz0Cl6eSvzUur2Ie1K8RdAgrOXxBQVs+JZnO2ElYXwvZTW9cu2dovFjXg8Ph0Op2eHh+fHj8fn5/LTYZpvPuwv//4cf9wr002pw1KyDJg/WDBsyPTI7lEfXRNIDJUnRFdmK3kq/zfTARygVJnxMZc2ceyuBuG+m1fqb0KEAprsTvj9iG3v2zSGGur8AAAEABJREFUk9gbLRJqMUJbMA3EMoFPqkUXs6FM00Fb6jx/KSGqk2rZd3c//fFPHz59gkNN883zEiZh+Gsr6S4r4c8vMHZ8+C1IJ/66l/vunUejvBBMTW2KW8P0zJ70DjSb7ll1idBf05Y4p8rNOfiCNDsfxb6OSk0dY8b8iU8ZEzCrE8hd28AvnjlRjcqQqNJ5QeXlN+X1n7+XQ7qf/olI3fnFOkbWtoWHEvqEva4fUNB6dWRfPbBOYzUIugTZy4PfGv5X0x53z/IywJ7qqhPIqQfKFPizEZGkF27Lpr2nNKT2gO7b4LCuqV+qx01pk5s373UPDjO0O4NA3UNtKWVnZI8BRl7L2gspLk79HolCIY6twlfYAPGte1J8W8EFbZtoiQhhrZiqlohUK4d9ql3Ewpar6ip8XnWCLEwHE9v7YF3oQ/YjwQ9LXLWeptfb6V7Tr7+bs8h8WAlpON7rBpeuFTOO5ac2S93DIXEvjCN2GA9/upOUHdnwRE3Ak1vm3dfh3eeqquOO1/SCh6/GGjPdaS32MVMt1KU6Sq4WQtya6S1II+eYdMW9wb9XXIToHazuG+TGf5JjvT0b/ZtFLYeDOlaK0/D2xU33sL/+U85S/+7cf1q1UXic4iw/pwc44RdKbG8d6UIWvCmkXjxCb+bOw3XjLKkdHBE+RaIJud+B+YL6Bd2Fm7evDbQ7i9f89rV3h4gOeZIrfIF021M9rlCdu40dppsn7NRa13dTWbfrb37dnDrk9inkBPDQne1njypoAAnBSa7KGLzh7IxvJbCg6laVq5/kpmA5AIBvO5EYAP7mcB+0cmQTdsn743g+c1jZ9AIUZNP3MCLLNLFSSulUvc5lZO4FPK4yBB+3QROINdxQz7/5lNcv1GTnxWA45MvlElVzDu1Fi5c/L1eSMyaxrn8sgaOIh31FSB2OtRTLjqIhgvQ1ZcBH2Ly4Jjo9P1t87UB5FhjQkATi6RwChOVSWPnIhkBGKyccT8fPj1++22z3hvm5HE/Pz89Pu+2Gi0u7vGrqjSFL7PAGMpoXYsfpoAZziQbXpwCYpTMHsuMG2NMt+dZrOrQMRHdX5oiaYCHK+VMx2Me8kc12u+xO26fzPOWs0XsPpbibvbpUUXiXs3UfF7EkIXPLWD6uQryfTsU8HjaJUeS7aGHB6fl4fn4+Ph22+92wGXQhIgGm+AuKyj6cx2IxoiBjmjXG01nyK7q8yWOrosnrFJOblwQ/r/QkIhcqVAnPK469lsUU4/Y4EWu9r4ZLNQLXwJMotqrls0EU5Kpc1aluA5PGFeoA2vbvVSOR7nfuyxL4RV6mJGTmzwnSgBVxVQNrUYImnZbZrnnhcK08+ez5iyCPXJpnUMRlWVWx+qHGW3U81qcl2L6bveT6N5iLxcYUuyHFDgS/KaFAmk9LibryUfiuhC63xf1kpdtJEujfQlqjZ1S3TLVQUD3pAvh6Zqt3xGGkYAq3F323RaJV3xyGG8twjSoUqfFoaWwajIaB7dPZmOTzIdJ4dQi1Jqx8GOBo4zDsNY2IDiUEmLE9uWnxPm+Mjh7An/NsMM2cS45gYTVb2NXV3da9Y7f2hN2rhlHZls/zaWIgG+S0vRtMJk3s2dse3LCAaRLE0mC0BNFRfUdMkosqMCXq6iP/nsNz79+tFvw2B6y/msraWxsXZxkHGUzoLICxKdbfOPLdvgSXT5oykr8cntRNqOBXJ80VKCF3zQxFLpQ1G4kbhtR39A//EHTJUkTyIChsQt85dlWGqh7FN9/EeVTr4FRzyUyQcbdpue31toGMNayMrXhWaFm9ywoXQODa774rqKGKwCBHkY5lUq3UzdUGdaGOjNIq0cX2eNkxj8tRtbSTAjLPH9TXuC+heouVDygpsaxPLCAKjDALqdc2e+/8+i2rsGmTUcdldzEFJHmDS9Njkbzq62eNlsCzHDaKx91mZzJWkURLyLuwuEVzWufnp/PpqFAiu/3hw4dPxVlveEhFbE3jrvjfD4dD0S8ORXwZ3LHdW+qUuX7Wlr1/j/BpsPehWKALgVEUL/bx9FT+nKbtWCLVisGUQnHzZICyCmUUA43w8s+aurEc88HgPTbFXT5pJeqkOcvDMg+Deuy0a73q0LMBnpcYuOaZw58DrEPDjnHFOKMRSDb0B23MGKGHWmnKYWmYtaOdepQv6cYqqotmyyjkIqt0HKY0nIrOYv1pogGyr7u2PsnWsGY5D5otPGlqRQrNpCmNhFyHRodU7RWnnBAIYkERbWijaTyaGKTJDMELwySsXqa6MK66GxOfz1pCgJ7G53M6pGmznbYbxWXRBJRhUui40xKzb1SVkXcCt5FVB4hhwmB4/jTbu0sdi1gR0TBtsACMnJesOp51hVm8bDZzCsUAFmbdlp2innojEsKt2zjVxqyGUij38V9OXupHwJki15BScl0sEiBTlQAhqt2x15IXF3dOiUk48kQvir4rzV4xQD5V0Au/Lrx4nBociNXOeulg5X5qBpb9csjndObmroSIJCVpOPPdAekJMZU6yALhWudCja8m7ZOoadiwQMOoqhqkWGpdebnZNammN3KEGFAIoIUozNyrna4zMAPMP6YO3EFHaMhEQ6ya5EaSnm4i3h9g8e48OYgiBwSlGNAQzH61Gaq6V8ETKVQXf606jpbBGVbAxS6rpMIBMxWKZBBWJ+YySZcEXWmrI8qraGtweCa6qVX0n7Nr9Lxe0aDlFdttQqRX8unWw+3sdHHLtorSrJhaaImHUuihcm0urR6xUphyJ5rrScI3tAWoAHJj4K8cYfX01zB9yyF0Oc8UBkuoJnwp4tZPW02XpF7CR02A/sxydY93jlDe9WH6tvd/14D44qHcy6y2UeTyolrFin89PQecFjeEQKrcwr9OAQFYn8G3xr3+NPCTHEFLGaQsl1u//VmFx7WO/Solvmeae58Ac8P1wZHCbSKoK6aL5bzBJeRrNkeM4SsI4uJkQPm2HRturrbMjd1cTUhjqDc+jzDPDbLrJQpV3Z4lIPMhpdhpxEUR9pgKu3G7mYoi/nD38NMP3//ljz/9+U8P3383TENRFtUasuROFXKjl89rNZPhczgqskGZDN7GcehcLh52Q46J95ZxmNKGtcO9RLx6qVg+ly2XJ7r7NU5pVn9rwgsNYVmkFeo3Kda5uBTr0vI6i+V3ODx9efz13/72/PhZnWnFxXG3393db/f7zW673WnhGpy+Im0DEtSnWtmA3GyoPclzmDw/IHmiQG2GUYlcqldCVl5rXN5rZitaCQHZbvStPI07P5eXXEaWrbvV0CpoLrrzuUzUWTNODk+fP5+eilVC9999t79/2JXp2u81Z5qC+sOPS52vNorGXpTu18c3J51848HhR7ejjbQj2eajhdAPwhPilYcxZ5BXXhGNacwx6SwS8N9dpJxWeXNSDUjnL3F27K7lBQeIj9WH+U9xwNIkg9YAdTJiFynJ+14SK8U3AiJSraQ6k5fWyT/w0DL07DC5ckuqx66Htd4apNKteKidZIlK+fJzCkuSOpXl4gSO2szXRJG7GIWp+r26OzoiB7uUFEaj08ruuRt00wMiipDDSo9wUW1S43Ml7LCcjSPW7WLnWDFARZhNVTpKGLk9F/WCyQhkoXDdx9g2m15u2CfeYCtqoLibxSEFODaJOYS8OrIKbac3TEzrBx9OweT9Y/twimvcVnzpN/HL7MQc9Z9SX7Kx2w531DWWFrlUROjROnI0K0Og2Uhq0rZ6sVNNd8YYuONwRNUs4MAG6FXf0HBWalLcp+rnEaAl997hSvRVqqOk1ZHj7l16fPfcd8pJ5m+Wp/+hxwsK+mpHE9/UkFndJel4PJazi+Ptnbo737rP7/Dg1b+oXpTqBHHR6x4Y8DTDNAraY/KOFaB3iRhMZ802ScFOfGt2yWGwMYetGxzgheyB9cgJD2RebbTYe/E51UyO4FIoreNuS1Do2ZEa4jpFrRfhZmhq0bL3ueaqCDH32/FCD0eBbYQ1vIKvVSbXt5HmtfRrjYHmYDuNH1hcsPY4uOB5zsNjm8MH0SvFEo/zwXbeEE3DVAAGkRAE4inSWOD2YnH3DAAm+3TxdddwWoYRQPXWPlE1ga+q+BAa3iaMLt7U/p/qsiavY4/Efwg+q3R+/XBb2vrAma4qUvlgSBjDWjSwd165sbo0KfFyvWTli0MKYRnBt/5Z/nIrMuZOzapfZSBmGqi7GpZGgRrWtbWK2poVy+7v5+pxbBwfg+GKKaxLCZew4XAlSiFNYYaQ2+riJFzfFnFiN1KTbYc6CmmhOwnwoqvJLpbmoAJS56qEur48PX0p0aGHj+NmI3MuMaH9/nged8WbLZqML1VHsV3Elt1kSKPjUKzyQ4kyKdh9EtcWPDTfprunb3eJmDd6UaR4LCt5vN+XRAzxu9jqUy6xqs1us92czlNetDJ4sfCeZs76TmXvGsXWIys5FAYiTb77S3RmLpGwYTMNmxEw30vSiufz8XR4PGyfns/3d5v9FiatsTzVKsa8mTYl8jNqYwmNpJw1E0ajaCwOT5N6ZuiMpttQSARmj8JesJQVmVUVrf9ytWzmMiirP22nPN8t5+IGmOfDYTbAf0Z2kIA8DDjQqp4wl3WCAdAm3a2lZVqkKH0XH5fUF6TqyfJleuFIXWf6OjPm6DcuqzgcpzLGaVvid9PA2SsAnVes3vhawMTG9I3l2yRkh/Or4JxcbwdGur55UzF79hpJNvhfxwjEXgt8JnnTLsP/smstz06S5pzYvlyOT/eyeeDNbijRT+vJdJKRrdyq+tSYvOLMhZrJZzSSlPCdNnGwmgBYyFVFrVaExLcZSSf61QDpL4LYBuigabSWLwC93WLobt94hC66CVwuRexl3XdTmYjNxkrVOc/HMHJj6JhdbEIEzzN54NJIQ0NlGbJp0EBxGrFabnu1DdJ4vpkYZe7OZ1mez+cyw+XOo2Ial1Dt/m4clfl70oPNqfASDs8BNdQQzG5LYmIEFTkU4vkVDScoiN/vTeZb9HzzfLn1YX/IrZu/dLvU57pR2/h9jggi59mVMmRP6PebcfPxjo+ssJG0LE8aiy5zNS9lmQZNACwBb/Pnm5uWqpKJSUzrlCnnjUzR0g8dMUJNY7uFvDJHsFY5dnRvobGruNU2rAyougtW01Q1uAtMYb+RDcxxptgIWxtYqDo9IHixSEOEzQaJGaS5cr9I/+6wb2NLuHIHQ7VIz8fleJqPvz4/fnk6zH9Y/jj9+DBuFe/EQGX0H7iqk0N7uZ8vinRznQxMvbOuJNRjrrCDFZOb920XWxroqDCEqr2h2qS82GzZsba9vNfXDOrQxSo++V3xqitg2DzMlkir+QQ21OfDcxFNZXY/DDQpF0T++4bvh922yPLN4+PzQZFGTtvtvioHoV1WYdovvwNFSKARGP6Bwckl0Li23znRs+HDbrTglCEKa1WtNzxmQ+9OCuM2KR6GNdo7y1HfbvTWNVZsOVpa7GhpJ9kQf/juaEUAABAASURBVPCz3G8pwQXybHXXcMv57lJRQInF9IhFs6cNsBhwj8ZVDEKHzb1T9oBtAFtHuGPYotTLUARK0npPHcisTVRmCxCAnJEBv8wG7aGpMbOVh07mekmVcXo6clguSJCsO+dyd5HN14j+mJP2sbGe9CiWC9RdU7cAnwu5VfFSkKkg7lVSEbnoApWbTFrmqw2MJsOzWtCS7nQ0BVCnGBknms6LwaPcyV4gA32ZpBYnAt8Lqwg1DJDC2UCbdLInawEDSaZxnQXrR8vifd8lmtH6fVNtFN7TG1/xhoszoG9xbaOpSVfgCZ7wSdrpyeFuQiWxFCvoWdK4V8fSg03ijnhurXZu/3gcBxOWNKZlwZs85GUY4vXFYyGSHKtflubArHtfMagsqUQChpgECHZuxJnWyK3use5QbRwwAGHO+bjLaNeB7UZ5Ap8ElYmjtJJEm9fFFVLXeUBIFYgaDlAPTaVUp4jqzmNkxbVlc5/n4lDZviLmS7UdPcOLizQUgo1scQnL5YO1mLtgpmtSngh14a6+2kkiNTPA1dJELTsCZL3EeqY65tCq+73ZNKibzr2m5eb1UCrxtKm7NVKqhBWL3H/H7RLxpaNruDTHoujHXMVNN8zVQ6lpInzxDb+i18h1bJVuKGn2tnl1qdQ7VGl4YzrfPN5UCCkUE7l6Z+kMjjfvv96h7cXXNgzz67d76Snv/kKued63PPCFp10autzgeVZ0FycA713NGbcmyA2QnjkbMafqbYyZjPr60APDwFu/WrUi660i3cTPkKuUkqv5iDqfN0klTCPuPrgkML76ZfVtMOGOJ3OFb3zHIVc3fpvCb3CKuFvvT26QtasrQ8KtLrkaRNWPncT5rdfowwPS7tLtt4psEDzGbFyTjKiNluDWPDJ0qBJRuNv/8Jd/+fG//vnHv/z54afv0nYsbOV4Kv6iR+3IPAzaHmXaFodQMvXGMk421lvQD4D50YrzkET2I5xg3r2umfzddL3y0u2SOLsaPpi6rumSf2t+Y5R7WfBUTE2lKldNyQ8cFGj7M7TO4rQ5P37+/Lf/9a9Pn39l0zf2Hx62+7v9/f3Dhw/jRrsmd16CaqThH3/j2br21KwXxCHhi8M94Vij3mSLd/S3zfmFyXiDdP8evtURtntG4HSlyB7PyEcv2sX5jNq2py9fjofns6WeFJfjh++//+6Hn8pssREJuS3YXs3mbDXary1Q+UcnnVTtw37nq1SGABcNb0MOPG/vzOH2qkP2Yi+IRHESTBfc2oNIVE1Ex70NLoGOk33PR7AMH1tX+4iP/KvqTJJoXvMbCrd/4OEaZIxewtGC/JKafTlEFTC/o/r87XM8uDOAhM3fsBLWdLPpV3W3+Nz/NhO+Gm14oEjW3h6kc/Teou7pbrYH/x0Y3vTcP+IVsScrpw+mYvXuL1zqldjtEa4Gxa8A1DeHBznUCV9I1DoKDuBfmPp296h66N7BL+8MKIw+e3sIMxfFa4TFFU4GKpt3RzA5wuwVCDHrzV6oXI1cCMGtUafKU/V8MJ3hS22LxzCp15sZWCqMMjUgaZlXgpDVYjsh0TUYH/emCHMzCB2NuYYLrLQlO4zVRYRbqippgbpq44H5LP5qOfCaUEQZNh2/rVfJrcRIicoqWjFYviZIaQSDyTcxmgCdWhVraD20crPKlfol8g5D55/64FVyV7AUU5TUI6h9uM8p/VNN0gWJei6sO0Hw9migERK/r0Q2goRiN3btdaolzL1K9+LRFL6LM+uf8mreycX79Fddf5+8a8iLvD3kaad42MmLIz9Topvmy0vD8QrVjhl1mccwf7kWHGX38EfwP3VcXKylNWY7wQPDAnj2xP7bxaPpYptXUfeCCK62RLaaL4cylgCvrxfqb+FqhFndHIZg2dw/M2yciIKwt5OA1O4DRnjlxTRDTz10S78vwQkLR8KeW43A4iDW8DHLxRqbgi05dHrECucS3iHPRXAtUaSW+EeUkG5QoHTUrQk6g7esk+QhaojzSKB2J0GvMDDzhbYkDqLgneDUmsxaIrfIUuVX4loMSp3uYKPJ1Z0RN2w1SnrjhfLRQj7WbsYg3L2HI1f+78UILXfBtMrswabkyw8+0OmfFWPAB8CYUMBdg1KK2D7Op1+fnj5sd/txyNM0a47+4bjdnYs9bTXE8zJU7DRXjQwFf9Rw83a32eTzUS1Y+IT8fw04gbnabKH7J2t7qjdetGAxaJErFoN1JxzLAi6WZqEA8GlaUgktz0pc6KARyJvuTICfG++GEGp2ykkKYj+ftQh72pZY6ggIT7W7z+fj0+OXfxu0XGO/S+OUEwLPmg+htStTiZWMqliYPVncCmokD4kj462nFenAWpwwLEMIOmMO13/V/xuxvsq7Wr6UOcq1yHW32c13JWpzLsbt8aSJQYU1zOZcSegWWNsrceWb9sSh6mWNO6AMN+z8C52c14puqIL+mlqkzZ1CvA5pxASxt5Cy2VhOJ4EqujPKTm4QXG3nyzmpOlx1Ecbn8E4tlmGwtBLhqtRypuubC611+PVa2A1SZKdRM1XJyrGXaljpSApJbPQFtB1CXs75dDieHufhYdreTdM2DVurdkd/SQTRdJVsLh26wLBPpGYl68yCn4Z0iAK2XMVVvwoU/KEKsvApjQPeQhtsIjTHCFJn7t7dWwtZoBR6qbEUn6PKaRFc8vymBBeMlGAy81TmZDLWPJ+0b1g18qM2ONQPIamL4waIrpk+OmBXxrTaHRyUZ4zCOp5okgRy5mh5nDVgXDhDGcaOh2nSu6S4UKIMGgXnKOIWtwgg25MBsKMbsMINuLuCOHYRva7qvFcR+o2Oqn/UT65Vh4shVdKqBD94LDcSNo0gF3SIUAlkXVw0y5J/oA9lY2k3kC9fns6HMybEdC/NYRha8ofRbHZfE7ulSY196X4pSziUcDrTTPNiwXcxthA1Gb30zdDsLKGydYV065ml7lhsIYxgtVdfcp44HhI1U5lccxboI0BLMgQTu8OgsBma9opeq+W/2TQLa7gDwBYZMtXalRx6Xg4XKhFcc1IfhjdUt+usm1OOrMg9+ShP//P418cv/+2nP/zxw3eacTIjNU0lbvYb2wx0WiPYKzt/Fuy6VJufXVGFhENBY/bQHOy7BOZm+Bhsi5vDgjYeJYMBxy0GwaLu9iIL5/HMc4l1n60RZ9kyZ8uRUAfsr8tpPu3uH/Z3d7vtdtoUp/KQZdpNY+GHj0M6PGs3FiVCdcUCHknCEEjo9+uSAYq192CGQ0VRQrRtiLa+0fdfrLumpoaeDoqtUQIA42Rwd0jpQFZ+Ch5vilMZ7jRAmS7KQRHw6ko7jho6KHqCHgNt+XQ6FTMTeSfwKyynxd2nCaUsnoRqCTBDL+sD1A3nqbIDNXJAPlwEjTIIyd+sfKsaQ3mvwgrnYXwuj5/5ZLkspqdnKOAQNqpGKXb7SfM4pxHDWiWfEHtFTxS1wmbMjgcHV4ptPMtYRRq5QsZsrEeKtvuxhkPlSQvuRUaQSGf0BkneKUl/1Q46Yh1u9OXnc/KITNGdpkIHWQFlRp1VBT45a+KBYcwnO0/v0drueN2UMn+2dMVCg2XRExQ0iEhjVqJNJHUM4ujrloc0F2nCZqQl64JknZcjTd9vnYkuQIBMBGRYl+KVE2ttpDKWmmKbqIv+A6EYmY6YYrK20SaaGJlG5JEh4HxAUKIsS9DiOzkDvUBuZqSJsAFGDJ6g4/Rsaz5ws/E0FqLQ/a4KJXQ+yzmQqEILUg0Sfbfdq0hNu2h+B/ZkGs9Tc52NqeYuUCCU2N8DEbVmAIbqFAOz5nVhQFkHqdz5LWGBMwWOPibWlw2KBNyMGayiWaygfR+nZqNUaem0aoXWyDhZPO/ERIjtUu3LaTltBuWMntq5mnVuuFk/304zoRWD5ZpDKR6788Wp+o9cd6DJdQkrU7/RW4RrIYGTWajXteuNdLoAV6HMEXnpx0lut3L9aDUi6e4TWehkUYb1TYA22aaiZW9VSffywZd7qqk23O4QZH/jfMqdjxmno4HoldjnuNPqi2aFUVMz6YWjtvN8/UipTepK5erspu4VXrllt4LU6+pYO2/O8tr8toc6w199enGaq0SUVvZef0L7QG4/5cWxXMxcZ3q1a7gptpUmXUvljsX1IxQBeH67h3BkN1OwcqksJOymvIIdbS+AKF1uVaBhikGaeIRCOoK8uXoiNy3ZNxbKtDHK3Yz0O7mdFu1RIoKGWItbNC9TKNeOTna+QKGS/vXfsiPaXrn1KvXM1bu3Qkjq1K7uklioC5gHsEKJ80VenD6og4RF4aAtl9dQfbBNMG9UzQbUaZk6sLh6OCnU23a//e6H73/+b3/543//Lx9+/D7ttjIOZ1kOv34u+ooJFQXBVWS8/Z3qidut7vg0AqWjpplWPLxcUb38nxm5ywrJFjgZ9eS2ILcMTxeXqxD7SjlZs4q4XJNOpSa7AIiPvOSF2BvRuzE1eB04nY6Hw9Pz8fB8eHo6PD4Wn+B8OhfX2XZ3f//p093DPYBdisKZHG5EYkRe/oQdhRwXy1zONTnAX1fRYUZMGmBOpCHvOnn6fqyAIuvDkWzfDAB9U4IeyI+7DYkVLKarKz62uIDWK2bHQTPpn47lx+NjUWtZU3M+3H/89On77wFwUjmSaeAi74+hvHX845NOcIg0nUN6XQIWgksqpPrmaEjdGflexBhwf4mvJiTYhl44pOYpcLeFXMTa/UD/nZ5D84Ws/QZ6+I88riW93ErCxdH5zvSoUNci739rfp00q3uh1/fAzF8e1z/qgAOf2643v4bDnIBeVpqN/WcFnSvtWi7UNyJ3DHV/vjaK9fZmd0pR5XEcTvNucbsbOtonhTUrxHKhATcLrbo7BQFRlby+7lKdRP4gd6Cx95UI3YOsSTPKqZCmCZphjEVWOnl7egyWOZx92qMu5tyuhw5Wu3F4PTm2p0jAu0j2+iB/KyHq6yPdQsaTxZwX2c93L8YtHYGdy/KL60LUqALJoEWu9Rp8CO/c7JDoXeR+BIKXmSyxzv9PbbqcR15YNXRhGZhkp6hOcQ9dWG8ub5w/ulXQ2S+rI3AT7LRw7DNfcD/uhyIiqz/pbbvi/z9HnRfwjXmZD8dj0QCZE/0zH1FCBWl9IU9xOAdzBpU9vN+ZZ9i5XyNtw8j69iP071dJuIsfruzF7heM3b2Axsgqeju3oqSbZtqLAwNvhe1oHBId0KozX4Raz4lEEiUWrTSfXDfuVa+6BmSh8TenG09bCWpp2AMYKm6rn2nHetN0weeQY0c110ICdiUsbroK5d5cEXYKM6+us7Ww1qUNUqpXlVP0LmC6YOOQZ9FkTXxj5mo+8hq4tfqspUvXtFyMrJW3ytiHurdRkC2uupLIzcx38pw/xV1hbQNjsifuTpeCO3i49D1HaO1GcfMno3zBUvJJzhrpkIvEwEa5qS4BrfWTaKvhGgj6jS/W07QEbss/VnYonW+jmY+9OW3gBK1oUzykBnyTAAAQAElEQVSZBSjsdYmvtrzdDfkdCu+f5bgsJZr4+XCc7u6GzVhCCyVk/nQ47EuAIA1LoOUkLSTVIRVXbrbgYlmXaRz3u/3ZkjLUPgzIa/YxUQTLHQOsTr5oybxVSVuqDTWTtY4yl6UrkzHOWgNbbFMFal/GWXHoDdTE1TYBwElyJS1n6L1M6AbgKSmDVsOeNc5hBcHjVn0EizZgOh2O8rdf7z487B7uxu1mKFEo4FioKyCZf2FrNbtnBbvfnMqFG8Oi9wSgzpzhtTOr0Y+mGmRPQFlbm0Fyr3p86v2dphS7le/35dlaXXGcZXm2XgW6opprZbUDhmSzxFLAJcWE0t6OXVW7uro5Yud3i9gP6XVTmflaMI2cFqRPC7RF1njQucSirLBIzUmrYOtY6As8HCpY94czQ3yeEeJTluP1nSEzX7hb93s1btsH9UJ7J3S9cYaj8UCv1CUGzs4467kjK5D9QmUTnTSMuTzN08M0fTfubPUGt32SNV9ga0ZDzTwnONK5DmA17FqKJ2v90MfdeZY5cKHLNJdPtS6fa3AoA8oHKVthtoCfpOobq7cXWlto7ixwiQeQsPIahSHuRrg+Elk/KkxWzY2tPmtLiqoVgRQai9Y7a94aLA0dCXhCRfzC5RwmElvYqtwpH7J24B6Ft5wOxReYpjHz6IwP1pgDQFmozoCRevWdiL0sRH/1ngeen3dJNlVM3PQJ/mMOXm3O7mccdcJ60dFJc7+cqckUfJuCF2S3wnTnau+k/YNBRjA/8ePpyID+UNrSluTe4NR1MY5N5zkW6+QwVVqSAWUNVjyh2FXsVRXVNhS6drA4c8fiNa3G2RFFht0LM8YrwOcu5lEd2xfcl6uVGPsKzjHkcswDFRLLlr0F1C29IBCKpHnKidcOhcqJXKmydGvLkBqMbzM9Zjkth+e//a/n8/Hz4+PP9w8ft/uNp2WH38K0mOhRQK469fTgb1DdFk4SHWsOzUJ8Uw1g7TZAq3XJCOTqfyxeyWEpHlobKt6EUlMdVGAOswEIFKZ3xM210ZvqBL98+fX5WP53f/+g4NKaoaqJBZthT9thOt/Nv/zy5XjWlitI2eZwblAUw9TXwv8X4wvB9bIxMWVzTuQawC6CJZ/nw2azk91+M+3qLvfyE6r6LSFqRSCgYHwKHqY5JqfddjdpCtu43WqShKVPaNrFrOAf55AEQOR1lyiIbYhULDFIPPepajsp9WkARBxK8sBehQv8JevTZBaN1U8qrhsPswHhnco4irkrBg4CKAZB+jwyUTgi+hnszaMfyE52Hs/95qq1grAYwtgJxPKA7jX4kmG72eTFuuacTgv61yzZ+mPBxdFgqVKqGLvlnzLYooFrpsqcjstpO047KZO5mdhyec+bzel4RMAflUvzWfsEDUQV3CINE3Vdpi3kn3yc1qoryNrA++wNYgcU9ULDGEkjS4oTryPWyVu8rsttjQXSR5Bt4GIXhQahwgp3sqDt4E6HwstT0G+thY0SMVyd67azvzO7EcBgv4YTiaengJ3DDHtSRSj2wB3R7zJxJ8pgnnLHZ7IqVxLwY6YTAB3HYzk4SQAhacnRdEuuSRUN1tnHxiDS1T0wV36ZpHMVhrqjZ5mCsVCr2htCGV68Y1gwNEqVV1X+GpwPOq1qC7iEYwYg6suaT76CJO4cdITj8n8NDfomA9ELuZ/VE1BQzQEyy7UHguuthFZNODNM/xpTRypNNC333eSyrY/5riJgIZEQXDdLRgIM7kKk+WJ1164ECtO65LilXFfrUSo83pWsvNTZuUsl4XUxqQ8bo+nMzOvb1LvRV3z8NSevszFuP/3lB62ufccQmN8/ZnntM+5vefM5dGVF/d2q5k0NqRevdKEhXllydPVa0v0inaHA3W/XZyPGztKVDXHYQLyaHFEW4b6jS7eVqz+57gsM2CRFbx9hQ5OnuF9QM7li7CGdqiVXq8O3VFVA6pe35/NrDmkbs71Rp6bG5l7ZvN34Q6B7JkWO4NQVqdwkHSt/yNLOuOEXvLwkFO9Ld2X3JB85U0gl5+JSJXOslEjl9+tJIaqWS+M2NzZULa/CxCVum0Z/T2FyutYMhpqq0hNBK8siGYtqevf9w8d/+ekPf/nzz3/60/2nD1SUh8TH+Xz48lw0Xc1j3mzZ4NU58k60b+A0Fa8sXQYg4Jdw6NOA98Avs3s4qa5j6lnCTd5RJ1mu+cJaZDtVIE2zPTaTQ3plap6ehqhh66/IZfOxaGTlv8Pjly/Hp6fnL18WA9Lb3t1/9/P9dr/TfkHbXfHZsUOsCcBaoPuFroswHTDEPFHbV8bR+AZHtzN8O+qoWjr/AwMld500eUH/NyhWVr9yt7++4biY+bpjbSXd2CguxOfHp8fPv2q6yTwX7ra5291/+u7TDz/s7+4HK1rLgFIl+OWC7bww7H7w7zn+Y5JO1vJi9QvccfaXtiaPBjdL0LqzV3e0R5pSU2QvDg7Ol4bGpfz+rpNFaCF0oHqrykLY7KSI97vdgxFHiw2il3SI/9DjSu+4LchdDdc/u22/Uh1k7dTiW3U5a/dv49Srx3F1f65P+LvVlG84br7F2tehWvUFva7PvVTJcap0WSZOeHLjwl6xuBhJ+J04vDUv0lcLjUi7rrHDNQ2snHq4irvMTTIXG6JIYSREXRaFrLf+BVUsk5u4Dqrr0VA1oWKz8tWrXRITeRRKHJNkhRgBf0tMhzShbgW8kiKnwhwy1pMz+awiO1LC5ECJcQXUZs+wIV4ZP+tlur1loBL0oAh1dpNEp4DYSTELDu5cm8STL2/kNefL/RWKSi15t6/SaiRXO5PcIWdC2n6zCitfQV8/RktiagyNXJN3gqxvf011t9Eg//dRD/GYMdWIl9aODcOh6EaHp48PH9I40D/zIVFx0+NkyCunU9XJboCf0Q0W/eqz6VsPZlR+vCiJfF9n+J7C8OHGmtow2K2LalNK2GQU9XBfe0gbBvoQUBWkdNm4WUKb4uhTiHy7CsxVNWbj48y3AyHo+9VuKDdAa1dDo7iJhMFJGMbirva4j3K7IYQPxhEix2/Dbmi6ZHAvZAzbK7tcysX74EfUe/kMYKGsQJcuVBL37hlDRF259u5UtPBKSWEj3dB2bHnFcDCKJTNYEDINTX2Id7+crbBS8bVjbrEhnKDvS871lDe1Io5c+7Dq/dH+YdKC1fK7/vDs+xYbYUCeVMQLqoOyigIK81eqy0DXokxX+fKs3VMN6H5UeIIhhJqw8Fop0qfkrPXogs4lDoAfAOyW30qRE7Ey2bm9jdFT8QGfrEvFr8en+912WzSVaZjPy+Pz091ut7X8/JOZnWNyHHLrnmMZVcSbYTxZx5nZnPplrhGH7nQNkgbU4pElGOGGsz7nacraMGOl6IInFOrZjEOJ/Ow3m+fjtFmWzaDQJ6fMGmfWeAsEsxX9wqFgjQiN8pEVtWDmirPZcOiLgTiP06JZJYoiPy3ROOfxl8/7Dw9TCYppNGQo0wpIQsCmjpPZTRp3mmFjh+3DK+oPDfGCZ7LdqDcErkiOXiBF/9cVe0YcQiMZxZTd3e1Oh/viF9CeNdpPiq1ANsUF5txL7lu3jDLptaDLrdBFiC902p5R4Ge6NeKm9HSKHJRtz3vWNOgM2KMyFyfbBhsNMKR1Vji9ppuvB4/XJUAA5sWIwRtwvWUAXRlS1evIzYfTaawduIB12BFHCxGLGi2acZUAwlOoZyr0fSg753yas2zTVrkzq3fA2sFk86YyWUl49nDjQl1wi7nftyL9b80qinG7ZiQdy0FF1AJTdNAmPxg5MhpT8kT2NvFDuJAaiSKdgFN7YgjamH/9OehWtYFo3gkbKtCSwulXiY0BXsHeeDx3yrAVISic7xyZnQboMyjccWe5iOszXoHO1j+t7MYSJU7nvBd+Go97Hrdp45mAgRRj3FBmzEm5bByQlRLvnsITSdSMdmMiieUWFdUNctvg/abDB/OWfKomIhHJC/skr/Cce9++H2FleRscfzJH6Vg2JAYTHtsyWRv2vgvGWT+fTmS9V9TfJjLSOCo5af87CSYvVr3OvuZ1UPrVQIqKqeTIqsAss40he5IBkVR3Ufd64H/pesdyuFyFVkyDuyzS1SuTW8ccqt7FskM2170V52enWkXYGdV7JvaBdkipepyQMwTff2Gn92pmey0GehzK9O3Js0nzPOof/3p6Ov31/Ndff/kff/rj99v7DdGEst6sCB/OTD0HWLGCKAhVYsNUO7TJDn/ryANbk1zoG8Bh0LxS6CmFHQzsNrEYyzNVOWM9FUvEcgeLunY2L/KhCPPC9hYNbQNoobhji1/26enuw4f7h/sPmyJPi+c6jUWgFkr75cuX55N1JjP/gVimKLcygov0a/UvhIEuyCOpU50sF4EteeGwIC3Vklo1d5aqvHaVPbvywAxQHbyjgu2drbVMeYPtZqvVnAYkYtWY07AUW3NUVc1yJZTQZ4P4GGRBsrW38fWVRu4H3O+GtDFnT0C13GV0ibGXMtakpGH9QTWr0eLeueyUYeQyjtNUlJf5pIMrooIXZP5gnQsH1kWiPFtPJoPlmwmufVshZLh04oWoee2rzUMrAg2BaIrEOGyHqWh6mzKE8sqmcgBXPMwM0beqEMpSsxg9tULHdi7zuuzO50ICadwYipyi6WmO5tkOEI5FGkz7Kg9ME9XWPQZVo4kPNiRiR/gx0KXs2GOWowMFKCGbGUkCBtcHnBoxiCIoY8mmeVkc98JhfbwdTLyKUQqtmahExhqvtjfQotw15Ezaz8911/knNr0ppaaWRzmY4yn70wZkWBKhQZLn8ctCHW8ZCHi6KfV59bDFUhF37kGlPBjq3pDrSYb5seSuX3m1AeMmnlFis7Y4vghsbmnQJsGMFwpdkr3PagqHfuOuHDEq6pRJcKccuIAhmHwecwMhMHIVxoLBtgB96EQVieKc3EF/KJy+HDAUmvY1JM+QInK0KmNvWEdL187QhjBsTyjJmK0FeXfuuTA+B/ihnJ3vueXj4CjCRBeyOogAE+xoJdZzQDg6gvS25Q0140qs9+qf664tn6ydIILozMXRGW2dpX79LSjB+nfyV+Rh1CH5L+88k146ny/Nl/YJN+8Cv3qTnhuu73Y128zvednXxtxW4R0aI0Q3Xzmiuct7fv/UM99+ZtME1p/4p/TaOOVqlqo9UklupYah7hWKd1QVtwGse7K4GaY/W3J8T9rsIR6uNbSOEO/j8n1FXI3y145gtc2ExS/ggwJMJsObo3fQ7jsP7lR5qc/vZXTMYfsoBWJHDevQSsm9IBhclOkKXSluXI/kLrvLi/u5i5Hk/sJqjibuTnPryrU0VwDiVtCS0w2aa4vAVe8L5XNNjCv2qedU47er0K5DrBowdfZrMjfbsJn2Hz98+OH7//Z//5+f/vDz3cP9Zr97Ph5+/fVvbABtyaopisDY399rM53BCdIyklN1d3Zzpe9u2RZQKExRNIENvZM6uWkXdgmJfqUJ0AAAALhJREFUdY908cZ+IfoPr5lDnXwoPRYq89wPWi2lAeoZinADQcjy+KW89N9+/etfT8fDYlVkZfT7hw8P33338OnTdrfTd29PoWg3SWaXRG6NdzaMAXhVkJ0FaBPLNQG0SX068jirnuDbzi56fffK60VQr7OwVw5uXpT+KVDvdXxlgk7n8/Ekc/78t799+eXX58+fl/Np3G0/fP/Ddz//vLu/KxSifqlcc+Kl3opRtNZvrhcG/x5u8/8BAAD//yRwZvYAAAAGSURBVAMAD0/SL40YKwEAAAAASUVORK5CYII="} | headers=HTTPHeaderDict({'Content-Length': '1600156', 'Content-Type': 'application/json; charset=utf-8', 'cache-control': 'no-cache'})
DEBUG    selenium.webdriver.remote.remote_connection:remote_connection.py:468 Finished Request
DEBUG    selenium.webdriver.remote.remote_connection:remote_connection.py:406 POST http://localhost:58731/session/eaeb57ab0a4d1deb93b3eddb8c40d746/elements {'using': 'css selector', 'value': 'input.input_check'}
DEBUG    urllib3.connectionpool:connectionpool.py:544 http://localhost:58731 "POST /session/eaeb57ab0a4d1deb93b3eddb8c40d746/elements HTTP/1.1" 200 0
DEBUG    selenium.webdriver.remote.remote_connection:remote_connection.py:439 Remote response: status=200 | data={"value":[{"element-6066-11e4-a52e-4f735466cecf":"f.0F096117D60A7895949637AD6D71AD7B.d.1A3D9081484D1D0A874C76A7CACAE25A.e.118"},{"element-6066-11e4-a52e-4f735466cecf":"f.0F096117D60A7895949637AD6D71AD7B.d.1A3D9081484D1D0A874C76A7CACAE25A.e.119"},{"element-6066-11e4-a52e-4f735466cecf":"f.0F096117D60A7895949637AD6D71AD7B.d.1A3D9081484D1D0A874C76A7CACAE25A.e.120"},{"element-6066-11e4-a52e-4f735466cecf":"f.0F096117D60A7895949637AD6D71AD7B.d.1A3D9081484D1D0A874C76A7CACAE25A.e.99"},{"element-6066-11e4-a52e-4f735466cecf":"f.0F096117D60A7895949637AD6D71AD7B.d.1A3D9081484D1D0A874C76A7CACAE25A.e.100"},{"element-6066-11e4-a52e-4f735466cecf":"f.0F096117D60A7895949637AD6D71AD7B.d.1A3D9081484D1D0A874C76A7CACAE25A.e.101"},{"element-6066-11e4-a52e-4f735466cecf":"f.0F096117D60A7895949637AD6D71AD7B.d.1A3D9081484D1D0A874C76A7CACAE25A.e.102"},{"element-6066-11e4-a52e-4f735466cecf":"f.0F096117D60A7895949637AD6D71AD7B.d.1A3D9081484D1D0A874C76A7CACAE25A.e.103"},{"element-6066-11e4-a52e-4f735466cecf":"f.0F096117D60A7895949637AD6D71AD7B.d.1A3D9081484D1D0A874C76A7CACAE25A.e.104"},{"element-6066-11e4-a52e-4f735466cecf":"f.0F096117D60A7895949637AD6D71AD7B.d.1A3D9081484D1D0A874C76A7CACAE25A.e.105"},{"element-6066-11e4-a52e-4f735466cecf":"f.0F096117D60A7895949637AD6D71AD7B.d.1A3D9081484D1D0A874C76A7CACAE25A.e.106"}]} | headers=HTTPHeaderDict({'Content-Length': '1308', 'Content-Type': 'application/json; charset=utf-8', 'cache-control': 'no-cache'})
DEBUG    selenium.webdriver.remote.remote_connection:remote_connection.py:468 Finished Request
DEBUG    selenium.webdriver.remote.remote_connection:remote_connection.py:406 POST http://localhost:58731/session/eaeb57ab0a4d1deb93b3eddb8c40d746/execute/sync {'script': '/* isDisplayed */return ((function () {\n    var tagNameDescriptor = Object.getOwnPropertyDescriptor(...', 'args': [{'element-6066-11e4-a52e-4f735466cecf': 'f.0F096117D60A7895949637AD6D71AD7B.d.1A3D9081484D1D0A874C76A7CACAE25A.e.118'}]}
DEBUG    urllib3.connectionpool:connectionpool.py:544 http://localhost:58731 "POST /session/eaeb57ab0a4d1deb93b3eddb8c40d746/execute/sync HTTP/1.1" 200 0
DEBUG    selenium.webdriver.remote.remote_connection:remote_connection.py:439 Remote response: status=200 | data={"value":true} | headers=HTTPHeaderDict({'Content-Length': '14', 'Content-Type': 'application/json; charset=utf-8', 'cache-control': 'no-cache'})
DEBUG    selenium.webdriver.remote.remote_connection:remote_connection.py:468 Finished Request
DEBUG    selenium.webdriver.remote.remote_connection:remote_connection.py:406 POST http://localhost:58731/session/eaeb57ab0a4d1deb93b3eddb8c40d746/execute/sync {'script': '/* isDisplayed */return ((function () {\n    var tagNameDescriptor = Object.getOwnPropertyDescriptor(...', 'args': [{'element-6066-11e4-a52e-4f735466cecf': 'f.0F096117D60A7895949637AD6D71AD7B.d.1A3D9081484D1D0A874C76A7CACAE25A.e.119'}]}
DEBUG    urllib3.connectionpool:connectionpool.py:544 http://localhost:58731 "POST /session/eaeb57ab0a4d1deb93b3eddb8c40d746/execute/sync HTTP/1.1" 200 0
DEBUG    selenium.webdriver.remote.remote_connection:remote_connection.py:439 Remote response: status=200 | data={"value":true} | headers=HTTPHeaderDict({'Content-Length': '14', 'Content-Type': 'application/json; charset=utf-8', 'cache-control': 'no-cache'})
DEBUG    selenium.webdriver.remote.remote_connection:remote_connection.py:468 Finished Request
DEBUG    selenium.webdriver.remote.remote_connection:remote_connection.py:406 POST http://localhost:58731/session/eaeb57ab0a4d1deb93b3eddb8c40d746/execute/sync {'script': '/* isDisplayed */return ((function () {\n    var tagNameDescriptor = Object.getOwnPropertyDescriptor(...', 'args': [{'element-6066-11e4-a52e-4f735466cecf': 'f.0F096117D60A7895949637AD6D71AD7B.d.1A3D9081484D1D0A874C76A7CACAE25A.e.120'}]}
DEBUG    urllib3.connectionpool:connectionpool.py:544 http://localhost:58731 "POST /session/eaeb57ab0a4d1deb93b3eddb8c40d746/execute/sync HTTP/1.1" 200 0
DEBUG    selenium.webdriver.remote.remote_connection:remote_connection.py:439 Remote response: status=200 | data={"value":true} | headers=HTTPHeaderDict({'Content-Length': '14', 'Content-Type': 'application/json; charset=utf-8', 'cache-control': 'no-cache'})
DEBUG    selenium.webdriver.remote.remote_connection:remote_connection.py:468 Finished Request
DEBUG    selenium.webdriver.remote.remote_connection:remote_connection.py:406 POST http://localhost:58731/session/eaeb57ab0a4d1deb93b3eddb8c40d746/execute/sync {'script': '/* isDisplayed */return ((function () {\n    var tagNameDescriptor = Object.getOwnPropertyDescriptor(...', 'args': [{'element-6066-11e4-a52e-4f735466cecf': 'f.0F096117D60A7895949637AD6D71AD7B.d.1A3D9081484D1D0A874C76A7CACAE25A.e.99'}]}
DEBUG    urllib3.connectionpool:connectionpool.py:544 http://localhost:58731 "POST /session/eaeb57ab0a4d1deb93b3eddb8c40d746/execute/sync HTTP/1.1" 200 0
DEBUG    selenium.webdriver.remote.remote_connection:remote_connection.py:439 Remote response: status=200 | data={"value":false} | headers=HTTPHeaderDict({'Content-Length': '15', 'Content-Type': 'application/json; charset=utf-8', 'cache-control': 'no-cache'})
DEBUG    selenium.webdriver.remote.remote_connection:remote_connection.py:468 Finished Request
DEBUG    selenium.webdriver.remote.remote_connection:remote_connection.py:406 POST http://localhost:58731/session/eaeb57ab0a4d1deb93b3eddb8c40d746/execute/sync {'script': '/* isDisplayed */return ((function () {\n    var tagNameDescriptor = Object.getOwnPropertyDescriptor(...', 'args': [{'element-6066-11e4-a52e-4f735466cecf': 'f.0F096117D60A7895949637AD6D71AD7B.d.1A3D9081484D1D0A874C76A7CACAE25A.e.100'}]}
DEBUG    urllib3.connectionpool:connectionpool.py:544 http://localhost:58731 "POST /session/eaeb57ab0a4d1deb93b3eddb8c40d746/execute/sync HTTP/1.1" 200 0
DEBUG    selenium.webdriver.remote.remote_connection:remote_connection.py:439 Remote response: status=200 | data={"value":false} | headers=HTTPHeaderDict({'Content-Length': '15', 'Content-Type': 'application/json; charset=utf-8', 'cache-control': 'no-cache'})
DEBUG    selenium.webdriver.remote.remote_connection:remote_connection.py:468 Finished Request
DEBUG    selenium.webdriver.remote.remote_connection:remote_connection.py:406 POST http://localhost:58731/session/eaeb57ab0a4d1deb93b3eddb8c40d746/execute/sync {'script': '/* isDisplayed */return ((function () {\n    var tagNameDescriptor = Object.getOwnPropertyDescriptor(...', 'args': [{'element-6066-11e4-a52e-4f735466cecf': 'f.0F096117D60A7895949637AD6D71AD7B.d.1A3D9081484D1D0A874C76A7CACAE25A.e.101'}]}
DEBUG    urllib3.connectionpool:connectionpool.py:544 http://localhost:58731 "POST /session/eaeb57ab0a4d1deb93b3eddb8c40d746/execute/sync HTTP/1.1" 200 0
DEBUG    selenium.webdriver.remote.remote_connection:remote_connection.py:439 Remote response: status=200 | data={"value":false} | headers=HTTPHeaderDict({'Content-Length': '15', 'Content-Type': 'application/json; charset=utf-8', 'cache-control': 'no-cache'})
DEBUG    selenium.webdriver.remote.remote_connection:remote_connection.py:468 Finished Request
DEBUG    selenium.webdriver.remote.remote_connection:remote_connection.py:406 POST http://localhost:58731/session/eaeb57ab0a4d1deb93b3eddb8c40d746/execute/sync {'script': '/* isDisplayed */return ((function () {\n    var tagNameDescriptor = Object.getOwnPropertyDescriptor(...', 'args': [{'element-6066-11e4-a52e-4f735466cecf': 'f.0F096117D60A7895949637AD6D71AD7B.d.1A3D9081484D1D0A874C76A7CACAE25A.e.102'}]}
DEBUG    urllib3.connectionpool:connectionpool.py:544 http://localhost:58731 "POST /session/eaeb57ab0a4d1deb93b3eddb8c40d746/execute/sync HTTP/1.1" 200 0
DEBUG    selenium.webdriver.remote.remote_connection:remote_connection.py:439 Remote response: status=200 | data={"value":false} | headers=HTTPHeaderDict({'Content-Length': '15', 'Content-Type': 'application/json; charset=utf-8', 'cache-control': 'no-cache'})
DEBUG    selenium.webdriver.remote.remote_connection:remote_connection.py:468 Finished Request
DEBUG    selenium.webdriver.remote.remote_connection:remote_connection.py:406 POST http://localhost:58731/session/eaeb57ab0a4d1deb93b3eddb8c40d746/execute/sync {'script': '/* isDisplayed */return ((function () {\n    var tagNameDescriptor = Object.getOwnPropertyDescriptor(...', 'args': [{'element-6066-11e4-a52e-4f735466cecf': 'f.0F096117D60A7895949637AD6D71AD7B.d.1A3D9081484D1D0A874C76A7CACAE25A.e.103'}]}
DEBUG    urllib3.connectionpool:connectionpool.py:544 http://localhost:58731 "POST /session/eaeb57ab0a4d1deb93b3eddb8c40d746/execute/sync HTTP/1.1" 200 0
DEBUG    selenium.webdriver.remote.remote_connection:remote_connection.py:439 Remote response: status=200 | data={"value":false} | headers=HTTPHeaderDict({'Content-Length': '15', 'Content-Type': 'application/json; charset=utf-8', 'cache-control': 'no-cache'})
DEBUG    selenium.webdriver.remote.remote_connection:remote_connection.py:468 Finished Request
DEBUG    selenium.webdriver.remote.remote_connection:remote_connection.py:406 POST http://localhost:58731/session/eaeb57ab0a4d1deb93b3eddb8c40d746/execute/sync {'script': '/* isDisplayed */return ((function () {\n    var tagNameDescriptor = Object.getOwnPropertyDescriptor(...', 'args': [{'element-6066-11e4-a52e-4f735466cecf': 'f.0F096117D60A7895949637AD6D71AD7B.d.1A3D9081484D1D0A874C76A7CACAE25A.e.104'}]}
DEBUG    urllib3.connectionpool:connectionpool.py:544 http://localhost:58731 "POST /session/eaeb57ab0a4d1deb93b3eddb8c40d746/execute/sync HTTP/1.1" 200 0
DEBUG    selenium.webdriver.remote.remote_connection:remote_connection.py:439 Remote response: status=200 | data={"value":false} | headers=HTTPHeaderDict({'Content-Length': '15', 'Content-Type': 'application/json; charset=utf-8', 'cache-control': 'no-cache'})
DEBUG    selenium.webdriver.remote.remote_connection:remote_connection.py:468 Finished Request
DEBUG    selenium.webdriver.remote.remote_connection:remote_connection.py:406 POST http://localhost:58731/session/eaeb57ab0a4d1deb93b3eddb8c40d746/execute/sync {'script': '/* isDisplayed */return ((function () {\n    var tagNameDescriptor = Object.getOwnPropertyDescriptor(...', 'args': [{'element-6066-11e4-a52e-4f735466cecf': 'f.0F096117D60A7895949637AD6D71AD7B.d.1A3D9081484D1D0A874C76A7CACAE25A.e.105'}]}
DEBUG    urllib3.connectionpool:connectionpool.py:544 http://localhost:58731 "POST /session/eaeb57ab0a4d1deb93b3eddb8c40d746/execute/sync HTTP/1.1" 200 0
DEBUG    selenium.webdriver.remote.remote_connection:remote_connection.py:439 Remote response: status=200 | data={"value":false} | headers=HTTPHeaderDict({'Content-Length': '15', 'Content-Type': 'application/json; charset=utf-8', 'cache-control': 'no-cache'})
DEBUG    selenium.webdriver.remote.remote_connection:remote_connection.py:468 Finished Request
DEBUG    selenium.webdriver.remote.remote_connection:remote_connection.py:406 POST http://localhost:58731/session/eaeb57ab0a4d1deb93b3eddb8c40d746/execute/sync {'script': '/* isDisplayed */return ((function () {\n    var tagNameDescriptor = Object.getOwnPropertyDescriptor(...', 'args': [{'element-6066-11e4-a52e-4f735466cecf': 'f.0F096117D60A7895949637AD6D71AD7B.d.1A3D9081484D1D0A874C76A7CACAE25A.e.106'}]}
DEBUG    urllib3.connectionpool:connectionpool.py:544 http://localhost:58731 "POST /session/eaeb57ab0a4d1deb93b3eddb8c40d746/execute/sync HTTP/1.1" 200 0
DEBUG    selenium.webdriver.remote.remote_connection:remote_connection.py:439 Remote response: status=200 | data={"value":false} | headers=HTTPHeaderDict({'Content-Length': '15', 'Content-Type': 'application/json; charset=utf-8', 'cache-control': 'no-cache'})
DEBUG    selenium.webdriver.remote.remote_connection:remote_connection.py:468 Finished Request
DEBUG    selenium.webdriver.remote.remote_connection:remote_connection.py:406 GET http://localhost:58731/session/eaeb57ab0a4d1deb93b3eddb8c40d746/element/f.0F096117D60A7895949637AD6D71AD7B.d.1A3D9081484D1D0A874C76A7CACAE25A.e.118/selected {}
DEBUG    urllib3.connectionpool:connectionpool.py:544 http://localhost:58731 "GET /session/eaeb57ab0a4d1deb93b3eddb8c40d746/element/f.0F096117D60A7895949637AD6D71AD7B.d.1A3D9081484D1D0A874C76A7CACAE25A.e.118/selected HTTP/1.1" 200 0
DEBUG    selenium.webdriver.remote.remote_connection:remote_connection.py:439 Remote response: status=200 | data={"value":false} | headers=HTTPHeaderDict({'Content-Length': '15', 'Content-Type': 'application/json; charset=utf-8', 'cache-control': 'no-cache'})
DEBUG    selenium.webdriver.remote.remote_connection:remote_connection.py:468 Finished Request
DEBUG    selenium.webdriver.remote.remote_connection:remote_connection.py:406 POST http://localhost:58731/session/eaeb57ab0a4d1deb93b3eddb8c40d746/element/f.0F096117D60A7895949637AD6D71AD7B.d.1A3D9081484D1D0A874C76A7CACAE25A.e.118/click {}
DEBUG    urllib3.connectionpool:connectionpool.py:544 http://localhost:58731 "POST /session/eaeb57ab0a4d1deb93b3eddb8c40d746/element/f.0F096117D60A7895949637AD6D71AD7B.d.1A3D9081484D1D0A874C76A7CACAE25A.e.118/click HTTP/1.1" 200 0
DEBUG    selenium.webdriver.remote.remote_connection:remote_connection.py:439 Remote response: status=200 | data={"value":null} | headers=HTTPHeaderDict({'Content-Length': '14', 'Content-Type': 'application/json; charset=utf-8', 'cache-control': 'no-cache'})
DEBUG    selenium.webdriver.remote.remote_connection:remote_connection.py:468 Finished Request
DEBUG    selenium.webdriver.remote.remote_connection:remote_connection.py:406 GET http://localhost:58731/session/eaeb57ab0a4d1deb93b3eddb8c40d746/element/f.0F096117D60A7895949637AD6D71AD7B.d.1A3D9081484D1D0A874C76A7CACAE25A.e.119/selected {}
DEBUG    urllib3.connectionpool:connectionpool.py:544 http://localhost:58731 "GET /session/eaeb57ab0a4d1deb93b3eddb8c40d746/element/f.0F096117D60A7895949637AD6D71AD7B.d.1A3D9081484D1D0A874C76A7CACAE25A.e.119/selected HTTP/1.1" 200 0
DEBUG    selenium.webdriver.remote.remote_connection:remote_connection.py:439 Remote response: status=200 | data={"value":false} | headers=HTTPHeaderDict({'Content-Length': '15', 'Content-Type': 'application/json; charset=utf-8', 'cache-control': 'no-cache'})
DEBUG    selenium.webdriver.remote.remote_connection:remote_connection.py:468 Finished Request
DEBUG    selenium.webdriver.remote.remote_connection:remote_connection.py:406 POST http://localhost:58731/session/eaeb57ab0a4d1deb93b3eddb8c40d746/element/f.0F096117D60A7895949637AD6D71AD7B.d.1A3D9081484D1D0A874C76A7CACAE25A.e.119/click {}
DEBUG    urllib3.connectionpool:connectionpool.py:544 http://localhost:58731 "POST /session/eaeb57ab0a4d1deb93b3eddb8c40d746/element/f.0F096117D60A7895949637AD6D71AD7B.d.1A3D9081484D1D0A874C76A7CACAE25A.e.119/click HTTP/1.1" 200 0
DEBUG    selenium.webdriver.remote.remote_connection:remote_connection.py:439 Remote response: status=200 | data={"value":null} | headers=HTTPHeaderDict({'Content-Length': '14', 'Content-Type': 'application/json; charset=utf-8', 'cache-control': 'no-cache'})
DEBUG    selenium.webdriver.remote.remote_connection:remote_connection.py:468 Finished Request
DEBUG    selenium.webdriver.remote.remote_connection:remote_connection.py:406 GET http://localhost:58731/session/eaeb57ab0a4d1deb93b3eddb8c40d746/element/f.0F096117D60A7895949637AD6D71AD7B.d.1A3D9081484D1D0A874C76A7CACAE25A.e.120/selected {}
DEBUG    urllib3.connectionpool:connectionpool.py:544 http://localhost:58731 "GET /session/eaeb57ab0a4d1deb93b3eddb8c40d746/element/f.0F096117D60A7895949637AD6D71AD7B.d.1A3D9081484D1D0A874C76A7CACAE25A.e.120/selected HTTP/1.1" 200 0
DEBUG    selenium.webdriver.remote.remote_connection:remote_connection.py:439 Remote response: status=200 | data={"value":false} | headers=HTTPHeaderDict({'Content-Length': '15', 'Content-Type': 'application/json; charset=utf-8', 'cache-control': 'no-cache'})
DEBUG    selenium.webdriver.remote.remote_connection:remote_connection.py:468 Finished Request
DEBUG    selenium.webdriver.remote.remote_connection:remote_connection.py:406 POST http://localhost:58731/session/eaeb57ab0a4d1deb93b3eddb8c40d746/element/f.0F096117D60A7895949637AD6D71AD7B.d.1A3D9081484D1D0A874C76A7CACAE25A.e.120/click {}
DEBUG    urllib3.connectionpool:connectionpool.py:544 http://localhost:58731 "POST /session/eaeb57ab0a4d1deb93b3eddb8c40d746/element/f.0F096117D60A7895949637AD6D71AD7B.d.1A3D9081484D1D0A874C76A7CACAE25A.e.120/click HTTP/1.1" 200 0
DEBUG    selenium.webdriver.remote.remote_connection:remote_connection.py:439 Remote response: status=200 | data={"value":null} | headers=HTTPHeaderDict({'Content-Length': '14', 'Content-Type': 'application/json; charset=utf-8', 'cache-control': 'no-cache'})
DEBUG    selenium.webdriver.remote.remote_connection:remote_connection.py:468 Finished Request
DEBUG    selenium.webdriver.remote.remote_connection:remote_connection.py:406 POST http://localhost:58731/session/eaeb57ab0a4d1deb93b3eddb8c40d746/element {'using': 'css selector', 'value': 'button.button.emphasis'}
DEBUG    urllib3.connectionpool:connectionpool.py:544 http://localhost:58731 "POST /session/eaeb57ab0a4d1deb93b3eddb8c40d746/element HTTP/1.1" 200 0
DEBUG    selenium.webdriver.remote.remote_connection:remote_connection.py:439 Remote response: status=200 | data={"value":{"element-6066-11e4-a52e-4f735466cecf":"f.0F096117D60A7895949637AD6D71AD7B.d.1A3D9081484D1D0A874C76A7CACAE25A.e.121"}} | headers=HTTPHeaderDict({'Content-Length': '127', 'Content-Type': 'application/json; charset=utf-8', 'cache-control': 'no-cache'})
DEBUG    selenium.webdriver.remote.remote_connection:remote_connection.py:468 Finished Request
DEBUG    selenium.webdriver.remote.remote_connection:remote_connection.py:406 POST http://localhost:58731/session/eaeb57ab0a4d1deb93b3eddb8c40d746/actions {'actions': [{'type': 'pointer', 'parameters': {'pointerType': 'mouse'}, 'id': 'mouse', 'actions': [{'type': 'pointerMove', 'duration': 250, 'x': 0, 'y': 0, 'origin': {'element-6066-11e4-a52e-4f735466cecf': 'f.0F096117D60A7895949637AD6D71AD7B.d.1A3D9081484D1D0A874C76A7CACAE25A.e.121'}}, {'type': 'pointerDown', 'duration': 0, 'button': 0}, {'type': 'pointerUp', 'duration': 0, 'button': 0}]}, {'type': 'key', 'id': 'key', 'actions': [{'type': 'pause', 'duration': 0}, {'type': 'pause', 'duration': 0}, {'type': 'pause', 'duration': 0}]}]}
DEBUG    urllib3.connectionpool:connectionpool.py:544 http://localhost:58731 "POST /session/eaeb57ab0a4d1deb93b3eddb8c40d746/actions HTTP/1.1" 200 0
DEBUG    selenium.webdriver.remote.remote_connection:remote_connection.py:439 Remote response: status=200 | data={"value":null} | headers=HTTPHeaderDict({'Content-Length': '14', 'Content-Type': 'application/json; charset=utf-8', 'cache-control': 'no-cache'})
DEBUG    selenium.webdriver.remote.remote_connection:remote_connection.py:468 Finished Request
DEBUG    selenium.webdriver.remote.remote_connection:remote_connection.py:406 GET http://localhost:58731/session/eaeb57ab0a4d1deb93b3eddb8c40d746/source {}
DEBUG    urllib3.connectionpool:connectionpool.py:544 http://localhost:58731 "GET /session/eaeb57ab0a4d1deb93b3eddb8c40d746/source HTTP/1.1" 200 0
DEBUG    selenium.webdriver.remote.remote_connection:remote_connection.py:439 Remote response: status=200 | data={"value":"\u003Chtml lang=\"\" data-theme=\"light\" style=\"--compoents-checkbox-color: #3491FA; --compoents-radio-color: #3491FA; --compoents-pool-color: #3491FA; --compoents-advance-color: #3491FA; --appStore-text-color: #3491FA; --compoents-button-color: #3491FA; --compoents-tabSlider-color: #3491FA; --compoents-activebg-color: #3491FA; --el-page-color: #3491FA; --common-primary-bgColor: #3491FA; --common-active-bgColor: #2B81E2; --common-tint-bgColor: #E8F3FF; --common-tint-second-bgColor: #D5E9FF; --common-disable-bgColor: #C9CDD4;\">\u003Chead>\u003Cmeta charset=\"utf-8\">\u003Cmeta http-equiv=\"X-UA-Compatible\" content=\"IE=edge\">\u003Cmeta name=\"renderer\" content=\"webkit\">\u003Cmeta name=\"viewport\" content=\"width=device-width,initial-scale=0.4\">\u003Cmeta http-equiv=\"Content-Type\" content=\"text/html; charset=utf-8\">\u003Cmeta http-equiv=\"Pragma\" content=\"no-cache\">\u003Cmeta http-equiv=\"Cache-Control\" content=\"no-cache, must-revalidate\">\u003Cmeta http-equiv=\"Expires\" content=\"0\">\u003Clink rel=\"shortcut icon\" href=\"./tos.ico?v=tos6\" sizes=\"48x48\">\u003Clink rel=\"shortcut icon\" href=\"./tos.ico?v=tos6\" sizes=\"32x32\">\u003Clink rel=\"shortcut icon\" href=\"./tos.svg?v=tos6\">\u003Ctitle>TNAS\u003C/title>\u003Cstyle>.overBody {\n            overflow: hidden;\n        }\u003C/style>\u003Clink href=\"css/chunk-vendors.62c5fb31.css\" rel=\"stylesheet\">\u003Clink href=\"css/app.2a90e497.css\" rel=\"stylesheet\">\u003Cstyle type=\"text/css\">\nmicro-app, micro-app-body { display: block; } \nmicro-app-head { display: none; }\u003C/style>\u003Cscript charset=\"utf-8\" src=\"js/chunk-2d0be333.dd089ebb.js\">\u003C/script>\u003Clink rel=\"stylesheet\" type=\"text/css\" href=\"css/login.457bffb0.css\">\u003Cscript charset=\"utf-8\" src=\"js/login.f4fcf04d.js\">\u003C/script>\u003Clink rel=\"stylesheet\" type=\"text/css\" href=\"css/chunk-ec20d398.89e99e93.css\">\u003Cscript charset=\"utf-8\" src=\"js/chunk-ec20d398.e87325dd.js\">\u003C/script>\u003Clink rel=\"stylesheet\" type=\"text/css\" href=\"css/desktop.97a623f9.css\">\u003Cscript charset=\"utf-8\" src=\"js/desktop.f21fd5e8.js\">\u003C/script>\u003Clink rel=\"stylesheet\" type=\"text/css\" href=\"css/chunk-48ce7c9d.0329c0c8.css\">\u003Cscript charset=\"utf-8\" src=\"js/chunk-48ce7c9d.b1e8981c.js\">\u003C/script>\u003Clink rel=\"stylesheet\" type=\"text/css\" href=\"css/chunk-783d3707.6a1f8ed8.css\">\u003Cscript charset=\"utf-8\" src=\"js/chunk-783d3707.018e34fa.js\">\u003C/script>\u003Clink rel=\"stylesheet\" type=\"text/css\" href=\"css/chunk-47c240c8.20768276.css\">\u003Cscript charset=\"utf-8\" src=\"js/chunk-47c240c8.543cc93d.js\">\u003C/script>\u003Clink rel=\"stylesheet\" type=\"text/css\" href=\"css/global-comp-x-contextmenus-vue.38a3c294.css\">\u003Cscript charset=\"utf-8\" src=\"js/global-comp-x-contextmenus-vue.24a3a269.js\">\u003C/script>\u003Clink rel=\"stylesheet\" type=\"text/css\" href=\"css/chunk-2e5a1ee0.32e1d662.css\">\u003Cscript charset=\"utf-8\" src=\"js/chunk-2e5a1ee0.fe80c796.js\">\u003C/script>\u003Clink rel=\"stylesheet\" type=\"text/css\" href=\"css/chunk-30323ef2.062b5462.css\">\u003Cscript charset=\"utf-8\" src=\"js/chunk-30323ef2.b96b678c.js\">\u003C/script>\u003Cscript charset=\"utf-8\" src=\"js/chunk-0cd8ea92.58295ac8.js\">\u003C/script>\u003Clink rel=\"stylesheet\" type=\"text/css\" href=\"css/chunk-6de1666a.dc471a4a.css\">\u003Cscript charset=\"utf-8\" src=\"js/chunk-6de1666a.bb6f8c48.js\">\u003C/script>\u003Clink rel=\"stylesheet\" type=\"text/css\" href=\"css/chunk-f4268e08.053130e1.css\">\u003Cscript charset=\"utf-8\" src=\"js/chunk-f4268e08.42c59548.js\">\u003C/script>\u003Cstyle type=\"text/css\">.vue-grid-item{-webkit-transition:all .2s ease;transition:all .2s ease;-webkit-transition-property:left,top,right;transition-property:left,top,right}.vue-grid-item.no-touch{-ms-touch-action:none;touch-action:none}.vue-grid-item.cssTransforms{-webkit-transition-property:-webkit-transform;transition-property:-webkit-transform;transition-property:transform;transition-property:transform,-webkit-transform;left:0;right:auto}.vue-grid-item.cssTransforms.render-rtl{left:auto;right:0}.vue-grid-item.resizing{opacity:.6;z-index:3}.vue-grid-item.vue-draggable-dragging{-webkit-transition:none;transition:none;z-index:3}.vue-grid-item.vue-grid-placeholder{background:red;opacity:.2;-webkit-transition-duration:.1s;transition-duration:.1s;z-index:2;-webkit-user-select:none;-moz-user-select:none;-ms-user-select:none;-o-user-select:none;user-select:none}.vue-grid-item>.vue-resizable-handle{position:absolute;width:20px;height:20px;bottom:0;right:0;background:url(\"data:image/svg+xml;base64,PHN2ZyBzdHlsZT0iYmFja2dyb3VuZC1jb2xvcjojZmZmZmZmMDAiIHhtbG5zPSJodHRwOi8vd3d3LnczLm9yZy8yMDAwL3N2ZyIgd2lkdGg9IjYiIGhlaWdodD0iNiI+PHBhdGggZD0iTTYgNkgwVjQuMmg0LjJWMEg2djZ6IiBvcGFjaXR5PSIuMzAyIi8+PC9zdmc+\");background-position:100% 100%;padding:0 3px 3px 0;background-repeat:no-repeat;background-origin:content-box;-webkit-box-sizing:border-box;box-sizing:border-box;cursor:se-resize}.vue-grid-item>.vue-rtl-resizable-handle{bottom:0;left:0;background:url(data:image/svg+xml;base64,PHN2ZyB3aWR0aD0iMTAiIGhlaWdodD0iMTAiIHhtbG5zPSJodHRwOi8vd3d3LnczLm9yZy8yMDAwL3N2ZyI+PHBhdGggZmlsbD0ibm9uZSIgZD0iTS0xLTFoMTJ2MTJILTF6Ii8+PGc+PHBhdGggc3Ryb2tlLWxpbmVjYXA9InVuZGVmaW5lZCIgc3Ryb2tlLWxpbmVqb2luPSJ1bmRlZmluZWQiIHN0cm9rZS13aWR0aD0iMS41IiBzdHJva2U9IiMwMDAiIGZpbGw9Im5vbmUiIGQ9Ik0xNDQuODIxLTM4LjM5M2wtMjAuMzU3LTMxLjc4NSIvPjxwYXRoIHN0cm9rZT0iIzY2NiIgc3Ryb2tlLWxpbmVjYXA9InVuZGVmaW5lZCIgc3Ryb2tlLWxpbmVqb2luPSJ1bmRlZmluZWQiIHN0cm9rZS13aWR0aD0iMiIgZmlsbD0ibm9uZSIgZD0iTS45NDctLjAxOHY5LjEyNU0tLjY1NiA5aDEwLjczIi8+PC9nPjwvc3ZnPg==);background-position:0 100%;padding-left:3px;background-repeat:no-repeat;background-origin:content-box;cursor:sw-resize;right:auto}.vue-grid-item.disable-userselect{-webkit-user-select:none;-moz-user-select:none;-ms-user-select:none;user-select:none}\u003C/style>\u003Cstyle type=\"text/css\">.vue-grid-layout{position:relative;-webkit-transition:height .2s ease;transition:height .2s ease}\u003C/style>\u003Clink rel=\"stylesheet\" type=\"text/css\" href=\"css/chunk-0ae556f8.ee9a29a3.css\">\u003Cscript charset=\"utf-8\" src=\"js/chunk-0ae556f8.0922d40c.js\">\u003C/script>\u003Cstyle id=\"erd_scroll_detection_scrollbar_style\">/* Created by the element-resize-detector library. */\n.erd_scroll_detection_container > div::-webkit-scrollbar { display: none; }\n\n.erd_scroll_detection_container_animation_active { -webkit-animation-duration: 0.1s; animation-duration: 0.1s; -webkit-animation-name: erd_scroll_detection_container_animation; animation-name: erd_scroll_detection_container_animation; }\n@-webkit-keyframes erd_scroll_detection_container_animation { 0% { opacity: 1; } 50% { opacity: 0; } 100% { opacity: 1; } }\n@keyframes erd_scroll_detection_container_animation { 0% { opacity: 1; } 50% { opacity: 0; } 100% { opacity: 1; } }\u003C/style>\u003Clink rel=\"stylesheet\" type=\"text/css\" href=\"css/chunk-363946a2.24b944f7.css\">\u003Cscript charset=\"utf-8\" src=\"js/chunk-363946a2.15da972b.js\">\u003C/script>\u003Clink rel=\"stylesheet\" type=\"text/css\" href=\"css/chunk-fb52fa52.1335c53b.css\">\u003Cscript charset=\"utf-8\" src=\"js/chunk-fb52fa52.c2bad134.js\">\u003C/script>\u003Clink rel=\"stylesheet\" type=\"text/css\" href=\"css/chunk-187ea536.9931a71e.css\">\u003Cscript charset=\"utf-8\" src=\"js/chunk-187ea536.872a2a3f.js\">\u003C/script>\u003Clink rel=\"stylesheet\" type=\"text/css\" href=\"css/global-comp-x-tab-index-vue.08cbf766.css\">\u003Cscript charset=\"utf-8\" src=\"js/global-comp-x-tab-index-vue.7f68811d.js\">\u003C/script>\u003Clink rel=\"stylesheet\" type=\"text/css\" href=\"css/chunk-fb35c328.7f46e022.css\">\u003Cscript charset=\"utf-8\" src=\"js/chunk-fb35c328.a6813529.js\">\u003C/script>\u003Clink rel=\"stylesheet\" type=\"text/css\" href=\"css/chunk-36fbb7b8.25954ced.css\">\u003Cscript charset=\"utf-8\" src=\"js/chunk-36fbb7b8.5b487b09.js\">\u003C/script>\u003Clink rel=\"stylesheet\" type=\"text/css\" href=\"css/chunk-c902408e.1597a32d.css\">\u003Cscript charset=\"utf-8\" src=\"js/chunk-c902408e.4f5f47d7.js\">\u003C/script>\u003C/head>\u003Cbody class=\"overBody\" style=\"position: relative;\">\u003Csvg aria-hidden=\"true\" style=\"position: absolute; width: 0px; height: 0px; overflow: hidden;\">\u003Csymbol id=\"iconsocks\" viewBox=\"0 0 1024 1024\">\u003Cpath d=\"M889.002667 1024H134.997333A135.210667 135.210667 0 0 1 0 889.002667V134.997333A135.210667 135.210667 0 0 1 134.997333 0h754.005334A135.210667 135.210667 0 0 1 1024 134.997333v754.005334A135.210667 135.210667 0 0 1 889.002667 1024zM134.997333 90.026667c-24.789333 0-45.013333 20.181333-45.013333 44.970666v754.005334c0 24.789333 20.224 45.013333 45.013333 45.013333h754.005334c24.789333 0 45.013333-20.224 45.013333-45.013333V134.997333c0-24.789333-20.224-45.013333-45.013333-45.013333H134.997333z\">\u003C/path>\u003Cpath d=\"M45.013333 331.989333h933.973334v90.026667H45.013333V331.946667zM230.997333 210.986667q0 2.474667-0.256 4.906666-0.213333 2.432-0.682666 4.864-0.512 2.389333-1.194667 4.736-0.725333 2.389333-1.706667 4.650667-0.896 2.261333-2.048 4.437333-1.152 2.133333-2.56 4.181334-1.322667 2.048-2.901333 3.968-1.536 1.877333-3.285333 3.626666-1.706667 1.706667-3.626667 3.285334-1.92 1.578667-3.968 2.944-2.048 1.365333-4.181333 2.517333-2.176 1.152-4.437334 2.090667-2.304 0.938667-4.650666 1.664-2.346667 0.682667-4.736 1.194666-2.432 0.426667-4.864 0.725334-2.432 0.213333-4.906667 0.213333-2.432 0-4.906667-0.213333-2.432-0.256-4.821333-0.725334-2.432-0.512-4.778667-1.194666-2.346667-0.725333-4.608-1.664t-4.437333-2.133334q-2.176-1.109333-4.224-2.474666-2.048-1.365333-3.925333-2.944-1.92-1.536-3.626667-3.285334-1.749333-1.706667-3.328-3.626666-1.536-1.92-2.901333-3.968-1.365333-2.005333-2.56-4.181334-1.109333-2.176-2.048-4.437333-0.981333-2.261333-1.706667-4.650667-0.682667-2.346667-1.152-4.736-0.469333-2.432-0.725333-4.864-0.256-2.432-0.256-4.906666 0-2.432 0.256-4.906667 0.256-2.432 0.725333-4.821333 0.469333-2.432 1.194667-4.778667 0.682667-2.346667 1.664-4.608 0.938667-2.261333 2.090666-4.437333 1.152-2.133333 2.517334-4.224 1.365333-2.048 2.901333-3.925334 1.578667-1.92 3.328-3.626666 1.706667-1.749333 3.626667-3.328 1.877333-1.536 3.925333-2.901334 2.048-1.365333 4.224-2.56 2.133333-1.109333 4.437333-2.048 2.261333-0.938667 4.608-1.706666 2.346667-0.682667 4.778667-1.152 2.389333-0.469333 4.821333-0.725334 2.474667-0.256 4.906667-0.256 2.474667 0 4.906667 0.256t4.864 0.725334q2.389333 0.469333 4.736 1.194666t4.650666 1.664q2.261333 0.938667 4.437334 2.090667 2.133333 1.152 4.181333 2.517333t3.968 2.901334q1.877333 1.578667 3.626667 3.328 1.706667 1.706667 3.285333 3.626666 1.578667 1.877333 2.944 3.925334 1.365333 2.048 2.517333 4.224 1.152 2.133333 2.090667 4.437333 0.938667 2.261333 1.664 4.608 0.682667 2.346667 1.194667 4.778667 0.426667 2.389333 0.682666 4.821333 0.256 2.474667 0.256 4.906667zM371.029333 210.986667q0 2.474667-0.256 4.906666-0.256 2.474667-0.725333 4.864-0.469333 2.432-1.194667 4.778667-0.682667 2.346667-1.621333 4.608-0.981333 2.261333-2.133333 4.437333-1.152 2.133333-2.517334 4.224-1.365333 2.048-2.901333 3.925334-1.578667 1.92-3.328 3.669333-1.706667 1.706667-3.626667 3.285333-1.877333 1.536-3.925333 2.901334-2.048 1.365333-4.224 2.56-2.133333 1.152-4.437333 2.090666-2.261333 0.938667-4.608 1.664-2.346667 0.682667-4.778667 1.152-2.389333 0.512-4.864 0.725334-2.432 0.256-4.906667 0.256-2.432 0-4.864-0.256-2.474667-0.213333-4.864-0.725334-2.432-0.426667-4.778666-1.152t-4.608-1.706666q-2.261333-0.896-4.437334-2.048-2.176-1.194667-4.224-2.56-2.048-1.365333-3.925333-2.901334-1.92-1.578667-3.669333-3.285333-1.706667-1.749333-3.285334-3.669333-1.536-1.877333-2.901333-3.925334-1.365333-2.048-2.56-4.224-1.152-2.133333-2.090667-4.437333-0.938667-2.261333-1.621333-4.608-0.725333-2.346667-1.194667-4.778667-0.512-2.389333-0.725333-4.864-0.256-2.432-0.256-4.906666 0-2.432 0.256-4.906667 0.213333-2.432 0.725333-4.821333 0.426667-2.432 1.194667-4.778667 0.682667-2.346667 1.621333-4.608 0.938667-2.304 2.133334-4.437333 1.152-2.176 2.517333-4.266667 1.365333-2.005333 2.901333-3.925333 1.578667-1.877333 3.285334-3.626667 1.749333-1.706667 3.669333-3.285333 1.877333-1.578667 3.925333-2.944 2.048-1.365333 4.224-2.517334 2.133333-1.152 4.437334-2.133333 2.261333-0.896 4.608-1.621333 2.346667-0.725333 4.778666-1.194667 2.389333-0.469333 4.864-0.725333 2.432-0.213333 4.864-0.213334 2.474667 0 4.906667 0.213334 2.474667 0.256 4.864 0.725333 2.432 0.469333 4.778667 1.194667t4.608 1.664q2.261333 0.938667 4.437333 2.133333 2.133333 1.109333 4.224 2.474667 2.048 1.365333 3.925333 2.944 1.92 1.536 3.626667 3.285333 1.749333 1.706667 3.328 3.626667 1.536 1.92 2.901333 3.968 1.365333 2.048 2.56 4.224 1.109333 2.133333 2.090667 4.437333 0.938667 2.261333 1.621333 4.608 0.725333 2.346667 1.194667 4.778667 0.469333 2.389333 0.725333 4.821333 0.256 2.474667 0.256 4.906667zM411.008 210.986667a50.005333 50.005333 0 1 0 100.010667 0.128 50.005333 50.005333 0 0 0-100.010667-0.128z\">\u003C/path>\u003Cpath d=\"M121.386667 613.973333q0-14.933333 7.381333-26.538666 7.338667-11.648 21.205333-18.133334 13.866667-6.528 32.64-6.528 23.893333 0 39.253334 9.514667 15.36 9.472 21.12 27.605333l-26.666667 12.373334q-4.053333-10.453333-11.818667-15.786667-7.808-5.333333-21.034666-5.333333-14.293333 0-21.418667 5.461333-7.168 5.418667-7.168 15.872 0 10.026667 7.466667 15.36t26.24 8.746667q30.08 5.333333 43.733333 18.56 13.653333 13.226667 13.653333 36.693333 0 15.36-8.234666 27.648-8.192 12.245333-23.04 19.072-14.805333 6.826667-33.578667 6.826667-26.026667 0-43.306667-10.666667-17.28-10.666667-23.04-30.293333l26.88-12.586667q3.84 12.373333 13.866667 18.773333 10.026667 6.4 25.386667 6.4t23.338666-6.272q8.021333-6.314667 8.021334-18.048 0-11.093333-8.448-17.493333-8.405333-6.4-29.098667-10.24-27.306667-4.906667-40.32-17.493333-13.013333-12.586667-13.013333-33.493334zM345.6 745.386667q-23.68 0-42.026667-11.52-18.346667-11.52-28.586666-32.213334-10.24-20.693333-10.24-47.573333t10.24-47.573333q10.24-20.693333 28.586666-32.213334 18.346667-11.52 42.026667-11.52 23.68 0 42.112 11.52 18.474667 11.52 28.586667 32.213334 10.154667 20.693333 10.154666 47.573333t-10.154666 47.573333q-10.112 20.693333-28.586667 32.213334-18.432 11.52-42.112 11.52z m0-27.306667q13.866667 0 24.746667-7.978667 10.88-8.021333 16.853333-22.613333 5.973333-14.634667 5.973333-33.408 0-18.986667-5.973333-33.493333t-16.853333-22.485334q-10.88-8.021333-24.746667-8.021333-13.866667 0-24.618667 8.021333-10.794667 7.978667-16.768 22.485334t-5.973333 33.493333q0 18.773333 5.973333 33.408 5.973333 14.592 16.768 22.613333 10.752 7.978667 24.618667 7.978667z m183.253333 0q29.013333 0 37.546667-27.946667l27.52 12.8q-5.76 19.84-22.613333 31.146667-16.853333 11.306667-41.813334 11.306667-23.893333 0-42.453333-11.392-18.56-11.434667-28.8-32.128-10.24-20.693333-10.24-47.786667 0-26.88 10.24-47.573333t28.8-32.213334q18.56-11.52 42.453333-11.52 24.96 0 41.813334 11.221334 16.853333 11.178667 22.613333 31.018666l-27.52 13.013334q-8.533333-27.946667-37.546667-27.946667-13.866667 0-24.661333 8.021333-10.752 7.978667-16.725333 22.485334t-5.973334 33.493333q0 18.986667 5.973334 33.493333t16.725333 22.528q10.794667 7.978667 24.661333 7.978667z m189.013334 24.32l-67.626667-88.32v88.32h-33.493333v-176.853333h33.493333v79.36l61.44-79.36h40.106667l-68.053334 83.2 75.52 93.653333h-41.386666z m55.466666-128.426667q0-14.933333 7.381334-26.538666 7.338667-11.648 21.205333-18.133334 13.866667-6.528 32.64-6.528 23.893333 0 39.253333 9.514667 15.36 9.472 21.12 27.605333l-26.666666 12.373334q-4.053333-10.453333-11.818667-15.786667-7.808-5.333333-21.034667-5.333333-14.293333 0-21.461333 5.461333-7.125333 5.418667-7.125333 15.872 0 10.026667 7.466666 15.36t26.24 8.746667q30.08 5.333333 43.733334 18.56 13.653333 13.226667 13.653333 36.693333 0 15.36-8.234667 27.648-8.192 12.245333-23.04 19.072-14.805333 6.826667-33.578666 6.826667-26.026667 0-43.306667-10.666667-17.28-10.666667-23.04-30.293333l26.88-12.586667q3.84 12.373333 13.866667 18.773333 10.026667 6.4 25.386666 6.4t23.338667-6.272q8.021333-6.314667 8.021333-18.048 0-11.093333-8.448-17.493333-8.405333-6.4-29.098666-10.24-27.306667-4.906667-40.32-17.493333-13.013333-12.586667-13.013334-33.493334z\">\u003C/path>\u003C/symbol>\u003Csymbol id=\"iconhttp\" viewBox=\"0 0 1024 1024\">\u003Cpath d=\"M889.002667 1024H134.997333A135.210667 135.210667 0 0 1 0 889.002667V134.997333A135.210667 135.210667 0 0 1 134.997333 0h754.005334A135.210667 135.210667 0 0 1 1024 134.997333v754.005334A135.210667 135.210667 0 0 1 889.002667 1024zM134.997333 90.026667c-24.789333 0-45.013333 20.181333-45.013333 44.970666v754.005334c0 24.789333 20.224 45.013333 45.013333 45.013333h754.005334c24.789333 0 45.013333-20.224 45.013333-45.013333V134.997333c0-24.789333-20.224-45.013333-45.013333-45.013333H134.997333z\">\u003C/path>\u003Cpath d=\"M45.013333 331.989333h933.973334v90.026667H45.013333V331.946667zM230.997333 210.986667q0 2.474667-0.256 4.906666-0.213333 2.432-0.682666 4.864-0.512 2.389333-1.194667 4.736-0.725333 2.389333-1.706667 4.650667-0.896 2.261333-2.048 4.437333-1.152 2.133333-2.56 4.181334-1.322667 2.048-2.901333 3.968-1.536 1.877333-3.285333 3.626666-1.706667 1.706667-3.626667 3.285334-1.92 1.578667-3.968 2.944-2.048 1.365333-4.181333 2.517333-2.176 1.152-4.437334 2.090667-2.304 0.938667-4.650666 1.664-2.346667 0.682667-4.736 1.194666-2.432 0.426667-4.864 0.725334-2.432 0.213333-4.906667 0.213333-2.432 0-4.906667-0.213333-2.432-0.256-4.821333-0.725334-2.432-0.512-4.778667-1.194666-2.346667-0.725333-4.608-1.664t-4.437333-2.133334q-2.176-1.109333-4.224-2.474666-2.048-1.365333-3.925333-2.944-1.92-1.536-3.626667-3.285334-1.749333-1.706667-3.328-3.626666-1.536-1.92-2.901333-3.968-1.365333-2.005333-2.56-4.181334-1.109333-2.176-2.048-4.437333-0.981333-2.261333-1.706667-4.650667-0.682667-2.346667-1.152-4.736-0.469333-2.432-0.725333-4.864-0.256-2.432-0.256-4.906666 0-2.432 0.256-4.906667 0.256-2.432 0.725333-4.821333 0.469333-2.432 1.194667-4.778667 0.682667-2.346667 1.664-4.608 0.938667-2.261333 2.090666-4.437333 1.152-2.133333 2.517334-4.224 1.365333-2.048 2.901333-3.925334 1.578667-1.92 3.328-3.626666 1.706667-1.749333 3.626667-3.328 1.877333-1.536 3.925333-2.901334 2.048-1.365333 4.224-2.56 2.133333-1.109333 4.437333-2.048 2.261333-0.938667 4.608-1.706666 2.346667-0.682667 4.778667-1.152 2.389333-0.469333 4.821333-0.725334 2.474667-0.256 4.906667-0.256 2.474667 0 4.906667 0.256t4.864 0.725334q2.389333 0.469333 4.736 1.194666t4.650666 1.664q2.261333 0.938667 4.437334 2.090667 2.133333 1.152 4.181333 2.517333t3.968 2.901334q1.877333 1.578667 3.626667 3.328 1.706667 1.706667 3.285333 3.626666 1.578667 1.877333 2.944 3.925334 1.365333 2.048 2.517333 4.224 1.152 2.133333 2.090667 4.437333 0.938667 2.261333 1.664 4.608 0.682667 2.346667 1.194667 4.778667 0.426667 2.389333 0.682666 4.821333 0.256 2.474667 0.256 4.906667zM371.029333 210.986667q0 2.474667-0.256 4.906666-0.256 2.474667-0.725333 4.864-0.469333 2.432-1.194667 4.778667-0.682667 2.346667-1.621333 4.608-0.981333 2.261333-2.133333 4.437333-1.152 2.133333-2.517334 4.224-1.365333 2.048-2.901333 3.925334-1.578667 1.92-3.328 3.669333-1.706667 1.706667-3.626667 3.285333-1.877333 1.536-3.925333 2.901334-2.048 1.365333-4.224 2.56-2.133333 1.152-4.437333 2.090666-2.261333 0.938667-4.608 1.664-2.346667 0.682667-4.778667 1.152-2.389333 0.512-4.864 0.725334-2.432 0.256-4.906667 0.256-2.432 0-4.864-0.256-2.474667-0.213333-4.864-0.725334-2.432-0.426667-4.778666-1.152t-4.608-1.706666q-2.261333-0.896-4.437334-2.048-2.176-1.194667-4.224-2.56-2.048-1.365333-3.925333-2.901334-1.92-1.578667-3.669333-3.285333-1.706667-1.749333-3.285334-3.669333-1.536-1.877333-2.901333-3.925334-1.365333-2.048-2.56-4.224-1.152-2.133333-2.090667-4.437333-0.938667-2.261333-1.621333-4.608-0.725333-2.346667-1.194667-4.778667-0.512-2.389333-0.725333-4.864-0.256-2.432-0.256-4.906666 0-2.432 0.256-4.906667 0.213333-2.432 0.725333-4.821333 0.426667-2.432 1.194667-4.778667 0.682667-2.346667 1.621333-4.608 0.938667-2.304 2.133334-4.437333 1.152-2.176 2.517333-4.266667 1.365333-2.005333 2.901333-3.925333 1.578667-1.877333 3.285334-3.626667 1.749333-1.706667 3.669333-3.285333 1.877333-1.578667 3.925333-2.944 2.048-1.365333 4.224-2.517334 2.133333-1.152 4.437334-2.133333 2.261333-0.896 4.608-1.621333 2.346667-0.725333 4.778666-1.194667 2.389333-0.469333 4.864-0.725333 2.432-0.213333 4.864-0.213334 2.474667 0 4.906667 0.213334 2.474667 0.256 4.864 0.725333 2.432 0.469333 4.778667 1.194667t4.608 1.664q2.261333 0.938667 4.437333 2.133333 2.133333 1.109333 4.224 2.474667 2.048 1.365333 3.925333 2.944 1.92 1.536 3.626667 3.285333 1.749333 1.706667 3.328 3.626667 1.536 1.92 2.901333 3.968 1.365333 2.048 2.56 4.224 1.109333 2.133333 2.090667 4.437333 0.938667 2.261333 1.621333 4.608 0.725333 2.346667 1.194667 4.778667 0.469333 2.389333 0.725333 4.821333 0.256 2.474667 0.256 4.906667zM411.008 210.986667a50.005333 50.005333 0 1 0 100.010667 0.128 50.005333 50.005333 0 0 0-100.010667-0.128z\">\u003C/path>\u003Cpath d=\"M331.52 565.546667V742.4h-33.493333v-78.72H220.586667V742.4h-33.493334v-176.853333h33.493334V635.733333h77.44v-70.186666h33.493333z m173.013333 28.16h-46.506666V742.4H424.533333v-148.693333H377.813333v-28.16h126.72v28.16z m165.546667 0h-46.506667V742.4h-33.493333v-148.693333h-46.72v-28.16h126.72v28.16z m169.386667 29.44q0 17.066667-7.253334 30.08-7.253333 13.013333-20.352 20.266666-13.141333 7.253333-30.421333 7.253334h-31.36V742.4h-33.493333v-176.853333h64.853333q17.28 0 30.421333 7.253333 13.098667 7.253333 20.352 20.266667 7.253333 13.013333 7.253334 30.08z m-33.493334 0q0-15.146667-8.32-23.253334-8.32-8.106667-23.68-8.106666h-23.893333v62.72h23.893333q15.36 0 23.68-8.106667 8.32-8.106667 8.32-23.253333z\">\u003C/path>\u003C/symbol>\u003Csymbol id=\"iconhttps\" viewBox=\"0 0 1024 1024\">\u003Cpath d=\"M889.002667 1024H134.997333A135.210667 135.210667 0 0 1 0 889.002667V134.997333A135.210667 135.210667 0 0 1 134.997333 0h754.005334A135.210667 135.210667 0 0 1 1024 134.997333v754.005334A135.210667 135.210667 0 0 1 889.002667 1024zM134.997333 90.026667c-24.789333 0-45.013333 20.181333-45.013333 44.970666v754.005334c0 24.789333 20.224 45.013333 45.013333 45.013333h754.005334c24.789333 0 45.013333-20.224 45.013333-45.013333V134.997333c0-24.789333-20.224-45.013333-45.013333-45.013333H134.997333z\">\u003C/path>\u003Cpath d=\"M45.013333 331.989333h933.973334v90.026667H45.013333V331.946667zM230.997333 210.986667q0 2.474667-0.256 4.906666-0.213333 2.432-0.682666 4.864-0.512 2.389333-1.194667 4.736-0.725333 2.389333-1.706667 4.650667-0.896 2.261333-2.048 4.437333-1.152 2.133333-2.56 4.181334-1.322667 2.048-2.901333 3.968-1.536 1.877333-3.285333 3.626666-1.706667 1.706667-3.626667 3.285334-1.92 1.578667-3.968 2.944-2.048 1.365333-4.181333 2.517333-2.176 1.152-4.437334 2.090667-2.304 0.938667-4.650666 1.664-2.346667 0.682667-4.736 1.194666-2.432 0.426667-4.864 0.725334-2.432 0.213333-4.906667 0.213333-2.432 0-4.906667-0.213333-2.432-0.256-4.821333-0.725334-2.432-0.512-4.778667-1.194666-2.346667-0.725333-4.608-1.664t-4.437333-2.133334q-2.176-1.109333-4.224-2.474666-2.048-1.365333-3.925333-2.944-1.92-1.536-3.626667-3.285334-1.749333-1.706667-3.328-3.626666-1.536-1.92-2.901333-3.968-1.365333-2.005333-2.56-4.181334-1.109333-2.176-2.048-4.437333-0.981333-2.261333-1.706667-4.650667-0.682667-2.346667-1.152-4.736-0.469333-2.432-0.725333-4.864-0.256-2.432-0.256-4.906666 0-2.432 0.256-4.906667 0.256-2.432 0.725333-4.821333 0.469333-2.432 1.194667-4.778667 0.682667-2.346667 1.664-4.608 0.938667-2.261333 2.090666-4.437333 1.152-2.133333 2.517334-4.224 1.365333-2.048 2.901333-3.925334 1.578667-1.92 3.328-3.626666 1.706667-1.749333 3.626667-3.328 1.877333-1.536 3.925333-2.901334 2.048-1.365333 4.224-2.56 2.133333-1.109333 4.437333-2.048 2.261333-0.938667 4.608-1.706666 2.346667-0.682667 4.778667-1.152 2.389333-0.469333 4.821333-0.725334 2.474667-0.256 4.906667-0.256 2.474667 0 4.906667 0.256t4.864 0.725334q2.389333 0.469333 4.736 1.194666t4.650666 1.664q2.261333 0.938667 4.437334 2.090667 2.133333 1.152 4.181333 2.517333t3.968 2.901334q1.877333 1.578667 3.626667 3.328 1.706667 1.706667 3.285333 3.626666 1.578667 1.877333 2.944 3.925334 1.365333 2.048 2.517333 4.224 1.152 2.133333 2.090667 4.437333 0.938667 2.261333 1.664 4.608 0.682667 2.346667 1.194667 4.778667 0.426667 2.389333 0.682666 4.821333 0.256 2.474667 0.256 4.906667zM371.029333 210.986667q0 2.474667-0.256 4.906666-0.256 2.474667-0.725333 4.864-0.469333 2.432-1.194667 4.778667-0.682667 2.346667-1.621333 4.608-0.981333 2.261333-2.133333 4.437333-1.152 2.133333-2.517334 4.224-1.365333 2.048-2.901333 3.925334-1.578667 1.92-3.328 3.669333-1.706667 1.706667-3.626667 3.285333-1.877333 1.536-3.925333 2.901334-2.048 1.365333-4.224 2.56-2.133333 1.152-4.437333 2.090666-2.261333 0.938667-4.608 1.664-2.346667 0.682667-4.778667 1.152-2.389333 0.512-4.864 0.725334-2.432 0.256-4.906667 0.256-2.432 0-4.864-0.256-2.474667-0.213333-4.864-0.725334-2.432-0.426667-4.778666-1.152t-4.608-1.706666q-2.261333-0.896-4.437334-2.048-2.176-1.194667-4.224-2.56-2.048-1.365333-3.925333-2.901334-1.92-1.578667-3.669333-3.285333-1.706667-1.749333-3.285334-3.669333-1.536-1.877333-2.901333-3.925334-1.365333-2.048-2.56-4.224-1.152-2.133333-2.090667-4.437333-0.938667-2.261333-1.621333-4.608-0.725333-2.346667-1.194667-4.778667-0.512-2.389333-0.725333-4.864-0.256-2.432-0.256-4.906666 0-2.432 0.256-4.906667 0.213333-2.432 0.725333-4.821333 0.426667-2.432 1.194667-4.778667 0.682667-2.346667 1.621333-4.608 0.938667-2.304 2.133334-4.437333 1.152-2.176 2.517333-4.266667 1.365333-2.005333 2.901333-3.925333 1.578667-1.877333 3.285334-3.626667 1.749333-1.706667 3.669333-3.285333 1.877333-1.578667 3.925333-2.944 2.048-1.365333 4.224-2.517334 2.133333-1.152 4.437334-2.133333 2.261333-0.896 4.608-1.621333 2.346667-0.725333 4.778666-1.194667 2.389333-0.469333 4.864-0.725333 2.432-0.213333 4.864-0.213334 2.474667 0 4.906667 0.213334 2.474667 0.256 4.864 0.725333 2.432 0.469333 4.778667 1.194667t4.608 1.664q2.261333 0.938667 4.437333 2.133333 2.133333 1.109333 4.224 2.474667 2.048 1.365333 3.925333 2.944 1.92 1.536 3.626667 3.285333 1.749333 1.706667 3.328 3.626667 1.536 1.92 2.901333 3.968 1.365333 2.048 2.56 4.224 1.109333 2.133333 2.090667 4.437333 0.938667 2.261333 1.621333 4.608 0.725333 2.346667 1.194667 4.778667 0.469333 2.389333 0.725333 4.821333 0.256 2.474667 0.256 4.906667zM411.008 210.986667a50.005333 50.005333 0 1 0 100.010667 0.128 50.005333 50.005333 0 0 0-100.010667-0.128z\">\u003C/path>\u003Cpath d=\"M288.853333 565.546667V742.4h-33.493333v-78.72H177.92V742.4h-33.493333v-176.853333h33.493333V635.733333h77.44v-70.186666h33.493333z m150.613334 28.16H392.96V742.4h-33.493333v-148.693333H312.746667v-28.16h126.72v28.16z m143.146666 0h-46.506666V742.4h-33.493334v-148.693333h-46.72v-28.16h126.72v28.16z m146.986667 29.44q0 17.066667-7.253333 30.08-7.253333 13.013333-20.394667 20.266666-13.098667 7.253333-30.378667 7.253334h-31.36V742.4h-33.493333v-176.853333h64.853333q17.28 0 30.378667 7.253333 13.141333 7.253333 20.394667 20.266667 7.253333 13.013333 7.253333 30.08z m-33.493333 0q0-15.146667-8.32-23.253334-8.32-8.106667-23.68-8.106666h-23.893334v62.72h23.893334q15.36 0 23.68-8.106667 8.32-8.106667 8.32-23.253333z m56.106666-9.173334q0-14.933333 7.338667-26.538666 7.381333-11.648 21.248-18.133334 13.866667-6.528 32.64-6.528 23.893333 0 39.253333 9.514667 15.36 9.472 21.12 27.605333l-26.666666 12.373334q-4.053333-10.453333-11.861334-15.786667-7.765333-5.333333-20.992-5.333333-14.293333 0-21.461333 5.461333-7.125333 5.418667-7.125333 15.872 0 10.026667 7.466666 15.36t26.24 8.746667q30.08 5.333333 43.733334 18.56 13.653333 13.226667 13.653333 36.693333 0 15.36-8.234667 27.648-8.192 12.245333-23.04 19.072-14.805333 6.826667-33.578666 6.826667-26.026667 0-43.306667-10.666667-17.28-10.666667-23.04-30.293333l26.88-12.586667q3.84 12.373333 13.866667 18.773333 10.026667 6.4 25.386666 6.4t23.338667-6.272q8.021333-6.314667 8.021333-18.048 0-11.093333-8.448-17.493333-8.405333-6.4-29.098666-10.24-27.306667-4.906667-40.32-17.493333-13.013333-12.586667-13.013334-33.493334z\">\u003C/path>\u003C/symbol>\u003Csymbol id=\"iconrongqi5\" viewBox=\"0 0 1024 1024\">\u003Cpath d=\"M847.6672 85.3504c11.2128 0 20.2752 9.0624 20.2752 20.2752v410.1632a208.2816 208.2816 0 0 0-81.2544-23.4496V166.5536H217.856v690.7904h209.408c8.704 31.4368 26.2656 59.648 50.688 81.3056H156.7744a20.3264 20.3264 0 0 1-20.2752-20.3264V105.6256c0-11.2128 9.0624-20.2752 20.2752-20.2752h690.7904zM481.8944 451.0208c10.3424 0 18.9952 7.68 20.224 17.92l0.1024 2.4064V512l-0.1024 2.4064a20.3264 20.3264 0 0 1-17.8176 17.7664l-2.4064 0.1536h-121.856l-2.4064-0.1536a20.3264 20.3264 0 0 1-17.8176-17.8176L339.712 512v-40.6528l0.1024-2.3552a20.3264 20.3264 0 0 1 17.8176-17.8176l2.4064-0.1536h121.856z m162.56-162.56c10.3424 0 18.9952 7.68 20.224 17.9712l0.1024 2.4064v40.6016l-0.1024 2.4064a20.3264 20.3264 0 0 1-17.8688 17.7664l-2.3552 0.1536H360.0384l-2.4064-0.1536a20.3264 20.3264 0 0 1-17.8176-17.7664l-0.1024-2.4064v-40.6016l0.1024-2.4064a20.3264 20.3264 0 0 1 17.8176-17.8176l2.4064-0.1024h284.416z\">\u003C/path>\u003Cpath d=\"M527.104 614.144Q463.36 677.888 463.36 768q0 90.112 63.744 153.856Q590.848 985.6 680.96 985.6q90.112 0 153.856-63.744Q898.56 858.112 898.56 768q0-90.112-63.744-153.856Q771.072 550.4 680.96 550.4q-90.112 0-153.856 63.744z m263.2704 44.4416q45.3632 45.312 45.3632 109.4144t-45.3632 109.4144q-45.312 45.3632-109.4144 45.3632t-109.4144-45.3632q-45.3632-45.312-45.3632-109.4144t45.3632-109.4144q45.312-45.3632 109.4144-45.3632t109.4144 45.3632z m-77.9776 29.184v-3.5328l-0.4608-5.7344q-2.6624-16.384-21.6576-16.384H665.6q-16.0256 6.144-16.0768 22.1184v93.0816q0 22.016 22.1184 22.1184h93.1328q22.016-0.0512 22.0672-22.1184v-18.6368q0-22.016-22.1184-22.1184h-52.3264v-48.8448z\">\u003C/path>\u003C/symbol>\u003Csymbol id=\"iconfenpeiwangluo\" viewBox=\"0 0 1100 1024\">\u003Cpath d=\"M201.144558 333.395349v-119.069768q0-3.524465 0.666791-6.953674 0.714419-3.476837 2.048-6.715535 1.333581-3.238698 3.333953-6.191628 1.905116-2.905302 4.381768-5.381953 2.524279-2.524279 5.429581-4.477024 2.905302-1.905116 6.191628-3.286325 3.238698-1.333581 6.667907-2.048Q233.341023 178.604651 236.865488 178.604651h555.627163q3.524465 0 7.001302 0.666791 3.429209 0.714419 6.667907 2.048 3.286326 1.333581 6.191628 3.333953 2.95293 1.905116 5.429582 4.429396 2.476651 2.476651 4.429395 5.381953 1.952744 2.95293 3.333954 6.191628 1.333581 3.238698 2.000372 6.667907 0.666791 3.476837 0.66679 7.001302v119.069768q0 3.524465-0.66679 6.953674-0.666791 3.476837-2.048 6.715535-1.333581 3.238698-3.286326 6.191628-1.952744 2.905302-4.429395 5.381954-2.476651 2.524279-5.429582 4.477023-2.905302 1.905116-6.191628 3.286325-3.238698 1.333581-6.667907 2.048-3.476837 0.666791-7.001302 0.666791H550.4v127.023628h162.220651a35.72093 35.72093 0 0 1 27.052651 12.383256l119.593675 138.930604c1.952744 2.28614 3.619721 4.762791 4.905674 7.429954h47.389768q3.524465 0 7.001302 0.666791 3.429209 0.714419 6.667907 2.048 3.286326 1.333581 6.191628 3.333953 2.905302 1.905116 5.429581 4.429395 2.476651 2.476651 4.429396 5.381954 1.952744 2.95293 3.333953 6.191628 1.333581 3.238698 2.000372 6.667907 0.666791 3.476837 0.666791 7.001302v158.743814q0 3.524465-0.666791 7.001302-0.666791 3.429209-2.048 6.667907-1.333581 3.286326-3.333953 6.191628-1.905116 2.905302-4.381768 5.429582-2.524279 2.476651-5.429581 4.429395-2.905302 1.952744-6.191628 3.333954-3.238698 1.333581-6.667907 2.000372-3.476837 0.666791-7.001302 0.66679H752.818605q-3.524465 0-6.953675-0.66679-3.476837-0.666791-6.715535-2.048-3.238698-1.333581-6.191628-3.333954-2.905302-1.905116-5.381953-4.381767-2.524279-2.524279-4.477023-5.429582-1.905116-2.905302-3.286326-6.191628-1.333581-3.238698-2.048-6.667907-0.666791-3.476837-0.666791-7.001302V690.604651q0-3.524465 0.666791-6.953674 0.714419-3.476837 2.048-6.715535 1.333581-3.238698 3.333954-6.191628 1.905116-2.905302 4.429395-5.381954 2.476651-2.524279 5.381953-4.477023 2.95293-1.905116 6.191628-3.286325 3.238698-1.333581 6.667907-2.048Q749.341767 654.883721 752.818605 654.883721h18.574883l-75.156837-87.301954H550.4V654.883721h43.674791q3.476837 0 6.953674 0.666791 3.429209 0.714419 6.667907 2.048 3.286326 1.333581 6.191628 3.333953 2.95293 1.905116 5.429581 4.429395 2.476651 2.476651 4.429396 5.381954 1.952744 2.95293 3.333953 6.191628 1.333581 3.238698 2.000372 6.667907 0.714419 3.476837 0.714419 7.001302v158.743814q0 3.524465-0.714419 7.001302-0.666791 3.429209-2.048 6.667907-1.333581 3.286326-3.286325 6.191628-1.905116 2.905302-4.429396 5.429582-2.476651 2.476651-5.429581 4.429395-2.905302 1.952744-6.191628 3.333954-3.238698 1.333581-6.667907 2.000372-3.476837 0.666791-6.953674 0.66679H435.283349q-3.524465 0-6.953675-0.66679-3.476837-0.666791-6.667907-2.048-3.286326-1.333581-6.191627-3.333954-2.95293-1.905116-5.429582-4.381767-2.476651-2.524279-4.429395-5.429582-1.952744-2.905302-3.333954-6.191628-1.333581-3.238698-2.000372-6.667907-0.714419-3.476837-0.714418-7.001302V690.604651q0-3.524465 0.714418-6.953674 0.666791-3.476837 2.000372-6.715535 1.381209-3.238698 3.333954-6.191628 1.905116-2.905302 4.429395-5.381954 2.476651-2.524279 5.429582-4.477023 2.905302-1.905116 6.191627-3.286325 3.19107-1.333581 6.667907-2.048 3.429209-0.666791 6.953675-0.666791h43.674791v-87.301954H332.645209L257.821767 654.883721H276.539535q3.524465 0 6.953674 0.666791 3.476837 0.714419 6.715535 2.048 3.238698 1.333581 6.191628 3.333953 2.905302 1.905116 5.381954 4.429395 2.524279 2.476651 4.477023 5.381954 1.905116 2.95293 3.286325 6.191628 1.333581 3.238698 2.048 6.667907 0.666791 3.476837 0.666791 7.001302v158.743814q0 3.524465-0.666791 7.001302-0.714419 3.429209-2.048 6.667907-1.333581 3.286326-3.333953 6.191628-1.905116 2.905302-4.429395 5.429582-2.476651 2.476651-5.381954 4.429395-2.95293 1.952744-6.191628 3.333954-3.238698 1.333581-6.667907 2.000372-3.476837 0.666791-7.001302 0.66679H117.795721q-3.524465 0-7.001302-0.66679-3.429209-0.666791-6.667907-2.048-3.286326-1.333581-6.191628-3.333954-2.905302-1.905116-5.429582-4.381767-2.476651-2.524279-4.429395-5.429582-1.905116-2.905302-3.333954-6.191628-1.285953-3.238698-2.000372-6.667907-0.666791-3.476837-0.66679-7.001302V690.604651q0-3.524465 0.66679-6.953674 0.714419-3.476837 2.048-6.715535 1.333581-3.238698 3.333954-6.191628 1.905116-2.905302 4.381767-5.381954 2.524279-2.524279 5.429582-4.477023 2.905302-1.905116 6.191628-3.286325 3.238698-1.333581 6.667907-2.048 3.476837-0.666791 7.001302-0.666791h47.389767a35.72093 35.72093 0 0 1 4.858047-7.382326l119.069767-138.882976a35.72093 35.72093 0 0 1 27.147907-12.478512H478.95814V369.116279H236.865488q-3.524465 0-7.001302-0.666791-3.429209-0.714419-6.667907-2.048-3.286326-1.333581-6.191628-3.333953-2.905302-1.905116-5.429581-4.429395-2.476651-2.476651-4.429396-5.381954-1.905116-2.95293-3.333953-6.191628-1.285953-3.238698-2.000372-6.667907-0.666791-3.476837-0.666791-7.001302z m71.441861-83.348837v47.627907h484.185302v-47.627907H272.586419z m-119.069768 476.279069v87.301954H240.818605V726.325581H153.516651z m317.487628 0v87.301954h87.349581V726.325581H471.004279z m317.535256 0v87.301954h87.301953V726.325581H788.539535z\" fill=\"#86909C\">\u003C/path>\u003C/symbol>\u003Csymbol id=\"iconMusic\" viewBox=\"0 0 1024 1024\">\u003Cpath d=\"M906.991 150.344l0.009 0.996v529.104c0 88.368-71.632 160-160 160s-160-71.632-160-160c0-88.367 71.632-160 160-160 36.02 0 69.26 11.903 96.002 31.989L843 164.12l-396.575 72.104a10.667 10.667 0 0 0-8.755 10.21l-0.003 0.285-0.001 518.937v0.12c0 87.484-70.208 158.566-157.353 159.98l-2.646 0.02c-88.366 0-160-71.633-160-160 0-88.366 71.634-160 160-160 36.02 0 69.26 11.903 96.001 31.99l-0.001-391.047c0-35.725 25.293-66.389 60.248-73.262l1.062-0.2 409.15-74.392c32.411-5.892 62.27 18.7 62.864 51.478zM277.667 669.778c-53.02 0-96 42.98-96 96s42.98 96 96 96 96-42.98 96-96l-0.001 0.12v-0.243c-0.065-52.434-42.165-95.017-94.412-95.865zM747 584.444c-53.021 0-96 42.979-96 96 0 53.022 42.979 96 96 96s96-42.978 96-96c0-53.021-42.979-96-96-96z\" fill=\"#000000\">\u003C/path>\u003C/symbol>\u003Csymbol id=\"iconClipped\" viewBox=\"0 0 1024 1024\">\u003Cpath d=\"M512 422.4a187.733333 187.733333 0 1 0 0-375.466667 187.733333 187.733333 0 0 0 0 375.466667z m0-298.666667a110.933333 110.933333 0 1 1 0 221.866667 110.933333 110.933333 0 0 1 0-221.866667zM469.333333 571.733333c-96.298667 0-178.346667 30.08-246.016 90.282667C156.928 721.024 123.733333 791.893333 123.733333 874.666667a38.4 38.4 0 0 1-76.8 0c0-105.770667 41.813333-195.754667 125.354667-270.08C254.549333 531.498667 353.578667 494.933333 469.333333 494.933333a38.4 38.4 0 0 1 0 76.8zM789.333333 558.933333a38.4 38.4 0 0 1 27.136 11.264l85.333334 85.333334a38.4 38.4 0 0 1 0 54.272l-213.333334 213.333333a38.4 38.4 0 0 1-27.136 11.264h-85.333333a38.4 38.4 0 0 1-38.4-38.4v-85.333333a38.4 38.4 0 0 1 11.264-27.136l213.333333-213.333334a38.4 38.4 0 0 1 27.136-11.264z m0 92.714667l-174.933333 174.933333v31.018667h31.018667l174.933333-174.933333-31.018667-31.018667z\">\u003C/path>\u003C/symbol>\u003Csymbol id=\"iconrongqi4\" viewBox=\"0 0 1024 1024\">\u003Cpath d=\"M917.3504 768c11.776 0 21.2992 9.5744 21.2992 21.3504v42.6496c0 11.776-9.5232 21.3504-21.2992 21.3504H106.6496a21.3504 21.3504 0 0 1-21.2992-21.3504v-42.6496c0-11.776 9.5232-21.3504 21.2992-21.3504h810.7008zM132.0448 377.6c4.608 0 9.1136 1.28 13.1072 3.6864l181.0944 109.1584a25.3952 25.3952 0 0 1 0 43.4688L145.152 643.072a25.3952 25.3952 0 0 1-38.5024-21.76V402.9952c0-14.0288 11.3664-25.3952 25.3952-25.3952z m785.3056 91.7504c11.776 0 21.2992 9.5232 21.2992 21.2992v42.7008c0 11.776-9.5232 21.2992-21.2992 21.2992H490.6496a21.3504 21.3504 0 0 1-21.2992-21.2992v-42.7008c0-11.776 9.5232-21.2992 21.2992-21.2992h426.7008z m0-298.7008c11.776 0 21.2992 9.5744 21.2992 21.3504v42.6496c0 11.776-9.5232 21.3504-21.2992 21.3504H106.6496a21.3504 21.3504 0 0 1-21.2992-21.3504V192c0-11.776 9.5232-21.3504 21.2992-21.3504h810.7008z\">\u003C/path>\u003C/symbol>\u003Csymbol id=\"icona-2\" viewBox=\"0 0 1024 1024\">\u003Cpath d=\"M864 224a64 64 0 0 0-64 64v448a64 64 0 0 0 128 0V288a64 64 0 0 0-64-64z\">\u003C/path>\u003Cpath d=\"M288 789.12q-1.824 1.056-3.68 1.984-1.92 0.928-3.84 1.728-1.92 0.8-3.904 1.472-1.984 0.672-4 1.216-2.048 0.544-4.096 0.96-2.048 0.416-4.128 0.672-2.08 0.288-4.16 0.416-2.112 0.128-4.192 0.128t-4.16-0.128q-2.112-0.128-4.192-0.416-2.08-0.256-4.16-0.672-2.016-0.416-4.064-0.96-2.016-0.544-4-1.216-1.984-0.672-3.904-1.472-1.92-0.8-3.84-1.728-1.856-0.928-3.68-1.984-1.824-1.024-3.552-2.208-1.76-1.152-3.424-2.432-1.632-1.28-3.2-2.656-1.6-1.376-3.072-2.88-1.504-1.472-2.88-3.04-1.376-1.6-2.656-3.232-1.28-1.664-2.432-3.424-1.152-1.728-2.24-3.52-1.024-1.824-1.92-3.712-0.96-1.888-1.76-3.84-0.8-1.92-1.472-3.904-0.64-1.984-1.216-4-0.544-2.016-0.96-4.096-0.384-2.048-0.64-4.128-0.32-2.08-0.448-4.16T192 733.728V290.272q0-2.112 0.128-4.192 0.16-2.08 0.416-4.16 0.288-2.08 0.672-4.16 0.416-2.048 0.96-4.064t1.216-4q0.672-1.984 1.472-3.936 0.8-1.92 1.728-3.808 0.96-1.888 1.984-3.68 1.056-1.824 2.24-3.552 1.12-1.76 2.4-3.424 1.28-1.664 2.656-3.2 1.376-1.6 2.88-3.072 1.472-1.504 3.04-2.88 1.6-1.376 3.232-2.656 1.664-1.28 3.424-2.432 1.728-1.184 3.552-2.24 1.824-1.024 3.68-1.92 1.92-0.96 3.84-1.76t3.904-1.472q1.984-0.672 4-1.216 2.048-0.544 4.096-0.96 2.048-0.416 4.128-0.672 2.08-0.288 4.16-0.416 2.112-0.128 4.192-0.128t4.16 0.128q2.112 0.128 4.192 0.416 2.08 0.256 4.16 0.672 2.016 0.416 4.064 0.96 2.016 0.544 4 1.216 1.984 0.672 3.904 1.472 1.92 0.8 3.84 1.728 1.856 0.928 3.68 1.984l384 221.696q1.824 1.056 3.552 2.24 1.76 1.12 3.424 2.4 1.632 1.28 3.2 2.656 1.6 1.376 3.072 2.88 1.504 1.472 2.88 3.04 1.376 1.6 2.656 3.232 1.28 1.664 2.432 3.424 1.152 1.728 2.24 3.552 1.024 1.824 1.92 3.68 0.96 1.92 1.76 3.84t1.472 3.904q0.64 1.984 1.216 4 0.544 2.048 0.96 4.096 0.384 2.048 0.64 4.128 0.32 2.08 0.448 4.16 0.128 2.112 0.128 4.192t-0.128 4.16q-0.16 2.112-0.416 4.192-0.288 2.08-0.672 4.16-0.416 2.016-0.96 4.064-0.544 2.016-1.216 4-0.672 1.984-1.472 3.904-0.8 1.92-1.728 3.84-0.96 1.856-1.984 3.68-1.056 1.824-2.24 3.552-1.12 1.76-2.4 3.424-1.28 1.632-2.656 3.2-1.376 1.6-2.88 3.072-1.472 1.504-3.04 2.88-1.6 1.376-3.232 2.656-1.664 1.28-3.424 2.432-1.728 1.152-3.552 2.24L288 789.12z\">\u003C/path>\u003C/symbol>\u003Csymbol id=\"iconrongqi3\" viewBox=\"0 0 1024 1024\">\u003Cpath d=\"M512 68.2496a38.4 38.4 0 0 1 38.4 38.4v362.7008c0 2.816 1.3824 4.2496 4.2496 4.2496h362.6496a38.4 38.4 0 0 1 38.4 38.4c0 122.5216-43.3152 227.1232-129.9456 313.7536-86.6304 86.6816-191.232 129.9968-313.7536 129.9968-122.5728 0-227.1232-43.3152-313.8048-129.9968C111.616 739.1232 68.2496 634.5216 68.2496 512c0-122.5216 43.3152-227.1232 129.9456-313.7536C284.8768 111.616 389.4272 68.2496 512 68.2496z m-38.4 78.592c-84.992 8.0384-158.6688 43.264-221.0816 105.6768-71.68 71.68-107.4688 158.208-107.4688 259.4816 0 101.376 35.84 187.8016 107.52 259.4816 71.5776 71.68 158.1056 107.4688 259.4304 107.4688s187.8016-35.84 259.4304-107.52c62.464-62.4128 97.6896-136.0896 105.728-221.0304h-322.5088c-22.3744 0-41.472-7.8848-57.344-23.7568a78.1312 78.1312 0 0 1-23.7056-57.344V146.8928z\" fill=\"#333333\">\u003C/path>\u003Cpath d=\"M759.3472 43.52c33.2288 0 61.5936 11.776 85.0944 35.2256 23.5008 23.552 35.2256 51.8656 35.2256 85.0944v33.28h20.6848c8.448 0 15.616 2.9696 21.5552 8.96a29.3888 29.3888 0 0 1 8.96 21.5552v179.6096a29.3888 29.3888 0 0 1-8.96 21.5552 29.3888 29.3888 0 0 1-21.5552 8.96h-282.0096a29.3888 29.3888 0 0 1-21.5552-8.96 29.3888 29.3888 0 0 1-8.96-21.5552V227.6352c0-8.3968 2.9696-15.616 8.96-21.5552a29.3888 29.3888 0 0 1 21.5552-8.96h20.6848V163.84c0-33.2288 11.776-61.5936 35.2256-85.0944A115.9168 115.9168 0 0 1 759.3472 43.52z m110.08 215.04h-220.16v117.76h220.16v-117.76z m-110.08-153.6c-16.2304 0-30.1056 5.7344-41.6256 17.2544a56.7296 56.7296 0 0 0-17.2544 41.6256v33.28h117.76V163.84c0-16.2304-5.7344-30.1056-17.2544-41.6256a56.7296 56.7296 0 0 0-41.6256-17.2544z\" fill=\"#333333\">\u003C/path>\u003C/symbol>\u003Csymbol id=\"icona-111\" viewBox=\"0 0 1024 1024\">\u003Cpath d=\"M320 85.333333a21.333333 21.333333 0 0 1 21.333333 21.333334v42.666666h341.333334v-42.666666a21.333333 21.333333 0 0 1 21.333333-21.333334h42.666667a21.333333 21.333333 0 0 1 21.333333 21.333334v42.666666h128a42.666667 42.666667 0 0 1 42.666667 42.666667v725.333333a42.666667 42.666667 0 0 1-42.666667 42.666667H128a42.666667 42.666667 0 0 1-42.666667-42.666667v-725.333333a42.666667 42.666667 0 0 1 42.666667-42.666667h128v-42.666666a21.333333 21.333333 0 0 1 21.333333-21.333334h42.666667zM256 234.666667H170.666667v640h682.666666v-640h-85.333333v42.666666a21.333333 21.333333 0 0 1-21.333333 21.333334h-42.666667a21.333333 21.333333 0 0 1-21.333333-21.333334v-42.666666H341.333333v42.666666a21.333333 21.333333 0 0 1-21.333333 21.333334h-42.666667a21.333333 21.333333 0 0 1-21.333333-21.333334v-42.666666z\">\u003C/path>\u003Cpath d=\"M533.333333 597.333333a21.333333 21.333333 0 0 1 21.333334 21.333334v42.666666a21.333333 21.333333 0 0 1-21.333334 21.333334h-213.333333a21.333333 21.333333 0 0 1-21.333333-21.333334v-42.666666a21.333333 21.333333 0 0 1 21.333333-21.333334h213.333333z m170.666667-170.666666a21.333333 21.333333 0 0 1 21.333333 21.333333v42.666667a21.333333 21.333333 0 0 1-21.333333 21.333333h-384a21.333333 21.333333 0 0 1-21.333333-21.333333v-42.666667a21.333333 21.333333 0 0 1 21.333333-21.333333h384z\">\u003C/path>\u003C/symbol>\u003Csymbol id=\"icongengduo\" viewBox=\"0 0 1024 1024\">\u003Cpath d=\"M174.545455 418.909091a81.454545 81.454545 0 1 1 0 162.909091 81.454545 81.454545 0 0 1 0-162.909091z m349.090909 0a81.454545 81.454545 0 1 1 0 162.909091 81.454545 81.454545 0 0 1 0-162.909091z m349.090909 0a81.454545 81.454545 0 1 1 0 162.909091 81.454545 81.454545 0 0 1 0-162.909091z\" fill=\"#282C33\">\u003C/path>\u003C/symbol>\u003Csymbol id=\"iconrongqi1\" viewBox=\"0 0 1024 1024\">\u003Cpath d=\"M939.968 596.032l-75.968-57.6c0.768-8 1.6-16.832 1.6-26.432 0-9.6-0.832-18.368-1.6-26.368l75.968-57.6a51.84 51.84 0 0 0 12.8-68.032l-84.8-143.232a54.784 54.784 0 0 0-65.6-24l-90.368 35.2a306.816 306.816 0 0 0-47.232-26.368l-13.568-92.032A53.568 53.568 0 0 0 597.568 64H426.368c-27.2 0-49.6 19.2-53.568 44.8l-12.8 92.8a349.44 349.44 0 0 0-47.232 26.432l-90.368-35.2a53.76 53.76 0 0 0-19.2-3.2c-19.2 0-37.632 9.6-46.4 26.368l-85.632 144a52.16 52.16 0 0 0 12.8 68.032l76.032 57.6c-0.832 9.6-1.6 18.368-1.6 26.368s0 16.768 1.6 26.432l-76.032 57.6a51.84 51.84 0 0 0-12.8 67.968l84.8 143.232a54.784 54.784 0 0 0 65.6 24l90.432-35.2c15.168 10.368 31.168 19.2 47.168 26.368l13.632 92.032c3.2 25.6 26.368 45.568 53.568 45.568h171.2c27.2 0 49.6-19.2 53.632-44.8l13.568-92.8c16-7.168 31.232-16 47.232-26.368l90.368 35.2c6.4 2.368 12.8 3.2 19.2 3.2 19.2 0 37.632-9.6 46.4-26.432l85.632-144.768c12.8-23.232 7.168-51.2-13.632-67.2zM704 512c0 105.6-86.4 192-192 192S320 617.6 320 512s86.4-192 192-192 192 86.4 192 192z\">\u003C/path>\u003C/symbol>\u003Csymbol id=\"iconrongqi2\" viewBox=\"0 0 1024 1024\">\u003Cpath d=\"M768 89.6a38.4 38.4 0 0 1 38.4 38.4v302.933333H938.666667a38.4 38.4 0 0 1 38.4 38.4v341.333334a38.4 38.4 0 0 1-38.4 38.4h-90.752l-52.778667 52.736a38.4 38.4 0 0 1-54.272 0L688.085333 849.066667H469.333333a38.4 38.4 0 0 1-38.4-38.4v-132.266667H378.581333l-74.112 74.069333a38.4 38.4 0 0 1-54.272 0L176.085333 678.4H85.333333a38.4 38.4 0 0 1-38.4-38.4V128a38.4 38.4 0 0 1 38.4-38.4z m132.266667 418.133333h-93.866667V640a38.4 38.4 0 0 1-38.4 38.4h-260.266667v93.866667h196.266667a38.4 38.4 0 0 1 27.136 11.264l36.864 36.821333 36.864-36.821333a38.4 38.4 0 0 1 27.136-11.264h68.266667v-264.533334z m-170.666667-341.333333H123.733333v435.2h68.266667a38.4 38.4 0 0 1 27.136 11.264L277.333333 671.018667l58.197334-58.154667A38.4 38.4 0 0 1 362.666667 601.6h366.933333V166.4z\">\u003C/path>\u003Cpath d=\"M405.333333 422.4h21.333334a38.314667 38.314667 0 0 0 37.674666-45.909333A38.314667 38.314667 0 0 0 426.666667 345.6h-21.333334a38.314667 38.314667 0 0 0-37.674666 45.909333 38.314667 38.314667 0 0 0 37.674666 30.890667zM554.666667 422.4h21.333333a38.314667 38.314667 0 0 0 37.674667-45.909333 38.314667 38.314667 0 0 0-37.674667-30.890667H554.666667a38.314667 38.314667 0 0 0-37.674667 45.909333A38.314667 38.314667 0 0 0 554.666667 422.4zM256 422.4h21.333333a38.314667 38.314667 0 0 0 37.674667-45.909333A38.314667 38.314667 0 0 0 277.333333 345.6H256a38.314667 38.314667 0 0 0-37.674667 45.909333A38.314667 38.314667 0 0 0 256 422.4z\">\u003C/path>\u003C/symbol>\u003Csymbol id=\"iconrongqi\" viewBox=\"0 0 1024 1024\">\u003Cpath d=\"M913.066667 896V128q0-33.578667-23.722667-57.301333Q865.578667 46.933333 832 46.933333h-597.333333Q153.6 46.933333 153.6 128v768q0 81.066667 81.066667 81.066667h597.333333q81.066667 0 81.066667-81.066667zM832 123.733333q4.266667 0 4.266667 4.266667v768q0 4.266667-4.266667 4.266667h-597.333333q-4.266667 0-4.266667-4.266667V128q0-4.266667 4.266667-4.266667h597.333333z\">\u003C/path>\u003Cpath d=\"M362.666667 678.4h298.666666q3.797333 0 7.509334-0.725333 3.669333-0.768 7.168-2.218667 3.498667-1.450667 6.656-3.541333 3.157333-2.133333 5.802666-4.778667 2.688-2.645333 4.778667-5.802667 2.133333-3.157333 3.541333-6.656 1.450667-3.498667 2.218667-7.168 0.725333-3.712 0.725333-7.509333t-0.725333-7.509333q-0.768-3.669333-2.218667-7.168-1.450667-3.498667-3.541333-6.656-2.133333-3.157333-4.778667-5.802667-2.645333-2.688-5.802666-4.778667-3.157333-2.133333-6.656-3.541333-3.498667-1.450667-7.168-2.218667-3.712-0.725333-7.509334-0.725333h-298.666666q-3.797333 0-7.509334 0.725333-3.669333 0.768-7.168 2.218667-3.498667 1.450667-6.656 3.541333-3.157333 2.133333-5.802666 4.778667-2.688 2.645333-4.778667 5.802667-2.133333 3.157333-3.541333 6.656-1.450667 3.498667-2.218667 7.168-0.725333 3.712-0.725333 7.509333t0.725333 7.509333q0.768 3.669333 2.218667 7.168 1.450667 3.498667 3.541333 6.656 2.133333 3.157333 4.778667 5.802667 2.645333 2.688 5.802666 4.778667 3.157333 2.133333 6.656 3.541333 3.498667 1.450667 7.168 2.218667 3.712 0.725333 7.509334 0.725333zM362.666667 806.4H512q3.797333 0 7.509333-0.725333 3.669333-0.768 7.168-2.218667 3.498667-1.450667 6.656-3.541333 3.157333-2.133333 5.802667-4.778667 2.688-2.645333 4.778667-5.802667 2.133333-3.157333 3.541333-6.656 1.450667-3.498667 2.218667-7.168 0.725333-3.712 0.725333-7.509333t-0.725333-7.509333q-0.768-3.669333-2.218667-7.168-1.450667-3.498667-3.541333-6.656-2.133333-3.157333-4.778667-5.802667-2.645333-2.688-5.802667-4.778667-3.157333-2.133333-6.656-3.541333-3.498667-1.450667-7.168-2.218667-3.712-0.725333-7.509333-0.725333H362.666667q-3.797333 0-7.509334 0.725333-3.669333 0.768-7.168 2.218667-3.498667 1.450667-6.656 3.541333-3.157333 2.133333-5.802666 4.778667-2.688 2.645333-4.778667 5.802667-2.133333 3.157333-3.541333 6.656-1.450667 3.498667-2.218667 7.168-0.725333 3.712-0.725333 7.509333t0.725333 7.509333q0.768 3.669333 2.218667 7.168 1.450667 3.498667 3.541333 6.656 2.133333 3.157333 4.778667 5.802667 2.645333 2.688 5.802666 4.778667 3.157333 2.133333 6.656 3.541333 3.498667 1.450667 7.168 2.218667 3.712 0.725333 7.509334 0.725333z\">\u003C/path>\u003Cpath d=\"M324.266667 469.333333V256q0-3.797333 0.725333-7.509333 0.768-3.712 2.218667-7.168 1.408-3.498667 3.541333-6.656 2.090667-3.157333 4.778667-5.802667 2.645333-2.688 5.802666-4.778667 3.157333-2.133333 6.656-3.541333 3.456-1.450667 7.168-2.218667 3.712-0.725333 7.509334-0.725333h298.666666q3.797333 0 7.509334 0.725333 3.712 0.768 7.168 2.218667 3.498667 1.408 6.656 3.541333 3.157333 2.090667 5.802666 4.778667 2.688 2.645333 4.778667 5.802667 2.133333 3.157333 3.541333 6.656 1.450667 3.456 2.218667 7.168 0.725333 3.712 0.725333 7.509333v213.333333q0 3.797333-0.725333 7.509334-0.768 3.712-2.218667 7.168-1.408 3.498667-3.541333 6.656-2.090667 3.157333-4.778667 5.802666-2.645333 2.688-5.802666 4.778667-3.157333 2.133333-6.656 3.541333-3.456 1.450667-7.168 2.218667-3.712 0.725333-7.509334 0.725333h-298.666666q-3.797333 0-7.509334-0.725333-3.712-0.768-7.168-2.218667-3.498667-1.408-6.656-3.541333-3.157333-2.090667-5.802666-4.778667-2.688-2.645333-4.778667-5.802666-2.133333-3.157333-3.541333-6.656-1.450667-3.456-2.218667-7.168Q324.266667 473.130667 324.266667 469.333333z m76.8-174.933333v136.533333h221.866666V294.4H401.066667z\">\u003C/path>\u003C/symbol>\u003Csymbol id=\"iconbianzu\" viewBox=\"0 0 1024 1024\">\u003Cpath d=\"M496.213333 42.666667a410.88 410.88 0 0 1 279.04 712.533333l163.328 158.378667a43.349333 43.349333 0 1 1-60.586666 61.994666l-173.141334-167.936a409.002667 409.002667 0 0 1-208.64 56.832A410.88 410.88 0 0 1 85.333333 453.546667 410.88 410.88 0 0 1 496.213333 42.666667z m0 86.613333a324.266667 324.266667 0 1 0 0 648.533333 324.266667 324.266667 0 0 0 0-648.533333z\" fill=\"#000000\">\u003C/path>\u003Cpath d=\"M308.906667 642.304a29.866667 29.866667 0 0 1-32.341334-27.221333l-25.6-297.642667a29.866667 29.866667 0 0 1 43.306667-29.184l154.453333 78.506667V187.733333a29.866667 29.866667 0 0 1 43.946667-26.368l3.541333 2.261334 89.088 65.152a29.866667 29.866667 0 0 1-35.285333 48.213333l-41.514667-30.421333-0.042666 168.832a29.866667 29.866667 0 0 1-39.68 28.245333l-3.754667-1.621333-149.888-76.202667 20.906667 244.181333a29.866667 29.866667 0 0 1-23.168 31.658667l-4.010667 0.64z\" fill=\"#000000\">\u003C/path>\u003C/symbol>\u003Csymbol id=\"iconbutton_Knowledge\" viewBox=\"0 0 1024 1024\">\u003Cpath d=\"M896 85.333333c35.413333 0 64 28.842667 64 64.213334v605.952a64.426667 64.426667 0 0 1-44.928 61.269333l-384.298667 118.101333a64 64 0 0 1-37.589333 0l-384.896-118.272A64.213333 64.213333 0 0 1 64 755.498667V149.546667a64.085333 64.085333 0 0 1 83.029333-61.312L512 200.149333l364.288-111.701333C882.645333 86.4 889.301333 85.333333 896 85.333333zM149.333333 178.176v561.749333l320 98.346667V276.309333l-320-98.133333z m725.333334 0l-320 98.133333v561.92l320-98.261333V178.176z\">\u003C/path>\u003C/symbol>\u003Csymbol id=\"iconnav_Command\" viewBox=\"0 0 1024 1024\">\u003Cpath d=\"M125.184 471.04l-2.901333-1.493333a40.533333 40.533333 0 0 0-31.189334-0.853334 42.154667 42.154667 0 0 0-23.04 21.76c-4.650667 10.026667-5.333333 21.546667-1.92 32.085334a42.666667 42.666667 0 0 0 20.224 24.490666l395.818667 214.613334 3.072 1.536 2.986667 1.194666 2.858666 0.896 2.986667 0.725334 2.304 0.341333 3.925333 0.341333h2.261334l2.645333-0.085333 3.584-0.469333 2.816-0.597334 1.621333-0.426666 3.669334-1.28 2.133333-0.938667a36.992 36.992 0 0 0 2.389333-1.194667l395.818667-214.656a42.666667 42.666667 0 0 0 20.394667-25.301333 44.117333 44.117333 0 0 0-2.944-32.725333 41.984 41.984 0 0 0-24.533334-21.034667 40.576 40.576 0 0 0-31.786666 3.029333l-376.533334 204.245334-376.661333-204.245334z\" fill=\"#1D2129\">\u003C/path>\u003Cpath d=\"M125.184 664.277333l-2.901333-1.450666a40.533333 40.533333 0 0 0-31.189334-0.853334 42.197333 42.197333 0 0 0-23.04 21.76c-4.650667 10.026667-5.333333 21.546667-1.92 32.085334a42.666667 42.666667 0 0 0 20.224 24.490666l396.032 214.741334 2.986667 1.450666a40.362667 40.362667 0 0 0 26.88 2.133334c9.642667 2.56 20.266667 1.578667 29.781333-3.584l396.032-214.741334a42.666667 42.666667 0 0 0 20.096-25.301333c3.242667-10.794667 2.133333-22.528-2.986666-32.512a42.026667 42.026667 0 0 0-24.32-20.992 40.576 40.576 0 0 0-31.573334 2.773333l-387.072 209.834667-386.986666-209.834667zM501.845333 64c6.997333 0 13.824 1.792 19.925334 5.248l405.077333 227.626667a21.162667 21.162667 0 0 1 7.936 7.893333 21.973333 21.973333 0 0 1-7.936 29.824l-405.034667 227.626667a40.704 40.704 0 0 1-39.936 0L76.8 334.592a21.973333 21.973333 0 0 1 0-37.717333l405.034667-227.626667a40.746667 40.746667 0 0 1 19.968-5.248z m0 91.861333L217.386667 315.733333l284.458666 159.872L786.261333 315.733333l-284.458666-159.872z\" fill=\"#1D2129\">\u003C/path>\u003C/symbol>\u003Csymbol id=\"iconRebuild\" viewBox=\"0 0 1024 1024\">\u003Cpath d=\"M802.133333 849.92H218.453333c-50.346667 0-91.306667-40.96-91.306666-91.306667V242.346667c0-50.346667 40.96-91.306667 91.306666-91.306667h173.226667c24.746667 0 46.933333 9.386667 64.853333 26.453333l78.506667 78.506667c5.12 5.12 12.8 8.533333 21.333333 8.533333h247.466667c50.346667 0 91.306667 40.96 91.306667 91.306667v402.773333c0 50.346667-41.813333 91.306667-92.16 91.306667zM218.453333 212.48c-16.213333 0-29.866667 13.653333-29.866666 29.866667v516.266666c0 16.213333 13.653333 29.866667 29.866666 29.866667H802.133333c16.213333 0 29.866667-13.653333 29.866667-29.866667V354.986667c0-16.213333-13.653333-29.866667-29.866667-29.866667H555.52c-24.746667 0-46.933333-9.386667-64.853333-26.453333l-78.506667-77.653334c-5.12-5.12-12.8-8.533333-21.333333-8.533333H217.6z\" fill=\"#333333\">\u003C/path>\u003Cpath d=\"M465.066667 502.613333l-93.013334-57.173333v103.253333l93.013334-46.08z\" fill=\"#333333\">\u003C/path>\u003Cpath d=\"M647.68 512.853333c-12.8-41.813333-43.52-75.093333-84.48-91.306666-61.44-23.893333-133.12-1.706667-169.813333 53.76-4.266667 6.826667-5.12 14.506667-3.413334 21.333333 1.706667 5.12 4.266667 9.386667 8.533334 11.946667 2.56 4.266667 6.826667 6.826667 11.946666 8.533333 8.533333 1.706667 17.066667-1.706667 21.333334-9.386667 22.186667-39.253333 70.826667-56.32 113.493333-40.106666 26.453333 10.24 46.933333 31.573333 54.613333 58.88 3.413333 10.24 12.8 17.92 23.893334 17.92h2.56c7.68 0 13.653333-5.12 17.92-11.093334 4.266667-5.973333 5.12-13.653333 3.413333-21.333333zM556.373333 612.693333l93.013334 58.026667 0.853333-103.253333-93.866667 45.226666z\" fill=\"#333333\">\u003C/path>\u003Cpath d=\"M631.466667 630.613333c-1.706667-5.12-4.266667-9.386667-8.533334-11.946666-2.56-4.266667-6.826667-6.826667-11.946666-8.533334-8.533333-1.706667-17.066667 1.706667-21.333334 9.386667-22.186667 39.253333-70.826667 56.32-113.493333 40.106667-26.453333-10.24-46.933333-31.573333-54.613333-59.733334-4.266667-11.946667-15.36-17.92-26.453334-17.066666-7.68 0-14.506667 5.12-18.773333 11.093333-4.266667 5.973333-5.12 13.653333-2.56 20.48 12.8 41.813333 43.52 75.093333 84.48 91.306667 16.213333 5.973333 33.28 9.386667 50.346667 9.386666 48.64 0 93.013333-23.893333 119.466666-63.146666 4.266667-6.826667 5.12-14.506667 3.413334-21.333334z\" fill=\"#333333\">\u003C/path>\u003C/symbol>\u003Csymbol id=\"iconnav_Dialogue\" viewBox=\"0 0 1024 1024\">\u003Cpath d=\"M512 85.333333c235.648 0 426.666667 191.018667 426.666667 426.666667s-191.018667 426.666667-426.666667 426.666667H128a42.666667 42.666667 0 0 1-42.666667-42.666667v-384C85.333333 276.352 276.352 85.333333 512 85.333333z m0 81.28A345.386667 345.386667 0 0 0 166.613333 512v345.386667H512a345.386667 345.386667 0 1 0 0-690.773334z m14.592 203.178667c9.045333 0 12.373333 0.938667 15.658667 2.688a18.432 18.432 0 0 1 7.68 7.68c1.792 3.328 2.688 6.613333 2.688 15.658667v272.981333c0 9.088-0.896 12.373333-2.688 15.658667a18.474667 18.474667 0 0 1-7.68 7.68c-3.328 1.792-6.613333 2.730667-15.658667 2.730666h-29.184c-9.045333 0-12.373333-0.938667-15.658667-2.730666a18.474667 18.474667 0 0 1-7.68-7.68c-1.792-3.285333-2.688-6.570667-2.688-15.658667V395.818667c0-9.045333 0.896-12.373333 2.688-15.658667a18.432 18.432 0 0 1 7.68-7.68c3.328-1.749333 6.613333-2.688 15.658667-2.688h29.184z m162.56 60.928c9.045333 0 12.288 0.938667 15.616 2.730667a18.432 18.432 0 0 1 7.68 7.68c1.792 3.285333 2.730667 6.570667 2.730667 15.658666v130.773334c0 9.045333-0.938667 12.330667-2.730667 15.616a18.432 18.432 0 0 1-7.68 7.68c-3.328 1.792-6.570667 2.730667-15.658667 2.730666h-29.141333c-9.088 0-12.373333-0.938667-15.658667-2.730666a18.389333 18.389333 0 0 1-7.68-7.68c-1.792-3.285333-2.730667-6.570667-2.730666-15.658667v-130.730667c0-9.088 0.938667-12.373333 2.730666-15.658666a18.432 18.432 0 0 1 7.68-7.68c3.285333-1.792 6.570667-2.730667 15.658667-2.730667h29.141333z m-325.12 0c9.088 0 12.373333 0.938667 15.658667 2.730667a18.432 18.432 0 0 1 7.68 7.68c1.792 3.285333 2.730667 6.570667 2.730666 15.658666v130.773334c0 9.045333-0.938667 12.330667-2.730666 15.616a18.432 18.432 0 0 1-7.68 7.68c-3.285333 1.792-6.570667 2.730667-15.658667 2.730666H334.933333c-9.088 0-12.373333-0.938667-15.658666-2.730666a18.432 18.432 0 0 1-7.68-7.68c-1.792-3.285333-2.730667-6.570667-2.730667-15.658667v-130.730667c0-9.088 0.938667-12.373333 2.730667-15.658666a18.474667 18.474667 0 0 1 7.68-7.68c3.285333-1.792 6.570667-2.730667 15.658666-2.730667h29.141334z\" fill=\"#1D2129\">\u003C/path>\u003C/symbol>\u003Csymbol id=\"iconbutton_set\" viewBox=\"0 0 1024 1024\">\u003Cpath d=\"M647.466667 444.245333c33.749333 0 66.645333-11.008 93.738666-31.36a158.165333 158.165333 0 0 0 56.576-81.578666h112.170667c9.984 0 13.610667-1.066667 17.237333-3.029334a20.394667 20.394667 0 0 0 8.490667-8.533333c1.962667-3.669333 2.986667-7.338667 2.986667-17.408v-32.426667c0-10.112-1.024-13.738667-2.986667-17.408a20.394667 20.394667 0 0 0-8.490667-8.533333c-3.626667-2.005333-7.253333-3.029333-17.237333-3.029333h-112.213333a158.165333 158.165333 0 0 0-56.576-81.621334 155.989333 155.989333 0 0 0-187.392 0 158.208 158.208 0 0 0-56.618667 81.578667H71.381333c-9.984 0-13.610667 1.066667-17.237333 3.072a20.437333 20.437333 0 0 0-8.490667 8.533333c-1.962667 3.669333-2.986667 7.296-2.986666 17.408v32.426667c0 10.069333 1.024 13.696 2.986666 17.365333a20.394667 20.394667 0 0 0 8.490667 8.533334c3.626667 2.005333 7.253333 3.072 17.237333 3.072h425.813334a157.013333 157.013333 0 0 0 150.272 112.938666z m0-90.368a66.730667 66.730667 0 0 1-47.530667-19.84 67.84 67.84 0 0 1-19.669333-47.914666 68.224 68.224 0 0 1 19.669333-47.914667 67.157333 67.157333 0 0 1 47.530667-19.882667c17.834667 0 34.901333 7.168 47.530666 19.882667a68.053333 68.053333 0 0 1 0 95.829333 66.901333 66.901333 0 0 1-47.530666 19.84zM333.866667 896c33.792 0 66.645333-11.008 93.738666-31.36a158.208 158.208 0 0 0 56.576-81.578667h425.770667c9.984 0 13.610667-1.024 17.237333-3.029333a20.437333 20.437333 0 0 0 8.490667-8.533333c1.962667-3.712 2.986667-7.338667 2.986667-17.408v-32.426667c0-10.069333-1.024-13.696-2.986667-17.408a20.394667 20.394667 0 0 0-8.490667-8.533333c-3.626667-1.962667-7.253333-2.986667-17.237333-2.986667l-425.813333-0.042667a158.165333 158.165333 0 0 0-56.576-81.578666 155.989333 155.989333 0 0 0-187.392 0 158.165333 158.165333 0 0 0-56.618667 81.578666H71.381333c-9.984 0-13.610667 1.066667-17.237333 3.029334a20.437333 20.437333 0 0 0-8.490667 8.533333c-1.962667 3.712-2.986667 7.338667-2.986666 17.408v32.426667c0 10.069333 1.024 13.738667 2.986666 17.408a20.394667 20.394667 0 0 0 8.490667 8.533333c3.626667 2.005333 7.253333 2.986667 17.237333 2.986667h112.213334A157.013333 157.013333 0 0 0 333.824 896z m0-90.368c-17.834667 0-34.901333-7.125333-47.530667-19.84a68.053333 68.053333 0 0 1 0-95.829333 66.901333 66.901333 0 0 1 95.061333 0 68.053333 68.053333 0 0 1 0 95.829333 66.901333 66.901333 0 0 1-47.530666 19.84z\" fill=\"#1D2129\">\u003C/path>\u003C/symbol>\u003Csymbol id=\"iconbutton_send\" viewBox=\"0 0 1024 1024\">\u003Cpath d=\"M289.877333 453.717333l181.717334-183.338666v583.168a42.368 42.368 0 0 0 42.538666 42.453333 42.624 42.624 0 0 0 42.538667-42.453333V270.378667l181.717333 183.338666a42.624 42.624 0 0 0 59.989334 0 38.656 38.656 0 0 0 0-56.448l-255.317334-257.194666a45.994667 45.994667 0 0 0-62.122666 0L225.621333 397.226667a38.613333 38.613333 0 0 0 0 56.448 42.581333 42.581333 0 0 0 64.256 0z\" fill=\"#1D2129\">\u003C/path>\u003C/symbol>\u003Csymbol id=\"iconToolbar_Transfer\" viewBox=\"0 0 1024 1024\">\u003Cpath d=\"M676.992 938.538667a22.314667 22.314667 0 0 0 16.085333-6.954667 24.192 24.192 0 0 0 6.656-16.768V391.722667h139.946667a13.226667 13.226667 0 0 0 7.253333-2.133334 14.037333 14.037333 0 0 0 4.992-5.802666 14.762667 14.762667 0 0 0-1.450666-14.933334l-202.410667-270.890666a22.997333 22.997333 0 0 0-6.442667-5.888 21.888 21.888 0 0 0-24.746666-4.864 22.954667 22.954667 0 0 0-10.112 8.746666 24.362667 24.362667 0 0 0-3.754667 13.098667v805.76c0 6.272 2.389333 12.330667 6.656 16.768 4.266667 4.437333 10.069333 6.954667 16.085333 6.954667h51.2z m-265.6-4.266667a24.490667 24.490667 0 0 0 9.557333-19.285333V109.226667a24.192 24.192 0 0 0-6.656-16.768 22.314667 22.314667 0 0 0-16.085333-6.912h-51.2a22.314667 22.314667 0 0 0-16.085333 6.912 24.192 24.192 0 0 0-6.656 16.768v523.093333H184.32a13.226667 13.226667 0 0 0-7.253333 2.133333 14.037333 14.037333 0 0 0-5.034667 5.802667 14.72 14.72 0 0 0 1.493333 14.933333l202.410667 270.848a23.04 23.04 0 0 0 6.442667 5.973334 22.101333 22.101333 0 0 0 29.013333 2.261333z\" fill=\"#1D2129\">\u003C/path>\u003C/symbol>\u003Csymbol id=\"iconLoad_Error\" viewBox=\"0 0 1024 1024\">\u003Cpath d=\"M832 138.120533l-323.1744-0.725333-49.186133 136.772267 9.966933 98.952533-55.611733 57.745067 33.7408-65.809067-38.510934-97.6896L443.460267 136.533333l-248.183467 1.5872C136.610133 138.496 85.077333 184.064 85.333333 242.926933l2.235734 535.2448c0.256 58.88 45.781333 109.294933 104.448 109.294934H832c58.666667 0 106.666667-48.170667 106.666667-107.050667V245.1712c0-58.88-48-107.050667-106.666667-107.050667z m-631.133867 54.459734l171.989334-0.938667-7.8336 87.586133 52.6592 89.002667-39.227734 117.495467 117.504-100.420267 7.765334-114.090667 43.008-79.5648H832c26.666667 0 53.333333 26.752 53.333333 53.521067v479.744l-132.224-169.301333c-16-26.760533-48-26.760533-69.3248-5.3504l-149.333333 149.870933-154.666667-198.0416c-16-21.410133-42.666667-21.410133-64 0L141.482667 716.296533l1.672533-469.162666c0.119467-32.110933 25.710933-54.382933 57.710933-54.5536z\" fill=\"#DADEE4\">\u003C/path>\u003Cpath d=\"M596.932267 349.269333c0 11.050667 2.167467 21.9904 6.365866 32.2048a84.155733 84.155733 0 0 0 18.141867 27.298134 83.6608 83.6608 0 0 0 27.153067 18.235733 83.293867 83.293867 0 0 0 91.195733-18.235733 84.1728 84.1728 0 0 0 18.141867-27.306667 84.548267 84.548267 0 0 0-18.141867-91.690667 83.652267 83.652267 0 0 0-27.144533-18.244266 83.3024 83.3024 0 0 0-91.204267 18.244266 84.155733 84.155733 0 0 0-18.141867 27.298134 84.548267 84.548267 0 0 0-6.365866 32.196266z\" fill=\"#DADEE4\">\u003C/path>\u003C/symbol>\u003Csymbol id=\"iconStop_Sharing\" viewBox=\"0 0 1024 1024\">\u003Cpath d=\"M938.666667 128a42.666667 42.666667 0 0 0-42.666667-42.666667H128a42.666667 42.666667 0 0 0-42.666667 42.666667v768a42.666667 42.666667 0 0 0 42.666667 42.666667h384v-85.333334H170.666667V170.666667h682.666666v341.333333h85.333334V128z m-251.562667 498.816c-5.12-4.864-7.936-6.314667-11.264-7.296a19.328 19.328 0 0 0-11.434667 0c-3.754667 1.152-6.869333 2.901333-13.610666 9.6l-21.674667 21.674667c-6.698667 6.741333-8.448 9.856-9.557333 13.653333a19.328 19.328 0 0 0 0 11.392c1.109333 3.754667 2.816 6.912 9.557333 13.653333l101.376 101.333334-101.333333 101.333333c-6.784 6.698667-8.490667 9.856-9.642667 13.653333a19.328 19.328 0 0 0 0 11.392c1.152 3.754667 2.901333 6.912 9.642667 13.653334l21.632 21.632c6.741333 6.698667 9.856 8.448 13.653333 9.6 3.712 1.152 7.68 1.152 11.392 0 3.754667-1.109333 6.912-2.858667 13.653333-9.6l101.333334-101.333334 101.333333 101.333334c6.698667 6.698667 9.856 8.448 13.653333 9.6 3.712 1.152 7.68 1.152 11.392 0 3.754667-1.109333 6.912-2.858667 13.653334-9.6l21.632-21.674667c6.698667-6.698667 8.448-9.856 9.6-13.653333a19.328 19.328 0 0 0 0-11.349334c-1.109333-3.797333-2.858667-6.954667-9.6-13.653333l-101.333334-101.333333 101.333334-101.333334c6.698667-6.741333 8.448-9.898667 9.6-13.653333a19.328 19.328 0 0 0 0-11.434667c-1.109333-3.754667-2.858667-6.869333-9.6-13.610666l-21.674667-21.674667c-6.698667-6.698667-9.856-8.448-13.653333-9.557333a19.328 19.328 0 0 0-11.349334 0c-3.797333 1.109333-6.954667 2.816-13.653333 9.557333l-101.333333 101.376-103.722667-103.68z\" fill=\"#1D2129\">\u003C/path>\u003C/symbol>\u003Csymbol id=\"icondecrease_borderless\" viewBox=\"0 0 1024 1024\">\u003Cpath d=\"M932.437333 475.562667A21.333333 21.333333 0 0 1 938.666667 490.666667v42.666666a21.333333 21.333333 0 0 1-21.333334 21.333334h-810.666666a21.333333 21.333333 0 0 1-21.333334-21.333334v-42.666666a21.333333 21.333333 0 0 1 21.333334-21.333334h810.666666a21.333333 21.333333 0 0 1 15.104 6.229334z\" fill=\"#1D2129\">\u003C/path>\u003C/symbol>\u003Csymbol id=\"iconadd_borderless\" viewBox=\"0 0 1024 1024\">\u003Cpath d=\"M548.437333 91.562667A21.333333 21.333333 0 0 1 554.666667 106.666667V469.333333h362.666666a21.333333 21.333333 0 0 1 21.333334 21.333334v42.666666a21.333333 21.333333 0 0 1-21.333334 21.333334H554.666667v362.666666a21.333333 21.333333 0 0 1-21.333334 21.333334h-42.666666a21.333333 21.333333 0 0 1-21.333334-21.333334V554.666667H106.666667a21.333333 21.333333 0 0 1-21.333334-21.333334v-42.666666a21.333333 21.333333 0 0 1 21.333334-21.333334H469.333333V106.666667a21.333333 21.333333 0 0 1 21.333334-21.333334h42.666666a21.333333 21.333333 0 0 1 15.104 6.229334z\" fill=\"#1D2129\">\u003C/path>\u003C/symbol>\u003Csymbol id=\"iconfolder_Encrypted\" viewBox=\"0 0 1024 1024\">\u003Cpath d=\"M410.453333 128c10.752 0 21.077333 4.096 28.672 11.349333 7.637333 7.253333 11.946667 17.066667 11.946667 27.349334v48.384h446.976c10.752 0 21.077333 4.096 28.714667 11.349333 7.594667 7.253333 11.904 17.066667 11.904 27.349333V512h-81.28v-74.368H166.613333V814.933333h365.653334v77.397334H125.994667a41.685333 41.685333 0 0 1-28.714667-11.349334 37.845333 37.845333 0 0 1-11.904-27.349333v-686.933333c0-10.282667 4.266667-20.138667 11.946667-27.392A41.685333 41.685333 0 0 1 125.909333 128H410.453333zM166.528 360.192h690.773333V292.48H369.834667v-87.04H166.570667v154.752z\" fill=\"#1D2129\">\u003C/path>\u003Cpath d=\"M768 554.666667c28.8 0 56.448 10.922667 76.8 30.421333 20.352 19.456 31.829333 45.909333 31.829333 73.472h31.018667c8.192 0 16.128 3.114667 21.930667 8.704 5.845333 5.546667 9.088 13.098667 9.088 20.992v178.090667a29.056 29.056 0 0 1-9.088 20.992 31.829333 31.829333 0 0 1-21.930667 8.661333h-279.296a31.829333 31.829333 0 0 1-21.930667-8.661333 29.056 29.056 0 0 1-9.088-20.992V688.213333c0-7.893333 3.285333-15.445333 9.088-20.992a31.829333 31.829333 0 0 1 21.930667-8.704h31.018667c0-27.562667 11.477333-54.016 31.829333-73.472A111.146667 111.146667 0 0 1 768 554.666667z m-108.629333 282.026666h217.258666v-118.784h-217.258666v118.741334zM768 614.016c-25.685333 0-46.506667 19.882667-46.506667 44.501333h93.013334c0-24.618667-20.821333-44.501333-46.506667-44.501333z\" fill=\"#000000\">\u003C/path>\u003C/symbol>\u003Csymbol id=\"iconManual_Installation\" viewBox=\"0 0 1024 1024\">\u003Cpath d=\"M734.848 85.333333c18.389333 0 34.773333 12.458667 40.533333 30.890667L938.666667 490.666667V896a42.666667 42.666667 0 0 1-42.666667 42.666667H128a42.666667 42.666667 0 0 1-42.666667-42.666667v-405.333333l155.776-374.442667c5.802667-18.432 22.101333-30.890667 40.533334-30.890667h453.205333zM170.666667 849.066667h682.666666v-268.8h-170.666666v157.866666a21.333333 21.333333 0 0 1-21.333334 21.333334h-298.666666a21.333333 21.333333 0 0 1-21.333334-21.333334v-157.866666H170.666667v268.8z m0-358.4h256v179.2h170.666666v-179.2h256l-145.792-315.136H315.989333L170.666667 490.666667z m505.770666-128a6.4 6.4 0 0 1 5.546667 3.285333 5.973333 5.973333 0 0 1-0.554667 6.272l-164.394666 94.592a6.314667 6.314667 0 0 1-10.026667 0L342.528 372.266667A5.973333 5.973333 0 0 1 341.333333 369.152a6.101333 6.101333 0 0 1 6.229334-6.485333h328.832z\" fill=\"#1D2129\">\u003C/path>\u003Cpath d=\"M576 384h-128l32-128h64l32 128z\" fill=\"#1D2129\">\u003C/path>\u003C/symbol>\u003Csymbol id=\"iconinput_clear\" viewBox=\"0 0 1024 1024\">\u003Cpath d=\"M512 85.333333c235.648 0 426.666667 191.018667 426.666667 426.666667s-191.018667 426.666667-426.666667 426.666667S85.333333 747.648 85.333333 512 276.352 85.333333 512 85.333333z m120.661333 254.506667a21.333333 21.333333 0 0 0-15.061333 6.229333L512 451.669333 406.4 346.026667a21.333333 21.333333 0 0 0-30.165333 0l-30.165334 30.165333a21.333333 21.333333 0 0 0 0 30.165333L451.669333 512 346.026667 617.6a21.333333 21.333333 0 0 0 0 30.165333l30.165333 30.165334a21.333333 21.333333 0 0 0 30.165333 0L512 572.330667l105.6 105.6a21.333333 21.333333 0 0 0 30.165333 0l30.165334-30.165334a21.333333 21.333333 0 0 0 0-30.165333L572.330667 512l105.6-105.6a21.333333 21.333333 0 0 0 0-30.165333l-30.165334-30.165334a21.333333 21.333333 0 0 0-15.104-6.229333z\" fill=\"#000000\">\u003C/path>\u003C/symbol>\u003Csymbol id=\"iconfile_Recycle\" viewBox=\"0 0 1024 1024\">\u003Cpath d=\"M833.585951 290.441366a34.965854 34.965854 0 0 1 34.578732 38.237658l-0.062439 0.624391-53.610146 504.020292A128.724293 128.724293 0 0 1 688.727415 949.073171h-1.973074l-336.733658-0.811708a128.686829 128.686829 0 0 1-126.888585-113.639024l-0.237269-1.973073-53.972292-503.345951a34.953366 34.953366 0 0 1 33.891902-38.887025h630.759024l0.012488 0.024976zM421.813073 442.155707a34.903415 34.903415 0 0 0-34.716097 34.516293v241.726439a34.716098 34.716098 0 0 0 69.419707-0.249756V476.422244a34.903415 34.903415 0 0 0-34.716098-34.279024v0.012487z m181.110634 0a34.903415 34.903415 0 0 0-34.716097 34.516293v241.726439a34.716098 34.716098 0 0 0 69.419707-0.249756V476.422244a34.903415 34.903415 0 0 0-34.716097-34.279024v0.012487zM914.481951 195.559024a35.10322 35.10322 0 0 1 0.824195 70.193952H109.780293a35.10322 35.10322 0 0 1-0.824195-70.193952H914.481951zM648.504195 74.926829a35.10322 35.10322 0 0 1 0.836683 70.193951H375.458341A35.10322 35.10322 0 0 1 374.634146 74.926829h273.882537z\" fill=\"#86909C\">\u003C/path>\u003C/symbol>\u003Csymbol id=\"iconnetwork_OVS\" viewBox=\"0 0 1024 1024\">\u003Cpath d=\"M183.466667 775.509333a142.293333 142.293333 0 0 1-75.349334-20.992 163.754667 163.754667 0 0 1-55.125333-55.893333 150.186667 150.186667 0 0 1-20.608-77.226667l0.725333-243.413333c0-28.501333 6.869333-54.101333 20.650667-76.842667 13.482667-23.04 31.744-41.386667 54.741333-55.125333a141.610667 141.610667 0 0 1 75.008-21.034667c27.989333 0 53.12 6.912 75.349334 20.650667 22.528 13.738667 40.533333 32.256 54.016 55.466667 13.738667 23.04 20.608 48.64 20.608 76.885333l0.768 243.370667c0 28.032-6.741333 53.632-20.266667 76.885333-13.738667 23.509333-32 42.24-54.741333 56.277333a141.653333 141.653333 0 0 1-75.733334 20.992z m0-92.629333c15.530667 0 29.013333-6.272 40.533333-18.773333 11.52-12.714667 17.237333-26.965333 17.237333-42.752L240.512 378.026667c0-16.981333-5.376-31.36-16.128-43.093334a52.992 52.992 0 0 0-40.874667-17.621333c-15.786667 0-29.269333 5.717333-40.533333 17.237333-11.221333 11.52-16.853333 26.026667-16.853333 43.52v243.370667c0 16.725333 5.632 31.232 16.896 43.477333 11.221333 11.989333 24.746667 18.005333 40.490666 18.005334zM555.904 768h-93.013333c-2.218667 0-3.456-1.28-3.712-3.754667L352.981333 236.629333c-0.469333-2.005333 0.512-2.986667 2.986667-2.986666h87.04c2.005333 0 3.242667 0.981333 3.754667 2.986666l62.976 351.744 61.525333-351.744c0.469333-2.005333 1.706667-2.986667 3.754667-2.986666h85.845333c2.773333 0 3.754667 0.981333 2.986667 2.986666l-104.234667 527.616c-0.256 2.517333-1.493333 3.754667-3.754667 3.754667z m283.52 7.509333a142.293333 142.293333 0 0 1-75.392-20.992 160.554667 160.554667 0 0 1-54.741333-55.893333 152.362667 152.362667 0 0 1-20.266667-77.226667v-35.285333c0-2.730667 1.28-4.096 3.754667-4.096h86.272c2.005333 0 2.986667 1.365333 2.986666 4.096v35.242667c0 16.768 5.632 31.274667 16.896 43.52 11.221333 11.989333 24.746667 18.005333 40.490667 18.005333 16 0 29.610667-6.144 40.874667-18.346667 11.264-12.544 16.853333-26.88 16.853333-43.136 0-18.773333-12.245333-35.157333-36.736-49.152a290.048 290.048 0 0 0-15.786667-8.96 618.069333 618.069333 0 0 0-22.442666-12.8l-25.514667-13.866666c-8.277333-4.736-16.256-9.258667-24.021333-13.482667-27.989333-16.512-48.853333-37.12-62.592-61.866667-13.525333-25.002667-20.266667-53.034667-20.266667-84.053333 0-28.458667 6.997333-54.186667 20.992-77.226667a157.226667 157.226667 0 0 1 54.741333-53.973333 142.250667 142.250667 0 0 1 73.898667-20.266667c27.264 0 52.266667 6.741333 75.008 20.266667 22.741333 13.738667 40.874667 32 54.357333 54.741333 13.738667 22.741333 20.650667 48.213333 20.650667 76.501334v62.976c0 2.005333-1.024 2.986667-2.986667 2.986666h-86.272c-2.005333 0-2.986667-0.981333-2.986666-2.986666l-0.768-62.976c0-18.005333-5.632-32.64-16.896-43.904a54.826667 54.826667 0 0 0-40.106667-16.853334c-15.786667 0-29.269333 5.973333-40.533333 18.005334a60.416 60.416 0 0 0-16.853334 42.752c0 16.725333 3.498667 30.72 10.496 41.984 7.253333 11.264 20.394667 22.016 39.381334 32.256a1883.221333 1883.221333 0 0 1 37.888 20.992c8.96 4.736 17.109333 9.130667 24.362666 13.141333l13.141334 6.741333c25.472 14.250667 45.610667 31.744 60.373333 52.48 14.976 20.778667 22.485333 46.293333 22.485333 76.501334 0 29.269333-6.741333 55.509333-20.266666 78.762666-13.738667 23.253333-32 41.642667-54.741334 55.125334a145.621333 145.621333 0 0 1-75.733333 20.266666z\" fill=\"#1D2129\">\u003C/path>\u003C/symbol>\u003Csymbol id=\"iconupdatable\" viewBox=\"0 0 1024 1024\">\u003Cpath d=\"M85.333333 512a426.666667 426.666667 0 1 0 853.333334 0 426.666667 426.666667 0 0 0-853.333334 0z\" fill=\"#209AFF\">\u003C/path>\u003Cpath d=\"M738.133333 435.2c0 6.058667-0.256 12.16-0.768 18.176a116.352 116.352 0 0 1 40.490667 13.226667 128.554667 128.554667 0 0 1 17.834667 11.861333 119.466667 119.466667 0 0 1 37.248 51.370667 116.138667 116.138667 0 0 1 5.674666 20.608 119.125333 119.125333 0 0 1-27.221333 99.498666 117.376 117.376 0 0 1-33.024 26.624 116.352 116.352 0 0 1-19.498667 8.490667 113.493333 113.493333 0 0 1-20.736 4.906667v1.237333H328.533333a130.645333 130.645333 0 0 1-26.624-2.645333 134.485333 134.485333 0 0 1-49.237333-20.352 143.189333 143.189333 0 0 1-29.696-26.88 131.968 131.968 0 0 1-14.848-22.272A138.922667 138.922667 0 0 1 192 554.666667a133.12 133.12 0 0 1 1.834667-22.442667 154.282667 154.282667 0 0 1 5.546666-21.845333 147.925333 147.925333 0 0 1 9.045334-20.608 143.061333 143.061333 0 0 1 19.541333-27.477334 137.685333 137.685333 0 0 1 35.413333-27.605333 130.133333 130.133333 0 0 1 20.608-9.088c3.541333-1.237333 7.125333-2.304 10.794667-3.242667a230.826667 230.826667 0 0 1 6.357333-41.386666 254.890667 254.890667 0 0 1 6.058667-20.053334 241.493333 241.493333 0 0 1 7.936-19.456 212.053333 212.053333 0 0 1 15.317333-27.434666 194.005333 194.005333 0 0 1 12.245334-17.066667 251.946667 251.946667 0 0 1 13.824-15.744 253.952 253.952 0 0 1 15.274666-14.378667 224.298667 224.298667 0 0 1 92.501334-47.36 273.706667 273.706667 0 0 1 20.608-3.882666A228.352 228.352 0 0 1 516.266667 213.333333a216.533333 216.533333 0 0 1 43.264 4.266667 204.8 204.8 0 0 1 21.162666 5.290667 218.453333 218.453333 0 0 1 49.664 22.016 238.848 238.848 0 0 1 18.090667 12.074666 239.36 239.36 0 0 1 16.810667 13.824 225.365333 225.365333 0 0 1 35.498666 41.088 240.810667 240.810667 0 0 1 16.085334 28.458667 245.418667 245.418667 0 0 1 8.32 20.096 202.154667 202.154667 0 0 1 6.314666 20.864 207.573333 207.573333 0 0 1 5.589334 32.128 250.752 250.752 0 0 1 1.066666 21.76z\" fill=\"#89CAFF\">\u003C/path>\u003Cpath d=\"M483.925333 341.333333a17.066667 17.066667 0 0 0-17.066666 17.066667v136.533333H422.357333a17.066667 17.066667 0 0 0-12.885333 28.245334l95.658667 110.506666a16.810667 16.810667 0 0 0 12.928 5.845334 16.981333 16.981333 0 0 0 12.885333-5.888l95.658667-110.506667a16.725333 16.725333 0 0 0 4.010666-13.568 16.896 16.896 0 0 0-12.117333-13.952 16.810667 16.810667 0 0 0-4.778667-0.682667h-44.458666V358.4a17.066667 17.066667 0 0 0-17.066667-17.066667h-68.266667z\" fill=\"#FFFFFF\">\u003C/path>\u003C/symbol>\u003Csymbol id=\"iconuesr_set_account\" viewBox=\"0 0 1024 1024\">\u003Cpath d=\"M938.666667 864.384v12.373333a19.157333 19.157333 0 0 1-19.370667 19.242667h-39.552a20.096 20.096 0 0 1-19.797333-18.432 103.765333 103.765333 0 0 0-0.426667-3.84c-10.026667-74.026667-66.432-130.730667-127.914667-130.730667H621.653333c-61.909333 0-118.314667 57.472-127.744 132.266667a81.493333 81.493333 0 0 0-0.213333 2.218667 20.181333 20.181333 0 0 1-19.84 18.517333h-39.466667a19.498667 19.498667 0 0 1-13.738666-5.632 19.157333 19.157333 0 0 1-5.674667-13.568v-12.416c0-90.624 63.018667-167.04 145.194667-190.72a161.706667 161.706667 0 0 1-34.346667-177.450667 163.413333 163.413333 0 0 1 60.714667-72.704 165.632 165.632 0 0 1 182.314666 0.213334 163.413333 163.413333 0 0 1 60.586667 72.874666 161.706667 161.706667 0 0 1-34.816 177.365334c81.621333 23.936 144 100.096 144 190.421333zM162.901333 204.885333v576.512h169.685334v76.885334H124.16a38.997333 38.997333 0 0 1-27.434667-11.264 38.272 38.272 0 0 1-11.349333-27.178667V166.442667c0-10.24 4.096-19.968 11.349333-27.178667A38.954667 38.954667 0 0 1 124.16 128h698.197333c10.24 0 20.138667 4.053333 27.434667 11.264 7.253333 7.210667 11.349333 16.981333 11.349333 27.178667v220.8a323.456 323.456 0 0 0-77.568-47.061334V204.885333H162.901333z m77.568 192.170667c0-5.12 2.048-9.984 5.674667-13.610667a19.498667 19.498667 0 0 1 13.738667-5.589333h174.506666a19.456 19.456 0 0 1 19.413334 19.2v38.4c0 5.12-2.005333 10.026667-5.674667 13.653333a19.456 19.456 0 0 1-13.696 5.589334H259.84a19.498667 19.498667 0 0 1-13.738667-5.632 19.114667 19.114667 0 0 1-5.674666-13.568v-38.442667z m0 153.728c0-5.077333 2.048-9.984 5.674667-13.568a19.498667 19.498667 0 0 1 13.738667-5.632h77.568c5.12 0 10.069333 2.005333 13.696 5.632 3.669333 3.584 5.717333 8.490667 5.717333 13.568v38.442667a19.498667 19.498667 0 0 1-19.413333 19.2H259.882667a19.498667 19.498667 0 0 1-13.738667-5.589334 19.157333 19.157333 0 0 1-5.674667-13.610666v-38.4z m437.12-77.568c-23.04 0-45.226667 9.045333-61.525333 25.216a85.76 85.76 0 0 0 0 121.898667 87.381333 87.381333 0 0 0 123.008 0 85.76 85.76 0 0 0 0-121.898667 87.381333 87.381333 0 0 0-61.482667-25.216z\" fill=\"#1D2129\">\u003C/path>\u003C/symbol>\u003Csymbol id=\"iconuesr_set_display\" viewBox=\"0 0 1024 1024\">\u003Cpath d=\"M876.8 834.005333A19.114667 19.114667 0 0 1 896 853.333333v66.005334a19.413333 19.413333 0 0 1-19.2 19.328H147.2a19.114667 19.114667 0 0 1-19.2-19.328V853.333333a19.413333 19.413333 0 0 1 19.2-19.328h729.6z m-415.744-743.253333l294.4 296.661333a36.864 36.864 0 0 1 7.978667 40.192 36.821333 36.821333 0 0 1-7.936 11.946667l-287.701334 289.877333a36.437333 36.437333 0 0 1-51.754666 0l-240.469334-242.261333a36.864 36.864 0 0 1-7.936-40.192 36.864 36.864 0 0 1 7.936-11.946667l261.376-263.381333-28.117333-28.288a18.432 18.432 0 0 1 0-26.069333l26.368-26.581334a18.218667 18.218667 0 0 1 25.856 0z m304.170667 461.653333l51.712 54.485334c28.586667 30.08 28.586667 78.890667 0 109.013333a70.912 70.912 0 0 1-51.712 22.528 70.485333 70.485333 0 0 1-51.754667-22.528 80 80 0 0 1 0-109.013333l51.754667-54.485334z m-276.522667-328.618666l-235.008 236.8 18.389333 18.56 342.186667-1.578667 63.146667-63.616-188.714667-190.165333z\" fill=\"#1D2129\">\u003C/path>\u003C/symbol>\u003Csymbol id=\"iconMount_SMB_not\" viewBox=\"0 0 1024 1024\">\u003Cpath d=\"M42.666667 111.893333a47.829333 47.829333 0 0 1 3.562666-18.346666c1.130667-2.922667 2.624-5.696 4.330667-8.298667 1.685333-2.602667 3.648-4.992 5.802667-7.296a48.448 48.448 0 0 1 15.210666-10.389333A46.890667 46.890667 0 0 1 89.6 64h321.024c9.173333 0 18.133333 2.730667 25.813333 7.893333 7.68 5.141333 13.674667 12.501333 17.28 21.141334l23.082667 54.72H934.4a48.810667 48.810667 0 0 1 17.92 3.626666 48.448 48.448 0 0 1 15.210667 10.389334c2.154667 2.325333 4.138667 4.736 5.824 7.317333 1.792 2.602667 3.2 5.397333 4.309333 8.277333a42.666667 42.666667 0 0 1 2.730667 8.938667c0.554667 3.178667 0.938667 6.250667 0.938666 9.429333V698.666667c0 3.178667-0.384 6.250667-0.938666 9.322666a41.813333 41.813333 0 0 1-2.730667 9.045334 40.661333 40.661333 0 0 1-4.309333 8.256 53.333333 53.333333 0 0 1-5.824 7.317333 48.469333 48.469333 0 0 1-15.210667 10.389333 48.704 48.704 0 0 1-17.92 3.648H89.6a48.853333 48.853333 0 0 1-18.026667-3.648 48.469333 48.469333 0 0 1-15.210666-10.389333 53.333333 53.333333 0 0 1-5.802667-7.317333 45.930667 45.930667 0 0 1-4.330667-8.256A47.829333 47.829333 0 0 1 42.666667 698.666667V111.893333z\" fill=\"#9FA9B4\">\u003C/path>\u003Cpath d=\"M193.216 192h637.482667C859.989333 192 874.666667 208.746667 874.666667 242.432v453.802667C874.666667 729.834667 859.989333 746.666667 830.72 746.666667H193.194667C163.925333 746.666667 149.333333 729.813333 149.333333 696.234667V242.432C149.333333 208.725333 163.925333 192 193.216 192z\" fill=\"#EAEAEA\">\u003C/path>\u003Cpath d=\"M89.6 256h844.8c31.253333 0 46.933333 13.205333 46.933333 39.786667v411.008C981.333333 733.376 965.653333 746.666667 934.4 746.666667H89.6C58.24 746.666667 42.666667 733.376 42.666667 706.773333V295.808C42.666667 269.226667 58.24 256 89.6 256z\" fill=\"#A5B2C4\">\u003C/path>\u003Cpath d=\"M43.178667 877.909333a20.48 20.48 0 0 1 20.778666-20.202666h903.68a20.48 20.48 0 0 1 20.778667 20.202666v47.125334a20.48 20.48 0 0 1-20.778667 20.202666H63.957333a20.48 20.48 0 0 1-20.778666-20.202666v-47.146667z\" fill=\"#86909C\">\u003C/path>\u003Cpath d=\"M470.784 748.309333h90.026667v109.397334h-90.026667v-109.397334z\" fill=\"#86909C\">\u003C/path>\u003Cpath d=\"M167.850667 526.613333l62.869333-3.946666c1.344 10.218667 4.117333 17.984 8.32 23.338666 6.784 8.64 16.512 12.970667 29.141333 12.970667 9.429333 0 16.682667-2.176 21.738667-6.570667 5.141333-4.48 7.722667-9.6 7.722667-15.445333 0-5.546667-2.432-10.496-7.296-14.869333-4.842667-4.373333-16.128-8.533333-33.834667-12.394667-28.970667-6.528-49.621333-15.168-61.973333-25.962667-12.437333-10.794667-18.666667-24.533333-18.666667-41.28 0-10.986667 3.157333-21.333333 9.472-31.061333 6.421333-9.813333 16-17.493333 28.736-23.04 12.842667-5.632 30.378667-8.448 52.650667-8.448 27.306667 0 48.128 5.098667 62.421333 15.296 14.378667 10.112 22.933333 26.24 25.664 48.426667l-62.293333 3.626666c-1.642667-9.6-5.12-16.618667-10.474667-20.992-5.248-4.373333-12.544-6.549333-21.888-6.549333-7.68 0-13.44 1.642667-17.344 4.949333a14.762667 14.762667 0 0 0-5.845333 11.818667c0 3.413333 1.621333 6.464 4.821333 9.173333 3.114667 2.837333 10.496 5.461333 22.165333 7.893334 28.885333 6.208 49.536 12.544 61.973334 18.944 12.544 6.336 21.632 14.208 27.285333 23.637333 5.738667 9.429333 8.597333 19.968 8.597333 31.637333 0 13.717333-3.797333 26.346667-11.370666 37.930667-7.594667 11.562667-18.176 20.352-31.786667 26.389333-13.610667 5.930667-30.784 8.896-51.498667 8.896-36.352 0-61.525333-6.997333-75.52-21.013333-14.016-13.994667-21.930667-31.786667-23.786666-53.354667z m226.624-143.061333h86.912l33.557333 130.069333 33.386667-130.090666h86.613333V597.333333h-53.952v-163.050666L539.136 597.333333h-48.853333l-41.706667-163.050666V597.333333h-54.101333V383.552z m282.922666 0h123.669334c20.608 0 36.416 5.098667 47.402666 15.296 11.072 10.218667 16.618667 22.848 16.618667 37.930667 0 12.629333-3.946667 23.466667-11.818667 32.512-5.248 6.037333-12.928 10.794667-23.04 14.293333 15.36 3.690667 26.645333 10.069333 33.834667 19.114667 7.296 8.938667 10.944 20.202667 10.944 33.813333 0 11.093333-2.581333 21.056-7.744 29.909333a56.917333 56.917333 0 0 1-21.12 20.992c-5.546667 3.2-13.930667 5.546667-25.109333 6.997334-14.869333 1.941333-24.746667 2.922667-29.589334 2.922666h-114.048V383.552z m66.645334 83.84h28.736c10.304 0 17.450667-1.749333 21.44-5.248 4.053333-3.605333 6.122667-8.746667 6.122666-15.445333 0-6.229333-2.048-11.093333-6.144-14.592-3.968-3.498667-10.965333-5.248-20.992-5.248h-29.162666v40.533333z m0 84.010667h33.706666c11.349333 0 19.370667-2.005333 24.042667-5.973334 4.672-4.096 6.997333-9.536 6.997333-16.341333a18.56 18.56 0 0 0-6.997333-15.168c-4.565333-3.882667-12.650667-5.845333-24.213333-5.845333h-33.536v43.306666z\" fill=\"#FFFFFF\">\u003C/path>\u003C/symbol>\u003Csymbol id=\"iconMount_DAV_not\" viewBox=\"0 0 1024 1024\">\u003Cpath d=\"M42.666667 111.893333a47.829333 47.829333 0 0 1 3.562666-18.346666c1.130667-2.922667 2.624-5.696 4.330667-8.298667 1.685333-2.602667 3.648-4.992 5.802667-7.296a48.448 48.448 0 0 1 15.210666-10.389333A46.890667 46.890667 0 0 1 89.6 64h321.024c9.173333 0 18.133333 2.730667 25.813333 7.893333 7.68 5.141333 13.674667 12.501333 17.28 21.141334l23.082667 54.72H934.4a48.810667 48.810667 0 0 1 17.92 3.626666 48.448 48.448 0 0 1 15.210667 10.389334c2.154667 2.325333 4.138667 4.736 5.824 7.317333 1.792 2.602667 3.2 5.397333 4.309333 8.277333a42.666667 42.666667 0 0 1 2.730667 8.938667c0.554667 3.178667 0.938667 6.250667 0.938666 9.429333V698.666667c0 3.178667-0.384 6.250667-0.938666 9.322666a41.813333 41.813333 0 0 1-2.730667 9.045334 40.661333 40.661333 0 0 1-4.309333 8.256 53.333333 53.333333 0 0 1-5.824 7.317333 48.469333 48.469333 0 0 1-15.210667 10.389333 48.704 48.704 0 0 1-17.92 3.648H89.6a48.853333 48.853333 0 0 1-18.026667-3.648 48.469333 48.469333 0 0 1-15.210666-10.389333 53.333333 53.333333 0 0 1-5.802667-7.317333 45.930667 45.930667 0 0 1-4.330667-8.256A47.829333 47.829333 0 0 1 42.666667 698.666667V111.893333z\" fill=\"#9FA9B4\">\u003C/path>\u003Cpath d=\"M193.216 192h637.482667C859.989333 192 874.666667 208.746667 874.666667 242.432v453.802667C874.666667 729.834667 859.989333 746.666667 830.72 746.666667H193.194667C163.925333 746.666667 149.333333 729.813333 149.333333 696.234667V242.432C149.333333 208.725333 163.925333 192 193.216 192z\" fill=\"#EAEAEA\">\u003C/path>\u003Cpath d=\"M89.6 256h844.8c31.253333 0 46.933333 13.205333 46.933333 39.786667v411.008C981.333333 733.376 965.653333 746.666667 934.4 746.666667H89.6C58.24 746.666667 42.666667 733.376 42.666667 706.773333V295.808C42.666667 269.226667 58.24 256 89.6 256z\" fill=\"#A5B2C4\">\u003C/path>\u003Cpath d=\"M43.178667 877.909333a20.48 20.48 0 0 1 20.778666-20.202666h903.68a20.48 20.48 0 0 1 20.778667 20.202666v47.125334a20.48 20.48 0 0 1-20.778667 20.202666H63.957333a20.48 20.48 0 0 1-20.778666-20.202666v-47.146667z\" fill=\"#86909C\">\u003C/path>\u003Cpath d=\"M470.784 748.309333h90.026667v109.397334h-90.026667v-109.397334z\" fill=\"#86909C\">\u003C/path>\u003Cpath d=\"M200.789333 383.552h98.133334c19.370667 0 34.965333 2.624 46.826666 7.872 11.946667 5.248 21.824 12.778667 29.610667 22.613333 7.765333 9.813333 13.418667 21.226667 16.917333 34.261334 3.498667 13.013333 5.248 26.837333 5.248 41.408 0 22.848-2.624 40.597333-7.893333 53.226666a88.021333 88.021333 0 0 1-21.568 31.658667c-9.237333 8.448-19.157333 14.08-29.76 16.917333-14.485333 3.882667-27.605333 5.824-39.36 5.824h-98.133333V383.552z m66.069334 48.405333v116.821334h16.192c13.802667 0 23.616-1.514667 29.44-4.522667 5.845333-3.114667 10.410667-8.469333 13.717333-16.042667 3.306667-7.68 4.949333-20.074667 4.949333-37.184 0-22.656-3.690667-38.186667-11.093333-46.528-7.36-8.362667-19.626667-12.544-36.736-12.544h-16.469333z m284.224 130.090667h-75.242667L465.472 597.333333h-67.52l80.362667-213.781333h72.042666L630.72 597.333333h-69.12l-10.517333-35.285333z m-13.866667-46.229333l-23.616-76.864-23.466667 76.864h47.104z m77.013333-132.266667h69.12l48.128 153.834667 47.402667-153.856h67.072L766.613333 597.333333H695.04l-80.789333-213.781333z\" fill=\"#FFFFFF\">\u003C/path>\u003C/symbol>\u003Csymbol id=\"iconMount_NFS_Online\" viewBox=\"0 0 1024 1024\">\u003Cpath d=\"M42.666667 111.893333a47.829333 47.829333 0 0 1 3.562666-18.346666c1.130667-2.922667 2.624-5.696 4.330667-8.298667 1.685333-2.602667 3.648-4.992 5.802667-7.296a48.448 48.448 0 0 1 15.210666-10.389333A46.890667 46.890667 0 0 1 89.6 64h321.024c9.173333 0 18.133333 2.730667 25.813333 7.893333 7.68 5.141333 13.674667 12.501333 17.28 21.141334l23.082667 54.72H934.4a48.810667 48.810667 0 0 1 17.92 3.626666 48.426667 48.426667 0 0 1 15.210667 10.389334c2.154667 2.325333 4.138667 4.736 5.824 7.317333 1.792 2.602667 3.2 5.397333 4.309333 8.277333a42.666667 42.666667 0 0 1 2.730667 8.938667c0.554667 3.178667 0.938667 6.250667 0.938666 9.429333V698.666667c0 3.178667-0.384 6.250667-0.938666 9.322666a41.813333 41.813333 0 0 1-2.730667 9.045334 40.661333 40.661333 0 0 1-4.309333 8.256 53.333333 53.333333 0 0 1-5.824 7.317333 48.469333 48.469333 0 0 1-15.210667 10.389333 48.704 48.704 0 0 1-17.92 3.648H89.6a48.853333 48.853333 0 0 1-18.026667-3.648 48.469333 48.469333 0 0 1-15.210666-10.389333 53.333333 53.333333 0 0 1-5.802667-7.317333 45.930667 45.930667 0 0 1-4.330667-8.256A47.829333 47.829333 0 0 1 42.666667 698.666667V111.893333z\" fill=\"#FFB02C\">\u003C/path>\u003Cpath d=\"M193.216 192h637.482667C859.989333 192 874.666667 208.746667 874.666667 242.432v453.802667C874.666667 729.834667 859.989333 746.666667 830.72 746.666667H193.194667C163.925333 746.666667 149.333333 729.813333 149.333333 696.234667V242.432C149.333333 208.725333 163.925333 192 193.216 192z\" fill=\"#FFE4BA\">\u003C/path>\u003Cpath d=\"M89.6 256h844.8c31.253333 0 46.933333 13.205333 46.933333 39.786667v411.008C981.333333 733.376 965.653333 746.666667 934.4 746.666667H89.6C58.24 746.666667 42.666667 733.376 42.666667 706.773333V295.808C42.666667 269.226667 58.24 256 89.6 256z\" fill=\"#FFCA28\">\u003C/path>\u003Cpath d=\"M43.178667 877.909333a20.48 20.48 0 0 1 20.778666-20.202666h903.68a20.48 20.48 0 0 1 20.778667 20.202666v47.125334a20.48 20.48 0 0 1-20.778667 20.202666H63.957333a20.48 20.48 0 0 1-20.778666-20.202666v-47.146667z\" fill=\"#86909C\">\u003C/path>\u003Cpath d=\"M470.784 748.309333h90.026667v109.397334h-90.026667v-109.397334z\" fill=\"#86909C\">\u003C/path>\u003Cpath d=\"M202.389333 383.552h61.696l80.490667 118.272v-118.272h62.293333V597.333333h-62.293333L264.533333 479.936V597.333333H202.389333V383.552z m248.661334 0h163.328v45.930667h-96.981334v37.333333h82.837334v43.157333h-82.837334V597.333333h-66.346666V383.552z m187.392 143.061333l62.848-3.946666c1.365333 10.218667 4.138667 17.984 8.32 23.338666 6.805333 8.64 16.512 12.970667 29.162666 12.970667 9.429333 0 16.661333-2.176 21.717334-6.570667 5.162667-4.48 7.744-9.6 7.744-15.445333 0-5.546667-2.432-10.496-7.296-14.869333-4.864-4.373333-16.149333-8.533333-33.834667-12.394667-28.970667-6.528-49.621333-15.168-61.973333-25.962667-12.458667-10.794667-18.666667-24.533333-18.666667-41.28 0-10.986667 3.157333-21.333333 9.472-31.061333 6.4-9.813333 16-17.493333 28.736-23.04 12.821333-5.632 30.378667-8.448 52.650667-8.448 27.306667 0 48.106667 5.098667 62.4 15.296 14.4 10.112 22.954667 26.24 25.664 48.426667l-62.250667 3.626666c-1.664-9.6-5.162667-16.618667-10.517333-20.992-5.248-4.373333-12.544-6.549333-21.866667-6.549333-7.68 0-13.461333 1.642667-17.365333 4.949333a14.762667 14.762667 0 0 0-5.824 11.818667c0 3.413333 1.6 6.464 4.821333 9.173333 3.093333 2.837333 10.496 5.461333 22.165333 7.893334 28.864 6.208 49.536 12.544 61.973334 18.944 12.544 6.336 21.632 14.208 27.264 23.637333 5.76 9.429333 8.618667 19.968 8.618666 31.637333 0 13.717333-3.797333 26.346667-11.392 37.930667-7.573333 11.562667-18.176 20.352-31.786666 26.389333-13.610667 5.930667-30.762667 8.896-51.477334 8.896-36.352 0-61.546667-6.997333-75.541333-21.013333-13.994667-13.994667-21.930667-31.786667-23.765333-53.354667z\" fill=\"#FFFFFF\">\u003C/path>\u003C/symbol>\u003Csymbol id=\"iconMount_DAV_Online\" viewBox=\"0 0 1024 1024\">\u003Cpath d=\"M42.666667 111.893333a47.829333 47.829333 0 0 1 3.562666-18.346666c1.130667-2.922667 2.624-5.696 4.330667-8.298667 1.685333-2.602667 3.648-4.992 5.802667-7.296a48.448 48.448 0 0 1 15.210666-10.389333A46.890667 46.890667 0 0 1 89.6 64h321.024c9.173333 0 18.133333 2.730667 25.813333 7.893333 7.68 5.141333 13.674667 12.501333 17.28 21.141334l23.082667 54.72H934.4a48.810667 48.810667 0 0 1 17.92 3.626666 48.426667 48.426667 0 0 1 15.210667 10.389334c2.154667 2.325333 4.138667 4.736 5.824 7.317333 1.792 2.602667 3.2 5.397333 4.309333 8.277333a42.666667 42.666667 0 0 1 2.730667 8.938667c0.554667 3.178667 0.938667 6.250667 0.938666 9.429333V698.666667c0 3.178667-0.384 6.250667-0.938666 9.322666a41.813333 41.813333 0 0 1-2.730667 9.045334 40.661333 40.661333 0 0 1-4.309333 8.256 53.333333 53.333333 0 0 1-5.824 7.317333 48.469333 48.469333 0 0 1-15.210667 10.389333 48.704 48.704 0 0 1-17.92 3.648H89.6a48.853333 48.853333 0 0 1-18.026667-3.648 48.469333 48.469333 0 0 1-15.210666-10.389333 53.333333 53.333333 0 0 1-5.802667-7.317333 45.930667 45.930667 0 0 1-4.330667-8.256A47.829333 47.829333 0 0 1 42.666667 698.666667V111.893333z\" fill=\"#FFB02C\">\u003C/path>\u003Cpath d=\"M193.216 192h637.482667C859.989333 192 874.666667 208.746667 874.666667 242.432v453.802667C874.666667 729.834667 859.989333 746.666667 830.72 746.666667H193.194667C163.925333 746.666667 149.333333 729.813333 149.333333 696.234667V242.432C149.333333 208.725333 163.925333 192 193.216 192z\" fill=\"#FFE4BA\">\u003C/path>\u003Cpath d=\"M89.6 256h844.8c31.253333 0 46.933333 13.205333 46.933333 39.786667v411.008C981.333333 733.376 965.653333 746.666667 934.4 746.666667H89.6C58.24 746.666667 42.666667 733.376 42.666667 706.773333V295.808C42.666667 269.226667 58.24 256 89.6 256z\" fill=\"#FFCA28\">\u003C/path>\u003Cpath d=\"M43.178667 877.909333a20.48 20.48 0 0 1 20.778666-20.202666h903.68a20.48 20.48 0 0 1 20.778667 20.202666v47.125334a20.48 20.48 0 0 1-20.778667 20.202666H63.957333a20.48 20.48 0 0 1-20.778666-20.202666v-47.146667z\" fill=\"#86909C\">\u003C/path>\u003Cpath d=\"M470.784 748.309333h90.026667v109.397334h-90.026667v-109.397334z\" fill=\"#86909C\">\u003C/path>\u003Cpath d=\"M200.789333 383.552h98.133334c19.370667 0 34.965333 2.624 46.826666 7.872 11.946667 5.248 21.824 12.778667 29.610667 22.613333 7.765333 9.813333 13.418667 21.226667 16.917333 34.261334 3.498667 13.013333 5.248 26.837333 5.248 41.408 0 22.848-2.624 40.597333-7.893333 53.226666a88.021333 88.021333 0 0 1-21.568 31.658667c-9.237333 8.448-19.157333 14.08-29.76 16.917333-14.485333 3.882667-27.605333 5.824-39.36 5.824h-98.133333V383.552z m66.069334 48.405333v116.821334h16.192c13.802667 0 23.616-1.514667 29.44-4.522667 5.845333-3.114667 10.410667-8.469333 13.717333-16.042667 3.306667-7.68 4.949333-20.074667 4.949333-37.184 0-22.656-3.690667-38.186667-11.093333-46.528-7.36-8.362667-19.626667-12.544-36.736-12.544h-16.469333z m284.224 130.090667h-75.242667L465.472 597.333333h-67.52l80.362667-213.781333h72.042666L630.72 597.333333h-69.12l-10.517333-35.285333z m-13.866667-46.229333l-23.616-76.864-23.466667 76.864h47.104z m77.013333-132.266667h69.12l48.128 153.834667 47.402667-153.856h67.072L766.613333 597.333333H695.04l-80.789333-213.781333z\" fill=\"#FFFFFF\">\u003C/path>\u003C/symbol>\u003Csymbol id=\"iconMount_SMB_Online\" viewBox=\"0 0 1024 1024\">\u003Cpath d=\"M42.666667 111.893333a47.829333 47.829333 0 0 1 3.562666-18.346666c1.130667-2.922667 2.624-5.696 4.330667-8.298667 1.685333-2.602667 3.648-4.992 5.802667-7.296a48.448 48.448 0 0 1 15.210666-10.389333A46.890667 46.890667 0 0 1 89.6 64h321.024c9.173333 0 18.133333 2.730667 25.813333 7.893333 7.68 5.141333 13.674667 12.501333 17.28 21.141334l23.082667 54.72H934.4a48.810667 48.810667 0 0 1 17.92 3.626666 48.426667 48.426667 0 0 1 15.210667 10.389334c2.154667 2.325333 4.138667 4.736 5.824 7.317333 1.792 2.602667 3.2 5.397333 4.309333 8.277333a42.666667 42.666667 0 0 1 2.730667 8.938667c0.554667 3.178667 0.938667 6.250667 0.938666 9.429333V698.666667c0 3.178667-0.384 6.250667-0.938666 9.322666a41.813333 41.813333 0 0 1-2.730667 9.045334 40.661333 40.661333 0 0 1-4.309333 8.256 53.333333 53.333333 0 0 1-5.824 7.317333 48.469333 48.469333 0 0 1-15.210667 10.389333 48.704 48.704 0 0 1-17.92 3.648H89.6a48.853333 48.853333 0 0 1-18.026667-3.648 48.469333 48.469333 0 0 1-15.210666-10.389333 53.333333 53.333333 0 0 1-5.802667-7.317333 45.930667 45.930667 0 0 1-4.330667-8.256A47.829333 47.829333 0 0 1 42.666667 698.666667V111.893333z\" fill=\"#FFB02C\">\u003C/path>\u003Cpath d=\"M193.216 192h637.482667C859.989333 192 874.666667 208.746667 874.666667 242.432v453.802667C874.666667 729.834667 859.989333 746.666667 830.72 746.666667H193.194667C163.925333 746.666667 149.333333 729.813333 149.333333 696.234667V242.432C149.333333 208.725333 163.925333 192 193.216 192z\" fill=\"#FFE4BA\">\u003C/path>\u003Cpath d=\"M89.6 256h844.8c31.253333 0 46.933333 13.205333 46.933333 39.786667v411.008C981.333333 733.376 965.653333 746.666667 934.4 746.666667H89.6C58.24 746.666667 42.666667 733.376 42.666667 706.773333V295.808C42.666667 269.226667 58.24 256 89.6 256z\" fill=\"#FFCA28\">\u003C/path>\u003Cpath d=\"M43.178667 877.909333a20.48 20.48 0 0 1 20.778666-20.202666h903.68a20.48 20.48 0 0 1 20.778667 20.202666v47.125334a20.48 20.48 0 0 1-20.778667 20.202666H63.957333a20.48 20.48 0 0 1-20.778666-20.202666v-47.146667z\" fill=\"#86909C\">\u003C/path>\u003Cpath d=\"M470.784 748.309333h90.026667v109.397334h-90.026667v-109.397334z\" fill=\"#86909C\">\u003C/path>\u003Cpath d=\"M167.850667 526.613333l62.869333-3.946666c1.344 10.218667 4.117333 17.984 8.32 23.338666 6.784 8.64 16.512 12.970667 29.141333 12.970667 9.429333 0 16.682667-2.176 21.738667-6.570667 5.141333-4.48 7.722667-9.6 7.722667-15.445333 0-5.546667-2.432-10.496-7.296-14.869333-4.842667-4.373333-16.128-8.533333-33.834667-12.394667-28.970667-6.528-49.621333-15.168-61.973333-25.962667-12.437333-10.794667-18.666667-24.533333-18.666667-41.28 0-10.986667 3.157333-21.333333 9.472-31.061333 6.421333-9.813333 16-17.493333 28.736-23.04 12.842667-5.632 30.378667-8.448 52.650667-8.448 27.306667 0 48.128 5.098667 62.421333 15.296 14.378667 10.112 22.933333 26.24 25.664 48.426667l-62.293333 3.626666c-1.642667-9.6-5.12-16.618667-10.474667-20.992-5.248-4.373333-12.544-6.549333-21.888-6.549333-7.68 0-13.44 1.642667-17.344 4.949333a14.762667 14.762667 0 0 0-5.845333 11.818667c0 3.413333 1.621333 6.464 4.821333 9.173333 3.114667 2.837333 10.496 5.461333 22.165333 7.893334 28.885333 6.208 49.536 12.544 61.973334 18.944 12.544 6.336 21.632 14.208 27.285333 23.637333 5.738667 9.429333 8.597333 19.968 8.597333 31.637333 0 13.717333-3.797333 26.346667-11.370666 37.930667-7.594667 11.562667-18.176 20.352-31.786667 26.389333-13.610667 5.930667-30.784 8.896-51.498667 8.896-36.352 0-61.525333-6.997333-75.52-21.013333-14.016-13.994667-21.930667-31.786667-23.786666-53.354667z m226.624-143.061333h86.912l33.557333 130.069333 33.386667-130.090666h86.613333V597.333333h-53.952v-163.050666L539.136 597.333333h-48.853333l-41.706667-163.050666V597.333333h-54.101333V383.552z m282.922666 0h123.669334c20.608 0 36.416 5.098667 47.402666 15.296 11.072 10.218667 16.618667 22.848 16.618667 37.930667 0 12.629333-3.946667 23.466667-11.818667 32.512-5.248 6.037333-12.928 10.794667-23.04 14.293333 15.36 3.690667 26.645333 10.069333 33.834667 19.114667 7.296 8.938667 10.944 20.202667 10.944 33.813333 0 11.093333-2.581333 21.056-7.744 29.909333a56.917333 56.917333 0 0 1-21.12 20.992c-5.546667 3.2-13.930667 5.546667-25.109333 6.997334-14.869333 1.941333-24.746667 2.922667-29.589334 2.922666h-114.048V383.552z m66.645334 83.84h28.736c10.304 0 17.450667-1.749333 21.44-5.248 4.053333-3.605333 6.122667-8.746667 6.122666-15.445333 0-6.229333-2.048-11.093333-6.144-14.592-3.968-3.498667-10.965333-5.248-20.992-5.248h-29.162666v40.533333z m0 84.010667h33.706666c11.349333 0 19.370667-2.005333 24.042667-5.973334 4.672-4.096 6.997333-9.536 6.997333-16.341333a18.56 18.56 0 0 0-6.997333-15.168c-4.565333-3.882667-12.650667-5.845333-24.213333-5.845333h-33.536v43.306666z\" fill=\"#FFFFFF\">\u003C/path>\u003C/symbol>\u003Csymbol id=\"iconMount_NFS_not\" viewBox=\"0 0 1024 1024\">\u003Cpath d=\"M42.666667 111.893333a47.829333 47.829333 0 0 1 3.562666-18.346666c1.130667-2.922667 2.624-5.696 4.330667-8.298667 1.685333-2.602667 3.648-4.992 5.802667-7.296a48.448 48.448 0 0 1 15.210666-10.389333A46.890667 46.890667 0 0 1 89.6 64h321.024c9.173333 0 18.133333 2.730667 25.813333 7.893333 7.68 5.141333 13.674667 12.501333 17.28 21.141334l23.082667 54.72H934.4a48.810667 48.810667 0 0 1 17.92 3.626666 48.448 48.448 0 0 1 15.210667 10.389334c2.154667 2.325333 4.138667 4.736 5.824 7.317333 1.792 2.602667 3.2 5.397333 4.309333 8.277333a42.666667 42.666667 0 0 1 2.730667 8.938667c0.554667 3.178667 0.938667 6.250667 0.938666 9.429333V698.666667c0 3.178667-0.384 6.250667-0.938666 9.322666a41.813333 41.813333 0 0 1-2.730667 9.045334 40.661333 40.661333 0 0 1-4.309333 8.256 53.333333 53.333333 0 0 1-5.824 7.317333 48.469333 48.469333 0 0 1-15.210667 10.389333 48.704 48.704 0 0 1-17.92 3.648H89.6a48.853333 48.853333 0 0 1-18.026667-3.648 48.469333 48.469333 0 0 1-15.210666-10.389333 53.333333 53.333333 0 0 1-5.802667-7.317333 45.930667 45.930667 0 0 1-4.330667-8.256A47.829333 47.829333 0 0 1 42.666667 698.666667V111.893333z\" fill=\"#9FA9B4\">\u003C/path>\u003Cpath d=\"M193.216 192h637.482667C859.989333 192 874.666667 208.746667 874.666667 242.432v453.802667C874.666667 729.834667 859.989333 746.666667 830.72 746.666667H193.194667C163.925333 746.666667 149.333333 729.813333 149.333333 696.234667V242.432C149.333333 208.725333 163.925333 192 193.216 192z\" fill=\"#EAEAEA\">\u003C/path>\u003Cpath d=\"M89.6 256h844.8c31.253333 0 46.933333 13.205333 46.933333 39.786667v411.008C981.333333 733.376 965.653333 746.666667 934.4 746.666667H89.6C58.24 746.666667 42.666667 733.376 42.666667 706.773333V295.808C42.666667 269.226667 58.24 256 89.6 256z\" fill=\"#A5B2C4\">\u003C/path>\u003Cpath d=\"M43.178667 877.909333a20.48 20.48 0 0 1 20.778666-20.202666h903.68a20.48 20.48 0 0 1 20.778667 20.202666v47.125334a20.48 20.48 0 0 1-20.778667 20.202666H63.957333a20.48 20.48 0 0 1-20.778666-20.202666v-47.146667z\" fill=\"#86909C\">\u003C/path>\u003Cpath d=\"M470.784 748.309333h90.026667v109.397334h-90.026667v-109.397334z\" fill=\"#86909C\">\u003C/path>\u003Cpath d=\"M202.389333 383.552h61.696l80.490667 118.272v-118.272h62.293333V597.333333h-62.293333L264.533333 479.936V597.333333H202.389333V383.552z m248.661334 0h163.328v45.930667h-96.981334v37.333333h82.837334v43.157333h-82.837334V597.333333h-66.346666V383.552z m187.392 143.061333l62.848-3.946666c1.365333 10.218667 4.138667 17.984 8.32 23.338666 6.805333 8.64 16.512 12.970667 29.162666 12.970667 9.429333 0 16.661333-2.176 21.717334-6.570667 5.162667-4.48 7.744-9.6 7.744-15.445333 0-5.546667-2.432-10.496-7.296-14.869333-4.864-4.373333-16.149333-8.533333-33.834667-12.394667-28.970667-6.528-49.621333-15.168-61.973333-25.962667-12.458667-10.794667-18.666667-24.533333-18.666667-41.28 0-10.986667 3.157333-21.333333 9.472-31.061333 6.4-9.813333 16-17.493333 28.736-23.04 12.821333-5.632 30.378667-8.448 52.650667-8.448 27.306667 0 48.106667 5.098667 62.4 15.296 14.4 10.112 22.954667 26.24 25.664 48.426667l-62.250667 3.626666c-1.664-9.6-5.162667-16.618667-10.517333-20.992-5.248-4.373333-12.544-6.549333-21.866667-6.549333-7.68 0-13.461333 1.642667-17.365333 4.949333a14.762667 14.762667 0 0 0-5.824 11.818667c0 3.413333 1.6 6.464 4.821333 9.173333 3.093333 2.837333 10.496 5.461333 22.165333 7.893334 28.864 6.208 49.536 12.544 61.973334 18.944 12.544 6.336 21.632 14.208 27.264 23.637333 5.76 9.429333 8.618667 19.968 8.618666 31.637333 0 13.717333-3.797333 26.346667-11.392 37.930667-7.573333 11.562667-18.176 20.352-31.786666 26.389333-13.610667 5.930667-30.762667 8.896-51.477334 8.896-36.352 0-61.546667-6.997333-75.541333-21.013333-13.994667-13.994667-21.930667-31.786667-23.765333-53.354667z\" fill=\"#FFFFFF\">\u003C/path>\u003C/symbol>\u003Csymbol id=\"iconCloud_Drive_Online\" viewBox=\"0 0 1024 1024\">\u003Cpath d=\"M0 0m170.666667 0l682.666666 0q170.666667 0 170.666667 170.666667l0 682.666666q0 170.666667-170.666667 170.666667l-682.666666 0q-170.666667 0-170.666667-170.666667l0-682.666666q0-170.666667 170.666667-170.666667Z\" fill=\"#EEF6FF\">\u003C/path>\u003Cpath d=\"M858.901333 640.042667H165.354667c-44.949333-1.066667-60.202667 25.898667-80 44.437333l121.088-469.056c1.941333-3.861333 1.941333-7.765333 3.904-11.648l1.92-5.824c9.813333-17.493333 27.349333-29.162667 48.853333-29.162667H761.173333c17.578667 1.962667 35.157333 13.610667 42.965334 29.162667l1.941333 3.861333c1.962667 5.845333 3.904 9.749333 3.904 13.610667l128.96 469.056c-20.842667-18.538667-47.637333-44.458667-80-44.458667zM595.626667 421.909333c0-41.6-37.376-75.306667-83.498667-75.306666s-83.52 33.706667-83.52 75.306666c-42.24 0-76.522667 30.890667-76.522667 69.034667 0 38.122667 34.282667 69.034667 76.522667 69.034667h167.018667c42.282667 0 76.565333-30.912 76.565333-69.034667 0-38.144-34.282667-69.034667-76.565333-69.034667zM165.354667 666.709333h693.546666c39.04 0 81.92 35.690667 79.978667 72.618667 0 38.848-31.232 87.424-70.314667 87.424H155.648C116.565333 826.752 85.333333 776.234667 85.333333 739.328c0-36.928 40.96-72.618667 80.021334-72.618667z m666.88 106.688a26.666667 26.666667 0 1 0 0-53.333333 26.666667 26.666667 0 0 0 0 53.333333z m-106.709334 0a26.666667 26.666667 0 1 0 0-53.333333 26.666667 26.666667 0 0 0 0 53.333333z m-106.688 0a26.666667 26.666667 0 1 0 0-53.290666 26.666667 26.666667 0 0 0 0 53.290666z\" fill=\"#4EA3FF\">\u003C/path>\u003C/symbol>\u003Csymbol id=\"iconCloud_Drive_not\" viewBox=\"0 0 1024 1024\">\u003Cpath d=\"M0 0m170.666667 0l682.666666 0q170.666667 0 170.666667 170.666667l0 682.666666q0 170.666667-170.666667 170.666667l-682.666666 0q-170.666667 0-170.666667-170.666667l0-682.666666q0-170.666667 170.666667-170.666667Z\" fill=\"#F7F8FA\">\u003C/path>\u003Cpath d=\"M858.901333 640.042667H165.354667c-44.949333-1.066667-60.202667 25.898667-80 44.437333l121.088-469.056c1.941333-3.861333 1.941333-7.765333 3.904-11.648l1.92-5.824c9.813333-17.493333 27.349333-29.162667 48.853333-29.162667H761.173333c17.578667 1.962667 35.157333 13.610667 42.965334 29.162667l1.941333 3.861333c1.962667 5.845333 3.904 9.749333 3.904 13.610667l128.96 469.056c-20.842667-18.538667-47.637333-44.458667-80-44.458667zM595.626667 421.909333c0-41.6-37.376-75.306667-83.498667-75.306666s-83.52 33.706667-83.52 75.306666c-42.24 0-76.522667 30.890667-76.522667 69.034667 0 38.122667 34.282667 69.034667 76.522667 69.034667h167.018667c42.282667 0 76.565333-30.912 76.565333-69.034667 0-38.144-34.282667-69.034667-76.565333-69.034667zM165.354667 666.709333h693.546666c39.04 0 81.92 35.690667 79.978667 72.618667 0 38.848-31.232 87.424-70.314667 87.424H155.648C116.565333 826.752 85.333333 776.234667 85.333333 739.328c0-36.928 40.96-72.618667 80.021334-72.618667z m666.88 106.688a26.666667 26.666667 0 1 0 0-53.333333 26.666667 26.666667 0 0 0 0 53.333333z m-106.709334 0a26.666667 26.666667 0 1 0 0-53.333333 26.666667 26.666667 0 0 0 0 53.333333z m-106.688 0a26.666667 26.666667 0 1 0 0-53.290666 26.666667 26.666667 0 0 0 0 53.290666z\" fill=\"#A4ACB6\">\u003C/path>\u003C/symbol>\u003Csymbol id=\"iconfail_Full\" viewBox=\"0 0 1024 1024\">\u003Cpath d=\"M512 0C229.184 0 0 229.184 0 512s229.184 512 512 512 512-229.184 512-512S794.816 0 512 0z m157.994667 618.304l49.728 50.709333c-16.576 17.557333-33.152 35.114667-50.709334 52.672-52.672-52.672-104.341333-105.344-157.013333-157.013333-51.690667 52.650667-103.381333 105.322667-156.032 157.973333-17.557333-17.557333-34.133333-34.133333-50.709333-51.690666l49.728-51.669334c35.114667-36.096 70.208-71.210667 105.322666-107.285333a11996.202667 11996.202667 0 0 1-156.032-158.954667c16.576-16.597333 33.152-32.192 49.728-50.730666L512 460.309333c52.672-52.650667 104.341333-105.322667 157.013333-158.954666 16.576 17.557333 33.152 34.133333 50.709334 49.728-51.690667 54.613333-104.341333 107.285333-156.032 160.917333 35.114667 35.114667 71.189333 70.208 106.304 106.304z\" fill=\"#C53709\">\u003C/path>\u003C/symbol>\u003Csymbol id=\"iconForum\" viewBox=\"0 0 1024 1024\">\u003Cpath d=\"M512 85.333333c235.648 0 426.666667 191.018667 426.666667 426.666667s-191.018667 426.666667-426.666667 426.666667H128a42.666667 42.666667 0 0 1-42.666667-42.666667v-384C85.333333 276.352 276.352 85.333333 512 85.333333z m0 81.28A345.386667 345.386667 0 0 0 166.613333 512v345.386667H512a345.386667 345.386667 0 1 0 0-690.773334z m14.592 203.178667c9.045333 0 12.373333 0.938667 15.658667 2.688a18.432 18.432 0 0 1 7.68 7.68c1.792 3.328 2.688 6.613333 2.688 15.658667v272.981333c0 9.088-0.896 12.373333-2.688 15.658667a18.474667 18.474667 0 0 1-7.68 7.68c-3.328 1.792-6.613333 2.730667-15.658667 2.730666h-29.184c-9.045333 0-12.373333-0.938667-15.658667-2.730666a18.474667 18.474667 0 0 1-7.68-7.68c-1.792-3.285333-2.688-6.570667-2.688-15.658667V395.818667c0-9.045333 0.896-12.373333 2.688-15.658667a18.432 18.432 0 0 1 7.68-7.68c3.328-1.749333 6.613333-2.688 15.658667-2.688h29.184z m162.56 60.928c9.045333 0 12.288 0.938667 15.616 2.730667a18.432 18.432 0 0 1 7.68 7.68c1.792 3.285333 2.730667 6.570667 2.730667 15.658666v130.773334c0 9.045333-0.938667 12.330667-2.730667 15.616a18.432 18.432 0 0 1-7.68 7.68c-3.328 1.792-6.570667 2.730667-15.658667 2.730666h-29.141333c-9.088 0-12.373333-0.938667-15.658667-2.730666a18.389333 18.389333 0 0 1-7.68-7.68c-1.792-3.285333-2.730667-6.570667-2.730666-15.658667v-130.730667c0-9.088 0.938667-12.373333 2.730666-15.658666a18.432 18.432 0 0 1 7.68-7.68c3.285333-1.792 6.570667-2.730667 15.658667-2.730667h29.141333z m-325.12 0c9.088 0 12.373333 0.938667 15.658667 2.730667a18.432 18.432 0 0 1 7.68 7.68c1.792 3.285333 2.730667 6.570667 2.730666 15.658666v130.773334c0 9.045333-0.938667 12.330667-2.730666 15.616a18.432 18.432 0 0 1-7.68 7.68c-3.285333 1.792-6.570667 2.730667-15.658667 2.730666H334.933333c-9.088 0-12.373333-0.938667-15.658666-2.730666a18.432 18.432 0 0 1-7.68-7.68c-1.792-3.285333-2.730667-6.570667-2.730667-15.658667v-130.730667c0-9.088 0.938667-12.373333 2.730667-15.658666a18.474667 18.474667 0 0 1 7.68-7.68c3.285333-1.792 6.570667-2.730667 15.658666-2.730667h29.141334z\" fill=\"#1D2129\">\u003C/path>\u003C/symbol>\u003Csymbol id=\"iconDebug_mode\" viewBox=\"0 0 1024 1024\">\u003Cpath d=\"M704 269.568a185.173333 185.173333 0 0 0-53.418667-130.261333A181.461333 181.461333 0 0 0 521.6 85.333333h-19.2a181.461333 181.461333 0 0 0-128.981333 53.973334A185.173333 185.173333 0 0 0 320 269.568v9.685333h76.8v-9.685333c0-28.288 11.093333-55.424 30.933333-75.434667a105.088 105.088 0 0 1 74.666667-31.232h19.2c27.989333 0 54.869333 11.264 74.666667 31.232 19.797333 20.053333 30.933333 47.146667 30.933333 75.434667v9.685333h76.8v-9.685333z m-486.144 571.733333c7.125333-11.776 17.066667-20.565333 30.378667-26.837333 9.130667-4.309333 18.176-7.253333 32.426666-9.045333l0.170667 0.426666C327.722667 885.333333 413.696 938.666667 512 938.666667c98.986667 0 185.429333-54.016 232.106667-134.485334l-0.725334 1.28c14.208 1.749333 23.253333 4.693333 32.426667 9.002667 13.269333 6.272 23.210667 15.061333 30.293333 26.837333 7.936 13.056 11.690667 25.984 12.757334 58.538667h76.757333c-1.749333-51.2-9.429333-73.088-22.4-95.146667a148.906667 148.906667 0 0 0-64.512-58.666666 166.826667 166.826667 0 0 0-35.84-12.970667l0.256-1.237333c4.992-20.736 7.68-42.368 7.68-64.682667v-58.154667h90.581333c8.533333 0 11.648-0.896 14.805334-2.602666a17.493333 17.493333 0 0 0 7.253333-7.338667c1.706667-3.157333 2.56-6.272 2.56-14.933333v-27.861334c0-8.661333-0.853333-11.776-2.56-14.933333a17.493333 17.493333 0 0 0-7.253333-7.296c-3.157333-1.706667-6.229333-2.645333-14.805334-2.645333H780.8V394.922667c23.765333-1.664 40.234667-6.272 55.168-13.525334 19.114667-9.301333 34.133333-22.954667 44.373333-40.32 9.344-15.914667 14.72-33.749333 15.530667-61.781333h-85.333333c-0.512 13.397333-2.304 19.84-5.461334 25.173333a20.608 20.608 0 0 1-9.344 8.533334c-6.997333 3.413333-15.616 5.077333-36.608 5.077333H264.832c-20.992 0-29.610667-1.706667-36.608-5.12a20.48 20.48 0 0 1-9.386667-8.448c-3.114667-5.376-4.949333-11.818667-5.418666-25.216h-85.333334c0.853333 28.032 6.186667 45.866667 15.530667 61.738667a102.4 102.4 0 0 0 44.373333 40.362666c14.933333 7.253333 31.445333 11.861333 55.168 13.525334v136.448H152.618667c-8.533333 0-11.648 0.896-14.805334 2.602666a17.493333 17.493333 0 0 0-7.253333 7.338667c-1.706667 3.157333-2.56 6.314667-2.56 14.933333v27.861334c0 8.661333 0.853333 11.776 2.56 14.933333a17.493333 17.493333 0 0 0 7.253333 7.338667c3.157333 1.706667 6.229333 2.56 14.805334 2.56H243.2v58.197333c0 22.314667 2.688 43.946667 7.68 64.682667l0.298667 1.237333-0.853334 0.213333-6.528 1.706667c-9.813333 2.858667-19.328 6.528-28.501333 11.093333a148.864 148.864 0 0 0-64.512 58.624c-12.970667 22.058667-20.650667 43.946667-22.4 95.146667h76.8c1.024-32.597333 4.736-45.482667 12.672-58.538667z m35.413333-100.138666l-2.090666-8.106667c0.682667 2.688 1.365333 5.418667 2.133333 8.106667z m490.112 64.256c1.706667-2.986667 3.413333-5.973333 5.034667-8.96l-1.92 3.498666-2.389333 4.266667 0.597333-1.109333-1.28 2.304zM320 395.648h384v271.488c0 93.866667-65.962667 172.117333-153.6 190.08v-364.629333a19.498667 19.498667 0 0 0-5.632-13.696 19.114667 19.114667 0 0 0-13.568-5.674667h-38.4a19.114667 19.114667 0 0 0-13.568 5.674667 19.498667 19.498667 0 0 0-5.632 13.738666v364.586667c-87.637333-18.005333-153.6-96.256-153.6-190.08V395.648z m442.24 370.858667l-0.170667 0.426666 0.341334-0.896-0.170667 0.469334z m-505.770667-14.933334a238.933333 238.933333 0 0 1-0.682666-2.133333l0.682666 2.133333z\" fill=\"#1D2129\">\u003C/path>\u003C/symbol>\u003Csymbol id=\"iconProblem_report\" viewBox=\"0 0 1024 1024\">\u003Cpath d=\"M899.84 128c10.325333 0 20.181333 4.053333 27.477333 11.264 7.253333 7.168 11.349333 16.938667 11.349334 27.136v192a38.186667 38.186667 0 0 1-11.349334 27.136 38.997333 38.997333 0 0 1-27.434666 11.264h-38.826667v460.8a38.229333 38.229333 0 0 1-11.306667 27.136 38.997333 38.997333 0 0 1-27.434666 11.264H201.685333a38.997333 38.997333 0 0 1-27.434666-11.264 38.186667 38.186667 0 0 1-11.349334-27.136V396.8H124.16a38.997333 38.997333 0 0 1-27.434667-11.264A38.186667 38.186667 0 0 1 85.333333 358.4V166.4c0-10.197333 4.096-19.968 11.349334-27.136A38.997333 38.997333 0 0 1 124.16 128h775.765333z m-116.309333 268.8H240.469333v422.4h543.061334V396.8z m-135.765334 76.8c5.12 0 10.069333 2.005333 13.696 5.632a19.114667 19.114667 0 0 1 5.674667 13.568v38.4c0 5.12-2.005333 9.984-5.674667 13.568a19.498667 19.498667 0 0 1-13.696 5.632H376.234667a19.498667 19.498667 0 0 1-13.696-5.632 19.114667 19.114667 0 0 1-5.674667-13.568v-38.4c0-5.12 2.048-9.984 5.674667-13.568a19.498667 19.498667 0 0 1 13.696-5.632h271.530666z m213.333334-268.8H162.901333v115.2h698.197334V204.8z\" fill=\"#1D2129\">\u003C/path>\u003C/symbol>\u003Csymbol id=\"iconHelp_Support\" viewBox=\"0 0 1024 1024\">\u003Cpath d=\"M512 85.333333c235.648 0 426.666667 191.018667 426.666667 426.666667s-191.018667 426.666667-426.666667 426.666667S85.333333 747.648 85.333333 512 276.352 85.333333 512 85.333333z m0 77.568a349.098667 349.098667 0 1 0 0 698.197334 349.098667 349.098667 0 0 0 0-698.197334z m19.370667 504.234667a19.413333 19.413333 0 0 1 19.413333 19.413333V725.333333a19.413333 19.413333 0 0 1-19.413333 19.370667h-38.784a19.370667 19.370667 0 0 1-19.370667-19.370667v-38.826666a19.413333 19.413333 0 0 1 19.413333-19.370667h38.784z m-24.874667-387.84c46.08 0 84.394667 11.136 114.901333 33.450667 30.506667 22.4 45.738667 55.466667 45.738667 99.285333 0 26.88-6.613333 49.493333-19.882667 67.925333-7.765333 11.136-22.613333 25.386667-44.672 42.794667l-21.717333 17.066667c-11.818667 9.301333-19.712 20.181333-23.594667 32.554666-1.024 3.413333-1.962667 9.685333-2.773333 18.901334a19.413333 19.413333 0 0 1-19.285333 17.706666h-43.477334a19.413333 19.413333 0 0 1-19.370666-19.413333v-0.853333l0.085333-0.938667c2.517333-26.965333 5.162667-44.074667 8.021333-51.2 5.333333-13.354667 18.986667-28.714667 41.002667-46.08l22.357333-17.706667c7.338667-5.546667 45.184-32.213333 45.184-55.808s-4.096-32.298667-15.957333-45.226666c-11.818667-12.928-38.528-17.109333-62.592-17.109334-23.68 0-43.904 6.272-53.76 22.186667a112.341333 112.341333 0 0 0-11.050667 23.296c-1.28 3.84-2.176 7.850667-2.816 11.904a19.370667 19.370667 0 0 1-19.114666 16.085333H378.026667a19.370667 19.370667 0 0 1-19.413334-19.370666v-1.066667l0.128-1.109333c0.469333-4.352 0.981333-7.978667 1.536-10.837334 7.552-42.112 26.666667-73.045333 57.429334-92.885333 24.064-15.701333 53.674667-23.594667 88.746666-23.594667z\" fill=\"#1D2129\">\u003C/path>\u003C/symbol>\u003Csymbol id=\"iconReduce_tag\" viewBox=\"0 0 1024 1024\">\u003Cpath d=\"M899.84 85.333333a37.12 37.12 0 0 1 27.477333 12.501334c7.253333 7.978667 11.349333 18.858667 11.349334 30.165333v768c0 11.306667-4.096 22.186667-11.349334 30.165333a37.12 37.12 0 0 1-27.434666 12.501334H124.117333a37.12 37.12 0 0 1-27.434666-12.501334A44.928 44.928 0 0 1 85.333333 896V128c0-11.306667 4.096-22.186667 11.349334-30.165333A37.12 37.12 0 0 1 124.16 85.333333h775.765333z m-38.741333 85.333334H162.901333v682.666666h698.197334V170.666667z\" fill=\"#1D2129\">\u003C/path>\u003Cpath d=\"M719.104 475.562667A21.333333 21.333333 0 0 1 725.333333 490.666667v42.666666a21.333333 21.333333 0 0 1-21.333333 21.333334h-384a21.333333 21.333333 0 0 1-21.333333-21.333334v-42.666666a21.333333 21.333333 0 0 1 21.333333-21.333334h384a21.333333 21.333333 0 0 1 15.104 6.229334z\" fill=\"#1D2129\">\u003C/path>\u003C/symbol>\u003Csymbol id=\"iconnav_remove_folder\" viewBox=\"0 0 1024 1024\">\u003Cpath d=\"M396.672 128c10.325333 0 20.181333 3.925333 27.477333 10.922667a36.608 36.608 0 0 1 11.392 26.410666v46.677334h428.074667c10.325333 0 20.224 3.925333 27.52 10.922666a36.650667 36.650667 0 0 1 11.392 26.410667V576H824.746667V426.666667H163.157333v363.989333h291.84v74.666667H124.245333a39.765333 39.765333 0 0 1-27.477333-10.922667 36.650667 36.650667 0 0 1-11.434667-26.410667V165.333333c0-9.898667 4.138667-19.413333 11.434667-26.453333A39.765333 39.765333 0 0 1 124.245333 128h272.426667zM163.157333 352H824.746667V286.677333H357.76V202.666667h-194.56v149.333333z\" fill=\"#1D2129\">\u003C/path>\u003Cpath d=\"M737.237333 569.301333c73.685333 0 134.4 57.173333 142.549334 130.730667A102.570667 102.570667 0 0 1 938.666667 793.6c0 56.106667-43.861333 101.674667-98.176 102.4h-227.925334c-60.458667 0-109.525333-50.474667-109.525333-112.768 0-58.197333 42.837333-106.112 97.749333-112.170667 18.773333-59.050667 72.789333-101.76 136.448-101.76z m0 72.618667c-30.378667 0-57.557333 20.565333-67.242666 51.157333l-14.293334 44.970667-46.933333 5.205333c-18.261333 1.962667-33.109333 18.901333-33.109333 39.978667 0 22.613333 17.024 40.192 36.949333 40.192h226.944c14.208-0.213333 26.496-13.013333 26.496-29.866667 0-12.373333-6.826667-23.04-16.64-27.562666l-37.205333-17.152-4.565334-40.746667c-4.224-37.930667-34.773333-66.176-70.4-66.176z\" fill=\"#1D2129\">\u003C/path>\u003C/symbol>\u003Csymbol id=\"iconfile_favourite\" viewBox=\"0 0 1024 1024\">\u003Cpath d=\"M704 106.666667c129.621333 0 234.666667 109.568 234.666667 262.912 0 306.773333-320 482.005333-426.666667 547.754666C405.333333 851.626667 85.333333 676.309333 85.333333 369.578667 85.333333 216.234667 192 106.666667 320 106.666667c79.36 0 149.333333 43.818667 192 87.637333C554.666667 150.485333 624.64 106.666667 704 106.666667z m-152.149333 683.776a1141.76 1141.76 0 0 0 103.253333-74.538667C782.293333 612.053333 853.333333 498.56 853.333333 369.578667c0-103.424-65.578667-175.274667-149.333333-175.274667-45.909333 0-95.573333 24.96-131.669333 61.952L512 318.208l-60.330667-61.952C415.573333 219.306667 365.909333 194.304 320 194.304c-82.773333 0-149.333333 72.533333-149.333333 175.274667 0 129.024 71.082667 242.474667 198.186666 346.325333 31.786667 25.984 65.706667 50.218667 103.296 74.496 12.757333 8.277333 25.386667 16.213333 39.850667 25.045333 14.464-8.832 27.093333-16.768 39.850667-25.002666z\" fill=\"#1D2129\">\u003C/path>\u003C/symbol>\u003Csymbol id=\"iconremote_folder\" viewBox=\"0 0 1024 1024\">\u003Cpath d=\"M796.458667 85.333333a20.309333 20.309333 0 0 1 20.309333 20.309334v410.154666a208.298667 208.298667 0 0 0-81.28-23.466666V166.570667H166.613333v690.773333h209.493334A169.045333 169.045333 0 0 0 426.709333 938.666667H105.642667A20.309333 20.309333 0 0 1 85.333333 918.314667V105.642667A20.309333 20.309333 0 0 1 105.642667 85.333333h690.773333z m-83.285334 487.594667c82.474667 0 150.442667 64 159.573334 146.346667A114.816 114.816 0 0 1 938.666667 824.021333c0 62.848-49.066667 113.877333-109.909334 114.688h-255.146666c-67.626667 0-122.581333-56.533333-122.581334-126.293333 0-65.109333 47.914667-118.741333 109.44-125.525333 21.034667-66.133333 81.493333-113.92 152.746667-113.92z m0 81.28c-34.005333 0-64.426667 23.04-75.264 57.258667l-16 50.346666-52.565333 5.802667c-20.394667 2.261333-37.034667 21.205333-37.034667 44.8 0 25.344 19.072 44.970667 41.386667 44.970667h253.994667c15.914667-0.213333 29.696-14.592 29.696-33.408a33.621333 33.621333 0 0 0-18.645334-30.848l-41.642666-19.2-5.12-45.653334c-4.693333-42.410667-38.954667-74.069333-78.805334-74.069333z m-282.453333-203.178667a20.309333 20.309333 0 0 1 20.181333 17.92l0.128 2.389334V512l-0.128 2.389333a20.309333 20.309333 0 0 1-17.792 17.792l-2.389333 0.128H308.821333l-2.389333-0.128a20.309333 20.309333 0 0 1-17.792-17.834666L288.512 512v-40.661333l0.128-2.346667a20.309333 20.309333 0 0 1 17.792-17.792l2.389333-0.170667h121.898667z m162.56-162.56a20.309333 20.309333 0 0 1 20.181333 17.962667l0.128 2.389333v40.618667l-0.128 2.389333a20.309333 20.309333 0 0 1-17.834666 17.792l-2.346667 0.170667H308.821333l-2.389333-0.170667a20.309333 20.309333 0 0 1-17.792-17.792l-0.128-2.389333v-40.618667l0.128-2.389333a20.309333 20.309333 0 0 1 17.792-17.792l2.389333-0.128h284.458667z\" fill=\"#1D2129\">\u003C/path>\u003C/symbol>\u003Csymbol id=\"iconfile_favorites_Remove\" viewBox=\"0 0 1024 1024\">\u003Cpath d=\"M692.608 128C827.904 128 938.581333 252.330667 938.666667 404.266667c0 36.821333-6.698667 73.344-19.84 107.733333h-93.184c18.986667-37.376 27.690667-69.674667 27.690666-107.690667C853.248 297.386667 778.410667 213.333333 692.608 213.333333c-50.688 0-110.72 46.293333-180.181333 138.965334C442.154667 259.669333 381.909333 213.333333 331.776 213.333333 245.248 213.333333 170.666667 296.917333 170.666667 404.266667c0 47.146667 13.397333 85.504 43.093333 135.552 4.224 7.04 7.594667 12.586667 15.701333 25.6 4.992 8.192 10.666667 16.682667 16.981334 25.429333 27.392 38.058667 65.408 79.786667 111.232 123.349333 37.12 35.072 75.733333 68.522667 115.712 100.309334 11.008 8.832 26.026667 20.48 38.4 29.994666l0.213333-0.213333V938.666667h-0.213333a48.853333 48.853333 0 0 1-31.744-11.136c-9.685333-7.808-231.466667-168.192-323.285334-317.397334C125.013333 559.061333 85.333333 495.274667 85.333333 404.266667 85.333333 251.733333 195.882667 128 331.776 128c45.909333 0 85.802667 14.506667 120.405333 40.277333 20.736 16.128 40.704 36.906667 59.946667 62.378667a245.333333 245.333333 0 0 1 59.861333-62.378667A197.845333 197.845333 0 0 1 692.608 128z\" fill=\"#1D2129\">\u003C/path>\u003Cpath d=\"M646.826667 586.453333c-6.741333-6.698667-9.898667-8.448-13.653334-9.6a19.328 19.328 0 0 0-11.392 0c-3.797333 1.152-6.912 2.901333-13.653333 9.642667l-21.674667 21.632c-6.698667 6.741333-8.448 9.856-9.557333 13.653333a19.328 19.328 0 0 0 0 11.392c1.109333 3.797333 2.816 6.912 9.557333 13.653334l101.376 101.333333-101.333333 101.333333c-6.784 6.741333-8.490667 9.856-9.642667 13.653334a19.328 19.328 0 0 0 0 11.392c1.152 3.754667 2.901333 6.912 9.642667 13.653333l21.632 21.632c6.741333 6.741333 9.856 8.490667 13.653333 9.6 3.669333 1.152 7.68 1.152 11.349334 0 3.84-1.109333 6.954667-2.858667 13.653333-9.6l101.376-101.333333 101.333333 101.333333c6.698667 6.741333 9.856 8.490667 13.653334 9.6 3.712 1.152 7.68 1.152 11.392 0 3.754667-1.109333 6.912-2.858667 13.653333-9.6l21.632-21.632c6.698667-6.741333 8.448-9.898667 9.6-13.653333a19.328 19.328 0 0 0 0-11.392c-1.109333-3.797333-2.858667-6.912-9.6-13.653334l-101.333333-101.333333 101.333333-101.333333c6.698667-6.741333 8.448-9.856 9.6-13.653334a19.328 19.328 0 0 0 0-11.392c-1.109333-3.797333-2.858667-6.912-9.6-13.653333l-21.674667-21.674667c-6.698667-6.698667-9.856-8.448-13.653333-9.6a19.328 19.328 0 0 0-11.349333 0c-3.797333 1.152-6.954667 2.901333-13.653334 9.6l-101.333333 101.333334-101.376-101.333334z\" fill=\"#1D2129\">\u003C/path>\u003C/symbol>\u003Csymbol id=\"iconfile_big\" viewBox=\"0 0 1024 1024\">\u003Cpath d=\"M899.84 758.186667a38.485333 38.485333 0 0 0 27.477333-11.562667 39.68 39.68 0 0 0 11.349334-27.861333V167.381333a39.68 39.68 0 0 0-11.349334-27.861333 38.485333 38.485333 0 0 0-27.434666-11.52H124.117333a38.485333 38.485333 0 0 0-27.434666 11.52 39.68 39.68 0 0 0-11.349334 27.861333v551.381334c0 10.453333 4.096 20.48 11.349334 27.861333 7.253333 7.381333 17.152 11.52 27.434666 11.52h775.765334z m-38.741333-78.805334H162.901333V206.762667h698.197334v472.618666zM822.272 896v-78.762667H201.728V896h620.629333z\" fill=\"#1D2129\">\u003C/path>\u003C/symbol>\u003Csymbol id=\"iconfile_small\" viewBox=\"0 0 1024 1024\">\u003Cpath d=\"M256 768a21.333333 21.333333 0 0 1 21.333333 21.333333v85.333334a21.333333 21.333333 0 0 1-21.333333 21.333333H170.666667a21.333333 21.333333 0 0 1-21.333334-21.333333v-85.333334A21.333333 21.333333 0 0 1 170.666667 768h85.333333z m597.333333 0a21.333333 21.333333 0 0 1 21.333334 21.333333v85.333334a21.333333 21.333333 0 0 1-21.333334 21.333333h-85.333333a21.333333 21.333333 0 0 1-21.333333-21.333333v-85.333334a21.333333 21.333333 0 0 1 21.333333-21.333333h85.333333z m-384 0h85.333334a21.333333 21.333333 0 0 1 21.333333 21.333333v85.333334a21.333333 21.333333 0 0 1-21.333333 21.333333h-85.333334a21.333333 21.333333 0 0 1-21.333333-21.333333v-85.333334a21.333333 21.333333 0 0 1 21.333333-21.333333z m-213.333333-320a21.333333 21.333333 0 0 1 21.333333 21.333333v85.333334a21.333333 21.333333 0 0 1-21.333333 21.333333H170.666667a21.333333 21.333333 0 0 1-21.333334-21.333333v-85.333334a21.333333 21.333333 0 0 1 21.333334-21.333333h85.333333z m597.333333 0a21.333333 21.333333 0 0 1 21.333334 21.333333v85.333334a21.333333 21.333333 0 0 1-21.333334 21.333333h-85.333333a21.333333 21.333333 0 0 1-21.333333-21.333333v-85.333334a21.333333 21.333333 0 0 1 21.333333-21.333333h85.333333z m-298.666666 0a21.333333 21.333333 0 0 1 21.333333 21.333333v85.333334a21.333333 21.333333 0 0 1-21.333333 21.333333h-85.333334a21.333333 21.333333 0 0 1-21.333333-21.333333v-85.333334a21.333333 21.333333 0 0 1 21.333333-21.333333h85.333334zM853.333333 128a21.333333 21.333333 0 0 1 21.333334 21.333333v85.333334a21.333333 21.333333 0 0 1-21.333334 21.333333h-85.333333a21.333333 21.333333 0 0 1-21.333333-21.333333v-85.333334A21.333333 21.333333 0 0 1 768 128h85.333333z m-298.666666 0a21.333333 21.333333 0 0 1 21.333333 21.333333v85.333334a21.333333 21.333333 0 0 1-21.333333 21.333333h-85.333334a21.333333 21.333333 0 0 1-21.333333-21.333333v-85.333334A21.333333 21.333333 0 0 1 469.333333 128h85.333334zM256 128a21.333333 21.333333 0 0 1 21.333333 21.333333v85.333334A21.333333 21.333333 0 0 1 256 256H170.666667a21.333333 21.333333 0 0 1-21.333334-21.333333v-85.333334A21.333333 21.333333 0 0 1 170.666667 128h85.333333z\" fill=\"#1D2129\">\u003C/path>\u003C/symbol>\u003Csymbol id=\"iconfile_mid\" viewBox=\"0 0 1024 1024\">\u003Cpath d=\"M853.333333 128a42.666667 42.666667 0 0 1 42.666667 42.666667v682.666666a42.666667 42.666667 0 0 1-42.666667 42.666667H170.666667a42.666667 42.666667 0 0 1-42.666667-42.666667V170.666667a42.666667 42.666667 0 0 1 42.666667-42.666667h682.666666zM204.8 819.2h268.8v-268.8H204.8v268.8z m614.4-268.8h-268.8v268.8h268.8v-268.8z m0-76.8V204.8h-268.8v268.8h268.8z m-345.6-268.8H204.8v268.8h268.8V204.8z\" fill=\"#1D2129\">\u003C/path>\u003C/symbol>\u003Csymbol id=\"iconsmart\" viewBox=\"0 0 1024 1024\">\u003Cpath d=\"M501.333333 106.666667a394.666667 394.666667 0 0 1 307.626667 641.92l123.904 123.946666a21.333333 21.333333 0 0 1 0 30.165334l-30.165333 30.165333a21.333333 21.333333 0 0 1-30.165334 0l-123.946666-123.904A394.666667 394.666667 0 1 1 501.333333 106.666667z m0 85.333333a309.333333 309.333333 0 1 0 0 618.666667 309.333333 309.333333 0 0 0 0-618.666667z m167.082667 136.362667l36.949333 21.333333a21.333333 21.333333 0 0 1 7.808 29.141333l-117.333333 203.221334a21.333333 21.333333 0 0 1-26.88 8.917333l-2.261333-1.152-110.848-64-85.333334 147.84a21.333333 21.333333 0 0 1-29.141333 7.808l-36.949333-21.333333a21.333333 21.333333 0 0 1-7.808-29.141334l117.333333-203.264a21.333333 21.333333 0 0 1 29.141333-7.808l110.848 64 85.333334-147.797333a21.333333 21.333333 0 0 1 29.141333-7.808z\" fill=\"#1D2129\">\u003C/path>\u003C/symbol>\u003Csymbol id=\"iconVoice_Intercom\" viewBox=\"0 0 1024 1024\">\u003Cpath d=\"M185.770667 473.173333a19.157333 19.157333 0 0 1 19.2 18.474667l0.170666 3.413333c11.136 161.194667 144.256 288.426667 306.858667 288.426667 160.810667 0 292.778667-124.458667 306.432-283.093333l0.469333-6.272 0.170667-2.56a19.456 19.456 0 0 1 19.2-18.346667h38.485333c5.12 0 10.026667 2.048 13.610667 5.674667 3.626667 3.626667 5.632 8.533333 5.632 13.738666l-0.042667 1.664c-10.154667 191.530667-158.08 346.154667-345.6 364.885334l0.085334 0.938666v59.178667c0 5.12-2.005333 10.069333-5.632 13.653333a19.157333 19.157333 0 0 1-13.568 5.717334h-38.485334a19.157333 19.157333 0 0 1-19.2-19.370667v-58.197333l0.085334-1.92c-184.789333-18.474667-331.136-168.917333-345.045334-356.608L128 493.525333a19.498667 19.498667 0 0 1 16.042667-20.053333l2.688-0.256h38.997333zM512 85.333333c127.402667 0 230.698667 92.586667 230.698667 206.890667v206.848c0 114.261333-103.253333 206.890667-230.698667 206.890667-127.402667 0-230.698667-92.629333-230.698667-206.933334V292.266667C281.301333 177.92 384.597333 85.333333 512 85.333333z m0 77.568c-84.906667 0-153.813333 59.562667-153.813333 132.992v199.509334c0 73.386667 68.864 132.949333 153.813333 132.949333 84.906667 0 153.813333-59.52 153.813333-132.992V295.936c0-73.429333-68.864-132.992-153.813333-132.992z\" fill=\"#1D2129\">\u003C/path>\u003C/symbol>\u003Csymbol id=\"iconstorage_pool_Manage\" viewBox=\"0 0 1024 1024\">\u003Cpath d=\"M161.152 490.666667c0 54.826667 142.293333 115.797333 322.389333 115.797333h25.130667c7.04 0 12.8 5.76 12.8 12.8v51.626667a12.8 12.8 0 0 1-12.8 12.8h-25.130667c-215.338667 0-393.941333-75.52-398.122666-189.013334L85.333333 490.666667h75.818667zM483.541333 85.333333c219.946667 0 398.250667 95.061333 398.250667 212.352 0 117.248-178.346667 212.266667-398.250667 212.266667S85.333333 414.933333 85.333333 297.685333C85.333333 180.394667 263.594667 85.333333 483.541333 85.333333z m0 77.226667c-183.552 0-322.389333 74.026667-322.389333 135.125333 0 61.098667 138.837333 135.04 322.389333 135.082667 183.552 0 322.346667-73.984 322.389334-135.082667 0-61.098667-138.837333-135.125333-322.389334-135.125333z\" fill=\"#1D2129\">\u003C/path>\u003Cpath d=\"M161.194667 702.976H85.333333l0.085334 4.053333C89.6 820.522667 268.202667 896 483.541333 896h25.173334a12.8 12.8 0 0 0 12.8-12.8v-51.626667a12.8 12.8 0 0 0-12.885334-12.8h-25.088c-180.053333 0-322.346667-61.013333-322.346666-115.797333z\" fill=\"#1D2129\">\u003C/path>\u003Cpath d=\"M768 548.565333c13.482667 0 26.624 1.450667 39.253333 4.224l19.498667 43.050667a23.466667 23.466667 0 0 0 9.984 10.752 25.002667 25.002667 0 0 0 14.72 2.986667l47.914667-5.12c18.005333 18.986667 31.445333 41.557333 39.296 66.090666l-28.757334 38.144a22.613333 22.613333 0 0 0 0 27.178667l28.757334 38.101333a172.416 172.416 0 0 1-39.253334 66.048l-47.957333-5.034666a24.96 24.96 0 0 0-14.72 2.986666 23.552 23.552 0 0 0-9.984 10.752l-19.498667 43.093334a184.448 184.448 0 0 1-78.506666 0l-19.498667-43.093334a23.466667 23.466667 0 0 0-9.984-10.794666 24.96 24.96 0 0 0-14.762667-2.944l-47.872 5.034666A172.416 172.416 0 0 1 597.333333 773.973333l28.757334-38.101333a22.613333 22.613333 0 0 0 0-27.178667L597.333333 670.549333a172.416 172.416 0 0 1 39.253334-66.048l47.957333 5.077334c5.12 0.512 10.24-0.554667 14.72-2.986667a23.594667 23.594667 0 0 0 9.984-10.794667l19.498667-43.008a184.32 184.32 0 0 1 39.253333-4.224z m0 115.797334c-31.402667 0-56.874667 25.941333-56.874667 57.898666 0 32 25.472 57.941333 56.874667 57.941334s56.874667-25.941333 56.874667-57.941334c0-31.957333-25.472-57.898667-56.874667-57.898666z\" fill=\"#1D2129\">\u003C/path>\u003C/symbol>\u003Csymbol id=\"iconStorage_Manage\" viewBox=\"0 0 1024 1024\">\u003Cpath d=\"M85.333333 627.456l0.256-3.669333a37.077333 37.077333 0 0 1 0.341334-1.962667l0.128-0.725333 99.2-507.733334a36.053333 36.053333 0 0 1 9.301333-18.133333 32.085333 32.085333 0 0 1 17.152-9.386667L217.386667 85.333333h590.378666c6.570667 0 13.013333 2.133333 18.474667 6.058667a34.944 34.944 0 0 1 12.074667 16.170667l1.621333 5.845333 98.090667 507.733333c0.426667 2.773333 0.64 4.949333 0.64 7.253334v275.029333c0 9.344-3.456 18.304-9.6 24.917333a31.701333 31.701333 0 0 1-23.210667 10.325334H118.144a31.701333 31.701333 0 0 1-23.210667-10.325334 36.608 36.608 0 0 1-9.6-24.917333v-275.968z m768 0.896L170.666667 623.786667v225.066666h682.666666v-220.501333z m-61.525333 102.826667a31.573333 31.573333 0 0 1 22.186667 9.216 37.162667 37.162667 0 0 1 4.010666 47.402666 32.597333 32.597333 0 0 1-20.266666 13.354667l-5.930667 0.554667h-82.901333a31.573333 31.573333 0 0 1-22.186667-9.216 37.12 37.12 0 0 1-4.010667-47.402667 32.554667 32.554667 0 0 1 20.309334-13.354667l5.888-0.554666h82.944zM768 175.146667H256l-64 359.296h644.693333L768 175.189333z\" fill=\"#1D2129\">\u003C/path>\u003Cpath d=\"M512 234.666667c10.112 0 19.968 1.066667 29.44 3.072l14.592 31.701333a17.578667 17.578667 0 0 0 7.552 7.978667c3.328 1.834667 7.168 2.56 11.008 2.133333l35.968-3.669333c13.482667 13.952 23.552 30.592 29.44 48.64l-21.546667 28.117333a16.426667 16.426667 0 0 0 0 20.053333l21.546667 28.074667a126.634667 126.634667 0 0 1-29.44 48.64l-35.968-3.712a18.944 18.944 0 0 0-11.008 2.218667 17.450667 17.450667 0 0 0-7.509333 7.936l-14.634667 31.701333a140.885333 140.885333 0 0 1-58.88 0l-14.592-31.701333a17.493333 17.493333 0 0 0-7.552-7.978667 18.986667 18.986667 0 0 0-11.050667-2.133333l-35.925333 3.669333A126.634667 126.634667 0 0 1 384 400.768l21.546667-28.117333a16.469333 16.469333 0 0 0 3.413333-9.984 16.554667 16.554667 0 0 0-3.413333-10.026667L384 324.522667c5.888-18.048 15.957333-34.688 29.44-48.64l35.968 3.712c3.84 0.384 7.68-0.341333 11.008-2.176a17.493333 17.493333 0 0 0 7.509333-7.978667l14.634667-31.701333A140.8 140.8 0 0 1 512 234.666667z m0 85.333333a42.666667 42.666667 0 1 0 0 85.333333 42.666667 42.666667 0 0 0 0-85.333333z\" fill=\"#000000\">\u003C/path>\u003C/symbol>\u003Csymbol id=\"iconPin\" viewBox=\"0 0 1024 1024\">\u003Cpath d=\"M564.224 91.818667a21.76 21.76 0 0 1 31.018667 0l336.981333 337.194666c8.576 8.704 8.576 22.528 0 30.976l-30.293333 30.506667a22.186667 22.186667 0 0 1-31.018667 0l-45.909333-45.994667-138.624 138.666667c-4.096 4.138667-5.205333 10.965333-5.205334 16.64l-19.114666 273.066667c0 5.888-2.304 11.52-6.4 15.616l-40.149334 40.106666a21.76 21.76 0 0 1-31.018666 0l-213.546667-213.546666-217.173333 217.301333a22.186667 22.186667 0 0 1-30.976 0l-31.018667-31.232a21.930667 21.930667 0 0 1 0-30.976l217.130667-217.301333-213.888-214.101334a21.845333 21.845333 0 0 1 0-30.976l40.106666-40.106666a22.016 22.016 0 0 1 15.530667-6.485334l273.28-18.773333c5.802667 0 13.226667-0.554667 17.365333-4.693333l138.581334-138.666667-45.952-45.952a21.930667 21.930667 0 0 1 0-30.976l30.293333-30.293333z\" fill=\"#4E5969\">\u003C/path>\u003C/symbol>\u003Csymbol id=\"iconmigration\" viewBox=\"0 0 1024 1024\">\u003Cpath d=\"M128 490.666667v42.666666a21.333333 21.333333 0 0 0 18.858667 21.205334L149.333333 554.666667h470.869334l-128.426667 128.426666a21.333333 21.333333 0 0 0-1.834667 28.16l1.792 2.048 30.165334 30.165334a21.333333 21.333333 0 0 0 28.16 1.792l2.048-1.792 211.2-211.2a21.333333 21.333333 0 0 0 1.749333-28.16l-1.792-2.005334-211.2-211.2a21.333333 21.333333 0 0 0-28.16-1.749333l-1.962667 1.749333-30.208 30.165334a21.333333 21.333333 0 0 0-1.792 28.16l1.792 2.048L609.834667 469.333333H149.333333a21.333333 21.333333 0 0 0-21.205333 18.858667L128 490.666667z\" fill=\"#1D2129\">\u003C/path>\u003Cpath d=\"M725.333333 192a21.333333 21.333333 0 0 0 21.333334 21.333333H810.666667v597.333334h-64a21.333333 21.333333 0 0 0-21.333334 21.333333v42.666667a21.333333 21.333333 0 0 0 21.333334 21.333333H853.333333a42.666667 42.666667 0 0 0 42.666667-42.666667V170.666667a42.666667 42.666667 0 0 0-42.666667-42.666667h-106.666666a21.333333 21.333333 0 0 0-21.333334 21.333333v42.666667z\" fill=\"#1D2129\">\u003C/path>\u003C/symbol>\u003Csymbol id=\"iconFile_Nav_Desktop\" viewBox=\"0 0 1024 1024\">\u003Cpath d=\"M919.296 777.514667a19.626667 19.626667 0 0 1 13.696 5.546666 18.773333 18.773333 0 0 1 5.674667 13.397334v37.930666a18.773333 18.773333 0 0 1-5.674667 13.397334 19.626667 19.626667 0 0 1-13.696 5.546666H104.704a19.626667 19.626667 0 0 1-13.696-5.546666 18.773333 18.773333 0 0 1-5.674667-13.397334v-37.930666a18.773333 18.773333 0 0 1 5.674667-13.44 19.626667 19.626667 0 0 1 13.696-5.546667h814.592zM861.098667 170.666667a39.253333 39.253333 0 0 1 27.392 11.093333c7.253333 7.125333 11.392 16.768 11.392 26.837333v493.013334a37.546667 37.546667 0 0 1-11.392 26.88 39.253333 39.253333 0 0 1-27.392 11.050666H162.901333a39.253333 39.253333 0 0 1-27.392-11.093333 37.546667 37.546667 0 0 1-11.392-26.837333V208.64c0-10.069333 4.096-19.712 11.392-26.794667A39.253333 39.253333 0 0 1 162.901333 170.666667h698.197334zM201.728 663.722667h620.586667V246.485333H201.728v417.237334z\" fill=\"#000000\">\u003C/path>\u003C/symbol>\u003Csymbol id=\"iconFile_Nav_Safe\" viewBox=\"0 0 1024 1024\">\u003Cpath d=\"M862.165333 85.333333c18.688 0 33.834667 13.354667 33.834667 29.866667v692.010667c0 16.512-15.146667 29.866667-33.834667 29.866666H780.8v81.28a20.906667 20.906667 0 0 1-5.632 14.336 18.688 18.688 0 0 1-13.568 5.973334h-38.4a18.688 18.688 0 0 1-13.568-5.973334 20.906667 20.906667 0 0 1-5.632-14.336v-81.28h-384v81.28a20.906667 20.906667 0 0 1-5.632 14.336 18.688 18.688 0 0 1-13.568 5.973334h-38.4a18.688 18.688 0 0 1-13.568-5.973334 20.906667 20.906667 0 0 1-5.632-14.336v-81.28H161.834667c-18.688 0-33.834667-13.354667-33.834667-29.866666V115.2c0-16.469333 15.146667-29.866667 33.834667-29.866667h700.330666zM550.4 166.613333H204.8v589.226667h614.4V166.570667h-268.8z\" fill=\"#000000\">\u003C/path>\u003Cpath d=\"M529.066667 268.202667a21.333333 21.333333 0 0 1 21.333333 21.333333V349.44h17.066667a21.333333 21.333333 0 0 1 21.333333 21.290667v38.613333a21.333333 21.333333 0 0 1-21.333333 21.333333h-17.066667v51.626667c22.954667 14.037333 38.4 40.234667 38.4 70.314667 0 44.885333-34.389333 81.237333-76.8 81.237333s-76.8-36.394667-76.8-81.237333c0-30.08 15.488-56.32 38.4-70.357334V289.536a21.333333 21.333333 0 0 1 21.333333-21.333333h34.133334z\" fill=\"#000000\">\u003C/path>\u003C/symbol>\u003Csymbol id=\"iconFile_Nav_Latest\" viewBox=\"0 0 1024 1024\">\u003Cpath d=\"M512 85.333333c235.648 0 426.666667 191.018667 426.666667 426.666667s-191.018667 426.666667-426.666667 426.666667S85.333333 747.648 85.333333 512 276.352 85.333333 512 85.333333z m0 77.568a349.098667 349.098667 0 1 0 0 698.197334 349.098667 349.098667 0 0 0 0-698.197334z m19.370667 155.178667a19.413333 19.413333 0 0 1 19.413333 19.370667v135.765333h135.765333a19.413333 19.413333 0 0 1 19.370667 19.413333v38.784a19.413333 19.413333 0 0 1-19.370667 19.370667h-193.962666a19.413333 19.413333 0 0 1-19.370667-19.413333V337.493333a19.413333 19.413333 0 0 1 19.413333-19.370666h38.784z\" fill=\"#000000\">\u003C/path>\u003C/symbol>\u003Csymbol id=\"iconList_Preview\" viewBox=\"0 0 1024 1024\">\u003Cpath d=\"M891.264 85.333333C917.461333 85.333333 938.666667 106.581333 938.666667 132.736v758.528A47.402667 47.402667 0 0 1 891.264 938.666667H132.736A47.402667 47.402667 0 0 1 85.333333 891.264V132.736C85.333333 106.538667 106.581333 85.333333 132.736 85.333333h758.528zM576 170.666667H170.666667v682.666666h405.333333V170.666667zM853.333333 170.666667h-192v682.666666H853.333333V170.666667z\" fill=\"#1D2129\">\u003C/path>\u003C/symbol>\u003Csymbol id=\"iconright_settings\" viewBox=\"0 0 1024 1024\">\u003Cpath d=\"M512 85.333333c30.933333 0 61.781333 3.456 91.989333 10.325334l6.741334 1.536a21.333333 21.333333 0 0 1 14.848 12.373333l43.392 100.224a21.333333 21.333333 0 0 0 21.930666 12.714667l106.282667-11.776a21.333333 21.333333 0 0 1 18.176 6.912l4.693333 5.12a428.16 428.16 0 0 1 92.074667 162.218666l2.133333 6.912a21.418667 21.418667 0 0 1-3.114666 18.688l-4.181334 5.845334-59.733333 83.114666a21.333333 21.333333 0 0 0 0 24.917334l63.872 88.96a21.333333 21.333333 0 0 1 3.114667 18.688l-2.133334 6.912a428.16 428.16 0 0 1-92.074666 162.218666l-4.650667 5.12a21.333333 21.333333 0 0 1-18.176 6.912l-106.24-11.776a21.333333 21.333333 0 0 0-22.016 12.714667l-43.349333 100.266667a21.333333 21.333333 0 0 1-14.848 12.330666l-6.741334 1.536a412.842667 412.842667 0 0 1-184.021333 0l-6.741333-1.536a21.333333 21.333333 0 0 1-14.805334-12.373333l-2.858666-6.528-40.533334-93.696a21.333333 21.333333 0 0 0-21.973333-12.714667l-106.24 11.776a21.290667 21.290667 0 0 1-18.218667-6.912l-4.650666-5.12a428.288 428.288 0 0 1-92.074667-162.218666l-2.133333-6.912a21.333333 21.333333 0 0 1 3.072-18.730667l4.224-5.845333 59.733333-83.072a21.333333 21.333333 0 0 0 0-24.917334l-64-88.917333a21.376 21.376 0 0 1-3.072-18.688l2.133333-6.954667A428.202667 428.202667 0 0 1 203.946667 222.805333l4.693333-5.162666a21.333333 21.333333 0 0 1 18.133333-6.912l106.282667 11.776a21.333333 21.333333 0 0 0 21.973333-12.714667l43.392-100.266667a21.333333 21.333333 0 0 1 14.805334-12.330666l6.741333-1.536A412.885333 412.885333 0 0 1 512 85.333333z m0 71.125334a348.586667 348.586667 0 0 0-48.128 3.328 20.608 20.608 0 0 0-15.957333 12.373333l-38.656 89.344a58.026667 58.026667 0 0 1-23.893334 27.008 56.746667 56.746667 0 0 1-34.901333 7.466667L255.658667 285.44a20.650667 20.650667 0 0 0-18.730667 7.808 357.077333 357.077333 0 0 0-48.554667 85.717333 20.650667 20.650667 0 0 0 2.56 19.626667l56.96 79.146667a58.88 58.88 0 0 1 0 68.522666l-56.917333 79.146667a20.650667 20.650667 0 0 0-2.56 19.626667 357.077333 357.077333 0 0 0 48.512 85.717333c4.394667 5.717333 11.52 8.576 18.730667 7.808l94.72-10.496c12.16-1.365333 24.448 1.237333 34.986666 7.424 10.624 6.229333 18.986667 15.701333 23.893334 27.050667l38.656 89.301333a20.608 20.608 0 0 0 15.957333 12.373333 346.026667 346.026667 0 0 0 96.256 0 20.650667 20.650667 0 0 0 15.957333-12.373333l38.613334-89.344a58.026667 58.026667 0 0 1 23.893333-27.008 56.746667 56.746667 0 0 1 34.944-7.424l94.805333 10.496a20.650667 20.650667 0 0 0 18.688-7.808c20.053333-26.154667 36.394667-55.04 48.554667-85.674667a20.608 20.608 0 0 0-2.56-19.626666l-56.917333-79.189334a58.709333 58.709333 0 0 1 0-68.522666l56.874666-79.189334a20.565333 20.565333 0 0 0 2.56-19.626666 356.778667 356.778667 0 0 0-48.512-85.674667 20.650667 20.650667 0 0 0-18.730666-7.808l-94.72 10.538667a56.746667 56.746667 0 0 1-34.986667-7.466667 57.984 57.984 0 0 1-23.893333-27.008l-38.613334-89.344a20.693333 20.693333 0 0 0-15.957333-12.373333A346.282667 346.282667 0 0 0 512 156.458667z m0 177.792c101.632 0 183.893333 79.616 183.893333 177.749333 0 98.133333-82.261333 177.792-183.893333 177.792-101.632 0-183.893333-79.616-183.893333-177.792 0-98.133333 82.261333-177.749333 183.893333-177.749333zM512 405.333333a106.666667 106.666667 0 1 0 0 213.333334 106.666667 106.666667 0 0 0 0-213.333334z\" fill=\"#1D2129\">\u003C/path>\u003C/symbol>\u003Csymbol id=\"iconright_refresh\" viewBox=\"0 0 1024 1024\">\u003Cpath d=\"M667.008 750.933333a255.104 255.104 0 0 1-158.293333 52.650667c-7.466667-0.128-14.762667-0.725333-22.101334-1.28-2.986667-0.384-5.973333-0.896-8.96-1.365333a206.549333 206.549333 0 0 1-17.066666-2.816c-3.413333-0.64-6.912-1.706667-10.24-2.56a229.76 229.76 0 0 1-16.384-4.266667c-2.56-1.066667-4.949333-1.92-7.509334-3.029333a195.456 195.456 0 0 1-18.346666-7.168c-1.365333-0.64-2.688-1.152-4.010667-1.706667a456.448 456.448 0 0 1-20.608-10.837333L382.634667 768a272.384 272.384 0 0 1-61.525334-49.792c-0.298667-0.341333-0.554667-0.725333-0.938666-1.024a237.056 237.056 0 0 1-19.242667-23.594667 305.024 305.024 0 0 1-59.178667-181.717333h71.168L199.125333 327.594667 85.333333 511.872h71.04a403.626667 403.626667 0 0 0 63.018667 217.6c0.426667 0.896 0.768 1.877333 1.28 2.688 4.096 6.4 8.704 12.245333 13.056 18.133333 1.706667 2.133333 3.157333 4.394667 4.906667 6.826667a419.072 419.072 0 0 0 22.4 26.368 357.12 357.12 0 0 0 79.957333 64.810667l2.346667 1.365333c8.448 4.906667 17.066667 9.386667 25.813333 13.525333l6.528 3.114667a540.288 540.288 0 0 0 34.048 13.226667c6.826667 2.090667 13.781333 3.968 20.736 5.674666 4.693333 1.194667 9.130667 2.474667 13.952 3.413334 1.92 0.512 3.754667 1.152 5.674667 1.365333 6.698667 1.28 13.269333 1.962667 19.84 2.816 2.432 0.426667 4.778667 0.896 7.168 1.152 11.861333 1.28 23.68 2.048 35.498666 2.048 72.234667 0 142.762667-23.808 203.264-69.632 19.285333-14.592 24.021333-43.392 10.581334-64.085333-13.610667-21.034667-40.149333-26.069333-59.434667-11.349334z m200.448-239.061333c0-80.512-23.125333-155.306667-62.506667-217.002667-0.64-1.066667-0.981333-2.133333-1.493333-3.072-5.077333-7.594667-10.282667-14.677333-15.658667-21.802666a26.88 26.88 0 0 1-1.792-2.602667 359.296 359.296 0 0 0-132.736-107.648c-1.536-0.64-2.816-1.365333-4.309333-2.005333a407.082667 407.082667 0 0 0-25.173333-9.984c-2.901333-1.024-5.973333-2.218667-9.045334-3.2a335.914667 335.914667 0 0 0-22.272-6.272c-4.224-0.981333-8.448-2.133333-12.629333-3.072-2.048-0.426667-3.925333-1.066667-6.144-1.536-5.632-0.981333-11.136-1.536-16.768-2.261334-3.968-0.426667-7.68-1.109333-11.648-1.578666a340.992 340.992 0 0 0-28.245333-1.578667c-1.706667 0-3.413333-0.256-5.12-0.256l-0.853334 0.128c-72.149333 0.085333-142.634667 23.552-203.008 69.333333-19.285333 14.506667-23.978667 43.264-10.410666 64.213334 13.397333 20.736 40.106667 25.856 59.477333 11.178666a254.293333 254.293333 0 0 1 180.650667-51.2c2.432 0.170667 4.693333 0.554667 7.168 0.938667 6.4 0.853333 12.8 1.749333 19.072 3.2 2.730667 0.512 5.546667 1.28 8.106666 1.962667 6.272 1.536 12.330667 3.072 18.346667 5.034666 2.005333 0.597333 3.84 1.322667 5.632 2.133334 6.954667 2.389333 13.738667 4.949333 20.309333 7.978666 0.725333 0.170667 1.365333 0.768 2.048 1.024a274.133333 274.133333 0 0 1 102.4 83.072 305.28 305.28 0 0 1 61.44 184.874667h-71.253333l113.92 184.32L938.666667 511.914667h-71.253334z\" fill=\"#1D2129\">\u003C/path>\u003C/symbol>\u003Csymbol id=\"iconSystem\" viewBox=\"0 0 1024 1024\">\u003Cpath d=\"M511.701333 85.333333c5.717333 0 11.306667 1.28 16.469334 3.797334l345.898666 167.381333a38.698667 38.698667 0 0 1 15.957334 14.421333c3.882667 6.229333 5.973333 13.482667 5.973333 20.906667V731.733333a39.765333 39.765333 0 0 1-5.930667 20.906667 38.656 38.656 0 0 1-15.957333 14.464l-345.856 167.722667a37.845333 37.845333 0 0 1-33.066667 0L149.888 767.146667a38.656 38.656 0 0 1-15.957333-14.421334 39.808 39.808 0 0 1-5.930667-20.906666V291.84c0-7.424 2.090667-14.677333 5.973333-20.906667a38.656 38.656 0 0 1 15.957334-14.506666l345.301333-167.338667A37.802667 37.802667 0 0 1 511.701333 85.333333zM204.8 706.986667l271.616 131.968-4.992-336.298667-0.725333-0.341333L204.8 366.165333v340.821334z m343.466667-203.306667l4.906666 332.373333L819.2 706.986667v-340.906667l-270.933333 137.557333z m-305.28-205.653333l262.186666 134.272a12.629333 12.629333 0 0 0 11.434667 0l264.277333-134.272-269.141333-130.133334-268.757333 130.133334z\" fill=\"#1D2129\">\u003C/path>\u003C/symbol>\u003Csymbol id=\"iconapp_nav_network\" viewBox=\"0 0 1024 1024\">\u003Cpath d=\"M512 760.832c22.4 0 41.984 13.525333 52.522667 33.706667L512 853.333333l-52.522667-58.794666c5.376-10.24 13.013333-18.773333 22.229334-24.704a55.893333 55.893333 0 0 1 30.293333-9.002667z m0-204.288c72.789333 0 138.069333 35.712 182.698667 92.373333l-57.6 64.426667a165.888 165.888 0 0 0-55.893334-48.725333A147.712 147.712 0 0 0 512 647.338667c-23.893333-0.042667-47.530667 5.845333-69.162667 17.28a165.930667 165.930667 0 0 0-55.978666 48.64L329.301333 648.96a246.784 246.784 0 0 1 82.432-68.266667 221.098667 221.098667 0 0 1 100.266667-24.106666z m0-181.589333c55.893333-0.085333 111.146667 12.8 162.389333 37.845333a408.576 408.576 0 0 1 135.125334 107.52l-57.386667 64.298667a327.68 327.68 0 0 0-108.8-87.893334A294.570667 294.570667 0 0 0 512 465.749333c-95.146667 0-180.736 45.824-240.128 118.869334l-57.386667-64.256a408.618667 408.618667 0 0 1 135.168-107.562667A368.042667 368.042667 0 0 1 512 374.954667zM512 170.666667c167.978667 0 319.488 78.805333 426.666667 205.184l-57.386667 64.213333C788.821333 330.069333 657.578667 261.461333 512 261.461333c-145.578667 0-276.821333 68.650667-369.28 178.602667L85.333333 375.808C192.512 249.514667 344.021333 170.666667 512 170.666667z\" fill=\"#1D2129\">\u003C/path>\u003C/symbol>\u003Csymbol id=\"iconapp_nav_Recording\" viewBox=\"0 0 1024 1024\">\u003Cpath d=\"M122.453333 213.333333h519.424c9.344 0 18.346667 3.541333 25.216 9.941334 6.826667 6.4 11.093333 15.189333 11.776 24.576l0.085334 2.816v522.666666a37.418667 37.418667 0 0 1-34.304 37.248l-2.816 0.085334H122.453333a36.949333 36.949333 0 0 1-25.258666-9.941334 37.418667 37.418667 0 0 1-11.776-24.576L85.333333 773.333333V250.666667c0-9.386667 3.541333-18.474667 9.898667-25.386667a36.992 36.992 0 0 1 24.405333-11.861333L122.453333 213.333333z m482.304 74.666667H159.530667v448h445.226666V288zM938.666667 353.92v316.16c0 29.013333-34.56 46.933333-61.824 32l-142.250667-78.08v-224l142.250667-78.08c27.221333-14.933333 61.824 2.986667 61.824 32z m-74.24 65.962667l-55.637334 22.4v139.434666l55.68 22.4V419.882667zM345.088 362.666667v112H233.728V362.666667h111.317333z\" fill=\"#1D2129\">\u003C/path>\u003C/symbol>\u003Csymbol id=\"iconapp_nav_Productivity\" viewBox=\"0 0 1024 1024\">\u003Cpath d=\"M512 85.333333c235.648 0 426.666667 191.018667 426.666667 426.666667s-191.018667 426.666667-426.666667 426.666667S85.333333 747.648 85.333333 512 276.352 85.333333 512 85.333333z m0 77.568a349.098667 349.098667 0 1 0 0 698.197334 349.098667 349.098667 0 0 0 0-698.197334z m243.413333 200.448a19.413333 19.413333 0 0 1 13.738667 33.109334L678.826667 486.826667a19.2 19.2 0 0 1-2.773334 2.304l-150.826666 150.826666a19.370667 19.370667 0 0 1-25.728 1.536l-1.706667-1.536L415.573333 557.653333l-109.738666 109.653334a19.413333 19.413333 0 0 1-27.392 0l-27.434667-27.392a19.413333 19.413333 0 0 1 0-27.434667l150.826667-150.826667a19.413333 19.413333 0 0 1 27.434666 0l82.304 82.261334 98.474667-98.517334-48.938667-48.938666a19.413333 19.413333 0 0 1-5.546666-11.178667l-0.128-2.56a19.413333 19.413333 0 0 1 19.413333-19.370667h180.608z\" fill=\"#1D2129\">\u003C/path>\u003C/symbol>\u003Csymbol id=\"iconapp_nav_AI\" viewBox=\"0 0 1024 1024\">\u003Cpath d=\"M798.208 192.64C731.648 123.306667 641.877333 85.333333 544.426667 85.333333h-18.346667l-6.656 0.213334c-188.714667 7.04-334.677333 167.637333-333.056 371.285333-1.152 1.152-29.994667 38.912-52.650667 68.608l-25.770666 33.664c-14.933333 19.285333-22.912 36.608-22.613334 52.906667 0.725333 45.994667 29.653333 66.56 87.594667 79.232l21.76 4.522666 7.893333 164.437334 0.213334 4.138666A80.768 80.768 0 0 0 282.752 938.666667c4.522667 0 133.12-16.213333 195.328-27.093334v-86.954666c-42.88 5.973333-137.898667 19.541333-193.152 28.501333l-9.898667-198.826667-0.042666-1.664c-0.128-2.986667-0.426667-5.973333-0.981334-8.96a27.477333 27.477333 0 0 0-4.266666-11.093333c-4.48-6.144-9.941333-10.368-16.981334-10.368a1427.029333 1427.029333 0 0 1-46.933333-7.68l-5.717333-1.024-2.090667-0.512a17.365333 17.365333 0 0 1-11.861333-19.797333 17.194667 17.194667 0 0 1 3.541333-7.552c40.618667-49.92 63.36-77.226667 68.266667-82.176 9.770667-9.642667 12.458667-19.2 12.458666-37.12 0-2.133333-0.085333-3.968-0.384-6.869334a45.781333 45.781333 0 0 1-0.298666-4.053333c-1.322667-77.226667 26.282667-145.493333 76.202666-200.021333a263.168 263.168 0 0 1 194.389334-86.058667h4.053333l6.570667 0.085333c150.058667 3.498667 264.234667 124.074667 266.154666 283.178667l-0.085333 6.186667h84.864v-6.954667c-1.493333-99.328-38.186667-191.658667-103.68-259.2z m56.746667 682.410667l-120.917334-353.792h-72.789333l-120.405333 353.792h69.674666l24.789334-83.882667h124.245333l24.789333 83.882667h70.570667zM938.666667 521.258667v353.792h-62.805334v-353.792H938.666667z m-282.453334 208.128c26.197333-92.928 39.808-141.525333 40.789334-145.706667 0.981333 4.181333 14.848 52.778667 41.642666 145.706667H656.213333z\" fill=\"#1D2129\">\u003C/path>\u003C/symbol>\u003Csymbol id=\"iconapp_nav_Recommend\" viewBox=\"0 0 1024 1024\">\u003Cpath d=\"M565.973333 133.717333l7.424 3.114667c49.365333 21.546667 121.088 64.981333 121.088 134.741333 0 27.648-13.610667 64.341333-40.746666 110.08h153.856c121.173333 0 148.992 96.682667 121.173333 169.130667l-121.173333 288.426667c-10.24 33.493333-44.330667 56.789333-83.242667 56.789333H227.157333V381.610667h83.114667l180.693333-232.405334c11.392-16.426667 42.24-29.013333 75.008-15.488zM166.528 381.696v514.005333H85.333333V381.696h81.194667z m379.178667-175.274667l-193.28 248.618667H308.394667v367.530667h416c2.517333 0 4.48-1.322667 4.949333-2.944l1.024-3.285334 122.026667-290.56c16.085333-42.709333 0.085333-70.741333-44.8-70.741333H517.973333l64.298667-108.16c21.333333-35.968 31.061333-62.165333 31.061333-75.306667 0-21.290667-25.258667-45.397333-67.584-65.152z\" fill=\"#1D2129\">\u003C/path>\u003C/symbol>\u003Csymbol id=\"iconapp_nav_Backup\" viewBox=\"0 0 1024 1024\">\u003Cpath d=\"M473.088 146.090667a20.309333 20.309333 0 0 0-33.621333-13.056L335.530667 223.744l-1.706667 1.664a20.309333 20.309333 0 0 0 1.706667 28.928l103.850666 90.709333 1.877334 1.450667a20.394667 20.394667 0 0 0 31.914666-16.768V277.76h174.506667c117.845333 0 213.333333 95.317333 213.333333 212.906667a212.906667 212.906667 0 0 1-122.752 192.853333l38.912 67.242667A290.304 290.304 0 0 0 938.666667 490.666667c0-160.341333-130.261333-290.346667-290.901334-290.346667H473.173333V148.309333l-0.128-2.218666zM287.786667 296.832L248.874667 229.546667A290.346667 290.346667 0 0 0 85.333333 490.666667c0 160.341333 130.261333 290.346667 290.901334 290.346666h174.549333v52.010667a20.309333 20.309333 0 0 0 33.749333 15.274667l103.893334-90.709334a20.309333 20.309333 0 0 0 0-30.549333L584.533333 636.330667a20.437333 20.437333 0 0 0-33.706666 15.274666v52.010667H376.192c-117.802667 0-213.333333-95.36-213.333333-212.949333a212.906667 212.906667 0 0 1 124.885333-193.834667z\" fill=\"#1D2129\">\u003C/path>\u003C/symbol>\u003Csymbol id=\"iconapp_nav_Security\" viewBox=\"0 0 1024 1024\">\u003Cpath d=\"M533.034667 91.776l20.778666 14.08a36.608 36.608 0 0 1 4.48 3.669333c-1.28-1.237333-1.066667-1.237333-1.024-1.28l-1.28-0.853333 6.314667 4.053333c7.210667 4.437333 15.786667 9.472 25.429333 14.805334 29.952 16.384 61.013333 30.72 93.013334 42.922666 32 12.202667 66.176 20.352 100.138666 25.173334a470.016 470.016 0 0 0 44.373334 4.266666l34.389333 0.512a37.504 37.504 0 0 1 25.642667 10.581334 34.986667 34.986667 0 0 1 10.581333 24.917333v34.218667L896 350.421333v48.64L896 549.333333v14.378667C895.658667 735.018667 668.672 938.666667 511.957333 938.666667 355.2 938.666667 128 734.72 128 563.413333V234.666667a34.986667 34.986667 0 0 1 10.581333-24.96 37.504 37.504 0 0 1 25.642667-10.581334l35.072-0.554666a471.338667 471.338667 0 0 0 43.733333-4.224 468.224 468.224 0 0 0 100.010667-25.173334c32-12.202667 63.146667-26.581333 93.056-43.008a469.333333 469.333333 0 0 0 33.834667-20.181333l20.608-14.08a37.717333 37.717333 0 0 1 42.496-0.128z m289.28 307.285333v-48.64l-0.042667-80.768c-10.24-0.213333-30.208-1.792-52.138667-4.906666a542.634667 542.634667 0 0 1-116.352-29.44c-59.690667-22.698667-121.173333-55.637333-141.909333-70.826667a561.92 561.92 0 0 1-39.338667 23.466667c-32.938667 18.090667-67.157333 33.92-102.4 47.36-37.674667 14.378667-77.184 23.808-116.309333 29.44a502.186667 502.186667 0 0 1-52.181333 4.906666v293.802667c0 130.773333 193.066667 304.085333 310.314666 304.085333 117.333333 0 310.4-173.269333 310.4-304.085333V399.061333z m-129.877334 16.042667a18.346667 18.346667 0 0 1 0 26.325333l-163.669333 158.037334-27.306667 26.325333a19.626667 19.626667 0 0 1-27.264 0l-27.306666-26.325333-81.792-79.018667a18.346667 18.346667 0 0 1 0-26.325333l27.306666-26.368a19.626667 19.626667 0 0 1 27.264 0l68.181334 65.877333 150.016-144.853333a19.626667 19.626667 0 0 1 27.306666 0l27.264 26.325333z\" fill=\"#1D2129\">\u003C/path>\u003C/symbol>\u003Csymbol id=\"iconapp_nav_Development\" viewBox=\"0 0 1024 1024\">\u003Cpath d=\"M899.84 128c10.325333 0 20.181333 4.053333 27.477333 11.264 7.253333 7.168 11.349333 16.938667 11.349334 27.136v691.2a38.186667 38.186667 0 0 1-11.349334 27.136 38.997333 38.997333 0 0 1-27.434666 11.264H124.117333a38.997333 38.997333 0 0 1-27.434666-11.264A38.186667 38.186667 0 0 1 85.333333 857.6V166.4c0-10.197333 4.096-19.968 11.349334-27.136A38.997333 38.997333 0 0 1 124.16 128h775.765333z m-38.741333 76.8H162.901333v614.4h698.197334V204.8z m-336.213334 96.213333l34.432 3.754667a19.498667 19.498667 0 0 1 16.512 13.738667 19.029333 19.029333 0 0 1 0.64 7.466666l-0.085333 0.512-49.834667 360.832a19.157333 19.157333 0 0 1-7.253333 12.544 19.541333 19.541333 0 0 1-14.08 3.925334l-34.432-3.797334a19.541333 19.541333 0 0 1-16.554667-14.08 19.029333 19.029333 0 0 1-0.512-7.594666l49.834667-360.832a19.541333 19.541333 0 0 1 21.333333-16.512zM378.026667 395.989333l24.32 22.357334a19.2 19.2 0 0 1 4.821333 21.077333 19.2 19.2 0 0 1-4.138667 6.4l-66.944 67.754667 66.944 67.712a19.114667 19.114667 0 0 1-0.341333 27.178666l-0.341333 0.341334-24.32 22.357333a19.541333 19.541333 0 0 1-26.965334-0.554667l-103.893333-103.509333a19.114667 19.114667 0 0 1 0-27.093333l103.893333-103.466667a19.498667 19.498667 0 0 1 26.965334-0.554667z m294.997333 0.554667l103.893333 103.466667a19.114667 19.114667 0 0 1 0 27.093333l-103.893333 103.509333a19.498667 19.498667 0 0 1-26.965333 0.554667l-24.32-22.357333a19.2 19.2 0 0 1-0.64-27.52l66.901333-67.712-66.901333-67.754667a19.157333 19.157333 0 0 1 0.64-27.477333l24.32-22.357334a19.498667 19.498667 0 0 1 26.965333 0.554667z\" fill=\"#1D2129\">\u003C/path>\u003C/symbol>\u003Csymbol id=\"iconapp_nav_Drivers\" viewBox=\"0 0 1024 1024\">\u003Cpath d=\"M810.666667 85.333333a128 128 0 0 1 42.666666 248.746667v199.253333h42.666667a42.666667 42.666667 0 0 1 42.666667 42.666667V896a42.666667 42.666667 0 0 1-42.666667 42.666667H128a42.666667 42.666667 0 0 1-42.666667-42.666667v-320a42.666667 42.666667 0 0 1 42.666667-42.666667h42.666667V334.08a128 128 0 1 1 85.333333 0v199.253333h213.333333V334.08a128 128 0 1 1 85.333334 0v199.253333h213.333333V334.08A128 128 0 0 1 810.666667 85.333333zM170.666667 853.333333h682.666666v-234.666666H170.666667V853.333333z m256-85.333333H341.333333v-85.333333h85.333334v85.333333z m320-85.333333a21.333333 21.333333 0 0 1 21.333333 21.333333v42.666667a21.333333 21.333333 0 0 1-21.333333 21.333333h-213.333334a21.333333 21.333333 0 0 1-21.333333-21.333333v-42.666667a21.333333 21.333333 0 0 1 21.333333-21.333333h213.333334zM213.333333 170.666667a42.666667 42.666667 0 1 0 0 85.333333 42.666667 42.666667 0 0 0 0-85.333333z m298.666667 0a42.666667 42.666667 0 1 0 0 85.333333 42.666667 42.666667 0 0 0 0-85.333333z m298.666667 0a42.666667 42.666667 0 1 0 0 85.333333 42.666667 42.666667 0 0 0 0-85.333333z\" fill=\"#1D2129\">\u003C/path>\u003C/symbol>\u003Csymbol id=\"iconapp_nav_Downloads\" viewBox=\"0 0 1024 1024\">\u003Cpath d=\"M281.6 391.168v78.208H204.8v391.082667h614.4V469.333333h-76.8V391.168h115.2c10.197333 0 19.968 4.138667 27.136 11.477333a39.466667 39.466667 0 0 1 11.264 27.648v469.248a39.466667 39.466667 0 0 1-11.264 27.690667 38.058667 38.058667 0 0 1-27.136 11.434667H166.4a38.058667 38.058667 0 0 1-27.136-11.434667 39.466667 39.466667 0 0 1-11.264-27.648v-469.333333c0-10.325333 4.053333-20.266667 11.264-27.605334a38.058667 38.058667 0 0 1 27.136-11.477333h115.2z m403.2 312.874667c5.12 0 9.984 2.048 13.568 5.717333a19.754667 19.754667 0 0 1 5.632 13.824v39.082667a19.754667 19.754667 0 0 1-5.632 13.866666 19.029333 19.029333 0 0 1-13.568 5.717334h-345.6a19.029333 19.029333 0 0 1-13.568-5.717334 19.754667 19.754667 0 0 1-5.632-13.866666v-39.082667c0-5.205333 2.005333-10.154667 5.632-13.824a19.029333 19.029333 0 0 1 13.568-5.717333h345.6z m0-156.458667c5.12 0 9.984 2.090667 13.568 5.76a19.754667 19.754667 0 0 1 5.632 13.824v39.082667a19.754667 19.754667 0 0 1-5.632 13.824 19.029333 19.029333 0 0 1-13.568 5.76h-345.6a19.029333 19.029333 0 0 1-13.568-5.76 19.754667 19.754667 0 0 1-5.632-13.824v-39.082667c0-5.205333 2.005333-10.154667 5.632-13.824a19.029333 19.029333 0 0 1 13.568-5.717333h345.6zM492.970667 85.333333l36.352 0.128c4.693333 0 9.216 1.749333 12.714666 4.906667a19.626667 19.626667 0 0 1 6.314667 12.245333l0.128 2.261334 1.365333 238.933333 81.450667-82.986667a19.029333 19.029333 0 0 1 25.344-1.621333l1.792 1.621333 27.178667 27.648a19.712 19.712 0 0 1 1.578666 25.813334l-1.578666 1.877333-149.333334 152.064a38.058667 38.058667 0 0 1-51.882666 2.304l-2.432-2.304-149.333334-152.064a19.712 19.712 0 0 1-1.621333-25.813333l1.621333-1.877334 27.136-27.648a19.029333 19.029333 0 0 1 25.344-1.621333l1.792 1.621333 88.192 89.856-1.365333-245.674666a20.010667 20.010667 0 0 1 5.589333-13.909334 19.2 19.2 0 0 1 13.653334-5.76z\" fill=\"#1D2129\">\u003C/path>\u003C/symbol>\u003Csymbol id=\"iconapp_nav_installed\" viewBox=\"0 0 1024 1024\">\u003Cpath d=\"M723.242667 123.221333l66.176 111.36 111.36 66.133334a77.525333 77.525333 0 0 1 35.498666 85.76L904.362667 512l31.914666 125.525333a77.482667 77.482667 0 0 1-35.498666 85.76l-111.36 66.133334-66.133334 111.36a77.482667 77.482667 0 0 1-85.76 35.498666L512 904.362667l-125.525333 31.914666a77.482667 77.482667 0 0 1-85.76-35.541333l-66.133334-111.317333-111.36-66.133334a77.525333 77.525333 0 0 1-35.498666-85.76L119.637333 512l-31.914666-125.525333a77.525333 77.525333 0 0 1 35.498666-85.76l111.36-66.133334 66.133334-111.36a77.525333 77.525333 0 0 1 85.76-35.498666L512 119.637333l125.525333-31.914666a77.525333 77.525333 0 0 1 85.76 35.498666z m-66.602667 39.594667l-125.525333 32a77.525333 77.525333 0 0 1-38.229334 0l-125.525333-32-66.133333 111.36c-6.656 11.093333-15.914667 20.394667-27.050667 27.008L162.816 367.36l31.914667 125.525333c3.2 12.544 3.2 25.685333 0 38.229334l-31.914667 125.482666 111.36 66.218667c11.093333 6.613333 20.394667 15.872 27.008 27.008l66.133333 111.36 125.568-31.957333c12.544-3.2 25.642667-3.2 38.186667 0l125.525333 31.957333 66.176-111.36c6.613333-11.093333 15.914667-20.394667 27.008-27.008l111.36-66.176-31.914666-125.525333a77.568 77.568 0 0 1 0-38.229334l31.914666-125.525333-111.36-66.133333a77.44 77.44 0 0 1-27.008-27.050667l-66.133333-111.36z m74.581333 255.573333l-54.784-54.741333-219.221333 219.221333-109.653333-109.653333-54.784 54.826667 164.437333 164.437333 274.005333-274.048z\" fill=\"#1D2129\">\u003C/path>\u003C/symbol>\u003Csymbol id=\"iconapp_nav_Audio\" viewBox=\"0 0 1024 1024\">\u003Cpath d=\"M336.426667 90.794667l153.813333 154.24h38.442667l153.813333-154.24a18.517333 18.517333 0 0 1 24.490667-1.536l1.792 1.536 26.24 26.325333a18.602667 18.602667 0 0 1 1.536 24.533333l-1.578667 1.749334-101.376 101.632h267.946667a37.034667 37.034667 0 0 1 37.034666 34.389333l0.085334 2.816v576.554667a37.248 37.248 0 0 1-34.304 37.12L901.546667 896H122.453333a37.034667 37.034667 0 0 1-37.034666-34.389333L85.333333 858.794667V282.24a37.248 37.248 0 0 1 34.304-37.12l2.816-0.085333h262.826667L283.989333 143.36a18.602667 18.602667 0 0 1 0-26.325333l26.24-26.282667a18.56 18.56 0 0 1 26.24 0z m528.042666 228.650666H159.530667v502.186667h704.938666V319.402667z m-426.666666 116.992c3.413333 0 6.826667 0.938667 9.728 2.730667L634.709333 554.666667a18.602667 18.602667 0 0 1 0 31.701333L447.573333 701.866667a18.517333 18.517333 0 0 1-28.288-15.872v-230.997334a18.602667 18.602667 0 0 1 18.56-18.56z\" fill=\"#1D2129\">\u003C/path>\u003C/symbol>\u003Csymbol id=\"iconapp_nav_Community\" viewBox=\"0 0 1024 1024\">\u003Cpath d=\"M409.856 795.221333c32.213333 14.549333 67.072 22.016 102.314667 21.973334 36.394667 0 71.04-7.808 102.314666-21.930667 13.226667 23.978667 31.274667 44.885333 52.906667 61.397333a324.181333 324.181333 0 0 1-155.221333 39.338667 324.608 324.608 0 0 1-155.221334-39.296c21.632-16.554667 39.68-37.504 52.906667-61.44z m-163.328-253.696l1.792 0.085334 4.693333 0.341333 1.237334 0.085333 5.76 0.597334 0.554666 0.085333c25.173333 3.328 49.194667 12.885333 69.888 27.818667 20.693333 14.933333 37.461333 34.773333 48.810667 57.770666a159.744 159.744 0 0 1-3.370667 147.797334l-0.725333 1.28-1.365333 2.389333-0.469334 0.853333-0.170666 0.256-0.128 0.170667-0.128 0.256-1.024 1.706667c-3.029333 4.821333-6.314667 9.514667-9.813334 13.994666l-1.066666 1.408a143.36 143.36 0 0 1-3.413334 4.096l-0.64 0.725334a155.306667 155.306667 0 0 1-56.448 41.088 153.173333 153.173333 0 0 1-135.253333-7.594667 156.117333 156.117333 0 0 1-51.626667-47.104 159.914667 159.914667 0 0 1-21.845333-135.68 158.293333 158.293333 0 0 1 34.261333-61.44c15.829333-17.536 35.413333-31.232 57.173334-40.021333l1.834666-0.725334-2.645333 1.109334 5.290667-2.133334 1.024-0.341333c3.84-1.408 7.765333-2.602667 11.733333-3.712l0.853333-0.213333c1.792-0.469333 3.626667-0.896 5.461334-1.28l0.597333-0.170667a153.088 153.088 0 0 1 33.109333-3.626667l6.058667 0.128z m542.592 0h0.64l1.92 0.085334c10.581333 0.554667 21.12 2.176 31.36 4.864l0.896 0.256c3.925333 1.066667 7.808 2.304 11.648 3.669333l0.725333 0.256c20.352 7.466667 38.912 19.2 54.528 34.389333 15.573333 15.146667 27.861333 33.493333 36.096 53.76a159.701333 159.701333 0 0 1-3.157333 127.402667 157.44 157.44 0 0 1-38.826667 51.84 154.666667 154.666667 0 0 1-56.149333 31.488 153.045333 153.045333 0 0 1-124.629333-15.232l-1.28-0.768-3.498667-2.261333-0.213333-0.128-1.706667-1.152a149.717333 149.717333 0 0 1-9.728-7.168l-0.981333-0.810667a153.898667 153.898667 0 0 1-9.216-8.149333l-0.64-0.597334a164.48 164.48 0 0 1-8.832-9.216l-0.682667-0.853333a184.021333 184.021333 0 0 1-3.157333-3.669333l-1.024-1.322667a158.208 158.208 0 0 1-10.709334-15.189333l-0.426666-0.597334-0.554667-0.853333a159.402667 159.402667 0 0 1 41.130667-210.133333 154.026667 154.026667 0 0 1 71.125333-28.714667l5.546667-0.64 2.005333-0.128 4.693333-0.341333h0.981334l0.597333-0.085334c2.090667-0.085333 4.138667-0.128 6.229333-0.128l5.290667 0.128zM240.512 620.202667c-20.608 0-40.362667 8.32-54.912 23.04a79.445333 79.445333 0 0 0-22.698667 55.808c0 20.906667 8.149333 40.917333 22.698667 55.68s34.304 23.082667 54.912 23.082666c20.565333 0 40.32-8.277333 54.912-23.04 14.506667-14.805333 22.698667-34.858667 22.698667-55.722666 0-20.906667-8.149333-40.96-22.698667-55.765334a77.141333 77.141333 0 0 0-54.912-23.082666z m543.317333 0c-20.565333 0-40.32 8.32-54.869333 23.04a79.488 79.488 0 0 0 0 111.488c14.506667 14.762667 34.304 23.082667 54.869333 23.082666s40.32-8.32 54.869334-23.04a79.488 79.488 0 0 0 0-111.445333 77.056 77.056 0 0 0-54.869334-23.125333zM187.690667 550.784l-0.725334 0.256 1.024-0.384-0.298666 0.128z m579.456-8.448l-2.901334 0.341333 3.157334-0.426666-0.256 0.085333z m20.266666-0.853333h-0.512l-3.072-0.085334 3.584 0.042667zM318.208 290.176a198.4 198.4 0 0 0 20.992 84.522667 256.426667 256.426667 0 0 0-72.96 128.981333 191.36 191.36 0 0 0-80.128 6.144 335.701333 335.701333 0 0 1 120.96-211.029333l6.229333-4.949334 4.906667-3.669333z m387.968 0a335.616 335.616 0 0 1 130.986667 213.162667l1.024 6.485333c-26.026667-7.68-53.333333-9.813333-80.170667-6.144a256.554667 256.554667 0 0 0-72.917333-129.024 198.4 198.4 0 0 0 21.077333-84.48z m-221.525333-159.744a152.96 152.96 0 0 1 122.965333 30.890667c17.194667 13.653333 31.402667 30.805333 41.642667 50.346666a159.36 159.36 0 0 1 8.533333 128.298667l-2.218667 5.674667-0.085333 0.170666-0.426667 1.066667-1.237333 2.944a156.970667 156.970667 0 0 1-56.234667 67.114667 153.728 153.728 0 0 1-83.029333 26.026666 153.557333 153.557333 0 0 1-83.712-23.338666 156.885333 156.885333 0 0 1-58.325333-65.365334l-2.218667-4.949333-0.512-1.066667-1.621333-4.010666-0.810667-2.005334a158.762667 158.762667 0 0 1-9.642667-41.216l-0.085333-0.981333-0.298667-3.456-0.213333-3.456-0.042667-0.682667a176.213333 176.213333 0 0 1-0.128-7.168l0.085334-6.229333 0.085333-1.877333 0.298667-4.138667 0.128-1.92c0.128-1.706667 0.341333-3.498667 0.554666-5.248l0.128-1.066667a159.146667 159.146667 0 0 1 21.76-61.909333A156.672 156.672 0 0 1 424.661333 155.306667a154.026667 154.026667 0 0 1 59.946667-24.874667z m27.52 76.074667c-20.608 0-40.32 8.277333-54.869334 23.04a79.402667 79.402667 0 0 0 0 111.445333c14.506667 14.762667 34.261333 23.04 54.869334 23.04 20.565333 0 40.32-8.277333 54.869333-23.04a79.402667 79.402667 0 0 0 0-111.402667 77.013333 77.013333 0 0 0-54.869333-23.082666z\" fill=\"#1D2129\">\u003C/path>\u003C/symbol>\u003Csymbol id=\"iconapp_nav_all\" viewBox=\"0 0 1024 1024\">\u003Cpath d=\"M426.666667 554.666667a42.666667 42.666667 0 0 1 42.666666 42.666666v277.333334a42.666667 42.666667 0 0 1-38.314666 42.453333L426.666667 917.333333H149.333333l-4.394666-0.213333a42.666667 42.666667 0 0 1-38.058667-38.101333L106.666667 874.666667V597.333333a42.666667 42.666667 0 0 1 42.666666-42.666666H426.666667z m450.133333-2.133334a40.533333 40.533333 0 0 1 40.533333 40.533334v283.733333a40.533333 40.533333 0 0 1-40.533333 40.533333H593.066667a40.533333 40.533333 0 0 1-40.533334-40.533333V593.066667a40.533333 40.533333 0 0 1 40.533334-40.533334h283.733333zM183.466667 840.533333h209.066666v-209.066666H183.466667v209.066666z m450.133333-4.266666h202.666667v-202.666667h-202.666667v202.666667zM430.933333 106.666667a40.533333 40.533333 0 0 1 40.533334 40.533333v283.733333a40.533333 40.533333 0 0 1-40.533334 40.533334H147.2a40.533333 40.533333 0 0 1-40.533333-40.533334V147.2a40.533333 40.533333 0 0 1 40.533333-40.533333h283.733333z m445.866667 0a40.533333 40.533333 0 0 1 40.533333 40.533333v283.733333a40.533333 40.533333 0 0 1-40.533333 40.533334H593.066667a40.533333 40.533333 0 0 1-40.533334-40.533334V147.2a40.533333 40.533333 0 0 1 40.533334-40.533333h283.733333zM187.733333 390.4h202.666667V187.733333H187.733333v202.666667z m445.866667 0h202.666667V187.733333h-202.666667v202.666667z\" fill=\"#1D2129\">\u003C/path>\u003C/symbol>\u003Csymbol id=\"iconUpward\" viewBox=\"0 0 1024 1024\">\u003Cpath d=\"M917.333333 853.333333a21.333333 21.333333 0 0 1 21.333334 21.333334v42.666666a21.333333 21.333333 0 0 1-21.333334 21.333334h-810.666666a21.333333 21.333333 0 0 1-21.333334-21.333334v-42.666666a21.333333 21.333333 0 0 1 21.333334-21.333334h810.666666zM433.194667 388.053333v359.637334c0 5.376 2.133333 10.538667 5.802666 14.336 3.669333 3.84 8.704 5.973333 13.909334 5.973333h118.186666c5.205333 0 10.24-2.133333 13.909334-5.973333a20.650667 20.650667 0 0 0 5.76-14.336V388.053333h147.712c1.237333 0 2.389333-0.213333 3.584-0.341333l0.554666-0.128a25.088 25.088 0 0 0 3.925334-0.938667 14.549333 14.549333 0 0 0 3.797333-1.408l0.512-0.256 0.810667-0.426666a15.36 15.36 0 0 0 2.005333-0.981334 31.786667 31.786667 0 0 0 13.653333-21.333333 39.68 39.68 0 0 0 0.64-6.229333L768 355.413333a9.216 9.216 0 0 0-0.085333-1.152l-0.085334-0.853333-0.042666-0.426667a34.261333 34.261333 0 0 0-5.76-17.066666l-221.696-230.485334c-5.845333-11.306667-17.365333-21.973333-28.330667-19.797333-10.965333-2.176-22.442667 8.490667-28.330667 19.797333L261.930667 335.914667a34.432 34.432 0 0 0-5.717334 17.066666v0.426667c0 0.298667-0.085333 0.597333-0.128 0.853333A8.746667 8.746667 0 0 0 256 355.413333l0.042667 0.597334 0.042666 0.554666c0.042667 1.621333 0.213333 3.242667 0.426667 4.821334 1.706667 9.514667 6.4 17.450667 13.824 22.186666 0.64 0.426667 1.322667 0.725333 2.005333 1.024l0.853334 0.426667 0.426666 0.213333a30.976 30.976 0 0 0 7.381334 2.346667l0.896 0.128a24.277333 24.277333 0 0 0 3.626666 0.341333h147.669334z\" fill=\"#3491FA\">\u003C/path>\u003C/symbol>\u003Csymbol id=\"icondownward\" viewBox=\"0 0 1024 1024\">\u003Cpath d=\"M917.333333 853.333333a21.333333 21.333333 0 0 1 21.333334 21.333334v42.666666a21.333333 21.333333 0 0 1-21.333334 21.333334h-810.666666a21.333333 21.333333 0 0 1-21.333334-21.333334v-42.666666a21.333333 21.333333 0 0 1 21.333334-21.333334h810.666666zM433.194667 465.28V105.642667c0-5.376 2.133333-10.538667 5.802666-14.378667A19.413333 19.413333 0 0 1 452.906667 85.333333h118.186666c5.205333 0 10.24 2.133333 13.909334 5.973334 3.669333 3.797333 5.76 8.96 5.76 14.336v359.637333h147.712c1.237333 0 2.389333 0.213333 3.584 0.341333l0.554666 0.128a25.344 25.344 0 0 1 3.925334 0.938667c1.322667 0.298667 2.602667 0.768 3.797333 1.408l0.512 0.256 0.810667 0.426667a15.274667 15.274667 0 0 1 2.005333 0.981333 31.786667 31.786667 0 0 1 13.653333 21.333333 39.765333 39.765333 0 0 1 0.64 6.229334l0.042667 0.597333a9.344 9.344 0 0 1-0.085333 1.152l-0.085334 0.853333-0.042666 0.426667a34.304 34.304 0 0 1-5.76 17.066667l-221.696 230.485333c-5.845333 11.306667-17.365333 21.973333-28.330667 19.797333-10.965333 2.176-22.442667-8.490667-28.330667-19.797333l-221.738666-230.485333a34.432 34.432 0 0 1-5.717334-17.066667v-0.426667c0-0.298667-0.085333-0.597333-0.128-0.853333A8.746667 8.746667 0 0 1 256 497.92l0.042667-0.64 0.042666-0.554667a36.266667 36.266667 0 0 1 0.426667-4.864 32.128 32.128 0 0 1 13.824-22.101333c0.64-0.426667 1.322667-0.768 2.005333-1.066667l0.853334-0.426666 0.426666-0.213334a31.232 31.232 0 0 1 7.381334-2.346666l0.896-0.128a24.32 24.32 0 0 1 3.626666-0.341334h147.669334z\" fill=\"#23C343\">\u003C/path>\u003C/symbol>\u003Csymbol id=\"iconStorage_Nav_iSCSI_Target\" viewBox=\"0 0 1024 1024\">\u003Cpath d=\"M298.666667 256m-42.666667 0a42.666667 42.666667 0 1 0 85.333333 0 42.666667 42.666667 0 1 0-85.333333 0Z\" fill=\"#1D2129\">\u003C/path>\u003Cpath d=\"M725.333333 256m-42.666666 0a42.666667 42.666667 0 1 0 85.333333 0 42.666667 42.666667 0 1 0-85.333333 0Z\" fill=\"#1D2129\">\u003C/path>\u003Cpath d=\"M298.666667 768m-42.666667 0a42.666667 42.666667 0 1 0 85.333333 0 42.666667 42.666667 0 1 0-85.333333 0Z\" fill=\"#1D2129\">\u003C/path>\u003Cpath d=\"M725.333333 768m-42.666666 0a42.666667 42.666667 0 1 0 85.333333 0 42.666667 42.666667 0 1 0-85.333333 0Z\" fill=\"#1D2129\">\u003C/path>\u003Cpath d=\"M873.386667 85.333333c6.016 0 11.776 2.261333 16 6.229334 4.224 4.010667 6.613333 9.429333 6.613333 15.104v810.666666c0 5.674667-2.389333 11.093333-6.613333 15.104a23.253333 23.253333 0 0 1-15.957334 6.229334H150.570667a23.253333 23.253333 0 0 1-15.957334-6.229334A20.778667 20.778667 0 0 1 128 917.333333v-810.666666c0-5.674667 2.389333-11.093333 6.613333-15.104A23.253333 23.253333 0 0 1 150.613333 85.333333h722.858667zM213.333333 344.234667v510.421333l597.333334 1.578667V170.666667H212.949333L213.333333 344.234667zM512 277.333333a209.493333 209.493333 0 0 1 143.786667 56.234667A186.709333 186.709333 0 0 1 715.264 469.333333a185.6 185.6 0 0 1-47.189333 122.88l-55.424-74.88c7.893333-14.762667 12.288-31.146667 12.288-48 0-28.288-11.946667-55.424-33.109334-75.434666A116.48 116.48 0 0 0 512 362.666667a116.48 116.48 0 0 0-79.872 31.232A103.765333 103.765333 0 0 0 399.061333 469.333333c0 28.288 11.904 55.424 33.066667 75.434667 17.365333 16.384 39.850667 26.752 63.872 29.994667l60.544 81.834666c-14.506667 3.072-29.44 4.736-44.544 4.736a209.493333 209.493333 0 0 1-143.786667-56.234666A186.752 186.752 0 0 1 308.736 469.333333c0-50.901333 21.418667-99.754667 59.562667-135.765333A209.493333 209.493333 0 0 1 512 277.333333z\" fill=\"#1D2129\">\u003C/path>\u003Cpath d=\"M548.293081 473.420174m26.414676 33.506855l103.281379 131.011806q26.414675 33.506856-7.09218 59.921531l0 0q-33.506856 26.414675-59.921531-7.092181l-103.28138-131.011805q-26.414675-33.506856 7.092181-59.921531l0 0q33.506856-26.414675 59.921531 7.09218Z\" fill=\"#1D2129\">\u003C/path>\u003C/symbol>\u003Csymbol id=\"iconStorage_Nav_hot_spare\" viewBox=\"0 0 1024 1024\">\u003Cpath d=\"M85.333333 621.653333l0.256-3.456a34.261333 34.261333 0 0 1 0.341334-1.877333l0.128-0.682667L185.258667 133.248a33.706667 33.706667 0 0 1 9.301333-17.194667c4.693333-4.650667 10.666667-7.765333 17.152-8.917333l5.674667-0.469333h590.378666c6.570667 0 13.013333 2.005333 18.474667 5.76a33.408 33.408 0 0 1 12.074667 15.36l1.621333 5.546666 98.090667 482.389334a37.973333 37.973333 0 0 1 0.64 6.826666v261.290667a33.834667 33.834667 0 0 1-9.6 23.68 32.469333 32.469333 0 0 1-23.210667 9.813333H118.144a32.469333 32.469333 0 0 1-23.210667-9.813333 33.834667 33.834667 0 0 1-9.6-23.68V621.653333z m768 0.853334L170.666667 618.24V832h682.666666v-209.493333z m-61.525333 97.706666a32.426667 32.426667 0 0 1 22.186667 8.746667 34.005333 34.005333 0 0 1 4.010666 45.056 32.725333 32.725333 0 0 1-20.266666 12.672l-5.930667 0.554667h-82.901333a32.469333 32.469333 0 0 1-22.186667-8.746667 34.005333 34.005333 0 0 1-4.010667-45.056 32.725333 32.725333 0 0 1 20.309334-12.672l5.888-0.554667h82.944zM768 192H256l-64 341.333333h644.693333L768 192z\" fill=\"#1D2129\">\u003C/path>\u003Cpath d=\"M548.565333 252.970667a18.261333 18.261333 0 0 0-18.261333-18.304h-36.608a18.304 18.304 0 0 0-18.261333 18.304v73.130666H402.304A18.304 18.304 0 0 0 384 344.32v36.608a18.304 18.304 0 0 0 18.304 18.261333h73.130667v73.130667a18.304 18.304 0 0 0 18.261333 18.304h36.608a18.304 18.304 0 0 0 18.261333-18.304V399.232h73.130667A18.304 18.304 0 0 0 640 381.013333V344.32a18.304 18.304 0 0 0-18.304-18.261333h-73.130667V252.970667z\" fill=\"#1D2129\">\u003C/path>\u003C/symbol>\u003Csymbol id=\"iconStorage_Nav_disk\" viewBox=\"0 0 1024 1024\">\u003Cpath d=\"M85.333333 621.653333l0.256-3.456a34.261333 34.261333 0 0 1 0.341334-1.877333l0.128-0.682667L185.258667 133.248a33.706667 33.706667 0 0 1 9.301333-17.194667c4.693333-4.650667 10.666667-7.765333 17.152-8.917333l5.674667-0.469333h590.378666c6.570667 0 13.013333 2.005333 18.474667 5.76a33.408 33.408 0 0 1 12.074667 15.36l1.621333 5.546666 98.090667 482.389334a37.973333 37.973333 0 0 1 0.64 6.826666v261.290667a33.834667 33.834667 0 0 1-9.6 23.68 32.469333 32.469333 0 0 1-23.210667 9.813333H118.144a32.469333 32.469333 0 0 1-23.210667-9.813333 33.834667 33.834667 0 0 1-9.6-23.68V621.653333z m768 0.853334L170.666667 618.24V832h682.666666v-209.493333z m-61.525333 97.706666a32.426667 32.426667 0 0 1 22.186667 8.746667 34.005333 34.005333 0 0 1 4.010666 45.056 32.725333 32.725333 0 0 1-20.266666 12.672l-5.930667 0.554667h-82.901333a32.469333 32.469333 0 0 1-22.186667-8.746667 34.005333 34.005333 0 0 1-4.010667-45.056 32.725333 32.725333 0 0 1 20.309334-12.672l5.888-0.554667h82.944zM768 192H256l-64 341.333333h644.693333L768 192z\" fill=\"#1D2129\">\u003C/path>\u003C/symbol>\u003Csymbol id=\"iconStorage_nav_overview\" viewBox=\"0 0 1024 1024\">\u003Cpath d=\"M876.8 106.666667a40.533333 40.533333 0 0 1 40.533333 40.533333v567.466667a40.533333 40.533333 0 0 1-40.533333 40.533333h-324.266667v81.066667h101.333334a20.266667 20.266667 0 0 1 20.266666 20.266666v40.533334a20.266667 20.266667 0 0 1-20.266666 20.266666h-283.733334a20.266667 20.266667 0 0 1-20.266666-20.266666v-40.533334a20.266667 20.266667 0 0 1 20.266666-20.266666h101.333334v-81.066667h-324.266667a40.533333 40.533333 0 0 1-40.533333-40.533333V147.2a40.533333 40.533333 0 0 1 40.533333-40.533333h729.6z m-40.533333 81.066666H187.733333v486.4h648.533334V187.733333z m-114.730667 156.202667l-28.672-28.672a20.266667 20.266667 0 0 0-28.672 0l-103.68 103.68-91.648-92.032-1.92-1.706667a20.224 20.224 0 0 0-26.709333 1.706667l-145.237334 144.768a20.266667 20.266667 0 0 0 0 28.672l28.629334 28.629333a20.266667 20.266667 0 0 0 28.672 0l101.674666-101.674666 92.330667 92.416a20.181333 20.181333 0 0 0 28.672 0l146.56-147.157334a20.266667 20.266667 0 0 0 0-28.586666z\" fill=\"#1D2129\">\u003C/path>\u003C/symbol>\u003Csymbol id=\"iconStorage_Nav_storage\" viewBox=\"0 0 1024 1024\">\u003Cpath d=\"M204.8 347.050667v168.533333c0 39.594667 129.621333 82.688 307.2 82.688 177.578667 0 307.2-43.093333 307.2-82.688v-168.533333c-68.949333 38.4-174.037333 58.282667-307.2 58.282666-133.162667 0-238.293333-19.925333-307.2-58.282666z m0 271.616v146.730666c0 39.594667 129.621333 109.269333 307.2 109.269334 177.578667 0 307.2-63.957333 307.2-103.552v-146.730667C750.250667 662.784 645.162667 682.666667 512 682.666667c-133.162667 0-238.293333-25.6-307.2-64zM896 235.946667v559.317333c0 87.082667-172.757333 164.736-384 164.736-211.285333 0-384-77.653333-384-164.736V236.245333C128 145.066667 277.333333 68.266667 512 68.266667s384 81.066667 384 167.68zM512 320c128 0 298.666667-44.458667 298.666667-84.053333 0-61.269333-170.666667-90.88-298.666667-90.88S213.333333 192 213.333333 234.666667s170.666667 85.333333 298.666667 85.333333z m224 172.672a33.962667 33.962667 0 0 1-22.613333-8.405333 27.264 27.264 0 0 1-9.386667-20.266667c0-7.637333 3.370667-14.933333 9.386667-20.309333a33.962667 33.962667 0 0 1 22.613333-8.405334c8.490667 0 16.64 3.029333 22.613333 8.405334 6.016 5.376 9.386667 12.672 9.386667 20.309333 0 7.594667-3.370667 14.890667-9.386667 20.266667a33.962667 33.962667 0 0 1-22.613333 8.405333z m0 286.848a33.962667 33.962667 0 0 1-22.613333-8.405333 27.264 27.264 0 0 1-9.386667-20.309334c0-7.594667 3.370667-14.890667 9.386667-20.266666a33.962667 33.962667 0 0 1 22.613333-8.405334c8.490667 0 16.64 2.986667 22.613333 8.405334 6.016 5.376 9.386667 12.672 9.386667 20.266666 0 7.637333-3.370667 14.933333-9.386667 20.309334a33.962667 33.962667 0 0 1-22.613333 8.405333z\" fill=\"#1D2129\">\u003C/path>\u003C/symbol>\u003Csymbol id=\"iconStorage_Nav_USB_enabled\" viewBox=\"0 0 1024 1024\">\u003Cpath d=\"M759.168 91.477333C751.829333 87.466667 744.533333 85.333333 724.522667 85.333333H299.477333c-20.053333 0-27.306667 2.133333-34.645333 6.144a41.258667 41.258667 0 0 0-17.066667 17.450667c-3.925333 7.509333-5.973333 14.976-5.973333 35.498667v286.848h-19.669333c-40.149333 0-54.741333 4.266667-69.418667 12.288-14.506667 7.893333-26.368 20.053333-34.048 34.901333-7.808 15.018667-11.989333 29.952-11.989333 71.04v363.093333c0 10.154667 0.256 18.730667 0.768 26.069334l89.301333-0.042667v-415.146667H827.306667V938.666667l89.301333 0.042666a376.746667 376.746667 0 0 0 0.768-26.026666v-363.093334c0-41.130667-4.181333-56.064-12.032-71.082666a82.858667 82.858667 0 0 0-34.048-34.901334c-14.677333-8.021333-29.226667-12.288-69.376-12.288h-19.626667V144.469333c0-20.565333-2.133333-28.032-6.058666-35.541333a41.386667 41.386667 0 0 0-17.024-17.450667zM331.861333 177.578667h360.277334v253.696H331.861333V177.578667z m135.082667 69.205333v92.245333h-90.026667V246.784h90.026667z m180.181333 92.245333V246.784h-90.069333v92.245333h90.026667z\" fill=\"#1D2129\">\u003C/path>\u003C/symbol>\u003Csymbol id=\"iconStorage_Nav_volume\" viewBox=\"0 0 1024 1024\">\u003Cpath d=\"M512 85.333333c235.648 0 426.666667 191.018667 426.666667 426.666667s-191.018667 426.666667-426.666667 426.666667S85.333333 747.648 85.333333 512 276.352 85.333333 512 85.333333zM162.901333 512a349.098667 349.098667 0 0 0 592.554667 250.197333L473.173333 530.346667V165.034667A349.141333 349.141333 0 0 0 162.901333 512z m387.882667-346.965333v328.618666l253.952 208.64a349.141333 349.141333 0 0 0-253.952-537.173333z\" fill=\"#1D2129\">\u003C/path>\u003C/symbol>\u003Csymbol id=\"iconStorage_Nav_SSD_cache\" viewBox=\"0 0 1024 1024\">\u003Cpath d=\"M128 170.666667h768c23.552 0 42.666667 17.962667 42.666667 40.149333V813.226667c0 22.186667-19.114667 40.149333-42.666667 40.149333H128c-23.552 0-42.666667-17.962667-42.666667-40.149333V210.773333C85.333333 188.629333 104.448 170.666667 128 170.666667z m42.666667 85.333333v512h682.112L853.333333 640h85.333334V298.666667h-85.333334l-0.554666-42.666667H170.666667z\" fill=\"#1D2129\">\u003C/path>\u003Cpath d=\"M554.666667 564.565333c0 24.533333-7.893333 42.453333-18.517334 55.168-12.586667 15.104-27.562667 20.266667-45.269333 20.266667-17.749333 0-35.072-7.082667-45.696-20.266667-12.202667-15.104-18.517333-32.554667-18.517333-56.106666h41.386666c0 9.898667 2.346667 17.92 7.04 23.552 3.968 5.205333 10.24 7.552 15.786667 7.552a19.754667 19.754667 0 0 0 16.128-7.04c3.925333-4.266667 5.930667-11.818667 5.930667-19.84a35.669333 35.669333 0 0 0-4.352-18.346667 36.565333 36.565333 0 0 0-16.170667-14.165333l-27.562667-14.634667c-14.165333-7.509333-24.405333-17.408-30.293333-28.757333-4.736-8.96-6.698667-20.266667-6.698667-33.92 0-24.064 7.082667-39.594667 18.090667-53.290667 11.434667-13.653333 27.562667-20.736 44.928-20.736 17.322667 0 33.066667 6.613333 43.690667 18.858667 11.050667 12.714667 17.749333 30.165333 17.749333 55.168h-40.96c0-10.837333-1.962667-17.450667-5.930667-22.613334a19.626667 19.626667 0 0 0-6.613333-5.674666 16.426667 16.426667 0 0 0-7.936-1.877334 19.968 19.968 0 0 0-15.36 7.04 29.013333 29.013333 0 0 0-5.930667 18.858667c0 6.144 0.810667 10.410667 3.157334 14.634667a37.077333 37.077333 0 0 0 15.36 14.122666l27.562666 14.165334c14.165333 7.552 23.637333 15.530667 30.293334 27.306666 5.546667 9.472 8.704 23.594667 8.704 40.576zM597.333333 402.304c0-10.112 6.4-18.304 14.208-18.304h56.917334C723.413333 384 768 441.301333 768 512s-44.586667 128-99.541333 128h-56.917334c-7.850667 0-14.208-8.192-14.208-18.304V402.346667z m42.666667 32.896v153.6h28.458667c39.253333 0 56.874667-26.325333 56.874666-76.8 0-50.517333-17.621333-76.8-56.874666-76.8H640zM384 564.565333c0 24.533333-7.893333 42.453333-18.517333 55.168-12.586667 15.104-27.562667 20.266667-45.269334 20.266667-17.749333 0-35.072-7.082667-45.696-20.266667C262.314667 604.586667 256 587.178667 256 563.626667h41.386667c0 9.898667 2.346667 17.92 7.04 23.552 3.968 5.205333 10.24 7.552 15.786666 7.552a19.754667 19.754667 0 0 0 16.128-7.04c3.925333-4.266667 5.930667-11.818667 5.930667-19.84a35.669333 35.669333 0 0 0-4.352-18.346667 36.565333 36.565333 0 0 0-16.128-14.165333l-27.605333-14.634667c-14.165333-7.509333-24.405333-17.408-30.293334-28.757333-4.736-8.96-6.698667-20.266667-6.698666-33.92 0-24.064 7.082667-39.594667 18.090666-53.290667C286.72 391.082667 302.848 384 320.213333 384c17.322667 0 33.066667 6.613333 43.690667 18.858667 11.050667 12.714667 17.749333 30.165333 17.749333 55.168h-40.96c0-10.837333-2.005333-17.450667-5.930666-22.613334a19.626667 19.626667 0 0 0-6.613334-5.674666 16.469333 16.469333 0 0 0-7.936-1.877334 19.968 19.968 0 0 0-15.36 7.04 29.013333 29.013333 0 0 0-5.930666 18.858667c0 6.144 0.810667 10.410667 3.157333 14.634667a37.12 37.12 0 0 0 15.36 14.122666l27.562667 14.165334c14.165333 7.552 23.637333 15.530667 30.293333 27.306666 5.546667 9.472 8.704 23.594667 8.704 40.576zM853.333333 341.333333h85.333334v85.333334h-85.333334zM853.333333 469.333333h85.333334v128h-85.333334z\" fill=\"#1D2129\">\u003C/path>\u003C/symbol>\u003Csymbol id=\"iconlist_move\" viewBox=\"0 0 1024 1024\">\u003Cpath d=\"M682.666667 746.666667a21.333333 21.333333 0 0 1 21.333333 21.333333v85.333333a21.333333 21.333333 0 0 1-21.333333 21.333334h-85.333334a21.333333 21.333333 0 0 1-21.333333-21.333334v-85.333333a21.333333 21.333333 0 0 1 21.333333-21.333333h85.333334z m-256 0a21.333333 21.333333 0 0 1 21.333333 21.333333v85.333333a21.333333 21.333333 0 0 1-21.333333 21.333334H341.333333a21.333333 21.333333 0 0 1-21.333333-21.333334v-85.333333a21.333333 21.333333 0 0 1 21.333333-21.333333h85.333334z m170.666666-298.666667h85.333334a21.333333 21.333333 0 0 1 21.333333 21.333333v85.333334a21.333333 21.333333 0 0 1-21.333333 21.333333h-85.333334a21.333333 21.333333 0 0 1-21.333333-21.333333v-85.333334a21.333333 21.333333 0 0 1 21.333333-21.333333z m-256 0h85.333334a21.333333 21.333333 0 0 1 21.333333 21.333333v85.333334a21.333333 21.333333 0 0 1-21.333333 21.333333H341.333333a21.333333 21.333333 0 0 1-21.333333-21.333333v-85.333334a21.333333 21.333333 0 0 1 21.333333-21.333333z m341.333334-298.666667a21.333333 21.333333 0 0 1 21.333333 21.333334v85.333333a21.333333 21.333333 0 0 1-21.333333 21.333333h-85.333334a21.333333 21.333333 0 0 1-21.333333-21.333333V170.666667a21.333333 21.333333 0 0 1 21.333333-21.333334h85.333334z m-256 0a21.333333 21.333333 0 0 1 21.333333 21.333334v85.333333a21.333333 21.333333 0 0 1-21.333333 21.333333H341.333333a21.333333 21.333333 0 0 1-21.333333-21.333333V170.666667a21.333333 21.333333 0 0 1 21.333333-21.333334h85.333334z\" fill=\"#1D2129\">\u003C/path>\u003C/symbol>\u003Csymbol id=\"iconcard_more\" viewBox=\"0 0 1024 1024\">\u003Cpath d=\"M768 448h85.333333a21.333333 21.333333 0 0 1 21.333334 21.333333v85.333334a21.333333 21.333333 0 0 1-21.333334 21.333333h-85.333333a21.333333 21.333333 0 0 1-21.333333-21.333333v-85.333334a21.333333 21.333333 0 0 1 21.333333-21.333333z m-512 0a21.333333 21.333333 0 0 1 21.333333 21.333333v85.333334a21.333333 21.333333 0 0 1-21.333333 21.333333H170.666667a21.333333 21.333333 0 0 1-21.333334-21.333333v-85.333334a21.333333 21.333333 0 0 1 21.333334-21.333333h85.333333z m298.666667 0a21.333333 21.333333 0 0 1 21.333333 21.333333v85.333334a21.333333 21.333333 0 0 1-21.333333 21.333333h-85.333334a21.333333 21.333333 0 0 1-21.333333-21.333333v-85.333334a21.333333 21.333333 0 0 1 21.333333-21.333333h85.333334z\" fill=\"#1D2129\">\u003C/path>\u003C/symbol>\u003Csymbol id=\"iconnetwork_device\" viewBox=\"0 0 1024 1024\">\u003Cpath d=\"M681.984 844.416a50.986667 50.986667 0 0 0 15.317333 36.48 52.309333 52.309333 0 0 0 36.992 15.104h130.730667c13.866667 0 27.178667-5.418667 36.992-15.104a51.2 51.2 0 0 0 15.317333-36.48V179.626667a51.2 51.2 0 0 0-15.317333-36.48A52.650667 52.650667 0 0 0 865.024 128H734.293333c-13.866667 0-27.178667 5.418667-36.992 15.104a51.2 51.2 0 0 0-15.317333 36.48V844.373333z m74.794667-61.866667v-56.746666a10.24 10.24 0 0 1 7.125333-9.813334l3.328-0.512h67.712c4.608 0 8.533333 2.986667 9.898667 7.082667l0.554666 3.242667v56.746666c0 4.565333-2.986667 8.405333-7.210666 9.770667l-3.285334 0.512h-67.669333a10.538667 10.538667 0 0 1-7.424-2.986667 10.24 10.24 0 0 1-3.029333-7.338666z m-362.410667 61.866667c0 13.653333 5.504 26.794667 15.317333 36.48 9.813333 9.685333 23.082667 15.104 36.949334 15.104h130.773333c13.866667 0 27.178667-5.418667 36.992-15.104a51.2 51.2 0 0 0 15.274667-36.48V179.626667a51.2 51.2 0 0 0-15.274667-36.48A52.693333 52.693333 0 0 0 577.365333 128h-130.773333c-13.866667 0-27.178667 5.418667-36.949333 15.104a51.2 51.2 0 0 0-15.36 36.48V844.373333z m74.752-61.866667v-56.746666a10.453333 10.453333 0 0 1 7.168-9.813334l3.285333-0.512h67.669334c4.608 0 8.533333 2.986667 9.941333 7.082667l0.554667 3.242667v56.746666c0 4.565333-2.986667 8.405333-7.168 9.770667l-3.328 0.512H479.573333a10.538667 10.538667 0 0 1-7.424-2.986667 10.24 10.24 0 0 1-3.029333-7.338666zM106.666667 844.373333c0 13.653333 5.504 26.794667 15.317333 36.48 9.813333 9.685333 23.082667 15.104 36.949333 15.104h130.773334c13.866667 0 27.178667-5.418667 36.949333-15.104a51.2 51.2 0 0 0 15.36-36.48V179.626667a51.2 51.2 0 0 0-15.36-36.48A52.650667 52.650667 0 0 0 289.749333 128H158.976c-13.866667 0-27.178667 5.418667-36.992 15.104a51.2 51.2 0 0 0-15.317333 36.48V844.373333z m74.752-61.866666v-56.746667a10.24 10.24 0 0 1 7.125333-9.813333l3.328-0.512h67.669333c4.608 0 8.533333 2.986667 9.941334 7.082666l0.512 3.242667v56.746667c0 4.565333-2.986667 8.405333-7.168 9.770666l-3.285334 0.512H191.914667a10.538667 10.538667 0 0 1-7.424-2.986666 10.24 10.24 0 0 1-3.029334-7.338667z\" fill=\"#4E5969\">\u003C/path>\u003C/symbol>\u003Csymbol id=\"iconnetwork_router\" viewBox=\"0 0 1024 1024\">\u003Cpath d=\"M426.666667 385.621333c0 10.88 4.821333 21.333333 13.397333 29.013334 8.533333 7.68 20.181333 12.032 32.298667 12.032 12.117333 0 23.765333-4.309333 32.341333-12.032 8.533333-7.68 13.397333-18.133333 13.397333-29.013334 0-49.877333 44.970667-90.24 100.565334-90.24 55.594667 0 100.565333 40.362667 100.565333 90.24 0 10.88 4.821333 21.333333 13.397333 29.013334 8.576 7.68 20.224 12.032 32.341334 12.032 12.117333 0 23.722667-4.309333 32.298666-12.032 8.576-7.68 13.397333-18.133333 13.397334-29.013334C810.666667 290.474667 724.736 213.333333 618.666667 213.333333S426.666667 290.474667 426.666667 385.621333z\" fill=\"#4E5969\">\u003C/path>\u003Cpath d=\"M341.930667 384c11.434667 0 22.442667-3.754667 30.549333-10.410667a32.725333 32.725333 0 0 0 12.672-25.173333c0-106.069333 104.490667-192 233.514667-192s233.514667 85.930667 233.514666 192c0 9.472 4.565333 18.517333 12.672 25.173333 8.106667 6.656 19.114667 10.410667 30.549334 10.410667 11.52 0 22.485333-3.754667 30.592-10.410667a32.725333 32.725333 0 0 0 12.672-25.173333C938.666667 203.093333 795.477333 85.333333 618.666667 85.333333 441.898667 85.333333 298.666667 203.093333 298.666667 348.458667c0 9.386667 4.565333 18.474667 12.672 25.130666 8.106667 6.656 19.114667 10.410667 30.592 10.410667z\" fill=\"#4E5969\">\u003C/path>\u003Cpath d=\"M867.584 609.322667h-213.333333v-181.973334c0-11.52-4.693333-22.528-13.056-30.634666a45.056 45.056 0 0 0-62.848 0c-8.32 8.106667-13.013333 19.114667-13.013334 30.634666v181.973334H156.458667c-39.296 0-71.125333 31.061333-71.125334 69.333333v190.72C85.333333 907.605333 117.162667 938.666667 156.458667 938.666667h711.082666c39.296 0 71.125333-31.018667 71.125334-69.333334v-190.677333c0-38.272-31.829333-69.333333-71.082667-69.333333zM214.826667 830.293333a53.546667 53.546667 0 0 1-37.376-14.762666 50.986667 50.986667 0 0 1-15.530667-36.309334 49.92 49.92 0 0 1 15.530667-36.309333 52.48 52.48 0 0 1 37.418666-14.762667c13.781333 0.170667 26.965333 5.589333 36.693334 15.146667 9.642667 9.557333 15.104 22.485333 15.104 35.925333 0 13.44-5.461333 26.368-15.146667 35.925334a53.034667 53.034667 0 0 1-36.693333 15.146666z m153.088 0a53.546667 53.546667 0 0 1-37.418667-14.762666 50.986667 50.986667 0 0 1-15.530667-36.309334 49.962667 49.962667 0 0 1 15.530667-36.309333 52.522667 52.522667 0 0 1 37.418667-14.762667c13.781333 0.170667 26.965333 5.589333 36.693333 15.146667 9.642667 9.557333 15.104 22.485333 15.104 35.925333 0 13.44-5.461333 26.325333-15.146667 35.882667a53.034667 53.034667 0 0 1-36.693333 15.189333z\" fill=\"#4E5969\">\u003C/path>\u003C/symbol>\u003Csymbol id=\"iconupdate\" viewBox=\"0 0 1024 1024\">\u003Cpath d=\"M667.008 750.933333a255.104 255.104 0 0 1-158.293333 52.650667c-7.466667-0.128-14.762667-0.725333-22.101334-1.28-2.986667-0.384-5.973333-0.896-8.96-1.365333a206.549333 206.549333 0 0 1-17.066666-2.816c-3.413333-0.64-6.912-1.706667-10.24-2.56a229.76 229.76 0 0 1-16.384-4.266667c-2.56-1.066667-4.949333-1.92-7.509334-3.029333a195.456 195.456 0 0 1-18.346666-7.168c-1.365333-0.64-2.688-1.152-4.010667-1.706667a456.448 456.448 0 0 1-20.608-10.837333L382.634667 768a272.384 272.384 0 0 1-61.525334-49.792c-0.298667-0.341333-0.554667-0.725333-0.938666-1.024a237.056 237.056 0 0 1-19.242667-23.594667 305.024 305.024 0 0 1-59.178667-181.717333h71.168L199.125333 327.594667 85.333333 511.872h71.04a403.626667 403.626667 0 0 0 63.018667 217.6c0.426667 0.896 0.768 1.877333 1.28 2.688 4.096 6.4 8.704 12.245333 13.056 18.133333 1.706667 2.133333 3.157333 4.394667 4.906667 6.826667a419.072 419.072 0 0 0 22.4 26.368 357.12 357.12 0 0 0 79.957333 64.810667l2.346667 1.365333c8.448 4.906667 17.066667 9.386667 25.813333 13.525333l6.528 3.114667a540.288 540.288 0 0 0 34.048 13.226667c6.826667 2.090667 13.781333 3.968 20.736 5.674666 4.693333 1.194667 9.130667 2.474667 13.952 3.413334 1.92 0.512 3.754667 1.152 5.674667 1.365333 6.698667 1.28 13.269333 1.962667 19.84 2.816 2.432 0.426667 4.778667 0.896 7.168 1.152 11.861333 1.28 23.68 2.048 35.498666 2.048 72.234667 0 142.762667-23.808 203.264-69.632 19.285333-14.592 24.021333-43.392 10.581334-64.085333-13.610667-21.034667-40.149333-26.069333-59.434667-11.349334z m200.448-239.061333c0-80.512-23.125333-155.306667-62.506667-217.002667-0.64-1.066667-0.981333-2.133333-1.493333-3.072-5.077333-7.594667-10.282667-14.677333-15.658667-21.802666a26.88 26.88 0 0 1-1.792-2.602667 359.296 359.296 0 0 0-132.736-107.648c-1.536-0.64-2.816-1.365333-4.309333-2.005333a407.082667 407.082667 0 0 0-25.173333-9.984c-2.901333-1.024-5.973333-2.218667-9.045334-3.2a335.914667 335.914667 0 0 0-22.272-6.272c-4.224-0.981333-8.448-2.133333-12.629333-3.072-2.048-0.426667-3.925333-1.066667-6.144-1.536-5.632-0.981333-11.136-1.536-16.768-2.261334-3.968-0.426667-7.68-1.109333-11.648-1.578666a340.992 340.992 0 0 0-28.245333-1.578667c-1.706667 0-3.413333-0.256-5.12-0.256l-0.853334 0.128c-72.149333 0.085333-142.634667 23.552-203.008 69.333333-19.285333 14.506667-23.978667 43.264-10.410666 64.213334 13.397333 20.736 40.106667 25.856 59.477333 11.178666a254.293333 254.293333 0 0 1 180.650667-51.2c2.432 0.170667 4.693333 0.554667 7.168 0.938667 6.4 0.853333 12.8 1.749333 19.072 3.2 2.730667 0.512 5.546667 1.28 8.106666 1.962667 6.272 1.536 12.330667 3.072 18.346667 5.034666 2.005333 0.597333 3.84 1.322667 5.632 2.133334 6.954667 2.389333 13.738667 4.949333 20.309333 7.978666 0.725333 0.170667 1.365333 0.768 2.048 1.024a274.133333 274.133333 0 0 1 102.4 83.072 305.28 305.28 0 0 1 61.44 184.874667h-71.253333l113.92 184.32L938.666667 511.914667h-71.253334z\" fill=\"#1D2129\">\u003C/path>\u003C/symbol>\u003Csymbol id=\"iconDownload_client-01\" viewBox=\"0 0 1024 1024\">\u003Cpath d=\"M772.565333 859.434667a29.013333 29.013333 0 0 1 0 57.898666H251.434667a28.970667 28.970667 0 0 1 0-57.898666h521.130666zM830.464 106.666667c47.957333 0 86.869333 38.912 86.869333 86.869333V714.666667a86.869333 86.869333 0 0 1-86.869333 86.869333H193.536A86.869333 86.869333 0 0 1 106.666667 714.666667V193.536c0-47.957333 38.912-86.869333 86.869333-86.869333h636.928zM505.429333 256a17.194667 17.194667 0 0 0-12.8 5.632 19.2 19.2 0 0 0-5.248 13.525333l1.28 239.232-82.645333-87.466666-1.706667-1.578667a17.365333 17.365333 0 0 0-23.722666 1.578667l-25.472 26.88-1.493334 1.834666a19.84 19.84 0 0 0 1.493334 25.130667l139.946666 148.053333 2.304 2.261334a34.773333 34.773333 0 0 0 24.746667 8.874666c8.96-0.426667 17.493333-4.394667 23.850667-11.093333l139.946666-148.096 1.493334-1.792a19.84 19.84 0 0 0-1.493334-25.173333l-25.472-26.88-1.664-1.578667a17.322667 17.322667 0 0 0-23.722666 1.578667l-76.373334 80.725333-1.28-232.618667-0.085333-2.176a19.413333 19.413333 0 0 0-5.973333-11.946666 17.450667 17.450667 0 0 0-11.818667-4.778667l-34.133333-0.128z\" fill=\"#000000\">\u003C/path>\u003C/symbol>\u003Csymbol id=\"iconTips\" viewBox=\"0 0 1024 1024\">\u003Cpath d=\"M938.666667 512c0-235.648-191.018667-426.666667-426.666667-426.666667S85.333333 276.352 85.333333 512s191.018667 426.666667 426.666667 426.666667 426.666667-191.018667 426.666667-426.666667z m-372.266667-138.666667a23.68 23.68 0 0 1-23.722667 23.68h-61.610666a23.68 23.68 0 0 1-23.722667-23.68V311.68c0-13.056 10.666667-23.68 23.722667-23.68h61.610666c13.098667 0 23.722667 10.624 23.722667 23.68V373.333333z m0 348.117334a23.68 23.68 0 0 1-23.722667 23.722666h-61.610666a23.68 23.68 0 0 1-23.722667-23.722666v-249.344c0-13.098667 10.666667-23.722667 23.722667-23.722667h61.610666c13.098667 0 23.722667 10.624 23.722667 23.722667v249.344z\" fill=\"#000000\">\u003C/path>\u003C/symbol>\u003Csymbol id=\"iconClear-011\" viewBox=\"0 0 1024 1024\">\u003Cpath d=\"M594.773333 85.333333a41.386667 41.386667 0 0 1 41.386667 41.386667V256h246.954667a42.666667 42.666667 0 0 1 42.666666 42.666667v213.333333c0 5.674667-2.176 11.093333-6.058666 15.104a20.394667 20.394667 0 0 1-14.634667 6.229333h-26.965333l59.904 355.328a43.178667 43.178667 0 0 1-9.088 34.816 41.514667 41.514667 0 0 1-31.658667 15.189334H126.72a41.557333 41.557333 0 0 1-31.658667-15.189334 43.178667 43.178667 0 0 1-9.088-34.816L145.877333 533.333333h-26.965333a20.48 20.48 0 0 1-14.677333-6.229333 21.674667 21.674667 0 0 1-6.016-15.104V298.666667a42.666667 42.666667 0 0 1 42.666666-42.666667H387.84V127.573333c0-23.338667 18.858667-42.24 42.154667-42.24h164.693333zM175.914667 853.333333h170.581333v-170.666666c0-5.674667 2.133333-11.093333 6.058667-15.104a20.352 20.352 0 0 1 14.592-6.229334h41.386666c5.504 0 10.752 2.261333 14.634667 6.229334 3.84 4.010667 6.101333 9.429333 6.101333 15.104v170.666666h186.197334v-170.666666c0-5.674667 2.133333-11.093333 6.016-15.104a20.394667 20.394667 0 0 1 14.634666-6.229334h41.386667c5.504 0 10.752 2.261333 14.634667 6.229334 3.84 4.010667 6.058667 9.429333 6.058666 15.104v170.666666h149.888l-54.016-320H229.888L175.914667 853.333333zM469.333333 170.666667v170.666666H170.666667v106.666667h682.666666V341.333333h-298.666666V170.666667h-85.333334z\" fill=\"#1D2129\">\u003C/path>\u003C/symbol>\u003Csymbol id=\"iconbrowse3\" viewBox=\"0 0 1024 1024\">\u003Cpath d=\"M785.493333 85.333333a38.613333 38.613333 0 0 1 38.698667 38.826667v349.013333h-77.397333V162.944H205.397333v698.197333h232.064V938.666667H166.656A38.613333 38.613333 0 0 1 128 899.84V124.16A38.826667 38.826667 0 0 1 166.656 85.333333H785.493333z m-96.682666 484.864a154.368 154.368 0 0 1 132.010666 74.154667 155.477333 155.477333 0 0 1 5.76 151.594667l63.744 63.957333a19.413333 19.413333 0 0 1 0 27.392l-32.810666 32.938667a19.328 19.328 0 0 1-27.306667 0l-61.738667-61.866667a154.410667 154.410667 0 0 1-194.816-29.482667 155.306667 155.306667 0 0 1-36.693333-132.821333 155.392 155.392 0 0 1 83.157333-109.738667 154.410667 154.410667 0 0 1 68.693334-16.128z m0 77.568c-20.48 0-40.192 8.149333-54.698667 22.698667a77.653333 77.653333 0 0 0 54.698667 132.437333c20.48 0 40.192-8.149333 54.698666-22.698666a77.653333 77.653333 0 0 0-54.698666-132.437334z m-193.365334-174.549333a19.328 19.328 0 0 1 19.328 19.413333v38.784a19.413333 19.413333 0 0 1-19.328 19.370667H302.037333a19.328 19.328 0 0 1-19.328-19.413333v-38.784a19.413333 19.413333 0 0 1 19.328-19.370667h193.408z m154.709334-155.136a19.328 19.328 0 0 1 19.328 19.370667v38.826666a19.413333 19.413333 0 0 1-19.328 19.370667H302.037333a19.328 19.328 0 0 1-19.328-19.413333V337.493333a19.413333 19.413333 0 0 1 19.328-19.370666h348.117334z\" fill=\"#1D2129\">\u003C/path>\u003C/symbol>\u003Csymbol id=\"iconicon_wifi_desktop\" viewBox=\"0 0 1024 1024\">\u003Cpath d=\"M517.973333 915.626667c-7.68 0-22.186667-12.8-48.64-36.693334-26.453333-26.453333-36.693333-41.813333-36.693333-48.64 0-11.946667 11.946667-19.626667 33.28-27.306666 22.186667-7.68 39.253333-11.946667 53.76-11.946667 14.506667 0 33.28 4.266667 53.76 11.946667s33.28 18.773333 33.28 27.306666c0 7.68-12.8 22.186667-36.693333 48.64-27.306667 23.893333-44.373333 36.693333-52.053334 36.693334zM653.653333 759.466667c-1.706667 0-7.68-4.266667-19.626666-12.8-12.8-7.68-31.573333-18.773333-53.76-26.453334S535.893333 708.266667 513.706667 708.266667c-22.186667 0-44.373333 4.266667-66.56 12.8-22.186667 7.68-39.253333 18.773333-53.76 26.453333-12.8 7.68-19.626667 12.8-22.186667 12.8-7.68 0-22.186667-12.8-48.64-39.253333s-39.253333-41.813333-39.253333-48.64c0-4.266667 1.706667-7.68 5.12-12.8 27.306667-27.306667 60.586667-48.64 101.546666-63.146667 40.106667-14.506667 80.213333-22.186667 121.173334-22.186667s80.213333 7.68 122.026666 22.186667c40.96 14.506667 73.386667 36.693333 101.546667 63.146667 4.266667 4.266667 5.12 7.68 5.12 12.8 0 7.68-12.8 22.186667-39.253333 48.64-24.746667 23.893333-41.813333 38.4-46.933334 38.4z\" fill=\"#0567FF\">\u003C/path>\u003Cpath d=\"M800.426667 583.68c-4.266667 0-7.68-1.706667-12.8-4.266667-48.64-36.693333-90.453333-63.146667-131.413334-81.066666-40.96-18.773333-87.04-26.453333-138.24-26.453334-29.013333 0-58.88 4.266667-87.893333 11.946667s-55.466667 17.066667-77.653333 27.306667c-22.186667 11.946667-41.813333 22.186667-58.88 33.28-17.066667 11.946667-29.013333 18.773333-40.96 23.893333-9.386667 7.68-14.506667 11.946667-17.066667 11.946667-5.12 0-22.186667-12.8-48.64-39.253334-26.453333-26.453333-39.253333-41.813333-39.253333-48.64 0-4.266667 1.706667-7.68 5.12-11.946666C199.68 436.053333 256 401.066667 320 374.613333c64.853333-26.453333 131.413333-36.693333 197.12-36.693333s133.12 12.8 197.12 36.693333c64.853333 26.453333 119.466667 60.586667 165.546667 107.52 4.266667 4.266667 5.12 7.68 5.12 11.946667 0 7.68-12.8 22.186667-39.253334 48.64-23.04 25.6-38.4 40.96-45.226666 40.96z\" fill=\"#0567FF\">\u003C/path>\u003Cpath d=\"M936.106667 408.746667c-4.266667 0-7.68-1.706667-11.946667-4.266667-63.146667-53.76-127.146667-95.573333-194.56-123.733333S592.213333 238.933333 512 238.933333s-153.6 12.8-217.6 41.813334c-66.56 27.306667-131.413333 68.266667-194.56 123.733333-4.266667 1.706667-7.68 4.266667-11.946667 4.266667-5.12 0-22.186667-12.8-48.64-39.253334C11.946667 343.04 0 327.68 0 320.853333c0-4.266667 1.706667-7.68 5.12-12.8C70.826667 244.053333 148.48 194.56 238.933333 159.573333s179.2-51.2 273.066667-51.2 185.173333 18.773333 273.066667 53.76 165.546667 85.333333 231.253333 149.333334c4.266667 4.266667 5.12 7.68 5.12 12.8 0 7.68-12.8 22.186667-39.253333 48.64-25.6 22.186667-40.96 35.84-46.08 35.84z\" fill=\"#0567FF\">\u003C/path>\u003C/symbol>\u003Csymbol id=\"icona-iconlan_enabled\" viewBox=\"0 0 1024 1024\">\u003Cpath d=\"M129.706667 318.293333s-0.853333-33.28 32.426666-39.253333h141.653334L332.8 183.466667s10.24-19.626667 33.28-19.626667h290.133333s25.6-2.56 36.693334 23.893333l27.306666 91.306667h138.24s30.72-0.853333 34.986667 37.546667v500.053333s1.706667 40.106667-36.693333 43.52H164.693333s-32.426667 0.853333-34.986666-39.253333V318.293333z m0 0\" fill=\"#0567FF\">\u003C/path>\u003Cpath d=\"M772.266667 422.4c10.24 0 17.92 8.533333 17.92 19.626667v310.613333c-0.853333 8.533333-7.68 15.36-17.92 15.36h-34.986667v-76.8h-69.12v76.8H563.2v-76.8h-69.973333v76.8H388.266667v-76.8h-69.973334v76.8h-72.533333c-7.68-0.853333-13.653333-8.533333-13.653333-19.626667V438.613333c0.853333-8.533333 7.68-15.36 17.92-15.36h522.24z m0 0\" fill=\"#FFFFFF\">\u003C/path>\u003C/symbol>\u003Csymbol id=\"iconicon_right_hover\" viewBox=\"0 0 1024 1024\">\u003Cpath d=\"M60.586667 571.733333h658.773333L470.186667 810.666667h175.786666l311.466667-298.666667-311.466667-298.666667H470.186667l249.173333 238.933334H60.586667v119.466666z\" fill=\"#0892F5\">\u003C/path>\u003C/symbol>\u003Csymbol id=\"iconloyout_fix25\" viewBox=\"0 0 1024 1024\">\u003Cpath d=\"M746.666667 131.413333h-469.333334c-80.213333 0-145.92 64.853333-145.92 145.92v88.746667h58.026667l9.386667-88.746667c0-42.666667 34.986667-77.653333 77.653333-77.653333h469.333333c42.666667 0 77.653333 34.986667 77.653334 77.653333v470.186667c0 42.666667-34.986667 77.653333-77.653334 77.653333h-51.2v68.266667h51.2c80.213333 0 145.92-64.853333 145.92-145.92V277.333333c0.853333-80.213333-63.146667-145.92-145.066666-145.92z\" fill=\"#666666\">\u003C/path>\u003Cpath d=\"M277.333333 892.586667h469.333334c80.213333 0 145.92-64.853333 145.92-145.92V658.773333h-58.026667l-9.386667 88.746667c0 42.666667-34.986667 77.653333-77.653333 77.653333h-469.333333c-42.666667 0-77.653333-34.986667-77.653334-77.653333V277.333333c0-42.666667 34.986667-77.653333 77.653334-77.653333h51.2v-68.266667h-51.2c-80.213333 0-145.92 64.853333-145.92 145.92v470.186667c-0.853333 79.36 63.146667 145.066667 145.066666 145.066667z\" fill=\"#666666\">\u003C/path>\u003Cpath d=\"M243.2 269.653333c0-15.36 11.946667-27.306667 27.306667-27.306666h484.693333c15.36 0 27.306667 11.946667 27.306667 27.306666v484.693334c0 15.36-11.946667 27.306667-27.306667 27.306666H269.653333c-15.36 0-27.306667-11.946667-27.306666-27.306666l0.853333-484.693334z\" fill=\"#666666\">\u003C/path>\u003Cpath d=\"M311.466667 619.52v-45.226667c30.72-11.946667 54.613333-26.453333 70.826666-42.666666 17.066667-16.213333 24.746667-32.426667 24.746667-51.2 0-9.386667-2.56-17.92-6.826667-23.893334-4.266667-5.973333-10.24-8.533333-19.626666-8.533333-8.533333 0-15.36 3.413333-19.626667 8.533333-5.12 5.973333-6.826667 13.653333-6.826667 22.186667 0 5.12 0.853333 9.386667 1.706667 14.506667 1.706667 4.266667 3.413333 8.533333 6.826667 14.506666l-38.4 17.066667c-5.12-5.12-9.386667-11.946667-12.8-20.48-3.413333-8.533333-5.12-17.92-5.12-27.306667 0-16.213333 4.266667-29.866667 11.946666-40.106666 7.68-11.093333 18.773333-19.626667 32.426667-24.746667 13.653333-5.973333 29.013333-8.533333 45.226667-8.533333 17.92 0 32.426667 2.56 45.226666 7.68 12.8 5.973333 23.04 13.653333 30.72 23.893333 6.826667 10.24 11.093333 23.04 11.093334 38.4 0 18.773333-6.826667 35.84-19.626667 51.2-13.653333 16.213333-32.426667 29.013333-59.733333 39.253333h84.48l0.853333 54.613334H311.466667v0.853333zM586.24 624.64c-9.386667 0-18.773333-0.853333-28.16-2.56-9.386667-1.706667-18.773333-3.413333-26.453333-6.826667-7.68-2.56-15.36-5.973333-19.626667-9.386666v-45.226667l4.266667-1.706667c6.826667 4.266667 15.36 7.68 24.746666 11.093334 9.386667 3.413333 21.333333 5.12 34.986667 5.12 10.24 0 19.626667-1.706667 27.306667-5.12 6.826667-3.413333 11.093333-9.386667 11.093333-17.92s-4.266667-14.506667-11.093333-17.92c-6.826667-3.413333-17.066667-5.973333-28.16-5.973334-8.533333 0-18.773333 0.853333-28.16 3.413334-9.386667 2.56-17.92 5.973333-27.306667 8.533333l-4.266667-1.706667 9.386667-131.413333h152.746667v54.613333h-110.933334l-2.56 23.04c9.386667-1.706667 19.626667-2.56 29.866667-2.56 29.866667 0 52.053333 6.826667 69.12 18.773334 17.066667 11.946667 25.6 29.866667 25.6 52.053333s-8.533333 40.106667-26.453333 52.906667c-17.066667 11.946667-42.666667 18.773333-75.946667 18.773333z\" fill=\"#FFFFFF\">\u003C/path>\u003C/symbol>\u003Csymbol id=\"iconloyout_fix36\" viewBox=\"0 0 1024 1024\">\u003Cpath d=\"M746.666667 131.413333h-469.333334c-80.213333 0-145.92 64.853333-145.92 145.92v88.746667h58.026667l9.386667-88.746667c0-42.666667 34.986667-77.653333 77.653333-77.653333h469.333333c42.666667 0 77.653333 34.986667 77.653334 77.653333v470.186667c0 42.666667-34.986667 77.653333-77.653334 77.653333h-51.2v68.266667h51.2c80.213333 0 145.92-64.853333 145.92-145.92V277.333333c0.853333-80.213333-63.146667-145.92-145.066666-145.92z\" fill=\"#666666\">\u003C/path>\u003Cpath d=\"M277.333333 892.586667h469.333334c80.213333 0 145.92-64.853333 145.92-145.92V658.773333h-58.026667l-9.386667 88.746667c0 42.666667-34.986667 77.653333-77.653333 77.653333h-469.333333c-42.666667 0-77.653333-34.986667-77.653334-77.653333V277.333333c0-42.666667 34.986667-77.653333 77.653334-77.653333h51.2v-68.266667h-51.2c-80.213333 0-145.92 64.853333-145.92 145.92v470.186667c-0.853333 79.36 63.146667 145.066667 145.066666 145.066667z\" fill=\"#666666\">\u003C/path>\u003Cpath d=\"M244.906667 271.36c0-14.506667 11.946667-26.453333 26.453333-26.453333h481.28c14.506667 0 26.453333 11.946667 26.453333 26.453333v481.28c0 14.506667-11.946667 26.453333-26.453333 26.453333H271.36c-14.506667 0-26.453333-11.946667-26.453333-26.453333V271.36z\" fill=\"#666666\">\u003C/path>\u003Cpath d=\"M388.266667 623.786667c-9.386667 0-17.92-0.853333-28.16-2.56-9.386667-1.706667-17.92-3.413333-26.453334-5.973334-8.533333-2.56-14.506667-5.973333-19.626666-9.386666v-46.933334l4.266666-1.706666c6.826667 5.12 14.506667 9.386667 24.746667 12.8s21.333333 5.12 34.986667 5.12c11.093333 0 18.773333-1.706667 26.453333-5.12 7.68-3.413333 11.093333-9.386667 11.093333-17.066667 0-8.533333-3.413333-14.506667-11.093333-17.066667-7.68-3.413333-15.36-5.12-25.6-5.12-3.413333 0-7.68 0-12.8 0.853334s-9.386667 0.853333-14.506667 2.56l-4.266666-1.706667v-23.893333l59.733333-44.373334H312.32v-53.76h168.106667V452.266667l-56.32 42.666666c19.626667 2.56 36.693333 9.386667 47.786666 18.773334 11.946667 10.24 17.066667 23.893333 17.066667 41.813333 0 21.333333-8.533333 38.4-25.6 51.2-17.066667 11.093333-41.813333 17.066667-75.093333 17.066667zM614.4 623.786667c-21.333333 0-40.106667-4.266667-55.466667-13.653334-15.36-9.386667-27.306667-21.333333-35.84-37.546666-8.533333-16.213333-12.8-35.84-12.8-58.026667 0-23.893333 5.12-44.373333 14.506667-60.586667 10.24-16.213333 23.04-29.013333 39.253333-37.546666 16.213333-8.533333 34.986667-12.8 54.613334-12.8 15.36 0 29.013333 2.56 41.813333 7.68 12.8 5.12 21.333333 11.946667 28.16 20.48 6.826667 9.386667 10.24 19.626667 10.24 33.28v7.68c0 2.56-0.853333 4.266667-0.853333 6.826666l-47.786667-1.706666v-5.973334c0-8.533333-2.56-14.506667-7.68-17.92-5.12-4.266667-11.946667-5.973333-18.773333-5.973333-11.946667 0-21.333333 4.266667-29.866667 13.653333-7.68 9.386667-11.946667 23.04-11.946667 42.666667v5.973333c5.973333-6.826667 13.653333-12.8 22.186667-15.36 9.386667-3.413333 18.773333-5.12 29.013333-5.12 14.506667 0 25.6 2.56 36.693334 8.533334 10.24 5.973333 17.92 13.653333 23.893333 23.04 5.973333 10.24 8.533333 21.333333 8.533333 35.84 0 14.506667-4.266667 26.453333-11.946666 36.693333-7.68 11.093333-17.92 17.92-31.573334 23.893333-11.946667 3.413333-27.306667 5.973333-44.373333 5.973334z m-1.706667-43.52c7.68 0 13.653333-2.56 17.92-7.68 5.12-5.12 7.68-11.946667 7.68-18.773334 0-8.533333-2.56-14.506667-7.68-18.773333-5.12-5.12-11.093333-7.68-17.92-7.68-7.68 0-13.653333 2.56-17.92 7.68-5.12 5.12-7.68 11.093333-7.68 18.773333 0 8.533333 2.56 14.506667 7.68 18.773334 4.266667 5.12 10.24 7.68 17.92 7.68z\" fill=\"#FFFFFF\">\u003C/path>\u003C/symbol>\u003Csymbol id=\"iconloyout_fix13\" viewBox=\"0 0 1024 1024\">\u003Cpath d=\"M746.666667 131.413333h-469.333334c-80.213333 0-145.92 64.853333-145.92 145.92v88.746667h58.026667l9.386667-88.746667c0-42.666667 34.986667-77.653333 77.653333-77.653333h469.333333c42.666667 0 77.653333 34.986667 77.653334 77.653333v470.186667c0 42.666667-34.986667 77.653333-77.653334 77.653333h-51.2v68.266667h51.2c80.213333 0 145.92-64.853333 145.92-145.92V277.333333c0.853333-80.213333-63.146667-145.92-145.066666-145.92z\" fill=\"#666666\">\u003C/path>\u003Cpath d=\"M277.333333 892.586667h469.333334c80.213333 0 145.92-64.853333 145.92-145.92V658.773333h-58.026667l-9.386667 88.746667c0 42.666667-34.986667 77.653333-77.653333 77.653333h-469.333333c-42.666667 0-77.653333-34.986667-77.653334-77.653333V277.333333c0-42.666667 34.986667-77.653333 77.653334-77.653333h51.2v-68.266667h-51.2c-80.213333 0-145.92 64.853333-145.92 145.92v470.186667c-0.853333 79.36 63.146667 145.066667 145.066666 145.066667z\" fill=\"#666666\">\u003C/path>\u003Cpath d=\"M243.2 269.653333c0-14.506667 11.946667-26.453333 26.453333-26.453333h483.84c14.506667 0 26.453333 11.946667 26.453334 26.453333v483.84c0 14.506667-11.946667 26.453333-26.453334 26.453334H269.653333c-14.506667 0-26.453333-11.946667-26.453333-26.453334V269.653333z\" fill=\"#666666\">\u003C/path>\u003Cpath d=\"M339.626667 619.52v-51.2h29.866666V476.16h-33.28v-46.08l108.373334-26.453333v166.4h23.893333v51.2H339.626667v-1.706667zM566.613333 623.786667c-8.533333 0-18.773333-0.853333-28.16-2.56-9.386667-1.706667-18.773333-3.413333-26.453333-6.826667-7.68-2.56-15.36-5.973333-20.48-9.386667v-47.786666l4.266667-1.706667c6.826667 5.12 15.36 8.533333 24.746666 12.8 9.386667 3.413333 22.186667 5.12 35.84 5.12 10.24 0 19.626667-1.706667 26.453334-5.12 7.68-3.413333 11.093333-9.386667 11.093333-17.92 0-7.68-4.266667-14.506667-11.093333-17.92-7.68-3.413333-16.213333-5.12-25.6-5.12-4.266667 0-7.68 0-12.8 0.853333s-9.386667 0.853333-13.653334 2.56l-4.266666-1.706666v-23.893334l59.733333-45.226666H491.52v-53.76h168.96v43.52l-57.173333 42.666666c20.48 2.56 36.693333 8.533333 48.64 19.626667 11.946667 10.24 17.92 23.893333 17.92 40.96 0 22.186667-8.533333 38.4-25.6 52.053333-18.773333 12.8-44.373333 18.773333-77.653334 18.773334z\" fill=\"#FFFFFF\">\u003C/path>\u003C/symbol>\u003Csymbol id=\"iconloyout_fix9\" viewBox=\"0 0 1024 1024\">\u003Cpath d=\"M746.666667 131.413333h-469.333334c-80.213333 0-145.92 64.853333-145.92 145.92v88.746667h58.026667l9.386667-88.746667c0-42.666667 34.986667-77.653333 77.653333-77.653333h469.333333c42.666667 0 77.653333 34.986667 77.653334 77.653333v470.186667c0 42.666667-34.986667 77.653333-77.653334 77.653333h-51.2v68.266667h51.2c80.213333 0 145.92-64.853333 145.92-145.92V277.333333c0.853333-80.213333-63.146667-145.92-145.066666-145.92z\" fill=\"#666666\">\u003C/path>\u003Cpath d=\"M277.333333 892.586667h469.333334c80.213333 0 145.92-64.853333 145.92-145.92V658.773333h-58.026667l-9.386667 88.746667c0 42.666667-34.986667 77.653333-77.653333 77.653333h-469.333333c-42.666667 0-77.653333-34.986667-77.653334-77.653333V277.333333c0-42.666667 34.986667-77.653333 77.653334-77.653333h51.2v-68.266667h-51.2c-80.213333 0-145.92 64.853333-145.92 145.92v470.186667c-0.853333 79.36 63.146667 145.066667 145.066666 145.066667z\" fill=\"#666666\">\u003C/path>\u003Cpath d=\"M269.653333 243.2h322.56c14.506667 0 26.453333 11.946667 26.453334 26.453333v323.413334c0 14.506667-11.946667 26.453333-26.453334 26.453333H269.653333c-14.506667 0-26.453333-11.946667-26.453333-26.453333V270.506667c-0.853333-15.36 11.093333-27.306667 26.453333-27.306667zM700.586667 243.2h53.76c14.506667 0 26.453333 11.946667 26.453333 26.453333v53.76c0 14.506667-11.946667 26.453333-26.453333 26.453334h-53.76c-14.506667 0-26.453333-11.946667-26.453334-26.453334v-53.76c-0.853333-14.506667 11.946667-26.453333 26.453334-26.453333zM700.586667 378.026667h53.76c14.506667 0 26.453333 11.946667 26.453333 26.453333v53.76c0 14.506667-11.946667 26.453333-26.453333 26.453333h-53.76c-14.506667 0-26.453333-11.946667-26.453334-26.453333v-53.76c-0.853333-14.506667 11.946667-26.453333 26.453334-26.453333zM700.586667 512h53.76c14.506667 0 26.453333 11.946667 26.453333 26.453333v53.76c0 14.506667-11.946667 26.453333-26.453333 26.453334h-53.76c-14.506667 0-26.453333-11.946667-26.453334-26.453334v-53.76c-0.853333-13.653333 11.946667-26.453333 26.453334-26.453333zM700.586667 674.133333h53.76c14.506667 0 26.453333 11.946667 26.453333 26.453334v53.76c0 14.506667-11.946667 26.453333-26.453333 26.453333h-53.76c-14.506667 0-26.453333-11.946667-26.453334-26.453333v-53.76c-0.853333-14.506667 11.946667-26.453333 26.453334-26.453334zM538.453333 674.133333h53.76c14.506667 0 26.453333 11.946667 26.453334 26.453334v53.76c0 14.506667-11.946667 26.453333-26.453334 26.453333h-53.76c-14.506667 0-26.453333-11.946667-26.453333-26.453333v-53.76c0-14.506667 11.946667-26.453333 26.453333-26.453334zM404.48 674.133333h53.76c14.506667 0 26.453333 11.946667 26.453333 26.453334v53.76c0 14.506667-11.946667 26.453333-26.453333 26.453333h-53.76c-14.506667 0-26.453333-11.946667-26.453333-26.453333v-53.76c0-14.506667 11.946667-26.453333 26.453333-26.453334zM269.653333 674.133333h53.76c14.506667 0 26.453333 11.946667 26.453334 26.453334v53.76c0 14.506667-11.946667 26.453333-26.453334 26.453333h-53.76c-14.506667 0-26.453333-11.946667-26.453333-26.453333v-53.76c-0.853333-14.506667 11.093333-26.453333 26.453333-26.453334z\" fill=\"#666666\">\u003C/path>\u003C/symbol>\u003Csymbol id=\"iconloyout_fix16\" viewBox=\"0 0 1024 1024\">\u003Cpath d=\"M746.666667 131.413333h-469.333334c-80.213333 0-145.92 64.853333-145.92 145.92v88.746667h58.026667l9.386667-88.746667c0-42.666667 34.986667-77.653333 77.653333-77.653333h469.333333c42.666667 0 77.653333 34.986667 77.653334 77.653333v470.186667c0 42.666667-34.986667 77.653333-77.653334 77.653333h-51.2v68.266667h51.2c80.213333 0 145.92-64.853333 145.92-145.92V277.333333c0.853333-80.213333-63.146667-145.92-145.066666-145.92z\" fill=\"#666666\">\u003C/path>\u003Cpath d=\"M277.333333 892.586667h469.333334c80.213333 0 145.92-64.853333 145.92-145.92V658.773333h-58.026667l-9.386667 88.746667c0 42.666667-34.986667 77.653333-77.653333 77.653333h-469.333333c-42.666667 0-77.653333-34.986667-77.653334-77.653333V277.333333c0-42.666667 34.986667-77.653333 77.653334-77.653333h51.2v-68.266667h-51.2c-80.213333 0-145.92 64.853333-145.92 145.92v470.186667c-0.853333 79.36 63.146667 145.066667 145.066666 145.066667z\" fill=\"#666666\">\u003C/path>\u003Cpath d=\"M244.906667 271.36c0-14.506667 11.946667-26.453333 26.453333-26.453333h482.133333c14.506667 0 26.453333 11.946667 26.453334 26.453333v482.133333c0 14.506667-11.946667 26.453333-26.453334 26.453334H271.36c-14.506667 0-26.453333-11.946667-26.453333-26.453334V271.36z\" fill=\"#666666\">\u003C/path>\u003Cpath d=\"M340.48 618.666667v-50.346667h29.866667V476.16h-33.28v-45.226667l107.52-26.453333v164.693333H469.333333v50.346667l-128.853333-0.853333zM592.213333 622.933333c-21.333333 0-40.96-4.266667-55.466666-13.653333-15.36-9.386667-27.306667-21.333333-35.84-37.546667-8.533333-16.213333-12.8-35.84-12.8-58.026666 0-23.893333 5.12-44.373333 14.506666-60.586667 10.24-16.213333 23.04-29.013333 40.106667-37.546667 16.213333-8.533333 34.986667-12.8 54.613333-12.8 15.36 0 29.013333 2.56 41.813334 7.68 12.8 5.12 21.333333 11.946667 28.16 20.48 6.826667 9.386667 10.24 19.626667 10.24 33.28v7.68c0 2.56-0.853333 4.266667-0.853334 6.826667l-47.786666-0.853333v-5.973334c0-8.533333-2.56-14.506667-7.68-17.92-5.12-4.266667-11.946667-5.973333-18.773334-5.973333-11.946667 0-21.333333 4.266667-29.866666 13.653333-7.68 9.386667-11.946667 23.04-11.946667 41.813334v5.973333c5.973333-6.826667 13.653333-12.8 22.186667-15.36 9.386667-3.413333 18.773333-5.12 29.013333-5.12 13.653333 0 25.6 2.56 36.693333 8.533333 10.24 5.973333 17.92 13.653333 23.893334 23.04 5.973333 10.24 8.533333 21.333333 8.533333 35.84s-4.266667 26.453333-11.946667 36.693334c-7.68 11.093333-17.92 17.92-31.573333 23.893333-12.8 3.413333-28.16 5.973333-45.226667 5.973333z m-2.56-42.666666c7.68 0 13.653333-2.56 17.92-7.68s7.68-11.946667 7.68-18.773334c0-8.533333-2.56-13.653333-7.68-18.773333s-11.093333-7.68-17.92-7.68c-7.68 0-13.653333 2.56-17.92 7.68-5.12 5.12-7.68 11.946667-7.68 18.773333 0 8.533333 2.56 13.653333 7.68 18.773334s10.24 7.68 17.92 7.68z\" fill=\"#FFFFFF\">\u003C/path>\u003C/symbol>\u003Csymbol id=\"iconloyout_fix_9\" viewBox=\"0 0 1024 1024\">\u003Cpath d=\"M745.813333 133.12H279.04c-79.36 0-145.066667 64.853333-145.066667 145.066667v87.893333h58.026667l9.386667-87.893333c0-42.666667 34.986667-77.653333 77.653333-77.653334h465.92c42.666667 0 77.653333 34.986667 77.653333 77.653334v466.773333c0 42.666667-34.986667 77.653333-77.653333 77.653333h-51.2v67.413334h51.2c79.36 0 145.066667-64.853333 145.066667-145.066667V278.186667c0.853333-79.36-63.146667-145.066667-144.213334-145.066667z\" fill=\"#666666\">\u003C/path>\u003Cpath d=\"M278.186667 890.88h465.92c79.36 0 145.066667-64.853333 145.066666-145.066667V657.92h-58.026666l-9.386667 87.893333c0 42.666667-34.986667 77.653333-77.653333 77.653334H278.186667c-42.666667 0-77.653333-34.986667-77.653334-77.653334V278.186667c0-42.666667 34.986667-77.653333 77.653334-77.653334h51.2v-67.413333h-51.2c-79.36 0-145.066667 64.853333-145.066667 145.066667v466.773333c0 80.213333 64 145.92 145.066667 145.92zM640.853333 244.053333h106.666667c14.506667 0 26.453333 11.946667 26.453333 26.453334v106.666666c0 14.506667-11.946667 26.453333-26.453333 26.453334H640.853333c-14.506667 0-26.453333-11.946667-26.453333-26.453334V270.506667c0.853333-14.506667 12.8-26.453333 26.453333-26.453334z\" fill=\"#666666\">\u003C/path>\u003Cpath d=\"M455.68 244.053333h106.666667c14.506667 0 26.453333 11.946667 26.453333 26.453334v106.666666c0 14.506667-11.946667 26.453333-26.453333 26.453334H455.68c-14.506667 0-26.453333-11.946667-26.453333-26.453334V270.506667c0-14.506667 11.946667-26.453333 26.453333-26.453334zM270.506667 244.053333h106.666666c14.506667 0 26.453333 11.946667 26.453334 26.453334v106.666666c0 14.506667-11.946667 26.453333-26.453334 26.453334H270.506667c-14.506667 0-26.453333-11.946667-26.453334-26.453334V270.506667c-0.853333-14.506667 11.093333-26.453333 26.453334-26.453334zM640.853333 430.08h106.666667c14.506667 0 26.453333 11.946667 26.453333 26.453333V563.2c0 14.506667-11.946667 26.453333-26.453333 26.453333H640.853333c-14.506667 0-26.453333-11.946667-26.453333-26.453333V456.533333c0.853333-14.506667 12.8-26.453333 26.453333-26.453333zM455.68 430.08h106.666667c14.506667 0 26.453333 11.946667 26.453333 26.453333V563.2c0 14.506667-11.946667 26.453333-26.453333 26.453333H455.68c-14.506667 0-26.453333-11.946667-26.453333-26.453333V456.533333c0-14.506667 11.946667-26.453333 26.453333-26.453333zM270.506667 430.08h106.666666c14.506667 0 26.453333 11.946667 26.453334 26.453333V563.2c0 14.506667-11.946667 26.453333-26.453334 26.453333H270.506667c-14.506667 0-26.453333-11.946667-26.453334-26.453333V456.533333c-0.853333-14.506667 11.093333-26.453333 26.453334-26.453333zM640.853333 616.106667h106.666667c14.506667 0 26.453333 11.946667 26.453333 26.453333v106.666667c0 14.506667-11.946667 26.453333-26.453333 26.453333H640.853333c-14.506667 0-26.453333-11.946667-26.453333-26.453333V641.706667c0.853333-13.653333 12.8-25.6 26.453333-25.6zM455.68 616.106667h106.666667c14.506667 0 26.453333 11.946667 26.453333 26.453333v106.666667c0 14.506667-11.946667 26.453333-26.453333 26.453333H455.68c-14.506667 0-26.453333-11.946667-26.453333-26.453333V641.706667c0-13.653333 11.946667-25.6 26.453333-25.6zM270.506667 616.106667h106.666666c14.506667 0 26.453333 11.946667 26.453334 26.453333v106.666667c0 14.506667-11.946667 26.453333-26.453334 26.453333H270.506667c-14.506667 0-26.453333-11.946667-26.453334-26.453333V641.706667c-0.853333-13.653333 11.093333-25.6 26.453334-25.6z\" fill=\"#666666\">\u003C/path>\u003C/symbol>\u003Csymbol id=\"iconloyout_fix6\" viewBox=\"0 0 1024 1024\">\u003Cpath d=\"M746.666667 131.413333h-469.333334c-80.213333 0-145.92 64.853333-145.92 145.92v88.746667h58.026667l9.386667-88.746667c0-42.666667 34.986667-77.653333 77.653333-77.653333h469.333333c42.666667 0 77.653333 34.986667 77.653334 77.653333v470.186667c0 42.666667-34.986667 77.653333-77.653334 77.653333h-51.2v68.266667h51.2c80.213333 0 145.92-64.853333 145.92-145.92V277.333333c0.853333-80.213333-63.146667-145.92-145.066666-145.92z\" fill=\"#666666\">\u003C/path>\u003Cpath d=\"M277.333333 892.586667h469.333334c80.213333 0 145.92-64.853333 145.92-145.92V658.773333h-58.026667l-9.386667 88.746667c0 42.666667-34.986667 77.653333-77.653333 77.653333h-469.333333c-42.666667 0-77.653333-34.986667-77.653334-77.653333V277.333333c0-42.666667 34.986667-77.653333 77.653334-77.653333h51.2v-68.266667h-51.2c-80.213333 0-145.92 64.853333-145.92 145.92v470.186667c-0.853333 79.36 63.146667 145.066667 145.066666 145.066667z\" fill=\"#666666\">\u003C/path>\u003Cpath d=\"M270.506667 243.2h107.52c15.36 0 27.306667 11.946667 27.306666 27.306667v187.733333c0 15.36-11.946667 27.306667-27.306666 27.306667H270.506667c-15.36 0-27.306667-11.946667-27.306667-27.306667V269.653333c0.853333-14.506667 12.8-26.453333 27.306667-26.453333zM458.24 243.2h107.52c15.36 0 27.306667 11.946667 27.306667 27.306667v187.733333c0 15.36-11.946667 27.306667-27.306667 27.306667H458.24c-15.36 0-27.306667-11.946667-27.306667-27.306667V269.653333c0.853333-14.506667 12.8-26.453333 27.306667-26.453333zM646.826667 243.2h107.52c15.36 0 27.306667 11.946667 27.306666 27.306667v187.733333c0 15.36-11.946667 27.306667-27.306666 27.306667H646.826667c-15.36 0-27.306667-11.946667-27.306667-27.306667V269.653333c0-14.506667 12.8-26.453333 27.306667-26.453333zM270.506667 538.453333h107.52c15.36 0 27.306667 11.946667 27.306666 27.306667v187.733333c0 15.36-11.946667 27.306667-27.306666 27.306667H270.506667c-15.36 0-27.306667-11.946667-27.306667-27.306667v-187.733333c0.853333-15.36 12.8-27.306667 27.306667-27.306667zM458.24 538.453333h107.52c15.36 0 27.306667 11.946667 27.306667 27.306667v187.733333c0 15.36-11.946667 27.306667-27.306667 27.306667H458.24c-15.36 0-27.306667-11.946667-27.306667-27.306667v-187.733333c0.853333-15.36 12.8-27.306667 27.306667-27.306667zM646.826667 538.453333h107.52c15.36 0 27.306667 11.946667 27.306666 27.306667v187.733333c0 15.36-11.946667 27.306667-27.306666 27.306667H646.826667c-15.36 0-27.306667-11.946667-27.306667-27.306667v-187.733333c0-15.36 12.8-27.306667 27.306667-27.306667z\" fill=\"#666666\">\u003C/path>\u003C/symbol>\u003Csymbol id=\"iconloyout_fix2\" viewBox=\"0 0 1024 1024\">\u003Cpath d=\"M746.666667 131.413333h-469.333334c-80.213333 0-145.92 64.853333-145.92 145.92v88.746667h58.026667l9.386667-88.746667c0-42.666667 34.986667-77.653333 77.653333-77.653333h469.333333c42.666667 0 77.653333 34.986667 77.653334 77.653333v470.186667c0 42.666667-34.986667 77.653333-77.653334 77.653333h-51.2v68.266667h51.2c80.213333 0 145.92-64.853333 145.92-145.92V277.333333c0.853333-80.213333-63.146667-145.92-145.066666-145.92z\" fill=\"#666666\">\u003C/path>\u003Cpath d=\"M277.333333 892.586667h469.333334c80.213333 0 145.92-64.853333 145.92-145.92V658.773333h-58.026667l-9.386667 88.746667c0 42.666667-34.986667 77.653333-77.653333 77.653333h-469.333333c-42.666667 0-77.653333-34.986667-77.653334-77.653333V277.333333c0-42.666667 34.986667-77.653333 77.653334-77.653333h51.2v-68.266667h-51.2c-80.213333 0-145.92 64.853333-145.92 145.92v470.186667c-0.853333 79.36 63.146667 145.066667 145.066666 145.066667z\" fill=\"#666666\">\u003C/path>\u003Cpath d=\"M269.653333 242.346667h484.693334c15.36 0 27.306667 11.946667 27.306666 27.306666v188.586667c0 15.36-11.946667 27.306667-27.306666 27.306667H269.653333c-15.36 0-27.306667-11.946667-27.306666-27.306667V268.8c0.853333-14.506667 12.8-26.453333 27.306666-26.453333zM269.653333 538.453333h484.693334c15.36 0 27.306667 11.946667 27.306666 27.306667v188.586667c0 15.36-11.946667 27.306667-27.306666 27.306666H269.653333c-15.36 0-27.306667-11.946667-27.306666-27.306666V565.76c0.853333-15.36 12.8-27.306667 27.306666-27.306667z\" fill=\"#666666\">\u003C/path>\u003C/symbol>\u003Csymbol id=\"iconloyout_fix4\" viewBox=\"0 0 1024 1024\">\u003Cpath d=\"M746.666667 131.413333h-469.333334c-80.213333 0-145.92 64.853333-145.92 145.92v88.746667h58.026667l9.386667-88.746667c0-42.666667 34.986667-77.653333 77.653333-77.653333h469.333333c42.666667 0 77.653333 34.986667 77.653334 77.653333v470.186667c0 42.666667-34.986667 77.653333-77.653334 77.653333h-51.2v68.266667h51.2c80.213333 0 145.92-64.853333 145.92-145.92V277.333333c0.853333-80.213333-63.146667-145.92-145.066666-145.92z\" fill=\"#666666\">\u003C/path>\u003Cpath d=\"M277.333333 892.586667h469.333334c80.213333 0 145.92-64.853333 145.92-145.92V658.773333h-58.026667l-9.386667 88.746667c0 42.666667-34.986667 77.653333-77.653333 77.653333h-469.333333c-42.666667 0-77.653333-34.986667-77.653334-77.653333V277.333333c0-42.666667 34.986667-77.653333 77.653334-77.653333h51.2v-68.266667h-51.2c-80.213333 0-145.92 64.853333-145.92 145.92v470.186667c-0.853333 79.36 63.146667 145.066667 145.066666 145.066667z\" fill=\"#666666\">\u003C/path>\u003Cpath d=\"M269.653333 242.346667h188.586667c14.506667 0 26.453333 11.946667 26.453333 26.453333v188.586667c0 14.506667-11.946667 26.453333-26.453333 26.453333H269.653333c-14.506667 0-26.453333-11.946667-26.453333-26.453333v-187.733334c-1.706667-14.506667 11.093333-27.306667 26.453333-27.306666zM565.76 242.346667h188.586667c14.506667 0 26.453333 11.946667 26.453333 26.453333v188.586667c0 14.506667-11.946667 26.453333-26.453333 26.453333H565.76c-14.506667 0-26.453333-11.946667-26.453333-26.453333v-187.733334c-0.853333-14.506667 11.093333-27.306667 26.453333-27.306666zM269.653333 539.306667h188.586667c14.506667 0 26.453333 11.946667 26.453333 26.453333v188.586667c0 14.506667-11.946667 26.453333-26.453333 26.453333H269.653333c-14.506667 0-26.453333-11.946667-26.453333-26.453333v-187.733334c-1.706667-15.36 11.093333-27.306667 26.453333-27.306666zM565.76 539.306667h188.586667c14.506667 0 26.453333 11.946667 26.453333 26.453333v188.586667c0 14.506667-11.946667 26.453333-26.453333 26.453333H565.76c-14.506667 0-26.453333-11.946667-26.453333-26.453333v-187.733334c-0.853333-15.36 11.093333-27.306667 26.453333-27.306666z\" fill=\"#666666\">\u003C/path>\u003C/symbol>\u003Csymbol id=\"iconloyout_fix1\" viewBox=\"0 0 1024 1024\">\u003Cpath d=\"M746.666667 131.413333h-469.333334c-80.213333 0-145.92 64.853333-145.92 145.92v88.746667h58.026667l9.386667-88.746667c0-42.666667 34.986667-77.653333 77.653333-77.653333h469.333333c42.666667 0 77.653333 34.986667 77.653334 77.653333v470.186667c0 42.666667-34.986667 77.653333-77.653334 77.653333h-51.2v68.266667h51.2c80.213333 0 145.92-64.853333 145.92-145.92V277.333333c0.853333-80.213333-63.146667-145.92-145.066666-145.92z\" fill=\"#666666\">\u003C/path>\u003Cpath d=\"M277.333333 892.586667h469.333334c80.213333 0 145.92-64.853333 145.92-145.92V658.773333h-58.026667l-9.386667 88.746667c0 42.666667-34.986667 77.653333-77.653333 77.653333h-469.333333c-42.666667 0-77.653333-34.986667-77.653334-77.653333V277.333333c0-42.666667 34.986667-77.653333 77.653334-77.653333h51.2v-68.266667h-51.2c-80.213333 0-145.92 64.853333-145.92 145.92v470.186667c-0.853333 79.36 63.146667 145.066667 145.066666 145.066667z\" fill=\"#666666\">\u003C/path>\u003Cpath d=\"M713.386667 781.653333H310.613333c-37.546667 0-68.266667-30.72-68.266666-68.266666V310.613333c0-37.546667 30.72-68.266667 68.266666-68.266666h402.773334c37.546667 0 68.266667 30.72 68.266666 68.266666v402.773334c0 37.546667-30.72 68.266667-68.266666 68.266666z\" fill=\"#666666\">\u003C/path>\u003C/symbol>\u003Csymbol id=\"iconloyout_customize\" viewBox=\"0 0 1024 1024\">\u003Cpath d=\"M389.973333 893.44h472.746667c7.68 0 16.213333-3.413333 21.333333-8.533333s8.533333-13.653333 8.533334-21.333334V348.16h-503.466667v545.28z m472.746667-762.88H389.973333v156.16h503.466667V161.28c0-7.68-3.413333-16.213333-8.533333-21.333333-5.973333-5.973333-13.653333-9.386667-22.186667-9.386667z m-732.16 30.72v702.293333c0 17.066667 13.653333 30.72 30.72 30.72h168.106667V130.56H161.28c-7.68 0-16.213333 3.413333-21.333333 8.533333-5.973333 5.973333-9.386667 13.653333-9.386667 22.186667z\" fill=\"#666666\">\u003C/path>\u003C/symbol>\u003Csymbol id=\"iconlog_layout_expansion\" viewBox=\"0 0 1024 1024\">\u003Cpath d=\"M302.08 793.6H384v102.4H128V640h102.4v81.92l153.6-153.6 71.68 71.68-153.6 153.6zM716.8 793.6L563.2 640l71.68-71.68L793.6 727.04V640h102.4v256H640V793.6h76.8zM302.08 230.4l153.6 153.6-71.68 71.68-153.6-153.6V384H128V128h256v102.4h-81.92zM716.8 230.4h-76.8V128h256v256H793.6V296.96L634.88 455.68 563.2 384l153.6-153.6z\" fill=\"#444444\">\u003C/path>\u003C/symbol>\u003Csymbol id=\"iconlog_layout_collapse\" viewBox=\"0 0 1024 1024\">\u003Cpath d=\"M273.92 665.6h-81.92V574.293333h244.906667v230.4H341.333333v-76.8l-144.213333 144.213334-67.413333-62.293334L273.92 665.6z m476.16 0l144.213333 144.213333-67.413333 67.413334L682.666667 733.013333v76.8H586.24v-230.4h244.906667v91.306667h-81.92V665.6zM273.92 338.773333L149.333333 214.186667l62.293334-67.413334L341.333333 276.48v-76.8h96.426667v230.4H192V338.773333h81.92z m485.546667 0h72.533333v91.306667H586.24v-230.4H682.666667V281.6l134.826666-134.826667 67.413334 67.413334L759.466667 338.773333z\" fill=\"#444444\">\u003C/path>\u003C/symbol>\u003Csymbol id=\"iconicon_left_default\" viewBox=\"0 0 1024 1024\">\u003Cpath d=\"M959.146667 571.733333h-657.066667l248.32 238.933334H375.466667L64.853333 512 375.466667 214.186667h175.786666L302.08 452.266667h657.066667v119.466666z\" fill=\"#BABABA\">\u003C/path>\u003C/symbol>\u003Csymbol id=\"iconbrowse2\" viewBox=\"0 0 1024 1024\">\u003Cpath d=\"M785.493333 85.333333a38.613333 38.613333 0 0 1 38.698667 38.826667v349.013333h-77.397333V162.944H205.397333v698.197333h232.064V938.666667H166.656A38.613333 38.613333 0 0 1 128 899.84V124.16A38.826667 38.826667 0 0 1 166.656 85.333333H785.493333z m-96.682666 484.864a154.368 154.368 0 0 1 132.010666 74.154667 155.477333 155.477333 0 0 1 5.76 151.594667l63.744 63.957333a19.413333 19.413333 0 0 1 0 27.392l-32.810666 32.938667a19.328 19.328 0 0 1-27.306667 0l-61.738667-61.866667a154.410667 154.410667 0 0 1-194.816-29.482667 155.306667 155.306667 0 0 1-36.693333-132.821333 155.392 155.392 0 0 1 83.157333-109.738667 154.410667 154.410667 0 0 1 68.693334-16.128z m0 77.568c-20.48 0-40.192 8.149333-54.698667 22.698667a77.653333 77.653333 0 0 0 54.698667 132.437333c20.48 0 40.192-8.149333 54.698666-22.698666a77.653333 77.653333 0 0 0-54.698666-132.437334z m-193.365334-174.549333a19.328 19.328 0 0 1 19.328 19.413333v38.784a19.413333 19.413333 0 0 1-19.328 19.370667H302.037333a19.328 19.328 0 0 1-19.328-19.413333v-38.784a19.413333 19.413333 0 0 1 19.328-19.370667h193.408z m154.709334-155.136a19.328 19.328 0 0 1 19.328 19.370667v38.826666a19.413333 19.413333 0 0 1-19.328 19.370667H302.037333a19.328 19.328 0 0 1-19.328-19.413333V337.493333a19.413333 19.413333 0 0 1 19.328-19.370666h348.117334z\" fill=\"#1D2129\">\u003C/path>\u003C/symbol>\u003Csymbol id=\"iconbrowse1\" viewBox=\"0 0 1024 1024\">\u003Cpath d=\"M785.493333 85.333333a38.613333 38.613333 0 0 1 38.698667 38.826667v349.013333h-77.397333V162.944H205.397333v698.197333h232.064V938.666667H166.656A38.613333 38.613333 0 0 1 128 899.84V124.16A38.826667 38.826667 0 0 1 166.656 85.333333H785.493333z m-96.682666 484.864a154.368 154.368 0 0 1 132.010666 74.154667 155.477333 155.477333 0 0 1 5.76 151.594667l63.744 63.957333a19.413333 19.413333 0 0 1 0 27.392l-32.810666 32.938667a19.328 19.328 0 0 1-27.306667 0l-61.738667-61.866667a154.410667 154.410667 0 0 1-194.816-29.482667 155.306667 155.306667 0 0 1-36.693333-132.821333 155.392 155.392 0 0 1 83.157333-109.738667 154.410667 154.410667 0 0 1 68.693334-16.128z m0 77.568c-20.48 0-40.192 8.149333-54.698667 22.698667a77.653333 77.653333 0 0 0 54.698667 132.437333c20.48 0 40.192-8.149333 54.698666-22.698666a77.653333 77.653333 0 0 0-54.698666-132.437334z m-193.365334-174.549333a19.328 19.328 0 0 1 19.328 19.413333v38.784a19.413333 19.413333 0 0 1-19.328 19.370667H302.037333a19.328 19.328 0 0 1-19.328-19.413333v-38.784a19.413333 19.413333 0 0 1 19.328-19.370667h193.408z m154.709334-155.136a19.328 19.328 0 0 1 19.328 19.370667v38.826666a19.413333 19.413333 0 0 1-19.328 19.370667H302.037333a19.328 19.328 0 0 1-19.328-19.413333V337.493333a19.413333 19.413333 0 0 1 19.328-19.370666h348.117334z\" fill=\"#1D2129\">\u003C/path>\u003C/symbol>\u003Csymbol id=\"iconCluster\" viewBox=\"0 0 1024 1024\">\u003Cpath d=\"M554.666667 85.333333a42.666667 42.666667 0 0 1 42.666666 42.666667v298.666667h298.666667a42.666667 42.666667 0 0 1 42.666667 42.666666v426.666667a42.666667 42.666667 0 0 1-42.666667 42.666667H128a42.666667 42.666667 0 0 1-42.666667-42.666667V128a42.666667 42.666667 0 0 1 42.666667-42.666667h426.666667zM170.666667 853.333333h341.333333V170.666667H170.666667v682.666666z m426.666666-341.333333v341.333333h256v-341.333333h-256z m-256 170.666667a64 64 0 1 1 0 127.957333A64 64 0 0 1 341.333333 682.666667z m375.552-579.968a42.666667 42.666667 0 0 1 16.341334 3.968 437.589333 437.589333 0 0 1 193.493333 182.613333 42.666667 42.666667 0 0 1-37.333333 64v-0.426667a42.666667 42.666667 0 0 1-37.333334-21.333333 356.266667 356.266667 0 0 0-155.733333-146.986667A42.752 42.752 0 0 1 676.266667 128a42.709333 42.709333 0 0 1 40.618666-25.301333z\" fill=\"#1D2129\">\u003C/path>\u003C/symbol>\u003Csymbol id=\"iconDatacenter\" viewBox=\"0 0 1024 1024\">\u003Cpath d=\"M682.666667 85.333333a42.666667 42.666667 0 0 1 42.666666 42.666667v298.666667h128a42.666667 42.666667 0 0 1 42.666667 42.666666v384h21.333333a21.333333 21.333333 0 0 1 21.333334 21.333334v42.666666a21.333333 21.333333 0 0 1-21.333334 21.333334h-810.666666a21.333333 21.333333 0 0 1-21.333334-21.333334v-42.666666a21.333333 21.333333 0 0 1 21.333334-21.333334H128V128a42.666667 42.666667 0 0 1 42.666667-42.666667h512z m-42.666667 85.333334H213.333333v682.666666h426.666667V170.666667z m170.666667 341.333333h-85.333334v341.333333h85.333334v-341.333333zM362.666667 512a21.333333 21.333333 0 0 1 21.333333 21.333333v128a21.333333 21.333333 0 0 1-21.333333 21.333334h-42.666667a21.333333 21.333333 0 0 1-21.333333-21.333334v-128a21.333333 21.333333 0 0 1 21.333333-21.333333h42.666667z m170.666666 0a21.333333 21.333333 0 0 1 21.333334 21.333333v128a21.333333 21.333333 0 0 1-21.333334 21.333334h-42.666666a21.333333 21.333333 0 0 1-21.333334-21.333334v-128a21.333333 21.333333 0 0 1 21.333334-21.333333h42.666666z m-170.666666-256a21.333333 21.333333 0 0 1 21.333333 21.333333v128a21.333333 21.333333 0 0 1-21.333333 21.333334h-42.666667a21.333333 21.333333 0 0 1-21.333333-21.333334v-128a21.333333 21.333333 0 0 1 21.333333-21.333333h42.666667z m170.666666 0a21.333333 21.333333 0 0 1 21.333334 21.333333v128a21.333333 21.333333 0 0 1-21.333334 21.333334h-42.666666a21.333333 21.333333 0 0 1-21.333334-21.333334v-128a21.333333 21.333333 0 0 1 21.333334-21.333333h42.666666z\" fill=\"#1D2129\">\u003C/path>\u003C/symbol>\u003Csymbol id=\"iconPhysicalserver\" viewBox=\"0 0 1024 1024\">\u003Cpath d=\"M898.048 128c10.752 0 21.077333 4.138667 28.714667 11.52a38.784 38.784 0 0 1 11.904 27.861333v689.237334c0 10.453333-4.266667 20.48-11.904 27.861333a41.301333 41.301333 0 0 1-28.714667 11.52H125.952a41.301333 41.301333 0 0 1-28.714667-11.52 38.784 38.784 0 0 1-11.904-27.861333V167.381333c0-10.453333 4.266667-20.48 11.904-27.861333A41.301333 41.301333 0 0 1 125.952 128h772.096z m-40.661333 551.381333H166.613333v137.813334h690.773334v-137.813334z m-91.434667 39.381334c5.418667 0 10.581333 2.090667 14.378667 5.76 3.84 3.712 5.973333 8.704 5.973333 13.952v39.381333c0 5.205333-2.133333 10.24-5.973333 13.909333a20.650667 20.650667 0 0 1-14.378667 5.76H725.333333a20.650667 20.650667 0 0 1-14.378666-5.76 19.370667 19.370667 0 0 1-5.973334-13.909333v-39.381333c0-5.248 2.176-10.24 5.973334-13.952a20.650667 20.650667 0 0 1 14.378666-5.76h40.618667z m91.434667-275.669334H166.613333v157.525334h690.773334v-157.525334zM725.333333 482.474667h40.618667c4.992 0 9.813333 1.749333 13.525333 4.949333a19.498667 19.498667 0 0 1 6.656 12.416l0.170667 2.304v39.381333a19.328 19.328 0 0 1-5.12 13.098667 20.522667 20.522667 0 0 1-12.8 6.485333l-2.432 0.128H725.333333a20.693333 20.693333 0 0 1-13.482666-4.992 19.541333 19.541333 0 0 1-6.698667-12.373333l-0.128-2.346667v-39.381333c0-4.821333 1.834667-9.472 5.12-13.056a20.522667 20.522667 0 0 1 12.8-6.485333l2.389333-0.128z m132.053334-275.712H166.613333v157.525333h690.773334V206.762667z m-91.434667 39.381333c4.992 0 9.813333 1.792 13.525333 4.992a19.498667 19.498667 0 0 1 6.656 12.373333l0.170667 2.346667v39.381333a19.370667 19.370667 0 0 1-5.12 13.056 20.522667 20.522667 0 0 1-12.8 6.485334l-2.432 0.128H725.333333a20.693333 20.693333 0 0 1-13.482666-4.949334 19.541333 19.541333 0 0 1-6.698667-12.416l-0.128-2.304V265.813333c0-4.821333 1.834667-9.472 5.12-13.098666a20.522667 20.522667 0 0 1 12.8-6.485334L725.333333 246.186667h40.618667z\" fill=\"#1D2129\">\u003C/path>\u003C/symbol>\u003Csymbol id=\"iconFileserver\" viewBox=\"0 0 1024 1024\">\u003Cpath d=\"M893.482667 85.333333c11.989333 0 23.466667 4.522667 31.914666 12.501334 8.490667 8.021333 13.269333 18.858667 13.269334 30.165333v377.770667h-90.325334V170.666667H260.992v682.666666h135.552v85.333334H215.850667c-11.989333 0-23.466667-4.522667-31.914667-12.501334A41.514667 41.514667 0 0 1 170.666667 896V128c0-11.306667 4.778667-22.186667 13.226666-30.165333A46.506667 46.506667 0 0 1 215.893333 85.333333H893.44z m17.450666 504.234667a19.114667 19.114667 0 0 1 19.2 19.413333v310.272a19.2 19.2 0 0 1-19.2 19.413334h-422.4a19.157333 19.157333 0 0 1-19.2-19.413334v-310.314666c0-5.12 2.005333-10.069333 5.632-13.653334a19.114667 19.114667 0 0 1 13.568-5.717333h422.4z m-364.8 271.530667H853.333333v-193.92h-307.2v193.92z m134.4-58.197334h-76.8V725.333333h76.8v77.568z m134.4 0h-76.8V725.333333h76.8v77.568zM554.666667 426.666667c5.973333 0 11.733333 2.261333 15.957333 6.229333 4.266667 4.010667 6.613333 9.429333 6.613333 15.104v42.666667c0 5.674667-2.389333 11.093333-6.613333 15.104A23.253333 23.253333 0 0 1 554.666667 512H373.973333a23.253333 23.253333 0 0 1-15.957333-6.229333 20.778667 20.778667 0 0 1-6.656-15.104v-42.666667c0-5.674667 2.389333-11.093333 6.656-15.104A23.253333 23.253333 0 0 1 373.973333 426.666667H554.666667z m180.693333-170.666667c5.973333 0 11.733333 2.261333 15.957333 6.229333 4.266667 4.010667 6.656 9.429333 6.656 15.104v42.666667c0 5.674667-2.389333 11.093333-6.656 15.104a23.253333 23.253333 0 0 1-15.957333 6.229333h-361.386667a23.253333 23.253333 0 0 1-15.957333-6.229333 20.736 20.736 0 0 1-6.656-15.104v-42.666667c0-5.674667 2.389333-11.093333 6.656-15.104A23.253333 23.253333 0 0 1 373.973333 256h361.386667z\" fill=\"#1D2129\">\u003C/path>\u003C/symbol>\u003Csymbol id=\"iconPersonalcomputer\" viewBox=\"0 0 1024 1024\">\u003Cpath d=\"M887.722667 605.184v-357.546667c0-46.848-38.058667-84.906667-84.906667-84.906666H221.184c-46.848 0-84.906667 38.058667-84.906667 84.906666v395.349334c0 46.848 38.058667 84.906667 84.906667 84.906666h252.245333v56.064H328.704c-21.333333 0-38.570667 17.322667-38.570667 38.570667 0 21.333333 17.322667 38.570667 38.570667 38.570667h366.506667c21.333333 0 38.570667-17.322667 38.570666-38.570667 0-21.333333-17.322667-38.570667-38.570666-38.570667H550.570667V727.893333h252.245333c46.848 0 84.906667-38.058667 84.906667-84.906666v-62.037334c0-21.333333-17.322667-38.570667-38.570667-38.570666-21.333333 0-38.570667 17.322667-38.570667 38.570666v62.037334c0 4.181333-3.498667 7.68-7.68 7.68H221.184a7.765333 7.765333 0 0 1-7.68-7.68V247.637333c0-4.181333 3.498667-7.68 7.68-7.68h581.632c4.181333 0 7.68 3.498667 7.68 7.68V577.706667m38.656-69.802667\" fill=\"#333333\">\u003C/path>\u003C/symbol>\u003Csymbol id=\"iconVirtualmachines\" viewBox=\"0 0 1024 1024\">\u003Cpath d=\"M356.864 125.952c0-10.752 4.053333-21.077333 11.349333-28.714667A37.930667 37.930667 0 0 1 395.648 85.333333H899.84c10.282667 0 20.138667 4.266667 27.434667 11.904 7.253333 7.637333 11.349333 17.92 11.349333 28.714667v528.256a41.642667 41.642667 0 0 1-11.349333 28.757333 37.930667 37.930667 0 0 1-27.434667 11.904h-232.746667v203.178667a41.642667 41.642667 0 0 1-11.349333 28.714667 37.930667 37.930667 0 0 1-27.434667 11.904H124.16a37.930667 37.930667 0 0 1-27.434667-11.904 41.642667 41.642667 0 0 1-11.349333-28.714667V369.792c0-10.794667 4.096-21.12 11.349333-28.757333a37.930667 37.930667 0 0 1 27.434667-11.904h232.746667V125.952z m504.234667 40.661333h-426.666667v162.56h193.92c10.282667 0 20.181333 4.266667 27.434667 11.861334 7.253333 7.637333 11.349333 17.962667 11.349333 28.757333v162.56h-77.568V410.368h-426.666667v446.976h426.666667v-162.56H395.648a37.930667 37.930667 0 0 1-27.434667-11.861333 41.642667 41.642667 0 0 1-11.349333-28.757334v-162.56h77.568v121.941334h426.666667V166.613333z\" fill=\"#1D2129\">\u003C/path>\u003C/symbol>\u003Csymbol id=\"iconSysteminformation\" viewBox=\"0 0 1024 1024\">\u003Cpath d=\"M834.688 489.301333l91.349333 90.325334a42.453333 42.453333 0 0 1 9.386667 46.378666 42.496 42.496 0 0 1-9.386667 13.824l-289.664 286.378667A43.093333 43.093333 0 0 1 605.866667 938.666667l-91.093334-0.298667c-11.392 0-22.272-4.522667-30.293333-12.458667a42.325333 42.325333 0 0 1-12.629333-29.952l-0.298667-90.069333a42.197333 42.197333 0 0 1 12.629333-30.250667l289.664-286.336a43.306667 43.306667 0 0 1 60.885334 0zM128.384 85.333333h645.973333c11.434667 0 22.4 4.48 30.464 12.458667 8.106667 7.978667 12.629333 18.816 12.629334 30.122667v276.736H731.306667V170.496H171.52v681.216h215.338667v85.162667H128.384c-11.392 0-22.357333-4.48-30.421333-12.458667A42.325333 42.325333 0 0 1 85.333333 894.293333V127.914667c0-11.306667 4.522667-22.144 12.629334-30.122667 8.064-7.978667 19.029333-12.458667 30.421333-12.458667z m675.84 494.293334l-246.528 243.712 0.128 30.037333 30.336 0.085333 246.528-243.754666-30.464-30.08z m-352.853333-47.232c5.717333 0 11.221333 2.261333 15.232 6.229333 4.053333 4.010667 6.314667 9.386667 6.314666 15.061333v42.581334c0 5.632-2.261333 11.093333-6.314666 15.061333a21.674667 21.674667 0 0 1-15.189334 6.229333H279.125333a21.674667 21.674667 0 0 1-15.232-6.229333 21.162667 21.162667 0 0 1-6.314666-15.061333v-42.581334c0-5.632 2.304-11.093333 6.314666-15.061333a21.674667 21.674667 0 0 1 15.232-6.229333h172.288z m172.288-170.325334c5.717333 0 11.178667 2.261333 15.232 6.272 4.053333 3.968 6.314667 9.386667 6.314666 15.018667v42.581333c0 5.674667-2.261333 11.093333-6.314666 15.061334a21.674667 21.674667 0 0 1-15.232 6.229333H279.125333a21.674667 21.674667 0 0 1-15.232-6.229333 21.162667 21.162667 0 0 1-6.314666-15.061334v-42.581333c0-5.632 2.304-11.050667 6.314666-15.018667a21.674667 21.674667 0 0 1 15.232-6.272h344.533334z\" fill=\"#1D2129\">\u003C/path>\u003C/symbol>\u003Csymbol id=\"iconClear\" viewBox=\"0 0 1024 1024\">\u003Cpath d=\"M568.32 255.146667c19.626667 5.12 40.96 8.533333 59.733333 16.213333 14.506667 5.973333 22.186667 3.413333 32.426667-7.68 41.813333-42.666667 84.48-85.333333 127.146667-127.146667 32.426667-31.573333 74.24-34.986667 105.813333-10.24 38.4 29.866667 40.96 81.92 5.12 118.613334-41.813333 42.666667-84.48 85.333333-127.146667 127.146666-11.946667 11.093333-13.653333 19.626667-7.68 35.84 24.746667 59.733333 15.36 116.053333-24.746666 166.4-17.92 23.04-31.573333 23.893333-52.053334 3.413334-77.653333-76.8-154.453333-154.453333-231.253333-232.106667-18.773333-18.773333-17.92-31.573333 1.706667-48.64 29.866667-25.6 70.826667-40.96 110.933333-41.813333z m145.92 283.306666c25.6-40.96 29.013333-86.186667 3.413333-131.413333-10.24-17.92-8.533333-31.573333 6.826667-46.08 46.933333-45.226667 93.013333-92.16 139.093333-138.24 6.826667-6.826667 13.653333-14.506667 16.213334-23.04 5.12-16.213333 0-30.72-14.506667-40.106667-15.36-9.386667-32.426667-6.826667-47.786667 7.68-46.933333 46.08-93.866667 93.013333-139.946666 139.946667-22.186667 22.186667-26.453333 23.04-53.76 8.533333-43.52-23.04-86.186667-19.626667-126.293334 5.973334l216.746667 216.746666z\" fill=\"#333333\">\u003C/path>\u003Cpath d=\"M713.386667 607.573333c-14.506667 0-27.306667-10.24-35.84-18.773333-83.626667-83.626667-158.72-158.72-231.253334-232.106667-7.68-7.68-18.773333-20.48-17.92-35.84 0.853333-15.36 11.093333-26.453333 20.48-34.133333 31.573333-27.306667 74.24-44.373333 119.466667-46.08h2.56l1.706667 0.853333c5.973333 1.706667 11.946667 2.56 17.92 4.266667 14.506667 3.413333 29.866667 6.826667 44.373333 12.8 7.68 3.413333 9.386667 2.56 17.066667-4.266667 39.253333-40.106667 81.066667-81.92 128-127.146666 37.546667-36.693333 87.04-40.96 124.586666-11.093334 21.333333 17.066667 34.133333 40.106667 35.84 65.706667 1.706667 27.306667-8.533333 53.76-29.013333 74.24-39.253333 40.106667-81.066667 81.92-128 127.146667-7.68 6.826667-8.533333 9.386667-4.266667 19.626666 26.453333 63.146667 17.066667 126.293333-27.306666 180.906667-8.533333 10.24-19.626667 22.186667-35.84 23.04-1.706667 0.853333-1.706667 0.853333-2.56 0.853333zM566.613333 269.653333c-36.693333 1.706667-73.386667 16.213333-98.986666 39.253334-9.386667 7.68-10.24 11.946667-10.24 13.653333 0 1.706667 0.853333 5.973333 9.386666 14.506667 72.533333 72.533333 148.48 148.48 231.253334 232.106666 9.386667 9.386667 14.506667 10.24 15.36 10.24 1.706667 0 5.973333-1.706667 14.506666-12.8 37.546667-46.933333 45.226667-98.986667 23.04-151.893333-8.533333-21.333333-5.973333-35.84 10.24-52.053333 46.933333-45.226667 87.893333-87.04 127.146667-127.146667 14.506667-15.36 22.186667-34.133333 20.48-52.053333-0.853333-17.066667-10.24-33.28-24.746667-45.226667-26.453333-20.48-59.733333-17.066667-87.04 9.386667-46.08 45.226667-87.04 86.186667-126.293333 126.293333-11.093333 11.093333-24.746667 20.48-48.64 10.24-11.946667-5.12-25.6-7.68-39.253333-11.093333-5.12-0.853333-11.093333-2.56-16.213334-3.413334zM716.8 561.493333L473.6 318.293333l15.36-9.386666c44.373333-29.013333 93.013333-30.72 140.8-6.826667 6.826667 3.413333 17.066667 8.533333 20.48 8.533333 3.413333-0.853333 11.946667-9.386667 17.066667-13.653333l39.253333-39.253333 100.693333-100.693334c19.626667-19.626667 44.373333-23.04 65.706667-9.386666 19.626667 12.8 27.306667 34.133333 20.48 57.173333-3.413333 11.093333-11.946667 20.48-19.626667 28.16l-4.266666 4.266667C825.173333 280.746667 779.946667 326.826667 733.866667 371.2c-10.24 10.24-11.093333 16.213333-4.266667 29.013333 26.453333 48.64 25.6 98.986667-4.266667 145.92l-8.533333 15.36zM519.68 324.266667l190.293333 190.293333c15.36-33.28 12.8-66.56-5.973333-99.84-13.653333-24.746667-10.24-44.373333 9.386667-64 45.226667-44.373333 91.306667-89.6 134.826666-133.973333l4.266667-4.266667c5.12-5.12 11.093333-11.093333 12.8-17.066667 3.413333-10.24 0.853333-17.92-8.533333-23.893333-11.946667-7.68-22.186667-0.853333-29.866667 5.973333-33.28 33.28-67.413333 66.56-100.693333 100.693334l-39.253334 39.253333c-26.453333 26.453333-37.546667 28.16-70.826666 11.093333-33.28-17.92-64.853333-18.773333-96.426667-4.266666zM320 259.413333c0-27.306667 20.48-48.64 47.786667-48.64 27.306667 0 48.64 22.186667 48.64 48.64 0 25.6-21.333333 47.786667-47.786667 48.64-25.6 0-47.786667-22.186667-48.64-48.64zM785.066667 700.586667c18.773333 0 33.28 15.36 32.426666 34.133333-0.853333 17.92-14.506667 31.573333-32.426666 31.573333-18.773333 0-33.28-14.506667-33.28-33.28-0.853333-17.92 14.506667-33.28 33.28-32.426666zM705.706667 769.706667c37.546667 0.853333 67.413333 32.426667 65.706666 69.973333-1.706667 35.84-29.866667 64-66.56 64-38.4 0-68.266667-29.866667-68.266666-67.413333 0.853333-36.693333 32.426667-67.413333 69.12-66.56z\" fill=\"#333333\">\u003C/path>\u003Cpath d=\"M657.066667 608.426667L419.84 371.2c-12.8-12.8-25.6-12.8-40.106667-4.266667-14.506667 8.533333-29.013333 18.773333-44.373333 23.893334-71.68 23.893333-143.36 46.08-215.04 68.266666-27.306667 8.533333-32.426667 17.92-19.626667 43.52 11.093333 20.48 21.333333 42.666667 34.133334 62.293334 6.826667 11.093333 18.773333 18.773333 29.866666 28.16-11.093333 11.093333-5.973333 24.746667 5.973334 40.106666 14.506667 17.92 29.013333 37.546667 43.52 55.466667 19.626667 25.6 39.253333 51.2 79.36 22.186667-2.56 10.24-2.56 15.36-5.12 20.48-9.386667 20.48-3.413333 35.84 14.506666 48.64 18.773333 13.653333 36.693333 27.306667 52.906667 44.373333 25.6 27.306667 52.053333 36.693333 83.626667 11.946667 1.706667-0.853333 3.413333-0.853333 5.973333-0.853334 0 5.12 0.853333 10.24 0 14.506667-4.266667 21.333333 4.266667 34.133333 23.04 43.52 20.48 11.093333 40.106667 23.893333 60.586667 35.84 25.6 15.36 37.546667 8.533333 42.666666-20.48 4.266667-23.04 9.386667-45.226667 13.653334-67.413333 0 0 4.266667-32.426667 14.506666-62.293334 0-0.853333 0-0.853333 0.853334-1.706666 4.266667-12.8 9.386667-24.746667 16.213333-33.28 14.506667-30.72 29.866667-61.44 45.226667-92.16 6.826667-16.213333 8.533333-29.013333-5.12-43.52z m-123.733334 273.92c-14.506667-8.533333-28.16-15.36-40.106666-23.893334-3.413333-2.56-5.12-9.386667-4.266667-13.653333 0.853333-12.8 4.266667-25.6 3.413333-38.4 0-9.386667-2.56-23.04-8.533333-26.453333-6.826667-4.266667-19.626667-0.853333-29.013333 0.853333-8.533333 2.56-17.92 6.826667-24.746667 12.8-19.626667 14.506667-35.84 11.093333-52.053333-6.826667-11.093333-11.946667-23.893333-22.186667-36.693334-31.573333-11.093333-7.68-11.946667-15.36-7.68-27.306667 5.12-12.8 10.24-26.453333 12.8-40.106666 1.706667-8.533333 0-19.626667-5.12-25.6-4.266667-4.266667-16.213333-5.12-23.893333-2.56-14.506667 3.413333-29.013333 11.093333-43.52 15.36-5.12 1.706667-13.653333 0-17.066667-3.413334-17.066667-18.773333-32.426667-37.546667-48.64-58.026666 13.653333-16.213333 27.306667-30.72 38.4-47.786667 5.12-7.68 7.68-22.186667 4.266667-28.16-4.266667-5.973333-17.92-5.973333-28.16-8.533333-2.56-0.853333-5.12 1.706667-7.68 2.56-46.08 11.946667-46.08 11.946667-66.56-34.133334 35.84-10.24 72.533333-18.773333 107.52-31.573333 43.52-16.213333 86.186667-34.986667 128-53.76 8.533333-3.413333 14.506667-5.973333 23.04 2.56 70.826667 71.68 141.653333 142.506667 212.48 213.333333 1.706667 1.706667 2.56 3.413333 4.266667 5.973334-45.226667 77.653333-74.24 159.573333-90.453334 248.32z\" fill=\"#333333\">\u003C/path>\u003Cpath d=\"M550.4 951.466667c-11.093333 0-21.333333-5.12-29.013333-10.24-6.826667-4.266667-14.506667-8.533333-21.333334-12.8-12.8-8.533333-25.6-16.213333-38.4-23.04-21.333333-11.093333-32.426667-27.306667-31.573333-47.786667-29.013333 12.8-57.173333 5.12-84.48-24.746667-15.36-16.213333-34.133333-29.866667-50.346667-42.666666-20.48-15.36-28.16-33.28-23.893333-54.613334-32.426667 6.826667-53.76-20.48-68.266667-39.253333l-11.946666-15.36c-10.24-13.653333-20.48-27.306667-31.573334-40.106667-16.213333-20.48-17.066667-35.84-13.653333-46.08 0 0-0.853333 0-0.853333-0.853333-7.68-6.826667-16.213333-13.653333-22.186667-23.04-10.24-15.36-17.92-31.573333-26.453333-46.933333-2.56-5.12-5.12-11.093333-8.533334-16.213334-5.973333-11.093333-11.946667-26.453333-5.973333-40.106666s20.48-19.626667 34.133333-23.893334c74.24-22.186667 145.92-45.226667 215.04-68.266666 10.24-3.413333 20.48-9.386667 31.573334-16.213334 3.413333-1.706667 6.826667-4.266667 10.24-5.973333 26.453333-15.36 46.08-5.12 58.026666 6.826667C510.293333 439.466667 588.8 518.826667 668.16 597.333333c22.186667 22.186667 14.506667 45.226667 5.973333 60.586667-15.36 29.866667-29.866667 60.586667-44.373333 90.453333l-2.56 4.266667c-5.12 5.973333-9.386667 16.213333-13.653333 29.013333l-0.853334 1.706667c-8.533333 26.453333-12.8 56.32-13.653333 58.88v0.853333c-5.12 23.04-9.386667 45.226667-13.653333 67.413334-2.56 12.8-7.68 30.72-23.04 37.546666-3.413333 2.56-7.68 3.413333-11.946667 3.413334zM459.093333 818.346667v20.48c0 4.266667 0.853333 8.533333-0.853333 13.653333-2.56 11.946667-0.853333 19.626667 15.36 28.16 13.653333 7.68 27.306667 15.36 40.106667 23.893333 6.826667 4.266667 13.653333 8.533333 21.333333 12.8 11.946667 6.826667 15.36 5.973333 15.36 5.973334s3.413333-2.56 5.973333-17.066667c4.266667-23.04 9.386667-45.226667 13.653334-67.413333 0.853333-5.973333 4.266667-29.013333 11.093333-53.76l-0.853333-1.706667 5.12-11.093333c5.12-14.506667 11.093333-26.453333 17.066666-34.986667 14.506667-29.866667 29.013333-60.586667 44.373334-90.453333 7.68-14.506667 5.973333-20.48-0.853334-27.306667C567.466667 540.16 488.106667 460.8 409.6 381.44c-5.973333-5.973333-11.946667-8.533333-23.04-1.706667-3.413333 1.706667-6.826667 4.266667-9.386667 5.973334-11.946667 6.826667-23.893333 14.506667-37.546666 18.773333-68.266667 23.04-140.8 45.226667-215.04 68.266667-14.506667 4.266667-16.213333 7.68-16.213334 7.68s-0.853333 3.413333 5.12 15.36c2.56 5.12 5.973333 11.093333 8.533334 16.213333 7.68 15.36 15.36 30.72 24.746666 44.373333 3.413333 5.973333 10.24 11.093333 16.213334 16.213334 3.413333 3.413333 7.68 5.973333 11.093333 9.386666l11.093333 10.24-11.093333 10.24c-3.413333 3.413333-0.853333 10.24 6.826667 20.48 11.093333 13.653333 21.333333 27.306667 31.573333 40.96l11.946667 15.36c21.333333 27.306667 31.573333 39.253333 58.88 19.626667l30.72-22.186667-8.533334 37.546667c-0.853333 3.413333-1.706667 6.826667-1.706666 8.533333-0.853333 5.12-1.706667 9.386667-3.413334 13.653334-5.12 11.946667-5.12 20.48 10.24 30.72 17.92 12.8 37.546667 28.16 54.613334 46.08 23.893333 25.6 41.813333 28.16 64.853333 10.24 4.266667-3.413333 9.386667-3.413333 12.8-3.413334h0.853333l15.36-1.706666z m84.48 87.04l-17.92-10.24c-4.266667-2.56-7.68-4.266667-11.946666-6.826667-10.24-5.973333-19.626667-11.093333-29.013334-17.92-9.386667-5.973333-11.093333-19.626667-11.093333-26.453333 0-5.973333 0.853333-11.946667 1.706667-17.066667 0.853333-6.826667 1.706667-13.653333 1.706666-19.626667 0-7.68-1.706667-11.946667-2.56-14.506666-2.56 0-6.826667 0-17.066666 2.56-6.826667 1.706667-13.653333 5.12-20.48 10.24-24.746667 18.773333-48.64 16.213333-70.826667-8.533334-9.386667-11.946667-23.04-21.333333-33.28-29.013333-16.213333-11.093333-20.48-25.6-12.8-44.373333 5.12-11.946667 9.386667-24.746667 11.946667-37.546667 0.853333-5.12 0-10.24-0.853334-11.946667-2.56-0.853333-6.826667-0.853333-10.24 0-6.826667 1.706667-13.653333 4.266667-21.333333 7.68-6.826667 2.56-14.506667 5.973333-22.186667 7.68-9.386667 2.56-23.893333 0-31.573333-7.68-12.8-13.653333-23.893333-28.16-36.693333-42.666666L196.266667 623.786667l-7.68-9.386667 7.68-9.386667c4.266667-5.12 8.533333-9.386667 11.946666-14.506666 9.386667-11.093333 17.92-21.333333 25.6-32.426667 1.706667-3.413333 3.413333-8.533333 3.413334-11.093333-2.56-0.853333-6.826667-0.853333-9.386667-1.706667-1.706667 0-4.266667-0.853333-5.973333-0.853333-1.706667 0.853333-2.56 0.853333-4.266667 1.706666-52.906667 13.653333-59.733333 10.24-83.626667-41.813333l-6.826666-15.36 16.213333-4.266667c11.093333-3.413333 22.186667-5.973333 33.28-9.386666 24.746667-6.826667 49.493333-12.8 73.386667-22.186667 34.986667-12.8 69.12-28.16 102.4-42.666667 8.533333-3.413333 16.213333-6.826667 24.746666-11.093333 7.68-3.413333 23.04-10.24 38.4 5.973333 51.2 52.053333 104.106667 104.106667 154.453334 155.306667l58.026666 58.026667c1.706667 1.706667 3.413333 4.266667 4.266667 5.973333 0.853333 0.853333 0.853333 1.706667 1.706667 2.56l5.12 7.68-4.266667 7.68c-42.666667 75.093333-71.68 154.453333-87.893333 243.2l-3.413334 19.626667zM503.466667 848.213333c5.973333 4.266667 12.8 7.68 19.626666 11.946667 17.066667-81.066667 43.52-154.453333 81.92-223.573333L550.4 580.266667c-50.346667-51.2-103.253333-103.253333-154.453333-155.306667l-1.706667-1.706667c-0.853333 0-2.56 0.853333-5.12 1.706667-8.533333 3.413333-16.213333 6.826667-24.746667 11.093333-34.133333 14.506667-69.12 29.866667-104.96 43.52-24.746667 9.386667-50.346667 16.213333-75.946666 22.186667-5.973333 1.706667-11.093333 3.413333-17.066667 4.266667 4.266667 8.533333 7.68 15.36 10.24 16.213333 3.413333 1.706667 17.066667-1.706667 32.426667-5.973333h0.853333c2.56-0.853333 7.68-3.413333 13.653333-1.706667 2.56 0.853333 5.12 0.853333 7.68 0.853333 10.24 1.706667 23.04 3.413333 29.013334 12.8 8.533333 12.8 2.56 34.133333-4.266667 44.373334-8.533333 12.8-17.92 23.893333-27.306667 34.986666-1.706667 1.706667-2.56 3.413333-4.266666 5.12 1.706667 2.56 3.413333 4.266667 5.12 6.826667 11.946667 14.506667 23.04 28.16 34.986666 40.96 0.853333 0 2.56 0.853333 3.413334 0.853333 5.973333-1.706667 11.946667-4.266667 18.773333-6.826666 7.68-3.413333 16.213333-6.826667 24.746667-8.533334 8.533333-2.56 28.16-3.413333 37.546666 6.826667 8.533333 9.386667 11.093333 25.6 8.533334 37.546667-2.56 15.36-7.68 29.866667-13.653334 43.52-2.56 6.826667-1.706667 6.826667 2.56 10.24 11.946667 8.533333 26.453333 19.626667 39.253334 33.28 13.653333 14.506667 21.333333 12.8 32.426666 4.266666 6.826667-5.12 17.066667-11.946667 29.866667-15.36 13.653333-3.413333 29.013333-6.826667 40.106667 0 9.386667 5.973333 14.506667 18.773333 15.36 38.4 0 8.533333-0.853333 17.066667-1.706667 24.746667-0.853333 5.12-1.706667 10.24-1.706667 14.506667 2.56 1.706667 3.413333 3.413333 3.413334 4.266666z m-28.16-57.173333zM265.386667 661.333333z\" fill=\"#333333\">\u003C/path>\u003C/symbol>\u003Csymbol id=\"iconClear-01\" viewBox=\"0 0 1024 1024\">\u003Cpath d=\"M653.653333 843.093333c-15.36 0-32.426667-3.413333-53.76-11.093333l-2.56-0.853333-474.453333-221.013334c-11.093333-3.413333-38.4-15.36-50.346667-43.52-5.973333-13.653333-10.24-35.84 4.266667-62.293333l1.706667-2.56 1.706666-2.56c2.56-3.413333 17.92-23.04 44.373334-30.72h0.853333c3.413333-0.853333 218.453333-60.586667 314.026667-189.44 17.066667-33.28 61.44-71.68 121.173333-48.64l97.28 36.693333L716.8 176.64c15.36-23.04 64-55.466667 134.826667-11.946667 4.266667 2.56 24.746667 16.213333 30.72 42.666667 2.56 11.946667 3.413333 30.72-10.24 50.346667l-46.933334 71.68 48.64 18.773333c40.96 10.24 76.8 43.52 69.973334 88.746667-0.853333 29.866667-13.653333 221.866667-230.4 383.146666-9.386667 9.386667-28.16 23.04-59.733334 23.04z m-24.746666-81.92c17.066667 5.973333 26.453333 5.973333 29.866666 5.12l0.853334-1.706666 5.12-3.413334c202.24-148.48 201.386667-324.266667 201.386666-325.973333v-5.973333c-2.56-2.56-9.386667-5.12-13.653333-5.973334l-5.12-1.706666L708.266667 367.786667l93.866666-142.506667c-11.946667-5.973333-19.626667-5.973333-23.04-4.266667L687.786667 360.106667l-154.453334-58.88c-4.266667-1.706667-16.213333-5.973333-26.453333 13.653333l-1.706667 3.413333-1.706666 2.56C401.92 460.8 194.56 527.36 152.746667 539.306667l476.16 221.866666zM779.093333 221.866667z\" fill=\"#333333\">\u003C/path>\u003Cpath d=\"M406.766933 396.834133l30.378667-70.545066 442.052267 190.344533-30.378667 70.545067zM307.2 666.453333c-13.653333 0-27.306667-7.68-34.133333-21.333333-9.386667-18.773333-1.706667-41.813333 17.066666-51.2l138.24-69.973333c18.773333-9.386667 41.813333-1.706667 51.2 17.066666 9.386667 18.773333 1.706667 41.813333-17.066666 51.2L324.266667 662.186667c-5.973333 2.56-11.093333 4.266667-17.066667 4.266666zM459.946667 749.226667c-13.653333 0-27.306667-7.68-34.133334-21.333334-9.386667-18.773333-1.706667-41.813333 17.066667-51.2l138.24-69.973333c18.773333-9.386667 41.813333-1.706667 51.2 17.066667 9.386667 18.773333 1.706667 41.813333-17.066667 51.2l-138.24 69.973333c-5.973333 3.413333-11.093333 4.266667-17.066666 4.266667zM776.533333 196.266667l-26.453333 22.186666s-39.253333 53.76-41.813333 57.173334c-2.56 3.413333-22.186667 47.786667-22.186667 47.786666v37.546667l47.786667 18.773333L837.12 221.866667 776.533333 196.266667z\" fill=\"#333333\">\u003C/path>\u003C/symbol>\u003Csymbol id=\"iconfail-02\" viewBox=\"0 0 1024 1024\">\u003Cpath d=\"M516.266667 58.026667C268.8 58.026667 68.266667 258.56 68.266667 506.026667s200.533333 448 448 448S964.266667 753.493333 964.266667 506.026667 763.733333 58.026667 516.266667 58.026667z m138.24 541.013333l43.52 44.373333c-14.506667 15.36-29.013333 30.72-44.373334 46.08-46.08-46.08-91.306667-92.16-137.386666-137.386666-45.226667 46.08-90.453333 92.16-136.533334 138.24-15.36-15.36-29.866667-29.866667-44.373333-45.226667l43.52-45.226667c30.72-31.573333 61.44-62.293333 92.16-93.866666-46.08-46.08-91.306667-92.16-136.533333-139.093334 14.506667-14.506667 29.013333-28.16 43.52-44.373333L516.266667 460.8c46.08-46.08 91.306667-92.16 137.386666-139.093333 14.506667 15.36 29.013333 29.866667 44.373334 43.52-45.226667 47.786667-91.306667 93.866667-136.533334 140.8 30.72 30.72 62.293333 61.44 93.013334 93.013333z\" fill=\"#C53709\">\u003C/path>\u003C/symbol>\u003Csymbol id=\"iconfan_green\" viewBox=\"0 0 1024 1024\">\u003Cpath d=\"M511.146667 956.586667c-244.906667 0-443.733333-198.826667-443.733334-445.44 0-246.613333 198.826667-445.44 443.733334-445.44s443.733333 198.826667 443.733333 445.44c0 246.613333-197.973333 445.44-443.733333 445.44z m0-855.04C345.6 101.546667 197.12 201.386667 133.12 354.133333c-62.293333 151.893333-28.16 328.533333 89.6 446.293334 116.053333 116.053333 292.693333 151.893333 446.293333 88.746666 153.6-64 252.586667-212.48 252.586667-378.026666-1.706667-226.133333-183.466667-409.6-410.453333-409.6z\" fill=\"#23C343\">\u003C/path>\u003Cpath d=\"M585.386667 515.413333c0 38.4-31.573333 68.266667-68.266667 68.266667-36.693333 0-68.266667-31.573333-68.266667-68.266667 0-36.693333 31.573333-68.266667 68.266667-68.266666 38.4-0.853333 69.973333 30.72 68.266667 68.266666z m-67.413334-44.373333c-17.92 0-33.28 11.093333-40.96 26.453333-6.826667 17.066667-3.413333 35.84 8.533334 49.493334 11.946667 11.946667 31.573333 17.066667 49.493333 10.24 17.066667-6.826667 28.16-23.893333 28.16-40.96 0-11.093333-4.266667-23.893333-13.653333-31.573334-8.533333-9.386667-19.626667-13.653333-31.573334-13.653333z\" fill=\"#23C343\">\u003C/path>\u003Cpath d=\"M810.666667 385.706667c-25.6-23.893333-40.96-31.573333-86.186667-46.08-35.84-11.946667-118.613333-13.653333-148.48 39.253333l-31.573333 54.613333c-4.266667 7.68-7.68 17.066667-8.533334 24.746667l50.346667 65.706667c25.6 3.413333 62.293333 4.266667 86.186667 18.773333 29.013333 18.773333 75.946667 68.266667 98.133333 81.92 36.693333 21.333333 73.386667-17.066667 86.186667-40.96 14.506667-27.306667 47.786667-122.026667-46.08-197.973333z\" fill=\"#23C343\">\u003C/path>\u003Cpath d=\"M576 576.853333c-3.413333-7.68-10.24-13.653333-17.066667-18.773333l-7.68 0.853333c8.533333-10.24 14.506667-23.893333 14.506667-39.253333 0-29.866667-21.333333-53.76-47.786667-53.76-17.066667 0-29.866667 8.533333-39.253333 22.186667l7.68-22.186667c-8.533333-23.893333-26.453333-56.32-25.6-83.626667 0.853333-33.28 21.333333-99.84 21.333333-126.293333 0-43.52-51.2-56.32-78.506666-53.76-31.573333 0.853333-128.853333 20.48-146.773334 139.093333-6.826667 33.28-6.826667 51.2 3.413334 97.28 6.826667 36.693333 51.2 111.786667 111.786666 111.786667l56.32-3.413333c8.533333 0 26.453333 0 34.986667-3.413334l10.24-29.866666c0 2.56-0.853333 4.266667-0.853333 6.826666 0 18.773333 8.533333 34.986667 21.333333 44.373334h-13.653333c-17.066667 20.48-39.253333 54.613333-61.44 65.706666-31.573333 17.066667-96.426667 32.426667-119.466667 46.08-36.693333 21.333333-21.333333 71.68-6.826667 94.72 17.066667 25.6 81.92 101.546667 193.706667 58.026667 33.28-11.093333 47.786667-21.333333 82.773333-51.2 28.16-23.893333 64-96.426667 40.106667-147.626667L576 576.853333z m-121.173333-66.56l2.56-7.68 3.413333-23.893333c3.413333 6.826667 5.973333 10.24 5.973333 10.24-1.706667 8.533333-5.12 15.36-11.946666 21.333333z m61.44 62.293334l-10.24 0.853333c0.853333-0.853333 3.413333-0.853333 4.266666-2.56 1.706667 1.706667 4.266667 1.706667 5.973334 1.706667z\" fill=\"#23C343\">\u003C/path>\u003C/symbol>\u003Csymbol id=\"icontemperature_green\" viewBox=\"0 0 1024 1024\">\u003Cpath d=\"M518.506667 64C561.813333 64 597.333333 100.309333 597.333333 144.576v475.648a170.666667 170.666667 0 1 1-170.666666 0V144.576C426.666667 100.309333 462.186667 64 505.493333 64h13.013334z\" fill=\"#C9CDD4\">\u003C/path>\u003Cpath d=\"M512 362.666667a42.666667 42.666667 0 0 1 42.666667 42.666666v288.789334a85.269333 85.269333 0 0 1 17.664 134.208A85.333333 85.333333 0 1 1 469.333333 694.144V405.333333a42.666667 42.666667 0 0 1 42.666667-42.666666z\" fill=\"#23C343\">\u003C/path>\u003C/symbol>\u003Csymbol id=\"iconfan_red\" viewBox=\"0 0 1024 1024\">\u003Cpath d=\"M506.88 965.973333c-249.173333 0-451.413333-202.24-451.413333-452.266666s202.24-452.266667 451.413333-452.266667 451.413333 202.24 451.413333 452.266667-201.386667 452.266667-451.413333 452.266666z m0-868.693333c-168.106667 0-319.146667 101.546667-384 256.853333C58.88 509.44 93.866667 688.64 213.333333 808.106667c118.613333 118.613333 297.813333 154.453333 453.973334 89.6s256.853333-215.893333 256.853333-384c-1.706667-229.546667-186.88-416.426667-417.28-416.426667z\" fill=\"#C53709\">\u003C/path>\u003Cpath d=\"M582.826667 517.973333c0 38.4-31.573333 69.12-69.12 69.12S443.733333 555.52 443.733333 517.973333s31.573333-69.12 69.12-69.12c39.253333-0.853333 70.826667 30.72 69.973334 69.12z m-69.12-45.226666c-17.92 0-34.133333 11.093333-41.813334 27.306666-6.826667 17.066667-3.413333 36.693333 9.386667 50.346667 12.8 12.8 31.573333 17.066667 50.346667 10.24 17.066667-6.826667 28.16-23.893333 28.16-41.813333 0-11.093333-4.266667-23.893333-13.653334-31.573334-8.533333-10.24-20.48-14.506667-32.426666-14.506666z\" fill=\"#C53709\">\u003C/path>\u003Cpath d=\"M811.52 386.56c-26.453333-23.893333-41.813333-31.573333-87.893333-46.933333-36.693333-12.8-120.32-13.653333-151.04 40.106666L541.013333 435.2c-4.266667 7.68-7.68 17.066667-9.386666 24.746667l51.2 67.413333c26.453333 3.413333 64 4.266667 87.893333 19.626667 29.866667 19.626667 77.653333 69.12 99.84 82.773333 37.546667 21.333333 75.093333-17.066667 87.893333-41.813333 14.506667-29.013333 48.64-124.586667-46.933333-201.386667z\" fill=\"#C53709\">\u003C/path>\u003Cpath d=\"M572.586667 580.266667c-3.413333-7.68-10.24-13.653333-17.066667-19.626667l-7.68 0.853333c9.386667-10.24 14.506667-23.893333 14.506667-40.106666 0-30.72-21.333333-54.613333-48.64-54.613334-17.066667 0-30.72 9.386667-40.106667 23.04l7.68-23.04c-9.386667-23.893333-27.306667-57.173333-26.453333-85.333333 0.853333-34.133333 21.333333-101.546667 21.333333-128.853333 0-44.373333-52.053333-57.173333-79.36-54.613334-31.573333 0.853333-130.56 20.48-149.333333 140.8-6.826667 34.133333-6.826667 52.053333 3.413333 98.986667 6.826667 37.546667 52.053333 113.493333 113.493333 113.493333l57.173334-3.413333c9.386667 0 27.306667 0 34.986666-3.413333l10.24-30.72c0 2.56-0.853333 4.266667-0.853333 6.826666 0 19.626667 9.386667 34.986667 21.333333 45.226667h-13.653333c-17.066667 20.48-40.106667 55.466667-62.293333 67.413333-31.573333 17.066667-98.133333 33.28-122.026667 46.933334-37.546667 21.333333-21.333333 72.533333-6.826667 96.426666 17.066667 26.453333 82.773333 103.253333 196.266667 58.88 34.133333-11.093333 48.64-21.333333 84.48-52.053333 28.16-23.893333 64.853333-98.133333 40.96-150.186667L572.586667 580.266667z m-122.88-67.413334l2.56-7.68 3.413333-23.893333c3.413333 6.826667 5.973333 10.24 5.973333 10.24-1.706667 8.533333-5.12 15.36-11.946666 21.333333z m62.293333 63.146667l-10.24 0.853333c0.853333-0.853333 3.413333-0.853333 4.266667-2.56 1.706667 1.706667 4.266667 1.706667 5.973333 1.706667z\" fill=\"#C53709\">\u003C/path>\u003C/symbol>\u003Csymbol id=\"iconpause-01\" viewBox=\"0 0 1024 1024\">\u003Cpath d=\"M513.706667 60.586667C267.093333 60.586667 65.706667 260.266667 65.706667 507.733333S267.093333 955.733333 512.853333 955.733333c246.613333 0 447.146667-200.533333 447.146667-447.146666S759.466667 60.586667 513.706667 60.586667zM480.426667 725.333333h-71.68V290.986667h71.68V725.333333z m137.386666 0H546.133333V290.986667h71.68V725.333333z\" fill=\"#C2C2C2\">\u003C/path>\u003C/symbol>\u003Csymbol id=\"iconPhotos-Expandl\" viewBox=\"0 0 1024 1024\">\u003Cpath d=\"M917.333333 768a21.333333 21.333333 0 0 1 21.333334 21.333333v42.666667a21.333333 21.333333 0 0 1-21.333334 21.333333h-810.666666a21.333333 21.333333 0 0 1-21.333334-21.333333v-42.666667a21.333333 21.333333 0 0 1 21.333334-21.333333h810.666666zM132.053333 377.6c4.608 0 9.130667 1.28 13.098667 3.669333l181.077333 109.184a25.386667 25.386667 0 0 1 0 43.434667l-181.077333 109.184a25.386667 25.386667 0 0 1-38.485333-21.76V402.986667c0-14.037333 11.349333-25.386667 25.386666-25.386667zM917.333333 469.333333a21.333333 21.333333 0 0 1 21.333334 21.333334v42.666666a21.333333 21.333333 0 0 1-21.333334 21.333334h-426.666666a21.333333 21.333333 0 0 1-21.333334-21.333334v-42.666666a21.333333 21.333333 0 0 1 21.333334-21.333334h426.666666z m0-298.666666a21.333333 21.333333 0 0 1 21.333334 21.333333v42.666667a21.333333 21.333333 0 0 1-21.333334 21.333333h-810.666666a21.333333 21.333333 0 0 1-21.333334-21.333333v-42.666667a21.333333 21.333333 0 0 1 21.333334-21.333333h810.666666z\" fill=\"#1D2129\">\u003C/path>\u003C/symbol>\u003Csymbol id=\"iconPhotos-Close\" viewBox=\"0 0 1024 1024\">\u003Cpath d=\"M917.333333 768a21.333333 21.333333 0 0 1 21.333334 21.333333v42.666667a21.333333 21.333333 0 0 1-21.333334 21.333333h-810.666666a21.333333 21.333333 0 0 1-21.333334-21.333333v-42.666667a21.333333 21.333333 0 0 1 21.333334-21.333333h810.666666zM294.613333 374.912a25.386667 25.386667 0 0 1 25.258667 22.784l0.128 2.602667v218.325333a25.386667 25.386667 0 0 1-36.053333 23.04l-2.432-1.28-181.077334-109.184a25.344 25.344 0 0 1-2.304-41.898667l2.304-1.578666 181.077334-109.141334a25.301333 25.301333 0 0 1 13.098666-3.626666zM917.333333 469.333333a21.333333 21.333333 0 0 1 21.333334 21.333334v42.666666a21.333333 21.333333 0 0 1-21.333334 21.333334h-426.666666a21.333333 21.333333 0 0 1-21.333334-21.333334v-42.666666a21.333333 21.333333 0 0 1 21.333334-21.333334h426.666666z m0-298.666666a21.333333 21.333333 0 0 1 21.333334 21.333333v42.666667a21.333333 21.333333 0 0 1-21.333334 21.333333h-810.666666a21.333333 21.333333 0 0 1-21.333334-21.333333v-42.666667a21.333333 21.333333 0 0 1 21.333334-21.333333h810.666666z\" fill=\"#1D2129\">\u003C/path>\u003C/symbol>\u003Csymbol id=\"iconactivated-01\" viewBox=\"0 0 1024 1024\">\u003Cpath d=\"M516.266667 60.586667C268.8 60.586667 68.266667 261.12 68.266667 508.586667s200.533333 448 448 448S964.266667 756.053333 964.266667 508.586667 763.733333 60.586667 516.266667 60.586667z m-33.28 653.653333c-63.146667-44.373333-123.733333-88.746667-187.733334-133.973333 12.8-17.066667 23.893333-34.133333 35.84-51.2 44.373333 32.426667 90.453333 64 134.826667 96.426666C539.306667 517.12 612.693333 409.6 686.08 302.08c17.066667 12.8 34.133333 23.893333 51.2 34.986667-83.626667 127.146667-168.106667 250.88-254.293333 377.173333z\" fill=\"#1EB300\">\u003C/path>\u003C/symbol>\u003Csymbol id=\"iconongoing-01\" viewBox=\"0 0 1024 1024\">\u003Cpath d=\"M517.12 59.733333C269.653333 59.733333 69.12 260.266667 69.12 507.733333S269.653333 955.733333 517.12 955.733333s448-200.533333 448-448S764.586667 59.733333 517.12 59.733333zM318.293333 557.226667c-27.306667 0-49.493333-22.186667-49.493333-49.493334s22.186667-49.493333 49.493333-49.493333 49.493333 22.186667 49.493334 49.493333-22.186667 49.493333-49.493334 49.493334z m198.826667 0c-27.306667 0-49.493333-22.186667-49.493333-49.493334s22.186667-49.493333 49.493333-49.493333 49.493333 22.186667 49.493333 49.493333-22.186667 49.493333-49.493333 49.493334z m198.826667 0c-27.306667 0-49.493333-22.186667-49.493334-49.493334s22.186667-49.493333 49.493334-49.493333 49.493333 22.186667 49.493333 49.493333-22.186667 49.493333-49.493333 49.493334z\" fill=\"#0086E6\">\u003C/path>\u003C/symbol>\u003Csymbol id=\"iconfail-01\" viewBox=\"0 0 1024 1024\">\u003Cpath d=\"M510.293333 61.44c-247.466667 0-448 200.533333-448 448s200.533333 448 448 448 448-200.533333 448-448S757.76 61.44 510.293333 61.44z m14.506667 208.213333c19.626667 6.826667 33.28 27.306667 33.28 45.226667-5.12 77.653333-10.24 148.48-15.36 220.16l-3.413333 49.493333c-0.853333 17.92-13.653333 29.866667-29.866667 29.013334-15.36 0-27.306667-12.8-29.013333-29.013334-5.973333-85.333333-12.8-169.813333-18.773334-256.853333-2.56-40.106667 27.306667-68.266667 63.146667-58.026667z m-14.506667 482.133334c-27.306667 0-49.493333-22.186667-49.493333-49.493334s22.186667-49.493333 49.493333-49.493333 49.493333 22.186667 49.493334 49.493333-22.186667 49.493333-49.493334 49.493334z\" fill=\"#C53709\">\u003C/path>\u003C/symbol>\u003Csymbol id=\"iconNot_Enabled-01\" viewBox=\"0 0 1024 1024\">\u003Cpath d=\"M514.56 59.733333C267.093333 59.733333 66.56 260.266667 66.56 507.733333S267.093333 955.733333 514.56 955.733333s448-200.533333 448-448S762.026667 59.733333 514.56 59.733333zM296.96 546.986667v-76.8l434.346667-0.853334v76.8l-434.346667 0.853334z\" fill=\"#333333\">\u003C/path>\u003C/symbol>\u003Csymbol id=\"iconwarning-01\" viewBox=\"0 0 1024 1024\">\u003Cpath d=\"M511.146667 58.88c-247.466667 0-448 200.533333-448 448s200.533333 448 448 448 448-200.533333 448-448S758.613333 58.88 511.146667 58.88z m-38.4 230.4c0-21.333333 17.066667-38.4 38.4-38.4s38.4 17.066667 38.4 38.4v293.546667c0 21.333333-17.92 38.4-38.4 38.4-21.333333 0-38.4-17.066667-38.4-38.4V289.28z m38.4 472.746667c-27.306667 0-49.493333-22.186667-49.493334-49.493334s22.186667-49.493333 49.493334-49.493333 49.493333 22.186667 49.493333 49.493333-22.186667 49.493333-49.493333 49.493334z\" fill=\"#F8AA01\">\u003C/path>\u003C/symbol>\u003Csymbol id=\"iconcheck_the_details1\" viewBox=\"0 0 1024 1024\">\u003Cpath d=\"M785.493333 85.333333a38.613333 38.613333 0 0 1 38.698667 38.826667v349.013333h-77.397333V162.944H205.397333v698.197333h232.064V938.666667H166.656A38.613333 38.613333 0 0 1 128 899.84V124.16A38.826667 38.826667 0 0 1 166.656 85.333333H785.493333z m-96.682666 484.864a154.368 154.368 0 0 1 132.010666 74.154667 155.477333 155.477333 0 0 1 5.76 151.594667l63.744 63.957333a19.413333 19.413333 0 0 1 0 27.392l-32.810666 32.938667a19.328 19.328 0 0 1-27.306667 0l-61.738667-61.866667a154.410667 154.410667 0 0 1-194.816-29.482667 155.306667 155.306667 0 0 1-36.693333-132.821333 155.392 155.392 0 0 1 83.157333-109.738667 154.410667 154.410667 0 0 1 68.693334-16.128z m0 77.568c-20.48 0-40.192 8.149333-54.698667 22.698667a77.653333 77.653333 0 0 0 54.698667 132.437333c20.48 0 40.192-8.149333 54.698666-22.698666a77.653333 77.653333 0 0 0-54.698666-132.437334z m-193.365334-174.549333a19.328 19.328 0 0 1 19.328 19.413333v38.784a19.413333 19.413333 0 0 1-19.328 19.370667H302.037333a19.328 19.328 0 0 1-19.328-19.413333v-38.784a19.413333 19.413333 0 0 1 19.328-19.370667h193.408z m154.709334-155.136a19.328 19.328 0 0 1 19.328 19.370667v38.826666a19.413333 19.413333 0 0 1-19.328 19.370667H302.037333a19.328 19.328 0 0 1-19.328-19.413333V337.493333a19.413333 19.413333 0 0 1 19.328-19.370666h348.117334z\" fill=\"#1D2129\">\u003C/path>\u003C/symbol>\u003Csymbol id=\"iconresize_corner\" viewBox=\"0 0 1024 1024\">\u003Cpath d=\"M138.24 1006.933333L1006.933333 145.92V37.546667L29.013333 1006.933333zM553.813333 1006.933333L1006.933333 553.813333V445.44L444.586667 1006.933333z\" fill=\"#333333\">\u003C/path>\u003C/symbol>\u003Csymbol id=\"iconmore_help_blue\" viewBox=\"0 0 1024 1024\">\u003Cpath d=\"M512 85.333333c235.648 0 426.666667 191.018667 426.666667 426.666667s-191.018667 426.666667-426.666667 426.666667S85.333333 747.648 85.333333 512 276.352 85.333333 512 85.333333z m0 77.568a349.098667 349.098667 0 1 0 0 698.197334 349.098667 349.098667 0 0 0 0-698.197334z m19.370667 504.234667a19.413333 19.413333 0 0 1 19.413333 19.413333V725.333333a19.413333 19.413333 0 0 1-19.413333 19.370667h-38.784a19.370667 19.370667 0 0 1-19.370667-19.370667v-38.826666a19.413333 19.413333 0 0 1 19.413333-19.370667h38.784z m-24.874667-387.84c46.08 0 84.394667 11.136 114.901333 33.450667 30.506667 22.4 45.738667 55.466667 45.738667 99.285333 0 26.88-6.613333 49.493333-19.882667 67.925333-7.765333 11.136-22.613333 25.386667-44.672 42.794667l-21.717333 17.066667c-11.818667 9.301333-19.712 20.181333-23.594667 32.554666-1.024 3.413333-1.962667 9.685333-2.773333 18.901334a19.413333 19.413333 0 0 1-19.285333 17.706666h-43.477334a19.413333 19.413333 0 0 1-19.370666-19.413333v-0.853333l0.085333-0.938667c2.517333-26.965333 5.162667-44.074667 8.021333-51.2 5.333333-13.354667 18.986667-28.714667 41.002667-46.08l22.357333-17.706667c7.338667-5.546667 45.184-32.213333 45.184-55.808s-4.096-32.298667-15.957333-45.226666c-11.818667-12.928-38.528-17.109333-62.592-17.109334-23.68 0-43.904 6.272-53.76 22.186667a112.341333 112.341333 0 0 0-11.050667 23.296c-1.28 3.84-2.176 7.850667-2.816 11.904a19.370667 19.370667 0 0 1-19.114666 16.085333H378.026667a19.370667 19.370667 0 0 1-19.413334-19.370666v-1.066667l0.128-1.109333c0.469333-4.352 0.981333-7.978667 1.536-10.837334 7.552-42.112 26.666667-73.045333 57.429334-92.885333 24.064-15.701333 53.674667-23.594667 88.746666-23.594667z\" fill=\"#3491FA\">\u003C/path>\u003C/symbol>\u003Csymbol id=\"iconInstruction\" viewBox=\"0 0 1024 1024\">\u003Cpath d=\"M899.84 128c10.325333 0 20.181333 4.053333 27.477333 11.264 7.253333 7.168 11.349333 16.938667 11.349334 27.136v691.2a38.186667 38.186667 0 0 1-11.349334 27.136 38.997333 38.997333 0 0 1-27.434666 11.264H124.117333a38.997333 38.997333 0 0 1-27.434666-11.264A38.186667 38.186667 0 0 1 85.333333 857.6V166.4c0-10.197333 4.096-19.968 11.349334-27.136A38.997333 38.997333 0 0 1 124.16 128h775.765333z m-38.741333 76.8H162.901333v614.4h698.197334V204.8z m-336.213334 96.213333l34.432 3.754667a19.498667 19.498667 0 0 1 16.512 13.738667 19.029333 19.029333 0 0 1 0.64 7.466666l-0.085333 0.512-49.834667 360.832a19.157333 19.157333 0 0 1-7.253333 12.544 19.541333 19.541333 0 0 1-14.08 3.925334l-34.432-3.797334a19.541333 19.541333 0 0 1-16.554667-14.08 19.029333 19.029333 0 0 1-0.512-7.594666l49.834667-360.832a19.541333 19.541333 0 0 1 21.333333-16.512zM378.026667 395.989333l24.32 22.357334a19.2 19.2 0 0 1 4.821333 21.077333 19.2 19.2 0 0 1-4.138667 6.4l-66.944 67.754667 66.944 67.712a19.114667 19.114667 0 0 1-0.341333 27.178666l-0.341333 0.341334-24.32 22.357333a19.541333 19.541333 0 0 1-26.965334-0.554667l-103.893333-103.509333a19.114667 19.114667 0 0 1 0-27.093333l103.893333-103.466667a19.498667 19.498667 0 0 1 26.965334-0.554667z m294.997333 0.554667l103.893333 103.466667a19.114667 19.114667 0 0 1 0 27.093333l-103.893333 103.509333a19.498667 19.498667 0 0 1-26.965333 0.554667l-24.32-22.357333a19.2 19.2 0 0 1-0.64-27.52l66.901333-67.712-66.901333-67.754667a19.157333 19.157333 0 0 1 0.64-27.477333l24.32-22.357334a19.498667 19.498667 0 0 1 26.965333 0.554667z\" fill=\"#1D2129\">\u003C/path>\u003C/symbol>\u003Csymbol id=\"iconCombination_of_characters\" viewBox=\"0 0 1024 1024\">\u003Cpath d=\"M320 277.333333a128.042667 128.042667 0 0 1 256 0 128.042667 128.042667 0 0 1-256 0z m128-213.333333a213.333333 213.333333 0 1 0 0.085333 426.752A213.333333 213.333333 0 0 0 448 64zM176 768c18.986667-73.6 85.76-128 165.333333-128h171.733334a21.333333 21.333333 0 0 0 21.333333-21.333333v-42.666667a21.333333 21.333333 0 0 0-21.333333-21.333333H341.333333a256 256 0 0 0-256 256v85.333333c0 23.552 19.2 42.666667 42.666667 42.666667h385.066667a21.333333 21.333333 0 0 0 21.333333-21.333334v-42.666666a21.333333 21.333333 0 0 0-21.333333-21.333334H170.666667v-42.666666c0-14.762667 1.92-29.013333 5.333333-42.666667zM789.333333 597.333333h-42.666666a21.333333 21.333333 0 0 0-21.333334 21.333334V725.333333h-106.666666a21.333333 21.333333 0 0 0-21.333334 21.333334v42.666666a21.333333 21.333333 0 0 0 21.333334 21.333334H725.333333v106.666666a21.333333 21.333333 0 0 0 21.333334 21.333334h42.666666a21.333333 21.333333 0 0 0 21.333334-21.333334V810.666667h106.666666a21.333333 21.333333 0 0 0 21.333334-21.333334v-42.666666a21.333333 21.333333 0 0 0-21.333334-21.333334H810.666667v-106.666666a21.333333 21.333333 0 0 0-21.333334-21.333334z\" fill=\"#1D2129\">\u003C/path>\u003C/symbol>\u003Csymbol id=\"iconPrevious2\" viewBox=\"0 0 1024 1024\">\u003Cpath d=\"M36.693333 190.293333h153.6v651.946667h-153.6zM517.973333 536.746667l432.64 319.146666c17.066667 12.8 40.96 0 40.96-20.48V197.12c0-21.333333-23.893333-33.28-40.96-20.48L517.973333 495.786667c-14.506667 10.24-14.506667 30.72 0 40.96z\" fill=\"#6B7580\">\u003C/path>\u003Cpath d=\"M572.586667 142.506667L189.44 425.813333V605.866667l383.146667 283.306666c17.066667 12.8 41.813333 0 41.813333-21.333333V163.84c0-21.333333-23.893333-33.28-41.813333-21.333333z\" fill=\"#6B7580\">\u003C/path>\u003C/symbol>\u003Csymbol id=\"iconForward2\" viewBox=\"0 0 1024 1024\">\u003Cpath d=\"M56.32 536.746667l477.013333 352.426666c17.066667 12.8 41.813333 0 41.813334-21.333333V163.84c0-21.333333-23.893333-33.28-41.813334-21.333333L56.32 494.933333c-14.506667 11.093333-14.506667 31.573333 0 41.813334z\" fill=\"#6B7580\">\u003C/path>\u003Cpath d=\"M478.72 536.746667l432.64 319.146666c17.066667 12.8 40.96 0 40.96-20.48V197.12c0-21.333333-23.893333-33.28-40.96-20.48L478.72 495.786667c-14.506667 10.24-14.506667 30.72 0 40.96z\" fill=\"#6B7580\">\u003C/path>\u003C/symbol>\u003Csymbol id=\"iconPause2\" viewBox=\"0 0 1024 1024\">\u003Cpath d=\"M284.16 190.293333h153.6v651.946667h-153.6zM574.293333 190.293333h153.6v651.946667h-153.6z\" fill=\"#6B7580\">\u003C/path>\u003C/symbol>\u003Csymbol id=\"iconNext2\" viewBox=\"0 0 1024 1024\">\u003Cpath d=\"M837.12 190.293333h153.6v651.946667h-153.6z\" fill=\"#6B7580\">\u003C/path>\u003Cpath d=\"M932.693333 536.746667l-477.013333 352.426666c-17.066667 12.8-41.813333 0-41.813333-21.333333V163.84c0-21.333333 23.893333-33.28 41.813333-21.333333L932.693333 494.933333c13.653333 11.093333 13.653333 31.573333 0 41.813334z\" fill=\"#6B7580\">\u003C/path>\u003Cpath d=\"M510.293333 536.746667L77.653333 855.893333c-17.066667 12.8-40.96 0-40.96-20.48V197.12c0-21.333333 23.893333-33.28 40.96-20.48l432.64 319.146667a25.6 25.6 0 0 1 0 40.96z\" fill=\"#6B7580\">\u003C/path>\u003C/symbol>\u003Csymbol id=\"iconReverse2\" viewBox=\"0 0 1024 1024\">\u003Cpath d=\"M966.826667 536.746667l-477.013334 352.426666c-17.066667 12.8-41.813333 0-41.813333-21.333333V163.84c0-21.333333 23.893333-33.28 41.813333-21.333333L966.826667 494.933333c13.653333 11.093333 13.653333 31.573333 0 41.813334z\" fill=\"#6B7580\">\u003C/path>\u003Cpath d=\"M544.426667 536.746667l-432.64 319.146666c-17.066667 12.8-40.96 0-40.96-20.48V197.12c0-21.333333 23.893333-33.28 40.96-20.48l432.64 319.146667a25.6 25.6 0 0 1 0 40.96z\" fill=\"#6B7580\">\u003C/path>\u003C/symbol>\u003Csymbol id=\"iconPlay2\" viewBox=\"0 0 1024 1024\">\u003Cpath d=\"M229.546667 532.48l477.013333 352.426667c17.066667 12.8 41.813333 0 41.813333-21.333334V159.573333c0-21.333333-23.893333-33.28-41.813333-21.333333L229.546667 490.666667c-13.653333 10.24-13.653333 31.573333 0 41.813333z\" fill=\"#6B7580\">\u003C/path>\u003C/symbol>\u003Csymbol id=\"iconicon_wifi4_enabled\" viewBox=\"0 0 1024 1024\">\u003Cpath d=\"M514.497561 510.75122m-485.77561 0a485.77561 485.77561 0 1 0 971.55122 0 485.77561 485.77561 0 1 0-971.55122 0Z\" fill=\"#FFFFFF\">\u003C/path>\u003Cpath d=\"M516.995122 821.697561c-4.995122 0-14.985366-8.741463-32.468293-24.97561-17.482927-17.482927-24.97561-28.721951-24.975609-32.468292 0-7.492683 7.492683-13.736585 22.478048-18.731708 14.985366-4.995122 26.22439-7.492683 36.214634-7.492683s22.478049 2.497561 36.214635 7.492683 22.478049 12.487805 22.478048 18.731708c0 4.995122-8.741463 14.985366-24.975609 32.468292-18.731707 16.234146-29.970732 24.97561-34.965854 24.97561zM608.156098 715.55122c-1.24878 0-4.995122-2.497561-13.736586-8.741464-8.741463-4.995122-21.229268-12.487805-36.214634-17.482927-14.985366-4.995122-29.970732-8.741463-44.956098-8.741463-14.985366 0-29.970732 2.497561-44.956097 8.741463-14.985366 4.995122-26.22439 12.487805-36.214634 17.482927-8.741463 4.995122-13.736585 8.741463-14.985366 8.741464-4.995122 0-14.985366-8.741463-32.468293-26.224391-17.482927-17.482927-26.22439-28.721951-26.22439-32.468292 0-2.497561 1.24878-4.995122 3.746341-8.741464 18.731707-18.731707 41.209756-32.468293 68.682927-42.458536 27.473171-9.990244 54.946341-14.985366 82.419512-14.985366 27.473171 0 53.697561 4.995122 82.419513 14.985366 27.473171 9.990244 49.95122 24.97561 68.682927 42.458536 2.497561 2.497561 3.746341 4.995122 3.746341 8.741464 0 4.995122-8.741463 14.985366-26.22439 32.468292-18.731707 16.234146-29.970732 26.22439-33.717073 26.224391z\" fill=\"#0567FF\">\u003C/path>\u003Cpath d=\"M708.058537 596.917073c-2.497561 0-4.995122-1.24878-8.741464-2.497561-32.468293-24.97561-61.190244-42.458537-88.663414-54.946341-27.473171-12.487805-58.692683-17.482927-93.658537-17.482927-19.980488 0-39.960976 2.497561-59.941463 7.492683-19.980488 4.995122-37.463415 11.239024-52.448781 18.731707s-28.721951 14.985366-39.960976 22.478049-19.980488 12.487805-27.47317 16.234146c-6.243902 4.995122-9.990244 7.492683-11.239025 7.492683-3.746341 0-14.985366-8.741463-32.468292-26.22439-17.482927-17.482927-26.22439-28.721951-26.224391-32.468293 0-2.497561 1.24878-4.995122 3.746342-7.492683 31.219512-31.219512 68.682927-54.946341 112.390244-72.429268 43.707317-17.482927 88.663415-24.97561 133.619512-24.97561s89.912195 8.741463 133.619512 24.97561c43.707317 17.482927 81.170732 41.209756 112.390244 72.429268 2.497561 2.497561 3.746341 4.995122 3.746342 7.492683 0 4.995122-8.741463 14.985366-26.224391 32.468293-17.482927 18.731707-28.721951 28.721951-32.468292 28.721951z\" fill=\"#0567FF\">\u003C/path>\u003Cpath d=\"M799.219512 478.282927c-2.497561 0-4.995122-1.24878-7.492683-2.497561-42.458537-36.214634-86.165854-64.936585-131.121951-83.668293-44.956098-18.731707-93.658537-28.721951-147.356098-28.721951s-103.64878 8.741463-147.356097 28.721951c-44.956098 18.731707-88.663415 46.204878-131.121951 83.668293-2.497561 1.24878-4.995122 2.497561-7.492683 2.497561-3.746341 0-14.985366-8.741463-32.468293-26.22439-18.731707-17.482927-26.22439-28.721951-26.22439-32.468293 0-2.497561 1.24878-4.995122 3.746341-8.741464 42.458537-43.707317 94.907317-77.42439 156.097561-101.151219S449.560976 274.731707 513.24878 274.731707s124.878049 12.487805 184.819513 36.214634c59.941463 23.726829 112.390244 57.443902 156.097561 101.15122 2.497561 2.497561 3.746341 4.995122 3.746341 8.741463 0 4.995122-8.741463 14.985366-26.22439 32.468293-18.731707 16.234146-28.721951 24.97561-32.468293 24.97561z\" fill=\"#0567FF\">\u003C/path>\u003C/symbol>\u003Csymbol id=\"iconicon_wifi0_enabled\" viewBox=\"0 0 1024 1024\">\u003Cpath d=\"M514.497561 510.75122m-485.77561 0a485.77561 485.77561 0 1 0 971.55122 0 485.77561 485.77561 0 1 0-971.55122 0Z\" fill=\"#FFFFFF\">\u003C/path>\u003Cpath d=\"M516.995122 821.697561c-4.995122 0-14.985366-8.741463-32.468293-24.97561-17.482927-17.482927-24.97561-28.721951-24.975609-32.468292 0-7.492683 7.492683-13.736585 22.478048-18.731708 14.985366-4.995122 26.22439-7.492683 36.214634-7.492683s22.478049 2.497561 36.214635 7.492683 22.478049 12.487805 22.478048 18.731708c0 4.995122-8.741463 14.985366-24.975609 32.468292-18.731707 16.234146-29.970732 24.97561-34.965854 24.97561z\" fill=\"#0567FF\">\u003C/path>\u003Cpath d=\"M608.156098 715.55122c-1.24878 0-4.995122-2.497561-13.736586-8.741464-8.741463-4.995122-21.229268-12.487805-36.214634-17.482927-14.985366-4.995122-29.970732-8.741463-44.956098-8.741463-14.985366 0-29.970732 2.497561-44.956097 8.741463-14.985366 4.995122-26.22439 12.487805-36.214634 17.482927-8.741463 4.995122-13.736585 8.741463-14.985366 8.741464-4.995122 0-14.985366-8.741463-32.468293-26.224391-17.482927-17.482927-26.22439-28.721951-26.22439-32.468292 0-2.497561 1.24878-4.995122 3.746341-8.741464 18.731707-18.731707 41.209756-32.468293 68.682927-42.458536 27.473171-9.990244 54.946341-14.985366 82.419512-14.985366 27.473171 0 53.697561 4.995122 82.419513 14.985366 27.473171 9.990244 49.95122 24.97561 68.682927 42.458536 2.497561 2.497561 3.746341 4.995122 3.746341 8.741464 0 4.995122-8.741463 14.985366-26.22439 32.468292-18.731707 16.234146-29.970732 26.22439-33.717073 26.224391z\" fill=\"#CCCCCC\">\u003C/path>\u003Cpath d=\"M708.058537 596.917073c-2.497561 0-4.995122-1.24878-8.741464-2.497561-32.468293-24.97561-61.190244-42.458537-88.663414-54.946341-27.473171-12.487805-58.692683-17.482927-93.658537-17.482927-19.980488 0-39.960976 2.497561-59.941463 7.492683-19.980488 4.995122-37.463415 11.239024-52.448781 18.731707s-28.721951 14.985366-39.960976 22.478049-19.980488 12.487805-27.47317 16.234146c-6.243902 4.995122-9.990244 7.492683-11.239025 7.492683-3.746341 0-14.985366-8.741463-32.468292-26.22439-17.482927-17.482927-26.22439-28.721951-26.224391-32.468293 0-2.497561 1.24878-4.995122 3.746342-7.492683 31.219512-31.219512 68.682927-54.946341 112.390244-72.429268 43.707317-17.482927 88.663415-24.97561 133.619512-24.97561s89.912195 8.741463 133.619512 24.97561c43.707317 17.482927 81.170732 41.209756 112.390244 72.429268 2.497561 2.497561 3.746341 4.995122 3.746342 7.492683 0 4.995122-8.741463 14.985366-26.224391 32.468293-17.482927 18.731707-28.721951 28.721951-32.468292 28.721951z\" fill=\"#CCCCCC\">\u003C/path>\u003Cpath d=\"M799.219512 478.282927c-2.497561 0-4.995122-1.24878-7.492683-2.497561-42.458537-36.214634-86.165854-64.936585-131.121951-83.668293-44.956098-18.731707-93.658537-28.721951-147.356098-28.721951s-103.64878 8.741463-147.356097 28.721951c-44.956098 18.731707-88.663415 46.204878-131.121951 83.668293-2.497561 1.24878-4.995122 2.497561-7.492683 2.497561-3.746341 0-14.985366-8.741463-32.468293-26.22439-18.731707-17.482927-26.22439-28.721951-26.22439-32.468293 0-2.497561 1.24878-4.995122 3.746341-8.741464 42.458537-43.707317 94.907317-77.42439 156.097561-101.151219S449.560976 274.731707 513.24878 274.731707s124.878049 12.487805 184.819513 36.214634c59.941463 23.726829 112.390244 57.443902 156.097561 101.15122 2.497561 2.497561 3.746341 4.995122 3.746341 8.741463 0 4.995122-8.741463 14.985366-26.22439 32.468293-18.731707 16.234146-28.721951 24.97561-32.468293 24.97561z\" fill=\"#CCCCCC\">\u003C/path>\u003C/symbol>\u003Csymbol id=\"iconicon_wifi2_enabled\" viewBox=\"0 0 1024 1024\">\u003Cpath d=\"M514.497561 510.75122m-485.77561 0a485.77561 485.77561 0 1 0 971.55122 0 485.77561 485.77561 0 1 0-971.55122 0Z\" fill=\"#FFFFFF\">\u003C/path>\u003Cpath d=\"M516.995122 821.697561c-4.995122 0-14.985366-8.741463-32.468293-24.97561-17.482927-17.482927-24.97561-28.721951-24.975609-32.468292 0-7.492683 7.492683-13.736585 22.478048-18.731708 14.985366-4.995122 26.22439-7.492683 36.214634-7.492683s22.478049 2.497561 36.214635 7.492683 22.478049 12.487805 22.478048 18.731708c0 4.995122-8.741463 14.985366-24.975609 32.468292-18.731707 16.234146-29.970732 24.97561-34.965854 24.97561zM608.156098 715.55122c-1.24878 0-4.995122-2.497561-13.736586-8.741464-8.741463-4.995122-21.229268-12.487805-36.214634-17.482927-14.985366-4.995122-29.970732-8.741463-44.956098-8.741463-14.985366 0-29.970732 2.497561-44.956097 8.741463-14.985366 4.995122-26.22439 12.487805-36.214634 17.482927-8.741463 4.995122-13.736585 8.741463-14.985366 8.741464-4.995122 0-14.985366-8.741463-32.468293-26.224391-17.482927-17.482927-26.22439-28.721951-26.22439-32.468292 0-2.497561 1.24878-4.995122 3.746341-8.741464 18.731707-18.731707 41.209756-32.468293 68.682927-42.458536 27.473171-9.990244 54.946341-14.985366 82.419512-14.985366 27.473171 0 53.697561 4.995122 82.419513 14.985366 27.473171 9.990244 49.95122 24.97561 68.682927 42.458536 2.497561 2.497561 3.746341 4.995122 3.746341 8.741464 0 4.995122-8.741463 14.985366-26.22439 32.468292-18.731707 16.234146-29.970732 26.22439-33.717073 26.224391z\" fill=\"#0567FF\">\u003C/path>\u003Cpath d=\"M708.058537 596.917073c-2.497561 0-4.995122-1.24878-8.741464-2.497561-32.468293-24.97561-61.190244-42.458537-88.663414-54.946341-27.473171-12.487805-58.692683-17.482927-93.658537-17.482927-19.980488 0-39.960976 2.497561-59.941463 7.492683-19.980488 4.995122-37.463415 11.239024-52.448781 18.731707s-28.721951 14.985366-39.960976 22.478049-19.980488 12.487805-27.47317 16.234146c-6.243902 4.995122-9.990244 7.492683-11.239025 7.492683-3.746341 0-14.985366-8.741463-32.468292-26.22439-17.482927-17.482927-26.22439-28.721951-26.224391-32.468293 0-2.497561 1.24878-4.995122 3.746342-7.492683 31.219512-31.219512 68.682927-54.946341 112.390244-72.429268 43.707317-17.482927 88.663415-24.97561 133.619512-24.97561s89.912195 8.741463 133.619512 24.97561c43.707317 17.482927 81.170732 41.209756 112.390244 72.429268 2.497561 2.497561 3.746341 4.995122 3.746342 7.492683 0 4.995122-8.741463 14.985366-26.224391 32.468293-17.482927 18.731707-28.721951 28.721951-32.468292 28.721951z\" fill=\"#0567FF\">\u003C/path>\u003Cpath d=\"M799.219512 478.282927c-2.497561 0-4.995122-1.24878-7.492683-2.497561-42.458537-36.214634-86.165854-64.936585-131.121951-83.668293-44.956098-18.731707-93.658537-28.721951-147.356098-28.721951s-103.64878 8.741463-147.356097 28.721951c-44.956098 18.731707-88.663415 46.204878-131.121951 83.668293-2.497561 1.24878-4.995122 2.497561-7.492683 2.497561-3.746341 0-14.985366-8.741463-32.468293-26.22439-18.731707-17.482927-26.22439-28.721951-26.22439-32.468293 0-2.497561 1.24878-4.995122 3.746341-8.741464 42.458537-43.707317 94.907317-77.42439 156.097561-101.151219S449.560976 274.731707 513.24878 274.731707s124.878049 12.487805 184.819513 36.214634c59.941463 23.726829 112.390244 57.443902 156.097561 101.15122 2.497561 2.497561 3.746341 4.995122 3.746341 8.741463 0 4.995122-8.741463 14.985366-26.22439 32.468293-18.731707 16.234146-28.721951 24.97561-32.468293 24.97561z\" fill=\"#CCCCCC\">\u003C/path>\u003C/symbol>\u003Csymbol id=\"iconicon_wifi1_enabled\" viewBox=\"0 0 1024 1024\">\u003Cpath d=\"M514.497561 510.75122m-485.77561 0a485.77561 485.77561 0 1 0 971.55122 0 485.77561 485.77561 0 1 0-971.55122 0Z\" fill=\"#FFFFFF\">\u003C/path>\u003Cpath d=\"M516.995122 821.697561c-4.995122 0-14.985366-8.741463-32.468293-24.97561-17.482927-17.482927-24.97561-28.721951-24.975609-32.468292 0-7.492683 7.492683-13.736585 22.478048-18.731708 14.985366-4.995122 26.22439-7.492683 36.214634-7.492683s22.478049 2.497561 36.214635 7.492683 22.478049 12.487805 22.478048 18.731708c0 4.995122-8.741463 14.985366-24.975609 32.468292-18.731707 16.234146-29.970732 24.97561-34.965854 24.97561zM608.156098 715.55122c-1.24878 0-4.995122-2.497561-13.736586-8.741464-8.741463-4.995122-21.229268-12.487805-36.214634-17.482927-14.985366-4.995122-29.970732-8.741463-44.956098-8.741463-14.985366 0-29.970732 2.497561-44.956097 8.741463-14.985366 4.995122-26.22439 12.487805-36.214634 17.482927-8.741463 4.995122-13.736585 8.741463-14.985366 8.741464-4.995122 0-14.985366-8.741463-32.468293-26.224391-17.482927-17.482927-26.22439-28.721951-26.22439-32.468292 0-2.497561 1.24878-4.995122 3.746341-8.741464 18.731707-18.731707 41.209756-32.468293 68.682927-42.458536 27.473171-9.990244 54.946341-14.985366 82.419512-14.985366 27.473171 0 53.697561 4.995122 82.419513 14.985366 27.473171 9.990244 49.95122 24.97561 68.682927 42.458536 2.497561 2.497561 3.746341 4.995122 3.746341 8.741464 0 4.995122-8.741463 14.985366-26.22439 32.468292-18.731707 16.234146-29.970732 26.22439-33.717073 26.224391z\" fill=\"#0567FF\">\u003C/path>\u003Cpath d=\"M708.058537 596.917073c-2.497561 0-4.995122-1.24878-8.741464-2.497561-32.468293-24.97561-61.190244-42.458537-88.663414-54.946341-27.473171-12.487805-58.692683-17.482927-93.658537-17.482927-19.980488 0-39.960976 2.497561-59.941463 7.492683-19.980488 4.995122-37.463415 11.239024-52.448781 18.731707s-28.721951 14.985366-39.960976 22.478049-19.980488 12.487805-27.47317 16.234146c-6.243902 4.995122-9.990244 7.492683-11.239025 7.492683-3.746341 0-14.985366-8.741463-32.468292-26.22439-17.482927-17.482927-26.22439-28.721951-26.224391-32.468293 0-2.497561 1.24878-4.995122 3.746342-7.492683 31.219512-31.219512 68.682927-54.946341 112.390244-72.429268 43.707317-17.482927 88.663415-24.97561 133.619512-24.97561s89.912195 8.741463 133.619512 24.97561c43.707317 17.482927 81.170732 41.209756 112.390244 72.429268 2.497561 2.497561 3.746341 4.995122 3.746342 7.492683 0 4.995122-8.741463 14.985366-26.224391 32.468293-17.482927 18.731707-28.721951 28.721951-32.468292 28.721951z\" fill=\"#CCCCCC\">\u003C/path>\u003Cpath d=\"M799.219512 478.282927c-2.497561 0-4.995122-1.24878-7.492683-2.497561-42.458537-36.214634-86.165854-64.936585-131.121951-83.668293-44.956098-18.731707-93.658537-28.721951-147.356098-28.721951s-103.64878 8.741463-147.356097 28.721951c-44.956098 18.731707-88.663415 46.204878-131.121951 83.668293-2.497561 1.24878-4.995122 2.497561-7.492683 2.497561-3.746341 0-14.985366-8.741463-32.468293-26.22439-18.731707-17.482927-26.22439-28.721951-26.22439-32.468293 0-2.497561 1.24878-4.995122 3.746341-8.741464 42.458537-43.707317 94.907317-77.42439 156.097561-101.151219S449.560976 274.731707 513.24878 274.731707s124.878049 12.487805 184.819513 36.214634c59.941463 23.726829 112.390244 57.443902 156.097561 101.15122 2.497561 2.497561 3.746341 4.995122 3.746341 8.741463 0 4.995122-8.741463 14.985366-26.22439 32.468293-18.731707 16.234146-28.721951 24.97561-32.468293 24.97561z\" fill=\"#CCCCCC\">\u003C/path>\u003C/symbol>\u003Csymbol id=\"iconBig_ico\" viewBox=\"0 0 1024 1024\">\u003Cpath d=\"M861.098667 128H162.901333a32.042667 32.042667 0 0 0-24.661333 12.501333C131.669333 148.48 128 159.36 128 170.666667v682.666666c0 11.306667 3.669333 22.186667 10.24 30.165334a32.042667 32.042667 0 0 0 24.661333 12.501333h698.197334a32.042667 32.042667 0 0 0 24.661333-12.501333c6.570667-7.978667 10.24-18.858667 10.24-30.165334V170.666667c0-11.306667-3.669333-22.186667-10.24-30.165334A32.042667 32.042667 0 0 0 861.098667 128zM197.802667 810.666667V213.333333h628.394666v597.333334H197.802667z\" fill=\"#1D2129\">\u003C/path>\u003C/symbol>\u003Csymbol id=\"iconmore_help-2\" viewBox=\"0 0 1024 1024\">\u003Cpath d=\"M512 85.333333C276.352 85.333333 85.333333 276.352 85.333333 512s191.018667 426.666667 426.666667 426.666667 426.666667-191.018667 426.666667-426.666667S747.733333 85.333333 512 85.333333z m-13.653333 684.544c-27.264 0-49.493333-22.613333-49.493334-50.432a49.92 49.92 0 0 1 49.493334-50.432c27.306667 0 49.493333 22.528 49.493333 50.432 0 27.904-22.186667 50.432-49.493333 50.432z m138.154666-316.757333a137.557333 137.557333 0 0 1-24.405333 33.706667c-9.386667 9.472-26.24 25.386667-50.602667 47.701333a207.829333 207.829333 0 0 0-16.128 16.64 74.069333 74.069333 0 0 0-9.088 13.098667 60.501333 60.501333 0 0 0-4.565333 11.989333c-1.024 4.053333-2.688 10.965333-4.821333 20.906667-3.754667 21.12-15.616 31.658667-35.328 31.658666a35.029333 35.029333 0 0 1-25.941334-10.410666c-7.04-6.912-10.538667-17.152-10.538666-30.890667 0-17.066667 2.56-31.914667 7.722666-44.416 5.205333-12.501333 11.989333-23.466667 20.48-32.981333 8.448-9.386667 19.925333-20.736 34.389334-33.664 12.714667-11.349333 21.802667-19.925333 27.392-25.813334 5.674667-5.802667 10.410667-12.202667 14.250666-19.413333a48.213333 48.213333 0 0 0 5.802667-23.253333c0-16.213333-5.888-29.952-17.664-41.130667-11.776-11.136-27.008-16.853333-45.568-16.853333-21.802667 0-37.802667 5.717333-48.042667 16.938666-10.325333 11.264-19.029333 27.904-26.026666 49.834667-6.741333 23.04-19.541333 34.474667-38.357334 34.474667a37.546667 37.546667 0 0 1-28.074666-11.946667c-7.68-8.106667-11.477333-16.768-11.477334-26.026667 0-19.370667 5.973333-38.869333 18.090667-58.709333 11.946667-19.84 29.653333-36.266667 52.778667-49.28 23.125333-13.013333 50.090667-19.541333 80.981333-19.541333 28.629333 0 54.058667 5.504 75.946667 16.341333 22.016 10.837333 38.954667 25.728 50.944 44.416 11.946667 18.688 17.962667 39.04 17.962666 61.056 0.085333 17.237333-3.2 32.426667-10.112 45.568z\" fill=\"#1D2129\">\u003C/path>\u003C/symbol>\u003Csymbol id=\"iconReboot1\" viewBox=\"0 0 1024 1024\">\u003Cpath d=\"M405.333333 426.666667a21.333333 21.333333 0 0 0 21.333334-21.333334v-42.666666a21.333333 21.333333 0 0 0-21.333334-21.333334H266.88a298.666667 298.666667 0 1 1-41.173333 256H137.514667c38.826667 171.050667 191.744 298.666667 374.485333 298.666667A384 384 0 1 0 213.333333 270.634667V149.333333a21.333333 21.333333 0 0 0-21.333333-21.333333h-42.666667a21.333333 21.333333 0 0 0-21.333333 21.333333V384a42.666667 42.666667 0 0 0 39.466667 42.538667L170.666667 426.666667h234.666666z\" fill=\"#1D2129\">\u003C/path>\u003C/symbol>\u003Csymbol id=\"iconLogout-21\" viewBox=\"0 0 1024 1024\">\u003Cpath d=\"M849.322667 730.282667h-68.352a15.018667 15.018667 0 0 0-11.946667 5.717333 344.96 344.96 0 0 1-118.741333 93.866667 338.048 338.048 0 0 1-146.602667 33.28 336.768 336.768 0 0 1-131.84-26.581334 342.528 342.528 0 0 1-111.701333-76.245333 350.933333 350.933333 0 0 1-73.898667-111.658667A354.048 354.048 0 0 1 159.274667 512a355.882667 355.882667 0 0 1 26.112-134.4A350.08 350.08 0 0 1 260.138667 263.68a343.552 343.552 0 0 1 111.744-76.202667 337.834667 337.834667 0 0 1 131.797333-26.709333 338.090667 338.090667 0 0 1 146.602667 33.28 344.96 344.96 0 0 1 118.741333 93.866667 15.274667 15.274667 0 0 0 11.946667 5.76h68.352a7.893333 7.893333 0 0 0 6.485333-12.202667 421.674667 421.674667 0 0 0-152.021333-144.213333A411.349333 411.349333 0 0 0 502.613333 85.333333a410.069333 410.069333 0 0 0-160.853333 32.981334 417.066667 417.066667 0 0 0-135.936 93.653333c-38.826667 40.106667-69.418667 87.637333-90.112 139.904a433.92 433.92 0 0 0-30.336 164.565333 431.317333 431.317333 0 0 0 124.117333 298.88A413.866667 413.866667 0 0 0 503.68 938.666667a411.52 411.52 0 0 0 200.618667-52.181334 421.76 421.76 0 0 0 151.466666-144.042666 8.106667 8.106667 0 0 0 0.256-7.978667 7.893333 7.893333 0 0 0-6.698666-4.138667v-0.042666z m86.4-224.554667L797.738667 394.666667a7.68 7.68 0 0 0-11.434667 2.005333 8.106667 8.106667 0 0 0-1.194667 4.224v75.434667H480a7.68 7.68 0 0 0-5.504 2.304 8.021333 8.021333 0 0 0-2.261333 5.632v55.552c0 4.309333 3.498667 7.893333 7.765333 7.893333h305.152v75.434667c0 6.656 7.594667 10.410667 12.629333 6.229333l137.984-111.146667a7.936 7.936 0 0 0 2.133334-9.685333 7.978667 7.978667 0 0 0-2.133334-2.773333z\" fill=\"#1D2129\">\u003C/path>\u003C/symbol>\u003Csymbol id=\"iconFeedbackl\" viewBox=\"0 0 1024 1024\">\u003Cpath d=\"M896 85.333333c23.552 0 42.666667 19.498667 42.666667 43.562667V746.24a43.093333 43.093333 0 0 1-42.666667 43.562667h-213.333333l-140.501334 136.106666a41.984 41.984 0 0 1-60.330666 0L341.333333 789.802667H128c-23.594667 0-42.666667-19.498667-42.666667-43.562667V128.896A43.093333 43.093333 0 0 1 128 85.333333h768z m-42.666667 85.333334H170.666667v533.76h206.037333L512 832l135.296-127.573333H853.333333V170.666667z m-277.333333 298.666666a21.333333 21.333333 0 0 1 21.333333 21.333334v42.666666a21.333333 21.333333 0 0 1-21.333333 21.333334h-298.666667a21.333333 21.333333 0 0 1-21.333333-21.333334v-42.666666a21.333333 21.333333 0 0 1 21.333333-21.333334h298.666667z m170.666667-170.666666a21.333333 21.333333 0 0 1 21.333333 21.333333v42.666667a21.333333 21.333333 0 0 1-21.333333 21.333333h-469.333334a21.333333 21.333333 0 0 1-21.333333-21.333333v-42.666667a21.333333 21.333333 0 0 1 21.333333-21.333333h469.333334z\" fill=\"#1D2129\">\u003C/path>\u003C/symbol>\u003Csymbol id=\"iconvirtual_machine\" viewBox=\"0 0 1024 1024\">\u003Cpath d=\"M846.506667 365.226667c-10.24 0.853333-52.906667 1.706667-96.426667 1.706666H121.173333c-43.52 0-86.186667-0.853333-96.426666-1.706666S5.973333 334.506667 5.973333 302.933333c0-30.72 4.266667-58.88 9.386667-61.44 3.413333-0.853333 62.293333-2.56 105.813333-2.56h701.44c2.56 0 12.8 0.853333 23.04 1.706667s18.773333 11.946667 18.773334 21.333333v57.173334c1.706667 22.186667-6.826667 44.373333-17.92 46.08z\" fill=\"#FFE9B4\">\u003C/path>\u003Cpath d=\"M436.906667 401.92H5.12V206.506667c0-20.48 18.773333-36.693333 36.693333-36.693334h295.253334c18.773333 0 30.72 9.386667 35.84 26.453334l64 205.653333z\" fill=\"#FFB02C\">\u003C/path>\u003Cpath d=\"M940.373333 482.986667H685.226667c-43.52 0-79.36 34.986667-79.36 79.36v13.653333c-32.426667 0-59.733333 27.306667-59.733334 60.586667v254.293333c0 33.28 26.453333 60.586667 60.586667 60.586667H861.866667c31.573333 0 58.026667-24.746667 60.586666-56.32h17.066667c43.52 0 79.36-34.986667 79.36-79.36V562.346667c0.853333-43.52-34.986667-79.36-78.506667-79.36z m41.813334 334.506666c0 23.04-18.773333 42.666667-42.666667 42.666667h-17.066667V636.586667c0-33.28-27.306667-60.586667-61.44-60.586667H643.413333v-13.653333c0-23.04 18.773333-42.666667 42.666667-42.666667h254.293333c23.04 0 42.666667 18.773333 42.666667 42.666667-0.853333 0-0.853333 255.146667-0.853333 255.146666z\" fill=\"#0644B2\">\u003C/path>\u003Cpath d=\"M519.68 855.04V626.346667s-9.386667-67.413333 59.733333-73.386667c0 0-11.093333-71.68 62.293334-91.306667 0 0 3.413333-1.706667 12.8-1.706666h212.48V326.826667c0.853333-19.626667-15.36-36.693333-36.693334-36.693334H43.52c-11.946667 0-24.746667 6.826667-31.573333 17.92-4.266667 5.973333-6.826667 12.8-6.826667 20.48V819.2c0 20.48 18.773333 36.693333 36.693333 36.693333h459.093334l-1.706667-1.706666 20.48 0.853333z\" fill=\"#FFCA28\">\u003C/path>\u003C/symbol>\u003Csymbol id=\"iconcamera\" viewBox=\"0 0 1024 1024\">\u003Cpath d=\"M517.973333 913.066667c-228.693333 0-420.693333-178.346667-436.906666-405.333334l-3.413334-41.813333h880.64l-2.56 41.813333C938.666667 735.573333 745.813333 913.066667 517.973333 913.066667zM164.693333 544.426667c32.426667 166.4 180.053333 290.133333 353.28 290.133333s320.853333-123.733333 353.28-290.133333H164.693333z\" fill=\"#333333\">\u003C/path>\u003Cpath d=\"M517.973333 809.813333c-66.56 0-120.32-54.613333-120.32-120.32S452.266667 569.173333 517.973333 569.173333 638.293333 622.933333 638.293333 689.493333s-53.76 120.32-120.32 120.32z m0-171.52c-28.16 0-50.346667 23.04-50.346666 50.346667s23.04 50.346667 50.346666 50.346667 50.346667-23.04 50.346667-50.346667-22.186667-50.346667-50.346667-50.346667zM936.96 544.426667H98.133333c-40.96 0-74.24-33.28-74.24-74.24v-204.8c0-40.96 33.28-74.24 74.24-74.24h837.973334c40.96 0 74.24 33.28 74.24 74.24v204.8c1.706667 40.96-32.426667 74.24-73.386667 74.24zM102.4 465.92h830.293333v-196.266667H102.4v196.266667z\" fill=\"#333333\">\u003C/path>\u003C/symbol>\u003Csymbol id=\"iconShut_down\" viewBox=\"0 0 1024 1024\">\u003Cpath d=\"M682.666667 177.92c150.698667 61.226667 256 201.130667 256 363.861333C938.666667 760.96 747.648 938.666667 512 938.666667S85.333333 760.96 85.333333 541.781333c0-162.773333 105.301333-302.634667 256-363.904v88.832c-102.016 54.912-170.666667 157.525333-170.666666 275.072 0 175.36 152.832 317.525333 341.333333 317.525334 188.544 0 341.333333-142.165333 341.333333-317.525334 0-117.546667-68.650667-220.16-170.666666-275.072V177.92z m-213.333334 363.861333V105.173333a19.2 19.2 0 0 1 6.229334-14.037333A22.186667 22.186667 0 0 1 490.666667 85.333333h42.666666a22.186667 22.186667 0 0 1 15.104 5.802667 19.2 19.2 0 0 1 6.229334 14.08v436.565333a19.2 19.2 0 0 1-6.229334 14.037334 22.186667 22.186667 0 0 1-15.104 5.802666h-42.666666a22.186667 22.186667 0 0 1-15.104-5.802666 19.2 19.2 0 0 1-6.229334-14.08z\" fill=\"#1D2129\">\u003C/path>\u003C/symbol>\u003Csymbol id=\"iconfast_forward\" viewBox=\"0 0 1024 1024\">\u003Cpath d=\"M610.602667 489.088L228.138667 95.146667a32 32 0 0 0-42.453334-3.072l-3.413333 3.072-45.013333 46.378666a32.853333 32.853333 0 0 0 0 45.781334L452.565333 512l-315.264 324.778667a32.853333 32.853333 0 0 0 0 45.781333l45.013334 46.378667a32 32 0 0 0 42.453333 3.072l3.413333-3.072 382.464-394.069334a32.853333 32.853333 0 0 0 0-45.781333z m318.805333 0L546.944 95.146667a32 32 0 0 0-42.496-3.072l-3.413333 3.072-44.970667 46.378666a32.853333 32.853333 0 0 0 0 45.781334L771.285333 512l-315.221333 324.778667a32.853333 32.853333 0 0 0 0 45.781333l45.013333 46.378667a32 32 0 0 0 42.453334 3.072l3.413333-3.072 382.464-394.069334a32.853333 32.853333 0 0 0 0-45.781333z\" fill=\"#1D2129\">\u003C/path>\u003C/symbol>\u003Csymbol id=\"iconrewind\" viewBox=\"0 0 1024 1024\">\u003Cpath d=\"M567.936 882.56a32.853333 32.853333 0 0 0 0-45.781333L252.714667 512l315.221333-324.778667a32.853333 32.853333 0 0 0 0-45.781333l-45.013333-46.378667a32.128 32.128 0 0 0-35.328-7.168 32.128 32.128 0 0 0-10.496 7.168l-382.506667 394.069334a32.853333 32.853333 0 0 0 0 45.781333l382.464 394.026667a32.170667 32.170667 0 0 0 22.912 9.728 31.872 31.872 0 0 0 22.954667-9.728l45.013333-46.378667z m318.805333-45.781333L571.477333 512l315.264-324.778667a32.853333 32.853333 0 0 0 0-45.781333l-45.056-46.378667A32.128 32.128 0 0 0 818.773333 85.333333a31.744 31.744 0 0 0-22.912 9.728l-382.464 394.069334a32.853333 32.853333 0 0 0 0 45.781333l382.464 394.026667a32.170667 32.170667 0 0 0 22.912 9.728 31.872 31.872 0 0 0 22.912-9.728l45.056-46.378667a32.853333 32.853333 0 0 0 0-45.781333z\" fill=\"#1D2129\">\u003C/path>\u003C/symbol>\u003Csymbol id=\"iconmute\" viewBox=\"0 0 1024 1024\">\u003Cpath d=\"M114.909867 110.08l58.3936-49.877333 693.3504 811.639466-58.3936 49.877334zM772.266667 277.333333c0.853333 0.853333 110.08 85.333333 118.613333 214.186667 4.266667 65.706667-17.92 133.12-67.413333 199.68l52.053333 60.586667c68.266667-86.186667 99.84-174.933333 93.013333-264.533334-11.093333-163.84-143.36-266.24-149.333333-270.506666-17.066667-13.653333-40.96-10.24-53.76 6.826666-13.653333 17.066667-10.24 40.96 6.826667 53.76z\" fill=\"#333333\">\u003C/path>\u003Cpath d=\"M738.986667 520.533333c0 18.773333-4.266667 37.546667-12.8 56.32l53.76 63.146667c24.746667-37.546667 36.693333-77.653333 36.693333-119.466667-1.706667-115.2-99.84-196.266667-104.106667-199.68-16.213333-13.653333-40.106667-11.093333-53.76 5.12-13.653333 16.213333-11.093333 40.106667 5.12 53.76 0 0 74.24 62.293333 75.093334 140.8zM447.146667 250.88l85.333333-84.48c0-0.853333 0.853333-1.706667 2.56-0.853333 1.706667 0.853333 1.706667 1.706667 1.706667 2.56v187.733333L612.693333 443.733333V168.106667c0-32.426667-18.773333-61.44-48.64-73.386667-29.866667-12.8-63.146667-5.973333-86.186666 17.066667l-80.213334 80.213333 49.493334 58.88zM536.746667 565.76v295.253333c0 0.853333 0 1.706667-1.706667 2.56-1.706667 0-1.706667 0-2.56-0.853333L332.8 663.04C317.44 648.533333 297.813333 640 276.48 640H120.32c-1.706667 0-2.56-0.853333-2.56-2.56V402.773333c0-1.706667 0.853333-2.56 2.56-2.56v-0.853333h145.066667c21.333333 0 40.96-7.68 56.32-23.04l29.013333-29.013333-50.346667-58.88-33.28 33.28c0 0.853333-0.853333 0.853333-1.706666 0.853333h-145.066667c-43.52 0-79.36 35.84-79.36 79.36v234.666667c0 43.52 35.84 79.36 79.36 79.36h155.306667c0.853333 0 0.853333 0 1.706666 0.853333L477.866667 917.333333c15.36 15.36 35.84 23.04 56.32 23.04 10.24 0 20.48-1.706667 29.866666-5.12 29.013333-11.946667 48.64-40.96 48.64-73.386666V654.506667l-75.946666-88.746667z\" fill=\"#333333\">\u003C/path>\u003C/symbol>\u003Csymbol id=\"icona-manualrecording\" viewBox=\"0 0 1024 1024\">\u003Cpath d=\"M64 170.666667h597.333333a42.666667 42.666667 0 0 1 42.538667 39.466666L704 213.333333v597.333334a42.666667 42.666667 0 0 1-39.466667 42.538666L661.333333 853.333333h-597.333333a42.666667 42.666667 0 0 1-42.581333-39.466666L21.333333 810.666667V213.333333a42.666667 42.666667 0 0 1 39.466667-42.538666L64 170.666667z m554.666667 85.333333h-512v512h512V256z m384 75.349333v361.301334c0 33.152-39.808 53.632-71.082667 36.565333L768 640V384l163.584-89.216c31.274667-17.066667 71.082667 3.413333 71.082667 36.565333z m-85.333334 75.392l-64 25.6v159.36l64 25.6V406.698667zM320 341.333333v128h-128V341.333333h128z\" fill=\"#1D2129\">\u003C/path>\u003C/symbol>\u003Csymbol id=\"icona-fixedaspectratio\" viewBox=\"0 0 1024 1024\">\u003Cpath d=\"M896 128c11.306667 0 22.186667 4.053333 30.165333 11.264A36.565333 36.565333 0 0 1 938.666667 166.4v691.2a36.565333 36.565333 0 0 1-12.501334 27.136A45.184 45.184 0 0 1 896 896H128c-11.306667 0-22.186667-4.053333-30.165333-11.264A36.565333 36.565333 0 0 1 85.333333 857.6V166.4c0-10.197333 4.48-19.968 12.501334-27.136A45.226667 45.226667 0 0 1 128 128h768z m-42.666667 85.333333H170.666667v597.333334h682.666666V213.333333z\" fill=\"#1D2129\">\u003C/path>\u003Cpath d=\"M320.085333 554.666667a21.333333 21.333333 0 0 0 21.333334-21.333334V384h234.794666a21.333333 21.333333 0 0 0 21.333334-21.333333v-42.666667a21.333333 21.333333 0 0 0-21.333334-21.333333H298.666667a42.666667 42.666667 0 0 0-42.666667 42.666666v192a21.333333 21.333333 0 0 0 21.333333 21.333334h42.752zM725.333333 725.333333a42.666667 42.666667 0 0 0 42.666667-42.666666v-192a21.333333 21.333333 0 0 0-21.333333-21.333334h-42.666667a21.333333 21.333333 0 0 0-21.333333 21.333334V640h-234.666667a21.333333 21.333333 0 0 0-21.333333 21.333333v42.666667a21.333333 21.333333 0 0 0 21.333333 21.333333H725.333333z\" fill=\"#1D2129\">\u003C/path>\u003C/symbol>\u003Csymbol id=\"iconcolumn\" viewBox=\"0 0 1024 1024\">\u003Cpath d=\"M891.264 85.333333C917.461333 85.333333 938.666667 106.581333 938.666667 132.736v758.528A47.402667 47.402667 0 0 1 891.264 938.666667H132.736A47.402667 47.402667 0 0 1 85.333333 891.264V132.736C85.333333 106.538667 106.581333 85.333333 132.736 85.333333h758.528zM341.333333 170.666667H170.666667v682.666666h170.666666V170.666667z m512 0h-170.666666v682.666666h-85.333334V170.666667h-170.666666v682.666666h426.666666V170.666667z\" fill=\"#1D2129\">\u003C/path>\u003C/symbol>\u003Csymbol id=\"iconuser_group\" viewBox=\"0 0 1024 1024\">\u003Cpath d=\"M510.75122 515.746341m-497.014635 0a497.014634 497.014634 0 1 0 994.029269 0 497.014634 497.014634 0 1 0-994.029269 0Z\" fill=\"#E9EFF4\">\u003C/path>\u003Cpath d=\"M394.614634 480.780488c12.487805 9.990244 22.478049 18.731707 33.717073 26.22439 26.22439 17.482927 56.195122 24.97561 87.414634 23.726829 39.960976-2.497561 74.926829-16.234146 103.648781-44.956097 3.746341-3.746341 6.243902-4.995122 11.239024-1.248781 41.209756 33.717073 68.682927 76.17561 83.668293 126.12683 7.492683 28.721951 12.487805 57.443902 9.990244 86.165853-2.497561 23.726829-7.492683 47.453659-26.22439 63.687805-9.990244 9.990244-22.478049 16.234146-36.214634 19.980488-21.229268 6.243902-42.458537 8.741463-64.936586 8.741463-52.44878 0-104.897561 0-157.346341-1.24878-28.721951 0-57.443902-3.746341-86.165854-12.487805-32.468293-11.239024-52.44878-33.717073-57.443902-68.682927-3.746341-27.473171-1.24878-53.697561 4.995122-81.170732 7.492683-33.717073 21.229268-64.936585 41.209756-93.658536 13.736585-18.731707 28.721951-34.965854 47.453658-48.702439 2.497561-1.24878 3.746341-1.24878 4.995122-2.497561z\" fill=\"#1788FF\">\u003C/path>\u003Cpath d=\"M510.75122 497.014634c-63.687805 2.497561-122.380488-52.44878-121.131708-122.380488 1.24878-67.434146 56.195122-119.882927 122.380488-119.882926 66.185366 0 121.131707 53.697561 121.131707 122.380487-1.24878 67.434146-58.692683 121.131707-122.380487 119.882927z\" fill=\"#1788FF\">\u003C/path>\u003Cpath d=\"M689.326829 499.512195c17.482927 7.492683 34.965854 12.487805 53.697561 12.487805 32.468293-1.24878 58.692683-12.487805 81.170732-34.965854 3.746341-3.746341 6.243902-3.746341 9.990244-1.24878 31.219512 24.97561 52.44878 57.443902 63.687805 96.156097 4.995122 18.731707 7.492683 38.712195 7.492683 58.692683 0 14.985366-2.497561 31.219512-9.990244 44.956098-8.741463 14.985366-21.229268 22.478049-37.463415 27.473171-19.980488 6.243902-41.209756 6.243902-62.439024 6.243902h-37.463415c-4.995122 0-6.243902-2.497561-6.243902-6.243902 2.497561-26.22439 1.24878-52.44878-4.995122-78.673171-8.741463-44.956098-27.473171-86.165854-56.195122-121.131707 1.24878 0 1.24878-1.24878-1.248781-3.746342zM328.429268 500.760976c-11.239024 17.482927-22.478049 34.965854-32.468292 53.697561-11.239024 19.980488-17.482927 41.209756-22.478049 62.439024-6.243902 24.97561-7.492683 49.95122-7.492683 74.926829 0 4.995122 1.24878 9.990244 1.24878 13.736586 0 3.746341-1.24878 4.995122-3.746341 4.995122-31.219512 0-62.439024 0-92.409756-7.492683-23.726829-4.995122-42.458537-16.234146-51.2-41.209756-4.995122-13.736585-6.243902-27.473171-4.995122-42.458537 1.24878-23.726829 6.243902-46.204878 14.985366-68.682927 12.487805-29.970732 31.219512-56.195122 57.443902-76.17561 3.746341-2.497561 4.995122-1.24878 7.492683 1.248781 24.97561 23.726829 53.697561 36.214634 88.663415 34.965854 16.234146 0 32.468293-3.746341 44.956097-9.990244z\" fill=\"#7A8EA5\">\u003C/path>\u003Cpath d=\"M279.726829 485.77561c-49.95122 1.24878-93.658537-41.209756-93.658536-91.160976-1.24878-53.697561 42.458537-93.658537 91.160975-94.907317 53.697561-1.24878 93.658537 42.458537 94.907317 89.912195 2.497561 54.946341-44.956098 97.404878-92.409756 96.156098zM741.77561 485.77561c-49.95122 1.24878-91.160976-41.209756-93.658537-89.912195-1.24878-53.697561 42.458537-96.156098 92.409756-96.156098 48.702439-1.24878 93.658537 39.960976 93.658537 94.907317 0 49.95122-43.707317 92.409756-92.409756 91.160976z\" fill=\"#7A8EA5\">\u003C/path>\u003C/symbol>\u003Csymbol id=\"icona-user2\" viewBox=\"0 0 1024 1024\">\u003Cpath d=\"M341.333191 383.99984a170.666596 170.666596 0 1 0 341.290525 0A170.666596 170.666596 0 0 0 341.333191 383.99984z\" fill=\"#F5F7FF\">\u003C/path>\u003Cpath d=\"M511.999787 0c282.773216 0 511.999787 229.226571 511.999786 511.999787S794.773002 1023.999573 511.999787 1023.999573 0 794.773002 0 511.999787 229.226571 0 511.999787 0z m0 213.333244a170.666596 170.666596 0 1 0 0 341.333192 170.666596 170.666596 0 0 0 0-341.333192z\" fill=\"#D6DCED\">\u003C/path>\u003Cpath d=\"M511.999787 639.999733c161.1306 0 296.191877 111.637287 332.031861 261.781225A510.079787 510.079787 0 0 1 511.999787 1023.999573a509.951788 509.951788 0 0 1-331.989195-122.218615C215.80791 751.63702 350.89052 639.999733 511.999787 639.999733z\" fill=\"#F5F7FF\">\u003C/path>\u003C/symbol>\u003Csymbol id=\"iconfolder2\" viewBox=\"0 0 1024 1024\">\u003Cpath d=\"M351.010133 0a136.533333 136.533333 0 0 1 84.650667 29.4144L495.633067 76.8H887.466667c75.409067 0 136.533333 61.124267 136.533333 136.533333v605.866667c0 113.109333-91.690667 204.8-204.8 204.8H640c-72.0384 0-135.3728-37.1968-171.886933-93.422933l-8.234667 11.0592A204.8 204.8 0 0 1 295.697067 1024H204.8c-113.109333 0-204.8-91.690667-204.8-204.8V136.533333C0 61.124267 61.124267 0 136.533333 0h214.4768z\" fill=\"#F8AA28\">\u003C/path>\u003Cpath d=\"M102.4 179.2m102.4 0l614.4 0q102.4 0 102.4 102.4l0 170.666667q0 102.4-102.4 102.4l-614.4 0q-102.4 0-102.4-102.4l0-170.666667q0-102.4 102.4-102.4Z\" fill=\"#FFEFD5\">\u003C/path>\u003Cpath d=\"M0 375.466667c0-56.5504 45.8496-102.4 102.4-102.4h819.2c56.5504 0 102.4 45.8496 102.4 102.4v512c0 75.409067-61.124267 136.533333-136.533333 136.533333H136.533333c-75.409067 0-136.533333-61.124267-136.533333-136.533333V375.466667z\" fill=\"#FBC931\">\u003C/path>\u003C/symbol>\u003Csymbol id=\"iconwarning2\" viewBox=\"0 0 1024 1024\">\u003Cpath d=\"M514.56 13.653333c-273.066667 0-494.933333 221.866667-494.933333 494.933334s221.866667 494.933333 494.933333 494.933333c272.213333 0 494.08-221.866667 494.933333-494.933333 0-273.066667-221.866667-494.933333-494.933333-494.933334z\" fill=\"#F8AA01\">\u003C/path>\u003Cpath d=\"M514.56 640c-21.333333 0-38.4-17.066667-38.4-38.4V308.053333c0-21.333333 17.066667-38.4 38.4-38.4s38.4 17.066667 38.4 38.4v293.546667c0 21.333333-17.92 38.4-38.4 38.4z\" fill=\"#FFFFFF\">\u003C/path>\u003Cpath d=\"M514.56 709.12m-38.4 0a38.4 38.4 0 1 0 76.8 0 38.4 38.4 0 1 0-76.8 0Z\" fill=\"#FFFFFF\">\u003C/path>\u003C/symbol>\u003Csymbol id=\"iconrisky\" viewBox=\"0 0 1024 1024\">\u003Cpath d=\"M514.497561 514.497561m-504.507317 0a504.507317 504.507317 0 1 0 1009.014634 0 504.507317 504.507317 0 1 0-1009.014634 0Z\" fill=\"#C53709\">\u003C/path>\u003Cpath d=\"M563.2 314.692683c-4.995122 77.42439-9.990244 147.356098-14.985366 218.536585l-3.746341 48.702439c-1.24878 17.482927-13.736585 29.970732-29.970732 28.721952-14.985366 0-27.473171-12.487805-28.721951-28.721952-6.243902-84.917073-12.487805-168.585366-18.731708-254.751219-2.497561-39.960976 27.473171-67.434146 62.439025-57.443903 19.980488 7.492683 33.717073 27.473171 33.717073 44.956098zM515.746341 661.853659c26.22439 0 46.204878 21.229268 46.204879 46.204878 0 28.721951-21.229268 51.2-48.70244 51.2-26.22439 0-48.702439-22.478049-48.702439-48.702439 0-26.22439 22.478049-48.702439 51.2-48.702439z\" fill=\"#FFFFFF\">\u003C/path>\u003C/symbol>\u003Csymbol id=\"iconnormal\" viewBox=\"0 0 1024 1024\">\u003Cpath d=\"M510.75122 11.239024C232.273171 11.239024 6.243902 237.268293 6.243902 515.746341s226.029268 504.507317 504.507318 504.507318c277.229268 0 503.258537-226.029268 504.507317-504.507318C1014.009756 237.268293 787.980488 11.239024 510.75122 11.239024z\" fill=\"#1EB300\">\u003C/path>\u003Cpath d=\"M477.034146 719.297561c-62.439024-44.956098-123.629268-88.663415-187.317073-133.619512 12.487805-17.482927 23.726829-33.717073 36.214634-51.2 44.956098 32.468293 89.912195 63.687805 134.868293 96.156097 72.429268-107.395122 144.858537-214.790244 218.536585-322.185366 17.482927 12.487805 33.717073 23.726829 51.2 34.965854-83.668293 126.126829-167.336585 249.756098-253.502439 375.882927z\" fill=\"#FFFFFF\">\u003C/path>\u003C/symbol>\u003Csymbol id=\"iconicon_volume\" viewBox=\"0 0 1024 1024\">\u003Cpath d=\"M1010.263415 477.034146C1010.263415 218.536585 799.219512 7.492683 538.22439 7.492683c-63.687805 0-123.629268 12.487805-178.57561 34.965854l178.57561 434.575609h472.039025z\" fill=\"#0567FF\">\u003C/path>\u003Cpath d=\"M323.434146 52.44878c-182.321951 74.926829-312.195122 254.75122-312.195122 464.546342 0 277.229268 224.780488 500.760976 500.760976 500.760976s502.009756-223.531707 502.009756-500.760976H513.24878L323.434146 52.44878z\" fill=\"#B8BEC2\">\u003C/path>\u003C/symbol>\u003Csymbol id=\"iconicon_lan_disabled\" viewBox=\"0 0 1024 1024\">\u003Cpath d=\"M17.92 261.12s-1.28-43.52 42.24-51.2h184.32l38.4-124.16s12.8-25.6 43.52-25.6H704s33.28-3.84 47.36 30.72l35.84 119.04h180.48s39.68-1.28 46.08 48.64v651.52s2.56 52.48-47.36 56.32H64s-42.24 1.28-46.08-51.2V261.12z\" fill=\"#8F99A0\">\u003C/path>\u003Cpath d=\"M855.04 396.8c12.8 0 23.04 11.52 23.04 25.6V826.88c-1.28 11.52-10.24 20.48-23.04 20.48h-46.08v-99.84h-90.88v99.84H582.4v-99.84h-90.88v99.84H354.56v-99.84h-90.88v99.84h-96c-10.24-1.28-17.92-11.52-17.92-25.6V417.28c1.28-11.52 10.24-20.48 23.04-20.48h682.24z\" fill=\"#FFFFFF\">\u003C/path>\u003C/symbol>\u003Csymbol id=\"iconicon_lan_enabled\" viewBox=\"0 0 1024 1024\">\u003Cpath d=\"M15.36 263.68s-1.28-43.52 42.24-51.2h184.32l38.4-124.16s12.8-25.6 43.52-25.6h377.6s33.28-3.84 47.36 30.72l35.84 119.04h180.48s39.68-1.28 46.08 48.64v651.52s2.56 52.48-47.36 56.32H61.44s-42.24 1.28-46.08-51.2V263.68z\" fill=\"#0567FF\">\u003C/path>\u003Cpath d=\"M852.48 399.36c12.8 0 23.04 11.52 23.04 25.6V829.44c-1.28 11.52-10.24 20.48-23.04 20.48H806.4v-99.84h-89.6v99.84H579.84v-99.84h-90.88v99.84H352v-99.84h-90.88v99.84H166.4c-10.24-1.28-17.92-11.52-17.92-25.6V419.84c1.28-11.52 10.24-20.48 23.04-20.48h680.96z\" fill=\"#FFFFFF\">\u003C/path>\u003C/symbol>\u003Csymbol id=\"icontemperature_blue\" viewBox=\"0 0 1024 1024\">\u003Cpath d=\"M518.506667 64C561.813333 64 597.333333 100.309333 597.333333 144.576v475.648a170.666667 170.666667 0 1 1-170.666666 0V144.576C426.666667 100.309333 462.186667 64 505.493333 64h13.013334z\" fill=\"#C9CDD4\">\u003C/path>\u003Cpath d=\"M512 362.666667a42.666667 42.666667 0 0 1 42.666667 42.666666v288.789334a85.269333 85.269333 0 0 1 17.664 134.208A85.333333 85.333333 0 1 1 469.333333 694.144V405.333333a42.666667 42.666667 0 0 1 42.666667-42.666666z\" fill=\"#0992F6\">\u003C/path>\u003C/symbol>\u003Csymbol id=\"icontemperature_red\" viewBox=\"0 0 1024 1024\">\u003Cpath d=\"M518.506667 64C561.813333 64 597.333333 100.309333 597.333333 144.576v475.648a170.666667 170.666667 0 1 1-170.666666 0V144.576C426.666667 100.309333 462.186667 64 505.493333 64h13.013334z\" fill=\"#C9CDD4\">\u003C/path>\u003Cpath d=\"M512 106.666667a42.666667 42.666667 0 0 1 42.666667 42.666666v544.789334a85.269333 85.269333 0 0 1 17.664 134.208A85.333333 85.333333 0 1 1 469.333333 694.144V149.333333a42.666667 42.666667 0 0 1 42.666667-42.666666z\" fill=\"#EA0001\">\u003C/path>\u003C/symbol>\u003Csymbol id=\"icontemperature_yellow\" viewBox=\"0 0 1024 1024\">\u003Cpath d=\"M518.506667 64C561.813333 64 597.333333 100.309333 597.333333 144.576v475.648a170.666667 170.666667 0 1 1-170.666666 0V144.576C426.666667 100.309333 462.186667 64 505.493333 64h13.013334z\" fill=\"#C9CDD4\">\u003C/path>\u003Cpath d=\"M512 234.666667a42.666667 42.666667 0 0 1 42.666667 42.666666v416.789334a85.269333 85.269333 0 0 1 17.664 134.208A85.333333 85.333333 0 1 1 469.333333 694.144V277.333333a42.666667 42.666667 0 0 1 42.666667-42.666666z\" fill=\"#F9A600\">\u003C/path>\u003C/symbol>\u003Csymbol id=\"iconfan_blue\" viewBox=\"0 0 1024 1024\">\u003Cpath d=\"M509.502439 1010.263415c-273.482927 0-495.765854-222.282927-495.765854-497.014635S236.019512 16.234146 509.502439 16.234146s495.765854 222.282927 495.765854 497.014634-221.034146 497.014634-495.765854 497.014635z m0-954.068293C324.682927 56.195122 158.595122 167.336585 87.414634 338.419512 17.482927 508.253659 56.195122 705.560976 187.317073 836.682927c129.873171 129.873171 327.180488 169.834146 498.263415 98.653658 171.082927-71.180488 282.22439-237.268293 282.22439-422.087805-1.24878-252.253659-204.8-457.053659-458.302439-457.053658z\" fill=\"#0992F6\">\u003C/path>\u003Cpath d=\"M593.170732 518.243902c0 42.458537-34.965854 76.17561-76.17561 76.17561s-76.17561-34.965854-76.17561-76.17561 34.965854-76.17561 76.17561-76.175609c42.458537-1.24878 77.42439 33.717073 76.17561 76.175609z m-76.17561-49.951219c-19.980488 0-37.463415 12.487805-46.204878 29.970732-7.492683 18.731707-3.746341 39.960976 9.990244 54.946341 13.736585 13.736585 34.965854 18.731707 54.946341 11.239024 18.731707-7.492683 31.219512-26.22439 31.219512-46.204878 0-12.487805-4.995122-26.22439-14.985365-34.965853-8.741463-9.990244-21.229268-14.985366-34.965854-14.985366z\" fill=\"#0992F6\">\u003C/path>\u003Cpath d=\"M844.17561 373.385366c-28.721951-26.22439-46.204878-34.965854-96.156098-51.2-39.960976-13.736585-132.370732-14.985366-166.087805 43.707317l-34.965853 61.190244c-4.995122 8.741463-8.741463 18.731707-9.990244 27.473171l56.195122 73.678048c28.721951 3.746341 69.931707 4.995122 96.156097 21.229269 32.468293 21.229268 84.917073 76.17561 109.892683 91.160975 41.209756 23.726829 82.419512-18.731707 96.156098-46.204878 16.234146-31.219512 53.697561-136.117073-51.2-221.034146z\" fill=\"#0992F6\">\u003C/path>\u003Cpath d=\"M581.931707 586.926829c-3.746341-8.741463-11.239024-14.985366-18.731707-21.229268l-8.741463 1.24878c9.990244-11.239024 16.234146-26.22439 16.234146-43.707317 0-33.717073-23.726829-59.941463-53.697561-59.941463-18.731707 0-33.717073 9.990244-43.707317 24.97561l8.741463-24.97561c-9.990244-26.22439-29.970732-62.439024-28.721951-93.658537 1.24878-37.463415 23.726829-111.141463 23.726829-141.112195 0-48.702439-57.443902-62.439024-87.414634-59.941463-34.965854 1.24878-143.609756 22.478049-163.590244 154.84878-7.492683 37.463415-7.492683 57.443902 3.746342 108.643903 7.492683 41.209756 57.443902 124.878049 124.878049 124.878049l62.439024-3.746342c9.990244 0 29.970732 0 38.712195-3.746341l11.239024-33.717074c0 2.497561-1.24878 4.995122-1.24878 7.492683 0 21.229268 9.990244 38.712195 23.726829 49.95122H474.536585c-18.731707 22.478049-43.707317 61.190244-68.682926 73.678049-34.965854 18.731707-107.395122 36.214634-133.619513 51.2-41.209756 23.726829-23.726829 79.921951-7.492683 106.146341 18.731707 28.721951 91.160976 113.639024 216.039025 64.936586 37.463415-12.487805 53.697561-23.726829 92.409756-57.443903 31.219512-26.22439 71.180488-107.395122 44.956097-164.839024L581.931707 586.926829z m-134.868292-74.926829l2.497561-8.741463 3.746341-26.224391c3.746341 7.492683 6.243902 11.239024 6.243903 11.239025-1.24878 9.990244-4.995122 17.482927-12.487805 23.726829z m68.682926 69.931707l-11.239024 1.248781c1.24878-1.24878 3.746341-1.24878 4.995122-2.497561 1.24878 1.24878 3.746341 1.24878 6.243902 1.24878z\" fill=\"#0992F6\">\u003C/path>\u003C/symbol>\u003Csymbol id=\"iconfan_yellow\" viewBox=\"0 0 1024 1024\">\u003Cpath d=\"M514.497561 1010.263415c-273.482927 0-495.765854-222.282927-495.765854-497.014635S239.765854 16.234146 514.497561 16.234146s495.765854 222.282927 495.765854 497.014634-221.034146 497.014634-495.765854 497.014635z m0-954.068293c-184.819512 0-350.907317 111.141463-422.087805 282.22439C21.229268 508.253659 59.941463 705.560976 191.063415 836.682927c129.873171 129.873171 327.180488 169.834146 498.263414 98.653658s282.22439-237.268293 282.224391-422.087805c0-252.253659-204.8-457.053659-457.053659-457.053658z\" fill=\"#FFCC01\">\u003C/path>\u003Cpath d=\"M598.165854 518.243902c0 42.458537-34.965854 76.17561-76.17561 76.17561-42.458537 0-76.17561-34.965854-76.17561-76.17561 0-42.458537 34.965854-76.17561 76.17561-76.175609s77.42439 33.717073 76.17561 76.175609z m-76.17561-49.951219c-19.980488 0-37.463415 12.487805-46.204878 29.970732-7.492683 18.731707-3.746341 39.960976 9.990244 54.946341 13.736585 13.736585 34.965854 18.731707 54.946341 11.239024 18.731707-7.492683 31.219512-26.22439 31.219512-46.204878 0-12.487805-4.995122-26.22439-14.985365-34.965853-8.741463-9.990244-22.478049-14.985366-34.965854-14.985366z\" fill=\"#FFCC01\">\u003C/path>\u003Cpath d=\"M847.921951 373.385366c-28.721951-26.22439-46.204878-34.965854-96.156097-51.2-39.960976-13.736585-132.370732-14.985366-166.087805 43.707317l-34.965854 61.190244c-4.995122 8.741463-8.741463 18.731707-9.990244 27.473171l56.195122 73.678048c28.721951 3.746341 69.931707 4.995122 96.156098 21.229269 32.468293 21.229268 84.917073 76.17561 109.892683 91.160975 41.209756 23.726829 82.419512-18.731707 96.156097-46.204878 17.482927-31.219512 54.946341-136.117073-51.2-221.034146z\" fill=\"#FFCC01\">\u003C/path>\u003Cpath d=\"M586.926829 586.926829c-3.746341-8.741463-11.239024-14.985366-18.731707-21.229268l-8.741463 1.24878c9.990244-11.239024 16.234146-26.22439 16.234146-43.707317 0-33.717073-23.726829-59.941463-53.697561-59.941463-18.731707 0-33.717073 9.990244-43.707317 24.97561l8.741463-24.97561c-9.990244-26.22439-29.970732-62.439024-28.721951-93.658537 1.24878-37.463415 23.726829-111.141463 23.726829-141.112195 0-48.702439-57.443902-62.439024-87.414634-59.941463-34.965854 1.24878-143.609756 22.478049-163.590244 154.84878-7.492683 37.463415-7.492683 57.443902 3.746342 108.643903 7.492683 41.209756 57.443902 124.878049 124.878048 124.878049l62.439025-3.746342c9.990244 0 29.970732 0 38.712195-3.746341l11.239024-33.717074c0 2.497561-1.24878 4.995122-1.24878 7.492683 0 21.229268 9.990244 38.712195 23.726829 49.95122l-14.985366 1.24878c-18.731707 22.478049-43.707317 61.190244-68.682927 73.678049-34.965854 18.731707-107.395122 36.214634-133.619512 51.2-41.209756 23.726829-23.726829 79.921951-7.492683 106.146342 18.731707 28.721951 91.160976 113.639024 216.039025 64.936585 37.463415-12.487805 53.697561-23.726829 92.409756-57.443902 31.219512-26.22439 71.180488-107.395122 44.956097-164.839025L586.926829 586.926829z m-134.868292-74.926829l2.497561-8.741463 3.746341-26.224391c3.746341 7.492683 6.243902 11.239024 6.243902 11.239025-1.24878 9.990244-6.243902 17.482927-12.487804 23.726829z m67.434146 69.931707l-11.239024 1.248781c1.24878-1.24878 3.746341-1.24878 4.995121-2.497561 2.497561 1.24878 4.995122 1.24878 6.243903 1.24878z\" fill=\"#FFCC01\">\u003C/path>\u003C/symbol>\u003Csymbol id=\"iconnetwork\" viewBox=\"0 0 1024 1024\">\u003Cpath d=\"M493.268293 714.302439c57.443902 26.22439 112.390244 46.204878 166.087805 59.941463v4.995122c0 12.487805 4.995122 23.726829 12.487804 32.468293-36.214634 63.687805-47.453659 126.126829-27.47317 168.585366-42.458537 12.487805-86.165854 17.482927-132.370732 17.482927-83.668293 0-163.590244-21.229268-232.273171-58.692683-1.24878-61.190244 49.95122-142.360976 136.117073-221.034147 9.990244 6.243902 22.478049 11.239024 34.965854 11.239025 16.234146 1.24878 31.219512-3.746341 42.458537-14.985366z m433.326829 56.195122C869.15122 862.907317 779.239024 936.585366 673.092683 972.8c-17.482927-33.717073-7.492683-88.663415 23.726829-144.858537 3.746341 1.24878 6.243902 1.24878 11.239025 1.248781 22.478049 0 42.458537-16.234146 47.453658-37.463415 64.936585 6.243902 121.131707 0 166.087805-18.731707l4.995122-2.497561zM243.512195 554.458537c42.458537 37.463415 93.658537 74.926829 147.356098 107.395122-1.24878 3.746341-1.24878 6.243902-1.248781 9.990243 0 9.990244 2.497561 19.980488 6.243903 28.721952-84.917073 77.42439-139.863415 158.595122-144.858537 226.029268-14.985366-9.990244-28.721951-18.731707-42.458537-29.970732-36.214634-81.170732-26.22439-206.04878 27.473171-337.170731 2.497561-3.746341 4.995122-4.995122 7.492683-4.995122z m-174.829268-247.258537c14.985366 57.443902 52.44878 119.882927 107.395122 181.073171-3.746341 6.243902-6.243902 14.985366-6.243903 22.478049 0 22.478049 14.985366 39.960976 33.717074 47.453658-42.458537 109.892683-56.195122 214.790244-38.712196 298.458537C77.42439 768 22.478049 645.619512 22.478049 512c0-69.931707 14.985366-136.117073 42.458536-197.307317l3.746342-7.492683z m694.321951 434.57561c74.926829-74.926829 164.839024-109.892683 218.536585-93.658537-6.243902 21.229268-13.736585 42.458537-22.478048 62.439025-36.214634 44.956098-112.390244 61.190244-206.048781 51.2-1.24878-2.497561-1.24878-3.746341-3.746341-6.243903l13.736585-13.736585zM568.195122 611.902439c177.326829-102.4 357.15122-132.370732 432.078049-82.419512-1.24878 31.219512-4.995122 62.439024-12.487805 91.160975-66.185366-19.980488-166.087805 19.980488-247.258537 101.15122-3.746341 3.746341-9.990244 9.990244-13.736585 14.985366-6.243902-2.497561-12.487805-3.746341-19.980488-3.746342-14.985366 0-27.473171 6.243902-36.214634 16.234147-51.2-12.487805-107.395122-31.219512-162.341463-57.443903 2.497561-6.243902 3.746341-12.487805 3.746341-19.980488s-1.24878-14.985366-3.746341-21.229268c19.980488-14.985366 38.712195-27.473171 59.941463-38.712195zM911.609756 229.77561c52.44878 74.926829 84.917073 166.087805 88.663415 264.741463-93.658537-44.956098-272.234146-9.990244-447.063415 91.160976-21.229268 12.487805-42.458537 26.22439-61.190244 38.712195-11.239024-9.990244-24.97561-14.985366-39.960975-14.985366-19.980488 0-37.463415 9.990244-48.702439 23.726829-52.44878-31.219512-98.653659-66.185366-139.863415-101.151219 2.497561-6.243902 3.746341-13.736585 3.746341-19.980488s-1.24878-11.239024-2.497561-16.234146c16.234146-31.219512 34.965854-63.687805 56.195122-96.156098 11.239024-16.234146 22.478049-32.468293 34.965854-47.453658 2.497561 1.24878 6.243902 1.24878 9.990244 1.24878 14.985366 0 27.473171-8.741463 32.468293-19.980488 43.707317 6.243902 89.912195 11.239024 138.614634 11.239025 167.336585-1.24878 313.443902-47.453659 374.634146-114.887805z m-771.746341-34.965854c22.478049 52.44878 93.658537 96.156098 189.814634 121.131707v-1.24878 3.746341c0 3.746341 1.24878 6.243902 2.497561 9.990244l1.24878 3.746342c-12.487805 16.234146-23.726829 32.468293-36.214634 49.951219-19.980488 28.721951-36.214634 58.692683-52.44878 87.414634-7.492683-4.995122-16.234146-7.492683-26.224391-7.492683-7.492683 0-14.985366 1.24878-21.229268 4.995122-63.687805-71.180488-102.4-143.609756-106.146341-202.302439 12.487805-22.478049 28.721951-43.707317 44.956097-63.687804l3.746342-6.243903zM398.360976 299.707317C544.468293 138.614634 720.546341 67.434146 820.44878 134.868293l1.248781-1.248781c26.22439 21.229268 49.95122 44.956098 71.180488 71.180488-49.95122 61.190244-191.063415 107.395122-355.902439 107.395122-49.95122 0-96.156098-3.746341-139.863415-11.239024h2.497561c0 1.24878 0 0-1.24878-1.248781zM512 22.478049c82.419512 0 161.092683 19.980488 229.77561 57.443902-109.892683-4.995122-248.507317 71.180488-364.643903 201.053659-3.746341-1.24878-6.243902-1.24878-11.239024-1.248781-9.990244 0-18.731707 3.746341-26.22439 9.990244-98.653659-26.22439-167.336585-69.931707-177.32683-118.634146C251.004878 79.921951 374.634146 22.478049 512 22.478049z\" fill=\"#1788FF\">\u003C/path>\u003Cpath d=\"M513.24878 11.239024C238.517073 11.239024 16.234146 233.521951 16.234146 508.253659S237.268293 1005.268293 513.24878 1005.268293s497.014634-222.282927 497.014635-497.014634S787.980488 11.239024 513.24878 11.239024z m0 11.239025c267.239024 0 484.526829 217.287805 484.52683 484.526829s-216.039024 487.02439-484.52683 487.02439S28.721951 776.741463 28.721951 508.253659 244.760976 22.478049 513.24878 22.478049z\" fill=\"#007BEA\">\u003C/path>\u003C/symbol>\u003Csymbol id=\"iconarrow_down_blue\" viewBox=\"0 0 1024 1024\">\u003Cpath d=\"M506.026667 768.853333c-11.093333-1.706667-21.333333-6.826667-29.013334-14.506666L58.026667 328.533333c-14.506667-15.36-14.506667-39.253333 0-54.613333 15.36-14.506667 39.253333-14.506667 54.613333 0L512 679.253333l399.36-405.333333c15.36-14.506667 39.253333-14.506667 54.613333 0 14.506667 15.36 14.506667 39.253333 0 54.613333L546.986667 754.346667c-8.533333 8.533333-18.773333 12.8-29.013334 14.506666-5.12 0.853333-9.386667 0.853333-11.946666 0z\" fill=\"#0086E6\">\u003C/path>\u003C/symbol>\u003Csymbol id=\"iconarrow_up_blue\" viewBox=\"0 0 1024 1024\">\u003Cpath d=\"M506.026667 263.68c-11.093333 1.706667-21.333333 6.826667-29.013334 14.506667L58.026667 704c-14.506667 15.36-14.506667 39.253333 0 54.613333 15.36 14.506667 39.253333 14.506667 54.613333 0L512 353.28l399.36 405.333333c15.36 14.506667 39.253333 14.506667 54.613333 0 14.506667-15.36 14.506667-39.253333 0-54.613333L546.986667 278.186667c-8.533333-8.533333-18.773333-12.8-29.013334-14.506667-5.12-0.853333-9.386667-0.853333-11.946666 0z\" fill=\"#0086E6\">\u003C/path>\u003C/symbol>\u003Csymbol id=\"iconBack\" viewBox=\"0 0 1024 1024\">\u003Cpath d=\"M371.626667 512l389.333333 357.973333a21.162667 21.162667 0 0 1 7.04 15.573334c0 5.845333-2.56 11.434667-7.04 15.530666l-33.834667 31.146667a25.045333 25.045333 0 0 1-16.938666 6.442667 25.045333 25.045333 0 0 1-16.938667-6.442667l-423.253333-389.12A42.282667 42.282667 0 0 1 256 512c0-11.690667 5.034667-22.869333 14.037333-31.146667l423.210667-389.077333A25.045333 25.045333 0 0 1 710.186667 85.333333c6.314667 0 12.416 2.304 16.896 6.442667l33.877333 31.146667a21.930667 21.930667 0 0 1 5.205333 7.125333 20.437333 20.437333 0 0 1 0 16.853333 21.930667 21.930667 0 0 1-5.205333 7.125334L371.626667 512z\" fill=\"#1D2129\">\u003C/path>\u003C/symbol>\u003Csymbol id=\"iconNext\" viewBox=\"0 0 1024 1024\">\u003Cpath d=\"M652.373333 512l-389.333333 357.973333a21.162667 21.162667 0 0 0-7.04 15.573334c0 5.845333 2.56 11.434667 7.04 15.530666l33.834667 31.146667a25.045333 25.045333 0 0 0 16.938666 6.442667 25.045333 25.045333 0 0 0 16.938667-6.442667l423.253333-389.12A42.282667 42.282667 0 0 0 768 512a42.282667 42.282667 0 0 0-14.037333-31.146667L330.752 91.818667A25.045333 25.045333 0 0 0 313.813333 85.333333a25.045333 25.045333 0 0 0-16.896 6.442667l-33.877333 31.146667a21.973333 21.973333 0 0 0-5.205333 7.125333 20.48 20.48 0 0 0 5.205333 23.978667L652.373333 512z\" fill=\"#1D2129\">\u003C/path>\u003C/symbol>\u003Csymbol id=\"icona-Deleteall\" viewBox=\"0 0 1024 1024\">\u003Cpath d=\"M511.146667 1009.493333c-273.066667 0-494.933333-221.866667-494.933334-494.933333s221.866667-494.933333 494.933334-494.933333 494.933333 221.866667 494.933333 494.933333c-0.853333 273.066667-222.72 494.933333-494.933333 494.933333z m0-913.066666c-230.4 0-418.133333 187.733333-418.133334 418.133333s187.733333 418.133333 418.133334 418.133333 418.133333-187.733333 418.133333-418.133333-187.733333-418.133333-418.133333-418.133333z\" fill=\"#333333\">\u003C/path>\u003Cpath d=\"M768.853333 402.773333H254.293333c-18.773333 0-34.133333-15.36-34.133333-34.133333s15.36-34.133333 34.133333-34.133333h514.56c18.773333 0 34.133333 15.36 34.133334 34.133333s-15.36 34.133333-34.133334 34.133333zM416.426667 679.253333c-18.773333 0-34.133333-15.36-34.133334-34.133333V532.48c0-18.773333 15.36-34.133333 34.133334-34.133333s34.133333 15.36 34.133333 34.133333v112.64c0 18.773333-14.506667 34.133333-34.133333 34.133333zM511.146667 679.253333c-18.773333 0-34.133333-15.36-34.133334-34.133333V532.48c0-18.773333 15.36-34.133333 34.133334-34.133333s34.133333 15.36 34.133333 34.133333v112.64c0 18.773333-15.36 34.133333-34.133333 34.133333zM605.013333 679.253333c-18.773333 0-34.133333-15.36-34.133333-34.133333V532.48c0-18.773333 15.36-34.133333 34.133333-34.133333s34.133333 15.36 34.133334 34.133333v112.64c0 18.773333-15.36 34.133333-34.133334 34.133333z\" fill=\"#333333\">\u003C/path>\u003Cpath d=\"M654.506667 824.32H367.786667c-48.64 0-87.893333-39.253333-87.893334-87.893333V334.506667H742.4v401.92c0 48.64-39.253333 87.893333-87.893333 87.893333zM349.013333 402.773333v333.653334c0 10.24 8.533333 19.626667 19.626667 19.626666h286.72c10.24 0 19.626667-8.533333 19.626667-19.626666V402.773333H349.013333zM439.466667 333.653333c2.56-36.693333 34.133333-66.56 71.68-66.56s68.266667 29.013333 71.68 66.56h68.266666c-2.56-74.24-64-134.826667-139.946666-134.826666-75.093333 0-136.533333 59.733333-139.946667 134.826666h68.266667z\" fill=\"#333333\">\u003C/path>\u003C/symbol>\u003Csymbol id=\"iconNew_tag1\" viewBox=\"0 0 1024 1024\">\u003Cpath d=\"M899.84 85.333333a37.12 37.12 0 0 1 27.477333 12.501334c7.253333 7.978667 11.349333 18.858667 11.349334 30.165333v768c0 11.306667-4.096 22.186667-11.349334 30.165333a37.12 37.12 0 0 1-27.434666 12.501334H124.117333a37.12 37.12 0 0 1-27.434666-12.501334A44.928 44.928 0 0 1 85.333333 896V128c0-11.306667 4.096-22.186667 11.349334-30.165333A37.12 37.12 0 0 1 124.16 85.333333h775.765333z m-38.741333 85.333334H162.901333v682.666666h698.197334V170.666667z\" fill=\"#1D2129\">\u003C/path>\u003Cpath d=\"M548.437333 304.896A21.333333 21.333333 0 0 1 554.666667 320V469.333333h149.333333a21.333333 21.333333 0 0 1 21.333333 21.333334v42.666666a21.333333 21.333333 0 0 1-21.333333 21.333334H554.666667v149.333333a21.333333 21.333333 0 0 1-21.333334 21.333333h-42.666666a21.333333 21.333333 0 0 1-21.333334-21.333333V554.666667H320a21.333333 21.333333 0 0 1-21.333333-21.333334v-42.666666a21.333333 21.333333 0 0 1 21.333333-21.333334H469.333333V320a21.333333 21.333333 0 0 1 21.333334-21.333333h42.666666a21.333333 21.333333 0 0 1 15.104 6.229333z\" fill=\"#1D2129\">\u003C/path>\u003C/symbol>\u003Csymbol id=\"iconcss\" viewBox=\"0 0 1024 1024\">\u003Cpath d=\"M147.626667 23.893333h512l243.2 246.613334v704.853333c0 15.36-11.946667 27.306667-27.306667 27.306667H147.626667c-15.36 0-27.306667-11.946667-27.306667-27.306667V51.2c0-15.36 12.8-27.306667 27.306667-27.306667z m0 0\" fill=\"#5E6D96\">\u003C/path>\u003Cpath d=\"M659.626667 23.893333v219.306667c0 15.36 11.946667 27.306667 27.306666 27.306667h215.893334L659.626667 23.893333z m0 0\" fill=\"#8695C0\">\u003C/path>\u003Cpath d=\"M252.586667 512v-29.866667l168.96-66.56v33.28l-76.8 27.306667-52.053334 18.773333v1.706667l52.053334 18.773333 76.8 28.16v33.28L252.586667 512zM602.453333 545.28l76.8-28.16 52.053334-18.773333v-1.706667L679.253333 477.866667l-76.8-27.306667v-33.28l168.96 66.56V512l-168.96 65.706667v-32.426667z\" fill=\"#FFFFFF\">\u003C/path>\u003Cpath d=\"M553.813333 359.253333h27.306667L485.546667 583.68h-27.306667l95.573333-224.426667z\" fill=\"#FFFFFF\">\u003C/path>\u003C/symbol>\u003Csymbol id=\"iconexe\" viewBox=\"0 0 1024 1024\">\u003Cpath d=\"M135.68 12.8h522.24L906.24 264.533333v719.36c0 15.36-12.8 28.16-28.16 28.16h-742.4c-15.36 0-28.16-12.8-28.16-28.16V40.106667c0-15.36 12.8-27.306667 28.16-27.306667z m0 0\" fill=\"#5993F7\">\u003C/path>\u003Cpath d=\"M657.92 12.8v223.573333c0 15.36 12.8 28.16 28.16 28.16h221.013333L657.92 12.8z m0 0\" fill=\"#82B0FF\">\u003C/path>\u003Cpath d=\"M677.546667 697.173333h-341.333334c-30.72 0-56.32-24.746667-56.32-56.32v-238.933333c0-30.72 24.746667-56.32 56.32-56.32h342.186667c30.72 0 56.32 24.746667 56.32 56.32v238.933333c-0.853333 30.72-25.6 56.32-57.173333 56.32z m-341.333334-322.56c-15.36 0-27.306667 11.946667-27.306666 27.306667v238.933333c0 15.36 11.946667 27.306667 27.306666 27.306667h342.186667c15.36 0 27.306667-11.946667 27.306667-27.306667v-238.933333c0-15.36-11.946667-27.306667-27.306667-27.306667H336.213333zM421.546667 724.48h170.666666v37.546667h-170.666666z\" fill=\"#FFFFFF\">\u003C/path>\u003Cpath d=\"M517.973333 421.546667h58.88v37.546666h-58.88zM586.24 421.546667h58.88v37.546666h-58.88z\" fill=\"#FFFFFF\">\u003C/path>\u003C/symbol>\u003Csymbol id=\"icondoc\" viewBox=\"0 0 1024 1024\">\u003Cpath d=\"M149.333333 17.92h517.973334L913.066667 267.093333v713.386667c0 15.36-11.946667 27.306667-27.306667 27.306667H149.333333c-15.36 0-27.306667-11.946667-27.306666-27.306667V45.226667c-0.853333-14.506667 11.946667-27.306667 27.306666-27.306667z m0 0\" fill=\"#5993F7\">\u003C/path>\u003Cpath d=\"M666.453333 17.92v221.866667c0 15.36 11.946667 27.306667 27.306667 27.306666H913.066667L666.453333 17.92z m0 0M778.24 658.773333H247.466667c-11.946667 0-21.333333-9.386667-21.333334-21.333333v-1.706667c0-11.946667 9.386667-21.333333 21.333334-21.333333h530.773333c11.946667 0 21.333333 9.386667 21.333333 21.333333v1.706667c0 11.093333-9.386667 21.333333-21.333333 21.333333zM547.84 756.906667H246.613333c-11.093333 0-20.48-9.386667-20.48-20.48v-3.413334c0-11.093333 9.386667-20.48 20.48-20.48h301.226667c11.093333 0 20.48 9.386667 20.48 20.48v3.413334c0 11.093333-9.386667 20.48-20.48 20.48zM448.853333 855.893333H243.2c-9.386667 0-17.066667-7.68-17.066667-17.066666v-10.24c0-9.386667 7.68-17.066667 17.066667-17.066667h205.653333c9.386667 0 17.066667 7.68 17.066667 17.066667v10.24c0 9.386667-7.68 17.066667-17.066667 17.066666z\" fill=\"#82B0FF\">\u003C/path>\u003Cpath d=\"M231.253333 285.866667h40.96l16.213334 98.986666c3.413333 21.333333 5.973333 42.666667 9.386666 64.853334h0.853334c4.266667-21.333333 8.533333-43.52 12.8-64.853334l23.893333-98.986666h34.133333l23.893334 98.986666c4.266667 20.48 8.533333 42.666667 12.8 64.853334h1.706666c3.413333-22.186667 5.973333-43.52 9.386667-64.853334l16.213333-98.986666h38.4l-37.546666 203.093333H384l-23.04-99.84c-3.413333-16.213333-5.973333-31.573333-8.533333-46.933333h-0.853334c-2.56 15.36-5.12 30.72-8.533333 46.933333l-22.186667 99.84h-49.493333l-40.106667-203.093333z\" fill=\"#FFFFFF\">\u003C/path>\u003C/symbol>\u003Csymbol id=\"iconfile\" viewBox=\"0 0 1024 1024\">\u003Cpath d=\"M136.533333 12.8h522.24L907.093333 264.533333v719.36c0 15.36-12.8 28.16-28.16 28.16H136.533333c-15.36 0-28.16-12.8-28.16-28.16V40.106667c0.853333-15.36 12.8-27.306667 28.16-27.306667z m0 0\" fill=\"#94C9FF\">\u003C/path>\u003Cpath d=\"M659.626667 12.8v223.573333c0 15.36 12.8 28.16 28.16 28.16h221.013333L659.626667 12.8z m0 0\" fill=\"#BFDFFF\">\u003C/path>\u003Cpath d=\"M353.28 407.04l296.106667-68.266667c35.84-8.533333 50.346667 26.453333 50.346666 48.64v304.64c0 22.186667-15.36 57.173333-50.346666 48.64l-296.106667-68.266666c-19.626667-4.266667-36.693333-17.92-36.693333-40.106667V447.146667c0-22.186667 17.066667-34.986667 36.693333-40.106667zM375.466667 426.666667c-31.573333 6.826667-31.573333 7.68-31.573334 34.133333v158.72c0 26.453333 9.386667 29.013333 31.573334 34.133333l253.44 58.026667c43.52 11.093333 43.52-2.56 43.52-41.813333V409.6c0-36.693333-2.56-51.2-43.52-41.813333L375.466667 426.666667z\" fill=\"#FFFFFF\">\u003C/path>\u003Cpath d=\"M342.186667 445.44l333.653333 82.773333v29.013334l-333.653333-85.333334z\" fill=\"#FFFFFF\">\u003C/path>\u003Cpath d=\"M549.546667 523.946667l-53.76 157.866666 24.746666 5.973334 55.466667-157.013334z\" fill=\"#FFFFFF\">\u003C/path>\u003C/symbol>\u003Csymbol id=\"iconjpg\" viewBox=\"0 0 1024 1024\">\u003Cpath d=\"M143.36 12.8H665.6L913.92 264.533333v719.36c0 15.36-12.8 28.16-28.16 28.16h-742.4c-15.36 0-28.16-12.8-28.16-28.16V40.106667c0.853333-15.36 12.8-27.306667 28.16-27.306667z m0 0\" fill=\"#73B9FF\">\u003C/path>\u003Cpath d=\"M665.6 12.8v223.573333c0 15.36 12.8 28.16 28.16 28.16h221.013333L665.6 12.8z m0 0\" fill=\"#99CCFF\">\u003C/path>\u003Cpath d=\"M407.893333 374.613333m-61.44 0a61.44 61.44 0 1 0 122.88 0 61.44 61.44 0 1 0-122.88 0Z\" fill=\"#FFFFFF\">\u003C/path>\u003Cpath d=\"M318.293333 659.626667c22.186667-47.786667 58.88-125.44 68.266667-143.36l5.12-7.68c11.093333-11.093333 43.52-37.546667 53.76 19.626666 0.853333 5.973333 0 11.093333-1.706667 16.213334l-15.36 33.28c-8.533333 18.773333 5.973333 40.106667 26.453334 39.253333 9.386667-0.853333 18.773333-6.826667 23.04-15.36l87.893333-176.64c10.24-20.48 40.106667-20.48 49.493333 0.853333L725.333333 659.626667c8.533333 17.92-5.12 39.253333-24.746666 39.253333H343.04c-20.48 0-33.28-20.48-24.746667-39.253333z\" fill=\"#FFFFFF\">\u003C/path>\u003C/symbol>\u003Csymbol id=\"iconmp3\" viewBox=\"0 0 1024 1024\">\u003Cpath d=\"M138.24 12.8h522.24L908.8 264.533333v719.36c0 15.36-12.8 28.16-28.16 28.16h-742.4c-15.36 0-28.16-12.8-28.16-28.16V40.106667c0.853333-15.36 12.8-27.306667 28.16-27.306667z m0 0\" fill=\"#C36DFF\">\u003C/path>\u003Cpath d=\"M660.48 12.8v223.573333c0 15.36 12.8 28.16 28.16 28.16h221.013333L660.48 12.8z m0 0\" fill=\"#D08EFF\">\u003C/path>\u003Cpath d=\"M439.466667 515.413333c-66.56 0-121.173333 54.613333-121.173334 121.173334 0 66.56 54.613333 121.173333 121.173334 121.173333s121.173333-54.613333 121.173333-121.173333c0-67.413333-54.613333-121.173333-121.173333-121.173334z m0 201.386667c-44.373333 0-81.066667-35.84-81.066667-81.066667 0-44.373333 35.84-81.066667 81.066667-81.066666s81.066667 35.84 81.066666 81.066666c-0.853333 45.226667-36.693333 81.066667-81.066666 81.066667zM640.853333 579.413333c-5.973333 0-11.093333-2.56-15.36-6.826666-3.413333-4.266667-5.12-9.386667-5.12-14.506667s2.56-10.24 6.826667-13.653333c31.573333-28.16 42.666667-72.533333 27.306667-111.786667-14.506667-39.253333-52.053333-65.706667-93.866667-65.706667-11.093333 0-20.48-9.386667-20.48-20.48 0-11.093333 9.386667-20.48 20.48-20.48 77.653333 0 141.653333 63.146667 141.653333 141.653334 0 40.96-17.066667 79.36-47.786666 105.813333-4.266667 4.266667-8.533333 5.973333-13.653334 5.973333z\" fill=\"#FFFFFF\">\u003C/path>\u003Cpath d=\"M519.68 326.826667h40.106667v309.76h-40.106667z\" fill=\"#FFFFFF\">\u003C/path>\u003C/symbol>\u003Csymbol id=\"iconpdf\" viewBox=\"0 0 1024 1024\">\u003Cpath d=\"M138.24 11.946667h522.24l249.173333 250.88v720.213333c0 15.36-11.946667 27.306667-27.306666 27.306667H138.24c-15.36 0-27.306667-11.946667-27.306667-27.306667V40.96c0-15.36 11.946667-29.013333 27.306667-29.013333z m0 0\" fill=\"#F16A6A\">\u003C/path>\u003Cpath d=\"M660.48 11.946667v223.573333c0 15.36 11.946667 27.306667 27.306667 27.306667h220.16L660.48 11.946667z m0 0\" fill=\"#FF9B9B\">\u003C/path>\u003Cpath d=\"M907.946667 988.16v-122.88H836.266667c-240.64-221.866667-261.12-399.36-261.12-399.36-3.413333-13.653333-29.013333-49.493333-29.013334-49.493333-29.013333-46.08-52.906667 29.013333-52.906666 29.013333L133.12 1010.346667h80.213333l15.36-22.186667L426.666667 955.733333c199.68-27.306667 377.173333-32.426667 377.173333-32.426666l104.106667 64.853333zM252.586667 955.733333s232.106667-324.266667 262.826666-418.133333c0 0 112.64 245.76 226.986667 334.506667L252.586667 955.733333z\" fill=\"#FFFFFF\">\u003C/path>\u003C/symbol>\u003Csymbol id=\"iconmp4\" viewBox=\"0 0 1024 1024\">\u003Cpath d=\"M140.8 12.8h522.24L911.36 264.533333v719.36c0 15.36-12.8 28.16-28.16 28.16h-742.4c-15.36 0-28.16-12.8-28.16-28.16V40.106667c0-15.36 12.8-27.306667 28.16-27.306667z m0 0\" fill=\"#8465FF\">\u003C/path>\u003Cpath d=\"M663.04 12.8v223.573333c0 15.36 12.8 28.16 28.16 28.16h221.013333L663.04 12.8z m0 0\" fill=\"#A791FF\">\u003C/path>\u003Cpath d=\"M384 512V345.6c0-20.48 25.6-30.72 42.666667-17.92l91.306666 75.093333L630.613333 494.933333c11.093333 9.386667 11.093333 25.6 0 34.986667L518.826667 621.226667 426.666667 696.32c-16.213333 13.653333-42.666667 2.56-42.666667-17.92V512z\" fill=\"#FFFFFF\">\u003C/path>\u003C/symbol>\u003Csymbol id=\"iconphp\" viewBox=\"0 0 1024 1024\">\u003Cpath d=\"M142.506667 12.8h522.24L913.066667 263.68v719.36c0 15.36-12.8 28.16-28.16 28.16h-742.4c-15.36 0-28.16-12.8-28.16-28.16V40.106667c0-15.36 12.8-27.306667 28.16-27.306667z m0 0\" fill=\"#5E6D96\">\u003C/path>\u003Cpath d=\"M664.746667 12.8v223.573333c0 15.36 12.8 28.16 28.16 28.16H913.066667L664.746667 12.8z m0 0\" fill=\"#8695C0\">\u003C/path>\u003Cpath d=\"M271.36 530.773333a242.346667 156.16 0 1 0 484.693333 0 242.346667 156.16 0 1 0-484.693333 0Z\" fill=\"#FFFFFF\">\u003C/path>\u003Cpath d=\"M365.226667 468.48h40.106666c27.306667 0 47.786667 9.386667 47.786667 38.4 0 28.16-21.333333 40.96-47.786667 40.96h-16.213333v43.52h-24.746667V468.48z m39.253333 59.733333c17.066667 0 24.746667-6.826667 24.746667-21.333333s-8.533333-18.773333-25.6-18.773333h-13.653334v40.106666h14.506667zM474.453333 459.093333h23.893334v33.28l-0.853334 17.066667c7.68-6.826667 16.213333-13.653333 29.013334-13.653333 20.48 0 29.013333 13.653333 29.013333 37.546666v58.026667h-24.746667v-54.613333c0-14.506667-4.266667-19.626667-12.8-19.626667-7.68 0-12.8 3.413333-19.626666 10.24v64h-23.893334V459.093333zM581.973333 468.48h40.106667c27.306667 0 47.786667 9.386667 47.786667 38.4 0 28.16-21.333333 40.96-47.786667 40.96H605.866667v43.52h-24.746667V468.48z m39.253334 59.733333c17.066667 0 24.746667-6.826667 24.746666-21.333333s-8.533333-18.773333-25.6-18.773333h-13.653333v40.106666h14.506667z\" fill=\"#5E6D96\">\u003C/path>\u003C/symbol>\u003Csymbol id=\"iconppt\" viewBox=\"0 0 1024 1024\">\u003Cpath d=\"M140.8 12.8h522.24L911.36 264.533333v719.36c0 15.36-12.8 28.16-28.16 28.16h-742.4c-15.36 0-28.16-12.8-28.16-28.16V40.106667c0-15.36 12.8-27.306667 28.16-27.306667z m0 0\" fill=\"#FF9752\">\u003C/path>\u003Cpath d=\"M663.04 12.8v223.573333c0 15.36 12.8 28.16 28.16 28.16h221.013333L663.04 12.8z m0 0\" fill=\"#FFB07B\">\u003C/path>\u003Cpath d=\"M391.68 384.853333h109.226667c74.24 0 130.56 25.6 130.56 104.96 0 75.946667-57.173333 110.08-128.853334 110.08h-44.373333v118.613334h-66.56V384.853333z m106.666667 162.133334c46.08 0 68.266667-19.626667 68.266666-58.026667s-24.746667-52.053333-69.973333-52.053333h-37.546667V546.133333h39.253334z\" fill=\"#FFFEFE\">\u003C/path>\u003C/symbol>\u003Csymbol id=\"iconpsd\" viewBox=\"0 0 1024 1024\">\u003Cpath d=\"M136.533333 12.8h522.24L907.093333 264.533333v719.36c0 15.36-12.8 28.16-28.16 28.16H136.533333c-15.36 0-28.16-12.8-28.16-28.16V40.106667c0-15.36 12.8-27.306667 28.16-27.306667z m0 0\" fill=\"#73B9FF\">\u003C/path>\u003Cpath d=\"M658.773333 12.8v223.573333c0 15.36 12.8 28.16 28.16 28.16h221.013334L658.773333 12.8z m0 0\" fill=\"#99CCFF\">\u003C/path>\u003Cpath d=\"M302.08 385.706667h91.306667c61.44 0 109.226667 21.333333 109.226666 87.04 0 63.146667-47.786667 92.16-107.52 92.16h-37.546666v98.986666h-55.466667V385.706667z m88.746667 135.68c38.4 0 56.32-16.213333 56.32-47.786667 0-32.426667-20.48-43.52-58.88-43.52h-31.573334v91.306667h34.133334zM529.066667 628.053333l31.573333-38.4c19.626667 18.773333 46.08 30.72 70.826667 30.72 29.013333 0 44.373333-12.8 44.373333-31.573333 0-20.48-17.066667-27.306667-41.813333-37.546667L597.333333 535.893333c-28.16-11.946667-56.32-34.133333-56.32-75.093333 0-45.226667 40.106667-80.213333 96.426667-80.213333 32.426667 0 64.853333 12.8 87.04 35.84l-28.16 34.986666c-17.92-14.506667-35.84-23.04-58.88-23.04-24.746667 0-40.106667 11.093333-40.106667 29.013334 0 19.626667 19.626667 27.306667 43.52 36.693333l36.693334 15.36c34.133333 13.653333 56.32 34.986667 56.32 75.093333 0 45.226667-37.546667 84.48-102.4 84.48-37.546667 0-75.093333-14.506667-102.4-40.96z\" fill=\"#FCFDFF\">\u003C/path>\u003C/symbol>\u003Csymbol id=\"iconswf\" viewBox=\"0 0 1024 1024\">\u003Cpath d=\"M140.8 12.8h522.24L911.36 264.533333v719.36c0 15.36-12.8 28.16-28.16 28.16h-742.4c-15.36 0-28.16-12.8-28.16-28.16V40.106667c0-15.36 12.8-27.306667 28.16-27.306667z m0 0\" fill=\"#F16A6A\">\u003C/path>\u003Cpath d=\"M663.04 12.8v223.573333c0 15.36 12.8 28.16 28.16 28.16h221.013333L663.04 12.8z m0 0\" fill=\"#FF9B9B\">\u003C/path>\u003Cpath d=\"M347.306667 726.186667v-70.826667S469.333333 643.413333 493.226667 486.4c0.853333-8.533333 3.413333-16.213333 6.826666-23.893333C515.413333 426.666667 565.76 332.8 678.4 337.066667v86.186666s-93.866667 14.506667-102.4 81.066667h63.146667v79.36H539.306667S503.466667 730.453333 347.306667 726.186667z\" fill=\"#FCFDFF\">\u003C/path>\u003C/symbol>\u003Csymbol id=\"icontxt\" viewBox=\"0 0 1024 1024\">\u003Cpath d=\"M140.8 12.8h522.24L911.36 264.533333v719.36c0 15.36-12.8 28.16-28.16 28.16h-742.4c-15.36 0-28.16-12.8-28.16-28.16V40.106667c0-15.36 12.8-27.306667 28.16-27.306667z m0 0\" fill=\"#5993F7\">\u003C/path>\u003Cpath d=\"M663.04 12.8v223.573333c0 15.36 12.8 28.16 28.16 28.16h221.013333L663.04 12.8z m0 0\" fill=\"#82B0FF\">\u003C/path>\u003Cpath d=\"M456.533333 443.733333H366.933333v-52.906666h242.346667V443.733333H519.68v264.533334h-63.146667V443.733333z\" fill=\"#FCFDFF\">\u003C/path>\u003C/symbol>\u003Csymbol id=\"iconxls\" viewBox=\"0 0 1024 1024\">\u003Cpath d=\"M133.973333 12.8h522.24L904.533333 264.533333v719.36c0 15.36-12.8 28.16-28.16 28.16h-742.4c-15.36 0-28.16-12.8-28.16-28.16V40.106667c0.853333-15.36 12.8-27.306667 28.16-27.306667z m0 0\" fill=\"#6FC470\">\u003C/path>\u003Cpath d=\"M656.213333 12.8v223.573333c0 15.36 12.8 28.16 28.16 28.16h221.013334L656.213333 12.8z m0 0\" fill=\"#85DB86\">\u003C/path>\u003Cpath d=\"M282.453333 349.013333l-47.786666-78.506666h46.08l16.213333 29.013333c4.266667 9.386667 9.386667 18.773333 14.506667 27.306667h0.853333c3.413333-9.386667 8.533333-18.773333 11.946667-27.306667l13.653333-29.013333h44.373333l-47.786666 83.626666 51.2 81.066667h-46.08l-17.92-29.866667c-5.12-9.386667-10.24-19.626667-16.213334-29.013333h-1.706666c-4.266667 9.386667-9.386667 18.773333-13.653334 29.013333L274.773333 435.2H230.4l52.053333-86.186667z\" fill=\"#FCFDFF\">\u003C/path>\u003Cpath d=\"M453.973333 639.146667H251.733333c-12.8 0-23.04-10.24-23.04-23.04 0-12.8 10.24-23.04 23.04-23.04h202.24c12.8 0 23.04 10.24 23.04 23.04 0 12.8-11.093333 23.04-23.04 23.04zM760.32 639.146667H558.08c-12.8 0-23.04-10.24-23.04-23.04 0-12.8 10.24-23.04 23.04-23.04h202.24c12.8 0 23.04 10.24 23.04 23.04-0.853333 12.8-11.093333 23.04-23.04 23.04zM453.973333 729.6H251.733333c-12.8 0-23.04-10.24-23.04-23.04 0-12.8 10.24-23.04 23.04-23.04h202.24c12.8 0 23.04 10.24 23.04 23.04 0 12.8-11.093333 23.04-23.04 23.04zM760.32 729.6H558.08c-12.8 0-23.04-10.24-23.04-23.04 0-12.8 10.24-23.04 23.04-23.04h202.24c12.8 0 23.04 10.24 23.04 23.04-0.853333 12.8-11.093333 23.04-23.04 23.04zM453.973333 820.053333H251.733333c-12.8 0-23.04-10.24-23.04-23.04 0-12.8 10.24-23.04 23.04-23.04h202.24c12.8 0 23.04 10.24 23.04 23.04 0 12.8-11.093333 23.04-23.04 23.04zM760.32 820.053333H558.08c-12.8 0-23.04-10.24-23.04-23.04 0-12.8 10.24-23.04 23.04-23.04h202.24c12.8 0 23.04 10.24 23.04 23.04-0.853333 12.8-11.093333 23.04-23.04 23.04z\" fill=\"#A8DBA9\">\u003C/path>\u003C/symbol>\u003Csymbol id=\"iconinfo_1\" viewBox=\"0 0 1024 1024\">\u003Cpath d=\"M512 85.333333c235.648 0 426.666667 191.018667 426.666667 426.666667s-191.018667 426.666667-426.666667 426.666667S85.333333 747.648 85.333333 512 276.352 85.333333 512 85.333333z m0 77.568a349.098667 349.098667 0 1 0 0 698.197334 349.098667 349.098667 0 0 0 0-698.197334z m19.370667 290.901334a19.413333 19.413333 0 0 1 19.413333 19.413333v174.506667h31.530667a19.370667 19.370667 0 0 1 19.370666 19.413333v41.216a19.413333 19.413333 0 0 1-19.370666 19.413333h-147.882667a19.413333 19.413333 0 0 1-19.413333-19.413333v-41.216a19.370667 19.370667 0 0 1 19.413333-19.370667h38.784v-113.92h-19.413333a19.370667 19.370667 0 0 1-19.370667-19.413333v-41.216a19.370667 19.370667 0 0 1 19.370667-19.413333h77.610666z m0-155.136a19.413333 19.413333 0 0 1 19.413333 19.413333v58.154667a19.413333 19.413333 0 0 1-19.413333 19.413333h-58.154667a19.413333 19.413333 0 0 1-19.413333-19.413333V318.08A19.413333 19.413333 0 0 1 473.216 298.666667h58.197333z\" fill=\"#6B7785\">\u003C/path>\u003C/symbol>\u003Csymbol id=\"iconshortcut\" viewBox=\"0 0 1024 1024\">\u003Cpath d=\"M866.133333 1024h-708.266666C70.826667 1024 0 953.173333 0 866.133333v-708.266666C0 70.826667 70.826667 0 157.866667 0h708.266666C953.173333 0 1024 70.826667 1024 157.866667v708.266666c0 87.04-70.826667 157.866667-157.866667 157.866667z\" fill=\"#F5F5F5\">\u003C/path>\u003Cpath d=\"M290.133333 198.826667h491.52V699.733333c-11.946667-12.8-21.333333-23.893333-31.573333-34.133333-37.546667-37.546667-75.093333-75.093333-111.786667-112.64-5.973333-5.973333-9.386667-8.533333-16.213333-1.706667-47.786667 48.64-98.133333 95.573333-144.213333 146.773334-51.2 57.173333-52.906667 130.56-25.6 189.44 3.413333 7.68 10.24 14.506667 14.506666 22.186666 2.56 4.266667 3.413333 9.386667 5.12 14.506667-5.12 0.853333-10.24 4.266667-15.36 3.413333-40.106667-3.413333-75.946667-17.92-105.813333-44.373333-74.24-65.706667-116.906667-145.92-106.666667-247.466667 5.973333-60.586667 29.013333-113.493333 74.24-157.013333 40.106667-38.4 77.653333-78.506667 116.053334-117.76 7.68-7.68 4.266667-11.093333-1.706667-17.92-46.933333-46.933333-93.866667-93.866667-140.8-141.653333-0.853333 0.853333-0.853333 0-1.706667-2.56z\" fill=\"#7D4DF8\">\u003C/path>\u003C/symbol>\u003Csymbol id=\"iconmore_help\" viewBox=\"0 0 1024 1024\">\u003Cpath d=\"M512 85.333333c235.648 0 426.666667 191.018667 426.666667 426.666667s-191.018667 426.666667-426.666667 426.666667S85.333333 747.648 85.333333 512 276.352 85.333333 512 85.333333z m0 77.568a349.098667 349.098667 0 1 0 0 698.197334 349.098667 349.098667 0 0 0 0-698.197334z m19.370667 504.234667a19.413333 19.413333 0 0 1 19.413333 19.413333V725.333333a19.413333 19.413333 0 0 1-19.413333 19.370667h-38.784a19.370667 19.370667 0 0 1-19.370667-19.370667v-38.826666a19.413333 19.413333 0 0 1 19.413333-19.370667h38.784z m-24.874667-387.84c46.08 0 84.394667 11.136 114.901333 33.450667 30.506667 22.4 45.738667 55.466667 45.738667 99.285333 0 26.88-6.613333 49.493333-19.882667 67.925333-7.765333 11.136-22.613333 25.386667-44.672 42.794667l-21.717333 17.066667c-11.818667 9.301333-19.712 20.181333-23.594667 32.554666-1.024 3.413333-1.962667 9.685333-2.773333 18.901334a19.413333 19.413333 0 0 1-19.285333 17.706666h-43.477334a19.413333 19.413333 0 0 1-19.370666-19.413333v-0.853333l0.085333-0.938667c2.517333-26.965333 5.162667-44.074667 8.021333-51.2 5.333333-13.354667 18.986667-28.714667 41.002667-46.08l22.357333-17.706667c7.338667-5.546667 45.184-32.213333 45.184-55.808s-4.096-32.298667-15.957333-45.226666c-11.818667-12.928-38.528-17.109333-62.592-17.109334-23.68 0-43.904 6.272-53.76 22.186667a112.341333 112.341333 0 0 0-11.050667 23.296c-1.28 3.84-2.176 7.850667-2.816 11.904a19.370667 19.370667 0 0 1-19.114666 16.085333H378.026667a19.370667 19.370667 0 0 1-19.413334-19.370666v-1.066667l0.128-1.109333c0.469333-4.352 0.981333-7.978667 1.536-10.837334 7.552-42.112 26.666667-73.045333 57.429334-92.885333 24.064-15.701333 53.674667-23.594667 88.746666-23.594667z\" fill=\"#6B7785\">\u003C/path>\u003C/symbol>\u003Csymbol id=\"iconsevere\" viewBox=\"0 0 1024 1024\">\u003Cpath d=\"M10.257749 817.493333l478.72-683.52c13.653333-19.626667 36.693333-19.626667 50.346667 0l473.6 683.52c22.186667 32.426667 6.826667 87.04-24.746667 87.04H35.857749c-31.573333 0-47.786667-54.613333-25.6-87.04z\" fill=\"#E64040\">\u003C/path>\u003Cpath d=\"M512.017749 705.706667c-21.333333 0-38.4-17.066667-38.4-38.4V373.76c0-21.333333 17.066667-38.4 38.4-38.4s38.4 17.066667 38.4 38.4v293.546667c0 21.333333-17.92 38.4-38.4 38.4z\" fill=\"#FFFFFF\">\u003C/path>\u003Cpath d=\"M512.017749 774.826667m-38.4 0a38.4 38.4 0 1 0 76.8 0 38.4 38.4 0 1 0-76.8 0Z\" fill=\"#FFFFFF\">\u003C/path>\u003C/symbol>\u003Csymbol id=\"iconsmall_screen\" viewBox=\"0 0 1024 1024\">\u003Cpath d=\"M725.333333 341.333333a42.666667 42.666667 0 0 1-42.666666-42.666666V106.666667a21.333333 21.333333 0 0 1 21.333333-21.333334h42.666667a21.333333 21.333333 0 0 1 21.333333 21.333334V256h149.333333a21.333333 21.333333 0 0 1 21.333334 21.333333v42.666667a21.333333 21.333333 0 0 1-21.333334 21.333333H725.333333zM298.666667 682.666667a42.666667 42.666667 0 0 1 42.666666 42.666666v192a21.333333 21.333333 0 0 1-21.333333 21.333334h-42.666667a21.333333 21.333333 0 0 1-21.333333-21.333334V768H106.666667a21.333333 21.333333 0 0 1-21.333334-21.333333v-42.666667a21.333333 21.333333 0 0 1 21.333334-21.333333H298.666667z m384 42.666666a42.666667 42.666667 0 0 1 42.666666-42.666666h192a21.333333 21.333333 0 0 1 21.333334 21.333333v42.666667a21.333333 21.333333 0 0 1-21.333334 21.333333H768v149.333333a21.333333 21.333333 0 0 1-21.333333 21.333334h-42.666667a21.333333 21.333333 0 0 1-21.333333-21.333334V725.333333zM341.333333 298.666667a42.666667 42.666667 0 0 1-42.666666 42.666666H106.666667a21.333333 21.333333 0 0 1-21.333334-21.333333v-42.666667a21.333333 21.333333 0 0 1 21.333334-21.333333H256V106.666667a21.333333 21.333333 0 0 1 21.333333-21.333334h42.666667a21.333333 21.333333 0 0 1 21.333333 21.333334V298.666667z\" fill=\"#1D2129\">\u003C/path>\u003C/symbol>\u003Csymbol id=\"iconfull_screen\" viewBox=\"0 0 1024 1024\">\u003Cpath d=\"M85.333333 128a42.666667 42.666667 0 0 1 42.666667-42.666667h192a21.333333 21.333333 0 0 1 21.333333 21.333334v42.666666a21.333333 21.333333 0 0 1-21.333333 21.333334H170.666667v149.333333a21.333333 21.333333 0 0 1-21.333334 21.333333h-42.666666a21.333333 21.333333 0 0 1-21.333334-21.333333V128z m853.333334 768a42.666667 42.666667 0 0 1-42.666667 42.666667h-192a21.333333 21.333333 0 0 1-21.333333-21.333334v-42.666666a21.333333 21.333333 0 0 1 21.333333-21.333334H853.333333v-149.333333a21.333333 21.333333 0 0 1 21.333334-21.333333h42.666666a21.333333 21.333333 0 0 1 21.333334 21.333333V896zM128 938.666667a42.666667 42.666667 0 0 1-42.666667-42.666667v-192a21.333333 21.333333 0 0 1 21.333334-21.333333h42.666666a21.333333 21.333333 0 0 1 21.333334 21.333333V853.333333h149.333333a21.333333 21.333333 0 0 1 21.333333 21.333334v42.666666a21.333333 21.333333 0 0 1-21.333333 21.333334H128zM896 85.333333a42.666667 42.666667 0 0 1 42.666667 42.666667v192a21.333333 21.333333 0 0 1-21.333334 21.333333h-42.666666a21.333333 21.333333 0 0 1-21.333334-21.333333V170.666667h-149.333333a21.333333 21.333333 0 0 1-21.333333-21.333334v-42.666666a21.333333 21.333333 0 0 1 21.333333-21.333334H896z\" fill=\"#1D2129\">\u003C/path>\u003C/symbol>\u003Csymbol id=\"iconTransfer_task_bg\" viewBox=\"0 0 1024 1024\">\u003Cpath d=\"M917.333333 832a21.333333 21.333333 0 0 1 21.333334 21.333333v42.666667a21.333333 21.333333 0 0 1-21.333334 21.333333h-810.666666A21.333333 21.333333 0 0 1 85.333333 896v-42.666667a21.333333 21.333333 0 0 1 21.333334-21.333333h810.666666zM896 128a42.666667 42.666667 0 0 1 42.666667 42.666667v512a42.666667 42.666667 0 0 1-42.666667 42.666666H128a42.666667 42.666667 0 0 1-42.666667-42.666666V170.666667a42.666667 42.666667 0 0 1 42.666667-42.666667h768zM170.666667 213.333333v426.666667h682.666666V213.333333H170.666667z\" fill=\"#1D2129\">\u003C/path>\u003Cpath d=\"M602.752 597.333333a10.581333 10.581333 0 0 0 7.168-2.816 9.173333 9.173333 0 0 0 2.986667-6.698666V378.581333h62.72a6.442667 6.442667 0 0 0 3.2-0.853333 5.888 5.888 0 0 0 2.261333-2.304 5.333333 5.333333 0 0 0-0.682667-5.973333L561.109333 261.12a9.941333 9.941333 0 0 0-2.901333-2.346667 10.88 10.88 0 0 0-11.093333-1.962666 10.026667 10.026667 0 0 0-4.48 3.498666 8.96 8.96 0 0 0-1.706667 5.248v322.304c0 2.517333 1.066667 4.906667 2.986667 6.698667a10.581333 10.581333 0 0 0 7.210666 2.773333h51.626667z m-128.042667-1.706666a9.685333 9.685333 0 0 0 3.114667-3.413334 8.917333 8.917333 0 0 0 1.152-4.352V265.6a9.173333 9.173333 0 0 0-2.986667-6.698667 10.581333 10.581333 0 0 0-7.210666-2.773333H420.309333a10.581333 10.581333 0 0 0-7.253333 2.773333 9.173333 9.173333 0 0 0-2.986667 6.698667v209.237333H347.477333a6.442667 6.442667 0 0 0-3.242666 0.853334 5.888 5.888 0 0 0-2.218667 2.304 5.333333 5.333333 0 0 0 0.64 5.973333l116.224 108.373333a9.984 9.984 0 0 0 2.858667 2.346667 10.752 10.752 0 0 0 13.013333 0.896z\" fill=\"#1D2129\">\u003C/path>\u003C/symbol>\u003Csymbol id=\"iconQR_code\" viewBox=\"0 0 1024 1024\">\u003Cpath d=\"M192 490.666667h298.666667v-298.666667h-298.666667v298.666667z m-42.666667-384h384a42.666667 42.666667 0 0 1 42.666667 42.666666v384a42.666667 42.666667 0 0 1-42.666667 42.666667h-384a42.666667 42.666667 0 0 1-42.666666-42.666667v-384a42.666667 42.666667 0 0 1 42.666666-42.666666z m128 170.666666h128v128h-128v-128zM192 725.333333v106.666667H298.666667V725.333333H192z m-42.666667-85.333333H341.333333a42.666667 42.666667 0 0 1 42.666667 42.666667v192a42.666667 42.666667 0 0 1-42.666667 42.666666H149.333333a42.666667 42.666667 0 0 1-42.666666-42.666666V682.666667a42.666667 42.666667 0 0 1 42.666666-42.666667zM725.333333 192V298.666667h106.666667V192H725.333333z m-42.666666-85.333333h192a42.666667 42.666667 0 0 1 42.666666 42.666666V341.333333a42.666667 42.666667 0 0 1-42.666666 42.666667H682.666667a42.666667 42.666667 0 0 1-42.666667-42.666667V149.333333a42.666667 42.666667 0 0 1 42.666667-42.666666zM725.333333 725.333333v106.666667h106.666667V725.333333H725.333333z m-42.666666-85.333333h192a42.666667 42.666667 0 0 1 42.666666 42.666667v192a42.666667 42.666667 0 0 1-42.666666 42.666666H682.666667a42.666667 42.666667 0 0 1-42.666667-42.666666V682.666667a42.666667 42.666667 0 0 1 42.666667-42.666667z m-213.333334 0h85.333334v85.333333h-85.333334v-85.333333z m0 149.333333h85.333334v128h-85.333334v-128z m170.666667-320h85.333333v85.333334h-85.333333v-85.333334z m149.333333 0h128v85.333334h-128v-85.333334z\" fill=\"#1D2129\">\u003C/path>\u003C/symbol>\u003Csymbol id=\"iconLock_Yellow\" viewBox=\"0 0 1024 1024\">\u003Cpath d=\"M746.666667 320a234.666667 234.666667 0 0 0-469.333334 0v85.333333H170.666667a42.666667 42.666667 0 0 0-42.666667 42.666667V896a42.666667 42.666667 0 0 0 42.666667 42.666667h682.666666a42.666667 42.666667 0 0 0 42.666667-42.666667V448a42.666667 42.666667 0 0 0-42.666667-42.666667h-106.666666v-85.333333zM213.333333 853.333333v-362.666666h597.333334V853.333333H213.333333z m320-298.666666a21.333333 21.333333 0 0 1 21.333334 21.333333V768a21.333333 21.333333 0 0 1-21.333334 21.333333h-42.666666a21.333333 21.333333 0 0 1-21.333334-21.333333v-192a21.333333 21.333333 0 0 1 21.333334-21.333333h42.666666z m-170.666666-234.666667a149.333333 149.333333 0 1 1 298.666666 0v85.333333h-298.666666v-85.333333z\" fill=\"#FFA510\">\u003C/path>\u003C/symbol>\u003Csymbol id=\"iconunlock\" viewBox=\"0 0 1024 1024\">\u003Cpath d=\"M512 85.333333a234.666667 234.666667 0 0 1 234.666667 234.666667c0 11.776-19.114667 21.333333-42.666667 21.333333s-42.666667-9.557333-42.666667-21.333333A149.418667 149.418667 0 0 0 512 170.666667a149.418667 149.418667 0 0 0-149.333333 149.333333v85.333333H853.333333a42.666667 42.666667 0 0 1 42.666667 42.666667V896a42.666667 42.666667 0 0 1-42.666667 42.666667H170.666667a42.666667 42.666667 0 0 1-42.666667-42.666667V448a42.666667 42.666667 0 0 1 42.666667-42.666667h106.666666v-85.333333A234.666667 234.666667 0 0 1 512 85.333333zM213.333333 853.333333h597.333334v-362.666666H213.333333V853.333333z m320-298.666666a21.333333 21.333333 0 0 1 21.333334 21.333333V768a21.333333 21.333333 0 0 1-21.333334 21.333333h-42.666666a21.333333 21.333333 0 0 1-21.333334-21.333333v-192a21.333333 21.333333 0 0 1 21.333334-21.333333h42.666666z\" fill=\"#1D2129\">\u003C/path>\u003C/symbol>\u003Csymbol id=\"iconfolder\" viewBox=\"0 0 1024 1024\">\u003Cpath d=\"M351.010133 0a136.533333 136.533333 0 0 1 84.650667 29.4144L495.633067 76.8H887.466667c75.409067 0 136.533333 61.124267 136.533333 136.533333v605.866667c0 113.109333-91.690667 204.8-204.8 204.8H640c-72.0384 0-135.3728-37.1968-171.886933-93.422933l-8.234667 11.0592A204.8 204.8 0 0 1 295.697067 1024H204.8c-113.109333 0-204.8-91.690667-204.8-204.8V136.533333C0 61.124267 61.124267 0 136.533333 0h214.4768z\" fill=\"#F8AA28\">\u003C/path>\u003Cpath d=\"M102.4 179.2m102.4 0l614.4 0q102.4 0 102.4 102.4l0 170.666667q0 102.4-102.4 102.4l-614.4 0q-102.4 0-102.4-102.4l0-170.666667q0-102.4 102.4-102.4Z\" fill=\"#FFEFD5\">\u003C/path>\u003Cpath d=\"M0 375.466667c0-56.5504 45.8496-102.4 102.4-102.4h819.2c56.5504 0 102.4 45.8496 102.4 102.4v512c0 75.409067-61.124267 136.533333-136.533333 136.533333H136.533333c-75.409067 0-136.533333-61.124267-136.533333-136.533333V375.466667z\" fill=\"#FBC931\">\u003C/path>\u003C/symbol>\u003Csymbol id=\"iconzoom_in\" viewBox=\"0 0 1024 1024\">\u003Cpath d=\"M475.648 85.333333a390.272 390.272 0 0 1 390.272 390.314667 388.693333 388.693333 0 0 1-88.106667 246.954667l155.136 155.178666a19.541333 19.541333 0 0 1 0 27.562667l-27.605333 27.605333a19.541333 19.541333 0 0 1-27.562667 0l-155.178666-155.136a388.693333 388.693333 0 0 1-246.954667 88.106667A390.272 390.272 0 0 1 85.333333 475.605333 390.272 390.272 0 0 1 475.648 85.333333z m0 78.08a312.234667 312.234667 0 1 0 0 624.426667 312.234667 312.234667 0 1 0 0-624.469333z m19.498667 156.117334a19.498667 19.498667 0 0 1 19.498666 19.498666v97.578667h97.578667a19.498667 19.498667 0 0 1 19.498667 19.498667v39.04a19.498667 19.498667 0 0 1-19.498667 19.498666h-97.578667v97.578667a19.498667 19.498667 0 0 1-19.498666 19.498667h-39.04a19.498667 19.498667 0 0 1-19.498667-19.498667v-97.578667H338.986667a19.498667 19.498667 0 0 1-19.498667-19.498666v-39.04a19.498667 19.498667 0 0 1 19.498667-19.498667h97.578666V339.029333a19.498667 19.498667 0 0 1 19.498667-19.498666h39.04z\" fill=\"#1D2129\">\u003C/path>\u003C/symbol>\u003Csymbol id=\"iconzoom_out\" viewBox=\"0 0 1024 1024\">\u003Cpath d=\"M475.648 85.333333a390.272 390.272 0 0 1 390.272 390.314667 388.693333 388.693333 0 0 1-88.106667 246.954667l155.136 155.178666a19.541333 19.541333 0 0 1 0 27.562667l-27.605333 27.605333a19.541333 19.541333 0 0 1-27.562667 0l-155.178666-155.136a388.693333 388.693333 0 0 1-246.954667 88.106667A390.272 390.272 0 0 1 85.333333 475.605333 390.272 390.272 0 0 1 475.648 85.333333z m0 78.08a312.234667 312.234667 0 1 0 0 624.426667 312.234667 312.234667 0 1 0 0-624.469333z m136.576 273.194667a19.498667 19.498667 0 0 1 19.498667 19.498667v39.04a19.498667 19.498667 0 0 1-19.498667 19.498666H339.029333a19.498667 19.498667 0 0 1-19.498666-19.498666v-39.04a19.498667 19.498667 0 0 1 19.498666-19.498667h273.194667z\" fill=\"#1D2129\">\u003C/path>\u003C/symbol>\u003Csymbol id=\"iconMy_shares\" viewBox=\"0 0 1024 1024\">\u003Cpath d=\"M124.586667 58.026667h159.573333c12.8 0 24.746667 4.266667 34.986667 12.8l54.613333 46.08c9.386667 8.533333 22.186667 12.8 34.986667 12.8h482.133333c41.813333 0 75.093333 34.133333 75.093333 75.093333v532.48c0 41.813333-34.133333 75.093333-75.093333 75.093333H124.586667c-41.813333 0-75.093333-34.133333-75.093334-75.093333V133.12c-0.853333-41.813333 33.28-75.093333 75.093334-75.093333z\" fill=\"#FFB02C\">\u003C/path>\u003Cpath d=\"M48.64 219.306667h841.386667c41.813333 0 75.093333 34.133333 75.093333 75.093333v547.84c0 13.653333-11.093333 23.893333-23.893333 23.893333H73.386667c-13.653333 0-23.893333-11.093333-23.893334-23.893333v-622.933333h-0.853333z\" fill=\"#FFCA28\">\u003C/path>\u003Cpath d=\"M48.64 219.306667h841.386667c41.813333 0 75.093333 34.133333 75.093333 75.093333v547.84c0 13.653333-11.093333 23.893333-23.893333 23.893333H73.386667c-13.653333 0-23.893333-11.093333-23.893334-23.893333v-622.933333h-0.853333z\" fill=\"#FFCA28\">\u003C/path>\u003Cpath d=\"M48.64 219.306667h841.386667c41.813333 0 75.093333 34.133333 75.093333 75.093333v547.84c0 13.653333-11.093333 23.893333-23.893333 23.893333H73.386667c-13.653333 0-23.893333-11.093333-23.893334-23.893333v-622.933333h-0.853333z\" fill=\"#FFCA28\">\u003C/path>\u003Cpath d=\"M1000.106667 744.96c-16.213333-29.013333-41.813333-18.773333-123.733334 3.413333-36.693333 10.24-69.973333 24.746667-155.306666 46.933334-31.573333 8.533333-64.853333 11.946667-107.52 0-43.52-11.946667-65.706667-20.48-88.746667-29.866667-23.893333-9.386667-57.173333-20.48-75.946667-33.28s-5.12-34.133333 11.093334-32.426667c29.866667 3.413333 66.56 22.186667 99.84 34.133334s58.88 23.04 98.986666 23.04c21.333333 0 39.253333-20.48 43.52-37.546667s-4.266667-40.106667-20.48-51.2c-11.093333-7.68-22.186667-14.506667-34.133333-20.48-33.28-17.92-65.706667-35.84-98.986667-52.906667-58.88-30.72-117.76-59.733333-180.053333-85.333333-62.293333-25.6-117.76-29.013333-175.786667 2.56-37.546667 20.48-75.093333 40.106667-112.64 59.733333-3.413333 1.706667-17.066667 9.386667-31.573333 17.92v285.013334h116.053333c46.933333 0 92.16 5.12 138.24 14.506666 68.266667 13.653333 187.733333 55.466667 289.28 78.506667 45.226667 10.24 103.253333 9.386667 146.773334-6.826667 84.48-32.426667 101.546667-45.226667 168.96-93.866666 69.973333-51.2 108.373333-93.866667 92.16-122.026667z\" fill=\"#0092FF\">\u003C/path>\u003C/symbol>\u003Csymbol id=\"iconarrow\" viewBox=\"0 0 1024 1024\">\u003Cpath d=\"M433.237333 430.72H285.525333c-1.408 0-2.773333-0.256-4.522666-0.469333a29.738667 29.738667 0 0 1-6.4-1.877334l-1.450667-0.725333c-0.938667-0.426667-1.877333-0.853333-2.816-1.408a32.128 32.128 0 0 1-13.781333-22.186667 34.986667 34.986667 0 0 1-0.426667-4.821333c0-0.426667-0.128-0.768-0.128-1.152 0-0.682667 0.128-1.322667 0.170667-2.005333 0.085333-0.725333 0.085333-1.408 0.213333-2.133334a34.389333 34.389333 0 0 1 5.546667-15.36l221.738666-273.152c5.845333-11.306667 17.365333-21.973333 28.330667-19.797333 10.965333-2.176 22.442667 8.490667 28.373333 19.797333l221.696 273.152a34.133333 34.133333 0 0 1 5.546667 15.36c0.128 0.725333 0.128 1.408 0.213333 2.133334 0 0.682667 0.170667 1.28 0.170667 2.005333l-0.085333 1.152a39.893333 39.893333 0 0 1-0.597334 5.674667 31.701333 31.701333 0 0 1-13.653333 21.333333c-0.938667 0.597333-1.877333 0.938667-2.858667 1.408l-1.408 0.725333c-0.938667 0.384-1.877333 0.682667-2.816 0.938667a26.069333 26.069333 0 0 1-3.968 0.938667c-1.365333 0.213333-2.730667 0.469333-4.138666 0.469333h-147.712v487.637333a20.650667 20.650667 0 0 1-5.76 14.336 19.413333 19.413333 0 0 1-13.909334 5.973334h-118.186666a19.413333 19.413333 0 0 1-13.909334-5.973334 20.650667 20.650667 0 0 1-5.76-14.336V430.72z\" fill=\"#1D2129\">\u003C/path>\u003C/symbol>\u003Csymbol id=\"iconarrowup\" viewBox=\"0 0 1024 1024\">\u003Cpath d=\"M512 1015.466667C239.786667 1015.466667 18.773333 794.453333 18.773333 522.24S239.786667 29.013333 512 29.013333s493.226667 221.013333 493.226667 493.226667S784.213333 1015.466667 512 1015.466667z m0-909.653334c-229.546667 0-416.426667 186.88-416.426667 416.426667S282.453333 938.666667 512 938.666667s416.426667-186.88 416.426667-416.426667S741.546667 105.813333 512 105.813333z\" fill=\"#333333\">\u003C/path>\u003Cpath d=\"M514.56 752.64c-21.333333 0-38.4-17.066667-38.4-38.4V378.026667c0-21.333333 17.066667-38.4 38.4-38.4s38.4 17.066667 38.4 38.4v336.213333c0 21.333333-17.066667 38.4-38.4 38.4z\" fill=\"#333333\">\u003C/path>\u003Cpath d=\"M356.693333 527.36c-10.24 0-21.333333-4.266667-28.16-12.8-14.506667-15.36-12.8-40.106667 2.56-54.613333l187.733334-168.96 178.346666 163.84c15.36 14.506667 17.066667 38.4 2.56 54.613333-14.506667 15.36-38.4 17.066667-54.613333 2.56L518.826667 395.093333l-136.533334 122.88c-6.826667 5.973333-16.213333 9.386667-25.6 9.386667z\" fill=\"#333333\">\u003C/path>\u003C/symbol>\u003Csymbol id=\"icontos_task_bg_off1\" viewBox=\"0 0 1024 1024\">\u003Cpath d=\"M692.053333 983.04H167.253333c-64.853333 0-116.906667-52.053333-116.906666-116.906667V341.333333c0-64.853333 52.053333-116.906667 116.906666-116.906666H691.2c64.853333 0 117.76 52.906667 117.76 117.76v523.946666c0 64.853333-52.053333 116.906667-116.906667 116.906667zM167.253333 301.226667c-22.186667 0-40.106667 17.92-40.106666 40.106666v524.8c0 22.186667 17.92 40.106667 40.106666 40.106667h524.8c22.186667 0 40.106667-17.92 40.106667-40.106667V342.186667c0-22.186667-18.773333-40.96-40.96-40.96H167.253333z\" fill=\"#333333\">\u003C/path>\u003Cpath d=\"M505.173333 338.773333h76.8v209.066667h-76.8z\" fill=\"#333333\">\u003C/path>\u003Cpath d=\"M417.28 542.72l126.293333 126.293333 126.293334-126.293333zM274.773333 663.04h76.8v209.066667h-76.8z\" fill=\"#333333\">\u003C/path>\u003Cpath d=\"M186.88 668.16l126.293333-126.293333 126.293334 126.293333zM860.16 47.786667H336.213333c-64.853333 0-116.906667 52.053333-116.906666 116.906666 0 20.48 16.213333 36.693333 36.693333 36.693334h4.266667c20.48 0 36.693333-16.213333 36.693333-36.693334 0-22.186667 17.92-40.106667 40.106667-40.106666h523.946666c23.04 0 40.96 17.92 40.96 40.96v523.946666c0 22.186667-17.92 40.106667-40.106666 40.106667h-3.413334c-21.333333 0-38.4 17.066667-38.4 38.4s17.066667 38.4 38.4 38.4h3.413334c64.853333 0 116.906667-52.053333 116.906666-116.906667V165.546667c-0.853333-64.853333-52.906667-117.76-118.613333-117.76z\" fill=\"#333333\">\u003C/path>\u003C/symbol>\u003Csymbol id=\"icontos_task_bg1\" viewBox=\"0 0 1024 1024\">\u003Cpath d=\"M680.96 979.626667H156.16c-64.853333 0-116.906667-52.053333-116.906667-116.906667V337.92c0-64.853333 52.053333-116.906667 116.906667-116.906667h523.946667c64.853333 0 117.76 52.906667 117.76 117.76v523.946667c0 64.853333-52.053333 116.906667-116.906667 116.906667zM156.16 297.813333c-22.186667 0-40.106667 17.92-40.106667 40.106667v524.8c0 22.186667 17.92 40.106667 40.106667 40.106667h524.8c22.186667 0 40.106667-17.92 40.106667-40.106667V338.773333c0-22.186667-18.773333-40.96-40.96-40.96H156.16z\" fill=\"#333333\">\u003C/path>\u003Cpath d=\"M253.44 335.36h76.8v209.066667h-76.8z\" fill=\"#333333\">\u003C/path>\u003Cpath d=\"M165.546667 539.306667L292.693333 665.6l126.293334-126.293333zM502.613333 659.626667h76.8v209.066666h-76.8z\" fill=\"#333333\">\u003C/path>\u003Cpath d=\"M414.72 664.746667l126.293333-126.293334 126.293334 126.293334zM849.066667 44.373333H325.12c-64.853333 0-116.906667 52.053333-116.906667 116.906667 0 20.48 16.213333 36.693333 36.693334 36.693333h4.266666c20.48 0 36.693333-16.213333 36.693334-36.693333 0-22.186667 17.92-40.106667 40.106666-40.106667h523.946667c23.04 0 40.96 17.92 40.96 40.96v523.946667c0 22.186667-17.92 40.106667-40.106667 40.106667h-3.413333c-21.333333 0-38.4 17.066667-38.4 38.4s17.066667 38.4 38.4 38.4h3.413333c64.853333 0 116.906667-52.053333 116.906667-116.906667V162.133333c-0.853333-64.853333-53.76-117.76-118.613333-117.76z\" fill=\"#333333\">\u003C/path>\u003C/symbol>\u003Csymbol id=\"iconThunmbnail\" viewBox=\"0 0 1024 1024\">\u003Cpath d=\"M372.906667 500.906667H170.666667c-69.12 0-124.586667-55.466667-124.586667-124.586667V187.733333C46.933333 119.466667 103.253333 64 170.666667 64h201.386666c69.12 0 124.586667 55.466667 124.586667 124.586667v189.44c0 67.413333-55.466667 122.88-123.733333 122.88zM170.666667 140.8c-25.6 0-46.933333 21.333333-47.786667 47.786667v187.733333c0 26.453333 21.333333 47.786667 47.786667 47.786667h202.24c25.6 0 46.933333-21.333333 46.933333-46.08V188.586667c0-26.453333-21.333333-47.786667-47.786667-47.786667H170.666667zM853.333333 500.906667H651.093333c-68.266667 0-124.586667-55.466667-124.586666-124.586667V187.733333c0-69.12 55.466667-124.586667 124.586666-124.586666H853.333333c68.266667 0 124.586667 55.466667 124.586667 124.586666v189.44c-0.853333 68.266667-57.173333 123.733333-124.586667 123.733334zM651.093333 139.946667c-26.453333 0-47.786667 21.333333-47.786666 47.786666v188.586667c0 26.453333 21.333333 47.786667 47.786666 47.786667H853.333333c25.6 0 46.933333-21.333333 47.786667-47.786667V187.733333c0-26.453333-21.333333-47.786667-47.786667-47.786666H651.093333zM372.906667 971.946667H170.666667c-69.12 0-124.586667-55.466667-124.586667-124.586667V657.92c0-68.266667 55.466667-124.586667 124.586667-124.586667h201.386666c69.12 0 124.586667 55.466667 124.586667 124.586667v189.44c0 68.266667-55.466667 124.586667-123.733333 124.586667zM170.666667 610.133333c-26.453333 0-47.786667 21.333333-47.786667 47.786667v189.44c0 26.453333 21.333333 47.786667 47.786667 47.786667h202.24c25.6 0 46.933333-22.186667 46.933333-47.786667V657.92c0-26.453333-21.333333-47.786667-47.786667-47.786667H170.666667zM853.333333 971.946667H651.093333c-68.266667 0-124.586667-55.466667-124.586666-124.586667V657.92c0-68.266667 55.466667-124.586667 124.586666-124.586667H853.333333c68.266667 0 124.586667 55.466667 124.586667 124.586667v189.44c-0.853333 69.12-57.173333 124.586667-124.586667 124.586667zM651.093333 610.133333c-26.453333 0-47.786667 21.333333-47.786666 47.786667v189.44c0 26.453333 21.333333 47.786667 47.786666 47.786667H853.333333c25.6 0 46.933333-22.186667 47.786667-48.64V657.92c0-26.453333-21.333333-47.786667-47.786667-47.786667H651.093333z\" fill=\"#333333\">\u003C/path>\u003C/symbol>\u003Csymbol id=\"iconSorting\" viewBox=\"0 0 1024 1024\">\u003Cpath d=\"M707.413333 498.346667l-410.453333-5.12c-19.626667 0-39.253333-11.093333-48.64-29.013334-9.386667-17.92-8.533333-39.253333 1.706667-56.32l200.533333-332.8c10.24-17.066667 28.16-27.306667 47.786667-27.306666s37.546667 10.24 47.786666 26.453333l209.92 338.773333c10.24 17.066667 10.24 39.253333 0 56.32-10.24 18.773333-28.16 29.013333-48.64 29.013334z m-372.053333-81.066667l335.36 4.266667-171.52-277.333334-163.84 273.066667z m-37.546667-0.853333z m183.466667-301.226667zM499.2 987.306667c-0.853333 0-0.853333 0 0 0-19.626667 0-37.546667-10.24-47.786667-26.453334l-200.533333-332.8c-11.093333-17.066667-11.093333-38.4-1.706667-56.32 9.386667-17.92 28.16-29.013333 48.64-29.013333l408.746667-5.973333c20.48 0 38.4 10.24 48.64 28.16 10.24 17.92 10.24 39.253333 0 56.32v1.706666L546.133333 960.853333c-10.24 16.213333-28.16 26.453333-46.933333 26.453334z m-17.92-67.413334zM335.36 618.666667l163.84 272.213333L670.72 614.4l-335.36 4.266667z m-36.693333 0.853333z\" fill=\"#333333\">\u003C/path>\u003C/symbol>\u003Csymbol id=\"iconSearch_settings1\" viewBox=\"0 0 1024 1024\">\u003Cpath d=\"M261.3248 204.8c138.752 0 251.136 105.984 251.136 236.8 0 49.4592-16.0768 95.3856-43.52 133.3248l100.1472 94.464a13.312 13.312 0 0 1 0 19.712l-25.088 23.6544a15.5136 15.5136 0 0 1-20.8384 0l-97.536-92.0064a259.1744 259.1744 0 0 1-164.3008 57.7024C122.6752 678.4 10.24 572.416 10.24 441.6 10.24 310.8352 122.6752 204.8 261.3248 204.8z m0 58.5216c-104.448 0-189.0816 79.7696-189.0816 178.2784 0 98.5088 84.6336 178.3296 189.0816 178.3296s189.0816-79.872 189.0816-178.3296c0-98.5088-84.5824-178.2784-189.0816-178.2784z\" fill=\"#1D2129\">\u003C/path>\u003Cpath d=\"M988.7232 477.696q0.512-0.512 0.9216-1.1264l0.6656-1.28q0.3072-0.6656 0.512-1.3824 0.2048-0.6656 0.3072-1.4336l0.1024-1.4336-0.1024-1.4336q-0.1024-0.768-0.3072-1.4336-0.2048-0.7168-0.512-1.3824l-0.6656-1.28q-0.4096-0.6144-0.9216-1.1776l-1.024-1.024q-0.512-0.512-1.1776-0.8704-0.6144-0.4096-1.28-0.7168l-1.3312-0.512-1.4336-0.3072Q981.76 460.8 980.992 460.8h-221.184q-0.768 0-1.4848 0.1024l-1.4336 0.3072-1.3312 0.512q-0.6656 0.3072-1.28 0.7168-0.6144 0.3584-1.1776 0.8704l-1.024 1.024q-0.512 0.512-0.9216 1.1776l-0.6656 1.28q-0.3072 0.6656-0.512 1.3824-0.2048 0.6656-0.3072 1.4336l-0.1024 1.4336 0.1024 1.4336q0.1024 0.768 0.3072 1.4336 0.2048 0.7168 0.512 1.3824l0.6656 1.28q0.4096 0.6144 0.9216 1.1776l110.592 127.6928q0.7168 0.8704 1.5872 1.536 0.8704 0.6144 1.8944 1.0752 1.024 0.512 2.048 0.7168 1.0752 0.2048 2.2016 0.2048 1.1264 0 2.2016-0.2048 1.024-0.256 2.048-0.7168 1.024-0.4608 1.8944-1.0752 0.8704-0.6656 1.5872-1.536l110.592-127.6928z\" fill=\"#1D2129\">\u003C/path>\u003C/symbol>\u003Csymbol id=\"iconEdit\" viewBox=\"0 0 1024 1024\">\u003Cpath d=\"M175.957333 938.624c-6.314667 0-12.544-1.194667-18.346666-3.498667a48.213333 48.213333 0 0 1-15.573334-9.898666 45.610667 45.610667 0 0 1-10.368-14.805334 43.776 43.776 0 0 1-3.669333-17.493333V130.986667c0-12.117333 5.034667-23.722667 14.08-32.298667 8.96-8.533333 21.162667-13.354667 33.877333-13.354667h488.704c12.757333 0 24.96 4.821333 33.962667 13.397334 9.002667 8.533333 14.08 20.181333 14.08 32.298666 0 12.16-5.077333 23.765333-14.08 32.341334a49.237333 49.237333 0 0 1-33.92 13.397333H223.914667v670.506667h576v-335.232c0-12.117333 5.12-23.765333 14.08-32.341334 9.002667-8.533333 21.205333-13.397333 33.962666-13.397333 12.714667 0 24.917333 4.821333 33.962667 13.397333 8.96 8.576 14.037333 20.181333 14.037333 32.341334v380.970666c0 5.973333-1.28 11.946667-3.669333 17.493334-2.389333 5.546667-5.973333 10.581333-10.410667 14.805333a48.213333 48.213333 0 0 1-15.573333 9.898667 50.090667 50.090667 0 0 1-18.346667 3.456l-672.042666-0.042667z m332.8-364.842667a44.8 44.8 0 0 1-14.250666-32.341333 44.714667 44.714667 0 0 1 13.866666-32.426667l305.621334-293.034666c9.088-8.106667 21.12-12.544 33.536-12.373334 12.458667 0.170667 24.32 4.949333 33.152 13.312 8.832 8.32 13.909333 19.626667 14.165333 31.488 0.256 11.818667-4.352 23.296-12.8 32l-305.450667 292.992c-8.96 8.618667-21.12 13.482667-33.792 13.568a49.450667 49.450667 0 0 1-34.048-13.141333v-0.042667z\" fill=\"#1D2129\">\u003C/path>\u003C/symbol>\u003Csymbol id=\"iconcopy\" viewBox=\"0 0 1024 1024\">\u003Cpath d=\"M657.0496 266.24c11.3152 0 22.1696 4.3008 30.208 11.9808 7.9872 7.68 12.4928 18.1248 12.4928 28.9792v577.9968c0 20.1216-17.8688 36.4032-39.8336 36.4032H142.2336c-22.016 0-39.8336-16.2816-39.8336-36.4032V302.592c0-20.1216 17.8176-36.4032 39.8336-36.4032h514.816zM614.4 348.16H187.7504v491.52H614.4V348.16zM827.7504 102.4c11.264 0 22.1696 4.3008 30.1568 11.9808 7.9872 7.68 12.4928 18.1248 12.4928 28.9792v512a20.0704 20.0704 0 0 1-6.2464 14.4896 21.8112 21.8112 0 0 1-15.104 5.9904h-42.6496a21.76 21.76 0 0 1-15.104-5.9904 20.0704 20.0704 0 0 1-6.2464-14.4896V184.32H379.7504a21.8112 21.8112 0 0 1-15.104-5.9904A20.0704 20.0704 0 0 1 358.4 163.84v-40.96c0-5.4272 2.2528-10.6496 6.2464-14.4896A21.8112 21.8112 0 0 1 379.7504 102.4h448z\" fill=\"#6B7785\">\u003C/path>\u003C/symbol>\u003Csymbol id=\"iconReject\" viewBox=\"0 0 1024 1024\">\u003Cpath d=\"M512 453.717333l276.992-276.992a20.608 20.608 0 0 1 29.141333 0l29.141334 29.141334a20.565333 20.565333 0 0 1 0 29.184l-276.949334 276.992 276.949334 276.906666a20.608 20.608 0 0 1 0 29.184l-29.141334 29.141334a20.608 20.608 0 0 1-29.141333 0L512 570.325333l-276.992 276.949334a20.608 20.608 0 0 1-29.141333 0l-29.184-29.141334a20.608 20.608 0 0 1 0-29.141333L453.674667 512 176.725333 235.093333a20.608 20.608 0 0 1 0-29.184l29.141334-29.141333a20.608 20.608 0 0 1 29.184 0L512 453.674667z\" fill=\"#1D2129\">\u003C/path>\u003C/symbol>\u003Csymbol id=\"iconmistake\" viewBox=\"0 0 1024 1024\">\u003Cpath d=\"M512 446.421333l311.594667-311.594666a23.210667 23.210667 0 0 1 32.810666 0l32.768 32.810666a23.253333 23.253333 0 0 1 0 32.810667L577.621333 512l311.594667 311.552a23.210667 23.210667 0 0 1 0 32.768l-32.810667 32.810667a23.210667 23.210667 0 0 1-32.768 0L512 577.621333 200.405333 889.173333a23.253333 23.253333 0 0 1-32.853333 0l-32.768-32.810666a23.210667 23.210667 0 0 1 0-32.810667L446.378667 512 134.826667 200.448a23.168 23.168 0 0 1 0-32.810667l32.768-32.810666a23.210667 23.210667 0 0 1 32.853333 0L512 446.378667z\" fill=\"#3491FA\">\u003C/path>\u003C/symbol>\u003Csymbol id=\"iconfullscreen\" viewBox=\"0 0 1024 1024\">\u003Cpath d=\"M147.822933 202.9824l54.510934-54.101333 664.200533 669.294933-54.510933 54.101333z\" fill=\"#333333\">\u003C/path>\u003Cpath d=\"M61.44 71.68l23.04 280.746667L342.186667 93.866667zM963.413333 968.533333L682.666667 946.346667l257.706666-258.56zM144.9728 837.742933l669.1584-663.125333 54.058667 54.545067-669.1584 663.125333z\" fill=\"#333333\">\u003C/path>\u003Cpath d=\"M64.853333 965.12l281.6-11.946667-248.32-267.946666zM970.24 71.68L947.2 352.426667 689.493333 94.72z\" fill=\"#333333\">\u003C/path>\u003C/symbol>\u003Csymbol id=\"iconarrow_down1\" viewBox=\"0 0 1024 1024\">\u003Cpath d=\"M40.106667 213.333333l474.453333 471.893334 469.333333-471.893334z\" fill=\"#1EB300\">\u003C/path>\u003C/symbol>\u003Csymbol id=\"iconarrow_up1\" viewBox=\"0 0 1024 1024\">\u003Cpath d=\"M40.106667 685.226667L514.56 213.333333l469.333333 471.893334z\" fill=\"#0086E6\">\u003C/path>\u003C/symbol>\u003Csymbol id=\"iconBackup\" viewBox=\"0 0 1024 1024\">\u003Cpath d=\"M193.834667 272.64c5.802667 0 11.392 2.218667 15.530666 6.101333 4.096 3.925333 6.4 9.216 6.4 14.72v561.92h592.213334c5.845333 0 11.434667 2.218667 15.530666 6.144 4.138667 3.882667 6.442667 9.173333 6.442667 14.72v41.6c0 5.546667-2.304 10.837333-6.4 14.72a22.570667 22.570667 0 0 1-15.530667 6.101334H171.861333c-11.605333 0-22.784-4.394667-31.018666-12.202667a40.576 40.576 0 0 1-12.842667-29.44V293.461333c0-5.546667 2.304-10.794667 6.4-14.72a22.570667 22.570667 0 0 1 15.530667-6.101333h43.904zM714.794667 85.333333c5.845333 0 11.690667 1.109333 17.066666 3.285334 5.461333 2.176 10.368 5.376 14.421334 9.386666l137.344 134.4a40.533333 40.533333 0 0 1 12.373333 29.013334v492.245333c0 5.12-0.981333 10.24-3.029333 14.933333a38.954667 38.954667 0 0 1-8.874667 12.8 41.472 41.472 0 0 1-13.312 8.533334 43.136 43.136 0 0 1-15.786667 3.029333H322.56a43.093333 43.093333 0 0 1-15.744-3.029333 41.429333 41.429333 0 0 1-13.312-8.533334 38.997333 38.997333 0 0 1-8.874667-12.8 37.333333 37.333333 0 0 1-3.029333-14.933333V124.672c0-21.76 18.346667-39.338667 40.96-39.338667h392.234667z m-18.688 83.242667H369.365333v541.141333h438.869334V279.381333l-112.128-110.805333z m-85.333334 333.013333c5.802667 0 11.392 2.176 15.488 6.101334 4.096 3.925333 6.4 9.216 6.4 14.72v41.642666c0 5.504-2.304 10.794667-6.4 14.677334a22.570667 22.570667 0 0 1-15.530666 6.101333H479.146667a22.570667 22.570667 0 0 1-15.530667-6.101333 20.266667 20.266667 0 0 1-6.4-14.72v-41.6c0-5.546667 2.261333-10.794667 6.4-14.72a22.570667 22.570667 0 0 1 15.530667-6.101334h131.626666z m87.722667-166.485333c5.845333 0 11.434667 2.176 15.530667 6.101333 4.096 3.882667 6.4 9.173333 6.4 14.677334v41.642666c0 5.546667-2.304 10.837333-6.4 14.72a22.570667 22.570667 0 0 1-15.530667 6.101334H479.146667a22.570667 22.570667 0 0 1-15.530667-6.101334 20.309333 20.309333 0 0 1-6.4-14.72v-41.642666c0-5.504 2.261333-10.794667 6.4-14.677334a22.570667 22.570667 0 0 1 15.530667-6.101333h219.392z\" fill=\"#1D2129\">\u003C/path>\u003C/symbol>\u003Csymbol id=\"iconbeep\" viewBox=\"0 0 1024 1024\">\u003Cpath d=\"M889.856 752l-83.754667-109.525333v-161.28c0-208.64-115.626667-297.557333-237.354666-314.581334v-19.626666c0-16.384-5.973333-32.042667-16.64-43.605334A54.613333 54.613333 0 0 0 512 85.333333a54.613333 54.613333 0 0 0-40.106667 18.048c-10.666667 11.562667-16.64 27.221333-16.64 43.562667v19.669333c-121.728 17.066667-237.354667 105.898667-237.354666 314.496v161.365334l-83.754667 109.525333a30.805333 30.805333 0 0 0-3.669333 30.592c2.176 4.949333 5.546667 9.130667 9.813333 12.032 4.266667 2.901333 9.216 4.437333 14.250667 4.394667h714.965333a24.874667 24.874667 0 0 0 14.208-4.437334c4.266667-2.901333 7.68-7.082667 9.813333-12.032a30.848 30.848 0 0 0-3.669333-30.549333zM512 938.666667c21.461333 0 42.026667-9.258667 57.173333-25.770667 15.189333-16.469333 23.722667-38.826667 23.722667-62.08h-161.834667c0 23.296 8.533333 45.653333 23.722667 62.08 15.146667 16.512 35.754667 25.770667 57.173333 25.770667z\" fill=\"#1D2129\">\u003C/path>\u003C/symbol>\u003Csymbol id=\"iconbrowse\" viewBox=\"0 0 1024 1024\">\u003Cpath d=\"M878.08 960H145.92c-63.146667 0-114.346667-51.2-114.346667-114.346667V197.973333c0-63.146667 51.2-114.346667 114.346667-114.346666h217.6c30.72 0 58.88 11.946667 81.066667 33.28l98.133333 98.133333c6.826667 6.826667 16.213333 11.093333 26.453333 11.093333H878.933333c63.146667 0 114.346667 51.2 114.346667 114.346667v505.173333c-0.853333 63.146667-52.053333 114.346667-115.2 114.346667zM145.92 160.426667c-20.48 0-37.546667 17.066667-37.546667 37.546666v647.68c0 20.48 17.066667 37.546667 37.546667 37.546667h732.16c20.48 0 37.546667-17.066667 37.546667-37.546667V339.626667c0-20.48-17.066667-37.546667-37.546667-37.546667H569.173333c-30.72 0-58.88-11.946667-81.066666-33.28L389.973333 171.52c-6.826667-6.826667-16.213333-11.093333-26.453333-11.093333H145.92z\" fill=\"#333333\">\u003C/path>\u003Cpath d=\"M465.066667 715.946667C368.64 715.946667 290.133333 637.44 290.133333 541.013333s78.506667-174.933333 174.933334-174.933333S640 445.44 640 541.866667s-78.506667 174.08-174.933333 174.08z m0-272.213334C411.306667 443.733333 366.933333 487.253333 366.933333 541.866667S410.453333 640 465.066667 640 563.2 595.626667 563.2 541.866667 519.68 443.733333 465.066667 443.733333z\" fill=\"#333333\">\u003C/path>\u003Cpath d=\"M708.266667 821.76c-9.386667 0-19.626667-3.413333-26.453334-11.093333L533.333333 666.453333c-15.36-14.506667-15.36-39.253333-0.853333-54.613333 14.506667-15.36 39.253333-15.36 54.613333-0.853333l148.48 144.213333c15.36 14.506667 15.36 39.253333 0.853334 54.613333-7.68 7.68-17.92 11.946667-28.16 11.946667z\" fill=\"#333333\">\u003C/path>\u003C/symbol>\u003Csymbol id=\"iconcancel_all\" viewBox=\"0 0 1024 1024\">\u003Cpath d=\"M48.64 119.466667h914.773333v76.8H48.64zM48.64 351.573333h914.773333v76.8H48.64zM48.64 583.68h482.133333v76.8H48.64zM48.64 815.786667h482.133333v76.8H48.64zM653.653333 892.586667c-9.386667 0-19.626667-3.413333-26.453333-11.093334-15.36-14.506667-15.36-39.253333-0.853333-54.613333l260.266666-269.653333c14.506667-15.36 39.253333-15.36 54.613334-0.853334 15.36 14.506667 15.36 39.253333 0.853333 54.613334l-260.266667 269.653333c-8.533333 7.68-18.773333 11.946667-28.16 11.946667z\" fill=\"#333333\">\u003C/path>\u003Cpath d=\"M913.92 892.586667c-10.24 0-20.48-4.266667-27.306667-11.946667L625.493333 610.986667c-14.506667-15.36-14.506667-39.253333 0.853334-54.613334 15.36-14.506667 39.253333-14.506667 54.613333 0.853334L941.226667 827.733333c14.506667 15.36 14.506667 39.253333-0.853334 54.613334-7.68 6.826667-17.066667 10.24-26.453333 10.24z\" fill=\"#333333\">\u003C/path>\u003C/symbol>\u003Csymbol id=\"iconClose1\" viewBox=\"0 0 1024 1024\">\u003Cpath d=\"M512 938.666667c235.648 0 426.666667-191.018667 426.666667-426.666667S747.648 85.333333 512 85.333333 85.333333 276.352 85.333333 512s191.018667 426.666667 426.666667 426.666667z m0-77.568a349.098667 349.098667 0 1 1 0-698.197334 349.098667 349.098667 0 0 1 0 698.197334z m96-499.925334a19.370667 19.370667 0 0 1 27.434667 0l27.434666 27.392a19.413333 19.413333 0 0 1 0 27.434667L566.869333 512l96 96a19.370667 19.370667 0 0 1 0 27.434667l-27.434666 27.434666a19.370667 19.370667 0 0 1-27.434667 0L512 566.869333l-96 96a19.413333 19.413333 0 0 1-27.434667 0l-27.392-27.434666a19.370667 19.370667 0 0 1 0-27.434667l96-96-96-96a19.413333 19.413333 0 0 1 0-27.434667l27.392-27.392a19.413333 19.413333 0 0 1 27.434667 0l96 96 96-96z\" fill=\"#1D2129\">\u003C/path>\u003C/symbol>\u003Csymbol id=\"iconCloseeyes\" viewBox=\"0 0 1024 1024\">\u003Cpath d=\"M512.597333 627.626667c-28.885333 0-57.088-2.432-84.48-7.125334l-21.888 87.381334a23.381333 23.381333 0 0 1-10.24 14.293333 20.693333 20.693333 0 0 1-16.64 2.346667l-42.368-12.16a21.504 21.504 0 0 1-7.68-4.053334 24.661333 24.661333 0 0 1-7.850666-24.746666l21.418666-85.546667a473.856 473.856 0 0 1-99.968-50.346667L173.226667 622.464a20.693333 20.693333 0 0 1-31.061334 0l-31.061333-33.28a24.405333 24.405333 0 0 1-6.4-16.597333c0-6.229333 2.304-12.202667 6.4-16.64l61.44-65.792a423.125333 423.125333 0 0 1-78.165333-107.605334l-3.114667-6.314666-3.712-8.021334a25.002667 25.002667 0 0 1 4.224-26.794666l6.4-6.826667 3.370667-3.328 15.786666-15.36 6.272-6.314667 4.266667-4.522666a19.626667 19.626667 0 0 1 7.509333-5.12 18.474667 18.474667 0 0 1 17.194667 2.133333c2.56 1.706667 4.693333 4.053333 6.229333 6.826667l1.152 2.304c54.613333 131.285333 185.557333 222.421333 352.682667 222.421333 160.128 0 294.101333-88.704 347.818667-210.432 1.493333-3.285333 3.072-7.253333 4.778666-11.946667a20.053333 20.053333 0 0 1 4.906667-7.424 17.493333 17.493333 0 0 1 23.722667-1.024l1.877333 1.749334 36.565333 39.125333a25.002667 25.002667 0 0 1 4.138667 27.093333l-4.693333 9.813334c-2.176 4.48-4.138667 8.32-5.802667 11.434666a425.728 425.728 0 0 1-79.146667 103.936l56.021334 60.032c4.138667 4.394667 6.4 10.368 6.4 16.597334a24.362667 24.362667 0 0 1-6.4 16.64l-31.018667 33.237333a21.248 21.248 0 0 1-15.530667 6.826667 21.248 21.248 0 0 1-15.530666-6.826667l-65.493334-70.144c-29.397333 18.688-60.501333 34.005333-92.885333 45.738667l21.376 85.546666a25.130667 25.130667 0 0 1-2.176 17.834667 23.125333 23.125333 0 0 1-5.632 6.912 21.504 21.504 0 0 1-7.68 4.053333l-42.410667 12.16a20.693333 20.693333 0 0 1-16.64-2.346666 23.381333 23.381333 0 0 1-10.24-14.293334l-21.845333-87.381333c-27.946667 4.778667-56.192 7.125333-84.48 7.125333z\" fill=\"#1D2129\">\u003C/path>\u003C/symbol>\u003Csymbol id=\"iconCreate\" viewBox=\"0 0 1024 1024\">\u003Cpath d=\"M512 85.333333c235.648 0 426.666667 191.018667 426.666667 426.666667s-191.018667 426.666667-426.666667 426.666667S85.333333 747.648 85.333333 512 276.352 85.333333 512 85.333333z m0 77.568a349.098667 349.098667 0 1 0 0 698.197334 349.098667 349.098667 0 0 0 0-698.197334z m38.826667 174.549334a19.413333 19.413333 0 0 0-19.456-19.370667h-38.784a19.413333 19.413333 0 0 0-19.370667 19.370667v135.765333H337.450667a19.413333 19.413333 0 0 0-19.370667 19.413333v38.784a19.413333 19.413333 0 0 0 19.370667 19.370667h135.765333v135.765333a19.413333 19.413333 0 0 0 19.413333 19.370667h38.784a19.413333 19.413333 0 0 0 19.370667-19.370667v-135.765333h135.765333a19.413333 19.413333 0 0 0 19.370667-19.413333v-38.784a19.413333 19.413333 0 0 0-19.370667-19.370667h-135.765333V337.450667z\" fill=\"#1D2129\">\u003C/path>\u003C/symbol>\u003Csymbol id=\"iconConnect\" viewBox=\"0 0 1024 1024\">\u003Cpath d=\"M394.24 688.768l289.877333-289.877333-59.008-59.008-289.877333 289.877333 59.008 59.008z m87.168-12.416a91.008 91.008 0 0 1-21.205333 95.189333c-56.234667 56.106667-74.453333 84.053333-122.325334 84.053334-47.530667 0-61.141333-22.997333-142.592-104.234667a91.392 91.392 0 0 1 0-129.28c51.072-50.901333 86.186667-102.784 153.856-78.208l61.994667-61.824a175.232 175.232 0 0 0-217.173333 23.893333L136.533333 563.370667a174.378667 174.378667 0 0 0-0.042666 246.741333C212.48 886.016 249.386667 938.666667 337.877333 938.666667c85.504 0 122.538667-49.834667 181.162667-108.373334a174.122667 174.122667 0 0 0 24.448-215.893333l-62.08 61.952z m406.229333-462.378667l-77.653333-77.653333a174.634667 174.634667 0 0 0-246.613333 0L505.941333 193.706667a174.506667 174.506667 0 0 0-23.893333 216.661333l61.866667-61.866667a90.752 90.752 0 0 1 20.778666-96c57.813333-57.856 74.752-84.053333 122.026667-84.053333 47.402667 0 61.013333 23.04 142.208 104.277333a91.477333 91.477333 0 0 1 0 129.194667c-50.773333 50.773333-85.333333 102.058667-152.533333 78.506667L614.4 542.378667c27.733333 17.408 59.818667 26.581333 92.544 26.538666 85.12 0 121.898667-49.493333 180.693333-108.288a174.634667 174.634667 0 0 0 0-246.698666z\" fill=\"#1D2129\">\u003C/path>\u003Cpath d=\"M394.24 688.768l289.877333-289.877333-59.008-59.008-289.877333 289.877333 59.008 59.008z m87.168-12.416a91.008 91.008 0 0 1-21.205333 95.189333c-56.234667 56.106667-74.453333 84.053333-122.325334 84.053334-47.530667 0-61.141333-22.997333-142.592-104.234667a91.392 91.392 0 0 1 0-129.28c51.072-50.901333 86.186667-102.784 153.856-78.208l61.994667-61.824a175.232 175.232 0 0 0-217.173333 23.893333L136.533333 563.370667a174.378667 174.378667 0 0 0-0.042666 246.741333C212.48 886.016 249.386667 938.666667 337.877333 938.666667c85.504 0 122.538667-49.834667 181.162667-108.373334a174.122667 174.122667 0 0 0 24.448-215.893333l-62.08 61.952z m406.229333-462.378667l-77.653333-77.653333a174.634667 174.634667 0 0 0-246.613333 0L505.941333 193.706667a174.506667 174.506667 0 0 0-23.893333 216.661333l61.866667-61.866667a90.752 90.752 0 0 1 20.778666-96c57.813333-57.856 74.752-84.053333 122.026667-84.053333 47.402667 0 61.013333 23.04 142.208 104.277333a91.477333 91.477333 0 0 1 0 129.194667c-50.773333 50.773333-85.333333 102.058667-152.533333 78.506667L614.4 542.378667c27.733333 17.408 59.818667 26.581333 92.544 26.538666 85.12 0 121.898667-49.493333 180.693333-108.288a174.634667 174.634667 0 0 0 0-246.698666z\" fill=\"#1D2129\">\u003C/path>\u003C/symbol>\u003Csymbol id=\"iconcut\" viewBox=\"0 0 1024 1024\">\u003Cpath d=\"M908.416 205.824l-1.749333 2.048-307.2 307.2 307.2 307.157333a21.333333 21.333333 0 0 1 0 30.165334l-30.165334 30.165333a21.333333 21.333333 0 0 1-30.165333 0l-307.2-307.2-110.336 110.378667a170.666667 170.666667 0 1 1-60.373333-60.330667l110.378666-110.378667-108.586666-108.629333a170.666667 170.666667 0 1 1 59.605333-61.013333l109.354667 109.269333 307.157333-307.157333a21.333333 21.333333 0 0 1 28.16-1.749334l2.005333 1.749334 30.165334 30.165333a21.333333 21.333333 0 0 1 1.749333 28.16zM367.061333 772.437333a85.333333 85.333333 0 1 0-170.666666 0 85.333333 85.333333 0 0 0 170.666666 0z m0-512a85.333333 85.333333 0 1 0-170.666666 0 85.333333 85.333333 0 0 0 170.666666 0z\" fill=\"#1D2129\">\u003C/path>\u003C/symbol>\u003Csymbol id=\"iconDelete\" viewBox=\"0 0 1024 1024\">\u003Cpath d=\"M795.733333 341.333333c22.4 0 40.533333 19.114667 40.533334 42.666667 0 1.578667-0.128 3.157333-0.256 4.693333l-38.826667 491.306667c-2.645333 33.152-29.013333 58.666667-60.629333 58.666667H287.445333c-29.610667 0-54.613333-22.4-59.818666-52.522667l-0.810667-6.144-38.826667-491.306667A45.525333 45.525333 0 0 1 187.733333 384c0-23.552 18.133333-42.666667 40.533334-42.666667 21.248 0 38.656 17.237333 40.362666 39.125334L306.090667 853.333333h411.818666l37.461334-472.874666c1.706667-21.888 19.114667-39.125333 40.362666-39.125334z m-364.8 128c22.357333 0 40.533333 19.114667 40.533334 42.666667v213.333333c0 23.552-18.176 42.666667-40.533334 42.666667-22.4 0-40.533333-19.114667-40.533333-42.666667v-213.333333c0-23.552 18.133333-42.666667 40.533333-42.666667z m162.133334 0c22.4 0 40.533333 19.114667 40.533333 42.666667v213.333333c0 23.552-18.133333 42.666667-40.533333 42.666667-22.357333 0-40.533333-19.114667-40.533334-42.666667v-213.333333c0-23.552 18.176-42.666667 40.533334-42.666667z m40.533333-384c22.357333 0 40.533333 19.114667 40.533333 42.666667v85.333333h202.666667c22.357333 0 40.533333 19.114667 40.533333 42.666667s-18.133333 42.666667-40.533333 42.666667H147.2c-22.357333 0-40.533333-19.114667-40.533333-42.666667s18.176-42.666667 40.533333-42.666667H349.866667V128c0-22.101333 15.957333-40.277333 36.394666-42.453333L390.4 85.333333h243.2zM430.933333 213.333333h162.133334V170.666667h-162.133334v42.666666z\" fill=\"#1D2129\">\u003C/path>\u003C/symbol>\u003Csymbol id=\"iconDisable\" viewBox=\"0 0 1024 1024\">\u003Cpath d=\"M512 938.666667C276.992 938.666667 85.333333 747.008 85.333333 512S276.992 85.333333 512 85.333333s426.666667 191.658667 426.666667 426.666667-191.658667 426.666667-426.666667 426.666667z m0-784.896A358.357333 358.357333 0 0 0 153.770667 512 358.357333 358.357333 0 0 0 512 870.229333 358.357333 358.357333 0 0 0 870.229333 512 358.357333 358.357333 0 0 0 512 153.770667z\" fill=\"#1D2129\">\u003C/path>\u003Cpath d=\"M222.848 267.477333L277.333333 213.333333l545.152 543.189334L768 810.666667 222.848 267.477333z\" fill=\"#1D2129\">\u003C/path>\u003C/symbol>\u003Csymbol id=\"iconDisconnect\" viewBox=\"0 0 1024 1024\">\u003Cpath d=\"M394.24 688.768l119.808-119.808-59.008-59.008-119.808 119.808 59.008 59.008z m87.168-12.416a91.008 91.008 0 0 1-21.205333 95.189333c-56.234667 56.106667-74.453333 84.053333-122.325334 84.053334-47.530667 0-61.141333-22.997333-142.592-104.234667a91.392 91.392 0 0 1 0-129.28c51.072-50.901333 86.186667-102.784 153.856-78.208l61.994667-61.824a175.232 175.232 0 0 0-217.173333 23.893333L136.533333 563.370667a174.378667 174.378667 0 0 0-0.042666 246.741333C212.48 886.016 249.386667 938.666667 337.877333 938.666667c85.504 0 122.538667-49.834667 181.162667-108.373334a174.122667 174.122667 0 0 0 24.448-215.893333l-62.08 61.952z m406.229333-462.378667l-77.653333-77.653333a174.634667 174.634667 0 0 0-246.613333 0L505.941333 193.706667a174.506667 174.506667 0 0 0-23.893333 216.661333l61.866667-61.866667a90.752 90.752 0 0 1 20.778666-96c57.813333-57.856 74.752-84.053333 122.026667-84.053333 47.402667 0 61.013333 23.04 142.208 104.277333a91.477333 91.477333 0 0 1 0 129.194667c-50.773333 50.773333-85.333333 102.058667-152.533333 78.506667L614.4 542.378667c27.733333 17.408 59.818667 26.581333 92.544 26.538666 85.12 0 121.898667-49.493333 180.693333-108.288a174.634667 174.634667 0 0 0 0-246.698666z\" fill=\"#1D2129\">\u003C/path>\u003Cpath d=\"M695.765333 387.2L576 507.008 516.992 448l119.765333-119.808 59.008 59.008z\" fill=\"#1D2129\">\u003C/path>\u003C/symbol>\u003Csymbol id=\"iconEject\" viewBox=\"0 0 1024 1024\">\u003Cpath d=\"M512 85.333333c235.648 0 426.666667 191.018667 426.666667 426.666667s-191.018667 426.666667-426.666667 426.666667S85.333333 747.648 85.333333 512 276.352 85.333333 512 85.333333z m0 77.568a349.098667 349.098667 0 1 0 0 698.197334 349.098667 349.098667 0 0 0 0-698.197334z m193.962667 329.728a19.413333 19.413333 0 0 0-19.413334-19.413333H337.450667a19.413333 19.413333 0 0 0-19.370667 19.413333v38.784a19.413333 19.413333 0 0 0 19.370667 19.370667h349.098666a19.413333 19.413333 0 0 0 19.370667-19.413333v-38.784z\" fill=\"#1D2129\">\u003C/path>\u003C/symbol>\u003Csymbol id=\"iconDownload\" viewBox=\"0 0 1024 1024\">\u003Cpath d=\"M192 768a21.333333 21.333333 0 0 1 21.333333 21.333333V853.333333h597.333334v-64a21.333333 21.333333 0 0 1 21.333333-21.333333h42.666667a21.333333 21.333333 0 0 1 21.333333 21.333333V896a42.666667 42.666667 0 0 1-42.666667 42.666667H170.666667a42.666667 42.666667 0 0 1-42.666667-42.666667v-106.666667a21.333333 21.333333 0 0 1 21.333333-21.333333h42.666667z m298.666667-661.333333h42.666666a21.333333 21.333333 0 0 1 21.162667 18.858666L554.666667 128v470.869333l128.426666-128.426666a21.333333 21.333333 0 0 1 28.16-1.834667l2.005334 1.792 30.165333 30.165333a21.333333 21.333333 0 0 1 1.834667 28.16l-1.834667 2.048-211.2 211.2a21.333333 21.333333 0 0 1-28.16 1.749334l-1.962667-1.792-211.2-211.2a21.333333 21.333333 0 0 1-1.749333-28.16l1.749333-1.962667 30.165334-30.208a21.333333 21.333333 0 0 1 28.16-1.792l2.005333 1.792L469.333333 588.501333V128a21.333333 21.333333 0 0 1 18.816-21.205333L490.666667 106.666667z\" fill=\"#1D2129\">\u003C/path>\u003C/symbol>\u003Csymbol id=\"iconEnable\" viewBox=\"0 0 1024 1024\">\u003Cpath d=\"M512 85.333333c235.648 0 426.666667 191.018667 426.666667 426.666667s-191.018667 426.666667-426.666667 426.666667S85.333333 747.648 85.333333 512 276.352 85.333333 512 85.333333z m0 77.568a349.098667 349.098667 0 1 0 0 698.197334 349.098667 349.098667 0 0 0 0-698.197334z m188.16 231.808l27.392 27.477334a19.413333 19.413333 0 0 1 0 27.392l-246.826667 246.869333a19.370667 19.370667 0 0 1-27.434666 0l-141.952-141.994667a19.370667 19.370667 0 0 1 0-27.434666l27.392-27.434667a19.413333 19.413333 0 0 1 27.434666 0l100.821334 100.864 205.738666-205.738667a19.413333 19.413333 0 0 1 27.392 0z\" fill=\"#1D2129\">\u003C/path>\u003C/symbol>\u003Csymbol id=\"iconExport\" viewBox=\"0 0 1024 1024\">\u003Cpath d=\"M349.184 128h86.101333a38.4 38.4 0 1 1 0 76.8h-84.48c-32.853333 0-55.296 0-72.533333 1.493333-16.853333 1.365333-25.429333 3.84-31.402667 6.912a76.885333 76.885333 0 0 0-33.578666 33.578667c-3.029333 5.973333-5.546667 14.549333-6.912 31.445333-1.450667 17.28-1.450667 39.594667-1.450667 72.533334v322.517333c0 32.853333 0 55.296 1.450667 72.533333 1.365333 16.853333 3.84 25.429333 6.912 31.402667 7.381333 14.506667 19.114667 26.24 33.578666 33.578667 5.973333 3.072 14.549333 5.546667 31.445334 6.912 17.28 1.450667 39.594667 1.450667 72.533333 1.450666h322.474667c32.853333 0 55.253333 0 72.533333-1.450666 16.810667-1.365333 25.386667-3.84 31.402667-6.912 14.464-7.338667 26.197333-19.114667 33.578666-33.578667 3.029333-5.973333 5.546667-14.549333 6.912-31.445333 1.450667-17.28 1.450667-39.594667 1.450667-72.533334V588.8a38.4 38.4 0 1 1 76.8 0v86.144c0 30.848 0 56.405333-1.706667 77.184-1.749333 21.589333-5.546667 41.472-15.061333 60.074667a153.856 153.856 0 0 1-67.072 67.072c-18.688 9.514667-38.485333 13.226667-60.074667 15.018666-20.736 1.749333-46.293333 1.749333-77.184 1.749334H349.184c-30.848 0-56.405333 0-77.141333-1.706667-21.589333-1.749333-41.472-5.546667-60.074667-15.061333a153.6 153.6 0 0 1-67.072-67.072c-9.514667-18.688-13.226667-38.485333-15.061333-60.117334a1025.621333 1025.621333 0 0 1-1.706667-77.141333V349.098667c0-30.848 0-56.448 1.706667-77.184 1.706667-21.589333 5.546667-41.429333 15.061333-60.074667 14.72-28.842667 31.146667-49.92 60.032-64.64 18.645333-9.472 45.525333-15.701333 67.114667-17.493333C292.778667 128 318.293333 128 349.184 128z m366.08 11.306667a38.4 38.4 0 0 1 54.272 0l115.2 115.2a38.4 38.4 0 0 1 0 54.229333l-115.2 115.2a38.528 38.528 0 0 1-55.68 1.450667 38.4 38.4 0 0 1 1.450667-55.722667l49.578666-49.621333h-30.122666c-32.853333 0-55.296 0-72.533334 1.408-16.853333 1.408-25.429333 3.84-31.488 6.912a76.8 76.8 0 0 0-33.493333 33.578666c-3.072 5.973333-5.589333 14.592-6.912 31.445334-1.450667 17.28-1.493333 39.68-1.493333 72.533333V512a38.4 38.4 0 1 1-76.8 0v-47.701333c0-30.848 0-56.448 1.706666-77.184 1.749333-21.589333 5.546667-41.472 15.018667-60.074667a153.685333 153.685333 0 0 1 67.157333-67.072c18.645333-9.514667 38.442667-13.226667 60.032-15.061333 20.736-1.706667 46.250667-1.706667 77.184-1.706667h31.744l-49.578666-49.664a38.4 38.4 0 0 1 0-54.229333z\" fill=\"#1D2129\">\u003C/path>\u003C/symbol>\u003Csymbol id=\"iconfavicon_48\" viewBox=\"0 0 1024 1024\">\u003Cpath d=\"M134.826667 188.586667l721.066666-165.546667c87.893333-20.48 122.88 64.853333 122.88 118.613333v741.546667c0 53.76-36.693333 138.24-122.88 118.613333L134.826667 837.12c-47.786667-11.093333-89.6-44.373333-89.6-98.133333v-452.266667c-0.853333-53.76 40.96-87.04 89.6-98.133333z m54.613333 46.933333c-76.8 16.213333-76.8 19.626667-76.8 83.626667v387.413333c0 65.706667 22.186667 71.68 76.8 83.626667l617.813333 141.653333c105.813333 26.453333 105.813333-6.826667 105.813334-101.546667V195.413333c0-90.453333-5.973333-124.586667-105.813334-101.546666L189.44 235.52z\" fill=\"#0086E6\">\u003C/path>\u003Cpath d=\"M107.52 282.453333l811.52 200.533334v72.533333L106.666667 347.306667z\" fill=\"#0086E6\">\u003C/path>\u003Cpath d=\"M613.546667 472.746667l-133.12 385.706666 59.733333 14.506667 136.533333-383.146667z\" fill=\"#0086E6\">\u003C/path>\u003C/symbol>\u003Csymbol id=\"iconencrypt_folder_mounted\" viewBox=\"0 0 1024 1024\">\u003Cpath d=\"M351.010133 0a136.533333 136.533333 0 0 1 84.650667 29.4144L495.633067 76.8H887.466667c75.409067 0 136.533333 61.124267 136.533333 136.533333v605.866667c0 113.109333-91.690667 204.8-204.8 204.8H640c-72.0384 0-135.3728-37.1968-171.886933-93.422933l-8.234667 11.0592A204.8 204.8 0 0 1 295.697067 1024H204.8c-113.109333 0-204.8-91.690667-204.8-204.8V136.533333C0 61.124267 61.124267 0 136.533333 0h214.4768z\" fill=\"#F8AA28\">\u003C/path>\u003Cpath d=\"M102.4 179.2m102.4 0l614.4 0q102.4 0 102.4 102.4l0 170.666667q0 102.4-102.4 102.4l-614.4 0q-102.4 0-102.4-102.4l0-170.666667q0-102.4 102.4-102.4Z\" fill=\"#FFEFD5\">\u003C/path>\u003Cpath d=\"M0 375.466667c0-56.5504 45.8496-102.4 102.4-102.4h819.2c56.5504 0 102.4 45.8496 102.4 102.4v512c0 75.409067-61.124267 136.533333-136.533333 136.533333H136.533333c-75.409067 0-136.533333-61.124267-136.533333-136.533333V375.466667z\" fill=\"#FBC931\">\u003C/path>\u003Cpath d=\"M683.733333 588.8c18.261333 0 33.058133 16.162133 33.066667 34.321067v239.982933A32.938667 32.938667 0 0 1 683.767467 896H340.258133A32.964267 32.964267 0 0 1 307.2 863.104V623.121067C307.2 604.970667 321.9968 588.8 340.258133 588.8h343.4752z m-171.7504 83.2768c-22.698667 0-41.130667 18.363733-41.130666 40.9344 0 15.9488 9.250133 29.559467 22.596266 36.352v52.4032c0 2.338133 1.962667 4.309333 4.3776 4.309333h28.416a4.352 4.352 0 0 0 4.343467-4.309333v-52.411733c13.346133-6.784 22.596267-20.394667 22.562133-36.352 0-22.562133-18.432-40.925867-41.1648-40.925867zM560.059733 409.941333A130.4064 130.4064 0 0 0 512.512 401.066667c-18.500267 0-35.549867 2.952533-51.1488 8.874666-15.5904 5.905067-29.124267 14.037333-40.610133 24.388267a113.604267 113.604267 0 0 0-26.9824 36.215467C387.242667 484.334933 384 499.114667 384 514.8928V588.8h64.768v-60.117333c0-20.693333 5.6576-36.7872 16.964267-48.2816 11.3152-11.502933 26.222933-17.245867 44.7232-17.245867 20.565333 0 36.932267 5.742933 49.092266 17.237333 12.168533 11.502933 18.2528 27.5968 18.2528 48.298667V588.8h61.9264L640 514.8928c0-15.7696-3.601067-30.549333-10.794667-44.347733a123.904 123.904 0 0 0-28.526933-36.215467 135.424 135.424 0 0 0-40.618667-24.3968z\" fill=\"#FFF6E9\">\u003C/path>\u003C/symbol>\u003Csymbol id=\"iconencrypt_folder_unmounted\" viewBox=\"0 0 1024 1024\">\u003Cpath d=\"M351.010133 0a136.533333 136.533333 0 0 1 84.650667 29.4144L495.633067 76.8H887.466667c75.409067 0 136.533333 61.124267 136.533333 136.533333v605.866667c0 113.109333-91.690667 204.8-204.8 204.8H640c-72.0384 0-135.3728-37.1968-171.886933-93.422933l-8.234667 11.0592A204.8 204.8 0 0 1 295.697067 1024H204.8c-113.109333 0-204.8-91.690667-204.8-204.8V136.533333C0 61.124267 61.124267 0 136.533333 0h214.4768z\" fill=\"#F8AA28\">\u003C/path>\u003Cpath d=\"M102.4 179.2m102.4 0l614.4 0q102.4 0 102.4 102.4l0 170.666667q0 102.4-102.4 102.4l-614.4 0q-102.4 0-102.4-102.4l0-170.666667q0-102.4 102.4-102.4Z\" fill=\"#FFEFD5\">\u003C/path>\u003Cpath d=\"M0 375.466667c0-56.5504 45.8496-102.4 102.4-102.4h819.2c56.5504 0 102.4 45.8496 102.4 102.4v512c0 75.409067-61.124267 136.533333-136.533333 136.533333H136.533333c-75.409067 0-136.533333-61.124267-136.533333-136.533333V375.466667z\" fill=\"#FBC931\">\u003C/path>\u003Cpath d=\"M734.933333 588.8c18.261333 0 33.058133 16.162133 33.066667 34.321067v239.9744a32.938667 32.938667 0 0 1-33.032533 32.896H391.458133A32.9728 32.9728 0 0 1 358.4 863.095467V623.112533C358.4 604.970667 373.1968 588.8 391.458133 588.8h343.4752z m-171.7504 83.2768c-22.698667 0-41.130667 18.363733-41.130666 40.9344 0 15.9488 9.250133 29.559467 22.596266 36.352v52.394667c0 2.338133 1.962667 4.317867 4.3776 4.317866h28.416c2.389333 0 4.334933-1.979733 4.343467-4.317866v-52.394667c13.346133-6.792533 22.596267-20.4032 22.562133-36.352 0-22.570667-18.432-40.9344-41.1648-40.9344zM432.068267 409.941333A130.4064 130.4064 0 0 0 384.512 401.066667c-18.500267 0-35.549867 2.952533-51.1488 8.874666-15.5904 5.905067-29.124267 14.037333-40.610133 24.388267a113.6128 113.6128 0 0 0-26.9824 36.215467C259.242667 484.334933 256 499.114667 256 514.8928v37.879467a25.6 25.6 0 0 0 25.6 25.6h13.568a25.6 25.6 0 0 0 25.6-25.6v-24.0896c0-20.693333 5.6576-36.7872 16.964267-48.2816 11.3152-11.502933 26.222933-17.245867 44.7232-17.245867 20.565333 0 36.932267 5.742933 49.092266 17.237333 12.168533 11.502933 18.2528 27.5968 18.2528 48.298667V588.8h61.9264L512 514.8928c0-15.7696-3.601067-30.549333-10.794667-44.347733a123.904 123.904 0 0 0-28.526933-36.215467 135.424 135.424 0 0 0-40.618667-24.3968z\" fill=\"#FFF6E9\">\u003C/path>\u003C/symbol>\u003Csymbol id=\"iconfolder1\" viewBox=\"0 0 1024 1024\">\u003Cpath d=\"M878.933333 969.386667H146.773333c-63.146667 0-114.346667-51.2-114.346666-114.346667V207.36C32.426667 145.066667 83.626667 93.866667 146.773333 93.866667h217.6c30.72 0 58.88 11.946667 81.066667 33.28l98.133333 98.133333c6.826667 6.826667 16.213333 11.093333 26.453334 11.093333H878.933333c63.146667 0 114.346667 51.2 114.346667 114.346667v505.173333c0 62.293333-51.2 113.493333-114.346667 113.493334zM146.773333 170.666667c-20.48 0-37.546667 17.066667-37.546666 37.546666v647.68c0 20.48 17.066667 37.546667 37.546666 37.546667H878.933333c20.48 0 37.546667-17.066667 37.546667-37.546667V349.866667c0-20.48-17.066667-37.546667-37.546667-37.546667H569.173333c-30.72 0-58.88-11.946667-81.066666-33.28L390.826667 180.906667c-6.826667-6.826667-16.213333-10.24-26.453334-10.24H146.773333z\" fill=\"#333333\">\u003C/path>\u003C/symbol>\u003Csymbol id=\"iconfilter\" viewBox=\"0 0 1024 1024\">\u003Cpath d=\"M85.333333 128a42.666667 42.666667 0 0 1 42.666667-42.666667h768a42.666667 42.666667 0 0 1 42.666667 42.666667v177.493333a39.381333 39.381333 0 0 1 0 12.16V320a21.333333 21.333333 0 0 1-8.448 17.024 40.32 40.32 0 0 1-10.88 9.386667L682.666667 487.722667V917.333333a21.333333 21.333333 0 0 1-21.333334 21.333334h-42.666666a21.333333 21.333333 0 0 1-21.333334-21.333334V469.333333c0-4.224 0.597333-8.405333 1.834667-12.416a40.448 40.448 0 0 1 18.517333-24.789333L853.333333 291.456V170.666667H170.666667v122.282666l228.053333 136.32A42.666667 42.666667 0 0 1 426.666667 469.333333v298.666667a21.333333 21.333333 0 0 1-21.333334 21.333333h-42.666666A21.333333 21.333333 0 0 1 341.333333 768v-278.826667L105.045333 347.904a40.277333 40.277333 0 0 1-12.970666-12.373333A21.290667 21.290667 0 0 1 85.333333 320V128z\" fill=\"#1D2129\">\u003C/path>\u003C/symbol>\u003Csymbol id=\"iconFormat\" viewBox=\"0 0 1024 1024\">\u003Cpath d=\"M539.264 106.666667C759.850667 106.666667 938.666667 288.128 938.666667 512s-178.816 405.333333-399.402667 405.333333c-130.688 0-246.656-63.658667-319.573333-162.090666l58.112-44.245334c59.562667 80.512 154.496 132.608 261.461333 132.608 180.48 0 326.784-148.48 326.784-331.605333 0-183.168-146.346667-331.605333-326.826667-331.605333-161.877333 0-296.32 119.466667-322.261333 276.309333h31.786667a18.005333 18.005333 0 0 1 15.701333 9.173333 18.773333 18.773333 0 0 1 0.085333 18.432l-1.28 1.877334-72.618666 98.261333a18.133333 18.133333 0 0 1-13.397334 7.338667 17.834667 17.834667 0 0 1-14.165333-5.546667l-1.493333-1.792-72.618667-98.261333a18.645333 18.645333 0 0 1 3.669333-25.813334 18.048 18.048 0 0 1 8.746667-3.498666l2.133333-0.170667h39.978667C170.069333 259.029333 337.109333 106.666667 539.306667 106.666667z m94.421333 294.826666a50.261333 50.261333 0 0 1 35.882667 15.104 51.626667 51.626667 0 0 1 14.933333 36.437334v154.752c0 13.653333-5.376 26.837333-14.933333 36.522666a50.432 50.432 0 0 1-35.882667 15.061334h-152.576c-13.44 0-26.368-5.418667-35.882666-15.061334a52.053333 52.053333 0 0 1-14.933334-36.522666v-154.752c0-13.653333 5.376-26.794667 14.933334-36.437334 9.514667-9.685333 22.442667-15.146667 35.882666-15.146666h152.576zM490.666667 597.333333h128v-128h-128v128z\" fill=\"#1D2129\">\u003C/path>\u003C/symbol>\u003Csymbol id=\"icona-istory\" viewBox=\"0 0 1024 1024\">\u003Cpath d=\"M539.221333 85.333333C759.808 85.333333 938.666667 266.794667 938.666667 490.666667S759.808 896 539.221333 896c-130.645333 0-246.656-63.658667-319.573333-162.133333l58.154667-44.202667c59.562667 80.512 154.453333 132.650667 261.418666 132.650667 180.48 0 326.826667-148.48 326.826667-331.648 0-183.168-146.346667-331.648-326.826667-331.648-161.92 0-296.362667 119.509333-322.261333 276.352h31.786667a17.92 17.92 0 0 1 15.701333 9.173333 18.602667 18.602667 0 0 1 0.085333 18.389333l-1.28 1.962667-72.618666 98.218667a18.218667 18.218667 0 0 1-13.354667 7.338666 17.92 17.92 0 0 1-14.208-5.546666l-1.493333-1.792-72.618667-98.261334a18.602667 18.602667 0 0 1 3.669333-25.770666 17.962667 17.962667 0 0 1 8.746667-3.541334l2.133333-0.170666h39.978667C170.069333 237.696 337.066667 85.333333 539.221333 85.333333z m18.176 239.530667c4.821333 0 9.386667 1.92 12.8 5.376 3.413333 3.456 5.333333 8.106667 5.333334 13.013333v128.981334h127.146666c4.778667 0 9.386667 1.962667 12.8 5.418666 3.413333 3.413333 5.333333 8.106667 5.333334 13.013334v36.864a18.56 18.56 0 0 1-5.333334 13.013333 18.005333 18.005333 0 0 1-12.8 5.418667h-181.589333a18.005333 18.005333 0 0 1-12.842667-5.418667 18.56 18.56 0 0 1-5.333333-13.013333V343.253333c0-4.864 1.92-9.557333 5.333333-13.013333a18.005333 18.005333 0 0 1 12.8-5.376h36.352z\" fill=\"#1D2129\">\u003C/path>\u003C/symbol>\u003Csymbol id=\"iconHome1\" viewBox=\"0 0 1024 1024\">\u003Cpath d=\"M485.12 94.890667a42.666667 42.666667 0 0 1 53.76 0l341.333333 277.333333A42.666667 42.666667 0 0 1 896 405.333333V896a42.666667 42.666667 0 0 1-42.666667 42.666667H170.666667a42.666667 42.666667 0 0 1-42.666667-42.666667V405.333333a42.666667 42.666667 0 0 1 15.786667-33.109333l341.333333-277.333333zM213.333333 425.642667V853.333333h597.333334V425.642667L512 183.04 213.333333 425.642667z\" fill=\"#1D2129\">\u003C/path>\u003Cpath d=\"M362.666667 640h298.666666v85.333333h-298.666666v-85.333333z\" fill=\"#1D2129\">\u003C/path>\u003C/symbol>\u003Csymbol id=\"iconicon_tips_blue1\" viewBox=\"0 0 1024 1024\">\u003Cpath d=\"M512 85.333333c235.648 0 426.666667 191.018667 426.666667 426.666667s-191.018667 426.666667-426.666667 426.666667S85.333333 747.648 85.333333 512 276.352 85.333333 512 85.333333z m0 77.568a349.098667 349.098667 0 1 0 0 698.197334 349.098667 349.098667 0 0 0 0-698.197334z m19.370667 290.901334a19.413333 19.413333 0 0 1 19.413333 19.413333v174.506667h31.530667a19.370667 19.370667 0 0 1 19.370666 19.413333v41.216a19.413333 19.413333 0 0 1-19.370666 19.413333h-147.882667a19.413333 19.413333 0 0 1-19.413333-19.413333v-41.216a19.370667 19.370667 0 0 1 19.413333-19.370667h38.784v-113.92h-19.413333a19.370667 19.370667 0 0 1-19.370667-19.413333v-41.216a19.370667 19.370667 0 0 1 19.370667-19.413333h77.610666z m0-155.136a19.413333 19.413333 0 0 1 19.413333 19.413333v58.154667a19.413333 19.413333 0 0 1-19.413333 19.413333h-58.154667a19.413333 19.413333 0 0 1-19.413333-19.413333V318.08A19.413333 19.413333 0 0 1 473.216 298.666667h58.197333z\" fill=\"#1D2129\">\u003C/path>\u003C/symbol>\u003Csymbol id=\"iconImport\" viewBox=\"0 0 1024 1024\">\u003Cpath d=\"M349.184 128h86.101333a38.4 38.4 0 1 1 0 76.8h-84.48c-32.853333 0-55.296 0-72.533333 1.493333-16.853333 1.365333-25.429333 3.84-31.402667 6.912a76.885333 76.885333 0 0 0-33.578666 33.578667c-3.029333 5.973333-5.546667 14.549333-6.912 31.445333-1.450667 17.28-1.450667 39.594667-1.450667 72.533334v322.517333c0 32.853333 0 55.296 1.450667 72.533333 1.365333 16.853333 3.84 25.429333 6.912 31.402667 7.381333 14.506667 19.114667 26.24 33.578666 33.578667 5.973333 3.072 14.549333 5.546667 31.445334 6.912 17.28 1.450667 39.594667 1.450667 72.533333 1.450666h322.474667c32.853333 0 55.253333 0 72.533333-1.450666 16.810667-1.365333 25.386667-3.84 31.402667-6.912 14.464-7.338667 26.197333-19.114667 33.578666-33.578667 3.029333-5.973333 5.546667-14.549333 6.912-31.445333 1.450667-17.28 1.450667-39.594667 1.450667-72.533334V588.8a38.4 38.4 0 1 1 76.8 0v86.144c0 30.848 0 56.405333-1.706667 77.184-1.749333 21.589333-5.546667 41.472-15.061333 60.074667a153.856 153.856 0 0 1-67.072 67.072c-18.688 9.514667-38.485333 13.226667-60.074667 15.018666-20.736 1.749333-46.293333 1.749333-77.184 1.749334H349.184c-30.848 0-56.405333 0-77.141333-1.706667-21.589333-1.749333-41.472-5.546667-60.074667-15.061333a153.6 153.6 0 0 1-67.072-67.072c-9.514667-18.688-13.226667-38.485333-15.061333-60.117334a1025.621333 1025.621333 0 0 1-1.706667-77.141333V349.098667c0-30.848 0-56.448 1.706667-77.184 1.706667-21.589333 5.546667-41.429333 15.061333-60.074667 14.72-28.842667 31.146667-49.92 60.032-64.64 18.645333-9.472 45.525333-15.701333 67.114667-17.493333C292.778667 128 318.293333 128 349.184 128z\" fill=\"#1D2129\">\u003C/path>\u003Cpath d=\"M676.010667 557.056a38.4 38.4 0 0 1-54.229334 0l-115.2-115.2a38.4 38.4 0 0 1 0-54.272l115.2-115.2a38.442667 38.442667 0 1 1 54.229334 54.272L626.432 376.32h30.122667c32.853333 0 55.296 0 72.533333-1.450667 16.853333-1.365333 25.429333-3.84 31.488-6.912a76.8 76.8 0 0 0 33.493333-33.578666c3.072-5.973333 5.546667-14.592 6.912-31.445334 1.450667-17.28 1.493333-39.637333 1.493334-72.533333V184.32a38.4 38.4 0 1 1 76.8 0v47.701333c0 30.890667 0 56.448-1.749334 77.184-1.706667 21.589333-5.546667 41.472-14.976 60.074667a153.642667 153.642667 0 0 1-67.157333 67.114667c-18.645333 9.472-38.485333 13.226667-60.074667 15.018666-20.736 1.706667-46.250667 1.706667-77.141333 1.706667h-31.744l49.578667 49.664a38.4 38.4 0 0 1 0 54.272z\" fill=\"#1D2129\">\u003C/path>\u003C/symbol>\u003Csymbol id=\"iconList\" viewBox=\"0 0 1024 1024\">\u003Cpath d=\"M117.333333 149.333333h64a32 32 0 0 1 32 32v64a32 32 0 0 1-32 32h-64A32 32 0 0 1 85.333333 245.333333v-64a32 32 0 0 1 32-32z m803.114667 21.333334H338.218667c-10.069333 0-18.218667 9.557333-18.218667 21.333333v42.666667c0 11.776 8.149333 21.333333 18.176 21.333333h582.272c10.069333 0 18.218667-9.557333 18.218667-21.333333v-42.666667c0-11.776-8.149333-21.333333-18.218667-21.333333z m0 298.666666H338.218667c-10.069333 0-18.218667 9.557333-18.218667 21.333334v42.666666c0 11.776 8.149333 21.333333 18.176 21.333334h582.272c10.069333 0 18.218667-9.557333 18.218667-21.333334v-42.666666c0-11.776-8.149333-21.333333-18.218667-21.333334zM338.218667 768h582.229333c10.069333 0 18.218667 9.557333 18.218667 21.333333v42.666667c0 11.776-8.149333 21.333333-18.218667 21.333333H338.218667c-10.069333 0-18.218667-9.557333-18.218667-21.333333v-42.666667c0-11.776 8.149333-21.333333 18.176-21.333333zM181.333333 448h-64a32 32 0 0 0-32 32v64a32 32 0 0 0 32 32h64a32 32 0 0 0 32-32v-64a32 32 0 0 0-32-32z m0 298.666667h-64a32 32 0 0 0-32 32v64a32 32 0 0 0 32 32h64a32 32 0 0 0 32-32v-64a32 32 0 0 0-32-32z\" fill=\"#1D2129\">\u003C/path>\u003C/symbol>\u003Csymbol id=\"iconKey\" viewBox=\"0 0 1024 1024\">\u003Cpath d=\"M530.218667 90.069333l2.816 1.706667 20.778666 14.08a36.565333 36.565333 0 0 1 4.48 3.626667c-2.005333-1.877333-0.341333-0.853333-1.493333-1.578667l-0.426667-0.298667 1.450667 0.938667 2.133333 1.365333 2.346667 1.493334c7.210667 4.48 15.786667 9.514667 25.429333 14.805333 29.952 16.426667 61.013333 30.805333 93.013334 42.965333a469.333333 469.333333 0 0 0 100.138666 25.173334 470.016 470.016 0 0 0 43.690667 4.224h0.682667l34.389333 0.554666a37.504 37.504 0 0 1 25.6 10.581334 34.944 34.944 0 0 1 10.666667 24.917333v151.722667l0.042666 3.498666v36.010667L896 493.952V563.754667C895.658667 734.976 668.672 938.666667 511.957333 938.666667c-155.136 0-379.221333-199.68-383.872-369.877334L128 563.456V234.666667c0-8.874667 3.413333-17.408 9.6-23.936a37.333333 37.333333 0 0 1 23.808-11.52l2.816-0.128 35.072-0.512a471.338667 471.338667 0 0 0 43.733333-4.224 468.181333 468.181333 0 0 0 100.010667-25.173334c32-12.202667 63.146667-26.581333 93.056-43.008 11.306667-6.144 22.357333-12.714667 33.109333-19.626666l0.768-0.554667 20.565334-14.08a37.674667 37.674667 0 0 1 39.68-1.834667z m-18.346667 74.410667c-6.613333 4.522667-22.314667 14.08-39.338667 23.466667-32.938667 18.090667-67.157333 33.92-102.4 47.36-37.674667 14.378667-77.184 23.808-116.309333 29.44-16.512 2.389333-33.109333 4.010667-49.792 4.864l-2.389333 0.042666v293.802667c0 130.773333 193.066667 304.085333 310.314666 304.085333 115.882667 0 305.834667-169.216 310.314667-299.477333l0.085333-4.608V399.061333l-0.042666-48.64-0.042667-80.768c-10.24-0.213333-30.208-1.792-52.138667-4.906666a542.592 542.592 0 0 1-116.352-29.44c-59.690667-22.741333-121.173333-55.637333-141.909333-70.826667z m1.877333 153.642667c23.04 0 45.098667 8.832 61.397334 24.533333 16.256 15.744 25.386667 37.034667 25.386666 59.306667v55.850666h48.213334c10.24 0 20.053333 3.925333 27.306666 10.922667 7.253333 6.954667 11.306667 16.426667 11.306667 26.325333v167.594667a36.608 36.608 0 0 1-11.306667 26.368 39.253333 39.253333 0 0 1-27.306666 10.88H378.794667a39.253333 39.253333 0 0 1-27.306667-10.88 36.608 36.608 0 0 1-11.264-26.368v-167.594667c0-9.898667 4.053333-19.370667 11.264-26.325333a39.253333 39.253333 0 0 1 27.306667-10.922667h48.213333V401.92c0-21.546667 8.576-42.24 23.978667-57.813333a88.192 88.192 0 0 1 58.709333-25.898667l4.096-0.085333z m96.426667 214.186666h-192.853333v93.098667h192.853333v-93.098667z m-96.426667-158.293333a29.44 29.44 0 0 0-20.48 8.149333 27.434667 27.434667 0 0 0-8.448 19.754667v55.893333h57.856V401.92a27.392 27.392 0 0 0-7.509333-18.773333 29.312 29.312 0 0 0-18.602667-9.002667l-2.816-0.128z\" fill=\"#1D2129\">\u003C/path>\u003C/symbol>\u003Csymbol id=\"iconlog\" viewBox=\"0 0 1024 1024\">\u003Cpath d=\"M648.106667 64a85.333333 85.333333 0 0 1 60.416 25.045333l162.56 162.986667A85.333333 85.333333 0 0 1 896 312.32V917.333333a42.666667 42.666667 0 0 1-42.666667 42.666667H170.666667a42.666667 42.666667 0 0 1-42.666667-42.666667v-810.666666a42.666667 42.666667 0 0 1 42.666667-42.666667h477.44z m-25.386667 85.333333H213.333333v725.333334h597.333334V337.706667a42.666667 42.666667 0 0 0-12.458667-30.122667l-145.28-145.706667a42.666667 42.666667 0 0 0-30.208-12.544zM533.333333 597.333333a21.333333 21.333333 0 0 1 21.333334 21.333334v42.666666a21.333333 21.333333 0 0 1-21.333334 21.333334H341.333333a21.333333 21.333333 0 0 1-21.333333-21.333334v-42.666666A21.333333 21.333333 0 0 1 341.333333 597.333333h192zM682.666667 384a21.333333 21.333333 0 0 1 21.333333 21.333333v42.666667a21.333333 21.333333 0 0 1-21.333333 21.333333H341.333333a21.333333 21.333333 0 0 1-21.333333-21.333333v-42.666667A21.333333 21.333333 0 0 1 341.333333 384h341.333334z\" fill=\"#1D2129\">\u003C/path>\u003C/symbol>\u003Csymbol id=\"iconLock\" viewBox=\"0 0 1024 1024\">\u003Cpath d=\"M746.666667 320a234.666667 234.666667 0 0 0-469.333334 0v85.333333H170.666667a42.666667 42.666667 0 0 0-42.666667 42.666667V896a42.666667 42.666667 0 0 0 42.666667 42.666667h682.666666a42.666667 42.666667 0 0 0 42.666667-42.666667V448a42.666667 42.666667 0 0 0-42.666667-42.666667h-106.666666v-85.333333zM213.333333 853.333333v-362.666666h597.333334V853.333333H213.333333z m320-298.666666a21.333333 21.333333 0 0 1 21.333334 21.333333V768a21.333333 21.333333 0 0 1-21.333334 21.333333h-42.666666a21.333333 21.333333 0 0 1-21.333334-21.333333v-192a21.333333 21.333333 0 0 1 21.333334-21.333333h42.666666z m-170.666666-234.666667a149.333333 149.333333 0 1 1 298.666666 0v85.333333h-298.666666v-85.333333z\" fill=\"#1D2129\">\u003C/path>\u003C/symbol>\u003Csymbol id=\"iconmapDrive\" viewBox=\"0 0 1024 1024\">\u003Cpath d=\"M896 85.333333a42.666667 42.666667 0 0 1 42.666667 42.666667v597.333333a42.666667 42.666667 0 0 1-42.666667 42.666667h-341.333333v85.333333h362.666666a21.333333 21.333333 0 0 1 21.333334 21.333334v42.666666a21.333333 21.333333 0 0 1-21.333334 21.333334h-810.666666a21.333333 21.333333 0 0 1-21.333334-21.333334v-42.666666a21.333333 21.333333 0 0 1 21.333334-21.333334H469.333333v-85.333333H128a42.666667 42.666667 0 0 1-42.666667-42.666667V128a42.666667 42.666667 0 0 1 42.666667-42.666667h768zM170.666667 682.666667h682.666666v-213.333334H170.666667v213.333334z m149.333333-64h-85.333333v-85.333334h85.333333v85.333334z m128 0h-85.333333v-85.333334h85.333333v85.333334z m128 0h-85.333333v-85.333334h85.333333v85.333334zM170.666667 384h682.666666V170.666667H170.666667v213.333333z m149.333333-64h-85.333333v-85.333333h85.333333v85.333333z m128 0h-85.333333v-85.333333h85.333333v85.333333z m128 0h-85.333333v-85.333333h85.333333v85.333333z\" fill=\"#1D2129\">\u003C/path>\u003C/symbol>\u003Csymbol id=\"iconlog_in\" viewBox=\"0 0 1024 1024\">\u003Cpath d=\"M661.333333 85.333333a21.333333 21.333333 0 0 1 21.333334 21.333334v42.666666a21.333333 21.333333 0 0 1-21.333334 21.333334H170.666667v682.666666h490.666666a21.333333 21.333333 0 0 1 21.333334 21.333334v42.666666a21.333333 21.333333 0 0 1-21.333334 21.333334H128a42.666667 42.666667 0 0 1-42.666667-42.666667V128a42.666667 42.666667 0 0 1 42.666667-42.666667h533.333333z m-287.701333 393.301334l165.930667-165.930667a21.333333 21.333333 0 0 1 28.16-1.792l2.005333 1.792 30.165333 30.165333a21.333333 21.333333 0 0 1 1.749334 28.16l-1.749334 2.005334-98.176 98.133333 396.245334-1.706667c11.093333 0 20.053333 8.277333 21.248 18.944l0.128 2.474667-0.128 40.362667a21.333333 21.333333 0 0 1-18.773334 21.12l-2.474666 0.170666-388.394667 1.706667 90.325333 90.325333a21.333333 21.333333 0 0 1 1.749334 28.16l-1.749334 2.005334-30.165333 30.165333a21.333333 21.333333 0 0 1-28.16 1.792l-2.005333-1.792-165.973334-165.930667a42.666667 42.666667 0 0 1-2.474666-57.6l2.517333-2.730666z\" fill=\"#000000\">\u003C/path>\u003C/symbol>\u003Csymbol id=\"iconMaximize\" viewBox=\"0 0 1024 1024\">\u003Cpath d=\"M808.064 278.656v557.653333a38.186667 38.186667 0 0 1-11.477333 27.178667 39.168 39.168 0 0 1-27.52 11.178667H124.288a39.168 39.168 0 0 1-27.52-11.178667 38.186667 38.186667 0 0 1-11.434667-27.136V317.866667c0-10.410667 4.181333-20.352 11.605334-27.733334a39.936 39.936 0 0 1 28.074666-11.477333H808.106667z m-77.952 76.672H163.285333v442.666667h566.826667V355.328zM898.986667 149.333333c10.538667 0 20.608 4.138667 28.032 11.52a38.954667 38.954667 0 0 1 11.648 27.690667v450.858667h-79.36V227.754667H382.976V149.333333H898.986667z\" fill=\"#1D2129\">\u003C/path>\u003C/symbol>\u003Csymbol id=\"iconMinimize\" viewBox=\"0 0 1024 1024\">\u003Cpath d=\"M128 490.666667a21.333333 21.333333 0 0 1 21.333333-21.333334h725.333334a21.333333 21.333333 0 0 1 21.333333 21.333334v42.666666a21.333333 21.333333 0 0 1-21.333333 21.333334h-725.333334a21.333333 21.333333 0 0 1-21.333333-21.333334v-42.666666z\" fill=\"#1D2129\">\u003C/path>\u003C/symbol>\u003Csymbol id=\"iconMore\" viewBox=\"0 0 1024 1024\">\u003Cpath d=\"M512 85.333333c235.648 0 426.666667 191.018667 426.666667 426.666667s-191.018667 426.666667-426.666667 426.666667S85.333333 747.648 85.333333 512 276.352 85.333333 512 85.333333z m0 77.568a349.098667 349.098667 0 1 0 0 698.197334 349.098667 349.098667 0 0 0 0-698.197334z\" fill=\"#1D2129\">\u003C/path>\u003Cpath d=\"M640 512a42.666667 42.666667 0 1 0 85.333333 0 42.666667 42.666667 0 0 0-85.333333 0zM298.666667 512a42.666667 42.666667 0 1 0 85.333333 0 42.666667 42.666667 0 0 0-85.333333 0zM469.333333 512a42.666667 42.666667 0 1 0 85.333334 0 42.666667 42.666667 0 0 0-85.333334 0z\" fill=\"#1D2129\">\u003C/path>\u003C/symbol>\u003Csymbol id=\"iconMount\" viewBox=\"0 0 1024 1024\">\u003Cpath d=\"M896 938.666667a42.666667 42.666667 0 0 0 42.666667-42.666667V298.666667a42.666667 42.666667 0 0 0-42.666667-42.666667h-341.333333V170.666667h362.666666a21.333333 21.333333 0 0 0 21.333334-21.333334v-42.666666a21.333333 21.333333 0 0 0-21.333334-21.333334h-810.666666a21.333333 21.333333 0 0 0-21.333334 21.333334v42.666666a21.333333 21.333333 0 0 0 21.333334 21.333334H469.333333v85.333333H128a42.666667 42.666667 0 0 0-42.666667 42.666667v597.333333a42.666667 42.666667 0 0 0 42.666667 42.666667h768zM170.666667 341.333333h682.666666v213.333334H170.666667V341.333333z m234.666666 64h-128v85.333334h128v-85.333334zM170.666667 640h682.666666v213.333333H170.666667v-213.333333z m234.666666 64h-128v85.333333h128v-85.333333z\" fill=\"#1D2129\">\u003C/path>\u003C/symbol>\u003Csymbol id=\"iconnarrow\" viewBox=\"0 0 1024 1024\">\u003Cpath d=\"M252.586667 27.306667l518.826666 491.52-518.826666 477.866666z\" fill=\"#333333\">\u003C/path>\u003C/symbol>\u003Csymbol id=\"iconmy_favorites\" viewBox=\"0 0 1024 1024\">\u003Cpath d=\"M973.653333 453.12c40.106667-41.813333 15.36-111.786667-41.813333-117.76l-212.48-24.746667c-23.04-2.56-42.666667-16.213333-53.76-36.693333L564.906667 84.48c-27.306667-51.2-101.546667-48.64-125.44 3.413333L350.72 282.453333c-9.386667 20.48-29.013333 35.84-51.2 40.106667L88.746667 358.4c-57.173333 10.24-77.653333 81.066667-34.986667 120.32l157.013333 145.066667c17.066667 15.36 24.746667 38.4 22.186667 61.44l-29.866667 211.626666c-8.533333 57.173333 52.906667 98.986667 103.253334 70.826667l186.026666-104.96c19.626667-11.093333 44.373333-11.946667 64.853334-1.706667l192 93.866667c52.053333 25.6 110.933333-19.626667 98.986666-76.8l-41.813333-209.92c-4.266667-22.186667 2.56-46.08 17.92-62.293333l149.333333-152.746667z\" fill=\"#FFB448\">\u003C/path>\u003C/symbol>\u003Csymbol id=\"iconOFF\" viewBox=\"0 0 1024 1024\">\u003Cpath d=\"M726.186667 802.133333H297.813333C147.626667 802.133333 27.306667 680.96 27.306667 531.626667s121.173333-270.506667 270.506666-270.506667h429.226667c149.333333 0 270.506667 121.173333 270.506667 270.506667-0.853333 149.333333-121.173333 270.506667-271.36 270.506666z\" fill=\"#494949\">\u003C/path>\u003Cpath d=\"M302.933333 531.626667m-251.733333 0a251.733333 251.733333 0 1 0 503.466667 0 251.733333 251.733333 0 1 0-503.466667 0Z\" fill=\"#FFFFFF\">\u003C/path>\u003C/symbol>\u003Csymbol id=\"iconNotifications\" viewBox=\"0 0 1024 1024\">\u003Cpath d=\"M806.698667 85.333333H217.344a129.706667 129.706667 0 0 0-93.312 40.106667A139.52 139.52 0 0 0 85.333333 222.165333v433.024c0 36.266667 13.866667 71.168 38.613334 96.853334 24.746667 25.728 58.325333 40.192 93.354666 40.234666h32.938667v116.352c0 5.546667 1.493333 10.922667 4.266667 15.658667 2.773333 4.693333 6.741333 8.533333 11.52 11.093333a28.288 28.288 0 0 0 30.122666-2.304l189.312-140.8h321.237334a129.834667 129.834667 0 0 0 93.269333-40.149333c24.746667-25.642667 38.656-60.416 38.698667-96.725333V222.165333c0-36.266667-13.952-71.04-38.698667-96.725333A129.792 129.792 0 0 0 806.698667 85.333333zM563.626667 553.685333H350.592a28.458667 28.458667 0 0 1-20.48-8.789333 30.634667 30.634667 0 0 1-8.533333-21.248c0-7.978667 3.072-15.616 8.533333-21.248a28.458667 28.458667 0 0 1 20.48-8.789333h213.034667c7.68 0 15.061333 3.157333 20.48 8.789333a30.634667 30.634667 0 0 1 8.490666 21.248 30.634667 30.634667 0 0 1-8.490666 21.248 28.458667 28.458667 0 0 1-20.48 8.789333z m109.781333-194.858666H350.592a28.458667 28.458667 0 0 1-20.48-8.832 30.634667 30.634667 0 0 1-8.533333-21.248c0-7.978667 3.072-15.616 8.533333-21.248a28.458667 28.458667 0 0 1 20.48-8.789334h322.816c7.68 0 15.061333 3.157333 20.48 8.789334a30.634667 30.634667 0 0 1 8.533333 21.248 30.634667 30.634667 0 0 1-8.533333 21.248 28.458667 28.458667 0 0 1-20.48 8.832z\" fill=\"#1D2129\">\u003C/path>\u003C/symbol>\u003Csymbol id=\"iconON\" viewBox=\"0 0 1024 1024\">\u003Cpath d=\"M297.813333 802.133333h429.226667c149.333333 0 270.506667-121.173333 270.506667-270.506666s-121.173333-270.506667-270.506667-270.506667H297.813333c-149.333333 0-270.506667 121.173333-270.506666 270.506667S147.626667 802.133333 297.813333 802.133333z\" fill=\"#0183E5\">\u003C/path>\u003Cpath d=\"M721.066667 531.626667m-251.733334 0a251.733333 251.733333 0 1 0 503.466667 0 251.733333 251.733333 0 1 0-503.466667 0Z\" fill=\"#FFFFFF\">\u003C/path>\u003C/symbol>\u003Csymbol id=\"iconopen_file\" viewBox=\"0 0 1024 1024\">\u003Cpath d=\"M817.493333 942.08h-1.706666L135.68 930.133333c-29.013333-0.853333-55.466667-14.506667-72.533333-37.546666s-22.186667-52.906667-14.506667-80.213334l98.986667-349.013333c11.093333-40.106667 49.493333-68.266667 90.453333-67.413333l662.186667 12.8c28.16 0.853333 53.76 13.653333 71.68 35.84 17.066667 22.186667 23.04 50.346667 17.066666 77.653333l-81.92 348.16c-9.386667 41.813333-46.933333 71.68-89.6 71.68z m-581.12-469.333333c-6.826667 0-13.653333 4.266667-15.36 11.093333l-98.986666 349.866667c-1.706667 6.826667 0.853333 11.093333 2.56 13.653333 1.706667 2.56 5.973333 5.973333 12.8 5.973333l680.106666 11.946667c7.68 0 13.653333-5.12 15.36-11.946667l81.92-348.16c1.706667-5.973333-0.853333-11.093333-2.56-13.653333-1.706667-2.56-5.973333-5.973333-11.946666-5.973333l-663.893334-12.8c0.853333 0 0 0 0 0z\" fill=\"#333333\">\u003C/path>\u003Cpath d=\"M121.173333 825.173333h-76.8V196.266667c0-53.76 44.373333-98.133333 98.133334-98.133334h204.8c26.453333 0 51.2 10.24 69.12 29.013334l79.36 79.36c4.266667 4.266667 9.386667 5.973333 15.36 5.973333h325.973333c53.76 0 98.133333 44.373333 98.133333 98.133333v114.346667h-76.8V310.613333c0-11.946667-9.386667-21.333333-21.333333-21.333333H511.146667c-26.453333 0-51.2-10.24-69.12-29.013333l-79.36-79.36c-4.266667-4.266667-9.386667-5.973333-15.36-5.973334h-204.8c-11.946667 0-21.333333 9.386667-21.333334 21.333334v628.906666z\" fill=\"#333333\">\u003C/path>\u003C/symbol>\u003Csymbol id=\"iconOpeneyes\" viewBox=\"0 0 1024 1024\">\u003Cpath d=\"M511.36 789.333333c138.154667 0 266.026667-87.893333 384.64-277.888C780.458667 322.090667 652.842667 234.666667 511.36 234.666667 369.92 234.666667 242.730667 322.048 128 511.445333c117.76 190.08 245.248 277.888 383.36 277.888z m-0.085333-640c171.605333 0 319.274667 104.874667 443.050666 314.624l7.552 13.013334 7.978667 14.165333a42.666667 42.666667 0 0 1-0.213333 41.770667l-8.533334 14.762666c-128.341333 218.026667-278.229333 326.997333-449.834666 326.997334-168.234667 0-315.306667-104.789333-441.088-314.453334l-6.101334-10.24a1070.08 1070.08 0 0 1-7.552-13.141333l-2.304-4.053333a42.666667 42.666667 0 0 1-0.213333-41.514667l7.210667-12.970667 3.84-6.741333C188.928 256.725333 337.664 149.333333 511.232 149.333333zM512 341.333333a170.666667 170.666667 0 1 0 0 341.333334 170.666667 170.666667 0 0 0 0-341.333334z m0 85.333334a85.333333 85.333333 0 1 1 0 170.666666 85.333333 85.333333 0 0 1 0-170.666666z\" fill=\"#1D2129\">\u003C/path>\u003C/symbol>\u003Csymbol id=\"iconpage_first\" viewBox=\"0 0 1024 1024\">\u003Cpath d=\"M567.936 882.56a32.853333 32.853333 0 0 0 0-45.781333L252.714667 512l315.221333-324.778667a32.853333 32.853333 0 0 0 0-45.781333l-45.013333-46.378667a32.128 32.128 0 0 0-35.328-7.168 32.128 32.128 0 0 0-10.496 7.168l-382.506667 394.069334a32.853333 32.853333 0 0 0 0 45.781333l382.464 394.026667a32.170667 32.170667 0 0 0 22.912 9.728 31.872 31.872 0 0 0 22.954667-9.728l45.013333-46.378667z m318.805333-45.781333L571.477333 512l315.264-324.778667a32.853333 32.853333 0 0 0 0-45.781333l-45.056-46.378667A32.128 32.128 0 0 0 818.773333 85.333333a31.744 31.744 0 0 0-22.912 9.728l-382.464 394.069334a32.853333 32.853333 0 0 0 0 45.781333l382.464 394.026667a32.170667 32.170667 0 0 0 22.912 9.728 31.872 31.872 0 0 0 22.912-9.728l45.056-46.378667a32.853333 32.853333 0 0 0 0-45.781333z\" fill=\"#1D2129\">\u003C/path>\u003C/symbol>\u003Csymbol id=\"iconpage_last\" viewBox=\"0 0 1024 1024\">\u003Cpath d=\"M552.576 497.024L298.965333 239.445333a21.333333 21.333333 0 0 0-28.16-2.005333l-2.218666 2.005333-29.866667 30.293334a21.333333 21.333333 0 0 0 0 29.952l209.066667 212.309333-209.024 212.309333a21.333333 21.333333 0 0 0 0 29.909334l29.866666 30.336a21.333333 21.333333 0 0 0 28.117334 2.005333l2.261333-2.005333 253.568-257.621334a21.333333 21.333333 0 0 0 0-29.909333z m211.328 0l-253.568-257.578667a21.333333 21.333333 0 0 0-28.16-2.005333l-2.261333 2.005333-29.824 30.293334a21.333333 21.333333 0 0 0 0 29.952L659.114667 512l-209.024 212.309333a21.333333 21.333333 0 0 0 0 29.909334l29.866666 30.336a21.333333 21.333333 0 0 0 28.16 2.005333l2.218667-2.005333 253.610667-257.621334a21.333333 21.333333 0 0 0 0-29.909333z\" fill=\"#1D2129\">\u003C/path>\u003C/symbol>\u003Csymbol id=\"iconpause\" viewBox=\"0 0 1024 1024\">\u003Cpath d=\"M512 85.333333c235.648 0 426.666667 191.018667 426.666667 426.666667s-191.018667 426.666667-426.666667 426.666667S85.333333 747.648 85.333333 512 276.352 85.333333 512 85.333333z m0 77.568a349.098667 349.098667 0 1 0 0 698.197334 349.098667 349.098667 0 0 0 0-698.197334z m-58.197333 155.178667a19.413333 19.413333 0 0 1 19.413333 19.370667v349.098666a19.413333 19.413333 0 0 1-19.413333 19.370667h-38.784a19.370667 19.370667 0 0 1-19.370667-19.370667V337.450667a19.413333 19.413333 0 0 1 19.370667-19.370667h38.826666z m155.178666 0a19.370667 19.370667 0 0 1 19.370667 19.370667v349.098666a19.370667 19.370667 0 0 1-19.370667 19.370667h-38.826666a19.413333 19.413333 0 0 1-19.370667-19.370667V337.450667a19.413333 19.413333 0 0 1 19.413333-19.370667h38.784z\" fill=\"#1D2129\">\u003C/path>\u003C/symbol>\u003Csymbol id=\"iconpreview\" viewBox=\"0 0 1024 1024\">\u003Cpath d=\"M661.333333 85.333333a20.906667 20.906667 0 0 1 8.106667 1.621334l256 108.117333c3.925333 1.621333 7.253333 4.437333 9.6 8.021333a22.272 22.272 0 0 1 3.626667 12.202667v589.312c0 4.309333-1.237333 8.533333-3.541334 12.074667a21.461333 21.461333 0 0 1-9.386666 8.106666l-256 112.128a20.821333 20.821333 0 0 1-20.181334-1.877333 21.76 21.76 0 0 1-9.557333-18.261333V107.221333a22.186667 22.186667 0 0 1 6.229333-15.445333A21.077333 21.077333 0 0 1 661.333333 85.333333z m-298.666666 0c5.205333 0 10.24 1.962667 14.165333 5.546667 3.925333 3.541333 6.4 8.448 6.997333 13.781333l0.170667 2.56v809.557334a22.357333 22.357333 0 0 1-8.533333 17.493333 20.992 20.992 0 0 1-18.858667 3.498667l-2.346667-0.853334-256-112.170666a22.186667 22.186667 0 0 1-12.8-17.493334L85.333333 804.608V215.253333a22.314667 22.314667 0 0 1 10.922667-19.072l2.304-1.152 256-108.074666A20.906667 20.906667 0 0 1 362.666667 85.333333z m170.666666 32.981334c5.674667 0 11.093333 2.304 15.104 6.4a22.186667 22.186667 0 0 1 6.229334 15.488v744.064a22.186667 22.186667 0 0 1-6.229334 15.488 21.077333 21.077333 0 0 1-15.104 6.4h-42.666666a21.077333 21.077333 0 0 1-15.104-6.4 22.186667 22.186667 0 0 1-6.229334-15.488V140.16a22.186667 22.186667 0 0 1 6.229334-15.445333 21.077333 21.077333 0 0 1 15.104-6.4h42.666666zM725.333333 205.226667v612.138666l128-56.106666V259.242667L725.333333 205.226667z m-426.666666 0L170.666667 259.242667v502.016l128 56.064V205.226667z\" fill=\"#1D2129\">\u003C/path>\u003C/symbol>\u003Csymbol id=\"iconPlay\" viewBox=\"0 0 1024 1024\">\u003Cpath d=\"M512 514.56m-463.36 0a463.36 463.36 0 1 0 926.72 0 463.36 463.36 0 1 0-926.72 0Z\" fill=\"#333333\" opacity=\".3\">\u003C/path>\u003Cpath d=\"M512 1002.666667c-268.8 0-488.106667-219.306667-488.106667-488.106667S243.2 26.453333 512 26.453333s488.106667 219.306667 488.106667 488.106667-219.306667 488.106667-488.106667 488.106667zM512 76.8C270.506667 76.8 73.386667 273.066667 73.386667 514.56s197.12 438.613333 438.613333 438.613333 438.613333-197.12 438.613333-438.613333S753.493333 76.8 512 76.8z\" fill=\"#FFFFFF\">\u003C/path>\u003Cpath d=\"M686.08 546.133333L451.413333 714.24c-24.746667 17.92-59.733333 0-59.733333-30.72V346.453333c0-30.72 34.986667-48.64 59.733333-30.72l234.666667 168.106667c20.48 15.36 20.48 46.933333 0 62.293333z\" fill=\"#FFFFFF\">\u003C/path>\u003C/symbol>\u003Csymbol id=\"iconread_all\" viewBox=\"0 0 1024 1024\">\u003Cpath d=\"M896 85.333333c23.552 0 42.666667 19.498667 42.666667 43.562667V746.24a43.093333 43.093333 0 0 1-42.666667 43.562667h-213.333333l-140.501334 136.106666a41.984 41.984 0 0 1-60.330666 0L341.333333 789.802667H128c-23.594667 0-42.666667-19.498667-42.666667-43.562667V128.896A43.093333 43.093333 0 0 1 128 85.333333h768z m-42.666667 85.333334H170.666667v533.76h206.037333L512 832l135.296-127.573333H853.333333V170.666667z\" fill=\"#1D2129\">\u003C/path>\u003Cpath d=\"M719.061333 354.688l-30.165333-28.714667a21.888 21.888 0 0 0-30.165333 0l-168.106667 160.085334L407.893333 407.253333a21.888 21.888 0 0 0-15.061333-5.973333c-5.674667 0-11.093333 2.133333-15.104 5.973333l-30.165333 28.714667a19.84 19.84 0 0 0-6.229334 14.378667c0 5.376 2.261333 10.538667 6.229334 14.336l128 121.898666a21.888 21.888 0 0 0 30.165333 0l213.333333-203.136A19.84 19.84 0 0 0 725.333333 369.066667a19.84 19.84 0 0 0-6.272-14.378667z\" fill=\"#1D2129\">\u003C/path>\u003C/symbol>\u003Csymbol id=\"iconRefresh\" viewBox=\"0 0 1024 1024\">\u003Cpath d=\"M667.008 750.933333a255.104 255.104 0 0 1-158.293333 52.650667c-7.466667-0.128-14.762667-0.725333-22.101334-1.28-2.986667-0.384-5.973333-0.896-8.96-1.365333a206.549333 206.549333 0 0 1-17.066666-2.816c-3.413333-0.64-6.912-1.706667-10.24-2.56a229.76 229.76 0 0 1-16.384-4.266667c-2.56-1.066667-4.949333-1.92-7.509334-3.029333a195.456 195.456 0 0 1-18.346666-7.168c-1.365333-0.64-2.688-1.152-4.010667-1.706667a456.448 456.448 0 0 1-20.608-10.837333L382.634667 768a272.384 272.384 0 0 1-61.525334-49.792c-0.298667-0.341333-0.554667-0.725333-0.938666-1.024a237.056 237.056 0 0 1-19.242667-23.594667 305.024 305.024 0 0 1-59.178667-181.717333h71.168L199.125333 327.594667 85.333333 511.872h71.04a403.626667 403.626667 0 0 0 63.018667 217.6c0.426667 0.896 0.768 1.877333 1.28 2.688 4.096 6.4 8.704 12.245333 13.056 18.133333 1.706667 2.133333 3.157333 4.394667 4.906667 6.826667a419.072 419.072 0 0 0 22.4 26.368 357.12 357.12 0 0 0 79.957333 64.810667l2.346667 1.365333c8.448 4.906667 17.066667 9.386667 25.813333 13.525333l6.528 3.114667a540.288 540.288 0 0 0 34.048 13.226667c6.826667 2.090667 13.781333 3.968 20.736 5.674666 4.693333 1.194667 9.130667 2.474667 13.952 3.413334 1.92 0.512 3.754667 1.152 5.674667 1.365333 6.698667 1.28 13.269333 1.962667 19.84 2.816 2.432 0.426667 4.778667 0.896 7.168 1.152 11.861333 1.28 23.68 2.048 35.498666 2.048 72.234667 0 142.762667-23.808 203.264-69.632 19.285333-14.592 24.021333-43.392 10.581334-64.085333-13.610667-21.034667-40.149333-26.069333-59.434667-11.349334z m200.448-239.061333c0-80.512-23.125333-155.306667-62.506667-217.002667-0.64-1.066667-0.981333-2.133333-1.493333-3.072-5.077333-7.594667-10.282667-14.677333-15.658667-21.802666a26.88 26.88 0 0 1-1.792-2.602667 359.296 359.296 0 0 0-132.736-107.648c-1.536-0.64-2.816-1.365333-4.309333-2.005333a407.082667 407.082667 0 0 0-25.173333-9.984c-2.901333-1.024-5.973333-2.218667-9.045334-3.2a335.914667 335.914667 0 0 0-22.272-6.272c-4.224-0.981333-8.448-2.133333-12.629333-3.072-2.048-0.426667-3.925333-1.066667-6.144-1.536-5.632-0.981333-11.136-1.536-16.768-2.261334-3.968-0.426667-7.68-1.109333-11.648-1.578666a340.992 340.992 0 0 0-28.245333-1.578667c-1.706667 0-3.413333-0.256-5.12-0.256l-0.853334 0.128c-72.149333 0.085333-142.634667 23.552-203.008 69.333333-19.285333 14.506667-23.978667 43.264-10.410666 64.213334 13.397333 20.736 40.106667 25.856 59.477333 11.178666a254.293333 254.293333 0 0 1 180.650667-51.2c2.432 0.170667 4.693333 0.554667 7.168 0.938667 6.4 0.853333 12.8 1.749333 19.072 3.2 2.730667 0.512 5.546667 1.28 8.106666 1.962667 6.272 1.536 12.330667 3.072 18.346667 5.034666 2.005333 0.597333 3.84 1.322667 5.632 2.133334 6.954667 2.389333 13.738667 4.949333 20.309333 7.978666 0.725333 0.170667 1.365333 0.768 2.048 1.024a274.133333 274.133333 0 0 1 102.4 83.072 305.28 305.28 0 0 1 61.44 184.874667h-71.253333l113.92 184.32L938.666667 511.914667h-71.253334z\" fill=\"#1D2129\">\u003C/path>\u003C/symbol>\u003Csymbol id=\"iconresize\" viewBox=\"0 0 1024 1024\">\u003Cpath d=\"M558.08 69.12h76.8v901.973333h-76.8zM423.253333 69.12h76.8v901.973333h-76.8z\" fill=\"#333333\">\u003C/path>\u003C/symbol>\u003Csymbol id=\"iconRestart\" viewBox=\"0 0 1024 1024\">\u003Cpath d=\"M512 93.866667c-9.386667 0-18.773333 0-28.16 0.853333v72.533333c9.386667-0.853333 18.773333-0.853333 28.16-0.853333 214.186667 0 386.56 177.493333 378.026667 393.386667-7.68 196.266667-167.253333 355.84-363.52 363.52-215.893333 8.533333-393.386667-164.693333-393.386667-378.026667 0-69.12 18.773333-134.826667 51.2-190.293333 9.386667-15.36 5.12-35.84-9.386667-46.933334-17.066667-12.8-41.813333-8.533333-52.906666 10.24-46.08 78.506667-69.12 171.52-59.733334 270.506667 20.48 215.893333 196.266667 389.12 413.013334 406.186667 264.533333 20.48 487.253333-189.44 487.253333-449.706667C962.56 296.106667 760.32 93.866667 512 93.866667z\" fill=\"#333333\">\u003C/path>\u003Cpath d=\"M391.68 128.853333L496.64 30.72c5.973333-5.12 15.36-0.853333 15.36 6.826667v196.266666c0 7.68-9.386667 11.946667-15.36 6.826667L391.68 142.506667c-4.266667-4.266667-4.266667-10.24 0-13.653334zM446.293333 367.786667V742.4L674.133333 555.52z\" fill=\"#333333\">\u003C/path>\u003C/symbol>\u003Csymbol id=\"iconRestore\" viewBox=\"0 0 1024 1024\">\u003Cpath d=\"M741.546667 790.186667H44.373333v-76.8H742.4c88.746667 0 160.426667-71.68 160.426667-160.426667S831.146667 392.533333 742.4 392.533333H162.986667v-76.8h578.56c130.56 0 237.226667 106.666667 237.226666 237.226667s-105.813333 237.226667-237.226666 237.226667z\" fill=\"#333333\">\u003C/path>\u003Cpath d=\"M289.28 584.533333L53.76 354.986667l235.52-232.106667 53.76 54.613333-180.053333 177.493334L343.04 529.066667z\" fill=\"#333333\">\u003C/path>\u003C/symbol>\u003Csymbol id=\"iconright\" viewBox=\"0 0 1024 1024\">\u003Cpath d=\"M512 42.666667C252.8 42.666667 42.666667 252.8 42.666667 512s210.133333 469.333333 469.333333 469.333333 469.333333-210.133333 469.333333-469.333333S771.2 42.666667 512 42.666667z m0 85.333333a384 384 0 1 1 0 768 384 384 0 0 1 0-768z m-48.896 198.229333l-30.165333 30.208a21.333333 21.333333 0 0 0 0 30.165334L558.293333 512l-125.44 125.44a21.333333 21.333333 0 0 0 0 30.165333l30.165334 30.165334a21.333333 21.333333 0 0 0 30.165333 0l170.666667-170.666667a21.333333 21.333333 0 0 0 0-30.165333l-170.666667-170.666667a21.333333 21.333333 0 0 0-30.165333 0z\" fill=\"#1D2129\">\u003C/path>\u003C/symbol>\u003Csymbol id=\"iconright1\" viewBox=\"0 0 1024 1024\">\u003Cpath d=\"M983.04 133.973333c-17.066667-12.8-40.96-9.386667-53.76 7.68L444.586667 782.506667 81.92 504.32c-17.066667-12.8-40.96-9.386667-53.76 6.826667-12.8 17.066667-9.386667 40.96 6.826667 53.76l393.386666 302.08c0.853333 0.853333 2.56 1.706667 3.413334 2.56 0.853333 0 0.853333 0.853333 1.706666 0.853333 0.853333 0.853333 2.56 0.853333 3.413334 1.706667 0.853333 0 1.706667 0.853333 1.706666 0.853333 1.706667 0.853333 2.56 0.853333 4.266667 0.853333 0.853333 0 1.706667 0 1.706667 0.853334 1.706667 0 4.266667 0.853333 5.973333 0 2.56 0 5.973333 0 8.533333-0.853334 0.853333 0 1.706667-0.853333 2.56-0.853333 1.706667-0.853333 3.413333-0.853333 5.12-1.706667 0.853333-0.853333 1.706667-0.853333 2.56-1.706666 1.706667-0.853333 3.413333-1.706667 4.266667-2.56l2.56-2.56 3.413333-3.413334L990.72 187.733333c12.8-17.066667 9.386667-40.96-7.68-53.76z\" fill=\"#0086E6\">\u003C/path>\u003C/symbol>\u003Csymbol id=\"iconscreen_custom\" viewBox=\"0 0 1024 1024\">\u003Cpath d=\"M1004.373333 995.84H19.626667V21.333333h985.6v974.506667z m-907.946666-76.8h832V98.133333H96.426667v820.906667z\" fill=\"#333333\">\u003C/path>\u003Cpath d=\"M474.453333 32.426667h76.8v144.213333h-76.8zM34.133333 470.186667h144.213334v76.8H34.133333zM473.6 836.266667h76.8v144.213333h-76.8zM832.853333 470.186667h144.213334v76.8H832.853333zM636.586667 735.573333H365.226667c-52.906667 0-95.573333-42.666667-95.573334-95.573333V366.08c0-52.906667 42.666667-95.573333 95.573334-95.573333H477.866667c21.333333 0 38.4 17.066667 38.4 38.4s-17.066667 38.4-38.4 38.4H365.226667c-10.24 0-18.773333 8.533333-18.773334 18.773333V640c0 10.24 8.533333 18.773333 18.773334 18.773333h271.36c10.24 0 18.773333-8.533333 18.773333-18.773333V520.533333c0-21.333333 17.066667-38.4 38.4-38.4s38.4 17.066667 38.4 38.4v119.466667c0.853333 52.906667-42.666667 95.573333-95.573333 95.573333z\" fill=\"#333333\">\u003C/path>\u003Cpath d=\"M430.08 501.76l234.666667-226.986667 63.146666 73.386667-230.4 226.133333-83.626666 17.92z\" fill=\"#333333\">\u003C/path>\u003C/symbol>\u003Csymbol id=\"iconscreenx4\" viewBox=\"0 0 1024 1024\">\u003Cpath d=\"M973.653333 971.946667H50.346667V49.493333h923.306666v922.453334z m-846.506666-76.8h769.706666V126.293333H127.146667v768.853334z\" fill=\"#333333\">\u003C/path>\u003Cpath d=\"M473.6 50.346667h76.8V947.2h-76.8z\" fill=\"#333333\">\u003C/path>\u003Cpath d=\"M63.146667 460.8h896.853333v76.8H63.146667z\" fill=\"#333333\">\u003C/path>\u003C/symbol>\u003Csymbol id=\"iconscreenx6\" viewBox=\"0 0 1024 1024\">\u003Cpath d=\"M973.653333 973.653333H50.346667V50.346667h923.306666v923.306666z m-846.506666-76.8h769.706666V127.146667H127.146667v769.706666z\" fill=\"#333333\">\u003C/path>\u003Cpath d=\"M614.4 52.053333h76.8v896.853334h-76.8zM332.8 612.693333h76.8v336.213334h-76.8z\" fill=\"#333333\">\u003C/path>\u003Cpath d=\"M614.4 331.093333h345.6v76.8H614.4zM63.146667 610.986667h896.853333v76.8H63.146667z\" fill=\"#333333\">\u003C/path>\u003C/symbol>\u003Csymbol id=\"iconscreenx9\" viewBox=\"0 0 1024 1024\">\u003Cpath d=\"M973.653333 973.653333H50.346667V50.346667h923.306666v923.306666z m-846.506666-76.8h769.706666V127.146667H127.146667v769.706666z\" fill=\"#333333\">\u003C/path>\u003Cpath d=\"M614.4 52.053333h76.8v896.853334h-76.8zM332.8 85.333333h76.8v863.573334h-76.8z\" fill=\"#333333\">\u003C/path>\u003Cpath d=\"M63.146667 331.093333h896.853333v76.8H63.146667zM63.146667 610.986667h896.853333v76.8H63.146667z\" fill=\"#333333\">\u003C/path>\u003C/symbol>\u003Csymbol id=\"iconscreenx10\" viewBox=\"0 0 1024 1024\">\u003Cpath d=\"M973.653333 973.653333H50.346667V50.346667h923.306666v923.306666z m-846.506666-76.8h769.706666V127.146667H127.146667v769.706666z\" fill=\"#333333\">\u003C/path>\u003Cpath d=\"M473.6 71.68h76.8v877.226667h-76.8zM685.226667 520.533333h76.8v428.373334h-76.8zM261.973333 494.933333h76.8v453.973334h-76.8z\" fill=\"#333333\">\u003C/path>\u003Cpath d=\"M63.146667 472.746667h896.853333v76.8H63.146667zM63.146667 685.226667h896.853333v76.8H63.146667z\" fill=\"#333333\">\u003C/path>\u003C/symbol>\u003Csymbol id=\"iconSearch\" viewBox=\"0 0 1024 1024\">\u003Cpath d=\"M465.792 85.333333c210.133333 0 380.501333 176.682667 380.501333 394.666667a403.2 403.2 0 0 1-65.962666 222.165333l151.765333 157.44a23.637333 23.637333 0 0 1 0 32.853334l-37.973333 39.424a21.973333 21.973333 0 0 1-31.616 0l-147.84-153.344a371.114667 371.114667 0 0 1-248.874667 96.128C255.658667 874.666667 85.333333 697.984 85.333333 480S255.658667 85.333333 465.792 85.333333z m0 97.493334c-158.208 0-286.464 133.034667-286.464 297.173333s128.256 297.173333 286.464 297.173333c158.250667 0 286.506667-133.034667 286.506667-297.173333s-128.256-297.173333-286.506667-297.173333z\" fill=\"#1D2129\">\u003C/path>\u003C/symbol>\u003Csymbol id=\"iconscreenx13\" viewBox=\"0 0 1024 1024\">\u003Cpath d=\"M973.653333 973.653333H50.346667V50.346667h923.306666v923.306666z m-846.506666-76.8h769.706666V127.146667H127.146667v769.706666z\" fill=\"#333333\">\u003C/path>\u003Cpath d=\"M473.6 71.68h76.8v237.226667h-76.8zM473.6 736.426667h76.8v237.226666h-76.8zM685.226667 711.68h76.8v237.226667h-76.8z\" fill=\"#333333\">\u003C/path>\u003Cpath d=\"M685.226667 71.68h76.8v664.746667h-76.8zM261.973333 711.68h76.8v237.226667h-76.8z\" fill=\"#333333\">\u003C/path>\u003Cpath d=\"M261.973333 71.68h76.8v651.946667h-76.8zM50.346667 494.933333h76.8v453.973334h-76.8z\" fill=\"#333333\">\u003C/path>\u003Cpath d=\"M63.146667 472.746667h266.24v76.8H63.146667zM693.76 472.746667h266.24v76.8H693.76zM63.146667 685.226667h896.853333v76.8H63.146667zM63.146667 261.12h896.853333v76.8H63.146667z\" fill=\"#333333\">\u003C/path>\u003C/symbol>\u003Csymbol id=\"iconServiceorder\" viewBox=\"0 0 1024 1024\">\u003Cpath d=\"M246.570667 907.776A21.333333 21.333333 0 0 0 256 890.069333V128a21.333333 21.333333 0 0 0-21.333333-21.333333h-42.666667A21.333333 21.333333 0 0 0 170.666667 128v533.333333H67.626667a12.8 12.8 0 0 0-10.410667 20.266667l156.288 217.088a21.333333 21.333333 0 0 0 4.138667 4.266667l0.810666 1.024a21.333333 21.333333 0 0 0 28.117334 3.84zM362.666667 277.333333h554.666666a21.333333 21.333333 0 0 0 21.205334-18.816L938.666667 256V213.333333a21.333333 21.333333 0 0 0-18.858667-21.205333L917.333333 192h-554.666666a21.333333 21.333333 0 0 0-21.205334 18.816L341.333333 213.333333v42.666667a21.333333 21.333333 0 0 0 18.816 21.205333L362.666667 277.333333z m0 277.333334h426.666666a21.333333 21.333333 0 0 0 21.205334-18.816L810.666667 533.333333v-42.666666a21.333333 21.333333 0 0 0-18.858667-21.162667L789.333333 469.333333h-426.666666a21.333333 21.333333 0 0 0-21.205334 18.816L341.333333 490.666667v42.666666a21.333333 21.333333 0 0 0 18.816 21.162667L362.666667 554.666667z m298.666666 277.333333a21.333333 21.333333 0 0 0 21.162667-18.858667L682.666667 810.666667v-42.666667a21.333333 21.333333 0 0 0-18.816-21.205333L661.333333 746.666667h-298.666666a21.333333 21.333333 0 0 0-21.205334 18.858666L341.333333 768v42.666667a21.333333 21.333333 0 0 0 18.816 21.205333l2.517334 0.128h298.666666z\" fill=\"#1D2129\">\u003C/path>\u003C/symbol>\u003Csymbol id=\"iconSettings\" viewBox=\"0 0 1024 1024\">\u003Cpath d=\"M512 85.333333c30.933333 0 61.781333 3.456 91.989333 10.325334l6.741334 1.536a21.333333 21.333333 0 0 1 14.848 12.373333l43.392 100.224a21.333333 21.333333 0 0 0 21.930666 12.714667l106.282667-11.776a21.333333 21.333333 0 0 1 18.176 6.912l4.693333 5.12a428.117333 428.117333 0 0 1 92.074667 162.218666l2.133333 6.912a21.376 21.376 0 0 1-3.114666 18.688l-4.181334 5.845334-59.733333 83.114666a21.376 21.376 0 0 0 0 24.917334l63.872 88.96a21.333333 21.333333 0 0 1 3.114667 18.688l-2.133334 6.912a428.16 428.16 0 0 1-92.074666 162.218666l-4.650667 5.12a21.333333 21.333333 0 0 1-18.176 6.912l-106.24-11.776a21.333333 21.333333 0 0 0-22.016 12.714667l-43.349333 100.266667a21.333333 21.333333 0 0 1-14.848 12.330666l-6.741334 1.536a412.885333 412.885333 0 0 1-184.021333 0l-6.741333-1.536a21.333333 21.333333 0 0 1-14.805334-12.373333l-2.858666-6.528-40.533334-93.696a21.333333 21.333333 0 0 0-21.973333-12.714667l-106.24 11.776a21.333333 21.333333 0 0 1-18.218667-6.912l-4.650666-5.12a428.288 428.288 0 0 1-92.074667-162.218666l-2.133333-6.912a21.376 21.376 0 0 1 3.072-18.730667l4.224-5.845333 59.733333-83.072a21.333333 21.333333 0 0 0 0-24.917334L112.768 410.624a21.376 21.376 0 0 1-3.072-18.688l2.133333-6.954667A428.202667 428.202667 0 0 1 203.946667 222.805333l4.693333-5.162666a21.333333 21.333333 0 0 1 18.133333-6.912l106.282667 11.776a21.333333 21.333333 0 0 0 21.973333-12.714667l43.392-100.266667a21.333333 21.333333 0 0 1 14.805334-12.330666l6.741333-1.536A412.885333 412.885333 0 0 1 512 85.333333z m0 71.125334c-16.128 0-32.213333 1.109333-48.128 3.328a20.608 20.608 0 0 0-15.957333 12.373333l-38.656 89.344a58.026667 58.026667 0 0 1-23.893334 27.008 56.746667 56.746667 0 0 1-34.901333 7.466667L255.658667 285.44a20.650667 20.650667 0 0 0-18.730667 7.808 357.077333 357.077333 0 0 0-48.554667 85.717333 20.650667 20.650667 0 0 0 2.56 19.626667l56.96 79.146667a58.88 58.88 0 0 1 0 68.522666l-56.917333 79.146667a20.650667 20.650667 0 0 0-2.56 19.626667 357.12 357.12 0 0 0 48.512 85.717333c4.394667 5.717333 11.52 8.576 18.730667 7.808l94.72-10.496c12.16-1.365333 24.448 1.237333 34.986666 7.424 10.624 6.229333 18.986667 15.701333 23.893334 27.050667l38.656 89.301333a20.650667 20.650667 0 0 0 15.957333 12.373333 346.026667 346.026667 0 0 0 96.256 0 20.650667 20.650667 0 0 0 15.957333-12.373333l38.613334-89.344a58.026667 58.026667 0 0 1 23.893333-27.008 56.746667 56.746667 0 0 1 34.944-7.424l94.805333 10.496a20.650667 20.650667 0 0 0 18.688-7.808 356.821333 356.821333 0 0 0 48.554667-85.674667 20.608 20.608 0 0 0-2.56-19.626666l-56.917333-79.189334a58.709333 58.709333 0 0 1 0-68.522666l56.874666-79.189334a20.608 20.608 0 0 0 2.56-19.626666 356.821333 356.821333 0 0 0-48.512-85.674667 20.650667 20.650667 0 0 0-18.730666-7.808l-94.72 10.538667a56.789333 56.789333 0 0 1-34.986667-7.466667 57.984 57.984 0 0 1-23.893333-27.008l-38.613334-89.344a20.650667 20.650667 0 0 0-15.957333-12.373333A346.325333 346.325333 0 0 0 512 156.458667z m0 177.792c101.632 0 183.893333 79.616 183.893333 177.749333 0 98.133333-82.261333 177.792-183.893333 177.792-101.632 0-183.893333-79.616-183.893333-177.792 0-98.133333 82.261333-177.749333 183.893333-177.749333zM512 405.333333a106.666667 106.666667 0 1 0 0 213.333334 106.666667 106.666667 0 0 0 0-213.333334z\" fill=\"#1D2129\">\u003C/path>\u003C/symbol>\u003Csymbol id=\"iconshow_all\" viewBox=\"0 0 1024 1024\">\u003Cpath d=\"M907.093333 977.066667H116.906667c-38.4 0-69.973333-31.573333-69.973334-69.973334V116.906667c0-38.4 31.573333-69.973333 69.973334-69.973334h790.186666c38.4 0 69.973333 31.573333 69.973334 69.973334v790.186666c0 38.4-31.573333 69.973333-69.973334 69.973334z m-783.36-76.8h776.533334v-776.533334h-776.533334v776.533334z\" fill=\"#333333\">\u003C/path>\u003Cpath d=\"M409.6 360.96c-10.24 0-20.48-4.266667-27.306667-11.946667-14.506667-15.36-14.506667-39.253333 0.853334-54.613333l91.306666-87.893333c17.066667-16.213333 42.666667-16.213333 59.733334 0l90.453333 87.893333c15.36 14.506667 15.36 39.253333 0.853333 54.613333-14.506667 15.36-39.253333 15.36-54.613333 0.853334L503.466667 285.013333 436.053333 349.866667c-7.68 6.826667-17.066667 11.093333-26.453333 11.093333z m117.76-98.986667zM503.466667 826.026667c-11.093333 0-21.333333-4.266667-29.866667-11.946667L382.293333 726.186667c-15.36-14.506667-15.36-39.253333-0.853333-54.613334 14.506667-15.36 39.253333-15.36 54.613333-0.853333l67.413334 64.853333 66.56-64.853333c15.36-14.506667 39.253333-14.506667 54.613333 0.853333 14.506667 15.36 14.506667 39.253333-0.853333 54.613334L533.333333 813.226667c-8.533333 8.533333-18.773333 12.8-29.866666 12.8zM346.453333 650.24c-10.24 0-20.48-4.266667-27.306666-11.946667L231.253333 546.986667c-16.213333-17.066667-16.213333-42.666667 0-59.733334l87.893334-90.453333c14.506667-15.36 39.253333-15.36 54.613333-0.853333 15.36 14.506667 15.36 39.253333 0.853333 54.613333l-64.853333 66.56 64.853333 67.413333c14.506667 15.36 14.506667 39.253333-0.853333 54.613334-7.68 6.826667-17.066667 11.093333-27.306667 11.093333zM673.28 650.24c-9.386667 0-18.773333-3.413333-26.453333-11.093333-15.36-14.506667-15.36-39.253333-0.853334-54.613334l64.853334-67.413333-64.853334-66.56c-14.506667-15.36-14.506667-39.253333 0.853334-54.613333s39.253333-14.506667 54.613333 0.853333l87.893333 90.453333c16.213333 17.066667 16.213333 42.666667 0 59.733334L700.586667 638.293333c-7.68 7.68-17.92 11.946667-27.306667 11.946667z m59.733333-156.16z\" fill=\"#333333\">\u003C/path>\u003C/symbol>\u003Csymbol id=\"iconShare1\" viewBox=\"0 0 1024 1024\">\u003Cpath d=\"M782.208 677.461333a137.386667 137.386667 0 0 0-84.906667 29.013334l-233.258666-163.114667a169.173333 169.173333 0 0 0 0-62.72l233.258666-163.157333a137.386667 137.386667 0 0 0 84.906667 29.056c35.84 0 70.229333-13.781333 95.573333-38.272A128.554667 128.554667 0 0 0 917.333333 215.893333c0-34.645333-14.293333-67.84-39.637333-92.330666A137.6 137.6 0 0 0 782.165333 85.333333c-20.906667 0-41.557333 4.736-60.288 13.781334-18.773333 9.045333-35.029333 22.186667-47.616 38.357333-12.586667 16.170667-21.12 34.944-24.917333 54.826667-3.84 19.925333-2.773333 40.405333 2.986667 59.861333l-221.482667 155.178667a178.773333 178.773333 0 0 0-63.573333-51.157334 185.173333 185.173333 0 0 0-80.426667-18.346666c-23.68 0-47.104 4.522667-68.949333 13.226666a180.608 180.608 0 0 0-58.453334 37.802667 173.824 173.824 0 0 0-39.082666 56.490667 169.088 169.088 0 0 0 0 133.290666c9.045333 21.162667 22.314667 40.362667 39.04 56.533334 16.725333 16.213333 36.608 29.013333 58.453333 37.76 21.888 8.746667 45.312 13.226667 68.992 13.226666 27.904 0 55.466667-6.272 80.469333-18.346666a178.773333 178.773333 0 0 0 63.530667-51.114667l221.525333 155.093333c-5.76 19.456-6.826667 39.978667-2.986666 59.861334 3.754667 19.925333 12.288 38.698667 24.874666 54.869333 12.586667 16.213333 28.885333 29.312 47.616 38.357333 18.773333 9.045333 39.381333 13.781333 60.330667 13.781334 35.84 0 70.186667-13.781333 95.530667-38.272a128.554667 128.554667 0 0 0 39.594666-92.330667c0-34.645333-14.250667-67.84-39.594666-92.330667a137.557333 137.557333 0 0 0-95.530667-38.272z m0-518.101333c15.530667 0 30.421333 5.973333 41.386667 16.597333 11.008 10.624 17.152 25.002667 17.152 40.021334s-6.186667 29.44-17.152 40.021333a60.288 60.288 0 0 1-82.816 0 55.68 55.68 0 0 1-17.152-40.064c0-15.018667 6.186667-29.44 17.152-40.021333 11.008-10.624 25.898667-16.597333 41.429333-16.554667z m-495.36 448.426667a100.992 100.992 0 0 1-70.058667-28.074667A94.336 94.336 0 0 1 187.733333 512a94.336 94.336 0 0 1 29.056-67.712 100.992 100.992 0 0 1 70.058667-28.074667c26.24 0.042667 51.413333 10.154667 69.973333 28.117334 18.602667 17.92 29.013333 42.24 29.098667 67.669333a94.336 94.336 0 0 1-29.056 67.669333 100.992 100.992 0 0 1-70.016 28.117334z m495.36 256.853333a60.288 60.288 0 0 1-41.386667-16.597333 56.533333 56.533333 0 0 1-12.714666-18.346667 54.997333 54.997333 0 0 1 12.757333-61.738667 60.288 60.288 0 0 1 82.816 0.042667c11.008 10.666667 17.152 25.045333 17.152 40.106667 0 14.976-6.186667 29.397333-17.194667 39.978666a59.648 59.648 0 0 1-41.429333 16.554667z\" fill=\"#1D2129\">\u003C/path>\u003C/symbol>\u003Csymbol id=\"iconsignout\" viewBox=\"0 0 1024 1024\">\u003Cpath d=\"M661.333333 85.333333a21.333333 21.333333 0 0 1 21.333334 21.333334v42.666666a21.333333 21.333333 0 0 1-21.333334 21.333334H170.666667v682.666666h490.666666a21.333333 21.333333 0 0 1 21.333334 21.333334v42.666666a21.333333 21.333333 0 0 1-21.333334 21.333334H128a42.666667 42.666667 0 0 1-42.666667-42.666667V128a42.666667 42.666667 0 0 1 42.666667-42.666667h533.333333z m103.381334 227.370667l165.930666 165.930667a42.666667 42.666667 0 0 1 0 60.330666l-165.930666 165.930667a21.248 21.248 0 0 1-30.165334 0l-30.165333-30.165333a21.333333 21.333333 0 0 1 0-30.165334l90.325333-90.325333-388.394666-1.706667a21.333333 21.333333 0 0 1-21.248-21.248l-0.170667-40.405333a21.333333 21.333333 0 0 1 18.773333-21.290667l2.688-0.170666 396.202667 1.749333-98.176-98.133333a21.333333 21.333333 0 0 1 0-30.165334l30.122667-30.165333a21.333333 21.333333 0 0 1 30.208 0z\" fill=\"#000000\">\u003C/path>\u003C/symbol>\u003Csymbol id=\"iconsnapshot\" viewBox=\"0 0 1024 1024\">\u003Cpath d=\"M339.541333 153.344a40.106667 40.106667 0 0 1 14.250667-18.432A37.674667 37.674667 0 0 1 375.509333 128h271.530667c7.552 0 14.976 2.304 21.333333 6.656a40.064 40.064 0 0 1 14.293334 17.792l23.296 56.405333H896c23.552 0 42.666667 18.090667 42.666667 40.405334v606.293333c0 22.357333-19.114667 40.448-42.666667 40.448H128c-23.552 0-42.666667-18.090667-42.666667-40.405333V249.301333c0-22.357333 19.114667-40.448 42.666667-40.448h190.08l21.461333-55.509333z m521.557334 136.32H162.901333v525.482667h698.197334V289.706667zM512 350.336c107.093333 0 193.962667 90.453333 193.962667 202.069333 0 111.658667-86.826667 202.112-193.962667 202.112-107.093333 0-193.92-90.453333-193.92-202.112 0-111.616 86.826667-202.069333 193.92-202.069333z m0 80.810667c-30.848 0-60.458667 12.8-82.261333 35.541333a123.904 123.904 0 0 0-34.133334 85.76c0 32.128 12.288 62.976 34.133334 85.717333a114.048 114.048 0 0 0 82.261333 35.498667c30.848 0 60.458667-12.757333 82.261333-35.498667a123.904 123.904 0 0 0 34.133334-85.76c0-32.128-12.288-62.976-34.133334-85.76A114.048 114.048 0 0 0 512 431.189333z\" fill=\"#1D2129\">\u003C/path>\u003C/symbol>\u003Csymbol id=\"iconsound_volume\" viewBox=\"0 0 1024 1024\">\u003Cpath d=\"M545.28 937.813333c-20.48 0-40.96-7.68-56.32-23.04L288.426667 715.093333c-0.853333-0.853333-0.853333-0.853333-1.706667-0.853333H131.413333c-43.52 0-79.36-35.84-79.36-79.36V400.213333c0-43.52 35.84-79.36 79.36-79.36h145.066667c0.853333 0 1.706667 0 1.706667-0.853333l210.773333-210.773333c23.04-23.04 56.32-29.866667 86.186667-17.066667 29.866667 11.946667 48.64 40.96 48.64 73.386667v693.76c0 32.426667-19.626667 61.44-48.64 73.386666-9.386667 3.413333-19.626667 5.12-29.866667 5.12zM131.413333 397.653333c-1.706667 0-2.56 0.853333-2.56 2.56v234.666667c0 1.706667 0.853333 2.56 2.56 2.56h156.16c21.333333 0 40.96 8.533333 56.32 23.04l199.68 199.68c0.853333 0.853333 0.853333 0.853333 2.56 0.853333 1.706667-0.853333 1.706667-1.706667 1.706667-2.56V165.546667c0-0.853333 0-1.706667-1.706667-2.56-1.706667-0.853333-2.56 0-2.56 0.853333L332.8 373.76c-15.36 15.36-34.986667 23.04-56.32 23.04h-145.066667zM701.44 715.946667c-11.093333 0-21.333333-4.266667-29.013333-13.653334-13.653333-16.213333-11.946667-40.106667 4.266666-53.76 48.64-41.813333 73.386667-85.333333 73.386667-130.56-0.853333-78.506667-75.093333-140.8-75.093333-140.8-16.213333-13.653333-18.773333-37.546667-5.12-53.76 13.653333-16.213333 37.546667-18.773333 53.76-5.12 4.266667 3.413333 102.4 84.48 103.253333 199.68C827.733333 587.093333 793.6 651.093333 726.186667 708.266667c-7.68 4.266667-16.213333 7.68-24.746667 7.68z\" fill=\"#333333\">\u003C/path>\u003Cpath d=\"M806.4 818.346667c-9.386667 0-19.626667-3.413333-27.306667-11.093334-15.36-15.36-15.36-39.253333 0-54.613333 87.893333-87.893333 128.853333-176.64 122.88-263.68-8.533333-128.853333-117.76-213.333333-118.613333-214.186667-17.066667-12.8-20.48-36.693333-6.826667-53.76 12.8-17.066667 36.693333-20.48 53.76-6.826666 5.973333 4.266667 138.24 106.666667 149.333334 270.506666 7.68 110.08-40.96 218.453333-145.066667 322.56-8.533333 6.826667-18.773333 11.093333-28.16 11.093334z\" fill=\"#333333\">\u003C/path>\u003C/symbol>\u003Csymbol id=\"iconspin_right\" viewBox=\"0 0 1024 1024\">\u003Cpath d=\"M957.44 507.733333l48.64-150.186666c1.706667-5.973333-3.413333-11.093333-9.386667-8.533334l-181.76 64.853334c-5.12 1.706667-5.973333 9.386667-1.706666 12.8l133.973333 84.48c3.413333 2.56 8.533333 0.853333 10.24-3.413334z\" fill=\"#333333\">\u003C/path>\u003Cpath d=\"M494.933333 41.813333c223.573333 0 411.306667 154.453333 463.36 361.813334l-76.8 10.24C834.56 244.053333 679.253333 118.613333 494.933333 118.613333c-221.013333 0-400.213333 180.053333-400.213333 400.213334s179.2 401.066667 400.213333 401.066666c83.626667 0 162.133333-26.453333 226.133334-70.826666 36.693333 11.093333 46.08 38.4 47.786666 59.733333C691.2 964.266667 597.333333 996.693333 494.933333 996.693333c-262.826667 0-477.013333-214.186667-477.013333-477.013333s213.333333-477.866667 477.013333-477.866667z\" fill=\"#333333\">\u003C/path>\u003C/symbol>\u003Csymbol id=\"iconStart\" viewBox=\"0 0 1024 1024\">\u003Cpath d=\"M512 85.333333c235.648 0 426.666667 191.018667 426.666667 426.666667s-191.018667 426.666667-426.666667 426.666667S85.333333 747.648 85.333333 512 276.352 85.333333 512 85.333333z m0 77.568a349.098667 349.098667 0 1 0 0 698.197334 349.098667 349.098667 0 0 0 0-698.197334zM416.213333 285.184l310.272 193.92a38.826667 38.826667 0 0 1 0 65.792l-310.272 193.92a38.826667 38.826667 0 0 1-59.349333-32.853333V318.08a38.826667 38.826667 0 0 1 59.306667-32.896z m18.218667 102.826667v247.978666L632.746667 512l-198.314667-123.946667z\" fill=\"#1D2129\">\u003C/path>\u003C/symbol>\u003Csymbol id=\"iconStop\" viewBox=\"0 0 1024 1024\">\u003Cpath d=\"M512 85.333333c235.648 0 426.666667 191.018667 426.666667 426.666667s-191.018667 426.666667-426.666667 426.666667S85.333333 747.648 85.333333 512 276.352 85.333333 512 85.333333z m0 77.568a349.098667 349.098667 0 1 0 0 698.197334 349.098667 349.098667 0 0 0 0-698.197334z m81.493333 213.333334a54.357333 54.357333 0 0 1 54.272 54.314666v162.901334a54.272 54.272 0 0 1-54.314666 54.314666h-162.901334a54.272 54.272 0 0 1-54.314666-54.314666v-162.901334a54.272 54.272 0 0 1 54.314666-54.314666h162.901334zM448 448v128h128v-128h-128z\" fill=\"#1D2129\">\u003C/path>\u003C/symbol>\u003Csymbol id=\"iconterramaster_logo\" viewBox=\"0 0 1024 1024\">\u003Cpath d=\"M118.613333 413.866667v35.84h-23.04v128.853333H75.946667V449.706667H53.76v-35.84zM193.706667 413.866667v34.986666H153.6v30.72h35.84v34.133334H153.6v30.72h40.96v34.133333h-60.586667V413.866667zM261.12 512c0.853333 0 2.56-0.853333 4.266667-2.56 5.973333-4.266667 12.8-12.8 12.8-36.693333 0-29.013333-0.853333-45.226667-13.653334-53.76-4.266667-2.56-11.946667-4.266667-21.333333-4.266667h-34.133333v164.693333h19.626666v-64h11.946667l13.653333 64h22.186667L261.12 512z m-5.973333-39.253333c0 3.413333-0.853333 6.826667-3.413334 8.533333-2.56 1.706667-5.973333 1.706667-8.533333 1.706667h-14.506667v-34.133334h14.506667c3.413333 0 5.973333 0 8.533333 2.56 2.56 2.56 3.413333 5.973333 3.413334 8.533334 0.853333 4.266667 0.853333 8.533333 0 12.8zM348.16 512c0.853333 0 2.56-0.853333 4.266667-2.56 5.973333-4.266667 12.8-12.8 12.8-36.693333 0-29.013333-0.853333-45.226667-13.653334-53.76-4.266667-2.56-11.946667-4.266667-21.333333-4.266667h-34.133333v164.693333H315.733333v-64h11.946667l13.653333 64h22.186667L348.16 512z m-5.973333-39.253333c0 3.413333-0.853333 6.826667-3.413334 8.533333-2.56 1.706667-5.973333 1.706667-8.533333 1.706667H315.733333v-34.133334h14.506667c3.413333 0 5.973333 0 8.533333 2.56 2.56 2.56 3.413333 5.973333 3.413334 8.533334 0.853333 4.266667 0.853333 8.533333 0 12.8zM950.613333 512c0.853333 0 2.56-0.853333 4.266667-2.56 5.973333-4.266667 12.8-12.8 12.8-36.693333 0-29.013333-0.853333-45.226667-13.653333-53.76-4.266667-2.56-11.946667-4.266667-21.333334-4.266667H896v164.693333h19.626667v-64h14.506666l13.653334 64h22.186666l-15.36-67.413333z m-5.12-39.253333c0 3.413333-0.853333 6.826667-3.413333 8.533333-2.56 1.706667-5.973333 1.706667-8.533333 1.706667h-17.066667v-34.133334h17.066667c3.413333 0 5.973333 0 8.533333 2.56 2.56 2.56 3.413333 5.973333 3.413333 8.533334v12.8zM493.226667 413.866667l19.626666 85.333333 20.48-85.333333h23.893334v164.693333h-20.48V474.453333l-17.066667 87.893334h-12.8l-17.92-87.893334v104.106667h-20.48V413.866667zM622.08 413.866667h-25.6l-29.866667 164.693333h20.48l5.12-29.013333h32.426667l5.12 29.013333h21.333333l-29.013333-164.693333z m-23.893333 103.253333l10.24-58.88 10.24 58.88h-20.48zM430.08 413.866667h-25.6l-29.866667 164.693333h20.48l5.12-29.013333h32.426667l5.12 29.013333h21.333333l-29.013333-164.693333z m-23.893333 103.253333l10.24-58.88 10.24 58.88h-20.48zM691.2 446.293333c-5.12 0-10.24 3.413333-10.24 11.093334 0 27.306667 45.226667 11.946667 45.226667 70.826666 0 33.28-16.213333 50.346667-33.28 50.346667-12.8 0-25.6-10.24-34.986667-26.453333l7.68-33.28c7.68 14.506667 19.626667 24.746667 27.306667 24.746666 5.973333 0 11.946667-4.266667 11.946666-13.653333 0-28.16-45.226667-11.093333-45.226666-69.12 0-30.72 14.506667-50.346667 33.28-50.346667 11.093333 0 22.186667 7.68 29.866666 18.773334l-7.68 34.133333c-6.826667-9.386667-17.066667-17.066667-23.893333-17.066667zM802.986667 413.866667v35.84h-25.6v128.853333h-19.626667V449.706667h-24.746667v-35.84zM880.64 413.866667v34.986666h-42.666667v30.72h38.4v34.133334h-38.4v30.72h43.52v34.133333h-63.146666V413.866667z\" fill=\"#404040\">\u003C/path>\u003Cpath d=\"M511.146667 742.4c-16.213333 0-31.573333-1.706667-47.786667-5.12L57.173333 628.906667c-25.6-5.973333-45.226667-31.573333-45.226666-60.586667V418.133333c0-29.866667 19.626667-55.466667 46.08-60.586666l407.04-105.813334c29.866667-5.973333 60.586667-5.973333 91.306666 0l407.04 104.96c26.453333 5.973333 46.08 30.72 46.08 60.586667v149.333333c0 29.866667-18.773333 54.613333-45.226666 60.586667L558.08 737.28c-15.36 3.413333-31.573333 5.12-46.933333 5.12z m-44.373334-20.48c29.013333 5.973333 58.88 5.973333 87.893334 0l405.333333-108.373333c18.773333-4.266667 32.426667-23.04 32.426667-45.226667V418.133333c0-22.186667-13.653333-40.96-33.28-45.226666L552.96 267.946667c-28.16-5.973333-56.32-5.973333-84.48 0L61.44 373.76c-18.773333 3.413333-33.28 22.186667-33.28 44.373333v149.333334c0 22.186667 13.653333 40.96 32.426667 45.226666l406.186666 109.226667z\" fill=\"#404040\">\u003C/path>\u003C/symbol>\u003Csymbol id=\"icontopbanner_language\" viewBox=\"0 0 1024 1024\">\u003Cpath d=\"M512 675.114667c41.941333 0 82.432 2.133333 120.064 6.4C606.72 809.557333 558.250667 896 512 896c-46.293333 0-94.72-86.357333-120.064-214.528 34.730667-3.541333 71.594667-6.4 109.952-6.4H512z m195.242667 17.706666c60.032 11.306667 110.634667 27.605333 148.266666 45.994667C801.28 811.093333 709.077333 869.802667 618.666667 896c33.28-48.853333 72.661333-121.770667 88.576-203.178667z m-390.485334 0c15.914667 80.682667 41.216 150.101333 73.770667 198.912a428.501333 428.501333 0 0 1-222.037333-152.917333c35.413333-16.981333 81.706667-32.554667 136.704-43.904l11.52-2.133333zM129.450667 305.493333c47.018667 24.746667 107.008 43.904 176.426666 56.618667A1252.266667 1252.266667 0 0 0 298.666667 481.109333v36.096c0.725333 35.413333 2.901333 69.418667 6.528 101.973334-68.693333 12.714667-129.450667 31.829333-176.469334 56.618666a412.458667 412.458667 0 0 1-3.626666-361.088l4.352-9.173333z m765.098666 0A410.88 410.88 0 0 1 938.666667 491.008a410.88 410.88 0 0 1-44.117334 185.514667c-47.018667-24.746667-107.008-43.904-176.469333-56.661334 4.352-41.045333 7.253333-84.224 7.253333-128.853333 0-44.586667-2.133333-87.765333-7.253333-128.853333 65.834667-12.032 123.690667-30.421333 169.984-53.077334l6.485333-3.541333z m-250.922666 67.968c4.309333 36.821333 6.485333 76.458667 6.485333 117.504 0 41.088-2.133333 80.725333-6.485333 117.546667-39.082667-4.266667-79.573333-6.4-121.514667-7.082667h-36.864a974.08 974.08 0 0 0-104.106667 7.082667 1013.76 1013.76 0 0 1-6.528-107.605333v-34.005334a949.333333 949.333333 0 0 1 6.485334-93.44c41.941333 4.266667 86.058667 7.082667 131.626666 7.082667 41.941333 0 83.2-2.133333 122.197334-6.4l8.704-0.682667zM512 85.333333c46.293333 0 94.72 86.357333 120.064 214.528-37.632 4.266667-78.08 7.082667-120.064 7.082667-41.941333 0-82.432-2.816-120.064-7.082667C417.28 171.690667 465.749333 85.333333 512 85.333333z m-120.746667 4.949334C357.973333 139.136 332.629333 207.829333 316.714667 289.28 256.725333 277.930667 206.08 261.632 168.490667 243.2a427.648 427.648 0 0 1 220.586666-152.192l2.133334-0.725333z m241.493334 0A427.52 427.52 0 0 1 855.466667 243.2c-37.546667 18.432-88.917333 34.730667-148.224 46.037333-15.189333-76.458667-38.314667-142.293333-68.693334-190.464l-5.76-8.490666z\" fill=\"#4E5969\">\u003C/path>\u003C/symbol>\u003Csymbol id=\"iconspin_Left\" viewBox=\"0 0 1024 1024\">\u003Cpath d=\"M66.56 507.733333L17.92 357.546667c-1.706667-5.973333 3.413333-11.093333 9.386667-8.533334l181.76 64.853334c5.12 1.706667 5.973333 9.386667 1.706666 12.8L76.8 511.146667c-3.413333 2.56-8.533333 0.853333-10.24-3.413334z\" fill=\"#333333\">\u003C/path>\u003Cpath d=\"M529.066667 41.813333C305.493333 41.813333 117.76 196.266667 65.706667 403.626667l76.8 10.24C189.44 244.053333 344.746667 118.613333 529.066667 118.613333c221.013333 0 400.213333 180.053333 400.213333 400.213334s-179.2 401.066667-400.213333 401.066666c-83.626667 0-162.133333-26.453333-226.133334-70.826666-36.693333 11.093333-46.08 38.4-47.786666 59.733333C332.8 964.266667 426.666667 996.693333 529.066667 996.693333c262.826667 0 477.013333-214.186667 477.013333-477.013333s-213.333333-477.866667-477.013333-477.866667z\" fill=\"#333333\">\u003C/path>\u003C/symbol>\u003Csymbol id=\"icontosboard\" viewBox=\"0 0 1024 1024\">\u003Cpath d=\"M772.565333 859.434667a28.970667 28.970667 0 1 1 0 57.898666H251.434667a28.970667 28.970667 0 1 1 0-57.898666h521.130666zM830.464 106.666667c48 0 86.869333 38.869333 86.869333 86.869333V714.666667a86.869333 86.869333 0 0 1-86.869333 86.869333H193.536A86.869333 86.869333 0 0 1 106.666667 714.666667V193.536C106.666667 145.493333 145.536 106.666667 193.536 106.666667h636.928zM781.226667 378.794667a28.970667 28.970667 0 0 0-39.765334-6.314667l-0.426666 0.298667-135.68 98.688a14.464 14.464 0 0 1-15.786667 0.810666l-0.298667-0.170666-146.346666-90.026667a57.898667 57.898667 0 0 0-65.28 3.157333l-0.597334 0.426667-114.432 89.002667-0.384 0.298666a28.970667 28.970667 0 0 0-4.992 39.978667l0.298667 0.341333 0.298667 0.426667c9.813333 12.117333 27.477333 14.336 39.936 4.949333l0.384-0.298666 106.496-82.816a14.506667 14.506667 0 0 1 16.213333-1.109334l0.298667 0.213334 146.005333 89.856a57.898667 57.898667 0 0 0 63.829333-2.090667l0.597334-0.426667 143.530666-104.362666 0.384-0.298667a28.970667 28.970667 0 0 0 6.272-39.765333l-0.256-0.426667-0.298666-0.341333z\" fill=\"#1D2129\">\u003C/path>\u003C/symbol>\u003Csymbol id=\"iconUnmoun\" viewBox=\"0 0 1024 1024\">\u003Cpath d=\"M512 938.666667v-85.333334H170.666667v-213.333333h341.333333v-85.333333H170.666667V341.333333h682.666666v170.666667h85.333334V298.666667a42.666667 42.666667 0 0 0-42.666667-42.666667h-341.333333V170.666667h362.666666a21.333333 21.333333 0 0 0 21.333334-21.333334v-42.666666a21.333333 21.333333 0 0 0-21.333334-21.333334h-810.666666a21.333333 21.333333 0 0 0-21.333334 21.333334v42.666666a21.333333 21.333333 0 0 0 21.333334 21.333334H469.333333v85.333333H128a42.666667 42.666667 0 0 0-42.666667 42.666667v597.333333a42.666667 42.666667 0 0 0 42.666667 42.666667h384zM405.333333 405.333333h-128v85.333334h128v-85.333334z m0 298.666667h-128v85.333333h128v-85.333333z\" fill=\"#1D2129\">\u003C/path>\u003Cpath d=\"M870.826667 607.786667l-101.333334 101.333333-101.376-101.290667c-6.698667-6.741333-9.813333-8.490667-13.653333-9.6a19.328 19.328 0 0 0-11.349333 0c-3.84 1.109333-6.954667 2.858667-13.653334 9.6l-21.674666 21.632c-6.741333 6.741333-8.448 9.856-9.6 13.653334a19.328 19.328 0 0 0 0 11.392c1.152 3.797333 2.858667 6.912 9.6 13.653333l101.333333 101.333333-101.333333 101.333334c-6.741333 6.741333-8.448 9.856-9.6 13.653333a19.328 19.328 0 0 0 0 11.392c1.152 3.754667 2.858667 6.912 9.6 13.653333l21.674666 21.632c6.698667 6.741333 9.813333 8.490667 13.653334 9.6 3.669333 1.152 7.68 1.152 11.349333 0 3.84-1.109333 6.954667-2.858667 13.653333-9.6l101.333334-101.333333 101.333333 101.333333c6.741333 6.741333 9.898667 8.490667 13.653333 9.6 3.712 1.152 7.68 1.152 11.392 0 3.797333-1.109333 6.912-2.858667 13.653334-9.6l21.674666-21.632c6.698667-6.741333 8.448-9.898667 9.6-13.653333a19.413333 19.413333 0 0 0 0-11.392c-1.152-3.797333-2.901333-6.912-9.6-13.653333l-101.333333-101.333334 101.333333-101.333333c6.698667-6.741333 8.448-9.856 9.6-13.653333a19.413333 19.413333 0 0 0 0-11.392c-1.152-3.797333-2.901333-6.912-9.6-13.653334l-21.674666-21.674666c-6.741333-6.698667-9.856-8.448-13.653334-9.6a19.328 19.328 0 0 0-11.392 0c-3.754667 1.152-6.912 2.901333-13.653333 9.6z\" fill=\"#1D2129\">\u003C/path>\u003C/symbol>\u003Csymbol id=\"iconUpload\" viewBox=\"0 0 1024 1024\">\u003Cpath d=\"M192 768a21.333333 21.333333 0 0 1 21.333333 21.333333V853.333333h597.333334v-64a21.333333 21.333333 0 0 1 21.333333-21.333333h42.666667a21.333333 21.333333 0 0 1 21.333333 21.333333V896a42.666667 42.666667 0 0 1-42.666667 42.666667H170.666667a42.666667 42.666667 0 0 1-42.666667-42.666667v-106.666667a21.333333 21.333333 0 0 1 21.333333-21.333333h42.666667zM490.666667 748.202667h42.666666a21.333333 21.333333 0 0 0 21.162667-18.858667l0.170667-2.474667V256l128.426666 128.426667a21.333333 21.333333 0 0 0 28.16 1.792l2.005334-1.792 30.165333-30.165334a21.333333 21.333333 0 0 0 1.834667-28.16l-1.834667-2.005333-211.2-211.2a21.333333 21.333333 0 0 0-28.16-1.749333l-1.962667 1.792-211.2 211.2a21.333333 21.333333 0 0 0-1.749333 28.16l1.749333 1.962666 30.165334 30.208a21.333333 21.333333 0 0 0 28.16 1.749334l2.005333-1.792L469.333333 266.368v460.501333a21.333333 21.333333 0 0 0 18.816 21.162667l2.517334 0.170667z\" fill=\"#1D2129\">\u003C/path>\u003C/symbol>\u003Csymbol id=\"iconusb_disk\" viewBox=\"0 0 1024 1024\">\u003Cpath d=\"M702.506667 85.333333l-391.338667 2.986667c-36.053333 6.741333-36.053333 31.488-36.053333 31.488l1.493333 183.722667c3.669333 13.525333 21.333333 15.786667 20.608 16.512l431.786667-2.261334c19.157333 0 20.608-15.744 20.608-15.744V115.328C746.666667 90.581333 702.506667 85.333333 702.506667 85.333333zM461.226667 219.562667s0 6.741333-11.776 7.509333H366.336c-1.450667-0.768-9.557333 0.725333-14.72-7.509333l-1.450667-31.488s-1.493333-7.509333 14.72-9.002667h79.445334s14.72-0.768 16.896 10.496v29.994667z m212.608-1.493334s0 6.741333-11.776 7.466667H578.986667c-2.218667-0.725333-11.050667 0-15.445334-7.466667v-31.488s-1.493333-7.509333 14.72-9.002666h79.445334s14.72-0.768 16.896 10.496v29.994666h-0.725334z m199.338666 458.154667V344.021333H150.826667L149.333333 810.666667c0 21.333333 21.333333 45.525333 21.333334 45.525333 69.12 83.2 172.117333 81.706667 172.117333 81.706667L669.44 938.666667c66.944-4.48 100.778667-20.224 100.778667-20.224C861.44 873.386667 874.666667 853.333333 874.666667 810.666667v-133.717334c0-0.725333 0-0.725333-1.493334-0.725333z m-127.232-29.269333l-65.493333 40.533333c-0.725333 0.725333-2.176 0.725333-2.944 1.493333-1.450667 0-2.176-0.768-2.944-0.768-2.176-1.493333-2.944-2.986667-2.944-5.973333v-27.008h-176.554667c6.656 10.496 12.544 23.253333 16.938667 34.474667 9.557333 22.485333 19.882667 45.738667 34.56 45.738666h19.882667v-20.224c0-3.754667 2.944-6.741333 6.613333-6.741333h65.493333c3.669333 0 6.613333 2.986667 6.613334 6.741333v66.730667a6.656 6.656 0 0 1-6.613334 6.741333h-66.218666c-1.493333 0-2.986667-0.725333-4.437334-2.261333-1.450667-1.493333-2.176-2.986667-2.176-4.48v-20.266667h-19.882666c-31.616 0-45.610667-32.981333-58.112-62.208-9.557333-22.528-19.84-45.738667-33.834667-45.738666H378.837333c-5.888 23.210667-26.453333 40.490667-50.773333 40.490666a54.4 54.4 0 0 1-52.906667-54.741333 52.48 52.48 0 0 1 52.181334-53.248c24.32 0 44.885333 17.237333 50.773333 40.490667h21.333333c13.994667 0 24.277333-23.253333 33.834667-45.738667 12.501333-29.269333 27.221333-62.250667 58.112-62.250667h22.101333a40.618667 40.618667 0 0 1 37.504-27.008c21.333333 0.768 38.997333 18.773333 38.997334 40.533334s-16.938667 39.722667-38.997334 40.490666a40.618667 40.618667 0 0 1-37.546666-27.008h-22.058667c-14.72 0-24.277333 23.253333-34.56 45.738667-5.12 11.989333-11.050667 23.978667-16.938667 34.474667h229.546667v-26.965334c0-2.261333 1.450667-4.522667 2.944-5.973333a5.418667 5.418667 0 0 1 6.613333 0l66.176 40.448c2.218667 1.493333 2.986667 2.986667 2.986667 5.973333 0 3.029333 0 6.784-2.218667 7.509334z\" fill=\"#1D2129\">\u003C/path>\u003C/symbol>\u003Csymbol id=\"iconUSB_eject\" viewBox=\"0 0 1024 1024\">\u003Cpath d=\"M512 34.986667L34.986667 631.466667h954.026666L512 34.986667zM34.986667 750.933333v238.933334h954.026666V750.933333H34.986667z\" fill=\"#333333\">\u003C/path>\u003C/symbol>\u003Csymbol id=\"iconuser\" viewBox=\"0 0 1024 1024\">\u003Cpath d=\"M747.52 576.853333c114.346667 0 207.36 93.013333 207.36 207.36v151.893334c0 30.72-24.746667 55.466667-55.466667 55.466666H124.586667c-30.72 0-55.466667-24.746667-55.466667-55.466666V784.213333c0-114.346667 93.013333-207.36 207.36-207.36h471.04zM512 23.04c137.386667 0 249.173333 111.786667 249.173333 249.173333S649.386667 521.386667 512 521.386667 262.826667 409.6 262.826667 272.213333 374.613333 23.04 512 23.04z\" fill=\"#333333\">\u003C/path>\u003C/symbol>\u003Csymbol id=\"iconusergroup\" viewBox=\"0 0 1024 1024\">\u003Cpath d=\"M302.933333 476.16c41.813333 0 80.213333-16.213333 108.373334-43.52-29.866667-29.013333-48.64-69.12-48.64-113.493333s18.773333-85.333333 48.64-113.493334C383.146667 179.2 344.746667 162.133333 302.933333 162.133333c-86.186667 0-157.013333 70.826667-157.013333 157.013334 0 87.04 70.826667 157.013333 157.013333 157.013333zM239.786667 738.133333V641.706667c0-71.68 58.88-130.56 130.56-130.56H154.453333c-71.68 0-130.56 58.88-130.56 130.56v95.573333c0 19.626667 15.36 34.986667 34.986667 34.986667h215.893333c-18.773333 0.853333-34.986667-15.36-34.986666-34.133334z\" fill=\"#333333\">\u003C/path>\u003Cpath d=\"M834.56 548.693333c91.306667 0 164.693333 74.24 164.693333 164.693334v121.173333c0 24.746667-19.626667 44.373333-44.373333 44.373333H338.773333c-24.746667 0-44.373333-19.626667-44.373333-44.373333V714.24c0-91.306667 74.24-164.693333 164.693333-164.693333 0.853333-0.853333 375.466667-0.853333 375.466667-0.853334zM647.68 107.52c109.226667 0 197.973333 88.746667 197.973333 197.973333S756.906667 504.32 647.68 504.32 448.853333 415.573333 448.853333 306.346667 537.6 107.52 647.68 107.52z\" fill=\"#333333\">\u003C/path>\u003C/symbol>\u003Csymbol id=\"iconwarning\" viewBox=\"0 0 1024 1024\">\u003Cpath d=\"M514.56 1006.933333c-273.066667 0-494.933333-221.866667-494.933333-494.933333s221.866667-494.933333 494.933333-494.933333 494.933333 221.866667 494.933333 494.933333c-0.853333 273.066667-222.72 494.933333-494.933333 494.933333z m0-913.066666c-230.4 0-418.133333 187.733333-418.133333 418.133333s187.733333 418.133333 418.133333 418.133333 418.133333-187.733333 418.133333-418.133333-187.733333-418.133333-418.133333-418.133333z\" fill=\"#F8AA01\">\u003C/path>\u003Cpath d=\"M514.56 636.586667c-21.333333 0-38.4-17.066667-38.4-38.4V304.64c0-21.333333 17.066667-38.4 38.4-38.4s38.4 17.066667 38.4 38.4v293.546667c0 21.333333-17.92 38.4-38.4 38.4z\" fill=\"#F8AA01\">\u003C/path>\u003Cpath d=\"M514.56 705.706667m-38.4 0a38.4 38.4 0 1 0 76.8 0 38.4 38.4 0 1 0-76.8 0Z\" fill=\"#F8AA01\">\u003C/path>\u003C/symbol>\u003Csymbol id=\"iconAdvanced\" viewBox=\"0 0 1024 1024\">\u003Cpath d=\"M168.96 571.733333l160.426667-156.16M401.066667 407.04l139.093333 178.346667M590.506667 577.706667l278.186666-218.453334\" fill=\"#FFFFFF\">\u003C/path>\u003Cpath d=\"M368.64 354.986667m-86.186667 0a86.186667 86.186667 0 1 0 172.373334 0 86.186667 86.186667 0 1 0-172.373334 0Z\" fill=\"#333333\">\u003C/path>\u003Cpath d=\"M558.933333 546.133333L443.733333 399.36c-12.8 23.04-35.84 40.106667-63.146666 43.52L494.933333 589.653333c12.8-23.04 36.693333-39.253333 64-43.52z\" fill=\"#333333\">\u003C/path>\u003Cpath d=\"M569.173333 634.026667m-86.186666 0a86.186667 86.186667 0 1 0 172.373333 0 86.186667 86.186667 0 1 0-172.373333 0Z\" fill=\"#333333\">\u003C/path>\u003Cpath d=\"M810.666667 355.84L569.173333 545.28h0.853334c30.72 0 57.173333 16.213333 72.533333 40.106667l221.866667-174.933334c-24.746667-8.533333-45.226667-29.013333-53.76-54.613333z\" fill=\"#333333\">\u003C/path>\u003Cpath d=\"M893.44 327.68m-86.186667 0a86.186667 86.186667 0 1 0 172.373334 0 86.186667 86.186667 0 1 0-172.373334 0Z\" fill=\"#333333\">\u003C/path>\u003Cpath d=\"M203.946667 591.36l152.746666-148.48c-27.306667-4.266667-51.2-21.333333-64-45.226667L149.333333 537.6c25.6 8.533333 45.226667 29.013333 54.613334 53.76z\" fill=\"#333333\">\u003C/path>\u003Cpath d=\"M121.173333 622.08m-86.186666 0a86.186667 86.186667 0 1 0 172.373333 0 86.186667 86.186667 0 1 0-172.373333 0Z\" fill=\"#333333\">\u003C/path>\u003C/symbol>\u003Csymbol id=\"iconAllow\" viewBox=\"0 0 1024 1024\">\u003Cpath d=\"M896.426667 271.146667l-29.44-30.293334a21.333333 21.333333 0 0 0-30.08 0L384.213333 693.333333l-211.2-210.986666a21.333333 21.333333 0 0 0-30.08 0l-30.08 30.08a21.333333 21.333333 0 0 0 0 30.08l226.133334 226.346666 30.293333 30.08a21.333333 21.333333 0 0 0 30.08 0l30.08-30.08 467.626667-467.626666a21.333333 21.333333 0 0 0-0.64-30.08z\" fill=\"#1D2129\">\u003C/path>\u003C/symbol>\u003C/svg>\u003Cnoscript>\u003Cstrong>We're sorry but tos7 doesn't work properly without JavaScript enabled. Please enable it to continue.\u003C/strong>\u003C/noscript>\u003Cdiv id=\"app\">\u003C!---->\u003C!---->\u003Cdiv data-v-5bce1a4c=\"\" class=\"page_main\" style=\"background-image: url(&quot;data:image/jpeg;base64,/9j/4AAQSkZJRgABAQAAAQABAAD/4gHYSUNDX1BST0ZJTEUAAQEAAAHIAAAAAAQwAABtbnRyUkdCIFhZWiAH4AABAAEAAAAAAABhY3NwAAAAAAAAAAAAAAAAAAAAAAAAAAAAAAAAAAAAAQAA9tYAAQAAAADTLQAAAAAAAAAAAAAAAAAAAAAAAAAAAAAAAAAAAAAAAAAAAAAAAAAAAAAAAAAAAAAAAAAAAAlkZXNjAAAA8AAAACRyWFlaAAABFAAAABRnWFlaAAABKAAAABRiWFlaAAABPAAAABR3dHB0AAABUAAAABRyVFJDAAABZAAAAChnVFJDAAABZAAAAChiVFJDAAABZAAAAChjcHJ0AAABjAAAADxtbHVjAAAAAAAAAAEAAAAMZW5VUwAAAAgAAAAcAHMAUgBHAEJYWVogAAAAAAAAb6IAADj1AAADkFhZWiAAAAAAAABimQAAt4UAABjaWFlaIAAAAAAAACSgAAAPhAAAts9YWVogAAAAAAAA9tYAAQAAAADTLXBhcmEAAAAAAAQAAAACZmYAAPKnAAANWQAAE9AAAApbAAAAAAAAAABtbHVjAAAAAAAAAAEAAAAMZW5VUwAAACAAAAAcAEcAbwBvAGcAbABlACAASQBuAGMALgAgADIAMAAxADb/2wBDAAMCAgICAgMCAgIDAwMDBAYEBAQEBAgGBgUGCQgKCgkICQkKDA8MCgsOCwkJDRENDg8QEBEQCgwSExIQEw8QEBD/2wBDAQMDAwQDBAgEBAgQCwkLEBAQEBAQEBAQEBAQEBAQEBAQEBAQEBAQEBAQEBAQEBAQEBAQEBAQEBAQEBAQEBAQEBD/wAARCAhwDwADASIAAhEBAxEB/8QAHQAAAQUBAQEBAAAAAAAAAAAAAwACBAUGAQcICf/EAFsQAAEDAwMCBAQEAwUFBQMAGwEAAgMEBRESITEGQRMiUWEHFDJxQoGRoRUjUggzYrHBFiRDctE0U4KS4RclRFTw8TVjc6ImRYOTsgkYJzZVZHTC0kZWhKPiw//EAB0BAAIDAQEBAQEAAAAAAAAAAAIDAAEEBQYHCAn/xABCEQACAgEEAgEEAQMCBAQEAgsAAQIDEQQSITEFQRMGIjJRFEJhcSMzFVKBkQehsdEWJEPBNDVTYuHwF3KCkiVjsv/aAAwDAQACEQMRAD8A+g+p7KzqCyVVpkxpqIy3dUXwzuz62wutda0iutL/AJaoB9RnB/ZbJYCuDukuv218Y0UN/aGT+gmbnf8APP7L4kff61g2s++MKM8eUgjlTS0HkcbKNIOMKJ4KzhnlHxgtlVa47Z19aGE1tiqGzPI3Phj6iF7TYbrRdQ2eivdvkDoK6BlRHvw1w2/1Wcu1ugudBNRVDA+OZhY5p7ghZD4DXSqs013+GNcSZLPJ41EXH6oHk7D7Y/dE3uKtW6OT2LhJcHuuoTHMYkkkongqMcnivUEb/hV8Z6Lq1rf/AHP1f/ulSOGtqt8OcfzOOF7DJLLKcud+SzvxR6Li696Qqun9bYqh2JaaYjPhSt3aQqj4N9WT9VdHw/xNhjuVrAoK5h5EseQSfvhaK5Z4KnHPRteyqeoXzUk1P1Axoe6mxFLt/wAHv/orzR6FMlp4qqJ1PO3Ux/I9Vqrs2GO2O6LifAP9vD4TNsnVlN8U7PCRa+oGBtVK0eX5sNABx21xr5cpnNZsG4BX6ofEP4e0vxM+HXUXwsuzG+I+LNukduWOOTDMc7bOb5vyX5bXO119hu1XZLnA6GqoZnwTMcMFr2kgj9ivsP0b5NXUfBZ2uv8AH/7D479ZeMdN61EOpd/5J1FJvxyp2ryHZVdM8YGVYwyBwC+hQeVg+e28MDNGS8bKVTyDYLkrNQyAo0TyH4O35qZ2MW/uRcRkEDBUhqhwcKQzhPjLIiSDNTk1qcOUwzM6B3TxwkB3XVCCSSSUIJJJJQglw8LqShDjOUZAAOUdh2BKhM4EknrrVClPINJJJQMSc1NSVEOkKJUt/kuA7qZnOyAWEpFsMkjLaWHRN9lt9T4EsvBC9ZeyG60P8xudQ59F4RUxOgeKmElrhzheqfD2/iuomwyEOIwDk91wtXBxlk+kfTOuhqILTyZBrKYU8xj07AoLmNlhdTvb/Lfs4ZWw6jsztXzUDQ5pGThZiSI4OAlVTTWT0up0qUnFnmnU1mbaq3+QwiB4y1U2B7/qvVLhbYLlTPgnYCCDg43BXmtxoZrdOYpRkZ2PqupXYmjwHlNDLT2fJ/SyKeQiIH4kRaIvBxZj0mnwpGyAcJLhHiYHqjT9izXWq4/xGkdSl/maMjKpLtRvp6nxDw79lW01XNQVRdFwMZ91rwKe8UPiROGvG4PIKfGXBmcNknIzBbkAHbCl2ivktlW2pj3A5HqotZTy0kvhyAj0KGx2RwijPLJOKtjg+gOm75Bd7bHJHgOA3Gcq3J9l4b0d1A6110TS4hud917hBNFV07KiJwLXtBGFqrllnnddS6pcjTukkeUlsTOWxJYKQ5RNiBsrKBqr6htH8WoHQtxqAJblXGn3T2NG2d0MlkZCW1mf6MvDhH/AathZNBs0nh32Wt0kbFYnqC31FBWNvFGMhpy4DnC1FluAuNvjqSRqcN0CfpjLVve5ExPTE9EJY9MSRNPuoBtOJJJKAzEm/hTkxU1ktPPBQ9Y9Of7Q2zwYiBUQnXETx7heFTySFwyeey+lCc8cryL4ndO/KV38Vp4yI5vrwNg5Z5wO147UKH2M80uERieKiIcncKBcYjUOEx3BG3srqVgeMHhV0jDG50TvpJ2WSxYPTUTxJNFbbqn5Gp1uyGk4+y1Uc73gFrsgjIWVq4AXeT0VlYbhg/JzbuaPKkx4fI7UQlYt8S9B2DiV14JGUwcqQCCMhMObKOGQZgchCUuZu52UQ8qmNTGu34XoPw36gkp5vkHvwcZB9VgFLt1W+hrIqljsFjgfyRwljgzaur5YYR9FxVBfjbnus98SrZ4ttZ1Fb4tNZQaTkdwEewXRlwoIqhpydIyrv+VWU8lLO0FkjC0g+6alk8w4fx7U2YXq2eWqsNm+K/S80kV1s7o3yPY7fy8r606H6pt3WHStv6gtbswVcQcW5yWP/Ew/Yr5Q6O12Dqe49DV8QlpKvUYA52kYd9J/Nuf1Wx+AHU46B67uPwzvNQWUd1ldU29zuPFPb03G35InHHIzX0K6tRT+6Kyv/wCV/wDsfTmQjR/UooOSN0VvZNXWDyuc8k1vlCegMOcBEacDhKksBBhyiAjCEu5KAgTIXUIE5RBwoQekkkoQSSSShBJJJKEEkkkoQSSSShBJPbHJE6ORmdSScBhEkQp5KY21+IW/y3HbHZSIqjxGgtcpsrQ4YPBVVNBNTSfywS0nIwmEO3GijulK6kqD/LdyspIK7peYUrg59C84jkHA9itbFMXcjldqmR1VM6lnja+OQYII4+ygUXgqKeqjqYhIxwdlHWdqIKvpmqy3MlA87dyxXdNVRVMQlhcHA+hUDJcTtKHXUDK6PIfonH0vTXdt0aI52UIV1rry2U264t0TtOzjw8eyuBGwcBRLjaWV8Yc06JmbteOQo9DXyRv/AIfXbTt2YTw8fdQharo5XBnuPZdbsVCBmnITKinjqYjHIOURkgA4SM5z9IUIZ2eGSyuGRqp3nALfw/dT6SZksfiRuBB7hWT9EzCyWNrgRggjKz1bS1Nlm+apQX0zj5ox+D3UXBCzc3KaYyRhMgq4qmISxHIPvwjpisIY/q/oMdRPp7jQVxobnRgCCYDI0j8Dh6LPdP8AU7mVL7F1E00dxgOHNP0yH+pvsV6iqDq3o+g6ro2xyv8AAqocmCoa3Loye/7K/kyHGWDDfE34Z2f4iWh0EkbWXGFodSzO3DXj1HvsvnezV916TusvSXVzRHURO0xyh3lPO/2K+j7NfLjZ7k3pbq6MwXN2XQyk+WrZ/W0+pz9P3Vb8UPhhbevLe6opmtgu1O0mnnA7+hSrK42Lk9L4Dz9virkm/sPOKaQMkZMMOA3yO69Hsl7hvNNloxLGAHg/5rwa33W62Cvf0/fonRTwO0+ccj1C3NruElHIyupJcY3djgj0K4HktDGyOGfpT6P+p4Uz+aqWa5LGD0meM6gUxoxsu0NfHX0jKhjQQ9ufsUi3crzllbre1n2Cq2GprVlfTIHUFlpL7ROoK1mqNw3Xyv8AEXpGu6Wu8lOYcUrjmN7eD7L66DsbaQVl+uejKLqy1SQPja2doLmO9/RSuW1nF834n/iNWY/kuj48dwVBqI984Wo6j6eqLLcZaSRhboJ5Co5YtW2NwtsZJnybXaazTzddi5RDpXmE4IVrDMJGdlWSx4GwXaOoLMMcnxkc6E9ssFm8E5I4Ud/BUsgBuDvlAcDuOFJLJonyQ3cpqO9obuO6H4h7hZ3HkUHo5BG8Eq9imE0bQ0jICzb8gggqdbqkxTAOOQqNdNmOGW2CDwhuBwphDdO3CCWDfCVYdKC3LJCIOeFxSXxeyHoKWHgakklgqiDDuMILoc5UjR7JuRnCCayU1khAGGZrw3haG23YSBsEx443VLK0HtkocbzDKJAM47JaLpnKmWUbMODuCEJ0e/ooVDWCdgOSCVPBy3dE1g6cLN8ckWUZwhs2IUmQZJQcHsEJohLBMpJWhzQVo6OQFrQFkWAtcCMj81dW+sA0hx9VDZVbg1ERBaN0sHVlRqWUOwcqZgOCpnRhLJKpJA3Y91LBDgqhsmhwIKmwVIwMrO1ybK55JR8u6a86giAhwQiC1C+TWmKikENUMjZXVwpn1lPmM9srPyZBBB3Whs1W2WIMcfMBhIY6qWHgzYhkgcWPachdkYXDZXt0t8gcahoBb6DkKpkjOQCVQ2SKudrozghNac7qbNGJAcjgKA9piJyNkqxZFr7WWdluEtrq21Ee++4Xqdvr4btTh8bgJMDy55XjjJAQFe2K8uoZWs1EfnysNteTpaS+K4Z6aHyU7w9hII5wVrrDdIql7H7am4BCxlHVwXKnE0LsnG47go1NLPRTCaE4Pf3XLvr5OxVYnyj1mOpD9sIzXZWZ6fuzLhHp1edo3C0Eb8gbLFODRqf3ckgjCFLG1/1NB+4RNWrskskkEkCo6mSJ3y8wG30nGysw7UPrUAw6sE9k2KR7JC05wEmUQ2sos09nCDDIHAIw5QNZFvg4Rg55RYzrwEnnDRtnKEwlhWeccC3mTJJOUlwEEZC6gBOs+oKQCMcqMntJKgMlkKOcpLg4XUqTyIaCpJJICh6SSShAU4JwhxjCO4ZwmhuESRB4GF1JJGQSSSSsgk1yckoQzF0ZU26tZVA/y3nBwp7ntnhbI05BGVY1dNFUwuhlaCHD9FnqKWS31BopwdPLStFch0ZZ7DPG5CgVlLHURFj25yrWqhJAkjGxGVDlDmEbZW+qXIbW5YPB/iH0pNT1b6uJuAc5GFgqLVTVGtwwQV9LdRWeK70kzX4BI22Xz/f7PNbLlJA4fZdnTWJoyWw5ybnofqaQyti8XHC9IiqdZBxlfOVHXTUNQ2WJ5aQV7L0Vfv4pSNjmeDIG7FbH0P081nBs4ptjsil2wOOVCzghSGS5bjHKzyi2zopof+F32TKfkpHuhj6ksdAnEjHKj/iKc0nSN11BMbjIkkklSmWJAqM4AwjpkjNWN0yEsC7I5RR3CN2xA5VJVMIG4Wulpw8YLVnrpTOjkLQNjuulprUjl6qlyi2jBdf9PnqCxSwwhoqYmkwl3r3H7BeD290tDM+OVpL4yWuHGCvp2ZjTsRkFeH/ErpaSw3cXeIf7tWuIdjhrud17Pw2sUJJM+WfVfjuFfWufYShkFVROjH1v4C7SyOoqphIVPaK10TRvwdlcTYmAezBJGV7GT+VcHg4WyrfB6v05dfnaZkb35wMhXpdqjxheVdHXY09SIZHYwcbr1GlmY5gdnIcFy9RU0fR/B65amrGeiwstXHTv+Xl218FaaBgznsFjJ2iNzaho+krU2iuir6V3h8kD8lxNTHk9ppLUoqJNkibFUtniaBnlDulOJ6clvJ91IZuGxuHqlgEOB3AXOZuxlEHp+Vvyjqbh8LiCFajlZ6icae9ujjOGyAghaEcqjZRP7doduwB9U9MacjC6Djss8lgflDkkkkBYFJJJWimI8IBByirhAxlaUxLzkBMMgKPwVKcFFkG+AowRzZiNsIoORlQxsniTthQgRcJGEsjCCSc8qkskHnlcSXDwiBGnhBfwUQ8rh4UDIx2OVDqP+2aPVmpT38lVtwzG+Kb/ABaSfZVHsVYSBwuoRIPC4tCEiTZEkOXO2FZDqBcc/LOx6FGamVLcs4znbCtdi7CrHmgh9mJukSN0k4SaCB4f9KbyfTC0RZgsWSpdL4NTKzHCyvVVFLORUxDOnOQthco2sk8Qd27qir8yN0j0WmuWTj62v5I4Ky05NG3O2FQXeoEdWeNt1o6GMxRmPHqslfKdxmkkPZaVLKOBqk1A09FUsrKFmj0Q7W8x3FzMLL9J3UxVbqOU4a7jdayMNgrmy6djjKqL5AptjbHKLBxLZpCByqXqLMlvkAG+Cr5oa57nE7FVd2hDoZGDhPjLbIHUR3Vtf2PCZWlldOCFEuv/AGU/dWt1jEVxl2xkkfuqq5kGmLR3Xdpe6tM/N/mKnXrrIv8AZFpu32Ut7tLOEKljw0bdkSoIa3CYznJZZVSDM5cO6tKXt+ar4vNPghWlO0gBDDsO3hYJI4SPC7pJ7Lj2nGDstnox+yJI/DtI3yraH/s7cqjpiZKzfcA4V9NiKEu9AlRDZn6z/tTkOSTw2ZxlIkyTl/qm1xDISSUiyWDTUtzRnrpgyuccAlU793EKdXy+I7IKhNGSuVqJb3wdyj7I5C0EZEzX4V0G68b4yodFEANwrFrDkYW3R1uEEItknLJYWuE5yBlaGhhdJK2PHKrrZC1kIIHO60log3E+MBv7rq1txJFeyZdKmGzWt2loBwfzK82nqH1Di9xO5yrzqq7Oq5BCH5aDlZ4bqrZ7gJST4GpJJJAIxOaDlcaCTsEdjeDhWHBew0LdjujRRkHJCUTPZSYowE2sc5ZHsB2GFY09MZQOyHTwAkDGVa0zWwtGQtEI5YF00onf7mmAP4VGbJq7J1RMZHkcAIbfMujVHg4t9m6WAy6SMJhc3B3Qy85TzNJZCHlcSXCQOSqbwUdSyWkEhAqqtlKzU4jJ4Co7le5pwaeI5xyQlSujAbCqU3wWN0vgiaaaA5J5IVQx885DpDkDuh09I4NEkhyTum19a6CnLIBjPKw3WuctzNkINcBKyu8KM08Ry53ooEERb5iN0Okie94nk49+6l5ABWNzyO/E74ukEYUSeYDbCfLM0ZCrJ59biN1kutH1rJ2aYA7bqO0EnK59RUuCI6gcLBJ72Pb2rIWmjPoprG4TYow0Irm+6OETNOeWPDcd0M7JEgIMrxpKZPCIlkZUTD6VAe7DifVPmy52zimEZWecsjoRwNa4nsuxx+ZPZESVMhpjscK4wbJKeOhtPCRgkKwZGcA6UoYgMeVShFkcLQqzLZahgbkc8J3hkkDKII8Hj90XQA0FaIxEfIR/BxvlOc8xDynfsn6tRwFOobWXkVE5/wCUJ2wOv7yNS0NVXta6ow1vor6mpGU0YDcfdNjAbxwF2WYMAVOOTXBbTpPJwoNbcIqdmokamnjK5VXAlhip/rd2RLbYvGk+crCdR4CBy2mmEJXSSiRoqW431/iyNDad3r3Wjttvgt8QjY3fvupMMbYmaI2AD0AR4oyTnskTnk9DpdJt5b5Hx6S3BaiFsfcfukA1g9FbWGxzXScTnLYYzgk7Z+yzTluO1p6JSkopErpqzirk+ZezyMOxW0xthMgghp4mxQsDQOcDkoh2GUKaR7PRaeNENqBhvO6C45PCe9/ouBoG5VHShHByKNhI1DKI5oDduE0Ox2Q6icBuFAbLFFAKl4Ycbbqtkk1PzjhPnmEj9ydlCnlDRj1TIRycnU344CzzhuMdlCb4s0znvOc8ey61rpXgkqZG0AcJ+McHJsuywkAxhSwRjlRyA0YQ5H+hKmzLyJ+Umam42IUaWVrtycAKO2c4Iz2WP6p6vioY3QQuOe5B7rXTTu7OV5DylOjjusf/AEL+89TW+zRNklcHF2Q0A4zj3/NeWV12vXV9zbb6KRzy4nGNke1Wu+9bXR3gxkx7a39omnjb33/Re6dL9F2bo2hdIWF9U7GZPxv9iVuhXGHR8x8v52Vq3WvldR/RnuhvhjbelqX+M38Dx2gPBJ49VrWz3Tq+MQ2UintYJaZXcv8A+U/qp1LYrhf6uOqumYaBg8lKTu4/4lrmU5aRpG33R5PEXaqV83ZL8iss1gpLXSNp2sy4cu9VbRRZ8oCII8gbJzWae6mTDy+xhbp7J8jdWF1z2t2JUeevhicY2YfIPwZ5UyTA8gAE6xgKgu/UhpZBT2dnzVZ20Hyt+5Ux1tuV3nc2sPy1GB9Eez3H7qztlhoLY0iKLLjy48qpSwVGKjyzJUnSFXepRcuqHCUv4p85YPyWqmFHaqQOJDQPU8p92uNNbafxZeeGNHJKyT4rje3GWvOmAfS3KU3kbucuyHc77cr/ADeDapNFM76Xc4/yQ4qGC2QiJn5lWckMVHGBGAMeiiyxax4swJceB6IJz28HovCeFu181NpqH+OyulfU1bDHTkMYfxHuu09tpKZpnczM39aLLURQMOkgHsAgQyVM/wDe/wB3nj1Wadm4+0eH8VHT1pRWEg5qmjLWHJTMyP8AqThG04OOE50scTcvwAO5WeTyevqcYRwgekgoFdc46KLVI/HoM4VZcb98wTS2huuYHAKNbekK+eUVN5k1k7hpPCFFTuj0iI6Suuzv90ixGfxE8q4t3TEcLQ+pxI/lX1Pb4aZoZDE1oHoEcxgtxwib3GaU9zIUMMVM3Dhp9F15nP8Ac8eqkina86nNJwmT1VLSRF0z9PoPVNrg5dC7tXXp47rHgA2nbI7NV5gimqttIAIzhUVw6mp/D0QAlx9FQTV9bK7LTj2WqFG48f5L6z0umyqnlmpr+oGtJEeWgd1QVV6a4ku1nPuoDaeqmOuQnf3RWW10mAd06FW08J5H6t1WqzhgJbg6Y+R8g+5Ud7Hz4a6Rx+5yrqGyRAZMeSptNYGkhxiwAtMVg8xd5K6382ZuO3u2Icp1Pa5ch2sfotLDbKaMYMYyFIFNGN2MGUZjlqM9lCy1ybfzB+imMpDCBqcDsrMUU8pAbFgKbFYaibGrYKtwt3JFGyIk8IzNeNIYThamk6XAIc5oKs4rTBDjETc+4QOwS7jFxUFwnH8un/VWFN0q97Q6qlDSewWvFLpxhoGfRPFHnOOQg3indL0Z2DpuiiALg535qyho4YQGshAA9lLlloqNjn1U4Yew9VXm+wkaaOmkneeA1uymULct/LJ2RgDAGE172MGXOH6qJFT9WXOTw4bbHTsxu6QYUim6Jr55SbpWaW/4DyqcsEykAlu1NHsDk/dRX3Osm2pYyffhaeDpK104AcDJ7lWMVvo4mBjYGYbx5UveD8hg/lL9VOGI8ZUql6TuVQ//AHmTSDzlbgsZGAGgDHoEzxSB9lAPlkvxM1D0RA1wMzgR7FWVN0zaYN9BJ+6sH1IbthAkqGt4KspTlL8gkdFQQ4DIzt7o2qCLYYCrJKvB2QZK8D6ihkskayW7qprc7hRZKxoP3VRNdYm4GVCnu0RAAJJVBqCLmoqWOwVClrmgjKp5a1792lx+yjvFVIfJqP5qBRxEu5LmwDZu6h1F3k4yVANFWvH4gkLFcJuCSoFuHy3LUPOSVDNUxzicKwb0zVYHjgo7OnmRnLwVRecFR8wMYa0klADpnOwInfotKy2U8fLE/wABgGMY/JWV8m0zXylRLjDCEWOxVTyNeAFofk5iCY2J4t9SBxyglLaA7MlRFY4owPFx+SkxUFBF/wALDvVWYoXAfzQUM0zgdgEJOwAAAxGMeiX++Eb/AEp66A52wBKvBYHQSQXcpxdoHCOKGpechqKy1VD8ZGVRT4IPzITC4FXDbEdi6NSmWaFrRr0ghXgHc2ZoRuJwAVJho6h3DditA6moqYAkNd9lHmu1spR/SiSyWotkCO2TuI1DYqQ22QxjP6hV9f1fSwbRO7Kiqusnyn+SSfzRqGAlDJr3GmpR5jpVbU3i305y6oAIWOfX3a6z6PFcGuU2n6XneRJXP8vO6IdCEY8tkqs6z1OMUDXOHAKr3zXq5EuihIB9Sp7aex2x2rAc8e2cora+tuI+Xt9E6Nh/G4YBUDbSK9liZgSXKqbvuQiD5WD+XbWlx7kBWtN02+VwfX1Jwfupr4rZbcBjASO+FAHLPBV0dur60YqiGxd2qc+GltzANQaB2HdQbh1A8AiMaQFnaq9vqXaWu1lQpV5eWXtd1DFTeWN6ztf1FJU+WN+T6LkFrrrhIXOYQPf09lc0XTVNT/zJmNc4+oUG7ow7Muyhu12foaHAd1f2/pumpYmGZoc8cZHCug+np26WgNxtsFGkq3OGGhQF2N8ROjEQGTsEGWqD9oxkhML5Hu8zspri1hGVC0m+Rjvm5jpd5W/dNEFNAQ52Mn1Qp7hg6IDn1UKSd8jv5js+ygaRMqatoGmMlV7nOc7Z5yeBlBr7lR26LXVSaSeB3KoX1N7v+YbPSughPNQ/Y49lBsUvZZXC+UtuiPjyl0/aFpy5yhxQXnqNpNWGUNE7cRgYlP8A0VvbOk6C3MZLLmoqAN5JfMcqz8P+kKBSlFdArZb6a2QinpWaWY9eUct3O6TQ5OLXDsoIlLIzT7pObobrccD1K5PNDSwuqKl2iNvJKyVfcrr1RKbbQ/ybcCWvm75HOFAq4bnl9AL/ANY1NRUts/S8bpqxx0l4+hn3KsOn+mqe0sbVVL3TV7hmSQuyPsFItFgobMw/KsBkcMF+Nyp0krmbN3Kg+bj1FDXty45TcwQccphFXM4dmo7aeBuHP57onLIAxofJ9Dcj1RGU5bu5cdURxDTGgyVT5Bgqm8kJHiMj7oMtY140xk/qorpC4keiY1uM75yqIELtRySuEjCDk+pSyfUqEE76ikDg5XElCBtWBwgulyk6XI3UVz1AorIV0g3UR82xXHSZJwgaiSoM6E55zwhDlGwCOE3w98qg4SxwIcLqWMLhcArGHHvz2QpHjCT5AFEe45UCSHOI3QsFdBOU7bHuoGMSSPKShZ+jqz3XNiN86fmhh2qIf5sLhyHD0WhSIyMEZBX4nP3aUPSN7/jlhpbiTl8jf5uefE/EraRodhY63D/Zbqma0Hy0dyHzFO3s1x5aP3WyBJ7KE/uRnt2XlvX7ajo3qqy/EW3NLWwSto64D6TAf6v3XrD26gqLqjp+DqOw1llmA01TCw5Vp4KfRuaYCaFsn9Qynlq87+CF7qKjpGTp+46jX2CY0Mpdy6Mf3Z/QH9F6CDnKpmKw6kkkoCNc3UQvEbrHL8LvjSLk3+XYuti2OpcB5YqsZw7/AMROF7gsV8W+jm9bdGVdriGa2MePQu7tnbu3CdCW1hPo1g3AK6CQDhYn4T9Zv626QpbhUjTW07flq1hO7ahmz8/stsBvnKdn2ZrF6RneomPt89Nf42f9lcRVuB/4B7474P8AmviD+3b8IjYeqKH4s2eDNB1E3wKt7G+U1bR5Xf8AjjP7L79qYGTwvhlAcyRpa4HuCvOuuOgaT4nfDu+fC6+EGZtL/u8rxxyYZMnjBA9V6LwHkpaPUwlH0ee814+Gt0sq5e//AFPymp5sEDKs6WUkgKru9suPTF/renLvTugr7dO6nqYnfgkaSCFNppDpG3Zfe9DqYaiCnE+A6vSTom4S7LnZ7MkhRJ2GIawE6CQnSi1EeuPT6rYzBJ44H0knH2U/XkDZU0TzG4A7K1p5A4BFGQm1BwcpzPqCa1EaMFaEsmcIOF1cHC6rDEknpKFZEkkkoCMT0k5QFLIzAXRykkOVCIIOEZBHCMoACSRVx/0lQgBJPc0k5ATFBo9cLQTkrqSAEBNCHMLTvlRrNcJ+n7k18jneFqzkH3U93BUCti+YhIx5mbhYtVUpxwbdBrZ6G5WRPoSyV9HebZGW4LZG5afustdba6jrZIyPKTkLI/Cvql8VYbZUv2OAzPsvVrxQCupm1UX1NG+O687tdLwz7ZotRDy+njbHh45MBJE6GXDtgVRdV9Nm5UfzFMB4rPNjHK29dbTLTlzRhzN1WRHUwseNxsQtlV20y67xytrdcujxFw0u0u2I7J61XXXTrqSYXKBo8J5wQBwVj45MHSujVapnzTyWilordj6JK6BhNY7UeFIjAI4W2COY3gjuYM6u6n2e4GjqGtd9LjgqPI1w5HCFp75TMYAm9ywau6UcVXF4mkHIyCFmSzwnujdsRsrex3Fzj8pUOyPw5T71aDK3xoBuN9u6gqKcOWVMJDSD+4Xpfw+6oLj/AAyR5w3gOPb2Xl0b3sOh43CnUNZNRVDZ4SWnO/uEyEsMXqaYaiGJI+iSc+b1XFQdG9RR3mkFPLIDJG3nuFonMI52W2MsnlLqnVNxBgHKKz6Qk0DOU5NQoYnjZMT0ZDk0TJo3RyNDmuGCFmKSSp6bubmTZfRz+VmPw7rVqFdaGOsg8JzdwDgpUo5Gb1jBYxPbIwPaQQ4AjCPq9lnLFXOhd/Dah2XsG32Wh1ZVYEz4CJJiSMoekkkoAJJJJQglBuluhulBNQTtDmSjHG4PqFOXTs1DNZQ2qx1S3I+cLza57PXyW+pGJI+dtvyVNWRB7Qcbgr2n4k9Lsr6d12po8zRt3x3AXkD2ZwXBZJw3M9V4/Uq2OX2Uk8ekgO2wq2pbJSyipjd37dle3CnL/wCawYAVaGtkBY8ZBWOyOHg7dU8o0Npq219K2UcgYcPdTW7EbrF2+rlttbiJ50E4IPC2rMPaHj8Qyqh93Zi1NbhJv0Pe0PbwoMkRackcqe3dMqaf+XnCYZFLkrk7fOU08pypPDHvlcm56GvksOKYv4PB9F6hBU5AOF4JbKt1JVskBwM7r1fp26fNQhj36jjIWqLOD5DTf1oH8SaKc0kHUtvZoqrd9crTvo+yJ1dT13VvStr64sjy+62f+cdGxy3BkH7Od+3utJpbLSyU0jQ5kw0ua4ZBCxvw2q39NdT1nQ1e7FNXZ8Au4Dh9B99iR+aIRRLbFOP5R5/6e0fUXwp65p/iH0TQdQwEeK4eDUNByWytA1f5rZsIzsvlf4X3qf4RfFmToeWcix3/APn0ZcMNjl9P9OfRfUEbjqRp/vs895CiNN2YfjLlf/v/AJLCN22MIw3yoTHbKTG/fhC+TEFSXARhdQECp6jow5UBawFSXAey6oEOSSSUIJJJJQgkkklCCSSSUIJdBwuJKEEkQHAgjlJJQhW1FO+nky3dp4TfFBxtgqymaHYBGR6KsqaZ8b8jgnZGWhlTTQ1kDoJmhzHDBysQ75jo+4mOZrpKKoOGu/oK2zX42Kj3W2093oZaKdgcHjYnsVFyMRFhrYp8GNwIIypsbeHLzumuFZ03czZ7iTpaf5bz6dgt1R1PjxNdkOGNlbWAmizaTghV9xtorY8tdpkZu1/Ba77qVG/I4RW91QJUW67Tsd8jcovDnb5W+sp/qHsrcHPIwod0tEd0hHn8OWPeOQctP39FDtN2kErrZdB4dTHs15+mVvZwPdQhdAnOE8Y2Q89l0E5UIH+yWAeQCPQrgPZdUIZu522ptVS652zVJG8/zKcdvUhTaCthroRLEfZze7T6FW4aHHB7rP3y01tvk/ilnI08ywgbOHr91aeCFmkBk4Ua3XCO4Q+I0aS3ZwPYqYD3R4IVHVHSlu6rtpt9wDm4OuKVmz4n9nArA0NzufS1e3p3q1pa6Q4pKvHlqvfPY8be69ZafUKF1DYbZ1HbH2q6QeJDJ29PdG0GeP8AxP8AhnRdZ0JqqZgiuMIyyRowXexXhlFdrl03cP4Ne4X4Y7S4HbI9QV9HMqLt0bcGWHqSd9Vb5XaaG4kYAPeJ/o4bLPfFn4bRdUUz7tapImVQ5ONiQNsn80i2pTPR+A89d4q1LP2mQst4NK9lZRyB8TwNTRwR6FbmkrYa2Fs8Lsg8juF4XZrlNbJH0pYdUDtErHbb+n7L0Ppi8tDXTQ4fG4DUzOMFea8h42X+5A/Tf0X9WxSjRZLMWblrw0jITsggEIMD4qum+YidkjlvomiUM2dyvP4ecH15WRniUWef/FXoClv1ukuNFTgVcYJIaMal80V9FNSVDoJ4ixzTggjuvtpwDxjY/deK/F34ePlc672+Fur6ntaOUyE8HkfqLwq1MXfX37PAZY9WxUR8bojraN1b1dO6CQtc0jPYqFNFqGO61Rlk+XX0OuW0bR1TnyeHIVNkYCPKcqpMZY4uaMZU+iqPEb4R5aMp+cgxlxhiLMIJAB2GMqwEWoIEsXYhVgNx/RGXGktOpp3TiDnhNHCRY8Argt7bWvfiGQ8d1Y6STsVn6dxilEgV/STRzN1Nd+XolZOro7c/azjmg42QiwYUp8e+xQmxl3dTg6Hxojad8YTsDSi+H/h/dMSXLkF146BFpzwmFpwpWG/0/umFgcDgKOWULlHBDLPdBkZjupL2uaTshPOrbGMIEsinwdo6p0MrQeFoqaZsrMghZfGDlTqGsLSGuJwiwPqs28F4QM7cLgaDyE2F4cBkp790Mo46OhCe5ZE5KGRzHjCTjvhNIygRpi8GjtlYSADhXUTg9nKxlHMYpWtzsVpKKqaABnKs3ae7PBKeXBwIR4JSeSmktkGUDOkpeEzowlgtqeoJIB4U14BaCFS08mCFZ09QNOkpbNtcsg5GkOOyPSzup5mva7bOCF14B3UYtIJ7JMoZNG7a8o1wf8xThwPbdUNfTGMHy7I9mrjG8wSuy0jbKsaymFRA4sxk8FLwa4/fHJltxkIFTEHxnA3VhU0ro9sboTWHIyEt8guP7KbU6M6fRGjmBx2R62kGTJEPuFXiNwPuEqcAFlGs6d6hlt8zQX+Tj7hejUtVBcYBNA7kbj0XicUxZsVrumepRA9sLnaSPU7Fc+6rd0dbS6lJbWei0tRU2+cVMBIwdx6re2O+QXGEAuAeBuFgrZVQ17MuIyRypDfmLZUCeAkNzuAudbWdauzJ6e13siA5VDZL3DcIg0uAeOVdNcsNkDUmmSEzwxnOUmn2XdXsszQzJyKV0bh3VjFUBwA2VaQuQyua/BHCVKORUo5LgOzumuCFA8PGcqS0ZzukzWRUvtGROIOCjIcjAMEJzDsAs74Bf7HLrOVxOaMH7q0UwrV1NanIGhTQ5JJJAAJJJJQg9Nc7T2TkOobrjLPUYVpZZSCRyNkGppyPVPWZoKyst9wNFV/3b/oPYrSt4RtYAbwdSSSVFCSSSUDEqW+0ZewVUTfNGc7K6XHAEbjKcuy08Gfo635iAeo2IXKloOAAgXWnNsq21VM3Ecpw9udlJ2kYCDyMrTCY5P0V8sWdiNl558ROlhUQuroGjI3yAvTZI/bKg1FLHMx0EzA5j8ggrpae3aDKO4+XKuBzHlmNwcK96Svr7dVRtLzjOMKw6+6cfZbrJ5f5bnEt+xWMe50c+phII3XXqnvMe502YPoizXWK5wAtcC4BWgGF4x0Z1LPFK0CTcYyM8hex007K6jZUMIyRvhMlDCOjTepkpNPlIxumMcdOHb4RMjUMrJJYN8J4DNBwkiNHlQiDlLGp5OpJJIBgl0bLiSMhyQDAwFV11IJmkY3KtyMoYaAMkZT6puPIixJrBga5hjmLOMLN9WWiLqCyT0EjRrIzGT2cvTbrZ6euy+IBjuxWSr7dLSuLHDUPVdzRapweTyPmNBK1OMej5qjbLQzyUszcPicWkFXttqWvIjJAwMjdWvxR6dFDUMvtLCAJjpmLR6cf5lZGhqwHDAzhfSdDqoXwTifFPJaWeg1DjL2aNzpIJRNG7Sc8hej9IXh1RCIZZdTgNl5vkSRYznZTen7lLRVbGuccZ9Vqur3o1eK10tNasdHtcf8ANiId6FPs1XNQ1DIozgE7qrtVybV0rZG4zjBU5h8xIG+VwNXThn1TSamM4qUWbeOQOGod+6I04JVdbZw+ma07lWIfgkYXIshyeionvjyVF5pzFIKmIEO7EK4oZhU0scwOSRv90yeBs8LoyM57qFYZHxmajft4bsrOzRH7WXQ2SSSWezk0psSSSSAISSSSgY1cPC6uZCZXkWwJBzlAcNlKOEJ/BTmLZDkG+y43snuCETgqysoLk8JJmcpKFYHrh4SauPGcKExyMPK4dl1JQIDr9Qq+7NLqQ6W5LDqVg7DUGsjbNTviI+tpCYo+xRBgdrjY7OcjKcotqcXUug8xEx/opSYKfYlzGV1JQoYmntlOTTwFaFy6KiXMc7wR9RyFzGEW4xls8dRjy40lMJHICbExzXJBuUeuAuHIWelGoFp7LT1JMkZZjlZisYY6hw4C0weDmamPAqOFr5NHGyqKi2xyy1EUg5GQVcxgxESgcKJVDE5cBynJnJtpU+DzSrppbddmhmWkO2PsvQKR8dXSRTA5dgB33CzPVFDJHUNqyMtdsD6Kw6Yne6N0Tnbcq0cTTV/BbKv9mihJ8bwkO4RZY8Ecp8QxUMKfc3YbkDkJsXymarY5WDw/qil0XE6e7nLO1gIABWr6saW15J/qcszWgkjC9Fp/9pH57+pq1Xr7H/cFCPKMIVUeykxA6RlRarlNayecjIFTN/mB2FbwMxp2VbSMy7JCuacDTwrrWCrZCDRjhBlGAjoExWp9Cl2QKMZq/wAyrW4uLaUj2VZbG6qs7dyrG748AAJK4LbamolJStPiFRL3Ppicz0VhTgavyVBfJjl4wseo6N+nWZJFC5xcdyn0zSXjZDbypVM0ZGy59Sc5cnUfCJ9O3Ddip1OwndRoGehVlSx9yuzplhGScssvqCF0jI42Dd2Fe3B4oLW9seA7SRn3UWxQtDRK4fSNlT9UXTx5xSxuw2Mb/dbJNRQSlhGekcXuc5xyTlBPKKXZzk7oR5WaTyxeW2OJGEItJK6CcogbkcIG8Bo6xuTupUcfBIQY2EHKlRsLgN0xLdgbGWA0TdwAp8EWrGyBTwkkbcq2o6XQAStEIhdhKaABuS1Nq5S0+E0/dGnmETQAFCLi9+o8lbaq2zBqrv6ULfuiAZ7po4TVoXHRzZLIbJXEJcJwETaRQfZu+VCrbhHTNy7n7plfcY6SPW879hnlZiSeavqcyHY8LLdd6Rqrp3LLC1VVPV1PiFxI7eyPTQeFhxGT91yKBsZ8ybU1LWN0jdYpW45Y5Rxwg1XWMhi9SdgAqzU6clx7rj3mZwJCKw4H04SZWbuBqWOx0YDWgZ4Q5psDASe7BwodTNkbLLZZgZCOWMqJzn7qESXEldfIS7dFgaQQSFjsm5vBpSUUKKJziDhWUEeACQuQRDAJGwUoYwMBVGOBdlmeBAYCR4TsjCDI4AEo3wK7ByS4yFEklLtl2V5LtkMgk8Jc5N8DoxGglxKJHEdXGMp8cJdvhS4ocY2UhHJU5pDYacYB0/upsUW42wnww8YClsjwQtkIGOywZHFp4b+6O1oGCnZAGMJmcnCcoGVybCkAgdsJrIpJzhrdu6KyjllIxsCrGNscMYDW8JkYjoQ3AqWgii87mgH0KlGXRhoGUF0hdsBhBfIGcnlH0bYVf8qJMlQA3OwUR3zNYPDhHPJXIqSouE7Q3aAbklX0NPFBgRtxhDOWFwbqNM5PMiHarQylPizYe4q0azJ24XQCVIhjwckLK3k7em00V0PhhyMuCOGtaOQEmYLeMJ1JRvr6ltPH9R/yWeXJ2tNTJtRiTLPZprxUgNGIWHLneq9BpaeGkgbBAwNawY2QLZb47fTNgiaBsM+5U1u2UqUkkev0Wj+GPPZwSY7IFRNkAYRJDpb+SiBxzkhJTyzrQgksnWEuOSER5wutAA2THuDWkpiLnLCBvlABJVXV1TnZa3CJW1HPb3VU+QuyeUSWTl6m4I+XTvnKCXGQ5Qi7zblFbnGy0wjg4uo1GeAsQ0knCO12Ao+rScYSdKSMgJsY5ZhttDPq/ZR56prAA5wGrj7qur68RDyjf0WUu90nqWPgc7bjC3U6bPLPL+S+oIVJ1UfmSeoOrXAmko24JzqeHdlG6T+H166wuDaqujDaFx2c841LT9DfC2e7ysr75CWQMw5sbtw7/mHdez0kNDamlkIDGkABoHotUYKPB8z8n5iU5NJ5k/ZU0FltHSltZBFC0CMYaPU+ytrPZZpahlyuOxG7IC3Znpn39lJorNLW1AuFcAQP7uM9h64VyyDG2MK20eVu1EpvL5OOaCdgF1rPUIvh4TyAMYG6U3gV8mWCDQBwmPacHQMkqQ2CWV4bowPVSW0MbMEFVkFywVAo6mZ42DW+ql01rpoyHOYHO9cKycxrW6So73iNpKmSvkOnTGAedKqrneqWnjIY7MnZvK7XXPQC2B2pztgFXwULC9tTUt1P5J9VM+w85IdPQVVyqP4hcT5PwRngBdrqmFpdS05BxtkJ1yvTXSfI0v1EYLh2Va4RWumNZWPAZy4nlKskeg8P496ixTtX2+l+2J8ZDC+T6QOVnqi7PqaoUlvJcDkGQjytUWoudf1JMW0sz4aHJBHBKsaOjio4vChGw5PclZLJ5PtnifH/AAwUprH9v0DgodDjLNiSQ8kDZHZpbsd/ZDqKswA4cGjvlVZnq7q8Q20O83/Fxs1K5Z6SMlHon112pLfGTO/Dvwt9VVQ2i9dQTCWcCGlduGZ7K9tnSNPE8T1zTUTerzlv6LTxwNjja0NAA9FA/n9FRZ+mrba2fy4Guf8A1EK00o2ny6huFV3PqC12yHVNMHyDmJu7iihBzeEZr9RXRD5LJJInBuRkHIUWrr6Kj/7TMGLJVfVF3u2aenjFLTDgt2cQq/5IufqnqJZj6PcSFqr0r7keM8p9caXS5jp/vf8A5F3cOqnl5ZbyWgfiPdUsoqqt3iTzOcXHPOykR0QOCWgKwiog1o8oH5rfCqMVwfNfIfUOr8k38smk/SKdluJ5YpcFvAIIG6t4qZp2DcKVBRDVxhEljo4rtwVQoXHALVPprcAQcYVrFbXyY8NmVY09gq6ggeHgKspCZ3FF8lGzGApTKaaXDYmrUU/SbAGvkcM+itqW0U1O3YZIUdsfRnneYmCwVcpGQcH2VvS9NRxkGVuCtQIAzhoAXTBrGCOEG8XKxyKeKzUzQAGZwpQoWRtDQ0YCkzT0lFGZqyojhjHJcVTP6uoamo+Ts1FV3CQfijiIj/U4QbmDuZZxQAnYAIVZUW+gYJq2rjhac41HnHohHp3qu7Fr562OhhdzHGBrA+5Cs6HoOxUTxUSw/MT7anzeYlVKWAt0fZnnX6WsAbYrNVV/o9uGx/8AmP8A0RR011jeWB1VWR24OGS2HzEexO2VuQyCmGImAeqb8weAEtTyLc/0Zeh+HFvp3CavrJqqTv4jsj8lexUNBb2BlNTxtxsMNGSjulc87oLg52Mg7K5MFyyF8c47pjhqXHPa0ZJGyhzXWliyC7dTn2DyyYXAd0KWXAzjhVFTe4Pwu3+6guuE8uwOx43UD2+2XclTp54QJa6Bo+tVRFXKQ1oO/upMNjuM27Yyc+qvcihstyizjcoMlYXDYZV3B0pKWtdM9mTyMcKwi6ZoWAF7clD8hDIGaSU4aw/knttlZUD6C0FbintFDTHLIQT7hF8Jg4aB+SCVuCZwYVnTVSTk759lIj6UB3czHutl4bfQJgCjuKUsmXi6bp4x5m/spTLNSwkHQCrrQM4O64YgDnCvOeSbmVjrdSgf3eMJohazZjVbeBE4eZuUtNNFg+HuoTcyo+UqJCMRrgs88hGpwaB6hXInmG1PGMIUgr5Bgs/RQtyyV7bNE3+8kaU5lBbo+QCQpfgSAfzCQPugPNNFnXOB+ShXLASxwMP8pgQJGF3snVN1tlPzOCR2VbL1VbWHAOVAsE51P4mMhcNAzuqOp6teM/LRbeqgSdRXKY7OA+yg2Mcmq+SpWfUBj3QzNbYMODmrIy3Ovk/vJ+VBmrAzLpZdz7olEuNf7NxJfLbEP7wKJJ1RTx/3LlgZ73Tx6g06z7bqKK651X/ZaKZwz/SiwHtx2b6o6wxsHYVNUdWVLnO0yOP5qnisN9q2NeSxmr8J5CtKTot7g11VUNJ7hGoEiorsg1PU1XK7HiOH5qERX1jssZK8n04Wwpum7LRnXU6dXqVyS822kcYaKMSOHADQrSSC3pGapemrlWPHix6GerlbU1htdtOaidoPdT/mL/cwGU7GQMHJaMEqRS9Mtd/NrJS953OSjAlJS5RWPraaJxjtdG2YjguHJT46C83Fo8eTSD+Bp4V62koqJoaWsaANtlGmvUdKcRN29UBIy3vAOn6ZtlIBNVuDnAcO3UiS50VPF4cMY8u2wWeu3UcIaZZH5d/TqWfmv9RXRuit0Bc88j80Iah+zT3C9OfuJNICzlXd5ah5ZROdK7uiUnTdZWhv8XqXRsIzpY5XVLSW60RFlNEMjYHG5KgWYx6M/DaL1cj/ALwBCw+qvKGw2u2sDnFrnjkkZR/nKicYyGj0CZ5icuOVCnLPRJfUxAYgA29Aocz55tjJt6Io0jhM1YBOOFAHz2RnMcSAV1waG77YQqqvhg/vHBv5rNV/VLWymJj9YHYKBxgX89VHH5WHJUGWeWXl23oFTMvE8u8VBM8nvjZFMd6qwBIWU0Z/o+pQ0RikSa24UdDFrqH4PYDkqofcLtdG+FaKMRj/AL6YbqxounKSOUzTF87z/wB4chXUdM2MBrAGj0HZQqUlHooLd0o2JwqrjMKyc7nxTlrfsFdRxiMBrQGgdhwiFhJwN0aGIg77qCpTb7ONDsbroi3zp/dSBEOcLobtwoWR9DRjsodwucNKDDC0yTjhoGyl1bmMA1OVRNV07XEwM847lQtIrX0VXcJHVF3l1Rkf3H4MfZSxURgaKfBx6dlHqZKip2MmG+ydTtZGAA3ZQYuhxFRI7JlcwegT8aANTs+65rCaXZUDCeOBs05Q3TOcMFDPKYoQ6Sc5SyVxJQgkkklCAkklwkYUIOMpIxhC1eyY6QAlDL85CgUY5HvcBtqCivO3PKa8kuzkpricBQZ0cJOeVxJJQoekkmOeAFC0snXuAGyhySEJ8km6jSPz2VD1HInPc7lNSSVh9DUs9kklAxJJJKEP0aSSjIkibI3BB9Cu4wvxOfu1r0Zzre2OrLdHcKUYrLc8TxP9AOys7Vco7pRRVcYGHtBOOx9FOexsjSxwBDhggrIdPyGzX+qsErtMMpMsOfU9lCLpRNWo45UhR1CMwkkknRnxVobm3+XbOoYxR1GOBOPoP55K9eDRwvO+v+nj1D01U0kW1SweLTPHLZW7jC0vQfUMXVXStvuwGKl0QjqG92yN2KhkuWWX6SSSgoYmHzc9kZMO6uLwyHibP/yafGxkAHhWXrdvif4Y60c/+bP7L2VrsduVi/jD0Y/rLoiro6Dy3WkLau3PHInZktA9Ef4WdYN616KoLxJtVtb8vWxnYxzs2e0j7p+7d0A1k2JKoL819BUwXyFpcIv5VW3+qnPP6E5V/lCqYGTxujkaC1wLSPUHsnaex1y3Ga6rfHafCf8A+EG+Df8ACL7QfGGyxD+H3Zopbm9jdm1DW5ZIT31sx/5Cvkq2TF48F5Gpi/XDqbom3/En4c374SdRF2Wwlsb2uw9jHN1U9QDx5XDj91+TXUvTF16I6puHTV2jdHV2yofTTAjHnacEf5br699JeU3RVc3z6PkP1b4nZN3wXHsmxEZBBU+MAgbqjp5Q5zTlXFP9K+jQnuR84tjh5BVDC14x6qTRygENPKbNHrGR2UeHMcwcTwmIQ/uRdjfdEaclAicHAYUhn0haISwjK1geOERMT0RGJJJJQFvAkk5JQpLIkkklAhJJJKEHM+oKQCMcqKnNJ1DcqFNBklxv0hdUFnC0E5IQ0VCUIMSSSUGjyMjCDgIyElSWQStq430cza6jcY3tOfKvcfhp1b/HKAU9W9rngAHK8ckaHjBTenLtU9L3ZkhJMDnZ2PGSuTr9HvSnF9HtPpTz38DUKFz+18Hv9bbvla805Hkm3asjc6R9vrnZaQ1xXoFNVQ9T2KG5UrwJoACcbnhRb1Zm320tfTgCoi3IPf2XD+RxeD7DdplZHKMLU0dNX0roJ2B7HjgryDqix/wa4PbG0iMnyr2SjY8F0Egw5hwQfVQ7901TXqndFKwB+NnLbp9RtZ5XzXh3rKGor7l0eJMI7KVA8NcEO6WyW0V0lLLnyOI3UfXuDldqq3ej5dfROibrsWGi2dG2VoLVGIwcIlHMMaSpE1KHNDm91pTMe7ayvdrY4OYSHDgrS2i5iphEU5Bdws9K3HJQ4JZKeTWw4Rg2fdHBa3e2vp5TUxjLDvsoLZRK0BuzhyFoKSYV9IY3nJI2VBWUctDOXY8hUXYtNrsuumb/ACWe4RzEnRw4Be4W65xV9LHUxEEPaDz7L50Dg4B7Str0J1Y63zfJ1khMbsNBzx7rXXPBzNfpHP8A1IHr6Sawtc0FpyCnLQuThdD05NTkZTEThOLQ7kJpGU7T7oexWXnJUXahDgKunBZKzfIVhbqt00LBLs8DBRyAeRlQfAdFP4jRgeipIJvJcAZHKWn3QIZw/spDTlGCdSSSUBEkkkoQSa1OTWqpdEQORodjK8L656dd09dDEwDwJnOfER+4/LK93We6x6eZfrPJGB/OgzLEf8QCTJHT0epdM0jwORmoYPCpauF0EpwPK7cLRzQPikdFK0tewlrgRjdQaymbLE7y5KyWxy+D1dNyxlGcqGam628jdXHTt1keRRzuyPwk8hV0jPDdocMFRDrgm1xkjG4WVycejTLF0cM9EEeN0njy4yoFnrhW0jHk5eBh33U5+DjdEnuOTOHxywV07PDO3CGplRGCwjuVDxpJaUbQxy3II3utX0fdnQyiJ79wcLKNRYZnwSNljcQWpkXgRbBWR2nutHVl7A7Y53Wa+JVokfSwdRW0aaikIcXN5IC70zeWVVHE4v3xgrUiOOvopKOUBzZGnAKdn2cWS/jTy0VvUFNH8T/hlD1Rbxi62rMupvLZIsa2/nkFe7fBfr6m6/6DoLsJw+siYIKtuMFsjRjP57r5x+Fd0qehevqjpKtm02+5uMcYcNg47Rj8x5T+vstV0ZWN+DvxifZWao7H1S50kYJ2jkDjj9wD+SLpKb69i9XpoWxdUf8A+aP+PaPqVj89kZrvZQI3k4y3lSWPznZMf9jy5LjcfVSFCYQCN0ccICElOQk9Qg8HsiAjCEugqECpLgK6oQckkkgAEkkkoQSSSShBJJJKEEkkkoQegyU/ijTlGXWoyFHUwuikIA29UNkhzhXctO2ZhaG7qiqWy0smh7NvVQMo+uum/wDaG0menDW1dKfEYRsX47ZWN6H6uc53yNXIQ5h04dyF6iyTIx6ryf4tdKVFqkHWtjiLWtcPnGt2Ab/VhGPr+6W1nqEbw4ZHBUlrj3C87+HvWRvFGyOSTUWYGTzhegtnBA2VNYKsjslgksd7KHdrLT3WNuoaJot4nt2IP/RSGu9kZrvZCLKW3V8tO80F4zFODhrjw/7K3B1EgdlHuVshukPhSktcN2PHLT6quttfNQ1H8LuwxLxFNw2RvbPuoQvQeyO0jSNwoycCcqECJwy84JTBwnA4OVCFLeLNNTSfxa1HEjd5YPwSDvt/UjW64wXGESRjQ8bPjOxafTCuDvjPZVldZsz/AD1vcIpRu5vZ6NEJMfdFUKiqvHZ5hokGzoyfMPy9FMByoyEW5UFHdqN9vuFLHUQS/W14zledSUdx6BrRRXF7qmxyeWKqcNomnjxD7b+ZemrtXT09ZTyUlVA2WKUaXNIzlMYcXg8D+J/wthvjXdS9PBrLgBqkDfpnb/1XkNsuFZa6tzXMdHJG7TLG7ZfSdxtl5+H0xrKWmmuFgnfh0EbdUtH/APxN39sLKfEH4a2rrCkh6q6XEfisBcyWNvlnHdpPfGP3Spw3cHqPBecn4+xRl+P/AKGasl91BtRTnGPqZlado/iY+bpXg7bs7grx2huFVaa91PNBNA9pw+ORuM+uFu7LdcvZW0kpBbyAV5byGgjXNuJ+o/pD6pjqIKm5/wCGaWGoLZBHM0tIPfuj11DBc6V1PO0aXAj7IOumvrC+H+VOwZc3+r3C5R1MkLzS1WzhsCVxJR2SPpkZq1Y9Hzz8TPh/U2u5PmZGPCe0lmB2B5XmdTTGLbHHK+zuobJFfaB1K8hpIOkkZC+auuej6yzV0jXwadJOCBs4eoT4HgvP+F+921nnMse24UaIuglDx67q2qaYjzBqrZmdjthPXR4SymUHyixgqI5BgHdFewPCp4nGJ+VbU1TFI0YO6YXGWSLMzSfpQcgHBVlNCHDYKumhdnZJnHPZUo88Dm7Kbb5zFUNHY8qubtsigkbgoGmh9M9jUjUBwkGW7hda3HKhWitic3wZD5vUqz0E7jgpTO7XZGyKlEA5gOdlFLTnhTiBuhPZkHZIkh2OCNjCWdsEJ7mElN0+6oVKGQTowQcqJI0tdkDlTlHlj1DhWZ7K/wBEX6uAmscYnasZScDG7JC6cSADOCiM+7ksKOt3AJCt2vbKwDOFlmExPBVtTVROA5TGTXRdj7WWWjc7p2gpkRB3R8twFezg6EZ5AsJa4O9FbW+qdkA9lWlp+oBOZMWu+lAaKLNrNZBLqaDnOV2YkHICrLdV7AFWrgJGghAdWqzJynnGcFT4pi0ghVBaWPGOCp0Dg5oCA1wswXMEokbgkZXHMUCmkMbgM8qzGmRgwlPg3QluAwnwzqB3G601vlbU0oBcNQWXkaY3bBS7VWvjqQDsEifDNtUsIta6izl2nhUssRYcYWwmjEjMtb2CoLhT4fgN3SzQ45RUac91DfA3xX+isXtO4UfwXAk4SmKcSsqGeGQQ3CbBUOY7ONwps0GRuMqDJCWnhKnFMkU4vKNv07fahjANWeO69Js94pLowQO8sobg57rwSnqZqZ4MbyB3W1sd5LHMqYJfMORlYLqjpabUPqR6XJTVVnqBU0ziWE5IC2FkvcVfEA52Hjsst01fqS8Q/LVTmtdjAJRKuhqbPU/MU+dGc7cLl3QaOvXZk9Aa5PVTZrvBcYG4diQDDgVag5WGyPsepZCJrmgDhcSGyQwzsU7o3YwrGGUOCr9IxnHASppix+HDZJksip8luDnGychRyNe0b7om6zSi2JfB0cogI4yhrmS0jdUuCmiSkmNcnoBY5JJJEAJJJJQgkiMjCSSjIVt1oHVcIdEcSxnU0rtmrJKmF0cpy+PY+qsHDIVRWwGinFdASwZw8Dg/krBZejHqF1Ron+Ixr88jKkqiCSSSQkGJJJIiEO5UjKynMDu/B9Cs9b530lQ63VDy543bn0Wre3Kouobc19Ma2FpE0W4LeSmwkNhLA924yocrS45A3C7QVZnpmueQXDYojmgb4W+uQb5XBjuvOnP45bi6JgM0bdvdeBXClfTzvhkbhzSWkL6kk8x3C8X+KnSzrbVi707f5FQ4h2B9Ll1dLdtmkzLqIZ5R5xTzS0c4lifpIXq/QvVErgyKSTLHbEei8lnYTwpNnvM9uqAQ4gZ9V2pRUlwZaLvjlg+mA9rm6wRgjISEmp4WR6N6h/ilMIZZPMBtkq/bVaKnwecLJZA7MLtyL2POgZTiBhBgeHRhEWR8M1wk2NPK4uNXUI9PKEmnlOSULksiXM4K6kjFSWRjmeUjlU11pI5osEcHZXbiCCMqHK0c47rZp7NrMt9e9YPOOprAy422eglYCXtOn2K+cK+Oex3qW3THSYnkAkbEL62u1C9zjPGMjuF4f8ZOk2yU7bzRxYkiP8zHcL1/hdd8VmP2fNPqzw8bK/kguUZ+3VInZvtgeqM/MT2yN7HKzXT10jIEL3EO91pnPEkJYBuvexkprKPlMLGnwbTpG8mCbEr8xygAD0K9CpnB+HNOQQCvELbVPhkDHHjcL0/pK8GoBbIQQGrBrtPuW5Hv/pzyG7Fc2by1zeG8ZOy0DHa2h47rIRTk405GVpLfVAxNY7svO3w4Po+kt44LAPDTghVtTDJS3FlXCDofs4D0VhycpskfiYz2XOl2dNPOCU1zSAQdl1R4hgYB4R2pEuByOpJJJQY1JJJWGMTclOTE6DTKY3JSSSTBbeAMjMDnlQ5mlgJxlWLvpP2UR7cBVgVYQ2VJc/TspDX6hnCqKqQ0VbH5f5cx0nfgqyYcqwVIKDuifhQE/JUHCPK4eF1cPCtIsE/lCHKK/lBPCNdFPoqqbTDW1VOHZ1P8X9VLdsFEqGeDdWVAGBIzQfuFLkOojGyYZmDPK4kkoUJDPC6eEMk55VoBkeu3hI53UYcKZOMtIUCM4bp9CmIy28HJGgDUeyzl5Zpe2RuxJwtHMMtVTcomywuBbuDkFaYMwamO5YRDDP8Ad2khAqotUeto3bv91KAIpmg9wnRtY+ExnY+qfk57hhGfulCyvt74w3JA1D7rO2R5paswyAjOy2cTv5roXNw5uVnqilMFxdI5o+rUqUsnJvo2270W8b9D2nlFuYLqdrgPVCLPI144PdSpD4lGBj6U1dgWI8b6zZprs4xuVlaj6gcLbdfQ6asODcZ3WJqDnkL0eleakfAvrSv49bKX9xrPo2Ch1H1qezcKBOQaogLTKODx0Ow9OwbEBWcP0hQacDCsGdkUBdjyNl5Cg1ZIaMKfIMqDUnAyfRMysEXYyzgGsIRry469IOyDZh/vJd6p10OqR2PVJk8jMf6vJDzphJGxIO6x9ynfNM5udgd1p6+XwaUlZOU6iXdysOonjg6OlWHkCWHIU6mjIIUWNpLmjGytYWAY2S9PH7smy18EmkiOwyrmgpfFkazGRlV1MzBBwtNYqVxAnLcAHuurWsdGRcstKzw7VayA4CRw2WCqZHSyue85c45K0HUle+aUsBwANgs2dznKOwkvuGEk91xLIzjKSSFEQ3UmNoaA4hR28hS2O1AABWuxqxgcCNsBTaaPABQII9WD6q1o6cnB0rTXAPP7DUcIzkjhT3ubGwBNjjEbc4wo9TJqIAWuuPIi+1QickeXuyeEw7pA7JLdBcHInN2PLOuXFxyaeMoJPBB+3cqJcqyKjh8SRw42HquV1YKeF0v9O+FkZpqu91Je8kQtOMHusF9+OEaKaHN5l0OdLUXWpMj34aOM8AKdFAyIB3BXYIoadgaxvATJ59Q44WN3e2a288R6Oz1OkEDCgPmfK7JXZHGRyfCwA5wkynuCUcBIm7DITzgBdADQo9U8aRuhcsIi+5gqiUDuoD5C7ISqJHF2AmMd5hssVtmXg1RhhZOMZlysYIwMHCHFGDvhTImYwVUV7FTlnhBmDAGycuDZcJGEfRn5kxkjyO6iSTE7FEkHm05Q3MxgkKNZHRWFkYGlx3CLHFvnCJFHx5VJjhJx6+qBQZcrcHIIQMD1UyOnzg4wuxQZw7T+6lsbp7LTXX7MlluWMZEGAbIuQBwu6hxpTTEX4GcLTGOBEpZ7OO1P3aFMpaRrGiWbAPolBiBgBaMo8Uc1QRkZCIuuEpvCHeJGPJEcrrWEncjdG8CGnaHOGEF0sdR5YjxsrR0KqMcexk8wifoAyjUVve94qJs87BGpKRok8SVurHCn4AQ5Z1qNO49jwGAAMAAHYJwBymRsc4g4UuNoGNkuUsHUpqycibuNQwpLcYwhSEADSEg48+iWzfVDaHdJpwBvnhbjpazMpKUVT48yyjOo9lm+mbK+71ocSPCgIc/P+S9IDGMjaxjcBowFkveD2PidFFx+SQE4C6wZTmnU7hMneGjCxTk2eijBIBO/+ZpxkBNDQRkDCa52p2U/UO6KKyU3hCccNJVbUVDnbADnAR6qp1ZjjO3cqmrKjQMYWmMM8nP1N2xEavnMk/hO20/UEEvGknC4+UPcXEcd1HOqpfhuRENj/iK0Qhg89q9YnwE3c7IUkHb7eiCAG7Z2Qair8M6WnYLbVS5nE1GrUFuk8Ex0oOR6e6qK64u1FkJyByUGqr3SDTG4hv43KFmZ8zKengklkfwGjK6FOnhW90jw/mPqGVmdPU/8sj19xcGlp80h2DW8r0PoX4TxU4jvfUg1Vp8zIS3+79zvv9lcdAfDSntr29Q3mMPrHNBYxw2aPt68Le+AT9LU2clDo+eazyLk3CD/AOoCGFkMPhRNAAHZTbZaRK4VVQzg+UKTb6DYTTt8vZqs9LhsBgDgJErTiNvPIMQY3xgDsl4WOApLWOcdgjfLHYkJbkwZvBCZTyyEBrdlJjo2tw5w3UuGJreydJtgJbll4BAta3GAOEGQ4wjF2kFxUCoqO2EaJ2Onl0ADKqKyeonZohGGHl3cqTIXPdkknKC8sgaS6TQjCwQmwGIh0gxjuqK6335mdtttbtZccSPB+lAv/UM9a91DQyAx8OkHJ9lVNqKS2QmZozN+GMHzPUOt4vSPV3qCi2ybI6gsdMHVU4AG/iP+p2Pf81SulreoJ3yVLTDSsw2OPnX6n27Jr6OpuVSyvuT/ACfghxsFLqq2CjiGvAHYZwslx9o8D4aGjgppZn/6HS2Gjj0xtDWtHZVdVfXseG0vmd6IdQbhe3ilt8btz5iPRaqx9KU1tp2SVMbJKg8kjOFnxjk9ZlVpZ7Ke09O3C6VPzd08kBGdHqtZR26mpGiOmhaxo9BhS44ttOOAuTzUdFC6oraqOCNvJecKk3J4ijPfq4VL7h5jGzSQFCut7tFoa75qqwceVuM6vZZ6s6trbjpislMyHOf51R/o39e6qKe007ZBU1jW1FXw6UjGfy3WiqiTeZI8Z5X6zo06+LTLdL9+iZN1Leb03waWnNJT55xpJH3UX+FxMlErj4j+5dupzI3DYDbsEdlOZCAdlvhGMOkfONd5vW6+ebpvH6XRDZC3IAYFKbTMABLAp9Na5JSCwZwraksYH9+mOaRx5WKJRRU+rDWxjf2U2mtE73DUMNK1VBYGPOI4wc91oaPphzSDLjCX8hmsuMbR2KN5DdIJV5RdK+cOexrQtbBaqSHGGAkeykPibjACF2P0KdzZSQWalgAAbkj2UpkTWjAaAFNMY98d8Kvr7tarcXOmrYwW/wDDz/MP2CBtsBtscKcOPC4+PTgnA++yqXXy/XZvh9PWR7I38VFSMY/8PP7LtP0HcrkWy9S3eSZucugjJaz9FXRXD7A1fVlngnFJTP8Anqk5AipjqOfc9kyCm6vvIcHQQ2eB/ByJZh+uQtjQWGzWiPTQUMbCBgu07n7lFO5OQq+QFvBlKD4d2WGX5m5PmuEw7zuy0fktNBT09MwR08bGNbwGjCIMkFCGx+rhWEFc4g/dNdlw9EOWsp6YZmcNlTXDq2hg8sUu6vsmMlyIS47ocppqZu/lWPq+ramU4pX4ygY6hurdLdTmn0VbUuWWkaSsvNHBnS4H7FU1T1NuWNeiUXRN0nLXyyAZ5BytDQ9DUkeH1Lg498BTdBeyujGPr7jVOHgZIKLHYb1WefwSc+q9HprLbqEgxU7SfcKbpbjDWgD2CCVqfRFJIw1B0PO5rXTyMDu4V1TdH0MQBlw8j2V6BhPO6H5MklLJXQ2i30Z1RwAu9SjCP8kZzfdc0+6XuYAIDCaipqrsgxNc3PdFS45VEA+H7oen3UknG+FFqq+kpG5nma380STZDmn3SI9dlT1fV9pp8tbKXHthVU3Wkj8imgyOxeEe1lmsDQ3dztlGqKuig8zpgsNVdRXWodhsmnPYIIbcak/zcnPujQajk2c/VFrphgSb+2FR1vWzy4sgY4jsVUOthe4Gdv2XXUtJCzXNjA7I9pFFs7UdT3WozofjKrJqm9VJy55IRaqvtNIQHSAH7qtm6jL36KSCRw9QNlByil2Sfkp3DXNIXE/sguFLB/fkZUZx6jr96KE475CmUfQd0r8S185AdzlQJKHshT3ahjOGuB/NQprrVTkMoadzlsaP4eUER/3oB4HoStDBZ7fSRNZFTRt07DDd1Cb1Ho80prN1FciNTRE08nJVlB8PtW9wq5jn0ct+Ig0eVuB9kCpqqSHeeZox2yiyA7W+jP03SdqpmCOOma7HcjcqzhtzKZg/ltjb6gKHWdSQMGijopZHerd8IfgXu6RgvlLIzw0HdG3gJ5ZKnuFsojl84cT2AyoTbtc65+m2WweH/wB5MMKXTdO09OA6bDne6lGopqQBr5QwDtlU3wTDZVDpiStcJbtWPIO+hjsBWVJabbQnxI6cE4xlwyq2v6ttdOJAJtRbwszW9Y1U+1M7A+6HPIbr3G+qbpSUjcbD7DCz9x6qhi/u3j9ViKu63CuAbJUED0BQKajqah2RHK/7DKNFqpR/Iu7l1c55wHKnN0udxlEVO05JxndXVF0mXhstSWjO+MZKvKS001JuxgJ+yEJ7IfiZak6WrJ5mzVzxj03WlpLbR2+NraeDBG5KnlvCdpa0ZKgmU5S7AaS/kJjo2kYICNIdGTpOFW1l2t9FG59VUBnoCoVGLl0STHgeUIRftuMLI3D4h0LJjDbBLUSdg1uQqt9T1ffHkkfLxv7A74UNEaZdyeDWV3UdsoA/x6kAt4x3Wbq+rq6vY5tuZ5P6kaj6Lk0NfXvEh5JduramobdbW4axrceygxKMf7lDR2y6XWPxKuQ49MKyo7BaLe/xZAPEI3LhlSZrs4Esp24H2UEySPk1yu3KheU+iY6aPOmFmAPQYXWvIOSP3TKcg7BmSVMjpJSdTm6cqElJJYGNcBjDUZgcQPRHjo+PL+6mRU4bjyqCJSxyRYqcuAyMKQIWNwnTvjgGSdlWVdyjY06TlwUBScnknyOZFy4bqmr7sWuMcHbkqJNWTVBOXEBQyM91B0YhHVE8hJfJnKYccpJZCg5IbkcY4S7FLb1Q3OyoWOJOdiuJiShBJJJKEEkua2+q45wIwCoQISMcoBIyd00u35Qy7blQg8keqE53O6YXbndMcTpO6odGInOOT5kwkYTCTlcyfVWXnAjykklgqFCXDsuockgaPVQiWTr5eyiySHCZLOQcYQHE+qg+MR7nEnlNSSUDEkkkoQaknJKBjUsFPG6kxQjnHKgMpbT7m+HV7bcLYKSSTMsXqVrS0divHbLVydN9RBpBZG84PoV69TzNnibKw5DgCF+KZRwfva6GJZQ/T7rN9aWx3yrb1TDE1CfEdgbuZ3C0yHUQCphdCeHDBQmZvbJMr7bXRXGhhrInAiVgcfY+iM8YGcrKWTxrFe6mx1BIimJmpznbOTkLUh3lLSoG3kG452I4VD0do6a6vrrPq0wXpvz9OzGwlwA9v7Aq+kOntyqW90sj30dzpsiooJhIxw50nGofmoJmkzfHdJNhf41PHNjGsA4TlDLJYYlwnAyurh3UKASHURkcLxy2EfDT4yVFtd/Ls/Wv+9R7YbFXfib+a9mc3fKwXxi6Nf1X0o6ShJbcrRILjROA3Ekfomxlghuc5T+Qsp8NOr4ut+jqG+huidzfDqI87skbgEH81qgeycpY5QuSyilu7pLRV0vVEDc/KDwKtv8AXTnnP/Lt+q+Sv/whvwZa19u+NdhomhtVimu5Z5i4YAiqHeg/B9izfdfZk8MdRE+CVocx7S1wPcFUostB110jf/hV1HqkjFM+GEa8a6V30vH+JgBXf8Tr5ae5Tiee8voo6qiVcumfjtSO8wy7hXlPKC1o2RviZ8Or38Juvrv0RfInCW31DmRSY8s0WTpe09wQqqjkzg54X3jxWrjqqcxPg3ltJLS3uDL+LEjeUCpi8MawO65TyY2yiyDxW7LpnFk8cDqKoJIaRyrQHIyqKA6JBsreFwcAfRFGXIiyBJSXBwurRHoFD05NTlYCEkjJrlCZFq9k5cx7pDhW1go6kkkqIJJLBSUIMRUJFUAHpiemKEGpJJKBgV0DIIXE5qp9BMDhRauMzAAjg5U5Cc1Z7I5Ra7Np8IOv47RL/DLm4ljv5Tsnt2K9yaIKKp1wSCSmmOprgOPZfJVVEYZW1MBLH53IXv3wr61HUNuFquEoc5owwOPmYfv3C8vrqPhln9n2r6L82vI6d6W1/dHr/BI61sUlurv4nRx6oZfO4DtlVrWsqYRLDuQPMO4Xphp4bhQTWurA1YLWk/svOmQm03aSjkaWtJIGVjhY4s9jbR+jFdcdL011onVUcIE7BnUBuV47PTT0cximaQRnsvp6429jB4rR5X9uy8z646QjlY6spItzkuA7FdfS6v0zxX1D9Oq2p3xX3nmMUhaQc8K2pZBMwAlU0sboXujcCCCj0tSYSDjOPddmuWVk+U30uuW1+iwqqP8AE3hQXQlu2Mq7iLamFuOSoM9O+N5aQtKeRCfICjrJaR4LTkei0TmQ3GmBIBJCzbm74JRqCvkpJgQTpPIzspgqcf0DmhNLOYiDpPCfC/wpGuae6vZYae60+WgauxHIKo5aaWmkMcgwR+6ZCQpTT4Z6p0V1ZHPC2jnk8423K3YIPdfPVuqn0VXHM12MHdex9MdRU9zpmQvfiVgxueVrhPJx9fpIw++JpUhyuah2SDt+E/JyQo4XVwcLqFi8CTXgEbhFSULAQtLXY7KXGRgIJAHC604V5KZJSTGuT1YtiSSSUIJJJJQiGuSzvldIyuafdL9DE8cnlfxN6Y+Xm/jVMzyyu/mADuvPHAluy+i7nQwXGlfS1DA5rxgexXhHUFpktF0mpHsIAcS3bskTWTvaHV/JHazIXSlIPjt31HBVe5oeBkcLSVEQeNPqqCaN0T3BwxpOFgtjg79FmVgdba2SglyHHTncey1rZRNGyRjhhwyFiyMhW9kuAjBpZnDAGQSqrlhhX0Z+9F8Sok8ZDy4DYqY0h3dckjGlPaMSeCE1ETCMOITuQqRbLjpy5GkqxG9/kfx7Feq2S4CZjSCMj3Xh4c6M5B37Ld9GX0Pc2J7sOaAD7+6aujma7T7otou/iZYpJ6OPqSiOmaic1xLRuf8A5hC1d2dH8WvhHHcqABt6temaNwO5nYMYx/ibkfki0skdRAYpGh7HjDmkbELIdCXqp+FfxHmsk8p/hV2d5dWwaCdnZ74zj80ff2vo51cvkr4/KHK/v+0e/wDwR+IcnXnR8E1dJ/7xoT8rVxnkPbtk/dekMdsvmYVbvhB8WYLtGCOn+rJAybBw2Co5/Pcg9uF9KRnIzlNi+MPtHB11Eap/JD8Zcr/7r/oyWJDqHbCmRyBwGFXtx3SZKaSrGo5il8o9iiMRcA5GV1cb9IXVRB6SSSAg8HsiAjCEugqECpLgK6oQckkkoQSSSShBJJJIABJJJKEHpJJIyD4+6HW08dTHocAT2Ke0gAgnlMxnO/KgZmphLRzeHI3DQdj6qZG2lr4DBL5mO+oKwq6WKqjLJBueD6KjLai21IHA9exChabi8o8E64sNf8IOpP4pb3yusdTIS2UknR/hI7L1vpHqakvdvimjna8loOxWhvdit3V9lqrPcmF8M7CC0d184V9Nf/gd1T8lcXSvsVRJilqDuPcH0wjZs41K/wD1j6RZJ7cqS057LOdOX2kvVBHUU87ZNbQditBBIANwgMrTTwyQx2/CFcLfTXOn8GbLXN3ZIOWH1CIN+yKw4OVCikoqyopZvkLoMOG0U/DZR2z7q2Dgc47bLtxpIq2D5aRgOeDjj3Cqo5am1VIt1xaGsAxFMeH+xP8AUoQt8hPUdrgTyUUcKEJCeo6KoQg3G2GY/N0Z8OpZ9Lux9im01aZG6JmaJ27Pb7+oVmolZbmVX8xuWyAbOBwUzBBwdkZwl4mSduFDpanGaaoeBMw4we6lKiDjv34Xnt66UuXS9fUdS9D07nQ1BzXWkHyTH+qP+l3JPOV6FkLhLRyVQcZfs8Q6s6S6f+JlHNd+nahsV4pXOY2SUYaS3/hzBeN0dyufSd+ms94pH0k8TtEkTzlfTXWvQk0tU7q7pORkF6j/AL2OTeKtHcSgLCXyydL/ABktUkEsAoupLcNMkR2ngI/DnuP9MLPqdOr44PX/AE153UeJs+xt1p5xnlf4KG23Bs4ZV0b8PG+AeVo6V1L1JSSQP0w1rANTM/vleJ0l3v3w9vrrF1MxxbqxHMRgOA9Pf2Xp0E7KqOG72mfJO7JG7avYrzGr0MqGnI/U3019TU62pbHwy6oK98MhttxGlzdmPPdV3WXStL1DQPZJG3xGtJa4cq4gbTdT0pY4thuMIy9nf7hQqWrqaGf5GuyHNOGuPdYW9p7pqGohtn0z5Z6gsU9qrZKSZu7ScHGMrMVlLjzD1X1N170VTXuKSpEDWyluQWjGSvnm92h1LPLAWEOYSCPsrjPJ4Hz3hpUSc61wZN0erbT+6VM50L+Ed4EZ9cIExBOQE88e4OLLWCQTN37IdRACM4wolLUEOGytGObKzOEXDCWGVL4Sx3C6RjupdVCT2UXJ9EuawFjA6mlDJAStXSzNkhb9ljnA5BCvLTVgNELzx3Waw3aO3ZLBbOAJyE0sHKlBmeAuOZtwlHZ7WSE5o3UZwwVNeCMqM8HBChTiR0pMFucJxBymncKCZRyQalmTsFHY05wThWEjA7kKDM3S7bZQxW17eUPczOCnwSlr8gfuhxPGMLsjds5UEKbTLinqtQA2UyLJwQ5ZyCoLDhyt6SUSNBzwjOhRfu4LUYwmSNGQQEFriBySis8zUBujLBIpptBG4V/Q1PiNA9llgxzXgjhWNvqzDJknYjBQG2mzBfTN21DfCFTVIY7S9FilbIwbcoE8O4IahOjGXssopA4am7qfTTE4bkKjpZS0YIU+JxBDhvlJlHcbarC2fGHtzjKBG50UgA2906lqQ4aSNynyR53ws8lg6VLNBZ7i+QCCU6scItyptTjIBsVQ2ypEM4eVq2PbVMDwOyUzdCWUZapj8N2CEPww4ZwrW7URz4jQqwc4OyRLKDwR5YxjCgVEON8K2lhLsYGVHliyEIGCmIIyCEejrpKaYPjcRvuPVOqKck5AwohBBwQgsjkqMtrPQLVdWzsbLTyFjxyAcEFep9K9VQXSBtvuIa57RpBd3XztQVk9HMJYn/ceq3NqurXtZUwTBsjdyM4WK7TqR0tPqPTPV6qintVcaihJDD5sdlp7Zcm1sAd+MbOHosn0x1BDeacUdY8NlaMBxU10NXa6rxYckfsQuTdS4ywjqVS3Gua/PZOUGhrI6uEPafN3HopjSufbFpmkcubDddSGySCEhqnNcA7j1VpFK17ARhVEkQIOnYp9HViMeG/P3ylNJi5xLYHK6hxvbINTSn5CzyiKHp6YnoUCPTkJPVJ4FtZHJJqSvJMDkk1JTJMDkGppxPEYzjB9UZJEgSrt00lNUOopiQ07sz/krYOB7hVV3gcWtqIx5oznKkUkwlY14OchE1gmCxSXGnIXUoECkkkiCEkQCMFJJWngsx1yjls12yzanqDq9g4qyBGkHPIVndaGG4Uj6eRoyRlru4KzVFM+J7qGZ5L4xtn0WuqfofFpomyRjlUfVVmjvVlnopGBxLSWexV9nAQXOOcgYXQqs2vIE4KXB8tXOhkoKuWjmBDo3EbqqlZpOwXr/wAVOlQXm9U7MOJ/mADleSztBPovRaa35I5ZxtTF1z4LazdQy2/Q3W5uk7OaV7J07dKa700c736Zi0DUDz918+kluO4Wl6S6nntlS2GWU+ESAMnhMnVuQel1eyajM+iYXHSG5ypLXahlZ+0XIVFOx+sPyOfZW0dQHexKwWQcWehouUuSQlkJo3BTsBZzU54EkuNXVA08iTX8JyShGsgCT2QnZOSVIx29UJwGEdcsPIqyOOSJJGDsR91i+q7I2rp6ikfHqbI0424W4e3dVtfFnfRqXY0epdc9xx/I0KytrB8cXK3y9OX+WllBDQ84Ptlaq3S+PGHNO2MrTfGjo4GEXmhGZQ8gsDePTdef9M3EECNztx2X03xGr/lVHwPzegfjNXKpLhvgv5HGJwe0cFajpm5+BOx+ryu7LMvAejUFSaZ4BO2dl1L47o4Rm0uplRNSie52qshq2NdEVoKaUx6QO6856QujdTWl31LexP8AEbx2XndXpz634rXxtqTXZoqd+uMOzlFIJ3CrbZNkGFxw9u5GVaBwLM44XDtrcWerpluimcZypDXZbwovieyKx+c7JEo5Rpg8DzunJA5TVna5HCSSSQhnDwo2cEqSSOFFPKaiDEkkkTQtrIkFyNkILkaFJfsrL5ROq7fII/7xnnafsg2K4CupPN/eReSQdwQrYrF63WLq9wyRTXMYDe3iqxE/slk1+RnCd9SjNcQd98I8budkyBog8xyO1eyYXArh4QyTnlXgLI5MGxyi4CEoDnJW3caPAmA+mYZ+x2/1RcjsU65wumpntaN8bfdRIHuMTCecK08iGGSS5SRFDEw7p+QmHdWgGCc3J5VdORHKQBsrLSq6pbmU78JiM1vYuQoNS0Oa4EchS8hAqGh7cA8py7MNiyV8TRNC0caRhMjYWSuYDwk13hyujx9kiDHIHYymp5RjnEj1UIFUHju3dVlzh1N8THCup2/jG6g1UeuI7K0ZbK95GjIdStbxgKVGAaPcKC1pAwOynQAmjICYnkx2wwedfESFgjjeG49SvNCcuXq3xCpTLanzDkLyRjuV6PQyzWj4N9fV7Nbt/fJJiwqiUuNfj2VpAd1XAA1+63z6R8/S9FhTjYBTWqLGdKkNd7KuhchPdtwoFccQOIUx7tuFBr3AQOypkJdnbLwHH3TKx2qdwKfbMMps4QKp3n4SpdDH+bZU3ypa2MxjCzwbk8qwubnSzcZwoIzqWKxb2daiO2GQ8EWog4VlBEThRKZnBwrSBrQG7LTp6wbJ54JNLESAMLR6hTW3Dj2zsqigjDt8J9zqy1ppyTsujFbVyAngqK2qkmfqdjf0UHWXZCLUPJcNlGEhzuNkqcslpDsvLsnhPHCQA5RWt3CWMjHJ2OIkjZSo4zuAlDGCNlOp4902tZY7aFo6VxALgrmlhDGg4UeliwAp2Wsj5W2uOQJycVlg5pA0YCg51PyU6olJdgIa1xjg5Wqm2GyNPKEeUkMn1TJS2mYeg1M7YWnVjGE98wa0nt3WUu1xNbP8vGSANjgrBqL0o8GqmtykAra2outSYonFsTTufVS4GNhjDGjYBAgY2Fmlrf8A1T3yYGB3XMdjbyzdj+lDnzEA7dlDdMXE5CI9wPPKEPqS5SyHGKQ+NriQcI7OE2AAjhPyAFCp88I48gDJOMKtq6gk4CNV1AGw2VY5xcd1lttxwMrgwhIdvhGhiJO6FEwk5VrSQjAcWpUU5vIc57VgUMRbglv7qSOOE7ww0ABcwPVMlHBlk8nDwo+XZO6kHhRy05JwrQUDm3qnBjnEH0T4YXOPHKnw0+nkJsY5BlakAhgJx5VMhhIwdJUiGEbHG26lMY0NBAToxwY7LdxHZG0DC6d9sIurBIwuEBpBBzhNjwKznsG2I5yi6suDGDJCdG10rmsDe+FZUtvgp3+I8ZRGmih3y46A01Brw+VuPupNRNBQwF2vfsnVddGBoj5Ve2lnrn78Z5VnSjCEJbKuWCbLU18nhgbHY+wVtTUEVIxrGDJ7lHpaOOnja1jMO7lSBET3UOhptE1LfZ2DjjA2ARRGRg4RI4txspD4wGg4VHVjDAKOMAeic9wa3AIKa+oY0aScIDXFzsgbfdJmPg1nCCiRxdgjlSBGXYa0ZLuyHCzXvjhaPpC3R1deJpG5bFhJsntR1dHp3bNI1XTdsFrtsbdP82XzvP8AkFbtOdinFg7bALhwDzwsFs9x7vSVfFDacdiNv5KDM50h2UudwdtnCiuIaM8pC7NwIN0nB7rk/wBGcrkrgSO2EyaQNbjlaK1yZbXwRH+XUfQZVBLUOkeXO9VNu1aWEQRuwXfUQqxjXSvyNmD6nLdVHKPO+S1cIJpM45rpTpzhvf3Rg0NaA0bBODGgbHZQ6mt0ZZGVuq0zmzx+s8jXVmdjO1NToBA5wqtz5ZHed23onTSOecuK5R0NwulVHQW2lknqXbljB9Le7j7BdOqpVLLPnXlvNy1M9ieIjRFLPI2lpIzJUynTGwDkr2nof4dRdNj+I3cNmuGkHIHlYe4H2UroXoSi6UoxVVmia5ytHjSEbN9GjPGMlaFxlrX6WuLWNP6oZ2fo8brda5twq6G4dI7bfJU+mpdGCRuV2mpdBG3Ks2Ra8Yas1k8nJbxywIaQA0BSI4TyQjxU2dyEfQ0YwEh5yU5gY4ANyiOc0YwEnuAGAOUMDYnKsoKSByUGeVrQDyh1E+OVCdM5+xUSIEnqu2FDcC85RHkHcnGFQ3fqKKgHl37fdMDUWybca6Kgj8SVw42WGu19qbjM7Q5wZ235SrrhUXKYyyOyD9LfRQ2UspPnjx6D1UPQeJ8PZrGtyI0bxCCGtJqSRgDho9VIjbDEfHqGh8vdybWVEVM0Nc7DhwwdvzVRPVTTuDYnEb4SrJ7D674bwdekqz+K9k6uusedMQz7Jtt6brr2fmazyxE8Ht9ld2fo1oPzF2JBZuGY3yr4ltO3SBpb6eiyzm5M9CrIRioVESgt8FuiEULMEd/VTtWlw1nGdt1AqrvTwDLDrcewWfq5q65T6qmfMZ/AE6vTys5OB5T6g0vjMq2WZfpFrderWU7HUtop21Mp/wCKRlg+x7rP/LVdXIam51HivP0sGzGeukds/wCinQ0B4aNlLiontwtlVMaz5X5T6h1HkniTaj+skGKANaGtYMDhHjo3Eg4wFawUGceQAKfT28PLQG5TnJHAlakVEFADgAcq4t1myR4rM5V9aunnOIc2Eb+y1Vu6ejiw+VqU5iZXmVobHISBHFgfZaCj6bjiw+UcrSNooYABG3CT2jAGUh25M8rWyJT0FPA3yRjKJwdylU1lJQxmWrl0NH6qlkvNfc/5dltzg08VE4w0KoyFOTZbTTQ07dU8gjHq7YKlrOqqRsppbbA+vl9Ihlv6rsfSMtY8uvdxnnDtyxryG/kr6htlttkYjoqVjMDGoN3P5q5T2lmTNq6ovUmquqzb4HZ8kBw/8yra1dG2agLZXRmonHMs3mcVfPwTkrmpoGc8KlPJYxkbYxhjQ0DsF3xNWxUeprqekOZ3hoPclZu59f2OkJjic6Z/GG91a5J2a0+YFwOfsq+oraemyJnhqwFT13f7l/u1qpmwxk7Ed1Gg6d6tvU2Z5pXh3OTsjwvYWF7NTXdeWeilLI6jVj2VBP1ncbhN4lDTBrScbDlaG2fCiIMa+vlYXHcjGStXbuk7NbA0QUzHOb3IQznFdEbXo8yp7V1JeptRZM3POeFf2r4Z1NQ5slweQPY4XoEcTGfQ0N+wwieb+o/qku2X9It2NdGfo+hbHb3Aui8Udw7dXEcFLTNaynpmMaOMBF1Z5dlcdh26pSlLhspybOD7Ji6dkxDKOAs5HJJq4d1eSHUlws3PsuePGzZ7gPuVCDklTXDrLp62h7aivY57fwsOVnJfiO6ckWy01cmT5SRgFQvDfRutPvwo89TT0wzNJp7rzue8dYXeQsfK2kjd3YMFC/gNbUnNwuMs4PZziQExV5CUf2a+r60slP5RUayf6d1n6zruuklMdDSgt7OeOUGKxQxADDXY9lIbbAcA6dPphM2EK6e+9R140OqBCw86O6D8hNWHNTM+Q+pPKvm0lFTj+cCMKHVXa0UJyZAPzRKCReCE20PaMeE380dlraxuXvYFV1fW27o6KlDvQuVa64dSXF2qGAAHjAKrCD2L2aKae3UQ1SvYcegVVXdX2+NmIdTnDbATaToq9XBvjTzbu5DlorX8M6CECWueJHHkAKZJ9sTFHqK6VzsUkZajUnT99usoMhdvznOAvUqPpqy20h8FIwu9XDKnBjGfRG0fYK28IisweeUPw1e6UOrSCBvkrR0fSNrogCGZx7LRuPlP2VfPXU9IT4rwM+6pPIMpyl2DZR01OC2GMNH2TfD1HynA9lV1/WNBTOdFCwzO4wFRz3rqS6Yht9MaaLnIGD+qsFxbNdMYacap5Az7rP3HrG10xc2mc6eRu2GhQIOnLhWHXdLhO4ckeIVYNj6bskWpwjLu52yVAoxbK0XHqq8xgRwspojyWjchFpulY2yfMXGZzz6HKi3L4g0VJ/LooskcYWYuHWN6uBcPmNAf6dkzGRsa2zevqLLbGhpdGB9gqis66oad5bSMccfksC+aeTHjTFx+6Y7zEYwT6Kx6hg0Vd1fcqmTWyTAPAVJV1VTUOLppnEn1KJSWq4VePCgytBRdEzz6X1r2tB7BVJZLc4w7Mj4ZldpHmJ/NWND01W1RBbH5T7LbUnTFvoDrYxr3H1CsI42xjDQB9ksB3Z6MvQdJQx4dUsy4K6ZQQUzQIYwMKwc3PKjVdVT0u87w0c7lGBunYA0FLQcZWavXxEs1vLmUxdUSDbDVnKnq3rTqUtgtduNPF2kxjKpvA2vTyfLeD0CsqoKKB009RFGB/WcLHXn4n2Kkd4VDP84/OMQngqub8Oauvd811HdZZnOGSwHj81aUNj6asoa6GjZraMBzhkqk8jcVw/uUr+ouuL3mChoHU8buHu7rtN0LV1EYk6jus0z3b6Wu4WlNwA8sEZaO2EF755PNK8ke6IjsfpYB2+z2S1xhkcLQ7+rG5Up1c2LAjaB6bKvlmjaRrfk+26fHFUVGkMjJB3BULcv2OqbhO8aS/Y+6iN1ybai5W9P0+6Yh1RtjsralslPDjAyR7KASsSMzT2upkP0bFWtHYAPNOFfspmtGGtXXMDRlxwFBbnkrobfTw/RGM/ZE+XLiDpSqbhTQD+8yVV1F9fJljHZAUJ9zLGSWngHneBjsoFZdw0aacqqqql1QcucdkAP1bKBKPOQ01dNIcu3UM5cSUQ7oUpB2UGKKQiRg7hBPKWT6pigQUkY5QySuZPqmKBndR9VxJc1t9VCDyRjlBPJSyfUoahB6SZkLhIwoQdq91wuyMZQyd9iml23KoYoZHF2/KE52WkagU0u32TN/6irGKsTnHJwU1JJQIanJImpvqoQFnHZdc9gHH7pkkjeAMKNJJ3ULxkI6XGdkB0hOQmk43O+VxxyFAoxYJxycri6QcpYKgZxJJJQgkkl3GVCHF0NJTo2anYUtrGsAOlQgBkByCRhSA8MGBumvdq8oGMIPmG5VNpAyjuPsLrC0yNia9gw+DBz64Wn6Avor7e2mkfl8YxuVYXq2MmBcWgh+32XndoqJemupDC92IpHbL8WM/fzxOJ7EnN4UemnbUQtlacgjKkhpwEtnPtjteGZjrG2vlgjudMCJqZweCOcBFs9xZcqNk7djgBw9CtA5rXtLXtBBGCCsOyGXpjqN8cjj8nXuJjHZpPZQKHKNNOM4+yivbnLT3U52lw9dlEe30Chb4LKwVZfE6jkPmiOW/wDKrZZu2TtpqwF2+sacrScqGW1fdkSSSSgoYkSBucDA5SSREPGrXK74afFqewyDw7R1PmopWN/uopyfob98kf8A3NevtkyAsV8YejJerekXm37XO2PFXROHIe3/AOYFK+G3VkfWHTFNcXENqmNENUzu2VuzsjtujKZrgcqj6hM1rno+pqIfzaB5bK0cyQuwHNPqrqPumT08U4xIMj0WyifxyyZralPg+ZP7dfwXt3XvRdN8Yen6TXXWmEPqGs3Mtv2OSedUTgTjHpwvz6opwJTCcZav2D6bljtdfUdEV0TJKOcPNGHjIDHcx+hz/ovzP/tV/BWp+C/xLnhoKd7bHdCau1y9vC2zEf8AFGOd19O+k/KyrkqG+PR8t+rfE7o/JWufZhadzhjfcKbA/LcEcqutVRHU0YIBMrTh5U+I+bOOF9UhONkd0T5LdFwltOSM0EOA4Uyjl1EDKZIwPbsOyjU5MM+Xdkcexf5IvB9K4z6hlMjeH4I90YcrRHoS+Ag4SSHCSIBCRchI8LqgEpYEkukYXMFECJJLBSwVCHSAhnlPSUIJJJJQgkkklCCTE9MUIPSSSQBggcJicmqNJlsBURB437IlgvdR01dI7hCSNOxAP7pxGVGlgDjsFh1mmhfDa0b/ABnkbfF6hX1dn1NYL1BfrdBd6YjzbHB7hRutrKKuFt0phpIHmwO68R+FfXU3TV0/htVU4gmdjQ4ZBH/ylfS9DLDVUoLdLmuGfUEELxt8J6ebUkfo3w3kavMaZX19+/8AJ53bJGVVH/D6mQa2/S8/5KDcLe0RkPbqa7ZXXUljNsr/AJqlBbG85I7ApzBFW02JANWPTlDC9+jpanTfLHaeG9adIM8V9VRx6XckDusAGuY4tcMFpwQvo272tjtUbmZ9F5B1h0xPQVD6yGPVE45IHZdzQ6zMdtjPlf1L9OylP5aShoKowuBduAraRjayMPjI3/ZZzUfsrG114gk0SHLTwu3CxNZR821FLq5AVUEkL8OCAXe3C09VSR1cecDcZBVBUUxgeQdgE1PJnrs3cMNarm6lm0u+ly0FdSxVkAlaNyMghZQQ5BPorOx3jQ40dQctOzc9ke/aS2uKzOJHc0tcWkbhXHTl7dbKxrpCdB2z6LtfbBM0zQjflUrtbHFmncJ8ZGOyPyx2M95stzZcqYPa8OwOVaLx3ojqV9uqjBO/MbhgAleuU0jZo2yMOWuAIWmEsnC1FEqJYkSwcp6EzhFTWZGPTk1OURQiMrmn3XUleCmdaiILuQcpzTjkqC2FSXMhdUIOSSSUINTEVNUINcM9+Fkuu+mW3m2vqKeMfMRDIwN3LYphZsd8pEo5HVWSrmpI+Z3t2IJ3Gyq7hT62k439V6X8Tem226ubcqSLTFP9f/N6rBSMzvjdZLK9x6zTaiMopplA9hadJ2IQGu8KQPI4KsbhAQTM0c9lXuBfjZY5LazqRlvjg1Ntqm1kQc1245CmNAcCMrIUVVLRyh7HYHcLU08wkjbK3cOGVpreUZba9vKGTx5OUJknYhS3DIUV0RyTxlGIHOaHcotDWPoKptQw5DeR6hCHdBcC049VQE4Kawz27py6x1lNFPG7yvaD9l3r3pyTqOyiamc1tTRu8WM93Y4C8/6Gv3ykpoJX+U+ZhJ49l67bals8YaTlrhhMR57Ux/iWqSI9jdT/ABo+FNTZ3zZvVEWND3/T4gz4bnemSCPzK9B/s/ddydQ9PydMXd5beunsUlUwn62DZrh68Y/NeKR183wy+I0V4fn+E3VwirAOAM/9ckLW9WaPhP8AES0fFW0s/wDc1xa2nugYfKXO+qT8zl35prWY7/fsK6qFsHQuVJZj/n9H021y7UBszNGN+QfQqvo6+C400NZTPD4pmCRjmnILSMgqbE/2/dGmmeVcXF4YW2173Tvt9R9cYy0nuFcKgucL5acVFOw+PFu3TsT7Kws90iulEyeE5e3ySt7teOQp2UT09R0VRog9JJJAQeD2RARhCXRyoQKkuAjG5SyFCHU5NTlCCSSSUIJJJJQgkkklCHc4XEklCCQ3xRVILJYwQfUIiQGFCFJNSz22bxIC4s7tzn9EDqPp2ydd2Oa0XemZLHK0jcbtPqPQrQktI33UB9IIpzNA7SHblvbKhabi8o+X6iHqf4CdRihrnS1dgqJMU9QQQAPQ+i966a6gob7QxVtHO2QPAOx4V9eLHaOq7ZUWO+UjZqaobhw7gjgg9juvnS6WTq34A34zNEtd0tNIGsqt8RE/gPPChs41K/Ul/wCZ9HwvxyMowOVmOmepqLqG2RXChmbI1wBODwcLQRS6gCRyoZWscMmOHB9EKrpoLlA6CdoI7OIyWn1C6x/su+IWYAChRVRPlpJBSVQOBsyTs9TmOHCNNTxVkPhyDY8eyq2eLQzfL1JOk/Q/sVCFoN0k1pwBlOzlQgYco7dOATjP3UddyUZAVxtUdbiWMiOZvDh3+6hMn05p6gaJW7HPf3Vux2M7KPcbc2taHNIbI3gqdEIut3Odk0k5zlR4ah7XGiqxplZ+/uEbjZWiB2OJGD2WJ+IPQdRdizqTpSdtu6io8viqcYbM3/u5D3b7Lax90QuGMEqmMrtnVLfB8ngN9tFn+LVnqLXdaFlr6htjS2ogcPNA/wDqb/U12OfZeO9P3679AXb5C7xulpo5HRyMPYbbr6m676DN1lj6h6flFFfKQEwVIGTL/wDQpf6mO/bC8n6ksNu+JlFUMNG219U28Fk1K7nX2I4y04O/b3WXVVRthtaPffTH1BLRXKUJYb7RZNMVbBDfrFVAuxqDm8/Yq6iFF1XbRLG9ra+IZkjA3B/1XhnRfUl36BvMtqu20IeGSx5yG+/2XrkjGWuopuqbFUamuPnYB5Hf8w7915LUaWdT5P0/9NfUFXkakk+Q1HcZJXutlxw4jIYe4IXn3xH6HpazNZSxaJfxEDn8l6reLPT9WWpnUNlhAqo9ntB/ux2Hv91Q0M7Lmx9ruDQ2rZ5WtI3cs0eGestcNVH45o+T7xaTFNIGN0uYSHBUUsXYr6A+InQbI5DVQRaHk4IA5Xil5t/gznylpBII905Hzby/i5aW5r0U7WaTkFTaObQcFRSMHCTTgq92DhyjsZav0yt29FCmi8M8I1JN+E90aeIOZkDOUTe4LG5FW5FppzA/WBnCbK0h2E0DCRLGC4NxeTbW+Vs1K2Rp1ahz6IhbnKounq0scaZ7vLyCVocgjISGj0WktVkMeyK9nso0sWBkBWDm+6C9m23Ko0bSuczfcIRGFMeBvsorhvuoKnDHQFzMjGVCnhyrEeiBURk8fqoYrobiqcCxyI2UkbhPmZjtwgNdvjChz5R2nJM5BCnW6tIxEVEcNQQo8xPBKMH5JVNSRqGyA98qVGc42VHQ1AfjUVcxyAtAUOtTfGyKaJGxGU1hc1xOE1rgTsUTAIS2b65FrbK3U/Q8gYVtIGvaMLJCQxHIK0dvqxNCGk7pbOjVPKwxE+C9TaafUMYyo1VH5cgIdFN4b8OVM2Vy2ywXFO8xytOdla6myszsqbVqaHDspVLUkEA8LPZHJ0qrMPBIOY5AB3WlstZ4oEBIzss88CRuQES21ToaoajgBIaOjVZk11dRtcw9/wA1m6mnLH8Y3Wrp9NVBrzyFBr6Bug5bzwfdJlFM3KO5ZKGHB8rgh1EQG4RXxuY7BXGu1eUhBnBWzJXPjDsgjCr6qnxkgK6ngyQ4BRXs5BCAXOOCmGWHBCsLfWGN+obYQainLuAhxsLDnj2SmioScGb+zXkksngk0yNxkL1Xpu/w3qm+WqXDxGjAK+eaCskhkEkbseoW7sV6kpXR1ML8HYkArFqKs8nU0+owevxRPpZw6J+Bn9VeQyB4BB5WdtVzpr1RNkjcBK0Zc3urCjrGwu0yFca+s6cbUy5G6ehxuD2gjuiAZOFhlHAaeRnbCH4eDqwpHhbe6GgIPp6p8bh6eisY52vx7qocwnhFhcWkEnZLayLayXLCCNii5Hqq6GdoxkqQ2UOwkTWBbTDjlEBGEFpyMp2SlC8MKkmJKFD0lzISyFCHUkklCHCA4YcMgqpYH22rMTzmOU5afT2Vuolxp/mKc6R5meZpRttkJjTtuURVlDWGeJoIw5vlKns45UAaydSSSVEGpJJIpdEHEZWe6ioPD0XOnZ54ziTA5atCmyNa8aXbg7FHW8MJMzlJM2piD2+i6+PA4UBxdZrpJTvBMEmXRu9vRWbn6wuhVIaU16t0VypH0coBEgwvnLq6zT2G5S072HRrODjbC+m5GZPC85+JPTn8TpJXBoJZuDhdXS2uEjNqKVZE8LLg9Cc5zOEWqpZqKUxSjjhCc3xGcLvQkrEcSVWxnp3w46vi0i3VUhDhsDleoUtW5zx6L5ht1c+21rahmSAQvcek+pobtSRtlGiQDHPKz305OvodR/Sz0OJ+pmpEVFSXLwZNDnFzSrxuCMg7Hhc+dbTO1GeR6SQSSjSNSSSULOHhCPCKeEJQVYsgHA7qO9gcSCFMcPUIDhnIWmieDLdDcjD9WWf52Gelkjy17Tp9ivmC8Us3S/UckD2lscjzj2K+x66ATAeUHuvBvjZ0kJ6WS608OHwnVsOV63xPkZVSUUfOPrLxH8jTfMlyjN0lQJ4GSDfIRzxnGVmOk7l40IgedxsVqoXNJwe+y+jVWK6tSR8kWVwXFguj45GtLsFh9V7HYK9tbSsfq8wABXg2owTENHC9Q6OuoMEYL87AFYtXVlZPZ/Tev2z2TZ6A17qepbUdnHSVoInB7dY4KzsMjKqEt74Vlapy6MwPPmavOamCPqujvUsIsuDn1XQUiMrjVgkkdWPYaM+qWR6ocfC6OVncVk0IIuHhIEY3KRIwlFgnOOSM7ISI45OQhokQHJ9QTmkaOQmy8hCGQSMoyn0OJOUNPTEYga8Hss11jbDW28z0+1TSjx48c5C054KhVEert7cqGea3RZU9NXdl5tcVSCNYaGv/AOYcq7j7rz6ySnpnqWazny01WS+BvYE8hb2OUjkJkCUWbobWP1eyYDhOTEwbu2sSSSSgaeRkgy0j1BVTTO1R47sJaVcHkKmjaYqqeM8OeXj80Bnn6JI4SPCQ4SPCMACScri6eVxWiMR4VbV/U4qfICcKHVxkxOwd0xGa3siE+iZnKcCCAQmHZOMVhWz/AMqtYTw92EafDWl3old2eWKUDBaQ8oBPiN1FXDPsyyeBxw6IjG5UWVuWkBSGeiG5MEy6ID2Bm2EWlIMJjJXagA/og0R0VAydkVbMdqM91xBqsszQ3JH/AEXiDWFriHDfK9/6thBppgW5Bz/kvBqxmmsmAGwK7+glxg+I/wDiPp9uphb+0KJV0ZzX49lPpyNGfYqup2n51ziurN5SPl8eGy1aitQmorVGKHu/0Krbof5BVkTn9FXXIaoceqXMOJ2iGmk39FX17wPzVjkR0gDNjhUdxeS4NylTltQ6lZkV1SAXEqM0ebZFeSSVyFh1cJC+5nUi+MEynjwBlWMDA8AKHEzbAVnRRkcDK3UrBnmywieyKHDW6cKlrZi6QjOVY1MgDNLdlUzYcT7J03jBSlkjk55Q9IznG6c7Ypw3Shh1oyVKYzOMJkUOcZClRNVpZNlccLISFnsrWlgwAdP7qNSwZIJarSIBmkYWuuOCp2KPQaLDWgacIdVLkYCe97Q3YdlBfJkrbCOEYNRfmODn1Ekpx7JN3TXnCec2T39nScKNUTYHphOmlws/ebsHu+Upnb/icsuqt2xGUVysniIK63Z9Q401O/GOSgU9OGgPdyh09PganDcqU4gNA9FynNy5Z0VHZwhkrw3shmXI3THu8yFI/cYSJNdDVyE57p8bccjKZG0nBUtjAByokVKSQNg90OpcGgDIRnOY0HfsqirqC92AlWz2rAdcW3kZUPLnbFNY0khcHmKl0zMkbLJ+bHSaggtPBnGytIosNGBwo9OzHAUxxAjA9k6C2mK2eWNOPVB8y7k6uUVrcpre7gFvANjSThPig3zjGVKZACM6UWNgadmolAXO3AyKARgbKQyMtIOE9kerlv7qQwMYONwnxjgzzmzkcQAG2Me66myyHIaBhcEbnfmjSyLOF5JwBynxRF5BT2Q7gYU6nhDACQnRhwNpqd0tqH0FM1hL3jGBsm1tWxg0499l2pqPCjOgb4Uemo5ZX+LIcl3HsrOwqtn+jT/1OU0DqoCQjCuaWmETQAEqWmbEzTpU2GAjcjlQ62n0ka+QYjOd0dkYG+FJZEO4SdpYPRKOiuFyB8rRxx7oNRO1zQ0Y2TKioaPK0dlBLnOdnOyvAuVq6Q551PyVMp4wcKJGCeFYQAAD1SZywaNPF5ySaeHA0452XpHT1sitluiGjzvGorIdLW0XG4s1D+XD53e638rmg6QPK0YAXPuty8I9p4nTL/cHl3fKCXbHB3THE55TMn1WOcsnqI47OknPKDI7ZEzhDJDhjPKqL3FzngC4F5yOFW11X4O2QrV+mClJO+gLI19QZ5S4HAPC30155OTr9VGmvkjy6qupcQ4gDl3oFIa5rG6GgBoH6oMZDGklRJ6jBwF16KPZ8z8v5euiMpJ8h6yrLWaWY322Va5xG/Psnl4dy4fmrfpvpit6mrflIAWxtx4k+nLG54/yK6VeK0fM/JeSlqHumQrLY7n1JWtorbBqII1O7NB7le6dKdJW3oam8N4DpHjU+Zw8xP8A09ke0Wi19IW5tJQtbhu5cfqe5HjdV3B3zFU3S130tQWWZ6PLajUb5Y9HSx9zqHSA6YP/AL5WVNA2PDWN4Q4odDWhrcfZXNHQPGl7hjP7LLJswSkl0DgpnEDDSrCKFrGjPKK1scbcad0B78nA7JbyxMpNhdgNkMlNL/VDMrRuUDTKCnYZUaaqDRg4Qqmux5Yyq2WoJd5kWMBkqebWVGM+nfGwQpptIGdsrFX3qp81T/CrO8unGdZP0g/dHFZNFdErPxLXqPqiCmYYo3cbHB3J9Fj2fOXSodLNqa3sD2CnUlgmY4V92ka97jnY7IFVd5WTGG3QiRg2yU3Yez8H9O2amSk0FxT0PmneATwCq2ruksz3eCPIDgkpSwue41Fe8OJGcZ2ARbN0/XdS1IbRwmGlBw9xP1H1S5y2LJ9M0Whr0CTS69kCGnqbrMIqRjppCcHHZbux9J01sp2S1cTJJyPMSMgK0pqOzdJUQ1AeJj6sbuWer73c7q9zacuZATwFjebpYRsv1EVD5bZJVos7peaeJ5jjJe4eizlbc6iqZoJ0j2XHgx5DzqcR67p1BbaqpxM5nhg+q30aeMFukfPPM/WEnJ06JYX7I8cD3EeQlToKDg8K0ht7WtAxnCkxwN2BACdLC6PB6nUz1E3ObyyDBRAYyOFIipwXBrRurKntks/923IK1tm6LBLKmTA74IWeyzBhc8GZt1hqJy3yEfktdbemWxaXyRjhaWO3U8GC1gzj0RdOAkfM28C5yyQYaOGnbpjbhHa3Tydk6SZjPqOEB8ksm0byzPdW22hLfI+pq6anjL5HnI4GNyquSqudcMUNOImn8Ug3CsBQROIlmJkf/iOyMxwGwGAlsoraWwU5/m3Bzp5DzqO36KxLIY2iGFoa0dglK/TjHdAldvl22PVRECPeGbDByhg5O5VPX9RUUQdDA50szdi1qrHHqO6s8Kmh8Jr/AMX4gEbf7CLi5dQ2+iLg+UEt7A8rM3DrSvrf93s9A7fl0g2/JX1B0FHIWT1z9UhHm91pLf05brexvhwNefUhXvjHoJPB5Wzp3qrqGbTVue5v3wAtLZfhRS05E1e5hdj6cZW/bGGfTgfYYRGpbtzwRlXbel7JbgDBRRlw7lqsmRRs2ja1v2CIO6Yo5OSAbHHGFGcSTv2RTnjKY5wIwCgisMo64jBGUA8rrjg8oaYuCHclLV7rhBxwhPkjj/vZNP3VNkCpb4zjhUdd1TQ0pcyAOmdx5VWS13VV0Y5tDTmmi/rf3UyEaae5UVIf96nbH9yqCu+IlkpZDFRxz1cmcARtzuoUPSM9Vpddah8z+SSThW1PabbQACCmjDhtnSMqskM7L1H1vepXMoqCOkjP4pW74UZ/S15uAxe7pK5rt3Na4gLZE9wEKQukIGCMIoxyWZ6Ppa0wsDRStc78TjuSp0NJDDGGsia0DjAU57qeEHxZBkdlXz3BrP7mJzyeNtlZW7J3wsuwG5SdG2MZe4ADnfhQJK27yH+RE2MfZR3WeSd2uurJHB25a04TA0+B9f1BaaIlpqNRHYd1S1XVVynd4drt7yOzy3KvoLLaI36jTNe71durGOKKFobDC1o9gjJnBiX0PV95DWyvEbHb4GxUmi+HtTM8fPPy0d3ElbimgmlwYoyQrJluqi3zNwoE5ZMzRdF2akw1zNR91dspqSBrY4IY26dtgFKNLSsy6qkx7ZUWe42alaXRl0jvQKAuWVgNG134Wpxc9ozKA0fdUdR1NM0EUsen7qomulfWEgzYBPol7cgo1VVd6CmafFmGcKhr+rIo2n5MF7s8KuFsq6p2X5+5UllkghaJJyBjn3VhOJEnv98uLBG1rYw7uwYKZHYq2tAdVyyOb7kqbLfLNaojpcHEchZ+49eVNSDBQgxxjjKZBDI1tmhjttptsfiVDWFw9VX3PrOgtw0UbdRHACxFXcKurcXTTvJP+JQ2xue7790aWR0K17Le7db3i4EiNzYGn+jYlUEslRVnVLM9x75KO+nII23KlUdnqal2NOxRYSH4hHoqHREnZu6LT0VXPIGti5W1tfSgID5I8jvlaGls9DTAOjhGr3GUMpY4QErIx4iYi29H1VWQakBjR6rRUXSNspCHuYHuHqFfNj3OAn4xuRgeqETKyb9kOGnigAETGtA9BhH2DSCf1Krrn1JZrVqFVVgEcD1WUuPxHkMhZabd4/oXHH+iskYSmbl4AcdRws7dutbJa/Ea6p1OZwB3KyM9H1v1IzxKlz4onn6B6K2tXw6pISya5Pa9wA8vooMVcYfkyruHxHvFXH4dkpfDeeHyMz+yr6XpnqbqCY1V6uUumTdzdRAHsFvzQWK2nVT07XP444UOorpdxB5AoMUoL8UVVF0b09afPM0yu/x7qVLdBTtENvpQGjbIAUaaU6tc0h/NR/4jCwFkAL3+gUI3u7DzzXGtwJJdA9Byo9QKKk/m1Dx4jtsZyUSG33+5EaGthiPLs+b8lc0PSNHERLU/zH+pOSqwRyjDszLKqqqnFlupZAfVwwFNpemLpcHD5+tLI+dLdls4LbBA3TDEB+SNHRPJxhWIlc3+JQQdN0NORobq+6nwWxsHma3k5VkWU9P5ppQ0BQ6/qO3U7AIfO4bYxlQicmFZAHAgjGEGSampwfEeAR7qgrup6mduhjGxNPdvKp3zPkzqe479yoNUM9mkreoYafLYnBUdTeqmqJGcDKgOwTknKYH47KDFAO+UuyXbqPqxnAxlIvx2TDI1QLajupx5K7keqHrb6oZdkclQsOXN9QoxJJTSd+VxQgklzISyFCDUlwuAOCVxzgRgFQMYm5KR5TFCBCRjlDPK5q901QZs4ydyVzJTAMJpIcCAVEslxiOJHchMcTwmnY4zyug47InHHIz/AAN/NPHC55VxU3kYdcR6pAgcHKZk+qaSByVE8EHF47IL35CTpAAVFMhyf+qsnZ17nOdym4zzukB7pKDVE5p911NSUIOwFwgYXVw8KFgTylgruMuR2sGACEIBHDSUZkeOQiiNoxgLmrAOGqEOMboTy7I2KBJWQR5EjwMLO3XqeKlk8KJ2fzS5WJDYUym+C9qq+GmaS9wyB6rNXPqWSRphhd+6z9wudTVSlxecHtlRmlx7fukOzPR0KtNFfkfrNOwPGlwyF591tY3F3zkQw6M6gfZejFpKrrrbRW07maRkjC/GkT9wQnhlB0BfhXUgppT549itw0tI5C8ephL0zf8AckRyPwfRepUVQ2eJkzDqa8ZCgOoipvciw0qi6osbrvby2I4miOuM+4V4zONwuubqGMqGWM9vBjumbq6sp/An2mg8kg75G2Vbys1jZZ2/QP6evYu0LS2mnAZK3G2c7rR08sc0TJoiCx7Q5pHoVBnZClaY3cLRW2pFTTNyfMzYqpmhDxsFy2VBpKvQ84a/YqATjuNEkkkhMzEkkkiKOYHJXjXhyfC/4mOO4s3VEvlbw2Ko3yc+69mWS+I/Sf8AtZ09JSxeWqpz49PIOWPG+QmMho2b8bonZYb4W9UOvlm/h1edNztv8irYedQ2J/ZbzwxzhMyBNPoznWXTtZebaKu1+WuoXCWF4OCD7H8l5v8AGPoWyf2l/hHV0dTHJHfqHz0pHlMNeGk/m1439uF7Yw6eV5P1l4nw36od1XRMLbZcWeBXxjbUDxpPZw+vHfD13fF6nEopfknlHF8hpIXx2yR+VwF16ZutRb7pSPgmp3Pp6unO7muBx+xytBEcOyOF9Lf22fgjS1csnxq6S1Pgka3+KNgH96zHlqcfYb/luvlezVwqYTE8+eMYznkdivs3gfIfPWk2fDvqLxv8Sx8F/E4Y3UaoBbJ4jRgFOicPVFmYHx47lepTweR9haKfOAVYtwcEFUMDiyUMPdW8B2GDwjjLIqyOCWOElxpyF1PBHoqEiqChImhvohoyIg3Q30S0N9E5JQFSBYKYpCZjKhFIYkkkoENSTklCAkk9JQgxOG6akqayQYkkkqGjUzGVIQkloEgTtdDKyri2dG4OBXuvwi64+ajZS1D8u0hu5324/wA14pIwOG+6dZrjPY7jFWxZLGnDwPT1XH8po5XV7o+j2v0b59+L1aqtf2S4/wAH2HdrfHc7c4MaCdOoFYU08tHL4b24Le+FZ/DTrKK9UrYXzNkGkEZ5V71PbGRltVC0aTyvG5cXhn6HpaurUjJ1VMythywecbkLH3u1wzRPZJGCDkELeQsDJC1wxkbKFcrYycF7GDV3HqmwscWY9ZoYXR2s+aupLDLa53uDDoe46duAqENc04dsR2XvvUnT7aynLWsGppzuF411BZaq3VTy+PDDwQF6PRa5SxBnx/6n8BKlu2CH2e4Pz8tM/LR9JUuupmTRHTyVnad5Y8OV7R1Yc0NcV34ywsHzedbrlkq3wugcGnuhVFLj+fAfMOQFeVFLHMw7fY+iq3QljtJOMd0SYULM8MtOn7613+6VZ34DipN0tWxqIW5B3OFmKmnfC4VMQ4OSFp+nry24xGkmPmaNsndHGQmyG1/JEpQHwv1syML0XoHqqaR4t9TJkAeXKyNxo/xAD8lWNqZ6CobLC4te07ELRCeGJtUNTHbJH0PHKM8cqQ1wcMrE9F9URXenbT1En85gx91r2OwMLXF5R5y6l1yaJWQnoAJyiDhF0JHpJJKyCTU5NVMA60n1RWoQ7p7ZN8YVogZJcDsrqgIkkklCDV1q4utVS6IiDdbXSXSkfR1cYex4PI4PqF4J1JZZbFdJKCXJx5mnHY8L6JcMhYX4k9NC52z+IwRjx6UkuIG5Z3SJRyjpaLUfHJRZ4pNCJGFpHKqKiIwSadOy0DhvpOxHIUOupvFjwBusFtbbPV1TwijeOMKfaK98Mngvf5HeqhFmk4Oya4EYIOCkRbizVKKsibJo9Ex7AFDtNyZPEIZDiRoxv3Vg7B7rSpccnPlHa8Ec7IUgy1SDymIwSJ4joSHM2I4K9W+H3U7a+EUsrsSxNAdk8+68snGDxlHtNzltFaydhIjOzyPRTKRl1WlhqINSPe+qrJF1PYZqDyiZ7RoeezhwmfDK5UnX/R9x+F3VMmKikj8E6xk+E36XY/wOx+vZP6fvUVXC1hcHO0gk55Wd6ohq+jOrKb4gW5jnNBPzrG/jZsP/AL3A/JPjL0cZQwv464a5i/7o9L/s8dTVtvbcPhX1C8tuHTrxHC1x3dCdx99yePZe4skbzkei+cviTJNTVlj+NnSMWs04iNTod/exO23755b+/svcbLd6fqCwUPUFufqp6prZ24OdiOFaWyTj/wDvg5XkIfLJXr32v0/f/c1DHEAY2Kp6urk6Yu7bzG0CirXNjqwNmxv8oEnsOcn7KbHO2RokYdvRGmbTXOjkoahgdFKC14IyiZzC31Dn1T1j+lq+Sy3CToq7yPEseH250vMtMc4x6uGP3C14AGcH9VSeSDhyngjCjkaTjKJkqgQqS41dUIdyV0E5TV0cqECDhdXAey6oQSSSShBJJJKEHJJqShBJJJKEEuHhdXDwoQYScpp3XTyuKEGtGHZC5XUVJdrdParhTMnpalhZLG4ZDh6FPT843UIng+dOpenLz8BLo6+WJktT0zNJmVoJ104J4B9F6x0r1bb+prXFcrdM2WN4BJaeD7+i1VXHDXxGmqGaozyPVeBdU9D9Q/B67zdV9JMfVdPyPDqqkbnEWecf4fUKG5talfqX/qe6wzh47I+rUsb0d1paerbfHcbbKMOHmjLvMx3oVrI3Z2Khkaw8MktzqGDhOqIIqqLw5R9j3CaxuRyuyA7bqFFeHTUrvAmOQPpcpLXbJ8sbZW6X7+iiNcY3eG/8sqELBrvZPHKjMfnOyM13sj6IHBGEsj1Q8lLJ9VeSA66iZWtyQBIBs/uqmCZ8cppKsaZR9Ljw4K9ao1db46xn9Lx9LvRQgFhGCMpjs5zlRIpJaaQ01XkOGzXdipYOVCCLdWMnjdYbr7ow1rmdU2HFPeaIbObt4zO7HeuVukx4DvdVKOQ67JUy3w7PmXrbpij67oRX0NOKa90jtUsZ28Qt7FUPwq61mtT29NX5jmwSEsIfvoXu3XfRIJdfLThkrR/Oia3PiD2914J8Rem/HH+0VE0x1EZAm0j6vf7rBqtN80dp9R+kfqizSzUlI9WpZ5eir0aiFpkpZSNbM+UhTOuumm1UberOmjr15cQzY4GN/wB1hPhd1nB1ZY/9mL5K11XTg/LE/UfXf22/VbbpC+my1cvSVxeTTSHAL+Gry2o07pntP0z4rycddSrV2VDPC6ptxpptLauH6g4bu/8AVeMdb9Ey080rJYNOXEtcBwvZusLRN0rfzcrcCxkpDsdiPQoF7paTqi1vrKYAPaMPZ3aUo36imvWQ2y7Pkq626ShmLXsx7qAd16n1Z0vIx7/EjyOxwvNKymNNM6M9imHz7yOilpp7ZAIpTHICFbRETMGDlUxOVMtlV4Uga/hEmc9L0Fqqcs8xaojW5OFeTRieIlrcnsqiSN8TsOCXNexm0dE7wHNkxwthQubU07JWnILc/ZY9x2wrnpmv0F1O87E7JLRv0FirniReFmPZCe3blT3R4xgID4s9kpnfxnorZmYyQVDkbgq1ljPooMsZB4QN4FzgRQcpj26hhHxhDduMZUMc4kCoj2yBlQHN0khWzo8gnCg1LMcBGc6+sBGfVMl23S3Dk/GQjMM0Dp6h0cjcjCvqWq8VgA39VnpY+/on0NdLDK1gOx7qBae5VvDNXFJp35ypQeHBVkT9XJypcT8EZQHbqsyshCwnlTaCodTv1E5HoozXNIxjhca45zhAb6rGmauBzauAvyFDfG6J+QFHtdb4WGE7FWM+JmDS1Q6MJbuQtJUsHle4DKsIyAA5vCzbnGOQNKvqCcSxtYOQlTjuN1Nnos6WXX5SiSwvjd4wGR/kobCYZ84+lXEbm1EWrGCs04ZOrRZhclpYbsw4pZfK48E8LQVEIczHqFhmH5eQPYMEHK19sq21dM0uf5uFlmsHUpsKyvod9mqsdGWnB2WsnpvEAeBthUtdQkangcpUlkfNL0VgAcMFAmpsb4RjGWblGAyMKhaWSpkhGDkKBLCCchXk8Wd2hV74zkoAZQIDAYznhWNDcJKd4c3juPVQ54jyAgslMbsEfmhsgpIqEnFnpfTXUklJIyaGTAzu3PC9To6mnu1KKiBw8TGXAL5wo699M8PYcevut50Z1oaKqax0hDTyCubdR+joVXntFqrHg/LTO2/Dnt7K3Dw7fIWViqorhGyvoTlp3OPVW1DXsmdodlr/AEK5Woq28HRrllFtqOMZ2XFwcLqwMacxlcGR2T2fUEUBoGEJAILwRk4UqF5OASguYE1rixwOM/mpKG4DCLNu7chE1eygMqcYBCmAnAIWayv9C2ESSSScMA7kroJympKZIFB23KWR6oeSlk+qgATIT9jzuFHaTqG5RQRjco0RrJWzR/JXBrx/dyH91YMdqHKHWU/zEJb+IbgqLQTPLjDId27KERZpJgOQuq8lYEkkkhLEuHcYXUlaeHkhUX22/P0bmMA8Ru7T6FU9nrDUweDIMSw+Rw+2y1jmg4WUu1FNabh/EKdhdDKfOB2PqtVdmOA0yY9uQq2vomVEEjS3JI49QrRjw9gkbw4ZTHsH6rpU24LayfP3xF6cZGHVNNFpLTkheet32K+jur7C2qilGnZwK+f73b3W6ulgcMDJwvQ6KzesHL1VLjLcisnhIb4gG3qtB0l1HNQyMjDgNJ3yqiF7ZafwSMk91XPe+jqdtsLc47jmu2VVinE+jqKcV9E2pgOS5oP29VLtV4mo5xFO4ujccbnheefDjqlkTo6WpOpjxjc8Lc11IdpY8Fh3BCxW1pHpNLqPljuNkyZsgDmkEeqIs7brkIYgyXJJVxT1OsDA+rhc+cNrOpXPJISSSSxoxdBx2XElBIOQcYQHj0Uo44KA7umw7AayRpW5GVkupbRHWQvjnjD2SgtxzjK2J83lIVfcKPUABuulpbXXLccvX6eFtTUkfHt4t8vR3VM1G5pEMjy6P0xlaalm1tZI05Dhlaf419Imqpv4lTx/zYTnI5wvPOmK/wCYp/Ae7zs2X0jwWtlfHbI+Def8c/H6ppLiXJqS4Sb6cn7q56ZujoagQudgZ2VHTv8ALpI5SjlNNVhwONOCu9dFSi0czSaiWmtU0e92epOhjnHkbq7ik8KdsjDseV5/0rdhMyMF+Q4Ac91t4iQBleY1dLi8M+w+J1kb4RaL+KcEZ23RwQVTUk+cBWEcgIG65NkcHraZ745JSSG1dWeSwbIMJkpZKYkgGCTE9MVMgwjKjyktk1DYHZSEyaFk0ZYR5jwUeRVjG5HqhGbBAwhRSEDw3/Uw6T7ohGVYrI7Iwo5+oohJwd1HdtnZUymzH9fUJ+X/AIrTNxPQjxgRyQOQrnp27x3m1U9cwgmRg1exwpFa3xCNlh+i5KiyX+59P1cv8rBnpW/4c8f5IlwzDl1Wf2Z6Ox2Qdk5R2vCeTq4KcjbPGOApIxyhnlc1e6arKbyOKrpWj57AGPIpx4Krq5xjkilA5dpP2KprIAccLh4XcY2XDwrAAnlDRDyhqEYjwo82CwgjlSDwfshHlGImslSAWjQeQnZwAuVDSJz6LrPpCYngxWrAKtjEtMcDcKshOqnHq04Vy4BwIPHdUbP5c0sJ75eE6MjFauQgdhcO4Q5CWyBuEWMA7Z3RPgBoizA/sosWz9yp049lWvIbO49ipF5ZiteA90hbUUb2uGSQf8l893ZpiulXCRjQ4r6GY7xGFhGcrwnrCmNPe6s6cai5dzQS9HyX/wAR9O5aSN/6ZR0xJpic+qBTN/mlyJR/9nIXKf63fddjOT43twTouEQ7pkaLp90Ypg1GqBk8ZUxR3jLkLKIlQdMOMqhrnan6Rvsru5PEceCeVmZnl0pJWW2WOjdp4+xmN8qTC0NxgboA3UuJiqBqlLAeI7jZW9KGiHV6qBTw6iNuFLkPhxBi21mayeWAq5MZCr3HY7p9VKS5R2OJQWdhwXAw5J4R4AdXC5pGeOVIhbg5xwqRqgssO0YAwOVJp2HOpDibuPLsFYU8YABWitGifCwiTTN4JClAgNyhRt09l17gG7dlurRjtmMmlI2UXOSVySQ6gMZTm7rSjm2ttndWk49UKom0gEBOldpCr6+o8GIyDfuqtujVHLBrr3vBBvVykjhEcRw522VT0kJcfFc3JPcrv8ysqNUpJGcqwcxoAwNguJZbKbbZ1YbaoJRQ0AMYoc1QdWkBHnmGNIChO3JJSZTGRWeWPc7A+65EC9wKHu4hS4IyNJSvyZUnwGijwOE9+AMZSOwGyh1kmAAib2oCMXJg6qU74cFAOScpznFzskokbNWDhZZy3s1LEUNiY4uGQrSkixvhCp4MjcKexoaMAKoxEWTyOY1rRhcdlJ2cjCfG31CelngQ3g5HEdtuVLij4dp/dcij23CltbsmxiJnMaGgDhFZGMasfuuxxg9uEThMTwZpyyNDgMgNXQTjlLGUWKBzzkhM/LgHIxkReQVI0BgC6MR9k6JpLgU6KS7KjGVslGISCLUQcbKS8DSGhca0NbhoTmsdqGyNSyel0umjVHHsHDAJH5cCcce6sYoQ3B04Shi2GGqdDDnAwiOpTQk8oZFGcAAKZDDjGydHTjbZKaVkLDkKn0bIxSWRSubE0kkDAVTU17H5Yw5Ta2vJJaFAYRr1JT7OdqdXz8cA3iPe4EojRtk8prS3G3KLAwl2VTeEXp5bpBqaPUcFSizTgN3J9FyGMBueFPsdDJXXCNjdwDkrLZPB6PSUbpqCNx0pbRbbWJHj+bP5ie+PRWsgzjC5qbGxsYGzQBhLxAW4XMm/ubPf6WmNNajEHIfD90tSaTkpj8H8WEvGTbk5JJq2ATBnBceAnaMd1EuldHQ0zg/6n8J1VTbM+pthVDdJlXfriXvFJE7GkZdg/sqd5wMkpj37ue45JOck8qJU1QccBd3R6VuSPmHnvPbIyaYSoqS0YbjhV75y76hhF8zyQN3HgLZdI9CicMut5aWxN4jI598rqzjGpYR8j1+vd2bJsidG9DVfUTm1soApBu7PdesUjbfZqKO3WqPJbw0KE+ufpba7HS6BGAMt2wPdXlrtbaRoqqvBkI5PZZ5T3HnLb5XdjKa2TTSNra05fyGdgFatGvAbv9kyHxri4w0ROh3L8LSWu2xUceCNTu5KVKRiskhlstOgCebG+4b6KdK5kLQA1cmqm07ckbngKCJnzO1O7lA2LCPe5/HCRyBnCe1mkZIwq6qryCWM44yoVgLNUYOBhQ558DGQo8k+o6nHCh1dTCRpLyCqwMjDcGmqG5zz6qBX3OlpY/FfKARwDtlVdTcpnzGCgifPJwGtClRdOUduiF/69q2aW7xUncemccqzoaTx9utlsqXJTF946wdIKUNioHbGYnd3/L6f6qJPX9M9HxNpom/MVLeWgYOfuVy/daV/UDv4fYaUUdE3iXgvBx2/9e6g0dopqbMukD1JHCmUuz6T4n6Xjp4J3pN/pdgi679QkT1mBE7fw0qk0toeYCHCVvLUaWatr5X26yt11HZ2ePyWstHRll6djbfOoS6V7hsZNwMf/KEE711E9V9tWK+v/wBVL/1KXp/oevvkhrr3H4cJO0Lh2+//AKLR3rqO2dOwG3WulibMBsQ0OwVX3zqqvvb3UlqgkawnGc8+6iR2m32G3GuvTm4Zuc74QRpla8yZi8l5enxVO7UyzP1BcgI4Lld83C61GnVy/TlCNxbLK2hsrg5rQRI/Hft/qkJbx1e8mEmloW+UjnX75/JX1vs9LbIGxsaC4cuxytKjGrpHy7y/n9V5Kb3v7f8Al9EK22DBFVWOy8q3cxobgAYXC/U7QDv6ZVjarBcLlJ4bIzjuUbmvZwJWZK6KMvOGjnYLT2To2qq2iSpaGN53WqtHSNFQsY6oDZHgceivWtaBhuwHGyTZdF8IRKxvgrqGw0FDEI44hkcnClhgjbgDAUjT7oUw2z6LM5bnyJcmwJGDjOUNPIwcFMOQM4yiiixpYO+EIxgHIGF2SQd3AY9SqWv6pt1K4wRSfMTj8EHmKvIJdOcWg7ZUKprqOijMlVO2No3OVTxt6rvzAaKI0ULuTKPN+iubf0TTjTLdZn1LxvgnbKHdFFFVPfn1TsWmCWoJ4c1uxRIemL7dX+LdaowRuH0NO/5rbUtFRUUYipaaONreMNRSM90uVmeizO0XSdroMFsTXO7kjc/mrqOKKJobHG1uPQIzm+6aRjukuUm+QgWkLq6dlxF0QakkkoQaCRwmZK5kIZkjbnLsYR4yQOh4c0ZJygTXBjAWxtLnY7KvdU3OY/yAWj3RkJ807QRrcG/dQ6q80dK3U2XxHdgzcoDbVLNl1TOXauQjwW2lpt2MBPrhTJCt/iN9ukmijgMEf/ePTf8AZuqnObncZZQeQ1yvgNIwOPRD1ZyFCEOmtNupWBkdOzbuRuU+Sqkb/Lh2aP0TpORugF8cf1cooxyQ475qTcPGEMvjZjxZMEJOfNJ/ccIbomAapjuiwQUlS3iLcqLL87UfVM+IdtKbU11JBsHjI7KC6trajy0sbjnvhQskOooWYdNKXY7nugyTUsbtLH5KNT2G5Vbg+olDQfZXVH07Q04D5fOcKLkp8Geb81LgUrc59lKpbLdJ3YqWhrD3K0ElRbaAaYQ0EKvqeo9tLZAjCTyEi6fp48OkkyQpRZaqVvnIOFnam81bzlh2+6rZKypm2fIcIymsmqquoqWnBFIzgYVNVdS1k40xu0hQWUzpRtn7osdAdXGPdQojyVNbU/XIT+aY2me/kYVmaaOFup5AA53UGqvlvpG/ySXvGxAUC2sLDbg7+82Hcoh/g9F5pJQCFnq3qiplboiboH3VLUVEtQSXvOT7okshqHJpK3qyNmY6RhAGwJKzlffrhVDQ+V2kngFQn55JTJXcbIthohEjz6pDlxz9ygNYPsiyB0jgG8qdRWOqq5GsLCGu74Q9DHJRK0MBOAc+ymUVrmqHYY0j8lr7b0UyGTxZXDAHcK5ioaakdmOJpKpywKnb+jL2rpYOkD6kasbjI4Wigoaak+iME+uEaeupqdp8Qhowqas6lo4hiDVI/PAQOTFuTZcg6QSB2UGa5U9MT40rR7ZVP83eLmMRs8JmPVdp+nIy7xKyYuJ3O5RAnazqxrXCOigkkeeA0ZVTVR9YXiTS6o8GN25wcLURUFBSgeBG3UBzhOblu+cIwjMQdCUpImucvjvO+DurSmsVpoHh0FIwu9SpFdcoIT5ncc7qmqb45x005/VQNbkX0lS+Bg8NwY0dgqqrvUO7A7J7qlnrauoPmmx7LlPQVFZM2ONmSeSRsoAFqLgARgZyoU09XLtTNyVo6PpR73B07g5o9leUlmoaUh0cILh3Kgx2bDIUXStxrgH17gInbkK8pOnbdQO1xxNJ43C0QYT5Gt7cBBfBBENc5049VAN85ENkOkYa3A9gieA5mCRjKj1nUVuoGgRnxHDsFm7h1FW1zzmUtaew2ULcXPs1dRcLZQw6pqjzjloVDX9Yue0xUEZYDy491n3z68l5LifU5UVzwM4CgyNeCZLXVFS4maUkntlRXAYPmCC6UtTHPz3UHxihzjzuhklNLgOShqDEkdL3HkoZ2XMhNyFAhxl7YQySVxDMw4woQfqPquZKad1xQgkkJJQh3W71SLidiVxcJGMKEOZKWSmHlJQMSYkhkZ7onHBGOyVxCSQjMHWrmSutXEcSDsj1XHAHumZPqlk+qIsaSc7FcSXC4BANEThBkfqGBsmzT42AQmk+qgSWTrnuBITEiMJKFjkklzV7KBnEkl3Hsqk8ADPpTmwl2yIIgcbIwaGDhArMgylgGyEMAynaNsZQ6icMxq2HdZ66dVwU7i2lJcW7HfuhlYkMhTKfRoZJBFu4jCzl66oipHeFDufusxcL7ca55LpnNaewOFXOa6Q5ec/fdJdnB0adIu5Ey4X6rrXDDiABjnlQRqc7Lv1TzBjkJ+gbJEpNmmMFDhCazOMhGaxuOEmsyOU4sxyVXLLP1pDQExzRyAjph3X47P2cm8mH62sPzMBrYRhzT2TugL2KmE0E5xLF2J32WqqoBIA0jIXn17t1T09exd6QExH62j0UHN5R6g0gjhPO6r7VXx19FHUxnIe0FTwcqGWawyvvNqhu9BLRyAZePKT2KxnS1bLbq6bpytdh0RPg55LV6IsN8QLJIySPqig8s1Ju4DuFA4y5SNI3HcKvr43MJnjHBym2G7RXi3RVkZGXNGseju6sSwPGCMhQNv0TLVW/NwCVxy4bFT1laSd9srvBP0PO32K0zSMcoTLKI5JJJEAJOwE1OUzgtPB5Z1RbZ+iesG9ZUbT8rWnTWMaNvZxXo9trobnQxV9M4OilALSDlNvtngv1rmt04B8RpAJ7FYPom8VXS91k6JurMR5/3NxPO/H+SNP2E8S5PRJTjzeihdQWWi6p6fns83njqW7/AOFwzg//AC+qsNPiNIUMTG31Mfjb08rtLgOxWiqx1TU0Yb69y4PnnpW911outx+FvWFP4tNIXxN8bzNLeHRnI+h2Rtuvjj+0h8EnfB7qwXq1Oc+xXGQmj3yYxzocfXuPsvvj+0j0IRSRfEG0xkPpHsbXBoz4kP4X/wDh3z/zdlgtFi+MXRtZ0n1RCKgGMxuIcATKBtO09n5zv2X0bw/k8OOpj/1PG+Y8XDW1up9nwbR1AmYyVp2cAVPik1YGEbrPoi7/AA16squmbv5mseTBMG4ZJGT5XNPdQ4XjUMBfW9PqIaiCnB8Hw3XaWeltlVNcphaiPSfGaFIo5skNPKbgPbgjlDiBiqPYLQuGYHyi3YchEj+pBieHNyEaP6loi0JfYdn0hEQ2fSERELGJJJIiBkkklAGJJJJQBIYknpKBiSSSUDApJJKEGpJJKEGJJJKEHoZZgZyiLhGUAecEd4wcIMjcjAHKku3xshuGUuSwsMtSLnoDqaawXeKNzzoLiOfVfU3S92p+obQ0yyNeHDG/IXxtMzJyF6R8I/iFNa7ky31smWu4y/GwXk/LeO2/6taPtP0P9Vb6o6DUvn0z2y6W59NN4bm4wctcOCFDeMjPqtfWimvlnbV0ZDnR+Y45Hssw+PYZ5Xn8pH1rbuKSvoGytMkY83ceqwfVXTsNZC7+UC7BXqD2H0VfV2yOfLgBk+y00XOqWTl+R8bHWQ2yR8v3qyT2ycua3y5USlqCw7r2TrbpUSRueyLJ3yMLx6726S3y6iDpyvT6PWqawz4f9ReAnpZucVwWdNUiRuHY3SqaF8o8SPjuqeiqjnCvKSp1NDeF1FJM8NZDa+Cvlicw6XfmqmVtRbpxUU7iBnOy09VSaxqHP3VdNT6gWPbkFO6Krszwy5st2prrB4MwAlxg+6hXSgfBKA7g8H1VEwS22oE0JIGeQtdQV9NeqXwZceIB+eU2LBlFQeUVlsrprXUtngkLCDvuvZenLwLrRMkc4F2N14xcrdLA4kbgce6n9L9TVNoqWtc8+HnBC1Rlgw6rTqyO5HusfdGaqq1XFlwpmTMIOoA7FWTe60ZWDz77wHSXGrqIoSSSShBJJJKFMfnCemJ6gtjkkklCCSPCSShAZ7rhGoafXZPXWnGSqkuC1JxeUeJ/ETpn+D3I1lNHiCc7kD8SyGkH6gvorqSyw361yUD2t1HzNPuvAa+kkttbNRTtLXxPLSD7LLKKZ6Lx+sldDEjP3Kkaz+dG3GTgqvcPXZaGeMSDCpaynLJMALHZHD4O9VPjDAU8pgmbIDwVpKerbNGHM/MLMO8ql26t+Xlw4EtdsUEZemHZVui5GgSPC7lpAc05BXE9GFrDAFuSSQo8wLhgKYQOUCRueyprkOOGuTefDW/sdKKGodiSNvlJPIXrHhQXq2yUFVEHaxvkZ/l/1L5po6ue3VsVXA4h8ZzsefZfQHSt1N3o6SvoDrlDQAM/i7sPsm1tLhnA8hS6pfIh3wyrW26punwrvf8ANpo2v+VDjzE76mjtwtT8Db3L0vfbj8K7hKXwhzprSXbBzCckA8dx+qyPWzHeBbeuLK0traF4II+rwj9TCO+MfuVM66pKl1PbetbV/Jq6J7Kh2nfQ0+U/kNS0d/8A7+jmSat4fUv/APpH0O2VtJMA7Zj/ANlNml+RDaojMR+o+izPS/UND1v0vBdWNDZJmN14d9Eg+ofqtDaqoVMTrfVxgujbg54e31UONZD43tfY3qmyHqG1sfbnmK7Ux+ats7DhzCBnOf6Ttq+wUnpHqNnUtobWSRfL1kDjBW0xOTDM3Zzc/cHsoFHUusNfFbKvPyVUMU0x4Y7O0X552+xVZ1ZDVdL3JvXtoZrpshl7p2f8WE8z/wDMzB/8JIQAqOTe7djlFUKlqaesp46ukmbLBK0OY5pypUZH6o9qwLfDDJIetvqlrb6oWsECJJJKiDweyICMIS6OVCBUlwFdUIJJJJQg5JNSUIJJJJQglw8LqShARBzlcRSByhnlQhxJJJQg1ceyKaJ0E7dTH8grqShE8dHgvXfQ14+ElbL1v8PWO/hjnB1dbm7+Fv8AUP8ADzvheh9Cdc23rG0sr6CQGQACWM8sd6Fbh7GyDDxnOy8M69+HV3+Hdzf118OGvbQPdruNuZuHDuQPTlQ0ZVqw/wAv3+/8ntcUxIG3KkNcHDK8/wDh/wDEO09ZWmKropwZcYfGT5mHuCttDLnCgOGvtl2SzuMKLLE14weVIa/Vsuubq7qCyAxxY7RJt6ZUuN+3CZU0wlZtsQgU73gmGTkcH1ChCUkuZC6oQMOUcYLMZCjruT6oyA6qmjqGFsg+xVaBJTP8Gbdv4XK4QZ4GSsLXj7H0VshEBymYQXSup5fBlGx+kqQBkZU7IMkYHYyvJutejpKKWolbHro6rPA+nK9cxjuolwo4q6kkpJRkPHPoqaGU2zompQZ8WdSW2fpC/wAdfQAsYHhxxwV6pS3qi666abe6H/t7GhlRGdyfQ5/X9VZdcdEGN0lPWQh7HDyvxsvDLN1BX/CvquSlkJfb52iN5AwHszuuLrtH8kt6Ptf0Z9XbcU3S5PpbpatpOt7TJYrlHmupmkh7vqLeMe+P9VjQyp6Rvj2VtM75ZxMb289/9Eorj/C5qbqqyTCpp5fM8N2LSO5/VbXqC20PV9g/jVs8rOQOSDjcFcK2pweD7/oddHUw3QML1j0tDdqH5+1lr2OGrAXhfVHS7iX/AMrRI325Xuliuot7zZrgSA4bE9iqXrHpdxc6riaHMcM5CSxmt0UdZU89nzJJG6KR0bxgtOChEaTqBW26s6fAe6eGLS8ZyB3WMIIODyFFPJ4PU6WelniRe2eo+ajEbhglculM1kYcRg5VNBVSUkgfGcYWohfHcKUPcASRuij9wtNNGdPoSjUEop6qORx8uUq6lMU2kDYe6A0EDOUuccMuueyWT0WnLZ42yNOzhlckixsq/p2t+YphCT5mq2ewuyPRIPUaaW+vJXzRgdlCkZknZWckRzkBRZYcDhANkslXNGBwopGO6s5YyVDfGc8KGO6JGxjb1UaeMdgp+n3QJm+XlFkxXV7kU87NJwAmjlSqhg5x2UU8phzLYbRzmBzCcbhQXDw5QccFTNelCmZq3AVpHPsTyT6CvLgA8hXUEjXAOByscxxiePMRhXlurAQASeFTWDo6HVZ+yZexPycKTpGnICgRuzggqZDIHDCA71ViCQPcyQK+oZ2va0FUMgxggKRQVTo3AFAdCmznBaVtP/M8Ro5QqatmppQ5p45CmRSNqGjI4UOpiLZjIBsfdRm7DhJSRo4ahlTGJCRnCkUtRLG8aeOCCs3b60tkEROyvY5GnBakSijfRbwWzgZxqAUy0VPgSlrnbHsqukqgfIRz2UsNaRnjKx2LJ0qbmjbUczKmEN2J3QaulyMcKqtVxEJaDur4StqG7DdZZJo6tct6Rmq6lER2UMEjkLS1NJnPiR5JGyp6qiewF2nA7BQLGCG5uoEeyhTU+OQp7NtinOi1dlCiklhAIGnn3UWppsDVjH5q5npxjIaoz49Y0nZU+AXHDKfUWnBClUlSaeYSDsnVNIB5mjj3UEv8MkaUmUVIWp7Gep9DdcCgqBTzPJhfgOaTt916u6OOogbcKGQOaRnbsvlmCudC8SM2IXq3w46/IH8Oq5sMdgDV2XL1mnz9yOhptTFy2yZ7HQVjp4QH/U3ZTWvz2VKxwa1tRCfK7HHBVhT1Qk2xuuNZUzqRfompzCcgdkNrhhOScYCDjhMc0OXU47KiAHZbuEakqXucY3njhMOTthDEeDkbFA1kAt2EHgpygU9WAAyTn1U1rw7hJcRbQRJJJZ2gBJJJKiCXclBSRF4JLVErIdD21EYwc4djujsIGcrs2C3HqrAGwvMg9kdQ6V4jcIT3U3AzyoVk4kkkqIJJJJQglEuFK2qp3QOGdQwpWQuHB7o45TLMba55IZpbbPnVG46c84VrjIIyudQ24NDbnStxPFzjuECmnE8TZQc6hv7Fb6mGgNfTtqY/DIznuvFviV0u2N7qnR67j1XuLwDjKzvVdljulC8huXYXT010oSTTKtrVkWj5ahkdG8g9iUy4R+KHTtG/orjqq0vtte8BpDS47eirInZaA4ZBXo6bPkWTzV1bhJxZ2yXGSmnYQ8gsOQveulLxFerUGFw1hv7r58qIflpWzRjDT2W46H6hdQ1UcZf5Hn1QzjuNeh1OzFbPXqVgcfAds5pIU63TSxPEcjs6SQoFQ8NjhroXbPAyQp9SA6niq4hvw4ArFbHg9HTLBeMeHtyERQaF2YmkjdTliksM2xeUNXDwupKggByhqW5rdJ27KKQco0JYwjCFM0OGCjOQpTgZWymW1mWyO4xPU1rbVB8crc7bL5ivtDL0h1U+DTiCZ5LPTBK+vLjS+LJqxkLwr43dImqpDcIIsyQHVkc4XovF6x1WpZwfP/q3xn8mhzS5RR0M4mALVIqWB2H91lOk7o2WJrCTkDSQT3WszrAC+l1T+SCkfHmnnBpuj6x7PI6TGDsvWaKqL6VjiQ4kbrwu3TuoKlhccNft9ivWOnK9s1I3BzsuZ5Clze5HvfpjX4xTNmnpZiJQ091bQyFpAH6qiiJc5pzhWkbg6LTncrzl8MM+k6O7L2lrG4EA5CMHA8EKBE7YDPCPE7HJWGSydiIUHK6gpIBqHpp5XdXsuHdUW3wFTBsnoZOBlGzPJ5ZXVoLJhIwbnldY7U3KLM0SEAhQg4smdCTgt3H2U6IwrvqKaRlLOF1CUR5Yw7ssD19b56Oej6howQ+jlBkx+KPuF6HIcdlVXukirqGWmkaCJAW/qjiI1EftyuxWyviuNJFWwOzHK0OH5qeHeU7LA9AVj7dNVdM1bjrp3ufED3Yt413smJlVz3xTOZOpF/ChpZKYOOO+oqPcWgwOIG7PMPupWtvqo041NIxnZQAFFJqaDjkZRDwolK/VEBj6SQpAdsVAAbu6EeUV3dCPJChTOHkJHhcckHAoxU0V9Y3DtSEz6QpNzH8kkcqE3fA9UbMVnA8jt6qouIMNbG4DZw0lXDlXXICSLIb5m8JjMl5FnwGl43IShd5g4lCa4OiDs8pgeGu3KJIzSnjglSDVvnKqKgFs2MK2bLqjzjsq2rIJzjfKYlhmW3lD6SQDYjleSfEuj8GvdUNGz3OXqjHb7dlhPinBqt4qA3cuP5bLq6CWLEj599dab5/EWf25PL6baD9UqUHWdl2nOIkSkALuML0CWT4Hnglx8hEP08JuMAJZKNSwJY131FMf2TkOY6W5Pol3ESyyku8xc4tzxwqUtyc5yplfL4lQceqiuWGT5OrQsRwdxkgBTIhkYUaM5IU2DYD3TakyWkynboHHK7WOGNl1pw3hRamQ4WrOEZl2Q5Dl5Kauu3KTRkoTRFBYxnClRNyBsgRqZC3jbKuPZqr4Dwx6iFYRtxhAgiJwSpoZ5dhwt1cSWy4wEBBbuVHeTuuuyCQCm6mrXGGEc66wG5uTnC4dkQ4UaV2AUx8Iz/kwdVO1uCSBhZmqrJauUt1ENzwpl0rGVGaeN2fUqDHAY/MRyuPqrvklsNldShHISGPwxqSfUYbxlOLgGkYxsoMr/Nj1KxyeEPrg5Mc+QvO6FIdwAnYwFyCMulwd8pKbbNOFFBoIskEjhTWNAHHC4xgaAAMJSuDB901cIzt7mKaVsYxsqapmMkhOSjVk5zhRQcrPZP0h0I8HGNccFTqZh15IQo2ZPCsqWPGDjslxWSrJYQaJga1PO6c3hP0nYDunKPoySkDbGc7hSoIuDhciiBwS391Ljjx2T4xwKnM61oA4Rg1JoCIjM0pZONTgMpAEo0cZyDhHGG4WzjIC4gkKU1rWDbsuMLQNgusBkcAE3bjgkU2xhjdK8bcKS2DSBsjQwtA+lFx6DhGo5PQaDQ7V8kxkcXqEVjMEYC61pJwFLgpycOwiO5XVyPp4dW2FNZFpA2ShgAbkBMlqo4Mh55Rm1RjXHMgkkzYm5yqO5XDWC0IFfdmOy0POScKtY5z3ckj3KhxdZrnJ7KyQx7pX6nLsrwwDCaXtjbnuo2XSOzuUs5TtwyxpcyEZCs4WBgB9FCpITEwOd9+VK1BwwCkWSyd3RcJSZI8YEaWjtstv0VbDBSOrJWeeTf8AJYu10clZcIYoxnJ3XqUUTaSmZABwAsF0ucI9z4fTb2rmJzsHdyaHHhCkcS5PWOXZ66EkkEB8u/KCXHJyunsMrjnNaC5xAA3R1rLJO1I5NMynhfPIQAwZWPq6yaundNMfKfpHoFJu1zkq5DECWxN4HqqOprRGNOF2NLpt589+qPPRhF0xfR2rqWMHPsFXCUuduUnNNTJnPbgdl6N0r0RFZ4G3y9keK7BhiLd2j1P7LuxiqoJHxfyPkHY8zY3pTpCGhgF6vTsP2MURHA9StfTvq71VCGP+XSDYjGAUqShnvUpfUN/kcNartny9LG2kpYtUjdgB3SbJZ7PNXXOb5ZIpKemtjC5unUdgByVYUdFXXInxTiEHcEYyla7K6ocyqq2kEcNWqp42xswAABskPkwys9DbdSwUkOiNgbp3JTp7hG3aPfCi1NSSDBCcZ59/ZdpqcsOXcpeBDk2NYySql1P/APQKUTT0XmkI2GyZU1MVFFkgewHdUFTWvqZNTifYZR7GwiRV3OplncWnDeMKKXO3cQmgd8bKl6g6lht8Jgh3kPbPKNQGxiTa6vip8B7g3VnBVPbqa8dU1RioGPjiGMySNx/8vCPbuljVg3bq+aSmgH/A5GP8XqoPUvxDq6iN1n6SAo6VuWuqcbyj0A7fqeUEsI9P4b6d1PlJJwWI/ss7p1F030NGaayRNuV6P43N06ccanb459PVYmsqbv1FXNud4k8d7QdLc5DM84/QJUdrkqHFzHgRD8RRpqgQt+VosHG33KTOzafVPHeLr8bTipcr2A8WGkB8R2nGTj3R7da7t1K9z2uMNLnBz+JWdn6S+aeyturQ6Pkxu+k/daKqrWwxG32WnZEWjAeBhjElt2cI22WQrW6viX7GRT2To2E01JETM05exx8+fcY2VE6lunUNe+srZmxRkAMdjbHoApptdPSCWsr6rxnuOrJbjJ/UqnqOoLr1I91s6PbIyI/VXOGGEH0Hfv3T6ascnkfLfUkdGtul5k+3/wCxOuXUFt6cjNrtgfW3KTb5djdL8+/OEO3dLVl6ljvPVMz5HNJMdLjS1meTz3wP0VrZOmLR02PH8004GDLKcvKdUXOeoeYKCPxHZ2APKduUeD5vq9bK+bnY22S5Z2RuxkDPqd0+lgqbhKI4IyR3OOFedO/D+ruLm1t0ZoA4B7L0Ogs1BbYRFSwgHucJU7MHOnbkylg6DgGKusGXnnK2lNS09JCI4Yw3HfHK61pbt6Jzh7pUrNywK3DCNzgpgJHdOJwhDfjfHolqHsEMDgFCDjk5Cqbx1XaLLqbV1LXSt/4ER1S/+XlUTbh1j1OXSWai/hsD+JqwaX49Qz/qqfHZDT3K50drh+YrZdEY5KzdR1fU150dN2uprXZxq2az/wAxB/yUy2fDW2eL851DUSXardyZT/LB9mrYQUFLRRtio4RG0DGBsiU9qIYmk6P6ivLWTdRXFtMw7uhp8gn7laW19K2a0Y+UpI9X9bhlx/Mq4Dcb5yujkpe5y4ICAA2AwkkkluOSDc4SzlJcyoQ6uEgLjnADcoDngZOVCBQ4nskSMcqMZ3j6eEjrdzsoQK4gZOVGdK4ggNTww7E5/VINGOFeMkIjm1UjsAaR6rjqVz8eIQce6mtIOQhYwn18kA+DEAAGYwnJHZcJGERDiZnKTiAd0E47lUlkgUuaO4/VA1ZyEyQ4Gou2VfVXelg/Fk+gKvohOeChSTQQj+a8N9yq91VXVw/3OEtHqU+Lp+pqP/njJqa7sOyhCPU3lrT4VAdbjwOyHFQXm4u0VA8FnOc8q/prdb6MBrYm+Xg43RZa2CJuGP3UIVlL0rRQv8SZz5j6OOwVsHUdGwANYzHoFXTV9S44Y7AVfK2aZx1PJUSCayWlXeYWjEUgCpaq81DyRrBH3XRQlx8xRGWyAYdpyUz8QSvc6Wc5IO6YKQvOeFbinjZtpSLI2DJAAVBJ4IUNF2eP3UhtDTNOTHn80CqulNSDGvJVHXdQyPBbE7ZMwWaaWehpm4IDfzWer+qBE8w0zM+pyqKpq56l2qR5/VRdO5KPaNUCbVXirqT9WkfdV+7jkndPxjuubeqoNRSBnfclcIx3XXhzsaQfZWts6XutxaHuiEbTzlU3gm5IoZTrI07n2Vlb+m6+vLC2IgHnK29u6Qt9E1rpow5zdyrQNYwamgNapvI7DPW7o2mpiHVDdRHsrp0FNRsAYwNACg3HqWmo8tEu7eO+VQ19wu1yGaZ+gP74VNZFuRdVl8pabLdYzjjKoqu+T1eRQRF7h2BTaexx4EldJrceSrKMUUDQKWINcO+FWCuytitNbWgPrpA3/CFMp7ba6A6/DaX+p7o75ZpRgv2UZ01PH/feYjblQsMZWknQwAH0TXyRQtzLJpCgVNwcz+5GAVVVNTJKcyPz7KESzwW1TeKSEHwnF7uyqau51dQA0ykN9lHdGXHy7n2VhRWO4VeMxaM9/REG1tKlxLjpc/JHqpEFrq604giz99lqKHpWip3iaoaZH91cNhhZ/cxaQPRVJ4JKzCwZyh6QjaGyVjw53oOyto6KCkaGxMAU2SeCHHiyAfdUd16pt9G7RFmVw4wgUslJuRbDYHLdICiVV2t9vj1yzgn0WOreqrjVaw1+gO49lSumlkOZZC5EF8TkbCt60Mf/AM72Frhw4rOVV1rKx7n1E73F3O6hOAwAHJjztsUY6Ne0cXknKReShl+Oy4ZQoHtQ4vPKEZT6Lhl7YQScqBpBDL7LhJKbrGCfRAM2dsKFj9XuuEjCHkpZKgZ0k52KZkriYoQKSMcoZ5SyfVCx7qEOJJiSmCByRg7hBPKWT6pimCBCRjlDJKWT6pimAlHIUkY5Qjyln3Qy4DkokhkY/s6mpJiPBB6SSSAIYkkkrICXCQFwuG6E5wwd1QKQ50wGQgOmJymOJzyuKD0siJLjkpJJKBiSSSUIO8P3Q9PuiiPJ5yiiM44ylt5IBY0lwOFJdGC0bfuo76ukpRmplDVnbr1lTxPMdLl7u2EMppBqiVnRo5qqCl/vXgLP3brGlgf4dMS5w7ArK1V2ra5xfNKd+B6KEIfEOcfms7n6NtWkS5kT6+93CvcS+dzWnsCq4NeXZJJKLowQOEQM1AYHCBybNMEq+hgjyF1sQzuieH7JzYSTjG6oY7cDTGXYwP3TfC425VlT2+d4Hk2VpBaY2YdIxMUMiZWYKOnopZT5G4VtTWgNA8YKybBDCAIxj8l3xB3RRh+xbsk+j9PkxPTF+Mz9sA5GZ7ZVdcrdHXwuilaMEFWqY5qhMsynThqLLWvs9Wf5biXRO7Y9Frmk77KqultbVs1t2e3drhyCpNrqpXs+Wqf72Mc+oUAsJ6DVQRzxFkg29UZJQHo8vpDJ0Z1ebVUE/wAMuf8AMiJ2AeTwt/AGv27Kv616Xh6msslNj/eYgX05HZ6pug+pTeaN1DWgsuFEBHUMJ3DhtlQNPLwi9uVH42HM+pp2RrLXSPDqWZ2XM4ypYDDnVuquaB9NUfOQjIB8zRyoSSyjQtTlHpKqKpjD2H7j0UhQzsckkkqayUJYf4idL1FxhF1tZ0VlONTHDnI9FuFx7WvaWuGQVZaM/wBD9SRX6gZ4xDKuFoZOz+l42Kv6iminaY5Ggg/svM7tDP0R1O28safkqxx8QMHB7lemUtVFVU8dTE8Oa9oIIOUyOGwZR4yRKL5asjq+jLxF48EoeHhx+uF2A4f5L5LvFur/AITfEKfp52p9KXl1EePGpycnf3yD3X1jfqOWSBlyovLW0Z1xu9fYrCfHXop3xW+HIvVj8t/tDTPBgZLdOfGhx6YIx+a9B4fVR09uLPxfZwdZT925Hhvxl+Glt+LnRBmtkscd3oz4tFO9v4sEGJ3rqBxhfGXg1NFVS0NdTvgqqZ5jnicN43jt7r7O+FvXLrgDRVT2mRrW+IwnYj1XnX9pv4WNdr+JdhomtIP/AL1axv1R/hqHEfmCcdwvrXg9bHTS+B9S6/sfOvqvwctXW9VSuUuf8Hz/ABnYLsvlaZMZIQYycj0Uk4cAF7Vcnyfbh4HUlQ4YBCtIvX1VNvHJgDZW1M/VG3J3IR1sTYv0TARjlNQATnlGZ9IWgSdSSSREDJJJKAyWRySSSgKQkkklCxqSckoQakkkoQCkkkoGNSSSUIMTnLo5TkMuyAsZTHYLcEJ42TcFW0miEd7c52UXDqd3zce0kf04KnOb6hR3tOCPVZL6vli4j6NTZp5xnW8NH0H8CfiY10MNnuk48x0h7t8ff9V6f1ZZ2UsjK+lZpjkPnaOAfZfGdouVTZ6ttVSvLSCM4Povrj4Tdd2/rqxutlRpdNAwZa45dheE8hoHpbc47P0n9EfUkPO6Xbc/9WKw/wDoQ2sD28dlFfC5pJI2V/eLRLa6gkN/lHgjsoMkTJ4NI2JXP3YPdfB8iKKvt0NbEWOaM45XkfW3TMOZP5PrnZe4mnMWA8fuq29dPU9wgc7QC4j0WvTat1SOB5jw0NTVho+Ra2mkt9WWtyBnuplJWEEEAFeidddGBoeWwYO+CAvJ6hlVaanw5AcZwCV6jR6xWLk+DfUPgJ6WxuK4NZTVQnbpdgZSqaRuMg8qjo67U5rhsr6nqWTNawnchdiElJHhpZgyrmpCctc0EFQqeSe01rJmZLQd/stHNSZGR6KpqqU53AOU4OFm7h9Ghinp7nTiRpDgRuO4VDX0gikJZyCodDXTW6pyMhhO47LUGCnuFOJ4sOJG/smRsKlDb/gJ0d1bUWuZtNUyEwk437L2ClrGVEDJWuBDhkbr58qaaSklLXjbkH1W16G6w8Itpq15IA0blaI2ZOVrtJv/ANSpHrTXeyKDlRaWpinhbJE4EEZUlqamch/3OpJJJpQ9JJJQgkkklAB6cmpygIkkklCCTU5NUIE4wfReffFPpWGvgN8pYdM8ezy0cj3XoR3TXMDm6XYIPqMrPKOTRpr3RLKPmRzCBvyQodTT+IcgbrYdfdNSdPXcBjf92mB8Ij/L91nGt04JblZ3E9Xp71OKaMxKx7JS17cYKE8HIIOMK7rqF0zzKzA9vVVT4nEcYKRKODpQmmsFpZ64n+TKR91cAg7grHxudDIHB2MLR0VXFNEC12ShT9MVZDDyiUeD9kAgEp5GDhJMEojTRAhbP4U9TyWu8ttE8pEdScsOfpesm4ZChOJieSBnKuPeBdtULYOMkfTckL4JpoJYdVLNqGNXfHnaP2/VTumfl6uyfwmdpfJbnPpJST9bNsf/AOIrLfD/AKkHVXTrTK4fMwHw5Dnl7R9X5hWVPUy9OXlldK3FNVARVJHoOP1GR+S3Vrg8hfGdU9klhomfCa6ydG9QT9G3CU/KTSkjO3mPDh9wvb6yJweJ4jgx77c4Xg/xMsTqGopuqba0tdE8NmwN8fhP+a9U+HnVUfUljgmLx4zGBrxnuO6J8dmHVR3Yt9vs1T4qHqW3Opag6mjBGOWOHBCXTF7Jkn6Q6gA/iUDjoe/cVUXeT7dsKJEBaqw1kDCYJBiVo9f6lA+IVlreoLI2usNX8peaFwmt9QOdfZmfQpZmjzJRRHtlW74Y9SRdGVuG9P3Z+bNOc6aWd300jj6O/wCH7ADvt6Uw4Xzbb/itT/F+y1vwy69pHW6/4c1r2jDPFb3xth7Tjj1W1+B3xIuV1dUfDjracu6msYDTK8eatgzhsvv6Ks7X/Y0X6C2MN0l9y7/x+1/9z1/JSBOVxJNeJHOQdpyMlEUdFQNYLHpyanICHQeyICMIS7kqECLqG7tunN25KhBySYkoQekuZCWQoQ6kuZCRIwoQeSMcoB5SJOeVxQgkkklCDUk5JQg1cXUlCHiHxF+GN46Mub/iF8K4HMa467jb2Hyu/wATR27rWfDv4k2frSga+nmxOzyyMcNLg4cjC9DZ3XivxK+Gl16ZuMnxA+HGYps66+hYPLKzuWjsSoa67VOW2x8+n/8AZnsUcmcDlSWu1dl5x8OPiZaes6Jj4z4FSwaJoHu8zXjlegNfnfHKgqcNjw+yQgVEBdiRnIRmu1dl1QWQmvPdFa5cqIgXBwGExm3JUIHSXARjldUIFSTUkRANXSMqGEEb9ioEbpIH+BPnb6SrdBqaZlRGWkYPYqyER51YwVxRYnujkdDKdwdsqTnCnZCtvlogu1I6GVgJAOD6L53+KXw2Zc4X080Aa9gJjeAvpouCoepunae8UzsMGsA9kEoKSNWk1U9JZvifIXwq62rOn55+g+qvJBJMWMe4fQeF630Z1B/st1BJbKwa6KrGktLsBp/qz6f9VhPjH0BWVEX8YtkWm4W5xe+Hu71wfyCifD/rGLqy3Ns9fL4F3onag6TbWMeb7HYLkavTbuEfoP6R+p43VRSkeqfEPp3w5WXOkAw3DgQOQoVrrIrxbDTyEa2DG6tOj7//ABGB/TV7Zqlbnw5H7gjsAVl+oLXU9M3YT07S2CV2+OMrgXQ2Twfa9JqY6itOJm+rumo2NdIItj7LxjqayillM8LCMnzAcfdfTswpbtQaQ4EuH6FeZdS9PBkksU8QLH5wcJWODB5Tx3zxc0eGkZVtYqvwn+A8+U8JXOzPoal7HbAuOn7KEyLRv37FSLwzxMq3F4Le4wkya8ZBGxVSWEE7Yyregq/HYYJsOLRsTyg1NMGjUG7Js1lFqOQ/T1aaWsDHHActod9+xXnTJPDla9u2HAr0W3/71Ssl9QFkaeTu+OtytgxzAVFmYPRWTogOyiSNJ7JbWTqNFZJGPRQ5ogNw391ZTsyRgKPJGcKjPZX7K1wxlRjvkKa5pycBRi0nKmDHbEgTxgjb0Ve5pGcq4e0OyT6KBNEewRnO1FeUQjsnEZGF0jBwmJi7OXZHBGnj3BCLRzOY4BOc3UFGc0xkFNccmbOyWUaahq9TcEhWEMhY4Eb5WXoajQRnur6jqWuAJ9EuUcHZ0d7lgu4j4zdwmuaYn5AQYZwxwAU04qGAAbpLi2dyuW4nWypBGkkZUmpZqGVRwmSmnDjx6K7p5hUszjGVR0arHt2zIbtUEgcBuri11bJ26dQyoc1L4jSfZVkTpaCp8RpyPRKl+h0bHCSNZHOYJ26uMq7jf4oOcBZqGoFZDrGzmjKsrfV4/kyu74BSJwOpRfyXUDjG8HK0VvrM4GVmWtGMgqVQ1Zjfv2WWaOzp7kmjWyv1NaeVDqYhK3SU6mqBKwAndOdGT7LO1hnS4muCjng8KQgDYJzQMYCn1lK6Rh0N37qGGFuARjCoFkeSHJ2CiyUmncK3bGHjhClhzyoTbko5oC4aS3n3VNU07o5CMYC1MtPnct/dV9wpNcJw3dTGDNZW+0ZiTLeEWkrJqOUTwu0lpzzynTQ5GfRR0qytSWDNlxeT3P4bfEJt0ibbK0gkDALjghekt0kh0b/0K+T7VUy0FUyqgc4PYc7HGV7x8Putqe7wCkq5Q2UDAJ/yK5Wo0u3o6+k1js4n2eiwSkgAndTmSDSBj91TRuIcDjb7qdHJkBci2GGdZPJPyDwU5RWO2T3Eu9lnLD4CRaCMITSdQ3KKCAFRCNO1zSHDspFLUl2GpENdsoskU0bg6Lj0QNAFyw6xldGxwq6jqyDofz6Kxa9rhlIlEW0dIykBhcBxthLV7JO0g5JJJQoaCRwlqPdcXWfUFCA5A6OTxwPyUmOTUAfVNlaHMxhMgd4bNJ9VfQOMkgcp4IwoyLkq+wWtw9cPCakpgvAxziDgFIOce6akqyDk7MzWNJGQVl6lgtdydG0ERTduwd7LVnB7qtutBHWQlrm7jdp7grVXZzgYuStcdXCjvaSNJGxSpJS4GGQYfF5T74UmRnlBAW6uY3a+zxz4m9K6zJUxswPq2C8iLPBdpxwvqi925lxoZadzQXFpIXz11VYjbK9zCMEk9l3tFqUvtZyPIaaT++JnZGioiczG4GUO2VDoJQwuwWlHcwxuBAUOYBk+pgx3XV7Rx23XNSPcuiLw26Wz5OZ2XtGBlaWhlOh1M927CvG+iL06jrY8vwHEAheoQ1eisExPlfssltZ6TSX/ACRyaiikIGnsFaR8ZVPSn6XD1VrG/DcYXPtWGdauQVJN1hOSRyeTjvpKA4AZR3fSUF3J+6tCrARG+yFKM4UlmN8oRGStEJ4EtZIE0W2cZWK6rtjK+KaF7M7Fb2duBsFSXajEkJe1vmb+4XR09uDm67TqdbR8hXmjl6U6mkhwRBM8ub6DJWxt9Y2SBsuxyPVWvxh6V+ZpTXwR+ePzAgLA9I3X5iI00hw+PZfQvCa1zhsmz4R57xz0GrkkuGzfCD5qlD2fUDlajou8FkvykpIIGN1krTUOZLjPlOxBVm6KS31rayI7cn7Lv2wVkWjDodTLTWqxHsdJNrY05yQrKOQ6QFmOnbgytpWP1ZOkK+ikBlazGxXk9VVtk4n2Txd8boRsi+yyikcHDJ5U5mwBBVW06d/RTKWXWwErmNcnqIzTJiS4CMLuQkDdyDJIKSLIWRLjtxyunhDJOeVSFIY9u/KiVsRGKpv1NwD7hTUyVoeMEZB7Ii2iBr1YPCeOCosTi2V0Dhgt4+ylDgq1FMmBju6hTg6dxspp5QZmg4GFbQiaysHnfV0clk6hoeqqfyx6flagD+k9/wBlv6Z5kia88kAql6mtbbjap6ZzM5aSPY9lE6Bu0twtLqSpP8+hd4L8nfA4JVpYMlbcJKJpwMJJJJptG5KWM7JiSgJCp8B80fGl5UkHGVA80N3Lfwyt3+6mO3OxUAFr524UeTLZx6OblGAwo9Z5ND/VwaiawDIKXDB3CA0nVhNyR3SVipPAOr80Zz3CrYyWuYD+EYVrJuqh21TIOyNmWa3B378KHVN1t0HvspjSCwfmosozsjMV8eChjkc3XF/Q7AXHk+q5UOEVXpA+t2FyUasj02R4yc+T5JdPIfDDcZQKtgLNxnKdQvAZ4eN0V4wQc+qahU3lFXE/RIWk7+izvxEpxP0+92PpKu3gi5YDtvRRer4RNYpYxuST/kt+k+2aZ5j6gpWo8fbX/Y8JZkNAH5qVSjBQg3DyMd1IgBC9NS93J+arVteCWOF1JJEJAuOnjdQblUkQOGADurEgEgFUN5lDS8Z5We0bTzLBTOcXOJPdCcnjuuDlZG8M6ceEFi7KbTnGD6KJDwFPh4C1Vci5cj5H4bwoM0mrbClykaeVBlO+Uc8gwXIM5duixMJwENvOPRSogAAfRCaowyEjZv8AdWFNHwcKLG05ACsqePDQStNSDa2rIeNoGPVGA8vKZkD7LjiMLoQRlutwDPKYST3XHTYOMIRmyOOU9ywYn97CB3q4Ksudc1h0MyfUhGnnDGlxPZUNRK6aUuyudqtTLGyI2qtqWTgw55djlGfgNCHH2yNymzuAaBlc3OOWbEs8A558eUKL31ZymyEudkHddYMDcpNksj4rajheXEAdlaU9MxjQeXHcqNQUwf8AzXtz6ZVmcMbgbK4gTnnoC5ukb7KDUzbY2RamUAYVY+TU48oZ2ei64+xkji92SuwjJKQaXEABSYINwSFmy5MZKSSJFPFnGyntaANkOCMAA4UgDsnxMs5ZGxg5+ykxtzpJHqmxx4PCkxNI3ITYLBmlLA5jMY2UhrfKkxoI4T08zTnuEnjlNDXHspUUOwJRxjli8nI484yEYhrMED910tawbIcTS925WmMFgHmTHgOkIwOVNggDAD/qlT0+kai1SA07ABTCXLPRaDQJxU5C0dgnBmTyk1pzjKlwU5dgkK1I7lVWMI5TUhdhxVk2JjGD1CUTWMZxjCjV1wjp2a3du2cKG6MY1R3SH1FdFSRkuIzwBlZysr3TPLjv7eiFV1wqpTKAQPRRHya+Mozz3kPIO2e2LBOYC8bZ3UnyxsGcfZNDWxt8STnsFHLzK/ZxUOI7cBDrlcA3urCjg8MgkZKDSRNxkhSpCGD7IJPHA6l7nlkkvYxmNQQo6g6uxCrpakuOASFJto+YmbDj6jhY7ZY5PR6D/UkoHoHQlA6Vz7hIzDR5W5/zWwnl83OeygWimjoaCOBoxhoz90QanPJ3wuXY25ZPqHj6lRSoBvqXdPunsZgJEgd+EtPJ0sjBgclUl/uBZijheASMvI9PRT7nXxUkfiSH7DuSsTW1jnyOlccl5zyulo6HN5PL/UfmIaKl1xf3M7LNoGC7OfVVrm1FbUMpqaPVK/gBcmldI7AOF6p0L0NHao47xc4y6pfu0H8IXodPWqVk+G+W8q5N/Ix3SXRVFZaFtxurWmrIDgPRaGOhqbtO2pqdoGnyMO2wUv5J1XU65nfym7hqmFklS4UdGMZ2Lh+EI7J5PE3Wytk5SY2QzAtoLVCHSnGojhg91orR0+yjxUVQDpXc+y7abfDbohHGCXO3e88kq1fKGAY3WWUsmeTyFaW9hsFHmqnTOMMOwGxd/ohyzSOaWRnGeSpdNCyJg2AJG6EQ+WcoqYB3iPHshXC6QUbvCwHKPc7mIGGngd5jzhUEkr5sl2SQjig1HHJImqH1EzpJJMg8b8J8TMtJI29U6ktwfD8xWfyo2jU5x2wFmq+6VvVFa6y9OvMVBDtJUEbu/NE2h1NUr5bYI7deoJrhUjp/pzM9TMdL3j6Wfc9u6n0tusXRFvNffqw1VwwCx342+oYP0z+Se2q6f6Lom0drY6Srfl31bk998e6yNT/ELrVvr7lKHyy8/Ydkuc8dH0P6f+j7NTH+RqliAO+3iv6przNLIW0oOI2cE/8AzU2OhdEAXM0gDYIzvlrfH4zmAuHCZSUdz6inaRmOInf7LLOw+mU0QohtikoIEKiWtk+So2kNH1uHotPabBT0TRPKwOe7fccKzoLLDaoA0sbqIyTjdMfWCQ6G4ylqLteDka/ytenrf3YgMllMpDAD4Q2P+L7KtvN9tHTtGaurd4f9LBu5+OcD2yP1UK93/wCQmbR0Q+Zq3ZxDFvxjk9uVJ6e6OZFUN6g6sLp6vGWRF/8AcY7g8LbVUoLk+deU+oXqHtg/sZXW/p6+9byGt6gjFHaJhltE3Zz8ciQenG3fdamW5WLp2kEdPFFCxgw1rAAFAuN/qLjN/DenaaSrlk+ks2BK1/SHwgDqmO79RvZU1DN2taPI0+ue5UnYonkb9RKb5ZmbHYr91zV+NCwMoXfjcefsvVumOhrV0/A0up2STf1EZWipKGChYIoI2saOwHKkLNZPcY52NsBoI4bgDsmnHdGcRg7KK44zk4wqWfZQ/SB3TA8d+AqSs6npzIaS1QvuFV/3UPA+7uB+qZB05frvl9/uJpqc/wDwVNsx3/OeT+qW5YIK4dXUNPO+it9PNcqkDZlKNQaf8R/CokNi606ija65VVPZ6OTOY6Xecj0MnK1VstFutjS2io4ovdo3/VTQ0BT5MEKOxdFWGxx6KWlY6Uf/ABDxqmJ/5irtrQNucLoOM9k1reUpyyQbpA3CS65cRIh3PC4kmue1n1HCsg5I7BR3Vbclse5QHmsl7YaoQPJUNZsVHFT4mRHyuCDV/eZ/VPEQHH+ShAZbPnMh2K5oOcqQkoQDgLuAuZCRIwoQ4BldIzyEM8pagB6oo8kFpI3yhPlJ2wuPqmtOl3cKK6sjbs3f80UVjkgfJOUwyNYMucoplqZc+CExtHVy/wB67ZFgg6puVLGcOcdvRRJK2qqiBQUxLf6nhWMNup495Bko+ljANIAHor6IU0dpr6sj5ycsjO5aw4U2nstspjqEWpw7kqRJPtgILiSOVCB/EiiaWxtAA4Ud1Q45CESc8rirJBzpHEFRXAZP3Ug8KO44J+6iIdLW4OyDrHojPOBwoUkwZk4491aTYZJB2IATH1AZueFUVF8EYIa7Cpay61UxwHbFOUckXJoK29U8QOHbgeqoau+yT6mxuyPuoJcXklxyhhmEW3AzZxkbJO+V2Xc/dC0bndPII7pAc7qZKGub7ppA9V1zsnTjdW9n6QvV1/mNjEUP9biizhB7sFE/LjgDdXNq6PulxIkdpihP4nLe2boyy2iMTTf7xUY31bgKzL2RtPlDWjtwlStwDKeeCgtvSNstzQ5zTK8D8e4Vq8RsAaA1gH5KLcr5TUrNYIcR2BWZrbpPXP1F5a09gh5mAsstbl1JSUjjCWlxOwwszU3S43OV0LXGGAHPONkSRjDu7coD5QGaANgpFYDjHHI4UNDGQ6RwJ990b5mOJumPAyq97i5265k+qcRrJLM8hcXF4I9Fz5trO2Co+UsE/SMlU3go7PV1D9mu2UNziTqc7JVnTWqtrHYZDgepV5S9JwNAfWPDz2HCEmV6MiIaichkURdn0VhRdJ1VQ9rqpga33W0gpaWnaI4YWjAwCBug1NZSUUTnVM4YewUKTeSBS2Kgt51CNr3HuQpRAjyeAFnbl15SUship2CVw/FjLVlLl1Vcq57g2ZzGHsDhW1kZtcze1t7ttLGXvmBI7ArN3HrhxY6KhjLR3J7rKNlLj53Ek9kjpAzlUGqx9VdrjUyl8k5weBlRgSSS45K65wcdwmlwwpjA2EEcTclcJGUN/wBJVZNCikGLh3IQvFJOMIZJzyua/ZMKwFyMIZJXMobnAgjO6hAmR6rhIxyo5JJ5XMlQh1xJJ3XExJQgkklw8KBjUkN/1FcUIdakcri4XZGMooywQakmnlJFnJBJJJpIwixuCUcnEk08rivCHRjgRQyTldyEshCW3k6kmZCY94ChQ7ISyFHMmDwuGTIxhL3l4CFwA5QH1HIwmPcSc5KYrLOl7ycpvmRdDfRLQ30ULBroOFxJQIekkkSG7uOB64VN4DEATwntjJ7FRqm6UFDEZJZxkcBZe7dcyPJpqB33KW7Uh0KJWdGtmrKOijMlTMGkcDPKzV06zcGOgoGEA7aj3WUlqKmtfrllc4n1K4InEDdLlLca6tNGP5Baq41lcNNRKSAc7FDABGCPzXGxOJ4ypDYiNyEEotmhRUegAjx2Tmx47cqQGZwAN1Iit9RIR5cA90OwtvBAMWMe6kRQE4AGSraCyZw6YqwgpIIdwwZ+yoVO1R6KWC1zSEEjZW0FsggAcdypmwGwQJ6gN2wqEfK5Me1rWjAACTjgblRTU7HGVFNTKchzsom8F99k2SUZ5CBJUY4CA5zjucqNNXxQHDyP1UdqyMhByP1aSSSX41P2wMSSSUINc3PdQainc14qI8hzfQ8qwTHNzsoC0dp52zxB4O/dFUCIPo5iCCY3nt2U8EEZBULaysC915p8QLVWdNXan64ssIbG1+m6MYPrhz9W3cbr0tMlhiqInQzRtex40ua4ZBCgtZhLJVWm40l2omVtFLrjfwVIlYDgEZWAsfzHw86hPSlSddur5Cba8nGkk/3f5AjC9DcM4ycZ3UHZyiDROdSVZjJOlx2V80YGVVz0+cEc9k611b3aqWZ3mYdlDPOOei2SXGrqgh8D00kFdPC4TjYIZPASkU/VnT8d9tT6QgZG49ViOhb5UWq4SdOXBxxHlkWrtg7L1EnK8++IvTkrYmX+gw2eF4L9I5CKuWXkZ3HBvDu3GR/1WYbWVHR3UUcpINru8hhmzxFK78X54/ZE6O6gjvlrjeXjxY2hrxnuFcXG2013oJbfVMD4phhwPb3+62xZjlXh4fR8lf2gOhXfCX4nN60ssRbY+oH+K0N+lkuB4jM+wBK1XT90gvVA2KbRPTzx4YXDIe3G4I9N+F63crJRfFDom6/CzrF7JLhRx4jqDxpA/lVLfUtDd18pdG1Vx6N6nreh7wDFPQS+DpIxh45/zXvvBa/5Yqqfa9nnNdT8c2vR4x8Xvht/7OOpsUALrRc9U9G8nJYfxRn2GRj7n0WNjfnlfanWvRlk+JnS9T0/ciWGVuqCUcwyj6XD7L4uutquPT19rLFdacw1FFIYyD+IYzn919V8bqHZDZJ8o+L/AFJ4eehtd1a+yXP+BxAeNXdFpZyHNiPCCyQFq60hjwccrrRlhnk5dFvsAMHKUfIQoiXMBUj6dgE9ciGdSSSRlBkkklAJjkkklARJJJKBCSXcFLBUIcTUVNwVCZGLh4XUlCACDlcwUctBOSFzQ30UDBpJ6SEgIbrukDsuJwOVclkgI75GMKM5gP5qbp90J7M43S2WngguYB3/AGWi6E6tq+jb9T3SGV/hscDI1p+oe6pHN90w4AKw63Tw1MdskdrwnmL/AA2qjqdO8Nd/3R9wWe4UnXHTUVxpXNLnjLm5yQVQT0ctFMYpGkY4XhfwV+KUvRd4NJcJXOoZx4ZBOQzPdfUl0oaa6UTauDDtTdbXD0K+e6qmWltdcj9VfT3mqPNaSOoof+V+mYwxNqmFoGCNwgU4cXOik/Dspro5KSXDxx+6bVQiVpng2J5Wb5MM7k0pGc6i6eguEDgWDOF4R1v0YC6RjocHfBwvpRri5ul43CzHVnTEV0pnSRMGsDJC6ek1nxvk8b9QeFhq6ntXZ8eyQ1lmqzDOCWZ2PZXVLXFsjHjgLVdb9JzPD2Nj0yMJwccrzyCSWimNLVAtIOASvWaPWfIuT4D5vwU9LNuKN5S1EVTEHsIPqPRBqadrwqOhqpKeUPjOx5HYrQwzMmaDwuxXNTR5SUNjKWvt2sDScEcKPZ7zLQVHhSOOgHG6v6mEOGcLO3K3PY8zxNyCdwETX6DjJTjtZrKqlir6cPY0EOGQsu7xKGqIBLSCpXTd3ljlFHM/LD9Oeyt7nboa3cN0u9QjTwSS+N4NT0Z1YHNZC5+4w0tJXo8M4cBtsV84xyVNqqhuWlp2PqvWOj+qvmYI4amQE7AHO4+6dCeeGcTX6TH+pUjfjcIyjN4Hunp6eezjD0kkk0MSSSShTHpJJKC2OSSSUIJNTk1Qgk5p/ZNXWqpdEIHUPT9F1Fb30dVG0yYJieRu13svA7tQ1VouM9trYdEkDi0+/uvo7uFjPiF0nFe6SS6QsHzcQ5A3cPdIaOlotYq5KEzxd7cg7Krq4BnOMZVu5pBLXbFpwfuo1RAHj/VIlA9PXZjkoJ4dwAF23yvpps+vKl1EWDxhV8jPRZJrDNcXv4NHFMJWBwRVU26ujbpp5TjPBVq06zsrT/ZntjtYlHljz2UlMk+yZ/crosuiepX9J3gTvB+UqMMqf+TPP7n9V7xcoIrnb3Na4PjkbqYQc88FfNkrQdyvWvhL1Qa2hd07WuzNSNHhOJ+uPOB+mw/MLRRb92Gcryendy+VLk9O6Wrf4vaKjp65sD56eIN83EkQ2H5jP7qq6Uq6noTqR9qmkPgSybe7CUCWSe03SC5Q5Gh2Hgd2nkK96kooOo7MLvbsfOUfnYRyW9wtk456PN4zw+j15z46qlDojlkrQQc9ilQzmNopJ/wnykrC/DnquOstsdFWPxI3y7ncey2kwwRIBkY2KW1xg51kdksHjP8AaD6ArbRVw/Ffo5hhq6CTxa3SO+BplPucEH8ln7pX1XWdlt3xa6IqGRdQ2Mh74c7kN+tg/bS0j6F9GU7qC4Uz2VELamGQFkkT92uaeQV8x9SWur+AnxHDKV0rem7yQGnGs6PUejmO7f8AVZZRa6OxodRK+v4n+cVxn2vaZ9SfDb4hWr4l9LU/UtsAYX/y54tWfClA8zf1WqXyLZup3fA74iRX+PVJ0d1aWmuFPvFTyEgtkYf0O/4SV9dxeDNCKinl1xu+l2MZR1Pemn2jneQ0saJqyr8Jcr/7r/oIcorCMAZUcjBwntJzyntHPJSS4OF1KIOSSSUIJdzhcSUIJJJJQh3JSyVxJQh3JSyVxJQgkkklCCSSSUIJJJJQg1JJJQglxdSUJw+zxn4pfDGrtNVJ1/0C10VXGddRRR7CX1I9Fd/DH4mUnVdE2mqneFWxbOjfs7C9Ojdp3XjPxS+GNwoKt3XXQZdDWMJkraVg2mA3y399lDRGcZLEj16N/tyjg5Xl3wz+J0HVFMyhqwIq2Lyva84OR2XpLJCBuoKnHD4DSN1D7KI9hbuFL1+yG5upQojtkIIBRmPyEKSPcEdkxr8DBUIS8j1Tsj1UQEl2corHDYEo8EDpDdcBGNyuqiEauoWTt1gAPA5CqY6h2owS7OYcD3V8BjuoFwt7JR48TcPbucd0cZYIRC4+q62U4wVHD3NOh43RdkXZaMt1j08+pAuFEwFzQfEaBu4eq+Ufib0XcejLuer+nMsa+R0tTCG7u33X2u7B7rBdb9GtuNNURMjBjqONvpO+yRdUpo7Hh/JvQahSPE+meroupaemvdtqHQ19McVB9+235Fer66brvp4MfoZVgc/4gvl69Wu9/CfqYVby8290h8gbkSAnZpXrnQvVtDM6K6UM2qOTAc3PHsV57XaTHKP0l9IfUkNS1CTwGp/munbi+ir2ODHHTnsPdT7tQw1cJLmhzXDIK0XVNoi6loRcreQZGt8ze6ylpuscoNrqTpliOkErivMHg+qb4zXJ5x1h0tqjc4REkAkEDdeYzwOjc6NwILThfR12oDISC0cceq8h6t6blpZzNGzAyc7cqNZ5PM+V8d/XWYqKR1PMJO3dW8pZU0/l31b5VXPCew3C7aa/w5DA/wC26Yn6Z57a4PDGSRmJ2Butf0jc9cfysjtxwqGtp2OcJGN5G6bap301cxw2Gd0ucUatHP47Uz0Rzc7KJO0DgcqTG8Sty30Q5IiUjB6VfdyV8jBzhRXtDtuFZSRHGMKBM0sOcKsgyjwV07A05AUaSLG6sHtBxlAcz0UMNsSslafRRJWYHCspWgHhRZmggKGC6PBUTtBdsEBzduVYTMwdgoMoPpwii8s5N0eRjOd0OZucEDdIAh3KccFuE9IxuOQbCWnZWdFUkENKq3gxuzjlOZJkbdlHyFXZKt8Gsp5tQa7lWtulzMA7hZW3V2CInK7gkLTloz+aXwjv6PUReHkvamDxI9cWDjdPttTob4ZHCFbKhk2Gl2/oUaroxCROzIzyAcJM0dyucZ8xLRj2yNAAUGupABrxlKkqS0AOCmvf44HZLwPb3FZQV7qSo0yjyEYV60tD2yN3DtwqO4UWGeIwcItnrnk/KzHIx5SUDjkKqc4vk2VBVeI7Q4jhSQ4sdkDCoaSZscgLTwrmOdsreOUiyvB2dPqOEXFuriC1pIV8x7ZGBwWOgf4Tw7fZaS2TNe0ebO2yySidzT3Z4JvOQoU8IB1AKad8LskIewJL4Nqw+StaMfkuuZlHfAWuyBjK6WAKuxsV+yE6LPZQ54Adi3IVu6HAJIUWaLPCgNleTHXGlNPM5uMNduFXOiPI7rY3O3/NU+G41t3BWWe3QXMeMFpwVDl6iGxkeMe/CsrVcam21LainkIIOcZ5VbINDtu66HFw9Eu2tTWBdFjhJNH0f0N1XF1DQhjngzxNGod1ronEHBXy9031FWWOsjnp5iwgjO+xHoV9A9L9TUnUNGx7ZAJgPO1cLV6bZyei0+oVvBqGPyEZrvZV7XGMjIUiOUEfdcqcMG1cktOkztugA6iMI4kGkA9ksh1riThPyA3dBTt+xS2sE6I79UUhmbwFOoqjx2A5GUBrWuBDhlBla6lIkgz7jPKEBl2wADY5yukZVbS1bnkEjf0VizjJKABrBxJJJCyM65cXXLiUCFQnswirjxlqgKGxkb7oyiAFpyjxv7FWmW0ESTEleShJJJIWQaSexTTuE5Narg8MtFHc6M08prGDDTs8pjZQ9o991dVEbZ4nQvGQ8YWdbHJSSuhkydJx+S30z/ZojLK5CTM8uRyvOfiN0sytt5rqduHxHJwvSh5hhVF0gLg6nIyHBdSieHkVZDesHzRPTlpw4bhVFW7RJgheg9b2GS2VzpmsIY84OAsBeYXxME7RsDuvQaazeec1dWxthrbVmGdrmnGD2XrNquoq7SyfV54wAfVeNUM7H6SPRbzpe4RupnUwB1A5+4WmyG6Iei1GOD2Sw1IqaKKbOTjBVy1yw3RlweXSUxOWt8wWzY/Izjlcm+vk9JRLMUyQCco7OFFHKkM4WM1QeRyYTtghPTWqFpZAOcU1GezG+ULV7JsUDKOEDkaHDdRZomuaWkbHZTnjIKgyAgkLXTNwZmtWUYTq2zsq6WaBzMggr5jvFBN0v1K8aS2J78j0X2DeIGuizp3XhPxd6YFZTurYIgHx+bIXo/F6x12JHz76t8b/ACaHNLlFVbasTRtlYdyMrU07xX0IZy8DC8w6TuhLPlpHedmy9BtlW2F0buRndfRabFZBSPkkIvo03R9zdSzmklONJxuvRYpxljxvnfK8nl/kVMddTnyuO+F6DZK9tZSMIduAuRrqeXI999K+Q2v4LGaiOUPG+Mo8T9BACq6d2HDJVg12poC4NsEmfR6rtxZxvLmgpwJyo1I8BgYeykAg8LHOODbF5Cg7cpZHqhZKWT6qYGpZQUkY5Qjylk+qSiRaQxJJI7KyyBcYgzTPGMFp3+ybG/U3OOVJmIlGkjbhVsBdDI+ledm7s/5UZCUmOGQnpqgMugMsYOMBYBrXdL9dNLDppbuCNPbxO69Ecsh8QLW6stnzcAxPR5qI3DkFuCqnnJitW37jUg5JHouqq6cuf8Ts1LVucDI+NuvHrjdWmpNj0OrnuimwaSSSssr7iPDrKeoaPqfo/VHI3KZc49cGrG7DkH0K5GSWgk5yAVAB45QrgNUAwN2nUnDlKpGqleOdijFzZFbnSHH8SchwyeJTRHG7dj+SeDkk+qgtjyMqlqBiqcrpVNfGYnGfHKYxEl6OMJwmPAwns4TXDGMokY7OzO3OPTNqA35UcOyzOcqyu0eS4gcBU9O8+GGnkFPhg5Vz2zZKopP940k9lPc0A8qqhGmu52KspAchGhSeUUk58O5jKBfMy2qcHsCf2Uu6BrJmPDdyNyo07vEpHtx2WzTPEjha2PyV2Vv2meHvaBK8Yx5ijwjAGy5WN0V1Q3GMTORG4wML0um/Hk/MepW22UX6Z1Oamp34Vol0IGS4+rOwWXusolmLWlaKvfopzg4WTkJc9z3ckrn3yNWmjzkZwEJ25RJTxhDjOMErPHs3YwSIBuFObjQFFjGCEUO2IyttYpnJn+blRzg90pjuMFBAJPKsZBDmNLnhWELSMZ7qLBERyFY07c424Vo0wXskU0OojIVkIgGjfCjwNDQBhElJ089ltrSwDbPCHOPoUN7sDcpjTvueyZIfda1wjnWy3DQ/fhDmkDBjIXdYAKra2bsCl3XRgsslccvgFXzuewxt7qLFDndwT2tLnZcE4va0HAXKsnve41RQJ5EQx6qvqZi46co1XPjZRC0uOVmk9xojHA5rTnUe6K1hecAIcQz5VZ0tOI93DOUMY5Lm0kSIGiOIADG3CBUzbI+WtBGrkKprKhpOG5IRPCQmH3MFUSEnlRcHOV0uLnZUiFuwyFls7NS+1DoI84BG5VhHDsDhNgiaADhS2swNgpBGWyZxrSFJjBaRtyuRsxjZSI25OcLRFZMdln6HsYOcIzcDfC40DCfpPZPjEU5ncZT2tIICexhJGylxQYxsmxiIcjkMIOMhGk0tZ9k55EbcD0QGsfI7bZMT2spRcujjS579OM5U2npi0h3quQQhuPKFPij2Gyenwd7xfj9/+pMUbMDhEwE8NAGEmscd8H8kuUsnp69Pjo7FCXuAAyrOKDSBkLtNTeDGHuAJO65V1cUUep5xjhVk0qr4o7gdZMynjLie2wWWudZ80wx4wu3O5STPIDiR9+Aq18vqmHnPJ+QdjaizmstAHKJC0tw942TIoXSu9ANynzSYw1o2GyI4M5jKiR0z9LRgDZGp4Q0Ake6HGwk5wi+LoUExeZEiJwb7KBcLm1zvCj7clNqK9reFn3VLpJDt3KTKWDdVJIumVOrB5ytz0JZ21VWKqUZZHhx+689tbDVTNi917V05RMt1tihDMPcA5xWHUSye1+m9PG6fzPovA46sBTIWjSCeyhwAuI2U1n0hc6bPo1XCC7AeiiVDxE3UXAAI0pw3lZq+3QsIpon4J3Kdp6HbLBl8h5CvQ0uybKy93H5qYudlsbNmg9/dZ2oqHPflp+yPX1TZX6GkkDv7rb/DroSSoqYr5dotETPNCx2xJ7Fel02nVMUmfCfqLzi1VspMs/hx0E2Jrb/1BCDIQDFER39SF6G1rp3kjZrePRPwNgMaRsAEF8s00nyNFjLvrcOy2NpHzy66V0nKTEWz1D/l6KPUeHH0V9bKBlFCGgDUeSm0VCyiiDIgdX4ndyVMbsMErNOWTK+QuQwZTCXyEZTW5JR2gAA5wgFvgfE0NIc5QrndWwt+Xhd5u5QbjcAweDA7J7kKJDbjVfzJ3EOVRWHkpd5BtZUVW8bdWeSp0cNDZ4xW3SYNY3dElmpLVTF7yGtYPzKzr21XU07pqxumkGzIztkeqJtHX0PibvIS/wBNfb+wdyrbj1sHUg8ajtRcdQZJvJ7Zwj1VZBaaf5C2xMbI4duT9yjVNSyjiFLSNa3S3Ax2VFJGWudJI8ueTkuJws1t21H1Pwf0xTpsWWLkhNhe+R1TUkySk5JPASfUtORjKgXC9S+IKGkZrL/qcDwtNYujXBray9RebA0RHcY76h+izfM5HuLf/lYZnw/0Vlq6Yr7o81tQ4/LgjbHHpla15oLLSBseBp5I7oVVeny1Ao7Q8Ol5kl/DH6A/ff8ARQ3xQ0MDqiunc5jN3OcOPyR1V/I8s8X5zz9emShb+XpCkq7hdZHztBFMB9WcKgu14e+oFo6ZiNZcHAh5af7o+mEx91uvVL3WjpmEwwv2dVE7Aezf/VX9PRWToO2mOnBmuMu7jnLpZPT9yuhGEK1wfL/I+Tt1k/veUukDsvTtL0pC+7XmRstW4ay93+imW2xdVdezvexjKK1l2zsYLwr3pf4Z3PqGaPqDrqQFgcDDQN3YG7/V+y9bp6WmpaaOlpoWxxxjDWgJN1vpHHnN4KHpPoizdM0oZDTtfJyXuGd1omS9gMBN4XWs2GDzwsbk5GZvIVIkAE+m6pbx1JRWw+E4uqKj8MMHmcVXtoOpOpg11bJ8hRn/AIbDiVw9HFX0UGuvVlNTvFHQwPr6x+dEVOcgf8x7YUePpq/9QaT1NcPCojv8nTDQT/zv3JWit1loLRGY6GPQHfUe5KnNQufoIhUFqt9pi8G30rIWejRufzUjV7JxJ7piU3kg5JJJWQa/PY4XWrqC6YjhqhB5IHdDdNp7ZQiXOTmszujIBmmqHnETUIQyPwJXZU4NaOExzfdQgLwWsxgfmnDghPXDwoQGeVxdPK4oQcSMcoDtyUi7sSUNzgBnlQh0gobpNPKa+WU7R7IAp6mQ/wA3cKEHGsDSQG5yguNTMQGtwCpLKaNhzp390XIHHZFGWCENlBLJtK3b7pwoKdmPIpjZSNk1z9W2EcZZIDaxjBhrQMLmvI4SXCA0Ek7ImQY8knYoXmLdyh1Fxo4Ml8oVe6/U8rtMLx+qohOfycoRl7YQPGL/ADZO6cX4GcKlJsg4numl7QOR+qCXEbYQ3lkbdUj8ItpCQ6owdgFEqawsweFX1d3p2eRr91R1dyqJMgP2RxjkKKyXNVeBH/xVR1d0lqJHYecFQXOfK7zHP5rgbjunKIbWAznukOpyad+UhslkKFIS4XAdwkTyBz6KfbOkb5eXN8CnLGO4e7YK20uw84RVmVu+4VnaOlb3eC0w0+iN/Ejthhb6xfDy02pjZLg0VU2PMHHLcrTmQMaQwbHlInauog78GbsnQditETZqz/eakc53AKuZXsDdEQDW+2yi3K5UlGzXPJpPYDusjduo6qqb4VvBa0/U490Ed0uxbbZfXK801ITG14ecc5WYrr5U1TXRt8oPfKqpHuO8jjq7oTpzxhFjIQZztTTqdn81GdOQSMJEk91wMwcoo4iQRe9w3KGc91J8MYAOxToaGWoIbE0n8kTCbwQ0SOMybAZPotHbuk5JvPUDYcrQUVmoKEamwNLj67ofkLlLBkLf0zX1gD5QImn1V5TdNUtEdbiJHfbhXctRBAdDyGZ4CyN4+Iljt+W0kvzj+xiPlP5quZFJOZo2MZBnOGgeqo7x1lY6AuDqkZbtxnK88unWl3u0hLJnRRnOwPKppsyEF2590eGNjU1yaq7/ABDrqrNPb2CFn/eAYcfss5VV1fVDVUVL5NXq5Rg3CeSNOkHKg2NYz2SwE08pIxqikLJS1e64SMIJJzyoXgIXc7oZcVzJ9UlCHclcSSUDGJJLjnDHKhBpIAO+6ASeF08rihBiSSShBJJgOU0nKgSWRyS5rC45wIwCoWMSTTyuKEEm5KSGeEUY5GRhnsfkeqahZOvGU/O2E1YiGoex2QmavdDfIN8FBLyDkkoHPBWMErIHJXCRjkKFJUY2CA6pkxhuyDeMJbngHlMdLgcqL/Mcdyd09sfB3UykQTql4PlCXiSP7BdeGjBcgzV1PENzk/dTchkYNh0lVS3yEnS0b/dcjuLpPqOQqD+Nrssdv6guILXFx3JRmluOURTjgSSdgDlcL2sGScBU5IAWCujDRl2w9VCq7vS0w+sE/dZy5dT1UsZipHYyg+RD66ZTZpqu5UtMMmUZWZu/V8j9VNCMgd8qhk/iFSQZM/qnNomEgyDdJlLcbq9PGHMgU89RVbSOLgmR0RznGMqwjpmtwMI/gaiGtG/2QODyO3KHCIcFM4dkYQ777KxprXUOIdpwFYR2mHAdL27KwXdFdlEyl1EFrf0U2C0yzYy0gBXUMVNBkNiGfUroqA3gJhnnc/6SLT2aCPcjcKWxjGjDcDCa+rAyFDlqz+FA2sA5nJcsnvGBnKhzVbGHB5HZQ5qqdxwHbIO7uTlKbQUYBp66VxAi2HqmOkc4bqJLcaKl3mlCpK7qkOJZSMIA7koZTjHs0R005Pg0b5hENTzgDlV9VfaGBhMby947BZia41lTnxJXAHtlRSzO+Vnldno216RJfcW1X1HWS5bFhjVUy1M851SvLvzXMBdS5WZNKphHpH7KpJJL8in6/EkkkoQYknrh4UKbwDmAxhdgOIw30XHAk8ZCTWkEHGFBe9hUlwcLqhRQ9b9KQdW2Z1C93hzRnxaeXGTHIOCqLoHqWW4w1Njvkui7WkthnYRgkY+rH3yt6VgviH05cmS0/WXS4zc7cT48JO9XB3jz+WfdWw84NiHggkHOAq+pY8SfMQnS4ei501e6HqWzw3WgdlszfM3nQ7G4U18Rb+H91RJLKwTLfVGphBP1DYqXgqipZnUM+Q3LHdsq9ZK2RrXAbFQyzjhnEkkkqSyAEBwg1tPHW0zqaUZY/kIx24SB3VRk0w4yyeQua/obqYyM1CkqHaXN7BxOxC9TpKmOeBk0bgWyNDhgqn6z6divdtdoYBKwFwdhZvoG+v1S9P1riJ6bdhd+NvGy1wky5vcX/VFrrGyQdR2CTRdbYTNFGDhs7R9UbvYryf8AtIfD2Hr/AKOofjX0G0mvt0emsaG5PyzQMk98scHDGF7juQM8hZF1UOguoJayqY13Tl/nDK6PhlPUOBAlxwA7Ol3HK6+i1MtPPemcrU6dajhdnzd8Per332gY6VwEzBh33Wa+O/wwd1lZWdTWOEfxi0RaC1o2np+7SO7hjy/crXfHP4XXH4I9ZQ9Y9MQuksF0qDhkRyyB5x/LAHDd9lZ2DqCnulK2vt0x0O75X1zwvkI2xV0TxfkvHrWVOqzo+IqeoLgjh+vsvXfj98LZLTVO656aodVHUvAroIxjwHf1tH9J3/Qrx6Fw1YXt6bVZFSPjnk9Bb4+347F/j/BZ0Uz8lrjnHGVYMIwqmIljmkd1YxYIBJW6vo4syVkJ6ADvynjhOBbwESSSUEuWRySSShaeRLoBykOUTYgbKBiA9UsBdXRwoBN44OaSuFuBwnpYyoKU+QBHolgomAuEDCg1PIFJPI9EsFQMYmu+kpySAm8EQcpYKJgJYChASEpCYhDAvZkcqPpPdTiMoLox2KU45DTwQXN43X0R/Zz+L4ic3oTqisJg0k0kr9y32z6cL59kblqjRyVFHUMqqaR0ckbtTXNO4K4nlvHrVVcctHsvo76pn4DVbbG9jPvm/WWF0vl8urghZWaGagmLHjy/sQovwP8Ai7b/AIi9P/7P3hr/AOPUgBc7tM3H1D044WvulvY8Oikbkj6SvAWwdU3Fn6i0Osq19MbqZJpoy0kLSPFi4PI9EB423UnL6WV0EzcB2wK7JBpAI4KqEnFmq2CaMH1l0tBcIXTwQjxMZIC+e+uOlXPLnMhLJW539V9Z1MQznCw3WfRcNzhfU00QEnJaBz7hdzQ61weGeC+oPAx1MXKKPlGhq5aeT5WryHNOAStHQVhyG5ROr+kJ6GeSRrCCDnhZ2grHNcWuBBbsQvW6PVKaPgnmvEvRzbwbVjxI3JIKbNE07gZyq631YkABPCtWgOaD/qupGW481hw5M5drZJG75qlBBG5AVn0/fWVTRSVpxINgT3U0xh+zhlZ+5Wue21HzkPmjJzt2R4Gb/kWGXt3tzpma2b43Cq6Ksq7RUtlYXDfBB4IVpZLoyuj8F7gSAmXiiGkuaOEaBT28M9Q6S6pirqZkM0uTjAJ7exWtjlz+fdfO1nu09rqAWvOnK9e6W6pir4mRySDVjAOU1M42r0UYt2Q9mw5T0wcBP909PKOUJEJyhp6MGTwJJJJQASSSShBJJJKEEkkkoQSRaMb7hdaupbKSzyeWfEfo8UsgvNqptLHnE7WjYH1AXnsjCRkr6QmhiqInwTsD43ghzT3C8c646Rq7HUuqKdmuhkJLC0bsz2KU1k7mh13VdjMNPTiQHZVE8JackbK/0qJVwhzMAblY7IHoq7Eijc3DgfRW9vrg5wjcMKtfEW87LscxieHhufzSOh80pxNCJPZKVucIFHVNljGOVLTk8oytbWRHN91yjrqm03OlulIcS0sge1HezGN0CRmRsMq09jyU1uWD6Lt10pOpLTDdaYDw5RjGe/cKy6frI7a+Wlmf5Zjhm3fsF4h8LeqnWu5t6fqXEwVoIiy7ZsoOw/PK9jezSQ7G43C6dM98cnktZpp6abi+vRKdCbRem18R0wznS8DYCRendPXiG7UxhP1sG+/IXndNMy50xp6ljS5v7+/3VjZap9tqWOYSNDsOHq1W+jmWw3PJuBI60VBcW5hkOdvwofWPSVo+IXTc9mrnlombrgmbzFL+F4+ymRT01zpwcBwI3BUB1wf07VNErXOtcp/vTuYnen2SWuREG6pqyPaPnbpbxq6lu/wV60Hh1UeoUmvfQ4HzBuf6QMtXqH9mP4i1tLW13wX6zkDbvacmgc/6p4gf7oeunZzf8H2Rf7Q/w9muVFH8RunXuZeLUBM9zG51xt/F+Wf3XkXVFVWdU2m2fFDpyUwdTdOv/wB4DNyQwgbjnbP/AJFlkmpqS/8A3R6KCq19Pxvp+/8All/7M+3vc910crEfCP4jUnxV6Pp+p6d7Y5cmGqh1Z8Odo8zfuTnC25aGjJyPutUZKSyjy9lM6JyrsXKeArSNI3CJkeqiDIPKeHbYJQCyRkeq6ooJznJUkcKEOpJJKEHJJqShBySSShBJJJKEEkkkoQSSSShBJJJKEGpJJKEEkkkoQSSSShR4/wDFr4Z1cFeevOhcxVrTrnpY9vExyVZ/DP4mU3U1M233E+DcIfI9j9jkL0sHC8h+KHwyrqerHXHRIMNXATJVwRt/vT3eP04UNUZKUVFnrUb8lGXmXw1+I0XUNEyCucIq2PyyMdscr0lr9s55UEzi1LAnNygSR9wFITXtyFCiLnfBRANuR+q5NGc5AwhMcc4KZkhMyU5RwcoqprBB6cdkJPVEK2vo3PzNCMObwoLJuxxlaBmMEkcKmuNCWO8eBv3CaQYDnKHM4PidERkO2KTH48hG64/lU+UCeTfFD4d018pJWT07ZYXg7Y3C+YGxXn4TdQmCV7n0VQ7yZ4cAePvuvvOaGOojMUrQWkLw/wCMHw4pq+mMBjHhzaiHBuS0jGCP1WO7T/Ij2P0x5x6K74rHiL9/oL0h1JBPDDU0dSJIJWhx9ACo3XFlML4uobRTAtziUt7++F4l0H1PW9CX5/SV0me6lZLoeDyMHkL6JtNawj5WZwkpp24wdxg9wvO6rSfG+D9T+B8otZpY7uZLszlFUsvNvbUx/wB4wYezuFTXa1RV8RikZv2Uq5RT9IXlwbvT1Dy5npgqymY1+KiNuqOUaxjtnssOMHfw7eD576htj7ZcZYHtIGokLOVUXhSmRu2rde79YdOUt3p3PjiAmAJBxyvFrlRyQySU8oIdGS1AeV8ppZaazL6DUNUKqnDTjU0YKa5jo36gMEbqmpZ5KKp1H6DyFpX6JIWVEYBGN1OznQnhmqsFb49N58ahjZWj2jGpY+xVhiqgzscLZBpeNu6U1k9JobVdDDIczdRACgzsBGVZvblQpoyztykSWDbOPBVyNOeEGQZGCpsrMnhRH7FUYLUiFI053ChStOFZzNGOFEkbk7KGKxJlZI1Qpo9O6tZWdwocsWRhHF4OdfXlFY8chMiznnYI00ZZIQh6gDuU5M5U1hnZG6gCAop8pI5yp2NTVGkYc5CMVLsfBUeE4PA4Wjoq2OaIFp39FlmqXSVBp5A4ceiGUTVpbPjZqYZpIZBIw4Woo6htfSljiCSFlKaRs8eockKTbq51JMNWS3KW0ej0eoUZZfTLySOSncAeCptFIHDSTuns8C40+W4O35hQWNlo6ka8kDj3S8HZUccotJYxIwtKpqpjqR7ZmjcOV5FMJmZ5yo9ZSCVmkjGeChwHjK4G0dbqa122T2V5R1TiAMLKRh1LIC/YNKuqKsa4hIsH02bZcmgbIXYOVZWutEEoB4Ko4JNTQjscQsk45OzprtrybiF/i7o8cpHlwqW1XAGNgcd/pIVsyUZysrXJ3K7NyDuia5ocAgYw7ClMla4aeMpstO7ILQhNUVkjyR+UYUbHYtU7bjCFLEDjCoJrJXzR7beiy96t2hxqGd+QtjJEQMFVlfTCZhjLc591Zi1NeUYXUHHHousZncrlXA6krHxOGBk4T4TqKNI5X4Swxr2HOwWl6P6qqrFWMJkIbkb5/wA1SaA7AAyUOSMxEEjCRdTC2LTNNds4SUos+pbLd6e9UbJ4XAu0guAOcZU+PIPK+fehet6qx1kbXynQ7DSCdiPRe+2yuo7xSNrKR4OoAuaOxXnb9K4cHo9LqI3RzEnxHVyUQ7YwVDBMLso8UoeN9lzJRwzW0HTw4BMyE0E5SwQqa8BzcFIOGOU9pwclWQj4khdqaMYU+mqvEaGk7hCkDXN4UPLon6mpYLWS8BwiAYUCmq2yMAJ3UtjwRkFDhgT4CAYXUkkoAS5keqR4TB9XKhAh3BKZGdR9EUEAY9UF40jUoQMkhxvGkZREAIkkklCCSSSVoiGHcYVZcqUuj8Ro8zDk+4VouOaHDDgCE+MtoaeDNRnBxhDuEHiDxgN1MqqZ0NQ4AeU7j7LgIc3SQttVrGMxPUlmF4t76YgCQeZue5Xh12ts7HT0T4suYS0hfRtfA6OoLsYaeF5t8Qunw17rtTN0gjzY7ldvSajaczVU/LFpHgtMX0Na+mkO2dlrunq35eqac7OWc6kpfAq2TsGNe6kWyqLmtcDu1d2ufyI89TJ02tP0erWa4voLiyRrsMecEZ9V6rSSa42kkbjK8Mo6s1NKyZrvPHjK9W6VuJuFtilc/LgA0rLqa/t3I9Torvke01DOyOOFHjxgBSRjHK5so+zrcISegp6SQXYoJ2yjHhDIOUZAe/ogzNxghHyPRMlbxtlPrnhipx3IrKiESAAjIWE6qtMdTBPBpyN16NIzOMqgvNv8VxcwDzDddTS27ZKRxtfp/lrcD5AuNPL071JJGQWsc44/Vby01rJoWnUOAUb4s9Jl+qvhZhzNyQFiemLhLGxjXvyOOV9C8TrPkrwz4f5jQvQaiUcYTZ69a3CandTyYOseX7qx6ZuT6C4igl4eSBlZi1VmpjHA8b/mryvZrZFcafZ7MEkLp6iv5I4M3j9XLTXKaPToXDZw7qdHKCACVmrFdBW0EcgOTjBVrBLwCvL6ipwk0fYdBq421RsRbw1BacKwjdqYCVTMO3KmU1T5GsI4WGxHaqs3InpLjTkLqUahJJJKDRJqcmqFMZ4fuqu6xOaY6iIZc13m/wCVW6jVMYlBaD9QwjIgLHBzQ4cEZXVDt79BkpH7OjJxv+FSyQQoU3lDJTuMFQ5cuwjuJJ3Q9jsQqM9kc8GN6WlbZeoa7pmXIY/+fSZP4Ty3/JbUuGFj+sKZ1FVUXUVM0+JSSefHJZ3C1ULvEaHZG4ztwjFQeHhHTykNlxPBwfsjGt4B1I1wObjsosXmjj9mBT3tDm49lW0x8j2n8Di1EngF9BAMORB9O6GBg4RW9lYiWWVlMMvnh48J5x+e/wDqnob/ACXGVmMB7dQRFRAjVEuMOuDblSwcINVuzAGU0XLor4tsBdmHlAQgfPgdkSXdoCtvgwXIgVrAWau6zjDpqDHjGorTyM1AgjOyzNYww1zdts5RQfJy74t8hS3TUMcPVWE7gGa8cKAHAua5TZAX0xwtCERKq8Z8NsgG+yjRjMQae4Uy6tzTAY4USJwLRha6JbXk5ephmTR4/eYPCutUMY/muwozNjj0Vr1PHpvVR2BcXKsYMOK9Tp1iGT8yeWr+HW2w/TYVv0hddsEhwupkjmp5Ke7zBsJblZ9wGNlYXmQukLAdiq3GAudcdLTrECPMTkDK5FzkFKQgldi5KGCTNTJ0H0rhJ4SiadPCR53WpfaKw8gJuy7A0lwyEntJIwjwxkAHCjlg0QhklRMAH2UykjwcqJECVPibpARwG9ElvCbJ2XQRhNkI2W2sRfLdEADjhI790/UNOM9lGkdpBKcznNbgdRIIxyqqWQySfZGrZi47dlGY3Uclc7UT3faaK+ArSA0qLO44PsjP27qvqZhkt7hY5y2o0wXsjTPdI9GZjH0/umsaCQfVHiYHuGNkqLyxkpcBaSIOfqLcqcdmpsMYY3cYQ6icAAAJ/SFOW5gKqZ2MeoVbKS45PdSZZsuxhR4uSkTnyNgsI5DCS7hT4IsYwP3Q4mbDZToWDZKJZPHAWJnZSo2A+yG1mANkZjMDKOMUzFOWQkbdwcKQwDCHGMYRWrRGODJJ5Z1GibggHumxsJKsKWDcHSnxWRc5bTtNT9yMYR3ubG0DGfzTnObE3ACi7yOxnCckK5kzrnukIAClRxho4Xaam2yQpEcJJwVHhcnf0Pj5SSch1PHk5wpeA0bBciiDBwjRjU4BR2HrNNplXDCGQhz3DAVpSUuMOwlR0wxnSMKTO4QRF+MYQNm2MVEHK4MG4HHqshcq98kzg45aDspl1uxkaWQyEZ5Kz1RMXe5Rx+5nE8nrcRcYCkkDiT3TYGl7skYUfzOdnfbspZcyOPJWqMTx9luQ7y2JuG44UZgJOSE3UXncozSGgHlWZ22xweGfhUCrqO2yLU1AbwFTV1RqOPVItkh1cG2Koqi44CjsxnOOUA6icqRSwyzzNijbkuO6xTmbqoOUlBeza9C2dtTXNqHtDmNw4heswt3GBss70jaG2+gj1N87wHFaykiJdkjZYbbMn1nwmihpdLGK79kiCINAOEYnAyntbpb9lEqZxg7bBJjHezuTsjRDdIFcbhFSwmSRwGOB6rzuvrHSTvlJ1F5ypXUd6dUVBhYfKz0KsOh+j6nqKr+YqfJTNPDu69HodE6oqyR8a+sPqJ3ydMH9qLLoLoh94qG3O5Q6adhDmsP4l69pjY1sUbQGsGAANghU9PBQUzaanaGMY3G3skJA8YHJ22XQlz0fKdRqJXy3SOuklmkFLSDL3cns0K6ttvioow0DMjvqceSuW6hjpoQ/T53bk91LS22Ymw+AEwannbZcHnP2T3ubE3W84HqhIEaGgZKr6yu8YmCB2PVybLNNWuEFIcB3LvQKZHSQUUQLgCe7iELlgX3wRaK3tB8SQZI9UaaZtOPJjKiz3CTcwtDYzsD6qMXl4Jc4nKFySPWeB+mrdfNTtyogqj/epXSVHnA+keijyyysbpjOkeiPJygVM8FLC6eoOGN5KzXW4WT6/wCN8RRpMV1rn9ESaTwz4khwBuSdll5qyv6lrRQWmAtfJt9WUUm59Z3Jtrs4LYQcvlHAHuvRHxWH4b2jEI13GbjzeeQjsT7Z/dc+y3ez0lsI6FKDSla+kvRCsfTds6LpmXG4zxmp3cJCOMc/6IQF16oy5zHQW9x2YTymW+1V/VM4vXUzj8sNw3j7bKB1N1m2KM2WyxjWAWktP7BatNS5cs+ffUPnoeNcqqGp3e23+IW9dRWjpmj8GnlaC/nHt/8ANVFQ2e99bTNmukop7eCCW5z4ntnbHH7onT3SkMzhduoz4kcfmbHnutHSwXjrS5/wTp06IAAXz48rG+pH5eq6DkocLo+QX3Stm7bXmb9jPm4KKeHpPpKiE9e4hoEQxjPclekdDfC+i6ffHebvL8/eiNT5n+aNn+FnsFedK9C9PdGUkkNupzLUynMtVIcyP9sq9AIGAdgkWXN8IxzluHOwRl2MoJ3OwTZZGxtLnHAUCSvnl1Mt/meNt1lbbAbySqysp6VuqeUNCqDJeb1qgpHeBTHiT8X5KXR2d0swluYMjx+ivYIWRNDWNAHoFaeACstPTVDbWte0eLMfqmk3f+RVvjSMZXHD0SHBQsg08ri6QcrihBJJJICDEkklCDU0taU5JQgPSPRNT0xGQbkpJLh2UIc1eyEZBxhddIG7EIBkHOFCBSdJyd8prnNY04IOUEvJPCQaSQoQaZHZxhdDSd0UNAHCaoQ4GgJ+D6pNSdxlWlkh0oIYe66cyYwEKeoio43STOAx6o8NFpZDNAb35THAM3e7SPdY69/Ey227LaRrZnjbGFg7v1/drkXZlLWngBFCIyFbken3fqq2UGQ2YOI25WVufX75mmGDU1p77Lz11znlz4xJ912B01ZK2np4JJXu4DRlNUP2MlXs5ZpH3102z5SR91aWmbW4aDueCg2D4a36vLZ6wMpouSHHzfot7QdP2exMBLXSuA/Gc4VyUfQp7fRBoqaucAXt2+ymFsUDQZZA1K43ylj8rTj7LK198ZOScknPAKUolF1XXSli2a7JWbuF1mneWMf5QoUtSZnZwUDuU6MSHXOLjlx3SySnLhOFCdDQMJJB+rjfKsrX0zdbmdTIwyM/iKtyQbeOytKsLV03dLtgxRlsZ4cVvbJ0ba7cxsk8XjzY3LzkfotCyOKFuI2NY0f0jASZXY4QMpYM9Y+g7XbmMmqWePOBk69wtO1zYY/DiYGtHZowFCqrxQ0cRfJKCfQLOV/VUtQ0x0QMYPLj3S3KT4bAy5GjrrpS0UZfUSBp7BZa5dVSSgxUWpgPLj3VRPNLI7VNKXk+pUGV+SQApCPJeMBZ6iWZ2uaUvJ9SoxmyNOAEwFxO67laI9DIxWAMxJOUzT7qQ7Hc4XYIpag4jZlWRrBG0FSKainqjiFhcVo6Do6onY2SoIa0+q01La6OhY2OCFuQNzjJKFvACk2ZW3dJyzDXUuDQN1pIKGkpI2tggAI745US8dR2q0Z+aqo2NHOTuVgL38TKupJgs2uJjfpe4KJZCUHI9DrrvQWlniV1SyFn+I4KxF6+KcDdcFlpy5w2Erxt+SwdTV19fK6a4VT53O51HI/RD0gHIACNQGKHIeuvF0vLnOuNU+QE5052H5KI2NgzgBGJbjAUcgAndMjHA1RSEIwOExI87FMUwPisiXcnhDXCRjCEbtR0n1K4SMJhJyuZPqoCdJOeVxJJQgxJJJQgkklxzhjlQg0kAHfdBJJJSPK4oQYkkkoQS4SMLqCAfVQOKyJxOrhcPKWSuK28hDcldx6lL6U1xyFaj+yxpOTuVwkIRJ1YXcn1RNYLyOL/AGQ9Xslq9kIkkYwr3cDU/Q/YD6ghukJaR2TMb/Un+CCCQfzS22w0iO+R2dguEuf2xlOdUUNP5p6mKPHq5Vlf1ZaKVmqKUTOGwDQhcorsONU5dIs205cMoZAj3ccBZOq62rp/LDAyMeoVbPeLjWjElQ4D0BwluxejVDSyf5G3muVvgHnnH5Knq+qGhxbTRkgdys62mqpT3d9yptPaJ3HzgAFU5OXQfxV19j6m+1VRsHYUdvzsrt3nBVpDaooTqDQT7qwhpoowPIM49FMMHfBP7SkhoKh2+FaU9K5mCTwpWn8kx1TDD9RRdAzlvJDAdOMJa9AyXYAVbU3bG0JVbPXTyDDpTg+6p2EVeey6qLzTU4IBy7Gyz9feamqYY2u0gqLJL5tt05tLUSEBrEtybH1QqhzgiBj5ManE/mnRU7WOB/1VpTWOpk8z9grFlnpWtAdue6pLAUrYR6KZkcj2kMbnCNBaqyR2oxaR6q7jihhADYxsnmfA2CMCV27or4bXE0f7w7BUmKGCDdsYPuuuk17EIecd1eBe+T7DmXY8IZmce6E5+OUIyZ2Ayhckimv2GfMQPVRn1Ds4wuh2xc48bqurbtRUrC578kdkmVvoOuuU3wie6Rz+dkFzmt3e7A91ma3qsPGKRv7qlqrjXVwAlldpHYFIladGvRyl+RqqzqO3QSGNkmojhUlw6iraluiEtib6sG5CpvDJIJHCICQcIJTcjdXpYVrI175JN3uJK6z6giBrdGcIR5QPkdFJcIO0ADZdxlMSSihJJJKEP2TSSSX5JP12JJJJQgkkklCCwEsBJJQSJJJJQGUsCSSSUKzk81rv/wAm/VIuMDHQ9P3WQCoDW5ZTVDju72B3/T2XomGSNDg4b8FRrzbaS726a2VsLZYahul7XDIIWN6JulbaKyp6JuzXeLQt10chd/ewf9Wj0UDTNjOzG4HCNa6wl5hkO3bK5I0OUVwETw7Rn81AGXuc8JINNKZYg4ndHwUIlnEkkkC7KHEZ547ry/ruyVVnuQ6gtjdLo/OMDb3C9Saod2oGV9DLA5oJLTjKdAYn6K2xXWK82uGviI87RrGfpd3Ck19JTXGgnt1XE2WGobpe1wyCF51Y66foq/Pt1wB/hdc/Oon6ZOy9LAz9jwtcZpIRbDDyjBxW231Vun+B/XL31NDXx/8AuaaU5eYMf3Zd/wB5GM6fTPuvlSrtvUHwY60k6Nv/AJoXO8SCVo/voj9Lw33wds7L7U6p6di6lt/h+IYayDz0tS3Z8Mo+l4PqF5h8ROi6f40dFS0s9IafrDptwbBIW4EjgCDkf0SZ5/rwvR+C8h/Evy2cjW6f5stcGEglo7rbzFLoqKaZuC124IPZfK/xQ+GkvQF4fW0wH8GrHk0zu8RznQ73wee+F7D0nfqyxyigvTHxhw0vDuY3g4IK2vUFstfUNlqLNc6ZlRTVbcOz2PqPdfZtBrYzgpJnhPO+G/4hp3Ffkuj45jlBwexU+GXUAFI666IunQl6FDWnxKOoyaOYDAeztn3VbRu4yV36rVM+OarSz083XZ2i0jOSjDhAjIBCO3cLbF5RkfAROTU5EJxyJJJdHKhYgO6IOEgO66oE3gScuDsuKCJfcOSSBykoUNSSSUIcwFwgYTklBwIhcRSByhkHKhDiR4SSVMgM8pp4TycLqVJ4YUZZIzmknIC5od6I2AlgeircgskeRu3KjOjHYKaTlDdH7pco5GA7Lebn0ve6W+2ecR1FM7U0kZz7fZfa/QXXNB8SulWXamcPnKfDahmMH7/ZfEcjAQtF8NPiFcPhrf46+Bz5KOVwFRBq8rm+4/NeX8z4hWr5q+/Z9T/8PvrF+LuXj9U/9OXX9mfYF0s7a5mWkNd2VEx8lNIaOsHGzXLV0F2t3U1mg6gs0jZKWowQWnIVfdrYyviy3aVnB9V4trDwz9FRe5ZKappc+YKvnYMbD2VrBKSPlpxiVm2/dDqqTYvj/MJtc9rKnDcsHmPWvRcNyhfUU0Y14OpuOV869V9MT2WrfKyE6Sd9l9jVFG7RrYM45C8/616Lpb1TSSwxDWQcjC9F4/VtM+efUv09Xq4txX3HzHRV7oHDK0dDW+O0b9lTdT9NV1hrXslYdGolrsdkG31hiIPOBuMr1Wm1G5HwHy/j56G51SNe0g7o3hR1EZhkwQRg5UC2VUdZDlh+4UssMfB5XRjNSRw3mHJma6gq7DV/M02oxE52WjtdzprtT6Hka8bhSA5k0fgzsa8HbcLL3G31Niq/naPJhcckDsr/ABY2Mlcv/wBYsbnazE4yRhMtd5ntcwcHHAKsbZc6e7U4a4jXjcFQ7la/DcXtbsmRkIlFS+2R6x0r1jBcaeOGaTLjsCT+y2LCCM5C+brZcqi1VALXHTnhet9JdX09xibBLJg9snumxsRy9Zo9kd9aNwnoEOHtBByjAYWg4zWTqSSShQkkklCxJJJKEEkkkoQSSSShByiXOip7hTOpalgdG8EEEKWuObqGMpTWQ02nlHg3VXS9b09WPbIzVTvJMbxxj0Kz0zQ4ZX0HfrTTXmgkoKlgLZBsf6T6rxLqKwVfT1YaacExk/y39iEqys9Bo9YpRUGuTMVlPvkBQXNzkEYwrqRocMFV1RTEO4/NZZwR2qrN3YKinMEuSdvRXsczZWZaQVnnAgHbGxR7ZViM+DKcZ4KT+Iy2OY5Rd5zumSjUMLrSQN07lQyLjkq54XBwcBjC93+H3VzOrLK0TgsrqVrWVAP4tsax98H7LxWaIFp77I3S3UU3SN9hurIzLEAY54gca4zyP2Wmq7b2K1tEdVS1/V6Po+ke6CUSAbd/daEOie1srMbgbeyzVLPT1dPHXUTi+mn80Lj+JvqrKlmLcDK3we9ZPG2QcOGae0XR1DLs7yOWpkdTXGmMb2tkhkGHMIyF59DLxhaC1XN8DAwjIUlDCMVofpO/zWa7O+Hd/n1wNBfbJnb+NDx4WO3PqvHfiX01/wCyLrY9RW9uvpq9ykSsx5G7+aPHYEHb7Feuda9OSdS2dk1s2uVI4TUbtWMP+/6J1guFp+LnQ1TYLxA9kzR4dUzGmRjwPK8Htjff3Wea/Zs0Vzolul+L4f8A19nhHS3Vx+AXxLivNLmTo2/6GVLQ7ysJ31NHZ7c8f0EL7OjrIq2GKqp5GvilYHse05DmkZBH5FfEld07Da7rW/CPrNzxTyPD7VVPHAydB9hz+pXp/wDZi+KVTa55/g31vUeHVW5rv4PJIcmeMH+5A9dy5ozyFmqbrlt9M6XkdI9TSrlzKK5//WXp/wCV7Po9dB7LiS2ppnmVyGYdxko4IxyoeSnZPqlgkrI9Usj1QMn1KWT6lQhISTQcJyhBJJJKEEkkkoQckkkoQSSSShBJJJKEGpJJKEEkkkoQSSSShDhGUhttldSULTweL/FH4aV1suDuuui9TJWnVVUrBgOH9QWi+GvxFoupKRlHUVLfGAAa49/ZeiZ7HdeL/Ej4fVHT9wd1j0dG5gJ11NMzjPdwCg9NT7PZ2c8p68/+HfX9L1JbYo5qhpm0jvut2JBj7qCZwlGWGOLQQRnsoksWncBShn1XHN1BGQiBxGxCMx+M7Ic8Za3UBnCG15GxHKhA6MOVG5T84V4yQkgjHITTgjGyjZPqn5PqVMEKetp5aWo8Ytyw+iG9zZgC3YK6kjbJs4ZCo6unfRSkEZY45B9EZDkjy3YDlV9xoqa407qerjDmvzg9x9lOLtY3C45hbglU1xgtdnzB8XfhvKY/Da7wp2A/JStbu93ZpKp/hX1vVSx/7PdQSuhqoXBsIeOPUZ9OF9K9YdMx9RWuSmYQyYHXG7HDgvlTr/pK42u6yXCGJ0E0bsuA9fUey5es0+/o+s/Rf1LfXPZOX3LH/U9wq6Ol6jtkltqmgSuaA1x9Rx/msrZKmemqJrLWuOWH+Xq9uyB0N1s6+UlM+FwZOxumXfJJGx2Wh6stTKl7bzR+VzhqJbyHBcC+h1s/RvjdfDWVKyJVXCLwnHLfcLzPrnpltRruVL5TnzNA/desUc0V2ohFPp8Vo0575WdudHJRvdBUR6mO7kbELMbdXRHVV4kfPlTBvnG45T7RcHRTGmecxk7A9lsOtLBHQz/N00eI5D5gOFiayDwXtniGN98JZ4a/Tz083n0aAH5aZsrDgZC29rrBU0jXckDBWDpJxV0o3yQFe9OVpil8B52OynZv8fqNk8M0zzk8IE7ARwpD8dkNwyOEiayz0b+5FdNDsRhV0jMHhW03fyqvlac8JZmshkhSA4wocjSRuOFYPbnsgyMBVGK2BWubg7qJO0AbKxnaMbbbKA6JxPKtGC2GUV1QzPmwoDmuD+VbyxghV00e+QE9dHKuhh8CadlxzQQmAgHCI3hMaMTRCmBY7hPZJgav2RpmBw4UTeM8KA5cS+tVc4DQ5XLGeIARyVkqWfQ4FaWhqRJA1xKA6mkultxI0dguLKV/gz8E4Kv6umbM04GQd2kLEH6g5uy0/TdyMrjQ1RDhjyk8oGng9LotTlbLGOhe+kfpcCW91cNZHURNe122FDq6drJCHcdlyleY8FpJaUto6kWosFd6R3g6mDJUKinexwa4dlo8MlZhwyqaroDFKZGjYpMo5Bw4yyi4oJstGSO6sWnG/KzVDO5jgCr+GYaAkzgb6Lc9lhQVBZNx2Wjo5vEA3CybDpIKtrbWgHS4rLOODs6bUqLUZGlicQeVPbI1zACqumkDmqbC/GnbjPdImsHYrs4OSgtPGy5qDsFTHQtkgGBu5VryaSQRyjngpY3cEkYC3GFBmgJOcfurEEObkcFBewFWgbMNGO6gtokJmazfCz1G7US07YK9FqKMSjDm5C8+uTHWu6uZo8jySE1PBx9XFQ+4kRAtkBI4RaiMSx+UYKJTw+PFrbyiNjLTgjCFkq+6OSqIfE7cLf8Aw665qLZXRUk82YnnBydlkauk1ty0Ko1yUcokjccg+qw30qxYNFF0qJ7on1xT1sNZC2eAhzXb8ouS05H5rxz4Z9f4c2hrZfKcNyV7I14kYHsIw4ZBXB1GmcWehquhbFSTDMfnG+UQ7hRIwQc5JUlh7LnyjgaLLm4RAc7pbH7oW7SgCSD5KY9oIXQ4ELqhYFpMTshWVLJrA34UBzV2CUxOVYQEoplsJTnhFBwoUdQ1wAUprw5JlHIlrA48IZByikYTSBjKWCMBOU5wyxN/EnZ2woQY0kOARxwo7vrCO07K0Q4kkklkEkkkoQ6DhdBymrrVaIAqYxI3JGSFTyB0buNlfFuppHsoNTTZYQG8rTXPbyMi+MFVPG2dhOnLgFnK+jZUNfTVDNTHgjC0uPDO/wCigXCjLx4sa6mnuw0LsifNvxAsL6KaanMe7HFzD7LEUExikAJ55X0f1t0sb1QyOhAEwH6r51udFJb698b2lulxBHoV6PSXpo8zravis3o2HTlUx5fTF27xtut70JdTR3N9tmf5XbjPqvH7RXGCqY/OBkZW3kqzb6mC7xuywlp29O61z+6LQ7R3yjNNM95jlzjupDJC4BU1nuENxt0NbDuyQDH6K1h83mXKshjg9TVPfFMkDdJLGNklkY9D01wGFxJWyAXA54XUQgbphByihnJGsoBKzOMKHURa+QrEjKjztJwOVuqs2syXV5PPur7IypgmifGCJGnC+Y7tSTdNX+aikaRHI8uZ7L7HutIKinO243Xgfxm6T8enFypo8SRebIC9N4rXOuxRPnX1h4r+TpnbFcop+nrgHsaNWVvbdUwVVN8uTg4xgrxvoq4t8U08zvNwM+q9NslRGJdyP1Xv65qxZPksZuJoLTUz2qq8Au/luOR6YW4p3h4DmnIXn9TmUtkb2Gy09juQkp2scdwuRrtPmW5H0D6Y8jmHxWM1MUpwMqVTv8w2VZC/U0HClxyaTnGVxrYYPoOnsLyJwLc5RFX0k2uPJ/TKmscMbLHNYZ04Syjo5T8jSmJmT6oBylgeeUkklCAU07pyajCfRUXDXS1LauNvJDX+7VKa7U3IO3ICLVRtkjMbm51d/RQaZx3pn7Pj4/5eygndgMeU0cp+n3TNPupgp8kC60IuFHLSkZ1tIH3VV0fVyvpJbbUOJmoXmJ5PJ9P2wtC8kYwspPKLN1aycDRBXx+C/wBDIeD/AJK28GdrbJSNUN+F08oTTncHIRBwjXIUpZCA4KrgNM8oA2JL1K1Ab+iBJgSa/wCpuVZY5u4BSKQ22SRMDBW1h0VscmOdkQclNvIxHDIBu2UE/ZEaQRkd0MQDmcLjtxuupJrKfRUt2e7vunkahhJ7SJXA+uUlIvkxXIA/LXluFRXqDEhlHZaCRo7qruUGqBwxkpq7ObdHgqYyRAxysGH/AHLOd1BDP9y3G4U2maX0OAc9k1GJr0Qq8aqY4VVFl8eMq2qB/u7wVU05wMFa6ZYZztVw2jzzq1gN4c4D8KpCzPdaHrT+XdeOW5VE05XqaP8AaR+afqOGzyl0f7nGoNW8Nj3UhV91qAyHS3kpljwjjVpuWChuD9cucqDL9KNUnBGT2Uab6crBZyzrQjhcEfOXI8HKjj6lJp/qHuqhEdEsYANPCFIMFGZ9CEBk4ThihlDA3JGQprGNDRsmMhGc4UhjODjZTOR8YcHYo9+FIIwmxjSOOU8NOfstNUci5xHhx7IbvNtlEz3QyM5C2RWEYLZNPA0OI3zwoVVLthHlkbGFVzSa5Eq630hNccjX+Y7rhGBgJ34UF7hg7rFZ+xyTyBqZNPfhVuXyzZHdGqnlztI7p0MXhxgEbrLJ5ZqgsI7p0YaFMpIgPM4ZUeNpe9ox3Vgwhg4RRXsXNimdpGwxsqyoeXbKVUSDGFXSOOUNk8cBwgcAJJJKLFGdS5GwnGylRRcbJX9wpy2oNDC3SCQpUUeCNtk2KPSAMKWwceX91MMyznkawYwEbsEhyigHCdFciLDsexCkRAEhBaNwAplOw5aFphHJmbxyHgp9WCQpoa2JgwFxkbY2gpkhBGMrTFYESeWNkeZDgI9LTnZzgmU0DickKxbFpaMHCpvB6DxXj9/+pYcjjwMAqRHEOQEmMycKVHFlKlLJ62ipA2RuJ2GQp9LRAEOcPyTqWDBy5qnnEDA/RlQ6EYYRwtZAwAYGyzt6uUjg5jTgDZWFzuGk6eMhY241ZkldkozLrNRHTw3MFUygDIIUFkmo7oc0pe7GU+mg/ESn1o8Hq9XK3MiRGxo8ybK7UQPROkcGgNC5Gw5yVoObnJ1rFyWTwwiSP8IbhVdXVg/dIsmooZXHcxlbVEHbCrJXmQrtTPqcDuhCTPZc+2zJ0KoJId+S1fQVrFdczM8ZEO6ygyXBrdyeAvZuhbOygtcZMY8WXD3H7rLOWT0n0/4/+XqVJrhGppIzlgDSAFewMa2MHChUUQ9P1U13lIz/AJrPKLZ9NUVFYQpp9DTssh1BfRA19PE85PJ7K5vVwFLFIzI2WOt1qq+rrr8vB5YM4c4jn7LteO0kWvkmjxn1X5uOk07ri+wvRHS1T1PcH1EgIpmPHiPPA9F7fQ26jtNKykpWhoaBkjbKj2220VhooqGihDI2DjuT6lH1uqCQ3ttldl/cfn3V6meqm5SDtLpiBjIVhQ0cMThKWZPumUFL4cYDm5Vg1oaAAELMLYdrvQJ2Qhjug1NUykj8R5z6BLYJJknbTxl7jj0QKOOrvE2jH8kd/VMo6We6fz5/JAeB6hXtTcrVZ6NjeDjj1S5SwWk28DHx0lrptZ0sawZc491nzU1V4nfIDoo2nytOxPumvlqb7O6ad5ZTNOWs4z90yRwA8KHLY2nG22Ujfk9l4D6cermp2IbUSB7wyL6W90mEhMDd9uPRdqZoqKE1ExwwclZL7/jXJ9p8V4dVpU0rkVVURUsZlmeGtAzuVloaK99f3N1soB4FLGQHu/8Al+x/RTaK3V/XFwNJC0spYiDJL2Y08ZHfOCtfcbpZ+jbfHZrMC2Vm+ppyc+5XFt1bseP6T01unr8fjT0JSukuX/yg6ivsvw7sz7fa/wCbVy7McRh0pHP2xn91TWfp91ye/qnq8uLSQY4yNmj/AOXCLabbFHLN1L1LUeJjBjjIx64AChXe53C/yBkkmiijPkiAwCut4/TLUYnPr9Hzb6t+oYeLh8FMs2y/J/8At+gXVPVlRfZzbrfqZC04Gn09SodttlutL/matuuR25yuSvjoi0NaM+gC2fRnQVR1FIa+6bU4IxG5vP8A8uF1puNfR8Ruu5zLtkTpfo279fVjHDxKS0tPmlaefy7r262WK1dN0jaK1xBjG7Z7kI9HFR2uhioqKBsTIxjDRjKHPIHeYnYLHOxzeDDOxyYYk/kodRXiIFoHmPuhy1k0rHQ0gy4olJaztJOcvPKDhIEhNgrLjPpkcGxY3z3VrT0MVPpLGgY22UltM1jQANl3T7oGUdxnldSSUIJJOSyFCCwEw8JZCaoQG/6iuJLmQoQKSMHcIB5S1e6YoQKSMcoZ5SyfVDzlQg9MyPVLIQjl2QCVCBchMMuBnChTVjIttfmPbKjxtq6l2HeVh4UISpZi93lC4Ae6LHTRxNzkk47pudsYUINwF0kIZzlcyfVQg90vYBINPdNDTndpTaqvpKOLxamQMaOTlHGDZaTZI0+6HU1EFNE6WeQNDd91h+oPihRUcTorRiWU7ZI4Xmt56tvl2JE9W9rT+FpwmxqaYcYZPSr38ULTb9TKJzpnjbAXmd+6yvd6cRJVPbGTsGnCpsEnONytNYegL9fNL4KfET+HlOwvYxJQZlWvcX5e8k9yVa27p2+3WYNoaMvjP4l6vYvhJZbUWuuLjUT8uyc4WzhhoLfGyOlpWRNaMDS3dDmPplyuUVweaWD4OPe9k3UFb4bMZ8Jg5/PK9EoOn7B0/A0UVDGzAwDjJcuV99pKdpBcCfusxc+oppyGxScH1VmeVkpvlmluPUNPA0NBAJ91jrl1BJNI5zH5JOMKvqJJJnanuJ/NR9IS2FGOBs1TLUEmQqM6MEjB5RyzH4v2Q5iI8ZO3qji0GMERHblNIwMkpj69r3GGAa39sKZbul71d5B4zBHAe5KLcim8ENr9ezPMe2FY0PTt0uOkGAxtd39ls7T0ha7a1pe3xCP81dRCOn3wAAgc/RTlgz9m6Mt1uwS10ruf5m4Wpggjp2AANY3HbsoFVeKaAENxqVLUXepqcgHDUmTbF53GirbrSUrMmQEngBZ+u6hrKhnhRO0A5VbJqJ1POSfVDOB3VQjnll9j5HlwBec/coEkjQOAmyS4OEF33TVEPGBr3lxQjwkmnbsr6LGZG4wmNDnHDfNnjZW9p6dr7oW6WYB5K2tF01b7YxoMbS4clw7q5SwRyx0ZG39JVla1klSwRtPqVq6CyUdAwCGIH1OFCvfXHTdhiLBXCpmG3gxDOPzXnN++JF5uxfDTn5WA8BmxVclxhuPSr31RZrF5ayoIkH/CH1fmF511D8TLjXyOjtjRSxjZpbysXLrleXvcSTzkrvhgb+qOMc9jYQwOmklrJHTVUr5XnnWchD0DgHARBgd0J83YBOURnHoSRIwhkklN1FUWdL3eqbk8Ji6BlGHGJxdBwuLhIwoH0NKC5xyRnZJ5OojKagCEklkJZChAhIwdwgnlLJ9UxQgklzISJGFCHSUIk7pE78pKEGJJJKEEkhtXVAkhJqSG5WGLV7LjjgJiStrBeBeImPl2xhJzC7gE/ZAqKukpGF1RO1mOyqUkgowcnhBBkklJUFd11ZaLLadzqh47BUdd19c6lhjo6eKEH8WMlKd0P2aatJZPk3T3NjbqeQ1o7nZVdd1FZ6CMvmrGOI7MOV55UXC7VjNFRXyvb6asBAjoHPdvk57koHZL+k2rRRS+81lT121//wA7qQvHZ0gVVWdU3yuj8LLKdp7sG5UeC1SgAEYCmwWwtxqKW3Y/Y2NdUOilc2rmP86Rz0Vlue4ghnK0DaBjQCWozYY2Y8gGFNrfZTsUPxKSns8rzsNvsrWntUbAC4AFTshjd0wTjGdkW3gRO2cng5FSsiOGjZSQWYwSFDdUOIxhR3SVZPlYTn3RReCvy7LPAwSHA4UaevazhwCj+BXTbE6B90mWt4OZHB/5qTkUopEea5SvOGSZ9lGkdVTnAiLirqK30rQMs3RWRxxjDWhBkNS2+ihZb7g/cQD9VLjspLB8w4b9h2VqJO3quHdQqVzfRCit9JDg+CHEI8cbI8howulu/Ka4e6JFxzLsKXYH1IbpMoeT6pu/upgtwCEk8lN39U1+wydgos9zo6dp8SUZ+6FzSDhU5cJEskeoTNxuqCs6opIwfCBe7tgqiquqq+QkQ+QfdIndg01aSyzs2FZXwU/964D81R3HqqlhaBSv1P8ATGVk5qmpqHF00rnE+pQgDnKQ7WzbXo4x/It6rqO51bNBc2Nv+AYKrXSvecvcXH3KczSW4xwl4fulORqjXCH4oZp/wgJ7Wsxv/muktCHlvqh3jWmzoa09k5LISyFTZY3BSwUzOUkPyADshLITMBcIwl7yDkkxJWQ/ZhJJJfkw/XY9JJJQgkkklCCSSSUEiRRwhImr2UFSeQaSekoQGRnGeyzPXnSk18pIrraGMju9q1T0k3BDgPpz7rVLrSd1C8sy/SHUkPU9nZWtj8KZhMU8JOTHINnN/Iq2mYMZWT6kppuk7+3q6mjPydW1sNzjY3bI4mHvvuMLWskjljbJG8OY8AtcDkEKFnaKpNPNhw8p2+yustLQQqF7e45U61VfjsMLtnR7fcKAyjklkLiO5o3ON0A8oQR64eF1JERPBkeu+m47xapJImgSR+YbcH1UDoHqWe507rVcZM1dJ5CTy9o4ct3JG2WN0bhkOBBXlfVVvqOl7ozqO1wbxO0yjgFhRJsJ/ej0xqzHVtJcLdJH1N0+3FXTf9piBwKiD8TT6q4s92hu1BDXwbsmYHfbZTs6sHC11y2mO2Ho+a/j70Jb7nHT/ErpgB9NcNJujS/AyRgS4xtg4aT7ArA2S8PBbTVTif6XL6brqCjtF0qenrtTsmsN+EmoOGzJX/U37O/0Xz1190BVfD3qWW3uc2SB2HUs4Oz4gThhH9Tcjf3X0P6Z8zlrTWf9zj6rTZ5RA6t6XtfWNofarnA1zcExv7sd6gr5j6gsF16OvclmuUWdAzHMB5ZW+o9F9Q0NwO0cp27FUnxF6EoeubQIJI2ipgd4kMmN8j3X1DTajHB89+o/BR1cN8F958808peG/mpUTtjsqZ/zVluctoucbo5IXmMk9yO6s43Bx45Xaos3HyTVUT003XZw0S09RycgFFWkxS7Cro5TWpw5UIEHC6uDhdULEkkkoJEkkkoQSSSShBJJJKEEuEDGV1JQcCIXEUgcoZByoQ4ku4KWk+iz2dkGLh4XM539E5C00RN55BEYKYipivIzJHmyMbKDURavwq0e0O5UZ8OeBlBOO4OMtryeh/Ar4uV3w8vLbXXvD7PWuDZYw3aP3x+a+r6iOnuETblbXtdTygOaWnIyV8CSxZ4C93/s/fF5lE+PoXqWqf4cxxRyvOzD6H24XivN+KdTepr69n3v/wAOPrP+Sv8AhmtfK/F/v+x7RXUgqd2t0TN4PqoEM8sb/AqxpkHZaOtpXNIljwRjORwR6qpraJlyZqB0zM3afVeWjPJ9pcP0AMTQdWNiqK6Wx0bjNC3yncgK7oajxmOhlGHx7LsgaRpcMgp9ds4STTM9+kjdHns8c686Hpr/AEb3xwjxADtjuvm25WiusdxkpJ2FmhxAz3C+1bxQeARNGPK7leYfEP4fUfUdI+pp4mtqWjOw5Xp/Ha6yTwz5b9VfTH8mMrYxzJHz/RV0tMQYiB6hamjn+bp2knfusZX0VXZK91FXRuaWkgOPBU+lrXRta+GUgjtlenotbPhHkdHPTzcJrDNRKx0YznZSGGGrgNPMAQR3QqWWOtpmnkkYPsUJ7HwPyDt2K6Ce5HKacSgudDU2Cq+apQTE4527K+tdzp7tT6XkB+MFT4XU9dCaepaCHjG6ytztdXYKs1VNkwk527K8OLHcWr/9YPcaYxSuaR32TLZc5rdOJI3kYO4VpQ1lLd4QJAPEA3Vdcba+neXNHlPBRZ9hQXqR6x0d1rFXsbBM8B3AyVuGT6+y+aaCumoJxLE4tIPZet9IdbRV0TKepkHibAElNhc+jh+Q8f8AF/qV8m+SXGkEA5zldTlJHGHpJJJhBJJINVVR0sfiPUIGSQ4Zo54xJG4EFEUIJJJJQgxJJJQIY9odyqbqLp2k6hpHU07Bqx5HY3B9leJuB/UhkshKc4cw7Pnm7WWrstY+irGYe391U1EQc1e/dW9K0nUNG7LGipYPI/G59ivDbnbqu11j6KsjLHtOAfX7LLZBs9N4/U/PDnhlJNCQScKI6MsOQMK2lYHZ2UGVnO3CxzideM88MnW6tFSzwnbPYN/dTxusuTJSzCaHI9cLRUs7Z4WytP1Df7oE88CboYe5dBH7hVlZE4nIVo76T9lFfHn7q8gwfo3fwY6tkgqm9HV8pdHUuHyjnO+mT+n8x/kvYRIYnBpGDnBz6r5XmaGnhe9fDbrWLrGyikuZ0XaicRL/APRBsGSfrkH8l0NNb1BnE8t497v5FXT7N9Sy5cNSt4ZMN2Kz0ZLXBjz5xyFa00m2Cey3PB5mccmmtdzmgAYXZb2yeFguqaif4a9awdY2thFtukfhV0Y4O4/Tcn9Vp4JACiXWKK82iaz1sbZIJxg6hkj3CzWQz0FVLa2n0yP8Uuh6L4l9MQ1NvEIuVNH83QVePMMAEAH3z+y+d6xtf1EyOtE8lu6s6cc0fRokDmE7ZzvuF6z8Ob1X9B3kfDvqCR743v8A9xnc7yuJ/Cfv3+wQPjN0JPRVJ+InS7fDqYWn56IbmUYHmHvtwsk4ezq6S/8AjS+GUuM/a/8APr/DPZvgh8UKf4qdEw3aRwbc6Nxp7hFn6ZQSdQH9J3x9l6Bkeq+FbF1jP8OOpqb4ldLav4fVOEF0pI9vKcZdjs7/ACevtizXKlvdoo7xQSiSnrYhLE4HILTnB/RXVPnk53k9HHTT31fjJv8A6P8ARYJyDuDuntOQtCZywyKo6erayQeCRwioSJrb6pYIRJJJQgkkklCCSSSUIJJJJQgkkklCCSSSUIJJJJQgkkklCDEkklCHCMoZ37ohcAcEoahcXhnjvW/RFd0zcz1T0u0ta46qiJvDvU4Wu6G65pr9Stgmk0ztGC08grYTwxVEToZmBzHjBBXknV/R1b0zcDfbDkRk6nsaoPct/Z7AyTPblPPCw/RPWtPfGR0dQ4NqAMEE4W3yGg7oxTWAOA7YoMgwRgI7/qKa4AhX2UCY7PPdPPsUJ7cHIXWyDgqkyBEkkkRBzs9ihzRMnYY5BkFEyEiQe6MhnpmvpJ/DwSOxT3PEjRtgqwracS9vzVS7xKSbTI047HsqIdky3Gyw/wASehB1JbzVUDGipjBLm4+sei3Mjg/zfmhmQnYbFBZFSRo02ps0tsbq3ymfF1HHUdHX35ikhcIA3TIwnHmB2H+a9ssd3graKJ+vVHKBv2DsbhF+MPw5lrKWXqO2QtcY2k1LGjGr3x68ryvo28i0VrqOukcIXuGhxOzDvsVxNbps4wfefo/6n/lRWJY/5v7M2tQ19kur9WfBldkegyVa3C1fxWh/knMv1R+6dX00F7t5jY4F5blrs8+ih9KXSaKd1qrHbxnDCeRjsuLZW4PB9w0t6vrwYq6UAqopbbVs0SbtGfVeU3m1SUU0tK8E4JAXv3X1ndHi70zdgQXgdvUrzrqC3su7PHiYGyaRn/ElOOTk+S0++WDzO3VD6SbwnjY7K+il8GdkzTsSCqqvon00pZKzDgm09W5jfDfwOCl7cdnnY2vT24weoUsrKmnjlY7ZzQnSDTtyqHpe4amfLvdyMtWgfg9+Ep9nqtHd80MkOVgcNgocjQArJ7cqHK0/ulmiceCslaA7hRphlqnTNOc4UaRpxwgMViyVz2nVjCjSswOFYuYM7hRp25AICsw2xKuUHOVAqGbZwraZmc4ChTMzsji8nM1EMlQ4EP22RI84GeUSaMDcBBEmHYwmnNshgO4AhQZ2ZKnNOQgyxE4OFBbg2yNFsc54VxbKkg4VSWY7o9NKIyDlX0Prs+M1cEokAyQjeLJDMJ4SQR6KooZwccq0gkaRv3Ubyjr02bkpI3FoqIr3QOimwZg3YpkTHwSso5BhxJw71WZop56Cds8D9OOR6rVGohvVGJWeWaPnHIKU0d6i5T77D6ZaebwpG4HY+qNUU4lY337qLaqs1bxQ1WC9uwcecKdh8TzC4nDT3SGbYvcUMxdTz6dOGjurKiq9RA24T7nRCWnLms833VPTTFsrWH0S2Mi9jNYxwezOQlFVOp36mtz7ZUGkqBjSPdScA7+qzzjlm+qzKyam11wkj82M+iuIZQSDhYihqfAlBJOFqKSfxCCOCs045O7pbvkjgvoptQAOEqulbURhrm5PY+ii0rw4jfCsQ8OaB6JeUjox5Kmmkw90Dzgt4z6KQ4Nd+IJl1oxpFRECHN5wgQya2BwOUvBGEc1Zbq6yfN05qYhhzDlawHKBURB7dJGQVYi6qNsHF9nnfTdb53Uk58w8v5rRT0wbhwCynU9rqOnq/wDibD/Je7bHqtNaLjHdKKOVpGdIyjOdpp4XxvtDCMZDmqsuVFG4GVjcB3I9Ffz0+RkN5VfURO+kpb6NThkzlNNPQVQfE4tIK9w+G3XvzUTLdXz6sYDSeQvG62k1gaRgjhR7dc6i11Qkje4YOCMrn6mnf0M01nxPB9dhwONJBB4RWuG+4XnvQXWcdxoo6aqfiQDDST+y2glLXZHBXDtqcZYwdqqasWUWAdjuunzAKOyQSAIw42WSUDQsnCSwogOQkQCg7sSwiShvG3KTH5HHKb+ahBMmcx4Cs4pQWt3VU5vujQyFpGScJYEo5LgEcjddPCiQzA4UlrwhFtYEknHCaqZEdLeCV1pSB2wmqpdFPoekkklMASSSSogkkklCCXHBpG44XUkxPDyWuCnr6QxkyM7nOFCJJb5hhaCaIPYQRlVM8JieRjlaqrApSyikroA1uQ1eD/FjpGanqZbpSQfy3eY49V9DVEOscZWZ6ls8NyoJKSZuzwQCuzpL8Mw6iiF0XGR8oRTluxGCtvZqpt0tRpZDqLBsst1bZJbHdHwb6S4lqk9J3T5eqETzs4YXfqs3o89Byqt+NntPwwvOqOayVEmZIvNCM/g9F6RE7fC+f7dXyWLqGlubCRGXAOx6Fe60VVHVQsqYjlkjQ4fms98Wen8dqFZBwfaLVo25XcD+oIEchwE7cnlc+ccHVygiS4CMLuQoQSTmjB7pZC4SMIovBAJ5XCAV08prjsU5MBrJHmja5pHKwvWNkZXUc9M6PIe04W6fsVU3Sn8UE4yDsuhpbHXNSOVr9LC6pxkj44rKGXpu+SQEFvhyk/lleh2mqZPAyWM5DwCn/GHpfw5P4pDHjH1YVD0tVsnoGwtOHM2K+keM1fzVJHwLzPj3oNXKtdZyej0c/jQBpH0hTbXWOp6lrMbEqltU7QwNccuIwpz3hhyBut10Pk4F6C+WntU0eh0VQ1wBG4U9kgP5rLWCs8WENcTlaOIHAIP5Lz+prxJo+veN1MbqYyRY08gZgA8qwiIxnUFSBxGPZTaao1ENOxXNsidumeSwIwnII3RdPulmtTZ1cPCbkJZCg3saeUkklAxkjQ4bqsrY3RTsqowTvoePZWEx9EKVmsYxlQzWdjA4Hg8pZA5KhwSecwu5advcKRKMkYTI8g5OSt2ys31RQ/N0Ty1v8yAeM0jnIWlcodRG13I2Ox+yFipIiWStbWW2GZuSS0A59e6ss5Cy/TjpaG41lnqXAapDPCP8BWl2GVaeQUxhJzhDk7HsEQ8oc4zEccoho0cJJ7TmMEeiBnBTMgA7szVRyEfhbkfdDpzqgjfnOpoKkVLDJEW9iN1Atbi+kaSeHOb+jilguWCWzsuHhdzhJ5yjBfRBq24eD6obd24Rq4eVh/xhR2Hff1VwMk1kZK0g7KNVMyxTXobgDym9mOyGTPzMDWPiAwESgP8AuhGU+tZ5ZcDkbKPaTiJzSe6Yjn2LD4G1RHhuYO4VGzLSQPVXNUcSyfZU/Dzn1WqrtHM1S+7JievgBdIj/wDQgVm2rRfEMEXKB/YxALMtGxGV6nS/7SPzh9XQ2eWt/u//ALBHkaTuqW4SiSTws5xyrKY43LsDCoGyF8kkuDpzhHYcKlZeSBXbz4BxhQ5SdOxRqp+qoco1Q/cYWSTwdOKwhseSpdKCH7+ijwAE4Km04GrOFdYyHZLYNk0HCINmprRg8pnZsjHgLCCOUdqEBjCKzhSK5CcsIkMO/wBkU408cILeCUdq3VLjJmm8jQ/2QpXaW4xyjEAclQK2dudI7J85bEYbOWRauQk7FRV17tTiVxYZPMslxjg4TgFQqmQNBJIUmc4CrKl2/JSLnhZHVLIxjjM/ccKdHhw0jZRqWM5yRupsMZB3CRBZ5Dm9qCRRhm4XZvp5RfpbuoM8mUbeEIXLAzuOecoQBLh7JOJLjlEhaSckLLKW5mlPagsMWcKZBHgApkMJy3ZTI4w0D80a7EWzzwPYNIGyKHbcJEYwkz6gnpcGVsKB3RgBhNA7o0YJITIRFSfs6xri4bK0p4mhrXY4QIIm4BIUn6W7dlpisGebyPe/hq5BGXPzhDaDK4Y7Kxp4g1oJG6KUjreL8e9Q/kn0OiiDRuEccJADsjxsIPCQ22evppUeEOgiOd1YUsWXJtNDnsrCCNoOcBUdGqGDrIg0A/uoVfWtYPDYRtyVJqKhrBj2WUude3U4ZPKMbdZCqGZMh3Ou8WQuLzhqztTOXPLhnBTqqufNIWkYAUbQ6R2SjSyeB8jr/nk45yEp8yHJUwHwwEyBjWNGya9pLhjdaF9pxW9wYZcc5yiAho4TIntA3QKqpa0YwpOW1Fxhng5WVAGwxwqSqmJOCUSrqtTtlXTSFxC591uTZVVtOucXHJSGeyHynRgvlbG0ZLuFjnI2VQc5qKNP0TaRcrqHubqbFuV7hbKbwImgNxssp8OunWWu365o8yS4eXHnHot3DGGgZGEuLy+T6r4rRfwdPFNctBoiGtwByo9bXiHnZOqauGjidJK7GOAsfcblLWVBLSS530M9QttGn+WWBPl/Kw8fQ5SeAUprL7dBb6eQ6n5wPVet9P8ATtH01bgY42ulA8xwonRvR1P0/TfN1LRJWSDLnkcewU+qq5a+oFNAcNzjZdytKuKij89eZ8xPyuoc2+F0SGOkr5tEYJ9T6K6oqSKnjDGt45KHbqSKjhDByeSrCIaeRkJzkcCch0QAGAMYRkwoUlXHGS1w39FbeEAEqZ2U7Nbj/wCqDb7dJdZhU1hLIAfK091It9qmqnGsrHHw85az2Ui832hs8LTM0BvDQFnnLACTfRIrrnRWen1vxoGzWjbJ9lnIop7vMa6tJbC07DsEKhoZLzI65XgFsY3jYTwEarrPFIp6XyQt2GO6yWTwe6+m/pu3W2KU1x7Y6prGPApqZumNmxI7pkeTthchix2RZ3thgM2Pp5XOu1Sj7Puvi/B16epVVx5GTvjpozNK4NaBndUsdLcOsK8U0OY6Rn1v/ob647oUjq3qCsFPDlsQ5PYD1WkbI21UTbXQEA4/mSd3Fcay6eol934nsa9LX42vEP8Ada7/AETrld6TpyiZZLJBk4IJDtm/9VR2y1uLnXm8uyc5Yx3f3UimpmiVszxqxyEStkfM7L9mAbN9Aujo9LHUyw+jwH1N5qjwOmm08yff7bIdbVPrZfFqZvCgb/dsHdUlTdj4vhUmA0bAp1bVPuFT8vTjDGbErddA/D0VEoudVCAxuNId3XpnL4q1XHpH5w1/kbdXc7rXlsXQfw8NxmjuV3OGjzBrhsV62yCCjjbFTsa1oHYLjWxU0TIYYw1rRjZDlnji3kdhZJy3nKts3SyOnlI3cVHLamtzHAQ2M8u7p8UMldpdkiPO59VawxRxNDGMAAWeSwxQOjooqdgDRl3cqUW4XGoiHOSDEkklAhJJJgfq2woQ6m5K4d0JQh3W71Tcj1SJHCGT7qEHJuSuJmVCHclcSPCGTvjO6hAxIwd0APyS1MqZ4YGa5pNA9ScKskr5aiVsdvY4n/vPwqELGpq2UzCXnf0UD5itq34pWOY0/idspEFHI5odWOD3+yM3EY2Gw7KEBx0EEJ8aVokkPJRTKHDSAAmmQvOChgY7qEJLXE5JPCGAmulZCCXkD1ysveuvLbbX6Ypdbu2CEyFbkEot9GpdtuRhVFz6ntVr1fMTgaeMd15le/ihWTvkjpZHNysVXXS4XKXXNOSPTC0QoyOhRJ8s9Ev/AMVS9z2WwuAO2Vibj1Nd7oSJal4YewKrGUz36cjOVqLB8P7zd9MsbWthO+tybtjV2MShDsywLnOOCSTytPYegL9fQJomtigIz4hXp1g+HFmtzGSVcLZphycbFa0NDAcJM7U+hE7U+jI9N/Dq0WRjZqiL5io7l+4H5LVRujpmaWNaxv8AhCDVXSngadZxt6qguF9fLG6KlyM90rLkK3ORc1l1pogXGTzfdZy49RSS5ZEchVUomncHSPJ+6E9rG4BKJQwE0MnfNUu1SPzhNczYbLr3AHATJ5207cvOAUeCkOLcd0CWVkIy5wwqyruznSGKm3I9Cpds6Xv16eBKwsY7keyLCDzhEapuLHeWE6jxsp9p6Sv97cHuYG0xHLtsrZ2foWzWiJslW0SuG+PRW8t4ZTN8OlAAG2Ahk8cA7+Sqs/RFss8YlmY10o7+isX1tJTt0RgbdgoNRcZJSSXHJ7ZUAh0xIaFWGU+Sxmu4A8rcfmq6etmn8pcQM9k+O3PkIdIThSmwwxNAwBhB0QrhTl+7s/mnCnawZ/1UuXH4W4AUGaTT7q20ykhr9Lc4wNvVQZHnOyLI5znbrngucRhqHkasIjuDncjCZoPYZJ7ZVrHa5pGhwbsjNdYLcPFuE2Hj8ARxbYO4r7dZq24y+HHEQ0cn2Wmpul7TaojV3KcEDnxDsFmLn8TPk4zBYqRrDxreFi6++XS7SOlrayR5d21bD7BFhhxhk9KvHxJsdm/3e2nxXt4cweX9VgL315eL49zDO9kR7A4ys/KwZC5hoGw3RRjkaqhjsPcXEZJ7nlcwE48ppIxhHtQyMEheXOcj9UwOyMZQzsdyh6scK0iw+T6oB4XXOB4KGSc8phaiI8pAZXAF3W31UGxicTMj1XCQmEnPKhQRN1e64SEMk55ULHLh4TUlAjhJyuZK5kJZChDq4eEwuAOCVxzgRgFTBDjnEHAK4XE7Eph5XFeSCSSSVEGJJJKFtYEkRlLIOcFR6qvoqGLx6ysijZ65QSsURsYym8RRIyByVzTvjKxN1+J9vpXuZbqZ9Tg/Vp2WVuXXPUV0yWytpQfpLBg4SZaiCN9Pj7Z8vg9UrK2ioIDNV1cUI7azjKydx+JtppXFtJSTVZG3l2B/NedOjqKyUy1s8kz3ckk7qfTWuU6RBHsfZKlbOX4s1x0tdX5clhX9ddQXHUKfFJGfp0/Vj3VS51bXPL6mqkeTyS4q7gsE7sOeNu+ytaayUzQNQ3+yqO6X5MaraoLCjgy8Nv1kADJKsoLLOQ06dloGW6mhILWDPupGgovjwKlqmvwKWCx5+uMBTo7ZBEMgDIU5rSE0Ruyj24EyunLsjimbn2SDY2YOoKUYNS58lAeWn9VeAXNkYywDABJK45kr/wC6bupzYI2jAaP0TgwDhTaL3tsr201Q4jxTt6J7rfCAHb5U8AEHIQXN3VbC0R/k2jsiMY1gw0IiaiSSLyD1ey7nK5p90hgd1T2l5Y1NyU7I9UJz2N3cQB90ptINRb6HtITjuoE94t9ID4kwz6Aqsqes6BgLYwXO+6B2xj2FCmyfovNBXXSRxAue/AWMqerKyQ/7uA1p91U1t4uVUNL6hwHscJb1EXwjZXorJdm5qb7bKY4dUAn2VFWdYNaSKWI7dyVkXF7/AKnkrmn3S5WSfTNtWjjH8i2q+qLlUHDX4CrZKmec5meShEYSS3J9GqNUI/ijv2S075zuk1dSZSeRi46HaWgcIWnC7sO6ESc8qnPaQPkJrjkbLmAlgJLmQY4kHlNSSVb2GO1u9VzUT3XEkankgkkkkLsIJJNXMhA3kh1JcyF1EQ/ZpJJJfk8/XA9JJJQgkkklCCSSSUEj0kklAMCSSSUBEutXElCA6inhq4X01RE2SKQaXMcMgj7LF9PySdPXJ3SlxqGineXPt8z3Z1t/7s+jgMfstwqjqWxw3qh1Nb/vlJmalf3a/wBPzULSJBbjlCje6mqPGYPuPVV/TtzkrqLw6twFVB5ZW9xhWMjQ5vqoWXVPM2WMP1DdcDvZVNDOYyIXE7qzbvuhBlEKkkkiAOHcYVVeLVHdaKSmkaCHggg91bLhGVaGI8lsFzn6L6if05cyfkap/wDu0naN3oV6Yx+dwP3WW+IXSst4p/m6IAVEPnafUhC6C6mN2pjQ1XlrKQeHM0nfI2ynReALI5NPc7bS3WmNJVxhzXcHu09iPQrB9UdJjrrpqfpqtcz+MWt2qlkdtrwNn4/xA7/YL0cebZVV+tcjQy9UPlqqbdun8Q9D6hb9PbOmanB4aMNkV7PkCso6211ktFcIDDLTOLJmnljskY/UKyttYKiPRnzMXqPxq6QdeaWTr20UjHSMi/36NgwXs/rP/Lv+q8Qhq3U7mywlfXfBeU/mUJvtdo4mppxPcjP/ABX+G1L1FQS3WhgayvhbnLdvE+/uvCKaoqKGd1BXsLZIzp35C+uqeoZV04eQHAjcLyD4sfDWGq8TqC1eWdu8kYHI9V7LSal+z5v9SeA/kqWorXPs89YdbchGVFQ10tNIaWqy0g43VyyQH812oT3I+VX0OqbgyQ1OHKCTk54RGo8iUGHC6hDlPBGFZY5JJJQSJJJJQgkkklCCSSSUIJJJJQglzAXUlCCLW44XCBhPXNPulSWRwEhcRSAhkHKFogIHCbq9kZCV9kyCQzjByFJQTwp2ERnNPogta6OdtRGMSM+k+ilOaPRBewHO3KTZWpcMfp9RPT2KyD5Tyj6j+CvxXi6qtcllu7gLhSx6i5zseJ7j9F6JWQCJwng4duvhq23e4WC4xXK2zOiljIIIPPsV9efDT4i2vr6yB8DdNTAA2ohJyWH/AKcr555jxs9FY51r7D9TfQX1hR57TLTXvF0V79ltXxta4V0TQHDaQDv7obwXQtqmjYndT6uAx4I3a5QWn5WbTzFJsWngFcRM+hNY4Y0xw1UJY8ZB9VmbrapKR5cwZYeFppG+C7xIxgE7p8kUdTFpeAQQtlF8q3lMzW6aN8dsjwX4jfDSl6oo31NCwNrGDLWAfUV8/wAtPV2uskpKuExyRHSQ7ZfaN2tL6WQyRg6eQR2XlfxN+G9P1NSuuVuibHXRAk6R9a9BotfNPlnx/wCrvpH+TuuqX3r/AMzxCjrZInNdFIW/YrS09W2ujLDgOAyVjJYaqgqX0dTC6OSM4IKn2y4mmnD3cHYr1mlv3LLPh2t0VmnnsmuTQuLoyCMj81YQTQ18BpKoA5GASoQfHUMEjHZBTQDH5mnhdHiSOa4uDKi5WyqsdV8xTkmInOytaarju1GRga2jcKfFVQ1rDSVjRgjAJVFW2+qstV49OSYie3GFSWBqt3cvsj1tG+A5Ix7oVHWz0MwlieQR2yr6J8Nyp8P0kkKmraF1NIWng8FV0NU1JYZ6l0X10aqJlHVyguGwJO/2XoNPOyRmthzlfMQnnpXB8Ty1w3GCvTeh/iAJGx0Vc8axsCTymQnk4et8dtbsrPWNWUlFpqmKojEsTgQVKb5lqjJYOI1jsSHNDHPGY5G5BRdPulp91e5ERntU9lqwwuzDIds8K9bIHDI77oNfRxVkXhSDPofQqlttxfQ1LrdWuJDThjj6KZQeMmjSSwMZyu6fdTcgMA0kklYQwpnmynpYCjWSCBysr1t0jS3+kMsLGtq2DLHhanIQi0IJJNYGV2zqkpRZ84XCiqLdO+lq4yySM4IPdVkhGTtwvcuuOjae/UpqIWhtTGCQQOV4xX22egmdDMNwcLDZDk9VodVHUwyisfpOWkJ1uqTRSGOX+6edj6JzhglBmDZGaRueyz7WdHG6O19GgyDuOExzcjlRLdUmSARu+pmymg5UESjtIcsO+QnWq5V1gucNzoJDHJE7Ox+r2KO5oKjyxA9kUJbWWnuW2XTPpTpTqW3dYWeO8UR0yOJ8druWO/pH+n2Ku4Jztt+q+a+i+ra7o26Nq6Ul1PIWiohztI0f9M7L6Kpa6julKLja5RLG7BGO4xnK6NV2VyeQ8no56e1yX4su6eZx5UyOQkAFU1FUBxGT91cROBamyZyH0Zz4h9LDqW0CeAtbcKMF1PIdifUH9ArD4a9Zt6ntJtNzZmuoPJUtePM7Owd78K2kGcZ4XnvVtluPT17h616daWmLerjZxI0eo790lxyaKXGyPxvv0/7mY+IPSEvw+ulRdIIPH6cuYdHUQBuotcfX/qrz4D/E6D4edSM6Cv1XK+zXKUyW2Zzstgc52Mf8rsDPo77r0Smq7H8QOly5rWzUla0skjeMlhHb9+V88dYdGu6ZqWdM3GV7GVI12er/AO7d2jJ7dt1nshseUdfSOrWQemv79/8AT3/lf+Z92vl1OzjCIx2dl4b8Afi1L1HaZOl+ops3q1u0PDj55Wf95/ixjc+4XtzHDnPKOue5HntTpp6exwkSBunoWcp6angzBV0E5Q0kAJKacjc7rqAOUUDLMKECZC6gsJJ3JRlCCSSSUIJJJJQgkkklCCSSSUIJJJJQgkkklCDFx/0ldXH/AElQgEk5XF0g5yuKEHqJcqOOupXU0g2eMKWmvGQoWpYPGuoum67p2vNfb9TC058vBWy6M61ju0LaOteG1LRjfutJcbfBXwugnYCCNvZeTX20T2S4uno9THMOfuj6GZUj2UOz2TljeiutYLmwUNe4MnAwCTytrqDgQdleQWsAXtGFHwWkKTpQpGZ91GUdByOV1B3DkQEYQkHZKWSkkrIcxlQ6xgezRpCmobmh3KNEM+4SU7y1/wBKRIAyNwp9wozURZZs5u/3VTDIQfDedwr6IOlf4sbocHzL5s+K/Qf+ylfHX0LS2kmJAHIb3x/n+i+ldPuqbqayQ3+zz2qoY17JW4ORuD7JFlamdPxmvt8fcrK3/lemeF9F37wgygrHEFoAY8nn2Vtfad1HcGXKn2DiCcevdYO92m49DX19pq2ZjJHycuN3s7By3lsu0d3t7MEiSIBrweVwtbp8Syj9OfR3n6tVVGClnPRoqGaG70RhqGh7Xtw4exXmHUFtlsdfJSSDLA4lh/wnhbWjqzb6xrsYY/YqR1hY2dQ2d9ZSFonhGfuFy2sHv76/kjvPDuoKCOozKG/UMgrFTxujeWcEL02aIFphlbu3ykehCyd6tjHFzo27hKkeT1ullOTnEiWOuMUjTq+k7r0Gle2eNsgOQRleUgy079XGFt+k7praInu5GFmaNvi9Sof6czQvbjYqJIAdsKfLgN2UJ4yCgksnel0QpWgbEKJIBgjHCnzDPAUKSNxQGacckNzd1HlZlvrhSntwgOYQCojHZDJXTAb7dlBmHorGoaQVCkac4T0uDn2wyV87FDe3Sc4VnK3IUF7d1ZzbY4YJkm+MKScPYDhR9ON0+OXChmaTAVDcYxwgMJ1BTZW5B+yguBHZQVJNdFpQTu2yryleRhZWmnLHrQUU4fGCeQobtJa0sMvYpNQCtLXV/JT+LjLHDDh7LPwzYIVjTy5IGUElk7mls5NFVQkuFfRv98jkK0oK+O5RhkpDZ2d/VVFrqC1giecsccI09HJb5xWQZc3kgJR2Kpcl48BrdLhkKlu1G1hFVCzAJwQOyuKSeOrjEkZz6j0T5IGyDS4bHZJksmvG5FFb6rDsOIVzCQ5uQc5WbuEEluqiCfKSSCB2VxbqgOja5pzkJch1UtvDJ/0qys1wk8XwHnGOFWiTU3hMDzBI2RnIOVnsjuOnprNksnoFK8gAqwimzgLLWm6iWMNLsn/JX0MgwCsk4vPB3q7VMtWuDhggfmqevpXUcnzEAJY76m+inxP2CkiJs7S1w2IQjZS4KmJwe0OB2IyiEZUOogmt1ScZ8Jx47KXG4OAI77qMWpZK2+WeG9UD6KYgZ3DiOCvOLdWT9LXd9DWEuhJwCOML1wDJwqDqvpGnvFKZomATNGdgjMesok4/JBco7TTw1UIlicHNcNiCgVVOHDjCyNirq6yV/wDDawnRnAyt9F4VZGHREe/sqZWnsdsc+zM1VOWu+lVNbQiUF7NiFrqyjBc5unhUtRTOjJwEmUcjLIPHBE6e6gqbRVMjkeQ0HY5Xv/SnVMF3o445JQZGjlfONdQOmJfGcEbq36L6pqbVUCKaXAacZJ4XO1OmT5Ro0WrVL+OZ9OwyFpG6lxyAjkElZnp2/Ut4pWOjdiQNGR/qreObScLj21YZ3oyTWS2BymvGcIMLwWjCkA5WOUcFgidKc05XXjKGHkchBggRrfdJwxvlJzvZca8KECwTua4AhTw7IGCqvGDkKTTy4OClipLJOyU5BBBRByrKHNLicnhOSQ3OIJ3PKWTsPkJIY5TxwlijqSSSAgkkklCCSSXHcKEHNwVArIMnVhSckHdP0CQEFOhLBaKSSM5IIUCppY5Glr288H0V1UMEbyCNlCnjzx3XQps2sE8g+J/Q0NzonyRta2ZoJBA3d/6r5/0y0FX4bwWvidpOfZfZtdQQ1cRhmYCDwfRfNvxY6Vfabs+rhiIjecnAXf0Wo/Zw/I6SSfywB01Uy4W5md3AYyvUvhlffm6I2uofmWD6cnsvD+m67Q75d7tnLbdOXCW13ynlY7DHkBxXSmlOHBWgucMSZ7yHbE4RQcqFTVHiMY7+sZUtjsjhc+cH0z1EJ71kJkpZKbkLqzNYHI7kpZK4koQSHj1REObZuodk2sjAy7jKgyt1DGNlOH0n7KM8Y7LTVPBktWVgwHXtkZd7VVUrWZcWkheAdOD5K8T2+caHA4GfUL6huNOfEJxkFfPnX1mfZOqm1kMeiOZ2rI4XtPDanG1Hyr6x8fvl81a6LulkLKhrfVXbn8EblZuCUShlTGfK4A/mrmkkD2AO9F7GMlJHzpScS8staYKlrDgArd0szXN5B2XmIzDM2Vp4W0slbqpwSfzXK1dK5mj3v03rGo7Js0PJRInOje1w4CBE7LdQ/REd54y0BcOxHvKrf0XEcge3UOCi5yFXUFSHwhhG7diphk17pBuhPcPLznYrmonuhpKjRGeB6SWQkoG7MjDvykUlx24UKlyisrR8tUx1Ib5M6T+aKyTO+NiiVLA9joyM6h+ihUMpdEYXDDonFqJPBnbJj+FGccblElI2wUCQ4IVNNgt4Rmr9FJR3Wiu8WRiURP8AZpWlbJq3HB3UK70rau3yMxu0FwPoR3QrHUuntsUkh8wGk/kqigIvkslxwy0g+i6keEYwZCf5Iz7oTzh4KIdtggqEDNLXgagqW36oairp8Ya2Uub+atn5BByqadzor8C3Zkke49SoLsWSwJwkDlJy4D5ScJiQDYGtI8L3ByojHZwjVGXHCCG6Wk84VxEzCP8ApBQZDtsjkZgce6AOE3pGSfBX1bRpORyFXUvlcQPVWtY1xaQR2VTTjMpHurjLkw2rkDcXFkx9wql5znsrm7twBNhUsg1bjZbKu0cfWLEzHfEJg8Wld30LJggA7rW/ENuHUpPAZusW48br1Gl5qR+d/rVY8tP/AAv/AEI12mLYSAOQq0NAoC5w5Um5zAyiLsVGq3COjDAMK5M4Onj9qKd51aieVGf9SkO4Kjk+ZZLOWdLGQ0GwU+kBCgxHGArWmZgA4TYrCGUxzIL+HBQQcE5RJ/pQjwFImp8cB2orOUHsUeMHUnRQi18Bm7kKSOFGZyAj626VtrM27HYOpfhuM8hU1TIdSn1U3v2VY45Kq2XGDPLmWTi4TgZXU152WRvCCSyRamQ+nZQWkvdv2RqqTLtlyni3zhZ5S3GiKwSIWacDCmMGkA4QYmjbbhSJXNDBpCiaSFz5AzybEA9lALi7OQizv35yo2rJPZJm8cBxjhZFkOOPVTqaIbEDhAjiyQQFPgYWgIIrIFksho2huNkdu4XGNIxsiA47JyhgzSfPJ0jJACI0HKQ5RGNymRWRL5CMaXbKZDEMjITIosAbKUwYGwzha64ZETmO04xgYXS7VgBNklDct7gItIwloee6bNJIfo9NLV2qCJFJB3IUtox3ymwkNAGOUYcrM2e901MaoKCQ+Fpcdwp8TcYOEKnY3bZTYWAhUboQSD05AH0qRrAaRsFFAwolwqvDiL84AUHxls5It3uTY3FrRkY5WGuNyMr3ANO59Ue/Xj5mUxwOOBsSFVRRuO7kxLJ5LzfkPllsrYtLpHascqXC0DBPZKGNunJCdpWiEcHl39x0ngNCI1gLRkpNj23Q5ZMbI20UkNmd4Q2xwqisqnPJaCEesqcAgeip5nl7tz3WO+30aqq2Pe8vO5QlzICaufOzk2JYQ9azoKwOuFb87JHmOM4G3JWaoqOaunbDE3OeV7v0bYRarVGzSA54BP8Aqs07Nz4PWfTXjHfb89q+1F/b6ZsELABwP0UyWdsQ1OwB7poAa0DsFR9QXWBo+XY7Lu5CbTU7Ge61eprog5y9EG/XRlTUfyslrdueVr/h50mzAvldE2RxOI9ZwG4747qi6H6aF3rPm62Nxp4znB21EL0+qmMGWsdgr0emqUII/Pv1X55+Q1DrrfHsFc691TJ8nR55w5wR7bSR0jdT2Bzz3KFbqaKPNTI05JOAp8EL6p4a3YDutJ4ptIn0zBINbxsOFK8rAh4bC1rR2CC+V1RJ4cX2JVuOeWJfIV9QeGhSaCgEhbVVcfmTKSi8J4lqNwNwoV76hZA35aDcu2JBS5zTXDLS3PCJt8v4t8T4KT+YTz5sYWfobc+unFyubiQN2xnjPqi0tEHYqqhuR+EHunPl8Y6W7BY7bVHg+h/Sv0dqPITVtixFhqq4GcinhGiMbbd0qenJ3xwlTUZccnupDy2maA7k+65Wr1WxH3zxXgK9O1XBcHW6It3kAKhrqqoutT8nS5EbThxRbjWGp1U8J3HJUihpG00IaDl7t3FcK66VrPWwohoYYS5C00DKGNscTd+59VLiiyQ4t/NKOEkgkZ5UpkWGjIWnSaed01GJ53y/kFp4StkxhAa3JAAHqszdLx83P/D6MEDcPeO/spV7uxkLqSkfxs5w9Va9EdG1FbL81UMA1bgEdl7CFENLBKPZ+XvqnzkvJ62Um8xT4J/QXQj5nNq6uLEXIB7+5XrsTIqSFtPDGGtAxgKLbqSOgp2wsH0jCdUzAckDHqqlLceNsm5SyEmnZE3UTk9gmUVLPVSiolOGZ9cfkokLH18wxkRsO59fsr6KPQABwFmnLAAZrWtGlrQB6BdXF1Z28kEnJqciIJJNSUCHEjHKEeUsn1QlCCXDwmychNedhgqEESmJJmcKEClDxvjKT9uThZi89aUFJVG126F9zrjxBBwP+d2PLj7qENLLL4eNs5WYq+szPVtt/TVH89WEZ1acxD/xKK3py+dSObJ1LcDFTDdtHTnA99Z/FwMem/qtRQ0lHbqcUtHCyJjdvKME/dQhTU/T9ZVyNruoqjxXO3NOxx0NP2V3EyOPIa0AZTnFriTqQzucKJZLSyOJJOSV3HuotZcqK2xGarmDGDndYPqD4sUsTHR2iHU7ONb02FTkMjW5HoEs1PBtLIGnGVj758S7ZbSWUYbO8bLya/dZXe8EsqJstPZUzJHSHuXfdaa9Ov6hsdPKPLNjeeubtci/w59DXeh7LMyVLpj5nZP3Uqz2C53STw4oHFvcrf8ATnwnJeKiuADT6oswqLclWec09sq613+7xaitdY/hhcbi0PrHGBvOV61aelbJaQDBRsLgOSMq1LGgAMAAHYJUtT/yi53y9GPsfw9slpaC9hqHjGNe4BWsjDYm42XHENHKjyOD/KUqUnb2Zpzcux01dFDnU5VdTW1tT/dRvEXq4YR6mWggy+cYI91RXHqcSsNNRsIA5JVRjhkJE4gPnq5NwqiruVMDiAElqhl9ROcyuJCZI+CMaX4BWiMUMUDlRWTTAAu0hRHzaB9WfzSeJJngQtyD3U2msE8uHPG6LKCawV76mbGY4tRx6plFYrrfHjU/SDtv2WkprMIBiduVPiJpW6YAGj7KYKO2jouzWiNstS5ss3J2Vq6vdGNMADR2IVV/EXZIlcNvdDMs1RtT+Yd0DQMlklVNwqJNnyc+iikyy7Rs1ZUiOijBDqx2CpOmNgDYG490LFkeOg1AOqHD7KQ1sEeBAMlFjpKqbDn/AEHvhNnqqG2gj6pRyAqImxwZI5uqRukKLUTU9NGZGzanDsoFZeaqtaYmAtXKO01VXjLNio2kGDfcp5dm4AT6alnqnDQ0n8leUHTkTQHzDGEK6dSWOyNEUZ8SUbFowiLSyDgsY06qjZV9xvNjs5LWHxZm/hAWVv3W90ub3QwSeBBnYM2JWde+SRxfI8uceSTlWo5HQhns0lz62uFWNEAbA3/BtlZ6pqppnF00jnE+pQN8kkrpcPVMUcDPjESgkbcpxIGd0BzjvvsiwMUUhHlMyUwyYPCGJsnGFAwxIxyhucQuavdDJyjiix5dkbIJ5SyfVMTMYCisnclIDPdcBb3KTnN0ndDLkPCGEoZJzykeUNU3kgTJXExJUQ7kriS4SMKEG5CRIwguJ1HcrmT6lXgg5zjnY7LhcTsShpKZIdyVzJTEuBkqi8MekuB7TnzAY5yoNffrPbMirr4mlvIB3CCU1EONcp8RXJPAJ4GUliKz4o0UbsW6mllG4DuAsxc+ur/cC4NnEDHHhgwUEroro3V+NufMuD1SvudFbofGqqqOIHjUeVlLl8TrVTkspKaSpI22doH6kFeayS1FS8vlke9ztzk5yjU9unmw2OP9kmc5yXBsr0VdX58lzcOv77cWeEwspwefDGCVn5G1FVIZJp3vc7kk5V3S9L1T8OcMD0V7RdO09M0GVoJKWlKfDNTuqoX2JGUprVK8ARBW9H07JJgys/VaumoaWLDo4QCpej0ACnxYZns1k5cIoKbp+njAJHCnR0UUG8bcEqZocU5kXqExQSMc9RKRHDe2E4U3fOFI0N9EiMYAV4A3tkYwluCQiNhBAOUUDK6BhFkIH4bR2SEbQnJKyAkklzKhDq5kJuvOyZqIUIFJGOUIkZ5XRl3GU3wCeThU+iDcgbkrjqqADd66ac5y7KQho2YMmyS58jEm+iLLXsZsyNz/ALKHPWXAD+RTsPu5Wuq3NxwB6pxfaXDHzLR+apzyMUmvRmKmW9TjQ+WFjf8AAd1BmgkeNM878D3WwbTWmUkfNMH3QprJaphtdaYfmgmsjoWqLzJGJnpKMblxefdQJDRtyGRZIWzqemKTfwbnAc+6pazpKt/4U0Th90iayba762ZyV7W8NUSWTxDxwp9ZbKyjeWzRHbuoRaR6pDWDoVyjJcMFqTCcp5aQcYKGrGhNPuugYQ9Xsllp7oMSYSWRy5kISSB8FnS5x2yuJJK85J2JJJJAQakkkgIJJJJU+iCXEihnKBhxjkOSMcoBJylk+qbvk7qN4KHAnKICMIeClkqyH7PpJJL8pH62EnpieoQSSSShBJJJKCRJJJKAyeB6SSSgAkkklCDEs43SSUIZu9UbrbXC/wBI3DXOEdUxo5Z3d91ZQTxVMTZoHh0bxlpHop74mSsMcgy1wwR6hZ2DNhuotdS7NNU5khkAwG5P0lQakvZYuGlweOytKOoD4vUqveQ7I9EKCc09QM8O7K2SSLxq6htyeO66qEMSSakoEKRurAXlvVlHU9H3wdTUIIjccVTQNnA9/wDJeqKBebTT3ijfTTxteHNI3GUUZcl98A7LdqO8UTa2ik1sdwVasOQGkZC8l6UrKrovqSp6drXH5So81MSdg7J2H/y9l6lHOHb45WyLwZ7a89FXUUDLRWZgA+Qq/I6IjLWu77e6+Y/i10NJ0T1OXU7g+13UGalP/dO/FGf1GPzX1tPStuFLJAecZb7HsVkepelIutOn6zpW9taQwkQv0+ZsgHke09l2fGeRloLVYuTnX1qR8jW66fwyoMc2TE/bn6T6rQVEMNXE6KZgII7qjv8AYq+yXGrst3gMVZRPMcjT3HZ354KXT14w80NY4gA4jce3sV9o8fqY3xU4HG1NWODyv4m/DweM+st0RY4ZcQO686t9fLBJ8nWbPYcAlfWNxt1Pcqd0ErQcjY+i8I+Inw8mpZ31dLHh4y7buvR02vGD5X9R+AlOTupRn2yd+cqQ13sqC217m/7vUHzNOnfsrxjcDK2J5Pnk4OEtrCroPZcGy6OU1Cgg4XVwHsuqEEkkkoJEkkkoQSSSShBJJJKEHJJJKEGpJJKEEuEDGV1JAGCIXEYtGCUIg5QOLDApik4KFp91eGQE5mCN+UF8YHflTCMoTm+6VLkIr5Y9XbKtekOqLr0XeIrtap3McCNbfwvHoQoTm5QXs22Kz6nSx1EPjs6Oj4zyeo8VqY6nTPEkz7P6P6rt/WVjgudI9rhJGHPA7HCl1lOA04+4Povkv4a9fVfQN5bI4vltszh48GdvuF9c2u5UV9t0F0oXtkhnGRg7g+hXzTX6Keitdcj9bfSf1LT9S6JWwf3x4a95IEerUY3nIXfNEf8ACUWrpT4mtu32K7EWyxmOTlqyrs9RgY5scrcOaHA+qzV1traOoLo2+R+4HZaRoMDwD9J4KdVQQ1UBhewHPB9FrrtcTLqaI2RxJHz98T/hpT3uJ9ztkIjqmjUQ0fUvA6mKehqH0tVEY5GHBBX23U2sRuLRuF5R8TfhNSXeN91oYNNQASQ0cr0PjvKfG1XYfJfq36QhqYO/Tr7zwu13V1M8MecsPur5r2ysDmOyCsrV0dTbap9JUxFjmHG/dT7ZcnNLYJNgvYV3KSPhuu0M9JPbNFtPG8OBaePdTaOubVRfL1IBxtv3UdxHBUWWJ7XGSJaDmY5CVVJLbZvmKfJhJzj0U8/L3elwMB7R+YKhUdyy75eqGWu23XZYZLfKKmmOYzvgKFtYKyso3wPLJG8cH1UZgfA8SREtc07ELTubT3WnyABIAqOppHwSFkjfzVhwnnhm26M68fSNbBWvJxsfdeq225U9yh8aA/cZ4Xzaf5Z8q1vR/WlVbJWwyu1NGAMnke6OM2jl6/x6n/qVnugIC7q9lTW2+RXGMSR4HqMq3acgFOTycJQ29ifuM+iprza2V8ZewaZWbgjurlCe3HCttoJIpbFdZXZoqh2Xs2BPP2V+x2RnCzd0trhJ85SeSVu5A7qfabl8xCGzOAeNlWf2W0izSSSTChiR4SSREAnVlcIccI+AlgKmuCEV4PdYzrLo6nucL6uliDZQMuaO/ut05g4yo8jMJElkZVbKialBnzTX0bqaV7C0hzSQQq8scTuML2vrfoaG5Rvr7fGGzAZe0fi915DWUktJK6GZha5pxgpDiet0OqjqYZRCZI+B4cz13VzC7WwOyqZ4JO44UmgnLJND3HS7jJ4Kyvs2Tin0WJB7pmEfSMZwhkYVYwZ+ngjvZsRla74Z9fT9LVgoKo5oJHcc6Se/2WXcMhR3RAHbZMhNpi7qo3wcJH1fBNDMG1VOQWSAOBB2KsKWqLiGleCfDX4iz2upisV4lL6WQ6Y5HHdn5+i9vY4EBzeDuFvrsz2eN1ujlpJ49F6wEsJJQpMu2PCbRVTZWiN31D90+ZunYd01tGLGDz5sknwv6gbWU+r+B3Bx8VoG1O/I8xPputb1LYLV1pZnUteW1MEzdUUreWHs5p7IlfQ09wp301XE2SOQYIIWUsN0rukLizpe9SOkoZ3YoKj8LN/pd+oCTNZNyl8n3R/M8j13z4Xdbwmf+XUUGX0844lZ/S4+q+w+hetqPqSxUd2p5ddPUNBeSfNC/wDpcP8AX2Xk/X3RNH1naZqKQAVeM0smN43+uffZeZfCDruo+G3VNX0p1UyU26seaapJ2DXdpM9mO7+mkJONnJtuqXk6d8fziuV+z7cY4PGQ7I9UZqyNovfyMzKOeUSUk+Pkps51f4HH+r09VrRu3OMJsXuPMNcj05B/EnjhEngoIOUQEYQE/JSwR45RmuGNyMoCWSrISEkJJQhISQ9bfVLW31UIESTFzU31UIESTElCCSSSUIJJJJQgklwuAOCVxzgRgFQgnBu+eUE8rp5XFCCSSSUIcIyqq/WKnu9K5jmDxGglpA3yrZJQtPB4hdLZPQ1JkpiY5oXcjYnC3XRfWjbjE233B+moZsCe6n9WdN/PxGso2ATNGXNA+of9V5vNE6KQTU7vDmYcgj1CPob+R7YHZ2wukZWN6I60huP/ALtuh0Vbdg4nActq5+WnZXkBrBFkYhB5zhHcd0CRm4KooIDkcrqE3nGUQcKiHUkklCHHN1d1S3eka0Cqibgj6gFdoE7WybEZHBTEQzsc2pg90N7TyDlPuFNLQTa27xPJI9kzxGyMGBjZFF+gzz/4qdFUXVFleXxaaiMfy5huY/yXjPT13nsdwbS3Bul5aGye59V9N1URONtgvDviZ0gIp319IzU7dxA2Lcf5rJqNL8x7L6Q85LxmpUZPj0WE7RMxsjNw4AtKuLBWt3p5sFrhocCsF0RfH1gNsrJB5R5MncH0Wla51LUDf6Xbry90HCbifqXxHkv52mUjPfETp42i4/xKAj5Wscc4H0Scn9f9CsHWwgtJC98q6OlvtsfRVDWvjnZg57H/AKrw65Uclmu09lrCfEgcQXkYy0fiWZ8IvV0YzJGMuNEWuOlqFY6801ZoJwAVpLjROByGhzeWkcELJ11O+lrBLHwTlKlE4c18Vimj1SORtTTMlYcgjKEWHCpekbxHVRGle7do4K0z2AtwBhJwen098b4JxKuZu6iyNAHCsJW57KLI30QYGSXBWzN3wFGeBhT5G57KFID6KjJav0QZ25OcKFM3I2CsphkKFICjOfcvRXyj0UKVpBwrGVozwosjM9kZzboZIEoxhMbyjTNO2yEeFDBOOGFGC0jKhzMwc42KLGfNuUSoAMB08qIWyGwYdyrShlOA1VTQQFJpZy1+44ULqs2PCNDBKQAcqxppTrCp6N+vBVlE8EBRo7OltzyaGjlyANWDyFpKSZtVSBjjuBhYqmqC0BvcLQ2qoDm6Q7BwkyWDvaazJJBlttQJI3YY47jsr2ORssbZGnkKt0sqYiyQZKjUk09vqBDI7MbjtlKksnTjIs6+jirITHK3J7HuCs5TyS2+qMLnHTnG61oGsAg7cqtutsZUxmRoDZB39UEo4DfHKCwvD2A553CLI3U37KmtFS5rzBIfYZVtr0duVna9GuiTccsLRTupZvEHGy19urfHjDv2WLa7BzjhSqK5S09Q3SfL3SJxOjp9Q4zWT0CnlyWjOytYXAsHA/NZq31AmYHE7lXFPOMALO4najLcSK2jFXEWE4PYqhjfNQTmnq86SfK5aOJ2TjHKDdbYyupzsNQGx7oSumQ48OwQQQfdGAOBvsqihqXU03ydUC1w2a7sVctGByog1YksGR6x6XdcYhXUADZ4jqI9VnunL6+hqTR14c3PlOexXp5GVkerOk21bXV9EzRM3cgd1DDZTKqXy1ItTC2dutu4IyCqquohjOFUdLdUPpp/4VdMtOdLXO7H0WympmzNyMYO4Kg6q2OohldmKqIND8EKmuVvLD8xA3PqAtlX2/BJDeypnR6SWlJnHchVlPOSw6D63mtkzaeeTY+XJPC9wtN1guMLJoXg7bjK+ba+2OjPzdLyN3NC1XQvXb6eVlNUPLcHG65l9HtGzSat1tV2M+gYZ3NLcjlWLD5QSeVnrTdaW6UzXxvGrHrwrGKdxaGOOQOCuXbDk7fotMg90OVmcYQon5IBKknBasu0sjfUuNJaeUnDSSu51ICEgYISbkbhDBwUbYhCQNDPwCf1UoEaQQqs5BypMM3DSeEsCUcE5snsuSb8Hf0TGgHunOGQrAHxPY7IacnujMGMquEj6aYSEeQ7OKsWbtDgfqSwJvA4DC6kklgjEkkkBBJJJKEGysHYJjX4OMI5GVHlaWkyAfkmpcloBWML27Dc7qC4t+l5wVZk+K3hQJWhkulwGD3WiEsBpZIsrAd8LHdc9KxX+3StY1viYOMra1EekgBQ5mbjuulprdrEzjuW1nxzdKCo6fur4JWkaHnBx7rTUNUKmnZM0+YDlbX4x9FPmEl1oYh5RrIxz6heV2C4mB3y8md9sei9Bp7VNYPPThOi7Y+j3/oO+fxG3MglfmWEaHZ5+62DH57Lxroi5GgubHl+GSgAr16ORrm6wch24UuR6LS3JxUWS9R5TkEYOwTgcLBJcm+MshEkkkIQlxwy3BXV1NCl0RmnSSEJw1cbIk+NZcOEM+YZToGZrLK+uiBGcZXl3xQsRrreZ2Ny5mdJ9CvWakYbkjIWT6poXVVtmbCOclei8Zb8aTPL+b0kba5RZ4l05MflDSvOXxOOQr+B5Y4LPx00lvvjgBgS5yPdXrXey+gaafyQUj4trNO9Pa4lnGfFG6vrFWljhAfsszRy6OVZUU/hTNlHY8IbY74uJq8ZqZVWLB6LTP1AAqQxx9FV22p8aJsgVmJAQDpXn7o7ZbT6no7d8FI42TwanI+l2xCtmHIVPM0EZ7qfSVIdEA47jZZJROrVYTUkzlLISpLJpTHAnO5TwRhATtXuqDHpqcmHdQJjJG6htyFWzMFNUiRowyTZ3/MrAsO5JUWrjM0RAG7dwrQtjScppGVyNwcwEJyasYEybfQxzQdjuCqC3j5G6VVv1ENJ8WMffnC0R4Wdv7fkqqkubNv5oikP+EpcnkBMu2HI5yk7BGMrjS0g6eDwgEnPKNLI1D3fUVxJJCGOVReA6nlpq3GR4gid7Z7q3yAq++tMltdp5a4O/dWngAKd+F0Y33QqeRslPG8HZzR/kugEd0beReBlQMYKhiTJxhTKh2wyoIAyUVfHYqYdpywhCaMOT4ucFcdgcJu7PBlsA1LQWKib/LqHjHKv5sSRlg5VAQRX4Ki7Md+Bl1dqpxtjdUrtgd+Fe3RmYNj3VE9mIpO2Fsr9HF1v5GO+IzgIYCDvoGFhC44ac9t1s/iESXUoztoWGkcdwvS6eW2pH54+s/8A83l/hEGVzpqsYGd8KNeZHM0wN/NSIgROSfVQbm/XUD2RzeTg0rlEMjDceyjbk55UyYgNUZgGVmcsM6G7aFgyXN24KvIwBGPsqqjYXPA7K2aPLhHuyjVQuNwI7lEjj74wmAEuUpkflUgMB4wiRSAHjlMIOeE9kZ22WhdmezjkM/shyOOEZvdR6ojYLXB4RislxlESpdnuFFH1J8xyeUMcpM5ZYlcjzsMqFWTYGMKY8hrQSqupmDis1rwjRBEZ2p8gOFYwNDWgkcqLSt8R2cKa4Y04GEulZWWFN/oLGMoUpJBBKLnDVDncOMqrHjoqKcmAnJLgcpkbSXBLOXhSoGZ3IWd/cxklsDU8eQM9lYMYGgFBgjwBlSSMY3Vx7Ms5BAAF1NbxhOAyU0RY/wBD2+bhS6dmDqIQoo9wMKyhjxjZaa1kQ5+h0TcjccIoc1gyd8JZaARjChTy5PhNdufRa0sIVt+SSQ92qWbU0bFWlNHpY0EIFDBs0varIBuAAEic8nsPE6L+PFSE0aQBhGp2F5xwhxwlxGBkqypoNAHl3SlLJ6OuHOR8MelTYo+CQhMG+ERxDG7ojUocA6ueKkiMkjtvRYjqK9+V7WzEegCn9UX2miZoa/JbnvyVhnPlrJi952KtLJwPK+QVS+OthIQ6V4cRyrGOMNAOFykpGhmSOESRwaSAtMI45PG2TcmNcTkANwnMbnO6a1n4k58gAxhHuF/4HSSaAq2qqBpLQQn1VQRkeqqZZTqyd91nts4wOphlnZ3lx55UGQ4OxR5HDG53UKV3bPKwXSN0IfoI49gUm+3KE1pPfK0XSlifd6xg0HGrAKxWSxE6Gi0ktXaq4mx+G3Sj3yC51ONBwQ0hetU8ejA7KBZrTFa6GOmABc0bqxLxG0uOwCqlNvLPqVGmho6I1xAXSrFJBrAWas9rf1BeGt30asuwiXaarr60UzHEhztLQFvulbNDZKVjmR+dwy8n1XodHp8RUj5n9d+eenr/AIdL+59lzR09PbKdsEDAAOUmB9TOZHHY9k0vL3cIkYP0tbuujCB8Uk2+Zdh42yyy+BDwO6vIWClpyTgnugUNPFR0/ivGCRyUB0k9bMI4NmDko87QMskCczytjH4lZ0NPHTu1vaCRxlDo6RtEzxJgHPeO/ZVV3uklSTSUA1Obs7dKsue3bEOumd8lGIW/dQtkcaSkOcbOcD/kqyjohGW1dWzVndrSnspKanHiujGrG+fVKMz10wYwHbYDsAubbZsPrX0h9FO5xuvjwOdUSVTtmloBwAFYUdA/Gt557KRRWz5fBeQXFGqZ46KPJGSeAuRqdY4vKPu+g8dDTRVdawhj5IqKIySbY/dUM9ZPVzF5+k8BEqZJ62TVIcDs1FgpWxkOK487Z3Syzv1xVURtNTAnU5gyrSCnIdkhMp4CSMBWbGNY3J2wtFVW5nP8hq4xh9wLwwxocRjCr7tcRBSFsW735aPb3RLndYYdVN3cNiodpoZblVtDfMBzlep8fpXpY/LLs/P3179UuedLp/8AqE6Z6eNwqo5pYi4ZwARyV7JbbfBbqZkMbA12PMq/p2zR2yBrnRgux5TjhWlTOIhxlOuudj5Pic7HJ8nZ5REOVVRtqbnVFpz4WcfdExNXT6I878q+o6GKljADQXdykylhAj6SkZBG1gYAAFJXGrqQ5ZLHpJJKiDk1JMRkEkkkoECXMj1SJwEJ7sd1CHZSNt0wnPdBkkOr/wBUGqq6aki8eqnZHGOS48qEJZIHPplUt46loLXHqkmZLM7Ph08TsyuH27KBUXW8dQCSl6fjZTU3etqBv9mD0VnbOkrVRSCsmj+Yq8bzSeYooxyQoG03VHVmH3Cb+FUB4ji8tS4e7hwtFYenLRYqVlHQUwa1mwyrJ7Q0aiNh3UV9bAPJE/U/ONkWMEDvww5A5Ud2DtrGfRRZX1LGiesnFPFzk+iyHUfxUstmElLaofm6o7GX8P5K4VOQSi2bSSphpPPVS6IwN3HssB1P8WaGkD6awhlS8beIRsvOL31re724iercyM/hacKljGDsNz+6fCpR5Zorhjllrd+prxey752pIYd9LDhVDpS7Ddx6LWWH4edQ3ste6JtPTvGRK7fI+y9L6f8Ahh0/ag2WriNZOB9T+AfsmucILsOVqr6PJ7J0FfL6Q+GEtYeHEL0zpr4R2+3xtluJ8WU7kE5XoNLBT00Qjp4WRtAwA0YTse6zzvk+E+BFt85+yLSWyioYxHTU8bABjZoUkNI4cuhwPBSKzyk5PLEOTfY3OATqB2QdRdyOUnvbFu5yo7h1LDCSyly8jb81FFsItaioigOZZA37rM3HqZzi6CibiRvDlAnluVzk1zg4PG/ASFLBSgOcNzymtNAtYIRjuFY/VPK459SimOOmZ5seXf7pSVz2+SnySptvsVVWHxqoYzuArXARUmpe86IBz7KXTWWWqIdOzA+y0tNaqWjx5GknnIRJJmRDZM35Rblkr6Wz00DRlu4R8iMEgbBBqa8DZpwobZK2qdpj4VZ9lZJFTVjj091DJrKpwbT7e+FZUlkdKRJUnCuIqOCBoEbQFfyFFHSWUafErBl57qe2mdgMghAA22CsnspWt1THGOFHNTMNqFmrGyqUskBx2/VvUNx7lMqbhaLe0sGqWUfhahz0lwnd4lZVFjDy1pwuQ2ankf8AymHV6ndQhWzXa41/8lmYIRwM7rtNaJ6p2oEuPdaGjsDXYdM3yj2VhPVWu0U+qTSzA4HdC5c8F4yV9B05DE0PlA/RNu18s/T7A1z2l4zluVluofiO6Vpgt5cGDICwdXcJ66UyzvJJ9TlWoOXIUY5NJf8A4g3G5vdBSv8ABh7aBglZiSV8pL5HlxPcnKFgdjhccQe6dGOB8YY7GnOSSVxLITXkaTuiSD6Gl2NkNzychcPKESMYTVDIZ0v9SE1zhg7j9UIvAJAKESSeUzYQO4jfdRzyfulk+qQOEvAxLI4ZGwKakXAppIwijFsNROIb/pK65zc8oJIwj6LHEnK5kpp5XEBBJJJKEBJJFDOQoQkFwwdwo5JyuZPquEgbk4VonZ1JcyByQO6o7p1r09a8tlrBI8ctj3wluaXY2NM5PCRerh2Xndf8VZJmuhs1tLXf97Nx+QWUut5vt4eTW1bi0/8ADacM/RK+Vf0m6rx85/nwep3DrCwWwvjqa5hkZy1m6y1z+KZeHQWmjGD+OTfP2HZYcULti/BKn0tpllLfCiz+STKU5cI1x0dVHL5H1nVHUN0l1VFZ4cZG7Yhp/X1VaGF5wSSPfdaWn6WqZQCfKO+yuaHpelgAL9yeUDhJ9jXqaq+FgxUVDNLgQx/kArOj6ZrJfNLCCttS22lpsmOEZI7owYQdlarwKt1r/pM7RdNwxEGVgGFcQ2+mg+iJufVSgw5RdIwNsYR7THPUyn2RPAGdmgBP8Juc7fopGkeiarxgTvYJrcH6cBEAGEsBdVjE8nMBIgLpQXageSoQ47GduFxJItOOFCCSQ37OyVztkDKgYU7DKH4p9AuOl0g68NGO6q6q7W+l3mrIxjsHIJT2jIVubwiydORtgLjDzlZet61t0DSIAZXeyoqrrSumyIW6B7lKnqILg016KyR6I57GNLnuAAVdV9QWqmPmqBkLzqpvtyq2lklQ4N9ioTnudu5xP3KzvVNP7TZHx0X+RvJeu6KN7mwNdt3PdQ29YXq6TfL2+GLPYkYKxmn3RIp56c6oXlp9QcIJaicvY+OhriejU9j6mr2tdU3eCInlueFNb0GagA1vVIZ7B3/qvNW3i5dquT/zFFbeLgDl1XJ+pU+TPYEtJL+l4PSf/ZvbD9XVMp/+2ro+Gdjzvfs+5kK85F+uIH/aH/qutv8Acc/9of8Aqr+SH6M8tHfL8ZnpQ+Glj730/wD3Qrn/ALN+nxzd5f8AzFeft6huGP8AtL/1T/8AaK4j/wCKf/5lTsj6QP8AB1K/r/8AJG8f8Penh/8AZqUH/mKDL0FaNO1+qMf85WLHUNd3mf8Aqnt6iqhzK/8AVC7F+gFptUn+X/ki/uPQ9uMJH8blP3cSqZ3QtIfpubz+ZUd1/mfzK7ZObfZm/wDEKofCOoj0x3+wMRO1e/75Ka/4fvA/lXGMk/cp46jqWnyS4RB1RP8Ai0kjvgKxn/zRBf8AD26kHwpYn/bKjH4f9Qs/4TD+aux1XN/Vj7J7erZWnPiO/VC0T5dVD0jNydDdTs4og4exUWXpbqOH+8tUoH2W2Z1pVMP965SR15MB58Px67hBsDWs1Uf6UebyWm5w7TUMoPs1RnwVUZ80BA916oz4gQ8S2+neP+QIretun5P+09PUzx3wwZVbGgo6+9/nE8lw4fUMFcXr3+0Pw5qhiq6WmB7mN5bj90CSL4OVf1R3KlJO+kNfhDyOj5D9wZ5QkN+F6s/pD4PVhzT9aVVGf/1ij2H305wmn4SdO1pzZviXYHjkfMF0OfzI3VcjFr4P0zyzGFzYd16i34C9R1oP8Hv/AE7Xenh3SHP/AN8ok/8AZ7+KVORpsD6jPHypbNn7acoJLcOjqa5HnKY5q11x+FfxFtOr5/oy8xBn1F9G4YVDVWi50TNdXQTwtO2XxkINgfzQfTK7T7pafdFELlzw/dU0VuQzAQyDlSMEoeAoFlH7NpJJL8on63EkkkoQSemJ6hBJJJKCRJ6YnqACSSSULEkkkoQSSSSgAlButsjuVMWEDxWjMTvR3ZTlwnG6gZn7XV+NEaeby1EJ0SNPO3dGqGOOC0ZIQL3TGhq23iAbEhswHp6qYx7J42yMOWuGQrDXLD2eu8XVTynzN4yVaA5Cy8pdSVbZ2bDO6v6eqjqYxJGc+o9FQE4BCcpJJKACTk1OVohjevekRe6V08LAZGg4+6g/Dzqea4xy2e4PPzlGSx2o7uwvQcA88Lyrr7pm42O6f7UWEkAnLwz19/ZOU8Eayj1Ollcx499iFy6Ur3aLhTt/mxA8FUXTnUtHfaGOqpXEOHlkYeQ5aGKoJYM7J0LNxitrwzyH499Bu6ms7etbHT666hi/3inaMumj/Efyw1fMlwpv5YuEDvK3BHvlfdVVI62XB5Lc0tR5gMZDcr5m+M3w8Pw+6m+apnMl6evk5ER0/wDZZSBln57afz5Xt/pnzEtNNaeT4OZqatyMR05eTWM+WldlzR5TnfClX63x1tLqcwEs/wAlkbjRVPT1c2pp3nwnuyCOCtjarpT3ak1scNQGHt919d02pUuTgamlZwzwrr3oJ0Ej7rbI9J5e0Dn3WRoLi4tEM+SWnHuvpW+2RtXTOZG0Zwdl4h1f0JI2pdPRjw38kDYErsVT3HzTz3gN1jt06/yQo3BzdQOxTlR2+vmppDQV+WvYcAlXDJQfzWlM8FdTKubiwoPZEBGEJdHKsSFSXBwuqCRJJJKEEnJqcoQbgpyJob6IaheMCSSSUKEkkkoQakkkoQS5gLqSrBeThAQ8FFXMBRomQSETnspRj90AxY3CTsGNZAFmCN0F7PdSzknjhMLcoZchlfIzuBuvSPgv8Vp+jbhFYbrK42uc4c9xz4R+y8/kj25UKWHJ2aubr9DDVw2yPQfTvnNR4HVrU0P/ACvTPuhktPWwR1NLK2WKVupj2nIIUKWBzJNbTgZXgvwJ+LMljni6P6inc6jlOIpXHOhfQ78SbaV891eknpZ7ZH6z+n/Pafz+kWpo4/a9oj5bK3B57pDyt045QpGPgfqaNlIaWTMDmncchI6O41khTUzZQTjCrZYgMtezIPYq9LccqLVQh/0hHGbyY7tOmeM/FL4XUl+p5LlbYRHO3Li0BfOtfQ1doqnQVEZZJGcbjlfcT4dB4XlnxR+F9Pe4JLjbYQ2cAlzWjlei8d5R1NQsPmP1d9HR11bvo/L9fs+ebbc5Z5TFKd8ZGTyrdjs7LOXe2VVmrTDKxzJGlWFuuLZ2+HKcPHf1XtKblYj4DrdJPSWOuaw0TqmlDmmSPkbkBco693/ZqlvlPGe6fE5zXZ1ZCJPTxVEenADhuHDkFPSMJyIOp5fEhdgc4U9klNcGaXtGvhUrKh1LKIKnO/DlLGWkTQnfk4VgP+xEr6GSlkIIy07gqHpI3BwVpo5Iq+ExS41YVZV23wnHAwrQcZxaxIsunuq6i0va2VznN9QvWunOqaK7xiJso1gd14GctJHorK2Xmqth1QOIOQeUxGDVaSNnMD6MByuPGQsV0x11BXws+ZcNZAaRnfK2bJRI0ObuDumZOHbXKqTUkR5YsnZv7rP1tLPQzGohyY3HJA7LUFuVFqItexbkFQWnyR7VcBVx6HHzNCs8hZZ8M9tq/GaCYySdvRXtLVx1EQkY7PrumZCwSUkgc7pIyhJHhJJQgMgoKlEDlDwUvoLsjlmdl59170SypidX0UQ8TcuAC9IQ5Ga9tt/UIZRUkO090tPPdE+XZojE9zHjDmEghRJC4nYYwvW/iP8AD8xar3aovKAXTtA2+4C8pkjHIzysVkMM9dpL46qGUy0t1UZovDkdu0KUW+6zolfFI1zSRhXkFVHNG14O55Sv8jLK2gh4Uc8qUeEHBJQ4wJRHew5DhyF6p8MfiLJFpsF6m1Yw2nefT0JXmLm55TWtwcjkJtdm0TqNPDUQ2yPq+CcHEkTlawTioZl31BeMfDT4htqQ2z3qf/eB5WSuP1jsPuvWqSXScjcLXCeWeO1WllRPDJ74hjICpL7ZqW90xpaxvk339FdtqA5oBCFOwEZAT2k0Z4z2vkzNiutZR1H8BvUgEjP+xzH/AI0fYE/1f5rO/F34cw9U2z+K0ETWXClBO2xkHv7rT323RXGIRyZa5h1RvH1MPYgp/TtyqZddquYDpoW+V/8A3jOP1SJrKcTTVfOqasr4ZTf2f/iPSdTW2b4YdZRl1Wxum3yvfh5xtp3G7xtj819A9MXyv+Yq+nbxg1tvdrbID5Z6c8TD3O2fyXyJ8WOiZemrtD1v05rhDHeLIIsjwpQc+Jkfde5dFdVQ/Ffoq33a3VDYOo7NpBk1aQ2bgNP/ANDezbj/ACQQe3gb5SiqSWrq6ff9me2B4O4GyJqWb6R6qp+qLaayOnfTTQyOgqKd5y6GRvLT688q+LiRwmnCY7Xg8IzXAgbhRfF82nCTQT3VSWSiWkhNc3SN04HO4QkDJJiSsgTJSBOVxJQgTO3KZk5wuJKECg7blLI9ULJSyfVQgVLI9UN3bdJwPqoQJkeq4SMIeT6pZPqoQ6Sc7FLJXElCCSSSUIJJMSUIJJJJQg4rEdZ9Mhzf4lb4cHOJGt4++Ft8hcLWuGlxGDzkKBR7PDHskbIJ4HFk0ZyCNt16J0f1jHcom22ukArG7MB21Kp626XdQa73b4j8tzIBxnvssTK5zvDrqCTw6lnmjeDjBRjXHcsnu4zwRuE2RuQsv0T1hHfIW0NwcI62IYf/AIvda0s7qCWsEJ2prhtsiRv24RS0YOUBw0nYKig2R6piZqz3T1CDUzOU9MO6cQi18DKmAxO78H0WYhlfS1nykm4JIBK1bm+6ob9b/HhMkTMSA5DgrUsEGzR6gduyzPUNi/iFI5rANYJP3Horu2V/zTDBK3TNEMOB7+6NNGCw4RN5GQm4PKPlHqOiqOmb06sjDmRNfnA91vqC4x3q3xV0RGXMGrHcq/686WpauGTXADqz27ryCzXK4dH3sW6rB+WqHYa/tj0P6rk67S7o7kfafoP6pnXNaa98M9VtFf4GaaU4BOx9FVfEbpc9RWr+I0IjbW0mSXY3mZj6T7qTE5kmmVmCHDIwrSlqCBpcMgjuvOThk+8QnHVVZ/Z4jRyCqozBIP5kW2Dz9lQ3ijOrcLafEKwP6ZvJv1MQaCueRoA/u384P7qoljZXRtniAHlBwktHH1NGHgxlFUS2y4xzN8rc4cF6nbqhldSMmYc5AyvNrvRPZJ4wadLjjHorjom8Pp6s0FQ86JBhuexSZJIPQ2/BPa+jYzxAZI22Ve8YBVxM3UPXZV7ojgnCDCPQSjlZK6Rm/CiyMbhWFQ0MbkjdV0nGff1QGK5EOVvooMrdtgrGQdiokowN1Dn3Irpm77DZRZG9yFPmA9FFkb5cgI/RgtRAlZ3wokg32VjI3I4UN7TzhQ59scEctOchO1eUgroPIwhyNJ3ChmlLANwaDsnRbOXS5uCAUJpw5Ehe5F1QuGNyrGN+ypKOTcFW0UrcAIl9x0dLbjgnxTluNlbWyt8OZpJwCqRu+CpMPlx7pU4M7dF2zDN5TyB7Q5pBTqqmNbEGNIa9u7T6qnsle1uY3nsAMrQRHPmGyQd+mSsjkHZqt7ZHUVVs4cZVq9g9FR3GkfK4VEB0vb6Kwt1cZ4xFMf5jdvulvo0xIF1ohBI2sgbjJw8D19UeGUSxtcPzVk9jXtLXjIO2FV+BJRzFp3jediBwsz7HQ+3oOzBOCcJSRloD28+qa9vl1A8IkDg8hjtkMo8D0/ZPsd3fTSiGod9lsaGp8Zgk9V59PTEOBYFb2K9mN3y07vscrPKODoaPUOK2zZ6BSzeylskLgVTUVQCBnhWDJARlIlwdSP3LKId6tnzbBPT4EjN/uottq3ysMMx87Nt1ealTXi2vDvnaIYkG7mjugUshLgnjkIpYHtGwVXbbi2paI5DiQbEFW0eBhEN3LGDB9c9HCob/ABG2s0zM8zmt7qN0f1ZrAtF1cWyNOljndvYr0aWMPGAMrzvrTo6WF/8AF7VGfEB1Oa3uoc26iVE/lpNTU0gk3DdiqO52lzczRN55AUjo3qqK604oK1+meIaRq2P2Kv6imB4aMdwo1lGiL+WKkYFhzlp/dVVytb4ZPnaPynkgLS3i0TUr3VEQ1Rk5wOyg088VQzwngArPZXkCUfZc9A9ay08raeplLS3bde2W64wV0LZoSDnkei+YK+jqbbU/Mwk4zkELe9B9dPgeyCaQ7YBBKwX6XPKOhpNXnFdjPdYpTspzHkgZVTQ1lPXUzKimeHAjcehUuKfhuOFyrasPB1E8rKJT2h35IAGCjNfnshSglwwsko4LE7fBBRonbac8KO05C4HFpCAhNcBjKa0lpyuRvBHKccchCRolwyhzRvupDXAqrBwpEE+fq7JYEo46JdREyaIsI5BUO2VctO826o307scTyFMDgodfSmVviR7ObuMchWKwXAORlccotsrBVwDP1sGHfdSzg7Z4SWgOjjlxOIyuafdLaIcSSSVEEuFoeNLuCupIyEdzjC8sH0jhRawF4yBue6mTxl7cDlBHoRump4Y1ckA5cPN2USZpDlIq3CGTAGAR+rkNwBxkLbVLBezgpb3b4rjRPppsaXDGSvmLrXpybpm+Pc3+5leSxwGy+rpmg7kLzn4n9Ix361vfTxBssZ1ZC6+kt2yOb5DTfNDcnyjyqwXAuaxwd5m4XtXTdca22xnVksGCvnSz1Zpaw0znfTwfVew9A3lrJRTSu8sgwutN71lGTQXOMtrPSIJMHBUprg5Vevw5cOOAeDlTI5GkYysNqwd6E8oIku4z3S0+6VtY7IRDG+VxFUj2WRpQSCfZRYZsHwyN8qdIBjlVcrfCm8bstNbwAyTUDVC/bfCo5MSNfG8bEEK6EoeNhsqarGidy7GjsxI5fkK90Mnj3WFtMdU+eFuHRvJz7ZVfTTOe0Bw3W76vt4dEZ2x85ysFGWxu5xgr3XjL99WD499QaX4rtxYQuLSFOheSAPVV7HgjAUqN/Bwuk+Wedrn8c1JGy6drv+AVpojnIWBsdRoqQtrST5PC42rqxZk+k+H1Xy1YZLkBGMDlKleWPOO6ecackKM4Ycc91zbUz0dc8cl1HLqYu5KiUVQNGk7qY1wcM+qSb657kNTgTlNJwuavZTI7IYFI8IY5T87YUDGHlMcAnnlNcqYDKuJwZUPi43KkLlRGwStkAwV1XFimkInCrbtGaqmMTQMjzDKnytJxhR3NB7qCpL2R7ZVCqo2y8Friwj3CkFuBnOVT0BEVyqaSIkagZQ3sT3Vq0nBBG6tPJIyyNOySR3SOyIaddlBrofGo5GE/UCEUPz2XXYcMZUIyltE75KUMI3iJjx9lOc/cDCgWtroaiqpntxh+sfYqbL9QKuPYpDaw6oMjlQw7IxlTpgNBHZQzjBA7Is7eBMwkZGOUOTgpkbjqIzuiKkY5vkCSd1T1DdNwbsrp3I+6qawYr2fZOXZlt5Q2r8wwfRUU27H+xV7U8qjqRhz247rTV6OVqVl5PPviFJpdT7cDCw0rsjOPVbb4hbui+ywszsABemp/2kfnn6wWfLTyDYACXKmqT4tQ7J4VtK8MgecYJVGTuSeVcng8/THA2d2cbpo5XZeydE06gUprLNeMsm0Y8wdhWe2nCgUwwM4Ux5VpYOlWsVo60ZcFJH0hAj5CmDhNgWyPgFEAyMeiQ5TQ0kFOijNcPPBUGqfnlSnvDAVXVMmXDZNzhHPnLIF5LnZK4kuEgDJSm8Ax7BVLyBt6KsdlztyplS/Ow7BBpoy5+Ss1kjSuES6WMRsHlCOQD3SDWhoHCE77q4LgX2zkz8DIVdJIXHClSP5z6KI05PCXbwPgh8TCSCVYUseMFR6ePVyrKFgwEuKFWyHNGAigZ7poAKIibMkpZCNRIgS7hMYDnhSoY8kZCdCOeRM2SIYxgYUtmGNOyHCzYZTpXtaOFpgsGdrngbUT42CVtp9ZMz25GdlGa2SqeGtGB6q7pqfw42txgAK5Syj0fidDGX+pMKwNa0YCJEC4jK5pJxhSqeE5G2yzttnqq4YD08OMEjdWEYDW8IMLPKCQihpeMhUuzWo4QXfsqLqi9R0EXgCTDnDJx6Kxr7jDboTLKfsF5nfLo66Vjp99I2aCmo5fldbLT17YdsiVcxqZzJzqUq304aQ4hRqeMvcCRwrMaWNHZHGOWeIvucuwrnCNuBsgNyXblDnkOQeUg7HZPykhC55JBk0N45UOap0hcq6kMG3oql88krjl2wSrLF0jRXD9hZp3SE7qNI8DunuIAP2UKQlx5WKyw11xwdlf3yFEkcc5ynuOeUwMdM4NZuSslk8mqEcvCJdsgNTN4IGV7n8OumG0FIyslZk4yMrD9AdMioqopDDkdyR3Xt1LTNpoGU8TcBgxt6rPnez6X9P+KhpqldNfcx32VfeKgx0zgwguPZTppTC3OOFUQ0013rC2P6Qdz6Ldpq90kjX5rWQ0WlndPpIndJ2l8shrKpm5Hl9ltwA1gY3gBVlBD8tE2H+nupzHbL00IqMFFH5h8nr5+R1ctRPtsNGBnhTaWBocJHjAHr3UKM4JUyEyVDmxxg47+yZnBzbGHe+a5S+BFkQt2PbKuKWOlom+YDYfqU2ngjpYhjAwNyqmur21M4p2E/kk3WoKmmV01GPsJdrhPWt8KmdpJOM+ya1kNBA0t80jh5ne6WYqWLVJgnsPVRIYJ6+U4JA/Zcu7VbD699I/ScZ7bbUOa2qrphG3zfYLQUNDHRRhoA1nko9rt0dFBkgFzhuUCvqmNJa0ZXH1Gs38H3bQePjRBQgsIdVVUdNHrLsnsB3Kpi+Wql8SR3PHsnykzu3BP5osMJwMLmWydjO3XQoI5HAAOOVJpaRznZJwiw078jy4VnTUmAHHlFXHngRqZ7I5AR03h4yEC6V0NLTuaXZdzhSrpUCkh1AgHCzMYmr6nSTnWf0XqPHaJQSssR8i+ufqeGg08q4S+8ZTUVVeq4CJv1cn0C9V6Z6cp7VTtfJGC/H559VD6Z6choImzSMGojIC0heGDJXT1F6fCPzbqtZZq5uyb5ZIklEYPChOdPWSiKNmR3PoukS1cgiiHPdXdBQx08QaN3HkrDKWDIcoqKKmib5fN3JUpOLUtPukSnuIdSSSUIJJJJQgkklxxAG6MgLISJAQ3HB5TfEHqoEde/KDJKM4PPp3UWsukFMcOcM+mVWMju17rHRuxDS43d3P2UIEq+oadjzS0QFVUniOM50+zvQoNL0vWXSrZXX6QuczdtM0/wAoD39StBbbBb7W3LGZceXnlErLvBTP8CHzu+6hA0cEFNEIo4mRxt2wBgBQqy6RMeaakPiydgCguNxucgBkEcA+r3VXfupukeiY3zOlbPVceEw5Ofv2TIrc8IJLJPFHV1Zzc6g08QGS1juVmepfiJYOl2iG1MZUT7jJGcFeedT/ABMvPUEro6aY09OeAzYrGyGSV+qR7nOJ5JyStNdOeR0K/bL3qPrm+dQ1TpZaqSON3/DacN/RUDg6UbjcrTWD4eX6+6ZomNigO/iFer9LfDiz2BjZqlgqKgjl+4H2CPfGoOUo19Hk/Tvw06gv7myvpGxU538VzsfsvWunPhr03YmMqHQ/M1QG7pDkA+wWuibHG3RG0NHoBhNwBkrNZfu4Qid2XgG5jQC0AAeyEdijHbKC7AO4SnFyeWU3nkI0YyuCTVthcMrGZ1FQqm5Mj8kW7ioZ23km5xu44Cra69xQv8OJus+xUKepr6w6XP0M9lDl+Vo/M85d7lMjBsMFM65V02tztDD2yhS0lNR/zHAE91GuN8DG/wC7u34ACq6aO93ebwyCG8kk7YT1FIIsZ7u2Py0+59Au0lquN0LppHaWu7EcK2tfTMFK4SyEOJ5GFdsDYxhuwHognLaQr7dZqaii0PjDneqmFzWDA/RcqqgRhVlTWPOzDgpSeWQNWVRjxkhVsk0k+zBlFjoa2reDIfL3V1SWyGmaMNyUxSwQpqOzOqnh8px3/JXtNb4adoDAPujMYG7NHKf4TzjtlBOWVwQYW4XBFLM7S0Y91JZACNbiGj1JVNeeuaS3PNttMTausPDgMtH5oIvL5IWdVDS0cPj3A4YOcqldfxVzintNMdPGrHKBS2W+33RVXupw0nPh52C1FFS260wBscLA5nfG6YlktLJAo7TWzOzcT5CM6Vaj5K3gBxAx6rO3/r6joMiOYOI22XnV76xuFx1COYtDk5Qz2FGOTc9TfESmps0tufqI2cR6rz263+4XN58Sdwae2VTkuccuO/dOHGMo1CK6HxhgSYuk90DITIxQWEgheccoZcfVN1e6ZkeqNRyMCeKfRCdIQMrhkA2TNauMUiDjL2whuJIKRf7IetvqjB7GEnKGnZCamjYrIkkxI8JeEPSO6vdcLsjGUFxOo7lN1e5VZCwPc852KFkpJitIoSSSWCQo2kQeME4ykhtBceVCr71brYHGqq4mlo3GrKCdigFGLm8Lssedu5THBrcZdjKw1x+JTGjNnp9Thka3jb8lj7ner9d3O8Wsc1juQ0pErlLo3U6CdnfB6hdOrbDadcdRVnxWctAWMu3xTknDoLTRBrf+8k31fYdlkY7c9xw7Lyp9J0/UPePJsUpuU+ng1rS1afmRCrb1d7s4irrHuBOdOcAIUNC6Q5OST3K2NL0lw58X3V3S2Cjia06MEKbG+xn8iEFiBhKSx1L3DDNvsrum6YmfjXgD7LWMpYoTgNG3spQGBhXGvBms1M59GeoulqODL5RrPo7srOKkijw2ONrccYCnHgoAd7ItoiU5y7ZwAAYSwEklBfY7AHZcLAU5JQIZgJJ2n3S0+6gOBqanEgckJqhBJIck8MO8sgaPdVdw6ps1Bq1V8Jx2DkpyS7HRqss/FFuULknZYev+JtIRikhkPbV2Ko5+v7zKf5DtA90DvgvZph4+6f5cHqE08cAzI9rQOcnCrKrqiz0oPi10II7al5XU3K7Vji6orJH6u2pRjTOccu3J9d1nlqJf0myvx0V+TN/W/EO2tdinhe/tq2wVSVHxDuznHwI42N7HG6zzKIkcY/NONORgaf3SZW2S9muGjqgGr+oLzWOLpax/m7AqtZNLI/Mry4n1U8Uwx9IS+XwfoH6Jcpy9mmMIQ6RGEQI4RPDUgQkbIgi7pe39luSZDEZ9F3QVM8Jh4HCTWtAIwptKyRMH0S0k9lILBnZLQFeCZI3gTHcMXfAqB+BTQCBgApHV6Eq4xyTJC+Xn/oS8CoH4FN0u/pP6pCIk75V/GgZT2kTwZ/6V0QzDupnyziM5SFM8fjCvbhA/IyF/OHr+q6DNnfP6qb8s4fjC58uf6wl7mRz/ALEfJ7ldyfVGMWE0hoV5LTwDyfVLJ9V3I9UshTJXJzJ9Us4XdbfVLUPVQnJzOEs4XcArmndMzkmByKhBgO2UTSxU2U1kWn3Tw3PdINTw37fqqwvZWWcEeUvDREkW1MFrILSQdtkWKa7RgfK3Cqj9o5i1dLc8HCLGdOFbrj6B/wAFlb+u/idZmj+F9a3uAM4ArpD/AKrRU3x5+MdFEI5eoIa0f/rtDDUZ++tpz+ayBk7eqR8yU6+SlJ56N2748XitAF++G3RFyPdxs8cLnfcx6VEl+I3w2rxi/fAS2bg5NvuM9Nn93LFEEd04OB2KCVORqtaRtIrh/ZpuFMWV3THW1ibncU9dFUs/WQMcUqjoL+zzcGCazfF+utrpPphu1meAP/FG5wWO8IDf1QhAXE5OEPwF/Mz9akkkl+Sz9jCSSSUIJJJJQg9JJJQgkkklBIkkklCD0kkkZBiSSSAESSSShBksTJ43RSNBa8YIKz1uc+hqZbZOfocTGT3b2WkVTfKB8wZV07R4sPm9yomEcq4hLERjJQLTUOpanwZD5X7IlJUCoja88kYPsUKupC4eJH9Td1ZH0aEHK6qyzXF1VGYZT52K0Az3VCmcSSSUIPG6FV0kNdSSUcwGJWkZPZEXScol+imeNhtZ8N+qGNrPNQ1TyGkcbn/RetU07J4WTxODmPaHAjuCqnrbpxvU1odSYGth1t+4WN+H1/q7RcZelLvM5zmjMOvt7ZTYywBL7j1V8UdZTmKQAnG3ss9erDbOs7PXdG3uHWySMtac7h4+h35K9hkIaM/khV0QI+YhbpqI9w4d1v093xzUjn3154PjS8dPVXTdzqegOq6fRV0hLY5fwyt7OaVi6N9Z0teBSVgwH7bHYjsV9dfGT4cj4l9I/P22nH+0FrIMDmjBk/qjPrwMfmvl+op29VU9Rbq2jfS3ahAbIx53yM5/VfVPpzzMbY7Jvk4mr07fJoqeoirIRJG4HZUfUlkiqYHSCPzeypem71NaLn/BbmC152Gew7Lc6muyMAhfRKLl6OBfXy0fPPUfTdNJUuEjSyTgOCzVNJPa6k0NfktJ/lydivferulIa1jqinjw4jOw7rya82bVro6xmCPpdjj3W+MsngfOeDy/krILZA7hPHKqNU1mmFLWuLmH6H42IVpG9pAcDkHcFOR4O+mdMsSQccLq4OF1QUJJJJQSJIcpJDlQgZn0hDRGfSENQtiSSSUKEkkkoQSSSShBJJJKEGpJJKEEuHhdSVNZLAloGwCY4ZCMmEHCzyi10NRFeOyC5gPZSnMyeUPwj6oH/cZGWOSuqacPwCOF7l8EfjDLlnSXVlT9OG00zuC3sPyXjMkJPbKh1EErS2eBxa+M5BHIXO1+ghrYbZcYPX/SX1Vd9N61XR/F8SXrB90zRZGkfqoMbzAXNc3gryv4JfF9l+gZ0v1LVYuUeG08rz/ej0J9v9V61PHrOcL5/qNNPTz2SR+rPEeW0/mNOtTpnmLHPc2Vgc07oA+rS5KFxjeWkd0aZoLvEaOVnOlJqRFqKfuByq5+MkK5bK0nSWqFVUeNUkfc5+yfGWDPOCweUfEn4W0XUFNLW0UIZLjJAHf1C+Zb1Zbl03cHQ1DHAsOxxyF9zNYXcj3WE+Inw4oOpqOWaGENnxnYd12dH5K3TrGcnzr6q+kKfJQd9UfvPmS3XFlS1ocQH4/VWEchIGVW9TdK3Lpaue10bsNd6JW+4sqGYecPHqvb6PUw1NeYs/PvlPDanxs3C1dFtJTR1kfhybHs5Q2STUEngz7sHB9lLifjcJ00bZ2Fjxz3WlHEUk+BBxGJoj7qypqiKqZokA1LOxyTW6bwpcmMnYqwa7iaEqKWSpxzyh9faHazJDgeyrPDewkOaQVpaecTRbnchQ6ulEm4A3TSQljsqoKiameHxOLSDnZei9J9fM1tpaolrgPxHYrzmpjMLtxyhsdg5GxHB9EWQrqa9RDDR9HUtfFVxiSIggozgHjdeOdN9azULWU9S8kNIAdnsvUbbeaa5wNkpzuRuEzs81qNPKiTiyVUxCWMxnuqSSOooJvEizoz5mq+xwUOojDhggH7o0JX9zlLU+MwHOc7qU1wKopKeoppi+Fx08kZU6nqjtr/ADRkLBJNa4EJysglwgYyupKEBkIeN/spBA5Q8FV0QWzhpcMheNfEvoOW2v8A4paoAaU/Uxo3avZWplTTQ1cLoJ2B7HjBBSZw3GvSaqemnuifKT4yMZGMo1NUGJ+B3W26/wCiprLVPmjANPI4ujcO3+ErBzwOBBxhYroHsqboamvdHsvIZhI0EEZRBhU9JUeC5ofkq2D2yNBaUoTZHDE5oHCCckEYR0nMCoBMhkSseHscQRuCvbPhp8SG3RjbXdpQKsfiJx4n+L78rxlzMpga9jhIxxa4bgg4KbCzD5M2q0sNTDDPryOQEZBRxh+y8q+GXxLbeImWO8zZuTfoe448f13/AKvZeojLBk7rZGeUeP1WlnRZtYKqpNTS4eizldTSCQSMyyRpy1wO+VrWSA+VwUC4W5041RNCITCWOCJRzwXihdR3CNr8gse1w5XlNJLd/wCz/wBe/wAToo31Foq3Fjw041Qk5MZ9HjZeia308xI2c08Il3s1u6vtE1urWgax5fLkRP7OaPVJlHPK7N+nu2ZjPmD7Rt7rVCmNF8YuggypoJadj7xSsO0tM38Z9ZWjbOy9JtF5or7bILrb5GyQVLdbCDk49/Qr5W+B/wAQKvoHqZ/w16ulDaWsfilkc3Uxr3bf+V22fTC9S8Sf4MdQNqC+V3RV3qQHtaNrXUOPBG+Iznb7FEv2+jHqtJKue3/+39Nf2/ueyZB4KeookikOqF+ph4PqitdsmYz0cx8cMLkojTkIa4BjuhayQlNXUBj8bYRg4HdUQ6kkkoQSSSShBJJJKEHpJiShB6SYkoQSSSShBJJJKEEkkkoQSanJqhBZKWSkkoQcRqb4ZJx/kvIOuul6rpyr/iMGPkXclg+j7hewZxugVlNTXKlfRVkLZIpAWkOGVBkJYPBWVMrXR19FNomj8zXNONQXrPQ/WkPU9u0uIFXTgCVp2I9/2XmHUnTdf0fcnNnBloJXHwZQNmjOwPuFBfJU0TmXuzSBk8BBw3iQdwfVGNklJZR9APOrHZDe3blUXR3WND1Xbmz0/kniw2eJx8zHLQZyoIawRtJB529EVq5J5eBlMJyVARJLmQNiV1NICeFHkHAIUt4QHEZ2VdPJZir5G+z1wr4x5Cdx7FT4qllTC2WP6XjIVndqFlXCWvYCMELGWqu/h1VJa6rIAcdBPomxaYa5Jl3oG1cHhuG54K8Y+IXSb6yA/LsDZonFzT64XvU8WpmccjlY7qO3sqID5fO12fugurU1g6Oi1k9HarI+jx/o2/vdG611rS2opxg6u49VtaaoI2K826vts9hr3XenzjIDwO4K1Vsu7K2nZIwh3lGT6rz+r0m0/R/0j56OqpipMvrvbqa/W6W21YBhlGHev5Lxk+LZbg+31bdJAwR6e69jpqknAKyvxF6dZcbeLtRxgVVMfMAPrZ3z9lxbIOLPeW1KyO9GJulA6aAvjAc0jKyMjZKackZa5jsgjZbG0V3zVMYX7PYOCq6/W13g+M3BIOQR6eizTi2c6dTTyjT9N3Jtxt7Q5wMjBg774U+WLy8Lzzpq5vt9wa1ziI37Ee69KyyWFsjDkOGUtPk7Gjv+ava3yinqohvkKskbhyvKphzkKpqYiFZd0f0QJG4HKhSsLjwrB0ZOeyhzDGwGVZzro5IEgKjuGymS4Jyo0io5thEeACVDkaADsplR9QUaRuVEY5rJAkBzwmv4R5Gj0QHbqjn3rBG1EOOSnNfnZdniJ3AQY9iQVZlbJsEuCD6q1piXEbqhiJDlaUcm4BKbGWDZp7NrLpoy3co1O/U70wo0XHOURjwxyqf3I7dNmcFpDK6Nwc08LY2urbU0zSTuBgrDxHIzlXFqrDTgtO4KxzWGdvS6lpqJrdJdwghj6ecShvKJb6mKeIOac+o9FJmg1Ny0ZQHbi08YHNnDuFyZviDCjNBY4NKkRk4BISJI0RAsbuY3DC4Y5IX6xwjytBAc0bgpMkbKCxwUfQ0JE4TDdArKVkL/AB4mkalyMmKXT6KfkTRjOAkuOQ1yTun73pxBUuweAcrXUs4e0YIXmtXTvhxIwEb9loOnL1kNp6l++cApFkMHU02p24hYbdrsjIKceEBhAaNwirPtwdB/spq+jFNL85TAgk+YBWdLMJ42vacghEIadjuqqZs1tqBLTtLonnzN9FZZeMIb9WN0+WFr2jAGCokMlPX02pu/fnhTIfPseypBOGUeZdZdNyWSsF9teY8u/mAcFajpq/0t+o2gO0zxgB7Dz91o6yigrYHU9RGHMcMEHdeV3y11/SN0FfQahEXZGOMeisztOHB6FUUrHsLHMGCsTebS6kqHS07SBzhbOw3qk6it3iswJmN/mN7gplbQxzxmOQc9/RLKZiIXx1sRgmAJA7qplppbTViojBLMq4ulsqLbUGWMHGc7d03xYqyHS9uT3S2siWucm4+HvWxp5GxTS5jdgb9l65DLDWRCenf9QzgL5ab49pqRNET4ZOV650D1oyoY2nml22Az2XN1OnbeUdrT6lOKiz06KU50PKkAh4OyiACZglj5KfFJk6Xndcm2vazauQukAk55TXtJ3Sec4IPC7C8O2dyEjAcHhiiJYcEqQw6kCUYwQlESCAlhSx6JMjdsoTZS12MIgfkYQZmHYhCKaLCmlMg3IUjnuqimmw4A5VlGRpByqAlHJAqvEt04q4hhhOH44V3DI2oibK05DhkKJJGyVhje0FrhggqLbpPkZDRPcdGctz2QLkXJF4klyklYFciSSSQljEkklCHCMqNM3D8+qlIM7ScEK08BR7IFdCXQlwG43UNvmiDvVW3bBbsqao00lSW7hknA9CtEJZHJ5QyRmVWXGBr4HNczIcCMeyt0Coha5mk75XRpm0BOG9YPmH4ndPOsN9ZX0zNMEvGBwe4Ujpe6lj45GvwRgr0z4mdPsudpmj8LVIwFzT6FeH2ieShqjTSEgtOF6DTWKyKiedui9Ldu9H0ZQ1YrqGOUOy4NBKnU8ucNKwfQ951s+XkfnbC2Ucmhyuys7VM98Uy6Ycjd2coqgU8mtoU4Yxysrjg2ReThGFw7rrlxKfDGISh18WYiW8qehVEfiNwmx4ZZWU78HBUS4R8zJ3iYqjHjYKRUsBpyMZXRolteTHqVujgzd2pmzUjo3tzkbLya708lLVvAYQM5XtE7BIzQV5n1XTCOqIcNiSvYeJ1CjhHzn6k0O6Dn+ijo5A7YntspsZwcqrpX+HPp7ZKsmP74Xpj5jL7Z4ZZUMphnbJ6LeWuoEkbXrz6mI1g+i1lmqdmtWPVQ3cnsPB6zEtpqWvDhhBnb3TInEjZSCNbeFx7Ynu67NyyAp5XNfgjCtYpMtCp5D4bsKXRz42KzNGyqe3sstPuhpN3GQijkpUlg2J5GpZOMdkklQzI5DciIbkTIwFQwuZjO/KHHJrjBxujvG2PVRYj4ckjcbYwFIin2Occgn2UVxwpP4fyUZwO6sX6Ke5MdTzx3KHZzHAOA7hW7Xa2h/wDUMqLWQiaJ0Z/EMJlrnc+m8J+S+I6D9uytLAEXzyS0kkkQ0YkSSMZSPCGSc8qFy6KefxoL4yTOGSs0EfZWEv1bdlCvGGSU0w5bKAVLJDon7Zzwji/QhvB0nLD9lFb9f5qS36PyUR31n7qMVYxjP794R8gclRmuDZ3A90WUZwoZn0J22Cqq45ZNHMBkZwVYyO0jA3yoFcP5YOfxJmeTLcAqZOCBsVVVjczOKspxqgPsq+q2GfQcrVU8YOXeeZ/EXZ8WVgZ+2FvfiWCHw9lgjvheloeakfnj6v8A/wA3s/6f+hGqZP5DmnlVpGTyplef5hwdscKAAQTur7OBWsIRGSAUSEDUh90WD60LN9XZYwtGkYTpOQmx/wB2E5n1BQ6EesEqHlv5qS3hRYuyks4RoqbwMIwnkAZXe6E47fdPgjHe/tyR6g4Oygy+qlzOHqq6pOSMFXZwjmsadzgJtQcDGUoUGqcPVZpSww4RywLyS4ZR6Zu+cKPHu5T2NDWocZHTlhcCkOMYKE45G5XXcoMpB4RPhAx/YOb0BQ4Y8dk087klSqVhBG26zyluY1yUUHpmkdlMaMYTYmNAGAjHA7Io9GWcss4nDhNRGtOQPVEuxMnwSqVocRtyrOKENA2USjiO2yso8NbxwtUEY5SO7Nb6Kvml8STw2H81InnGQ31Q6Om1zB/Ybppo0tEr5qKRPtcOhgD27qyAOeEynhGxAUvRxhJnn0e60dCqgojoItWNsqdDCNsBAhGloJCnRYbD4mEo6KWECedLgwcuRXSClp8uwUykbrmdUSfRGO/CzHVl98NxgjeRkHACKKB1F8KKnORW9YXvxZjDG7IxjZZqLzOCE+V9TLqec43UylZg6iNk1cHhtZqp3S3SJVPEGt322Se/tlO1ANwBj81Hk9ymb8LBz8OTyOyScpTODWjcIQOwd6KDW1PLSd0qdmB0IirZ9btIOyjwjvhDaS92XHKc52G6R2SJTNMY4OSkAYDlEk/6p0jvMgyk9is0554HxWGOwcEK56Zsk1bM2QN2KqaWMzztix9RXsnQHTbXhrhEDjBKy2PLPUfTfjv5t++S4ia3pKysoaON/h+bStPE0BuXYH3XIImxMDQ0AAcKLX1LYxoHCZCGOT6QvtXBAulX8w8UtLnA2cfVXtooI6Kna2NvmcMuPqVUUVOHVDZS0EFaCLgH1Xe0NC272fHP/EbzkZSWhpf92TGbkHCM0gjZCBAZuU6lY5x2BK6b4PkDaXJKhYZHaG8kq/o6dlOwAD7lR6KjZTsD3AFxTKqrL3mOJ2w5KXZMRtlbJRiOr6102aWmccjlyiNjhoITNOcvPGU5jxEdbuSosMVRdqh2DhjTjPoudqLsRbPp30h9Mz1TVlq4O0sVRc6nDeO57ALW0dLHSRBrWgHG57lMt9vhooA1jd8ZJ9Sh1dcGbALzup1Tmfo/w3iKqKFXFDq65iNvhRjnYkKpcTK7ZxwVxzjK/wC5U6mpCSCcLBKbfLPRQoVawMgpztkKxpaXzAgYRKak48oVjFTbDAAVJ8g28IFHTNaOESUtp2anEAI2jBGBhUXU1a6GIwt5wux43TO6xM8V9UeUXjtM7G8FPX1c1wqi3VloOA0LY9H2CKNhraiL6dm57lUfRtjfWVAnqm+XZy9GwyNgAGAOAvU2y2LCPyZ9Q+Xs8pq5WyeUEY/Ax2CcyKatlEUbds7lDghlrJRHGPz7LRUdHFTtDGbuHJWCyfJ505S0MdKwNA39VLwAAG7YXcDHKZq9kGckHJJJICCSSSUIJJMXHODRkqECIFTKGYyU2WsbG0nGfQKtlfJO7OSjIFnroW7ZVZVVNROMU2SpTYdZwRnKl0tOyGQPICgRCoenWVLmVdeC54V1NPT0NPu4N0jAUWe4PLtEGw9UJ8ETWie4S+U788K8N9FpZBvq7jdGPjpRhh4chTzWLpan+dvVT52buaVkuqfifarG2SjsrnGZuwcF5Beeqbzf5XSV9aXEnPKdVRKX5IOMMm86v+LtRcXy0dp/3amJw1zBglec1dRNVyeNUSueT3ccqbZejr51CWvoYCYzsHei9a6T+EtHbhFU3cNqJAPMxxyE57KukHlQZ5n090PeuodJoYcRn/iO2aPzXqvTXwqstnjbPcYxVVONy45aCtxDBSUEbaejp2RMG2GjCdI4ObskWXy6iVOxsDtDxuulxl3OyG/lcSHNy7Eyk32PyfVLJXFxzgAqXYJ3UPUKJPLjYJPJJ5UeSWOP+8fhNiuAhskjn7HjuoFZLSUEfiOIz91U3nqdkIMEA3PcFZqWauucmQ52D2TYRT7KSyX1V1HHpzCcewKp5Zaq4Sl4y4HgK2tXR1RVNBqXBud/yWuoOnqC3saI4gXepCY5xhwizM2fpSWctqp+3YrWw2+CnaHMaAfRHDGtb5SAB6DCi1dfHEPMcEbIJS3dECOIbk8YVdVXBkR0g7hRam5STHET8hPprTLVASzNKDt5ZCM+WqrH4YNQU2gtMrpPEmGMcZVpR2+Gl3aMn3UoDCpyyQB4WABgA+yIGklPIxu7YBQblfbdbYw6V4c7+n1QkLBkGoZ7KquvVVls/wDKfIZZx+Bqz9XeOoepqgQWqM0lMeXYxlW1q6RoKACquLWz1B5e45UIVof1N1brE2mgpc+UN2JCvbV05bLPGHiJr3jl7gnXO9UdFCS1wBAwAsFfeuat+qnpJMDucolFsJRbN1duqLba48ySAEDYArzjqHr6quDnxUbnRtdsT7LN1lZU1j9U8znH3KjFme61QjgdCAUuc/zPJJPOUPLR3CTnAZGd0En3WpQWBmEug+R6hLPuo+r3XC7blL2F5YRzs7oBJyuF2/K4SMKAndXuEMuJ2JTCd9ikSMI8jRZKYDhcJGU1QtLIkzJSTEzIagdyVxJLIVfIWJBPCc4YGyCVM5DEeU3JXE/jc8BRySD7EuZHqoNffbVbYi+qqACeAFjrp8RCQ6G2wDB5c/uhdmOh9ennZ0b2Wqp4ADLKGj7rPXbrq00OqOnLpnjsF55V3iurn655n79g7YKPFTuneAASTukOeTVDRKvmwv7j1xe66PRE5kDfWMYJVA6aoqpC6Z7pHH+o5VxQdOVc5Di3Y+y0dv6VgpsOnaCShktw1zrp/FGMp7VUzkBsOM+yuqHpWqkcPHaGt9VtIaGkpQNEQz9k9FGtMXZrJdRKWk6bpabkhx+ysIqGnhwWRjKlLrtwo4YM7vnP8gKYiHlDUImJJJJQsR4P2QDyjng/ZAPKhDiSWR6pOwwanbAKm0uyHcFIEDkqDX3y226PVVVbGO7Bx5WWrviZBE8toKMS6eHP4KTK+MezRXp7LfxRt3OA3ccAcqJJeLXT5E1Y1pHK8rufWfUV1LmOmbFGe0YwVVCKonOZZXuJ5yVnnqH6N0fHOPNjPSLn8RLPSFzaZoqHDgYWWr/iHeqzW2nibEHcaRhUsdtY3z4yfdGbShpzpCV81kvZrq09NfK5GTXPqK5N8KoqnNZ6gqEbZOXanSh2fVXbYzpAITTC4clDlvhmlWJcJJECK3R4AeAfsj/JQM4bwpbYT6crroy0ZIVbUBKTmQvl2t2AS8IKUZGAY0oJeAqBWehmgJeCPRd8X2SJJGzUOMhbxaGAchMy3fA4TvlqmQ7MOCiRWyoJGrhVtyFvS7ZGMgB4/dcL8jhWjLK4jdm6J/CImkF4wiUMgfPH9lIJHuOANk/fGcK7bbqcctRBRUjRkt4RfGRXRZQajwG7pD5ntEtAKalGwj4ThGwcKbEU7ig01/8AR+y6GV+fpH6LQ6RjGFzUxTagP5D/AEUQp68jbH6JChux4aFfB4PDUj9iVarTB/kZ7KIWy7n0XRbLwPRX+T6H9Us/f9UTqXsr+Q10UDrVc37Od+i6LJX4/vVemVo5cf1TPHHc/uh+KGeUX/ImkUoslbn+8CILFVEbvarfx2n1CXjt9Sj+GP6K+af7Kr+AVPd7Uv4BUf1tVr817FL5r2Knwx/RXzT/AGVH8Aquzx+iX8BqgPrH6K2+bb6FI1TT2KB0xl0Wrpr2U5slVxkJfwaq9R+iuDK075KXis9SrVSXQf8AImUv8JrPVqRtVaB9TVeeMz1K4ZmepVfEB80yiFDWt2OE75WtGytnytJ2S1D1/ZW6sjFeyo+XrEjT1g7K01N9Ei5o7Kthfyf2Kvw6wfgXNVYOYxj7q0MjeNCaS3KmwnyEEPnP1RlP8STuw/opeQma/wDCpsK3oj63f92f0XQ5xOdJCkgg9kvKpsJvQISPxjGUg+f/ALr90bSPRdyfUqbCpPJ+sSSSS/Hp+zhJJJKEEkkkoQSemJ6hBJJJKEEkkkoQSSSSgkSSSShBJ6YnoZPBBLhAPIXUkKIZ2oZ/Dq9zMYimOpvsVYFhMYdzlSa2jjq4TG8ZP4T3BVfQTF7XU0hw+LYpmUWiCS+3VvjtB0OOStDTVMc8YkjOQf2VXWwCWE4G4Ue1VjqaXwJOHcKCmsmiSXBuMpwGe6hRwcozCNPKjJ+SoQORnB9F538SelHTg9Q2tpZUwebybHZehNdk4XTGyRpje0EOBByiTA6Md0D1PJfba2GrcPmYQA4cErWPGRyvKOp6Gt6Qvv8AE6AljS7zADykL0iy3iG726Gthxh7Rn2K0wkJsrcnlBXufTyNkZ9JPmHqvDv7QHwoqXub8SejqZnzsO1xiYMGRh5k29Mbr3h4ykCRwV1tDq5aS1WROffVu4PhC422n60tTaqICC5U+TgbOBUzpnqF9dG631kJjrKUASNJ+of1Bbz4zfC6f4fXV3VfTrT/AAesnx4TG5NO934f+X09F5ldKI1D6e/2wBlVBkvDDjWO4X2nwvk4auqLR5jV0uFjZrtbZAWuAIPZYXq3pkvc6ojbqa7cEdlo7Rc4rlD40ZIe3Z7Dy0qz8j2FjwCO4K9XXZg4+pr+SG08HuFshnY6irWAg/Q/uCs2GVNnn+TqyTFn+W8+novXusOk3N1VdK3LOS0dlhLhQx3CnNJUt8zeD3C1J5PFeV8Zvi1JdFZHJnHfKO05VQz5m2TfKVeS3hj1YMkz+aYeDuplRLbIkJLgOQuqCxJDlJdAz3UEhWkaRuF3I9QgZKWT6qF5HJJJKFCSSSUIGSSSUDApJJKACSSSUINSSSUIJNIGDsnJKsZLTwR3NyeFzT7KRgJFoKGUUy85ImkeiG5oxkKYY984TPCSHFh8+yuxNBMyop5HRSxO1Me07tK+i/hB8W4OrYGWC9zNiukIDYy7/jD7+q8C8NudwopFTQ1TLjbZXRTRO1NLDjBXK1/j4auGHw/TPd/R31jqPpzUc5dcnyj7Vnpyx2sem6YyUnynZee/CX4rU/WFGy0XiZsVxgAaHO28T/1XoMsLi7LQvA6iiennsn2fqjx/kNP5PTx1OmkpRaHSR5wQFwO1eRw7rsb8Ya4FJ7Q0hwCBGyZFqYvAfpaMjChyAnJVq4CbAI3Ud8BZ2ToyEyjno8/626FoeoqSRwhaJsbHC+bOsuiK7p+qe5kTtAO4A4X2PJGM7BZfqzpGjvlLJmFviEc4XR0nkJaWWYni/qX6ap8pS3FfefJdsuOoCCc7jYEq3Y/vhSOuOhaywVkk8ETgwHJGOFl7ddnsl8GcnHG69po9bHUx3Ls/O3nPA3eLta2mjdFHWR+HI0D0KrSKm3vLMFzBwpzJcYLeCnSETY2W5vHJ51P0wdLXAkFmQe4VrHIJQPVZ2ojlpJg9mSCeFNpao6gMJieULnH9FpUUEU7MnGeyppaGWFx1DbsrmGYubwivp/HbghHgpSa7M5jRyVeWPqKqoHtibOQ0HbdQa62kZc3sFWFjo3Y5RlTqjcuT3Ox9T09fTsbM8CTjPqr1smvsvALZeKqidmOQ49CV6d0z1fDWwshneNeMblGjlanRSX3QRrZ4/LsFBfqjdkD91PbIyZgLXZyFHnizwnLo57TTwztPVnYOKmxyBwyO6o5MxvDgjwVmkgFWW1+i5SQIZdbcgIwOVMgnVwgYyupHhRkBHlJJxweEkLWCAK+3Ul1pH0dZE17HjbI3afULw7rPoyssdZJqaXwPOY3AL3lqhXa20t0pXUtUwOa4YB7g+yTZXuNel1c9NLcj5inppIyHEcd1KoqrOGu7LT9TdOy2uWSll83o/GMrI1FI+E7LBZW4s9VDUQvipJluxwe3UOE5VtJWtjYI5OSp7HiQZCoko4WROamHfbGEZMI08KmsFJkcOmhmbPTvLHsOWuBwQV7r8M/iZHfoGWW7ygXFgDY3H/ij/qvDi0PSjlmpJmVNO9zJYyHNc04IITK7MPBm1elhqI4a5PrcOOdxhHY84XnXw0+JMHUtM213aRsddEAA4nAk/wDVeh7gHbhbIyyeQ1Gnlp5bJLkr7tbW1TDNDhsjdzjuqOmqZaWXIOHNOCFpsnJJVVdrX8w01FONLxuQO6ZKOELi/Rl/iD0hT9VWd1bQERXCnGphBxq9QVo/g18R6Xrfp6p+GvW8Lfn6an+VLqncTwnbDs/ibj778qFQ1To3aXHjZwKxvX/TNXbq1nXnTmYqilOuo8PYk/1H22OfRKlLBsq/1ofBP/8Apf6f/wC09c6D6iuvw1vsXwv6okqKm21L9NgrpBjLe8LufMMt79wvZGSZPHK8Roqrpz4+dBtZK4QVlMzS95/vKecAeZp/LlX/AMJeu6+prKv4c9Wnw79Zz5T2qos48RvrwN/sihJx/Hr0c7U0Tt3Tx96/Jf8A3PVQV3I9UHPbK7k+qbnJzlySAd0UH3UdPyUoMPkeq6gAnPKKCMKEHJJJISDkk1JQg5JJJQgkkklCCSSSUIJJNSUIJJJJQgkkklCCSSSUIJJJJQhBvVmpL9bpbbWMDmSDAJH0n1C8Uudpq+kri+z1rXGnLswzH6XDsMr3lrm7nKqOobHQdR299HWRjVgmN/druxCJSwMjPB4OZrp0vd29R2STAOPGjHD2+4XuHSvV9o6ttorrZNqczAmjI3jd6H9CvJq+hqbNVutVyj9Qxx4eFSMqrn0Rcf8AaCyFxjz/ADoc+V475Csc4qa47Po1w1JpbtyqnpXqm19W2plytsmc41s/oyrg8KjNh9EYk5XV08picUOPBUVweTupSYQB2VMhFe0OGCsV1XaQyU1cbTnkELdHB2woVXTw1MTo5gCD+yPIUXlmTstydW05hkPmaEK40wfyNiVCq4ZLBci5p1QuOcj0V0WMrIAWnIeMgoxzWDzDqqwxXCCogLMggjj9F5XZqyWwXh1tnJMUhwzPYhfQFzojTvc3GR6ryn4j9KOkpf4za4wZ4CXvYNsj2WXUUfIj1v0z5yeg1EYS/H/0LKmq/sp+qOqhdE/B1NIKwvS15dXU7Y5XecDIzytRRT6ZQxxOD3XntZp/0fo7wfk4amvbKXZ5x1Ra6ix3j5unYflyNwBwpYbFcKT6hhzcrc9S2Zl3oXRsA8QA/mvLrbUPtlRLbqokFjyGkrkTj8Z3LYbOStvNrdRuEzO57LQ9G3mWcGiqJQdPGVIq6eKrpvDdjLuCsex01ouQcCQGu/ZIw8mOClVbviz06ZgKqalnfHCnW6uZcaZkrcZxun1VJ5dhuVR2IyVscmfkAzjCrqgZJ+6tqqEh3Cr52AdlDHfErJeeVCcd/wA1ZTNO6gvaSVDlW1kWbfHsozx5TlTJBlR3DkK8GKyOEQ3bhRjypr+CopG6uMcnMtQJwy0/ZQ1NPB+yhnk/dFJYMUx0e2VPoiQcKBH3UmF4a4Il0Mqlhl7TP2wSi4weVBpZAcbqcRkDCno7WnnlEymm4BVjSv8AMOyooCWStKtWHJBWeccnX01nOTVWmpETcAjcrQwziVoCxNtn82gk/daO31enERH5pD4PQaa/PZYz07iQ5jUmuw3GEdjstwEExEO1JE1lnSi8oaHbkEIe7HZCJKzOMdkLVkY9ELGBXMEjA8fVhcpqrQ/TJxnAKe1R6qLDg9g2O6jRaeC4bIx4wQCq6WGSin8VmSwnIwePZOoZPEaC1xyOQpkrC5gHZKlHI6P3xTLyz3ls+kvfvxj0K00cutgGy81ZrgeHxeXH7rV2i7F8QbIc4WaUDo0WywoyZenI3THkSDDhkcLsczZAERoxuAlNYN8WirjE1sny3eJxyPb2VwHue1s0R3xkj1UeYh4ALcJ9O7S4AnY7YQsbnBPinEjfccoF2tdNdqR1LURggg49imeJ4Eo/pcrFo1cKZI45PJJ6S6dF3X5inc7wS78iPQr0C219Le6MVNMRrx52dwVPvFkgulI6OVgJI2Xm0YuXRN1LgXGnc78sJef2JlDBs66iZURuilbnbYrB3CjqLbUOYQQwnLSF6RR1tJeqUVNM4aiMuaq2622KphcyRgPoUajkRJZMVG+OpjMbxum0dRUWWrE0TiGkptTTPpKhzBkYOyKx7KhmiRLsryFXN1s9e6K62jq4mU88udsbnhbs6JGiWMg5XzbaKx1prA8ud4ZPI7L2To/qVtW1sLpg4Ebbrj6rTv0dbT6jKwzXtkPBCePK4EFNc1uz2903xNXZcuUcGzJKBDm7kIeC3BwmgEHklSAAWhZ2hmTgKeQHNwUIgg8LoyDnP5KgpL9HJGaHBzQpEE+ogcYTCNQ+yAD4TtzyhE4bLhoBGchR6mIOeHAb45TYJs4apBIcBkJfQElgLS1RcwMcPM3b7qS1+eyrsGNweztyFMjma9gI/NWBgOkuFwHJSPmGxShY/I9UshCbk58xSZknnhTBMBcj1THIeT6lPJB4V4LS5APw3gKBdqYSweKxvmjOfyU6Q6SmnDwWkbEIq2OXRSwu1Rh2c5XXkAJk4NJUOhP0uyQmtJwSVshLBGU15ohPG8ObkPBC+deubQ+13l1RGzS17sr6emYHDcZC8l+J1jbPFI9kQyMuBXX0VzhNZOdraN8dy7MX0rdjDLG/X6ZXrlHVNqaVkrcHIGd18/0NTJQVAjeDyvWuj7u2aFsTng5G267k45Rk0moxiLNxQz4bocVZNkJwFQxuwchW9HKyRodncchYLUdmt5Jp4CIh9k9/0lZWaEzi45cPK4d0ecEZSV7PBmdK0LrXmVoHZTa6IPic0DkKpopiHGmPOVrpmInHcMnyyUsxssN1dTMd4jy3BByCt7VjQ8bZyqHqWihlpBJp3OQf0Xe8de42pHA8xo1dQ0ePlxjqAe26s4pdTGkDZAudKxsuGDHuuUkgZGIzyO695XPesnw/X1Om9xLGKXTthaC0VhboJws0zBI3VhSS6cHPHuqtWUavGaj47D0W3yCSIPyN1P7FZyy1fljyNu60DnCQBzTsuVdHDPp2invqTYCpB1DCVM7DuUWVuW+qhtJD8HbCwTib08F1TSZGMZypTTqGVVUkmNirJjgfzSZRyaYWDiMrmn3TM44TkDWOx8Zt8DkkkkQ0FOM4UQgBxPqpjxlpUOUHUNlBcxIUgAOyIzdoKZKMlQBEWcaffCrIC6C4kjGiZvHoVcStzhVNZEXPBZsYzkH2RipN5TRYHdcQmO1MDj3T1AlLcJcO66koMRW3WISUxBGSN2j3T6VxkpmuPJAyj1TQWF2OygUcmIyw9iiTwLwSeAR7KJN/qpY3H5KK/wCofdQTZ6I52la70UuTzNyosxxhSsh1Pxu4I4xMkpJEZxyTuodZ/d/+JS9hkKJWf3f5q12Z7iHP/cO+4UKcamBqmz707iobRljj6NytFa4OXf2eZfFBpDoMBeeOOAvR/ikMiF+OAvMZHZGMr0mlea0fn36xrcfLSf7SI1S/XIfYKO5FfuSg6dXsmt4R56PR13ZHg+pBJwiwE6gEEEaq3hk5mzV2M5cPzTESLkFMNyn+ybB2RkKDhGRRWS3yhueSo08mwbhSHYa079lCkPIT4LBz9RLjaAlfkcqBIcnnKk1TvMBnsorAdz6oJmSKHAgA5OFAnkLnjHZS5eOVGawSOWWXaHqOAtHGHO1EZUubDQAOy5HGxkYDdiEPVuUTeEVjLGy9go0mSFIeT6qO4oJy3INJIGxhL8qxpmYAUWGPJGVYxAABLUQLArRgLqYkjEPkLGMlTKSPWQcIMEeSrOkhII2T6objPdJEqmpwGg42+67IQG8p+rSzJPCgzzOLsBOf2mVPka7VJKABsreip9DWkhQ6Cn1kOcFeQsa0AYUPW+K0vxLex0bcYAUyKHIBITIYgSCQpbRgIT0daZxrATgBcrJdfh0ERwXjLsei6ZmRMMjuG7oFFoHjXKc7AHSgGTlhDb5co7RbCwEZ0+vJXl1xrJqh5lkcSXnKtOo72+4Vr4mn+Uw/qVQvk1zYxsApnB5jyGqd0tvpD6ZjjICVaxkBvGFEpYwADhSZHAAYRnCseWPJ5JUKony/QE6oqCyM4KhRnxJGudvndBKQUESnSiOn1HkKpfK6Z+SeUW4VQaPBZuTz7KPTtJOSOUlveaIwwskpseGEqPLKAcYUiXZmMqARlx3S7HgNL9DjumncZXT2yi00JmkEY33WeXQ+MN72o0HRloNZVNm8PUARkfmvoLp+2Q0NM0Rs0lwyVjPh90y2KmikLBthzj6+gXpkEADPpxhKim5ZPsHiNF/B0ka2uWssHUzR00et/PYeqonOfVzHf/0Um7VjJn+FGc6e/uuW+ncBrf3XR01bseDnfUflYeK0rm3yTqSNrGNbjcKyY8HGygty0KRET6LvVr44qKPzRrtRLW6iV8+2ya1+cDKu7bRug0zPGM8AqHa7dkConGB2Cs5H7gN47JkpZRz55zwPqqh2jRHtnlRchu6K7cboOh07wwDYrn33qKPY/TH05f5LURaXAKPXcZjTwNOB9TlqKCghoom4YBt+vuh2q3w0UIwwe+e5Rq6cNGAuHqdS28I/Tvg/AQ0dca0gdZWPjBbG4bhVQe+d+Hd0WUOmdyplJRhpBIXIkz29VEaoqMUMo6LzZc3JKtoKUtIOE+npcYOkKf4YAGG8JMpZClDjIGKMMGMKVoA3zjK5gAbBDfJntwrg3Pgwah7I5OVcvy0Rk9Fj6x092uAjiBIytBdanNKWjlRenac/MeK4YH2XsPFV/HHcz83f+J3mpScqYs19lpG2+jawgayNyFZ08UtbKI427dyo9DRzVDmsYDvyfRaSlp46WMMY3fufVbb5o+DbtyTJNJSR0kYYwb9yjMwByNkJrtiPVcbkd1gk8srIfJTsJierLEkkuZChB5IxyhnlcLsclBccBQgUuaByP1UKoqtR0tH5pznElAdHk5BwoQThr3KQaOMJ4b3TXStaEZDrWBu5IH5rkrgG7uwO6iVVWIj6LIdW9eUFkpneNMGnsM8psKnIZGLk8I0l36httog8aeYavwgdyvH+s/iVWXB76WCqe1nB0lZW6dUXzra6CjsdPNMXbeUZAC23SfwNr5aiOu6ok0t5MLXb/mVoSjVyzQlCtZbMHaaG8dTVboqGCSYu/GN1670f8FRTxsn6imjmLhksAwQt/arHabLE2C3UUcQYMZA3P3KszIQA1Ls1T6iKnanwgVHQUNpjbBRQNY0ADYeikPm2AxygkknJXSMpDm5csz7tzO5zumZ7J6HkIQ0NSSXHODRkqEOncYQHtxyQmzV8MAPiuA/NZK99SmfVTUrcYyCcoox3ELS6dQUtCHhpDyPdYusu1xubiWg47AFSLfZayvHiPBGTwVrbN0rFSubNLz9k3Kj2Qy9o6Wqbg3x52HI7FbK1dM0tMweIwEjgK6DGsGGgAewTZJBEN1Te4g7w4oWhrWhRamqijH8w4UWvubGDEZyVTvqpqk4fwVSh7IS625lxxA5Q2sqKpwzHn80aC3yTOBaMBW9NReEBjGVUpbSAKG1xscJJIxkKyacbBqfFC70Tairo6GPXUvDPuqSyQdg5xhRa650lujL6iYMd2Gd1SXHqSerkFPZcnP8AxMcINP0+6ecVd5ldLId9zsoQ5UX26XkintceIzsXp9H0lSUsjau71Jnl5w45AVyJ6SijDKWJrQBwBhZu9dR0lG5z6ub+Zzp9B2TIwyWlkv5K+hoY9NOwDHYDGFl751nDGHNDy7TwAVj7t1TPXzH5Z7ms/wA1Uai4kuJJKdGpjFDBLuF3q6yQudI7S7tlQNRO55Tzgpr8aTumqGByihuR6hNcRpO4QHE55XMn1TlDKLHkpi5kJmtvqrSwEkOyULWVwDKYqbD2nS4k5JXMlMSUIJNyUkxQvazuo+q4kkoMUcDEklx24xlNCO7HumAH1SxjdxwPdQa69W6gB8athGOPMkylgOEHN4RNwUKaWCnGZpNHuVibp8SXRuLLbC0kbanDIWSr+pLvdHONRUv3PAOAEPymyrRSlzI31266tdu1tjkEjm8fdZK59fXqsZ4cTmQxn+gYJWZEBqXj8RPdXVv6aqqnGoYB9kuTc+DXGiqrllTPU1FW/VNI57j/AFHKl0NlrasgtZpHrha629HU8B8WpZk9gr2KljiaGsY0Y9lEnnkqWohDiBl7X0i8uBqSAB+60VNZbfSEOjhBcO5CmNbhOHKbs4yZLL5y7YxrA3OhuM+iWT6owA0oRByqEuTfZ1NTk1QES4eF1cPChAZ5XF1x3TXOa0ZccBU3gPGTqSjT3GkgGXyjblUdy6zpKVuYHFzh2CTOxRNMKZ2P7UaVzg3dxxhVtZfLZR/31QF5/cerbpVyuc2bS07YVK+pqJ3F0z9SU7f0batHJv7zaXT4g00Ti2hgEh9XBZS49U3y4EtNW5sb+WtUBzQ4jZHipXHBxykylKXZ0I6eulZwQhA9/wBe/wB0RtKBg4wrNlJjHlRPAZHgvaPslPl8jFYlwkV0dMzjTupMdNuNlKdJSRjjSfuhmsY/ywMyQokDKUpM6KfA4wn+Bg9lFM1fIQBHgJ7aOulwXyBoQsHoM58MedbsKO+tpz9KkNtQkAEzySO/qnttdPGQdOVajkjkvRXmqqHnEDMrgjr5dnDZW4ihi2Y0BdErGfU5XgisaKttvqnkZ7o8Vp/7536KS6rGfKEM1eBghUTfNjm26lHfOEdsNGwcAEKAat2cb7rmS/nKkULcifmMZ0kYQzUlu7cbIQilLchdFLUO4ad1bjgjY43CfjOyGat/ccozbdUHsiNtcx5UwUpJEX5gD1SFT7FWLLVEAC4DKKKKEDOkI1HJUrUip8SQ/hKXiSDfSQrMwMGwYkIm5+lDgHeVhlqicfsm66rnwT91bCKMfhTi1voqwTeU5dXdmBLVX/0q1IHqubeqvBas/sis0XA7ZK58tXO3LlZat+EsH1UwGpf2RDipqjOH4wpBihYPo3+6Lg+q4WkjlWU3kjufg4wueJ7IpYcpaCiygQGf8KWf8KJ4Y9EvDHorfJASSI5QqupwdHdLb2hxjkKXtHLglraeHBVplc48lLW7+opTtwNVeSz8Qf1BLxGnbUFWa3f1Fc8Q/wBRQ/MXKrBY+I3+oJeIP6gq7U71XQ455U+YHYWOsf1BL8x+qgh3qV3xPurduC/jJhIxyhkuyd0Hxj7peN6hErclfGGBdnlEyNlGErD2TjM0lXvJsDZwkCcpmoDGTlODhnlWpplyjgKOE9cDm45TchFkE/WNJJJfjo/aAkkklCCSSSUIJPTE9QgkkklCCSSSUIJJJJQgkkklG8CRJJJJT5IPTkJPUIxxGeFS3GndRz/PsB50vA/zV41MljZI0seMh3KvItSwytyJow9pyCMqsrKTXwCDyCOxUqHXSVT6WU7AksPGxUuZjXj6UQS5I9mr5Jmmmndl8ewKuQcrLTl1vrWygYa47q+pqmOpYHxuzn9kRJwJKYnDdNUACh26K04UVGZvjdQprBC6gtMV6oH00jGk4JBxuCvNbVVXDo+9CimeRSyuxh3H5L1xjRhZjrTpeK9UniQsxUReZpCZU+Sv7FzDKyeNssbgWuGRhPXnnRF/q6GvksF0Jzj+WXH07L0MbgEd1sUsGW+HsjXK20N3oZrdcaZk9PO0texwyCF8k/EroCt+F/Uopg4SWaqc40839I/pPvgr7AHKqesekrR1xYKiwXmna+KUZjcRvFJ+F4+y7vhfLPx2oUpfj7OTqtKronw1cqSSy1oudoHlfu9oOzh6K+tl1guUAngPGzmnlpU/qXpW79E3eo6avlPmSDBZJjySsOcOH6cLHTU89iqv4hbsujef5kfsvtvj/IR1sd8Ojzeo03xmumYKmF8T25yF571F07JA50kLcEHPHK3lDXQV9O2pp3Zz9Q/pPolW08VXE5j2jJHK7tdhxtZUrY7WeLXC3Nq4jDUxFp/CccFZt/jW2YU9SCRnyuXqd0thEhgmZjfyuWevFiZUQGGRuSB5XLXF5PH+X8VG2OYozUU2oI7XZVYBNQTmmqWkDPlcpkcg2z3R4PD20uqW0kpw3TW4I5SQ4M0lkSSS6BnuoAdSSSUIGSSSUDEkkkoQSSSWCoQCkjJKFYApJJKAjUk5JQg1JJdaoQRwe6a8bcrqQGUtoYpZAFuCUJ5JBzspWlC8Idgl7EwlYRIqist1VHXUEpjlhOoFpX0n8JvirRdaUjbXcZRFc4wGtaf+IvnNzMptPPU2yriuFvmMM8TtQc3bK4/kPGR1sMPhrpnuPoz6z1H0xqPcq5Plf/dH2hNBxjsmOYSME4Xn3wo+L1F1hALVdy2G4wxk5LtpMf6r0iVuMEBeCtqnRN1zXKP1T43yGn8vp46nTSTi0RcFu+F15EjQMYRDhwG2E3GkgqG9ohyxEbY5QnQ7cKxc0Obwo72EHhWngXKGejIdUdJUd5pnh0TdZHovmr4h/DWssdTJV0kLtGckAL68ezVwqDqPp+kulJIyaEOJB3wtuk1c6JqUTyXnvp2nydTeOT4yobq6ACCqB8pxn0V7DM2Rgew5BWk+IPwrqKLxLlbWFwJyYwNwvOqKvnoZTTztIwcOB7L3Om1sNRBM/On1F9N6jxdrzHg02zsggKFU0ksGZoHEjkjuEWCoEzQ5o2KktORuNl0FLPR5RL9kKluL2OAd2V9S1rZIwRjdUM9AJCXxbH0TaWrfTHw5WkgfsjUsAyiahkbJhvjdV9wtbeYR+adSVYkxp3U5rxIMZxlFkWpSg+DLzQPp3cFPpqqeF4dG8gj0Ku66hEm4aCqWWifE7Onn3TE8DI3Z4Zvel+sfBxFUSOI48x5+y3dPWw1kQfG4fZeCsldG4DHBWmsvVc9vc0Pc7HqCmqz0c3VaHd/qVnqUzAd8KFIHNwccIVqv9Pc2hviN1kKZPGCExSTObtlB/chkNfKxwAOArOnqw/GSN1nKtxicCNkOG7eC8Ak4Vkde7lGza/UMgJx4VXa71TTANcdzxurYHU3UNwVaFSW3sA4blcHCc7lMPARSXSJ2EJGDuELXvnC4MnuhqKBRDv8AaKK80bqeoiGrB0uxuF45fumpaCYxyZIzscL3Jzds5VRd7RBcoTHI0AgHBwkXU56N2k1LpZ883Cj8JwOMBFpKnSA042WwvfT/AIbn09RHjJ8rsLFVVN8rMY/T3XPnW0z0VFyujyW0btYyiPia5uxVVRVuD4Mpx6FWUP3SmOktvKI78wu+kHKTcSNzjClTRNdjZRCx0UhYPoxkKhcZbv8AI2OapoKplXRyGOSM6gQcL6A+G3xNpup6EW6ucGXCJoy0/wDE9Xf5LwN8eW7jZco6iqtdXHW0UhiljOWuBwnV2OLMus0kNVDr7j60D9W+lOIy3lYf4dfESk6ipm0de8R1rBg521e63ZdsduFs+TcjyFlU6Z7JLlGcu9qeHfN0gw5u7mjum0VV8yzRnDm7EK9kI1cLOXegqaSq/idDuD9bPVRrJcZ5MZmu+EPWn+0Fma+a01OY30wJxgnZn2xx+a9U63sdL1nYLf190hUlnUNrYKmgkiP1MGNUDv6sf/KN1nqkUXUVploqmFr2yjDgRktWe6G6iqfhnfj0lfHOltlW4CKZx8o/6HcIVHab5yVuLV/uRWGv2vZ7p8KPiVR9f2IudTGmutBiKup3csfxt7LdMfq7L5365ttx6RvbPi30MY5HYD7jStbkVMP4yf27L2fo7qy3dY2SG92mXxKeXy59HDkfkjjNt4OTqdNF/wCvXxB/+TNQHAjOQu5HqFEBOO6c078qGImLoJyhscNPKeqKCA7crqACc8owIwoQaklkJISBkkklCCSSSUIJJJJQgkkklCCSSSUIJJJJQgkkklCAUkkjwoQbkpi6eUNQhTdW9L03UlEQAG1MYJif6FeTyx1NBUPtl0ixI3y+YbPC91as11l0jT3+lM8IEdZEMxyf6I2Mrbzk8foam79D3YXmwtdJSSO/n0+dh64C9w6Y6noOqrc25W94cw4Dh3a7uCvGBM+KeS21eWVEOzmnbPuFX2u6XL4f3gXS1Eut0pHj044HqQFDVKCmuOz6LXNPuqyy36g6it0VztsofFIN/UH0KsM7FMMbTXZ3I9UwkYTHE5QsP9/1UzkE67uo53RzwgHlGWUvUVrirKbIGHeyzVkq309Q+gmccH6crdTMD8BwyFkOo7TKyoFZSg5YdWyMNSyPutKJoHEDJWPq4WBzoZAC0jcHutjbKwVcOmXBcNiq3qC1MkZ8xA3fPAQyWUaIy2vKPnTqi0VnSN4jqKd2KSckR44B5wr+0XltfCJRjWzGoLWdQWOj6it0ltrWZDjqafQheSUctT07dv4ZW51jyu9HDsVztRp9x9S+kfOShJUTeGj0+krDMME4JWH67sPg4udOzHmy7Cv6asETWvacgjIVhVMhu1vNNI36x+i8/q6MPg+66PVrVUYyef2ypFTTNaXeYDCBdLd83CcAB7TkFClhksV3NPMDp1FoVsZPE4aue0l2Pa3cFD01eDbKk0tSTpJx9lvS5ssYc05BGQsLfba17PmoW6ZBzjurrpC8smpW0lS/zs8oJQDtJY4S+ORLuMJaM4VJUNK2NwpWyREABZispnMy1AaL4Z6KmRoKgyAKylaWnBUGXhUcq9YIrgNwoju6lSKM4chEng5txHl2KiyADf1UqXkKNLwEw5lxHkUWTlSpFGkaSdgrZgtBo7SQUBGVIXB8k6lmIIBV3TedgJKzcb9DgfRX1G8PY3S7tn7KHX0k932kk/y3DAU+mcJI/soMrcNzhct1VpcID3S3yjq1WbGXFPM6GQY7q/oan6TjJws9oI3U6gqdJAPZZpxydnTXfs2FDVasBysCGuYCFnaSXGFdUlSMAY7JUujtU2cD3NxsVHcNDg7CnPLXDIG6juYHjB2SW+TYpZBtcHDHdOa3V5XKPvDPnsEd380BzdlWSbskacuoZBNHwTuOxV1SyMqomytxgjsq1wEkZjlGfRR6OokoKnw9R8Nx4Kj6DhPbwW00eg5wi01Yad2WtyPTKIWiZuc8jIUN8bojuEmSNcJ4Ndba0zRg7ZVs2UNaM75WDoK6WCVpB27rU0ldHO0YckSibqrs9lrsTsMJ3hnGQEKMgbqRDIAcEJE1k3RbZ3S2Vmlw3XKKqfBKaeXf0JRnwuaBKzhCngZOzxYxhw/XKCSyGWgfnsqvqCxU94pHNewE4TrbWGYGKQ+ZqskEkymuDyOmqbh0ncvDfq8AuwD2wvQYKmlulK2eJwJcPNj1XOounqe607iIxrwsFbbnVdPV5pZXO8IOxgpkZYWBL4ZfdQWqMxmXRhw7hZgs07r0iM09zoxIzDw4ZI9FkbzaX00jpI2+Qos55BkkilPn57KdY7u+1VrZNbtGcEZ2VfLlnAQhJnbCTbUpoKu11s+gulb/AB3emDPEDnNGRur5uy+f+mL9VWmsaY5iG59V7fY7sy60jZQRqxvhcTU6ZxZ06b1NcloH47I0MmSBhRcD1RIwByVzJRx2bMkt4GlB4yURrge6TmjshwPi/wBiEm+McpksZJBaF1qKMd0ALWGMZIWOAPdWUTg5gVZIwZBHZFgnPCAXJZLAjKbGSwgALjJNQzjlOe3UEoTgOHEgHKI1QopNIEbuQpDHIiiRkeoXHEaTuEHJ9Usn1S8AYOnlLJXElZYw78pJJK12EyBdabxIxK0eZirYpQQMD7q/e0OGDwVnZozR1jo3HyPOQtNbDHzjOMhZzqi1NrqJ4awF2CtFLl2/socpDtiOFvpt2NMGyvesHzh1BZ3gSNxplgeT9whdI3N9LXNa+Q4ccAZ2W869too641DI/JJnPuF5veKb5CVtTAC1r99u3uvTaeXy17meY1EXRdx6PbqCpdJAC859Fb0M4BxtuvPeir0Lhb2MdJl7Bg78rXxl2BjKTdX7O5p71OCZqYpCWg8hG1bFqgW2QS04ycYUxzs4Kwzjl8G+H3D0kkkK4GAntDmkFZubNLXanN8pPK0+24yqe704MJcG77p8XgBoHUNEjA4ceqgVcLaiB8T8HI29ipNvldNS4d2GEwx4PK6OjuxYjDrK99bR5N1TRmjqCNOM5VDSvJeFtuurfNq8fHlBKwjZPBeA4L6F4+35Ksnw/wCodL8WoyWzTxkqXG7DRj0VaHamNdlTqcnSDnK6DWTi6exwmmai0VJ+XGOQtZbZi+naXDdYG11JhnDTu122Fr7bXjUIiNlzdRXzk+g+H1jnFRkXmM7FQqiMNnJAUtrtQzhCqGB7C5vI5XOmsM9NkbA7S4bqwikJACpIpXat1Z0su2CkDYT5Jw3GPVN3aQUm7YI3TsgjcJczXB8ZHagnoSJqB7oR6eQaFO0YwiocozhQoBH5WBp5XH/SurkvAUF9keblRZWggnG5BClSg8qO5GDhMBAct8Pu1FAwofiGCr1uPkf5SPdTS4YUFjEk08rigzIycgtOPRV0WWyEdsqc76SoTgA8qdi5PCJbD5TuotRyEQHHdCn7IzNa8kWodjBPCkMOqna7sVErwTASOykUDg6naM8IzHJ/cDJOojKh139wfupGcTyKPW/3P5hWuwLOiKTmiOeVDi7gnkYUiM6ov9FEOQ/HutNZz7lk8++KTcUzXAcLyiR3l5XrnxSA+TBXj0pOF6HSf7Z8G+tF/wD5LP8AYG/uuDhInCamSWTyo1u7gpNN/fBR2fUFJh9UcVkbW8SyT9g3bhciOHD802MFyK3Yq0sG5tPomQu8uMIjtxsgMdtwnySaRjCZFAznsWRkjsbZUWU8pSuLnAoEjsjcpsntRzbJb5ZI1SSSB6prcaU9+C5MkOGhZpyyEotckad+Dgd0qVhznCZKS94wFLpo8NSoLMsjG8IfnAwhP4RTyhPIIxndSTywIgnHlR2kl59k+c+hToGHIyEDDbwSIG7DbdSRn8kOIcZRwBhRGebydHunwjJGEFSqdupwKZCORbeCdSxAkbK1gYBghQ6WMgbqaTpYQtlcdqMNrcmDrZNGA1R6aN0kgON0pT4jwArG3whoGRygseToeN0vz2ZwSqSAMaMNx+asYYycbIUMXGArCKPAGyo9xRTs4HMbjCbLIAMIsgDG8qsq5t/KVDU2ooTgaycRZOgbn0VR1XdzTsbbKSQM8vnVrLPHbaGSpfgOIJG/dec3CsdVVL6h7iS4k/kqbwcbyOolBbYkSd4aSc5POfVKjaXOBPdRXudLKAArGlYGt3CB/cedm2+WSIxhcdk5ycJa8HhCq5QyMkcqNmdRyyJW1Ae7w2HPqukNigy8gHCiQND6jLhtnKJcJBkRD7pT7NCjgiP/AJj9WOVLhGGoUTNskIhIAUbwHnPByU9sqJ3JRJ3b7HhDWabyx0F6HFabomyPuNcJ3xkxMOfufRZ2njM87YQN3L3H4e9PNgp4m6dOwJOP1Sp8np/pnxv8vVfK/wAYm46dt7aSjYxrcF2NlOutU+lp/DiIbq5PchSYWNgj4+kbLJ3Otmqap2t+QDgAHYJ1MOT6Tfdthv8A0cgzPO1rQdzuryNrY2huBt7qJbqN8TPFe3dw2Ul4zhdzS1qKyfCPrXyb1t/x+kSGO1bBWtrpjKdZaRjhV1tpZKmTQwccla6kp208TW6RlaZzUT57CqVs9sUEjY4MwE5jRnzbIucD2UaVxJGkLBqNRJRaR6jxP01PWXqOBk0mSIowSTsMK4ttsMMbXSuBceyFaaNriZ5W8bDKtnyNY3C4l17fB+kPpf6ajoaoxSByyiJukKvne6Up88xe7ASgYQQ4jK51luT6LRR8R2npnPI8quaKj04dxslRUpa0FzRvwp8TNJ4WSVhowjrIw0ImBynAAjdNdsECnkRbwgcrxwFEmkAGdl2eUNKhyVAz7ZWzQ1OViPIfUPkoaLTy3PAGocJCQTsFKsemSbSwg7jhZK+3NzZzBA/Tq5K03w+pJ56kVMpOk7DPfC9tRXsrPyL9XeQeu1MpJnqVthEFOD3IUpj9R4QI2kbDgI8Yws97eTxMeIhhwjAAcII4RlnIh6SYkjCEhl7h3XENx2UIOfJqKa77oWrcp4OVCHNPuuEAb5XS72QXS4znsijFyIOLxwVS3S6xUWtz34A4Wb+IHxY6X6IozLcawCbfEY+p2OcevIXjLar4l/G+vdFboHWyzEkOkftrB/QnhaoVY5Zsp0kpffY8RNL118dqSGpNp6caLhONiBtv991X9M/CHqzruqbeetJ300Mv1UxBa7Hod16P8PPgx0/0NSNdJDHVVhOp0rm9/sV6JHhuw7K5WwjwiTvhDinr9ld0v0bYel6RlLa6GKMRjAdp3++VePAA2chtOAutz6pTe/kzN57BkO1Y7IoGQlgJHdJwULIXUP8ANOJBCsE6SMcqOXOyd0nE6sAlcIxyVAghOAT6Krud4hoWFzsE9t1Hu98ETTTwHLj6KkZQz3F2qozjscokiEWtnrLpKJGg47DKtLV0tu2pqnfYYV3bbLDTlpeAQ0fqrV7AcDCuUsLghEgp4afAiYBhSmuwOEKSZkfJVXX3MEaYnfdUk5MhOq7jHEDjGeypqu5zSt0djzuoc9Q+R3mO6JT0ckxBxsU3bjkg1uqQ4GSVZ0FtLMSSDdw2HojUluYwA6VbRwtawOLgB6qSljhEI8FPpBAGEcBseXSHAHqgVt0pKCPUxwc7sMrPyyXe7TB0kmiI9gEmS3ELC5dSRxNdT23+ZMeCqmK2XC5Hxry/DHcNVrR2ynpIwSwF3rhcrrpTUkWoybt7I4ZLDU0VHRRaaeFoAG50quut6o6ON0kk+D6LLXvruQf7vQ4P9RWQrLhV18pkqZNXoPRPhVu5CjHJe3frmeYOjo2lvbUVlZKioqpDLUSue49yU5zVzT7rRCKQ+MBuAOAu5wuJrnAjAKckH0OLtjuglzj3XCd+UxVjJXY4kY5Qjylk+qYmdESydyUwuIXdQHdDVDoxCEjB3CCeUsn1TFQwSSSSgMF7GJiem4PoVeUhuEOS91ErbpR2+MyVUmj0HqsheviVHBGYrdEHE7EuGUMp7ejRCic3hG2lmbFguIA7krNXvri0W9xYyUveP6V5rcOpb3cnEyVjw09gcBVh1SHzHJ9Un5OTbDQRfMzUXT4hXKsa6KDLR6rMPqKmqkL53k6vVTbfap6p48Nh/Raq2dEySgGfbPsqktw1fDQjHQUU9QQ2Fmcq9tnSFfUuxNiNvqV6BbbBQ0DAGU7dY7kKY+IbYaFFHAm3XJ8QKOg6UtlJG1vhhzh3wrNtC1jQGAABSdBTgOUaSRklfKfZHMZ4x+6bhvojmIHfC4oLyA04S0+6IkjINTTpC6e6bk5OAUMpYJjI3V7JYKWQ3c7YUSpuVPAMlwJ+6W5pFqLl0TC4KNNO0buIGFRXTqiGEYjeB+ayF06ufLkNef1SXckaqdJZM2twvtFSjzyb49VmLn1k2TMbX4HY5WPrLhXVT/LuCmx0xk3kbzylTuzwdSvQqKzIm116mqXjw58j7qG4SS775KkU9LSsGfDBK6HFhHhx7rO5NmqvFXCAtoatxBEakR24sGqVw+yJC+5S4DAAEdtsncfEnmO/ZWXKxPsBpoIxguyUhUMBxC0nCnstlGMGRuSFIZFRRDaPjhGIc16eSpBrX40MwPUp7LdUy7yO2PKtXyjYMYMBM8Z/ogK+RvrgiC2U4cDJ5j3RvApogNDQEneM8gRsyuGiqpB9OB91aeCbpe2dD42jAwmOqGNyS5O/h8rTiU8ojLXTEZdkqSaZXyRfsr5rjpOIufugfN1TuCSrxttoWbiHJCK2CnafLCAhL+RfozjYq6U6sO3R2W+qfjVk/daAeGBgAD8k0DKjiT5cFQy01DgEYWotIEitGu0jBKa8HOcoQfkm1hENlthG+EUUkTOGj9EbV7JFx7IlLAvLbBCBjcYHCfp900vIXC4kYV7wsPAXV/iSLtvqyo5JJzlLJ9VN4ttoKZHcZyua8b4ymaCuHS3lwCremH2O8bB4XHT7fShGppgcGUfquGqpsf3wQuXIza2IzEuwRunAl2yAaqmH/FCEbrSRDzPU3EUJPomYKWnPKrXXynzsMrn8cg9P3U3BfDYWmgc90s47Kp/jkB4H7pC9A8S/spuLVVhbZPoln2VN/Gf/AKL+yX8a/wDov7KsoNaabLfT7JafZU38YceJR+iX8VmPBUcsF/xpottAPZLQP6VTG6VBXP4pPjGcKby1VJdlwWYae6pqiCokkJDNk0185OfF/ZMNbOTu/IQSluDjBoXyVR/SP1ThR1GPo/dc+aPOTlc+dqBsH7IcZC2sf8lUf0fuu/w+p9E35yo/7xL5io/7xLGBW26ffOF02+Yeii+LKSSZHb+6XiSf1u/VAhaWWSPkqj2/VL5Gf2/VRS6f+t36pAzD8bv1RtpjNhM+Qm9kP5Wb+kIOuYf8R36rvizj/iFALawH+Sn/AKUvk5huRsg/Mzf1ldFTNnd5UzgiTD+G4bFLS4dk0T5G6c2XfhWp4KfPYRrnkJYf6p4wQu+VPjPIJ+sySSS/IJ+zRJJJKEEkkkoQSSSShB6SSShBJJJKEEkkkoQSSSSgkSSSSAgkkklZB661uo4yuJA4OUAqSwAudu+bhD2bSM3BHKh0sxewB31s8rvuFdNdhUtzo5Y6g19IP/pjPUKm8EjLAy5QMqYQzG4OQq621DqCrEMmdEnl+xVzTuZKwPxkEZVddbY9wNRENweB290SeRvaL1pBGcpyobJXyPJpZz527tPqrtrkwGUcCTo01djUADtc4kDKeQCOUFPBJVp45Kf7MV1r0qJh/EqBvh1Efmy3Y7LvQ/VDrlTmirSPmIfKcnBOFs3xtmYWPGQV5p1j01WWesF8suWSNOp7G8OH/VOhZnsGS38M9GBJGcYRFn+kOp4OoLcxz3BtSzyvYedlf5C0RkpLkw214lgyHxP+H9u6/sTonta260rSaGUjYuP4X+rdhsvlC42ya01s9quDGCaElsjAc49Mr7e0hx37LzP42fCuPqu1m/WaPVdKVpL2E7zt9B6EYXtfpzzc9Hcqpv7GcnV6Tej5MAqbBWfM04L6OQ/zGDstBDPFVwiaF4LHjIx2QnCISOo5WgtxpyqJslV03VeDIC+mlcS1w4GV9p02orvgpxPMayh1vBZ3SgNZAdB87Nx7rLuOXmnqG6XA4BIW1bI2RgkYQQ4AghUF7tb5CaqAZI3LV0os4Gqi1HODL3uwU1ypizQA8btcPVYWSCottQaWqB2OGu9V6RBV5PhTbH3UW8WOC5RkbNf2cnxljs8nr9BDWR+Sjv8ARimS7AnCNqBPIUetoJ6GoME4ILTsexHquxkjA9Fc3no8dbXOmbhNYZIThumA7LqWJkmxySakoAORkFGUCQkkkhyoWdA7p2NsroHddUKbBkei5gomAlgKEyDSRNPuuEY7qEyRkkbBSwVCYApIyShMEdJOSUBGrh4XV1qAMAQMoZAcNwjpuCltZLj9uCHE+otldHcbdO6CZh1AtK+j/hb8WqXqyjjtdzeIq6IafMfqXzvJGHdsoEMtXQVUdXRyuikjOWuBXG8n43+ZD7Vyj3n0f9Z6j6ZvxzKuT5T9f3/6H2jJ9WwwlvwV558L/ijT9V0rLbdZWsucYwXOOPFHt7r0VudS8NdVKibhPtH6l8Z5PT+W08dTppJxayIN0pOY14xwibEIWC0/dKOqkmAki0dlGkibM3S4YVmA1w3GSQgT0xaRpCYngTbXkyN9sDZYnamBzXDfZeCfEb4YOL5Ljb4tLhu4Acr6cnaXDThUl1s0dVTuD2BzT7cLoaXWvTvg815zwdXlKtlh8VQ1NVaaowVQcG5wWu/0V/DOyZgkjOoFeo/Ef4YU91pHPpIRHUx5c1zRjK8Rk+f6aqjRV0btjjcY2XrPH+Rje8T4Pzp9RfS9/i7XOK+z9mmYdtwo9VSidvlOHA5yh0lZHVNbJGQR/kpQdldn/B419la2pnpJAzjdXNFXGQNJ3KizwRStOtozjlVvgzUztUMjseimQHXuNfFKJAGuCZV0bS3LQqKjuk7XBr8fkr6lrRI0a+6KMsiJQcXwU9TRlrstbwomXxnLhwtU6GOQHYHIVbVW/Tu0JrDjZxyRaC6TUUjXsc5hz2K21n6sZWSNindv6rz2phLXDCGyeanI8J+FIzaYu6mNyPYJpBO3YfZUda10ZKpbF1d4IENc1xZxqC1PiU9bCJIwHNcMgjdNTyYJ0SqeMFVBXzU7/KcbrU2jqtrw2nkcPuVlq2lDCSBhV5c6GQOacEJqA+KM1yeuwTxT/Q8OKI5uQRlebWrqWaglBk1Fvstta73T3Fox5XHsSjMtlO18EuUeZNcjSDIBCjvGMJhnOphwRglI8IZJzyqayWnhkG52qC4xeHI0Z7HC8r6j6ejiqZP5ZBBXseoeqqb3ZYLlEXNaBIBz6rLbUdLS6twZ4JW0JicQARjun0FYR/JmO/AJWsvljfC9zXMIwslV0L43khh23WGcGnwdyvUK1cloyTUcLs0WW5xvjZQaCpaCA8nPG6s86hhILlwQYJXuIp5fqHPsjSwB2C3CU0Xm1tG4Shl1eUjhQieRlLWVVqqo6uke5kjDkEFe9/DzrqPqWi+WnIFVC0age49V4NKwOwcJ9ur66z1sddQSmOSM52PI9CnVzaZl1WlhqIPK5PqjVnfGEGdusYxyst0R11SdSUjYpntZVMAD2k8latztuFrjJNHkbap0WYkjMXKgrLY83G2O8ucyx45Hsot5oLb1badLhrcG6muGzo3LUTZJAIVBXUElomNxtzCWPOZYhx9wEQ6Da+5dj/hj1nLSvl6E6pOrw9TKcvOS48YXYair+BnWEV0t0pHSV7qCysZvikm7hvod+e+FUdQWWn6ipWXK3nw6qHzBzdiD6K+6M6upOtbNL0r1M8mRzSydh2Mvo/Pqq65XZpbgpN4+19/+579brlRXWiiuFBUMmgmaHMe05BBUkEcgr5x6A6mrPhZ1Qzoa/T6rDXv/ANzqpH+WLfj9wvoaI7c8IYy3cPs42p0/wS46fRLa8ghSGyDHb9VXiTdGZICjMxKXclMYcjlOVECAnO5TwRhAT1CBcj1SQATnlGBGFCBEkHISQkDJJJKEEkgpKEEkkkoQSSSShBJJJKEEmpyaoQYkkkoQYnM+oH0TUs43ULTwYz4hdCC7g3q2sDKuMZIb+IBeYOLsup6mPDm+V7HBfQYnzsRssJ150X86DdrVGBK0ZkYB9Q9kZoqt5MH0zfarou4+NSuc+3Tn+ZFyG+4HZe2W+40dzo2VtHM17JADzwfRfPj3E6mO7HcLQdF9UusdX8vUuc6lmOMZ+g+v2TArYb+Ue0EjPK4cY2QIpYZ6dk8E2sO3yCu5PqVWMmVrDwzh52TDwnpmQmFAJBuo9S3xIzHpzlS3hR/VGWjBziSz3F5wfDcc49FdRTR1UWpp1NcFJvFtiqskjBws/b530Mr6aUbAkDKg2JU3+2MpJzNG3DXcrzT4idJC+0kdxszmfxCk1EDH1tOMj9gvcayGCqjLHgEELF3W2i2VOss/kv5cOyCcFJHQ0urnp5qyHZ4j01fRVRmik2ljG4PI9QtfR1gi0tf9JOB7FZ74kdIPs9aerLK0NpHgGoYwfT/i/wCqdZL1TXakY1r8P0jnv7rkavTez7b9K/USshHcyf1vYvm6VtxhxqYNyFm7NWNqWGKTZ7Nit5bZRVQPt9SMnTgZ7rz++UMlmuutrS1hd6Lz19Liz6hVqIWRUovssJoQ7y4yCs5V0tTaqv5iEnQ52duy08b2zxNkacgjKFV07K6AwkYO+CkYNce9xdWa6QXaia0O/msbgg91EutKWncbHdZe0V0louAjfkAO0lb5wirIA44IeMg+iWaoWfIsMxVVHg7BV0zMZV9cKYwzPYRt2VLPGQ7KAw6mJXVAxhRnHIU2UHZRy0gIoxyce9EOXnZRZeApUg3Ud4zhGjmXEN/KFIAQpEiiSkjgqzn2oCWjPKJH3Qng5CTSPVD0Ii8MmN2U+3VHgzBpPlOyrWozXEbjsqlHJu08pRllGrIEjBjuFXNkNPV5x9Ck26UyQsa7kjZMrYcO8Ro55VHbjLK3F9A9tRAJB6LsLvBkyeFU2ir8LFO7fKuHMyEtxyjpUT+3Jc0NS14AB3VxDIWEEbrJUc/hyDZaGmnDmjHdZZrDOtprs8Mu4ajUBkooI7FVbH5UqKXYAoDpQtwPnjBGeSh00mkiJ4wpBOobhRauFz264uWpc+x/ZKkjxwos0IkaNt06hqnTAxSfU39wpDmqm2y08DLbXGM/LzOOM4HsrSZglaFSTwZ/mM2I5U22VbpWmGR27eEHY+FgQt8N2yn26sMZ+yjPZq3CjeKY3cJUo7jTXPDNtQ1fijdwU8OwM4zhZC23DSQCcLTUVW2ZoCzOODqU3L2XNJUCWMsPICcGYJ2xlQ4z4ZDgpjJw4DI3SZ5XRvg0ysuNJLTk1NPkjkgchSrVd2VYEUpAeNvupxaHAgjIKzd1oJaGb5ukBwTkgId+eCSNW0aiAqDrDpOC5U5qqaMCdoycDGVMsN6hqmiKZwD+Ar4uDhsiRnksnlXT11qKCp+UleQAcYK18sMFwgJaAcjcKv6y6WE2blbW6Zm+ZzW9/dVnTd4e4CKeQB7DpOf9UeUDjJV3i1S0criRlhOxVO5ukZBXp1XSQXCAgtBJG4WJu1okopHFrToKsU1kphIS4ADBWy6L6rqLbUMhnlPh8DdY/QM5T2vLHBwOCFnuqU0MqscGfR9vuENwhbNC4OBG6mZJXkHQnVslHMKeeU6CQN165FI2aNsrDlrhkLg6ijDOzTZvRIiJzyju4CiRfUFIHZYmsGocRhdBSHCadkqSyEEIyCEFhdE/OEYOBOyUjA4DGyAjJEE22McqU12oZCqg7wyPRTY34AKAU0Hlj3BA3TmHB0k7hdbugyNLZdQ7qAEsbpITHAt5TkIGcD0kxJQrIkkklChKmvUJJE4bsNlcoFXEJIHMO+QmxeBpQwu1s3O+FGnGCusd4cro/RPl3wR3WusMyXWtrFbbnODMubkheRXClbV0kkGnL49179WwMqqd8bhyMLxe70jbVepYj9Dz6L0Ggt+3acTydHc0Znom6OobmaaR2kZxgr2agmbPEDnfC8FvsL7ddW1kI0tLs7L1fo+6iroYna8kAAroXRyjm+P1LT+ORtLfM6Or0avKW91ctdqGVQ5GWytVxSSh8IcfsubOOGempnkljye+U0jTsu/X7YSyHHB2ISJLJrGtJ3yotY0Sx6COVMe4ABR5cO3wiiFNcGfpZDT1b4H7NcdgpEzRqICDdY/Dc2dgwco589O2QjfAWiqe3kyThuRR3+lbVUT2aNRAJXjt0h8GoczGNyN17rURCRuPbC8e6yoH09doeMeY7r2/htT9qiz5b9W6HCdpAidqpAAclGoKt3jeHK7O2Aq+ieNJhJ4Tg8xybheqi8o+aSs2GqpZG+IDlaeikAbrByQsLRTHDXglaq2VOtpzzss99e49V4XWYwbSnnEkDfVEAJjdk9iqWiqnNw08K3ZLrZpAXJurwz3tFvyRyRDhhHupFNJuMKJVZa8HCLDJsMBY5vbwPrkslxFLsNkQ7nKgQy8DClg5GUp8nQraHruojuuZCSAbCWOBLjhkLqR4UGADyuLp5TX/AElQWMdjB+yiHlGeTkjKGjFylgrblEdIewfT5inxymVoxxhSp4xIwtI5BCrqR2lroyPpk0/kr6AcsElJOyACMoR5VhJ5OHg/ZQ3gh2/qpSDINwhFME4kEAFceCW5PYJkhAqDvsiuw6MJsVkzTlgiTtD6Rx7nsh21xMGHdkR24x2QqUgHCsRnLyOkyZXOCjV5HgYz3UyXDSNuVX1YJHKtdgWkSE4djthCkAMuR3TovqP2Qnc/mnROdf2YL4r/APYmn0Xjx4Xr/wAWtrS4+hC8cZwvR6R5qPhX1tHb5H/oNIySlp90mpyJtpnkQKlQ8oLVJh5CfAZ+LJkWBjKfq9FGc44C7u7umD/l2omtI33CZLKcgAKNG4t7koziHc9kcUZ53blg5vuSocpJ2ypbnABQ5iByVLFxgTFZYJuTK0E+qHVOAAGQjacAnPCgzyefCyz4H54HwNLn7qc0YCj0rRjOFJUgsIqTyDPBUZ5IBClHhRXO52RNIFcANy5TYGAAOUaMZcpzG6WjZL7CsnxgIABwkkkrQo7G3zcq0ootwoMERc4EK5pYtIGybXHBltlglMYGszlR6ud2khpx64RnvDGkKBE4yTY9SnN4FU1u6aiTaGF0zQ9w7q5gi06QNsKPRw6GDy4VlTx6nDbhAe20OmjTHESTTN2zhSwRjGFyGMBuccdlGqpwwacKHVX2obW1Bj2aokY1EOdgpOJmIJUO918Vut75TtIdmlU3gz33KEHN+ii6svBmm+Rhd5WDfdZedxGBzlKeoc95keS5zt8lBDy47hLlLJ5fUXO2beQkLMODiN1Pbs0YUaMYwcKcz6AoYpSyDKrayo1O0N3HcqbVTMibku39FXQtBfkoLGFBBomNYwP4KiOJknLjujzPAbpaMfmh08e+4UHpcB426R9kGbcYyjuIaD9lBlcMnzJNjwXFDXuP3TQckhcB1HdSaKkkrahtPH+Luky6NFVUrpKEe2ar4f8AT8lzr2zvjzG1223K+hbRb20lLHGGYJ3+yyPw+6ejt9DC5zOG5K3ocIYHTEbN4S4J55PrniNHHQ6WNS7ayyD1BcBS0piY7EjxpHsqK10T6jzOHB59U2tmkuNf6guwFo7fTNpoWt0jJ5XQoRzvO6qVVeyIYR4iGRuBhAp6WWqnETBydz6Ke9oc0ADnsri3UEVLE06PMdySunGexYPinlqZX3/ashaG3R0kTWRt37n1U76QuMeAM43QpZQ/bhKtsyd3w305JNSmuwjpuwGcotBE6WYZCi08L5ZMN/M+ivaaBsYGBuO65OpvxmJ9r+mfpyFCVskHawQs0tI2USolc7yp00uDgEpjYzJg4XGssZ9JogoLhDYoy9+4VrRU+CDp7IFNARjyq2poCADpWSU8mnDYeFgDQCEdoAGyY3bbC644GUqSz0TrseThRp5ARjbZcnqBwq6ep24TIVOXRyvIaqGlhukxlZPoJwQcBVNTVubE6TH0o9S8vduVn7xWlsogjdwMuXqfG6PG1tH57+uvqSNu6EZFc/xayr1YJL3YC9N6JNQx8dJTszpIJOeFhen7dVXasbT0seTnzO7AL3Dp2w09opGsjaDIQNbu+V27bNqwj4DqbPkZbBvGQiNGAkBhdWGctzMQ9JJcyEsgZI8Jqa/6SjIMfyUIlOJyUlCA9PunNTts7lZbrr4i9O/Dm2SXXqKo8Nv/AAYm7vmP+EJkIbi4pye2PLL643KktlOaisl8Nnqvn7rv4/3O7VbumfhpSmurnkjxyBox2x+6z9bcfiL8f7i507pLT045+ktLMah98jK9n6E+GvTPQ9KyntULy5o/vc+bPrlaklWsmxKrS/7jzL9ev+p570J8AHV80fU/xLraq4179zDIcNH77L3G20VPbqZlLSQtZGwYAAwpEbC4ZwfzRI4yDu390iy3PCMd18rvy/7ehxBOEmtdqzhGa0YXcBIEc4wIcLq5kJZCMYdXDg7ZSJHCZj3UCOY90wkt3J/JLOk7u4UCsuMcWxGeytLJCTPWR07C55CoKy4y1Mp0vIah1L6mrkLmklvorG3WbU0ST7E9sJiwkQh0dvFbKC9mcclaCmt0FOQ5ozhEgpo4RpY1Ge8Rt1HhLk89EO4DRsoVXcYoGkOwSolwuunyxOVNNUPqXeZFGO7shKq7j4hIbwVAw95yByitoZ5XtLRsreltoLWhzQEz8CEKjtglAfMMHsFd0lEIhhqdII4Gtc4Ywok15x5KcAke6pveQm1U0NHGZJDx29VTXC8VFWzwKOMtjThTV1wlL5dm9vZTGU9NRNHikDA9EDzksr6CzulLaiqJOOAVZTOpqZuHPawBUN360o6EllM/WRtsvP7p1JcLjK7VM4NzwCmwg3yWo5Nje+tKalcY6ZxeRtssNcb1X18ji+ZwY7sCopJcS5xyfUpp0n8X7J6rGKOBo9+Usj1XCRhBJOeUa4CjHIQkY5Qzylk+qCjGdCTclcTUaWSJZEmJISJvAaWRyanJqhXQ3JXEjsubnhRvA0Gkl3wk4tb9RAAQuWA0s9CSO25OAqO69Y2e2Fwkl1EdvVYS8fECurpJI6EOii/DlL3mqrSTnyz0G59S2q2BwqJwCOPdYm8/Eeol1R2suYQdnkLFVFTUVMhkqZnPcfUrkUbnnyjKjbZ0IaSFazIkVlzuVxkMtXUySOPq7ZRmQul4BWjtXS9fXNY7wtIO5z2C19r6Tgo2h8haXfZVyX/Jqo4iYKg6ar6pglZESO4IWrtvRUEZbNVhpOOFq4IGQN0MAA9giaCqSMlusnZ10QaehpqYBsMLGgegUsAjG3C6GHKJpGB2RiJScuxNJxuu4ynNXVBLA4C7jCS4eFAhFDPKRO64S3G5wFA1yLI9Vx24Iyo1RW0tMMum4Hqs7ceraaIkRPO3uglNIaqJy6RopXCI6ncKtq77FTNJY8ZCx1z6xdL5YyTn3WfqbrVVWcuwPuk2Wm2nRTfMjWXfrAfQH8+hWTuPUNRM4+G4791CdHJK7URlcZbpZDkHCTKbkdCuiFfojvmqKg6pXk/muMjcThrc4VlHbgCA79VKbFBBp0R7oJLI7hdFZFTVJ2bDj3UuK3VDjmeQBv2Vg2QFuzcYQy4uPKAGU2wbKaihPmdkorZKYY8NiZ4WoglObHx2VpAuX7HESE5iaF0GU/W5Ebwlpz2RdgbsjcOPK54WXZJRMH0KWh39JVZBOhjcYylho30rukD8ab4jBy4D81TaRGmxzZdGzW7IniucM4QfGpxuZQCEN1ZTD/iD9ULmkH8cn6D6yTuiBmRnKhm5UrfxgY90N17oAMGVV8iB+Of6LEjOxeuaB/Uqh17oyciTOPdDN/pSOTt7qfIH8Nn6Lvn8YXQ3HdZ53UNMAcZyFEPUpzs84+yp2F/BZ+jWac8H9lzSP61k39TvDfLkqP8A7SSnOdSBzGx0036NmQB+MIRmaO+fzWMnvkzuJHfqo/8AEap+f5hVfIH/ABJG6+cjAyXDCC660n/eDZYf5urLt5SneM4D7oPkDWk/ZrzeKQfjQnX6mH04z91l2vTQMKnYGtLF/kaN1/IO2MfdMlvkMselsWXnkuCoMlLJ9UG4L+NCPKRJll8R5dnCa07/AFFCSV5ZahFeiS1wI3P7peUqPk+qWT6qZZW1eguB2ASx9kLJ9Usn1U+UskANG+yWx4wo+T6pZPqUMrMkXYbGFzA9AU1yQIzwpGxoNrIg05zhGD8BMy3HG6bnJVue5g7Q2cpJrCnI+ymdyVxJJVgrA9JMSUwTA9JJJWWJPHKYnjlCgAjQMcJYHokD2XURZzAXDjGy6eEEh2VTeCjrjgEhAdORvjCkYPom+E3u390Eo5CTS7I38QiDsEo0dwgdgA7p5pqdw3jCC6207s7EJeGnkpuL6JsVUHNy3cFGZISAccqlNuqGu/lzHT6ZTdNXGdJL9vdVva4KVal0z9hkkkl+TT9hiSSSUIOT0JOUCTyJPSTFCxJ6SYoQekkkoQSSSShBJJJKEEkkkhEiSSSUIJPTE9UUxZTiARg8FNTwcKmsiymLH2+pLHbxSElp9PZTGt8VSqimiqIzG9ufQ+hVXSTPjldTSnBbwT3CHoKMuSquFNJS1JljyCDkEK4ttZ81AC4jW3YolXTNqIycb4WfaZ7bUGSPOnO49kSeRje5GqXWqHR1cdVGHsdnPI9FKDtjsmCnwPyPVdQd85RRuFCg0ZG+6ZVUsVXE6GZoIcMfZDGRyUQyjsFa7KZ5BeaW6fD++fxCMudRTPy7SOxK9Rs9zorxQRV1HOHteNx3aVy8WyC80MlDUsa5jwRuM4Xm1qqK/wCHV7db7kHPtc7tMUg4Zk7ZT4ywLlFSPWQcHIKedxpzsodNOyojbLG7Ux4DmuHBCls5wtldm3lGK6rJ4H8a/hc+3um6xsdKH031VbGjzNJ/F/mvGJYqesidT1LAWuGxI7r7ikjjmjfDNE2SKVpa9jhkOHoV8u/GD4Zv6KuJudC7NqrHFtOwDaE86F9N+k/qLGNPqH/g4es0m/o8khmqLPVfK1Gp1O4+Rx7K0lI0ZHBC5LFFWReDMATjYqtp6mWimFHV50ZxG8/5L6xTYpI8vqtMoPDKe8WmXDp4eQckeqhUtfhvhzZBBwtrU0zXxgH/AOasdc7VLFO6QNwCdsLb9slyeR1tFlFm+oZcbfSXanMchGRu1w5CxtwtNTbX5f5ozw4LTsfNE7G4IUwRRXGB0c7AR32QtbWc7UaWrXQw1if7MIxxxuig5VtdunXUgM0GSz/JUp1MOCCqPI6rSWaWe2QVJNDwU5QwYHJJqShRISHKZH3T1Awg4XUIcogIwoC0dSSSUKEkkkoQ5gJEDC6koXkGR6LmCiYCRAwoXkGkukei5gqFgUkklABqaQMJySANgiN8IL2ghSE0tJSZRa6CjPaQ4Zqy31UdbQzGOWI5aQcL6U+F/wAS4OrrcaOvkDK+laNQJ3cPX/5fVfOLmZ4XKKpr7XXQ3G31ToJoDlpHf2K5PkdFHWQw+z3P0X9Zaj6Z1HOZVyeGv/Y+y2SZeEc6XgYIXm/w0+J1F1dStoa9zYblGMOBP1+4W8MnhleH1FEtPPZPs/VXjPJ6fyenjqdNJSiw5JjIHZEa8PaENr2StBB/JMLHsOWkpTWToZzyMqIQTloUV8ZA4U+GUSbOC7LC2TcbIlwLshvM5W2qKoJIaD7FeX/EP4X22/08j20+Kn8BA7+69lqYjFyOVW1FN4h1Y39VrpuaZxPJeLp19TqujwfEdxtl46OuTqavpnxxatO/Cs6G4wVQ0sdg4zhfS3WHw+tHUtJKyqp2mVw8rvQr5o6v6Iu/RFyc3Q90GrLXBvZes8d5Hd/p2M+BfVH0XPRTd+n/AA/wT8gg52QTG1wO6rLfeGVH8qR2HdirFhOec/mu45LHZ85sj8csEaSItdlmyNRVk0LgJPME/Tk5chzwggABSKwKbUuC9o7iH4BI3VhhlSwbgLGxyPhcCCcK6oLo1haHFMU8iZ0vtEqsto+prVTz0bmO3C1UNTFUsw0ZyotTRNfktTEBGbg+TNuBYN9lY2m/VdF5WOy0HgodXQu/CMKA6F7DwjTDli031Lc6e5U4yG6iP3USqgx22WRgqpoCHRuLT7FX1BeDOAycjPGSjUsmeVOOh0gcCOyl0N1mpMDJOOCDgocjWv3CjStwUxyQmVanwz0Cy9T0s7GwyyYdx5itACHgEHZeOxuexwcx5BC01m6tdRlsVU1zm8ZRqWTJqNJtjugbmVpCjl3IOyJTVsNdEJYjsRwhzsccaNimmFxa7GteTkk4Q3PKF4jWTeDPJpICe4g8cJbWRi4eSvu1riuMLstAkxsfVecXi1y00xinj4OQcbFequ4VTdbfBWxFkjd+x9FntqOjRe4dni1fQTU0peAdJOQQjUNbqxFKd+xWlutBLTzGKWPyjg+qzlxtb4nGeEbHcgLn2VtPg6kLVYuScTlBkj0u8Rn5hRqGt1YhlODwCrIBpCWHyiM15JwQnvjDlySM5yE9rsdlfXRB9DcKuz1TKukkLXtOdjyvbOjeu6W/U0cMzg2paMEE8leHSgHfCJbrjUW6pbU0zi1zDnY8p9Uv2ZtTpoamOH2fTTmCXG2FFdNDFVilmOnVwSFkekevGXcMMrw2QABwPK276SC7U/ldpcN2vHLStKeTzltUqZbZFTVW+S2TGsohrgcf50Q/zCy94sbxXMv9kDoKiE6yxv4gtfBVz08v8PuQxONmv4bKP+qK+gbHKXxHGeW+iIisxwU7H2f4l9NPt1WQKxow7bDo5B6FTfhL8T7rYbgegOu5iKyBp+TqJDnxmDhhd7dlS3O01VnrTe7M0jUR81A04ErO4+65f7NQ9fWGGvpXaK6HLoZGnEjHDGxS8ewlCFsXXZ+Pp/pn0eyq1bAKRFIcheIfCD4qVFXKei+spTFeqfZj3/8AH98r2WOXIGyYjkX6eemltn/0fpotWSZCO1wcqqOUsICmRyAgKCCWkg5yuq8ECruSuJISBATlPBGENLJUIFSTMhcJB7qECZHqlkIQPqUh7lQgXISQxn1T8hQh1JcyEshQg1JNSQkEuHhNSUINPK4kkoQcSMcoTu67k+qYTgajwoQZ/wARFBBbjIwo+cpuT6qFp4MB190SGB96tMWHDeSJo2PqQF500b6XDB7j0X0Q9gkbpduDsQvNOu+hTCHXW0RbDJkYOU2MsG2i2PUiN0f1a+2vZQ1L8wO2BJ4XqEb2SRtkY7LXAEH2XzzDVNB0PBaRsR3BW96M60NOW2uvl1sdtE4ncKwba08yiejEoZJXA7UMg5BQkwyNYCnhBf3TtXsundGUV9U/B3CoLtR4cKgNyfutJUxatwOFW1TA76goOjLHBRU9U5xDSESut8VfAWTY42ylWUJiJngB9S1cgqssw47hQan7MNcqMQCotVdADTT5aNYyF4ZdrZW9BdQEyHXQ1DiYHDgDPB+y+o7tbobpTGB7Rqx5T3BXlfVllFdTVNlr4B40TS6JxG49wk2170dnxPkZaS3go6CvFTHHVQOwS0OBBU/qO1s6gshqYmjxoRkkDkLz2z3Go6buBt1xDhC84Y48Ar0i0V7In+E7Doph67briazR/buR90+nPNQuSrk+zAWSpfE91HMSHNJAyrbBjlDsbFM6vtRtdyFZC3DHnVt6J8UzK2kEjB5gMrhygfQK7Morr/bfFArYRuNzhTulL14sfykp8zdt0almbK0xuHHqs9doH2qqFZS5ac5OO4WWawx0XKEk0bS5UTalpkA3wspUw7Hy8LV2iujuNDHM0g6m7j3UC9ULWDx42bH6gEId0fkXBkJo8E7cKHKPZWVQzc7diq+RpTos5F9WCDIMlR3tU2Xn7qLINkZyrokOThQ5uVNm2JUSTlQ5ty9EaYYIQ4ycoj0E8hUYZPayewjGcoqhRu3G6mN+kIG8cmuiW4tbPMQ4Mcds7K1qcSR6QRys9TSeFIHnj0V7IxzomyN3BQp7uDt6eeY4IocaeZkg7LRUkwqIg71WfnG4U21VOZBCUGMcm2mz7trLJx0OBCtrfVFwAKgSwDGR2TYJvCkGUixc8HUonslk1ML9QypUTsEbKsopBMwHKmsdntwlYOrCzdyib4+BvunRvaDu4HKhg+pXN/6sIHHJqhZxgVax9K/5iLPqplJVipiDxzhCdIJY9DhnbCgNM9JU84b/AJqsItWYZcubq7qE8PgqWyMBxnfCkRTNcMhdmp/EaNPdANjInU9SJMjYoc7AeAoFJIaWpGo+R2ytABMMgoO0aa5Z7IzJXxOGFf2u5Na5rJDjPCoJGFjuEWCYNcMpFsMGyq3az0KmmD2A5B2UqN5Dhssva7iAwNyStFDK2VgdhY58HYqtyizhw5uSRlNnjbIxzHtyFFjlc1wwpjJWuA23CTn2al9xjrlDLaKttRECGk59lrrTdqe4wNkjfvjzN7gpVtFT19O6nmYMEbH0Kwsrq7pi46m58Nx/IhXuyIn9p6U9rXtIIzlef9XdOut0wu1BlgLv5gHB91s7Rc4LlTNljkBONx6KVUU8VVC6CZgcxwwQQhbeRa5MfY7yypaxmRqa3dWFdQsqmEOaMOH6LMX20VHTVe2op3HwJHbe3sr+2XH5ula/IJ7ooybIY262ye3zuDm+QnylVsgJxhejXGjiuEJjlaONvZYi4W2a3ylj2nT2Kc1lYEtEKOokppGvj5XrHw+6skqGtoaibW3G2TuF5M8A4J7KVaLq+gqg5ri3J5WG7TqZrpu+N8n0k1+2cbFEbNk4IWW6U6niuVKyGeQGQDAK0g4K411OyTOtXapolNOUjsgwnfcqQHZWOcTQcBOUZpyMlBxghGj4CWWgczDkHHCJTTnUGkcIhaHtxhRZGGN24QAFvE9rm4yASmuG2VApp98ZU2OQEbqACiJLsZxhSGoT24GtmxH7p8Tg9uQgAHpJJIRQkkklCDVw4IIIyF1JWuGNMze4DSubVR/SXYI9EwESRteDyFbXeAVFI6PGc5Wfo3luad53ZwtdYbC6cE5XmXxHtckcwqWtGOQV6fKMkFUfV1qF0s80bWjxGtLguno5uMkzFra99bPCrvTNraMtI87QpHw8vJpKo0Mz++BlPraR0ezCXBow/wBiOQso2Z1vunzMJxpOSF6SP+ojyG/4LFI+iqdzZIG6eMKXbZyx7oHn3CznS12judsilB3LQrd8nhTRykZGcFZL68dHptJqN6yaVji0AkILnkTA42cjRSB7W4HYIUrdtYGcLFJHXi8oeSXITtgUSMeJEHd0wtODgIIob2Vd1Z4kBAbuFEpHvfTBjz7Kyn0yAgtVXT/y6h8J2adwnx7FTXA4tJBOVgfiRQRmmZVafPk8ey9FOAdOd1TdSW6Kvtc0BZl4aXNPuu74u912I8v53Qx1GnkmeGQyaZASNypNS3U0EbKPOz5eqdEfwlHkeXxZxsAvoOmsViWD4Nrq/ilJfomUFUWtEZG4Wks9QXTDJwFiqWcsn9QdlpbfKWYcN8LXOvKJ47VyhYsG3ilaSC3CtKCqHihrjss1QyF8eondSoqoxPDsZWC/T5Poeh16cMZL+v0tGoFRaOoDn6dkdoFVR5zuRsVSQl8NcGP9eFybqtvB1qtU8o1MQyAcqS1/bChRvBARwRkHOVhawduqe5EnUSnoI2RG8peDSuQiR4XARhIkYVDgbu6AeT91Id3Uc8n7qFA5OyE9FehPGU6JnmMVWfJWPjxs4ah91aOGQQqus/lSxy/48E+yqTyBIkaieSuJZBJIXHHARqPBENQ5+F1zhnlDl3xgoNnIMpJESpy3z+ieCdAGUOpH8o/dPaQWjHomLgzWPIFw5Cj0rtUr2HYhSHEAlQ2Eir2OMlRCSTUHGFDrfpKmz7YJ4UOfsmLlCreitGxx3TMYKeNq32ITJx2CYngw29mB+LWTZ3ntsvHWcfkF7H8Vd+nge5K8cZx+QXd0LzWfDvrn/wDMf+gxqIeENqJnCdLs8aDj+oqUzhBjGE9u2VogSfYXX7Lo5QBISdgjA5GVogTOQo4CbkpJivoA7qPqgTHfAKIOVHdnx3HskzlkOKHvOIXO7qvaS6TKlzHDMZUaEZcsrllhImxABgwnrjdmrqNyyin2cco0gx3T3cIOcuUDjwgtOwE7qbsAAAgwR4buEUYHdUIn93RxEiaSRhDHKl0zc74RQXsCcsIl0kQ2yFYtcGt4UanZp5CLUP0MLk9cGOxtsZPPk6AOVJttMMmaRnfAyoVHC+pnD/wt5yr2JgyANsKHc8Zo8/eyTC3JwArSni0gHG6iUkOcEhWTBpGFD1tUVFZOnyglVFTI6SctBz/opFwuAZ/JiO55KiwswA93JUJOQ9zhCzUfRecX27VFxrHmR+Y2uIa3stP1befkoxTQu8xGSsMQ6U6iEmx/o4OutcpbfQpDnCPE0eUqOAc4UqAHZVFZOXLGCQwABPe8MGSnNzoKh1TxjAKuXBnxyRqhzpZclPY3DclNY0Odk7psz8AAFKk+RsVxwDkcS8bqRGAGhRWHU7dSMgN3KLI3sbO/QM+yr5Hl5Rq2T/h53O6C3ON1ksnljoxQmbnC9C+GvTMlwrPnpmfyWnbI5x2WNslukuldFTxtJBIJ2X0R0VZGW2gjjY3GAAf9fzQKW49Z9M+O+a16ia4XRo6KFkMTWRM0NAxhQ75XOGmjifjbLt1avLKaB07z5WgrLAura0l2SXnKfXE97dP4oORYWahy/wCYe3bgLQxRknjYKNQsADYmN4GFbNhGGtAW+pKKPCeTsnc3F9sPbqUSO8Z7c44Vq/DQAFHjc2GJrWjGyYZwBv3RSngzaHwsd2+yIZ0pYMJkEb5XIIf4kjR6q8o4PDAOncrFqL1Hg+jeE8PXOSm0HpKVsTBlmEd7gG6dt08ENbxjCivy92MrjX3bmfRaaVBLCGlhe5T6SDdp0/uh09O52Nsq1pIA0AkLDKWTbGKHw0wwCG4U5jQ0DCaxoaON13xMLNJ8j4xWB5IHKjzShwxsuVEwHHoq6eoGMI6k5PBxvIa+GlTchVM2+MhV8spylUSEkHdR5ZARsF6Hx+kbeWfGPq36nbraiwFwq2U8etx3PAHKo6O21t5qjHTM1yPOSFaCjqLtVtpYIy5x2+y9V6R6RpLFSNdJE187ty48hehrxRHB+dPM+Seqt7yc6N6TgsdGxojHjOALiecrWNYGDACY1EQ2T3vJwJS3MSSSSQCJNyU5MJGMKEH5HqkcHugEnPKWT6qEH4907IzhClqIaSF1TUv0RM5K+ffiD8arl1VWy9N/DN8jY9xU3Jp4b6R/vnf0TYVSn0Orplb0ar4tfHmz9GtdZOn4zcr2/AZG0Zjj9nrC9NfCq/daXQ9VfFSvNTUY/k0oeSGNPGymfDH4R0VmnFTV0oqK1x1Plk33PsvcbbaDAPOQSedkzivhj7bYU4rq79sr7ZbIKWFlLTNIY3bCu4KLwsFS4Y2R/gb+ieRlC57jF28saxjWtwAnYCWQNkshKwCdXDwmrh4VkEScrmSmEjJTXPAChB0smkgAoUtUI252QnvxklVlTV+I7SwE42UCD1VxOnQ0jdRI4Jqxw0NJHqpdNZn1TBLUeUnhXdPSx00bWMaNhz6q08EK+jtBiAdIMKz8MBuzeER7/CA/zVFd+oWR5p4Tv3KHLZCbV3GKlB1kKhqr3JVHTG7ZQXyz1xwXalIorRKDl+2co0kuWQE5s8zstZnPKsKK3uyC4YKmUtEIgMBFmlZTM1k4PYBWp+iBaeFsDNR2A3QKi608A0RnLlXy3GepHhA7d8d/ZWFBZWuaJKnGTuBhHnPJCK6Wqr3YjGQVOpbR8q0S1BUuX5O1xeISG47LF9S/EWOMupqFxJAxkFXBZeC8GkuN+t9siy+QZHAyvOr/ANbz3Bz2UupjTtn1Weq7lWV8rpKmUuHYeijZC0Qp4yNjE6XOcdROSVxLIXCRhNUUiJHSUMklcLhnlCJyifA6Mf2P1H1XEJcyFROuDqYlkJqhQkxJMULSyNwU3BTycJoOVW8ZyNTcFLGBk7YQq24UtBH4lTIBnhW5YG11Ss6CkY3OwTJqiGEZleGj3WNv3xMtdLE6GhAlk+ywF16ovN3P8ypcxh7NOEDnk21aGdnLPRr51/bKBxZA0zOG2xXn9z60vNwkdondEwngFUbWuc7LyXE9yVMioJpseCwk+gVnTq0lVKzIjl8tS7XO8uJ7uOUWGB0uzAT6LTWboyoq3NbUNDNW+PZbG29PWy2tDY6djnN7kZUQNmojWsQMTZ+jKuubrqWiNvutjbOl7ZQBhMIe5qvGxZADGhoHYBdETgm4Rz7tROb7BMYGOwxoA9BsjBpLeE8NweEQAYVYMr57I3hnOcIgjGOMomjdOAwhD4QHwx6LoGNgjYbjZAc5rclxwFWSJo6kodTeLfSD+dOAs3c+vaaMFtG1xx3VbkNjVOfSNYWhoLnHACgVtzo6cZdMPfded1/WlyqjhjtI77qmqa+tqDl8p390O811aJy5kegV/WlspGEAlzzwAspcOtqqcubTamj3KzxY951O3ThCRg4SbLTdDSVw5DVN4uVZ5ZZzp9iojw6QAEn7qU2Frh9OMe661jG+myS5NmiOIcJEL5XO5RW0ZG+UZ0sbDjK6Kqna3OtLci3JyBNjAONKKzyjACA+40wO3+aEbnTjshcy0pvpE7c9kzG+6rn3vScRMKA+8z+nPoq3h/DP2i8al5Ry4BZqS6VDuCVGlqamQYMhIQOwtaeXs1jqimj+qYIEl2t8fM2VkXyvHJJJQS1x5J/RUrGx0NIpdmwd1BQM/HlR5Oq4W/3Az+ay+Mg5H5pjWb8cpUrJ+hn8OCNBN1XNjMYA9sqM7qiud3VYIfblIw4GVXyyGRqrh6Jj75XSn+9IH3TTcKlzcmQ5+5UMR59/yTi0/wBJVOUpBtVP0EdXVOT/ADD+pQjWVH/eH9V0xH+goRYcoW5lKMEENVO/Z0hI+6Rl2GQh6D6H9F0A+ipbvYS2oIHF3BS839SGNuV3U31Tcsamh+D6paR3SyPUJZCvJeBuAkjYyuINxWRpY09k4DGwSSVZKEnpiehAEkkkoQSSSShB6SSSgGBJJJKAiSSSUIOSSSREEkkkoEPyeEkklCBAeyeCMIaWSjBHJJJKEHpJJKEEkkkoUx6cmpyFi2dB7Ig4QxyiDhWijq5gLqSshzASwF1JQgks4RUlCsgs5XEZJC4plcH61pJJL8jH7FEkkkoQckkkoGJJJJQgkkklCCT0xPUIJJJJQgkkklCCSSSUIJJJJCJEkkklzIPSSSUQI5RK+jFRHrYNMjN2uHKlroODlWAVVFV/MM0uGHN2cPdCuFAXRmQDKLc6QwzfxCm8pJw9oGxUimmbURAnBBUDXJn7dUmjqDC7grQwPEmcKrulvGrxIm7jfZK3VXhnQ7OyMtousb5XRymtOoZXTuiFjn7gEIOo9wixnsd8p0kBa3W0ZUIMa72VffunqTqGhkpaljT5TgkKYyTJ2CM2bTjZXlkSPOOmr1W9H1o6XvRe+FziKWRxzt6ZXokU2vG3Kp+qumKbqSidpaI6uMF0MndrlR9KX6vgqXWO9sLauBunJ4eB+IJsLGhVlakb1pyCot2tlDe7bU2uuYHRVDCw+oTmTBw27rrc+q302NPKMF9J8mfEHoKp6KvElE9hdC4l8Eg4e30+4yFlKihhr4PDeQ1+PK73X2V1d0dbOt7HNZriwZeCYpMbxu9Qvk3qjpW89I3WW0XWEsmj3aQNnt9QvsH0z9QfPUqbXmZwNXo4z5ZlYKqoppf4fctnt2Y/s4dk2404kYSBlWksUFfGIaloLm7AnlQHRyUzvlqgksP0Px+xX0Sm7csPs8rrtI0nKHRmaqlBdkN7YVe8zUzmvbwDg7rT1lNod5mjBGx9VU1NLq2AW6KyeU1NDT3R4YyKobUMLHgOB5CrK+ywVLD4eGO5yAizQvpnBzCR+aO2fLRkbq5QwcO/Fixb2ZCtt1TQvzIwmM7NeOChRvzsd1s3mOQeG9gIO2CMhZ272GWkD6mkGtnOjuFW1nG1NEUswIS6OVFhqCTpIwe4R2v1BVg5eM9BwRhLI9UPJSBOVCshV0HsmN+kJw5QBBBwurgPZdUBY9JJJQoSSSShBiSSShDmAkQMLq4eFC0DPKS6Qc5XFAgKSSSgA1NIGE5JA1kJrIEgZTNIRyMd0zBSpw/RcHgjEVNPOypoKp1PKw6g4DK+gfhx8TI+roRbbrKI7nGA1oP/ABPzXgrm5Q45amjqY6ujmdFLEdTXNO4K5es8dDWRw3ye3+kPq6/6a1C7lVJ8x/8AY+woXFuFKY5j2hr915J8Nvi8zqONlnvz2x3ONuDk4Dh6+69MyQM6l4e+iWmnsn2fqjxfl9P5ehajTSTiybJCIxriCUU+4BCHS17Q4QzfkUeakz/MhPO+Eg68duB8scc0Ra9v2Kq5abDcYUltS+J2iVpx6ogAmGQMJkXhgWVKZSz0/O2Mj1VJeOnaS+Uj6GvYHRuO4WtlpwTx+6iyUeDkD91phc4s5up0ELY7Jo+RviZ8Hbj01VSXKwQPdTNdqLR2BWNtt8BaIKoFsjTpOeV9u1dviqGls0YId2IyvEPid8EBWsluXTkLWPbl/h5wM+y7ej8jJcS5Pjv1X9Bxm3fo1/lHlTJteC0bFEJ8QeizZddbBWGjuVNK3B0+YbfkVZQ3Fsm5GF6GnUqyJ8a1OjnprHXNYZMlYMg4Q9cjPpT2zBwyugApucdCWmlgkUlzqISNxgfktBSXGCeNpLxk7H2Kyj2Y4C7DM+B2ppOfumwtxwzPOvPJspKdjxnA3VZV29rfMEGiu0r8NlcrWJzKloyMp+4Qm4cGedFpdgDGEJ5Me7VpKi3ROblrcFU9VSOjdjGyYHGan2FobnlgjmPCnNmbIMghZ/SWbokNS7Vg5/VRTwR1J9F5se6GcjdR4qluACSpLJW43TIzETg0Trde62geNEjtPoStzaeoqa4tbGSGygcE8rzrAO4TGyywPD4nEO9QcJnyMzT0u49XqoYqmMh4Ad2Poq1tS6KQU9QMOGwPZyp7J1XG+JtPcHEPG2r1Cu5ooLhCHRStPdrgdwUxPJz5wlXPbJBHuJB7YCiPJdnKHSVTxIaSrGJW/S48OCkOwzjuixkKKeOCtrrbFXRlkmx7FYy40MtLIY5GbDj3XoBxg+6rq+iiq4yx7RnsUi2pM003uDweV3SgEDxUQt77gcJ9HVCZmAdxyCry4UpikdC9m4PdZ6uoXQP8aDI1Hgeq59lTT4OxVYprksNI05UfJa4ghco6kyQ+bchGIykBsYDlMAATwMLqaUEoKye3Tiop5NLm7/det9DdeMrAyKWQNkGxBPK8clGcIlHVT0M7Z4Hlrmn9UyM8GbU6aOpjhn1BV0lt6hoTBUNzqGxHIKpae4TWSqba77rcHkiGrAy1w/C1x/q9Vluh+uW1TGQzyYkbjYlekPZb+pqE01UAYyN8fUD6j3WhPJ5q2mdE9skRS1j8hzQszcaOp6frP4pbmn5Z5/nxjge4ClVdTcuiauOjvJNTY5naaevIxJCewkG/657K/bFFVQ/hlhlbzy1wKLDKeUs+jA9YdKx9SUsN4s7/AAbpBiSCRhwXd8ZW5+D/AMXf4r/9afVJ8G8Qfy4y/wAvjY7f83p6qp+RmsdS7SXGke7Le5jPt7Kg616Jdcmtvtmd4Nwhw9r49teP9VMMdGcNRD4LevR9LCUFHhlIIGRuvCvhT8ZG3J0fTXU/8qvZ5Ip3HAlx2Po5e1RPBYCDnbKhx9Rp56eW2XRbMlDu6IX4VbC8tcDkqUx+oKCCVkJZCEHe66CcqZISkkEcLqvBA2SlkriSEgs4SzhJJQg9LJTElCD8lLJSSUIJJMSUIJJJJQgkkklCCQ5IwYzvuiLoOFZCBgg6TyurtbC7JlYPMBsolNP4wIOzm7EFUQmIb9MrDG9oIcMEJ47pgd7KFrg8o6+6JfRyuulriyHbvaFhYpyDkHS5p47gr6NqKaKpidBK0FrhjdePdd9Gvs9Sa+laRG874GyYaqbM8MveiesWTMFsr5T4p2jJOxW5ZJnYhfPsU0kTmzRO0yMOWkc5C9Q6I6zF8j+Uq/JVwNAe0nn3RtZRdlOXlGwRVHyEXkIkjO1gUgDgq2sj0gkBWHc7oFSAQERRTS/SR7KlnYYpCQNicrQ1MQzsOyqaqLUcEKDCPHMSADyoHUFkgvVNg+SePeOQcg+h9kc5jdh22EUSuZhxb5DyVAoNp8Hg/WnTnzGqCohDKmLODxq9wquwV82TQVJIkiHlz3XtfV3TcV/pDNC0CaMEtI5K8Qu9BJBXFzCWTxnDu24S7aVasHrfE+TlppLBsK2kZfrQItvGjGASsXbXuoquSimOMOxgq7sd5eNBe7DgdLlF6zteiVt0pwQ1+5x6rzes0vxy4Pt3gPPw1MVCT5B1lO+lmErCdLtwU+SKG4UxbI0E4TrRWC6ULqSYh0jRlp74UWJ7rfUmKXJBOFxbo4PdVyUkVlvq6ixXLwNTvBeeCtyYo6+ly1ww9uQfRZi924V0HzNNjW3fAXOlr25zfk5tnN8pBKzlVTjGx1yfBGutvlpHlr27evqqedgAW+u9H81Rk4y5u6xNbBoHCcngXqasrKKeYYIUV6my/VhRXph5/Ud4IUuyhzf6qfKM/ookrSdlDk3kSThQ3cqZJwob+VDnWPI6IkEAlWbfpCqW/UCFZQOGkboBulsw8Epuy01sPjUnhuIPosyzlXNmn0zAE7JaO9pJfdydqQIpXR/uh0khgnEgUq8Qls+sDAUDOUMpYNzeyXBqqapNQM45CZOxwOWqrs1W5snhuOQrzUxwOQl9m+qz7UybaKkgiEq6bxn1WXikNPIHBX9DUiaEPQbTp6e70S84SXAPRdzhBg3JjmOI3ylUN8SMkcjcLjU9wyMIQyPT1LmuAOyt6acPAyAVRTtLHZHCl0NQGkNxugxkZVPb2T62j8RviR/cgIluqmgeC/Z3ui09RnkZUaupw3/eIRg98IXHBri0TZmAjKhnLDjKkUdU2qhHrjBQ6iLABwkTjkfGRMoKsscMlau314c0DPZYFkhY/jGFc0Fw8IAuJOFmnA10ahqSTN1E8OaHBHZMQRsqy2VAkhDgc5Vj6HCySi8ncrmidG/IBI5UW62eC7UzopQM4OCnRuxjZS2O4QDJx3I83oqi49L3b5aVxEZPlJ4IXo1tucNfCHscM43CrOo7DDeKVw04laMtI5ysZ0/1G+y15oq7PldoyfZQzNODPTK+201zpX01UwOa4HBI4PqF5pM2u6UuZhl1Gme7yuO4IXpdHWRVMLZoXamuGVA6kskN5pHRvYC4A4+6nRS5IFK9lRC2ZhBD25Ci1tJHVRmKVuQeD6KhslVV2S4Gz17jpP8Ad5PC05IkR5yWYa42uajkI0ktPBCqZYXA/St/XQeK3GOyzddQEHyNQyWQZd5D9H36SgrmxSu2PBJXt1pu8VwpmvjO4ABXzfPqinc3GNPBC3nw+6s+Wl+WrpPKfLn/ACWG+vcsGijUqMtsj2Rp3BDlJa3LRuqunmZK1skb9TTuCDyp0UpwFybamdeMiS1GaorZ842R2yBwKzdMdBr2SGkeq5NH4jDnkoLSdzk7Iscue3CWSaIQc6J+n0U+F5c0FBqIGuOpowUKkmJeYnHjhC1kW+S1jdqBBTGudBLpO4KbER6p5HiHcIMAkkHKSHG/A0O5CJnKoAakkmuGQgbLO5Hqkd0HzZzlGBGFMFtYAPYScHdZe4xfJXLXjyy8LXOGVQ3+idLAXBuXRnIK11MsiCQHJwuYEzHMI5BCBTyNdG1wPIRwNtiujQ9ryKtW9YPGeoaGSjvlZRyt0tqAXRjG2peb3CmfDVPZINwV7l8UqAwspL/FH/Lp8Ry/6FeU9W0mmeO5xN/lzsB/Neh0tuVhnkPJUd4Ln4eXowSfJPftnLV6gWioiy3uMheC9O1pp68Oa7Gkg/de4dNVja2kznOAE2+OVlG3xd+6G1l9YKrxY/l5T549vurOVmRzyqCncaKvEg2a7Yq/8XxRxhc6xYPRVPKAtPhnA49ER+NBOECXyuBT2Pa5iQzZAjSMOThVFUwxztk43V3M4A8cqtujR4OoN3ByijLLKlEA9xNQx/YodQR33CRP+6skxkhOlGuEOG+Fu0trjPJz9XUp1tHjPXtp/h11dUxR6YpTqwB6qnD2vpTj8QW/+JFtnnoWVbOGHBC83pZS3ye6+heI1G+HJ8M+qNF/HtlhYyKPLH4cN1obLUCV8cbjv3WelOJiQrOyPAqgSey9DCW5HhqrfjmbWjmAkEYwBnClTNOdlVxgska/Cs3/AMyAkclSUEz0+k1acUi2tdwZoFO9wB7FBuzSHiojbgjlU8Mxp5W54J/Qq/mDZqbzbkhcnU0ZeT1Ok1m+KWeiVSVJkiYTjOFPhldsFn6GTTII3HZXcLwdhuuTbVg9Xo798Cwb9K6w55QYnN2TmnzBZdqOpCWSRkpAnKaCuoDUPOMKLIjvPohuUBl0Rlw4xulJyFx5yBhGZZPLGF2QQq+uYfD1AZIKnqNVtDoi075CoCUsEaMgtyDlOkGUGlP8kd9yj+IAM6UzAG8r3VZFR4LtsozneXPKgV4xUB7dlJjOYwPurFynkZKdaZA7JO+cFOd9Sj0pLHzNP9ZQgj5xh2xwoLnaKpvuVKqXZf6KJI0eI12VYlvBPqd4C4Kvqt25Vg8g0I9Qq2Y5Zyj6M1kiC4/7y0psnGE1/wD2ln5rku+yYZLJZMN8VT/7jAxkZXjjOPyC9g+KzvDsI75cvHmcD7Bd3Qf7Z8Q+uf8A8xX+DrVx/sujugZwVoayzx6WQ7dmp54TGnIT9TQeU+vhYBnwxNA2RG9kxnZPWlPBTeQg4QzyuZxtlMyPVCCPPBQHEDJ7lPHBUd5JzukWSwh0FkDUSZOB3RKMEnPGEFzQXcqbSR4ZkhZa3mWRk1gNjAAQ5OyI5Dk2wnuOBAKR+RwmU7cv3Se7fCJTs82SEIbeCWNmphJyn9kM8qMDA+MEnZWVEzcEhRKZmXbhWUIDeBwjgjNayW0AN3OFDllfPOIwNinSv0t3KLbqR73iZwwB6pxKKJXSwifRUvgRNaR5juVaU0XmBwgNbkgAKyooNQUPZ6On460iTAwNAIT6iYRtCUgELcqoqagyvOlxKtLJtnLahkrNUpcBzuuVlwjpIRI/snMdjc+iynVF3BIpoCNs5KqfCOfqb4whmRR3etfcLg95OQSgloa3HdDj8pLiNynvBc4JEeXycOV3yPImN8ymwx4wccIEbBsfVTQQxgGEwy2Szwdke1jCDhVkxLpEWrlydu6BGC45SJspIcRhoKizOOfVSpS0DCjN3clTHwOxgjCdK8NaCSiBoDQQFDqTkkZ4U3fbyMinkjOLpZ88nP7IzxjyNGSU2NujLyrCw22W517Y2cA7rJM1aaiWptjVDts3/wALempC5tZM0HI8vsvb6GnEEDW6cLPdG2RlDRQx6BnAytNcZm0sGto4COqOD6zotHDQ0qtFPf64hrKRh3duUS1W9rIxI5uXu/ZQKeN9fXmd+S0HZaugpfINuFuhhIHUyc47USqSmZFGC0blTYGAbkJkbcDGMBGLgW4GxR/Jg5tPjXZPdJCfJq8vAQnkkho4TXHGTlGoI3zSjy5CTddtWT0Gl8duxBIn2qiD3+I5uSN9+yvYw1jRsgUkHgtxhSSQAcri33/I8nutDo46eCSQOV57DZdhjyRkJMOpw2U6CMAgkLDZPPB00sBqWFpG7eFOiaBwgxtI8oCkbMGT3SHIZwllj3nACBK8dimTT4UCapzt2R11ub4OdrtfHTwzkJVTbgZHHqq2WUgrtTISQf8AVAlkAK7eg0WHukfGvqn6oit0IsdI8FpUeCKatnFNAzU93C7HFPdaltHRAlxOCQvTemekoLJDrnDZZn4OojhehrxBH578956zVTcIs50t0jBZ4G1E7Q6d4ySey0TRg/dOauqTnuPITschw4XUklRY5JNXMhQIRQyTwiHhD5OFEskOKvv3UNn6Ytr7reqr5enj5djKpeufiPY+hKTxq8PmndkRwM2c9wxsP+q+eaq5dU/FS7tluBLGPcXRUsTiGMz/AJ8BPrr/AOYfVVu+6XRa9a9d9T/FWaS3QOlt3TrHYa2XZ035Dt/nlbf4ffDMUxYBTinjOCXHcuPqtF0N8MobRprLo5sk+xwG7EjufsvRhGxoDWMDQOMBMnKMFiIyeoytseiJRWimt8YZGA5w5cRypIbhPyEiRhY5ScnyZ3y8gmu3wj5GnlR3/UVzJ9Sl5YAQk5XMlcyEjsiIN8T2TXSDTx+6Y52MqOXg7EoyBTIM7kKJUVkcQ8z8e6jVNY1suiNxdj0R6KyvncKqsccE5DVCEVja25y+HG4iI/iV9QWmCmaGhoc4dypUMccbQ2OMNA9AiZ0glQg5rGgY9FGq62Klb53YKBWXeGlY4uO4/dZyoFVdZdZHlO4CJLJA91vzpm+DTv3PcKFT2+oqHCSXfPqrChsrYHeI9m/urJsQYMNGFbwiESltkUYBA3HspjnsiaC7YBBqahtKzUdyeAq59bNUHBzj2QEJU9w07QO3QKekrbjUYe0gHup9HZBI0SzHBO4GFaVE9LaaUEkAjv6ol+iwdJZ6Wli0ubkjckqovfVVHaQWtkHl43Wc6o+ILvDMFBLvuCQd153U1tRWOL5pHOJ9Sn11hRRc9QdY3C7yvjinLWhZ1udWXHJPdcAAJPqurTGvA1R/QQcJhJXEP6kYyMM9hNXuE179sAoeD6ruSryMUEhOcSTvsmJiSjeSdCTclJMVEO5K4kkoQSSHLUQQbzSBo7rOXfr2yW8lsczpHt4DVBldU7XiKNM46AXO4Cp7p1PabXE51VU6HdhheaXr4l3esc9tJIYmu2WRnq625SF9VO+Rzt9zsgOpV46T5mb+7fFWUh8NtgDhn6nj/JYuvv14ujiauseQewOwTKSzVk7gGxnH2WktfSE7wHSR5/JQ1L4dMjKRUbpnAgbu7q7t/TdVOWjBwfZbmg6OghDXODT7LRUlthpWt8No2UEXeQj1AxFt6HjLg6eMbeoWroOn7fQ4dFA0ux3CtSzgYwn4BAwMIzBZqrJ+wIp4/wAMbV0U7Ac+GFJ8IeqXhD1UFfIwfhe2EvCRAM/i/ZJwAGXP2+yjltIp5I7mYSQay60NKMyzcdlmbp1tShhFM46h6bofmSHRpnPpGrc5rAXOIACra7qC30UZfJJkjsCvO6/qm41mWGRzG+xVQ+pqZx/MlLh6JcrUjZVo5S/JG4uHX1P4Z+WDtR7BZms6tuVSSA8tB91RyVDGjAAQTWsb9RwkytZvhoYR5JdVX1dUf5kpOfdCbFrxndQ5rgB9IUZ1bUvyNW32QOw0w0yXRanwGbAgeu6a6op2bmTJ9FTmWTPmcV0DG+eULnkYq0uywdcKePYDfso0tznP0jAQGMJOAMqVFQv21N/NKcmw3GESMa+qO2MITpKx34tj7qzbQg76B+qI2kA7bKA7kirD5cYcclc+XkJ3HKuRS0/9G6Qia3gDZCTekU4o3kcbpv8AD5juGhXXht9F3W31UaTL+THRSC21HA/yT/4RO4cj9FdFuATlNMhBxj90O3JfzS9FP/A53H6h+ieLFITlzxj7K08X/wCXKZ4nq4/qo44K+Wx8ZIX8EgA87hn7LoslLz/opZlPuueN6FRJRK/1H7BCy0IH92kLVbQeBn7IomHr+64ZG+n7oJNNl5t/Z0W+3AYwF35C3egQDUNBwufMj0Q8F5mSPkbaPwNXRS20f8NqifMt/pK4ZGkYRJpEcpEzwbaP+Cxc8K3f/I8P6KAXtzwl4g9FG0yZmyd4FtP/AAm/okKe2d4Wn8lD8T3K54vuVWETdJk35WzHmmGUP+HWY5HgYUUyE9yu6nf1H9VCmpS5yShaLO//AIYGU3+AW0nykBBYXh2xKK6VwA2JUCW+P9TBO6YgJJjqgAeAVFk6anaf5cjSCp4qn55KO2qdtkKmslq6a9lDPY6yFmsAO+yiyUdRGNT4yB9lqhVkdvyTnVMbwNUbSPsqcMhfyZox2gjlc0+62Hg0Ezhrha0+uFHlsNFI8ujmDM+ynxjY6lP8jL6fdLT7q8qOnKtpPguY5vY5VXJa62AnXHn7KhisjLoCkkfKcHYrmR6qsDVJM6kkkqLEkkkoAJJJJQgkkklCCTk1ORIgkkklZB6SSShB45RBwhjlEHCgI1PTE9QgkkklCD0kklTYpvA5EahogOFcUBkckkkjIJJOSUIJJJJQgkkklCH63JJJL8gn7FEkkkoQckkkoGJJJJQgkkklCCT0xPUIJJJJQgkkklCCSSSUIJJJJCJEkkkgKY9JJJQBCSSSUKkPc0EaXbg8hUk/jWifIGumkdtj8J91eOQ5YY6iMxStBafVQFSw8MjFzZW77gjZU9VTSU0xePod3HZTHNloZPAe7Mbt2OP+SJIwzNB4Rjc5GUNUcCKU/Yq08PYFUzYvDJKsaOoc4CGR24GQiKcXLokM2KO0oSIw5yoLayRayFzB40Lc+oUdkjiRkcK1aQduVWVsNRSyiaEa4s+Zo5woWnglQSBo8wVH1Z0y27xCtoT4dZB5mPbsTjsrETh5GBhSqecAbhTJZmunr78xGKao8tTCNEzDyHDbK0McgdwqHqqyOjlb1DamYmhOZo27eK1Ptl3ZVxtmiOD+Jh7eydXa4sVZWpGljfjGAsx8RuhKXrizuhaGRV8LSaefG4PoVfUson45CmM754XV0msnp5qyHDOZdRyfEl4tM1FXTUNQDDWUryyaPjS4Ej/RRSDpEFbFs/Zr19O/F34SQ9X0hvNoJbdqdpJJ/wCM30Puvm45iDqatbksJY5rhuCOQvs30/8AUFeqris/d+jh6rSRcsxRVXC1SRxZ+uPkEdln6hgb+S3EE0tA7Q4Nlo3HYOGSxQL105HMHV1ET4Z3LW74Xt9NrY7lGTPI+V8Y198DGeGyTyvYOOCquqp5aSTDQXM7Y7K5kjLXFoyMHCG5uoYK6mUzxGrqc+CoYS4ZBAKK2TIw7k8lNqqYwPL250ndRvEJ2xsE1RRw7XsliRFutliqGGalYGSt32H1Kgw5jix7SHDkFbGCZjcNKj3O3wVseQwNkHDgOUMoYMtsK5JygZtrwfQfmnIdRTTUsgbINjwU5hACzuLRzpIKnoKeqBTwEB7J44QxyiAjCAtnU9MT1ARJJJKEEkkkoQYkkkoQ4QOUwg5REsDlQtMFgpI2kY4QTyoWnkCkjJr/AKSoVgCmkDCI5pJyAuaHeiAvsCeUPARk3BQNZBeQJiYXa9Iz64XsPwt+KonbH091FJ/MG0c7ju4+pK8kLThRyzgjbG4K5mt8dHWRxLg9d9K/Vur+mrt8JfZ7X7R9dua14a9rgWkZBHcKZS1UsbdJOoLwH4bfFKezvisN9f4lKfLDITu37le401TDUwtqIJA+NwyCCvD6rR26WW2aP1R4D6h0X1BR8+kln9r2mWzvBq24Gz0FsckGztx2QNe+xwVKbVRvAbKO2MrOkejjLB1zA5NfGMZJR2tY5uWOyPVNewkhWVZiSK+enB4CgzQkcjZXLg3GCECSnD89sLRXY4s599J5V8RfhPZOs4XSPaIqo5LZMZwV8zdT9L3zou4Giu1M5sedLJRsCfQjsvuGelwcgfusz1T0XZOp6YwXSka92CGv7tXZ0mt2vk+dfUv0lRr82wilP/B8c01x3GpwU+Cra/gglX3xA+El66QqJKymjFRQucS18ZzoHusLFOYiNl36NRG1cHw7yXh9R4+113rDX/Y1DcStyOyb4JOSqmmuMjSANh3yrenqoZW51b91oTRxZVtPg4HuiO3dTaO5SQuB1bfdR5WA78qOY3A7BaoyyZ5QUjW0lxiqGgahlEqaZs7dhusrT1D4DlpIVvRXYEhs7uE+MhEq5Q6B1VvfDyNlX6dJIWoDoKuIgHUCFX1FsaWktwEbLhY/ZUNe8FSGVLtshcfTFmctUY6muVZwHxItoKnIwcbooIKqGTHICn004AwValkXJYDk6OArO3XualAY4ktCrS4OXMbZyjUmuRVlas7NfK5twgbPTyDW3zDff7J1DcfGPgVHlkG2/dZKnraimdqikcB6ZU1tZHONYOiRu/PKYrcmaVGOjWyO257KJr1OyVWUF38WTwao6XcA55VjlMTTM047WR7lb4a2EhzQHjcO7rI3Ch8MFkjduFtvEzsRsVDraOGohLHNGTuD3BSLYJmqm1wPNpqSWjeZId2g7j2R4pmyNyOfRXNwt5hGG7+6pHwugdkBYJwaOhCzegiRKaybLcYSDSDlUNOF3sknENIxjdNd5VCg9HVTUc4nhcQ5pzt3XrXR3VUlRTRzCX+Y3Z7M9l481yl2661VqqW1FO4+7exCbCbTMms06vgfT9svFHe4XUVW1rmObpexw5BWSqrfd/htO6al8av6ee4YjLtT6ck9vZUNhvsdxp2VFLNpkH1NBwQV6N0/1HHWwCjri0uAwdXDgttclJHBdLo4fQSjqbffbeyeme2SKRuft7FBp6V9K98JOqL8IPIVFeOj7p05USdQ9Hyksc4me3tHllz/AED8J59VbWHqCj6lpBLB/Lqotpqdx80Z7hXwY5wx90TH9e/DYVzJLzZRonHmkY0fV749Vd/C/wCL81M42Pq+QtdHhjJ3nBHoD/1WuiJbwP1WR6v+HdNf5DcLdM2lrTu4lvkf98cfdCNpuhfH4b/+57lS1EVTE2eB4ex4BBBzkKVG/Twvmfon4mXvoq4f7OX0ObEx2nD+w9vZe/WTqK13ulZU0NU14cNxncFAYNTppUS/t+zQiQZxkIgeMKAJGgjzfujNmbj6v3UMxL1+y6HE9kBrgTsihwPZUQMNwupnKSLJCQkg5CWQqwQMkg5C6rwQKkhJKYIFSQklMECpISSmCCSSXMhWQ6kHEcFcJCGVTZCQ4Nd+IKuq6RzXfM0+zhyPVSW59U92COVRCvgrWyt+nBHIRs+yiVdG6KT5mm5H1N9U6CdsjS5vbkeihCQ6bDsYUaspIrjTupZ2tLH7bjj3Rn47nhDc8uP2UDhLazxnrLpt/T9yc1jSYXnLT2Wen/iFHIy7WhxbPFjODjV7H1XvN2s9Je6R9LWMBDgcOxu0+q8eutnq7BcDQ1TfI4kxv7PCM212p8M33RfV1H1Tb/FjyyogAbPE47tctGZgNsjdeC1ba7p6tPU/T7ix0eDU04O0zB6/uvVeneo6DqKgZcKCQujO2/b2TAL4e0aUSE5TSCTklBjfkI3KMygZWBw9VWVsB0FwCttKBPFrZhQYZisic5vl2JUelndJGYJdyw4IVtWQFh1Y2VJWRPhm8eLb1UIuw7i+leNswHYY5aV538QuknmX+OUELSxwzNp/zXpFLIyrY5pxkbOCBUUTJIpqCbzQztLQD2KM16exwkmfOvguhqNbQQ0+YLYWzwb/AGeptryPFDMtyq3qS0T2m5yUkw/ltOIj20+irqapqLfO2opiWuB9eVj1FCtiz1/jfIy09itg+iha6osF0EMpIw8tPsVpa2mjuVM2rpnAuAy4d1ZdY2qHqSxR3ykaGzw7y6RyFkOmbu6nqPlZzljxgZXmdVpHFZPuXgPM16ypfcWdDUmE6Jd2u2KrbxbZaSc3CjPkcdXl7FWlyp/l3OlYPI7cLsFRHUQmlm21jAK5GGuz1TrU1wTOnroa+m8GZwLgMIN4szXB0kbdiNwFRDx7FXtDs+G47HstrFJHWUgkDgQ4K0HBq2Ox9o8vqYvDkIxwVBk4C1vUNpdGwuDRkHII7hZKTgJiOBr9PKqeQDxlpUWYDClu4Kiy7qziXLJXyjBUR4wVPn5/JQ5BgqHMuwgQ5ClwvxjdQnIsLsYyVBMJ7JZLeE6tlYUMngPDsalVUrwBjOVPh8xzxlJk8He0dmVlmqqYG1dvErfrG/PKzBcQ4scMbrQ22fVAIieFSXaB8E7nEd0t8nWlnZvHUkphmD88rRU0/itDhusjHPtwr201YLBG7kqB0W54ZcyHxG7KbbqstxAR7KBHjOM8ozXeFLkNyAphHTpntlk1Ee3Jyk8ZwoVHUCSMajupu2AUqUcnXhYpIc0jZdegOy1w3RGvGkZKAcpApm698boMDjHIDhS3d1FJwcoCpPBa01RqI22U8tD2FpIIcFQQVGkgEK0hqAWjKrGTRTPdwyHqktlXpd9DjhXTnxVMAcz/AOYo0tPHWMMcg54PcKvpqiSjnMEhOAcbpMo56Nalt7JM0Za7IGF2Kd7CO6PK0EZ9lCJLXcJU4BKW15NJaLtLFO3zbDZwPcLb09S2oaC0jC8qppzqA4Ww6fujWtETjwsc4pHX0eqUpYkawDHByiRS7gEJtO4TNyNwEi0tIOn91lZ2ovKJbTkZWU6x6WjuERrqKINqGDJxtqWpglDxjG6IHjPmbkKgLIbkeedI9SzUlR/D60lmDpw5ejRSiTGCMHuvP+semJoKg3ahGWE6iG8govSnVYePlarOpu254UMrzWX3V/T8Nwo/mo24mj3Dm8rOWO7vc35OudiRh0gnuvQqV0dTES0hzSNwVi+rump4Q+60mPIclreynKLyS3jWOFAqKZvJau2G8QV8TYpDpmaNLgfVWE0J7cIu0ElkxN2tcgc6ojbn1CqIZpaWdr2kjBW8qqfByG7YWZu1uYCZYm4DjggeqCyAqyv2j0/oXqOOqhFG52SG5bkrcMl4JC+cLRdKq01LXseQARjBXtHTHUkN2pmtkkHigfquddVno3aTUPG2RrGSazjhGa87KFE/fYKUx+toOFzbIYZ1Iy9kpsgI4RWkKCXZOEeOUYAKzD08omjB5Cr6yJ0EnjRtyD6KY13snnS4FrhkKA7VnAGkqRK3UDv3U2M5AKoJo57dUGRhzG45VxSTCVgcDs4JeCpLBIfyD6J8TtWxOE3SkwYOScN7lCKDpJoc08FOQEGY3ymNJ4T0Nn1BTBAijVjNcZZjKkh3ZLA3yMo4fayGHw6mq5ICMAnIUqN/AR+oqIxaayId9/ZVkNRkjPK6FUhbWUP6it0V26erqGVgcJIzge/ZeM19A6s6eqKWZv8ANpHHSO+F7gyTYAjIPK836goRaOqSx7f9zuTSN+ASuzpLMvBxddp9yPFIpDT1Ae07g7r1roG6aXMaZPK8AELzPqa2Nt15ngidlhcXN9grroy4ujmEbpMFpXZxmPJ5/S3vT6jZ6PbagaxqbyOFaW6cywjV9Tdiqa01TaymaSfMBgqxoyY5wAcB2xWC+OD2VNu4m1XGw7KLTyO3jJ3CmygEBQJv5U4k7LE+zcmSH5Kg1zdUDh91Oa4OaT7KJO3WNPqqDZWROzTmEhPp/NDpJ3ygg4mdGdscLsD/APeDDjsm0ywzNb+iD1DSR1Nulhe3UCw7LwipaaSvfHghuTse26+hq2LUCCMg7YXh3WdF8tdXytbhuogr2XhtTiSifLvrTS7obyslfqdn1U6hOkghwBVYx+WjI4RoZcbZK9xTLcj4rqHsmb6leJadpzuAp9E8mHQ87g4Co7FN4jPCceQranJhqgzkOWlrB0tJqPtR2qj07KbRVbnQCGQ50jCDVs1DOFFp5PDfuVlur3Hf0mplCSaLR0hjcHNVzRTiSMOJGVRahI0FSaKoLHBudlx9VTxk9n4zWfd9xoI3nOxUuM4H3VfA8PZkKXGTkYK48o47PW1WZWQzXHIGdkUEY5QNQTQTlU0aVLPZIzlNf9JSacjKT/pKoZkhT5yD6IeSUeo3aWgKMNioxFgQ8KO8asgnZHyMKM/kqIS3gg0mGvlYDsDsMp7s8ZQsCOpeRtqCKeUYpvJX1zceYp9IRJGMkLtwZri1t/DyodBJmTw+FeDPJ4ZKl8sulRonATSDO7jlSahuDlVbJCa8jgOZshLJdU3yiQdlDe7LhhSqrJhx3UAAh2CUSWBdnBYxuzSvz+Sq5icEFTGZDMZUZ48xOUSM1hWu/wC1Mz7ok3KDPtXNxx2Rncphimzz/wCLf/zhaP8AEvH2/S37BesfGGTFniaPVeURcN+3+i73j/8AbPiP1tPd5H/odd9J+yijJcpU/wBCixcrTJcnlY9BmnbK7krg4KS0R6JhMO1OJ2+6a1J7c4Tl0LGuJ7FDBOV0jAwkdkt9kHZ8uVFlkyiPlxkY5UNxzuFlvY2CHglzgrOAYaFXQjLgrRg/lpdayS07Lyoz+ESQ4Kjvcn5FYyMG7tlNhGGtUSMZICnNGGgIQbHg6mMJJ4T0amj82cKYBk+CRSRA42U4YiG6BGwNG2yVRIW4B3TYvBmlmTwcy6ecMA+yvoIxFGGYxgKttUGXGdw24GVbsBzlGeg8bp9r3MNFyDhXdJEGQgnk7qrpotb2t9VaVTvl4AfQKHpE1WskK6VsbWGIHJKrYAS3U4cpsp8WUv4yiOeImg9gEe3jJltu5yRLvXsoaKR4d5iMBeeSSvqJ3SE5zwrLqe7srJzBATpadz2VZTMzys85Z4OFq7HZZyGLQG5TYwSUpOyLEAcKkjG3tJETdgu1DsMT2ANbuo07wfKil0IzuZFlySE4cJo3clIQAs8ux8Y5GTO32K5GMJmfPhFA2Qdsa17H5B5OFXucXVRHZHqH6GEjlR2gCLxnDdLmGng5NJjDGt39F6t8OOmhHSMqJo8vlId+SwXRlq/i11D3t1NjX0P0tZ2xwsj0howB9khrcz3P0x41R/8AmbFz6NFbKYU1MHEdth7KvvdUDEIQN3HZW9a9tJAd9mjAVJS0Yra0SzuLj29AFogj2luZE2y0IbE3Ld3brSwQiNoGMfZApKUQgHHGwUzILTsnp4F1UZeWdIaAeMoRPKTjg8oZII3KpvB0a4ekJrHTPDB3WgtlG1jBkbqstdPqm8QjOFpKdoaM4XM1Wpf4I9D4/R4+9hhiNm6Bq1uwnzvzjCfBFk5XLk8HoFwuAtPEXEEhT2ANAAQoY8BSA0AZWZvJYVrw0ZwmTzgjYj9UCeYNGAoTpSdiSmVw3PDOd5HyMNNXww0tRnbZQpXnOVyV+DkqNNUN04OAPUruaTRvs+KfVX1eqoyjFjqmQAZyNgm2yirL7VtpKWPyn6n+ibaLRWdR1vgQtIpx9bjwvVLPZaKzUjaaljG3LjySu5TVtR+ffNed1Gtse1jOn+nKGxRjwYmulI87jvur5r9QyQoh5RmDGU7o8xNufYRdHK4kgACgjCWR6oeSlk+qgYQpoB9U13Y5XDUxMAdI4Nb3KuMchBl5j8TvjJRdFRvobZC2suI/4ecY/NZr4u/HKloC6x9IzCepOWOnB2GfQeyxHwz+Et460qxe7sC2lBLppZMnOew9VpglHlm2miMI/Lf/ANitsPTPUXxFvMlzurXVNVUFpx2jbvgL6O6J+Hdr6SpWyMiDql48ziOPsrnprpy39M0EdHSQjA3JPOVbudqCXdalwhV13ycR4QzABykSMIZJylk+qTnJkzyIk52KWSuJKBocSMcoZ3yuavdDMjR7oCDwe5Ka6o09kF8medsKHU18cecuxjuoQkz1LWDJ2Va+aWteIKUZzs444UWJ9Xd5/Dib5D+L2WpoKGKhhDGNGo8lE3ggC2WSOjjBe0PcdySrPSMAZ4XS4juotTViLDiON1SeSB3vEe5VRcLuJC6npzxyQhOnr7lVZadMeNj6qXS22Cnf4pbqcfXsiIV8FpfUMZJU5HOArCOkELQGjCl4zgBCqZRE3LlCHM7buVdV3IxyaIMOxsVHrK9z3aICfQqXbbOT/vFTuT9LfRTJCJFRVtfJrkBA/wAleUNDT0sTRoBcO5TnTQUbAwkALJdVdawUjDDB5j3IKPG4tLJd3rqmitEbnulA7AbbleXdQdWV13mI8ZwjGcAFVlfcZrjKZZXEjOQCeFGcMfkn11/sbGIMkuOSmJ52TFqSwWhIROUVCTB8EOLgQhHlLJ9UxQIKSMcoZ5SyfVDzlQM6kkuZGnWfp9UAKWTq4TgZwoFwvtstkRfU1AaewWEvfxHfK10NA12kHGo7ZUNENNKfRv6u7UFDE6Wqna3HAzysjeviNRU2W0gLyPRebV90rq+fxKmUu9B6IVNRz1btLGkkqHQr0cEszLO5dXXK6SOEkzmNPABVT4b6h+A4kn81prR0VNVHxJ2kBvYha+2dKW+jIc2BpcRuXDKg521Uf7Z55RdL1dXuIS777LVWvoiCINkqAM44AW0p6BrMYa0Y7AKQKbJG2FDLdrpy4RU0dmpKVuGxZ+6saelxgNaAFJbA1uMhFAawYAUMc7nPsGIWg5x+6foZ7LmlzjtsE9sZG5/zUEjHRcELgiz3UgtwMuCBPXUVIwySyjPohlLBEm+ghZgZIQJqiGnGZn6Qs3euu6alOmAavsVibt1jUVZcXTuwfwtKS7UjXTo52dnoVy6qt9JEfDf4jvQLE3XrWsqCWwhzBnglY+quji7Ic4Z91CdXHBJc79UuVm462m8fCPfZfVV7qqjIlkP6qtkrA0EgKomrSTjUQo5klmOlhOUreboaaMOi0dc3ZORn0UWor5jgZGECOiqpDqB2Kkfw4MAM5yhlPI77V2B+Ze45yujU/fTklSBHQM2ByUYPY3GiLAQOZe5L0QmUtRIR/LOFKits34gjfMVAbiJn/ogiaodkOkx7FA2wHJvhBYqCEf3pGyKYqBvPZRDPGwHxJgPfKizXagi5mBKpzRfxTfKLcTULdgwZS+Yaf7sZWcf1HQtyGnfsojupJQfJt6Ifliux0dJZI1/ikcswk6oa0ZOMLFSX2vfxLhRZbhWTDS+Y49iglcl0GtBPPJuHXKlad5Rt2yo779SM7j9ViNUhOfEd+qYWk8uygV+TQtDF/kbU9QUWO36qM7qKmGSNvzWR0n+pc0H1/ZU9QRaKtGoPUjMkNemG/Snj/NZsMAOUZqW75ehi0lRdG8TH8WPzTP4vN/V+6qU3BU+eXsGVFcOi4/i0vqP1TP4tMRsf3VaOU8AY4U+Z/oiriicK+oJJ8Q/qifPT95j+qrl3J9Sp8zL+OJNNQ8nPiH9V35qT/vD+qg5PqUsn1Kr5SfHEnfNSf94f1S+ak/7w/qoOp3qUtTv6j+qtW5KdUSybVSZ+o/qiCqfjn91XMLvUooJxyUakC60uCcal/Zw/VdFRLncqDqPqU9sulFuQr4kTvmX+qJ80/wDqVdrPqUTxPuryifGWDap/9QRBVuxgkKr8T7p+vBzuVOgJ1ZJ3jn+lFbUEnBAVe2TPZP8AECpWc4A2FmJWkZyP1TPGIKh+InCQFM+RAbGTfFd3Ce2odkBQtYXQ/vhFvK2stBUuwCR+6IJ2/iZkKtbOOEUSg9kOUC4uPRMNutNaCTE2OTHOFBqOl2BpdTyBx9Mp/ieyLDVOjO2f1V4K3zXKKWe0VkLdXhkj0woRBBwRghbFtfkYIJ+658tbql2t8LA487YyqnEOGpkvyMcktBV9Mh5dJSP47KnqKGppiRLGdu+EJqjfGRFSSSQjVyJJJJUQcmpJyLsptISSSSssSSSShAg5R8jRjKjpZPqoQMeVxJJQESSSShB6SSSgA9PHKE5FHKuKFsIOF1cB7LqIockkkoQSSSShBJJJKYIfrckuBwPBXV+QT9iiSSSUIJJJJQg5JJJQMSSSShBJJ6ShBJJJKEEkkkoQSSSShBJJJIRIkkklAJsekkkhbwCJJJJUQScw4cmpKAHKuniq4hHI37HuCqXx30dUaKqBwPok7FXqbV0EVbCWP2d2OOEYZVvOlhd2wvNusOo5625W+4WaJ2uxyudJn8W2Dj2W7nNRQRupa44jBwJFgeoLdLbLl/FaJjp6cnE8TR9TT3Rj60pHpPSfUtL1Ra2VkJDZQMSR9wVdj6XLxKx3mXpqvbcKCUPoKl+cDlmT9J+y9ot1XDcaNlZA4ESAEjPBVC7I4Ydhwd0QhsgwQCEIjJ9FyMlvfKgkqquGSim8wzG47H0R43bAg5U+eNk0Zje3IKpZRLb5fDky5jj5XIJFqWSza8EAOwR7rKXm2vslwfeKOMvpZwBNE38B/qAV+JC8bHGEdjWzxGGdoc1wwQe4VxeOQmiroqxxYyrpn62EZ27hXdLURztD2fmPRZh0bun7u2ma0/w6pGR38MlXEcbrfL47DrhkGfLuPutVVhnsryXTX5GCQF498ZfhEy+xv6j6chbHWsBdPE0bSj1A9V6q2ojnAdE7ZPLtQAK7Gg19mitVtTwznW0Z4PiSkmkcHU82dTDgg/6qZTVclE4jGqI8tK9n+MHwkZV+J1P01Bpqt3VELBgPx+Ie68OFR5RqG/BC+0eG8rX5CtWV9nJ1Olx0Cvtgir4zcrYABjL4x/0WQeNJLXDcHGCtvDPJTuE8Byw/Wz1UK52eluTjVUD2xTYyWu2GV67S6v8A5meF8z4pYdlff6Mg/DvK5mR6FVVZThji6MbFW0rZaeV0FRGWyNOCEGSMPbwuxXYmjwGs0yl9k1yZ8yvjf6KXT1QdjUu1dIM5AUAxuY7IH7pzZwbVKp49FhV0kFdCQ4b42KzlVRSU+cDICvKWqLdijTNhnhI0jJQygmIc4voy7ctzkIyPV0EgOWN2HKijUw6SFmnBxFBl0HsmjddQBBAV1CHKICMKEOpJJKEHpJJKEGJ6YnqEEkkkgAGHhRi12TspK5gKFg8FJG0jHCCeVC08nC0E5ITXNAGQE9JQvABwwcBNwEZJAVkDgIJByjpYb/T+6GUdwJBmi1YW06D+KFX0q+K13LVUUHDAD5ox7eqyr4x6ILofQYP6rLqNHDUQ2zO34bz+r8FqFfpXh+/00fV1qu1Jd6OKtoZmyxSDIIP7KwadQXy/0h1xe+jp/wDdD4tK764HOxn7FfQvS3Vtq6rt8dfb5Rh4w5hd5mO9CvE63xluklxyv2fqb6P+t9F9TUqvKjalynwXrPHadUB8/wDT+FSKO4U9ZmInTI3ZzT6qMHYOQcLk1LTVREmTFN/U3bK5+Guz2sp7SfNTvO7P0QAdJIcN1FpbnNRTfLV5JadmvVmWw1UYdG4b8EKFSxJckJ7Q5Rp6VxALQpUsEsDsv3B4IXWnbCOFuwyXaeM1yU9VQRTRGKoga9pGC0jIXhvxH+BVNWMlufSjWw1Bc57oXnDHH2I4/RfQ89PkccqsmpiDsMLo6fVSj0eX8x4LT6+v47VwfCFXT3C1VL6K4UjqeaNxa+N/IIRaerLCHDYr6366+HXT/WdCaW5Uwjmzlk7GjU37+oXzP198MOpugarFREKqgc4tjqoyS37HZdzT6xT4kfFPOfSF2gnvq+6H/oV9NdMkNldjKtI5YZWgscCsc2ZwwHDcqbTV74DqaMj0yunC72eIu06j0aTR7IWSx2cZUekusEwDXu0P9+FPwHbjdaoWbjE4T6D0lxkgOBt6q2p65tX5XPAKoAwdtlyKZ8D9bTuVoTyJlVu6NDUUoIyByqyamLdyE+C6P2EuSFP8SCpaNDmg+5Rg4lHspTFoI2wiNJapdTRPG4ACiPY5m2FCsh46h3fdHjmzthV7OUdh23ULwS8jGcoeoA8oWr3TiQe6hWEGL84826uLZeNm01Qdxs1xVAD6lMfkb5TITaYudUZG215wQnuwWnLgs1QXkxsEU51EcFWsdYJgNKa5KRllS49HauiZMCVnLlbtGdIWnM2BsOVDq42yDYcpVkE0Npm4mNkiMLwCETU17ccYVjcKLVlzW4wFVEPjdxwVklDDNsZpjvDcuOaHDGUVrw9uMIfhEDJQtBvgAQWuwU/nddADsghDLhFKIpDjPBUUsFFhaLlU2qqbUU8h58zexC9asl0prrSsnpZPMcBze7SvGQQMgHlTrHfqyx1QnhcS3PmbnYhNhbgxanTK1ZR9GWPqjwP90uIJDDgP9R7pnUPSDblI7qDpSqdSXPALRGfLN6hw/RZKy3uhv1K2aF7dZHmbncFaO03ua2P0PBdGO2ePsnKWTh3USrZM6e6tir6v+B3yD5C7Q5EkDj9QH4h91pwzHbCqblY+netYI55W+HOxuIZ4naXxu9yN1RUPUt16ZuLLD1oMMedNJXYw2Ye/oeE3DZkdMZc9NF51T0jbOrKD5WqHhTs3hnaPMw/6hecwydW/Da6COpp5nwRuyyXB8F7fU+i9iiIO43B3Ra6ho7xRuoLhCJIZAQQqCjqZZ2T5iLov4gUHU9OzU6NsxHmZnv7LZMczbDAvnXqD4eXzouT+OdIzz1MDXEyQZ/mMb7HuFqegfi/HWuFvu7wJ2YaC44yfQ+6gF+kjKO+jlHtDXeyJ4mk8Kvoq6GsiEkRBzyFJEjSFeTmf5JokyiB4KgeIc43RWSFxSyErJSyU1rhhdyFRDoJzuUQEYQE/JVrggRLI9UMn0KR34KvJAmR6pZHqh5Pqlk+qmSBEsj1THdt1xwPqpkgQkY5QyTlLJ9VxU3kh3JXEkshUQS7kpiShDrhkKor4HW94q4cmInMrBz91cIc7GvGHDIOxCtLLIV0NVHVRiWF2WlEaqWrpamxVfzNM0vo5D52DfQfVXEMjJo2ysILXDIIRSWCBBwVR9S9O09/oXQSNHjMBMT+7XK87FC07lUnjkOMmmeIyRVNtqpLZcmaZmZBBGzm+vuqmOsrug7qy+WmJ81sldqrqNp7nl7fRew9ZdJwdQ0fixgMq4RmOQcn2K82pXTN1Udwg0ysJaWnumOW46FVqfEuj0iy3u3363x3O2TNlhkGduWn0PorVrwfT9V4ZR3Wp+GN1/iMBe/p2qcBU07d/Df2IH6r2S2VUFxoYrlSTNkp5m6mOac5VibNPs+5dE/I9Vx5Gk5Uck55K5k+qYJbGSta8FpGQVUV1MYjs3U0q6QpohI3STj8lCR7MdU09VR1XztO46PxNU4zsq4dTXYP+RUm4RmlLmyjynj3VSGvpyZIzlhOSPZGMTwUXWlg/i9pkMbR48OZIz74Xl7AHtw8Ye3yuB7Ecr3IuD8O7ei896/sMNumffaWPTE8AytaO/rhU1lHR0eox9jKHp+6stdeynqA51NO4ZbnYFZ3rvpY2aq/jFE/VTTebyjg+vsrgwR1UALe4y0jsVb2SshvFJV9MXCMF2gFuo/V7j3XN1em3Lg9j4HzD8fqE5fi+zH9PXZtzg+TqSHEN8pPcItVRvo35GTHnY+izt3ttd0jeX0UhLQ06o3DjGdgtXQ1TbrbwXYLsbry+p0+18H3LxPl4amK54ZyTwLnSeBUMBI4d3Huq+019Rbqw0MzyWA4GUUiSjlB3wP3Q73CKiFlfTDDo9nAcrC1sZ6Dcsbo9mguFM2rpi3k4yF53ebe6jmP9JK2nT1zdVRfLzOyQPLn0QOobT80x2gbgZCJcga2uGpo3x7MAdwR7KHI0YUyoDoHOjeNwcFQnglGzxt69EGcb7KHK0nsrGZoPKhSgZ2V4ORqERU9pwFwgasYXAcKGSMuSbTSnOFZwSYwVRxuwdhyrOmkGBlLaOppLXnBpLXUFpA9VIvdOZ4fFDeAquhnEZBx7rTRhtXR7jsks9RW1ZXsMU0FrtJG4U+hmLZGkHCBcoPlqgsxjKjFxPBwoZMuqzBs6acSAPBCmhweM4yVmrTXAkQErRQObp0k8qHSqsJVHVaJPDfsDwrxjssxqBWamDoT4mFa22oZOxuH7jYhRrPB1Kbf2TiCd10B3psibYzhcJGOEnZk6CeVkc05ac+ijvG6MGEFNlbgbIcBEYkhwwp1NMSAFD7lJkuDwqJXPay8gnJwhV9MJ/wCczZwG6jwS5xlS2P1DjKE2xnu5B0s7w0RSHPpnkJ9RDw4IFZF/xIyQfZPpqh0sXhyOGWpMo5GKa9nGZYQfRWFHVvgIx2UFzd8+qReWuBAWWccj6ZqDyemdPXumnibGTh523PdX749TQvKrRcBTytztvlei2iudV05DnZ0gYPssM4NM9HpNTGyPAcl1LIHkZb7KYMStD4yCEEs1A6twVHpJXU074pPocdvZJbwb+yxibHIHQTtBa8YIPdeddY9KVFmqv4pa2nQTqc0L0WaNw0ysHHdSHMp7nSupahoOoYVIVbXujweedLdVF4ax78ObsWkrdwSR3KAjyuaRuD3XmfVHTU3TlV49OC1pdkEcFWXTHU7mlrXvw4cj1TFhmVZXDOdTWB1krm3Wjy1gOS0K3tVwguFOHagXY39loddFe6Qxva1wcN89isBX0dX0rcfFja4073fkrGpl/WU4OwH7qlrKU6SMDBWjo5Y7jStqY8YI3GdwotXSZ4AVPlFtKZg6+hELtt/dWPS/UH8Nq2NlOADjOVPuFCHn6QsvXQPppiwN/NZ5rJnk3TNSR9B2mvjr6dsrCN2g8qyEvh4GF5N8P+qBAxlLUvO3lySvT4JhONuDwVzbq8nX096tjkntkDhldaSDyorAQfqR2uG+SsMq8M3RkkTopMDtujk6uCqxrzGR3UmOTUN0vDD5bD1EQnidG7uFXUUstuqTDMCY3bA+inmYeiiXCn+bi0tGHDcIMAl5HIHDIIIKe7cKgstfK1xoak+Zgy3PcK8a/wBkOARmotcjsIxnI3QnN2znhDY85wUBRLPCAeT90YHLUE8n7oAToPZFZwgg4KICCMZRkIV3hbNSOaN1i4X6J3Rn8Jwt1M3BwdwsdfaMUlYZg3yybjC0UzISI3jCz/XlrNfZXVMTczUp1tI9lcUnmaDnIU1scc0T6eQZbI0jddTT2bZpmTUQUoM+eeraVtbb4rpEwa2gCQj91mLXVGlq45QdiRlejXa1igrLl03IzA80kee4XmEjfAnfFjdpXo6rVNHiNXF1X7z3Ppq5gwxOa7IcBlaslwLXt7bryToS4vngMJdvGvVbVUNqqcB272jH3S9RDKPS6DUqcEy7jeJIdTTyFBrYXOZlvITqCQaXRO2IKlOZrGPVcqXZ3IS3IrqOfUwMecObsUZzdXdQHF1NUljh+JTQfEZsd0LGFNVxmKtaezkwu8OsbJ/UpN2jcYg9o3acgqDNmanbM36mEI4vDEzWUWMuHjOOF5p8QbY06qhkQw4HK9Lp8TRgjfIWe6ttoqqKQadwCQu3oL/jkpHnPN6OGq08kzwqJ51Pid9TUWElr8+nZR6nMVa8DbDiE5kzdRX0jRXboKR+bfI1bL5R/Rren6ombGQMLT4xKx45CwtknEc+ScLaQv1tDwcrp53IXpZYlgnTPMsRLOcKsbIQ7YKwpt3YPoodXF4MxIGxS5I7VVjSJdNMcAHdSmOIcCFVwP0424VgyUOAAC5+ojk7uh1jTSZdUVUcAHBVkyXIzjlZykk0vByVd07wQNlw76cdH0Dx+p+WHZNa455RsYAUdnZSCQAFjxhnZhLIkksgJKx+W0DeNjlQXZDirJ+Pw+igVAw3I9ULFTlg4SQCo7xjKK14cOUJ3dEomac88ECqyHhwRdi3GRum1rcxnHOUPOWgA9kS7AFUf3LxnkKlpnmOoacd1bPBIOT2VVVFsB8THc8JkkZ5vks5CHtP2VRNmOrhcB2wVZ0rjNFlVVyeYKpgcNgULWOSs8FjKMgKr8X/AHhwxsrQOD4w4cEKlmdond91UnkXJ5LKMgsUKqPm2KNActacoFX/AHzvsrQmx8FdU/8AaYj6p8m4TKn/ALTEnS/SnxWTDJnm/wAYSDa4wDvleVwg+X7f6L074uuApqZpPJOV5tEAWtx6LuaD/bPh/wBYy3+Sf+AdTs3CjxotUdwEyPgLX2zzkUkESSSTEUFZ3Ti/IxhNj7ru2OUxC5dgnblcP0ldPKTtmoJMiAv7/ZRCRnGVIcRkoQ5ysNs8vBojwgtMDnhWI+hQ6UDI2Uz8KKt4Qqx5Bu5KDnLk9wwcrrW5dlFNNAZwgkbMbkIyTG7cp2n3VJCm8jADlTqceUHCjMYCeFNgGGhPjwBYGacZKBGXz1Hrvhdmdjb1U23QxsjEhbkn1Vp5GaWl2TTJtOxzWtYrCMDSD6oEbRgKTA3xHBgKYerpq29FjbWAykkcKPeqzXIIGHjlSzNHS02pjcEKke4ySOlcclyNRHXTaW07Cz1VL1NdTRxeBG4ZI3VrPUfLxGT0XnfUFxdV1rsnIBKC6ahHBzLrHtwQmOdNIXAcncqawBowOyHRw6Y9ThglHIycLKsvlnMteRNbkqQxmSFxgyjtbtlPSETfoTtm8qvlkJcpNTIAdKiNal2MqMfY5qBUOIwAUZxA2QZN0iUscD4L9jGAl2yOW4YmRjAGQnyPw3CHKGbcvBCny52OwXGN+YlbSs31bJ058KN0mFovh9Y33G4sqnwlzM4GyROWODpaDRT1F0a0eg/DzpU0MEWuIBxC9eoKRtJEM8qp6dtoiY15ZgNGAravmLIjGOXIUn2fWNLp46atQiQrjO6rqRAw5Y0/qVb2yhZCxri3c7kqvtdL4kniubkDur+NgwAOE6MtpojDPZIY0aeNk3b1S2aCCd0LPumSnk01wwJ65DC6R4ASkIxlWNrpw9niFZ9RYoxydHR0fLYkWdBTxxxAhmFNH0oUbg1oGnhP0lxG+FxrbcvJ6qqtVR2oTQ5zx6KyposAHCBTw7tLgrFuljQPRY7J56Ht4EPKMlBnqNgAQuVE4OwGFAfINzlSiudr+052v1q01bbeAs8hcQcoBeQMkoLqg5xjKBPOXYaBv6L0Wg0eOZo+F/WH1jGmLhGR2rqg3uAMZU2w9M1XUOZJQGU3qe6l9PdKOuc7ZrhH/JG5ae69DjpoIABC3Su1GCr6PgHlvM2eRfLAW220lrpWUtLGGho3d3Ks2N8o3UYDHdHj4Iymo4YVJJJQDA9JMSUBCpLje6rL71Db+n7fJcLi/REzlElkiTfROr7lRWuA1NbKGRgZ37r51+K/xvqLm6exWDTFBuDMw7keiyfxN+MV16xuRsVqkd8s5xaxreXewXpHwY+ArLX4XVXVpfJWud4sFLIP7vPd2+/bsnJbeTqVaaOmj813/YpfhL8EK28zx9R9VxOZT69QglGHyt7H2H6r6OoqSnoKVlHTtDImDACe3buk7chItsb4RhuvlfLcx/8AouEjC5nAwULJ1JL5FjjyuLuRp5Q3OGDujBG5C4cHumEnKa52ByoEOJx3UaSXSMpkk4zseFSXC7Bkpha4yO7AK0skJ9XdY6fIdg5HCg0VBV3eQOOprHHfbsnWawVtfUisr26WndoPYLaU0TKYYa0ABXKOCEeht0NBEI4279ypDnNaNROyU0vhgkjYclU1TWT1zhTUeRn6neiXKLITay6QtBbGdTuMBCpqaWqAdU7Z3AUmgtENM7xnt1SHnPqrDQ3OQMKiEaKmbC3DRsUiA0ZJwEfYKmu98p6HUxvncO2d0ZAtfdaaijLy4OOOMqiZLXXt5fvGxNt9tqblUfNVTTh30t9FoxFSUNLpwBp/dUQj2+1xUrhJNpeQNh7qRU1QiaRqAwoFRco4Rl7seiwF+6knqZnwwyHHGQUca3LktLJP6i6tw407X59wsNVSmomdISdyiTZecuOT3QtPutEYbR0Yg0UjK6cDfKEZMgghO6LOJh4SJG6GSc8ohkI5GvOShp2cJh4RjBqak44KGSByVC0s9Bj6IeOyorx1jarW1zdZklb+ALA3zr+7XJ+mHEDP8OxKhqr0srD0O69V2q1BzKiX+Y3lqwV6+I9XUaqe3ucyPOxKyk1RNWP1zSF7j6nKLRWuprJmxwsO/JwodCrTwq5mMqK2rrXF9TM95PqcrlJQ1FS4CJhP5LZ2vok6h8wRjncLV0Fjo6IARQtzjc4UCsuhWsQMVa+ipn6H1WBnfGOy19t6ft9CQ9kLS7HJCthEAQCEbw2gDChz7L5yfYFkTW7BoCI2Jo4C74gHZcDZJNgw7n0UEbmxwAbwuNmB7KRHQSOGqQ6W+5TgaGDbIJ9ULeAZNgXRSyEaAnMhI+op5qmn+4OAoVZdKeljL55gw9lRIxcuid5Y8Z4QKq40dMAROAfdYe99fxwyGGnl1HHPosVcr/W1hJdM4A8YKGdqibKNFOz8kb68fEBkUphaQQO+VhLp1TV1r3B0rtOdsFZ6qqmkkl2ThQXVmFnlejr6fQVw5LWStL8kncqBJKMk5UVs0kjvKE/wny4JBCz2W5ZthBQ4Q185OyG5xPdHFO3BLiAPuhuqLZTDU+Tf7pLtSHKD9HGQtcQXtLlJGsNAigGVXTdQ0MAxC0vPYBQp+p6oD+THgH1QS1EUNjRZLpGhiFYT536R6Lkz6doxUThoWSlv1xmOdeMKA99RUEukkcc+pSnqBq0efyNi+6WSmdkyaio1T1ZRwtzS5cfTCywpjnJOU7wGuxwEuV8n+I3+HCPfJbVHVtVM0MjZo9TlQnXWulJzOd1GdG0fSAE0AjhKds5dsbGquHSHumqHnMjyfzQzqPdFw07JeHnhpVqUmW3FPgGxoCdgeieKepcfLGT+Skx2qslxpYr5YbsjEiPGUm49VZtsVafqbgIrOnnDd7VMAPUQRUpK9bZaccogtlK0ZxwijHJS1MX0Z4Ensn6PZX5oqVowW7BM8K3jkYUlHAHzt+ijDMnGEQQOG+nZW5ZbwCW8oQfHnYDAVqKYfysrhA8/hT/liRnH7qYainAxkIJnBJwArcAZSbAeCfRLwT6Ihlx2S8f/AApeChnh+65p90QHV7YXRgd0STYYHBSwUfATXAYRYIJIbIbmELmMINpWR4lx+FOEuT9PKHp91xuxRNcF9hgARlPwExuwCIl5YBzJHIRENyIjTZBySWQlkI5SwAGXQTnlMDx3KWtvqgA7DDPOV3LvX9kzISyFeSto8TkHhEEvbCBlvquB2OyPAMoJExr87orXgDBKhImSrUmgGskrWiCQEbqGHogenKYnb+iU17s8o7XgYOf3UDU3sU5rt/VRSyC6y2pq10bh6einCajmGJ42kHvhZ8S4x7IgnwMaiqB2tdFlW9O0VW3XT4aT6Kirum6yly5oLh9lYxVsrBhrzgK2pL1G9ojqmhw91CRssqfZg5IZYjh7CExej1FttVzZlmlrj2KoLp03JTgvjjJH2QyjuNEdSnxIzKSleAQcY2XDHjsoMjJT5RGSR9JXMFQPAFJE0+64dlBmRJLun3S0+6hMnEsFdHKeAMKEOpJJKAiT0xPUIOPCcBnuhHhOBwjM8gjCcgdkUcILPqCKCMKADkkklAxJyanKIgkkkk5Ih+sbHOBGVLaARyo8sYGCEopeGlfjs/Y+MkhJcByuqAiSSSUIJOTU5QtCSSSUCEkkkoQekkkoQSSSShBJJJKEEkkkhEiSSSUEzTEkkkgBHpJJKBiSHKSShAgIwuggHKFkpZKMvISqpIKyMxTtDmkELIXC3S2qoLJGB1M4eV2M4C2TXJSxwzMMcrGvaeQ4ZRFRk0eH9YdFV8TTd+mx8zCcumpB3/xD0Vx8Per3UBZFXhwgmAaCfwnsVsLhbJrTM6WmBdTyZy0b6c/6KifaqCZ/h6APEydQHCgxfd2eihwI1Dg8Lmn3WasFdVU8rrTXSFwYMwvcdyPTK0se42UFzWDiHUUrKuMxvG3+SJjC6DhCCngz8bzSTmnmJwD5SVZseCBsiXChZWxFpGHDcEcgqnpap9PL8lU/XwwnuoEnuLeqo4bjTmGYDjZ3oqi3ST0kj7RWjJaCY3k7OaraCQ43G6DX29tbCS3yzNGWOPZGngFxBmCSm/nRnLe4UpkgmYHMP3Ci224icfJVTdE8Y0kH8XuESoY6lf40Iy08hPrlgTZWmSh5tivF/i38HRUmbqXp2LFUcvqYWjyye4HYr2SnnbK3U38x6KSMObghdzxvk7dDarKzBbSmfEMGppyOD2RhjOoDBXtnxb+EbHPm6i6Zp/5r/PNTMGzj3cPReHvkLNsb+i+veH8xX5CtTg/u9o4ur0vtEe62mC5sySGTDh4HP3WSqKWaildFMzDmnnsVtGuJ5Uato4ayIxytyTwfRew0erfUmeI8v4KGpTthxJGGlAkyAOygy0/Oy0tdZjSY0Ny091WzUTgM4XcrtjNcHzjX+PspzGxYKJ8RB1ALsMjjsVLqIMdsKKWEZKeeetq+MKWgtKraii1ZcAprHkEZCKXNcNlJwUjM28lDITE7BHKTXahlWs9FFPuRuFAlpvDJACyypwFGWQa6D2XEhylNYHhBwurgIwlkKEOpJJKEEkkkoQSSSShBJJJKEEeFGLXZOykrmAgBB4KSNpGOEIg5ULTycSSSULApIya/6SoDgCuFoXTykhkskAuYNlLs14uXTtwZc7VLpkbs5vZ7fQhBIymuZkYWa6iFnE1lGvRay7QXK+iTUl0fQHQ/xCoOp6JjHObHWsH82Eu3b/1WzZNntyvkqN09PK2aCV8cjTlr2uwR+a9l6C+KFNXQxWq+yhlW0YbITgSAevuvKeR8S4N2U9fo/RX0Z/4jVeUxpfIfbZ+/TPVP5c7dErA5vugMbU20l9C7VGd/DcePsuRzbDHdFacrhNNcM+tqcbFmDJ1HcYLgzS4AO7tK5LTPidloy1QTTMkOpvkd/U3Yp8N0NHJ4Fwf5DsHIdpbWSTr1DB57oMkAkHopuiCpb4lPI1wPcFAILHFrhhHGW0VZVGa5KuppDnyhVtwoYauI09VAyWJ4w5kjQ5pHuCtIQCDkKJPThx2aFspvwzj6rx8VzFHzh8R/7PLHeNeuinFkh3dRufsf+X/5fReGVdPX2qpdR3KmkhkacEPbgL71kpnNxthZLrL4bdOdaweFdqUNeAcSx4a78z3XWp1jXZ80899FU6lys0/2y/R8btla7gq2orrJE1sb8OA4OVouuvgv1F0UXVtNIK+26iBLG0gs9isOyXTgE/uupRqdx8n1ni9Ro5bL4tGsp6mGYeV43RXtBwSVl45nA5Y7BVnR3N7HBsp29V0oXZ7OZOraWTwW4HKNBMWYI5TY5aapYBHJl/AC66B3GVo3Iw2c8MnsuGQGzuTpDBI3LH5yqpuSdzwjNJGCCryKcMBjH5tkhsmiTthdG6JSyTB3JSyUkkRQ/OFxNSUId043UmnuD4XAdh2UfITSAe6tPALjkvoa9kjRvuUR8vqs6yR8Zy0qbT1moYldwr+RsTKrBYSMa4EkdlU1lHlxIbyrJkrTsDnK65rXZygnhlxk4vkzr43wvA0omz24wrGspmnOlqgRxmInIzlJwad+SO6NzTshyNBGcZVg5rXtJx2UR8Zz6IZRwWpZIheWkDCIcFvK7IwHgIektKEPbkl2i6Vtmq21VHIWuB4J2K9f6b6lo+oaUEOayoaPOz3XizTyPVSbXcKu1VbaukkLXN535CZCbizHqNMrej3ynnqKOQSU0pYQc4B2K1dPdrL1HS/w29U7NxpIlYHsd+q8u6V6pgvsQa94ZO0btJ5WnZkHJA+63VzU0ee1FM6p88Fmymvnw+JZG2W6WEuB8z8zUwP4uDlq2NvrqavpmVVJI2SN4yCCs9aOo5aRrY6rLm8avRHqenmir/jfQ9TTUrnAulo8nwZnHkgbAORmVrKy+zUsOo7jhY/rX4WWbql5rrVi33UbxzRDBcf8WFcWq/Q1Ez6G5N+Ur4TpkgdyHe3srxpI3wfuqYEbZUyzE8c6d686i6Cun8E6yic1mkNFRvokHYg917bZeoKO6UsdVSyh7JACCDlVV7sNs6kt0luu1OJYpBjgZC8mu/S3WvworBdemPGuVkecS05J1Rj1z/6Kn0MVcNZzHiX/AJM+hWS69wjNd7LzXoH4rWLqunZCJmw1bdnQvduPz7r0GOcEbhLfZgsqnVLZNckxs7uEZsmQFB8QE4Tg45VAYwTw4JwfnsoQcdtypLJAR9lCgmcpZyh5CWQqIGyPVLI9ULV7pavdQgVJMyF1QgkkxJQg9NyVxPUIJJJJQgkkklCAJWNkbpcAQdiCs/OypsNT4kYdJQyHdo3MZ/6LSKPIGyDS4Ajgg901kIcdWyojEsLgWu4IRNYwT/qqipp3WSo8eEk0Uh80Y/A49/spjZmytDmHY7hTgslNlydgsp1l0k65wuuVrcI66MZz2ctKO6IJFXQ6qW18ni0fhXKKW3XKmxkGOVjxsT6hVVlvl0+F90EFQZKnp+ofvk5MGfReodW9KMrM3K2sDKhoy5o4csY6Onu0Elur4AdtL2OCucc8rs2RtWNr6PRqWvpLhGypoJ2zwSNDmvadiCpAOV45ZLncfhpXimmc+osFQ4Bg5NOT/ovWaW40twpYquilbJFK3U1zTthSMm+GZrqtnMeUSEwkBInIyhknPKcBgHUxR1MZZI37FZ2op5KWQxuB0E7FaVRqynirIvDeMc4KpPJa/SKIMA3GMH3Ue40ENxpZKOoaHMkaW4PunPEtHP8ALVGQCfK71UnSMBMGwk63lHjFXQTdMXR9nrm+QnVC/tpJ2CZV0zwRW0bzHNHu1wOPyXpXWXTf+0NvHghoq4DqjcR9Q/pXmtFVPcDTzNPkOl7TsdkqUdywdaixTSbC3iipevOnXvmiaLlRNPhvHOe/+S81st2qbXVGGVxBY7S4H2XoU8ktmnZX0WQC7D29iFT/ABF6eFYYuqbPTgtmA+ZDew/q/L/VcjW6PdHcj330t5uOkt+G98PomTRtr6Zs8eDkZ2UWiqmxuNPM3ynYgqj6YvUsEopZZNUbuAey0FdCxx+YjZg98LzVteWfadJrPkgm/ZS1LpLNcg5udBdqH2K1tLUxXGmbI3GdOeVTVFNFc6PS8Ze0YB7qu6cub7fVGhnPBwMrNFuLwdKuxJ7X0N6vszRH85DHgg+bCxzmYB3XsF1o4qykOluQ9uV5ddqB9vqXQu9cj7JyZx/L6ONS+SPsp5R6KFOFYSbqJLtumcM8nbHKK+QYSRJhvso5OFDnyW1j2cqbTuwRuFCAweUaB2CCga4NWmltfJeUj+G55Wus8oLGw5G45WGppcELSWyoIALT2SWem0F2WH6joWPj8Vo3Hos3o7HZbmogbV0/h4zssjXUj4ZdGOEs1aylr/UQKjmME4etLR3AnDiFlHnQVPtta6N2h5yOygim5x7NiXCenyeUygmNPMfdRqGqDhjsi1sQwJGDnlQ6ld+Fk0lNOZWhzRnKlNdntwqOxV8Jb4Ehw7sSrxpztjGFGdam5WQyh+3ZBcwnJTgTlOI8qXg0Mhv5TTthPk5Q3bISuuSRBIWkBWMcuWgYVMyTB4U6CTICAdXPLJ7mh452VbOHwS6mHAzlWDCNJ33IUWZmeQgayPlJ9hIqkPaDtnunk5VectcPLjHupTJmkBLdeQoXPpklr9LgMLYdNXgQytY92Bp0rGatRCl0FWY5hq2WO6s6el1PxyyewwvjnjD4znKDUR48+N1S9O3mJzRDIfbladzWSxhzMLnzjyepqnvipEWgrsf7rUu54KkOJicHMHuoFXTOx4jG7hSqGrjqGNjk2e0YOUlsdnjBMqqKmvdC6mqo2uyNs9ivKL/07WdPVZliDvCzkFerMc+mfnPlJRrpbaS/0JjexpcAopYZnsqz0eb9O9ROa5oL8OHI9Vr6unpL/Qljg0ktXnd+stT0/W9wwnyuVx091A5jmgv37hHkz4a7I8NTVdK3AwVUjvl3uw0njC1gY2qiEjDlrhkH2Xb1Z6W/2/JYCXNyMeqyfTV7nsle+z3KQmIO0sc7lqNPJalh4Lqso9+P3WeuNtY9+S3PstxWQMkxIxuzh+SpK6hc7cAIGslzhvRg2yS26qIaSAHbL1PojqOergbDPICW7NJO+PRefXm3Pc4yMbuNio1iu8torQ55doOxHp7rJZDJKpOo+iGnLd+4XYydX1cLPdP3yOupmNMurIGDlXh83HZYboYZ1arVNEzAdjBynMdpwoscmk4zlSHDWAQcLNhGuMuA7SCR5kcAY5UAHB3KM1+3JSsILGSLcaSRx+ZpyWubvsplpuoqWiCc6ZW7b911VVTE+lqvHjaccoMFGrBB3BCZ4ZAyP0UOgrIqhrXtd9x6KxLg5uMIZRABtk7YRAcoEjCxwJHl7lFaAeEos5JnbC7CTwVzGU5qpkOyN1KovdCKqjdgeZu4VzkKNUR62EfkUVbwymYmhkLHGF3IVixxz7+qgXGndRV2to2cVLgeHgOB5XSplkzy+7gyPxPtBZHTdQ0rB4kRDZSO4Xi/WVIY6hl1iaNMwGoAYGV9LXahjudBLRyDLXtI+xXhl+tpFPW2ydvnpySz7Lv6SfHJ5byml5bRl+lLo+kuDHF2lrtnD1XtFhrxqY4O8rgAV8+0czhOA3Yg4XrvRlxbLCxkj8ubstlq3Iy+J1Di9jPTYMa9YPdTRIQAQOFUUsgcGEFWzHAtBXNsjhnsapZRW3GIl/jY5K5SztLMZ45U+ohEkTmkZ2WfhkdDVeEc8pQ/JPuOHQHbsqaMhsToTycq+eWyN0nsqEYp68h+cE7K08AzWUSrXIWAwuPm9E6405mheCOQcqNSuMd5b/SRwrio0k/Tst2nngwXVqcXFnzh1lSCguE0jRy49vdZ+CpORsvUvihZGtjlrI4diNS8nYNPZfQfE6hWV4/R+ffqzx38TWSeO2XdDVOZu3lbywzmal1PG+y84opNJAPdbbp6q8RvgkYwF6Oto8hXL47EaeMkEH0Xapgli1Y3AQI3YIwjluYypJZOvCW4gN2cMFTITkYyocrfDdpKJDJpIyVmshuOhRY4lpE7BBHZW1FPnAOFSxvGnCl0bsOySuXqav0e18PrIwSTNExwxnKKXbY9FXxyOcAMqUx2y5Fsf0e1qtUlwF1nP2T2uQk8HYpKZpTyOJ9T2UKpzpwFJPKDOzW3CnYuxkJrznGU5Rg4+M5p20o+ctTYxyY5yBTDU3CgtJ1EKwJBJVa84qnNxsUWGLlLCOnhVNzz4RI7Eq1mcBjdV9bpfG5mM5UwxDkGsk+uDONwoXUUYB1hEsLhGDG48nZE6ii8Wke8BVkrcKll1UjNO40hVlS0+KcqVYHeJRNDt8bINyAbLsFCDqRzi3BOcLlQP5pPsmUUmXOB7J9SQXqxE1lFdVYEjHeie45GUOtYQ0PynjdjfcJ8TI+zyb4wzYZTMHqvPaUkjJW1+LlQDWRUm5cNwsPS8EHsu1oVis+F/Vrz5KQqvfT7JjUpjk8pNWuHZ53lIImtI1DdcJATG7uTAmskgcJuSut4XEYKjh5OjlckOy6OUGoeOyVa8IL2AcTqKG3OoLn4k9h82650pch/0k2myACVJk+lCgw1oKdJ9K0ViXywbtiixDYbIOMEqVHwCmskkkPSSXQMnCsUSIe2ymYDW5yo0LdO/onzuw3H5ohFizgDl81Q1rd91fUkekAAcKstMIkPjEbnYK6jbobjG6ZE9B47T7Ybgurw24xkqbbY9vFKgM1TSgY2VmB4MYACcuztQlgVdL5dIKq3ShueEaqn33VXVz6IzKfwom9iyzBqbszaK3qa6tih+XY4B5Cx0bXVM+t24ByfdFvFU+sqXHVnJRqNgZEBj7rFOfyzwc+2YcEacALiScz6grxgxN5YZgJKNI7SwBchYSModU7AwETAissh1Dy54TmfSEM5LkTOGpUuRq4QKQkEAFDjJLt0pOSnsGMrPjLJnkIMYGyEXeJKGN4HKe92nb1TJC2khMr93uzpCXbLabdLU5y3egLmGuqmUdONRc4N/Ne7fD3pr5Omh/k+bAz7LzX4Z9Ny11c2vnj2O7R6br6KsFvbSQNw3ss6lvZ9C8FoFXH5posWRthYGNbgAKuDjX1RY36W7I9zqHDFPE7cjLiFLttFHDGDjLjuSVpS4PUx56JdLRiniAA37o8bcnGV0cLjiAEQ9RE8kd0J7tIyd1wu35Q3kFw3VN4HwfoPTh9RO2MDkrVUlP4bGgMAwFUWOkIJme3bgK71YH2XJ1N+57T0njtPsipMfho9AnU7S9+cKOMvd3VtSQeGwOcN1zJ2Z4Ou3gNG0MaEKeTjBRJ3AYAUKR225V11Ozox6vVR08d0hksxPKiSzOxkDICU8w1YUOaWWeV1DQu1SP7+i9HoNJtjwj4h9a/WMKIuEZDzUnOlrdzwtV070s55bW1ZBed913pfpVsEbKq4DXI3cZG2VsImYPGAOy68IbT83eU8rPyNrskEjaGgNaAAPQKQMYG6EON04AphxvYRFQRwjJjDQkkkkJBx4XMbBOJABd2CzPX3xAsPw8sxu97l3dkQwg4dK4YyB+oUxki+57Y9k3qzrKydF2p92vVQ2OIAloJwXkdh+q+SOsevetfjFfhbLNQzGGZxEUEbs4A7k+6hGs64+PfVb6cSvEAGqKnY0+HE0H0zt/6L6o+GPwnsvw9tzDDHruEu80vILccBNTUDrxhV46tysadnpfoofg18B7J0DCLveWmsvsjQ7W45bB6aT+f+S9afIG4HJK5gAk+qGWnOSVUptnIv1VuolumE1Z3SzlcGySRgA6/PY4Qi0AfUE+SZreN1ELy4qwwpd7oRcdyuE+pQ3OA3KhAmtRaupDBpJxlDq66GmhdNM8NaO5WciNy6rnfT21pFP+KoHGPQFWkQfWXeern+SoGanu21ZWg6e6YFO/52vAfPgFvoFbWTpuitVMxhia+UDdxCttLceQDbbZVKRAI8ozgYCh1tyioojI879hnlVt96iMDhb7e0zVjzgRt9fdOtPTtRIGV96f4k7txGD5Wn7KZIMjhud+f8y7xqemHI41K+paCGjY1kYz6lGiBDdIPlHZGVt5IM8NuOEjpaMl2F2R7I26nnA9VUTVss8roKQEj+v0VEJNbVMGI4DqkI2Cp22ZoqTW1g3PPopXi09uY+apkBeB+apKy+T1jTFESGnuVCFnWXQQeSmI/JRPng/JqZcfdVwBYMk7+5WYvl7E7zS0zvp2c5MhBssJ1N1AZ5XU1GeNifZZkHOSUd+DuTugvcAFpjHA2MRh5TE0yNyhOcMcow0sji84O6Ce6TskkZQlBqgPyVxJce4M+rb7og1F9IZIDsmjSASXBUF/62s1nPhSPc+YbFgXnV/wCvrndHOhp3mCHsGbH9UZpp0s7ZYa4N9fetbPassbI6WZv4GrBXbr+7XN7mt0wsP9Gxwsq6R8r9T3lzncknJUymtVdW4+VhLsqHTroqo7QOed8z/EfIS49yj2+21FxnEcbDjucLVWboiOJzZ7i5shxkNHZaymoKanaGQQMbj0Cgq3UwjxAzNn6Iiif4lY0HHAWopKGClGiGBjWj0AU2KIu5CksjaO3ChjlfKXZGZAfTGUaIAZ/yRQzOw3Umnt0sxBcNihcsCJTyRMZ+ndHgoqubBMRa098I81TZbc13jSB0jMggKnrerqmdpgoiWRjjKHeRJyLZ8NJTDVVEfbKjVPUFNGNFJHuNuFl3zTzv1zzOd65KFU3mhomeZ+SPRTchkKJy6Lqor6mpbl8ha0b4zhV8t4t1JtPU7rI3PquWXLY/KMckrKV3UDMuMkms+mUl3pGyrx85v7kby49cva5zbeC0DbJ7rH3G+vnkL6qpccnOCdlm6i8VE5LadpAAUOKmq6l2qqJwkzv9HVq0Ma1ksq67QOJDGkn1Va+41tQdDOPRF+Wt8QJlkwR7oE16ooWFkUQcRxhZZ3nQrpfpBY6asmy5+APXK7/udP5qh427KnqL3USZ0nSD7qBJM+c5e8kpU7GaYafPDNDUXy10jMwNLnDsFVVHUdZPkRAMCrXMGdhlEhppCAQ3OUhycx0aK48se6trJj5pSFHk1PdqcSSeVOgttTJwzAKk/wAGkGPEPPoqacuwnOqt8FOGNHYJbeivBaaFg1SPwu+HbGds49kPxlfMn+JSNI40J5p5zjw4jkq48e3s4jGfsmfxJrCRHHt9larZPkn6RWst9wfzFsiiy1z/APh/uphujzwSPyTDcp3/AEuOPup8RN9j9YOs6bDmh0j2h3cZRhYqWIgOkB9VGM0zjkPcSfdcAq3/AFA4+6Yqogtz/ZPZbrSwZcckLo/ho2AGyh/LzO5aTn3T2W2VxzwrVeAHNdNk11bSRMw1rePRRhdoG7g4T/4RK/GTt9k9tiDsZiH33RbQJWQ9sjyXsnZsiD/E53g+Y4VtF06zYlgUqOwx5/ugjVZXzUpGbNZOT9RQ/GqSdnuWubYohjMQRRZ4QMCAIviB/l1roxpbXP3BOF1tHWS4DyQtoLWWjDYhj/lTv4c/jQP/ACoZU7hUtavRkG2icjc4Rm2WfGNYWp/h0n9H7Jfw+X0P6K40L+oFa6foywsUurdwKkixR48zR+qvjbZT2P6Jfw2b3RfFFdICWtnIpW2WlzuUZtmpDsrT+HS/0/su/wANm9ELrwD/AC5/srRYKQjZ4z91z/Zhh3A2VmKOccNIRGxVjfsrVaJ/Ln+yil6VmG7JeexCiv6ero98Ahatr5QMFpz3TxNwXDYK/iXpBx1c12YqW2VcY3i4UIxvBwWkY9l6G6WCTyjBzzshi3UMwIfEN+dkLrS9DVq/2efEY2ykBlbmq6Uoahn8rMbvUKun6LqI2FzJB7ZCXKP6Gw1db7ZmBtlEG6sKnp2vgbr0h49goL4pYjh7C0jsQlOPI53wn0wSS7j0KWChfA07rd6pa3eq5pXdPuoVkJkpZKSSgI/JSyVxJQgTJSHKGkmgBwRhODgEHJSyfVQEkgnO5RAdtyo6fkqC8JhCSMbojXISeDhWmWF1e6WSgtznkoo4TMoVgK1xBzlGY7uoqfkqwJRyTGVLm43I+xV1QX4Mb4U+JWY4d2WbGyKzYjZQVZWn2aKe32m5xn5Zwied8HsVQ19hqqXLjHlvZw4RI3HnJCtae7TRM8OYCVno5QGMpQ6Mn4WMgjdAdg5BGFtJqC13NuY8QyntwqCttFVRyFs0RaBwccqYHwv/AGUvhnO4XDGfRTzC0DcIOgoJJvoerQGClgouj2XMBRPIxSyMAOU8cJYC7lQMSYknqEGJJJKEHrun3QUUcoxTWAq6D2TWfSE4coQAg4XVwHsuoiCSSSURBJyanJiIfrOT2JygDIOVwE55Ri0EL8en7LxtHMk2wUYHKhnLSjxkbqk8lBkkklYoSSSShBySSSgYkkklCD0kklCCSSSUIJJJJQgkkklAZdCSSSUEsSSSSEAekkkhayQSSSSogkkkkZAq7kriSIAc5ocC1wBB7FZa+WKaAmsoQS3lzB2+y1S6McEZChaeDDUVbHVDwZyPEZwe4WnslaZAaadwJaPKT3Cqr90sHvNztIEczd3sHDwqq23XxX+DNmKVpxvscqBPk37ox2KFK3GO6j26tM0Yildl4Gx9VMeNs+iEEbG4DnuoN1tUVbHrYMPG4I5BUokkogaCBvuVCJ4KGhrJIZPlKwYe3YOPBVyA0gbjIQqyghqQXOZv6qupqiamlNJVZ0/gerbwFL7glzoXPe2tpsCWPcj+oItFWMqmaX4DhsQVKGHAEHIVTW00tJMaiHOknJAUjYAyRUxupH+NCMtP1NUqCdkzNbfzHomUsraqHD8E4USobLQSeJHuw8haI27RFkMstRg9l458Wfg9DV+L1D03F/Od5poWtyXu7uXrdPUMnj1sPPI9FJzqBA2XV0Hk7dFarK3wY7qN3B8SyweDsefuh87r334s/CiGpEvUFggwXeaeNoySe5XhTotBx/qvsfhvNV6+pSi+faOLqtH7RBqYhKzS5VFTbTKDowCtA9mRyoz4x/SvU6bVPtHmNf42vUrbNGNrrfLEcubt9lTzt0nheh1FNHUM8N4znv6LOXexyxs8WJocBzgLvabVp8SPm/mvp2ymLlWZgtz2TCXNUl8ZbnykYQSNR4XRUlJZR4m2l1cMdE72QqiEPXdQaQE8yAjJQPoUirmgc08IJBbyFbua1/ZRJoO7W4SJQyHGWSJkroJyk5pHZcGc7hL6HZTCDhdXARhLIQFnUkklCCSSSUIJJcyF1QgkkklRBLhAxldSQggyFxEIHKGeVAhJJJKEApIyShWBiaWpySBrIILA9F3GPM3Zw4PouJJMq88Bxck+Gbror4oVdmmhoL2/xaV3lM2caD22XtFBcqevgZU0r2vjkAIIK+WpBnC0PS/XN16bkjgEhkpcnUwnj7Lz/kPFbs21H2D6N/8AEO3Szho9e24+n/7n0pHJkA4TpGRTNLJmNcD2Kz3TXUlFe6Rk0MrSXAZ3V1I/cDJC8zZBw7P0LpNZTrYKymSaGxsltgM1EC9gO7CeysqWupblEHAhrjsQeQVCY7sTlRqmmY5wfHmN/wDU3ZKayaXJMt5ad8R9R6oIeDyFGo72+mAp61pJGwf6hWnykFWPGpZWlx3Lcqk3EvBEfA2QbeigzUqsZGSU5w9pCG4By013NGDU6SFnOOSnqbZDUQmKVmx9Oy8j65+A1ou4fV2YeBPucZwF7e6MkIPgDO7eFur1M4vKPO6/wdGrrdV0U0z4Xv3St76VqDT3amLCDjI3CrI58nGF9zXzpSy9Q07oLnTa2uHLcArwLr3+z5U0T3V/TDw5u7jHjchdrS6xS4mfIPN/Rd+lm56V7onkUFY6E6mjBIwrWjvzYgG1O4Cqq22VttkLKyLRtsexUQSZOMcLqwnu5R4PUaV1Tddqw0bbVRVkfiQHcjcDsguiLRwSPus3BXTU5HhnCuaS9MkAbUgfqnqfHJisokuiVq3IwiNeEo3084zCmS00g3Gf1TU89GfZ+woIPBC6og1RndHZJqGccoypRwdSTs5SyFATmSlkriShB6SYkoASo6h0ZAUyKcEBVmcbpCY/ooA45LZ2l45UOeEcgbrkNSXEByNqDlCdEMtLTg90yWIFoOFNlhDsHHCC5pbgAIGshRlyQS3BwUKWMYGFOlizuG4/NR3DYgpSjgfuILhpKKwgjCbI3OUBri0quiYyTaWqqKCoZU0sha5p9eV6r0h1nTXiNtLO9rKsDDWk/UvJIyHjddY6emmZPTvLHsOQ4HdaKrNrM2p00dTHEj6QhaHtw5uCPdTaSsnoHh9NI5nqGnGV510V15FcYWUNxeG1TRgOJwHL0Cnc2UBwO2FrjNM8zfp56eW2RrKWusvUUQpq5raesYP5Up5z7FSxFeLYGtrQKuHhskfOPdY7wDsWjB7FX9m6mnpIhS1wMjBtq9vQozFOO7o0kUjXjLd0XUdtzge6iMjidG2roH6mO3c3OcI7X+oUEbWnlGD64+Ddj6lnddrM7+EXP6vGgGkPPbUBysta/id1d8PbnD0/8Sbc6OH+7hq9RDXY9duV7a0+yDdLPbL9bpbXdaVtRBMMOY4nH6JRtr1W6Khesr/zHWe/W69Ukdbbahs0b25y08K0bJqGcLwW9/CXrT4fSSXz4bXmSWlYdRtzic/+EZ3Wm6G+N9hvzI7XfWyWu7DDTFOMBx+/b7IUS7Rbo/JQ8r/zPWA8dk/WeyhB+wJBCIJMgBG44Oc444Jer3T9bvVRWkkg5KLqAG5VNAhdbvVLW71QvqXCMI9hAwJyiA7blCSyVCBUkLISUIFSTMhLIUIPSTMhLIUIPSTMhLIUIFJGOUA8pZPqkoQbIxkjS17Q4EYIIWfnhntEvit1SUj3b9zHn/RaJDkiZIwxvaHNcMEHuqYSeCFC4PbqaQQQCCF2QbgqC+Oa0zYBLqZ52/we32U9jw/jvwqDQiDjlZHqfpkTk3K3DROzdzR+JbBAe0dioEmeYmKC6Ur6StYHAgte0jhUFurrl8Na8RzufP09K7c8mnJPP2XoPUvTLpc3S2+WpbvIwcPH29VQMlbV03hTsDhjS5rh+xUQ+E8LD6NpRV1NX0zKuklbLFIA5rmnIIRTwvMqSoreh6r5mnL5rPI4maM7mnz3H+Hn7L0ShuFLc6SOso5WyRSDIcDlG+i51pcroKeU1yRdvwuK0hSREutB85D5Ma2bj3VJDK8v8J4LXM2IK1Co7pRlk7aqEfUcOCcWpYGDY5Xn/wAR+mnseOo7PBh5P+8sbsNPd2PVb6HzjOMIroIqiCSmmYHMlaWkfdUx1VjhJfo8Va6O4URaCCS3KHaqia3TfI1RD6abylrtxupvU9jf0pd3vjcW0srssPI3/CVGqImV1OCBvjII5/JIsju4O1XY8po8/wCsLDL0xdg6KQPpZSTBIO57NPurix3H56m8GZ4JxsStGYI+qLI/pe5SCOqgIfE49/ReaxuqrXVPpZCWSQvLXA+oXnNZpNr3I+tfSvm43QULH9y4ZrMS0U2T9BP7Kpv9O6KaO4wbdzhWtLVxXOi8ufEYMOBP7qM8eJA+mlGewXFshsZ9JjdGcfs7L3pm8RXOk+XccPYOCVA6ysgq6b5qIYdHvss1Rz1FhuDZtzHnBx3C9DhqIbnSBzcFsjMpafo10/8AzVLqt7R4zM4sOkqJOzO4Wq6xsgopfmYI8NJw4BZZzy4cJno8brtNLTzcWiE8KNJyFLlB9FFkBynQ57ONbH9HANwis2AQxyiDhRpYKi8MkwSFpC0FpqiXYOOyzbdlYW2q8N+6yTWGdjQ3OE1k9ApHamkZzsq270AdG6UN3Cda60uxtyrWoiFRFhu2UB6xpX14MC9pzvsuMeY3gjdWNzpxHOWtbgBVjx2IUOFanCe0vLXX/SCRlaKN4lYASFgaerNPIH9gtXbqwTsD88qGvT25W1kuT/c5WysG2VqaGqbPTtkG5xus2+MTRkcpWqukpKjwi7y5xgqzr6ayNfDNenHhBhc17dbTsQjHhUdL8kmiNOPRRnDAU5wyVGmZpwlNZCksoi/8RTYHAFpyFDcnRHjJQAwntZcRyZATn/bKiwbAbqVkaRlUboS3LBEnbtkBR9bmlTngHOygyDshxgrolUtTnZylYGAW91TNcY3ZU6GqBABSbIbh9Nm1misle+KZrHu44K9FsFy8f+U53bZeSRynIcznkLUWG8Ohc0l+HLn3VnodFrH+Mj0p7c8BVc8T4ZPFYMb9lNtVygrY/MQHYRqinD8ABc+cXk7sZblkVvqWVbDFI4ahspEfjUkuWnb/ADWfnbNb5/FhBxnJCvaGvir4Q1xGobJTGLDH3e0UXUFE6OSMF2PzB9V5JeLPV9PV3hvBDCfI5exU+qCX2PZDvdlouoKJ1NUxtDsHQ/G4KqM9rM9kM9Hn3T/UsrA2F7+OxUnqix097phXULQ2pYMnHdZu72Wu6frDFK06Wnyu9Vb2K+8RyO3757rTCaaMuNrD9KdRPcP4PdiQ9nlY53I9itHV07XN2Gx7rG9R2t7Jf4rQ7g7kDkFW/SvVUVfG2hrHaZG7An/JE2g42JPazlfRYJdpWMvFA6GQyNbs44+y9QrKVrgcALMXS2eJlugEFInEuccxwiu6K6hFC8U9Q7bOB7L2C3V8NdTtdG8E49V891kMlFVOLcjByF6J0J1I2VjIXOGobYysVte4Ki1x4Z6W0nO5UmOTbCrxLqwQEaKcZAcFilDB163lZZIlzqGEWFxIBym5a4ZKYDg5S8D8liwggDIQ6iIPi0DG6BHLjCJnPdLCwQKNz6Ct0v2a/ZaaCbOBjZUVVTioj0kbjhdtNbKHfKzuyW8E84QzQEo5NIQHDB7qPqdHIW9l2N+MFOkw8Z07pOARBwK6gZIKeHcoCx2SuEkjCad1xRdlMoOoaCRwE/LR2VZQyZIb6LXVMTZoXRPGzgsUQ6hri3fQSQt1LxyZ7E10WzSc5JXm3xCtJpbs25saPBqWhj/uvQTJqIwqnqm3NuVnmiIy5g1N+662mucTnaqr5Y4Pm7qCi/hV5kZH/dv87fzWm6QuBbM3z4BwEHq6hM9C2YNBlgGHH2CoLHWOp5m5OAV2K570eTg3pdUfQlrncYA4791fwO1MaQeVhOi7s2phEEjsnGFs6N+lzoj33Cz3I9rprFOKkTtlQ3mEwTsmYMZOcq7AKhXendPTeUZx2WNmqRFgqDI0EqBeW6Qypa05ad8JUkpib4Z5ClTBtRA5pHIwoik8lbUSEGGtj74OQtAzM0bHHkjKzzIzU0MlOzZ8OSriwzunocSbuZstOnlzyItXspuqbXHXUM0DmZGkkL51ukAo6ySFo2DiF9R18YceNu68F+JljdQ3M1cMemKQ6tuxXqfE6l1zSPmn1v4756Pmx0ZWmORnOFqemq1rZg1+zsaVkIpQMYVva5iyVr2ux6r29M9yPh8niWT0yFodv7IkL/5rWY2UC1T/ADNOHZ3bsrBrdJ1FaTo0WDa+nO8reAoTCWuG+FbyjxIS3GVTzjS/SOyB8o6EJ4J8UmRjKlwTFh1YVTTyYOD/AJqwZIMNIGyw3wydrQajEkjQUz2vaHB3KnRN2G6oaKo04GFcQSawMlca6vB9E8fqo2QJTuAutPqUMFJyxTjg7EZ5QRNecNJxlcXHHAQFTeSpqB4c5fwCnsfqaPdK5NJjJHYoFO8OG+y0QMVktrC+bJz3UOoGhwcpu3qodaRJEcchMwJlLJGmccA5UJ+STqUo4A3KjS4zt6q9pnnPJCopS2vdC3YZyArm44fTYcM7bql0hlex7RjbdXc2J4AG9wps9lQkUVjm8OrlgJwzVgBSbnEQ8kj7Kvps0lzeyUfU7IVvcBmPPOQgG7irpH+Yo9RnYqFSSYmDMcqdI3LceiADLZAuAJgOEh/dN/5V2oGqF4TNQ0NGeyfAwze08Q+KMni3lpPYYWRYcZwtR8T8m8ZB4cspq8uMLuaN5rPhX1PmXkZMbKckIjfpCjuOSixrTHs4cksI5ISBsnQbpkgyi0wIcEzJTeA6SIC3RhBzglGUnk4eFFlO+6lcAkqJLueVlukElkCeQiMHmQs5RWnz4WNrcw5dE6LJHKdJ2TYtmkpOWqEcGd9nWc4AUtow0KPENgpR+kBGVY36Gp0Y82cJqJG7GNlYuXRKiOoJk7suDQNzthLUW7plK109UMoiqY75pF7b6cRRNaB2U1+GjGEOBoa1v2RQNcoweE6Mcnq6EqoKIajj1HURjCkzuDY9yuxNDIzsq+41Qip3d8rTGKXLDsltjki1Mut+AeFmepayVkfhseAMdlaTVIihdK8nZYquq5Kqqe8u8oOAs2snthhHKslv5BQs1OGRyrONoDMKLTNBAOOFKaQAsVafZkslkSNAzLsoTdyplOz2T+zO5bQzWhrP1UCqdkkZU2bYbeirJOVVnBdbycjAzuuVDgcYK7kDZR3E5IylSlgYxZJ5T01OxulN4ChBzeEFZHrITaaknvdybR07SRkNG2cI5AigLjnOOy33ww6T8SP+I1DXh73ZAHostj3cHrfG6HdONMV32b7oXpgUFJEwsbqYBkhbxjWQRgZwAolppPlaXOOVy4TudEYwcJUFhn0aulU1qC9DYAK2udJp8rT+pV3E3QNOFW26IMgbgbncq1Y7IBwtUZYH1oedhlRJZiRjCPNKAA3HKiHbfCM1LCXIg88o9ugNZPucBhyVCe/UQAtLZaIQ0wLh5n7pF9m2O016Ol2WJss4IxG3AGAAna9S5r0jCfTxmQ/muDdPHZ6qpKCwSqGkc5wkfs3t7qykcI27Y3Q4xiMY7BR6ifGFmgnZLCFajUxpjuYpZSTzwoNRUZwNsIdXWY444VOZ57lVfKULskck8e69J4/QywpSPjn1n9ZQ0kJQUiU6d9XVfLUjdfq70Wy6Z6ZioGNqZ2apXbknlc6d6dioY2SzRAvIWlhGMDGy9BCPxrB+X/K+Vu8nc7LGTI8adhgIzQEGPON0ZqI5YRPwExPRgiSSSyFAgq4TsunZUHWnWdl6EsNR1Be5tEEDSWtB80jv6R7lCWk5vbHtkf4i/EOx/Dnp2S7Xp/15EMQdh0rh2H6hfKVst3Wn9o3q0XeuEjbYHljWgbQj+lu/791Mtdm6n/tI9XM6g6gnkp7RFIRFFpOkMzw3f919X9KdI2zpi2RUNHTMYI2gbBV0db/T8VWkkna+3+gPQXQVj6HtENut9MPEaCZJDu5zjjO/pstSeENox3T3OGFMuZx7bHZLdLsaScriR5XDsoUPTJXhoTJagR7EKI6UvKsgR7y4ph2SztlcLwFYQ17/ANlWXe90lqh8Wq3aewIz+6jdTdS0nT9KZqhuqR2RFFnBefT9wgdLdC1t4qW9R9YQkSZ1U1G76Ym+pHqqIQ7R07dOvZjUXEyQWR+R4ZJa6T7+gXp9HbKK2QtpqGFscbRjYYyit7pldXUdto311ZVRwxx93HCCTwQ7I8N2z7ZHZZGW+1vUFZLbOmMPZATHUVYd/LYRzg93IMdXdfiDVvbTPko+mdRwQNE1b/iP9I59eStda7VR2ijZRUMeiNiAhDs/TVLa4/FDjLVvHnnfu4q5LcgApNXHPaOThGQbp90OpnbBGTq83YKLUVbzL4VMSTnGyI+np6OP5mulLjyS45A/JTGSEVzausd/O8sONx6qsuN8o7ViGmIc49mqFeuppquUUdnH8s5Dn5VTDRSg65SCUSjkg8y1lxmdLMAG52Tw+Gn2kdpITn1MVPE5zjxwFna+tdO4udlMjHPYcY5Fd7xJLI6OJ23dUTwM5790eolBdwoM79PflPjHAzYJ7vdRpnZ7pPfnglR5HEYRhRjk455BTC4lcJyu6T6YUHxiESBBGc7KsunUlotAIrKgBw/CvN+qfiZVVjzDayYYeMtGCVDVVp52SSSN7eesLZZ9QkkDnDjdeadQ/EOvvDnsppHMZx+Sy09XNVPL5pXOLv6jlPt9BPWTtjjiJaTucIjqx0tdPMyMZtTsO3JVhbrVPcH6Y27fZam2dCweM2SqZnHGVrKS2U1EwMgiY0DuAjAu1MIcQMtZejIQ8y1beOAtVSUUNK3RDC1rRtsFYU9I95A07Hup0VIGYON1DDZqG+yvjpHHHlwDypjKaOMDDcFSmNYDggI8VFJOAY+PVDKWDJOeSE2MDGkKVBbpZ8FrcgolXX2aw03jVtQyWYf8NhyVjL98QK2veYrePlYfRgwSl7w41yn0bGurbHYWkVEzJph+CM53WUu/W1dWlzKWNkLHbeUY2WY8SaoeZppHOJ5JKj1tzorfCZDMHOGdlUppcs106T5i3FU6Tzzc43yolVfKShGdQcR2zhYqt641BzWHAKzFbdqyqfnXsd+UmV6R0afHNcyNvdusBJIS2TAxwCsxW9RS1GWsLicqshDpAXO3RmiNgy8fss8r8nRq00KukNc6vqyA55a37opoI2gPnOUKWviaNMZ3VbVVdRKceLgFJlYaY1uXXBZ1Ffb6UAMG7VWVN7knBbGdggfLPkOXb5UhluGzi3b0SZTch8FCC+8rp6iSYjWeExlLPLs2PlW+igi/vNiEF1ypY9owgaY2Mv8AlRGhtE7zmQhoUr+G0cQHindRprpMSNByFFkrHvHmJJPurxkLbOXbLVottMdcbA536octxhDsshIPsqxolkJ0NJypMFoutSRopXYO+VIxaKexfmw5uc4GBjCE6vm48T91Y0vSF3mwXR6QeVZ03QcmQZR90WxsRK6qv2ZQzveclxJPuuh0jjgcrfU/RVDH5nsyQpjOnbZFjEAyE2NOeREtdXHo88ioquXcRbeuFJistXIcBpA+y9GgtlGwYEQT3QRsAEcYH2CL4xMvIP8ApMFD0vNIQ6RpP5Kyi6VwzeNavwyOwC6GHsMo405FS11kjNx9ONYc+ECpbLDAACQ3KucH0Tmtd/Sf0THUkhL1Nj9lWyyQD8LdlIbZ4MfS39FOEfcZ/ROLM9krbyKdsn2QzaYR+Fqe2haMNDWfopRbp9/zXQATjUExQBc2yO2hH+D9E/5QAb6f0UhrB/8AKU/QcYV7ELeSE6BjfwhN8NvoFMMOTnSueF7IsFckfQ3+gJaB/SFIwfRdAOeCpgvcRPCzw1LwT/SpwaMZwlpHor2lqeCD4RHLUvDH9H7qfoA7LmkeirBHJshiD1Z+6Xy/sp2gJaAo4pg7iF8qfQLopcnBAU3wx6J3hN/p/dUolOzBBNuY8ZchG2QkcfsrMRk8D90vBPOn91WEH8rKg2iLkBCfb5WbRjGO/Kv2xjBBC6xmOQhcclfLMzJp6+N3Oyc2SpBAkBK0fg6huOU00EL9iwIfjJ8hStkaQA4BcdR0NSR40DD+StZLRSu3a3BUKa01LTmDOyr4wo3OPRTVHR1vmkMkbtGrsqau6NqopD4Dg5p4K1zKW4R58RpIRPHkiAbIzKXKpM0w1lkfZ5lVWytpHESwuwO4GyjafdesD5SqYY542nPtwoVR0jba2MthaGnnIQOrBsr16/qPNklp7j0NX0up0XnaOMLP1NBVUpImic33ISnFo1w1EJrKYLISTACTzlPVrI/sSSSShMj10cri6OVAQw4T8j1TB9KZvnKMAOuEkcJDhccqfRAiI1DRGpafIphgcrq41dTUQaOVJbjCiojCdfKJiJkrPon5KE3hETICwoeRuNip8VxeWCOpb4w4w5VyIBhXgW030FqbTT1OZaOQAncsdtj7KpqaN9KcSREe+FZtedQwSPzUoTMlYI6rDme4yhLTcezMGAHcAY+6b4GPRX1TaCQZqVviR8j1VWWaXEYxjshwaIXIhujIHCDoOVZSMGAFHfFtnCA0fKiMknFhHZNxhVkJSTEmJ6YrDyJdHK4ujlGWEHC6uDhdUEjwUQEYUVGBVdAtYCrmR6rmdkIE6uUaRaQdJcB7LqMo/V1kgJx/qpDXZ7KrZJuFOhkBYCvx41k/Z8o4JOAQUPJa7CI13smPblLxgWySwjGcpyhscW9ypDJAeyZnIqXYRJJJQoSSSShBySSSgYkkklCD0kklCCSSSUIJJJJQgkkklBLEkkkhFy7HpJJKFCSSSUIJJJJQg5JJJEQelnCSSgARpVB1L04yraa6haGTtGSBtqV+DhPOD3ULMNaLs9rhS1TtMrFraWu8VgBAJVL1H042fNfQjRM3cgd1W2q7Std8vOS2Rm26gXZsc53wutz6qPSVUdRGCD5hyFIaUILWAjdJGColRReOBsjncjBRCWloB2KprJRVsqDR4gqAQc7O7FSwWyM7EFdqYGTgNewEFVxdNQyCPcxngpbWGWcmjfQz+JDnQdyFNjkirIsEAnG64C2dm4yHKM+nkpv50RJHcJsWTG4AWyUM5LAdJO4U+nqo5dgcHuFFMrKlue45yhNcI3DA4WmuWBVkOC8iAfnBG/ZeL/Fj4TM1y9QdPU+nV5p4G8Z7kBet0052JU5r2vGHDIK7XjtfLRWqyJz7K1Lg+KZIdKjyNwOF7l8WvhWInP6jsEGmPd0sbeGj2C8WlZjbSvrHifMR1cco5Oo0afRXFrtXCc1oIwW7FGc0Z4Q16mnVp8s41+lUuGUF4sjahrjTs0534WTrLbNSZbI0/ovS8KFXUMNS3EjQV2dPrscM8b5n6Wp1cXOHDPMXsOckpkpPb9FrLr09v4lO3GyzlVCYnaXA7LpwvhNZTPmfkPC6rx3NkeCOyTJwRwieV3KHj90wP07kpmGzk9jZYWjcBR3swM4UzXnso8o3BCVKOey02iMQ8HDeFxriTglHIACAW7ndLwxv+QoO3K6o7XEkBHBGEGBh1MTshNUIcBOUYEY5QEslQgXI9UkAE55RgRhC1ko6kmJKiYHEjHKGeUsn1SwVC1wJJJLBUIJJLBSUIJJJLBUIN0+64WY7p+ClgoCsAHDBTHNBGcKRgpuB6IGk1hlRntC2W+V/TlQam3yYLuQT5SPsvb+kviDb+p6dr3yCOqdgGInfPdeDyRA4wMpkUs9M8S08ro3t3BaeCuZrfG1amGOj3X0t9c6vwE1U/ur/AE/R9VRynG4Tnz6iBheQ9BfFkyOjtXUhLXt8rZhwR2JXqzXtlBI7LyV+inp5bWfpDw31DpfN0LUaWWf2v0w+hrsZwfuiU4npT4tPIQe4yoZlLCMI8NS1425WaVTPQQuTXJcwXaOcCKtiAPGcIslt1DxKWVr286c7hUxOrsnwTzQvDopXNPsUtLaO/IllpaS1zcEJj2jGcqUyvhnAZVxjJ/E0brk9D4bfFgkEjD6chNhco9me2hzRCI/RCLdiBtlHMgA3CZp9Fohd+jm3aXHow/Vvww6d6rY75mEMmf8A8TGd/wBV4F1/8Gb90u99ZTxtqKQHHiRjj7jsvrF7Q7G6BJCyVhZIwPaRggjIK6On1s6+2eS8v9K6Lyf3OKjL9nwg9jo3FjmlpHIK49pLgey+qetfgr031MHVFHC2jqTk6mDAJXgfVnw66j6Tk01tIHsBwXszgLr062Fi5fJ8l8x9L63xXLjuj+0ZmCqngALH4wrSkvDnEMmO5VUBjY7H0TQ7zYIWuNzXKZ5GynczR+IyYBwO6e1hHvlUUdS9gGCrCkuY2E5WuF6xyZZ0yXROLiwbjKQecrnzFPPgNdlOMAAyiViYnawgO25SyPVMw4LgJymJ5KwOSThwuosgDEkklCBGnByEZj8AEkKKnasd1AMZJgmB22T/ACndQQ/B5Ke2bHdQpxwHfGAFEnj2yApDZAUpG6ggCTwVbmnJbhAfDnjZWckGd9KiPjPohGqSIwJYdgpcRZI0ZxlRnNx2SiJBQp4LZILNGSPRbzoz4lSU0sVsvA8vDKgu/Y/9VhcEjBQTGOSM98J1cmZ7aoXRcZo+n6GrhrIWzQPD2OGxByjloK8C6O+IFf0vV/7xrmonYEjS7On7L3S03ehvdDFX0EzXxytyMHj2WmuxPg8zq9HPTy64LCkraqidqglIHdvYrTUFygrYwdQbJw5p9VltJRqd+k/6rS0mjnGzY/OdlJieQRhZ6juelojnBPYEKzjrBsRuFnawwC2E+kYwsl1r8Kumevog+pi+TrmZ8OrhGl4PbJHPC0Uc4cFKilaBuFC4znVJTg8M8MbWfEn4KSimvVJPfOm2O8lY1xc6Id9Q/wDX1XqnS3W3T/V1OKqyVolGMlpGHD7haMhsoMcjQ9jhhzXDII9wV5Z1T8FI4Kxt9+H9wdaa5pLjCCfCkPuBx6bIZScTXK+GrjtmlGX79f8AU9TY8DlPfJuMFeS2X4sV1mq4unviRa3WqsPlbUluIZMbZyvS6aqp6hgmp52ytcMgtO2Cigt3LMdlE6l93/f0TmS74wjhwI5CiCUgJZPqU8UuSZqb6hLI9QouT6roJyl4IGa4k4JRQRjlRwRjcrgO+5V4ISMlLJTGvGNyu62+qHkg7JSyVxJQh3JSyVxJQgkkklCCSSSUICqKdtSwseAQRgqljfJb5/lqjJicfI89vZaAd1FrKWOojLJBzwfRWiAvEyCh78nuo7XvheKebYgeU9nBSgcjhB2EMxlZjqTpp4/96WxuHDeSMcH3C1S7Ic7quEFGWWebwTCVpic0ah9TXdlURCu6JqzXUD3TWyZ386lA2h/xMHYey1/UFikdKbhQMDZB9TQPrCqYZ46mM087RuNLmnsmmiLzw+jS0FdS3Okjr6KUSQSDZw7H0PopGQeCsFA6s6QqjVUWqa3zO/mwc6PcBa+jrqa4U7amlkD2PGedx7FFgprBOyPVCmiErdBPKY8kEHKI0bYymCclRM35eYsAxhPa72UqrphMw4GDzlVrJC3LHDcFQhH6gslJf6B9HVRBwIOk9wfULxRhrLNcXWmtcNbPKdtvyXvLX4WR6+6VprxQOr4ItFZCMh7eTjsUGDoaW7bLazziujdTTRXKHZ8bvMR3Cquu7OL/AEv+09ta0SwN/wB5a0buHb8xgqyt1b4jDSVf1NJaco9M0W+rdTvaX0lW0seP6fdY9VUpxwej0GvnoblbE84s9wfT1DHE+Vw0u32WlnaCRI3ghZvqazy9OXUxAH5WdxMBA2HtlTrTcmyQCKR2SBjleX1OnaZ9p8R5GGohGyPTFc4jM0M9lM6PvBpnut87slpwM+iHUj17KlqA5tQJ4SWvb6LmSjsZ6dWyqmpo9Bvdvjr6R7dIOtuy8krqJ1FUPgkHmYSF6n07cW3Ciax7svAwfuqPqzp4yl1XG0ZxumRkV5PT/wAyr5qzzyRowo0gAUqRpDtOOMqLIMLRFnjLYtcATykQewXCCHImkOGFGZF2JqkU0pjkGAouMEbog2Wa1G6p4wzW2erG3BWqpXCWIbrzu11XhuDcrZ2WtBaNR9Uk9f4+7fDAr5Qa4DKwbsOfuFlpIgO2Mr0SohbNTHABysldKIROLmDAKgOs0ufvRnpYj6KxtNe6IthPdAkjBHG6iNPhSA4yocmEnXLJu6WpGMYBXKiLziVgwqO21/Gok4V9DI2ojAHKh1arPkWS0sty83y0nONt1fNfnssWNUEzZWbYK0NFcBNGM9lDp6S/+ibLNAqgOyI2QEZKY/du6prg35RDPKY04cER3KGlsB8Mm0ry4jJwppdqaPZVcbtJCnwHUN1RorsE7g/ZRSDuph7oBaN8BAaPREkBXIXkO2KLIFEDDk9kDWRaltZcUkzSMHCnRyuGHMOMeiz8MpjcrGmqxjBWe2vJv097Rvum74wOaHHDm7ELf01RHWRB7Dk914fBPJFIJY3YIW66V6lAcI5HbnYgrnW1HpdFq2o4kbKpgL8AtyquES22qJIJjJzstBC5szQ/bhRauAOOkt2XOnHDOrGW4mU1XFUsDmHfCmRDJKytM+a3VJzksK0tFMyoYHsORhAW1kDfLFT3qjdFLGC/HlPdeQ3S21fTtf8AL1LSCHbHthe5M2VT1J05SdQUbopWATNHkfjdXGWDPZD2jz223Wnr4jRTbOcNs8ZWeudJUWGvFWxuYyc5CLcKGs6cuAgqWFuD5XY5Cvv5F8oQJGggtwfZaIyMks7i3sF5gvFGNLvOwYcFImoxMeF5zHJXdM3LXGXCLOx7EL0e31kdwpI6ljhlwyQrk9w+Esr7jJX+yP1ukazP5LIwzVllqvEje4N1Z2XrdTBq8rgCFhupLDKxzpGDLCcgpU4FTi4/cj0DpDqQ3KkjjmeHOxsVqQC3BIXz7ZL1VWKraC8hmeF7L071JBd6VrS8a8bLHOHs06bUyl+RpGTEY7owk1b4UBu523yjxu2Cx2RwdSM88klri07Ikcx7hR2SeyfnBylYGOWSYDlRK6me53jwbObvsjMeOEUHUEHYfYS2XITxhh+tuzsq2jw4ZBWTqWSUUzamHI33HYrQUNU2WJsrTkOGUrGRckSJMeibnCed0OTkJTjkFPI9JMBXUPRY48FZe/Unh/z2s2JWoUOvpW1NM+PG5GydVPDwBPky1M7XgE7qS5gLS12CDyFXs1UtUGyZAB0lWQfnsunRLkRbFJZPJOtLSKepqQ2PDJmnC8rbiGpADfpdhfRHV1sbVQtmEYOk4P5rwm+0bKe5ysYMDVkLt6afo8r5LTbX8qNp0Zcgyoia0gF2F6rTSCUNkadwvBrHVOp5GNB0vjIdleyWGpFVQiQO1HG4ymXLJt8XqcwwzVMIc3UO649ocMeqBbptcGHchGdkLBYjvQluRm6+L5aqJA29UWmnbjBwQVIvVOH05eBuN1S08xYQTuigX0SXRup67LNmyNR7G90dRLAPpydlyRviBkjdxjlR2PfTV7ZG8O5TY8MVZyXNdE97SGbOxsvM/inaZqy0NqYQP5Rw8L1aUtkAPsspeqVlXS1EEgy1wcCF1dFdstTOB5vSR1WknW/aPmUvdC8sd22Kn0dSRjZCvVI+kuUsLyDpcdwgQvDdsr6Lop/JDJ+Z9bV/HvlX+meodNTudG0Dvsf0WklaCBp7LAdL15ZoY53cBboElufVdAPTWB6V+rMbjv2VfXRGOUkhGjkcyUOUiviE0PisG+FDoplOJDnZWNLIHRhpI27qozhxOEelqPNghJtjlGvT2uuWS7p36HjdXlI/LB5sLMxknByragqNw1cjU1Z6PceG1a6ZdtOUQcKPG4ac5RRzyuVZFpnsYWZDnhCJGeUg4ac5QS85S0hrfAytjDoHeqpmybkDsruZ2BgjlZ5+RWln9Rwm1oyWk3W4jlBkJ0lGbhoIByhOaXZ+6djBmnLaQJHanYHZBKdcHeD5jwgNe1wyCjbwZbJ5By/3zX4VlTZLAqyoOBrHYqbSyjQPYKn0VCWOypurXU9wZKRsSreoxJT6hvlv+igX2FzmNmHDSpFJM2akBbuC0BJZoU8FQ3yTB3opxkD2DI5UGtIimGylgjwwB6KiOWEAl4d6YUIuKnTH+U/1UDsii8GG3s8T+IuDd3Z7OWSctZ8Rdrs7/mWTc4bLu6Oa+I+HfUCX82f+QD+QjR7hBf8AUEePcbJqeWcKxDTyFIixhRzyFJj3CZETPI/JSSTX/SU1lLsHIcDlRD5ifZFmO4wUFqyWPLNNfIwcosAOQcIbPqClQAHBIQxWQbCVGMNSHKcOE0coxQaIbAoiHF9IRExAHRwUSJu+ShjlSGENByMI0xdgp36QP+qmWWDxHCUt5VfIPEcA05JWitsHg0oBbgq0smvRU7pKQcnwwTz6IlE3URKeUCQ6nBSoW6GjC01rHJ3t2SaXZHos7dajxHmDPCuKmXRE6QnhZGeqMtQ+QZxlHnJk1moVcMMj3yrbFT+FnzELMRtycqZc6h9RUOGdspkEW3CxXP5JswxnuimSqaMNYCeV3Sl/SBthGb9IVRj6Ylv2MY0kgqwa0saD6oEDQ45UmQhrNKL8RDeWRqyY40hQ3YI5RKl3mUOQHbdInLI6HCOl2/OyanYCG1J3ZLSydKl0cIlc4kfTugRReI4D1Vq2FkcQY3bb9UmyzB1tBRue5D7Ha5bxdY6bBLGuyQPRfQfS9njoKOKJrMADdYT4a9NeFE2vnj88hzn0C9bpIRHEBjCQ2mfSfDaZ11/LNcsM94jjxpxgcKrDnyz9zk9ke5VGPIDuQlaYnavGPA2UiuTszn92EWdNF4bQ0qTqDRnKGXBo+6BK45ABynobGSQ6Ql5ySo1ROGDGOAiPl0NJwoMDXVNRgknJRN45GRl8klFF1YKJtU/x5m7DgdsrUgNjZhoAwq6gp/lIGtwM47I5m1bei5eqvyz0uir+OPPYbOp+FaUrBG0ENx/qodBThxMrxsOFOc8NGAFyLJOyWDfO1RQV0uluMZVZcKjRvsiVNZHTRGSQ5zwPVZSsrp6+pFJTyZkldp24aF3PG+Pla1NHzL6z+q6vHUyjnokS1U11qPkqIEkHDnDst10v0xBbIWTzMBkO+TygdJ9MR2ql1SMBlkwTnn/5d1qYYnbZ4C9PCG3g/KPmvM2+Wt+SwkMAOBjYKRG0bHCHG0jspMQxhMPP59hGjAwiJJyiWQxJHZJcLg3lEQ7rzsmg45KG52eFCuFzpqCndUVDsMbyhyGk28IdfOpbb01bZrtdpmw00A1Pe44AC+Ym03Vn9o7qp1zq5H03TFHIBGw7NI34Hrtz7q1utX1D8e+phbopJKbpi1v3I2E2T+/C9/6V6doOnLWy2W6kZBA05DAP8/Uqdm6Mo6OOVzN/+X/7QnSXTFs6Zt0NFR0rI2xN0jAWjByo7RgYRmuBzuo0c+UnJ5kPSyVzICWoYyFRQicIElYyL6hv23TKifSM42UBrXzyF7yrwQeXSyymQuy09kYDASDA1o9kN0vYDKjIEkkDdtt1m+o+qYbVooaSCSruE7wyOBhxn1OcHH6IN76hmdXR2CyUzqu7VG0cIPGe59AtV0b0HR2ESVt0m+eutQA6WcDygf0N3+nfhU2EV3SHQojnb1H1GTU3V4BaHnLYh2AC3ZGrlO0jOdsrPda9aW7om2srKyKSpqJ3+HTUkX95O7uG/bI/VVGWeCEnqDqK0dL2+S6XmrZDCwHS3l0juzQO6x9HYr/11XNvnWVL/D7fC8PpLSW+Z3o6bj28uPXdc6V6Uvd4uX+2XxCmfNc3uPg0B/u6NnbQe7sH6sfkvQWHOfXuUJATG6TzwpDe6GWhoyTsEF9cxu0fmKsgeapjg8rju7hBjZUVTyHx6W+vquwUL3uNZVnc7tB4AVTfOqPlm/K2p2qY7ZVpZITrpc7bYjlztT+3usdcrnWX6fVK8shP4GlCdTVFTJ8zWSF7zuQTlFEbYwMABOjEh2GnjgbhjQEGqqdDSMBOnqABhVVXUAhRRCisga2oL3Ak8KoqqjtgItZVebHsqqolzvynRjgYKWQk5UadziAAkZN8YTXvBG+QB3wjDwC3JXHMzu7IHrhQ7jebXa4jLU1IB7ALzzqT4tAMMFtLsAkEnuobqNNK3o390vVttcQklqRq7Bef9TfFFug09E85HovOrl1LW3ObXJM7HoSokdPU1ZzFEXE98KHTq0cafumSq6+VV0fmokc7JJ3K7QUVTXyiKGMkdzjhaSw9AVUmmrrAAOwW3t9qorfEIqeFrCfqKKMcjZ6mupYgZC0dDuMolriDjgLY09ugpQ1kUDG49AFPjopS4Fo2Ks4aKNoBeMkIznW6mUu2QIqKWTGgKdBQGHDpdypQxCMManM1SHSwbqm8GSU8s5HHG0bNxhEawvIawZJ4ASIgo4zVXKojggby5xWTvvxJjYXUnTcAPIdO9u/5JUpZDjXKZra2os9npjUXSoDXDcxn6vzCxd6+JMlZG+hs0Igh41AYJWQram6XiU1NZIZHnkkqvmr7ZbIS6eqY+X/u49ylztwbadJu9FoJ6id5kme6Qu5JKU9RQ0UJmqagMxwPVY65dXVPhGKiYYweSVlaq7yzOJqp3OJ7ErNK5nU0+gb7NhduvoRGYLcHj1J7rI1dxqq6QyVExcDwM8KK53igFrdj3XWxNB1ErPK2UuzrVaWFMcIcwE4yjtOnchAdMxoww5KA+aR31HZLc2N2bieawxeWMhBmq5H8uyoYcTyVwv075S5TbLjAMS7VqGycySBm8pyVDfWTM8jTnKayhrq1w8OEk+ynLGNRj2S5bkGf3GAFDluc8uxeMeitrZ0fcqt/89oiZ3JWloeibXSYdM3xXIlDIqeopq75MCPGqCGAFx9t1Po+mbvWEFlMQD3XpNPa7fSbU9HE0+undTGDTw3HsE5U7zJLyGOIIwtD0BVTEfOPMYHOCrWn6ItUW0mt+PdalxGPM7A+6Eaqjh5mBP3TFWomaepus6IVPaKGnYI46WMBvq0ZUptO0YDWgD2Cjz3620ziHyD9VAqusbfEzMTHPd2AKtShHsUoaizsvGROYNiiEE9ysfN1xIAPChdn3UKo6susoGkgAqvmqXQa01ku0b5pHqEGaRkZ+oe687d1DdH7+OR9lCmq7hM7U2aQk84dhT5Vjgb/AA2vyPSXXSii+uYfqos/UlqjxmfK8+dS1jmeI5xJPbKTaGoJ3Yd/dD8gyOlqX5M27+rbW3OHKI/rSlBPgbrMttsxG8aQs8x4bjKCVlj6YxafTr2XzutucEKO7reqOQyUfoqoWiXP0D9UQWeTH0ge6HdZ+w1VpkSndXXM5IeEI9WXQ5Hifuh/wiTszH5pn8Hl9EEvkfsYoacIeprtz4yH/tRdQf75MNmlx9OUE2abJ8pCS5Wr2Xt05MHVl1A2lOVwdYXxp/7Tson8En7OCTrPUAZyFN9n7Io6Zli3ra9N5kBR4viBdMgSiPHqGqj/AIZUcEj9E2SgqGNzjKnyWfsJ6eifRpW/EKoH1MBx7KTH8QwSA+MgeuyxXy0g5amGJzTgj9kz5rV7Aei0/wCj0qDrm1yAeJqB7qdH1VYpMYq8ErylpB7Iw2zpwD9kcdXZ0Jn4+qXR67Bc7fVHEFU0n0OylxtD+CD+a8XFZVxuw2Qj7FTqe+3SAgsqnjH+Ip0dTnhiZeP4wj10xkLmgf1fsvNIur7rGMGZx/NWtN8QJA0NqKbJH4h3RLUR9mWegsj0bgDflPAOVmqTrW2y48Rr2n8lcU/UdmnADaprT/iKbGyMujNPTWx7RYhgwu4/w/umR1dJKAWTtdn0KkNY127T9kaaYmacOwOnHZIMOcAKSA3gBdwOVYGQYiHou+GPRPJwuavZRJkBCM5wQjtaANtksj0XdXsrcWyDnNaQdgoT6CB4OtinrgGO6DCI5uKKiSxxSg+EdBUH+HXOlkIjJIG+QtU0D0Tmtz34U+LJFc1wzLm5TwkR1ETh742SkbbrnH4VRDG8H23WkfSU8+00YKra3pekmbqpXmGQb5CRKvAcL8PKMxWdBW6pBfQPMbjuATssxdOkbhbyS6Mub/UBsvQJrVeqODVHK2XSeyUN3fA0R10PiMI31DhDsya6tdOHbPJXQlhw4b+iHp916tW2Lp6+tLoWtglP5LLXjoS40GqSnHiM9R6JUqfZ0a9bCXDMmujlHnp5oHFksbmkdiEMAHhBhmqFin0PHC7gcpJIhmR6SWClgqmwZSwORGoaI1LQuQdJJJNKEnjlMTxyjETDjhdHK4OF0coxYZn0hOHKaz6QnDlEQIOF3bOcLg4XVBb5DxTSRD+W7GO3qnuio7gMSxCOQ8OaMZQWrrRgHCrAtyeSuqaKopJNMrcN7FCcwHCvoqnLBDUsEjPcZwoVwtph/nU51xu3x3CW45Hxmn2VL6ZruFGkgLd8KwG3K4WjB7qpRwMjZgqiCM5HCEH5JGOFZSU4dnAwoT6ZzHE6c5Q4Y+NmeyOkkkjHZCpJJKAD0kklCD8nhcSXCcdkKb9A5wOB7Ig4QxyngjCYWz9SI5i5TaefGluVWs3IIR2kjfK/IUo4P2i0Xsbw5vITsj1UCjlDwADxypZHG6zyQEo4OyNxjBXI3nghO7JPYA4YCGMmKDtORldQ2OwE/V7JyYtrB1PTE9WUJJJJQg5JJJQMSemJ6hBJJJKEEkkkoQSSSSgkSSSSgIk9MT0IAkkklCCSSSUIOSSSREEkkkoQfnC7kriSgA4jKzt+sLZgaylGmRu5A7rRZC47cbHB+yhaeDKWeukhwJvqxg+q0UVUHjAwfsqi72UjNbRHErd3N7OCjW64YAOOOR6KB/kaVrsnKIDwFCp5/EG6lDdCA+CQcOG5QJ6dkzCx++f2Tge+UTIQFGff49tnA3dG71KsmSCVoc07FGqKeOeMxyDIP7Kjk+Ys8++p8TuxKMJL2TqmiMf8+H82qA5zozkjOVcwTx1UQfG7IcP0UapoQ4ADAymqWCnzwRKerAPYKxhqg44yFR1NFPTO1fUw9x/qnUtYwOw4kkcp0LMMRbVu6NREWzDDsEHkdivEfiz8JjTyy9RWCENg3dLE3ho9AF69SVJJGAphPjNwSuz43yM9Hapx6OfOtrg+LHx47IDm7L2X4qfCt1JLLfrDBhjvNNC0bA93NHZeNluN19U8Z5SGtjuRztRps8oC5u53SMRS1YdwjgjHC9DVe0c2dDIkkAIxp2PIVRcLDS1OzRpJ7rQloKjzQ6xsuhp9U4M5Ov0C1MNk45R57d7HU295IZqYPQLPyuJOCNP3XrEsYbtKwOB7HdUN16WhrCZqYNa70wu7ptapcTZ818n9KfE3LS/9jBl+g5xlcM4O52Uy52uqoH/zYyGcZwq57VuU4WLMTx12ms00ttscMKXMf9JQymA6eE/IdhA1yAuehmDyh6neqkYHohkYSmiuzoJynfhTEhygwWdIOVzBTxjG6Rx2VEGJZKR5SUIJJLBSwVCCHKLhulCwV0ZzugKFjfKeAMJD1XVCmzhAQzyinhDwc5ULQgO6eAMJAd11QjZzASwF1JQo4QMIZCKuEDGUARGAwcFDcM7KUQhZ7YVSWRafJDkjycgb+q1/R3xDr+m9FPWNMtCwYdg7s9wsw5mUzQSs9umhdBxkjs+K85q/DW/LpZYfv9M+j7ZeqO80TK6hkbJFI3IIOUR0z4iHNJC+fen7/c+mKz5q2ylodu9mdie32Xsdg61tXUUbQ0tjqMedjncn7LzOp8dOn+5+gPpf670vmIRqtey39P2amnuIdhsimePqAIGQVSOazOQMIkFRLH+LUPQrkyq5wfRKNZ6kXInIwCpUNU9h1McQfuqhs7ZQNyCjtkxjG6U6jpQ1Cmi9M9LWgNlYI3+oGxQJqWSnGpp1MUGKXv3UyGve3yzDUw7YQZ2FWQUxmWu5GCmaQe6nPpYKhmunlAdjOkqBLGYjh3ZNjPJjnpW2DczB5Qqi30VfC6mrqeOZjxgh4ypGMbhMf5sY/ROhY63lGO7S5WGeS9Zf2fbbdhJV9OAQ1DskszgErwjqborqPpaodDcbdIGtONYBIK+02E4IGf1Ua42u2XmndS3OkjnjcMeZu66dGtkniR8/819GaXW/dWtsv2j4aByMkYwnHB7r6K6s/s7UVZ4lX01UtieckUz2+X/PdeI9RdDdR9L1BhudC5rAcB4HlK6kNRCxcM+XeT+mdd49tuLcf2UTJ3s+k4wp0F0kjwHjUAq+VpjwCF0HK2wPM2V4eGaCnr6apGNWl3o5G5zpIOPRZocqTHXSxFpY45CfCzgQ6n2i+/JdUWlu9POAyYaXeqmaWubqjcCPurVjESUo9oEkkQQDlCOco1PIGQ5IxyhklJDA9d0TswGkEyUslCIwkDhUpZI0SI5jjhGZJq5CgtODkozXDHKIAmDSe4QJYsDOE1hI7o7JABghQp5RWzRkHZqCwljiSFbvjaeGqHU0ruwwlyWOS1LPZKonUszQH8+/YokttJJc1zdPZUZ1RO2yM+6trdcwcQTux2BVRlngGSkuiPNRlnlLchTbBfbl0zVfM2+QgPwHxk+Uj7eqmOjZODpAOOVCmoj2T4ZjyUnv4muD3PpHrq2dSwth8RsdQGgOaTjdaxsWk5Xy3E6opJBNTSPieDkOa7BC9Y6G+KcRiZbuo2Pa9gDWVDTnV9x+m61Rszwzha7x3LnV0epR7OyrGGQgAKsp6iCphbPBIHB3opUThjHojX9jiyg2W0VQNsqbDUsOADlUrX47okb8HIPKgJoGVHG+UdsurGThUTJywjO6lsqozjDkvGQAl96fsfU1ufbb5QQ1cLxsJGg4+y82m6C606BkfN0Bd/n7cTq/hNXLg4H9Djn/ACXpolzjdFbNjGyiGRunDjtfp9GO6Y+JFtu8xtNzgltd1hIbLSVI0uz20/1LZCTPZVN/6XsPVMIgvFugmA4eW4kaf8LhuFl5LF8RelRr6crG323sOfl6sZmYPQPOx/NFKTXQXxxmvs4PQS/HZdMwA4WR6f8AiHa73KbdVQy224RjL6arGh3/AIfVaRr9W/qqzkVscXySPGPokJd+ENIco8gNZJAcSuhxCECMLuQFZQcTEDGF0TE9lGyF1TBCYHAjOQu5HqFF1e66CcqsECJLgIxyuqyBUkHISyFWCDgSOFw7rmQlkKyEWspRUx47jcH0QIptGIpdnjb7qxOD3UGrp9f8xnI/dRrJaeR4IcmkZ7oUUmRg7EdkZIawwhgaDlZa/wDTzmSGuoRg8vaO61iW2DkZRIuM2meeai5uh4B23BVWx1V05Viuog51HI4+PF/RnuAtbfLUynf81A3Z5w4BU0kbXAxyDU07Oae4Texud3DL+kqaeupmVVNIHskGQQpLRnusVBNL05WCVkhNtk2LOfCWuhqWTMbJG4FrxqB9QjAnBrokPwWnfsqSuhkhf8xCCfUK3ZknOTskYWEEOAcD6hECuypbMydjXx7eoXfKdnN1NPI9QgV0LrbWtc0YpZRuf6XIgkBGobjsVSWBsOHweYfEbpL+F1Dr9bR/IlOXMHLCqakljr6MB3OP0XsNwghuFJJRVEYcyQYOQvHrrbKiwXeanz5Acs25aglFSOnTe5RUZeiHerV/GbJJbZmg1NLmanefUcLyuJ9RRVTop2lkkexC9lP81rKhhxjn3HosT170+5zXXykjHlH8zHouTrtKnHKPcfTPl3RP4Jvj1/YBBOKmmbIDuW7qDVR8nCrLRcZI5Awnyu7FXT/5m4H5ry99TyfYdLqVbWlnJHoK2otlS2aJ+BnDh2IW8iljulG1+QS5u6wFS3S0jHKt+l7uaaT5SY+UjYk8LPXnPJ09Jdsl8cumUnVdpFJKZY49gd8LJyDLsgYXsl5trK2B2Gg6mry+8WyWimc1zMNzstUZYOf5bxyj99a4KaQAYwnNxjGVxwOeExuQUfZ5ayGx5OuGk7DlOGXNyRhdyHDcJzAB2QSQ2pjqeQxyArVWarzpGQsm8bgqxttT4ZAys0oo6ui1MoWJI9Jt8viNy5wIcP0UO7Uetri1uQeFXW2sIaME5WlY1k8ALm5JCA9Rn5o4PPpo3Ruc0jBUGVmDnC1l6twDy9redwVnp4CG4IUOLqaPjlhEWmqjFIM7LUWyugc0DxNysfPCQchHt1Z4UgYQoJpu+OaT6N35ZGgtOQi00xpySByq6gqmOYNJz65U1rtQyp2dWuxN5NDQTNqY9TXZxyPRSy3AO/KzVNVSU0rXRnHr7q+pKoVLNQCs6lVm9YBSjBQtTfVSKj/RQyCPX9UsZJ7R5dhw3U+nkyAAquQgkYKlUsojIBOVAoWYZZcocn0p7Dlq4gN8JZRDcN+ELAUtwBB23UYjBQC7H+hun3SjkdGRjddXTFrGCltZWA65OPKJ1NVNeQ15AJ4VpA6SneJYyQRusrMyencJBu1XdsuLKlgje7fgFZbqjo6TV7ZYkendM9TmWMQuk83cFa+NwnaM8juvFYnT0UoniJBG+3ot/wBMdTipY2GV+HDbdci6t5PU6XUJrEjRVVPq2I90CColt8wc3OgncKe5zZ2hzTnKizQteMELK1g6C5L2lqo6iMSRnOeR6KUDlZKGpntkgdyxx3WjpKuKqiEkZznkeiomCJ1F07RdQULqaojAkAyx4G4P3XlD6W4dL3M0VTnwyfKTwQvbAcqp6h6co+oKUwzNDZAPI/G4KOMsCbaVJZXZ5/W0UFzpt2g6hsfRUtjuNTZriaGR58InADuyntguPTVe6guGoxA+V54IRbra4bjF48GBIBkEd01PIhxaNXFieMPG4xkKHcKVtTEYXjnuqLpu/SUcpoLgT/SHHstXIxrhlu+d1GMX3LB5t1J0zNE0zxgOA9FH6Y6hltVS2KV5AzjfsvQKyKOeIwuGzlgOpOnpYnmeBuC3fbukyjkVh1vKPZrLdoq6lbI1wc7G6tY5A4Z9V4t0Z1Y6B/gSktLMAher2+viq4WzQuyCNx6LJbX+jpafURnFYLdvdO152UeOXOx5RhuCskomyMgjHb5yiiUt7ZyooyDnKIHBLwMbySgG1EZa8bEd1BoqiW2VvgyAmKT6d9gVMa4BBq4PmIw0DJ7JeSjQMcHMDgcgrrhkKgs1we1xo5yctzjJV7G7PKB8rAAMktOMIowRnK5K3AzjhR2S4OClYISUxODgQmndSPZDJ36BzJxOG7A7p0D2vjDmnYhXF1oxPTOwN8LNUEmnVAdnMPC30yyIsWR92b/ILnDLe68Z+IVmNLVMr4mDw3HJx7r2yrj8SndHjOd1guraFtZbZISzUWAkFdnTz2nK11Py1M8nimPzbZGbZ2XqHQd1y75d8mx2wvLHO8KdrSOHYWu6Vro4qtrHnHC6Ulvjk4OhsdVuGeywkR4DeCpwxI0Kro3eLTMcDlWEHlH3WG2OD1lUsrg7LCyRpY4AgrGVRbT1TmAeXJAW2HKz3UtAP+0xt53S8MZMDRTZj0HcHhEqow0tk0Zxvyqy3T6gM/hOFdPHi0+gN3wjQOck6klM0QcSMqqu0QbKXAYaeVKtTsNEZTr9Sl9ETGPM3JWumW3kzamCnW0eA/E60R0lzdPHHpEgyMLBRPLX/Yr2v4i0kE9njnljzI0YyvFS0CoeAML6F4e/fVg/O/1noP4etckuy6stW9lSMbAj/Vep2uYz0THOcC7ABXj0MvhkYGD6r0rpOtbNSiIu3xkLuJ5PK6eeJJF89oByNsqXTHxIHMceyhvGeEWil5iJ3xsjOpGSZU1cRikc0jhR4ZdDwcKyukbhJrxsQqhp/mEoGsjs4LmCbLeFOoZSycZVRBJsBhToJBkFY7Ibzt+M1mySizSxTZwARupLH+yqKOQPxucq0Y/I4XJurxLCPo+l1EZ1phC4+qQwO6YRtym5Cyyiom35Mj5hq3VFdgI543M2OVdv3CpLvHqb4mOCiSF2vEch2uOxzsnuwBlR4jmnYc7oiY0Y5S3rBUdQHFPraOFX0kpmhD/VWnULNVskxyqCyS5psHtsi2nOts22bSe4EwvyfRGpJCRhDeMNKHTv0yYVNZGxlklXIl9K7HKh2KqBp3QOHmY7dTnkSM0kdlSW6T5etmgkGC47LPNYHpki8sAcCO5yiRkmJvsEW4xNfTZIyQdiolK8mPQdyFAmKQkhwwoedJIKmvOxyFBmAJBTIrJkt4PFPiVtdjj+pY5xO262XxMBF1yf6ljHDbC6+njtrR8S+ol/89JnJHYIRY3ZbwozmlxzlGhOpufRaoYOEzmrzKU36Qof4lNAOkbIo9igqA7hHQH8JrYKWSNIfMgoz9zj1QVkm8s1QQ5n1BTIxpaFDjB1BWLfoCusVYJdZ9QXF1n1BOYDJI4XVwcLqAS3gJENwUWTIaANsrkP+S5ORsmrgU/uC2+F89U3HA5Wk4bjtjAVRZIXajL2VnO7T+ibE72ir21oTMvkAA5U0eUfZR6NuW+KRunSVIY3JGyM2N7Vllff63RAIo3eZxxssxVSmKmeQRnCmXCq8aoeSdhwqOvlL2Fg7oLJ5ORbP5pvJHaNZBO6kwt0gIUDcYB7KWG4aCkLsXlLg4isbkoSkxDdNFN4JMTQ0DATKpwxyERrcNJUGqkzgJdjAXYB7sk5KCSM8pOPO6HjIWWUsDF0OTmNycJYwj0kZfKMBKlPA+ml2yUUS7bSBznPePp4V7ZbN/FLnFDoyGlRoqYRsw0dl6N0B0+xnh1k2Q4nO3p6LFZZlnufF6HY1FI2tjtjaenhpY24IAyFevk8Boaf80KiDYdRA3PdRrhPmUNCpNs9n/sw2kUufU1Jbjcuwr6nYIIwz05Vdb4mtmL3DfGynyPAGy0QFqzK3Me+YgABMa7O7kHPcoE9QA0sB5WqMS/nwPq5y8BkZ55wrmxUDGASyM57lUdBA+epb3A5Wra9kMTWtGzRhZtTLa9p1dDHe1YSZJg0YATKYuml0Y2PdQnTl7wOVdW2D+X4jm4I2XD1Mss9JG2EYZkWdO0Qx6CUGeUMG5CbJISNtsLNX6/RUsTo9XmPoU7x3j56q3jo8h9U/UdHiqHKUuTnUV01OFNAcyHb9eFpOiemGUEfztbHqnkwRnfCz3SHTVRXVTbnWZLGu1Yd+I9l6lSU/htBIXu4aeFEFCJ+TvqLz8/MaiU5EuJmQDhS424IIHqhRjAGykxAaQgxyeTm8hGNGOERqY1ParBDp43TEppo6eMySu049VaDHTERDLtlCfOX7AKMaiauqPOcRY290ZwDG4zsFSeSCfLgeuV4T1xf7t8Uuo/9hekWv+QiOKyqDsNI/wCmx+6n/EfrS7dS3NvQPRhJqpC4Vc7D5QzbYHt3W9+G/QlF0bbGU9Gzzvw6eQjeV3r+5VmuDVMNzXL6LfpDpG3dL2imtVDA1rYG7nH1HuStK1oaMAITRj2RWqJmdtvlnV3JXElQA9ziRjKDNPHBGXyu47eq5V1TKSPxJOO3uVWwGS5PbUS+SIHIYefzVEHROqK6Z0j/ACwZ2aeVNADRskGhvHA7Ib354VESyPe/VsFkrvfq6uuh6a6UHj3HbxnkZZTtOfM79Ch3O83fqW5u6V6OiDp2jTV3DmOjz7/1heidHdH2vpS3GktrXapTrnkkOZJH+rv1QuWA+iL0D0RQdIUDi/FVcakk1VU85fJ6DP6/dacNO+kE432RNGkbLB/EP4jt6bMXT1hgkruo7kCylpYt9PvIP6dxlCUSevfiJRdI0UVLRwitvNW7TTUTRmR59vb1PZU3Q/Qdwdc5Os+t6x1bfqoAadOYKRm/ki325/ZF6E+HsllMnUnVdY+7dSV4BlrXu1NYz/u4/wDDxhbYOGkjKhYQtaNic/crmtn9SC447oQa55xlWUdnlfOfBhO3c+qLT08FAPmKseUcJrTFSRGWQjbj1KpK6vlqJPqOn7q0skH3rqCprGfKUjiyPOM98Kq8IAAloz6o8oaQDjCizSgjATYJEOO0tGdQUSecDbAXKiYg4BVfUzBo9Uwg6pqFT1tUdOCF2tr2MYXZOewVLPPJMcOdymQQ1RbFU1Rc7YBRvEcTktKh3K62+0R/MXGfw2c5XmXVXxgjc98Vnc8t3GTjdMNlGksvklBHpN1vFFaYPFqZQNWdO/K836j+LLGMdT0biT7LzS49R3C7SuMk7wH9sqrbC6SQg7uPZQ7tXjoV8zLa6dTXO6vcZqhwae2VWtiknIwHErSWHoW43ItM8GkH/JeiWnpO12hjQyJr3ju4d1Btl9VCxWYXp74fVlyYJatwiZzuvQbdYrbaoRFHAC4bFysY4jjEQ2HYBWcFrYIxJPy7fGVDnX6uU+CshppJXBsTfL6KzpbdHCA+RmCfdSWNZFhscYARPBfO4NAOccKt/oxTnkY3SNmt2CI0OcQ0NySitipqOJ09fUxwsb/Udys7devIKfXBY6Rxd/3srds+yqU8ARhOx8GimZT0sRqLlUR08bf6zz9lmbt15HTNfT9N0viyf968bfksJfOoRK/5nqO7uLxuIgdlkLr8Q3BjqexUbgeBKXYH6Y/1SJ2nU03j5WejX3a51lW4y9SXsBjsktLsAfYLN1fV9vp2htsjdJjI1EYBWNqbjHKTUXWsdNK7fSTnCrZLpUVDvCoIC1o7lIldk7dHjYL8jR3DqOuqnONRWviYd9MZ05+6qKi6MfgQ+Zw7nuojKCtnw+p2HccIwFvpWjScuSpTyb4UV18RBg3CpOQcNRHU9O3DpneYKNNcZ84jOGpkbZJjl26VKWRyikSXTRt2a1DLnuz6J7afJDncBSGmKMARO1EIMMqc4xXBHjgcTgtITnwBuN1LZHWy4bHjH2U2ltDj5qgZyiSyKd0V2UfgyvOI2ZypNNYquoIDhgH2Wlp6GljH0borK2lgcQ548vZRxQp3z/pIFv6Tp2N1VLclX0FHBTMDYY2tA22CrZuo6aHZvmIVfJ1HUTnTTg/oqUlFiWrrezVMdgbdkKa5U9NvM4D81kZKy9zbtkwCor6erkOaqTV+ar5V6Lhps9mqq+rrfC3MeXu9AVWz9YvczEDDlVUVHQMOZnYS8W2U51NIJ91Stn1kdHSQXofL1Ddah2lshGeyivfdJfqJId7oputCDs0IbuoI2khsR27q5W4WGNVDjzGJwUda/Bewn7okduqHfhA90A9ROOQGlCN9qR9I/dLdqYTjd6RYstjs7typDbbkDLf3VH/tBcCCAR+iEbxcSd5B+iH5F+iKi2fbNILfAOWjCI2Cibw4ZWWN0uB5mGPshmtqicmRT5CnpZLtmuHyzTlrmj807XAR9bQsh83Vf1rhqqk7F+ynyf2Kelya7XT/APfj9UzXTH/jhZPxXnklFDznk/qp8n9iv4hp/wCR/wDJIQ/BDtmT5/NZxtSScbojZ3kZDiFfyFrT7TQfIzO3E/7obrbX4yH/ALqlbWVTeJnD80Vl0qx/xCfzRZUiOprosXUF3B2l2TDS3UZw/f7oUV8qWjd5OEZl9kJ8wJUxBeyts16AGmvuTg7IZZeRyCriG/MaAJAji80z+w/RW1H0wHKS/pM6990ZywlDNXXD64iFqm1tM/hoP5J+IZBvCwj7IduXwXG1rtGONa8nzt4RW3FgGDCDj2Wklt1I858BufsgyWeleNowP/CqlGa9lq6t9ozwq6UPLzDglFDqOUag/TnsrOTp0OOWMaFDmsZa7T4Z2S1lehqtg/ZHdHTn6XZQtIB2Uh1skj2GU35WYbhufzV7mvQW9DBskiCKUbOZhLSUSWXkvIhnslg8jZPawLuAmp4AbyFp66rpzmOZwx7lW9N1XdYQB4xOPdUYbn2SeDtur+SWeGKlpa59m4ouvS0NZVxYxy4K9o+sLTVvbF4mhx7uOy8sAx3yngYORsnQvlH8jNZoK30ezw1lJOdMUzSfTKKfsvG6W41dJKJIJ3tI91fUPWdwhlDp3a2+nKbHUxz9xiu0UofieipLO0nWlBK8RzNLM/i7K9grKeoaHxTMcDxunfNB9GGVNkXyiQMnsiNBzwuAEkbbIgCmDLOTY9i6d0m8pHZMFzH7YxwkMkriSjWQNzDaQRgbZ5QZ6CmqWFk0LHA+yO1dS2kErJIzlX0sWkyUEpDvQoLZbvbT4dVCZYht6rVAd0TDXNOWg/cZQqCkNjqJezIVNBYL8wtfE2KU87d1krz0FV0pMtGA9novRa7p2kqnmSH+RJ6sVUT1FY5P94jFbTdtIyQPslTqwbatXJdHlE9LUUryyojLCPUIY523Xr8sfTXUbPDmiZDMeQ4YKzV6+HFXSNdPbiJY9yB3SnV7OlVrU+JcMxIaOE8Rj0RTTyMOHjBQ0vabFJSWRun3XQMLuCkpgPcgqSS5g5z2VAvg6njldaMDBThyifAibyEHCemDhPVxlkAMkOUkhymkCDhEQxwiKFN4Qk8cpieB3UFNLI8AYT9R4O49E0cLqgoVXbIq1viUpDX/ANKppYJoHaZWkYV5E5zTlpwVImpoLlAWPw2Ubg+qgantMyuPhZIMFHrKCakk0PB9iosbzqwQgwjRGWeURaiiazeNpUQAgkEK8yxzcEKNNRNdu0ITRGbKpJHlpnRk4CCQRyoMUkxySSShY48Jqem6fdQprIRdyVxJEWfp3Q18dVAx0e+2CprH6sbLz/pi9OglNLO7ykeXJW1in1Y2X5FkuOT9sW17eizjkfG8OYVaQTeK0ZwFRMkHdTKWp8wGEhoRJZLYcp+xbjKDG4OaMLoJzyl49iWh2S0hHa7yhDGCE0HSVMgSimGSSByMpIxXQZJJJEQScmpyhaEkkkoEPSSSUIJJJJQgkkklBIkkklCMSSSSEXLsekkkoUOTU5NUIOSTUkRBJJJKEHJJqShBZKWSkkoQWM7LP3u0S05/iNAN+ZIx391oFyQZHGVCGftNy8WPHcbEHkK7hqNQG3KoLvQmimbXUYLdbsPaOFMoKrxWNwcnGfsoElkuQfRPLiFHY4EIqEroeH57JlTDFURmORoOe/oujuuAHlQmcFE81FnnzguicVdQVENXE2SNwI9PRPfDHM0tewOB23CopaettFX4tO0vp3HzD0RAt5LmSPUMO3ys/cbZPRvNVT+dmfM0dld09VFVRCWJwIP7I+2DkZCJPJWTMUNzLpGt1kH0K0FPVF2FVXHp9kkrqmid4cvI9AVV0t0qqWf5Ws8r2nGeAU6Fm0VOtSNuxjahumRocD2K8T+K/wAHzAJeounYyWkl09O1vH+IL1aluLwA4OVnDcGPGl+Dn1Xd8Zr56We6JjtqPid7CHFrhghNL/DwPVfRHxV+D1PeWT9Q9Mx6aw5fLTtG0h7kei+d6+kmppn09QwxyMOlzXDBBC+n+N8tDVxWOzmXVYeUObIHDIRG49FWGV8LgA7YqVFUMIHmye670JvGTPhdMlyU8M0To3s54Poqt8M1K/wngub+Eq0Y8Y45XXNbI3DgCPdba7cdmS/RVz5KeejbURltTTtcw+oysvcukKafVJRHQ7nT2W6bP8m4RTNL6d539Qn1NsgMPj0YBbzyt9GrlW+Dga/w1GojicEzxautlXROcJoHADuAqzxy13HC9mqKWnnYY6iFrh6ELMXfoWOpBlt0fmO+F1IayL/I+e+S+lp1tz0y/wAmIjm1DBaunHIK7W2qvt0jmTQvZp23Cise/OCVoi1JZR5O7SzpntmmmGSTA8HunK8CbKpV9o7kpZK5kJZygFj0k1IcoSBMBLATtQwmHlQh3AS2C6eEPfKhAiS4OEshACdSwOUklChJLmQuqEEkkkoQSSSShDhA5Q8FFXMBQtMGW55CFpGON1JICHgqmsl9gS0eicySalmbUU0nhyN4cFzOeySRZDLDqusomrK3ho9B6V+IR3gve2MZn1/r5cfbuvRWv9l89tbgbLSdM9c1dif4VafFpOA0baPfK4uu8ZnNlZ9c+kPr3EVpPJy59S/9z2VrtJ5wpUMoJAyFQ0F1prtSsq6KQPjeM7HhTI6jw3Acrz862z7VovI12RU4vhl0HnAAPCdHK9w8xyoMVUCMFSGPG5wsk62ju1XRmsxZMZLJG7Ux5BU9kkFWzDiGycHKqmvA5CKRgZAQr7Wad+VhkuSnfGN9weCo+COV2KukZhj92+6PqimaXwgau4TPkETipEfWD2TQ8k7hdJwcEJurHZHGeTLOlSJMUuwzslWUlBcoDS3CkjqIncteMqM9+rBHZcZUEjBGU+u1wfBhv0cbFiSyed9W/AKw30SVFkcKSZ2+hw8n69l4Z1X8K+qulJnironvhB2ewZBHsV9bioc7IOU50oljdDLEx0b9nBwyCulRrbIPlnh/L/Rmh133pbZftHw0Yy0eqEGuzjlfVvVPwW6S6g8SptsItlW/fMf92T/y9l431f8ABrqfpt75jBHPSs+qWE6h98fqurTq659s+Z+R+kdbocuH3I85apVLVzwnyPOPQpT0MtO/RIPzQgC1aYyUuUeUu004PFiLaKv1EeKQMqQHRv8AM0hUWvIxjhSYah7MYJTeUZJ0x/pLLfK47hAZVjOJXIoniIy12UWUIw4gyDnK4jloO+N0Eg5OyIhxOa455TUkZRKBGE7V7qNk+pXQTndxUL4ZNinZnDzhSDFHONiN1XjBGcosNToKnYpr9Aa6gki/mYBb7dlWnLXA+i1NJNHNmOTHHBVfcLK7Lpab6TvhC1jkKE10yPSXR0EgJO3cK9a+Crja+NwGeyyGCDgnhHgqJqeVskbsAcj1U+T0y5V7ujRTUeMHSgeEWcDv6o1BeYqw+HKcHHdSZYQDtjB4T4yM84uPEui96Y6/udhmZHUAz0vGgHce4XsNj6lt97ibLSuIBH0u5BXz05gHAUm3XW4WuUS0dS9mOwOyfCzBz9To4zWYo+mA85G6Ox3C816V+JtLXsjo7pEYpQA3xM+Vy38NQHbYTMr0cHUaeVT5LEHKfG4tdgKMyQH80Qvx2V5yI/yTmVDm4KO2pJ5Vc2XPZF1KiiyZL6EIzJj6KrZJjuVIZU9iEBQ279PWS/w+Hc6JjyfpePK5p9QVnf4B1h0zkdOXD+KUjd20VXJ5mjvpctWJQ7ByiskCsvLZmrZ1xQ1EvyN2jdbK/j5eo2JPt6haBlQH+mD3QbvZ7VfKf5a6Ucc7fwkjzN+x5VFH011FYQZenKoXCBuc0VR9bfTw3n89iUZDTNkPJ7JGcnssnb+tqaeqNuukb7dXg4NPVDR+juD+RWhZPnsFACUJTnhF1qEH57J4dnsrwQliQ5Tw/bhQmuweEZrsjhV0Qkh2/KIDtyomseqfq91eQA2SlkoeQlkKECZKWSmJKEO6j6pZK4koQDPEA/WzY90xjznBUl+lw5UWVuDkJQYbGRylj3QGS9iEdrtStEBSxteNLmgg9isld7XLRSmQDVE45B9PZbMjKjzwRzxmKVoc1yrOGWng8/lp4alnhzs1N7hBtlVPYqswVD3SUcpxEf8Au/b7K9udqfRSFzRmN3BVZUUcdVEYpRkHg+ianyPT3Lk0MUgcAW7h24RlkLZdX2msNor3lzXn+RIePsStSyXuRymroVKLGXCnZV07qd/DhsfQrNROqaGcW6pPk/A48Fax3mGFX19DHWxGN+zuWP7tPqrCjLHBDDeDjdZ/q/pw3ujD6cNFTDu3/EPRWFFPPSTOt9xJ8XOWP/C8dsKwyByqZqqeGeNUGoscw8ZR5YWOjMUjA5kgw5pGQQr3qux/wuuNdTgCnqXE4H4Xeipwzxhss10dx0a54+5dnjnUlpfYbnJThpMTnF0Z/wAJ43UqyVvjN8GVwLgMtPst31V08LxQljABNGdTCe/svKY5H0tQBndjsHH3XmtZp2pZR9b+mPI/yKY5fKNPURNcNhnb1VY9zoXZGx7Kxo5WVcZex3bcKNU05zloXGmtrPd1z+RKUTa2C4NuFA1pcC9g0uVL1VaxJG6RrVTWy4zW6pbJE8gZ8w7ELdkQXGlbLgObI1SE9zOvGz+TV8Z4zWQOpn6Hj81G0rX9VWloDzE3dhysg44G6fk8drtHOiWGJqM3sojfqUiM4OVfZgqlteB8wJ82EylnLHozsPZlQnAtflKtialNwkpI1VsrSWjcLa0NWHQx4IOy81ttQGt3ytdbqsCNm+dkjDPS6HWKUUmXldH48YGFmLnS+H2/daeCZszcEKFc6EyDICo2W1K5ZRi548bEKG1hY/WAr2vozGc4VVKzBxhQ4V0Nk8Fjaq0tkDXFaKmnbIABhYuHLHBw2Vzb6wtIyouRtN+HyaUtJ4Uqhr5IMRAZyoNJU+I0AhFliJAIHKKSxydSubWJIvY5fGZqQZmgNyolHWiJjYnD81NlIc0O9UKNytVsU0RATnGUWneQ4DIQXbZQmuIeoiK3azQQyZaAngZ7qBRzbAFTgcjIQHSqnujkeRkEKJLHndSg4E4TZW5CAZnJExg7lGjwDso8gIOV2mqADghADu2snOibLGWuCp5YZLdKJWOOlxx9lcsfsDhDrGMnh0FqCUcrkOS3LK7LCzXFtczwJCCRwp7Kl9rqsx5x7LHMM1DKJInYI/dam23GmukIjmx4gGPdYL6MrKOtodW21CT5PQenuomzNa1z9ytPEfGXkVFWOttQWuGQD+y3tjvrZmMPiZB43/Zcuyp9nptJqVJ7Js0EsLZG6XDYqLTyz22fIJLD2U1srZGhwPKFPGJBjlZsHQyn0XVNVRVEYkjIOeR6KUDlY8y1FslE0WXRnlqv7bc4q2MFp5VF5wcvlhpb5TGGZoDx9L+4WBmtddYqp9JUEuYPpOOQvUAcqDdKKnuUeiWPLwMB3cI1LAMobujy6tomSyiSMAOcMK/tddJBHHTVo7YDvVFudikjhLoM6oz6J9CynutCYpcCpj8u+yIUo4DVMDSRJHwRlVtXSsqIzFI3OeD6KXR1Wpz6KTHiQ7b9wnTRjg8q8ZLnDKPL77Yam2VXztHkEHJA4IWq6L6r14jfJgt2c0qxrqVlRqZIMgjC8/vVuq+n6z56kBxnJxwQhdeTLudE1LHB73SVcc8bZIzkKbG/Izjlee9EdUR3Cmj48zRtnutzFLnGyyW04fB1KblMmpocQfVNZK07Jz8EZ9FgsTRtUkFEpIUiJ+cEhV0cn8wMI2UlsuHZSsMZlNDK+Mxytq4hgg74Vxb6oTsGSMhQdcVUwxA74UOOWW31bWvB0u2VdlKJqtWW4KhvjOrKfDJkBEe0EZCDCYIxpdjdccm7Nf7IrXAgYKApjC0EFp4KyN4p3UNeJmN8rzvhbI8FUl9pRLATp3HBWjTvAqSyQYnNkZuQchZW6wGOV7JG5BJGfUK9pCSA3OFCvcBkgD+SN8rq0szXV5WDxbqmyvoq974mHQ46hjgKLbajRv3G263HU9MZ4RIG+y8+aPAnfG7nOV2q55gkeS1NTptyj2foqufNQNjmfk9t1qmu8wXlvRl1DXMYHc4/VenOOoNd7JViyej0Vu6tZJoGQDlAroGzUz2OGdtl2JxADcfuivAeMEbLPg3YyefsZJTVr4eBqytFTzamacDhV/UVL8pOJ2jG/wCyfa6pryNRUJnBYwuMMwc0YCsnAVFM/I7FQnjLQWjlTKKQaPBPI/dMr5eBE4bkYC/0LKuhqaaePOkHAXgN3iFJXPj0kYJG6+m71BG2rcA3Y8hfP/xItU1uvkk7mYjl3bjhey8Hfte1nx3690Up1K5emZ1smRnC1/SVa/WxuoDCxcLg72V5Y6ltNVjU7AK9dB5PkcJbWerNeXtyBnbshQyOjlyRggrtpqY5KUEDJXapo8XxAMAp50qZZWWTK1rJafX7LOytLJCQFoHOD6MYPZVFXHqcdlTNDngBBNhwbhWMbiGB2eFTNdok+ysYZxpCROG4bVbtkpFtb6k/MAE4AWgjkDsYPKyMUpDw4bYV7R1OpoBKxW1cZPd+I16ccNltkYymEnKGCSM5TsjOFzpxbPT1Xbh5OQq66gfLu9cqeOVWXbLo5Mb8IVFjLZfbgFQu1QDdGcoNsd/J57qbnICMw7muCPdIvFongrH2F/8APkpnfhctrWDVTPaOSsJSStpr3K1+2o7JhzdZNwal+zRS5YCMchRYzolDhhSpN485zsq4Z8R2SgcXgbGZZtcCMgqmqR8vchM/6XbKziJA3KrruPolxs0pEobjTGXst5QJYQR6KoppNNRjG26sLfUGeIOLst0jCiSxhlYdIwDugccDnLKHT4yMBQKjLXNOFKmlIkGRsg1IbgEFHEz2Hi/xOANyDh3KxDlufik7w68d8rCB2occLsV/7aR8U+pH/wDPyiNRIPoQ0WH6EcX6OAxv4wp+BpGyg4JeCpxI0gJ1YoagzHGwKI7uo0nKK3oKPYJ/bJXWYxyhS5yAFxuVkeW+RuOCTE0ZBwpg+kKJF2UtPguBc+xiIz6guIw5RsX0EHC6OVwcJ8Y3ypHsU1kKPpJ9EMapXABPccNyn2z+bUAY4WhIuiL3rBf0EIhhaMY23Cc4mSXA7bJrRpGM8ItOzOXYVnpK4qEcIkRNDY8qsvFUI6VwBGe6myShmAsze5yZnRZ2KuTwZ9ZPbDCKp0rnZcTyoMpOsqQ/bbKGzd2cLPN5OVF+2Ohacb7KUBtj0QmgAbBHUUccgt8jW7lSY243wo7PqCmNdhv0o28IXYKd5a0tBxlVk5yeVKqpc7BQSO+VmslkkItgScro5KQGCQue6yzY+CCgZOFdW62ujaJH7OduB6Ktt0LpqpuO3K1UURcMLNbZ6PSeJ0il/qSJFots1dO1jBtncr2WyUTaOkiZjGAFkeiLG9rGzyDylbxoAwBwFnzk9/oNN8cdzJZf4bdyqtrzPVebgFSJpdg0IVNFpfrPdaK1kbqLMcFjEAxox6J2rPJAQHEbYKZI8YAytcazDLVQgsMdNOI2k5HCrxM6V+ccFAq6w+N4XZSaJhJ1YTs7Fkqm9aiWIl/QRNp4mu1ec7n2Ut1SXAAqrgkOkDfZSIWmR+nK5eqll5PUaOarjhlvbYTJK2V2CArzxxEzIHCqaZ4gga3G4Qa6v8One7dY6NNLVWJR6E+Y8zp9BpXba8Dr1fhSQHDgC7gqk6etlT1BXOq5WFzA7AyoAbU3yuDYhiNuwB/zXqXTFoZRQM8NuCW+Y+697RpoaStRij8sfVX1Jf5XUSblmPouLJQR0jBE1uA0BXkOzgSEGCLZuG8KaxuMbcKTllniJSyEYMb4RRwuNGye04OVSFsIwEfmiN7rjXZbnhRrlcYLZCZpDufpYD5nO9kPZYerraehj8WofpHb3Poql4rLs8Vc7vDgd9LPxH7oNLT1t1mFfdnANaPJBjYDsf8AmVocNHlGwVpE7GNAY3DQNuF5f8TviJNEWdJ9OSOddqomMiMZxn0KuPid19T9J0UcEBMlwqRiGIb5HGSFB+FHw4qLYJupeppPHu1cA7D9/CByg4RphGNUflky3+G/w6pulqHxKoeJcZ/NUyu3cT6A+i9Bij0tAIAA4CdGMAahk9ynqsmadkrJbmMxhJJJDYWPzhAq6yKji8aV2G8ZXK2oipYTPO8NY0dzz7Klp45rvMKyqBZSg4iid/mVE8kJEQmuc7aiqB0M3jjPH3Ks9A7AD7BJsQYMhJ7g06eThQi5eEdOCMBYGW53P4hXeTpTo6UNo48suVyH/AP9Mf8Ai53UdlbevivdpOnOjJJqaywBxuN0ezZw40R78c916/Y+m7P0jbo7XZqcQ07ANLR2/wDlyoNxs/yA6Z6Yt/S1sitdsg8OBnGd3n3ce5V8xwxsN0EO1Lzn4k/FGazzM6R6SjbV324fymBo1CEH8TvZATsk/E/4lvsckXSPS1J/EOpq/aKJr/JTt7uk29+E74e/Dl/TLJ7zeqw196uZ8Sqq3jJJ9GnsPZR/hj8Pj0zDNdrxOau8XAiSpnfue/lHoN16C52G4JUKyhhJ04J4CjFxCK9wyTlRyeSoCOzqKa+oigGTufRBfUBmRhQKh2rzOOVCHKyokmecv8vYKLI8MAPK5M8O3zjCgTz6fUookDzVI9lXyzlyBVVeHYVdJWyZIjOEaygkiTVVQj5xn0VRWVhkGlMqp2QRGpqXkAfU5eT9Z/HGz2sOpbGPmqgcPAy39U+KNen0l2ol/po3t2udHbo/ma+fw4x3XlvVfxopaUyUtip9cg2Er/8AovKr/wBa9R9S1D5q+vlLXH6A7YKqijLh5jue5TD0Wm8Wqv8Ad7J946pvt9lL6+tkk1HOnVsPyUWOlMgGRn81Mtlmmr5xHC388L0Xpz4bNBbPd3NERH0kcojRK+rTLCRhbN01WXKUR0kBG+55Xo1n6AoraG1VwY2SXAOy0tNDQUAFPb6ZjcbAgDdSRRVNRg1cumLuMKHN1Gtdn4kWJ/mEcLBjGNlMp7fw+oZnPujsipYyGUzdTgpcVPI/DpmlrVDBKTfIOKCFoAZHwUdsb3jT6c+yTqmipRkHJVNdOo2xRvNNKGZ2ISpWJFRg7HhFrJPT0vmneG491SXPrN9JgWuNhcOXvGf0WCv3XlppdYq65zpAN2g5XnF5+IdbMww0L9Efb1SnadbSeKlbzJHpd66nY0vq7rWOc47huvb8gsNefiC+dhgtzHMHGolYeWqrq15kqJnvzvu4lGjpiW5dkJU7Nx26fG10cirK2pqpNdRI6Un1KCRWkAU7cfkiOkhiOXncdkjcpHeWAABZ5SydCtKPCEy3U7G+JXS5kduU/wDiEdONNIGjHfCjOZUVL9ZyUdtK1oBePyQNsJ49sDNU1dWQHznHoEyOlc45cdyprWUrMcApxglOPDjJBQSeAXNIZDSRfjaFIbABsxqLFTDAdMMHlEkqKemZrByQqTFyk5cI5FRyu/Dt3UmOjp4RrcAD3VZLeSW/Xpwq6a6l+WmU/qidm0FaeUuWaQ3Gkpdhuo8l+e8aKdhWcM8mC5oymCprXnBwwfZL+TIxaWHbLqS41hzrfpB91HfUscB482w7KvAqH/XISuGjeRqJP6oHNsJVRT4LE19EweUbhBffCz/szQMd1FbTkH6UQUxH4QqbbGpQ6Y518r3eUnYoZqq14yZeUUQAcMCIIQBgDCCSaLe2PSIZfUnmUpvhk8lTfA9kvl/dDyVuRE8E+i74J9FM+WJG6XyivDYXyEMQb/SiBhA4UsU/qniJo7KRiT5GV3hO/pS8M/0qzEbAMaUtDfRF8ZW8rdD/AES0O/pKs/BA/AuiNn9H7qbAXZgrfCPou+EfRWYjaBjQEtDQchgU+Mr5n+it8Fy74LlaCJoGMBIRtHAU2FfOVghcPwp3huH4VZaG+iRY09lNuCndnsrTESueC5WXhN9EvCZ6IXlAO0rvCf6rojeFYeA30SEIB4RfkT5CHhx5SGoHKnNgaB9Kd4A/pUUWXkh+PMMaTjCOyvqW/i/dPEGeWBIUmNyicWLltDNu1Q3Hf81IbeiMCVqifLn0TfBHorTwBKMH6LVlygk5cQUdkscwy1w39VSiI9khqB5O3uiTwKnD/lLd9O93AyFHkpXN5CZHcp42aTkgeqkxXGnkA8VpB7oc5ZHvj2Qnw52IUZ8OOGq+DqWZuYmob6Vo7BMSLVz9lCYn9guaXgK4NKOzQgup/YKSi5dBq5Mqi4g/SnB2TjCmvpgOwQvAKRyg/lQLOobJeGfRPMBHLUtBHZWpsvd7OLn08J6Si75AUuRuc8FTKK6VdI4aJXEDgEqKlkJ8ZOPQN0YzxlGqoetLjEAySXLfffC1Vu6toaprWTeR5G5zsvLG59UVkskZyxxC0V3yXZht0kJrhHtcNRFO0OjeHZ9CiryKi6guFE4FkpIHbK19m65hmwyrGl3qVojfns51uinHo2ZaSuM+oIVJcqOsYDHK3J91KAxvnKPemc+ytwfJ0cLo5ThskrF4HAd11JIcoiYEAiADGMDHukB3XVGslqTXRVXDpu1Vx1mHwpez49iqprepenXl0b/n6T+k7uAWr0O9Em90Dih0NRJflyZKoh6Z6laRPAKSqPJxpOVkb30Hc7aXVFMBPDyC3nC9Lr+n6Cvy/wAMRSf1sGDlVgPUVheQ8CtpT2xkgfZIcOTVVqZQ/F8Hkhj/AAuGCOyGGZ7r1S6WCydVR66FzaOuGXEacavbCwt56cudkl01kJ0k4DgNiglXg6VOqysS7KUAg7hEa3G5G6dpPIanpT4NfyCSSSUKbyPTxymYKI0bhRECM4Tk1nCcmIAenpierFzHjlEA7oYHdEHChR1IcpySgkKOF1JJQjWQo8KpYYKrcH6XHkFUdxtj6WUkDLfUcK4AOUZoEjdLgoSE5RZlHHBxnB9E9rxjBU+62UtzU02fdqpcvd5SNwgNkJqS4JLoWSDjKhTUvh5IUuOTSBnunuaJB91SWA1PDKgAjORwlqHqp01IOwUJ1O5p4zlUNVmRiSWMJKB7kJJJJQs+8w3w3B7Tgg5C1/Tl1+ZZ8vI7zMG26y7gm000tLO2aJxaWn15C/JMpbj9xWR3I9Mjk2AyCpMT8EEKltldHWwiVjuBuFZseNkrBinBpltSVZOxAU5smocKjjl8Nw2VpSztk8qXgU4knJXRkkJg5RQRygwJfQQcLq4PZOAz3RCZdhEkkkRQ9JJJQg5JJJQMSSSShB6SYkoQekkkoQSSSSgkekmJKAD0kkkIIkkklCCSSSREEkkkoQSSSShBJJJKEEkkkoQBURCRukjIOyoqqlmt8/jwg6SckDutGRlR5oRJsRlQJSwRqOrZOxr2n7hT2uWefFPQVBezdjjn7K1pamOZoc0/cKFvknjlFwHN3UdEHKgMlkRZIw5a4ALjsTM0uI32IRQWubumGJo3Y391Bb4KKopZ7TUGopgTC76mcgfZT6StiqmB8Z2P7KWXg5a5v5FVFXRPopTWUY/luOXsChC1VfcbLTXLd40vxgOA3R6SrZUMBB3UlWnhgyeDESvu1irPlq/z02dpQNsdld0tYX6XtIc07ghW1ZTwVcJpqmMOa8Y3HCyN2sd4sDTW2Quq4s+em1ZcR/hWqq1iJLca6krC0g7Hsd1iviT8KbZ1jDJc7c5lLXAZLi3PiH/EVZWC+Ut1iHhv0TNyJIXfUw9wQtDHPpYASuro9fPTzU4vkyXVbj4xvlkuFiuEluucDo5YyRuNiPUKtyY92n7L7B62+Hlj6+tppK6IR1UYLqecDdrv+i+X+tehb90NcX0N2pXCHURFPjyvHZfSPGeehfBRk+Tn3VOPRSQXHSQJTsp8NQJBthUcje6dBWPjOAV6qE8rJnby8M0Q8ORha9oIKBHHVULy6E+JEeWHlR6esB2cVOjmBGQOU+M8B/CprK7OSijuH0nwpByHbbqFJSVNK7LSceykVdGZyJIzoeON+Uw3CWna2KrjO2weOCtELucejLdolavuXP8AYizUdHc2GKuhaT/Vp3WNvnw2qTqntDfFbzgHGPyXoIbTVQ1MIB9kOQz0hy0kj1C306mUOjg67wGn1MHG2J4ZWUFdbJDHVwuYR6hAiqCTgAL2yuobbd4zHW07C4/i07rDXz4cT0+qptbg9h30rqV6mMliR88130xqdOnKr7ofr2ZIPBHb9VzxfUINVTVlDKWVUL2Ec5CRmYWjOQmJqXKPK26VR+1cS/TCJIXiM9V0SMPf9lDE6pR/INrKK2XsoxeAhCY5QgJMsQQe67gcqGycbZKO2cEBQmQp4QRq1IocClgKEfAhwundJJAUM39U9JI7qEzkWQkmYPqnqEawJJJJQoemJ6YoQS4QMZXUlCwZC4iEDlMIOUARxCc0O2O6KmKNZWGU/wCxOsnUNxsEhNJKTCTkxk7fkvUbB1JR3unZLC8B+MOYTuCvHyB+SLTVM9HIJaWV8bgeWnC5es0UZLMUey+nfrHVeIaqublD/wBD3lkzm4x2U+nrIj5XnBXmtg+INPIxlLdWlkg28QcH7rYicScDIXn79JKL5R978T56nV1K7TyTRoxJrw9m4UllQCBkLP0tdJTnGSWnsVZskbM0OY4fZc6ypxPY6XVxvhlE4FrzxhIZactOD7KKx+OTwjsft6rOayQKhv8AxQCfXC6WwytyxwGUAtDlGqGPYQY8gj0Ktfopkt0EgJJGyC5paNghRV8sflqM4Ulk0UrcscHZTYZ9ipJMiukczgLsc73HDsI0kYO4CjyR8BoT4TMdtSfQfxP8QT4p8HGkH7qAdTFwVGMgtT4T5yc6zTp+im6o+GXSvVIdI6lbSVD+ZImjc+pC8f6u+BnUVm11NqjFfT8jw/rx/wAq99ZUY3JKLHcXt8pAcPQ8LdXq5QZ5zyH01otfndFJnxnVW+opJnQVUT4nt2Ic3BCAMsPK+vL90n0v1QxzLjQMZK4bStADgvJuqfgTXUxdUdNVjqxoyfDkK6lOpjNfcfNfK/Reo0vND3L+3Z4+DnkhP16d2uVjcbJWWyZ1NdbfLDIzYkjb8lTzwygkwjI+60qe7lHi9RoLNPPbNEllbMTjOyksqQ8AEbqm8V0bsObuiifODumZTfBjlRLOGi1y08OC5keqgNqCTxlHZLlMyC4NEhJNbI0jld1BMFYHZKcwnKZnKSrItkuKU+uPzVlTV7Q0Mn37ZVIcggo0b1YEo4J1fZ4qlxnpnBriMkdiqGSN8bixwII5V9BVBgDUaeljq4tmtDvXG6CSCjJxMwNQdnOMK4oL3pjENSeOCodVQzUxy4ZHqorW4OeUPyY4GPbYuTXwhs7Q5pGMZXDFp5CztJc5acgDdvor2kuMFU3bloyQmxsyZpww+Dry+MjHPIWv6W+IVbaJGMrdU0P0kA8BZaaMHBxlC0+61KRitpjasM+h7J1VZrzGx1LVND+7HHBCvQ/I4XzJQXCqttS2opZC0t5HqvTel/ihrDae69ttSPKONqtFJcxR6m13siGUjgKtorhDWxNmgcHNcMjBUxr8jOEeV7Oc4NcMO15JGSjNPuoiIwnIGVbQPZMDj6ogceMqK13GSiBwxypkhKa886k8TnjChh5Cfr2wpwyZH3K22u/QCmu1LHUs7B4zhZaq6M6nsAa7o+u/iNI0ZFDWSAPb7NkxnH3K0oJBzqUuCqdGQ7KhEZK1dZ0VTN/DLjDNQXFuxp6hukn3B7haEVOPRSrrZem+qIRT3ygZMRnS/GHMPqCslW9FdW9OZqOmakXegaP+zTH+ZGP8JUIahsgcAUXxB6fusrYurqW5TOt09NLR1sYw+GYYd+Xqr9j84I/zU/yFJYJYJBzqRg7AxqCgCfJwieKp2KJer3C6CcqO05PKMz6Qo0QMOEkzISyFMkHpJmQlkKZIdyVwgHlLISJB7qiEaRoadk+GXOxXHMwUFzTyrayiE9rgQkcHuokcpPlwntcRvkpLWCHZ4GTRmOQAghZiuoJKWQtcNuQfVazUolfAKiMR535BTYSwGngw9yt0dwgMbhiQbsd3a7sn2G7yNxZ7mdNXCNvR7fUKyqaZ8Emhzceh9VUXi1GsArKV2isiH8t49R2TexqaksM0wOr2SLQ78lTdPXY3GkEdS4Nq4jpkZ3yO6uTyjFSW1lbdLXFcYw1x0ubu1w5BVEytnpJRQ1ww4bMeeHBa15yMEqpu9rjroC1zd27tcOQVBkJ54Ku60kd1oX0jwMkZYfRy86jY6mqX0s3lewkbrc0tbLSy/JV/lI2Y88H81U9aWsSQMulMwCSI+ctHI9Ut8m2meGkzOzsOdl5J1tYX2erNbGzMU7t8cAr1yORs8QeO4/dV97s0d7t0lHKBg7jbfK5uro3rg9L4XXPR6hc8M8ct1bPTyNcw7HkdloBK2dgJx6rN1EUlBVyUM7CyaBxa5vp6KxoqvBbnheZ1NOJYPsvjdbxh+w9VDg6gMZV/0pdcA0Mx3GwyVCDY6qDTp37H0VVqlpJy9hLXNOQsL+xnfU5VSUo9GyvNubNmVrQQRuF5r1FbTTP8aNulpO4916jaq+O6UDXHGoNwfus51HbNbZGaMgjITN3AzX6f+TXuR5w33Rm7Js0DoJXRuB2K72KOMzx0ouubQdjs7JlVGWt8Ro+6CyU6wFMOHR4JzkInyFCzcQoKt0Rx+i1VBWZij3HCyksGlwcBsFNt9WWOAcThJaSNmmvVctrPQLZVl2MkBXTg2pYPVZC31JDQVordWjADkqSyep018duJEK6W/Y4GVl6yB0b8EbhegzxtlbqxlZm9205MrW/khZn12mb++Bmk+Od0PCbI0sO45XcYAKtPDOJulCRo7fXNMbCTnbBV1HUNewbgrFUk5Y7SAr2hq+AeE/OUbqb30y0qMtYXsHCLR1pEQimcT6Iepro91FdseEqb2myNzg8xLQztdwUg4ZyCqttT5sZR46jIBQjVbuZaQSlh2VnTvEjcE4VHFKDj1KlR1BbjSrN9N+C5BB/FlEKgQzagFKZKO6Wbq7lIFIwEbBQtLw/YqzcMhRJYx6IUHJZeSRBOCxrCRsiaRjnOVVlxjcDlT4KgOaNlU1wFGfoHURBwJwoUM0lJN4sbsFpVq8NcDvnZVdVEWAyAfkkThngJzcHmJsKKaK7U7ZhgO07jPdSbRcH2+t+XlBDX8fdYu23GehmbLGdu7exC2kT6S+UglhIbI0cdwVitqOxo9S5/5PQLXctceC4EK4Y4PA35XmtjuzqSb5OtcWu4a7sVtaOrJwCeAuTbDDPUaS7dEuHMBHAKrZmVNtlNTRnyE5cxToZQ8blPkAI9VnawbU8k203qC4RgEhrxyCrFwBxlYqqpZaWT5ujJaRu5oVlab8J3CnqnaXdifVUGngu6uIEawPuqmqtTZT8xSYjmbvsPq+6uHPD2kFRJHugdrHqjJj2Zq505nj+bjYY6qnPmxtqCkU+LnQipj2nZ/eMOxwrerpmVLDPABqIw4Kif4tqq2Sub5HnBx6IxclkjSgHnbCqrjRR1TSyVoLSMbrVXC3RVsIraA/8AM0dlQVMZwWkYIRC7K8o8+Iq+l7q2SBxbBI7jOy9c6bvrbhSM8VwLiOQsHdqJlZAYX7HlrvRVXTt2rOnLj8tVOJhJGCeMJclwIjY6We3snLSMYKkxzawB6qloqhlTFHPG7LXtBG/qp0cxYRtlYra/0dKq3csktzDkOAwnxP1AApsMwlGCN0nxmM5Hf3WNxNSlkMGlpD2bEb5CmztZXUreA9vdQYXtxgp0MroJCM5aTwhwHklWmtc6Q00pw5mcZVyyQOGMrMVTJNZq4G7jcgFWdBVOqIhIdj3GUGGWWExPITY38ZK6DlufRRwcHlK2tkJ+R2UWoa2VhY4ZTmS5HCR3RwWGAY+vbJQVJwMAldqY/nKUhh+oZCur3RCppHFo87Nws9bqjWHwO2LV0KXhibllYMldKZzopISPM0kLzW+Ur6apEzRjfBXsV6pPDnMoHlfz91g+praHNeQ3YjK7GnnwcHXUZjuKmzVJp5GODsZK9esVZ83Qs1P1OYMFeGxvfFTmTUf5ZwvSOi7tiOImTIIAKfNcAaO/GInoUWQ7PZS9OyBEWOaHs7jKLr04HKys7sHlFL1PSGopA5rclu6zdDK5hwdiFuakCRp2ztwsHVtdT1zmkYBKoqXZq6Zwlp2HKNHlj2lp3yoNqf8A7vucqYOc8ok8PJclmJF6gptYE8Y3byvJfiva31NvNaGag1oI9ivYqpplhdHySsd1JahcbVVUJbh+kkfkux43Uuu1HkfqHQR1WlnB+0fNVPMdQBGFYMl8MNI3VbUQTUVVJBPGWPa9wIUqPdo3X0jTyU4KR+abofDZKt9p4PVelqky0YHphXtTgs/ZYLoy4SRvbE92QRjC3jQJm4ytJr09mYIZRSF5FM84Q6xoaMoJcYavPZqNO7xmbKGhzWCmqTpkAARKeU7AodY3zlBglDXAIGArsPBcxuA31BWtvqBq0k4wFQRu1AHUQpsEojIPKVZDKwdvx+rVUksmrilDmgZCI3PqqqkmJAVixwxucrn2VYPf6XVKUUwz+OVBrsOgfnndSpHAqBWZLMBZ1HBvdu9EC3EtjI9Cp7H5CgUbx52kYwUWN51hv+qvaxO7kmvw4YPC8+vMbae/hwPlkIIW81lrCSN1iurIWtLKlo0kP5QpmHX8wTXpl20h1M059VCkwH5HKdQvL6RmTnZAqThwRtZQquzKTJkb8jCBcGa4COUqV2dvRGnj1sx6pElh4N1c8oBaJQI/DGzm7I9UwCVrwO25VdSuLJ/Lt5irabDoskbpUluGqWSurDgNeBkd0GocfAyj1WTEB7qPI7VCRjjZStYYiyeGjx/4qM3bU45OF54yTbccr0v4qMzTNH+L/VeaMLQBkYwuvV0fHPqZZ10pCzl2Uan+lAHKPT/SmL80eeYYAas43RsnSEIcog+kJsBZ1yjyIr1GkOBhVaXEY/c7hc7YXHfUiR9kntjSRC3fdSRwo7DgcIzfMm44EzWRo5R4+Ag4wQjR8BGwPQZnZGYABlBZ2RQMjnCKCyKbwcmdnACsbNC0RmTG5KqzkuAAzlX9BGI6cN4PKYbdHFbtzCSPLXADupkBIiGyiOZrcPZSiRHBkDcIzrReOyDcp3RjU0cDZZaokc97nPdnfup92rJHuI1cnB+yqZXcYQTlhHOvt3zaAyc4T4m4AQ3jJAClRAENCzp5eTJPPocwYTkk1yb0ToNFjIyMoskg0YwhQDuSmVMm4wgnLIn8gUrtRJUY8oxIxygnlZLJ+jRDo4ljJCSJSxeLUMWW2e2OWaqqpTmoxLuyU2mPVo8zj3Wus1q+aqWtOdLME47+yrrXRN8JhA3XoPSdq8KLxnN3zklYnZuPoPidE44SNNbaVlLSxxsbpwOFJf8ASU1gJ2Slfp2xyigss9a4KmCBnLnj2RnEMAAQ2ODfMUj5yt9UMHmdfq054iG8TIySoFbWBvlByn1UjYmZLvyVLLUCR3cLoRiksnFuvcmS4AaqoBI45V9BEGBVdriaxoeW7kq1c8NaFmunng7fjo7IJsLrDdgrG3sLj4uNlTw5ll8P1Vw1/wAvFpxlc+dfyPB3JauEI8kuerbCMFyoausmqZCwHDScABcrq4yENaVoOlOnpKyUTzR7dvZep8bo4aWvK9nwb63+qf8AiNv8al/ZHj/sW/R/T0UUHilm+xJPOVu6On8PADcAKFb6VsBETW4AVvTswclb5yyfLbpbnlEqJo2GFKAGEBjXAjIUgcJPszj10AngJYPYKovfULLaG0FIfFuEx0siByG+7kIOCXdLzDaIWu8Px6iU4hp2nzSkc49hkZPuoNvt9RUz/wASvD9VS7fwvwRf8o7BMs9m+Vd/EK1rJLhI3zPx9Kt2h2dR5VFoKGfnlUXWfVlu6OsstzrnjVgtiZnGt3orSuudLaaSSurpmxQRNLnOccfkF5PZKGu+L3UZ6jrmaOnqRxfQwSD+/d/V7jA/yUbSNNEM/dLokfDbpG49SXb/ANpHWdPGKubzUlNjyRR/hwP1XsUceMHHKUMEbGBjGBoaMAY4RC1Lms9CbJb5ZHjhJNSQbWCOQKytgoYTUVDw1g7p9RUQUkL6mqfpij3cVQUMUvUdbJcKmJzKBpxBC7YnB+oomQPBTz397a2sJZStOYouC4jhx9lbtYGAAADHYIjYRG0NaMAbAIVTURUcRnndiNvJVMnfCH1E8NPC6SV+nHAXnbnX/wCMdzfZOmw6j6bjLYrhcdWfG58rODjY5PdCgN6+Nd4ks1mdJTdK0r/97rOX1Df6WcZ4Pfde20tJYeiLDHQ0UTKaCBoayJjcDPt6IZSwNSVa/uR7RZLN0jZ4bVbKdkEFO3S1rRjP/qiRuqKt7ppTpa76RjgKJRCorqj+I1JIi/Aw9/dZDrfrS6zXNnRvQsjX3OQF1TVg5jomerv8Xt2Qk75G/EP4gz0NU7o7otvz3UkuA5rOKZh5cT/opHw/+HNu6Pp5aqrk/iF1q8PmrJB59+yl9FfDy19IU75WvNVc6lxfV1km7pXHutVhoGc4KhTaOR5HfhdqHlgUerrmUzDq+o7Ad8qNE6eoGqQ88DKglsP4hcdk150j7rmzeVFrKloGMcKwgdTIAc5CgzTEj1Qqus39NlT1Fe9x0sOyKMchE2qrtJKqp6vXshSSukPmdufdU97vdv6fpTW3GdgjHocrRGOBkIObwi0leZcHIWF6v+KPTfSfiRVeuWoZxE04z+a8z6/+O1ZcpZbb04BBBuDK0Yd+S8gqKuprZXT1U75ZHHJc85JVHd0fit2J29Gm6s+JPUHV8p+aqHQwDiGN/kWScwvOCOUQNA7q4sfTdzvkhitsOt7efzTDtxlVo44isIqIqff6crcdKfDquvJirKgBlOeQ4crbdPdA2yw0jKq8mN9QMEtbyFo2iruErYqGER05G2ByiMOq1+7iBCorLY7A35ejhZNU48u2VMbQXOsx82GxMPb0UuKKltjtb4/Eqjtj0TXTV9af538uP7ozj22u15Y2KOhoyYaaISS45KK1s0pxUOAaeWpzGQwH+U3LvXCDPVaPNM78uEuVm0Sm30GkEFMQYW4I33KhVt5Jj0TyhgHP2WS6s+J9n6e/k+E+onGxja7Tj88FeNdQ/EjqC9ksMohYT/wxgpLuOvofF26rDawen9TfE+1WeV0EMhleB23XlnUXxJvF6kLKYtgYc50bErNEmoeXzSOcXcklEYbbS7jzuWeyzcz0un8ZVpf7s42K4VztUoJHqVIZS08ADpgMqPLcpfpp/KFEL5pTmeQkHlJdpu2L0WEtfSRf3Tcu9AhGpq6vYgtHbZBa6ihAeG6nojn1b8CnZyqcmW9qEY9JBmPPqiCeijADAcp8VuLhrqZs5/ZF8a10A3cHFBKWAXj+nkEHVTtqZmAfZSW0cgaHVMoIO+PRRHX4nUylhxlRHPuNQdTiWgoclKDfMi3Mltpzl3mdzyo03UMUQLacYP3UD5KR7h4rwB3KOykoohkEF33VvkNVwGyXatnOQNP5oJZVynU/v7qTpZnDGbD3RQUGAntXSIRp3v8Ar5+6I2lwchHHKIAMIewXLPQJsLQE7SE7A9UsD1UIzoYF3ASyFzWFfADy2LSM5T9ITDLjsmGXPZTKJhhsNXfJ6fuo5dnulq91T5JtYfDV0EBAMgHcpeKPUpeC8B/EHou+IPRAyEshWUGSTMhc1BQgTV7rodvygavddyVCEoZxuu4UYTZ2yu+IVPkAJGE/A9VE8Qp3iFT5CYJCSGJfUJeKPRRci8BFw8hM8X/D+67rd/R+6tcE6Dt4XELxSiCXfhC3kqUcjgDlEAOFwOGOE/UPRHDHsr2dBwnkAbgbpvin0RGyZPCZlFN8CDW9guNaUZpyASiN0qxe/AHwR6Log9lJDWroIPAQYBlPJH+X2+lAFOQeFZNDfRO0NI2aqA+Qrflx/Smmn322VkYQm/Lkbq9rCdmSu01EeDEMAKQ2slbgSnhSTBngYTHUmQjAyh8dTTybF+CntgbMPIoJpy0+VqLDJUwOHlwEWSMO+3SjgDCjuptGzmqfBXtwBKUYSU0gzz+SBQUiOe0p3wHbyob4P/lwruSnaRs3ZRX0x7NCr4v0WrCpdEW9kwghWRi9QhGnHohcGMVqK8tPGE0tcOynGPB+n903R7KYwFlETJB4Tw/HZP0BM0eyZgLA4HK6PZINISRJ4JhPsnUV2uFE4GKYkDsStfZuuT5Y6o+xysG0kZXSMo42OIm7T12Rxg9tt92pK9uYpBn0yp2CV4fS3KuonNdDUOAb7rY2H4gvi0xXButvGrutML89nCu0cofiehJKNb7rQXWPXSyjVjOMqY1mHYTlNMx2RdfaOtCcz6giAEN4XNXsi5YrA/YgbJafddSQlDCMppHbKKlglQtNrop6uzU87vGiHhSjcOZscqOZHOZ8pfKY1EfAkAyQr/w0pImvboc0EcYUaTGQtnF5yecX/oXEjquyzNmicNWn0WNlhlgkdFKwtc04IIXtQtJo3OkoJCATkxk7KmvnTdHecuEfy9SeSR5SVnsr/R0tPrMcSPK8YSHKsLraam0zmCpjLSDjPY+6hDHdL2s6ddisWUdaAeUQcppGO6WckIGuQ8hWcJy40YC6mIEenjlMTwO6gAQDuurg4XVCm8IcjIKMoLfYl0A5SA7p+xA2UId2wNl1q4nx91BXYduMYI2VHd7QW5qaZmR+IBXTXIjSOCoTc63lGFL8HgjCeyUjGyu73ZMtNVSjjdzQqLGkbndQ21yVkU0SfK8IUlO124QmPdGcEZClRyNO2UAXRAlpyzgKOriSNrhkNVfJTkk4HCgSk2R0l0tIOMLigw+/ZIte47KM9pbnIVrUUclK8sk/IqPLGHDGF+RT91hLDcDTVPhvOGu2W0gkBAwcheePiLTlowfXK1nTVeKiARSHzx7KC5wUjQAnGSj0dS5kmShg5HCE4Y4QNGOUEuy/bUah9PKI1xVRQVZJ8J54GxKso5GkIMGeccE2OY+iKDkZUUFGilDcAqGeSyHSXA4HgpE47KABEkklCCSSSUIOSSSUDEkkkoQSSSShB6SSSgkSSSSgMlkekmJKAD0kklCCSSSUIJJJJQgkkklCCSSSUIJJJJQgxLGUklCEaphEnlIyCqbW+hqC0bNzkLQuaHcqHWUTKhhwPMoGEpaoTMGN1KB1BZyKSaimDHZxx91bw1WoA9ioQmsJzypDcY3UVr/ZELsqCmsjpIfE3GyADglrgPQgqQHgbcpssLZgHZwfUKFFXVUZikNVSZB7t9Qj0dW2YAHYjkIrtUR0ncKLJTkv8WnOD6KwCfIwPA2UZzn07g5zdTfb0XaWqDh4cmxG2/ZSHMa8YyCjAM/fuj6K5Sm52yR1HW6QWzxDv2DgCMhZ2j6nr7LVx23q2P5dzhhtSdonH3J4K3rqSoi/mU8n/hPCjVFHZupKaW03emjke4bxvG2EyuzYyms9ipqlwcMDKdeLHaOqrXLZr1AJIJhsHDIDuxWIq7D1V8N3/MWDx7rZ3H+bROx4kI9Y8DzfbZajpnqqzdT0vzFrqxI5v95Gdns+4XX0mp2tNGS6nJ83fFb4PXnoGU19vdLcrM9x/wB5ccvh9A71/wBF5e0nPPC+/n09JW0ktDXU7J6edpbIxwyCF88/Fb+zu+hjn6j6Ag8QE65rcxuB7lnp/wAuPzXvvE+dx/p2nOtpxyeGxzOaQQeFZ0ddkgErPmUvcNv0RYpXN3XsYXKxZQlScDYx1LXtHG6c9jJW4e0Oz2IWbpLicgEnCuqetZI0J6bQyNil2cFK2FxdCSM9uyKybPklA+5RsGTfHCFJTeNgA4PqmxuaJOvPY2Sjjf54zgpNDmeVzcj3Q3CopnAOOW9ijMm1gHAKdXc1+TMFtCfEUQLt0/ar3FongYH+uFg758OKuHVJbY/Eb6L01zGO3aMJNdKz3C31ayUejz+u8Dp9TDFsFn9rs+eaimlpZXQzRlj2nBBHCaxoPGF7zcun7JemObW0jRIfxtGHfqsHfvhjcKcuntA8dnOAdwtkNZGb5PFeR+m7Ko5isowT3EbJp3CkVtBV0cphrIHxPbyHDCjadjjfK1qSmuDyt3jpQ524E1+DnI2TxO7P2UZ8UgOS3CYM4OytowS08odljHWHg4UmOZrhyqVpOcosc5/RUZ7K2XQcCuqthrM4BUxk7SMlVkDoeknZC6rIJJMSQFYHpZC4SOEwDHdQpIIkuZCWQoQ6kkkoUJcIGMrq4eFC0DPKS6Qc5XFAgQ2SPtwuJw3CGSByDkGrC0HT3W9fZniGrj+YpcYDQcOb7hUKY5me6xXaeNi5R0PHeV1firfl0s2n/wCTPa7Zerfd6RtXbpxLG8duQfQqwpamWnk1sOR3HsvB6OsrbdOKiiqHxPHdp5XpPS/W9FdSKK5EU1SANJ5bIf8ARcXU6F54R9t+m/ryrXNVXYhP/wBT0OGuhm/Fpd6FSRKWjGMrOl2QHN47Ed1Op68saI5skDgri3UqLwj6lovKKx7ZsuY5icZCeJBIeOFCjnjeAWuzlSWEN3KRtaOrCxT6CSQtfgkZUZ1FNT+akcMD8JPKk+IAdKcJdxtyqXBco7iBFc3Nd4dUwtIU4lr2hzSCE6WipKxpMzN/ZVslLW23Jhf4sedh3COLyImmHlxnGOFFkaTxsiQXCOof4T2hkmNxnlGdDpGcbJyZmeGQTracZwm+K4qUWA5BCB4XfCZGQiUUNM7hsVKiq9GARj3ChP1cEJheT2T1bgx2VKXolXSzWS/QGG4UkUufxYGoLy3qn4KR+ersUu3OjK9La52MZKPHUyRnc5C0w1MvRxtf4fS6yOLII+W730lcbdI6Ouo3N07ag1UE1CW58MjI9SvsCutlqusZiraRji7k43WB6k+Clsrmuns0hhmO+knYrZVq89niPI/RmPv0z/7nziKgxv0ysIUllQzT9S1nVPw86g6fJ+ftr3R9pGjOVjZ6MREgFzfY9ltr1KPDazw12nlixEltQDw5PbUk4VW6mkJzE8g/dCbLV07g2QE+4WjemjlT0Uk8Ivo6jWcYUhsodzhUkVewgHO6kMrgcFp4VZyzLPTyRakYSzhQ21bzgO3CO14IymJ/sU4P2HbI5pBzwp1NWvDh6HkKuXQSEQqcMovHPiqY9LgCCqyqt7G+ZmUoJzGQCcqxjlbK0DAQpZFJNFA+FzTgjCJTvdC4ObyrSeka85aFAlhdGdghf2vKDTUuyfS3J4eGz7tO2fRWTWmZuqEh49uyz2fVGp6yakeHwvLT7FNjY2BOuPcS1ILSQeQnRyebhNjr6OvIL/5Mx2P9JK7JTSN8ww4eoTlMROO7ho1HT/WVyskg8Ooc6Mn6S7IXrfTfW1qv7BFDKG1DW5c0nGfsvnjUc47qXQV01FM2aF+khPi8nPv0UbPxPqBr9Qyig5Xj3SvxKqaWYQ3V+uJwwD6L022X623NgfT1DST2ymqX7OJbp51zw0WwcRsCnNe4nCHnYH1SzlFgz8EgEEZyE/I9VDBOeUZpOkboWsFBs+6fqx3ULU71KJ4g9VeMEwStR9VIprjU0rgY3nb3UHJ9U4DAxnKrILROu9q6e6opw650bBOPpmj8sjT9xusvNZ7/ANLuM8Urrlbhzk/zIx/qrqR5bjAUilu+jEc7duM8/qrSyEU1rvFNdG66Z+oYzjv9lOE2+McJtx6boa6obcbPM6lrtyCHYid92gfuokU7y91PVRmKqadJadg8+o9lRCxiqM4yFMimbjGVUEOGCcjsntmex2+6vBeC41H1SyVAjqQQjh4IUwVgkZKWSgpKYLwGyUslcSVAiXHjbK6koWDPKa3Z2ERcPCAFrI8O9wkd1E31ZyUcPbjlXgoiV9L8xD5fqbuFSugcx2HHGOVo8gqFW0Ze7xIwmDM7Xkyd4t0tOf4tbgRK3nH4/urK13dlwpQ8DEjdnt9CpvhkAtcAR6KhuNDNQT/xCgB05zLEPxBEG/uRf6soZ3QLfcIrhFrjGMcj0UhMEtOLK262+GugMEsTXB3B7hUTIZ6Em214MsLhpY/GfL7rWSAbKLUwskbpexrs+oyqY6FrTPI7lSPslzkpXeaKRxMZ7YPCLHJvnC1fVvT5rqEOpwPEiOpp/wBFiIHvjHhy/UkTSZ06bN7MZ8TunAWt6mox9JDahoH4e7lgoKg4GF7y4RTxPhnia+N4LXMcMhwXjHUPT0/Tdx8J51U0xc6B/qM/SfcZC4Ot0zeZI+i/TfmN2NNZ36JVuuTIIwybfPdT7jRipibUQgbjP3Czkcgc3AGcK5s9e9rxTSuyw8Z7Lh218ZPpui1SkvisO2a4ut1TpeToJ49FrqmKOspxI0ZyA4LLXSgaB8xEPvhTelro4vdQTvyCPJk8eyRn0dmmyNc/jm+GZ7qqxmNxqY9hzwssDyF61eaFs8LmFucjC8yulufQ1Lo8bEqQfJyPLaLY91aIIaAchSY3kAAoGCOU4O0laFyeeX2MJO3vyorS5rttt1NB1Dj1USYaXDZDOIyXPJe2m4PePBkPHBWgoa0h4G2yw9PKY3AhXtDVh+ADukNejraLUtYjI3lJVCVoyQuVtI2obozjPdUdDVkYGSMK9gqBI0BL2noK7N62mPvFA6nlw1uR6qr1ey3lyo21MRYGjJ7rF3GilpJCx7cY7+qvBy9VpvjbkiOJNBBHZT6OsOpVQGTyjtd4WHYymLgwqzBrKOp8VoyUWUAt5yqChrS04yrmmmEoz6qfnybK7N3YB5LHcZR45sAAhEmgDiCG/mo74yO37qsYNKeCdDMSQpjZeDt+qp43EEf9VLa8kIDTCwtqerIwNvsrCGYPxvys8xxzspkFTpIyobKrtvZoozluc5Qp484IQKSqBCmCQSD0QHQrsU0Vk8RyDjhdieWYbhS5ox6cqGYy05VN+ipcdExkpeNyuVEIc3HZRWvDSMlTWTgjGEElwXuyVs0PhkY2U20XF9HK1zH433GU2ri1jDfTKrCHQu3WeUcjarJUzUonoEnhXanEsRAlYM7cq66UvEjyaOqfl7NhnnC86tV5lpSDnOFomkVeK2ik0uO5aDggrBdRufB6LSazdicGeqxTOGPdTIpA8AZWS6bvrq+L5So/vohjPqFoWO0FpwubbVKEsNHpNPqI2xyic+MEKsuFC15bJGNDxuCFYxyamgrr4w8jIys5rTyCtN5cWCmq3edp05KtpGiaPbf0VDcbeZW+LCNL274HdEtV1ewinqjg8AlUEpYLGKR0L9Odj2QLjSishMeQHcgqVMGu8zQoz3atuEYSaKu1109rqDFMDoOxzwp91tUNbEayjxvuQOyHVUwf5gMlOtNeInPpZePdGXOCaMdcKd0Eml4I9Fnb3bnVcOuIgPZx7r1u7WWmuNOQGgP5BA7rz27UNRQSmORh2/dW3u4OdqINrCBdDdXSt02ipb/MZsC47EL0ZlRqA2XjN0pTGW19JlkrDnyrcdGdRPuNKGVDwZYxj3KXOvciqb9qUWbmmnLMKxL454gQd+4VLFUZ2IUmGXusM68M6VdmUTMujPsiNk174QfED/uuRv8ADPGcpLiaFLJOY/IA4yo/jPoKsaPoedx2SY4O3BRHsjqGFj279igcQy7Y7U0H1GUyUaRnlVVorZNb6Kdxyz6SfRW5Iwl7QwccpzghSQQ4fdQnOwSnxT74IQpMAK9uRg7grFXWJ9rufiAeR5ytm9wdjBwqm/28VtC7SPOzzAp1U8MBrJU10TKujLmjluVh7xCHxSBw4atlaajUw08nLexVN1FRhkvisbhjuV19PYYNTXvrZ5PJA4RyU2MF5KtOjK1za1tE5+N8fZdrYGx3AuPHoqWB0tou/iF2MvyCuglvR57mqxM97oaiRrGsJzgKx1lzRkcrOWKtFXSQ1DXZJABWgjlBAwEiccM9DprPkjlBFlOpqR0T/GYzPda0HKq7zEaimIa36dylj28FTZ6troGgHcq3jfkLJ2+XwKgx/h1bLTQTl2AQoRSySycqmuoEc2oN+obq4BB7qFcIBNHpHJWvTz2STOdrq99bPmn4nW59Ff8AxnANZPlzcBZ6jkxsQvUfi3ZW1Fs8Ys/nQv2I5C8ippnx4ZJuQvoviNR81WD82fVuheh8hJpflyauw1boq5mCAML0+hl8ZgIPZeNUVSWua4D816j09UmWkBO+AF2zz1FmHtLGujLS547YTadzZYQXHBRpSJI3MI5VXC8wymJ5xvhQ1Tk0Kuj3OB2VWHGNwKu6pnlGVS1bC12rCgndzknU0peBk4UuN5BG4VNQVWpm6miYtI7oDXVfg0NBUbtBVvG/LRuslSVRD2q/pJdQG/IWa2OT2viNY5RwyyBJzkoUgBGCusOUOUZGMrO4I9NC3grafLZn7bak4vxWjA8q42TNSYsY7rk4xIXeqpxWA088k0yBzDhZfrCPVb9Ybu14Kvo5OMquv8YmoHx4yeUjbyI1PMGQLFUNqKPLewTqxvmUHpeZgjfCdiSQFZ1rcY3RrCMVL+xEenk0SDJ2OynghyrWuy4eymM+jlIshl7jXXPHBDmAiqHaeAcq0a4S0wIPuqqsJc7IG6PQTamGMn3SHwaap/dtOyN8pBUN3Dh3U0uOsghRC3+dIrh2DdJI8t+KIzTt+68p7heufFGM/Lj7/wCq8oLM43XSreEfI/qmG3Wf5RxucZKPB9CCDk7osH0I4SzNZPNYyGj5Uhyjx8o7+FogLGSkeqhy8osjiCgyDCp4awNhga1Fh5KE1Fh5KUkWS2cLq43hdTEKksnRypLeFHxghSGfSETWRMnjgJjKf2KUeMjIXJAD7JyeAPYWkj1zjbIV63ytAGwVZaw3Ogt4VlwQrOlRHCDRjg4Q7hUeHEQMDPujxAAbqlvNSHnTnYHhW3g1XSUIFNWOL5C48FRScjdHmOST7KK7lZ5vJy+3k4xuXDA23UsN8oCHE3uQiE5UislHE4NOQuDlGjZncjhG+gZPCO/S3ZRJjlSZcYKhOOSs1ktoERhccnJQsZCeN+VxY5y3DkOxnZX3TtCJJi+SPI2wqSBnizNj9V6BZKDw6VoLRq23WTUz/pPVeE0iskrJF1Zbcamojjazb2XpFPTspadsQaNhkqk6Yt7IGiV7RkNV8XapBpWHfzg+keO06jDIWnGwlI/JDkwT+aJIQ1gA22QOcjK26eLlLIXlb40U89nH743XNQa0lN08nKj102huPVdiEMHhp2Z5IVzqydIAzyo9vjE02XjIBQZ3eLIABklXdupGRMGBudyislhF6aqNtickTImhgACI7U7bK7jAARIGl0jQBsVjk8s7yW1YRJoGNjOtzc5/ZButx1EQxHYclPrKmKhhyRu7YDuo1qpDX1BMg3PAXU0GmjP/AFJng/rD6iWhqelqeJtE2wWWputSxxYSwEduV6rbKBlvp2wjGrvhV3TdsFtpmuewayNvZX0RL98LtN/o+F3Xux5fYekaDKMq5hiAwccquo4iHhxCsowcDdJsb9GWUiQG7DsnJre6p7pdJppP4ZbCPFdu+T+gIABt4v8ANHN8havNUO2LsbM912zWGGiL6ypHjVUx1vlfu7KdbrdDSHW8eJKd3PPJKtW5PZQpDgMlOe8NaDhOaNONuV5v1j1BX9VXc9AdKPzI8EVtQPpjbtsD+qnSCik+yDdTXfFnqcdP2+Z0HT1veW1szXZFQ7+jbtxtlerW600dopY6GhhbHTwjEbGjAaFB6b6ct3StpgtFtjDWQ8nGC4+p91cDA2ykSk5MZdNywo9Dwcd0sj1Q8n1SGSeVeWKCrhcG7kp4ZgZ9Vj66on6zujrPbfLZ6V+mtqe1R6xs/Tc+/wCp4CSHMlm61rgYQ6Oz08gJcT/2hw9PVq2EYYwANb5RwEGlpoaOBlNTsDI4wGtAT3O0hD0XjdwOknA2xheaEXr4w3xthtL30/TschbW1A2EwH4W+3OT3UisrLj8S72zpTpxzobdG4ivrWnZw28jfbn7r2Kx2a0dG2VlDQQiCkgHHfKrstPZyuxluprR0TYo6CnjbFDTt0taBguKq6eCqv1WLlcQ7wgf5EHr7ldcypvtX87VD/d2H+Wwnb7lUl6vtde609LdLymLw8sr6tvFMdvKPcYKWX3yB6q6pudxqX9JdFhr6sN01dSPopB3H3Vv0b0bbelKIw0cR1ynVJI85e93qSj2Lp+3WKjZR0kZ0tOp2Ty88lWoOBuoUwpw0EqtrK0wscIhrlzgNz3Tbvdm0rWwxtL55NmMHdMoaEtxUVQ1Skfoq6EtsHT0sr3tlrxqlA49FOAZE3t+qc7B3zuodTKGQul7NVfkUNq5cbg7AKgrbnyMAodxvOuMxwO+rlUclQ5zsb5KaoZGxWSZNWmXsoROSSTkeyrr11FbOnqJ1dcpQyNvqvAOvfjVcOoY5bdYdVHTEnLm8uT4145Nun0U9RJKJ6X1z8aLF00x9HbGtrqvuAfpXzr1T1lf+qqgz3OpyOzRtgKse8uxnkJhbq5R9cHqdNoqaK+V937Awx5GUeKHW7GcevsrSwdM3C/1IpqCMuLSNRxsAV7P0z0PZumKP5utZFJVY3yM4UwDdq4VRwuzE9I/CyprHMrLwBHTO30uGCQvR4IbXYQKKzsaGt747ok1XPcsUtGCxg5ONgEemt9PQnxGjW734yrOLbqZ2dg4KGOon+cuUukYyAU+aoqJWupaIiKHs7Tv+SJK1tRIHzDJHA7BdxpGGjhE3gz7svAOKHT/AHjtR7kncokjgMHOAqu83yhtMYlrJNI7DPK8i61+L3izPpbVI8MGwwUt3ejXp9FbqZpQR6T1D19ZLICx9WBK0btwvG+qvijd7rM9lFK6KPcavVYytudTcpDNUTOeTvucqG6fRwMrJbflnqdJ4iuiW58hDLNOf5rwfyTHODffPugOn1eyZknkpDtydiKS4QYy7kjZMy3OcBD3J5TgzKBybCksCLtsAJzYppjjOyc2PSMlJ0oPlAwhBCRxwQ4dLgldfXaW4h2Q2wmTd3CJikgPmByEZTSfLAOdX1DstccJwo4ycz7n7ogrW8U+wTRqkdk/mgRcZNcRH+FBCP5bcEIYnlk2cdkXwwRg8fdPAgjILW7qFyk/YNrJMY33905sB5T/AB2f0pjpAQRhTkWEAY0YyP1XS5vqP1UUjvlN1D+pVwQll6aagn8KBraAd1w1OMnAUfAUlgP4zs/TslqJHOFGE5P4Ug9542QbiyUNR7/sljI+pRtcx/4myWhx5KtvBWCUXNxygl7c8ofhEgnUmeFvguQN4LxgNr/xBLUP6gh+CRyUvA91ReR2s+qWs+qXg+pS8H3V8FbR2r3S1e654Z7J4jIOUDeAAmo+qbqk9F1oxgIgAwqIN8ydgpwAynjThQCUsAS0kpwGBhEwU8R5UBApI/g5/F+yQgJ7/soUDAycBdaMHJUnwCeyKIW84RgOxIjhpxwnYCOI8bYTWsfndQH5GMwUsFSQwY4XRH3woR2ZI+Cn4KPoHon6B6KwckYA5RmnAT/D9GpwZjspkCU8HV0E5XMFLBRAhQ4kBFZJo2xlBaCiYKgElkK091IYxuO2fuoieyU6kQD4Jen2S0ey4yThHaQMFMi00LcwPheiRhJGMqcIm44XfBB/D+6vAG5laabJzpTHUrsHJAVr4Df6P3XPAHooV8xSOpnA4yEhFIzcOCuPAB/CFw07TwAFMYL+Ur4a2WPyyDW33UlkkUu4PKbJSB+4ACCInxEFqJPBaaZLdSNeMhRpqIt7J8VY5hAlOfRTGVMbgMhFhSI3gpZoXsP0IOnkEYWjfTMkHACg1Fvxu0YS51/oNWFMY8nhc8Meimuh58n7oBjOUO0creCNgJhBypWgofhFQLKAYKcieGfRNa054ULOAEdl1pKNpBaMt4903w/dRMmCVQ3KroX+JTTOaR6HC3HT3X2S2G6DOMAOHK8+a3T3XTtv6JsLHFma3SxsXR79S1lJXQtlpZBIDvsU/C8ZsfUlxtj/AOTK4t9CV6PaOsrfcmsY9wZJgBwz3WxXcHH1GksqeUjQ/kkuBwOCO/C63lF2Y8M6B3TwBhIDuuq0ijhATCDlETiBhXggDJQSATkjKlEeiZgpfQXZWXG20lxi8KrgZI0juOF5n1H0zUWeoc+NpfTuOWu9PYr1x7NSC+jiqWFk0bXsPIcMqnFD6tROp8HiIOeN0tBWr6o6Plt73V1A0vgJy5gG7f8A0WbLQ4AYSZQz0dem9WwyhjBjKfgroGO6fgeiHGBm/nA0co4HdAHKOOFCZ4yE2xgJAZSAynKCpSyMRhygow5UIggHddXBwuqFMekkkijHIMpbRA4RA4gnZcyPRPJyi2ASe4RJcNJKortaTDmppmau7mjlXwGO6I0BwId35UawXXOVcsxMOdL25bz6IHiSRuyRt6K5vVplt8jqmJuuF5J2H0qAWMqWDw8IMHQjJNJsbHVkjCIA2UZ2BUCQOgkw5uFIil0hpBzn3VBNY5XRyan3yGqOYyDjCsw9sjdwo0rASoRPJ+g7JXVOaerAyR5T3BUSamfG/wANw+xV9drRqBfDs9u6gU0zJQaWrGHjYOX5DawfuyMtxUy02wJHKk2dwpqrcfUMD7o9TTGJ2kjIPBQoR4ZDtO6pLJcujWUlSJXCB2BL6KVIwtGCN1VNjlfTCrib/NbtlSaSvFSBG938wbae6AyyjlnXvMbwQFa0NTrIa47lV74y7tugsMkMzXDgKAzjuNQzcbkJ5yMKtp6wPxjZT2uDhnKAxzg0SWPOkA7ooOVGBwnskGcFQU1kkpLjXagkTjsoLOp6YnqEEnJqcoWhJJJKBCSSSUAlLaJPTE9QASSSShGJJJJQWx6SSShQkkklCCSSSUIJJJJQgkkklCCSSSUIJJJJQgxJJJQhW3GjdJl8Y3ChUlQ6J3gzbemVoWgHJIzhUt1oXPb4zOQc7KFp5J0UhGApLXghU9FXMcGxS+V7dt+6sXPDgCP0UCJCOw429FEY/fGFIZJkcKCmsjpIRK3HdVz3SUkuiQHHYq0aQuSRMlbpe0EfZQArZWte0TR7Ec4RoZT5SUN8clM4tc3MXqlHI0nI4VkLGN5LRnuo9dRR1JBwGPHD27OH5pRPxjZSQQ4ZCtPHJCBDWzwP+VrXFzRs15/1WZ6k+G1JX1Rv3TVY60XXGRUwDZ5HHiNBGsfntkrYSQse3DwHD3CA1z6J+tri6M8s5P5LRXa0LayYWwfEWqoq8dO/ECn/AIZcgSyOfmnqCOXNdtjOR+69GhdsO+VU37p/p3rG3PoLrTCoiePpIC8+/wDrx+EjGkCo6i6aa8NkDW/71Rx+uoDzN3/+YuhptVJP7jNbSnyhfF34EWnrRjrzYi23XZudb258Oo9PE5Of8W6+Vr1Zrx01cZbVeaJ1NUROLXNd3x3HsvuiwdV2HqilFZYLpHVwDGtuf5kZPZw7Km+Ifw96d+INq/h14psPbkxTsA1Rn1C9n4vzk6Wozf2nKvjteD4jEpG7VJp7k+PAI9Vb9f8Awx6q+G9ZivpzU2p7i2OuaCAD2Dh/6rLGQMBJXv8ATauGogpwfBkbcXlGwtl9ge0Rz5yO6uA5rgHMIcDvsV55DWRxPD5NmDkrQ265OBBjIc0bEH0T3yOq1CfEjROaHNIIzn1UCWmLDriJBHbKOyuieMtT9erGN0UZuLGNKXKI8cupuTz6IkdUxuzxhKen8U6ozpcP3QGHB0vGHBOVjkRwXsm+HFN52PAz7oT5aildnBLfUIY242Roah7dnDITIz28mW7SQu4INwtdlv0Xh11LGXEY1adwsVevhS4NdPZaxr3f908Y/Qr0Z1PT1HmA0O9QEJ0NRT5IGtvqFtq1clwjia/wVV0MTieCXKz3G2udFW0skZb3I2P5qocQHYxwvoepbRXFpgrqZkjTyHN3WVvnwztFaHSWzVA87gE7LoVaqP8AUeL130tPGKH/ANGeQHYZQ/FzsQtNeeiLzaS4uhMjB+IDOyy8jXxvMcjC0jsVp+SM+jyGs8XdpZYtQ5spa7IUtlVgDj9VWk90zxcbboZLBy5UZ4L2KvzgE5ypbKgPxjusy2pLd99lPpa+J2ATuoZ5UtF4DlI8KHFVx7BSWzBwBHdU3gW4tCJOVxOXcFXkgzJXQTlcXQDlQg8cLq4OF1QESSS4eFChHCGeV05XFAxJJJKEB5zyFzHoipYKpxTKwDbGPVDfHvspCa5uruh2L2Xlp5RddPdZ11nf4VW59TTYxhxyW/ZelWy8W68QMnoalr9QzpzuPYrxYtJRrfcKu1ziejeWkHgHC5Gt8fGct0D3v059bXeNap1X3Q/8z3aN7mZLThSoK6U+WQ5C87s/XlPUSNgr36Zu+CtVT1zZRlhBzxuuFfpJQfKPuPiPqGnW1q3TvKNNHL4g1ZyjtOPyWaZWyMdkHCsKa5ZAbK5Y3Tjk9TRroTXJexy4xuE8yZ5VdDOHgEEognxvklDt9Gz7Z8j6u30lV5nR6X/1t2KrZKiotr9NQ4vhH4sZwFZtqAeUnmN7fO0Ee6tcGe6uKXBGinhqRrp5GvB7Dn9F0s7FVNzt1TSl1XbHljhuWt2yoVN1Ru2mujPCm4zxlMizm22Kt4ZfvibjjP5qK+HTuESOojeMscSCnh4cCMIwFNT5REc9zTgtSLw7GkqUGNJ45XJIAW5ACPIuSXYCN784BUuKaUHzOBHooLo52HMbV3x5I/qbkpkJ44B2JrBbNnJ3Izj1WS6j+FfSHUxfLLbxS1L/APixDAJ9wr6nrYZNs6T6FTY377J3zOHRjv8AH06mO21ZR8+dU/ATqe3F81gbHXRjcNL9Bx+hXmd0oLrZpjBcrc+Mt2ORn/5q+2GSahwoV3tFuvEbaa50cVRCM+V7c8+h7J9Wrl/UeP8AIfSFVkt9Dwz4m8OmqN2HQ8phglZsN/zX0d1X/Z76duYfWWOV9A87kAah/ovJ+ovg71z02w1EFP8APwA7Oj2OPtut9eqjLs8br/pvVafL2tpGJirJYnaX5I91LZWascBRpnOp3mC7UslNIDjzNwV3wI3ND4pGub2OU+NyfR5i7R7Cygry04fuFNbPHK3ZwWdeKin33x6okVW7I9UzejBZpsGha4nfVnC7FVSNdsdlUx15YMEE+qnRVcL2gh2D6FWpmWVTXBdQVWRh4BXXwtk3BAVa2YAZaeAj01wGcOzsiXIlwaOz07mfSP3Uf7hWw0zN4HChz0biC5hAx2ROP6Ipc8kZpxuN8KfS3WSNgjezUB6lQAHN+oJokAyqUmFKCki9ZJTVLC6HyyAeZp7phD49yFUtmLXbZCnwXIgBkw1t9+ydG7Alw2kuOfJ0lW1tvtdbpGvpqhwx2yqcGlkw5r8ZRHUgmb/KmOR2T42ZMl+nVvZ7D0v8TIZw2nuuoYwA5b+ir6WujElNO2QH0K+W2T1dGfOCQ39Vp+nPiBUW+UNErm78ZTzkX+PzzA+hkQfSVlLD1vb7vGyMuDZcbknYrR+LqGRx6hHuRzbanU8MKeUg4g5Q8hJTIkkCfA+ldE+fwoKR2V4RCQXB4BwhtIOcJrZcduVwPz2VxeCDw4tGGuOCh3EC5QCOYkSR7xSD6mu7fdOyEshEWVdDeZ6SQW69tDHnaKbHkePv2crh7ANv9VFrKKmuFO6mqma2O7enuPQrOvN26Td4mmevtud258SeMevu0KB8SWPZqAS05zwjRVJ4IUCiuVFeKZlVb5g9jm5x3HsUUjHdLYt8PDLOOoB5wiGTAyqnWYyMKSyo2GVCZZN1+y7rygtkBCcDnsryTIblFUfITshRrJfZ1JcyF1QsYR3QsuRchcOOyjRTGAnKKTlvKEeVzJ9VWcAMDPADlwaoUkYwQRsVbjGMEKLPEMbNR9lwkZaoop7dOayizpO74xwrCmrGVEQkj78j0KnuYA4ghVlTQy08xqaIbHdzOxRhykpEoHKEcO2IXIJmTNy078EdwURUkU2A0jfO+dlgOr7BLSTmvpow6N27gOy38pIxhRquCOqiMUrQWkYVdmiizZLJ5NHLsB3Vd1J09S9R240suBKw64nnsfT81e9Q2t1oq9TW/wAuQ+U9lBimDgsttKsWDrUXzrmrKnho8SayajqJKadpD4nFrgfVSI5XE6m7Ebrddc9NGvY25W+JvzMYPiNG3iD/AKrBQu/Cdl5/V6X43hH1jwPkf51ClJ/euzSWi6RTN+WqsbjG6rbnSVNmqhUREmMnU1wURvkIeFoaGeO60hoaoB2B5T3C4lsHGWUe1ok9bD4ov70uC3s1yp75SANIErWgOaTvn1VL1FY3yh2G+b7cqqttXL0/efDfnSXaT7hbaZ7K6IVUBDm43HdDXI6GmueqqdFv+5HhnkVVE+lk8ORuChZ9lqOpLX4r3PYMY8wKzT4nRjdqemeX1Wndc2FgcBsU6ohDmaxvhRgSSpUL9TNJRGdT9MgElpUukqXQyB/IUesjcx4djbCYw4CXKOexkLPjluNjRT+IwSBw3V7b6nJAOFhrbXlmIXcLR0dU1p9UMo4O9otWreUatumRnIVTfKJlRDgjBadijUtVkAKYA2fGUJ1LEroYMBU0rqZ+Duh52Wkvtrd53Rt2Wa0luxVM4l1PxSCxOLCCFa2+twcFUw7okUpDs4VrgXXPazYU8gqGjjKUkP8Ah/dVdsrNGNRV5HJHK0bcd1beTo1zUyEY9G4CTZcbYUqWIf04/NRHMc050/uoaUsB2v8AZFjkIIUQPIOCERj8FVgtWclvTTkYKsoajICo4JwcDClxTcFLN9NpauOrGEGU42Shl2wU2V2EBpcsgXsIORuuxT4OCFxrgc7qM7lR8i3ZtZbQyNeMEhR66lGnWCosMzmHCmRztmaGk4S5xwaK7N3DKtxfG7HCtbRdJ6Vwwc4/dCqbdr3A/dQsSQnGFnlDcPjKVEt0ejfR1gDI7hRPw8fVg4/IraWDqCK5wiORwErRuPVeMW66y08gIdlh2LSr+hvYilbPTO0nPAWK+hyO3otfGGJpnszZdOBhS4ZWntlZqxXmK5UzcvHitG4VrFLocMrlzqcWetp1EZxUostDgjAVZcqAlniMG4325CmxvDgN+UVzSVnawaM5XBW265ucBTVJ8w4JU5/YjdV9fQE5mhGHDfAQ7VdRr+WqtnDZrirTCj/cs2u1nB2VdU07opdfZ24IVg9ul3iNOQfRE0xVEJikAz2KYOyhttuLhiGdwPYFPvFnp7pTnYasbFUrxLST6JAcZ8pVxQVwe0Rvd9ioZ7Yp9Hml4tk9umMMzfLnbblZttTU2et8SB5Dc6hj0Xst8tUFyidloJwvNbvZ5KOZ0VRHlv4XY2IRHMtqafBt+n7z/EKJkxILgN8K9hnDgOF5BZLpUWevEbXnwicaSV6VbbhFUxiaN2dtxnhKlWmaKLuNrL4TloBO49UZrw8Z2Ve2USx4GyLA/QRk7LM6zpQn+yayXDtJIUyKTODhVcrHF4lZuPRSqaXIAwkSWB6eQ1Y0t/3qMeZvorKjrfGjBcd1D+tmn1USMvpKnLyS08YSnEM0B3BHsgBhB5T45Q7BA5XTwgwQYHnI34RG4LcHBCiknKdrx3KGK5KfRl7zSuttx8ZgxG852TbnE2so9bRnbK0F7oxWUZAHnYMhZ63yZa6mk7bLo0SaESWeDze+02JPEYMEcqnq4GVlOH4/mMGMrZ9XWx0L3PY3yuysTE50L3MJ77+4XVqllYPMayG2bNl0Hd9cXycrsluy9EgeDGCF4hZKx1ruwfnDJCvYLVVtnhaQdnBFJZNfj78LYXDOEOXGdxkJ7DgJknKzs66eUYy+U38PqzK0eV5BHturigk8VgO2cArt/o/m6cnHbA9iqaw1j2ONPK7zM8pVAP7WaMPcDjK5KSQCUNpyUZ+HMABTIg2JSWDFdd2uOuo3RkEZGSV84XKEUtzmpwclhIX1deaB1bSuDAC4D9V85deWc0V0dUtjwHEhwHrlew8DqcPaz47/AOInj5SqjdH0ympDhozyt30ZcMnwXv42IXnsD8EBXfT1Y+nrmOBw08r2tdmT44pbZHrIIJVfcmiN7Jw3I7qQJcta5p5C5PGKiBzCN8ZCdJfo253LIxx8UB4IILdsKtr4sjA2yn22pLXvpZdtPCNWM1tyBnKWLfRQRSCGbw3bbq2DstBwqe5RGOQP/dWEE4nga5vBCvBUZYZJZNh4V/bqguDeFlJzpcMHdXlpnA8PKz2LJ6XxWr2ywaWOQ4GyITlQ2vCKDrPPBWZxwezrv3IhOAFwTavOdlyXavH2T5xkA4ygfRrhasA4nnACHcvPC8nvsuxPa7IGyVYMw4B7pTQFstyMnZH+DXyw4+lxwFf1jsx59FnoAYb8442cVoKp2qP80EG8mSPBCiIe0OOAVLZgjAOwVbu06QVOozkIrF9uBtcuQVQ3CbQyZlIx2R6tuw3UAHw3jBKxSi2aFPa0y1wM57qC4+c/dHY8luSeVHn2OoFSLw8l2S3GB+KMI+UDsbLxhx3XuXxIhMtkklA3zheHOYQSF0aZZPmH1dHGqjL9oc5GpvpQkWn2ajXDyeWzgIOUcfQUAco//DWmMsoEju7oJbvyju7oJ5SW30RA2o8XJQGqQzlWl+wkSmjI5XF1vASPKa1gB9HTyFIZ9IUc8hSGfSFZlsCtT9OtwAO6YO6LRR66gd06JdazLBaUkbGMAa3B7lS2Ny7lC06cY7KRTtz3RHVgtvQUkMbuVl7pIHSHHqtFWva1vKytWQZXZd3VPoTqrG+CLL3QGHzFPfykzlZZdmVSwGwABhJFHCWAmp4LbyNHKMDhu+yYAc5XZCC0Y7KpPgVLsDIfqyohO+6M8nJ3Ud3Kx2yyHFcHI+6Ttz9l0jC7EwyHS3krHOWEadPW7Z7UXXTdvNTUCdzfKDsvT7DbvExI4YYwg/dZPpu2FscUbWnJwvTrbTCkpQ3T7lczUT9n0jw+j+KEUToAIW4ZsFY00X8sSkblVtOfHnbHjCtXP8NoZhJqg7GexqagsgqgkEAFCBBC686slBLtOTld7TV7Y8nlvMaj5ZMfLIGDKz9fWGZ5aHZAPKsK2qaAQs5EXSyFoB5K2KWEecivkeC1tkD5Z9ThkBaWJmhgUG1UhjhaXDdWJ25SpSTZ1tNV8UeR+M7KXTMZHEC7GRndRByoN0rHtaKeGTSSMlNoo+WRk8x5WPjtM5t8iklfdbj4bG5Yw6QF6L0rYoomCeSPjufVZrouyucBPIzJfvleoW+mbBAGBowF2ktiwuj89+V19nkLnba8scBnthWNDGS4EhRo4cu23VpTR+G0bJhx5NokMjDWgjZSIoyQchNhjzvhVV/v8dEz+GUhLqyUeXTvp+6jWRb5HXS6yeJ/D6HzSu2c4fhCLbqRlK3Dd5HfU88lQ7XQ/LR+JN56mQZkf6lXMELmjLmqECtjGBkfmjNAG/omKBf75S2S1yVU7vN+EA4JS0DgpOvOpJqIQWO0P1XKqBcxo5DQcE/urToXpGj6XtTAyMmsqAH1Ez93ucfdQOi+nKg56jvzWvuFTgtbjaJvoMrXuGMoZywEFJBBGUIvdnlN3BO6R3QwWeyPkeTlFiiJPGShQML3A8qo6lvcxc3pywkPuM5AkkB8tOw93f8ARST28IhHvdxqL9U/7LWaUscd66oZuII+4B/r/wAlfWy3U9rpWUlLGGRtHbv7lNsdjpbRS+BANT3HVLKfqkceSSp5AQplpZG+3def9S3y4dX3RnQfS5cPFJFwqWnaJo7A++/6LvWXVtfX17OkOjmmW5S7SztOWwN75Xo/w/6Fo+h7QyliLZalw1TzPGXOd33UCf2k3o/pO09C2GGhgaxpjbmWTG7nKJX3V9zqiCCaaI4awHGSO5SvNykrKgxasRMOMBUkklRcJf4db/5cI2nnA4HdrfdTckLbyErrncr082CwYhgPlq6sDIjb6N91eWi1Udmom0FEzEbBj7o1ut9LbqZtLSR6WAZJP1OPqVIILRnKXKWCxDGNuyqrrdW0g8KIapXjyt9UW6XAUsJORnHGd1AtNve6f+KVvmf+BruypPHJAlotkjHm4V511Em4z+AegVq4gBJ8wG+OVBqqtsXdLlJvoAJUVbKdhfIdlkrvfJKkmGElrO+O65eLrLO8xA6R7Klkl0DOAnVrkOMcjm7n/RYzrP4lWPpimc75nNW3OmP1/NZ74lfF+m6fDrZajqrCCC9pzp9l873G5113rZK2vnMjnnIyeFpSaR2vH+MdrU7lwXHVfWV36urjVXCYmIHDWjYYVE0AcJcDPACmW211l1mFPRR6pHcJh6LZXpl9qwiIGknDdz6LedJfDStuYjrq9wjhO5YW8/mtL0r0FQ2GNlXeGxvqcAjvhap01ZM0QUZDIuPKOyA5ur125bKzsElrsNMLdaqdocBjUAhspq2qIfVybHhTKK2shcZ58OcBsD6+qlOY6XcDCJvBxpTcuZAojTwf7vTtzp5Pqiubkbpj5IKcapRpwsb1h8ULJYojBDMX1PbR2+6CViiOrpsuliKNXV1NPQxGSd+nHAXmvWXxet1AH0lsy+Vu2RuvL+rPiNeOoHGF858Hu091jpanPIWey49FofCc/JaXd96ru18qXTVVU8h3AzsAqWUtdvkZ9UEPJymtz6pDuyj0VVMKeIhDMWghDLi7OUgCSiNh3zjCRJtsa2kC0nnKfoPqiiL2RxBsOysm5AY4sjOMrpHmHspAaxjfMgSVUYP8vkd1Mg72x/h4bl+3quF9JF5mjU5AM8s3kB2T46WR++MAKEzkTp5H7M8oSbC5/wBe6IWNi2cN10StDcAKEOCCKMbDH5pEMDdiP1QnPJKbu7lTBAmojgrhk91wNHBXRDD3YSfuoTsYZfdd8RxCfpp/+7P6puBnYKskG4J4ThSzHfbB90TSAcjZdyf6kt8kwDFMceZwXRFTN+rlc1O9SuYCLBDpDM+UbJAtH4U7w/ddDMHOVOCDA0ncBd0O9EXAXcBTJQHdcwUcRnvn9E4R5QZBc8AMFP0eyMIc9kQRHPCoveyN4LydgniB5UwRNA3anmP0H7q0sifkInyxO+P3SNK47cKb4QK74QHZTYC7MEIURzx+6IKMgKa1oCK0DZVgr5Sv+Vf2CQpajkNVmGNTsBDJZAdpWiCYcs/dPDXDkKx8Mn8P7rvyo9AolgnykBhHdEZjKlGgaTnj7JfIBu4cUxL9gTsygYawDITwwA5wniIjbT+67pKsXnI3wwu+F6JwJzwnsOcHCgLmMEQ7Nwn+GEZrWu7rjYy44BUwBvAaAnBvspHgFOdENuyhHYADAloClCPA2C74Z9FOAXJsjeF/h/dLwv8AD+6l6PZIMz2V5K3kXwkTwh6qS2E84RBDtvspkveQ/DcmtjIOSpfhp3hD0RKLYt2AM42RGyEHOETwcb4TxEmqHsg+KcjAIUxhDlDbGRwEWPW05UFN4Joi2yRskIEyGZ+QHHZTGhpbuqzgTJtkYwtQjTHnCnGI6s4XfD9kz8gN+CuMJ7hC+WH9KtvBHohmIeigStKl9G0/hAQn0b4G64t/VXBhxwEwMJ7cK0hqsz2VcNS9rw2XOD6qadD25BSnpWztLcYPIPooLqesongh5c32VtE3IfNTAnytUSWm2zhWbKmKRvuV3wAdyFTWQ1NlIYBnHohGEDv+yuZqTuGgKHLTFvb90lwHRnkrSzBxhc0+yllhBxp/dNyPRVhjcgNIxsEMg5UpBwFXRMjUiM7JJKsMPJ1myLTzy00olidg5QwMLqJTaI8Ps3Vg678JjaatBwNtS3dJWxVcLZonBzXDOQvC291eWPqurtZbC5znRgrXVb/zM5es0fc60extd7JyqbTfKO5xtMMgyQMjPdWwOVoUkzkOLXY9JJJECcwEi0FdSUIDMeUvDRElMIiYB8bXtLXtBadiDvlYXqXox0T5Lhb2/wAo7vjA4Pt7L0AjKaABsdweyXtDrslXJOJ4gQQSCMYOEtJ9F6B1X0dHMH3G2Nax2Muj7Z9QsS+PQAHN3Gx+6TKOTr1XRujuiRgDlPHCJhreAm6vZDgN2eh4GF1JJUQelgroHdPA7qBnAO6IOEsBEIwoA2LbCXIGEhjO64mfiLlLIZJcByuqxY0nPZczhPSVhhIpI3tdBUtDmP237LL3a1Os9YJY8mCU7egK0oYe4RKiGOup/lagZb69weyrAatccIycsEFZAWOAOeCFR6ZLbUmGVp8M7NPorOtZUWWtMMmXR52ONsI8kdPc6fGxONj6Jclk3R646IjH5blpyFzWc7hRGia3zeDKCWZwCrHwBIAWkbqg3g/R3p+/UHVNCPBcGVjPrY47u+yiXW1F2ZI2lsjeQvIbReqy1VjK2kkLXgjI9V7XYr5S9UW3x2YFRGB4je/3X5Jsj+j9zpOJnYKoud8tVNORsCVMjp8PbgLt1t8kUhla3I+yZSVXhlsM5zngpSeEMTyXlE4MjDeyrb1RSwuNzoTiRu+Ap0X05adlI2IIPBVMXJ4AWO9U9ziDZMNnaMOHupk8Yb7rL3e2TW+f+J27IOcvaFeWO7RXeDQ4gStGCClgEiOZ0bxsrWlqi8AZyq6SnIOQEqR5idgjhQVbHJftflOBwcqJFKDjdSGuBCAySjgkMn1DBCM05UI7EFHiqMbEKC5RbJSS4CCuqANYHpJJKFDkk1JQvI5JJJQWNHKIOE1JQg9JJJQgkkklARJJJKAD0kklCCSSSUIJJJJQgkkklCCSSSUIJJJJQgxJJJQglwtaRgjIK6koQobhQSQS+MwamZyPZSKWpErRk7jYhWxAcMOGQVSVVFPS1HiRbxuOfsoWnknsOFIjdtjCrYKnXthSmPz25UCJ7HFEIyogkwiibPZQVKOSS5jXjS7BBCrZqN9OC+Fv8scqXqc8g8YRgQ5ukjburAwVsM4cBvwpccv55USrt3mNRASD/wB3+FDgnGdLgWuHIUIWqZqGc4/ZAEw4wpDXhwG/KtPBMEKWmkbL49I7S7uw8FSYKylrIjT1TWNkILXxu4I9PdEIxwgT0MFU06wQ8bh45BT4zAlHJg+qfhhWUVe/qr4e3IWu6ggvpw3+RVt/okA5CXSfxZpKy4DpPrWAWS/fS2Gobphn94353HHIHK2cNwqqFzobt/MgaRifGXD7+qresehem/iFQmG4+G/UP5czB/MjPq09u36LVTqZVyEz00Z9k27WC33akfR1seqOTkL5c+LP9n6p6afNe+jqeaakyXSUodqLR/8AQx+uy9XpL9158I5H0PWTJ7/04MCGtiOqeA/4geQfv2K9Joa+w9XWdldaqxlXTzAjIb9J9CvS+M8s6pbos5mo0covKXB+fzJ4dJbK4An2XYa6WjlEsZy3gg8EL6W+LHwCtd9Et06eb8pdQXSTNxmOceo40lfMlzt11slY+23aldBLGSMOX0fQeSq1MMt8nLsqaeUae33RlUwPj59Fc01YABr2yvNmzS07hJC8tPsVobXf46pjYpTpkG255XWUlJcBU6lReJG2ZURSAaDkp0tO2ob6OHBVLSTlrgcYVpFcGgAK0sG2FsLEBeJIX6JGnbuiMexwwCpeqGobh4BUOagkjy+F2Qi3r2McX2ugrSWnIKkw1GcAhVzJyzDJf1R2uDxlpymRf6D2qXZLlo6SqBJAY49wor6CeEExSteB+FFjc4fkieI5uABlW7ZRYi3RQs6K35nJ0zxke5Cpbr0b0zfNRmpmxyu/HGMLXDwZWkSRtOfUKJNb43H+SMLTTqtq5ZxdX4iL/KKkjx2+/Ca60uua0kVEQ4GdwsLXWyut8ro6unfG5vORhfSM0VzpBl0biw92nKrqltrukZpLvDG+M8B7eD/otdWtbf3HjvI/SmmunvrTg/8AyPnPsQCgEua7LTgr2i+/CS11rDNY5/Dc7cNJ2Xnl7+H9+sjnGWB0jRvkA8LWr4z6PHa36e1WlzLG6P7RRxV8seM74VjT3Zu2HHPoqOYuhOl7cHjdALwCjkty4ODPT84Zs4K578O2IKnNeJGDbGVhIa+ohPleSB2JVvQ376Q92Puhy4meenlHo0Qbg5RNuyhQ10MzQWu3KOHZHKYpZM8otdhsj1SyEMfdJv3V5RWAiWQuZB2TAMd1Mg5Q84Q8FdBOU4Y7qwuhmClgonlXDjsoTIwcp+2PdNI9FzJULEedkkklCDE0syipIMFYIwHm1Abq8snUtTbXNbK9zmjuqrT7pFvulWUwtWJI6ni/LanxNvyUP/oej2/qSGtIPiA57cEK7gqvExgZC8loql1JJrBWgob5k+JHM5rhyCVyNT45LmB9f8D9b1amKjc/uPR2VUrC3Q7AUyG4sAAlOCsfRX/OG1A/NXMNTBPgseCuPZpZwfKPouk8vGz8ZGjZVQvwQ9EEhByqIF7caHAYR2V0keBJk9tkjb+zqQ1bn+Rc+NrA2VfcrHRXNuJomh3ZwG6fHVscMhGjqQ7spjAcvjtX3IwNSeoemq1zGOfPAN2g7jCt7b1fSVYEc38uQchy1TvCkHnY123cZWavfRlBcszUoEE3OW7Aokss5j01lLzW8otILnTyvDRI0qc1+RnC8zlgvtkk0zRulibw4blX1p6hke1oMmR3B5CcoZRcbdvE+zYxkDfCbNAx2+FUMu+s91Y09c2RoJOVWMGiElLoDPbxKNTPK5CZNWURw8F7QrNssbjsAn4yPpB/JC2HhEalu8UjhG7yn3Vk14kAKgS2umqHatAafZQ5KGvpT/Jnc+PsM5wiTZTryjQ6fLjshOpYnA+IM+2VXRuq2Aa58+yO2vdgAglEpMzTo3cMqrz0R09fHONwt8cmoY2AXmHUv9my21Lpa3p2pFLJyGOfgFe2w1UL9nbH3RdLXDLCMJ0dQ0cbVeC0mo5nE+Pr78KOuenGukbSS10bT5gzz4H+iyBM8W8kWnK+7vli8fSD9ws3f/hp0l1Fl9xtbHSHl2AtEdY/aPJ676Irte6mWP8AJ8bMqtRxgI0b8HI7r2bqr+zcxplqum6tsGPMI3u2/JeX3z4edYdODXPbp5QPxMb5ceuVohq4t8nh/IfTmt0TbcMpERlZJEQM7FGiqQTljslU4qJowPmI9HqifMQgDS7lbIXKXR5+emlDtGipLhM1w82QrWGshqPIHYd7rIRyyM+l2ykR1jmuBLi0+oWlT/Zlso5NLLSk5IwoEsLmHBXKS8YwyY629iFYh9LVR5YQc/qjWGKw48FYiB5GyO6mAzhR3ROaqFt57JEUgGPVSGVs7CDE7SqwPOeEZkm3CtNroGUUzQQXqlkaI7hGGjjUAn1FpgqWiegmY7uMFUWgP5T4ZqijOumeW47Z2TlZJ9iZQa/EtKauutplDg6Ruk8jK33S3xPqoi2Gtk1tG3mO6xND1PSTDwLnTAdtWEepstLcG+Pa6huecApymYLtLv8AyR9B2e+0N3jDqaYF2M6SVa5HqvmOhu9+6emyHyAN7gr1LpT4rW6sbFSXXVHLs3xOxT0snJ1GglH7oco9J1D1C54x/pUaOrimIfA/XGeCpQAIymKBz5RcHhnUkkkPQB3JSyVzIzjukoQfnCWSDn/NMSV5LTw8lHdOjYamrddrJXSWq4vwXvi/upccB7O/3VZQdZVdsqHWzrqAW2Vp0x1XMEp9dW2PZbEyae3KBW0lHcqKSiraeOaKUYLXtBGEA5Tg+JofE7xTnHCNpwFgH9L9RdIyCXpB7quhAOq3yTAOb7sc47/b/qr7p3rezX2NsLZ/BrGeWaml8sjH9xjv91OER0yf3Q6NEypDDh55UiOZrhlqgyYdg/uha5GY0nIVCnFrstxJ2CcHEqshqztq5UuOfIGRhXyVhkrWU4nPZA8TfhPEgIyomVk7kpZKbkLqogkkklRBZwkWh2xTFzxGhGkysHJIcbjugggE6hwpZIIwo00ZduAnFlfVW0SPM1OdDz6KKyeSN/hTjBHdWgcWHccplVSx1UfGHdioQguAcmvjzjKQjmpzolGR2KK5zCAAFBnRT3qzU92pHQSxg7HB7gryeqp57XXSUjwfI44z3C9tc33Wa6q6Xgu9O6aFgbO0ZBHdAbqLkuGedsLZuSF531R03Pbax9ZTt1U8jifL+ElboNmpZnwSghzCWkFKpbHV0r6aVoLXjG/ZYNTSrFg9B47XT0Vqsj0eVsdqGyNBLJTyCSN2kg5Um7WmSy1ZB/upDseyhuAfggrzepo2ywfWPGa2OqrV1b+4v6inpOo6PYBlSwbHvlROl7vJR1TrfV98t3UO3Vj6OfxG9tsK0vlBBWUzbrReWZu7i3lc5xdbwuj0lkparbqqX/qriX+CZeaMFri0ZDgSFhrnSPp+RsDytp0/cjcaY01UQXsGM91CvVtZJmPjPBV4yBdQ7459mG0j1RGOxv6J1fSTUspY5vHGO4QGuRrs4tsPjltDVA8WMtwoAOl2jCnA5BGECohxh7Wo5GezKR2LLCHBW9vrnZ0lUUc3YhS4JdDgcJTC010q55RtKKs2BVtTVBOMYWNoqwtwFf0FXsM+iCSwer02pjYlgupCJA7y7uGFl71bmxHx4m4zyFpYHCRp+yDWUgqIXMwqNN1KtjhGKb3XQMI1ZSyUcpY8bHhBUbycSyt1y2kiGodE5uFe2+sLsNJWdUqiqPCfvup0MotcJZNc0626icoT4vZR6WsDmhpU9gDhsj4Z1oSU0QZW6MEBC8Qnsp88YIyB2Va4FjiMd0D4BnwyRBIQQFYQyk4/dVLH4dwp1LKG4JCWNrmWbZnMxgIpJlaN0BvmC74hb2URpVjR15LDymlwKbI7UAUEv8NwJUK+Td2SCNk0Tvh3buuskDxgJCLA37pbHxn7RLorl4kghqDjPCNPTRzAlp/NVmgNOQE+O4GBwDn4CFwNMLP+cUtI+MkgLtJM6HYjCmxVUFSMN3JQpqT+nbKTKOeB8JJPKL6xXySlla5smCF6dZbrFdIQQ4B45C8KaZaaTU0/cLS2DqOWjnbl+n0PqufdT+ju6DyMapKEj2eGUseGu4Vk14c0bfnlZW0XiG5RAh41433VtFUSREAO29CubZVg9bXfHjBYuaqi52wSZqIBh43ICt4pGytyDuUnN91nawasqS4KO23TUflao6XDYE91aeN4e+nKrLxaTKPmaYYe3cgIdsumr/dqo4eNgT3Vp5AUmmXFVC2upW8NdnIKqoZH08uh4IwcK0Y7AAHH3Qq2kZUxHs7kEIguw8VRrAGRuo95s0N0pCxzRqA2I5VXS1klNN8tV5GD5XHhXNLWxPcGF4/VEJtjk8qvNnnoaoxyt0kbh3YqZ0xe3UtSYKgkNO33XoF7s9Nd4C1zQH9ivN7zYqq2ynLTkcEK2mZNrg8o9DpazJ2PKsY5dTQccrzqx354xS1L928O7rbW+p8VmknJ7JLRsqsz2XlNJqaWlObJ4EmJPpdwVA8d0Dg5qmPDKmLbG4z9lnnDPRthPBZRnAyUyYiZhbjcbhQLfVvc51LKTlv05PIU8crO1gauQluqHjMTznTwrIvD2khUswdBI2VmdyrCkqA9oJSnHIY9wOeFzV7o5YCNlCeHNduoo4IS2EHLTuDssvcohR15czYZ3V+2Uxkd1F6gohUUzKqIcDfC1VvAqSwzKdUUz6ilE0e7cLze4QFjvEaOOV6tGPmqV1M/cgYC8+vtEaWokjc3bchdOmRxtdRmLkZ6UF7GyM+phyF6N0bdxVUjGF3mYvOJJPBfocNnK56YrTR14BfpY45C0y6ORpZuuZ7IJcsa5vcIjHahwq23TiohyHZAU4DCytcnpa571k5PCJGGM76tlhq6J9sufi4w0nBW+LhjB2ysx1NR6mGUNzshLmsEmlmEkbXjcEZUppJBVBYqp5i0O4Gyu2SgjPqmLgCTysHZnae33Xi3xdtEjB83DH5SdRXtUo1DdZLrW1fP2qbEWvDD911vGal12o8v9UeP/nePnWlzg+bGgjCsqJ2hzHA4IUOqwypdE0AaSisOG5Gy+h0Xbkj8yXVuubj+j1Wz1BqaRpdyAFYRnVlZfpGpmfC1rjkYwtK1+n2XSjyi4XYjyU1WPla3XpwHKex/ixjfhDvNKJovEaNxuo9qk10xZ3bsrivZfyZIt3p9cRLeQoVmlIc6JzhgdvdXM0XisLfVZ2nPy9c5rticjCk1+id8lrVH+cSOFOtk+HNb6KBIP5IlwuUM/wDMAI9VnksnT0E9kzZQzEtBJUmOTOFU0spLBzspccmOVmkuT3WluzBDK0/zyQd0Zx8SBueSOVFnBe8vR6eT+Xhx4UlHJujPKK+OcirMR2U2oHAyqucaK4Ozspsj9TUiUSpWGfqm+Fd2vxs44yrh41N5VVeG4khkxvrG6tWOBjDh6JOMMUirc7RKRjuVNpneUkKBO3ExKk08nlDcK2SM2mSZTqbkqrl2dlWTzlqrZwc5wkyjk0RllEqnk1Qt33TancBApH7lqNJ98pSjhl/JngzfWkXj2J8eOXf6LwyeMNe5uOHFfQN9jFRbpWEcbrwS5Dwa2aIDhx/zWyk8H9W1tyhYv8ENEjQ+USNMPFh2dk9CHK67gLRW8AMZLwhORZDsgvOMILH+glycZ2RWHDkJnZFYNwUJZIHC6uDhdTc5FsIeQpUX0hRTyFKi+kIzPaFAypltYTMXegURo3A9VaUsYjaNkZo00MyySAfN91IacNCEOU6bOkYRHTSS7ItynIAwfVZqpyZSriulGS0nJVRIQ5x2VyeDnWy3TZHlBOESEEcrpAPKfjCSAPSPCS4T2VMGXQZuOVHlO2lEHBUaY5zhDa8AJDXEb7qK76inOJ5yUxYpvIwKrOx0L6uo1NGzVWchbjoq0zvjLw0bhc/Uz2nf8Bpv5F+f0bXpq16dMrmcDZaSolELAxvJ2QaOJtNTtYBggJkZMsxc7LsbLmTnvZ9PoqVWMFtao26TK76lImky/CHCwRwhowDzslnXyOFu0Vf3Gm+7ZWxznDGcqvrKjDTgI0zw3uqWvqABjfdduKweJ1du6TI1dWPc7AHspNnt0jnid42JyBhQBE6ofgDP5rXW6ncyKMc6e6qbwhemrzJSZNjaGtAxhdfjsnvwG59lHB9UmOXI6Nk0ojppBFE6QnGAo3T9Ay7XLE2ohpyfdBr6nx3CmhySTjZb3ovpw09O2ocAHk5OQu9pqvjipHxb6t85LWXOqt/bHg1NntcNJA3Q0Y9FaxjUcZXYY2tiDMcI8EWXBa855PAt/sk0kX4iFYRM3GOyjwjAwAn1ldFboPFkO+MgKCwd7vcFmp8Y1zyDDGDnPqqO0UEhmN0r8GZ+7R6BBoon3asdca3L3A+XPAWhgjLnDbAHCGUsEJFJG2RwOlWWgYwgUzBG3OMFFkfpCrsU3ueAdVUQ0sLpJXYwFlrfA/qq9OrpmubR0RxGP6n+qk3Wd93n/hlEScH+bJ2A7j7rQ2+kZQ0kdNG0NDB2HKgX4oljAaBlO1hByfVLJ9UDWSBCMrmn3Saod4vFJZaQ1NScvd5Yoc+Z7/RTogrteHWzw6SliM9dUjEMQ7Z/EfYLnTnTsVlpzJM7xq6fzVEzty5yB0paqoO/2iu79dxqBs3lsLOzQtEQSckoEiCD9IO/ZYLrXrSphqIunem2/M3epdpijaeD6n7IvXvWwsvhWe1U76y6V2Y4IY3b59T6AZWg+Fnw0Z0zTOvHUDjUX6sIfUyE50Y4a37ZKphJ4J3w2+HNJ0fRfN1gE9zqQH1E7uXOV3fb6yMGmp3/APM4f5JnUPUDKRhp4HanHYnKy1LS1N2qAwE6Du9QpvIaN893nNJS5awH+ZJ7ey1NJRRUkLYYWgNb7cn1PulRUEFBA2GCIDHJ7k+6lbAblKsf6Kyc1KLcq9lLDk8ngLlVVRwt1E/b3KqmRyVUoqahpx+EFUlkgKmoZq6YVlYTj8LfRXGQxoxuEMeTAQJn4w3JVSIOqKjPoFmr3d2wAuaNWPdC6l6hhoI9IdnY8HlYC4Xsva+qqZNELed02upsOMd3RbV10dkzkAZ4XinxL+MUzWvsdmmzsWyyA5B9h+6pPiR8U6i4STWSySlsedL3g9u4yvMxCZDvytddWD0Gg8ZsxbYO1uqiZpXFz3EkklObFk77J0VPjDR+263fSvQUs4bXXJg8B34XbFFhI69mojUsFH070lU3mdrZIz4BPmOF6pZ7Na7AAaWlaZAMaipNOyOCIU1vgYGMGPKN1e0NmAjbLVjJO+n0CttI4uq1jk8FdFQVNx/n1bPI48eytoW0tO35SlGt4491MjifM/wo24jbwE26Vlo6dpjW10ojaOT3SpT2nPjJ2SxFcjY6Jw89THgeuVm+q+vOn+loSZ5tUrc+TOF5l8Q/jo98stB05M58R2Ds8Lxe4Xeuuc7qmtmMj38lZbLTuaPwc71uv4RvesPjDc7tO9ttnfGw7A+y8+mrJqgfznAqJ3JSkBOMLPK19HrtJpKdNDbFDi85TV0AlOZG4lL5n2aZOMUc8PKeIyUZkWQDhG8EY4QzTQqcv0gMcPfCMyI+i6JImA63Yxuoc1xwdMP6quwMSn0TiIowNZxhR566NoxG8g/ZRNU87hq3T/CDNyN0YxQx2NM8rycnIRIqaMjVMuNc1oxpCRk1bYQylgJ4T4JGqlhHkO6E6uc7y7Y+yjYJOcrqBSyXs4yFc9zuSna3eqDpKeGknCaQcXg9kvE7YXNHsu6fZU2QWSnJJ2QlbyuBmn3S0+6drC4ZQEtybIJJN1pa/ZVvJyLBXfMlrb6Ja2+iYpovJ3J9FzJ9F3U30S1N9Fe5EyLxD/SkJXDcDCd5UvKplEyhfNTjYFIVdQPxJulvqnCMHuqyhcorscK+cd07+JTjgoGn3S0FXgLYkiY24uJHiNyEdlwpiACMFVOn3S0+6jT7EyhB+i9ZXU+26MySOTGl4WdAI4K6HPach5CpyFSqyaYRp7WkYWdZV1TCD4pOFLjusuweScKdipUy9F41jiBhPa0hVtNeqbOH5BKsIq6kcA4PCnQqyuaDtaMcIw9hsmsLX/SR+qMwAhHGKYl5RzA9FzQEQMOUVrcY2R7cdAuWCL4X+H90hAD2wp4aMbhLS30U2sr5CD8qfRM+XKshDnfT+6IIW44wi+MW7Coe18eMjlJkoGxCtzTtx9IP5IRos8MAV7C/kI7HhwBwnhoJB9ET5R4G2E0RzNOXxkD1Cra8gy55OhgwiaAiRxlwGyKIfUI1AXvwRvDS8NTBF7Loi9lewrJF8E+iJ4KliEYT/A9lNhfBB8FE8JSjEOzf3T/Bae2EeEBvwQfCHouiIA5wppp88bJGAjurJ8hFDMdl3T7KR4Q9EvCHogF7wIAHCMyRzTsUtHsn6PZQtzTWA8MzpXhj0fwwfp3UMAg5BR4Kh8ZxnZQQ4hiwjlNEWpS4vAqG5duU4QegwFAM4IBiQzF7KxdT7nLc++UMQjPCMYrMFe6Ij8KG6MOGHcFWb4WkcIMlNgggKFqzDKSqo2g6oRhKmkfGAyTfHCtvBB5ao81HHIAC39ETiNViBENkAGECemGM+qYWz0b9D2l7BwR6KZEWzsBaf/RVgJTaefRTz02OyjOix7K9npMDKgSwBL2jPlZWFhHKZp91NdF7IRiKHA5TyRNPulp90bw3LhGO6gWQeMJLp2XFBy6GpJySojjngsLRe6i1yh7SSAV6pYOoaW607T4jQ/HGV42pVBcZ7dOJYicdxnlNhPBgu0inyj3Zru+E9Z7pnqWmvFKxjZR4vGk85WhbvsRghbYvKOLODjJoSSSSsWxJJ6SgvdgYknpKFbzjADnIWR6u6UjqGuuFvj0uG72Dj7hbAHKbIM43S3yOpudb4PFjCWktxgjkFN0+633VHSjZ2vuFuj/m/jaO6xTo3NOlwwRsfug2nTqtViAafddDd+UXT7pAY7oDQIDunDldGy6oMbwPB8uEgMriSgmUshMdkjylkritvIAVJJJWUPSSSUIOwF0bHKSSPBCPcrdT3OndDO0Zx5XdwVhtNVYK10EwPhk7HsQvQ1U3q2Q10RL274QSXOTRTdte19FLUU0Fyp9ceCSP0VLHLUW2fwJwSzOxUlr6myva/wDvIHHH2VhPBTXWmEkZBJGRjkFA3k2N7eV0fTJz2OFcdOX+ts1ayanmLcHzDs4ehVNq9k9rsb+i/J7jk/d35HvFru9F1DRa4y0S48zPdQKuiEZ37bLyiydS1Vlq2zxPcWgjIzyF7Fabvbep7eJ4HNEob5m53BWacGmA8xG0cx0iN3KsHAuaC0cqAYPCPHClU0+PKQlNAvkM9ge0tcMgrLXCCrsFcLlQtJiP94wenqtZkHgINRDHLGY5RkO24VFIkWm6Ul3pWzwPGSPM3uCiTQmN2cggrDzxVXTFybU0rj4MrvM3stnbblDdYA6N41dwgFzD007muDXcKyieHNHmVbLTubghdppnNdpcdkAl8lwHZXC4ggoUZy3KMBkZyoKwHimIwDwpIw7fPKgosUuDg8KCpRyS0k0PaRnK6TjsoKawESSSUIJOTU5QtCSSSUFiT0xPUIJJJJQjEkkkoLY9JJJQoSSSShBJJJKEEkkkoQSSSShBJiemKEEkkkoQSSSShBJr2hzS1wyE5JQhUVNK+B3iwg6eSE+KXVjIwrCRgcMKvnpXMIIH7qFp5D6s7go0RwcKvim4aVJbICoEWDJB6ImrbOFCyRwU9sz9g88eigGCYolbRNqACzDHjgozJ4zwUUHuoCUIq/kn+DWHSc4BI2KsoajUBjcKRV0sFXH4c8TXD3Co5WVFkcNWZ6d5w0jlv3ULbyXrZNQ4TgMAlQKWrjqWCSIgg+nZTGSZ7K08AnQ1koLJGhzTyDuCq6S2VFNIai3Shn/0L8P5KyYRjjhLWDwE1T9AFcaqOsiNPXxN8wLXNeNivOrp8Nbr0tVP6j+Gs7KKdvmfS7iKT/mbwfRepvgimBD2A5743UV4uVE7XG4TRf09wnU3Ot8C5x3rDMX0v8Rbf1K3+DX2i/hV8jBJhdsJPdu6qviT8LbD19bPla+nbFUMyYauMYfGfY+nstH1h0BYes6c1MbGwVmPLIBux3qshbuo+peia42nqtslbRvwyKqc7OPucLt6LyEqpppnPs0u4+W+uegeoegbm+gvNO10OcQ1MZyyQdj7LKywOdh8ZLT2PC+8rlaemet7W+GYMq6eVu7Njg+4XzH8T/gle+i3y3HpyGe62lxLvBP99Tj/AF/9F9B8V5uNuK5s42q0Uo8xPOLT1HVW6ZsFcXOjOwJ7LX0lziqQHwPDvXdeetqKauHhg74zvyE1k1bbZA6nlJHplesjPK4Oerp0vB6tFXObjOyn09dG/wAr3YysDa+rqGrDaepeY5hzq2BWlhkDmhzTqB7o+zoUa1tdmhdRw1Uelu3fI7KslinpJS052/dcp7hNFszZWlNV0lc3RUANcNsnhX+J0I3QkuyNDWsdhr9ipTMPGxQay1Fo8SDzA8EKLG+eE+YkY7FCpDVYWBY5pyB+6c1rgN1GiuDQdMoU0SwyNBZt+atvA2MkzrXdnbj0Uett1BWt88LWuPdoRnjOMJgY7Y5Vxm10SyqFsdskUs9grYB4lvqckfgcVEfcqilcI7zb5A0bagMrVseWdkpBSVTDHVNaQexGU+F8o9nKu8LW1/pP/o+jCXboro7qdjpcaah45yBuvN+ofgxdKYyS2yTxYxuANyva6jpKKRzpbZP4budJ4Kpqn+M2iXErHuHG24K2V6xt8M8nr/D1S+zUU/8AVHzVcrTdbLN4N0oZoMnDXPbgOUEylh27919Oy1FlugEVyoo35GHNcNishefhJ05dHyTWp5gkduIyfL+S2Qu3HkNZ9NtNvTST/seO0twmgILX7ehKu6G+BwDZDjCJffhh1NaHOdDB8xE3u0b4WWmFRSP8KpgfG9vIcMJjksHmdT4yyl4si0b2nrIJQMO3KkB5wdl57T3GVj9UTyD7FXNJ1DIAGytyB3Q7+Tk3aWX9KNY057rqqaO/Ukp0OOknuVZsla/6SD9ke5mJ02RfJ1LJTd05EpZB2sWSugnK4kmZGBtsIJ5SyfVJWUlgSSSShYkkklCCQgcIqCoUwuW+oS16Dqad0DJ9Usn1KFxTJGTg90eGWFNeZ4HaXEub7q+t99GQWSFp9MrI5KsbfNTwuzURlwz27LHqNOrOz1/hfqbUUWKF0+P2bulvlRqyd/YlXtNXQ1LA4kZPZYaNznt1wYc0jIIKNTyVMZ2cdlzLtFH0j6lovqZ8Zlk3ZqRHxwiwVrXEBZOlvTm4ZMQR7qw+bZMBJC78lglp3Fnq9N5aq+O6MjVRSl/BwjNcMEF4KyUFznjdpzsPdWsFzikwCcFK2HUhq4zRaOYyQYeAfuFQ3HpOnmeZ6BxgkO+x2VxHUahkHOUZr9844RFShCzlmQkZc7Q0mrgMrR+JoUqlujJSDGd+4ytM6Vsg0uYCPdVtb0/Q1TvFhzBJ6s2B/JCpZKdcodD4at7hnCn01WXbOIKpBR3Smd4Z0yNHBzyiQyOzgkgjkFC0h1Un7NGyZuMghObLnncKqje4DOoo8dQRsQoaFPJKkbnGAhgaDnTlPa/PIRPKW8bqmW4KQxsccmA4bpzoJwA6J+kj3XPDJcCOyMH7AY4VJC3WmOiq6mIATMyPUI0dxhe7EjC33TQQBgjZNfAxw2ACKM88AypTJxFPIzYtIKh11joq+IsfC0hw3BGxUYw1DHZhbn80aOa4s+sAge6jE2adNYZhuovhH09ctRdbY9R9GryvqL4AVNO+WotUjjGN/CPb7L6TFZGf+0O0lddJSTjS1wcDymRtnD8WcTX+C0utWLII+L7j0V1HYQ6SakkfEPUZIVJ8w1xLHtLCOQV9u1XT1BK/W6MHUPRZDqP4OdO3inkDKdrXuyQcd1rr1kl+R4/X/RFUnml8/o+VYnFu7XAj2UiOslgcNLivUb7/AGerhSwuqrLV6nNOfCcO33WBvHRPUljy+toXlg21NGVvr1kX0eM8j9MavSPGx/8AQdTXdjgGz4zxsp5NNM0GOQZKyhp6iM7wu/RHgnkhI0uLXBaY3xZ5u7xttb+5NF+6mDtxshuYWHHqoEF2qoz/ADMPb6KdHWU9SNnaT6Ep2+JinXKHDQZhKfsRyh5B4OUzB/qKPchcY5C/LtlOCiQw19D/ADbbVuY8bkZ2KYx2khSWOJajU8dAyS6ZPpOqxIBTXqlAI28QDYqY+3UNa3xrfM3J3wCqJ7Y5Wlr2g7d1EiZV0Uni0UzmnOdOdlprsa/Jmedaf4mwtXVPU/SsgDSX07T9Azj9F6v0p8UbJfGMp6p5pp9hh52yvFKXq2N7RT3Km9i7Clmht9d/Pt84Y/nAOCtPyRxwzDfo/kWZLk+mgdQyAVw8LwjpvrW99MObBJLJJANtLzkY9l6rYesLZfGNFPLplxlzHn/JXg5N2klWXp2dhFZ9IQR9XGEZuwUZgaBpJLhOxVkOl2eSkHY4KGScrmSoQknB7hUHU3SFt6iDJXufTVke0dVB5ZG/mOVcOJyPZdBwMJcot9BRsnD8WYyHqXqHpF7aPrGmFRRMAaLlCf0L2Y2/Va+lrKS5U0dXRyiWGQZa8HYossUM7DHMxr2u2IIzlYyu6RuXT1SLj0RUx07CS6WgkB8KT7c6TzwFSHZjZzPh/wDka54c0gtP5rjLhJDII6gZadgeyzXT3XdBcqp1sutM+23Fgy6CU8+4PcLTuhZMPM1pYR332RCnBx7J8cwcMjBz3T2uyqF8FZbA6opXeNTj/hk7/krCjr46pgc3Y9weVMitjLIOOckowIxyFDB7pzSdQ3KrBMEhJMBGNylkKijqC86dzwi5C47B7poY1lSxx0j91JDQQDlQ5Y9wWhOilwAD2Ri2snZoM7tUfJad1Pa9pGMIE0AdxsoURZx4g3CieG5jgVMcCx5aRsE1wD27BQIj6dQCEQWcI7gW9kBx1HfbCphKTRj+sulxWNdX0jAJgMuDRyvNpJJYJDFKwhwO693kbq5GViOs+kW1DHVlHFh+5cAOUicdx0tJq8f6dh5pcqOG6UzoZgDsceoKwM0T6OodTTZGkkAnut3K59O9zHggjYgqovlrZdKcjGJG7tcOcrl6rTbnk9b4jyE9FemujNujIAcO6sLPXvhf4LyC07EHuFV2+q8KR1FW/U06Q4qVNAY3eJH99lxNRRsZ9V0Gqzi2tllVQC3VXzNL5WS7kKzm8Oqha57Ny0bhVEFUaikMMu5HB9FKttUI/wDdpyc/hd2WXCO9C6DW5eyhvlI50hGOG8rNuaWkgjC9CulG52ZGtBaRhY640UkUpaW87goTma2nneiFH9SfIA5uBgfuuBmCmtaScZRnLsjlEOWMxPII2PBT4nkEbKW+NsjMO7qASY3YxndVjJmS2MsqeYtIVzQV24Bws3FLsFMpZdBSpRydLS6jY8m5oKoPaBkKyY7UNgsjbq3BAzwtFBUNc0e6Do9Rpb1asjbpQRVUTssyQMj1WRfG6N5YQdity52scLP3W3Py6eNu3cD/ADVPAnV0KX3opE+Mua7OE0fVgKQGgtxhRI5WcMm0dWWkDZXlHV5GDhZHUYn7FWlDWkEEq08Gyi7HDNNkSjCi1FLgZA5Sp6oPaNt1KDvF24Vt5N2NyyU+ksdg9lJgfghFqaMkamjCrw9zXgEYVdAtuBfQyZHCI47ZUKjlBAyprXbZVYbHwllDHuJQJtyCiOdqzsgZIJyFFEvsfFK5hwQp7cSDAKrX74xspFJM1rsPKHHI2meJYZKMLj2QJKUkZIVhHpfgjdGEWpuwCp9G+Nan0Z57ammdmE6QpEF5dGQyqB+6sJKYZ3blRZaEOGdIH5JLRfxzXTCmop6hupjkJr9LhgqKaSZp/ljb2TmmRpw5vCTOOS1KSNh0/ezSyMa12k+udj7L0ChvnjsbrcCvGqefABC1lnvcZjaxzsOGyw20fo9J4rXttRmz1WhrwSAH5z2KtGyagDjlYOhuQw1wdlai3XFkzQ1x37LBbTg9XXqIS6LjTq7qku1m+Yd49KQyQb49VcMfj3XZBqwVlawO7M7bLs7xPkq0aJG7AnurxsvfTlVN7s4qmfMU/llZvt3USzXsud8jXeWRuwJ7qBbscF3crdFcINTcB7ePXKpIJ30c3y9S0g8A+q0EcwJAQq61w3GI8B/Yo08EzkdSzOmbj/JRrpRw1cJimZnPB7hUsc1bZavTPqLAcb8FaKKeCug8RmDkcInJNYFTjk81vNmmt0xkjB05yCFYdP39zHNgnfgjYFa2qoIaxhglGx7nssRdrBVW+oLo2nA3BHdKwKxt6PQYpxNE12QcqXTT+AN+AsR03e/KKapeecA+i1Yl1NA9EuSNNVjJ1Wx+ptbAONzg8qxpaptTC2RvcbqspagNHhP4PCjiWS2Tam7xPOfskShno2QmX0p1jThKikMADHJsbxIwSN3BGU2YhzdTW7tOcJUo4DcsFzDIMcZTKhoPAUekna+NuN8/spEhD2ocMIjHfZGpJB4UkEg1AoGjzYyuB5p5A4/S7Yooppk7KOtgNBWk8Mcc/ks/1dQNliFTGwE91tb/AEZqqIuY3D275WfnhbPRvY8cMK20zwY9TBThtPJLrTu0am8tQ6Scuja7u3lXNdTYL2Fu26z0LgwOBHdb08rg83dX8bPX+kbjDLRAh3IHJWnaRjIPK8l6PuLYKlsUrsDORuvUoJWyNDmOyPugaTOzo7k4pEonxODwFEroG1MD2FuSBsjNfhddjOClmyTUkYNsj6GtdGDpBdkLR0z9QBzlVfVNvMbxUxjGDlFs9W2djW6uW5CJdic7WXAOWlQa2PXGY8cqS3OeVHqTqOkFaqntaYi+KnHB83dcWoWnqWojZEGxyHU3CqIycEAcL074vWuEMirdGJCdOQvNYmaW5IXvvFX/ACV5PzR9V6D+D5KyCWE2X/S9ZLFLoDsAHhbhs2vAwvNLZUinm1re2+YVEAl9V6Gt7keWTwWLsyMLfZUNJK+huD6eU4DiQr2B7c6cY9Fn78ww1EdU3s7BTEmi3LBc7E7BUN5p9NR40bcY3JV1TuMkLXE8gKFdotdOcclVLLDjMjwOMlNgnKHTktmBCjWqZ2oxO9EWchkjgG8pLRq0trU8mooJg4A+qnOl4wqK1TkwA47q3a4EA5SZrB7LRX7oII85AKUW/kzhDY7zhp7pbeO/HCXjJ14WcEO4EsqGn90dry6MHHKDdGHwQ4cp9M8Op2DuFnmsDMkK7NL4xgbg5UylJdStJQ6oBzdwu0zx4AHcICEWsHm4Sp3AHkJ9T5uyixt0uVMrdhli4gs29CoMzdzlSoz5RlR6oeXA9Utj/k4IbHeHMHAo5dkAqDJlkgz3UyJwLQUtARlzyArmaqKRudyvA+o4nQ3iojx+Ir6AqGiTbnK8U64pRBe5jjklOp4PMfVEN1Cl+mZoLrOy4/1XU0+fPsI1PcmNT3IwJRyCxvnKFJyEZBk5Cjf7Cj0Pi7Iw5QovpCKOVCpSyw44SSHCSaR9DjyFIb5WoA+oIzXcHHCalkzWPDJVEPEmAcNhurQKvoMNmzjsrEEHhWb9MuMh27HKe7GnBTGoNc/SzCIfZ+OSmrnu8Zw7KA47nKmVDtTiVXynzBDOWDmqTbyOZ9QUkcKNGDkFSRwgCzkaOURu4QxynfgQsXI4SBndRXHOd055OTugZOTukzlkNJYE/lDHdPO+FwNJGFknwslrl4LGy291fXRxAeUHJXrlgt4p9424GMFYvou1PLWzEbu2BXpMTBSwtYBvhcbV3ZeEfRvA+PVFKsa7CVNVpGgc4U2z05I8aQbDf7qqpw6qqg0gkZ3+y0UQbG0MY3ACwqW49dUuOQjnYdgDZOlaGsCTY9skqPUyYIBK7mkjiOTn6+77WiDXzlucdgs3UyPklcSc78KyudRqecHGAq+nHiyhp77rqReOWeUcXbPBbWelc4NyMlx5K1UbBGwMHZQLVTtjjBI3AwFYHhLnLcdDZ8cUhSYxyFXVdSG+XuiVlQIhnOcqvoKeor65pbu0Hdb9Dp05b5HkfqnzS0OmddT+5mh6RtIr6xs725aN8L1ejgbTQNjaMdyqjpy1w0sDHMYAcbq9XUxjhHxG7UOzlh4iS7CsoYxjjdQqWIlwJVowBredgjMcmLxRA0vOMAZ3WVmnqr5XYId4bTj8ka93U1s4t1ETpzh7h39lYW2ibTQhjRhx5UIiXSUzWNbFG0AAK0iiDAMBDoqffURk+imFuBsUtvBUngcwYBVPe65zG+DE4ajypdwrvlqdzgQDjCq7HRvuFUaubdrDye5Q7/2Uv2WNhtfydOJpBmSU6yVcgjCQAHlHCRGELn6Ak8g09MXXPa1pc44AGT9kRY2srqS2Ub66tlLI2d/VUlittZ1FWC/XyLSyNoFJAd9LN8Od6u90rfDL1bXfM1Y/91Ux/kxkY8V3qQtlGWN2IQSntYQwR6AAG4Hssz1x1rRdJW8ZHjV1SfDpoA7Be774OOyf1d1rRdL0rqmZ+ADj7qk+HXRdwvld/t51b56qTPy1O9uWxNPcb8qs5CSLT4WfD2sp9XWPVT/mLxXeZrXjPgN9B6c/stpf71HaYCxrgXvGES53aGzUZe4hu2GgLER/P9Q1xkcSGk7ewVFvgNQ0tZd6rUckvOfsFtqC3w26Fscbcu/EfUrlst8FvgEUbRrx5ipJPqglLBTCHSBkqJUVAxsE2sqfNpZuohJceSh7EtieDO7cbIoAaBsk0ADZdJA5KtLISWROIx6LHdXdVUtsjdCyUeKfTt7IPWfXNNa2Gjpn6p3A4wV5Lc7uWxzXa8TFrOwPKfXVl5Y+Fbm0kWNyvBlMlfcJsRD32AXiHxF+JNTdJZLPaXeHTt2MrXfV7Kv69+IdVfpja7WXw07DhzgcagsnBTvkI2WuMUkej0XjlTiywZEHOOSNz39Va0NtqK6RsUEZ32z6KTZLFUXSoEMDOD5nY2C9Rtdtt/T1OJZ42veBsPUomatVqdiwit6b6Pt1qjEt3jDpcArU09PV3EGGkGiA/i9k+22Kvvbm1c/khJzg+notfTUMVNGIomjS0dlnlPDODqdRKT5INtssFE1ukB2Bz6n1Vo2PIy7YDv6IdbcKK0UslXXSBjIxk52XgXxI+PT3Sy27puZ2hpwSEq2WA9Pob9dJKtcHpXXvxY6d6Qp3U8EplqwNgzt9181dZfEm/wDVVQTPVv8ABJOBnGyzlbdKy6VT6ytkL3yEk5KjljT2WaVx7TQ+Ip0i3SWZHN+TyV3OVxdAJWec9zOmM5OycGEnB2RhGe4RWMY3coQjkcQIyQixsAzhDdMxvlxhClq8jTG7buj5I05kl0zI/THdR6m4hwDITj1UZxc7lyZGwAl2FWCKGArnPkIyuiIDB2SDxjTpTdwVYeUlhBQ7SPKMIZlc47pwYSutjOVRXLBhruQE5rTwRhGDQBwu4CB/3KGCAkZwuiIg5T/EwMY2THTAAhB0E3geGtwunCjGXc8rhkJQu0FckgvaOChmYeiBqLih59HFKdjGbM8knxfZIzE9lGz7JYz7Id+SYJBcfVCc855XN+5TC0lUWFEpPZLxD6IWj3XNOELyVgP4q74h9P3UbQ71XNDvVTktxwSfF+36rokz7qNpK7oPp+6tTaI1gm+OfVLxz6qLgLuFfyAknxnJ3iAqNgJmHNOcq1YwZLJOaQTyigAgbjKgNmOMInj4TVaVklFre3+aEW7ofjD1/dP8QJisQGBySSSqU0yD0l3Suhue6rIWQWB6JzXuYQWncJ4hyu+CPRRtMB4fY+O4VUbw4SHb3VpTdRyRYEkWrHuqXwz6J2HcAKt20S6oy4NjSXuhqw1odof3DlZQubLw4fqsAzy7gbo0dxqoj/LlcMe6dXYvZlt0v6N9oSaw5VBbeqTgRVbcgbZWjoKulqvMyVp9RndaIyhLoxTonFhBHnGQjCBx7IrYxkHGyKGY7JhmlLaRxT5GcLvy6lafZLR7KC/kwRhBjskYTjcKX4aXhqsE+VkIQlp44T3MAAwpPhey74aspyyRiz/D+662M5yAjhm42Rg0Y4UB3sAIjzhP0eyMGZ7J4g9lCfKyN4Z9E/wz6KR4ITvDaoL3kXwz6JeGfRS/C9l3w1AfkInhD0S8Ieil+ETwl4J9f2ULIfhe37peF/h/dSvBS8FQvJF8P3S8P3Uvwj6rnh+6hMgIXPjOWqzpKrWQyU49CogjaOya4E8KAt5LV8YPA/dB8IDsmU1S7SGv3wpmGuaCDyoCQzEPVcMQPf8AZSvCPYLmkj8P7q8FZRAfDx5c/mgOhO2GfurSSNvYKO+L2TYrJcZ4K+aMEYAyFWz0ssBMsGQM5ICvXxF2MBCG2fIFTSQyNnoqYKoyDDwCU6SKOQEhuCu1lGWONRTgju5oTaeUH79wgwMTIctKQeFGkhx2V06IPHCizU59EGBsZlSWBDLFMczBxhCLUI6M8kN0eOE3T7qU5vumlme6g1SyR9PukR7o5j90ExkKBZBkYOEkXCa5CngY3wSLZXVFtqG1FO8tOc7L1jpnqemvVO1r3hs4G4zyvIAecJ9HV1VvqW1FNIWlp3GeVoqtaObdp1Po97SWe6S6ljvdN4cjgJoxuO60RaQtKkmcWyLrlhjkkklYsSSckoANSTklAxuRjGFkeq+mWSA3Cgjw7mRg4PutgkdOCHDY7KnFMZXY4Pg8edEW7FuCmgY7rW9S2JtPitpxmNxwcBZl0eEiccHTqvUlwDGySekhGSm2JJJdaoUcDDlPDduU7AzlPR7SCSSSUIPSSSREEkkkoQcuPY2Rul42K6kqwWuHkzdyh8CV1LVQf7pIcRvxwVSOiqbLUam5dA7jHGFuq+iZcKV1O84zu0+hVBBiQvsd1aBJ/wAIkc+6Uaabc/a1wfSDoSOWpobp/NW0tNkfQocsOg8L8sYR++SC9nfKn9PX6t6frW1EDzoJ8zc8oDm+6juYB3S5QTJjJ7vZLvRdR0YqIJGiUN8zc91J8IsK8Ms19rbBXR1VLKQ3ID252IXstg6jouoqZr4nATY3bnlZbKymsFmw8hOlGwIXGjSSEQ7rM+GJ9kGtp4qqIxTMz6FZ6nfV9N14eCTC8/ktU5qhVdLDUwuhlAIIxxwgJ2XtHWw3KASx+iZLGW7gLJWqunsdR8nMT4efK48Eei2dJURVLBIw5z+yoCUMA6KscwiCoOM8FWjH87ZVbVU45aAEqKd8WIp3Z9ChksmeUS3SzjdNa4Y3ThugXAljmTEbKQDkZUN7cYKfTzlv1bIhUlknpJocCMnZdJx2UAOp6YnqEHJqScoAJJJI7qEH5HqlkIYye64zJ78KFMKklkJKAMSSSShQkkklCD0kklCCSSSUIJJJJQgkkklCDEkklCCSSSUIJcPC6koQZvld0NcNwnY3ykd1CFbWUmD4sP5tQYZDs3CsSw6gOyjVduyfFgJa474UCHMdtwnqHFOR/Lm2cPXupTXeyhfY8Nc36Tujsnl2D48e6G3kFSMtc3DgoAFZMHYG2V2VgeMEAg+oyo01K1w1QOc1w9CmitfFiOeM5HdQAq6m2VVtmNZbAZGOOXxenuFIprpHKdGMPH1BWjZQ9upvBGMhU9ztbpGipocRzx+m2oehULLSGo19lJ0gDPqs3bLs+HEVfHolJLccZ+yv2Py3VvgIVIJxF4jWuAdsjAsLRgjdBcA7dMa7Q7zE4TFPIoZPQkvM1OdDjyOxVfX2elvUD6K6UzXAjynHdXkcsUuGtO67LT8OxynRscOgXFHid36ZvnQlaa+xyOdT5yWnJGFc2frO1dQBtNWU5p6sgAhx8jj916eYI5GmOeNr2kYIcMhee9U/C0VE0lwsUoaSdXgnbB9iulptbh4bMdtW/g8s+KX9mm1dSsmvfScht9x3cY+InH2I47r5fvtu6o6NrRauq7W6ncTgPznOP6XcL7UtHVlw6dndQ3rxHxNOjS/lpVvfelehfijaZKC600c7ZG8HGy9z4r6gsqS+V5icfVePUuYnwO9sNTu6PBHDhs781MoLzdLS4eFOZIx+Fx4XpPxP/s59T9DU8106dc642cEu1NaRK37g7rx8OfHs5xdle70utp1kN1TPO2KzTTaaPR7Z1PSXBoYHhkgG4dsrZk5cOc49F5Ix5GXNGCr6y9TVMUjKbxtBPd24WrBoo1qXEz1G33mpozhxL2eh3Vr41vubctIjk/RYaj6ge0j5yJr2H8TVc09VTS4mpZmg9wThDtydWnVwfTLCooqiA6pYTo7ObuhNka7ywzeb0JwpdPXPk/lTkjHGeFypoIpiHxgMeO47ok8HSjLKyDjqalo05zhSoa5udMoIKr3R1dI/LxrZ6hEZPSz+XIDu4OyrgbGRah0bwCxwOUwxalBNPpwYZXNP32SE9XTed2Hgc4Kscpk3MsRBY4jHujx1plw2aJjiO5CgRXSCc6XZY70Kkxxh4Ogg/Yq1wTYp9kS49N2y45kZEIZDyWcLO1vTN0oyXwSa2N4I5WsJqI8+C8A+hXRcS3yVERB7kcFMV84vg5er8LpbsSSxL9owgra6lPh1kbns48wVfdLL0z1A10dZQtje4fWGjK9Nkp7dcIjHJExwPtuqOr6KjkkLqWcMB7FaYapf1M4Gs8Deo7klKJ4rfPg1TljprBXjxM58N237rCXfo7qixZkraJ7ohy5m+Puvo2rs1fbHEvjLmDhzd1CdPOXYm3HbKfG6MumeS1vgapxwouLPmyNzgd3HKsKW4VNOQ+KZ4I917HeOgemb658r6QU9Q/fxItsn3Cwl++F95tOZqB3zUPIA5wtKlxyeW1f0/dVHcvuRU0/UVUyTM3mb6K5p71SzgYcA49iVjpIZ6Z5ZPE5jgcHIT2uB3B/RM/wefu0ai8YwbtszHN1Ap7TnssVDXVMbdIldge6s4OopWRhsjdRCLLRjnpJdo0a4q6C9Ur2anEg98qW2qhe0OY7IKvdkzumUeGHSXM74yuok8kfAkkkkzJAKSSSgAkkklCDzukMjvskkgISaernp3Dw3kD0V3Q39r5GRVQAzsCs6nhzQc+iTZVuOlofJajRTynlfo3hpLdWR5L259jhRZqSttx10zzIz0J4Wbprg6LbJV3SXp7GDMmth7HchYbKOeT2/jvqHT34T+1k6nuzZf5czdD1KZUvYc6s+iri6lqfO3DHlO14GMrNZpkuj3Gj82ksOWS4julSMDxFOp7rO0+d+xWZL3Y2dhPgqpmnzHICzuhnao81F+zZxXaAgAu3KksqSSC0bLGxVRBG26mQXKoiIycj0WeVTfR1KvJwl+TNWJ+NspERPOoxtye6pKe7s1YmBwe6sW1MLwC2Qb+6U68HRq1VUvZKwBwutOHAoYO2RwueLvghC04muLT5RNZKMBFEoxyFBD+6KJSg3jESxKM8hEEgwoIcMjBRGSDHJU/uiyaHe67k+pUXJ9Sute5pzlXkhLDyDsiicu8uFFE/qE4SgqcMmMkh0EUwy8ZQDA2A5iGMpzJMd+EYnOCqfBW1MjsqKuM5aA4e5R21zSAJGYK4Q3bypPa0jAGEUZZYuVKbyh4ka703UWa20dSD48DXeuye0YJKMwjfCfF4Rlt027sxN6+GHT121AU7Ii45Ba0A5XnvUfwOfDI+W2yZcPwuHK91cBkYdunc7lOje4nG1fgtPqo4mj5HuvQ19t0jmuonkN9is9NS1EDi2SJzXN5yF9nVVvoqv+/p2Ox6tCyV4+GdluD5JG0jGl3oE+GpPI636Oql/tny2yoqYnZaXfmpkN1BOJoyPcL1i+fBeQTOFI/S07jbZYO8dDXK1uc18JeG92hbKtRH2eM8j9M6jTy2wiV/iNlbqikBRo5pWtxMBj1Cp5aSenc4aXNxyOEOOrmjcdLzt2JWqFu7o8pqNJZTLbNNGiinY4jDsopAc0YGFTU9fA5wE8Z3/AKeysYpKd+QyrI7gOWmM8mSUMcoIadsvIBQ9Nfbz8zRPIA5apLI5TuwavtuusnqI8/MNwAmRbT4FyX7J1J1PFgR3SPSCMagFawSZLaq0Vuk8t0u4WeDaSrBjLGuz2IQRRVdE/wAW3TOb/hytMJy9mW2iNi4PV+nPiTXW97ae+sfKOPEG+3uvTrZeqS5wNno5A4OHGdwvmmk6iccU9xhweNWFe2261lrlbVWq4va0nJbq2/RMTycy7QZ6R9E68t3GEJYTpv4l0tYBSXV2iQbaxwVtoaiOoY2WFwexwyCDlMOPdVKqWJIekkkoKEkkuHhQh3UfVOQfxJ44UImVXUnTVn6ipDTXClbnlszRiSM+rXdllmVnV3Qkhlry++Wg7NljGmZg75b3/VegHB7poBHBVPgbDUuP2tZRDsvUtn6ghElrqfEAG4Ixj2R5qKOKR09OND3cH0WTvXw9dLIbj0jVm03Dl3heWGUjgOaPz391CoPiBcbNUCz9dwNpZ2bCpB/lOHGc/dVGSfYx1Ka3VvP9vZvKSvfr8CrGlw2DuxViHB24IVTBV0NwhbNTvbKxwBDhvt2IKmRuLcYOQiwjK8p8kzJSyULWPb9Ug8HhQmQuSlkrg3SO6hYbZDez0TW5OfMU380YA5spYQDupQcCM5UIjKc2Qs91CB5Yg7cDdRdEkR8zVLjeHp0rA4DuoQryA7OyjSxknICnyQkHyjZCLMchQhD0kBNcGuG7cg8hHIHohEYQBYPPesuiGTsfXW9nnBy5oXmlQ2SlkMUrSHNK+iHsa8EEcjCwPWfQwnjdXUTMu5c1oSrIbkdXQ67b9kzw7qC0fMPdW07cHuB/moNtqnSE0lRyOMrYVVLLA90UrcFu2CsvdrRpe6opwQ7nY43XMv08bY7We58R5eWnkoyfAmh0EhGNkUP1NzjJHBUKjrhUROo6rDKho79wpcHkGCuBbROqW1n0fSayF8E4FzRVTayEwu2c0b+6pLzRPw44yGlGDzDKJoTgjn3VhM5lZCJWgbjcJJ05WK2vazDTDw3cIZdlpVndaR8Jy5u3qFVkggqHFuWx4OZKjzM9kb8W6edJG43RKOTLPkgtaWnJ7KQxxGFyRuk7Bcb3QteiVycWWNJUOjcN+Vo6CtLsAkLIxvwdirSjqQwhJksnW02plB5Rt6WQPA4KdNECNhkYVRbqwAAFWwka9u5SpRyehhYrIpszFyomxTF8YwOSFFaMNwtNVQMmBDmg5Wfqqc07iBuPVVhmHU0qL3RIR5RWSlhylpJOUnHBROODFlotaGsOQ1xwtBSyteBjCxzHFrgQVc2+uDQNRVm/Tan+iRpfDa5vGVT3CldEBK0bE4VjTVBcBkKQ9jZ26RtlTazdJKSyUFNO4ODSMBXETstByqyrpzSTeVuAjU9QMAIo8Ax+0m4QJQAQjtcCECfcgKxyaODhdZgOzhCHKIOEvJOixpJ9DhvsfVXEJY9o2CzQJBBzwrOhrACA7shwbdLqVF7ZFoadvYZQ3UoOAApUT2vHKLgYOyWddJPkrRSaQcBRZaNuc8K5dGckKNLESdkGAJ1ZKeSm0guaMKPFVSQPznBCtZIsg7Z2VZU05BzhDKKYqLlU8o23TtzbVRNGd8DZaOnrn0sgcM4PbK8poa2ehma+I49R2K2tsvDK2MNkcN/2WG6k9H4zWwceez0i3XIzNDhICB2yrdkmoA+q8yir57fM17Dlh537LZ2i7w1kbTrBOPVc+2rHJ6Ki/cXhGVQ33p4VrTV0nkmZvt3V0yQHHujM34WVrBp7MbZb9LFMKC4eWRhwHHutZFLkBzTkEdiqXqLp5tY01dK3RM3fbuqezdRS0cwoLgCHA4BKorODX1VLBc4DBUjyng9wVm3fOdOVeh+XwuPld2wtBHK2RgfE/IO+xR5IqesgdTVbA4O2DscI4xyXlMiRzRVsQqaZwJxkhdmggr4DC/GcfoqplLP01Wkv1SUsncdgrOWEAC40DssIy4dsKmAzCXW11NpqnOwdBOQQrmwX8PDaeofkjYFaGrpILnSESMB1N29l59c7ZV2aqMjNRjyktAp7Weil4djAwjPAqISx2M42WZsN5E8LY535PYrRwuxgjfKpo1VzyTLTWCEGjqDg8NceFNeS05xnKqKmIysDo9nsOR7qbR1nzMfhybPZylSiaSXBUeGcAKyikEjMhUjwWH7qXRTtDfCe7GeClBE6Rwadt8pjyJoyMbgZC5jOTlMbJhwOOEUVkhyhqjUMdDIM4yPyVTUwfLVDmuHld2UySX5CubKB/Lm2IRK+MVUZLW7t7p0eBcujzzqm3fLz+PG3+W49lhLnAaecvZs15yvXLnSCspHRuGSBsvOLzSFjHRvbu07LZXLjBw9fS8bkV9tmGRk4IXrXTNwjnpGMB3I7leMwPMMgK3XSde5jywO8uzgmSWORGjnteWekA6cLkpLnahsgwvEjA8HIKOATwq7O5B7kQbtTCqo3NLckNWNtkz6SqMbtml2wW+c3WNKxV9oH0VSZON8qmBbHBeRy6jxynubqOcqstVX81ED3GxVqd0yIl8mO+Itnfc7FIIgNTMkHG4XhHYjK+na+nFTTmNwyHAghfNlzpH090qopPqDj+meV63wWp7rZ8h/8SPHbpw1UFz0yLESx2xW56fqfEhbESNwsG4aJBlaGxVJjnZg7Fe407R8auXxywbQfy5A4EYChXqLxqRzmtyQCeVIeS5uxTy1rqfwnDcd0/CYp2ZKuwVpqKTQ8+aPZTJsSjSeyz9uc6lu8sTDhhJOFotY5KWFXYUQj+WuBb+EhGq/JGZSMgLt4ZoPzDRgrod49A1unc7pUo5NlbxyHs8xyWagQdwr+N50gLI26XRPjjGy1EbwcZ7pE0em0F22PIeRxaQQutdnfO6FM7jC405YHDbKUdyq4dWO1R6COe6j0j9tBKLUN1N/JQ6ZwZMc8rPPk0xtJNQcocBxt2T5s6C/HCE0+drccpeBrnk7OOEBu7gUeU7Ywog2O5S5lZJg4Qqg4anAjCFP5gAhGp8EGq+kv9EopiQAUps6HsIQIJNB4UAk8MlgkndeS/EiHw7oZcbHO69ZDsjK80+J8D/CZLjvhGuDk+dr+XRS/sedP3IK6PpC6B5PsExvKNHzVElqIhtRE1AA3IUhwiuQpeyCRB0XdFHKFF3RRyiQtBBwujlcHC6OUxFsPH2RWDhCYCMZCKOForFtcpkyl2OVPp8uduVW07gHBWdMiNlDWCWGjHKg3Fxw7fgYUsHGMuVfcXgah6om8DrpYrKqQ+pUN31KRLnOMoOckJE3k50UFaABsiJg4T1C28HWocn0lFb3QZSMYUksLgWnkC7ug9z912QnPKa1ZZDWd7hSqCn+ZnEeOVFG5Wr6QtkNRIJH5zlYdRdGuDydTxWkeouSwbzpa2NpqZshbgAYCtKybQQ0DPqjQsZBA1jdg1qgMldPWhjm8leelJy5PqNFeyCgWVrppGHxnDGeFeUzS52QFAjyxoZhWsLPDiBxudypWb4vZHA+QhrDsqitl05OQp08uARwqasm3O/K9BpfwOF5GeclNVyF0hGeeVZWSgLsTObyVVaHTSuwO61tnhfFTN1DndarJ4Ry9PU9ymyzhjDGDAQppgByEWR+hmAOAqOvrDkszgqtPB2zwXr9TDS1O2foZX1Ylk0M3x391uOibJoi+Ylack6icfssx0vY33Sp8YxFzQcBewWyjZR0rImtAwAvQ1pVRSR8E8/5H+bqXJPgk08YibgDA9FKYMuQWDJwp9LDuHEI088nmp5yTKWMNAJChX+6iigMTHYc4KbPUMpYDJj6VmGMlvlcZ3jTE07A90zoFLJKstDreKqRuXuG5WopacggkY2UaipxGwAtAxwArNhw0bJEp56I+A0TdDcJs8wibkrofsTjGFmL1dnTyGmgk3zgkKADHPmvNyFOSfDad8LYUdNHTwhkTA1rRjbuq/p+1RU0Ae5vneMknkq2AA4S7MkGnlcXTsuK4x9giPBVPKZb1XMoKeUtpmO/nubySPw/ZFulTUSytt1Fs6QZkePwtVra7fFbqcRxt3O7j3J91cnjghOhpoKOFsEDWsYwYAAwqvqHqCjsFtkuVY8Njj5Rbzdaa00rqqslbHEwEkk4yvK7Ra7p8XuphXVjSzp+gedEb2keMT/pgFLbyNjHPL6LDoTpu5/EbqA9b9RwOitUJBoad/wCP/ER+QXsdZW0lopAcNa1ow1o2C6DRWqhEbGNgghbhrRsAAsbNU1XVNy8OnjIo48gknn3RgOW54XQJ0lw6ouBe7PgZwB2x7LY222xUUIjY0Z7lNtlsioYmxQtGcblWIAA4S5gybZ1oIGSc4QZ6jfSMLs87IIi5x3OwHqq4OfK/UTyhCRIOH7nddTRkADG64SDkdx2VpZKSyF1NG5IwNyvOeuviPT0bpLTaMzVDdnFp/ZVfXPxKM0p6f6YJlmdlsszXbN9gvNbjVU3TtI+5XKoJeTl7ie6fCGOWaqKnJ4S5DXC4/JxzXq8z+cguAcePYLxjrTr64dTv+VhkMVOwkADuo/WPXFx6rqTCyR7KZh8oG2QqKKHAAI3WhcdHp9FoY0RVli5GQU5JGeStLYbDPXODWNIBOCcI/T/TDp3NqqjAb2B9Ft6OkdK9tBaY8u4ccbEowtVqcLCD0NNT2WkbQUDGuqHgZPclamw9H1NS6Oturg5v1eHnbKsOnukobWG1FcBJOdznfC0O7D4hOmIfUfRKsnhHEvvdjwPjgjhjEbGgRt4AGyy3WXxE6d6PoZHmqDKjGQQc4WU+Knxvt3S0H8Ns1Rrq3ZBc13B2Xyxfepbx1FVmsuFQXvPdYpWcnS8b4K3WP5rliC/8zW9e/FO89Y1csctQWxcANOMhYlg79+5QmM7nk90Zo5S7J7j21NNelgoVrgb9WwTy0nsutY48qQAABtus/LYcpDGRlyNHEGeY4XHyMiwgSVLH7NOVWAVFsM+RrRjA/VR5pzjGEB0he7nCcRlQao45GOlc48rgB55ThuithLsYTCbkuBoJ4wnBh9UZtOe4wjNiACgMpYI4hdxhEEOdzsjEtA2Qy8IcoFPJ0RsHb910lqjumxtum+IPVA7MEDF/YBD1eyZ4gPCYX9kqU9wSWQhI9VHcSNsruolccqYW39jvpTSMoiETlKxknQ5D0opGFxQsYnfSnE5Scrgi+zoGEvKkeEsKN4KOABdxhcOB2SyPRTJBaR6LhaB2Xcj0SyPRTJDoOV1N1eyWr2QYIOSSSVEHJBoKbg+iaTvuFC2/2FEeV00+2crgOF1spG+lWnkFMYYXldAeN9OfzRfH2xpC4HNJRFbUIPIHCcKglIacYS8NucqNNcgjw/PZPa4eqCYyRsmhkkZy4fuopsF4wTmrqjRyEbEcorZdWMhHkQ2ExlcwE4OBCciSyECztjC63CIkjwUwbh3R2VU8BHhPI/NN0lcwVMuHQqSTfJo7V1fJFphuDXPaNg4dlr6G5UdwYHU8oJ9M7ry4A53UqmqZqdwkhkcxw7tKbXbJvEjHfo42vMT1TT3wugDKzdj60jGILoARwHAbrX0z6aqjE9Oc6lq3Ra4OTdTOqW1oE2IkA4XfBPopojH2XNAVmSU9pD8E+iXgn0U8Qg8Bd8H2V7WV8pX/AC5/p/ddELgc4U/5c/0/ul8ueNP7q3HBPkyRWgcYTw3ZH+XdnOnb7p4jI20/uqwTJH8E+iXhuUnR/h/dd0f4f3UwTKI3hn0RAwA5wpGgeiboPopgrKQwRN9EvCb/APKEXQUtBUwXlAPDal4bUTQ70S0O9FMEygRjbgoJjI30/upeh3om4CmCZREMZBwUvDypvhrmgKibkRWtPCPTyOaAHbhIMA4RNIxhQmMkljmuaOEx7M7oMR82fRTGPa5oGOE6PPAqSaImDnhNeM4Up0YO4CGRp5KtRwym0RxGCN0F8QHZTNB5TXN90WQ8ldJEMbBV1RREkvi8pPZXT2e+VHdGBw390Mo5GRkVFPIdeh53CNJE2RvKU1L/ADTIzvumtc5uAShccDUyFPCWO4Ud7O2VbPaHAjGSVCkiIPCXgdCeSA6LuhmMjsppaeCEIx+qocRy1w2ITNPspbgPRBLRnhQKMsdkV0eOCm6fdSXN91zSgHKQADCYRlGOyYp0UFoq+rtlUyqpJCxzTk4Ozh6Fev8ATHVFLfqUAkNqGjztK8bU22XWa01TammcQWnJ9wmwngxanTKayj3NJV9hu8d7oG1sWMHAIB74VgtUXk4tkHXLDEkkkrAEknpKEGJJJKEBzU0VTCYZG5B49lgr7ZDbqnYeR+SPRegqJcaGOth8N7d8bFBKO4bTPZLJ5kYyCmqfcKR9FOY5G9zgqIRnulSjg6SluWQacBhPSUSDyJJPSTMEEkkkiIOSSSUIJJJdwVCHF3BSAOUTYgbKmR9CYSM4VR1HaPn4zXxktnj3y1XLk0jKS1kGNkq5bkfRzom43Cr6qm9BsreaJziCAgGMdwvyuf0FKGeIs2woZjJV9U04O4b2VZJCWnGFT6IQXx5GOVJtd4r7JUtqqCbQ4HODwuOYUF8ZON0mSyR8ntfTHVFH1FSte1zWzgAPb6n1CvNXsvn223KstFUyso5S17e3Yhex9K9WUvUFK0OcGVLRh7D3Pqs1lWBc44L94y0/ZQyDkgqdglBdHg7LO+BaZU3Cjjq49Dx9j3Ci2S61Fvn+WnJ0h2kE9wrl8JONsqsuNL4jMAAOPdLaci2smuZK2YN483ouz0wIGnZZGzXiajlFNVE7bDPBC18E7J2B8ZyD+yjEyjjoZBVy07vBmaSM7FWMZa4Ahw3UR0QeMFuUyNkkJwWkD0SpJozyjktCA4coMrdHmbsmRTEj1RtbZPLnCgB2nqXucWSHHopjVXSxkEOAwe26JSVYefBlOHDYFELayWKSS4TjsoLCJJJKEEkkkoAcPCQ4XU0jChUlkeCcp44Q27ogIwoLOpJJKEEkkkoQSSSShB6SSShBJJJKEEkkkoQSSSShBJJJKEGJZHqkeEPfKhAiYnDcJqhAbPqCMMYQdDvRd1FQtrIyrpYpgC5oB9QobTLEfDkBIHDvZWSY6JjhhwyFZaeCPG8Hcbo4JcAAoslHJAdNIc9w1FpJ25xJ5XDYg7YKoslRkg79lIPgTN0OAdn1CHhpGEMjByCoKayMdRzU+X0smc7ljvpTqapY86HeWXjSdt1Iil04BGUpoKeoGXMAd/UOVGslEK4WuGvbh/leOCOQoLH3G0hsE5EsGfrG5P3VgY6ym3DvFYP1XX6aqPG2/YpaQxMUFZDUN1RPB9vRG2cVRz0Etul+aoQRv52diPZSaC7wVTzG4Fjx+FyICSyWZixhzfKfUFSoqkaQyQ5KjA5CexodkJgBLbpdu1NPlOc8oGJGEFjsD0ThNkbjhRPnJWCr6h6RtPUkXh1tOwO4D2tw79V5ZeOkepeippKmAmSiY4aZWE5bngO9F7U2Uk4LcIzXB+5W2jWyreGJsqUjyux9cfNQiGvDZARpcCN/z9VkviJ/Z76O+IrXVtjc621xBc6WJwDZCeNQAXpPUXwhtV3Pzdlc+jrNyTq/lvP+JqwcVf1D0TVfL3mOejIPlJGWO+xXovH+UVclOLwzm6jSQs4kj5H69+FnWnw8qPDutpmmpiSGVTGHQ7HusY000x0zMIPodsL9F6S92fq6kNFdKennY9uHa2gh33yvEfih/ZJtFzIuvw9rRbpwHONHJvA7jGMbt7+q9/476hhbiF3H9zz2u8bsw6z5ahut2s7xIKj5ilJwQdy0LS2vqa3V4DYqrRJ3BOFRdQdOdV9B176HqixVFOc4OtmWOHs7gqD8pR3FpqbUfBnj3Lccr09dsLea3lHLTnppHp9FfKmnAD3eKztnf91oLd1LSVAEch0ntkrxKg6ivFmmLLlC6eA7eXkLU0F6pK9glidoJ7cEIlhm6jydkXyexxvjmYHNIc0qPV22mlbs3ST3C87pr9X0DmuimLm+mVqLX1jT1IbHVgNd7pck0zt6fyELFyS3Q19Ecsd40Y/UKRT3aEkNkbv3yp0M1LUt1RSAg9srj7TQygnQY3n8Q4VJ5OjXNS5QKSmoqwamENce4TBQVNP54JySO2VGqbbWUx1xO1NHcJ8NwqYABOwkeqPchyn6JIubmEMqoiD/AFBSopKaoALSCfQqIK2kqjolj/MpSUMT2h1O/QRwQUuUsl5zyyW6lGdUJ0n2XWz1EflcMkd1AFVXUZ0Ss1t7EqQy6U8jR4jXNd3BCg2NkUsEwVEUjdMzB9jwoFRarZVP1iIN9cBGa+ObJZumyF0ePT7IoycXlGe6qF6xKKZSV3TTmZkpXZHoqmSGtpjpe1xA9ls2zHGcLrnMJ8zWH8srRXqpx7OLq/B03rNf2s87utqtN/YY7nRxl5GNYbg/qsTe/hVC1pls8pHcNJXtNwstFUHU1nhuPdqrH9O1kbiI5A5vYro06uMvyPJ+R+mnJZsSf+D5zudgudocW1NO/A742VcN87YwvoustYwYbhSNlZ/iblZS8fDa2XIOltrhBIfwnhaflU+jx+u+mLaov4Hn+zPJ4zgqdBO5jRpOMqxu/RV5tDiJIDIwfiaMqle4xAAtR4yeVt0d1S/1otMnxXOaN31furCG5B4HivH6rObl3KKCcBWjDKmMuDUtq4n/AEOynmX0CzEVQ5owMqXDVuzuThRSaM8tO0+C+a8O74TlWRV0WwLt1KZUs7d1fyCZVtBkkMSN7J2rKNNMm1jkkklZTWBLuSuJKFD9+xRI6h8LvL3Q1wjIwglHPIfK5RZ01y0keKNvZW8FZDMPK8b9lk2c5zwixSOiOoOWecVJ4OhpvKajT4w+DXOlA4wuslAO4VDBcXtwHnIUkV7XgbpUqcHoNL9SNPku2HxP7s742XPmKiJwEzduyqxUyxkOjdhSWXBkgDal2Qs8qD0Wj+o4T43FpBV0zxh0uHKQ2Q4y15wVSPZRSgOj59ikw3CndmJpcwcAlZ56c9JpfOxfbNTSXCphABcXN9Cp0V0a52JG4HsspBfYhhk8ZYe5Knw18E2NLx+qyzqzwj0Ol82p8KRqWzxvALX8ojXZGFnWSubgtecKbBWvOxcUp0ezu0a+Mu2W7SfVEYT6qviroTgF26lR1LTx3SXFo6UL4z6JYIKMCCcZChZ90UD1Q5yHuRKA2ym5cDygCQ8ZP6orX5PCmBgcPIRmzkYGFHDxhLA9VAorJNEjfUfqlhv9QUPB9V0SEHO5/NRPAzaiSGY7rpz6qOJ3A7tTxVjG4V7mU4Jjzq5ISEuBjCQlDhkBMdjJGVakxU6UODsnZFaThRs4OxRGiUtz4mfbCZGwzy0yHSNBbvuq+a20dQczU7HfdoU4OcOUsj0TVLJit0isfKMR1B8NLFdmvkggbDI7fIGN15rffgrXx+eglbI458uMEf8AVe/EDGEN1N4mCE6F8odHG8h9P6XVx22RPka69M3ezTOjrKV4DeThQGkY0uOCF9bXCy0lY4fMU0btuSN1guovg5Z7o589LH4Mh/o23W+nXR6keA8l9Byjmell/wBGeGUtXXwHNNPp9juCramv0UmIrlBpPBcBsVY9QfDHqWxvc+khNRGPTnCyznPikMFdA+FzTg6m8Low1FcumeA13iNVpJYtreP2ao0lqrWeLb5SJB3aUERVtIdTtTh7rPsiIIfb6vTIN8ZxlWtP1PVUgEV3pDp414WmN205DrlngkyNp6oESNAJ74UZsFZQv1005LfTOVaQvtF1bqoapgkIzpJwhT0FVEcaThNjYmA1jhnYLkH48dml39TVqbF1ldbS9vgVRkj/AKXOysWBg7/onMqSw4xwnZRmtphb+SPoDp/rmguzGx1LhFL77AlaVsweAW7g8FfNFPc5ach7HEY754Ww6Y+JUkEzaaasLmjbS/smp5OTqPHY5ge1g5XVS2jqKiugDWSt1EZVyDkKHLsqlU8Makml+OyWvKgsfkri5qBXVCCyfVRq+zWq805prrRR1MZz5XjOPcKSnNdhVhFxbi8x7PL7n0R1T0nOa7omrkqKQkukoC8//Uj7Ky6d+KVJVzttV4pZLfXtGPDm2JK9AHlOVQ9UdH2XqrJuNMzXjDZA3D2n1ylyTi+DXDUQsWL1/wBS4hqfHYJGP1NPupETyTwvIqm1dfdBS+NbKx10tw3ET/qa1aPpn4l2u9uFHO401WNnMk8u/srhLdwLs08vyg00ehxvyERVlPUF+HcgqY2YgDblMMz+14YRJIbpIwRJEZSSUIcY8sOc7KU2oY8AN5UZNbtuOyhCcMO5CBNGCMprKk8OCK2RrlCEGRhymvZ6qwfE12NkB0J7KEIWn3QXb5BG3opjmEBRSME7YVPotGF6y6Gir2PrqBga4buaB3Xkt0t8tLIYJ2FpBxuMZX0k7dZXqzoqlvjHSU7WxTYzxtlZZwydfRa/4/tmfNt5ofBLaqNoyDgnuh0tWJx4bhhwA/NazqKx1Fuklo6uIgjI42PushPTCNw8MYK52o0zsPZeJ8rKuW6BMBOc8qXSziJ2l30kYVVT1Gf5ch37FHe4Pxg4XCtonXPDR9H0WujqI5RMulKJoHADO2QVj6iIxcraQTeLEI34y0fqqW+25ugyxtwDvsk4Zo1Fe6O4zurzIzTgcj9VEIcCTjj3SZLvhFhnI3ckt4B5CCQis8zfsk5gwSqHIE0nVuVKhm9womnBOE1oIP1FKlHI6qTizSUFWQRuFoKSp8RoWKo5Swgq/oqwYCDo7Gl1OGoyNBnUNlX11OHsI07nupFNUgjBCk+Ug5blC3k6ko/JHBl3sLDpcMEIbxnCsbhTmN/iDgnChPGQq6ObbXseAI5R4pnREOaVEeC12U4P9SomZlPDNRbK8ys53HPqranmJxlYqmnkp5BJG7GOR6rQ0lcHhpPomxknwdajUZWGW1XTiqjPqqctdBOYiPpVzS1LTjIUa4UrnE1MTc+oUwjS/u6BwyFwAwiubnlRYJdDsFqnB7XtBwrJlkfBSwUYtBOSFzQEqUchDWokchjOQmLoOEGGWi5oK9riGOOCPXurthBY0jjCxrZdGNlfW66NcxrH79lMM62k1ePsmXBY3BUZzPUI7HtcBpdnKfpA4CU1g6yakiukhyNh+6g1EGrfGFcPjGfugy02RkIJC51ZM/NT6TnCVHWyUkoLScZVlPTHB2/dVcsLo3cJcoqSEx30yUom1tNfHcIvBeQdtvUKVR1VTaKoHJLCVhqOrmo5WyROwR29Vs6G401zpsSEagN8rFbUd7S6t3xz7PRrXdoK6NrmOGccZV1A/HbK8ipaypslYx7HuMbjg5Oy9DtF7gq4Wu1ZJWCyrB39NqotYn2XjgDwsz1J01HXRuqqVumVozt3WhZM13CIcO7rO4s1yxNZR5vYeoai21XyFfkAHAJW5hqI5YhJG4EOVF1Z01HWMNZSMxMNyB3VN07e30cpoa4kEHDSSp0K3ODN0SZY/CmaHs9DugUzjRk0sh1U7ztjsPRFoqiCpZpDsEdzwVyrppIyD9QPBCgcZZGB3yk7oCPKd2/ZPlp6esjLZomvB9Qm6P4hROaw4liGR6kKJTVMrP5Ug8zVWC2jKXS3y2WvL4A7wXHOPRaW0XA1ULdXYKxMdPWxmOoia4HbcLI19LV2GrMkZJp3Hb2Q4RIycWbeM5blAe51PUNqG7AnBQLZcW1dOwhuDjdTpWNkj08pUo5NcLE0T9UdXDrjIz/khtJieAd8qFbZzDKYXH2U6oGeyVhjc5LGGUObzunEd1V0lQQ7TjhWMcgkG+yHoYR7jTmoow9vLePXKHaagTM8OT6mjSVLzp2O49FSPebddGtH0TFNRT6D1tP4E7h+F24WP6st8WDLp2cM7LfXAMlpg88hZ660ba6icwjdoyForntMOorVkdp4/UR+H2VpYa8wTt83Gx+yDeaN8Ejhp2aVAhlMTw8Hhas70cCyT09mMHtFjrGzwhurkZCuWkYwSvP+lLnqaxpd6LbeIWlrucjKX1wdyieYJh5HaDn1VX1DR/OUusDzNCs3O8RvohyNEjcA8qDZy3Iw1rndS1Xhu2DjghahpyMrKXGCSkrXhwwQ7IKv7fUOlpmOcN8AJiWTK++CY4N21EDC8E+JtJ8h1P48ZBZVDIA24Xu8uXYK80+K9ohkoo7gGeeJ/lI7eq6/jJuq1M8p9XaSWq0MnH+nk8mqzpl2HIVjaZSRGdWCHBQKoeQPxlOpn6AF9C01uWkfnPyNLT3noUcmoDG+ykRu52VLbKvxIG5VuxwIDvVdNs4m/cZm7RS0dwFQNsuz+Su2S62A+oBUHqOmkmp/EZ2TbLU+PSta52XM2Kj6G1ywyZWxGeBzByBlBtWZabQR9OymHc4Ki0J8Gvlhb9J3x7pMzoVTIDQaarc15xh2fyWjo5xJGPULPXppZU5HdWFolc5jQXdkmSydnSXei7JyBkprXbYyhPOeChsd78rO+zu025RM2Vfkiu52UoE4IUSQaJQ7KX2boW4LGXBGOyAANQPou5LowcoLe6U0aYzyFlILd8KGDhxRM+6C8jIS2hgcFwHK4STylGSQuHZKayHGWSNUcuUFp/mhvGe6nTDVsq6Z2mTjjuqBmTtgDusR8SINdq1gZw5awPLhuVSda03zFme0DJbujMutj8mnnH+x42OAmRd0QjBI9EOLujPljWG0OHKOOEAco44Tok9iPB+yEPrRTwfshD60ufZJBBwnDlcHC6OUSFPsIOEVvKEOEQbj1TYopskNwRwnIbUTOFpikgGPpXHUFaU2wCqqX6la024CM0afLJEp4wVWVxyXZPcKc4k8lVlcfOd+6pmi/wDArpTlyGw5KJIRt6obOVnm+THnHRJZ2RG7hCjOUVow0KCZnHnCiy5xupkhAGPZQHHJQzngGCBu5KGRhEBymA5Wax5NKjkNFHrIC9T6NtkTaZk2OOV59YKH52tZG7OMhew22lZRUbIWDGBkrzuuszPae9+nNI66vlkHqpBEzHqi2qlBBqHsGTsMqvJlqakM5ycYWjpYfCjawDcDdYHLB7SmvdyGihy4bKc4FrQ1CpwNs7Ik7gG4TKx1kOCFWPxvkKhr354Ks693O/ZUcmXv9d139O8QPNa6LlPaSLTSumnDiNlrYGBkY22Gyr7TSCOJnl3IVo8hjQ3smSe58CorZFJkKvqhEFRMZNc60sibkHn2T7vUunqdDHHy7bLY9CdPswJqlvmc7IK7Wj0+2KkfLfrLzOc0Vmq6Ts7bdQREs85GStK122MIUEbYmhjRsBhGYN1tbyfKpz38hIASRkKwb/KaCRyorAAM4Ua8XE01LgO0lyMB8kW63F9bO2jgJwDvjury2ULKeFoa3fuqjpy3lznVkzSS45GQtRCzQAGhWA5YJEUfG3Clhoa0DOEGN2BwgXCvipoy9x3A2CWC1uIV+uBpo/Aif5yN1F6ctYmca+pYSAfLnuVX09PU3WrcDk5O5K3lJTMp6VkTQBoAB9yhlLBJLARnlbgDHsunJ7pZySkh7KEodyq/loCGH+admhSZpmQRukcdmDKg0FNJXy/PVI8pPkz6KZxyQkWehEDPGmGZZNySpVfWw0UJkkdg9sIsssUEZkeQ1o5K8m6rvFy66vT+kumnfyWDTV1H4WN77qk8hxWQVa28fFfqRtqo5S2zUZxUPaTh7ucZXttotFvsFvjoqGFsUUTcbDGcKt6S6et/TFsjt9DAGAAaj3cfUlROqb6JWutNvkzO4b4KIOx7uF0Qrvc6i/XRtroXF0QPnLdlpbTbI7bA2JjAPVV/TNlNtpm+IA6d41PeeVocD1VZQnGB7Ttwk6VoaXHgLg7j1VRW1crqv5CF3P1Y7IAR0j31lRqBw1vG6kRgN5GUFkYjZpB/NEL9HbKJLIaWSTsNl5D1v1rX9R1NT050q/FM3y1tTq2xwGt/QqT1n1tL1DLJ0107nwfpqaxrtgO7QsV1l1hY/hn08WEs8eVpMcYdpDpMck777p8IY5NFVM7HitZZW3mvtHQtulkqZQJGg6ifrcfTK8C6q60u3V1a7xJS2lafIwcY91CvnUlx6wuMlfXvcWO2wTyg0NDLLOyGmjySmHqdJpIaaO6fMx9PCcY0kYWu6e6XdIRWVmGsG4DlZ9PdLNp2sra9ofI4bNwtzZum57m5oni0xE5LfZWI1Gsa4INnsU9xlbBSM/k/142wvQbRYqOzQaYWN1u+o4RoI6a1Uwp6eMBo2AHKhXu/0HT1skul0m0Rt/dDOW1HKstna+C1M8MML56iTRFH9RxnC+ePi58e45nSWPpJ+tjAWvna7Y59v1WN+KPxnvXVj5LVbZ309taS0szkPHfPC8vbqCw2XZ4PWeI8F8f+tqe/0FqqqorpjUVMrpHu3JcUmDGCQmhpzwpDG5A8vCzSk8npXL41tijoPoESFhcclEjY0YLhsk6WJowzdDkTlyYYMY0ZKjzVAB0gZwhS1DtWE1jtQVDNvsT5nS7eibG0c54TtBOwKcyFxOCPzU7LbUVwMEeeCitj1corYQ3BIRxDxjZQW7MkfwCMbKQxukAEcJ7mgcobpW4xhG3grOQmpvqmSSDgboPiILnDB82UuU/RMBi/vlCc4nbITM5JwUwZHcpLk2ElkeTnlNyVxPUDG5K4n4KWCoQYkiaSneHxsoUMSRRDkZSbCcoQMgsFLBUjwR6Loh9ApgmSOIyO6WgqX4QG2UvCHqpjBPkIek+i5o3Oyl6W+i4Y/RDgLciMnInh+yf4avBW4Bo9ktHsi6Cu+GVME3ANPulp90bQUtBUwVuAeH7rrWYPKNoKWgoS/kRwAaUwtz2RcFLT7KAzYFrSDkhEDQW4wu4C6qUckXXIIw5OUvCPqjpIcEBaSEvFcNsIq5pHojLGtkdnhEEvchcwPRNQqW0CSyGw1+2y74ON0AOLSO6NHOdgWo1LIsQMjDwjMfkZxyute0jGOV3T6JmSDkRgy5AEbin8IwZckwMaRnKGYhk7obJSDhGa8EbKAAw0A5SJynuXQMI4R9kGlme6srVf6+0SAwzOLM7tJ2wq9dwU1cdCrKlZ2erWjqGiuzB4bw1+MkEq2a0k7BeM0tTLRyiWF2Mdl6L0v1lTV+miq/JLjDXE/UtNVkc8nD1ehlH7ompDcjcLujfOEQaXDIwc+iWAtSSfKOY/7jdPslo9kXATg0c4QtIW54BeEO4S8Jv9P7qSGegS0eyrCK+VgPCd/T+6XhO/p/dH0eyWj2QYRfysDpHokGDkBFawnsnaXeiJRQMpuQHR7JaCeyM5nsuaPZVhEU2gGgJaAjaCloKrCC+Vkfw00MIUssGEMx7q8InygdIAQTEcnZS9HskGgqRhkKNmSEWkHBCQaScKTgJYCL4xm5ATHsCB+67G4txsjJjo84OUOME4aDNdq5C5JEdnBMaNPZHaRjBTBL4AacbJhiBOcKU+LuAgkYUJGWQDmeyBJHtwppGUNzCq6G5SK50II3ChTwFpyArh0RO6jyQnHCmExsZlW0EDSRsmSRAjZS5IdO4UfJzwl4Q1MhPi3+lBdHpGdP7qdKMEeVCczI4QjlIgknOCE0jKkOj32H7phYcKB9EZzfdMc3I5RfCdnhLw3IA1lEQswT2XCMd0ctyuaCoHgjFpCZh3JUrR7Juj2UDyi26S6gqrJXsYJD8vIcPYTsPdewUlTBUwNngeHNd6dl4OG47rX9EdVNts4oK57vBk2a4nZpTq7McHN1umUvviempLuMjICWMJ+cnIawOSSSUIJJJJQglwgY3C6koQzvUVmNZE6WEDU3cLHOgew4c3C9Rkj1DHqsTfqJ0E5kDfK4peMmyq3C2sokk57SDlNxhUaU8iSTklAxJJJK1LIQkl3BSAOURBAd08AYXQO66hbCSOYC6kkqLEnJo3TlDLY8dH0fbblBcoAWnDgNwUWenOcgLPVdJU2yq+Yp2lmOR2IV9a7nDXxAE4eNiCvyep5P6FAjCeCFEqaQNGpoVzLFvjCjys1dkeUQzksOk4QHRq6qKbO7W9lXSRaTugIQTFjGESjram21LKqllLHtOdu6e9o5KC9uRyqayRnrPR3XdJeHCgrh4VSBsSdnLXPaCvnOKaWlmbPA4se05BBXqvRXXMV1ibQXB4ZUN8rXE/Us9lYmdf6Ng9gwoUrQ7kKwDs5zsgyRA8BZmscANFJW0bX7jZ3IPojWe7yUrxDM7bON1Lmi1DYKrqaQu24PIIS2nkJo3FNURzsD4zkH9kWTzNCxNrvM1BIIpuM437hbCmqo6qJskbsj/JKaFWV/oG6SaF2GHZSaeZ2xdyneG09soL4zHu0fuoZ8E8PDwotXTOI8WHYjsO6bDUHbIUlkoI4VJAtYG266CUfLznDhsCVZg5VLX0Of8AeINnjcgJ9surZT8vUeV42yVYlxbLpJcJA5KQIPCgDWAiSSSgsSb+JOSUI1kSQJyAm54SZ9QUFpBxwkuDhdUCEkkkoQSSSSgA9JMSUIPSSSUIJJJJQgkkxJQgkkklCCXCAupKEBEyN+ghdDjkbJ7hlDPm7cKECjTpQDyfulk+pXFAxLuCuNIynqAt4He6DUUzJ/qyD6hGSUKIjZpqJuZyHRDh3cfdTI5GSsEjHAg9wmuaHjS4AjuCgmCSEl9KMD+jOxUISwMnCK1paAoFNWsc4MlHhyf0HlTw4YCgOArDhR5qMOcZIXaSe3ZGb3SGecqFZIgEg8krQotXaKafD2jQ/wDqbsVYSNMh4TACztlQMqWy3C1vBmBnp+7hyFaUlfS1gzBKCfTO4RBodlpaMHtyq2rsxZI2qtzhDUep2YfuoAXIOUgMd1Tw3mWneILvEIX8CQfS5WsczZGh7CHNPBHChB7m4wR2TWTuacaUUHKYGtwcjIVp4BDNqDpye/oh3ClpLvRyUNxpo6iKUYc2QZQNMoOIxlg4HoiRyEDdqbXY08oXOtSPLuo/hFdbaH3PoepLWxeY0jz5T9lSWf4jy2yUW7qqkfbJm7ETHIP/AKL3EVeg4IUC+9I9LdX0phvdtinBGziBqauzpNc4vEjHZVgw11tXTnWdu+UvNvp66kmbux4BDh7FfNfxK/siVNNJJefh7WNkxl3y8wOsfY59F7nevhd170PK+t6RuTrtbCdT6OQkP/8Al5QunPidbLnKbbcg6grWbCnqXaHL0uh8vKiW6uRz9RoYXL7j4UuU146cqXWnrO0SUk7DpLJG5cPddZQU87PmrPWDJGdOcL756r6G6P6/oTSdQWqnqQ4Ya8tGofZy+b+v/wCyff7E6W5/DqrfMzdxhe7zjHv37r2mi85TbLbPg4N/jp1PMXk8bpb5U0b/AArjC/DTjUOyv6Sspq1oMEjSecZWdnrLlaal9q6ss8kb2eV+qPS/7p7KGgf/AL1Z7no7+G47hd6M1PoQouvs2cNbXQMAZO8D0ytFa+tJ4NMNa3xIxtnuF5vTXmvoz4ddEXs/qCt6e4UtS0OZKB7EqNG6rVSh0ev267UNwbmGob/yuKNNQRyDIAGe44K8ljqKiDeCTH2V/aOtK6ixFUkyMG3m3QuLOvptZGXEjUVNrc0ktGPsgeHVwDyuO3GCpdv6ltlxAHiBjj2cVYSU8Ezct0uB/NC8o6MHCz8WVcd1qoxprKdssX23CktltFYwNc4RkoU1BNGS6M5b6chRXRNdlkkYH5IRm3BYG0DAfQVmXjt6qK+e80ztFXRNe0d+FHa240v8yimBA/CVOg6paGiG507tXrjlXKWCLbjkGy4R6tMsRj+6kF1O9oMJ377ozP4JXsMheBnsTghMk6cjdh9FUujHbuFE17FybX4g3vIIykZwAAeO6jOoLxTSkaRK3GxG4KEa1wd4dREYyOdkakvRna3dolSOpZW6ZHA+xChyWamc4yRuAB9EXwxKNUZBzwozae5MccHLfRPjZNdMy2aOufojVdrjOGk6vusvd+haW5SPeYYw5/4mjB/NbF0rh5ZmOBC4HBOhfZH2czV+IoujtnFNHjV5+GVfSF8lMC5o32CydVbK2heWzwOaB3wvpF7A8YIyq+ssdrq4jFUUzHB3qOFqr1LX5Hitd9GUWy3UcHzsO6IzK9bufwvoqrVNQvw4fgKyty+Gt7pIzPC0StH4QN1tjfB9nlNb9La3S5ajuS/RkB5d8IzKxzcDsEaqtVxoSRU0sjceyg+JzkJqSl0ect0ttf8AuRaLCOuLtypUdSD3CpGSBuN0Vso3ypsZllDBeCoBxxuiNkyOFTNlcNwUSKumzpJ2VNtCp15LZJQ2VW3m7o7ahpxnurFyhgloROVwyNOwK40AjKuUsAtM6u5wuJIewQwLh3TmyvYcg8IOQeUvKr2orBNjuEmcO3UhtQH4Jwqto2O6fHJ4eN8qfEi1KcfxZaMndCct5Uhl0qIhlzshVjJgcbqRnI4QS06kbaPI6il9k4X62hwjrGfV3wpccNBVtDrdWtD+cByz8zGPOHNH6IIpQHB1LM6J47hInpIrlHVo+o7qJJs2LH3KnjwXB+PRSqW7D6KhpB9VjIq/qChf4xm+YZ3a7fZTGdUUbyG3OkfCDsHAZGVmnQew8d9WRljMja09ZBO7Sx26s6acgjusRDU0E7BLQ1IJO4IcpdPU1kLw8TH8ysdmm/R7nQ/UEJRzk3IqTgZCkRz7dt1lYL08ACVmcendWdNdWSNb5SAsktNJcs9Lo/K1XPDZch+6O2QkAAKtZO0lSWSDAKS4uJ2q7lLolhxxsU4OJUZsuOyOyXAGyBjk8BtZb2Tmuz2QvHa7AIRAQeFQXyMLobp4/dB8N3bdI+J+F+F0E84yoFvbOHx4zxjKRkd+JF8UYwRldAil204KoPvkDqcd8rvjSsGWFPLAOE0gjhQUxhryxw8b9UWOugk2BwUNzWvG7QmOooCD5T+RRwkxbiSXvDwC07JviSMOGHAUL5epbn5eb3wUL+JVMDgyajkk/wATRlM3CbYZLMOBwXBEHgvbhqiwXSje1oxh3cHYhSmzNkAc1owfRWZZ1kaelhnaWPYCD6rJXz4eW+8lwqKeJwdw7GCFtjv3S8P3TqrZVvg52o0Vep4sXB8/9RfCE0j3vtT3tc3cBYqto7haX+Bd6F00Y2zjOF9WzRNeNJA39lVXXpa03OMsqaSMlw3OkLdVqpf1M8f5L6M0moy6VtZ8uMtNNUOM9oqjDJ/QTg59FMjvvUNoAiuVK50XGvTlep9QfBRtSX1Nmn8FzdwB3WDulm606cc6C5UAr6VvJLckBdOrVVv2fPvJfS2r0eZTjmP7QOku1hu4DGTeBMf6xpBUyqstRFHrfBqZ2cN1ljT9LXmQiKtbQ1Q/4crtO/sjx1HVvTIBBdU0Q4BOtuPb0W2Filyjy1mlcev/ADLJ9OYzjJx6FCdTxuOrQ3PrhHoeqrFdcRVv+6THbfjKn1VlnbF81RvbPFySw8J8LTPKMo8NEe3X252mRrqed5aDkAu4XpvS/wAUaOoaylr3OifsCXnb9V5QHDOHN3G26b4Il/u3aT6pu9GK3TV2rk+mYq2KfeI5R2nIXznZus+qel5gWzOqqUfgJzpHt6L1bpL4mWjqAimqH+BUkbNdtkoso5F+hsre5co2ocQniTthA8TfYbLusYyQpkwThgPkHuu5wozSc/UUdpyFYvawiSZkJKAN+mP/ACWb6g6DsV/JmfD8tU8ieEaXZ9Vo8hLIQYChZOv8WeayQdbdEvBildc6EcZ3cAtLY+vbbcNMM7/An4LJNlpueVSXXoux3g+JLTiGU7+LF5XA/dH0apXwsX+osM0MFXFM0OY7IPupIcCsMyh6j6Zd/u0prqUcNP1gLQ2y909WNMzXwSDlr1alkzzhHOUXKSY14O4IIT0QtrAkkklChjhjhJkrmHbdPQ3t25UITIp2uAzyiaQVVjUDgFSoZn7B7sqECSRgjjKhyQkdlYgAjlDfGCc4yoQppGuYfpSaRtkKwmpw8bDsoc0Dm8BLwEuHkz/UvSVD1BC4Pa1kuPK/C8H6v6PrrLVyNfA4Bp5A2I9QvpHxdGxCiXK0W69QmKtj1NxjjdDKCkb9Lr56aSaPkeohIOQMLsU7s4cF6R138NqiyVUlVSsc+ldu0gZA+686np/AJ9Fy9Rp97Pc6DyvVlbJMU+HA54U3VFPFoc0HKoS90Z5Kk09XjGSubZpdnR7nR+Xhckp+ynu9D8vUuAGxOQqsDzEei2lbTRVtPqxl2OVkp4jTzOaW43WSUdrwxuohHduicY44wQjA5QXjyB7U2OQu2IQYaFxlgPgeqG7I908NPJTwwcnfCDDHpjWOIxturGjqS0/+qrc9sIkLtLgUmUcjYW7ZZNVRVOrGSFcRyB7RhZKhqMEBX9FO3AQHotNqFKCRLmiZI0seMhyop4XQyOYRsCtCwiQFV9wgc7huSoFfDcsoopm77BBGSQCpr277hRZBjGAqaycia2SCsZ3yp1JUOY4NVax+BjCMD5gVSWOTRVZyaqjqcgHIVg2XUwb8rL0lSWABXFNVagBj9006lVmVyOqWeGNbRnCfTyF2AThPJa8EYUcNw5Qc17JXcIruBgKPGRjlHjIxhQI4WkoSladsgIZaR2QBOOBhGBnKdTT6HjypgeT2THRk4wphFJPJpLfX+JpDnBXbHte0YKwtLI6J43K0VDXBzQ1x4SZRydjSar+mTLZ7c43TXtz3TGnXvnKMlNHUIkkQIxhQKqiHKuDHq/JCI1chA4gyjkzk0JicMNUiiq/liHFp235U2qpweGqve3w3HS1KccgQzCXBqoquGvpwXYJPb0Ui1XV9qqhG8kxuOyzFHUOjGAMK4jlgqowXY1AYKx21ZOtp7+cs9Rt1zjqcGM9laxyZA3BXllnu01BUNie46c4B9lvqSs8TDgc53WOdeDuafVRlwWsoDh+SxvU3TwkzW0bP5o3cB3WtjmBGDyUGob3Ays84tmqbzyYqw3ySCQU9ScOacbreUtSyug2OR3CwvUNmAeayiYQ/lzQl091FJTSNildgjYgoM/sGM8GqkbUWyp8Zn0E5/L0SrNMwFZT9/qHop4fDc6bLCMkfoqsNfTS/Lz58Nx3RdjnLI6Gr2Gnk8j0UqeCG5QeBK0EEKqqoZKKQPb5o3cH2UmnrCMEbbKi28lPH83Y7gaeXIjJ8ufRayCUTRh44IBUa5UlPdKdheMP04yOcqptNbNSVLqGd2zTgZQMqE2i+maNnjZw7qTR1JqG6H/U1RZDqGR2QYJnQyB7QlOJqhP8AZLnLqacObw5T4pTgDsVFlDKunL2HcbodHK8ERvOfRUkOzkuR5gDlV18pDPSiRn1xHIKlRSggBFcWvGDwrDZEtdS2uowx2C4DBHuo0kZje5rhsVFpy613V0TjiOU5CsasF41hFF5YqXZguoqGN08mmPf0WHuEHgSYG2or1m/UYmjErW+YDf3C88vlCCHENxjcLSuDiaynneLp6sfTvbl22V6nbqkVlG12fM0LxW1SyNk5+y9P6YuIfG1hd7ImvYWlt6iaiJ+Y8HkJm+cpNOl4PYp7N84VM6TKDqak1xNqWN3bsVXWOt1E07jxwtTVwNqIHxHkjZYRjZKGvMbsgteR+SZHszWrDRrfqBCzPXFtfcbHMxg8zPP+i0UUodGHd8KLVls8ZjcNnAgrfRZ8ckzHrofLp5w/awfOE7P5T2clpwo7CWgeyvr/AEsNHfKunjHkJJA9FSZBJAGML2/jrHJKR+cvOaB0qUf0zQ2ic+A3dXsMpIaVkrTPhwiWlp3ADC9NF5imfP5P45YYS6vzRHb1Wf6brGCqlpnc52WjkDZY3RuGxCyUJbR3xrWjZxwrCjZybAu0yn3CAGFlzZJ2kCKXB+Ht4KFW48JkrT5o3BJlHJ0KZgr7CMl2O2yhWKqw8xvPfZXFdF4tOHEZyMrLxSCmrcNOBqSpLg6ens2yRsTJsSQgxyeZcbKDGCN8gIBGXArJYsM9DRZlZLJrgW7FRKk4dkJ0R2G6ZL2QYNsJ5J8Dg6nbvumOwAQo9E84wSivBIKWba7MA3nzFR3kg5TyfNuU2QgAFA+jTlBoHghdIPqo8Tsn0RH5OClPgOEsDJOFWVXlaZMZVlIRg49FXVv/AGc/dAFPkaw5GVEvcXi22duM+Q/5ItPJgDK7WHxKV7APqGFa7M1zzW4/s8NlGmZ7fRxQou/3Uu5xeDcZ4scPP+aiR8u+6Yj5hdHZZKP6Z0co44QByjjhPiK9g3Li65NBBzvwgn2UGHC6OVwcLo5RS6BCDhPiPqmDhPiCZHILC4wQiP2AQzyESTgJ8WC+gtPsQrSEeQKogd5xtwreJ48MfZNRp0/9x3qqm4HLnfdWbu6qK4gvd91T6DveI5IUjsuXWcITslwUiIZasz7M+MhWA5RyMNCYwDZPlIDcK+xEiPO7G2VDJyUWpd5sg8IA2Cz2MJI6mRN8wGUx05HZS7TF48jXkclYrrXGOTfpofJNRNr0HZ5Z6j5ktw1p7+y9BqZPDaQOeAqrpGikpKAOkAAcMqxqCHvIC87qJ/JNyPqeh08atNGuJLs9Juah43PCu4RlwGFBooXMgY0jndWcDMb4WVvk7lUNsUgzWacY2QKx4A54Uk7NP2VTcZtIx6rTWFa8RyQK6pJJaByFFo4DLIDjkpkhLn59Vc2igkwJXgDvhdup/YjzWp5syXVPHoYNuyhXyokgpcxOAJ2KsMgMOeAsjdqmaurvloHHQ06ThdLRVO2R5vznkv4Oncl2S+mKGS5XAPePI07kjkr2e10UVNC1rWAHCyfSFkZBFCSzJADifVbZuAMAL0UYqKwfBPI6yerudkvYZgAONQOVJY3hRIo3EglTIjp5Q+zmj5ZBDC6U48qordHV3u5GV+TEx2AOyV5rXXCZtsoMucTh7hwFpLLbfkaVsO2rAJKmSpdE2nj04YABhT4gM7oLGAHdFP0qZRnfYSSVsQySMLM11d89WtiY0gZwMo91r2y6qeM5PdSLFaC53zVQ3J7BA2F6LmzWltFE1zgC47kq2DsZKCx2wAGyKDhALlLI3V7LpGybq3Oyg3OscwClhOXvHCtvBCNJI+6V4oIR/JjOZH9j7LQiIMYI2ABrdgFDtVvZRQjDfO7cnvlZL4k9dx2GidaaJ+q4zkBjWnOEt5kNjHJW9f8AVlXV1Lejencvrao4fI3dsY7k+nK1nQHRND0rbwzSH1cwDqiX+t/r+5VN8NeiG2Wi/it1HiXOq88xfuW57ArdVVwprfSPqJdgwE/ooRvALqC+09po3tB1TFpDWhVXTFoe9n8Xr2AzTnU1p/CFBtdOep6911maTTRuwwH8RW1iiDWBoAaANgOyJ9At8BY24HKe5Dah1MwZGXnsgScmAwN2rX0tOBER4kh0hQqKDwGa35Mr93OJ3UYCW4VfzD8iNmzQVPJwjawTAdj8Z2Xm/XvV1Xda1vSfTT8vJc2snafpH9LT+qldadWVMsjemenX6q+pbl5H4GH/ACXnXW3V9m+E9la58zZbtK7zgnfUed9/VHX3ybNNRO+fxwXILrfruy/CjpttJDIHV5Hka0+bV6n1K+YLndrz1pcHXS9TukOdtXp2CbdLtdetbvJeLxM6SRxyc8ewCmwwvZoghi1uk2a0c5WhLJ7DS6WGhhj+v2xtNSudIyCFmSdgB2XpXTnS8VtjZUTNBncMjbJCf0l0jDbYWVlbE19S4Zx6L0exWTIFZVM2P0tKtrBztdrfu2wIln6efUvbVVIw1vAK1YkEDdEekZGMjsmamx+VvHH2XmnxK+LVs6RbJRUMgmrmctxkNKRZbsObXXbrZ7Ydmi6w66sXR1JJVXSo87OIs7uPoF8t9efEW9dfXI19Y90MPDYWOOgfkqXqPqW7dT3CS43GcufJ2B2AVa1pxgdlisv3cHtvHeIr0KUrFmY4QjGT+iQYOwT2tcSB2UgRhozhZXJt5O1KfAKOAEjb80fDWAJjp2sGAFG8VzjgqnLAtfc+QssxaQAELVq3SOXIkUO++yHsNJIboJ2TmwuPZHEQznCIGY7JiBlNg2R4AyEUMA4XE4uCsDOTg2RDK0NxgfqgmQ4OyASQc5O6pvBQaao7AIJecrrnA8H9kNrudkuU9xaXIXO3O6jEnKLvkDK4WOJ4QBSWDmCnJwaM7hEaAANlaWSSlgDoJThFuCjlgI44SxjumbAc5GtYMJwYAnj0CWQr+NFrnoa5gXNPunGaIclNNVTAZ1j9UH2luDaHsOMrrWngKKbjTg4z+6ZJdYWgadz90O6MeyKmb5LLwtuE0tJ9f0VU68S/hGyCbvORjCB3Q9Bfx7GXWkeq6GY7qhN0qPX91wXSoBz/AKqnZkn8Wz9o0GkpaCqP+MT/ANI/VdF6nBzp/dVuRT01i9l3p+/6JAAnGVUNvs/BYMJ7b32MZJ9UW6H7AdNhb+GPRLSFWNvkewlBClNu1I7G5GVN0P2U6rF6DeE30/ddEYHZNbV0zhtKMlJtQx5w0qsoBwmEEQAxhMMbe4/dPBBRFYLeCN4fsl4Y9FIwEsBQpzIml3omqYYgeyEYj3aoWpZAJIngPXDE4IB+UMSSXdJPZQmUcSRklCZA4BST0lAMDGvc08ozKtwIA2QsFcV5BaJ8c8DgMv3PsiuY1wyzhVffKlQzSRfSePVNhMBxCGMtOSEWMnGCeEeN8FSzVsHdwfVIwPacadkQt8ARyityBwhcFIOIOcpjbXRWQoYnhgA3XA/snAZOVW4jeDgB5C60HtsfVdSVqTXKEuWeDZdK9YyUuihuL9TDsHnsV6HTPjqoxJG8Fp7rw0d1oOnOsqqzvZFUF0kQOOd8LVVfjiTOTrfHbv8AUrPWDGR2wnBuClbq6kulHHVUsgc1wyfUH0RdIbjC1KSkso4UoNcHABhdAGU8bJKCzoAwuafZPRA0A5AVsgIR53ASMeNyFIwEsBTJCKWYOCEtPspWAlgKiAPDPp+6RYQM4R8BcLQRjCvJCKWrmgIronZS8NyohH8P3Q9PupWn3TdPur6Gf4Imn3S0+6P4ful4furyTkj4K5jKlGMYOyjkHKhecHAPRPZsQnYwkd1TYtvI9jg8YPKa+HA1AIbMhwPopmQ5uCr6DIRaQm6fZSHRkknCYRhQmWRy0eiEYx6KU8AHZCwFWMhRkQZoRj6VBkg074VxJGCOM7KJLD6t/dDJGiM8lW+PsQhSMBVhK0eiiPCFRyPhLJDc3CEW98KU5uUJzMDKsbkjaR6JhAwjnlDPCAY+ABAyuYCIeUlQzAHAQsD0UhNwVZNzIyZxuAMj1R9DvRMLSVWCS5XJ6l0N1M240Qp62bM7TjJPK1LgBwvC7XcJ7VXR1cTiA0+YeoXtNsr47jRRVMZBD2g88J8JHG1FDi9yDp6YnphkEkkkoQKkkuavZCUJ4y0/ZVVyoW1FM8AeZWyG9nA5VoOLwzzieAxvLHDBBwopbhaS+WyVkrpQMgnIIVBIwtyDthLN1csrBHSXSDlLBUNBxdHKWCkAcqgh4Awu4CQ4XUTCQkkklRG8CSSSUI1lCHKcmjZOUMs0z6krbc2ZxLmgh3qsjVUFbaqt0kTSW5yCPRejFkNR/cu1bKrrqTVsQPzX5Kawf0KTyVFuuUddGATh7diFJkjJHKobhQT22q+bpgQOSB3V1arlFc4stw17fqCNNljXwEg5aqyrpjnIbstI+Eac4USWmGMYREyZOojc08dlGLTvstBV0WTswcKrnpnM7KEK8tQ2kt42IUlzOdkIjBQMmMnpHRPXDKstt10k0SAeWVx2d7LciXUMgZC+fQ9wOWkgjcEeq33R3XZh8O1XY5admSk7590qysCcD0J4Duyh1MQ2KnQllQwSRPDmkZBHCZNDq5CztYARQ1UOSDhFtF5loZhHITozjdTJ6fO+FV1NMc7NWaa/RTWTe01ZDURCRjxv29FIDmvCwNuu01vfokBLVsbdXQVTGSxOyD2zwhFTq/RIkjIOQExk5DtOFM0hwAQZ6Ug62DnlQS1+wsdRqA4UO5UPjDxqcaZG77d01rnwuAcFNZOHtbg4KgvAC33Z3kpax2mQfrhWrXfmqWvoBWx62HTUN3DvX2QrRejTyfJXAEP4DioLccmmY/OdkRAje0t1NOQUYHKgprA9NSTlBY1IcpJKECAjC7keqFkpZPqoQKkmg4TlCCSSSUBEkkkoAJJJJQgkkklCCSyEkPB9VCBMhJDGSeeE2asp6c4lfjYn9FA4xyGSXGua8ZaQR6ruVC9rEuEDC6koVgC5pycDZNO6OQOUItdk7KEAOJb9kQTMds05Ponta12dQygVFLvqp2nWO6hRJDs8jC7kDkqubUuheG1hLG/1dlIEgkAc05ae6hYVn1BSCAWjB3UUcJ+sqAtZOTUkdR9bRn+rv+qBFNVUfklBkjBwHDc/mprUgPXdQpvjASKpimaDG7UT2RmqqfSvY8y0j9Dzvjsjx3GSItjrY8OPDmjYqAOJPxhcc0ELrXNe3Uwgg9wllQgAxlpy1c8Rw2IUjAS0t9FCkyPJRwVbcTsBA7HdVjqKstz3SW6XMY/4DjnP2V41uNkxzBnPdQsraG+Qyu8CrBgnHLXbK0a8KFW2umuA/nNAeOHAb/qqwuvVjJMv++Uw2DuXNChZohynOaHj0UC33OjuLNVNKCcbt7hTgRuMq+in0AmppsZhc3Poe6j6pgcHUx4/RWDTvnKTnB+xbwjjNxEuPIGnuc0R0zDI7lUvVPw76A+IEWm6UMRqR9MrAGSNP3V0adsn2CjyUY1amHQ8cOan1amUHkXOvd0eOXPoL4sfC+L/AOtOT/aaysyflZnYqY2j33z3XOmPi/03ep/4TeHOsl3b5XUVY7Q/PtkL2dtyrqXSaiN1QG/iYcux9lSdTdGfDv4mUrqW+W2B0xHJxHO09jnldfTa7/nZksqxwYjrD4b9K9a0j6e+WxlRrG7jjV+R5Xzf8QP7J1bbBLX9A1p05LjTyjfHple71Xwe+LPw4Dpfhp1W+92yI5jtF1PlLfRsmeee7dz37Atnxwtgq22P4j9N1/StxzoJq2fyCfaT8wvR6Ly86OYSMN2ljYuT4srh1L01Obd1XaZGeH5fELNiuxC3VY8WlmAz+HOF973zoLpPrSgL3U9DXxzN8ry0Paf05Xzz8Rf7LE9JLJX9PFzByIhnR+XovW6DzsZvZfwcq3SSi/sPGYKqso9g8yR+h7KyguME+GvOl3uqu52Dqfped1NcaSQxtOPMCf3QPmGOw57CCew2Xo4Wws/BmGUraXzwaYFw8zHH8lbWvqi420hplMkY/C48LHU9Y6HDmTvI/pecgKwirmyNBLdyiwmaKdZOElJM9OtfWNBW4ZKfDf7q5e2kqma2Fpz3C8fB4c3Y9iFZ0N9r6QtAmLmjsSlSjk7NHks8WHovybgSI38bgFRJ6dkuWTw/nhV1r6ugnAZUeV3qr6KohqWaonB2UJ0o2wuWYlK61taT4cpH5pgut6t5LPFL4hwRuQrp0TSeMIU1LG7kbqNZI00NourWP0sqQA7uVcfM2S7RhjjGZCM+iy9TZ4pMuYAxx9FANPVUbstztwQq2v0RSb/I2T+nIX5dRSljucZyCobqWvp3mOaLXjuO6oqS819NJrZO/I5BKvYOrGuYDPGHOHopulB8hKVTGMdS1LjE92l42IcMKPVWuQDVEchXkFTZroA5zY2yY3zsmTWyeI+JSS62/wBOcpnypdgzrjPozjqepjbkjP2QHlztnLQFzwdE0f5YQn0kMh1NAz6IlbnozT0kZLgzstRLANTTwo5v2CI54jj1V5UW1r8loH2VfLbWk4dCE75Wzn6jQ3LmBC8azVz9FRAw57kBV9T0R0vXO1Nja12+QBypdVZ9y+MaT7KA+nqYzjzfqn16iafDOHq9FOxbLq01/goq/wCEtO+R0lJW4ackNxwsxWfDfqSja+WODx4wfwcr0SOsrKR+sOePXJyFOg6le8aHENx27LXDU2P2eZ1n09ob5ZScWeIVlFcbc7FZSyR45JahMlwMkL30yW25YklpYtXBdgKpuPRHS1wjIjp9Mh3OjYLTG/8AZw9V9Jy708kzxoVGp2AQVJbK5wABWyuHwn1OzaavDjvpeVTV/Qd/t0Piui8QDnTyj+XPB5/WeC1mmf3Rz/gqxM9p3RG1Tm40qE+OuhfpliIA5yE3xskDH5IliRyLdPOt4ksFrFU5O+N0Xxx7KnbKThE1lE4CdhZhwPcJZHqFA8c+iQqDnhUsgfGWWseuUzxHE59FF+Y042T/AB2n8KYRQJInc30RmV8gwC7ZVhnHp+6Xjj/5SoXsL2GppJRpkO/3RTFT4AheP1VB4gbhFZVFpBUAdaLov0Y8xP5pr9MuA5gP5ZUCOvaSNRUv5mB7AGndDsTAScOgQtUDJPGp5HQSejTsfyUuK8Xe3u/3praiEcYG+EINc/gqRE5waGvGUiem3Pg6mh8jqNNLMWS6Tqy2TkNlf4RO2Hdld01Y2QB8Ewc13oVlKq10Fa0kxhj/AFAwoIorpb/PRVReB+AlJs03B7Px/wBSNSSsXR6XBXyx4BcVZU9xP43bFeUUfWc1LIIq6FzSPXhae1dU0VYA0Sfllc+zS5fB7fx/1NRa1tmegQ19MeX7qWydhbsRuslFUNdu3fKmw1jhjOVjsoZ7TR+TjZHLeTRBxzkOUhkmwyQqKK4hpwQSpcVcx+MghKdbidaq+FnOS2DhnKfqaRvj9VAbUxEd0mztJxuktYNCkn0TQN0sOacgoEcw90dsrSqLyOMrhgEZTmvDgMphwe6a8O/Cd1RMhSB6pafdAAkz5n5C6JXZxpRxjnkvAUbLoeRthDbJvwjDSWq5JopxTI1RR08+5YGu9RyobqOup/PTT6sfhd3VnpS0+6gqVSZAbdKuAA1lN5fVgU2G5UlUBokDT6EpPjDhg7hRJLZA85A0/ZFuwZJ0v0WJAIzq2S0h5AyqKSS4UT9MeqRg7EotPf4mP01sbowe43wmpsTKtxLtsJaM/wCqE+mhkOZGNcfcJ8NZTzMD4pmOB4wUYb74Vp4M9lSksHn/AFb8Ielupw+UUTKapfv40Q0uz65Xll7+F/xA6T1Ps+u70I+mNw3I7+q+j5CWnHOUKRpdg4WqvVzh0eb8h9L6HXZc44b/AEfINW22VUroL1QutdW04IHm3/ZSKCe/2I+NYLu+aHnQx2HEe7V9JdR9D9O9SQuZcrdG57h/eNADgvKb78DKugkdP03WEEnLGE/6rq0ayM19x878p9F36R//AC73RM7RdVWu4u8PqS2GlmO3ixDDT7kdlLqLA5zPmrRVsqIjuA124WavVBeLTJ8pfra8aTp8QN5/NR6C51NueJLbWObg7sLv9FvrvU+jxGr0ktPLZKLT/uX7pJ4DoqoXNPfIQ3wUr8va0ZPpsjUvV8dYBBeqVju2oDBUw26lqm+PbagEHfTncJytzwYdklxJEmw9b9QdOvbEyrdU0zeIZTnSPYr0qxfEa03kMinf8vMdiHbDK8emppYiWzQkY7gIIjIOWuATNzM12nrt6SR9KxSNkaJGODmncEI7X5bpK8FsnWl+s5DG1DZoRwxxJwvSLB8QLbcWtjqXGGTuCcBM7ORqNJOrOEbYEpwfnsoUFXHKMxHUDwUbxiOyI5rQfJXQTlCByMrqhW0ODtyuoAJzyigjCsjiPIyRug1NDTVDcvjAd6jYp5mwQMcookz2UKyQo4JqT+4lcQOA4qXDXE+WZhB9U8sBQ/lw/koySlkmtla7ghPUERyxHyjV+aLHM7hwUADJJZ2ykoQWAlxwkkoQ6yd4cMFSY5w/AOMlRNPumjW05aVCFkWgjhRp4gRnCUNW4AB+6OHMeFCFXLSsdklvHuoZa6M8K8fCCNmqJLTkfhVPotdldLFFURmKoia9h5a4Agryzrj4SNrHyV1hcwa8uMDhjB9j/ovWZoXNI2Qi3GM9lmlHI+nVzpmpRPkC7W6qt1S6lq4nRyRkggjChZLCCvqHq/4eWjqhrpnRNjqMY1Acr576u6SunTE/g1sRwXENeBgOA7hZrKsHtfGeVquSTeGV1HWFpIdjBGEK5UkVTEZGjDh6KICW7o0dT2cuXfp+cnstFrlP7JlINTHFh7dk3XocMDlWNbRHeaLcdwq57A7bKxuvB0lLPRKhkDhxuneJ7Kvhm8GcB3GcKw1B24CXtHRs/Y3A7JicmZwkzjkPPOQ8E5Y4BX9vq9QAOFmhsplFVaDuk4ZtovcGbGmn4BKO5rZm4JVFR1RJAVrDPkDKh2q7lYisroSJDhuyguYMbrQ1TGvYRp3PdUksPhuIChj1MMckUsIRoTg4XXAYOB2QGEhwVdGSE9rJ7SQ4EFT6WoIx3VfE4OanNcY3Kzo1W4L+KfUBuik5VRTVG4VpA5uAecqG+u3ePbqGMqRD9X2QnYxsV2ndh+5UG7sMntGoJSsAGyJBghOcwluMKGqK3IryzL8AYRhDgfThN4qWbbZVm+MYzhQiryVZjLeBwnwVroHbjZSHwn+lQqiI5BAS3zwynHHKNLbq1krA4OyT2Vm3DgDnlYmhqjTSg745Wmo69k+kZ7JMonW0moco7WWLXA8j90nRtKYWf4l0OIzndDtZuUkCdGD2yq+poX7vZgj0VmZNRxjhMm2wEvaX2UrMtIBGFLgeRjGxXKmndjWxvHIQI3lpGQlzgFGexlw2XxA3IGccq/sN0nppGRyS6gdt1lIpuOVNp6ohwyNlhtrN+nu2y3HqEFc1+wIUkTB4wsfZ7kWtDX5PotBBVAgHsss44PQQshOKkgtVGDuG59Vi71aJYpHVlKScOyWjlbcyNkbgqsroxjZuc8rJOPPBU3jlEHprqQjTBM7DhtutfXRtrKUTx41N32Xl9wpH0VR8xESA52duy1XTPUzX5pahp4A3UX2kha32XDdFTT+FKM4VVFK6nkMZyQCcequ6qlAPjQ8OGRjhVtVD4zMtA1t7+qo0J5JVNUF2BjZDu9u+ZjE8AxMzcEHlV9LV6JPClON8Aq6p6hpwCFCIh2a4STA01R/eRjvyrEtwFR3iCSkqfm6fIJ82ytLdWCsp2yEjVjdBgZCeSfQzhkmhx2KkzMA/mM7HKry3S4EFToJmPZgnfjdAaoyH0tRmUMJwphLuxVRJqiqfEA2VhBUiVupQbkj3qLXC2Vo87N8p1LUfMUoPfYFSKgtcMEZCq6OUU8klM7YZLm/ZWiSaZIqWB7DkdsLFX6kAY4tbkEkLbuweTyqK7U7HCUY8p3TVwjn6qO6OEeZDFJMct4O601grzDM06vK5UV8g8CYHTjKVrqi13h6vp3CcstnLhP4pqJ7BSzienBG6NG7AOd8rPdO3ASxiNzuRhXTHGOXBPlKKS44OxCeUH1b4wsp1NSmnnbVsbsditUSOVVX+nM1Fgb4Ki7Jak+iLbphPTtc08DddqGkAYVVY6kwymJx8pOFdzNDwnxlgyyjlYPHviRamUtxhrY8NM2QffHKxE+GEkbZXrPxDt7qyjc8RZ8NuppHYrySdrnDGOF6zxep+1Hxv6o8fKu6SfsJQyOjmD1p6OcyAH1WQhk0PGQtFaqgOAZjdey0898EfGPI6d1WF41x7rJ9RQSU9U2dn9WQVpo5i44IVP1SzMbTjsn9GBPHJb2uq8ejDjuQAnucZY3R+pyqjpucmARf1BWwIYTlR8o36aW5ZLKPEtC3XgkDCx97aIatugYyVqqJ2acAjuVS9S0rGtbIBgk7FZpHTrz2T6CR0lM3PIGE8nBx7qD07UukAZIc42U6pYWvICy2rLO5prPswyRTPHchcn4UWFx9d0V5BCSdGE8DqYkHCsGgFo+yq6V2Zgw91ZtGBj0QG6qZBqGlsm57psoJaN0aow5uTuQoz8acZQyWTSrGJh0u5wpDt2hQM+cb4U4eZmyRZn0NhIHvk5KgV4GhwCnOZk8qFWNyCEPQ9vjJXxHDhupBIc0hx2UQbORWvA7q0ZpvLPJ+qKU014mB31OLgfZVDW6e60/Xkei5tPqFmRsmI+deRr+PUS/uMR2nOUBFbwU1SwYv7nJigtO6fJsVyPugcssmQgOQCSijlBRhyjbyiPoIOEVvlKEOEU8hPgJfY8cJT8hIHsuz9k0odB9QVlA44x6KuhADhsp0SIdVMlvGWcqjq3anP3Vpqw05KpZyS9+/dXJ8DLnwAYPMpkP4fzUNn1BS4OyQkZpvCJI4Qqh2G7FEyA3dRJXgnlSx4FRy2BfvlB7n7ox4QTtk+6xzeRrBlmcbrY9M2uKaeKIM55KytC0Tzta4eUHdel9G0bC/xWtyRlcrXWbIHqPB6NTsVkjYta2mpmxM2wAlRQmecOI2aclNlJcAptvia2LX3K4Vk8I+iaeO5p/otYwPRS2HDQSolMCSFLd5QMLOnlnYilgTpRpOfRUFfOJZjg7DZWddIYotY9FQOJc4uzzut9HJl1L+3aEbEXuAAytTRRlkLcjsFRWyAyVH05AWhOGtxhdamLaweZ1lqqfJGutUylonvJ3I2ULo+1PmkdcJWai52GghQrm512uUNsgJOCC/B/ZejWWgjo4oKYRjOF6nQ0/HWmfFvrHy0rbfiiy9tcDYYANODhWEfKBDhjNIHCkR8ronzycnIkRkNGdKiXm5xW6lOp2HyAhqlvlbFAZDgaVmI45OqL8fJmkphgntkIWFjJddI2t3/AGyVuXynVn2WzDByBgqPR08VNExkTAABspSQ2Km8iVfd6/wG+Ax+HOG+PRSqmpjpYjLIeOB6rMPqHXCsJP4jsqyATLbQy11Q1rG5H1OcVtaaHwo2tIAwOyh2ShbTQDUBkqyVTBk8CXVxJXGOQAdRUR08RkeeFFtFJJUTuuNUMA/Q0+iDh93uHyoJEMW7/dTbvdKCx299TUyaI4goy1kidYdX0PSlC6ec6pXgiNgO+rtssT0L0nU3a5t646jZ4lTIS6CN+4ZnvhQrLbaj4h9S/wAYuZc6305/kMPDvf3Xq8cMcQbHG0BjRgAbYCrA5vaseyTGGtbsMLIXyunvVzZYqL6A4GZ2fw91ZX68Npac01M7VUy+RjRyCeCp3S9kjttIJnxaqiXeSR31E9/yUbwA3ksrdb4bbRR0kIB0jchTmHKYDjhPBxlUpZEtseCN8rO3O4Pq5vlaffB3x2Uq93H5Wn8jtL3bNKr6CNsEPiPGZpBlxVrgIsKfEcbWfqs/1b1Oy2UroKTDqmYFkO/4lJvV3bbaF0pcB6LyDqTq6ns4qr9dZW68H5dr92sHrhWuezRp6Z3TUYI71N1hQ/Diyy364SiW8z8sJy8g+h7Af6r5dvN2vPX97kul1ndK9xyTnYD2RepOor18Q74+onme6PJwCdgEUGCijZSUjMyjb/mKZFc8Hs9HpI6Rbn+QzEdO0U8LAZOA31XqnQnRv8NiF1u0bXVEgBjY4fSFzoToE2yJt9vLM1TwDG3GC0e/7L0CioWT1DZJwcMOyajDrtb8jdcGOtdnbI4VVS3DG7tae6uJK2CJuJCGNA2+yr7reKO3B7nyARxDLiTheB/Ev4xVNY6azWSQsiP1uD849O33S7rVFYMOn0NutniC/wAmi+KvxtitfiWfp0O8fdr5ydm9jgeq8Ara6puFQ+qq5TJJISSSeSVHmeZTqcN0oxgLm3WtvLPcaLQVaOKjBcjCzjZHZCMcJNA2JC66TbACySnlnSfPLHMa0ZKa+bUMYQxIfT90gMos7isYGuaXHJd+y6GYTxESfpx+aK2MDARbMi5S29A2R6hujsYiMjGF3TpTNmCt7OAY7p7gMYQ9fOyY+Qu2Gyp8FCd3Qg92rCJ2QDyfuoQk7Yyo7vqKQLicAldw70QSWSA/MiNac8YyngDPCIG7cIFDJeAej2RWsCTnMYPOUGSup4x9Wc+6HMY9sPY2PLPRIkDcnCr5rlviFQ5qyd+2vZSV8I9Bxqcuy7NTTjmTdAlr4AfqVJrdq1EpxIOAQky1DfQx0JFlJc+0RUeSun+kuzlQwMJ5ye6F2Tl2w4wUeiQ6olcNzyo5cSTkpuT6pKKT9jNiQs7JJJKm8hJHQMruAuNTkt9kY7ASwEJJGTaJJJJEULOF3JSxwuIAhE55SyeUklCYHtec7Z/VSPHmaAWvxhRF3J9SryB8aJzLjUAgEqQ28SNAEh/dVYb6Lr24IKJSyKlVCXouo7xE4bglSY7lBIcb5Wfa4YPsENszsnGyLeJlpovo1zJ2uwRuCigtODhZOOqnjAIecKZHeJgcPGw90SlkVLTSX4mjaI8EIckQ/VQIbpDpGonKmxVTZRlgCvIp1TXY35fYn0Q9HspCeWAKxakyLjC4iuaOy5pUL3gUk/BXFCxYCanJqgWTgGF1PwUsFQDecBIOQFLpK8wHTNl7D+oUTD0sPRrgksS7LlkMFWDJDKATyCo8kb4XFjxghRYnlhyDhWtHcaWsYIa1uC0YDsI9+eBE1jog4zwiNU2qtvht8ancHsPp2UYROZyh25AU8nDunphJHIRByrAOgYTSwBFBHCRGUS/YWf2XXSvVFTYakNc8ugcfM0r1q1XKlu8DZ6d4wRkjK8KLdlbdO9U1diqQW6nRZ3bla6rccHK1ujVj31o9rLceyQZk4yg2a5Ut6omVdNIHZA1DuCpmMLWmpI4dtTreGLwx6JwGO66kOVBI4bLo3XRwuqEFo9lzT7oiShAen3XNPuipKEA6fZMwPRSMBDIOeFCANBTNPupKa5vuiTLTyRdPulp90bT7rhGO6mA8gyBhCMYzwjlpC5p9lMEyR/D90vD90fQVzT7quScEfQR2RGZAAKdgLjhuMKZLxgKGggqNM054R2cbpzmj0VlELGExzduVJdGO2yFKw7Y3UyTGCMQcpkrMtOQj4C44DCmA0VcrDlQ5WY5VtLEDkgdlXyxn0VM0QlgguGChSDbYKS9pB4Qn8Kh8WRSMIZ4Uh/KEgGIAWnPCZgqVgJmAhksjcYAYK5gKQQMIJByoMBYCWAupKAAHxjt3Ws+H98dSVpt1TKfBmHkyfpcsyRlNiJjdqYcOG4PurTwxd0VKLPdXR8Ebrvh+6quk7w272iJ7nZliaGP9yO6uTwtC6OHOLg8MAkuv+orisEKeE1OPCaqQEhJH6SkkrIngh1sLZYHtcOAsXcaZ0Uh2wt5IwEYPCzd8pA3JDc57qGqq3BmCAd0tDfRdLXA7LjgRjKF8G+M8jdPsu6fZLJSSdxY5JcByuqBjUkkkZJRyJJJOUFuWBq6DjsuFJQrs+lrVdprc4awXN4/JayKWkucAlY1u/OFkamhcAcBR7bdai0zkDLmZwWr8kqeT+hUomiudtGC1zctPBWSq6KotVT81S5bg+Zo4IW/paumudMJIyCHDcdwodxtLHxHAyP3CJgZKm23WKuhAyA8bEKU5meFma+3z0Mpkhc5u+dlb2W7x1TRBUkCQbZPdWRrJJlpw4bhVVXRAnOMZWjkhbjYKHUQA/hRJAmQqqbw84aoDgc8YWpq6PV+HsqepoXMGQ1WGVBGDgruzuU+SJwchkEcqmskNZ0f11UWQikr3mSlzpaTy1et01TS3CljqqaUPY8ZyDwvnaTDtlfdKdaV3Tkoifqmps7sJ3A9lnsgU1g9nlh/w/uoFRT57KXZ7zQX6jZVUEgcHDduclp9CjyQatsYOVllH9imjN1dMf6cYTKKuqaCTVFIW77jOyuqmkGOFU1FG7IwAlE/sbK2XiCqiYXPGrG6tBJqbgcLzJjp6dwfG4sI9CtdYL6ypa2CoOJBsMnlQXZDPJdzU/ibgKP5ozurBha5qBLDq4QtZM+MPAON+SBxlNrbdT1TA6RoDyPqHKa5pY4YRmy7DKoFogWu5S22pNDXkljto39lp45GuGphBBVDW0UVbEWlu/Y+hUSir6qzzClqyXRk4a4+igmUcmtTkGGRsjA9p2cMhGzlQXjHY1JJJQUJJJJQgs4Tk1OUIPSSSUIJJJJQESSSShBJJJKAtZEkkkoFGOTmn3Wf6is9Zc4iKWobG7tlaFMc1QZGSiYWhul66fIpbg10rGn6wDjC1FtvtFcv7l+PupFdRw1URjlaD6FZqr6dmpnmaheWHnyqDouMuzYawnLIW6/z0jvBu7XgcNeAtFT10NQAYXage6gLgvRNXCBjKQORkrqgoGWnPC5k+qOQMIBG6vGChskbJWlkjA4HsQqmehrqFxltx8SPkwk5P5BXC6ADnKohW0V5pag+C4mOUcxv2cPyU8HVyMKLcLLQ1w1PjLZe0jdnD81UkXuxnMsnzlMOD/wAQD/VQvs0rSE5VlBdaSujD6aUOP4mnkH3CnidpGcKCmshEySISDcZAT8hdG+VCiGBU02RTnLOdPdSKasbJ5Hgtd7ojGg5UaanEnb81Cf2LFrg5dyFUtqpqUefzN4CmQVAfjfYqFNYJaS4NwkeFATq4dxg7hM/EngjGFCFTcbCyY+Nb5PlZx+JmwP3Q4LlXURbBdoHAN2MzBkFXY5T3simjMcsYc08ghQhFhrIZxqhfqae6kNORlU89nkpZDNbHlrRv4JPlKdSXljXiCvYYHH6dXdQEt04tBCaCCMjdOyrINa0NOe4Uee30VWHeNSsLnbagACpIOTuE9pYQABgo1PIqeGUjrZfqMarNdnSBvEFSctI9AeyqL7dLLW0ppfiR0G6WBvlMvgioh/UAH9lsXNTfG0nzDZaar5VPgXsg+JI8Zp/gt0tNUNvXwe6+qLBM7LzDrE1Ofux3mBI75SrutviP0HI2l+KPRYuFtb9d1s0fitDO73R/UPtjsV6HcegulrpUGst7prTXnf5ijf4biffbCgfM/EjpQGGuoI+p7YNi9nlnA/5cEO7910qPISf5CbNNGX4cGYFq+E3xWoDNa62krRIPpBDZGexadx9l4t8Rv7LdZSF9f0rKHN3d4ZHP/Re0XLoD4TfEKsN26frJOl+oGHOaUfLzNd/jjzvwP3QP4x8U/h3qg6upv9obIMAXGmGHxD1eO/f9F6bReWlCWaJdemznanSxePkXH7PiG92O8dOTupbvbZYS041EbH81DhkB+l+M+q+85qP4dfFigeyOKnqZNPnbpDXj7rw/4hf2XKqm11nSNU5zBkilm3H5Fev0XnqrJbLlhnG1Hjpr7qujwenrZITpe7U337KY2shlADH7nsoN6sd/6XqzSX+2S0hyQ0v3a77HChRPgqz/ALvUhkg98YXehbCz8WYnKVTxNF+2d7DlwI91aW+/1dE4Fsp0+hKyQuFzonYqYxPEO4G6lU1fS3DIil8Nw5a7srXJqq1c6+Ynp1t6rpqkBlRhp9QrqOaKduqJ4cD6Lxt7KqLdriW9iCrG29TV1vcA6RzmjsVbR1dP5NPiZ6o5vuhOjDhh24VFa+sKWrDWTOAPur6KqpZwDHK059DlUdKvUVy6ZDqLeyTdjQCqya31UWcNytMxjT5gP3RWxgDcIMGh1RlyY3RVsOzSCPfCm0l+uFE4OEpOBjBKvJ7bDNvjSfUKqnsU+s6CMeoROKYpxlH8WWlJ1dQ1DmsrYWxvPJxsrBxttaM0VSzWd8ZWFqKOeF+JIjgd8LkfjU7g+J7mH2QpKIHyS/qNu+jqGjUMP+yjyRtds9uD9lS0nUtxpAAXh4Hqreh6qtVa4RzNayXvkIvk/QyF0J8NgJaUHOACoj6BpcctWjMFLUjVTyNyewKGbaechEpBzpU0Zma2RPYQWBU1ZYQCXRDB9luX0rcY0qHLSasjSrVkvRgu8ZVb+SMJLQVlMMNJIHogiatpyHgOP5rdOosNOpgKqamjByCzb7LTC9+zm2+IUf8AbKWHqPw8CaI6grOG7UlWwAP3PLSVFqbJFM3LW4PKqZbPUMcWtcQFohqo/wBRy79DdDtZNBLa7JWMPj0zST6BUdy+HtjrIyKdroHk5Dm7qE990pBo1uLRx3Uun6iq4WhrwSQtEdTF9GCfjtPd/vVL/sZuv+G1fRxGWmk8THYqhrun7rQxiWWmcR7BeqQ9WwNDWVWMO7EKwhutjuA+XkYzB9cJv8k4Wq+ktJdJyre08HkkdGQHRkE+oXDNjG3K91qOm+m7gAwwRbcYABWbufwlp5ZTLRVOlp4BRx1KZwdV9HaiDzTJM8wMmcdl0zeUNWwrvhTfm7UpY8c91l63pW/0GfFoXktODsmfLE4eo8BrdO/uhn/BG1E76kvEd3Ci6atu5iIxyuCqcNnkbJqkpdHOnpbK+JIneKUvEKiNlyeUVrwUQiUdocTOCNHVujGGqKCD3XdXsjj/AHBcUWEdxniO7shTYLrG8gSOVL4jXHB2T2wuP92BlXgKtbTUR1EbxlrgcoocD2wspi4QkFu4U6O8yRYNZG7fYuCXOKZrqlgtqmlgm8z4WOI9QqaospY4y0UpieewOytoq+lmaHMlbv7roIOCP1WadaNlcv1wU9BeupLTJpIMrR6laq2deU1RpiqQYZeDq4VeWteNJaoc9lpagHbS71WaVCZ6HQeVv0mFGTaPQqG5R1OktkDs+hVvDMQF49GLvZ36qaYyRjtlXlv63qG6Yq2F7W/1DdY7dOe48f8AVMXiuTwemw1WXY2/VS46gDnCyFsv1HUgOEwz66leRVEcgBDljsoaPX6bysZ/1F4yVoGQQnsmI2VZG/hSGSjG6zyjjo69erU0WInTxIDtkKBk+qcHb8oeRyuTJ+Qe6WGqKHHHJTmP33KmRimmSV0EpokAG6XihWGOEvbCfqGM5CHym6T6FDwU2g3iAnGF3IUbOnuneK0bOOETQCayGLAQQRnKjSWqml3LUZsrTx3RDII+e6Z0DKCkUFTaaimk8SjeW49OESK93WgcGVcfis9grjIchzxteNwP0VmedOejtNd6KuxpkDH/ANLjhTPIRsQfzWeqLFTVT/FbmN47tOFHkqb/AGcZYyGpgb2wS/CtGedcoPk0r4xt3QzG0jcKFb+oqSsAjm/lS92u239FYggpiZlsq3eimvHT1uuceieEOJ2yV5z1D8FKCq1VVtd4c2+ADhevPaCgOjzgA4To3Tg+Dl63wul1scWwTPmK+dB9RWZ5Bo3TNby4bKjpa6ppH5jkcxzTgt9F9ZSUo2OAsh1D8M7LeI3GKmbG7tgbhdGjWY/I8L5X6F3LdpZf9H/7njtv6tjJ8K4wamn8Y3IVoaS3XFnjUUzcntldv3wlvlvL5KGM1DBvtsVjZobraZ9L2SQPYe+QujHVwkj57r/BarQt74Nf39f9zST2+opydTDj1UcPlYeSEC3dZVbC2K4sbMzjjdaMMtV6iDqKdscvOlxwtcLEcadco8TH2TrW7WlwaZ3Sxj8LznC9FsXxAoLgGsqHBj/deS1Vqq6UnVGS31G4KDBM+ndkZGO4T00zBboqrOj6NpqyGpbqhcHA+ikNdq7Lw+zdX11C9oEziPuvRLN1jT1jWtlcA490WDmW6SVUsYNaut9ygsqI5ACx2cpx39lRkks8DxzklFacDlRsb5yiZKroQ45JWpvqE/PoVDB35RA7bBKYD0StYGwS0lwy3YqMDg55UgPBAChQ3M7Tt5giNkOwI5XQcIU7M7hQhJbgj6gu4HqoUcpadLtkVkoPB4UIHSxlN1+yWv2UIccCOERkzmEd03UukZUIS45Q8DOAuva142UE5aRhGimLQBjKhDksIxkNVfLF5jthWpk1Y2QnwtO+lLwgis06eVAu9jtt7pzTXGESMI3GBuraopnAZAUYuMZ3aqcUy03F5R88/EL4QXazyurrMzx6V5LmtA3aPReY+ZpGV9qPMVREYJmBzHdivJPiR8Ioq8vu1iZh5y6WIN/cLNZSmeq8d5twxXYeGMkJbgnP5qsqqZ8Ty5oy12/2VnW0FVbKp9NVRuY5p7jGVHe4P2O2Fz7dP+j2Gk1k4tTT4KmVhePp3ClU0upmD9Q2Ke4Nb+HKil3guLmjYnhYLKsHaq1UJk5De07YRKaRr4wScEp80ZIBWWXHBsjPJGTmPLDkIRyH4TgRhJcQ1bgtKGrOcFXdNVZwDhZRkhYdgrWin4ygOpptTxg0bZARvuotXC1x1NGMpkM2ABupIaJm4yobZSVkcMq34AP2UN7t8jsp9ZCRIQFD0+6hhsTQ+CoOdJ/VSyNQBB5VW/LXDCmU1RtpIUGVWYeGSYnFjskqzgqM4VW7J8wRIKgtOCNgob4WbeC+ZJqGeU9mdQwoVLUcNIU3UMDHdLN0Hu5LGkdkDJUzSCqukdvjKtG+Zox3Vm2tkXQPmW/dWLm+6r9P+8N+6sCMY3UNURgZ6qPPDqGwU1MezPdQGUU+CmmhLXAgYUiiqnQShxcMBHmgBGwVdLC5pzjdAKcpVPMTV09xhmA0Hn1UnxA9qx1JWeA4DgK+pa6OVo0HJ77peEb6NVCcctk87b5SD8njhDJLwCF0dwl4Ncbgh0uGNlAqoPDcHNCkODs5BTiNTcFLlHI1yyiHE8tOnCmRvGQQRuo74RvgYQ486gMrPKG4ZVbtZoKCcjBDsY91f2+vII8R2VkKafRjKt6KqHplY7Yfo7Gl1Ho18dTrAIKUj/EZuFVUtSThWUcwLQccrHOKR1lPcuSsuNGZQWtbnKzQdNRVBLctLHLcSBrmu2zhZ+60QnGGjDgc59Qk4yLk8dGm6ZvBrYBTzPDttvZTKqAxSZGwJXnVvrp7bNkEjS5ehUNY250IkJBfgKxkLfRUV1P4U4lG4d+xUyiqnagCE+VodG6N43GygjVG/VjhQdkvKqJtVSkY3AyFRUUr7XXCN/0S7fmre21XiMAd3US9UZc0uYN2+YJYxSWS4id4gJwuxkxvyqSzXCR38p7txsrnxAd0A+M8kqRwljdgbptBOWu8F2x7JkFQAdJGQmVGIZBUjOPZQepcFo86sqqrgWHxNOSCp9PUeKzgYIQquHU3YKFy5QFspe0ZO6j1kRkYWjckJRHw36UV2HDJTBEuTD9Q28TQuIbhzFkaWR7Kgb43Xp92pQ4F2nZw3Xmd5pn0dcXNGGk5CbF4OJrIup/IjZdO1LzKAHcLaTSHQx4O+BuvMbFXlkjJA7GdivQbfUCpg0k5IGycnk1aS52Ryy7a8TwNeMZAwUCdgliMZGcoFPN4YMZ9VIEjSOVTNz+4x72CjuJa4YaTkK616o9Q9FB6joyCKiPsU+gkc+lbq3RoU1jkgX6mdV0E0UeznNK8QrKZ9NUSwSjDmOIXvdcMZXj/AFfTGC4vlx9ZK7GgscZYPC/VWl3wVpkpQA/0VpY5CZw3Kq6ofzN9kWgnNPO12diV7vQXZSifBvqDT7HuRsGkDZRrxGyWieXDOkbJwJIByiOaJY3RvGQQuueQ+RGf6ZqmxVLonnk7LTTg52WPoYxTXcsHGrZbGT6QfUIX0b9LNdE2iGacAHOEG8UzZ6R2obgbItpOqJw5wVIqY9bdPOQQsszt08oyFgmdHO6Fw3aVoqoADJGVkad8sV7fBjSdX7LWlxdEwnc8JElk30SwRozh+CUVzs91G/47wERuTndZmdGFi6HwHFQN1aa9SpslsrXKxa7Lc+qhvpnl4OSnMblEZISccqS92tpbhQoyGvLHbHdLZpcsDJD5xvjJU6J3kG/Krpzh4wEanmAGMpT5YyqzEsEokZ5UapxpBT5TwWoMm7VnseDW5ZRWzjS7ZNLiBynVP1KIcuJ34UXZnk8MzXXcELqds5aNY7hYULf9WRGagJ9FgicJ6PFebjjUAk9MT0ZyBJpIJ5XTwfsgDOpCngpEjb1TmcpjeE9nKNsmCSzsincBCZ2RjwFogJfY1qeRlNRBgd09LJR2D6grCLgqBCMOCmNI0qxsMI493kLfVVEu0jh7qxnOCcFV0h85+6CwkpZFEPMFJjG2fVBjA/RSIwNH3SxM3g5K7A5UEucSd0ed2TjKjpVnAUUuxIZ8wRE2JpfKGDusdk8LI6uLskorstbVRtMbSxvmJXrHTVFFTW8P04cV57YKbVURxkDYhepwxCGnDW7DHH5Lh623d9p9E8RpVXUpCa3xJQ0DYlW8EekBuMYVdRRnUJMc7K4hbpAIC41sj2GkpxDIeHDNyEdzkKNwHbdCrphFFryqq+5mpvaslTcah75SzXsOyiM2O6bLl8hfknKfTxh8ojzyuzpa8nJ1NucyL+0QFjDKRjOwyi3KpFNTulyNge6OwCKFrAMYbgBZu6zfxCtjtYcdJd5seq7+hpzI8L9QeRjp6pTZa9DWp00r7lO0lz3Eg+gXptBBk+M4bjZv2VJYreyho4oWtwcDK0dO3Q3jb0Xoox2RwfAddqJamxzn2Hj7qXCwkZxlRYgSUS4XBttoXSZG44RyeDEU/UtxMrmW2md/NkONjxlabpWym10bYzgZOonuSst0ha5blcn3WpBLdRLcr0RgAGANglzljgGc8EkYIGBhIuDdycJrTgZJVXd7k2nbqaNXblB2K7K69XIzz+BHwDgBW/TlojDPmpW5IO2VR2qkfX1okIJBOVvKWJtPEyJoxgKiB2DS3SOEYjPdcjII4TlbAFkDkqsu1a8EUdO7+Y/05wpFwqo6WPxJD9h6qLY6Px5JLpVN8pJDSfwhQtLJMpYo7NQmSZw1uBc9x7LzG8VtX1/fG2mma9tthd53Z/vCP9FY/EDquevrGdJWPLquoyHPactDD3Wk6Y6eg6etsdK3DpsZkf6lUE/sLK12yltNJHSUkYY2MAbBSKutjo4HyzuGkAnc8ruoNBJVC0SdTXqMRnFupcl7uz3Dt/ko+CbtxJ6UtE1dWvvtxiGgk+CHemdltjpcMhuAhwRsZG1rGhrGjDQOAEVLk2xbEgVjxHA6Q8N3KI6RoaSTsszf6+V9Qy20r86t5t/w+iOEW+SsZAmX+I1ZqpRmJgwwds+q5VVvgjGNkGpq4qWMMaMBowAF5z8ROvm2Skkp45Aap48oB49k5QH0VOyWCN8QevqCOR0TqjEce2Ady4L5m616nuvV93dSiV3gNOC1p2wrHq27V4a+vrpCXynyMB7qjs8L6aJ1Sdpp84zyMq5x6wer8dpY6ZfL7CRtjttM2kpI8SP2JA8xXp3w6+HkdHGOo+oWtLxh0Ubx9PundC9BxgMv18ja4hupjXDY+638FO68yjxMx0MZwBxrwjX2idb5Dc3XAVLDLdpC1g0UTNg31+yF1H1FRdPUjpHPGpM6m6utfS1tf52tDRhrQcFx9F8x9b/EK59TzyQuqHCPPDT2S7bNovQePnrZZ6Xtlp8RPiVX36sfSUFQ9kAODg8rz5x5cd3Hk+qXAz3SHqufba2e00+nhpobYAyCTkjZEbgb55SG+Sh7gndY5zbNMV7HpiSeBkoUshjWxk90WNmE9jERrccFaIx/YDnk61gxuF3T6JEgcrqYC+TmMd0gMLqShWBJnh+6euEgcqFjNPumafdEQ5pWxNyUuTS7Ik5dHdKc4NAydgq+W4aMiIqDJWzygtc7ZJnclwh0KW+y0lroY9s5KiSXOY7NOAq8gk5JXclZJ3SfQ5UqPLDvrZXfUc5UfJJJK6klNt9hpJHWgei5krrUh2RR4GCzwUjwEu+EnIJPnBQ8OBXcj1QMn1KWT6lEpED5HqlkeqBk+pSyfUq9xB+n3XQMLqSvJMiSSTXKiCwVxdyUnK08lpnF0cri6fRXKROh+pMO/C6AOycRhKU+SjiS4DldRkGLrVxJEEFAwkh6vZcVJYKwd1O9UmfUFxJEWEHCKGt5AUccp4IxuUYIfccJzKieF2tkhGE1JTIMoqS5LGmvvDZ2fmFaU9ZBMMteN/dZcsAOU9pLO/CkbMPBlnQn+JqzkjONksZVHSXuSLDJRrZ7q5pa6kmwWuA9iUxNMx2UygP8HIzhC0lTwGkHvlAMAO4CNxE7+cEZcAx3RzGQm6fdCHuG4CWAupKEOYCWAupIiCS4SwUsFQHGeGWFBdHU7fDkJLTsp4gbONcZBB3VApFJVzUzg6N59wjF2VrHBYSU0kfIQ9OFb088VfBg4DsYUaehlj3AyPUKGfLi+SCAeEYcLpZjsuKF5yNQ9I9FI0+6Zp901PDyE3lYLbprqes6eqQ+Il8RPmZnbC9mtN3o7xRMraR+rUPM3u0+i8DIV90l1PUdP1rTrJhecOb2wtVVpzdZo3bHfD0e2YPouJUNdSXOkZV0rw5rgCf8JRdK0J5POtYeBq6AcroGO6fgYAwiwUIcJJJIiCSRkkOSAVwgYR0lMkIpHouYKLgJYCmCEbQ70TMFTMBDLQRhXnAzGQGAlgIhhycppiwpkmAWAuYKcdk8xgqyiOuYBRjDlLwfdTBAKekuN2KhDjmHlAecg5HCmY1DhAkBYdhyqZa/REITEcgcoeCrLAPYCoU8WATp/dWZGVGmGncNyqYcZclNM0B2MKO9Sqxp8QuxyogQ9GuHQJDcjnlMUHJ5BLmn3RcY3TAcdkqSaCAoZAxlGTcFQJS3ACFxEITCDlQcNPCE5pz90bBS0+yhT45Lroq+OtV1bFI7+VP5CM9162DkAjuvBnAtcHNOHDhevdI3UXOzw635liAjf6nHdNrxLs5esr/rRbJJEYSTjmCSSSVEEkkkoQbNgYJKq7jH8xAcYJapN5m8CjMpOOyhU8gnp8g8hUNj+zLPjw8sI3CA4YOMKwq2GKq16dsqNVMx5mjZSXRug8ohJJEYOEklrkaOSSSVBjUkkkYbkkJOPC4B3XVDNKXI1OHCWAuavZQJvJ9ZS0Yl/Dws1c6F7JXODO/K2j2jHCr6qEOaRgZK/IyR/Q4y1uuVTaptTclvdq29vuFPcYBJE4Ekbt9Fka636NxuodDXT2ypEsLts+ZvYhEnyKshjo2F0tbZGFwZkH9lirnbp6OXxYcjSc7L0S219PdYMtwHAbhRK61Nk1eQEehRtAxljsz9ivjapgpqp2HjYEq7fTNcNsfdY67Wp9JM6aEFoz27K3sF+EobR1j8Pbs1x7qZLcck2ppN/pCq6ykbpxjC1E0LXNBwDtyq6ppwQPKjbB6MbV0Wl2zVWyRnccLX1dHq4aOFSVlE4bhoVhlJo3I4Q+O6lyRFrlHmbwUBCfYr9cunasVdumx/Uw/S4fZey9M9V2/qakbLE4R1AGJIyd8+oXhAGESguNbaqxlZRSljmHJGdnD0KXOCYEo5PomVgO2OQoctMAM4Wf6P6/or9poazEFSBsXHAf8Ab3WvfCMZWSdbQDRQVNLjdo7KtLJInhzSWnPYrTVEAPDVV1NLk7DCSWnngt7FfTtT1J37HK1ED2yt2xsvM3B0LtQ2wrWz3ySOYGSbAHqoKshnlGzmhGeFHeCBsE+jr4a4Ex8jndGdEXcFAZ3lEaOYg6X7ehTqmmirIjHIN+x7grj4u+nhcildwQoARKavrbS/5eYGSIHY+gWnhlbNG2VpBDgCFUOZDUNLXsB9FDimqrROB5nwOP3woLmtxp0kOnqYqiISRHIP7IygnA1JJJQWOSSSUIJJJJQg9JJJQgkkklCCSSSUIJJJJQgkxPTFCDU148pTklCFdWUMNU0xyxNcPcKk/hNfa3ma3TOLDvozwtS+LVhCJdHyMqD1IqqHqSNhENxDo3cZ7K+jka8amkEHjdU9bbqWqHniGfUBVjv4vaJDLDKJYB+DuoRI2IOUxzcbqmoOoqefDJxoefXZXDZg7cDlXnIOOeBhBSHKIQOUwfUqF9DwMhLS08hIcLqhRTXTpynqz49E75Wcb6ozpBPvhUzb9c7LL4F/oj4PDamIZZ+ZWyQZmFzQBwFZZHo6+mrImy0s7ZW98HhTmOyM4WUuPTMhk+cslSaKdu5YCfDefcJUfU9Vbnil6jh8DGwnH92fzVCzYA5XHMDlCorjTVsYkpZBIw8OByFJMmOytA7Rj4RIBkZxuoM1HMzMkEmgjtnYqza7I4T3NaeBhXJYIVlDe8O8CuidGRsHY2KtGzh27cEHgoE9HDUt0SMB91VfK11tkL4XGWH+nOUJC75SDXd1AobrBUv0HLHjlrlaA7cKFNjU/JTE9WCJR6mhpqtpbPEHZ79wjagSnK5RwQo30l1tB1UExqIe7HnLlY0d2pp8Mk1RS92v2U1roxjW7Ci1tsp60Z0gO7OCEhMBaRt2TWnG2eFStFztkhc9pnjG2RzhSqO5Q1T9LXFru7TyFYucclhkJ5Y3GQgA78orSMblGkAofsC+MNdlowmtqqyJ2WDWApLm6u6Ho2xlNUsIFpeysunT/TvUh1V9J8vVjiePyPaexyFXOt3WXTg00c7OoKHGND/LMG+mdw5Xz25K41rxu12CmwscHlEaT7PNbz0T0t1BUG72h9w6Zv0bsyVELfDyf8UfDv1239VTyda9XdHzGg67sklbQDAjudK3c+7mdv1Xrkzat2MMp5h/9FOMfZClFsqozSXKiNM5wOWS4c137YXQo8jKLxYsoVbTGWHDhnnb4ehfiFR6vlKK5Rlvma9gcQPYn/ovG+v/AOyLR1niXHoO5SU7m5d8lUeZmfZe7Xj4KWnxXXbpCpfa613mLoXYY4+4VA68de9GzCDqei+ep27Coibgkeq72h8lOEt1E8JemIu0lWohtsWT4p6j6Q+Ifw6qn03U1llMAOBKGkwfk/sqCOtsV0fmeB1NL2c08H7r9E6e/dNdV0bqWobA8SjD45WjP5gry3rf+yn8OOqHTVtlkls1W/zAQnLHH3C9Zo/qSG7bqI8v2jh3+I2c1NnySG9QW9viWqYVcPcE74Uii6io6h/hXCmNPMNjkbFa3rD+zb8VPh/quNuiZdaZvMtI45x7t391gn3xxk+Q6otAcI9tLmaXMPqD3XpKNVTqY7q5JnMlTZU/vReujpal2aGsb4g306kennvNueJ4ahxI5AOVQG2WSuPzVnuT6aYjZurf7FFbUdTWtwYQyduNnDuE9DK9Q63weg2nr0sIirYyD3PZauh6mtVcAIahocezjheP098pag+HVweBNwdTcAqXHPBI7TDM0H2KLbk6FPkpw7PaWSskGWuBCevJ6a6XmmYGRVjtA4BOVfW/rieli03CPUG/iHdVsOjDydc1iRuHRseMOaD9wos9sp5W6XRtGe4Ch03VNpqYWytm055B7K2ZNFOxro5GuDhkYKVYm+hyuqn0yjqOnXAkxSDCq57TUxSbQAn1AWy8M/qh+DJ+JuB23QpuPY3+LCzrgxYnrqSQOilexw91MpuprhBJqmfrHcLQzUMEhy6FpJVVWWEOBdCPyV/IU9PZVzCROpuprfMzVJlru4U+GeknaHxzNIcsfNZKmJuprc+yY2Ksj8o1AfdWmvRcbLI/mbnwWOAOkEFDlozMMMY39FkIr7XwN8JshIHqVa0vVYYweMw6h6HCZnBatrk8MnG0jUTpG6BNZoicloBKn099oJYw8u3POVJ1wVLA6J7f1S9+WM21vpmbqOnmSYLGg/kodR0ycbRD9Fr/AJZ/IcFw0snOU2MscoXZpoSWGjAVHTDiQfBB/wDCq+osxi2EJYRwWhekuaWnzgYTT8mfqLfzaE35mc+3xddvXB5eIaqF2oOfsptLfKyI6XPwB7rfugt7xpMUeD/hQXdPWmUZETBq9lPnZkfhLO65GXh6oc3AdOM/ZXkddb7gxrpmROdj0XKvoy31Df5RDHdiAoP+yEsYwxziES1EmJn47VVcSjuRMrLDaLhAGzUcTh2OlZ2v+F3TtTJ4rIGsyMEYVqaC80g8KOZ5aDtlEiudxg/lywOJHcDlPWomumYrPGU38W1L/sYC4/ByQPc+grCQdw0jhZ6t+G/UNDv4fiMyfpGSvb6W8gECeJwB74Ur52jqSGl+Amx1lkfZyb/pPQ6n+nB821NjvNLkmhlIH+EqA59RES2aAsPuvqF1vtc4LS1rs87Ksquhena4ky0kZz/hWiGukn95xdX9DR708v8AufOAlfkHspAqnsAxsvZLr8HqKTLaGYMa7cbZx+SyNw+EN9p5CKZwkatUNXXP2ed1f0nrtK8pZ/wZCK5zs7agpDLnTyHRUx5B2zhKu6Zv9BMYn02Mfuq2SmnhOJ2Fp90z5YvpnIt0Go0z++DLljLQ938vUzPoUZraiAa6aUSs7NJ3Cz7ZMuxwpsT5G6cTFoPuqT3CoLnD4LaO5v1YqIC0eoCnQVNNMP5UzST2VIXygeZ+fumuiEhDmnQ71bshf9zZW3E0L2OcMKLLTOb9TAQq1tfX04wXagOCVPp78xzQ2anORzg8oJQTN1Vyg+RngBjst1M9gcK3t3UVbQ4Y5/iMHZyhMr6Cp8hYWE8Erngxu3Y8YKzTpUjrafXzrkpRZtbX1XTVWGudod6Eq/p6xziMgEH915W2nOctOCO4KsaS6XSjcGCTxGDgErLbpVj7T1/j/ONv7z09tRgcDdEbMcA4WOoeo2EBs+QVewXKGVodG7IWGenlF8np6PJ12rsuG1A4wiNkB7j9VVtqmHg7ojJM8f5pUljs6NerUuiz8btkJeKVWtlIKMKgdwqwa435RYRznOCjFtQ8AxYd7KubMD2RBVSQ4LHH9VeCfLkM6eSF2KiDHuW5TmSwSHySNJ9FxlzJGJsH7oclJbqoeLgxv7OYcKYL3ImeGSPKVGdLPE7D2ukHsOFXmnvVLLqgqI5YjuA4nI9k5nUDoHiCvoKmJx28QR5YfzCIL5Uuy0ZVU5IafIT/AFIzo38twQVAZJbq8DL2PB9HbhPdRTwgOoal+B+FxyoB8q9Eknwj5mro8GTYYP3Ub5yrhH+904e09wF1slHO7Y6T6FQj57B1lipqsF7cNfzkbH9VDjfe7RlsEbamIc+Ju7H3VwGuj3GS1J0uMY3ypkW4pkeiv1vrXeC5xhnHLHjH6KaRndQai3UVWCZIQ154e0YIUOGnvdA5zo5hVQDhp5CKMssH4sFy5odyuhjVAprrCZPArGmnmP4XDb/zcfurBha4amuDge4OU2LFyryRp4i47KhvHSdlvEbm1lEzU78QG6072h2MqO+PcHCZGbh0YtTpIX4jYso8f6g+DMEjXy2pxY4bgeq87ufTfUvTUxfPSSsY07PZnC+pXNGkNxjKhz28SO1OAK10aycOJHi/JfRWh1OZQ+1s+dbP1nJD/Ir2eIzjfstDFT2e+MMlLK2N57LbX/4W2S8PLoR8kT/3Ixv7rzm9fDzqfpuYy0BdVQt3EsecY+/ddfT62L/I+ZeU+ktXoW3Wty/scrbFWURLmDU31CFR3GooZPxD2Xbf1bVQAQ3Boe3g+qt9NovDNUL2seV0q7I2dHk7ISi/9VF1YOspW4aZ9h2JW7tXUNPWgNc4ArxOstFbQO8WAlzfUFSLV1NU0LwycuCYYL9JGb3VnvzZA7cBEBysBYurPGa0eOHexK19Dc4arAyAT7oDl21Ot4Jyfq9Chl2xCCSc8oxOGTNQPcJ4cPUKBk+qI0nUNyoD2T2ykcJ+sOG4UJsreyKJAFCYJJijc3BGfdRiHRnOMhED/VOLmPHmaoTIo5W4znlGUSSDSS6FpKUNY0v8KTyntlQtEvOE8bJieN1BQ/b0XdPuuAZ7rur2UIdBwcp7JskDSmLgGFCEnS143CjS26OcYJwil+k4wnskBUIUc1LLBK5pGw7pA8jOCVdlrHkagCq+qtL8mSncDnctVYLT5PP+uPhva+paR8nhATjJa5gxh3qvnjqTpW4dOVkkFTG4tB2djkL68jcWOLJAQeDlUvUPR9tvrHeNTxu1DByEmypSO5oPLW0NRlzE+P5AHemfuoMjcZOF6H138Oqrp2vmkpQ6SnyTsPpWGljxsVzb6D2+j1MLFvgyLBKY3BpGysmytkaBsqyWI52CJBNoIBXMtpwd3T6lPiRJnh7tCjbg4Vk0BzMlQpoSTsO6xyjjs3d8oF4vsptJUEOVediQntODlIaH1XbGaSmqc44VhBNsBkLN00+nGc5VjFPnCo6tV26JZztD/NyVWTAtdwprH5GChTR5GwUGtKRAeMpschhdqAyiFhBO2ENxwRsoJa2PJawu1wh5G/oh7h3CBSTgeXCkP3AICg6NjkS6aUgjKtYXBzdzlZ+OTdWFJU4PmKhuqux2XVM7S8DOyuYCDGNws9G7J5VtSPGG5Kh06bMhWgmoafdTlGYBnJG6kDhQ3Rlg6kkkgCGublRamAPbwpia5uoKCpLcigqYnRu2Gy5TVclO8PZtjt6qzqYAT9KqqmEtOwwgMs4yh+Jf0N7heQJPKe/orZlRTyAOB59FgDIWH1UqmuMsZH8wgDtlTZwP0+t2LbM3Aax3/wA1Me4MVFRX2LZsjyVbwVUVQ0FjkmUcHUq1MLEEPBUYtIJ2Upc0gdkhoeppsECSRjsplFV6Hhjxj0KjBoadynEDGyz2Qya6rXXJM09JPxj0VnFM4gLHW6ukifpe7YcZWpp5mOiDhwVz7YYZ3dPerY5RP8cgcZUWqjDxlPBynuGe6TKODU+TOXGlw8u0qV03e/kJhBMfIdlNqYGv3Iys7WU7oZzpG2cj2QMS/skmejOMc4E0RBDx6qvljw4tKrenr1HLEKSV2HjjKt61mWCVo45VGiNm4DBK6nlG+Gnb7K+ZoqqY8E4VAC2eHyjzAKbaKoxv8OQ+xyhGxbZWzxut9U6XHlyrmmmM7RvyMod3pWzMLm77KjttZPS1Py735AO2fRLDjPDNMC5pyN0aT+dTHPdBjcHNzhFjd24V5NUZ5OWupLJPl3Df1Vs4B22VRVQ+WkbUxjG+HYVtDKJY2vacgjKoYpZK6qaYZycbIjXB7Q4Itxj1REjlQqOcNZ4buQrCYqxpkj0YWF6nog+Nzmx7t3XoEgB3VFdqMSxvIbk4IRmDWVb62edW2cxS+G4916B09X5DWl24XndzYaCq4wCchaGwV+HMcHehWis5WmtcHsZ6KR/MLxsCianADdBjf41PqxyE9jw+MOVWL9HZqluFVR/MQuY8ZyFS24ua58WdgVea87YVPVxfKVniM+iTdXHsu1ZQSoZrGF5p1rRapS4Dgr03xPEGMLFdWU3mkyF0dPPaee8zp/mo2nk9yjLZ9hthRWv8J4OnUrW9ReGWkjcnCqXYcF7Hxdu5rJ8K+pNHtTiaqjlMsDXk5OFMgk82COdlRWWr1xiNXMcmk5wvUp5Pl0lteDO3MOp7kS1uC12crVRy64WOxy0Kj6gYDioDdzyp1pmfJRM1nJG2VGaNLP7tpaWaVzK2SIfSRlWuzi4EKhopQyvzjkK+Z/V2Ky29notPLMDC3xjaG9iSIYc5wWigfrp2nPCputqd0VVFV8NJUyyVHzEBHcAJRtofOGHJ0VJdynk6d/VCmdpmPuV1/A3Wa6OOTdGTQ5ztwcKbA4vaN1Wv2ICmUTwMApfZrpsxNJkgjGxKrZMioJzwrCqdmY44VVUOLZSccoDouQ+YgjJTKd2H41DZMJywn0CjwOxIclAyo2YmmXIcCASQo7u64x22NS64gBInHJ0I2KSINcABn2UAEb7hT7kP5JIVO12DyqijPbLBEvERnpHsAzgLzh2WSPaRwSvTqjzMc3nIXm1yZorJRjGCnRPKeYhvkpkWTkJw4XJRuMLo4RqWThYGprRunJo5VFhBwns5TBwns5UIw8aOe35oEaOe35rTWJl2OH0oZJyiD6UM8p4IWM4I24Uljy5qiA4RMjSVC84OzOBOcqDNnWMc7oz3b8oJ5S7GQewZUh390AhxAHAT58Y2PCEW45IkpySmjkrrtyuJNvQyKwJSaKP+aJSOFGwTsFcW+mLomMxlxXPulhYOv4unfduNj0ZbWzzmpe0aWgErcb8duyremqJlHb2N04c4Bx/RWw0ufpb2XmtVJubZ9M0VOK0iRRxDHGwVkxowFEpo8NCl8Bc5vcehq+2OB5wAqu61H8rSDup0soAydgFn6qbxZ3OGcZ4WvTQ5yBqLEo4EOMk9lZWSmEzxM4bNVTzgZWqtsLILeJWjjlej0VWUeT8nq1RDGRl0rW0cTpHHZrSgdDWx1bUuudRGdIcXDPqqm9VL66pjoYhl0rw1oH35Xo9lt4t1vipmNwQ0avuvSaOnHJ8Q+qPKSuk6YstaRhfIA0bf5K3Y0fSCo1HEyOLUB5ijQZd+S3s8FLMnhkpuIxqIWYr5p77dG2+DIiacOIU3qC7Chg8IPw5wU3oezaYHV9SDrlOsfZQJ4hHJqrVQxW+jjp42AFowSFMZymskGB5V17g0bpEmZZ/cNq5/CafTCx89RNWVLjny5wArDqC5HxBSROwcZeR/ki9O24VI+YmbsCSPdEmsBLhGh6etzaanbK5uHEK4TIWtZE1rRgYT1T/sInL9BGohOBk8IY7quu9a9wbb4P7yY4+w9Va6LI7pHXq6CFo/lRnBPbHcpvXXU9P07aH0sLmNmkaWwszj7uKly1FJ05ZXyOLQY2lznu77ZKwdlt9f1Zdz1LegWU7HD5aBw5b6n07IRqiWfRHTjqaJt6ubGOr6hu7sfSFtG5xugQtBxpAAHYJV1wioIdb/AKjs0Z5KhU1kg3atmqZRZ7eNU8/kc4H6Ae60Votcdpoo6OIDSznbk9yoXTVoNGx1dWBrquo8znDsPQK8RJA9BWHAScQULJSe4sifJ/SMpWCES8VooqcuJ3PCyMtY2kifWznMkpJGfRdud2fV1LnSnytJACzF6uTZXazLpjYNOForSHVw3Ar71PT2ylkuNfLpDQdLc7krwi8XibqK4zXepyyljdkaj+isuvOo3X+t+Rp3Ygp8Bw9TndeddR3h1WRYrP5nOHmOeSnHe0GkTabRXSVMnU13ZK9hZAwYjBOdvVes9GdDClEV6vUWoHeGIjHHc/sg/D/ocW2jjnrmguADgCP816BFSzXKdjGNcKZp/mPHf/0VNpdjtdrc5qq4SO0cL7vJoDTHSxHttqUXrTrG29N0Qa9waACGgbA45/zCZ1n1ja+jbWdwAAQ1rTguI7BfLnWHWNf1LcHzSTO0ZIDQdseiTZal0K8X4uevmrLF9gbrXrSq6lrpNUh0NJ0gHYBZgDA4TMD6kQ8LDZZlnuaKa6IbK1wcJB2CTkjtwlp91lnLcGlk4uHddSAyUAxvBwDCMyPJ5SY0lHaGtHKdGAGWxBgH3XDKAOOExxOSBnH3XAN85TCYOve554xhOj7p2lvouqFZEkm6sIc03ht3GcoXJLstRbHyEDG6jSVLWcqPLWjGOFAlqC5ZbdSo8IfGrPZNqbgeIjj1UN08kn1vUY5JyV1w91ile5Pk0xpUVlBUkFJVuLEkkkqIJJJJQgkkklCCSSSQkEkkkiIJJJJQgkkklCCSSSUIJJJJQgUDHddQUkW4gZJMSQkCpJJIyCSSSUIJJJJQg1JOSUICT2atvRJrCCiAeqLJbY0e6Sdp90tPujyUESTEkIBzG+cp7JHRnLU1JTLKcVLhlnQ32SB+JgXN+/Cv6OugqWaonZWM7qTBVS0xzGcI4XPP3GW/Sp8xNe9gdwOfRCMZCq7de8yCKp78HKuqeZkg8oWhOM1wYZVzh2A8I+q54fupjoQe2UF0RCNQyLUsgNBS0+6OBlIsz3VdBqWQOn2XMBFwEwg5UCBroODkJ+CuKECUtRLTyeJG7jkeq0lJXRVcQOoB3cLM6CiwzPp5A9h4UM10M9F9UU+nzYGD6KGWkE+ysaKrjq48EjPcFNnpfDORgg8YVpZMuXHggaT6LikOZjsgaXZ4RBqWTh3TTnKLjCSuMtpeTS9GdYz2GrbBUuLqSQgPaey9mjMc8bJYSCx4DmkHkHhfOZ5XoPw56xdTVDbJcqjMLx/JLuQfRbKrcnJ1+k3f6laPTC0eq7o/xJPZl2w2Sb5Vra4ycTrseuZCemoUslN4HJLgOV1UCJJJccoQbkISNkprUXQSeQaSJp90tPupkPIM8KO4POR2UnBXNHspjIRHwW9k0nKkkDB2QC12TsnRiUc1eyWr2TtLvRcVYReDmn3Q/D91IXNPugyUNYh1DBjOEYDCbITjYKeyEAgg8JpAwpEjcEnCiu7qwwZ5Q5QMIhBzlMk4ULXZVVkQccAdlRvqWwzmJ4WlmiyRss1fqMxu8VowEqw01vLwGDw7cJKvoKkvb4TjnHCsEJpBLoOOy4kqCGLhAwurrVCASN8IeApGAh4KgSluB4CWAupIRwN7M91qPh3cmUtxfRzuIMo8u/dZtOoZX0tzp6hjsFjgUaeDNqY7obT2pw3yuIcT/Fp45v6hldTl0cGS2vA9JMSVlD0kklCMpOspjDZQW8mUBV1gqTPSuaT9IypPXvlsrATj+aFn+lqp3j+GD5cYIUN0YZoyi1ucQwXYUIM+Yojp3cFbXeB3haxxglZ+y1jY6t0Mp8r9t/VU+i6s7ckdzOM7Lnh+6nV1OYJ3ADyuOQox4SWOhLKAJLr/AKiuKgzur2XDukkoTI5JJJGAPQkVMwFAk8H2ERlBkjzjuuUVbFWx+JEf3RyMr8lYwf0OyirqqVsoxhZ642x0Zc6Nu43x6ha6VmcbZUKopvEGeEALZlKOuq7dO2eFxGPqae4W9tV3prtAHBwEmNxlZO4W8YJDcFVlPWVNpqRPCcYO4zyExMpxzybq6Wxk7XEMGe49VhLvaZqWQzQZBb6LeW27QXimbIx4EgHmblNqaCOfIc0ZKjjnoFy28GX6d6kLsUVc7zDYOK0zomyNy05B3ysferE6CR08LT67dkbp/qd0bhQVx9muPf2VpgP7ujQy0o3y1VFbQEjOlaSIMqW62kOGM7JS07CMaUZDAVtAW58vZU8kRa8gjC31db9eSGjZZqvtjg4lrP3UIUMse3CjkdlPnp3A4LeFG0lpwUcY5IAD3wuD4nFrhuHA4IXpnRPxKjcyK1X15Dx5WznjHuV5rI3hR5QRgjsl2VJkayfTD2h/G4Uepo9gcfuvJeifiTU2ueK23d2ukIDWu/oXstPVUlxpWVFJI17HAHIOVinQ0xaRQ1NJv9Kr5aZtOdTW5WmqYATkNVfVUm2yRKDLI1suk1FMHs47jK2tuuMVXEHsIz3CwEsRjcBj81Ipayajka+I/cIHHAM4Jo9Ac0P4CC+n0jPqq223llSA1zsHuCrjxBI0EIDHJYZEy5hGykska5oDmg/dMezPbKHksKhQSBj6OcyQOwx3LDwrSGqbIOMH3VfG8OG4RWODTnCgmUdxZB2V1Q4qjgEKU1+oZwoB12JOTU5QpCSSSUFiSSSUIPSTElCD0kklCCSSSUIMSSSUIJJJJQg18gZyEMPgn8oeAfdG0tcCHDKjzW+N/mjJa77qF/JyMmpZY9wNQ9lGfHqwDspQmqoPLKNbR3RQYKyPyYDlYxMoau3McMhgJByEymrK6leBJktCuJqaRn1Djuor4mvGHDIVFqWCXS3WCRul58yltkDtxuqKWjaw6ohgpQ1tTSSDxPOzg+yhaRoQcrgfnsotPX08w8rsE9ipDccg5UKfYRIjKSSgkaGhRaqipquMxVMLJGHkPbkKYuEZUIZWbpaegkNTYax8Jzkwud5PyHZGpeo5YXimusLmPBxrx5StJp90CpoKWsjMVTCx7T6hQs5T1bJhmNwcD3CmMlzyOVlp+nKugJns9ZIDz4b3bfku0vUb6ZwguzHQuG2rGxRgGqJOE1RIbjFOB4MgfnuN1Lb5mh3qrTBkskCvtFPW4d/dvHDm7FQXS3ez/X/vMA79wFejfhIj1CvAKeCBb71R1+0UgD+7SdwrLxC4YIVTW2GjqiZYW/Lzdnx7b+6hNrbxZiG3CI1MPHiR7nHuFTLNCCT3RFXUV3pK4B1NIHZGSO4+6mmQFu6vIEk30F0Nd3C4S9hAadkAvLTsU4Sl22OFMlYJDX5GHDKjVVqpqkl7W+FJ/U3ZFY8FGb5lQLzkpSy528+b+dGOCOUaG5iQ4LsH0OxVoS07E5/JQ6mzQ1A1swx/qNlCPkPBUxvGCcFSAQdwVQvgrqJ2HNL2j05R4Lm5uGn9CpnBe0tDjbdd0t9VHZWMkARmyteh3g4OtaEGqoaevYY6ppePvujtOcpyNMoz8dmvtneZLLcXVEA3+WqDnH2KnxdTwFho+pLY6j1+Ulw1xn88Kzacfkgzxw1WBPGHAdjwnQtcOULa/Zm7t8M+l+oT87Y65tLK/fxINxn7ZWPren/iD0pK50sAu1C3iSMeYD3C9BqOloRKKq0XCot0vJERzGf/AApzLx1Ja3aLzRPuMQ28alZqeR7tXQq1tkRaRg7b1VR1Z8GYGKTh0cgx/mqnrT4VfD34hU7/AOM2WJ07xtUxANmafUO/Tt2Xo9dZehutG652mCo/+hO0Sg+7eSsvW/Dzq6wF03T9V/FIBjTFnTIB7hbqNe49PAqymu3iaPl/rL+xreKF38S+H18NazdxpqgefA7ZH59l5HeLN150NUuouq+nqmlDDpJcC5v5HGD+RX3PSdWNbMaS603yFQ3ZzZvLkq7LaG5U0lDdKGCqp5fqZMzUF6nSfVF1cVGS3HO1HiKbOYcH57Nr7XXx/wA4R/mMEJSWunkYH0Uxa4cEFfYfVP8AZb+E/WEUklngNgr3bh9F5Y3H3YvFuqP7I3xT6Wc6o6fqIr5TjLmtga4S6fUtK9RpfqDTXwTfDORqdBbVwkeRtqrxTfyiS4Dg+qlR3actDJ4Acd024vudiqXW/qG0VVJMwlpE7PD3/NCp6qjqnFrHAfnldajVV6hZgzD8codk+nu8IdiSJzB6q6pbvNFpfTVRx2GpZmSknd5oWB7T6FMhndTktdG4HuE/GR1V0quj0Ki6urInZlkDx78rRQdWUksY8TUHdwvJoLlC/bOk+5VjT1j24AcHD7oJRRtr8lZE9Zp66kq2B8crd+xKkNAXl8Vxma3yuc37FWcPVFdBG1msuA4yUDqz0dGnycZcSN5pByMcoRtzZhggfdUds6rgnaGVHld3yreC8UUrtIlaPzQupxfBthqarPZHmsET5C7wQfcd1V1vT72EuiB+2FrWyNeMs3H3SaM52yraaNLhXZyYSS21cLdWk4XPmq+nZpaXY+63b4mOwC0YKBLZqaRoOkZKWm2C6FH8TIRdS3KFgaRqx3KtaHrOMRhtTEQR6KTV2GItIEf5hVU3T5blgjIx3CYC4Wr8XkvabqqyzeWVrsn1UxlTaarBYG7+6xcnT8zDkHn2UaS1V0DdcchJHYEqsoisuj+UTezU1NKB4W3uEP8Ah7uzi381hmTXqHBjmeAPUlSGdSXunADyXem6PJI3xz9yaNa6GeF2QSU/5t0eGyMIyqCDraRjQKmk3HcKXH11bNhPTlnuQFMpDndBloayMHJb+y6JaaXljc/ZQh1Z01VM0vqIx/mpkclqmjD4KiJwcNvMFfyi3tn2cMFHICxzGfkFHks1O4eU4Uk0cUm7H++xQHtqIyGMe4+mVcZ+wHpqpLojC0yxv1QzFp+6druUbiBl32xupTRW6fpBTRW6SQ+E5CLe32I/hVy9jGXd8RDaqnc3G2QjtvdEdnFcFVDIcPj/ADIQ5KeknaW6GA/bCJWciLNE30Snto66PSGxODhuCAqi4dFWSuic2Wjhye4aEU2zBBp53MI75ThDcqY+IyYSexWmF7Rht0GXiUEzJXL4TWqpiMcJbE8bhzQs3VfB65M/7NK149yV6s26RuGJoS145wFIjqqZ7Q4SkE9sp0dVKL4OBrfp3TXS3Shj/B4DX9FX21MLpYXuY0ntwPuqvw3NbnSdtsr6QlbDUbHDseu6r6vpyhqjrmhYc+rAtUdS2uTg6j6Zgn/oHz86TJwV1vhnOMfqvWq/4a2+ondJHGGh3psspcvhpcKV8ktOXPYNwBymfNk5d3g9TTzjJkdAPCa6OTORI4E+hVpP0/caRmuSnkA92qE9pb33HZXuRglTbS8Si0S6esqI42tLGOI2yQpDa3u4YVUJps41bJ/ikN4zlB+Q6q+UXwW7K2mf9T8FTqa4SwYdFNt7FZtjw527QpLJCBtslSrz2dOjXzrNrSX7WA2TAPqp8F1aX+WReftmfG7IcVIjuE0bg4Oys708X2d/SeX29s9FZWl34wVJbNqAIXn1NfJWSAklo7q3p747Z3iA+yTPT46O7p/Kxlw2a5k+43RvG1Y4Wbhuwe0OICkNrtgSf3SvhZ1atbCXOS8E47gLokHYqqFYCNineK71QurBqjqIz6LyGrc3A1AgdiimsY7yTNBz2IVE2oIPP7ozKt7gNeD6KnFoep5JFXZLdORNTa6eXnVG7AP3CBC/qS2y6fFiq4fw5OCiR1e4ydk81WDyd0OAW/0SIOqKM4ir2Op38ecbE/dTRJR1sYMT2ObjYtKqpoKesZonga9p9Qq42uWjeDQ1JiaOGqFuU0aZlNPGf5VS9w9H7ojxOwAyR7eoWbbf6ylxHVs2H42qfBeDMNTJQ72yoFC2Ptlt4mTnBCcHnbCrRcQ4YkG6eJy/eJ+lD0NVkX0TKmOGZnhzxB4PqojbfUUx1WucNH9Er9kRrnn63A4TxNjkKZBzF9g4r46N/g19K6Nw5djylWDZYJ2h0MgcPZQnGJ5Ae0O+6C63sYCaOR8D3d2nb9Fe4FxTLTSlpyquOtuVIdFXB4zP62dvupdPcqKpOmOpjL+7dW4Rp45ESqX6DmBpB2UZ1M4gtPGeFPSDQTgLTC3aYb9NXOOMGI6h+H1gvIdJUQObM7fW0rzm9fDXqCzPdUWYmoiG+AdwF7zPTB2MDlB+V07DuuhVqZR6PH+V+nNJq+ZQWf7Hz1QXurgm+SucLo3jbEgU2pt1DdAfCw17d8DuvXb10pZbywiqpGa3D62jBC88uvw1u1rc6ptVQ6WNu4aNnBdSjVqfEj5p5T6Tv0r+TT/cY+SC42V4kje/RnutTZOsX6GCZ2498FVj7i/ehvNK5hG2rTuh1dlp5ImyUcgOeCCtlbU+UeM1FDrk4Wwaf9z1iz9S0taxsbHYd7lXbZQ/GMfkvBaOvuNok314HfO63HT3WLajTHqOoc5KbjBzL9LKMd8Eei5C4eFX0FzhrPKDhw7E8qwO4Oyhh2sbqOcIzXbcqOeUsn1UBJweOchdDzlQg85R2ytwoBnJL8ZwaFHlpmVAySWvPcJwcCnNIUJggMqqm3S/7xl0I21HsrWCtinaHRHUCgvbHI0te0OB5BCqaukqqHNRbSdI3MXOR6hQtLg07JMjOERZ2136Kta1h8kg2LTzlXLJ8gau6hUofokpDBOCcJniLjjnBUFErAI5QtDvRCDyPVEEuNlCHdbvVF1HGMrgORlCUIOlgimHnYM+o5VdKySndoI1DsVaKPUtEg9VC08FBd7RTXWndDJDFkgjLm5yvCPiF8MJqIOr6OBo3OdA2K+iJIcZIGygV1HDVROgqGBzXbYISbK9xu0WunpJ7kfFlTTSQvMUzC0jbBUSRjvwhfQHxB+GcNRG+Sjg0vyXNc0LxO5Wirt07qeojIc0445XNvoz0e90Ouhq4bo9kOiqzjwpTxsCpR0uaRkKvDA05CLDMc4I4XKtqwej0uq42TOTxb4CEBp75Ux+HjPdRnRkHOVjlDB0EOjkcCFa002zcqmDxqxhSoJsEApZoqtceC+jkGEcEEYVZDNjAUpkoIzlUdGu7K5FO1rTqwob3azxwpz/ADN2Ve/LXHblQqx5ORvdEdt1Phn1tAIVfnUMgIsEuHbjCEKMscE1+cgjZHgkLXA5QsggFNacHlQ0wmX1LLrbzuFa0kuHAZCztFJ7q1ppQHNwVDo0W4L9py0EozSotO4OZjKPnOCCodauW5B0lwcLqrI8ckeEkjurIBkAyq+rpg7HZWYZ3QpGg7YQCbEpGaqoCw8KIQeMrQ1NNrzhvZVFVSuadgjMFkMcgGvLRt2UmkuVRA7JkwAq97znGFwvCCUcmR3Si+Ga239QRuwyV4cT7q8jmErA4cFebZ7tO6trXfJYsU8r9uxJ5Wd1nY0fkMJRma+QHlKOUk6SFDoq+OqHh6jrHr3UoeUHus04NHbhdGf4hiPxN2KsrTcyw+BP+RyqtkoJxhOJAcNuVkthno203OLTRtKZ/iAEHIUrGNsqitVxBDIT3Vw5xKxTiegrsjZFNMTmqmuMJcdSulDracvHHPdKfBJrKM6yV9DOJWjhbahrm3CgDgQDpzysjW0hO4CdZLmaOf5d58udt+FBcbHF4ZpaaXwpsO4O26nPa1jhIwZBGeVWVWSwSs/5sqTbqoVEfhu+pqA1wmW9NMZ4sSEb7KmvNE6mlbUMHdTg4xDAHClVUTa2iIIyQEsZn2QrXXGWPS5wOFbxkEBwKxcE0lvrPBfnBOFpKeoJaMbhGlkZXNssZ2tfE4HfZAtdU+J3gk5A7eyfG/W3fuoEz3Us7ThDjBqTwX8rmyD7KqewwzOeOCp8LxKxrmnZwyh3ClzTuI5KWM3YGRya2Z9VDqo85B3BTqGb+WGFFmYHjOMpgE/vWDzjq22EantH05IVVZakx6QXLc3ylbJC/U3sd15yWuo6mRreNW3stNZ5vUp0Xbl0eu2er8WiaC7UQMKbE4gELH9K3MOa1jnZBGFrmuw0lEzsaaxThuQUv0DONlEuLXSsa9o+lHfJqa5mEwY0Fp3zhB0x05buCJSyFuxGSFQ9VQ64zKByriR/hVDxjY4UW/RiageMb4Wus5mrjvraPKL/AE7DRlxHmB2KyRyAt1XRtkgkjkGRusRU4jkc0DbK9T4y3DR8f+pdJnMgtpqDDMI1o45vblZGKcQztc71wtFBK1zWkHIIXsq5ZR8T8hX8VvAa6N8amO24TOn3vMD43fhKOB4kekjkFRbTKae5uhx5XDcJr6M+nntlktWZZUB/cLRtIdTRuH5rMVflqCOFoaU5oB34wstvZ6bSz3RwUfWkBmtzHgfQVV9J1Os4PphaW9U7qy2vjYPM0avusZ0vI6Cslp3jDmOSjoR4kmaaraWTEkbIRcXAbbKRcjpiB7lR2uGkAjhIsTZvjLgcThGp36SPdRs5XYjh25SsD6+HksH5d5vVQ6toByFLBywKLUbwvHfsqN25tEI/SVEaS2QjHdSY8HlR3kCd6ABz5JsDy4DJwjP++FW+OWuGApzagOaEmaNtFvHIyrAdC4KglJBx7q9kGRuVR1DiyTGPxJcCXSBZySD3WCv0Xh3GRnAyt0Jhq+nusb1QP/eRdjkZRpnD8lDdXkqE524TU48IjzoA8preU48po5REDDhPZymDhPZyrSyLZIi3Uh3AUeHkKQfKAtMeEJl2NTEXAQk1PJR3OE4k4TEQjbYqN4IAeTlcauv5SZykyluZZIaEKU5AGUduA3dQ5DvkFEyIaeUM8J6YSAs9zGdkiCPW8LUWCkdUVUTGDODus5RtOc4W/wCiqB3iOqewAXF1lmFk9b4XTfdE3VPEIYWs4OEanZl3lQnAnT9uFLpG6QMrzuon7PoumrXBKYMNwirg4Q38YWWKyzoLCQG4S6YzuOFnw4l5OFY3SUiB2OVWwbxh7huV19HXlo5Wru2tpk+20xq6lrMbA5K0FylFJQ+GwhoA/VQenaeTW6oI8vCjdWVvnhpIt3yP0gfdeu0Onwss+aef8jFtpeg3R9sdcLl/EpoyRGSG54XptK3GHEeyz/TNGygoIo/Dw4gElaKNgIGCu7THYj4rr9R897kTWZLQ0I4cymYXv2wMlcpmYaHOCpeo7ifGNNA7BcMFMMEY5IENPL1HfmswTAx+Xe+Oy9PpKdlLTshjbpDRhZ/o2zCjpG1ErPO8asrTFItYq1+jrdsqFc611NFrapUkoiaXEbLJ3SvlqKhzdflBxgJaWRcVk5TQSXCty7fUcu+y39oo209O0acAbBUPTNrIa2Z7cl2+fZa1oAGAqnwVNj/skkkqEnZJRE0uIVTTNBmkuM++5AJ4AUqvla8eCw791j+sLzO91P0vanEVFQBqIP0j1PojDguQN2nqeur5FaKYhtspTqqHg/U8EEBbSCijpoY6aEAMjAaFB6asFP09a4qGFo1AAvI7lXB9VQcnxwdbohZqds0cqvoKJt+uja+dpFJSO8jT/wAR3/RMrzUXKris1KDh5Dpi08NWrpKSGipY6WJoDYxgK0hTYXA/CMD0SSSRFiWX6rv3ywFBC4guGX4P7K5vdyZa6GSocRnBDd+68xqamWpldUzPLnO3JPZWkHCO5jqqsLWE7cE7leY9YdTSVLDS0T/DAzqdyCVYdVdSurJHW23SFrWZEsgP7BeQ9ZdSMINpt79U34iD3R9HY0GmlZPCRCuF4ngjdS0zdVVVHPqQFrPhr8P207f4ncow6d2D5tzuoXQPQs1RK243JuqR2/m7L1dxhoYGxRs3OwDeT7o28HQ1OpVK+Kpj4qSSapFFC3yNxqIKZ1b1bbujLSXybdg0HGrHO/5qTebzauibRJW1848YtOBndx9l8pde9ZVvWNydNNK4QsJDGg4GFmtnkHQaCeunn+j2wHWfWNw6quUlRNMfDBOhoOwCzYZ7rrG6duURjCd8LJOeT2VVUNPBV19IGYyV0DCLgeiacDus0mx2BiGTlETWtOQhGR4XJxrXahsjNG4XQBhdVpATf6HDACaM59lwcp4AI4TYrJQ7TkeYbpy4ThNe8BXknY1NLmjuECara3ZQZarOwKRO+MeB0a3LsmVFa1uQ08KukrXyEh3CFI8vP1FM0+6w22ym+DRCG066RzjlJJMSW37GLkSSSSoISSSSmCxJJ2h3olod6K8MrI1JdDSThP8ADOAcKsFg0k8RO9E/wVCAUkcR+oXfDHooQjpI3h+66ISdwUzBACSkeCfRN8I+qmCsgUkTSVxTBYxJEwSuYwpggxJPSUwQSSeBld0+6srINJE0+6Wn3UJkGkkkoWPSSSUIJJJJQgk5nKanM5VS6IEAGF1IHsupWXkASSSSbueMkGJJJK1LJBJJJIyD0xJPVMh1u2SpVFcpaecPzsdiPUKK1cLQDlVHdF5QuyCmuTZ2+50tZ5Q7S70KlyMGM4WFje+IhzHEEdwtHbb7HLEIao4eNs+q2Qs4wzlX6eUVuiWJ5wkn51bjdLGEZkWc8jEzT3wnjlEAGFAt4LSMYAQ8FSMH0QhH6hQnyDcBIjPddwRykoTOQkb3RO1RuLSPRaGnmbU07Xg743+6zo2UqjqHwSgtO3cHgok8Ge2P6LWWH+lv7oJhA7Ke0tkbqA5UeVhPCsz5cXgiuYBwE3T7qRoK54R9Ve1jMkfBS0kHUAM9sopZjkLmAmKW15L9YPWvh91ab5ALbWv/AN7iH1E7P2WvIwSD2Xz/AGyvntVfFXU7y18bs7Hle6WW6wXu3R3CEjD8Bwzw7G63V257OBrtMq5b4EzsUksYSTzmt5HJJJKFiSSSUIJc0+66koQakkkoTJzAXCBhOSULTyCPK5gJ6SMPIMgIRa7J2RksBUWNQUZD0O9FEWhqWMpLoGThWWDnjDRseyry3c7q1mYXDIGdlAMW+7f3VFEYgcoJBypjuD9lHIGVYxckeTjjKqrzB49McDJ3Kt5hxtlR5Yy8AFuUpmiqWDARPdTVXmKvYXB7A4HlU95ibBWPDdtyj2mqIi0E5KUzX+Syi0SSByMpKgASSSSgYxcIGF1JQgI8pJySg0EhTOLMPHIUhCmGcBTGWC0ep9H1vztkic8+djQD7q4DvZYroGqyySmBOwGy2YGE+PRwb1ixnUk0cogIxhWKOrrPqC4kBk4UIzLfEyXw7LFjvKsj0pV/77gnHZaT4qDFmpwDuZQVh+mpS2tb+QQuW1nUojnTs9UuEXiUu3dv+i84r3yUFYGnYl+y9MzrhYD/AEj/ACXm/V8XhVGot77H0RSYvSfc9jNHUMkqbbBV4ycAOwq08Kb0lO+4Wh9K93mA8ufZV9QCH6eMFJlLIxfbNx/Qx31FcSSQjBJJJKEEkkkjIJJJJQh9L1dLdOkaps2hz6Rx0g+y0lvuFPcIGzQvByNxnhZTpXreG5QmzX4iTxARFK/j7JVtPWdLVJraQmSlcclo3AyvyhOB/QbJtCMoMjBhRrZeqS5sa6F4yRnGe6nn7pLCKqrpg78Kpay3BzCCzc8FaeZvG2VFqYWvGA1QMx0ctdaJxNT5IG5C21jv1LeIR5g2QDBCpqujJ/CMKhME9qrvmaZxbk5cM7FEpYAlHceiVVCJBnAKxt+6VMj3VFFhrzuW+/srywdVU9ycKOpHhygbEnZyvJadsuDpwoL5izzizdTVVnl+Vrg4hpwc+i3VNW09bA2ogeHNdvzwqW/9NQVJdL4WH43wsnR1tz6Zq3Nw6SDu32UDTyekPga8HZVdfbGvaTx7qTZb/Q3mna6B2mQDzRnkKydEC3OOVaeQTz+vtZjJAblUNVTuYSML0mvtxlacMysxcLTM3UdO2U4hkZcjbThAc3flXVRQuYTlvCrpYXNOAFZCA6ME5K0nSXW1w6XqBgumpyfNGTnb2VE5hQ3ZbwMoJRyQ+iOn+qrP1RFmil0zAZdE7kKwnpc8bYXzjarxW2WtZW0UhY9p332I9F7R0Z8Rbf1MG0NUPl6wNH1EaXn291lnX7QKW3ktqiibIwtLRnsVWywvifpcOP3WlkjGeEKWmjlGHAZ9cLLOPoHfngz7HOYQWuII7haG1X0Na2OoO42z6qoqaWSGQjT5eQQgs3Oyzyj+ibYyXJu4aiCobmN4XXxdwslRXCSlIzuAr+ku0c2G6hn0KoROrHRLGyIHYTQcjKaoIwSASDkKVDOeMKI1FiOHZ9FBUo5Jw3XUxjhjGU9QS+OxJyanKACTUk5QgkkklCCSSSUIJPTE9QgxJJJQhwA5TwRhLAQyTlQg5PTE7IUBOkA7EZUCW2YcZaOR0b+cZ2U9IbKBdFe2srKc6K2nJb/UN0UMpKsZheA70U1wDhh24UGe1M3ko5DDJzkcFWT5PQKSmfGfM3I9UB8DScI3z9bRkMr6fVGNjI0IwFLVt100zT7ZUGKWSrlpi0gs2K5DcKmlflw8Rvop0sR4Ld/uoxha7IxhURlhTXKmnGA7S7uHKWDncLOT0mCC1DjutXQu0uy9nueFCoxwzUJKvo7zS1QALtLu4Kntc1wy0ghQrax+R6pZHqh5Pqlk+qvIIUNB57KLX2iiuLNFREw/cKQDhOO/BTCGVq+nrjbCZbRLpbzpBKbTdS1MBEFyhLHDbVjYrWnBHKhV1roq1mmeFpz3wqaL/wAnKC70s4GHgn2Kn6gdxwsdV9Kz0bjPbJ3tI3xnZCp+objQv8GujcA3bPZRCpLJtlwsB2O6qqG+0tU0fzAD91ase17Q5pyCoUVNf09BUZlonfKz86o9gT7qt+fu9lIZdoHTxjYSRDt6latn1BGDWvG7Qfuoyk8FLRXOjuDdVPMCe7e4UwDlQ6/pilncaiiJpZ+dUZwCfdVjajqG1PLa6MVMLeHMG+FRMmgY4gojagnYhVVHe6KqOkP0uP4Typ7XauAoTBKGSRg5R2EgY9FW/wC8Z/klFjmqWnEwVlKJYHSfqwfuodVQU8vmDdLj3aixu8Tk4RAzPdUL5TKeSkqaY5b5m+y7DVSx7OaroNGMFRqi307zkDBQhbgMNZFJsTg+hUtsjX8EKtlt78ZiGcKI59XA7ckYRshoAQOU10ev6XgEd1UQXGTYPKnQ1kBH94h34Fyjk6Yq6OTUwtc0e6JFcN9ErHMP7J7agHdu4KeCx/LR+idGYLWOyNPZ7PcHeM+ERzdpYTpcP0TIor1bfLFP85AOGH68fdSfk2h3iRPLD6DhPj+epnkgeIPUI9xRAr6PpzqeJ1JerZDI4jDmTx7/AK91iLj8IKq1uNT0ddJImN3FJO8vi/L0C9Fkloa46KqHRIPxYwf1QpKWupsPpKjxWDgE7p8NROvopHj9RXX/AKbk0dU9PVlPDnHzcDTJC78+yubF1Dba93iWW9Me8ds4P2wvRv4nTOYae5RDS/yua9uWn7hZy9/CvobqVolioGUkvOumOjJ91sp1ss/cypLPDItxhs3UdC639SdO0Fwixj+bCCfY5XlXU/8AZA+GnVRMvSlyqLPK458Nga9rT38rtlt5fh58Q+mZCyxX43Knb/dxVW7semrsqt/WnUNlnMXUPT89PLGfO9px+Y23XZ03lp0f7T7Mlulrs/JHzr1P/ZK+L3S8j5bK+O+U7NwaYHUR7t7Ly28UXUlgq30nU1ilpnxnDgYy0g/mvvWz/FSy1T3NqpJQBt5ytPKzpTqqh8CeKironjLon4eM+pXf0n1DfH8+TmX+MiuYH5uMfZp2jMgY88ak19unaNVvrmvPOglfcPU39l34Y9UudJTWltrlfkuko24JP+i8i6p/sXdWWkvqulrrFUw5zG2QFriPQkLvUedpu4nwzmW6S2t9Hz7BV3qhAdVMEjO4HZTIb8yQgTwuYPXC0HUHQPxA6RJjvvTlQGgkCTSdLscnPcLNS6ZsNdEG45C69Wsrs5i0xKrmu0WcN0o5X4bIAfcqXHUuO7XEemCs6bdTykYyCR2XPlq+naRTVD3AHgrYrEyNuBtYL/cqVgjZM4gcZKuaLrcMjDamPURzg4XmUddcId5dRCKy6xPwHZB91ckmhsdZbA9mpeprZUxtcJdLjyD2U5lZrOIpQR914pFX8FriPzVhT3y4wbRzuH5pWxG6jyjX5nsQmLQNQynNlYcDSF5zQdcTxtbFVO47q8p+tLXMBqeQe+6vYdKryMLDV+EyQbhuEGSgpnggsUOnvFHPG18c4391MiqQ4ahgg90mUGjZXqVZ0AdY6U9lHm6ej2xDlWrJ8kZCKZsAbIGpI1dmcl6eZj+4USTpiOQEOpxj7LYB+d8J4c3GMKstBRqhJfcjCO6LpDnEABPsgf7EvZnwah8f2JC9BAaSmPgB4OMqsgS0lcjz49MXumOqnu832LiU5sXVVKMfMeKB6reinaMbBLwgeGj9Fe5lfwl6Zgf4p1FSPDpacvb3ART1MSB49FLG4ckt2W2NM0jLo2n8lDqaKGQ4MTd/ZErQZaaUeIsyrepoxsWs39t0WO8Ucu7wc+xVxJ0/bZd3wNz7BRn9J25x8usfmj3C3TcuyP8AxmkA88jmorLrGNL45muB91CqOlJw8tilBZ2yosvS9bEM078E/dFvEuFi7Rfx1tPMf5kX54TJYaSZ2WPwfRZh9u6mpziF4I98obLjeqc+FWW52ofiaOUatwLsUGsWI1HgzNwYp8Y47rkdXd4XkPayZnYLPRdRmJ2Z45Gn7KZT9T0sjt3ub+SbC6S7MkqKm8J4LiG+Rl2KmlkixsdtlZQ1lurG6WStyfXZUrLxb5cfzWuPG4CI7wJ2+VjQOxbsn/yBFukT6LWW20c2zhGfYgLNXn4bW65uL4WeA8/iY3b9FYimcPpfJnt5iu+Pe6fHhynT7o43tnL1PjPl/KPB5xX/AA0vVI+R0LWSsZwQeVnKm1VdM8xT0kjHN2ORsveIrmSwCoogXYwSO/uhyQ2K4O8Oopw0/wCIJkb8HG1H07XZzDhngRiLNiN10DHde13PoTp24wlkAbHJ2cFnK/4TVsjGi1va9++d0atXs4+o8Fq6XmCyjzk57J7cjlX9b0XfrY13zFBI5zewacKskoZ4N5Yy0n1CNyj6Zj/jX1P74tAAO6K0kcLmkDjlF24yp2Pr3RF4smc6z+RwpNPcHRYLi4/cqMkwZOMqbTXXqbYvhl1FeojjU7BUhlylJDmzBzfTKzphGxGE5pez6DgoJRTOlR5KyHbNZDcHHGr81LjroMAB+6xTZ7kM6ACFLiu4DcTQuDxz7pMqsnSp8w0+WbBk4duwohlfznGFk473lwa12j78KfBeHO8r52gfdK+M6cPKQmuy9ZXTREAuyPRSW1sUoAJwVUMqWPAOoEojQlyrZqjqZP2WTxFK0ggOB9VVzUZp3mSme5p9AdlIjcexTnSaz5m8KlEv5N3ZCbXVNO8GeTb3VjDconNBD9z6KNJFBJ9TP1KgyUrozmInBOyJwz0V8rj7NDFXsz5nn9VOgq6eYAF2SsYKqVjgHEkKXDXx4AMmCh2DIayOeTWuIO8ZwD3TRUzN/EFTQV7ywCOUlSmXENA1tyUG00R1MJdMs23OKMaal2jPfshSWa23A+O0hj+z4jg/mhsmpKlml7Wn2co8lGIzmCV7AeACrcWwvlyTB/GbVy75qAcf1AKXSXyknIa/MbuMO2VZFcbrAdD9E0QHDuUm3ezVeIbjSmM77gbhWuBdk4fs0rZGuaO4HC69gfyqKFstB/PoKoVdM7/hud5mqzpbjR1bAYZRk8tJwQU+FjRkshGYV9PGN2hAdG5pO2xUgjB5ykQCPstMLcnO1GkjNcGdvXTVpurCKmlaHn8TRgrFXToest+qW2ya2c6CvUJIQTlQ5GFxwOy30auUHwea8j9P6XWxxYuTx7w2yF0FVHpe3YghV89KaSQyQBzTyC07r1e7WOgrmlz4GiTH1NGCs66zNp8ieMFvqurDVxmuT5p5T6at0WVTloztr6hqoHASvJA7jlbaz9UeMAySQOH7rIXPpmVjzPRnLTvgKtp/m6SXz6mlqfDE+jxeo0sovE1hnscdQJOEUHK88tXUMzSGSykH1WsoL3DM1rJDv6hGlg5s6mi2HKKHkNzndRg5pGoOGPVPz7qxGGH8ffGEYPyM5UJdEpChRN1FFbJp7KCJxwQjhwIyoUyBcLFHPKauieYJ+QRxlRrdfZ6ap+Quo0yA4DjsCr1pCg3O2Utwb/NYNWNnY3Chec8FpDVF+3KlNfq7LFU1wrLLL8vWNdJE0+WQb+X3Wooq2GqjbLC8Oa4eqEXKP6LLGQm4IPCY2VpwEUPyoAIHHZLA9Ui3Y7oXmzwoUHTc5TQ4cZRM5UIBezZQpIjk7cqyIygSANxsqZaKipptWxaCPdea9ffD6muUclXSwhrzuQBwvV52gtJA4VPIQ5xY9uQdt0icNxu0t06ZqUXg+TL905U2qZ4MZ25GFRkaQd19RdX9CUt8hc+ANbJg4yF4H1j0RdLDKZXQnRkjZc6+jL4PaeO8pG7EJvkzEcxDlIl0uaCMKDvnOMYRWzEYGOVzLasHpqNS48Poa9hBT2uOyfkEZKHjDsrFOs6ldsZ8omwzEAKbHLsNwVUh2FIimGQlm2u3HBcwv1DfuhVMQA1AINPNjCkF4kaqNGckQDkLo8rgQlICDumg4yoWTI5CWjPdOcS0gqNHJ5sY5R3nWAeMKDa5YJdNLoIGVbUT9W5KzbJPOB2CuKKTAB9lDoUWezTUspwAVPjk2GQqOjlBcOf1VvE8aeMqHYos3ExhBxhPUeInuioNpsTHpJJKxgkxPTFAGNLGkHKr6una4KxPBUZ8ec74UM84p9lBVUJyTp/dVdRE6J3qtTNEHDGFVVdIXZwMKHO1FK7RUiQ75CXiguzjhPkpyzJxsgDV6KpLBj+5FlR3GSB7XtPHutRb7o2pa3Uc5/ULC79jjCl26vkheOMd1ntjk6Oi1sqniTPQWOaRkFFI1d+FR0NxEwGFZRVAOyyTgej0+rjNcFjDO6E5/daW01xqI/De4EtGx9lk2vDgj224mjqQ55Ok7FYrK8nb0uoS4NsOV2ZgkaOyFSSx1LPFjcCCpIOntlYpROzB5iU1bBp/D+6ztbCY3mQbHstlWQ+INgqG5UYfCcDcb5QCrVh5RYWG4Nr6PwX/AFxjBT3F9HUAjIGcrKWu4OtNd4js6HHDgtrVCOtpW1EIG4DgR6KBU2ZeC2ie2eJsjTsQj08xh25B7LO2yvdA7wXnbKvA5ruHKKOezWQr5b/nB8xTgB7d/uo9hri+N8MzvNGcK3JHBWVuIktNxNQxpMUn1D0Uxgtz2M2MM7TjBGE6thbUQFzcam7qtoZop4WzQyZBG6sISHjGUA6Nm5ZO2eqA/lPO4VrLh7Q3IIWZex9NVGRpwM5wriCqEgAQYGxnuK+Rxp6slv05xhTGv1BcuFOHxa2jzNOfug00uWYPI2KiGPoiXSIPgOOV5zfaT5eV8gb3yvUp2iTGQsV1PQt/mELRCWDmeQozDKKTp6uME7QXbZC9OgqWSRjTvkBeQxgwPDm7EL0PpmvbV0rWOd52jCYY/H6jH+ky9L+5SY/J3Ued5a/RjhJsoB3CW1k67nngHXROLPFZ9QO6aNNVSlruQMFTJMOhdkdioFMQGnB4K0V8Ge2KksHn91p2xVcsYGGk8LCdQUYgqdhgO3XpHU9MYa0OI2eSQsX1LA1zNRHbYrv6C1QaZ82+oNNuhOK9GOnOCAr+3zZhYAOyzczj4xYR9Ks7ZVaY2hw4XuNJZvjk+Ceaoank1NOctOVAla6C5RyM2JcM/ZTadw0j3QqwBrhPpBx6razz1csPJNupxioHoru11GqlY0AZO6z9Yddua/J39VY2KY+Ax2OOyRbA9J463c9pdPwWkHbbhebVLpaHqghhw153/VehucTusX1dHHT1sNUxnBGSkPg7rWxbjQ1THTULHjfHKr45TjSQptHL4tv+7cqvY7zhnqlsfVLcshTkHKdCfNshOGDjC4CMpTSNUZYZaRuyzdR5D5SE+nOWcph+r80pm2LyiCfK8j0USQ4ndg8qRVgiZ2OFFkIzklLFzfI4ODeUaCfJDeyjTDhBa/w3ZS5LgZXZhls92GZVLXDLgR3Knsn1N37qFXM8oPqkp4ZqnLckyC9waRvys31YxuqGUDBxuryY+YEnhUvVI8Wja9v4ThMRy9e80tGcBzuE48JjSMAeyeeFZ5ojHlIcpHlIcoiBhwnM+oJo4TmfUFaAJcO2EYDCBDwFITs8GezgceEA8n7o54P2QDyU2MsIE4nk4HCYnO4RPkIFIRq5TofqQJM6kSMZ2CX/AHC/sSZDhvKhHd+6LMScY/zQRucoZNYKOrmMuC6iQt1OCx2ywsmuiO6aRY26Evw0Nycr1vp63soqGNundwDifUrznpumEtW1pHBC9YiYGxtaBjYLz+ttzwfQfC6fat4RuXyAAKdE0t5UWkYNepTlw7pbmewpjiORw4Q586dk5BqCA3KursZN5Ketl8afw2/S3ZOjpz5WNbz7oFL/ADKxzyPLkq6t8PjVDXafKCvT+Moytx5jy2qVVcpMttUdttpeRgNZkrPdPUT73fTcZvNDEMszxlWXVVZJDRtp4iP5wIKt+k7YyC2R6BhzgCey9Zp68I+Fed8lKcmos0tJE3SHYw1qs6GMzSDbbPKhsADGxt+yv6WCOmpw/TvjK2fieInPnLA3Spjo6ckEZA2WbsFFLfb3478+HA4OcfX2/wAky/3CSuqhRwk6nO0jHqVuelLJ/CaNgO7z5nnHJVPoGc8Iu2Na1oDW4Hou5Hqke6jSSiMFzilJNszylvZEvNwihjMTTl59FTWu3mtqgXZLW+Y+65cHCapcWjO60vTtD4MQlcNzur6Lbwi8oKZsEDQG42UkprZBzjlPLtshLlHImTyPTJH6Rgd0x0+NsKJW1kdJTvqHnOngKsNESyU/V1+/g9L/ALu1rqqUaY298nvhR+i+mzSskvlx/mV9Zhz3P3LR6eyprHTVnVd9lu1X/wBmpn6I8j0XozAGjSOAiG52nA1Arqr5ePTHvK7Zo9PdHlk8OJ0g3wo9oozWTurqjfScN9FCi0sduFFAahxzNNu9x5+32U/xM7Jj34AAXI43FWASGps8rYIXSuI29VwDSMrFdX9QOnd/C6d2JMdj7q2y0slP1Bdaq8V7gXnwoyQ1oOywHVnUErybNaXOdNxK5vb2Vl1VenWikFHSvBrqjhp5AWGu9zh6Qtk10r5A+rnBdgncZRLg30UubwuzPdcX6n6YtrqanPjVE22AcH33/NVPw06Kku2L3cmjDyHMLt8qF0Z03ceurn/G72x7aRrgcHv6DHovaqKCChhEUbcY5KYdu696Ov4Y/l7YWOngt9MGwgaWj05KLTVNHaKCa/3eQNDfoLhs0eqZR0fztQLnWuEVFS55/EfQevC8B+NHxRqOqKk2W1T4tsbsFoGzscJN08GTQ6KettUfRRfEz4h1/WNzf/OcIGEhrQdsLFN2TdLjuiMBysVkmz32lojpavjj0dA9UVuMei4MYGya/wC+EhvAzs6SADuo8rxnYhcmfgbFRW6i7lC+Q0sklhLiD6I7QEOIYbujtURU8+jiSckmRWRI1EcuF4xkKJNXxx7HcqpzjBcjVHdwSJZQ0Z2VdPW7Yyo9TWOefKdiokhLsZKw3ajd+JohXgJLUOkOQuDH9WUJJjSTglY5Scux6WBJeIfROwEhpCLBZzB9EsFPEgAxpS8Qf0qcEGhuThE0jA7oer2TNZUzgMOG44OUsHIKDr9l3XlM3ooPhoGMD9V0Bnt+qYGSEZThHITypvQO1s7kei7q9l3wDjOEvBUIdyPRLOey74JS8EqEOavZLV7J3yx/q/ZIUzj+P9lC9rYMO34RARjhP+Xd6J/yzvZGTa2ByPRLI9Ef5V/sl8q/sMoclfHPtggG9xsn+HRHgkOS+UqOdKQgmB3jRFqMvaEYG/hGyY6mGM5Uhsb9PCIGEFDKWBijkrTTuBxhcMLmjOnKsg7G2nK6HtzuMIVyGq1Loqix45aU1XIbTO2z+SXyVO4fTypkn8aT6KlJWclsaf7kcqPJap3DIxspkp6eaIRGEkY0c0ZIc08ZUcO34UyivjkhySXPCWCrAEkkBld0+6vBDi61DSQvogVhPCKCMILU4cpMuwAqS4CuoiCSSSRxj7IMSSSTCD0kklZBJJJKFMaO6dnG4TWpyNNroWy8tN98HEVSCW+oWiYWStEkbgWkZBCwB9cq6sl6dRnwpyXRn9kyuxvs5+p039UDR6fdOwU5pjnYJ4DlpGU7AxwnHLbbGYCWAupKF5AuaOy5p90YjK4W7cq8BgVwZByCnEHK5gqii1tNY/Pgyuz6K0e1rgMbrNRPdE4OHZXtuqRURbncJ0VkzWw5H6QeyHoCklpyh4wnJJCkyOW4XNPupBGUtPuhyHkiub7rUdBdRPs9zbTTSZp5jgtcdh7rPvZnG6E5pByDuO6ODwxd1Sti0z6JIDhkJun3WR+G/UTLjbzapnETUwyM9x7LZFu3K3QeUeZtrdcmgKS6eVxECPSSSUIJJJJQgxJJJQg1JJJQgxJPSUJkYkkkjCGLhAwupKBgXNOTgbJM+oIxA5Qg06s42VF5CYy3dQ5m4zspo4QKloIGArKK93KCjvBygKB5wBkGUzARHpigUZZ6Mj1dQlmKiNm3dUNtlLZ2g8La9SU5moiR2WDa/wAJwI5CzWHUo5jhmmjeOyKoNvk1xB+cqchBksMEkkkoWMSSSUIMSSSUII8IZaSeERPa0eitdkRf9CyeHXyNxy1egA5XnfSTcXAgHsvQGkeqdHo5GqX+owqTWn1XWpE5RpZMwRI7jCSTvpP2VkMN8WJg2joofXdYGzTCGsje7u7C2PxaeDUUDAeI25HvusRS4ErD6OWefZ2aI/6GD2enOqCI+rQsR13TeUlowcrZ0DwaOA/4B/ks91lTiSmMh7qJ5Rkql8dxQdB1ssNW+BzwWkArQX2kbBVeLH9EvmCxfTchhug54/1Xod6pXVFFFVRnLWAAqLk03x2y3IzCSR5SQEQklzISyFCzqS5kLqtPJBJJJIiHpzmOY4jGME4I7brZdJ9XMMf8FvmJI3DSx7vT0KzDy1/4cKNJH3aN1+VpSyf0FN1cLdP09K6525xfSuOrA3wtFZ71BdqZsjJBqxuO6xXS/VPg4tl3IfTPGnW7fH3U2uoZ7BMbrayZKR51AN3GCszjktywbk79k12Bg4VNaL7HcKYShwJA3HorZs2QDjlXsCGSQtlBGFTV9Dvl35LQNcMFCqGRTMLHMwexVBmIrKKSB4qqXIc05wFe9OdYvdKKO45AOzXH1XamiLRsO3qqCsocOLmjdULayenubFVRhzSHA8EKouNip52ESRA+4CyNk6mqrJVNiqHukgfsQTnH2Xo9Bc7ddqfNNIHYGSCdwpkDmJ5dc7NXWGoFwtriA0+YDuFd2HreOZwguALDxutbcLZHURuaGAjusXeOjmTZfB5HjjGyhfZugIZIw9pyHDIKrLlTB7TwFi7T1Vcun3fw65tc9jDhrjzhbq23agu0eYnNc7GSDyp8hSRka+3AkloVFV0BaeF6XXW+M5c1o3CzVzt7Rk4xuop5LMRNS6fw/uoU0enkLSVdFhxwFUVVOc4xhOTygmsFQQWuyBsE35iZh/lHSpb4djlqiujweFbWexclk9T6G+Ksb2Q2jqNrgR5W1XbHbV/1XpwLHsbLE9skbxlr2nIIXy3g42Ww6N+JFw6df8vcC6ppOA3O7B7LNZVnoXho9zc1r9nDKq622uiJqKfdvLm+imWq6W6/UcdfbKhssbhk4O7T6FTW+QjIyFlnUVvM21x3GN1LhkLHB2FOrra2od4tLhjvQqqeKmmkDKppDTsDjZZXAn5GioriZGBjzuOMqeyTXj3WXilLSHNKsKa4FhAfkhVhguvJomNGM55TwB6quirWuAAJUpkmRlUZ5xwySyZzSpUUgcANlABz2RGPLSoZpLJYJyjRzAD7o7XhygprA5JJJQoSSSShBqSSShBySSShBJJJKEEkkkoQeeEzfPsnrmAoQ6PdJJJQgl0E5XElAA3le3DgCPdVlTZonuM1I4wSerTsfyU5226TZMbYV9BdFK6esoHaKyn8RvZ7QjsnpasZhe0O7g7K2IDxggH7qtqbLTTO8SImF/q3uqL+TkDJF2cFHlpYnjBHKK5ldR+Wob40fZzeVxlTTTnEUoyOx5UIpYKya3OZl0JwfZMgr6+hd5iXNCuCM7IZomyA6sHKg1T9BaS9wTgNkw0qyBDhlpyCsxWWx8J1xDn0UenuFdQO+pxaOxUL4Ni5d1Y2VJRdR09QQyYaHK2ZNHMA6NwP2RgNBwM7rqEDg8rok7YVpg4HkZUOttlJVtxLE0k98KWHArvPdTshkK/piogJmoJCMb4BUehul2t0nhzEnHYrbPZjG6h1VupqpuJIxk9wFQBFo+paefSyUaXnlXMNUJPpw77LLVHTcgcXQPGO2VFjdcrbNqBkGNsjcFQpRybtrg5NIDuQD91m6PqiAENrXYPq1XtNW01QwPhmD8+h3VoXJNEO4dPW2ry4xeFIf+JHs4KsFJebLl8TzWU/YfjAWkMuTxwiDB7KiYM/TdSUGWtqHOgedsP23VxHI2o3BCi3Oy265s8Orp2uB4IGCPzWaf05een3eNYqszRDcRSknA9AoGlk2RcYyADyuictA2ys9b+rIZS2lulNJSTjbLh5CfYq+jLZQDG4OB7jdEA0SBN7J+oHuEDQmgHKUDgkswO/KdLTQzD+Y3OECPIxlHEgCYDtZCntMTsmLylVk1FUwHVpyFo8hNcGu2KDBZmmXF0DsSO0KwprlHLgMOSptTbaKpZpfGN++FUSdPSxSF1LOWhGDlSLcTkjhGimcNjuAsu6S50MuZGuc0dxup1Neo3+V+zvuryRou/EhecvjH3wugQuOIped8Z4UWGZkzcjByniJudWFasF4Yd1NBLnxGB59UE0JjOad3hp5FT/AMEjb1SbUVI2nbjHojU0VkGKisp5P57fEZ6hHcKC4DTUwRytxghw3H5pa2yDGcH0KjyUziQW4RxscHlAzWTNXv4TdLXpp+WjNI5xJJjA3P7Lz68fCC72WT5i03CV0kZ8rhkbL2fw6qHzteUVte4D+bCHH7LXVr7IMW8ngsHV3xA6ZeIJWmQMOCXjstRZ/ji1zWU9xp5Y5O+BsF6bVW7p66tIrKNmt3JwsX1F8ILPcHuko5hDncEDOP0XTq18ZfmKkoy7Rd0fWXRvUsTYpRC+V4/FjP55VR1F8CfhP1s0urLMyOaTdzon6cn12XnN4+F/UtpjfKxnjQ74dHucKpt3UHU/TcgiiqJdEZxofnZdCrX7Oa5CZ6eM/wAUd6m/sPUUc8s/SPUYiDvMyOcce2c7heQdSf2dvjB01I9k1mFXG0+V9P5g4evC+kbN8ZbnExsNXNg+q3dm+KVBXMYyocwOP4s5C61PmNTB95MFmicfR+ddztl3tMzqa822alew4draVXltvk8zXt1H2X6b13+wvU9II7pQ01WHHLiWg5Xm/U/9lz4O9WvM8FPNbnO3zTuwfz9V2tN9QRjxeY7dFJ9I+EfAc4Exux6IQFzgOchzF9RXz+w7XxF8/SHVjDEd42VIzt6ZyF5f1F/Zl+MvTbDK+0Mr2tO5pJmvA/ddejzGmu6lgy/xLE+jy+SvkjwJG7/ZFguVPjPB9D2U+52LqeyHw7107PAW8uezZVH+5zPIdH4bu+Vvhq67PweSnTJF1T3Q6AIagjPAyrGm6iuULBG2pcQON8rKfJwfhlx9iusjkjOYJySOxKZvz6JG+yD4Z6NSda1LYmslGSO6tqbrWEhonicfdeUx3KshOCAfyUuO/PyBPEceoQtpnSo8hbDtnsFP1VbZWHD9LvR2ynwXCCpAdHKDntleNxXqlkOPMp8F4ZCA6Kd4/NBJZOjV5ST/ACPYmSatxunDUeQvLKfqeuj2ZUP9t1c0vXFxjDWTsa9o743QNm2Hka32bkucPfKfG7bJCzNP11QyYEsJB+6taXqO1TjPjhuVDXDWVSXZaMLXHBGyc6CAjOjlBinp5Gh8c7C08bopOeEOMDlNSBmlh5DVxtGDwOFITo+6voIjCjI4H7rj6OQjygFT8BLgbKtzJgpX0dRk+RAkopTkui/UK/EnmxhEDgRwom0A4JmSfa4HkiSmZx3aFX1fTVBNxTM98DC3JiYTnSP0QX0MDnasYRqwTLSwksNHnruj7fIfLqjd6gnZR39I11OdVHdZvYFxXpP8Pg9B+ibJbW8xtAIV/KZ56KB5syj6uon5gmbO0ctdvlE/jnU9Of8AebKZGj+hehiilDSNDd0P+GyOJLhsUSuwJloPakzDx9VSHartFTF6nAUuHqaxPaI5Q4H3buFrTaKd31xh2echCk6XsdQ3+ZQxk/YIo38iJ6OxcRKOlulmqXaKeoDXf4nYUttPU5zFVyNb2LXIkvQ1le7LINH2QT0fVUw0W28VLG9myO1Y+yP5zLLSXQfRYNqaxseidzJQBjL274Ud9PbKvAqbRTP9y1Rounup4JNZrWTM/pcFJZFe6U/z7YZG+se6OFvORNlKf+5WyLU9H9MV7BqomUrhnDos/wCqop/hPbZCTS3gRn0eFqnVUwA1Wmt2/wDoaeyaKTDtLmnuHNIITf5Ml0ZZ6CixfdA8/rPhRdIf+y18Ew9eFT1fw/6npRn5MSN9WL2Bk8AGBIAjR1LgcB/Pur/k2e2YL/C0z5jlHgdXZLvb266yikY310qIQ5gyWEfdfRZdHKCHsac7HZQp+nbBWb1FBCSeSWjdMVz9nPn4aceIS/7ngLZy3YhNL9e+ley13wxs1Tn5fyatxk7BUVf8IK6NpkpqqCRv9OrdNjfW+zLPxWpr5xn/AAeafy++EeFtDJzPh44V9W9D3Ogc4VNslw38TRkFUs9Hbm+WaCZh4zg4RqUJdMRttrf3JoIBPj+VOQ3spVNdK6n8r2CQDvlQW22TH+73Fug8BztwgupbnE85aXjsQdijdUZDYa22L7NNS3oSbSRaPuVOZXU7hkOWQppCAfmHGPGx9cqSz5iR2qnlxjuTyg/jwOjT5O3pmqZU0j9nkkpzWtl2Zus5HW1UJ8OWnBPqFZU1ZQyxgl0kD++yCUEuDVDWufZLmtvBON1CltM2s6MEeyneDLMAW1Ac08bojaaqI8PWcdjlVsyW70yma+ppXkYdsjRXV2cSAkqxNpmzqIleD+aT7K2ZhaWNBHqN1PhTZfzSj0MhrRKAWqXDXzkBurI91TTWOqjJdC97S3uFELrpSS7sc9XKnCNEda4dmsbVvI3IC49zZN3aT+SzMd2eTiQlp7hWMFaJQN90CpwMWujLssjBn+7mdH/ynCFJT1WRofgjh7dihmUgBdZXPZgEZHoi+MP+VFdkukv11osNrIvHY3bLPqx9loKC9Wyv8sFSBJ3Y/YhZ2Oogn58rvfZNfbIag6mHQ8fjZs79VajgTLUv+l8GxeDhBETXZ1DI9Fl6WW80D9AqXTsbwJDlWNP1HS6hHVh0TvtsjTwZ7LE/yLGeCPHkbhQ6iha5mXMDh3BCnslhqWh8MrXj2K45mRynQkZbaa7otMzbqFlPMJWZ0/0nhV9daaGtyTGI3nuFq5IWHILBhVlRRYJcwbLfVfKLPIeU+nKrYuSRhq3p6ppSXw+Zo4wokNXVUj8O1DC3D2OaCCNvdVNba4Js+XBPcLoQvyuT53rvBzpltSG2+/zta0+JlvoVoqW6iZoJHPbKw09rrKMl8Pnb6BdprnNTuDX5BHOU5PJ5vUaKVUsSPRmVAeBtjKLnIKytBeHFoIfkemVdU1wjmwCcFGYJ1OJM14PKOyo4bsooc08FOAPqg3CXwTg/I5SzlQvELSOUVs2cDChAksEczCyRocCO4WclFV03UOmYXPp3Ozt2WkEgKUjIpWlkjQ5p5BGVYSZ22XmOuDHR7Z5VwyXOAVgrhRVVnm+Yoy4wF2dI/D/6K4tN7bUaTI/257qA2V5NY14IXXsY8Y7KDHVxlo3P/VSI5g4KCXFo4WCI+QcrrJSdiMIwAPKBJH6KAhsg91xwyEABwKICMcqEBSxE8BVVRTGKTzD7K9GO6DUxRysIcPsfRC0MhLBTsjzg4zhVV/6bob3AYqmJmcHBIWiZT6DjGV10GOBys847h8LHDlHy/wBffCuusRkuNCwyQkk6Gt3aPX7Lzggg4OxC+3K23wVkJhmZnK8e+IHwVbV66+ylschy4tPBWKzT55PUeM83Ff6V7PBXbADK59lIvFpuNnqTT11O+MsOMkbFQ2OyD7rm307T1+nvW1Tg8ofsPROa/J5CAXZSBI3ySsLqOpTqovssoZtIGVMiqSSAQqeOQAAZR4ajDuOEB0a7sltIA8AhR3NXYZwQB6o8jCWjAVGjPsACMo4IxyopyHYT2k4UCUg7Rg5yp1JUdlXtOxCdTS+FJnsVDRVY4vBpqGYlwz3V/TyDA4P5rI0c51NCvqaTIaQUB2tJZwXsbwRsiKFC7YFSmH1UOpGQZJcG66oHkSSSShYw8KM9p3UlNcBhQXP9kMt3QXRNIUt7MHYIOlQRJZ4KmqpWu3A7KslptI3C0ckYO+MqDNTjP0oJrJlnQpdGfmYYz9OyGCWnPCt6imBGzQq2enORpH7pcomKcHWyRR3GaNwAOy0lDcWyhoackDdY8DRueyPS1zoJQ5hwR+hSZwNmk1LrfJv4aguABCI46sEFU1vuAnjDm8jn2VhHOCN1klE9PptQ2sl/Yrw6imEU7iY3bfYrXsmZJu0grzVxWn6fu8MrRTveWuGwysN1eOj0Oj1n9EzUgg9lW19JIQ58Y2zkhWTNhulK0FuOFmOjJbkef3ukc06wzAKvOlLuJKX5KU5czYZ9FIvVvbNTnS3cbrHwTSUFa14JaAdwqMrTqluNvUwmOXxGjbkKyoKtsrQAdwMEKDBMyuomyNOThRKed1DVgOGz9lDdCzJpnF2OVEq6WOujdFKOQcH0T4589uV15O2AoMn9yM909Wvoq+W3T7YJAWqhlIKyd+p3QTx3OAYLThyu7TXNrqcTN5A3QrsCFjitrLKpy9pI55XaGYtcGO7bLjZA4EY7IBd4TtfZVJGqEi8PnZznKq2vLJvDxs4ndSaOqGnGFypi04la3OShwx65EqO9UZlDnluQ7b7K3ZMDtyhVkYlj0Y75RoG9bo4PLrlA6mnLOBnZWfTFxdTVLW6sAnGEbqGhOXODeOCqClldFM05wQUxHmMOjUHrcjQ8NkxyNyo7/KQRuhWiuFZa2tJ1PAwSiFpwhO9CW+OSU0h0RIOchVrSYptJ+lyk0kp1OYdxjKHVhpOR6psXhlTyZ7q6AOjbI7twfdY65UzaqkcNPmaMrfX6OOe3HWMkDlYrHlI+4XSok+MHkPMUZnLPtHmdxh8OckNwcEFBpalzTjHdW93h/mvOnYZVCz6iR2K9142WakfBfqbRumbibWklyxoznIR6tv8AuriBlVdtkLg0H0H+SuXMzSuyOV2I9HgJp1ywMDjNaGu9NkfpyoOHsIyAdlGto/lTQO3YNx7KNZ5HQ3J0bXeUnhVbydbx12LOTZl4LDssr1fTvmovFYMmM5/JaWLdpyq29wGSke0d1mZ6784YK7pSofVUmmRw+nGCiTtMM5aRwVT9M1LopJaYghzCQfdXVWC4g43Sn0FRlLazjnBzcoQJ1crkZyOVxxAO6zSyzWngsaJ4IAPO6dLjxDgYCh08miQOypUjg/B4ygNVMskKuG+VWOcdQ3VrWYIPsFSyHDjk90E+GMaDvOw3UadxaQQiINQ0uaMIW8oQ20wtNUFwwUWqIfCdtxwqxsnhOUwSeIwDPKU0Pjbujgqapxa7ZVV4HiW6QHkHKt6sZcSq2ZofFIxwyC07IjNqfui0Y9pOQM7I/wCFBDSH8bZRvwqHnGBPKQ5SPKcG78oiBGfSE9v1BMZ9ITmkBwyrRT6JLOE8cJjeE4HCallGWwcmJ6YmlM4AcpxPlXcDshuyMoywTsZRo0E8oreEtlnTjG6juO5CdITnlMWeTyyMWM7KVRR78ZUVucgKyt0RkkEbRyVi1M9scHS8dW7LVg33RNrjeBUOGdJycrbqssFGyit0bA3DnAElWO5kGlea1Mt0sn1DxlXxwSJ9NGGMB7o2QgQ5LMZXW533XNayzuR4WAxUCvk0ROaTvupkv3VNWzg1LYmnOeVs01e94E6ifxxycomAQBx+rJWitbWNpRI7n1VPT05OGgbKwrasUdAWNbg42XuPF6bbXk+YfVPkJRplGPsr9M936oZG4fyacBzh7L0OiY2IAMHlWU6PtbooH104JkndqyfTsFrqXJOlrSc+i66i0uD4nr7XKZb2ymNRMHOb5GblSL9cm0cBjZjU4YA9FLo4fkaIyPwTjPKx9dPLeruKSEZJyAmHNXK3MtOjbM+vuIuM41MYSQTxlek4AbgcBVFmoG22gigaMOwC77qza5FlC5S3CPKqLtUlv8pqs6iUQxl6oZs1UpcOSgFDrLQvrKlrnt8gOStixjY2hjAAAoVoo20tM04w5wypyVNkCDlFYdtygrhOBjKiWQAkrwOeFi+oKqW8XCO00jnNaHZke07keisuork6Bny8D8yOG2PUqR0pYm0tOK2qaXSynJ1cp3CQSeCztdGygpI6aJjWNYOAOT6lSnv0DjKc+Rrdgo2S48JeOSM7HG+tmbFkhucnCumtZTRiNjQAPRCo2QwQ6gPNjcpNldNKcqAhWOMjgcbKWAGtCBHgbqPc7hFR0b5XnGBnlTJaWSt6sv38Mp/Age3xXjjPZea1VyFBT1F7q3ZleSIwVJqrhJeLhLcJcthhB3cdiAsdPVVHVF3OpzWUNG7UezTjgf5I4rPJrqr9kNrYmCp6t6il33cxrncemPQLyx8tf8UOpmuw/wDhdKSPTJ9T7bK/+KN7quorlF0bZhmPZs2j3K03S3TtL03bIrfTMAcANbu7imY9Ha06jpa2/wCt9FrbLfS2qmZR0sYbEwAYAxn7qyho3XBwxlsLD5neqZR0UlTKI2jb8R9FifjH8S4ekrebFaKj/fXg7s4GP/moJvCMtNU9db8a7M78b/iaGU46LsE2iNoIqXsdufb2XhAl1uwRwuSVU1TKZ5i5z5CSSTklcYfMNlz7Jts95odHDRVKCXPskta0gbJ3lByAmt+kJzsNGSUJoec4RwnAyoc83YBEmlHCiDJckyngZGI4l0h3CkQwgeYjdKGIEbhF+lCuS28HQAOF1JcztkJiSXIOMhRt3Qpp2sG5CDNWtaC1Vk8zpCcOSrL1FfaNrqzyw1XXnOInKA+Rzzk8ru3qmh5yVz7rnLs0Rgl0cJyuJJZwkB/iO8R3ouBxHDVzUP6Ui4eihDmsruD6rga53DUXwJT9LUzDZAadod6IzKOTILsAIuhrMbcJirI+CKIneie2DJ34+6kbeiZpKr+xW8e2np8ZLN11opGndmCmYcuad9wrJkNrYPpbsl4g7DCaGpafdUTc10d8R3fhJdwUhHg/SmKBSlkWCiNaQckJ0be5CKGjG4UGxQzORxhOjHc9k7khEDMYOFQ7CRzT7LrW78IgHqlgKm8hJLscGNwEtITgcbAJZHoh2jE8HDwh4OURPLQOAo0T8gYjBGSEvCb6YR2sBThCpwhirXZFNIHf/NXBRnPH7qboKWgqnyNVZEFP7BIxOG+lShEQUTbH0ocDFVkhZcNsJ+Hf0/upPgj0Cd4YVYYxVkV8YeMOZkIbrdSvzlgyfZT/AAhjZqYIiXcboWnEF0xZVTWPG8Jyoc1BURN3bkLTtiwPRNAH4hlEptCbNHCRjXMdGSCD+acDla2egpahmh8IVTU2B4BdTSZ/wuTFYjJZo7I8xXBTEYXeEWSmnhcWyROGPUJg5RYTM8oSh+RzSR2yuavZGGCBsuEY7oXXzyKGNyNs7Ig4QgfNhFHCqUcEGpJJIiCSSSVyWSD0kklRBJJJIyDEkkkQAVJJJWCXFkur6WTwpXZjPqtUx7JI9THZB4Xn7Sr2xXgQSCnqHHS7Zp9EyqzLwczUUdzgjREHPC4pIDS3IwR6oRGCtJzk30wKSJp90tPuiyHkFgJEAdk/QUtBVcEyAzzsplsndFMBnYqNp905oxwUxdgyjuRp8tlGpoQ3Mxug2mqBYInjJKsJYhyAmrk588wlghaT6JYKPgJEDHChcZ5IpBwhOBB4Ust34TNHsrGMNYbnLZ7vBWscQ0ODX+7V7rTVMdbSsqoXBzZWhwwV4A6I4Xo/wxv/AI0clmqXfzIxqjJPIT67McHN1enUluRuDynLpGENaE8nHHpJJKEEkkkoQSSSShBiSSShBqSSShQxJJJGTeJJJJQMYlgcpJKBiTZRlqcuOBLSAoQrpgAdlCPKnTgg7qCeVBoxMT0xQtcEK5s10cjcZ2XmdSSJ3xEY0lepTjLSPULzK7M0XSdp23Wazg6Ollngt7U7NOBlWQ4VFapC3SM7Dsrlpzv6oE8jLVhjkkklYAxJJJQgkxPTFCD11q4nM5VoiLzpIH+IH7LctJWK6SA+fJ/wrZDkpy6OXqOZslsdnOURRWqQ1MMElzwOXDwuppeGjV/TuVBi7PLfiZOZr7HCeIollY3aSD6HKsOq6wVl/qpjknWQN+yrGuyDss8+z0mnrSqSPXrHP8xbYH5/AMhEu9JHVUEjXjJG4VP0TWMqLcGA7x4aVoJQHDB4KiWUce1bLjyoQGluoMRwA8L0pzg626Ozmj/JZS+WZ8deZYm7OOVr6Fp+WjY7kMH+SiX7GWWbsGSlgMT9DjuhuZgcqbdW+FVu2UR5AbugGx5RHJOUslI8rigR0E5RARhCXclQg5PTE7IVt4Iez1lqqKOQseNQAyHDuFAc0k6V6XV2rxmYLAstd7DLEwyxx/svykrM9n9B9uTMSwZG3dXvT/U1RRMNtrsSU7tgHb4CqXRkHBCFIzbI5TAJReTQXSmntErbraHa6d3mfGDwrrp/qymuMbY3kNcdhk8H0WXst5dSu+Vq/PA7bfsjXawTxO/itjGqP6nsb2VSRcT0WObON+UUnK8/sfWI0NgrSWvacZWupLnDUNBa8OBQSWBqZYvjY4Ycq2tt7SNUbVOL9QyF0nt6pbLMvcLXG+IxPbuNwe4UCiqq6zTa6aVwHcE8rXVNMJcEBVNbbDyG8ocFNZNRYOr6GvhYKhwZKPKfurx9NBVDOkDPcLx2SmNPKXRuLSd8D1WksfW1Rb3tirWmSPjI7Il+gJRwaK9dK09bG4SQtfscHG6wpoLv09V+NTBz4mu4HOF6zQ3Clr4RJDIDqHHdNq7VTVjCHxgH1AVNYKjIy1q6pprizwapxjkAxh2ylyRxPBBaHNPqqK+dLz0tQ6WFpAG4IXLfepaYNiny4N2Koj5Fc7QS8vhG3os/WW5zORghbuGrgrY8ROGcbgqurrW94L2gHurU/QRgp6XTy1Vc0eMghbGst5H4RwqOsoSDsAE5SyU1gz72kFCVlPT45aoU0JaeEQOC16Z6muPTFV81QSHDtnxn6XN+3qvaOl/iBaOpqaNjXiCqx5o5Djf2XgGkt5ToppYJBLBK6N7TkOacEJc61IXOH6PqRj3A5ITpmQ1sZgmaBng+68o6N+Kzg2O2dQgbDSyfVz7H3XqdFNBWxNmp5A9jxkFu6xzpaYCi0VdTb6igOuMl7FyGYPwc7+iuXZYdJ3+6h1VBBUjXH/Lf6jbKzuOGTfyKGqLSM7K1pqzIA2KzRE9M8RT5x2cpdPU6CMnZBgqaUkaRk4HAG6lAhwyHBUUNU14GCVOhn1Y3QGWVeCeCR3R4ZicBQ2SjujAqhEoZZZMcCOQnKvimLTupTJmqAShgIkuAg8LqgsckkkoQSSSShB6YknqEGJJ6ShBJJJKEEkkkoQSSSShBJJ6SvBGJJJJULZ0AHIIUKrs9JVHW1vhSf1M2U1qe1QrODPyUtfRfUPFj7EcpkVfGTgnSfQrStA32UKss9BV7yRaXerdlA4z9FcamMjBwQmPbR1LSxzG7oM9mraFxfC7xov6e4XIpKcbA+DIOz9lAlJor63p97cyU7s/ZQIqq5W131OLRyFpRUVERy4B7PZNf8lWeWRga4oxu4r6LquMuDahuCr2nrKapaHRSg57LO13TrXZfCB9wqh8FxoH5jc7A7KESyegl55Gy7HKSdJCyNv6pkYRFVtO3qranv9HUO0atP3UJhl8Hg910jKrY6yFx/vQprKppaMEYKvIDQXSCMIL4Wv2IA+4yjtfkZwuEZUwV0Udf0tFODPTgMf3HYqsdRXK2ASxZGP6Stm3uhuia/Idgg+oVAdmcoOqCHCKsZgjvhaCluFLO0OjlBz7qFXdOUdT5gNDj3AVHUWG40eoxPLmDcaSoVhM2bXat8Lp37rE0fUVfb3iKpBewevIV/SX+hrgA2URu7hxUC2NEutoKSsjMU0bHOPfHCp5bPd7SDJaKkvYNyx5yVeRlv1ZBzwUcOAGM8KA7WZiDq0wuEF2gdA/jVg4K0FLOyQBzHB4cMgg5Qqyjoa+MxVkAe37BVpsL6TMlrqXxuH4SThQE0IIxjhMOrUN+VRNvlTRuENwgc0/94PpVrS3Glq2gxytJ+6heCYCccruSm6hxldUAawEyVwuIK4HAnAK6oLfI/S131NB+4UOosdFUv8QMEbjzpCmg4TgdiVYttxKGqttwojrpzrZ/h5QYbxUU7gKylma3+ot2Wlc7VthDdG1+zgHfcZVMpT/ZBorxRVR0wTgu7tzgqc46gCQq+r6at1U7xWtdBKfxRbKJ/C7xQt1UtaakD8Ep7IMvJMxfRc6G+iC5k4OqJ+D6EqB/E6+k0muoHhh/E3fCmw3KkmaHNlG/bKPcyg8dTUMAE0YcO6Iypp3nGgZ90OORkrA9hyCk6FjuWq9zBwEkgp5fMzYpjqSUDMLyCOxPKA+F+Q6KQtI4XRUVtMMvLZR6cJinnsHag2JmMxKwEHnG4QKi322tiMNXQxuB4y0bKSy408gy4Oae4IRWuppBhsjcn1KdCxx6YGcGEvPwf6YujnSUjX00ju7Nx+iytx+CF7oh4tkukbz/AEPOk4/1XtDaYg7bBcfG5o3C0w1lsPZfZ841NL8SOlJi02WaogZ9JbkA/nuptr+ME1tH/vajmpiw4ka/8K+gY2FoyQq+usNgu503Kx0s53DtTB5vzWmPkJP8xbhF9nnVv+MHTldE2RlzEY/pecLY0F9t1wgZJT1DH6xnkYKo7z8Eegbrq8K3PpNXPhvWQqf7PVwonB/SvWUtva45BducemMrRXq65e8AumvH6PT6iK3Vmn5qip59GceJGHYz6LDdR/A74XdTxObVdK0kEhORLTAxOz928rLydKfH/p3Hy1XS3URf4tf+gwkPi51z065sHV3w+uJe0YdJCNvvjC31a+dfMJszvSxM7f8A+x50fVMP8HvldQvJyHOIkAHpjb/NedXv+yZ1zbdRstdSXED6cP0E/fJXvds/tAdFVc3gXSOrtzuMzMyAfTK29q6v6Wvbgy1XqmneRnSCAcLpU+b1NPUs/wCRE9HU/R8IXb4V/EqxuxXdLT6Qca2EOH54WXqIKqmldBWUr45GHBBav0sJgcd3MP6KlvXRvS97Djc7LS1If9WuMFdCv6psh/vL/sA9FX6PznA3O2E6PId9S+3b1/Z5+Gd3BAsopSeDCdJ/NYS7/wBkS1StItN+bSOLshzxq29MZC6VH1LpruGsC3pf0fNUVQ9oByEZlzqBgHhewXX+yd1vSBxttypawD6Sct1f5rIXP4GfEi16s2J82nnQVuh5TS2cqaAemknwZVlcNtWykw3Fn4Cotb071BQA/N2eqjLTpcCw7FRo4JYt5GYz2WuGrqn1JDYRlE01JddsNne321K0p+qLlTtDWT6mjjJ3WHOedR++V2KWoxpEuFo+SLNMbrf2em0XXFUDioY2RvorSn63t0jg17Cz815NHVTxu+vhHjujm41RhxHfhA2h9Wrti+z2mn6is1QM/Nhv3VhHUUUzQ6GqY4HggrxGK9Q6RqaQVOpb2yPGidzPz2VZNUdbJ8SR7MynEgywg/ZJ0L28sP6LzGk6lrWY8G6tb7Fyt4er743H+8Nlb74VKRojq4rs2mld8NyzEPXNRFgVFI12edDVYQ9dW1wAno5mjvsryNWqql7LYN35RRpIHCr4ep+n6kgNmMRP9eymCotNQAaeqY7/AMSrcg3OE+gw08Ahd0hd8BmMxuyugFu2CopBKKYPwm8pogOdtlI1+ycN1eUEq8ABTj0wiCnAOQi5Pongg91N2Bm0Z4Z7bIga7PKIGtRGho3Awr3gSgpDWsyOU11NCfqiac8+UKQC31TtAV7wVp4PloiCy22b66dpPsECTpi1yZGmVuf6SrVqeAcq1NroqWjql6KB3SNCf7qepYcdyor+k6gZMFaXezyteNxulpHoEatn+xM/EaefoxDun79TH+VplaO2VDnN9pcma2SgeoOy9D+yYWOPf91HbgzWeCg/wkzzp14nYNNRTP8AcOH/AFUepqrRcAGXG3RzsHAIGR+a9Ifb6OYET0zHA87BVtX0fZqrJDHxE/0Ko6jBit8NOPSTPNZ+juirg/UYTTZ9HYVVVfDgRB0tkvbKgZ8sErOP/Fn/AEXpFb8OmSML6GseHDhrzsVU1PSHUdDH41PCybHIikyR90yOslEwW+C3fnXj/B5dcLBc6KTRcrD4uNi6nbnHuo38Fs0uA6skhcfwvJBC9Ta+80LM3S1ymI/iAyQgy0vSNb/Pr4I2E93NwtUNdt7MFng0vweP8nnLemast/3K9U8rRwHHJC6/pm/RAOeInDsQvRJeibBXM8WgeQ08eE/Cht6HvdLNmhvA8IDaOqJITFra7GZp+IvhzHn/AAeeGOvpnGKSCQEckDZSoLlI1obLVMjx/WVsTb+qo3OZXWymmh3wY2Yz+aBVRWt5ay5dPSwjjWyPv906N0WJejvj2mirpq9zmhsVWyQns05R33EwgGWFzvdoTJelbDWyE0VZLSSt4LJCP1ygCxdR2yQNobnR1bPWZ++E3ItV2x7J8N5o5XeG9r4ie724BUlsdFKf76Mk/ZUU9ddaN2m+2KRlOTgTNbqafcYRIpun65wZT1RjkHBJ0qfJ+y0tvaJVz6YgqB4jGBpO4c0bKkrum7lT4dTBxI79itJFFeqUkxytqYm/h5OEQdQvjOiuopMdwG8KOeBU4uXRghV3GklIna4EcghFZeS44IC3D/4LXsJexp1djyFVV3Q1FVNdJb5fCfzjOxRRlkTKNsWU8dax7NRlAz2Toqyohd4kcpH5qPV9GXajjMjHeIe4bnKrWzV1C7RPG8AdnBHtTK+d19mkZfywhtSzP+IKxiq6OrAdlhPusq2tppm+YbogdCW6oz+hRSpj2iLVbniRqhDpOuCRzB6NdsUdl1raXDZIHVDPVo3Cy1LcamndgSFzRwHFWsV8jLRqaQ7vgocND4214+00tNcqSr21hju7XDBR5KdpbnsVR+FS1LRM17S5w5CfEK+m80cxewcNdujjJgtyl/cPPSDOWt591CqaCQbtbspDLzEx+mraW5244U/MMsYkp5WvB7A7rVXa0zmarR1X5ysGd8HRs5uFCrbbSVO5YA49wtFLSskDjI3dVM1M5hJG4yt9d2ezxflvDxlHEUZmWkqaKU+EXED8xhTaGum1APAyFZZb+ID9FHqKGOU64SGP/YrZF5R4PWeNspzktKSvJDQTz3VpHKHtGSsdmppXYdkAforKkurdIBByOfdCcWdeDR4GMg5SEvqFCp6wvGCiGUO9lYlxwTWS88D80XxFBac90QPwc5JUBJTgHjBAIWfulslpJfnKIHTnLmBXzXJ44OQoEmUVtvTwdL3Yx2K1FJWMma0g59VmLpZQ+R09IdLjuW8bqFR3eWmf4M+ppacZUKlFM9FjlyEQnKz1Dc3kN1OyDwreOfUAcZyoZpRaJelvZC0FND8FOEnbCgJ3OEs5S5SUKB5Hdv7pacpafdIHPZLwM/yc8L/D+6Xhe3KkacjYrugn8X7JYvcYHrD4aWXqSBxMQbMQTqPBXzp1f8Mbz01NJI2Iy0+Tp07kBfY4ib+IZUC62O33OMsqYGnPcBIuojYuTs+N8xbo3tfMT4TcwsJDmkEeqQIXv/X3wImlkmuNjcwh+SYsd/ZeGXax3axzujrqORgaSM4XKu0rj0e60nkqdXHNb5/RCBIPOco7DsD6KMPPv6LpJbj3XPlVk7dGplBJSLCGo3GcYCs452uaAVntRBB9FLpanQcOJKTsaZ1KtTF8FhOMHI4TWHsnNe2ZqA4GN3sqNKnjklDdJpLSE2JwyCU+TGBhQarCxo5hqHutFQO2BJWQpn6XgkrRW6cZACh1NLqMcGjhOw3UlhG26ronZbsSpUR3G6h2a57kTmnIyupsZy1OO6hpUsDshdQxn1RFBoxcduF1JQVYBc05JxsmN7qQQOUIsOdgoJIzxgKHJudwrB49FFezfYIMZAfBCkjBHChT0/cBWrmdj3QJI1HERbDcihqKdw3a3GygvDmELRSQjBw3sqqppjnIalyjwYmnHodbq6WnkGDt3HqtNS1pkA25WMOoFWVtuLo3Nildt2KxWROhoNd8b2WGvExcOy7HUvppGysOCDlQ6eRrwDlHIB4Kx2QyeohZlJnoFkvfzoaC/JxuFdF5k7cLyugrZqCXxIj9wt/Y73BcIWtc4B+MLFZHB39Lq98dsywlZrGCsV1FbzBMXtb5XbgrbS+g7qrudI2shMRG/YpWB92JR4KXpK5mOQ0srs9t1ortSB0YljHG+VgJRLb60OGRodgr0G1VbLhb25ILgMFTBVVnO1grZXHIglO/YlXbGh7CTssjXtfR1Ac0HAOVobbXiqpmvG5AwVRqU8dimEcpdBKwEHbBCprc91lu5pyT4E+wB4BV5Utz/MbyFV3Kn+cjErNpI9x+SskuOUXzZcHGOV2cZj0g7lVlprhV0wDvrYMO/JToz4gI9FckNhMLTzluBjhWTZGyxgA5HcKmJ0OUylm07EIcI1QsOEmCcsdw7cLtR/Mb6J1cwOY2UfV6pkUgezc7jZBLsv5MlBf6YmHIHKw88Zjkwe5XplwgE0ZZjlYK7UxheXY2BTY9HF19WHvRddJ3PQ/wHu2Oy1r5GuYV5XbK11JXAk4GV6TTVDJ6dkzDkOAKsPSX5jtCU5xK/f8ACuTE6CT6rjP74b9l2oIDR91a7Ne/JHnYJad7HDI0lYWZhjkc3B2JAC3YIcw43BWNuDQLjgDA3XQolg4flYZW8x16oAYpZRz91jaiPw3EgL0CsAc+alI+yxNwi8N+42GV6/xOoz9h8a+rdOtvzEq01fDXO9lqaSUPi0O32wVh6Y77Hdam0TOeGjO4G69IuEfJNUsfeTaYaJZWkY2UCLNLcw942cVYOIbUNe3bVsVDrmfzmvAzuo+QNLY4WI1cJ2DmnIKFXt1UrwuW54fSsOclGkAIwUiSwe4rnuimYSg1U11lY8AaitNVNBjBwsvdiaS9OeeHHA9lp6SUzUzHE5OMJLNFTwyFFKASMcHCZPu7YoLiWzuA9U+V+ktGEqSNSeQ0LznhSpHlzRsocbxnYKSH5jyBlJfDHVvAOQlzTlVM7cvJz3KtdW/HKqrh5HuLRgFL7NA1rs7hdqCNI2QYn4YG4RHHIUFTlgr585CLFMQ3CZP3Pso8UwDgCgwJVm0kVHGVVSYOoZ5VnK4OZjPKpJSWzOaexVi77eDO1H8uZzNPBPddByiVwHzLt8ITcDg5QtYOLLGeBg5TCd8p4OCmIZlBAcrrfqC41OaPMD6K0U+iXFwE8nCZFwE9y119Cpo64YCGPqRX8IJ5RCWHjxggoMmMLreEx/Kp8FDPxJ34UNpyeET8KCUsBg38po5XX/UV0cJDZTOtGStD0xQS1NawNHcKigaXOAAySvSOibeIB4rm5cW7Ll62xKJ6jwGncpps2EIMcLIsbtUunbnchB0gYxlSohgBebulk+laaGGmgwGEhucpOXCQ3nslVxyzocJDKqQsbsOBlUsTTPXB/oVNvFQ5sbWtONXKHaICSZjxnAXb8fpnKWTzXlNf8S2p4LakiGclV9fLJVXCOlaMt4wPurJrw0fqhdNURrbo+sc0ljXYBK91pKlVWkfD/qXyUrrmos11LG2CCOMADS0bK96fpnvl8bHl43VIInTVQhj5OAFrmtFtoWgDBA3T8I8Pc9zK7qe7GkpjTM2c/wAoTOhrU6SV90lj2+hpPqqB3j369tiblzNeP3XqdDRxUNLFTRtxobuo1kzzeyG0mjhNdsk12y5qDdyeFSjhmUiXOc+AQBugWiille2QjATZ3GomIaDhX1FAIYmjupPohOAwAPRJIcJLNLsg9RLjWxUcWt7h7BFqpxTwmQ9lkXSVd3rTg5bnA9k2BCVZaCW83R1VLnwmOzkjbZbBzQxukHYcBOttDHQ0McLWgOxqcUCok8R+lh47q29wLWRhLnPwpkMPG3KDBFuCQphIaxCUMleYniJvBRoPLj3UYeeYOPZTGlrRlQgSSbw2kkLznq+/SXCr/hFMSCR5iPTur/qu9CniNPC/zhvAPJKwNfXR2i3yXKo3qXjA9d1MYHVRyyh6uuklPFF07RPOuXBl084VF1LW/wCzNi+VocGqnZlrc9+x/VWtloZ9c3Udzj1SSnYO40eiyNVJ/tDe6iue0mmpn+HA30cEw6dMcLL6O9FWB1sjkuVwxJXVWHFzty1bSmgc4gluSeAg2q3vIEkvpnfsrm4XK32K1S3Wr0tEIGHYVuSiS6zdPKKbrfrK29AWE1NTtUStc2NvfVjn7DK+Rr5eKy/XWa6V0zpJZnZJceFcdf8AWdZ1nepK2eVxjDjoZnygeyy4DiVkut9HtvFaBaGndJfewoaDjZFjjz2Sjj4yETgLP2dKU2zrfKCVGnm7YRJJtIIHdQ3SanHZDLlFwWRr3OeUWNh1Alq5EwkjIUvSNtkja2xjlgTdhslkeqdkBu6jvkDe6ttRKSyPc4NGSeFAqazOWxuSnqs7KCfMSeFmtv8ASHVV7RzpXPO5QycrpOVxYnJt5NKikN1HGMrmR6pxjdjYcpCmcDl52KEoZ9XHZcDXuOAFI8KJpGnZP1NYNmo4xyQCylmdvgAI8UDGjz7n7pNcXcbfmmhjzyeUahgCTCZhacHZd8XA8rdkMQHOSEcRgDCY4kBeM7VjByn6SRkhODRnhEAGFX+CnMDgpYKJgJYCoobgJJ6ShTfAl0DukOU8AYVpFbmjoZgDZLAXQSujY5TQ65oeGgHIC7gnBwmg6sdkYABUOyNA7BEA7rg5RAO6g+Mjo4STshdUD3IYknroOEIaQNFAwuhpCeGYwcKDIxycYDyijhIBdSho7ATsBNRA0ncBWho3ASwE7SR2SAOVY6BzT7LuCitaCMkLuhvoqzgaDXMBHwUgDlDJ7iAvCd/T+662Ig7t/dSA3bhLR7IcYIB0A4ACQhJPP7KUI8425T2RAgjCJRyGl6REfTse3D2A59lVV1hgnjzBhjxvxsVeFhXNBVcoGzTQsXJhp6SqpHls0Rx/UOEMOBW8lgjmYWSRhwPqqOu6Xa4GWjfh3Ok8JkZZORqdDKK3QM9p905dlp6ilf4c8Rb2z2XETWTnyg4diTEk9Uo4BGJJ6SsgkkklSjggkkkkRByaknIiAl0HC4koAFXQTkbriStcPIBq+nruHD5epeONjlXjmZ3HC86jkdE4OB4W+s1wFwow3UMx4Wmueezj6yj4vvCkkchc1eyM6EZ4XBFg5AWjgxpggzO4b+6RZjct/dGwEsBQjkRsFMUktB3whAHdRvBankPQz+DM09srSiRs7A5m4WSz6bLQ2WcSRiM8p1bz2I1EcLcSCzBTXN91LkhLd9P7oRbtyjMieSMW+oSwEQg5TTwoWrMgnsGE621U9trY6uB+lzHAnfkeichyMOAQrjwXZFWRwe40NdFX0sdVT7xvaCCpCw3w3uxljfa55Pp3YCt2WgZweFqj0cC+GybQJPTTsnIhQkVCRVTICSSSVkGJJJKEGpJJKEEkkkjEjEkklBwxJJJQISe3GN0JOYcd1WQyLVtAJIVYeVb1g8upVLvqKsgJyG9EchvUGsCQvNuqWmK6vw3GV6S76SsB100C6x4GMxhZ7uI5OjoeZ4IdqJ5ytDGMNA9lnbURgfktG04aD6hIhyatQsPA5JMSTDOJJJJQgkkklCDERqGiNVoiNL0g0Ged2NwNitbHnIysx0Y0Dx3kZB2WnDvZNXRy7/zYccIur2UYcog4TTM1yGUC6VHytvqZf/obgpmsNBKzfWFf4FknztqyAqbwNpW6aR5RUyOnqpJ3cuJP7po3XA4Hf1XVmk8s78E4xSNf0JWCGSSA/i3W61ahheWdPVLaa4N1HAfsvUYXB8YI7gI48nJ1cGrMjJaZlRs9oIHqiQt04A2wnN2XTyjawZslLf6YFnjMbvndUD8nHZa65xOmpXBnI3WWe0jIPIQM1VWcYIqSc8YKaqHDUkklCDl3JXEkBD7DLGDgZUaenilHnblTiPVCc33X5LTwf0JTyY+89KeNmWjI1HfBWSq6Gamc5kjcOad162xgJyeyq7lYqa4EvLAHnumQtwymsnlL4wSOyurFfJaCQQzO1RO2IKddrDUUc7gGnSPZVD2lu3dO3KRT6L+89NU1cf4hbHBrnjJaD3VNbr1W2qs+WridAOPsjWu8y0UoikcXRntlXFxtNJe4RNE9rZMZDkWMgZ5L21XqnrmhgkGexVuHg87LyhjLj09VBzwfDzjIOy1tl6ohqiIZX7njJQSjgZCf7NYz3OcJTQslGHBRopg7b1Ulr9Q3QhkCptsDmEhu+FnK+2TRgvaMgHhbMtDuUCemg2Bjz+aDaQyFtutwt8gME7gB+EnZb6y9cRShsdaMO43WXrbDqeZqUgHu0qrDXROLHghzTghXgqUD2aGpttyi05Ycjgqhv3R8NQ3xaLSx/wBtisha77LTAMc8nHBW6s3U1JVsEdQ4AjvyqFNuDMOY6u01GmQFpYd/dXFPcmVEYEhG/dbGstdBcoiXMY8EbHusdXdOVFukdLC/XFn6e4QlfJkjVdEyTdpBBVJXWwAZwtE3doB7KPUwBwwrgxmTFVdvOdm8dlV1FG4fhW2qqQH8AVVPRHfyhPyQyctPo204/NRTG4cq/rKPJyG4VdJTOby1WU4kArRdM9e3rp2QMbK6SHP0k7gKmdH2QHMLd1TSkVKOD6H6Y62tXVUYjicI6prcuYTz9lfeEWHcfcL5goa+eimEtPI6N7TkOacFerdIfFCINZTXkuc44b4hP+ayW08iXE9GnjjnjMUjB91Wy0c0HmjdraOynRVdPXN8SklbI0jPlOU0sduM43WZxwAntIVPUva7duPurOlrBkbgqFJT6zqGyjubJDuMn2ykSWSniZpoZhIBhwUpkmkjG6zFFXuaQHFXMFUyUDSUPQuUMFq1wcAcgFObKQQ1QmyYxun+JqAB2VCZQLSN3iDJcEbIPBVWyR7D5TgFSoptX1KGecGS0lzK6oLawOSSSUKEnpieoQSSSShBJJJKEEkkkoQekkkjIJJJJUyMSSSSEWxySSShQl3BSHKdv6qAt4Oubq7qFW2mirGFs0Qye42U9JQH5DLy9LXKnYX2i4sGP+HM7Y+wVZNVXGjPh3SzzBzeZIm5B91uXMBOUQHIw4B333UDhdJPkwlHf6eSXwWvcPZyuhAyVoe6MHIVp/C7a7LxRReJ3dpCYKd7DlkeyMd8u4ztf09T1AJYwRuPos5V2e4UDi5gLwPReiv8MAeINKGIIpTwN1Ao2pPk8+or2YXeHVMdgd/RXUNcypGqCYOJ7Bytrh01RVIc7wQ0u7tCzlf0nPTHxaOR7HDfI4KgbnGXRd09zrKUAysc6P15VjBeqeUDOxWIivVytZEVdCZGDk4yFbUt2tFywQWxP9CcBQvGejXxVEUozG8ORgcrLhk8BEkLzjsWlS471JFpbO381eQJRwaDGSF0NDeTyoFNc45QNwcqWZmOAIKj5FtMj1Vqo6g6n07C498Kjr+lYtRlpvvgHC0oOFw5KmAsyXRiWXC62Z2k63xj8L1b0HVtHUYZMCx/cFX76WCZmiWJrwfUKjrulaSUufTDQ4qEUo+yzZVQTgPjla780QSN041ArGVVjvNucZaJ7yW787KysNzrakaKyExvbschUW1HGYsv3U0dU0xysDmuHBGVUu6Uipnmot08kb850h236K7ZxznuikbYV4EOxp8FXDcqiFwirYnAj8QGxU9lZE8DS4HK5JAJhgjKivtmPNC4tcqfBPyLJkgd3RQcqidNVQHQ5pPupVLcg5wZIcIU8lNYLV2cjBXdRbsd8qP8w3O2Ci+IHDOUQtxyPByMrqCug4OVBTwSMlc1750rgk7YSwDvhAKaSfATVqGHDPsVEmsluncXvg0l3OkkKSDhE1Ad0a4CTwVDrDNDL4lHXPYP6X7hB8W+UcmiWnZO3sWnCvtfumPIPdWpItt+ynZf6QDFTHJE8bEFqmQ1dJUsEkU7HA++6kGngef5kbHfdoKiTdOWyR3iwB8DjnOg4H6KSWQc7uA/hxuGdAwfZAfRNzqiyHfdB/gdfTP8SjuRd/hlOQk+W+0P82ajjqY+/hHcIllCnEksdcKYaw7W30Kf/FnRn+dD5VFb1PSN8tTBNEe4cxTGV9prPJHLGcjg4BCaQJHcaeQcgZ9SpbdEjQ5hBHsoYt9HMPIR+SGbRPHvSVMgHoShaBcWTSwgc8pNbtjKrz/Fqd2+mUY4KcLk5hxUU74z32S8tMBlgG47/suGNjvqY0/cZQW3CgcAfmQD6FHa5j26mPa4H0KbG6S4RCiu/RfS9+1C5WKjk1/ViIDKwl0/s0fDyvf41E2st0mrUDTS6QD9l6wAT2RFphqLY85APEJPgF1VavJ0l8Ta+HP0Q1XnYP15Qjb/AO0X0y8ONNaL5DGNLfD0tf8AfGy9zxvlO2O2VoWusiuSHhc3xS6mtbxF1V8OrrDIB55YWAsJ9lYWn4t9F3JrZDVy0me9RHoH2ByvZ4wBuQD9wqu59K9M3kuNysdLPqILtcYOUcdapdoBoy1Bf7JcX+FQ3SnnfjOlrxlWkZx2yoVZ8G/h/WEGG0uoiM7079GPttsoX/sjvNvB/wBnes6pjCf7qpy9uPtlGtTX+yPhF4+lpZj/ADqaJ/8AzNBVJd/h50beMmssVM7Vx5Bt+yK2yfEm1hjGCguTQNycsP8Aqoj+q77RzeFful6umjacGSNupoP6DZPhrZw/BiZLkyty/s0/DC7B/wD7ulp9Xdj+FmKv+xxYJsSWi9vjxsHy7/tlevU/WlheMPndE7trGAVf0lbSVkYdS1LH7ZwHLRDy2qg+Jso+TLx/ZJ66pnSGhq6GpDf6HnKx10/s/fFC1Fxn6ele1vdm+Qvu4yShuCCQF2Os0DzsyPQhbavqLU1rD5LPzjufR98tJcK23Ssa3YnT3Vc+hfjLgW/sv0xdFZK7Hz8EZPo5gKqrh8NfhzedRqrLSvLuP5Y2/ZbavqWfcwz83vljkYdg+qNE+uj2ZUk+y+77v/Zs+HNx1fL0LKfV/Q1Yu4/2O7JUNcKG+ujeTkEw6sD0+oLfR9R1S/3GW5R/qZ8jtud3pz/fY/NWEHVEjWhtRTh5HcHle9XP+x91PT6fl6uCfb8IIWMvX9nfr2yl3i9OSyAcFq2w89ppvGSnKH9LPPf9pLa9w+YpnN9wp1Pd7O8AwVjo3ehdhCunw26loJi2a2Stb7jhUVTYHUriJmaXd/Zba9fTZymPhPb0a+K61wINBdpfzfkKzpeqOpqduzo5R/iHK8zNK6F2WVMo/wDEpEVbeYcGnqnkDsSnLVQf4sN6ieeD1Km66uMLv/eFuD2//Q2qwh+IFqeQJqeaMn1C8mZ1NeafDZml477qdB1bROYRWUT99zlqJajIa1ViPW6fq2yz/TM5ufVWEFwoarHg1TSecE4XjcV7stS4RsBiJH4tlMgqadnlgrSB2Bfwmq1PoYtdP2exsk/xA/ZEa4leTQ3K5x4MNe/H/NlWND1Nd6aTUZfFHoUeTRDVxf5HpbXlHY4b4KwEfW1SXgTRAN9QrKn62t+wmDmn1V7mzbDU1S9myBLTwniTP4eFRU3U1vnYC2dmPcqVDd6aV2mOdv5lVKWBqtg/xLQVDAcP2TxNCR9W6hxzxu+ogkruQd8gKvkGxWSYHA904DJHuouHYGHJ8ZqGkES/so7MhbCZggbpdiUEVD9g85TxUsd9KDIaWBDbIA5XNJ/p/dP8QHBY8bpwAKmWMUc9kZ0bZBpkAcDyCFCrenLLWRGOpoIng8+UBWukHuu6fdTLKno6bO0Ymq+HNlc5slDPV0kjeHRSY/X1UR3S3VtDLrtl9iqs8tqvJgf82+Vu3R7junNg0jfurjLaZLPFUy/Hg89F16joJTFebMfCG3iwnU0/l/qlH1NY5pBG+bQTx4jcArfyR6hhwyPfdQa+x2y56WV1PTyMbnAcMH8k1aiS6Mc/EyjzF5/yZZtk6buLvmPAjJO2qMgD9kGq6OpSzNE8tdyAVc1fw36fnLZKOSallYMB8bz/ANVBk6N6loNH8M6hbUt/A2oZgn88o46yce2ZbdBJflD/ALFTJYbhEwNe4Pa3cAnYKjuHSduq5TNV0jA52clm2VsZK3rS3RgXHpyKtYdsU5w4e/uk3q2zAtjuFpqKKQ7Fs9Powfv3T4a2Tf3GK3x1dvG3B5rJ0lLQeaxXKpgwdoy/b7KLJP1rQPd8zbaathbydH8z9V67FSdOXN3jQV1I0nkeJjf7LlR0dKTqgn1Mdx3H5J61i9nPu8Jn8DxuTqO0x/zb1aamicOXRjUB/kp9FWdO18bZ7T1KwPHLXhzf816FWdJ1EDS8xRvzz5d1lrp8P+n6iJzqm1GJz8lzo8gZ9dk2GpTZgt8VfX+KyRWNrcaoq+Gdvq05QaqjZVMLa2mZK085Crf9jYrXIHWi+1MIHDHOJb9t0NsvVlBUEymOrh7e4W6NqfJyb9NKt/fFgKzpKkOZKCUxu/peqia1XCiJ/k628khal3UlOMMuFte39R/kVYUk9qrWB0L279iU9WGKdNb/AA4ZgBUEOw7n0R2zxubh5wStlV9M22scXGNoce42Kpa7omthDpKV/isG4B5V/JH2Ilp7YcvkqopnMPlkdj2Kt6PqCpiaGSN8QDjJ3VJJTVNK7RNE9pHsutmaNsj9ULa9CndODwa+nuFurQPEY0P7hwT221weZaGcsdyWg5CyscufMApkN1lpnNLXubjuCmR3J5RcrlJYky5fU19O4ioZrb7BRTXtJOWKTT9QxSta2cNye6PJTUFc3WwtY49wtdViX5GWdSsf2PJUvdT1A2IY5QnCeBx7t9Qp9bZp492bjsQqxxqqU4e0ub+6313RfR5vyGj+STjNBjWRkBsrQcrjYIH+aM4z2yok8jKhuQzS7uooNTTnUxxIWqKTPC+Q8ZsbcC3jfPA7yuJHoVYQVLsAkKmguLXYbKMHupbZYnt1seMeiNxwecnFxLiOrJ2RmT5IVUx+MBEa9zcHJwlgOBeRyBwyEQy6eBnKpGVUrcY2AUxlQSBndQBplhqD8HCg3Ozw17dbCI5PX1RWTtOxPKMXB45VZBTaM0KurszxFWNJZnDXBXlsvMkjgwO25wV2poY62F0Uzc5Gx91SVFDV2stmZl7QcbeismNxtIawvOCQpQkDt1krfe6aQhryWu91ew1XGRsoKsrLTxR6JeKPRR2yggFd1A7KCtrDio9QERrw44UJ0Z2K417mHjKgZYB+k7DOUZjgQMhVsdYBgOClMla8DsgAaySdKYG47pviDjH7oheByhayVygMrMjHqsh1d8OLH1RSOjmiEUxBw8DbK2p0numOb5SlTqUxlN1lElOp4Z8fdefCe9dHPfVub41G52z2jj7rA+JucL7wrrbR3GJ1LX07ZYnAgtK8S+IfwGp5YZbh0toiLMu8Ajn81jv0cfR7HxX1B8uKtT3+z5/PCEZHMII3UytoKu3VD6WthdHLE4tcCMYKiStDguVdRjhHrKr8rMSZSVpxg4+ymiVsgyqFpcx2QptPUlp8yxyqaOjRrM/bMsYy5rgFIa7I3UWORrsY5RS4EZCBpo6ULN3Qdv1A5VnbqpzJRuOOFTtk7YRqWTTICqNlVux5NtSTCQA5VjE7BCzttqAWgE8q6gO2cqHfovUo5LJjiQEcHKhROwQFLaBjOVDfGWRZ9U9JCBwoMUshUkklAZjE4gYyupihQ1wG4QHMBJRihkHKgJGc0DhAlbtyphGUJ7chQW1kgvYMkKBVRbZCtJmHOVFmYCEDMs1kpJocfh/dRgDG8HCt5ogNsKBUR77JNtZks4ZZW64HZriMq+jdqaDnlYZkjop2PBOBytPQXOKQDBwsUoZO147XqX+nJloThSbVdzbqjxMEtPKiOc14BCYRgLPOvJ365yhJSTPUqSuZW07Jm7hwBRJWjYrAdO32SgnEMrz4Lux7LdxTMmjEkbgWnfZZHDB6Gi75o5M11NbgW/NMHOxUTpK7OgqTTSOwM4wVqKuNlRC6F42csDdqOa1VfiRkjB5S9oFicLNx6PX0zKqAuA5GVR26qmt9UYXOw0u2B7qZYLuy4W9oJ8wbg/dMudG2WPUG4LeCOxVJGlWZ5Lxk+sbgYKA//d5g/HlO+FU2ave7/d5nZczYH1V1M3xYcgbhVgbu3IrY3ChrxNGf5M549D6K61acSxnY7lUT2ZL4SOfM37qyt83zFOYHO87NiqChLBYvDJGeIw9spkMmOBhQ6GdxmkpZThwzhSHZYcEKGqEyyDvFiAO6gMe6GZ0Ugxngo9LOM6Ch1uM+KBlKlHcNCvAcAsj1DR4YSB3JWoidrZnKr7vS+LBgNGd0cFtM2qhvg0eayZbLkchbfpW4ian+Xc7cbjKyFVTPZK7ZTrLUmknZg8Hf7JucnFps+KfJvySJWldqSXM/JDZJ4mg45GUWQBzcZwj25OrCW5ZRGppf5Q1DclUV8p2irDmtwraCUNndHjgqJfGf7wCP6U+t4Zk1kVOtowVf/JuzQ7Gl5wVm+qaPwHuc0bP3C1HVcDQIqoAgtd2VPfojWW1tawggN3C9D4uxxsyz5l5/S/NTZXjpGTpMk7rQ2afD9J4ws1EcFW9ulEUofn2Xs4T3dHw7VQynE0smXPDwhVf90X44RYniSMFNnGW7oznJbWWdmlDqYNLhn0ViM4WctDi2rDckD0WiJzkApVh7HRXbq0zHdV07WSmU8k5BU6yVBdSgHfbCN1VTRyUGst8zTnKp+m5nnMZdkLOzTGzFmP2TKlphqw93BOU6QhxDuwSu31A44Q3t1QafVLbN0WkEY8Obgd+6PE8GIMI4UKndoYGEZwpEDtEgclmiMss5JJocQQolwGqLIG6kVRzM4hRpniUFp2wljc8EBpx+SO057KO92l5GO6KyTUM45QCpyyBqQefZVhyHK4lALTn0KqaoYOygix4HCQuGCq+oH84n1Uhjt+UCpIyFH0InPcZ+6n/eDhR4ycBS7mP55Kis4S2c39/5FMSAMIKNPwEFKn2QI1EYMn7IbUSPlXFlPomN4TzvwmN4XVshLCFsekuA5XUwScPCEeEd/wBJUMh+ds/qlWPBaO48+U+TgJg5TnnICHOSegSQ5SXQMJecESy8FjZYRNVgHher9PQCKNhA7LA9J0Ub3Ne5uS52Mr0+gijihG2OwXndfNysaPong9N8VKsZKa7U4bcKc36GqJA0HcqXHtlcK15lhHsqPxydO/CHMQ0ayUTY/koVxnLYDgLRRW5SSCvt2xbKmoklq6oRg5ycAei0EEIgibEOw3VPZIg6Z0z98DZXL36SGgcr2fjtPhpHyz6i8pGpvcBr3OEBY12C84WntdK23WxrseYgH7qgpaM3C5xRH+7iOt3utPKfGq4qGL6TsSvQpNLB8e1t/wAs3Ivel6Iyk1sw+2UTqe5hkZpo37uGNlaMbHbrZoBALW5KxsQmvt6DGbhpwSjOW+ZKRqOhLJ4Ufz8zSSfpytpjIQKCmbSUkcDRjS0Ao+r2VCbWnLJxDm3bjKIozzql8MZ9VYo7RQgzayMhXTeAolNCI2DygKYBnO6VZz0AFYMDCcSACT2XGqnv9xEDRTMfhxGThBFZIV94uslXIYInEMBwcd1d9OWjwWNnlHO+/wDkqWwW75ucSyNyAdls34gaAPTsrb2kOVcxB8Jh3PKFBEQQSNkKLVLUlx4wrAAADA4VAt4ONaAOEGqlJcIWuxnlHcdIJ9FXQuM9SXdm8qFE6naWtGUK410dDAZZHdjhHcQzfssH1ld5Kmr+Up5MCMYcEUew4rJClnkrq11e8EMBOM91k6oTdUX/AEx5+Sojhx7FyvL7UyRWtlJASH1ADQAqqsqY+j+nw3I8WVup4zjKe4ZRpqSfC7KXrrqHwCzp2h2ke0MBaeM9/wDNA6fs/wAtFG148rN3f4nKn6ao57rcZLxW5cXOJZnsFu6aIeI2EDZ2UEmomuU9kFENTxat5MtpxvIQvnn42fEn+P3R9ls07mUEBLSWnAet18bviNF07a3dJ2yXVWTEmSWN30t9PzXzS3VqySd1kus9HofCeO3taq5ceg7RxtsiMbjGy4weUFEWTmXLPV2PPI4uAAwEOR+yUj9lEkkyiRUYZOvkJKQaShtBLgpsbAANlY1radhbgDIRSQAm5DGqLUVXYJE57AUshJ59PCrZ6glKWcuIG6ARncjP5rFbY3wPhEa95fympEYOCu6HeiyNtjByQODlINceAnCFx5VqLC3Ib4vo1ccXvwAFJZAOcIjGAdkxQ5A3kVtLUE6sbI7ac99ipIdhuAUI8puzgB2ZEIBjO36rmkBdyfVJU0DltiSXMhLIRho6kuZCWQqbSLOpJmv2XDKc8IZTx0QIkh5CRIPdLcsECZHqntI9VGc8tXNRyqVmCmskzI9UtvVQhP65XfmPYoldgFRJvitzwiiXAwBlV3jfdP8AHA2KJWfsZHK7LAStJxlEDwRlV3jb4yUQTgjv+qJOL9h/Iyd4icHDKheK1EEwHv8Amr3IJWlg3BaNwkRhQ2TjI3KO2duBkKx0LM8EhoGcoh5CjeOPRP8AmASNlGaoWJEkcJLjXAhdSH2OTyEaMnBRgBhAa4Ao44RDG8nHAJNAzldck3PYKvRpgNa0g5IRRwlgJ6oYLAXWt3zhIDuiMAJCKKIIM2zhd0+yK1oIyQu6G+ikmiHByngDA2SHKIOEI+AHQFwsARvCPql4R9VeR2SOWY7LjmkhSvDHouFg7KZBwuiqqqGOqYYpWZzwe4WfuHT1VSjxIf5jfbkLZsiGd2rvh7eqoxXaGFy2nm5YW7HZc0+61F56dE7zPR4a47lvYrMvikhe6OVpa4bEFMOFqKZ6aW1jEk5JQzDUk5JTJTeBqSSSsmRJyHq9kRETIkkklAcCSSSUBYlZWm4PoahukkNJAKrU8DO2cI4PDAsrjZFxkenMxIxrh3AKRGO6pulbmaiMUU5zJG3Y55C0JYd/dboPKOBdD4pOJEIwcLh4RnnB2Tc5V4EbyOQcrmjvhFwEsBFJYLTxyAI7KXaJ/BqGtcdjsELT7rjRg5RLgux7o4NmdMjMj/NQ3NwSV2hl8SlafRGeNTdk1HNxteGQyBlNR3NOeEPBUDBkZ7pmndHwU3BULDWOufa7vTVYdhmoNd9l7Q15e0P/AKhleHPblvO4XqfRV2dc7IwzHMsH8tx9QO60VSz2c7WV5+8vEl08ri0HMHpJJKFiSSSUIMSSSUINSSSUIJMT0xQgkkklCDFx/wBJXVx/0lQIE/6ikxxyBlJ/1FJn1BV6G+jtYP5BxyqcgjlXUuDGQquoADtlYJFchvRHIbyoNYw8H7Lz/r7/AOekf/0tq9APB+y87+ITgLrDv/wwkXvFbOloP9wg2s7LRAeUH1Cz1p+lX7e32WeBsuX3ZCpLg4XUwyvhiSSSUKEmJ6YoQS6uLpIAGVa7JnBsekozHQukxy5aBnKqrDEGWqPb6jlWTTunJZRy7nmTZLHCed0FuwTycJyRn9g5pCw/dYjr64sbRfJ48z3crYVMwDgF5j1zVa7i2PH0tKVOW3g26KvdamZsFzcAorTkKMTvlPa7Czs77iTqaTwp2SehXqtqqBLRxu2J0heRsdhel9Lyl9A0nfAH+SkOzm6ytY3GhG/5Jw3Q2PznZEGy0HJGzN8pGORhY6viLJ37YC2bztjCzF4aPFJAUG1Pkp38oaLJyhJRqQkkklCxJJJKEPrqGvLzonOl45CmtcHDIK5PQQOGprN1WRurKWpc1/mYvyOf0H6LPT7pafdBjrI5caTuUcOyMlQsi1VHT1LcSsG/dZm6dLwPc4xs0n1C2BGUzw2uBDtwrTIeSV1rfTyOa5hBCZbK6ooJfK4lndpXpFxsUdTlwaDlZG89PSU4MkbSPyT4zwASXCjvNJpcGnUOO4KzdVZ56CbXTE7cLjH1VFJqaXN9cd1cQVUdZGHBw1HkH1RqWSCs/Uz4mNgqidTdsrVUNybVNHhvBCxdZahITJGNJP6JtFW1lrlGppLe/urGp4PSGHLc55T3N1Kitd7pqgNaZME8jPC0NOdg7GQeCqLI7oXKurrbDP5nDDztkLRNDSOFGngacYGFTSIYqst9RRnWDqbnYhNp6+WBwIcQR6LT1FKXcNGPRUlZZy4ukgIBP4Uh9lNZL+z9Xvi0skft+y11PX0ddHlrwS7kFeLyNqqWTJaRhWVsvtVTvDRKRj1KgEqsm/uVs8MunpxlvJaOyqzucHbCsLX1HT1UDGzEB/BUmqooKpupgDD2IR7QXmJRPpmvH2VfU0jXbcKxkkmoZ/Bqmktdw7spDoIZ4w+HGe6pMiZlKq25z5VUVNvezlq201I5gIczZVdRSlw4ymKWQsmLqKQsP0qG+IZwRwtRW2+XORHthVE9C9vbCMvspZISCC0LjZCSA7t7qe+A75bnZQpad2QWhU1kpo1PTnWtfZJGtY4mPbYFetWDq22X+MNZII5w0FzScZ+y+fotTcAjhWFDcJqKVs0Eha5voUidWRexM+jNPugvgDwQBuvPOmviQBinu7Dv/wAbV+2F6BRVsFfCJad+vPosc6muhM4OL4I0tPJCc6cBDZWvid5TgBWulrwQ4ZUWpthkBNOzfkpOC089kmiu0T8MecFXEcrJWgsOVhS50cxbpIc0qyt94cwhr3YwqwyOCZrtRG3KI2UgcKuoLlBMMF2SpokGPZAZ5xwyVT1mPLI/n1U5jmkZDuVTEZ3RYpzERqccKhM68oucg8JKLDUseNjlSGvBUF7WuBySSWQoUJJJJQg9JJJQg9JJJGJEkkkoQSSSSpkY5JJJCLYl3BSHKcoA3gSSSShXY9JJJQESSSShBDlFGA3ZCSyfVQmTjmMJOWg5QTRQuOSXt/5ThHSHKhMkcw1EA8jvEb6HlBbPvpnp3Bp9QrIEYSeGnn/JWFGW0pp7ZbawOD2gZ9Qs9WfD6GaUyU7g1p3BatrJEz+gfohhkrN4zn2JUGxvlHo8zfTdW9PSuEbhVQDhrvRGouqqSof4NwYYJOC17cb+xXort/8AtFOMHbOMqquXStkugd4lMwOd3ARDVdnsqaZsU4EtFUtcOwDsqbDWSU/lnBwO4VHU/Dm4UQNRYbm5kgOfDcTgoBu99s38rqC2mRjeXxb7eqhe5Gyp7jBJgRztdnsSpXjgchZC3XPpe7YdT1Zgl7NLgHD7hWTnXWkAe1zKuDtjnCsrBoGTt/VFB1ArMx32m1iOoLoJPR3Csoa6RzdUcgkb7KAtFi5uc5Oyb8pSn/hgE+6A25RtOJQd+6MJIngOjkzlQB/acbTyxO8sjXN9CdwiiRjPqO5TXAnjKa6Mu7KxZIY4O4RAAMg7e6gNdJEQWlHNWMAOG6BrJQSSNr9iOdlDmtMThqYd1LbO1xAHdGByhI20UrqW4U7h4QyB6p4udXAMVFIXY7sCuSB6obow7YjKgO5MgUt+t05DfF0PP4XbKfDLHMNTHAj7qHV2ihqG4dC0H1A3QY7GwHLKqVv2KhJRS6LfQTwnNVNI3qClwykkZI0cF3KGzqSrp/LcrVM0j6nxtyFBbjgvXZyMFJ2dt1WQ9SWmU48fQT2dspsdbBM0OieHA8FGAFyUslIAngLmRnGVCwi6HuHdNSV7ORe1hPFyckLrZiNgEEHPZP0o8pAYCllPMP5kMZz/AFAIE1ht8u4jiaTzoT3NSa4x8BH/AIAy0Qf9nnxPBpbhNGB2ymvp+paSXMNS2VnurQVDhuQnCrwMYU5B3yfDK9ldd4gBV0Pi+8ad/FYCQZ6WVuPUKybOxwznHsmkxO7B35JZRF/9zzgSFrGk89kD+FBxLqWrww741cKYbRSVDy4s0k+ib/BBAddPVPjPsVCEUuu1GNAj8Vo790orwGnTVQPjPc4UjwLhTkuZUGX/AAuTXzTN3q7c5/8AygFXlkDRV9FMPLUN3R2Oa/6XAj2VU+G0VB1vidG7uMYwuttjy4SUddowNt87fZTLKyXIyAThN1Z2wqZsnUFLMdTWTs7e6f8Axx7BieglY4cjCm5lSjktASDkFPzx7KBDerdK3Lpiw9w4KWyop3gPZMwg8eZUAShI4DbKWvG5aCuCRvou5H9BWiM2gCBcLJY7pn5qz0xJOc6BlVE/w8sL8OpZ6qkeODFJgfotKuhvfKZ8hDFv6Q6poHuFo6hdURjdsdQ8kIYuPVVCPDulhfO7+qEbH3W5AxwU0yygY1n80fzFPgw7OqrfktraGrp3jkOjVhDc7XUNbJS3Fm/bOCFfS0VFVO1VFLG4nYnSq+o6UsE+7acAnnAwq+TJBsFXKwh8c+QfflTG19VnLiqr/ZCOHJpq+dvcAu4+yG61X6nP8us8Qdg4qfIAaBl0qB5SCVIbcYsASgLLg32DHiQBw74Kc65SRtBnp3KfKA1no0+bRVf9ppY5fu0FUN6+Gvw3vpL6zpqk8Q8uawDKDBe6cEamlqmw3ekkGA/c+6bHVWQ/FlOvPbMPeP7MnwovQPg0MtISPwPysHev7FsE2qXprq8NH/c1EIH6EFe+09ZG5xa137qQZSCDzlNr8lqK3mMiKM4v7WfH1+/se/E6gcZLfLQVsY7+LoP7rA3/AOBfxVsRDqno2pmjBwXwfzAPuAv0DbUFuNlJZVANGQt9PntTDhvIzdPH3H5g3Gx3G3PLK+2yw6Dg6maSCojYhy1zgR3yv1Eq46CtiNPX0FPVRu7SsDsfbKx90+C3wovmp9f0RbvEf/xIm+G4fmFvp+oZp/cUptn52vkroseFVOb7ZT4rtdYN/mQ72K+1b5/ZE+Fdzy63S3S1yHvFUl7R/wCErAXj+w9eGB0vTXXFPVtJ8rKmENdj7tO/6Lq0+fhL85Fbj5xZ1RdI8B8URx6BSB1cxgBqqdzweQ1vC9Kvn9kz4xWcl9PaqO4xjg09UNR/8LsFYW8fDX4gdP5F36JukGn6j4Djj9l0q/MVWfjIZCzBHpusLbkgMlZ7EK0peqKU7iuIH2WPkjpSAZcN29EM0tLLjwnrbDXws9muF0o9M9JpOqIMgfxJ32yVbQdRl4wytLvzXkjaDAwHO/VCNPdKeTNPUvA7HJTf5MX0aI6uxdM90i6irNDWhwIHcqezqKsAH0leDQ3fqGkxioc4ehJU+Hru+U7R4zGAeqn8hPo11a6S/M9xp+pGucBO0+6sYr/bnbPeWfdeI0/xOiYGirpt+7mrRWnr6wV50SEggdwp8yOhVq4TPV4bhbpD5K2L7ZUyMslblkgI9l5rBdLDVv0R1TWO7bqxhqHMP+6VhJA28xVxsXs1xui+jebjcu2TydsrF091vMf0uZIP8SsabqWZmG1tOWj+pu+6bvizQnkv3SHOC1d8Qf8AylVkV5op3aBLg++yL8wwvwHIk8hRwyZqBOMLohjfu9uUJriMHCcKgjbSoMwghpmD6HOb9ih4qQcCTYcIgqMn6U8OaRnCVKW0ppMjGSuacCPxGpktVHEMVNC87ctaCpzHAbBKQAkFUrWhEqFIzc9s6DrmmKoip4JHbkF3h5KY3oWKEiazXispgd2llQXMI9MHOQrmtsdpuDNNVQQvd2cW7hVbekIaLM9or6unlznHiZYfbCJXtiJaSC7GOsHVFJl0N0gqh/TJyoj6m802WXKxNlYdswvD8++BwpjpurKAHyRVbG92buH3CC7q9scebjbpqd42LnMwCnwvMluiUuuCvkksdWzz2+SFw2cHxYwo5tVteA6IRuaeAOVf0nUFjuOBHLEXHs7CJPYrFUjxY4pIpT3Y7AP5LZDVSic67x8m+GmYis6HoqqTxHAewWdq+hKmmnJo2SNYfVuy9NmsdVHgRVh09g4ZQCLrTExOja9o785T69fzyzl6rwldjy44/wAHlD7fdaSQxua849CUSl6graN3hyRasbYcF6ROMuzNbQSe6pa/p+mrA5xpw0+w3T3qVM5dvhHDmtso4+obZV/ybrao3Mf+NjcOCj1PSvSl4efkZ3QSHgOOAptZZJYGta2j1NHtuq1v8CEnh13jUpBw5zjsFojesHOs8Y4cWIqrh0D1DQF0lCWVkQ3xG7UQFRVtNeLe0SV9tmjYds6SvU6KmdBF4ljvrJWEZa0uzkeilg3zQRX0UNXE4fS4ArRDUuP5GK3xkZ/gjxltSyYAscGn0UmGsqGDQJDj7r0ms6e6NvMuLjZ5KCcfU9jjGD/5dv2VJL8JZaqR7+nb6yZm+hkrTt7ZGVpqvhLs5l/jraeUinpeoKqBobK3xG+hVvBcLFc2hlQ8QSHs4LNXPprrGwZNytMhjBx4jRqjP2d3VeyqoZDoqpHQS9w4J6uivxZyrFODxOH/AHNZX9MSBxmpnBzMZBHBCopoHMJY9uCNin09yvlsxJb6wTQjfQ46grSk6u6euAFPeqYUk521gbErVVqnB/ccjWaCNudvszske/G6bFK6A5A/daSt6bdKz5u1zx1ETtwGndUFTSyQu0yxlp9wuhDUxs6PG6/w2yW1INTXTcCU8q2gqqeYDS8ArNOYPRPp5jCdk/bxk8/qdFOo1Qa07tKLw0qlpboI8CU5BVjHXRPHlPKBo58o7ew/iOadjwitrCBuEEH07ruM+yDaJwsk+CqjOATglOkcyQbEFQNQbklNbUaTjCspr9EW42wsJqaUe5aP9Ea3XeRgbBUBxI4UuGuiBw/ugTUkNQCQdJzkEKFNF1T1okA0kHKmxz5O+FRUNLLE8Fx2Vm1rhuoLlFIsPF7ELrmNc3chQfFI7IjarB3CgvDHGJzXZA/dIVL27aUdkrHDhd8FhGcBQEdDVk4BUkTB5AzhQHwkYwMLoc9mM7qEyWIkOPqSyPVQm1WeQjCQEZygKCpgb6bZXE/I9UMo7iGL6/8AhjZut6Lw3MZTVTd2zNZufY+oXzJ1x8Pbz0VVmKshLoCSGSt3af8AovtDWFCudrtt3p3UlwhEkbxhzSNiFkt0+7o63jvL3aF7XzH9Hwkxo5wuSeXhe3/Ez4F1FA6W59NMaYANXhY2XiVVDNBKYqiNzHsJa5p2wVzbdNKL6Pe6LX1a2O+t/wDT2KGpkYRg4CsIqjxAMkZKrMYGcJ0EhDsLBZWdmq9w76LcEEgg8osD8OByoULwe6Iw7hJlBs6ldinHMWaCiqyzG+y01HNqY1w3BCwtPPpxnK0tnqyQGZzhLOvotRj7WaWJx2IKmMdtyoEZbjY8ozDg8qHoITTRNyPUJ6itztlGb9IUHCAx3XUklCZH5HqlkeqDkg7uKQdk4yoC5YHrhAwupHhQoEeUJ/CMeUF/ChGRZ2jlRJQcKdIDlRntUM9kclfI0gqFMwuCtJmgDOOFDmaM7IGsmG2OeCqmiI3wu0VV4EgzsFKljDhwoE8encDhInAzbpVPKNTQVzahuxyVOzlYu21skE+ppxjlaSGuEgCyyhk9J4/Xq2GJMluG4wcLR9NXiaGUUkz8sPGVlg4EkkohnLCHMJBWWdeDt6fVyraaZ6j4mvsqi+0Aq6N2Bl7fMFA6e6gbUMbS1L/ONmu9VeuIfss0opHf+WOogpRMd07cX2yt+Xkzocf0W8OmeLI3DhkLC3yi+UqnTNGGv3B9FoOmLoK6l8BzvPGMIMFRbi+SPUNlo60SgEDO601HWMkiaSQcjdV9ZA15wRnIUO2TOjqTRvPclu/ZVg0RkW1XEQ4SMCh09S+kuImcMMlIafurFjsjBHsq26wuEYlaNgd0Iaf6La7jw/CroO3OPRFiqDPE15OcqLaKtlzt7qZ+72DCjUEjqWofSSHg4H2UH1st4XeblSpHNfAWHBzwq5rxnIUmJxIBQGmM8I5TuMJ8N3KPOxskYCjVGRM2YDYIscokAIHKhM7uzE3qk8GocQNt1TRyeHLkHgrZ3uk8WSRoG6wtZG6nnIJxvhFF4ODqYuu031kuHzFKwHdzfKSraVzmw6xysN05XmOQRk7O2P3W0EviU4BPGyd2aqbHKJXhxFcCeCu3Yh2JecDCbVHw3hwCbI/xadwI3T6uGSbynEynVMQltpdjdpys/bZmSW91JI3IIII9Fta2mjqIHQvGQQvPqWVkF0noycf0/kuzo5qDTPEeZh8c3JdMztbTupauSIjAByPsuwSOByCp/U1NIJmTj6SMKrjbgZXrdJZugmfCvNaaVGqnF/5NdQVAdA3jKPKdTcqntkuIGnPCuWSaomvAz7Lcnk89NYB0r/CqQ8rRMcXNDieVmJCS8vG2eFoabL6WNzjvhBYeh8ZPdDAC/N10JaBk5WLtcr6a4FjTsTwt5VRB7dBGQVgq+MwXIhp0lrs/us50ZPbJSNJXOD4dRbuocLy+ENcpUcrail1EcBRINOcHYApE3g1wnnkbC/FQYiMDHKODpKiTOEdST6o5dgN91RtrCzHUATzhQ3O05KO85aobtyfuq7G9kWd+H8cldY/PblDqiPXlNjfgjPZBgCTwHk+k/Yqrqd1ZuI0H7FVlSFPRnt5RFbIWnKFM7WUnHSUIkOeXeqjwYZT2sr7oMBp9VCZwp1z80bfYqCw4CVMzgpeyGizDGEJIwWo5CNR4+UBqPHyrQMiY3hdXG8Lq0wFsc1dXGrqahIx5whnCUudsIWopFnJZx2M7cLuHO3SZ9QRcDGcICARyjQRmWQNxkA7oYfk8Kys8XiVQPokaiW2GTToqndqIwRuLBbtHghjMYAJWyiOAGgYws/YuWn0C0IBBBwvNauzLyfVtDWoQUV6JLDjCO3BHKjMOwCdkrmxW6R2ILEcEokaSMhUFxqhNJ4MZ2B/VWVTUMhjLnHjgeqpIWiataRwTldrQU7p5OD5rW/BVJJl5b6dtNTNBxqd5iVIc7XyOEE4ZgDKLTt8WUR+q9tpqtskz4R5nXS1Fz3FtaWmGJ9UdtWw+y0/S1EKqqFXM3v5fRZ14DoBTs9AFvbNSi12djiPMG5XQeEeWsfLX7IHWFzNLF8rE7L5NgAp3QloEUAq5med2+Ss3QxzdSX8yOaTGx2PbZel0kEdNG2KIYACsyz+3gnnhNXWfSEtPulrgzzWWNccAplKwyT6jsAuSAucAFLpotAyRuUM3gEltbhdCYN07UByUrdkA5UTCmiMmVli99wuJc4nDjz7I96rpamoFLE44HOFbWW1MZD4j25efVFFELOz0bKdmtrcA7BHnmzKYvRGOmKHHAA/dRIxrlEpGwQkJELCw6iMFSQcpgx6Ic1S2BpJPZQAiXSqIe2njdjO7iFIoImxxeJpwFV0kMlXVmR/05yp9dWNgpsN2AULIV/vIo4XMY7fGVj6anEjpLjVnOSSAVKnlkutWXg4a3nKDX4bEKSN3mccYHZNgNi8FdG5tTWSXCfAgpgQ0HjI7rzXqC5y9Y9Sto4Q40tOcO0nYlX3xEvwtdvZZaI5qJhpw075KjdL2WOzWpjpG/wC8TfzJCfdPbWDdT/px345Za01NBb2MhiYNhgdlG6z6ypehunJ6mWNrq+oIjha44w7B2CsPFo7dbpeobz/Lo4MYdnnOf/T9V8rfEXryv646imrKnV8nG5zYIidmt9v0Cx3ywzp+L8fLXWqUvxi+TPXC4117rZK6vndLLI4uLnFC8MAjdcbsNm7I8bc7lYJzbZ7dJRW2PQmRnGU44aDvlJztLcKI6Q5OCVM/oYstnJ5MuwAhN8ycRnlHjj422RDW1FChg4JG6lO0gDB4TQWtYQosk490uc1Er8jlTMQdIHZQJHEhGklzthA7FY7Z7hsY4BHJK7pJ7p2k54RGtORss/YzKQNsJznCK2MDfCIG98LuCooZ5Acxmhq7gLqSNQSBbyJJcyEiRhF0Elk7q90sj1QnZJIBwuZI7kqN4D2BlwkY5CC5xdsNkJ+oY8xS/kJsDl3oUtXug7+pSJx6/qg3/wBgtgbV7pas90DPt+6WsqpNvooNkeoTX4I5GULJ9Usn1U7IdLjuAkCcri6Bnuo3ggTILdzuhHlJJQgkhykkoQKCNGMpgJ3CakqayQ5rciaj/wDKULT7p+n3U2fog/5l39KQqTncJmlL6VbTXKJgO2sPopEdU5wCgkZTi0nuhVsl2Xhlm2fUM5CMx57hU4Lhw5djqpwd35To25DjY4mgZUEc9kdsod+aooqwj6ipMVW0nGVeUaI6lLst2uzjdGae2VXxSBwyCVKY7BBKrKRpruXZMyERn2QGuGMrrJCDjHKmDXCxMkLoHdMbuUcacbq0x6eRALq7p913QVA8j4+6emR75RRHgg4UCSyDDSeyOwHK6GjZG0t9FFyaYLCOBgxuN13Q30XUlYZzQ30TAw53RQO6eAMKEB+G30TPDzyUfRnddEQI2CoJRyQzGM5KrrrZKe4xHADJRuHAf5q6dEc7DKa6IkbKCr6I2RcZI80rKKooZnQzsILTzjYoGML0WstsVbGWSjBxsVi7taZ7a/cam55UPOanRTqjuiitSSSVYOQ5NiSSSVBJtoSSSSheRJJJKEyJJJJNIPSCSSGUtrK6J1trXUVXHOD9J39wvSIZY6qmZPGfK9oK8sGy23Rlf49O+ie4lzN2/ZbKLDleQqz96LhwweVxGezB2CYtaeTjgUk9JWGCSG6ckd1EMaLmzzHw/DVmT2IVDZHkVgZ2ctE8aTsOU6Mco5l2d5GIHohlu/CkkYQ8BECgWj2TNHspGAmYCKMcjcAdOVqeg7h8pWSUZfhk42Hus54ZCkW97qavgqAcBrxlFHhidRFShhHrTe66mQvEkTJRw9oKetCOK1h4EkkkrKEkkkoQSSSShBqSSShBJJLh4UINSTTyuKEEhIhcAcEoWQoEKRDad0pNkxnKmMDAr3EtOSq+f6lPk+j8lXy/UVCEd/CA87o7zlR38qBsTvpP2XmvXT/Gu8e4y2ML0iWTw2l2OAvKL7UfN3qeQE4GwWPUPK2nU8eszySLQCG7rQs4/IKktjQGhXbvpb9kEDVZLLwdSSSTDNLsSSSShQkkklCCRIYH1ErGMGTn1TBsrCwUwqrtExxIaMuRRWQZvEWzawtZHTxMiGzWgH74RWHJwk4NGw7JLTBcHKk8vJLiOQClNuMAoUZOQlOdkx8IBESpcQNRdwvJ+p6tlXdZHR8M8q9Mu04pqV8530jheQVcgmqpZRw5xKz29nV0EcPcMT0xPSGdfsMw5yt50PNI6mkY45xwsGwYytd0JJL8y9gd5TyFIdmHWrFZvWHLURIAAYCYRlaDhegpCz17j5eVfkgNOSqi4eFPTva05LfRUg6s5Mw7cZQ0R53OyGl9m6KbGJJJKBOOBJJJKAn1TZesKapiayodj0OVevjiqmBwIc0jIIXjcDywhzStVZuq5KbRFNq0DbIK/JLjg/oO1k1lRTOpzqgZn81ymr36/Dn27AqTT11NWMHhPacjKjVVBI7LmY37IS1wWLXDGR3T1Qw1s1I7w5QcBWtLWRVAwHbqEJZGVEqqWOoYWPaDlS0i3PKMhjLv01rYXQgFZCejq6CUnS5uDyF62WAgg91U3Oxw1cDtDfNyopEMTQ3QSnwpwM+6lzUsVUwhhGVXXG1T0kztLSNO6h09znpJcuLk0gWekq7e/wARrjjPIV/YurHxHwaskt4wT/ko1PXU9yZ4Ugbkj9VDr7G4gvgOMbhQh6LS3GGoYJGkYd+yl4Dxsdl5Pab9WWqoLJC6RmcFpK9DsnUVJXRtLvLtweVCFo+myOMqHPRem2VbjRK3VG4OCjzjSRkIQjNVlLhxZLGCPVUFZbHxPMkG7eVvJII5G6XNBVNX217CXRg+v3VBKWTLQ1tRSu3JGFp7H1SWu0VDy5n3VLVU8cvle3BVVUUtRSkPgcXD25VlSjk9VEtvusBZqB1D8wqKrtlztBM1M/xoufLyAsna+op6N4EhcN+VubVfYq2MNMrTkYKoVtwMt94oa+MMdI0PGzmu9UWotzZPNBjfdR6/punmD6uh8j+SG8ZVVRXyqtlR8tV5xwC5WL5yTaugkjb5ws/XW3l2D91u4Z6euh1Na05HCg1NtYAcAAeqIZGWFyeeVNC5pPlVfNDoP0rc19saMkN7KjqLW4n6cYR5wEZp8WOyBpe0q5qqLR27eqrnxEHBCmUQGJCMA7q+sXWd1shDad+qMfhyqJzCh6SO6FxTKaTPeemetbRf49LpmwVAAzG5wytM2RzDqb/81fMAmmp3eJTyGOTs4chbjpb4o3O0hlPcwaqnG2onLx+ay2VL0InH9HssjbZUksrGCNx4c0bqkuPT9ZSSF9OzxYj5g4cYUmz3yy9VQa6GZurGcH6sqyE9bb/IMvjH4SchI2YAUnEy8FZNA8AO0kHcLQ0F6wB47tsJ1TR2u7j6BBN6jZUVZZrnbSXs/nRjjG6RKOSmt5s6e5RTtBiRZCZMEbLDWy7uilGHaSNi0rU0l5ilLQ4Df0VOOCpQwTvEljILDhTaStBcGSHHuoOtjxkcLjmB4znhAIlDcaFjg5uRvlcbn1VFFW1NKcA6h6FWlNWsqGB2QCeygh1EtJcByuqC2muxyemJ6gQkkklCD0kkkYkSSSSpkYkkkkIthUkklBYkkklCD0kklCCSSSUIJJJJQgkkklCCyUslJJQg5LACSShBHcYK4GNHAXUlCxNbjhNc1jzlzGkjjIyiNS0+6hNxnLv0J09eZHS1dHoe7cuiOgk+qoD0n1d009z+nL8+qg/DTVXm29Mr0NNczV3Rk+Rnmz+qamFxi606WkpWfT8wwZaT+mysrf8AwC7sElivzoT2bryFsXRgndoP3VLceh+mbm4zVFrijmJyZYhod+yvAUZ57IE1P1PRZLYo6yEfiaN/zQ47u+IhtTTyQO4KK7prqi0R6+n+oH1EbOKarGQB7OTZb3PTNDOp+nZGsOxqKceIzPv6KBNxYSPqAMIInyFYU/UlM4AOjJ98qFFR9J3dgNBVNbIeGA7j/wAJ3UaXpqujd/KLXs7EKgTRMrKSZocx437KRHCx4zkELDv+do36JWvbjupVNd6qnIcx5/VQhr3wAD+WMFAPz0Z3aS1VEHUcwdiRwCtaa9xyAaiCrRTiEFSWgeMCCUaKqhJwHcpMraSU4IG6J8nRTjLos59CoLEXh42x+q7H3QjaGNOYaiRo7DKE6luEZIY5r2+5wrKyTsgfiQXHXnUMgqLqrWH+ZT/nlE+abHgSsOSq4I2jklstsu8lI0n7BQpenKXVmlqaiAchodsFYMrIHnGrCK1wdwqAKL5HqC3vMlDXiRo/DKcgp4v94iyy4WcuePxQDYq+Y0HOQmvYTjkqEK2HqegczMwdE7u1wwQrCK40czA9lQw590J9BS1LSyop2PDu5G/6qvl6eoMYYHNPqCoVtRdtla/dpB+xT3PHqs1LZK6mIlt1e/UPwvOxXPE6kgxlsDx7o2s8l/GmaTxt8YT2z4x5Vm29RyxgMq6GQOHdo2KkxdRUEo5LD/iUFypyXr5GYGAusDX7at1Ww1sEwyyVpz7oviObu1wTQfiLAwZO3Cb4LwMgqF83UDhxT21lQOTlQnxEnTUg7SJ4nqGD+cBj7oQq8fUERtfT5GVXfQDhjoI2si1YdlpR46uBwLfE5QBPRSAAtGU0w0rz5QRlToVKDZIEVK/JIac57Lot0Hb9lGNO4Dyv4Q9NcDsf3VNpC3Bkh8E8e8by4ei5rkO0kId+SG2tqIxokYchdNxDT/MjOD3U3IsT6Shl/vKEE+obhRpbNRyD+Ux0asGVFO8ZDgnB8bhspkop/wCEXFmPlrjsN/OU4HqGAjD45mjkK2EQdwuiN3YFWA+Csbcrgw/z6F+PUBHbeYWnErXMI7cqeAe6C6GB+0kIIVlI5HdaSbZr0cSNeMgghRZLZbnjLWEfZRzaBxDVysHYE5UbeCpLJaYYeAmeCAdsFVot9xhdqhq9YHIcuma7xnPhtePZBvwUWXhEb4TSDgqCy51LCBPSyD7BShXxcOBB+yNS3IsRcQeMpj4IJSTJCCT6opqKcYOVz5indw/CFt5KIT7XROOfCaPyUWTp+nc8uZJpz2Vq8xO4kA/NItbjyP8AzRKWUQopbPVAaInnA3BB5Uf5e+Ux/E4f8y0Wit/4Tsj7JNqKuM4maMfZTdhkKAVlyi/vo3DHupEN+0ACVjiR2VqamB394P2XDBbpjw0fkr+QmMkaO+U0jQ4uwe4JUqK500gDWyDP3UeTp6ikJeyQDPbCiSdNF28Mm6v5CtqLoTh+7SCD7pzZuMNCzctqusB/k1Bx90OKovlJIQ+Bz8I4zyCasVHbCI17HnLmtP3GVkz1M2HAqWPjPBBarCC/W+ZjS+pawn1KbG6UPxYMo56D3jpLo6/6m3fpe11QePNrhCwl2/syfBO7Fx/2SbSF3/yJO+LH2wVvG3KmONMwcfZHjm1DJOxT4a22HTDinE8AuP8AYr6RdMZbL1jd6Ts1kmmVo+42ysheP7G/WdEHyWXqu2V2D5Wz5hcfy3wvrAuPIPCa2bO2Frr8vqYPsL5JR6Z8M3n+z38X7Nq1dJ/O6e9HO2XP2A3/AGWQrukuobTK6G+dL3OlAHmMlG/b9l+i5eBuey783tpwV0KvN3L8h0NTJfkfmsaK0SHT5c+hahDpimleZKeokhJ3Gg4X6G3zoHorqXJvvS1rrdXLpKcF36rFXn+zN8Jrpkx2iooSePlKhzMfbOVth5qLf3MdHVxj2fFkdiulN/NpK10jx2cptPd+q7fglwfj2X0rcf7IkLpPE6b66qqZnaOqjD2j9CFlK/8As1/FO2F5oai23UD6SyQREj3ytlXl4z9m2nWwfTPII+tuoYf7+AnHpsr20/Ey3nTDdD4LuPPt+6tb30Z8Qumm/wDvr4f1r2DP8yKETN/Vv/osRcKS03JxFwt0lO/hzZI9Jafsta8jD0zXHWy/Z61ZLnZbzoLHxkHggq8NFE1obGS33yvnE9Mtpnl1nufgjOW6SQQVeW2/9f2Rvhsu/wA1GdtMuTsta1cu0zZVq/TR7jBHXwuJE4kZ/Q4cfmumrqIzmop8N9Wrzah+L13pGBt3srXsaN5INj+i0du+LHSdcGtqJJYC7Y62cJq1Un2a4aqD7ZqRc6Ru8jnAFSop4pWB0czCD77quguNgupDKOqhna4ZGCMqe2229rMshI27FEtRGT5Hqal0SIiS4YOcorpXt/BlRImSUz/5byW9g7spTKjV9bMo3bHHAw42oBPmGE4zDI8N4907TRTAZaQ70ThRU43GUKmgVhHWO2zsPsh1FFS1jdNRC149xlG+VA2b/mnOoqkNwDj3BU+Vrov7f0UFd0ZY6loxSmF3Z0flIVRJ0RWROcaS+1AZ2EjicLUS0FyY7XBXH/keMhC13enOZKXx/QR8oo6mxdiZ6eub6wZhw6yoNLDHHVNbs1x5wiRdRP0GO5Wyqp5W7Ehmx+y0D79TxBor6Sqp8bHMZOEX5uy1hBbVslP/AMvqmLUfsS9I4/iyiNZbKlgdHWEnu1+xC4yGNrg5jmuB4IKtajp20VbzL4Ayf6ds/ooI6WodWPnKmMHgB3C116iEvZms0016Bv0NwDGD+Sra/py0XJp8eijBfydKuHdO1ZAbT3NpA4L2qA+29UU85bKaWoiHGg7laFel0zNZp+MThky9R8NaMSeLa7hLRn0Hmb+mVAbaOvLI53yU5rI2cB51Bw+x4W3lqamiP+9W+oDT+JjchOiucLm5DiAex2RrVP2c27xtM+V9rMRB17WUcvy3UnS0obw9wh/6q6tVd8P77g0VwNvqO3iO8M/bHH+SvKiG2XOLw6gRvB9SFm6/4X2eqc6ajDopDuCCmx1MZfk8HOs8ddD/AG8SRojTdT26JzKRkNxoXD6cA5H37qoudl6O6la6HqSzGjndxJu0NPuQR7KiPTvW/STCKCrkFOOG41x4/wCXsrSj63aGtp+oLeHtIwZGnf8ATCbDV7OmYbND8ixdHDKKv+CcsWqp6R6ha5h3bDVSZ2WRudjv9E0t6wselxOPmIXeI0+/C9tpILNXxiew13hPO/hl2RlELbwyEx1tJFXQnZzSOFsr10k/uOXqPp+q7GxYPn6moqmmeJ+n7trxv4Tv8lZnqVrg2m6ktBjdx4o3/wBF6dcujeh7tM+dgNBXv31xN8Mgj1Hf9VSV/wAPKwU2IquCtB58c6Tj/m3z+i6NOvgvZ57X/T1tP+2s4MVPZKStZ49qqWPB30k7qmqaOopHaZoy33V3c+kbxaZfEp6aphcN8MGWH7YQW3KZjfAusAdjkkbrpU6/PZ4/X+FcnunDBS5BIUqCcsALcZ+6kT0VLVDXRyBpP4SVXyU9RSuOtpx6roRv3HktX4TEm0iziucocGnj1VpT1VPM0efBWXbUYOHuRWTGMgtKZuR5/VeOlU/tRpnjP0nIQZGuaM4VbDdaiPTn6e6s6W40k7Q12Afuryc91Tg/uRCkmLX5wiRV+k4ceFNqbYKgB1MOVS1dLPRvIlYcDgqm8AqKkaWgucDgA47q1hmjlA0HK8/gqS1w0jhX1vuxBaXHI42QgyqwagQhzSR2UV8UgOpozunxVYd/6IzZByFYhrAFk0jCA5uFMiquNWEGRgPZBkgJGWuwVAGsloJGyAHCe6FrgFSH52n8wOW+ykU9zLiGyA5UF7CaYsHhM1PaeOPdEFU1/HdP8jhsMKETwNEpPIRA7PdDMffCZhyhMZD6vdcBOUEZyn5GMZUJgJIdYAzwvN+v/gvaOsY31luYKe47uJHDz9l6EAR3Tw4A8lKsrVnZo0+os0099fZ8U9U9H3npKukobpTvYWOwCRsQqMMPbdfcHUHTdi6no/krtRRytAIDnjJH5r5u+JHwdu/Skj7jQMFTb3uJDoznwx7rDfo4ro9x43zsLkqr3iZ5rE8tIyVIjl1bEKK9hzjuOyc3LeRlcu2jHB6Oq918oniQ42VvbKzQGkn2Kz0cu+kqbTSuaRgrn2VNHY02q4yeg0VV4kTQTuFYMI+oHlZW01YdHhx3C0MDg5jXA8pZ6rSX/JFFnCUTP7KPEQNiUZvqCjjFezpKawFznYJmn3XcYTVfRTeQTyQuRyEnGEpCmMkGrjhT2WWDDloKY/6SmseMAJqmAsjTyuJJKywMgBQXI70ByEz2EeVgxlV0jcEnKspBkKJMw8AIBFqIEgUKYasqylaTuRyoUjTk7clA1kw3Fa9zoXAtCsKGuLiGnGyjTRhw4URuYnZx+6XOBnrslTNSia2GcOaDqCe6THKz1FXkHS4q0jqQ5o2WadZ6XTaxWxyiZBPJDKJY3YIW6s18iroWRuOJWjBB7rAMeCDspdJXPpJRLEdwsllaO5odZ8Uuzd3ambWUjm4GoDIWXsla+2XARuzku0uC0NDcXVVOx7gMkbqj6hojFMKuIYB32WZxwdid2Y70bfxvEaDj3VVXQFrxURkhwPITbBXtrqJoLgXsGkqZJGHjBGUrBqqnGcFJEu2VhqoMvx4jNnKSSJGljhkHZZ6hldQV5Y44Y/ZaJhGc9kJohLcU1DK+03YsccMedvsrC9QlkjK6Lg8oV6gD4Wzsb5o98+ynU8sVztzQ0csx+agxPDOU83jUzZBw9WER8ocDnCoLVMWeJQv2LCSPsrelmHhGF3JKEdCeSVI4Pjc3G+EKllx/LPZIO04CBl0U3jEbKDU8DrhG4S+J2cFieo6JzJDM0bFbyZ7Z6dzi3jhUFyp21UD2Fu+FF2YdbXvi5IytnmMcvOMLd26bx4Oc4XnYJp53MxjBWp6ZrX6tL3ZGMJq6MOls52Mubg3+TqHKjtfqpi7CnVjdcWlVjSWgs7BNXZotWGCduvN+qKd1Fd/mmM0b5K9GklDXcLF9fUkz4vHYMgjK36aTTyzyvnobtO5x7RUXYGttzZoiDjchZ5pGnlXVirI6ilMDh+HBCop2iOokY07Ales0Nn2JHx36h0/yyWofbXJb255EAOcq6oZtdOGnGyz1slx/JKtbe/Mvh55XXg8nh7Y4kT5GdwrG0ve6Etc7Ok7KvkOlxbhFt1R4c2k7NdsjlFs3eNu2zwXZCw/U0ZgqHzD1W28UOWc6opRLE6QN5SJLB3LXug8Eez1Lail0g7kZXTqZIW98qr6alMTnxOO3ZXNTpBa5ZrU2O0s90FkiVgIPjjsnxzl4aMLtVh9O71UamOoBpO4QdnRgTHEaT9lDO+UZxIyMoJ5UQwh1YO26E1SKsjCiNk3whBmwzSfXhCqGjw8+6O1owcKPMPIceqrJmnPKwU1Q4h33ygNkJOMeqPUbHfsomrBUxk51ssM5XgeCPuqkHDla1Z1xBVXDkufYClkfKcgICNJwEFKnhJDYj1Jp+VGUiDlCgJEocLq4OF1aYCJdhGrhOUlxHKWEAMPCAWEkqQmkDCCSyXgEz6gjAjCC5pycDZJpPqlFf2C6d8rR9N0jHR+KRk53ys5Fl0zYgPqW2t0Qp4I4w3fbKwa2zEDv+Ho/1VYbCyU7BGHBuDwrhzRgEHhQrdH4dO3t3Ux2eMrzF0tzwfSdGvs5OAnVjOyIThqEzlOc/SxBXHnBsnPYskKvkDjg/kn2uCONhlcMvPr2UOYl84JOd1Pp26WDthet8Xp8JM+bfVXklGDSJLzqcFMoxpkEh7KDHyVNiOBgHdeprjg+O6qfyS3Gl6ZpRcLkHvZlsW5Wl6puYpaT5GB2HyDAA5wg9L0QoLeJXMHiSeYkqJSab/1NrDNbKfyagNs8opnJnP7/APBoujrO2ho2zSN/mPGSStM0HIUSGMswPTsprTnGyieTLZLdLIQcBI7pDhdVixMYXPA53U0AAABChb+IhFSJPBWR6iXCrjpYi97gNtvdSidlmK+Z1dWljDlrDpVJZLDWmkdV1RqHNzqOfyWxpoA1gaBjAVbZ6NsMLTjdWkjxEwDG/dM6AAVchMjYWbk8qREwMaBp3UahiJkdO/ck7eynkDGAUsg3IAJJVRcKlsjvAYck+il19UynhfvuqqhhLz8xJnJOQrAJ9M8QwgadJ7lZ3qC4STTfLwu2A3wrW6VjKemeB9R2CoKeF5HiybudvvyoMhj2PgYKWlLnfURkrPdQ3qGw0EtylOZNwwOPdaKqeyKFz3nDGjJJ7BeP3aum6/6g+QpwW26id/NLh5X45P2Ro10VbnmXQ3pq3VF2qJeqbwwvkmefBa45AHqFqaWGW41LYQ3FONpHD19EBkckszKKB+dbsZBzt6rO/GTrSn6K6dbZbe8NrKsA7HcDjUfXO/6KpywjcqpXzjXDlt4/6Hn3x6+JEVwuP+x9kkHyNG0Nn0nZ8m+V49GC/twk5ut2o8lGYABgDCwWTcme802lho6VXD/qJrAOyecAJzBnAKHIUvoalkY9xOVFLck5d+yKZM5GEms8wICBy2miKwsjWtOobKWNIbymhoA4QHd1JTwC/uHSP2OHBQnk6iE4k55K4s85bh8Y4BYK6Ac8Imn2S0+yS4ZYT6Gho9EQABdIwnhzR3RKsW28jdI9EsNTiMAqOSc8q2sFLkISMcoZ5SyfVDLXHshGRiIOJSOTsSnpKDkhq4eE/IXCRhDLksCeVxPJGVzIQEGafdLT7p+QlkKsEGafdN0FPXTpKmCHElzSuqyCPCQ3SXNPuhlHJDiS7od6JaHeiohxJNwVxQg9JJJQh0A5TwRhLy9kMk5RkC5CSGCcow4UIBAcOyWr2RTpwgnkpWEyCJykkugZ7ouEQ6HkIoeQgIqjbIGjrZc+U4wrCluB2EjsqpXGgt5OVTkwlJo1EFWx+DkbqwGkAZOCseypfFjBKn0d2IOJc4VqWTRXqMdmlBTweAq6nropsBrs5U2OTODjlMeGboahExp23KJgKOOEVqs0KbYQbIkedshDHKM05bwozTAIOEkklZqHroBykAcogA22UCEG98LoByngDC7pB7KshJZOAdyN05JLBQlnCAeUi0J67gq0XgjaR2G6i1VLHUN0yxhwPqrHThCMefdXkCcFKLiee3yxyUEhlhaTEd8eip16jU0jJ4zHI0OBWGvto/h1QSwHQ4qYPMeQ0Cp/1F0U6SI9unG3K4q2s5WU+hiSSSm1liSSSVEEkkkmkEkkklECNVx05XmjusWHYDzgqnHdOhdpeHehTqpbWJvgpwaPXXRNc3WNwd0FzcLlonjq7PBLE7OloDvVFfwulFNxyeanHa8Ec7Li67OTsuZPojwQEku6Hei4oiEm1jTWsctKfOMkLMUrtEjXD1WqjaPCafbK0wMuoWOQOCmKQdkwtJ7KzOnkEuafdF0O9EtDvRQIFgJzcDC5jCc0Z2VoqS3rDPSrBXx1dthczctGkqyzkLM9ISMFG+IHcHJWkaVpXRx7VibRw8pJJKxY5JNSUIOSPCakoQaeVxJJQgkkklCDFw8LpI4QCSSd9lCCJOdiuNJTU3T7q0EPATBynZTWfUEWMhjn/QPsVAn4/NT5MBgHsVAn4/NQhEcclCaiOIB3Qm7lUGRrpL4NHLLnhp/yXkwe6erlmP4iVuuvK98FAaeJxa5xxt6LC0LSXA4XPtlmeDtaODUNxoLbGQwZCsuwHooNJ5YRspbXeyKPQ2XYVJNSVihJLmQlkKEOpLmQlkKEyEAycLS9IUzNM1YR5mnQPb3WZjzK8RtG5W9tdG2ioY4gMEjU73KbDkx3zUVtJWTqRhwgDlSWcLRFHOxgcO6DPLkhG1BoJKhPOuUlSefRCk6uqfBtb2g7kYXlzhk59Vs+uq53jila44zkhZBqz2M7mlhtrTBpJJJTNgRq1/Qf/bH/AGWQatf0H/2x/wBlIdmXV/7bPQ0klzIWg4Yph5TvthYfp+8OrZKynld5vEcWraVzxHSyvPZjj+y8UsN4dTdTSRF+GSzHHtul2SxwbNJQ7cv9G3rW6ZCGgBRVNrC18zi3hQjygX7HQQkkLPql+SrcWFSQyupkAT6YvfRGxmtJaAP+G5ZB3i0kroZ2FrgcEHZexbeiqb505br1D/OZ4czd2yNG+ff1X5LZ/QLcYe23uekILDkDgZW2svUlLcgInu0SAfiPKwl2sFfaH/zY3GLPleBsVHpakxnU07jfZBKOA08nqtTQxVTd2j2KpZ6aaiflhcAFW2frGeEtgrRqZxla6OejuMOuItfnkeirASeCBQXQucIqh32KuWvDhtuqGstrWkyQ5BHZAirp6N4w53vlEWaJc8MhAprjFOASQHfplTwWuAwEABW1dupqtumWJpz3xusXfOmWwOL2MOOxC9DLACCEpIY5GFj42uHoUakQ8WdFLRS6mZGCrKkvJOmOQ49Vr7x0uXgyNiBz2wsZdLDJEcsaQR2RqWSE6a30lwZraAHf1N2KqZG1lqnzG9wAO2+yDQ3CpoJtDnHGcYKvqetprgzw5mNJx+qIhZdP9aFhEdUeO62lHcKO5N8jmk4XlVyszdJmpSQW7kBds/U09pe1kuctKhD1qSBoHlCjPj7EKstHV9HXNa10gyexWhbHBUs1ROac+6hCirLLBUAua0Nf7LM1tDNTvdFI0jHfGy3slO9nH7qLUwNlaWvjaQfUKF5R53LRtfy0HP7IEElXbZ3eGXNA432K09yskkTvEp8Obzj0VTJCHbPG4ULL+x9VxOY0TOw7ggnlXVbRWu9w5dG0OIODjdefvt5Hngbjuplv6guFtk0ynxGcYPZRguHsmPpLvZnkNc4xg5aR6K3tl6E4DJ9OeN1No62lu1KNwQ4cdwqO6WKaKUyU5IHIIS28A4waYRxysOGN49FS1lrYdWNlXUV2r6CQRzklvAytDSXCmrgGu06vVU5ZKMjX21rDjlU1VbQzzAL0aqt8EgOW/nhUlXao4zkDOUeWEmYOenMZxpUZ8Zxha6rt0RONA/VU1bbZYBrABae4RFlC+NwO4wnNAUp0YJ2CE6MgcK0kymgtBcqy2TCahqnxPBz5HYyvTul/i017WUN6j348Q8fmV5KWEHlEJGkgnlVKtPoW4H0xCKO4wNqqOQEOGoFpylFUVELvCf5m++6+erD1Ze+mpvEt9W8MJ3jc7LT+S9Y6T+Jtq6gc2hubW01URs4jDHH7rLbQwMGguFmo67+Y1vhSf1M2VLLBd7U7VJE6SEcObuVqXwPOHQnI7HOycycAeDMzI4IcNkiVbRTRWWi+xyERyvP2J3Wgp6kuxtkdlRXDp6jrB4tKfBk522CqmVd5ssmmYOkiHflKccApZ7NyXB/ZJzHNw5hx9iqa1X6kuP8ALjf/ADANweVbteTsTlVhgSgvROp7oYgI6hpP+IKdHURzDVG7KphgjBGUo5ZITlhwqM0q8miBynqoguXAl57KwiqBINkAtxwHSXAfZdUBEkkkoJHpJJImRiTk1OQi2JJJJQoekkkoAPSSSUIJJJJQgkkklCCSSSUIOSSSUIJJJJQgkkklCCSSSUIJJJJQmB+MpYwkkjIJcI2AzsF1JQnRTVvR1iuLnSS0hhe/cvgOh2fuops/U1ma7+E3Q10Q+mKq3ePbK0bDnKL7qwHbhmQ/2nDGuZ1JZZYdOz3tjyB75UlrOnrrAPkZoyXcAO8w+4Wlcxj/AK2Nd9xlUdd0ZZ6yQzwNfRzH8cJ07+uFC4zyVlR0ydOqI6iOyrn0ldRHIa4tHZS6u09Z2Ql9vuMdygb+GXZ+FGHWMQc2G9WyqopOHOdHlmfupgapo4y5SQODpmOwf2VpBe3uA0VAx6ei4x9ruEQEFRTzFwzpDhlBms8LwNAMZ9lCngtqW5yvcMzA5VkysyAeVjzbKunHiQT5cOy6ypulM7Vgn2yoTabNlZnloSJikwC0LJM6hw4Coc5h9MKyhvVDIABMcqdinAuXUVJKPpA+xQRZo85iqpm/+JAgrmPOWO4UxlVgZIUK2sBJbqyNuYqlzyOxKR/iUUQJg1gKUKwdwjCticNOTuqAllFZ87Kz+9gcF0XCEnDmub+SsiYpPQ/cIUlHGeWj9FAVnsitq4Dw/dEa9rwcHP5pxt0B7fsmG1s/DK5v2Uf6DU8djSxjxhzQQo81qoZPqp2b+ykSW6qDcwS8evdRpIro04/0RoPOSG7p6Fry6CV7M9tRSFqrWY0Vx24ySpbfnGH+cM4CGaxx20nZWWQz/G6Z5YHFw9UZl2uEQHi0/HdG+fJxnsiNr294w78kfYSSYBvUMbTioYQVLirqOdoe2Vo9fZMeLXP55IGhx52QxSWzPlbj7KkgXWmWUMtO/wD4rQjatYxHID9iqc0G/wDIqdI9/wDJC8K7U78RODh2IVSjkB1ov2OnYchxP5opqagc4VAy4XSmIdUwameykMvjC4CSNzQe+EElkW6y8bUhw87R904ugk8rg059lWR3Klf/AMVoKf48UrvK8YHogaaEOvJYCkpyMtC46KX8KiCd2wilOQiNrJwPNuiyyfGwhbVsOoyBPbW1LdnsGEMVg7p/zVO7k/sq3iZQyHFawbSbFFbPSyEYkwoJNK8bnKb4dL2yjTbK2Fpogfg5B9MFcFMTnDlBEWkHS8pjpq9hHhPdsmZA2MsXUz8fVhCPiMONO3qgxVtfGcysDh6FEF1A5hwgBlB+h4J7t5TfCYNi0LrLlA/YtA+4RGmmkbqLgfsd1MlYY1tPTuH0BMNHAfwo/htGCx2Qn6PdWXghmhjzkApCleDlrsKVken7ruP8JUKwQx85EcDBC66R+AZWKaWhu5OE12jnlQmCHmkd5ZG8ey4aWikHkcf1Uosa4Y0hC+QgzkuLVCsEb5GQbRTnCaXXGndho1t9lLMJ4il0/uhkVkbt9L2qESBm6SRkCakk9zhO/idC4eaQtPuEUTO4fFkd8pj46CoZofE0H2CMmcC8C31LcviikB4OAVCqOnbRUNIMLW57tCMKCFnmp5HMI9Dymviq+WOLvbIQ7mRc9FRP0VSvOqmuFREfRryoj7J1fRxFtFcoJ9P0tmHIV86smpcGogeR6gLrL1QPIbrId6EIozbCakuzMfxPru3fza2xsq2caac+ZNZ8Q207iLv01dKP1cWagFsWV0UpDWvByCeU57GPb52Bw9wmOWAmk+0Zmm+IvSVb/wDZVlPjb+f5cn0VvSXm017/AA6K4wSvxnS12+EOt6dsteSamgie7GMlozhUFV8O+mZ3Eupns3/AcI/kIo5Nk0jjOSETBIXnz+gjDgWvqG5Uun6NMxwEyWz/ABDpMfL9RmqHbxWgK1LJPjR6ABjfOUxzyTjCxEdz+I9C4Ontltq2AYIY/Q4/mVz/AG4vsD//AHj0fVhnd0L2vATYzcS9mDckAjBKh1tqtdwiNPX2ykqY3ctliDlnWdeUTsfMWu4Qf88SmRdZWN7ceM4E9iDlOjqJQ6DTkuimvPwP+GF7DvmOl6en1d6XMWP0WVr/AOzD0W4NFnuNbQaeNTvEH5g4XpDOqbPkZncFNhvtqqB/KqWkn1KYtfcvY2N9kPZ883r+zB1Cwv8A4NfqWsA4EkJiz+5WGvfwD69oCWVNgbUDP1wecfrhfYzamF/0Pbv7pBhIzjOVpq8rbF8h/wAyafKyfAVd0zXWSR1NNFW0MzTy5paMotNf+qbWNNNeHvB7SnUvvKqt1HcITBW0rJozy1zQVkL18FfhtetTqrpuGOR/MkB8N36hb6vMzX5GmHkGveD5etnxUv1GwMq6WnqdsOzsVf0Pxc6elJFXFLA8bOaRnC3t+/so2yoMk1g6hkhycsgmG49tWd/0Xm3Un9nH4gWjLoKRldjhsf1YXSo8pXPtm2ryL/eTZ0XVfTFa1skVwj83YnBV1BV0dQ0GKoBGMhfOtw6c6m6dJbcbbNBpO+3CHT9RXa2nVBUTRE98nBXQhqa5riRtr1qfZ9MNjc7GOO2U9mWDcleEWj4rdQ0bmiWdkoH9QWst3xigdIBXU7iDzoCY7UzXDUwfs9ML2uPCRJByDhZq3fELpm4lrRVeE939ey0VNW0NW0Gmqo3k9g5FGWRjti+g7qeOoBbKxrgf6hlQJum7TKSHUrcnu3y/5KzaMDOV04PdH8izgco5KF/RlO3zUFzq4PQa9Q/fKjVljv8ATRiSCdlWRy3g4Wmbn1RDIWcI42Y7BcDDfxK5UgHzdqqGM/q05GUqbqe0v2fN4bhtghbZ0viDS4B333VZW9NWO5M/3m3Q6/6mtxlM+Qm1oroLhS1jR4LxI0/mifKU0o89LGc+rAq6s+HELneJbL1V0T+djqb9sZCp/wCDfEezML6UsuMLc4y76h/oUaufQqcVLtGrbZLXLvJRRb92jCjv6bb4n+7VpY3s1xzhZdnXtTbz4V4tVRTTj6m8j7hXlu6ws9zaPlq5niHljjghMUt3IuNMf6VglTUFyogBO4VMQ/oOT+ih11n6duw0VVudFI7hxGnKvKesDgD69x3Uh8lNM3w5oWuHuOExWSiBZpYWfkjzyp+H7qdxmsVW+Jw3DS7ZNgr+qenneHcGOqIhycZ2XoDqeFuDT5Y73OxTS0u/vI8ke2U2Gqa/JmG3x9b5ijLUl2sN0cDLDEybuHgA5RJbG5z/ABKSr0tPYnIU64dJWi5OMoiMM39Ue26qKiy9SWjDqKT5qAdidwFohqovowW+O3cSQGop7lSO81E6oZ6xtzsqatt3TN3JZcKLwZjyQMEH3C1FPfJoC1tUxzNQByEeoobTemedjBIfxNGCuhRr2uDja3w0LV0eV3X4aibVNYa1smNwzO6yVZQ3u0OMV1oH+GDjVjK9qq+lK6gHjWqqId6g8qBV1EgZ8tfreHjgyaeV1aPJY7Z5LyH0vG38Vg8Vc2jmccNLCUM0kzXao3NI7L1K4dBWi7NdNa5RG8/gKxd06Wu1pe4SROcwdwNsLrU6+FnbPC+R+nZUN5izPltQCBLwnMe2N2S7SUXBLiHfmuBtO84+orYrzzep8NGyO1InUN1qIcYky0K1bcKS4xeFUkF2CAfRZ90QA8uwQtbGbPdpKcrUeT1XiZ052+i0qrIGjXTHUPsgQxPpnDWMfdPo7zNCwRF+oKzc2luUWjbUe/ujUk+jkSjZHiY6hrDsAQcK2gqNeOFl6ilq7dMMZLR+6l0N7p3vDXAtPuVeTPOBpw/UFwkg5yosMxcBtspIkBVi8Dy8j3XPDhedRaA5dBaeUtIUKEW6eEZsxbgYyhZC44gjlQDCJrJWnuE9ukqrJc12xRmVRAAKmBeCdpb2KZjCE2XVuEQSDhQtHNJ9FwklP1g7YSLRjKJxJnAIknkpuiF20rCfscJxGCuIHDci8tPK7PHPiJ8FKWvMt46ab4cuS6SLHIXhddbqm3VUlJWROjkY4gghfa2wzg7rJdZ/D2y9XUjxPCI6oDMcgHDlku0u5cHofHecnS1Xfyv2fJgwPxBFjeWq86v6DvPSVc6Kup3+DqIZLjZyzzcAnBz7Lk2aZ5Pc6XVxsip1vKL23VWkDBBJWvoqoGOMbLzqnqTG8LRWy4EhuSVhlTg9P4zyEN+GbWN+rgqQDtuVUUVZkDO5Vg2QEZzhKcWj1MJ5SkSfFPokXkjGEIO34R8jR9P7oMMcnkA45TScEFPeN0KThQpy2hops7FHb5hlVsTyHgFWUbgWBTJam32JJd0+6Wn3RZGZBSjhRn8KbIAQozx6IQGiMeVHeAQpZBygyAkKCZLJXzNAPChPAVlK0lQJBhAY7UQZR6KFMzPCspQCTlQ3tJQNZMFhBbKYXZCsaWt14Bxsq+obncBR4pjE/BCVKGQadV/HfZqop9Q5G6K155VHR1mVZRThwWOyDR6XS6pSipF5bbrNQzAl5cw8tytdHLT3Glxs5rhx6Lz5j/blXNjuron+E52AN/us8oHe0urz9k2TbRPJZ7u6lkPkecD/AEWv8fIzp2Kyd5i8drKyEYczckd1Psle6pi8GV2XN4KQ4nXpmo8FhcG+NHrZs6M5VpaqsVFO3J8zRgqqedPPdct1R8rWiPhj0vDN8JpGle0SsLHDOQqu3VDrbWupXnyvOW5Vh4rWnGVWX2E6I6uIbtO6g2TDXVpo6qOtiHldz9lMjly6OZu7T/qhMDbjaxndwb+hUO3yukp5KWQYLTgKnHHRcJF4XB2CEyofriLQMKPSTaGCI8hSNQOCUJpUmx9NL4lKYzyq57C17mOHsjxS+DWFjvoeMfmnXFmD4jecKAze9YZhr9TGmrAWjAecotiq/BqWtJxnZW17o21tD4jQC+PcLK0tQI5wXggtKdGOTh2N035R6e7zR59QqyUBpcM90a1VwqKRuTkjb8lHrNp3Y7o4x/ZtsfyQyiFM/Q7hVF/hfW297GYy0Z/JWcjsnKiyu1xvjxyMLZU9rOLravmg4M8yszhSVklNKMOyQnXilEcvjtGzufunXCP5O8Pe8bF2FLneyppHFw4Gy7/j7G5I+U+Wp3QnX+ipo5NFQPdW7HmGZj2qgJ0ODh2VxDIHRskG+y9LVJHza+GHkunTawH6UmPAdqIQqciakPqk45Ax2T28iqZ/HZkvKeTUwOBzkKNeIjNSuATLZU+QtI3Rqh22nnKyzR3q7fkjkwtLO6muHhYwtFNqeAs5dQIbiJAMYK0FM8yQMc7nCU1k06WeJ7RacjBOQocLw2ZzcYG6sCdsqskaQ8nHJWfODq9B3vyc7boT3jumB+DhMmcTggKZJvOTHLSfZQAcOUx30n7KvmOk5U7Acsktsxa0DCY85Bygwya/KeU6YkYUAUtxXV4wSAq4clWNUQ7Krn/UhRytTncOlb5Duqp486snnLfyKr5Bv+aC5YKgL8OSeyjnkqQTkHZRzysk3gelgI1SIeQo7VIZ2wriLk8EscLqEOUQcLQnwIsZ1JJJGAJJJJU3gacIHKF3P3RTwhHukyeEUlksbPEyWtbrbnG629riZJVRtcNs5wszYKdjRrcPMSttZIGO/mEZOVydbPMD2nhKftRpIQGtAAwOye5NBGnGey6xecz9x7albEdCj1ROnSCpDsAFQah2TgFatPDdNCtXeoVtg4Y9cupx2G6mtUalaQ4/ZTImc5C914+nbWpHxL6q1jtu2xYRhxuVb9P0bq+5RRFhdG3zOVFI5wOAt/0LQyQQfOSN24BPquqv2eH1UtlZe3md1HQOigwx72lrfZWfSVoZbbeyV4zNMNRd91SUkb7zeHNmGWxHYdltWgMDWN2DRgJc54OS3nkksAznCMAMDShM7Ig4QqWBLDLrRkpoOUSM8HCLJXZIj+nC67bdNBTZniOMvPZADtyyBfbj8rSkN+uTyhRbDQPz4rs5fuq4yPvF03/uYTj7lbG2UoawHTgDYfZWFKOCbAzSBwEKaUunLBuB3RZJAwaR3QIGa3F5HKYCS4meUHCc54HJXB5WkdwoFXOWMLh2SiEC4PNTVCNu+CjOlbTxhuAAAhQANLpnjzHhRa2fxMxg4VkI1TIayoyB5R6p+jYLkbQ1uAFXdR3qGxWuStnl8Ng5KNcBwi5PCMX8UOpJ45Yel7VIRV1bDqLeWgnH/VVlFborBbYLRR48d7QZD+Jzu+/oq7pSlnq31XX/AFBN5p2k08bvwN7LSdPUzauV3UNYD4MeSB/oEE57TqbNkVGP/wC7GXC42zoexz325yjxI2jYnfJzgYXyf1P1Dcup7tLdLpUumlkcSCeAPQLY/Gj4hv6tv7qOgn1W6mf/ACwBgOXnIyXZys1ljfR67w2ielgr5/m//II1FaPRMYMBGBAG/dJz7OzOe8br0Z25UeWTH5osgAyogyXKlLIVZwgkjAUiMYGCuMYAMkbpSY04CXYNHEjHKjvOxXXE77ppSJPAC4BO3ckAcpw5R9LdGcboBqfAED1XcBdPK4dlCzuChaneqIZRxpQjJtwpKW0g9zhghBJG6a6Q7oJm3OyW7A9mQ5l9lwyejUDUuZPqg+QtLAbxfZIy7cIGEsBA7Bg8vceFwl3BK6uOQKTbIcDyUslNanYKaiCyUslJIcqEFgroJyigDShYOcqEHjhdXBwuqEEknpKEOYCWAupKEB4CajJihBiSSWVCDclJJJQghyn/AIUxLJUIdJOeVxJIcqEHHhMG6KOEzT7oZRyQ4kkkqIdZ9QRgRhASyfUqmiB8j1CWW+oQMn1SyfVTABPgqXRDA7K+t90hnAjd5XAd+6yzCBnKOyYxO1N5Uy0OrscWbdrtvVGa72WatF51PEVQ7HoVooXteNXZGdXT256JQOUSMYJQm49cozOUZvhIMOE9MHCeojUnlBcBPTF0nKsckFSwUhyjDThD2EkDT9PsugIjWghXgJLIIcohAIzhd8P3T1YxQyAI1cBMLfZSfo4bymaM74VYLcOCK5gVVe7c2to3DIDm7glXbm+6C5o2yVaeDDqdPG+GyXR5bLCQdLgRp23TDGQM5Wg6pohQ1fjsb/Ll3HsfRUBlH9KZFpnjNVV/GtcEBOyS6eVxTAhcjEk9JCGMST0lCCSSSUIJJJJQCT9HofQVVDPQy0ucPbvj1V7M3zY9Fieg6jw7k6H+pq3M2xK62nlvrR5vVr47miMWg8hc0N9E48pJmBClkDgJqkIKEMczn81q4N4Wf8oWWAOVqKf+4jz/AEhaKzNqBy5gImCuJxlGYCWAupKiDC3C5p90RJTBC/6PkIlmZ7Ba1hwsV0u/w7iQfxNW1ByjRzr197OpJJIxAkkklARJJJKEGJJJKEEuHhdJHCCScncqEE5xyQDshpyaoQ61L6kmrgOEyIQwpRfUuEjhKMgHdWGOqSQR9lXzEZ5Uuc5/RV0hOeUJBkrTtjdNwGjJdwi4zsqbqKtFBbZJc4cQQEqyW1D6ofJNRMF1ZcH19zcxr8sYdICj22MahhQHF0shkJy5xyry20umLfk7rC+ZZPQuPxVqKLCFoawAIrUIDCI0hNRnbyOSyPVcJGEMn3UIPyUslMSUIPyUslMSaC5xAVlSe1ZLTp+jfVXJhGNLNyt9qGANQVBYqOOhoxI8fzZBqJ9ArBkxccjj7p8FhHK1C3SyTRyjtcAFGYctTgTlOMo+V2nb1UUnDS8lKeXL9PooV3rPlLdNJqAOMDKGXQ2qve8HnvU1W6ousmr8Oyqj9JSlkdLI6R7i4uJOSkfpKzS7O9XHbBIEeU5NPKchl0NCDYErZfD9hfO6UjGVjmcrfdDQGOmc7GMqodmTWy21m1JGDuFGDiCuEn1SWg4a7IfUFT8tY6uYndrCvAaWoP8AF2vP4pCc/mvZ/iFUmn6aqAPxjC8QpT/v9OcckLPZ2d3xkc1yketh5cxpccnSEE8pkZPhs37D/JORLoVKChLCGg4SJymJISgqSEkj6KwfZuR6hLPuoAqDnhGZMDjdfkw/oBglvip6hhiqohLGRwVj770KI2yV1keD3MLjg/ktayQIjXDKhSWDyD/eIiWVERjeNi07EKytd2rKB2qGVwHplb+8dP229waZWCOYHyyNGD+awl36Wulmfq0+NAP+JHuMKYJk1dr6mpq0COraGP41Dup80EEwJ0gg915nDUE8dlf2nqd1KRFUgubxkKxpfSwPp3aonOx6eilW+6yRSeFP9J23K7S1tPWsDmEbjjKFU0D8a2AY9EBDQU8rJzsQUXTg8rIx1tRSyAayMK8o7tHUNa2SXdUDJZLXwfEABP6qpuvT4qMvaBlW8TgRqa7ZHG/CsXymeV3npxshczT4bxwcLMVVFXWt2XA6RwQvcqu101c3ErAD6gLLXTp10bnRmLWz3GRhGnkLJgbZfQ+QQVLtjwVZVFuo61hIa3J7hRLz0sIcz07S08kDsqSO6Vttk0OJIHqmRSZYd0dbZao4BLAcg+y13TvXDIS2Ocn9VR0t1pLozw59IOMbqHX2QxZnpDnvsUYEpYPY6G+U9bG1xAIKmyUzJBlgyCvD7T1fV2uXwpw8NB78L0bp3rSmqCPEcdxwoCm3yaCalLcghVdbZ6eYE6Ax3qFo454KyMHAwhzUWQdByPRVgJTwzCS0UtM4teAR2IUV9LHJkFgOVs6igIJJYD+Sqamg8NxlYzHqEMuhymmZgRV9A7xKWQgA5wtNaOoqeshbDV4bINjlRnxA48qgVVnL3Gandpee3Czy5LaTL+426lrI8x4Gd8hZ6WCpoZNILhp4KLbrhX0DzHOC5nuMq/jdS3GLJa0kjhUngFrBWW6+S6xDUbj1KvWPY9oe0NcD7KlrrCfrp3YI3CjQV1TTjwZGnLTwSjbyRxyi5q7fSz76Q13qFWVdtja0txkH1VhSVTZmBwdk9x6KU6ETgDhWAlhmHrrMT/dRhv2VLU258fLcL0aoogM6QqestzXA5ABV5DzkwklM5p+kqNJERw391rp7Vzhnb1VVUW1zT9OPzTYywXhYKQj1S0+inPpHAHb91DMDmnjKOUVIBpGl6c+It96ac2IzvqacbCOQ50j2XrvTHxA6e6rjELyKeox9D9jlfPU0RcQQhiSeB2qJ2D6pUqdyEyjk+qX0bmjxIJNTTxuhuY2UeHPGCPcLxbpX4wXWzujpr1iqpG7AY8zR916/ZOpLH1RTeNa6lr3ABzoyfM1ZZ0NATT9ESv6WEg+Ytkoik5y3ZQor7eLO8QXOndIwbawN1pDFLE7MZIPOCu+MyQaKmEE8ZIWdwwVn9jbXeqK5jEMgD+7TyrJZS4dLsLzVWuV0UnI0uwg0/UV1sZEV9pnyQ8CRoyfzSnBsF18ZNgRlGjqZYsaDwq233akuLBJTytIdwM7j7qahccCXHJYwXPO0ynsqY5PodlZ8DJRGPlhwWOwhEzrNADldVTT3EjaYqfHUxPHlcqESg2SkkzOUleRbWB6SS6BnuqFM6kmpKECpJJKAD0kklCCSSSUIJJJJQgkkksFQghyiDhMAOU8cKEGpJJKEEkkkoQSSSShB6SSShBJJJKEEkkkoDKW0ekkkjFN5EkkkhayRM4RnuhTUNLV4bVwMlZ3DhlGXWqi9zMxX/D+xVUhmphLRvccl0Dsf+irJOnOr7Vl1urm1sDOGzHzYW7XclTeRXHnzOoKykd4V6tU1M4bagMtP5qwor1Z6vZtQ0k7YJWvqIY5frY12QRuMqjuXRlirm/8AZfAeeTFtkqDlYn2QpKSindraxrs90KW20xGGxhvuAoU3RNwomltDdJnDkBxOyG5vVFBGPEpxM1u2poyUwiaJMltrAQ6mmxgcJB99phq0+MB2CDH1AY9Laulkid3ODhTYr9b3s2qMZ9VA1gFH1BOTpqoXQnP9KnQXVuw8UEfZdD6acavI8H7FNdS0bv8AhAKiShknR3OMtwHI8Nac/wB9n2VMaJ7DmCbAPYpgFVG7D2ah7KAuCNPFUtcOc5Rw5p7hUVFOHAZfjHIJ4VpC7I2OfzVsTKGSd4jD9LgSmky9sOQAMcLoJzyq3+ijrw7GJGbILore7yvbhSw7bducrmiF4w6NGuSZK59soH7xO0lBNoe/JjcMfqrY0MP4QQUN1HUAfyX4+6PKIp4Kp1qnQJKKcHGCMd1bmOuidlxDh6Lhnn/FBwr3INTyVPgVWnAfwutkrYiDp1D7q0ZUEnD4C0AZzhOxCfOMKtyL3orRVSH62J3iUUuzxkn2U0siPLRj7oZo6Vw3j3KohG+SopN2gAfdMNsYGgRVDxjjBUs2tvMZI9kH5SdpyyXThC8AtIAKa5U5/lSkj3C781cYwPFGoBS9VZEAS8OThUnGXwb+3dQHaiILi/Pnbj1Uhl2g0gFuFx0lO76mAH0ISEVO8bNZv7IBcopDmV8T3YY8AlE+aPaQKMLVT69bX4z2C6bX/TNhMAcSUKyYcShE/iEgH1k/ZVht9c0kNeCOxTWwV0btwCPumFfHktxdH98rrKuNzvMOfVVmJu4SIlG+VC3WXXjUxGNI3TMxtP8ALcAqYzSDsn/MvPf9lWBbrLfxn6siX90QVMoH94VUCd/9ZRBU52KgHxosfHeTnMmV0T1R+moI/JQW1Adtkp2o+qsnxkgVN1jkzrbKz0Kd/Fq9hzJQ5H+FBZLKBjJwE9taRkHOVQLgkGHUQbgS0cjfyRP9oLe8APkLM+qivn1ctTfBo5P72ID8lMlbMk9t1oHHy1UefTKMKhsgy1wI9iqd1stb+GY9wm/welx/KqJ2/ZyDIOwu9j3Q/BzuBj3wqY22pYcwV8gI41FNLupIhiOenkA9OVCbC6MZaccLhimaAWTafyVGLpfqU6quiEzfRi6er4o9p7XWM9fJkKE2FwXVX0ua2VvoQo81PHNs+jb+gVe3reyAgSPkhz2kbhSoeqLDUf3dxj/VTJYGps8UwzCZIX86mlRW2u90wHy1wdJj8MgytBHLFKwSRSNc08EFPbvuN0bZFIzYf1TTPL30bJ2ejTumf7RSRHFXZq2PHJ0ZC1RzxkhBLC76nZ+6mQk/7FBF1Bbn4L3Pg9pRhTI7pQVWGw1kbiPRynz26hq4zFU0sb2n1aFWv6Ssz/7qF0B9Y3EFMXBYdwyQRv8AZdI7Z4VdP0k+EeJb7vWRydtb9QQI7f1fASRUUk/u/IJ+6tTJlei1fDHJ9bGu+7coLrZT/VHQwk+ugKL81fqTBr7a2QdjAc/qpDOoYI24lppmfkjyU3gJEyCnOJ7RTOb/APSwUYRWCoOmW2Qs/wCVuEJl1opwHCdgz2ccFSoxFJgtLMe2CpkqSyNfYLHPh0Rki/5HJzemw0D5S7Tj/mdlFFO0bjO/oU6Nj2nLXkFTeAwbrVeYmYZUwSgcdihZuMIHj0Ls+reCp7amqjPlax33CM24PIAfkK/lYpzwVjZyR54XsI51BE107h9e6sTU00uNY39cJporbP8AW5uT67KvlZFc10VFZZ7ZeIvCraaOYdiWg4WMv3wC6EvwPi0ToC45OjYZ9cL0c2unjP8AKqHs/wCUpvy1UNhUuIHcpkNXOH4sJ6mz0z5u6j/smRGaSSw3DOd2lxwfthebX74AfEqxOPgWh9S0b6mbbfdfbDzcoyBHEHY5cEVs404nifnuCNlrr8rdDsfXrZr8j85q2DqKyTujuVkqIRGdJLm90Wh6tfHhra58B9C4r9CK62WS6MMNbbaeVjudUYyVg+pv7Ovwk6pjzWWJlNKTnxaX+W78/VbqvOWL8joV+VUOz5nsfxHu1HoE1T48fucrV2z4nQz1Gioj0tPcK9vn9ixrC+p6K62lpt8tpqunMmB/4SvOr/8A2dPjn0o11VSxU94iB2FI0l+B/hK6tPlK7FyzdR5dSeGz1Ci6ttFZL4TZg0n1KtWV0Ex0wvDivmll66isDhH1J09crfKDpJlpnxjP5gK+tHXLhI2aGv052wXYK6NeohZ+LOrVrap+z30OBTmkeq86tfXmoMbVEOB/EDytNRdU2+oeIy4t9yVtUuDZG6E/xNCmuHCFFVQSDLJGuz6FGa4O3Cp2NB4TI9RR0tWwxVdNHMw9ntzv6rMXL4a9P3NrnQxGkmOTqh8uStguAYVq6XoGUDzB3RnXnT7DPY7z85pziGc5DR7KND17fLLKI+rbDNAzgzsBLSft2XrcYO5BQ6mliqYjFO3Wx3ITvmfsW0ZC09X2O+NBoK1jnEcE7q58Y9hnKz18+FHTd1c+anY+jneciSLbB9SO6zr+mfiN0tltDcBcKaLeME+cj0xujVmQXHk9DDweye1xxjJXnVF8TTSSNpepLfLSS8F2nGfutbbeorXc42yUlVG8O9HBNTwDKO7snzW+kqGOjlha4OJPHBVNL0tPCTLbqsg86HFXwlyMgLrnYwQeUyNu0TLSxl2ZmKuvFvkEdRTue0Hc8hWkN2tdwi8Gsp2OJ5a4K0c5p2c0HPqFW1dkoZ3+J4YaTzhaatQkZbtFlcIgVPS9LUEz2uR0JO4GdlUy0NdTF0VypxNH/UBlXRpbjbiXUspkj/pO+F1tyEw8KoZpd3yFuq1ri+zjarxlc+0YG99DUFzYZ7cGwy84xgH7rB3SwVNC/wAOspjGeGyNGxXubw1pJa0EfZR56Ckr2GGqgZI13ZwzhdTT+Sl7PJa36fosnugsHgPyszNgdTR3yhviim8r2bher3b4cRy65ba/T30Hj8liLr01W0D3NqKdzcfiAXVq8hGZ4byn01bDdiOTNS0kzN4W7ei5DWVFM/Sw6XDlTX6ods8IMngzjzxgH1GxXQhqTwOv8G0uiwpbp8w0Nqn5yu1FkhrHOqaSTQ7nCpjGWHy5OFMorg+ne1wcfQg8FaY2ZR5XV+LtpW4NFc662SCGpBLOxPCvqKu+YaHscHA+ihSGnr4gXBrg7sRwq2qpZ7d/NpHvA7tzsmqSZxJLHZsGSEj7oocN+FkqC/PyBMdwr2mr4KkDS/f3TAZRwT8lLJTBwlkcKAYCbEYKGYy7hdeCeDhJqNSAGEysOWnA+6eKwNIbInEg9kMxg9lb4ITI5muGUQPOFXYLeDhdbUzs5IwjUgJLJN8Xf6dlwuBagib1G5XcouMZKydLznYrmMj3XEkpoieCFc7Nbr7Svo7lTiWNwwMjcH1XgHxE+ENZ07PJX2aF01GcuIG+kL6NyD+L9kOpjjnb4cjQ9h5aeCsltCmuDraHyFujlmL4Pil58J+CN+4VlbavQRnsva/iN8G6e5+JdbA3RKMufHjkeq8MrLdWWqrfSVcTmOjONxyuZbpmj22g8lVqFug+TXW2sD8ZIV7TSeIBusJbalzMNBWjt9djklYLaXE9943ycbobZPo0bBp75RmuAUKGpD2cIzHHKz7cdnfrsysoOQo7+Cj52UaTJHCWg3LILOHbKZFLqACr3HBT4pcYyrA34ZbtfqTlDilBACOZT6Kh6k2EPCA4ZJ+6IDkZSf8ASVQwjkDCiuG5Clu7qK7kq0KsQCWMeig1UQG4Cs5ScYA5UN7DhAZro5KqTIBB9FDfuOFZTxZOQFEkiIyQEBhtgQJIwQRhV80eNwFazN3UV8WrKp9GCyGHkhU87mOwQralqNWkKpniDTkDCJTz6SAeyzThuNek1TqeJGkhflqkxE6stOCqqmm4z3VhGRgHPKzSj+z0FGoViyjUW+vHgtilwdsFchcaCvBB8j/MPsVRx1JZhXNO9tVC3I37JMoYPQabVuUUn6NKHtkbkOG4UWU6Hh2M6eFDppy0iLfH3UyoaTAXDlIcUdeu1yimXlHU/MwiQ4+wUtzG1FM6J2+yz1inc0/Lu7q/jkEbw49ko2wluRBstSaeqkopcgZwF2cG3XPxcfy5dj+aHc4jSXJlZGAGSgKTeI/mKRsgGXAZypgpTcQsrzFI17N2uU3OWtIO2MqpoZhWUOhxy+MYU2hqPHhMbvqZsfsgNELB1WAWNeB5geUVsrKylwcamhDIyHxnckZChtlNNJg7Z7q8BSkCLjE90Mgy12QsfdKQwVjwBgHcLbV8QkY2do37lZy/wGSFlQzfScORnO1cE1uLTpmqjki8IOw7A/ZWle3Q4uOwwsX05UPbcA1pwCtzXBr4ySM+UJi7Jp5fJVhlHMc8d1H42UiU4c3dAlxsRwtNayzNbFJ4PPusKZ8FaHHh7tQUeik8SlkaewWj6xpmS05eRu0ZB9Fk7a57JcfhI3C62inssR838vp9l0/0wcsRYSSEWjeS0xevCPVx53aFDid4Mod6L1Ncz5Xq6fjm0XluqNvAKkB2M5VVSS4qAfVWzCDutaeTlWLEshaCbTU6DsCrGbLcE8FURcY60PB2CvJZRNTFwHblKm8cHV0ln24ZleqqItaKiMJ9lqDNShrnZLNlZXRjKihLHDJAWcs73RVbos+U7EJLNdM0rVg0TNxgndQ6kYUiJ2ahrT3TKhuGF2OCkTjg7yeSuLgHYJARJMFoIUOfPjn0RAcx4zwgwCdxjUB6KFV7DIClN8ziAgVjTpwPRF0KsntRBjqSyYHGwUx8glaDhVEnklzypTZx4YGFMMyq3kHMeSoMvI+6lTzjgBRZN8KIz2vc8nHfSVXVH1fmrF30lV1R9X5pV/oqsZnYoAPmIRXj3QgN+VgsNAVhyMqQNsKOwYGFJHZNrFsMiNQ0QHCeZre+By6SMLiZk+qJvAB08pyYnpUxjOJ1IXOqGtDc5TScKbY4TJV+IW7BJtlti2aNIt1iReW6ARODAtrZIi1mSMLKUTMzjA2JW4oogyFowuDqrdywe/8AFUfHhkh5IIwjxfSFH/Ei5GnBK5kaz0eUdkcNJJIGyryS6T80aodtgHso9MCXkrqaCndM4HltWqa5N+idCwAZA+6M86NwuRAafsmSuAAIXutPH469p8J8hdLVaqU30Foqd9wrIaSIZdI4D7L0qtc+22yOkpsA4DSRyT6rLdCW8yySXKRmzfKw/wCq00TX3a9MY1+Iabdx7Epj4Rw9RJzbiaTpm2Pt1GHSgF8g1Z7/AJq6YPMmsb5BgbAYR4hjGQkvLZglhcBmjDQnppIIGEThGlkSx4b2zyjxsAHCCzLijMHZSRAizvU9yfEWUcDvO4ZOFeVdVFRwOmlOMDKyFu13avdXPaTGXENJURUeHkubFbtEbBp8z93FayICOMMAUC3wtiGdOPRTCdlCSlkFLJqkDQjxnwxnCjRR6pSSNhupOoAKAjs7HJVXUPc+Yg8BSp6hrGkE7qvJzk+qhDk8mmPI7dlEEZc7URuUWXd2Oy6NhwmwSIB04Gy8n6xqqrrTq6HpmmJNvoXj5/B99xn7BbP4i9THpmwvqYBqqqgGKnaOTIdht3WFsVEOk+mH1Fc8uuVc8zOd3weMq5YR09NWtu5dvomV8YulzoelKEaYI8B+n0HKy/x462h6XtDOjLc9ol0DWQ7BAOd/2K0vzkXQfSVT1feN6usaWxhxyePT0zj9F8q9T9QVXUt4mulU4kyvJAJzgeiyWSyzs+H0P8i/5J/iv/Ur9nHPOd0Vg3BQWdtkZoOyS0exa/QRuAE2U4wAVyQ7DBQ0DWeC4xyccT3KTANWe6E7JICOwYCVjAUnjgeMBqCTuugnB3QTyfulSlktcnF0b/kuLo2/NAwjiWv2Ti4BAdMCCEIyPQXI9R+qGSMchBL8nOUwk45S941QyFLm5+ofqhk7IBBzyU/JO+VUpYD2Cd3KQ4SXNPulSW4sGknpKiCSSXWqyC0+6Wn3TDk74S0k9ke0vA4couG6UEHK7k+qooR5XQDlcHKMNOFCHRwm4HKdkJqhByWR6pHhCwdShB6S4OF1Qg9JMSUIJLDv6f3SH1BHAGFTeAlHIAhD0qSW4Qy3blWCwKSR5SUIJJJJQgl0A5SAOU4kYUIdHCR4Qs+ZSBwiawQCQcriOQMIJByhIdSSSUIJJJcJx2UIczhLJKSSAAJnO45V7ZL1gimqHD0ByqAOGCMoeh2rZRLk0VWyhyj0tjwQDqz6bqSzlYizX10EgpKonIOM5WzglDmtxvsmLo6+ls+SOWSRwis5Qhwis5Vo6lQVn0hEHIQ2fSERWaEFHCc3PZDHKOB3QoJDgO6eBhNT0QyA48JmDlETtPsoNBhvlAIS0t9E7GElBj6BvZ3yo0rCcFTUJ0ee6hmnHJn+obeKy3PbjLmDU1ecOLg4tIwRsvX54Q9ukjIcMLy2+0ppLrLC12WA7BEeZ8zpsNWohpJDZJGefEkkkoGJJJJQgkkklCCSSwV3BQyfoDGS66UqPl7uw/1DC9HkOXZxyvLbK7TdKZ2dvEC9We0k7BdDRv7cHB8rHFiaAafdIMz3RkjwtpzU+SOm4KeeU7T7IBmRrAMrT0wxDH/yhZuMEkNWnpgRDHn+kJ8DLfIMGjTjCAWOzwpA4SwEzJn3gMYSRS3C5p91CAE5o3wUQMx3SIOeVfZcpYJVqcYrhG4DnYrdNGB+SwVCSyrjOO63bH5aNuwVmG/l5EkuBwJwCuozOPSTFzU31UIdSXNbfVLW31UIdXH/AElDSUINJOcLiSc1QgzT7ri7n2XDyiawQchvxjlJzgMjO6CSc8qyHSVzOEkkQYOU7blRHco8/ZRXIQorI7IG5OF531zdHVNX8nFJ/Lj2PuVtrzWR0VvllecbHC8kqaw1dU6R3DifdYr5ekdTRVPduY2jj8SUMWkh/lsAwqq3waZBIQrjTsEqPJ0L5bhqdrd6pqSYJHa3eqakkoQMkgpKECqdaaYT1G/YgqENyB6lXs0lHbaHwmjMxAO3ZFFZFWvjBPnrgwCMHjZWlCT8u0kbrN2aB1Y7xpQS0HbK07AGjA4CcjnX8PBJa8NG6HPUiNh9UJx4wVW1VUJ6sRNJwjFxjngntl8Q6vVZnriudHCylacajv7rSQMEbdyvOuqKuWpusjXu8rNgENjNekr3WFQkkks67OtJYGpyanKpvBYZgOV6Z0hEI7a2TG7ivOKaMyzCMd16jZad1NQRsd3GVIM52unxtLJJMSyBynOWDkpZMD8Wat/ydPTxyYaXnWB322XmVEwuuFOAPxBan4kVsk17NOHYZGzIHus3ZB4l3pgRw8LNKW5nqNLSqtNk9HbsAMdk5cP1LqaujBJ5eRJIKSLAIkkshc1AK28EPrkEZRGykEKMDj1RGydsL8myhg/fisyTI5yMDGylNccDdV7XjlHbN2IQhpJk3V2ynEBzdDgHNPIPCjtdlEBGOVRGjOXvoulqCZ7Y4QSnlp+grGVdFXWyXRVwFvv2P5r1k4PdAqrdR3GIxVcYe1WU5YPNKK7y0xAYdu5ytVbepo6jEc7xgDuqq/dEz0bnVFua58I3I5ws0HugOlwII5B2VtYCPT3MpqpmWlpz3Vdl1M8gM3B5Wat3UD4mtjlJwO60FPcKaqaPOA4+qrAZa0F3e0hkj8ZWhpK2GRo82SVi5YH/AN5Hgj2T6W6yQO0vdjCgtrJvo5gSOMKQCxw8zWn7rL2+6h7R4rtldU1VrAI3BVAOLIV06eime6WAhody0jbKyF56Ohm1aoAD/U0L0UPDxhcdA13puqUmisnz3dbJLbZnGMOGD2TaG91MBEcp1D3Xt126ZoK5p1wtBPoF571N0GKRpngblp/pToTzwyZKSppaC8Q+RzWS85VQBcbNIA8nw87OB2QJYqy3THBcMHurSlv8NQ3wK2Nrhx5hlMa/RDR9PdczxERyy5A9St/aup6SrADngErxa4WTxWfM2hxJG5YCg23qGvtUuioDxg91MEPo5rIqhmphDlGmoGknLVgumviJD5WPkx7FegWy90d0YNDmlxGeVTXBMsq6u1tILmNH6KskpHt2cAPsthNA12SBsoE1Mx+Q9o/RIcQ4zMrUUZc3I3UJj5qGUPYD7haqa3AZczcKM+kYG40hAMzkjUV0jqfI/Y+hRqigpqobtGfUcqPLRRv4ZpPqNkOAVtG/Z3iM9+VQwi1NvqaJ2uBxI9k2mrKlr9Rcdu2VeNmZNHnPOxCiVVBqy6MNH2RKWQBR1sUg/mnSiaKWoA0HKz1yq321up1NJIf8IzhMo76ZiPAp52/dqIhe1FtjcMjvuqestjft+6nU1wlfgyZx7qWTHUNxwVCGRqbUGlVdRbCzgfmt1NQMduBwoFTb87BoCJWPohhZ6UtOC1Qpocfh/dbGqterzBqp6m3lp4wmKxMAoDGN9l2jrKy11DaugqJIJWHIcx2Cp0tIW7lqivgI/CmOKkgXFHpHS/xtkh0UfUsYe0bCUDzfmvUrRerL1DCJrdWxyZGdOrcL5bkpdfI4Uq0XW52KYTW+qkiIOcB2yzzpTFSgfUz6eWE5ZnCbIYahhiqomvadiHDK8q6X+NcjdFLfYsjjxAvULdd7NfIWy0NXG4uGcZ3Wade0rDKet6VLXGpstS6nk50A+UplN1BdrW/5e7UznNG2sDlaN0MsRy05HsmuNPO0xVcLXNOxyFncci9uRUF6oa8AwzNz6ZViHeXduyy9Z0hTk/M2id0Eh3wDsVCZeeo7PIIrlAZ4m7agMlJlEpwT7NpgE5RWSvh3CpLd1Fbq7GmYMf3a48K6bIHNDhx6oMMRKGCVBciDiZWEdbFIBpVS3T/SAuiMj6TgFUZ5wyXgOrdPByFTR1c0GATqb6E8KbDXwSbE4KmTPOtkpJca4OGQV1QWOSSXQM91CDk9MT1ABJJJKEElgpDlEJGFCAxyiADCZ+JPBGFCHcBI7pZCShAeldT0lCDEkklCCSSSUIPSTElCD0kklCCT0xPUEWLIxJJJQFrA9JJJQDcxJJJKDBySakhIOSxlJJEQWEvZJJXkvICakppRh8EbgfVoUOTp+0Sg66OP8m4VmkqLUmjOT9IUhdmlqJoz6atkJvTd1pnZiq9Y7B2VpwMd0YHPPZQJXTRipor7A8tdQufjuwJsdXUFo+apJos7ZLVuRugujY/ZzQfuESeS/lcjFyOydTNkwVlzhP8AJnbj3Wqms9FI4v8AD0k+nCjyWGlBwATlGTKKyn6jqGs0VEQLh3HdT6a/UrxlwIPomy9M00mXMe5p7bqFP0pWHemqvywlkyXzLrRyAAE7qQ2drsEHlZH+FXymwPCa/HGDymsutypnGOqoZiRt5UbAkkzate1+4IKdnHdY9vUzY8a45ovu1SKbquiccGdxPuMKbmC4ms0575SwPUKkg6hhlHlkGCpTK+F2CJMk+6mWC0yxcxjhgtCCaKA/h/ZNFXCR9S6KmI8E/oplgfdkYaCIHOVz5N34HYKktlDuAnYaqyU5TXsgmnrM4BGE3w6jGDDn81YGT/5crvij0RSi2EpyKrw3f0Hb1SLc7YVsQx25AKGSw48g/RCRPJUmFjhhwBTflY+wVq6CInOgLngxjcBQLOStNO8cJmipGwkVo5jQSAE0wg9kwtlX/voO+4TxM/8AE3dT/DHH7Jpp242bujyTciH4g5LVwzsA4wjmkl/7vI+6EaM53g/dTIux/oD4lMTzj2XCGO2GFIFHGR/d4QjSgbDKmUCM8P0cP1XfAeU75WTkFc8GpbxLn2VkOimk7HBTmwVw3E0WPum/76O2QnNmePqbuoQK1taBguafsnNjlByWj9UyKuDdiQEZlU1uCOShyAObHJkDQitY/GdASZVvI8rgR9k4VHq0KZRDojJ5GEQQg8bJglGfpRhuiIN+Xb/8pSFOBu3n7p2cd0sn1SgDhiqMHDNvXKEYQfqaCih5CfqHooQrprTQVIxUUsbh/wAoVbUdE9N1GSaWSInvE7StCuafdQhjaj4d24HxLbd7nSyeonyD+Sit6T65oZNds6xEzeBHURAAfotzp91xzfdNKTwY583xPt+MU1FVt7kSBv8AmjDry8Uob/FeiLpGMYMsBbK0n8sLVEZ7pmn3VYL3IpKX4i9OynRMaimkHLJmaXD8ld097tlWR8tXQuDhkZeMoc9DTVDdM8Ecg9HMBUB/S9lkOZKJoJ/p2RSlgmMmha8SDU0gj1G644A4ysz/ALOSwH/cb3XRM7NLg4fumvZ1VRyaGTw1MfZzhv8Amh7A2bTTuGe6GYYSfNGw/cBUjOoa+lwK60zuaOXxjIUmHqm1yuAcHR//AExqtNlNMkz2W2TuL30rMnuBhRX9PwM/7PVPi+71NhvFtqTpgq4y70zhHc5jsEEFTLKbaKr5K8U7dFNWQyj/AB7pjbleKaQsrLcXAfijHKug3HAT3ehKpstPJUx3umLgyeKanPYvbspcVxop3aI52E/dGfEx/wBbWu+4yoklmt8rN4dDvVhwowGsk9pb2ASLQqn+ETseHUVbI1o/DIdQTx/GYHaJGMmaOCO6p9E+PPss2ucNgUQST7Fr/wAlUfxYxeWoppGO7jClx3GlkYHCQAnsUKk0U4E9lfURfUzIXP4swOzJTuGPUKPDUxyOOlwOEUgOGCMhFkBoMKm3zjUWAOP5JfLU7jqidg+yjGKmecBgB+6aaNww+GZzCON1PkYCRINJVtyYqjPs4oeqpadMzcoeblGRpeET5ufAE8fCNSbCxgj19ttl0h8C52+nqI/SRgK8x6w/s1fCXqkOl/gb7XUPOoz254iOf+XGn9AF6zG+lmHnByh+G0k4O3ZOhqLan9jDhdOv8WfLl1/sh3qgd810T1uJXO+imrYgzP6FYO6dJfF/ot5F76Iq5o2OwJaR4lDvcBq+3jFvsEMxE7EArp6fzN9fEuTbV5C2D7Ph21dfwxVAZUVEtPKDh0MmWuB+y3dr62Y5rXCYSA++6+iepeguiur43N6k6YoKyUj++fGPEz6l3J/MrzS5f2ZumzkdLXyrtLidTYtDZWfvjAXVp80p8WHRp8vOH5MpKPqy2zBoml8Mn1VxFUU87Q+GdjwfQrCXb4R/FPpyQk26G9U44dSHMmPXThZ0Xv8Ah05pbg2qoZmnSY52FhB9F06tbVNZydSjysLfyZ7G3ddXn1B1dVxQgMqBK3sSclaGj6voZgxk/wDLediSdlsVyfR0IamufTL0twcpxawjDzgIcFfbak6Kesje701KQY3dgmqxoZuXoqrj09aLrH4VVTRzMOSQ9gOD6rD3X4QwMe+r6ar5aSYbhhdhq9NAeTsxcw5uzgm/MVlHi7ZfiH0xj+IU4rYGclmSQFeWj4i2mqIhrHOp5eHMkGMFemGNjtnAH7hZi+/D/p6+apDSsgmd/wARgwmK0mUPpa+lrmB9NK14PocoxHqVh6noDqKxudLYbi5zWb6T3CBB1lebdIKa9W9wc3YvAOCj3ZI+T0FnugVVDTzeYsAd6hVVr6ptlwAa2YNd3BKt21cMu0bgU2Nu0ROlS7IYogNi3Ye6bNb45G4Z5XeoU/bP3SWiGpcejDboYS9FCY62heXOaZGeyFK623NpiqYQCdtwtCWAqFWWunqNxHpd6t2W6rVtdHK1OhXpHn/UPw/pZQZaJoy7sFgbn0xV0TnZjcML259LV0hyD4jPRRKmmoq5pjnjaHH1C62m10m/uPH+S+nq9RnasHgUsEkZLXNQg3B5Xql76CDg6Wkwc74CwlfZaiikcJYC3HcLtV62MlwfO/J/TdlUXGayQIKh0WzVNirHzNLJmhzSNvZQnxOaeE+PIcNluq1H7PB6/wAB8nSwOqKSF2XMGD7KI2aWmd9ZACsQQRumz0zXgacBb1dFo8lqNHZp5bZodTX920bpePVXNJc4ZwGl26ylTQEEFowoj3VdG8GMn8ijMsq0eiteHDI4Xden81jrd1JIwhkufstDBXtnPlIKszussMg913I9VGa4kZTgTlHkAOuBg4GyYDtuuot3ohyUPA8vKZFJUNP80ZHZELs4ynENkGM8IkAhwlBHZdyPVRzGeVwZzjKshIyVwk4XARjcrqDAYxzy7jZZjq/oKy9V0egMbDUHfUBjJWoLdiozwWOGBlKnWpB1XT08t9bwz5j6q6KunSlaY5Y3GHPleNwVEoaxzMHGV9PXK1W+80zqW407ZGkbEjcFeGdbfD+t6drH1dG1z6VxyMb4XPv02ej2XifNOSStfJHt1bE9rcu52+xVtHI08brGUs+g+h7hX9DWZAyuPdU4s+n+N8jG6Kiy4Eh4TiQRwo7Js42RRIMLPhncyAlHmzhAcSCMKVJvjCA5ueypi5sJDIWkZCsGyBzQcKpD9J4ypkM3G2Alja7CfnKSY1ycDlQ1qSYI8IB5Uw8H7KKd8qiS6AytBwo0jBhSizPdDlbtjKt8ozTWSunAyoMrQQrKYZP6qC9KaMdq9FbUM3GCgObtyp07M754UJwxkqjDdEhzsIzsoOXRvzhWTvQhRZog4bBA0ZrEFpKw5AJVxBUlwGQFmY/5b9XorWlqQQ0FZ5xOlo9TtWC/ikzjcK4ts5DhxhZyCXjCsaab3WeSPQ6XUYeTSB4D2yN4CtGyNmjxqGCs/DUh0BiPPqp1uqCG6Cdws1iPQ6fUphPmHU1VhhLdJHdamKUyQMlyMuCyNcwulE3YlX1oqfGjZDnJSEscnTptLSrh+et7o/xs3CDaqg1VI6llP8yMaSjwP0P0ng7FVwY6iu2phw2TOyI0S5WQVC91FWOhkP4sH7KwfJ8pVCRv0yKBfAQ5lWxuOzvdHfI6SijfgFwGUskXgsHPydWVFrfLEZSM6U+mcJYGvC7M3xojH6ouxzeRU7/mKH6t/RVcrS5r4JBs4EbotFK6OoMHYJXBjtXijjurawZZr5ODJxmSgrS3OC137Le0U5qKRhcQSWrD3eJzKjxTw4bLQ9OVodCIy72RLsx02OFvxj60+Hlw/DlCedVL4nflSbuwNzgbFQYnZZpAyFqqK1TxMq71Caq2Oe7nGFiIx4UoGN16BU4fC+IDYrz65RaKp4W2ueDx/mqft3k5wEkWr2VVKdE2QrChlD4TEQcj91ErITqO3K9Vp5ZrTPknlavjsyOhmIIeBwrunIdEHZ5WehwI2jPCtqGbIAyt1cso8/Yg0xy7VwrWkn10RbtuqmVuRkKRQTah8vkopLkbTZsD6Q8OYeFlATS3Q+hdhad0mip8L91R3+D5edtSxuQdj90ia/Rqqt+9NljE4eK14IwjVJy0e6raJ2uJkhPKtGYe0d0qSyei09nyLJS1YDXZwhNdlvspdyhADsD3Cr6V2WCN23ulYwHOWEGhfiYZ7grlU0Hb1Qnksn27J0p8TdWuzLOTZRTnMp9AlqIGFypBbK73KaHak3HBjlLDwd1FxJK5keoTcgA5QcnUlMtPI88KHUchTPwqHN9QSLiR4ZGk2CE3Od1In5H2QcbhYrOzQgsalRfSFFjUqL6Qjr6F2BE4AhcHKMAMLSlkz4z2NHukSMJHhRy85UbwW3gf/wARFGwQWfUEUHAS2UNO+yv7JFphDtO5VExpkeGhaegHhwsYG8BZL5fbg6njK82ZZd2eFj6pocNgtezDRgDYKhsEDMeIW7q8zgFedueZtH0Lx6xDIQd1x7hjGQmBw7FR3nJ5Uqhlmmy/bwKZ5J5RaNoJUQnzAEqwo2kAOwvQeM0+6W4+f/Vuu+KlrPLJL26Bn2URzjK8M7uOEedxGAp/TFu/iF1iOjUGFerSwfKpyxFyZtrfC2zdP5aMO0jA7kkLRdG27NG2slZgvOoqnuUDrhWQWiE7Zbqx2W7oqeOkpo6aIYEbQMJVvBx7rOchwBnhFaBj0Q28hPBACXF4Mcm2dTmnBTXnKdHkEHCNMoPFsPp/dSIzjshRkEDAwuVlTHQUzqqThu+FCFB1lcD/AC7XTnM0hGQPQqfYqB1NTMEgHrwqGwxy3q7TX6QeTUWtBW1pWZ3IUBbwSoRhqUjsEAd0tmg7ocRdI/jZQoNHwm5OUTZuyBUkaQFCEKoJMzkN6I76soahAbm6u6bM8RxGTnT2RjwvP/i/1LJbbPHYLW7VcLofBa30aef9ExDaqZXS2oyzaqTrzrJ15ccWqxODKfPD3b5/yCtJTH1FfYmmPNJRu11BH9Odgo8dIzpnp2C00uDUSgE45c93dZ74g9VQ/DrpCSkjm/8Aed1Gohv1A+v27fqgueDq11TusjXWuOjzb44/EF3Ut6bZ7fIWUFuZ4IY12Q5/cryoj0CI8ukeXveSXHJJ7rmn3WCyfJ9B0mljpaVXFCjB2yFIw0Mz3TIwEzcnZTI7gR5TE5NAJVlnWN3GQi7Bq4wAA7IJJBwEucsCzp5Q9XsuEg8ndDJGCAUhselkICAeQhkjCGSc8oZcQlSlkJRyFc477qPISnavZNPCAYlgZqOvGU9uwTNJ15wn42wlSjkawaS5g6uE7G2FAziSaQcpAHKhDmCu6HeiI0eqdgKAt4B4KQ5RtIxwhD6lCh4AwlhqQO2EMatWeyMg5JOHC6gIMXclcSUIdyUhyuLoIyoQIOEsBcBGF3IUINSSSUIJJJJQg9OTU5UxjHocuzccp+QkRlCFGOSE5pzwmqYWj0UdwwcIkyTjtBroBykOUXyaPdWAPAGEI54Kew74XJQdtIUBSbOJ+QmJrdQcMk/qjKJCaQMLoPZdUIRnNdqOyapRAwox5P3UCTEOVw7JJwOUMlkpjUl0jC4gKO5KTJJIpWyxuxp3XElRC4/hbb9TmptLcVMY/mRd3H1CPY73NSzfJ1gc1zTpLXchU9vrqm2VTKullLHsOdu49Forxaxe6UdTWnzP/wCPGOc9yiH13SrfBrIZBIwPadiMqTFyVkelLuZXminfvjy57FbBjNJHujPQaK+N0eA44Thymg9k4cqzohGdkUcITeyJkaVSCQ5Echx/UiM3wVY+AQcowAwhAd0YcKDmNLcJpGO6KkoTJHIKSIQhkYKgpgiwHkrCdd0DIpY6tjMF/lOFu3DKo+qqUT2iR34mbg+iM5nk6vlol/Y81SS+6SI8QJJJJQMSSSShBLo5XF0cqEHgDCcA09k0HsunhQAkWzPz9Pp58Vv+a9dwMDPOAvJ+nmeJdqZuM/zBsvVnAh/st2i5i5HB8pL7khJiKOE1bTlgWtIO4RQPVLAT1COTwcpos1DQN1pGgNa2McgYVRbYS+pBIzhWobrrcZ2CZAzTlkKNkkjykmChJJJKEGJ6SeoQfSszVRkDutmzj8lk6Fuaphx3Ws7D7K2ZLhgJyjMIwBlAXclMM5JJGOQoxJylk+q4oQ7kruD6pNXCcokskHJLgOUshWQakklkKEGLjyNJGUi5uDugknPKhDpK4kuZChB5IxyhE8lLJ9UJ5AG6IYlkFLJwhFMkOo4BwoV4rxb6B8uvGdkmyWEaKq9zwuzI9dXsyvNDC/yt2PuVkaOKR8o0Djkp9bPJW1rpDvqdsrChhERcD6LFL7mdyuCqgkS4GhgGFJBGOUBdyfVMjHAqbywqSHkJEjCog/I9V1AydXKLtp53UyQ6nNQvxJ44U7JjITxC0ggbosDaisnxgnPKE1upwCv7HQv1ePsB6FFFMVbHEeC5ooG01MyMDBxupY3yhDA/ECnGRrO4/VORz5RlN5G1Exiic/0VZb8uLqqQcnbK5WVZknbE8+Tvgrs9dTxRiLUADvseEYyNbSJtfO6G1S1WNsFeYyyOlkdI8klxySVturbhG20Q0NNLkygOOFh9JGxCVZybdLDatxxJJJIbwbBqeNlxFLRhD2VlItenqN9XcGNa3uDlemsIa0MA4GFkujre6GmNVIN3DDVqWbjcooHG1k91hIUS5VApaZ0+QA0FSQdjss31lcI6SxT6zgu2COUsIzUwc5qJ5Jd6ySvuM9TI4kuecZ7BTukKeJ1e6ZzNRa3LfZUj3bFx5O61nRlI+KjdPI3BdsPss67PV2vZp9hpQRuEI8lIZPdMWmHRyEmwxIwdwgnfKWfdDPupuSJhjtWxOeFHfOQeQk9+nuSochc8pUpZCjHJ9SWLrCnrnNZM8NLuMnbK0zZQ8AjGCvDWeIzBaSD/AJLS2TrOqonNjrAZIxtkFfmGyo/eUJZPUGPJUmI5VLa7tRXSMPppgXYyWk7hWQfpPKyyr9D0+CybgcFLWWkBRYJtWxUnIccZS5R2h5CtceUQOwOVHT8lCCG8XV5cbKqvfTFrvMeXxNikA+tgwVYA4XQQO6vJDy259P3GzvIljL4RnEg9Oyh01dJGQ5knlXrkscUzDHMwPadiCMrK33omCrBktYbC7nR2KtvPAZXUF6e0DL8+xVn4tJXNAcA12OVjJ46u1SmnqWEOacbhTqO4AtHmRdETL1s1TRPwxxLPQ7hW9u6hc12C8g9wTsqCC6tYA2Rutq5UQYHzFO7LTvgdlMMm7J6PRXmmnABdpPurRr9QBByF5JTXeaneGvJAWns/UjzgGTb0KDaRxRudnZyFGmpYZW+duUClucdS0aBkqYHFw4Qt7QHwZG+9HUl0a4iJjXfbC82v3Q1db3F8LHOaN17t4If5scKJU0kM7XMljBB23CZG5lJnztFV19ukxlzS3kZVo+qtd7aGztEM2MZPBK33UPw8grA6WlAB9l57delLhbXn+W7APotMJKSLIVXaKugPi0ri5vOxU2w9a11skGqRwwcHfhR6S5VdA4xztLmd2uCdW2amuQNXb3hpcMloPBU4IesdN/ESnrg2OpkGfXuttDJSV0QfA9rs+hXylI652ebV5xjuFr+lfiVX0MjWSuc5oIzkoJQz0Q93ki0k6Qoc8WPw4/NV9j63s13DWmTwpSN2uO2VfSRhzQ5oyD3ys8olplQ6MtOdK4YQ/GytDACP7v8AdC+VI9kBamV3ygDtQAC7gtJBCmmFw/D+6G6P+pQshvgjf9cbTn2USagZpJiaxn2CtzB/hQnRnsFRDOy08jDktTDM+IcZV/LS+Jk4VbVULh9ICJSyGR4axzvqRmFku2wUGSF8Z8owmxzlhw5WQmzUjCNu6qau2AkuA5Voypa4DJTyGuCKKwQytTas8DKqZ7fp5GFvX0LXj6R+qrKizGTJY1GpkMS+hIzt+6hyUxHIWtqrNOw7NVXV0hYQHAApnaKwUDoCM5apNrvV1sswmoaqSPBzp1bKTJSkb6f3QJIBt5Uucck+LJ6T0x8a/DLKW/wtDRsHsG69Ntt9sl9hbNQ1cb9QzgHcL5idC0ctH6KRRXS4WeYTW+pfEfQHb9EhwFus+oNLonZbkJ75g4fzGtd9xleK9PfGO50rmw3qNs0XGoDdemWfq2y3yNrqSrYHu/A47rPOrIp1MPW9N22sf40bTTy86o9lEZD1BZ3Zjm+ZgbwOSrouJPKcHHGNRSNnIpxZFoOrodmXKJ8HbOFoKespalrX087JGnfyu3VHUUlNUxlk0LXA+oVc60eB57fO+CQdwdigcWhDjg2rmhwQxC47tO6y1JfbnRPEVfEZG8a2hXNJ1DQzNBEgB7gnCDYwXWmW0c1ZC4bZarGCtjkAa44KqI69kg8p1D2UhjqWUefn2QttGeyr9Fy0BzdTXZC7p91UxSSwvJjlOn0PCsIaxrxh2AVRnlBhtXsn5HqghwPC6C7CMBxaDJIer2S1eyoHARLPZcyF1QoSWSkkoQ6Ccp44QxyiAjChDqSSShBiSSShBJJJKEEkkkoQSemJ6hBJJJKCZj0xJPUA7EkkkoWJJJJQg5JJJQgkkklCCSSSUIJJJJQg9JJJQgkkklCCSxvlJJQm5DiG4+n90PB7I2n3XNAVk3DDvyU0sjf2B+4Ri3O2UwRkHOFCbgD6OmeMPgY4e7QgP6etc25poxn2U7Q70TiwkjdQm4zlR0TQNeXQ1EsYd2DjgKOej6lm9NcpPbcq/qaqqgm8MUj3sPDm/wCqlwOL25IIJ7FUDul+zJtsPUNM/XDV+IB2eU4s6mhOHRB2P6RlawtJOQ4rrQ7jVwjBctpmG3S6wtDZqCQY7hEF9B2cyRp75C0LmazknP3TPlYHHzRsP/hUJuRStvUfOsj7hTYrtTvjHn++4UqS1UMg3gaPsFDf07QOOWtLfsoTcg7bnBn68ojbjETgNO6r5enmHHhOd/5kz+C1zBhk+w4zuoWWoqQ7GE4zDYbbqnbQXJh3kBSa2ra7D85HqoWXIGrfK74eTpyqkSVLTgPRmurxxurQubx0WIgJ3TvBwOVBZU1g+sI7ap/cK9zF5DNjdnlPMKYyshb9Sea2nOMPCm5gylgaaYDfCD4OCpgkDhkcJulpKrcwfkACm2+lD+U9lYADGFzR7IybyAad3ogmkzy1WegJmACqJvK00EJ305KAaIgnw24yrrQ3+kJaG+iuSyWnkovlK5rtbCQfT1QXNusTjJ8vIVoXDSQUVmQME5VLgMxs3UjqU4qIpGn7Jo65tgw2SdzD7ha+elp5tpIWO+7QoMvTVlqM+NQRH7NCLKIVFP1jZn/VcYR7E7qwi6jtT/7urjdn3QajoHpifc0LWn/Dsq2f4bWJ+fBmqYj/AIXqLghoWXaieBidp+yOK2mIzrKxr/hs+PJor7VsPYF5KjO6L6yhP+79RMwOPEJREN2KylzjxMIompnAYl3K88/gXxEp9xW0NSB2B3XW1fXVJ/fWdrsd291CHoeQfpOQkvO39Z9QUGBU9N1z/eIZwmD4s09K7TW224wnvqi4UwTbk9H45TPD91h4Piz07Jj5qoMOePF8uVbUvX/TFWB4N2psnt4iopwlHs0YZvuV1zBgYKqoeorZU/3NbE/7FSmVcL92vzlWVhh0juMJgkB3CWv2VlHMEjBOR6KLLR08gw+Fh/8ACFNBymnGeeFROyoksNG/zMiDTj8Oyh/wySB2W1NSwD/GStLgbABcMeeVAOuzPF9xjOmK5OGn+sqXTXG8gEunppCPfJViaend5ZIwQfZCfabfKP5YMbvVhwoRSRxl0uJx49HqHqwI7LpGd5YZIx3LgoL7XcmEGiuAAH4ZTyhmbqWncRJSUtSz/C4A/uVCYL2GuoX8Tb+hR/EY4DDhj7rJN6lo6f8A+e9oqqfHJEOoftlWdLe+nqn/ALPWhh9H5arBlHBcmOKQ5c1rvuMoc1moKnzviwfbZBimp5D/ALvUtefQOypTJH4wXcKuOyiHLYYjhsE8kePQoHyF8pHaIpmTR9tXKucvwCMbrpe4bYyrBM5NX3GndpqbeNuXMBR6a+w7NlcWZ7OCuy4O+pufuhSUVHUY8WnYR/yhUo5KbSIsN1pZXYZOM+5UozxuA437hRpem7dUDZhjPq0qE+wXCkdmkq9TBwHnKgKwWgYM5HBRHMa0DQMKoJvVIwOlZqH+EJwvTmDE1O/PrhQhaB2nndLAJ4Uanr6aoALZAD6FSI5Gv3ac4RgidSxuG4Ud0DwcsbsprV0DA55V5BlMiCN34x9woNxsFjvMXgXO1wVTP6Jm6m/orhjWnOQhuaOyKMpReUyRuaeUeSdQ/wBnHo+6TurLLU1Flmccn5fdn/lJ4/Ned9QfBf4h2GMy2yOmvUbDsGSeG/H6FfT+M7LjWkbro0+Rtqecm+nyFlfR8YG6VNmn+UvdHUW2oacFkoI39j3V9butpXsEFNcg4jgOOV9P3rp+z9QRmG8W6GoYQQdTRn9V5b1H/Zv6Yrony9MyPttTkubvlpP+i61Hmd3Fh06vKyfEmZai60dFGBVU+sju08rQ27qSzXWMN1iJ+Nw/bdeeXv4U/FPpFhndTsutKzvDzhZxl8kgk8G4UctLKNnNcMEFdSGvhJfazo1a+EvZ7oaRsnmika4HggoMtPIwEOG3qvLLf1ZV02llFcPp/C92QVrbT8R4XaYbpBodwXDgrWrmzX/Ii/ZoGjGQQo1bYrVcWOZVUzCXd8bqdR3qxXdoFPUMDj2JCkut4fgsOR6gpsdRnsYrsnmt2+E0cpdUWWodBINwAeVmqik6w6dk0VNO+aNn42g8L2ow1FOctJICc18cxxLG0n3Cb84XyHkVt60p3uEMsmmTgtfstBBcnTYOBg8LQ3v4ZdN34OnEZiqHb627b+qwV46A606ZcZbY91bTDcNyScJ0bl7L+RM1EU2rAON1Ka1pHK85p+rnUrxTXRslNK04IeCFqrZfqOqY0tnByOQRhPjbgROtSLoxt9FDq7VT1W+NDvUBGZWQyHAcjgg7hPhqJRfBkt0ykZ2ot1ZS/S4vZ2wqivttLcG6KmFod64wtu8Z7qHUW6CcbgAn0C6VOtcDlanxldscM8lu/RRaHSUuHDnCx9VQVVG8sliIA7r3aqsj4maoX6j6LPXWxU9c0sngDXjvhdXT+Qbf3Hj/ACv0nG2DlSjyNzjkYRo35xnsrm9dJVtA50lMBJHucDkLOPzCcO57gruafURkvtZ8y8p9OWV/ZOJMka17VCqIM7AYBRY5CSM/5o5LHjjhdCrUepM8L5D6etqe6tFNJRlhBA3Q/Gq6R4dE5wx6FW0sY22QDGCMYwtsZKSyjzFlEqpbZoNQ3+QYFQd/VXlLcoagDDgT7FZSWlA+kKPmpo3a2POPUK9/OBEqYvo3vi5wQERrx6hY+n6hlAa15z+auae6RStbzujyJlW0W+fddyVEjkD8OBz+aktOQjyBtY5cPC4RhcRlHMnUjtI0jcKMu5KhCVkeqHJGHb8oerON0eM7DKCSyQiSNezYDsgSw01whfRV0QdG8YGQrRzGkHIUSSMNOQ1JlHIUJ7ejxTr/AOG1XZZ3XG3gvp86sNCx9FVFhwQvpedsVVC6nqYg+NwwQd14z8SugJrNVOvdnjL6CTd0beYz7rnX6fd0eu8J5uVMlGbKemqvEwCQpriC0HOcrKUNwaAMknsQrmnq9WBnb1XKtr2M+paHyEdRHLZasmJ2IylI3IzjGUGMgYOUfxtQxhZ08nS3ZWSI7ZyfHNoIxhcnZtkKC4lruUJXy7C9gnDwBspLTlUNHV+YAq5iqQ9gChspvU1wGKC/gruSuHhVkd8oM8oLh5SjHlCcMNKIjaZDl5UGRTpeVCeDlKwZLVkhztONhthQHA+itpQNJz6Kve0eiAxWkYgbqK8ZBUxwIyojticoDHZ2Qp2nIIT6ebSRlOl3OMKK9jmuylTjkXXb8ZfU1TnGcKyp5s4WZpZtJAyrWGbABCzzhk7uk1G6PJo6abON1M8Z8T2vYfyyqKkqfM3ZW4kD2BZZxPR6W/CL55NRSteBgndPslUWVLY87A4UG1VXiZpn9hkLtSx1DVNqGO8jzuPRIlHJ3abftTNpkZJyg3RhmibKz64t8j0UehqfmIWuzk4wd1Ke3Aw4ZBQNHSrluQNzBcqBwP1NaoNqlc5ppHnIGQEehkNHWmJ5yyThRanFFc3PZs0nKGKwVOWC2oNmmE7FEz4chGNlFbIGVLZAdnqbPhxDmhEFGzKKira6nqRMNgSphLZYSeQRlArm+NGQBu1DoJ9TDE5242Vi9+15Kq8wtdBnG43Ch2SqdTzNBOAThXFfDq1Nws8/NNLxwcqLsxT4t3o29XF49Lq05dpVHTSZJb6HCt7ZUCqpgdWQWKnLDBUvifyHZ/Jaayah71uGSOxVeBp5CyPUtM2GoMgbjUtTV/yq9r8bEKl6mp3zRido2BWiGTgeUh8lWDL0NV4dRp7HZS6zG2yq4/5U/m7HKuJi2SNr2nkZXqNFPdUj5N5yjDyVpBB2Uy3vIPKC9oBOybTvLJRtst8ZYPKPDRcyEFnKHTOMc4cEt3xFgQmENcMrQnkz5wydUuOTUgbqvux+YpQD2KnyuHhgYUCZutpYThAx1U+SFRTujjEZHCuKec6d25VAyQxVDmEfZW1DMHgAjdKPQ6K3KH1p1nSR2VE1+iq8Id1oKlozws1Vgsrg7GyVJZNNz6JUv1A908cJjzkhPachUnhi2U1a3+aTjuVHaR6qZXAazsq8E5O6J9GOzsUmdsIY5Ry3IJ9EAOyUDJHoIOFCn/D+am5ChT/h/NIu9Fx7BHcfZCJGeUR30n7KPg6tysVnZqiuAzOVJh4CixqVDwEdfQqwkDlGBGOUBOAdlaUxEpbR54QvX7omdkE8n7oZ8gt5EnA7YTUhyhInhky3ReJUt9lpaUeGeFR2MA1OCFpIANWcLmaqeHg9N4ujKyaiyt0xD3Csn5zscZUS3MaacbYUl4wDvyuFas2ZPa6aKjXgYXnHKC48rrjucFMecNWimG7gwau5xY1gLqljR7q4hxFGGkKposvqQwhW0wDGhud17Dx9OyvJ8i+pdU79VtznAGaXthb/AKGtxt9C6slZ5njWT7LB0FFLX1rII+/f0XqoHytnZTHlwDT/AJLpo8jqrPt2ImdJ0xq6qe5yDJc4hh9Ate0kk5VZY6JtFQxsDcZAJVm3ugsORY+gi67K4qq/XcW+kc7ODwqUQEslyCSQScorSCBtwqiwzTVNE2WfvuFbR+UogkSmbFZvrOv1thssD/5tQRnHYLRzVEVNTunldjSM/dY+xQOu13qL3UAuDSWRg8YVCzR2W3R0FDFTRtxpb5j6n1VvFsMY4QYW6WDZFa4NBUAHTyEEAd0+ABsY23UbzSSZ53U0DDRuoQa9xAyoM8znEDClTSADHsoI3cVCHeQguBypGOyYQ3uoWv7gqiohpYXVFQ/TG3krxCxSv636qq+taxpbSwv8OkY7dukcOC0vxnv1ZLDR9E2aVza67uAIH/dnG+e26ix08NmtdNZKOPDGRtjH3HJRt4Opp18EN/t/+hyWeF9VUXyukDaa3xYy7jLQTlfMnxC6qn6u6mqrlM4lmshgzsB2Xo/xs6w+SoW9HUDx/NbqqSDv9ivEnfSVkvswep8F4744/Pb36GnfJXWA8pg2ejgbArJJZeT0reOzrfKPVdG43Sxn2Sf5cYV9CH/YE/6sBFiaDjITNOTuFIjGAjjLIXQPsozvpKknhRnNO4wk2rJaeCOScpmSjuYQUPSfRIkmaYsGkkkgDBLuCiJKi28AcBdx2RUlCxmAljsupIQzmAlgLqShDi6kkoQYmIyHkKEBtDgcHhEGEsBCIfk4z+qhfYZJMSQFD0klzIUIdQwCiLh4UIcyU0E5SIOUnKEHg5GV1CyPRdahTyQIkkkrbwQekm62+q7qB7qxo4E5TxwhjlGj5CF9jK1yIsdjhAkZgZCm7EDZBkY0DYq+i7IZK8g5SBJ7o0jMElRh9SmRBIY3PdEHm2wgsAxu79kaOQKpBROSMIwh/kpmzhjCjSR6TsOUSlkKUMdDQeyIOEMcog4RiBHhRy12TspKaQMKEIyS6/6iuKBD0kkkAIxJJJAQSvOlLubZXiKQkwTeVzSdvdUaexwaAeCFaWSF31DRSWi6mppiWxyHxGEcYO62tnuTLjbopgcuwA77qgt72dUWh1qOltXE3yOcefZROkq99FVyW6oJHmLSD2IRyWDbobvhsNywu29EVqDHyEZqI9RCaksoInDVlNHKMAMIUhiHM7I7N8IA5RmfSFY1BhhOHKCOUVnZWNQUcJJDhJQIahyDjCMmSD2UI+iG9pPCg3aHxqCWPPLSrM5OcjCivj1DB4KbExalZraPIJWlkr2EYw4hNUq+M8G61EYGAHFRAcq2eEugoTaOpJLuCqBOJJJKEEkkugHKhBDP5J4wRjOEhjHuhklRgIv+jIBJe4ieGnK9NeQTwsP8P6dnjS1Dm5do8vtutuulpFis835KebtoksFdAOUTTkDZaTGD0+6fjG6Wn3TwwnhHGOQZvgsrZCGjxj6I0ILpjKOE3HgUbXIlE0+AHHkojFJ4CHcpJ+CkjwL3jEk/BSwVCCT8FIBEAx23RJYI3gl2tmagHC0ROOyo7Y3BEuMK3ByMolHJmnLJIyPULjiNJ3CjZPqlk+qmMCx55SSTgMI0iCAwkkkjIJD1u9U3ITVCByRg7hRyTlN1e64SMKEHavdcyPVDJOUsn1UIOTclNMoHKE6ceihaTYUuaO6izTdkyao2BAVbV1RAyd0DkaK68ktz2cl4wsH1leHVExo4X+VuxAV3cbo6Kndg79lisSVFS+aTcuKTYsnR01e2W5jKODDg8hWDQG8JrI2sbu3H5pwc090EazdKW4IkmEEjZLTPqAiGQrw3whSi30PyUifUruiRozIMJA0wGqU8KOmUugvjnjIgc8BODifL2THVlIwYYMYUc18hPbCuOmk+ytrJuluN8LuuOPkqAalz++E3xATkuJTFRgNQyWTZwNwjtu1S0afE0t+6qDI0DGrhc8dp5JGEaqwU68lz/GpQd6k5TZr3VvbpDv3VR83StO79x7JrrnTDGCrUMAqhLpE03KqL9eo/qkayRxy4OJO6rxdYAMBu67/F5hu1o9leClU/0T5ZJpcYjJx6oLopnb+Cc/dQ/wCN1vqPbZL+N3Ds9v6KnXkKNUl0g5gqx/8ADlObFUceEobrzcDt4o39kM3CsdzKN/ZIdGRihJ98FvDQSzENxp9yVd0HTcDwDJWwk+md1izWVg38coJmqSSfFfk/4kP8cGVLmez0T4aeFkMbmYaMbFSmyNPBH6rxJtbXt+mqlH/jKKy63Rm4rpf/ADlRadiJ6He8nuDCXA4GfsvMvilXzN8CkwWt1EuGMZ9P9VQjqvqKnI8C4PGPUqzoviR1PTNdFPUCaJ3LSOUMqWgqNEqZ7jEuJeWgD2Xo1mj8C3xRkgktB2UR/W9qq3AXKywZPdsYypUN66UqMBvzVMT6cKlS+zbdF2rCJ245Ca8bbofh0s4LrdciR6SHdDdFWsbl/wDMb7InBoyy00484HED1CBK7I5wmOlAOZNTfumveJPpKXKLyJlDb2Mk1OdgJ7YPXuusiyRlv7qRgNAAVbCuD0zSPRMLWlGTcFfm2cNx+54zwdoLnWWqYTUkpGeRnYhb6x9c0VxxDWZhlGBvwV5/oDgQVFLCDkDfss9lIatZ7lT1AduzcFWUM+rDSvGbL1pcrS9rZneLGdnD2XpNl6hoLuwOppDnG4dzlZp0tDVPPZpdQI5C6DkZUQZBBBKMCMZys04MZgNnCRJIxlN1JavZAMyIE854XRJk4wkkBhQMBXWuhuMZjq6dr8/ixuPzWHvnRtTbyai2PL286c7heg5CWQjU8FJHkcFbI3yy7OHIKnw1zhgxyY9jwtpeOl7ZdWlwibFN2ewYJPusHd7NdLHIDPCXROOGvZuPzTlJNEbwWxqKWsbomaI3evZQTLX2uc8yR9iPRVsVaZAPNnCnU9wLRoeSW+hQuH6JuLy29SPjcCJSxw98LaWzq6KZrWVGPuvN3QUdY3ynQ/1TGur6B31F7BwlyhgvGT2ynq4J2h0Twc+6eRkrzKzdW+GQx+oELbWy/QVIaC8HPO6XhlbcdFo9uPzVRdbJDcYyBgOKu9QeA5vCboCKM3ErB5TfOmqigJM9GJ4Dy8DzhZuazMB8azyua/ktLsfqF7rJBHK0se0OaeQRlZS9dDU9WXVFATDLz5dgUyNmSjy2SZxzT3Sk3G2rSqOusL2E1FucJGnJ0Z3C3dfS3O1O8O720zQ8eI0ZIUCa0CpcauxVYDzuYinqSIYWjvdbbpQ1xe3Se+xC9C6W+KlbRlkc83ix7Za85wqiosNFdH+HXxmmqeDtsXLK3Ow3SxzFwhc+MHYj0U2qXZD6asvV1jv0QFNUNbOBkxk4/RWeNQ2Gy+UqC+zQytdFM6KRvvggr0fpb4s11Bpgun8+IdzuQEudWeiHsUjBtlMEIKrbN1p05f2AUtWxspH0OON1bDIB0nI7JDg0TIPw0IsYEcyeyHrxwgJvAlmM7bKM5jX8hTcZBQCCw8KBlbUUAeNgqOrpJoZSCFrCzO6iVFKJTk4RZwGZkeIzkIkdZpIDzhWFVR7Ya1UtZR1LXZDDhEpZIW8NQyT6TlSBhwxhZmOaaEgZIU+G54w0yZ9leSFpJEHgjA3VTV2dkhzjdWVPWNkHAOVJaGv/AAonLBE8GMrLNKCSGqqlosZB2IXoNTTh34RghVlVa4ju1uCrUtw5SWMGIdROH4cKLNTnuFrpraCfK3hQZ7cXcNV4JtTMyKUnnZNLJIwQ1zgDzg4V06gIJ2wos1GWEEhC4plOvKL/AKe+J1+swbDVP+biHLpvM/Hplei2P4k2C7Mb4s3y8h5Y8jK8XNO1+ABwmNpscHS71S3UhEq0z6Yp6iGrYJKaRsjTvlpynY3xlfO1rv8A1BZZWvornM1jfwF2QVubP8ZwxzKfqC3Na3GPHh2P5hZ505M9lJ6aY9YwRkFAktcEhL2xhrz6KNZerun7y0Poa6N+ofSXAEfkrpuHZcBgJPxinWylEVxpJQ6B7gB7qQ3qCtpnB1VBlnqOysHjKjvia8Yc0EH1S5wFuP7JdH1JSTYzJjPIVzDXwyAOa8ElY91op3uLm5bn0Qm0dypZM08+pg4BKDZgW4Jm/jq8YOxHqpbKyN2AQvPoeoKqnPh1Ebhj9FZ0t+inIxJg+hKDAEqdxtBIDwE850lZ+muXHnVlFcw/DH8eyhnnS10S9RBTtXsgtka/dpRFQhwx2GSTdXslq9lCsDl0HsmavZLV7KEwGB23K7keqFkpZPqoLCpLjV1QgkkklCDEkklCCSSSUIPSSSUAEkkkoCJPTE9QgkkklCCTk1ORIgkkkkIAkkklCCSSSUIJJJJQg9JJJQqXQVJJJQRLOeR6SSSgORidgJqeoTJzAXcZSSUJkbkriSShMiSSSRht5EkkkoUdXEklCHclLJXElCCXHMa45I4XVxyhbkzjY4RyzK6NIGBsFxJQW7MjDGHcpeE1PSREGeG3GMITqKF24yD7FSEkIJE+TwctnlHtq2XDBV4yyXPsVJSUBIoNe3bOU8VVe0fTnHuiknuUPV7q8B7BNu7mtxJCcjnZIXWI/gcENzmk7tyhhrQc4H6KibCwFwpdILn4ynispHfTMFWlsZGdCEIoznchVv5JtZciWnPEqcJGHhwVMIzkAZ+6IGvP4ii4CwWutn9QTlV63Dhy4184P97+ymSYLXcpYPooAmmxvKneLL3kUyTDJqSitkPdGbLnsjwTARLJ9U3WF3ICsGTcRFrTy0H7hDfSU0g0yQMcPQtRUlYPyNFZUdL9PVBzPZ6WQnkujBVVU/DXomuyJrBTA+rAW/5FapcwPVTJHY2YKp+CPQs5DmU9XB7Q1Lm/55VZJ8FqSnP/ALp6qvNLj6c1Bdheo5CY6MdirTLVkl7PKh8NevaPa3fE+rbH2ZNAXt/PCTrL8dqHD6HqKz17DwZYHMXqjW6e6coV8mDyd10+P1AMTdNWi5A/9zMGEf8AmQW/Ej4k25w/jXwlujw36jRuEn6eq9fahzN47qZD+TK6PKY/jxa6cA3ro/qa3f1eLb3HH6KdSfH/AOFdXII/9qIYCe1Sx0Th+RC9B0A7FRaux2S5RGG5WijqmeksQcrB+19lVQfEDoe7aW0fVtpe93DfmW5VzHUUsv8A2epjlz3YcrMXD4KfCm5anVPQtr1v5cyLR/8AekKnP9n7oKEZtct0th/D8tcZWaftyqAyvR6M3zDhdI3GV5o74T9W0H/zh+L1/gHZtTioaPy2SZYvjraQXU/V1juccfBno3xvP3wCrJk9McGuaQ8A59VXz2a3VAPiUsYPq1oCxTupPi1b4Y21nQdDXHBz/D6wkn30vHf2Kaz4uVVCMX/4f9Q0OPqLafxQPvhQhpZ+labOukramnkHBa/ZdgoOoKEkNvHzId+GRgAH6KgpPjX0FUuDJLhNTk9pqd7P8wr+k676NrmB9Nf6V3/M7SqISoq/qKnkxLSxSgf0lWVN1Aw4FTSyREbHI7ocVxo5D/JlzlG1NfuWA/dWAS4bpRyu8NsgB9ypGtj8FjwVTvoaeRxeI8euEWOijDRolIc3jS5QBwLhg53TyM98KrifUMGnxOOFJjqKlv1sBH3VYA2MmEAjB3CDJTU8p3jGU1tY0bSDH2RWTwvwA/cqgWnEgvsVM9xe06c+iBLa54/5lPMWuHbPKuRI091zLf6lAfkZQ67rDu5oKTbw4DRNC4OHKvAGu91ySiilHmY0/krbI7G/RAirKZ7QfFAJ7FGbI1+dJBwmVFkpX76cH2Uc2eta4GGctxwpvKSyTdu6dhvoq0SXeldokhZK0d8J8NzBdpngkj9yNkUZ5JjHJMcwJnh6uE9s8Lm6g8EH3TwMe6IvewJZtgBZ6/dEdNdRxBl2tUUjt/O0AH7rTuAKE5qdVdKp8BRulHo8J6j/ALO1HG6Sr6ele3JyGZ3CwN46C6s6ebrq6J0sI7tGSF9Z6fdCqKOnq4zFUxNkaezhlb6/I2QfJ0NPrZReJHxsTU0+zonw5/JXdr67v1rDY2VPjRN/C/dfQN7+GdjvAc0wxxg8YYvNupvg5NQudNRxHHZ0e+fuF1KPJwmuWdWrXQl7B2f4l2euDYbkDTynknhaaKW31UYmp543sdwQV5Nceh7lTReIY9RHbG6qY5uo7M3NPJK1mfpOSAuhXq4T9m+F6me5GB4OWOwPun+PVxNDdYcPdeXWv4pTQOZFc4iDwXdlvLR1XabwGfKzBx7j0WuN2eh+4JeOnbP1LE6O7W6J7nD6g0A/dee3v4LT0rTVdK3N7JAciCTg/mvVmFvLRsURaFqGgsnz++v6l6VlEHUVqma0HAkaMgq9tXV1BWgaJwCfwk7r1yvpYayE09RDHLG/ZzXtyFhL98JLNXF1TbC6lm5AYcDK0w1GSPDOR1scjQ4HnupEZDxq7LCV1j646Tlz4ZraVv6gKbaus6d501LHMI2c3uCtcLkxcopmreMlBkpoX5LmjP2TIaxs2HNwWn0UhrtQWyN2DPOsoa6zQSEkDGe3ZZDqDoWnrGl7ImsfjZzQvSJoi4ZxlQ5oPZaqNZOp8HK1vjatVHbYjwO4WK4Wx7hJEXMHcKCx+DudwvdblYqevj0viaCR+qwN86Akjc6WmaQf8K72l8hGf58HgvK/TEoffTyYwnKYW7cp9ZRVdFJonYQAeUJjvRdurVp/gz57rvBQ3P5Ig3MOeMJhYDs7BUtjQ7kcpr4Mb+q3V6iMvyPG676clB76SslomOOqPYoBFVASMux6ZVo9pZ+FDeRKNJGy0KUZfizzd2ktplixEelu88Lv705HIJWiobxHMweIRlZee3GQ/wAgb91AkNXQvGoOIHoiy4mR0pnpkc8coy1wXScBYGj6i8LSQ52e4ytJbr/R1YAMhY7vlHGwTKlotiDlcT9bHAFjs5SPmCNSyK6GZKI2UjAA4QXbEofiYPCMosmPz25Sc3UosUwwAjCoace6WwNoxzA3cBRKyGKqgfTVDGujeCHNcMgqwcQ7ZR5GADnlKlHKCjJxeUfP3XfRrum6sT0kR+XlcSO4CpKKpc0gEcL6Evtkp73SGjqWgt5HqCvCOobLJZbjLThrtLXHC5uo07fR7Dw3l57lCTxglQVeoAEhTGSZGccrMQVTg4Y7K4pa6JwDXnBXLsp2H0TR+ThbiuTLCSXUMYVfMzJPupetrhkEYUabcJLTOlZLjghmR8LwQVZUdxZs153VVUKI6QxHUDwgbaEQ1EqpZibSGoEgyAjagshR3WaNwaXbK/pq2KWNrte/cZQ4OrTqoWxySzIBshvOQcJamkas5QzINxhWO+UC8b4UWQDHClOOVHkCiAbyQpgXEY2UaVuwU6RoxlQpG8gIPZmtIsgAUORuN8bKbLyguaEKiY5x3EItxyFGnbkAhTZQNsBR3Z4IS5Rz0ZpLkhtcY3BWdJNrDSdlXTs3yAlTVBYcY2SGsGjTahVvDNHBLpIwQrilm8RoBIWZp6jOArakm0ncFZ5xz0ej0mpyi5Y90bg9jsEcFXL3fP0QcTkgYPsVnhLrA2xhWNvqXRO8POx5WVo7+mv3PD6LyxVToHiKU7YWjlIkhMjN9KyURBdtsVpbPM2aAxE7pUo5O7VZgFVN1MErfqZumXACutzauJmHjn8lKcwCfwXN2OybA0RSS0UmzX5LfZKaHbiHHKTBE8ndqtaWUTwBxIyqN7TEJPRmwRrdUlsgYTsURUZ47J1Qd9ICqYZDT1TmuH1FXFR2OFTTDM4k9CoSx+ydL/MwSs1cYiKpwAwtEx+rcBVdzi/m+Jp5VozW/cif07VxiHwe/CV0ic2pEvY8Klt9SYKrY4GVo69rpYGvHbcp0JYE7sx2sprgdhMeQod0aZbbrG5KnVrDJAdO+yiNb41EYwtlZz9VDdHBgatmicKfHIHRMG2wQLrTviqCHDglMgfhgyeF3NDLbHB8y8zRndkK5BJ0ODscKQzkqNOCSMBdeJ8/ksZRb0R8SLIdnIQ5MtfnCDaZSH6CdiFIqW6TstMejM0Ha/VGHZzsosu59ESnf+HKbM3bIQMuHBT1X8qr18gqXbqj+cAcDKFVxhw43G+VEppfDqWgjYFKxydnQ2fdtNNJiRZ65s0SF+NwVctmDh91WXRhOw9UEzrTWSM15cAixuPcKPER5RhSmkYyAlMW0VlX9blAPKsKr+8KgEHJ2TDDP8sDTwgd0c8IB5QBofkqNP2UhAnGcJNpa7AOOASgggu2RHjKHp91is7NMZYQVnCkRcqJHyFOiA0j3V0irAjeyNhulBXQTqG61ZwZkJ2rfC4NkTG2Uw8pUm2RnEkl0bkD1U6LissvrHDG2B0uPMTyr+3MJlGkZVZQxNZSs0jGwJV5Y2Ze5x9Fx9U8yZ7Lxq2RijR0o0MwE6V+2AU2MgNwgyO25XKae49NKWyODjiM8ocztIyFwnfCG8hzwwHddPQVOczz/ldUqaXNlvaI2mN0xbuR3TqqU54z+Sk0kfg0oDhvjKiOaZ3loG69np4KEFE+M6m6VtsrJe2azoOhE0j6k9h+i3MdEa24U8IGWRfzHD1Vb0lbmUVsYNAD3gOJWksVO1tbU1rtxp0AJp5/VTcpZLtoBAA2AXSMLjTgcLur2S3yYHlhmnCxPUdQ263aG1xE7ODn4WruNTHR0clVI7GgbD1WS6SpDW3Ce6TZzK46M9giURyWItmztkJpaVkQGMDhWEWWknCjx42HYKWXsZHreQA0Z3USwK3so+sKqR0MVrgBElTjceh5VnZKBtBRRwBuCB5vcqmtcUl1u0txnaS2MlkYPAC04AAwFZXYdmMJkzsYCQIAO6Yx5Ls4RMpLBIpW53cEeQjGE2IAMCFI7JwClFApySdkOMeqed+U7yhQg1QrtXUtroJrhVSaY4GFxU8kDleO/GjqGe41dF8P7UdU1dIfnADxF6f59+3uoaNPT80sFJ0Y2TqS713X1aHNZKCyijcc+Ez2/T91M6l6gp+n7TV3qZ48RjdMLD6nO/6q4ZRRWa2U9ppgGsjYAQF8+fFzqtl6uzbXCQaejODg8u7/AOiCVvo72j08tfqVFdf/AGMHernUXi5zXCqldLJK7Jc45UVccwajjYLqyXc4PdV1fElFehBu/KKOAhfZEagRU3+h5wAhk5KbKc4wUojndRlqKwEwF1OSVkUcDVzSE9JBjJHwRpGA7gIL8Y4Ut/GVElGMoJRwMi8sjnlcXTyuLPJ5HLkSSakhLHJJJKBDUkklAxJJJKEEkkkoQCmb59lIQsBQgh7pYCSR4UIJMaDqCR+tdS28F9BBwmZOcJoJ9V0cqigg4XVwcJHhQgjjukSMJhJyuZPqoQ4W78rqSShBx4SHCS5p90Mlkh1xK7qz3XEsBSMsBj2Y33UlrW4+pQXb8FPbM5uByraCjLaWA7pgac5Kjx1J7jGUdsoI3UHKSkNni8uBvkKtLS0nKuHYdsVAngOo4G+VGip15AZKcxx1BNIwutUzkSnteSVG/YJ0jcjKj6xGQcKazTJG12N8KYHVy+TKZCe1wIwE9nZEkaB2Q28phml2PXDwupKFEZzXajsmqUQMKMeT91AkziSSShY9JJJAABXQSOFxJBnBCys1xdbbjFUNcQ3IDh7K1v1N/D7tBVQO2q8TB33WcacHKu56l9fa4S4hzqU5HrpTo/cE5bHlG8t8hlpo3u5wMqe1ZrpGrfU0bg/Pl4Wkbsp0eq0M99KYUco4IwojPqCOwnbdD0blwHRkAHsjA53CjDOojOUNEZyrYZIZ9IXVxn0hdVhsYmIg5QzwouSSlg4Q3BUUc49U9xJdjKY7fZPisIRLlHlvU8Wm9VG3LiVUgYV71hFovT87ZaCqTT7qmeC1H+7JP9iHKecaeEzT7pw4KoQMPKS6QcpYKhBDlPwCOENEG+VCDQMd0jwfsuaUWnZ48zYR3VpZ4Kb2rJ6L0LSNbaBMAMuWi0YKBZqJlHboIY24GgEqZpxg5XUp4gkeS1U3bc5HABhE047LoG32ROTutUF+xUp4A6fdSKWM6wcZXWR6jsFKpY/Cd4hCZ/gROz0jlfJpaKcKbAwMp2DHZQKeN1bXmQ7xx5z/ANFa6R24RIy2PA0gJmDnKIuYCsSID1SwF1JHtGcjsBEadO6YRhPAycBTAUuizt7MsD8YAViwgDBIUGkGIG9sFH9N0UVgyy7CpLgIwkSMKAnchLI9UMk5XMn1UIFXDwmrhIwiIIk5TTumu5KY6RoHKhBx+6aXnhBdMMlCdU5ztwrCjHd0SS8BMM23ChTVDs7BRJaioOPMcItprr0dtvSJs9QGnkKHU3KKNvnKjTzEfU5VlVUUjN5Js+yHB0avE2vlhau95yICc+gVZJU1kx1ayAfZcluNAz6Bx3VfV392NMRBU2N9I3R8bGtfcw9Z48+c/TjhVwhEbscEqLPX1UrtQOPZANRK/d7sq1V7YxUwhwWjjCANTwEI1FJHu0En2KrnPcRhzilr2zhEq0g1iPSLA3CPG0ZCE+5TAaQcD7KEH6jhGbBK8DAVqEfRJNvobJW1LnA68rjpHuPnO/3R22+V4DiMBEFLABl7sFNjHCA3cckRodhd0nO5UsMZ2GyWhn9KEU1yBBOEi0lPS1+yErI3DvVNcwkYRElRZHMIPZc8MeikaR6JeCVTWS00iKA3+kJbcYUnw0vDV4KyRMHsMJEEjClZjGy4XR4VlrJF8J2eE4AgYynuewO3CYZoP6jlC1gLBwNTwweiYajPAQzOcfShwWkE0D1S0jgFRzM7P0pGZ/YK8B4Yd0GrdNMQQDNVdnbLmanO7sqbSYDGFvsm+F2TNbh9X+acXHGcZVJeikzrDUMOYZS0hTKa+XenI8SXIHuobXH0S857KnDISt/ZoIOrGn+VcKZskZ9uFNZJZqpgfR1RhceGuOyxzzq7cJok7DYhLlUM+ya5RtQydnDWvHqDyniU/ibhZGlu1bTOGmclg7E5VtT9R63YqIgWn0QqszW6aMnxwe0h2/CLlunj91GBHYpNmJOn0X5k67P2fGYVyEXHJ8qOxocMhN0eyW+RsZEV7ByiUtXVUMglpJnRuB7HZPcMY3Qy0FVOGRqkkeh9PfEOmlbHSXZrmSDDfEHBW0jrIpw0wv1gjkLwfGNjurSx9S3OzzAsmMkPdjzkfl6LLOnIasPbmS6gMlGAz3WQs/WdouIaGVAa89nHG60sMwcdGFmdQ6LbJJ4SG6TTq7Lmn3SZRGJ/sdkpZKSSrAwWSmvhgqB4dTGJIzy0pyStPBTWTIX/AKCEpfUWKRsJ3Phu4KxDpamildTV0To5GHByF7U1V91sNruzC2tpWPceDjBTlPIO08xgrWuaNLhg8FT4K8sHnGpvoSnXboq62hzpbfoqKUEnw/xNCq4KyGV5ha7Dxy08o1FMKMsGgp5LTUjABhlPfOxUqk+Yhd/Ln2CzrqfxMEZB9UWnrqulfpcS5o4yhlBDUzf27qaspSGTHW33K09FfKOsaPNpcexXlcd6a5oLoyrWjulPIAGv0O91nlDJTimeoAgjIOQuaCeCsXRXyspSCJNbPTOVpLf1BS1AAk8p7oUsAOvklVVHBUxmOohbI0jcELF3f4fwOLqmxzOpZucZ8pW/BilGqJ4cD6ILom5+n90UZ4BweP15npXiC+W57Ht2E7Blp/NPaYZWYcGyMI+69TrbdSV0RhqotbCONljLl0BJHqnslUWu3PhPOxTY25KPP7x0VQV2qakxHId9ljK633Wzvw+Jz4x3C9Nmdc7bIY7pQSQ4ONYHlK6W0NxbpeGPBTVNdF4yeZ0F5dDIHxSOhkHcHBXoHT/xXuNs0Q17vHi4yTuod26EpKthlpAGPWNuXT12t7yNDnNb2wr2qXZFE+j7D1lYuoIx4NQ2OU/gccbq6AHLTkH0XyTFXVNO7RqfG4HjO2Vtenvire7XIwVcxnjaMEHfZBKnPRWD6CI9UBzBysvYfih05d2MbNP8vK4cOOy1MNXDVsElNI2Rp7tOUr4mRsGQMFRHg7/dWGM8BCcxpyMBDtZW/nBVyNOeEORgcMOGVYSQjOwQn0+RsELTDyVE9DTv3LBkquntuDqiGFoXwu4wgSUpAQZeQ8lB/Op9gF2G5VEZw87BWklGTny5yoslrjcDnZOi89lokU1xppwNcgBUt0LJmhzTt6rN1tsljYZIckN5UWG+V1uIAzI3+lx4V4GNGmfQg5Bbyoclvbgolu6moK0BkgDJOCD6qxY2OU5bj8ioTLM5Na8E4bsPdQ3UQacuaPzWskgb/R+6AaWJ+dTAoEpGPntscmXMGh3soElDNGcEDHqttU2yKVv8vyuUGS0zM31NITCjKugxs5pCGKNkjdLmAg9ytQ6ijA0SRjdRn26LP8vZK77JKCZl3W6alJfRTSRO7FjsYV7ZviT1f09oill+dibtifzbe3oiy0JHAQHUEch/mMQuKBdSZvrH8b+mq93y93DqCcYB1HLSVvLfcbVd4mzW24U9SHDP8t4K+eKvpqiqQS5gz2ONwqttou1imbW2Wsmp5mnZzHYz91nlHIiVOT6ldEG4wkGZ7r59tPxo64sdQ2K80rLnANtIGhwHrnfK9CsXx16JuThBXTSW2c9qkaWe3m4Q/G8cCnW0buophLjLQcKvms7H7xOMbvUK4o6uir4GVNFVQVEbxkOifqGPuieEDuAs7hgVtZl5m3aiGkOc9g4IKmUnUtRTaW1LSR2JV06IAaQFDlt1PUBzZYmuB5yEvArBPpuoYXgSRzfllW8F9icwF2DlYmfp0REut8zmO9CdlFEt+tz8Pi8Zg/pCHYwHXGXZ6dBXQzN1McPzUlrw7uP1XmdN1Ax5DXOdG/uDthX1FfIyBl+fzV8iZ6fHRr9Q9U4HCpae8QyaRvurKKYOAI4KmMiJVNEkHK6mA9wu6kL4M8ohEklzV7KZBCJLmQlkKFHUkklCDEkklCCT0xPUI1kSSSSgtLAkkklCh6SSShBJJJKEHJJJIyCSSSUIJJJJAAPSSSUIJJJdZ9QUI+BBp5ATwDlPAGEsBQzyaZ0cJJJKAiSSSUIJJJJQgkjskkoQEXEH6VzxR6IxYMIJjGTsrIPBykkGkLpBHZUQ4km6j/SkHE/hUIE0+6Wn3S1eyWr2UILT7pafddSUICSSSRgCSSSRhiXDsupKEGF5HZc8Q+ifgJYCAABK/AzjhVst5oYjiSRzfu1XIiyOMgprqaI/VAw/doVsIopeoLXGMmtjx6aXZ/yUKTrOyxHeo49itMbfRu2dSQn/AMAT2WW1Dc0EGf8AkCoJT5MoeuLIAf5h/QqJJ17ZmgkCd2PRi2/8GtA2/h1P/wDcwuiz2rkW+D/yBAU7EjA/+0e1sJAoKw+4jQZ/izaqfY2ysP8A4cL0cWm1YP8AuEH/AJAk21W5uQKKID00hGT5zy//ANstqzgWqr/8qJ/7W6EjJs9Xj1wvT/4bb/8A5Dj/APKEQUdMQG+GMDgBXgr5zywfF61g+e21Y/8ACiD4xWDG9HWZ/wCReo/J0oGPDQnUFK7OYshUX855o34ydNNP82CrZ/4MqVH8Y+kC0AyzDPOWrf8A8MoRxSxHPqwJgs9t/FQQH/7WFeCfMYmP4v8ARryB848E+ylj4p9FvwP4tG3/AJjjC1D+nrLNtJbKc55BjGChO6P6aeB4tkonD08EBXlgStyUcfxO6Mdt/HKbJ9XqXD190lMQG32j3/8Aoilu6F6Nk+rpui/+5hA/9nPQZ56Wot/8A/6IsFN5JUPVXTk+zL1R7/8A0Zv/AFUmOvpJyBTVUUud8NdlVn/s16C//pei3/8AoYVlQ9P2qyxiK10FPTs9I2BqPAuTwSA53dc8cj8KfjbCWkeimUA5A/mmj6wQnfNw/wBR/RE0N9AuaB6D9FMFt5E2RjhkOC6S0/iCb8uzOdKRpITyD+RUwTJzA9UtPunG3Qf95KP/ABIfyQ/DUSj81ZMj9JXCwclN+Rqwcx1Ocf1lc8OvZsfCf9lCOR3TjhLQVz/eRu6Ibei6ypafKYntI9VXsH2cII7JpeTsYwfuieNEPqOMpoLHbgjf3VluWCDV2+grsfNW6mkxxmMFZ64/Dboe5F3jdO0jS7uwFpH6ELZMYDsRlOfRU7mg6ME91A4yweZy/CCzU2kWe73GhaPwsmJCYeiusbb5rR1i6QcFtU0uGP1XpDqMeqG2Ajt+aoLPJ58H/Eq3OIc6nq2OG4ZnZEh61vNF5bl0/VN07F8bVvDE4cbJhhDzpeAfuMqEckzHw/EilEgzT1Iz/W3hXNN1rRVABGsZ7FTqrp+gqm+eliz/AMoVZL0VTfVC98Z/wlWDwWkXVNqxmZz2/cKwpbxa5AJBURkO43Cx0vSlRGcQyOkx/VugPtFXTgOmpvL/APQxgqi3FM9DbVQy7wSBwT9Tuey86Z8xD/cz1DPzR4bncoTn5yR33KsX8Z6IwkHJThU+oWJj6grAMGTJHurGm6maGATMyQoB8aNOJteNkTxOFTw3mjkYHh+M8gqTHVQvGRI0591WCfGTtiEIwMcckDnKY2YOOAUQElVjAtwa5I0luhcS9g0eoCB4FRHljZzgcZVkXae3KG5gcrQWEiGyeVnllZn3CI2Zj+yfpHB3SMTXDAwPyVyltAwNyDwV1Ckp5wf5RTGumH1s3QqwPCDafdMLMgg9/ZObM14HqnEgd0xSx0MfHRSV/TlsrYtMsQa8/iAWPvHwxBD5acNe077D/RekuaktENTZAZTqrIPs+db58PWBz2vpME+jVi7j0XW0Gp1FLI3fI0HGF9bTUdJMS6SBjjju1ZW8dD0Ndqkp2iKR3YcFbqPIzi/uOlT5DH5nzrQdW9Y9OlsU7zUQs/qBJwtr0/8AFOyXDTDc5PlZeMkbZWmu3QE7I3NdTatPcDOVhrt0HaZi7x4Sx5HLRhdavyEZI3Q18JdHo8VTTVUbZqSdksbtwWnKIOV4i6ydUdKv+Y6auTwwHOgnIIV7ZvixX0kjaXqigeTwZI24/ZdOm/JthZvPVHxxzxlkrA5p5BWSvPw46eusjpDAYHu5dFsVZ2LrHp6/eWhrmiTH93IQHforst1DI3A7rZC5h5PFbr0N1X0291RaKp1bSg5EZJLgFHourJWkU1dG+CQHB1DAyvbtAPKq7x0jZL6w/NQHxHcvxkha4aj9gykmYqiuInjB2dtyFIawSnjCh3T4bX6zOfUdP3DxYxv4bsql/wBpqy2SimvNFJC8bF4BAWyGog/Yp9Gjmgx9IUV8WQcj9kWluNPXMD6epY4ntlH0SO/CFrjcjNOtPgy926WoLk1xdA1rz3HdefX/AKFqqJxlo2lw5x2Xsj4SBkgIBp2ybHZdDT610s5Gv8Pp9XHa0fPD2yQPdHLGWuacEEYwuCbJAwvZr50HbLo10jRomPfsV5xeejLjbJHHwi5g4c3dd2jXV2L7mfPfJ/T1ul/21lFK0Mk+pKSijc3MQGShujMZyU6OVzSAQupXqZR5ieL1njK7c5WCLJDLB9Q2QXBkw0PaHA+qu4/lpm6Z0Oe0tcCaULbVqt/E2eK13g51zcoGVqrCCDJTSYdzhU8tRVUEmJonADuFtJKKeE/zG4QKilhmaYqhjXA9iFqTzyjzt9U6ZbJIr7N1NM0geNqA7ErWUV7gnaA4gFef1/TlTTudPQP1N509woNNeqqik0VLHNxtlV8jTxgzyo38o9cEmsHA2KE9uFk7N1Y0YaZA4HsTwtdT1dJWMDmPGr0To2/szTrlB8gtTmFPEhd+SK5jSCNI/VRTlhJ0/umZAxgmMnaAA92CnyBrgCCCq8vzthEEpGFMEwSWgAHPZZXq/pmkudK+dsQ8YDkDlaQvLguSgEDPCTbHKGUWSpmpI+brpaqi11JbIw6MnBwgxu3Xs/VvScNwhfJFGNRG4C8euNDPa6l1PO3vsfULlX1Z6Pa+L8hXOSk2GhqXtwAcKUJNQ3VRHOCcYUyKbYbrBKOD19OplLphaiPVwFXSRHO4ViycOG4Q3BsvAwktGjduK1w07kpMrpYnDS4/qjVEJPGyhPge3fGUBcZyg/tL2huoIAlcrJs4e0HbdYzxHB2W7YUhlxnjwA4kD3S95pq1mOJGqJxuShOl1AjGFT012BwJcqa2dswyzsrTybI6lT6DOIIKhP3ypBPIyhdyrXJbsyQ38oDxlSnoLhlV0Km8ER49UCUYbsFNk2UZxHdLayhE2QZWkZyomS1/HKnz4xsoM+BvhInHJisfOSXSzkEZV1Sz6tOwWbp6gNdwramlGAQs81wdnQahKODSU0gIypbXEEObyFS00+kjJVtTya2jZZZQPS6S/JeUkwkjB7q3oKgxEFhwRv8AksrSVGmdsZzytDSP0u9dkh8HodPduRopnF+ioYeQCCg3HzRx1LORygQVJ8Lwz+SkBwkiMThkOQHQUskNw8aB+ManDKh0kvhvHGRtypVGTDO+nec5+nKq5mupql7H8hxKgEnteTRNm8Zg2VfVsIdqwu0E5AwQjVGJGZCg3O9Eanmw7TjlDrmhzM6UNzhFOHZUiVwmgPl+yglozriWykjkFayke6a2gvcM6cLKzMLZDnucq2sdQ4xmF7+TsjRnzgdIdPlKgUR0ySsB2yrKsjLJz2CpjqhqTvsTlaYPBmuRQdSR6JnZ7lU8MuSAtV1JTskg16d8crG/3bxldjTWbTwXmqMTf9yzYMjOU2Vnl9UOF4LRgoxOpuF26pbkfMtTD47mhtC7TUKznIe0FU5d4UgKtYneJC12ey2w5RktSQyMkO5T5PpQnHDwSiE5ahkCiHUDIVW8mObOO6t5RkhVle3E2RwlM26aeyaZa05OgZKFXsDmAn1Q6KXXCATkotYNUYA9UiXJ3t26KZUx4Dxv6qXGcgHKgSZbMWYxhSacg7ZQi5S2kerBEmT6qJIBgYU6vADc45VaMkHJ4TDJZzLI14wSAgEHKKeU3AQBLoaeD9kF/BUh30n7KI9pxwk3FoY4AEgIeR6rru6ET7rDassegjOVNi+gKEzlTovpH2R0rCF2ehy6OVxJaRMpbQg4Qi7c7JHbYFcQYA7OtRKduupYOwQhyp9rj8SpHslW8RyadOszSNNG3EYwMDCvrHH/ACtWN1TNILQMcDC0NojEdOCRyuLbLKyz2Gjr+9JE0nCBKeMFElPdRnHss0I5kde6XGB+dIz6IdFE+orw4cDldlfob+Sm9Pxh4kn9dl3/ABlP3ZPCfU+r+KjbnstZXlrQ32UiyUD62vY1g4IKizjUVrOgbe6WsMhHZemguD5lqZbYbjasiNNTCMYDtOFa2uF0VONfLtyokrBJK2Fo3yMq1iGAGkYwMIJy2s4krN7JA4TgMpHgJBwaC4nGEIMVlmX62uWRDZ4cmSYgux2CurFQNoqOMaMEALL20PvnU1RXvZqhgPhtJ7kclbloDWgNGAEwKfCwGZyq3qSsMdK23xn+ZUnTkcgKybhpy7gcqloWC9dQzVrwfBpz4cfocKGfBeWe3i30UcecuwMk8qemhvZdJwqLFK4jAHdPgGTkhAbqklA53U5rQ0Yxwr7BbwP3DeeAoxOSpBdsQSo55VooceEMk5RDwhOOASVGWiFe7rTWS2z3Ssfphpo3SO39BwvDegYJOoL1ceuLk0+LVPIh1fhZ2wr7419QG8Vtu+HtuLjLWvD6ktPDMjA/zUmGmhtFpjpadgDYG427lKslg6tVcq68LuX/AKGW+J3V/wDs9ZamoDgJ5QY4d+D6r5lmqJKqd88jsuedRPrlbD4o9TSX69PgbLqip/Lsdi4clYtrdKxTnk9t4nSrT0ptfcMLsohQkYDKj57Ow1kc1qc84HCTQACScJjnZ2UAQM5c77I8WyYwZ3IRnNABIUJY36GLqHvn2TxwglLALHojUFOQ9klyjr2YGcqDO3JBwrH6gRhRKlukKprhF18EEjBwUxFeN84QlkmsmuIkkkkIQJFSQlCD0kklAxJJJKEEkkkoQSCkia2+qhAa4BhdBGUt/VDJ4IMAwnpqcgIJJJJQgkkklCDUk5JQg1JOSUINSSSUIJJMSUDFnKWSkkoQ7qIOQURr3DbGUJPUInjlEpk/AJ49USYtcwOyFXvJBCOyTAwqazwGrX0wEwIdwk1PmIOMJkaqKwBJ5HKXSk6cHsoZUumIHJRYyFTLbMfM3BG6HgeqPMzbcchRtJHdMaKu4mdSZ2SSZ2VCzh4UY8n7qSVHLXZOyhaGpJJKBCSSSUIdHK4dl3Q70TsO/p/dC1kFnAdPupFPIG+R+wKBgp45UTwUzRdIVEsVc+LV5HDhblju4GfzXnvTkmLgPcLet24KvJ6Dxdma8EsHKK1R2o8fKjOwGGfyRB7prSMImQrDEzlGZ2QWfUEZnZUNiyUz6QuprOE5WH2cPCEeEU8IWcK12LmAIOonGyXcIhwhk+bK0LopHm3XgAvf3YqHI0q769z/ABsY/oVACccoGeC1ixqJr+538SIOEMcp+dsKjMdwFwgYTPxJ4IwoQZjdPBGEiQmEnKhAisemaJ9Xd4QPpackqtb3K23QNul/m17hhp8rdtyU2mLlLBl1lvx1M3DGhjQwcAYRCmBpxwiBuDuF1oxxweVlP2PAwiDdca06RsiNGThPSEyY6OM6gQi1LiyIhvJGF2JoG57LjGuqarGPIzZFgS5Em3QeBTgHl25UpdawABo4CWn3RxiIm8g0k9JWLEkkkjHBUSH6ghokXIVEn0WUWzAAnZKGz6Qu5wjMr7DZKWSh6guF7ccqFYH6glqCjmXfAXDIQOP3ULSyS9YIO4QvEwMlRvEkOw5KTI6hx/mHbso3g3UeN1Go/CIV0/IAUdznHKP8u4bkJjy2NuTshcsHe030xZKO61gBqPJQyMZJUatvFLSgjUCceqzFw6gkmcWxybKLk6FXiKNLLLWTSVNbTwD+Y4fqqSv6kihBbFhUFVWzSbyOJyqyariGdR3BTI5HNVw/FFtVXypncS04H3VbNPJOcyPyoTqwcNCB8y4p8Y4WRU7PRNJHqo+rDiQo5nJ5ykJCTgBTfgzNuTJBn3HlSMpxnC5BE6Y4AVhT2uWQguGAo5ItRkyvd53NwpcFDLJgBmQVbw22jhAdL9Sc6UxjTFgNCnawGoe2RYrbBGA6TkeqK51Mz6Tv9k2SRzzuVwMz2yVSTyXJJLhA5Z3nbOyjcu3KmGE5Ae3ZOEMAH0bppnlHPJGbG7Cb4ZKlnA2DUI63bNZsq6FtMEQByVHke1nfKkSwSO4Ci/w2pkPKW20SNTZzxh6JhqgOyL/CpxjUdkUWyLAyMFA4th7MEM1T/RDNVUcA/sp5ocbaePdPFIBvgBFsFvgrfFqjvqXC2qIwXE/krPwWdmfukGNHZTYBvKww1X9P7rngVR2LQrUHAwF0OGcKbMFxtwVXydSeQE0UE4/CFciNxGdK5oKtxJK3JVCjm9B+qd8nN6KzEbicBdLHDkqthXyFZ/D5j2XRQTA50q1DXHsuGN4OMIlHBPlZWigkH4F35GT+hWXhH1C4Y8cuCLCL+VkAUT/6R+id8qRywD8lMLQO6WB6qtqK+QhfKDPCeKRgGCFKwMFMwPVDgpSyC+Sp8HLQokttiJ8oAKnvBPBwkqccjFOUeimloZ4zlo2QjrZsQrvTnbCjyUzXHOlKcAvlk+z2tjs7ZRNHl2GfzUJj8d+FIjqDjBX5inE/ZOUEbJPE7J2CkCYOABG6ja9ST2u2czZKwxm5Eo7jKGTq7cIAqXswH7hGieyUeU5V4C3CzjsmFuQd0XT7pafdV8aaGpkUt0Oy06fstPYviDcrcWxVw+YiH4vx/qs85mSN0IxOOxKRKrIxSa6PabJ1VbrwwGlq2tf3Y84KvGEkAnuvntrp6OQS08rmPG+WnC1vT/xJrLa4RXRjp4eNQO4WaVTQ6Fmez1wHK6qe0dUWe8Rh9JVN1O/ATuFbg5GVndbQ5STBJzPqC4RhcShocEYXcj1QMn1KWT6lQgV4zjPHceqzXUnQtvu5dU0LRR1POqPbJ91o9bfVEyEyM2uAWsnkkwu/T87KS+05Ech0xTDgn0KmRSQz+Zj2u7bFemzQQVcLqapbrjfs4LF3b4atptVR01MYgN/AJ2RrkvopnUwb5mcHfCGGuB5IQTXVlrk+VvNK6OQd+ysYZ6SrYPCc0qmv0HuQ+mraqDGJSWjsVdUd/hGGyNwVTCmeXeUZaimlj2/l7oGsBJmyorwzZ8NRpd9+VfQ306MTRhx9R3XlgBbsHkfmrKgu1XT4aX62js5LlHCKxlnpsNXT1IGh4B9CnuDRuSsZR3qCXHm8N/urqmuDpGgOeHAcbpTyibMon1VNS1sZiqoGSMPZwysjdvhxSOLp7NUOp5edOrylaxj9Q+6RJzkORRk0A4s8vlhvlnk8KtpnuaOHNGQUaCtoq0ebQXe69MLGSDD2B33GVmLt0Pb6kmW3NFM/nybAlOjMtMxF26Otl0BeyJsUh7t4KyFy6CuVDqfD/MYNxheiVVuvVmdpliMzB3AXIrtC7DJRg92u2TY2t9FPk8efBVUMmHgxuHthXtj646hs7mmlriWt/C45C9DrrNZ7zHpkhY1574WWuvwwnaHSWlxzzjKPdkXtyaqx/G8PYI7xRNBGxdE1b+zdU9O9QxtNDXRmRw+knBXzNcbPeLS8tqaeQFvcAqHDeHwH6/COd8ZGVWxMGWUfXklveW62YcDvsowhIJDhjC8F6Z+LPUNokaJKo1cAwNDzkgey9Is/xp6buf8ALukRpH8ZzndDKvjgrca404O6A+Eg5xnCn0z7fdKdtTbK2OVrhkaXLghxseQs8oYGbirMAGQQo8sPsreSIemVHMQB4wqw0RT5KgwO0nLdlXzW2CY+aMA/Zad0LMHb8lDlpt8huFbkN3ZMZXdOEOMtMSD6tUIuvFqkEkcshP32W2khIGzVDqIC7bAVB5RVUnW0flirosO4JCvaO426uGaSqY5x3IzuqCqslLOS4whpPcKqmsT6R2uglfE/kFpVyeCzdmFzeUOSPjusLTdTX6zPDK5zqqLjzb7K9t/Xlkq5fBnd4Lz2dxlEiZLcwwu2ezVlAkoIzvGMKdBXUNb5YJYj/wAuxK7LCSQACoTcU8tvkHbI9lFfRe2FfmB4GccobontPmjwhcclp5ZQGlePwfuhmndwWq/8NpBAZyh/LgctQyi0WZ2S1wyO1PiAJVRcujqWuJOgNPqAtwaduD5Ao0lPjgKk8C5YZ5xHaOq+mp31PT96q6R2eY3ktP5dlqrN8eOsunWsh6it8dxYzYytGl5Hv2/Uq0dF2IUaa10szsvhbk87JUlkB1pm7sHx06G6haGSVn8PqMbx1Z0Nz/z/AE/ut3BVU1RGJKaUSA77FfNF3+H1BWZlhGH84VZT23rPpJxqOmb7WUjwdm6i5n20pfxpiJ1n1YDnbCeO+V88Wb499V2dvy3VdkZVlgw6eF3hucPXJBA/NeidO/HDoC+N0SXT+HzbAR1g8ME+mr6f3QyrwK2s29XaaGpB1xBrj+JuyqKjp6WEeJQ1Lg4diVfUVXTV0LZ6aohmY8Za6N4cCPYjlG078JO0FrHZm21t0oY2ioiOB+Ju6mUXVXhnE05b+auSxpGHNB+4UOfp+3Vb/EdC1pPOAqwC4JljRdR+JgiUOae+VdUt0p6gAasErAVHTNXA4y0E5AHZAbW3S2ODZ43ux3AS2siJUbj1VkwOEXY75Xm9B1W7xA7x9J4IcVqqDqKCcNbI4AnuCq2mazTtdF7qz3XQTlRm1kLuH5Tg/O4PKszyg0Sgdtyu5Hqg6sd10E6sKgMMKkuDhdUKGJJJKEHpJJKEYkkklBbEnpieoUJJJJQg5JJJGQS6BlcXQcdkLFWHEkklQAkkklBo9dZ9QXElCpdBxwupiShmY9JJJQgkkklCCSSSUIJJJJQgkkklCDsBLAXUlCA8BLAXUlCCST0lCDEk9cyFCAk9JMUIJJJJQg9MST1AW8AhuieGRg4TUZGUN0N9EsMXTwuqAyltG4b25TsHGEhyjADCtLItzz0Ba0g5RABhdwElaRYk7ATU9UymJJJJUCJcwF1JQhzGUsYXUlCCSSSUIJJJJQgkxPTE0I5p90tPuupIwRJJ661QpMWhvoupJKFiXCcrp4TVAZPA7bsF3A7LicBhQBZZ1Ac1ruQjoShaG+HGdiwFcNDAeAQfYp6ITgZUIyI+gDNxUSb+64G1EflBD2+/KlmXPZdcoXlogF9QD/c7fdcMjWD+aC0lTlzTGc5AUBU2yC2anJA1EfkiiJrtwVIdRU53LAED+GxP+mZ7cf0lVyFuOeE48DhLwpGjzN2Sdbqof3FXx/UUJzbtTjUHtkHcKFpjyD6cLmqPiQAfdDNVMN5aGQf8oXfmKWT+8YR7HYhWGmd8Gmd/woz/AOEKLNY6CZ2vRpzyBwp7PkXjLG/unCLXwcD7qF5RTu6aoyf5ZLSo8vTb2n+XOPzWg8Jw7FIjG6omUZOS2V8LyxrCR6juufLXJn/DefzWu1kDAaE3TzkKETMrHcqulePra4cg5U2HqOo7lXBpopNnMac+yjTWmkfxG0fkrKbHRX+N7BrIz91OgudPKNnblU8ljgP07FAFmqG5LXn2UKNKalpGW4OU0HKzhprnGcMy4I0NXXQnD4yce+FXYCRoCc7ZXCA7lU8V6y3zwuUiO6wPxvg+hQ5I1+ia+JvLRg+yAXPHcp0dUyTAHdFIa4ZAU/wVkAJJOJE7Uxw2cn+GPRM8DG/CLBYgSe6aW4XTHKN2NymB83eJRNop4OuZqBHKp66x22eLRLSRue4klzh6q48Vn4stPphCl8N/4sfktFdrXQcZuHRhLj8PaOo1eDOY9XYcBYy7/D2cP0eR4adiW5Xs8sDh6EdioM1I2QYeAQtlOssg+zVXrbInzld+hPl5zKIHxSA5a+I439UO3dRdbdL5LJxWQx7NZKTuPQr36rsNNKSQ0E+hCoLp0nS1DHMfTN/RdGryc12dGnXuXEzJWj4r9P13h093YbfVu2Id9BPsVr6WrpqqMS0s7JWO3Ba7Kxd1+HjHuc+GPYD6SFlZLV1F07P41rqZGhpz4ZJI/RdejXQsXLNsboz6Z7MARuRhV1zsVqusTo66ijfnvpGVhLT8Va2le2nvtJqA2LgFt7T1VYL40fJ1rA8/gccFb67EuUO7MPefhX4Oqq6brXwSDcRud5Ss5He+ounJfA6htcnhA48VoyF7Y9hxkb+4VdWW+nrWGGrgZKx2xDhlb67wGYWhvNoujA6CoZqP4ScFSXUvdvHYhMvnwktlQTV2SaSknG4DXYblZKabrfpGYsuMBrKVvBAycLbXbl8ims9mpfG5uxCBPSwVLDHNGHA7bhQ7V1rZ7riOR3gy92v2IKuTFHM3VE4EHuFtjLjgRdUpdowF/wCgYagma2tY3GTowvP7jZam3zFlTGWemQvdZIJY3ZG4UKut1DcWGOsp2Oz3IXU02ulBKLPM+Q8DTqPwWDwt0R28v7rvjzQkaXbLc33oGqhc+e3ObJHzp7hYyppXxPMMzSxwOMHYrt6fURs6PAeR8NfppYkuB8dVTvx8y3J7KNUUUUrjKOOya6nLSHY5TjPJCBg7BdSu+Uejw/kfDRmnJIjSUrmHZpwFU3fp6C4gua0Nfj9Voo6uGXbGSnima/da4WKXZ427x9tHo8muFkudmk8WHU5vOyn2fqeeHBfKc9xncL0eejilYY5Y2uaexGVjr30TBJqmov5cm522Ry46MmE+LEXtr6rinaGyOB9+60DZI6hgfGQQd8rxPNxstRpqAWtzgOWksvVczcaZRzxnZWrmjPbpXL7oHoUsfcBCEhB3CHRXSKuY3cNcRnnlPlYtCsyjK63F4Y9tUB6Ihm1jICrJnFjk+Gokadio2mA44JjpNeW4WP6x6OiuMD54GAuIzgdlrI36vMeV0uDm4PHos10UwqrZUyUos+cq2iqbVUmnqGkYOxxymioLQBheu9adJ010p3TQRASbnbsvIa+jqLbMaedp2OASubbVk9n4zysp1rAeKY8onigKAycYGQn+Lp91hnBpnrdPfGcUyWTq5KRjY4YIygtdnBRQRjcpbNeVIBNRjSXRN47KG6F7BlzVcNla0gYyuTaZgNklpZBdWShdqzxjCc2oqI3BzHkH7qykoAfNp/dRJqJ7fpCgLjOv8R8d2kaNMgBKmsrIZWA691RS07w7jC45zogMAok8FR1U63iZelwO+UBz/ZVkNweCA84ClNqmPGWuyrHfyo2HXv8AQIDyT3RnEFBez2VNElPcgBGo5yodWwgKeGY7qNO4OPCTIzSb9lW4vikCtqOo2GVWVbcEbcLtJUlrhkLNOP6D017hNI0sE5yPRXdBVDAGyzMEmWBWNHIWuwXLLZD2ep0eo2vJfB+ioEoOQr6gqxJvkLNRnUPf7qXb6nw3CJx7rLOJ6TS6nLX6NlC7YKZE/ICraaZsjAB6KVBIGE57oDuQmPqnBlTG/TzyVEvTMMZVMbnGx+ymVLRNHkfU3cIE3+9W8sYMuj+pUHLlYI1JMNDHNPKsANcYGcKipXljXMztnb2VnR1HiDQTnHCgNU+drI1Y0tkwduykU8gMIb6LlziMkXiDlqi0r8EDPKhUpfdgi3BgbISB2Q7XO9lVjtyplwaA/ONiFVB5jka5uxBRRWRE3iWDS1pE3nA7KlnGH6j2Vsx/i04J5IVPcHFsZ25KbHgTqOI7gNxjNVSua3kBYWsY6ObSdiFvicwkeyxN7iLak57ldCpvg8n5urdFTQyAk4ycqcwbA5VVSyngnhWMT9hlej0zzBHyryUdt2RlS3zl+MBTqB2acAqNVDVBsN1yjl0kMW2MsHPnmRKqCQ8YCdHISNwmzYwCQmMkxsByrbFrgfL2wMqsuAwA4DO6tHHPZQqpusbhA1lDK5ZZEtkp8bQeMKymO2/ZUrXmGoa4HurbxMDPKyyWOjuUTzFJlZVtxMThOgcccrlc4anSBMhcNsqkSxhKwZaFW5w133VpM3U1Vb/xfdWLfBHPK4unlcULEhPA0lGwUJ/0lJtIuyFPsThAA3CPUclAWKfZqiuA8XKlxcFQo/qVjCRgJkBNvY/BXEXYgbLhA9VowZ8AUsFdxh2F3uUpvAIlaWFodUHKq1obFAxkHiafMTys+oltrZv0cW7UW43wtPQDFGxZ2jY2SeNjuCVpwGRxBo2A7LjWPCwew0fD3A3ndCB2JTZM6xuujAbucKVLI6+eOSLVy5On1WltMTYqFmkYyMlZmlikrbk1sYy1pwfRa/AjaGacAL1mgr21pnyfz+p+fUtZzgWNs5XpPQNuMVP80W47LzyCEyPa0DJXr1piNtsbA7AcWg/supnajyGtt+3Yg1ITNVyPA2Y4hWTdlDtsYZT6sbuOSfVTGgpLWWckODjsqTrG5ut9oc2I/wA2fMbfbPdXTRsSeFhbrLP1D1lFQxuzS292qYDgEDKi4G1vY9xoukLZ8jaohIB4hGpx9SVoW7FR4IQANOzeyktbuOyYBbPMsojXurNPQ6Yx55ToHspNkoBRUTWjhx1fmq5kbrpefD5gpv0JWk0gANbsAMAKhRxvdMmdjCIBhMaDJJsMqFhaNmX5xyp7gAFFiIY04Cc6Yu2wrwANdscZXElwkHuiIdG5xlU/Vd7penLHVXWrPkhbnHqfRWmrR5tXC8M+NnUtRf73TdEW2fPMtWAcjO3/AKocmjT0fPLBUdCsmvF3rus7hGXTVL3eGSfpz6KP8YOsRaLMKCjnDaioHnaDg6T6HstVSRUtgsw14ZFTx6nn7BfNvxD6ld1H1DJLnLIiWt32Gf8A5izWnp/G6V67U7sfav8A90Ztx1OLiOVxIbpLOuD2UYqK4EiRAEjKCOVJhBDd1Cxs22AEFpyU+cgu2XGg5UIHjAxnCaiM+kIahTOY3ymp6GeFnsRR0EZRmHAUU55RQRhXCWCSe0lMx3CFUx57JzOcI7wMA4z+aKXRcYlNI3Q7CARlTKuMiUuxjKi4KTJD1wDSSdhvKSQxqEkkkqINSSSUDEkkkoQSSSa/6SoQHkJuSmknKcoQbrd6pA47LiSALAVJJJCCJJJcJx2UIdSSSUINSSSUIJJJJQgkkklCDEkklAxJJJKEEkkkoQSSSShBZykkkoQ6DhSaZ2H/AHUVGieGHJUIuy0nH8rWBv6KGfXCmDzQB2NiFHez0TFHPYVy3PcASSPKSIUOQnNbpOyKmOGRgKiEY8ri6QcpDlQg5JOHCShBYCWAkkoQcQEItIJOEZcwEJCVa5XsrIyx2DqXpELtTWnPYLzWikEVTG93AK9DojqjYfUKjseLnxtJ8akjhR2jDgpDdwozvRQUE5RAThCHKIOFEMCtRmcqPkI8bgTyoNi8BhwjII4RlYztDEyUbZT0KVw2wrXYAIuOohM/ECu5y7KaeQtHoDODznrof++v/As8tD1yc3rP+ALPIGeD1j3Xzf8AcSWeySSozCSyUl0cqEF5ilgp4Awu6QoRjoGF7w31IC9gs1HFSW6njY3bQD+a8/6MtQuNz1yDMcPnd/0XpkbQCAOOwW/TR5ycDyWo52ILoCK1oDshcZ9IRF0kjhSY7YgbIjIznJTW7FHjy7YbIypSwdDMNIapNPCI2Akb8pjWDG4R2o4oz2P9DklzIXUwSJJJJQgkkklBw5SadpHKjt+oKTG4Y2CgL/RLc8DAJCE+bA2wgSvyQAnxwl3flE3gdptDdqp4rjk6J3k4wutD3dlLgotWHEKVFShv4RsluzB7LRfRs7cO32QG0r3coraQ44Vk2JoOwRWsbhV8qPW6L6P02me6ayVTaMgjAH6orojHgnhGr6yChi1PwSeAsJfOtqiYupKXAA2cUqU8s6N+l0+nh0aC6X+jomva06i33WOuvUdTMcAYB7ZVJV1s5yXSElVVTWvDcOOUccvs8/qbkkT6quMjtTnZKrai4Fm7Tuob6t7iVGc4k8psTh33OT4Dy188hxqwEF8xyM7rjWk5TfBOfumxM7k/Y/xsjjlJpJRYKN0rgANzwrWlscryC7YI3LAOJS4SKkNLiABuVZUFpneQ5zfKrumtlLABqaCVI8RsQAaEO8dXS1zIj09uhiaNgCjkhoQ558kEDCF4hfsFbWQ2lEI6UbgnKAXb8LvgvJyiiDblWCAwU8AjhPDN+E7A0o8gATkrjc+qcQAeVzLR3TRbwhb+i4G44K6XNAzhBNRg/SqEvGeA2ATuitewDcqJ45IzhDy8nGVTwy8pInGSDG8pQjUQDh2UEU7nb4ThSZG6iBbb6Q11S0nZq4XeLjBwpEVNA3++K7I6hjb5dyoLksgREDjblOFO38QQ3VTWnyoMtY9+zuFYkl+DA3cY/VLVRg4A3UASvceU4Z9FZCdrYeOEhp9VEDnYwl4crvp4VAtZJOuIfW/CXj0o5OcKP4TvxBc8DB3KmSg7qmPiMZQzVTAc/suCMBE8FvqqIA+Ymcd01z5Xc5UpsTR2yu6G+ismSKC/ullylaGf0paG+imCZIvmXNLvRS9DP6UjEMbBVkrciJgpYKKW5OwXNHsryHkahKT4fthM8EeiXjAZ6gCcojCANkJMaT3K/MTSP2OmTPFLSO6kR1HAIVeH4Iz2Ty8Y2PCW0hqbJr2NkwWhNMckW7HaUCOoewjBUjxdYGUGBnXImTyE4ecqQyTWNgo2kHJaU0PfGctKhaswTSMpOaFHjqT+II7ZmuVYyhsZ5GkA8oToRzhSE3RnslyhljkyPE6oopRNSSOicO7ThbLp/wCJdZby2G7Rumj41DkLKbM+obJo8B30u3SZVJ9Bxm0e42jqG13uMPoahrjjdmdwrEnHIXz9C6roH/NW+ofE8c6HYWrs3xNuFDoiu8Xix8axz+ayzo2mmFp6uuOVVZOpLPfWZt1U1z8ZcwncK2GQd1ncGNyhul2M52XWvcTgp4cD2S07ZwlpYLOtcdlKY4AcqEThPyUSlgFrIrjabddojDW0rJAe5G4/NYy5/Diqt7nVVlqC5p30E7hbmN2CpDZCQpKeCsM8nZWV9vf4VfTuYRtkjYq1p545MFwyCt3W2m2XSLwa+HW322wsnc+gLhT6p7BWa4xv4Mh3U3DU8A3Q0UrRoHm+6GbfOzLg3ylU0lTcLXIWXOilgcDjVjyn81LpOoHOxpkD2+gKhZLLHxEFzTsplNUudjwJsEdsocNbTVIw4gH3TjSMb5oSAfVScMhFnT3OsgwJMkeqt6S8U04DXu0P9HLJGSrjOHbhTIHUswAmcWOScIvJs2uBGRuCngE8LLwVlxojqilE8P8ASeQryhu9PMAHgscex2V54AJj2AjD2gj33VRcOkbXdCXCMQyH8TBhXQe2Tdqe3PqhUmiHntd0jfbY4vpW+PEONJ3VWy8VFFJ4VY58BHZ+V64HHBwoFdarVdmGO42yCbPctGQmwsKZhW1lHcovDniilDhzgFZ+9fD2y3QGSEeC492t7rY13wxpoi6exXKSlfnIif5mn29lnamn6usUumqo/moh+KMJiuRTimed3P4bXi3MdNQTNlx+AZWXqGXSgkxX0kjAO5avb6PqShqz4c7TDINiH7I9VZrVdIyJI45A/wCycrExEoHj1q6uudsw+3XGWMt4AecD8lv+n/j7cqV7KW90kdVGdvJsfvlQr38IKOoDqi0SmGTnGdisLdOjOpbQ9w+XLwzk42IUxuAeYn0VaPif0heGkCr8CQ8skOCCtLGGTsEsL2uY4ag4HYgr43MlRDnxmGNw5Kv7F8ROpbEwMt90kc4H6XnU0fklzrIpL+o+qXRkDJGyCY24XkfTf9oIhrafqKhyBsXRt2+69MsfX/R1/wANo7nEHEZ0OOCPZA4ZGqa9El9MHE4UWSj9dleOpGyDxaZ7XtPoUF0WNi3dBtZakUEtJjfQoclMDz2K0To2uyCEGWhp3fh590GA4yyZapt8E4IewKkrel6GfUfC0k+gW5ltzP8AhqFUUE44j29VMBZPPX2W7Wr+ZbqmTy8AlGg666mtZa24Unixt2OG+Y/ZbF9C9zcluAFX1Ntgn2kYD+SNFqQrZ8SrDWxA1PiUzhsRIMbrS0dyornEJKSUPHfHZYC59IU1S0uja3V9lQ1HTlxtz2VdHNJHKzYFjv2UCyj2MUzSM6diuPpARjjPcLyej636ttRaJR47e4etFQfF21FzYLvRS00h/o84/wBFTBcsGufbZW+eGck/0v4QJKWpjbqewEeyVu6v6cubwykucb9XA3ac+4KuyxrsY78e6Aoo2RCXLS1uU3+FTYyBkdlcSW4TOBZHkn02QTT3CmdiPOPRwyh2h5RVfIzt20bBAngyRqCuhdZKchlZRuLfWJuSnivsdVs8OYf8YwpgB4MrV2ikqtzAzP2Wfr+hKKaN3gtDXE5wNgvTRa6eZhfTSxkffdRpun6jGdQ/RU1km3B5NDZupOnZDLZbtV05bxpctFZvjd17Zp2w3uFlzjGxIYGPI9yBuVrJbPOPqIKq6jp2GocXfLN1d9kvaRwi+zU2b48dJ3HS26QzWt5wCZt25+63lsv9lu0TZLfcoZi8ZAa8bheBXToVksZfHGAfQBUM/R9xt7RUW97oZRwWJc68iZVpvg+r2yHBGEwQsl2c0H7r5ktfXvxO6fma2KsNVGwYLahmvI9jlbO0/wBoWaB7Yuo+ntAA80tM7G/2I/1QShjoXKvHR63UdNW6qkMhiDD307KoqOm7pRPMlBUF7Bw0lVlo+N3Ql0IBuPyxdtpnGk/otpQ3m13KIS0Vwgma7jw5A4/sg2sTKuS7Rn4Ltebc4CqhfhvtlXlD1lDIQ1+G9sZU4wsl5AI9xlQ5unbdUPMhhaxx50hBhiJV5NBR3alqx/LlaT6ZUzxmuOyxj+nzB/NoKl8cg90CKsvtFMdZdJjseCglyJdKfR6AyUHdE1LK0XVELsMqmOjcOVb0t1oqjHhVLSfTOFMZ6M86XEtMj1SyPVBDs75XQ7flUJ2scku6l3V7KFYOpJJKACSSSUAHpJiShB6SSShByaknKANZEkkkoQSSSShBLo5XElCNZDtIIXUBpwUYEYUESjg6klkJZCgAkkklCD0kklCCSSSUIJJJJQgkkklCCST0lCDEk9JQg3BTMlG8qGoQYknpKEEknpKAt4GJJJKFD0kkkZBo5Tk0cpygiYhyiAjCGlkqLgBcBUshMLtPblMBJV5Ghsj1SQASSjAjCtMgRJDyEshVgHBIJGDuEA8pavdMU6LHpLmQlkKyzqS5kJEjCmSHUkP8SeCMKZIdSXMhLIRkOp4OExPwUWQcHdPuupHV/SR+SbkqZRNo5JOyfRLf0UyiYZ1cIz3SyRyFzWFMoXsZ0DC6m6wlqypkraxySbrCRIPJAUbSJtZ3ISyFwb8JYKW7MAnF0DJwkkBnug+Qg/w9soQY/VtsitXcDOUaYDeCPKKxrcx6Hf8AMEI1FW3+8pwR/hGFYAY2CaGnnKtywXnCIXzgZjxGEZRYquD+oZKlujY7loP5IUlupZR5mYPqFWclOY0VDeW4IKaY4pRvG39Ex9nhJJE0g/NAFvrI/wC6qQQP6uUzouEgnyVOdywtPtsuG2RbGKomb/4lwOucO3hsePtlL5yWP+9pJR9hspkZuOCkroz/ACasEejyuO/iMe/gsk9V3+IsBGphGUYV0DwMOx+asm4ifNyB2JaR7T7DZGbV07jpewj1ypLJWvyBuuup4JBhzAqL3MEG08gHgu3XTS47pptsLzkPe3/lK58rLFjw6k/Z5UILwtJ3bhEDHY4QxJXMP0McO5IRRUtbjxW4z6KFN4OaHeiG6lbIRqARRU0x/HuUi9p4KsjBGjjAGY2/oo77RTvcXta1pKsiCcYC5kqkDvwVgtUrT5JwPyUeSC6xu0scCBwVd5K54blZfylHHdqiHyTU7iR7KZHd6R7Q4u0nuCrD5aJ/943Kiy2eje4uLMZVZLVmQ0NRBKzyPG/unsaCcqrksWkk087mj0yow/jFI/wx52jgqy3FPlF3LTxv5bglRJaRuOFGZeHtbioifqbzspsNdS1DBpeGn0JUAf28ER1LLjyP/IqPLSVIGSdQ9lcNi1Z0jKE6B8eS4EAooz29gqeChkD2YywoWph5x+au3AavMwZx3Uaot9NOcluD7JqsHK4qXtgfthn6Krq7DSSPMjoWHPOyuKq0Oi3piSVDaytjdplBWivUbehsLpQ6Zjbx8P6Kva91OxjHnfdvK8+vXQlwt0plpmvhe3cPj4P6L3MPbvnb80Extk5AI9xldCnyE4G2vWzXZ4TQdZ9R2R4ppakTMZt5xuQtrZevbXcw2OrHgS9/RaO8dEdP3bUZ6QRyH8UYwsFf/hZcKDVUWuQzs5DfxLtabyMZcSZ0KtVGX5G/gnpKoA0lUyTO+NSU1NT1DDFVQNkadiCMrxaG63rpyYNqaaqp9J+pwOFuOn/iLBWgQ13hbDZzeV2KNVGf4sclGzmJE6o+FNouxdU23/dZ+QW7ZKw8rOr+h5S2eJ9VTjbPOy9up6+nrIxJTvDgew7IdTTU9WwxVMbJGnYhzcrfHUY7KfWDy60dd2m6YiqP5MvBDtt1eOhhqG+JC5rge4KZ1H8KbZcNVRbT4E3O2yxFTB1Z0dNpkZJNC3vzstdepj6EOBsXwvhODuCqe9dL228sPiwsZJ2e0YOUrV1pbrkBDV/ypeN1dsLJWh8Tw9p9CttOqnW/tM2o08NRDZNcHkl86QudsOpsYmjHBaN1nn0viYBOD3XutRCHjS4exysld+i6OpLpqT+VIcnld3S+SysWHivJ/TiabqPMH0xgOWhdjqnZDSOFdXC1VVA8sqoTp4DsbKqmpSSXNAI9l2qdVGX4s+b+R8POt7ZokRASjPquvp2ZBLN1A1TxHLHYwiMryMCZwJWuNx5PXeKxzEiXmxUNxYWzQt+4C89vnQ9XbXGptz3ObzgHhep+I2Xjj1QqinDm7HCcnvOBZXOl4R5DauoK2kf4T5cOacEFb6zdR/NNa2ZzXfdRL/0XSXEGQRCKTs+MYP5rBzxXXp+qMTi8sadj7JrbiZ/gV3vk9jBp525BBPZBMYb22WJ6c6pjlkETn6XjsTythFXQzNyDgn1RKeTDKmcZOMkP8UxnGEVsmobFRHv1uOEmyFpCt8iWsEuRocFjusOkae508k8EYEjQScLWtnBG648ahseUmytSHae+WnluifOdVTTUc7oZBjScLjHAncr0/rbo+Ooa6to4hr5c0Lyyqp5aaQxyggtXOtpeT2njvIqxLBMa9uB5kXVtsVUiVwdjKkNnBaNyslleD0derjMl+KdSMJMjdQjIe6QlI4WdrBrjPJYtmBO+E/EbhwFXNlye6eJhjlUPysBpaRkv0qBVW+Vo2AIU1svrlE8XWMEYUBcYz7M7LTSDgITHPgyXNJC0M9OHYIxuFAkoy4HIUMtlLXMSALiGndjv1UllZBK3Z2CeyjVFGW5wFBDHQuyBugcmJ32QeGXBcHDIOyjO/q91GZWDZsjlIZKxwGCqxkjmprgh1TMvyBthRIjperKUDTlVsg0uSZICT2PJbUsxAAVnA/BBCztNPhwBVxA/LQcrJN5O9otSrIrHZfU1QdgSN1MDi1+sd1SU0uHNCuInBzAVlnE9HpbvtNHaK90hERHZXAcchY6jrH0soe38wtZTTipiDx3ST0el1G6OGTI3nAXaSQR1L2EeV+yjsOCjDGxwhbwb4y3oq54XU9dJGNmOy4LlNN4UwcTsdlJuHmna72wq2o2IIPCoXnay8m88JA3yFWxExPwexUykk10zdR7KJVs0vBG26sk5buQ1SRLBqI3BVNNH5wM8K2jkBjLSFW1ez+EQux55LSgmzEGn0UW57RZ09/VCt82JmtJUy4sD4CQO6YhNv3QZWU7i/AIWb6kia0vdoOQchaKMhrx91XX6n1skcBnK3VnD8hX8lDiY6nfhw35KtYXcYOVSjLX891Z0jwCN+y9BpJbo4PlHlKWnuJ7vMzGFHhOicFSmnI4UB5Lalx7LejjR5Ldzg5uQorfqRIDqjxlR5CRIW+iJrIprkmAjHKBKBldbnSPMU2XdDLouOYvJTT5FV7KwaR4Q3HChVwIc0j8ynQy+UDKzt8nUpn9qYyqzwhwEh3KfOc7ocJw7JVDW95Nd/dn7Kpn+s/dWriDGceiqqj6yqZUlkC5JqTlxhzlV6B9hMBQ5ttQU0cqFUj+a70S7RsOyJMgDko8oQByVis7NcAzPqUynJ22UOP6lYQBoATICLew4+lMJPCJ2QzytDM7GDlOHJTRynJEwTrQSQAtXb4vDpG47rN0Tdc7W4WniyxgbjhZdS8x2nX0EcS3FpbInSVLdP4d1fynDR7KpsrHB/iEbOCn1coBDQuRYsywep06205Y12CRuEGpl8MZG6aSSc5UavfiMMzz3WrS1tySZi12oVNLky26ThL5JqjsHFaLPiPy3ZQbHTsp7S1zG4LxuVPpI8k5/Vew08FCCifH9VdKy+U37LnpykM9zh2yAQSvTrnlsMcAG7wMBYzoWiMte6XTswZW1qC2e5QNbv4WM/daLP0cDVvNhMpY/CgYwjBA3UhgxuQm/iRWY5wlMyL9kW7XCG22ueplONI29ys90Fb3tgqLnUA+LWyeI4nvzj/NN65qfnpqXp6Ekvme2RwH9OVpaGlbR0sdOwYDGgKDM5r/yT+RtshVcjoaWSRp82MD7ogBUR7hWXGKlB/lxnLvcohLlkn2GjNNSeJJ/eS+YlWa4GhoDWjYbBLIUKGlEpm4JJCY0ZKlRgAcKAt4GJiemKRlkoSaTkYyuuOAVE1OB1A7+qkpYLXZWdWdQU3TdkqbpVuBZC0nGcEkdl4R0HQzXW41fVFwBdPVvJ1HsD6K4+Od/feL7R9D2mZxc5wkqtJyCT/8AMKuLZR0tmtTBNiOOJo1uS3LB16YuirPuX/oYr4ydTMs9ndbaeYa6huducL5zJLnFzjkuOSfdav4i9RSdQdQzSiQmGIljRnZZQ7FZpyye68RpVpNOotfc+WFZ3TsgclNj7pPaXOGEB0x8TclGmIYA0BKEaGlx7IMr9ZyqbFSlgbkucpELcDJCFG0kgYUrGluMKwQThg4C4k4gu2SUCEuJ6R4QYLwBI7pgJDuUVwJyhHYpQLJUTtwpgbqYq2M4KsaSQYGUUpYH1kapgzvp/dV8jA1aKWFj24A5VHWQkSEDhBKWRjWCul3Oy41EcPUrmn3WaxZLGpJJKghqSSSgYkkklCCTX/SU5Nf9JUIBPKSR5SUIJJJJQg5JJJCQGOU47JyHq9kLWS+xySSSooSSSShBJIKSrJBJJJISD0kkkYYxPSTFXRB6SSSsgl3T7pNTlaRBiS65cVEEnAkN2TV0/Qrj2QuYfNQ5zwhuILcZXaL/ALGQfRB7crRHouUuEMPK4unlcVC2xJHhJJQrIBzRqOyYpCCgLEkkkoQSSSShBJJJKECsODn3Xolpfrp4Sf6QvO2cr0CxkGmZj+kIDpeLf+oWuckKRjICjDlSRwrPSoIOUcEY5QEgd9yhTwEmGyUWBx1DdAHCLGQNyrGE4EYSyPVC1e67k+qiYYQoBJJ3RCQox5P3Tooghyunc/ZcHKcDh2U19C7ODzXrM5u5z/SqFXPWMoffpgOGjCpktngtRn5ZZ/YkkklQgSSSShAjU8BxIY0ZJ4TWbZWm6OsklfWCqfGDGw4yUyuG5ib7o0wcpGx6TsjbVamOeMyz+dx9jwFctbk8o2gNAY3YNGAk0ehXVoqweSut+WbkPiHlRWj1SjbnARo4yTwtaWDLN4E2MvOw5UiOPTuUSJrWj7Lhy4jG2FYhvJxrcHKJjbCQCejAbGAk90RN0+6cjCEuZC7jYoWoN3JUIESyFHfKcgAKVSUNVK4ZbhSXBt02hu1cttSHNLpDhrcqbS0U8hy6PYqXQWmUYLmE4V1DAYgAUp2HuPF/R7lieoWStjtkQwXM3UyOkhA2YAj+FuEVrRjhBKw+haHw9GljiMEiOIA0jDcJ/ghuEUt90GeQM5IH5pUp5OmqoVLJyRoa3JIWevHUEdCCWPzjjHdReoOoCR8tTZ1dyCsyaepqT4k5dv6lBkxanWOScKyLdbvXXSTxC8sGeMqpkGnJPPf3VxM2OBpGkcKirpAcgJkezzuuvjVDdPsr6yqOSAqySQuOcKZNE57/AFXI6EnnZaorg8hfbO2TbIQaSiMpzJjAVpDbmu3LVYQ0kUQBa0I0Z/ilJ5ZTQWxzjgsO/urKmsgBBLPzU5pazGIwitc54G2AmIKNaXY2GipqdvmaER1REG6YxnCC4knJJXQAFBsV6GPlc47JmHE4OykRtHdELATsExQC2ewDYS8bhPEEcWC0IrGEbIvhnAOOVOgXj2R3MAwAFxrHDvsilzW8lAkqXNwGtRKKYMnFIf4bR9RwUCV4bjByhSzvdug4e84JUM0pro6+ffAQXOkPZFZTHk7o7IdI+nhMFuDZFGt22EZkB59UXVC0ebZCdVPBxGMKuEA4qHLCeAAPMMAppNLCdRkBPoFGeayYbHIKH8tMMlzf3RRSYLm16JTq6IZDEB9dO/IBwgaQOdl0DvlEBKUvYnT1DuXJnmJ9SjANGxT9cQxpjG3uqygXyB8GWT6Antp8nDtkX/eSB4LMApjaSrkP8wgIQZLA/wAGEDykBISMaBgApwpMY1u/dd02+LGp/wB1TaQOAfi77MCcJnj8Gyeaq1NGC85Cjm5Urfpzge6X8hMMMXF5GxTix2BgKH/GYW5ETSDhMF0qDwOfdB8i9lYfonCCc/h2RBETtkKqN1qcYCH83Unl539lPkJhl34Od9v1SEPuFSCeoP8AxV0zVA/4qF24BVRdeD7hLSP/AJSqXx6j/vSufN1A/Gq+YnxF7pb/AFJaM8HKoW1tRn+8KOysqMA6/wBlfyE2MszGCclLQAoArJsbvH6Jwqps7u/ZMVqJsZJOQeFwNx3TfmRjcJeO1E5prgPDPTFx/wBJQIq6OU4dJlSSBgFfmQ/YqkC82r2RAThcyOUgSeAgGnQcHIR9RQE8uBGEAbaJDX5RC4AZUNhOc5OyLk+qprJM4ESewXWSvYR/mu5aukNI9FQ3OCQyqZsHnBUqJzXDU05VPK0jgZTY6mdrvKeFMZD+Qunxg8BCNIc5aN1HpbgCAJipsdWxwB7FU1gOMskV4qIjnBAXQ8PGJWgj3Cnv0yAAjdQ5aRwILe6CdakOiwUDZKSX5igqH08g7sdhbGyfEy40OiC7M+YjG2sfUse4GMjbKTy14BxhZp0YHRsz2e42bqW0XpgdTVLQ8/gccFXIBAzg49V85tNRDIJaWZ8Tm92nC2Fi+Jt7tbm092aKqAbB2N1lnRgNWHren3SDc91VWPqi03+PVRTAPAy5juQrbON8LP8AGxm4JowMrgl3xhcEnbCRaCgcSb+cEgeYDB3Kc18sP94CGqI0ubw4o0VdJGfO0PHoVW0tPISqit1yjMNVFHM08h4WQu3w4oJdU9llfTSncNLvKVsGCinOoAMceRwnmnkj3jdqb6FVuxyGeN19o6lsry2tpfEYPxw+b812i6inhwySQnTyHL2Pw2Sf3kYOOzgqS8dD9P3lrnPpxTzH8TBhGrN3BblgydH1LSyaWyt5VoxtHVjXBI3J7ZVDdPhreLcw1FtqG1DOze+FnRU3a1y6KiOWJzTg6gQokmTdg9EZT1EezJtvupUE72kNkjBI7rG0XWLo2ATs1q/t9+oK8ACTDu7SpKOCOW400F0kbjBwrOmrYpdg4Z7rMxSwuIERye+6kMceRsltBGrjfqOzc/mjANcMY4WdorpNT+Vx1tPr2VzS3GCcYJ0u7gqmC1kKWEe+UtIds8Aj33RRPEO+UtUbyAEtvkoorv0ZYLwCamjEb3cuj8pWXrvhlcaRni2G7OfpO0Mw7ffO69KMeBnCa5hRRslHoGSyeRS1nV1odputoL6dmxkjaUYX+1Vsempw3Oxa8bhessa7vvkd1R3Lo2w3VjhUUDWSnPnjGMrVC9Y5FmCq+mLDfKMRCKGRp4wBssPdfg3MyZzrXLsdwO4XqL/hvU0UhfZ7i9g7NcdlSVT+qrJUk1FM+aMfibwiVqbFyW5niV76SvNnkc2emeWt7gKkFQY3aHhzCO6+k6e8Wi7sNPdKVurvqbuo1w+H/RN8gMZpGsLtw5uAVakkC4M8h6b+I3UljIjprm8xN4YXHZeodP8Ax+piG01+twLiNpWP3P3GFnLv8B3/AF2C4ZcckRvGMfY91gL70R1ZYJXNrbVNpZ+MbhVwyKTj2fUVp616QvzWOo66MSP/AAOIByrp1IHbx5IIyF8WRV9RB/LeXRkbEcLX2P4m9WWVrY7deZgxvEbzlqtxRfytH03LSyR5Lm4CBq9l5f0//aDkLWw9R2t0unZ0kIyPvhb60/EvoO/NDIrpDBI7hknlclYQfylg2lZKTkKLU2qI7xndXkVK2aPxqWVk0RGQWHKD8s5ysv5TMTWqZn0hV89LIwfzG7LbOhewEvbsocsUM2z2hTJatyYaa3U0x/mQj9FS3DpSlleZoomk+mF6S+20z99ACr6mz8mE7+imA9x5PXdITxjxackH0BUWml6ksj3uoqyWM7ZwTlenT26oDtJYdu6r57e0OJkhBP2S8EU0zNW74rdSWx4FdTtqg3jctI/RaOg+O9tcR/ErXVNxzoAdhV81mgkeXiNm/YhVVT0pTySFwjxn04UwHuPUrf8AFDoSvDXC4tj1c+MzSWnHGFc07Ojb24SU9wpJnvGdMTwV4LV9IMazXHGCQqs2GqZnQ1zT7OUwgcv0fSruh4dLpqCplBO4GvhBZYOsqUjwJo54fR43/VfPdJ1F11Ysfw291sYhHlHjHCu6L43/ABLoyDVVlPP/APTodX+qAGVjXZ7l8ncoW6rhQ6RwXMGR+af8lGW/SAT7LySm/tHdUxN0XCy26rYezWuYf8yrSk/tF2Rx/wDeXTdVTyjktc2QH9cf6ocE+XJvn0DX5GkEIZtDD/R+YWfofjv0BXPEVTLWUpP9dMCD/wCVaW29efD656W0vUVES7nXJp/zVOOAPlIsnT9PJs6OP/yqBVdCWyqGJKaP76Vu4G22oP8Aus8ExxnDJA7ZJ9CSfLgBVtyT5Tyqv+FFvmOYIWb9wFUyfCqtoSZLdcJaeQ92jP8Amvam0Tm8Fq58oe+D+SFxKdiPG4H/ABfsBDbb1G+VjOGSjW0/qrqg+LXxUtbm/wAZ6dp6+MfU6MlufyAXoU1BCXEuZg+yivt0A2xn8kpxQD2y7Kmj/tBWMyCK9Wattvq58YLR+eQtTafih0Dem5p+oaMP9JHBqoqiz0k7dLoWHPYtVHW9B2CscTPb25PJaMIHCL6KdcfR64IrfcYBJH4Usb92vZg/uhtstKz6A4fZeJu+GcVOc2a9XGgI3aYpSMKfH/7VLM/xqHqv+JOxjw6qEAAe2Co6lgTOv9HtFPS17R4cVc7T2Dt8KVHWV8B8KeIPxw4Lx+h+KnxItTW/xro5lXH3lpZNP/VaCi+P3TIkbDerXcaB/cvg1D9khw5Mc6ZrnB6THdBnE8LmD17KRHWU8rtLZBlZ6zfEDovqPENBeqN7yM+E94a/9Cr75SlmaDGAM8Oaq2szyi4+iU17X50kHCcopt5YA6GZ4cPflNMVcD/eD9UPQsmJKLmrYBrZqHqu/MgY1txlQm1ElJRhVw55KM2UOGRwVAWsD0lzIXcqZFj0kxJTJB6S5kLqgOBySakoUOSTUlCN4HJwcQMIaSgoNkpAnK4koAFB23KWR6oWSlk+qhAqehJ2QoQekmZCWQoQekmZCShB6SSSgIkkklCCSSSUIdyUzBTxynDThQgxMRchNUKyJJJJQESSSShB6SSSMgxd1ey4koAPSTdXslq9lAcDklwHPZdUIJLJSSUILJSyUklCCyUkklCCyUslJJQgslLJSSUIJLJXMhdUILJSyUkkXZWUgg7qqv1Zf6eIOsVujq5O7XSaf9VaA4XRgd1UuCzDOvnxO3LelohgceMT/qg/7S/FEbDpGmP/ANsOf816FkJpbxuhWWFuR51J1V8VWbjobX/yTtUd3XHxOid/P6Alx7VDf9F6c1LT7opJom9Hmn/tC66a3zfDquJHcVA//hXW/E/qpkYMnw2up9SHZ/yavSdLTzj9Fzw4zyB+iDLL3I84/wDave2n+Z8Ob2PXDc/6Io+MIaMVHQ/UUZ7n5YED916H4LP6R+i6GgbBTLBk0zAM+M1jb/2uyXqD/mo3H/JSI/jX0U4/zHVkJ/8AotDIP3wtvp911rATh2CPcK8tgNL2ZGL4u9Bzb/xuOP8A+mMc3/RTqf4j9DVGNHU9Dk9vE3WiNLSyNOqlhP3YCoM3T9kqP7+zW+TP9dOCi2cA/wCn+gVP1T05V5+WvNM/7PU6O5W6QhorIiTuAHDKrJeh+kXkOl6btjj/APswCLF0f0tC3ENmhh74iy0IAZRT5RZtqIX/AEytOeMHKfkHuoUNnt1Of5DJG+2oqQxukgAnARC3/cPnO2F0bJN4XVBMm2OT0JORkHpYCYkiDHpHcYKSShMgTBGc+Ub+yA62QSHI2U1JDKW0mWQJLbnHhTFmn90E0tezeOXWrVJo9Cg3BFSJLnEcOi2+6J87pA8VmFZOaO4QjDG7lgRplbyMyugdtnH3Tz4b98ZBTX2+B/bH2QTZ3MGqCrlafQlHlEfIf5anfxFgrvy5ZgA4UPw7nTHy5eEmXKpYcVFLNj107Kw0iZrqY+PMO6eycYxJsVHZc4T+Eg+6K6eN4B2H2VFYyEaRqyDspAAwo4j2SIkbu12AFYGA6YhCV3cZRBMCOFWCjq45gc3HC6kqC3MiuomvOotChVNoaXF7WAfZW645odseFeS1LHZRtlqqI41ucz0O+FKguWtw8Qbe6nmlpzyOVGloGjeIYKvJG1IlA0s7NJa3dBloYwPIVDMdZTkOAy0dlIhrmkta7IPuoimsAXUxadgo00DZRpkbhXQMZHHKZ8pE/wCobq9zImzOTWiCVpcMg9lUVFFW07iWAaVtJKQMOGjlRX07sljmpyswPhLBjvEDP7zykJzZdQwBkLQ1Ftp5xpMYz9lXyWKSIF9O/Vj8JToXMbGzcZ28WO13WMx1lNG4HkkLzu/fCKFuqosMzoJDuBnZetmCPVpqYHbeiFJRNIIp5cj+ly26fWTrf2sfG+cemfPT5Ouui59VfTPkgb+JgWq6f+JlouOiGsf4E3B1HG69MmpZNR8SMn77rH9RfDTp2+F8xoY45ng6i0Y1H1OF2tP5P1YbK9Ul2W8FXDUM8SCRr2n0OUGphpq6Mw1NOyRp23C8yn6T636LmMtgqJaqlaf7l7s6R6BW9l+JlFI8UfUML6GoGxLm4BK7FWuh/SzQr4yA9RfC+jqS+qth8KTnA2WPZJ1F0tO5lRFI+JpxnnZe2008dVG2aFwdG8Za4HIIQK600VwjMdRA12e+F0a9U1+ReUzz61dR0V4b4ZLWTY44ypjot8gKH1F8N3QvNXanljxuNJwqGj6iuFukNFc2EuYcHUF0a9VDsz2Vb0X1XR01TGY54WvaRwRlYu79HsBdLbnFrudJOy3UNTDVxNmicCHD9EN8TRuWrqUaxwfBxdb4urULE1yePz001PIWVUOgjue6iy08R3AAK9Wulno69uJYW59QFhbz0rVUjjJSEvbzpXe02uhLtngfJfT065OUEZ/eLAaPyS8V/Dgm+M6F/h1MRYW7bormxzt/lObuuvTdnlHgvI+KSm8IHI7U0jKp663QVkb45owdXB9FaPiliPmBwgubqW6E1M8rrfH2UvdE86vHR0lK/wCYoSQeRpKFauoqylk+Wq3Z07eblehTRZ91m7v0xBXOM0QDX/oo445Ryt0nxMt6G4RVMbXBwJKl6g4ZCwEYuPT84dLqdCTg5WjoL7BUAaZR9iUSb9iZ1e4l1rIKKJtgNlDE+eyc1xIyiEyg12S5AydhY5uxXnnXPRzpWGuomDU3LnADkLetkA90pRHMwxvGWuGCEqyG4ZRdLTz3RPnOVpYSC3cdkxkhad9/zXo3WvRRjY6tt0Qw3LnNHJXnJiIcQ5pBXPtqzwew0OtV0d0ex7KrfBCM2UOx7qGYyDglMGR32WKyv9HWr1bi/uLPxGngpvijsVBEjuOU0SlKwzWtfBlkJcIjZ9PGFXNm7bp/zA91MDo6uL6LFtRvuMogcxw7D81WCducbovzA23KoYtTFhJ4Q7gdlWVFIQM4VmJht5cpSuZIBtjCrCLsasRnJ6dzTxwmR1D2nBGyuKmBruG9lWT0xbwEJilDY+AjZQ4chRahgdx/mmA6dspD1ylSawLlLIwZa8OBVtSTeIAO4VU92Eehl8KQFxyFllHJq0d3xTwX8LyC1W0EpAG6pYZQ/cBTqeXgFZbI/o9Zpp4LQPJIIWls1XqgxnhZmD6RndTLfVGnn3PlJwsx29Lc4yNYZdI1BSIn62Bw5UGKQPZ5dwUSCQtkDTwUqSyehrswFrG5j1Y3BVXWbNBVvM7VG5uFU1DcAgngqiXPjKH22pOHROP2U2ojEsZ9RuFSxO8GYP7BWzXa4sg5yEyCF1z3R2goHfzAw8EKNXN9PVFccScrtSA5gxucIinL7drINM4xzNd6K2lJmhwRyqSR+hx2V1SSNlpm/ZWuxa54KVznRzFhXK9vi0zsjchPrcMqXFdDmyMx7LdSc3UfdmB5/VgxyYxjdHoXkkFEvsHgz7DklQ6d+lwGV2dHJxZ8y8xVsbRexvGntuo1S3fOcZ7p1NktByu1rP5BK6ucnlFwSKGQGMtJCbL9YOFGonYO5UqcbDCMprk52C4N9sprO/2TAcEZKWyKOSPcI8wlw5CgUsurAOytKwaqdwVPC3Q4k7YSZ8Pk1VvEcEuckgdzhAj+oo53buoryA7dRrA7cTNRLCCVAnOSpTD5Ruo048uUL6BU2yKSDsF1o3C6ecpuoHulOTb4HRjkkgjSd1CqByUbJ9UGo4VWdBwIkgyD9lFH1D7lSn8H7KKPqH3Kxz7NcQ7OVOpzwoLOVMh4CZARZ2TgfLyo7juuknHKSdKRmbycAwupJZxultlE+zx6qoZC0ukDfCo7JES8S4wArtkmt4aByVzb5bpHf0McVpmhtgDKcEDslOcyEkolOPCpG5HbdRnu1nKyRWZ5PQz+yuKR1QiXVVxijDHOYXgHAUl0gYPuj9MME9we8t+knC6mihunweW+odVCuhwfs1kwbT08UUTQBjhSIIiyIYG7lHdmV7WNGd9ldU9OHOhpSPN3XpKuGfMLJ7eTb9B2+WnoZKuU4aQru3sDqmSQjY7gpUsbKKzNYwYHhj9UW3t/kB2NymT9HFulunkmafdODmtBLjgDlNaq7qOubQWaomBDZNOGknhLF/4KWxx/xzqqou+fEipQYWHHYLbDlUfSNrFstMbSzD5Rrcfcq7VBrg7LIGMyMBdtVII2mdzfM85H2UOcOrK2GjjPlaQ9/wD0V8GtaA1owAMIxLH9kMk5ROyY0EOJQp5KDRNB5T9WdkIHISO/BR5AHndcSXHcJZBsmMcqg6nvMFntU9bPUNiZE0ucXHsFbTyEEALw/wCO/VEjooOm6FwMtYQ5zfVueEE5bTRpafntUDPdBwTdSX2u6wr4yZKqUlhcc4b2RPjN1i2xWV9upng1Ew3AdjAPB/YrUdPW5lisbGMbjDQSvnX4idRP6i6innc/Uxji1v8A8v5JEp5PTaHTPWatSa+yPr/HSMuDr853J3XUkkB7F5XJ0d06LLzwmtRoo9Lcu2yoXJtD5nAR6B3UddkJJ5SaMlQENEzcHGyLNgMXYm4bugyuycZVdE9gsnUjtI0jcKMugnKnROwqKN0EcIp7KxiHCMFpOeyjujwVLjZgcp7o25BSmxnx5K52Wb42KlUUuTkJ80DXxFoGCosQ8J2CgL2uDLqN+puFX10OcuwpVJMMYKLNEHt557qM0KG9GZqIyHZAQFZVkWmQtIUBwIyEuSAktrwCTk08pyWWJJJJQMakkkgIJBRkFQg1JJJQgkkklCCSTElCCSSSUIJJJJCGPSQUkvIAZJBSUyQSSSSEg9MT0xEwx6SSSsgkkklCCXdXsuJKEEkkkoQS72XF0cFWuyFrSnNF+SADlHpf+xfkgNBWqDyLsfR1JLGElBUhiSSSplp5GpJJJbGISCjIKosSSSShAySSShBLd9Okmlbn0Cwi3XTn/ZmfYIDo+L/3S5HKMz6QgAjKOz6QrPSo6ug4OVxJQaSGuTxyhtREKCDtcdI3TicoGQigJiQYTJ7lcPCWQmuc0hGC3gEeV1pw4H03Sd9RTHkBjs+iMx6qz7DyzqKQy3yqcf6lBUi5kyV88v8AU8qOoeP1ElKbwJJJJAZRJJJYzt6q4rcydckmlgfVTsp4hqc9wGy9d6etotlujhAw4jJ+6oOhenIaamFwqI8yP3BPYLZNGdhsF09PRt5POeS1kbX8cfQQAHhEEeeyTY+MBSoITscLowjhHFcsCggOxI2UhjABxunNZpGAuPa48HCMRKW4W/ZPjHqlGPVPxhXGOQRLqS4SByiLOruAOSuBw3Q365dgMKBwg5vCE+TTsN8prKeWY4aDupdLa5J3AkcrQUVoDAPKN0uc9p67w/0zbqZqV3RU2yxTveZHtzgbLQUVtkhwH7KdT0ukDsj6SEqVrZ9M0PhKNLHEIg2Q+GPukW5TnOJ24SSXM7ddGwHhpXCRjkbLriAN1Fe8b5KXKWTYlhHKqtjixrOFk7nU1U9Q9vinT7K2rpmTPLW742yfVV5a0kk4yoZ7471gqjRAnLx78oNfMyni83fYAI1wuUFM0uHbYD1WWr6587y5zicp0YbjhazUV6aLUAdwrnEnAVS9znnJUh/nOSuFoI2CfGODyOqnK97pAGw5OSEeOEDgJMadQ2UyODIzhORgdOWBa3tjCOGYAPqiCnzjAwithOeE2MS9r6AhhLtwitZgDZGbEOMIog4OEZNmSEYifdPFNnk4Up74IPrwO6gVNzgj2Ycn7qC5bYdh/l9P5pxMUYy937qtfW1Mv0cdlxkdZM4eJwjF/KpPCJr6qJudwPRRzVTu2zsjRUrAMyDJSdGxo2aFb6Bkt3JGL5DyU7SHbFIhvomh7RsqEzQ50I2OExz4IR5zhR5amQO0xnb1QGxzTSEvPuVYptrokGrOcQHKYHVUpw/YI0NN6AIwAjILgjJtyC8AvG4XJGNp8FxSmrjqMcPbuo/h1NQ7LjyoBLK6OvrdA0xd1G8SqqDgEkKbDRxn+8HClNbCGgYDcegUAVcn+RWClqXEeVSGURx5keaoZCNjn0UKevnfgNwFTD2Qj+RK+UiAzJ291xzqCHBG5+6ryayfg5CLFbp3nzNOEttlSw/xQc3VjMtp28qOa6pm+k4Cmx2qFrdUgx+SfroqfGkjIVOSissVsZWSMr5RgEnKaLVVO3cM57KbPeaGAENI/VVlV1Mxrf5JP25SJ3xXZcamya2xAt1FwB77ojLLE3+8kbhZ6TqKqkO235qLNd6t3/EKRK9FrTzfo1vyNri5eCUJwt7DtIsi641LuZSUP5yQnJQ/yEMVBsg+hI7YXQ+2k7OGfsse2qlOwJH5o0c87zgOOUSvTJ8C9mtD6AAeYH8kRsNvk4lAP2WZijq3AnIxjuVKiZVMbrMsWMca91TuSJ8JeC0Usp8tQASmTdN7Airi391B+VubW6mN1f8AKUB9ympzpqoZG47uCH5AHXOPSJ7+nZ2AvjmZIR2BQxaK3/u+FHp77BI/T4xb75VtBUue3/d61uR6u5RKyLF7Je0VMkFRC/D2O29k3xdO2FfG4PhGKilDz/VjlAMtpqXkmAtceccI089FbcFT4pcNkjK8KwfZ6eXLqar0u7Ncok9tuNPlz49TP6m7o1NorB6hVWjh1MMEKPE+siOmZpwFeuy0pk8TJ2AOaF+cpR2n7BlH9FbHUsI257o0M2o4wg1FrcCXQHlQnNrIHAPOQqawU20XIIcMhCBdqxhQ6O5wF4je7c91P8Rp4bse6UWp5HjhJLlJQadyUg4hcXRygCCZB2ITTGMZwnDhdHKEaQ5YSHZxsnMnkixjspj2tcBsgPp9QyAoGSaa4cCR3Ks4pmTgbBZt8MkRyW7LkVylidpDsYUDUsGlkpgRkBQn0pbkoEF2LgAZ+eymxVUTwNQyqDU8kNzzG7Dk81EUjQGlT5KSCUZ0bqvntssZ1QjSlyrUhqfIyJ9TTSielnfE9u4c04IWwsfxTuVu0QXWM1EQ21geZYouqI/745ATXVNPNswjKU9OOUuD3yy9W2K/Rh1FWMEhGTG86Xj8leN4yvmlsOl7Zo3OY9py1zTgg/ktXYviT1FZnNirXfO0o2w7d4CzT0/tFntiaW/4sLN2X4gWG8saGyuglPLZRpWhEjZmB8Txg8Hsss6mgxzoi5cjmraN2Q4vYE5viY3OV1sms44WdwYZIZdY5Mam4PoVIa5rwHt7qufTseM6cE90JvzFK7LZDj0JyFRZbEHbBxjsgVVpt1yhMdfSslcfxYQork0kNkGCVMika8bFXnBTMTePhnFLqltj9P8AgKyNd0zdLU86o3tI7gL2psoaRhP8CmqxidgP3U+TkreeFU9wr6OTWJnA9wSr+j6tcWBtQ057kLc3joK31oc6GPST6BZi5/D6Wni1U+XOHYq28jCTS36knADXHV6FWMNaMZbuvP5rdXULyDHIwjuMobLvXUMgeJXH1BKrsM9aorzCwBs7Scq4ppaWRoNNIATvuV5DB1jvmoYMK7ob7TytEtPV6PYlC1gh6SJKhpGWax7InzMIxqBafQhZGg6jqIy0Pfrb2IV3DcxOf5jWke6DABbfM05AAPKe3w8ZBCgipoNg4Bp7I38sgGKTUCqFhwGjYOAXJqGGoZolY17T6oRBJHKPE46cHsrTwTgz9z6BtdYHPiHhvPGAs1WdC3GhYZKSVzgOwJXpXiaTjHKc1wkGCNkxWtFSeDymCpu1vd4UzXO0jvz+qnRXx78NqmccOIzhegS2a3VDi+aEOOPRUFz6JY/VJQS4J/C5F8uRe9GOuXR/RXU2DXUcLnnclnlLj6rFXv4DU5kdL09XeG5+4Ej/AE7Y7r0SqsNZROLZIHAj0GyHBWVVMdBy9o/C7smb8rkvCmeF3b4e9VWQOfVUbZWM5dFufuQqQ62eWRhBGxyML6hgu8GkFzMn0KjVtg6Vv5c+voYzK7bVgKZRco7T54tXUfU9lk8SyXSrh9AyUgBbW0fHvrC2OZFe4RVU42Odz9/ZX92+CtK6R01gvTmvOSIZhlv2BWOu3w96wtrCaixOnZnGthyMevCtNFKLPT7P8cOk7qzTWtfRux/xOMrYUF4sV9jbJba+kqRjP8ojIXy5JZoBIWT64JB+B4xv7Jwt9XQnxaSdzXctc0omsFM+qxTa86QcKK6nAOV4RZ/iD1xaSwC4mojaMaZtzj0ytjbvjWctjv8AZABjeancc/mChKzlYPQaiIY2bsq6SgaXl4aDnsVFtPxD6PvrhFTXJkMh3DKghjj+S0TWRvaHsLXNPDmnIKhbbiUD7LC92otaCfRQ5bE8OJZwtcIGnhoTJYBjAACmSvlaMVNaZGtOWZVZJa2F5zHv9l6GaTuByo5ooterwmgn2UyUrMnn8tnjeMGPH5KFN0tHL2A/8K9KltcUzcOa0fZRpLI1rcsw4+iXlBdnlNT0m4SYEIOOCFX1PTx1FroOO+F68aBoODCdkCe2wuA1RY+4QkPG5em2/wDc/soEvS4Dstbg/Ze0T2SndwG/oq+Xpok5bEP0UX9yYPHnUN8pHllHWTRD/A8hWlB8QvipYMMpOqKwxDhj3ly3dR0u7xNmKFU9MOwMxA/kj4wTDI9r/tGfEqgLW3GOjro27lsse/6rTW/+1NC7U+99EloHM1JUAEfcOWOqelXPyTG0bdwqiq6ROR5W/oltIGUG+j3G2/2i/hrcGNZUNrabV/XDq/yWooviN8OrjEH0fU1v1n/hzTCN37r5Yn6VcP8Ahj8gqup6dfEchn6IdqK2s+2Y3WqvHh01VDI7HDHgkLptbAM5C+IoIblQEvo6qogkG4dHKWq4ofid8TLNKDT9X1ojbwx5D8fqhlVu6L5R9gOoY2+6D8qCcasL5ttn9pX4g0Gn+ItobgB9XiQBpP6LU2z+1bAwuku3Ro3xmSCcbfk5BKiaFObPaHUb2jIGQVAqbXTVG1TTtcPcLJW7+0t8NLhp+dfWURfxqg1D9itZbPiR8M72Q2j6qoXPdw2R4Yf3KXKplqeeyqruiunKveWgjyB2Crm9Gz2/JsN7r6A5yNMhOP3XolPDabhn5KrhmLRkhjs4TzZs/SQ1D8bK2xfZkrfffiVZABH1ALgANhUx8/oran+KvVlFIHXjp6Odp5fE8Z/QKdLa5g4tDBj1CBNbZg3GkbqsR9oqVdUv6Swo/jd07LK2C42+vonns+PIV/SfELoivfogv1M1/pLlh/LKwclskLsOYCPsotT05STjzUzR7gYVShF/ihEtHXLo9ep6+2V+fkqiGbSMnQQcBFMTHbtJHsF4l/szDG7XBU1MThwWSYUiJ3VFGM0F/q8jhsjyQluv0Kek/TPZ/AI3yT7LoZgbnC8lp+qOvKHGauGYf4xlWdP8SeoIsCqtsch7lgQOGBL0lnpHpeFwjIwsJT/FHzAVttkaD6BWkXxIsL8CTxYyfUIdouWnsj6NO057oioIOtOnajGivaD6Eqwivdrmx4Vwpzn1eossTslnDRMSTG1FK4eWrhP2cnBzT9LgfsrwytrOpJJb+imAJRbHpJmD6JKhexhcj1SyPVC1e6Wof1fuoTYx6SYkoTYwq7kpi5keqhNjCZKWSh+IBymfMx+qmSbGSATlSARjlQPmYxyU4VMHeRTJagyWko3zsHd6XztP/X+6hPjJmR6pZHqoHz0H9aXz0H9asnxExJRvn4P+8C4bhABnxAqB+ElpZKgm6QD8QXP4tT/1BQF1E8uITdXsof8AFqf1S/i1D/3igp1y9FgkoP8AGKPs9I3el9VAvikuyZgpYKgm90g23S/jdH7qF/EywSUD+O0nql/HaT1/dQp0yfRPSVb/ABykS/jlL2KhPgs/Ra4KWD6KnN7GdnjC4b3kf3gUK+Cf6LfT7rufUKjN3yf75L+Lf/RkZToZeEZXNPuqT+LHtMhuvEvGpQnxMv8AA/qCW39QWe/iEx3Ei6a+YbmVQnxM0GB/UEtPus5/FXA7zJ/8bAGHSDHuoU62i8yPVLI9VStvVOTucn7o7LtTnbJ/VXgrZgs0lDbcadwzqXfnYTt4rP1UwTYShz9QRWsyMkKB4md2nPuCniacbCRUA0TdBTtJUIOqTv4g/RE1z95FeMC/jZI3CWShgH8RyupcnkvAQE5TwdtyhpI4ywQLkeqWR6qLqd6paneqL5CsEjJXQTlDSHKrJYccLqGCMJZCmAcBEkklEDJZQQDC6h5B5SyBwjwIw8nV3PZMSQhjkkkkJDoOF3V7JqSgnAXIT1HRGq08kCJJJJhBJJJZCrKII8JJHhJKmQekkkqUgxJJJIgBJJJK8kEuOAcMOGQupIgmBfQUz9zHuoc1H4R/lMyDzurTITHNyNimFxntKoOlhGDM4DsCpENTK4YOCPVGfAHknCQja08cKdlzmvRwb74XV0gDhcViwqSSSAgkkklCA9bvVJq4kjIIt2O/7qKYxqJUsxlM0YPKrKCSGMLh+SOx+c7LmARsxOVNoJjiQeU10bX/AFBDa455KK1wIx3UxgF8Eeekj2DBgqHNFK0ZxqAVu7B2JQwwBNJvcWUb2M1YmGD9soMlup3HU0AE+i0L6eN+G4CiT29oOYjuijPAcbGykdapXHYAhQZ7UA8l0WD7BaGSKth43CF89A0+HVAsPqRsmxu55Gb2ZSehjY45bkHsVmb90DYb8xwqaOMSH8YaAV6hLQ0dY3VHpyRnIVZNYpNR0ceq2U6p1vKGQucWeDV/QnVnSUhqena58tODnwXEkfopVn+IMMLxR9S00lJKDjWW+VexVNE+AaXjII7jIWcunSVpvmqOtpYiXbZ0DP3XUo8lLqRqjq37IkTaW5QNqLdVxTscMjScqivvS1Hc2OZNTMZJ/Xpwf1UO5fD3qbpeR1b0pcHlnPhEkj9EO2/EiWKX5Dqq2vglbsZQ3Yrq0a+PaZqr1EJcSMfc+nbt08TJG9zqfO2nsmUF5FQWxTO3G25XrcJtN6hzRVEUzHj6cg/ssn1H8OIH6qigHgynfy7BdnSeQzPbMZKCs5RSOayQDCiVNGNOQqydl4sE+isBMecBxCsqG6Q1flOnP7LvU6iGcxZkvo3GavXT1DWg+JGGu9QFh7l0/X2t5lpnF7M9l7NNRwTDYDJVLcrMSCWNzsuzpfIY4bPI+T8FXdFySPLY7vHtFVRYPG6LNSskZ41Pg+wVxdun4Hlx8LDh6BZ6alrra7VTkub/AEldqnVb+Uz55r/FOEWpIE9h4cCFEmaGkbKyhr6erbpmaGv4PbdCrKPLPFhcHBdWi5Ptnidb4r7XKBRV1JFWRGKVoIPf0WWuNimoczUpJHsto9vr2UbZ/lcNlrwpLg81NWUS2yM/a78NLYKvOobZWhY8Fu3fdUlzsMcpdLT4Dj24UCjudVRvFJVE4acAnlUA3GaNWXuByn+IfRRYZxLGHAgowOVBMlgLM1ssbmSN1AjBXnHVnSOkmrpD6kgBej62nIyo0sbZBpIzlIsr3Idp75aealE8EnjMTi3SQeCg6cL0DrDpaRpNZSxAhuS4AchYeWDAzjlc+dLbPVUaiN8MxZE0+6GjPhxkgIJjI7JMoKI9YHEj1QS4p/huTfB/wpW0bCe04HHPKK2Q7HKCQ4dkwaigwNVss5RObV4+oJ/zMZAAk3Vc8Z2BwuDZwwoPjqp9FrrEg2KizRBzd0xs2nARfGaQSQqcR/zKa+4q56dzHZQA7sVaTaX5GFWyQnOwSLIN8iW1ngYTlOY4tdkJuMJDZZ2vQaeHktaOoOMEK0p5sEHCz9JL4cgzwdlcQYIyDws1qPQaLUNx5L+lkEjccI+ghwwVV0kpaRyrVsgcwFYJrB6XT25gmX9oq9Y8JxGVPc8tcHAcLM26p8GXWVpWyMnhDgNygO9pbk44JkL/ABW4KgXCPEu3CJE/wzhcqjqHlG6htlPdHBUy8+isLbPqb4bjuFX1HmdkbLlJUeHKCDj1UMlctkuSzr2+FiVg+6aXB0QIPIUlwbPD65CiNGPJxhGx8/2itrQWu4U62VJMIB5CjV7PxeqFbZg2fBOyiM+/bZgNdWOHn9VGpnlwG/CnXXBhBCrI3aVtolkxal7bGil6kjzJqA2GVQQvIeNuFrrtGJI+MlY0u0ykY/FhdfTywz595+vEmy+ozkb7KRUAPh04UCjdkjCntOQuvF5R4qfDIkOY36e6mudrZuOFWl+iv3GysGvBCIGQxmzt1x3IXXcjCa7gKEGy+ZmD3VRL5Ziwdlc8BU1YCKhzuyVb+zRAOCCw79lDkJ1o7DkDB5QZOQhctyGKOAsJzjKbMMwOPdcj4CJPuMIWRFcCTueUxpOUVw32QRykKWDTDoODkZQqjhFHCFOCRgKpy3BR7IruSoKnO5KgrLZ2a6yRFyFOplBi5CnUyZAz2dh0kkkximJdxlcRqbHit2SLJZLitzwXFr8lPjCt7bH4lU0eiraUHQABhXVohPzAOFz7OeWeh0cGnGKL2UBtM5o7YwoLjgAqVM4YLcqBM7G4SILMjqXzw9v6AVM5zgDlarpiibT0Jlewa5d8rIPDpqhkTR9S31vhdBRxsdyGhd/QV7fuPmf1NqnOfxlhbYtU7nFucDZXtngdLc43AZ0jdVlrjaIy8jc5Wq6OpxNM6pLfp2Xaj0ePusTga6Yk0zYOA5oCmUwayEMxlQ3gSztaBs3lSm5HZWceT3PJKd2WY6k/943igtcX8yNjvFmAPIC0YeGgucNhuVm+lYTc7rcL4QQwymKMH+gen3KpywOivtya1ga1jQwYAGwSkkbEwvecABIuDeyhVb/HkZA0fWVTWAIyySrLTyyTvrHDDTwDyVdIdPEIYWsA4CIrBEnYHKAioCSjkemZyuBwPBREYo61MnkDW/dPHBVfVzBrg3KAhHrq+GkidNKcAL5ooJf9s/iHJcZSZIYsFvoDtwvTfjR1RJa7IaGDZ9UHR47kbZx/8vdY34bWdlutTquSPS+Y6hnkArNa88Hc0Feyp2rt8Bfit1N/s5YJKaB+mWceFHg7j1K+bS4vJe45J3K2fxQ6kkvt/layYup4DoYO2RyVjEpHr/EaWOnqz7lyweRnhdG6YnA9lZ2XHgMzlHkPkaAUOJuxJXHnCgvO4aRk5yjwNAcCUANJKmxMIYDjlElkknt4R2QBrRpPYqE4OPJ2UiY+YAFMI8uyVY8AkXSfRPZ9QTXkhxT84IJQKWSgo4Tm8po4Tm8pw2PZKjyWoqbD9ICIwZwEqw21xY3BIUOeEgg4VnG0YKa+IFpwgClXv6K+neWPAJwrWN2pjSCquogc14cBgBTKKYABrlZdTcZ7RtdRiTU/GCqGRmCR6Fa5zWvAyMrP3GldTzuc0eV26i+4u+vnKKohDLd1J0E74Qy0jsgsr/QhMGkljCSVgYJJMXNW+FRAxIxygHlLJ9VxQgkkklCCSSSUICSSSQEEkkkoQSSSSjLR1qGiNQ0mRGGSSSVlAUZBRlSIBSSSQhj0kkkZBJJJKEEkkkoQSSSShBLv4Vxd/Crj2QtaVp+Tx6hcYzSd0enA+Wb9lzGCVrj0KktxGmAGMISLPyEJEAJJ6ST0qZASSSSWEPQcj1SPCGOVAwiSQ4SUIGSSSUIJbnp7/sjfsFhgCTgLc2eJ0NNGHdwEB0fF8WZLYE5yFIHCFGARnuiDlWekCLo5TGkBoynAg8KBhW7BPQs7p6ko4C6HgnO5RQQQMkZUdPBRdBhtbvVcJJ5XBwnYGMowZPBxRbjJ4dJK/PDD/kj687Ksv03g2yYk8g/5IzHqZKNUm/0ecynW97ndyUA8opOclD0knYIU8nit+55OJJJZVA8exLT9H2BtfMK2qZmJjsNB4JVRZrRPd6oQxDDW7uPoF6taqBlBSx0sbQAwYPuVs01bbyc3yGr+GG2HssIY4442siaA0DAAR4otRXI4HYyAp9JTlp1ELrVxweWsluZ2ngOckKZG0Dsut0gAAYXchaEZmxYC4cJagUEk55UyUF1gcBLX7IBeByuaxhQmCTqGN0J0hecBObTVFQ5oiYd1eWzpuoc5skrcgjgqN4O94v6e1fk2pQi1H9lPTUlRORoaXeqvrdZHndwwfVXtFaY6cDDRlWLYmRtGGYQSntPpfiPpHT6H7p8y/bKuktMcON+OymshazhH0aScBcSZz3HrqtHCvoYABwkuprjgIDUopdDXNHOUMv5SL8E5UOoqBjGEBZ2olDeHBVVRVkcJtXWBo3JVHW3FhOA9U44F2Xxh2TZKluTwqC5X6JjjTxn81BuN0eXFsTzgbZVLO1zzqPJTIQcjzut8q3mEA1wrPGORwq55Lxgp5Y8lEbTOOCtMYYPPW3Sn+QAMJOUZkeTupMVLsMhSoqbuGpu3JibyyKyl42UxkOw2UhkAA+lELA0Zwj2E4SI/gn0TvCXX1DYxu3AVbV3NxOmAEn2RqImTS6LCaeGAZkfhVs94Mh005x7rrKWSrx8wCc7j2UxlvpKfDgzJVipbpdMqzT1dcQXOyD7I7LVDGQT9SsBpbsxukJrhkKA/Ev6gLKWNnACfgNbgJhdpOcpjpwBjCMBpR6Hudg7lRpqlkY3OUKeZxIwFHcx0xGVYuWRPqt9u6b53DOOUWKkYSC/lS2wtAwOyoTKO4hR055cN0fS1gGTjCe7SO6jTTDhQmMD3ztZtGclB/nzHBA0pBpJ45UqNha0FpwUYOMg46JrN8YPuiBwjBaAnYe84Ltlx4x3UbIo4BFx5yo09S4HDVKLdaG5tLEC54wUHyYLkskTw5Jjv37p4p9GCRlAqrzT0wIhkCparqCWbLY35SZ6hRBcMmiNVT0n1kIE/UsULcRPAwsnPVTVBzLIgNeCcELJLU/ouNXsua3qWrqv5YeQ31BVY+unlGDK7H3Qsb5XDk9lknfJvkZGpDXPc4klxOVwEgriWoDdKlLdyxka0ggfnchdODyUPxQDgNXCSdwNvuqU/ReA2E8ED/wCao4Y475JT2xgHJdsryBjITxgBgNSFVO0eR2PROaYMb4cVHklA4CPICjySHVdX+KYfZB8eTWX6jnPYoPiuceEkO8YlgktudwpzmCtmb/4jhXtJ15VNYIrjb6araBglzdyss8Z7pJTtknwEbtsXQnUTNUUj7bVu/A53kz7Knu/TV3tI8eJ3jwHcPicTss83GckcK6tfU1ytuI/EM0PBjfuMJkJ5BnFSFb+p6un/AJNT/OYNsO3IVtDVUlYNVPIGvO+M4KI+j6c6jg10mLfWHcg4GSs9W2m62iTM0JcztJH3T4Wyi+BM6M8mi8OrB2aRng5UiCuuNINLgZG/0u3Wcpb3IW+HPI4jsc7hTI+oq+gaIZo21EB3D8eb9U13xaMrpknye30dbBWNDshpPYlTDEAM8grPtjppP+znDgM4yjQ1tVQO1VGXxnbHovz9KJ+to3ZLYsOCoc8DZtnhSKa4U1W3+XIMnseUR0OTkJbbQ1NSKCtshfh1PsVFifX0L/DlOpvbK0xZp2ygvpoZd5GakDywdvtFfT3GJ+Gvy0qc17XjLTlVlTa3NcTA73wUCOeopXYcHABRLJaky7AwkodPWQykAuwT6qbpyA4HlC44GRkmOT0xOyEJo3I6kNkxJQLIV+HgB3ZBno6cgEN3Tndt04cYJULID6fQ7yt2TmVckZGBwpmkHOyjS02vOkYUIngk09xnJHmBCtIaxr2+fKy8kVXTuBYNkWGvmBAfjZWg1YzSGnin7gqvqbM5rtTItz3CZTXPBGdyrKK5MkADgiwsDVPJTGKuhOOyJGXuGHDB7q4cIpPoGD6KO+kHD2Y90uUEMU+CIC4HLTg+xV7Zuub/AGN4D5fmacfgcckD2VM6nkDv5YB9sp0kcjRiRmn3WayhMOMsnq9l+JltuLWtLxBKeQ/YZWop7lSVbAcgE8OaV87TUziQ5u2e4Uqg6j6jsjh8tVGSMfhdusktPkblH0N4cpOY5QW9t00meM+duR7heY2H4pxuLYq4GKTgnst5b+qqauY1xkjlYR2KzToaDyWgfG8YwB9013isw9hIx2BTg2Cpbrgdg+iZ/Nj2IyEmVbZYWO7Na4NmYWn17KxgrI3tBZIAVS6Q48LmkDjI+xS5RwAaRtXM3h+QjiojlAbLssxDcJocAnU33U2G6QynGMFTIZay2+2VG7mtP3CoLt8PbXcS6SNoY4/0/wDRW0NVG8jHdS45TgAcKk8k3SXR5VdvhneKUvdRt8Zg7LI1ttutrcW1VNNEM84K+iBM5o3yc+6BWUVBcYTFWUkcrT6hETez58iv9yowGxzuc0bgE8K9tnxEniDRVtIDdvKt5dvhrY7iCKdnyzjw5qwfUHwrvVtzJRg1UfIPKpJMreaq09f22sc2OYubnucLUU9yjmaH0lSw7dnL59kp6+2ymOeGSJzTuHAgKXRX+vo36op3D81agXk+gf4tVQAF7SQpNJeaafyvOh3fK8rsfxKqGBsNzDZo8Y8w3C1FF1P03cj5ajwXO4D1TiQ3bKiGQ4Y8O/NHY7I4WPFNBM0SUtW453Gh2E6CfqCmky2YPj7B4Qi2bEyOb3yk2c5wWrPw3/w2n5yItcOSOCrCmu1HVtBY8A+5Q4FvBaamSjL2td9woU9gt1YS7whG93dqI13of3Rmyb5HZTLIuHwZq5dHSwEywtbI0+ipai2yQ/3kL2L0UTnABymTQUlS3TOAVfyscn7Z5y1kkbtUchDh7qfDd60MET3ZHvutTP0xQVbSKcmN+NiFnq7pW+UDPHAbPH2DeVas9lucccEKroun7y0R3i1wSn+tzf8A5cLF9T/COxXCJ46arZaKV2+gSZaVrS4My2ojdH66hhcjgopjmkqg2X01co/mK76PN6f4K9dU1EallXTVbWnHhjOs/b1WauVsvVoldDdLJVwaTgudH5V73R1F4pX6WEkN59MK1F3ExAr6cFp24yi3cFcnyzU1dEMBx0n7bp1uulZb5/mLVdamKTsQ87L6SuPQHQV+Y6SqsUMkj/qc06d/tjlZG6f2eumahubLcKi3SZyHEeIB7YyNlasz2AjG2f4s9W23DKyaG4xjkTxjUf8AxBaa3/HS0ySNiu9hqqY/idA4TBv5YGFQ1/wL68pQ826Slr42cODiw/mMFYq5WXqGxuxfLHW0r84OuLy/k7gosoCUkfQds696Luoaylv9M2R3Ec58J36FXYZDMNcDw9h4cO6+U21UTfqy0nsVNt9zuNDJ8zb7nJSuHdshaqa3dBxjuXB9Qtp88JjoXAbtOCvD7b8W+t6DSye4xV8beRPHkn/xNIK1Vv8AjpQyPa2+2mSn9XwyF7c/8p4/UodpNiR6CY8HJC66nhmGXsBVVZ/iD0TfSIKa907JHcMmyw/utARTux4Dw4H0S28FSbRXfwynJ22TH2xuMBu3rlWZpyfN/qmiORg8429VSZE9pTOtWo50IRtAIxoV2RvuOU7DfQKbi9/9jNS9PNlBBaP0USTptjBkhp/JbDS07YCC6mychVkvf/YxNR0607eE39FW1HS1M7+8jac+y9GNGCMOaMIZtUDs5YFeSvkR5jL0XRScMaPyVNW9CRlxAhaR64XsZssOdmhRJbGdZ0jZWngjmmjxSr6Ga3inbx6Klq+kCw4FOMfZfQEllLceQH8lEqbG15AMDf8Ayo/kYnCZ88S9JOz/AHTW4UObpyWPGNsL6Hd05b5AdULQf+UKuq+j7e84DBv/AIVTknyDsPCaakutBKJqOvqIXt7xu0/5LRWr4k/FCyENoerK1sbeGvf4g/V2SvQ5uhYQctiG/sq+p6BcRmOJrvyVJx/RNo21/wBpP4l29oFxZb7j6+JThv8AkVpaH+1nOP8A55dARPceX004af8A6oLFT9CVTDtTtKrqvo+qp2a3UhIz2Ctxrl6KcJPo9vtv9p34b1zw252y5UL8DX/LbIAfyctTQfFj4R3gN0dSU0Wr/wCSNUWPuvlc9OHvAfzagT9P4AxFhV8MSmmj7Opavo65g/wq/Wyf0xVt3/dTh05HI3+UA79wvhltmLHZ0Z+6nW66dSWmfxLTdqykI+kQTuZp+yqWmyLzNdM+0n9MyA/Qo8lhqG/Q3H5L5Wo/ix8VracxdW3CTPaaUSD/AOqBV1S/2i/ipTYE1ypX47vpgSf0CS9NJ9F75+z6KNgqTy0H7tUR1nOstkpmO99K8dpf7UXVTdq+xWyqBxqwHMz/AJq8g/tTQ4HzXRukY38OpB/zaqejs/RW9s9Ib0/TYyaRoP2wnfwOMfSzT9isBT/2nukpD/vnTVwYf8L2uH7Kyg/tI/DiTHjUFzh+8QP+qU9NYvQP+TWi0Ts3jne0/wDMURkN7g/uq9//AJis9B/aB+FUwGausYT2MP8A6qdB8bvhZNuy/eF/zwuQ/DZ+hU4p8F5FVdQxEEVbnfclHN76iiAI0O/Iqpi+Lfw2n/u+p6b8xhSB8S/h4/jqu359C5T4mZ5QwWbOpeoW48SmJB/pblSI+o7ocZpmnPsqhvxG6G/D1LQEf8//AKIo+InQ4H/5wUv5INkibEXTL7WOHmom5/NOF2qzxSgfqqMfErob/wDTtL+q6Pid0MP/ALN0v6/+imyRPib/ABRefxKvO4jIXW3C4E40lUY+KnQ/DbxTE+gd/wCiafir0iBllWx/2V7GT4Z/o0wq7gRwf0TdVwJxrP6LKyfFvpmP6fEf/wAqF/7X7AfpgmP7Jbg2RUz/AEa8Mrz/AMQ4+yeWVJHmaf0WLd8Y7TghlJJnt5gob/jEzfRRv9suCH42T4Z/o35dKDuT+ic1mdiV5wfjDIScUjB92hCd8X59/wDd4/8AyqbGEqJ/o9PEII5H6rvgD1Xlp+LVRyIWZ/5UCT4q3B4w2nxjvlTDJ8WD1rwAN8paBwRkLxt3xOvBdhrcBNPxGvbuBz7JipmyfGezeHTH6o8n7rvh0o3MRA+68VPXvUbz5Wnfuuf7W9Rv38acZ9HKfFJdlfGke2Yt3BYUwxWzGcleLHqLqJ2/zE36rovfURP/AGqb9VNgLqTPZCaAHY/uuGShA2IK8hZdOoHbmqfv6orZ744eardg88qbClQj1T5qga7cjCf8/aQ3eUZXljW3UjLqh36lEbFcTsZnfqVNhcqD0l1wtednhNdXW0twXYXn7Ka4H/jFSWW+4u5mJ9lHHAHwo2Dqm0Ek/MfkhfN27PllCzQstedyPzyitsdSTh0iHISikaH56j/78JGuo8f34VKzpyQ4JLv3UuLpgvx5j+6rIeEiX89SZ/vQui4UvAkBXI+mAMaiCFKj6YpMbghWA3ghG6Rg+VhI9V1twYfpicVbx2mla0MMIwFJbRwMaAIm7eyvAuTRRid54ppHA+i6TUy4ayllH3WgbCG8MA+ycGEKC8/pFEKGuf5tBGfdObZ68kfzSPur7SUQNz3VASkmU8diqNvEqAFMb09C4DxJQVOAbndFHHKgL5IA6doWkck991IZaqNuMsJ/NS2pagi6FtbgQoaEDHhO/Vd+Toh/win62+qXiN9VOC8HcQhulseMJYbyAlqCWoKCto8DC6h+KF3xAVOCbQmn3XWjB5S5SSgNoUcLqYkoDgekkkoBgSSHq9ktXsjJgJkroJyuJKECA7crqACc8ow4RJlZR1JJJWVwJJJJQroekkkoKSyOSTUkLRbWByc1NSVAhDvwlwF3ASwAr38YF4HYyclLH+H911c+pCsso4ug47LiSsgVJMSyEAY9JD1t9V1GQekmJKEHpJJK08kG5KWcriSZkgkkklMgCSSSVZIJJcG/K7geiHeQWQlkJbBcJCHcQ6kuNXURDqg1tS+nyWxl4Hopo34XCwd1clkPOCqivtE5oM7pYnDYjCkwXW3Tu8OKpbq9HHBR301K7eSBjj9goE3TVrqHmbwdEp/E04QN4DzGSw3gsv8AXhMLnMxkbKoks96oW+JbbkJC3hk5zgeyfFcblA0G50efVzAii8gOMfTLQyFwTm4IIyFEgraWoGWOG/ZHALfM1OBC+fPdOJ0jJ3QRLODjUMfZFbICPNyqINc/UeOECejp6kaZYwc98I+B6pafdGEQ/wCDxxjVBIWO52UZ0VwpJDqIlae6uUNx1chSM2hjKsvjePDqqdpafbhRamy0VV5oZdGf1CujGz+kbqJLbmSnUCWfZPhcRMz1RbLhQ7geLF2xvss5dbDYL2x8VwomMedi7TuFvZaesp2kMcXtHAVVVQR1O0lHpf8A1NGE+vVOt5QUZYZ45dPhZcrbI6r6NvLonjcRncOUGDr7qPp17aHrKyvaxu3jNGppHqvY/lKdwxDKWvH9Wyg3G009bCaa5UjJozt5hldSjyL/AKjTHUSj0zCsrOkusqfTS1UDnEbsdhY6+/D2utcpq7VktznT2WvvXwcsk0hrrBJJQ1IOoBrsDKrxT/Ezp6INqIm3KlZthzcnH3Xc0nkIrqRpWpzwzExXOppX+DXROY4bbhXMFRFLGDs4OCsblWWG6sEV1pDQ1JzkPbgZVNJQug81HUMlYeNJXf0nkIvtgtKaI9yskFa0mICNx/QrDXu1VFC/VLHhpPPZegRVEzHhtQDpO2cd0aaKCpiMc0LJGHbDhld/Ta/DWTia7xdWoT/ueLVtqpqzzDEb/wCpvKp2/wAStEpL2meH23OF6hfOkYmB1Rb9QPJYCsnV00lP5Z4SM+y9DptdCR8/8n4iNScWimZNbrg3ykMf3B2Kh11AYm6gMg9wiV9j8V5no5NLudPCiRV1bROEFa3Uwf1DK68dRx9rPD6zxMbMxaIb3lvO6gXG3RVzSRhj/VaBwoa3+7wxxVZWQywO0kfY9itddu5cnjrtFPTz2lFTPuFpfolaZY88gq8pqgVDcjuodS8Pj0uHKhx1MtKfLuPunCJQLwuITPFLTxlCpp2VMQc12/dEk2IGMqS6FNM68tlaWvYCCMYKw3VHSTQx1Rb2YwS4tHf7LZvOSPZMlbrAHP3WZxyNqslVJSizxiWAs5H3Ud0Zbw391u+pOmGh76ykaQTu5g4WNfHhxaRgjkLPZXk9JReropoi+G3sueGD3Ri3ndM0OBzhZHHBoznsCYgcnSoz4RgnT+6nB5AxhMJaRjSg2hqWCtDSCRhcG3KmPiDjkNQnRnHCHA6E0gGSMey6JDjCa5hyuafdUMyh2s9zlccAdiujldAzuUEy92CFM30CjqbKM7lRXNOVkksMdGWQsZ0uyrejnyANiqRymUc/hkNJzhZZrKN+mt2TwzQRSZ3AVjFM7SFTU0gcFPikBAGFjsjyeo09rSwWcMugjAWit1QHta0u2xkLKMdjGVbW2pDcsf23CSdnS24lyaA+oKefM3BQonhzAQc7LrZAdlDswnxyQaqPDlB5cRnCt6tmWlwCppgWvUEW/a8ourdU5/ln0Tn5EhVVQTETNPG6tpiHYc0cqdmiqzfBEavGYCQFV0ri2QK2nALcFUkg0vIRRjkz6h7JJl1KRLTOLhnHCphJhxbhWsLw+ka323VNVgR1IaNgVqq4M2sxJ7gk4ErfyWJrIjHUuB/rW2adlk70NE+sN2BOV0qJcnj/ADtO+reGosHO6sIhtsVTUMmSBnfkK2p37AYXYrllHz+aIlWwtqNeOVJp3EjJQ636mlNgmGkDCeC45RLk4CHKcDKfn1Q3/SVBb7G+LnbCh17AIted0YHzAYXK+PNPgBJs5WBq7K+N5ACfI3LcoEYwQFKDg5qQaAUX1gI830IH4kR28YymNEwRXgbqGPqU2TbP2UHOCkTjg0VhBwungrg4ThwUDDREl21Y9FCd/qVPlI832UQnBWezs0Q6HxDcKdTKDHyFOpkVTyIs7DpJJJrFMSPQg/MNwgKVbm6qgbLNZLAymO6xF/C1rcAK9tLR4odjbHKzrNQzlaa2BvygcRusFkuMHptJhWJhZ3HJUKQ47qRKcnlQpnAA7oqYbngmsuUZORNs1M6qrW6R9PdbmNmpwaeAs30hAGweMRu4LXULNb8+i9JpI4jtPlXmb1qLm4lgxnh0oc1oHZbvpqmjp7c1zWYcRk/dY1kTp5YKVjPNrBP2W+p2CGmbHjGBhdJw4PN2yeMBqTJmkJU7GFDo+XFTCNQLc4zslmLGSr6qrn0dmkELgJpyIo9+5U3pqg/h9riixgloLvd3crPXMfxvqmitLWkx0eJXnOxPZbXAZhjRsEI38YqIKd2Bn05TLMx8sr6l7e+lufRBuj3siDIned5xhWtFCIIY2YwcbozO3gmJJDhJUUJccurjlTGIa0knGVIBGEIjKQz6oE2gA2QAclZ+sqmtke95Aazk5VncKgU0OslefdZXr5C01EurBdlDOWEOpp+aWDyjrq6P6p6tMTZSaeF3hMHoc7n/AOX0Unq++s6a6e+XgeNegcHBVNZ6eSas+ccM7l5JWc+Ks7pGxtOd8Dlc6y9bsHr9L4+y3Y4/7cTzupqHVErpXcuJKAnlnqVwswOUSkj00Ek+Bjk6IHVwmk7/AGUilw7OUzIxywguzWDsUEnJXZiM+U7Lg3Vi2Pi5GymyENjAHdAp4skEhKrf4bgxHnCIDcSXJ5xpUYHLslFaSRsVnbyy0McN9kPgo5CC8YQtYKYaPflODUOM7gKU2LIDh3VxlngfCPISDO2VLaCBwgRDGApeAAMIuzoVoQydwETB9F3SD2Ti0HbCWPVbI08QIyB2UNoMbtgrIxj0UeSAuPlChXxYeR8UrjgHunVkDZItxn3QYhpeD6KeHAtGRwrC2buGZeogEMmn0TBC2THZWl2oi/MzRjCq2yGEjIU7MdkVCWBstA5u7R+6jSRPj5arylc2VoDmolTbDMzyYB90vg0LTbq98DMkdkDTvhTKmnlgkLJGkYQTwltZM+GCSXTyuKihJJJKEEkkkoQEkkkgIJJJJQgkkklCCSSSQhiSSSUIJJJdAz3VFA0kkkosSSSShB6SSSMgkkklCCSSSUIJOY3U4NzjKajUzC+QYCuP5JAt4LWJ38lrfRcdsE+MaYwEB42Jyt0YgSlgBMclNXZeVxU+GAJKRPQZOQkyWSDVw8LuMAJIQgZBzlMHKOdBz6oWD2VBjhwjIKMoQSSSShAkLdTgAM7rd24EQsJ/pCxNuANUwELeUwAhbgdlDq+PXslNOOyehtRMhQ7cJ4HE4TozkphI2TouSrQ1PIccLq4CNguprWUE3gek3lJJAEpZDjhPyPVAyRwUsn1KguUsjyMd1n+rJy23uaDuRhXrzjG6xnV1S98rYQcAnJCPPBy/JX7KWv2ZnsPsugDuuJJeWmeSOaMg7psFNPUztghZklF0k+Vo3Oy3XSXTHgRiqqtpnYc0DsPdaKavlYvU6iOnjmRadKdP/wAIogJAHTSeZxHb2WopaZxIOOyVLTFpBdg4Vg0BrRsuzp6FGKPIajUStk5MdFC0DdqPgAbJg2afsgmZwOCFrUcGRvIck5XCSe6YDqGVwkcEhQg8PxyU0zgeib8vUTuDYWFyu7f0hU1ul0jTv2QuSR1vH+F1fkZ4qjx+yjDJqkjwY9WPRaOz9LzTRtmnafstdbelqSjhb/LaNt9u6sRogGhjRgbYS3bh4PpHifomimKnqHul/wCRTUVlpaZpHh7/AOSsWwaMADARRlzgdGEUNJ7Kps91p9HCiChWsAAwnlODNsYRxEPqwmJTm/Zq24QIhvYJh3Ts4THcISugbxvlBnfpxjddlkAKg1NVH+N2FYuVqiuRVFSG7ZCqK+viibiR2FCul9gjkdE1244WZrbnJVEh3H3USOVqtao8RZPul5gBw12crPz1XinYYBSxrJJTPDLhseUcYZOHqNXOx9kdwy7ncrvhA91JFM44OEWKlIIynwhg59jyRBTN40ZRmU+/04Vgyn2B0/uiNiDfwJ0YmZ9ESKlGOEVkGjuCpHlA2GMKLVVJjGAE5REywmPe9kQy4hV1bcWDDIjugTzVEzsMBIR6e3AESzYJ7BGkJk8kQQ1tS7zjYqbT0EdPh2ACiyzmLDQmAzTY1u2VYAS55HueY/LGMA8pnmduUQhrBkhBmnaRjGFAmlgdqABKA6fIIwEGSdu4BUN0x3G6gmbJTpMn6ggnlBBc48cp4Y7nKjBUHIc/DjwnMY3khJrcDdNe/bAU/sSUdoVpa3uEGWYMGxyo75iDsmsa+UjOyglpMT6lznYTmQveQTthGjpGtw5zM/mpbYmtA8qptIpVZARwDbLf3UgMGMJEA5GeEBzhvup8hXx4HvIj4QnSeIdxgcJkk0cX94/GVSXa+Mja6CF2/coLLYwXJRY19xp6MljXazjkLO3C8TTNLAcAn88Ktkr5ZPrcSo+sk5JXPu1XP2gtZE85cuDbhLGUsFZZWuXYag+xaneqWCugJaXOOAEmVmAkm+ENym+K7P0qU2kyAZGp4gaOAlSsyNjROREALs7YSjic7nhTXQAH6VwR44GELtbHQ037I3gHuEh5c5HClaCueGDshU2hj02eiMZdtmoJkcdlP+T1b6f3S+Rz+H90XysS9JN8kDURvhc1AlT/AJEdx+64aCIDON1PlYv+NNEdjA4ZTCDwESSKdpHhDZOa0t+tu6YpZDVT6A6T6Lmk+intaAPpTHtDvw8INyKlTghpDlGe0sO4Tcn0R5Eyg0+TplLfMM6vVaG2dVExtpbxH40QGkOHIHus6Rlda33Vxm0yui/unTjZT87bHh8Ug1AA8Kmiqp6J5jlaSM4IcEa319TQuDopHFufpJ2P5K6mjt19jL2N0Tgbt4z9k7h9CpvB66+ggqJDNRTCN430nuo3z7YX/L1wDTx5hsVJkgEz/FpJxqGDjOETRHXj5e4wNyOHEb/qvillWD9H1arPbIr6GNw8alfoJ3GDsiQ3GspCGVA1NHdBkoZ7Q4y073SwHYtJzhdZVw1J0nLf+ZJlUzpVXL2y7hniqGBzSN050Xdqo3QysOqB+CPQ7KRT3OaLyTt2HdIcDVGaJ74R3H/VR5aNsoI0g5/UKXFUwTgEOGSuuj7tStu0ZwyhqLLJHmSnec+iDFWVlG7RKCWjsVojlux3QpqWCobh7Rkq/wDJNr9AIKmOdmtjgc8j0RW5PdV1RaZYTrp3lpHcJkdbU050VLMgdwhIpS9lqkgw1UUw8rh9kUEFQam2dSzhJJQMekmJKDMj3gHlCko4HDIbgoqcoXjJBdTSs+hu33XBPJHgEZwrE4cOMKM6FruR+auSyEkx8NwkBGcAhTWXIbCYFzfRVT4CD5RhNaS3cnjsqJlmg0UtS0PpphHKOC4ob6mopSBXwaohzI3cKpjm/JTqe4SMbokOtn9Lt0DjkbGWCbEy3XHBo6tmf6SU6Wgmg2cz81FFBbJyZqBwpajnPDSVYU9TWwxhte3X/jbuCEPxodGxsrJrVDUZyNDvUBQwL7Z5A+kqXFjeACSFpTHDUDXFs72QHNcwljx+oSrKshZaC2T4m3a3Pay4ecBek9PdfWm9Nax8zWPO2HHfK8lqbbBOCdIyqme2T02XQucB7FZ56dMKM5ez6XLWO3bj8kIsyM5XhFj64vlmczVUvkY0Yw452Xo1h+JtnuIbHcHeBIe/ZYrKA8+zWOjBOAOU3wNG+ydDWU1ZGJaWVkrDwWuRxnnQsrqYzKIz5ZWjGoorLjVRNDdRI90R8bHY2Q30ucae6pwaITaa+DZswVpFX0z2giQb9srNvpH4yGqO5kzNiC1BgtRTNnG9kg1MdlOeTgNDuFiGXGvpyPAm2HYqypupXxlrauPP+JqLJbjgtLhY7TdmOZX0UTy4fUGgFYu8/B+jqQ6azzGOTkMd3Wxpr7Q1DtOvSfUqyjkY45jka77FXloCUWzwm69C9QWZpfPSF8beSwZwqYfyiBwV9KnztJcMn3Cztz6SsNzPiVVCwS5JL4xjJ9SrUgcYPIqC/XOkaGxVL9I4GVqLR8RZI9MNeNQ4yUW6fDCYOfNa6gaOcO5CyNy6XvdrcXT0he0d2DJRJbuSHp1L1XZLm8RPOknuVZCkpJhrp5Bv/SV4e2pdA4buY4euysKTqKvpsGKqkH2eUMopAHssIrqc+SoJaPwuOVMbeZoxiSBz/wDlXl1s+IVXHKBWDU3jI5WmoeubNUOayZ5iLuCe6DayI3FJd6ecAE6D3yp7WibdhDs+hWTZU0VQwSw1ETge4cpET3D6HkfYoMBmk01UGHaHADuFIZXFwDJCqCG919MA0nWwdnbqygvlvnaDLCWP744QuLYmSz0TJIbfWtMVVSMkafVoVLcvh503cCZIn1NG7k+C/CuW1lE4BzBnPuitmp3bFwZn1cgeYgKco9GPd0X1Ja2fNW26RV0LT9Mmz8eh9Uemne0ll1tM0DTtrOHDP5ErUgRagGy/V6FHdRhzRqcSD6q/kZbtk/yMr4VMXZo5ix3OCMBHikkGGvIK0bLXCd3tz+QRP4XBtqhAH2CF3YFO4oWHJypLcOaNUYd91NnsZwX0rt/6SgPpa6mZqqKV2j1bui+YVKzd0Ulz6H6Kv+Rdul6GQv5exvhyH/xBYa6/2culKsn+E19TQscc6HjxAPbsvUYKmke8MEgBHY7FTxH5QQ3YqfPJdFq2a6PnO5/2eOrqAyOstcyugb6gMI/UrIXDoLrS1B76mzT4YedJwffK+vo/LtzhOw0/U0FF8/pjPnaeGfFL6eoY0Cppzgeg3CkUV5vNml8a03KppccaXL65uXRHSt71PrrQx8juX8LK3T4J9KVpd4HiQ6u5OcK1YNhqK32zxu1/Gfq2iLWXB1PcIm/983z/APm/9Fq7R8cqCd7hdrVLBGMAOi/mc+vGFYXH+z1UsjdLQ1Ec7BweP9Vi7x8H+pLcwvjoH5HYAlXlMOVlcsbWeqUHX/Q90b/JvMbH43jkGnHsr+FtDWQslgkY8EZ8pyML5kqOkr5R+aSilaR/gKixTdQ2uT5ikrKiCRvcav8ARVtyEoqXR9T/ACjRkNHC42nJOy+d7f8AFbr62NDZbiZgO0wLgtZav7RFdBEGXWzxzFoxmEaT987qnHBbrPXXU4GPIU1kOnchYqg+O/R9cWfNwVdM539TAVrLd1n0Xei2Kj6hpfFIyI3nS77cqN4Eyi0SPDbwuiJv9KlujgP90c5SNMQNWDj1QbyuiL4AI4Q30jSN8Ka6JzRkjCYASdlXyF8orDboQf7v90I26E8MAPqrcsHJCZpb6BT5UUyjloHk+QjAQDQyj8IWiEMbuQkaSIj6f3RqSYWUZaSieDggfohPoidixpC00tCwnZo/VCkoG4zpCm8NPHRmH2imdgGmb+gUSo6btb25dTgZWqfQHnTj80L5Bx3wi3sF4Zi5OkLY4n+T+yju6GthzhuPyW5NGP6AhGkHOkJvyMW0kYKfoCnfvDgqtqOgcZ0xtP5r0x0OGkBuFHFI9xJxhRW4K2o8uf0JUgktpGn81Gk6KreTDherGFwK4WHbZM+aS6K+NHkp6PrB9UTf0TT0pUgZMbf0XrPhNPLG/oueBGf+E39EPzSfZPjPIx03MHYLGozOnZMbtYvTJLZRl5cYOUF1ronDHg4U+QGVWTzn+AStOAG4R4bDBjzDdbaWzwDeMEeyDFbow7BYBvyhyv0LdODJf7Px58j8Io6bJA0zcr0iDoOpqYhPHV0j2u4w/cI0XQVWDvVw/qgyiKtHmX+y1QSND9SeOnauDBdhes0vREjCBJXQD81bwdI2VjQ2uroDn3QykolqGDxaKjERDHkb+qs6ahjOCC0L1yPoDpOoOprmSn/CUeL4fdPMILYEvKLfR5THQgkYUiO3F22nP5r12DomyxgYgCMzpazRnam3Q7kLbweTssjjg+CT+aNHYXHA+XK9bZYre3AEAwpUFrpITrZTtz7oZPJPlweTs6bkcN6dyMzpd7iAKc5XrraeHP8Acs/QIop4sf3TP0CBIp2nkzekKggf7rsjxdIvJ3iIXqrYGZ/u2/oixwMx/dNP5IcYFO3k8vZ0aefD/ZTI+jgAPIP0Xo/y7O0LV1tOzO8TQryyvlMDH0njA8NSmdKDbyBbsU8YG8bf0XRBHn+7CvLFztMSzpUbeRSGdKt2OgLZiCPH0BNETAfoCmWgPlZlm9LtGP5QUhvTLBg+GP2Wn0NAHlCWB6BK+VonysooOno+HRtA9VIFgpwc6R+itslLJU+VlO1srW2ambj+WEVtrpm4PhBTwx2fRdDB3Qym5AOTZEFFTgY8ILopIAciL91L0N9EtDfRBllbiOImjYNC6I88DCkeG1IRgHIVptE3AtBxxsnGIHujFgQizc7ot5MjfCb/APKE4MGP/ROxnsl3x6K3LILlgZgJxAHZLUE07blCXgYXAdk11QfRcM8I5chOq6cDn9kYtrLH+O4bYS+YfnbI/JRHXCAHCb/EydmuH6K8BbeMFh40/wDWlrceVW/PzHcOGPsufPT/ANQ/RUBGPJbB78dkvEd/8pVQauc/8T9kE1c5OC/ZQP48l9449R+qXjj1H6qkE7zuXFLxnHklQD4y8E4PcfqnNnh5NTF9sqgMrjySuA78KynWkaRtVTY/vP0XfmqbtIs6Dtyu6vdTLB+M0nztKP8AiJfO039az+spFxPcqgHWjR/O0v8AWkKymJ+tZ7UU4ElQp1YNGKilPEq6yRpyQQQs3kjcFO8WUfTI4fmoC6smlyllZs1NW07TFGbXVQ/4p2UFvT5L/B9ERqz7bnUgY1lEF7k06XRn7gqA/wAafovUlUQ3wZ0vjOPXKOLzTHsUWQJU2RLBJRBc6ZwyCUZlTA8AtkG6mSnCS7JCSH48f9QXfFZ6oZSwVhj0kkkBNuRyc1cwewK7p9QmsUk2+AiYdiuknOFxCUdJyuJYSUIJJFSUByI7jCCQccoy4TjsoTOAHm1I7PpCWhvouqEbEkkkoUJJJJQgkkkleSCSSSUyQSSEkqyXgKeEwbpqJp91AZREAF3GEzAXCMKKQIRIDVsFzOQU9uBsrcsEGOa9hyDhdXTg75TA/JO3Cvskzun3T2puQugg53Qgjc5/JcdKwjTIDul4ZznC60eqKLSCAPtlLM3yeQnuNlDNBX0bwYah0rSfxHKs3AkbHCEW1A+k5/NMTIRGVrtXh1ERYR3xspDXA7hwKT21BHmjDvuooidC/XCC08OaeCryHFZJPjYOCjtn2+lQRUwA/wA0IokicBodlQko4Jer2SDAOO6EGZGcpeKPT91WC8HSw42OULVKwgkah+iL4nshlpfjCJZJ/ke2ojDdLxglDfHBKMOII+y45mQdkDS/tlTc0ydDJrPSTNwGgH1CgVNjqI4yYJRJj8LlbNlc1oDuyQrYCcaiD9kyNuC02ZV9FICfGp3BQJ471TAm2zCTHEcm4W8McVSMHB7qNNaIG7t7rRC7BfytHnEl5tlYDQ9T2aOJ7tpHTxeU/YrPXb4Q2yva64dHXD5WR3mEYdqY729l6pcbLSVjDDWU7JWn+oZKzk3RtwtjjVdP1j2HnwXO8p+y30a6VLyi1fLPB4hdqbqvpSYw9S2R0sB2E0Yzt6rlJVUNeA+hqAHH/huO4XuIvj5Iv4f1ba5GxHyucBlpWR6q+B9h6gjdc+ibi2grRuMcZ9CF6TQeZ9WD1dFr7jCtwzImi/NUl3sMFyjc3ABO4PoUW6jq3oeYUfV1tc+IHDamNuQ/3UqiuduujBJRztJPbO4XqdHro2cxZl1NNWojiSPNLv03cLY4vDC9nq1UdQyKZhZURAn3C9pqo2FuiaMOaecjKxd+6LbWOdPb5Bk5Og7L1Oj8hn82eQ8j4NZ319HldXazCTPRvII3wCohqXyDw5zuNloLlRXC2SkVEDgB3wqmrbBVMGGhj/UBd+jUqf4nzvy3iW7MRXJWVFM541sIIHZV8rc7EcKXUOmpH4IOPUd1Fle1+CDj8l0oWJ9njtVpJ0SxJAYZn0kwcw4B5B4KtG1bZ2jZVNRGXDI7IMNVLBKNPHcJjeDDOKZdk5SL/UoDK5sgB9V0PDhkHlFhNCtuBszg84xlZW/dOQzl9VTNLXHctH+a1hZ6nKBIzOwWeSyNrtlU+DyiWGSCUxyDBCR0uaBha/qCwCQOnhZvyQFknwGLnss9kDuae5WxTTAGMHsmeHvlEPKcs2w1ZyBMfoEx0eRvspOAhuYCEqUC4zIEsQb+HdRwc52U+RhPblR3RejeUvDNMZEXGCE1Ec12c4TdJA3S5jcjCMoL2Y4CkYG+/CY/BGxWeUcoYiI4b4XYnFpSeDnITeHLLOOBqbXJc0M+QATurSmcSQVnqKTw5RurunlyAfVInE9BoNQ5R+4tGnOMFTKaTDwcKsilAxlSoX7A4WOxY6PQaa32aeiqCWjKlNcBvlU1ulwAD3VjnOEJ3KZ70mSpfM0qoqhg5wrSNzS0glQatueFA7VlEKKQtOyuqZ4lpwHHdUowCptPJsAiTApnt4JkhLcA91T1rNM5x3VrnKg3BgIzjJRRRL3uWQ1DIPDDDzhV11YRMHjsi0L9M4B4TrwzIyFogsGTUy+SlNEKObIHG6qb5FGW+Jp+pTYt3Yyo92YXU/2yt1B57yP+ppmigos6hvwf2V3BIBg4VDTu0PGPUq6gILeV2aJcYPnd6wx9UCcH2USDIdgqdKAWfkVXh2JHLQ3gCKzwTmvJSf8ASU2PsnohU1gBw5PqcPixlCk5C47JZjKXLoOLwysf5H7I7PO3HCHUuDX5KUZB5OFmzlj85Q5OPCanHhNLQOTk/ZV8hw4Kwk5KrpgQUq0fWPHCR+kprOyTwSNkljQDyd91GmJGMKQ9R5+As1o6I+I7j3VjTqth5arKnRQF29jhyiIY5REyYoSnWjeo/JQeFY2dp8Uu7LJaO0izMuadokmY0jYndaQtEdO1se2yobeAagEjgq7c7bCxz7O/R+O4G45ad+ygS6nu0jlSXvwCOyFQNE1c1pG2Vs0le+ZyvLahV0tv2bLp+kfBSxtd3GVqLe0MbnG+clVlDGGwt0jgBXMLBFCG9yMkr0lVeD5jZJTZb2WJ9TchK36WbrXPe7IaFnumIC1hk7Y3WgDhqG2Vqwcu15bRMpQWjcco1TP4FM+f+gEpkQAbkchU3VNbIaNlBCcPqJAzlLMyjlj+h6Qyvq7zUMPi1DzpJPDey1qhWqlZRUUNONi1oz98I88oa0tG+QowLewFNGa24l7x5IuPRXDuVDtMLooC543eeVOUyLayPTk1OVFDUkklCxA4SJykmSSiJpccYwgLj2U/U9c2MMpmHLjufZePfEu4vmkhomnDT5jgreXa5PfJPWPbnSTjPovJaycXK6TVsgLi5xAydgPYLBq7vijk7vi9NK+xRiglDAIYWsAxkbrD/FSEtjhcBsV6HTsLm5I+yqOrLOLrapGaNT2+YLys9c1fk+76Lwal4t1qPOMnhaR4RKmF9LO+CQYc0kIL3ADldyq35I5PGzrdf2sYSCThFj2HKit5UhOU2hT/ALnH5J3RYAdkMcqTA3OCQn1PcVLGCSzyNUSod4hypU+GQl3cBV+ov34RWS44F4OcHZGgPqgrreeUlPARM0jHKC9uyc3GOU/T7o39yL6IoBacqZRT+K7wzjhAe3YoUOqCUSDOAlPgdCe0ug3BJRo9tlGpJ452amnJPZSw3BzlXlHRonuSYVqI0YAJCYwHOVIYBhXg3wimAO/IXAwFGc0dk3T7qhnxkdzADsF2OTScYRnNQS0NUA2hZYW1EeCOQszcIPBlLcbBamFuRj2KgXCjZJC4ObvyCPVWZtRTuWUUlHUljgCtBSyiZoGQsvpMLtwrC31mCAUuZNJqNmISLqrt0NXEWOaNR4cFkrhbZrdLol3B4K2lJMC0EjKNU0MNfE6OUDJ4PogydG/TRs5ijzrThcIx3VrdbLVWw63gOiPDm/6qoe/Ks49lcqpYkjhXEkkAkakkm6vZQgNJPSQEEkkkoQSSSShBJJJKEEkkkoQScN01dAyhkiwaSSSV0EPSSSREEkkkoQSSSShBJJJKEHHhTbVH4k52UNWdoYYwZnN2J2TaVmYBMkAGQFEn4/NS5SP1UOflb8ciZvBHPK4unc7LoBylgyllBGjKBLzspH4SobzhyTYy08jEkkkoYcBOURrQRkhDAOUVn0hQMGkkkoQMuHhdSUIWnT0TJKvzjOMLatAA0gYAWd6cp2Qw+M5mXErQRv1Y25UO5oo7awy7krg3SUOipYOgnKKzhCHKI04CuK5LUshgcEDOyIOFGJyntdg87JiHNEpJNBGE5WUJcJwMpqG5wxlQGTwKoqAxuc7eq8/u9VJPXyE7huw3WrvFS2KmducnhY6R2slx55yiPN+Xvi8QiCDg7kLuPQLpAz9W60nS/TdRXPFVPHiEdnd0yurfLBwLroUR3MkdK9MOlkbWVTATyxp4HuV6PSUjIWtOBkBRqelipo2siGABj7qbETsAF16qIVdHmNVqpamW5kgNDeAjII4RSRwtRzrPSYUd0F0YJyCjNDnghgyTsMK5tXRNzrwHzYiY7ff0VuSR09D4fWeRnt0sc/8AoUTQX7MGr7LRWfo2suLWzOjOPTC21o6RttvjaGxMe8ckjK0MMLYWjQ0AD02S5WH03w/0HVR/qa97n+jP2bo2GhYTOwEu9lcyQUlE3yNa3Cj3e+toAWNkGvHHqqF1PdbtOXSSGNh35SlmR7mnSU6eKqpikv7FhLdGzyGKjBONiU6GnnJD5O6l0VtjhY1rWjYc+pUp7NuFXRvro28kRsTQMYTtLR2T9OCmHhVN/obhIaeFHO2UZ3dRnEDKUImCkk1H0TJJAxu2DlCmmaO/Czt16gYxxihfxsTlGlky32wqjmTJtxucdOC5/wCQ9Ssddr4Xucxhy4987BCuVfJVOGp+cbgqtkaDvlMVeTganWOz8AT3OkeXvdklNcCeEcRlEZTkHICbGH7OXZPf2Q2wudyjR0wGCppgGAA3H5pzIS0/dNUDNJMjsp842RI4BkEDCleGMDZMeWsACbGIiw4Y2hvHHugmVu4JC5NVsjaSTk+iri+SoOzTgojPKaXAOtuBDiyE57fmgwQVU/mnIAUxtJCw6i0al0l3AamCprPJxogh24K4Xl+zeD3TxCx5BeN114ZGNhsoKGNiY46njOF172s2DUKWfAwNvdU9TcdBfibOlUDKeCzqanAyAqqWrLyW57qM6oqKjB14CdDC4nJ5VZAk3LgcXyOKQjJIOPzUlsQAzhEbHjGGqNpEVb9g4odskIuljRldDwBgNQJjngqnyMUdonvGNsDb1UbJcXBEETnlSaejLSCQqBlDJDZSl7twp0VIG42wpQhaABpXHaWDAQt4F7BvhNGDj90yR+G7BMkmIOwQJakNbqI4QTlgro6ZAM5VdW3KKl+shQ7pfoIBhnmcewKydTWTVcrpJHfYeizT1MYgSeOCyrb4ahzhGck7Z9FVlxc4ucckoQxnbunrn23ysYtjUgSOCkutYXHHCS3wX3wh2pIEk4yjMp84LhspcdPCzBLN0uU2h8Kpz7RGZEXDjZHZFpOdP7o7QwZw3ZdYM/klyk5GiNKiNO4wuEZ7ooGF07KNYHxh7BiPfcLohbzj907V6NXDlCPUBOhadgFxtJMPNgYRByih+yhaSQHw8bFd0BP1eyWT6KFMbpHom6PZFTstG6hWCP8ALhx4Tm00QHmAJRHyADAaowlLnEK8sDalydkib+Efug+GMhSGRl3O+UdlPCN9O6mRdiIrKdjm+ZuUJ9AXnLcYVk3wGYDtgniOF2PBOSmLLETUF2VJonDG3PunMt8jhhrTlXkFtnk3LMBTIqER/hCdGDZx9XqYxltgUVJZ5C/MjdvdThZm/VC9zHjuCrRsLmj2RWs9Amrg5z1E89mkprkGkHJGw3CtGV5ma3U4OxwslA/AAKsaaoDRj1XiNR42uXSPb+M+rb4tQveTTNqhI3ScJlRDFMMFoH2VVFUFpGFNhrATuFxdVolXwfR/HebjbHMmMbJPSO8KQFzex9lIjngmHmAyiOcyVoGEF9GHeaPyu9ly50HpdPrflX9g4bo3YSMe6JFcXxnRINgq8VFVSvAmw5n2UlstPO3bYrLOlp9HShqIy6LaOoimA3G66WfkqYAxuyxxCnwV4DQ2X7ZSJwx0bIW4JG/fdBngikHmYFJY+N+7SCk4YGc8JeMDE0ymltxadUJIKH83PTECVpI9VdPGcDShPijkbpewEe4UGPhEWGtilGWqS12oZUOW1BrtUOrHp6KIZaqnOh4dpzgZVpEi8MuMhJRKepbK0ZO/cKU1wcgY3I4cp4IxyhpuT6qi0w+R6pZHqgZPqlkpmBpIawO5QpKYu7YC6yQN3RPHa4YLVRCG6EjgJrC9pOVNGkndMfDjhqrCIAbOTyN1Kgq6iJ2WSu+xOQo5hPbZPDSM7Kw08FpBcy1we8Bp742V1T1NtuLRre0Se55WPL87Jwdj6XEfZAGpZNdPa8eaF2Qq+ekmPkc3hVNNeq+jcAJS9o7OK0VD1PQ1IaydoY/vqSpRyEp4Zn6y3yglwbt7KGIiw4Iwt7Gy2VpzBIwuPIyos9ghe8kMx+SVKrI12ZM3a7/d7RIH0dY8NH4SdlubL8XaiEBt2ohKwbamLI1nTNVG5zot2+ippqWppH6ZmOAPfCyunAW499t3VdivMbH01whie7/hyOwfyVqGVJw+Aah9181BwHDh+RWisHxA6isuhkNYZoWbCKU6m4SnSFk92E/hf9rZoJ4XHmnqseHICsPavixaqmMC9Uxa/glvC1VuutgvTA6zV8Wt2+hx3HskTpxwHnBKkoIzuGblQp6CRnI2U10VzpvM2PxG+yaLnGcR1ELo3DbJSHS/RfyYZVup3t4agiaupJBJBK8EH+rZX+mGVuW4OUJ1CHbjAQ7WGpJkWl6quVNJqqoy5h9FdU3UtrqsB0wjcezlVS0UbR/MAcq2WzwPeXNJb9lWGRxN21zHM1NeC1w2IUeSIOzlo/MZWFlN4tgHgTyPjG4bqzhTLd1xU0+f4hTZjbtkcq1JgbNpY3Po+03Jz3zUjA5w+pgwslcfhg1ri631To3HcNct5Q9V9P3OQRxzGN5H49gVZOZTSjDQ137otwt5R4dX9I9RW5niS0Jkbn6mbqpDpIn6ZGuY8dnBfQpoGyADJx6FVFb0vY62UyVNDG547gYU3IDB43BcKiLZkz2j2cVfWzq68Uga1tRrYONXKvrn8NaaaUm3VJjLtwx3Czlf0V1DbCXMg8Vrf6TuqUU+Q8o0tB8QnB4ZcIQWnlwCu6brOzSnfj7LysuliOiqhcwjY6m4UmCaJpBBCJ1FtZPa6K5WqoYJoatrT6ZVjFUwT4DXB68ThqHlo8ORwB9CrOjvt3oQ0wVOoDs5A6kwXWj14Oij4ikdnnSp9NdfBAHiam/0v5C8po+vLnTzA1cILD/TytJRdfWOqLW1BMRd3c3/AKJUofoROGT0GG70z3gEafzVhHLDKAGyNKxFPX2itP8AutdkqUYqgAGBziPukTqb6M8q2zbxRAbgIohPJ3CxcF9uVJhnighvIerag6xpZcR1ADHd99kKjgzShPuJa1Nkt1S7W+mYHHktGFWTdKVTCZLfcZtt/DectVxSXSgrCBDUNJPYlWTCMbD9FW0FO2L5MFLJ1DQP01dpMkbeXxA5XG3+hc4NnLqZ3GJhp3XoMnHmPPqq6qs9tuDTHW0MMrD2cwFLl3giv/ZQU9fTTgeDK1/2OVIByg1Pw/sWddI6qpZD+OCUtd+qrn9J9TU2Y7f1K2aE/gq4xq/8wxlEmOjZXL2XLHEDAdt6ZRSWuHmOfus1LcOrrWRDXWITgHANKNbiPXCEzri0FxirBPTSMOHNkidkH7YVbmy0sv7DQy0FBNtNQU8o/wATAqiv+H3Rt0a4z2xsbj/3Ywp9JdqCreGU1UyQOGRh2/6KblHGxoa5WLo82u3wL6bqQ40E5Zq58Q5WYr/7PdQ1maGqiqHd2huk4/Ve3uG+Dt+SQB7FErQlfNds+Zrt8EOoqXJFADj0WUrfh71BQyFjqB364X2LJlwyXE/dQpKWknyKilY/7gInYg43Z7PkBg6ysZIpaqui9NMhIC0Fs+LfXtrbpkqXVGBg+MMr6OqelrBVnMtvjyP8IWcrPhTYal5dEzQT2IGEG9SGb4s84oP7QtRTNEd26cMoA38N+Pz4WotXxx6LuYHitmpHH+vBRLj8F4SNVO6J4xuNll7j8HWwuy6KTb+lqvASnE9NtvVvS93w2lu0DiRkt1bhWTX0cx0xyscecArwmp+Gog2YJMD2QWWHqS2PD6C6TwhvDWvKXtZUo56PfflTnLWnC4YHgdx+a8Yp+peu6EBjq8y44JVjT/EvqulwKumimH23U2srZ+z06SKY/SRkdkMCrj3fTkrF0fxdaTi4Wt7f+UYVzT/Ffp6UBssUrPYhEmw9vBbuniOzmOaRyCEhLBxg7oNL1v0vWYIma3P9asoq/p65ARxVMWeeQEzc/wBE2EJzIHHIeFxtKx2dLhsrY2iz1A0xyeb/AJkKTpuMD+TUln5pfyCpRKmSiHOEFtGB+Eq2dYq9m0VVt7hANrvTNwWn8lasyyipqKI5GGlCNKcZ04VtJR3hu74AR6hC/mM2lhI+wTt3AZVOock7ce6EaXHLVavMec4K5mP2Q7iclUaXP4UP5I9irnRF6D9Uz5dh4P7q9yIU5oiRjICGLXg5Dwrr5V2c4yE0wO7NV7kTsrIzV0u0JwB6cI7L5dotuw9lL+Wfn6UnUUjwMMCDfzgAPS9UQhobVUw1cEhWMd06dq8eNCc/ks/JQvDiDHnPoFxtmeRnIGVTW4j6NnR1HTsY1U7iw+5VlHcqF2AKgYXmstumAzHIf1XPlLpFgwzHP3KHKFSPWIamjeNpwpERhe7LXryaN/UcZGHAgfdSo7n1THjzjZBkRKLZ6rpjGDkBOAaQMELyv/a7qSlODGHkerMro+I3UMOM2/OP/oSgHxs9XbGCchFYzG+F5VH8WrrDgT214+0akxfGJzP76kkH2arLdbaPUo2AfhKJgLzGP40U2cGkn/8AJspcPxno3Yzb3j38NTImVU30ei6fZINwc4WEb8Y7Q8gOgcP/AAow+LNj2yx4H2QcAOuRuw32wujZYlvxY6bIyZJP0XR8V+mif72T/wAqnYt1WP0bZNcscPil00R/fSf+Vd/9qXTfaWQ/kqaK+Gz9Gz1LuQsW34n2A50tld+SGfilbBuyjlcewwluBPhs/RuMhIHPCwh+KzXDDLRLj10cqOfibc37UtkkP3apsyX8Fn6PRkuOV5o/rvq2c4p7OGZ7uYhv6j+IUzctZTR+mBupsGLS2M9P37tIXMryZ1x66nkHzd1ELO+gpssFzkP+89Tzj10uwj2B/wAN+2etSVVNDvNM1o9yo8l7s8e7rjAPbWvKW0kT3FtTdqybH9T9ijC1W7SCynmkJ7jKmwn8Y9JPVNjBx/EYSfZy4eprVjLJw77Lz+jszXS5hoHtPrLwrWGz1pA8sY/JTYD8RpndTUpOGNePfC6L3SO7lU8dhmwC6YD2RobFCDmXf81XRUq4rksTd4OQT+SRuZmGGtkOP8KDFbaeE6mMyfdSo26eMD7KC+EDxLINRjx90RrHHPkARcA8hdVgkYwNJ2ACXy4O236KTgpKEI4ohjlL5IeqlJKEIvyee4XPkf8AEP0UtJQhF+R/xD9Evkf8Q/RTV0Nz3UfBCD8kf6gl8kf6grHwjjOE3GNlTFWFf8m/+oJfKP7uCn6G+i74Y7BUA1ggeA70S8B3opxiB7JeEPRQvDZC8J39P7pCI53CneGPT91zS30UJtZGEXqEvC/w/uj+Vcy1QvDA+F/h/dd8M+n7ompiQli7kIZLJTXA0RlcMWEQTUw5kSNRSjfxFQO2WQYgPou/Ln0CcK2mbtrXPnqZv/EUGODkL5c+qXgvHDkKW8UUf/EUZ/U1vA+tXhi/gsfotGGRvlEiIHSnh6oT1Lb848Qp46kt5H96r2sr+NP9F4HVfIqfyS+cq27GYKh/2lo+GTlc/wBoISfX81FFk/jz/RoW3WpjOdWU8XufO5z7ZWdF8h9B+fCI29QnbNKPz3U2st6Zv0aOO9jh0JP2KKOoKMfU1zVnmXGF2CKimHtlTGVUTx/fQk+wR7WKlpYrtF0y82923iOH3CLHX0cpw2oYfzVEGxykAaD9k8W/b+4/PKBvAiWnWeDRipgPErSiam/1D9VmRA5uzXOBHAymmC6NwYXvwPdVhinpf7mpTRkdlmPmr1AQDFMcfonC9XgbOo/zIR4ZHppPo0yWR6hZ6O93TgwR/ZGbd60j/srCpgpUzRd5HqElUNulX+KlGPYJ4vGkZkpJB74VYKdcy0SVX/H6QHDo5AfsntvlC7u4fkrwBia9FikobbvQO28XdGZWUz8YlG6oLDDJJjZ4nHDXBPyPUKEwxJJZB4KShQkkks5UIJJJJQUCTwSmLrVGSccjtXuuZCWMJE4U3A4yDyUslPxn2S0+6mCYY3xD6LvieowueVLyqFBRLFwX7ruR2KY5rTwmvGoYBRkC5yuOY131DKDolactkxhc8Wfu3UAoWPNPTv5iCBLRBm8OxRRO4ctRBKDypgmSvcK6NwA3CIJWbeM05U/IQnwMeBsFC28gWStzt3RS/T2zlBdS4P8ALGPzTXMqWY1N1BWCSg4OHplNbG0nIUcvxjXkJzZwz3yoQdJD6DKjyU+sbNAIUwVELxjJBXCABkKLsJJ5KuSOri/u+Eo7jURYEgyB7qx2OyjS0jH8jATkRvI1lxo34EjMn3RhHFKA5hChyWuI7gboPyVdCdUTz7ItzBJtXQU9Wwx1MDZGn+oZVFJ0rJRPdUWeodG876CdlYOrrhRkGoh1s9gj094o6jbVod3DinQtcXkhSVdVTVcBt/WFpY+F406nRhwIXm3VP9nYSsfePh5XMgDvMKcHIz/ovbpY4aqPRPG2Vh7OGVWm0VNDIaizVT4u5iLvL+i6Wk8jZQ/tLTwfKNZW3zpWpNt6toHQSNOnVpyD75UyNkVTEKmlky1w1DB2X03cqGwdVwOtXWNthJcMNe5mc/mvIOsf7OtfYdd2+HFwaA7LzTO8+r2aP1XqvHea+SW2wGb3cHmN1t9NcIH0tdTDcbPwvMeqOkpLaDUUuXxn0PC9XbfZKeodaOrLaaKtjOHgtx+ak1vT1PcacmleyVjh9K9ppfNRpakmcjWeKjqYNJHz06NxYBUQkt4yQqqstzmOL4d2cr0zqXpyW0zkSwlsbydIIWRrrSSC6F+PZev0fkIaiKkj555Hw0oqUZLJlXOwMOAyobmNfwQptfBNHnxGacKrMnhHfuuxXYpI8Dq9I9PLbgM174ypsNQHAAqvEgeuCV0ThjfKblHPnWXQOoJmlRoKoOGCFIa8PCEThjZSANwCstfbCJw6emGHDchahzfdR3xn7oJR3B1Tdc00zzGop5aZwbI3GU0HK3V3tVPWxFrmAO7ELEVlLNRSmORu3YpEoY6O3XfGxDEkIvI/D+64Zcfh/dZ5LA+KTHOYHcpnhDH2RNS6kOI1NohSwgO2CizNLRwrN7Ae6jSxegS5RGwnkrCCE0Z9VLkhI7bqL3wkSWDRFjCBuhO7ox4QXb5wsti54HI5C4tkCvKOcEAZCoQN8qZSVGl2CszWTfpLvjmky/a45CmwkYzlVsDw5ilwvAO5We2B6Sm3HRb0kxY4Aq7idrjBWajPore31QIEJ3KRhna0t+eGWDHkHCZUty3lNMgDkRwyzlQ6TnuRVy5adjhSKeQggKPWNLX5HAXIncKCd21ltG/LeECqZq3SgeMfdOkb3z6piXIU5bobSsppv5p2xgqXcXh1KDzuq8HRI7PZxUw/zIMNOdsrREyRe6Dgyo8Tw5gey5XDVAds5QqjMcoaR3RnP1RkgditdPBwL/vi4GZe3w5dI9VZ0byQN1ArRioKkUjwMfmunSzweqhtm4lkTsVAd/eEqW135qNNhsrsD3WxmaKzwHid5RsiHhRmO4CkRu52U9AuIGYE8Jo2ajSAKNnnJQSljspLkg1XK5ESiVQJdsgQ+U7pEpYZojHKJKemDhOdwjCfAKY7jBUSpaM5AR5DvhMmGRhBYHGWCNECjuAIQYxvsjnhIyPIcg5+yiv5UuXv9lEkSbR0Qsf1NVhBwq+HkKxi3CKvrIq06/um4zunOOCmK5LIljpOyubSB4ee6p39vzVzZ94lnuNGkeJ4Lq3N/m5yrSSQ+ig21uJMlHkfvwsrO4pKMNoyc4GPUKd0vA2SscXtzgbKsqJM7eq1PStIPCLiNyOV1tDXhqX7PJef1Edvxo19K0NYNI4U876R6qLStAYB7KfRx+NVxMxt3XdXB4S3KNhaYmR0EZa3BduVOh+rJ3QYWtjhawDGAiweXnumM59jyTGPIH2VLSxMu3Urng5jpGglvbV6qwq6r5WnfNjgLvSdCIaKSukb/Nqnl7j7Z2UErhNsus47pmtxnYwDOpcmOTsi0bMSte4cKsi28osmN0tDV1LUCujlWDDsKxEcuMxjJTHn0KUQS5kJHhNQt4IPVN1RX/J0HhtxrmBaPZXRAHPCwHUVa65XF2g/y4PKPRC+Q4xz0ZXqasmpbKWRk6nbErHUMRDQ4jlWXU1yNZWfKxn+VEcH3KDRMAAOMDsvOeY1GyDR9R+i/FTnOM5IlwRYZghOMbeDx6KRHH5cAIMrSH4xv914Seqecn33S0OMNqPHvib0tLb6kXWAZhlcQcDgleeOkJOF9N3izQ320T0EjQXObluexXzn1BZaux3aegqoiwsccZ7r0XifISv/ANOXo8D9S+FlpbPngvtfZFaWgcruoeqBkroJyu+p5eDxzRKG/G6nU4ACgwHIGe6mDZi21LgRPvB2qOW6QVDIOUd25QyFU+ylygaSR5SQEHhxyApOPICoR5ClNOWgeiZDojG4OpdLQWooaD2TcFRpMuPeAdPJ8tLrA27hXdNMydoew7d/Yqlc33R7fU/LyaSCWuSZJo36a3Y8Mv2N2yiIbS3SMHOUZudQyijLB14S3I5gruh3ojt04GF3AUNaWSMY3Hso8kZyCrJrAgyxBw2ChJQwRYzpxunysD2gYyhSxnII7J0b8DBCguUcrBnrpQSwymVoyw+ihMn8Eg4WqqYvFaWY+rZZWupXwTua78JQM5t1br+6Je2yujeG5djO35q/hlG2BlYSln8NwyFpbbcWuaAUhs6Gj1W5JSL6WlgroDDMwFrliL/0tPbCamDzwk747LbU8oIB9VLMMdQwxytBa7Ygojo3UQ1UNrPINKRGO61/UnSEsDX1tCNUY3cwDcLIuyMgtII9VDzl+nnp5bZIE7ZCRXHB4QkLWRKEkkkqKEkkkoQSSSShBJJ6ShBiSSShBLucbLg3SO5S5ssYnpiehQQkkklZBJJJKEEmJ6YqZB6SSSsh0Ak4AyVf0cTo6drXDfCp6KLXUN2ytCSNOwxgBPpjhgyWSPNx+Srp3E7YU6dw9cbKE4hx+y1PszWAosk5d3UgAYQw30CezsqIOd9JUGT6ipM7tJwVHLgQUibDgh2R6hLI9QgknKQJyljQwaAcgLqY1wxud13W31UIDSSSUIGToWeJI1gOMlMPCnWeES1rds4x+SsOrLmkjTW5pZA1mnGFaRfSFHgABwd8KQ3jCo7tC2rAUEYXcj1QslLJ9VZpUshCcIrUBvmR2psYhHV1vK4kiLUwwJwnJhGU8DCgeRNGM5UaZx3GUWQ8YKh1mS3AVpZMupu+ODlgpL7P4rxC050jJVKYyDjCup4i9xIGdlb2Xp/isqmjf6WrTGnceG1eti5ORB6b6TdWyNqa2MiIbgL0SGCGnjZDDGGtYMDCi0nkAAbgBTG6nbBp2W2ijHJ5vW6iV0sthEaE6TuEW3W6ouM4pqdhMhGQMLb2f4ZV0r4561zWMA4K05SOh4vwGu8s06IPH7ZjGRVEpAhhLiVqLX0Lcq5jXzkQtPORleh23py221gDKVpcO5Cn6QNhsFTszwfSPF/+HenpxbrHul+vRQ2zpW221jQ2Fr3jkkK8axrWhoaAB6BP0+64QAC4nAHJQSbPe6bQU6GChTFJf2EMNB9lTXW+OaDSUnmlcNsFMr7q6tqG221tdI550vkH0t/NTrTYIqEa3kST75cdwPspkd8W/sr7ZYXOc2tuPnkdvgq8bAG4OBjspL2YAGE0geqr5MDVp4xWUMAAGAmZHqnu2BUQuIJ1FA7MhYxwPe4DcEKLJLnsnynChSz6W505V5yJmGfIGgqqrKyGFpErw3Ki199hptQduR791jLndpK2VznZIzsp2crV6yFTwuSZe+oS9xp6c+xOVnZZHSAA7onhl7s+qPHSnI2ToxPP33SullsheE4njb0RmwEb4wrBtO0Y8oRfBaBnATcMyYRXinAH0pwjGRgKWWgZ24QQ05ymKIi3AhFtsE5rcduPdE1gN3USSYDP/VGZ5zSCSyNY3sqyonc84wnyyFx5KZgDcozHbPPAB0LpSCTwniMRt2T9fYNSERO+VDNLkFu4ouGNaCcE+mU5wZG33wojn6t/RG3hFN4HvnawKur67wxnOD2UevucbQ7S7cbD3KqHvq6o7kkIVPIpy9D6mvqpXaWnYoMELnuy47qRBT4PnajOiaMADCFzB25eRNhbgbfupDWhmDhMEZGCQjfSACgzlhrgcM7AhP1Nxwha/QJvibnZSTDbOvdkkeiHpc524T2sc5wyP3U2OnBAIGFabC25AxQYwSFLjAGMhcc1jMZ7Jks+QAAoTCQR7w0YUSYk7pPdncnCr6y5RwMLieOEMpbRbeA80wb9WBhZS9X0yB1NTnAH1OUG632WqqHMY84HoVUudqOc4KxX3rGEIm8ic4k8lNO6SS583ufItrPDOAk90Ub5Ca2NziNlNhpG5DnDdAFXVJ9Ao4C7fHKkRQAEbKQyINb5QutAylpbuzdVQl+XYmxgAENz+ado9kRpyE5U+DRtx0BLCU5ox3RElRMAycdktXsiYK7pKsao5BsaB7p2lODSUVsBO52VDVHAHBwhaXZ42UwR4O42TgG42aFaK2biO0HungDCJpH9P7pmMKsBbBIRBDT5k9xI4CY1jiULWQJRwNLSSutpjnPqjti1HhS2wN0jZEo/sRLgBFCGgZG6TosDnCkacHhPMJeNgiUcsRbbGqOZFf4Hiu3VxQ2wRhssg37BGobXpxPKOfpb6KxbGWrTCB5XXa52ycawYa7GAu+GSckI2kLuj2TksHOdj9kfw2ngJNj9lIwVzQVQOWRGk5UmN+O6iLuTnOVw7K0Oy85LWGbON1LjmPIVIyqII5U2Gp2BWC/Sxm8s7mg8zbQ1FsuYqpw2wpkVYCBwqRlS3ghGbICM5XKu0MfSPf8AjPqKSik2XWuOQYcAQo0lI0eeIkH0BUSOpcwqXDWDO+y5d+lkuGj23j/K1XYwwIdURnL2nA9UZkgkHIUgvhlGM5KizUJbh0OTnkLnWaZf0neq1EnyuUTYZSwANdjHup0NSXgAkErPCrdA4MlY4e5UunqNWFjsoaZ0qdTCfTLwFrxgLmn3UGGd7XagdvRSG1IJwUicfSOhGSwSNPuumGJ394wOXBgjIKcG7cpbWA0k2Qau0MkJfTuMbudlX+DW08m+o4Wia3UmviyMKg9hUxzPOz24RQ4HujTUmN2hRDTSg5apnBTbiSUw8IYe5ow5qf4wzjCvISeRpLspAuCdsUiBhTAeTrZiMDCO2cYGyiEHOyQDsqipSwTg9p20hPLGubsQFCaSMHKIJSMeyhFLI51MDkoBhcO6kiYY4XPKoNAHPBCaW7cqW6IIJhO5Q4yQBFNU00gkgkc0j0Kv6DrOop9MdbHraPxDlUpGn8OUg0HspsbLyeg0F/tVwYA2QNcezipr6CCsYTLCyVh9BuvL8ac6Tj7KfbOo7vbXhsdSSwdnHKVKGAlY2aC5dFUchL6LMbv6Tws7X9O3OiJ0w62jkhaWj6xhnkDakFueTlXLKmCsaHRStcPQFA6hsZZPKnyOjOJm4+6lU1e6Ej5WUjPYFb649PW2tyZoBv6DhZWu6HqKdzprfJqaPwlIlVlhKTLm0fE3qW2N8IzsqothonGoYW2tvxXsVeyOK920UZdtrj3b/wCi8YlgrKR5bUU7xj2XBVMccenbKW6eC3LJ9I0dTZrpGH2q6RO1DIGrhPbHdqd/mayWLseF88Q1MjWDw3Ob32OFo7X8R+q7aGQisFREzYRzDUMeiS6MBxl+z2d1dE0Ymjc13BGNkRscM2HRkHO+yw1u+KdqrWMivFtkgkdsTH5mf+i0tHc7HWtbJZ7i1rzvpL8fkkyqG5yi2+WDBgtByoVVaaSY58EanegRW1dVG8GUah9tipbayknYBgtclSqa6A34Zl63pZxGunbpPbCgMZ1DZZhNHJOMf4i4ELdsxpBbuCiOpw7lodn1CS62VvT9GUoviBX00oFdDrjPOBwtLRdcdN10jWSv8Fzu7xsotR0zQ1xJbGI3nuBsVn7n0FUsJdTgOzwQqwycdHoobR1TWyU8sbgeCCgzUMxO5yPULy35PqywYmp3S6W7ADJA/JTrZ8SbxSEQ3BrXtbyXDDkaAlDBtKuy2+sjdBW0cbwfVu4/NZqv+GVtneXUMkkRPA5AV1bviD0/WlrakiFzu5xgrQQVVBXRh1NNG9rtwWkIyYZ4/cuiOpbO9z6dhqIhv5eyoxW11JKRPG9hb9QIIXvroJgeQQfVQq60UFfF4FbRskb6Fo2VjDxpnUMJIZO3Y+inxVtBUhpMzGZ4WruXwusFXG75TxYJTuCTkLF3j4c362lxp2GeIcFqppMrGS3hZVMxJS1OAeCCptL1Hf7Y53+9SSNPZ5yFhWz3e2ZgkfNGW7aXZU6HrCenaGSwCUjuqcUwXFez0ql+JsHh6LvQM221MGD+ato+pOlrgWtjqoaYuGdRfg5+3deax9R2CshDqiExvP1bI7aDp64N109wpST+DxMH9Ev4UKlGK4SPT4opiRLbq5sgG7Sw8hGi6m6ttc+uISVDB9bdOcLy2ltFzoZWyWq8yRBpyGskyD91Pb1d8Q6J7mOlbWwjGz+32VOkV8SfZ6xB8TpGn/f6CRvrthXdH8Qemalv/b2ROHLZTpOV41F8TC4FvUXTj2s2BmY3v9kaPqf4e3QOk+aMHoZBpwUidG4XKir2j3ynq6WuibLTzse13Bacgpz4iPqaf0Xi1LQsDW19iu3AyHQTZ291a03UfWlC4ubcoptQwBNx+SW6GkJejT/BnqUjO5GSVBq6GjqxippIZfd7MrJ0fxAu0BY27WlsjDzLC/P/ANThW8fXXT0jtMzpovcsJCUq2mVHT2w5B1vR1irm4fS+D/8ASToVS/oS5QHFt6sroIxww+bH7rVC6W6X+ZT1LHsIB2Iz+YRYqiKYFzHDAOOULi0E52xMRIPiHaZG5jpK+PgEjzEf9V1/Wd3pA3+LdOzxjG5jbwt2/Jxg8Jpa131AO+4QbmErFL8kY2n+IFlnA8Rk8YPdw2VhB1BZagjwq1uT27q3qrPbazJno4nE99AVTP0RY5eKcsz/AEbIlJewl8XvglR1FPMMwSh4Pon/AJKjn6CMZ1Wu51cRH0+fZdisXV1Nv8/DLjgHKmY+i3tf4svWg+i5oBOXAO+4VN4/U1IAayg1NzuWBFivLgcS0kjc98Ik0RcEyW22+c630zA48kDCgz9LW6pz/La38lK/idO8A6iD6Irahrvp3/NMbxyMc5R6M/V9C0jh/Lc0bf0qoqfh49+7NP6LdNnzgYRBNnG3KDeV8svZ5TWfDus1eWFpGFWVPw+rY9zTN++F7O9wyN+E7SCO36K4zSGRvweDSdG1UTtosfkVEfba+meWx+IwjuCV9AupoH7PiYc/4Qo77LbJPqpWEn2R70wnqE0eENqr5SkGOslB/wCcqRD1h1JRODvGc/2c7K9kn6VskxwaRo+wVbUfDuyT7jWCVSSBU0zzyH4pX6I/zG7BWtP8ZXaGtqKXLhyQruq+FlHI7EOC3sVWVHwjyf5WghUlhhZRMovi5aZB/vOpo+yuYOu+latoPzMe/PCw1T8Hq8OJjlZvwCqup+EvUEW8Rb+WUWMrAMpYPV4b30nVbumj34xhGx068eWRuCvE5Ph91jTnykkD0cVx1v8AiPQ4bE2UNHBIyi+PIPyHtzrNQT4fC5paeMFNNgZ2wSvGIb38SraPMJCBzmIY/VSmfEbrmnwJ6J0w9mKOqT6L+Q9Yd07Uk5jeAFx3TtYBnLV5vSfFXqCN2am0VTcf0sVpH8YqoNAktlZt/hQOua7K3mvNjrQeAUZlpqABliyEfxlibjXbaw//AGtSI/jPbds2+s/+5ocNdlmmbaappx4YP5J4s8/PhhZofGi252t9Yf8A7Wnt+M1GRta6r/yo3yWaT+Ezf9039F3+Dzf90P0WcHxfpDxbqj/ypf8AtaaRtaqv8moNos04tM2caB+iP/B5i3+7A/JZD/2relrq8/8AIuf+1O4O2bbKsDtlqrYyYNYbNPnOhqRssrvqYw/ksj/7S652/wAhOP8AwpH4jXRw8ltnP3aiASSNX/s2JuY4h+QUeTpCKV2HxRAd8NCzjfiBdnne3PH2bhP/ANurqR5aGXPuFQxJF6eh7UBvz9kh0RbSDsP0VB/tn1C87UTAPdm6c3qnqGQ7UoJPoFCksF3/ALDWwnJx+i5/sFancvb+iqW33qM7imH6JwvPUj/KaSL/AMqgLjnksv8AYC0ndulIdA20bnSoIruoXnLmtH5FPMt8fgGQj7FQrKRYf7EWlrd28eyCOk7Q0/Qo5pb28b1Mv2ylFZ7pMcSzvP5lATJPislhpv71g2HqjBnSsA+nUUCHpiWUYme8/wDiKnwdIUseHEnPfJVPkpySOMu1kjaI44W4b7IbupYWuLKah+x0qxhsdJER5AfuFZQUVLFgsgYCPZCkB8hm3Xa8z/3NKxgPHlXW0t/qvrAAWs8NgGAxo/JJoxwiyR2Gfi6ZqnAPmqQSeQpLOmKFmDJlx+6vEi0lMwC7G+ytjtFDAQ5kIJ91IjgYxxc1gGfZSNPuuhh5UwLcmxADCcOV3GF0NJ4CsgQcLn4k7GEhylLgVJZCM+kLq40bbLuCOQoKcGPSGy4XAckITqmMfiA+5RA7WSA8EDZLI9VG+ZgO5qIhj/EhPuNG3/4lhx7qshKDZPxlLBVaL1Stzh2r7ITr+w7Ckkcpkv4Z/otsj1H6pZHqP1VMb1O4+S3E+hwm/wARurj5KADPHlUbwRVS9l8N+E/JB4VCyW/SfTCG5XXUPUMv1Tlg9gkSnknx/wB0aAOA5SLmY3cAs+2x3x31Vrhld/2deADVXOXfnzqybYv2XT6imZ9UwQH3OhZzPlQm2CjjGZK9x9dTk0xdKQbT3aLI5zO1TDJ8cX0n/wBiWb3bwceKkb3QgZ8RVk1w6Cpzh90p8n0lyUv9r/h/TtDDUscG8eTKNJsGVcl+MWWAv1E46Wkn7BDN3ic4gRvx64UB3xG6CpzmJzAR3ZFk/wCSFJ8Wujmf3THvPtGAr2spU3T/ABgy4FU54y2J2/CY91U8YbCSqQ/Fzphx8lFPn7AZ/QpknxltETdMdlqXfoFNrC/iaj/kLprK5x3hIXfla1w3Ys2740UQ+iwT/wD3Qf8ARRZPjLN/wbQxn/P/AOim2XpDIaPUv+k1JoqnO7P3S/h9Wdgzn3WMf8ZLoT/LtFIfctKC74u3/tb6IZ/wKtln6Ceh1P8Aym7/AINVnc5XDZas/msH/wC1q/n/AOCov/uaX/tYv3/yDRf/AHMqvjsb6ItFql2bd1gqTnzD9FHd0rUu4kaPyWN/9rF+/wDkGi/+5lcPxYvw3+Rov/uZ/wCqLbfHoZ/C1P7Nc/pGrO/iN/RRZukLjjML2krOx/F67tP821Ubx7ah/qpjPjA4geLacf8AI7lVjUFLTaiPYafpvqOM/wAprXBVlVa+o6Ylz6SX9FbQfF605/3qhqo/cAFWdN8U+kqnAlmqGZ/qYiSuXaIo2x5ccmJdUXWF2JYpGfcFObeqqLBcwEj1C9Fp+q+h68H/AHqIEf8AeABSv4b03cGh9MKWoad/5ZBIUTlnlFfLKP5QZ5vF1VUx4Hy8O3chTYOvPA/vIISPstnL0lZZwdFIwdtgqmr+GtBO0iPUDnbZEpx6kXCdMvyRCg+I9HjT5Yj7I03XFPUgCG8GA/dV9T8LHlmI5Gt91S1nwvr2nIqQceyLbS+mOitNI08HUVY8/wArqpxzw3Q3/PClsv15gw4XUyA+mN151U9AXeHeOo0kDtlV1R051VEP5dweMcYLkfwwf4suzTUS5ieuM61uUP8Afw1cwHdjcqVT9c0E3lqYJ4x3MkTv+i8Jkp+t4DpF4qMegeUw1HVMB1SXCb83FEqE+xX8SHpH0My5WG5/3dcWOH+NzcIotUkrS6gvDyeQNa+do77emEeJWSbeitaLrO8UjgWVsgPrqRrSOX4oW9H7R7gbf1PB5qauc8+jiusqeu4/qo4JWj1G5XldH8Tb1E4B1S532cr+i+KtwAHi6zj1KVPS2Q9C56Wa6SZtje+o4B/O6fMmOdDUL/a18f8A2zpG4Mx3EYIKpqf4pTSY1sA91bUvxCo58CV2PXYJLqsXcRD0s3+UUPHXfTsbg2rslwhJ9YcqZD1n0fMcOmfGR2cxwI/ZEj6ltFUz+7DsjG4CTH9P1g0zUcZH/KFT3L0KdMYv7ov/AKEkdUdKzjS27safckKRT19pqtob1TkHj+Yqmbp7peo3bRNbn/CFCk6I6bk3DJWH/A/Sos+wXTU/2v8AJrovDB101xZIe+HZRRJUOz/N2HssUOiaGH/slfWR/eUrv+zd3gINJ1NUMPYGQlBkTLSwlxFm4HzP+I/kieK9o8zSfyWENu6yh2i6gLh7nKeP9u6TzRVsE/8AzBXkH+D73I3HzDu7V0VB7hYX+Pdb05/3i2xyj1YEaLraqjwLlbJ2/wDI1QW9JNdPJuGytI3wPzTtTfULI03X9nPllY6Mn/vAp1N1Jaq12mKqaDzuVAHprI+jQgg8JZA5KrYq6MnEczT+aOag7FCngU6WvRJ7Z7JpKY2sgxgndNMjTvlFvX6FuIQs9CFwtIGchN1e6cNXoVMFHST3C535XdYxjCFvnOUWCsBxwlwEPUu6vZTBMHSQTjCboPZd1eyWr2V8guLYgHA51fsijbKGutk9lRWB2oZ4TtQPcJqF4RznKhQ98bHc43UaWk7xHco7mnbBK63b3ULKuWO4w7twQozrhLE7FQ7SFoDuMKJNRU8zHNkjaQfUZUDU0QmXGB7dpdyjwSvyHvfqafZQKvp0aNVNJpcOFTCrvdqlxPGZYx6BMDiovo2HjwEAat1xrgc4cD+ao6O90dYMOw1/cFTopmZy1wKMGSwTy0O5UOa0UVQ7xCxrXeoR2Sg7Jb8goyimNPebdI58Mnjwjhp3IU23X+lkcIKseDMOWuU3Kj1NDb6tp1sBcfxYwR+aPJCbLSUdwZuxrx64yoXg1lqJdSvMsZ5Y45AVY+lu9rcZLfUGSMblp5U2j6hpZCIqxroJT2fymwscHlASjkruqOj+kviHbnUd/oNMjhgSs8r2n78rwvqX4SdZfDud1b0w+W8W85/kgZe0BfSUkTJG648DO4cEB1RXU/lqWNmi9MLs6XydlXD5TBcWuj5fpL1Yurab5O4shjqRlskEo3B/NYXrL4Q1lFC+4dODxgMnw9WB/qvqDrj4MdKddVAuUTW0FeRllVAzD2n33Gey8futH178M6j5bqWhbdbW8+G2ppQdLD/iPuva+N8xKC30Sx/ZmDVaerVR23Q/6o+aax7Y3PpblTtErdiP/XusxcrS2XVJTuDRyAV9S9T/AA+6R+INo/iNiEbaxo1te3Yn/C71XgfVnR976OrXUtxhOgHDZQMA/wDRfQ/F+Wq1nD+2X6Z4Hy/hp0xeVuh6a7/6nnmt8JLTyOQnfMB2AcK0raaKrBDQGyDuBys/LDJBIWSAghegVjS5PAavx06syivtLGKo8MjcKfFOSB7qhLnbEZ290amuGlwbK7ARqeTkutM0DZA5J2+2VEhljmAMb8ozXaduUaw3wZ3Xhg5ow4cKmuVtjqmGN7dzwVfEagos0QcEM48Dq5bHwefVtBJSSGORu3Y+qhA5JGOFu7hb46qEskZ9j3Cx9bROppMZSLIYOnRen2Qt+xT1wHKas7jk2rkdkeoXCGu7hByfVLJ9SlOOS12cljACr548HOFZOZjbPKDJGMbBKsrx0PjLBVkkHcJp4RqiLzbBDLVgs4NEeQDvKdl1jy06gF1w2IQmg5KQ1xkdFtcl9Qv1tDweynMcQdyqe1ytAMZ7DKsjuRukTjk7+kv3RLSF+QFMoZHNlDgVUQSEAEqex4IGFnlHJ29NYXpOpoe0o8Mhc3B7KDRzYjDTvyjxzYOMYS0sM69dhysaDqx6KFEfVT5iHN/JVm4kQsu1+0WNO7PdSVXRyA4weFMLtbBjZOiioTyVdUMPJHqi0c2Ro9k24YEfG5KDRuHiEZ7J64McbNtjX7IlxGJ/zXKc5Y5pRru0OjDm7OBUSlk4BWqrg5dyxNorLnGBOh0+Q4KZeWDyvA3VfC7BGey6VLR4rXxxcyzYchRqn+9KkROBblR6jeUla5PJzV2PZypLOFFYcFSmHZWiWnJOFEk+pS5OFEk+tSWCoLI2UAtyVCJxIMKdJ9CgSDLlkn6NMCU0+Ubrp4QmHgZRRwrj0W3jsDIPMmP+lFeDjOFFkPPuqk8dlRlngGz60/smN+pPkBLcBKzkanyAd9J+yhS/ZTDyo0wAwQEqccj4vgfTY1fkrCm3BVfS/UrCl7/ZMrxKCAsHP5SAwk45OFwHHZDJYEsc/kK6tH9wAqSTsryzN2YTxykWGjSLMy+pSWtz3RX8coDHAArkkuoeiVXDe8HUvnthkZnXOyPGcrfdPweFC3A5WEtsRnrW+y9NtdOGU7B3wu5pa9qR898rdKU3kt6bdmVaWKIyVrTjOFWRtwzfZXvSzQH6iM7ZXR9HnrXwaR+2AFIh+kKOMlyODsNkxmCfLK29SeO6O3j/AIrgMeq1FPAKaljgaMBjQMfksxQU5uF7ZIW5bTkklauqdhupo2U6AnwgX1P9VOjAa0YUGmBc0PcFYt+kIRQRpKNHyENuM7o7OFaBOuOwwhPzwV1zgCMoTjuMIZy2kCkg8JyYOE9LIV/UFx+Qt7y04fL5Grzi7V/yVBLIT/MfkA+57rQ9R17q6tc1jv5UPlx7+q8/6xrmENoWu82NRwk3S2rJ0NHS77FFGbJMkpc52S45JVvTNdlgDfZVFtiM0wzuG7/daSmY0Pzj2XgPN6pttH6C+ktG40xZKjbhoGFEnB8Z2BsrHTtnCiVAGrOF4+dh9ToqwhkTi0jCxfxU6Jk6gp23a3sHjxty4d3LaAYUiJwcwwvblp2OUzT6uensUola3RQ1tLqs6Z8kvfpcG4Sa7V2XoPxY6RNnupuNPDiGbkgd15+G44X0HR6yGogpRPiXk/HT0V7pl/0JlIe6lyHyjCrYZtBClslD9guvXbxg41lTiEXDwu+6Sd2UCITEcgcoeChawC0MxhHhPAJQnjC6DgqJ4ITARhIgDshtJ2RBwmFAycprmEDOUX6eBnKQOs44RKOQlJx6D2+vMREMx8pPlPor5kmQMDlZp8BAyApluuTmOEM524DkmUMHU0moxJRmy9iLiR6KQOEOLcAqQwZOAVR24NPoYmuGQpBaCBtyuNYeyho2cEGWIHdRnM9FZvhPI3UWWP1UFSh+iKqy8UomxKG+YbK30+6ZLCHsIQyWRNsN8cYMbJE5j8Ywp1vqTG8Z5RLlQkP1N7Krdlp08YSmsHLi5ad5NtbqvxWgEg/ZXcMuQFgrbcDTaQSdlrKKtbIwOzyhTyd/SamMlku2uDgWkbHkLN9QdG/Pgz0L2MkBzpI2KvIpM4wpUb9uOVZtsqhqY4kjxirpJ6Kd9PUMLXsOCCEB0bsL1+59OUF5BfKwNlxgOAXnl3stVaqh0E8eAPpeBsQocLUeOnT9z/H9meLCDg7Lqk1EBIBA/dRy1w5CA5ko7egaSSSgA9JJJQgkkklCCXRyuJDZU+i0MSSSWWWWyh6SYkiyGPSTEkeSD0xPTFGQSSSSEgkk9OY0vkbGBlHFclZwWFqhc6TxSMNCtnkYO6j0cRjga0jCdUv2GFrjHCFynwRqh2TgFRmjzJ0hLjymppmm8sIACOE5jfZcYCUR4DYwSqbwGQqvOvIUck8ZR5XZOVHPKzy5lkdASSSSEaLJSyUklAByMgoyhBLTdP0IhhNRI3zP4VJa6Q1lU1mPKN3fZbGJrWNbG0YDRhEng2aWvL3MeM5yEZMbgb43TmqzqpYOrrTgruAkzlQNSyFHCIhg9k9WnkYPSSSTCBNXsuOORwku50b8o4xyXkbvnJUaoOBujzTEDytUGKGquE/hM3CfCtHG8pe4R2R7OUlOaifDG7A5J9Fp6KItYByANlf9H/DW83ZrWwQiNrgMyPHlH3P6r1vp74U2KztElc91XOfqJOwPstEZbTjaL6V8h5SW5x2x/bPJ7J0rd7wW/J0/ff2Xpdh+FLIdNVd6nVJjdse36rfNp4KeJkFPExjGDDQ0YRmEAYJymqyT6PoHifoPRaJKWoW9/wByBS2mgt8bYqanY0Dvjc+6kufpAA3R3AHbKHKwHHdC5M95Rpq9ND461hAQcnOEgMJ7gByVEr7hS26mdVVMgDG85V5JLA6pnZCwvcRgcnKzktbWdRSfKWvy0ecSz559go7G3Xq6fxBF8tbGO3xsZB6LZUVDTUFPHS0kTY42jGAFG8ipLcRbVaae1w+FC3Pq48qcG4z7p8gGNgmOxjlESMcDCgucd99l1+Q7GUInCILI10pGwCjy45BCI52c52wqq4VzKaIvL9+26mwTZYodhp6kRDcbLLX7qBjcwQnc+iiXXqKSaMshcc8ZWecZJXFziSSqZxNbrd32Vjqqd9RgP7DCAyHfICkNgc8jblTqekDBkj90cI5Zx3yQo6X1apLIQ0DAUssaBjCEeU+KMtqwwZYAEJxKK9wwo75G85T0jLZYooW2MZwhPe1m+x/NDmmPYKI+XVs7ZMxg591oWWp5ACiyuccJOOo5T9PuiSyZZzygW4TdLndsI7It9xsuyysjAAblWJba5BtjAGTt+abJMIxjATJJc8DGFDqZchA5YKb4yPmqedwqC5XfGYITueSFFu15AJp4Cc8EoFDRvJE0wySMgHsglLJmnP0gtNAHgPmbv2Cmsa1gw0LmnHdPbtuoKY0ZJxhGY0cpBzQDsh6sgqDk8BXubgAIeslMaCXbohwAoWOXWtLtgmjU7OBwrCmpi1uXgb8KDoxyCjixjbhSfEEbMeiHJIITgBRnVBlOwUCfA6WdznYA4Q8h27yAujynL1U3W801OHYOS1BOagLnKKi3I7d7rHTsIDthz7rG3K6zVpdgloKFXV81VIXOJwe3oFEzkFYLrXLhGN2bugenfJO67kpHkrrWFxwscgUcAJUiCmcS1xRYKcEaiFIaGtAAQM206fOJzOsp2gA6d1KY0AYxwgZHZOEpJ+lUkblGK/FBtI9E1IHIT1RYl0DJAXF0NJ+yhaCCJp/+aiaAEwM9yieGfdUEsHNh2/dO29Fzwsp/hHGVEFlDdvRd1eyboOcLojcFZY7G+V0DJwlpLdiljuoFnARrG43Q3sb+EhMLj2XGhx2VFOeDpYDyn+G0d04QlwyAitp2cvG4Vi3PgExhyCEdoIGCnBsTSAThSIqR1Q7yDYcoowbObq9ZChbmR2jU4DlXVHQAMD3ckbD0RKK3RRDVo8x5yprYwMjGEyEcM8rq/IT1TeAWgAAei65gRNPulp91pSRgWUCDU8MHouhvsjBuArAk9oDSPRLAT0kIJT5B4KStpunZof7tpUKW31UW7mLzUdXRd+Mjt6rxWs0bfywf/QjjZGZIAA1AIIJaRgprQQ7JKLh9HPXD5J7ZHHcKRFM4YGFDgfwCOVJbg8JM60zp6a6UOia2oHYcojZvtuq4A5zlEEh4OVitpUuzvaPyVtT4ZaRz6SCMKdHVAgDIVCJiN0RtSeCsN+iUvxPX+P8AqaUGk2aJrYKphbI1pHuFAntsjTqpZCMfhKjQ1hA2cVLhuDsjxDt6rmW6SUfyR7jR+W0urw84YCnrpY3+FNsRscqfHOdnNCfmirG6JNOr17qFNbqulJkppDI3nSTwsFulXpHep1ThynlFtBVl2GqXHLngcrMxXHDtErHMcFOjqXnBDshYZ6eSfJ1adVGa4L9jx9kYAFU0NYG4EjvyUuOqaSN8BJccGyN2eyY5oKAYhgjhGa8OGcruAlWJhrlkCSlJydPb1UQ08g7K70BCMLTw1LC2ZRUODmHBCcJc8hTZKPX24UaSjcRgbYUJsyKPSTgnlH8D+kblRBE9m/6LrJp2EBz9vsjK2sOaebkNGPumeG4bkIjK6I4DnbogLX7hQrojDVlPBI5RdI5wmKBjtSWr2XNvVdIxyUUXgg3AKcINQzlcSyfUo28+gs5Bup8dv3TCDvspAd7J2qLuAEO3PZZFa3T2wnsqqmmeJIJnMPsURzW/hOyYWE8JbWC4ywXlF1jURMDKmESY7q+oL9b65oMcvhP7tcVgyMclM1HfG3uEtxD3npL4aWpbpe1r88KmufRVurAX0gMEp7jgrNUV4rqZzQJS5o7Eq/oerm6hHVRYH9QQbSbjP1fTN5tjnOOZGDgt3UF08tP5poXAeuF6NBfbdVkw+KMHs7hcqrXR1cZDoI3MPGAh2BZMFHWxOaDr/dSYql7cGN7gPY4U6v6QaxzpKbJH9PdUU9urKVx+st9PRLdSYam0bC29a9QULgWVXisaMBsm+AtNbviXTStDKujLHjnQNl5VHVSxjDXI8daRuRuhdKL+Q9xt/VdJPpkpalpB/A48K/pOoY5nhkkWx4Ld186NuRbu1zmn2Kt7X1ldbfhjZvFYOz91nlpsk3I+joXx7HIwfdTmNDmg4Xjtp+LdG1raS4Uha4dzut5Z+qbTdY2uortGXHfwhJl7fySZUYKc9popIg7ZzAfuq+t6Ts1wjxNQxtf3IHKlQ1uQC4hzfUcqwjnhkYDjCzOtokptmBrvhNbahxdSVQhzwHFZ+q+HnVtlGq2XGV2DlvhyHZevk07iP5m47YR2HbGB+ZVNtBRm12eLs6z696ekDLtRtmY3y65Iz+5V5bPjFZ58x3ahlpXt2JadTc/fsvTjTRPBL/BOe2As9cPh90jdQ8y2xjJHclmwz64QfJ6C+QDb+runbmGmmroyX8DVurZsjHjZuQsFXfASiqBm3XV0I5w//wCaqeToT4qdO7WacVVNFs0CbDj9g4q+yZTPTK2xWq6MENdQRytAOHacP/VZC6fDCwys0Ub5IH5+r6v2Wc/2/wCu+n5BD1D06NA2c8F0Tj9/w/urKi+MvTcrjFcs0Uvo54cP1R5yEUFx+HN8ppS2lhbUR8gsPmP2Czs1onpJnRT000D2nB1xlq9st3UlousbZbbcKefUM4jkyVOlFPWwmnqIo5WHlrxlGCzwQC4sOKW5yRO5w15VnB1N1rQtzLVwVTTgAyUwzj7helXP4fdJXIEutny0rty+ndpyfdZ6s+F92gaX2LqcBo4gqog4H7O7fohUl7KyZ93xCuY0tq7CJBjDtOQD+uVOp+tekKgA3XpioYTyRGCmT9K9e2uMy1VjZWx9/AdkY9QcKnqaq1OdovFtqqI5xiePAyq4Jhro1zKr4XVhZJT3iGhf2zK6JzT9iFeW2zNrnBtg67MgAy6PxWzNx7jK8yks9hucOmjmidqG2DlQpukpaaMuoyMjsFTimEq0z3WG3dW0zvO+lrI8fgY2MroZc2bS2mcAdwAQvEaPqL4h9PQiK336tjj/AO6Mo8P/AMpKuqD40fEC3vJuM8dU0jAD2AY+2kIHRKX4oF1s9YhlfA/UGmNw7HYqZHWz51CVwIGNisHZfjxZayoZD1DZG0xIx8wzTIM+4LchbSi6x6FvQbHTXiljJ3Jld4TR+aVLTyXaEzqwywiutwaRid2PclW0PUFU2MBzWuI7qNHbKGpaPkKwSBwywNd4gPuHNCf/AAKraN/8lnlQ1zgVsx0S29RT5GqHI9lJj6lojjxYZGe5Cp322safp2HOE75N8YaJGE59ElxgBJRfaL+LqO0nA8bSfdS47pb5cBtTH+RWPlpqckZix7pfI08o28qFwSF7Iro3MUsdQMB7XD7rjqSB+zoWEfZYV9NNB/cVT2k99RSjkvkfmjuDjj3KpIva+kzaS2WhfgmnaPs1Rn2GmcP5etn2KzIvnUkGMP8AEA90eLrW7MGJqQBw58vKibyC4W9pl7/AZGf3b9v8Tkz+FVzQR4YI9iq//b5jQBNb3Z/qDv8ARHi67tpx4scjUckmil8q7DigmBHjRpwgc3gYTR1nZnged2/qE8dR2WR2deMoMMmJ+0c8Fy54LzthSf4pZpWZFXGCfddbPb3jyVUZ/NXjBe6X6Ipp3nlqd4D/AEUryHcPBCWB6o84CUpL0Rfl3+n7ofy8v9Jx91L3B9U/gfSoHvZB8J4Pm5+6WkqUX8+RNV8gfIRfCB5aFw0sBG7VLw7+n91zHqiy0WrOSAaGmPEYQDaoDsWZCstJBxhdDhjBYpuf7ClMqHWK2EeekZk+wUd3TNpdxTMH/hV4R6BNyPVU5P2XnjJRnpC0nmmj/wDKuf7HWn8NLHn/AJVoMj1CWR6hUVvM5/sXQciiix66QnDo+196aMH7LS6s7DP6pFo7tKjJvM4OkLSN/lo//Ku/7MW0bfKt29lfgbgEKQ2BhaDgKs4L3szP+zNuB/ugPyRBYqEDAibt7LReB/gCd4Df6GolLJSlkzf8Eoe1Oz/yrn8JiH0xNH5LS+E3+lv6JeG3+lv6ISjM/wAHi9Gf+VdFniz+D/yrS+GP6R+i74X+EKZK3GdFmBHLP/Kk2zuact0D8lofBafwhOELBg6QryTeUAtsnHl/RFbaXbHLVfCNgH0hd0N/pChW8p2Wt3B0o7LVEDksarABufpCfhun6QoBKREbQ07RsxOFM1vAARyDnYJ4G4PCBvAHyNkcR6eAn4HopAbtuhuO+OEKeQHJgtPuugYTi5o5cB9ymSVVFEMyVkQ9tSvA2MHMKATwkQRyobr9aoTh1SD9lGf1PQZ/kh7vfCvGA1TN+i4AOeETAIGyzzupp84ggBHbUguu16n/ALqA/kptYxaaXt4NLj3ThJDE0vfI0fcrMNZ1BPguBaE9vTl3nd4j53Z91NrBlXGHcjQOr6Bm76yJvtqUea+2+maXtkEp9GbqE3pDUwOqahp9crrbR0vQEfM3eCJw51ztH+qaoP0Lexf3OHq2mBAbQz57ZGycb/WzDLKRmO2yra3q74e2YuMl7gkLeNDtapqj4xdGQ+anZUSH/BGpsZaqlP8AGJqzXXiUARxiMeoC44X2QDNQMe4WGqfjra2YbSUFSf8AmbhUlX8cbxM4tpbXFG3s5xyT+WFagwlprP0esijrHtHjVBPsNkV9EJgBMScLxCf4sdYVJ/3fwGDvsquo6r6yqsk3eYh34WnACL48jI6SS/I9+fTW+BpdK4AdyTso0t16bg/vq2hjx6uwV8/ul6iq366i4VDiBzrKAbZWOJLiXEnJJPJVqndwNWjPep+tei6L6q+B+P6N1Bk+LXREH0l7yPRq8YZZn4y97PcEIrbJA4guY3I9Ff8AHwMjoorts9Uq/jd09Fj5W21En5YVdJ8fC0/7v0+72Jc5YRtrpWjGlP8A4fTH8GVPgi+wv4df6Ne/479TTf3Vvpoh2zuVFl+LnWdTsKqKMH+lvCoGU0bRpEY29k75Vp2bGM/ZV8EP0HHTVx/pRYy9cdX1Z1SXuZo9GnCiy3q91P8AfXerfn1lJC5Da6iT6W7KXBZJy7DmKfDFdIYqoR6jgrzJLLvPO5x9S5OYMu5VsOnid/D/AHUqCxyDDTGGgdyFFUglFIphGC3BGUhSAnjlaFtm0kZc39FJFsbjhv6K1Wl0XgzcdE4Y8wCOLcTg62/or7+FvHDGpfw6QbkNCLaXhlJ/DXAfU39Ev4c7+pqvDRgcgJppHDchuFW0rkpxb5M7uCOKBxwSWlTzGxpwSAUtA7O/ZRQa6LK024Hfyrv8P927KwXMj1V7WQgtoTn8KL8rtu1u3spSbqnJ+ppHZE4ywBlpkT5Q92t/RI0no1v6KVmU/iYlqk/rYl7ZZIuSF8ln/htSNEB+Bqma3ceJF+q6Hb/zKinH/jwmKMimsEE0XqxqDJbg0ZDW/ZWhmp8ahXUeBz/NTf4jao2/zq6lz7TtKYmwMIp3W0uxiMD8l1tJVxDMUr2Y4wSrP+O9PxnD7rTD/wAYQx1N0sw/zbzTgexyqfPovC9gIrv1JRHMN1qcehecKwpfiL1TSEB07ZAOzgo46t6IPF0if64K6OrOhnEA3CAH/EqUIvtC5U1T9F3D8ZbvT4bVW6GXPpsp8Xxpt5A+es74x6ghZJ1z6BqpNb7hFv6HZFDfh3UYDr1TZ9C/CD4YP0Iekq/Rs6f4u9DzkCqMrD7tCms62+HlYBousbSfUcLCDpzoysGKa+Ue/ZtU0H9MoMvw5opm6qC5wkHuC1ytUwj/AGEz0tfayemRy9F1m0F4oHkjjWCU89N2KpwWxRyA8EN2Xkj/AIZ153pq2Nx7HOFCl6B64pHF1LU7DjS8gqnWn+MgYVyj+LPYZeh7HLgimjwf8IUOb4cWGQ+SFjT9l5YKX4l2kE/O3DHfw5ycpRdY9eUJxNNdDj/vDlMVU31NFvf7Z6XJ8MrYfpJb/wAowosnw2jjH8qpOe2ViYPij1PDtN4hP+NTIvi7fmY8SOnP3aqnTqF7LxL9l/L8Pq9py2oGEI9FXJmMSg491Bh+MFyyBPTUuPsrGD4txOwKimpxn0SpV6iJPuHNsN5pR/Lk/cp8UfUEByyRw/NHi+J9jfgyjGfRTIuv+l58f72Gn3ASnGx9xAc/7ESK+Xyny1/ikjnZTo+t6qNgbUUpyNtXqplN1BYKrzR11P8AYkBSvHs0wGk0k2exwVNj/QluMvyRHpPiHQNwypy31yQrml6w6dqcYq2MJ/qVVJbbJU5LrZTn3AUd3TfT04w6Hwj/AIEvbFfmLdFb9YNZFc7XPgwVjHfZ3CmgOc0Ojy4H3WBPRVrLs0lfUsJ7B6OyzdRURHyt7l8PsHOQtw/pFSoivxNuJJoTmQaR7pklVTbCpY3B9Qs9BcOpaYgTwwVTe5Ocqxpb1SVD9Fwo5IP8RG2VFz0KlU4rgkuoen6sZlhiz/yqHP0pZJ9oZPDPPk2KsGR2iqOiGRmfcrv8KaN4pg0+xyoIk5R9lR/shpcDTXapZ/4ihvt9/o3aG1UkjRwdXKu30tfC3VFMHY7LjJrgMB7dvul5Azu/IgwXK7wNDJ6Qvx+IDdS4r7ggSQPb+SK6ZwA1NQiIJvqgVgShGROgu0Ev4sKUy4BwwJfywqc0lG0g6SxFZFT42n/LCgqVJaipad8gromDjgYVXqGdLXZ/NJzKxo1MAR8i/iRch+RnCXieyp4qqvjdh0eQFJFyDQPEbupkr40T9aQfnsoTa2CXGHYyjtc1w2KmQZQSJOseyWoKPg5yutc7OMFQVsJGr2XUMOGF3OVMFODHeL7Lqb4YC7nGyrK9FOODqS4DnsnYKgLR3SuGKB/95GHJySLcRcdFNculqKqJlph4Mnq3ZUU9Fdbc7TIC9g4IW31A90x7Wkdj9wr384GMylHdHjDXjcKyiri4cZyn11gpqwl8ZMD/AFaqOqoLtaXB2kzRjgt5R5QUY5NE2Zr8AnGVwxEEOaFnaa7RyO0mbDxy12yt6W4SjA5CJtluP6Jkj3MGCFXVVHTVYIlja4nv3H5qxNTDIAJNkF1M0+eEfuqU+QCkxdLOddLMZoh+BxyrO0dX2m5ONLUnwJRsQ7hEdGeHNVRcOnKGs/mY8KTs5gwVphZwV2av+H07wZYHZB7sKr61s9O10dfSfOUbxh4DNRaPcLLQXO/dMScuqaf75IC1No6loL00sheWTAZdG4//AC5WmrUODTiW48HnF6+EnS14rBfOjLgLbVMy6QRnSCewLfyWL6n6WuApJLX1z062rpH+VtQxusY9SF7zc+nKavPztLO6huIziqjG5PuO6oKi73K0n5LqmkdJTv2FRCMscPVw7Lu6XzF6f3MyumGMJHwn8RPg9W9N+NX9MD5qjc7Zm+uLPZ3t7ryqQtq2up6pmiVhwdQwQfdfpddPh3051DE6stM8YLt9Df7sf+Hsvmf4tf2Yo6qR1wtUPylU0udrwSyT744X0jxX1bXJKvUv/DPIeT+m/kzZpu/16PlWoZJTP0O39Cok3OQP3V51N091B0rUCiv9C6MElscvLXfmqLV5l7OrWRuW6vlHzXyHjHTa044YSlrZaWVrm7Dvur6mrIqkAsO/os4QJNgMFMZNNSPy1xaPst1d2Th3aWSfRsM7JrxkZVNb7q2RwjkkyVa+K3TklalLJgti4PAN4BOFVV9ujnbnG6tiNyo7zr/JKcHIOuxxZibnQOp35I2VcDkkei3VXRxVLSHNyVnrlZHxsMsUfHZKlA6lOpXspiMoSKQWnDkM8rPJYNaeeUcSd9KYkly6GZAVDAeAojhjKnkZChygkbDusdkMja7CORvhDwOUQ8phCxWRxwakPil8N7SFcQSBwB5VAwebKsqGXhvqluLfBu0trhJIto9sBToHcDKr4+ApML9OM7rNOOD0dFqyXEEhaAPVSWv3VbHIMBSWSJf9mdiqfssC7U3c9ioEww5SY3tICDU47IDTKW5YBRlwcN1YM+jlVoIBUqKTICYZ84G14zCcKDSOIl57KymGRgqpYNFW/PGE+AmzjDD1vmYe6rGHS/ZWku8ZCqnYDyPdPTwzFqY4lk5cP5kOoqpiHm54Kt6hoMBwN1UM2eV0Kss8Z5SP+qT4ScDddk9UyA7J71oy2clLABxwVLhJ0hRHchSoSNITQbAp4P2UI8qaeD9lCd3UJXwcKhzj09VJPKDMAW7rPaPGsduMlSYzjCgjkqTGdkJLMhXgYUF43Ux6jOGRwpNFQ7Iw5RT9KF+JGf8ASEnBoXZGdyo0owQpTuVGmG4QSNMDtPyFYU/BKr6fkKxp/pKKriIuwWMErndOPKaNyEbYgdNy1aG0geCD7BZ6YZLVorUMU+/oFmt4Nej/ADLDJTJDjukSM8oUu+MFXpV9wevu2xcC76agMtUTjI2XpFKNDQAOFiOj4QHNJHK3lO0b5XcrWEfPfITcpMl8tHZaywwMjpRIG+Y7LIxu1zNiA5W4tkfh0rG4wtByLGydGMYJC7USiJhJ9CnMxpyAq65yufpa3bdH2zMy06ZgxHJUPbgyklWc7y9+gH7ptDC2nombY2SYNbiUbEzlklQhrR9vVSWqHxjdSIPpGVGAH31DBUlxDWjdBjaXPwuTvwAFEAclfnJHYLlOS9geVHldgc8o9N5acZSJ9kD5CgX+v+Qtz3tPnf5W/wDVTGnzDJWTvVS+63g0Ub/5FLu8+pCiDginq546OglmncC4jVyvMLnVGqqZJnOzqz+i2PXFbHC1lFC8EnzOx6dliHs8VwaOSuf5G5V1s9n9OaCV1sZpFnYIMwOeRutBSRAYJG6h0VMKemYwDfGSrKmjcTnC+X+S1DssZ+kPCaH4KIrAcgaTsq6b61ZOGGEeyrcan4PcrgzmmeurqaHtGQABhEa3Sc8LrGcbJSNOypDXB4K7qexQ9RWiS3ytBJ3acd18y3q1zWi4z2+dpa6J5AyO2V9VeJ4ZC81+MXSbLjSN6hooQ2WE6Zg1v1N7Fei8PrY6eShL2eL+pfEQ1FPywX3o8OJIKk0b991GdzxhJri05Xt4W4WT5PdDnD7Lhrg5ox2XVHonjHKkPGcLo1vdFMwSWHgauEDGV1JEUCLTnhNaDlScBMI9FWCsDoyFIZgNO6hNBBOOEVpPqU6KyUFcQ4pN+oLic0Z7JiRE8BmDUMFMfTZ3bjP3XWgDhEhcOXIJxH1T3PBNtNxJHgVDt2nCvGOyMjdZaWF397Fs4fury0XCOVgjl8rwO6Tjaz0GmtWEmWTdWd+EcAYTGlrhkJw5VnUi1g6WAjhRJY/yVgMH7ockBOMBC1km3JVSAs4CaRqGFMmhz24UcxkdlQp1sraqmbIDtlZuvpjFIQBsO62ErBjcqpraQP3A39UqTwZNRp1JcGbEr2uHl4Vzars9srIiRhQKqnLDsMIETix+r0QGChvTT5PRqSdsgABCnMOFkLRcC0hr3FaanmD2tx3UPT6S35YZLOJ+4GEqy2Ud2iEFZFrYf1QI3bjZTIXbA4UNsEpfbLlHnXUXRVdbJnPpmman+prhuQPQrM1FMA30K91DmyN0PALTyCMrJdSdB+O51ZanNDnZJiO2/socbW+LnHNlKzH9ezyeZhjd9PKYr6ot5ie6CpgLZG5GCMKtmo5InZIwCocOencVn/y9kNPSTEBnw12JPSTFCh6SSSjLQxJJJIklkoSSSSoMSSSShBJJJKEEkkujZQgsH0VhbaclwlIUSJokcBjur2mgEbAMJ9MVuyBLPoLq8vHZQ6iXVsRwpj/KDlVs8m/C2gz4BO3KeAcpoBJypUTMhUIQSGNpGSo9Y4DYHKkSeRhI7KqlkMjznsqm9qDisjS8uJXEkkgPoSSSSgY1MT03BKAg9qNnt3Qmt53VhaqM1tRuzIYomXGO54LuxUwp6bxXN8798+yt2oEbdDRGBxsjtRT6Ovp69sMBElzISyFZrCtXVxq6oQ6CiA+6jog5UCJSSGMkJZ3x3RjMMkNGcpxOeFedP9C9QdQFppaYtif/AMQ/SF7H0b8FrDZTHV3V5rpwMlp3Z/6p9Zu03jb9TLEUeQdOfD3qPqeZopKdkcJ3M73eVv3XtfSvwisNjYJ64iuqcDd4y0c8LdNjbFE2CNjGRs2a1rcAJOdpwMZWk9DpPp+iie+f3P8AuDEUMW0bMHufVc1HhLd3KWn3RHbhVt9HCc8ruSnJI8mgRceV0uDeTumu4yqG+39tOz5SiHiV7/7trd8fdQptLsl3u809rgM1QQAAcN7kqktdpr+opm3e6Asp8/yqc8OHqVOs/Scskou19c+SueA7GrLWewC1AYQAEYjG58AGUsEDAyFmlo/CNgnOAYMopICBM4u4VMNLAwy42wmBxOU13JTHSYBGFI9i30OJA7hRppMcYQ5aloyc8e6zF4vxeTBT9uTlPismO69U9k+73uGljO/ttySsXWV09W8ve8gHgAp8s7pSTIS4n1QRGHODQcZTEcTUaiVkskQwl5xpUmChOfMMKwp6LbUQpJia0YDce6FRyYXzyyubStZg4T9O2FIlLW8KHNUhg8w5TYQE2TUFyck9QeyiS1AAxshzVRJxE9RZAXbk7nunwgcrUamPoe+pO4yFH8RztymlpzklInCYuDm2WuTHO35Kiuy/gYRyHyeye2LTuQibyLlyRmRl3ZHZB+Iohaxu/GFErqwxgRR8u2KvoU3js7UVMUYwHbqE6VzznGybHl51HhKR7WBU+gGKWQMafssteb4XuNHSHMh2yO6b1BfvEeaGgfmTgkFRbfb/AA2iSfzSO3JPZJfLMNt26W2D6C2+gDAJqgNdK7n2Vp4Y05wgNZjdGzgYJRbSQeezgGDlcc7smPfg7Bca09zlTH7CHaiuDlJIbKyBQQBwusY6QgBcbE5+MKxpKfQA5wQjoRFTU2MOcMYTqmsZHhjRnC5V1IhGkDsqsB9Q4kkqDHLCwiQ+oM7sAcokUYa3JCZDD4e7gqu+3yOiidFG7fugnPYTKjFykxt8vMdMx0MLtxyViqqqfUv1OJx6J9VUvqXlznbHdRTpxysNtu7g5s5ysllsYfdMJA7rru6FvqxnlYpt5JFCa8lwGFNgYNiUBjRsSjtkbsOEPZqqjGLy0SA4NwAkC47IL2EkYKlwRZAyglHJuUt3BxjHHchFaw+ikMgbzhFboYOFMDox/ZHDT6I2hoAJx+qUkzG8NUWWYnsphklNR7DAhpzkfqumZoHYn7qCZSSugEolHPYl2cEg1Rz5Vw1c+Ma0NtO8kIraV2N1fRScmMbU1PPiI8dRVf8AecJMp9vpRmRYI2UHRizjKio4JGFMikJxlqYyJuMonhjT5RkpY9PHZIayJ4GsBcMAOcbIBjqA4FrTj7qbA1zuQoWyN8p3x+662nx+HKshE0N4QDgdsfmmRhuMttqj2R9BCdIAwZRzE47hqm0ltDcSS7k7gJqrwcLVeXjDNcSJT2x1SGPIx91c0tO2njDA3b/NFia1jNLW4CeBlMUTzWovldLdJiBxwE7OU0jC4rawZFLDHpJJwGEaWQhqS6RhcVkGJ6SeqIaswgjhRZKKKUFsjcqeuYC+KwvnW8xZ+k7NLC1YmjP1fTkUpLom5OFTVVhqYzkDYey3IGECWMP5GV1dL5W2DxJ5PMeQ+ltLflxWDB/KTQnEjcYRY84x6LWzUNPKN4wq2ptHJp2Lt0+UrsWGeT1P0zfpsuDzgqEkaSgniJ1t4QtPutW+Fn4nKjVZW/uTQ5JJJA45HxbTOscWnlHEjiAUDQ7GcIjRsQs9lafZ0tPqrKHmDJMc2g9lOguMke2dQ9MqoGc8lOa8sON1kt0qkuD1XjfqKyqSjMvHfI14/mNDH+qgyxTUT/IS5vbKAyfBGylsrQQA4ZXNv0uD2+j8rXqEvjlhnY6qOUDfBHYqXFO5vbIVfWUUNXh7CY3Du3ZRDLcLa4ax4sfqOcLm2UL+k7MNbOnm1ZRqoqx+Bq7qZFUB2xWapL3S1AA0uA91YNmJblucH3WOenkvR29NqYWxUol81wcMhOaMnBVDBWzRO2cSPQqxgrS/Bdv9ljcOTZG0svBaW8ZQXU4J4SjnyNuEdsrXchC00OjNEV9EHY2UeegwNtlak6iNk8hjgARhUPwmZqShcN9OMITm1EeDG7YLUOo2O4ATJLUCMmJQW68sz0VVK4hsgGyN4sLtte6nVNr058NirpqGVm+kEIyOtoc5pO7DlDxUcyDZCEk0ZwDghGjrsECoaji0Z5RONlwcEYRA4HunGSjkxhn7prrf4g1U7laZWGh3KaWHlBfDXQb51AJprWtAD2ODu+yMnytvGCUB6J2rSAC1BirYSAQ78kbU2QAjhTZlckjPJ1sbHg5CE6MNJwjM7j1TAwndLcUMUgIaRsAucIuAkWsI3aqda/RWW2NyOxUyC618LAxlQ7A4yVXPY7PlH7rgdKzAdGlbRsZGlpupnsYG1MWvHccqU28Wqobre0AnkELKNlJ5CcHAKKOQ8ou660W2pxLTSBpdv5VU1NjqmDMY1BPimLPpcQpDLhPGBvlXsIyinjqqd3njP3TBVPaNx+RWiZctR/nQRuA9kKcWiodrfBoJ5xwglAXLKKL5kyEEnJT/AJupiI8KVzPsVLlsMMuZaCrGezSVCntF1jbqZH4mOQ0pTqyB8hpLT8ReqrS9jo7m+VrBgNmw/A9Nwtravj3UwgC6WvVG0eZ0R7+vsvGw6dmWyxvaR6hcDznk/qly0ykT5D6dsnxd6Wuro2NkdE5//ebfutdR9SWqrf4UVQwnHGV8bv1kAtJH2Um3Xq52txfQ1kkbjjh2xSJaPgNTPsxlXbnkB87D/wCIBS42QSAGmqo8/wCF2V8n234r3akcBWsjd7jK09r+MkRwTM6M/wCE4WV6N+g0z6LNLdWHXH4UjB6nBQzXXGmdqqbdNo7uYMgLyez/ABcLnhjLlr1ctkcCFrqD4tU+sCrblhH4N0l6afsvLfRrXdQ24jEkbiP8bFV13R3QnUbXSVVlojLJy9rdJ/YhKk646OujxFVNjiLhsZW4CtG2qx3Ngkt1VETyDTyZI/JBscHyErV1JNHnV1/s99NVM4qLZdaqhfnOcB4/ff8AdVVV8H/irZR4nSnVUddE448F5LBz9yvWZunLrTN8aiuL5HD8EpyFFLuraLEzqdtRG3lreQik30gsxl+LPJD1B8VenGOi6h6HmqWw7GSEac++WhydRfGW0F/g3a3z0L+MSnIz98L15nVEDHMFXQ1VPK5wGl7cb+yLW0vRnVcP/vm10FaXDB+YDQ/90pxfsjlKL5MFRfEXpmpaGQXWPHOHZAH6hWouVoukTTK1k0LhxsQVHun9nz4bXHVJSUEtE9/DoJzpb+SzFZ/Z3vlvEjemuqIyzYsbPI6Mu9sgolHI1Wccosrl8P8Aou5h2in+W1HJEI05Koz8JXx+Sx9SSsH4Y5Sf2OVDqOkfjb07IHtpHVQj+n5bROXD/P8AZVv/ALTetLXVFl5o3B7RxPHpI+ya4uPOchblgm1/RnXtvxFLSU9wjbs7wxlypZzcKNxbcem6qEM2cTHnC01N8bqMMDayhkLgN3MOc/kri3fFbpm5ljDUGF7+A/Az7I18kecBdHmE38AqJdTGeG5wyQ4aQgOp7c8/y8bejl7BU2/oHqN58Sko3zv5dGW/6FVNR8MumJyW2+WeBw7tdsjVmfyBlJSPPKOStts7am2VMsDx+JritZbfib11RZ035784yJ3NPHpq4/JPqvhTc2ea3XYho7SO5VZP0H1VT7vp21IHdm6XOMJdg7Y+zb2/45X6F7RXUdNO0DBDX4J9+CtHbvjhZ3h38Qs0zM4xocH+vsMLxiWwXajcBVW6pjP/ANKJ/wAkx0L2Ea43DHqCEp0VPtFSprl6Poqh+J/QNw0eK59MX8eLF/0yrZl76MqziK7U4/NfM8T9IGUeOYsds/H5pE9JF/iLeli/xPpmOCzV/loa6GV43w1y62zOadpG5C+b2XKoiAxO8f8AiVrRdX3ijAbDXTNA9JClPRuID0uD3g26pa4t8IkeqFJRvbjxIv2XklF8Sr7TYxdHv9nnKuKf4qXaQDxJYTj/AApUtJYukSOnkvxN5Jb4n/XADj2UR9qoyf7oBZyL4oyjAlbFn7KZF8SoX4bLTU2/fTuhentXoL+PZ+ia+wQai5jsegwoU9rrYH4jc0t7FSo+trVJu+MEn+kozepLZN2IBQxjOL5QSpkuytFJV484Bx6JvnZxIWn1Vw29Ww7BoJQzUU0xJbTgj3HKNxbJ8ZXNrKkHyVzvtlHbcq9o8tW4Y90fVTcCgjJ+yDJT+JxQZB7AKlFspUpjmXu4R+YVBcB35QpesK2Nu1RqP2UK6UFy+Wc2gpJWt7hgKz0dlvTPN8pVZ9wUarB+FGrb19WtAY+m1u9Q1c/29rAcmBn2WXFDe2AgwSAe4QjTVbfrZg91arwMWmg/Rrf/AGh1QBHyrUM/EWrztSNwsrpx9RAKjySxxjdw/Mq3DJUqK0bj/wBo2WgOo9J7nI3Xf/aBH/8AIzl59LVR5+pu3umCupzsH7/ZDsK+Gv8AR6IPiAzP/ZypTOuw8AeBGM/4F5qJSRljSfsFxrqyUhrIp/yYpsK+Kt9Hp46uL92sgH3anjqeV2w+U3/Veaso7s8ZbBU78eQo8dpv8vFHU/8AlV7EKcUj0cX+d4yPD/JOF7rXf8Rq8/isPVT/AKKSp/QqRH031k44FDUY9d0E4fomxG7F2qTvraufxioH4gshH0r1keaOf91Lj6R60fzQTAe5b/1S9rBkox7NbH1A9rQ12n9UX/aGPvIFk29H9YnAML249gf80VvRXVpwHNIz6q8C8xXs1MV+gf8AU7P2UgXmmJ7rJjojqpoBFRGz80aPpe/wuHi3SEfbOVMFZTNULpT87pxu1PgeUrON6fuQH8y8tb9k/wDhBbgS35p/PCpA4yaD+KUw5yl/G6DOC8qgda6KMZlvOR7OUaojsDQNVylJHoUyMGwlXk1X8YoMZ8UoZvtAOZNlkSbKD5KyZ3/iRG/LSACCJzvQuROAaq9mnd1Ja2/8Uk+iA7q6iGdMErsKkbb65+7Kam0+p5RRaKsgF/gx/wDiwiVTYXxxXZPPWLQcRUkg9ygSdXVQGfAIzxuoj6Cggw+5XGOGPu4PwoNX1J0HbMmS7ePo9HqKhsKMI/osXdR3iodiBiH4l9neXumdk/dZyT4y9EUDf9zp6mVw7BmVVVf9oRoaWW6wtLuxnZgYRLSTfSGqEl+MUbwUF2qfLNVOA+5Uqn6dmfgVDsj1K8jqPjl1dUOBpqWhph/hhyq+q+JPX1y1eJfnxB3aJmj9fVWtJZnom2z9YPd4+n6GLeeoiY3vqSlqui7YNVVdqVpHIDt/0XzdJcLnUyulrrxUvJ9ZeEJ1Vb4BmW4Q57kuyU3+FN8kenb5csH0JV/Er4b2sDNUZj/gZlU8nx8swBbabDVyRg4DyAM/lheFS32yR7mcTOHZmUFnVDDtT26peBx5dkS0uCvghH8m2ey1vxz6kk2oLXS04PHiHWf0wMLP3H4nfES5MLTcRA3t4DNB/XKwLL7e59qOyuyeDI1E8PrypwI6VkQPphUqGi1GuP4xRfPunV9R/fXmpOf8ZUU2mSZxlq5y97tyXE5UOKydQh2Lhdi0kbhvZSWdL+LvNdKx/r59karSGKaXo6LdSxOy6UY9C5Fb/CGbOdk98FEg6Sp2ESNkml9nuJU2LpWE7mlz93KKtBq3JDM9lYMuz+WUVl0twGllJI7H/wBDV7T9OQta1pjjAHbSrBlmo49OYx+iv4kFuRlorg1+0NDj/nYpMTKx7tTKfTn0C1EcFtgbmRrQB3TajqPpy2RF9RcKeLGwBcMlX8IMrEiphoq+UDUz9lMjsdW/cjGfZQ5/iz0RQt1Pucbj/gOVS1n9onpOmJFNrnI7Fir4mB8prWdNzP8Ar3UuLpZrWgmQfYrzCt/tLQYxRWXX75x/oqOp/tDdQ1oIorcyLf8AErVQXyxXZ7izptufPIMd9lIFntcI85HvkL5uq/jL13U4MLo2A/0gqsl+IPXtds+5zDPor+Mv5Iv8T6kEVjgOXPZsg1F86TpNp5o2keq+VpLp1nWby3WrIPo8obLL1BWDM1wq3Z3wXEhT40WpNn07P110TSnU25UwI/xBVtV8XeiaUb1sbiPQhfPMXRtxld55XH77qW3oKU41AbqfGTLfSPZ6j479IQk+G7UR6FVNX/aHs/FPFLsfTOV5tF8P2MwTE381Kp+hKLUPEgaMd8qfGglGztI11R/aHGMU9CXe5aquX+0BeJSfDt5Hp5SobejLazAEIUqHpS1RjeHKnxpE+O2XsC7439VzHLYImjsN8oE3xf6xeP7oDPplWjOnLUzcUwyl/B6UO/uW4+ynxBRrsXso3fFPrOT6vEH2THfETrCTltV+WVpW2qkwB4Df0UkUUTWgCFuPsrVeA9kn+TMe7rrq52N6vP5p7er+qyATU1//AJlqhQw5/um/oni2xbYjG6JQSJ8Zkj1d1Xv/ALxcP/Mhf7X9WZP8+4f+ZbX+Hwf90EVtvgz/AHYU2JE+MxA6s6tI/wC0XD9Sujqfq3k1Vw/Vb0UNNpz4TUvlKcH+6b+iBYL+PJhB1N1cdhLXEn7rv8W61k5fXEH3K3zY2NGGsA/JdVZS9FfGef8AzXV7yC59cD9yiuPVLm+eapI9HEreAZRBDwcBRY/RPjPPDQdRTuBIJPq4nKKLF1C/6njH3K9DEYx9A/RdMQGCW8qdeifGYBvTd4O737n3KM3pW6HGZRv6rchgyPKikAgadlM49EdZhB0jcSM6wu/7I14315W80+6Wn3U3f2AcF6MJ/s5cG7B37rgsd3H4yt54a4W7KZS9E2swotd4h8wcSUVtT1DT4I8f/mAWxLPNn/RE+X1DKOO19oXKEn0Zyg616rtxJir7g31AcVdUXxn6qpCGyVdU9o7SRD/NSBQR6tRjGTzso8thopnEyxZB7K3XW/Qt18F7b/jwHODbmC7J9AMLS0nxc6FqWt+eLsnnYLzOXpC0SHPgEFCf0HbKhmGkxu7EJb0tcuuBLr5PcI67oK9RNlpjA8OG2MIo6KslcNUVOwA8eVfP5+Gp1h8NQwkeoKJJ0Z1RRDVb7mz7CQof4j9T/wC4O1nuFX8NqJ27IG4x6Ksf8OIQdo8LyyG8/Ga1l3y13qZA7BJefF49NXH5K5pfjH8UrY6MV9rp6xjRhwfA4F35jKp6e9dSTBaeDWTfDOUvPh1DQD2I4UV3wuuY3hnY5Nov7Sdtbll16R8OcfX4J/zyFrLT8cvh9cAzxqo0ReNhJGP+qXKGoh2IaZiqj4cdSx/3J49HEKHJ0t1vR7sfIQOwcV7PRdbdGXGLxaW/UTh3BfjCt4qi3ynbST9kOJdtCZZizwJtR8Q6AYb8xgepOCiw9b9aUpDZYm5HdwX0EIaSQDNPG4e7QmTWOx1IxUWmmPvoCDco9ony49HhsHxO6kgcPGhjcPblWcPxbc4AVcUrcfbC9Rn6H6XnO9siGfRqran4UdL1IyynEZ9gpuqfaKVsF2ZKl+KdvlIBfKPzVvB15aakAF7887rtT8E7Y/ejmLVVVHwZr4cupqzVj1KqSqf4l76pezTU3UlDJ543AfmrWl6nA4qAvOP/AGedU0b/AOUTIBv5clFNB1LQDElNJkf4SlOODPKMJM9bpuoojG0vw4+oKsIrrRysDtePZeMNud3iwH0rxp/JWVF1FI7EbnOa4dikziDPT1vo9YjqKd58mDlGbJGAPK0Z74XmsHUrozjxM/mrSm6ja5od4p/MpYmema6Nk4RP43yhSUUTyNBGSqWkv0L3Br3HB7qey50riPOVeGJ+GUSWyjPLXbjtlO8OqaMPaSAhR1sXLX5R210p21bIwPjZwlw5am6M9kXxQ4bgLmWZ3CsFxaBGnA32CY6SoGPDdwpoigI+nf7oRjxwqwL2sAKqpby7hEbcnghshwk6L1CH4WOynRJQROinY8Ah6N4rRgZBVVocODhJ0krSMHP3QtgbC5MhcPROaqmKtcPrOQpTK2MjbdJzyVKOCWNk/wAQeijtnDk8PBTVyhEq8htXsuE5TElOwNmB+ojukXE7EpiSvBBye5o77oSdkIkyJ4Ky6dNW65ecRiGT+pmxVDPa71ZzqYTUQjjucLaBwCWsHYhHkdkxlNfIZHeHUAxuGxyranq2HBY4OGOxUi6dPW+5DJjEb/6mbFZWss16sb/EpnGeL23IUyiGrE8Upwdik+leW6mODvYLO0F7ZMA2YgP7tOxCuqeqYWgwPcD6ZVxm0VjkDOzOWSR5HcEZVJWdPsLzU0D3RSjcFhxutUJYp/LK0A+qFLR/iiOU6uwYuUZqj6pvtmcIrvSOlgG3iDc4Wyo7lZOoaINY+Kdj2+aN2D+yqJ4Q9pjnjDgexCztZYH0cvzdondBJnOGHAP3C1Qtx0Zpwy+Cwrej7rZqr+IdIuaI9zJSOcdDvsECivlNd5X2670Xy1SBgxyjGfsjWnraS3n5e/seANhI0f5q8uNmsfU8TawafEc3LZozv7bhbK9S1xIXtZ5R8QvgtYeqKV7TRQSB4OWuYCDlfH/xN/s1dRdJzOrbHG6emyS9rs6m/wDX/wBF9+RMuPTk3hV73VFG/wArXncs+5Xa6gtF+hI0xSNI9Mr0/ivO36DiHK/Ri1vjtPr4bb45f79n5Ny0s0MroJWmORhw4EcFRzPIyXwak7HYOwvu34r/ANmCz39hq7VTH5k5OvVj7cBfIfXXw06h6Kn8K70jhCXFrJcH919N8V9QafXLb1L9Hzfyv0vqNNzB7o/v2ZGaLw3am42HIRaO5mJ2md3GyERp8hO+OEGaCSLDns2PBXpq9TH2zxms8bKuO/HCNFBXRzDLDlGaQVl4ap1O8PYeOQraC5RTYA57rXGyMkcSdfPBNfwosmW5BGxUou1AHCFIwS7cKnyUuCjuFpjqsuiw1yz80T6eQxytwR+62MsLoznkH9lGqKKGsbplYD790qyBup1Di8PoyWncbppbjurKvtUlLlzQXM/yVdIM4WaUGzpQsU1lAj3UZ7Oc91JOyadOFnlHIxYK+RhB4QnjAU2UDPCiPBzwslleTRCWAI5KPSu0yA54QCMrrMgrPtRphPDyXcU2eBypLHnIVXRTAnS479lZB3cBZ5rJ2tJbuWSdDJjupcchJzhVccnCnRSDSFkmuTuUWZRPY7fAKdP9IOcqNC7BGSpGcsyqa4OgpZRGecOR4HZPKj1H1BchJyiB9lkTkDdVtQNNQ5w7qWwk53USsGXfdMQu/iORZLmH7KsnJbJvturOIANwe6q6/Gc47rRDnswat4imPzqZglU7hh7gTwVYxPOkZUOoAEzi0bFdKh7UeS8it0shacnOEZyBA4AozncLR2cdrDAo8TjhARYnABWwSQeFFm7/AHUokKNLx+avOAUAHJQ6k8J7knjKVJpjl0RQ453CLEuOaOyczlCMaC8hCPB+6KPpQX8FSaygVwyNMRqGEQfQgTfWn/gCQngagEvOFHqeyNJ9SjVPISpyNEOh1P8AUFaU/BVXT/UFaU/BTYAW9hH91wcLp5TSMIpLIhj3N1YWhoG6aZvuqADJCvqUgUzcpE454Neke15D6vdI5dsgMJLsZKkQDUQ0d1r00FF5Odrr98zb9IQuc0Oxs1bFmQFQdMQGGJpIwC1aIlrQPZdSPR43VvfNh7bH4tY0n2W8gbpa0DssZYWGSrGy2xOGgJhybpc7SQHNAOSFAo2Nrbq1jz5WHOAuVdT4EL5fQI3S1IWQyVcgJdIcg+yYJb4NDOQ1ojaduwXWN0s91Ejc6afODgbKYSAMZRmZ9nYsulDSpeA0Y9ECnA1ZRHO1TBjeyohMp949Z5QJpMOwN0RpDIsk4wFFJ1HPqiAGyuBeACpLyWwZbyoMBMtafQKUSXzeHwAkSWSAq+tbS0ck520NP5n0Wbt8Pg2+SukJ1TuLzlS+opPm5YrTETlzg5+D2Vf1PXstlmcwENDW4A9+ELexZNFcN8lFHm3U9ZHVXKR8ZyG+VVdqYaisaCNmlDlJe5z3uyXElT7FTPMrqgjyjZeX83qcQZ9g+kNE4SgjRsY3YAKdTtA5UKn3O6nNGAPdfN9XLOWfe/HVYXI2szHCS07lVwJU2tcThme6CAABhcqT5O5GPofAM74TpcAJ8DRv9k2Ub4RJ4eQ3XwRXO824TaqGCogNNUs1xyDDgjmLILscd1Emk3GyfXJ5yjm6yCUGmfOvxB6bk6evs8TGHwJHGSM420ngLLah6r6I6+6Zb1LanRQtaKpgyxx7+y+cpIpqWofTTNLXxuLXA7br3PjNa7a1GZ8e+oNA9Nf8iWIslU9QWPx2VtFMHsBAyqNrgWnA4UyhqdA0O7Fej012FtZ5W+vjKLLS70TUZg1NBwuOaQVvksGBPPDBJLuldAwiSGtgkUjK6hs+oI+idhRyitaMbhCj5CMCMIwW8HUgcHKSWMqmHFtPKJMLw4YI3T/C05IGDyo8Z0lTBhzBk47pE1k62nnuii3t9UZYg0jcKwDcgYWchdJBIHMOB3Hqr+mnY9rSDnUMoDt02ZikGB7KRgFo3Qg1x7J4yCjRsgMkiyOFEnh76f3Vls4YwhyQe3KqURsq0+iinicNwFDewPGCr2WnB3wqarhMUhxsMpTRncSrrKPUDgdlRzRmKTBGFrBg8jOFUXOic5xmYzOOQl4OXqaG5ZRCpqp0bm4WntNzDg1jiFkiS0kEcKXQzmCUPyceiovT3Sre09ChkDsHupsLtgs/bawTNDwVdxTjABCh6HTW7lyToyVNiOcE7qvjOVKhOMKHUgyPe+l6HqGn0O0w1A3ZKGjOff1C8wvvS12ss746ylc+IH+8bwvXw7bAKkGOnq6YU1VEJG8HUMqGPVeMq1L3riR89VdA10fiU7cEcj1VcYy0DIwvW+pPhzURl9ZZntkY7JMR2I+y84rbZN4r4ZWeG9pwQexCh5jVePsok1Nf9SryEkpqaandiQbdiuA5QHLshseDqSYkoLHpJJIQxiSSSSQSSSShBJJJKEEl3wkrC2Ugkd4z25AOAoo7pJEXJKttA1uJnjfsCrPAjA8qTGt0+UYTnDOMrdGO0LG1ZZFq5AxueCq07nKNVy+JKccDZBG6ekZ5vc8jmDJG2VNZHhgymU0Y+ohFmmYxuwVN4WQSDXTHPhNdj1UFzfdFlOp5cd8lMIykyluGQGpJJICxJJJKEBjlFaNt0Jn1BF7DdKm8EHDc4HfZa61UTKSkYCPO/wA7lWdP21kmayZmWtOGA+q0CFN9nQ09K7aHNGETbCGu5KNv9m+CWMCJOdikHHUN1wnCbgpg1IkjhE54QAd8ZRGNke5rGMLsqBxjKbxBcj04A5wOSt10x8HuquoWsqZo/wCH07+HzN83/l2/zXrvTPwh6WsGmeop/nKkD65NwPsEcYNnW0XhdRqpYl9qPFOmvhv1V1G4PhoDBTkAmaQ4H5L1zpH4OWCzuZVXeH5+Uch52z7L0RseHegRS0OA7I8YPWaLw1GmWH9z/uCpaSlpG+HSQNiYAAAApLeE0DCc1GuzpxpUPxQ3OUiAeVxq6nIPager2XefZNXWo2DgWn3TXy6OwTKmoZTxl8hDW9yVm6ipufUs7rdaInw0hOJqpw7d2hXFgylgJcr/AFlbWMtVjjL3P8r5uWM+5VnYOl6a1v8AmqsipqzkmQ7gH2U2z2CktFK2np/M78Tzy5WhjDQOyaDjPIidQ33TXYwulwQCfdGVxFHHHfATHkaeUi4Y3Kiufud1Bcmkss4XAE7KuuNdFAzz8+mU+43CGjj8SR2/YZ5WKuFe+tmL3O8o4CKMcmLU6rZ0Hu92lqB4ULtI7kKpycZPKdjfco0NO55Hp6rRGODg2TlOblIjxwOldxhWFPQMjw8N3UmGka1uogbJ4IGcN490Yh9A/Da0ABCqAGtznOEWWoDOcDCzN1vZlJpqbbHJRRhkw36mNayw9wuLIAXO7cKnFRPUSOkk4PAQWtke7VKS7vuUduAnKODz92ostlnJ3ATnEYzlDe/A23QtTndk2Mcmdt+zrzk7JBhJBTmMJ3wiAAIsFCa0AcJEgDKROAVQ3K65Jpqc5erKJNwurGPEUe5zglRY2OMmtziR2yh0VA5zPHnbl5RppWU7QD3S5fsROaOve2IE7LH9QdR+O40FA7U/OCR39k2/dQyV0ptdtJznEjx/kmUFtjoYwSxpkI+o74S5SyY7bt3EWEtlpgo2mokGqZ4ySeymkZXG5xuUncYUisiV9vLHagDyEx83AAyhnJOyJFEQckIug4tsTQ4kOIRxjHK5hrRhBbqL0IwJpyUVkZLgMrsMZdhToYg0g6VGxsYZHU1MMAkYXaqpbCA1oylU1jKeLy8nYAHdVbXSVL9R7qBtpcI44yTyEuOcqZBDoGSN0oomsGSN1Cut0Fvi8TVj2QTnsWQW8LcAvl6ioonMjdvxlYasqpKiTxJHZz2RKyukrZS+TjJwoT27crDbbv4Mk5SseZHS7I5QC53GUiTqO64sjfItRwJJJJCFHsKwZynxRPe7CdTwPeRjgq3paMRAHG5VmuqEpAKelzuQpJjDcY7I+lrAo09bFGME7qGpP4+wuogbjhQ5qo8bID6qaZwax2x2RYbbUSkOeC3KpRyLnZOb/wBPob4z5N8J4jfJw1ToLcW4yFMhpWMHGUTgHXTKf5sp2W6dxzj9lNjoXxtBep+nHBT8HG5Q9GuOnj+yC2DHZFbCMbqR4W+dP7peEfRWGq8ARG0dkvCxwpDYSSpLKbyg4Cg1RSIAiPouhjgdxhThCNWMI8cFOMGUfol8hYTIcRJOMKQ+SKnZlx3Taqpp4vLHFnCriZJpC955TYQbOXrdfDT/AIssqar8YloH291Mjo5dQc5uAVUROdCQ5oyVd0VxD2hsxA+6111ZPH6zVW3S3ZDsp2tABCOBhdaGuGppyE8N9lc4KJy5ZbyxDZOzjZcG6R5QAWP9BVwjPddSUFjkkklAhqSKkoMwCXdPuuhpHZItceyOMclGx1FIklLSR2XF8GUsn6n2DUzGUVNRKbRnnWDIHohFvO2ykpmn2Tq7cGSynPBDfE1xy4ccKLU2yCfLmgNee4Vm5gzlc0+66On1s6+jl6rxsLo4kjNT0E8BOW5HqEEM3AzuFp9APJUWpt8EoJDdJ9QuvR5BP8zyut8FOD31clOGtIXNHoFKdb5G7t4HbKGIJGuAI4Wr542fic1aS2r80RSwnsuhpcVKa0YwAu+GPRTIxQSAiHK6YZQMsRSHD8K61xB4/dKlFS7N2ntnS8xYBk08Tv5hyFPhqqWpaGGTBPIQTE2QDI5QnUTGHMOzkizT1zWUj02i+otTQtln3INU2OKVuqlfocN9tgVDbNcra7TIC5g9UR89yoSHlmtvopdPdKSsHhzjDu4cFgu076SPV6bymnthvpliQ6mulNUYDzocpzHuA1RuyPUKqq7LHN/MpXgH2KiMmuFudpdktHqsF2kS6R3KfIfGv9Tk1DK57BuVPp66J+A44PusvFeIJAPEbhylR1AeA5vBWCzSs6lWurmsxNXHUtecNIJRvFJI2WWimka7MbyCPdWVPdXNwJht6hY5UtHSruUlyXsUm2/b3UiGoJ2wqllVHI3Ux4+yM2Qg5aSh2s1Rkn0WhZFJyEOa3U0wwG7lRIqh/wCIkqQ2TShDyQanp1zjmLG6rKuxV0W4iyPVaiOoOcYRnSmbyyHIUyC6oyME6mngd52YXGVk0WzSt0+ipJQdUY3VdU9MUswOH4P2VqXIudTj0Z1tfnkgqXFLR1H1NaHe4Rajo6pDs0pzlVc9pvVE5wlo3lre7d01PkRtfUkTJbXTPJexuCfQqKbROCTHM4A7gKCbpNAdDy4Y7FSabqBgAa/cd03PGQf9Fia+40x01FPkDggpwuUPDgWkcgqdHdqaUAlw/NSBSW+p/maWZPOEvc88EVUpfgQI54pAC1437ImxTn2OnLtUcjgPQJjbVWwnyTbdtQRp/sYozS5Q1zO6aBkYJ4SLK+N+l8QeB6JeI3HmY5p7ghDJLspZGiMDjuumB7hkLviN7FGa8OOEOMdF5IwFREc+Gceq78w4jDhhSy9vqmmGN2dlQRF+ZiBAL910OafREdRU798HKjyU0zf7ndTIMlkkREszpPIwlHNNE7VHK4H7qA5tyYc8hOE72/WN0GEDtZZiqdICyaNj2nnLd0x9LbZ26TGY3eoUJtYO6eKljxlXtKyOfatQ/kSB2OAe6jOt9ZG3MkADR3aFKErmcFFFVNgDxNlGslZKl9A1/wBcex/ZRpLOwt1Rcq9LznJAJ+yG/Q8khuk+yrYi28meMdVSu1RFzXD1JUqHqa90pGl0px7kKzLGnkA/cJnhMPp+iGUFIpOa6Y+k+IVdBKBWRlzffdXlD8RYJ5fD8Z8J7HUVm3W6nlJcWjf2UGSywOeXN8qS9NCXaI7pxfPJ7FZvjD1FbHN+Uv5LWcBwyQPTK2Fu/tHdRMkDq6hpbiDsc+Q/qMr5nlo6qm/uHHH3To7jdqUgMJ/VC9JD0C7YyfKPryk/tBdOVz/lrhYaine9uHiKXXsfXIWlp+sPhLd6TTUOhaXcOq6bg+7mhfEjep69v1gkq0ournjGqVzT3GUiekXoLNL6k0z7SprJ0RWHxLX1ZBTPbjHylzLf0Y7/AKq6/wBmbvTwufbb/DUjGQ+qDjqH/MOF8X0nVpDR/PP6q5t3XFTRyeNDWy+4a8hIemZSjP8Apl/3Pqw0nV1IQ6SlpKxruRT1HH5O/wBECqrBGA3qDp+ZtOdiaiBj48/+FeGUPxz6yhb4kHU0ztXLKj+YP0Ku6T+0b1XE4NmfRSD18LH7AhL/AIkk8oa46hd4NrcOj/g5fdZqLZbYJXnzPhY6F4P3Cydx/s99C3Hy2DquppJHHILiJRj7bKy//GC6cusbo+pOkvFj4dLHJG7H5PaAnu+IPwTuDdNRb6imbzuwN/Tw9WfyRqmz2y1ZKH5p/wDqee9R/wBnvrOxwmos1WLuxu/8l+hw/wDCT/ksW6m+IFgmME8F1pXM/CQ4YX0ZbH/Dm4Q6+lfinXwu/wDkP51hxnjySY/ZSZunuqZGA0/XUtQz+p9tZIf/ADMcU+vdHtJhx1CfHOf8HzbH8QutLO7+ZUTb9qhp3/VWFL8c+oYcCooaabHfGCvWeoOnOvX0h11Vqqj/APRY3NI+wfj9lgLnZLtRyYvHw8t9W7vI2ixn9MonGFj5jgapS7bI8Hx5pjtcrLgH/u5B/lhTYfjL0NUj/ebbKwn+uIH/AKKiqY+mGeWu+HUFO4948sVa+19DykmS111PntG7ICW9LXP0HGdkfZ6JF1b8LbmQBd6JpPrG5n+YVpRUHQdwI+V6gosnsHN/1XkZ6U6AqASLpV0p/wDopwmH4Y0VSTJZeqWzM9c5/wBUv+Io/iT5X+j3OPoWzVgzR3CGUe2P9F1/wrcW5jcw5Xgzvh11VTY/h97iH/NKRlWEMnxjtB1w9S1RA/pqs5/VV/Fm+mX8rfo9cm+F1ez6Y2lRz8Obyzf5Zo/NedU3xP8AjRast/ickw7+Mxr1Mi/tC/FCkeGzUlFIRzmnwSkyovXTRPla9Gym6HvkeAKYHCjydM3yMHVQyfmFV0f9p3qmMYuPTVFN7tJaQrSm/tO28kfxLpCZvqY5tX7EJcqr0XG8jPsd6jORTvCb/D+oG/ieFf039o7oSoH+82erhI/wBynQ/Hj4VTj+eZ4vZ9KUl1WrtBK0xorbvSyaZTLj1Csae6XFwBZNV49itxR/Ev4N15YXXekBf6xnb9leQdWfCojMF7t3/lP/AEVfE/0U7lH0eZ/xava0uNRVjAymM6mvQIbBX1I/NeusuvQkkbJqe9WwNd9JwFKZW9Lkam3i0H0ywf8AVRUtC5apR/pZ5DHd+sak4ppq1w76RspjYOvpwP59Y0H1Xqr75bGnLb3byBwC4YH/AEQpupqCMDF2tp/+2gf/ALynxMH+S3ykeZjpnq+p/v7jVNz2LsLsPw6ukz/97utQAd8+IvQX9Y26I5NxtRx6vVfXfEyx0+0lTanY5/mD/op8TB/kWPhIz1P8NKXP8+5VD/s8qbF0FaId5IXzY/rciP8Ai70q0EONMT3MJCjSfGfpBn93DNIfRpRfDlF7rZeiyi6TsbMD+Dxux653UuLp62jHg9Pw/fCwtd8eooZCKLpad7Rw8zkZ/LCgz/Hvq6UA0PTtIwdsuyR+yH+O2Ftsa6PVorFSxAaLRG3/AMIUuntkTXgtpI4/fSvBqj4t/FSrlLhMIg7YBjMY/dCf1r8UqoAyXa44PodlHphU6Ln0z6NZbonY1DT/AMoCmQUkEeMufgfZfMLr/wDEuY+a+V7f/EhTVnxBeB/9cVxyf/o3/ootO2AtLY/yZ9XMhoACTUP+2ye2a2RbSVOB7lfJDj147+96jrD96n/0UaSk6tk3kvk7j7yEo/4jYMtDv/qZ9gGtsucuujPyedk0XWwNzq6hhAHYyL4zlsF6lJMtWHF3JJJJQP8AZeu5MjSp/EyA/HL/AJ2faYvvS7c6upKbPvImnqfpVg83UdtwPWpbn/NfFv8As1W/1NSHTtY05L2qfwyv+Gr/AJmfZrusOjc4PUtsz6GpZ/1Tf9qekXf/AGZtrvcTsK+N3Wt8LQHOBJQn0FS3hucqv4eS/wDhsP8AmZ9l/wC0vRztjdLf/wDdWf8AVQql/QVbIXvu9Ewnfyyt/wCq+P8A5Kq/oXDR1I3LMKLRF/8ADkupM+tJrf8AD9+XHqSBuP8A6MFW1dx+GtpYZJOo6OTHAI1f6r5bMTwQ3ScqTT0NSTnQjjpcBR0aj/Uz3yt+Kvw6t7GmmhZVnJG0WMLO3P45OIDbTZKVsefLqaM4XlptFScZblPZY6vAG+E6Omj7HquP6NXcPi31NVkeD4NOPRgwqWq636hqsma5S/YOQY+m5pAPEaVJh6Re530FMVCzwHs9opJbhJPIZamoe5x3JJyozquIvwY3OH2Wzp+j3AY0g/dS4Ok2RuzIxoHu1GqUiLCMMx1OAAyglcfsiNZXS4bDbXtA4yF6HHZ7ZHgTgbeyI8WekxoA/NEoJdFuTgefxWa81AwIC0H0UpnRF9qcA1M7QfQrXyX600jC8ysYB3zsFUVnxEtEOQ65wAD/ABKYK+Zeyui+GE8mHVlZOc/48KfB8NLNAAZqh5Pu4lVNZ8V7DGcCvdIT2Zuqqr+L9vYMQU1RKfZuVe0Cd8Osm1g6SsFL5WQtd+Q3VhHSxQsDKSjjAG30rymb4sXCo8tBbC13rI3Cgz9ddY1JwyV0IP8AQFWwre5Hsb4qgHOkMHpjCZI+kibmruBhxzqcvFqm4daXVohmuE3h9wSQgDpi5znVLPklV8aJlnskvUPR9LvVXuFxA9ckqFN8TOj6TaGR82nbyN5XmEHRj5Hj5h5x65U+LpJkRGHA4Q/GWotmtq/jLa4nA0Nlq5SP8OAoM3xrvsw00Nnjj95mKvi6dEbRjf8ANGFiZjBaf1QqGBqg2Qav4p9fVRIjFNEP8EeFVy9R/EG4k6rrOAezDhamnscbTksKkfwtjP7tufZEki1W2YCqoeqq1wdU3OqcRt9aA3pCtlOp5dk8nUclemx2nWB/I/dEFpOcmP8AdTCC+BS/I81Z0KHY1sd/5kdnQbG4On7br0tlqZpBwAU8WxoOdkG5FrTQMBD0NSYBc459FYwdG0bSDnj3WzbRMA3aF0Ucf9Krchior/Rl4ulaKPcd/dS22Kib/wAIfqtAKBmM4S+RYoGqkuimFvga0NEDMBEFMGjDWAK4FMGjGgLvy4/oCgca0UwgIOzURsLjgY/dW/y4/oaiNpd/oaFAlBeinMLjg/6rnyrvb9VfGkGBhrV35Ueg/RQb0UYp3+mUVtKTsWq6EDc/QEQQtA4H6KpLIBSNojj/ANU8W8q48Ie36J4iGeB+ioopxbzj6f3ThQSbaWhXYAG2hpTiA0ZaAD9lCYKT+FTf0hd/hs3oFba5eARj7Jb4yWAq8Mj4Kr+HTDuF0UmDhxB/NWRATXQtGS7A+6ii2BvIopocfT+654cI/CjOfFHu94A9SdlGdc7RGMy3akYP/prT/qrVTFSujEeI4ScaU/5aL+lVk/VnStN/eXylH/iyoUvxG6Pj2bdhIR/TG7/or+BlK+HtmjDI2/haEtLPQLKO+KPR7N5HzyY/pYgu+MfSDRiG21kuPTSh+CXtFS1VUfZsw0E4wpEYZj6QV55J8a7EwkR2GqP/ADPA/wBFEPx1hBIh6bjP3ncijpZy6Qn+fUeo+HGfwN/RLw2f0D9F5FP8ebkT/u/TlGzHcyOJUGb479VO2gttDGf+TKL+FZ+gZeQrR7ZoZ/SEtDf6QvCJPjd1zJ+ChYP/AKTlBf8AGHrc8VcDc+kLT/motFY/QqXlK0e+6W/0hc0MPLR+i+fX/F7rwA+Hd9H2iZ/0UV3xc+IZz/8AXBOP/Cz/AKJi8fYA/K1Y6PowRxk40t/RE8BoGdIGV8zS/FX4hvIx1HP+ibJ8UfiJt/8AXLP+iJePsEvy1eej6dELTtpCKKRhHZfLA+J/xE5/2kn/AERP/av8Q8Af7RT7ewP+YRLx1rA/4vUu0z6j+Tj9Autoxw3GV8vR/F74hxHUOoZj92N/6KdB8fPiZSYH8WimH+OBv/RF/wANtRP+MU+0z6XZQVGC7GwS8INO43XzrB/aR+IERy9lvk/5qdTov7UPWTP7yyWuTHfS4Jb8fYV/xjTH0G2VzAAM/qmOqG4Otmoei8G//Gq6s0//AJt2z7+ZQI/7SnU81Z4lxs9smpz9UQje3P5lRaC1dFPy2ml7PfpH2dzTHNb4znnYKunsPSlXnxLe1ue7QF5pSf2i+m5h/v3SzYcf93KT/mFb0Hxz+HVwmENQ2qo88Es1A/uFf8G3tkj5DTS9mmm6C6aeQ+luNTT+oa7AQT031HQOP+z3UUjWjdp8Zwx+gK7S9W9CXebwaHq2ka7GdMp0H8t1aGjDmh9HUtnYd2uY7YhC9I16C+emXKY6l6x+L/TkAcKoVzBsdRLx+mxVxR/2g75S6W3qwRsfjzBnlz77hUrqi9wNGCWsbtvuoc13u7MiVsbmn/DykPSwfZLIxPQ6H+0f0rjFyo6mB440YePz4wtdbPjD0HcQzwr1Gwv7P2wvm640rLgXuEFNBkfhbpJWWq7NXRHLQSB3b3S56CuXQidUZ/ifdVtv1kucOu33SCX1w7hWDITIPKc5X58Onu1tmbLDUTQlvvjKv7R8aOvrI5opr3NhvI1HcJMtDJfiZ5aZrk+6XUVW3djMj7oE1PUAfzaUOHuvlaz/ANrDqu36BcaSKo08E/8AzF6XY/7WHSFZC0XhohlI8wztlJnpLI+hcqrV1hnqMsFpf/2mg3HPlUCWw9NVb9TWeG72bgplm+KXRnUTWOorjROEg2HiguH5YV46nt9WwSjw3xu3BalPSyZSlZH8jOu6Ls8n90/f7qDL0TWRSO8B+Y+2Vp32m3zHTT1Ekbh/S7CjzWe8sGm33Vzj2bMchI+DAS1LXszhsV2pSMYcAmn5+mOqaJ2B6K1lb15RDxGUdLWesbX6XH88FDb1W+Af+/rDV0w4OGB4H57IdmBnyKRBZdnREa9QHqVPp74HENLnfqpEN06UvR+WikY1xGQHDSnO6aoZ2FtLMA9vo5XtZSUAkd2acfzHfqp0dzYQ3lUn+zFY3/jIXgXOjeWaC4DhVjALrT6NbFc49IyCjx1rHnyhYgXeWnkAqWOA4VpBdoHsDmyjP33UAlQkapskcmwOD7rpia/hUVPXOcA4OyD3UptdKMboJtpCpUP0WJhaBwg+GHOw4bJjK5p/vDkojJWnfsk7mBskuGc+ThxkAgoXyxbnSpOr9ki7HZU3kH48kRz6uA+Vm33UinqydpBgpzpNWRhA8IOVFfCTm1LT9O6M2TUM4VS+CpBBicNuyeyepZhsoTBM6y1yPVdUGKo1EAkqWx2RlTLFuthyRg7hRiTlOz7pZwoL2tHclLJXFzIRZIEzlc55TUlMl8lXcum6C4Zc1ggk58SMYcqCpoL1YpfHA+ZhHdnOPcLbLhGeUWC08GUoL9TVjQfpPBaTuD9lZNrSzBjdqBTbt0rQ3D+bABTz/wBbPLk+6zpffOnpSLjTOkpRzOwamgJqlgNGtZU09QA2QAOKbLRtxrb5h7Knp62juTGvpZmkkdipcVVU0xAJLmok3kHGQNbbaapBZPA1w+yqW2252aTx7PVPa3vETlv6LUMqaWpAEgDHJstG4DVGdQPonb8FbUyHQ9XU1Sz5O9UYY7gkt8pTKixQhwuFhlZh27mA+UpVEFG05qo2j1yF1lBXwgVNhnaG/wDcu3jP5LTXfJPsXKvByGZlTGYZhpeNnNPIKynWHw5tPU9M+GuooZ2uBB1MBz91q/4pQ1Lvl7pTmkqR+MDDSfYpzXlmwlDm9iV1NPq51fdB4YrYnxJcHwt8YP7MVZ081106bDpGFxLow0kgf9F891NPNRzSUNfG5paS0tdyD6hfq7cbfT1rCyaJrmkYIIzleCfFv+zdZerHyVtupdNU4E6843/IL3viPqfGK9SeX8n9N1WSd2m4b9ej4NqKJ8LfEY/XH6+n3TaeQs3C13VnR3UXQt3ltN5t0gpw8tye47KgqLdTvaZqIuOOWHkL6LpNXG6CnB8HzPynhpUyb24a9f8AsFpLmNIjl3xwVPbI0jOeVReDA9uWyBjx2KdBVPik8Kc7cArqUy3HmLqdj6wXDjkHJyFCc4sOMI7JQdid12ZrXtyAj7E4wRZI2zDDttlTXG1gDVD+eyt5QWHZMcQ4FucJc4YGV2Sg+DJTwOhcQ7ZABPcrUVluimBJG+Nlnq2ikgd5xgdljsjydOq3cuSK/hRZWgb4R3ggg+ibIMt2WacMI2J4IZAyljCcQcpqw2LDHxeR9OcPBCto3AjBKpmcqbTvO2SkPk3aa5weCxjcSQVOjccDdV0ZyAFKacLHad+i4sY3bjCkNkyN1XwuIICkDfHZKjnJ1YWcBKjcbeiDBs45RHHy/ko0Z8x37pgW7BYMwe6ZVNDos43HC4zGOV2XBamxRJy3IjxvOAMKBcWk4IHdTDhrsKPWjU3jKfHgw6j7oNEGM4GPugznfKcPqQ6j6VvqeUeT1n4ZORkqQcndRIvrKmg+UYWuMsI5U0DXGuIITjjO3CYOUQskBzsYyhv+nKeOE1/0K5dAojO+sJ34U131hO/Csr4YxAH8pzPqC6/lCVjH0SgRjlAn4C4HnKTjs37qn0Lj2RJPqwifgQpc+MfRF/AEo0IjSDzKNUbkD2UmT6lHn+ofZIlwOiOp/qCtKfZp91V0/IVrB9ATq+VkGwceUh9QSPKQ+oJjE+wrBlzR7q4Y7EbQCFTs+pqsGk6G5QY5G1z2kpnKnW8Zq2DtlVseTsr/AKcpWzVbdQ7j/NbqI+zh62xttno9pYGUjMDBUuVxwACgU4DGBo2ACfnJ5WxHnJy3PLNR0nCHEuczJxsVpzv3VT0zCI6dhI5CtJTl2xTF0cq7mxlZ1BMWQxUzN3zyBoC0ceLfa2gN3DQMLK0hbcupQJRltPs0dvXK1Fyd4mim/E52MeiaKnEn0A/3UTOG7t05zyHAeqdtHG2Jo2Y0BDjfrkAxwiFE6E4YTnCVMS6p1FCJwAOEemAzlQWGq5MR4AUJ82GElPqJPEkwD5WqDXPw0R/1KslEq2HW51QRupBmawukdt7psLW09K1jfqI3VfdpS2ldFH9buFf+SyFSOFVXT1unbJY3KxvxJuLXxMocHU47Y+62zGtoqLXxpG68iv1wkuV7nlcctiOGrHq57K2zreI07v1KKiQlpbGeVp6GJrKWMNGMjKzTInVlzaIx5RsVqoyI2hobs0cL555rVNvafoj6T8aq4fJJE6kaSVOGMA4UWiIMYfhSXHAzyvG6iXo+o6SvESBVanVAHpwnsbpA3Q3ZdJq7lGhByM7rFKWDpwXIeAY/RNIycI0QGk7JjRvn0QKWTTtyhsxjhpXl+xdwqaR4G+FOvcvhiNoPdVesSNxldPTw+1M4PkJr5No52HdxsvHPip0aad5vdNHjU/8Am6Rsc9168Guzyo92oIrpQS0MzA5sowPZdPS3umSPNeR0kdZS62j5ba7PZHjJzt2U7qexTWG7TUkjSG6jp27Ksa7BJwvaaK5WRUz5VqdO6JuufaL6gq9emN4H3UuaPIBG4VBFMY3DCvKOsbM0Q43C7NVmezi3VOMsoGWEJ2MgKQ9gycDlBIwU9yFpjEkkkYQ9cydgupDlMTwVgLHwd0VrfUIUKmRtBHCsfUsguDnCI15GMLvhEbhIMLeSkWHQq+0lQgPxlTqNzonjA2HZV0XkAAUuF4DwcJJ09PLJo6aRso4wnvaAchV9HPjAVgMOAIKYuzq19Dm7Lpbq2TU4HKj/AGa08g5YByAq2soxIfp5Vw7dCMWQdksqVaZk3xPieWuGwK49ocOFcV1Hqy5reyqNGl5BPCBoyWVpdlDXUhjlcWt8qjRnv6LS1NIJo9IbuQs9LSyUkpY8fY+qXg51lO2WUTKOvmikaGnZauguHitaCd8LExbOVvQ1nhObq4QSlg16e5wRt6eXIByN1MjcMBUFvr45QGg7q2ikOBnhUju0XJpMsmuzuCpETsEbqDGeFJacIzowkmWtPLnlVt86Us9/YfmKdrJMf3jBhyPC8tIUhs5GNlA9kJ8TWUeR9QdBXS06iYDPCNw4D8Kx1RbG6iY/KfRfSzJhIBndZy+fDuw3lrpaaEUlS7/iM2BPuFDjavwcbm5wPnt8UjCQ5pGEw7crddS/D/qCyuc+ppfEhGwmjBcw/mshU0UjCdTdOPVAeS1Ohs083GSIiS4WkHC4hMco4HJJJIJRyW0JJJJAUJJJPiZ4kgj9VaW4g+lppKqURxj7n0WjgiETGsaMBoTKC3iki3ILn7n2UsNA2WmEMBxjk4BjZRK6oLQY2HBxujzyeE0/ZVMz/EdkFPSAtlhYQIjfCPBFkglDYC5wAU+GEho2RvgRFZHtaGsOThVdXOSSM57KbVyaWkDbI9VTkFzyc5SrJrbgI4TnlJJJIKHJZC5nOy6PRW5YDGpYKbpTS8BLc0iBSQ0IlJBLX1TKeMHLjzhRS50zgxm5Ow3WtsdqNCxs0jv5ztyMcBBnczRRXueS1gpm00DIG8NGETT7ogdr3SVnVrikhiSmUNsuFzmFPb6SSeQ9mhbyw/A7q25ua65iO2xOGcv8zv8Ay7f5p0Y5Ojp/HX6l/wCmjzfurS1dLdQXybw7TbH1OeNK986e+CPSFnLZ66D+IVDRs6YeT/yrfUsMVLGIoImRxtGA1gwAjSO9pvpmc1m+WP8AB4r01/Z9r6hsdT1HcBTNcMmGIZeP/Fnb9F6xY+hununmNbbKGNhaN3FuXH3JKvWuAOMJ2oFE1tPSaXxmn0sMRjl/tiGWjGV0glLOO6XPKapY6RvjAJtnKWR6oW/qk1xLgoNjEKkkOElAugSSSSaAPUSvr4LfEaiqcGxt5JKbdrpS2imdVVTw1rRsM7k+gVTb7RcepKg3K/xeDSjaKjdsT6OcPVNSyJm/RDEdx6zmJY4wWsHykn6/0WyoqSCggZSUzA2Ngxgd/dGZCGYOE/T6K8CsMcG7cpHAB3XSQAVFLtzuiG8IT3HPKC9zT+MJSO2UR7sHKYlkRZYoLLHzyOaVVVt1ipY3Oc4E9gnXO5RUcfiSEbDYeqxNfdPnZS5oIH3Towyc3VaqLjtiduFbNVSmR7yQeBlQwHu3wQjQwPldwrWC2AtBLU5QOZKTfZGo6HW0OlbudwpzKVseDhSBGBj2XXEDIJ4RpGab2gXNDcAKsuN2pqDVh2ohRr3e2U4MULwXdyCs64y1cnivO3ZNVeTla3VKHEDlVX1tfOZBIWNPZOhpfxuOSeUVsTQzZoCYXjGlaIQwcO+bt5Y2bSzDQEJ5z7J7hk8rmn3RmRgwC47ojWhuDhdwG9kicjKhQ9z2gDDUMy7bjH3TJZvDGcD81nrheJa5xpYZNOnkhD0DKWAt3uzpHfJ0bsnhzgmUFAIx40wy49123W+NmJZDknco1fVw0UJkkIxjYKm8C5TUVljqirjpWanfosD1B1LUXOpNttp34kkB49gg3a+113lNFQEgvdhzvRqnW61wUMQaGh0nLnHklJlLczDdbnhCtdsjo4w5wzIdyTzlWBGVxvddPCJQzyKjE6AANyo73Z/Ncke4nAzulEwk5Kvokk88B4Gc5CNgNGyY1uy6fKh/IfBfsY8OPCLBDqICcxhkOMKZDCBjA/NQbGORU8OnchFqJmsZgJ7sRsJCgazM8nsELWRrSSBSap35xwpMEIYMpzWADhCqqqKkhMkjsY4CrImT2rLGXCuioojJK4DA2HqsDdrnJXzHzHRnZEvN3lr53ZedAOAqp7tPByseosz9qM9lm7hDc4XDwurh4WFtoQDPK4unlcQyWQxIsUDpTj1ToKZ0rh6equqOjEbWktHCtLI+qG85Q0wbEA4YIU12kNGk5wmyaY2HG2Aq58tQ92IzyrNO74+EFrKss2buSokNFVVkmp8WGlWFFbJZpBJMNhvurqNrIx227YV4LX+o8lZSWyGlIe5uT6FWIO3CZKNZGNkgQOUyMR8YqPCEXjPC4ujdIMA3UZohyuRyeuDHCIkTTfQ5SwcAA7J7CAeF06WjLnYCEaqmHMo/VC8InzQRJAbtgYRGquku1BD/AHkyjtvoqnllK06R3KOFe8VZrKoLOS4OBvqGyjVMrzs04CEyV7xqJO6eRlbKtN7Zwdf5eUv9OngEWl31BIMxuAjeGfRLwz6LUqEjgzm59g8BdTkkezAl8kulur4GiOUamjv3V/TvjnjEkbwQQsjKeNkSnrJ6d2qKQj2zslTg2KnTk1xZnuk1vuodDdIaqManBr+4UwODkpxZksg0N0+6e5M1eycgSwKHJ6YnoghJJJKEHYCWAupIyGw0eyYpCHkHlfn5WJn6uwDTEfT7phGEWULlHKBrhG2U7BSwUwW45YIj0XMFFwFwgYRKwBw4AJEAp55SO6fG39meVCa5BFjTnCD8ox5455R9KQGO611aqUejBdo4WcNcEGagwP5LcoJilZ9bOFbtTXMaR5hldGvWPqRzbvEVvmBTOw44IxhJjGjfKtJKWB/4MIfyfoVpjqIzObLQSrfBXOGMYXMOGD6qcaYnO3CY6It/CmKa9C3XKHDBtyW4cotVQwS76dLj3Gyl5A5KRGVOGMqk4PKKlouNAQ6N5kYpjLtDM0R1MOCechSwAOVHmpWzcAA+qROnedfT+UuqfL4HmloqpnkDc+3Khz0VZTEvgeXNG+CmyUlRAfEp3EEds8osN4fEQyqiP6LJbpH6PQaXzNbWJPDB014fG7RURubjurWKrinaNMgyfdKJ1quDMOa3Ufso03Txc/VBNhp9CufPScnoKdbYuYSUkWMD3McHNP2U+nub2HRLjHqswRc7adLwZYx+aIy8wTEMf5HdwVknpXjg6tHlI9T4Zs4a+nkG78KW2TVhw47LIRPDgCx+cehU2muNTBsCXt9CsdlDh2dKnWRmaiOYkYwiseQeVRU97ic4NmjLfdWbZo5cFkgx90rH7N0LVLosmvJGQUQas7qCx0jSC12FLjqJHAahnCWPUiQ0u53/AFRBL/UzV90ESjjSigsIB4UywnFT7I89qs1Y7xJ6Rgf3wFRXH4d0FY4y0s0jM8BpwtKGZ7ogJHBI/NA7ZLoB6et+jzur6Av9M/RSPErOQTsVSyx320VGiSGVrh+hXsTamVmGuGoe54TpDBKNMsbSDzkZRRvmuxFmkz+LweQx9R10Th4wwffZT6bqqKXDZTkj3W/r+len7k0eLTtyONIwQs7cPhdRSRarbM5kmcjKbGyL/Ji/juh+LyQIr7SOwM8qW19JVDOA7IVNWfDq/UjtMQM22Tp7KtNDe6FmJY5W6TxgonKL6YDtnD/ciaaShp3EFrcfmm/w1pb5H4WYiu9XH9Ujhj3UpvUMzcB+T+avjtFfPCXrBbPo6ljuMj1ymOM7BpdHsmQX+N8Y1HdSo66ne3VqG6nIacZdMBrkH1NKXzAYBnZS9UD8HI3XTSUrgMD90DWQ+iIKiF2xduuCmhm+rupn8Op8EgbhANJNkmJUHtWCLJaonbsySoclvq486Tn7q3bHVsPnIx6IpkdtlqJSwA6oyM6WVsJ852T46tw5/RX4ljyPEjH3wgVFvoZyX6NJP9OypSyA6X6K5lYB9WERtTAfx7pSWLW7+RJj/mKr5rdWU7sOjJA7hEKlXJdlj4rD32TvDjdu0gKodJNFjW0jOeyK2qcADnBUST7Bc0uJFj8vO7aI7IZiqIt3RZQGXKaLHmUll2JwC9FJYB3Rl0MOoDdmPumksdsWhSBVRSHzDbunujoZcaRkocMrggClpD9TAgSWekkcXB2CfRWr6SldgNBB+6YKB/8Aw3KsZLxF9oqv4I78E7gEJ9quNORLSVRc4fhzyrd9NcWfSQR7oLjXxnLmZVbUXiP6K3xOoIMF0WpvfBTv45Ux7TU8zT64Vn8xUAbhM+b1HD4w78kUa4sijJv7WRqbqNrn6HSPZ/zbKc27NfuyYH80F8NvmH8ymbn7IBtNtccklv8Ayuwp8KQe62C4eS0bVTSDIcT6JMvN5oHh1JXTRH2cQqY2ypG1PdJWNH0gphk6ipn6WltQBwXKlVFAO+xfkbGk+JvX9tYW0XUFYwO5xIRlXFF/aH+JVBMJqispasek1Iw4/ZecMu17iOZ7QHgf0KUzqaldtW2qRhHOAoqolfO5dnrI/tO1lVht96Ks1SO+mJzM/plJ/wAb/h5XjTX/AAujaD3glx/oCvKo750/LxGxn/0wJrv4FK/VHUtBPYHZXKiL6LjY17PVo+uvgXcs/P8ASN0oPQxySO/ycnPf/Z6q/NSdS3i3OPZxlwP0aV5cKGjIyyTIPumPtkEvDsYQfxwvna6Z6tFSfCY72/4nzsI7Taz/AJ4UynobRJtafiZa5ndmTtb/ANSvGX2gNxpBPuuC24GM4VPT5GK+z0e4MsfUz8CO42Gt9NEwaT/9SiSdPdWho8Tpymlb2MUocP8A71eDmlqoXfy5HN9C12FKpq6+0e9NeLhH/wAlQQl/xBkNVZHtJnsM9grc4q+nCCOdMWf8kF1ltwGJ7Y1n/PHheYxdbdaUhAh6kug//uDhTm/Ff4hwNAHUNQ8ekp1IZaXAz+bF/lE3EvTnTkvMVMCfQKI7oewPP8t7t/8AuzhZiH4u9aE/z5aSfPeSDKlRfFi+H+/tdpk//tsf6pUqJr8S1rqf0XD/AIf2gHUyWbPuVz/YaIH+XVvaOyrx8W61oGenbbn1YHN/1T2fFcuIM9gh+7ZnJfw3IatVS0WJ6HqdOYblL9tRQh0jeWH/ALW8/wDiQG/FOAcUD2H0Dsro+K0AJJpJRj0wVSpa7J8lcvZLHS93OP8AepP/ADIjOmq5m5wT6lRG/FigdzTTA9yWp/8A7UaJ27Kdx+4Q/C/SBzU32SzZaxuASMfdIWUba4R+qjH4kRu4pIx92rh+ITX4Hh0h9jsqVE/0HCdUPZYx2xjcZpwceqN8qxo3o4wB7KrHWksm8VNQH/7d/wCq5/tPc5P7uhpP/Of+qn8dr0E74emWu48ugDHbC7oqgR4cYH5Kq/jV6d/8NTj7HK6b1fvwxQs+2ES0zKeoRbOjvBwYmcJv/wBcQ2MuFWNunUBBAkx9iEL5jqGY/wDai3PfIV/xmD/IRdZvxBzL+6GG3sk/zSfzVQaa/O3NyH2MgTTQXo4Ml1Y1p7mQKv42CnqEW74b08AunjafdyBJBeCdqiE/aRQ3WyVwAk6ghB95V2OyxHHjdSQAH/6IEXwgfOkSBHeBzKz760vl7qf/AIqH7eIufwu0wgGfqeH3/mhEjh6QiP8AM6oiPqQ5T4gPlQI090b9VQwj2dlcEVVw6Zx98qc2s6Cp8GXqTWR2D0j1b0BS/wB1VzS49sqvjC+aK7IopHkglzsn81MioZXgANduo8nxQ6Poj/u9BVTO9RHkKJJ8bIIz/uVnPtrjCv40T56/2XsVhrJd2tP6KdB0rcJtpKcnCw1T8b+onbUtvpo/Tybqsqvi98RaoYhnaxvbDOFPjQMtRBdHqreiqhpBfCxnuVMHTFPC0Onqqdg+68Ires/iPcSBJcpmj/CMKvlpOqa4657nV5O58ynxg/K30fQz4em6IZqbxSNwMnLlDn6w+HluGZeoKYkdgV4PH0XVyYlfOC925LuUeLoCIuzO4Y9lWwF2W/0I9dr/AIw/DygjJhqHTkf0N2VFU/HuwMGKKiqXHsNKx9P0Fb4xkfvlWFN0jQQbtaEcY4LhHUSJ9T8c7pN5bdasZ/rbhVFX8Vuta7aKjY0H0CtoenqVvkMbcKZHbKQbeGNlWEPVE/6mY2Tqfr6v+hxbn0QH0/W1dtU3CTB7F2y3zKWniOWxgFPLY/QIC/43PLPP2dIXipeJKmt1kd9ZypkfQbDj5rSfzW0DYxuGhMLweBwpkOOmgu0Zqn6FtsO/hNKnU/S9tiIzAP1VwC47BpRWUtTLxHgHuoMWlr7wV8dotkXEAKN8pSjAbAw442Cnstcuf5nf9lLitcTBkHKFywWqUuir8NgADWhqM2me87DdWrKSFhyGDKeImjgIG8BKpFb8jM4fTgJ0dFh24wVaaSBhN0j0SnPAcakiMykaBwnCkGdtlLSHKreEoJAG0jQF1tKGnIUxn0hJyikEoAhC4bAful4bvT91IaMrunHZEMVZH0eyJpH9P7ojY9+MorWjHCAjhgieGutZpOcKR4Q9EgxjTknChW1AhGR2XRGc8YR/EpmtyZWjHqVHdcaBn11Uf5OUJ0FEQ9F0RjOQoTuoLTF9VbF9tSjv6ts0X/HDlCFuIwNgn6R6rOzddWiPYO1H2UGT4gUTfopZnehxsoWpYNjkDuF0b8LBSfECtkOILazHYnlR5OseopP7umbH6YChW9no2D6FcO3K8xm6h6tmH966MH+kKGanqiod57hNv7qE3s9WkqIIW65ZWtb6k7IUl96fgGai7QM/8WV5NJYLxUPMxc97zy4k5Uap6fudO3xJYnOH6qxUptdHqNV1v0zT/TXeJ/yhVdR8UbTC3VBRTTZOBggf5rzLww3YgA/ZMczAwE2NbfJjt1Vi6PQX/FuTGKWxjPrJIMD34/ZVVV8UuoJ8+HDTxemGrIiXHZDMzT+FPVOUZLNXZ+y+q+u+qqni4iIejIm5/XCrH33qCYky3qqf7F+ygPqA3shukxymRpMr1Nj7YWR75nl8she525LjklBfGRuX5z6lcD8blMe4HumqoCV8vY8EdimHOEMOy7AOU8jI5RqtIXZY5A3DfZCRXYzuUNxa3sj2ZB+QZpPouFme2F3xWg7BLxB/SmQryJmDMeeyboA3wi+LnbC5sUz4igBjPdc8P2KlBjj9LST2XRFXn/hHH2RqrIvCIL4i0bIPy8oOfD2VsbfVnB8BxP2Tv4dcSNqOX9Eai0XgqfBPdqc+HjCtW2i4H/4KX/ypGw3NxH+6uARYK2plP8v7JCmB20/sr1vTdyJB8B36KTH0zcdv5JB91MMp1bjN/wALkdjQMrhsdSRnSFr4+nLkAABGPuVIb07cgRiaJo+6mGV/HT/IwZsNUDx+y46x1LRkj9l6G2wS6QXVUOfuunp95GDVQ/8AmU2sF6Wt9nmhoSx2CMFcdRL0l3SUZyTLD+qCekIiSBLD/wCZXhiJ6NN/YeeMpc9gk2ne38K3knR7WHIfGcqtn6eq4nFrYgQOCEW7+wqWisjyjM4e05byp1uu17tswnornJE8cFpOylS2WdmdcZG2VHFIQd9lSrjN8oBRtqNpY/i/1ranNdLcnVgbtpn8w/L0W9s3x+s9U0w9V2EMbx40DtTs/wDLj/VeHeEWnB2yk+MnBSrdDXPnoZDX21d8n1Rb7v8ADzqeCM2m80zZ3jaKc+G4e33T6zpmelBcYWzQu3Gnf9F8qDW0jBP5FbLpz4rdddOSh1De5TE3YRSHUAFhs0Ml+J0NN5OMn9/B7BWdP2isDWSQFrhzkrN3L4XSyB1RQS5HYY3U2zfHKy9QRiHq6zBkuPPUwO0u45Wlo5IqyAV3SF8bWw41fLTP87PzSfgsi+UbnqK5rKaPIq/pO7UEpZLTkj10qqfA+ldpe05HOy9nk6lkhf4PUNnc2POC4s7/AHQJT0FfJHQNkZC93Gto3SsN9lxVcv6sHksdfUQY8CZzB6tOFrbF8U+s7M1jKK9VHht4a+TVj7K6qvhhY6oukobg0DkNDsg/bfZZmt+Gd9pKh3yUoezkZJS40xn2DOtv8eT1Oy/2mL/DCyO72tlW5owXtk0OP7FegWT+0H0rXeGKueopCePFjJz+mV8tTWjqO2tLqm1SYGxcBkKF/GYonBlQXQu9CMJVmji/xMlkUmsn3haet7Feg0Wy9wzSEZ8PVg4/NXIuHiECVjX/AH3yvgSnuMmRLSVrmu7OY7cLSWz4o9cWPQ2jvtRIxvEcxEjf0IWSWhl/SVGv9H2hW2SwXiEsrrRTHnzBgBCqf9jaele02G7VNJp4aHZH6L57s/8AafvlC5n+0FpZVMGxkhOgj8sFb6xf2lOi7hhtTP8AIvPIqm4b+TkmWlsj2g1HaeiyTdcW0+GKaK4sHBZs4j3/APmLsXVUb3CnuluqaScbOywln/m7rlj65tl4Y2e3XGlqGPGR4MmVeNnhq8Odok9nAFZZ14eGU7MMgRSWy6gtZLFJ7E7hMl6fhzpbHgeyLV9PWqqfrZGaV/JfCdKCaS9W9ui3XSKsjb+GZ/n/AFSnWyK+BEns9ypf5tJUFwG+hyY26XOEBs9LsO4Ks2Xeqp9MV1t0sJP/ABA0lh+xU+GajqmjQ9jie22UuUXgL5E+iopr1SSECaTQ/wBFbU9aHgFmC08FRaqxUkrzKIG5POFWSWWqicRT1L2s/pJOyS44ZG0zUioOASMozJw4DhY0XC6UZ8KdrnNHBG6n017hewAlwd3VYyLnDPRpMhOYcZVPT17pN9WVOjqmYGs4yqwL2YJ2SmubqGCmxyNeMt3CcXY7KANfsBLE9v0lMbUVMRxyFJdIHbFvC6+NjxgtVi9uRkde0bSHco4qA87YUSSkbywboOmWI7t27KgHWi3a5pbsU3JzgKBFUkDdGZVjYKxLqw8kpdGyC17TwU9UEohQ/snjB4Ki5HohtdIXbSYARKWQHHJNyPVInI0k5A3wgtdtuUtY9UzcgdrM5dOjfMaqwTiln5LNWGn7BV1NeqqllFBfovAmGwfjyu/Nbc4J54UettlBdIvBrohI0+2/6q/k5wGuCiAbK0SQyNc08EFFirqilG5Lmjsqyv6Su1pc6exVRmpxv8u/kfb1UW29QwSyfLXAuppRtpkGCmJ57IaCK/dO17hRVFZFHUuB/lv2z9ioktDeLVIaq1ztmpeTFncDvhV946Ws9+YPmIWA4OmWMYe37H9FAoIOt+mqhrIaiO9WkHzsmaTUNHtv5kxSI0a+OS09RUwYHMMg+qOTZzSqiqtl0sLzLSQ/NU5PmY/JLfspbBa69onijfS1B3Ixoc0+isI6yoYBFVP1sGzX/wDVaYXOIiSSKmkuFLXkxtaYphzG7b9EaWn2IIIUm4dP0Nx/3iCXwaobtkacbqmFyrLVKaLqGJzS3ZsrR5XDsV0aL12xeF7Mx138L+neuaB1FeqIOO5ZKwDU0/6hfEnxb+BPU3w4uD6ylgfU2yRxMczW4Glfos3RNEJYXCSNwyHDcKjv3Tdvu1LJSXKkZNBICHNI9e69J4vzl+iajF/b+jm+Q0ENbHD4a6Z+V1VQsq/PGdEg5b7qA4uafBqGkObw7C+n/jZ/ZyqbJLU9QdFQmopw4ulpg3ztB7/blfOcwZUM0viBPuNwvqHjfNR1WNjyfNPMeD22Zl3+/TIcVTowAVKbUEgZVVUwTUmTgkYyFGp697nYlcvTV3xl0zxWs0sqJ7WjQuDZW7Yz91DmgkaS4hKOXDQUdsvijBC0cTMRE8Q5AdshVVLFUNw5FqYiHZaNkyJxBwUicMDozcOijr7VJG3xohqA5A/zVUSSSCOFuWaSMEDdU12s7SDU0w+4WW2vPRtpuz+TMw9oHZAeN1MkGNiFGeFz7YM31zTBDlSY3YxgqMugnPKySXBqTwXFO8PbjIUoEBVFNLhwHqrGIgtG6x2Lk6+ktyuSbGd1KjdkcKAxzW5KOyQNSZI69VpLJ25UcfWnBx9crqhp3ZCxOJAyU85Iwo8JxsSig5GUxBy6I9Q7DwPVNlj1s39E6oGRqT48GMEei0VrkyWSyUj3aZCMd8JtQMgEei7VjFSRwuP+kLfXwjy+sXDiCbypTSdIUUcqS36QtKORKOTiSSSJywL6CsPIXJeAux91yXgKEI7+VzsV1/K4OCs7DGHlNHKceU0coho4N8vKY7uiD6UJ/BVS6IlgBNjUCnMPlCY/lPgI4SkhrRHfgOwo9RwFJm5yOyjVHASprA2PQ6m5KtKb6Cqum5KtKb6Sm1fggLB55XWHJXH90m7ORN4M7DH8KmjOkKFgnThT4zjCJCJScCTCdIzhavo6EzTayO4Ky0WCBst/0fS6GeJpGAMrbSsI5WuliDZqS0MGxH6pkAL5ms91x+T3Uuzw+JWs74WldnmbG9uTe2yF1PSxtPOF2reYqeSb+kEozCNDQPQKp6oqHx2407DjxvKmIwt5mSehKeOVstc/zPkcTk9grhjvH6i34ZwELpykZb+nI3sHmA3K70xpqHVNW8ZeHluU0VY3KWS9nIydwhUjf5mvGQEGR2XHdSqAgU+SM7ogAkjtT2tCkDyRD3UKLz1gOdlKqTpwAoLAPdvwoJeJ69rXcN7I0ko32QLThzpJ3DJDsbqiYwWT36cKrlLqmvOr6Y+FKqKgHIHcINNHsZCcajglVJZJ0UvWdfNQ2mTwSAS07rymEl0Ukjt3u3JWs+I12c6sbQRy+Tg/ksjO7wYA1vdcbyd+IOKPe/S/jnNfMwlmBFZnvytLG3U4AjKp7HC0t8QjzHur+Bmkhy+ZeUtc5n6M8DpZVaeOSbEAGBoGyU4cyInO5To3bYwhVsnlA4XnLpbmez08MRI2rzKXEBsobPqCmRjICUzZGHJJZvnZcDMEHPCfFwB6rgbgn3VDEZ7qOoIlAA2BVXTVJc7B7Kb1B/fO+6o4yWuyu1p4f6SPIeRuxqGjQANe0EJwDc5J4UKhq2E+G84zwSpDhuCDsmqJk3powXxY6UbdKD+KUrP58exaByF4cBjynGV9XupmVMZhlAcHDG4Xzn8Q+nH9PX17WRlsD/o9AvQeM1m1/GzxX1HoMv8AlRX+Sh9x2Uy3zujlDlWtfgY5UiN+kjZepqsPEWQU0aaGVs7c4CZKNJ2CraOqIOCrQDxIw5pXQq+/g5047GR9Pulp904g54SWjaRSyJJLBSwVMBZHRkB26sYCHAeyq8EkKZSy6CAQiHVWbZJFk1gIIKa6LuAnQODsbqayLV2SpRydaEVjgq3gs2LefdHieQQcKRNRk4wEERFu2MJbRpq+wmU8uNIV1TSbDfKzsRw4K1o5wMAozpVWZRZkYRUEO1jKMOVDfW8j8FcLfZGa0EZIXdDfRLNBAkhHcbKmulscCZ4W/cLSOjyhyxZ205BQYAsr3GShwMajuo13t5qY/Gjxlu6s7ha54pXPjblp3AHZRmSaRokBB75QNGK2rjBmBFoO+EaM6ceyl3O3PZmeE5byQOyrGS42wkyjkwOE65YaLq2VpjlaTstRR1TZwDkLCxvLDqCubZcSwhrnFB0b9Pc4ySZt6eUDClsfkcKkpanLWnHKsIpQQESlk71c9pZMdvwjNOQoUUgKkRuyERthLJKhcQcZUyKQ7KC0DucKQw4P2UNNc8FlHLsMkbcZKzt9+HPSd/1SfKfJVB/HF9BPu3srbWTjco8TscqAW1Qu4nFNHifUvwfv1vc6W3xiphHdu+ywlZbK23zGKrh0nsvrKGfy4B/JR62y2K8sEV1t8UvPm0gHPqgOHqfp6i6TlB4PkzSONSWkf1L3bqH4G2asL6m01j4nk7RlmR+uV5/fvhB1fa3B8FGamAfjYCP2QHnNV4XU0N4i2kYnT7rmB6o09FW0kroKimexzdjkIcFPNPM2FjSc8+yDbk5c6ZQ4aE2MvOGeY+wWhttnZStE82HPIyB6KRRW6Kii0xty/wDqIUkZ7lNrhtKUcdjcYK5KeN0iQFFqHDGMp5JcIDWztkHhtO4UENPdOmGX7I1LCXEHCZGaRlk9zwdpYSTkhS5ZGxMAyP1S8sbT7KqrqrOBlBY/0HhoHVVBlkOCUEEYIymNOokpgYfVZZt5KY527iQuYKHyUjsl/I/0XkOMZ5TXOA3JTYhPK7RDEXZVnRdKXq4SBkUB9yqcnI0Vaadv4psqJKgNyPVcZBNOfJGXD2XpfT3wO6nvJY5tokdG7h8nlb+q9Ssv9mytMDP4nWw0m3EQ1kfuESg2dbS/T+r1L+2OP8ng1hsDGEVU7NzwD3Wwt1gu11lFPQ0MkzzxpC+iLH8Iej7MQ2SlfVhv/fu1H9VsYKWhooW09DSMgjbw1oTMYPTaP6TcObpf9jwHp74LdUXIj53TRRn8Txq/bK9FsXwQ6at2l90mlr5BzkBgz+S3/jaNhuiCQOGeFR6PTeF02n9Zf9zlBRUdrpm0lBTxwxsGBpGCj8qO12TyjNIToywdWqmNXEVg4npiejHJZYs4XclcSRjNnsJqcO6QcSdykN+VxNhhlJY6DBwI3IXcj1CBkroJyrwXgOuZHqE3UA3c74UcuA3cdlMAt4JA5UKvusNG8wxEyS9mD6iolfc3y/7jadUlU4/UPpZ9yp1nskVGRWVMxnrHDzuduB9kcVkS5kWisFRWzxXa9nW5u8MPZvoSPVaFgGE8jPdcaB6piBfJ1cPCRcAhSP1BPSIdc7Gd1FLiSV0kk8pj3NAQiJ2JHZBtkEKmuV0gpWF7jxsE+8XWKggLpJA3I2GdysJU1NVdqgvdkQ5wAe6ZCGWc3WahY2oZcLhNXTHznQTsEait73EEjClW21MLy/09Ve0tE2PA0jAWyCwjlkOitYa0d1YCFrRspAY1g2wFFra6KjiMkh44Ri7LFDsDPpiOTgBY+93t00r4aXIHBOV273aavnOh5DB6HlQGRBh1EblHBHH1Wt3ZhAjRU4kOqZpJR9LYxgBElkbGMBqCcu3wtKSwcixjSTnlNJ7LrshMRJGWUsnRuk/y4XEMv9QiEjyo082gYzgpVNUIhqdsFmqmsqa+r0Qk6QcEpWfQqUsD625z10jqSB5BHJ9ApFtoG0o4BJ3JPJXaOkLH5c33KJX3CChi8STAx2yqbwLlNRWTtwrIbdAZpCABwPVedXe9Vt5qzS0ziWE7kHhEvF5rL7VOhhJMOcf/ADFOtVrhoYh5QXnckpMpbmYbbd3COW22xUEQAALyPMVMci6fdIjHdFFCfeWASTy09gk1pByQiIm/YNrMuGQpLYgBsFxoAA2RDKNOnCFvA6HJwDCc1ms4zhMAyfupsNOcAnlUaIwydgg0NyVKaAwebsmtGjflRqyqa4eCznuVBv4jamodO7wojt3KTGBgwAm07C3JxyjHblU3gF/3GSSCMZKxPUN1lqZDFHJ5Qd1YdR9QN3pKR/Gz3D/JZWRznZJKx3WekZL7FL7IgM+iWcpHlJY5ScnkyCTE9MS5RyMQkanhc94wmxxFxCu7fRYALm4wrSyNhDcdoKFrQCW8KVM9kQAHZOeRGNLAhtpXyvDiSAmKts2fbGCjFEWoM9U5sbPKBuSplNbwzDjypUdM1jd2jKIGkK3HAK55OsGBgHhMfk90/OAUASEk7K9uRq+0f3yShu++E972saXOOwVdX3WCnZqadx6FTKXYxWxj+RPbtuUKaugaDqkAws9LeKiUbHAKgzSyTOy552Wey2PoXZqkvxL+qvjIsiN+6rnX+uJOl4x23VfpyBk5wuFm/KyzvkujNLUzZNmulbONL5SB7FRjLJnPiO/VNR6Wkkq5NEY/NKrlO2aSEW3trkdTQz1sgiblxPOey1VttsVDAGAebuUrZbYqGIYaNZG5U4DK9Dp9Ns7ORqLs8HAANgknaHeiQaQdwtsYpGFvkdp90tPunZyAknqsIbp91xwwE9JT4yEd7Cc5CC5p3wpmR6LhDf6QlurIZCDpY3amuwfZXFtvEjXiKodlp2z6KuewHhRywtSJ14FTrUjb5DgCCDnhOIwsvbbtLBiGV2pnYlaOCdkrA5u+VmnDBjspceg6SWoZxlJLFD09DyE9WiHUkkkRDapJ6S/O0W8n61aGJgOU9Dam5yKkkjmkDtlcIGNgnOXE1coU0sgiPRLBRMBcIGFZTWQKSeQuHhXGQGECSXSDlLBTlPHIt15BpLuClgp6vxwC6UzuQmeLk4wuHVhMJd6J0LsGazTRl2Ew3lNcxh5GUwH0z+qWSVrr1OTJZoIsa6KD/uz98oRh7jhFI75z+SYXY7LVC/kzW6GKXAB7COAkGkImvJ44TTI122MYWuNmTnWU7QexQnNpz/etBPZEc5o4Qy5uTlEIa2sgS0OlxkpZCxyfFX3GhwXnWPZTNsYCFM0EcpM6oz7HU6uyiSlBkyHqClkYPGbh3cELs1Da7o3xIi1kh7hUskAz5WgJjRLTuD45C0+xSXpYpfad6j6inn/WSaLZ9kqqdofS1BLmjGMqMKyupn4nY4junU14qIRiTzYU9l2opmh0rAHd8hZJ6V55R39J5Wm1JqWAEVyhLcuJz3UmO46gAxx24wcLpt9DUfzY9I1DOxUGaklhcdI1N9lkt01a7R2qdfJL7WX8HUNUxgZqDgOMq3pOp6QRjxWEOHO6wzJHRncFIVB7LFPSRf4nQp8o88s9QpbhSVLAYpWj2JUppI43XlUdfPHgMcR+asIOq7jBGIxISB6rNbpbIo6Nfkq5dnpTHc7IrTkrH0HX1H4bRUwPDxscHYq6oerLHWPEZqvCcR+PhYpUyRthq6p+y6wHBLTnASZJFKA6OZjgeCHBFMLhgYO6U012MTT6BtjwcghEEkzMGNLwXDcjH5pwdgKg0mEbWzf8U5TTJb5f7+MOz6hINBOEjD5c6QFaeAX/AHAz9LdMXOLHysbHuHIACqJvhTZ5j/LqXf8Amyrnw8HYYXY/EYchx/VT5JZymDKqEu0Yeu+E12gnd8jUNdGd2kqlq+juqqHZ1veRnlvBXrja6ra0MbIcdlLjvD4mhk0If+aYrp+2LlpoPo8Knor1R71NLMwf8qZ89NGBqe4H3K95Nbbqjy1VI0tPOWgqNUdOdF3JuZqeAZ9g0q/l/Yn4GuYs8VgvEzHag/PtlTYb87UBI3AXpVT8MelZ3/7q50ZI4B2Kp6r4NVTyX0dxDWnhro8/vlWrY+wvjtXZmG3WndjO5RWyU8mHB437KXX/AAp6kpG64Y2zDuGggqlm6V6ipP72imb+RV74emEo2L0WjWwuGnLSm/LMactOcqk+UulMf5sUjceqeyqqYz9Z27Eqty9F5f6LkwzZzFjHdIBw5B2Vay51DeSpLbxkBrnfsj3It5l6Duhglz4kIJKiS2Wmm7FufRSoq+mO5dklFE8ZOR3U3NdinCH9SKWXpZxJdT1O/o4qDLZ7lT/UzWB6LYROaiAtO2USuBlpIS64MI51VDtJER+SdHVEZC3XykUg8zGn7hR5LJQycxN/RX83At6SS4Rkm1zwRvlSGV8xGzlcydKULn6mOc3PZQpOlqpr3COXLe2VcLV7Alp5x9AW3GXfLwfzThWNOMoUnT9wj2GEB1srmfU1W5xFuM16JwnpjjXhE8S3kbsG/uqo09SNnRnZdMUoGwwVN6LUnnGCyMNC7g79kz5WI7NcPuqozzg4Dtk9tVKDyVeUVva9FoKcM3CaYxjjCh/Nz4BD+Em10uwJCjQTnH2StD+NZTHU4dgloOPZD+cf6hdFY/O+FezIO+v0J1FRyDElNGf/AAhRJbLQ5yIw37BWDJ2uC6S1xB5wrwylGMuip/gcbjllRM3/AMZS/hFdH/cXB4x6kq50sGMcruM91CfFFPKKP5a/M4q3OH3XfFvTPwuJHq1Xqc0/sp0FtyUPz12G0lOwgf4U03ScHzxAeuAtE0Du0LjooncxN/RURVsz4urMeddFdTvI2KuvkaN5y+nZ+QTja6I8QtCn+S/jKcTU+PqSDoM5EhVmbRSE/Ql/A6P+qT9VWET4ytL4v6gllhGNQ/VWJsVGTs+T9Uv4JENg5VKWCfGVRP8AiXMe6tv4RH2K4LUf+8S0030XsK7TnskNbTluysv4S7/vAl/Cjnd4wi4j0Xhlfrm48QYXQN8kKz/hUeOd1wWvBzrGFN5UoNkFo0/QACnB91H0OOPurJtviA2bk/cpot9Vnyt27boW8kUWiAZruf8AjP8A/MV10t2J/wC0Px/zFWPyVSOWfuuGinIxpH6qm8hckNtRdds1D8/8xRRNdXDBq9v+co/8OqNWcon8Nn9AhCI2q5firCf/ABFdAqRkmY5PJ1FSf4fUDhc+RqByVAZJsi+JU53lSL6gj+9/ZS/lSOSF0UpyqwRJvgg6KgneX9lz5bbJO6shTjHCcKXflDgL4mypNI55xp/dEZZwf+HlW7KVuMgIzICfZCEqipgsfHkH6qVHao2fWzCtYKU85x+akMiGTkcKhkKovtFXHaqfuwKbDbaccBS44W/0ojYh2CW7McGhUpAW0gA4CI2EtxhSAM7BEEYPsrfKDjUBELDuWogjAxkcIrYiTwjindgYCRl5Gwrx0BZGMcLoGOG/upLaWc7eHypDbZMQMjAVuTQ+MSv2CarcWyM4Mm2EVtFAzGG8KLkJwKYQyu2DCni31Tzs1XLI2MwGsRjlrcaVeCvjKiO0yPH81qPDZ4GEahn2Uwk/ZJqCT2hKKQhTwtbgNbt7Jgbg7bI5c3sucb5QpjlFDNJPKfoGMpauwamHKj5KcUuRy63crmk+hS2H1HCXgVhILoBCHp90vmadm7pQFEnv9rikLBPqIQtYITtPuuhgz9SpZuqKWNpMTNZVdL1dXS5EUMTAPZRRyQ14Ztymucxu7ngLEPvdzmz/ADy3/l2UST+IznL6iXf/ABItheDfm626HaWoGfYqPN1Daoz/AHyxMNvqXnBBJ9SVOjslTKAMY/JXtYT47LSXraCN7mxQuwOD6qLN1xIR/Kidn3XafpGaVw17/krWl6EJwdt/ZRxwSbyZ5/VV0lOWu0hR5LzdphhtRhbiPoQAAnSp0HRdvjw58Y1eytQbFqR5iTeqkFrpnaT6FNjslfUHB1HPuvXWdP2iLYwDZGFvtkYHy8QyEWwpvk8qh6OrHjU6nJz3UuDouqcd6dek6GDZoGAkW7KfGUYBvQhODLANvZT4ujqWIAaRstYQc8H9V10ZaASOVPjGLgy7elqZvDGp4sUDeYWn81ocO40rhae7VWwrekUgtNOBjwP3T22yBu4hGVbGWmYP50jWfcqHPd7XGTqrYRj/ABKbCvkRGdSAfQzACa6CDGl0WQfUrk3UFtZlrZvEJ7M3UGW+aj/Lo3/cpkaWypTiVF36IpqzVLRERyc4WCuNLNbJXU9VGWuacb916ZJdbo/Bp442/cKvrqCS8OJuMMTtudO61Qr2nO1CTPMxLq2A5UeRzgdgTlejf7KW2PGIgUZlioYcaIR+i1wqyc6xJHmLmzOIxG7P2RG0NfJjRRzH30r07+E0Yx/Kb+iIKeNoDWxAAJ0aUIaR5pHYrpMAWU7h9wjs6TvEuN4hn/EvRRAztGP1XPAYDnQESpyxMzBt6Hux3c+L8ijs6MrPxTM/JbhrAOyOxjQMYH6Ilp0wFLBgx0Yc+YOJ9gjR9DwE/wAyKV/3W2bnPKK3ONspq06RbZjmdDUWP+zHP3Roei7bG4Olg2+61ZPumlzDyQUSrwBuKEdI2NrcmjyR7rren7Ww+W3xbeyvQB6JA7fQr+MmSpFkoQMCihH5JwtEDTkQtCs9PsuHAGcK1AmSu/h9OOIWDCaaNwOABjspbqgg4wuGqOPoa77hVsBlNRInyb+QB+qE6llHAH6qWax2doY/0QjUVB/4NPj7o1V/YD5UiGYajO0jQieBUkY8doTpamZgz4EW/puo5qbhnLYYsfZWqsA/yYHXUMziSZhugT26oxgzjBT5Z6/bMYH2QJJKx4+kj8lfx/or+TAhyWkl28nPO6BJZiBkTfupkgrD6/ogvhrfU/oiUMFfNkhut9QNhMmspZGHzyj9VLMdV3cEJ8Lz2Ofuo4iZXtA3F7eJHfqgvq6huNMn6o4pajnT+6a+g1f3gwq+NBx1E17A/MSykCQtIHsiCKkcPNE3PsE5tCG7BNdSPbgA7KKCKlqJY5AzUVJJwxoP2VfUWdzhqhc3bt6q2+Vfp2O/3TPl6lpz+iZsM0ts+0Z19tljxqYm6Bj0WldBO762tKjz2+GbJ0hrvUKfGZ5145RRMbjhT7dX1tvnZUUlRJG9hyNLsIc1DPAc6dQ9QuNeMBukghC6FPsVGbreUeg2j4o1uBTX2FtZARg+INWPdWzrd0/fm/M2iqbDMd9BOMFeWhwzuplJXS07w+CV0bh3BSJ6JLmKNletj1Ysmor6W/Wtx0zStaOC1xwUz/bvqahZpbUE4xjVuu0nVhqIxS3MeI07Bw5Cj1jaeeQimB0+uOUtafPE4l/Pt/25vH6LCD4x1UGmK9W0yM/E+MA/stLQXX4adXvDZoYYpXAZ8YCPdeZ1lFTkFssYws/VWtjC7wXOAPYFR6GMvxL/AOIuriayey1/wetlRUmWxV8kORkb6gPy9Fj7/wDD7riygvpJhUhu5w3Bx9ljLf1L1d020C1V0jI2/hOSCtbQfHiqiYBfaBjngYJi8mf81nn4+yPQyPktPY+cxZUC6XO2sb/F7VLE07eIWbZXXX621AMcsbR+W621H8Uejr9G14rI4D38YAAe2VDu/R3TF+zPSOgaXjOuCTAP5IFo5PiaGz1KSzGaaMrRs+UmFXbKyaJ2Mh0Mmn/JbywfHz4p9HkPNb/GaNmwpq93iDH/ADcrza49H3K1Pc+01jntbvpzkYVSy632gd4ldTl0fB2ylvxqt6RmetgvyTPrPo/+2B0dc3Cm6uoqmzTAYe7PiRg+3BxxxlezWHqnpvqanZW2C801bFIMgxuGfzHZfnWbl0/eh4Tixkp9dsFPprd1BYalt26SvM1HUxbh8D8OPsslvicesFrV1y6P0r+YlDNBflvodwgSQ0Mrg7T4UhP1xnBXxH0r/a2+InSU8VN1xQC6Uv0vld/eEeodjAPPK916H/tPfCrreWOilvkdluDxltNXuDAR/wDTPo/dcvUeNnDpDlqa/wBnuMX8RhA+XxVsbyCfOB/qpMdzo5cRzRmmfwRO3SCfYqhpK5+hlRR1IcwjLHxvy1w9iOUeWsdVDTWMZM09njK5dmma7Guz9F94EMjdQaxw9RghVtbYKafMkLfCefTgqEzxoCH22fw9O/hPJLSp8N8cSG1Ue2OR2KQ6Hjgv5v2Vr7PXUo8SGXUR2BTRcaiM6Jojkcq/hq6apdpa/BH9S7LQRu8zo2uz3wkTi4vkYrUysgvIAGh2kjsp9PdPGwHnKgz2KOVxfE4sJ9lENtuFO8ho1AcEIAuDTxvbJwQjZCyEdwnp3jxNTVbUd5jeA17s+u6jAlHb0Xen3QfDDsglJlVE9uWuBz7puR6qC2sgpI8cIOl7TlTCMpOaNOMKskcdwBtQ4bYUhtRkDjKjPjJOQhAOBzlXkmxFgACMgpuSgtl7YRfF1fmohbgh/iu9E7zEgEoJGe6Wr2V9luCJQdt9YTg485yoQO/KM14AUS5FOJNDyfq3Vbd+nbZeGltRTMHo9ow8H1yN1Ma4HOCniUDkJieCjCVtn6j6bdronmvpBvpJ/mgf6qTaepaC4xtdFUND+C3OCD6LaOdnhUN26btt2e6aeEMnPEsXldn39USfJB0bWyHVhrid8kJ5227eiz8kV/sWkSj5ynacB0Y84HuFZUN3pql2Gv3I4J3B9Cm7hUo5J4nFO4bYUstoa6HwqmNkzXDBDhlRgIZ2btyUOMeC4lgz7LRCxxEyi2VFytFysJNZ08109Oc66Tk+2lHtF7t18pmkSNjmP/CccOCu6WrxsdsqrvvSdLeB81RvFJWj6Z4xh3545W6nU4fItwfRFulhiq2bsGQOQvlv45/2Y477JNfekgynuLcufE7icen3H+q+l6HqOpoZ22XqendTVAy3xxvE8DuD+atqmjinjLJY2vadskZ3XofH+RtoluqZh1GnjdFwmuD8mqynrrXcH2TqKifRVkLi18b9yCPyVNdrZEzVU079J/pwv0R+N/8AZy6b+KFqle1gobwzzRVgbkH0DgF8J9Y/D7qv4d3N1j6rp/DczeKZwxHM31a78S+meK85VqcZ4Z4jynhJxhysp+zF0dxdCBFUEkA4B9FdNEhYJIJBgjP3VVVMpbhmOnIEzfTbKhxzV9slDJS4A9jwvXQ1CPnuq0OzLrXRpQ8Obh4GcIDoyCgxytkayQO2IUkyg7Obv91p3bkc5QkuxgdpRCdXBB/NClHGExmRyhayWCrbVS1LCTEGuxy3ZZOrpnQSuYQRg7Lc7EeyBU0NNVNxLE0n1ws1lKkjRTc4vDMIW4TSMd1aXK1yUUhIGWHgqvPC5ltO06tdqmuATSWuGCrKGQEAZVW7IOUaBxBGTssVtfs2VWutlw2QnlwRmEg8qvjfkDdTY3AgbrM0dymzKTJbTkIiixuBA3Rgdks3wtwOaSDkIudhqO6jJ+r3RxeOxnyD5hhiBDJnbHdSHtyFFAAkICcjPPsr7k0io1DuhNeXN3Uq6eWHOMlQWSeUYC2VPg85r1tsa/Yj9YKlR/SFHk7IrSB3WlHKnHI9J65kJSDUMK28ixzSE88KO0nOUZp2wmJ5CBycH7ITPqCLJuD9kAJQI6XshZCIeUOQ4KGUsDAiCeF0jCaBgqnyRcAZmnPCbE4nIUiYDAx2Cj5wEvGDRF5GvGX7lAqBjByuvJLuVx4yBkoJRyGKHkBWtHwVVxfUrSj4P2Rw4FWejrvqP3To+U131H7p0fKIUSoxnGVLj5CiRchS2EJi7M1qyTYI9eANzkL07puIR0fGMgLzq0M11LQRkbL1C2xhlEMDGWrbU8o4XkLP6CRKcAH0Vz0zT+JMJfVULiTyVrekoMR+Iey0xWTh3LFbNKwEbZ4VLeS2vutLbo8lzSHOx9+FcjA82dsqnsgbWdQVNURgt8g9sckIznQ5WTQXiY0FjMMRxjy+6kdOxMgtIMY3eMknklU/VTi5tLSgn+ZKFpY42U9KyBuwDQmJ5AslhgTn15U2MeFTHV6KIw6pmgjIypdTvHpHsiAznkVGHB3in8kSqdkAErrNLYw0HgKPUO3G6sWuyDcZHRwkg7nZSqNrY6NhDd3bkqsvMhzFEB9ZVg8hlIxmN2tyrY2SxjAOZ+XjBBSq6ptNRPPsgUhMrPEPuqvqitbSW+Rxd2OyFtIOEN8lE81u9UbpfMl2QCR9kCvYWtaFGtzjJXuf6klSatxdPgnYLyXk7/yPtP0zolCEIlvZmlsTThXsLDhV9ujAgYCMK0jOBwvm+unumz7l4+G2uKCMGFDq3F04GdgFNP0lygOcHTuIOdlxpcs7sOEFj5U2EcZUCEYdyrRgAaMKSWDVWFjA8UZ4wVwclcaCeOUPO5GEKCnLaZq+HMxwqUsHGVb3PzVTxlUVRKYZtGNl6HTLNSPAeTs26mTHuDgMg8d1a0NUKiIA4DmjBVbGfGaT3QYqh1HUh3YnBVuBkrtyaVh3xnCyXxR6Wbf7JrhiBqIcvDgN8LVU746lrZIzsOVLc2OaIwyNBBGN02mfxTUiX0x1MHCfTR8hYwS3O/8AmjDfhbD4o9KPsV5fVxs/lTO39ASsWASF7HS6pTgmfMdZpZaW51Mlxy6CMd1c2+rDmiI43WdZnVzwplPOWEb4911qLsM5V9e5GhkYPRATqSbxYw15yfVFfDpGR3XRUtyMOXBgsBcI9k5JEngmRYyk04cEktOo4yrDjLnJOp59OMlW9LUB+BtwqAMOxClUkjozg7oTrae79mjEbHNzz+ajTQtG+F2ik8VvKkPZjG6A6cJJ8lW9paUamnIeBhHng9uyiBpY47KjVB4L6jk1t3Iypg5VFQ1BBAdtlXkDw9oIUOlRPPBIHC6uDhdVo2BCAeU0gHgJzk1LQxLIF0Ift2VDcbe+CUv05aTstNoPZMdDqaQ7v7IMZFWVbjHPiwNLm7HsqGvoxTTa2t2ct3W27MZe1nHoqSppo52GJ7fz9EucDn6ipx7M3G3VthODnRny7FElhMDyzGQE0jKzWJmPO18F1abv9MFQ7H9JWjp52uHlIKwbH6HAgZV/aa7hpPZCmdTS6qS+yRqY5CVOhfloCqIJcgZ7qfHI3ABRnbqtRYsdxupLHDsVXsdngo7XDbdGa42InNcPUI4I0jdV7CdQ3UhhOAhlLA+uRLY5wdypUch22UBh7KXHwCqHrBLbIRgBFbIXH39VFDsIgf2woTsLNQ22rDXVdrpJnjbVJGCVSVvw66Qq5DNHbn073bnwpMNz9sK9jfkcIwOVEjO9NVLiUUzCVXwgtNQQae5Twj0I1f6hVVV8FqpoxQXeN5PaUEf6r1JqK0ZcFeDPZ4bR3/lDH+DxGt+DvV9PvAymqG/4JP8A0VBW/DbriAnNjlcB3aV9J+LoAGOUVtRg8IjDZ9LaSzptHyu/oXqxpw+wVm3OI/8A1RIuk+oWDSLHWkjt4X/qvq2Kr042UmOvAHH7KpSaM/8A8IaZv7ZNHyU7orrKo/uOnK0j/wCln/RAPwr68qjn+A1Df/DlfYLawE7p/jsHDcIZTcuxsfpCiK5mz5Fp/gn17MQG2iUZ/qbhXNF/Zz69q8eJDFG33K+ovHb3GUvmB2CBmqr6S0X9eWfPNu/suXSU5uNzp48dmuwT+61lt/sx2WnaPm68SHvh69cbVO9SnfME9lWEdKj6e0FHUM/5MlZ/g10TadA+V8XSNyRstjb7T0zZY2mgt0QlAxkNSEuRucJnl51fsrwjp16LTU/hBImmqBORDGwewS+aOCAOVEyUsn1RmmMVHhEkyOJzlP1DsowKeCMcqDEkFJynZwmJ2QoEdHKKCcIQ5RARhGEOHKK0jSNwoyJt/UpjJAiSZkJZCakN7DJJiRIHKNcdASe0MuEhNB5HdU9Z1BTwyGlo3fM1PAYzcD7p2GLdsV2WtRWQU41VDwxnJJVaTWXtzoKceBQDmQ7Od9kyhsNZWTitvj9QO7YB9I+4WhgjbC0MY0NaOGjgJigJlPPQyhoaWgiDKePBP1OPJUxhA7Jq6DhM2Ah0IuJ2JXCQELJJ2KJII7IXbbrjOTkp54UOrqaejjM9VMI428koxdliguQ8rtO3OVn731Fb7XqjdIJJT9EQ+p32H5qnu/WlTV1HyPT0BlaQQahx8oVDJi3SC43KXx6vseQD7I4R3HJ1WpUuEMnNVdK5tVcQ4NBJbHngK2pqfxsNY3S0bbKNR0lTXyBziRq8xPoFoKalZTgNaBwtEIbTk2T3MJS04Y1rWMxjlTAA0JjHADhRLjcIqWLU/wDIeqalkCctvY+uroqSIySEDHA9VjrrXT1z8ufhp4A7J9dUTVkviPdlvZueFGZEc5KYonN1d+Y7UAZT4wSOfdKciBmrIz6KTKWRN1OOMKte51TMXNyG+iOMTjTeBgc6V2pw57ImkNHC6GNYPsmGTY7JhmlLI1zgM7KOSSScIrn4PCGXs5Lf3Vozs7qUGtqhC3OQESrqvCWZq6p9eXMicTvj7IJPHAtvBIq691UPCY7PZTLfQNgiAaMk/UUCzULYyXyjJ7eysLjXQW+m1OIbsgzgTKSjyR7hW09spzPO8d8D1K82udzrL/WmCB5EQOHEf5It6u9Z1BWmCB5EYOCewClW+hipIwyNv3PqhlJyMN9u7g7S0DaNgazcnkqdG9xAGFzTqG+2EWMBo33VxiZf8nUkiugHKaE5HcAlODB6JDhNdJp7IRkcYO6fdCcS52AOE8Satsco9JACS8hAMjnIeipMDxZcewUrw87ByHqJwxox2T8iAebcndQ2xXA2b+Uwkc+iBFCC7WRuU/S6WXV2PZSMBjcY3CpvBXTBMa1uSeFmOpeoWMa6io378OcP8kbqDqGOFjqeB2XDY4PJWLke6Rxe45J3Wa230jLqNRn7IMETk5zlcXTuuLHJ5ZhGpJJDdCWJEjic4/TlEipnOLTjlWlHTiPA0jKtLJohHcct9uc1zXuAPseytnwsji8vITGnQAAOUVoOBnhFGBrSjEA2CUuBkbsVMZG1oGyQxjddMoAxpTksdl5R3hM1D0THTY5CEXdy7H3QzwLdiQSZ2BtuoNRXsgGTyoldcnMcWQuzjuqioqJZSTI7KRZZt6BlaS6y6yS5DHYCqS4vJLt02TJPK4w42wsUrHLsVJ7h/wDquYwu79guZPokgNpD0sgclInClW23uuD8aSADjIQKErpbIrkGc1BZZyiopa2Tw4x9zham22yKijHlGruVIo6CGjhbHG0Ajk45UjT7r0Wg8bGmKnPs5mov38IYAc5IRAlgdgiNXU2pcGKTbfJzDf6f3XMDsEUDC6rUQQSSckmBjUk5JQg1JJJQgxzUJzMYOeVITSMIJw3EIhbnup1FWSQkNL9kDw9uVHI0uBOyyzryVNKSNVT1jJgMOyVOBBGQVlKSoMRyrunqtQG6yzhgx2V4ZOBOrGchEHCDGQSDlGBACSKYRJcyF1GUbjBSRvKQgnlfniMT9ZbxiSSSbtZMjElzJPCXmV7WKycSSx6pYHqmYJk4QOUM8ohLccoZ5UwBk5gJYCSSJRZMjMBLAXVzIVqLKckkMwFwtHKdnfCScsi2m2CITXbDdGOCo7jumwbK2DCCTnCRaTyn4CR4T42OIudSkALPZBMTlKcMHC4QFohqJpmC/SQkQXRv7hB8yssNPZCMbDwFsr1K9nKt0b/pIWt3qh5KlmIZ2QjFsVpjZGXRinROAAjKYY0Qs34TdJRZEuOOwRYhyx8EBSMYXHAHlTskW49MjRvqYnAxSuafupsd1na0B4DiFGLfV37LujHdBKmMvyRuq1l9XUixgutM92meHTnuFIkpaWca4JGgn0KotXIQwXj6XkfYrLbpUvxR1tH5iyqWZ8l2+3TMbqaQ77KHJBK3Ic0hNprvV07dGvUBxlT29SU+B8xSjPchZJ6exej0un8zp7+HwyqczSck4TNZZu3GQr3NnrQJWuDS7shTWdhGqmIwVilppZ5R0oWwnzCRXwXe4wkaKmQAcAOKvbf8Rr/SSDxHtmA2GrkKqdZqpudlFkt1THyxZpaaD7NkL76/xkb6k+KbM/77ROcD/Rgq/pOt+nqwB3zYh9Q/kFeNyQvi2dkZ91wAA6uSk2aSv0a6vKXJ4me80t3tNadFLXwvd6asKdGWuzhwP2OV8+NrHw4Mbi09iDhTKPqS80sokirpQB21FZbNJL+k3Q8nCXZ7wYjnOD+i65jcDsvI6b4i32HBkn1gdirmj+KkmAKyljOOSBusj01ieWaoa2uS7PQ2MB57LkkY22WRp/iVZ5NnwzNJ9tlaUvXPT9Tsakx/8wUdckMV1c/ZcOaBjfK45rNhshQXuxVQHh17DntlTGR0coDmOBz3DkDjLIWV6ONZKWBrXkD2T2yXWEg01bLn3dsnfw+Q7xVUjfz2Q3QXCLZszZR7IHFvsaiVFe79Af55jnZjjO6X+0xYcVdodIP8Jz/moBmqoz56ZzvXSuNrmA4kgmaf+VCNXRZ/xrpmqGKy1Obn+qMJgtXQNy5bTxE+nlKiNrKKUYeB/wCIJrqS2EF/hR/lhFuZWxEiT4edFVe8FZgn+mfH7Y3UGf4Q2twzTXANzxl2VIba4Hbsy3/lXG26Vjsw1tQCO2solY0RVopqr4Q1bDmjuFOfuoMvwx6mhB8N9LL7B61zH3Wm+ireQP6jnKPBeru06XiMe+FfyyfYToi+zzyforrGkdk0QeP8BygPt1+pd57RUbd9K9R/jtbkZeN04XWocQXAOV/KD8aXCPLRVTQECspJYQe7monz9KDh0mPuF6j86XjBY1gPOAFFlobLUDE9FTP9cxN/6KvkJsPO2VtE7iobn0Utrw9mG4IC2EnTXSk+77cxp9WbKLN0V068fyH1kB7Fk2P8yp8mSnXJ9GZLD6ZQ5IGn6mAq9k6I0HNHfagD0kax3+ijTdJX1m8F4p5PZ7dP+QVuxoT8bKV9rgcP7nBUF9njJ2Oc9vRaL+BdU0+f5dLOBzol3/8AqiotQy8M2ns85x3YGO/+9RfIynVu7KQ2gAf3W3qo5tMOfoV8KqAEsnhqYnDkPgcMfsutloHY/wB5jBPYndH8pfwQ/RQOs0P9KDJY4CM5x+S02iA/TIw59HJvyTHjLfdH8oM9NB+jJuscQOzimvsz3jYE4Wr/AIeP6c/mkKHHAx+aKOocehf8SD9GRFBVsOAxM+WrG7mP91sf4e87gj7JhoXEY0gK/wCS32B/ES6MiG1OcGI7e6KwnGCOFpjay7cED8k3+Eu9G/og+Zk/jMz+oehTmk+ivDaJP+7b+iI20P7xN/RT5mT+M0Z/WO6eHwkf3m6vf4SwjemCH/A485+XCnzML+PPBTtI3wQUTxA3YY3Vr/BdsCH90z/Z+TO1KcH/ABKfMwPis/RAa/UM7JaxxkKzHT8uP7gj803/AGdnU+UnxWfor/N6JmXKyFgkH45PtqRRYZf6MqvlJ8Vn6KfV7omT6qxFhlP4NvVF/gQPLlPlIqrP0VWpvoP1Tdft+6t/4E3+tE/gUZ/EP0U+UP8AjTKTWfT913LudKu/4HH6pCxRjcyyfqp8pf8AFmUWty74j/6j+qvP4PD/AN24/cJwsbOzQPyU+Un8eRSieYtxyutLu4/dXAssmTpxhN/g84O2lT5SfxplUc9ynZPqrF1kqycMaCnf7PVxHAQyvaJ/GmVmfdLc7ZVh/s5X5A2/Mo46VuxGf5OP+ZLd7kT+NMqQzO+36p4aB6fqrL/ZW4g4dLF/5k8dJ1+MmeL8iorMlrTTKrLfZPwDxhXEXSMryPEqGk+ynR9ExuAM1Q4f8pKGVjiPWnngzjHb7kfqjgsPBH6rRxdG0LPrke7HupcPTNshwfD1/wDMg+UtaafsygeBxupEEcsgyyNx+y2EdotsYwKRmfsiNhp2DDIGjTxgYU+UctP+zKspatxwylkOe+FKhtFa/d7NIK0Xihh0tbgLj5zgEbFC5bmMVeCqitBGNY4Uj+GwNwcI76mY/i2+ya6TTzujQUYo4KanaMaE4Rxt3AC5uSlqjAy+TCEaorHIQS48oCWSd8qMamnafrP6JNq3csbn7hQEluySniPbPCiCqrHNwIogPXG6b/Ped5QPYBQsmEtj4wUz5rsAELTtl5QnVlvphl8uCqISRIXcNwnbkHZVVR1Fb4vLGdR9lDk6lqjtBCAP8YSm8FmhDHOKfpZG3MjgB91lJLleKlulr2xD/AMFMbHV1ADJp3uA91STYWUad9ztsH11AVbUdUUMbyIWvd7+qhMsks2CWE+nKm0/Slc7BDMD7KYZeCJP1TVuGmBuke6gS3K5VvkdM7fsNlrKfouofgSMBH2VnTdGU7ceJ+eyv42xZ554FfLgF7iPdyOyy1LsHAyvTIel7ZERqZkqwhtFqjwfA3Vqp+wZSweWwdOVcpDdPPsrODoircQfl+V6RHTUMJ2hCc+qpmYAdx2TFVgH5DEQdBygAyRgKzpeiYCR40ey0wrAcEbhBnuEjQBGicMgSnL+kgwdLW+Ag/Lh2FMFsoYWjRC1hCim5VRJ82FCnqw06p5y3PdWoAubf5MtddLEN9IH2Xf4nSs2aQT+ixtx656Ytur5q5scRwGnOVQzfFmwN/7LTzTO/wCTdX8eQJXQjxk9OdXBwJaP2UZ1XUE/VsV5VVfFK7VHltFrcPeVuAoM3VXXVa0FktLFntxhF8QPy56PXpJy0AvOyjvuVFCDmdpwMndeTh/UVYB83e35xuGEgJv8KbJj5qeSc8+Z2d1Wwr5WemTdVWSDzSXGDHs5QZ/iHYYwRCZZnDswLER2agwNUKkRUtHT6cta0HYE4VYLVj9MvZviK2V2KS11Y9y1Rn9a36Qf7vQk+msKH8xRxAAzNGE0Xa2x4/3kk+mFeGT5JPtkl196wnbqzDED2A3CWu9zgOqbnJk8gdlFf1BRt2BLk11+a9pNNA55H5JiryC7ILtkz+GyTHVU1tQ8jtqSbbKYOHlOfUqF/E7nJjRDhJrrtIf5smkH0TI0CnevXJcMoY2DysAT2ho21DIVWKaZwzLVTZ9A5dLWAfzXbDuStNemb6M9mrjD82WbpoY8ZeN11socMg7LO116tFvway4ws9Bq3Kqar4n9N0jdLHzTY28oW6rx9svRy9T5vSVfnI2r9JIJISc1pxhea1fxdpQP/d1A+WT0e1V8nxL6xrTiitcEYPq3P+i3V+KtZxNT9TaKH9R6uW8brmn3Xj0/VPxPqyBDLDAD/QxRHRfEmrOai+ua086XZWurxFrZy7frDRx/FNnthAAySAPdRZrlbKf+/uNOzHq7heNHprqCoGusv87iPWTZRx0tbGjXXV7HHJDiTvnK2R8HY3ycy/63ohzFHrlT1h03SnzXmmJHI1KDL8TOkYAc1sj/AP6WzUvMv4F0Y0fza5hI/wDohTPC6KpvLHNJIfRmStUPAt+jkaj/AMRIw4ikehv+L3S+cQw18p9oMf6qLUfGWjb5aWx17wfVuP8ARYmK5dMQkeHQVrz6hiL/ABakBBprdVge7E+PgX+jlXf+JM/6Wkah3xZqZRmDp6paf8Tx/wBFHHxLvDnHTY3M/NUzbxUFv8uhm/8AFG3/AKLjrjeZCPCoox7luE1eA/sc+3/xEtb/ADLo/EHqdxyy1PASHXnWJG1EQPsFSfM9UH6RTAendNMvU7gchn5BHH6f3ehMv/EO7H5l1/tx1aRvGB+SC7q/qk7F7R/4VUiLqJ7hrLR9gnCjveMueE2P09t9GWX/AIh3v+ssW9SdTSHL6ho/Jc/2jvXDqk/ooHyV3HLgnC23N3JCP/gC/Rnn/wCIGq/pkTD1Bd8f9qKGb/eM/wDaSgNtFyJ+oIos9xx9QV/8A/sKf/iDq/bHf7Q3bvOf1Tv9o7r2qHZ+6H/BqzvhIWaqzg4Cn/AF/wApX/8AEDU+go6mvOd6kkDsUUdWXRg3kzhBFiqCM6ghustVjsp/8Px9RKf/AIh6qPth3da3Nuw3TP8Abu4nd0ef0UOWyVOeyELHVY4H6Kf8A/sRf+I+uT4ky3Z8Qm40zUGT3IK6zruhJyaR4/MKid09VPKYenKsDOf2QS+nt3ofH/xL1sfywzTDre2cSRvblHb1XZn/APFf+ixzrFVYIwP0QjY6vPH7JE/p7HGDVX/4n3f1wN7HfrTKPLVNb/zHCK2426c4ZVMJ9ivPv4RVNByM7IH8NrQcDI/NZZ/T8o9I21f+JUJv744PTWyxPHkkaR912YagMLzJ0d0hI0TP/J5RY7hfmgATvwP8RSZeFtj0dGr/AMQ9LPvJ6EGuHcpjyY98LCx326wnD3vOFJb1TWAYc1xwlvxNxsh9baS3jcazxsHBb+oUeeCmnJJaGu9QqCLqXWAXnHqCpAv1AcfzTlCvHzh+Rpj9S6WzqZMloJMZjcDj1PKikTRHDmlTIa+KVgdG4OB908SscMnCGWla5wHHy9NnUiJ8wSME4KPS3K405AjI0+h3XXfLyAN0g/kmmMRbsQPTNmmHk4rqRaNuLKhobVwaM/iCjVVLHnXHI1zTwoXzb+H8BM+fhyAJCD9kK0bXQ1+Vrl+TFVRluNuFVVVHTVIPiQjKtjO2UAeIHBCkgZjIKH4nF8ip66qfszVVbY2bRN4UN4uNNvTzFn2K1D4Ac5bnKgy0rs7NRfApivnWcwZT0/VHUFE8D5mXA9XEgq0p/iBUH+XcqKKeP0xpP6oRpgceQfmMpj7fBO3S+MD3ARLTVrpElr7Y9MdUVvTF2k/lxGklO4cNguR01VTuElrupMjfw69iq2p6fyNUDwSOxQo7fcYCJI3OafuhlpIT7RF5OS/M0EnVDWtFLfqAOadi/TkFQKjpjpa9DxLFWNpqgnIY52Bn2UB9RXN/7ZEJWHkEZQnPpj9FOI/sEqWijjhBPykZ9s0Fl60+LnwzmMtk6lq442naMOMsTh6Bn+uV7T0T/bjrKYQ0fX/TbZMAiSpoxod99B5/UL57juNdC8PbMZG/0uOf80R76Ou/7XTtDnbktGCFztR4mq3844G1+UlD8Z5P0H6F+OXww+IdPHN011VT+LIM/LVQMEzT6Fru63q/K2usMb/PSSA57E4XoPRf9ob4w/D6Bltor3/Frcz6qK5YqWZ/wkjLVxtT4PH+0bqvNV9WH6I50jPCcy81ULdAcSBxlfOXQn9sfoa+QR0/WtHUdOVWzXPP8ynz/wA2xaOPVe4Wu92i+0cdysV1pLjRyjMc9NKHscPuuLqPFTqf+ojqUa+q78JGto71FMA2byu9VYsljkGWPB/NYx26a2qnidqikc0hcu/SRXETdDVpdmympKedpZJE06t+FWz9PxuH8iQxn1VfR9RSRkNqBkeoVzTXemqAMPA/NYJ6ayPo1K+Fi4KsU94oJdMY8RvY5U+lvGT4dTE6Nw5yFZBzHDOQQk4U7zgBrj7hJaa7GppDoqiJ4y14OfdSNWrsq99LCHZbluewK7GZ4T5X6me/ZDJZLfJO0AoXhj0SbKzbUcZRQ5p7qYYtxYHShklqlBme6E6IuxtlQr/Jxj8jOOUQ7oIYW57pzJMnGMKi30LBG6GJHZ3ClaAWoLmY4Cv/AAKaCMmOBkouvJ2UMkk4RY3HByo3wBKOSSJ+yfkFRhKAcYTtQLcqlPnAOAxaDsVVXHpyjqz4sLRDLzqbtk+6tWkYzldyE2MymjKyC5214bOS5nAcEanusWrTLvnuOy0UrGyMLXtBGO4VLcLMx7DJStDZAc+mU6E8gEjGQHxEEHcFSKerLCGyNKoIaust5EVRE4Nz9WMt/VWbJoatgLHgO+6epElFMmXW00V/onUlW3Ux2+Vhalt6+H4Bcx1faD5MasOh9DxwtnDPNSO8xLmHsrJvy1XFuGua4bgrVTqZVvszyhnhmeoK+3XmkFVbqhszHDJHcexWU+JPwm6U+JnTlTY77RNlDml0LxgOjfjYgqT1F0nX9Hzuv3Rxe6B7iZ6ADOc/0/8AzFM6b6pt3UdJ4lHMBVN3lpifOwevuu/pdanynyZrtMpR2vo/NL41fADqz4KXUVzqeeqtUriIp8dgvPnzwX2lDoXASAcHnK/Xa/WS0dU2qe0XijbUU9Q3Q9jxkaTzt6r4J/tBf2R+oehqmp6q+Huu5W3xNclHGwtfCD6nfLfyX0Hw/nn+GpfP7PG+V8Fj79Mvt9r/AO6Pm2OqnoneE9py0q6ZUsqWipi4Iw5vdpVNWPbXHUGhjwP1QKOrmpH5H5jsV7qi9WLg+d67RfFPajTRVDX7ZBxynPIBBCqHGVgFXCfI8ZIHZSqapEjA4bkcjK1KxM5Eq/aJYkPBCe1yj+IJCBjCIDpwm9i2sdnZ4Y6hhjeAQf2WYuVskpZC5oy075WpDsjKa7w5W6JGAg7bhJtqU44GV3Sq6MK5vuufTvlWdztstHK54GYnHII7KteM4XKvqaOzXONkE0wlPLk7nGFYRSbBVDQQdipdPJjAK59sP0dTTX4WGWrHnbdHaVCiIPJUlhyFmUcHXrmmg5IxymZOVzJ9UIjvlEPyTGOznKAdpCfdNbJ7JsryCMBGiwVyGqBVbPpareoGqmdkbqlAwcLXUee8osSDg5XclNanLXGWDj5HNcSQM5RRwgs+oIoIwrF+jiemLpIwmII6UA8n7rrydRGU3OEsEeeEAkZ5RnfSfsomTqSZ9jYxyGauEYSZx90nHCtEfBw7g/ZRTypR4P2KiO7pdjHVgJeQmvzgYT3/AFFNPCEYOp/qCtabhVUGzgrSmIwmQF2egq7HyFxdj5CaKl0SGcI7C7nCDDyFLiaHYyrSyzPY8Gl6TgZNVDWM7hejgCOANYMDCxHRVG4yGTGwW4efLhbqlhHl9dPNgAcheg2anZHb2aG4yMkrB0sRmnZGO5XoVKfBp44McBbqzlXPcsBKg+HSTOzvpTekqTwqZ1RKzEjyXZUe8yaaFzBy/YKwoGvpLWHuO4bn9lO0Y+lggSSSV3U0bXO8kG4b2ytTUOIA3xnZZXpdnjVMtdJkvMhG/otLVuyGkbKJCbeJYC027xnfClTFzpA1vdRqEYKMCck5TELyFedLcNKhyPOob91IJPJUJ7sSGQjZTBceWVM8rqm9iIu8kQGysri8uDYWEef/ACVPa2ma6VNSfpLuVZ5NRWa+Wt2CsbL0SYQ2KJrcYwO6wPxBugbCYAd3nAW5qpWtwc7Lx7q+ujrbu9sTjpZ5eVk1b2Q3G/xtHz6iMRljjYIJJsZd6rtMzxqtuvfzZKM1vytEGMGCQCUyzu8Su0FvvleE8ve1Bn6B+ndFt2mqha1rQGjClx8hRoxgAFSWdl4a+e5cn1jTQwkPkOIJD6KqYSckqbWSaIXe6gxDI5XPxlnRzgmQDBU+Np08KBTjcBWjANI2QTwPgEpgHTgHuEFwALxn1Uqk/vwfZRpC3XJ9yii8EtMhcHH5p6p6t2XF+N1b3EE1MmPdVEgySF6DS/7SPnPl2/nkgMNS5jxpCsqmjZPHloGSAdlWFg/CpVpq3NkNNM7I7ZTZrKMFFqT2yH22tdQTmKbOh22fRaKOTUA9hyOQVRV1EHZe0KXZa5gZ8vMd+As7fJ0VPHRX/EPptnUNje9jMyxt9N8r5slZJT1ElNIzDo3Fp/JfXrCHDBGR3Xz38XOmv4FfXV0EQEFSdQxwMrueO1OMQZ5b6h0Xyf8AzEFz7MKDuCjMdjBCCxwduiZ0tyvTVzweKaz2WNHWOa4cK9ge2aPndZOOQ6hhW1DVFuM5XR092XhmK2rLyiylaWnYcpiMD4rckJh2OF0P7mfGOBJDlJIcqETwSGDIUhoDRsFHjIIwpTOVZsolkfBVSwvGk4CuqWo8do9e6pTFrbkBOpq00MwLwSx2xHogOpTY0y+cwO2O6iT02kZCm07mVDA+NwIKdLGCNwlYOjCSkipGqJ+QOFbW+rDmD1HOVEmpu4ahMc6A7cqdGuie2WTSMk1AYCeolDO18TSd9sKaDkZVo6kLEx6ehtRByrNBzASwEVn0hdS8kBsjAVXcbMJyZaYhrj+E91c4KWChfJcoRn+R5xc6GWN7tTMEfuq/GBuvTqmhpqtpbLGCfXG6x136dnp5XOhaXN52CTOGTkarSyj98TPEYOE1skzJGPY/Gnt6p7wQ4gjCGWkrLODjyZYtpmltN2bI4Nkdzt9ir5lRkjcFedQvlp5RIw/+q0luurZdPiHAO32VJtnV02paWGa6KbVjJCktlOASqimmBAwf3U6OXYZTMnTqvyWUcgH5o7HjKrA/HB591Ijl3+yhthYWkb89lJjkOMYVdFJ9PO+VJjfkDblQ1RmT2u9kUHKhsfjsjteOVDQnglNR27AqI13sjCQD2RxwGkSGv3wieIFHa4EHfCTQQec5RYGRjkljDgN0Q78KKx42GUVpG26EYqyQMjgojHHbdCGMYKIzAUckxigSBI4d0RrjnlRkQcpUntfA3YTA7blLV7hABOkbpAkd1XZcYkkE55RGnjJUdPyVMDdhKa4gbFd1n+pRtXukHY7qyiWu6vZAEucDCeJfZEElkeDg5Cc1ztQ3TNTexTgR6qBJZJIO25XdXug59Cug77lTDD2h8+ifkoDSMcp+oJiTZWAv0ruS7uhDB78JwcCcApqjgg8ZHddyUxDkkYxpkke1rRyXHZGlkFyUeWSw/Dcnj1UStuNNSR+LUTCMdu5KqJ+phNO6hs9O6ec/jLMxNRaHppksrK+6zGpqRvpyfDb9mp0azNO2MuEChnvN+eYog6lphzIdnuH+FXlnsVttjD4cJdI7dz3HJJUmNuNOloaBxhTWxjAwnqKQpxcuRxGFxJcJwiCHrucKO6cNOMJrpwRkgIwm1HskSHOMEFClqaamGqolawepOyzdy6yoqKT5ejArKk7CKN3+uFVGxX/qqcf7RStiohu2niGD+Z78KCp3LqJZ3jryKKpbQ2OjmuE52IjADP8AzH/oq2Dpe+Xc/OdSXFw1btpozhg+4Wuttjt1phbFRUzGBoxqxufzRayVkNO6Z52bklWlkxXOXbZRTw0Voo3uZDHGyNvYcrNUduluVT89WHyk5jjPb3VhUyyXeq8R7j4DD5WcZ9yptPEBgNGMLXCODmXyyHpadsLSRjdEOyQ2GFFqagQ88JiWTNKW0dVVsUDHOc4bLN1lRJVSa3nbsE6tmM8pIzgIQGeU2MTnam7IMj9kN7wMHjCPJ9KrZ3awWjZMSyzl2zb7AVMr55NPZOy2NuAEgxNlGcJkVwYpPLGOeTlBPdEOwQiQdsoBTHOIAO44UConETS4nYJ9TL4QL85AWfrK2atm8KmyGn6lG8GWctpGqaqqr6hzQ8hvCsaa0tjjaGEDbJ91yCmaGNa1uMcqe+oZDES/bAAQiJSysgamrpbZTeLIQNI29yvOLzeK3qCtdS0ryIwcOcO3spXU9/nvVcLfbc6WbOd2CdQ0EVBCI2jLju53qUMlkw6i79DqGhgoowxrQXDkqZpHOMIbchGUUTA5uQkkl0NJKIJPI9o3T8jGccJpcGAErnYq3yNS9idMBthCk8zgB3XHEFxwixR8ZCoYvuYSCHU4ZCsGMAaGMGPVR4m44CnxsDGanjlAaq4YGta2HzO3KE8md+cbFceTI/ClRRtDQ4jChoSGRRhg1O+6oOor9HAHshdjIwjdRX+OkjdDE/B7lYaepfUyGSR2c8LNbZ6Ml965hBgJpnyPMj99RyuB2puV1xBwuZwCscpZMOGCPK4unlcQEYkWOFzzjH/olFGXEbcq1pbdIcHhHGGQ4wlJ8HKKnLnsbj6eVZiBoGRsnNYynjDQ1c8XP4U6McD0/j7FsOURso2ACCN0UMDfMUeEW7B4Oy4SAMoc08cQ85xhVFTcNRLYif1SpyURcrfRNq6yONpw7fgYVLVVc78DWcexTZXOe7W47rgAdgErNOeRLsbBeZ253SdSzTf3bMqdDTuHn0ZwniaWM4iw38ktx3dguzJWMtdW47swiiy1J7hThU1JP95z7IjKetcdWXEn0VOmP6Bc2+iFHY6j2Qqm2iljLppA30HqrOYzUzdU0hGRtkqHT0M10mdJMT4YPBUVG57a1yRWpLkh26imuE4iiacd3HjC2lJQw0UTY4wMgYJQ6SkipYmshZjHJ9VKaCNiuxovHOnFk+zDffv4R1JFSXWwZW8jV0A5TwMLuD6IXlAylgcOF1JJGUnkSSSSJLJBJJJIvjIMST0lXxkB6vZMcjoQOOyqUcBg9OO/KBLEXkFoUzOdkN0eUmcCEdvlOcqfSTluMYUKRpJBSjlMeFlnWVKKZoqeo1AKSH68BUdNUceysYpg4BYpxwzLOBYNcSMkp6jtwQBlFShDWDft1/0n9E4tcOQV5yzq/qMHerafyRx1le8eeRrvuF8ll9NauHTR9zh9f+Nl+Skv+hvCAByhl5I2CxI6yuh+psf5BPb1jXtIxG0lV/8AD+qj6Gf/AB54t8Zf/Y2JLs8FMc4YIWVHWddjeJh9gm/7Zzd6CQ/kp/wLVfoOP1p4uf8AX/5GoLjnYLmp3osx/tlJybfJ+iX+2sXejl/8qn/AtV+gv/jDxf8A+k/8n/7Gn1O9FzJ9Fmf9tYv/AJDl/wDKketYj/8ACS/+VT/geq/Rf/xh4z/9J/6/+xo9XskXY7LNnrCPn5aX/wAqX+10feml/wDKi/4NqV3EOP1Z46f42I0LpsbYXNRwVQN6spT9ULwiN6qtx2w8fdDLxV0e0W/qfQS6mi4MmHYwueOcY0qo/wBpbcd9Tkhf7aTjxCh/4bb7QxfUWl/pmi2MxacEJrpOMBV/8at7xkSYTv4tRPO0mEL0U4jF53Tv2ThJjtyk6UY4UU3CkeNpWphqqfG0gKv+NNF/8XpfRKJyc5C4SD3UQ1URP1Fc+ai/qKONLXDKl5OqRJLe+Uw54/1QvmI/6ktQ7O/daI04Ey1kGPLUItx3XfE9x+qH4je/+aaoYMs9TF9nQzJ5yu+CAAgmqiaQA7Kd85CRjVumcinZU+zvgA8FBnhIHCd45bu1PZVDP845Rxk4gqNMuiA5kmfpQ9fsrTxaU7ldPyBG+yJXekX8K9MqfEBzsnAZ7qVMygO7Tuob3MGQ3hFjcD+B049Vzy98IZeAeVwuz3QSi2WrsBR5d2lFguFVCdpMj0UMOHqk9w5SpVKXY2GrnW/tZdw32RuPFGrHupzLvRzAeL5P3WTMgdsDwkJXEgEcJM9HCXR3tH5y+rGWbEx0VSzHkc13HquOs1OW5YBlZiCodEQ5pIOCpdPfKmGTzOOAsVmja6R3qPNQsf3ljN08JjnGnHZRp+n6qFhdG4P9keLqXDvM3IKn098pJzpdlufVZHpps6MdbRauGZqWhr2Y/wB3chObNEQZIyMLasqqSV2lkjCfdPdBA8eaJpB9kidLgaq5xn0zEx1LgMEI0dYB2GVqZbRQyf8Aw7R+Siy9MW+Zh2LSOC1IdSY9ZXRUR1/dr9P2OFJhv1wpyPBrJW4/xlcm6YbG3MMpcR2JUY2OsA8pz7JDoWeBkL7P2XdL1x1BTkaK97h6F2VeUfxPu8LQJGRv/JYGS03KM/3WR7FCa6phcWyRPJHIwlvSjo6qyPs9Yg+KtJsKyhc09y0q1pviJ03UAeLK6PP9S8RfcIwBqYcrsdxgJAASXpmOWvsR71H1D0vXDDa+n+xOCjRx2idwNNKHE/0SLwWOZjsOaAM+ilMqqmP+7qJG/ZxQ/APh5J/1nu4tzHbw1dS3P9L0RkdyiADKhpx3eNyvEqbqXqGlGmnvFQxp5GvlWNP8QepqQgitEv8AzjKB0sevJ1vjB69ruuMOMDgPfddjmn/HTPd/yDK8vh+LF/YMS08Dvs0K0p/jDTtaBVWZ4cBu5k2AfywluuUezRDXUy7ZvjVsBAkp5mn/ABwf9An6sjPhg/clqx1N8XunJvLUCeM/qrCn+JvSEp8t0ax3+NpGP2QbGPjdVLqRog94B3iH3cU1s8ZfpaQSFXQdY9OVZAbeaNw9CcH/ACU9slqrWB9K4SA92nYqbGW7a10yXG5rxgAbJzm59vyUYUkWDpe9uPQpeBJjapf6b7qtjGxkpLgkYxsAlod6KKG3IbRVUZ/52b/sFz5i4wf3sDJP+V2ELWAtvvBLx2PdOAOOFC/idSw5dbZ9v6Qx2UVl+t0jNUsc9MRsfGZp3VYyC4pchjHGT/Mja4e4ygy2iyVmBJQU5PswBJl1tc+BDcac57a1N8BrwHAjHqiWUC8Mr39J9Pyt3pA0+rThRHdEWrVmGpqY/QNkV62Jx7pFrmkYOCO6ptovajPO6Qq2A+BXggca27qOem707PlpXDty0lakurG48M6gntqKr8cQKvfIHYjHOsd4gPnpWOH+FyF8nVtPnoZW474W4+Ymx5o12OqhecTQuH5g/wCSH5WX8ZiREGjDoH5/5UtLG76R+i3P/uw/VTPP5Lj4rMBvbpCT7t/6qfKytiRh9cYOC1uPsiNnpjnLmj7hbEw2XO1vkH5MP+aXg2Ugg0En/ljU+Vk2Ix+ulIz40P2XNcXYNP5LXGishOfkX/8AljSNDZSMGjk/SNT5WU1gyIfH2a39EnYOPMAtZ/CrM45bSyD/AOX2Xf4RaT/8O9T5WCZQOA7j9U44I7fmtObVawdqV5/NP/hVs/8AkR36qfKyGTdJp28KPf2XMZIOwx6LWfw23A4EH7pwtlCDvAp8rIZTGBxlBw3P91J+i2gt1AP+AE/5Kg48EK/mZDFhgxnQfzCWgf0fstw2kpQA1rI8dshO/h9Kdz8uFXyMMwwjJ2DSnilqDu2LK23g2+AgudTn7JOrLLEPO6P8gr3sLKMT8jcXOGmnBRmWy5Y3pFqzfbFTnLZAT7Bck6ytELfJT1Eh/wALMqb2AZllluUh8tKVIh6YuhwTT7q2d1zT5/kWWud6Hw9k3/be6yjTT2KQehc3CFzyHkht6XuWwc1jP+YqQzpetA3kZumvv/VtUfJRQsHbIGQhj/bSq/8Aj6aAe3Kjky1NIknpSbbx5AP1Th0vTRjLquQfmoYtHUcufm+qQ0f0tdsmnplz96vqoO9hIqL3ZJjrTaYP76qzj1KE99hp/pqQT91GPS9iyPmrxVS4/peSn/wPo+EeYVUp9ySrTaLyhj7vZWbCpjH6IBv1tPFU38lLFs6WBzFbHP8AdwKeKW0s/urVAzHfGVG89kyV38doz9LifsFFn6iEbtLaOZ4/whXfiUkefCihj/5GbpgqaZhJ0NJ+yoKXJSO6jqXjTFZ6pxP+FNZV3x+SLVOAfVXbri0ZxG3bjAAQjeX8dlAcoro23eUjXTPZ91INtriAZJi0eyU16dxlRJbpq5lcB91BmUSBR6T5qqQn77IunDcaj+u6rv4jDjebJ+6G+6ZBMQJI90zbkHJOfAXH+9lGPQpCNrNsH7lVTrhcnnETMBIUl4rfKZNI5VqLBlLJal1O0Zle0IEt3tcGS6Y59gozOmLhUYDnPePbKsqbo2Rwb42gY7HlTaVkq5OoY86qeF7x+ijPvNzm8sVP4YWwpOkaZhHitYQPRWcdgt0YAEIOEewvKPOflL3XkATyMB/pVhTdHXGQZlD5M/1FehR00MLQ2ONoA9kZp0+6vYTKMRQ9CTOf/NY1o9SreHoqKMgyPaWj0Woa7bdOyDwVXxpkyUlP0zbWjBjzhT2Wm3RNDW0rNvZTAMJEdjsrUEibgTY6dgDRC0AceUJ7wANsDCjy1FNCMzStaDwSVBquo7JTDMtxhGOwcq2BOSRbCdw2XA477rJ1XxD6fgcGMkkmzzoGVR13xeaxzm2yyyyEcGQYBR7Bblg9KbqJznKfhzec/ovGqn4oda1Lh8pR0tMz7bqhr7/13difGv8AJA3sIjp/VFGtsRZZg96qLhS0/wD2mpjiHq44WaufxM6MtLiHXamqCOfD3IXiknTk9Y0Or6yZ8h3LgTv90+DpWhibifwgB3dyU9UvBmlqZLhHoF1+PFmjkMVooZ6k48pxpB/Yqgn+L/V1ycY6GxtiH9T3Yx+26qALPRgMLmEtGwa3Kcbs0HFLQyEjgkYTIafcJd837FV3f4g36Pwaitmp43E5bC7Gfuo9L0ncHnNxr6ksxkl0pUpr75UHYiBp4THW2vkdmsuTiz0LiAj/AIhHekuR8Nl6doXmWWrZI7/6NIXfsi/xDp+ldmF8Jd/gao/8NsEWHVlZE8+mpB+f6ZgmxSwOkLdtWjZXHSiHqIosTf6RgxBTSvzxhmyX8auD9obTgepagMvETv8As9vmd7hiOypus5Aji8If4wnLSf2AeuS4TOOrb1IfLTRxg+gTHMvjsYm0fkpUcN/l/HTD7jdH/g14kxrq2Y9ijjoYy7Qmerl6IbLdc58eJc3t9d0eOyQNAdUXcvBHD37KYzpppx8xXyau414RJqPpyjZpqamJxHPn3z7p0fHx/Rkn5FVfnLBFNNaowMz6/cFJkloicHCMu9gnu6h6Oow2KUeIBwGDKhS/EWz0jz/DrBISPple0f5LXX4hz6Rhv+o9LQvumXDJ6d4Aisk7sf4URzpwWmCyzsI4yMLLn4kdSTkmjbT049fCyVBqL31NcSHVV3lc49xsPyC31+ClL0cHVfWumj+HJr6i61VKMyWyT8sKpq+rbqARR2Zzsf1DKz5Zcz55LtM71DnJpmfHjVentJ7B2F0qPp5P8kef1n13OL+x4LOpvHVFZBp8aKj1ciNu/wCZVFWWq5VRb/EL3I0MzjD9OM//ADE+praUYNTemH0/m7qudUdIADXMHEf0jK7Gm8HXV6weT1v1hZPuxv8A6khtp6bp/wD54V8LjyDrOT9z3SNd0hSYbCyWocc4ELC//LhQTc+ng7FJTPlx/TH/AOqPDdSD/udgqHE98Y/0W+PjK4nm9V9XWy4jz/1CDqClgcDbulJpSfxSDQB+oKX8d6gecxWmki9NTsf5FOM99qSDDZZ2+zhsUaG09WTka6CBrTx6rTDx1ZwdT9R32dNL/qV9TP1XUnX8zDET2Y3YKM23dRTu/wB6vc8YP/duwtMzpXqCobplfHGO+DhFb0TUNIM12d7+bOFphoq4LhHJu8xfN82P/oZgWAE5q7xWzE/1zED9k51hsbSHTTB+wBHiE8LUf7LWlg/3m9Ru9g9dZaemKc5fVMfj/Gnx00H6MVmtsnzukzNC3dLNGPCZn13RIaex07tdPTtLvTStKD0rFgaad2O/JRf4p0vAQ6FkeR6MV/x1H8RP8pvtNmc+Z0nFPbCR66AutkuLyBDbT+YWlbf7aN47e+THoxcHUjCdMdmqyP8A6WmKANk5v0UTKS+S4HyrG5UltkvLhh3gjPoVbC81EuPCstX/AOVFbVXNwy21Sgn1RqADsZTDpu6Hdz2jKMzpu443mCts35+C2jA9iU5h6l4FLErVQv5peirb03V5/mPB/NFHTM7scHH+JWopuppMDwYRn2ThbOohufD39lahgnyyRW/7OSnGR+pRW9Ov32P6qeLZfncuCK20X0/i/dGA7JP2Vf8AApW7/wCqcLIcby4KsTZ7u/Ac8/qiCw3MD6leBcpzXTKh1jceJv1Tf4HIP+KP1V1/A7sO37rv8Fujd8qYK+af7KYWSbs9EFnq8btB/NW4td6A+3shmhvbfqZ+6mAo3SxyVhs055aE5tnmb+AH8lYeFd24HgkpabuN/lyVMEd7IQtbwP7sfom/w2Qj+7b+isBWStGmWBwcOchdNfE3+8aR+SGUMkjYVbrQ458g/RB/hDgT5R+ivI6yCR2GkD7oolYTjW1D8QTtaM4bMTyxv6JrrGCP7ofotSNJx9O6eYthwp8QLtn6MU6wgk5iH6IX+zw5EY/8q3BpwR9AQ/lSTgMCH4k+0RaixezDS9Pj/umn8lHf01qGBG3f2XoBonejf0XPks76WIZaeD6Qa1di9nm0nSpBzpYc+yiydHlzi5pA9sL1EWxuS7S3dDNsjB/D+iVLQ1S7Q6PkLo9M8jk6fuNO8sjLtPsUOSiu9JiVj37dsr182yHkhp/JRZ7bTux/Lb+iTPxdUjZT53VUvs8pZcLjAQ6eIlvspH8bPdrgvQqmy00jNPgs3/whVdV0nSzM0loH2CzT8PD0djT/AFRdHiTMkLrG/ZzU0yxyDsFe1HRLGRl0TtRVVU9M3CnZ4jMu/wAPdZLPDzXKOpT9Txf5MDA/RuHZRG1rgcEbKK6kroG63wvA+yhvmlbnOfzCzS8VJcSWTp1fUMe4vJdisiO0hxlO0RScHHus+ao/iRRXubuHJMvFP0jbH6hLl1G3GQEN1Hp4GFCZeZmYaXZCmQ3emcBrO6zvx9kPRoh52Eu5C+TPOEhCW8tRG10TziN4H3R4ZonjDgotDL2hz8rCS/IitgheNEjGkH2XXWWje3Oho/JWkdJTPGoNOUeK2Sv/ALrfHZEtCzPZ5OEVlMysnTlPrc4OI27KK+zPGzO3dbV9pqsbR5QjaZx/wgnQ8Yp/kcnV+flQt0WYp1sq27NaMKLKx8DtL4iD9lu5LXVg7RoL7NI85fG0/cK5eGi+kYa/q9t/fyYGaihqz/NCPabl1b0fUCt6UvtVQvadTRHI4Nz64ytoenIJj/OiaPdVlZ03cqZznwaZ4hwzG6x3+Ek1lxydKr6opfMZOLPTujP7ZXVNoFNQfEO1MuEA8pq6c6Zu2Tpxj9ML6G6L+M/w568pon2DqalNRKNqaZ+iTPcYK+GamONsZivdqqaeM8HwdY/9FWjp6kEwren7nmUeZuh2lzfyXk/IfTcHLck0z13j/qyajiTUv+p+l490s6Rqbt9l8H9J/wBon4sdAOjpb1i6W6LYR1LS/b9iPyK+hvh7/ap+HXWYjpK6d1orH7eHO8Ojz6a9gvL67w99Cyo5R7bx3ndNqkluSZ7jBequmIGdTR2JVtT3+lkYDKC13ssvT1dLWwtqaOeOaJ4y17HagR7FGbpAyTj3Xn79NB9rB6Ku9++TaRVsVS0FkgPt3RwcDOSFi4HuadVPKdQ7BSoOoLnRkfNR+IwdwFinptvRthen2al0mTxwnNqNPbKraO90Fc3yvDXnsTgqRjPflZ3XgPcmWEVUM4JG6PHUMP1bFUwJByCiCd2weVnawTZnotSGu4Q9GOAo0MzTgteT7KT4hZjLSVQLTQaPghJ4yM+ibHPHJsDg+ie/jCgPoAWgJHhdIyUsYRAgiTlEaTqG6am4KUBglgnkO5SJx3UbX21fulk+qJMFxyTA4FMMjjtpQQ4g5T/FH9KYsrkHA2RjJGlj2tcPQhVUtpmik8a3j3LCdvyVy3Ds7J0QxwVI2NlFJFUOl/lv2cNi08gp5kqKI62OOk77KdVW6Cqd4oJZJ6juq9wqqZ4ZKA+PfB5WiM8lSii1pLgyobpk0nPIKyHVvw7kuNT/ABnpypjoLi0hxlazBeB+F2OQriSLU3x6U4cOWjup1BcpCBHUtDD2OVqqvdTyhco54MHZes9Fa6wdSwfIXGH+X5j5ZCO4+60cvhVMMkMgGl+2cKX1X0RY+sKVzK2BjZy3S2cDcfmsM24XvoWYWrqINqqFpwytAJyf8XuuzpfIY/NmedPtHhv9ob+yRSdW0s/Unw8iprddmapZaYZEFTtucZ8pC+FL7Z7v03eKqzXq3yU1RSvLHNk2JI529F+wjKynqadlRTSNkhlGxByPsvLvjN/Z66T+M9vLaykbFXtGWVLBuD7juvaeI85PSySn0ec8n4GrXJtcTPzIpK98bthlpGC08EKQ6GSlIq6V2qN31N9Fc/FH4VdX/B+9/wAI6noh4UgzDVx5Mcjex9v1WfoK8NGh27HbL6PpNZHVR3w6PlOv0FujtdVqw0WFNXQynnB9CprZA5Z+doil8WLgnj0U2mro3Ya7Y+/ddSu39nKsr/RcB2QUzSRuhxy8Hse6ktLXjHBWhcmZxwCdpkBY9oIPIIWZuVukpJC4DMbjkH09lp3nTwhyMjnYYntyDss9tO8dVY6+jGaR6rsWzuVOudpko3GRh1Rk8jsoDVx7YbZYOzproyipJk6N5GFLhkyBlVcc2CMqUyULHbHHR2NPenwWTSMcpj+UKNxxzlEecYScHRU8odkeq5sUHJ9SutJJ5KNBKQWYAxkdsKmcMPd91cSEaPyKp3Ea3euVrpOT5WOcND2pySS0o4D7HJFxHBSSRltZOavZdDieSuafddUBjHAk144Tk14zhQM476Sop5Ul30lRx9STPtBQHMSefRPb9KCfqURH2Eb3+yjyI7OD9kCRBZ2hkOAJ5XF08riWMORjBHsrCmJ9VAZyp1MnwFWEpOauYKcwYKYJnLHAaPkKXFvhRouym027mhNrWWZrWekdHU5jow7GM8rQPOMKt6di8O3s2xkBWEzgMLbDo8pfmdjJdnYZa9jQ1bthyQPyWR6cjBnDyNytfAAXjK11nOtf3YIVePHuENG0ZMbg8+il36rdBRiBpDfE8qBTtMl5dKRtjChdSSyTXinpdZDTgbIpSwIwW/TUIhgA9ckq3Mmt4GOFXWpoa57Rw0YUppGsj0VLnkz2puWS0plxp1TGNciOIyfZDgOS5/O6MWSHHIKqLtUtpqKZ+RnsrTXkEY5WP6lqnF7KZpI1uwrGVrLwT7CC6jMxG7zurJmGjjlRrdGaWijjIGSMqQXt0kFQuzgrrzV+DTuf2AK8efqrLm98Y2dJn91veuLnJDQyMiOCTglYuxNa9jpSPMDhYddJfEz1P01pfkvUifcZdMbGDY4wpXTlJ9VU9vOwVbVuc6cgnYBaSywFtC0+q+a+Xt3ZR+ifp/T7VEnjhSItxjOEDHZHjyBwvI3Swj3tEcEWvB8HGeVFjBDd1OqB4jgCghgbjHZZXLJt25JFG3LsEcKyHCg0rfPwpw4SZPJorDQnByAq9xOt4z3KnwnG2FBk2kf9ymwFagy1dIDUyByqahu5wpt68lWTnAUB0oIwF6PTrFSPm/lZf/MyIp3eQThDk1RP8dh+k+qfKw51AbLjSCNBKbLo5S4eS/tdXFcIdBI1tG4JQZ6OSmqNTRsdwqZrpaCp8WF2NPPutVHIKqmjmBDiQsslteToUz3Lkm0r9ULC5wzhZv4k9Ns6j6ZqYWMDp4m62HvsrynOCANsKVgOYWu3Dhgp1FrjNSD1NXzVuB8fs8rsH8OyO12Oy03xM6aHTfUkojZop6omWMdh6gLLg5wvZaW754qR8w1NfxWSj/cK3ZSYZC3YFRWp7u263wbXRkayXtvrckRvwfQqc5oxqHdZuF5BGCQrykqg+NrO+F1absrDMdlbTyEOyS67lcWhCQkZO26msILRuoCkRnGMnlMccodRLayfGMrpgZO0sI/NDjOFKh4CWdetZRFp6mot0waSdH+a0dLVR1UYc0g+yqJqZkzNLh9j6KLTyz2+fGSWoDXW3A08sTcBV9RTu4A5VjSSNqow8EHZEngDgMNQTWTTGfJXUE/gu8N+wzhXUUwe1rQqaaDBy1qLQ1Ra7D+yo6FN2C6Z9QRxwo0Tw7BzgqQ05Cs6dc9yCJ6YnjlCMCaG+ibhv9P7oh4C4iGxjuB6fdMLA4YdghSsO/p/dM8NyXtyH8f7M3dOlYanVJBpDjvjCxlbQTUcphlYRp7+q9Y8I+qj1Nppa9pZURNJ/qxulygmYtRo4Se5I8jLPROY4xHbutde+jpqcmaiAe3nCyk8Lo3GORpa4HBBCROvac6cJVMtrbdnNxFI7HoVf0tYX4GrKwgOgqbSV88JGHkj3WZtjaNS0+TfxSZA7qVFJkrMUV0c5rSXK1pq3Uck5RHWq1GS9icNjkKVHKNhsqmKp4ACkw1AyCjOjXamWoeitkIUBs44wjCQbIkjTCeSxjfkZxyi6t+cKDHKABsjGQHgocM0Jk5kmAiavQZ/NQ2vRBJhGh0ZYJLZDkDCM152UQS7g4RWy7bqD08kxrzjlGDvQqC12/KK123KANPkmBxGO6IH47KGJhwU/wARpCDsNSyTNfsn68qJ4nsiavZQNP8AZLDge6fkeqhh2/KI1+MbqxqJOSugnKEJfZLxQoWSAUTPoorHjI32Rg4EZyiIEyV1rjnlDSGymOQlLBKDtQ4XdWnsowfjsuh+TwmpJE+QlFxCdqPdADs8ldySMjhNhHJMr2SQ/wBSF1p1fSQVQ3PqS220ubUSkyM/4bd3E+wVYx3U/ULtdK3+H0j+NQw4p8YtmezUJcRZoK7qKiopvlmn5mf/ALqE6nKtjorz1IQ+8u+UgH/wsXf7u/8ARTbJ0vS2smo3lqZN3Su3P5K+iZgjUMp0an2Z98pdsHQWykoohDSRaWgd+VPDAAhMySMDhH/JNSwLXDHxgZCe+UxkDCiOl0EYS1kudJLJzx7IhuSc2YEJkkhOwCq667UdBEZaiYMaO+VkKzqi6XqU0lqheIxkF57qCXdteF2aO79U2q2uMUshMw/AN1n9PVfWBc14bR25xwANi4KxsPRNKHitrQ6ed258Q5C2sFOIGNa1oAHYbBQkfksf3dFNYulbbbGh7adjpAPqIyVc+GG8Y/RSGgDgJrgByVaWWHOKgssESACTwAsZdbjJcqw01MHCCF2HPzjWf+im9QXuSoebdQOIZnTLIP8AIKJR0rIYGxDfT39VohE5+pszHCGxQCMDAwFKY3SMLhZggAJSPw3GE5HKnLHZ2adkLC5x+wWfrqx0ryxrtu6PW1JmJjjdxyVXFmEyBhusz0c1Fx3anlwAyU0aW7lRqmXPCacy2TY2rqTp0j9lCBJJJT3ZdyVzGxOeEyCRjseQa4SAunbKESc8os4M7OSPz7KHNIYmasZRqh/YKrrPEmb4bHlvurQmUskSvnqK17aeHys5e72TIo44SGxt37lSGAQxlje/JQ4oHDMjuM7IGsmeUdxIiAa0uPZZHqi9TVpFst7tBdkPeOcKVfr6/Jt1vcS87OcOyq6WibCNcnmkO5KFo5mp1MV/pwB221toYdOkF7vqceSpLm4wjMOcrpGVFEwTn+xjRhdSSUFj07ACauu2CIYhS743TDsExziXI8cRIU7GIHGxz3cKSxhxgBCOtpxH35VjSUr42B8h3duAhZoqQWmgDR4sgHGwSkeXu0g7LkpJGlpwE+CHG7ktmuB2Cnz5nKtv91FBAWRvAcefsi3O6x0cTmsfh+FgLncp6qUue8kFKnJJYAvv2JwgwNzrn102p5yBworXHGEiMnK59Kwzlk5fsW7uSlp90gcLowTuUnDbDYmhHpoHTOwO3dPgpnSEADb1VpC2OBmA0J8IZLWO2coqCKM63j7AqXJPFC3AdgnjCjSVBPlaBnsuQxSvdqlbhNjDAas9RY7xJHuzkkI7WHSEVkTQNm4Sc8Rty5pAR5wW032ca3uVGqKwR7AhArLmxoLI91VPndI4kk7lLnNJAykPrK2WoyM4yd/sooGn3ynkjlMY/PZY7JMBcnSQdglktBx2XDtwuHZZJTyydllQ3JjWeFUDOO6M+qoZCC0Yx7qi1ZyMLgyO6uN2OxZp457a2MOdGS4b7YQn30A6YIyAOxVHDHJLnSScK6tlneMVE+5O7WnstdMHe+EDOcYLkTKWS4P8WrHO7R6BWdPTthAaBsEZkYZuQEQNI/JdfTaWMMMxWWbuhNAxujAYTWjy8ov5rpJPozOfJzV7JfUiJI1ApvAwchF2IGyanK3FCXPDEkkkhLTyJJJJQsakkkiCEkkkjBk8CSSSQFRlkS5jK6kgayNYF8QUSRpLhtwrA77KPJGHDOEqUclKXIyFxaRuFY002cbhVjWEFSIXhhGSsN1WS5Ryi7ilyMKVG7I4VXA87D1U+JwwBhZJLYY7VhkTwsd0vD9/2RklyWsdkyC8MLnh+6MkqSwQHp90sH+ooiSEaD83qf1XNJ9ETASwFCAdH/y4S0+hRNHsuhu/CFrJT4BeG71TXR5HP7KVoGE3T7odgMXlkIxHfI2XJYRt5RlS9O+U1zM43S51hrjkg+Bvs1IxEchTPBXPCHqlyqUlgZG5rohBrgeE8ZwpZjZjhDMZzwlfxIPsatXYvYLW/ON/1RGzOG4J/Vd8MDfKbp90E9JD9GqryNkfYb5yXsl85IeR+6F4Z/p/dLQf6Ur+JBdI21+VkvZJ+em57rvzdRjAf+6j6f8A5cJxDTsSkvTZ6N1flnLthPmqj/vP3TTPUHl+QmNgy7Y/uitpXj8STKlR9G2HkXL2LxH+u5TdU/PiD9ETwnFcMTuxwh+Nfo2Q1W/sF8zUtd9YTvnagDzOGE/5R5OdQ3XfkS4ZLshTYjTG1/0gDdHAY8QAoYrZyfqyFKFsgO7iCURtvpx2U+OPpBqdjfLIoqSRu1MNQ4jGFZCnpG7FuETwLaBnVj8lFHCwaVlrllSHuLhkowcS3GVYaLeO64RQDcFC0C3grcSncApObJjcHCmmWkBwHBcM9MPpIKpRYSkvbIOmQnLgUZrSBwnmZgP0pGduOEXx5GRvxwhuSOE4/ZDdNg8Ifj/4ULpTH16hrkkbDGyWrHfKB4pz9OUtbx2QvS5NUNe4dsk+K5pGCR+alxXqvhYGNlcQOMquL8jzBdEmTws89DF9nRq8rOPUi+i6pma0Nkh1Y91Pg6noXs1PDmu7ghZYJ2n0Czy8fWdKjzdke2bSOvpJmh7J27+6O2NkgBDxg+hWKYxx2AIx6KTDLPDu2V7ce6yWePX9J0a/PZ4kjX+EQOEB8DSfPECPcKkhu1bH/wAYke6kDqCoxh7M4WZ6Cfo2w8zRLsnSW6ik+umZ+ijfwO1En/dQuQ3xsjsTMIB7hHFxpj+JJlorF6NdfktPLjJXzdM0TnF0U0jB2GeFEf01MN6e4N+xcVoBPC5uoPBB90wtZIfLhZ/4k/ZojfVLpmaktN9gP8swzN/dCdHdWY8SgfkenC17YJCMxjIRdJH1bIJabb2Hug/Zi/nWNGJopGuHILSuMq4JfKHb+4WxfT0sww5jTn2UV1lt7jtCN/ZInTuY6DXozWiPf6cH7Lhg1DBaMfZaJ3TVNOMxeXCjHpPJ8lwlHtlD/GDTy8FH8oc5aWhJ1PUZ1Coew+oJBV6Ombg0YjmbJjuRugS2S8D/AIbXgehQujA6MJorY6u+Ue9Heapmd8CU4U2m6069t5Bhu0kg/wDoh1/5pwtlxj3kpOO+UJ9PIDhzHAoPhRb+RvKk0W1P8X+uqRpbOKaYehjx/kptN8dL1GR8507C73Y5xP6LLvhbjzN/ZB0Y24S/hg/yDVuph1JnoFN8f6Ju1bYqtv8AyDAVtS/G7omtAZXw1EGf+9hLh+wXk4h184TJKdhGksb+ip0xX4lrXaqPHZ7VD1v8M7kPLW29p48zXRn/ACR42dE1ALrNdooqg8eBVD98uXgf8MY0aRg+6H/Bmk6vEwf8kPxD4a6/ucf+x9CNo75Teej6ulB5xIxrgiC6ddQAYrLVVNH9TXhx/wDKvAqaK/UGf4beZ6YOxnQ4jPpn9VLg6w+ItC8siv1Q9rf63FwP7oXUM/4i13BnuUfWPU9M/wD3vp9lQB/8jyFv/wB8UYfEjR/2zpW6R+7Gtk/yK8Wg+KHXkJxUeBOO+qPdT4vi/XM0/PWDURyYxhLdZa8lH2mj1z/2odPtIFRR3KEns+n/APVPb8T+iXEZuL2E/wBVO4Ly+P412oN0VdmrAD6NGEdnxd6RqD/Nt9UPXMIQfGFHyUJdSwens+JHRTuLxjP/ANAf/wBEX/b/AKLcM/x+In08N3/ReYj4ldDyYLqaUZ9YkRvX3QbuxBP/ANDVfGNhq4S7kj0w9cdKYyLm13oQ07/sgv666bG4q9vXSV583rboJ3mwwZ7mMI4606KGDHUw/wD3MKfGH/KqX9RuT1108BkVBPsGlCPxBsA/DPj18MrIt626Ob/xIP8AyBPb170g3iSEf+BT4yfyqv2asfEC1OOKf5jPp4L/APou/wC30HaCqP8A9rKyrfiN0o0YZNG37NS/9o3TQ8wnb+oVfGT+TV+zVf7felFVEe0ZXP8A2gngWyuJ94tlmP8A2m9Nt2DwnD4n9P8A/eKfGV/Jq/Zpx15Vndlnk+5i3Qz1nd3na3OaP+XCzMnxOsoH8p5/RC/9qNs7NP7KfGX/ACav2a4dVXojy0jc9sob+peqJBtSU+P+VZM/FK2tI/lk/kFyT4p28tGiJ2VPjJ/Ir/Zqv4z1O47wxjPtsuPreo5ANboB9ljz8TwT5Y3Y+yBJ8R3SbspJ3fZitQJ/Ir/ZtYzdpT/PkYfsiinnI+nP5rAv6/mOA2hqc+wTH9a3WQfyaOcD3R7UX/Ir/Z6HDDJHu6NqMyo8POAAV5g7qu+yHApp8/dD/jnUTzjwJf1U2oD54vo9UFwnGwlwERt3e3ioXlLa/qSTiGbdHY3qqUZayWPPdA6yfNk9KkuT2nV47zlMN2eB/fO/VeeMt3U8pGurnb7ZR/8AZ2+Sga66f/zKtoSsbNq67wZ/myu/VM/jFvHMrR9ysnD0lcHuxNWzAHvqUpnRjSR4s8j/ALvVbWhkZNmhZ1HaIvqro/sChz9YWpgy2cbe6rYuiqTAzGD7kqTF0bTN/wCGAi2sPIj1rA44ikDkOTrCoeA2OEj3U6n6RpwfoZ+isqfpO2twZNRKuMM9kyZc9R3R27GYz7IZu11ld3z9luoOnrVGM+FlHjo7VC4OjgGR6jKLYFkxEJvUw2Dt+NkeC036Z3macFbloj/BGNvZF1ggDSBj2U2E3YMpB0xdpWgOaFKb0bUnBqCD7LRCVwGkE4+6Xiyf1n9USqZMlVD0lRMAL8ZUuPp2hiOQxpU2LU7fc/mjkY+p4H3RxhgpzwRI7TRs4hbsiiCNn0saMeyHVXO20YzPcacexeqqfrjpun2kukH5ORbSt8PbL1jQ36dvsnjc5G6wlX8XLDCSKWCaYbgEDYqpqPi5dZ8i2WprfQvCigV80P2erNJxwdkpJY4f712leMz9a9e3J4bA9tIB+JmxUbweqq84rr1OWn0cmqvILtweyz3i2U4zLWRMA/qcqup676aptv4gyQjszdeZs6c8Q5qrjUy/d6kMstrh5YD7kq/iZfym3l+J9pAIpqeaQ9vKq+T4l3R+RR2nY8EtVGHW+mYGt0Nx7BCNzo4t/FV/C2V86L1/WPVM7dbTDDngAbhV0txv1SdVRdZmuP8AQ5VcnU1sjBzLwqqp6xt+4Y1zzngFV8Mn0VLUwXsvHxuLi6SeRznfU7Wcu+6YKSF4GthcspL1ZUynFJQzO25woor+p65+iPVC3nLgmLTtCLNWv6Vk2MsFLENmtYO+VBqLtaaQee4QfbVws+6x3CrINdcpS3vhxT2dPdNUZDqqpMjjzqdlNjQZ56qcuuCXUdX2qN2mF/jPPZu6FHfb1WPxRWduOxwuNr7Bb3E2+0iZ42z4WcrpvN8rTppKQUTT30gbJ0aBE75+2Gioup6qQuqCYIyMkuOAAhTUVBEc194DiO3iZ/ZcFJXzENuF5qSz+lruUaG0WyEAtpg8/wBTjklaI0CndlEf5u2sIbTDxHDu1qM253PytpKBgb/U9SdFO0aY4mNA9AmvlbEPMcD3K1VaXPQiepjDmTAumvlYPCnkZCz1Zykyztl2qayolHoX7KPU3620f9/Uhp9CVBk64s7CQJNX2K0R0Up/ijmajzOlq/KZdixWoDJY4n1LlNgoaSNmhkDMDjZef13xG8xbRUoONg5ypanrS+VBxHP4YPYLRDxVjOJqfqrSw4hyewmppaNmZXtjaPyUKXqy0RHHzAJ+68kkq71X4E1RNIPTVsnxWuufucjPqV0afDSxyjg6n6vknitHolX8Q4IXmOCJ2Bw7IVa7r26VBIikDR2WZjtUEbQa6o35AyjB9lpBguLh7LfV4iEX9yOBrPqnU2f14/wWdRfqyqJFZXPId2yo/jiTZkhd+ahm92WE6oKWaR3/ACqPL1I55/3azy7f4cLo1eLqjzg4Gp8/ZLmc2/8AqWzSM8bqXFNUtADaV59CeFnWXq8zv0MtscQP4njCKZOoZfK2tZEP8GVshoor8UcLVedcn2alrLrKA6OKNn5YRHUVU9o+bughz/ScYWPFrvU5zPfakD0a9SIOnDIf94udXN7OkK1w0yj6OVZ5fPs0ptdhcM1nVOMcjxUGT/2fQDFTdzIfYudn9FUt6ctgHnYXfc5Uynsdoibo+TaQE6NLXZzL/IfJ2yQ27/D+ma4QUb6h5GzjCXY/Vcg6ssEZ/wB26cln9P8AcmD/AER42W2mYGCGNgHGwRRX0bT9bQmfGc6drm8jG9XPk2ouiS09iY2Nz/kjRdS9Yu/7L07BCDwX42SffbbAB4kgH5qPUdaUkYHgynZX8YKUn+Eckz574h1Zy1tBEPdEbSdYVW1ZemQN9YW5Kpj12zcZKjVHWchH8lz9+yOC2sB03N52ovj01cZnZqupa3H+B6I3o+zSEfNXi4Sn0dKss/qyreNi/wDVCF7rZtw935lHu/sDLT2v8uDa/wCzPS0GDLLM/wB3PJUhlD0tABpp2n/mJKwZuNfJjzuH5osVRWu5lP6q1L+wP8b9yNwJunoj/Loabb1anNulka7LaKDI9GhYJxnLg7U7JPqjtNTgfytvXKIio/ub1vUNtYAI6WLb0aE9nVsLdmwxj/whYRnzBI8Nu6OIa5w+gbq1JIt0L0zbjq2Ls1g/JI9WsO2GfosS2irSdwMfZHbRHHnYPfdX8iBdGTYs6tj9kVnVsZONljW08Q2e8D7lEMNtjAJq2Z74cp8iK+CK9GyHUcLjqL3b+6f/ALS0ORmof+qxYms7B5qw7dsoBuFiafPWEfmplC5Ut9HocfUtBj++d+qPF1FQv/4xXnDbtYwPLO4/mmi92sfS9ymUgfgZ6g2+0nLZB+qe28tk2DgfzXmAv1EOJHJzepNOzJWkD+oI1NE/jtnqAufGDn80UXJx4zn7Lyt3U9Sd462Bv3K7/tNW7E3OMf8AISr3oF6VyPVW3Cp9Mj7InzTyQS0rylvVFbwK9x/8SlR9SXMYcKp5H/Moppi3ppLpHqLaknbwz+iIKkEZ0fsvMG9WXNm3jPOP8SM3rK6Aj+Xj/mCJNMX/ABbX6PSA+nl+qFhz6gLoprdIcTUrCPUNCwVP1pUuI8eJh/5dirGHq+Pnwn/qi4Kentj6NY61Wc/RC0fkgP6et8uzCB+SqIurKd43iOfuFNg6npRhxjO/uEHAPxz9BT0lCd46jShf7IzNyWV7yewyraG+298YcCRnkeiM260GcmQjPspwV/qIzjrBeoDmJ/iAe6b8ve4tjRF/2Wyiq6ctDmyAtPupIqISAQAc+yEX8phNVdGMTW+UfknMniyC4Fp7ghbp4glxqaP0UeSgt0uzoW++yhPkyZWM07xs8ZTm0cMn1FaT+B2x2/gY+yjPsNOHEwyPa09juoDvKR9siP0nCA+3Fh+jPur02qqieQAHN5yuvppWADSiSTD3oy8lC8beGUA0pj3cz9VrGgEkOYnmkpJBu0BW4om8xToxuAz9lGNMHE+ULdus9I7OAor+n4iSWDUo0WrMGJkt0cuzomY+yiTdL26b+8gZ+i20vTkpcSzZQpbVUsOgxE47hCoZ7HV6iUfxZ5tcugIHyl8D9LTwFR1PQtZFkwSNP3BXrpgdG/S9u4SfSxSN0vaMH9kqdEX0bIa+yPs8Qqem7tT8ta4D7qE6nngcBKzGF7yLJTStIOD9wq2t6Kop2lzImk+4WeWlNEfJ/wDOeNsccZxx7o0c8jX6mSFb25dCNdESyDSf8KzVT0hW0wzHqz7hInRg20+Qi/xYKmuc7cHTnCvrbdDqa5r8EcgrLPtt2gdgYI9MJNqZIToliex4G5PCGNKXobPVWSXDPUrdcDMRriBCuae3QVxGiItdhec9OdVsoJY2VrfEhzvp5XtHTtbYrpEJrXPE4YyWh24To1JI5OtuunHaVbejp5m6msDh9kCTpBzOYTt7L0mipyA06CAVZNpYZmhssY/RMjBI4f8AItTweMzdL4IzCf0UZ/T2gZMeAvbJen6WUZAAP2VZWdKkDLGfmAqfI1amWOTyGexwyMMU0Ie13IIBWWuHwws08hqKJ9RQTE5EkDtJBXttV0vKHbNCr5un3Q+Z4We7TV3L7kaKdfOp5i2j5/u3TXWFrDopqaO9UzeNLdMuPdZKW1dH3GcxTSVlmuI/BUDyE+mV9Sm0uLcacBUt26Nst2YIbnRRzsGcBw3B9Qey42q8Su4He0n1Ldp/y5PFeleoPiv8N5m1HS3UUj6WE5aIJTLTuB9G8dj2K9s6Q/tnW6SSnoOvrHJSOfkOraYjw9sb+Fz37Fec3H4MstVQ+v6SulbbKnlskb87ehCyV6k6vtkcsHWfTLblT7AT0jQxzud3DHPHYLyHkvpxTlvnE+h+J+tcRWLP8Js+8elOt+lusWio6Rv1NX5ALQxw1fYt5C1EF1a1xFTG0t747L807LTW4VjLn0Z1JVWq5tdlsfzBhkzyRrxkf+buvZekf7T3xQ6OjFH8QLM2/wBuZgSyjyTkn8Rfjc8nzFeS8h9OzS3U+j6F476wosltu/6H2ZLaaC7gPtlYI5hvjhR/4lfLA7w62N0sQ/FzsvNegvjT8M/iGxh6Y6nNDcn/AE0dX/KdnuGnh+Nv1C9So79VUzRBeKds8X9YGcheT1GklRLbKLR7PTa6GohugWNp6mtF28jKgMlHLXbHKtiw4z2Wen6f6av7fGs1WynqjvgHTgqrnuHWPSEgbdaY1lFnAkAyMexWGyjPJ0a7/wBmwLzDuBypMFyZgR1DdvVUlo6ktl/jJp3aXY+g/UT7BSJOdgR7LJOpxNKxYuC+NMyZviUp8/OxQH1c9PhkzD9yFWQ1EsBAa8gBWMFxjnxHMWuB5yk4KdeCbTzRyAHIRCBjIUCSia/+ZRy6T/TnZNbVT07hHUsdj1CoVjBOKbpadiFxkscgHhuynIuwAb4mjzM2f6rje2SiN7rj4mkbjKov+xzI9QujZR8Fr8nIb3KMHNwDnYoheAolx2XfFz2Q0kOQQurPdccGuGDgoeSlkpm4gB9DJFIZqZ4IPLCk4xzN0SwkAfUOMqW14wmSRh3myiUslYIDTPRvxDM4x/0uOVKnpbfeqN1NcaaOaN4wWkIckWThDbDMwa4n4P3T4zceRbWTDXPpi49I1TqyxzfMULgS6je4gt92nsp9h6io69gENQ1k42fA84cP+q2MUrJwYauNp7cLN9R9EU1U5ldaHMpqpp1Ne0YB9iuvpNeocTAnXnoz3xK+HPTnxN6dmst/tkFQCCWOczzMd/U09ivze+Ov9nzqX4I3szNlkrrJU+eKoO4jBP0yf0H23X6WWnqSpgqDa+qG/Kzs8rXkZBPrlTOquk7T1hZKqzXOniqaarZhzXAOY8b4z+pXrfFec/hy3Vvg4XlfFV6+v47Efj74+rDSE5oH4V7R/aN/sv3z4UXGW/dM0ctR0897nE489Pn8Lm74799l4nTyBo3C+peP8lV5CpWVs+R+T8Vb4y347P8Av6LGkrjHhkmT6FW0E+sD0WeIBORspdLViNuiQ59F2a7GuziWVKSL1zQ5u2CgbgkFMpKtrs5GUdzQW5A5WhtTRmcWmAe0SBzH4IOxCzVyon0Mh2yxxyCOy0h2OCo9VCypjMbxkFc7UUbuUa9PPZwZbJG6NC855XKiGWKRzHxlob39UJpwVy7a3F8nTptakmWsMpwAQpAkz2VdA/YZU5jxgYWfCOzVfuQ9cTQ4BOByo+DVnKyccTjdVTs/MPCtXEAblVT/APtD06uZg8g8wQUEbLi6zcbpOWndk4R0HK6mtTkaIMSSSRhCSSSUINHBTE8cFDzhJmXAKSMHcIB5SyfVJUEdah1A9E7uEnjLQhZaIZ5SHKT/AKkkDGpcD2Ebb+qn03ZVjCdQ3VhTfhTIywLsXJYRAHGUsYSi2wuo1yZm17CM5VhbIzJUtaBnCr2blXfTsY/iDMjIWmrsx6riDZ6lao/Dt0W2PKnv3zujNwImgAAadgPsgadyt0Fg8tKe5tmo6XjHg+I4dtv1WgJwwkdlU2WExUMfYqxdIRTvB5K2R6ObNfc2EoyCXT4AIWftdT/Eb5UTTDJhdpbvsFbTzto7e6UbeUqj6RhJpa24Pbu+Q4/RDPspL7HI2do3Ezv8ZRoDmqeM7DCDZvNQuk9UWhw6qJ5VRM05YLGSQx0ziRuuUhzROceSodznI8OPBALsKZINEMcTdmkZKaAInTTvl9AsBUVUlZfRE4bDf91reoat9utMsrTuQsTYH/MXAVDxlznZyoOhHjJum7xRjPDQECreY25zwnB+xOOFXXqrDaV3bYoZdA7cswfWlaamUMa7bVuAoVojEMDiM7nuode59ZctB3BKuAGQwCINwQMLjeTt2VtH0f6T0rnJSXohO1Ol9SStlRxmGkjjPOMlZGjYZKxo5Wybs1rfQAL5n5Oxuxn37wVW2vLHs3dhSo2g74QI+VLi4XnL2evpXBDd/wBsIPGE3HmSeP8AeHlOAGFibNLJFJjURhSVGpSNZUlUaYBYv75ueFCn/vSPcqY1Q5/70j3T4Mz3mM6oY5riQqGOZxx9lq+o4C8SYb29VjonYcWkbhei001KtI+b+brcdQ2T/qZwo4aWuzjgolPK3GCiOjaQSnnFUsCewTROHdHtVe6jPy8py3KjxNLXZKbVU78+Owbdx6e6CcdxrptwaqJ7XAOYcg8KSx+x2VJZasSRCNx3CuWu9kiKwbd+Uef/ABqsAunTf8Rgh1VFES8Ec47heCxE7bbFfWlwo4q+jlpZWBzZGkYK+Xr3bHWS61Fuki0iN5Lft2XovEaj/wCmzx3ndFGEvnj7IY9wnpievSnmAjTjupdFM5kgOR9lBcnNJbvnKZVPaxVkd3BpYJWyg4IRNPuqaiqi0gFXbHiSMEd11KZbzDatksA0WF2lwQzynxuxjK0FRnh5LCLzBSI/K7PqocL9OFNbIHt4QnWonwsh2nITJYBINzwnNd7IjUB0IvcgdPUS0j26Thv3V/S1UdUwBrt+6o3QeINuU2lNTQzh7eP80Mo5DztNA+FpDsjsq98RjfqAUylqfmG5xjKUsIePLypswaIWDKarOoMdgFW8OSAc8rNzwyB4czbCmW65Pa4MmOcJeDq6a5dSNCOERuxQIZBLGHjujIorJ0E88oKCNICc1BGVIZwiNMOzuAn4CanodqGg9DfRdAxsE/BSwUGQYxycIB7ZVVden7bcWnxadrXn8TRgq2TS3PJSpRyLnVGziR5pduja+jLpaciWIb7chUb2eE7SRg9wvZWsPGOVXXTpS2XMFzoWxSH8TBhJnWZbNAl90DzGKqdGW6RsrijuYGkEgol26KuFCS+nHjR9scrPyRVFM/TKCxw7FKw0IxOntG0p64kNOcqfBWA6RssFBXzMIAfx2VrBdiNOpxGO6p8GirUfs20dSXY2R21GyysF1O2ZVZU9e12M7ozoVamL7Zfx1JCkMnJ2wqeOrYeVJjqmAolydGu3JcMnzyjxyhyqWzgjnhHjmAIycqksDozTLMPGUVkmBsq8TZI3RWzjG5RGqM0iwZIQQBj9UVsu3IVc2cZ9EUTbclAFGzJME26NHLxwq9s2CitmBwptG5RZCQEb4/VP1hV7Zxjconjj+ooQ1JIm+IneKPUfqoPiH3TxNv3VpZC+UneL7LolOdgoniNPK6SG75RbA1LJMEh5RBIeFDbLnYBEa/vpUwwlNE5s5GNuURr9QzhVUlxp4NpXAfmqqp69stPIYo5S8+oRqDYqeprh2zWEgckJklVTwYM0oaPdef8A+2t+u1Uae02xz2jbUW6lYW/oHqO/yeNdqqWFrjnAeQMfZNhU2xD1u7iCbLS59dWakJipHPqZG7aWhQAesuqGlsQbRUzuzecfdbO0/D61W0D+Ux7u7i3JP6rSR0UdMwNiY0D2GFphWkCq7LuZtox9g6GoLY1k8zDPUY3dL5gPtlaeOLADQ0AD0VhG1uMaRsmmHzDC0QgkNjTGPQBsDcbNyu+EBwFI0loG6dp901YaI+ERmNAK6QMIpiI7LP8AUXU9tsrS2Z5e7GzQeUtmeU0ifUv8LzEgD3WMvvW0YJo7cPElPvss1db9dL48tfO9kDj5WNKuunOlZKnQ6SPc76j2UE/JK2W2LIdDa7nd6zxK2Zzw7B0ZOAvRrJ09Bb4WhrBnGc4U62WiCjja0MaXAbn1VmxmMYChpqoecs5TQtbyEbATmgAbLihr2JDSMDOVnr9ew1rqGjIdO5pzv9I9U+/3/wAIG32866l3p2Co6SlLfO86pHbveecp1aMGqu/oOUlC4NGo5ydTj6lT2MDQABhEibpG4ScAc74WtJHLm8jSxoG5CqblUB7jDA7YfUfX2Uyd7nOIbnZQXU5JyBj3VxWTBem+iCGfqmOYVPMGkg4VdX1HhERsxnGSm7Tl3y2dkWoOO6iuIPKI5xeckoWABujaOfOzIzGAUIt5Poi69SFO7cYTILBnkwZ7qOd8o5OAo73BqgiTwR5MqBM7Tnbup7zlQ3NOsH3ViGR2AucCRsoF+uRhi+VpH+Y7E+ykXevZSxiOH63BZ5viSOMkoySg7OXq9RjMIMiU9IYcvd5nu3JKO7PcKTpyB5UwtwqOVgamJ6YrYuxN9DE+PfCXfACJG31CpBRi2db7pP34ScPRJvuoFjAwMzuuul2DWjPbZRauqJzDC7fuVY2egk0+NP34BVjq4uT4DUdM5wD5B7gKbJOdOkD2TnARtwO+yAB5s5VNpG+MFE61pcclMrq35aAuHZOmqoKaB0khxj91iL3epKt7oo5MBZ5TwBZYlwRrpcn1MjvMSM/qqlziTk90WRwwCd8Ibt1z7LNxib3PI36lxIRnPKNDCXnAHKWotspDGxudxuptNR5IMjeVIgonMaC5gRi0jGEyMcBquXbOsa2JpIHZNja+c6WhHZTOlxnup0VPFDGGtbv6p8MDFXuI1Nb3MOt4zngZ4R/D39FIZG4jGDhCqaqloma5n4PYeqKU1Ajgo+jkn8oZ2B+6o7hc5ZAYWu27kKLXXSpqJdYdpB7KNkncnJSJzyuBUpZOH1XCcpOSDmjukSl+wRhc47ZXRwuAZTkiTyEMSTVw8JTKHYHqu00TqiQMDcjuu0tNLVSiOME+q1Vvt0VJG1ukau5T9LpLNSsvgzW2qKBUFtiijaGtwRurQNAGPRJjQBsMJ2kjsvR6ehVQ2pHPsnvZzGE8tA7brv1IgaVqjAXkbuDwiDjdLAzlPTlFIW3gSSSSsXKTfQkkklBQkkkkAQkkklBwkkklAhJJJIwBqSSSLonQkkkkokZZEuHhdSS2g28AHMxkgJrQ7Xt2UggHlNDN84Wa4ilkPD2VhHwFAi7KfHwFz7XliLeWdSSSXKsX6AHpJJIAhJJJKEEkkkoQSSYkqyFgekmJKZAyJLZcJHCCSc8pQbJJazGxCAeUsn1SQYBSYlzAXUkSjkM4eCgHGSiOTULiVkcB6Fcwey7p90tPuq+MEHsul5AS0+64RhC6kHvYvGIO3ZPFVMBjUP0QtPulpQKmL7Gx1FkfYT52b1SFbMDnIQMFLBU/j1v0NjrLYdNkxlecbpPuBdthQkkp6aA+PlNRHpkv50k/ThOFQHDlQkMahndU9NFdD4eWvfbLLx/8QQtYPLlF1O9UzWfVD/GRqp8vJdkzxB/8pS1jthQ9Z/8AlKWs/wDylKlSbq/LJ9kzWO4TNQ+6jayeEzUfU/qkuvDNkfJwl2TdQB5H6pamu7hRCcckrmc8FXs4wOj5CBLLmj8QQzNjsgeb+pdyfQfmq2ezTDyEEF+aDjuE8Tg74QRkf8OP74Tw4BXhDlrqn+TCGVzuAntPOWkIJmxjDQufNTdngD7KnFMYtXU+mTWuI7LoqphtqCg/MS4+vn2TNWfxIPjQa1ij0y0bVTD/AIgwisqnEDU7KqBJjul4p9UEqEwv+IuPReNq2t5CcKuMchUXiu9T+q74r/6j+qr+ONj5Rrsvm1sQOdJRxUQubs4LM+M4dyl478YD3D80uenGLy+DURzsa/yvUgyOLQWVQCxviyA6vFcl83INtbv1WeWj3Givz0oGvFxqac7Thw+6dHf5HHEuw9VkBWyj8bk5lZK78STPx8fZ0afqOxezbRXuixkybqR802YB0M7cH3WHEjschObNIOXlZ7fHpfidTT/UqT/1Gbpj3vIOon7Iv+9nBhOFjYrvXwMAjqNh6qSOpK9mMvDvyWKfj5ro7FP1HpJrDZsIZLkwZGk4XW112OwoYXj7kFZiLrKoiwJWsx7KZH17RtxrgO3OCs8tFZ+joVeW0kurGX4rK7cPt4GfQrnzcp+uzSu9wwHKqGdd2okeV6nRdbWnDcveAs70ti9HRq1kJcxsRKE1K/8AvbFUEeoiC4W2d2zrXK37xjZM/wBubUcCOocCfVFb1ZRPOWzjf/Cky079xNcdSpdTRw2+znf5XT/4EF1pspOC2QE+ymt6ipDuHt/8qIOpKA+V7Ine7mApU6lHpBq15y2mVbunbefNC47+pCaemRjLWj2Vub7Qu3aYB/8Aa2/9EWG5W+beSopj7ZSHWxi1CRnj01LnDT/qnf7M1I/D/wDUrTCvtrTmOeEEdwUX+LQDY1kePyVfGxkdSkZP/Z2bvG3/AMq6enAfqgB/Ja3+I0R5qI/1Tm1duf8AVI0/Yqvhk+kG7a3zIxp6bjP/AAG/ouN6WYc/yG/otw19rO7XD9U9vyLydLghlXKPaKT076Rgz0lETvTM3/wrv+xdNgE08Z/8IXoDY6QDBIP5rhgou/8AmluGQnGmPUTz/wD2NoO9Ew/kujo63g5+SavQvl6P0/8AqkhTUZOP9VXxspOpf0mCHSNvAx8i1L/ZG3//ACAxegC30RH1j9Un0NBG3W5+33U+Mma/SPP/APZG3/8AyCz9EQdI27/5Bat8KC2jZ8wan/w+1966AA+rkWwJbWYAdKW8DagYuf7MU44o4/0XoYtdpP8A9kYP/Ou/wu1N3/ilF9jO3/qpsLxH0jz1vS8BO1Gz9EVvS0W2KJmfst6LfSE4guVEcf8A0dv/AFT/AOGtZ/8AZKB32lY5TYHBwXaMIzo4uwW0jcfZSYejdxmkb+i2LqPGP97z/wAhCcyGUDAnxjglTYFKUX0jKDoxwH/ZG/ojN6MZpBOhp9MLTGOr7VTcfZN8Oq7zNKmwtTivRn4+lRGc+Qj7KU2wQAYIH6K3EFU7iQJzaSp/qCmwvfH9FWyyQbbNR22enacjSp/ylQDu9v6LjqeXIzj9VThgi2sjspGxjAAPuiMppxvgYPbKO2B2PM5o/PhdMTGfVVwgH1cr+NtBcIG2OYOwYx+qksYMbndNa+3MGZrnTfbxEGW8dN0v13OAn/C7KD4/7BqyEe2SWxahvuiiJrTnSqh3WvStM7Lrkwgeii1XxR6MhxivDiOwTI6dsGWqpj3JGniLBhujCMIw/BAwsBU/GzpSmwIYZJT28uVV1f8AaAgaAKO2A+mWpi00/SES8npYdyPV2QluN0V0J2wcZXh1V8d+pJSflKKnhb2IG6pa/wCLHW9dt/EhEP8AA3/1RLSWP0In5rTR/HLPo7w8DcgD1UaastVCNdRc6Znrly+Yajqbqe5OBq7zUu+zsKAYZZXl8khc48udkko1pJL8jO/OJ/jE+m6jr3om3jFR1BS6vRrsqhrfjT0VSE+BUSVBH9DV4PHRuOHEqdBT69iNhyr/AI6Qp+U1E39qPVZ/j7bWnTbrNNJ/ikH+mN1V1Hxs6oqzijtVJG3sSzdY+mpqeMAuhyp8TmNwGRtH5IvgQUddfL8mW8nxF68uHE0UX/KzCiTXTq2u/wC03eYNPIa5Njd304wjCoETQSdlPhGrUy/rYFttuFScy1csp/xOyjxdPxMIdM3coMt8ig2ZIGnvuok3U2sf34291aoyF/JhJ8s0ENtt0IbrA29lMjntcAyGjIWM/jc0+WxvyV2Nl5nOY2ZCL+Ogv5Ef6TYSXykh2H+ajVHVLA3+S059Mqhis16qSA+JWEHSVykGZGFo7pkaGg43WM6/qapfnylQ5LrUyElspVqzpOnpvNWVZj9nOXfD6aot3VjHkcgHKJVMkrZy7ZSSVdwl/uw9/wBgjQWq71QBdJpB7YyQrf8AjFsY0m30rpHj1GAo77zeHOzDTsi9wEcasgSvhHtgm9LyHeqcB9wuw2uz05/n1MTCP6sJpbd6wk1FQ7S7ndObZqQHxKjzHkkpiofoD+REa6vtVO8sp4JJNPdo2KGbpcJjppqR0XoXqTPUWyhaPO3y7nbhUdb1/wBO0pLX1JOPROhp3+jNdr6of1pFqKC91bcS1sYZ6NO6dHYaRpDpxrd3ysbW/FuzQZbSeI4/4Qs/X/FOtnOmJ2AeMrRXpJN8o5d/ntNT28nrf+5UbQ3LGYUSpvltphmSoC8WresL1WbtnwCque5XWsbomqnY9lphpTmXfU1b4qR7NV9cWSJ398Dj3VHcPirQwnRSRudjuV5lT07if5jyc+pUkU0EbgWAZ+61w0kP6jkar6g1NvEXg01w+J95n2o2RAd8t3VLV9S3+5sMdRVu084acILWMc0AMG3opUVDOSPCj39VshpoRXBxb9RqNQ8zm/8AuTLZZmVFM2orqgtc7cNypJtdLEfKduECK33Z2MPwPTCnwWS4zj+c/I+2E+mlJ8HPthN/3BNprWAA6TdEjmooX/y4NWNsqxg6apmAPnkHuFOZT2mhALHMyNt10qqjl6hbItlTHWTDy0lOd/UI7ae+1XEWgFTzdqGHaONpI4whSXuve0thiA9N10K4YPM6vUtEVvTNynkzUTaQfVSm9NQw4MjwfsoslV1DM7OMA+6Xy14kGJpiGnndaIVp9nC1GrsfslChtkX1vAwnB1sbsHce6jNtgkwJnHI9+VIbZ6bAytMIRicyds7HyxxqaIjGvI+64KyjHBTxbaUDBauihoxvoTUoxM+1yA/xNjSQGEhMddphvFGVLEdAzZzQCEvmqFgwGtx9go5r0C62/RXOu9duBA5AfXXWTguVma+iH4Gphu9M3YRjZBKRarlH+krNF2l5a7fvuuiy3Fw1PdK7PqVP/jrGnEbcJp6jqR9EUn/lU3oZGqcv6SI2yV22QT90VnT9Y8jy4/JE/wBpKsgkwuGP8K5/tLcP+GSPyU3xDVNy/FBR0zV4+kfojRdPVLDnQD+SiNvl/k2a/GeNlwVfUsn/AMQN/ZWr4R4Ya0erkXTLC4MBe9jfuEv4OIiXulYB7KkdT9SVDS2Sfyn0dhNFpuzv72cjHGXEov5NYX/DdVPsu/laWMf3zP1TS6jj+udo/NU/8FrXuwZv3TndP1DmgvqQB+qn8msteH1D7LI3GihdkOa9cffaNuPKD7Aqt/gBaN6tp9Vz/Z+McyD8lf8AKgaavBXyJz+p6dn0xn8kA9X8huoKP/BYBs6U++F1tit7XAiSXPfJQy1EJezXH6btfLBy9V1r3EajpQD1A92dRdn7qybZ7eBgZP3ThabSDu05S3qIr2OX08/bwU7r293d+/ugm5H1ctGLfYwNxkpop7ID/dof5UR8Pp2Me2Zl1e5x31JvzZPEZcfRasNsg28ILmbO0giEfoq/lQ/Yz/gFf7MsKyo4FHLj7Lpqqs/Qx7PyWr+btLRjwWprq61M8wgH5K/5UP2T/gFZmGPuTuDJ/wCVGZFeXca/0WiZdqIHApX/AH0IzblS4JAx+Sr+VD9k/wCBVwM0KG8Hu4Z9lJba7uQD4h39Qro1TJD5MpuuQfTI4fYolrIIv/g1ZVCz3l2CJce+Cni09SNA8Oqz91YaKp5z85KPbK6I6sbfNP8AzKr+Ys8Mi8JW/RAbbep85+YH6ozabqwgA1AP5qYG1g/+JP6lOaytxn5hx9slMWugiS8DD0iNFB1Qw5OD/wCNv/VFL+omYEjdQ9Ajt+cBzrcjtnq8YIJV/wA+Bnn4FSIJrbpHu6Cb33T4r5Owjxfm249Apvjz/iaT+SWtzuY/1CKOtgzHP6dT5iwtL1KI2bVlbGSe6s6Pqis1YiuTnH/GqZzQf+E0/kgvoonkuDC0n0Rfy4HPt+m7PRtqbrm7Q6QwRSDG/urKH4mVsYAloMAdwvN/lZG+Zj35+5Tx/FGjO5HbJRR1FcjBb9PSh/Ser0XxVociOqY5medloqLrXpiqAcbkxjj2JXg4qJx/e0jSQOfVJlwbnDqLSB6I/lr/AGYrfDWLqLPo+jvNnrXeHR3GKR/pqCmtkYXYa4H8180svFPARoEkZxvgq1t/WbIy0Nu00eNsHUf8lN8TFPxlsfTPoqIBwxpzlONDFkOcMZ7LxGj+IVREW+FfB/43Ef5rR2/4m1IaPFrKWfHuiU0+jJPRXR9HphttI8AeGPyQJbLT4GgbrM0vxGhljDpGsB/w4C0Nv6ntVaxpNQGOPYq9zEOqyH5I4LJMSdLtlHlt9XESPDJx3C0VNVUswzBO1/2KlN0n0VOzDF72uDGuZKw/zGFq6Q08gLXz0kEzdMsTSD7KMbJSv+luEcbs8FK3BlDbaSYlzo2gkeiivslM7OlvHstVNYntdmEkj0UOW21UO5ar3oap5M2bI8O/ltwEz+GTMPGVoCHg4LcELhiZLgOCttMvJRmjdpw6Mb+yjy2OnqG4ljb+i0EtM9uNDNQQTEW7kYSmkyKe3ox9w6Dt1W3DXviJ7sWQvPw3raLMsLnVLBuO5XroaM7pwj1DAVbUaYauce2fN9wsFXTOL30kkQPfGyjwSXa1StqKCRrZGnIJyvo2ptNJVNLKinY9juQQsvdfhtb6x5dSy+Bq/wAOQPyQ9G2GqrmsTKLpX443O2llLf4PGj2Bd6fYr2Xpjrfp3qWJpoqxrZCN2OO4Xgd2+H1ytznl9OJ4uxaMqjFuq6KYS0U76WaPhzTj9lYm2uq1ZgfYTYiCDjYo7g2QBrhwvn3pP41dSWNzKbqUmvg48YbnC9o6e626Y6nha623SPxnDeN+xH7oDFdpp1l0bbTTgFzQCoVTYIZWnwwM9sq0YSBx/wCqOxzW7kcqGPLzwYis6cn1uw0Y+yo6yw1EbtRGPyXqj4myYIwok1qhqR/M2SsBKbR5RJbjggtzhVdTbKWRjmSxNe08tI2Xqtf0s2R38kj04WXu1hmpZNLYz98ILK1PsZCeHk8W6q+D3Td9jlfDT/LVDtw+MY3XnFx6R656QaWW9xulMzbwahxdhvoOMflhfSlRRlpwW7qvqbcyQFsjQQecrDd42q3pHZ0fmr9HLKef8nyyK3pa7VX/ALxp5rFcGHOeWF3sdl6l0X8dvix8M2Q01LWf7T2VuzYKoePGG/4ZM6j35KvOrvhnZr1G7xaJhe7h7RgryW69BdYdJSPqOm657ohzC8ZBC85rvp+Nsdtiye38X9VTjNSjY45PsP4c/wBpX4WfEB0dFcalvS982109VLgF3+GT6T22yvb6S71NEPl7hC6vpXAYc1gcdJ7g8L8rJLtRV0nyvUtrdRVTdvHYMDPrtv8AoF6X0F8dvip8KImCzXJt66aztRVJMoaO4Yc+QDPGF4fyv0g4ffpX/wBH/wC59N8Z9cQg9msX/wDUuj79rei7B1ETXWidtHWjdz4hodn/ABNVZJc+pelpA3qS3CspQcGupxh7R2y3v+q87+GH9pj4cfEyeGiZWP6fvD9hTVzgwOP+B42cOF7XFdKhkYjr4m1MDhgPGHBw+/deG1egtolsui0z6HpPKQ1EVOmSa/sCoLjbrrT/ADFvqmzNIyQD5m/cJ7m4OeFXVvR9qqXm5dJ1j7VcTuAHbE/4men5qEL9crTIKXq2nkjcThtYwZif7k9v0XJt00l0dinVRf5Gopq19M4Fpz678q0irqWsbokaM+hCzkcjZGCWN4exw1BzTkEeqLFUAOB05WZwa7HvE+i/FHH9ULi085BQ3VctO/TUN8g5cFEguD2YAOx5U1tTFK0AOBJ5yMoAJQwSI5Ypmh0UjXg+hRSMqtktpaTNTOMT+cDgp0Vxc0+FVROaeNQ4KoW0TnRNIII2UYRuY7Y+XsEYPDt2uyCnFoPITM56AxgEyYbNI3RQcqPNTtdh0XleOD6IUVTIxxiqGnI7+qgJLSTQ9rhkFdzlCyHMlO1e6Ym5PqlqWGQKGg8obh4LsAgx+hSLtKTS1/O4T4zIognshkOYjg9xlPL3CMMIzhNmptg+HZw7eqbHUhuGTNLSjyC44K+52u1Xhzae5xN1PBa2TG4/NZcyXvoqd0MmK20tJIkG7om+63E9NFUsw0jPII5BVVNXVNLKKW4Rtezs7GxC2UauVL4Fzq3AbvZLD1rY5YHGmr6eePTIwYd5T6r8/f7Sf9lK59DVk/U3RVJJNbHOL5ImjJiz2+y+6P4JV2uvN26dqmnUS6SnccNd649Fcl9u6mpNMzWNkwWSQyDv3G69f4vyc6JRuqf+UcjyHjIaqr4r19r9+0z8bYpnNcYZxoe04IdsQfRGOk9wvqz+09/ZQqKJ83VPQ9C4Rxl0k0DB9JPce23C+Sf51LUOpqpjo5Y3aXMdsQV9V8V5mrXxzno+ReW8DqPGSeeY/ssqaocwgAK1p6rWACVSMfkAKTA/Sc53XpK7OMo87ZXu6LWZoLdTVGa/Bwd0SGYZAceU+qgikPi0/PdqZN55EJuLwQbnTfNQ+TAcFndBBweVqGAkYKr7jb9WZoW4P4h6rn6irOZGqq3BWROw5TI5SWgFV/0P3HCPE9paAuZKGTrUXL2TMlOQQcp+QEp8HRjZwKUnAAVe/IqHqwyCq+fHzDimVYzyI1jzWHZ9IScuR/SuuWpHGYmpya1OTEQYmJ6YjCEnHhNTjwoQ6eFGccFSTwoz+UqRUTqSSSnaGoYnO4TU87oU88BshSNOeFzIBOUWbAI2QZGknIS5lo6eQp9PwFA4IU+n2Ayri8AWdE6PgJw5TIjsAnjkJ8XkxSfIaJaPpdpdcGEDPCzkXIWt6MYH1wOPRPq7MmsltrZ6KchoHsnN3e0D1XJNgnW8F1a0c7j/ADXQieUn9qNtSARUsYA5CdOdgB3TW7FrR2HC6/LpNPotSeEYpvJA6lqPBs7gCMkEBO6ejFPYSAP7wZKp+rKgvMNC3OS/daKjjENpZGBwEtPIbW2rH7L61Dw7OXEJ1nGuTWQusAjs7QPROsxzASBghEc2xegdQfmLlHG4eVh4Vk/LpA0HjbCg20iWrnmeN+ymRZ+Y1dkbKaMp8Q6/5e2upwRkqr6RpwIxI8ZJbsonxHrvmLmykbtuMjKtunmBlOzbGw/yQxlk6O3bSv7l454aCPVZXqmrxG6MnbCvqmUMWG6krC+cNyibwSmttopqMeJWtcVaVIOCfQKJbIcy+KdgBwpda4Y2Xl/MW8NH1/6O0qVe79jrFH4k4kcOStKwnUcqksTNEYkI4Kuo3Bztu5XzbXW5sZ9t8bVsgkSYdlN4i/JQ4gf1UzSfCP2XD1Ess9DSiG4fzMp34U131p34VlH4wdpSfEIUscqJB/e/kpbzsChk8IfEKwqLWFvigAc8o7DuAg1WPEGyKEuRNryV9wohMN+4Xm1zZJRV0kbm8EheqHDwMrAdYUUkVd45Hlcuzob8SUTx3ndLmDtKeGd2oAhWLMuaCq2PAxhWEMzS0AhdnJ4bewo3OVJiAeNJGyj43z6qRD5fMqbyOrmRAX0VWCCQ0nIWnpphLE143yFnq+PxGBwG4RrZXOjxBI7HoUmUc8o6Ncso0jHDIzwvGPjj0++lrob7BHiKYaXkdj2XsUOrALjuqP4kWQ37pWeCJmXwjxAPUBadJb8VqM/ktN/IoaR81NORlEQ9OnLfTZPHC9tVP5IKR85nFweGPXRuuJIo9igrHeGQQrqgrWOAieQD2KoAMd0aB2HDJWymxwYi6G9GoaNQyOExrcOQqKra6IMPKOW9weV0YzTRi2uISLkeym07zkbcqA3uSVMgeAUeGzXTbyok9rtuEVqAxwI4RmO34VHWrsDtJHIwk6PxG4JXWPBGOMIjVDRnciPG6aB2WuwFZU9RqADtyob2A7prC5juFA4/ayzcxsgPHCrKinqGu1RNUuGfYEhSBO0jZqVKORyk+0Ctd+hZijqxolHutNC0PGQeRlYO9Wh9UXVdMcSMHA7o/SXWD/FFquRLJmbDUd8IJPadDS67ZLZM3JaB2RGpNOQDnORlOaiXJ362uxycmgE8J+MK5RGt5O4CWAuro5UwUuRugpafdHGkgbLmnT3QuOAkC0eyJjP4f3XS0BE0N9EtxHpAAzKi1nT9puJElTSMLgOQArDw3J2k/wBP7pcq89ElXGSxJGAu/wAN36nT2uX3DCsxXWG+20ls1C8tby4br2hrccLj4GyDTINQ9ClOrLMlmghJ5R4fDUPiI1t0keoVpTXLOGDBK9MuHTVqr4/CmpGDvlrQCs9WfDKieTJRzSxvPG+ypwaFPR2Q5iUkNe924KnxXF7SolT0D1FTtPgStkA3woJtXVdKC2W3SEDuAhwy4yvhwzTx3QHBcAFLiucDiAHb+ixHz1bSODa2jmaPXSk3qKMP8mW/kphjq9W63956DHVl2COFJbMcBYGHqaPAzNjCmRdTxf8AyR+6mDdHXwfZthKeURtQRthY9vU0WP8AtH7hOPU0Lf8A4jP5hTA1ays2TJiTucIwn2G4WJb1NCDnxT+qR6tgGMyHH3U5D/n1o3QnwQjfMfZefnrKl2aHvJ9lwdTT1R0UlPNI70YCSptYX/EIPo9CFT7BcfXRQgGQ8rDQS9YVhxTWiqAPdzcKxpej+u7gQZGNhB/qcjimiLWSb+2LNJ/GqRpyZOFFqurrXA3BkyR2yh0Pwfu1VJm6XQwtPJjdkrQUXwd6cpiDPLPPjnW9NjDI1TvkuODF1fxAp2g/KhzncABKGTry+t1WyCRkZH1Ecey9ftHSFgtbQyktkUeO4AyVdiKOJoETQ0DbZGqhkdJO385M8Ttvwt6nuzvDv1YGxO3cCSc/llba0fCOwUQYZnOmLe5/+atyWahghFjaQRkJqhgdDQVw5y2RKOzUNtibFSU0bGtGBgbqYwFuAigg8DCcxhecBMjE2QrUOhNG2wRNJcnRsz+SLE0b7ZR9DcAPA913wR/T+6K9jy4aQpkELQ1rnkDPcnYIwJJRILKcu8uEO4VFDaoDVV9QIo2jJJVZ1N17ZbA91LSD5+rb/wAOF2G/+bB/yXmFwvF96gm+ZvM4Le0Lfp/NGYLp54Ra9T/EeouDHUPTsL4WnIFU93lP5Y2WQbBUTuElTUyTy/ic45/RWtFbZaqVsEceGd9tltLJ0nT0sgnmwTzjChmUXPsqeluj3SPbVVbABy1pC9AoqOKmxpYAPT0XYImswAMAKQ0Y2ChsopjWlgKG54HCedsJMcG4yo9XcaWjhc+pkDPuVDXxBZZMacZPosz1B1N4ZNBQ4dM7bOeFSXjrKprnils2RGTh83+gTrfbCz+dUHxJX7lx3RwhuMN+qi+Ij6WlLPO465n7vef8gpscenAAR4abvjGyM2IN2xwtEIbTnTnveWAAAHCC7fZTHHAKiuOEwU+gPhhxBwuGFoGR2XXO/ZVl2uraeMxROy89vVHFZMOonGCywF0r44sxQnLuCVRuc57i525K6+R8hL3903GE2Kyee1FkrpZYkF3CMgkjGEZisQFxw7IQ85RH/UUI8JqFWP8AQOY8YKiS52wjnc5KYQ0kAqGeUwCgXSobTQE4DieBlS66riow7Wc44Hqs1PPNUyufI7IPA9EDOdq9VshiBGeXzv1Sbkp7YgANl1rW5GyJgaVWTjuXsHgIE5Bxgokx2OFHIJKiQDlg4kkkN0RExAZKM0ZHGF2OLONkZsenBIVZGwSANYRuVArKsAmGE79ypVfXCJhhjI1HlMtttL3ePMPsFC9sZySQ61WsvcJ52/YH/Mq8cRC0AAcJoAaMjZMkdqPphBKW06NNWyOGcMmopk0jWNwSEiWtG5VBfbo2BpMZJxtkLPKZV1ihEjdQXdjgaeI5djG3AWVeQXbfmfVEmmMpL+C7lD0+6yXT9GBzcuWNOcbnKcOyQajsgc7BA5WfbllLnhCggMp4VhTU7YwPLuE+mpxHGBjcqTFC7PCdFJIfCsaGk7YR46bhxCPHE0YGFJZERghqMfGv9gYYcbBqlCLTg9kRuljdwAs9duoMaqamGexOULltLlONaJNxvLaV3hwebHOPVZesq5qyYySuJ9B6JanOyXElcLM91nnNyMs7HJjA0gYwu4K4u6fdKdmBYNNyUTAQ0uUshdhUklzV7IcAiJwnQ0c9ZKGRD7lEpKWWslEcY+59AtPR00dLEGMbv3Pqtml0/wAr5M912zhArfb46KIAAazyVNbynYJ4C6Acru00qtYRz7LHMM0ANHuu4DkgMhOWpRwKGgHKMAMJuAuohdgkkkkzJeOORySSSoBpCSXcHlcUBEkkkoQSSSSgYkkklC28CSSSUBEkkkoWJJJJBKWCCSSSSZzUS28CSwEshNMjQcLHbZkENG7thSYpB3wPzUESt4XfFWK0FxbLNJJJcuUsChJJJJZB6SYkryMwPSSSVgjEkkkAYlw8Lq5kKEGHK4iHCGeVCCSSSQkEmJ6YoUxieknqFJZGJJ6SheBiS5q9l1UCMSSSQkGYC4QMJyShYIj0SwUTAXCBhQtJg0l08ripvIwahuRkNyFkzkaDlIenKII3enK5HTOcd1nsko9jqozf4objKSlRU3GQpIpKfuxZJTSZ2KfHX2JPorNBdhObFtuFZGngZxGgui0/S1Uppm1ePsguWRMFLBRzGc8JpZtwjSTK/izyRiD3KZ4zgdwjlp7IZj9lWQ/48md15HCFnfIRSz2Q9OEUUHGEodnQ89ylrKWd8JZCJRTHRlkb4p9F0S+q4W7crmj1KqUUglLATxh6LhmB7IOQugtPdDgvLkPyU7UTsmobpmNHKUxvQ85JySn591DdWBpTDXREY1HKHAxPJNc4AjcLrHtAzqxhVbqpxPl2TTVv9cfkrccj4pl2KyJvL/2THXKD1VDLVT6TpdnPsq90le4ngZ90myKHxj+zUvu0QcDr49VGmvtO0bS7qgbHKf755wfQorIKHHmccpDhk0wWCw/jzCceJkJC7U531HKhmG3sPOUN8cTsGHb8lXxZNcJuPRZuuIO8R++U112dkASb+irhT1WPqACJHBTjeoOClvTmurUzXsnC6zctI/VGZ1FXRnII291Xh1ANtv1RPEoW7g7pToi+GjX/ADLF1ItmdVV7RgcosfWd1iIGWvHo6Nv/AEVE6opRu07BcZcaXPcYSZaWC5wbKdfbHubNVH1zWgZkoYXfkjxfEJjcCSyA/wDhWRdc6UYwChvu1OcbZ+6TLSVv0aY+UnH+o3I+Idu/HaJB/wAicOtunJz56Orb64P/AKrCNvMDdvCjP3aui5UZzmmj/RD/AA4Dv+M2+mb7/ajpiXHmrmH3OyIOoLGceFc6lv3JKwAqqOZwAAYulsBHleP1Qy0UH0MXm7j0Vl+tBGf9oyz2ex//AERWX+1E4/2oi/8ALJ/0Xl7mszsT+qQA41FB/Bgxlfmrmz1ht5tjhqHVsYP/ACSf9Ev4zQEefq+Nw9BFIvKxCSM7rnhgdyglooRNC83eeqf7RW1v/wDMz/8A7i9Ob1VahnV1C8j/AJT/AJLywNH9RTg1o32/RB/Eh+if8cuPVB1fYm//AGYqSf8AlKcOtrDGRm5VL/8AwleXtA32wnNeGHGnKGWigxi8zcz0qXrSxuIca2r/AHT29bWBv/EqJD6OBXmwe1w4Ts43Q/w4DI+ZvXB6IeurVq2ZIR9inN+IVuZgMp3k9gWledh540p2fZC9JBDv+MXnoo+IsZ3FI3H/ACpzfiTGwf8AYwvOPGI42XTVNb6KLSQZT8zcj0gfFh0W0dOB+SM34q1rx/KgDiV5fJKBghq4Kw4wAi/hwJ/xm49PPxQuZz/Iagn4n3Qk4gA915sKmQuzkp4qX4U/hwL/AOMXHoZ+Jd4OcSaQU3/b67uzm4TDPusEJZHA4B+6YHVDdg/ZT+HAp+XvZuZevLs07XGb/wAyE/ru7OH/AM8ph/4linid5BLuOyeIZTgEqLR1rkW/KXv2aaTra7uBBuk//mVe7qi4OJJr6jfnzKsbTOz/AOqIIhgDSmfx616Fy1183+TDydR3Fxx8zMfu5BddbhMcGoduuBjAc4H6I0bWDsNvZC9PBei/5Fs/ykwYNW/6pc59khR6tyBn1U5jo8aQAnaG8lK+JJ8BqTfbIDaXBGAispO+FJ107Ru/GE0VtK3cvP6JmzBTxkb8qRjZHipRt7of8WpgCI43PPYAIkVXcHjFPSA+7gptwNjn0iRHRAAHGFIZSAHIQ46XqKYAxthbnthSY+nL9NgzVbWjvpQP9MOO70hojgb/AHkgb90UVVBBjE7SpEPRchcDVzl49yp8PSVtiIL4NX5lBKJojC1/iUct7po9oYpJT/hCYy63GbBpqCVp9SFr4LDboseHCG/dH8KKDAawfoijHPQ6NNn9TwYwN6mqyA1mgH1UyHpm/wBR5airDWHfhad08MRGpwB9EN16ijGHTtjHqVTplL8UN21xX3sqYekC04q5w4fmp8HTlipyHzNyR7qNWdU2iA5qK/J9Aq93XfTbDiRs0o9xjKKGksfoU9Tp6fZpomWCBo+XovFcPRGZWVAANHbcY4aRysLP8SHveY7NaooY28ahkn3UKbq/q6szqmbC3tpw1Njo7E+RU/KUw5gz035q7Op81MtNSN9Rsf1VZXXWlLfDquoyQO0D915pUVsEUplu95i8V27gZMlU9R130xSSmOOGSfTsXDYErTHS8cmOz6ghXxKR6bPU9PSNw35qseOBKcAZ53UiCtoo4w1tDA1gHLxnC8TrfixdtYjtNLDDE3gObnKz9b1L1DdpC6rukjtfI7BF/DX7OZqPqaMOK+T6Aq+prHQuBqa+JmPwt7LN3D4w2ekkMdPTSSgbaicftheMRxyB2t8pcTySU9zRsU2vSI59v1JqbPwSPQ6/41XioDoaCjjjZ/U7clUFf151Vcw6N9xMTHchmyoYYicAR7lS4rbWPPliOCnx08YHOt8pq7u5DH1l0qWBlRXSyM50lxwiAEtw4kn33U6Lp6rcMnbKsabpxrSPmjkI41KL4ESnO3mTM62FrnZAH5KQyIjGlmStZBY7ZFuWEn7qU2K10vmjiDnD1C0QrUilU5GXpqGpkwPlzj7KeywVLyPKW59lfNuMI+mLH5JwuUh4P7JnxYGRpx2V9N0o5xBmlGO6s4enrdGMuYHkeqTa2UjnATXSuePNIiS9BOqJKFHbWDDKdjcdwFyP5SH6H/koRkPBecLjailJwZcH7J6iKeEWPzzWjy/kmfxOrORHuhMNC7BkeTj0RPHpAAIW4WiqOGZrZYQLFwneSQ4590UULWgOqXfknCqmaMxbJB8jvNK45K6EDl6iHycMKyOhbgNZkj1RInsYdmYxwoh8Jp1Pfpx+6ZJXU4GkOyQtMJ4OPdoq5PlFmKk98YXTVwgfWSfRUjquTOY3YBXDUznYvGPsmK3Bkn4qmXLRbOrwO4QXXSY7NVd5nbkosMZB32TPlYj/AIXp1/SHdVTSA5cf1QTLI/8AE7H3RtCUdNI84YFPlZP+GVr8YgCZHYaSf1S8M/iOFLdAI8eLgZ904fw9m80v5BB8oa8fB+iI2I9uSnNpZ9sRgqU6vtUewy73Ud17w7EEZx2JQSuyHHx9a7QdlC8j+ZHhGbRjucAKvfdaqTG+EMz1M40ulOEp3sfHRVx6RceHSNwXSNyO2E01NFFv5Se2yphG8nk/qixDcKO9s0w0sEWn8Upxs1gSNywMtaPzUMAY4C6CAg+QcqIIPLdK1xAihjIQvErXnW6YgnsDwnNxjZcMjByVPkLVMEIOrDxNn809sNRnUZf3Tfmooh5jwgG4xb6ST+anyDVVH9E7TLyXZKaXP4LlAdV1Dz/JBXMV0uA5B8hWyS6RNdJk5LkySeMDzSqOKaqd9RH6ogo2NIM+PyVqwN1TfY188khHhS5wkZpCME8qQBRMwA4DCcKmib+Hf1VykmB8BAMb3ebfdc8B+N259lYCrpfwt3XRUtbu1gygbwMhp1+yt+VlP/w7vunCiqTzE7CshcJRhoaMJ4r5fUfoouQv40PZXC3PI3pz+qK23OB/uSFO+dmHDgi/OTkfUP0Qt4CVFcSGyhmxjGPuUZluPJkA9k8zSnJLuE1tRKTguUTyU4Vr0FFEwAfznJ8dK0HPifqUwPkPdOGvu4hEWo1r0S2wwNH95ukGM7BRMN5L5P1XRJCBgyOULexdImBsY9F1oYDyAoPjwnh5XQ/ffhUV9pZtMJxmTHthGaxpHlwVWNmiA3ecp3zByPCk4QOeCYgWHhpeFlQhWTDlyLHWkbk4Km9hJV+0SzBgA6Tv7rnhYP0/uhC5AbGT9kZtXCQN8n3Cm9hbKBoa3OOE4xFw27ogqc7COPB74SbI3vsnRntAnTRIjmlcfQfmuGhJH99H+qmtezYZ3T8N9Aj+Viv4NEu0Vv8ADWjIzG5CdbqQjBgbv7K30j0C5pb2ATI6hoy2+K09noonWeke76BummwxkfyawQH74V74TTtpCRt8EozK0J0dY8mG3wFU19qM/wDwa7g/7rd9Xp50dkXXFMP5Vbkf8ytTaYm7xZafzUSSjvcMn+71Xl7bkpq1b9HOs+mqpflEdSdddX2pvgOilDm8lucFaW0fHm/W6RvzlFqAGDrCzPzF/p8H+TIO+tuU03B8w019pjePVjE1anjk5Gr+l6/6Y4PWLV/aKtM8mm5UzWMPuBhbyxfEvo+9SCOmubA5w2aTuvmSSn6WqHD5uglYfZmFGdYLE8u/h9xfHncRvOP0RxvUuGcLU/Stkv8AbR9mxT0Uv0T88bcpssTX4BGQvki3XfqXptobabqSxv4C/IW1sPx46qtYay70sdZCNtBdp/fBWjh/izz+q8RqdLLbJHvzrdSvGSwKHUWmAj+WCD6rEWb489K12ltcx9K88tyDj81vbZf7HeYmTWu4RThwzgO3CvLiYLK7K/yRBNtniGQ3V+SiupM5bLHsVqTI1owW7HlAfFSSkFrc59UKlkRnkyFTbHEExFRjHU0gDnR6x7LYT2tp80Lt/QqK+mc3ySR7j2Rp5Dy8GZbVQS7OBYfdEELXDLSCrWptUVQ3S+No9wMFVL7FXQSZp58tHGSiLUsjXRdi0H25VRdulrLdAfmKQRyH8TNlafOz0j/DrKV3praNkSOroq5/htOHD1UGQm4PKPN7n8OHxBz7fKXN7Bxys7NZ75YphOIZYi05D48r2uooncR5/VV8tNUtPmhDh7oB38lz4kZ7pP4y3S2FlJd8zxN2y7kL2Dp/rOw9SxtNLWNjkx9DyvILr0lbLmHPEAp5vVowCVlKuxX+wzCahkfhpyCwlQjrhNcI+rmsLQPQ909rd8ZXzx018abzYyylvTDLGNiX8hevdOfETp/qGNhp6lrJHDdrjjdLaM1lEoM1IhIGUKSigqQRMwH8kRk+QMbj1RWu1dlYrODP3DpOmm3haBt6LJXLpiohc7EeMcYC9RUaWBso0uaPuo3gpWcnjlTasDOOFUV9l8eMhjGAnnPdeyXDpymqBlpDTj0WbuPSs1PE6TLJBnhu5CRKO4fC3HR8/wDVHw5tl2je2roWtfj6g1eQ3j4f9Q9NTPns073w9485GPcL67qrZGQWvZke44Wcu3TVO+MubGD6jCyW6ONiOxpvLW0/bJ5R8i1FRRVIdS3VjbbUE7SYIaT6j0Xrnw2/tCfFz4SMjpX1h6i6e/8AkOtf4ulo/wC7fy0c7f5q16s+HFtuMbtdI0k98bryqt6Zv/SckhpJH1FGc6oJBk49iuFr/D16iOy5ZR6/xvnpUrfp5bX+v2fdHws/tMfC74n6aGnucllve3/u+uww5/wSZw8cL190rqqH5esayeMgjDxlflSH2S+ZjqIRTTjbDwvTvh9/aN+M3wkjgt1U8dXWGPZsVY4ulib/AIH/AFD9V4Dyv0lt+/St4/R9P8J9dQn/AKetjtl+/R94R2Wps8zqmw1Gljsl9JISYj7gdiptNc6avZ54/AnBw5p239l5/wDCX4/fDf4txeB05eDBcW41W6tb4dWCc8Dh/H4cr0Ost0NdGWu8ruzhsV4TVeOnGThNNNH03ReUqugp1STX9jpllhIdjIKm0dW4bt5VTG+ooA2mrsSR/SyUenoUQ/yyJYXEj2K4tmnlGbTR2K7oWxyaSG4PJAkIwphlpp2aTh2fVZaKuxgHlToKzG7DgrO4sNw9k808sDi6mkcB/S7hHirTnRMwtP7KNBWOc4B52UuV1PPFpLsn19EGWmBtwwzZA8ZHCa6NrtyAVXn5ihfqaTIz0UunrIajZpw7uCr7K24RwwztOI3DT2BT2PyNJ+v0RSQOShYGc43UBxgfv3STEkBBzhkKOXvjOQcBSCQ0ZKA9wfsdkZEv0EjqWHy53TpWsnbhwChubg5C62cjDfRMLcfYEyTUEmD5mnuppFLXw6ZGMeCOCM4TmmOdhEjQfYquqKV9N/OpS4b7gFMzjkFrPRWXC21Nkk+cpC6WInzN5wELRRXYfN0TjFPjzBpwcq5gugePDqWZB2OQq692BwjNfZZPDlG7ms7/AJLRRqJVv7RU45QnRxXKldb7lG1z9Jb5hs4L5B/tNf2TzXQ1HWfQVAPnBmSrgbxIe7x/iO+6+sKO7xVbWw1p8Grj2JO2VYyMZUR6JWhwIwQeCF6Tx/lJUSTizlazRx1Mdliyj8cI6erpi6CthdFNGSx7HDBBHqpLDjnsvtn+0n/ZWZfYqnrXouIC6DL56djdpx6+xXxQ+B8FVNQ1DXRz07tMjHjBaV9e8L5mGpgoyZ8r8z4Cenk5wXAYSluApcbwGnB5VdgtOCixPIO69UpZR4y2pwntZJd5ikSG7Bc1B4QidPJVWLKARVXOidG/xm/SfRQYstd9loZgyaMxu7qkqIDC844XMurxLKN1E0lgIxxIwURxJ4OFGa/1CK1+MjCxWLPR1aJ7uAjnHHKhyfXlTDwocn1BVELUNOOB7eF1cZ9K6tUejk4xwPSTF0cpgIc8IJc3PKL+A/ZRMnUrbwW+Q6SazhOVlDEGXsjIMvZCxsOhqSSSgZx3ZOHBTXJ7UBAEoy7CjyDdS38jKjyYzsl2BoWMkKXT7gKIOVMpxwEUSrFlEyE5UjsECLZHPAToGGxYYVnK2nQcWurccZWLj+pb34fNxK5xHIWirs5/kZbaGbOX6sA8KZ080y3MnGzQMKuk/Fv6q46VaNfikchdGJ5iz8Mmox/veO3/AKJ7fqymwb1DSuTHQx8h7LTnCMOMmQuR+a6mjj2IacrZF/huijaMN0hYe2f73f31BOQCtnKA+tpYyMhxAP6paeRlvSRfuf8A+7ACNkenjEdsc6M6Tp5UW5/yoWsaPKdgESpldDaMg7kY/ZEjDN4YrUzERm1c91MjlDA52OFEtbcWyJ3c5XKuYU9BPKew2RvlA438HlPUc/zfVOgbjUf81sbRllKNlgra83C+TTkZxK7/ADXodC0Mpw3G4S4HRs/CK/QO6ymOLWsBdZzNUn2C0t6q5nTFhfgDsFkZXOdK4k5OVV0tqyatFX801D9lrb24pQ7CbM/U5HpyxlDqO2AobWue/PqV4zzFmYtn3r6e0iqqhBekXtvYGU4AHKn0+S8HPBUaFobC0NGNlNp2gMBxuV891by2fUdJDakTYW7hTXACmee6jUzdhkeqkVIIpnLj2cs7dCK4d0526a1Ec3hKGSQJjtMoyFPaSWglV7x5gVMif5AEElkqMshB/eNTawHOcJjSPEbujV2DFkcqs4BfKIzR69+FS9VW4VtAXgbsGVoGNyBj0TKin8WJ0Z31Aha9JZtnk5XkKP5FTrPIGnSSHHjZS6eQtIxug3qhlt1e+nkGACSD6ptJIOF6eEt8cny/U1fDY4lzGdYGQigYUWJ2nGynRuHlPCIBdnXx6xghQXDwJiCzON8K0GCBso1dFqPihqW1xg2VTwW1qn1w6ickqyy2Zpje3IcMEeyzFpq9FQInHyuGFpmt0EOQJ7ZZRtX3xwz5t+IvT56f6pqaaKPTBKfFjxxg9lnMYXsvxssUssdPe4mAtj8sh9uy8bL/APCvY+N1Hy14Pn/ldP8ABe0dSSSXROWJdBwcriScngBrJPpKl7DvwrykkbPGHahlZpjsfkp9BUiOcanEBbaLecMy21Z5Reyg7YT4HEFNa5sjcjcJoznldFMzQeyeSzZINOwR2uVbFIBjKlRSDuqOrXapckxpOUfGAFHZ2Ulp2CLGeToQkEXMBIbZThyg2jhYI4RGuOMei5scDC6psYwLGcFVd86dguRFTTvFPUs3Dxtv7qzBH2To5QzIPdLlDITxKOCD051NV2+dtqvZ34jm7O9luYXsmaHxuBB7hYyut9PcYfDlGCN2uA3aVX0F3uXTFS1tU909I86c5zhBjBu0uvenjtt6PTAA0A4XfyUOguUFfStqKeUPYRnY8KWDlFnJ3q7o3QUoMIkkkoaoDl0HC4nNGSoMishE5IcJ6DCGxRzAXQ0FPSHKrahqSwIRjnCJ4WBuF1oyOUVVhkxgj6RnGEVrQBsEgw53GyM0eqFpExngFgjgH9U4t1cjKOGjHCeWt7DCm1BupS7IYt1HUbT08Lv+doQZOl7HUbOtdL/9zCsmNA20hSI4yT6KOKJHTQfaKE9EdOv+q004z3DEF/w06UkzmhAz6BaoR42witizgpfx5Gfw6v0Y3/2U9Kudq8GUZ9HIg+E/SmN4pv1WzbH7ogi2U+JEWjqXox8Xwr6TjcHeBK77uVjB8O+k4sEW1rseq0LIvNwpLWcDhWqw46WvPCKWDo7p2HHhWim29YwSraGzUEIb4NNG3Tx5dgpIYQPuiMz68I1FI1QpjBZSRyKFrNgwBSI2AfhSjZqKkBoGMdkWxIbGIItPonjIKJgeiJob6IuEPS4EwZGdOPzRAMkbpMx6J45VoOMR2BgbJ4DR2XQdgi6C7CbFplgtXsnxnPA4RRGDjI2Kf4lLEASdJ7ogxRs1HGeUUhkGDK4NB2yVAlu8YPh08TXe7lDmlqak/wA2Xyf0hWE3ktKi+U1FIYaaJtQ8ckjy/qsh1BWdS3WV0DXiOHs2PbZWzIg04I27J4afVQRbyjFxdKVDiHTRjJ7qwpuk2587QPdadjNRRC3GN8IzI4c5K6ltNLTRtaIxqHdTWMDeAn6fdPjGCMjKhW3ASFurYoj3+FyOVRXbqe22fLZpf5jfwrBXfra732oMNte5jOC5RLJctTGs3t66xoLZmHPiTD8LTwsTLXXPqGr0zkmLfy+ifaemJap0dbWPLpD9RPdbOitdJTgFkeDhFKODNbdK54fRV2fp9lNGwOaMDcD3V82lEeDyiBgbwn5GMZTYvAhwXYzSGjAQ5OydIhPIG2U0VJ4FK0nGFFlGBnlGlkDRnIxjlZa938E/J0Z1PPcFNSyZb9TGiOWHul4ZCDFF5ncbKmLJHO8aQ5Lv2T4aTh8p1PO7in1OA0AJsYnntRqZah8keQAYwhnhddyhS74T/wAEY7Hga47nBQHE4IRsbFDxnuhbyY5yyBIOcrh2RSAgEHPCYJnYl2R3nU8FRrhNFTwF5fgnjCJW1UcEeSck7ABUdVUOl+rf0UObfqItYRFlmkndqkdkdkDSPREJGUxXg5Ntg1McRg7hInIQCTnlCkZnLPAnHJTSBjK6krBcsAjyiRRaiBwuAZOFMghJHCgVcXKR2KPSNwh1lQ2njznG2ydU1EdJGXyHfsPVU7fHrZdTtwf2S5/2NOFnA6ipDVzePK3YHIHqr5gDGdtuFHgYGRhoaBhPyeA/9kDeOTVVVGPKHPnycDskSdJwEwgDuq+5XMUzCQ7B9Emcsjpz2cg7rc4oIXMc7fusbXV0tS/Jzp7BEr6ySplLnHYnhRCGu2KzTlngxXWb3kCHFxRQE0ROPZWFPROkALtsrPJZ5F7c8IixROkeABvlW0FPoIRaajZG0DSM+qmxUrtsDZEuh9NUk+QUUPA04UqOHAzjhFihA5ClxRtGNkw3RhjkixQkHccIlVURUsBkc7BA2HqotyvFLSO0MGogdlla6tqKqQuc84PbKTZZgXZOMViJKuF/qaxnhRjQB3BVXgnd3PdIHK6kuTZhm9zycwFwnK6eE3U1BJ4BGjlI8ridq9kqSyQ6kkuAazhRLJG8HCco9NSSVJwzYeqJFb5ZSC0YC0VvpW00TWNaB6+pW/TaZzeTLbft4OW+jjp4Q1jMHkk91NaAMHHCcwDGQnjhd2qmMFwjDZZk4GhEDQEgMIi0RjgUcXUkkZBJJJKADkkklCpiXRyuLo5UKH4GMphByiDhIgYyoQEkunlcUIJdwUhyieXA2UIDwVxE8qYPqUILBXEXbHCC6UAFU5JEOpIDpwDwmmcgbbFJlckElkOueL6BRDPNnAcuanepWed+SEnxfsl4o9lGyfUpZPqVmna5ExkMZjjZCMxTU1IcmWgnjOXPGPqhnhRiTnlZ5yyGopmvwfRJSn9G9YNHmqIT7BA/2Z6vgdl1MyVv3Xk15zRS/rO1Z9H+Wr/+nkYkiG0dSN5tn6FMNtvzNzaZv0TI+W0kupmZ/S/lo/8A0WcSXRR3Yf3ltmb9wmmC4Aeajk/8qP8A4lpX/WhUvp3yke6Zf9h+R6pKM9tWCNVNIPyXBLJjBjd+iavIaZ/1oD/gfkl3SyRkeqYga5M50OTxI/H92f0VfzaPUgP+Ca//APRP/sGJGEzzdkMSO/pP6Imo/wBJU/m0/sp+H1y/+k/+xzJSS3zwlj2Qy11K9hx8Hr59VsSWCkAeQD+iK1urAEbx9wh/4hT+x6+nPIP+gEuZHqpQpnu/AcH1T220uP8Acu/JDLyVMRkfpjyEv6CFkeqWR6qxbZyR/dOXf4Mf+7d+qH/ilJoj9IeQl6K3I9Usj1Csv4Mf+7d+qRsp/wC6KGXlKkH/APB2v/sVOpdyPVWX8GP/AHZS/hGnfRhCvK1ZL/8AhDWftFZhLB9Fai3AD6EvkQPw/ui/4nUT/wCEdUu2ipLXEbBcLXY4KtDShu2hcNOB+HCF+SrfRa+k9Qv6kVpa4/hK54bjsQrMQN/pC74DRwEX/EF6DX0vcu5Iq/lnnfCXyr/srMta3YtCQDTy3GUmfkMdDYfS8m/uef8ABWfJlObRkHJVoKXJBDdvujClBHAWezyE/TOnT9LLHMSsbS4G7U4QgDZqsDA1pzhcAYNsLNLWSm+Tt6bwFdUcJIheEfT910RuHZTdDf6QuFrQM6Qq/k5N8fGVx4ZGEO2+y54AIUgkjsmudjfGUSub6Kl46leiKYG7lAcwbjCkySE5wFAd8ySfPt6LZXZwc6/SKLxFDXMbnlMwBy5d8KoO/hnCYYnn/wCamb0c90T9I46WEA+fdBdIDnCeafJzgLgj0nKiswxL0k2CAO+AcLjY35zhSHPY0ABqA+oP4dinb8hR0mOx2ggcFDdgZQ3TzE/Vsh5PcoXINaSD7Oue0HzOQ3mb/hnCdsU/AG+ErfgctJH0Ria47Y2K4YJSPNJueVK19g1MJ9kMpZGR0kV2RzATuSmFjWjLWbopeMrjtOCoDKuMOgBf2DUImV/94AB2T3OOeEFzZZT5RgBMJlQHOw33Qsl24RfAcU8Q6PwlKcchbsgDG45A5KZHRvJ822VJL3R8HA7oQqYt8uOVNhauUex4pwzBJBSbGBwMlMM+sgAJeK7HlG6tRwNWogEPiDGsYH3XHOpnDExQS2qeQCNvunmjYcGT/NA0OhbnoY/5M58JpcfRBLZJCAGEBWMMDGNwGZARywHhoCVt54GxZUtpZM+ZqlMpwAPKApeiMDL5Y9u2Ux9RFjDWud9kMq0zXGxLsYIWY+kJeHTDmEJhc92S0H80wNnccSgYWdxC+eL6CaaIfUwD9EMspu0QXDTF25z+qd8t7qtoat/QMsgG4j3QSDnZTfCPcruhg3wq+JsJWEYl/okDIOCpGG8YXdLfRV8ZbtkumA8ao/qyneM4cjKd5RyuZb6qfC2VHVTXGR3iu7hOEvsuBrU3wyh+FD46lvsK2oI7YTjV7cIIZkpxhJGEMqMhvUy9D21pCM24RAZAJPoojYNDtxypTaaHGTHlK+IZHUWP2EbXNIwGpwqdWwCGabvGxNwBsR+6r4sjY3SfbD688clM8GpJz29iuNAHHb3TjUN04ZklV8Y53J+znh4+p7ifQlPjfEzGpwUSWSU8NygmKrfxER7q9hP5D/RbCSDGxyuCeIHLXYKrG0tce+EYWyscN35B9lXxk/kMmCvAGkSjH2SNZFjOoKM20T53IypMdjmOMSx/qqlHA2Nk5dIZ863OAUZlTIBgHZTKXp6Z2HHSQrSnsLCQHRjKDo0RhY+0ULZJXOGHH9VMDagtB8POfdXwsdMzGpu6kxUNHGAHnCCXY9Vv2ZrwKhx+jCPDRVMgxp3WlEVvZvqBx7JzK+3wDB04VPLQ2CivyZQMs9e/8OAe6lR9MVUgBe6Q/ZytZL9RNP8ALjaUJ/VIaMNjAQbW+kPTpQyHotrgHSSuJ9CVYUvStNDjWAfyVXJ1TUcs5+yC/qW5yDeQYVOub9BO6qPRraay2+Jv91H+gUqKKghADnQMxwHYXn0l+uDz/fkKHJWzzOLpJXk/dXGiUgHrIx6R6dJX22EeeohA9lFl6htUQz8xGfzXmslS/GCXH7lQJ6ncZwPzTFpWLn5WUeEemT9bW+I4AzjuCq+q+IUQwIwT7bLzqaugjbmSUN/NV0t6tsRzJUBMjpof1IyWeanH3g9Fn6/qDtHG72OVXVPWl5l+mTAWCqerqCGP+VmR3sq6brOVw/ksOfTZNWnjHpGK7zMn3I38vUN5mcHGqx+Sg1FbNM7VVVbt+TlefT9S3yoOISAD7KNNPe6kZml57I41JdGG3y07PxZvp7paoRqkrQ53od1Xz9aW2nb/ACY/GcOBhZBtvmkIdJIM91IZbTjAw4+wTI1tsyy11suy6l6+uWwo6WGPHGWqpqL71HXyudPWPaHdgcBFgstXI4BsR342VpF0tcnAOLQEx1NiJ32T9melhmlJM0peTuSSuRxebC2dL0m3SDVyD7BWEdjtVPgthy4d8q/iZllCUnlmIitk0wzFEd/ZT4Omri7BLAB7rXsihi2jaAPsn+N4atVlxjgz8fSzg1rqmYD2CmU1joYSC461OkqSSVFkmdnZqP48DUsEltLRMGGxDZODw36cDHCi+Ie4/ddwTvlRJoNdksTvP1HP2ThUEdlD1gEZKK1wGExRQ+OCSKp52IGFwP7lu6EHhd8fI0gBF/gbGW0PqbndLxQBsELS4/mjNiGxKYlknyHRNJ+LBTiyZ+NOAF0BrV3UPXCNRBnNJDmsJ2cQitgpsZ0gO9VFMuFzxTlaIxyZJWJEsNY09sLrZ6ZvO5HoopLjtkpuW5x3T0sGO6zJLdWlrh4eyb475N3FRyQDgpzZGdytEOjPL+4Vzi7lMLc9lwysHJQjWwDPm4TehM4ph9KQLhuQojq8FuY91HNVVzHSzYDuq3iZYRbmVjfqICRrKdo+sKrEVQd5H5z2R2UUAw7Jyr+UVKK7RMNzDtom59Ew1ldjAcGAoQaxuAAnqlMoQlqST4kmrKWk90gfZPzkcKNhYRzS30CQa0HICRaCeF1rADnCW5BqKHYG2yc0rvbcYwhvqIgMZ39ELlgtRJMfdOJwMqvNW4EhjsIbnTuJzKluWAtpZGpYO6C6uiGd91DEcrju790dlOeDhUrBsY57HOrXk+U4C42R8m2UZtKzYvGfsn6ImAaGpgzYDEZfgu3UhlNFEMhv54XGg4OEMySk7v2ChIpD9bI9mdk/5vbGChO0ganEbIZrKWHzPk++6gLnCHbDvkd3zv7puXHyl2yhT323MIHijZRKjqa3NAGtQCWqqj2y5w0YJIKfluQAQsyeqqFh5J/NCf1bCDhkDsdjlFhiX5ChezXgtHYLur2WJPVrs7Mfhc/2sl/A1+Vai2Jl5WiPs2+v/AUzxHf0n9Fix1TcyfK12EVvU929HD8kSWBb8tS+EbIF59U4PkA7rKR9RXQDJcBnspI6mrMDU0FC1yGvIVyNGJJD3TwXtw5ZYdUT/wDdp46nd3aUTjgF+Rr/AGav5hwAyE4VLXbE4WUHUwOzgUeO+QH1/MocFLyNf7NOJ4SD5/2TRPCD9Q/RULLzT908Xen7DlTDGfza/wBl740PqP0T/Gh/qVELtAd8IrbvT53KmCnrYemXIkiJxn9kUeHjYhVDbxQY3eMorLpRu4kQuGS1rIfss8s/r/ZdDmd3KE2WB4DmyNIPunCSPs8fqiURqvTJQ8Mn6gfyUgFuBpxlQ45W54yixuJOxVqAUpqSJokwNinZJ21KKN+Cutc5pzgqpwLjPLJjWPduCisZUYw2ZQ46jGxCPHUNIBwr2j/kwH8G4HdmHD7rrW1o+qlefyXGTEEEPP6qZHWO2ySVWGT5ckYVAGz2ua4cghdbOSdpvyU8VUJ/vo2k+uEj8jUDQ5jRnjZU3gbG3BEFQSADIEdkmQn/AMIt0mNyPzTTZqhn/ZKokdg7sr3tDvkz6FueQf0XMAfhH6IRob7CcZa4eyEKuthfiogdt7IlNsFqE/yRJMLHfVEHD7IM9HbW4MtO1h9cIsd4oWt/nZaR2UltVbKlmsuaR7HdX8so9EWjomuytZQ2158j8JsvT1PUDLZng9sFXTrZSSeZgA9EKa2VjW6qWQZHY9wrWrnHtme7w9dya2Jmfm6Wq42l8RDscA8qNHP1DanZijmY1p5adlfP/jEQ3wfsmRX0Qu8Kvp3ffC1VeQl/k4Gt+k9PbHao4LKzfGfqe1uaZpzM1owWSc/qvRrB8d7Tc2NFzi0ScHHIXlrH9NXCf/eKYAnvwgVfRFBUyeNRV7Y2Hsd8LXXq4z4lweQ8h9E/FHdVLJ9JW/q2zXbDaSsYSRxq3Vpq1b/uvkd9v6s6cqfmbdJI9rfxMceForH8ZeprY4NuIfPp2cx+y1KdfaZ5HU+E1Gnlho+k5Y2EZUZ8MpP8tgP5rzvp/wCM1gurY45nGGZ31Nc7hbqivlDWMbJTTtdqGcZTTlTpnW8SQR8L8fzYG/mMqlrbDSzvMkYMEh3y1aU1DHN4z90MwNmGnGM7qC+jHmG92/OHCaJv5lPgvETz4dVEYzxkjYrSTUdUzPhR62+yrp4KaoaYammHvluFCEKWmiqQH072k+mVBlpaiHeeAhvqN0WSzvpn+Jbp3N9i5HZcamnxFWwl47+hUCU2jNXDpOx3hpMjf5h9eFkq/o69dPzGqtE7ywHIAPC9X+QtFwZqpXmmm552JVZVfO246aiDxI/6huEA6Fm78jOdMfF+92WRtJdw97G7efdew9M/ECy9QRtDJ2skP4SV5ZXWWzXpu7GskPss9V9I3myP+atdQ/A3GCVCWQjP8UfTzZRgHseCn51YXz1098Xb9YZWU3UED6iEHGSNwvYem+tLD1JCHUNX58ZMZO4QyWTNKiUDR6ARlAdE1wwWjCeH6hkcFd1D0SW2gSrrrHS1IJa0NP2Wbr+lpoo3PAa9voRhbknKZI0PGDwpkvdg8juHTkUzThmHehCxt96N8Vrg2Fm/q3lfQNZaqOdml0Yz64WWuXTNTES9gErD6cqSiprDHQvlDo+UerPhZT1Wt7IPAmGcPYMLCH/aTpfNJXU5q6RpwDjJAX2Jcumo52kSQgH0IWGv/QMFQ1wMAOR6LFdpYtZijt6bzE4xULFlHzwem6C9sjutmrXUdfGdTSwmN7T7OC9n+Gf9rjr3oCWl6f8Ai1RO6htDDpbcWj/eom+/eT1/r/VYm/fDKqt8zqq2l0Twc+VVfzMUjPkLzBl4GkvLMtd9wV57yHiIauO26PP7PWeK+oL/ABtnyaeeY/o/QvpXrfpPr60svPSl3pbpQSY/mROzgnsR2KsJaYRZfBnH4m/9F+cVqs/WHw8vn+13wuv09LWHeWKLJEre7X76Xj9wvpf4P/2w+mOsZqfp34jiPpnqKQCIF21LUv8AZxx4Rz2d6r5v5b6Wu0+XXzH9n2LwP1ppdW8WvEv0e+ecHOBt2RoKzThsm3ou+GDuW7+yBURtxsF4K/SSpk1JH0vSauOohuiWkNXqAweVOhqM4OOVmGTywnAOQptPcm7anYWKyr2bOJGkD9Q3KHJGw+YbO9QVCgrQ4Y1co0c24O5SsMrBLjqnuaGv5G2UdkgP5qBrB4GMIrZtGAd0OBbiTkkFkwITzKFQs7URuljLGnBIxlUhq623ymK4QuLB9L2jIIV+053XZYY52lkrA9voVC08FbDUxVDNcTg4JyBU2iSheZ7dgs7w53P2QYK5k7vDLXRvHLXbFGw8omiYxnHqjNmD8ZwobXatvROaC3f/AFTM4IlkVTRZd4kLeeQhR1L4HaXBzCNvupjJ2sA1khKWKGqbwD7qwWkVF3t1NdIdUTGR1Dd2vaMZ+6g0lbLG5tJWxmORowHdnK4lpX0/mGS3/JQ7hRMr4P8AGOD3TqrnBi5Vpj3lkjSx+CCMbr5f/tK/2YqPqyml6r6RpfAu8IMlRGwYFSB6e/K+gaavmgl+TrCWuafK891fRPhrofAm05xgEr0PjvJy08lJM52s0MLo7Jrg/IiqttZb6qa3XKF0U0Di0hwwQR2UZ4cw7Bfdn9pD+zQOqoZuo+laIC9sBe9jRhtQP+q+Ia+hkoKua31cb46incWSMe3BafsvrvhvPQ1MVGbPl/mfp/ZJ2RX+CGyXffsnvw9oKBIws3AOESOTg9gvXqyElwzwltEqZOM1yDyWu0koNVAJG5CNVRZzIOyFDORsQkWQUga3hlXIwxv0kYRWtB7o1ZCXkytH5KI3bk8Lm2R2ywdKi3aySWDB8yjTAAjdG1chRpSdQOUl/wBx9s90cBWdt0QclCjOMIgcO5T4vhIxnE5qakmoUx+47IA+pHJOEAfUrbyXkMz6QuprCMAd05EUzo4KjVHIUjIwVHqOQgkNBDlEHCGOUQcKIMTl0EYKa/hMaTnlAQbOcOBCjuOSjzAkjCAeUuYaCD6gpUHZQxyFIp+ArSyVPosGcKS5RmcKS5aK/Zju9D2r0noFgbb5H6fN6rzZnK9N6IAFBstNEcs5fkuasF9KdnE+hV90zH/uQeBv6qgqB5SM9lpunY9FrYPddCKyeYve2GC6p36TnGUK9zNhtVQ/G+k4/RKnOg5zlVXWNZ8tbCzONeQnSWI5McPzSKPpTVJJ47hu4rbN3r6X2I/zWT6WYBFFtjbK1lKNdfBjfBH+aXD9jbe8l5cf5mlgHfKJdgGWtoO2RhAmcXV7QTsDwn3+VwhgiYcF0gH5JyjkxtZJVDHotsTc7jdVHVVR8pZJ5M8jCuWNEULGjjCxPxLuYis8kA5KnXZdEN9iSMb0e0PndMRkvlcf3XoDHhrcdsLHdFQxCmEhZg4WmqJmsHKE6Fsf9TBm71Un5hwGO6qIGeJUtOdi4ZR7lKXVL/dNtkf80OKzaqe2pnc8Bpfm1UUvRZVYApy1vY7LlDGMgkJVG+B2Kl0TAADheB8rfmDP0D4fS4wybEMABWMGwaoDBwrGAEaTheE1NvJ77Tw4ROgA8uykVoApjhCgBwE+tGKYrmTluZ0oLCKyHkI7xtlAh5CM8gN3UfYcuiNL9QRYiNt0GfchKM4Csz7sMkawx4JKPKS4NPYqnrZjG4bq3gkD6ZhICCcfZHJMLG3AARMN7BMj4CJgqVtoXJJvkwnxEtRdEyviZ5m8/ZYallcJG6XckBez3eiZX0MsD25y04XidVC+33KWlkGMOOP1XpNBfvjtZ4Lz2hVd3yQ9mnYA4AjB+ykRHcKDbXh0O5yVLZyukefJrNsb5XZWeKzSDhMjIc3Hoix4HKAbB4KaV5pp9hgtK2FpqxVUzH53AwVm7rTAjxGhSOmaktlMD3bHhKlHJsrkW3VNojvtgqreWguew6c+q+W6qH5WpfABnQcZX1tkZAzyvnv4r2KOzdSySQxBkNUPEbjjPcLseIucLNrOB57Sbo/MjEpJJL1p40SSSShB6c0nVympDZEnhlMvrdXNdiKU4J4KtSzAzhZJspbgK8t9cXMa2R2cLo0X5xFnOug1LJPGoI8LsOG6aMFpIQozpcM8LcXTfteGW0btlIjfg8KDBINOFLjOTwodeqwmDcJx3QmPBG/KLnKiNsJnGozGh3dDxnZIAt/NGksDAr2kIUpLSO4RckjJCa9mpA0MOxvdgZTKiniqojDMwOafVIDC6H57IJQUi010yngfcem6sT0JdJCfqicdiFs7B1VQ3n+RkxTtG7H7foqVwa4YOD+Soq6zVMNSK+2TaJGnVgd0pwcWaNLqZaeeU+D1dp9k9YPp3rtzv91uoIcw6T6hbSkr6SuZrppmvHcZ3Cp8HoaddXb/AGJjkmHBSykACRhQ3wmu0FbwnDlMacNCeOVDRGSYccJLgIwuqDFIenpiepgIIGgHICI3lMTxylBhBwiIY4RhwjDQmtAOwR2jAQQDnhGGwQt4HxSQREag6j6IrHb8K8hhYs5GUVNYAG7IreyhY9n2RwMITBnKMrHxjwOT0xEbsVAwjHFu6MH57IbTkcIkYyVQ2MQjPqCMOEyMbBEDgNlYZ1qK1pJwh62N3c7Caato4PChCdHGGjU4gJ76qnYzY5KrnTvfyU1vOcogm8kiSuc7Zgwgkvl3cU3T7pZ0oyxaGjsERMByMp6MrIkklwkDlQW2h7SnEge5QXyCNpJxsFkeoevqG1+SB/iTb407hGzNddCmLkzUXC70dthMlVJo9F55fPibJLJJSWppdjbxPT7BZCvut76lqnNdO7S48DgBajpro5sTGTSxg+ue6hyZauVv4lfQWytvUnjV0j5JHb774C29j6chgYxxiGkck91a260R07A8sDQeAArCOEjYDACgUE5PLGx08cbQ1jQAPREAwnBq7p90eGx/R1MLuxISPCC5xydym7MirGEkfoHHKg1MoZzwu1VfHDGXO7fusnX3ea4SeBSahknUfRMjE5uo1EYrA663507zb6HIyf27qPR0kdO7xNGXkbk7p0FEynGs+aQ8uRHS42DeFqhwcPU3Ox8sdLsNlEkJKOTq3Qnt2KZ2ZG8EY90Fx8yO4jJQDvqRPkz2TGEY7ph5XSMoSJxwYbJcBdgqy413y/8AKYdzuUq25MblsZ82OVRSuklcXPOSe+VZzNRqV0jlXKZXayfZRXkYT3k53KjzHjdTJyrJ5Yxx32KYeUgSe6W2FcpGSdhw8IR5KaSc8pyoS7MCTDunaguNGogb7+ihFPe8D6WEyE7ZU7DYIXvOPL7qTT0opoxqDeMrM3y4umqHU0MmnPKj4NUXtRGqJ5KucuccjOGhW1BT+FEBjzHclQKCic1/iP7DhXEQAbgBKbS7NlUG3lhOBjKAS4d05zvdAkcMEBInLJr6RyaqEY5AwshdrgKuc6Bs3IU69XOIsMDDk+yz7SSSDuUmTwZLrecDX+fhKGFznAFGbG5xAAVhS0ZwHEAIBEIStlhAYKPIBIVnBTAAZHZOjgxgYCmxw4AOEs6dVCQOKnA7KXHGGjGOF2OMjAAUgmKFgMp07ZKhrjWl2A2bzsqi5dQRwh0EO7uMqHeeoRM59NRDyN2LwefZUxOdzylOfow6jU4zXAUkj5ZNb3EkpicfX0XCM90maMWc9nFzU31XHkAboJ3yMoG8F4yOyPVNyU0QOc4HB/VSRTuDc4VdhqH7BLo5Swd9uE4Mcr2uXRHJRE0ZJwp1FRlxDiMJ9Jbnuw5wH6q3hpvDABC3aXRyxukYr7vRykgDGjAwprWkEJU8J22UoMAAC69dGxHPnPPLGDcDdEckdkRa4RESeRJJJIiCSSSUIJJJJQg5dwUhyi5YQMjCgmcsgsFIcp/lTDyoTOQgIwkSMIeSlk+qgwR5XEklCCXXZ9VzO2UKSqa3bGVTe3siWQ3HKaZGt7qK+oL+FHdI5/dJnckM2EyWr7NUaSY4+6Fv3OU4/dZp3NlqODoeeV0ZPdNAwmSTti5Kzzs9sKMXJ4QZI7DKrai8U0Y+rce6rZepBgtbIs1morXsfHTTn0jQmXHZc8YeyyEl+nJJa5RTfKsk7/usk9dXH2N/gWG18cdh+6b447gLE/xyr/qP6povtWDnP7pD19TL/gWG48fbcJjXtOcFZFt/qdg4bfdS4r/AB5iSe+6X/MqfstaGxH10IWt4ITjDrCzLutK0H+dY5v8AwNRI+tWDHi2upZ+S+HbD9Ou6L7L0wDONIXH07MfSFUDra2HZ8M7D7tRmdW2mQYMuMq1uh0RTiyU6la4/3YTDQRHmBv6ITeorOTkVIGUcXy0PAxXwj80XySL+1gnWumPNMz9AmOtFFj/ssf8A5Qj/AMXtTiMVsZ+xRRX23Yiraq+aa6ZW2HtFY6zUedqOP/yhDNlpf/kSMf8AhCuRW23j5lqeKql0+WSP/wAyOOotj7BdNMv6SgNipP8A5Ej/AECX8BpP/kWMfkFdmSnJz4jP1XPEp/8AvWfqmLV2/sn8Sh+ijPT1KeIox+SaenqYcsZ+i0GqAjZ7UFxZnZwTlq7P2B/Bp/RSix0gOfCZ+iJ/CqUbCJmfsrUtYRjKE6AY2er/AJdntlPRVLpFabZDyI4xj2QjTQxbtjaPsp5gc7OCf1Qfk3ceZNjqUvykKloZS/FEB5aBgMChujJOQFcut7n8ZCDJangbOBT4aqP7Mk/H2x9FVpHqloKly0NTHwwFAMVZ/wDI4/VOV6fUjLPSWR7iwBb7oboiDnKlilrD/wDDnCKLfUuAywhF8v8AzSQj+HbY+IFeYgUIw7q3FrqDvhFZa3DaRuPdX/JhAavFWz7RQmEDkIfypcdsBaVtFRMz4zmj2KFKbTCfM8ZPoFP5if4or/g+OZvBRi2vcM+IP0SFtkP4wrV9zawmOCj1N7OKivNyqeI2Rj2CZHUzlxkU9DTX/S5EcUMUWPGIK5K+gibtglONqrHOzJITnlcFjYDmTKNWtPmWSfA//pwwQZaynDsMBQ31ErhiMYVwy10wH0hFZRQDhgR/K2GtJdLtlC1la47tyEVtNP8AjBH5K8MTWjYDCGXMzu1ArcEWkjH8isFG4jdL5Q+qsC9gH0hR5H7YwijPc8k+Kqv0RTB64z90J0HKOXEnZDOT2T08CbFB9IiugHohGJrclSSzclDMOc+6aptcHOthl/aiMXY7IRA/pUo05O4XflvyWmLcjNKuT7WCukZtxhQ5Gv3VyYW75IA+6jvNE0AukGE6M3+jPKqM+3gqfNuCf2QjE/nScK0fV2iMHLwSoct1oACY8uI7BMzN+jPJaer8pEYxP4xuueBUHiNPdXiX+7jx3CGKyvk2bDhWnL2hTuoX4nXUr2AFxG/b0TSY2Dzu0pj4K+c5LtKEKKQPxUzAgIoxyKlqVHoc6sgacB2ShOqNYIDVIENAwbnJQ3Ppnf3LRsi+Mxz1zbI5bLIfKE7BGMomoD2Q3SsHDtSm1i5aqL/JjNOey62ObtHsmmfHCa6qlxgv2R7Mi/5UAuwGXEApjqjy6fF/LCA5+eSd0wMDvwq/jBlrPUBzpA4kdkER5yiAb4yithc7Aa3lVLEQ4SstxwAjgcSPRSm02wOMJ0VJVjBaMAqR4bgP5rw5KnPCN9NOOZIBgNxuiZhaM6S8ohjgHLTlP8oGzQlp5NcFhEUyyAkMAamkTu5kGD7I2QTkNXHH/ChCTeSMYcnLgCiNaG8bLjpWN52Q3VcAH1qPkPfH+pkloZyTuFxzwdy3hV0txiH0u/dRJK+oecN2CH40D80Y9F0ahrBwMBCNxgyQSf1VH4lS/d0icwY55VqGBT1Ul0WclyjJ2YcBCNwDsYYVFDSUQRYxkYRbEXHUzZIFSXcBc8SfGdeyUUfAxypUNFISC1p9UPxoZ803wyM6R+cOG6aA8nDdyrWKii28UBFDKVn92wEq3BIJTbK6GGpI+jKmR0xaMyY+wRwSDsOU4OzzshdaNELGB8Nh8rWYITxHKMeQY+6JriafMNz6JjnvlGKamlz6oHWjRGTY9sMenLwNu5QHSQAnE8X2y9JtDcZ34k/ls91Jp7fRM/7TNGMEg6nLPOG0dCTXZCfLO4hsAyONk9lDVSYJad1YTVltpWhkOmUjYBoQRWV020FJI3PfCW0jTDYxgo5ogDICQuOdBFgyPDVJZRXSq8k8pYw8hSo+nbft4zpJPXUUpo0RjKX4op/nKUkCLzO7YUmNl3mP8mLLVf09Db6NoEVMzb2CO6tawYaz9AqNUKbH+RT0VouVQ7+eGxgd1ZMsMY/7RUEAf0lI10rj/KjcShmS4O/A4Dspg0RhGJNENBGNBi1Ad/VIS26mOrw8FV5iqJB/NeQmfK052nqNggaL+Tb+JZuvlNGfJgbIDuo8eWPZQ9Nni/42o/dBludsiGGBhwgcclrUP2ycbrVyfQeUIy3J5yXbFQP41SH6GZ+yC+8uAJa38iqUcFPUx9ssnSVR3dP9wuHLhuVRT9UGHaURAKtquuIIWnw3anegCJxQiesqjy2bJo32SfpBy84Xm1T1zdJsiHDAq6S/3qoyTVyn2BUjAzWeRq6ienT3Kip86pm5HuoM/VNqYD/N/cLzIfP1Dy6RzsHuXFE+UdnBKbsMU/JS9G1rOtrfCcMOT23VVU9bvLcxNPtus98sDy0FP+X1EADCYq2ZLNZbPpk5/V91k+gkBQ6i8XOrbpfM4A+iLFQgjBYpbLTKXDRHnKJQyZ3bZLuRTuZVSj+ZK8j/AJimijLuXH891p6ex1DsDwxhToen4wcyMwijU2R5fZk4aEDGRsp1PbogcsiyfccrVx2elZjyhTIaSmi3bGAfsnqlPkrJloLNVSH+XCApsHTs5I8Zq0rWgcDA9gieLABvJ+yNUx9k49FRT9OU+AXEfoplPaaGneHMiaXeqM6ugZkasqI64NyfDOSjcFEZlMtNLGNzpaPyUc1WCQCq99xkIOs7KM6sjcSRJlL4AlPHRbuqyeMKNNVkbEKrkrXcROJQGySvOHvQ7sgxlksjWOPol8xIfqcCoTSSMkpweTwrUcDcol+ISckhd8RuON1FBz3RRETur6GpZCmYdgl4hx9KTIs4PAR2xwAD+ZuoFsIp1k5R42Pdsdgi6oY9iQufMj/gu/ZRBpqK5DMhORr2Rw2nhGrSMqEalzvqOcJjp9XO6ZGGSvlRPMzTw1I1DSMYVcat7Nm8LniF+5JCfCGRUr1EsDUZPITBMeM8qEMu75wiAnPKeq32Z7NRkk6spaiOEwNJC450LP712AmKLM0r/wBj/mZeNYwkZiMDYqLPW25jcszI/wBAgCSpq3iOKmAbjOfZOSM8r03wT31DQOQhiriO2vdDbaKjU100waFKip7dBjWQ5wRrgBzbGAyS7t4SbQ1BIOkY91J+Zp2/3QTTVSSfUNlTlkvs7HQ+Hgyub+RR/wDcYwAD5lEPiSEBgyiMpQcF4VlbAjnMP0DZcDnbroDWNIJ2CE6qgZnLsKsgySR0k6gcqQx+W8KumuUMZw3cqMbpM87EAIN4pMuyWN3cQEx1TTsH1qpbJNLjU4lFbCXEZVfJ6GRhuJjqxpP8s5XPHncfqOPblDZCeQ1SGxbcKZbG/GNBB3JqM/snluoDAz90VkRwN/3T2+Gz63YQOQagRhSTPIw3AClR0xIwdl19fTQj6+PdQ5r/AE8Yy0b/AHU49hNwj2WLKcMweU4s91lazqt7XaY9ttlWydTXN5JEmAqMtuqhV1ybmaojhGp7gB91BqOoLfTf3kn6FYoVlVUvL5JnE/dL5R8w3J+6ZgyWeQl1E0lZ1hSxsJpsuJ7BVU3VFTJ9DXAlQo7aQc6QpMNGG/hAwrUcmGzU2z9gZrhdq0aRK/HscIBgr34a+R5HuVatp8AYAH5LpiJGMpijgzyU5ctsq22+pdjJz+aO22POHSR5UsxO1ZBwfunhtQRp8f8ALCLAtpkX+H0u2pob+aK2C3sH1DZddTOOT4m6CaN2frCYsCtk/wBBtVvG2kJa6D+kIPybv6wl8m7+sK+AJKUfQf5qji3awH8kQ3SADIjBKiCEM5wVwaT+BqDbkW7Jx6WAjrizO0eR+iabg07eGU3LP6R+iWWf0hX8bB+aeMCM5O4bhL5iQ/UE/wAp7LmG+ymAMtjfHJ/Cn6n90gGg8J2R2KrAMpuJwSyAcbpCepB2clgeqWB6qYA+RjxWStH8yTCE6reX/wB45J4B5P7IJa3Gx/NTCDjNskCYkZMp/VF8dwG0zv1UAsTizIxlTAz5J/smNr5hs2dw/wDEuC6V43bVOH5qCYi05/1XA1wV4LVtn7LSO/XZh2q3I0fVF3af+0k/dUzh7ro2yoEtRYvZoo+tbqwjWWkD2U2L4gyHDZN/XhY/UfRBdGe2yFvAxau5dM9Ch63hcN24ypcPVkL8aTufdeZtJ9E5r3twWkg/dVvY+Ottf5M9dpL+Zdy0Y9cqfH1DAwYLCvGYbjWwnyzuA+6lx9RXKMYMuVFLPYyOvnE9hj6gpJeWkKdBXUbw3+aBleOQ9W1DAAYhnufVWdP1nA1rfHBb7hH9r6NEfJtdnrTZYCMsnByjQTOafJIT+a8ypes7e8aG1b2n0VxRdSxOcNNVsf8AEqcUbavKx/Z6AyqlwMud+qKytbn+aM49VkYbwHYAqSpzK2R4BbKT91WxGyGu39M0Xg2+ofqfQwuJ5y1R5el7Y+TxYC6LPIDsBVkNXUcBS21dSCCckIZVzXTNtWopf5CHTd0i8tLd2ObnLQ924TW1PVlA4xVNB48Q/wCJHvsp8NeBjV/kp8d2g06NZ+2Utwl7NsLa5fi8FGzqJse1dSSx/llSo6q0XCPTHJFLq/CdiFPfHSVhxLEHA+yjz9M22ZmadphfzqYqSwaY2TXeJIjSWShnZiNmgjfLVFltL6cHRNIce5CdJYrrRDxbZcnF/dsh2IQW3DqSiOauiFS09mt4TM/sXdGqz8oY/wABY57zEzQwlzG8ZKRr6KY5rrWA8bOdp5Sp+pbfM4R1BdTP7teCMKxZBRXJv8iojeR7pldzr6OZqPGae7pFHLZ+mauQvpKh1HMdxnhAbF1DZqj5my3Fz3D8TX7EfZXVR06Mgt0jKD/DPkm5H+a3U6yWfuPIeQ+lFOW6uJZdOfGS+W2ZtNf4C8A4LgCvTLJ8U7Fc5Gxue6Fx4LtgvF56aGoOJm891F/hRbk0FeS/+l52/JdKFsbOGzxGv+n5VywkfUVFeaeqAdFM1zTwWnKmgU0/mdGwk98L5Wt/V/UfTMozJIWD3yF6B098Z4naG3ORoz6DBWjZlZR5zUaC2l9Hrs1ngc8uYQ0HtlVtVapnOwwBwHqh2frG2XRjXw1DXB3o7dXbHslGtjw4HulSyjE049mRq6Z0L8+G6N3qOE6Gulx4c7RI333WqligmaWysa8H1CqamxQyEmF+n2KEkZFTVWOkrm+LRS+FJzjhVkk96tZMdXH48A9s4CtJqe5W9+p8Lizs5u6LS3inkHhVUYc3g5UGRbRQP/gt6iMTo4ZAeRjcKiqelK22S/OWKqkjIOQ3VjC2dZ0faLgDUWmU0tQd8tOM/cKiqaTq+wv/AJ9MK2Bv4mDfCgzvsndN/Fu6WGQUXUlLJNF9PiA4Lff3Xq9g6qs3UkIfa6tsrsZc3PH/AFXiYuVlvIMFZAIpeC14wQVDdYa60zCv6frXROB1AMdgKmkwJ1xa4Po/B7jC4dwvI+nfi/cbaWUfVlI7QPKJQ3lenW2+2m9U7am2VbJmuGcA7hKlHPRllFolnlBRtQ790wnUMKkTDINXQ09QCHMAJ7hUdf09kExgOHotI5qY5vurIpNHmt06ZikBDosfkvPupvhzDVscYoWNce+lfQNVb4aoYeMH1VJX9PvbktaHtPCTZVvNNeqnD8T5YfZ770vN4RY58JOWhR7709031rShlZRNpK1oOmUtGsH3X0bdemaG4RGCsgIA9AvPOofhtXUbzV2ZgqW8mM/3n5LJPTJLB1qfI4+6Lal+zCdCfGb4rf2fZjZ7o6TqnpQjBbJJiWnHbwn48nfMf08L66+G/wAWOh/izaP4p0hd2zyRtDqijlGipp88eIzsfzK+YIZYntdBURbk6XxyDfPoQVmbj8O622XOPqb4f3Z1musBLw+IYDj2+3f9V4rzP0nVqYOVXDPpP07/AOId2iaq1PMT7ufHq7ZKjyxHnGF80/Df+17NaK2Lpv422o2yr2Yy7U8epjuxMjRjJzjzNGP0X0xQ11uvNLHX22sjqqeVgc2WM5a7O+x7r5T5Pwd+iliaPvPhvqPSeTgpUvsJBVSR4a7f3VpTVrSBuqp8eDwhEvaMNJH5rgzocXg9LGe40jZi4jZEDs43VFS3UMaI5gSeMhWLJxsRv9ikbA2i1im043R45NTvqCqhIXBFZIWndLwDsyXEUgCkMeCB/wBVVRVAOATv91JjlBQYYp1snuAJBHIVbX2amrH+NkxyH8TVNjftgomQFXAvDXBnJoK23uAkPiR9nDsnw1bXcEFX0jQ4YIBVVVWoOzPSgMeNy0cORjVLAgGy4wAnOa5g1MCiRTlh8OdvhvHYqXHKDsdwryiwkUwf5ZP3CBVUfhkzQnLeSEZzGkZGyGJHcHhEQraq2U1xZolY0O7HG6oSZ7RUfK1eS0nEci1zo2HcDSfZRa2hhuEBp6gZ/pdjcFOrucWBOG9YB0NbDVRtp6oNd2a4r51/tL/2YaXrCGbqvpCNzLxG3U6LtUD/AEP+a9nLanp6pENTl8RPleOy0tFcYKqFviaXNI55Xd8d5GenmpROZqtJGyOyS4PyIrKOttldNbbnSvhlhcWSxvGCCFBfE6El+MsO4Pb7L78/tRf2YW9bwzdbdFUbTfGtL5YY9jUgegHJ5Xwk+Kpoaqa23KkfE+J5ZLC8Yc1w2X1jwnmo6iOZM+Z+d8NGMnhcMgOcHtAyMKJOPDYXAcKXWUctDLpIOg7tJ9ELU1wwRlevqthdHMWeDt00tNLZIitm1AA/iUWpj8N+BwpFTF4btTAdPOEMPZUxlgwHcbpNsMsODwCY/PJBXHt3QtD43aSDsnF+OyySi+jRnIslPBOUPITwRlHWCFHCSQ4STQBJh3T01QgmZ9dgiHhNBzuE48IyAgTkoNT2RhyUKfkIGQaiNQ0RqFSyGdPCGPqRDwhj6lRR1wBAJUSTlS3fSozxkpcwk8jHKTTfUEBSKcgOCuMsFvosY1K/A1RYjlSvwtT4Mx2jsZI+69N6PGKAfmvOImjIzuvS+lABQDC2aY5XkX9haVZIGAtdZsNtLDjcFZCq3e1vqtdQgtomDgLpVnl7nxgtIRln3WT6/qSWx0w7lbGjA0ZxwsB1dVw1l8ipmbhmzvurnLEGhVEN08lz0/H4dPB7tWmtI1VrXO/CqC2saxrGtGAAAAr+04FST6KRXHBVqwWbpAa4Ab7p11/mVlNB6OBQqJoNe8uGccJ9a7VeYHJpjfZZYwcEryv4n1rmzspQNiefzXp1VUBgLsYxleKdXVb7hfxHIctB4/NKsZt0Ec2Nv0jRdOgQ29paiXOpOghNoyyCkjawYGlQbjUZGEI98zcisqX6psnlTrewAAgKre7VKCFdULcNBIXP8nZsrwe5+kNL8l28c8ky+bsrKmboaCoMbfEqRkbBWkYweML5n5TUPLR968VRiKDxDONlZ0zODhQoGbcKypwA0LyV8t0uD11EeES4gNkrgAKbb3ToxxhcuP8A2X9Vj9m30U9NwiSkjC5BwuT8qATltQNx9Umob00Ow0uJ2TorLMrsxyUnUNS+KVrg/GNsBX9lldJSNLnZ2BWBvte41j2yHZqvujLw2eMRa9WNuU+dL2bjn1aqM7nBm2Zyjtw4DZR2qRE7Sdwsa6Oi1kUjPfleT/EW0fKVgrmM2cd8L15w2ysr1zbG1trcdGS0E5XQ0V3x2I4nmNL81Lfs82tNU44a4gZV6w5aCsnbnFtQIvTIWmpagDDfQL0y5PnzW14ZOiyBgqQBuEKNHOBpwoEgdXGZIsDfZVMcjqGobIBtndX2Q4cKsrqUueHjglAaa5YNQyYVEMc0Z2cAfssP8XrALv0464RR5novMCOcd1qLTVA07YMbgYUqppWV1DUUMoy2dhaQe6bRb8U1JAa2H8irYfKTQQN+V1TrzbKm0XOot9SP5kLyCRwfcKCvbUWK2CkfO9RU6bHBiSSSTsCh6SSSiIPCkU9Q6FwP7ZUdccckJ1ctryKsrUkaigqvmIg5SZIyMPas1Q1UkEjXNd9wtBT1bZmg8ZXRqs3owW0uL4JME7WkayrGOZrgMd1UuaG+bujU8++MbBPUhtOpcVtZbBxwpERzjJUKJwcAVIBB3zwiOpTfkmZC636ggs7IrOyZnJvVvAZmAEpBkLg4XVMF7sgCDlcUtzG4zhRnA4KrGSbsDclLJTXAgriW1kr5CBcLLBWP8aM+HL6jbKg0Ut36fqxUQPc4DZzSSQ4K+1t9UKcB+3KVKORita6NJZeuLdX6YKnMEvBDuFpmPa9oe05aeD2XlMtsiqPO0aHdiFJsfU95sNYaavbJU0uwA7j3CHB19J5TalCw9SAynKrs3UFsvLNVHMNWN2H6grRWlk72n1cLV9o/JTxymJ6s2RlkIOERRxyiDhQepfsKz6gjN2QmjB5RARhAGmg7Zu2EQSjAOFGHKKCMAEqDE/2GDgCNkZrtXZRhJjsiNfnbCW4ZHRbwSBhEBwcqO05RBwiwGSWOxnZFDtJxhRgcIgcAoGiW14wi+IPT91X+IfT90UOKJLI1LKJoOUZQo3HA2RScqxpK1490RkmRnHKi7tHKM0oWshRkSBUPGzdk7LjgEoGQng90W0buRJxkbpoBBTGydsImrI4UwTchw2G6WR6hCc49kt+5VpA7+cBk5B+lEVl54HJpmwcYTgR6quuF3t1CCJ6gDHHujFWWqHZYiUEZxn7KpuvUdvt8ZfNNhze2Vlrt1pI+N0dtDo3caysbVOlqZHT1Mz3uJydR2VpNnO1Gra4RcX3resuDnx0b3Rsdtk91naWjqK6fQ0FxPLipENulqHfyWbey33TvT8EEbJHx7gZOe6PBzZync/uAdNdMR08bZJIxj7blbKmp2gNDWgAei5FC1oDWtwApTXNYMYwijHPY+mrCChuBjKQcG9v3TNedlzBxlE+DUoqI9MTXTBvIQnVIDSdKKMc8gzlt7DF7W8kKsr69kTTqOAOVFuV2jgjLtW52A7kqgdPPWu1OdpC0Rhk4ur10YvbFna2srLsfDpwGRZ3fnf7IkNPHTxhjG79z6olPGIm8JF+rbCaqziX3Ox5YNDJGeOEUnuhZABxvhMjBmac8ieQBkqLLJq7LskudlHkd6J0YCpzOEklCJTydkJz4425ed1MfszWXKKFnAVXcbgGgwwuBPcpXGueW6IjgHlU8gOMo8M5Gq1aktsBjickkoRO2/KTtnFCOT3QtNnInIbKRnIKjP3IRHnPdAPGVHwZZybG8BDc4kblPJymjuijHPZllJsCeVzXtjC6X47JpI9UbWAE9xzLiVe2m2GMCpqW/8oPb3VdZ6E1VW3LfKzzH3Vn1Bdm0EJia8BxCVkfTHHLKzqO9eDH8vSnDicZVLQURc4Tz+Zx337oETJKyq1vcXb5V5FF4bBthIlPJrhHdPIRjGtA3T8jnKCXAHbZNdIB5dXKVNnThwh8smdgs5eLw1odTU8nm7kIl1uwaHU9O/wAx2Lgs8Y3SO3O57pLlgXbY3mCOAFx9SjwQOJBI2UilotRBI/dWMVMBjypcpoTVp5TeZEWnpRt5cKwihxgAYRGQHbAUyClzwAl/IdanSqPQKOD1b+6lw0xJB4BUmKmAwSOEG5XKmtVP40uNX4W+qGU8D2o1Lk7O+Chi8SZ4bjfGVib11JUXGV8EJ0x5wSO49EG43Sous3ivyAM4GVGig0nUQEGd3BzNRfJvEQTWuHZHAOEcNYG7jlDdgBDjBjkvbI6bnSOF1xa13KGG69glylgtLIxzi44CPTU7pSNtkSmt0shzjZXFJQ+FjLQgNVdZDioMAZGF2eANbjCtXRBrdhwoMx1ENARxg5EtcYRK0QEuwG8qdR0ZDtRGCpNLSatyAp8cLWYw1dLTab2zi3X+jlNAGjGFJ0AYwuNaG7BE+pdSuG3gyyk3yxzQGhPJymuXVpSESlkMkkkmAiSSSQBCSSSUIOSSSUAchLuSuLo5UBYvMUsFPGMbpYGM4UByDSXdXOyDJVNbtjKpvA1LIVDlmZGNyoslTIdm7KKZnO3KzTv29DNhJkrSTpjdyopkcTuU3G+c7p434WeVkpdjFHA9p/ZJR5KqOnH8wqtrr/HGMRO3Wey+MOZMfGmUvxLlzg0EuOAFDqLtTR7iTcLNVN5qJjjXsoEkx+o75XOv16j+Bqr0Tl+ZoqvqB7/LE8KonuVVKd5NvTKrH1BB2CQdnlcy7WzmbKtLCPQaeqc4jugCXUOE0jPddAwsll2eGPhBQ6G6ikkuE4Wac8Dhml3omYIPCOS3BwmsY6R2lu5PolqbYUYuT2o4XHBGMobcknAJ/JXlt6crK9ww0gd9ltLV0OyJo8ZrdxyQnQg2dTTeIu1Ed66PoI04PK4aNjtnNCmaW+iWhvovlieej7Jgr5bfR7AwMOfZRH2mjO/gMH5BXD2cboYi1YwFC20Uxs9KDnwWfouGzUpGGwsz9leCDbhdFP7KbQk2Zw2NmctgaFz+Czeg/RaURYGMYXfBOMpbSRIyyZn+EVHoE/8AhNQOTgLRGA9gnGnJVYQzJnvkpBsXE/ml8pIe5H5q/wDkNW+Al/D8b4CvgJZZQtpKg8SkZ9yiCjqxv4/7q6bR4/AFwUhzsMYV5DwyqFNVjiX90QQ1QGPG/dWXgYHH7ppid6Iy+yv01AOdf7p4FSOXqUYyOy6YzjjCnATntRF8WcbFwS8YjfSEQwZOyaYvZRMr5ATpS4bt4QfnAD/2aT9FJLGg5yuvaNgCjzkKVkl0A+bJGRGR7YQzVyfhj3UktB7JmhvOlHEzytkiK6evP0twELVcH5D5Bj7Kbq2whgA8FP3JC90pdkR1OJcePuQnChpRuGDKK4And4Q9BccK00Kkpelkbojbs0ABOy0fiCQpidyUjQ043dn9VorlHrIt/IulgE9+e/HumGTI4zhF8GnbnzY/NBc+kjOfGC0RWejNOU3+UkhoOOAgmVwOA1GfW21o3qQocl2tzM/zgVogpy6iZrba4/lal/1D7keijOjcclCff7e3I8TP5qK7qOhGQNynLS3T6RzbvK6GqW2VqJT2PJ/9E0RkbEqum6ka3aFo3UGa+1EnBwnQ0F8n0YL/AKh8bTHdvyXr4mNGSQPzQHSRNG7gqE3Wd2dTygurXnYuWyPjbfZyLfq3S/8A0y8fU0rf+JhRHXWIOIDCQO6qnVABye6H8yPRaIePkvyRzrvqhWfg0iwnucuf5LeVCmqrpLwzAKE6ukj+gBBfX1ROfEWyOjcVwjn2+dlP8pDzBdH7ufpHdcNJ4n94/J77rnzsrx/MOVHdMXZySE2NDhw0Z35aEuwvyNAN5HYS02sDGB+ijOJd9Rym6R6K3XkW/Jp9JBzU0zPKxmw7rjrg4fQP2Ufb+r9kiWgbHKD417Ey1030EdWVJBy7CCZHOGC5IyAbYQTKTnDeUXxpCXq5P8mOIHqmagDthMLyeyF4ZedjypKOAf5O7oMZhgjIQDJvwutpnudspDaR+MAYS3hdhqFmofBEDnngLpbM8jDdirCG2SHzHGFLZTxRY1JcrlHo30+OnLllTHTPfgY3UmOgx9Q/dWDzG0YYwfdC1ufsUmd79HV0/j4Vvc+xrKaljwXtRH1EAGmKPTjuhukAOOUzLB5kDscuzcoxh0Ee+ok2YRhMex43PdR5K1rDhh3UeSsq5Nm8KFfITnHByShyVcEQyX5KrnuqDzIo5BzkndWlkXK7BMmuPm/ld1Hlr5iBkhDdho+yi+JlxGUWGId0n7DOqnSDcoYOcrh37ZRYonvJDG5KtRyC5t9kZzQV1jfbOFPitVdU4McOR7qfF021gbJWVfh5G7Woi97KMDJwFKgoJJ92xkkK5ENqoMOjxK77Iv8AEGDHgQhpVdkzkgQWWrdgmMNCmxUVNCB4zhkJSVM8zRl5A9kMMe47uKKS2jYp+iUJKSP+6hY7HqFw1LsENAAPoENsMuRobqRxTOABlbpBQ5RrqhOXoCXajyEmQkb45UiT5GEZdyozq9hIbDyhbRohU8hwzbdLTEPrGfzUcTVrxhrdinNoauQ5lOxSpzNMa5PpHZHwtx4bR+qb8/URnEDsFS47XSAgzzEeqnM/gdFh4eC73QOw1104/IqHG71wDHag32Umn6anqHNMoJIGN1Pf1LQU20b2/ooFT1pA3JjeSfZZ5y3MeoUp/cy1h6fhpmguYAVIEYi/whZOXrOV+41H0wVEn6pq5BpEjigGq+iC+03DqqmYMOk3UY1tM0/3uVhjdKyc5DzkrmbnNydvultZLhrMfibR91pWjImG3uoEnUdMwnh2PdZ1lvqpXZly0eqL/DaZo8zckIdvJU9bZ6Lb/ayKPIh2P3QP9qrhMS2I7BVo/h0BOtnCG66UUBHgR7osC3q3LiTLN10vkxznGUIwVrz4k1QcnkZVdNfarGI27EbKvlrrnK7UJCh2gfy4Q95L8OhiB+Ymx+aj1NztMDcsLpHegWfLZpnfzHk553Tm0hJ27otgmzVzfRZTdRYbilg0n3VVVXa8VPlY7APspkNCNi5SI4Q0gMaMqKszu2Uu5FEKK5VLszuKLFaYi4Ol7chaKOjqJhgR4CIyyP8A+Kef2RKpsVKcI98lH8jSMAHh5T2wB+BFDjStFDZ6aI5I1KV8tTgAMjAwnQ05nlfh8GYbbqqbGmLZHjsUuBqOAtC1rRsD+ydsBjKfHTr2T5slNDZIAfNjP2UxlopQc7beylgYJI7rhLncAhM+JFfKwbaOlZuGjIRoxFEMNATdLvUputoO71Pi/sU78EkTAdl0yZ7KMZWDuguqOfKFWxAvUxXZKMw9Ew1bhwAoZqPZD1/dXtJ/LgTDWznIBwo73TE7zDdDLw3gc+yDM8nglTaC9XH0SNTQNTnKO6sibkNdugEvPJTfB3zhTJFdKx8DzUyPPOQVwDO+eV1sR22RmxdjsgbNUISmgbG98ZRAQNgpEVOOSFKbTwjcMSW8joad+yK2MuRo6UvGcDCkeGxuNIwlpPZyvDZqhSvYo6WEYLhuPdOIaOBjCa5wPDkJ0x4DUYzhBtk3y+oQS9x5TcI3EVOwJLKOMBDLnN+k4TgwlItx3RxrbMd9yj2M1PPKWXIjWjKK1rcfStUazHPVwiCawuOO6MIwzckDK4HRxg63YUeevgaRl3CfGGDLbro+iW18LRu/j2QH1gORCMkKM64Q4Aa0kprZa5+PApj907ajM9TOXQfVdpjiF4YPsjw9Pukd41bcNWeQoZhvbsfyy0fdPNvujyPFn0N9yqcUhTsbf3FmyhtFLjDgXDujfMUMYxHKBvnZULqaLP8ANq3Ljv4exuxe8/dTGA4Ta6LeS4QuJa1xx6oPjUJOZXklVzKmlA0iI/qm/MtyRpwEO/nA9S4LcVNA36WpproB9Iz+aqwC7cDCL4efZTKHQngnfxMNGWtzhQ5bxUPJa1h291zwinQwt1bjGe6W7MBNuYH5mve7VwF0xzTkajnHKtGR0oaNZ/RPb8uBmKLKpTJ8OeyFHQuIGofujw0MIOSMFSCJQNo/zTS/G7n4KFyGLTxOsga3huFIZCMfTz7qG6pe0Y5QH1dQ7YOwg+QYobS4aGNGSQAEOStpohnVn81TOdPKPNKceiGNuSo7MkLKW7nJEI7KFLXVEoOThcIHOOE3b0wgyyn0Qqn52Y+V6EKSYY8RWekdktI7pqbMttbmQBRAkagEcW+DSMhHLcJ4aB3TEZHVjsFHQU/IaAiNhY3jZI78JzUe4B6bd0IRM7JaWt3C4uHhE5pALSTHa2g/SuF7T+FCPK4WkhD8qRa0zj2OkcG8JrXJukk59U5rCq+ZFfxG+hayuavZO8F/YFMMM5H0beqP5YsJaWeOEcyOMpHB9EhA93ATvlJTsAf1UVy6J/Ck/QI7890EkjPlUw0dTjZqb8jXO2GP0TI3RXLEWeOtn0ivLnZ4S1O9FP8A4RXHfwR+qX8Hrv8AuR+qP56/2Zf+EXvqLIGp3v8Aqlrf7/qrD+EVg5iCY23VAP8Ad/uq+ev9in4fVZ/BkPz/ANS5/M/qVkKCXT/dBBdRz7nwlfzQ/YEvE6pf0MhZf/X+y7l/9f7KR8pU/wDdLnylT/3anzQ/YiWg1EO4ME1ztxqTcn1RjTzNGXMwgiQcOyPyVKSYv4Jw/JCyUslcyDwUi9rd8j9UfALWOwms44XNQ9Ezxd8aU3RnfOMqiBicri43uu5CmQBYCWAm4KWCq4IcwEsBPSU4Lywen3S0+6IUMNV7SZGafdIszyf2T9Pulp90OCuxojAOQMIolkYMtcQfuubeqGZQDjCmSyXBdbpE8eHWOA+5V1RdY3elxqlDx/iWcHdIv1Ej0Vbmg4Wzh+LN9RfEaRjm/MQl3/ItFb/iBbZyA974yezl5Cx2nddMvfHCYrOOTTXrrIHu1P1Db6sfyphn7hT4J2PILCCD6LwKnuVRTkeE8j81b0PVlxoniSOodnuC5TcmbavLbeLEe6Crexu3dOZdaqN2nIcPReU274i1TZv96GWFX9L17a55hG8FmeCTso4pnV0/la308HoUV0jOPGGklS46ujkaA6XlY+mu1FVtaY5mfqpkby3zMdlC68nUp1qn08l9UWqy1Z1ytBd9lU1PSsocZbTVmJ43DcrkVdOw4LhpCmxXaIYAcdQ90DhtNSvqs4Zn3P6wtNQZHNNVGOWndTaTq+CYiK40T4HHY5GyvYrgZvrw4e6T6SgqXa30jCfXCJPBUoPuDIbKyz1v8pk0er74Q5bQ4uDoZAPQ+qj1nR1HUSGWnmdC7/CqmtpOq7S3TTyGoiB2I3KarpR6MN+njdHEkW1RBI0GOrgEjPXGVXS2WjrCTB/LJ7FEpOtKcNZTXWlfHKBguLdirWGpsl2GaKpY2Q+hWunVz6Z53V+BpmuEULIb9Y5BLRVL8N4AOy0/T/xhvNpkZDdWGVg2OBuAoT6C4Rkta4Pb2VfMync4srabSe7gF0YWqfZ43yHglW+IntFh+K/TV5kbD4/gvI3DyOVsqepp6lgkgma9p4IOV8ry2alqnF9uqhHIN/Qqzt18626cax1HX+NGz8DieE7avR5rU+OVb4R9OFoPlO/sq2usNFWZc1nhPP4mbLzXpn4208uikvkLoZRsSRgL0a09VWS8sBoq+Nzj+HUEto5s6Zw7RTVFqutqeZYXmRg4LeUei6pY3+RcstHG4Wkkw7jhVdwstDWjD4Whx7gKgFLJDrelLD1GzxafQyQ7h8exWauXSPVFkOuizVQt7Z3wrSosd5tDvHtEjpG8lurGFOt3WbgflbvHJE8bEkYUCTyYoXAzH5O70PhP4xKNkamFVa5fmrJWSU550h3lW/rLdZ75DqdHHID+Jo3CzF06Jkp2+Jaql2R+B5UKaTLmwfFKRjm0XUFO9p4E7fpH3XoVFcaOvhE9HO2Vp7tOV8/V7amnPg3Clc0jbJGyPZr9cbLKJbbVvaP+7LvL+iWD8aZ9BuJPIwmkZWNsHxKtVwayluX+6VeN9R8jvsVsYntmjEsRDmu3BHCETKDQ17TyEEvJOD2UsYIwRwo7mYPCjAIlZQRVTMYDXdiqiotj4ctfHkeoWgeS0ZAyo8jjL5SMJWCozZ571N0Ha783xXwNiqmDyTsbhw++ORssDcLReOlpA24sbLSuOlszR3917vNSbghuECemilidFLHnVwfRU4odXftfJ8/Xaw2LqalMdZTiQ4Olwx5crO9Nz/FH4LXI3DoS6fxCzOOqez1GTC8D2zscE8YXtV6+FjfGfXdIhsBcS59I44jP/L6LFsqJqa4NtVxpX01Xg6o38fcHusOs8fTrIbLVlHoPGedv8dYrNPLC/R6x8K/7QXRHxJY22T1Is3UDMCS3VOweT3ifnDgvTHsyBvsvj7qPoK13r/eI2imqm+ZsjBpOexOOcLTdDfHjrL4eyQ2X4hUT75Z27CuDtVTEPc8v+3/VfLvP/RlkXv0q4/R9t+k//EiF8VRrXiR9JyREbgITKualfz5fTKB011T091naY7z05cIqumf3YfpPoR2U2ppmkj3XzjVaGenm4TPsmh8hDVwUoE+lucMjQHuwfVWDZQ8AjgrLGNzN2jBR6a5VEIax+49Vz3Vg60ZZRp2yluFKp6jGBkKkguELmDW45R21LQQRwUlxwRmjiqAW4OEdsuv2VJTTF4yCpQmLSNkmUci3Etcj1CbgBpw4FRWT7AFEa5DgDaxslPFOS57d8cqM6B8Z8jMhTEi0OG6v/JeCMx+AWuxk+65pHYpTQNB1NJyhxlwIBCMPaPI09kMnO6NkOao+CD90eAWR66mp7hC6nqGZBGx7hZQtrOnaoRPBko3HDSN9JWxxhClpoaqJ1POwOa4Y3CdXY4sCUVJALbd45cU858p+l3ovnz+1H/ZhpuumT9c9D07Ir9py6mjbgVhHb/m/zXr9Qyp6eqtEoL6d58j/AOn2V5bL8wgAPDmO2IO4Xd8fr5aealE5Gt0MdRHZNcH5NTZpKie1XJv86FxjljdnXE4ex4VRV0r6R+fqjd9Lgv0B/tO/2WqD4h003XvQdOyDqhjdc8LBhta0b7j+pfB87amlqp7PdqV9LUwOMcsUg8zHDlfUvD+YhJKaZ878v4TOVPv0ylfIJBpI2CgTMdBKXtHlO6sayB9JJpc3LTuHdiFFdpmc2Mj6hyvXO6F8VKJ4edE6J7J9oCXtmGsHKEXB2fZCeH0tQWEnGcHKJq1ZSWixpJyngnKYeU4coFNJghxwuoY4SPCcmmAFaR6pjkwE55T38KysjoT6lEJGFGaSDsn5PqUZZ0clBqfw/mitQqn8P5oCHE5NTkAYk0cpyaOVCmPP0qJJypbvpUSQnKGTwSKOfkjwnzBBRYvqQBssYDnBU5vAUCD8P3VhGQW7J8FlGK0Kw+YBel9MN0W5rscrzOM5dwvTunWk2pg91voWDk+R4gT5n/7zCPUrbUoAo48LDEaqqMZ3yttGdFJEO+F0azzOqjtx/cuKchsWSdl5fdHCTq1xHAdx+a9FfMW0D3cLzalxU9STSc4P+qqXZejXMs/o29DjxWtHZXNrOZp/ZU1qZmsb6BWdmf8AzaontIQnxwkZrXlF/b2gzkn0UaZ3iXkDsxGoH5lJxwFEgfru0hxwibwZY8Nhr3U+DSOdxsV4vM81vUQk5A/6r1DrOuENH6bFeVWXM10fIRnIWeUuTqaJbYuZsSdLcB3AVTXyE53Ut7sg4cq6pGTuhlPA2mtylgBB5pm/daGJumMD2VFRNJq2DC0I2C8/5e7KaPq/0jo/jhu/YWjjBlBVlGzzYyo1DG3Rr75U9kWCCvmfk5tyZ9s8ZRtgpEqCMEcZ/NT4YtlGgjOnHCmxDAC81ZPLPQ1wwSIY+5CDdQRCpcYPKj3jHgDCBD3HBTs4TJE9nCY9Qz29AyM434US6TfK0Ekmd1MVF1NOflnQD1wtdPZz9RPZW2ed3WqfNO86s5zup3SF1FDVCEnBccqLW0urJwq1oNO7I5C6exSr2nlVbOq9Wo99o5PFga/OchTIzg5WO6EvQrqMU0kmXNG2StjGcHK49tezg9hTZ8sFNEppy3OFCro2zwPjewHIOymxu1DGFyWAEZxyqqn8bywL4qyO08I6goXWm8vLW6WPdqap1BN4jgeMq0+I9ukD/F08cH0WWttVrhGfqbsV6rS2/LWpHzbyFH8e+UDYU+SwHlHG4wodtqQ+AAt3wpjD29VoMqHxuLTumVLctx2S3bJjGwUhzNbGuAygY1dEKhe6Cqa08FaIublru3KzlUPDIeBhXMBMtE2TO7UqeY8j449nkHxg6ffSXUXWNuYpxnK840+699+JNtluvTfjRMBNOdTvtheBaTk7bZwvW+H1HyV4Z4rzdOy7evZxJPSXb3I4O8Yu4KQ5RgBhQsDgriMWtwdkLSSdgjCYQkgg+in0VY6JwBKr3JzvKQQijOUXwInHdwammnE7RuEQkx9uVSW24MhLWyK9EjJ4w5oGF1NPL5Ec6yDrkPjqJGHIOArGCobK0Ozv3VQRj2XYZDE7nYp+cGii/Z2aGN+oZR2O34VVS10IADnZKnR1DXcd1f8Ag6VeqjJYJw45TUJpyeUVuMBXk2RngJkEJuAlnK6oOctwKVu2wUVwIO4U4gHlMkj4wFZRD8/ouE57qQW+yjPYTlA4i3PAWF7XHdSCWlpaWggjG4VWXuieCrCllEuMchJaKjLLK11rrrbWi5WabSc5dGTsVqun+tzPMKG5RGKU7DVsCfZQw0kYDUCqoIJxmSMEjgjYhUlg6Okvnp5b4npIOQD6p6xvTnUsrGC217tWg4jeTvp91qo6kO7cqj1el1sLobkGHKI3shBwyiseBhQ2q0KOAnBxGwK41zSAEiQFB8bM9hUQHshakQEZ5Cg6M17Ct7IreOUNg3GyK0DChojNIc0jKKOEIAZRWdlWBnyD84RQ4numDhHHKEtMQByjsG4K4AMJw5UDjLIRo22RMFMAcGjAKLg+ihe8az6gjN2CGAcgog4UGKSwOBJPKION0IEZ5XRNEWZ8Ro+5VoPcw+Qitd7KC6rpY/7yqjH5oDr9RMyGEyH/AApyQDmW4IHcLuR6rOTdRztP+7ULz7vao0txvVQ3OuOL0ACpIpzwaeaqggGZXhv5qsruqKGnZ/K/mO9As8+kqpXF9TKZCfdcFC3u390zZ7Fy1DwFrepLhXNEdPiAerRuVRT000xMlW5zsnucq9bFHGw+UYAVPc7vBjwadnjTE7NBVYOddqHJ4ZXVgZE3bk8BMpbTU1YD5T4bDy091bWu2GST5i4NDicENB4WhgigOklo9gnRghMcyZ2zWqCma1uBgAK/iYxo2xvuq+GMjDWjAUyJhbjJUwkOhEkoo22BTWDDUxXjPBoWIchh6p5fp4GUB0gjB4391U113c1xjh/VNUM8ma/VQrjnJYVVXFEC6R2nZUFwuvikshdsOVHnfNUnVI7KDFFoO4TlWcPVeQlbHEWce3x3B8zdRCM2MN4CeNOPpXS7DcYToxwcdt+xDYIZIxymul34QXS7FMSFzlkc9+FHkkyMLj3k5QS45TYx9iJSwcL8koOSOSinjKhVVYyMbhFHCMt18UEnqBA3U78lT1VW6U/fsh1M75nk6kFzgBklHt9nH1OpcuEclcSNR3UOSXHZGklwcBR5SC3ZFtSRzXL2wRAOSCgOI33RHd1HJOeUtpC5yyNdkpv5IpxyUM8qJZM8ng4BjugvIGwOUp38AIIcO5V9Gaw6/B34TaajnqpxHEDjO59F1w1kBu5Oy0dBC2y0D6moxqcNX/oglIlUd0h9RU0dit5AAEhGB6krDST1FzrC+cnz5xnspdyrZbhUOe92QOAmU0Oh2SEqbNcFl8Emkp4qcYa3J9VLd9GEJuANymzVMcbceqyyeDfXFJDZHYycqluFxcA5rHeyVyuGTphf2VUBLI/JKTKTY5zeNqB6A52fVS4KYlzTjCJBTZAOlT4YcafKls0aehyeWKnpcAbcKUyEBEhiwFJigJPos8nydKukHBBqOAFOhg8LzEZT4YWxjcbqBeLuy3N2cM44QjpJVxywlyvEFsh1vAc7sMrA1twqrjUumnd5T9LewCVXV1FdUGWV2QeB6LkbeNuFH0cu212CjhOQcIoAb2Rm6Q3ccIM0wxgBCnkySSXLBTvI3CjSTEggp75AcoQY6d+lgVTFPM3wD8z3qxoaIkhxRaG16sOlariCnbFgAJeGaK6wcFMYGgAKQ3ARSG6eMYUGon3AamVwcmFbONUW5Daupacsa722QqeFxcHH/NdhpfEeCeFYMYA0ANxhdPT6f2cS/VOYoGBrQMIyTG47IoGF0q4beEYJT3DQC0p4dtwkQNkUDGwWhIgxJJJWAJJJJQgZJJJQgkkklCDkkl3BUAeDi7jK5nC46drBuglNRCSyPcSOEF9S1gOSo81Zk4iKhGZzyR6JM7kug1DJKlrCSRE5AL3HkoRA3TzkDOMrNO2UhkYpdj03SBkhClqRGCSAAFSV1420wO3WS2+NSzIfCmUui4lnEQJONlT1V52LYXfdU9VcaqQ/WcKIZDkuLsk8rlX+RzxA31aZdyRNmuFS8nL859SoT5NRJO6GXHKWn3XOnqJyf3GuFSXCFqPZcJJ5SwUsFJlLKNUYDEksYSSJPHJNuBJYKYMg+qOAMJU7MhRjuBrgYXnDeSihu/qtH0/0lV3GRsvhZb6EJfM+jbptDbqpYrRR0Fmra6YRtaQD3wt9070CyFsc0xGRuchaqxdKRW9rDKwEjsFu7H0nLcnAfR3+y001POWew8f9PqElLH3GVoOno3+WkhBkGMDHK2li+HlfVsa+rDY2kd1tbL0dT0YY+QAub7LTxQDAaBgBboxSR7PR+JUY/ejwn/2o4+rpyoA9p2FEZ8VbRxPbqyI+4CypiaNw1DMeey4k/pnRy6TR8Mh9f+XjzKSf/Q20XxN6bkwJPmWen8sf9VJi6/6ZO7qp7Af6mrz8wNPLB+ia6miI3jb+izv6T03qTNNP/iR5GPEoxf8A0PTo+tulXYzc2D7qU3q3pV4w28wgn1K8iNDATvE39Fz+FULtzTjKXL6Spl1Nm6H/AIl6tfnWn/1PYW3/AKfc7U290YHvIiNvdgOD/HKLP/0xeM/wag/7gIZstBk/yAlv6RrS4maIf+J9kfyoX/f/APYe4C7WAjy3uiP/ANtXW3K1k5bdKIj2kyvDv4DQf9yFz+A2/wD7kLM/pKzPEh8P/FJN/wCwe7i5Wz/5OhP2cu/xK2f/ACbD/wCZeEfwGg/7kLn8BoD/AMLH2KH/AOE7f+Yev/FNL/6H/wC//Y91/iVs/wDk2L/zJfxK2f8AybF/5l4Oen6A95h9npf7P0H9U/8A51P/AITt/wCYL/8Aiov/ANB/+/8A2Pdf4nbD/wDGxf8AmXP4lbP/AJNi/wDMvCP9n6D+qb/zrn8AoAc6pvzcp/8ACNv/ADor/wDip/8A6D3SW7WuMYFXCc+6iG+2ncm4U7cc5fheLfwakbsGE/cqRHbKcDBDsemU6r6Ssfcv/Ip/+Ki//Qf+Z6y7qWxNODd6P/7r/wCiG7qiwNGTdqUfd+F5QbbSZ3YT+aH/AA2k2/ln9U7/AOEYv85YEz/8U5Sf20L/AL//ALD1GfrDp6M4Fzidj+koEnXfTMeM12fsF5r8hS/92u/JU/PhhHH6Rpj3Nmaf/ifqpfjSv+//AOw9Dk+InTLMASTOz6MUSX4j2Rv0RTu/8KxQghAwI2/ol4MX/dt/RPh9K6aPbZks/wDEnyMvwhFGsf8AEagwdFHMT9lG/wDaGMHRbZT91nhBEPwhPdG3GGjCbH6c0sf2zJZ/4heXn+LS/wChc/8AtCqnZDLaB6ZYgt62u0pPkhZ6YaqfQd900REZ2T4eD0sfRjs+uPM2f/Ux/hItH9XXnjxW49hjCjS9QXWYb1GMqG6J2yaIyThPj4nSR6iYJ/VHl7PzuYR1zuz3b1Z391wz1jh55yc87lObAMZwloI20/unx0dUPxijDb5fXXP77X/3BF0h3LiT9006u/8AmjeGfRLwz6JypgukZZ6q+z85t/8AUjjV3H7p7cY7LpHdDJOVfxx9C3ZJ9s7kJaiQd11cPCpRwFveMA3OIOxXA4nkpOGXFIDCLIOTji7OSV1c1eyWr2VZGI5hCRAcoavOS8jELzAnblG0lcLd91UnjsZwCTS08KUKdzhkBd+VedsYSHajRXCcl9qIYLz3THNc7k7FTxQvO+EWO1y7OcMhC7ox5Nleh1FvSKoROzuuiLVwrf5KEfU3dIwRg5Y3CXLUL0b6/DSlzYVsVJnctH2yjMo4huG88qXoaAcBD0uzlZp3yZ09P4umrtDDFEMBrAMLrY2+ieWE7gJrg5w2CXKbkjp1aeFf4oZqI7rhcDvyumN+cuGyaWxt+kYS5RyO2JDHOOS0DdDMcw76QinPYILhU9njCtLIMm0I5H1O/JCc/Iw4ZC65rh9R3QnO7K8ejPNs44Qbnw9/ugmYDIa3YJOje45AKcKR4A8RpwfZW1gU5MjPqDnGEAukfw0qyFNSD/mKOy3yctjAHqiAw5FEKWrkOTwVIgs73uBlIwd1etghjGJXNJ9GlClkiZsxuPzRqYLrS5YGG20kWC8A49VIfLQxBvhDDggOLpN12OnLnYOyvKQ2MHLpBP4jUAFsZABTHGaTzSP1ZUhtK0chF8JoGCNvuqc0h0NNJ9kARZJGE9lK474wEWSWngduN/uhOuDuIWY/1QO1I0V6XL5DNp2tGXHAHquSVFPDw8OPoojn1FRjxtmegXWQQsOdCVK7Jsr02H9qDGvqf/hWZ9yh5uVTtUTaR7J+trBpaMYQ3VWAh+U1KvjDHNoomOBmldJ9ypIfb4QCx2Cq18rpAR6qN4Dnu3KCVjC2qP4lxPeqaNulhGeygPu9Y/OjjtuhMoo3eZ4yQi+EwdsJMptkTn+wL6m5yfZC8Od+8smVOJ0BBEjAdyoHLOCKaZzzuNvuiCg3BjYB6lSGzwN3Llw3HAxCFBG+MexjKFrfrAGeVIbTUMTRrIUQ1Uku7igulc7YnKor5Yv8SxZJbojluMoT7xEwlscI+6rywlN0oQXZL0SZLtVPdiN+kfZRiZ5SXPmdk+66GorWhTGQXOT7ZHdA5/1OJThSDOcKSQAmCU5OkZIRxg2RygvzGmlAxlq6KePOCcBPDquQ4OzUWGmDj/N3RKoF3RX4oaxlGwDbUU8QMkO0Zb+SlMp6aMA6EQujA2PCZGnIieoS4YBlBgZPCkQU8MRyGAn3TTUgZQvmXH6cpsaMciJ6mMfZOJ0+gXDL/iUDxZSfO7K46Q43cmKnkyy1cX0TjUNBTDODthQCXZOCU7UmxrwZ5ajJLMxzyEjMfUKHpPdxXfzTvjAepl6JPzRG6785NjAd+yBkeqYTgE44U+NAPVTCuqpjnz8phlf3TNRPZdHCCUUilfJ9jw9575XUMSaBjTldbOTwN0otyb7Hnblcdwhuke/lIjcZKpvA2FTn0cIcSRhJsRJ37og0jC66QNGQEqVqN1Oky/vGOg7pMiHqnEk4RmMxuVmladWrRpdDGwAb4ynNjIPCkBoxuueTsEO9s3QpjBdiA0jGEXI9QhZAByhF25wVe3IWUg+T35SzjdRzLjskJSd9K0RQuVgXU71TcZTV3SUUYmWy7B0AduUvDxvlLQRuVzUO5T1HJz7tTL0OEmkfTwuCXPZDkIxkqM6UN4T4V4OVfqmvyZKfORnAUV09SSQHJrqlnB2QJqqYY0nb7J0Vjs51t25hvCq5dnyAN+6cKWmH985RDUzOG7yPsk1znHDnZR8C0nMnB9HDvG3UU03eWPaJmPdRw0JxazbBUdiQzbP0x8l3ur9mOyEwz3KZumWQ4KeCwAABE1Ab5ylueRsK5S7ZHMMjt3nf7ojadx/D+akjA7Iglbj6Qhdhuqq/ZHbSd3I7YGDkcLvi+yWT6JTsNcaooexsTTh23onhjTgArgH+H904BT5TRCr9D/DaR/6roa1pyB+6FpPYpaSO5S5WZGxqyF8YDbSE3x3g5ZsU0jC5kIPkSGqGOh/jzO+ty455JzkJgY49k4QSen7qpWZDVf6H6uxCFlv9P7oogJ7J/gOP/wA1VkH4ZS9Ectdg7IA1ZVgIHD6wkIGjcNUzgr4H7IoBxwuYwpugY2Cj7k4R70F/HB5JSA3wpDYHOxhn7oraV55GFSsSItK30RQzPG6RjI5arBtIT6Iwo243Ulfgi0M5dIqiHDldb33Vp8mzO4T20NO0e/2Ud+Og4+Ns9oqHU7iScJhgf/Srn5eNp4TxCzGzQq/kZGLx0vbKMUsmc6cIwo9t1a+A3kNC6IgDnCF3ZGx8bD2ysFvPof1RI7dKBnGystOB9KaM75Q/LkOOggvRCFEGnfkJ4phndS9Pslo9lFbgfHRQjykRzSxADDcJCGNu4HCleGV0ROKv5Wy1pZPpEUYZ5cJayN9Kl/L7Zwl4OOyNyz2X/FmiN4zxwwrnjv8A6CpPgtA+n91wxsA+lBkp1YBbuHCYWOH4T+iJ4rYzsAifNS6cAtx9laYEo4IpiI5/yTgG9sIh8WQEnHsginndnLcBGpEcZNYSE57OCAh5b/SEb5Gd30tKd/Dqj0UcsCnROXohSxxyYy0YQZaOjk5jAKuBa3FuXPA9QuG2UvB3To3RXsRLRSl3BMoDbKQ7Yxn3QjYqQ7+J+60JtlJjkhD/AIXT58rse6N6j3FmOzxSn+VaM2bIQfJOMe6a+1zxt1NIf9lpxasuwJgGrrrO7hszTn2RLV/tmKzwlUv6cGRNLUf92UMU04dkxla02GqO4cwj7oTrDWAHdv6o46mD9mWfg8fijPCBwHmaM/ddEHq0fqrp1iqA7fC5/A6golan0Ifhpr+kqPAz6Lho88YVv/AKkHIK4bNV4xhEreRFni5xX4FO+jLtxIBjsheC7OAMq7NirDwUw9P3DGdIx2TlavZz7fH2p8QZT/Kzc6NvummJzeQrd1muQ5Yhm2VTeWqfLEzT0l8P6GVBD+FwscOysv4bUD/h5SNPO3Yw491FJMFae1rLRW+f+j90sn0U8wgDdijljc8hRxMzk08YApZHqjmLZRjCc8qsETO59E3xXcal3w3D3/NN8J2eCpgdFndbyfqO6eyaRhBDycLgYRzuu4wrwy5Ilw3OrjcCyd7cehwru29Z3iheHioMjeNLnZCzOcJAnkFTlFKyyr8W0ej0HxKe2T/foAWnjHZX9B1rZa6QRiXwnH+rheNaj6rrXuacglXnJpq8jdX28nvwq3SNDqSqj9t1LguNwhIL2hwHZeCU14r6cARVMg/8RWioPiLfKWERSvEwHBI3UOlT5mS4keztv8Tf7+Fzfsp0NdTVbQY5hv2JXltD8R7fUeHHVwFsjtnEBXtLdrPcX6IKrwn9gTjKOMdxvr8zDts2c1uoagZnp43/AHaFma7pBniOqLVK6nl5wDgIkVfWwt8NlQXNHGd1PhvxjYBUQB5HccqSjtHfzabf7FLFcepLM7w6qnNQxvceim0vVNuuJ8KvpTA7jf1VvFcqCubpcQ0nkOUKs6aoq0l8Za0+rUcLnFipxqt6HyWyjqW+JRytB7FpwVBeLlQEiUGVg791CqbHdLa/xKSWQY4IJIKfD1PPT4gudOSBtqwt1eqfs8/5HwcL3ugGbVWiqd/vTWxv9wuwQVlLMKm015jHI0u2/RPjdZrnvGWtc77Jstmq6QeLRyam+gWuN8ZHk9d4Wyv+5rLJ8Vb5ZHMgvDDUQjbWN9l6bYeubFfmMMFS1kjh9DjheBvqJo2htbS5aedkyOGmk89NKWE76cp2Ezz2o0El6PqFkuQAColwtVDcG6Z4Wkn8QG68VsHxA6gsxZDUsNTA3YEHcD0XpNl+IFku4a1sximPLHnG6GUcHPennW+Rslnvdhm+ZtM4li/FG7uFYUHVVLK4QXGEwSjY6hgZVoKnxACACD6KLVW2114/3qE6uzm7EIBfPTJ1Vbrdc4MTRMka4bHCxt86AeA6a2SY76SrM0V8sR12+o+bpRvocfOArG39T0FW4QSv8KYfUx40qFOWw8tkhraSXwK+HGk7E/6Fajpzre7WSQMErp6YjBjcc4+y2FzslvvEWJImEnh2Fibz0fWW4mSly+P+knhAGmp9nrXT3VVsv8eKaTTMBl0buVcObsN184x1FVTSh0UjopWH1IIK3nSnxIqqYikvjjJHsGyHkfcqCrav0enPYDsUF8BaMs5KbTXGkuETZqOYSAjfBUgFB2JcWiC7x2nEjchDfHrVnhrwQVBnhljHiR7gchQojAug2A5UK8dOWfqmnFPdKWJxH0vxiRh/wu7KxJDmjVygubnhUHF7ejybqTojqTpKcvo3S3i3NGSQ3NQwfb8SoRNQ3WnDpImyRPHcfsfde9xyvc3wpcSNPZyyfVPw1t18JrrbI2irxnErWbOP+ID6uO6XOO4012J9s8bgpr30RcmXzoCvFHMDl1Of7t/3HB7r2j4dfHm0dYeHZOpoG2a+NaT4bv7qb1w7PI9MLy+vobzYaxtv6gpBTudnExB8GTH9LvX9OypbxbKS4s8zQ3BOHgbgjuCvKeZ+m9N5JblFRl+z3v099Z6vweFndD+59bEZ5XHxNwvmzoP4vdVdDyxWm/tN3tA+h3M0Y79919C9N9TWPq62NulguMVTH+NjT52fcL4/5X6c1XjebVx+z9CfTf1povMVpQlz+iSGuY8OClx1Ti0NPZDczO6EQRgg5Xlrav0e7jZuLKC4yUbjOTmMfUryjrYatgfE4EOCyjHa2kHhDbNNSvDoXFpHoVl2bWOWGbkvcMIsU5I4VLbLzFUxtZM4NkGxVo1459UHRPjJYkGUTILcqCHe6e2bO26GS3AuOAzjk7phbtsN13O2UshQsjO8WI5e3DDyU9haccIpGxBOcoHhlpyB+6LJFHI9zR2UeTLMbIwlH0Ebrrog8JhJRwQaylhroHU07AWuGPssXLT1XTsphdG58Octd7LcyRlp2GyBU00VXA6CZoLXeo4T6rXBiJw3FZY+oIZ8ROd/1C8N/tRf2XKL4h2ufrv4f0EcfUtOzXUQxHHz8fJGMf3m2/5L0e6W+fp+t8Quc2B5/lvHB9loOn+qfBmbBU48F3BB7+q7uh8hKiSlE5Ou0P8AIjjB+VLHN8aW1V8RjqaYmOWORuHNI5BBVLcaCS3h9Q0F0YO2O2V+gn9qz+y3B1xTv+I3w9oSbzAzxqmkY7ArhjOpu395zt+L2wviF7BG99JUNBdjD2EcZX07xnmI2QTijwfkvDu9OuS5XTMcTFXQajgPA2PqoLSWu0E9/VW17tjrPVianz4MhzjHCrquIOY2ojGM84XqVLfWpHg9RppaWzZPsXLUxuxx6prHAEZKKCDwkc54FD0kshJNUngAeuHhdXDwmN4IcHKcmjlOVqWQW8DRylJwEhylJwERIxyhicmpygQk1OTM4QEHng/ZQy05KlIZA5wktZLTwCAwixndCL89k+MgHdHGJbLCnO4U+HcBV9O4ZG6nw8BORmtJEX1D7her9OAfwpn3/wBF5RF9Q+4Xq/Tf/wA6mff/AEW+hHD8o/sQRn/z2ib2ytwPoaPZYdhBvEX3W3P92PsF0ajz2s7j/gJXS+FbnuPovObG5zrzNKfxHb9Vu+oZvCs8mOS0/wCSxfTOh0rpSzcjYoJ9ovTrFTmjcWZwE7nEcBTbI/UavbGZCQodvDRSOkA33yVLsY/lvce+SmJ8GGbyaKha1keoc4UGkkHzU7gN+MqTFLiPTjsVX0bvDEr88uKN9CIrLM115VuFO5gH0hYvpqEue6pPACset62aSpdCXeUnf9VX2MFlMcdys/s7tMNmnLvVkHf1UKfujNzvugzDbZKtmdDQaVyW6R21gGsGeyv38jCobV/2wK/5cF5Ty13Z9k+mtLsqiWdFGPAzjO6sIGEEZQaKMiAbb5U+GMA7t/dfN/I3fcz61oobYpB42cbKTGAMFDY0HCkxenouBZLLO1CGQ8TcjOFDugd4PHZWMQwNwot1aPBwAhjLIco4RQ9kM8oxHlJQTynxWTDbLJwnA5WRvZfNUuYX7Bamqf4cRf6LLSfzamR5C30R9nI1cljaUNXSnuN1SVtI4H0WyqaTW7VjlVVXSZ20jdbXLBxbaNyK7pi7SWa4x6jhjjj7L3C2zsrKdk7DkOAK8HrKQg6gMYXonw46j8Zv8MqHYkjG2e4WTUQzHcjZoLnT/pPo9EjGNk9+wSYiOC5x2088mJ64tpqaRzyzOoHHsvHYC+33F0Mgw1xx+a+geoKR9Rb3tjG43XhPUFJLS3IukbtqXoPF2bq8M8X57Tf6jtRf2+bSNtwd1cwy6g3ZZa01W4BO3+i00Xlb67LrHm0SXgAZxvhHpXB0OCdwUCMiSLPcpUpMc+CdkBoXR2tp3SQPa1n78J9hl8eJ9M93mbthSwAXhh4cqiHVRXt0cZwDuQlPDDzjotXxR1tHVW97Rl7CMFfO/UVq/hNznpSzSA84X0XFiOr1P4kBwvJvi/ZJKOtbcomZjk5IXV8XqPht2nG8xp1ZS5rtHmyS7g+i4vZrk8KNTkk1QaOXdAXWrhOUSWSDklwHK6rINLTnIVzba/ZsDv1VQntdpOc4T6bZQfAm2pWLBp3YcA5pyE1zc5GVEt9VlgjdyrCRmQHDuuinuRztux4IxcWODgMqwo63JAPZQ9AwhtBYSW7JqlgKEnF8GkhqQ4bo8dRkYxys7T3Asw2UqypqkSYwjSXs21aqUey4jdk5JRshQYX5xupbSMI0m+Do137wmoJ+A7so4JyisOQi2ezQpewb2N7IYh1HKkEYXG+VU0TCZXVUAbwMKI6OWJwcx5afYq4mjBwcZUWSn1bAYSJwz0U1jkdQXAaxHUkb8OVi5gkGO3qqGalI7rtH1G2gkFNXRuLezwlNYG13KP5GioLbGZxPI3dvZaaGVwA8qqrPPT1bQ+Mgg+iuWgNI24UO5oZJr7RwmeeyIyct5jkP2C6zAxtwjZKh2ISyNFUeBDJ+iK2abb/dpMeuEmk55RWudt5j+qhsrkObM/GdO/uiCqqc4AiHuQuNAIyeUUAZUNCONkqT/wAaMfmnAVB/436BOAb6D9EUlvZQZCT9g9NR/wB9+y60VGf7/wDZGSUNCkvY4NqMf3yK1tRn++/ZNTxyEAxSyh4FRj++/ZdAqP8AvyPsE8cLo5UGLgZ4c/8A8lyj810Rzn/4uX/zIw4XVAgIpZyM/Oy/qnCkn71s36qSkoXkEKQ481TKf/EnGkgedTw4n7lGSUL3cAfkqT/uv9Vz5Vg+loH2COkdk1LJUpAS3HsuBpKU1Q1mxBJPCrqh9znjLaSMsz3cjjHIDn+ie4Du5VdZe7ZSSGP5gSEdsKvFg6gqnH525eG3/wChu3Umm6LtTTrlfLJIeSXbFMRlk5SfRmr11JX1zsQvbTwk7Nbs780y2mVmqSCnkle7iQDK3DelrUAP93afc7lWFPaoaYBkMbQB6DCqMTP8DlJtlBarRdqkiaoldGw9vVaWG3tgILTn80ZkekYyisd5uE3A6FezsLGzSBkIyaHNDdR2woNVeKeIENOSjjHJVuohV2WgcGtJcdlCqrtDE3THu5UlRcp6nIDyG+xUcZOSe6ZGrLOdqfI7o7YE6erqak5EhaFFIOckpzXAdkk+MNpxbJyf5MQGEsBdSRoyykcQnS9sIjnDB3UOWZjCp/gU7Uh25OSo0jwO6ZLVl50xnhCcCdySnRiInZnoc5/qmB43JKZLVQRt3coMtUyQHQSmGG/UYQWevJcWx8cKtneZTkp0hLHeqFI8AJigcq61zfIJxDe6A85Yuy4JO/CjOOO6sxTn+xrud0J7jjBXXHfI7oShnlLJx2xKHkeq6SMFRi8hxQMBzwwsgJxhAdJschFLgGnKgTyaTgKlwZ7Z/oe5+SUB5IGcpGXR25VtabZ8yTWVbS2niGo5/EfZDMU5bmSbTQx0sJuNxAGBljT/AJqnvd7muExYwkRDgI19vDq6TwICWxM2CqmRFxBwss3yMrWeh8EROHOCkhuFyMBoxlcmmYxuRv7JE7To0wwjs0nhDBI4VNXV2s6Qu1VS57+ScqKYi4hxWeVmTSoNgWs8Z2pS4YAwgkJ0EPGGqwggyRkJXyejdRp3PkZBBsPKrCGnBx5cIsFNnHlU6KlIAICrKOrTp9pEjptJHl/dSmUxY0PwjGNrSMqtvV5jo6d0UbxqxulSltHyapWQd4u8VvgLiRqOwGViaieeunM0ryc8D0XaqaaqlMkr8g8eyG1uElyyc2+ydryxBjQMAIrWjPCXJwExxwiRgk8D55NAx7KukkLyd0Weoa7IH2Q6ankmdkA4KsQ05sUMDpXjbIKu6O3xxgFoXaG3lgBIBVpFDjYDhUaaqnHljKeHA4RC3Az6Igw0EYAx7qrrqxzyaeB+PUoow3FW2qhCqq3WTHFx3Pqm08TnOy5MpoCcEjspzGacYGy6FFGOTh6rUysllj4YQ0Db90UAZSjHARRETuAulGKijBJ5OsAwnE4XGpOToAHEVBThKT2TAziSSShDrPqCMOEJrSDkhFHChDqSSStLILeBJJyRQt4KOjlEOkNy4YUOSsZHkHlRZKmWbbVgJM7Ui1HcSp6po2Zuob5XSbFMxhDMu3CzTuyMUTuACSmloAyXBD8QA5dwoVZcIYBkSZP3WS21RfJohXuJuvB37Ktr71od4cGNuSqitvUsh0xv2VY6d79ieVy9T5DGYVmynTLtk6uulRIdpNj6FQjITlxPKESSlkrkztnP8jZGCisITpCScphc5PG6IIspTWTRCLfQJFawn805tO4kbKS2HSMY+6FvA+FEmRvDHdIMClmLAygFxyQEt2GyvTtkcs9FzQVILQVyZwa3hZ5SyaIaaPsi6Md0algnq5hFTs16u4VrYOl7r1FI1tJTksefqXuHRXwqprLSNe+nZJUO8x1DOFUa3Nnb8f4Oepak1iJhOkPhdWT6au5ta0PwWNPZetWXpRtFGyJlM0ADc45Wmt/TgiLXyOBIGzQNgtNRWzytLgtlVOzlnudB4aFMdsUUdq6Tp3NEkjG59wtdRW2GnDfBYBgYRWRRxMA0YXTK0DDQnqSXR6KjSxpjhIPraxpGBuPVRjNKT5DpTSS85KRc1nKrea9mEfOugnsueFnkIqS6mD8UbmwOgNGEzQ30RyzPdC0+6WkgGwegZzp/dO8P2RGgJ2AiUUTcwGknsuaWqUWjGMKPjc5UxyHu/Y3A9F3SOy6Q7nHC4eVbWAlNo5o9ksBdAyln0VpZCVrYPASwETUkTlXsDU9wMgeiHgqRjOyHgIXBILORmkJEYC6kraaJkG5pzwm6QeyOdOEE8oXyVhDPD90vD909LBVYJgCkjYKSmCmsEfBXQ3fdPwF0MzuAhJv5wN8M+i5gIwDu654Y9FWSYz0B0grmj2TyMHBTy1o7KN4IlkFp90tA5XTsml23Ctc9Eawdw1MIbhNdnKGDvjKpvBaWRHlNwUURgovyxPZZ5TUTTCmVnREwfRItKl/LH0XDSyH6WZS3ch/8G71HJCJwuZ/+XKnNoJHO82AO6MKKAjdqU7kujVR4bVXLOMFVjO2QneG88Nz+atPkoBwxdbA0cNQfyDpV/Tl7/NlQIKnO0W3qitonHGrYlWgjLeF1zBshepl6OjV9PVw/N5KwUPsiNo4x9Q4UvSPRMyR+H90mVs5ds6FXitPV1HIIU7OAF3Qxu+E7STwEvBcfwpTkzbXpoV/jBAwQ36W79iuF8/8AXsjBhcc4XRF6hC7MmmFEn6wRSHd1wxk9lM8OMbaUjoxsEG8Y6Yx/Ig+AdWcLojA7I5Lew/dMOPVUpZFyjBfiC0j0TS0FEOyYjBI0oe7ZrsIfgtH1KWWe6A8asZ2wpguTwhpa2Mcfuoz3yE4jZlSXyUzcaySUIytO8LcFRGdzywWh/wDxG4BXMUUXMoc70RhS1tTu7YBHpbPEXCQwh0ndzuFbWAGslY8PkOIIjj1C7FRn66mqmJPDQVeClp4gTLUhv+FjlDlraOF2mJpJ9SFbeClVkFG0NGKelH/NIOEx4G3zFUAP6WHhKWqrH+WP6TyhNpycOdyUG9BLTyfR3TG3/s7S/wByuCnklwXxYwjMaGbjbCZJVxgYc7GELtRor0+fyHtha0Dbj3XXPp2D+8x7KulrHSkindvhBipaqZ383hKleaK9Jnom1Fe1p0x7qNmuqNj5W/qpEdFFH5sZKPGMDA7JcrGzbXpcfkRG0byQX8j3RRE1gycZT5JQNu6jPcXHCHczSqYQ6CGQBCNQOFw08riC0Z/NPbTOBGRhVKeClXLqILW552GyaIXO3OymFjI2jKC+oibszdSMskVbXLBeEB3XdLG8uATHvkecNOlL5eWQjGfuo5E+OT6QQysA8pygS1Dj9I3R46NwySispD/SFSmmE9NNlfqmecOOVzwnnn/NWXgY7LhiHoEWRctJntlf4R7gFc8L/DhTTGPRcLWt3IwrFvTxRDELgcYSMJHZS5NAGT2UWWrp/p1bjtlRciZOFXY3w/ZMcMcrjn1Dv7huQdk5lHUOx4x5TFXkzTvjLoFrzkJpFQ44ZGSrKCihj3cMlGcWQDZoTY1CJ2pFZDTTA5kBwfVS2RxxgEN39V11Qwn7IEtU/YMOExQRms1Sj0SS4AeiZ4o4UXVK85e5EbGRgp0KsmWesk+g5fK76W5B91zRJ68podpGAF3JWiNSRjlqJy7HnSB5xq/NNLmngfulodyR+6a6RsexKPakLc2+xvmLsBpRBA8DLts+6D82SdMWMruuV/1uyphEy36D642fUcIZqRnYbJphLhnfP3XRATjbCFlqMn6F42dtKGdROUfwSN8JwDR7qt/oZswD8ycw5dhNMrRtpTA5zydLcnlC54KjXkk6W7cfquYHqhx088nbACKYhGPOkytS7NNWlnPobo900DTyUn1ELPxZKiyTuccNCRPUpdHRp8e3zIlFzRyQhunb+HdCYx7/AFUmKkBwTsVmle2dGrRbX9o1uuQ8fujsp3fiOERkHh42/dSQABgBLcmzoQpjBcgBDjt+6INLBtuukEpgiJOxVxjkNYXo4XJms8I5YGjdB1Mzu7CaoYBm8+xpc4nJXNJPJXfEgB+rf0XfFGNmpsI5MVl8IdsQj7kJ4Y0en6oJmHYITpu+E9QyYLtdFdEvLQOQmmoYzfZQTMdxuuOz68pkaznW6ucuiU6sh41boDp3YOkoOgZyu5AC0RijFOdkn2cMspJBOUjHId3d03Uu6ydt/wBVPkURUqnPsaWeoXDxwnBrj2ThA/P0q/kyXHStgATk7Lv5qW2jc4fThGjtxcQCEuV2DXToZvogZJ21Lpa4q2ZbISPdSWW0AAgYCS7jbX4ybKVkErhnCJHESr1ltH9I/VHbboOCxB8uDbX4xrtFHHGXbAZRRRTc6QArtlDFF5msBXTEfTCF2o1w8fH9FOKV+dwjtpsDOAFYGAf0Lop8/h/dLdqNK0EUVzovRLwyFZfKAkHH7p7aNo7KvlQa0RViN2eET5Zx3LVZClaD2RRGxu5xsgcw46RIqo6JzvwovyJaM+CB7qwL2NGGDJ+yXg1cvbIQqznkd/D4+1clYadrTjGE7wmjgKzNsqTgkfsnttE2QX8fZXO1LoqOhtfSKfSPRIA8NGVfMt9MB5+3KI2nt4I0MOUtXYGrQTX5Ge8GocdoyUaO31L8eTGVoW02of7vEutpZh/fb/si+cOOgUiiZbXsH8zG6K22sBBbFq/NW8gpIR/M5+6hyV0DNmbqSu4Gfxq6+wIo2DBMegD3TZI4GAEPOR2wnyPml+hpOQgilq3nzNCD5AXFPiERpkaNmjIQjOCNgFMZbJfxjlPFqgackKnZkuNFv6K3xiTsijWdiFZNoIQPoKI2jGdmKfLkZHTSf5FY2F5OcIradx3Vi2lJGzQiim0ndV8g6Oji+yu+VPoP1XRTEHOFaCFoH0/uu+C0/gU+QdHSQiVraccYRBTNIzpappgHYJGNwOP9FPkBlRFPgh/LD+kJfLgb4ClhvPGUNzQ3+8mCtTyUqYoiGFo7YTNLWnPKlF1H+OTKGaihbx2R/ISUUuAbtYxojz+aY6Oc4/lD9Un18Wf5e+EKS5kjZF8wlqP9TCCknIyW4XPlM/W7HqobrnOSQ1yH49S/fOxVfKmKkqn6yTxTULd3Sbrjn0EQ2KriHvOXE5XDTSP+gKfKgXlfhEmitpQ4kBcNxiA8vKist9Rn6FJjtkhaC4gfkiVuAZK19LAM3Kf8ITPn6rnOylNthG5GfzTxQjjYK/lyK+C+b5ZB+bqjsXFcHzTjs/IVh8k0dh+qcKQDjZT5EF/Gs9siAS4yQkGk891OFO3unCkh507q1YGtM5eyFplxnIwuanDup/gN/pGEjRQHlinyIB6OUnwQDM7u4/queKfVWH8Og/pS/h0H9IU+QNePn+yE2R/Zx/Vd8R/9RVg2mYMNDGonyjSPwj8lfytgy0E0VwlIOPVFBGNQfpUj5EF2+APVOFvb/WEcb2gHoZsi+IM7Tj7YXQTznKl/IMz9Q/RL5ED8aP8AksTPx80AEv8AUuGSn7vjUj5Bp5eufw6P1H6KfyWIfjpsB41KdiWfokI6CX+88M/kpAt7Dw1v6Jfwlp3yP0TIap+zNPxU5cuJH/hlqk7R/ou/7NWV4yGMyfZFdaAcYkx9k02qXHlnI/NOescTLZ4qXXxoA7o2gnP8lrQok3w7lc4uhmbv2KtW0VfG3EdTxxlKM9QRHabbtumx1ta7MN3h44+6v/sZ6boC6xbiMOChy9I3KLZ1Llbll8vsDAyVjX474UmPqhzADXUefyTo6yuRzbPCUv1JHl0trkhcWyUzwR6hQ5KctONOF7JHfunqnatogAefKE99N0HXt0tYI3nuBhNhdGXRis8Ns/Gf/c8TczHsuBhPC9il+H9grRqpauE+22VTVPwrqmPc+llY4dgSm7q5ezHZoLo/jyeb6CuEY7rUVvRN5p3EGmdt6A7qpls9fAcPicPXZT7XwY502QeJRwVOSDwiBxHZSjSaTpcN0M04Hp+qnx46Ep57Gh+N8bp7Z5GkFriD903wz6ful4Z/pRYaJl54Lq29SXejkErK4uHdsjshaGi+IcolxXwMdHj8HZYbw/f9k1mx+ypjI3WR9nrdu6nslwIzUtp3HjxDjKvYJ5YtMtJUk53a5rsgrw3VxtwjU11uFvlE1FVPhd3c07quTVVrpQ7PemX2tbhtQG/fClh1lusemqgYx5H1AbFeO0fxBurGhlwgZUY2yPKStPbOtbNPCHyyvid3a7sVecG6HkoTeGaC6dGSNPj2qfHfDSoTLrerGRHWROeweoVjQXeOUCWirA4EcB2dvsrFlxjnzHWwsmY7sQNkUbGmaFOq5crJAo+orVc8Ry6Y3HkO4UmexRSjxqOUAncYKr67pqy1z3SU2qF/IwcKofT9R2F+unmdPCNw0nOy2Q1bXDOfqvHVWrhF7MytoDiVhcPX1RKd9DUYLHOp5x+LON1AtnxApXOFNdaYtJ2OoLQimst4j8WhmY17t8ZWqOpjNHl9d4eUX9iLC2da33p8tbM51TT+5zstxZev7JeWtBqPlZnbCOT6s/ZeWOprvQOPiAVEA/CRnZFiitFef5khpZu2RjdGpp9Hn7/F2L0e5h9WBqZiRv6KNOyz3A+DXQeDM3/ihuBn2cF5rbLx1X07pNLMa+lH4S7OAtda+ubBd2CmuuaSbuHtwMozk2aadb5LRgv1reHW+obXwD8BOXAK5t/UFvuY+WrIzBK3ZzJBhVsducW/MWWuczO4OctKjTVZY7wrzQ59ZYhgn80AONpKv3RMVfmqoi3JGdliK2kloZDBUREYOPMFvKK5Rtbi23IyMH/De7Dgpk38Ou8JpbhTtcSMHW3/ACKgO7LMFZr5X2qQSUVS4N/p1bL0vp7ru33TFLWEU9Rj8R8rj7Lz29dD1ttc6oscviw8+C47j7FUNPXuE/y9bEaeVv8AUMfogKlFS6PoVshcdTdx2KIJAQBheUWbrC7WcAvc+ppf8RyQFvbRf6C+QtmopwTjJZncH7JeREoNFpUUrZW5jIaVWATwSaZW7dirTxCwbhN8krfM0H7hTJT4IrGxyYwQCVxznxnSQmVNLLA/xYDkHfTlcilZL5X5a4eqsmUdq7fb7vRy0NypI54pRgtkAIXk/VXwpudmZJW9OyfM0jRtSOOCz/lP27L15oI7rsm+MoXBMZG2Uej5kBZM0iRu7SQ5rhu09wVGpqy99K1gu/TFU+nkJB1tzgkf1Ac917x1b8PLJ1VK64Pb8rc/w1cQwfz9V4t1R031J0fMyK+U7vl5yRDUsGI3kc49CsOq0kNRD47FlHa0OsnTLfRNxmj2XoD47WnqIfwvqaSK21zMBj+IZc+np/6r09rfEC+JKpjJcEtGM8jsV6D8PPjTfOkHQWm9VL7haCcOEzsyRD1a7svmPnfomKg7dE8Y9f8A7T7b9Lf+JMotafyX/wDcv/ufTejTnbhCf5zuMYULpfqay9XW8XCy18NRFjcNdlzfurMxgHAC+VarST089k1ho+36HX1autWVSUl/YiHMeC07q4t19cGthlGcbAqufFnGRlBLCwgt2WGcDpRlk18NT4mODlTGYdhwP5LH0tbLCQC7ZX1NXMe1uHb4S2muyy3yAOUzJygNeXdyig53CFosJknunnSWg+iHkHuhmQsPqqSIcnhOTM36hwnQyk7OG6fHMH+UhMkYNi1ETGR7dLuUCaEkl0YH2KTXEYBUgN8o3TCpRwVNXS0lyp30FbECHAgZ7H2Xm92t9b0vWeDK10lK4/y5PQei9Wq6IVDRpIa5vBVfPS01yp32y5xAkjDXELRXY4sUUfSPWRoGGCrzPTuxwdwvHP7VP9lOk6wt03xQ+E1KW3bS6e4UVPHq+cPJexu380/utjfLXX9G3Z0Lg6Shef5c2MB3t7LY9HdbutrmRvd4lNLs5pOwXc0OvlRLMTk6/Q/L/qVn5bup47pSm31MrPHDQc+hWNkD6aR9HK3BBIwV+hn9rr+yzQ36Cq+NHwliaZ2t+YvFDTtwXnl0zWDlx/F67L4Vv9tNwppKoMEdZS/WzGC8f9RhfUfD+TjOCjJ5yfO/NeM/lxc1+Rj5mmJ2x2TmSk4GF0uMzNTm7jt6KO3LXY9F6LKXK6PDSj6ZNyfVOUfJAG6JkIoyyLwGTjwhpyZkDAhyU9MyE9QoYkeEkjwoQYzlPTGcp6hYkGTkIyDKM4UyQew5CY9JnKc/6VCEZOjOCuHlIcqBE2Bx8pyrWD6QqWI4IVxR5wMok8Mz3IlwDMjfuF6t06P/AHWzf0/yXlUW0g+4Xq3TpBtbMe3+S6GneTheV/BCpiTd2kngrds+hv2CwlPIBc2/dbphzEw+y6FfB57Wf0/4K7q2TRaXNzy0rK9MjS0e4Kv+t36LaB6tVF039DPsgk8sbTHGmZuYCI7Y491Ks4xDgeirp3eDbR75VlaD/IB/wpno5c8lrIXMpHOzg4wq58wjgHbY5Uyd+aQt9FS3WXwqRXZLBdMVKWDzfqesbU3FwYfpKlW1vh0w991TV0jZ6972jAL8fur+ENjia1vYbrPk9DVDfFQDtOSmS4xuU/gKLOcEYWO6zDPT6LT5SiSrW3/exhX8Ok1EYduMqps7WmN0hHmHdWlAddQ3P9S8f5W3OT614Oj44QiamnhwAA3bClsjIIwFymjBwPZS2RHPC+ceRnmTPp+krwkdhiPOFJijPOEooxwjsYMLjynk6sFg6wENwB+6BXtLqcnCnNYG9kCuYDTPwrhLJdyeDMO2BCiHlSHclCPdbq+Ucu17WQbq/RB91RNxq1dyrW8ygsDMKmZIGuA5XXoqxBHA1d2bcEks1gDCiVNASMhWUUesA42Uw07XMxpVWvBFDcjG1ltDTnTwq+CSW0XCC4QkgNdh4HotfV0WT9PZU9bbdsac57ZWaUsrAM6/j+5HqdhusV1oY52EZLRndW3YLyzoW5SWyr+Rmkyx58uey9SidvkLJOOGb6LPkhljZmA8jIXj/wATrU6nl+ajZ5M5K9mlaC3YLEde2c11ve/TnAK26Cz45pHP8tR8lLPIbbMS4DVjHC2lC90lM0uO/CwEeuGoDQcYOFs7FM6WIsJ4C9IeBxhl1RnMgYeCnzDwqg44QmeRzT6otQQQH90uwZEkh5cGuBGQq29AMfHWMGHjY+6nU4zFrT66lFVRHI3HCS4vs0RjuQSGVtbRMmj+oAFZ74h22S6dPF8bQXQ7u+ysOm5HZkpy7YdlbSwMmifBIAWvBaQrptdVikI1Gn+WtwPl9xw7QW7gnZNVr1NaJ7Te6mkqBuHkggYyMqsc3AzlfQNLcrq1I+b31/HY4Akl07Li0lD09D1eyIiIJJJJWQYuE4RElF2R8hqed0ZaQr+mqY6mEFh3GxHosyMNznupNLVPhlDmnHqPVbKrWuGY7qucl+WnK5p912CVszc4wiEY7roRe5ZMjlh4ZHkjB4SZNUwH6cIpcc8J5ALcHsiTwB8jzglUlyLcCYq3gq45QAx2VlpYDkEDhHpaqWI4A2CdF4NML3F8Gqa4ORmHGVRU9x4DtyrOGoY9oPqjyjoV6lSJucrhGVxp/JO/JXjJrUgSa5oIREkGBu5ESSM+mVAqLbFUsc14wT3Vu5gKCY87BLnXu6Kws89Gcorrd+mKksYS+IHfO+QvQ7H1ZbL00RQSYqGty5jv9FmZqVkzS2RgIPqFSVPTTo3GooJjHIDkYOEhQaY6q+Wnf2vg9fY/O+FIa7OV5Jbut75ZHNp7nE6eIbB2N1uLN1jaLs1oZOGvPLXHcK+js6XykHxI1AOUePY7qDDNHIMseCD6HKmRAH81DtU6uM+iQ3hdOc5C43YLqo3wuXsfkogJyhp45VjlNElnCcOUNrgAnB2/CocpBWfSEUcoQlwOEXX6oRyCDhdXBuF1QapBmpyaCF3IUDHro2XElAx4fjsuOmjaPOcJmn3XAzHdElkFoY+qaDiNjnk+gTWmsncOGj3UgAN4HK6MtOx5RlA/BP4xunB5+nCODqH3XWsbnhTogwN1DcJzYADlPaNuEUgDkp2Bb6GBgCeAG8nlClqYIG6pJA1VVVfoHHRT5JHJRRjkyz1MK+y6LmgZJwFCqrpTwNw12XFU0lZUVOxeQPQIJYQRndOjEwajX7uIEye41FRtrIb90HZ43K6GbDbhdTIxwc+dkrOZCaMFHHCGOUZpBGyYuDJOaiNdnIwU5qZNMyIannAVfUXyliYRGS53smf5Ms7Uuy1QKmqipx5jk/dUX8aqpCdIwFBqrgyP+ZUzYz2yiS3GayxYL19x1Eho2UaSUu3ccBZSv6uoaTysm3KzdZ1rV1xdT0OQ7O3uiSyc+3Vwi8I9CqrrR0gGZAq6bqeOd3h0oP3WQo7HeroRLVyGMHc5K09HaKahaNABONymxWDHPVTk+AollmIfI7ITwcDZLA3whl3OCiETscux75ARv2UN73OBwnukyDnso2o5OQjMNkxPcckZ2QHnYlFPCBI4bhQySnnoEeUMkY5T3kbqKScqGedgnE5OTsgktA+oLrnAg4PZRDk53VN4Ftth5Zuwwokh35S333VpZ7QZ3fN1jSKdp3z3SpSBfIrTaPmnCqqhphZvv3Svd58YfJUWGQs2OO6fd7sJM0VEdMbdiR3VMGZOSkzmXFbmDaBwEdmMbBN0ehQ55xEMLLOeDoafT45CzVDIWEk5PYBVE1a+Q+YcrtROZDjhBawkrDOe46ldWeBAlzs8qUxmQNk6CDUBlqnU1KQ4EhJcjbTpm3lgqenyRlqtKWmAIJGE+GmGB5VNgg34UOtRRsHQxAAeXhScDCe1mG8KuutyioIi5+D7KnLBpe2tZYG7XKCiiMsjt8YA7lYSrq5KuYyP4J2CPVVs9bO6aZ2QfpHoFG0A7jZKk8nK1V26XA0AYSAw3ZcALjgJ7vKN+ykVkwyfA0YA1E7KJUTsIw0gldq6hzm6GnHqlQUvjS+Zv5ozK+WDho31Dxzg91oqWlaxjQ1mMfulSUjG4GnYfurEMbpAAUH1wGRMa0cJ75WRNLnHATtmDJKqqyrE7yyM8bEpsa9xd98aIZY2vrTMPCp3YPcoUcY2zsfVdjpznVhSGxEYOn91vpoxyect1MrZNsdHHgjbAUlo4OExvZGbggbLdCG0y2PJ0DAwjAYQ2ohOE2KyKGpyWcJhIHKPKIdTF0jCcjDGgHKM0YGCkGgHICeoQWAupJKEEuE4GUiQOUCoqPCacFU5bQUskjXjnZQpq0vcWR8BRZaieY6dW3snRx6Rvys9lmQ1E67Ljlx3XNWBwk4hoJJUV0owSAsk5e2MjBvokeK31CiVVUyJupwwoNRc42ZBO/3VJV18kxwXEj7rnanWwqWUa6tM5fkiyuF3j0Fkbt+NlRTyl25zumOy45JSIyuJbrJ3PLOjXRGCBk5OVxPXRysr5eR8YjMFPDSURrMjYZRdGPwqh8KXICIicbcqTFCQRsiMgLiDhSdLQPpGyHcb6NPjsCImgDASOB+ScZN+EHJSJzZ0I0prgT352Q9PuiYONgrK0dP3C8TR08MR1ycD2Qcs1afTO2W1IqNJcMtOVv8Ao/4UXS+COouUXhQkglp5PsvSvh98FYqYwXC5QhobuGEZyfVetU9pp6NgjhhYGjjATK4ZeT13i/p9J/JqF/gyfTfR1DZ6eOnpKKOMMH1Bq1VHQgEeTlWMNOMAaRgI8ehnbhaYxUT2FWkhFJRWEdpaKGMag0Z75TzIGfQACmuc4jS3YLjYCeTymm6utRXA0vke7nZODHDGyIIfDxqSfIAMacoJSwG3gY+SOMYccKFK98p2Cc5j5ZNTjlSmRgbaUDZUpZPn1JJJdy1fo/Ewk3T7pySSQYkkkiIJMc1PSUIDICYQcoiWAoQHgppGUUgIZ5VkEuE4XUkQYlw910nAyVDnqMnAGygcU0EJGeQmZHqo+Hu33T9D/VQND8lLBXQDlPDduEpyx0EMAOU8AYS2CWoKk8kEQEM8pySCU9pe1vpDGtIOSEUAYSwEjwk/NH2Mho77X9sWIgIRaSSQE/B1JwCB6mCN9XhNVP0CDSOyRa48DJUjSPRIAA5wkz1SfRsr+n7/AOpkXwakcRgonyzgB4mMlTWl2MZSc3VykS1kl+Juq+nf+dkQUrfxDbunfKW4ckl32RNPukGDKTLUWS9nRp8FRX+SG+DTg4azK5pHZqkBgxlc1NG2EPyyfZ0qvHaerpANI9F0DHCLq9ktSrezXGmuPSBJgbk4R9PuueH7qZGqK9AwzvhLYBP0O9E3wzlQds4yMLsfhSOXjOEYMZjC5lreypvBEl7ABpGRhOEI7jn3T3SN/pTHT7YCB5kR2V1nfCal5ByUIyoIcTwVW1tC3qk/xJJlpxnzboDpgQcDZMLQVzA9UOwW9RNjXOflNL3HujFrd1He7RklWq2xbta5kJc8yZ8xG3cnCYawYxhHGiTFS1lUe2EyB3THzxR/U5BJdI4BucosNolnIMu33R7Ix/Jg/wAp2cwQCSsa4Yi3KGyKsqvLjAVsy2UdMQZJoh7ZQ6ivpoSGU7SSNsjhA5x6Qa+Sf5EaK1vbh0m/sjfL0kOCX6SFHkr6mTbXsfZAllLgNRygchsaye6ugiaQxxcVDmuFQ8EA4CjYOc4XHODRl2yGU8DlVkQc6R2XD909jGt/CFFlro2HDN0J9dM7Hh7JUrcjoUYJzpGxDJUWSvi/C7BCBiqn3O6fFSEEEjCzuw1QpfoYampkOGk4SFNLI4GUbKY2JrO2crr8MAyq+VmmqiPsbFRxMaMNAPKe4ho9MIUsxGMIWuWXZxQbzRsilwEdO3hx37ILnyuOI+E4Q5IJRsNY0EhU5YLa55Ashmd9YRmxCMjP5IUlwhiGkHdQZq+SXh2PRXktNei2dLDC3zHCgT10hOIjjKCyGsmI/FlWNJbD9Uzd0MrEg1VOf4FePnHnfzZUqKhdtkY91Zx0ZbgNaAFKZTYxkIXYaa9J/wA5WR25pALhuEZtKQMBuArNsLcfSumNobsEr5mao6eMOUV4pO5G6d8uBwMe6K+RgJ3QpKqJrSXHCZGTYqySiDMTQd8Ib2Abhqi1FcC7EecoA+el9gfzWiPJhssj0uw1RPFGd1CkqHPIDGcqYKR5+sglFZSxDdwT4x3HNucvfBX+FM/Ae3Yp8dsp2YeRuprnMZsBkKPNOewxhOUDn3L9jmRxxjbAwhyzt9tvdRJa0R/3sgH2VbUXRmT4WT7psYYOdZqK6y3lqSOAoU1aCMSS59lVyVtXMcA4BTPDkcfPvlOUUYLtapcRJ4qyTsRgp7JvNkqJDTOJGf8ANWMVOWgFEoozOUrOgsXnxtwjaUNrQ0YynPkwNt8pkZJEjFvsQaGjJOEySqhbs12CmubK47AnKfHRtJ1PG4R/Kgtjb4QLx53nDT5V3wXyDDiprYWMwA3hcdJGw4IQysz0MVWAcVK1jcEfmjeC04wE0Sh4OgEkLgFTIdOnSPXCBzwOhX+kdcWs2zwhuqwP7p26M23yvOTnB5UmO3QN3fgJUrkh8NNOZWmomkGnP6BGipJ5gC0ZU97rfTjfBIUaovMYbppmAY9EmWqxwbavHN/kObbABqnHCc6Wip24aBkKqkrq6pPlOAgmJ7iHSOJKzz1LaN1WghEnS12Noxsoj5JpPqOco0dO7AyP3UlkIGPKFldkpdmyGmiV8cDnHOFLipsEEhSBE0cNwiNZ2GyBc8j41YBtha0YCKGHCJoABJ3QzVRs+s4RDsRgjqcZG+oUKouEOQAd1EdUOftlNjHJjt1MYdFo+oj7uCjyVjwP5ZwoI1O3KM2MkA4TYxwYbdXOX4s66oqHkefC7mR2ziuDwmHD34SdURHaPfC0wiYrLc/kx2nBG6eAO7gFHLyf/mrga93ZPUUYLZ+kHc4Y5CEeU0NJ9UVsJeMhFnAprIzOV3VgcJ3hlI0zn47K5TwXGmUukBLym5d6KWyhccKZFbjtsB7oflNMNFOfoqWRvcfp5UmKkecZGArqG2jA8imxW47ANwhduTpafxb7kikZbyRu1So7dvnBCvY7Zlv0j9VKjtpH4UHyYOjX45f8pRR20AcI8VuaCMhXjaPSNmLoiDTwkWWm2Gi2eiuFshxnByntpNJ2bsrDS3sm4zthB8rZpjSokQU7QE3wcHhTPAJOcJ7abJ2G6GVmDQqE+iGIPZdFKAcqcKZ/oiiin7DlJc2xq0uekV3gADGBx6ITYRlW7Le8uAfgBSW09JFgyNAKp24Hx0iXaKRtIX/S3KO23TnhvKt8U5wIW8J/iS48rAglaH/Fg+0VQs8jvrajRWinjGqUgeynAVkh+oNA9Vz5LW7Mr9X2Kv5hsdLF/iuSKY7fDsGgk+y5GdOfDjx6KxZQU4GSz800iKPGAMfdLldyEtI4+iD/AL0848Pbsu/Kzvx4x2KmOkyP5e/5IMkdZL9ALUDuQf8AHS7QI0EP1PyMBAdJRwDyAEhS22qd5zPUSY9AUQW+miwWMOfUqfMvQP8AFk+SqdWVbDpposgppguVYPO8sCuRCGDyMAXSHNVfKEtGn2ylZZGnead7z6FFZbKZhyG7hWnh52yh6D6qK1vsZHS1ojNpWsGGNACdoHopjYXHfCQp3ZyMK3ZgP4EvRC8MnIXPlpBu7bKsBDpRHRF+Bwp8jKdS/RWCAf04RBEOdKsBTDu4A+6ZNJDTbvkYfsUPypFOuJCbFjbCeIC7AwfuhzXWBu0bNR9AVEkude4YY3SOxwp8yFtRXGCc6Es+rZDM9NEMulGyrnvrpd5Jue2EL5Zrt5iT+av5MgNP0TZrxQM2DzlQ33t7xiIZA7lAkFBF9WMqO+shA/lx6vsp8gqVbfbCSVFwnP8ALQyyrB/3g5yhNluUmflaGbHrhTG2i7VEYdPK1mr8JO4RfKKlCXpEJxHOpNbM07K4i6eYQPHm1HvgKTFZ6CH6WKfKgP49k+yhjje8nS3J+ydHb6iU+ZuxWi0UrG6WNbsk6bSMtaEXyB/xkvyKeOxPdgubj3UhlsjafN27ZUo1s24ygmoceQic8BfHCPSHiipQNwMrogp28NA+xQfEJ3Tc5G5KpzwBhLkk5YNgAhF4zwhZPcpameqL5WU3kNrb6BMLgUMuA21ILiN87/mp8jAbSDl/uFzWP6goZdvyuZ90UZti3YTfEH9YTg9p7qDk+qZqPqmbkDvf6LPWznUF35mAfi3VdrJ7pDZVlFKbRYfNNynCrgPfdQN/dO2224V5DjY2WAqMnYbIzX7bKs8XAwNimB85OBJt6KZQeWWnjj1S8f0KgiOcjJwfzTtJ47/dTKJkmfMD1SE4JxkKF4c39I/VLwp/6f3V5RRYeID+IJzXZOxVcBODuwY+6KM43RbkTJYtLNjlFbodhuQCqsOf2JTtT+MlTcGnjsuGU0b8EOA/NFFtdIB4ZH3VN472cPKIy5VUZy15VuX7C3Vr8kW4s1Sfp3/JEdaq9rQTCcBV8V/rowPPlTYOraqM5lYHj0KrKJ/oT7OOpKhpw6FcFJC4/wC8QqfF1dRS/wB9SgYUuHqGxzHDowD3yEUZpBPTaef4tf8AUpn2m3yjZrR/4UE9LUhOWTNGfZaJrrDVSHRUBhPYnZHFppeYKtpynxvkuEZb/FU3cNJmTlsFXTN10U41DtkpQu6jiAzI4gcbrVSW6dpHht1rjoqyEDNLkeqfDUNdnKu+nKpcr7f8FL/tLNGwRVlCXPGxOnlDZdrLUHNTaST9hurtrqJxxVwDP/KoptFjqpCS4jPbPC0x1WDk6j6am/wln/JWVPTnSd1Y6Zg8Nz+2MFpVNV/DehnjxQ1rGu9XHC08nR73O10le8MPGDuq+ay3+llLQXStHHutNerz7wcLWeAvhw4Z/wAGNrvh5cqTeN0c4POg5KpKqwXKn3fRyAf8pXpwq6ygx85STNb/AF42CcbnT1IDZZWAf4k9ajPZw9R4ydfG1o8gkpp4TiWMtQxDqOcr12S222v/AL2nhc31aN1WV3Rdvmi/3fyP5BTdykc2eltj6PNnMI7JrmkY2W0l6Fq2j+UWuP3VLVdO3CGUxuhO3fCZtyIdVntFMSPT909uApMlC+MkTxkY9kEsDdhwhlDHQtraGpK6sopBJS1D43D0Oy1FB1vWQMb83EJcckHBWRDd0VvBCpJjI6icOmeoWzq2z3ANbHUhk3dkm36FXLJxKMtJIPovEwNJyNirK29T3u1OHgVJdGPwvOVT4NleukuJnplystBWtPiwNa/+oDBVIbNd7a/xrdVOLG8DKZafiHRVpbDcY/Ak41ditPBV09S3VTzNkB/pKYuOh61MJogW/rWtgIp7nGfLsSQrxtTbbpH4sABd7chVVTa4KnU7SA4+yo32y4W6QzUcj2YPAOybC1pibao28m6obhV22Tyvc+Luxx7Ky+Ys93GJWCKTvnYhYqg6rG0F0h0kbawFdwvoqseJTStdnsDutULs9nC1fi42PdFGpttTdLIdVprZHsH4C7UFpLX18yQiC+UBjzsXNGQvOmzVtMQ+kqCwj13BVky8u0D5mFjndyBymppnn9T4yyLzg9LipbJcD8xb5WAu4DTgo8dNV0xLRO71y4ZIXm1JX2yZ/krpqWXtodp3WopL11XaoWufHHc6Mb62HVNj/wC9ciaOXbp3X2auK4zwOaKlo8Pgv7IF56bs/UsAd5Wyt3ZKzkH3XbN1b03ex8v4zYqjh8UrdJB+xU+a0hp8aglLDzhp2P5KjLyjzytsvUvTkjjI356j/wAPICHbrox0vi26pME7N3NY7BH3C9Ihq2vaaeqADxsQ4bFZ6+dAUNxPz9ucaWqYch0ZwHezksvdnstrD8QCHNor45rcjDZD3/NbSKYOaJYnBzHDII4wvBJ31dBO+09RUwBccMlx5D9irCg6s6h6TczR/vlqbxg5cweihUqdyyj27xwSBt+q5LTNlGw0n1Cztj6ltfUFKyst9W1xcN2k7tPorymrtJDZnAqGacXFjf8AeKd4E2HRngjkfdEcRIBpcFIEkUoxjITJKZmMx7KZKBMGCiVFLSXCnNPW0rJozyHDKH5GHEhI/JEY8b4GQqnFSRcZOLyjxrrr4ISQ+Nd+lZxpyXfJY/ZoXkMkb43up6qMxysOlzSMEFfZcb89lkuvPhlYet6cOlYylr4946ljBn7O4yFjnSmdHTa/ZxNnzf09frv0ncW3WyVJhmac5aSMr6O+G3xssnVkjbZeGfw6vDBlznAslP8Ah439l86dVdIX3pKpdDdIvCjBIjlcSY5B6td3CpI6gsIcSQ4bhwP+RXk/O+B0/kYtSSUn7SPpH019Xazw090Hur/ufeb4gCNsoLox6L57+GXx3rLY+O0dWTCoo2gMjmziRg+x+r9Qvoajrrfc6WKuttW2ogkaHMe3ggr4t5bwOp8ZbstXH79M/SPg/qXRea06tofP6/RHkicBkBOo610LtOnOFMkjGACMqLJAcamt5XBnDHZ6OM0y4o7kJMAkK0jla9uc8rGNkfA8YzhW1HcsgBxS2sBGhBz3ScMhQ4KoPAUpsgKhY1rnRuBAR2SB3PKa0BwOQgkEHOP3QdkJEsZIy3lBjmcw6ZXZ9EWGUEaSF2SIS/TgH1QkHNmDuAmVNK2cZGzxwVGjlkgm8GcYHYjhTWyhwym5BlHgraikg6gpH2m7RNeMEMdjcH1C8mv9srui7q6kma59M7dj/Ze0zQh7ctGHjcEbbqDX0ND1HRvtV2iaZAN9tz6EFaK7XBin9pmOhOtv4e8RyPElNMNL2O3BHcEL50/thf2WhZ3yfFn4Y0QmtFSC+40cLfNTO/rAH4dzleodSWK7dD3Y0tQxxpHOzDLnIPsfRbz4edfQxxus15DKiiqW+G9sm7S07br0XjNfKiW5HH8h49WL5YLn2fktdLfFHK6WNuhzvrbxuqSWIxOBA/dfZ/8Aa9/sqTdHyP8AiL8O6N03Tk5dJVU8YyaQn8TQP+F/kvjqpZgnUNxyvqvjtbHUUJo+W+Y8a6ZuaWERWjISa85TDjOAn5K6cZ4R5hoOOEjwhjlPzthFGfPIvA0OOpHH0qP+P7qQD5VpTyLYw8pPSPKT1CDWoiG1EUII8IRGSinhBfwQhlHJBMOcLr0NmziEZwy1UW1gipDZdPK4jLDxnSre3nLMnsFUNVvb/wC7/JWhNnWSaw+bI9l6l0y7Nsbn0H+S8tZyvTumzm2swt+mOB5T8EEhJFzZ/wAy3sO8TB7BYLGLmzH9S29MR4bd+y6dR57WLO3/AAUnXj8ULG+oVX039LPsFP67kApWe6g9NAlrPyQPmTRorX/yxrbgf90ZHngq2tRxA0ewVDcMmNrPfKu7aM07PsExdYObOOCfVACnO6zfUMwjoxvyCFoawf7sTnhY3qufFEBnsf8AJDb0TTwbtRgWnXVnb8a0LA4ELPUb9Uzds5K0wGwIWSbwes0NCssWfQQfSoc/1BTOBhRZtnhczUWHttFplvRbWkYpnZU+0kGqZg53US3tAt0hxgovT5JuDAeMrxnlLOz6h4qpRUEehUwyQD6KdG3P5qLSgl2R2U5jSBwvnusnmTPommjwgsTPZGY0jslG3GwCM1mrG2Fy92WdKMTnbGMIMkeY3McMggqWY8YOEpIxpx7JkXyFOCksGIkGl7x6FRZX6WEkbBSqx2ioeOfMVRdT1go7RLLnC6mkh8klE85rrI1KTl6IdzmbM3UzBDRyqYyuBzjKkU1Q2ooGuBzkZyozwN/ZekjVtjtPJvVK6W9F/b5NdOwkK0pm625VBa5h4AbjhXtumA5XL1TaltOvpZb4pg6qlBOzeyq6ulLhsNlqHxCRoOnsVEkojxjlYnPk2OncsGKq45KJ7JogdTXZyvS+lLsy5UMZc7+Y1uDvysvX2rWPoG/uoXT1ZLabkYJCQzUhlLcBCDr4PVD5goNypRPSvhc3IcCp9JPHNE2RhDg5uV2aMO7KVWfG8laiHy17T5sutBNQ3WogmZh0byfuFNsFY4VWguw3GCrv4i2yelvT55B5JRsVkaGQwVJa4bjj3XqaJ761I8FqtP8AHY0egHJiyOcbIkAMsB1bkKJbX64fDcckjIypNIdMpidyrk8GZLA+hmy90JP2CsoiHAxn6XBVj2+BWAgY1KfFJpe0EbFApZNVfRnHPfar0xx2ie7BH3WtbvuBtyqPqCi8dmtgw5u+VPsVZ41E0SbvjGkpM+xuDzX4w2J7aiG8xMGlw0P/ANF5ngr6H67tBvNgmiY3L4vOB9l8/StaCWjsSF6/w+ozXtZ4Pz+mVNvyRXDIZBHK61Pcx2r2QyCOV3u0cCMsjE5qWn3XUSQW5D0kkkRYkkklCAsp0btJBTF0bI+gGsl1bqsjDXK3Dst1LLxSGM5BV1QVrpWhj+F0dNdlbWc+6tqWUS84PCe1dDQRkDlcAwtqRmY4tBTTGMcIidgKwd+1kRzpIzsMqXSXGSPGQuaAeVGmh1DbZWngOFuHwX1NdWOx4jwCp8VS14y0g59FicVETgWAkKfS3N8OBISjVq9nQq1TXEjWZB7pKqpbrTygAv3VlA9kuSCEWU+jbG6MvZ1cxlFAIJBS1eymMmmOe0CbGD+SY9gwpGr2TXeZVtI+eytqaKKo/vGAqnqum3McZ6CYxSc7HC0rmAEFOfGNP2S5U7gOujN27qi/2OQR1YfIwbZ5WqsvxIpZpvCqg6PHc8KG6kD86mBVdZ05S1J1sHhP9WpcqWjRTqran2eqUF/pKtrSyVrgeC0q1bMHYIwc+i8HMV7s8gdBK50Y4LSr22db3Cl8NtSSfug2s7Gm8p/zs9hDgU9YC3dcsllw7jHYrT03UVDOwOL8E9lWTtU6+t+y6bn1Rm5GVXxXCCQZadipIkD9wodGvWRl0TNQ7rrSM7FRw/A3KQe0nYqGuF2SeCMcruQooJxyU9p35UHxnuJeD2KTXHPKYx4wnOICjWB0ZZJDSNI3CdkeoUfKdg+qg0Mkh4HqugYUwyN4DJIBqY2AkkDCh1N9pYhiNpkPoEe1iJXxj2XGfRMfI1gLnu0hZqe+3GaPRSQmPVzlR5KWtqxqra6U6uzHYRxiZrNdFcI0FX1DbKRu0pe88BoVTP1Hc6k4pKbEZ4c9vKjw0kEIAYwH3O5KkncAdgmwRz7dVOfsj5rJiH1RyT2BR2U/fACe1pcRsSEYuEbd0SM857uwXhuaBhEjj34XPmoW7POEB9xLSRFTyP8AcBMRlnhE8M2QyWN+p4ChE1k+75XRA8NBVZc+obFZcx3O4xiUcNDtymGW/VRqX3F1LVxNHkdkqJPXTtGW5YB3wsJWfFOGQS01otj5iOHkZBVPLfOqLxGZJ6z5WN3IHZHCOTlXeRh6N3XXunjz41Y07YO6o6zqe3RM1QOL3ewWFqflqd+qprvmXO7Ndlco6HqC6VAhoqAwQfgdLtlN2mC3XuXSLur60q2u/kuawe5VHPeLrdqr5ejc+WVx2Gdlqbb8Oovru8wl1csbnZaijstutkbYqWHyt4BTFFsxyU7397aMJRdB3CtLZLtMYyd8MctZbunLdaw3woGFw5JG6uk14Dts8JsY4IoRgM2DccY90JzjgnlddyRlBcTumAWSS6BySEE90FzzlPLtZwUEtLVDLZZlDST24TeN0Q6AOcoDnAbqGOTyDkk7YUd59E+SYcYQHHKhknMa55UWV4JwiSygDHsoEkh9MqGeTyEc/Tz3UZ7sZ04JPZdc8v2A+yuLPYCB87ciImjdoPdKnIB2RXYyzWgvd83cv5MLfM0H8SJdrz8yDT0nkiG23dcvV1NY/wACF2I2bbcKqAxn3S2w4feNDDyTuu6fdOQpJhH2yslszpUUpCmnZTs1PP2VXNOZHZHHZEnL5ZNTjn0HohCJ2cZWCduTr0U5GtaTwpNPBkg4ToaYnBwp9NDg8JEnuZ1KaMHIafGNv3VlDTYAJC5DT4xlqsoYsNadP7pZ0aasAooCMZb+6lsYGjGEmsDeFypqI6WIyPOMDj1R9GrbgFcbhBbqczTO+w7krAXG4T3Od0j3ENzsPREu1zqLpVOLnHQDgDthRQ0MGwSpSyc3U3OWYoHjCaG5Ce5pcQMJxwwZ05VJHNnlrINrQwElQ6qfy6WgJ9VUHcNCix080zsAc90xLJksm28HaaB9VNsNhuVfUNCIsHHCbb6Hw2taxmMDJJ7q1DA0AYwU1VjKq88sUUII2XXvbF3G646bQNuQqipqjO8taTgJiryXdZGmOWduFxdUP+Xps4H1OTaSF3Lh+6bDDpdktByp0QAxtha6q+Tg6jUSs7HBjQMYRMBIcJ63xikjA2MRWroaV0DKbtKHtXcj1TXEYQiTnlVnAAR5J2ahEEIjRsMhEawDOypZbIDb32RRylpwugY7pgY8cLq4NkiQOUTeCHUtvVCmlEY37qqqK+UvLYBn3SLL1HgJRb6JdfXxwu8Njsn2UKN08+HSHY8LtPTNf/NlAc/uUfU2MZws0rZSZaW05oGx4KTpA0HG6j1VW2MEu2AVJXXYO8sTv3We7VRpjmRpqolZ0WdVcYYQdbhwqKtuvinRC7ZQqqofKcu3KjjuuJqfIOyOIs6Fen2cs7LK6V2pxQsnhP8AyTFyXl9mqCEkkuhpJwq4GpMTUWOIk7hKOMjchSmNACpvBppqb5Y1ke24Ri0NwVxPHKW554OlVVgfGdsY2TiBslgADHddbETykuRshWkDDSdgEmQOftj/ANVPoqCeonbFCzUTsfZev/D74N1tXJHcbs1ggODocOR91FHLOxoPG26yW2CMH0X8OLt1FPG6GElrj3GwHqvonpH4a2jp2nbPIxslXt5gPp9lo7Va6GxUbaK3w6Iwc/spgdlpOFohXjs97oPEVaXGVkEBpIbnb0RG42JTMFzkVkZxhOUVFHZjWO1NxiPclIQy8uGAUengxklqNkO2xwhTwxyWAUMQPO+F3RpBx2RWjAxlDLcclEECkcXn0wmFurZP1YJGOF1zg0bnhBKO4XOSXI0Qkb4z9lUdSdX2npqmbLI7XUH6WtPCperPiDDb2GhtDy+rd5Q4fS37ledywGsnNbcHGeofu5xdkfkiVeThazye2e2srkkkl2z8iiSSSVYIJMT0xUQSSSShBiSSShBIYce4RCcKNJMGggDKgcY5C4Hqo09WyHbO6BI+V58pwkyBp3kGT91MhqIN9RVTOGgYaiMjOxPKI3DeG4TXPDchQIfpaB2XNY9FFc/JzlLxFT5CQfxR2auePMRjIwoxkyeF0SDO42SJPAxQyHLid+U8Ek4yhNOUQfVhY7bJf0nX02kqktz7HhnsuhmDwutcMLqwzsnJ8s7dNVUUlgcOMJJZC6ltt9nSq2xXBzASXUlWDaprA7WUg/HZLQVzQVWM8ET5HiTfhLxD/SuAAHOMImpgbnKXKLQ3dtOYKbk+i46oiBwQu/MwAfUiUGylOMeWwre+yWPdRzXxZwChy1ZcBp2/JE62iv5FaJBBH4v2Tcj+pQjNUH8aXiOxvuq+MGWqiuiZkDuP1XdYG+Rt7qJk85P6pvie6bClyAetUSWZ9uEwzZ/Co+r3QzPj8KY6G+jNb5SMeGyUZCd8IZlJOFGNQcHYIRnJ/CqWnmzn3eahD2SzJ6kfquGQex/NQTJvvlcMvof3ROhr0ZV5pSZOD2k4ThlQDKTxshmrqGbAhFHT7hn/ABmMFyWRPdCkqI49y4KuM9TLsJP2T4LfWT/UMg+6N0Vw/MFeYnfxWuQstwY4YiOSoplnrHafRW9PaKGnbrqpB9k6a42ulH+6w6nN2ylWTrisQHR+azm6eEVsVpq5naiMfdTBQUVK0fMy5eOWgKHUX2pkOlrdIKgPfJKdbySfussrJv2bao1L8eS8NwtsGfCheTjkhQJ7pPMSAcN7KC4H+pJp2Jwl5z2bK1npBXOLzlxyUxNM2M+XhD+YwdxgJM5KLN9VbZJQJJWs5cgz1pxiI7qORI/nZJlbk3QqfokSVxbtEVFfPNNsd1IjpC4A+qkRUzWEbZKVKz0zTXp5eyAyje92SOVMio2x4JUpxZGBhgQpZm4ycjCW5M0xo28jmRtYMNCY5zGjt+qjPqzu2N6il7sklxSm2HF7eEiZJUnsgGV7zknhDa7PKUjg1uSiDClw7kJGVjCO6r3zEFNYyepdhjSfyVFN+l2S6ivDB5SFDdVVdSdDXbfZWNL0/LPh8w2Ct4KGmowC1jSeN0Mp7TRHTSl+SKGms1VO7W/hWcFrp6cDIy5WelzsaG4ypEFuIw+UJUrc8G2jRxXorYafQQGMwCp7aTy5P+altp2t2DdkXSB2QOTfZshSorgiNiDSDj8k8gHAA4TpJ4YgdR7Kvnr8bQlXGW4qSwTHuZH9bsKFVV0TWYa/lQqipkeRrOcpkdJJI4aQmxhkzzs9HH1Mj3eVvKb4E0pBkGFYMoQwA6RldcBGMublPjAx2/cRoqKLGp4Ce0NYNsJslRoBCgzV8cQPiFaYQycy+2FXZLkkDTsFFnqQG+bACqqi8lxIgVXK+qqD5pTj0WqMTi6nXxjPCLaqukMeQHZPsqmorquo2Y7A7JNp3dx+6kNphjOkJpybr7bZZyVvgVUjgZnZCMykOAccKcIhnBH7orYQPw/umGV1OfZBEbWbFvKK1nHl4UvwAeRwnt8KL6sInLIK0zzlg4ocYwN0ZznAAOaBj3THSyE6YQMIsdIZceICSfdDuwPhp5PiIIPBOFIEJ2JRm27bU2L9SutjlB0yYx2whdjRohorPaGtZpCbl5OzFKbCTvhOMbWDLgEDuxya69BJ9kQsqHEY8oRYqF0hBcMkd0R1bRwDD35KiyXoDIpwkvUo1w0MY9lhHRsYBqwNK7JV0FO0F84yOyopq6rn/FpB91GLHuJc4ZJ33S5ag0x0sP0W9TfmR+WkGR3JUGW4VVVs4kD2UZtPupUEXDWtWeV+TVXpYtfagbmOd9RJ+5RIoFNit1RNg6MBSW0kcO734PolSm2aYaVrsrmUzyQGDZTYqVg3e3dGBaNmhOfgDcqZyO+FLgHojHATxE0cNQ3EZTXTgDCgMoKI/S0fjCHJLHHy4KJUVrGAnf2Va+aSY6co4xyZ527Oiyqrh2iOVCfOZMF6bFQVDyHAZCmNpWQNDpwnRjjsz2XOXZEjaX/hUqOmYAHOQ5a2ng8sIwf1UWSaqnI0nYp0I5MF0k+uyXNNBF3wVGfWyOOGDZdbTOkILzkqZDbZJMCNoTlDkyyU58RRAkLpCNXKkQ02rHZXlB05I5wfJHkK9hscLQ0CLP5LRFJdkhobbX9xlILZNNgxhWVPYpjpL27fZaeOiZC0NbGAnBpZg4/JSU0lg6Ffj4V/kipZZadrQXtGfsolbQwx4bEAFczz6vK1u+FDNFV1Ds+HgJe4f/CjL8YlDJBoIyEamg1HYbrQ0ljJOZ2/srWGy07ACGgEeyCU8D6fGzXSMzBbnncswFYQWvceXC0DbewYaADhHbb9ONLQgdh0q/HuP5IpY7bpxtlTI6AMAIb+6sPlS0jZSPDbGzLhgJU7MGuGnjX2VzKYNGMIuhrBuOEyruVPCPJu72UJle+odpdwh3Nh/auIkiR7W7AIJbr3GwKkxUTpMOPf3UttAANwlyngYqJT5aK1lOTgo0dLnbCsBTRsGw3XCP8AAl/KPr0y9kQUeBvx6I3yzGgaWIjm5c0on1AYGT90E7GOjp4p8EcRNCTcgZ/ZS201Q7cR7I8NBjeTGfbss8r8GuvTT9dFe5r3kBrU5tFLIRqw0eqtm08bfwBLSBtlLd+TQtKn+RXikDBjGU8U5z5W5U4xEkHlOEDiMAJUrshx0sUQ/BxgEJhGgfy2b/dWHyzn42RGUjicYwhd2A46R9xKhtPV1DsatDUZtrizqeST33Vu2m2zsEx7AxB8zHw0y7l2QRSwx40M3XTHv6eiOd+AhvZK/wArI8qOzcX8ajxEFIAcHKjyAEA91NZQVDjlw2Tm0MIPByo57Rc6JS5K0scfpalHS1Uh82MK3bTsaMhoSDQNgi+VgfAl2VnyZ/F/mitpI2jLm5wpbm+6Y5zW8uRKeQvjS6RF8MAkaUg0YJ9E6WpjJ0sH3UOeZ7sBpwFN+ewJQ/QSWWGL63Ywoc1xyNNPuV10UcuPFdkoThTQcc/dT5Bbo3ESapr5DsCAheBI4gzd/dSp3vONLfZBFHVzfUCQhlZkD+O/0Ce2jg8zwM/dDkuMBAbDklWEdgc86nsz+SnMs9JEAC0E/ZVvB/jTf9jMv/iU+8MWye2yVcwBnqC3PZpwtSyFkYw1oH5LkkbecI424LWkzxIzzemqM4MrpHk+rlY09tpadgDIm4HfG6nBjRlAcQARlX8gEtPGHQ3WGAhjQ0eyEZMkpPlGcIRdlT5QFBR6Hlx9UJz8tKa4nBQCTnkpikLlBoT5MO2S16humvz2Ca5jncbJqkhM4tsTnDc5Cj+MAeE7wXE+uU35U85TMiNrOmcY+lB+YfnhE8I+q54KmRUojPEPomlz8H0RC1gzt+6GS0AqwJJIZrfnGVwlxGF3U3PskaunaMY3Vp4FNexml2cpwYTzsgvqm4OkdlFdXzkkcKKYqU1Esgxo3dwuPfRsGz/uqt1RUO5kQCHE5TMgO39Fo+tpWnylAku0LR5QSVXEEcphbggq8syzum+iabzPwG4H3S/iNQ4ZB5UQgHC7kqZEudiechjWVOfrS+cqP6ygEpofnsplhq6wm/PVH/e/uufOz/8AeKFrK4XEqZL+awn/AMRqP+8/dPFwnP8Axf3VVkk8p4BPdE8or55/ssxc587vH6ozbrMAPMP1VPg+qW4HKvLJ8817Ltt5mGM4/VGZeX7asLOmQjuVzxX+p/VTLC/mSRq2XikGBI/BKltr7c/GJ1itYPKZ4imWHHW47PQY5aOX6akHPZSBTsduHA/mvOBUSN3bI4Ee6dFdK6IktqHbe6mWPWvrX5I9GbS6uGJk1P6NCw9P1ZdKfH84uA7EqUzr+uLgJIY9u4CikwlrdLPs1Qgc48kEIzZKumIMM7m4/wARVFF1/b3AePSYd3IUtnWdimHDmn7Jis9DlqdN/RLBewX+7QEZnJx7qyg6zrIgPHi8QD1Wajutsla2QVcYDuMndSG1NDKAGTt39CmKQyNzl+MkzXQdYWqVgNTCyN/cFqkRVFgr5MxSta8jJGcBYl9E2TBAH3Q30bozhriD7IlML5NvfJ6Gy3Z/uK4tbyN014vcDtIMcrR9LvVYiCsvEDAyGoc5o4BOVKp+qrvSvb8xGXs423T4ywKcovtYNgbi0ARXK3ksdtkDUPzUWak6WrniOWAs/LSquPrGnnZmQ4zsQQpVPdLbXfy3Oi/PAwmq5oTOuiz8kmMquiY5H+JZa8sAGdLnKBPYuoqJhL4PmN8Dw+VfMp6Z2BDUkY3wHI+LhH54ajXj8LiVpjqGcjU+E0t73LgxjKyNj/CqjJBIOWvBBR8ySgOhayYexBIWndJQVMg/jFtDhxraN1BqOn7W+Qy2Oskppc5DXOwCtUNThHC1n08o/wC2ZurihDNFwtw0O76eFVVVmsVUzRG10Z9VsZqHqGli8SsiirIiN2gZIHqq2U2auaIamIUrh/hIKfHUKT5PNarwVueDIT9JMdHmhqWuf/S5VtT07dqSPxZacub/AIN1uJuk6vR41rqPEwM5a7KrJJ7tQfya2N4A2yQcJ2+Ho4Go0d2lbdkXgw0sbm/U0j7hMDwdsLayVNDPGY5qZj8+gCgz2a0zM/lSeG4qpR3LgyOa9GYLGnYhSKWurbdIJqSplid/zbH8lY1HS9xjYZaQiZo7hU0wr6V5ZUwEgdiFNrGKeFlGxtvxDdGWx3ODI/7xn+q0sF/t1wja6GoZv2JXk3iQPGTt7FdYHM3hkIHsUQ2F017PWpqOlq2+dg37hV5tdTQP8Wgnew/fZY62dU3G3kRyP8WMdnnhaig6xoqhwjmGgn14RwmaI3KSwy5oupJoiIblEQRtrar+lrqaoGuKRrs+6zxbR10eWuacoLaCop5NVNKWf5J8bPQmypW9Gte6KQYLRt7BSbdeLraJBJS1DnM7xuORj7LL012qYD4dXHkf1BWkFbDMMxyAexT1LcjlanxqkbMT9P8AVD9b2/w+5baZGeRxPs//AEIVzRdR3/pOQNvYfX0h2FQw6iB/iXnYcxxB+lw4IV7aOpqihHgV7TVUx2LXbkBMODrPHTqjugj1ylq7T1FStrbfO2TUM7HcJpkntjwX5fGdj7LzaCKFtSLz0dViml5dG76HH0LVr+nOvaC5Zt/UPh0ta06XNIw1x9RnsocmVbRoqmhtt4pi2aGOVjhu0jKydd0qKB73UspdA76oXnI/Ja6a2vjcZKEuHqOyayYSkwVUY1DbcKCt7i+TyG40V36Xrf8AaDpkluMfMUwG0jB6D1W06O+Klo6lc2iq2GirAAPDlO5Kva+zU0uXMbjKwXVfw1pLq0VtFI+krYCXRyxeUk+/qoHF1z4meuRV5Z7hW1LUsnYHtdn19l889MfEW+dL1YsvW0J8Np0RVh2a8dvzXrtrvNBdIWy2+ra8OGcByWZ7anWzXuY1wyWhRzEW5Pb0HJQbfcBIPBmOHDYFWLC1pBIVIT2Q4pQTxhSNeoBMnp2B/jR4GrlvcILZNJ0uBQdgA71ZbX1BQvt12o4qmF4ILZGBw/Qr50+JHwbuHRkTrr09G+utpeS6IZ8WAdtvxDnfbC+lQ4FOD2gbpF1EbVya9Nq56eWV0fELZw7crb/Dr4q3n4eXDx4Kl0tHJgTUryTG8euOxXo3xO+BdJfNd56NZDR1+5dTE6Y5vQD0P5L55rG11ouUtovFG6nnhcWPZINw4dl53yXjYXR2XRTTPofgfLWVzV2lntkvX7PvDojrbp/4hWn+JWOc+IwkS07xh7Mf5q+DRjdfBdi6nunTVwiulmqTDPGdnNdgr6p+Ffxvs3XMLLZcw2ivQbgQh38qcjkR8YPGGr5B536bt00/kpWYH6F+nvq+jyCVOo+2f/qegz04J2ao7GuYRjsrYsbg7cqM+DUSQMLx0q3nB7uM0OpKsjYnCtIKrIHBVE+MsOQESmrdLsO7JUo4Gp5NIyQOGfVEVbBUEgEg4U6OQEZ9UJY4gjcFOZIeFwkJnKhAz2CXGcbKO2V0cmh7fzRdWnAXXBkow4KEJMLg5gI3QKmgNTh8b9Ejd2uHKixySUs/lcS07EFWEdQHdlF2BJZKuvo6XqCjksl9haZMEMkcP0OV4r1FYrt0Lc8Tse6iLvLL2A7L3ysp46poP0yN+lw7Kur30dRTvtHVEbfAlbpbUOb5W/crdRf8bFyWVgy3RfWlFX0LrFfGsqqCpZoLXjUMHuf8Pr6L4r/tcf2U6n4cVj+uuhYZqnpipcXyxg6vkB2Ge0e5X031X0hdfhncvHpC6eyyO1Rlgz4Oe+e4W16X6ror7aZLFeHRVFDVRlj2SN1Agheo8X5CVct0Tz/kfHw1EcNcM/IDB74RGgr6g/tW/wBkyb4cyVHX3w/pHSdLvdqkgjGo0ef/APnzv+y+WI5s8D3X0rSa+GqhmJ8e8l463x1uywkJZOMJoIdwuHZbovk5wQHG/opDMkbqO1GaVsjLAuUcnTykmOPsmk5RgYH6vZEQE8HHZQJrA5cduF1JQEjYOpF/ClgJHhQIGeUkjykoQ61W1ux4f5KnbwT6Kzt5OnGeytAWfjgtWr0vpKTXbBkei8waSOy9H6MeDQBvfC36Y4XkV9iTJtTtUtcDgg7fqtlREuhYSfwhY2vZpqWH1K1lDLqpo9vwrowWeDzl6yUfXjiYIxq3KXTONLPyQOuXbwb7FP6az5Bn0UxiTRoiv/lzQ3B27RjdX1uOKdn2/wBFnKvJrWBx2wtBSYMLADjZGjm2J8Eytk/3YrCdYSltJj7ra1/lp+V591nUjwQ3HCG4bo1m1GYtXmmafdanIA3xwszZ95G/daFrt9iVgv6Pb+Kq3WZDg41KI7zO44KkuIDf1UYeZ3HdcTVSwe30NeLEaEFsVBpa3YsyUPpp2bgM7Ikw00LNvwoVgbpr2Ed8LyfknmLPoGi+22CPUaIAMBwp0YyBthQqEHw291Y0++Nl891UszZ9H00ftQZjONkdjMAHG6cxoDeETT7Lntm3samu7ouClpKuDwy2YW8xMir5AzYHfC8/+I1zFPavAB3eV6P1HAW1xf2wvE/ijVvfVQxN4zuF6Xw9XyzyeI+qLP4+lm/2Tuma0TULIy7PlU6UaCQVjuk60sm8IvwNsLZTHWAQN16a2vYzxHj9R8lKQ+31QbMIeAVp6LLHANIWKDzHUNk9Fq7ZU6o2zcri62vnceo8fdxtNLCC5rT91I+XDsEjHuhW57ZIg5T9OAFwrng9HUtyIFRRADhZ65W7DjPp4WydEX/hz+ar7lQl8OA3dJVmA51Z5Q7pmvxCynd3AWocwEeqwtvBppmvzgLZ0E4mZnKPclyJVeeDDfFS1eLbYbg3bwXEPHcg8FeQVzdDWTRjdp3PsvpO+WyO6W2elezVrYcBeA11uEkVTTM/CSGn2C9F46/5K9p47ytDrsyW3T05kiaXOB2VtnwpRNjIysr05VNYPBcSC3yla57Q6jaAMkrfN4OC4vJ2v2MU7d2u7qUzeON43KAdMtFoI4Gy7Sv/AJQjceOEpvazRVwGqmGWBxaM7KutOuGt8POGvG4VpEB4RYdyVT1T3U58dow6J2T9kPZo7NY2AOGhzchwxhfOfW1nbZ+o6qnjbojMhLR6L6Pp521NBDUx7kgZIXlfxussb4IrlBF/MAAcR3XU8Zqfis2s8957SfyNPldo8sbEHsyN1HmiI7YUqjdiMMIRJafIyAvc1/fHJ86c9stpUytPouavZSaiF22yilpbyEYammFSSSUCyJJJJQsCkkkiCHbg7FTqOcsIChJzeQ4JtU9rF2Q3I01JVa27o4B32VJQVWggEcq6jnbKwYC6ddm859kMMKiavZARQMLUo57EDtPuuFgKROV0NJTdmSsiMQAKjOpxgnbdSdPuulxIxj90EqdxFPBWSQ1LCTBsAu0VyraSUOe44HZWAb7IUlIyTloVfDL0x0LthZ0vUUUxAlcMlWcVdDN/dEH81knW+NpzHyhE3CjcDENvVGt0PyNcNc17Ny15cM4XdSylL1DVwtAqXcq1o73SVIAc/SfcpkZxl0bq9RGS+4tCD3S8Ny4yZjsOa8HPujastzwr7CVkX0CGy6WsxhJwwdkiCpjITltBviDgVDdb4ZCTIwElT13SMZQSrTAdpRz2Q5DqScxEdwk0XSkGTOZB7K6DCdguiEk4Qy06fQcdTKHRWU3VFxpS2MibA3OeFeQfECONoE0uD/zKO6la4eZjSCgvsdBK0h8Ld+fKg/jP0aa/J2Q9mqt/WdHLG1/jtfntqVtTdTUchHO/uvNX9MUYdmJ0kZ/wHCY6zXOM4oqyQ47Ocly09kfR1NP5mUfyZ6/FfKN7dnElSG3EScDZeLMb1XRSCRp1gepUqn6l6oppdc9PqaOyiqaOnV5lP+o9njrDyi/NasbBeTU/xCnp5M1FPI1WFP8AEO3ynzvePyVNGyHlk/6j0v51vc/qnm4U5GNW/osFB1vZXjD6h7c+qls6rshIIrYzn3VxQ2PlXnhmxFaDuDhR5qyd+wft6LPjqe1OA01AP5pzOoLef+KmqKGPyEp+y4e9suPGy7HumFkAILGYwq8XSlcMiRd/iNP2eUWxFPVxf5MsxMG8ALpmzsQqs3GI7tcufxWlH1ygfmrjFCZX1/stQ4FcEuBwqGq6pslC3VUXCNvoNSoLh8VbHSMLqcunI/pGUW0y3a2mC5ZuXVM7dodl1jap/mqj5SvIq/4tdSVYMNrs8UDD/wAR7s5/LCzVwud9vGX3zqKdod+CPYfZUc63y9ceI8ntN36w6Lsuv5u5MdNHuY4zqd+iytV8b2PbjpiyT1Q41ObjH7LzSKCw0x8RsZnlHfBJJV3BU9Uyx6bfYnGLHlc5oTVBs5l/krbvxLC533rzqWMmtrIKSJ25Y12k49yqj+H2Om/mXKuY+Qdgc5Kuoehr9dI2z3CtMJfuY2OxgK8tvw4slERNOwzSY31nUMp8KmzBOc7H9zMhTV9fJHosdqkeTsCGjdXFJ0f1Jc42uudWIY3buiYd/wA1uqOjgo8RwRNYG/0jCnsOx2TvhwRV5MzaOiLJayHinMrx3lOpaFsDI2gMYABwB2RHDfKcCB3TIxwNj9qGpYykuEjCYooGU8CJGOUDfhdPJ3XFYmUsjAMILuEY7IJIxhQz2PJHP1obzgFFI82UJxGD7qGax8EWSQtKHLu3YhFlAGTnhVs0wChzrbMcCkdvyECSUEbIUkxJQnkqGZyydkeSgh3iHSGk/ZGhhkqX+DGwuedgAFsbN03T2ukFXW6TIRk57pc5pGey6EI5ZU2ewthaLhXgBo3a0qPfbu6sk8GE4jZttwi3y9GdxggdhjdtlQ+IHbLPKXINcHY8jOQupZCY5wAJ5Kzzswjs6XTsdLJoCrppHPdnV3TqickoLGucTlYrrMnYooCNBJ5yjxRZISp4HHgKwpafBGyyN5OvRTgVPTEgeX91PpKQ6s4RYYABs1To4Q0AhqtSwdSqnAxlO0YOFIDQAupOkyN8KzVCGBkkgjGSsZfru+slMMT8BuxwpnUV7aT8rSvJI2cRws2PU90MmYtZqP6K2cDSutByn6R6LhLW8pZy5yx2ce0MA2VdU1RLtLDsESvrA4+DCeOSo1NA6Z23HqjjFs59tu7iLCQUz6qTGcY5JVxSUQi3ATaKl8MZI/dWLAG4wE6McFRXthKdnhDjZKeVsfpumT1TIIw489gqiSeSoeXZIymqOSW6qFS4OVtc+of4EAIA+pyVPEWAEjdPZEBvpRGjBC11V5ONqdQ7JZY8NBAwEdowMYTGtJAyNkdvbZaYwwZHLIsFPHK7sQNk5qYgBwIwDhMLgUnYHdCJOeU1PgpLA/JSA7pAd0QD1UKHNxjjGF1cAwuqEC5HqEsj1CD+fC452kauyFySIHOwyoVZWNiGCcFR6m4OB0w8jdBgp3znx6nk8DPZIsvT4QSRzxp6h+SdlIip2saHHldwyJpIaoFZdWQtIJ3+6yWWR7kx9cXPhEyWdsA3wAqqtvMDRpa7JVVWXOScludiqt41HVnlc2/yGyW2s3U6ZZzIm1tylldzkFQtZJ1eq4d13nYrk3znc90mbIxUehOHqlqXeVwYJwCsjTQ0cdhlAByeEbW31TdGk5yrCj2dazKIxgCTRgYyitZ3wozXXDJxoGAcIiQ2RAC4pTe46NVbGIrWE8jlO8PHIxlEaG8cBLfB0KqzscerBwrmxWCsvtYyioWnxHcK36N6CufUNbFoAFM4ZJxlfRXSHRFF0xRCCONrnE6iTzlRLJ6XxPhbL7FOxfaZ7oL4VUdjENXco2SVDNz33XpbGhowNgOy4AE4b5WiuGOT6BptNXp47YIa8B3fhda0rrKdzjjnKkRwlpGdk6SWODUojYabONlJZAGDhPawADC6eEE8+hsEcw1oOMZwh4wSkfKUMklDGLZG8HZM7dlx+SMApGYY4VdcbpT26nfUVLsMCZgz22xj+RJmnhgGZX6f9VgOqutxWsdb7PIA0gh8oOc+wVN1D1NXXuV0cDnR0mSMH8SpY4gzYAAJkK3I8r5Dy27NdY8QZIe/BJ5PqjBmBwusBxhGEDyM7BaY17TjfMZ5JJJdGMT82iSSSRygiCSSSSGsEGJLhIHKTvpKhAaYdk4t3KD4sIB1vwoHGOTs0jicAIOgjc7JklwEZ/k7qHJWzSnc4VMcok15iZy7CC+pP0sCjnU4Audlcznsh2l8hTLMR/ebeiEXO7lcz2ykgnLaRHclcTM4XNXsk5cg8jlwnTumEgcpZGcEqmmxgeOU5wjeNjgBQ2ZaCSuNk3SJ17uEbqLnHhk9shG/ZEEigNlcSBoR8TEeVm6S9Ozq1a2uK+5krxE7xWhQcVjjgx5CI2mqj+FLeml6RoXlKIdyRLFWxmzk11WMZ5QfkpzuWhOFKRsf80X8SXtB/wDGtPjhiNYQfKE011RwCAE80pJzgLnypG4GFf8AEl6QifnK4vg4J5zu45XTK8jCf4RSbFuq/iS/Rns89H1kAS9x/wCido24ypIjGEzR7I1pnDszS83J9APy/ZdRMHOEi0lMVUfYiXlrZdPAMy52whk77hGMe+SE4Rtxwr+KBnl5G+X9QPfHGEMtPKOSAgvqGgEYUjCKEy1Vs+5DCSEMlcfMN1EMp33KJRj6K3zn2yUZRvso5mGSMIRc475K4jwTAbJSyVzJ7JzInFwJSXJIITWnOBvlSYKEHBmwAV1jGgDK5M/UMAkJFl7XCNlNG7Epr/oHe62UbdhqeoU93mG1O3YqPK3Lsn9VxzRttwkOSl+R1Ka75vbBbUDlqK+oOZG5H3Q2tIOTsVMYDgjKG5gHBSJyj6OvR45S5m8sDt6LoIHZP0+65j3WWdqOxptFjpHCMpjyG+6dqzkYQnsJG5SZXYOtTogb5C08ZQyDIcBuFMZQvkOdO33UyGjDMEgLPO1yOlXoZekVbLc95HZTPkPCwRurEMa0cDZRpq2Bg37JLkaI6dQ7A+GAOEOWVkYySgVVxAy2Aqukmkl5z+qkuSpPBLnuGk4iOVCfPJKfOUwD3ThjCgDY3JacHunteMElcLS/GAnx0dTOcBpHuhbwFCMpvhAXyOOcbEJjGVU52BcPsruisJJDp+yuIbdFTNHhMCW7cGyvSSl+RRUNjErPEqDpJ3wrOlo4abaNo2U50DiRgIsNHuC8beiVK7J0qdHGHKIugu2CLFQtkOuQ7hWBihiZkNAUd1SxmdIylSnuNcKYr8jrKVjMbcJ2sNB1HYKNJWEfSokk8zvq3QJtjdsYdE6WsgaCA7dV8tdMdg7YrkcLp3I8dASQTt7p0YORnnIiOfJPguC42jc85xhWraNsYBLfyXfKwfRkp0KsGOyWCBHbWbGXkIhjbCPLhFllDRk7AKnrrvBFs12XLZXAwajVQqjmROlqdLTgKpq7njOqQZVfUXGoqXYDtIUJ4L93la41Y5ODq/JZjiAWouFQ52GP2UBzpZHF0jic+6kObwnaRttwnwrOFbfKf5AGw7jZGbEB2RBp4ATge2E5RS7McpZGCIDsnCM+iM2AnBwiiIHkbqZQyqqc+iO2Anf0Tmsc7ysG4UpsXqNiitijABa3CFywdCvQyfZBEFU7luyPDbi7eZoUxhGVyeRrWgvfhC5JI2Q0kV2KGjp2cMT2wtactUV9xp4RgHJUGa6Sbhhxn2Wed8V2aYaaHpFw7S3dz9lGmraSLGnnvuqd81TMQTLgJnhuduSkO9vocqixmu7icQtxhQZamqnzreQPunMhx2T2xAYOEmVjfbHQpIfhvccnJR46YDByBn3VhFRSuwGR5yp1LYpJcGRqD5F7NVeklNlM2EkgNbupMVuqHkDw8ZV9HQUVMMSchcfWsjGiDBAQSsyaoaOEfyZDp7G0DM7gFIEVHSY0EOP2TZamY/iCC075cUrLbD2wh0GdVv8Api2CG4F+7jlNLwzZCdJgcJsE2LsYTDQPqCFNOewUaeqDOVX1Fw1+WI59RlPUTJK+K4Js9aG8FQJat8vlaM5Xaehq652dBwrels0NJh87R+ZRKOTLbY59PBUQ0lVUkOLNvVT2UVLA0PnfpI7LtbfIaUmCkYNhuqWarmrHnWVeDHZbjotKm5iEaKY5Vc+erndg+YFKnpyTlw2VnSUM020LMp0Y5ZmW+54K9kJy0vZuVZ0VsmqR/KacH2WptfRsksTJpgMHkYWgpbRDRACMDP2WhfYb6fHSs5kZa1dKyvOqYceyvqezU9M0eUZCu2M0twBhMcz2V/Kb69DGvorvD0/SMBFaQ0HAUg0+ojyp7KTfzKfLk116ST6IOXSnDW5ISZSvk2kZgK3jo4mDyswUVsW2PT2QubZuq0Me5FUy1wfURupEdMW/S0bKeIvZHZTkHgKtxrjpoQ/Er2wnIy1GbFsANlOZCARloSmfHE0EhqtvBJRS7I8dMTujSeHE0Fyqq2/R0/kjduqeputVUg4OyTKWRU7oQ9l5UXOli8pduq6e6TVQMMR2J5UahtNXWjxnt/JaOjstNTtaZQCfslOeAlVO/wDwUFJaaiqk1SHSB3Ku4LTSxAHup8jaWnaA06VHdqm2HCU7PQ+vRwh6GkMh2ZvhcMkjzhhwEVtK7knlFipSSAG7rPZeo9m2vTSn+KACJ2ASOV0xZ2aMq6o7LPKQS3y99lbR2umgAJb5hysdmrS/E3U+Nm+ZGXp7TUTkEtw1WEdpggAJB1K88N5GiKPIQjRzNdlzcZWaWsmzfDx8YrorfCDRpa3ZCNNIfparhtMHcNyntoJM5LNikz1DGx0rXBTMpi47j8kZtAefA/NW/wAnGwZDcELhGDhA9RkfDSR9lWKAEbtwnspRnGMKfp90zA9UPzsatNCHJF+WDOQmODIxnlTzG54wFxtvYRqeSMI3a2A6/UUV2ZHbMZym/JyuP80YCtRC2MYaEwhzlaluAdK9kA0cbMYak1ojGwUt0eRkhMLASi3OIt1xXREJcTxwmeESMEqW7QzsgSSsbvnCnyZBlFDBTd3IEpgiG3KZVXDHlEqgzTnkHJ9VbmlyZ3DkPJUdsKJM/V3TfGnk8rTt9k+K2VNTy04Vq4qVUn0iJ4jcncfqhF5ftjhXcfTmPPIMDupUcNopWgyOyfRX8rKjS32ZyKknnOGNOFNhsLtnOjwfVWElxpQdNJHj1KBJWVM4068BV8mQXDazkNtpIt5XjZPdJRxjEXIQPBe46nO/VMe+Jg8xwg3MYkkh8lQ/OGbBBfqduShPq4gMNJJQS+qkIDMEFGrMrkBrJJ1taCSUCWshzgHdc+WncPP3912OgcSqdqQG0CahxBACC4vdnblWTaIDGWojaMAbNV/KhcoplQYn84TPByrjREBgjZDMtC3lu4U+UW6kyt8B2MgZXBR57KdNW0wb/JiOfVQXV0wJ043TlPJntil0d+TA3cUwtgbkOeAgyVM7/wASjOa49yUxSZjkw73U0ecPz+SjPrIBs07pj2Ej1QTEc50pymZ5zl6Hmp2JAUc1VQ7IOyOIsj0XHxegRZYhqT7AFzzygkuOVM8HPDf3SMBPDP3RxnkCUHPgh+Y8oD2DnIVj8lN2b+658mGf3oTcoH4X2V/hnGwQHRY3x+6sZGtZ9PHogkeJy1WLlVkhacFdwPRSDARvhN0b7DP5ojPKGOCM5oHCY9mcbqSWHZPFM56LIp0yb4RALCBlC839KtRbJzw3ZP8A4ZMOQApkj0snyVOh3ouaS3lWxtkjRk4Q/lcu0loKsF0tFdod6LhBHKs/kDsGtyufwuo2PA+yYoAfBP8ARW+E70SLXAZwrVtFhp1YyosjI2nDuFeAJ1NdkAnHZLPfClOfQgb4BUd0tPk4erMs1gHv6IeTjOn9090w3wEEzjJ8qoS36EZCOy54p9F0ZeM6VxzHHhqsFt9iL++d0x02xGEPcldERO+FOwZOX6GmQ54QzqKOItR+lG+Qc4KNNAODfJCz7Lodg8KQbe87gIYt07TnsoDtf6E2QjHKOysqI8GKZzcehQvlpAMFv7pngS+imWMhKcPxZZwX25MLf99l29XbK0Z1fcYQMuDvfusvod+iI1ziAMK1JjI6q2Ps29H1q3A8dgJ7gbK0p+rLa8fzQQD+a81Jyc8I7Zw0DumKz0a69fYuz00Xex1TNLsAfbCOygtE7A+CUtJ7hy8yjq3AeVxUiC4zsP8AeOA9imKXs0LWQn+R6O+03CIh9FXHTyMvKUdw6rtLhNrEzBtjlY6n6ruFPGI/EcQOMlX9t60jkj01LMkcpisQ5X1eng0sfXMT4mi4WyXWdiWNVjS3/pqvGgvdE8cB/lWdpr5a6l2gxtb7lFqLLbK7+Y0YJ4LSm/Ky5zU+nk2DZIgPGoqoku3+rIUeanpK5xjuNNGS7YPa3CxwtNxtoD7dWuOPwOOxT23e/wBE4S1cAkj9BvhOqtETphZ+SNMzp11KTJaa57CN9BdsVx4qgxzLnRsnjOxAGSFVUfVkDyHOcYz3B2Kvob9TzRhxcx3vsnK1mG7QQmuEU8ti6XrotDHfKS+vG6o67o25UodLTgVEXILd8hbZ1JYbjh9TiN54LU7+G3ahYZLVVtmh7Ndumx1M4s85rvAV2/04/wAHl80dzoMtlZLGz7lNNZTys8Osp2yA/iA3XpTnxzjTfbZljti5g4VZWdDW6qBqLTUtw78B5H5LXHUJrk89qPpmyPNL/wC5hpbFaa6L/d8NcePVUVb03cqRxdSxmVo7ZWyuPS1xtryQxwI7hRYa2oheI6hh+6NWJnClprqPtti0zCPe9h8Oogcxw5BCcwNd7L0KWnttewiqp2nV+IDcKiuHSFO4F9HWgO5DHbJqWRexsqaa511AWuhncWjsTstNbetGO0x1TcH1WTfb7jTPMckWpo/RdZG1pORgouUDvnDpnpcNdSVzQYpWk+hKK1mOD+i82hqZYHh0Mrmn2KvLf1RU04DZ2eKP0KbGzHY2Ooc+Jm1grZ4Tgv1N91ZQV0cnfB9Cs7QXm21jBqqBG8/hdsp423G4O4Pqm/IXKFdkcF3FXPpHh9PIWP8A8J2Kvaavtl7IjrIhHVacCQHGfzWLa9wxnsiR1DvTB9U6Ezk6vxUZ8xPUbL1TeelHhr4zXUQAGkO/mNHrk7H7L0G2Xaz9X0Iq7ZJpkbuWkYc0+4Xhlr6kMcbYKvLgNg7vj3VtSvLZRWWisdBMNw6N2N/dMyeW1WjnVJ5XB7FNHPSNb8yzLDsXeijVVOxzdTB5T3Wf6e+Iz5HRWvqWENl+ky4zG/0OfVax1KxrTUUj8teM4By0j2QmGVb7RlL707b71SPo62mY9kgxktBwvKay29X/AAluIrOnvEuVpJxJBk6ox699l7m5zXk6mjJ9lCqKcS4J4yoaaLtixNZRTdE/Eyy9X0rJaKdomI3YT5h74W5p72achs2pwPvwvCuuPhRmoPU3RksltucGXhsJwHfbHdV/S3xprrfVGw9fU3y1ZGQBUZ2kz67bdlQc9DG7/VofH69n1HT1EVTGJI3ZBC5JGDuOVhrL1I1jY6umlEkMoBIB2IWxoLrS3Bv8p2HDlpSzl2Q2PANhnhm0THLTw/v+aOXk8ORi1rhg7qLJC9rtUbT+qsBrAc7jBIWO+Inwn6d+IdsFPVQimrISfBq2NHiMP+rStU2UjZw5RTIHYIJG2Ei6lXLDG03WUTU63hnxB1h0t1V8OLlJbL5RCWJrtMNUx/klHY8bKJS3VuoPpZCHDfY43X2p1N05aOrbRNZL5TCelmG44cD2IK+Ufip8F798PKp1wsIlq7PnZp3dCPf0XF1mg2/gj3XifOxn9tzxL9ntXwi/tJMdHB098QKhoLAI4rm93mcewk//AIsr6HhmiqImTwSNkjkaHNc05BB7hfmpBcJCNL2gkBexfBz+0Deug5xaLq59TYn7mMHzwHuWZ2P2/dfMPqD6Yc5fLplz+j7b9MfWvxf/AC+ufHp/pH2RJFnlqiPpnE7bYXemeprJ1ja23exVTKimecNc12f19FPfHjgYXzbUUTqm67Fho+sabVwvgrK3lESlq3wO8KYE44KtYKrUBghV00BPbjhCa+SBzWzMIa7grNKODYpZL9sod+IJw5VTDUFu5OR6qwgm1gBAGSgdtyuZKGHZ4KcccKZIce0O3PKUb3AgYyB3TXAg5yugghTJEskyGXJGe6NV01Pcqc0lVEHxP2Ixuq0SFh2GVNim1D3RRYE45M5/EH9ISnpzqhrZrDVYZHVSjXoJ+mN7u3f1XmXWnQ9f8N65t7sMs1Z03UnUYwdToM9wfRe41tBSXi3VFsr4myQVLcPa4Z/P7rHwTu6Smd031RIamwVeY6KoeNQaDxC/09/yXV0l+x4Mko44fRV9K9TW29UDaC6eHV0k8Zjb4gDhpdsWkFfFP9rT+yfP8P56n4h9BUr5OmHu1zU0Q1Ghzvgf/QufsvpzrTomu+Flx/2h6eY6WwTuL6hjD5YW9i0fr37LddKdTWnqi0mgrxFWW2tj0ecAte0jcEL1Hj/IShLMWcTyPjatdU6rF/h+0fkE2TOxwCOyNq1L6L/tWf2Waz4Z3OXrPoulfL0rO4l8bPN8i7nwx/gHZfN7cDbPC+gaDVx1UN0T5D5Hx1vjrfjsCowOFGyEaPuunCRzmgqSGduF1PjLIA0corRkcpmQkmkHpJJKADE48LqYoQaeUxPwUxQtdjmb5VlbTh7h7KtYcZUylfpcCpFclWrKL1gBblbroh/8prCVhYf7seq1/RsgbNpJW/TvBw/IRzHg0dy/7SxaO2vD6eP2Czdy/wC0MV7ZTmJuewXTqPO2rEclN10cvgA7I3TRADD9kDrUgyR+xAXbCR/L3S22psYv/wAOXddNiqjICv7fMXQx/ZZqvfioZhX9tIMLB6YRx5ZhsXBOr3E0+F5v1o86nNz9l6JcCBAM+q806wOasDO2FLOkN0CzaQLIMklXkRJdv2KpbNsT+iuYuT91hvWUe78QspsM8+XCHHu4BPehw/8AaGhcLVPMMntPHrM0aGp/7Cz/AJVCoHObVRFhwdQUy4HFFGR/Sq+iG7JTtgheU1q3RbPc6Z7bIyPXbVvTgnfYK2gb2AVNZHB9viPchXtKBsfZfO9W9s2fSNJLdBMksBypMbQQchDYBsisGThYlzyblwc8MBJ8Q08owZ+aRhONgiSyGluMl1LBnzAbr5966YJ7s+M4xGF9IX+HUG4bnYr5z6kz/G6px/7wr1fgH92D5/8AW6cdNtXtmSpZXUNW1wOAMBeg0VS2rpWvG5xusFcYS2XxgNjstD0jcAc00h54XqtRDd0fN9Bf8U9jLepa4OV7aKkGlAbyOVWzxNceMhCppn0ryWu2zwuTqat8cHr9Lb8ckz0iyPdLEGj1V81gysd0zVvfMNLvKRnC2EJJ4C8pqouE2j2WkmrIqRJbGCOEOem8RunGMqRDuEUt9lhydHbmJkaiB0cxZjdpV1Y6nUPl3HBAyEK60ul/jBux2KDbZWx1LXO7o4SyZ5V4NZCzIwRyvFet7SLN1JPE1uhk/m09mkr2iF2cOb91gfi9bQ6OnvIGMDw5CBkn0K63j7vjng4XltJ8le48kp4nUVxcx3d2c+oW0p5vEpmjKy1zheBBVYyG4DsK7tM5dCM9l35feeMshslgs4d3+GdgQmMcW1Hh429U/wBHBMeNw4DdLfAKeSeNuCotfTiSJ5A3LUWmPiN5OQnSHU0tQylhGiPRM6PnfLQyQv3EZ29lC68tZunTVXG1gc+MFw98JvTVW2ku8lM52GSduy0lTTePFPSuAJeD+iuqx1zUjNqafkjtZ8oRHw5SD+E4U9rw9o2Ujre1/wAGv89L4enzF2fUKtpX6wAOy+h+Nv8AnpTPmXmdKqL3tJToWvB2VdVUuncDZWbTj8l3wmvGCNl0TkKeChOQcYXNXsrStt+GGWIZxyFWlhKodGxyEkljCSg8YkkkoEJJJJWQkxOLSMdlbUVTsG7KkL9JxjlHpZhG4ErTTY4szXQT6NJG4P3UhrdPdVtNVRuADSp8ZBGQV1oWqSOdZW0xw5RhgjhC0+6dqDeO60qSQEjoGE/A9FwOBSAPICITzk6GD0SMe3onB5/pRQ5pAHCZBZC3YIRaWnhPLC7Y/upfhtO+Ewwu/C3ZG61Ivd+iDLQh2SGg5UV1tePM1pyPRXIBGxblEYzxDjGEuVK9DI2STKDwq5pwJHtH3KlwXq4UoDJQZGt9VbGi18FM/hoOxCFwlHo1xta5OQ9UUzmjxWuDu4VjTXCmqmgxyjJ7FVkljhkGdIyorbDVAnQ/T6dkUd0e0GtRN9mlaQfpcD9l1uCdis/DbrrTP1Rzn8yp1HV1ok8OeBxPqOE1R3Fq6RbgZ3KcMcYXI3lzRluE8YPdMUUgvlbOhuUVrcdlwNRcYx2wrUf0ErMnPCYey6xgHCcHgDA3TmvyeFeBm72xFpK54YP1NCOAMLrdOVSpT7C+bHRGdb6V488DTnnIQjYra7/4doJ9lZaQQNsJafdX/GgUtZOJUS9NUL/paB+Sj/7KUW5JIPqNlom7nBRcAgYGFX8aAyGssZlHdMRtP8uSqP8AynYLg6cqG7x11QPueFrAdIwBhdHOccq/48DR/Ps9MybrJcmbR3Cc/nwhmzX7G11mH5rZCMDgJwbvwp/GgT+dbLtmHNk6gds26z7+6iv6S6ll/vblO4f8y9G04AyF1T+NAF3Tl3JnmZ6CuEpzPI+Q/wCI5U2n+Hda5oDXQRj32W/Ayn4A5V/xoMXtT7eTGxfDaN7R41zfkchuwU+h6DstO4eMwzkceIcrTtOPyXMgcI4aaKGKMYkCPp+0wAGO20wP/IFMij0ANYA1o7AbI6cxoB3R/GosOKQwDH3XU9JHFqPoZhAw1FDMLiejS3Lgt9DE3JTkxALbEUw6sp64QMZViZsGuE7LpwE3Gd8qhU5A3HlAJ90STO2FHmdpGQrMk7MdilkAChSzNG2QlVVekEHZUlRVOLiASqMd93GCRVV5cSxnbuobnvfyuRtLnZPdSWNH0gbhDKW05llmWRXAt3dspVvtlbcphHSxE45Poruw9G1d8cXTM8OBvJPdehUtvtnTtAAGNy0ckblIdnoyW6iL+2JQWywUVjpW1VU0F+O/JKzXUd+dVPdDC7DR+gRuqOppKuV0UcmANhjgBY+pqTnbcFIcmy6apWyGyO3yDlDBIzk4SjOTldfhrRhItng9Do9HhZZ1xAChyynhPmm9kFuSVmc8nZpo2gg1znaiplPDuDhPjgGN2qbTU5JG2AkTeDpUUsUEGwAb+6saamIdkJ9NRnSDhWEEIaMYwlpZOtVRhA2QhuNlJa0BoXfDwc4SG2yvo1xjtFwMnhZ/qS7Npo/lI5dL3DJx6Kfdri2khkZ6LB1U8lRMZHuyTv8AYIW8GbU6hwjtiMOXnJCcB6JNHZPeWsbnCrs4r75EXNa0lx4VTVVpBLQi1dRnLWnGVCZTvkfnKOMNxztTqN3+nAUTHzv0huPUq+oaMQtBwm0lNExrC1nHr6qyYdAGRlMUdomEcLLONaG9sIVRUCEdkp59P0hVx8SSTU5ydGOQLb1FYOPMk8ut5z6eykxQAAErjWDHGMIzRzunxjg5ls9zFpGMBwSazJymNaScZUpjAAFqrWDNI41oA4RE7T7rucJpQkzXnZJ8mkZ5QdZc7jGFRAupzjgd0QHvhNaNhkIzW43TUslZGgJ6WwTPEa3jdRvAITXp7AIZm2xhBllyQgyzbDZLlZgtLIZ0ujfIUZ8s85A1YCRaXkElFYGsGTthZpS3BpYAtgwQXYRZp2wMy7Cj1tzp6aIuDw53AAWZr7vNVHRqIA9Cufdqo1y2x5NVNW7ssLreyGGKDYnvlZ988spPivyER0jXclDw0cH9lyLrpWyy2dGFUYLhDM++UjuuluO64RhZhqwujic1NThtyo+CM47/ADQiDjlGcmpTXIwF5tSO1pwBhcaGgqQNGBkj9VB9ceRBuRyn6fdIAHgonhlLfR06YITGayjxNwckIUbSSAOVa26y3C5SeDTxEuKUos62noc3iKIunUcAZx2C9C6A+GU19mjqri0shJ1NBHZajoL4XR0zYrhcWAvG+43J9l7JbLV4FOBoawHgAbpkKsntPE+DksWXIi9O2K32SmZT0kDRpGNWFeNIxl2wUOeaGhYXyPAd2CjSxXeqifKxo8PbTtzlM+PB7KutQW2JYTVMTcMhPiPP4Qp0MB8NshG590Oz2iOjhbJMNUrh5nKwDNttgrwPjHANrA0cJ7QARhOSUHQSOjhMPKSGThTGSSltHoby0N1OdsnkgEtPYbrF9Xdc0VlikpqV5kq/whpzhMgjBqtZDTx3SLK/dR0FopnzzSjLRgNHJK8ruvUFyv0xdO9zabPlYNshQqmpuV3l+ZrpA57t1IpaR22RsnQryeN13kZ6nO1jWMLRgDA9FJjiLnAkIzYWtA8qKxo1DC1QgonL/wAnGQtA2ClBoAxhNadI5XfHarLUsmPSSXMgclbco/Op1JIb8Ics0UQy+VrfuVTmWlnoeSB3CaJM8DKr57tQxA4Jkd6AqvfeJ37QDSPQoW8hKEpdF3LKOTsAoklwij+k7qoknqZMapP0TQMDc5QjlDBNnuEztm8KM4vecuK63HcbBPbLTN3Mm47KZDSz0MDMDPqlp90yWuhGzXa/smsqZ5jpjopj/wCFLllkbS7JDe6TiAEorRdax+GMdA31ep8HS9UD/vNU17fQBTDJ8kPbKd8wY7AwUhU74xlaWLpuibu9mSpcVnoI9xFghC4bhUr4royopqicBzIyjw2m4OOBCN/dalkEEZOmMNwuhgxyoq8CXqjO/wAArHAFxDUaLpwbGWb9Ar4jblC157K9ov8AkTkVzbDRgYc95/NdbZ6JhyGk491YEjhD0qtsfRe6T/qZG+SpW7CNdFLG3hHTVW1Ez/cGGNbtpCW3sunhBLjk7q0kiYQ88IGluTsjnhBLXZOysNcCAb2XNAXElAlZgdpb6JYCau5woWrMjFw7p6WcIMBrlDPDHouANGyTngDlRn1LQO6p4RaWQ7g0cOCFLI1g2IJUOWr7+ihvqXSbZIS5NMuNWeSXNVAHYhQ5agv2AQy1ziM53904ta3CVgfFJDC9x7p4GFwOwcJmCg4Q2Mf0EJB7pBpJ2S8FzyDhSAwMA23S52KKNdGjsvlhIYxnBUgFoHCamrHO7J2qPDNd9jy4oL3EgjKKeEI91mldg6tPiWmngCQ4lOGE/DeUzKVPUYOxp/GyF+yW/YpcnA5TvCc4bd1ks1OTt6fQKPY04x9SEG5OMqVDRSSvAOw7qcyiihOoMBKzTsbOnVo8dIrI6GaQjSMKbDQCPBlAR31DIBnAHqoVZdYWDDXb/dLczVGuuv8AIm+BExp27KDV18VOcd1VVFynly0OOCoTtbz5iT90G8t2x6RNq7pK/Zh2UKR75jlxS8EuHKe1oHKp8rgzTlkFjG+E7ARDGXYICLBTZweFI5AhBzZG8Mp8UBkdjj3V3R2syAEtwFaxWqlYASwEqOSRrq0MrHkoKK1a3g859eyuoaEMaMABTvlWtwGMAA9EUxNY0EjCRZblHVo0e3oixxaeQitg1DOFyWpp4xs/zKDLXVLjhrsAcLM7Ms2xrhBfcTSGQ/UMIEtbGwYi3Kh+LO8gyHK62Ik7DlV2TKXQjWyud7FDJleRgcqVDRaiCR+6lxUYbg6UcYti5lcymmd9TeVIjtkrgC4ZCsREAPslrlds04WiFYicyNHSxRDAbuk92PpGD6ohGD5jhV9yulNRh2l+ot9FphXgy26iFcW5MM5zwC6R2wVdXXiniBDTk/dVVZd6mvjDB5GnnHcKucQ3c9lpqqbPP63yncKw1bdKmpdpYcNUIMI3duSjOc12xGMIT3N23IC2QrOBZqZT4kM2bthcwP6guuezGGuzlR/DL3YDs5WhJJGKyW/hBnAeqGHaiQpFPb5n4c4nHup8cNNE3zN3UjJIGGnnY+SBFSSzEY2BUyKmZFu4ZP3T8jPlbgLji1gy92B+qGdiN1OjiuzuAeGpY9kGa4QU428zj2UGS41MpODgJLviuzoVUxj6LTU2MZcQFFmucMZ0hrnH2VcX1D3Zc4n809kTtikSvbfBo2foO+4Sybxgtz2KAHzybvflEEYxx+67px2SpWSl2HCPIGRmfdNAA74UxlNNNjw2ZUuC0FxDpxhJks8muFMp9Iro48kADJUqOhlkxhqtobfTRN4yihzItmt2Q7sGiOl2v7iBBapdshWEFDTxbuG6a+rwMjlRjVyyHHKp8mmPx19LJZNfT0wPmCjVFxkPlj4UfQ+bBKKyNkeMnKXhsr5P+UG98suA8LoiA5xuuS1RDtEPA5KC5znDJBTFXkCbb7DPeG8EFBdIX9sIbpYo2kyyYwqqsvLGksgdujUDLbfGv8i3klhY0mSUNVdVXOL6YXgkKupqa43aQ+Ulo5K0Fv6dt1E7x7g/Psn11nMt1Flr+3op44a25OwAS07HZW9D03HSYnqRpbySUau6moqBnh0EIBGwwAszWXytriRJI4NzxlHjAmVjjz7NBVX2ioBpo9v9Vn6641ldKXGVwa7sCowiL3AlWdFbJqjT4LMn7Iox3CVZO54IMFM5zgXknPKtaO1Pmx8tESVrLH0FWVDWvqWNY077rdW6w0Ntja2KFuw3OO6PG1nU0viLNRHc+DE2XoSrmY19SAwH1C2FLYaO3sY2KJuW87clXIA7dkOTOwwiX9jvUeNq08cJckTSQ3ACFjfJG4UwRF545ThRY3wP1UlPA7+O5fiiGItQXfBx7KSWtaNkwNMhAAwhUt3AcKUuwDmBidEyd5ALdlOipWHDntyQpLY2tGGjCtIbGva+CIyncAC5FbGBnZSA0YJPZRZauKE+cj9VY2WIrk54Y7FMlrIIDiR2M+6pbp1E2N5ihO/sVR1FbNVHMhKjeDLPVKPES/r+pYonmKI/mqSqutTUE+c4KHFbpqpwLBytDaOlHuIfMcj7JU7AYQs1LKCnoqiteNAyfdaC09MzNeH1BGkbgYWlpbVS0QBawagEpZy0kBqzSt/Rvo0CfMgAjipRiNoCjy1Bk2A2UgNdUEBoO6nW6y1BeXGPO22Vks1Kj2dKnRN8QKqGF87/ADD9VZ01nkkIMYWipbLDEA6YNOewCnNiZCA2NgH5Ln3axp/adTT+OXcijprFpx44VgyhpoQNMWSFO0l+2EVtNqwSsc75T7OjVp4V/iiEGTN2hGGnlOFLqA8QbqdHGc4YMIwonbF42KR8nodsK5kGnAaEY0bpQCQCFN0U8I5wVCqapoOBwgc/2EoJDPAih4xkIL5xwAnO1zbjK5HSSZ845UywtqYCQucfRMELzw0qw+UGAdPCcREwbjdTJMIgClk/ENvuiMpIBuRv91KJ1DACEaV+cvOFMkePYF0bWbhqE7U8YAwFKcGtIB/zQ3VNPGOd0aeRUkiMYy0+YYymuLWBDqLjTk7Ht6qDNWashNEzkSZahjcgYUKSqA2GEB7pZT5MpMt9TI4AjZFuM0230cmqye2FDMr5cgBWrbUxuk1DlIH8NpQNIy5C5YA2tlA21VU7gQxT4bE2MB1U8Y+ykz3J7dqcYChvqKib+8eUO/JFElabXRDgOKjuumdqbYD2QCwZyVzy42AU3YC5XRyaeqqMNdKQPQFD+Xx5jvlJ8jmDyhR/FqZTp17fZR2FbWw2YIvqwEKStj4iblyLHbqibBdx9lKjtbIyDoBJ9VammC6slO+SulI0twEVlFUygEgZV58sBgFgCMyl0jsELtSK+MpY7c5v1tBRG0WDsMK1fLTxbPIGFBqbjERphG47qO1FOGORpoxjzdkMuggHmI291Gkmq5T/AC+EEwSP+rJS3bgW454Cz18DdowSQoz6+aRunGAjfLH+kJhpdJzpRq4S4NkRzpHncoBZ6qw8LPZD8IBOVqAlW8EAxlBdFuclWZi2Od0AxHJ2TY2Z7M0qskAxHuhuiON1YeGmeGnp5EOn2VxhOeFzwfZWPg5/D+6QgAP0olIQ6t3RA+W/w/uuinxwMfmrMUpxnGEvAA+ogI/kBVCZXikIHAH5rjoA3c4U6V8bBhu6gTSF/sjjMCVSQKR+geqhyOfJtjAUsRuecAEkokdtl1AkbfZP38CpUyfRW+C4nJTm0z+zCruOgjaBrG6dphj2LQFPkQS0r/qKZlsmfjPdPFtgbu4EnvurVw1bBAmik2LhhH8hJaeKI4giaMaW7eyRZCwEhrfyCJ4RdjPCe6CJoGNz91fyi1T+iGZHcNYmCmqJju0gKcIxnLWJOFW4ARsx7oozyU6F3IifI6RqkOPzQXmjjBAfghTnQT/8ZwOR2KjG2B58sOrKYpfoz3VP+hECWvgZtFvhRJbnVP8AK38ldiyM+owpCloKf6sAj2TFMyS098vyeEZ50VyquSQEw2uqIw87K+nq6eMaIvMccAKHLIXDjlXkzy00f6nkrDaYRu9wyAuCkpxtoUp0UzjkAn81wwvI4ViZUx/pRG+Wp/6P3TDT0rRksUp1FM4+UFdFonIBP6KAOmT/AKSA6Sm2aBjCY3wzy3IVu2ywtwZD+ikw0Nshbqe05+6MW6JR7KWKGF3/AAcqSyCAHeD91OlkoWHyYGFFkuFM0eVufzTIC2oR7HCCmxtGAUExRjgD9UB9fuQ1qEalxPCa45M8rILoMWNB+nhDDhnShmo7EIRqGlVsFO1EnREeT+6Y5kB+goJdnumF2BkIXAH5UwjqeNvcFB8BvGPzXDIXHHoiNd7ItqA+RATTnOQhmJw/JSjK1D1lVsQakgOp7TwntqSPwp+kHbCZ4B5KpwZUp4HtqS7AIwnieM7CQqMGY9k3QVSyilNssYapzSCJT+quaO/XGFoYyd2B6lZTztGxXG1dVG7IfsnIYrpQ6PS6PquXQG1Iacd1dUXUVHM0NcQQexXksN58PHzByrGmv1KPb806MsGmGql7Z6lJTWytjxpj3/p2IUP+Buidqo6lzAOxOQshR3WF3mZPyONSsGX2rhaGiYlvY53To2JDfnTXJeN/jNJNnAkaOMcFW9D1oKLAqWSRY2I7Kho+pWENZUAfdWJqrNVNDjMwk/1DKPenjAqU89M01D1bb7i8wzOaWn+oKx/hdK8mWmfpa8fhOywc1ngqQH072s9HMOCiUn+0tqkDYajx4xwCeU2L4M80bbx7nRZjq2NrqbjS4btUSssVhvDC8t+Ukd2IzuoNv66NO4Q3i3uiB2Lwcj/JaKCWx3pmu31sbpHDOk7I1JmayqFn22JNGGufRlxt+ZaOQTxcgA52VCzT4xjrYXNI244XqTmVtCcTU72s4y3cFCqun7Xeo8uYxshH1NGCtldu3s4mp8FGfNGDzyotDJoTJTPDx3A3KoKuzMGfIQfstvcekLvaJDNRvdJGN9kCOsppP5dfTtyeXAbrT8sWefv8TZGW1rk87qrdURu1MGW+ndAbI5pLXNIIXolRYQ95np8GIjIKpK+yU7yQ4BrvUK2cq7SzpfKMuKgAg4VxbOo6yiLW+KZIx+F26rqyx1dMS+LL2+yrnvlhfh4IKtvBnTceUen0HUFvr2hgd4T+4dwrBrNe44XldNUkgOY/BCvbd1JV0pDZHlzR6lNhYM+aUuGbcl0eyl2+5T0z9UZI/NU9BeKS5twxwEgG4J5U1uGjBWhT4M99ENQsTRr6e6013i+WqMMcODnG/qFoOnuo7r01LplLqyiOzoy7do9QvLiHt8wJHuCrq3dVmmY2mrmEgbB45x7o8o4Ws8aoLNXSPcKa52y+MFRbKqMnHmjJ8wPuFwSODtEjS33wvMrdWtgmZcbLNqdy5reHD0K3Nj6lprwz5er0MqG/Uw7FWcOUGmWwpxKMtI/VZDrn4bWbqu2vir6TUezmbOB9crUPlnopMgF7D6KRFWRVDf5Zz6hBKWCq7Z0zU4cM+WhXdb/CC4GjEstVaGHIcQSQCvZOjvidbryyKptl0YyUAamnhx/0WpvPTVuuwcKiJuHjBBbkfovn7rn4S9R9DXGS+9CtldA12t0MZPlz6eyo6SdPkGo2pRn6fp/5PrSx9U010ia12GTjYgnkq7a/OxHK+TehPii25QRwVUvy1fGcOa52CccFe1dL/EuJ74qO9ytaHDS2X1PbKnZydVpJ0T2yPQJYy45CGdQ2wnQVcFS3XC8OaeCEQgK3EyOLQAF2c5ynyNjqojDUDUx3IK64aeyHnByhaT7Jl9o8F+K39nuMPm6g6F2e8l8lBp5PfSf9F4AWz0sz6epicySNxa9rhgtI7L79a7AXnHxN+Dli63iddKKFtJdm7uqO0p/xj/Vc3VaSM+Yo72g8zOvFd7yv2fPnw9+JfUXw8uguNkrJGBxHiRF2WSY9W9+T+q+0/ht8Ven/AIkUDZaImmuETR8zSybEH1b6tPYr4Y6m6UvfSFwdbr1R+E4HDXg5a77FCsnUV56crorjaa18MkRyBnYjuCF86854KrVSe+OJ+mfZfpj6tt0cYxzurP0iMecIVTEXNxp1ey8a+D39oS19URQ2nqaYQVgaAJXHDX4/zK9zfGxzQRj7hfJ9f467Rz22I+46DytOvqVtT4KVraiF+nSPD7NPZGhncHeU/llTHxDGHd1Glo2sBdF+YXNlHadmE4tckuGUPG7gjPIxkHZVLNTCMuIClxz4A3QDYxT6JbZM9l12/BQWvGCPVOwf6lTQxcBm4xgrmZIHh43HCHJkEEFOjm1eUjhWA1uLGnma5uWptfarfeKY0lwh1sJyPZQIi6KXWw4B5CsYKjXxsQmwswZ51Z6Mfb6l/TM46H6waK21Vvkoa6Xfw2j/AIb/AF5XlXW/Tl7+D19N3t7H1PTdW8uLWnIpx2wvfrxbKO9Ub6Guj1Mdwe7T6hUFCwR56K6rAq6KpHh0lTI3UdHaOQ9wulpNW4yyzNOozVDWWfrjp19JWRw19BUx6JY3jIc1w4Puvz2/tMf2eLh8JLvJfenaWSfpusefBxxSntET2G+w9ivsS80N6/s+dRaZTLU9H10n8stBPhb7/luFvr9Zunevel3xSRQXK2XCI5YcHUwjY+xXsPGeQVMt1bOD5XxdWvqdcvy9H5Fxyl2AVIa7PZemfHv4LXH4P9QOaNdRZauUMoqnGXNzxE89nD/VeWxzgnBX0LR6iOohuiz5Dr9BboLXVauSSunfhNBB7rq3xlgw9BATlPHCEDlOBOUZAy6mNcAMErutvqjAHJJJKEGlrcHZRjypTjgFRTyoQ61SIjg5UdqPHyrQMujQwS+Ru3ZaPpSoLavGcbD/ADWXpsOaMcYCurHIKerafXH+a10vDORrFmLRvrk7ErD6hXFoc4NaAeQqOqeJIRIRwBgqws0zy0b8YXUg+DzNy+0hdYPPiNPumdPyF2nfgp/VOHPb91GsfLSD3UeM5HJf6Bd1r8zsJWitL/5QyspWyH5howtHaJMxjHsiXZgujhFpdTiAb915p1Sc1OSey9FvDh4DSvNuqj/Pbg87IbHwHoP90FZ9iriE7n7qktZLYiQrajOXHPZYL5cHuvEfi/8AJJl4CHTf9panycIdM4fMN3XE1jxBntfGy+80Fe7FGwEfhVfTO2GNsKdXb0rfsoEIyMrymolug0e5q5wz1Ppacz0MYHYBaymbhYv4fv8AEpCHfhAW3Y0jGRwvn/kI4mz6B4yz5KYklnZFa12obIcX1BSwBhc7pHUOjhOIGOFzBT8FX7GIpbxB4n4exXzR1aDF1BWRaeHlfU9VEHDcZ2XzH1/GIupqvy485XpPp+f+u4nhfratzoT/ALmWni8aItx9lFtFQ6hrAScYKtGtyCMchVFZEWu1jZe327kfJJN1zUkehRSiogbIw5yMqDUNcwnAUfpO4snhNPKfMBgK5qIO+nlYNRBxPW6Kz56lMm9PVMsckeH4wvSrZUMqImuB3wvJKacwnA2W96ZuIkawaudj915XX0Nvcj2HjNRmKizZwEDClmMFowocIwM+qlxknYrgz4Z6asi1lMJoXDGVn44XxT4c3GCtgYssOR2VNXUh1eI1oG+VcLEXOtMn2mZsjfCcdxwo/Wdqirunqhkm2husd+Fyzj+fstIKZtWwxPYHNcMEFaqrvjeTBqqd8dp813ciKjDQ3thdtFRmIDAWh65sJtVwqKYs/lvJfH7ArK0f8l4HAXp9Jb8sNzPBazTuNjNNC7IyiloeMqNAD4YR48njdOksnPcWjsB8N+e3dSpmBhDsjBGVE1b4wpJ/nUwzy3hZ5odAr3xiC8QVQHlOCtuJGyOZOOHt2WKqCTo9QRgrSWeqknjfDKMOjxt6KgrEeXfHGxMjkjvDY8axpyB6Lya3TAv0OO5GQvpr4gWk3jpaqja0OexpLfuvlnW6mlBA+kr2vgdR9qrZ4Tz+my3M0ce5RuMHCBTEPiZJ/UEYcL1MUjwklh8hXNDxpPCh1NsAbqiU0bIrTjsqBjZKHRm5aZ8TtJZ+6Fp91pZqSGceZu6qKu3zQOIDSQFDVXqU+JFekunlcUNSafQJJJJQsekkkp0U1kk09Q6IjKu6KsDsDIys6iRzuiIxv+a0VXOL5EWVbjWMma4bYXASSclUlNcsYac7q0hmEgyO66Vd6kjFOpoM17mkd1LjlBA2UZvrjhOBz2wtULEZ8eyV5SFzSQg5LTnOURsudsJ8Z5KxkKHngoweMBRwM910NyeU2DBJMYaTuEdlO0jIPKh6Zv8AhH7ojDUMxpcmlpEltPPnLDsigkbFvC5T1haP5jdvUI7pYThzSDlAjTWzjAMfSnjGQScLoLCcJwYCqfI5BA6HG7xn0S8vbCb4bTyEi0EYzhNgibkOwPb9V0M35H6rraYu3BSEMmfLyiInkK0OA9cLjnuO3omCKtHBCc2GrG5GyYkkVzkeMk4JUhuMDBQAHAebld0u5yoooP5GS291xoIO5TGagAusdIT5sHCNRSJvYcbhd0nsmMeQfpRRIMcKwoxydIyitTQcpzVaDUcHPE9kQYzwh+H7p+B6qgwmQkSEwBy6A7KhAmo+icuMaccJ4jcVA4ttnNXsup4iI7cp4iIOVaeBiQ3JPCIntj24RWxE47JkXtQxJgsFPARhCCM6f3XGxkcBC2mMSYDBSwUcR+gXMBAMSygeCiNTtIxwuAHJRhMEmIqafRAJseBiG4ZGERMUMkp5AOGSQukho3KReG52USpqByBlQzXXKPY+aYdxwqm6VzomeXCZXXIgYYMnCqiypnJdODpP7KHOv1K6QF9fNUP08hFipjINR2R4aIkgQQ6yVrrD8OrjcJWTV2YYRuWg4ylysUTk362MVyZWjtNXXTCCgi1vPbK3nTfw8dERUXZzCTghg7FbO22K12hgFNTMa4D6iNyjPqWR5cdkic93Ry7NXKziIAxUtupgxgDGNC846y6rjmldTUzvKBhG6z6wdIX0lM/ABIOO686qah73FzyXFyWP0WnlZPcxtVUOc7J7qOTkrpy45IXMHgLPOaier0uj2tSZ0HGSmyP1jHCa/PqmBpkPoss5NneppXoYWFxCkQUxcQeE6KB2RsrCngOx4SXLB0tPQzkNOXYGlWlHREYdhGo6PYeX91ZMhAAGOEMlk61FG3kBDEGjGEbRhOYAO2UVwGBvjCE2qKQAjHdRK6rjpoHSvOCOAi1tVHSsMkhxhYa93uSqkdFG/A/yQuWBOpuhTDkDX3KerdJqds87eyixx5AJCUbC4DuSjxs8MbqLk4d9jnyDMekblVtwq2uPhRnYcn1RrhXt3hhd9yqsMLnZymKGTkanU5zCsdGx8rxlWdNTAYKHR0xIzp3VgyJ0ZBx+60Qjgx195Hxt0hoxsiPlAbgAIZlAGMIYducpkYZKttwsI45xcVwANOcbp+cLmcLRGGDn22OTO6vZdLXHskwHIPZHAGE2MMiRgByitGcBcwE/YJkeAWEaO6DI/fACT5DwuMZq5Rt5KOEkp7W4IOEmtJI22RMA87K0ih7MY4xhdL2juhGQMyor5i44AzlSU9pWxkmWYDIaQVFMjxzwuBhJ1H/NdmA04CRKbkHjAnPz6IRGe6fHGXHdMqZRAMkfklzltGRhkIDgEnCqbrdw1vhRZ9CQh19wlePCiGM8lVkkJeck8d1zNTqJPMImmqnHIB0hld7fdNMRO2MI4DIsbbrrn7bbFctR55NajjojmBwOcYSMJOxKc6SXONWyWr1VuK9ob2NFOO5/dd+XHqP1XMn1XcORpxXopJnPl99sfqkKfUcagF3zep/VCMcg37fdVsjLtBBhRsP405tA1xwHhRwJM/UU/EpbjUSq+OH6HQlhkhtuY78Q390/+BuG4BKjxNq9Qw0/qp0Da/YHceizWxS6OhplGcsNDI7bUath3VjBaJZSA/AHuj0lNVSkAtWmsnT1fXStijG3crL7wem0Wki5KOCDY+kzW1Ajgblx74yAvY+jei4bXEdbGPlOMuI4UvpzpSG3xxxQsBkwC9+OF6FbaEUsIBYMn23Tdh7/AMZ4WMErJdkS02oxua6TDh2HYKyrar5eQwRs1yH6R6osr5WN0wYGfZOpaF2fHlwXkd+Qp0eoqpfRDoLH40nzd0GqXs3sFeRsa1ulo2HZMawjuSiNVZHKrAm9gn7Y90NLJVEwI87JiemFWlkpvBz3KZJMI8EjIHK5NJ4Y3HK8q64+IL55H2awTHW3IkkB2cfb90+uGTl6/wAhDSRyy3636/8Al5X2+0t1TPy0kH6V5tDT1M87qmqkMkkhySd8J9uonjVI/wCoNACtoow3GwWiNWOTxOs1s9ZPdIHFTAAZCls0sAGEmgAbBL6inRjgxLA7lOXARhMJGEQYRz9tlGklIThqzhJsPJ9VC+jMvqKSH++rIG/+JVlV1FTRP0U8Qlx3cNlnT5ud0tJHYrWq8HwOOniuy1nv9XMMRtbEP8KhOfLMcyPJz6lBDgN8ogEkwAp43Px6IXFF7YQOeGc8IgaIgHORILPd6yQMbC6Fvdz9laU/RztWqqrJHD2coDKyuC7KV1ZTjYOJPoFwSVk3/ZKCd/odK19L09bKfBMWsjuVZsjgiaGxMDQEElkS9TH+kxVPYL/VAGUNia7tncKyp+h6TTqqqiZx7gOwtM0jfddLgFW1ipamUuuCrprJa6RgZHSN27nkqWxrIsBjAAi5yeFwjKJJIU5SfbO5zuh7FETMYRYWBTbZzBPK6NuFxy5koVhEFkrmD6pLmr2Vgxjnk4uEDBIXUj9JQYDigRJyuLp5XEIzA1JJJQgLJTM5Tk1QglzAXUlAxiS6QByVzU3GQqygtrYxLUG9wo8tW0ZHdQpKp3qglNIOMGWElS1vOFHkr4TsDuFXmcvTMD0SXZyOUCRLXOJwO6jyzOI+6bo9/wBl0DHdJlPI1RSBEPeV0NwM4RAA3tlN8zvLjCGVmBijKX4oG49gE1xccDCkR0znb42KlR0pG+AlTvOvpfC6jUfksEBsDzg6SpDKbgkKaGRtx5cLjnMA2WOepSPSaTwUKliSyCETWhDLRlJ8wBIQnSggrLbqNx2aPGxj1EJrA2/1TNWeQo+t2cj/ADRG540rLO86lOha9BchLI9VxsRI2XRA4nus1lzZ0a9NtXCOrgiLjjOEeOmJIOOUcRMjaC/b3SJ2tmiunBFFOSRtnKlMpw0AkIUtxpacHzAkKpqb9LLkRHhJcm2NjOFfZdvqKekb53YVXX3nIxTuH6qlmnqag+c8prKc53OEWf2E731EkPr6iU5cc5CieG+R2TkZUsQDGe66Bp/DwqyJlPPLBMjDRuMJx0O+jdGMLpMEDAR6ejc4gtaCVT/ZIRlN8IisjceykQ0geRk4VnS2uaTGY9u6tIbZBGAdO/dRtI3VaRz7KmmtDpCNIyO6uqW108TQS3zfZSooRGMNGPsiu0RNBdsClSuR0KtJGsC2CMO2GEQxiMBx2CjTXGFgIYSXKunqqqU414BWec3I21wVa4LGor4YRhoy5Vs9XPMcZwCuNge8hzu6MIGtG4SnmQblkjsgL/Me6cYw3GUcYG2oFFhp5ZnARtyrVbYuc0uyL4QaQCOVNgo9eDpx7qxprRluZhhS4aRrNsDZaq6sgOaaKyOjLCNsqQIeApuiOP68AD1Kqbl1Pa6PIa/WW+nqtEacGPUamFUcyZJdDjlVlbc6S3l2HB5b7rP3Hqarqn6o3aAfRUssz5CXSSFxPqtUKcnBv8q1LECxrbzUVshdksHoCoT3h25dn7qL4g3CE5x7u/JaY04ODfq5WyzIO6RzciNwGyjue7uUwynOEtLiM4T1BIxTm5dHXSZ9kMeJMdLRlS4qRrwHSNUuJkEQHkwmbkhSi7GQae2uccuYp0VJDAMhoynSVEAAGvCjTVrHbNBOEuViNVenySHPDTygSVEbBlx3UKSeRx37JjyXcpLtN1dGCQ6ve3IjGxUYumcSXvznsu6An6fdKk3I0KvAB0eo5wnthxjblGDGjd3ZNdIzOI9ykuORkUkOjjYD5tgnfyztGdRXYqSefBLCArGmoooQHFm6pcD66ZT7IEVHUSuHkwPVWcFDFEAZAC5J9VG3ZowFHluDf+GTkKpLJqhGqrvsneSI7DAKa6oawZyD+arhVSyOAcnBsjuSQhSDVqX4kiStPACa2R8uwG67FAw7vblPeGRgeEzBVYLc5PsQp35BkwAnu+UiaNDslDcZ3Dz7BRjPSUx1VL91ai30JlaocskGWoBxTsyDyVx2tozIeeVV1fUkUbdFIfzVTJW3e4Hw2SOIPAGyNVP2Y7PJVweIcsvprlRUg1PlBd2GVVVF+qqx2imZkDvlNg6ammw+rfpHO6smCx2hgAaHuH+abGBlnqbbeW8IgUdpvN4nDTE7SOSr+Dp6x22MOuc7Nfceiqajq6sGY6B3hN9R3VNUVlRVPMlRM55O+5RRrMf8mK/F5NRVdTUlG10Nqg0hu2rHKzdbdq6veRJK7BPGUNoODsnQxB2wGSmqOOAHdKfDAiFx3O+fdSqW3zTn+S3JKv7L0dcbqWlkZAPOy9R6c+H1DbWsfPG0uG+B6qNJHT0Xjb9VJNrhmH6b+Hlwrw0zw6Qd916LaOl7ZaWBscDXOHchaDwwwAR+UDbZCLSOVXR6/TeKq08Me/2D0NA0gAAdgm6fdHERKM2lyAcqnnB0I1SSwiI2CR/0jZd+UMeCR+6nhojHoodbWxxt33PYeqHL6I4pLkE/w4tzhRJK2OTyx9uUGWaSYnIO6PSULmDW/G++3ZWk+2J/shjY5JTnHKlspwwDI3UiNjW/h4TZ5WwjLkcUsAP7eRuhMkqIYf7x4Cq7h1A2mwIdyeyzdVU1NZIXulIB7BRywBK3PRb3PqZrHOhp2knGMgqglqa6rOZiWt9MpzYgXAAbqfSWuprJWs0YB9UDkooTstt4RVeE55AAJJV5aenKmqcHuGG/ZaezdKMiePFjzjckq+c2no2hsMYCTK46Gm8apc2FTbrFTUkZ1gajuNlKfiEYaNvZPfMZThoRqO11VWfNGcLDdqlDs7FWjUeK0QDK9/lAR6O01NS4FzNloqCwxxYdMwAq2jhjjAbDGuZdrXn7DfRocPMynt9kiiaDLHgqcIiwhrGfkFO8J7N5G4z7rmloxpaCVgt1MpfkdKumMOIoimOR27m6UgI8AOdgqcyllneAWlrVNjtcIALmjKRK7KHxhgq6en1/S3PopkdG5u8owEeWWkox5sDZQprkZjop90v5XLgtJIkTPpIW7EAhQJ7gHeWI7LooaipOpzcKRHboohqxug3vJaRBeHTc8pwoo9nPblSZXww7Hb0TGSVEnljaNJ7ok9xbwgWmFhAa3ThPDwQCwak80YyHyjJT9DGDyhGkA5YI5iqHDygNH3XG0xBy5wyF2on0D2VbU3eHgnCbgDciwfojb5eyr57gyPIcRyq6oupk2hcob2zS4OTui2oVKeSZVXeJx0g7qE+pll77FOioATqmZlShFEwDQ3GFBM5Z4IAp3SHJ5R47c3YzFEkkY3YBCfMX87Isi8Z7DaKWEZ7pj6lzhpjOkIBJPJQ8+iqU8F4HudK4nW/KAWb8JxIHZCOo7Y5Q/JkHDHOc3ByBsgGT0YiGBxOCeUZlEDvuq3INQbIeHHgIjKSR+DjlWcNseSCG7KfHQBoB07j3QO5BfGUkdqlfgnj7KbHbIWaTjf7KycGRDzHZQ5rjTxbMdqclTt/RarwO+W8MDI2THPp4t3uAUOesqZiA04ahmJ7hl3JS/n4wW4hJrqyPyQU7Xe5ChyVdTON3BoPZF8DBG2c+yJHSDIchdgmUMkExPeNwSm/LH+j9lbtpRjYBI049Ah+XLwD8ZWNptH4P3SMIG5CsfCaNtKY6MeiJTLVZXmHGxTHQ7eisPCJTDD+SL5GKlWkVjofRmfzQXR47furN8W+7c/mgOhzjy/umxsaB+Ig+GT2QzT9y1WQonOOdOPzTmUGvYZC0K0VLT/oqfA3xpSbTh34VfRWknckIzYmRDdjRj2WiNzFfxn7KGOg1b4Ce6mbCPNghWVVO3OGM47qtlbVz+Ud06NmRUqlHpEaWSNuzdyoUji4+itIrUTvOCjfIQM4TcoROiT5KB1JNOR4YypNPZjjM4VsQ2HAa0fomSuLhjCZkV8RD+Vo4BxumPkABAbsiSANIJQ2Nc/ZmyvLLjBLojuducjCDgZycKwFtqJyC44H2T222nhwXkq1LBbqnPkrmscfpGU8UVQ7ct2U58lBCQGuGUJ9dLI7RT5A9cIvkA+OK/IB8npHn2whkUMYzq3RvAraggSPw0p7bXAzBfue6nyL2VKnP4kAyAnFNGXFdbR19QQZPK09lagwQNAAA/JAlqZSMR7I1Zkp0xjzIj/JRQDVJu77qM+sjiy2J2D9lILaiR38zvwmClYNy3JWiuWDJZF9RRAnkq5j5HbFANI4gGcZx7q1EQb9IwgyRnI2/dPUsGadTl2VT6OPhrE35EnGBurZ0bAOEGZ7G8BWpGSdMPZBZQygE4AC4KdrXajhGdVAZA9FCnqDkYCMzyVdfQdr2xAhoCA+twC0HhDdI4g7KK7UXH/qjM9k5f0j5a2bP1bIEkrpOV1zMoErvDHGU2KT7MNkpS7OFgJIQnQHc4CaZX/hCCZKjGNey0RiYrZP2PIAOFwkYUdznE7krmSeSjMcpYHnOdnJhaR+L9kgMfiT8D1RJZEttgS4g4SOofi/ZPDBnnKXgbZyrcCsjCcompv8AUP1TPD5GMJnhEHO6XtC5Cas8rg0hcAA/EnNYXbNU2l5aOiTAx/ouuSIcN0tIHZCWpZGpYC5gei7p9lBu/HoaWeiA+PKNP8xjEIUbwbgNwA4KCpTyDfA5xyhGN3ojn5xvMWPVc1uHLUYPytAsyt4kcPzUpl1r42BgmJDeMoIIIyAuOOFfJUrpYLKLqaaNobJHkhSG9Uaxu0jHoqB0fcJoGnOUcZNCXqZx9m1ousRExodUuaB2yrql64YQAKkn815ecDcp4fgYBT4ywXHWST5PcIL3RV8DWz6JAR3XCyFmJKKQwPHBacLxyG5VUTdDKhwA91dW7rGqg0x1B1tHfujhbyO/kRl2ezWrre5ULRT3ICoh4yRk4Wgo62z3T+Za68RzHlhON149Q9Y26YBs0obq7FXMEtNNioo6gMdyHMdhaFPKDVqPWI62uofLcaMuiOwe0ZCiXLpyyX9niUxZFKR+Hb9Vk7f1jdKICCteJ4W7ebfZXlHc7RXnxKGtEE3JaTgIlLAM4RseZFVNabr0zJq3lpAcaHDLR7lMkhtF9j/3eVkNQOWnYZWvZXTxt8OvhEkR2zjIKr7n0n05d8TxvkpJeQ6I6QD6p0b8GO7Q1X/kuDCVNBUW6TTUs8h2DuQVV11roKwHMYBPcBbsm52jFNd6WK6UQ2ErG5OO35qNUdP0F4b4/Ts7Wy8uhkOCFpVqZ5vXeEnBbqFwvR5Lc+m66hd49ITIzsBnZQI6+SI+HUsII5yF6NWR3a0TeDXQ6N8DLdlV3G0W28M/mRNjlP4m7ZKNSPOSjOr7bItMzUVwMRbJTykH2K0tn6udlsNZqf2BHKyN06fvNn/m+AZYM7Obvso9NUtlYHNOSNiO4TFYyYfZ7HT1lPWN/lHP55TJ4wdl5rQXetoXNdFM7HplbG2dV09ZojmaY5QNyeCmxsyKlDdwy2pKyttsmulmcwc4zstVb7vBeIhKJPAq4xg6HYc77eqzBLZGjYfcIIa+NwfES1zeCDghaFNI5uo0UZrMUex9O9aMhjbb720kjyiT1Hv7rSyUcbA2sthw4jVjOzwV4rbb/FVaaS4BrJSMNkzs77+62Vl6kr7S1tPI7xoM5bvkgegVtZPP6jTyrfKNrT3FkjjHVuEUo/DhSp4YqiEh41NcO/dV8b6O/UzZYHM8XGQRyPYrkNwntswpLgz+T2k9FZim5IwPXXwUtPULPm7HI2217cnxGDBee2SPRec2q/Xnpe4/7MdY0ropmEsiqHbNlA4K+lg0Obra7LTwQqTqrpOzdV291tu9MJGPBAONwouHk6Om1u6Hx3rMf37M70v8Qq+yPZ4zTU0hAADXYI/6r2Gz3+gvcfi0UzXtLQ7Gdx918p3npXqT4Y1TcOkuFle7Trccvi+/stN0v1oaSWK5WWpMjPxsB59QQrbyKv0i/KLTX9v/ALn0uRlCe07YWd6S67t3UjRAcw1LRvG84JWneMhLxk5k4bXgDnCZqPCeQmJQC4KDrHo209aWp1uuTADg+FKBkxn1C+Z/iD8M7z0TUF0pbUUbnYZOwcexHZfWpAA32USrpqWshdBVwsljcMFr25BH2WbU6SGqjtZ1PH+Vt8fPMOn2j4cY+ell8SGR0bgdiCvpr4Jf2jZaU0/TvVkofSYEcdQ53mi9AfX7rBfE74OSWWF926fBkpQ4ufEG7xj/AKf5Ly2je6jna8HAJwvB+W8NDHx3LP6Z9f8Ap76j2z+bTvrtH6Y0dTRXOmbW22pbUU0jQ5kjeHApsgJ2/dfIfwc+Od16JqY7XXzOntkxAkjJ4HYj919YWS/WnqW3R3Oz1TZ4JGg44c3PZw7FfJ/LeGt0bzHlH3Dwvn6fK/b1L9DpYtW7QozXOYd1YvADjkZQJ6cOAwvOyjg9ZXLbwcin4BIUlkgIyqeV7opNJ5Umnn1NGBwlSeDQpKSLVrsjKiSiWOTxmDYcj2SiqNwCOVKAaRlCCsp4ORSsmbqYf/RDMs0MrXNdgenqor4pKSUzwEkE+ZqnMMFZFluP9QU0LCJkNUXtBxymXC30l1pnUtXHqY5VxM1K/YktU6Cra9iuFmBFleeiqNrtnUNml6B65gbUskiEUFTINnjfG/YrwyhHUPwJ6tf0p1LJLVdP3F/iUMm5+XGdiT3G/mb9t19DVlNFWReHINxu1w5B9lSX3p63fEGwy9O9RRtdUQamwvAwWHsWldHSav4p7jBbS28xMN8S/h7YPiR0tU2i8MFXQ1sethYcFm3klC/Mf4s/DK9fCXrKp6cu0LnU+ddJUjeOaMk4IPdfpJ0JfLh0Tc39CdUSAQU+llLKGbYJO+c7tOFC+PPwUt3xa6WqKCbw462L+bQVgbkxSb7g/wBLtv0XuvGeQlQ1bH8Wea814h+Rqy196Tx/c/MCOQkAI7TlSuqOl7x0Vf6npy/Urqeso3FsjHDG/r9lXxvB2X0DT6mF8FOLPkmo01lE3Ca5QdJcDgV1bU8mYNkroJymro5CMgccJJDhJEAMlaTjCCR7qSdwR7KMW4yoQYNipDCNI3UY7JzCc7FXnBDQW45gBJ3CtLc7TUtJPCpbYe2VawkAjBxutFcsHJ1UMyaPQmu8W37c4U+zbNH3VVaJPEt/hZ3AVnagGnSfVdKueUeau9xI/UWXHdR7CdwPdSb63OrdRbE4a+UUhiWaSzrRmZiv7Ecs5WfrXDxm79lcdPyhoI5ymRMtv4FtdifBbuvOuqP78fkvRLqQYW4XnfVH99+ilhWj4sQO1afAcSQrOj3Liqa3nEJVzayDHzv/AOq5+ojk9n4t4TSDTEb7qNTOPzTd0Sod/PIyo9McVLSey4WuX2HsvGyfyI1VZvSMx6KDTcKc7ekGfRQadeWujiOT39D4N38N6kirlpSdjuAvTg0A5Xj/AELUimvseeHNXsTTk5Xh/LxxLKPb+FlmrA9jTsApLOyawDTwiMByuF2d9BGt74RA0aQuxjbK65Eu8D0iNUwl2AF86/GCkFN1E1wZjW3Jx3K+j5XYxsvDvjvQBtRS1wby0g/su34W749Uv7nlfqvT/PpJY9cnlURBIdjhRbhTHwC4BFifuNlKnaHwFgGcr6NB+z4lqEU1oq3UNYyTVscAr0lnh1lMyVh2cMry+SB0biFuOka/XAIHuyRssupWeTq+I1Sr/wBKRJni8B+QrrpurMcwBdgKBdKZzfO0bcqPb6gwzNOVw9XSprB7DSW/FNSR7Vbp21UDJGcY3Vi3GBgLHdLXMHEbnbOC2MRHK8nq4bJ7T3GmmrIKRIj3ag1dO2WMtHJRo/pRBHkbrnyzFmxLJEtVsLpfKcY3JWmo6cR4e5uw2+6qqD+VUDbYq9blwyOFfzAzp3IwnxP6birLeK2NoLtWAe4HovDa+impJC1zfpOc+oX1NdKJlxoJqSRudbTj2K8G6jsz6eslgkZuwkbr0fj9VitRZ5PyOh5ckVdHKyWna9u+W/oUankw4jHKrraySCaSA/SDsphzHJqauyrE0eXtqWQ8rOCBsj0RDmugJ3I2XfDD6cTEJkB0SB3OUM3yJjHayJWRvDXNH1A5VpBV/J19vq9X8uqIgmKi1rdLnOx2TauM1nTr/D2lp5PFae+xVQXOS58I1dbTtBkp3gGKQEexB4Xyv8R7WbJ1NUQNI8KVxezAwBuvqS2VTblZIKku1yMaGPPuF458denIp6WG5QsxI1+A4Lt+IvdN2DzvltP8te5HmNkqtbTA52S3cZPZXB3wsja5vBqg4/ZauN4ewFvC97VLcfNNXXsswGHKKOUIcorRkpzMNnAePgI+A4YOCo7PpCWS05ySqAbaeUV10sYeTPSkAnct7KjMbmuLXbEdsLbRbYDhlBuNpprgzLQ2OQcOA5+6nZop1GOJGP0+64Rjup1XaqujdiRmpvZw4UI8IDpQtjZ0CLcd01PcDnK4R7I3BljV0HHZcXdPugIFy4EEHhSYK6Vhbh2Aoqa8ZIOU2uexgTqUjR0lyZJ/ePGQrBkjSMgLIRuLDkHdTaO6Ssdh52W+rUL2Y7NO3+JpsFyW7DwodLdYXANdz91PDg4AhbYWp8oyOuUO0Oa7ARMoOkOI3T2tLVojIANHKR9lJjnp+7t/sosbmcOOFJZG1wBAG/snouLwHJhdgNdkJzaaIeZp3Puo/hnOyKA5mDumReBySfoOGkJ4OOTsgiV2PpXWzNOxOCVYZJ+Yj4Lzn7JRjU7Y8qMHNPBC7q22KsmSxYx5xolAPojNircbOH6Kq+ZeNgnC4VDeHIg96RZiOsZ9Q1J+a70/ZV4udRwSii71DANs/mo5ZDjhknwqhztT2lE88eCYyfyQIb3JnzRqyhvUOkFzRnvkKlYHsRFEru8R/ROjkxjyqc250kmxa0fkiNFA/wDmAN390amWq0Qi9oxgJ0ZyQpzW0Z/CEUQUh+kJm5BKOCIHDC7gZBypvykHokKeIHIaEWURLBHDThIRuBypgjjxgBdELc5wqyElkCyLONkRkOCCWogAHZPDwOymQnE42FoGE5sQ5ylq9k7xPZTIyMUhwiaE8RNzt/km6z/T+6d4nsryH0PbG0bgfuuuaPb9ULB9U5rHHbJCJhKQ/hLxR6Lgwed10FrTknCS2MU0O1f4UxOMseMN3Q9zurJKaQ/UPVcIB7fumE47ppc71KMVK9IJjAKASMndOKjvcWAlXj9mS7URXYUnCjTVAjG4UaoukURLCcOHumUtBdrsBNEwNgPD3HAVvCOXqPIQqWUCqK7U7Q3Gr0UGWhr6l2twMcfqRytLS9PMicPlKb56sH1GMZYFqKDoaquDGSX2p+Xad/BiPCU7cHC1Pk5WdnmkdnbMdFPEZZidgO61No+GlXWaRcpvCjIyWMK9Jt/TtmtjWiipGDT+IjJKnPY0jCTba30cqzWy9FDbOkbHZmN8Cla94HLhlWgbgEcBEc3fcqPVTtp2+cj9VnnJsySnK+XJHrHhu4IGy876r6tiY40lM85GQ4g913rLrF3noaGU54e8H9gvM66vdO8lxJPfKpnW0Wkzycrq9007nkZzlRS7VklCJLySERpwlTnjg9V4/RYakE0j0XMD1ScRgoTWOcc9islkmz0EKl0jjm5OyLFD6bLsVO4kd1Z0lI7IJCo6enoGUlEX8tVpT0WCNsKTRUmB9IVlT0wbjyhLOxRRt5A01MGgeXH5oxapPhhoGENw91WUblHAHT7oFbOKeEy5GyJUVUVPGXyOAAWB6jvz6x/hQOIA90ub/QnUamOnjmXYO+3ySqkMUb++PYKlZGQ7UdyeV2KMuOp+5Uloazc74VRjk8xO+V090h0TsNw7ZQ7jX4Hgwn7lcqq1rDt2VSSZpC4bDKNL0ZNVqtq2QExpJ9cqbRwnIJH5ocEJcRsrelja0Alq0wjg5i57HU7AzGRhOmlBwwYSlmDRpa1AjBcclOjHJJz2oecnBKLoLuy6GEkbcIpAa1PhDBknLIDjO6Y3JcCAuvaS7ZEA04C0RiZ5SwPA7pwGUmgnfCccAb8q0sC3LB1oA5KHJJjsmOeXOAbn9U9jdslQoY0kndSWjI+yEAQd0YO0hMiWOaRsSEOeZsTfVBmqQztuoLpnzPOSUMpYQcVjkO6pdI7A+yJHHtqKHDFuCQpQbnAcNkn8uyNgwc5AC6G75ceER8lPC3JGCoFRVtlGmI4QyltKjyw01VFGP5ZBKoqiokfK58smx7eiJVyiP7qqqKjUSAufqL4pG+qtskySw4JL9yoj5nPyCcgcIQBOSnsByuVZa5v7TVGO0Y5zy7CKOE8NAG43XQcbAIEn2QFp90tPuiJI8EyN0ey5gJ6Wn2RKGSDNPsu6PZFw3+n90nBred0aiol5ACL0CkRRgO44QzLI12GBSqaCWRwOnnuk2SUTXpoOyWEEjiOwa3Kt7fROdu5pRbfQaWgubkjstLZ7RLWSiOJuPVYZz3cHsPGeNX5S9h7DY5ayVsccYz69h7leq2Dp6noomhrAXgbnG5KF05Y4aKnbojGrAyfUrcWq2GPFQ9u3YFLUcPJ9B8X42p7XgNarYIWB72j13/zVhLh50t7LskznYaAAnxR5IymJnsaqvjhtFFAT9QUxrd02PAGcIiGbHwQQMZp5QDylk+qSoLCEkmLmoKCZYigij1lbT0ULpZ3gAb4Qq26wUELp6hwa1vqV471p1hUXqskgoZnNjGxwUyEMnF8hr4aaD55HdadcVd6q32211D2QNJa4g8+qp6C3eAQ9zg4nk43TKC3RwYcRqJGST3PqrOPGnYYW6qGD5/qdRZqJuU2OZG1g2HPKeuZC6tcYrAliSSXQ0lCXEbrK6GnO5T2xk9kcNaBjSFBoENHouo2CuOcG8qEPHGUNzlOIqU591Z0vSdwqQ19XP4QPZq2mhvYAfkkcDutUk0fnuerk/wASipelqGE5lJl+6s4KCjpQPAhDcI52SSjPK2Uuxx4whknKIeEI8qFCXclcSUAO5KWSuJKEHpJJKBiQ8BETEYGBJiemICCXNXsk5cUCSyJcJGEiRwmAH1ULOHlcSSQBjUklwkDlQg1MT0B8jQMkqm8ESbH6h2KbJJoHHKhT1TI/xKvqaqebYOwEqVq6HwhnsnzV8bCSVXT3F0p0xcIJifK4FxyjCmDQDgJLk2aMKIMvkdyuomkAYwmhpJQNt9l4zwhmn3S0+6MIHHgIjaN70mVkY9m6jQajUSxCJFDCeF0QucVPioiN3IzYmNPGMLO9RA9Dpfpu1v8A1SAyicR/6orKUg5wprtDADhAkqYwMBuVlu1UD02j8FXTzg6ImMHIC46SONuBgqHJV5PJUR07pNskLFPVxZ3KdCorCRLmqRnbCiS1LneXCHpc4orYvULJZe5G+vSQXLAedxRGxucpLYgANkRrG9gkObfZqVMF0AEO+ot3+6IIcfh/dFGlu5GwTTW0zBg7kKs5I1GPY+NmMZHKdqjj8z9gq+e4nin/AHUV81RNs95VOOQJ3wr6J9TeI4PLG/BVRVXSpk/FsfdPFukncHDspDbfEABKAShUGIlfKXvgqw2ed2oNz67qSyjwATgFTtIiAaxgH2C46mnkxoYiVQv5oJ5bIb2Mi2xnKaCH7BuFawWguw6Y7lTo7bBGNm7qnHaNhP5eiibSTP3aNipMNE7IJGFbtpgCTowEZkDdvKhbwbKdPu5ZBgt7MAlToaSKIgsbghGijLiGtburKjt0znan4aOxKzzsOvp9L7RGhY4DGnGUfQGAOOwT6iop6UFrcl3oquoramfy5wPZZJ3N8G+NXxkuorIIoi5rsu4A91WGpmmOl52Kf4XiEEruhrcHGEvLkFwDZTZwSiGNjcEALrnADHC5HG550jcpig2SUlE6HNGAiNp31BAY3IUyjssk5a97MhX9HbqamAIblwWiuoRKeUUlLYS4hz4lbso2QNAa1oUuR7WjA2AWeu/U9BbSSZQ4jjBWqFOejFqNRCqOZsunNDB5nYA9VQ3TqaitmsNIkLfQrE3rrKtucpDJXiPtg4VMJnyYLnE5zyVrr0x5rWeae7ZWXt36nra4kMOgO9CqZz9e7v3TXSD9FGkl1nbstEaEjjX6qyzmTDvl22QPFzzumOLnrscBc7zcH3WiNSRglqHnCFqLjsneBK/gbI7YI2gEDfvunCoZGDvgq21EuDlMbDSNP943dFAjjOcgYUSWqmd9LtkMOf8AicUmdq9Guuhv8ia6rj4ZyEB80j8gnZBDSN09Z5XNmyGnjHobgpYKKWgdlzAVZch0YKIzATU8tbyhulABUHKSR0kDumumI4CjyP1HbKQODlTBN6DMNRMfKMhTKaiZAfElcCfRRYZpW/QMIwZO85JO/O6phx/ZNfXwwjDXEk+ijPraqc6W8dk+KnyBloypUVO0HOAPVBjI5OcumQxHUu3kHKM2kGxU0hoZuOFHkqoYh/MdhGosN8fkIRCPGUTLQPpxhVtRfKaM6Qcn7quqLnVTeWM4yq+MzXayEHtj2XzqqGIEyPx+ag1N+p4vKzc/dU/yVwqzqdkhTKaztYNVUFWzngzT1F81xwgNReKypIbC8tB7ITLbXVTtUkhwe5ViZLbR/SASq+rvTn5bAC0LRXVk5+ovphHN08v9EqK2UdPh1U8DT+6K+82yjb/ujf5g2BCzs1RNKSZHk5QGx55CeqTkWeVwsUpIsqq/VtUcSSHHsVGMhk3dkqPo90eGPXnZX8aM/wDKtvf3sc0c4RG7Ee6fBA6R4DBueFtemfh/XXSRskseAhwo9HU0Olu1MsVozdvttRcJGxwRl2Tg+y9M6V+GUkbhU10TQ04IyttYuirbYYW64GF5Gfz9VbPqG50tGwQSake78Z4GKxZqPyA0NBS2+IRRQtBHcBPd3JK74o3KC7VUHDQkzyj1MKFBYj0J0zj5WjJKfTU1VM7MmAEekoSw+JKM59eyPK8MAA4QDYrAhAI2+bH6oElQ2IbYPtlBqazRtk5VTUTukOxKtICdiSwSqy4OcNDFBZE6V25/Up1NA+d2w45JVpFSNhAcR29U+MUjHOe4jQUWMOHZStDWNyTgBEkkZEMYA/NZ653wAOpqc87E5UFKWCxr7tS0MfiB2s+mVla+8VNY8vJ0tPbKC7JyXOyhshmmOIoyUtvgW27HiIN5Lzlx3Umjt81WdLGZCv7P0hPVsbPK0j2IW1t1gpaGMFzASB2WSy/Yx9Whst7MhZuk3uIfJH+y1dLaaeia3yAnCsJaimpG6SA3ZQNVTcHkU7P5fr6rHdq4xX3Hd02k+OOEh8tV4bdEZG6DT0VRXzaWDbvkK3tfTrnSiWZv6rQQUTYto2BuPQLk6jXNv7GdenS5WZIo6Lp6NhzK05CtYaZkTdMceMKxZTZ3wuSPjpxkY1emVhlqJz/I211Rh0gDKRrm65xgc8pGamjaBGAT6IscVZWtDdIa3ufZSI7bFC4P05I7JMrcDlHJBipqmpfqcDj0U6Chp4t3k6lKfKIQNhhVVZci4uiphqcP3SpTcg1DBNnqYaZpBOPRVtRXz1Xkgkz+S7T0lTUNEtUeeynxUsFOPK0ZQ5L4KplvlnfqqzlTI6WlpsY8p+yPLUQxnEjw37qsqayarm8GiZqGcElQAlzVbIm4jIUMur6p2GcFSobQ4kSVLwXegU1kbY24aMYTFDPItzK9luOz6kZKNHG2IYZwu1FfDED4j/3VFX3UPy2B233V4AbLOor4Y2kOI291S1d3Bz4T98qDLNJNnVk7eqBHTOcfTKangCUh0tdVTHGrAQjC+YgkY9SprKZrBkhPBY0YwjbyDtbIcdDHy/AIRmxsj3ATZZmg4CA+XI2JUywZRwHfUNAI2UR8xdkEJulziniBw3wqA2sCS4nK5ghSdLccJaRzgKOWBihkAQhhhKnR03ibDlSYLRJkF/CXKxInx5KpsJkPlblHp7bM52Q3GVfw26OPA0DIUgx08Lcubv8AdLlekT48FVTWgEfzhlTWUlNT4IZjHcodTc4YRpjBcfRVs9XW1ZAYMBJlfwGopFjLW0sJxqH5Kuqq+WY6aYEJjaSR+7xupLKTRjyrPK/D5LwivDax399uCntpCdyMK0FOT+FEbSd+EEryYRVihH9OPzRRRgYwOFZilGPpT/ls/h/dJd3omEVjaZreGj810QAfhCsvlP8AAP1S+UP9AV/Lkp15IIhAGdIQzGO7ArE0/sEP5b7K1ZgnxFf4Q/oCDJGAPoH6qzNMfZDdSuxsAmqxoVtKvQEN0Y5Vn8o5xHlRYbY9x4TIzyT4slKKcux5U+O2eIdhhaKntrXFvl27qebfDC0EDb1T4vIOxLszMVqIIy0o8sFPA0E4aVIr7tFSSGOmIcfZU7xVV0pkm2aeydEktq6FUVsTR4dONb+wUB3zVQ7+c3Sp8dJHCctG57ogaNgey0wlgTKO4rhRZxqKTY2xZ2ClyOa0YHdRJRjfKemInAHI4OO6iye26O6KSTYNSZbZ3ZLuPsmqYmcJPhIgPl8wAC46ComwGDGfZW0VthYdThuuvMETcF2MK/lFfA+5FZDbHkh0wBG665tLT84bhGmfPKcQN2TY7Y+Qh0+cqfKi/ha6REmrCTpgchNo6uc5l4Ku4aCniGdAJRNmDYKfKg46aT/Lopf4PAMF4yUcUcUbQGgDClu8xwBugvic8I4zyM+GteiPIQ0aWgKK5srj5jsp7qYgg4/dOMIIA0oxM6l6Kt9M5xy4rnh6O3KsXQ44CDoHJamR74Mk60uyCWajuFwxAtGThGmLG7EqHNPFwHEla4dGOxKPQ4xtGds491Dme0EDZOfLUE4iGQUJ9MXbzBPSMlryCnf/AE7qBJ4sm2lWggjbwEMwtcNhhMSMk4ZKk09Qdy3ZCMB5PZWj4DnlDEBCYjJOuPsrjF7IToRucfmrTwR3GUF8YGfKmKOWZbEiv+XL9gmih0jMuPZSHStYcIL5y8EALRCD7OddOMSNLBG3OQAoMrWgnDgp00b3HzZGQg/JwjBLy8+i0xjg59s93CK88pAA88KyEMA28P8AdNdHCfpjRbWZGyKwUDR/Nfg+6KJLYNy8JSUcD9y3hNNHTY+nn3V7SlKSf2hRV2YbF+6Xi2vs4KM62UueEvkKUnABRl/JL2iT8zbO2P1TPnbaN/DafySgtNI5wDnEAq4pum7E7HiTy+41JcnguEJ2P7GkUZuluzgU8f6IMtzik8sNLj7DlegUfT1gdG1jaNr8d8bqdDarTTY8K3tz9kDmalorcfdJHlRfVuOW0bj+qZiuxvbp8f8AKvYBHbmgYt7Rj2RRNT42o24+yVvGLQr+pnjYZVHmkkH3aUiyYcwvH3avZddJt/ubM/8AImE0X4qGM/8AgCm9hw8apcxkeO/zG8tcPuuh5G2r917F/DrJWDEtHED3GkBQKrorpyqJxH4Z9Wqb2SXiJtZjJHlge93Az+a5gAklnPqvQ5/htb3/APZayRn3VVXfDW7Qt10lTDUDktad8I1PkyWeP1EP6cmNfAHbhuCgyUshGwV7U9M3umGXUUhA9AoJgqICWzRFhGxBTk0ZJaexPEotFU6KrB8rAhfzW/3jMe6uNWeyG+MO5CiwZ5UFY4QH6icpjou4cFPfTNeCQOEFtO/1wmtIzzrsj6IuXDZO8RyKac+iZ4JzjP7K9qFvcuzrHNHICnU9wq4WhsVQ9o7AFVzmuynt1MHqieUSFko9GxoOsXkMirYy4gY1g9loKS5UNWAaWraH+hOCF5kJTkbI8TyN2kj7FX8jRpjqH7PZrb1bfLWQ2o/3um/pcMkD2WttXV/T90Gl83ysp/C7jK8JoOq7pQtbHrEsY7P3K0NN1LYbkGtqgKWc98Y3TVI0V3rJ7e2ASMzDIx7HDYtOxVPW9Pt8T5imLqebkOjOFi7Verra8SUVZ8zAeBqzstnb+sqWqa2OqjLHnnIwE9SHOSl0Rp7jVQs+UvdG2shO2sjdU1f0ZR1rTU2Gs0v58F2y2+mhr2fy3MdnsVUV/Tz2O8WjeYnDcb7JsLMGPV6SrVQ22I87FXW26V9JXRkhp0uY8bKvunRVFcg642GXwnu3dFnh3fZb+pnnwYL9QMqYgMB4b5mj7qlqLVCHfM2SqLSd/DJwQtcZKSPJarxEtP8Ai2zyetiutmmLKuF47Z7FSqa4RzNAD8O/Reg1cNJc4XUV9o3A9pGjcLH3z4eVtAPm7PUCpi5DQfMAr3bGc11tcE+zdS1Fvdpnc6aI9ickfZbChvFFXsDoH792nkLxyG5vpnmGsJY5pwQRwrihub2kSUcrQfunRtT6YmVMj1J8DJdy0H/RSbffJ6B/ylfl1NJs17fqZ+ax9o6qcNLK1p9MjhaIltQ3UACHfmnKwy26aNkWmjdW25VNrljq7TP5D9QJyHD3Xodp6jtfUDflaljBLgBzXdyvB6W41lqeXQnVEfrjO+3qForddKSvAqKGoIlbgkNOHAq8o89qvGTh0etPpK23SF9uk1QE5MLzkD7ZUqnrIqhwjDgH+ndYywdcmD/db05zoxs1w5C181HS3CJtXRyBr3DVHLGf8005Dg4cE2elimjMdRE17HDBa4ZyF5B1p8Jqiy1EnUHw/Iha5xdNbSctd/8AS/32XpDLtV27+XfGhrScRyt3B+/oriFwmY2SMgtcMgjhQuq2dP49f+R899OdXzzTscHOpqyndgtJwWu7jC916H+J0Vxay33uZragjS12PqWT+Ivwtpb/AAm89PtFJdYAXNfz4h7545wvJaS7VtBcZLNe6d1JW050kk4DiO4UNsqq9VDdV2fYpLXYLe4yhPOleQdDfEyaF8dvu02sbNZITvj0K9aiqYayFs8Lw5rhnZAcq2qVUsSOyHIzwobnuJU130lQ3sdqOygvA3AflrgCDyCvKfiV8EaW6PkvnS0fy9Q7Mk8OMsPqR6fZeq507rhncRg8JGo00NRHbJD9PqrtLPfS8M+ONNZbqt9FVwujlhdgg8hekfDj4p3vo65xVNDPhhw2aMnIlbng+43/AFXpfxB+HFr6wozKYhHWRAujkbtuvnq8WO8dK17qS507oyw4Duzl4fyvhEk9qyj619M/VEbZJzltsR999G9Y2jre0x3C3TsFQGgzU+d2FXun3/ZfB/Q3XN76ZrmXG11GJGHI8xGF9dfDj4o2zrukZTytNLcmsy6NxGmT3afX2XyjzHgJ0/6kD7x4T6hqvgo2vk1s9NFJ9Q3KpKl89skBcC5mcD7LQEAuOFHqaaKojMUrQ5p9l4+dbiz2dVn6IkU5cGuwPVWEU+WgFZeolqLHOGTgvpnHZ/8AT7K3gnjmY2WJ4c0jIISzQsSRalwcMbKOYpaN/wAxBktz5mobZHEjKnRytLQ13dMJyjuplZDlhGcfoorC+nf4bhuCpRha3+ZT7O9PVdcyOob5gA5UC2mjsNRqG6e9pD2VEONbDn7j0UBgMUmk52UqKbYBHGWGC4ezP/ETo5nVtodXW1gZcaYF0ZO2/oVm+kupTJTGy3WJ8c9L/KfrGDge3ovTYXBnsDysd1t0n4s0d+tUeiqjGXBvDwurotY638cumZrIe12eC/2r/wCz1S/E7pl/WXSjMdQ2yINaS7zVULR9AGPrbvp9dRX51zNqaOofS1EJY+I6SD6r9ebNeWPa6GZvlPlliPY+oXyv/bV/sy+D43xf6GpWSRFrpbzBAzsMEzNxzjfV+S974TyPwP45vj0eD+p/CfyV/Jr/ACS6/Z8ZxSk4Uhrs9lXxPAcApUbwQvdwuTSaPl04NPBKantyHDZAG6JqWuExWMEhpGkbhOUUE55R2uAGCUwAKeFFPKlHhRiDlQgNObyE1dacHKprJM4Ra2l58YAjGyt4yc5zwqKgeGzNPCuojg+qdW8GG5Zlk2XT9UDH4ZPIWgpn+G8OzysVYajRUaS7AK1zeA7OMLpUvKPM6qvbNodeTqa5w4IVfYXHXz3U6vBNNnkqvsxDZAD6p0iQx8bRbV5PitOVa2B3l5VZccOaSO2FMsDsDTk5RxZju/A0VaSYt1591X/ftXoFZ/dYXn/Vm0wKuzoHR/7iIdv/ALg/ZWlqeQ3SCqahmHgOGPZWFolxK4FYL+j1fj57ZtEqYnxnbpRbPBzvkJs7wJne6Y7fgrg6/wDA9r4+z7zXMHiUYx3aq6E6agxKyoBrtrSecKrcdFcD2XlbnmDPoGmlugi6sdSaS9UzycDOCV7pBl8bHjgtBXz7rwQ8HBHdfQHT8oq7PTTHktH+S8r5irMFI9d4W1qWwmsOcKTCOChDlSIuF5ZdnrFwGaABgLq41dVMcnwMlbqXmfxptbKnpkzkeeJxII7BenkZWU+I9EKrpesYRnETitmhs+PUQl/c5nlafn004/2PlNvIKnQ4ewAkcKC7yOLDy3ZGp3DVjUvrFK3JNH5+1axJoBcIgCS0dkTpq4fJ14a47FSaiDxG/kqAOdFUagcEOQ3JbcCtPZ8c1JnsbWR1tHlu5LchZwtMFQWvGNJVl0pO+aiw92cNCfeKBxd8xGPcrhXpo93pZ/LBSRY2CvMUjWl3B2Xp1qqRVQtdnfC8XopiG8bheg9J3Zrmsjc8enK895HTZ+9Hr/GarMVBm6Y3blFaUKENc0EHYooGF525YPRQfIaPZ2odlf0DmzQgHkKgj5wrS1yeFMMnYrLzk0YWCwlYWkDC85+Idmb43zcTMHGXL1CaIOAcAqTqG2tuFvkwzztBP3C6GkucJo5mrpU4M8EloNM/iBuMhDlgyc6f3WmqaHDiA0YBIVVUUz4yQW8L0leoyeR1mix98EQaSQmN9Oeeye1ukqMwlk+Qe6mPZnBC2KeTiSrYGuJe3PsplgZT1dPNQSjzOBwokzSBjGU+z1DKO4tdIPK44+yOLFTXA7oCqEVXc7DU7GKdzowT9QQut7Sy52aspZIw5zQSzPYoXUIf011/Q19P5aWtaMH1PfK0dzayXW0t2kyf1WzT2fHNSRy9ZHMdjPjqohnobhLSysw6N5Cv7ZVa4hGeQp3xPtE1qvz53sGiQncBZy31Wlw919A0Wo+SCkfNvJadqxmoYc7qQzG2RlQaNwlYCFMaF0U88nBujh4Dog5Q09QUGZjHCM1R2orVaTA4CFjXjS8Aj3VLcumy9zp6JzRq3LD/AKK80+6I0e6LAUbnW+Dz+alnhfplic0j2Q9PuvQnUkE396wO/JVld0xTzAvpyGvPbsicvRsr1i/qMhp900s75VpUWW4QF38kuDeSAoTo3DILd1Sjkf8AyIT6IpbjumqUWAn0XPCxvhRxaGxnkFgpAEFP0j0SwEvlDeEdY4g5B3Cm090ni8rnZaoSSbG2cX9oqyCmjR0d4gfjW7BVsyeGYDwzlYVuxyDurKirquPHlc5o9At1Goln7jFOlI18TGk5OEbXowAFQ0l5ZIdOrzKzgqxLwOF1ITUlwZJQlBk9sgcRspcbWOxuMqvbMDgYRQ7UMgrQssOFv7LBsMZHOU7+H+Jjw2KG2VzMYUiK4zxHY7IzVGcGF/g7iAdG/wB1w2mo4BGEVt2IwZlIbd4NstKg+EaX2RP4TULhtU4GdlYi6U5G+BldbWwE5DlA3Ct9Iqv4fUA/SniimGMtxjurhtTG/wDJE1sIGDj8lC1CC6RTtonDfR+6I2kdp4wrPyc6QujT/SoU/wCxWikdn0UuOld5dz+qlCNh7IoaOVWReWmDDHMG6KJXMwMZTtk/yo8sNTzwcbUvOMhSA7IzhA0j0T85U+RhPAYPOU/UQMkfuo6fkqfIUEEhP4U8EZQmZOUoyc5J4UVmRgcSeyID3UdsozjCKN0zcGP8Qei74vshro5VpgSntHeK7OwTw6YjeTb7JrQBg4RRIwfhTED8g3S/uP3S0O9EXV7JZP8ASUOGR3Y7BgegXQfQJ7iADqUSSZrThnmPYZV4x2Z7tZCK5ZIA3Qp3DnIRKK3X28y/L2yjke/jyjOFfUHw1hpZRU9UXoBpGfAp8ud+fohdkYdnI1Xl4Q4Rkpa0sBDG5PCnUnSPVF2YKiSM0dMRkSSjAI9lvGRU1qDGdHWCMPHFZVN1Efl/6oUvTFZe5Pmeo7nNUk7mEHEY/JBK7PRwtR5Sdv8AgyVvsPT9JUj5CCW6VhH1vbmH75WrpemKq4v8S6VRjY4D+TFs0K9obfRULGw0lOyNreA0YU0hpHCXK1s5dupnLoj0VrorZEGUcYaT9R7lOnGSPVOcTqO5TTvygy2Z5WSfY1vdMOwyUQuaBknZQLncaemiD3OzztlBOWAYpzeGMr62KmjMkjgAPfleZ9W9Wvme+KKU5Poo/V3Vz5nvhil34GDwvNbncHzSYDy71OUOcna0Wiy8sNcLm6Rzmtdkk7lQNZkOSg7uOSERoI5S5zSPTaPRbmkg2NAGRyuHnfZI7c7pzQH4JWWcz0tFCgtqONDnFSIo+E6OAuxsrGmpfpw1LOpRpmxtLS5Iy1XNFSgEHTjZPo6TYHQrenpgAMtUO1ptNjkDFBpGzUXTpGFJ8LA4Qy053QyeEdGMElgR3GFDqp4adp8V2EasrIqOEyyuxjgeq87v9+lqpXRRP2PdJbMuq1UdNHLA3+/vqpXRRP2BI2KowSXZPJXNBO57pwacqjy19srp75MKAAMqPV1ALNIKdPUCNmAFVuL5H84RpZ4MV1qisDJQ97991JpockZCUcWe2fzVhSxDI8qdGODD28sUFOG42RpXaAGtRHBrG4CGyJ0rlqjHIuyeBoa55BKlRwgY2RoaXABcEOomDSGxnjutEYpGac2PIDGqO5xf9k3XI/6iigaeyPsRKWBYxyE5o1FIAkp+QwZwmYAHgBjd1FlkL3aQNk90urYArkTd8kKAiiZwXd0dvlTXMJII7J+oNG6hB7gAM+ihVVUBsFyprWgED7BVx1zOzlSUv0MhH2wrpHSuR6eAly5BTuxkqRqEPAz7IVzyXOXpBmxhoHZcmkGA1qjvqC4jsoVVXeCMg5IQWcErg5MNO8O8ziAqWqrSHFkLgAO6DV3SWQ4JwAoLiXHnC4+r1n9EDdRVFcsK+WZ5Je/KGOUsFPHKwN78ZNfEegjWNxnC6WgcBJnC65RcFo6uHhNSTEKOEHKQByn4CRAwrLOjGMEhdyB3QTzyu4ciU8FpZEXYSAc84AwiRU5cd1YQU7W42S5yyaadO7ZJAqOhMpDnDhXVvp2tOkDCFTNEYwGZzstNY7GJ8S1G2eB3WO55PTeO8Y1LhDrRa5a6XRGMY5K9L6dstPRwNIZvjc9yVW2C1QwvIijwTsV6Z090+XBk8zMNbwClQie/8V46TSJVktLQ1ssrPKN8K9IyAAMAcLpHhgNA2T4mE8hVM9xTp40xSigUUWTuFL0DAA2wk1gaMBOQmkSSSWcKtyYzIkzxD6LhcByhiQOJGlWVOzaG1Ag52UKtrYKGB007wAO3qnVE4HA3xwvJOq+p5rrUOpqeQ+A0kEg7H7Jlccs43kvJR0kcsF1j1bU3ipfSUshEbTgkKhpaIHd+xRY42cuaF2WqYwANC2Qjjo+farUSvnvkya0NY0D0CeCNxlVzKgu4R4mySH0WqEcmVNslajn1RGku7LkUJOMhGiiwc44T4xyMwxNZ3IRmsGEgA3f0Sc8EHCk44IkIkN25XAS7cDhM0ue4YR8iJoJHCAcoZOtGkYxlVtdViOTSCFOkdUP8sLcbKO21RvOurbqce4Kg1VsrTwo+XA8KQuYC1NZPzQDwUkby4QTyltYIJJJJUGMSSSUIJJJJQgkkklCCSTElCCSSSUIJcLhjlcLgRhDAPqglLBDhJyuJJJMpZIJNTiQEN72sGXFQZhjkOQj1Qn1sTAdSgT1omOI8oZSyXGOSW+qiiB1Hsq6prRLtGuFr5TnCLHRY3clWT45NNdbfSITg6R2XbpwiOOP3VkKEkZwiR0BfwscrcPk6Gm8bqNVLbXErWRjchqe6N5xkYVvFbgPwqSLc1oDtOEqepUej0FH0vbN4sKRlG9w3aRlFit2HA4Vx4UUY3GMKLNW0kGRqyVjs1U2+z03j/pamnDksgRRBnbKc2JrBnSo813A/uD+qgzV1VMcB2Fku1Oez1NPjoQ6WCxmkYwYHZV89UQfKmBlS/eQkgp4pDyXLK736NcNJGBHNTMdjumlsjhupgp2A8Bdf4bBu3P5pMpOXY1VKJWmB+SkKYg5KlOkY08IDq2HdozlL25K4idbENtuEtTR6ZCjyVMmf5bdih+HPNu0Ivhm/QqV8YkmSsjZsSgOrHu+ggJ8VBk5nAKOyjgZw1Mjp/wDmM1mql/SQy6rdw7IK6KVx3ccFTmta3Zowu4HomLTSf4mO3WbfzZEbSDCc2FrTwpKc2InlOhorDl3eXqr6YAMOAAMfmnMp3PcO2VIbBpIyP3UlgawDATloZds51nm1N4gAZQA4JH7qTHThg8uE4TD+ldDs8FItqVUTboLLNZLGDoY0JacJyWCeAubOeT3Wm0ihFJDDg7YUqlo3zHduxShp2NAfKNylLcDEdEGwHdY7rccHY0+n2YlIsWRUdANUmMlQay6GY6IchoUJ8kkh1OcTn3TRsszk2bFLH4jna5Han7ld0ADhIvAHCYXuOwGVSi2W5fsQOCdk06nuDQN1Ip6KqncMRkAq5o7aKZuudgyU6uvkTOz9FfQWp85zKzAVvS0FPSnLWgn1RDK2MaQAB7qnunUdDb251l8mM6WrXCoyX6mFa3TeEaRpaxp4AVNX9UW226/EmDi3j3WIvHWtdVReDTAxDfJWcke6bd7iT7nK116ds83rfPRWYUcmgvnW1XcJHsonuYx2xJ7rNFz3ZL3lxPqU0NDdspj5dHAytldG08rqNbbdLdYx5Y3OeEx7gwbbofimU4HZEZFn6u60xijFPVxXQMSukOAEWKklk3HCNE2mjbl2AU2SuaPLDv6qpYQMZW3SwhzYWsPnIymumDNgFHfI95ySutweSlTtwdSnSpfkPM7jsm4J3XF0Dus8puRtrpjF8HcBdxhPH0hNLggwalFHcD0SJwuOqRuFHdMDtlDkvKQUvA7hDNR2wo7sk5ymjUTwqB384DmYlBMjvRFZSudggKXFRnbYBGMhByIDY3u4ClR0z9naVPZSN28oUtkDGAa27KdmmNHtlfT0wdtjJCmx04I3GF2WroaZp0/UqyW8SvJbC/OPZC1uLlOur2WrRDDvK8NwolTdaeAERnUVVOlnqz53ZThRySkAMyExRxyZp3zfEDs13qZgWswMhQmwXCpeTICc8K0jpKWMBzxuFyS400I0sdujWfRjtksbrZEeGzA4dUjAHspZFspMEOGe+VXVN4mcNLXbFVU7nuOSTk7p0KHP8jm3+Up07xUsv9l7Pe2xjTTkKoqrnVzkgv2KiOBPCanRojHo4t3k9RdxJnHF7zlxP6rmnHZEwEsBMdajwY3Jy5Y1dantGoqRDCw+ZzVa6Dqqc3n0DhhMjsYVtbbLNWysp4Bqe/gK46X6Mul+mjFFT+Rx+ojbC9w6S6BtvTsAlmbHNUO3LiPpSLJYPY+I8BLU4lJfb+zK9HfCzwXxVVyhAawZ3HK9DAt1sYI4mMYG7bBNr7qY3GCnOw2JVU4ve/U85ys8pZPpGi0NGkhtrRKkrJZpHSOPkPBUczt/DvnlNe0uZgdlJoLXPOPEd5Akb2mdJROU0UlTKGgbDkq0bRQ07QQd/fuuvfBSwhkfI29yVElqZJPrdsqb3BvhBpagFxDOAoFRU52Q5al2otjO3qgwU01ZKGAHCOMcmeywbI4zHAIKNSWuTUHzDYq0pbMyBwllb9KdcLpR0UJkdIHOGwaOSVbeDLOeewUkENLD4gbgtVLcL5A1mlh3+6rbj1DU1cj42NLQfdVjg6TAxv7o8oDDlwg1TX1FSceIQ32KiRwOmcADz3U+js1bWyBkUZI7n0WvtHS8cTWOeweXkkJM7YwWWFXpZzfJnLZ01NUEGRpwD32Wrs3S8dO8SSMAA9VeQ0MMAbpb9IXamvipxpc4NIWG7V54idXTaLY8tBNDYGHYNAChG4M1FsZ1IdPDdrvNpa0Mpxw4nlaa29PUtOA6QBx77LjX67azsU0vpFPR9PyVp+YrnHS/cNx2WgobbBTMDYY2tA9Ap3hDAaBsOEQQOaASFxr9RK2WWb6accggwBEaxgBLjjHdBnmZC36gXdh3RKWkqqlgfUO0xn8Pqs/yo1YI0k08jtFGM42JR6a1YxNUEPkKtIoIqVnkYAFBqrnHEdLBk9lTlksksa2FmxwAq2uuUfERyR6JZrq8eH9EZ5PqpFNQQUx1BoLjyULYcW0QYKWtuDWvqHaY/wClT4bdBT4LQMjupJc1gAA2Vdcro2lk8L8XbCtPJeSQ/SzdzgAqye7CSQwUkDpnj+ndOp6G63PDqkCKI8gnkKzo7XS0JzEwA+uEwXKWSuprJU1eJq8hudw3OcKwbRMpWhsbR+Q5UqaobAMuO6z11vrmOIj3xycq0AWNRUiBpJ4WfuN9/BEPvuq6ruVVUO2ecFQ/Cc8guKfGPAASoq5Kl+p4TGAv2IwpEVNtktSkaGnACIgNkWOQikNjAO32QzIwDJPCjTVbeGHOFBbx7JE1QANsKHLUnBGEJ0jnnBRI6ZzsOzyjyECMj3u4RmU7uSjxU4Z2RQzsglNRKUcgWxtbwETQDgKQykkeRpGxUyKjY3BcNwlSvSL+Mrm0j38NUumtWreUDf8AZT4mRtBwBsgVFxhacF2ANkiy7JNoeChp4xswErk0sNM3LnYVXPdp5Dop2HHqhinqajDpng57eiRK3ISeA1ReSHYpxkquL7nXVB8Q4aeFcU1mb9RDVNZREEYAASZ24DUclHFQvOzxn3U6mogzYK0bRtH4d/uiilDTnCXK3KI44K75M84/dPFIQcq0FNtxn3TxTeyzysyWoFWKbAxpThAfRWgpwPwrogH9KHcWq8ld4A7t/ddEIBzp/dWYpsfg/dI04/oVbiOtorxT4/D+64Yf8KnfLHsNkvBI4Z+6JMHaV5hHqh+A31/ZWRh32KYID3P7JqbZMFaacdgnMo8nhWbKMHkqdT0LcZwE1Jsm1FLFbm5GQFYRW2Jo1FowOVJq56O3Ra53tB7D1WYr7/U3F4pbc10bPxvPotEIsGWIk643e127DW+d/o1Z6qrrhdHO0OdHCeyfHamsk8V7tZPqpbGtY0MwBhaYIzSW4qYrYyM6tOXepKM2PSNwprg0HZRJJQMgBOS4B+PAB+BvhRJJBjACmiN0mRjYpMtjS7OEzKyDtbKmTVK7AR46HXh0myt20MEQDtIyEOR8DRudOPQI/laL+L2Qm0scZyQmy1LWDZPeZql38lmWdnI0NrGzpTur+Uv42uCqeamZ2mJuycy2vJDpufsrxlG2NvlACYQDyi+RgLT5eWVrKER8ABdkaA0eylytJA0oIhc44cFPkZezb0ROTgBMfAX7cKybSMaMtblO8DJBwmJ5BZV/J9yuCADluMK0kia0b8BVlTX0tPkSH7D1WiCbM85KAJ8KDUPZHjUQo1TdJn/9niJBUXw6mcapTse2VoUPZjstUugk1fTs8o3OFCfUTSf3bNlKbQwDcjJCa5jWbDATYmKeZdkN0Uj93nBQ/AA2wp+gngJvh45WqtGSxMgiLTlrQmuidjcfup/hj0TC3C1JGaXBB8NBI3Iwp7mtbnVsFBqa6hpW6u/plOhHJivtUewZjIKFMxsTNTnDCiVN51ginGn1VW+onlcTJImwrbOZdq4LpkypuMEZLWnJwq2etmmOM4BTTjOSutiDsY/VaoVYOXfqJS4TBnXkEnOU4A44R/BbjcJxfFEPNytEYYMM555ZFcXH6gh6d0aWpYD5WhRJZ9saU2McmZ2YCkt33CCZsbYQDO4lNzlpKbtSQiUsh3zgDhAM540hDcTq5XRwlNAOZ35hy4Zj6Jp4Qi3fhRcFb8hvnH9sp7a6oxsVEGy74rf6UMobhMrHF8FzSdS19IRocSB6lXtH19C0D5ul3HcFYrxW+i4XAnOlB8QyvWWVPKZ65b+qbJWRtzLHG49nBXlK6llAkYYi0jY7LwxpA9lYUl8uVK0Miq5A1vA1FL+M6+n80oL/AFEe4QxU2caYv2RHUtI7bw4j+QXmFr670uDLi0kcZb2WvtvUVqr2tNNVtzjhxwVXxnb03kdNdHKL4Wqkk38JufZcFkjHDAM8IEc9Qd45AW9lIbW1GMFyW44OjCVcuUgbrLJnIwR6YSFt0b+Fg+oKkR1kxOC5SRUAjzHChojjHCK40TDsWk/dR6ix26sAZVUkcjRnAI4V0ySkOxl3PbC6+nafp790XJbrhZxJZMZcOgLFWQ+HFEYj2cFnq/4XaGgUdTk+pC9UFICM/wCqC+AtKpNmO3xtFvccf4PCbp0VfLUXOqKRzox+JoyFSmlfE4h40r6RdC5w339MquqOnLNWHXW2+Nz98kDGUXzYOfd9P55rZ89lke/mCD4QXsV3+EtnrnOmtznwSHcNzssjcPhX1JRhzqYMmDeBlRXnG1Xhb6nlxyYZ8QJ2CcWYUust9ztUhjudvkiI2zjZRRNG84bt909XI5V2m+PhrA3QBxsu8IwaCAQOfdcMbsbA/oic0zK62uhuQuFoPPZMeHMIT2yb5worMC/uROob1cbW4GCYlo/CTstRZ+vKeZ4Zco9Hq4DhYzWH7acLggAPHKarhkbJpntluu1LPpmtlcHDGRh2/wCi0lPfJsNZVNB9188U7quje2emnfG5vGl3+i1ll67qYS1l4BmA21jlOhblmqFyawz2kmkrWb6SPQqrqumIpsy0rtDuRjuqe0dVW2ua0QTDftncK8jr6qIh9PI10X9Dtj+RWqNnAaipGXuVurKZ3+8McQDsfVRGzui+g/cL0ZtXRVcXg1QaxxHD28/mqm79G008QntxEbyM4P0lOjPPZyNf4hzi51I8/vHTFi6jhwImU1T3kDcZP3Xn136VvfTEvjRxGeAnBc3cL1Genmo5XQVEZY5hxgjlNbVh7TDM0PYdi124wjzjlHmZVWVcTR5ZR3mOU+G86HcEOV/brrX0eH09QXs/occhWl9+Hdru7fmbLK2jqgclrh5H+3ssTNDfOm6gx3Kjf4YONY3afsUyFvImVWeUeoWu/Uty/lPHhTAbh2wP2Vg2JkL/ABYS6KTkOYcFeZ2+5UtaMxPDXffdaSi6jmo2NhrWmRo2Eg9PdaIvcJlGM/tkj0GiusdWBDUtAmA57OV3aepbtZ5QIZS+HP8AduPA9lhaaqiqY2zQvDsjY5VhS3CUODKp4cDs1w/1WiMsI4us8WpPdWe1WnqK29QRGHA8XGXRSgEH7Jz6a62gmotL3SgnenJy0D2XlNPO6Nwlglc0j8TTgraWLrcxNbT1jnHG2opkVk4N2isrfRubXfqatjAkIhmGzoycEH7Kq666BtnXVAKeoxDUR+aKoY3zNPv7eydPSUV5hbUwkMmAy2Vmx/PHK5R3+qs0zaW7OBids2X/AKo3HBjrnOiWY8M8DqWXrou7ix32CQlh8k44c3sV6X0P8RprXKA+Yz0zsBzNXHuFvb/03ZusLY6mrI2yRvGWuaR/mvBL10tePhxX/wC94qaCUkMlYc6R2ylYZ0IyhrV96+5H1Pab3RXinFRSvOhw4PIUh7W8hfPXRPXj7ZKHwz+LCT5mZ7L22zdQUl3pWVEMgIcOM8KGC2jYywlB7KNu0+6lnBGUCVueB3UMrWBpGFS9T9K2fqekdT3GnBkI8sgG7VdvcGjdB8TVthJsqU1hh12Op7o9/s+Zur+ibz0LcXU1QXPh1eWZrcNPspnT/UVfb3skjncwgjBBIIK+g7paaC80xpLhAJGEHHqD6grwvrDoev6VrXTQRuloHnOsDOj0Xk/LeH+xyr9n0j6Y+qZRnGnVPn9n0h8OPjFRX6CKjvlQ1tYQGiQnGv7+69R16xkdl8KWm6SU+l0Z3G7T3Xunw6+LFTSQx017frhIDWuzwvkfmfAY/wBSs/QfhfqSueKrGe31dJDVwugnYHNcMbhZOR1V0xVCN+qSkefKf6VpqC70typm1VLI17HDOx4Tq2kp6+B1PURhzXD9F4W6Dg+T3tM1PlA6SqgqoWVEDg5pHqpYcRj2WK/33pOt0nMlA87d9C1VJVw1UIngcHNcM7FKxg0NZLKKbSd8KQ0tfuMKrBJ/JSIZtOEfYDgFqGAnUOSECN5a9STI14wdlGkiPICsvJLa8PbsRnCLDKJIxDUDW0KujeWHCkxuxv6q4troXOKaMR1PYHWW4G6xOzTSnJ0jj7qb05drdVH+C3uFs1DVtLS14y0Aha2eKnq6d1NUxh8bxggrz69Wd1rq3RRZMXMee3suxodW01CxmOypSPhL+2F/ZkqPg51V/tH0xC6Xpe7DxInNbkUz/wDuyffO32K+dYXnYFfsN8lYPip0bWfDPrpgljqo8Fzz9Q349Hj8P3K/Mb+0B8CL98DOtpbPXAvt1SXSUFRyJYs7Z9wvovhPK/I/jsZ8x+pvCxpk76VhezzwHbcp6jtcMjdEacjnK9nCWTwUo5JOpEB7KMiA4WiMsi+iQ1wxuRlccG4JGMoW6WT6poAjzskkkoUyVC7Q4EK9j3jz7BZ5pxur2CRskGR3ATF2ZL/RYUz3RPEgK3FFIZaJpdu4gLBQgnknZbOzzsmpGsadxsVuplhHE10OWy0qC19Gd+Bgqnt7tNRpzhWXDHsPdUsbtFwI7J7kYYReDRz+Zoz6KRZHYqC3IAUZx8v5Ltqdpq9yjizPZ00a+Uamj0wsB1Y3+byt82XLRt2WG6syZDt3TJvKF6VYtRnqRxax33VhQT6JT6qsp385HdHidmsBzgFYLnuPR6SWyWS2mlDpNQXWvyPVR5nYI2XWyADdcTXx+zg9j4y7dYkbiynxaEDCh10Ph1WyL0zN4lIcdgn3SIZ8QjjheTt/5T6RpPwRFmLhTuwd17V8NbkKzp+Ma9To8NI9F4iH6mluOy9M+D1axzJ7a0fzM6vyXB8pDdQ3+j0fi7fj1Ec+z1KPcqUzhRmAg78qVFwV4rOEe5T5yOAwupw35XRs4YS9/I5dDdJ9FBu8LZ6GWJ7Q5rmEEHurTAI4QJY9eG4zlOqnsmpA2wVkHH9nxhf6V1Deqqn/AKHkfuosUha4FbD4pWo0PV1aPB0Bzy777rGatyMcL654q5X6dSPz15yh6bW2Q/uWkc/iMAIyqSvp3RzEluxOcqfSSBrgCEe4QiaAADdbLoZRyIPcF6TvFRS1IhdL5OwJXpkgZVUYkYPqGV4tSyupqlrgcYK9a6XuLayibGTvjZcbV1JcnsPDajdHYyrMfguIxyVa2OrEVSNRxnhcvlD4QFRG3buFVxTEHZcbU1qcdp6vTWfFLKParJXiopm75I2KumtyAfVeadJXctLGvd/hIXplLplia9hyCF5LWUuMmet0t8bopoJG3vlSqeTwyHac491HZs4D1RxHqXOaxydBdGipZjPAHnvsnCNpyCNjsR6qHapNQEGFNkboI3xhSE+Rc45PNOpLKKKvka0YY8lzVm6ui1bH0XqPVlvNVCKgN+nZYSamyRsu1ptRjlnG1NHPB5/UUr4ajBHBUhoJwVcXehw4nSN+FVMaWdvZdqqxTjk8tqtNKqbbRyWMFowFVPfokyOQdlfNZ6jKqbjT+DKXAeV26dGRzra8In9WUjb10nDcWeaotx1AjkcItiqheenYaovzKwaH452T+mZmVVPU2mcgsnYW4KzfSUslku9X0/Vu0tDzgHhPrfJzdXFSe5GZ+LdgFwtbqgRZfGCc/ZeEsldAcHkbFfU/UdGyshmp3jIcC3C+Yb1bp7Xc6ihqB54nnO3IzsV7bxFyde1nhPK1Ys3F3Za5rmiNxGXK7bvwsHSVLoJA4E4BWvt1wiqIxp5K9FVI8rq6tv3FinjlDByMog5Wk576JI4RByhjhEHKYksGdsMHbcJ+r2QhwjsBzsrUEyjur2Tmk5wujhdV7EDJ4HgB7cEbKPJa6N5yYxv7KU1p3OEXRuBwqSxwUrNvRn5+lKWd+pjtOeygVXRtwjcflsSNW1jjaOQjsOB7JmzIS1tkDzCpsNypBqlp349cKIaSoHMTv0XrmgvPmaHffdHjpKaRo1U8f/lCF07go+TkvyR462iqXHAhcT9lNpem7pV7NpXEfZesNoKeM5bTRtPs0KVFC1mNLAM+iZHT45Kn5SWODC2n4esjxPXObqIzpHZamjsNupmCMUrT65HKty0ZGG7ohj2wBhNrqSOddrrbfZRXHo+x3AEw0rad54dHsVRVnw+uVOwS2upMjx2JxkLdMYWlS4iQAAFpgtvQFersr7eTyaQXq3v019sm0t21BpR4rnTubu7B9CvWHNbI0h7A4ehGVVVXRXT1yaRU0YjceTHtumwunH2PXkIL80YaOobJjTg59FIY7O+FbVfwrlY/VaboW+jZHfsqmo6R60tzg11vfMDnBZwQtC1C6kaoaiqa+2RIika7YtCK8tdjBCon1lZQv03CgniGcai3upcVfTuaHCQJ0ba37C329xeSybFGfqb+aJHSjlp/LKhMrIzkhw/JHZWxE414R/awlqLY9k1kVQPpbkfdFDagDGn90KnqmEgB+VJMoODn91bjgZHXTQzRUe/6ojXVAGC0p7HjjIP5o8ZHdAxv8yXsEJJwc4Kc2efu0p4cD/8ANRQ1vY/upgn8xoa2Z55CKCTukGsHYIhliYPPgKYYz+WkuRNPqnNdEf8Aib+mFHfX0jP+IP1QZL3bW8ygforwyfzosstjwiEjkKnbf6AZ/mfui/7QW/8A7w/qphgf8QgmWgBzzlE0A9sqpHUVADnUf1RB1HQ8av3USYqfkix0+/7IjVV/7RUXum/7T2/+mQpiiwX5CTXBbkgcnCXPCopOq6fIbDRvkJ4yEelqbzcpRFb7XOXHsAiyo9mafkZR5ZdNxvnCbJUQxfW8D7Kwofh71dXxiSr00kffWVfW/wCF9npXNmu93fKRvojOcoZWwj7EWeZ2dGN/idM46Y5AXdgFJoYeo7iXC30L5g3nQM4zxn9F6RS2Dpegl8Wks7ZHY2c9WrqyuMYijaIY+wb6Kv5Cxwc2/wAxZZwjDUHw2u1a0S3S6wUWoZwfMftgFX9t6W6Ztbm6qR1wnbt4khw38grhrHyY1nP3TmxNHbCTK2Uuzn2ay2ztnGwCQaAfBp+0UQ0hO+TpQdQj39SigADAXULeRDbfZwNa0aWjAXHNGOE5cPCoXuYPGNkLJxjsinlByrQIk158uy6SADkqhvF/jtrC4uH2KqUsDa63J8Eq5XeC3xGScj0A7leUdX9Yhwkjinx64/yVd1X1rLVSvYyQkn0OwWDqJpqiUySPyD2QT5OxotFiW+aDV1c+d5w8nPJUTGcZ7LgO+wTxylSkkeh0+m3vg6GgBPA9Em8booB4WayR6bSadJLAxrCVKgpi4jGy7TQ6zwrWjo3ahsg3Hb0+mcmNpaJzsDSrmit+ADjhHoKFoaCWjZWcEIaRhuFDuabS7QVNShmNlLa0N4RmxDSPKuhvuo3g6EK1FAlEraqCihMsrsY/dGuNdT26AyzvAGNh6ry7qPqOa4TPiilIH34Wec8mXVamGljlneoeqJa2d8ULtgSNjwqEOycncpgG+e6expyqPH3Xy1E3KQRga4b7JlRI2McJ0jxEMZVdUzmQ7BHGOezJbbhYGzzlzsDdKJgcQmNYXcqdSwEeYhPjHBgsm5MfBDqIyFNIaxgAbwmxhsY3T2tMpG2E6Ecip2A2skmk0gbDlWMEIbuW7hMZ4cLA0N/NBlrHuJbGFpisIQ7cjqqsa0eFEFFY0ychFip3OJkl3J7Jzi1g2Cb2Z5y3DANBCM3zKPoc92eMKQDpbhRAj/KxqCCXlcc7UQScJ4b2CZ2UItGxRGM/JdbEecJssjWjdQEedMTckjhV1TVjjITKmrcTpB/JRfCdM4HOEucvQ1QxyLU6R/GVOpoBsSFympRgZajOIDdI2wqX7Cb9IJhrW4BUWR+M5KTn4ydRwFVV9wjxpY7KC7URqLhW5MNV3CKIYyFSz1T5jjshVM5ldlwQ2nSSuNq9XOxbYs211qKOucScrrWkFcacnKOAMDZYYrI5cDQPVdSSTCN5HJJJKyhJJLukjsjSyXg4kuritrBP8CRGAauEPO+EVrS44CEOEsB4yMbBT6VjpDs0k+yDS0LpdxstNa7WIw2QjYevdKk8cHqPGaKVmJIl2KyOOJ52jf6Qey21otTTjgYxgKHbKMvLGhvK9R6T6XIaKqoiGnsCN0ixZPoXivHL8YErpvpqNrWSysGAByOVrvLE0RsaAEJoaxrWRs0hoxgJ4ztlLPZ6aiNEdsR2MnJCMwYamsA2T0B0opNCSTVxxwEDBDEgID5c7BNfJq2HZAe8k8JSWS5S2oO8YwQUCaRsQ3cN/dcdOI2nftyV511r1ZHVarXQyZ0/3jwdvsnwjuOTr9fHSxzId1l1aKoPtlGTpJw97TyPRYwFrcdknPGBqO6iVEr37MatlcMHg9XqZ6iW6QSoqxnQzso8bJZpMA4HdPpaGonk3bpB3yr+itgY0ZaFpgjCouRDo6FxwXBWTIAzGykshawYAwnaQAPKtEOBsYYGNY3SMLugJy6xj37AI1INQyNwDtlC0kHdTIKF5Ic87KZ8tTRgZG6tsZGr2QYIuBhH+VbjL0UiNn0hAlmbj+Y/AS3/AGHRidwxoIaAgFwzyEx9RHuWvyFHNTBneTdUNSRVLh4TUlrPy7kY5ztR3TUklCxJJJKBiSSSUIJJJJKIMSSOybkqm8EHJZCaXJpIwhcsEO5HqkcHugOODklMMzQM5S95eA+/quqI+vjizlRZLhJJtG/ZD8mR0KJ2fii0JAGSUCWqawbYKrC+ofy/b2TmtecElC5pG3T+NtseGGlqn8Duocgq3n6sgqa2HUBlu6O2MDYJM71E61PgLpPLKwU8kmC8ZKkMosYOMKwjiGR5VJZG1ozpH6rLPUNv7Tr6f6dj/UiuhotR+lTGUGRsEQ1dPTnD8fqo098hjGI34/dZLdTJdnoNH4SFb4iTo6FgwXFPeaOnbvhpWaqL1UVDiI3kBRXNr6nYPLgVjt1WfR6PTeLjH0X1XdqSnPlOfdVc1/kmOmJ6FDa6nHnbkd8qVDa6cYcW4cFis1DkdevSVw9ESSevnwWu2SZRSyfUNyrJjY6fYbBNkq4I27jdLc2x+EiLHbWjeYgI7YaRgyG7j3UOavy7DeCo753uHJU2uQMrYx7J0ssY22Ud9U0DbCiP8Rx+opvgudjKGNEpPgRLVQj7DOq3bgKMZZiTr3HspDaf/wCXKIImtG7U9aZ+zJbrW/xIWHu5TxSg7nCkaWDdM147JtWmcnwcvUeQ2fk8DRTNbjIRQxrBtjdc0l2E/wAInHb810K9HZM4es89RQsuQPcpYKLoPouYC2V+PiuZHnNV9U3TjingEujdEx7rmn3WmOmhDlHBs8nqbpZnNnWs74RG+XjdDJDeUJ1QB2VTnCtclVW3Xy2rkk+N2IS8QEchQfmMnYcpzQ93fC5up1Mcfaeu8X4ac5KUyZ42dgEWEEndBghJIJCmYa0cLham9yeD6X4zxvwxUsBWBu2Vx8kceDnBUdznZGAuNjdIQXBc2csnpaoYCOnkd3yFxkRJzhEbGGjcJPla0bNWeUXI0J4XIi1uN9kNzg3g5XCXO7KbS2svaHyHB7BEqWwXakRGwTVBAiblWtFaXRHxZ/yCmQRMgj0saBgcqPU14i2qJceifXSKtuS7JrZBCMtA/wCir7ne20kRkmmbkcDKzN46yZGH01O0k+uVkpq6pq5TJNISHcD0WqvTZZ5/V+chTLbU8s0l16xmqYjHDsD3ys5LVvneZH7ucSTugF7W90KScRjLSM+631aXB5HVeTnbJu2XBJcO+VDnrBGMDBUd89bOcRbhKOkkBD5H5PotkaWuTgX+RgpNQYhPPI4CPYFSIaeR2DKNj7rjNEWMN3CdJVZAACKTUTJCeo1D/sHIpYW74BQXTg7NxhR3S6+eyZxnfKQ5+jpafS85kFc/UeVzCGGuRhws9kzvafTqJzBXWhx2T8BNJalZNuzCCCMHzZH6p2pre2SPdA1LhfsUsJPAV1QdxgIDpDgobnnVhdEDjwrwTc5dDDK9xyF0an7AqTBR6sEj91NbQxtA0gZUG10TmyDHA534eVJho+5UyOJjMeXhcfVU8Q53UNSphXzMUVMz04T808QzJIBhQpbi76YFHc58py4qFOyMfwJ01yp4xiPLioNRcqqYaW5DVxtIHb4witjaxo2yrw2KslOXvgixxPlOXN3KmQUbDgkDHok2VjAcNCiT15aCGnHsmRrbMdl9dfMmWDzRRDchpChTXJjBpp3DHdVVRWOcd98KHJM52wGMrVXRk5Oq8socVllNci/LcjcKHKdRz6qOI3v3KKxnvwtEdPjk89qNVO2WZMbl2MLqMWNAOyEQcp0YKKwZU88iIGOEzBRF3QFWMhpZAp7YyRkp2nui0sMtbM2GGMuPoEE5KPY6qqV0tsPYyNm/GT6L0boL4ZV9/fFV1uIac7+butL8OfhPDGI7zfIhr2dFH6e5Xqc01FbaU+G1sQbwB3WeyeD6P4H6Z/01Zqlx+hlJbKKzU4p6KMMaAQPYKrr7qXkwQbdi4KPPX1dZgasNz2KdBSnIcQsllm499XXj7Y9A44nOw53b3RiwABSBBt5Qp0NNFTQmoqsAgFwb3Wdt5HwikBt9BqHjT7NHAUiuuLWtNNSYDMYyok9xM0fhRNLGnn1UCaTQNnYVDnJRQV8hO73KLLUmZ5hizgcuTI46ireQHHA5Wgt1pZHCHTRg53x3RqIl2EChtksoD8ZHoruKKKnGzQ0jlNq7rQ2uDVKWs22A5KxV36mlr3PZAXBp2ymMzzkmXF+6riponQxEE8crGTS1dbN4s5LQeAnMo9RE0xLjyAVJp6aWsk8GNmc7FKcvYlx3Mjww5Or6ifRaSzWDLWzVA3duG+ysbN05DRxN1Na5x33V/FTiPThoWa+9xN2m07k8sbb7bFTt/lDGrlWHghgG6C+eOmiLnHT7ZVc2avvEwjom6oh9TjsAuVqtWzr1UJLkLWXNzHGOlOp2cAAZyVNtHTD6v/fbq4ue85wFY2np6npZBUSt1uxwfVXsYIIGNlxr9XLpHQqobAw0sUEbY42ANG2ykaM4DU8jhddNFBjvIfpb6rBO1y5ZurqURzWtiGqQ6QPVBkmnqmFtCMsJxqRoLbV3ImarGIz+FXEUMNPEGMYGNaMcLPOWeg1Eg0dqpowJ5Yw+XG5K7W11NTRnxHNaWfhCrLlfg2QxW8l7+PYlApLPV1sgrLmSD2aloPoU1dV3Vwht0fkPLipdLbWMlEs/mLdsf6qwihjgbpiaGj2CFUTRwM1yOTSh7yBsBsodZVQQgGR+Aq2rvj5nGG3RPmfx5eFLtlinmPzF3w7O7WZ4URHLBHfNW3H+VSROYw/8R+ynUdipqd4nkLpZe5echWbY42N0MAa1vAUeeq8MbbI4sW2wzn+G0kjZVtVd6WE/UAfcqmuvVJbqp4zqPssxUSVdwl8R3CclkBvBZ3W+zVdQ5sMhw1VbWzTPy5xJKLT0bwfM3lWVPRkAHSAmxiUQY6ZwILmqSKcNwQFM0RxjJxsq6tuVPGzDNyExECPe2IZKrqutjdszdQqismqHYyQPRNiie84/dQg5075Mj1TqelJOTspVNbySCQrCOlwANP5oW0inHJCjpIxu5qPHCBuG7BTWUT3bgKVBRub9bEmdmC4xK1lLI5wAGymx07IwC5m6O5rIhkgNH3UaouMEbfLJl3YDdZp3buBqWA+GsGT5Qo01xpYgWl+UFkdyrHYI0t9lYU1ghZiRx832WeVhCndVVlY4/LRkMPB9VIisskpD6jclX8Nv0DQxoA9gpTKTSQSEErgdpTQWmOLGqNTY6KEcMIPqrJtMT+FG+SzuNlnlbkJIrmUgA8ox+aOylBGNOMKdHTDH0ovgZ4CXKzcEkVooyTjH7ojaQjfKniDUcaf3RBCO+xSnP9hqGSAKcen5J/gAD6cqcKdPEGOyrd/cvYV3guH4P3SERz9GPzVoKcAbtyl4A/o/dXlhYRWiHH4f3S8LG+n91ZeA3+j90vlwdg3CmWXgrTGP6UzwR/T+6tTSN5wm/LAnAbhMSJKKRWtpQ78OEeOhP9LR91YRUwBALQo11vVutAxM8ax+ELTWhEsIGabwwXPaMc5wqS8dS08EZpqEeJP6NVbVXi8Xpzgx5hpyTgD0XILdBTnxAA5x5JWuERcm2QDR1tzkNRXy4B4YDwpkdOyBmlrAPspWoDOyBLPpGMLSlgB8gnkYI42USTb/AOaiuLpXYaF2G31EzskYCIFRfRD0SScNyiQW1xOZB+auKe3iNuS3ce6fI0MaNsq3LAewr2UbIx9P7oUhZA0ucDhGqatsbfLu47ADlMgpK2sdmY4j5x6qKzJfxldJUPqCWUsetw7IsFoe8h9S3f0V9DQxQkGOMNI7ojmho4ySqlLBarKqOhgiZgR4TXxYOwU+RoOcDsorYnknIwrUshOCjyQ5WnAwh+HIeGqyFGx+7xldEQZ9Iwm9i5YKv5Y/iG5Tm0YxnCsXRDZQbhdKGhBa5+SOwPK0Qhkz2Pb2N8JrGlxGAO6rq2vpaWMvbJqI7BRay41lawMZIY4uzQoUdIQ7JOfutMazHOwZU11dVH+X5QVENLrdrn3crRsYaMAYQ3x5GAFohH9GWz7iE2FrchrVwsPYbqVoIOAOU/wMkHGFpjHJmkkiAInk+ZuxThSw86TlWHhjG6GYP0WiFfsy2vCILomg+UITojt5SpVVJFTsLpXaNKztw6tigaWwTancAALXCGDn26iEItyLCZ7YW6nnAHKqarqChgGWEveOwVDV3SqrTl0jgD2yoegk5ynxgzjX67cv9MmXC91FaXaSWA8KESXYz2Tgwk7blHit9RIRqbgLXVX7OVZbOx8kUADjCe2FztsKyFviYNTm7+iY9rQMNbhPUUjI1zyQhRDYzDYIhFFA3YElFf3QtPsmp4M80AlkyfK1RJ8uGSFOfG09kF8eVog00InHcsFa4OzuEINd6KzMDezUEwtH4QrXBmnXtK90R7LimOhwR5f3XPAO23KMW4sglvG6RBxwpvywdgkj9V0mGMZe4BLaES4K1wdnGlcIceGqVNV0TPqduPQKFJdIQcRsVqDFStjHs6IJ+fD2S0nuo81xqHDEY2+6hOnr358vKvDMll6fRaaR6fuuFoPp+qpz/EScpBtxPqpgV87fouBlvZd1O9Cqnw7jjbKWm7dpf2S9uQ/ma7Rbbv23UmESxjMbnNz6Kha+6xHOz0ZlyuQ2dHjCmwbXq1A1tB1Xf7YWtiqPEjH4X7lae3/E+DUIbnROjGP71pyM/bsvM473GWDxmEO7qQyuo5mg+I3fsUDq3dHTp8vKHs9pt/VtirI9Yqy32KvI5Y5Iw9jw5jhkEFeARv28jsD2Kt6a9XaliEcVdIGdhq4S/jZ3tH53dHFh7SGAPypkT8tAwvLbT8RKim0w3BviN41d1p7d1xaK2QROcWZ7koXE7mn8nRZymbFsrfUfqu4BORuqanuluqH6KeoaHfflWDTJt4Uw/LdL2s6Vd9dnMSYGNxjCcKeN+A4KOyaQ4Dzn8lIY9p74SpRyaYPPQvlseyaaZwG/+alNdqOEVoAHCXKLRoWH2VMluhm2li5Wcvvwu6ZukRc6l8GUnOuPbJ+y3TmA4wF1sfsl72Ju0Om1C+6CZ4fePg1UU7TNbLkSB+F7OPzysZculOq7YXh1MZGs3y0chfUjadrgcNHuhTWyKUeaFv6BOja12cjU/TOnt5r+1nySTNzURaCOU0SQnaOTJ9F9P3PoeyXKPw56OPPrpCwd8+CdteXy0LXxu5Gk7I1dk89qvpm+nmt5PH2Z9EQO0jOFqrl8LuqbewyUg8Vg9RuspV09db5zBXQGN3Y+qfGf7OHd4/UVPEosIyoJOMLry52CozJ4CD590ZrtQy3haIS4MUouD5RLp55YHh8MhY4dwVr7F17V0b2MuTBPENvcLEh2k49U8vJ3Rq1xYyFkl0fQNmvVhv0IENQwPP4XndWnhV1E7XDJ4kZ30ncfkvnSjrauikEtK8NeO69F6Z+K88LWUd7j1AbeIBkH7rVXeaY2NrDPSZm2m7x+DXUzWvxjURuPsVjr70ZWUeqot8jZ4tzpH1ALW0dZar5CJqKZr3EZwDujuppoQHMc7bsVphPcZ9VpoaiG1o8oZM+J2l4II5CPPPRV8Py1wjZJGRghzcraXezUVyZiSFtPP2ka3Y/dY259PXG3kvdGJY+zmbpsZJHltT4+yl4XJi7t0BLTyG4dOTNLBuYSVTtvtTSS/LXWkMZbsdQ2K3VPXvpJeCBwQU66WWz9VUxilYGTj6HjYgp8ZOPKOY4J/kjOU0tYWtqbTISMZLc7LU2q+0VxhDKh3hSt8rmO23WOksfU3Sbi6D+fTj03OEehrqa6R+I0hkmd8/UCnwnl8i5La+D0Gnq5aR/kGqE/h7q3payKpGpmcjkHkLAUV6q7fIyK5ESUx2Ew5b91r6GSCopmVdFO1wJ5ac/qtMXgy20/KsGus3U1XbJAA9xZ3GdluqO8Wu8wCIsY52N2Pwf0XkkdU0nTKQD6qyoKkwPEkT3AjuCmxnns83rdBNNuK6PT4YprLL8zRl7qd31xEkgfZW4faeo6OWhnijd4owWyNB/ULH2Xq10jBBc26m4wHt/1WgZRxTFtXa6hpeN8D/VW0cZNwfHZ5j1h8MK3pOqkunT8T30Zdl8fPh/+ig9OdUyUUjKgOe3JGdLtvzC9sobyXv8AlK7GeDqCxXWnwrZXSTXrp12ioedb4c4a4+3/AEQpDI3fJxNmz6d63oLvFHGARIAA452Kvy8P3xsvnC23GttVQ6KZz4JYnYe3ggheqdKdcxVwbSTnDwNi48q2sC7aU/xNzO0kZHoowzvsiw1kcoGCN+ye9ocMho/JLMrTQNrvZR66jgr4TTVLA+N3IKPqIOCF1DJJrDIpNPKPFOtuiqnp2qdcLa1zqN51Fo30f+iqrZdXMA82Wd2nsveKukp62B1PUMD2PGCCF4/1p0VU2GSS5ULHOp850gcLx/l/DK2LlWfRfpb6qjTJUap/4f8A7m96N63rLPJFIyQvjOz2diF7b091Vbb9HpgkxKBktdyvkKw3wANDnZb6d2r0TpzqKegnjngmLXA5BB5Xyvy/hoyi5RR+hfAebzFRcs5PouspYayF0E7A5rhjdZqGKs6crCNTn0bz/wCVP6S60pL+BSzkR1DW7ZOz1oaikZUMMT2gg7LwOpplTPbJH0SmzegtJLHVRiSNwIIzyiE6N1nY46q0VGWOJgJ49FewVEdQwPYc5/ZIHElkjuEdrmvGCQPfKjNcANgmseWuV5Kkshpo8OBAXY/vwkx4ck6TSRsoRIJqOFHr6WK5UroJGgOPDvRFEmocLrTjsjXIqcDzmso56Cq2cY5GHLHjlW/xB6A6a/tK/Dao6Xv8UUF3hjcaOqLcyQTEf3mffA1H2CuuoLSLjBrhwJW7j3WSoqyusF1iuFMXRyQO8wG2Qu7odQ9uP0c/WaKGog4yR+WPxC6A6k+GHVtd0l1PRPp6mildH5hjWB3/AMlRRuJGML9UP7UXwBtX9pPoD/anpijY3qu3NLoS1v1sA/uHeufw+m6/LW62qvsdwltlyppIJ4XujeyRukghfUvDeTWogq2+T4753w89BPfWvs/+5wHKeo7SSfZFacjK9GmeZ6JGpPUdEBTYy3CxyYnpiaU1kMO6tqA/7uB3VSx2/CsKN+MBMRlvjxkt4iWkD1Wj6ZqWNlMLjudwsux+SNlbWadkNYwv77LVUcrUx3xNpJgyuA4AVFISy47K31at8qmuJ8Or1+i0y9HNhH+lmkacx59ly3k/NjHcqPb6gTU+CckBDMhiqG4PdMRmnDLwbiMjSN+yynVUepxOFo6d2qFpzjyhU/UbWmnDuef8kcuhNC23IwzXYdtsi6i2djuVGdtJj3KNLjSMFZLf7Hdg9rLKY8OyOEzVnYHlCDw6kAHPqhseG8nhcrVxzA9B4y/EzYdKVT/F8EEYAwQry7N/kg47rJdK1OisOeNluK6EVELQ37rx2qjizB9V8bZvqUjNwyaXbha74ZXcUHVcbCdIlaQse7AeQdsHCmWiqZQ3WlrH/TFKCfsuRq63bBxO5ppuNkWvTPp0nVv6o0XJUSgl+apIpsfU0HGVMjGCvCXw+ObifQabFYk0EZwijlCZn05RgDlY32bEPHCG/kIrfpQpASNkUZcEmjwH49UOm/QVIb9cZ3Xjb2Fj3NcF9J/HS2sqLFDWBoDo3YcRyfRfOlcwsIfpxkbr6b9OX7qFBnxf6z0fxaxzXtZI7ZTG4EK3jDaiFvuOFSAZOcqxoJMkMJwAvTzjk8HCe1lRWwOpZ3MfznP3Ws6MvOl7YycYwqy90fjQiVo8zRv7qotFW6jrGnOBkFczUw3RwdjRaiVU1g90qIo62j1NGdTVkJoTBMYztgrSWK4wV1IxsR3a0EqB1BQ+bxmDAK4l0GuD3Wnv3JMFb6t9Npcw4IOV610ld21dKxusZwMrxajlJd4bzkjharpq6uoa9mXYY/yn75XF1mn3RbPQeN1Ea54fs9iB3yEVpx2UOjnFRAyRpzkbqY1pXmLYuLwesTysh4ZXxvD2HBBV/nxoBKNys63urq3TD5bS5ZyiQWtlppIpBkOb+688vFAaSsdGRhpOQvRGjJ9Fn+rLa6WMTgcDYrVRZtlgy3V5MHdaEzUpcB5m7grKujLX7jBC39PiVpifyBhZ272xzKhzmNGDuF2qbtvBxNdpvlgVEIGQNKh3mkdo1gbEbK0iiLXYI3UuqoDU0eAN8LfG32cW3RuVb2mEp62S31UU7dtLhlO69pXNrKPqmi2bI1okx6rtypHMe5hbgj/NTLaxl7s09ondlzQSzPYrZVZ9yZwb6WotMUr211uhr4sOy3D8eq8P+LtodDcGXiKPyyNDXleq2eukoIai0VIOqN5aCe2FTdeWmO5dPTeTU6MFzV6Px2ocJrHR5DyOn3Rf7PAWnJGys7ZWGleHDgqvOmMlncbJx34OF7CueDyV1KsjtN5STNqIRI0jdSRysnYrqKeTwJjlrhjPoVrWnVghbq57uDgait1PDJEfAREMcIjOy0weTEwsfdSGfZR4wf1R2pgLeAydH9SY3dSI2YwUYmUgjGDG4TgAOAlg9gugHIJUjHIltsTdRIwNlKY3ygoTR6oo4CbGBaDNY30UiEYdt2UdhzlGaiXYiSyTGtBAyusGSAUxh4R2dkxdCZscGnPCM1oK4AMJ4HdHGIrsdHEDvhFY0N4SjBxwisZ7IsNlN45EG+gRA0g8LobtwiBhBzp/dHt4EzluONySCeQpjfpCCGE9sYUlo8oQOJOhvgU02Wz00cgcMHU3soVV0T0xWNJkoRETyYxhWIODsEeNx9P3UwD804/i8GPrfhXZ5vNbq6eIjsXbFVU3wtu0W1NVwSnfDSTlemMOOyJGMb4ToykhsNddHt5PHJelOp6Tyvtrz7s3VZMZKZ5hq/FheOWuBXvEgcceYlJ0FPK3RPCx7e4ICJX2RY+HkZf1I8DFS5pwyrLf+ZSWTV7t2TtcPUL2ap6P6ZrgPGtkYPq1oChO+GXTTx/K+YiP+F+EbvyOfkq5cYZ5PruZ4ef0RGC6uPle7916c74U2w5MNzq2f+JBd8KpWn/d79O377o/nK/nV/swDaS8PGPEcM+id/s5cZhmSsnOffZb1nwru2Rp6lx7eFn/AFRf/ZZeMDPUxx7Q4/1VfOinrl/zHnX+ytbnJmJHuk7pyKPBndj7L0dvwurifPfpj64KmR/Ca2uANTcat57jUr+cD/iC/Z5YKG2MGkyZKeKKidw0L1+l+F3TsRBcJX/chWtP0R0/TY00Ebsd3NU+cXLyFaPE2UbiA2ClD/yRobJc6jaK2k9s4XvNNYbRAPJQxD3DVObTRNwAzIaMDPYKfPjkzz8gn0eEUnQN+qyP9zLQfUK/pPhFVFofPNE3PIK9dawN4aMImkEfSglqJvoRLX2/0sx9j6Fs1tDPHo4p3NHLm5wVphG+OJsEQbGxv0ta3GFMYxo/CEnRjIOEDnKXYmWolP8AIjinfIP5kryPTUVwUMLHBwzlSx5QBhL6kSFtpoCyFg4Ccd9ikugZUFJNsWkDukRjuu4Houamqwvj/uOXMhLI9UMbd0RQ5LI9VwkAbqNk5VpZISXYwQT2UbHOdk5zttzwsj1d1lSWmmc0PyRkbHkqm9oyqudskool9S9RU9viIEgwOcHn2Xi3VfV8lxmfFHIdttjsqzqHq2pukz2slIB9+As66TJyTklBk9JpNF8XM0GJz59eTyha98IWs5witbnBwgnJJHcp0zs4QRjNkRrMrjG7cozI+wWOyeTvaTSqKSwJrc7BSKeAuIGMIlPSl5Gyu6C2kaSW4QyO9pNKBt9vJGcK8pLeAQdOMI9DRAD6QrWCkIxsElJtnoNPplDkjQUhbgAKdHTYAOP3RGRAEDTj81IDQOEZ0YwUVkjluPZV92ukFrg8WUgnGQMod5vtNbWSOmI8vAzuSvKL/wBSVN3qi4vcGAkAZ2S5Tx0Y9VrIaeD/AGO6h6kqrtI/S4tbk434CpW+p5Xc6uAnNacoc5PHai6eom5THAZ5CI94jbgBcJaxue6hVE+oYCOKyYbJ7TlVU42aFGiy5265gudhSqeFwcDhOUWjDbY2w0FOCRspsbQxqGxoY0bcosbNxqH2T4wyKlNYO+E55CNtGO2V3WGNwBuglrpD6BaIxxyZpyE+R0jgAisjDfMQlHEG+Yhde/PAxhH2Idno6X9kwsJOSknpmARNa0BDce2U5x22KBHkuA+6jKHFpLgQplNCTgkbLtNSOkIJGAN0asl+Xh1NxsjDUcnJ5I4Y9+fRUFXXan6QDhEqat87cA88qMKfWQSgk/RcVhjBqkeCQrKCBukEocNOG41NR/obshX7LnLjCHOcIgMBR5Zw4EbJlTUN9cKjrbhkljCQO5QXXRpjukFVW5PIWuuQdqhidt3IVS8knZN1anEhEXntRqHdLJvrrUUMSSXQDlLH8IQHdEHCQHdPRRWQJSwJJJdweUWAMnF3ST2TmtdqGyNpBARqJeUD5XdATgMJjgU5RRMnNPukRthInK6z6lezKLBtiJcNlaUlJqLdse6FDT6nA4V7R04bg4HCzWPadTQaX+RLGCVbKAMwSN1orZRSyvDYwSQVX2yD5iVsTRher9D9Nh+mQ0+W5xkpPZ9D8ToJTxXAsujOlsBlVVxbDdoK9GiDI4wyNoAGyjU8DIoxGxoAAwjgD7JTawfRNLp40QUYjtIzyiADbbhMJXSdsJO43xWAiaTnhDJJcng4aEMpYHIcBjlCJGV3JIO/CCc7jKU8yISMj1CjT4YMng91zJALs4wMrz/rXrdscT6ChnL37hxb2RqOTDrdTDTw3MB1v1oXOdabTLl/EsoOw9gsM12Dqdue/ugh+TqIJc45JPJKI6Nz8YWipHgdXqZ6qe6Q6SRzyAFMoqF0jmucMI9ttEjtMsjRvuAeyu4KZsRGGj7rXCJmVeQNNQ6Gjb91KbHpGMo7RsNsJBme6fFDI1YA6fdPDSeEZkWocIzIdBzhHlDFXkjx0xJy4bKWGQRNG2CnYA7LkjwBnGVGw4wSBukwmPnbjOxUeqqdO2MKsnqpCMNJQNsvGCdPVBirZ6suPYoBbVTO5yPupENueTlxVlLngiySVEnlhjyDyj0ttqJv7waArimpGsY0AAKUGDbthQZGsxKS7p90sD1Wzcj8uA13BXQMd13uUMp46IJJDByu5CAMSSSa84GVCDshLIUN1VG04JQ3V7Ds0IHPAcYORO29QkXd1WSVpG4ygT1U0oALyB7JblkfHTWS9FjNUhpG4QZKzAGCMqty87aiuhjzjJQORto8ZOyWGSH1crjg7hDJe888rrGbbozGcEt4SpWYPSaXwMP6kBMJduUmwYO2ApWFwnKQ7cHZ0/hoQ9DWwgAbfunCMNOdP7pfdI8YwkzvOtp/G156Hh4G2N0jVRR4DyglrvVc+Unmxhix235OxToI4CS3A/8ABQJKqaQaS/8ARS4bRKcasYUxltgjwS3JWOeoaOhVosdIofBfMdySfdGhs0zsFw2V480NM3ztGVBlvdNGDpKRO52GqKrq7GxWaBhBe3dSXCjpgOGqmqb5JI7ELtlDdVTTf3jicoFFy7D/AJVS4ReS3KlZ+PKrprzDu1mcqIynlkOWtyCpLKI4BLQCiVLZnnq8fiB+ZnldkkkJj4ny7uPHupojYzAwukADhOhpmzNZqZvlsgCF3onth3GUd2nOUJ0rR2WmGkZgu1sFxJhBAzGSP3QyGN7g490zxnOyAOUMRvcVrp0jXZ5/Wee02nzlj3yjIwhmVzsDCKynJ3JRI4QMZC0x0SfZ5zU/U8pxxQBEbnDK62Ig8KTpHGEtHstMNNCHR53Ua/U6iWZMa2MAbp2F0A+iWkrTGODM25dnMD0TU/GEI5BzjKpsB4OHYZKHLM1jeQVHq61jBzvxsquaofKRg5WS/URqjmRt0egt1ksQROlrN8NQTK55QoYXvI2JVjBQHLSVxL9UrOz6H4bwEYJZQyCBzyHYVpT0owM7bJ0NM2No2UhjCRt2XMtuT6Pe6Lx0KVkFpEewCW7sIpjzvhOEYG45CwWTbZ26oKKwDEYPPfujANYMjsmmTkYQtLn7eqWotj9yijk02OAlCx0jk9lDLKQd1YRxMgj8zQMJsaciJ347BQUoBDiNwpz5mwDzYwFUVt8pKGNz86nDgZWQu/UFZcS4NcYwfRaK9OczV+Tr08d3ZpLt1bTxEspXFxbsT2ysbWXaurHudNM4gngHsokrgBnO/dAMxJwzYrdTpMs8drPMyulmTwFeQfM45QXVUbAQ48oZbUyHY6h7dlIp6OJmHTHf1W6GkSPMajyyhPEQDTPUbxN2PdPZRgO1VSkSzwxNLYiPyUCWqytSrUDk26iy+Wck0y0UIxG7fCgvqwTtwoz5T2HKYI3OISrZpLAVFE7HlIleOXJNySSUxsJABIRo2jO/Kw2WI9TpNJKUcSOaSThEbH3wn+UBDMucjCyTnno7dOnhXHGB+GjuEzxgNsIbmueQnCA8pDbNKil0P1eyZuiCMojYNRwUQahkjjJOAM5RI4Hv2xypkdJG0ZARRpHDVC1XhkSO36nAyDjupbKdjB7rkk2jbCBNUho3PPuoM+yBIwxh5AAQ5K2NgxGclRC+aR2GMyD3T4qEcvUSyWrZdROOqZpdg7ZcZTySHIClNhgbgMG665wjGwRKLYqUvcmCFJgZdgEJaQ0cZwhTXGFo87sYVbVXvJ006bGlsy3a2miOW+S2dPo5Gyi1Vypmt+vJ9FSz3Gpk/HgFRnuc4gkrTGjHLONqPMNxxEnVFykc7EfCiyTyyc7Jjd8AhSoabJBIWiFJwdRq5WPMgGl7tyitgOQSFJEbGtxpTM42wtCrwZd+RojACEGuz7Iy5gJmCm8jR7rmAupISh6aSQM4Sycq76e6UuvUUzWUsfkP4kidiidHRaS3W2KqlZbIFotVdfKk01DCXluNR7NB/wDmL3Ton4Z0XTzfmK2DxJX4cAduO5V30j0ZQdP0sTjAHSNGd+SfUq3uVxFNFrMeoj8OcZWSyzcfWPA+Aq0MFO5ZmOmrIqOJ0j3YAGA1UBlqLnUGR2QzsPRMY6pudQS76fTsFdU9MyABrWjbusttm7g9elhYQOlogwDUB+qkiEbAbIhALRp2TZKuGljMkvbgeqztjYpI66WKjZ4svbhVVTVT1khe8kM7LkkslbKJJPo/CEGqqg1ppqc4PcjdUQUlUyPAYdRUqltz6oeJNnPIC7arK+Z4kl+/2WgBp6UBshDcfurTwLlycoqOCkZnQCGjP3UC8dQQ0EZfG4EnIxlVt66njYDTwA+5B5WTEk1VM6aV2QeB6JmeDNOz0drq2puM5mlyR2C6yIRDU4YRWgAtjjaC8nA+6uLb0/LXR+LXZa3sgnPAMYtsiUForbmGujAZF2cVsLXZWUMYEbA9xG7lLoKERRNjYxoa0YACnBzYtuFgv1KidHT6XdyDjhxuW7qPVXGGkYXOO4PAQK+6OL/CpMuPGR3KsLR0+XFlXX+eTkNPH3XI1Gs/Z16NJtRDoLbV3WY1VTtE7YNcOy1dvt0VIwMiY1o9hyjwU2kAaQPspsVOAMnYLjajUufR0qaNvI1jMAAopLQM4Q5ZmN/lwnW89lLore6XTLV/QfwrDOxmmMEuiK2OoncBDsO5VrRW1sbhNM3WWj0Uh0lPBiOGMNaNtgo1ZeXQB1NRjVI/hKlJsPAetuMFGwl+Af6VnZ/4xd5iIpPCpjuDlT47U+eYVVfKHuxnCmhjWN0sGAOwVZIuCHRWynpI2jS1zh3UqSQsHr7ZUO5XCKjj1PcATwMqgNRdr04w0rCIz+P0VojeCxuXU9JRO8EAvl40hRILddrw8S1I8KF3LSeyt7b0zQUoa+piEsw/E7dW7iGABo27BGnwAnkhW+zUVtaPAj83qpU8oibl3Hqo1bXNhZqdseyy126pdIDTUrtb0SXJRcXS+U1HGTrBPplY24364V2Y6UljTyUEQVFVK6SrHPAzwptFRZOGgBMSwC3kroqSV5a54ySrSmoJNg1vKsGUDQNZbjG6bV3Kho4QNbjL/S1Oi8CxNo2wgOf/AJqDX3empnGGM6j6qvqLtU1LjpdpCrZI3udvuSmLkFvA6tuM8xw1xDfYoMTDIcE8qRFbamcjSzZXlusRYAZRupKxIop4La5++klWVNaSMOwr2noGNGNIwpsVE0Y8qU7cB4yUsNtI2DVNit4bh2MKz8KOMFzmhoCh1NxhazEA1u9kmV42KQ3wGRAknAHdRKi5xN8sLfEfngFNbTXK4v0vBij9SeVcUNno6NgIga5/cndZ7bslpZ6My23XK51RNQPDhI3CuqHp2gpn+JHGHO/xbq4ZDuRpwEZtORwOVklbyHsIcdKI9mtCK2mAwcKY2mJ3wispj3GEmduSlHJEFIAMhqIKbSeMKe2mJG7f3RW05B4SpWZC+Mr/AJc7eRGbAMDAU7wm4AwniEdm/ukyswEoYIIpwOy6IB/T+6sBAMfT+6Qhwchv7oflYe1EHwPZdEGMHCniHA2XREULlkjIYhwNwl4Sn+APRLwQOyPc8EIfhN/p/ddEI/p/dSvCb/T+6QjA7Ik2yZRGEBx9P7peCf6f3Uzwx6LpY1g1EbfdOSbKbwRWU5IIwotTLSUMZkqZdJHA9VHu/U9LSRmnpDrmdwAsrUOr7jIJquQY7N9FqrhkVZZknV/U8ssggtsJ82RrPZVgtxkk+YrJC97vU5UiKBsWHd12R2RhaYxURb5AuayEaWAY9AgvlPGEQAuT46N8xxjC0ILGURi5xGzcpkdvnqHANYcK7pLVndwz6KdFTCIYDcKb8AqJTwWbw2hzm7qW+ARNA2UyV2gZ5VTXVrg3DDuFN41QOTSiNpJxwqt/zFZMIosYPJVjQUU9dmSsH8rs08lWkdDTwkFkfCjsyW4IqKazQtdrk3cp/htaABthSzG0cbYQXAeqDIUYAHMb9kCQDTypErS4jbCayE8lGpbimkkRDCT+H9135fG+n91N0NG2EN2GDUQnQWRMmvZHbAAo1Y6npojLM8N0+vdRrhfWxSeDRkSSY7HZUzqasrZDJcJdbXcMHZaq622Z7JpfixVl6qKlv+4M8h21FVzaNr/5lR5pO5VsyAQDDWjB7JrIQXccLfXHBjk5SfJXilzsG4A90wxFu2FaOiY3bOMcqBOJJZPDgdhvckLVsyInhEd7o2bOduhaXynDHaQpnyLc5kGSE4xNAAG2E6EDHbMiNp8Y1IpiAHonykRDLth7rN3rqylpmGCmcXOzvhbaqsnOu1MK45ky5mkbDu44HusteOsIIXmOjy8t2JHGVm7je7hXyEvqHBh4A2UB8ZOA7utcKTj3612cQC3K63K5PJlqSGn8IUDwzkZO/qrGK3VExBjZkFWlJYuDO3CfGrDObapW9lFDTSvHkblWVNaJThziPsr+Chp4G4DMrsrQ3GkLTGCM3xFV/D4GgZZuEnNDRpUx49VGlWiEEhc4pEYtPcoT2YGc8o0pJI7LhGW4ChjtWCE5hBOBsuFuoYxhHcBkoL8gEg4R9mWb2gHMO6YQAhzVTYt5ZAAoFTeaRgw12opiTfKMk9RGPZP1c7IbtABLiACqSe9lxPgZCrZqipqPqlOPRN2sxW6mL6L+puFJCf7wEhV9ReNX9wVV6I3f3gz9yuxxOcSI25RqOTJZqZf0hpLhUPOzsKO+WSQ5e8n81Jht1XNu2Pb1RxbNBHjygfZGoCHKcvyIAwTvhEDPLkNViIbdGMvOSEJ1wos6I4iMItoicop5kyEWkEDQuOeWjOFKNQx24Zygkl5+lL2lKcH0BMzh+HCEKuYHYqWGM7n9k4RU2PoU2gSmpEYVs39Sd45xkhGMFN/RumaYxwqcCbkMbUOaSQEQVurHiMBA9ExzAdwEB7SdsodoEml6JT5rdKNMrG5+yC2gtr8lr8ZUR0Wo5TcOZsFS4FStySTRVLDilqyW9gSutqrrRHXMwuZxkHKjsmcD9R/VGFaCAHEonBBrVOHsMy9tlcBNGWE8HspkFWQ4GN2D7FVj3Uz24wHZQ5ImtwYZHMI90LrQ2GvnF9mnpr3XUsgljmcT91f2z4iV9vnD5i5zT7rzVtRWQO1Z1BFF1kYR4keQlOlM7Gk83OnqR73b/iXaKmBsk2Gv4ODhaa3362V8YkgqW79sr5ojr6SRuWuwT2yp9Nd6uNumGpeB90p0Hf031Zt4mfT8Lw9uph1D1RvE8PAdx6rwKz/Ea924sY6oLgBg6twVuLV8WKSoY0VsRJ4djGEiVbPV6PzOm1UM7kj0plRE84DsqTsQNlnLdf7Bc4xLT1oaTy0nBCtoHvH91LrZ+qxyreTs03RlyuSc0FpRNiBso/zDB/ebIrJGuO3dTrs2VzjLo7pzyF0sy3GEYMBGdKRj9Aq4LcVLogPpg/ykbHsqq49LWuvhMNRSteD6gHC0IidlE8NpGC1FuYqemrs/NHkt7+CNnrIXG3AwS8gjgrze9/DLqixyPMdO6eJvdu+y+oPDHAQn03qA7KKNso9HG1v03pdSm1wz48kFRTyGKoidG8chwwixPBG2+V9PXjoKwXjVJUW+ESO5cG8+68z6k+CdawvlsGZHHdsedk5XPpnktZ9LarTx3VPceZiRo7j9UUOaU26dPXizzOgr6SWF7OQ5pA/VQwXDk7haoT3Lg4EqrKeJxaZf2u93G0yiWhq3sI7B2y9Q6Z+KFNXNZS3rMUgAHiDgrxZsxbgEFHbMCnRucSlPJ9OsFPVxNezTJG8ZDgoV06efV05ZTzFvfC8PsPWl7sL2inqnSRD/AIbzkL2Hpnr2232NkYe1k2MOaTvla67c9i5w3Lkyd96enhB8aHQ4fi7FZz5eWI5ieQ4dsr3GqpYa6PRPE1wx3CyF96PhlBloXBj+cEbFb4yOFq9DH+kxtJeC1jqa4xmSNwxnuFW3foamq2Cs6fJY93mOHYBKnVVJJBI6CojLXDY5Qaaorrc7VTvJZnOnKdFnJso2mdprhXW+f+H3mn0tJwC8ZBVnB83aphW2SoZpd/eQu+hw9h2Kva+ht3U1INZbHPjk9isnX2q79NyB5eZICcZ5CdCzJlccG1tV6o7tEH6mwz8GNxwVaMnkgIPb3Xn8D6W4HxIH+FMB22OVe23qGWLFJeS0NGzZvT7p6aEuO7s21FXgP1skz6tK01pv1Vb3ielf5fxMKwbG6GiSN4cxwyHNOxCsKK6upsawXY9O4TcnnfI+Oak5RR7FRVduv8Qm1CKXGCPdTIZ620OxI4yUzti4buaPZedW6vbNG2allLXegO4WptXVD4B4Fxj8SJ22RyFZ56dTiTeoujbH1RTmogjayp05D27av/VeXV9ru3S9Z4dVG6MsPleOCF7GKOmqWNqrLWgEjUBnb7Lk8FHe4TR3anYZWDBLxyjIpNcMyPTHWratjKedwbKNgSeVtaK6iTDdXK8s6m6IufT1W6st7HSU+dQI5ai9O9WGGYU9c4kHy5P4T7oC5V7llHsIw9ocNspr9tlVWy7h0TRkPYeCrRsglbqwhxgyyi0wYB1ZJTpooamPwpo2vadiCMgrp3yExoI7pU4prkD+55F130HNY6l97tEZ+TJ1TNH/AA//AEVPY7/oeI5D5TxuvdyAQQRkHYgrybrzoB1rnferLCTTuOqSFv4D3I9l5TzPiY2xcoI+k/Sn1XPSyVF7/wAMv7RdpKaWOro5iHNIOxXtfR3XFLd6dlNVvDagDGSeV8r2i7uhc2WKTcbPaVurTc/GDZqWYscN9jggr5P5rxPf2n6F8B51WxScuz6UniEzckDGFU6JrfKZ4SXMJ8zVQdEdbMr4W226Shs7RhrydnLZTRDGcbFeDv086JbZI+hVWRsX2vI+nqop4w9jue3ojAhwVFVPnt7hNT/Q4+YKxpKyOojD2H7hIwPaJrHYO5UiTD2A/wCqhas7hHikLcKAiD8O0lHa/UCFHmaCdQGFyKXSdwoQN5hkrNdR2xz81UDMn8TVqQQ4YwoVbE5zMtG3BWmuyUHwLx+zL9GdVu6auhdI1z6OYGOeHOxB9l4b/bj/ALL1J1DbT8afhxF48bmOmuEMY88hOP5+Bx7/AGC9outrY2oMkTdOvke/qrnoLqaKkjn6VvhDqGrf4Z1cBpyMfuV6Xx+vlXLfDs4XldDXdB8cNYPx4ILSWkHI2OURvJX1T/bO/syP+HN8d1p0pS+JYq14yYxnws77r5Ra8BfVfG62OuqVkf8A92fFvLePn4+3Y+U+n+w6chJ66UXycp/aSOThJciRBvlaU+BeRNI9VMpfq5UDRjfKlQPDXAlHGWWItWUXEXbdTYDpka/PCrojsFNYct2WqDObZDdwbOlkc+njc474UC6/3hKdZJzJTaHO3ASuQOjOMklaG8HMx97RKtFRgNx+al1xDJmuA53VNa5g12khW1X/ADGeJxpCOMssz3x2yaNfRyl1K045aP8AJVl8BkpDtwU/p+Z81CQ450jCbcj/ALo/b3TXyjFH7bTBTjTJx3K6XamH7LtWMSn7po3BwscnydqLyshqd5NOATuExrjnlNj2yPZMBwTlZNTDdDg6Oiu2TLqy1HgVgweV6bSOEtG0k9l5HTShjwc75Xp9km8WjZvjDQvG66OLT6z4TUb6EimuEZhqSO2Uxrsgeyl31uH5HqoLCNGM9lyrksHpapY5Pof4c3Ftw6YpyH6nR+UnOTha2P6l5J8F7owU1RbQDqaQT+//AF/Zessc0keq8R5GGy1nufFXK2hMlhowEXAwNkBjtuEYHPbhcew651q5gFFTHbhSHAxLgxfxWtsld0dVGIajD5v2K+aLjQmopXujGCzlfXF8pH1trqKWPcvYQP0XzE2ED5uLYF0rx9l7X6f1LjhHzz6r0X8izd/bBgRkZB5CLSVhik16Rsi1lHJSVMkMg3BKgzMwR2Xv4z3I+NalOizb+jUxFtXSZwDlZa40zqWoOBgZyFd2WrA/3dx7JXujEkfiNHus9qyzdp3uimW/RN50OYxzvZehVUTKymONw4ZC8Rs1W6jqxvgZXsPT1e2rpWtJyQFx9RX92T2fi7/khhmaqw6jqN243wVa08wIZMw+hUrqa3CWHx4278rP2mp0vdTSHvtlcy+GY5O3TPbZhnsnRl5bPG2NzuQBue62rXNI2C8V6cuLqGqaNXle7C9XtFa58GZDkjheU1lD3ZR7LRalyioyLdTaKUsIb2UGM+JwEUDS4HK5LWDpL9l+1wc0Fu+UyrhbVUzonN3xsg0EgcNJU0bbKReHkua3o83rInU1a5uMbqPc4BLHkjGQtN1RbtLxURt2Jyq404mDRp7LfTec+6nKwYnwdFQNvyVpG0taBp2XblQfJVbJtPlccHCnSsa1rXNG2P1XSr1CfZz5U7ODC9TW4w1AlDfI9ZOlrXWe+aTsx2M/Yr1e728V9r1ho1DOF5ffaMsIn0Zczyn3XRos3HntfpNqc0N6zovk6mG80ozBUAZcOMqAZo622ObKAQWlpHqrukcL10tLb6gfzoZMsb7YWLjqXU0r6STykZ2PsvS6CaWDw3kqXncumeN9XWl1rvMsbRhkhLmKrZnGCtp8RX09RNCdH8xpyD7LGk6eV6/TNyhlniL0ozaR1hLTsVpbFe//AIapP2KzIIyjMdp3XQqlgwX1RsWGj0eBwlGRuEZoweVjLZfJ6RohlJcD3Wrp5BLE2QHIcMroVs4N2mnTLDLCLGkIqiQkghSmnITcmZ8BW7KQzs1RwcI7SDwmCmiVEQQCUVsYJ2H7qIcjglFhlyQCnQeRXBLEXlyuHlPY4OGCneEDvhH0LdhxnKkM5UcDCkM5V+xc1uDs4UiLkqOzhHi5KMzTWGS2dkaMDIKCzsjMOME+6NABmAIzOyEw5RW9k9IVYGa0EZIRQBlDZ9IRRyrFBGNGERqYzhPaptTeCBA0ZR2gAbIbcuOfRHHCtQ9i28Dm7EJ44XByiDhDjAOeMjs57IjcZ2TUVWkmA5DhwiDlMTwDnKAU5NhQc4yiobdgPdFaMlHsyVNj2k8ooc4DlNAGE9A4kT4HM+pGGDg44QEZqJRyRBAANgnYCanq1HDFj11n1BcSUCwGGF3I9UDJ9Sutcc7k4UKwHSXARjcpZChQ1JLLf6v2Sy3+r9kZbjkSSZkLhIwqCCkjB3CjknKRO/KbkI1wW3kdkrmo+q4SByh53RN4JgO85xgoZAaNTnYHqhz1LKeMve7GOF5j1/8AEqno4Tb6OoL3uyCW+qFS9B06ed8tsUWvXXxEt1oiFPTy63HIc5v+S8OvN+rLvUSSSSnQ4+VueAoVbXVNfKZKqbUckgeijZGOc5QN4PV6XQR00cIWe4O66C4jjKGBl3KkMGRlJlM6temlMayP9lIa1JjM7KVFCXHASJTyd7RaVpYBxtycFWdJRasEp1BbfEfqeOOAtDRWnGDxslOSPQaTQuUlgi0Vty5pLf3WipaENDSBjCNRW4NaMNVjDSkEABLc88HoadLGv8SPFTaCPKpzGANCK2EAbhIkAfbOUCZshFRQPSBydgs91H1bS2pj42EOcRjOVD6t6wgoI3wwOy4ZBIPK8srrlPcZTNK4kHgZQOzPBy/JeQ+L/TqH3S8VVyqXyvldpJ2GVAaCTjCaIy4qTHGGgFw2US9nlp2zs/JjoowcErrtLQm5wos8pAwiMtssCqKjHlGFEILjknlIgudklSYYhgHGFohHBzpzc3gHFEQ4EjhTxhoaA1JkQAzpTXyBpwVrjFGebwGB4JT/ABdQHlwhNY54BAUlsYABwmxjgy2TE0EnzIzABx2QxvjA4ThsN0YpzHJJLh4VACyPVccRhAcTqO5XM+pTMkHanEk4yp1vt7pMySYbtkAolst2r+dKPcBGr66OmjcGkDtt3VDVDjcNrKuKjjAbjA7+pVBV1ktW7LjgeiU8xnOd/VDbGcqOfovKSOMicSCeFLjjAwcfulHH3wnTOxgYVZQuTbHPLQAQQFDqalrGncIdTVeG1UlXXOkJGTulX6iNEdzH1VOTywlfXueS1qriXPJJSJ1OyU8AYXEttldLdI6FdSiNSXcFcSB2UkdaMlE9Nk1hAxlEyAEQmcmzicuNY6U+UKQykczBeeUyMMipSwMMZkwQEZsQaON0TAYOEk6MAHPcC2HZcyfRPII7J2AnfGEmxmr2XMj0RUlPjLyBxlFhiLnABdAycKdR0pcQ4hBYnFD9NTLUWKC6DU1OMAlqt6aPWQxo9gokTA3y43K3nSPS8tTIyWWIYOCAVhsy2e88XocyVNaL/orpAyBsr4wc4OSF63bKKKjgayNobt2UC1W+K3U7Y4274GVZxOOwJSbJYR9P8boo6aOESQSE/JQxunrO5HajHA9Oz2KbqA4K5kJMpDjo2TvG2xhCL8dklM5CHA5SJDRknA9ShukDGl2fzXnPXXXjYGOt9vndI/hxZ2TPxMuq1UdLDLC9eddiAOtNpky85EkjTx7LzbW+dxe7JJ3JTYmPqMHCtqO3udpGMe6bCGTxOr1M9VPdIj09G6RwOlXtDaA8AuGFJobcGYOgbe6tWMawYAWqMNpkVfsFHGA0DHAwnNaE9daM5ThqijmewC7DGdQ2T4o84JCkAAIglWJseBwkcNXdeBwoFdWsgZrc7BHAUcsBqOOyRLKACfRVNXcTwH4QpauepboHlB9E2Okc4glVvIRpH1k7gWHI7qVT0riQHDBU6lpgzsEUtaMKxYGOkazBCOI2jsm5CRxwoTAQYHcBc142QC4Z+pc8ZqhN2DKpmsphrKYDPij9VFfdIGjylP5PzE6miZuRwuHZVEl3dxGchAfW1D85dsfdHhjVpbZdIvH1Ubc5IUM3SEEjuFVume7OXcpmW91fRphoZvsny3k7iJqivr5pRguQdPoV0RuJ3UckjdT47+w8yyk+Z2Ug/GwanthceyI2kccLPKaZ2dN41yxhDASeAnBhKMKfG5/zRmxEb4wkylg7NHiG+0RhESfpRmwbZLVIDQBs1dx7LPKw61PjVDHBG0AbZS0k8FHMfsnNiLzws8p5OnDSgAM7BEEWcDCkMo3PUqO36MOmcA1InPBtq00faK9tM4/SOfdHit0rzlqmzPt9K0HxBke6rKnqaCAaYjj7FZ5ts2wrphyyfHQQsGZt8J756Cmb5HDKytX1NPOS2MH7qGHV9WctecHslODkW7oR/A0tTf6aLIac4VRVdQSTgiN2yFDZauUh0g+6soLPTxgBzRlUqE/yQqeoslwikE9xqXnSSQVJitdS/d7cAq+bDBA3DGgfkhPqWt4GU2OlT6ETsb5kQY7VGwAubupLKSnYNmjIXJarI2ChyVZBxjunw0WejJZq4V9ks+HHnSQEB1Q07YChuqnHIHdDMVTIQGNyCtFeheeTh6v6j0+nTWSS6dueQh/MatsLsVumJBkzgqa2hY0DS3B7rXXo1H2eX1n1XZYsQ4K93zDz5GZyuNpJzu9uMqxEYb9IwiBzWDURlO+CMDzd3k9VqJZnIgspg36gnObGzHCdNO3cAYUMOMj8Eq0hLk5cyJB27LmpObGTjb90ZseANk5IUmkMDTnhPDRjhPDQE7IxwrKc2ugbWBIaRvsu+IOFVV90igcY2uyfulTtjHsbFb+ibLK1h9vuqOvugkeYoTsNifVRqmtqao4DiGoFNRzyyhrRjuSeAuVqNfte2B6XxPgLdTJSsXBw+NK/J3yp1NQu2LtlMprbgjbOFZx0wbw1cm7UO38j6b43wkNOkoxAUVC0AEhWAgazcDddjja0cYRmu2XPtnk9NRp41rCB6MbcJzNLRnGSE4uABycoLHHOyz8yNaaQXxAdkMvcPddaXZw0co0dLLKQXtGlSNeSStwAZl/0jhSYKbHmKK9tLSN850rOXfqVjGup6fORtkFPhSY7tbGuLci8nuEFE05cB+ay936kklDmROyMqhqblUVOz3nH3UV8wAwtlVGTzGv84nBqPAaesdIXF2+QoTp3HbSntY95GByjiiaG63DZb6tN7PGavys08ReSIGySkaRkd1Jjo4426iMJfM00Qww4Khz1krzgP2W6FcYLg4Vl1t0syJL54ochjs+qiuqtYKiuc4nJKarl1wSMeTr5sOIA5QNRccZROSutYAQSs9k8GyjTO1pIQjO2QpAAwAAma2twOMJjp8jAC519rZ6jTaaNCwh7psY7rkczuMILWPe7jlT6alwQ7usMrG2dSmDfQ1ut3ZObGc7hSg1jW4wFzWwfh3Vd8m5JRXIxsO2cJ+kDbCHqycAJ7RqODsoXv5HMYO/ZE2Awlpa1uo7BRZa6Jvlad1eCTvjWuSc3yglRZK2OLI4JUR76mfZh8v3Raek0OEk/mPYdkTizO75SfB3NRO7IGQjRwO1AuC783TQg5cBhV9Tfo25bEd0Uam+wbNZTXDdJlv5YWAHhRprpSxbF4JWdnulTK768BRJHl+5K016fJzLfMrH+mXtRfYmHELsZ9lXT3OonGC7YqveRkHlPYtEdPtOXd5C23tjpJXynLzlM2S/JODdSdGtIxTuy+R2MokUReeEWCDO7gpbI2sHCco4Mltv6BRU0YGXDcIjiAMAJr3b7IYce4TYxSEpuQ8knum6fddSVhgkkl3BVBjk3cnAGSeyJHE6YlrD5j+y9E6R+H7YY4a+6gPeeBjGVlut2rB0vF+Ku8nbsr6KzpHoCruz4qiqxEx/Ac3O36r27p6x0FjpGRxxNBaNz6p1otMVJC06ANthjgI1wrGwN8oyW9vVYJz3H2TxPiKvGVbK+/wB+wlyubYI/5T9zsAFTt+ZrSTITgldhpZ66oBPHOewCvKelZE0AAbLLOR36632cpqSKCFrGNA23PcogjHc7Lj8kbbAKLU1r4W6WYKztvI7GAtZU01PFlpOs7AdyVXEPlaJKge4CExsjtVVVbn8I9EJ0tRVPEbHEBWC5YFPM7RohGM7ZVnZLM53+81LRv9LTyiWq1iN/jVLdWOAVOrbtT22EvcBtwMqE49kp8kFDDk4GP3WHvnUxme6GH6htnPCiXi+z3XLIZC3JUGGm4c7lC3gzWy3PEGDZFJM7W9x37qfFBK9rW00OrtsjUVulrHiKJh35ONltbLYhbWtcAHOA390udqiMq07k8srbV0xDSsFVUDM7xnHotHRU0j4w6UBjD+HHKlNoyWtnqBpB3AQrhcI4I9TcABc7Uaz1FnX0+iilljpJ6ekHnONtgqeqlmu0ggpAQM4cUqahr7vO6V2BF2cT2Wrt9uipIQyJgz3OFyNRq16OnVpkuiHa7JFRRNDmBzvUrRUtMdiR2RKaiEQEsoB749EX5mEDEIL3DgBca++UuzdGtRO6I4xhxwmMZV1x8KkZhh/EpFDa6irf49Zsw8tVjVVlBZoQ5+ljezRySsjsbYzHpA6a1U9IfFcNTu5KiVFfJK4xUkes5wAO6AJbpf59NPmGnJ9eytYaent7fBbhz8blTcmEk0RWRVDSPHwc9lKbFE3zBgB9V1zhk6j+Sh1teynjJc7SeynYRIlqNPsPVUVdeyZTBSed/Yeqbqr7w4xQksjP4lc2qx0tvw4tEjwOSFYMngqKLpma4SCtu7zg8R+i0dLT09FD4UTA0BElnBxgKtr6+OCIyPkDSFAJLJOkmaznGCqG83+KkDhG/VhUl06hnrCYaYnQOHKuZDK465nZJ9UaWQTtZcK25PDnPLW/0gp0FEcgsZkqdSW18pGlgAVsKWGjYHad1ojEpywVtNQPfgytwEaaalowC3YhDrLqBlkJxsqaeoe85cOUWUiiVX3eSQ6Yn7KokJkcXOO5RSNRyB+isqC1CZofOMZ4CjeACnhpJpnYjblXFDZtgahn7K4prXFDgsCm+FsBjhU7URRyQqahip92BSxg4BC6WY3I2USouFLBy/J9EuUy8E+OA7OxgHuo9Zc6aj/lsJdJ6BVk1XdbhiKkdoh5zwp1BZdAElQ7W/HJWadgWMkV/wDELq3w/wC6aeSO6nW6zx0LACA4+pVlTQNYMBuylmIHTpCROzIaiyLHCeMKRHBnfGFIjg9lIjgzvjCzzswOjEisphzpRY6fzcKW2n2OW7/dFjpsHcLPO0MjR0w28qOym74UplPnHl/dHZT+oSpTbFkTwf8AD+6QhH9P7qwEOPw/uuiL2Qb+RhC+XOQNP7p4gPopZYNlzSfRXnJRG8E+iQh33Urw0vDUIBELcbldELQpGgpaCoQCG42C45vujaVwZJ4UXZCPp090tIOC44HqpDg1oy4gD7rM3nqcRZp7Y/Mv9S0xiW2W1ZcKCgj1zT7/ANKx1xvNXcJ3thldFT9lFeyapl8epkc9x3OTsiAtjAwBstVdeRMpNgmU4aQ4gE+qdI9rBtgpslQcBoCGyNzj5jjK0xWAcHDI558oRGROfthSae3kkEjlWdPRFuNsIpSSDUCrhoHOOSMKxpqNrMbduVPbA1oHlC4cMHCpWeiKAwQNjGyj1lQ2FvCFW1xiwGjcquAq6yUNzgck+ivOeRqhjsBUz1U0mImkjuplJbY2gSyN8x3UqnodG+PzypWkNACNvAxL9A2sa1oaBgBcfpx2Ti4YO6C2Nznb8KoyyQE5/mIAyhaXA5KsG0zCzIG6Y6Jo5aFaKZELARuEms0go8ga1uo8KhuV9cWupra0SSHk54WiqDkZpyx2Ta6tgoo/EkcNu2Vl665VlxLg0mCA9xzhGjpZJGiSvfrlO5bny/miSRgDAAx7LfTTjlmS2eOCDBQxU+C3cnupDQO6JoOBhMlkhgY50zsEdvVbIVmZySEYwRnso0k0UOzCXn0CRlnnIEQ0xcjKJHSxjzNGH+q1QrM9lmSKIpZ/5sg0tPZdY1uThqlubgbqNUzU1JEZJSGMHJK0xqbMF9+1cjHNB5PCpbzf6S1Zw4Pc0bb43VLf+r8l0Vsdsdg/1WQn+Zqn+JPI55PqVsqqOJq9bziBPunUtyuz3F0jmN7AFVJjL+QpdNSODgCzOVa0dnfI7MjMBbq68HKnKV3ZRR0PiHBVvQWmM4c4bhXkNopmNBLM+ylsgijbpawBalFIGNWCuioxCAGtTzGANzwpbw0d1DmfvgBNjHILwgMijyEjsivyTlMkGWpqrZktn6I0nCjuGchSnN3ySolTI2NuokJm1ox2WKPLBFgHflAmc1gy44Cg198p4fLnLsbLP1V3qKrLQ7SE1VNnL1OtrhHOS6q7nS02cPBJCpa2/SSsdHE/YqvdqeSXHJQjHpO4To0tnDs8lOQOWSpmwHzEoIbp5U2np3ynSxpJU+ms5+qdu3ZMVeDLZc7eykBLtmt3RqahqZ+WaAe5V94Nuox52hRaq8xNbin29gi2CVOMe2DhsjG+eeVhxvgJzpKKnwIcAhVs9xqnEb4BQmsfMc5KtQFWXZ4gWE90fjTE4EKGJpXkj13RoKT+oIr6ZrRwAjjHBlnZa3yR9GRlMIYzfZckmZG7TnZRpZ4x9L8lTGRcrEvyDPmaDjCG6do7KO6obtsmuqoNsuKnx5A+X9B/mPQJpqHEfT+6A6eM/S7KGZvZX8Yt3Sb4Jfjkn/1XdTvVQPGdnAC740/aTH5KOsYrXjkmOklzkEgfZc8XbcKHrnz9ey6JXeiCUcAu9+iT40fDiQuPa1w5QPEH9ISyfVCqwPkk+xFm+yGWnCInHhSVTZW5MjBxa7ZEFQ7OTumu5KZrOfpStjLy0SfmMjzDZL+S/wDFlRTjukD6KLKK+TkMIYm7sGPzTXPnGND8ALmrB5T/ABB6KYyWmNFVVg4MikxXKZgA7+xUZwB42QMEbZwr+OLNENROv8WaOh6pnpRoMxb+a2PT/wAU7jQOa1tXkD+rcFeUGM5yiMdjsky0sTsaP6k1mlaxLo+lbT8VrXXiNlY1sch5cDstrbr5a69jRSVzNXoSvj2GulhdqjcWkforW2dWXekqRIKsgDsslmjyeq0X1rultu4Prts9cx+Wva5vZSW3OlaA2qJid6ngr5/sHxkrqBjWVIFQ1vYu3x91vrP8VumLuGx148Av7uwQsk9O4nr9H53T6iOVNJ/o9NidFIMxva4eoOU8sA3BVHbXW6ujE1puDCeRodypxq62nIbNBrH9bUmUXHs7FerUuOyXp910jKFDWQTbF2l3odijY9DlCao2xkLw24wmGMjjZGZ9QRNAc0bYQTeBuEypuVjtd4gdBcqOOYEclu4/NeW9T/BWCYyVFnfp7hi9kDM7BcbAXcBXG6cXwc/V+N0+qjia5Pku89IXqzSOZU0z9Le4CpSJIz5mnC+wq+x2+4ROiq6Vjg4ckDK836m+DtK9j5bW0EHLgw8hbK789njtf9NTqzZRyeGRzB3JRmVE9PI2ammdE8bhzThWl66PuNrmcHwPbj2VPNT1lI0PfGS1a4XZ6PN2aadfE1g9E6U+K1Zby2C+66iPGPEB3C9UobrbbzSsq6GZs0cgzkdl8zxVMMvlPkd6FWNrvFyskwqLZMGO7g8FaadRLOGYbKlI95udkoq9pEkYye+NwsBfLRVWeYskZqYd2vHBCvekviVar6RRV5+Vqo2+YuPlf9lq5YqatYYpomSMcNtQzsulVbk5Gp0yTPImvyCWnH2KnxXSnqaf5G5R64yMB2MlaK+dBS4NVZAC45JYTssJUCRsj4J4zG9hLXNOxBWmE8nJt020fduk3wxfP2V5laNzpO7VWU9xma75W4Rj087VcWm9T2l2n64OHN9lb1tssnU9KJaGdkc2Mjtg+hWhSMUq+Sotl1q7bISx5npXjBi1fT7j0Wmpq+lq49cDjnu1w3Cxj6OttMvgVsfkOzZBuCpVNVPgkEsL9/vynKXAiyvd2belrZqR+uF5afZaqz9SU1RiKsbpPGcLz+hucVX5CNL8cHupzHjVseEZxdb4+Mvvgj1eimqqR3jUMuWHzAA7FayhutsvkHy9W9sFYBggnBXjVq6grqTAD9TR2JWvoqqlu8bZ4naJ275Bwco8o81bRKPLR6BNFJTxCkubWyU7vKJfb0K8/wCsPh62AuudlHl+otG+QtdZuqw9os97a0ucNMUruB91ZGmkoG6tQmpZNiBuB/6K08GffOs8js3U9XbcUtSD5DweV6LYr5FVRtPiDDx68FV/V/R8NxpRX2mNglZ5iAPqHosFHWXGyy+G5j2EHcHZHjcU8TPbGvBGR3T1hOmurhM8RTOznbBWyhqRIduDuglHAqdbiS04jbATQcjKekyipdgJtPKPIfiD8Oam1yv6lsDSadpLqmFo2aPUD9VnbRd3QvbPTvP+Jq+gtJxleQde9Ay2iqffrBERC86poG8A9yF5PzXiYWxcoI+mfSn1PKmSpvkX1ou0dTEJozhw5wdwvU+jeuvEiittzcHEbMkPJHoV86Wy6u8tRSkhzPrZ399lubHeIblH/Ldoe3t3BXyjzPiG28RP0L4P6g3qPJ9Iup4aiESMw5rgqWopprbN48GdBO7VlujuspqN7KK4SamEYDivQnmOqhEsJDmu3Xgr6J6ee2R9B09qthuIdJVNqmam9uR6Ke0qiqopKGT5mlacH6mKZQXOKq8h8r/QpLHNFsDlDI0nICa2VpJCcXahhVgrskU8uryo4xgtIyFWOc+mla8AlrtirCN4xuVaeOQJRyU18oBpE8LTjOCAsfcoPJ40Wz43ashelOYHAg4OfVZLqG0OtsoqohmKU+YY2C26bUbJoz2171hhra62/Ffouu6A6lx4zIPKXDOsYIyPscL8zv7QPwSv3wp6uqaKajIp3f3JaCWubk9/ZfoFVips1RF1FaXObJSnVhhwVO+L/Q1k+P8A8OXVdPHCbvE5uPLhzHY9V6/xWulp7lOJ5TzHiar6vis69f2Z+TTM435RMjsVfdbdI13SV4noKwN+sgaeFmwCN87L6dpr43wU4vs+R+R0ktFb8M+yQyTfGOUdrid8KG3ZHjOOy2xnjg5koh12N2lw9kmnLUNv1lNTFyjlYLunILRupkTzxhVdGcDnKnRu34WiLMNq2mgslQfELSdsKyrXB7cYWdtkxjnbtytE4tc3OeyepZWDk2w2zyV9PII5titG0iam8p5Cx4eWVB+61dpk8aMRgdlpgxN8G1uLTpuR7JnxB2W+isblEXxSNZ2GVn7c6SnumluwJ4WkqnHVjHITnyjnz+2zKPPK4ESkH1QY3AcnlS7u3TM8Y5cVWwkg8rJKPJ1KuYJklgzM3sEyc4P5p47FDlGcJUo8DqW4S3BIpS3BXpHStYJaPUzfAAK8yaRutp0fWN0CNp74cF5PylXLwfSPp7V4ijQ3holjc9zd1Rxu2A9FpaiNrxgjIWYLdFU9gJwCcZXnrOD3dVmTZfDC6/IdTMiMgaJm4yV9BQvJcD6r5WttU2gulPVPB0tdgkL6ctFaK6hgrGtAZKwOG68r5anMtyPW+DvynWXcJyFKj+lQYiAcKXC7SvN2rDPVrgNgpp5KK3BHC5p83KGPYbWSO9vbK+YepKb5Dra40UW0b8SBuPpPfC+pXM3zlfP/AMW7e2j63p66LAMzAXYGxyu/4i7ZZg839QUZpVn9zzjquhLWMqmt3Aw5ZGcHYheo3ulZLQvLm9l5rUx+G8j0K+haHUOa2yPjn1PoY0WKyPsBT1Pgv1aeFqafRX0w04OpuVlAzfOVa2Wt+XqhGT5HbYW6x5Rw9LY09rKm6RuoanOMbrddF3tszWN1bgfsqfqG1iqiM0Y3AyqLpuvfb64ROOBqXP1EMnpfH3Omf9j3V7W1dKWc6hsvP7nTy2+v1DIGd1sbDXtqIG4dnbIUfqS3NlY6ZreRlci2Po9fGScPlRCoajxYmvacHn816V0fdvmabwZHjW0YOTyvG7XVvjmdATgtOwPotfZbi6gropg46DgOXH1Wnz0dnxuqy9zPaaKYggOCtGMa8B2eVQUVVHVwRzw8OAPKtqaUggHsvMamvZLCPWVz3LJYUj3RSjPCtmO1jIVQ0Z0kbKfSS4GCsbeB8ejtxpRU0zoyMnGQs1TRYe6J2xbstfu8Kir7eaet8VrsB4yjhIXZDLwUd5tpq6YhoAczcKqhhc+kY3uNlshTCQDKpJLe6jq3xv8A7uQ5HsfRbq7OTJbTlFLh1PIGuA0nYg8LLdV2dul7mNGCSdh2K3l6t5jp2ytGw5VJLTCupCTgnghdOi/BydTQrI7Tye1TGhq3wu5zuPULMdX0MrHC4R8eIc4W06mtUtrvcdd/wnnS7AVJ1IwVFA4MH4sr0vjtTiayeJ8tomouK9HhnUta6qr8PbgMGFRTAYBC0/WdtNPKKpjNjysuHktyQvfaWxSqR8o1dMq7XuAgnKkMcNkBwI4SG+CStanyZGic1ytbdeZ6MCMkuYOxVNGNgitW2uzgTbBWRwz0G310NZG2RjhnuMqyjdtjC84oa+ajkDo3nHcLW2m+U9aBE86HgdzytSlns4mq0sq1mKL8k52RGHCjteD+aK13sm5OZ7JIfnsixcqKTlFiJBAT4PBWGT43H1UyPfuq+MhSopAAMpuTPNZJehINIXGPAOCjamuAACIA41Gj+pCRGAnOEYiwmxcIiDGiDlGgCTGcqQHY4UZnZHYdgSmoRNZDx8hSWcqEzlSI/pR9CyUOERRxyiDhW0QlR4yMhHURpUhj852RABkRqEDlEaQgACoqDkIoIPCgGAg5RmkEcIKeDhQEOjM+yCisOCjQDDJLgIwuogR8ZGQjNIUVqIw4xkqsFpkpPQchPUTyRrA9JcyF1WUJJJJQg/JSyUxJQg/JTclcTMqECZKZkriYTsVTeC0sj8+6bkoW+vkp+QG7nCpstI68j1CiXG5UlsgMtTNoPI2VJfurLdZw8vl1Fo23XifVfxBuV2qJI46jybgAHYBFlGvTaSeoltRqevfil81G6gtrnNwSC8ckLyepq5al5klcXO9SUOSpc53mGSUwODhwkyng9VptIqYqMVydMpOy63U7YrjIC52VMjhwB5UqdmTsUaacu+gTISSHKZHHk4yuxwn047KbDSPecjAyszmdrS6TL4GQ0xdwOVaUNE7UDhHt1sccEszn3WlobaG4OjGPdR8nodLotvJFt1tyDlmNlfU9DgNPsj0NGGk+TGytI4GjHlSpJo7dFWxYRGpacAYIUoRD0wntYGjIGyiXK7UNth8SafB9FTew1OUa1ulwPqqmKmYfEdjbuvPerOvY6fVRUO5Ozngqm6u69nrpnU9JJ5QMbLF+Z5y4k53ykuw4PkPKx/2qWEqauorZ3zTvzngeia1dERHZcxp5QNnAcs8scCByEnybZA4TXO1JpdgcK08i5SSOvmABHsouNfmI2C6Q6V2cKSyDAG260QjlmS2W4CyDUBspLYi1oOMrrgI8ZTXVEjhpZwFrSME5KI2Sd7CGtxunQwvkcHnsiU1KHjXMN+ykkMiA0haIpmKy3LHMYGNAS5S5TvpTjLKWTn0pZ1JPOVwcKAnUsFc/EjNaHIQ8AdOTyptHbzMQ7T+aLS0PiHUW8eqLUVsdHGQxwBATHwHCGeZdCrK2Kkh8KM4wMHfkrO1MslTJrcduw9EppJJ3Fz3ZycpgByqUshWTzwhzWeyOxjdIQm7Lpn0txhADtywxe1o3IVbXV7WHAGcINbXtYCQTlUs1Q+Z+ouKx3anZ0PrpzywlTWOme45JQCMpqeuVbOU5ZkzVCKiMXRylgpYPoq7G9IJsQNlwjHddjaXZDRlSIaSVxy5uyKNcpdAOfJEa0veMDdWFNRbAzDlHiipox5xuFySXVs0bdlohWl+QErN3B3w4o/oaB9kwlz+y4A4lGawjcBOjBCnLAPBK6n6QO2U3BTYxwUNwEzBzlSNDvRM0eyMI4OEk8Mz2TmM83CpvBFzwdgiL3jZXNPGGMGyjUrGsA2VnR001XKIomZzysN08nrPEaL44pLtlx0tYnXOoEpjJaHYC9u6YsLKNgdKPpGyzfRNhFHTRF7MYGo/dbqAkH0CxzeEfVfD+P+CtSkuSbpB4Oy6HsYfO7C4zjdJ7GStLH91isnyenrjtjklwSMmH8t2UZUGqotNQHsJc0/phXMFXFUxiSM88j0KXwxldinw+wmSlkriSE0Yz0JKV4Y3JIx6pkkgY3O2PVecdeddeCDbrYS542e5p7qCtTqY6eOWF6665bAyS2W+TMh21N7Fed0sM1TKZZXZcd3H3SpqWavldNNkuO5JWjtlpMbWuc0DPCfCG48hqdRO+TlJkegteohxatBR0DWYO3CNBStaweUABFAaM4WuEdpkUUPbC1gwEMuA7JxcScIrIinBRhkZFl5xhHbGF0ARjhN1tGSSoM2DgMLks8UIzI7ChVVw8Mlsbtwq189RUHSQpKWCEusurnO005wq8eLK8ukJKPFDg6nNRwxo4CDO4BxyDhiDRuFLjDQhjA4XN+yhTD+PowAEN7i7krjnBoJJ2Cr6u5xR8Hce6MXKaROaXck8Jk0+BjCo57vMdmnA+6hyVdQ5270WRTswXc1xaw4cf0UcXB25B5VS6cYBccofz0ZwOFUpYFymZXxH+pXNR9FK+XPonNp91vbSPikPGb/RHiaecI4ACkMp8Yw1FbSOPKW7Ujq6fxU2sYIRY4kDC62B7iNlYso8YJCMyBoAy0bJUr8nSp8Jn8iCyjdgHGEVtPjGQpfhdsJ4hHOFnnc2dbT+JhAA2EAYRPDGMIojIRm07nY2/NIcm+zpV6SMelgjtj7AJ4iHPCktgdkEongxcyDhBKeDXGjCIYj1cbrohJOFJlqqGBn1AEKpqL/FGS2EjKrOSt0IfkWbKXUAXD7rsslJTAOJDT91m5+oK1/lidpBUX/fa075eky5Irl/QaCfqCkg2aOO+VUVnUk1SwxQ534TI7JVSnLxgd9lZ0djpmEFzd++yTJZYanbPsoGtuFbjUFJhsNS8hz+PstPHS0tOMtaMgJpqmxjYZU+OUukSX7ZX0ljhjwXNBP2VjHS01NuxgyEE17WnfuolRW529fdNhp2zPLVVw9lhJVNbxjZRZKxvbCrJa0nuor6pzthutVelyc/V+UrqjlzSLOWv7asKBNW+6YymrZztEcHup0FjLyDUjHstK0qR5HWfVKhLEOStfVzvdiM8+yNDR1UuNcZwVoKW108A1NaD9wpegNGwCbGpRPLazzupvbwyljs8IAc4HKkspREPKFNLRwuODQPdPUV7OYrZ2czZGLRxhcIGE6RwBUSeraG4IQyaiRLIp5A04GCoM1TnyhBmqJZHYYcZShpnEhziktuQ6P2nDrkPCPBAQQSEeKmwAS1GbGAAeEUYlTlg4yIbZCINlwu9kN8wbu7YK8illsI4j1Uaoq2Rs8xACh113gjbpad8bKhmqaqokOMlpKy3XxiuTdpNBbq5bYIn3K6jSY6d255VM6KWpkD3EnPdS2UT5cFzeVaUVDpwSB91xdTq3LhH0fw30mq4qdqINLbztqB/VWtHSaONhzypTKRowQ3hSxC0AdlyZ2ZZ7/R6CNMcRQOGJrQNlI0MahkYBTZCBtlJcmdOMdqCSb8IBk07YTHztjbku37e65FDNUyAHjkqks9gSt9IJ4heeUeGjkl3GwUqnoIo263hQLl1HQ23yk7jjdMhVkRZqYVrNjwTfAERGsjblVVz6shpJDDC4HHfKyl26sqq6Y+BK5jTyAqaSQzODnO3WiFDZ57Wec2y21lzX32rrpDqldpztgqCXYBJO6jsYDhF8IPIzwt9Gn/Z5XW+Usm9+RmdZw1uUWGm21yDcpa6enBzsVGqLp4gLWuz9lujVGPR523VWXP7nwSZHRQM1d+wCgy3CeVpYdgUNz3vHJTAMJu1IQkCJyclcwfVOIA7piBprotI4uHhcfvuCgOlOQMIZPgdGIYcldeduUxh23TXk+q511nJ3tHWlHItTycKTBASQ4lBiAzkqU17QAAVhm9zO7VGPsOxjG4RPFw3GFFD+4PHuuiYnygJahk1qyMV9oYzEuxhJpLu6F31YQ31bY2nfBHdGqsgS1KX5E0YjGpw2UapukEA0sdlxVdUXB9RmNjtu+EyGnjJDnjJTY0sx3eQS/Fkv5irqyAwksPujx0wjw6Q/dA+Zjp4vLsewUSorqiUY17eiY9O2YrfJKPfLLSWspaVuGyZcq+W6VEuWhw0qC4l5y45K61Mq03JzrvJWWcLodJNJKcvdug4HoiYKGtCoSMUr5WPLEknpJirSIhhGUgMJ4GTgIkUReUSrI3gEGknAClxUoGHHlHgpWjsnkYGE1RM07MjGtDRgLpO2E0kE4SRxQL57BkEldxhOwE1WV0NTkkw+ypvAxvA9GpKGruEogo49byjWu2VF1qW0tO0lzjuccL1jpzpihsVOBhss7tySNwst1yhweh8P4a3yD3S4gQukOjYrRHFWVcTHzn1Gd16Tbra3y1E7QMfQ1K0WsRsFXVtG4yxn+qk11SIItY98Bc623J9e8b42rQUqFaO19bHTR4b9R2AHdVUBmrp/P8AmmU9NU3GoySRk5z2AV9FRw0kbQBv3WVzz0dqusVNTtphhpynl2BjK4SAFDqKlrMhIk89GjG0dUVLm5DCoJmYMySnJB2CU0pzk75TaenfNIGt3z+ypIAZIZqtzWNGGlX1qtcUJEkmHEDb2912joI6U6nlrttvRV3UHUkNFEYYTv3IVi28Eq/X2ktoIY4PI7BYKsrqi5TGSQnHYZTHyz18zpZXZ1cD0U2jpAActVdCpSc+ERqamORkbq+tVkluEgjj8oHJwrKw9OSVDmPki2O+/C2NHb4aUARt0++FkuuVaNOm0zk8kOitUVDG2OJm45OOVN/u8YxlMqbkIpDBRO1v7IOTENT/ADSO3cVx9Rrc8HZo0mBtbXSMbh7s54CHTWx1xAkqciMHOOMqVRWt8rvm61xwd2t9laU9LLVS+HEP5Z21LlW6nJ0oU7RtLCWtbBTxDSNshXUFMKeFvi7HuSnxU0FshwDuNz6lPp7dVXF5mrRohP0t7lc+23JojHANgq7h/JpYz4Z2Ls9lb0FrgpYw0NBI5JR2tpLfSbHww391mK29XC+VptVgZlrR/MlJ8oCyt5DwT7p1Myme+goMSSu22KFbumq24N/iF9kDdOC1h4wrGxdNW2xxfOVpFRUu4zzqU98s1UQJXfy/6UttFrd6F4kQiEFFEI8DGoDsgu0x+d5zg7ldnmiphvjceqqZ6ie5O+Vozpz9bjwAh5yE1hcj6+5M8XTT+Z52DfVNorBU1MorLi7SD9LVY2600lE0PeBLIPxEKVUVDQB6BMQLbkOEUFOzETA3bsorptOSRsVGr7gyljLnu3HAzuVmLhe6irZ4bcsCYTGC0uPULIHmOI5I9FnKmomqpHPlfkHt6IYic4jO5Ks6G1yPcDINj2RRjnsjZXU1OXOy1nHor6it4bG18zdzwFJjoYYGhzWjZV9wu3gkxwHOOSnpYFTJs00NDCTnfsPdZ+tus8zi1rtlFqq6epOHOQY2Fyty9CsjiXPOc7lEhgdK4AjZSaake8jIVtS0LY8OLUEm1yGRqK2RY1FgyFaQwMYRhqdG1jBgBLUAcoZSbQSiHLWtAxuiBuRlDhaZIw5PeSBgDKzuT9hbSuuzax2mKkeACPMoFJYXPnE9TJqI7eitpI5XPzg+nKkUIaZBE76iqbeCOIoaMMHlACmRQk42UmKkJxspccIGMtWSyzaNjEixU3spTKc5yQpEdPxlv7qVHTYI2ws7uGbUQ2U230/llHjpt+FMZTjH0/upDIN84Sp2OReUiE2Ag7t2+6MyEbFTBDgcJzYUmUiN4Asi3Awith2R2R7BE0DSqyKcyJ4Q9V3wUfQc50/uiNYMKZRWSL8uVz5fG6l7eiW3opksjeGPT90vDHojEA9ksBWUA8M+ibgKXpGOFGPdx2HqjSyMQ3GN1BuFxgoI/EfjPplQbvf4WNNPSP1OPJCzk0sk5zK4n7rTXU+wZPArjdKuvLix5Yx3ByobY2tIcQCUVxa0KPrc4loHK11wBXI58gAwGqPlzzwpMdM92/OVY0dsccFwCeopcEwisho3PIyMZVpTWwNwX/rhWUFBHGNwCVIhi2VOW3omCNDRNa3jZGMLWlSA0AbbIU7wBsP3Q72xiAvOn3VZWVwzoYPzTay4ZJiiz6EoFPSvldqd90UVktLJFZSz1E2oknO+/GFZ09O2EYwpEEAiH04RDho5TMDlDI3DWjPooszidm7o4zO/S1uw5R4qWNo2G/qoRtRIUNLqAfL+QR/BYBspDm6UIyAZzgY9VaWQXLAPTjOFX19xhpWa3kEj8OeUGvuxc8xUuSRtkdyoTaYOe2erGt491qpqcmZ5WLor5Za+7uL3F0MBPlbndc+WipR/LaM9ypr5Wsy1o2UR8mrtwunTQkZLGCOXuydihyu8NuTwm1E7WDY79hlRo21lS7Dxpb7rVCDRjtlk6+uIOmDd/ok6kfJI2eqIJ7AdlJipWRYOBq9UXGd1shHJknJkcRBowNguhuN+3qnyu8MZJGPdYvqLrLS91HQEkt2c4cFbK6zFqNQqottllfepaW26g3zuHG6wV0vFdeXnx5XBh4AKjl9RXTulmdqJ7HspApHDTpat1dJ57UaydxCjoNWNlOpbZLK4BrFZ0Nrmc0O0jAVxTwiJoaGgLSq1EyKOeyuoLM1gBmbxwrIRNa3AHCMxurOU15aAcJkUscDYwUQL9LQocr2HZpzhFndvhQ35cdm90+MciJ2KPA18pdlDLdQweyLggZPCj1FdT0+NTx+a1QgYb7owjmTGOb3UWqqoKcDxXgKlvnVcbGOgpeeMhZOpu1XVDTK84+60RqycHU+Xqh+PJorr1PA1zmUri4jbKzVddKqq21nBQXEHsuiIuI/6J8dP7PP6jyMrZZyRTrccuOSugEcqyjofFxhqnQWhgAdUAYTY14OfO3eUsMD5ThrSrOms7cA1GwKmVNVRUcPlwXDgAbqjqbtUTjTkgegKbGOBKmWNRLbqF/hscCR3VZXXx8o0xOyAgCjmqnAkEgqXHaadgGpmT3UcAZOT6KoOq6p3dyLFaqhzgXt0hWhfTUjRqc1mO6hV/UtNHFpZKXn0AwhSQG+MfzYeG3wsH87DsLs9Xa6NupgBKzUt/qJiWt2B91FL5JvOQTkqZwBZqUvwLurvlPv4TN/ZVk1wqZPxYBUMtxuU5VkySvlPsM6aR/1FByknq+xMm0+QZLjymlpPZE8q7gJgSQIMwcgJ4bjsnEgIfiMG2UqViQtIJhqWQBsgeK31KXjN9Ur5kHtbD6t+FzZC8do2wuGRp2yorM9k2tB8j1SUcSb5yl4uo8I8k2hk9RvH9k8zA9lWUisMeuYCYXt9UtQPdV2Fgfp91wtz3TktQBUwimhnhnkBNLSj6h6LnlUlDJRHbqzuU4bJ+Bnld0nGUO1kwM8RuMaUzTg7Y/VdMZCb4bvVQZlDXNLT6pbjg8IqSrbkBCZOYXA/qrCmusAI07FVzmEhB8MDJSnUm8munVzqfBtLP1Vdbc9z7fWPic7G7XEcL0bpz423Ci8OC+QeNHwZGnf9F4SyWdnmjkxpUulutRnEpBA7FZ7dPHB6LQfUGo08k1I+r7F1/wBFdROaHVfgyO4Djpd+i1jqO4UwD6I/MQuGpu/ZfG9LdoPFaY5dDvUHC3fTXxH6j6akbPQVvix/93L5h/mufZpmnwew0n1RGfM1z/Y+joq1rjonY6J/+IYUuKTVu0Zz6LA9P/G/py+iOk6lgZSzO2LsbE+xW8hoqSqphV9OXAyB4yADqCy2VtHsNH5GN8U8h84OCE9pHogA1lO1v8RhbHnbVxlSAA4ZByCl7DqQmprKGkdwEgPZEAwkhy0XhPgo7507bLvHoqaZuSPqA3XmXU3wpqIQ+e0F043Jjcc5+wXs8jQ7lDY0NKdXe49nP1fjaNTDDjyfJV16efTzOjqKV9PI04IIwqp9NVUxx9TAvrW+9LWe/RFlbRsLz+MAB36ryXqT4UXW1PkqbcW1dPuQwDzNC1wt3HjNd9PWUx3VLJ5NG8A6mt0u9RsVt+l/iPU26JlDdQ6SNmzZR9QHuqCttbGucDGY5Gkhw4wVAfCGgeXccrZXqJRfB5e3SJ/msH0Da7wytp2VNNKJGOGRgqDfekLb1DmpiAiqnDGW7ZPuvGbNf7rYKls1FOfCP95E47O/9V6z0l1ra+oYGxR1LKetaP5kD9n+2g9/2XSr1PHJzNTov0ecXiz3Kx1T6S405YAfK/GxCqPmqi3yeNA5ze4LeF9A1UNtvEQprnTNkBGkOIyV5n1p8Orv04Za+2xtq7YPOW48zB6LbCzJwb9JLtES332ivNO1kob4mMOY7fdQKqy1FO901G7WzOdB5Czb46erHj2yVzZW7lrdnBT7T1lPSOFHemnLdhIByFohZnhmJxxwy1oXl51ZLXsO44IWgpapsjRk7jlQZKWlqo/n7dI2QPGX6V2CJzCCR2WhSFOtT4ZdxzPBDozwrSkrXsIlp5Sxw5wcKhppdA826M+Rww6MkH2KvcZNT46FkMJHoltvMF1YKStAjmaPK/OMn/qtVYupprU4Wy5jxKR/la48tXjdFdXFwZUyAEcEbLUUl0mlhYyR7pG48pd2TEzyOs0EqHyexOJpwJ6QiankGcA8Ki6h6Xpr5TOqKcAPAyRjcFUXT3VM1rHgz5mgP4e4+y0kFyjlm/iNql1tP97CecfZNi8HM2uDyjyeqpK6x1pDg4aStf0t1frkbS1L8O2AJ7+y019tFBfKQzwRjxHDcdwV5ZdrTUWydxDXDB2xthMf3jFixYZ7hTz6gByCpwaBg+q8r6L6316bbcpAHDZkhPPsV6RQ1jThkjtQP0nKROOBFtTjLCLLSCMcKNPBHPGYpWhzXDBBCktdqXSM434WOS9MFNrldnivXPQ9x6ZnHUdhaZqPUXVlOxu5/wAY/fZVVBVOnpo77aHnB3fGDuPVe9TQRzMMUrQ5rxggheM9XdJ1fQldN1FZ4i62ykGqiHDfcBeY8n4tTi5Vrs+kfTP1TKuUaL3ho1vTl+p71Tgx+WWMeZp5yvQ+lusHUL20VY/XGdgSeF4NBMGiLqPp+UmCTBe0fuMLZ2i8U10hE0T8OH1NPLSvlfmfEZz9p+hfAedVkFFyPf8AxIqmNs0RDmuHIVZV0Rjf8zTggg5ICyPSnVUlG4UdW/VGdgSt8x8c8YkjeC1w2IXgNRRLTy2yPoFFsbYJp5AUNxbM4ROBa8evdWTXqiq6N0Uhng8r+QeykW24tnPhud/Nb9TT39wlZHp4Ln6uybFKYn+G4+Un9Exr9s45XJmCQYUfQRZRvzhPqqaOvo5KZ4BJb5T7qvo3uxoceOFPYSPyQxlteRMo5MNUUTqKSSkq2eSXLQTwqW03Cu+G17NwYx81uqhpnY08NzyF6Rd7ZHcoCC0eI0be6yclG27UdRZa+MCRjTpB5C7Gh1TjLLEW1Qtg4yR45/au+BdN1RZX9XdMUkUpewucIhjLvX2Pqvz2u9trLNVvoq2JzXtJG4xwv1c6JusVprZfh31awyUVVhlNJIMt3zt7dl8uf2qv7Pr7XXVF0oaQOBBfBOzh3r+fC9/4Pyvxy2T69HgPqLw68hU3/wDVh1/dHx4HhHjdg8IDo3xPdDKCHMOlwPqERvde7jYprKPlM4OHZJY7bhObygBw3RmkFaYvIh8k2lk0bKeyQH81VMcA4KdAMgHV+S0RfBjtWSyp5dDmkLQQSGSFrs8hZmIcbq2oqgNiDD2ToPk51seQc+WTE+6ubHWETty7AIwqirw45T6SYw6cHBBT65CJw3Rwaqoc6KqbONt8rUO0y07J2HLXNCysmKihZMDkgK+tE/iW3T/SFpUuOTk3JJmSvjcVDjj8RVSDjOyvr+zyvON8lZ8HCVYdDTPdAKTnsmuGQu+4KXYpTeEaMegLnYJ3Wh6TqtM43G7lmpsjceil2WpMUzSSRg5XB8hVuTken8HqlXPaz11jiRqKpbtTGGcTsGxU22VZnpWOducDKV0jdLBkD6TuvJ3wPp+ms3RUimkcCM+m4Xv3wzuv8Q6ep4/Ez4TQF4AGjBGV6B8ILxPS3SS36i6J2+PRcDyNe+ts9D4m747f8nvUJI2UyHlV0T26uVMhIwF461cnvYy3IntOy6hMOe6ICAEoeOyMYPC8h+OVscKaiucDMeDJgEdwexXrqx3xUt5uHSVU1rdRjaXDbcFbtDb8dqZz/JVfNQ4njhiFVQN1tBcWrz3qugbSzMexunUSCt5YpXyUTWyHJAAKreq7c2opX+QFw8zSvdaHU4mj5z5vRfyNLJ4zg80z2ATGSuheHg8I8sbo3kYQJsYC9LFKSyfK5N1Swja2mojrqMMeQSW4WQv1C+315kaMAnOVJsdwdBOIi7Azsry/0TLhReOwZcBykXQO/pbPkgsdkvoe9HyxPfkjbdeiva2rptPORsvC7HWvoK0AnGDuF7B03dGVsAaXAHHquTqIbeT1njtR81W1mYvlA+21gnYMAlWdsrRVwtI+pqvOorOKyjMjRuAsPQ1brfV+DJxnC500pnUqm6XwexdDX4Ry/J1DstePLk8FegtmEeHAZXh9tqdGHsPODlem2K7OrKdsMpGQ3IXnNfpcPcj1vjtU3DEjbU0zJo8sPHI9FNheMgrO0Mxp378OVvHIHEEnC4lkGuzuVyTReQEPbyMplZBHNFhwyRwfRBpXbBwKljzBZ1LHAyUSnEWl2nPCFW0jpWa2jOnfCsJowyU7bHcJrm69s4ToWNCJRyilfTunpzTyN2IxkrGzwTWmvMUoxHJsD2z6r0iWnI3GFnOqbX83ReLGzzxHOy2038mK2r2YfqCysvNHK1oAc0ZG3deZCBwfNQ1Ddxloz2IXrdDKY6pkMm7ZPKc9ist1xYjbq8V0TPI874Hdd7RajDPPeQ0fyZkeK9VWb5mjmp3M/mRkkLyCaF9PM+F4wWnC+jOsKEmF1wib5XMDSB6rxbrG0ugkbWxs8r9nY7Fe98XrN8VBny76i8U4f6la6My4NOT3QG51bJ7iM8pq9BF/o8RhkiN5wM91Ia72UVhznKK0haYWYFSWQzSQeUWNxBBBwVGyOxT8rXCxsTg1to6h+mnqfsDlaWKoil/u3asry9j3MOQrm03+WkAjly5vqtEJ5OZqdFnNlZ6Ax2VKDWkZyFS2+60lUwBsoD/cqzjeRvyFoTOS4Sh+SwSmkggZUlhOyhCTg4R2TZwMJ8WxMopk1sjtipMchIAyq9sgP5osTsHcpq/YicSxBypMHOMcqtEzmtGBukysqo3jWMBMM7jkvBHtnhEHKgU1yikAa7YqfEWyjIRlYDMI0gImfRRgCDgorTluSmRlgVLokNR4+6itRQcJhnfZLaitIUdrgc7p5O/KsolDlHjIwBlRG8cog5RssmDhOyVGY7BAJRmuGOVQmSyHDnOIGVIaMjlRQcHKMyQYwoL67DojSQdkDITshXnJZNBGOU4HCigkHlSGuGOVTWBTWAweQnA57IAkycYT9YV5/YOP0HyF3Pug6vddB33KsoM1xzypIII5UQcLuT6qmWngkgnPKIDtuVFRclTovsKkmZCWQq3FYHpJmRnGQmySMjaS5wH5q8kwSNj3QsYVXUXumpjhzsk8YSgqa+4kGnizGe5VSkl2TosH1DQdOyTA53bnhRagUFoY2uvdQI2N7BebdWfGShglkhsrniPgZwl/IaKdLbe8QR6JdLvR2gO+blDXNGcZXlvVPxUaHSR0kxydtivOb31pdr1K8y1T9LvdZ8uc9xcXEk+qCViid7SeMcebCxvHUtyukrjNUO0k8ZVVGSN0/QSiRwuceEDuOzp9I0/sQzQXY2UiKE845R4IMkZGVLZSk4w3CRK3LO1p9I0+QMUPGGqYyD0CPT0TjjbZWlLbnEg4x7pcp7ju6fRSlwQqW3l/4Vd0Fr3B0kKXQW04+kBaCgtxGNkB39JoYR7IlDawzHlVzS0ekgqVT0gYBsFJih48qM6caFFcA4oWx9kUENBJOAO6FV1EdLGXveAewyvPOrevzBTyUlNJ5++kpcrFEG3UQ08MyNJ1F1lS2uCVjHjVxzyvIb91PX3mQgzODeyq6y41lxm8Wpk1eg9EyKJ7jnCROeTzWq8hbqFsT+0ayMkg4ySpTIsYJanwRgDJHCbPUMxpAxhAc7alydfIIxjYqO5xkOcYTd5Hd0YMEYBPJUFZwDPlCHoLz6I4aXnYIga1nIytFcBc54QJkYGDhKR3hjYokszYwNvyUTLqh+2wHJWuEDm33nMyzOwTspMMON12KEBEG23qtFcDnWW7uBzZCMABEa0nBcOFxrODj80UHHZaoxETlg6BhNT03BRgDQDnJTxwlgLo3VEOBmVMpqck68LlLTuleABgDkqRV1ENPDoGAR+6g6MG+fR2arjpICSRvwAVRVMzpZC89906oqDOc42QyMqmSbzwNwCnYC6hPe0DB2S28LLBUXLoc+TwxsqivrsgsGEy4XIOcYos+hKqwXHklc7U6vHETZTVLtnZpHSOySmAJLoBK50puXLNkYqJxPGy7o9kSGIvcAP1UUWwdyQ0NBCPDSuefoyCpMdLGAC5uTyiOkbG0BjU+MMci5zzwhjaeKADAwU18pGwamyOdIeDv7pzGbAYRx3dIDI3LnnJCKxu/CfEzB3GUYMDsYbjCbGLzyLbRxrBgFdw0ooaQlgp6QMp4A6R/V+y4GNBzlSNPuljHdECrMjNIxhMMQzs390QuDeUJ87RsqbS5GJNrgdjT2x+adTsJOR3UUyiQ4zhTqZzRGG4WK7UJcI7HjNDK2e6ZLiGcNxuvU+hunmiJtQYgRkHLljukrKa6YTSREgnDche2WK3CnpGxNaAGjf7rBO3cz6p4LxMXNWWLon0kIjADRyrKJuAMBBggI5GymkCJo8uchZ7LT3VVeBDyhJpOchDOXO4UhoDWg4WafLNS4R18QmbpcNim09MynJ0I7XeyR3Q5KWE8hGkJssjY25fx3UWScQsLi7hYDrPrOVwNuoZdTuHEFGlkq/Vw00MsZ1l10TrtVocQASC4HhY6hoZ6lxnmd5nb790+npJKgeI4AEnfPK0tDbS3c44WiunceUv1Er5uUgdNaWsYwNI9VcMhDQ3bfCdHG1jRnGwSDvZaYQURBzgbJmHE4RERrQ1wLgjIJkDjgkI5kbG3cA/mhmpjYMFVlXco4suyXEHhGTOCwkqAMhVs9c5zixvrvhVxraiomJa7AUmCJzgCUG5luWOhFpc8vPdPa3A2RBFjA/dO0tbypnJXYwnKI7BGCcIc07Yhk4UGoucbgQ3kKidE58zISS9yg1N3YBpidgqumkqJznXgeiGIz3AVOW0VJuQaasqJhgyED2UZzScknKOyFz9gEVtDIfrGyLIv43JlbI/V7YQXSEjAard1uh/pJ/NOZb2DBa0K8l/A8FG6Ook2a3CH8nOPrC0D6URjYYwoNXIyIanfkglPAD02Ss+Xb6JzadoKkYylgrVKbaPLQ0kF0jjKcAbNTgwBPDCUVsR7hJlI1wpX6BBm+AnCNyMIz3RmtY3c4CS55NCrUeyN4Wfw5RGQEEFNqbhRwj6wSOypqzqhjPLCMFC3+yfLCBoHQtYA4jAQZrlQ0w80gOPdZWa7XOuAY2Qlp9NlxlpqKlwMxcM98lLlyT5JT/BFvVdTUxJbTO3VXUXStqMhmd/dTKbpyNuHasqwitNPEMuAOPcoN2QZV2v8ngzJpblVnzvICm0linJHiPBGPRaEmmhGCAPuEN1UG7xgD7BXslLpAv4o8zeQMNkpYmh0ilRMoqb6SG4UKWslccE5UWSVzzk9kSoln7gXqKYfiW76uPGIyCob62XPIwobp9IGyFJUZ35/NaI6VGe3XpdsnGudpxtn0UWSpdkkqKBUTHETCVIZaq2fHi/T9lohp9vR5/WfUNFOU55BPq9R2IQ3sqp8NjjJBVtBYoGYe4Zd7qxihbCMNbsmqtL0eR1n1NOX4Gfgs1VMQX+UFWcFmp6fDz9X2Vk0nnGMJxGUxRSPNX6+zUyzKQNkbWN0tGy7jK6kiM2W+RiSS45waMlUHyzgIwd1Hnka0crks+hpwqiprdRxlLc8DoxbCz1e/IUF73SkhdijfO/IBUyKj04OEtvcNztI8dMXEEhTYIWtxkIzImho8q6QGjhRPALk5dDhGABjsmkYGcoNRXNgBc7hU1ZeXP2gdjCk7FEbTRO54iifXV7adpcfy91nqq51FUdI8oXXmpqjh7sqVR23S4Pduf8lz9Rq4w6PZeJ+mJXyUrUQmU0kjgXtyT6qfTUBbp2wrOGja1oOgfqpDI9IGGhcXUanez6Z4zwFGlWXEhspB3apbKUAZGykBrRwF04xhYpybR6CMEuAIaGp6YW+pUeeck6QEna2xrSgHklbGOcqJ4jqjPhjIHJT46SoqBk7BToooaWIANAxyUcazPZNvldAKeibKczNyRuAiVNdS2+nc97wzTws9fOtaK3FzKN5fKNgR2XnlyvFwuz3fMTODCdgDha69PuPN6/z9Gj+2v7pGrv/wAQ5ZM0tukyB9RWSkudRWyl07ifzUFsRzsMZR2Q4wVsr0+Dxes8vfqJbpMnQvLlJYC7AyosLPD3IRfmNA8o3WuFSRyrNVOb4J7XCJuXIMlYCMDhQnTyykNJwESJhIBKdGG0XKcprke97pzlw4QwwN7cIwLWoMsu2AEb4EnfFaNsJhmBGMIf1HJQ0veQ6XElNO66uHdDJ8BRjkaTyUEuBO/ZJ8gYfVRpZjnYLPZyjZSsEkTLok3CiBzsojXYG4WV17+TpU6hQWCY14xsl4hxhRQ4gp4lwNmoPhNf81dIktee6I2aFn1uUA1GMjGEBz3SHfsijRkCzXOH4k2e5HdsIwobZJ5SQ85CcyEkjZHETcAYToaf9mC7WWWcNg44wzcjdFLgNhuu6UF5LD90+NaiZXOTOPcXnftwhJ6a3Yo3BF9i0k9k6M4KfkEDZN0+6tRwQLgaVGPKe54xsUE7qBJZH5CSG3JPKmQU7n78K0sgzltGQQl5GynxQiPGQnRQCMbjCc9wI0gcJsY4M7s3dDxpa0gEKM7uul2/KSsgHzakT8K7gJHhVjBWAZ5XF13K5jfKFvBTESrCyWSsvlWKelGG/if2CbarTNdZvBiGAOTherdOWWGghZb7bBsfqceSfusd92OEek8J4SzyNinYvsO2C001kpTT03mc7Gt5GMkLc2WxNAbXVzcu9MbKV030pBAxtRUgGUDLj2J/9Ee/3yC2wGCEj0OAuVfe5M+w6LxtWngljhdHK650lM0RjBONgFT08dZXVZPLHfsg26mnudR4zxsN8ngBaOCJsYw0AFKcso6sY56BU9K2mBaD+a7I8uTpXDGT2UCpqOzQgi+TVHCQ+epLQQMKE7XM5d0ukcFMpqXjI3VYKb3AmUhkwSPyVpR08dO3UWjPO5XaeFsfmeBx+izvUXUMe9JSk7ZBIOymBUrNpJv/AFGxjTS0hy7guBWTxLWyZeTv3TqeJ9QcnfJ3VvSW8N05buo3gBJzZGpbaA3OFrunOlHVOKic6WN4BHKldP8ATT3FtRUgaTuG+gWmqqultFNkYGBsB3WDUajHBsp03OQ2mjt1CQcM0/uqCorbhepnUNvAc1v1u9FFijuvVlUImO0044cDhaLTS2GI2q3Na+oxlzuSSuHrNWdnS6XBEbBBaIGQBmupdsW4yco0FHpInqm5edzhSKGifCHVdadU8nGeylU9NNX1AiYwhuckri2XuTOnXWoHaWGStla2NvkHJ7AK6jomQtDYhg+qlQU0VPG2GJgGOfcqVHEGYJHPdZLLMjcAqakjP8yZoc/1KbcrnS2uHxKiTTn6QoN66korWC0nLhwPVUFDb7n1RP8AN3BhZTu+kHsFncmyJ4D6bx1XVCGCXRTjcvHGFp7XbaOyRmOmYNTvqdjclSKaGC20jaOkiDRjBPcpjTg6nHlBOWByW4c8Plk1v39PZR57lDSjSSC4dlFuFyLXeDS5cTtkeqLRWjJbVVbtUndAssk1hESnp6u4zeNVNxGfwlW8UEVO3TEwDHoivcG4a1uyh1NQ2AZecD3RxeAO2SJZ9PZUdyvccLtIGSPdRLlfC55ig3xsTlU8hdK7JOco85GqKOVdXLVT+I52R2CJTUE1QR4Y5Vla7EalwdIPc+wWnpLVS0wGBx3TRc8eiittjELxNUDURwOynTy0tM0BwDSu3m+UlAC1pDtPusRcLxU1sur6R6JiFFjdr94pNPTjGOTlVAkcRg7oQdq8x5RYo3SHDRlMQAgCTgKyobe8uDnNwVKtFme8iaUDcZA9FdOhigYBpAwhcsAkKCiZG0Z7IjiAMBMlqMO0gJrMloOP3VZGKA4vIQtZ9UnADuhgFzsZ7oE0MXBZ0FTGf5L9s8H3VlHSA+bPKrKKmOoHHCuInODWjCz2SDjhgnUrBtpyqlkng3qNuwB2wrmpcdsDddtXTviTfP1m7ictB7BIlYkU1ktY6f1b+6kR0+dwFIjgH0gZ91Ijg74wsNtmWEljgjxQEH6f3UmOLvpx+aNHD/h/dSI4gBu3dIlLJJT2gGQc5b+6M2LT2RxHjsnmM+irIlzbAhm3C7p9kYMz2TgwA5wlSk2HnK5BCMjgLikgDSgFrsnZA8kQ3G+UkbBSU5JkCkkkrXJbeDmn3S0+6cq65XeC3AiYZPYeq0Vwcig9ZUxUkRklcA3Cx916iqa3XTUrtMA/H7IFzuVTc3eZ5ZHnOkHlV0j2xNwFtrpLlLAxmGnOc+5SklDQGhRpZ8njC6wF+Od1rjHaCOdqedlJpaNxcCRjKl0drlc5pcB6q5hoGxgYARZwWlkr4KDADsb/AHVlFAGtAxwjsiaMeVSmRtAG2FSm2E4kVkWdsJ4YMIpaGg77BQauqAGAopbgthypkbHkhwVJW1sha6NjgMncolZO57tiUGkpHTZke3ue6KCRFFsBT0plcCW/urWGmEYGyfDCIxsxFd5gABjCY5bRsY4GP8gwN8oLYnS87Ka2Evxq3RvAY0Dyqs8ByljgjMjYGhrW4wnbMG5CdK9sIye6qqiua4lsfmRqOTLKWex9XXxxnGdwFSzGrrZSXOLWf5o7aVz5DLPlxPHsn1U0VNFl23oPVa668i7J54Ihp4aYAjGVGqJi8aQmVFU6U7KG6oDTh3bddKivBlcmxz38uc7hQ5ah0n8unGpxXCyWtnyG4h/zUyOmZCRobghb64meywixWzS4SVLS5/3UxjWtbpA4RidXPZDd5cZ7rRGGTLY/YxzQO6h3Cvp7fD4kzh9vVRb3f6S2hx1ai0cepWAulzrL1Lre8sb2aDthbKasvJyNXrPj6CX7qWruU7oqWV8dODgAHlVUVKHAOeM53RoKMZGcKypqHWBkYC3wqPPTc7p5kyHDQ6iPCZ91a01CxuHPbupNLC2NugNClMhDdyFpWIoKNeOwDIi04aP3RtLWtBJ/JOL2xjGMqO97nnKNNsjikJ8mnYKNI93c5RScocukDLnYCbGDkLslxkE52rsgOlgh/vX4Ue53mhoI9UkoJ7Ad1g771RLXB0cOpm+M5W6nTuXZwvI+Tp0sct8mgvfV1PRxvigIJ9crF3K8VVweXueWg9gVWue5317ojQSNgulXpsHiNX5ezUyyMy5zv9U9sPtz3RoYCTnSp0FLw7C1Rp2nKldl8kFlIdiQp0NI1uHE4RjEGYOMKHWXSGncY4yXu9kxQwLlNEp81NTN2cchVVXc6iof4cbshEbDW17WySYY0nhTPlKWkjDyBnuq27SRmvZWx0FTUOEjxt7qbHR0tMA57d/UqNW3eCnBw7BWcrb9PVNMUL/0KCTQfywiaie5UNM0hjxlZ6v6klc7TE8EKBFT1tUQBCceqnwdPAYdVHGUPAt2uXRVT1FXWnu7K7FZaqQ5cNlbyVtutrjHBEHuaFW1t/qqyMwtYyJvqzYkJcp7RU3X/U+RzqOgpAGzkF/4h6IE9YMaKZoaBtlQtWd3OJ+646UMWeUsmeTTfB0ySF2Xu/ZP8SHH1n9FH8YngJgl3+kKKbKRJM4zsMrhn2+lDaxxGQu+G70U3Mm0bJUvzsEI1NRwHIhjcd8JpjcdtPCBub9kTSB+JPnJk/ZN8Rx5KIueG/0S2pPstPA3W9LU9FELj+FLwXf0oNkmEpoZqPqlqKWh3ol4bvRFtkkTchCUhOEuOyZpKbpKrNn7CWAusLviH1QtJS0qsz9k2oL47l0VBBzhR8H0SRKUol7ETRU7Ywu+IfUBQ13J9UcbsdgyrTJ2pv8AUP1TskjdQtThuCVwVsoOCdkbsyCo+iXqdnBCMH7fSojKyI7PdujCdhRqYEo4DYHouFgISD2nunItyEvOQXy+DlIAt7I2oZwuhod3wpwX2ByHbFq74MZHk2/NOdAH7jZNbG5v/wA1XgiygcjNJ2CE1uM4KlZB+pqa6Jr/AO7GCglBMNSwRHN3yNlIp7jV0xAbKXNHYpOppGnzt27IZaM7lJlUjRXqZw6ZeUl8pJAGVbgwn1C13TfWHUVjmjmsVzmdGCD4bJtsfZeZSR7hEpqmqpHa6eZzCPQrLPSqT4OtpvM6jTyTTPq7pX+0FA+QWzq6342AMuMn8/Veo0Jsl7hbV9P3anl176GSamfkV8QUXV3iAQXSESM/r7haeyX6+WKobcOjrw5sg8ww7b7YWa3S4PceL+q2/ssPreWGop3aKiItPqOCmgg8EFeS9If2moH6bR8QbU6GQ4b81HwT6kL2G3MtXUFKy49N1LJ6d2/iMdqaVgnS88HtdH5bT6iOVLkAuafdFqaaemdpkiIz+L8ITQz0/ZL2tHVjdGayhhAI3QyCc7IqWAmReC3zwZnqDoixX9jnT0rI5sf3jBg+2V5L1T8Nbhay+Wmj8aIb5A3AXvxbsd0EU4fkOAwmwsaOZq/E6fVwxJc/s+T5qDQdON/RRH0oY9srMse05DmnBC+jup/hpa75E6Slc2mqidWvTkOPoV5N1L0NdbG8mrgIZwJWjLD757LZXceH8h4azTt8ZQ7p34mVFE+Og6jjD6TYfMxtHixf6uXq9tuIkhZLQ1raylkaHMdyHNK8CmoQwBwwcbZClWa/Xjpaq8e2uDonf3sDj5X/AG9D7rbTqZReGzzd+jj0kegdZ/CVl5fN1D0lMKSud5nx/hLu5AXlNUxzp32jqyibSVkRLCdOC4+q9w6V64ob8wGln8GpaPPCH+cH0A7qd1X0tY+urcKK8waZAcxVDB52n39fsuhVdu6OBrdIo9I+d6epvvSlTop5PmKJ2+nnU37rZWi/W68s007jHM0ZdG/Y/l6qg6l6X6l+HM7IrvSyXK1nIiqmNPHoR7ZHdVrYKGvZ87ZKpwmb5iGHBH2WuNuTjThKp8o9DILDjg+iLFVtadEg3Ky9l6qkc6O33toaQNIqDyfutU6kZPGJKd7Ht5BBzlM3BRtT7E6nEo1N4RaC5VNtn0TOLoztg749wo8b5qc6Ht2UvRFOzs7PqmqwlulhqI4kjSUt0bNG0sdnKvbVXvicHwuII5AOF55B8xRPzGdTCfp7j7K5o612oPikdkctzgpsbUzyOv8ADyqk5Q6PULZeSJQHbZ5zwVNu1ppbtAZmMaXY3Cw9tusVViN/kkHr3Wgt12noZMuJdH3BWiMjz1kHBmJvthmt8zpYg4DORjsVe9HdduaW2u5u3+ljyVsK6hpLzS+PAGuJG7V5nf7CYZjJCwsIOxHYopPcWsT7ParVd2F4hnONX0uyrwHVwvC+nerahkQoq4Fxi2Du+F6l0z1FDVRNhmkDsjyuz+xWeyrPQm2pxlwaIjPKbPDHMzw5GBzSMEHgooOUlklH0zMm4vJ4N1Z0hX/Da6yXuyROnstUc1EGMlp7uPv7qJT13yro7zZ3+JDJu9oP6gr3ytoaevppKWqjEkTwQ5pC8O6o6KrugKh92tYNVa53EzQgbxe/23XlfK+J+WLlWfTvpX6pmpKm94x0zbWS9Ut2p2Swvw4DzNPIK3vTHUslG9tJVO1Rk4aSV4JbKl8ETL7aJNUT93xjsvRen75TXymD4jplYNx3BXy/zPg++D9EfT3nVcoxzye1CpbK3doIKraqlIeKmny17TnbuqHp6/Pa0UtU/ODhrj2WnZIHYONivC36Z0y2s95C3eEobmZiGyEBw2IOys46howDhUtXR62iogwHgZTaGua92h5Ic3Yg+qzuOENLyeJ5aJIiR32UuiqDNHh58zdio9NURyNEZ9P1THtkppPEZ9JSimsouWHG6qL9bBIz5+lboqIt8t/EPQqdTzsmaHNP3UrPIwnVWODM8+DEdQ2in6wsr5YC2G40gy3tlwQKRlF8WejJ+lrzFi822PX5xhzcDGvHcH0V3cadtluDK2Fn8mc6JB2CzfVlHVWC60vW9gc1r4jmbDchw9CO45Xf0GqjKW2Twc3VaeVmHX+SPz8/tB/B64dGXie6U9A5rnzPM7eA0Dn7rxgbghfrN8WOiLN8WekpupLTFE+VrCKpmnDgcen6r8zPij8OqzoPqGWEUzmU0wD2nsCSdvZfRvD+Qx/p2P8AwfN/qnwu+P8AxHTxwv6l+mYwF3OUdjzgBR9YA25RGu9l66qSl0eAaJbXEvGNlY0zsYyRuqljt+FMhl4WhPBltjkuGEbbqZTOIwchVUT84GVNhdwNSdF4MFsck6Y+I1DjlI4SDw5vKG0BjspsZ+xWzPBr7XMJqHwwdz2V3YpmsD6Nxw7GQsfYqkxzhpOxWkic2GvZP2cMLVGaZxtRX9zRy+058N5I2O6yL9nDB5OFurvh8JOMrGVUbRMQOxypYN0z2x2ghwiH6EzhOSmso2AJAEynd4b9Q7I8nqoh55XP1Ve+ODXpLXVapI9G6crhJSgDdaHHiRuwRuOFgumq8McIOMcj1W7pHAN37rx+sr2T2n1nxmp31Jszz2lj3NJwATyp/TN1ktF7pqhr9LS4Bxz2QbvGGVBc0YBVdK4Ag4zhcPUV704Ho9NbslGSPquhqnyMa8jkBWsE52WG6BvJuVjgmc/WdIz+i2cLgQHLxOppcJuLPoejvV1akWsUhIGUbOQFFif5Rtyjtd7LG1g6CeQ7FAvNM6stlRTNxl7HAKaHjdDIDts8o657JZF2w3xwfO9NTNoa2roeHskOV24UomgIIyQrzq+3i2dUSO0YE2XfqoMrW4xjler0VjcFI8rqqk91Z5H1BbzTVLnAYaf2Wflac8L0Xqqgxq8mzslYGqiLHEL2uju+StM+Reb0H8e+UkiF4nhEEc+q2djrG1tGInnJxhYh433Kten6/wCWqAxzvKStd0crJztHeq57ZDL7Sut1brDdicrQ9O3aVjGOjkwW7o/UdBHcbd48Qy5ozlZO01jqSfwneuFzb4blg72nv+C1YfB7/aqyO529pyDqbg/dYbq+zuoan5hjdicqR0RePBn+Xkf5X8LYXy3x3CicNOTjYriTr2PB6yuz56+OzEdP3YSMETj5gvRrJVF4hdG/BBHC8ikgls9wLTkNJyFt+m703LWH7jdY9XTuhk6eg1U638cj2CnuMUzYy7ZzThwyrkTOLGvAGPVYOmm1hssZztlbK010FdR/LtOmQdie681fSes0upyi/oKkOYGHlWMZ1HHCzEUjqeYF+Rp2IV/DIHtDxwRlcyyvazqwlvRLqWaos9wog5U6NwezdRH+V+yAvaPc0OaMqO6ma7ILQQeQVKjOQAu+F3wmVz2sVZDKPKuqrXNQ1MzYQQc+Iwjt3T/Bi6k6fdrH82NmHfcLVdVWmeR4qmt1NaMELD0VbLYru2IjEE7s78b9l0qLm3wc26ldGNrLXHJTSUTxqLwWhuPTuvIOoLN/2m2ys8wzpJX011B0+xtU6ogbmKb+a0jlv2Xj3xH6fkobgK5jCY6mP6scOwvXeL12ySTPIeY8e5VSlFHzXWUMlJUPp5B5mEhRi3jdbfqu1B5+bazcDDseqx3BI9F73S3K2O4+M+S0k9Nc8r7QSdqJ4KautW1HNfQUEkojT3QxyngjC0xlgW0shA7jZOztlDGycH47LRCwBp4DwVMsUgdG8tPstXaepJQ5sNS4YOwJWPjxndSNeQMHhPjcZbqY3R2s9NgrYZgMOG/upbXZ3C80pLrV0hGl5c0ditFbep43aWSu0n0JWuM00ce7RSj0bAPJ/JFZIQQFWUtfT1ABa8AlTmEuIPZOUkc6dbi8MsGPzglSAA8YJUFnbdHjJx9k3KQlxJUdKOW4z90cPqoCBnSOyiCUtwpIl1tGpGhLJkVaQR4xU2GQOAGQqxgBOSpEeNt0xCZRyWYcD3C6D6KHG7flSARjlNQqUcEgE55TweFHyPVPDgO6MDBOa7ZGY/GdlDa5Ga5MTLTJLSQeUZr9hkhRA4cogcPVTAvslNkycYTw48qM14BBRBM0dlSYpxySxKe6IHnKiiQFEEoxwoU44JQeiayoYkx2ThMBypkHBNEx4witfkbFVwqYAd3rpr6doyXlRlKOS01e6dqAPIVM690TOZDshu6moQC5jHSFv+FU3gjqb6NA2XCd4o9FlndWNIIjoZfbZQH9SX95/wB0oQB6yBA7Afgkjdh+RnCbJcIIf757W/crDum6kqWB0lW2LVy1m2FyO1XCYjxqp8p75PKpSyWq/wBmum6itsWQapjj6NKhTdVw4xSwOlceNtlVwdP6SHOh1K1gt1PTgYjDT77IpNFtL+kiOvN9rXAQU8cTftujQ2eurT4tbWPBd6cKvu/W3TfTocyprGyTN28OPc/mvPuovjjXyMMNkayna04DtOSlyng0UaK+98Lg9hmksPT1GJbq8Bm/mIysF1J8dqOhjdSdM0wOMjxHgb+mB2Xh936gul8ndPX1ckrnHPmdsPsoTMgBLlPJ29L4iuPNvZfX3rG+X2UyV9ZI8uJONWw+yosucTlxTw0ynACkMpHHBPdKlaonf0+iUVipAI2OyUeOmc4ZUqOmAH08qUyn3AIwglZuOlToHJ/ciFHTZxspUNMNhxlTqehDi0EZz7q3p7QcNIg/NJdno7em8V/Yq6Sgydmqxgt+CCQraltjmNBIH2CsKegyQHMGFWWdmnx0YlRTUbQQMZV5RUGCDp7KxprVHlpbDkq2paFrcHGPZEuTq0aVQ6IVHbRgZareCjZGBgJzI2sxpGE6WaOBuXSBv3RuKXZqUVHseIdI4VNdr/BbmOcJMafflZrqn4hwUf8AIp6gkZIcQvKL51DWXeV4jqHtaT6pNk8cHN1Xlq6ZbY8mn6q63mrpXRQOO/J1LHapJ3F8jy4nuVyCB79nbk91Np6XScuWaUm2edvvlqJ7mwUVLqI2UxscUTcuwEJ8zIRgKJLV+JsCoJclELVVYjOmF2VEYXyndcERkdlTIogwA44RxjkTKWRRx6dyMLjsudgJ0r+wbhMjGkgnfKdGvIic8B2YYASEyonEbCR2XHzhhACjGJ0suonAK111s5+ovAtbNVSZcef0ViyBsbQ1v6+q7BEGN2GEZaoxwcy23LB5xwlod6LrWu1DZHAGFphAQ3gYAcog4SwF1MFSeRyWAku4yoQQ3RoqcyEdkoINZy7gKbNNS00YLdz6BBKeOh8Ibu3wKWWOkh0twDj81R1MjpTgnvlHmqHSyFzj+SERlApZGzntWER9PuiMZqTzhu7io1TXwU8ZcHaj6KpS29i4x3M7USNhGSRv2VFX3EOJawbDYn1Qa64Sz5wTuoYz3XK1Oscs11m6mrbyMAOr1RGg44XQzcHCI1g2zsscYuRo3YBgEoscRf8ASMlSIaTOMjlTIqeGIAjujjXyKnPPCIcFE8nLxspBZTwDblNlqyH6Ijt3QzmTco8YFNscZ8nDRlda0u53SjjJwpMcJBToRzyRvHYFsJJ+n91IbB7KQyIbbI4jbgLRGtCpTz0RmxBvZFEeOyfp90/T7o9gtzwC0j0SwEQnKa9zWjlU+C+ZDCAOSgveD34Q6mdrO6qaqv7bpVlsYdjK4bidU1TQNiFXy1TnkgKDLVPkdynNz3C4uq8glLajvaXxrsSbJkMrg7POVoenqc3CqbCQdI3JA/ZZ2kgdUP0tG69p+HnTEfgxyCmJLsElZY3fJyew8R42V9ihH0bTo2wxwUjHmLBAGNltqen8MDyfuhWuhFPA1unGFY7EAYUnPafVdJpvhionGYaOOFxz9ZG3CcThNYclLU93J0YxwFa0ac4XcZ3XQMbBMcW+qqSLDaw0pskrQ3OR+qA44BJPbO6xPU/V0cOaOlyZNxseUHIjUaiOnjljetusGQA2+gfmT6XOCyNttMlS4zzSnU7ffcrlFa6iqqTUVPmc7ffstTRUrYWgBoC1VR5PL3Wz1E90mMobaxmHOaDp491YRtDc4TmljcAJ2oLdCOELxgZqK6mE6yBhO8WOIZkdhHkpvBwZ5xsEOsroomgPwPzVdXXzRrgg/MqjnqpJzuS4+5QZyLyWVZdXOyI9+ygwiepf5ycJ1FRyvdl7dvdW0EDYcHT+6tAv7hsFHoDSW4UtoDRgdl0PyAMKM+UMz3RYReGw5e0DchQKyrd9MYyV10j5DjhNZSueQSg4GbZS6IOuqe4+LwU9tO93DFaNocgZH7orKTSRsFTaGKl+ytbQSkZDDhEbRhpzjCtmxYbjCGWY7oNyGx02CA2nDN9tkiQBujVDgOCquoqDnACjkipVJEnWwuxt+qM0taAcZVXqdu5DkrpsaNeELmkR1km4VTYW4xnKqRFPcp2xRt4JyVLpbfV3KcRMJcT3xwvR+m/h9Mxscs7WNHJJ5KzW3rOB+m0FmqliK4PM2xEkagiMgGeE2WqpWNLtY2VbPfmAlsXI91vk2zxCshEuWxsYMnbCBNcKSEfXnCz012qJjhp2KCykqZnZIxlVlE+b9FtPfgCW07e3qq6oq6+r2aTgo8VscAC7spsNM2nA22Q7c8i3Ny/JlKyhne4Ofnf3U+ns0BIdMAVOd4Y30obqj8IHCqVbkDGyuD7DwUdHBuxrchPlkjYRuAFDfK4bglDdITjJKkdO32VPUOP4kw1e2InIHzEhJDngqMXgZ3QjPg4/1T1p1HkzW6uX9TJrnlxy5DMnhj1wo4lLjgAko1PbqqcnV5B6lNjV+jiarzum0+VKWWDfLknshBzn7M5Kto7GwkGV+fsrCmoKWIbM3Ceq0+zzGq+rJyzCqP8A3M7Hbayd3nPl+ysqewU7QC85KtywN2bsEgMI9qR5rVeW1WobUpNEeOnjhAaxo274Rk4jK5p91Zhy32NwEsBESUKwDICYQcoiacKEwhiCjH2QxwqyWkdJAGSoNXWxMHmPCkVJOnAVPLRS1Em+SEEpYNEEkDqq01BDIj90xlE+Qhxzv7qbBbI4sHG6msia0YwlSWRu7HBGhp2MYBoAwj6GjGNsJOeBx2UCtuccIxndC3gpRc3wTZHCMZJ2VXX3iBjdLDkqvqbhUVIMbXYB791EjpHyOGePVZ7L1A7mg8HqNVjKOTVVRVPO5IIxhOo7e76i07+qn09EIxu0Kyiia1o8uFy9Tq88I+l+J+mq6IqWCBT0bRjy4U+CmAA2TxHg50ojQMYXIsslLtnttPoo1rOMHQ0AYS2BXTwgamjJyszbk+TakohycKPJLlDnqBxHuUOJk8hzJx7I1ETZNf0hdTn7BOipmh4keM44CKxrI26n4wO5WW6h62pKXXS28mV42JHqmwplJ8HM1fkIaOO66XBpbhd6O2Q+NVyhgA7nn2XnN/6zrq6Z8VC90UB4z3VHW1dfdJfmK6TU49kLwyMLfTpvbPA+V+oLdW9tMmoHPM7zP3J7roZgg44TwBhdDfQLbGrHR575HJ5ZzRxspEbA0ak1rRjPohkknCcqxUnkK+bhoamgOO5XWR8Eogc1oON8KZwCmdBA7JOlyMYQfFw7AC4N1N/ISQ4vcTlczlcSRIoSSS454agbwRLJ3YDlAmnwMYCZNUHOAFHLS8rPOTkPjHA1xc5y6I+5T/Dwd0QeUeqqMN3YyMsDQ1oHC4CAMAJ+r2THInDBHJnEwZHdPXcEpbhyRSaBafdEbGARvhEEZzxlEazHKZGCQuduehNbhqR3T/KAglucjPKMFNyOk490Fx1b8YXXEtOecobfMccKDEPLzxhcazfJCI2MAA90i8N2KhM/o6PK3dAml7JSTeiATlGOSEST3XW75XAMnCnUlKSQSMKJZKnNQQOnp3PIJGArWKJrWjthdjha0A4XS7O2OE6MUZpT3HJBjgoUn0pxPclBlIJGCj6BQE6teyMOFwAYTkpy2kEkkutaXIXJJZCWZPbHsaGE8KXQWqprphGwEA8n0RqWiOWufgk8Bb3pjp+pqSGxtDScErHddjg9R4nwjusj8q7C9PWJrGsoqKHzfjdhet9O9MRW2Fk9Q1ri4d0XpfpuC107ZpoWkkdxufdB6k6oij/3KkO42JHC5112WfWNDoq9JDZAb1H1BDRRGmpXYxyR/ks5baGpu07qqqd5Bgtaf806goJbjVulnJcBuB2V+Gw0kYjjaBjkrM+TrVRyOYxtOwMa0DbGyWsgZTWkyZJUWomOMNGUtvBpa2oVTUkHS3CjRsfK7J7o0dPI92qQbfdSWNa0ABqoU5MbFTtGPLupzI4qeJ0sztJbwPVdbDDBB49TgdwMrK3rqGSqkdBBxjCjeCpTxwh/UPUJ8P5SjOC44JB7KigpnVDhqaQe5TqWAzEOIzvjK1Fqs5c0OcQ30VRlklcHY+SLQ2xjWAaMFa+w9NuJbUTtGCfKCi2qzxRvD5cHAU+53eOgpzDC7BA7LBqtV3CDOlTpsch7hcILV/Ie3MgH0jsqWhtV16jrXveMQ/hPbC7Z7PW3ur8acuLXHJJ7rUVNY22tbaLQ0F5GHvHquPfqM8HSpq54Bzy09mgjtVqja+ocMOcBwhw09FaCZptUlU/d2d11gpLTFx4lW7dzic4JUi02ma4zGoqXb8jK4mpu3HTpioo7bqarutSXkYZzv2C09Hbo4BhgGQpNJSw00DYomBuOT3KINthuVz5S3Dc5AmPSfRZ/qPqentX+6wu1yOHZc6r6qjtcZo6YeJVOGC1v4Sqvpnpeerc25Xtxc/Vq0O/+XhKksBpisHT1Te6k3e8EluctYe62sbHRtEMTWtY3sAiRtZEwMY0Na0bAIVTUMpovF1D1SnPkOMchHAY3PHqqioqJa2b5SmYccOcutNZdJzI1+mId/VWcFMIfTOMZVPnkYsQOUdvp6VgaGguHJKO/DRknZNc4DfOMKlu180A0tL5nn3VqWCPnsmV1yp6SPUXZPos1WVM9wl1yOwzu1ObDJOQ6ckuPZT6W0TTOG2gDur7F4wVUNpkmflo2791e0NhhY1rnA5VvR0jYWBjGDb90eWop6KIyzYGP3RrsKUsAxFHBEGtaGgDcrM3/AKrhiaaei/mO3DiCqnqXqyornyUlE4xx5xnvhUEQ1bkpq6EN5HyyyznXKTk+pQ9PupDY8n1UmmtstVK1kYO/JTMlAKOjfVSaWg4HK09ssLGMDnODT2yrChtUVFE0lo2GfuVysuMUIxHhxVuWCD5Xw0MOARtx7qqkrZZzh3CjzzyVEmXOJXWREEZ7oW8opJhms1bn9UTgJM2ACLHBJPu0bDlKbGIjmOWU4Y1TKGiJcC4cg89lNo7eWgam/up8cDIsHZLlZjgOMcgIaYRAEbok0zYcMa3U88D1XJ6kAlsYyQp9mtDi75yryXE5APZZbLcF9HLdbZJHCpqG7dgVcRwnYYwEdsRJClNhwB5f3WOy1sWBjgIO7f3UyOH/AA/unxxNA4R2sCzym5F4BNjAGMJzW78oun3S0+6AW7DrQ3TwkQD2STmqN4QLlkbo9l3T7IqSX8gaeRi5gJA5XUQRwgJhByiLmApggBcJwMohADSSeyy95vjfNTU7jngkFPhW5MtskXq+CkkEMRySNyFlaqeWqlMkr8+nsuPdq3c4n7qJPUaQQAulRTjkh2aYRjAA4UCSV8pxwk97pnZ4UuioZJngtAWvCii9oGKke/zYOFfWiy6cTzY/wtKmW60SNbqc0bKzEWgb8hA5+g1D2Djp2xjSO/dOa0O2Gyfo1HhGEeBxylN5KyCERA45TH4bjzI0rxGFT1VYHHSzKJLIcU2SKurIGG4VRJK5+S7hF1OcclDjiNTOYwf5bRl/3RxjgNA4qd0zgXBWlPThjQCOF1kbYsaW7YRuQiRUXgG5mNsZylDE4nhGjjLjwpI0RtxgbBQLfngiloaN9sKPUVscTSNW6FX3BuTHEDtsSq3zyO1OOU6MMipsU9TLO45OyGIgzDscopYA3OMKvudzio4w94yTwFsqqbM0p5DVdbHTR6n424Hqs/VVMlVJrefsPRcMk1W8zSHY8D0CFIceVm7zwPVdKigROZ10ug6e5XaeldNIZJWkDsiwUg1Nmmblw5U3YjjhbYV4Et5AsjaxukBdw1deQM5UUyAZcT+pWuEMmWbQWSTw+Vmuoup4KOMxQ4dNjYAqH1H1Y1pNLSNJcNi4FZVtJPNIampeXvfuM9gttVGTh63WZlsgCq5am4zGaY59B6ItLSk7acFSoqfGBpUyKJrO2Fvrr2nKtza+QEVHG3BcM+imQw9gMJ8cD5XjGwG5UkBsTM84WpYRUa8dgomBm5CbJJnYBOc2WUjS3Yrvg6W+blTZuYM3tAnJ3JQg8ZwAjOZjPdQa240lAzXJ5T23WmFLZivvjXHdIJNMIdzgfdY7qXrOGAimiZnfBIPKouqOspqqd0NM844JB4WPdNLK/XJIXE+q6Gm03J4fy31Ko/6dLLS5XOe4SF7nEA/sojMnZDZlwUqmp3vO+3uutXp9p467Vzvk5TY1sIcR5f3U6GiDQCiwUZ28u6nMgdFh8mAwd8rVGrAjewFPSAnYIkskNC3L34Kh1d1kLXwW2PVKDgOzwmU9sd/2m51Bkcd9PoiaSJnIJ1bW3Cbw4mjwj+JEbb4KV+tzQS7kldrLpRUMBMTA3HACzNZd6q4HFOC4fdA8LsnPot66+0tM90DXbgYCz1ZdayqkLIZCRlSKW0yVr9VVGRjfJVnFT2+37vDc+6TKaQarlLllLS22vqyHTk6T6qxitNtoMPncM+iVXen4LKZmkeqpZ5ZqlxdPIQFntkT/AG2WlRe4KTMdHFj3JVRUXGsqs6pCB6KNLJRRjU95e4cAKI+vc86YW6R3ys7m10LlLPQR5cH6nHJKbrLkiC8anndITRxHJduo57hLXJzwpn/SCR9k75UOGXnBCXz030txhMDpZPrchyUE8OPONsfdFb8u3cMGfuo7Y98kp4aAqTwVkNlg4alqb/SmZHqu5HcotyI3wPw30SAjB8zdk3xoePE3XPFaq3pAchg6jA3Zum+T8I2Qtl3IVqaLH6GJaGJuT6pZPqrckijgiblPMDMZ0pBwCe14QtpkakA8Fo2wmmkaT6KScDulkeqjhkrLIwpfdNNNjupSZq9lXxhqTIjocdsoBiO+yn6RnOEtI9ELqyM+RkAMcF3BUxsbfRMdECdlWwnyEVMUsxYTPC9ApsLUskfA9E4OITyxw7JaSh5RbwxGd7OCiNqpjsXbIJakBhTLBaiyU2oJ3JRm1AOMcquw5dBcEW9lfGkWrZMorXNcMbKpbUOGAjtqjjhGrQdjJ/hBwyMD80IMkactGcITakAjCO2drsZCPcmBtY7xsDTI3ZNfDS1A0xv0uKK2OKUAOG5Qn0b27xtyFbBzgizUs0XPmb2IQAcKc2smpz4b25b3DhlEEVFcNopGxy/oFShwHGWSuG4OVIpqyponiSmmfGR/ScJtTRT0p/mNy3s4cJmr2SpRyPhY4PKNJT9R09dGKe7U7XZ21gbq0sl6vvSNU25dJ3eVjc5MbZMYHf7LDc9lIpa2emOY5CB6JEtMpHQ03k7aJKSZ9TdEf2nrfcQ219f0Laad2G/ORM0wH7+i9bhhtV4p219jurXMcMh8fmA/dfB7bjR1IDastid6gbH7rR9J9ddV9D1Iqem7kY4TgmKNxMbvu39f1WKzSbOUe58R9WrPx6h8fs+v6hlVQvAqqeR0Z/GwZCcJ4HnET9R9O6wXQn9oCzdRNbQdQ5pK52AC7eOQn/LsvRqm1UNXEKiJzoag8vacA+myxyqkj32i19WqjvqkmgA34SAwodTPdrMdd0t7paUf/EUzcgfdSaKspa9okppQ9rhkEHkJeDqRmmPUappoKmJ0VTG2Rjti1wyCp7mFpwRgoRbtyrUmip1xsWGeZdRfC6nqHPnsULYicnwifL+S8wuNpmo6h9NVRGOSM4IIX0wG6Ttsqy9dP2m9QmOupWudjaQDDh+afG1rs85r/BQnLfSsM+Zn0Rp6j5ilkfBNyHsOCCvQOlPid4kkNr6jy2ceUVGMMcOxPoU/qb4d3O2udNbwKuA7/wD0Qff1WDrqMntjPC1V3yi+GeH1/irKJYsie9SSW25U3h1cEdTBIMEOAc0j7HYrxrrz4SVVkd/HehZpHNJJko8as+mn90TpbrWv6fxS3EvqaHg5dvH7tXp9svNDdIWz0c7ZGO30k7j7hdKu9vs8xq/H7u0fNsd8p66PwK+IRVDSWvGMEOHqrqy3urs0muN5np3DeMn/ACXqHXXwo6f60jfU0oZQXIjy1DGebPvjkfdeD19H1P0ZXG19Q0rmFrsNfjLHj1a7utsLc9nBt0cq3mJ7Narnbr3TB8UjWSHmN+xCfNE+jcHhpLV5bQXI4bPTylructOFvbB1hSVQZQ3R7WPxhr3cO/8AVaE8krmocTLqN7ZWhwPKdiem/nRf+ILs1tlj/n0bw5jtwEoJ9f8ALk2cNt0Sm0OcIXLLJ1NUtlaHsdh333CvKG7zOLYpTqA9VmBA5j/FiOPUIzKl+cOAWiu7PDPO+R8LG5NwN3SXKopnCSCQj2zsriRlJfabWwNbOB5m+qw1uuYeBDMcZ+lysIqqSF/iQyuaR3BWmMkeS1GlnpZ7WiJc7a62VJk0YB2KNbLxPQvbUQ7gctzytB41HeqYQ1RDJsY1Y5WYqaKW01LoJx5HHLX9k5YksMS2n2ew9LdWU15pmRukAeNt+QfQrTGPAGy+fqS4VNoqG1dKTjOSAeV6x0l1jTXqnbHLIBIBjc/ss9lKw2ZLav0apjdt+6DPRU9ZA+mqIg9kgIIIRGPxnZEIA7LntZ4YqE3W8o8D606FuXQNxfdrO109rmJM0IGQ33Cr7fdjRSR3e0PJY7d8YP6hfRkrIZoyyVjXscMEOGQQvDetegpukah1zs8DnW6Ql0zBxH7gei835jxe+DlX7Po/019UyqsjVc8NdM2llvdLeqZtTSvw/wDGzu0ra2G/Hy0tW/cbNcV8/Wi8yWioZXULiY37uA4wvT7ReKa607aqleA8DzNzuCvknlvDzjNo/SH0/wCfjqK0rHl/s9fhma9g0/5qHXUWt3zFP5Xjcgd1Q2G9hwFNUP34BWmpqho2IyvJW0uuW1nuYWRnFSTI9HcSzDZNnBaGCZlVDscnCzVdSGOTx492u3+yfRXCSlcDvj0WOUMht4L5niU0oI4PIVtDKJsDIBUBssVXTtkDRuM7JsDzBICTsEvmLES+4tpaaKphfBM0Oa4Y3HHus/DTsoKh1lurNVNUghkh3Cv4akP7YXLjRQXKm8KQbjdpHIPsnVzywemefWyef4XdS/ztbrLcDiRrdwMfiH6rA/2k/gbbeqLG66UsEckFXiaN7BkZHp6cr2SekF4oZLDcnCOVuDTzOG3fY/dVvTNe6zynorqaEPt0pLI3OGdA7L1PjdbKeK32c3U6bYpWRWU/yX7X/wCw/IvqPpu4dLXaa0XFhbJGe491XM2zlfc39rL+z3hk93tNMWlhJ1NbxnJH+RXw5JFJBK+GZpa9ji1wPYhfUvF6+F9W32uz4/8AUHh/4F/yQ/258p//AGCs7KREd8+ihs+pSYT6rs1zbZ5ecU+i0hccc5UuN5wFVxSDYKZE8HT+a1KZitrwWEb3cJzjjdAjOSnuJwN1aeTNjBOoasxyB2OFroptcDJyMkLCRu04OVqbFWtmh8CR2+MLVXLDOdq6uNyNJUky0Ot3fdZCtY4VBI2Wpp5DJTPpyclvH2WfrmgTnZaJ9GOkiDhccnJJJtAvBDTlRHbHKnyAEbKJI30Cz2rLDjJki11Dm1LHNON16ba5jNTNOoE8LyiN5icCOVvulqvxIRG925GQvL+Ro5cj330/rpTgq2XV2p9dOXgbqhew8O+y1H96wsIzlUNfHonLcYXm7I5Z7qmzCNx8I75PT1b7U9xdG7duTwvcKZ2O+V8vdP3CW3XaCaF+Dq3+y+irDXmogifIQdbR3XlvI6dqbkj2/hNS507f0aiGQ7DCmMAIzlVsUrdtwpjHNO4euHbHDPS1yyHyUslcH3SSsMaebfFKiLHR155BAaQse0uexpPoCvVeuqJlbZJIycEAkHC8soYnGENcc6dl6DQ2bq8M4GrqxZkqr9AyWkJLdwvNL1Qljy7ThetVkGrkbeiw/UNu0PeNGe4XqPG6vb9jPBfUWglanNHnNQCMhCieWnOd1Y3CnLS7bhVUvkIGV6aLU0fMNUnTZwbvpqvFXSmmmdkgaTlUF/t76GuMjG7E5UWy3J1HKHjcdwthcoIrnb2zxgEluUm6nJ2NFf8ANXn2Vtnr3ljZGPIexesdH3Y3SmNPO8F7Rt7rxGgkdR1RidwStl0/eH26sjeHHSTuuNq6Wmes8XrMNRkazrGxmVjqiNmHM3WXsdc6OXw3HDmnuvUx4NyoRM0AiRgyvLOp7dJarj48TSGF2dlzZrKwdyzMLPkj0ei9M3giTwXvy13qtxTTG31MdQz6H4yvF7LcTLAHsGHAbr1bpi6Q3SjFJUkMkaAASeSuRq9P9uUd7x+p3x3G8lnjuNI2ohI1M5+ysLTM4wgE5xwsvb3S0M3gykGN4xkcFWFHVugqPKTpJwQuDdDPJ6bT2muZIcbd1yVhyCEGlmadxg/ZSiNbNlhawdBYwDZgYUpqg4LXlqmRnZUKmhk0DZWGJ41BwwvN+qrC4vfSvbhzcujeOxXp2CeFTX+1OrYvFYB4jR+q0U2bHyZLq9xgKSonuNjLQ4fNUOWuz3AXL30zSdV9LyR0rQZCCdJGXA+yiRzOsd9DpGnwag+HIO2VeMeemL4yocfEoavBZ6DPZdnT6jHKOVqKN62nyff7XJQ101vq4chpIyeD7rzfqG2NoajVEzDX7r60+P8A0PDH4fUNphDYalgf5BtnlfNt7oH1lO5rQNbB35Xv/E66M4rDPmPn/DycZwa/wYFwOSV1rT6Iro5IpnRSx6dPf1S0j0Xqq5qayj5hKLhJxfoaug9lxJaELCAjG5Xcj1CFkpYRqeCsBmnBRQds5UdPBwjVvIDiSPFOOEvE9kLV6pavZaoW8C9pPhutXSkaHkgdiVobZ1mWaWTZ9DlZIuyuJ8bX2Is01dq6PWaC/UtWBokGT2yreKojfx3XikNVPTv1wyuaR6FXFv6ruNO4FztY7glaa711I5uo8bnmB64Hatx2RozjZYu1dcUEmltU8xu9CtHR3q3VjiyCoaSBncrTG5ejj3aW2t9FyxxxsVJY4+qgxnONJypTQR6piaMjTXZIEpyjNedlDa/zYAUhj9uE3OFkVwShLsiteSVD1eyI1+OyJTQtpY4LBjhjlFDh2KrxIQiCQ5RqYtxJus/1Iur3UESHCL4v3UcsE5JYkIRBKQMKGJMnGETWFHIWTPGPoiCQ5UIyA9k/W31V5AJwkGF3V7qHv/UV0SHO6mUTBILR3wloaeQCEIvJxhPjeDsSP1U3g9D/AJem58MEpgp2agQ0DHsitaSMjJA5Kc0MJHmA/wBEEp5LWX0JlPqBw0LsdO7JJ4UOv6q6dswc2puUORwGnJWMu/xkgpy+Cz0YeDzI/v8AZBuQ6rS6jUcRiz0YU+Rk7Y7lQ63qPp6zwaqm704kbnLQ5eH3r4l9S3HLHVjomO7M2WXlq56pxfPI55PJJS3bhnRq8TJPNrPZ7t8cKKlLo7NT+ORtqdsD9l59fPiF1Jfi5lRWvZET9LThZbOOBhOZ90ErWzpUaGmnqIZ7nPJL3Ek9yUBzRnkBSoqaec4jYSrGnsHiYdUghVO2K7Z2NNobLv8AbXBTRRGQgN3U6K1zuwXN2VxFbqalwAzJUkxl+GsBSnYn0drS+I5zYioZQMiAw3dSI6YOIAKuqWy1ExBLdirikscNPh0zEpybO1T4/C+1YMzDa5ZseE0q3orKG4NQ39lfshgh8sbAEZlI+Qgce6vJ1adDGPLRXw26nbjTHuFPgp3ZAxgBTaa38HH7qwZSMZgYUNtdCj0V8VEXYyOVY09vDdLsKVDS8eXhT4oAwBztgFDTCsBTU+BoAUpsOjcqHX3m22uIyzSgYB2yvMupvisGvljo5HZO2ytzSF6jVVaSGZm/u3VFstOvxpQS3j3XlXV/xJmr5XQW55A3DjlYq63q6XecySVB0ngFBgonvOTyeUmy7PB57U+TndHbHgY6apqn/wA1xdndS6SjJcCQpVNQhuMhSnubTt+kFIcnI5Si1yxrIo4Rkn80Oeria3TGclQqi4h5IBULW57s8ZRxhnsB2Lok1FU55wO6FDG97slPjgLiCQpscAAG2E5Vi3LJyOMNA2RXPDcAbrriGDA7oJOk5ynRrETuSHlurchDlcBgJeMd2tGSuRQSOdl4IytVcMnPv1QwRukIUxkIABSawRgDGcp4Bzla4QwjmzucmcAOoEhEHCQGE9HjAtsWAupJJomUsiTk1ORC2JSKVms5TIKeSpkEbB9z6KbVGnoYWsAy7/Mpc5Y4NMIZ5FJJFSRajuTsAFUyy+K7K5PVCY78dkwEHhZ28hvk47ORgpwOASVwkDkqmuV3O8EB45KCy1V8lwrc2S624RRZafRZ+omfPIXOO3ZNfI+Q5e4lNWC6+Vns3V0beQeM8lEaPQJzY3u4CmU9GTpL289spUYZ7GOSj0Cig8QgBm6nxUTGAOc3hFYaaBnGCotTWySAsBwPVHlRE5c3wFdJGzZoCiS1LjthDbqJ+rKe2Mu5Ci5JjA0Eu4HKkxxE42XYaYkg4U5lOMDbhPhX+yp2JdAoacA5IUpseDnCc1mkDCKWEgDTx7rRCGDNOzKGgNA4TtXslt6JafdM2i1LJxdG3Oy5kDcnhRamqDBnHCGTwEothpZQBnZVdXX6c4IPsgVl1Ay0KkmrHOcdyubq9bXTnk6Gm01lsksEysuTj5Ruq5075DkhcOXHJCPFEHb6V5m7XWXSzk9HpPGRrlmSOQxk7kKXoGE1rQ0YAUyhoZa6YRRjvuVmy5PJ3KNM84gjR9GWB1wq2hvfGV9I9IWZlBRR+UB2N1gPhr0uKZrA+PzbEu9vRev00QhjawDGFrqltR9G8L43+PXua7JTGBrRsmkgDGVyR+w3USR+eCUU5bj0cVgM5+TgLp2AKZC3LQ53dEc7jZTOBjeBCTse6FLKGb5GEyaaKLd78LGdUdURxf7rSkuO4JB7ozJqNTGmOWP6q6ucI/kqI6XE4cQd1kqOndPL40wL5HHk9kyjp5Z5jNKdTycnPZaGjpdABc0D80+qvcect1UtRLdIPQRhrdxyph2GxCE0BowNki7HdaYpRE78PA/Uc8p4e0N8x2UR9QGAkjYKmuN3z5ID9019AOe0up7rTU2xcCVnq28fNOJY45B2UGSodMcuTIYS52w/RLeWxTk5dD2vmmfucq0tluL3GWTsNgi0NsLA0vAJO/2Vs2BsTRgIopjYwYyNgx9kTIHcIbniPIG+VGc9z87KSlgZGps7LUODi2M7dyhta+QjJRoaZziNTVNio8AHAQ/KaKtPnsBDSasHCkspsYICkRRAY7Lpb2ylytwb6tMl0gOkBEw30XeE7IIIys8r2zXDTRfY3IwQolQVJLTvugvBk2Q/KH/Fi+yuqC53dQTAXOydlbvgMo23XKS01NTN4Xh7FLlqNpS8epdFNI0t8rW5J4V7090HXXb+bUARN5ytp090RSRD5mtj1E8AhbWmpIqaJsUUYDQs9upbNml8XzmZQ2fpS2WiMCOFrn43JHdXTRoAA2HonySww7SOwgtc6pcXMbhn4T6rLK9yfJ6DT6RVrED5IbFWTEB7Tjvup8NqYACRv3yrQfLRDIAbsgSVjRtCvVrMukfnltReWxrLdTx4c5qOG08A1NAz6KK6d8n1FMcNWN+FSreSpXLH2kiWqLTlmEI1Ej/qOUxxa3lyEZgOAmqGDPK9+w7pSRygFxzuhyzOJAa3KLBR1dXuItI90aikcjV+X02nzvfQnS4xkpmt02zW5PsrOGxagHTPzjsFY0tBT02C2ME+pTIwPN6r6tlJbaV/3KGO3Vk2MNwrKn6fa0B08gOeyttONwMYTxsMJjgjzeo8rqtVLM5EWloKWA+WMEn1CKYweNkcDHfKRGUyMMGKUt3ZHxhdRGrqghiSSSUIMSSSUINSSSUIMPCESeEQkcIZ5VMJAicnJXEk7T7oW0iDZGg4JSaxjRsQk8F2NlFqZmwtGo8rLNja22GwPXhQ6qsZG0jIJVfVXMvJZC4j1VfIZXkEuJQSntWTuaLxVupaD1Vzm1Yj4IUKTXUEFylxUjpCNQUuCj0EHCwX6vB7bxn00lNORDpKEuxqap0dM1h+lS2QtaBgIulu23C5d+p3n0HQeOq06TwAbDxkIoAHZEwMIbjjJXPsm5Hail6HaQuEY7pnjtzgqNNVue4tj4GyUotvkOViiuQss+kEY7KCXSTu0tdpARY4nTOy4qW2niYBgY906NbZjsscuU+CJHAW87kodddKO1xGWrkx6N9VT9R9Y0dvMlHQOL5hsHjgFYKetr62Qy1tQ6Uk7AnhaqdNJvk8v5X6hq0sHXS8zLi/9WVV1eW0j3xU+SAM4JVE2PB1HcnkpxAwANsLq6FdO0+f6nW3ayW61nQBjcbpYC6nNWjZgzNYWBhi9k52GY7pzjkIekuOcpyiF0dz6J2Am4xsnoiIcSQENziRuioKS47ihmd8J4b7J3h43Ts7YQyjtDG6fdcx7rnGShySgj7KOaQS56HyODBzlQnzFxIxwnvcShNZk8pEm2y4rAg0uO6IBgYKc1oATgMbBWoh4yJNTkPV7K8EYhyu85Q8FOBOeFbWSNCA337ojcAZC4wDAPdOVqKI45HEgY2XJHjTpTXu4QXuI91OhW3LHOkOT6rpGAd0IHGVxzi844UHqKwLTqcR6J5j0YKQbpGccomxAVJYI3gZwECQ9gUSU54QCfVEFGORu6Q3TkehpJZZRgbKJZLb2o5S07nyAFuArmKJsQCayFsTRtghdc7Vt6J0YmSct7CEjHKjHlLJ9SmuOAj6AwNJQXnJXXk5IS0u7BBKWA3yEanJrUaNhzlA5YGV1yskoxQ1rHE4wrGlphHh2EGJrW48vC2vRfR9bfJ2vdATDnGD391iuuPU+J8Tmz7vyOdI9MT3Soa9seoasDI2HuvdLD05S2qmYNDS7AJcQi2Hpejs9KxrI2gtaol96iZTtNHTnzHYkLBZbuPp/j9BHTQxJcjOpupG08RoaN+X8OcP8llbfRT19Trd5jnJz2RKejnrqg4y4uO5WgEFPbaXSBhzRl3qSslksnXhA4Ay3R4B1E7LsUXifzZxueB6J9PT/NPbI8cDIygXS4siIhjBPYkKjZCOEDrKpkY8OM87bJUcEkh1uHKbQUL6mTxHjYb7q3EIYBhoCWFjIARYGAn4go4jU1JGQPKEqiaOmjMkjtgsfd7tLXTHS4ho25VSeBMnwdvnUE1a90EBIaNtlX0kPiHzZyuwQGR4a1uST2C2NpscTIAZowCdwO6RKZKqnYwFotDWhsjoxxsP9VqLdbgBqcAMDIBXaWmawBoaMBFrK1sLQxh3IwViuu4xFnVp0+3DOXC6R0kRjYAXu22Uagtjq0GWpfud8FcorW+ol+ZqTkndrT2WgigZEwNYMY/dci63B0q6glO51FTtgpnadsEqOyVtIHvaAZXZ8x7J1TP4QwBuUO3UFRc6kMjB053PouZfca4QUVkLaLdLd5mzvGX58zjwtzTU0dLG1jGjIHPqu0dDT0NOyGFgbgbnHJXXuz3wuZZZuY9BQ8YwAst1T1XFbGGhpHa6uQENA3wl1T1THa4TTUrtVQ/YAKr6S6anqaj+N3d2p7zlurslPgJHemOlpJZxdrtmSZ/mAccrata1jcAcLgY1p0gjHbCZVVMVLEZJD9gglPdwPjH9nKmrjgYXSHGP3UGCnqK2UzSAeEexTqalluEvzFRkRj6W+qt2tDQGtGAEG0Z0DjYGDS0YAXZpWRN1PcAD3KFW1kNFF4kp2WbmrKu6Tuc3LabcBp5KFywTvlh7jdX10ppaE+QfVL2QY6NjSPDbqKLSUWwjgj8vdXtDbo4QDjJPKtLJTZCoLUQRNLz2b6K8gg0Yz3T44m7bAY91SdS9W0FkjLD5342AKNPAtvcTLzdqSyRukmI2GwzuSvOLrfrheqpztTo4uwyoNdcq271DqqpcdLvob6BMZlqZGOQXI66PfnJRIonk7BEihMh4yr232pwAc8AEjYeiYCRaC2TzTNbo25JPYLU0tJFStGgDI7rlLC2Bn04wq26XjGqmgP8AzFGUSLleGsb4UZzjYkHlUvnmOooLGue4FxypcYDeyGUsBRQowAckKRqBGAE1kWsjAV7arQSwST7E7gY7JUpYGRwQ6O2TztD3ENCuoKRsbQ0AbKTHFHCAMbBDnqYA3ynhZ5zyWNfoibnsoMle2UmOnJdJ2AQpKie5y/JUbSST5j2P5rT2fp+C3ND9IMjhuSM4WaUys4I1osHFXWbuO+n1WgihyQ0DAT2wOGMjOfdTYafYHhZ7LMi3MCynDQDhGY3J44RjHjGycIxgbrNKeOwN43w8AbJwaQnhhC7gpUp46CRxJPSQgDEk9JQgxJJJCNHpiemJpDhOEOWQMHZKeYQty7A+6yN56gFQ51LSkgN+p2eVqqqciBL71CZC6jonEHh7x/ks68jknf3TnOby47qsq6sPfojGcLoV1JED1FTpOG4Uc65hkNTWMdIQSCc9lorZZ3YDn4yVpyqy12QrZZ9bQ+dnO+PRaakoI4gMRtAA9EelpmRhoLBkI8jmsaAAlynk0JLAx3kwAm4Lt1whz3AqREzTyEIQGNmjchKedkLckhKomZTt1HvwFTVVW6dxDSceyFSyUona2uFR/Li/NCgpi46nclHpqBxw9+N/2UmRjIGj2TIvBMYIM0TWvMaJTxNjGlgx6n1TDqfIXFSqeMjchMRY4Q5GeE5rNRBxjCJkZxhDmnbTtye6mSHXvbDgEgEqnuNc+pk+Xpzho+p3r7JtVO+aTYkBJkIIGBymQjlis4I7YyfdFDAzzHui6RGMlZ283sOJpKV3n337LpUUbhE55WAt5uzYmmCnJLjyVRxtfK7VM/P3KaA8+aQ5Kc1kkmzW7LpVadLkzSYV0zcCOJuw2JRYafHn4d2PouQQMijDdGD3R2j0W2ENpnsmLT7pwOASuEgKHW1sUEZfKcD7p0IZZndiG1tW2IbkDZYq/wDURncaOkJ2+twQOo+oZKyY0lA4+jnDsFEpKEsw5zge+V0KavZxdZrN+a62R4adznBzhkjJVgyLAAA4RWU2QMNx+alRRDZuNwt9cUjmbWyM2EAgYUqGmY7BcE8QjY8YXHzObiOMeY9k6TwhmzHLHHEYwBymiN8jhq3Z3HqiNjJGp5XHTBo0wv45Ugm2LsmkPe5sTSGjKiGUk5IwlLUBhIJGcd1i+res4KBhhgOT3wVvpq3M5Gu11WmjvteEWl+6jgtkb3CUYxjOeSvKeoOpqy7VB0yubENgAeVDul5muU/iyOODwM8KCSCPRdajTZPmfm/Py1G6Fb4E9+eeV2FmojbKdFBrcARyrejtuMGKP7krpVUKB4+Vm95A01M5xB0q3pqXSAdOUSnpmxjztAxyoVTdJTIaegZqeNlrUUh8cvol1dXT0UY8V+mTgNCrnxXS5P0k6IRwc8qRT2wOe2prpQ88lvoVGvF+hoRpgePLtgFVKWwNJ+yW5tJa6cOJAe3v6rO3DqSWolMMAzhRM3C9TkscdHJ34CtqCw08ID5ufskSsGwg5FTHSV1e4OlGWq0hoYaEAhoBIU6Z1LTs00/IVRPUySOPiSDAWeyzI+MUglTc3Nd4dO3YbEqpkL3Sl8smcqLW36GmJbA7UVQzVNfXTF7XYB7ZSG3kqUsFxVXikif4TDqIVXPW1VVJ5W4aUxlFJHh85T3VFPE3S12Sk2L3J4ENtijpQTqkdj1T5XUzGjwfqHJUOWsJ+k7IDZcb45WeV0V0Wo5JUlU/IHKUb8uBLVEM+DjCLFJnchJVuWRwJjdIAwF3xRjGlAEgwu4HqnK1YENYYfxR6fuuiXJwVG0n1SDHHuq3lYJGfdInIxlBDThcw5TJWB5YCugH1Q8OXQDlKlPkmA4J9UslDHG66iUmyYDCU+iRkyMf6IWn3S0+6PLZYUkncrheQlgpFpKJAiDynaymNXUxEHCf2XfH/wAKCujdQIKJ/ZdDgRnICEIjjK5gqFh8j1C4dJ5I/VCAcdwm591CYHpexC7p91xQnQtvRLA9EklMEyCc0dtk3T7oxGUtPupgmQGj2S0+yPgJFoKraiEVMLnBTDFk5QzDgJbiGngGx5H5IrKk7ZCFpd6Jr43Hg4QptMvCaLCCsOcFS46rOFRNec+iIJ5AQGlNjb+xNlXsvHPhl8sjR91GmoAPPC7B9kCCoyAHFS4524CfGaaE7XHoZDW1EB8Gpw9n+IJ7qJs+ZKZ4wd9JR9Ec4w4AqO6nmgdrgzt6FSUUWp/siBwjm8OZpbj1UpjKWXAZyimrhmHhVsDTjbUOQgzW90Z8SmeSzkKJpBZWexz6EPwQ3OEMOmpCPDeW6U+CtlhcGzDhWMUlFXM0va0ED9UMq0xsXjpkQVjpQ1xA1DuF6F8P/jN1H0nIylqHmst+cGnJ4HssXLZmaMwnBVbI2WB+JGkDjIWW3TJ9HW0Gv1GklmuT/wCh9q9FfE/p/qeIfw+vEUhHnpZsBw/JXVf09R1rvnLRMLdW8iWMZa4+4XxDQ3Cso3tnpahzXMOQWuII+y9l6F/tBz0U0Vv6qZ4zXbfMtGJR9z+Jc23TOJ9O8P8AVlF/+lqftl+/R7S273O0u+W6jpAW8Nqom5Yfc+itIZ6Wrj8WmnY9vq05CVsvlq6hoGT088dXSyt3djIz3GFXVPTUtJUfP9OVTYn766eTPhSf9Csbi0e2rs/qXRYFmE17R3Kr6W+j5j5G7UzqSpP0g/Q//lKtcAjIOxQTz6HuSkuCE6MdgFlupvh5br1G+akIp6p+S4keVzv9FsHR+6Wn3VwscWY9XpIauG2SPnHqDpG5WNzoqmPVp5IGxHqqa0XOusNZ81SPJb+KMk4IX0zdLJQ3eExVceoY7cryvqn4Yvoy6ppWksPGnc/mt9d543yf0/ZCGalwTunurKO907XMzHUAeaNx/wAlZ3i1Wjqq3utV4gD43jGHAFeOyw1lrqDpc+N7DkFuy3vTHWcFzhZR1pEdS0YDicasLoVW5PCanRSzwjyrrz4ZdQ9AymsoP99tb3bPaPNFngO9vdUNvuMdS0B+x4OeQV9RwVr3t8CfEsb9i14yCF5V8RfglE90t/6KcY3El7qHTnJ/wn/TC6FduOzz2s0Lzkq+metKy2FlFVvbJS5wC7ctW1cKS6NFXbpAQe4XhUVdPGTRVTXRzRnS5pG4IWk6c6krrS7xKaclp5aTsnZTRlqm6/tZ6hFI9h0PHmGxRtGsAt2+6hWm9WzqKAS08gbUAeePgg+ynBr4HAOzhVGTRri1JCik0SBsgwRx7q2iqnbAhV5hZO3B2PYrkUj4neDMOOD6p1d5i1Hjq788dl5FMdi04Ks5J2V9KKaqYHYHld3CzjKkNxhToazblba7keI1vibdPJyXJ1rHUchgqBmN30OPZPp5qi0VQrKNx05yQCpAdHVxOikAzjZV7Z2QE01U/TuQMrSpp9nKWJcM9e6T6sp7vTtilkAlAxutSHZB2XgFNLVWWobV0zyWHB2PIXq/SnVlPdoGwyyASgY3KRbVH0jJdTzwacuJXJGRTxOgqGa43chcyPVdWKcH7M2XF5PJesegH2KolulqaXUEpy+MDPhnv9gqKx3g9P1wkcC6CXAcM/T7r3rAcNJAIPIPBXnPWvw8ERkuVqaXQPOXxBv0n1HsvKeY8XG2LlBH1D6R+qpVzVN7xjpl1bK+GqbHV0zw5rt1srfctQGSOF4HYr1V9PVghmcTA4437L1S3XATxxzRHLXN1DBXyPynjJVWNs/SPgfLrVQUcm/hqmyN5BB5yoz4suIbwSqqgrcgAk7q1BBYDlecup2M9ZG3cSaGsmt0mCS6I8j0V6ZWVDGyxnIIWXZM3V4ch2KmwyT0eCx2WeixShkYaCKd0ZA5VlDUkgZwqWCpjnY17Dn1HopMchDc4490KWGRom1tFHVN1sGHjcH3VHcY6W6Q/KXJpjnj2ZMBv7K3hrMkNO65XW6O5RZGGvH0nC0U2uE1NC3FlVRx09xpB0R1XGyTW1zYKhw2c3/VfBH9rL+zxX/D+8m/W+kLqeqcfOwYae4/+X2X3fZqj+MOPSPUDvCq27UzjuN/fb2Ui9dP2r4hWSr6K6tpGCpEQiaX7+LGAd2j1HPPdex8dr5QkpxZ5nyOijZCWnn+LX/Z/tH41tlDvRSWSDkL0n+0J8Gbl8Juq5LfNHmldnwZGjyvb2/P1XlbJAMBfS9FrI3wUo9nxvX6GehtdUiyjkJIU6F5ICqIpDkKxhlBAXVhPJzLYFnC/hSGuGFAhfkjZSNyBg4Ttxz7Ihyd8gqwtE/hVG/BCrGnA3KNTz6JA7COuXOTPOr5Fhm6oJ9U4II91GvMbGyEtGMqFaawZBcVZVmKin1Y37FbV96OY4/FLBRHlOJwuk90LOr8kDxjk0Q+5ZHtOrOUGRoRY+6Y9KmglwyHKNJ42K0fS9Y4uEZfgtIws+/fkcI1tqzT1TXcAbFcjX1boPB1/F6p6e5PJ63Sv21FVt4p3HFQBgE4KVqqvHiD9WQQFOrMTU3hheQuhjg+r6S3fBSMyZHQvDwdwdl7P8Ob+KugihdJlzAG/mvG6iLQ4jHC0XQd0dQ3JsLpNLHkLi66nfBv2eh0GqlTNYPoyCTUGvBzlWEMhOlZy0V3jfynEcZHurmKUagvKWww+T3lVvCZbsO3KId1DilyACpIeCCsq4Nae5EW407KilkZIM+VePyMZSXSophkMc46R6FeyyN1Dn8l5X1bQvo714jgAJNxgLoaSzb9pz9bH7dxXzxtJG2Vl75RF2oln7rUg5UC40zZmfTnI3Xa0trhNM8/rdPG2t5PI71ROY5x0YWTr4i3JHqvUOoLXhmsM5OOVgbnAGzvgIwQMr2ugvVqUWfKPNePUMtoo4qgxHGRutj07d3SRNpJMYHBz+yxNVE6OUAqdbat0ByxxBHddaVe5HltLqp6a1I0l8ozDMJ427E5RbfWMmYI3HDgrCmfHdLYNgXBuD91nSx1FV6SCADsuNrKWz2VFjjPej1f4f394qHWurky148mTwVouqrA2rpnvAGcLyWjqpIyypheWvaQQR6r2Xp68wdQ2xjch0jIwH5Pf1XEtrcWev0OojfDazyiOWey1ZiOQA7v6LeWS6eFNDVMf5Hgd+CqjriykEzxs3ac7Kk6cuwgHyk7jzgH0KxW171hDtLqP4lzrfTPoa3VrLlRNe3GtgzypjHEb53C8/6avboGtbr4PqvQKXTVxCRp+oZK4Gp0zzhHr9Jqk8M0NiqPGj0eivaOTXKIysNQ1T6Gvbv5DsVqHvl8lXTnIG7gO6419W071Nu9YLSspSyTWBsmRkgYG6lU9RFcqQmM5PBHcFRo3CJ5jkGDnCz4wOJLHD0XdGe3K4zlFLmlowOELs5FtZPPOt+nHkPqYGAtfvt+EqlsE77vQydM139/CDJA5x3wOwXq08LKmN0MrAWuGF5T1RaKiy3P5inc5j2O1Me3Zb9Pd+zHbHnJdWA01+tNZ0PfZN8EQB3O3Df818o9e9K1/SnUVVbquAxhr3aPcZX05JVRV8EXUtHJ/vdKR42jY4HLlF+LfS0fxS6Qh6htjIv4lQR4lGMOkaBt916XxWtjRZiXs8z5jST1C3RPh3qSgMM/jtb5XcqjyPVei3ag8Rk1LLGQ8Z2PZeb1UD6WofE/PlJX0XRardFI+Nef8d8Nny1rj2PyPVMIymEkjOU8HK7FcuDy51JJJMIPTXJy5jKvOCD0kkk2LAxkekmJJ8bEiSjgIMZ5RGnHdCXW5zhFKxMEMfNvhPjqaincHwTFpHdCacBOwRwmwsa4BcVLhl3b+sb3SnHzRcO+VoqD4lSABtS0uxzvhYNrQmgNBJ9VohZOJks0FNnaPXrd1/aKk6ZXGM+/CvqXqK0T4DaxuT6FeDMwD6I3jStAMcjmH2KctRL2c+7w9cumfQcVwopB5Jgc+6OZhtjBBXz9TXm5Qkaap4/8RU1vVd6ixmsefu5EtQ12Y5+Fln7We8tkyMjCeZgDwvC4+uL7H9NS/wDMqQz4iX5vJb+SNayHTEy8Ncumj3EPyM4T9XsvEh8Sr4B9LU8/Eu+9g0FMWqgwP+Daj+x7g1/fCIXZ7rwn/wBpPUm+JWj8kw/EfqZ23jt39lP5MGB/wPUftHvWvtlPMgYMuOAvn9/xA6nk3+aDfsgSdWdRVG0txlI9A5T+SReFt9yR9DNuNGAdUw25UWbqiwU2RNXtaRsQvnmW53Gdw8SslP3ekZJXganOP3Kr+SNXhkuJM92qviL05TZPzYeAqOt+MlGGE263skwcAkYyvJhvnO67HAT2wEuV8n0aYeHoisy5N9XfFrqCridHSMjpg7nTuszX9UX24M8CqrnlhOcA4VY1uk8p3KpWN9ja9JTU+EPaC5u5ynAnGAiU8bn+XTk4UyntFXIc6Nj3U+RLs6FdEpcQiVUjSeeUWngfJsGndaCm6dGQ6c/krSnt1JDgeGM+qF2J9GynxFtrzJYM1T2SplI2wCrqm6cigAfLyrURhuzE9kMjz/Mbt90Dlk7ml8PCrlrJCEcNMQ2JgUhsD5wNLeVNbS0o8zmbhHbNG3aBuSEL5OzVp4x4SAUtj1kGfYfZWkVDQUmDyUGI3Gc4Aw1WMNv1gGXcqG+vTr0NbLgYib+idHT1MrgZzt6KYyiEeMNUuOIkDKhsrpyBht0IAJG6lR07GbAI0TAdgpcVMMA9/ujNHxpIiwRbjy7Kayn4PH5plRUUdvhM1XPHCwf1nCxHUHxettBG+C0tMkwONRGR+SFySEXXV0R3SN3VVlDbIDLWS6MDYeqwXU3xat9PE6ntrnOfwcLzK99X3i+vJq6qQgnYasAKhEL3uz3PdLlYee1PlpWf7XRdXjqq53iQmSdzWHtlU/gOleD+6kQUbnEZHKs4aNsWkpbk2cyc53PM2RKS36sFwVpHAyIBNL2xsGANlWVl42LWjgqkmxM5qvsmVdbFTt2/L3VPWXOaZugnY84USaaWofqJKTIiCDjlOjWYrdTl4ixzA9x3Cm08eMHC5DBxkKfFGMA4T4VgfIlzk7HGMb9k578jGEmuDcgjCa8t5ytKqM9up9I4STueyjSzbhoT5pDjDV2mpcOD3jJ9Mp8KzHbczsETickKcNgB6JNY0NGBhO0+6fGDRhnY5MYAe6eB3SwF1OSFjl1JJM2kHJJJKACRqeAzHAXIYXyyNa1ucnCk1csdDGGjGvuEqcscDIQ3d9BpaiC2wBse7jz6lUtRO+pcXvP29kyWodOcuHCRbgZJWeUs9j288R6AlridkKaoEDcOOCUyquLISfDOcbfdU1RUvqnFzkmyzC4GQqz2GrLhK86Q4hvsVXk5OSukdyV0sx3WGyUpPk0xiodDQMnCkRUskhBaNkentsrmCV+wUw1EULNDGglAkXKzPAKGmZEMvISnnYAGtwhSTeIcg4UUhzj3/VW3jgFd8j3yl5zyub44XQw5Ckxwk42RRg5FykooDGwuO4U+GnxvhOhpwADpUmNuOy0wrM055GMiDcYb+6kNGw34SDDjONk5rAVpUUkZ5TyPDQE8gAZwlkAblDJDOVTlgX2xB+ScBI4A3IQXStaDthV1bXhjSBulytSNFdbfRIqatsIO44VHcLhqaWggqLWXBznbE7hVxkfM7JK4+s8ioZUX0dTR6Cd0sD5J3SOO/K62MnfC4GozTjGy8pdfK+blJnsNPpI0xUYiYzjyqWxoAGEJrQSDjdGHCVk2xrZ3lehdBdOmYtqJGHAOonHPoFQdIWD+K1jZJmExg7L37pHp+OKICOFoY3G2B7LVUeo8N41zfyWGj6ZtjaOka4tw5wyrsnAymRhkTNIGAEOapawYHdalwe8qjtiMmnIwCuR+Y7qK5zppMkbKWwANBJ4VjW8Eg7ADOEOSURjOx/NDllz3xjdZHqLqNjM0sDiSMgkHujSyZrr41xcmwfVHVDG64oD5vp2WSpaeWqe6eZ2S45AKdDSvrKh0kzicbhXdHQ6cEDGy1V17meb1F8r5ZY6iowxoAaFZNaGjC5GzS3AbhNlkDB2/Vaox29GboeXAAknhV1bcomN0tO6g3K6kZiiz7lVYL5Tqd3/ZVv5AlPAasrp5zp8Q6fZQmtOcEo4YTwjQUMkuDjZEL5mMpaN878N47q/t9uiY4SOaDpGAP9UWktzImNDR23U1kYaMYRJ4NFVT9jRG1nAwhVEmwATp3gkBMZC5xVOSwbYU5ABr5DwpcFKTg4Umlpdt24U4QBmCAs07MGunTpEWKlDcEhFDWhuEaQBg4woMlRg4A2Sd5rjUohSADkFLU0bZUaSoc7GyaA92MJU7MGiESZtg4OUMl2dilDE44z2U2Clc4gBqVKaia4VZIgjeeGqRBQl2NTeeysqag8XZrd/uru22jBDpW4/JKduDRXp9zKm32EPc0mD81qbZYqaBzZS3cdlOoqZsYAAGFLIaxmvIaBySdlnstOjTp1E4YwMY4UOqusFLIY2fzHegQZK+atd4FviL8nHidvyU2ktkMDhMWh0pHmJCzytN1dGQFLRTVRFTV5AJzj29FZtjYGhoAAHZO8UYxjhBlnAwkykbqqdq5Pk8vLgdSH5WnO2VFNXq2ARIaG5VTiYYPIeHEr6TClRPyDq/Maaj85L/AKDnzNA23Ud1Y52GsblWkPTL3EOqpsY7NKtYLTRRafDi3Hc7qSjGPZ5vWfVNaWylGaiir5txAQD3VlTdOiTElTM4E8BpWgZG2NukNGFwtJQKOejzuo8xqdR/U8EKmtlJCMBhcfUqaI2geXYLujT7p+CmbUcyyyVvMmDOD2TsBODSdwERD0CNLW4OyEeUc8H7IBByjRTOJJ6SsmfQxJJJQoSSSShBqSSShBi4eEshIkYULSGEnOEHlFdygOka3k4S5T2hY5wPxjfKHLM2IZdjdAnrPDBwqqWommcdbtllstOho/H26ueIonVNy/DA7BVNNLNKSHyZyjtY4n7oraUnBwsdt57bxv02ozTkskKOmOQ7G6lQ0pBBwpUVNjAx+6kxwBoG3C5+o1UvR9B0HhoUYm0RooQ3AwjsaAMhPw0bLi5tl7m+T0NdUIfih2AAhnlEJGEB8gbnukNtmjKQQHnJUaWbbA3TZJe2EBu5O6kYOQuVqGyPe9wA7qXBTZAKHHEAQ5w2VZfOraS1AR0xMso2LW9k6NEn0jDq9ZVpo77nhFpW11Ha4zNVSCNgGclef33revuE7oKF0kFN6Zzn81VXOvrLpUuqah3mcOBxhR2MI5HC6Gn0+3lnz3yf1Fbql8dLxAZu86ncnkp4DQ33TsDsEMA5XQjXg848t5Yi05SDXZ4RmMxgkImkac4V5wA3gE0YAz2TkjykqLApIml3ouJoWBJJiShMiT0xPUIhx4THHAXS8YUWebIwEm18BHXTDJCAS4pBric4z+aO0ABZ3lsKLwDwfRcLXHspGkei4QMJsY+yKYNJdIwuHcKwhqWCnCLJzhFDO+FNpAWn2S0+yJ5UjpwrwTINMOy6eUJA3gsefMhvI7/5rpdjclBwZMIHLBaH6i84HdEDcALjGgb4RGu1fkqLk9vQ1DldjGO6eXNwVFe/CMKJ0vOd01x1YKGTk4Ro4jIQAOThWueENeEjtPE+aTQwK/poBTwhpO/dDo6SOCJuG+bklHcQBumxRitnzhA5dty5R3O9EqhxLguNaO5TOhKE0gA5KFPNgjCU7txpKa2M5yR+6TOeeB1aHMaSc4RdAXGABGiYXFRvHYaTfEexjY3agpjYg3AxunRxgNGQtF0l0xP1DXsYyEuY04JWS+70el8b4+aa9zYfojo+a/VYf4ZMYdjGO6+henenqWw0TImMaHAbkdkPpjpqj6eoWRxRND8DJUPqfqSOAfKUziXHkhcy2w+o+M8dDTVKUvzF1N1G2MGion5dw5wWWggkqJPEkOpx9VyOKSaTxJdy7fOVfWi3OcRKWgNHr3SHLJ24R5JlDSw0FIZsebTz7oVPTurZ/EeMhu5zxlSagGpmbSxnYbJtzqae204giOZCMEhJNUYJIi3OvZGDT0xx2cQotutprHl8jsBu4yuW+hlr5httySVqI6eOCNscbQMDc+qoMZFBHFGI2tAwNz6qHcKmKhi8SQ/kpNdWQ0EJmmd9h6rCXW6zV85cXEN7BRvAucsDbndpa1xa0lrVCghdKcNGU6CIzStja3Oo7rXWqwxsbqOBg9+6TOeA4Q3sZY7O2FollYN991pII/MDhDjj0ANzwnSTBrQ1vdc7U3pI6Ono2vJ2qqTD/Ljd23T6O2ySuE9Q73Awi0ttGptVU753a0qzjZnjgLkWag6cKzkMIaN12WYMG2FyebwxjG6j09PNXTiOMHc7n0WG27JpUcBKOgnulRpa7bO5W6tlFT22ARRMGe57lBtltht8DWRtGojc9ypEjsEYXOtsyNQWWXBGyouob7DboHNYdUpaQGjlSbxdY7VTGplAIHAzuSspardV3+4uu9S3TFnDWu9FinLI5JDum+nJ7jUfxe75cCctaVtWtaGhjGhrQMADsgscyGNkLBgNGFySpawaSBkjOFQUY5Y+apZTsL3u+w7lQ6enlr5fmqoERg+RiLQUMtRIausHl/AxWbg0DjGEDWORwmBrWhrQAB2UOvukNEwl+C7s1NuFxio4i8nLzs1o5JWe3qqj5qqOvHAJ4QuXoKMcikfPcp/EnkxHnOMqfT0ssr2Qwx4aRz6Idvo5aqQ4bpg757rTUlOGcNwrUWy30MpaNtM0RtG3c+qmNjaxuSQAFyYiJus4AG+SVgeq+tXea2W45JyHuBRpGdv0WHVXWdJRt+Von+JKcjLexXn7nVNdP8xWSGQ5yAeAm01LLI7XKM533VgyBuA0bYTYxRQ2NmoDyqTBRukOQCpFJRucR5dlc0lI2EAlqPorGRlutrWYke0cbBWWpsQGnGUN03hjGOFBqqgnLVAmsHbjdJMGFj9zzhVcbC45d3T3DU7UV1zScBuQpkE60aeFPt1HJVzBjW7dyj2qzvqHtdKzA5OewWop6KGnYBEMe+EDntLAUVnp4Dr+pwHBUt0jBk7Jsk7YWnfsqirrichrsFInPJETaqs8POcAKFTUtbeZTFSs0xHl5Uy0WKsusgNWCITvuMLa09BTUTAynYGjHosllqLcsEC02aG1whjWBx5J7qzYzBBxujsZ7IjGYPCySsyhcpYGBm3CK0OBwE/TkDDcfmn4CU2LyJozhPTgMbBdwUizks5gJYCS6OUI3oWCuIw06UI8o2gDianJqogkxPTFCD0OWURN1fnlNqqqGjhMszsALDXW91tyncyle9kAJwMrTVU28l4yOvF6rK+d8VOf5W4cfX7KncWxtJwAUZzmUzCZX6SRwqmasZM4tjcfuurRXgM7UVT3Za0coVLTuc/cH7qRTUbpHjG5WltFr0YfLHwnSe0KMckay2pusyPZwNgeFoqenbEDsiU8McYwyMD1RMhmyVKe4JJjSAAd0A5c4BOkJecBHhgIAeQEvLGpYR2GLSA4jhBq6psQGGj7I9TVRU0Rc8b42CzslRJUPOe5RhxicqZZp3nzZyiUdI4OBIwjUdEXODnKweIqdg23VFt44AvxEzcY/NV08xmdhEragvcGt77JtNAQcnunRWQZcBIYBsSFJaA0YCQAA0oL5REcHdGUOnlZTs1vKpZamaqmL8+VOq3zVc+knyj9kRsTWNDQEcI5KYLQXEbboxAhA1YH3KTnth3djbuVlL5fJaqV0MMmAPRdPT6dt5MdlkY8Njr7fjM80NAdxs96psYIJ5ShGnncnlHZHqXXpp2mVz3DGCSaRrGt+5Uhh8IYATQQwjSMZRqeM/UQtUYipSwPbk8jCfkMGU4tACrbjXR0keuQ/llaIV5MN923k7X3COkYZJHBo9+6wN4vsl3qvlo3ERcE52KFerrLdpjC3VpzjY/sn0FuEEYLhlx9uFurpxycfUat2LbBnaWjZE7ZgOdlZQ0m2oDCNT0WBrfjft6KQcRgaRv2WmMcGNQ9kQQkHSG4IRBG2NuqT6u5UzwWsa1z8F7huVAmf48nhRZwOSmpZHJKPI18gdtFuQix0wgaZZHBzzv9vZGihjpoxkDOMhR5nOetEINibbV0Mkn1O0gcqNPK2njdM4gY9Uyrq4qKF00rwMDZeU9YdfEGRjHnfYAFb6NO2eZ8v5qrx0G59ln1n1zHEZIaV2OxOV5nW109fMZpnEg8BRpauorpjLLuHcD0R2QO22XY0+kxhnyHy31Bbr84Yo2ufypVPA9x2aiU1KXYOFdW+iHlJH5rrVUqPJwo2uYCjtsjyARp75Vk6eC3xEveA5u+FGudzp6Fpji8zxsAOSVy12WouDmV1ycIw7doPojykaqKpWvgjNFfep3yMkMcI4Kl4orZDlzhr7uPJR7lcaK3O+WgII48ows+aaouU3iEktUckjpRocTldc31EnhUbjvymUViM7vFq8777q6orPDAzU5oyNz7J1ZVxM8sLskeyy2TyNVDXYOnpIKNmIhhArKoRsyRsoVddvl43OmfjbIWMunU09UHQQuOM42WK27Dwi2lBYL259Q0tK0uBDj6ArL1FdXXCbW06Wu7ZQWUzXND5zk8ohqI4m4a1IlZnlipTY5lNHpLpiC4Ickwi2ZgYQJalzieyAHlxyVns1UVxEF8hn10jstduEE7nK5qPGElhstlY+SYHAJLqSEsCiALiYoEGie7bdSGOzjBUFSInhp3RwbYE4YJYIxwn5HohByIDnsnoyyR1OwEhumHhMwTI7DUsNQiHZXMn1QYKwH2xgIYG+UzxCneIPRQmGEHHKcCBug5KWT6qm2uiYJIc3/5Sk5ze2P1QMH1SwfVXGX7JgLqH2XUxdyQmKa9lBUkPV7JB2DwjyiLhhdXsuDBJ2SBwMJawjyM3JhY4wdiOU80kJbnG6YHYT3SbKw3KMVyCfBgkYQzER2/dFLwDlPEzRgloA9VRScJ+yL4TvRNIwcFTzJCR5QMoBYDwoR4RGSRvCHol4O2cKFAUl0tIOEsFQAcl+SSShBYaeQloYeEl1qppEba5AOjwdghuYVMIyuSMGAEvHILsz2QgXN7oral7CM7rpjydgmuiOM4V8oNYkToK0nGdip0dQHAYws+A5p5RoZ5GkYcjVr9gTq/RcSUsc/nadJP7oWiqo3ZYdTfRNgqthknKl+I145ToLdyJaaZHfPBK3+bFpco7onN88Mm3YZ3R5Ywfw/ugOgfEctKMuMyTS3arpcCUF7ON1eU9daLm0R1MYDiMLPQ1D2ZE0Ye07YRGUXju10VRG13Ol7sIWkx0bJRfBZVtgq6I/NUIMkTvw5Vd83C93g1UWh3BDhwpcF9utvIhrmP0t78j8lcn/ZrqSEMqQKep7St7/dInWpGmM89nenOqeqOk5m1fT9fKWZGqPX5cfZfQXw/+Pli6hAoeoY/4XVNwNWMxOz/AJL5pqunb1ZyZaKQ1EHbQc7KFDdonPMU7HRPHOod1kt0meUel8T9Ta3xf2xe6P6Z94zx0VzgDZ4Y54XjLXcgjsQVTutN0s/ms05mpRv8rJvp+xXzd0H8WOpuj2Mo/mDdKAkYp3Pwcf4Sc6V9B9HfE7prq6Lw6WpfBUsGX08ww5v2Pdc6dEoPDR9S8V9RaTyS252y/TLigu9HWu8GQGCp48J4wVP0Act4Q6u2W+5t1vY0u5EjNnD8xuoQZdLSNmmuoRySf5gH3SFBZPQ78FkGN9EOaNhAJaCPQplNXUdWwSUryfVp5CO5pVv7Sm0+zB9WfD6luxkqKFrYpHb6e2fZeR37pivss5kmgdHg7ObsP1X0k5qr7pZ6K5xeFVU7HtPq1Pr1Di+Tz3kPCVahNx4Z4X091XNTyspLjK5zXbMeTwfdejUFy1MadiMcjgrK9Z/DWWgZJXUJ8SnJyWgeaP8A9FlrddbtYpsSl80HdpJyPsuhXfuPnuv8RZRLFq4Nt1t8K7N1zCK22E0lw0nL2HDS73C8AudqvfSl0fbL1SOgljJbk/S8eo+6+i7Bf/FjZVUkmoO+puVaXzp6w9eWp9uvFOHE7sfw6M+oXQrtwec1Xj1/Qj5lpa6enlbNTSOjeDnLXYK9L6Z64pbs1luujRDMG48UnZ5/6rCdffDi/wDQNaX0mqrtzj/LmDsgD0PoqCiuHj4GrS8c+oK0RkpI48lbTLno+hWt8MgAgtIyCOCFKEbJ49JaHFeZdL9bSUsTKO6B0kY2Eg3IC9FpJWPibPDIHxvGWkHlBKLT4NdUtxx9PLA7cZHqiQyEEDlSYpIpPLMUKropGYdTcFMrsbDnUprlEmCpLHAqTPTwXCHRIADyHDkKmZK5hAcdwptNWlpytkLzy2v+n65/6lX5ChlkpCaCtOWn6HlEoqurstWJonnTnsdiFMmp6e8waPpkYNsqsY6SJxoa4cbNcVshNTXJ5XU6Gyh7Zo9f6V6rhucLYZpB4nYlahj8/mvAaaqqbLO2WJ5Lc5BBXqXTPVcVyp2MlI1jYnKllSfRybaGujYAjPKKHZbg4I9FFa7g9iiNORysNlWOGITcHlGG636IjmD7hbotju+Mdj6hZ/pq91Ftm+RrHOMWcDPLSvWnt1YCxPWfSGxuFujy87uaAvGea8NG6DlFH1z6K+sHSo0amWMdMv6KuyRjdX1PVFzQOV5NZL/PARR1Tj5TgE8j2W0oLjK4NLX5C+SeS8fOiWJI/R3i/Jx1cFKJqZDqALThSaG4D/s9QfYEqqpKt0mGvxhdq4na9bOD6LgzpcXyeghdk0J8WB2uFxx7K1oq1k7NLj5gs3Zrqz/stUQQdmkqdLC+lf8ANU7w5uckBZbIDt2S7e50WZD2U6jrGnS1zsehVRR3anq49L24dx+acf5L9UecHtlBDKZHysneqrC6siN3oiW1VOMtLTh2R7plsrpeqKA1U7vBu1ABqLNnD0P7K6parVEAXArOXqnqen7jF1DbWHwmnNSwfib9u/ddHSalwkjHdUrOfZQ/GP4YWf47dCzWmupoor1FG7wZcb6scgr8rut+jrt0R1HVWG70r4ZIHFoJGzj3x9tv1X7AOkicIOorM/WwbvYOy8K/tWfAGi+LXTsnWHS1LE28UrdTogMGZgGzfZw3375Xt/F+TUbFzg8f57w/8mrPtH5txuGRjCmwTHYKumhmoqmSlna5skTixwOxBUiF+CF9Ao1CnhnyTV0uqbgy4hk4ypcbgQAqyKQHHqpcD+Mrox6OZKBNacjPqnNODlRwcp7dk1PAiS9FzQVJaAMrSU1S2WIMdv6rGU79LgVd0VUWAeyfCz0czU1c5C1mIZS0N2PCi6sq2ukDX07KiNuTtndVI2G6uWeyqeYhl1wyENOJGFQwA5owdlH2BJCknk/ZRiBklZboblgbCWx5Nz0zVskpmtYcEBaOOQuaMheedN1ToqkR6tj2W/geHDHqvJ6ynE2fSvDav5qU8kG4wBjy4cO3UOjldS1LJmnGHBW9whLmascKne3Bwdlxb4Lo9Tp7G+T2rpK7uliieZc5AW+p5s4eN8rwnom7mNwpnv3bwvXrZXiWnbvnC8nrqds+D2vjtU5wSkainmwBuFM1kgEHlUlLNq9VZxOyOVy5xwzv1SyTFievaDxWeOeW7tI7LaMGMqn6mon1ducGAEt3RUPbLJWoirI4PNISXMBPOFyZgc3GV2EOhldA4btJBUh7BpC7Fczj2QzwzM3ykZ8s7IyvMuoqAxvE4bu3Y+69kq6cPwC3IWE6jtul0jCzOc4+y9J47U4konifqDQuxZR5fcaYSxF7R5huqiCVwOFoasmGV0T28HCz9wpzBUFzR5X+YL2VU8o+Ra2vZbwarpi7mKTwnkaSFddQUQljbVQt7Z2XntFUOYcNcQfVb/pm5sr4HW+fGoM2J7pWor3dHY8Vq3P/AErGQbfWaQI3d1ruj+ojY68PlJMT9nBZG42+agnL8eQnIIUmCYOYCeVwtVQeu0N7qZ7nXxUl5oPHpyHtkbleT3m2yWuvdgHSXbLYdB9QxyxG2yncDbJU7qywNqIXTNAzjK5Eo7eGd/aro70UfSt48QiF7vM0Y55Xq1hvQip2se7I4Xz+x89BUksJa5hXoHSvUHzjBG54Dm/UCsGpp3dHS0Or2PZI9fe9lQwSxnJO4KurFdW4+SqSA/GNysdaa5rogxzueDlWbpCJI6qLZ7CA73C89qqOT1umv2yNfb6l9lumiTeKY4/P1WhuTGTRNq4NwPqWXpaqnvFK1pOJmNxzup1huUjZXUVQcgbYPcLl2wa4OopKXJaU8rXs2O45yjMznlR6mA08viwjyndEjla9uR+YWVx5yEScA4OFV9TWRl3oyGNHisG3urJrvZGzqGOEyubTEzhuPFKN/wDs9dnPkiL6Z4MU8X7ErRUWOm6+CsgOu3V27Wk5aPVpVl190vE6n/ilNHh4OJAOD7rOWO6xinks1x3il/unP/4buxHounRPPJjsrxweQfHn4ctsVw/2hstORQVTNYa3fSvnDqakY+XxoxuBkr73rqWGst83Tl8YJqaVpEch30+hBXyf8Vvh3UdK18hDM0surwnDghe58H5DMlGx9Hz36m8U51SVS7PGMFdGxTnNIcceqaBlw35X0GuyM4JxPjN1E6JNSDDhdXAey6nCRiemJ6qba6IIchFbvshJZKFWlokiPVjA/dd8E42CBHM+P6SpEVW3OJEz5TRUoSeJC+Xcey6aZykte14y0ZXeN8K/mZs/jVyXBG8Ig/SnBpAwCpAOfwp7WjI2TI3sn8OBFETuzV3wJedAwp7WtxkNCaXFM/lSiwX4+MiGGOb+FdLD3CneGP6V3wWnYtTI6xf1C5+NXpldgLuBkBT/AAIjv4X7rhp4iP7n902OqrkZ5eNnjgiBoK6GAI76J/MTE35Oo/oTFfW+jHPRWRfQzS1E0x+q4KGoPbH5oooZfzQ/PED+JZ+mDDGjvlPDWcJ/yVS3bw859Cix2yodjtlMVsfZFo7W+Isi4YiM0j0/VT22ic8hTIrLgZMYyi+aP7C/4ZfP0U4BLgpDRkDZXkNlaTvHwpsdvpgMGMKfNH9jq/D2v8ngzsML5XYawlT4bbUuwBHhXbIIm4AYNvZSBjAwMK/mNtfhof1spYrFO8/zHBoVhT2SlicC7c91OaSnaj6qOzJrr8Zp4ehQ0dJE3+6BKIxozsdkmZ7IscbnHytyUDk2ba9PCHEEdDTgLuB6qRDQ1Mo2YpVPYwTqmfk+iJTwbIUyl0QWPAxhuUZkNTPgRAgFXNNb4YcaWg/dTBCyP6WAZ9FFLJqr037KmntEj8GY5VpTW6nhAw3dSmxkjhPjj3RZNddMYejsUYbwNkdkOfZEjixz3R2MbyTsOT6IsjlBR5BMj33HCkMhYMB4/dQ669We0Q+NV10bCeA44ysHf/jBE1rqey0gLwceK/cfkEErFERZqq6uz0eprbdbIHVNW/wmN5JKwXU3xepLdE6KxtE8xOA4jOF5leL9dL3L41bVSPPIGdh9gqwQEndA7cnL1XkvkjtrLO79U32/PL6+tkdqOdOcAfkqoMkc7O5PupUNK7Y6dlOgpG7ZAygcmzhWSnPiTyQ6emncR/L2VjBRg4yN1IaAxoACG+obGMnCIU8QXI9sLYht2QZ61jfLsVCq7oSC2F33VRJPJKTlxRRjkzz1UY8RJlfcZXHEZHod1BL3uOpxzlNaC477ozIz25T4wOdbbKUm2OjaTjKkwQl5SghOAS3KnRMEY4WuuoxzuUR0MIa3fZPDhuMJO342QHuPotMK8CZXt8ILM4AZBUcSPedIb+acAZCFKgg04JCcoC3ZgHFTOID3YUqNmMIgAAGBjC6mqOBU57kOHC6kkm4EMSSSSgQkkVJGQS7E0yOGkZykyMykADk4Uud9Ja6UHOZuyXOeEFGOR81RHbYgYiPFc3fPZZ6aeSaQvkfkkrktVJUPL3kklSIaeKBgrKrYD6W9yVklL9jIr0gUTDnLtvuoF0u4ANNT8/iKjXS8TVEzg3LW8Y4VadyT6rLbbHpGquseHvfyc4S2aMkpheGHGOUemoZq94awEA8lIbcmObUAHmlI0jP2VjSUMcAE9UcZ+lqkRMpKCEt0Bx4USqqdfbZDLAvc5Pgky1bOIzlVzpC5xPC43Lu6eBkoEtwaWOWcAOeURsBzqxynsgLiDhS2QYxsnRr9sXOQOKEY3UqOMDjZdZGUdjHAggLTCszWWM4xgOyM1mCDhcaATjhFy0crQo4QlzO4AHCETgnZFcQBuUB50590EpFJbmOcMYw5Bnl0+m6FJU6M59FW1lcCNlituwPrqywlXW6MgEbqirq0v8uU2urSTsVXgl7skrha3yCjLbFnc0ei+TseS57slPY3G+FxoGyMG4AOF56+6U5tvk9Vp6Y1QxEQaccIgaG7roaMYRACeEj5DZCOTisbRb5rhUtjizgEZKh09PJUTsgYMueQF690N0pEGsIgzj6jjkptUdzOv47RS1lmEXvRHSwa+MNZp4/yXrFFRMpYst29FX2W2w0cQLWaSf8AorSSQYAHZdCuOD6Jp6IVQUUuhssmnuN1F1ue72TJn63AAp8TcDJ7pno1dIIz1xuiuOBjOAExZ7qTqGKkjMMTzq7keqiE3WxjFtkfqbqLQ00lI7BOznLJgSyyanZJPdOAlqnmV+5duragpA3Bc0bLXUuTh3XfKxUND5dRGFZR4hACYXsgYSBsFU1t1/DEcrTu2LgyuKJlXdmwZ0Hj91RTVdTVS6y/SD2THiSeQvkOR6JwjaOynyZETWThYCN+6a1hPlajthc44CnUdvMhBe3Ge6oqurd2RaKgmkfhwwOcq8o6FrCDjCkUdCAAOFPbC2MAhE3g21aX2BEIY0eXhBkkDtgj1MowGgKLHEXvBKU7fRsr0+DjYnSOzjKmQQhm5CLTwhjckIukDfKV8mTVGlITA1nA4SfUFg22IVVc7uKVpEbs52H3WekvdU52rUUqUmW5wjxk1bqmWUlp3yoxaSdyo9uuDaqIEjzAYKs6eB0rgQOUt2YNNUPk6BMgLj9OVPpqQ7eXHupVJRDLchXcNu2bgY90mU8nSq0zZUQ0A2AG6tqK1u28RuxVnSW2IjU9vCnMhAwAM4SLLToVabaRaa1xswWjGFYiMnAATHTwUkLpZ3aQ1Vf8Vrrs4U9ogfHGfrkeMDCzzt/RohTgsKu5R28uDm6iOADuVHgp7ldHiesPg0pOpsOfNn39lIorFTU8gnke6aTuZDkforQlpGSs8ptmyqs7SwQU8TWQtDMZ4XJ5cYAam7g4zwloLuQkymbIx2jcuO4TmwlwGVKhpScEgKS2BrQNggc8jj5egs1vp3644G59wpga1jcNaAPQLqS+qLJ/NudjmCDBnOEQAYXcb5SQy45I/wBixhc0N9F1JXFhnNI9Eg0A5ARElUm2Q5gJqemKMsS5pb6Lq4/6SiKBpJp5XEQIk1OTVCCSSSUIMXDwkSAhF3KpvBaWRxJzsVzV7oLpwNgoz5gchInMdTVO6WIEieoAGBjhV087jsAuuLi7OSmhuSFktuwex8Z9NStxO0E4OfuRn81zwe5Ck+GF0RbrFbefQfHeJrrjhoAyHONsKU2MaRsuiMc4T9gOVgttcz02m0kKcJHGsA9knu2wEx79wEmtKxTbbOiooaS7lInCIdICiyOx3QJZCfB2SXT3UZ8meEOd7nEBoXYqeUeZ42RxryZ52fofg8pj3wU48SqlEcY3Lig3W601qpzLK4Fw+loO5KwF2v1ZeXFtS7+W78IK10Ucnn/Jeaq0q2x5kWt/6vkkDqe15aNwZD3+yzwe6TzPOXHkobmZwB2Tg0DkLfGrasnz7Xa6/Wy3WP8A6eh+gJBrQu9kPdx9kyMDmJPoROVzARW5xvyupmcBHA1o4C6kkoQYu4KQ5RDp0qFt4BkNAPr90E8lOcd9jsmAYRFpZGpJJKFj1xzgG4yE3UMFR8nJ3S5ywGlnse55yQEPS7Vkp4ZgghPHphKw5dljQ1dEXsnhnfC6NkcYYK4GAYSJTiRgoLCXE7I+imxPkwcAJRx4IJCeyIc4XSTwAqCUsjgE08JZQy4YQzltCEScrjicJp5XNSTvLOHlDeQGnPdddloyeyE3VK70VSZZzdzlIaAxoSYwAZI3SQovvgScSMcobnDcZ3QiTk7qy4rLE4nJQTyiE4CGeVaeRiwhDc4VvbaZ0f8AMcBuNgVHttGJCZnt2GwBVvgNbgJta/Yi6znCOZ90Gd2OCnEnKBI4OPK0tJGdc8i+vtwhyP2KfrDWnKjOyTsUqbxwGl7Osy5wycqSAAAUKJo77lGCV+PIceXg61uXAeqnQQaMEhMpafH82QfYK3s9oqrzVNpqVu3d3os91uD0nivGucszXL6JHTfTlV1FXtpaZh0gjWcbAL6H6S6Soum6FjGRN1kbuQfh30RFYbc10sbfEIDiSN/uSidWdTxUo+UpnEu3yQubbZk+l+J8XDRxVk195zqTqSOkjdTU0mXnYkf5LHxNknm8eoJcXbgHsokHi11S6aU6sHPOyu6Oimq5WxxD/mPosVk2z0MIZJdrohUyYLchvKvpSI2imhIbtyF2np4bfABgav8AMoTXiMmrm2aOM90GTVGDQpHst1K6QY8Q9zyqGBlTcqo6jq1cn0XaysnuNSGjOnOGtWktlsZRwAPAMh3J9FBw6kpI6SIRx7ep9USWeKEZkeAnSvDASVi77eBUPdDG4jG2xUbwBOe0i3y6TVtQ8GTLQSAB2CqGlziAGndca4l24JJWx6dsfhtbWVcQ827WlInMCtOyXA7p+xiFgmnbu7fcLRtaAAANgk30AwBwnAHO2x7LDqb0kdfTUcZY0j8I5PZSaO36CKipGccNPqplLbY4WfOVbhkD9UzxX10pc1x8PjGFxNRqMnTpqQRpdUP0t+kfsiSytp2gNaCnPMdJD7+nqVBjbLVS4zyVz52ZNkIqI6OOe4TiOIE55PotlaLRFQRBxaC8jlMtFphoYWuLQXEZyrF0mkHAyslluAm8nZJAwKDU18dNG6STtx7rlTPg5wVm6qeS4Vnga/Lxssc5ZDjEjR/MdR3MyVBJpo3Ya0cLTaoqONtPBGM42aECOGC10uI2DIH6lDhfhpmmzqO5z2QDVHJJfViOMySnGO3uu26jqK+X5up2YDloKBT0U10qW4I+XYck+q0zdFOwMY3YKglwMA0jCgXKvZTREZ/mHgLtzukVDHrk3cdmtHJKz8xml11c7sk8DOwHolybYY6d/jYkfu88lSrZbJKxoleSyPP6rtotr6yQVErSIG+v4itPAxrcNaMNHACFLktywcpqVjWNY1oDRxhEnfT0EJnmcAB6lOmnho4jLI4NAXmfV/VUl0e+kpSfAGxcO60RQqU8C6r6yqK+WWgt8pbAdie/5KgoaEPeZJB5mjunW+h0gSyt54BVhGxrdm7JsYLAtSyc042AR6Ole5+dKdDTOcQSNlcUsLGYBABV428hqWDlNTCJoyN1JztjGEXwdIBwgSuDdglzlktg5nYxuq+V2+++VKm82N/3XIrfLK4ae6rJZGZE5/AV7abGdp6jGT9LSFJttrZEQ+ZoOOArUuaFTn6KGsg8LBAAyuTTeEOMps1S31VR4tVcKk09GS5x/RIlMgWtrHPxHHu93ACuun+lTI0V1yB8xyxnorSw9JwUULZqoCSd2+42HstCIi3AAwsV1vpASlgFHCGgBoAA22RmMOeERrBtlv7orYwQCG4/NZJTyBuycYxpaugBuwCMG7bBLBSnJ5FSeRoa0cBOwV0A5TwPVD2DkYAcp2NsruAuq8BAiPRLBRMBIgYVYJuB5K4unlcVBDUkklAxINXVRUcJllcBj1SqaqGlidNK8AAZWBud4quoq11LSHFKNi8nn7LTVU28kO3S81F/qXQQOLaZhw4/1fZNPy9FTnJAwNvdFMVNaqbBwAB+ZKz1bWSVMmojy9guhVVgbDAGrqXVMuouJ9ESmoy9wcBhDjhL3NOOfRbCy2d8UbZZgAXbgei05UUECtNlly2c7D0K0jIgAOMhKOnMbQA3b7on0glJsnktIHhrPyQZCZHlw2XXOMjtuyKyLPJSXnIxLHLG08Oo5I2CLPKIG8BO1MpmFx9Fn6qrfUvJcTyiXIyK3Aa6qkqJSNRwiUNK5zgS1cp4A9wBH5q5hgELAS3KagpPPA1rWU8WXDB7e6qq2rJdhu4Uq5VRLQ0bDuq+CF9RJkHHuij2ByOiidKdbgpjY8DGERsTWNGG4Q3kYJynJ46BeZDZX+GMghQZnOlfkJ8pMrvsuOGnYJkI7inLAEMA47rkjxGMk8boj5WsaXOcBhZO93sVDzS0zvp+ohdDTUSsklFGe26NXZHvl7lqpXRQyYA22VQxpOSQn6Cd87okYDDkrvU6dQOZZapyyPiYXdkQu04AGUPxSSGxHHqpdPDjDnBatmBTsR2GmBbrlbueEZpDRs3ZcLs+Rp45KiXC5QUEB8UgOI2TIVuTEW37eWduVygoYHTSuGw2HqvOrtcqm7SHQ9zQTsMpXa6VNznOHHRnYeyPbbc7Z0pGXcey6FNSORqrZWNqLwKhoWNaDgF2NyrmCl04JGCi0tGyEB5GcfsiSOzhoatPETLXV+xrmlrdLRlMbE6HMszPtlFAwNR2wor6qSud8uPo4yolkbL7TuqWul8ONvl7nhdEMVNsxu6WRTghv6pjhr8xPK1115M1tvpHJNTiNlBu1zp7bT+LNgkg4BKi3rqOKzwGRzxjBAHqV4v1X1lVXaqfHHK7G/B2C6el0zk8nkvN/UFHjYPPMv0Sureupq50kEDi3cgYPZYYtlqZA6Qlx9SjCJ7yCRkqXDCG42Xb0+mwz4x5Pyduvtdlj4B01KG4yFY01OHEbfmiU8AOMhWFPC1hHC6MIKKOOlulgVPSacbJlfcDSgU1MA6Zw2aEq24sicaSj88pGymWi1RULDdboQZ3DLQd8fZXOW1cHV0uhnc0kCs3TxJFzu53G/hnsi3O7OmcYKUDR9LSOAiVlfLcm+DASxnf1I9F2itj4CHPxvxnsszmeho08aI7YlZTWeWoeDNHn3Kt2wU1C0Y8p9EWe4xUzvDhAdgblZ663Roa6aeTGOAlzuXsOUUuSxuFYXR+HEdI/EQsddupKWgDmgh7hkcqivXV89UXUtBKRj6is82GSR/jTkkn1PK51+q+7bARZPHCJc9wrbtKTJKQOeeAiQNhpxqc0EjhR45GN8ox+QXH5ePqwssrmuTM3u7DS1G+GgKM5xPdMwfVdSpWSn2C0Ox67pAYGF1JZiDsBNTk1QgFJJJQg9JJJQMYuhxC4kouCmSY5ScZCkg5GVXA4OVLilBABT65iJRyTG+VOznshsfkYwiNWxYwANc0AcIRGN8I7k3AQNFN4AN3OCu6fddczPCTRgpeATmgpaCigDC6WgItmUVkHgpDlPICCeUiS2vKL7DAjHIXVGBOeUZpHdFGW54Jg7gpYKIMfmuloCMrODmr2TQXZ3XRkEIrQ3GAiU2yjgdjuu6/dcbucAJZCLcyPnsRGTkpIeR6JZA7Kt4OAucJZOULI9EsgDj91amXlhxLjsn6xjGFEMh/pTxNk4wiU8hf5CkA9lzATNbfVLW31RN5AY4w77LhhwMp+QkdleRgHSWnhdEpAxhP8UZxpSDWkZwoQ4upJIRRxcLc905JUH0R3RBc8IgZ9VIIykBhU45DU/2R/EdGchS6erJwMhR5I+O6Boc0kolKUOgWlIuRKJO4SIz3VXBO5rt8qYydvBK0Rsz2KlDaHdG08bIQbjcFHa4HuukYTSk8BKe4SRt8OZrZmej+yf8AJUVaf9znMFQeAdmE/dRtPumuGACDwg2hqxl1R3W/2E+HKC+Mc5GWkKyYeleqmlk2imqsbuA0glUFH1DXUg8F4bPEeWyb7KziprJe/wDsEzKecf8ADPlyfYoXyaI2cEG4dMXvp5/j0bvmoDuC052T7V1C7xmOke+nqYT5Xent7q3obr1T0lM2SWF01MOxOchWD7Z0V1nH/ujGWyrA+jGMn7/+izWVqXDHV2Ti8weDe9DfGq62l4puoA+vptgJQf5jfXPdy9wsPVdl6hgE9orWSuxl0R2H2c1fFtws1+6WcDK4zQg9jqAH3VjYetqihmZPS1b4ZGnZzXYWK3TqPMD2/h/rK3Rv4tXlxZ9lT2+hqZPEYx1FUHfVGcNJQTW1tA9kF0gDWSbRyh2QT77LzHoT41Q12mm6kLnBmNM4xgc/UvX6Wot91p/EoqqGoikG7dtx9lgnXPPKPpWj8rp/IVK2h5/aAhwmaHxkEeoKWnfBQJLbUQSa7RLsMl0Dz5T9k6luEcrjBO0wVA/A/YH7KnE2q3I2aIPGMZBWN6l+HVLc43SUBbFLzg8FbpzMpaCihNwZn1Onr1Mds1k+bqqlu3TVdJD54nRu3b2K1vTXVUde1scjtEzNiNWMr1O8WG2XiExV9Mx+xw7G4/NeM9UfD282SrNfaWufGCXN0+meFthqcdniPKeClp/9Svr9HocclLcITT1MTZGuGC17QQQvDviP8E661Pm6j6Ra6eHVqlpWt3YPUH0Wu6Z6xfJL8pXExyMOnfYgr0m3XGOeMO1g4HbuttWoyeSv0UbuJdnyHbLq9pAecArX9OdZzWapyMvhf9bC7Y+49CvRfid8EKbqIOvXSw8C5bnwcZ8f0avn6Rt1tVVJRXSmdBNC4tex+xaQtqsUlyeZ1FF2lswfS1qraS90rKuheHBwyW53B9FaRS4b4cgwW7br5+6Z6rrrNPHNTTO0tIJaDyvYbF1db+o2ARHwqlrcuYTjV9lFwaq71jEuy4q7e2c+JC4Nd6dioDS+J2hw3HKso5ScBwI+6JNTxSt1uaM+qOM8M1fFu5IlNVmPdWb2091pwx5AkA8ru6p5IXRv2GyNTSFg4wtULjBq/Gw1MHFjHxVFukMNTl8Z9eyn0NTNTStqKSXYbkA8j0U6kMFwjMFSGkgYBPdUFRQXCxVbnxNdJAd8dsLdVdu4Z871/jZ6aTjI9b6e6wimgZDVO8w23O61MNWHgHkFeK2q509U1r4zpPp3BW7sd6LYmxzZd25R2QUkefupceTcskDt0XIc0AgFVFJWNkI0nKsmbtB9Vz7qfWDMpSj+LwYrrPpQZNytsWHcvaP9FSWW8VFODHIMlmxBXqbsbZWG6o6YFI51yoItTXbysA49wvF+Z8JG+LnFH136J+tLqpx0d8v8MurVdYqhjXNkB/zCvYp9bACcry6lmmgiFVRgnT9Tc8rSWHqSOoeIZMskHZ3dfLfKeLnVJuKP0Z4vykNRBKTNTUQEnxItiN8Kwtd2y35eodgjglQoakbZA3QqyHWfHg8rhvhebsqZ34WFzOXx4raE5Ld3sHp6q1t90grIhn6uCCsxbbrok8OpGO2/dSKuKaGU3G3yYH4mjuszjgb8hrYphG7U123cZVk5kddSPp5QHNkaQQsrSVzauESRnc8hWlqurWyeDKfsVFlMje4rLNWusF4dYKrajnJMfbGVctLLbVzUc4zTzfpg8FD6ns8NzovHY3E0fmY4cg9lHsVVFfrW6nqB/vVO3Q7J3yO66entaaZl1Fe6J8gf2zv7OTv5vxK6NtzXAtMlZFF5cAcvwBzv+a+MKckEAnJX7LYpLla57Dc4WSMlBjcHjII/+Ur87/7VX9niq+F3UM3UdlgLrDUk4DG5ELuzcehyf0XvvC+Ucv8ATsPmf1P4PLepq79nhUR754UyJ2MBVkMpIAIUuJ+MHC95RLdHJ83tjjgsGOyEUHKixuwpbJG6cLSzDJckiNwyp0E+AFUtJBByThS4JdBAUhLDEXQyaymm8SlDHOzsq+eLDjj1QqOrIAA4UuYh8ReBuFujyjFjZwQl3J4ymH3XEEp44IuQjjkIJ5RCQhnlZ7FuQaWRRSvp5mSsOMHdeh2aubVQRyZyQMFedkZWh6UrMSmBz+NlxNbp8pyPS+C1MqrFBG4m87MeypKsFryWq8GC0fZQLjTZaJGN74K8vqK8n0bT27WDsNaKeuDztwvYenrqHsYwEebC8JEpjeCOxXo/SdzbhmXHgLia7TboNnp/H6nbJHsFG/JwFaU0mCB6rKWqvL8N15I49wtBA8OAdlebtr9Hr6Lsl2x4LU2oGqncPVApzxupIw4YO4SI/a8mt/esHld6iZDdnBgwHZymsdloV71rbPBkFVEz3ys5Tu1Lo0yzFM510cSwPljBHGVk71D4sr2kZwti5uxCprtStdFqDfNq/VdTTWOuW442v0ythyeN9T24wymVrFm3sFVA6IjzNGQvS+oaJlRE9rW7gLzqpaaaXBbgtO/2XvdBf8tWWfHPqDQrT2uSM+0ugmLSN2lWtDXy000c0Ty0g+qi3KANeJ2DyuCBG/BAyug4bkeXjbPTzU4dnqjZIb3QtLHAyaQT91TtgkgkMLhghVvTV8FJM2KY4HAK1FzgbKG1MY8rwOFy9VQ0e48frY3wUl37I9HUzUU7KiCQtc052K9hs92g6gtjWjBe2MavuvFACDnUtP0Ten224tZK/Ecm25XE1NOOUeq0Oqy1Fll1b0++B5qox5SewWZtd0fb61soyBw4eoXsNZDTXSkLAAQ8c+i8r6isc9BUuOjyk5aRwVzZLPDOnZU6n8qPT+m79BXQxujkGdsjK29BUNlGD3C+f+lr6LdOI5SQMr1mzXlk7GuEgOeCuTrKHjKO743VRshlM3FJUG3Vccrc6HndaappjMwV9IRnSHbFYynnFXAY8gkDLVaWS7Opn/J1b3aSfKSdvsuHfTxk9DTdk19puzauHwKgjUNvzUrwgx+W8LOzxigrBWU+8MmC4DsVoWSCaJkzDs4ZXPlHBvi8h2HvypTSHjZQ4iMYyitJbuCk55CkuA0zY6iJ8MrA5jhggrynqbp+e01jnAZhedUbh/kvVWPxnZQbxbI7rQPpjgP5YT2K0V2ODMtkdx59b6+C6QNoaoaZ2DDSe6zHV1ho7vFLY7xCHNLT4byNwfYq0raWqtVaWSRlkkRyD6hWz4abqy1O8JgFwphnnGsey7el1Djyjn3UqfZ8LfELouv6Qu76erixHKS6Nw4IWTLNsZX2H8QOkoOsbTJa62nDamEENcR5gQvky92ersNwltVewtmh522I9V9I8P5J2QUJdnxr6m8FOmbsrX2srhnjKIgkOa8gbp7TjOy9PCzceAlXKDwx6SYkmYyAPSXCcJA5U2Ih1cXUlCBWTSR40uUqGu1EeKcKEkd0I2u6cHnJcwOhlHldlF0BUMc0kRyx2FOpbkRgTHCXLKOjXq4y7LEjPdOHKZHVwSD60UebjhXls31yjPoIAMJ+kBN0eyIIzscKdjlFZF4bfREZG3PC61jjthFa3BUXA9R4ONiaPp2/JF0A7f6J7GZCM2HOM/qnRyV8f9iP4II+kIjaVmcgKY2mBGeEUUridke5oL4s9IisiDW4DURrCDuNlMbQTuGwCJ/D6j+kI/kb7LWnmyKB2Rmh++M/qpX8PkGMkbqRFb3EDLgFe4v+NMgYcnx77K0Za3YBL2kI0dtgzktCNBLSSkVQjJwANypEdFUOP0K3joqdmCGDIUtjWtGANgmptIJaGL/JlPFbqg9uVJis+rBmP6KxGQeUUDAwrUsjoaSESNFa6ePndSY4I2YDWgY9kRIcohyqj6QRoAA7BPac7JN4XeNymZRaiokhjN0doBxsowfpHmwPuVEr+p7Ba4tVVc4RJ3aHZwq3LJTuhUvuLlobgb4Kc3MZyV5vcfjJb4HOZa6T5jGwc7YH9lj7r111JeHOAqnRMdyG7KpWNdGazyNcfxPYrp150/Z9TKip/ms5asB1B8X6yvkfHaofBYdtQGMrBCCpqX+JO4vJ7kqVDQBu+AFTsb4Obfrp29Pg5UVtdc5HS1cz5HOOTqdlchgyeFLZS7jDQFIihwRthDtb5MM7JWP7iKyDgYOykx0wyCApQja0fShSTRwYDncq0InNQ7OshaMbJSPZCPMdlArbvHCMRvwVVPr5Zz5zkJkY5MV2qjH8S1q7o2MEMfuqmWsnmdnXshPy85KQ27psYGCzUOXYRpJ5PC60eifDA53ZSoKXBBO5WmulyMsrkgEMJGMt/dTYafSBhv7ojI2jBDdkcaQOFtrpwZrLW+ENY1o4HCJkAIerORhNLSTytCgZt27s6X+i41r5CNRThAXEFSo4wMeVMUc9kzhHI4Q1uSFJwNtuEhxwknxjgTJ5Y5dTElCx6SSSgIkk5dxhQhxdAJOAFzIRIMNf4hOA0ZQyltCSJuuG2UxmmAMjh5W+nuqMvluFV599XARHPmuNQXvPkH6AI0s1JQRGRoBdwB3JSLJZGJeh1RDQW2LXOAZP6VmLlcn1j8AkBp2AOwT6qqlqpTJK478KC8hh1Y5WScsmmusY4EkEuXAzV9JyUaKkmrJWxxsJHdXVHbqK0MdV1Tg534WDklZJrkcnt4RDtthklkE9Y0MjaM5PopFbWQ02qmoAGsKi113nqZDglrDwFADiSXE7lBKRT5Hulc85c7dN5zuu/Zda05BwrUWyNqKwdbGTwEeKI5zhOjZkZKkxtAK0QhgCczsceMbKQwDZNa3vhGZgYJWmMDPOY5kfchHa0Y4XG6QF3ITYvaZpNyG5CYSey7qCG9waN98oXYSMcj3uA31DZRKipACbUT4VTV1IA3JWG+5I1007mPq6wAHjj1VLVVury5CHXVZc7AKgAOLgSSvO67Wc7YM7mj0afLDFznuynBpxwkxuUQNGOFwbZ73lnf09KrXAhypA8wQQMoqXjJ0YI7p91JiyHAYJJ7BBaDnK2nRnS0lzrIppm6W9ge6qMcs6Ok00r5qMUWfQfSdRWStqJ4ANXG24C93sllgt1O1rGAY9lE6dskFtp2fyQCAr5rgNsLbVHB9E8fpIaWG1LkKDgKPLOTsuSzgeX1QGuwcrTE6cUFY0ucMqUACBuozHAbYTZ52QRmR78YTGBZLauQV4ucVup3FzhqcDhYGad9wqjJ+HtlHvFwlu1YS3UI27AHupFDQBmHFoCOETj6m5yltDUNIA0EtCPO6OBm+AnlzYY8NCpq2rMpLWuWpLCMTGVtzc92iE8qHGxxcHEc5SazLgfXupDCB24RqQhvLE1vsixROedhldZG55wArehoS1up2MlRySGwrcmBpbc4kFwx3VvDTtYBldiYGjA7IrWElLlakbqdOuzrRjjfC5UTaAByiEhjclQ5C6U+iVK7PRuhThDHOdK4ZClQxhoDsbpUsIG7mp9RI2MAAcpLk2F+AZpDQSSNlT3W9NgBiiGrOxIKiXa7Hemp3kn8RyqJ+t5xqKnIm62S/E7K+SeVz3uJzx7JRxEuwP/mo0ERdy3K0Vj6bke9tVOzy52B5Qzs2iqKJ6meEAsltlIAI0533Wxt1u0EZBGytKKyQs0OZG0bDlXkNG2EA6W8eiyztPUaXR/BFRZXUVqiOC4cbqzbSsjAwEUMDeG4Vfc+obdaj4cry6bswJUptnRgoQXJMBZGDlwAaMlVlX1HFFJ8vQtfLMOQ0ZAUJrr11FJr8MUlPyRjBKvbdaaKgAMMI14wXFZ5SZoUVPoraG119dVirusmuPkQ9vzWkip4YRiGMM9gmxYaScKQ05CRKzBpqqBn7pvmJxlF8LfOFIZCAAcJTswaoVgo6ckqVFCG4JC6GhgACeS1m7jgFIsmP2hAMDA7J6EKiPGG7lJrp+fpS3YQ+bEkxJfXT+auR6SSShYxPXMhNVdDhJJLmpvqqIdSQkleCCSSSTABiSSWQoQauZHqk5zQNjyhF2/KX8nOC8D1wkY5CYXAKK6VreCqc0gsB5HkHIOyjS1A04Q5ajsVDke4nYpE7sHY0HiL9Y00uAzpslDBcXcrgDjtyitjPcLHZefQvHfT0dNjC5EACMomB6LoaQMEJywW3M9np9H8aWBnCdsm5Cbk+qyTscjp1wUfQ9NBJ7ricd0iUjUkjujj3TcY7pZxuTwoVTXsYSM4wgjFthzsjCOWGqJjH+aguqDIdLRwmtNRWzafwjkqS9lJQwmaY6WN5KdCvJzr9W0tz4Q2GIkh724Cp+oeqYbdC+nppA6Q8BVF76wqJmmmoHaYhkAlZnUXnU7zH1K11Us8d5Pz6lmqh/5CT1M9XK6epkLnO5yghmOCi53wurVCG08hba28vk4G4GF3GE9JPyKcmxi5pGc43TsFLBVAnV1JJQgxJPXDwoQah6neqTiCSULIKJIh1NwU5sbjvhSAxujhWXJ44I6Y7hE2DkMnV3QTljgifOQRBzynBq7p3RBHtzhCl7Yxy/Q3ASwEkkQPY9NfwulwTM61AgR1F3GyK1obykQGkJHzAEKEOrhxykXDhAcM5GeUMpbS0simlxsAhZLu645ueTlcdvss0pZGndWclDc8k7bLgB9U5uRvhCGko8sawSSHDjsjtYIx6rjQCAAMJpznlE1gF8jjumvI0kZXTwfsgknPKsiQiTuAVxJcJB7oW/Q2A1+/CkUNN4soznAPKFT08k8oYwfcq8gp44I9LRv3KdXDPIq2WB4a1uzcAD0Xcj1QSSTjcJj3YzunuODO1ns7LMGbAZQWtLt0w5c5E4arbIljkDJqBwEowcAYXfxIzWjHCTuCGt3UykiDn5cONwhQU8ksga0fcq3pqXWQ0N3WW23B2fHaJzasmh9FRTV0zYIW5ztle+/DPoGC1Ujayphb4jgCM8/dVfwz+HzImMuNfANQAc1rhx7lehX++0nT1CMDcjAwVz7rWfUfG+OUYK6ffohdXdSttFOKKnIa5zcuIO+PReZfNPutY4nIHumXCvqr1WucXudqd3PAU+2Wx8j2w07N8+Zyxznlnoqotsn0VBrc2ngZ9ytXbqNlBBpDRqPJ9Vy2W+CnjDQMuHJKlSODcYCS2b644BSu8V+p48reypLtVzVEngQ8DsOAp1wrhE0wxHLztn0T7PaXvPzEw990tyyzUsYCWWztpmipqAHSEZAPZW54JXNIbtlUfUF+ZRQuijdueSrzwU3grupb8wZpaZ5JGQSFkm5JPcn912SR0ry9xyXHK0HTXT5rZRPUDS0bgFU54Fpb2SumOmS8tuFezy8sYf81rHNGPQBEGmFoYBsBgBCEmXHblYbrUdPT0RSG6t+Mq3oKFkMfzlXgAbtaUrXai4ipnYNI3AKBX1E1wqfk6Z+GjY47Liaq/MsHSqrwKWpluk3hsy2Jpxt3U807KKn1MwSAnU9PDb4MuxsOVDmnfO85dpaeAuVbPczZCOAGt9VJl3fYBaOx2oU+JqhmTyAR3QbBaWvd81MzbPlBWkLQRj0We18DDoeCCOFDqqoU7SSQU6okETC4nZUdwrW1A8KI7g7rI232FFZG11fNMDHFtnkhHttJFTxfMSN1PO/wBkGGIYBI4C7IXOwwnydwhGJD5JXTSapMaRwAdgnwQPuM7YI8tjafM4d0COMyPbEwbuOFp6GjZRQgEeY7lUFJ4JFPDFTRCKJoaGj9VDut0io2Zfu4fhXblcGUsWtx37LMOdNW1QqJnZUZIrPI7+bVzGurXbcsb2aFYW62y3CQSSNLYGHYHuu0tv8eVpk2Y3fHqr+GPSABsPZKaDY+OFrGiOMANbsAF2pniooPFlkDceqVTVQ0MXiykAemV5t1N1NLd5zBTuIhbkE9irUci5SwP6r6qqLrIaKklLYWnDnA/V7Kjp6bODjASgp9xkKc1mkYAWiCwJ/Icd2gAYwEajgcTrf+QTGNypkewARt4GxjgkQsAIGOFbUlLjE8rPsE6124taJ6hux3aE+sqQD4bOAkTnnoMZVzho0sCrnOO7j90WR/5rsY3yhKOQUzZmiR447Kzp2BuABwgMaGtwG4XfmACAFcngtliJvDbjIP5qNUVpaDkbKJUVJA8nJ4VjYOmq68zCe4OdDA3gZxqSLJ7VyU3gjUtJcL5OKelaWxOPmkxwFvLJ05SWaBjIw18vLnkd1MoqCGhiEUEbWtG2QNypLWkbrDbZkTKQ8AgbhOwPRdGcDIRNB9MLHOWexcp5E0dgiAd1xu53RQBhJeci94gPVLAXUkeCx2keiSSShQkkklAxq4eF1cPCjKbyDPK4unlczhAWJDmkbGwucQG9z2Ce4jByey8/6l6hlutcLHapD4YyJZAeT7JtccsMjdQ3eo6hrv4fb3ObTxnEjx+L2ClQw0tqpNyAW8Ad06hoae3QYbjIHmcqu4VTquQ9mt2AXSrhgNLJDrq2WtmLnO8vYKPFE6Q4I5TnMw/7rVdP2EuAqahgA7ArRnCGtY6HdP2IRxNnqmgnlowtGGNaRgYwu6A3YcBdSpSygkhwAxwok82s6GHYd12qqTnw4+/JTYo9g4j80tvLGJY7HQx43IRc4bkBNaR9gq68V5ij8GJ27uUyMf2EsyYK5XIO/kROyRyolNE6U8cqNDG6STA3zyr630wY0EtCNLIxvahUlK2I63tBITLjcGwgRx7qTPKxgwBjZUEglqpj91ZaWRB0tZLgf/MVrBTthYPLulTUkdOwYG+Nyu1LwAAFCA5nb8hRHPJ2XXv1HlMWiuOexfCEAhzPDRk4x909xABycbLHdRX5pcaeneTyCQuhpaHZJGW+2Ncct8jeob42cuo6Y8bOcD+yoYwd0xmZD7nlSo2hgyQvSUaaNK4OJbbK6W5nWkDlca4SbAJjnCRwaFNpqaOI5A3WtRyLb4OU9Lg6i3ClE7AALuoNGwUavrYaKLxJPfATIQ3PBnss2jayuhoIXSyv37DuSsFc7nNdJ3APOkFNut2qLjO5rXHBOPsErfSaSMt3K21VKJhuvdjwh1DQ6z5gr+ko2sAc4ccBcoqUNAOkKZKAMNCfjApLPYwn8ICXhgAErgAYNRVdV1TqiT5WnOfUqJuRTewdWVPiHwITtnDj6p0YZGwNa3zHkrghEAHl8yeIiQHH6jyVqqrcmZLL88HHtz5is11F1XS2eJzdQdjOd8JdVdVU1qpnxslGoAg4P7Lw/qC9y3p7tTnYzkbrs6XS5PE/UX1HXoa3XW/vCdS9V1l8mdpcWNJIG+wHsqiCEggkLkdOTjbj3VhBEONK7mn020+Na/X3aqfyXPLORQA8tU2GkGcgJ9LSlxGysqalAwXtyFvUFBZOXulY8JAIKMbHCFXTDV8pbWh83BOUavr425o6IZednEJ1BQto486Q+ok33S52ekei8d49tbphbVaoLNGa64FskrtwOTn0TyK251JdLGGRj6QfRS4LXJNpkqXcbgc4UmSanijwXAELPO09DTSq1hAm0lPSgPBGyhVt1aWFkI3GxKbV1wdkA7AbrDdQ9XUsINPSOLn75IWW6+MIuTCsjtjktrpfaK1QulqZBk5wAdyV59d7xV3dxxJoa781CrZqi4S+LM/I7A9lyLDW4IXInq3YYLLGzjI/BwSAT6pPye6e5ue64OClKW4zOeeAWo+qdnKa76injlXnJBmCE5EkaABgIbUCBGjlEHCakOVa4IPTEdn0hDUIMTEZc0FTGSAxyjM+kII5RmfSEPoM54fuuFmBnKNo9k0jHdTJbWCOdl1pOQF07Lh4RLjoXjJMppNOMqUHalUxPOrCnQyAjdaap5FWRJI5RBwhjlPAyE3GRMo5GFuUxGz7Jh5Qyjgro4kknNQx5IzhGEIg8qRnOyEQCOFJRIngAug4SPK4kpY6GKXoK1/bKOx+RhQQ4g4RQ8YRxZJRzyiU4tx5e6Y3J2JXIychEkbsmJIW00diAHJTlHZkOG6OCCOUSwRMWB6ocrDsRunYPquvAOMnCigmRAgzHdcRgzHdIxnnKkoYKbwR8j0XdPunEOBxhLwj6qsEFpICZk+qJp907wgRypgg3xCueMf6V3wTnK54eFMkEJST9KeHN9Ui0BuAEMxkbqN4IF1N9Usj1UfDgU5ry3gZQ7y8BElwOBCcBkZBUyUEJGEPBXA45TwW43R5J2JDe0coiSjJ0RS0g7DCQe8bdlIyPRM0tIIwrWVygsZ7HxVJaQHYVhHMHgbKlewghGhqXRkH07JkLpJ4YLhktiELHIyhxVbXbeqeM8laoyU0L2sYRpI2yuaWHLgA13qFIjbqO7cpSQ8OiYfdDJEUmidbOqq+hxDcdVZTnZzXnOB7K5bbbPfx8zYqn5efkxvdpIPssuG4A1s3Q2MqIZvGoi5rs52OEjGXg0Qnjg2kF3vNlPyd8pTVU3B1jVt7FBuXS1ovTPnOn5BFnfwjtugUXWcdZTi39RQl2BpbK0cfdT2ULMfM2erDm84af8wo6+Mjk0zJR1FfaJ3Uk7nNIOPN2XoPRvxLvFge11PVv05GWF2yrS+nubflLtTsc7gOIwf1WduNrqbNUeXL4HHLH+iy21b+DoaPU26Oe+qWGfWXRXxPtvUminLmw1gGdzs72W0nhobngzs0TAfWP+q+ILddauilbPTzPY4HIcDgr2HoT43T0umjv+ueEABr8+ZvvnusU6NvR9F8V9URvxXqcZ/Z700zUOmKpIew7NeP9UQODzkKLZ75RXmjjqKaRk0EzctPI+33RpKJzHeJTyHHOnOyzyjjs9pXZ8i3R6CSNOPVRJotTdJbkKWyQgYcN1zIdkaeVW0a47liR5p1b8NKa5udV2fTT1A8xP8AUfdYKg6kuPSde63XmGQuYS0/b1C+gpYhnYLP9S9JW7qWn+Xro8DGzmjf9U2u1xZ5ryngIz/1dPxIrLJfqa50sb45g9rhs4HcexVR8QPht0715RMbLE2mrYh/Kna3k+/qshWWi89A17mUzJJaTORknBH/AFWv6U6xpbsTAXaXgbsf/ouhTfuPF6nS781XRxL+580dT9MX/ou4mjukTWszhksbiWu+/oiWi9z00sdRBKWSRnIIOF9SdR9O2vqa3yW65wB8cn4gNwfVfOPWXw5u/RlfIGRunoicxygcD0K6EbE0eS1/jrNPL5II9G6U66p7k1sFynayQ7Nd6n3W1il8QADg8FfMkFVLE7LHFrgexXpXSfxFMdPHR3Il2nYP74VvnorR6/c1XYeqPgBGohAEOjjuuW+4xVkLZY3h7HjIIU1mknhCpNM7ca1LoijWwghxBCsaWv8AEcKerLXNcMDIUOeMEhD0+60QuZz9d4yGqhhka82GooHOuVrlOgnLmt7K46V6kimLYKp2mQYG6ZQ1xpnFsg8SN2xB9FDvvTjWt/idsJ0u8xDTu0roVX7uGfNPJeInp24y6/Z6ZDVnSJIpCPsVobbdPHj0OILmrx/pTq06m0FwOHN2a491vQ7DPnKE5afqbndaJwUjyllUoycWbMT6+E4tbIwse0OBGCCqOz3GKZgDnnPGD2Ku2v8AZZbaPQhTdT3R7Mle+npbc91wt3mjJ/mRY4Cpn0zqtvj0LMSs3IBxheiTNLsLP3GwSU8huFucRjd8YGx914rzHh9ybrPsv0d9X2KUdPqHhkSwdRn/ALFW5ErdgStRBU+MME4ysfJQRXEGogHh1DeQO5R7ReZKSX5OtyH8BxXy/wAn43bJuB9/8b5aNkUm8mkrqd0oyARjghFtF4dE/wCTq/sCeCEqWr+YOiQjOMhDuFubK3OdJHBHYrzFtSR6ONmVwWxnNrnFfTkGAj+YwK3fGyrpW3a2+ZrvqaCsPTXZ9G9tBcQSCcNeeCFPtt5d03X6ZJNduqXZx2wUlQGQa6N/ZLl8w3wJDnHYqj6lo6jp+5R3+2OLGSOAlaOD9wiVGIZm1dGSGPAewg7EFXtPNDdaExVEbZGuGHAp0colkeAIfDdKGO5U4AeQC7T6qBfbBZ+t7FP0/wBQUkdRFMwx+cZVfDLN01ePk9ZNJMdg7gZV68eFMJGHyu3C3abVTpmpIwX0KXJ+Y3x/+Bl4+DfV07DG6Wz1Ti6ln7NPOn9P8l5lG8ggYwv1q+IPQHTvxU6XqulOo4y+OoYfCeDgxu7HK/Mz4qfCfqP4X9T1FmvMZexhzFO1uGSMJOHBfSPC+WjbiEmfLPqPwNkLHbUjKROJAUlhJPKhRZG3KkxnuV7NdHgbK8dkoHLclFYSHKMOEX6TnlUZ5xyWNPOQRlW0EniR4yqCJ2MKyo6jTgFaK5ZWDBdW/QeZuk4CEjy4e4u04yop5VzTyBBD8lJJJA+g0cTqGsfRVbJM+UnBTTuMIBZvgrHfBTi4mii2VU1OL6PVLbWtqaRjwc7KU8B+xWP6Rue3ysjvYLXg6jwvJ6qvZLafSfHayOoqViKOtpjBM7A2O4Vr01Xujl8MuxjZMuMHix6wMkKrpZzSzeJ6LkaiOY7T0+j1Gzk9msdfmRpLuwWzoKzLQM52XlXT1xD2xvyd2hbSgrwcZd2Xm9TRjg9dotVuimzc01UNtwpzJMgLMUdUDgElXlLJkBcycdrO7XPcgXUVI2rt726cloJC82gBbIW+5C9XcBIwtcMgrzi+0Rt9zfhuGPOQm02AXR5yDcw7YUOraPDyRkBTIiD3QqqLVjHddCuw590NywYu80OiQlrctcMj7LzTqKixM57WYXsV0gOppLdsYwvP+oqFrzIGs+nfC9d4zVbYqJ8++oPHRtTbPPhocwwyjI7Kqq4XU8mwy08FW9bCYpiMY/NAn0TUwiI8w7r1dElI+VaqrZJxIUMpwD6cL0Hpa/U1dSi21TsSAYBJ5XnOkxnSdsKZb6t1HUNnYeDlTU1744QXjtZ/EuW5/aegVdFJSSbjyZ2K5G7G7diFY000V6tTcEanN591Ww4hkMMm2Dj8153UVuLwz6Dpbo5Uk+Geh9BX01Bdb6yTLgPISrnqGyC4MdGMNPIcV5nTzy2+rirIyRpO+F6lYLxFeaXS4gyNC490MPg9RpdR86+KbPKbtbKm21L2SsILTsfVX3RXUUrZX0suTpAI3Wh6rsRr4y6IDxGD9QvM5o6u1Vnixktc07rJOKtW1lJz0VinHo+hLPeG+Q+oWg8SGsjL2fUBleNdJ9URVkYhlk0v+/BXpVmujMtB5xhw9fdcfVaRxe1HqdFr4XRTibS21hnoTTuOdPGSrq0XJsY+UnOAdmuKx8dR8tK2pj3hds/B4VrK7/d/mI9wBkYXGtowd6m7fwbAyGJ4zuDwVIZLrAKp7Ddae7U4p5XBsjRjdTWSPoZvAqM6XHyu7LDKGDXnJYtd7IgODnCCxwIyE8Pz2S+UC1kz/V/T5usPzVMB4se5HqF51BLU2isEsLixzXev7Fez4B3PAWG626Wc3NztrNTM6nsHIWqq2S4ZnnDCM91HbmV8MfUVq/mNmbqljA3ae68W+L3w0Z1hZX3a0tbHcaYZGBgytPLc/kvZLVc32yoGkAsk8sjTwQo92o/4NXu0jVSTedruwaeB/wDL6L03jtdKlpr0cLyGijqanTLpnwW1mHlj2lrgSCDyD6Jsv8vsvdfjv8KBBOetelqUfLSguqomfg/xY75z+y8TZGyobsQHN5B5C+jeP18dRFNHxjyvh5U3Op9+v7kUHPbC6nPjfG4tI4TcEcrv15ksnkbIOqTjLsacnslgoiSYJ3DUk/BSwUorKOJImClgqBA0sD0RMFLBQyjkmRjCWHIO6lRXOpiwA7OEDBXNJQ7Bsb7IPKZcQXPVjx8KxiuFMWjf91mRxgpaizGN1HW/Rvp8g4/ma2Krp38ORmuaSC1ZJlXNF9CkRXaeN2rB/VUoPJ0IeTrZrGHKlRnIG3CycXUMjDksJUmPqcj/AIRTMPBoj5Cl8Nmrj4ClsHdZKLqlu2WHClx9XUwwdTsqYZphrKV7NUNWRyjRZPOVlG9aUuMb5RR1rS85KYa1ran7Na1mRujMbjG+Fj29cUg2yUVvXVIBq3P5o92PRf8ALr/Zs28bLu/osb/7QaUD6SV3/wBoVKBnw3fqiUy/5tKXLNq0HdFaCc4BWDPxFZ/wYnKO74h1ecQRnJ90amB/xCj9npOl3oiccrzE9d3dwOlmM+6h1HU/UVQ7AqMA+hKveLl5KqP48nrZLeScBRZrxaqX/tNdGwjsSvKjcbzKMur5s+zyohgqJXa5ZHPJ7uOUSkZ5eVk+Ixwen1XXlho9mTOlP+AZVDX/ABTqnNdHQUQI7OespFTjGC0Z9URlE0HICvc3wzNPV22+8D67qnqm7amPnLGO7MOFAba31HnqpC4n1OVaxwZ2CM+IYGyrDbM890vyeSrjtVPHjDQpTKRgA0tAwj6D7/ontIZu44TlHIiUlHsAKZrMDSiiLbYYQp66kjAGvBUGovkYOmJ26pJCLL64ey10tj3IQZblTQjzEKinulRLw/lQnSPlOXOKZkxWauX9JeVN+j04i5KrH1s02dTtioun3TmgkFEk8mK66cu2Okw/BPZca09k+OBzzuFNp6TB1FaYV5MkpeyOyBzzsM5UynoCDqkAz6qRHE1o2Cf9K011YYiU2+BrIms4CeCG4Tc5RA0laYxwLlli1eyQ1OIxwuhicBhaIx/YLeFyIMRWR4XWM1bBOAwmYwJb5EABwjjlC0O9EUA5RpAhBwurg4XU0gkkxJQg9JJcc4NGXHAQA4yEaMd0OWZv0hRZ6o50xvTYGue7JKGUsDYIO2RznIzh40Xh8BcjiwOE2aeKKMlx3CVKWCnHISSeCjpsAAHgAckqhqqkudrdv+adV1niHONlXvf4iy2WJmmuGBslRqdsFIo6GaskGkaW93FMp6cOIL+B3UioryxroKd2lv7pEuFljuiRJcaSgYIaN2pw2c7HJVZUVslS4lxJ+5Qy0nBzufZNIz3WWUsjEsLLOZJ7J7GFPjbpO+6LgEDAwrjFyAc8cDQxPY0ZAXWsJ2CK2PcHGFojFIVKQRjRgAKQ1nBQ2sOOEdkZOE+Mc8iZSyxwAAXdPsntjJHCdhNEykcDiNkiXHbK5nfKdhDJ4JnAM55yo08pA3/zRppNlTV9XpB2zn3WK69IfTU59CqqzAOSFRV9YXZa0grlVX6jgKtLy9xyVw9brU1tidjSabkc6QyOyUZoJAOEJoyeFJaBpC4Fk8nodPTtHM+yOBhBapAGVnZ0YROAEnARo4jnOOUo2bgkKytdDJX1TIomq0s8G6ij5HtXZL6esFVc62INhJjDtz6r37prpunt0DB4TS8AHOOFV9C9Ifw6mZLUtaZCAQP6Qt7GxrWgBoGFpqrxye+8T49aWClLsJDszB7Jkk54ATZX+GDjbZRI5TMTjstGMHcwkGc5z3BHb5WhAYNPIRM6sI0ww+zQTlZm+3Qyn5WB+OclWV5rPlKU6T5n7BZaFr5pS8nJ7lGYNVZxhBqGkGrW8b9lZnTHFgDhCjYI2cYKiXCs/lGNuxK0ReDnTklyRbpWvc0xRSAZ5wq6MufzuUzDnO05JU2npjsSmbzNLMuhrWkqTDTuceOUVlKHHjGFa0dO1uMt4QuxIZXRKXQKiozrbqbsFaaBGMBvKblrMANRcl+DhLlbk6VOm28sbGCSDhGAw0nCdHCANwmzOzhoCzym2boVJIDI4vOAiQ05yHELkMJJ1EbI80zKdm/5BUW2l0clcyCPJKzV0vQ3hiPm4z6LtzukkrnRRP3PJ9FVxUjpHAq3LaZbZgWtc859eSptNAXuGBlTKG1PnxoYXDvgLadO9INL21MjAPYhLnZtGU6SWoZX9O9KanCpqBloGQ3C3tttDYmiWQN48rfRSYKVkLQxrQA3hHdKIxlxwEmUnI9DpqIaeGEN8JrTkNwh1twprdAZp5gzSM7lUN861o6NxpqJxmmOwYO6ztNbrtfagvu7sQncMys9j6G/JGX2x7LGt6tuN9PytkaSzOC//VWFo6Vpo5G1lxmfUz8kOOwKk26201vYI6aFrBjGQFbQZ28qFM1Qoy8yDRgAAN4CkN0jdxwhMCfGxzj6JMp4N9dWOgjHNd5WnJKktbjdDZGG9kb7DKyylk1RrH4HoiNxuScKHPWtpxgtJk/pCUENbWNEk2I4zw0/Ulzz6GrgI+uZrMUI1P7I8VJLLg1Dtj6HhFpqOGA6w3LvVSctCRPIQxsDGABreE5LITXVEMYzLI1g9ScISHzMkkkvsR/NISSakoNG63eqTPqC4uZCgZIHCjEnKdk8ZSUIMSSSUIJI7JZwuEjChBpOOyYXnC454GUF07cbIXJE7OySEFCll+36oUswJUWWRJkzVp9LZqJbYIO+oPA4UaSQnYFcGSN0mRHOT2Wey3HB7bxH0zukpXHAHE5x+6e2PgYRmxH0RGs0n6c4WSdp7/R+LhRHakMbF30/ujtY0AJbNHHCa54x7rNOZ26qYwXB0luMadvugufnK4+UboBcSSA391ns5NEVgeSeyWMrrIy7sitiwM44SR0VhZGtblMfKGcplRUshaTnfgD1KriaitODuFca2+Rc7tvQ6uuOr+VD9iQmUdvdKBJNkHkBSYKGGn/myDcb79lRdQ9ZMo4zDbPNLxqHZOjUcjW+QhVHdYy2ud1pLFSOkmI3BDWg7krAXi+1t4OmSQshHDGlVz6urrpDNWSukJOfMeE9rMHlaKqscng/I+at1L2R/EE1rsgFGa3A4RAzbOEQAAHAWuMDhgkkjzskm7EQSSSSsgTQ30XMMSJz2XFAXLAkklzIUKOIcpwEnSY2UV8hedkpBjic7J0MTwdXZdhizgkbBH1Na37K2yHQGgcIT3jBG36rr5ACchRw52TgZ/NRBRjk495J2CaGnuURkedyn6SCMBB0ToZod6Ii6NxuF08Ks5LI6ROER7w045QsOe7OEWSDfMSEQDQAMLoAAXcZUCGHfdccRhIkboJzk7oZS2hJZGveQUzIdyUicoLncgFJlLCHRiPLhgoIeScYXNy5GjZjfTn80p/cV0Jre6IGgDBXQ4AYAQycqEbcgiauFwBwShoyYyEJGDuEA8pZPqmIW8FpCXBqds3lOAJ4U2jo92yOCOEcvIU5bES6Gl8KEE/U7dSQME7rrSNO2yE5w0la0kkY5S3Mc8ho5UJ7tRwHBcqJXasDumxsdscfuhYXQWHkLs2cjC4NksZVt4QWAQGCFLpoy44TIofEKs6WnAGABnCxXW4OlpNEptTkFo4wzIxztheo/Dboc19UK2rjBaCC1rh2VN0B0bNd61skkOoNwd+B7r3iGkounbc1oa1paN8dyufZZln07w3jMVKyxEmtraCwUG5a0MGMd3H0Xj/Ut7kvNc+TW4MycNzspnVl/qbnVmLxctzsB2CidP2R9yqQ98ZLWn0WC23Lwj1NNbfC6C2a0y1QjZTsILt3OPYLeW23xU0Qijbv3d6o1DSQUkQjhjDdsEqUA2JuSOfdKydKqrAwt8IY7lV9dW/LsJ7lGqasNJ7Y5UKgo5bvXeI5uYoylSlk0Rikglnt3zkhqZgdIPBWhJaxgZH9ITXFkYEELcHGNlHrqyK30w8Q5cM/qgKkyPdbjDb4fFlcONgvO7pXvuFQXgYZnICl3W6SVc7i45aM4yo1uoJLnP4UYxvuUTB5m8IPYLRLdqsMYPIwguK9EipoLfE2NgGQOU222+ls1G2CBgDseZ3clDmeZpNuyyXWqPBvo077CPeZHABTrXQfMTDVs1u590Kgo/F3wryZ8dFRjwmaS0c+pXK1Oo4wdGqvaRb1XPiay30hw9+xxyAi0NHHRQA4zI7dxPKDbaMHNbPl0jzkE9lKqXYIC4tk22b644I9a8yYYOMqRarf4tSzxAQBvsUKlo31c4A4G5K00NOyLGloBws83gdJY6DtjDG6WNw1NdKGNx6J2sAYwqm5VmC6AbFZ23ItIZc7hGWGFh1OPoq+lgJ87guRQ+I/JGVLw1jcAIAxr3aMAIT35w3HKc45z9lPslB4pdUyZwDge6FstPBY2e2CnZ8xOAZHDYegUi41cVHD4kh7bD1SqKqKihMkrsAcD1WaqKua41BlkJ08NHolSlktcgHzVNfOZZOD9I9ArKho3AgluNtkSjt5bguAz2VtBTgY24Qt4CXA6ipwwZ0otXVQ0MLpJXY0jIB2ymVdbT2ymdPO8ANGQPVeadQdR1N6qHeHK5rOAijDcVOSQXqTqOousng0zz4eSHEcY9Aq6mgJGSFyCAEAlTomtaANKdGGBDeTkUekYT2+bbCIMHYDCmUtGT5sZRtqKDgsgoaVzxkDdXtlszyRVVDPLy1pStlD478NAAbySp1XUmnxHG7I7pMm58IaKuqw0GNh9tlUyyZOTvldqaoHcjJUF0+rIwqVftlEkuz3Uin+oFRIGl3mJXKuuEOaeF2c8lXjBZJqrgWP8OA59SmQzPl8rG6pOzR3QbRQ1N0nbBTxlxdtn0XpXT/SNNamNnnDJKj1HZZ7bVHhFSeCp6c6TLmNuF4ack5bF3Wwgpw0AN2A4CLoJ3T2RkEey51trl2JlPI5jQ3G6MyM51LrYyBuUdjA0BZJyYlzGho224T8AhFLGkbbLnh+6zOTYLyDAOUQcJYCKBjYI+iAkkkkwgkkklCCSSSUDGrmR6pEjhDJOeVTZB5GO6E7LjtsnOBPdZHrLq4WqH+G252utncGgN/DlSK3MJLJC606okMwsNhcX1LziWRp2YPRAtVqgtkGp5DpSMvefXuudP2IW6J1ZVkSVk/mkefVcudUx+YIX7jkhb6a+chJZIldcXTkxR7MG2fVQjsnFoVhZLY64VIc6MuiacH3K242o0QiSLDZjO9tVVR+UbtaVsIw1jQxrcAIUULIWhjRgN4RWpcpZYw6o1RO0HAKdWVcdLHqfvngKDSh9QTM7jtlCGkkHjjDiCW8oruy6NsBBnna1uXcBRcsjy2DrKqOli8R7vsPVZwvkq5y8nZxyn3CqfVznGzBsApVrpNQ1ub+ZTUHF4JNvow1wkcFZmQRgYCYyIRtAAwoNwq/CeY8KyNZB1dcHv0N+yfRU4EniOCi0VK58he5uQD3VnhrG44UCHTuDG7dgq6aYvdhPqZy4ljDt3KBhMhHLKbwhac745XSANy4Lp2as11DfGUcToWygOIycFdHTaf5ZbUZbLY1puRE6n6jyTQUD9xs94/yCypGo7ndLWZHF53LjlEjb+Ir0ek0nwrD7OBqL3dLIWJmBuMfmk9xmf4TOO5XHvJcIwNyplHS485C6KgI384HUtLHH5y3c+qkluAuOHYbINTVR0sZe/8AREotlSfGRVNbFSxOllOAP3WHvN3muczmNeWsHZGu13mrJHMY7DVDhgLnAgLVVWc6+bbwMpqPLg4hX9vpWhgk0+wQqOlGNwrNrQ1ukDC0C4xGgBmzd8pzmHGopMbk7lBrKnQQ1o3Uxkao4I1XVZzCzBcUOCFlGzIALzuSU+ljZGH1Eg1EnygpM1TPzn/0Wqirnk599m54Q5jXSO1PWZ606wprLSOjicC/g4KL1h1TTWCkcxkg8RwwADvleDdQ3qe81hnmeTjbY7Lt6TSZ5PCfUf1DDxsHXB/ext+v1VeKlx8Q6M+qhU8LnEZ2XIYMkHCsYohkDgrv6fT7D4vq9bPU2fJY8tiipctzj91NpabzcKRRUTpsEN2HKsRFDC0aW743W9JRMcm7AMTBCRkKPXVkjwaeiALhs53oh1Fd484o6fk8u9FbWqyuijyXAE85G5Sb57lhHa8V4/c99hFs9nwPEfgvO5JV7BRinIldpccc+iKHU9NHh2AR+6qbld/GYYqd2PUrDOzHZ6ymnag1fdtLXUtMfMeSqasqooYXS1MmkjjKh3G501shNRUPbt77krzm/dR1t5q3Fsrmw9mhczUapQXY7GCx6k6wfWF9vtgIYNnSg/V7BZyKMndw39UWGLbcAo5ZgYDVyJ6iVr5AcXJEV7QBsFG7qVPwVFPJRxjk5OoWJiST1w8JplGpzdkM8riLIRLBGMFAe0h2w5XQSXDfCKW6hsrA/EFnITAN8pcHCcAMIOyzo90ZR09RrJAq4QMLq4RlHBZRAbmkprdnBGIHKC76iqkiBgcjldQWE5AyjtIxylvgMC9pOMBNxsc9lMEYxuEGSMZ4UyQjEYKNG5wPlTNDvRMwUcXtfBTWS0p5Gu2yP1ReCB6qtgOnfKmxyNc0YWmE8ozziSAcpEZQQ7BG+ykNOQmdiMbWC0+6Wn3TnLivaRD007kj1XGnJRRwhayTBEc3uhk9sKXI3AG/qo3c7YS0gk8AeDxslktx6J6WcKh6llBGOxjKkNe1xxkBQnD3XY3FpySpCQucckwxjGxQmvLc7IscgcMJOZ3Ccl7FPg6HZXZPVDa7BxjlEDg7O6tMpMZHJh2McqSCHBRcb5XWPLDjGVG8FyWQ5jHomlnsnMkzhPAz2RrDAcsEZ8WOAutLgdypAae4TTGOwQ4KUt3BzYjhMdGO2yIGkJ7FWCpcEbQRzsml2O3KmeGHZ0hA8B3ohccFxlnsEGtKYRlPMbgCnZ33Q4yMA6XBc174Uvwm44Ud1O4E7IJ5ReDnK7kpoBBTs7YVKTIIcorSNI3CAedk46m+v6olIiDrmn3Qmy47IgOsEYV7yDHMBO+6DLDpAxwUbTpK6TlFnJMkVrnsIOVMgrCXBsn6oXg5QyzCm6UeicMuopGEYRW/dUsFSWOw7hT4K2MkY/NNU2+yl2TXQh42G6F4E8G7vpUqIeIGuUxunZrmg/cIjRGpT6K4UsFS3Dm4d6rlJV1lkqS6PLo+7TwQrB9Axw1wP0n0SMOpobIAT6q5PAxVNckiC9UFy2LjFL/i5BU4vc6Mw1LRNC7bI3ws9UWZknniOl/tsh0FzqbdP4FYS6M7bpb5I5uPBPr7e6mIlh80TuPZRoJ3A4IVt8xBUxEwvyD2VRURGJxOMKnDIt2yi8xZqulOt7101UtkoK6RjSd2F2Wn8l9EdC/FWy9URspKiVtPV4ALS76ney+S8k43Uyjr5aJ7ZaeRzHjcOacHKy30e0ep8P8AUt+ie2csx/TPuMRBw1NII5QdLgSNK8P+G3xqqGObRdQSh7TgNevdqGttt4pWVNuq2SBwzzwsE04s+s+N8lT5GpWVsA4ZQ5GjClvh4zshuiwRsltZR2HHgqa+1U9wjdFVQtkYRghwyvL+pegqmySm62MlrGHJY3t/6L2UsBwMIMtK0tLXAEO5COubgc3W+Mq1sfvXJ5J051bK6T5S5ZB437FaOvgpbnT6CRIDwfRd6m+HsNaPm7STHUty4js5Y6gulfZK40dxY5uk4IcP3W6rUbjwes8Zbo5YtX2/swXXnwxqKOomuVnaA0+Z0Xb8l52xzmkDOHey+qXup6+Frxpe0heYde/DWOR0t3s7AyT6i0cZ9VvhYeL8j4nbm2ozPSXWdZa3NpZZf5ZOxK9ds92p7nA18bxqPIXzq9stPIYZ4yyRhwQQrqy9RXG0vDoah2PQnZMyn0c7Q66VD+Ow+gyckeyb4ZWf6V6spL5TMD5GtnaMOBK1DcEDZC24M9RUoXRUosj6CpdFWvpfI8a4zy0pFoLdggeCckhNr1LizNrPHVauG2xAr5YYp2C5Ww4/EQOQVYdH9V+BJ/D7k4jPlyVFp6qWifqaNTXbOaeCEO42Bl0jNxtr9L2blo5BXX09/wAp8v8AN/TVtEnOpZRvXa6Z4qYHZY7fbhX1qvHzcYY7lq8t6V6tkgk/g942I8rS7ute+N0RFTSPOk7+UrXOG5HhL6p1ScZo3jHamgpx4VDY722pYKedwD27AlXhcHN3WC2r0Si+ensU4lVXWkmQ1lHhrhu5o7qorqKOvYSBomYtRqfG/U3f1HqgVFDHM7x6fAJ5b7rw/mfDRsztR9l+lvq6cVGFjyZ6011QyQU1STriOxPcLWUNYyqHhvxqA/VUNbQCdupnkmZweMqPb66RzzDL/LlZ74yvm/kvF/E8YPuHi/NV6lLay/utqiqonNIz6EchZRtTLRPdbLiM07siJ530Fa6gubJ/5E/leNsngqF1BY466AuY0HZednTteD09Vwukur4qWb/Zq7uzEf7iYnOCeN/Ra6nr5rVVacksJ/IheIVjJqGT5arB8pzHJ3H5re9C9bU12i/gd7eGSNGIZjz9iUtxwa4z3d9HpV4tkN6oxMzBdpy0jlZ+z36Smn/hN02AOI5CiUl2qLHVimqgX07zsc5GEfqvpltyibcrU38PiADfKtJoGSzF46LxgDBrj+sbtd2WF+Mvwp6f+MvSFTb66GOG6U7CaSfG7JMbH7eytekb/JNqttxy2SMhoLuVf19HNA/5iA5A7eoXQ0GqlTPMTmamiF8XCZ+UfWPSF16Lv9RYLzTPhqqd2HscMFp9FTjy78r9C/7RvwTpPir0/Nf7M3Re6RhOnvIBwB9t/uvz8ulDU2evmt1bE6OaB2l4cMYX07xXk43xUZM+S/UPhJ6Se+C+0GyTJxhGDsjOFEY4co7TjsvQRf6PGTSfRIik34U6kkw4BVzDjKkMOCnReDLZHJeMcHR87qLK3JTaZ5OAXKRMOCAtEXkyNbWBJx2SByh7d0tQHfKp9BqGUHJGOULufumHODuU4jJzlZrY54IkSrdUupKpkgON916TbqptRTtlG+QMry5pyCtd0pcgR8u93suLr9LujuR6PwmtjTP4ZezWOAI34PZUNxp3QTHH0k5Cv2+bgKLXUwliAdyN8ry18c8H0DSXYJPTV2aC2E/U1bygriSADnC8hpJnUlW1/GDuvQbPXCVjJGnIIyuPqasnpdHqHg9At9wc7BJC0tvrMhucLA0VRpwVpKC4NGkkri6ir9HpdJqM9mvilBH3We6woPGpRURs8zd9lZUtWHNCNUNZVQOhePqGFkhwzpv7ked0rzkbqU8Zbuo8sJorjJTPGBklvvupPK6NLxyY7IbnhFTcIsgjCx99pA2PUW77re1MOsbDss3eqEuhcMeq7Ol1Px4OH5LRqyB49e6UOe5zW8bqhw5pwVvr1bj4BIb5m8/ZYqrgIdjHC9noNRvSyfJfqDxzg8wRXVlOceM1RGucBhWobkEHdVtXE+J+dO3K7qSaPF7Gnhmg6Wvs9DUiB8mY3epW6rqeOqpxVRgasZJHdeQtJHBII7rb9GdQyyH+HVcgIAw0nuFydfo5TW+B6DxHkPimqbHx6L2lkMrHQSHJA2V70teH2uuY1x2JwVSVlOaKpErPoduEZ7xK1lREMEYOy85bV6Z7zS3OElI9gZJBXxeNC4HUOMrH9UdMibVNEzDt/wA0PpW7yhwaZNvQraAx10JBaM4XOlDZI9HCa1FWGeKRie0VetuW4K9H6cvplijc9+/qqXqazhsr8xn74VBb6iqtkxaCSwb4KTbBWoHTt6SWT3213GKrhERdv6ZV/Za2OCd1trHeUjDHnjC8i6bvhl0mOTcdluoK1tdAD/xI9wRyuFqdPKEsNHqtNq4yxJGprYKiz1DaulzpO+3BC1VovVLeqQRTEeK0c98rOWKvbc6T5Ksw4geU91ClbLaazxYHFoyuRdXg60bc9HoUEgZ5SRhHL8Y25VFbbpT3GBj2TNEmMHturZs2WgOHmGx91iksM0RluRKa/PZdc1r2ljwC1wwQUEyaey6J8q+nkpxyed9ZdOC2TfO07SIpDuBwCq+3zR3Gndba0h4wdBPIXqNXTQXCnfTVMYcx4xuOPdeXX6y1XT9WcDYnMMo4HsVv0+o2PBkupyVNTb302u110bZYXggAjIc09l8ufFX4aVHR1+nr7fGXW2pdqjcPwc+U/bPPdfXPiMv9IB9FfAPMCfrHqFmL7YaPqW3VFmuULfOC3zNXpfG+QlTLKPNeY8VHX1bOpLo+LqjAI1coGlaHrzpC4dH3mShrCXNJ8jhwR2Wda4b7r6xoL4X0pxPhXl9JZpdS42dnEQcoaIz6gti5OMwjWghItASA2C6DhXsFcnMN/p/dLDf6f3RQcrqmwNdAcN/p/dLDf6f3TtXslq9lNhY3Df6f3Sw3+n907V7JavZTYQQOVwgH6l3V7JY9CiUQZPA3S1dDAeCn5K7g+qmxC/kGiIY4ThEAc4wurmAp8aQcZuPI9rBkcIjY2kcBByfVPBIV/GaI6qUfQQUzc7tACKKGnxu390ES44CIJyEXxo0LyCXEoj/koP8Au/3RPkoP6ChCox2ThVS8a9kPxjo+Qh+graGB3YIraWNuwY3b2UcVWSMhOFZj1U+Mn8+BJEEYH0N/REbSt7Rge+FFbXaRktOUjcnjYFTYT+dD9ExtOAcYwjsia0bBVP8AEpPUrn8Ul/qKJRwWtfBei60BPEYHZUP8Um/qKGbrMfLkokT/AIhB+jRgMG5IC6JqZoJMu/oss+sqH7h5CjOmlccucf1UFWa/H4GtNzo4iQ6Qfko8nUMAJaxh9is1uTuU/U0bZUyZnrZstKi+VLz/ACvKFEkr6yTZ0uQo+R6roaTumJNmeV8pds457zu45KbkZycFEMTj2XY6CTVl42PuiUWzPKTyMaDwN09sbzw3Kmw0cbRkNwVIbE1u+FohVKXYErcEBlHUP/CpkFC6PBcRn/JS2AYwBjCcBhaY0i5WbgMcTQQB2UhjQ0bJgcAuLRGCiJcmwy5k+i7gnddAOeE+MMim8CAOUUAYSAGE7BToxwU2ID0TmtyiRsGMkJ7WhvCJC3MZjOA1FA7pDlPAGFoSTKb9iDRjhd2CR4QyjawCnkJkeqagtJ1Dcoo3CFvAWDuQko+to3c7hR6utbpOOyTOwOMMk6WojjYXagT2CgOqnzbEqIHyTkZJU2mp3EjIxlUpZGKCQyOnc54KtYKTSAVyKnDADhFmmbHFpCtvaDwgc8jImkAhU9VPqO+Dv6olVNrJ3OFVVEhLy0du6yWzGQQ2plJwAmwN0+YpNjBJLt0nvzgAYwsU58jgpqgwFoCj6iXF3qlp9khqyNkDm5LAa45HYJwcImCkAMImApGGSSlkYB6IgaXcJNGThGaxxIOE+MdoqUto5jAUaNpyuRsKksZgA4ToxyZ5zExgOAjNbjhIMJOMYRWtzyE9JJCHMC1ERBF7J/hoXwA3kjg9sJriA3BIH5p88giHHZUdyuGjy+vus91saY5kOqrdssIbc7hG3LWuwBz7rLVte6Uu35TbjXGR+zickqCH5JJGV5fXa3fJxgd/Tab41gdrc92SnM790mhEbtlcWyTZ2KKkmPaEVoXGhEYFlcsnWrhwOjaSpTGDYkbpjGAjJClU9M+qkEMQy49kRvoqbYShopq+dsMDck8n0XsvQXRApI2VM8Tex3G6gdAdBiNrKmoi9Hb/AOq9VgijijEbAAAOyfVHB7XxXifi/wBWwkQhkcYYxuAAuz1Yh22JPZRKisZTNy7cngKqdUS1L8uyAT2Wjo9FFc8FgamWtlMcecZy4qxp6fQwZGEOhpWQxDyj1J9VIdKG7NCM0JcC04TJ5m08TpSRskZ8jhZ29XITk00LjtyVWcCbntiQqyrnuNQXPdtnYdgFLpYREwHSFGoYGtOp2/8Aop0krY2ghuSExNZOXOblywNXUCKMnGBhUcs7pScqRWyyzyb/AE+iaymDxgbJymkhDi5MbS0xeRlv5qzjhbGAu00bY4g3SpENMZTvsEuVo6ujk7TQOmd5eG7lTmt0DCfGxkMYDBwkxjpHDZLc8nRqpwOawuIKn09PkA4wnU9GSAcKU5oiYBhTJrVRGm/lN0gcqNG0vdwpLwZX7BNk007QSFRBkskdPGXu7cBZuvuctTqa04zt+SkXCtfUSFkbjgbKNFSF+Dvv6K1IVt3dEOKAvd5h9yre12iSqk8NjTjucK6tXThna1r2DJ34W4tdhgpacAtAcO4CXKWTRRpot5kVdm6fFvjifpG/ZaSGMMbuMBRaqsp7e3MsgAHAysjfuvCYjT0YMjuNjjCRbI6MNlKwaq53+3WsO8WUOLRwDysBdOqrnfpjDbcxQHIGVCprfXXipbVVbyGnfGeFrrfaYIQAI2jHoEn5OcBJSvf2lbZemGQSRzS/zZvqc93A+y18MGQNgMD0Q6ekxjSOFPihI5Cjeezfp9Io8ijgG2W/upccbcb9ko49s44Ro27bBZpywdOun2zkcWUdrWtH2TRsCTsFAq7o97/lbY1ssx5JGQ1JlLJpjFImzVcVPvKdLe5Udnz1yeYaZ3y8XJleMHHsn0ljLpBUXGTxXEeZmfKVeEtYNgMeiU7CnL0RKOz01K/x3PfLIRu55ypj2jlCfM3O22PyXPmWNGXHA9Ut2E/uEbKCcY5TJqmKEapZA0e6guuFTOf/AHXA2Vw/4jvpCJD0/wCM8VtykMsp4ZnyD8kuTwGpZG/xOoqctt0TXE/S548qY2yyTv8AGuMvivP1MGdCuYo2xANaxoaOzRgKQ0NP4QhyEfLCSSS+xn80msCSTElBoQkYO4Uck5Tsn1XFFwGJJJJQgklwuAQnyAqZwTA5xwgyzkD1TZJwAfZQJKjUlzmkHGDk8IO+qJzworpycghCLiTnK4s8pnpfG+Bt1OHNDnOc7uuAZXQ1x7KRHFjBws07j33i/p+FDwkMjjJ7I8cJ5T2RjGQu68ZGFmstyesp0cYHfK3G26Z4gGwCGXnJQycpEp5NcY7Q7pAFFmkLeE4AknflPZASQcIAyLqkefpUmOHLRlHETWj6UOapZEP6SgcdwTe3ljmBseS7bCg1lZrzFEOOfdMlqJJiQHbeybDC1jvEkGcI66l2zPZqsrEQIinmdmVuPzRZ6ymtdMXvcG6Rt6lAu18obbTmSR4c4cNHOV57dL5V3ebVMcMGQ0egWhVpHnvIeaq0yaXMy2v3V0l0j+Wo3lg/E7glZtoJOSclcYw8gBGZGSd1ohV7PCanW3amW6ZxrByO6KG90QR8AjCI1gPZMjBGJtvsYMAcIZ5P3RDwhnlG1gsYknLpOVUlkM6SMJq7grigqUsiSSXMg7ZVEO7eqGXBoyTsmSSCMgE8qFJM+WURxglpOCUE5DVHIWWqY8hkW7z2RYabGHOO/dFho44vMOUTGAUKTXJGNDQ0YHZRi5wJ3RnPbkjKBjBKJBRRxzy52kbJ7GloB0/uk1hJyj6dkcY5ClLaNwB2TtDfROTDurcMC5SyINa3OCgSu1cdk97y3b1QQHA5QYwwkhmHF26OxrdIHdcLQANk0AjlUFgc5NkIIGClI4Y5UZ7hncoZy2hpZHudzuo7jyuF+e6GXDuUpv2NjE6ZuRhBBJKWMlHbGW4OOUl/cHkUce2SiE4ACROBjCa1pyd1BY9cPC6mucMcqyEck5XF08rioIYkknNjc5UlllN4DUkTpX4A2HJVxDEGt0jhNpKdjI2hreQpOA1uFsrgsCLLc8AZCQFEe4nZHlcOFEI8wPoin+gUt3JzSXEFwRgBhdaG4AwuOcCqa2h4GpzWlxQgCXYCmUrM8rPbYa9Ppp3SWB9OzTuQtZ0f0/Neaxo8NxZn0VXZLS+510dO1hOpwGy+iei+lKexUkbnwjUcE5C5t03k9/4Lxf8AImm19iLax2e39J2wZa1pwMnuSsZ1t1aSHhs23AAVh1/1RHTv8GOQeVuAAe689tNHWdRXZpecxN85zwPT/wCX2WK2R7lNKSqXbJnT1qqrvP4rgQ0HLnH0Xp1BSMpYgxjQ0ewUW20MFvgbHDGABz7lT/FGOOFjf7Z16Kfjjhhw9rRqJUSorAPTCFW1OmMtGxKrYhNXTCGMbdyglLJqjwGiinu1YRE0iDhxPdaWARUkApaVgaANyO6iUcbKCn8NmC491NgblmtwwqSyNSyDfIynhfM8/SNRJXn9/v0lTIcOy3OAMqx6rvUjpHUsUmI2847rDv8AGr6lkETvM4/kFZlsn922JLp4J6+qZBE4kyOxsvTrJZILVTjyDxMbkqL0x01BaadtRM0OncM5PZWFTWBx0jskW3fGbNNTt+59namcvOlpTqWnL8E9/dBghdM/091e0dMGsGABsuLqLcyydemKRLp4I4IwG4G2UNjJK6cud/dMOMeq7jJ0hS4g2nhDWj3K5t1mTXGP6OSObC3sAOAorWuqpcDOEyUy1UoaCcA7lXVsotDA4gZKxzngfFpEugo2QRNwwep91M4TYxpGECurY6OIveRk8BZZy3MPsFcK9kI0MOXKlc18z9TjklM1yVcpeAfU5UprQ0IQooa1mgZ9E17ydk98gamxMkmlbGxucnc+iqUsDFENR0klXKGNHlG7j6BX5fFRwgYDWtHZcggjpYQyMY23Pqqm5Vom1QQuyW8kLNKQPTIVdVTV1QdR8oOw7YVjbLcNpJG4PICHarXI8iWVv1bgFX+hoAAaBgYQBPkY2EMA2wu1FTFRwmaY4Y3kpz3tijdI84a0EkrzrqXqOa51Bhp3lkDNgB3RxjkCbwA6i6gnu1S5jHkRA4AVVFDp3SDd8hSaaHxMgHjutMYqKE5cmPp43udsNhypgbjAOykQRMZGAG4wFYW6gbO0yPbtlU7MDYwyBoaASN8SRuPRW1LROe5scY2PPspDafLQ1rONkZ74qGEE51H/ADSnLcaIRwEmdFQQiCLAJG/qVSV9QWjLzueyVXWiIOnmfvyMrNVdzkqZS/UcdgmRgBKeGTpawudgYT4Gufv2VVTyOmmEXOVbmUUkYYRujKyFq6kUsIjafM4LvT9irL3VaIhkH6j6INqt016uHy4y5x/PAXslhsFLZaJkFPGOMknklY77/iQLltOWGwUdjpGxsYC/knG+VZDun6ds5T2REnB7LkXWuTyJlLJxjckZGUeOPSc4SZGBwFIY0ZAIWSU2wDmkYG2F1OSVgCSRkkvJAKMkkqbyQCkkkmkEkkkoQauHhdXCRhRhgyTnC4unlVHUnUVJ03bzXVI152jZqxrd6ZVRjuIA6s6np7BREj+ZUSeSONvOTwfssrYbBIJRd7uRNWyeYk8NXLJZ5+oa0dVX6MhxJ+XgJzob2yr65VAo4fEA+y101DF2Qb1XGICnhPncN8dgqOU6dzyU50xe90sji5zt8lDZHJXTtggblx7LdBKI5IPbaGa41AijHkH1H2W3oqaGjgEMLNIHPug2m2xUFMImN85GXHupobhVKTfQ46hTTeEON06STQNhlQXPdM/UUqUsFpEd8ElXU+JM/LRwOwU1rGsaGtGAE0N09kQnuh7JzkTuMKjvFY5pFNG7Gd3Ef5Kbc651PCdGznbBZ0uMj9TySXFPihqDU0TpScDK0dJB4UTVGt1H4MIL2jJ3U8YaD6BGEMrZPBh8Q4yAqKndNVVOQM77ko1fVPrJRDvjOAAp9LSx00Qaxu+Mn7qyBGMEUekdlCqJyXYDVIqZtOGqEdyijHLIM759UicBPUOtq44IjI84xnHutddeeEJlP2RL7dxQU/lIDnLzurnNVUOlLjv6qZdbjJXTOBeS3OwVe2M5XpfH6X40pM89rdRGc8RCxxZwfVElcWYDeV3WIm+uUSji+Y/nOGf9F2Ixwc/eS6OlbpE0zcvcN1PYAOEGMaWgeiU0zY2HJCYlngvsbV1EVLGZHu+w9VirxeH1T3RteVNvl5ZJmCI5cNlRx0rnu1nunRjjky32SctsRU0Bc4bK3paXgkIVLTgaRhXVPTAAZC0ReBUYuXYyniDRsMI4GE7QG8Iep39KLsao4GyP09lXynxp9WfKzZGrpiXCJhwTyht0xt0gYWmmvLM91uItIaXZ8pbsFS9RdRwWKhfI52XngKReL7TWaA1NQBpwSBqwSV8+9S9T1d/uctSXubE44a3PZdrSaXdyeB+pPqOrxVO2LzYznUl/rr7VOnmedycDPAVXTxEu3Cc1rnYyFMiiAwdOF39NRtPh+s112un8lzyx8NN5Rhqt6C3ggPlaN+E220b53DAwBuSrWQNhZgDhdFJRRhWZyE3wqdulgA/NVdZVy1M3ydHuXfU70TKySpqpG01Lkl5wXDsFprJ09FQhskwD38n7pE5ej0PjvFuzFkiJZenhB/MkILzuSVeSvip2NDsDZMraiKiic87E8Ad1laq6T1b8EnCx3WYPUV0wrXCJN0r/AJmUsiOGjYlZ673mltMIfq1uPbhRuouoI7bCYad+qpeNsfh+6xM01VVuMtTIXk77rh6rW7eDQuBXO4T3KUySuOOwUKONodlH04XGjDguNdc7Xllok00Yc3YJz4w0cJ9GAWp07PRFWMcMRyVswIB27KK8jPKm1OdBBG6rDkd1srZw9VF7shUk1qez6gnGRcjMFcUkNGnGFHIIO6pPIUlgcisQQc9kVhwVYo5LHkg4XGMwOMI+Q5uyA8mN2FMEOELg5RMZGcIZBBUIEHC6hDlEHChB54QSDlHTSBhQhGTmuIcCuHlcG6gZMY7UBvhdkGwGMqO1xaPujscDyULCisg9PsmaAN8KUQMIRAygJJYI+C1GpXnuVwj1QvpdtsrjNiWslg5xdghEYc7KLDIBjKlRnJC11PIhrkODkZSTWkAAZT8ZWhNAZApI2MLjSM/ZRxwVk7pJQpIcDUApIxgbLjhkKnXxkDfl4K8jBwhyA7YUuVgBzhRnOyCs04YY5PKBrhOCCF08rh4QJMMKyQgqZG4Pbg4/VVYc7PGEeJ5zlNhPHDAnAlyRgAad0JmQRlHhLcYO6e+MYyAm/wBxEeGNacjJQ3DUAnaR6ImMqSeRnYAPLXcbKVTygYUd7MoR1NOWkhUm4sHGS3axrxkBB0EFR6epkacOOQpYnY877I1JMFrAnNB7YTAMKUW7ZQgC7kYwm7U0Buz2cjxwQnaGkHdO8PA22ynNbjvyhxkGUkiI+Ib4HZRDG5p1BXPhtI45Q3U4IOGoZV5LVpAjkwcEJ+A/hNmpZQcsbkJgc9hALUlxGb0zrohyBuo7g/cY2U5rw5mCUJ0AIOyBxz0X0RWY2yiyY07JssJ5aEJrznBHCmAzuk6uEVh2wnNAxwuYLhsi28EEThcO4ymEEcriHlMrAXOVwjPZdwFwjCNSIBfGRwNk1rXtzp5UpmDyE18YKj/sRyxwSaC5SQs0v8yvqWaKqjEjHD3HosmQW9kSOWQcOI+xRRngdCew14cWJxeHYy1UtDem6WxVQO22pXkTY6lgdG4EeyNSybIWp9i3KHPSRVDcSxA+/dHEZDscIuWjCN8GhVQsXKKGShqKOQvpXuA5wrCkrYqtvg1TGh3qQrRrGkFulDNBTEk+GMlLc8A2aDCzAqKyjdTu1MOYzwfRRckHdXr4HR5bu+M9j2VVW0TmESR7t/yRP7zHOidXLQ2KRzXAsJBHoV6F0D8Tbp0rWNfI509McB0ert7e6808Qx423UqGc4CzXUpmvx3lrtFLdWz7U6T6ysvWVC2stc/nxlzHDBV29o9V8VWHqO5dP10dwtk/hyMOV9H/AA++LVo6oiZQ10zYK5oAwTs8rnTqcWfWvBfVdOuUabeJnoR5wuEZSAz9K7jCW1g9pFpgtHm1Aqsv3SlFfacslhi1kbO0+b9VcDZEHGFFJx5FaiiGohssWUeIXK2XjpKsdC8udBq8ru2FZxVUVbC3U4bjcdivUa2gpa6MxVcLJWHkOGV531B0XVWucz2kOfT51aDuR7LTVqmnhnjvI+DlVmdKyv0efdYdE0Nc91TFDhxGct9V5Vc7XVWqoMcjTpB2K99ZOc6Ht37j0Wf6k6VgusL5YmAOO+MLpQs4yeA8l4NWpyisM8ltl2ntswmhJz33XrXSHXENXCIq+fJOA1eWXSyzW6ZzCwgA91Gp6ieAjwn6UbeTjaeVuill9H0lDUiQjHB4UprAQvI+kuu5opmU1wflhGA70Xp9BcIq2Nr4HAtI9Ut8HpKL4Xx3INNECOECJ9RSvD4XuYc9ipxLXDZD+WD9zspDUThLMRt2mhdXsaBXSzw9Q0/zVJiKriGSBtk+oRuj+rJaGb+DXrIcPKHO7psRlpJRLEcEJ1ytNJfmCeF7YKpvf3Xa0nkPkxXYfM/P/S7bcqomqqIH07xW0b8sO+yv7F1BHWtFPOdLxsCe6876b6iqLfObNeQRp2DjwQtDU0roiK2idlp38q6E4r0fNdRpZ6aeyaN+TlClD2HxI+3IVBY794oEFQ7Dhtk91omua5oc05WS2hTD0mqlpZ7okZ7vGxLG3fHHqVFrrOLlF4tO/RVwjLmDnCmTwOYTLFse4CB4z3yNqaY6Joxg/wCL7rxPlPFK3dk+tfTn1FtxyVdLVOL/AJaqBZMzbPGVfWy4CKQRVhL43bAnsoddRQ3eL5iACOpZ9QG2SoVHK8uNNUjS9u2/dfOtf4/4ZYwfavE+Zjqq1lln1L01BXwGaFoc0jII7Lyy7UdZZ6gSM1BzDkEbL123XF1O75Wq3jPGeyidS9MwV8DpYmhwIzt2XCu07iz1Gn1G4ifD/rmj6gphZrzIGygaY3uO+Vv7bdKywTilnd4tK5wxncY9l88XW0VdpqBUUhcySI522yvRugPiCzqCnbZro0eOwaQ5xwVkawbWsr+xv+r+lmvpz1V044ujB1Oa3kHuCpfR3VUF3pxR1paJWeUh3KVmuc9hlMEx8aim8r2HcAFU/U/TzrLWM6n6faZaWTzSRt5CGuThLImUY2L45I090oTQSioh+h/I7FfL39qj+z7TdY0c3XXStG1t1iBfVQs2+YA/15X1N01fKLqm26WjL2NGpp5ChXO1uppdOfKdwu7oNa6p7onJ1tENVU6LVy+z8iZGT007oZWYx39URrzjhfU39qP4Dto5JetukraGt0l9bG3lzv6h78r5YAyCF9L8Z5COqioxPkXmPBvQScl7JDXBHif7KC0nOSjxu3XaR5ecSzglLSCrBsjZGjOMqnid5RspULyHDzYwnRlgxzjhhphgjTwhtJzhSHaS3PdRjyj7QKYcHbcpZHqEDJ9Slk+pSpIskNGMj1R7bWPoqpso3GRkKK052wu8j7rLfXvjgOEpQmpr0erW2sFRAJMdlJlAcM4ysd0fdSW/LSuyW7LX6gcjGF5DW6d1zaPo3jdUr6VJFFcaMwSGVm7XH9FcdMXAsd4LnfZMqIw/YjIVRTymlrDgkDK5F9XB6nR34WD1GlqiCAMK3o6xwcCshaasTxNcXbgYV3TyBu/+q4uopPR6TUNcm4t1w1AA4V5DKC1u6wltrMOAK0tJUhwAzlcqyva+D0Wnt3x5IvVdv1BtdEN284VXSnxmah+a1cjW1UDoX76gsf5rdWup3jyk4RVzCtWHkkPjBHCrK6jEmdtlduILc8jCiSxCYaeFuqsxyZLavkR5peaF7Kl2G+X1Xnt6pTHUOIZgHde3Xq2sdA8tYNX3Xml7t7Tr8m/K9Z4vV5weG83oNyeEYQsIdn0QqtgmhLSFPqYHRHJCh40nJ9V7Cm7dHJ8i1ullTY8lRIx0J0kbrscjmOD2OLXDgg7qbW0+t+towCFW6SDg9k5vKOflwlmPaPT+mL7R3qhbbqp2KhgwC47lTKdpglfSvOACcZXmVsuEluq2VMW5aeF6NS3KnvEIqIxh4A1YPdef1mmak5I934byL1EFCf5FpTSy0MwkaNvRbywXqKoY1zTuORlef08niAwykEgeU91NtdZJQ1PlcQM7riXVnsNHqHFqLPTZ6akuUWiTB9F591DZZqKdx0eQklrvb0Wxt9SHxtkYchwyp09NT3GA087RuNvZc+XDO3Kv5EeWW+uloZQ5jsYO69E6b6gjlLXF252IWKv9klt87iGYbnIPqq61XKWnqBpdpwUm+r5Vkqq16aeD3WmrpIJWyxOIwc7LXMqKa60wdsSRv6heWWG8CohY2Z+c8Fau13YW6o84yx4wQuLqdLjo7+l1e7st8T2uo8SPOjO47LXWi8RVcYaSNSoXiO4U4dEQ4OGyqhUz2qfIBxlca2rDO1VZjk9MacjnK6dlS2a8w1sTQXgO+6uWu1dlnawaoyTQ4S4PHKjXW3U91pXU1TGHNI29QUYjCK0tccZQqTiwZLJ5VcLZVdOXNjzktz5XerU+6xw1cDblSgBzf7wD/NegdQ2Rl3oHRtAErd2krzMtrLJWOgqGnTnDmnghdLT6jDwY514Mf8Qeg6brmzPjDWNqWNJa7TuV8i3myXHp65zW64QGMxnyk8OHqvu+ohZG/wASHPhyDUPZeY/F34XU3WdsdVW+NkdfDl7Tj6x3H34XtvDeYlp5KDfB4P6m+nK9bU7ofmj5TG/CeOUqymqrPWSW+4Uz4pIjpII4Qxg+ZrgQV9D096sipfs+KaulUzdbXKJTOMJYwhAorHDG5W+EjBgKgruAfZERp5KcsDUl0jC4rKyJJOx7pqtrBSYl0HHZcSQlj00/ZOSRRlgE5+S6kkrbIJJJJQg5JD0+66BhFlA4CZKWSuLuCh3EwheIUhISVxJTJYXOyGScpLimSYEm5KScoVwhJaCugd0QYwNkyMMkbB6cdlwQj+n91Iw0dktY/o/dN2C/kwB+XI7JwpcHzFH8TPZdDMHOVPjj7Bctw1lJDyQco7adoOQAuNdtjC6Hk9k5QXojTHCNreAi4yhF59E7xHeidGKXIDyPRNKDgogYc7rTHkWwur2XNZ/p/ddDCcFEa1vOEyMclAPMiMByntAzgBGDe+E1QFylgTRsMomAugHCctEYpIW2NHKMACAcYQ0ZExMpZEOUQcJgBynjhRAnU9MT0zOAhiR3THSsZnUeEB9wgaD5hkKpSSXJcY56Duwx2onCi1FdG1mDv+ahz3AyEhrshRwHPdk7pE7svCHxglywklY9zsNGxTCHuxtyjxQgYOlTIIAMeUIOXyRvb0CpKf1araGnw0EN/dcggwAAFPDA1n2TvxQcFkjOaWtJ9FV1dTq2HAUitrw8mKPYDYn1VRPK0DGc5Wa27BTg2wVRMdWyjFpccnumyeZ2Q5cJwAAsVlmR0Y4Q5xI42TCCTgLqe0dikv7gmjmkHsn4C6nJsYgNnADlPHCc2PO4RGswcYTFH9At4ORxkHhSYosbpRxqbFFwU6MciJyBsj9sI8bSANkQNAHC7gLTCOOTPKWTgaMcLq6khsf6AHJzvpJyNkxzgGk+gVBeLuYYHASaSf3WW66Ncd0hkKp2SUUjt3vEMIJG+NgPUrG3C4Szkku+o9jwhVdZLM8vc4nKjEk8leS1uulfZhM9Hp9NCtJITiXfUuJJzWnI2XOnLHLOlXAIDvsjtBQmAhu6kxjJCyyluOpRWcYDlS4ozjcJsTAVOigc/Aa0nPolJZOnVX6GUtLJUSiKJpc5y9Z6B6Ba1ra6taNXIyEPoPoXDWVlXFyNQyF6fHHDTRCKNoAAxstEIc5Z7LxXjNq+W1EimihpYRHGA0NHZBqK7wxhoB9lHkqXZw1NiilmlGB75K1JKKPUKWeEhkcc1XMS4/r2VpRUgjOcdk6GnbG3GM4Ro8DvwhcssdBYJDQGtxnhBcXE7pb+qG92GklRywHnPQOrn8GEvaRwsw46pS7uTlSrtcXOkMEZwAosBy7hDvyYbpZe0mxHSAAMLkwL24ynwwOeOFMjpdhkI93BnVOXkpXQkO3CJFHg7hWNTAGDGBlCp4S93orU8h/xx9OwuI2U2JgYNgmxQhg3GPzTnncAIJM0117QjAXOwrKjhAcCQolNHnBIVkxoAACtNmutE2IMjb2KA/z7ArjiWjY8oYfp3O6I0tLB12iJutxwAqa517ql7mZ7ItzrHSANi7bfmh2+1zVLwO7t/siyI25ZDt9vknlDdBx3K2Vq6aZqbMWDHuFY2qxx0gaZGggDOPUqznrYqdhzhpHGSpkfGqKXA+Gnp6KHUAMgblU196wgttK9sThqdzus11P1mWn5aBxJ9iszHTVNxJqKzPm+lueB7pFk8LAWcPCCVl8uF7mIaSwffOArG1WF8jhK8ZH+an2SyMa1rnMAb6Y3JWwobVgDyBo9FklJtmynTux5ZCobVpDQGYAV1TUAZjOylRUzGMDWsGykQU7nFVuSOxRpYwWUCjpRthvClCJg7IojDRtshSTMgaXPIwlzmbI1qI5rcEbbKPWXSmonYAMjuzB9ShyV9XXyeBboHjOxld9I/NWVv6dp4nfMVBMsx5LjkZWeUssYuCBHS3a8DxpHilpzxHnzFX9vttFQsHgxDXjBd3Kk6GjsBhdLSW7d0qTWCNiy0bjG6BLJ5S5xDWjknhRKqtEbjFEPFkGwDdxlMhtVZUtDrnUnB3MMZ8v5pG7DKwckrg86KOEzv/qx5B+akUtukMwqa15JPEbT5QpsdPFBGIoWBrR6J45VylkJI7GxkfljYGN9AMKU0jG5QBwnDlA2iwu2+OSlnGyXA2XEqUshnyqNk4bpiS+0H82pRTHpLgOV1QAYkkmueAFAxLhcB3CC+YDOyiuqAM53VNpFqLbwSZJsFQ5aokYCHJU52UZ7iSk2SOtofFX6uWIoK6oJ5CETkkroYT+aI2HuVlnYe98V9NQqSlNZYJjSSBhGjhJIKkRwAYJH7ojdLQNlmst9Ht9NoYQXCBtgGMkYTy5sXA/dcdNscBRsue7JWWdh0oV7Axm32bsuY2ykI+6cGHKTJuQ7gGWkJBpKktY0tyQu6G+iooCyEnB2RvLGBgZXH4BG+FAq6sud4cRzjkpiWRdt0aVlhaqrDTsoDg+d5e8pMDpHZcclKeohpm4kONk1RwcfU+Qys54OxhrMk4291QXzqmGl/wB3pyMk41KuvXVJfrpaTbs5wKzMo1kOO5TYJHlvIeabzXR/1CVMslTK6eR5eX9ygxxkOGyNG3gY2RSwDGybBcnmLbHN5kNDG4RBEM4BT2MKKBhaYrgzym2DxnfC4XbYRC8BpGOyAW78qijjnZ7LiSSsMSSSQ3VBCz7JaQnEADKCXHcKAiedPvlBfLoGdilI/G+dkCKKWeQNaDj1S7AooYWz1czY427dz6KVHTNhOe6PHAIhtsmP5VRjl8jGwmcIL3N0ncJzjgFRSC5xGUcl+ihjnEu5RGQnOohdZA7IcVKazYbKootvAxrcBEPCSajKzkGfrTTwkuYJ7K5LJDgG+6eQOyThgJjeUBMuTHkYQJcAYCM9zcYyocjvdKzhZGRWRsjvdRnuzy4J0jgTgFR3k55WebyaIxwd1H1TRkrqJFGTv6Kg28DoYxscIkkmAAAkmgHlCLzuYk9JDf8ASVCCJ2O+6ES4nKW+fZPwNGe6gXQJJI8pAZOELWSHI2lzw0K1o6YDDi3dRqOmIeHkZVs1oA2GE+EBFszuzQAAhTPw3HqiveAFEe/B9U9cdC4rIFznF2V0BLHdGAAGArG9HHcFRiTnlSCcgoA2ckWySGVV73gNTs1HdW9rts1dOIoAedyq+3wSVUzIIWkueQNuy9x+H3RDqbw6uSBoaOdQ3JXPut9HsPBeNlq5bEW3QPRUNvhhrnRtMncubwtR1Rfo7XRuAma15bsCeysKiamt1NrdhgA2HqvIupru+710rQctDsN39CsN8+D6TCEdFUqqyrnNRerkSwF5edyTsAvROnrPHaoGu0ta9w3VN0vYTTAVM45Ofv7LUSPGxzssMpNm7Q6eSXyT7ZNa9mnt+qjTVPhg8KNJVBgwoElUKmXwGkjHJSpSydVBJny1M2lmXFxwFeW+jFDDl+HSO59lFoKUQSNkeMnGytGML9yqSGQDQQH+8l+4yqXqPqWOjY6jpn+cjchTLzcvk6JxacOIwF5pcK19XUuPJJ7Im9pn1GoUPtQOqqp62fwoyXPceVuekOk2ULG19dGHSuGWg9vdC6M6WbE0XCuiBcd2tP8AmVr55hA3YJU57Rui07k/ktQCtqCweG04yN1EhjdI/K47VJKTnKn0sYaQcbrl6q7J26qsdEqgpgACWqwc4R4j2ymRMEbM9huiU8YneKotJaeFybp7jdXAJCzJyV2aQkaGnCbM7Ts3hS7dTMlb4rlgnM1RiFt1Cctc5o9d1choaAAAo8DAzGOydNUMpxlx5WaTyC1kfVVMdLEZJD9gsvV1b6ypAduDwu3OvlqJjqO3YLlHEzImeMuCSMRMgayJgaAAmPcG5wc5TJZsnYIecgqwwgy949Sry20PgtEkgBJ/ZV1ppA8molzgHyhTq2tfDGDHttwlWBgrvdcZpaZ252cVHtlBJOdzvyT6KPQ0ktfU5aO+XFa6jo46aIMZ+Z9UkiORt0NDfQAJx2aXHYDko+kDdYzrHqXw8263y5J/vHDt7KksguWCB1T1O+re630Ly2Jpw9w/EswBnYLm53PJ5RYgQc4ytMVhCZS3Do48425VvRUemPUQEqCh0/zZBueB6K0gpi57YombHko5y2hxiwdFROqJMcNbyr5sTYmta1uAAlT08dO0Na3hSHAEbpDeWN6QxrmtGojYKmr6/WXTuAEUe2SUO8XeNpMEbiGj6nDv7LJXq7GtBpGZZEOADufcpkINi52+hXG6yXCYtYcMHCBE1xwxu5UVuI8D1VxbqctImlbt2CfjaL3NsnU1PFQw+NLjURlDHzdzq2xQjW+T6WhdrZvFb4IG5Oy33QHRr4g261w0ynBYPQFKssjXFtsZuyX/AEj07BZaVriwGpcAZCRv9lqQXeiG1mHZKkswcHG64F1nyNsCUhuDnblEa0jbCI1oxwn4Cwzk28CxADCMBjYJAY2CelkGJJJJoAkk9JQgkxPTFCCTE9MUIJNTk1QgkMfdPKA5wZ35UUdwYO4XGitdLJV10wjijY57ifQDJXmVujrOuLo2+3Fzm2yN2qjgdtt/UQjXC4/+0W+spqQvFkpHZ8TOBUuz6eg/dapsUNPG2CFjWMYMNAGAAtNVZa5COkbCzDcBrRsFkbjcZa2dwLvI04AVhfblHo+ViJydiQf2VG3AHK2wW0fFcDZC7Ia0ZJ4Wx6espoacVM8f82QZyewVZ05ZnTVBr6huWxnDWnjK1yCUwznCWR6rhIUd5JyMoHYPUcjamUyHw4+ByUoo2hozhJgGrK43PqhTbYTeAnh+6j1U7aduXboz5NI9Vm7xWiZxhbIc98J0VkNYZHrKiSomLnuyO2OFYWWgbJmqmbkA4aD/AJqDbqT5idoeCWt3K0rNDGhjGYaOyYuCxyr7nVviiDGbajgqXPO2GNzzwAqyCCStlM0zgB+FpRkD0FOGt8eQZe7jPZTJJRG3jK40COMAngKHUy+IcBRLJAE8pe4nKTUtPuuEhoWmEfZTOSyCMZPCxHUd7+YkMFOfK3YlWvVF3ELPl4n4cB5sFYoyEZLt8ru6DSSf3yOJ5DV/H/pwBDJOeVIGGszjhDjxnJTpSZGeDGNyvQ1wwsI8/l5yObE+skDWjDRuSrqCFsTA0AABBt9MYIRrwSRlS9gnIbGOTkjgwZA7LNXq6xOa6mYfN3IUm/XV8bDBA7BOxKzbIXyuJcck7ptaBseFgE6PUR3U2KINAACTYNGNQU2liMrgcbBNM2xyeSRQ0WB4kg3PA9FNADQnMYGR44QcEuRjowSHZJPHCHPM2EZOEfZjc4VNV1JqJ9DeAnwjuYq6yMI8nQDK8yE8qBd7nDbITLKeM4R6ushoad00pxpBXinXfXE12qX0dNMfDbsdJXb0Wmb5PE/UvnIeN0znnl9L9lb1n1fV36sfEyUiJpI2O32CzUUeeyc1moj91NZTbDbleg0uncT4Fr9ddrrXbdy2DjYMcK7t1uOnxZRzwEy02wyHxnjYcZV0HM+lo42XSisI5+cvA6LRTxhjGAevuqm5VUtTO2hpmkk/UQj1tY4u+WpRqldtkdloOmenRTs+cqm5e7fJ5Klk9p1fHaGWpn/Yb09YIqCASyNBeRndWU9bBSjEu2yLXVMNBE58jhvwM8rA3W6urZnOLiADznYLDbYksnt4wjRBQj6H3K7mtmcBJsCR+Syd96jipw6lpXtdJjBOMgKJ1BfWt1UlE7Lzs5w7LOxwOcQ8nc98rg67WxXCJGWQup8zvEeS5x7kqQGYaNkOOLGFJ04bwuNO12PLNCi2QZ2hpACY0EOCLUDzBcwA1Ka5B6Yel+lSJRso1MA0qZNu0YTYND09ywVtUANh6Kse054VrMCSVBqGcYC1we05mthhZQJJcyR7rqYcgM1DlZtsF2LsjyNaWAYVt4HJFe5pBOy7nCLo3OQhEY5UXIixY4JEb9xldqG6jqAQg3BBzwpDXDSAeyegQbe2UngchMmB1AhEjIc1VjJAKeOV1wOeEPGEJA4IxyuoAJzyjDhQg1zfdc0+6IuHhQgIprC4OXMHUntAIUDzgkxnI5SPKBG7wypA8wCH+wSlv49g5WcYUbT7qaYyo8jVaiVJYQJkxBwrCB2tuPVV3hlu+VIgdpxuihLbwzNOOSduDyjRuG3uo7ACPuuhxidvvlaoCZxySyARshtB1eicx+QnachPf3ISm0zoIwuoBDmu5RQRhXGXopjXsyMKM6nIyc8qamuGQhnDIcZFc6PSVzT7o87CTkBDAx3WZrA9ME+IdhhDa/GxCmuYCMYUWaEjcBAMTTCRylpG6mxyB4G4yqppdkbY/NHhk0kK4yfQqyC7ROLdwcpzT7LkbxI1JzS3fHKYkLT/AGdIyhub7pwkycEJzwQBsixlAgsY3CYJXtdscYTiTjhDILTwqxjkiwydT1LyQHuypoa0gEFUwGDkKRHVSQkDVkJkbOeQJwz0WiSDHWRvAGd0drw4ZWiO2SM0kxAHKeG52TtAT9PupsIC8IZ45USqoHSeZuFZafdckGd8oJVLBN+1lG6KSEgEJ8eHDc4VnLTtlH0qulgfC/YZ/NI2YGqakNfEDw391FfCWnYKU2oa4BrhuiMaDvpS3Bvoc5NFdqczYtwixYwN1ImpdW4aogY+J2cKvuXZNyaCOj9E3R7ojZGuAyF3GobI+GE3gjFmO674fujFnqFzR7IJLBaeTmn3S1eyWr2S0+6hQi0YQi3c4CMuaW+itsJoApdJXVNK7VFIQB2J2QfD90wE+iieC90kbG33Smq4xrcGyYwcqa+im0eIzcLDteQdjgq7tHU1dRODKhwli9HdkUZHRp1WIqM2XdPVeEdEzTspow5oc3cIkQtt5g8WleC8jJA5Cr5obnannwWGWPuPZFwzcrpVNSfMf7EqRmnGSmGmZICcD391Ko5qSvYCSQ7gg8gpVVNU0RLo/M329EfRpnCF1fyReUZ+vtDt3xEDG+CqtzyxwGFsoJIapmDpJ7hVl4seGmpgHuQqa3cHF1Ohx/qVFPFPsN1Mgq3wPEsLi143DmnBCrHxluMbYTopgDhwWedSYim2Vb/ufQXww+N8cbYrL1Qx5AAa2qb5jj3b/wCq9yikhqYmVFPK2SKUamPachwXw1DK0jAC9G6C+Ll76R8CkrHmqt0ZOtrjuAeP0WO2nHR9K+nPq+UMabWcr1L/ANz6fedJHdJrshVnT/Utm6rt0dzs1WyaN7Q4gHdvsVZdisrWD6jVbC6Csg8piJyU7Y+hUfJ187IjfpCVNuL4D2p8GY6h6Ipbm91ZRP8AAqHbkDZpKw0gqaCodR1kZa5pxkjlewquvPT9uvlOYquLDuWvaPMCtNV0o/kzheT8HC9fJV+R4vfunqa5QuljYNRC8vvHT9TRTOxGQ0HuF7lc7PcOn5MVTC6lycSAZwO2VX1lDQ3SDzRxysPB7hdGu3cj59r/ABKf+nYsM8FbJJBJ5jjHK1nTfVlXQBrXSuLWn17IvU3RU9PM+SmYSzkHCx8bpKeYteS3SSCmbkefhCejnta4PoCx9Q0l1ha+OUA4wQTuCrxjuF4HZ7w+keJaZ5PqF6h071dBXhjZngZ23PCBo62n1EZr7jWObkIA1RP1tJBUjU0DPY8JpAOMFVGex5RrnUprLDVdNT3ylDXYjqox5X9yl0/1BU2OZtrvDC6F50teTtlAALTkHBR5ooLlTmGoaNYGxXV02ufUjxfnfpqrVQcork0lXRsLRXUDwWO38vZTrL1D8tIIazO+wJWJt1TdenpjguqKYjDmOPAWrppaC9wAgNa48DghdWL3o+Q63xd2hsxYuDdxSwzxh7CCCq6roZICaiHduckDkKgoLrVWWT5eqa58QPld7LX0tVFWU4lgeC1w7LDqdMp9gaPUy0090WVTJSCJoziQdvVKoZHdIfwxVUe+2x/9UevpXRNEjW4GcHCiRh0Z1jn1XlPJ+NhOPR9V8D5tpLkFSzPe40tX5alvBPDgrmiuL6XEFSNUZ2yeyrquKKvYJI/JKz9cpUU3jg01VtI3bJ7r5z5DQuuTbPtXhfJLUVrLDdQ9PQV8BqKdoIIzt2Xlt0tNZaK352iLo5WHJxtlew0Mr6fMZdrYdsFV1/sMFwhM0DRkjO3ZcC6lo9XVZngB0J19DeYG265PDaho0+buvT7LXxsYbZVtDoZMjccBfNtbaau2VnzVMTHJGc7d16Z0V13FcoWUNc7TUsGAT3WKUTRKrcso0ldQXLoa9m7W/LqOZ2SG/SttBXUfVNuFRRkCUDUWjsVBoqunulA+03DS9kow1x7FUNPT3HoK6eIwudSvIwewCZTN1vL6MV8VLr8w12tENwhkpKuBsjJAWPa4ZBC+CP7RHwVqehOo5bpa4C631bsN0jZuNwMduSv0jrqKKvpWVlFjDxrGO+eywfW3R1D1lZJ7TXwsexzTy3JB9QvR+O8hLSy3R6PP67Sw11Trs4Z+Vhf5i3b9UVjs52W8+MXwtu/w/wCpamnnpyIictLRtjK8/avpOh1sdVBSifIfJ+Nt0V7hNf4/wS2OxjZSo3eygNKkRnOdl0ovJxbIYLJkhLd0w8lCjeO5RM5TkIccCT0JOUKCDlLGCuLucpclkjJVurXUNS2YHYcr0G2XL5mBr9jsvNO+Fpel7jo/kPd9srja/SqacjseG1cqLVXJ8M2weH8hQrnQtLBPGMO74R4iDuEc4e3S7heVurfR9G0t2AVjrXMc1jncHBC2cD9hkrzqVr6Kqy0kNzkLXWuqdVRtdqyMBcm+vDPR6K/c9ppaechzSCtHbKw4AWQhfpxurGjrXRvBBxhcq6vceh012xm5gqdWOyr79bvHjFXGMFq5TTNe1pY76hnZWg0yQ6H7hwwsahhnW3fIsmfopfEi0OPmbsUTSQC1R543UNYRjDXFSyQ5ux5TVLDFyRX1kHixnbIHI9VhOpLSQwzRtOHE7ei9DeBuqa5UglyMbei6Wk1U6prByPIaVWQZ4jdaAsySzGFRSsLXZAyvSepLY1viaWY5WCrKbSMAL3nj9UrK0j5Z53xrTK92HMIIVVVQkE+XAVk8mN+CE2SNsrctHK7db3o+f6it1WPJTYc05PZW1iu7rbUg6jpccHdQqiIMOA3CiaSNspV9SnFph6XUy09inE9a8USxR1kByCAeVYNc2ZrZW8kbrA9K9QCJooap3GwJ4IWvpqoxP1M3Ye2V53U6VxPoXjNetTHKfJqLNeJKJ4ildlhON+y3FJM3VHKDljl5nG9s42HCv+n7y+nf8nVvyz8JPZcW+pro9hodVxssNlerTDcqYkNB2Xll4tslvqtWjSAefUL1akq9GMnLHcFRL/YKa507pI2AkjOAs2OcM6FtW/lGAs15fSAZccZ3C9BtN4jrYWhz8nsV5bX0c9sqHROaQ3OxU+y3h9JIPMdOdwl2UqQqnUOiaiz3Lp/qBlK8U0pBa7grSVtPS10Ye0jzDYryWhuMdRG2eJ+fUdwtn09eTO35WR2SBlu64Op0bUso9NpNXlbJsl/73aqjUwktB7dwtvYLyy4weG53nYFl5sS8hQGvq7bUNmgcQAcjHp6LkW1NPB04TafB6gHjjPKRkLNxuqa1XWO5QNIcPFaPM31VpG4AbrPswOUskhk5J0uGFV9R9OwXamMrGgTNGQR3U5w1kadkSKfSAHDhVFuEk0RrJ5g0GCb5WoBDM6HD0Q6qlMLy36mO3BHotz1R0+LjF85QxtEzN3NH4v8A1WUcBM0RO8kjPKWu9V16LnJ5Md1WTxP4wfCOl6spH3C1whlyYCWtaMeIvmOop6mhqpKKrp3QyxHS5rhjBX33V0j2uGQB6FeNfF/4PRX6B97s8LWV7AS4NH94P+q9v4XzHwyULeT5t9VfS61UXqNMvu9r9nzQD3CcCcpr2TQTOp6hmiRnISX0OFqmsnxy7TzoeJBxwnjfKCOUZn0hPRkawdSSSTAhJJJIwQqEkiqF9gkkklChJw4TV0DJwhayQHuDwiNkIGMInhAjOEMxnPCoJPIQHIykhJK8kJGR6rpDSo2H+qfkq1L+wA8t9lzR7Ja0tfsrLHafdN0FODsdk/UMcKFAl0cpyWCrj2JlLLHAd11JJaorCL7EnYHKanIgTgByitJAxhcLQOAigY2RxjkhzBPsugFpSacuCJpaQNk5RwU5jcDA9UYNGdkwNI7IgaSmwjkCTCCMIgYAcofKK1u/KcomebO6QCAOy6AcjbZPbwiADKfFYKc8jWtzjJRWtxgpBuy6BjujESluHhoC6kNkkQwS6Dg5XF0NJ3ARN4EhGyA7YRQRhRCQOU19SyMeZ37q3NR7LSb6Jhe1vLgolRXMYCBgqsq7lglrXFQTJNUH6jhZ7L93EB8KWuZE2ouL3HDRnKiCNznZIO6PT0xOC4Z+5UsQtH4UEHZLmQyThDpEWOmwM4wpkUQbjb912NvoEaKEkrRGC7AlLPQmR7gAKxp4AMHTgJkMQ22VhFHpAdjCjaiRLPIo2NYBnbCrrlcdWaendsPqcP8AJDul1D801McafqcqSWYMGOcpN1uBqXpB55QwbHchV8khdyUyeYvKaN8rnWWuTHRid37nK6B3SaMlO47Iey+jucBPH2SwnpsYipSwJPa0532TmNJ7I4YDjIwnxjkBvB2NoIzhFjjAPH7pzI9uEVrCDwnRgInYdhYPT91KjaMDZMa0DcBFZ2RGeUsjsbYQ9KIkrk8ADVw8IhxhZy8XptKHGN/G33WezURr5kNqqnOaSQ+9XiOnjc1r8AbH3PosTXV01VKXyE4PA9FytuE1U7MhyM5ChkknJXldb5CWok4xZ6KjTKpDycriSc0HK5T47NkINsYAcqUxuw9UmsGNxuigdkmyWTo0VNcnPDBAACkwREn0SiZkjKnRxbABuT7LMuztU0vCaFDS5IIHJXpvQvQ8srPnazS0HBa0jdROh+ipZnx19wi8vLGHt7leqxshpYmxxtAAHZaa445PXeK8XjFliDxFtJTshaB5QgSzSSO0tbym5MrhupdNTHILgnZ/R62MVjg5S0b34fJwrBkLWN22ykyMMaBhdJGFHLI6MEjrn4/NdjDiUEE6keN2OyAZgIWgA5cqu617IYdGRk5/JTayojhj8V7sALJVErq6pc9hIYDkk8KpSwLm+MDMOkcXnJ1HlWtHQv2c7bPHsn0FAdIe5o3GQreGnbGBlVkSq97yAhpsY24UoNEbQcZTjgDYJj3bYV5Gxgo8kOcGSb2PZHgpQ0A4wnMgLnZIXZZGtaGjsjSySQ2TSMAFDZkuTCSTsjwtOQcI9paeSbTeQDZSvEHp+6hRu42RjkkdlQ+AYP1IEzz9I7pz36Gp1LTukLT6qDlzwNhoTMQ7Tvlay10ENLG17owXAKPQW5rAMt2+6bcrzS2xpGrWW9sqZLliCyyxuN2iooC+UgDsM7rzXqDqmquEroad5DW7HBUW+3+qu0hZG4taTgb9kK324aBkZz39ShlJgxk5PArZbHVDhPOMkcArY2mymXzyOx7YXbJZjLjyacDbK2dBbvlIxsN/bdZbHlnS0+lcnlka22uGA6tOccBW0ULewwnRwejcIrAGHcJcmdujTqCOww5OcI7WhoPdR6iqjpWFxIz91UyT3K7SCnp2+HE7cyHsEhybNaSiTKy8U8LNDDrnJwGD1TGW2qry0XDDYzvpBU6gstNSzCd7fEfjAJ9fVWZGXbDJKCb/AESSyDpqaKGJsULA1jRjZHAwMN3PZMlnhgGJHafZU8tVcLhqhoWuhjPMrhg/kkTe0hZVd1ho4yZRmQcsChRQXK5/7w+d0FO7iIHDvzUqkt0cDAJB4jhy52+VPaQ3ss7k2XGICnpYadjQxnmHLu5UhJJCEPXRyuJKmWlkK0gBO1eyCOU/IDUDZYTI9Usj1QCTnlcycZyqIfLiSSROF9qP5uDiRjlDJwcphlwgunGCo3gELJNgYwo0k2BuUGWpycBR3Fx7pUrMG/SaC3VTxBBX1GcgFRnOc4nHBSAcTueUdsQwDhZ7LvR7rxX0x/XZyRwwkgkIrIxkZCIGDOyK1gCyzuye30nioU84ONiGNl0ANOe4XTIAMBBdIcHGf1WWdueDr1VRjwgpqO2lCdKX4HCGNTjwitYUpts0xjg5jO+U9rACnhm+AiiMY4yhCGta3SNk4NAOQF1ccCoQRIwmPcI8ZTZaiOFhcXb9gq2apfPs48JkIORk1GqhSsyYSvrNZ8GE7DkqPEMYzumsAByVWXO9xUYd4b92/uVpjVhZZ5rW+Ti/vkyfV18NBGZJCPYZ7rD3u/T3AOawlhJIz7eijXG6z1kplkccHgeird3OJzyhaweV1fkbNQ2lxEaxjtXqVKjYdlyKMbe/dSo4xgbJkINnJlPA0Rgb4xhEDMu5RBG4p4b7J8Y4FSk2cAGEMkhEJGEJ3KaUo5GveTsNlx24SITQcqDNiRzB157Ig4XBuc4T8bYUKazwNTXuAGUx78cd0I5zlQJIdJIXcBCe4gYaMkrs0zGMyeew9UqSlfJmSQ4zwChayW3gEIJZnDxNmdx6qWxrYxsugadgUx7y4qbcdlKWTjnHJ3TSQE4kYQsEnAVYxwMGvcXHAXY2EnhFbASM42RGRd+MKkim8HGtAARXNABKQ22wmHZG1gpSyNPKYnJqEISbpHZNDXA5wkTgZVylggiEF0oAOAkZORhBOOcpUpYDjHInSHhRp37YHdKaQA4CjalmlPcPjHAi4lcSTmg5QDujgBypTQAwJMY3GcJoGfyUA/IbjfKfhunPddJZue6EScqEEedlxJJQgsb5S2IIyEicBAycqMgTv90aGMlwKFGC5wCsqODTjUEVcMsXOW1B6eINYDhSHYASaAAMBBmcAFo/Ayt7mBnkwdiuNdq7IZOSU6PurNEFgakkkhl0WPSbDrIDeT+6XJWw6C6YN1uLKiRrtDTgbLBfLJ2vFaOWqtVUVyzUfDDo4yPZXSQ5xjJcF7ZFEymiayNoa1o7KBZrXDQ07IYowA0DV7lQutL7/DYfl4CNRbl2CuZOXOWfXfH6aHjqlBLkzXWvUE0kjqeOXfjAKpenbaKqX5uoGRnYlVxEtdVAOJe+V3K2tHQtpKdkYHAWayW42KDts3lh4gY0YwMdigT1mkdv1QZnhgOSVXy1BcdIHOyzTlg6kGyTJVPncA0YyrWgomDTgZedyUK228wQtknaC47jPZXVBTujcJns2PAKWaoLgNDTHSMhPqquK3wmSQduMoxeG7gLFdS3aSWodBE/ygYRFW3RpjllTf75PXzuY1/lzjbspvSnTktTKK6fAazdrXDP5qFarQ65VbMDZhBd7r0qjpWUsLY2MAACXOW0TpaVqJ/LMPCfl4Aw4JAUCqmMrw0cBHqpseUBR2DfJCxX2po79UAlNEcjLc5V9RUehoke3c8D0US2Uj3ESOGAPVSqyqMbgxhztuuXbPea4rYOLvHqW024YT5sd/ZWehsTQ1oAA4A7KNaoA5nzbxyEd+p52BXKssbk0Phwhjaf5mcNzgK5ggaxgY1oACbRUjYWanbucjueIxhZZTyPTyDc/wAIZ2Weu1yzJpblyfd7o4EwtOMKkj8Wpm1Z/XsllkyHMztZCljDW4QYQ2NuwTXv7lUEGJ5JKk0EfzMpaW5A5UKNrpjgArQ0cMdJACGjJ3JS7H+hyW4LLNFRwZdgADYBVUBqLjUFgb5T+yHUSzV1UIxnc4AWqtdrhpoWgM83JJSnyFjAWioYqKEMY0ZxuVKJx2S2Gx2VLf8AqKC2QOiEmJXjYJclnopvBD6o6obQMdSUjtU7mkf8vuvPXvfI8ySO1OduSUeed1VK6WQkuccklC0+6bCODNZPdwNaCSMBWVDSPkLfLjuSUCipnzSgNHHJK0EUHhtAAx7preCQg28j44ywBoGVc0dMIGa3Y1OQLdTNcDUSNzjZuVO2CROW41pcCJwqy/XL5WmPn0aufcKVXTinhMvovObxd6i4VTi5x0g4AB2WiqvPIi+WB1Vc/mHERjA91Akdl2cblDLtPZTKOne45IWlRUTL+TC2+gMpE02zRuB6q2c/U3AGAEOCN+A0BaHpnp991qml7Mwg4Oe6XZZGuO6Q6KwTeielhcqgXGqi1xsdhgPGfVeswxMhjDIwAAFFt9FBQwMghia1rRgAKewEnYLz2q1HySyEPDcbojQc8JzGcEhFaBhc+UxcngQ4T0k/sFQDlgSSSShQ9JJJQgkkklCBCRg7hAPKWT6pii4IJJJJQg1JJczhQsRXnPxFvdVW3CLoywP1TVA/3uUf8JvduVpOteox07bg+JmurqAY6ZhP1SHYfpkFZnpKzPttKam4HxayoOuSR+7ifcrRVDIRbWW009ht0VBC0EsG7h3K7cqxlNFqcRuDhEnk1Ak7Y3WSulwNVVEA+RnlAWqEeRkINgXymWRz375UyzUU1VWNcM+G05cQo1JTSVkwijHPJW4t1FFRwNijYBgbnuSmTxgaSqaNkTAyNuGjhGdwEmAAbJj+VlbGx5ZzJQtPuujkrpOVEsjnLajgGE1xyE8lRKupEcesdkyMclNlde7g6FvgRO87hv8AZUlPC6Z+c7nuu1c7p53PO+TsrS2UfhNBeAS7da4rBFLJOoImQxtDWbnkqa4NDckj9UFrWsZn0UGtqyY/BjyXu4Cg07O51dKIIvoacud2+ynNYxo8rcYACj0kPgQAEeZ27kZ8gaCoTAKeQjYFQSS479iizu1HYoQ2RwhllN4HqBd65lBT+I52DjYeqlTTiIZ24yvOr9daitq3gyHS0kADhdnRaR2ySZh1eo+KOSLWVL6qZ0jnE5JO6ju3IOUzPOSmZxk5yvXVaeMIqMTy1lsrp7pBXyeG3bZS7bAX4lcNlAijdV1IiAOARlaSCAQsDQ0DCa4qJcY55HNdzsoVyrHQQksxlS53thidI87AZWWqauSomc4nLeygzoBO99VKXuHPZPiiEYzhEYxoGSN00v1HAGyfDgRNZHaNWwVtRxtgYNMY3G+VGooHSO4VnI1oiyBxsilLAdcMkeVxf5WjCc1oABOy6xgO5UKvqmty1vZXD7pJFXPZDIG41weTBA7jkqA3DcuOAU10uXE+qxnXfVYtMHy8J/mEHYFdvSaRzkjynlfK1aSp229Iovib1lKyX+D0D8OLfOQey8xALyT3PJRJ5Zqyd9RM9znvOoknJRoKcuI2XqdNp1FJH57815e3yeod1n/RekjkEXmGQrmkoXzgFoGEO320zycbD9Ar4sihY2CBvG33K6ddaijz1lrfBwlrI208W2NiVBuMxpGiGFwM8o2Hopdwlp7TTOlmkzUHZseO6J03ZpK3TdK0Zc85Grt7BVOW3g16DRz1c8ImdL2ABvztZH5ucHur6vukNFTl7wABsAlVVcdHTE40sYMled3vqB1wqXsZJljOwOAFkvsWMs97VXDT1qMVyK8XiW4yvDZSGt752AWGvXUBm1UNH9A2e/8AqPsgdQdRCdxt9vOGtOJJB39gqumi8uSF53yGrz9lbLc3N4ONaS7OFNiaB2Q42gHhGZyuI032aqYh42AhPlaA3ZOiB08IhGVMYNyh9pVzAZwhtRKjPju9EPOCl+sGaawwkR3HupZOWDKiD6gpsGSAFcHyOqWeCHKzzZIUWpaNjhWE4AIUaYAgFbqn7MeqTacStLd901HcN9gmPafRPbysHClHDwNZypDTqGFHapUDdRVBVvMsDTGMcKNLEc5AU8xkd0GaPIGFf+BllWSKMdk5pOU0swcpJif6MsljgOWhzcoLCWP0FOY4t2O67I0F3iaeUSAwELQ5uQo5GDjGESJxbsd0pmF3AUSJ12R2fUFJBGOVG0O9E4B4OefzVhskJJjXY2T1CjmAhkHKOmYCpkAtUiI4wAEzHuuatB9UnDyRcckwEOaQAgOjOeEamc12xRZKcOG3dGnwOS3LkhFrcILTg5Uh8J3KjujcDsgTwJnBok09SSQCFLlbloLVVNJ1A+inwTgjB7LVCe4TNYCMkGQ3hTG4DQQcqA9p7IsEucMPKfCX7Eyj+g8pDjsmR5zyn4yuacIwQw4SIymNIBxlFHCaLXBHfGCc4UaQFh4Vg5vuo8jMjOMpNlYcZEVqc8NI2TJGlp24SYdkge3gE+MDcBDHlPKlO8wUZ0Ryga4LUskinqMHBAwpwc2Ro4VSRjCPBUluARsrhPkGyGeiXNHpwQOEmyh+BhPY9rhgjKBLC9j9bCcHdOxxkS1wGfGMbIIOOQjRvy0Bw5TiwKJgPMeSO1M06vKThSCD2GUzDu4QSTCjIawFmHAKVBWgEB36IKQjaRwopSiy5VqRbU8rZgSFLG/Cz7HywuBYcAe6saO5iRzWOOfVaY3ccmWytx6J+CE5OBa/gcJaHN4CankRnPA0DOU2WkbK3Dht3RmbnKLpGMKsZAU2nwZ6vtr43B0A43Q6Wq0ENndx+S0rWtzuFArrPBUPMsQ0n0QSrxyh8L9yxIjNdHMPLuEGemDu3KGHPoZND4yWhWMLmVDAWpTipBqW3lFNNTPiOQF2E42cFbSRNIIwoFTRSDzRjIS5xlDlDFYp9jMA8FcLMjGUFkj4HYeFLbK1ypS3dhKWOiKYgd8IJ2KmkbfdMMR5wi6KyCTA1wOcZRCMLuAhayNTOZ2xhNdECPKN0/T7pB2/CoYwGmWN2SzZFa/UNhhG2c3BCGYN8+qgCYahqqihkEtNM5jvY4W3s/VdDWMFPcR4T8Y19isHjCcQTwVabXRr0+plp5blz/b0en3Dphsw8Wlf4co38u2VAorw+3vNDdYydO2SOQqXp3rWvtDI6apPjws5zyR2GfZb59NZeqaJk8RjOsfmCic5f1HYo2WP5tHJQs/5fTKmo6cjrmfOWU4Lty0O7qHBcGQuNFcjokB0+bunyMuvS9R4XiOMOctd7K2ko7R1VTeI9rW1QGzgcZK0JbefRcbFqc1pbbV2n7/wU1ZYqWpaXxgAkbELLXG3yUU2lzCPTK0xnutglNLcqV7omnDXjc4Vu6noL3RYOk6hlru4KlkP0YnTHUfZ+M16Z55DOWuweysmTB7BgAgo936alogXaSW9nNWf1VNLIRrO37rNOJkj8lDxNG46V63vvR1zbcrTPhx2fGfpeF9KdDfEyyddU4dTNdT1bWjxYZNjq74C+SaeUTRh/wCqnUNbVW6rjraSd8UkW7XMdpIKw2V55R7bwH1PbopKFvMP/Q+03MwkvKfhz8bKW/MitfUsrYKpo0iYnZ/pn3Xq3O44WOVeWfWtDr6fIVK2l8CSSSQtG/KkCmpoaiMxTxtkYdi1wyFkLz0SdTqizuZGOTCdh+S2hICiySF54xhEpyg+Gc/V+Pq1UXuXJ5TNHpc6nrItL27EELHdQ9DUtxc+pow2N7uR2XvNfaqG4sLaqBpd2eBhw/NYm+9M3C2jxqeP5mlJ84b9QC11254Z4/yXhXGt8ZPnKrp66xVLqeZhbg4BxsVY2u7DbGWvb3zyvSrtabbd4nMfCH6eWvHmavML/wBP1ViqHPja51O45afRaFJM8TZpbKXwj0fpvrgOxTV79tg05W5p6yKox4TtWV860twjJaHOIcO63nTHWjKJzY6kFzSNOcq8o16bUN4hYestAcOQk5pGHBV1vuMNXE2WJ2c74yrNkgfjZRScejpRiphoagSjwZ+eAUwMqaCpbUUziWg509ik6IPbkDC5HNIw6Scgditmm1llUstnnPL+Bq1cW8Gmt17p7w35OrbokxsT6qwop6qw1GC4vgd29ljHeFJhwGl3qFe22/tkibb7gNR4Y8rsV3xuXJ8h8v8AT1mkm5QPQ6C4Ul0iIixkDcFQ62AwOwW7HghZyGWS2TtqKV5GeR2K2Frraa8wZIaXgeZpWTV0J9GfxuqnTNRRSEYOW7ZC48a8ODg2RvB9VZV1uNNKQB5XcKslhc0ryHk9DXNZSPrn0/5xwwskumrWuwybZ42yp0czSMAjBVCMA41blSoKpsLgJCvBa/QSrbbPs3jdZ/ISYrzZ462MyMaA/HbusNU0U9sqjNDlj2nOQvSoqlr2juq672mKujc9jQHLgW0PB6Guz0O6X65jMUcVY7EjTjK9XtlfQ9SUPyFwDSC3DHk8L5ymon0c7g4YwtZ0z1JVse2nEpa5oyDnlYpRcHyLv0/yLdHho9VpZ67pCtNFW6pKF7vK476VZ1lIx4FdRkPhk327KLaLrR9RW8W+4lplAwHFNop6npmrdR1QMlHIcAncBPpudff4nBtju4/qPN/jJ8LaH4iWGSIQs+aia7Q7G5X569f9D3Toy7S0lXSuYA4gbcr9Wq+hDP8AfaMh8L9yAvFPjp8FLZ8RLM6qpKZgrIT4mAN3EdvuvX+P1stJjHRyfJePhr6XW/y9H50sfkcI7XeyndSdN13TF2ntNxjLZYydiMbKqc8sIwM5X0DR6iOohuifJvIaCejnsn2iaJNxujMfkKvD9WCpML+Mrcnk41kMEtJNDhhdyEwThj08HCEnKNZKCg5/JPpp3007JWnGDuhLpHO6z2171gtPa8no1qrW1NMx4IJxurKOQY+6wXTdwdBMKeR3ld7rZRTHYFeT8hR8Uz3nhtb89SZIqImTMLHj7FR7XWzUdSGhx0E4wVJa4HcqNVQ6neJG3GTlcW6pTR6rS6lxkmbaCQlod6jKmQvw4HCynT90e7/dZn5x9JK0cbwCNlxrq8SwerptjZFOLNLbKssGnIWjpZy8DcLD0lQGkEFaC3VzXAAlc+2vB2tNdxhlncqP5pmtg8w/dVbCW+R2xHYq8ppxjcZVbcYNDvmGDZx39kqOc8mubWMkSVxGMKNOARkjKPr1nGEJzS3bHK119ma37+zJX21GfUG7Fy84vlv8IlwYW4OCMd17LV0+s50rDdTWw6nnRnUV6LxutVUlGR5HzPjndHdE8vrKYndo7eqhwu0MDHdloaylMTtL2/ZUVVTaJC5vBK9no9XXOW3J8k8z46yEtyBzQNlGRsqyaExuKsopCdiE2eAPwQunKKfR5lNp4ZXRHQ4EcrW9PXZ8+aWZ2XMGW78rKyt0cBNp55qeUTRPLXArnanT71wdLQ62WknmJ6tbK6NswilOM8K6qYnA+PFnA32Xn1uvTKqFrnbPGxWxst3EkQjncCOF5/U6WUOWfR/G+ShfFRb5NhYL42Vgpah2CNmkrSQ1UkR8rtvuvPJoXROFRAffZaCyXoTtFPO/DhsCVxranzJHrNLq8S+GffouL/YKe60xniYNZGSAvMqylmt9SYntIAOAvW6WpIaGE7Kn6o6bhusBnp2gStGSB3Sk/wBj9TS2tyMfZ7tNTytAf5e4ytvbrtq01FO7BHbK83dFLQ1HhyNLS3ZXdFWmIB7ScHfY4SrKlIDS6t1v72e02e6irgaZXDWOVa64agGF/pyvJrXd3agYpXMkHvsVvbZeYauBr9w8bPB9VxNVpGnlHptHrY2rlls11Rapm1FO4lud8Fa23XmOugbIweYbOCykNS2QAO3+6JDrpZjJTSFgdvgHuuTZU0zqQsRu6ao8Q4I39EeRmwcAstR3SVzR4mAR3HKuaa4Odhkh27ZWWUcD08ltTSaSNwSFn+prKDObtQwgbZmYBye7lbAnOpjiCisnP0yDI9UVdjg+wZLKMXppa+DQx2Tj8wVU1FKYHFjxt2z3WlvtsjttR/E6RhbC4/zmjge4TGQwVkYdgOY8ZafZdOm9PlMy2U5PnP4yfBSHqCOTqLp2LTcW+aaMDeo+5/8Al5XzVUUlRQzyUtTE6OSM6XNcMEFfoRcLc+meRjLDwfReO/Fz4PUfVtNLeLLCI7kwatIGTL9z/wCi9r4LzXxP4rD5p9WfSsdXF30L7/7I+WEVhAzkrtzt9xs1Y+hudK6CaNxaWu9kAu1EY2X0aqzeuD43fp7NPP47E0wyegjhPWuMciR6SYkp0CPSSSUIJFQkVQtCXRyuJKFhhjCEeUsn1XFbZSWBJLnij0S8UeiovItDfROG64ujlTBBwb7JafZdBGF3IV4QvIPG+EsFOHKM0MxupgqMsgADlGa0Hlc8qf8ASmRiBwDSTk7S70T4xyX2NXWjJxnCKGkJYI5TYxbKzgd4eRlNa0gojY3HBxt908Mx2TlD9C3MY0OONkZm2F0MPYLoBymxgBuHgDA2RC0DskDgDZFGyalgXOYNsZyjNbsNsJA7fSuhxJxhOWDNKTY8NRQzBzlCDcovhn1/ZMLY8HHZLV7JEYHKadP4nqm8FJNjsFIDJwgSVsMexfkqFU3bIxCVTtiuwlCUi1JEY1HZCkuFOwEA5P3VI6pq5js7lBFLUvdlzcJMr9/EA40qL5LCouRJ/ltUNxq6knDchSaeiO2sFS2weFs0IYxss/IY3GP4or47c55BqG4IUmOBjeylrgYStMKdvIuVkmMa0NGAnYOUZlOXFSGRMY3zMBKZn9CW3kFFTkjUdkaKIZxnCNDCZH4A8o3KNNPQ0LdeoF3ZBKW0ZFZE2JlPC6aV+kjj3VVXXh80ZiikUa43aerOguwwcAKsmma0ANAJws1l8V2PjANNO2FhzuSoTpnPOo8LrsvOSd03w/dYp3bhqjg6fuuJYKI1pBAS0shuSQ5owOEUDskGAAJwatEYiZSyd8PjZGbFpOUomFFa3cdk6KyA5YOhgwitbgp7YyQMb5RGMyU6KEymPibgIzQMJNAA2XU2LwZpSyOxhdSSVtgDk179AzhcfIGjlZu79QiEup/F57rPddCmOZGiiiVr4JN5v0cMb4434A2JHf2Cw9ZVyVchc/6ewXayrdUyEuO2dggEryWt1ktRJqLPQabT/EuQZ3SSTmjJXLbwb4R3PCOxtLjnCM1oG5CexoaBsnDdJlM306dvlnOEaCEvKUcLnnYKwpacsxkLO5bng61GlcuENhi04HdbrpHpaaqkZPNGN8YBUTpjpl9dOyWRm2dsr1u322ChgaxrBqARwr9nrvE+N4UrF0SKKIUlOIdtguOldK7SNkyR5JwFIoIS8k6U49VBY4QelidsS3CsYxoA2TY2tY0Zbwul5GAAjNUVwFTdzsuA5CdkIc5GjmxgdkpCGNxkYXS/SqW5V/iONPA7/mKqUsdEbwiPdKoV0ogjcQG7Eo1BRsiLdTcgcD3St9uDnmSQbhXkbAxoGgbKLkTjcxsceBnGEVOwAm5woGN37lJuM8pjngbLkYcSpkJ9BXENaoMz3HtlS5hsN1H0+6dEVJZBwBxdk91YMa0NUeNoBGyICc8o5SwFGOWSI9sp5lzsGprGOcMeqsKK2uc4H1QdmqESNT081RK1rWLQUlAyFgyMlqfSUrKY68AZHqqHqbqmKhjMUO57kFXJYLnZ8fJY3jqCG207mtcNXGxWAqq6e5VBe7IaeEE1E9wkMkhyDuArKgoyckM4VClKd7wDoLUHuDy0lbSy9PNw2aQDAHlaQu2WyOaxrngb749lrqKgMbQ53fj2WeyeODraPSSzmRylpGsA8gbj0Vi1o29k1kQAwClLK2FuXnbusspZO3VVsQdunG2FWVt1iZJ4EA1zD8KA6snrJhHSAljuXKyobXBSzGdzQ6R3c9kqVmOzUuCBR2uorpRU12dB4bnhX1PTtp4wxgAGUUYcM42CBXXGmt8JnmlDWjvlJlPITZMw1rd9lV1t1cw6KEa5+2OFCZU3DqAFkREVFwZOHu/5VZ0lvhomBrDqPqeUpzI+SNFQVUpEtwkDnu3wOytIoRG0Dsu6RkH0TxskzluDSHADCGAdRPYlcaTqG5RQBhAGdHukklyCRvhQg9JBkq4If76QMHqSor7sZDpoKOWpJ4cweT9UMnghYYOM4QJq6mhOmadkZ5w44QI7beq9wdU1/wArGfwRjLv17KXT9OWuJ4me01ErTnVUfzN/zQEIpugkyyhp5KiQejfKfzR46K+1zA2oZFS5/p3cB7/hV3FGyMeRjW/8owiNJHJKhD5BfNnGyFJMMdlHfUNxsoz5SSvs7mkfzhqqlc9sCQ6Y5OFFc9xzslr9khk9lmttPVeM+nZWf6lqBEOJySjNYMDZd0d8Lug+n7rLK79n0Txnh4URUsDdDQnAZXEjwUic20d6FKr6HGQc4/dDMhxp7Jmkk8ojYieyQ2aEsnGkn809keNyERkZAzp/dEY0tzkIJRyNUcAgxoRg0DgLqeqCGJx2SQnTAN4RRjkGUlHsc6UDKjVNU3TgINTVKC6UuJJT4UuTOR5Dy0NNFqLOzzOkd9k0YGSTgIUs3h/5rN33qNgDqSnccjZxHqtUalWsnidZ5h2Zw+WTLvf4Icwxu+5BWSqKp0uxORnZAMvinJ3+6a1pJ9kM36OJdbK17pM6DlPY3JT2RZBRood8kK4wz2JlLByOEjfHKkxjBT2sAAwu6fdOjHBnlJseA3ShOI33SJ7ZQCTnlGRLkTnEJi65cUHx4Qk4DCfjCR2UBnMHp91xzsDhdJx2SIx3ULAhpJyUOpcGtwMJ75cZDQnU1MJAJH53V4yE3gDTUZkLZ528cBTn4YNgneVgAHCE857Khb+8EScpp4XSMLh3VyWQgHmc4gFHiixg4XWRYIcRsijAGMKlEtvA5rMdsLrgAM4XdXsuOORwrwLk2wThg4CGiP8AqKGqLQk1OTVTeBiFkeiA5+QUUu24UWR2cjHdZ5vc8DEsg3HdAmd5eU5zhnOVGmPG6TOZojHANxJO64NksFdAOUAwcBlPwGpDyhNG/wCSogRJIbJKEG5K4kkoQSSSTvK37qN4INeM8IYbk4ylk5KkQREnJCFJzZTeA1HBl4yNgrNrQDsgwRaRwj4xvlaYLaZpvcP/AAqHOTnGUeZwAwCoZ5Ka5ZBhH2JJJcO6pjuhZC7jKGAc8qbRwOnlEYbknhZLrcI36PTK6WSZYLRLebjFSRtJ1OGfsvo/o7peltlGzRAA4Ab4WN+GfRDqNra2oj/mu3z6D2/deuU8Ap4g0DjkrnW2ZPqv0/4mOlrV0l9xFulbDaaB80jdx7rx+73Se6VkkgzpJ7nstF111DJV1poad+I4xh2DyVQWmkE0gBbnUVhskduTcrdpb2G1xxMbUyNzI4bZ7K5mmDG7nK5ExsUQaBjAwq6unIeGNPus+TfCO1HKmpL8taVPsNt8fXWzsy1hw0H1UO22ua41LY4gQ3l7uwWze2Knp2UcbAHYAwOyRM30wzHIOCJ1TIA1uA3k9lZybNGfwp8ETKWnADcbb+pKrrpcY6amfrOCc4Qjm9hVdSXn5WM08DwJHDfHZY2MOqagNeSS47lOqqiSpmdI9xJJ7q+6dtOrFQ9md+SrlLBkad08l9ZbZFRwNexu+N1aPm8MfSFyJrWRnAwAFEnl35WS+R1NNSorAnOdI/UTlS6OmNS4NaOOSgUzPEI99lp6KjipoWgNGojJK5d88nWqh+wUsgpaYtGxAxlRLXTPr6rBBc0blDnMtZVeCCTk6QAtTb6CG3UrY2Nw8jLj7rnWzHpYYjE2NojY0BoGAAn0sPm1Y4S3dMGAbFWEMYYAcLnzeRyWRNLWsw4gLPXu8sizBC7LuCVKvNzip2nDt+BjuVjZpzNKXZJz6pPORnCQ90ksj8uy4/dToWeGwDudyo1K0OaDhStmhW3kiQQux3Q2F0sgaBsuta6fBarChpcyNaGjJylSe1DoxyTLbbyWa3kD0CVxqnNxTxu3POFIqp20FLsNzndCsdB85I+tnBIztlZ28hlnY7W2NjZ5G5e7ueyvwGsbhoCjsI0kAYTKmqjooXTzuwxvJVSZb45I14uTLZSuqH4JA2GV5dX3CW41LqidxcXE49h6KZ1Bfai71LmteRC0nAVUG4GwTK455ZmsnngI1SqamMxHKBExznYAV7bqZ0bQ57Rk9k3oqEcvJJpKZkbGhrAMfurGnpmyvAdwN0GNuSGgYyremgbEwHG5SZSya4pRR0AABrRgDgIU8mgZUl52KxfV/UDaXFHE7L3DJwUVccsk7I1xbZWdUX+eeX5KCTGedJ7KiawYGShRed5lfnPupVJSy18ojiH3K2L7UctTlZJyY6hpHVMwaG5x39FpIKJrGNY1vA5CPbbUKWMN0jflXlrtL6uYMY3bO5SLtQodGquGSLaLLLXziGKPA5c48AL0+z2iC207WMY0EBBt1pjo4gyJoyeSriCM4GVxdVfK6XI3GA8YGRkbKVC0DshxNwPdGZkHhc2yfOAG8BQBgbLo5XWnI4XVSM83kcOF1JJQEekkkoEMSSSUIJJJJQgkkklCDEkklCCUS6VsNupHVs7gI2cklSyQOSvMeuLzJfLmOnrdMfCaP5pB/EmVRcpYGwWSttfzXVl6d1LcCfAjP+7xvG4HZa1jyVHoKRlvooqZjRlrRlcrqyOkp3SvcAQNl0owS4HfH7K7qO5uhaKSB+HOGXEenos7AwyOGNyVx80lbO5+5yc7rUdOWRxAqJohjsCia2oKLUSzsFoFDAJJgDI/f7K4H1Bc+kAAJNOXBZ5SyGHb9KA7lOecDlDAJylMOK45HrjV1NAyCmQKl2ckeGj1WRvNxm8wBwM4wCrK83N1PqiacH1VDBG6rmL5fMBwCnxiMJ1sp2vAqJW5/pHuruAHOVFo4PKMjAHAU7aNuR6JhEhtZMyCEl7senuotAwTO+Ye3jhQ3iW41WS7yRnjsraNoaMAYVjUghIwotS7GN0UnA5UGY6ttRVoN8DC8k4xlJxABJOFxgIOSOVCvFwipYS0nJwtunodssIRZYoLJQ9UXnYQU79xsTlZBzi5xcTklFraw1NQ9x4ygEjC9jo9Kqoo8lq9XKybTBzv04wUNjnOJxyhzEuPKsLRQSzSh+MDldL8UZK3llrZKMQw+K9vmcrGV7Yxk4ATQA0Y4VZd6tpAga7DsZKD8jUuEQrpWyVExia7EY9O6iNhAAJT2R6jlJ4DW4TFHHALe4DJtsEekhLnZIQGsJeMK3oafABI3UlLaUotsLC0Rt2TwdWxScMn7JsrvDbnCizYxnEUDqpWwx5LueAqCsqdT8NUq51JfpHoqOsqYqeN0szuF2vH6NWy+4835jyEa1hMj369QWahNZMNXZrAcFx9F4Zc7pU3aqdU1Dy7J2yVa9b9Uuv1cGUpc2nhy0b/AFe6oKeFzzuvV6XSKHB8C+qfPT19vw1/hF/9zsUWTjBVpQ0uv8PC7SUWsDbCuWMZDG0NYNh2XXrrweIttyxROZTRBjGYON/dTI5Ka2UxutzAaG7xtPJT6KmjDXVtY3TFC0u39lStbN1leT4rnCghHlaBgEBObwN0mmnq57YhrPa5+o7g+8XBpbBnLGnuOy2RMdNGI4mgMA2ATWNipaT5WBga3AAwsp1b1I23xfLMeQ8jfCx3TT4Pe6TTQ0sMRK/q+/zVNSLdSPx2dg8Lzzqm9sjb/DLdJxtNKO/sFI6gvbLZTGNs2ayq3Odzg/5LKMhkkd4rjzvuuDrdS3mCDstbY6nhIbqcNzupse2AmMADQ3HCI05K4jjnkut5CHlSYeQhNHCkREDBHO6VN7Tp0kyNowNkncLsfAXdJIS2+ToJcFZWjcnCi7jfHKsa6PMRPdQWnbGMYV9mW3sQ5VhS4LcEqvHKlUpwRkoI9l1hZ48nKgTjCttOpuCoFVFjstUANVUnHJXubwcrkzQWomcHC47jZaDg2QILhhyl0r9BCC7lIc84RZMkZbJbixcQQMIWMjGEoTsN0TlRvBvz8kU0Q5o8DIUVzDk7q1MQIOWqLNEeWhCpYYm6nCyRQMOCkDBGMoGnB5Tm88p8HhGGSyOc3BRRhwxhNwHN5TWnS7fsmRkLbGyM0kYamOwRwpTsOAOOEBxxthWWnkDggqUzBaBlMLW4OyEMg5UGkwMB4SdHgJkT89lIjPGAoWkRHMLUPRnzKdPHkbBAZzuqaJhg4nujcB2U+OpD2gKFO0fh2TKd2l25S2sMbGW0sHx+IchBkhwMgKTEdTQU5zCQhfIxrfyVhZulHlhUiSLfYKO5hBVp7GZrIZJQk1AZCaSWSNcOEKKTB4Uo4kblaoy3cmWSwSqeQSDJCI9gA2KgMf4Tvupkbw5ucp0JZ4AksDMuD8dkVvCZMzgBKPIHmTuhAdMe3PdOyF1RrJaeCHLEOzc/mozmlhxhWTmZCjyw57JNlf6GRlkjg5XHNBCbpIKeOEgNcMivBYeENrjklTnta9pOOyilgafpQD1JMNTVDi4NI4VkcPYFUM8pyFKhqsYDk2Fi6YmyPPAZ7XNOQNk9kwI0nCdqa9uMKO5jmu1Bv7o29vQt4fZLbgprmBMglB2IwpAAOMd0XEkA0R9BTWgg4ypOgIbmZBGEE62uURy2nMAjdDa10Z1tGFzS4HlFa5pwHBLTZHLBLoLnolEUx57q7DmyAYHKzL6aN2HRjBUm33CSnkEFQTgbArRCTXDM9tak90S7eCzBATopA44Oy7FM14B0ghMlptTtUYwtK/aMUouPZI0ehyuaR6oEdQYxolHtlS4dMgy0g5RpqQDbREqqOKoHmaMnuqOalnoJdUbnBv6haoRA8oEtL4jSHNS51foZXa1w+iriqY5wMnBRdBIxlBq7a6IGSHPuFykqtxFL9Q4KTjHDGqSf4g6u3MkGpw3VY9stO/Dm7dlpfK8Ywgz0DZh5sb+yXOteg42tPDKeOUvwMI5ZkKNVQVFJKRpw3sRxhEpaprzofs5DgbnPKGvhOdm/uguBaQFZAMJ+yBPFkZAVtDITwRdOyWn3SLHNO6chww8jdwnMk3wQnDSTumyxcaQoA3ydLA8bEfqmYKb5mYKd4g9EOQk8jlIorrX2uYT0Muh3vwUAHKTm6laW4mXHk9e6Z6ysXVEf8MuhbFUhuwe0EPHsm3jpKotbv4tY5dTGnL2N3yF48WAcL0bo74mOt0TbXfGh1IBpbKXbt9j6q1KUeEd/T6zT+Qj8Wr+2S/GS4/7l3b7na+p2G13in8OoAxG9x5Poq2tslw6Ul+Yjk8ejc7sN2/da+v6bs/U1KbhZ6keM5ups8e3ieip6Srr7Gxtm6jjM1JJlrJSOPunRnxyabob8Q1D+5dWL/wBGRqG5UlwYWuc0+oduFUXfpLxS6eiLXNO+j/ore8dOspdNys+8D9wR9LkO23YF4inGAqcclTanL4dSufT/AGjz6WGqoJizBGk7j0UqnrGTDw3DDl6FcrLbbtGZoC10gGXADBWBudjqKKd2hpwDkHCzyjkxS01lL+3mPoewaTsvUvhz8aazp5zLZ1Q+WpoDhrZxuYjnvk8LySCd2rw5hh3r6qRqyNis8qf0dTxfldR421Tqf/Q+16C42660kdbbKttRDK0Oa9vGCjnhfJnQfxKvfQs4ZBI6ooifNTuPlX010j1lYus7Yy42aqa8EeePPmYfQrHODifXvD/UOn8p9q4l+i1OfyQVKI9kF4WWUss9H3wAeNwnRyQyZjyHDuE17S3kIEkRB8WLZw7BOTaM84r2VHUXRdFc2Ca0RNp6tuXHGwePReY3yyVVKXU9zo8N3HmbkFe101Vl+mQaXdilc7PR3mDwK5mWfumRsaPOeS8PDUSzA+UL/wBHwxh1TQtLTzgcLNQTT0s3hSZ29V9BdV9C1VmDp4f59I44GAS5n3Xlt/6UFS50kADXcrSp5R4rWeOeknjATp3quWg0F8mQP3XqNm6gpa6ESA4OOF88yfNW6Z0UmRpOCCtR0z1K+me1j35Yex7K1PdwLqu2cM96jqg8ZAGCulvfgFZTp/qOnqgIXSD23WrhnbM0aPzRpY6NkLFI4A4H7p2MEOO5HCKQ0AbZQiQ3stdGocTHrPGUaxPci8tt0Dm/K1ZyOGuPZWMF0daJ2zskI3/VZZjsnhWtDWQTsNJWYIcMNcey3K9WLDPmXmPpadE3Zp1yj1W23Gg6ioAA5viY/MFU9zpn0T9Erdux9Vhoa+t6cq2SxOLoic7ei9Ft96oOoqBjXlviY2OdwVg1Wn3Iw+NnOmf+osNGXrhrYZqUapI/2TLdXNrhpfhsrNiD3Vhc6CW3TeLGMg8+hCpa+ic8ivoDpkbu5oXndfpI2Qw0fZvp7yexLkvoZjDj3UtkwcAdslZ+guLatgY/yys5Hqp0c5BC8TqdI4SwfTtJdG6O5B62309XkuYNR7rNVdK6hm8SElpaVqGTeqHcbcyujBYQHYXF1Gl/RuWGsEOx9T1EEzHOlwW+69hsF+oeoKIUdaWl5GGuK+fLhR1FJMRggsP6q36e6knppGDxSHM91z3BwfIq/SK6L28SPcfFqLBP8vO0yUkh29k+qpGOZ81SkPieNx6KJ0x1LQ9QUYoa5zC8jDXH1UueGp6fm0kGWlefyC2U3NddHnLa5Uy2z/I+d/7RfwEt/XVtfebPStjuUTXOy0YLl8J3m0V9luEttuVO6GaF2CCOV+u0lPBUR+LCA6OQbj0Xy9/aS/s90vUVK++2OlaysYC46RjUvWeJ8i6ZqMpHC8x4uOug5Rj9x8PI0bsHPoh1lLW2ytkoK6B0UsZLSHD0SY/Izjle8o1UbOj5Zr9HPSz2yRLa4nuiNJPdRmcojVtTyctxwyTkeqWQh5KQzkbowGg66uDhdygfKFx4fIRjnMIe04IWysde6WnAmeC4bBYzB47KfbKowzDznSVzNZpo2weUdPx2r/jWpZ7PQGOyNiAjxhr9n43VbRzCRgdnlSml2Rgryd1TjJxPe6bUZ5Ix8ShrC9h2Bz+S29tqW1VOyVh3IGVlJohUx/4gOUrLcpaCXwJHbB2MFcrU0Z5PS6HWRg1F+zdNeWAHup9BWuY8dlUhwkDTkDKI12BsVypww8M9RVbt5NvQ1peAD3U57WzROa78QWPtlxfC9sUjsgHAK0tPViQALLZHazo127lyV0kZgkLSNkg4OGFLuMfiR4AwVVh5adJ7IqpZQT5XISWIEKnulubNTvGnzcq7a7UMIMrMjjK1wswzLdXvjtPKL1a2jP8ALO6yFwoS1h1DC9evVs1B0gaN8rD3S2E8MAXo/GavE1GZ4by/ioSTZ55OHQSAYT2SeIAM4VheKAs84bsAqBspjfjndezp1CkfINfop6e15Jk9OHAFQpIzGeOVPglEjd+UOph1NyGrTKO9cGBPa8AqOpMDsDutHb7kNIOrBAWR3D/spkNS6MNwSCFzdVRvR0NJrJ6ae+J69Y7xDWQNhe4agMKTVMfTPE8Hrvhed2m6gBrmP0vbyt/bLnHV048VzScYOVwNTpfiifSfGeTh5CCWcTRprDfWVLBFK7DuAf8ARaGGpc46TwvOfDkt8/zEOdLjkrUWq6R1bAC7DguPZVhZR6zSa1Tapt/Ik9R9ORXKB1TA0CUDJx3WCa6elm8J4PlOCCvUqOqGMHf7qm6g6egrWOmp2aX87LNGeXhmjWaVS++CM5TVmjBYd/utVZOoIocGXnjZYB4moZTFM05ad1ZUcwOHsOfzVW0qaMWl1Eqmex225x1LA+N4IPuriGoDwAV5PYrq6nnAD9IPIXoFBWsqYw5jvuPRcfVaPHR6vRauNkco01LM3VjUFawTPa3DtwOCsrFIWEOBV3brk2VgimcARwVxrqnE69VqkaCmuAADXFThUsc0OaQfzVGHZyccIlPUaTp9FkccM0/3LCpnE7fDeAW4wQe6yNdNW9OVoqHAvoJD24jHoFpXPBAIKY/5WujdSVbAWOGNwnUvaKn9y4BwzUF5pddJMJgRk45Crqq2NhOWjA4yqW8Wi7dFVZvNhc59E45li50jutJYr/aeqKUTUkjfFA/mRnkH7Lo1W7GjJOMbeH+R478YPg5QdcUTq2ijZT3KMEslxtn3XyTerNcunbk+1XSmdDPGAXBw9fT1C/RipoXsJLBkf5Lzf4nfCW29eWh7JGtjrYgXQzNbu13+o9l7LwnnJaWarm/sPCfU/wBLQ8kvloSUz4mY7I4RQc+ysequkrv0fdZLbdYHN0uwyXThr/cKt0BoyThfS9NqoXw3QZ8V1Oiu0k3XdFpnByiDhDHKIOFpbyZTqKhIw5VC0LBXETLcJEY7q8A7wKcu4KcqJkYkkkoXuQkk9JWlkrfzgYujdOSG6PZwVk5pOEvMnBq7gKYAbwNSLiE9JM2Eyges59kZs+R9KFp3zhdAOVReAurPZFDhnOEIO24TdXsnRlgElawNgF0DJBAUYOOeSn6nkcJyl+hbJoLccrrSwnlQf5i7iUd02FjRTiizADgu6AqwS1WNnJwkrDwU1W4F7Sxx7ompoOS4bKpLq88YTfCrnbF3Knyv0ifHn2XBqKYcyDKYblTAZz+6qPkKh25KeLbKdncKvltT+1FfFBdsnuvNOM/9UB9+PDd0orTFjzDdGjtsMbtTWj9ETldLsvFaI38UnkHcFD11knJICtRSRnhgGEZsAIwGjZHGE5fkwXOK6RUeBI/6gco0VC4HJCsflmg50hFDGgYwi+HPYDuS4IkNGBj1R9OMIrQQcDuu+GT7JsIRh0hbtyDAASxlODMHhGbFgAkJ+SN/sCGkojWAdt1IZGN8NyjQ08h3c3ARdi3MjsjdwApMcGnBmOjPtlNlqqelafEIB7bqiuF4fNlrJMjPqk23Rr7DhBy5LGtujKVxip3ah3VLPVmZ2Tg/moM0znOyuNb3JXOu1OeEa4QaOumJJCYSSST3TvD90tH+JZG93I5JIScMg8JNGUVoG2yuMckk8ITWbcImn2TmgbIzQGgHC0wrEN5BhjieEZjNO5T244LUVkZ2wtKgLlPaMa09hsjtZ3IT2xZ3wjhrQMFMUBEp56GMAOMhFj4CHp90UDujSwLydAOU8cJwAwm5wrBOoU8zYWa3bhclnaxpOVlb31I0aqaDJI5IKy6jUxpjuY2mmV0tqJF5v7WNPhvwccBY2aofUSOe87krk9S+d2SUNq8rq9XLUyyz0en08aI4RzJTsj1TUmNcSubOSiasZ6OhpKlQx4wSN0+GDyglucIuMbLLOeWdTS6Vr7pHCcdk+KMl2yUcTpHAYVpSUhbg4/NL7OxTS5M5SU3GRhaXp6xGvqR/LLg1Ds1q+fmETIid9z2C9VsVohtsDWMYA4jcq4Qyeh8doW5JhbVaYKKBjWsGrG5U8yFmAN09zxE0ADlCja55z2Tj1dXHAaGHxnAHuriGONkYAAGFDp2BmCQpOCQBnChthEe52+AntbtlMY1Pc7GFcmaFHJzV2wugHuutb3IUWvrmxMMMZyTzhJyWBr67Xmnp3b/iKFSURc4OcN0Sho3DEsjRk77q1hiYxo2VxfIMlk5BCIm7I4cB2Q3YHdCdIMEK3PHRRIkcOzgMKM+TXshlxcVyMHKEg4ai4ZUuNowhtZtwnHyj7pqQTeENmI9VFLdzunzuy7YrgGThGKk+R7RlS4YiSNkOmjy7hXdHTAgHTgo+x0XgbRURkwS1XTI4KVgdI4NPuooqKeib/MI9VkuoOpH1MjoIDxkE5VtYJZeoE3qjqlrc0dE454c4LKRF9S7Mji4n1QMPmfqduT3VjR07m4OFJLJnU5Tl2Go6IZGds+i2tosWImudhuN8YQOnbA57m1E7Ac7tB7e62sFOGBo0gY9Emc8HotFo8RU2No6QRNDnAewU1q6GNY3JUWerjb/LgJdIeAsk5ZO1XFJYJNTVxU0Ze5wJHAz3VfSQVtzk8eow2M8tPcKTBQOc4S1LAXqe0aBsEhjsNhaelhpxiNoGPZF0gd1CluENMD4rse6qX19xvcvytudohP1TYxj7JFgZOuvUEcDflqH+bM440hMpLTLPUNrri4lxAxED5B+Sl22w0tA8zv8A5sp/EVYuYMgoAxrGMjYGxsawDgNGAFwatSeNkTQ30S3wEdHCemccp7iGDLiAPdAWc0+67nnGNlWyXlj/AOXb4jVSf4N2j80yO33WudruM3gNP4IjjI9ygCJc90oqZnmlEsv9EXmKC2W63JmmkjjpIj+KQYcfyVhSWyjpMGmha0nlxGSfzUkNHcBQhDpenqIuE1a59VKOC8+U/wDh4VnHEyFuiFrY2jbS0YCTDjtwnZCAhzJXQTlNSUIHBGE4OxwUHV7pavdQh8Xhzyd08A4SDN+EVrMAHC+rys3I/GfjfCQhDKiDDTnhGawYzhdwANgu49d1lnNnsKNHGuKwMOOAk44GEjtwlg8rPKRthH0CO52S0k9k/QchHDG44Q7h8YANGDuMo4xgHCRAHIyuKDYxCgAbBIADhdSUCykJcJAGSuFwaos9SPRHGORF2ojTHMgj5gAc4UCpq+wwg1NZ+SgunJJctNVWezxnmPqGEY7ayQ+o1HLsKHPcY4R5ggVVWGDJ2wFmLxefHYYIDj1Ke/8AS6PFS1tuq7YW+9Rh2umpnEk/U7/RUGvXuTv6pjmF+55RI2EFJlOVgPXY9rCitjI3T2RZ5CkNiwAMK4rnIuU8g2NIw3CktZgcJNZjsiADC0RQqct3A0A5XT9K6cBDc7nBRApDHHdNXTyuKBp4GJwGF1PULUmhiSWMLmVCm8nCMd0F8hOwCeRJMQGDj3Rm0hbglHGOQ3JIjxU5ccuGykP0xt0gLrnCIYA5QHOdqRtYLb3HHOc52UQfRuEmtBGSE5B2WBIyV1kee6eRhda0pmzjJTeBBrRwF1JJDjBMpnCMrhbtynJKYJgA4EE7IamOA0n7KGSM8oCxuCuHZEOlAckWSwGlkbI7G2FCleiyyjdQpJOwWecsLBphE4525OULcnJXMku5RA3bhIw2OOADHCfgLqYrIJJJJQgkkklCCSSTvpUbwRvBwDG5Q8j1SPdMG7uUtvcyuwkbNTlZUsRGDhR6aHgkKyiaGjZPhHAq2WBzWho2C5UfSEUnCjTuBA3T0I7AOe4ncpqR5SVh5wJdf5iACuLsbS4gJVliijRXW7pbYnWxbjK3/wAO+l3V9V89IzyRnAyOSspbrdNWzMgp2anu4C+guj7KyipaanZGQWgFxA74XIvt3vCPov054iMpqyS4RpbLSmCmY0jBCret+oHW6idRUcmJ3NydPIBVtcq+Kz0bqh4Bxw3O5K8suFdU3OukqtJdrOd+w9FksnhHvLJ/0ohUlNPWy65QS5xyd9ytZb7fHSxhzgC4j9FW2yFzcPcMFW5qQxoB9Fkm22FXXzuYKtrBGNLTuoFNDJV1GkbkpkznSykjutP0zZCG/NzN5O2dkrLN1cNzLS0W4W2l0OwZH7uKtLbS6nSV04BAOGg/5rjotb2tA27/AGXKydzGimhfjbJVG5R2RwjlZWxta+Q7NYCV57ernLWzlvieUHYeyt+qLmIovlI3b4y5ZSBjpiCe5UETlueEWNnt5qalokZloW5poWRsEcbQ0DZVVlo/DiY9zBkjlXZcIhjG5Wa6xLs0aen2dkf4bcDuFCjjM0hCU8+pw5VvZrTK9wqHEBvoVz77cnVqrwT7VbBC0SzMGcbBK41uomngdjsSplwqBT05wfMRgKroITWz4kyfXdc+yXOTdCJZdP24mQ1koyOBn1VzUTGMgDulrjpYA3AaGjAAQKWKWuqeC4f5LmXSzLJoUcE6ji8T+aW4xwu3KtjpYHFxwcbI8r20rNIAGAsTdbjLWVDv5nlHAWaTyF0Qa6pkqpiXvPt7BBii8Q/6rjvMco0R8POpR8EJjAyNga1oGE1zi/ytCjSVO+AFb2u3ljBU1I2O7QUDYyPY6lp3U1NqkwXFXNGyOKESnYnfJUSkg+Zl1OB8Np2CNcJMaaaL6j2Cz2GmHQOOGS8XAMfnwmHstWyKOJjYomhrWjAwoVotwoYQ5xBe7khTycJQXXItmgknZefdX36aqqjRRS6YmbEDurjq/qN1EwUFK7Ekgy4g8BYQeJI/W85c7ko4QyZrbBzGcbI0ceTnCcI/KFJo4hI7daElFCkshrfROe8P7D1VzGzTjZMgYBGMbKdSRa3B2OEqcsmiEcBaOEBwe5mfRTxxwlBCCA0DhBvNdFa6M1D+WjYeqBLI2UtvJUdVdQMs9N4TT/NkBwO68zfPNWzmomJOTtvwpF2r6i7Vjqid5dknHsEKNgADWjcrXUlFZZzrpfJIfHE6R7YmDJccLa2SztpYxhvmxugdO9PjaebBeRkZ7LaUltfI0CJg29Eu+1RWBldXsj0Npmq3hjW4Hcra2u1wUkTGsYNWNzhDtFvdTwBrgNTt1bwxlpxhcbUahy4HrgfFFx5cY91MhjAGVyOMEbozGYzuufZZkqTwdHKO0DCCAcow4WRvLE2P9D0kkkwWPSSSRkHpJJKEElgpDlOQSltBbwJCRUJVEFDEkkkwYJJJArJ46eEzSHAaMq0slpZM9111H/A7ZMIv76QeHH9ysf0la34fc6oF005LiT/kh3Gpm6x6hBaT8rTuwR2JHK1UUTIWCOMANbsFvohjk1QjjkcdhlY6/wBydVzup2bNZsr6+3RtBSlrd5JAQMdvdZa3076uowRkuO62JD0TbBbHzSsBZtnLit/BE2GEMaMYCgW2gFHAGAebklT2+UYzlJtkAhAEuyitGBhLAzlPPCySYUXyAcCcAHZOjbgbhOxklOIwqSGPoadhlQLnWOgpy6MDPCmyyNijdI44DRkrFXW5vrJiGOIY3bZPh2CQ5pZaqcvkdklWNugDcnHZQoGGQg8hW8EfhDfutDWOQidB/LbglRq2d7yII3YJ5wlLKWN/dct0QmcZ5G5wdkQyAekgEMQaDknclSRvld0gcbLhOgE8qDQFQ8MYSDuoQcXO3RKjVJISDshuIaCE6pC5zwKadkLcuIHuvPuo7u+pqHwxHYbErQdTXKOmi8EO87h2KwUtQHE7br0/jNIn97OFr9ZjMECGoHfddc/SMnfKc3fcoL8lwwvSxjtPOzk85CU1PLVyiKNu61NNTikhEY3PdRLLb30zDNKAHPGw9Aps8g4CCw1014jlgKmqMbSQqZsfzEplkzknlSqp2t+kfmhub4YAxyFSY2SyNfG2MYaopJLsI8vlJBKZSs1O+6bFfsANTU+pzcjOFatAiYNuUOCARtG25T5MndRxyy00hY7qquteAPCiPGxKNcKt0MJDDjKzs9V4jj3XR0emc5I5Hk9d/Hi4oDNKSSMkAb8rzr4gdRyOay20kpa05MjgdyOwWm6r6hjs9E522uVpDd915BNUS1kzppnklx7r1+i0ir5R8U+q/qGSTog+X2RRFlwwM5VrQ0TtQOnGy7Q0BmOst2CvqeBkLANPAXbqp9nyqywZHA2FgAYBtupdtpWzzh020Q5d6JQwmpdoaMNbyT2VfdLnLUyCw2HeU/W/sPdaJYghMIO2eAl0rZOqrmOmbO8mnBHiPAwPuVrKKigs1vjooWjyjzH1KjWK10XTNCKeBgdO8ZmlJyXFNrKnx5PKScLDO/DPdeL0Maa8xGXO4x0NNJVy4wwbD1K8kvNzlrp5ri7SGt3aHHgLQ9b3oyyC3QP8rfqweSvPL9VCKn8HVku5C4es1f3OCO1OrbW5MpZnOuVz+ZmOrO26tHtA3AVXR4yD3VmRlgIXMk3J5ZzlPLBOGDgKRC07FB0nVlTado0jZJka6Fulg6BgFKDUHbp7gABgcpR4BWWxZZ06+CYzspAA0qOzspTfpCE3QWUQqpuW4wq1wxqH2VzM3LTt2VRM06lSYq6PsGeUeB2lwIQk5hwUC7Ew7LSM5HCiVbcjKkU78gbJ08eWrTCWB847oYKVzck4C44Zbj0R5W+fJCCdinxZxNRXjghztOUFpLXKdIwYzhRXN5Cajl2xwyVSPBOnvhS8EBVNO4tkBzwrhjg9ocByhkjVpZbltB4KZJGCN9lKwEtIOyDo1ygpLBUSsLHbBMVpNTjBOlV0sbmOO3KOLyc++r4+TjOdynuaHDIUd+cjBRmHbC1R4MMlkew42K5IzHCbpOc5RQcjCNSyUiO074xynhg57pTMA3CZG/seyoYmFAwpVOAc5Kig53CPG7TuoWnySXsB5UaSnI3apAOUmqGhLKITozg5UNzXAndW7o24ONtlDcwDKCTBlHHQSjqvKGOCssB7A4bKhJwdtsKyttWZMQSOyQMhBwg6pZe0M+HbGn91Emi0/hVq/GPpQJIwVB06d3RU7g8I0buAE6opzyBhRBmJ3G33TKpYOfbW8k141DYpUszm/wAsprJtTQCE6UbhwC0RliWTI01wWDMPATXtwdlFpZ9TtB2OPVTQM/ktakprKEtYBsJyjngIJBBCNERgqkUL6U1zQQSnE5XEzblF9ESWIZ2CBICzGysJGbZUSRuocLLZXyOTwCac5THQh49F0NLXbcIoIHKQ0UnggyNMZxhcDyDkKW6LxBkb4UcscDjCU/tY9NSC01SXOAKnkBzQc8qqYMHPopVPUZwDwnQnnhgzr/QVzC3GlHimdgArowQhhpDsp6WOjNKOSU3cLjm7YTGuA2XdWU14wUhjo+ThB3BUvGyE6HOdlnnD9EaOMftunmLxMEfqgaS057IjJOxQKRW0JTVk9DP5iSz07LTQTxVUQkhOQefZZshsoIc0INPWT2mYOBJjcdwnV2NCLKt/XZqnQsfnP+Si6JaR4ljOW9wjUtXFWQiWJwOe3oUduDsQtEWmY5pxeGOpqyGc6M4d6KQWZyqyooHMeamlOHDlvqpVuuDJh4M3llb2KYmLkuOAjodRxpyFCr7S17PGhaA8eiu2hpzshOZhXKCYCnKD4M7HK6NwZK1wI9VNEjXgbBTaijjmYctGexVc2mmhfgtOOyVKLHxsUux74myN0vYCD6qnrrSYh49PnbkK8aQdsIwjGMkc8pWxDY2OL7MrDUPJAcN1MLA7GUe62nBNRTDB7hVkNQ6M+HLnZVtNKkpLgkTQjGQ391Cexzd9KtWYeAcbLktOwN4CFLJFPaU/nBRhJnYhGkpyM+XsoxacocBOW4K5rXDI/TKjujc08IrHFpCO1zHjBCGUdxZEa4j6gih7T3C5LFxgKOI3NPol4cQyQlt3Ge6aDgbldVx+4jL7prre8dLVwkhldJRPPniO+n3C9ms94sHXlrcyMh0hGSx31N9wvnsjKlW+51tlrIrhbp/Cmi4PYj0TVFo6ek8jPTx+KaUo/o9r/hM/SsrXhvzFASRJH6A91X3axwyZuds80Lxkgblqk9F/Ea3dTn+G1WIa1reHEaZft/0WhNB4G9NH5D9QPBCYp54O5DZdFSrfHowdLNLSyiSJxBHPurVslDc2mOrja1x74Ui62Y5fV0bP5Z7Kgmhe7YAg90Eooji48Fd1F0pLRtNXTOEkROfLyFQMzwTuFtqK7Op2mlrWa4ztk75CHcLDb6+M1Fv2djJA7IJQ9GOcIrmKMerCw9RXnpa4MudlqzDM0+5a77juotXDLRyeHKwj3QT5gs06d4yi6dU1OttNH1T8OvivYuuIBSTTMprqxoDqbOXSnuWj9P1W3LPRfDrRJG9ssT3Me0gtc04LT7Fe/wDwz+Oja8ssvW1S1tThrIKx3Mp9Hn143WCynY+D6Z9P/VHzy+HVLD/Z7A6MEFRjGRnbCn6c74TXRAtxhIcsHtZWKXKKuWFxOpmNQXaate1/hVR0u9MqU+HDsgbFAqKJlVCY3Dd3fuFSbFMlOY2Rha9jXtPYjIK88606DBa+5WtpySS+MDj7LWQV89vd8rWtLmt2a/1CtY5Y5Wh7CHNKbGbRh1enr1MdskfL9/6aDnOdNCQ/G+24WCq6aooZ3ANIbnYhfXXUXRdHeHPqIomskI7bZXifVPRstJVyMdAWjftsnKR4rX+JnTlwRgrP1LUUEzXOcSF6v011rR1zGsdPpeOcrxy4UHytS5oBA/yQqeqnopGyQvLT7FH8zyciubg8M+maatEzBhwcPZTWvD+F5J0n142d0VHUtLX8Fx4K9GpazWAQ7IPBBToWJm2FsZIuA0AcjdcDC7v+ajR1GcKVFI13PdaIWbWHOmN0cSJbazx4Pkqv6h9DihRXKssM7JY8ujJ3AKY6PJBRGPboMVQ3Wx37J7t3rDPL+R8DF5sqR6Hab7T36jY4PaXgbgndQKylkopHPbvG4527eyw1Mai01YmpJz4Z3AW1tt8p6+ANnIDyMEFYNTWpIy+Nd2lmolVW02JBW0R0uHIyrGiqxUwiQ41DYp9TQiNxfGQWO3VHO6a1VIlZnQ8+Ydl5zXaL2j6d4vyM44yaWF5k47KTFOR5SFTsqHgx1EL8NIzj1VlC4PAcN8rzeo0rXaPaaez5I7hXKgbWM8Rg82FkLhRTUz/EjBBbvhbuKTw8AjKZcrbBcKczQgasZx7riajSbujaujG2Pqmqt9WzL3MwfVe9dFdd27qCAWm5uHiFuGvcvn+52hk7QxkjY6luTpO2UCw9Q1NtrGwTuMUsbvKeMrBsdTwY9Rpo6iPPZ9O1tmrraTLb3iWF2+nPCivZTXandDPGA7BDmkcKu6E6/julOyjq5GmVoxl3daO6Wvz/AD1CMEjLgO61UtvBwbFKmTjJHx//AGm/7ObbjHVdX9O0wbOwansY36uV8YljonujeC1zTgg9iv17lMdU3wqiPB4IcNivj/8AtQ/2aZRLP1n0nT7Oy+ogjbtn+oBev8X5L45KNh5vzHiK9XW5wX3HyQxzc7EKQ1VbS+GQxyZBaSCD6qVFNsML3mntV0NyPlGqpdc3H9ElGHKjAg4wU9aTL2ShwuoQ5RBwoZ5rHQ9Oa9wOQd01I7pdsU+ClnJorBdyx3y87s54OVrYZtQDcLzGF7o5A9p3C3FquUdRAzfL27Fec12j2/ej1niNdu/05mhieNiQoV2gwRURDBB3wiwvBH2UjZwII2XnbI5eD1+nt4wSbBehIBTVDyHdiVp2t2wSF5tNqoazLR5SchbS03NtRSx6nZcBgrm3afnKPS+O1m7/AE7GXTDpOSry2V+SGOIWb8XVjCkwTeG4En91zraj0FNyXBsnOEseQQchVdREWvyAnW2uyRG48qZUQtk4WbGw3xlvWUQ4D7ojwCN1EBMdR4Z4Uku14RxkB+XBX19O2QEAbY9VkrvQMwQB3W6kiz+HP5qpuVA2Q62jfuujprtkkzma7TKyGTyu82rMLsAuK8+rqcwVBGMAnIXt1xtoJwWDC856ksj45Hv0ZackH0XrNBrk5YkfMvqLxUrYfJH0ZJkpjcMKdG5szN8AqslaYyMo1LN4Z3Oy9PTasHzacHF4CT02k6gFGJOeFbRaalpwNwFDqafweRhMnDeskO0c/hvBK1dnufh4GVijkEEFWFBXFp8y5up03yLBv0WpnprN8Geq2i5trWmCcjYbEqVploJhLETp52WHtlxxjcg7rX2+5mWERzYdjuV5/UaXbwfS/G+Qhroxbf3L2a2gurJYxI0/ceiuqKtin8ucHHBWJh/luJj2BVtSVbo3NeBuB+q5F1UY9HrNLqsvZYw/UXTzZw6ogb5uVjmtmo5iwg87gr02lqWVkehwwQN1T3jpplbqlpyGv9D3WZSw+R2r0inmyozUVRqwW7ZWmsF/lpnsjlftwCe/sVk3wS0kxp5mFrm/ujxyHAQWVqxHPovnVNNHstLVioja9pBDhnZSRMWjLR+i806d6iloZGwVDyYzsCey3MFUZWCWCQFpGVytTpD1Om1imk0zUWy76sQT/kVatkD+FjYZi0guG6taS6eG5uokjuuRbRzwdeq/cuTTMLiN0N7dKHT1TJWAsIIKfIdZACzYaNK5JFPVysIjc4PYdsO3CzN96Rntta7qTpiYRzHzyw5w157/AGV5xuiR1JyA8EgFMhNx7E3Uqzlkbp3qalv0PgzN8GsZ5ZInbHUOVNq6CUglmFTdQdPR3BrrjZyaavYMjScZK7011c6QNtfUDPlq2Py5dxJjutsLtyM2yS/JclD158PbT1xapLXdqcNJ3ZKG+Zp+6+QPiJ8Lr/0BVkVLHzULnHwZw3ALV9+1lNrZ4sYGCFl+oenrZ1LbZrRd6Zs9NMMOY4ZGex/Jek8X5uehwm+EeX879NaXzEPv4n6Z+e7XIoeF6j8WfgZdei6mS4WWIVNsLs+V2XxA8Bw7d15McnGF9Q0Pk6ddDdWfD/JeH1Hi7XVcv8P9kjI9Qng4OQVFaTnlFaThdFM5E44JOsp+r2UcSdsJ4kz2Vi2g+R6JavZC8UeiXij0UyB8bCJJiShNrYTT7pafdN1eyQdjsjjJIOMMC0FO0+674u2zUzxHE/Sn9gSQ/B9UgMd10PyM4XQ7HZRJFCGR2Xd/RdD2jsuiRo7I1go5oC6I907W3HK61+DwrUUVJ4EKbIz/AKrvy2P/AJqOH7cLokwc4RqKFOQNlOc4wiim4OEm1LB22TxWQ9jumJJA5ZzwMbYT2QM9F35ln4Qmiff6QmxaRWWPFM3nCIIWBcbMHdkQHbKJSX6KyMDcDCXlRMFdDSSmpICU8DNJKc1h9EdsI5IRAxuMYRCpzyBDBhdDBlP0+66G78oilNCDU4NARB9P3TQzJxhFkW5DkMMceyOGd07UAMaUeSsgw3PKIGDCQbuihoA82yNJdspvBHMW4wEURkDOOUyWspIBl0oJx6qprL8BlsHqlW311+x0a5z6LkVENNvK4A9lXXK+lw0Ux/dUc1bLUEmR5+yih5OxXPu1ueIGmFCXMiTJPNM8ulfq/NMBHqP1QtzuFzJ9Vmdkp8yY1JJ8DwMpLiSXjIx4SDJAZK4MngIkbcYyE2McAOQgMEIzWHAK61hJypDIvfC1QgLlLANrSPzRoIjkHGyKxjcJ40tOy1QiIlNsIyGPAJHCeAwcYCEJdsYTRknKYkIbyGT26nEHGya1hICO0NZjARgnWtPcJ4wltjKGXEE7ZwoRxciRkKFWVQYMbJlZXMpmEuP5eqxtzvrpXHDXA9t1m1Gphp45Zr0+m+Rkm+dQA5p4XHPBIKzb5fEOSEiDK8n133TQ3cheR1GpnqJ5Z3aKI1rg4uEjCfpz3Raehke4Z4WGx4NsKZWSxEDFGXu4yprKcM0khSm0kcTAdO/dDlkDsNaNgsc5tnWp0vx/n2dDgwYx+6fFF4jvRcpaWSok0gYxySrujtpO+MYSzq0UZItLQnbZXdutxnlbDpO6lW2yz1EzY42fc+gXoNh6dZA1kj4gceqOMcnodD4/dyPsNjht0LT4Y1kK/bgMwBhFZHG0aWsAATXAt8o7pmMHotPplSsIF5nuxjlT6WmDWDPKDFFjzFu6lR5BAUfBtqjyGa0ADC6lnbK6Bk4QqWTbGKQ9mTnZGDc7oYc1m5QZagyeRmw9UMpZYZ2qqtIMUW57lCpqYAiaVuT2BXYocnU4KSX7YwgTwQfqHom+JgKMZDlN1E7ImwZPAeSoPAC4Mu57obGEnOP3UhrcIQGzrWeqLEwasrjG5zuisZzuiIEaBpBxwolQ/IwjvkETSVXSudI/bZNBmxOLnPCkxRE9kKni3GQrGJrQNgjEuaiFooQCCVYuq4aZmZHYwFVy1cdIwvd+QWWud5nrdTWktySPyRFS1CSJl46gfUFzYCS5xIJzwFVQMMhJdymU8erluVPgi8wDW7lRvJn3Ob/Y+lpDtstt0308GYqqoav6WkbIXTnTuS2qqm7AZa1bOlhIwA0ADgBLnPHB6Xxvj9uLLB9JD4eCGAKYMDGdkmaY250grmg1DtOnA7rJOe49FGHpApp3SnwITn+ohHpLcyAeI46nu3yeyfBFDCctZkrs9xghGJHAJDZpjHgLJK2MZJVdV3hjRiA6jxgbqNI6queWwAtiO2r1VlbrRBRRjU0Ocd8kJcpbQ4kOjtctfIKiuBLD+HKvoYaenYGU8TY2jsNl0DAwE4sc4ghZ5zyGkdc4uxgYSwfRGa1rG5chy1lPCzGS6T+kBA5ljg054TZqylpv7+XT+6iGW5TnctgYf/Omw26la/xZA6WT1echA3uKE+51dU50FupWhp/4k2zU+GxySOE9yrppnH/hteQwfYKcwNaNIaMeiKTlWQbFBT05ApohGPbZSQdhkoQXRnKrIYVcXAV1CQMlkpJICCSTdXslq9lMlpZHZKWv3TSc9kuUEp7QlH9nx+Gb7j90QhunPdc8vZM37L6fln5ojQoficPOyfg9guNB1BPBGOEuZojHjAxrSDkhFAGEsBdSgl2NwD2SPoutXVbjkYh6SS4cFXGOS5SwdTZDhq4XtaNzgKvra9o8o3TYwMGs19Ojrc5sJPVBueOFVVFeckcoU9UXk4yochPqn11HzLzH1FZqJONXQ+Sd0p9EGethpQTK7Gd0Koqo6WMySH7D1WTuNykrZC52fYdgilPZ0efhGVzyzt0vE1VUO0POjOPuoWS45IwUIgl2pSY8OAwOEpzlN8m2MfjRxrPVSI4gDlKJilRMPKZFAyYxrSCAApLQNI2SaweiQBBToxFSlk7gJEgJw+lBJOeUYIyaUjYBDY8lEe0OxlN0+6gQ5JDJwlhztwExQyQIkuEgcpHdRrBAbnZ2ASbG7unxsOckcqQSzA2VpZJOWAcbNODwiySN0AIL3A534QWuJOSVOgY5bE/JdkruMHICIGjG43TSCTsqzkJy2nd/RIDC6koogqz+wk7ASQ3JgLeTucrqa1OUCTYkkkCeYRsLhuUEpbRiQ2onAGlpUYB3JP5LrQ57tbynPIAACzzmMSyNc7HdRpHjGM5XZXjB3I2VdLJ2ykWSNVcMnal5JwFHIz3Ti/KfFHnBwkS5HrEQbWkHhSAGtZnGcp2hoGMIbvLsVaWCMYeVxdO64gLHpJJKEEkkkoQaOU1x2TiMDlCKXNldjNW5UiBhLgcIccRedlY0zAzGoI6o5YM5YCxM0gZG6kM7LgA2OF1bUlgRP7jr3AN5ChOcSSMos5O25XEKDhEEnnlMTiVUnhEZ0DPdS6WnI82nJQYYjIQ7lafpayS3W6Q04/u/xhczVW+j1HgvHfLNWWezW/DbppxlFynZsR5Rjhex0cDKWmDneXO5Psqi126CigZBAwBrAAo3VnUDaKkNAHkSSNztzhc5yy8n1nS0R0enUImf6wvzrnWCCmeRDHlv3Kh2ukeQC/bPCiUVK7PjT7l24BWioYQG6w0bJM5pjoRy8sLHAII9TlXVlQSdLcYU+4TYh8MDCq6OmlrJhGwZ9SkPo1KO7hFj09b31lSJJG/y2nP6LdRODAA0YChWyiZS0rI2tw7G6n+EWDUQls6FcdscHZqlsMZcThx2AVNXV4oqZ8xI8R3055Up8gneXfgYCshfrh8zOY28M2Cou6eyJWVLpaqYySvLi455V1Y7c14+YkZlrdh7lVlvopqqUNaNu59Fs6Gl+WhZGG7AJc57ULpi28smMY2NoDRjZMqZNIwN8rskmhuUOKCWunbHGNs7lc2+zJ1qIYJlmoW1dQZJmEtaNh2WmD20sflGwUeipm0kQaG74Ue4VrXgwM5HJC59thvriAmkqK+qDW+bJ29AForfQw0UQLgC4jclV9opRDGJ3jJdwpdXV6RsP0WKyZojEDWSyVFQyFhy4nAAWgpIBb4A07vdu4qn6dpDLK+ulGQ3OE+/3kRNMDXYcQeFhseRyWSv6hv3iudTQSH0c4f5KgBJJJQn51Ek5J3RBullj4xqcNlypkETtAGcJOeyJmsnGEO300tyrRgks/ErksIpssbHRCrkNTM3LGcehKu6iYSj5Zv1HA27BMmLKKFtNTgNOMKbZ6BsrTUzNyAdvdZ5SGwJMbWU1OAcZAQrfTGqq21TgctdsiVZDx4LR9XCtKClbBC31wlSeB5MyAOyq75d2WyjfMcasbBHqqjwRq5wMrzi+XKe61j/ABZD4bTpaAVUI5JZNJEOqqprjVuqpvxcD0RI49ODhKCEDfCOWjYDZaYx28mOTyzoG+FaUVNpYPKB3UeipwXeI4ZxwrGEZdpG2UMpZH1xyGijLnBg3yrulpmsaABj/VRbfSESanDgK2a3TvhI7Hg5iKandMRswZXl3VF/qLrVFglIhaSMDutB151C5pZaqSTScapSD+gWFALimQhlmW6zHCHMaPRajpvp3xnCrqmgY3Y0/wCar7BaH3CrZkHQ05PvhelW6hDWhjW4ACl09iwKgsvJygoQHMiYzc7LW0FGyJrWsbjHPuVFttA1h1Fgz3V3T0xBBIXK1F7ZsikkEhi4OFLijA7JRxjGEdjcLmzs5AnLDHNbgYCIB3SaOyIAMLPKWQc+xBoxwupJIUZ5PLHJJJJhB6SSSMgkkklCBUkkkoUCTE9MRBiSTVw7owh+Wjk4WA+JPUToxFZaGQiWbdxB/D6Fa27XGG10cldUOAjYD33yvMrRG/qG9SXqYHwy7ytd6LRTHLH1xyW3T1uFut7CR/Mf5irjsSeF1zQMAfZVHUVx/h1GXB2C/ZdGEeMGgy17r3Vtyc4O8jDoaPstD0nbXyvNQ4YaDss1a6KS4VrG6SQ45K9Qt8DKSmZA1mCBujm9qDJAYBjHZcLM909JYrJewBJJx4Qjys/5EHrryQ0nGVxUvUF7bRQmFrsOcE2CyMIHUt10uFHDJjbLiD+yzgychDleZ3asn7qTRx6ytcYpFdFlbYS2EF435U8PGAMJkQEcYHoECSYk6WjdMDDtHzUwiH0jkhWjGNjaGMGAFFtNLoiMrx5n+qnFqHvoYNUWomzgYRpnhg5UFzi5xJTIR3MtvB0dyd9lArqnwITJjjKmue1jS5x2WF6svvhaohKBzsCuno9N80sIxam+NUd0iivVxdU1UkjnZBJACrYWOe7JCC2odUyjbOVYBghbxkr2em0/xxUTyl1vyz3A5D4YGApdnovnaoF2zY/MfdRNBqJGgAjOy19JSwUNKNDBnG59StcltJVXu5OTOZC3c+wCgPcXEuXJ5XTSZzwkxpzwkfkbYrasA46fJMrxsMlQ3SCR5PYHAU2vnEUPgsPmcq/T4TADydyrwDkFK4zTeQYCsKGmAIcRk/5KLTQufIHadirqJghjALdzymgnCRG0Ad1ErahrRthGmdlpcNsBUVdUlxwtNMHKRi1GpjXFtgrpV6mYGDus9X1kNDRy1c5zp3DfVT6h5ecHheZfELqBz5xbKaTDGjzkHkr1Pj9Lhbj5Z9TecdMZPPJmeoLtLea99RI9xbkhrc7Aeyj0NOJpAMIUUDpMDC0dsoRDDnSASMr0+lr2nw3WauWpsdk+WyXSQRxwtDWgYG6eyKWombDC3I7n0XW8loam1de+0UZdFvNLtzwCuglsRzs72AvNyfBps1oGuaTZ7h2VjYLRBZoNRYHVMm73nc5VdYLXJBI641e8su4HoFevlbG0vfsFk1NnB1/G6ZzsOVtYIhl+5dsAs1fr7/C6J2hw8WQHSO4Clz1sc0r7jUnw4KfIaD+I+ywF7uZula6YDDBs0ey4Or1HxLJ9E0VDjDBAkmfM90sryXOOSSVlLvI6Wqc0uC0lQABnPZZGqeJKp7gds4Xn5WuybkXrpfHXtQWkGkjCt2/3YKqKc4cCrcAvjaQESeTjaf7mMIBOcKVTdkJrQN+6LEozqURw8hpW7DCFESHhHeMhAZs9Jng6CjyT2fSFIjUaL6ApcI9Ehrk6FMeDkjdlU1QAkwPurpzdjuqytjAOcYKXLhlXwzHJBeMJkf1J7+UxnKowLssaQ8ZKlyDLVXQnDhurGPzNG6dGWDXBqRW1cWDlqh68E7K5qYtYyAqedpjfpI5WiueTn6urH3DSARgqNPH3AUpvn4CZMzIAJTTkX15jlFc1xaSMK3onh0AyVWuiAdtsj00nhOAJ2TGZtPNxmWeCUsFEiwWAp+AlnZUW+UM0BwIKg1VLn8Ks8H0Sexrm4wrXYuyqNsdrM8+EtPC40YOcqwqYN9WFAkac/ZOi8HGuh8ctoQ4xsmDPdJnOCU9wwE6LyZ2IjKA5mOApC44ZVWZ9EGRn1RWHzDCCdiiwnDgSgQUeGSm7hdXWEOGydgphrh0DPBUZwO6m6T6JpY30CDsJ8ldJGeOEAGSN4e3YhWUjG7bfugTRAjYIJIWuOUWNJVCeMEuGUct1DPYKhgkdBJkcFXtNO1zR9lMmyqeVhg5I89sqDUQY309/VXDo9W+FFmhOPpULsqTRVsd4btwpDXNc0AlMnp3E5A4QWO0HG6ZVP0cu2lw7CPBYPEbsQeQp1HVGQAOxkKOMPYQe6AC+KQOYcLTXLazLKvJcmMOGQhaiwrkU+sDKfIA7f0WrOeUIaw8MdnUMhJBw4HlHPARReSCG+3qgSMARl0nKko5IQXN3IIQZGOzkBTZYsb4Udzc7FZbIDAbH+qfLE1zchCcwjcFPZJpG/ZJx+wk8EWRhYdhylE/Sc4zhSnxteMqPIwsPCrrodGe5YZKhqtwHYUoaXtyMfqqkc7FTaeUDAJT4T9MVNchXBwKfGd+U8tDhtuglpY7OOUzGHwIz+yWzzBdLTwgxybcIweDzsj4kimCkjwMjuojctJOFZgAgghR5ID2akTrz0Du5AxTZOCFK8krSHMBChyRkbjZPgn0nSQqQTXsWqot0niQOd4ZOcA8LS0FdDWRBzD5uCDyCqUPEg3AI9EGWCWl/n0zjjkgdkxTcDPZBW99mwY4nYIFVa46j+aw6JPUHCr7TfoZmCOoOHjbPqrppAwc7LTCe/oxyhKt5ZEprg+AinrGnU04DvUK1aA4agcg8KJVQRVMehzd+zu4UFk1VaJQ6XMlOdic50p6QppTXHZeMjxyEOaASDBRaephqYxJCQWkZBynkZVuCYrLj2VctGWbtGyHE87D0VwI2u+oZUWqoN9ULfulWVh/IyMQHDhQa6zQVg1Boa/1CsWxOZs7ZFDA5oS9jZcbJQeUY7FRQSGGdpIB2KkxzCUjAWlloIKtpZKwfdZauoKm11BBBdHnY+yWoYZrhb8nYZzWvGwUSSmwc4UmlmilPP5KS+EOAwq2jm9pSvYRsGpm4wrZ8H+BRJYcfhS5RaHRmmAaRjzD91x8bcZyuuYeyTH4OCgn93DDbAFrgTuuNJyAQppaw7oMlMeQEKjt6K3HAQVxwyELDgd0UEYwryFgA4OY8PjJa4bgjYgr1Pov4pySsjtfU8oy0YFWTgY/xD/XK8yc1NwBzg/cKx9GonRJOJ9MN0Oa2Rha+J41Nc3cEFVd3scVSTPTOYw9wV5R0l8Qq/p95hrNVTRu/4efoH+FevWy6W+8UrKu3VQljeO3LT6H3RnpK9ZXdBN9mPr7eWtAc3cKva+soJRJBJpHcHuvQ6y3xVDC5zRnGyzNdaXseQWDCgVkMrKIbay23hny9dSsbKRzjGVmrtZprZKXMaXwndpHb7q1qKB0Tsj7j2XYLhPGDDOBLH6PGUDXBmawZkPB7Jkg22OFo7haKaqiFVbwGvO7mDhUUkL4jolaWH3We2rcNrtcXwei/DT41XDpNjbb1Drq6AABoZ9TPcZX0fabtQXughudsqGz08zQ5rmn9vuviYMA3Wu6A6/u/QFV/7veZaJ5/m0rz5HLn2V7We38J9Qur/T1L4/Z9ZuYDjKH4fuqfpTrG1dX0QrLZIDho1sJ8zHdwVeO3Cz4wfQqLIaiv5K3lECspY6mMskH2PoqlorrO/LR40J5AV69nm9EOSHUMKZxyBZHPR2lq4quMSROG/IzuFFu1kobvEY6mnYTj6sbqDJTTW2Y1VLlzD9bP9VY0NyjrMgbOHIPKOM8mSUM9niXW/wANJ6aolmp6Yvj5BAXlF2tnyUhY9hHbBX2dNDFMwtmjDm+hC8z67+FdNeWyVFtLGSHJ0kY/RGec8p4bK+Wo+bWiWF4dE4gjcbrW9OdfV9FKynrHtMPAO+yq7509X2OcwVcRABwHY2KpZonHBCtS2nkm3TLo+hbXdqeup21FPIHAjffhWcNXwRgr5/6b6ouFlqNJlLonYBaT2Xqtm6ot1wY0Nl0u7hx2WiFv7N1Gqj1I3lNWROw17hk+6k4jeNiMFZmGoacOa7I+6s6WtaCCSStCl+jcmmidJC9o9Wnj2TIJpKaQSMP3Cn08sT4wRv6oM1GJHF8O2d8Jj5MV+ig38kTRWy9sliayTBHG6lyRw1AIMYc09iMrEB8kD/KS3HZSI+oK2AtY1w098rHfTvG6ayVReMiko53RNOqI7tB7KdFUOg9weypYrzFU4I545VjDJ4jclcLW6Rz6PeeL1cbK8IuYakPjycbqVTVPgnnk7qjjeY3AAnCsIXagCvO6jRyid6Fia5CXqyw3GL5qlAbKBnZYS92l1W0gt8Opi78ZXotJPoOMbEbhVd8tD5c1tKMkfU0ei5N2lzyMfRg+l+q6u01raepe6ORhwCTyvoroH4jUVXEykuMwDn7AnuvmrqSxST5raX627lo5Cb0p1dLTTtoqxxY5pw1xWT4nWzDqtNHUR2s+yLta2SD5imGzhqGO6qAynqoX2+4Rh8cg0+YZWY+HPxOhqxHZ7rKHA7RyOP7LeXS2tefGgHIyMd1speTzttc6ZOMj4b/tT/2YH2n5nrfouk/3UeeWmjb9JPJC+St4iBlfsK9lPXU0ltuULZYpGljmvGQQviD+1F/Zgm6dfVdbdHUpfREl81OwZ0k8kei9F47yc9M1XNnkPOeFWrh8lX5f+p8wRuzjdSWHUOVBiOj7BSYyCBuvbafURsgpI+Z2Uzqm4SXRLT0Ak7boo5WlSyZ2gqS4D2XVYvODrDg5Vjarg2nqQXDZ2yrmkDOSntOh2eVntqViwzRXZKqalE9BoqxsuDkKyjfkZWGtly0OALitPSVzZWheR1en+ObPfeN1MdTWpJk6sgbUMwR5hwVDtVe631JZKTpJ9eFNZIXdlBuNM7UJY288rn2QysM7NcpRkpRfRuKaqZURh8ZBBUkS4wfRYKx3mWnnEDnZafVa6OfxRlc62lo9RpdUro5Rd0tcY3B2RkLR0dYKmMOJ3WJY7B2PCtrdWaCNzsubdX+js6a/C2svKyLS/wAdvB2QY5jnGOFIilbUR6TyoT8xSFpHBWVcdmx/snR7jdAqIw9uAE6F2poRZADgFMhNpi5RUzO11EC47dll7rbRKXxvjyCt5VQ6hnHZZ6vpS8nbuuxpbn6Z5/X6TdmJ4l1HZ301RI1kZxnUPsqB2W4wV7F1BahURAFgPK8nvFC+kq3x42ySF7HQa1SSiz5J57xMtLPfFHKSqkgkDmnb0Vu5kNXT5IyT+yzrXFpAwp1FWS00gc05Hou/VbuXJ5ba+jlTEYXaSMeyDG4tdlXtTRCsh+ZazJA4VG+Pw3HA2V2RUg9jguS2t9a5haDstXarlnTuDysA2QsweMK1t10MJbqycLnX6dSOj43WvSzUcnqVHcA5ozhW1HKJnNDeSsTbK+KaJpY/JPvwrqlrnw4cCQvNa3RTWZRPpXj/ACsJJb2a+CaakmDnA6RscK+pqyCrH8s4cN8LN0NbBcIBuNYABHujtdJTvD2EjHouJdXtWWesqt3x3Lpk692SO4RmSNoEreD6rGzxyUkvhSsIIXoFHWMqWYOzxyFGudopq1pe6MasJKk0yWaeMluiYuN+cLQ2K9VEBEBk8o4yVR1lDLQTFjgSzOxTGOONirsirEBTJ0Tyeq0VW2rj1NO45VjC4jA9F53Yr1LTua2R+42+4W0t9yhqyGh2l3ouTfRhnf0+rjLo0NJVvhwGuwCVc0tWHgaiMrMgEYKOyofgAEhcyyvB1qrzVB2oeiE8Y4Cg0VxHhhk7txwVPZKHYPYpDWDTlTOxzlhyQo12tNJfIxgCOqbuyUDfKkSxCUDRsVFcailkDnN8p2UhLBUocEag6iuFhrBaOogHwkaY5xxn3WmEdDXxiWnex2rgtPKp3GhuUZhqWNkB2IeMqnIvXSNbHNRRmqtpd9PLo8rRCzkzzrw8vovrhbInDwalgex224zhfPnxa/s3srn1F/6Fgc1+dUlEBkNb/hPovpi13i1dQ04fTyMc4jJbjcfkm1tEaQa425B5C7Oi8pbo5ZrZyPI+N03kKnVeso/NyustVQVUlJVMdFLG4tcxzcEFR3wOh3cQV9xfEX4M9L/ECH5uN76G68mob/xD/jHf/RfKfWXw7vfRVwFv6jonMcRqa8DyuB4IK+ieM85DUfmz5D5v6W/iT+Stfb+zB6xxsjNdpzlW5tFI8DS3B7KLPZqho8g27L0MNVXL2eT1HjLao7oLP+CJgHulj3XX0FXCclhKY+KYHduE1WJ9HO+CftDvFPol4p9ELPbCWoJmcigiMNlGTwMjIRg9BRKPTKXiD+lDwUsFXvIF1hLWEPCRaew/dWpNsEPk+qWSham+q6mqf7KDZKeOUFOyEStAJQJS1Y5UbxD7peKfdGrQMIOAT3ThG3GchAEmeyJqTFZnoXhBY2kbZR2Nz3QI45CcMGpHZHM3dzP3TYywU0SAwDBCIwbhMZkDBTmuDSclMTEzeCSAMLuAmh+OyXiYTk0zPJtskbJ6jNJzuThED245RkwFSTfEZjUXbBCNZTAbyboZTjHsnxuXRI0+6WgqHJdqePgg/moU/UHlwxyCWojH2SNFjL4HGUB9VFEMyHCzMl4qXk4dhRpauplGHyJM/IRj0Ojo5vs0k96powdJycKpqb3US5b+H7qqLS7krqx262yzhGuvSwissK+V8h1OJTclLBXcFIbcuWNjFR6FkpyQZlEbGCMkK0iA08NJ4C6GkndFaAUxZA6G+66xpTxFkgozYxgHC0VxyLdgMMyitj3ynBo4T9IWmMMdipSyOZGMb4/VGaWjjH6qPk5wihpA9UxIjf7CB3YFdGo8prYnFwOFLEQDR6rRCLYlySARxHO6kxxA42XAwgkYyiMY4bpywgHhoKGAcJoYcg54Tw0p+gIHYkFVTKfQJ+w5woFdcoqSEvkx9vVcu1yhpmFznbD91jayvkrJi9ziR2HosWq19dUcnS02glKaTH3G7S1jjpJAz+yrXDVyUUt32G66Q4cDJXlNRqZ6iW5ncjo408IAG4BA7obI3SO0t3Kn09BPM4eTynlWbKGnoQHloJPKy2TUUb6NDOfLXBX0tu1DXK3jhSHuip2ENdgrlTXHOiAqOyCWZ4DmkgrJK3J1KtNs/BHDUPlfpJyCplJQuOHkc7qdQWZmA7wxn7q/orU1zmhoSTqafR739xWUFDpw0t23WktdmldINLCB+qsrXYWggys/Za+2WrwQMNAAV4Z3tL4+OE2RLFZTTsJ9Tk5C0zIwxjW+i5G1sTQNK6Z2jtlFnHR2aqVVwhDuF1rBnKA2Qvlc4DlSIwcg8KOznBurjkMzS3YNRGNHI2Sa3Yb8IgOOymcj4Rxyd0+64XY7Jur2S0+6mP2PE55ccBda0NGcJBobymPfqRBDvFxthDM4O2OUJEIyMKs5KTyO5KLHGdjhMii3yApjWgAKmwRgaAn4C6jDdRLJYyMHcpzpPCG4Ti5sY1EKFU1TJW6Ixv65U/sBN4OTT+I/DRsuNZjchMj3I2wVJwA0bphknMazZOkq2wDcgqLW1sdJCXPPmOzR3Kzs9wmlOXO2Kangy2WEm4XGaqkc3OBnso8bCSmRMc85O+VPhhOQAN1ecClFzY6miOdIG62nTnTu7amqb7tGELpzp07VNSzOd2tW1o6Uj0wk2Twem8d4zbiywkUkDQ0DGwUxjQPpGfZBA0tDWjGU9jSzclZZSyemrjjoJ4T3Ea9m+ie5wiHsUCeuZBHl/PYd1X66yvf4TMtYd84WeUsGuKWB1ZcnmUspznG2R6o1LZ5aseJXEjO7QrGitUEXm0AuwpzYyOAl/JgaNgp2U8bY2NAAGNkXSXkADGEmnC6XhgyEiUtwUeAgjDRqOwSMzfwHJQtb3fU7KSAYhOlked3JrWjOSN05LIHJQkESTuV1qaXtBxkBN8fT/djWf8KhCaEnzRRnD3fkFFaaqbByWD3CPHTtadUnmf6qiDxU6ziKNx9yMIodI4DWU0ADgJJck0QICitI0jcKMiDlUQOuOSb9IScoyDvpS+pc1Apa/QrO85GLCFlJM8TfGEtZ/pRNNlnyCNWUUAYXcBO0+6+on5tFgLqSSAISSfgpIcEAruCk1Jz2t+pHGDZJz2BDjuUOWYMbkbqNWVYj2VTVVcrj5XHBToVnmvLfUVGli4Qf3EqsryCWgqqlmdKTn1TySTl25TRGB3T1DB8y1vlNTrrHKb4AEk8oFdVxUkXiSH7BOr6yGghMszvsO5KxVxuM1bMXF50ngIZySQmqpz7HXO4yVchAccKKzOokpgaSeFJY3UBthZ3mTNsY/GIM1EeXdGjZhdYxEa0kpkIFTnkexunGBypETdhkJRNG2oZRQAOFojEVKWRDZdfhoyuIUsueAjKGOmIOMJmc7pHnOEt/srwGkjmr2SOT2Tg0hdAORsjUSnJLoYAcp4xjdEw0N4QQ0k4RYIdcwuIwnNjxunsbgbpPeBsFHxyyHQAAgknhIklJUnuKf9xuSV2MH0Tox6ovl7K0i+gaWAunlcVYwRrIkkkkyIoaknJIiDUk5DlkDQglLaOSzwNmmDRgd1GaDId0nHW7hdJ0gLPOWR8YjXjGAhyOw0klJ82nJIUKefbus9jGQjlg6qU5wP8ANQX59USWTJyQhsaSVmlJyNkYqKHRxklSGnSEmNawcLgdudlaBY1ztRXEklCCSSSUIJJJJAEJd/CuLjnADCqXRTOSDVuELT7patyjxN8w25QRg5spvCH04JO4U1nZMiiAbxhFa0laIx2mecshoxtklckkaBjI/VcGzM5xsobidWBvgppIrIbG/KS436QkTgZRBCPC4I/HeI2u8xTDISMYU6ip208Wt+S9/mOe3ssups2x4Oh47SPVWYXokUNK+Qx00bS57naRj1K9r6L6djtVBG+SMGZ4yXEbhZD4edMOqJRdqkYjb9LSNyvVoWeE3W4AAbriW2OTyfWfDaCFaUn6CVtdHa7e+oOA8Dygnk+q88nnnuVW6eZxe5xySeyn9R3l1zqfChyIo9vuVEpNJ0xtABPKQ+jvylueCbQ0zp5AOzVcktpowMbpUtOyCFoa3BxyVDuE5a/AJKQ28j4xwiHWSvll0askrTWC0GmjEkgy47lVFlt3zdR40gyAdittTQEEDsqk8GvTVZe9hIvJgkZQrnVOETGM21bFSntDW6j2GVQzVL5RJUE5Y36Sltm3gj3u4OoqUQxEN1jJPdZSCM1M2lx3K5c66etqiXuOAcAZWgstsYwMmMeT7oJSSM0c3Sa/RY2S2iniDtO5VwQ1jMkLtPAQ0eXAUO4VII8Fjt+6yXTwdGmpIHNIZpgxnfYALS2m3Cji1yY1u3VZY7Q9721Uww0b791c1tQIxpC5d1m7g6VMUjlXVBg0g7lBt9Mx7/HkZkZ290GKJ1ZKC53lbufdWbdLQGtGAOAsU5YNkFxwSnThrcNaAFXundWVTaaJudRwnVk3hwkDk7BWfTlDBS07rpWDzfgBHZZ7GGSqqrp7LQCDI143x6rE1dW+pndKSd1LvVzNfUuLfpzsqwbrNKIYuSnyO8JuT3XHaGbuOFFllM7hHHk9gqSBbwP0zXCVsEY77n0WroYYbbAI4mb/AIj6lQLPbvlYvGkGXu3U9zvFOAPZBZwHDkk0NM65VenPfLvsr+rIpYRHGAGjbZK10cVDTNDB5nDLieVX3Od9RVsgid7FZH9w+MSTbqbx3mqm8wB8vorTOGnbhDhiEMLWDhoVL1PeWW+HwQ/DnDdDgN8IrOrr0/WKClfuRl7mnt6LNRREYc4JazO/Udyd8o7TkYxjC0VxwZZzbYmjbZSYYXSPGAmRNOfpyrSmg8NvmAyVcpYJGOQtPCGM4xspdupw+Vxc36eEqendM/Qwbdz6K8paRjAGtaNhv7pDeTTBYCUkOO3ZUvV1/ZaKV0MMgE72+X1Hurq4VcNro31cxGlo4zuV5DeblJeLhJUuyGnZoPYKQjkXbZt4IUkstTI6aV5c95yXHlT7Va5rhOI4xxyVHp4NRxheh9JWN9PA2flzvMcps5KpGZZkyxstlZSRsijYAceZ2Fp6OlA04aBjlMpaZxOQ0K5o6XSAS0BcrUajI+EcDqaDTgAKyiYMBMjhAHCkRsLTnOy5VtuWFKTXB1oOQcbIo4SAT0nOQG8iRWISNH3QByERhJdcuIkJaCp6YuuQEFgpYK6ThIHKv5ADqSSSogxJJJGCMSSSUIJccCWkgLuoKm6mvP8ACrVLVl2GsBz7p0I5GwjlmL+Il2/iFXT9P0jyXZD5ceh7Kxs9rZbqKNgG+Bss70nb5LnUS9QVZJMzyWg9h2C2D5CzgZW2qGDRt2gpnd+MDKwt+rn1tX4TnamsPC1N8uQpqJ5bs9w0tWLpI3Vta3k+p91tSwsk7NT0fQktNS9mOzVsG8f6qHbaVtLSxxtGNlMaNyPRZ7Z4GdBU5NTljk8kQ1MT0J5AaSThRLJZyqqoqWIySO+wXn1zrHV1bJId2g4Ct+pbl4xFPA/YZ1HKzoLv6U+KwEPii1kADOVdUdI2BjXuYONgodspH6vFcPKrR5w1aCzk82kaQEqCBz5g/kdgoxzPJpbyruig8KNoPOOUT5CJbBpGPRckcANyujZRawkYwUtvA1LIKd5JTEkpCBjK00xbfAuySRW36tZRULpHuA2JXj1fVSV9a+TJc0nAWp69v5nqDQRP8g2OFmrZRSTSifhrfXuvY+J0Mq18kjzmv1Km9iJdJRtp2BxaMkJSyFpUuoe0DACi08XzNQI/Ur0fEeTk7N3RcdP29rwa2ZuQNmg/5qZcKl390x2Pt6KSdFJSNibtpaqxxdJIXHclZ7JbmbKo4jg7TRnTk+qkhoY3W7ZcibsFHvE74qYaDjPKWlhjZLCK6SZtRVOOoOwUpyC5ozso9MRkvO2QpEUZkeBn9UyKyIbeSxoYQMOIwAEeWTz+wT2gRQgDY4QJ3aRnHCeoFSltId0qnMjDAdOefVZupqMHYZR66sllkc57u+PyVPX10dJE6aR2cZK7fj9M5NM8h5nyEYJ4ZTdYXyS3W8+A4NkfkA915MHy1lSZZnlz3HJJVn1LfJLnVyO1HSTsPRRbRQTTSCbhrfXuvZafTKpYR+e/qLyX83USa6TLG328EAvbgq0P8sALg/lDhMyXuC6MI4PJylvYdrmRROneRhoyodtpXXWpdW1GSyM4YDwSmyl1XKygiydThqPbC0TKZlJE2KNgAaMK5zwsGjT1t8nI4i5wPGNlBukxfOy3x/U/bI7BT5JmQRPlecBoys1VVrKSlqbrNIdbsiMejVx9ZqVFZPa+H0XG4oOtbmfGFkpneWIAvIPdZkNIAGEaLxK2eWsmJc6RxOT6IkzAMNa3leY1NsrJNs9xp6PjjgqLlK2GFz3cAfqsnjJ1Z5Wk6hIZTYx3WbBykQOB5OeZ7Q0e3CvKbBp2n2VGzgq3oDmnbvlNOfpeJhyE5nZdOClGcOCpnXrWAwBCWgAg55RQC4bBDkaSWkLPab4EqL6dypVLjcH1VfHtjdT6THityeyT7N9TwHeCBj1VVWsOMq6Iyd+ygXCHMeoBLyFdHMCmA5QTkHKNvq3XHjYYChycHYnEEKzopCWhVLOVNoXlsnthWngdRLEsFk4Bwz6KnudP/wARoyrruFFqoPEGlaosbqa90eCkgeWjBanTNyAQE12YpSwtxg4UkgOYCOU04coZTiVz2kHhAcHNOQVPkwCRhRZG9wEZi+PaWlBMHwNG2VLVFQTmKUEnb0V+x2pod6qHR09m+OGLAXcZ2SSUH9AZoARnHKrZ6cDJVxIMtPsoTcPeQ7bC01LdwcXyS2tSRTvaY3DblFaMjlS6+jawCUN2P7KG30TVHBy/k3HUsFdHKNp/l7K2WRUk5w3TcpakGmSKeQNPm7qfgEAhVGDkYKsKOpaGiJ5391eUzRXZgkOYEPT7o+QeFzT7q2smmMcoiub7oDzqyCFLkBHG6DoOSQlOOC5QZCkh7gI1DW+FKI5Bj0Rg0d98KHU02p5c0DdV0D1JM0LZGuAICZI0HCq7ZVuINPK7OnjKtGjWduFDo1NW9Ed8QLSq2eAtcSr0x5GCFFqabIyAEMeAbtOrCpY85wVJcxrgMYygTxFjj2wmskOfstELM9nEvr2SwSI3mNwHqpsTg4Z1BVziXj8l2mlMbsOWuE8GOcclo77JofnslE8PGEyRuON1pi88oVjHYYDOw3yuIcUmNiEbOpM4aKG4ycKPJHjgI2lO3S5w3FkJ7d8EfZAkYc5AU6SLPA490BzCdlksrGAGSFOkAfuuPZgZCGx5Y7OFnkgl/YZ4Rac42XWOORhHOlzfdBMZHZXHgvOSfTTjGDj9UV4Dt+FVxSFjsqxhqGvwCU+FmeGLnEWC12MIrHZCdpDuyDgtKYm4gMkx7E5RiA4bHCiNfjsnRk554TE1JCpc8ilhGNhkKLIws3Df3Vq1oI3QnRNwdkqcS42emQqapLHYcMKxje17c5G6ramnLTlmwXKadzSGO7Ic57GPEuUGqaNuvXFlpPYKZbb6+kxS1zXOAOzvZdiLHjflDqaJkjcO/I+iOKdck4gTUZx2yRqYJ2TMbJG7U1wyCpWGPZ4b2Ag8grE2+41Nql8KVpfHn9lq6G4UtawGGTzAZLTyFuhYpdmCdGzoD8vU2uYzUg1wO3LPT1wrSlqY6locw7nkdwmuCE+BoOpmWO5y3ZORjmtzLEM2TuxQ6WfxAIpDh4G6lhgxnCjxIVKW0hSU+ok44QRGWv3VqYgRsFHczUdm8IZRSBVmQDWbcJSU8c0ZZKwHPCK0EEbI7QCOEDryMjNx5RjLn07UUspqaAgtO5Yg0VW138qXyuGxB7FbnQBk4VDdunBUyGroiI5OSOxS5Q2s1w1O7ibK90OeOFElp+4C5T1ckMxpqsFrgcbqf4IkGR98odqY/ftKZ8GDnT+6jSQkYw3H5q5mpt8gKHLB/hSbKv0Ohb+yAx7mHDhwpLXh7d9k10O/Cbu05/ZKawMzuOSU4O7QortcZ3aprJwdiE6SESAEDCFQyXGbXBCbIHAbLpYXbhOkgcw8YTWP0nBCrGA8oaWqxsN+runK1tbQu34cw/S4KIRluQEEvycY4UDjY4PKPb+kuubf1ITTvHgVLRkscdnfZaCqpxMNPHuvnOOWWF4khkcx7dw5pwQV6V0h8TIxFHb7+x2puGtqGnOR7j/VGmjs6XX78V2GnuNp2Ja1Zmst8kJOoYHZegiSKoaHMw5pALT6hQbhbmTNyRumtLBunFS6MJFI+nJ5wUaVlvuTAyoBbIOHKfX2mSNxIbsAqsNcxxxyEqSyAoODyVlxtk9Bh2z4zw5vb7qG06lp6ata7NPWNDo3bfZRrlZQ1vzFvaHtH1AFZLatw6M8kOx3659PXCO42ycxyx7ggnK+kfh78UbZ1hEKOdzYa+NoD2k/UfZfMZj0kAnBSp3zU8zZYJXxyMOQ5pII/NYp0uPR6XxXmrdG1HuP6PtTGdvRcLNsHuvJvhz8Yoq6SO2dTzNim0hrahx2k9j7r1svDwcAhZJRaPo2k1tWsgpVsAWDckKpq7UfEM9G8sdzgHG6uNO53XC3PfhClt6NTgmVttugld8tUjRK3bfupr2gqPcKGOcBw8sg3DwMFQ6atqIJvlqwE42BwjjLLAlD0UvV3QVD1JC/S1rJXDuNsrwDq7ouv6eqpI5IXaWnnHZfVQeDwq2+9P22/QiC4Rah6gbojha7w9OqTceGfHb4cYw1TLdWz0Mwkjccdxlegdd/DaosNVJUU8ZfSu3a4Dhefyw+D9kaeDxN+is0s8SPQum+soZi2mndpd/iK2dPXxSgOY/n0XhLJTG4Edu61dg6rfC5sEpGOASVohbjslWpcHiR7Hb6/QNJIOVd0lTkAkDdefW+5sqmDRLur+hub2ARSnccFaIyydKq5TRqZKeKqb2a71VPV0z4X6Hjjg+ql0dWXAOG6mtkgqW6JQPzCth7Y+igAc3dmR9lc2m5lpFPUH2a7/QqLc6Cqo2mam8zOcY7Ktp6tr5NEmzj2WaypSNWnvlp5ZgbiOQPOxCsYHBoAyN1jqaslhxh2wV3SXGOQN33XI1Wl3dHr9JrozjmRel5YzUFLgq2EAA5yN8qsp6hrxpIyCj6e7QuJZpVng6kbcrKIF3tscJ+agb5XnDgOy8+6o6aBea6gYWuHmcB6r1Js2Rpe3IPqqeppWsqHROA0P3asV2iz0W7P7HnFg6llieKSocWSMOAScZX0T8LfitHXxR2K+SjWMNhlcdz6AleCdZ9GPANztoIc3zOaFS2a/vlIppiY5o9ucErn/BKp8Ga6qOojtkj7hqKGF8hkHcdlHqaOmqaaSmqoGyskGMOGRheQ/C74yQwiHpvqioAiwGU87uR7Fe0ERzMbLC9r2PALXA7EI8bjgz086ZuLR8Ff2pP7Lk9gq5+uuiKYi3uJfPAwZEQ9AP1XyyyUsOkj7r9lKu30tdTPpaqJsjHjBDhkEfZfEn9p3+ylUWyep6z6FojJSPJfU00Y/uz6j2XoPG+R/j/AOnYeI874OWql89P5ez5Qil1DjlSWu1DKroy+NxjeDkHBz2UqJ5xxyvaaeyNsFKLPnOopnTNwmiSCiAjCAnjlaDK1kdnCcd0gRjcpqXOO5EQWCVzHgg8LS2i4YIa4hZZpwpFJU+BKH5JA7LmanTxsi00dHx+rlprFjo9IpZg4DI5Uota8bjKz1uqtcbJCdirynkDmg6l5y+n43g+h6a+N0FJFXdKIQOFTT5GTuB2VrYb4HAU1U7zcAldnZ4mNshZ+ogkp6k6CQM5CyTqUkbK7p0zUoHobZc4KkU1Q5juFlrRd3SQBkzsluwKuoKlrt8crl3UYZ6jS6uM4qSNXb69wb9QVjWNbKxr286RlZKmqnAg8K9t9aHnRIdiO/Zc6yv9HYpu+R4ZLp5jG4B3KsG4e0OB5VTPGdQLVJoqktADlnaNOdrDyx6hgqorafB2CvjgjYqFVQB4wAtNFu0z6ipTRk66ja/YtwAvOuqbAXyPf4ex4IXq1dDo5Cp6uhjqoXRvYCCu5o9U4STPK+T8dHUwcJdngdXBJRy+HI3fsU2N2QDhbrqrp1sQdqZkblrgsS6n8I6SV6/T6tTij5F5Hx89HNplna7m+nf4Upyx3qplxtTZgaqmAwRkgKgAWgsleC35ed2AG7FdGN2ezJDE4/FayhlbpOF2JxYdt1eX+yuYPmKdvO7gFQt8pyrbMttUqnyXdouAp3iN7tOrg+611vrTMQx7s4Gy84JyAMq3t10nhAje7OOD3WO+neuDr+N8j8X+nYejQzSxO1xvLSO4K09qukdbGIpsCQDH3WDt9yZNC3xHAuVrTzOa4SROwV57V6KNiwz6H47yMq4pKWYm3Dn08mthIwriirGVLBvhw5CyttvUM7fCq/KRtq9VZsDoyJqd4cORgrz91Uq5YZ6qi+NqzDos7jboqyIgtGVlq+1S0Y8RoJZ/ktbR1rKluCQHjkLtXAyojLcDP2SU3Ee4bzCRzuYQMYWjs94EcjA84PCr6+2CnJDd++VAi1RSZc3IQW1qxBQk6ZHqNvurXuEUp+xVu17SMggrzO3XF7XjLj5ec9wtXQ3dj2gH/Nc23TnX0+pyuTQl+eOymUl1fHiJ4LgNgVURVGRko7XA7+qwW1YOnXPKyainrC4ZBBRnaalulxGPust85LTloadu6sKO7wEYLjnus2x5NEbU+GT56Dwv5tOfMOR6rsF08SPwJzgcEFEiqvFGQuTU8E25jAPqFa4G7VJFVW2GSmkF36ck8Kpi3LM7OHcK0sXXUUzxb73pgqRsQ8YB/NQ3yVNBIHeYRjlybU0Nrv8AGG1DIy/tI3Z36o42+jNZDabOpt8MjfFhbjIzss91D05aOp7dJab7Qw1DHNwDI3JCzlL1J1T0O4UdcZrpb2ned4zknn7LeWq6WPqqiFVQVkYcRkjgg+i2UamdP4MyzirPtkuD5L+KX9ny9dGNfeOky+7W1zj5dX8yIdg7nA5XlLKojAIX6Evpp6LyzRZZ2cAvJviX/Z36d64ZPe+mC223s5dgN/kzvPJcBxwvV+N89J4hf1+zxPlvp3ObNL3+v/Y+VmkTYOAgzUMTsK7v/Sd86PrjbL7SuhnaTjI2d7hQWxmQ4HK9ppNbXbHKZ4bU6OT+22OGVptNMRuEJ1pgwdLTlXPysjd3DZMLdOxaunDUwfRy7fFRfoz81onLst4QTRTR51jK0pYShupg/GoZT1bE51viX/SZoxgcjCXh4Wjfb4SPoGVDktwB2ajjOMuGzn3ePtq9FNoeeyXhu9FYupS0fSmYYDggJ0UmYpqcOJIhtjcniEu7IvlT9TfVN2YF7wXgE/h/dd8J/opBLe4XPJzwi2omGwPhO/p/ddETs8YRvHgG2rdN+YYDkN/dFiK7AwdbCOcIgiwhfONHbCYazG4P7JnyVxBcWyYzLUQOII3O3uqqS4zN8oQ3Vk55dlDLURXRFU5F58y0bHCaKpuVSGqeeShmaQ9yhWqL/j5NI2up8HL0Ga6wN4P7qhDic5KR3UeqfopaaPsuDfAMjUgvvZcCA5VZYnBgHp+iW9TYw1RWvRMfcqh7i7WcFAMzn5JzumBjs8YT2x4O4Q/LN8NhfHGJw6zuSuaXeqMGjHC7gIXFsHKXQDzNXGgk7qRgJYCKKSL3f3GhvskG78KQBjYJItqLyNDBjcLoaAcgLqWCiKEu6vZdwXbp4GESWSm8DQ3fOE4fUFwnCTPqCNIVKWQw4T0wcJ6dB7QDuSn5c7bKRBO+EURk7ZWmMdwJ1jO+UVjDlEjp3HfClxUZTo4QMq5S/EFFECOEZrHHbGykMgIG42R42ZGnSilaoIdXobLOyKIhzhPDAFJ8IYzhCJA7jZInqkuzo0+Lz2M4VTeLzHRtDGnOdiQuXi/Q0kTmt3PG3dZGWSeukL3EnPA9Fydbrn1A6NOihAFX1s1dMSSdOdghsi0gZCn0lmq5SD4f6q4p7I2NuatuFxLNRl8nTo0UpfgZ6KlfKcNaVaU1pDQHTj9VPnlt1vi1RkFw4VJNdp6t5jjJwVhtua/E6kNPXTjfyyXUVVNRtIiGSNh7qtkq5aw4c7bspEVqqqp4dIdgtDa+mKfSHP2Pv3SnJz7N1enst4iuDP01tEjgSr2jtLRsDyFpqDp2nJADBt7LQUnTtMMAsCVhnT0vj7I9met1ha9rW6dhvstJbLFCxoc5uD22VrBb2xs0sDQB7KyZEIWhzsHZGuDt6bTRh2iNRW8NeDpyB68K0a6OEDDQcKM6qjjacD7KM2V8jsZO6PejaopdEqaqzs0ILdchwispy7BIUunpgOWhQ0QjkFBCGbuG6mBo5AXBHghGGCBslmuEODjV3ISQw0g7lEMCLuCkNl3WCBsoGceMoRGBklG15OMLnhF5CMIAC4nGlHjhJwUZlOGgOITi7GAG8IcgnGtDMbI7eNghCMuwcIglIAGlREHZA5XC4N5OEyV4cAc4woM9RrOlnCvILeB1XVOf/KY7buUOCP1C5HFk6j3RhhgUSMtth3AG5KFXV0VHFqe4Z7BRrhcIqSPxHnjjflZqqqZqyUyvecHgIzDZZ6D1tbJVzF5OfT2Sp4XSHdNpItbtxlW1PAGEEjCakLhGU3wKmo3EZDTlazp2wP8ALV1EQxy0HlNsNjlme2cgNaCNitvBTeG1uwxjYDslzs2npPF+P/8AqWIfRU3hsBeBvwB2Vg1oAwFGaCNiuyTNjwDssllm49LGGOiQ1w3LuyjVNzja/wAKFut3ohmomn/lwtw134lLo6COE+KWDUfVZ3I1QWAdJbHzSirrOPwt9FcQwsjA0tA7pgOe3CKx3IxwkSnk0Rg2w7diEQvAGdv1UfUPVcGfVJcsDtg7XvgBOzncpBgO+E7Zo3KrJDqWR6oElXCzbOT6BR/98m+loY09/wAQQby28E10sbDh7wEF1QZHBsTAR3LlyKkjGPEBcfUlSPDYzAa0AKEyD8EPHnCPA1rCMALu2NgnR91ZYZJMXHODeVCBsj1SyPVRvFPqVwyE7boCEkuA7hLxfZRCSTzxymVFTTUkXjVVQyKNvLnOwhayLnbGvssGz57JGp/D6rE3P4qdG2l5Y+6x1GO0B1HP2Wdrfjk7IfYrBk5OmWqJH5gBUZp6yqv2etMeXY908mKNuZZQ37r59r/iv13cTJi5tpg//umY/wBd1nKquulefErbtWTPJy4ulJBP2UwZZ+ViuII+ja/rTpC1Mc6vv9Kx7fwNeHk/oVn6741dHQBgpBWVRdnOiEtDfuSvC9I5O5PcolFQVlfMKehpZJ5D2YMosIRLyN0+iIAn4K6B6pwx3X0nGT4n+IxIcp+n3TM57K8MFySCbEcIetMfKI+VDqKxmMFHGrcY9Tr6tJHdN8EqWQMbtgqqqa12SG4OCo9VVSuPkfgFR2EnOTlPjVt5PnvmPqqVjdenl2dlqHyPJcUi3PKbo904kAZKJLB4my2d0983ljS0AHdQ6y4R0UJe/nsuXG4xUkfiSHGOBnlY243SavnJLiGDgIZzWMGnT1OTyPu1dNWPy52xOwVYOUbXrABC61hyszbkdKMdnQmszjbhHjaMAYSiiJ3KMyMgbdkcYMqc8I7G3PCkxQhMjjwpccewWiMcGaUs9CbFsCAkdgupr58jGEYHYx3dRyTlEcd01WkM3YEku4KQBymx5B3M7gJ5AHZcBGEg0lEQbuTjCfoAGU/S0DKGcnsoQWdsYQiCUUjAzlBL+ypjROdpGAFxrS4hy61hcQT+iOcNAw1FGIEpYGNGBhcyVzxDnGlPa3g4VAjcFcR9IxwgkHKtoM4ku4KWCoQ4uhpKQ5RDgN4RdLIIKXDG5PooTnl5GEapJkHhjuhMh0jdZ5vLNEDibNjAT3nSFAqZtseqVLo0JZGVU4Gwxwq18xccJ0z9ROCgsaSVlnLPA+McLIQNzvlPDdtgutjzwMJ5Axyoo45LlL0hodldXAMEhdQPsIYkkkqIJJJJQgVJJcf9JUCESMHcKISclPJOeUwDJwltZIdY0lwVhTxZwcIEEQyCWqezS0BMriLsHgAAYTxgAnC40LshwEZmI88pHlAQWDJyQuuf5sYTgmYD6HppIPC67goTRuBlBZPYg4x3PAaGF73jA2G5JV5YrbLd6+KmY06A4aj7Kucz5WEbeaTC9V+H/T/8OoW1ko/mS+bcdly9Tbu4Pf8AgtB8TUYrlrk11lt7KCkhpYm4DQMoPVF2+TjbSQuGtw826sZZWUlM6okdjS0u5WGqHS19W6pkds45Az2XOlLB72uv4Y7UNZxqI+paDp61Ag1s7cjOGA/5qBara+4VIA2ijxqP+i1NQWU0YhiAwBhLlLHRpri3yMqJGsAbgBUzWOqpyME5ONt0+ple+TYnAVnYKZ2o1BG2dikyluN9S3dl5aqVkTGxtYBhXLWhowFEpmiMl+nlHmnbE0ucNggfRtWIxwV98rhDEKaM+eXY4PAWbu1c6lpGU0YGHDCJUzunqZKiXYAnG/AVLqkuN0BjJMcflGElsXucngkWS2tqqkyzNyG7rcW+kBHlYNLeAq2gojE/AZguG6v42tgh32wMlIufRroq+OIGunFNTkj6jsFW2yhdW1Je/OkHJ259kyZ1TX1YYATvgDsAtFBTso6dsbR5hyQsVsuDoVxZMbLHBEI2gANGMKqfUPqKkMPc4+yZPVOcdLVPt1KIGGWVoc92+/Zc2cucm2pc4JMcccLAxo/9V1xLMH1T2s31vH2UOpqQ86WjjZZbJGxcBbdTyXSuEe5a12/sFP6qujIIm2ymwNLcHCk0zW2KzOqMtFROMjbcBZGV0k8pmlcS5xySVnctzKlLABjScZTxHjc7JzAAc44QKqcDYBFIpDZ5W5DQMqXZ7a6eXxnENaPVRLfTGeQySA6QVdMcGgADGEqTwElknSytaNDT7KzsVvla8VMrQc7tae3uqmgopqyoDGDIG5JWxhi+XiDCcuAwSs9jyHGIGuqxSRguOS7YAd1FtdMZZTUvGcnKj1kj6ys0s3AOloV5BG2mpw0jgbrK5YNMVhZBV9dFRUznycnhed3WqkuFWZ5OOAPRWXUd1dV1DoWHyt22VTFGcjKZWsirJ5ORxacZCK3AT9OykUlN48mkjICe8RQnGWSLfTHImc3bsrNjNRDWpCPQ0N9FLoaZzneI4bdlnk8s0RiSrbSuY4uI5Vu1rY2ajsECBjWDhUHXPUENst7qZsgE0jSQ3PIUSyFKSjHJmOueohcK35CjmPhQjDsHkrN08Zdk4yo9PqlcXkbuOT7q7tlJ4srYgOU6K2mFzc5ZLXpSyurZDO5mwOAvUbZQilibGWjGFW9OWZtHE3DOVqYox2aFy9XqG5tIZBDqWBoxsrKIAYwhwRaQNkdrSFybbcsaGY0EZKNgJjPpCIs7eWTsckkujlUQQHdEHCQHddRJEZ1yIhuREsWxLpOU08J+PQoZPBRwnKaBhJqIqSyAJJJJEQCkkkjINXDjjKR4QyTnlRsh3B9V5d1dcKnqS/xWOif/ALtTOBqCPY7rZdadQCw2aSWPeeYGOId9RWQ6Qt0sNLLWz58eqdreT3K1URyaIJl/SUkNHAIIBhoTpHBw3GwTmjHfKo+oa90DPCid5j9W/C6VccD3gzvUNyM1S5jT5G+UAeqsOkLaZ/8AeZGkZOQss58lbViNmSS7C9P6YonwULBIN0637INCy3aNIAARI2kE5CdpGxRMD0XLlL9jMiHCRxxlOOwQC7flAWjuFXXWsZBTuDjjIKsjwVX1lFHUjDxsrXZGYRzzNISB3UqnodZGRgK7msTQ8OhbsjxUHhgZaNlqhLgIjRwlsYGMYUSukdGwNbtnlWzgGDcKjqZfHmIB2GyaWSLRTSTSmT8LVoGDAwg2+lENO1gG5GSjnDQTwpJ4DSyNe/QoMxc95LinzyanbHhNyBylxTk+Rj4Qw7Kk6muraC3vfqDXOBAV1NKGA5xwvJeuL+641j6KBwDGDT+eV3fGaKd1iaOPr71GJn5HzV9aXFxc6R2FpIYhBTtj2BA3VZZqMN/3iRu4GynTzg87L31NXxrB5p2ObywdXJl2M+yubLSRxxeO5mXnuVSUtOayrY0bgblanSIYmsA7K7XhGnTwzyBrZMgNCBEMDOE6XLnZwnMaTsBwsbZoxgJwM+izlzqpZagse7IHAVvdJ5Iaf+WcE8rMl7nSFzjkoksi7Z4JsQONlc26maG+K4ZPZVtujEjwHjYK6jw0bcLRGPORKY8jJySqe81hb/u8TsHHmU+uqo6Zmtzseg9VmqiYzSl5O5K6FNTmc3yOsdMXGJEnB8xO5Xm/X3UJjeLbTv3AzIQf2Wt6qvbbXSygOw9zS1m/deKVlXNPO+SV+p7zkkr13jtLiKZ8V+sPNOqL09T+59joI3VNQ1gydR5Wwo4BFEGhoGNtlX2a3xwwtl05e7kq2BGMAYC9FXDB8kvsbWGMlYCRhCeNAx6oz2kblDgikqaoaW5HotKxFZM1acngnWm3mN/zUjcZHlCtHgHGUg0wsa0+ij1s/gxeIuZqrMZZ3tDQ5NRKi/VPiyR0UR3OC7Hp6LI9ZVIY2G3McSQMvx/kr0u8eslq2/S1Y26TPq62Sd5zl2y83rdRuWD6R4zR7YJjqSDRCMDkIcow4DT39VaU9PmnDyNsKBLHl+Vyuz0e1RRk+pyMFue/Czcavepj/P2Kz7c6yojxPknm5slHgYVvazmDSTuqhvAVpaCPG052xwmoxUT22E7BB3KfF9S5INR27JR8qmdqvlk2MAhNenxfSmyDCyzllnQgJv1hSodpWFRO4+6kRu0uylyNlbwWgZtnPKBVx6o/spbG+QboLmpHJrlHfHBm6hojk0gLj2gtGQj18emQk8ILeMKzk2RSk0DYMHCk05w8HCB+JEZ2Ri4fa8lxA7xGrlRGHNwUOikGwUxw1DCYpYOlGKnHkztfTkP1Fv7psZAABKs6+EOBPoqoDQ7crTF5OJfT8c2cmjJwQgOjDmYypjzlo2zlRS4tJ2TTFdHBCeDG4EK7t0/jwAE+ZuxVZJHnflPo5TTzg58p2KgqmfxyL3RsDjlN0+6kMcHMDm7jCFq9lDo44yc52VZO4wVDiG5B91aqFVw6nA43WmrhnM19bnVx6JEMTKmENxkEKnq6UwSkNGysqKUwO/wlS6qibVMMjWjJGcrS1lHm9zhLDM3wiNdgYTpY9DnNIwWoGo5QmhPdHI97M7hALSDvspYIe3ccIbm9wkWL9BReQKfFnWBlNIwkDgpcG/Y6L2vJaxPy3KKq+jqfOGFWIBPC0HQompIdpDuQo8kbQMgKQw5ylIMtQNZNTjlFeRgrjmjG4RntIPCFjCqSyIlEiOh8ObxGjvlWdFVh0gicPzUV4yEJjjC7UBlLk8F0zlXPMTRNbn6TlNkYCPVR6Cra9oPJ7j0U0u1AbITpwnvWSoq6PVqIHPG6rTE5pII4WlmYCMYVZU02dw1FGWGY79IptyIUR3wRylNFjDm8LnhlrvspEeC3da67NyOPfTsYKnqXRuDSFYag8A5Cr54PMHNGE+GfQQ09lpqsUeGY5QbJbmcEJzDjK6xwkbshkFpGVsX7QnAYnCWC7sk3DsHKccadgmYyUDcMKO5uM4ClHc4ATHDy4ASbK8lkJwBy1B0d+FLc05OyCW5B2WK2toYRwSDhF2I5QnAg7pNJykBYydLO6ayR0bxhGyHD3QHMyeFaeOSLngs6epDwBtujviBaCN8qmje6Igq1pKuJ0Ydn7j0TY2buGKtTSyMc0sPCJE8Z3RZIw/do4UYtLDwmJtcCc5JzHZCeobJQBxypEcoJV5AcRPiBByMqBNDo3a1WuA7CHLCHAbbqpRLjPBAiqXRuAcrCCVsrc6goE9M7ILRwmRSOgdghHF4GyxJFhUQ6hsM7KG11XSSCelBy3nHcKXT1If5XDOQjmA4BaOUzP6E5w+SfZ7+ysxHMdLuN/VX/AIeMHnKw89E1zvFi8j/buraz9SPhcyguTDngP9k2uz/nMt9OczrRqom43I3KlxHcKLEWvAcw5B7hSouQVoTz0cy3+4fAIUcs3OymDjCWlvoiwxXRF8FLw/dSNAQDEcndTDDyOXAwDcBOAOU8D1VbMl8roorx0/Bch4sREco7+qzrJKm3ymkqmHLTjdb/AE+6gXOzUt0YGztO3dvKF1Y5HV3bVibM6wtlbqA2PdR5qfPbCbU0dd0/UfzGvfTO2DjvhTKeeCsbqiOSOd0qfPBp3Ncx5RVyQY4Z+6izRnHC0EtK2QYA4VfNRvbkAZSZwyaIW47KbSWnZGhnIwMcI0sGDxhR3xn0Sdm00KakHdG2YAhQ6iAtIIThJJCQAdipLHtlAyN0LWAnx0QI5ZYZA4cDkeqlSwR1MPjUwGR9Te6dNBqHlZuosfzFJJraOe3YpfZM5GHIOHAg+6aeNirMGnrI8kAE8qBUUr6Z+N9PYqmnkKufPJoemOvbjYJhHUNNRS8FgOCPcL1q29QW68sZJRztc17cjfcH0IXz+FYWu7Vtpk8aik0P/ZNTeDp06yUHye9TUsdS0tOMKlrbD4mfAbv3VX0n17T3V7aSsAgqA3ku8r/t6FbJjmPbuPKVR1a7Y2rOTzupp5qeYxyMwBwV2GZzCNLz+RW3uVqirI9DYhk91krrYqq1nxYml7e4AVNZHEert0FwaJYXCKYcHtlVJa+kkMFYzD29wOfdXdHPHJGNOx7hHmgp6tnh1MYcRsHdwlTryMhPaULQ04dG5el9B/Fe4WDRRXSM1NEAGgNOHN9wvOZqOSim04LoyfK5OZIBjdY7NPnk7XjfIW6We6tn1vbrnQ3aBtXQTtlheAQ4f5H0UwHK+Xumeq7p03U+NQylzXbOYScEf9V7l0l8QLd1BGynd/Jqg3djzglYp1tcH0HQ+Vq1CW54ZrXtDuUF9NE/dzQfyRg8nkYTwCeEtrjJ1+GVD2S0cmNzGT+iK2VruCFPdHqGHcFQJ6RkZ1RhUp5eCpR4I9bTQVTPCqImyMdsWuGQvI+uPhQ988tZZmDw3+bw/Q+y9dc7BAcmOw7Hf2Rp5Obq9HDVR2yPka4UFRbqh1NUxljmEjcKPG4ggr6Q6w+Hdp6la+dsYinxnUBtleF9TdHXbpmYmphLoHOw17RkfmmI8NrPE3aebaX2g7Xfqu3Py17nN9CeFuLV1YydrRMF5hFLvxyrCmrHwEFu4HITozwc5XSr6PZ6C9A4fBPkf0krS0tY2ojD2nfuPReO2e8DDXNfse3otZaup2xSAAH3901TT7NtWpb7PTqSvcGCOQB7fdV91sFLcXGron+BUAZHbdRaC7Q1LgwnScbbq0bUCPBxn80b6NsLEzOU90fTzfI3CPw5mnGTsHe4VzSVGnDmo9fQUF6iEVVE3UOHEYI/NUEra6wSeBUNdNCD5Hj+n3Wacc9nTo1Di0bKhuTdhJsVeUtSJAAe6w1HWRVEYmheD+fCuqGuk2DzkBYLtPF/ieh0euTWJmlfHqALUCeIPbh/5H0TaSta5uCjuLZG7bFYJ0nXhYpogOOG+DKA4EY3WC6y6I05ulnGZfq0N7r0CaLfYKC+WakeBIzVF+J3osdukUiZSPLbVdTL/u9SCyePYg7HK9c+G/xjq7FVRWm9PMtI/DI3uP0DsFkeq+i4bnGbvZ8MmA1EN/EsKKieKU0de3RIMgagufZpnHozXR+Xs+7aC40lzpY6yikbJHIMggrlRSxVkZilbnPHsvlL4c/FW6dDVTKZz/Ft0pAnhBxkeo+2Svp3p3qWz9S0Mdws9WyaOUZwDu32ISHFpnKtp29Hyv8A2m/7J7K51V1t0HDon+uWjjbs4b5x6L4vqKapoKmSirYXRTROLXNcMEEL9kCWlhD2gj0K+a/7Q/8AZa6d+IMEnUHT8YpLxEHO2bnxWjseMrveP11lKUWzxvm/BVaqDnVHEz4GY70GUYHKNfbDe+irtNYuo6B9NUwuLS13p9+6C0h41N3C9TRq42RPmOo089PN1zXKO5K4kN+F3GFrTyjI00LJHCWT6rgOUkM4ZDTxyi4s90MDhBM44J8p9FsKCqZIAGvHHqvOfEDfdaKx3WF5aM6SOxK4Gu02fuR6jw3kMP45m4icCNyN1Gq6ZswwW5TaecOaCDsVIc4SDGfzXDnBx4Z7KMk1kooHTUk7mYyMlaOgrdYa0ngKuqqQHzDlRIZnU8ulyy2170aKb3SzaU8owHAgqypZ8OBOP1WYt9WHgAn1VvE8DDgVzraD0mm1CaTNbT1TZWDVjK6HmN+oDYqkoqsjAJVr47ZGBc+yvazrVXbuy1gqS5uDunPAcFURTvik1A7d1aQyiRuoBKb28mpNS4IddSCaMhow4bhUmnS4tcNwtQ7nlV9fQNlzLEMO747rXRdh4MGq07f3RM1c7bBXwujkYCCNvZeT9T9PT0UzpImeQende0ujLQAQqa/2VtfTkxAahk49V3dJrHXJZPKeZ8UtZVwvuR4aGlSYmmMhzTupt6s9Rbah5cw6CTj2UKM9l6anVb+T5nrPHuqWya5NRZa4XGB1FVYL2jLT3IVHfbY2mkMkbdIPI902F0sEjZYXFrhvstJE6C70g8XSJMYP3XRrtTXJjlRKcNkkYYZPdGY/w3ZHfsrG8Wk0Z1NYQqdyLtHOtplW8MvKC4GN7c8Ba22XSOUNa1y89hJaBurO3XJkDgH9+yx36bedPxvk5aeSjNnozJGuGWuV1abq6AiGV2WnYFYe3XLxgNJVzDUh2FwtVpVPMWj3+g8ltSlBm6afMJoXc+hVpR1pcNDgdXv3WKoLy+DEbzlq0UU4cxsgPIzsVwrtO4Hr9Lq1fHMWXEtPDUNIc1UVfa/COpo2VlT1ZJAKlSiOeMAtAWPlG3EZ9mUDnQPHlwrOirXDAGM4T6y35JLW8BVul1K8ZH7pUo7g9zr6NlabtnEM5xng+6vYpDt6FYClqg4AY4V3b7o+B4ZI8ujO2/ZYrtPk36bU4WJM1JcJBjH7oL4nwjxot8chBgqopcOY/KlseCMcrFKpwOhCxS6O0t5fA4NLiPvwryjuUkha7IcCs5VU0cvIwfUIVNVVFHII3AuaOCkyhk1K1o3sc8U7NEjQQfVV9x6fL8TW+QxP5wDgFVlJeI3gHJBV5Q3JjwGzvwOyUk8hznvRXQVkrXCivMAczgahkFVFd0o2Gb+J9NVDaadvmxnb7LYVdJTXGAta4OI3BHIVM+mq7ZIHEl7DttymJ4E7f0Lp/wCKkcBNo6yhfEG+UTBuR91sDRfNQNrLHP4lO8ZDO6xtTbLTfISyphYHYPmA3CzlO/rXoWd1RZKySWmccmNxJyP8k6E+MCZ1m9v1m6Y6ytr7D1VbImzEYzIAXs/5X/8AovnX4ifAG8dIxvvHTTH3C3A/zAD5oR2/LlfQtn+JvS/VjW0PVsT7dUt2D2jGT9/0WkbR1tvDpKGV9TSnYahvhb9Hr7dFLdBnJ13i6tbHbZ/3PghpLhhy5JG36sZX1t138EekPiE01NFMbNdWkkyAeSU+jgP81869bfDLq/oCdrbxRCSjJIZWRHMbvYFe28f5iu2OZcM8dr/EWaWeEsx/aMeQPTGO6WgeuFJa2CTnC5JTBw8uwXfr1MbFk4s9K+49EUtaUJzADuEZ48I4xn2QyC/stCtUjNLTt9kaWFpwo8lDC4eh9VY+GXBMczstMb3E59/jq7O0UklDgnSeFGdFICQWq9dFk8cphp2Ebs/dNjqm39xzL/DJ/giiOod0LxXHbZX7rfCQSW/uo5tsIzgJ61CZzbPEXQ5Kch3KRcQ3GVPdRY4CCaN2Tsqla5GOzSWVvlEPxXZ3K54pUn5R/YJfJyHkBRcifjku0wC5nPsjmkcO2UzwHZ+nCsNVPAFOwEYRdsIoiJ/CUaTKcZdJEUDJwE4MJODsjeGfROLR6IsEUGN8MHld0LmfdLV7qspANZHYaEtvVDyfVLJ9VeQJJsckmLoBypkDYwqcmDhExjdMSbJsEBnuuJ43OF0sPICJrBBAd08AbFdwElGRjsBdSSxlMFPLYkk9sZcjR02rfOEecFquUugOEeOF7uylQUbDu5uVOZTtZghqJWJGmvRznyQ4qF7/AKe3upMVGW4JUtkZaBjYIgYOcpqvWMGuvx+e0MiiDRsFJja0Y2TWNDeQiNOM52Qy1SiuTpUeO/sOa3fZdc0RjJHKa4yNwWHCGBLUeVxysl2uTXB16PHpLrka+bGQBlVldLNKwxwnGecK8gsdTN5iDp77KSLdQ0YzO8NPuuVqNU7OMnXq8TJw3SWDFQ2CWqcDLCXK3p+nIKcB00RYAErn1da6BxZTkyub2as7V369XyQiPXpPABxsuZZc0+CQp0tPD5l+jQ11ws9pi1eK3bsDysnceo57m98dNqDXbAkKwpOjqmsc11U7nffK1Vo6GbGA7wM49kiU3M0V6e254UcIwNBY62sIJBwOcrVWzo8gNJhyd+y31D0xBTNDtDQfTCtoKOCANyxp/JVJYOjV4yCe6XZjaHpl8JyIAc+qvqGyQRAOkYM+yt5JY2ABrAEA1IxjCLGDp06dVLCOigpmAaABjsujQwZDeEF05zymGTIyphGpcEgVIGRsuGqkfsd1FDHSO2Uunpy3BcoPr5HtgfKQSMqbT0wjwSESmY2McI2WncBQ0KJ1jQMDCKPpAQxyiDhRGmEUkPAwnoZe31TXT9gEI0Lgeq4ZABnY/mgeI535pCNx3x+6hA4flEaChRRb8KYwNY0EhWwwcceTghG8jB2PtlDfLggNCTYy8jdT/IY/zSEBowiRxaRk8p8TGtamPwByp0QRc0YDR+6FJI0c4CZLKIyoj3ul5OEG/ILeB00xlPhxHbufVNZFjd3K7C1rQNk+aaOFuXFMSMdtiFxndVV1uzI2mJh39QgV911EsgdsqnJecuOVMmG21NYQMyy1MpMji4dlIgpy8gcI1FRiQ5A2CuKG2h+Njt6IxMIucsEe3W98jw1oxnutdaLCGStkqRkdgQpFqtMdO1kskYyB5R/qr2CFxcFU57ejv6HQ/dlkmjhbGA1jcAdlaQNAGfRRoWCNnmGE18s+SIXYWaU93Z6mmvag9XUsjZ78ABNpqGaoAfPwd8J9Db9xPUDU877q0BDMEBZ5M0xiMpqWKAfRuEcnPZc1Z7cJnieyS22aoxSQ/OEQOxsN8oLQXuCkRR4ASZ8DYvAtLiQcIgI05PHqhvnazbGVCkfUTu8MDw4/ulh5JslbFGMM8zj2Ci+JV1TsOAawevdEgo44/MRkqUoDvAMpGjB5PdSmNwuNT2oBc2dSSJAS5GyMJNjshd1lvA5Q2gk8qBduorLZTpuFwia4ctaclQtzhH8mWzXh3t+aHNk8Lzq8fFuDz09ltT5XZ2mn8rf07rIXbqrqW8k+Pc3U7DzHTjQ0qGaesjnET2C5dSWCzxF1zuccEn9LvRYm4/Ge0tldHZqeSqLTgOzpB9+CvPRA5xLpHue47lzjuSpVDbKuumEFHRvnkxsGtyoZp3WT/EsLl8ROs7sSYKhtADvqjG+FnqsVtymNRcrjUVTzz4jyRlbe1/DPqWvLRVU4pI3cuetRbvglahkXG61MzXcsj8g/zKiMkqrre2eLst1PC/WyLfk7KworLermHi22qomx9PlwCvoa1fD/AKUs8YFHameI3h7zq/zWhghbC0MY0ADgBVJYItFns8GsvwX6yuEIqKyOkomuGQ2ScOcfbAWtt/wHtoYP4reJn5A1RwN0D9cnP6L1EMceAiMjcXEEEfkgyPjo4GSofhh0PbmNaLHHORjLpTqJ+5IWhjpaKnAZR0kcEbQA1rQNlNkY1o3KCS31UyNjpoxPkXZDJI4XM9spE4GV9PhHPZ8DlMIDjKE6VoB4z90GWrY1VdVWNkyyM59U5V4OD5PztOii/wBkqpqxw0g7KtfIZHElMDnuOSSV1NUUj5j5DzGo1+dz4G6SeQlpx2RMBI4Cs4u3kETgZUC43GOki1v59Molyr4qOPW87jgLGVlfLWSF7+OwykzmkbqKNz5OV9bLWPLnv2PAVe5pBC7I4udpATmMdqWSUss6dcFWh8TTx6qRHGB5iEooeMhSYgSfsm1okrMHWR47IrY8HhFZHgbogjxw391pjEROeRrYwAnafdOLm4IygOI3Tdoke5wIO4UYk7rpzlcwVajks4ugHKQByibEDZMjANIQHqlgLuMJzGlxVFNjPDJOQi6Q0cIoaGBA1Z/JQFPI173ZAwn4AbldIaNyFHmmBGAqbwGlk5LJggAJrWZOUxmXOyVIaMBTmTD4Q5rQBwmukzthFbu37ofh75wmRiBjIPTl2cIg4T2tbjGE1F0WhLmAupKFnMBLAXUlCDdPuhzvwMBPkkDNvVRiXSH0QTlgOKyDIJdlOeQRjUE7DWtP2UOV+O6zt4HRQqiVrGFxOfQKnqJ3OOMco9bP2BUR243WWyw1QjgCSXFHiaOSENrdxsjsADdlnTyx2BJZKSS0FDEkkkBAqSSSEIS7gpAd084LeELWQZSwCHdcfwuk4ygSk9iULKzxkY5u/KJEzcZCY1mTypcDCMEhDHskpbQsbTgDCKwOJx6J0bRhEYAADhaIYM85ZHjDGqLNKXbYRJpg3YBRc6jlRywSMciGScp4IwljZDJx3QOW0LH7CnhSbdA0A1Mo2B8ueFDDHSPbG3klWhORHRRt3cMbBZNRbmODveJ0qnJWtFv0daX329tmkbrhiwWg8cr2+jjjiGkMAbGMADhZzoWxR2m0xvdGPFlGc+gV3X1go6SQgbuXLtb4PqfjNI6qt0+2VHUt1NTK23wnbI1Y7qLBSmQsgaPM4bn0UemY6WV9VJu5x2WitFE6P/epm4HbKSdZRJtFTxWmi0OILzufcqO9735c/umVVYamYFrSGt2CHNI5zQ0eXPJ9UmUsGiuJxsXiuwAtbaqVsUDA0YAH6qqslA2TEz2bDYZWlY1rWgNbgBLNtcccj2gMbk9ln+oruGFtDE4gndxH+SuLjUspqNz3HGN1hvH+cqX1EnGdkEngOb4OV07mUwjZy/Yeqs+nbZohD3My525JVdTU7q+uGATHGtvQUQhjaA3skzngdp688kikp/DbqcNyot1rHAilifguGXY9FMqaqKjh1yH7D1VPb6aeurTUO+nOd1ksnuN+3pItbLROYHVUgxnYAo1bVav5UbvuUeolENPpbzjAVSA6d4YOSsVhsr4JVup/HqQTu1u5WgazJBHZQ6CBlPE0MG7uSeSprj4bQcLm2s1wjjkBXvc2Pw2nHqidO201lT8xKP5URyfQn0UN7ZKibwxlznkNaPuryumFjszKJjtErjh/qsk2zTEqOpK/5mqMEZ8kewAVOG7J0smXFwJdnckpvitwSdsIY5E2SyDnmZTRkuOSeB6qDC11VNh2SCUypmNTNsMAbAK3o6VtPH2LjuSrlLBSeSRExsTAxoAAS1lxwFxw91cdO2s1BNTIwFgOBlZ7JJdjoovbFRCkoxK4ed+67dKtzMU8bsEjLvsplRK2CHPAaMAKniY6sqjqO7is0nlmiBKtFKXPM72+UbDKi9VXcUzPkopS17hk49FbV9ZFbLeX4HlbgfdefVVW+tldLLu524+yCMRk5egLfMcu3JRowAQhsacDbCKwHZMjwzO+wrGFxAxnKuaWmZBG3A3I3Ki2qm1nxXjO+GhWr2tyGq7J5GRj7HU8Tpn4AyByreBhADcIVvhDI+Oe6nMiDd8JMpYGdIi3SuitdE+rl3AGze5K8fu9zmvFeamX6dwwHsFpuu766prfkYJP5cQw7HcrJxRFzsgJtaMd023hEmip9Q2bwvQOkrNG1oqZI+cLO9N2aapma7Hl916la6JsLWsDcNHYINRZtQCRZUkWwAGwCsqaLfJCFTw7A4U+GLHZcO6zezRAIxo2R2NGAcJrPqCMOFgm+Q0dTk1OVAiTgDlcHKJsQNlZBDhdSSREZ1yIhuREoWxiKMjshjlFQASltGLhGV1JTopPIxJJJNINXMj1SJHCGSc8qmyBUKVzWDLjtyU7IAOVlOvb3/CrFJ4Tj49SfDZvxnujhHcMgssydyqZ+rOsA1pJoaA6fYuHK1TI2RjQxuAOFR9JW00FvbJKP5s3mcT3yrqWTw+3K31Qwa4xGVVQ2liMhIWA6juRLngO8zslaG+Vx3hJx3WDqXGqrdJPJXRojnGSTlguOlKGSpmimDdycn7L1Wii8GENLcLK9I0MXhN0twWjlbADzADgJesnmWELbyGG6S4D2XVzJvIYjwVGycoxI4QzyoEOHCWAUklaIwLwNkJzQOEWTkIchDWlxOMBPrLRR3ur8LEEbsHG6g2mldUziRwy1pz91Hq5H1FWW7nU79lprZTNp6cDTgp64CJbQGMx7KJUP2xlSJnho29FXyPLzyrxkdHgaTuSmOfqIGE9AqJhBEZM8DKZVDMlFC7bMLJnOub4LfQOpo34le3fHOF5XQNkqakk7kndx3Vp1TdZLlcpfPlodhdtdIyODxSPMSve+K0cqK8v2eQ12pdljSLBkYpoy0EKvq5XZICk1DyAo9M1s9Q2NzNQPO67Wdq5MMczltRedO0jmQePKOeCrKV4JOEm4jibGMAAY2CEB7rLbLLOzTHbBI4MOcPKiO0QtyQnRx+qg3mfw4MDZKSyBZJRRRXWvfJIQX7ZxsolP/MeMKNPIZZC47q3tdGdpJBj0C0RjgxOe5lnbafQA7GMKVNI2Juds+i5GBFHnHZV1bOd2grXXHcy7JbYuRGuk3zOloP0lU9bMKWEynZTn5JLiV5r191LLAfl4XZ2IIB4XoPG0/dyeB+pPLLTUytZmOsL2+urZcSZYzyge/qqC10bqyqBccBh1H3UWSaSaQucfqK11moGwUrcjzO8xXr9LUorCPzz5LXS1dztn2yfTsa1gAaR7FFA3z6Lv0j3XYwXRBxG5XSjHCOPKe5g5+AAFY2ilMcZmIALjhRIoHzTBoGw3JVtGA1gb6LPqLdiNWlocnuG1RHchZnqK4kNEEZVxdKmOCEvc45OwHusZcagySsJ3yVwtZf9jPaeI0W6akSS50NnfLHs5wxlZh0XfGcrRXVz2sip2eVmgEj3VQ6Jeauscz6Hp6PjjwWLGBltaSN1US4xu391fyM021gz2VDV4jjJJ2G6CJrujthkwfULs1BVKG75VpfHGSoJA2VbjBCv2eB12XYw7fo/JSbbKWTgeqjM3bj2RaRwjlDspiMUHiRoDuMpjfqXWO1sDh3XGjzKpPB2qHwibTnyp0rcgYTaY7DKO8ZHCyzWTpQlkjjlEHCZ+JPbsly4NUXh5LejeXwN1HfhEkblvKiUT8AD0U5Lwb63uiUt2gxFqYN1VxEgYK0dXDraRjOyoHDS9w91Zivr+7Iw7lOXcFMUM23aTKVxZI052VvFiQA7bqhjdhwPorWjdnYnCJrLNlUsLA+rg1jCz9TGWTEcY7rUujLm7BU1wpiDkNWitrArVU7obiFEA4YPKBKzfICI0EOCfM3YYC0HGuhuRFznkKNMCDspLhg4Q5cHsoYJxa6LW01fiU+k7luym4J4Cz9vndBNn8J5C0cUjZWAgdk2CyaqLZNbZDQMnAQalnlGylR8BOIbnBCfHsKyO9NFOA7WGgbq1oXlrPDfuFAfGYqouIwPupsbg0ZG+Vqgso8ZrYzrtaZGuNvbh07FRuZg8LWNkBGHNyFWXO3BrvHgbsdyAl2Iuu7CwynTyMrjgW7OCcBk4SMDoy9gHtHI2QdO6nSR+XYKFIDGeOUtxHRnkTCWODmncK0oKoyv8N5GcbKqBynQSOik8QHhEjTVY63k0BZnuuaPdNp6hlQzU079wjYKI69c98cgJYh2Ciyt0nYcqw0n0QpYdXZUi7I/ognHdMMDXdkWWPJCawYJ34SpMVFYGslNK4aRsVb0lSJmgZGVVPj19sp1GXQzBx4HbKFcmiqbiy7c3KC+IOBHCKyVsgyE8s25UwbMb0VFRTBhyAog1NdgBXUkYcOOVAmg0HOFcJuJg1Gn3IGAHt3UeeMtOWou+ccIvhh7duVpjNSOTZRtQKlnLdnBSCQ8DbChSxEHU3ZOpasAiOXbHBWzT6jH2TOfZBokFxjl0KQDqAIQ5I9Xm7prH76fRbVIUSsBMLcpNyRkohBI2RdlEZzBgn2UYtOcdlMceUDRk8IJw3FkWWHbICjEYVkW+qjzQgbhv7rHZVjobGWCMCc4TxjG6YRhcyVmksBYHOYE2GQwPyeCnrkgDm7IE2nwWn6fRa0lXHI0AHJR5YRIBhZ0GWF2phwO6tbbcoZXiNzt8d1pqtjLiQuyvjch00T4yMBOjfuAVPkibKzYKvnppIzrG4HICdKHtdGdNSWCew+XIKdq1bEKDBUNGA7IKmNe14UixUojjE0tyVAqqf02yp+CDuU1zQ5XLkkZtFbG98Lxlv7q1pK2J4DXnBUSWAE7N/dRgySJwIVcph/kXkkQdhzRkJktDFVR6JGgOPBQbZcHF3hSjZW0lOQQWjP5pq+4RLMW0V1svNVY6ltJW5dTnYH0W4oZ6arYJaaUPHt2WPqYYquIxSsB9D6Ktpqmv6eqxLC97os+ZudiE2M3W+ehU6FeuPyPUo4y7ZEMf5KpsfUVHdWhjH6X4yWlXbTkrYmn0ca5ShJxksDNBH5oZjwpoA0oRY3fZF0BGeCHpxwE5SfAB30/um+B7KZC+QjgHKeAnacdk4Y4CsFvPLI9TBHUxmOaNr2ns4ZCyF06dntUn8QteS3PnYOMfZbjRnumujzsRkJU6U+R9V8qv8GFornHUu8ORvhyeh7qc6NrhhSrz0yyqkNTRERSc47ZWfbV11qqBFcGENOwceFnknHs3wmrVwSaq3t5aMqqqYPCOC3BWmEkNVG2SIgg8qPVUUcrd25KBxyhkbHF4Zlnxg9sobHuidjGVZ1VHJC7duygSRg7LPKv0alamGjnacZ5TpoPFbsM5UJ7C0ggqRFPgDIS0uQnzyDFNLAc4U+nqIZ2+BUNB7AlLWJW4IUeSlkDg9gyPRXjAClgVba2hpkpznHIVfpxsrilnLfK5KqpIqhuqNoa8eg5VJhwsaf3MpWvfG4Oa4hw4I7LZ9M/EOrtzWU90BmiG2ochZOWnkidiRqFp91DXXe4PMT6Atd3prnTsqKOQPY4Z2OSFInxKPM3PsV4RaLzcbNKJaGpez1bnyn8l6r011tbrxTsbUzNgqAMOaTyVE8M6+n1kWsTB3TphxkdVW52gncs7Z9lVMqXRnwakaJGnBz3W+IDyAOVW3WxU1zZiRjQ8cOAwUbxg3KWeUZw6ZW74IVfWW8Rkzwt2PITpXXGz1Jpq2EyRD6Xj0VrHIyRgIbkFJnHJprtwUMUuHDVsVZU9Y+NzZopXMeNw9pwU6qoYZQSG4J9FVup5oJPI449ysdtR0qNU4cnsXR/xWnj001+c+ZuwEvJ/NesWm7W26xCWhqWyAjOAdx+S+U6Cq0OGsBa+y3mvtcgnoah8ZO+A44WWdGT2Xi/NRlFRmfRbmAcIEkOvCyvSvxFt11Y2mupNNO0AayfK5bVjQckDICyOvaz1ddtd0U4Mrpbcxw83KrZ4XwSFrxt2K0UjBnjCjy0rKhpY8fYpe7a+QpQRQHcFVNztFFdInQV0LZIyDyM4K0FVb5afzDzN9lAe0nunJ5MV1CsW2XR4d1v8Kai2slulolbJDku8LG7V568PixqG6+sTG07uwfyWB61+G9LfBJU0GmKc5cAe5RZPKeV8JH/AHKDxKnnexwcwlv2Kv6S4k4IIyqq5WWts0xp62MteD6KLG9zTnJ2TYSPKYsrf3I39svtTGQ7XnHutpaOpmTMYZXZ9RlePUlxMflO6uKa5OYQ6J5B52WqMk1g106nb2e6U9RHNE2SIggqV40E0fg1bGvbxuMrzKx9TzM0gyjHcErY0N1hrB5Th43IJ5+yKUEdSjVRmNutiqbY75+yNL4ScvjzwpNnvMFa0NHkk4LTyCp1PVEDSf0VddunY61zq+2vMFU0ZGnglZZx/R1KbeeTR01S5isYasOwNivPrfe7hb520d9jLGnYTds+61lPLHIwSQSte092nKxWUtej0Gj1KmsJl8wNlGdv1Uaph1jQ5oIPYoVJUkdlNdKyVoGMELLKB0VPJQTGqs5NTDmSEnzR84ygXey2PrG3h0bGxVPLHM2eD6K+lh1NLXNyCNws9W26eikdWW3+97MxskT06kW1k81udtufTtWaa5xOEROGSEc/mtD0b8QLz0fWNq7VU6o+XRl2xWoZdaa+QPtF9pWB7xj+YOfssX1D0LW2Vhq7UHTU2cnHLR/0WKelw8iLaz6t6I+JVm60tkdRHM2Gq0gSRE76u60kmJMFfClov9xsdcytpJ5IpYzw04K+kfhr8ZLdfqWGiuczY6sDTufr/wDVLUXE5dtfOTvxq+AvS/xWoXCeFlNXY8tQxuHA9t18C/ET4b9X/B/qF9uvdJJ8sHkQVOnDZB2+y/UoSR1EYkieHAjOyzHWvRdn62s01kvlKJqeYEYIzhbtHd8T5PN+W8NVrlu6l+z8xKQUdwY40vlkbuWn/RCkhdG7S4EL0742f2er38Ma2W72OKaW0N0iKVuzmDfGodgvMqe8CsZ4NwZv2kaN8+69JpdVGzo+X6/xtuintsX/AFBkY7pmrOQpstEHM8SCQPbjOyhEYJB5C6CkpIwKOOwe+ckp1NL8vJrB++F0jIwhBuCT6LNfUmiV2SrluRtLLdnui8MnUBwfRaKnm8QDK8xoq2Wkma6M49R6raWm6iZpHOMLz2r03OUe48T5GNsVGTNG4Bzck5VXWU/8wyNGylQ1eoYwnOw/8lyJRaZ6Hhog0tc6B4B7LQUNw8UAErN19G7+/gG45CVFcWwuDZAQR6rPbXuRr0uqdclFm5gqNOCCCrajrdRAyFlaGpbKwOY7I+6sqep0EHdc2+nk9FTqF6NHJJqALVJoK5rB4b+VU0tUHt0kKQDpcCsNkMnRpuy8l+x4e0Fp2Tn+pUCiqdOG4yppJkwQlr7GbcqSKqvpHAmWIZA3IUKKQOIbhaHww4YIzlUddRS0cxkaMsJ7LVC1s5WpqlF7kih6k6ahuNO6WJgLsbjC8mu1pmtk7ssOkFe9UMscxLCcH3Wb6r6VZUtfLHHuRuB3912dDr3U1XYea8t4iGqg51r7jyCCfV5cbKXT1EtFIJWbg8g90K4W2a11RbIw6c7FEY6OZgC9NXeeAv084y2TWGjTAU92owHtB1NyD3CyF2tMtFIXAZaVcW6qfSO8Inyk5HsrmaGC4QFrsHIW2Fv7MGp0zsWGeea9O2OV1r9w7CsLvaJaOQua0lqrk9PPBw7qtktpa0NylhIDTgFae3XEyAb5wFh9wQQeFMoa+aGQOY7jkHgrPfp1LlHQ0Gvlp5KMmeiQVBeACFd2q4yRt8F7iR29lg6C85cMjntlX8NW1wDgcrianRNrDPd+P8im1ODN7SVPiAEEFWcNRxuFg6O5SxOwCd+VorfWmYA5XAv0rg8HsdD5Cu94fBow5kgAcBuo1RbY3s1ack8Iccodg5OR2UuGoBaMrnNYeDtKdcuJFHLTzUkn07I9FVid5iIwQM/dW89OKgcAqmrbbJA75inzkHcBKazwwJLa8xLyhqDC/UDgFXUFW1+NwsRS3QtIjnBHuFb0taXYcNx2WeyrcaaNSlwapsocMjCbJEyUYdwqmnr8fUVYwVMUoAzglZZV46OhG9ME6N8DtVO3nndSqKtnB853CRiOkkcKM6Twjgj9Ut1j1YaOhvUlO8Occt9lpKe52+4NG7Wu9HcLzyGcEahlHhqXhwAylzgPjho2lfZ5Dipt8Q1DcgcEKGyYSg0tXEWOA3Dv9FFtnUtVS4a5xe0evZXZrLZd2AShrX+vBQpFYyZa79EUl0aXRNaHdtt1U0d6656AkEdHUCSnHNO7ONPtlbp9BV0vnp5PEZ233Qnvpqxpgr4A7/mG4TFLHIudOeQvT3xK6N6o00tfm2XEfUTs0n7rV1FI2rpHQTxQV1JKME4Dsj/JeVXv4f0NaDPRYa/kEbOCq6Dqrq7oqUROdJPTN20PyQAtdVv6Ms6s8YJvWv8AZw6TvxkrulZDaat25iA/lE/8vb8l4H1V8P8ArLoiZzL1aJPABw2oi88bvscL606a+I/TXUuIZaltNVDkOGnJWpkoqatgdDURQ1UEg3DgCHD3Xb0nl50La+Tka7wtOpe+tbX/AGPz8bUQSHBaAfXCYGAu2X1j1p/Zn6S6k8Sr6cP8IrXb6GjMLj9uy8E6y+DfX/Qj3vudrE1Gz/4indrGPXGF6HS+Whb2eY1XirtPLMo5RihFjtnKE9hO2EXx424D3YRGmN4BY8HK7Nep3rKObOiDILoj2aU0xPAyQrHDWbAcroaxw+lMV+WKemyVhaRywproyRwQrPw29lwRNH4U+FgmWlbKcxDJBCB4QydleGmiO5Z+6XysXZgT1cZJ6OL7KP5XO/hrny4G+n91eGnaBs0FANOBy3lOjY/Zms0Cf4lSacenCF4Qzwrk0oP4RgoRpW+gRxsyYbfGtPJVhjWfgH6LhlAGNA/RWTqePfjHookkcIGByj+RezLLSSr4IuGuzkAIMuGtyTynVDyDhoxhQ3mZ587kSlk5moWHhHC7ckFDJcd00ZzgorWgjJCN8mB9iSSSRADxyiDGBshIgOEyC5BY5OTMhPyE9JIrsKDlcODtqC4QMcoO+VWUDhskLuChta7Hqi+E55G+FMhxrlLpBE+MgkcJ8VGTz/mp8NviwDpwlO1ZNdWhnY+SPDEcg4U2GncUaOkDceUYClxxgAbKStTOpR41R5YKKINA2UjQdtuEaGB0mwapcdvmJGQAEr5kuzq16CX9KIAaG8hGihc45IVpFb2af5jdwjQ0rQfK0D80MtRFezoUeLsf5Fe2jcRwixUTc+ZqsC1se2nld2ecgYWO+9y6OtToIQ7IjaBjyM7BTmRUdM0OfgHCcKeR2NA/dd+QhlH88ZI91klM3xp24cUZ289U1zA+ktFLI7+pzBlZmKw9X9QPBrC+FjuS842Xp1LRU8Lv5UYGfZWTIcAZGyU+QZ6KWplm5vH6R53bPhlHG7/fC1+e61Vu6Po6VrWiOPA9G7rRCONgyWjCbJWQsbh2BjhJ49mmrQU1POCKy10UAHkBIRxUQwAAEDHGFFkqtZ24QHHVugwl0a0kuia+sLvcKM+pc7IQdfYBMwSVMlhHTuccFcGU0Bd1EdkQYiDkIrIjt7pRML3AYU9kbGgKhq5BxQDbZTGRNbjbddja0DbsmPeG8vwoPi0g445SBOeVG+bgGxk3RGzMecMOVY5Mkg90/wAXbGEFu6IxhJGBlD0OrbbFqcTwniNx3wnMYOUVowNgqHroY2LglGZGNsJZHoug57KFjwA3GAnblcbuiNAwoGlkbHHqO6IG49kmjAJ9EwyjCvP7HLCHmQjlyjyz6u4KHPIRsFFyfUoZPHAqbHSvc9wyU+PcccIOVCqrs2B2hh3UXHJjutcCfU1kVNGXPP5KiuFykqhojJAPJUaaSSokMj35HYJgI4xwm54Obba5A2txnfOUamgmqZhFEzIPJ9E+KnfL9IWmtVtbBC1rR5nDJKJBUUObBUlubG0MaPYn1K1VooPlYgSwAu343TrVQRtd4kjQT2VoxvmznCqck1g9BotFGD3SHwxl5AAAA5VhE0MwRsQmU9OXAADCnQU5ZhxCyTkd/T6dR5QOOOeVwB4U+CkYwAhmCnQtDAdsJxlDeN0ls6UYYCjDRgBN15QfGTWuJKFvBEiSJc9l0Hugg910Sg+XCU1yOXRJdOIx6oD55ZNmnAXQ0uPqitjaO6TOORgNge45dupOjygZxhJrGjhODUPxlbvQmu9kbBTWR4O3dEfLHGBrIB91JRwU5xj2canAgAkbrMXv4idNWQObLVeNMDjw49yvPbz8XrzWvdDZKMU0Z/E9m/5FCZbdZXWewVNdR0p11tVHTxjlzysVe/ivZ7e9zLfrrNJwDGM5XlVZJeb7/NuNTJMXb4c7hSrb09M5gZTxB7zw0DlQwy1c7HiBdXP4g9UX9r4vF+UpXbtZHs7HuVTRUr5Xa53udk5y45yVubH8K79XNbLUtjpo3Dh27h+S9Asnwys1uY11Q0zvH9e4ChcYWz5mzxmhsdzucwp7bRyTyf0tHC3Fn+EVzqIGyXKWOAu5aPM5v+S9Xgo4aZjYoY2ta3YYGFJja4DKpvBohpzG2n4YdL0MYFVRGqk/EZXZH5BaqnoKKihZDR00cLGjADW4UnRvkhKSWCIZlkDf3QuaQ+NOGNLRwQk2LHDUN12oohhsZlPrhR/4rUyOzF5Ah+RDFWWTIWgZecBIyU0W/iZ9lU+JM92p8hJPuuEE8lVKeSbE+y0+dhGzBuo01wqT5WPAH2UZoTtOQN0qVm0NQS6O+NM7d78pa3HuuluBnC5pP9JQO7AWD5K3G5IUaqqmlmkEKPPWahgHlQ3FziTkr7NCHJ+O/M/UcKU66HyOklc5x35QsD0TsFcTXFej59fqJ6iW+x5ZzAXUlwnCDIpHScKtud0jootbtyeAldLpFRR6nHJPAysjU1MtTKZJHZB4Hos9lnpGmmjPI2sqJqqUySOODwFCe4MGD3R3yhoIAUMuc922yxyluN9cNg6Nmo5xsVKij4KbBEfVS4oycYGEVcG+S5zwdijKkRRgHdOZGMZRmMxsO61wgIlPA5owFx249F0nIUaWbJAwnxiKb3HXE7oW+U8bpYCYQWPVLAXUlWSHMBdBwcouFwAuOAEzORjlg4TrwAEVoaxoeRv911rQ1uohBc4yHAUFt7h75C86WjhMOB3RGNDW5IwotXMwbN7IZS2hwjuFLMMbYUQOc8gpEOkcpUMWQPLulp7mMbUENjaR2UhrcgFJrW+ietEYpITKWRiSSSIoSanJqg4SSSShBJO8o3SHKDWzt0+E0790EpYKAyya3jBXW/SmsYTgkLkrw0fdZrGHFegc7i3OCqurqN9I3UiqqBwqqR2o5WWyw3V1jZHFxyV2NCwchGjHAIWb8uzQ1ge1oAG26YioSotj0kkkZQ5JJJQJvAl0A5SHKJsQNlAZS2iASJGOUjwhOJ33VSltAGPOFHYC52USXlca0FyVncE/2FijycqZGwAcoULM8o5HoUaWAJSyPHKcXNDeVwHDVHncM4BVylgTjczkztZ5TWMyh6cknlFG3KFSyG1hDth3QnEuOAuPBJG6kUEXiTg9ghsksYNOmqd01DBIpITA3xpOSMNHda/oGwvuVzFxnjJhgyMkcn0Wego5rjWw0NOw6pDuewHqvbbBaIrNbYqNgGQAXEdyufe8M9/4Px0rLVx9kSxjIjjDWtADRjCzdwqpayoLHO/ltOMBW10rRBCWM3e/I27KpooC52p3Kw2vJ7hPHCJtqpY3yB0jfK3cBTa6uD/92gOAOcITXNijAaECmjzUGQ8ZQ5HQ5JEUeluXjBIXaRrZZw1w2yuz5ePL9lb2q3taGylmfcrPYb6o5LejjbFC0NGMKQZAweZMbgDYYwoV3qjFTEjbCE1Se1FF1Nc3VEvykTtuNlVv/lsbBH9TkgXSTOqJNznZWdloRUTmolbnGdKRYBGDsZbWS2/LQjXu52CVo4yI2DUfZRKSENxkbDcoVbUhxLIySAstrydWmCjFIj1spq6rS0eUeUBW9HTtpqcDhx3UC20ZL/mJht2Cm1FQ1pwFllLJpggFZUh50NOUW00z5ptfAaoBjc9+GgnJWrttI6mpgHgE87LHqJpcGyqGQkNPpO4Q6mXzOYBs1HfNp2AUYRGaYRj8S505ezRjBY9O0DXyvuMuNEX059fVU3UdydWVzjnU1u35rQ3WpjtNqFHEQHubusTK4ySZ5SYvLJOW1A3HKr62d+fBY7GecI1bVeCNDT5iotuimqajxAMgcn1TOEhG/LJ1ppM5qJm8HDQVZucG4ATGNDG6RsAk1jnHIPdZrJZZprWSXSQ/NSiMd1t6CnZSUrIQMaRuquxW6KCJtQ9mSeMqfcqn5aLWslj3cGhQINbVOmlLNXlG2FYWqlEUJmePM7j2CqLbSuuFV6NByVK6junyMIpoCNWNxlKcsDF0UfUd2dV1DqeN2GMOMepVRFHk5K4Q6aQvdy4qU2Ixs3G6OM8ASyMwG4GEenh1nhCB1HGFcW+kdpDnNwrkwYPLJdLGIoQQMYCkU0Rml1EeUblN0HAbvhWlNCGRt2ASpPLNUUsBmANAAGMKr6nvjbNbnacGabLGD/VWryI2l7tgF5b1Re3Xm4mRmRDENDB/qpEXbYl9pUSeJLKZJCXOcSSSVZ2ygNRIIw3soUMRefpzjdbbpayTt/3qVoAPAKY7MIyKOWaDp22imgYS3zFa23xEAOI+ygUFLw0N2CvaaPSAcbDYLlau5sZGJJgaANgpkbdtggRgjspkf0rlym+xiEnpJJRQ5JJJQh0cog4QwO6IOFaIdSSSRAyeBJJJKADkkkkAAl3BSHK7jJ5Qylgh1BPCN+aCeEBTBknOFxdPK5lGENncWj2PK8ruFTL1V1Y+Ak/K25wBb2c4Lb9a3f8AhtklfGdMsh0NP3WU6MoJIqc1s+8ko8x9StlMMj4I0Xla0YGkDsq+sqg0ZOApkzvflZm+VYDHRtO4XRrhgeyivVc+Rkzw7fhV1jpfmp/EcC4jlRblO+R/gBx5yfdarpGgA8PLdyQStb/04Ni/yZurJQto6Jg04c8airAcLjNmhoHATm7YXMunueQmsI6M/kn5GlIDbKHlZwxpJzhOTcFOUIJJJJWiMa8ZGfRZ3qa4yU0LIY9hIcE98LQTP0DfhYK71TrldDpOY4jgDsn1otEmyRmeq1OGdO+61ZwGADYKBaKFtPTtJaNTvMSpVS4YAT1wg49gKiU5wEBoI3K64ZOSV0vaG4CKK5GuW1HNW+McrIdcXd1BRup43Ykl8rT6eq1MtR4eXEbBeOdZ3h1xuryDlkeWgdl6Hw+iVtinL0cjyOshVW0yqponVVTlxzvlxV3HiNulvAUK0U2iAyO5d29lLleGDAC9zCOw8i5b3kbUzb4wrWwUQ0Oq5Gg5OGZVG1pqJ2sxyVs4Y2wQMiAwGgBLvs42o2aSvMtwKcnUAOF2PI3KT9zsixNA5Cx5Om5behOmbCwkgDZY+7V0tTMW6/KCr6/VTIofD1YdhZTOrzeqbWsmHUTzwNZFqwtRRQ6WNyOyrrZQtcRK/fHAV0zDVpSyZ1xyxk7y1u3oqh7i5xJKl19UHu8OM8bEqvnk8GF0v9K6eiq3yOZ5LWOuDS9FF1ReW22jeBIGkNyd14ZdrlJca2Woe7LeAtH8QupHV1U+iifwfNgrHRxGaVkI2zsvXaHS7eT4D9V+bnrLXXB/Yv8A1Lfp+3MqZPmJWZDT5QeMrXRxBrcAAKHa6RtNTsaBwFNmkAaANl3qY7UfOr7My4AnU+YMaMjuVKcBGwNA2XKaIBusjnhGhjM0wHKfJ4WRdcXZJJEqkhHh+JsM8ptS7SwlFI0NwOyrLpU/y/D4JXI1l2D0+h0kpYiimvdZnuCB7qgto+duJ8TcR4IHqm364tiywE5CL0pGZpjKR9QXnNXqMrae88Lpfu2/ol14Mk5B/CMAKAY/5gaOcqzqW5nd91Xxj/fy3OwxhcuUsdnsoQ28E6taW0rWD0WfvDdFMQ7bZaWsc0lrPQbrLdTyhsEmPRRSwiap7amYO4kZ9d1XFoU2tB3z65UVrdSpWcnhdVXueRNzuAuAujI2RmNw3dNcxpIyE9dHJnHa8ov6JwNOwkjhPafNwoNBLhgjU0gjlRrJ1dJLdAlR5BAUs7sChwKdBuEmawdapZIj2nVwnDbJRJWaTxlMzhZZrLNsVgNST6ZtPbhXA33Co4vK/Ur2D6B9lRoreeBj2ahuqGohMUzmn1ytH+Sp7tTvdIXgbFTou+H28EF4DmnCiYwSpMP16D3XHxEHZQ52G+xrDgqfRvLXgBV4GFJjODwoOqeGX8eHMB5UStgDmHZEt8ocNJUmWLIxhEpNG/arYbTK1Mfhv+nCaAHhWVygHIaqpp0OwVpqnns4l9PxvAGZhBwhub2KmyNBA2QDynZOfZWiKG4yQrm0VIli8M/U1VxjJC7ROdBPracY590yMsCVFwkmaEA8omcNymRSNkAIG6IN0+PIz5PZHlhbIcubuPdCjHYHZTywFp25UUxlhOy21nn/AClW77xR+UqQGiRmM4yhNBKLH5DyinHccCTx0UlwoXxSkFm3Oe2FD0aSCtZURCph8PG6zVdTmllMWEiUMGmqzIPbGMqNPGBuijbklJ7dQ5S9mUa4vBALSDwmO4ypT2EZ2QCDlJb2M1RkmiRb6nwqjBOAdlomhj2BwOxWTAx3Vvaq1+rwJDkdiopKRu09yX2MtNHsuOjy3GEYtCWkcIsHTjyV8sW+QFHLVZSMB7KG+EtPCXjJJ1pAmgd02RuBkBEAwujBQ44JFYHUlS6Nuhys45tbRgBUzm43Cl0U4GxVp44Y+qzLwTi0lR6mMEZwpjC17eOE18YPuhZpnBSRTPiLTwlESNirGaEEYwoJhLXFVGe1nPt0+TkkQcM4/dV9RTv+tg47KzxhMdGQdwtUZblk5V+leeCNb6wyfyZHbjjKkyxgHW04+yg1VIQ4zQDfuApVHVsqIwx2zwMELbRe87JnLsraZMgIkjz3RB/SdlFjL4ZNt2+inECoYA0YPZb8ARinwBdB3DUNsO+4wpEEuHeHKNwcBFkj1btCpjFAhOgAGQo0jdWx7KfuTjCZJACOEqSyG4NFTJFp3AUeQFWUsJyocrNPZZrYfoHDALoOSkR6JYKz7eSh+lrmnKhvjfGfEjGDnspLk7bSR3Spw/QUXjgnWq6iQCGY4cNt1bDDwRgLJOjIJLRj3VpbLofLTVJ9g5aqL8R2zYq2mPMokupgJOtrUyKocwhrmq0DBI3cbEKFU0JOS0Y/NPkkllGXrhhY52vAGRunFh5Crg10ThsptPUgYDhwpH7uypLA/wC4TJIWuCklglblowhBsjDh7ETjkD5MMhFjonZaNJVxarm06aapePYqBIxruUB9K1u8YwfurT2sJpTWDT1FMG/zYhkHfAUYGGdvhvYD6gqPZ7sQ0U1ScgbAq1mga4eJG0euR3TYyU1hGWzdXLgz00NRaKkVVK4hmc7dlrunuqPmSI6lwydlVyxBzSx7cgqoqaGe3v8AmKckt7gdkcZuDKnCGphiXZ61E5rm5acgpwGO6wfTXVr24p5wXY2C3NJUxVLGyxOBB/ZaYWRn0cm3TTqltYYM9ktGeykMaMbjldDWnsnqOTI5YIj4NuFFMJBVo9ueULwwpgnyEVu3ISLQUSWEkYAUcxzRnynZDgtSyJ0YHChV1spq+MxTxNdt3CntOdid0UxnGQEuUFMbCyUPxPPam01/Ts3ixEzUznYwNy37o1JcoKs6WHS70K2s9D47HNcMtIxhZG99My0pNbQHzNOXNAS3VsN0b42fl2PfTtnA1AY5VTcrSGHVA37olJc5WvEVQNB9SreKVsrQTvnukuCNEZ7GY2WEsdocNwgEYIK19daYqxuYsNcO/wD1WcqqSeldiVm3qOFlnW88Guu6M0CZIWYBClxva8YcoJISbL5sY4Q/j2NlH2ibJEweeNNime12MJRvyMHuieG0jKguT2kjRFUM8wBPZVlTRSxOzo27KSJHREYUqKpZIBrCjRcZ4KXTvgpheYCHRuLT2IPCtqm3hzjJT4AdyFUSxuicWvGCkyTQ6NqbyjcdMfEaajDKG6jXHs0Sj6s/delUlbTV9O2ellD2kb+oXz61uRuP1VhZ+orrZZg6lqX+GT5oy7Yq1LPZ1Kda1xI9tqqaGqaWTRtc0+oWbrrJV213zVuY6WLPnjznA9lJ6b6vob40QOPhVDRu122fstDnkZ+6PGejoQ1MZcox8NVHUtGnY8Fp5BSnpWyN9MKwuvTQqZXVlvk8GfnH4SVVw101O801ygMUrTg+h9wqlVuN9N8emRJad8Ltmo1DcJ6R2HEvZ6Eqe9rJm5AB2VdUU5a4bLPKs3QscOYmnpJ2VcYfE/nf3C2/S3xFvNgYykqtNVSN20EbtHsvIIaiancHROLSPQq/ob7BNiOoyx3GexWK2rk7vj/Ky08stn0xabtRXukjrKGQOa4btzu0+hU0wEDK+frXdLha3ipttW6M84a7Y/kvVOlPiNQ3fRQXIfLVeMNLneWQ+3usdlL9HuNN5KFrUZcM1fhhzS1w2VTcbdjzQs+6vWESAlvCC8fhSeYnTlFS5RlXxOZs4YUWRmMgHlamahjmBJG5VPUUEsbvpwiUjJZXkx/UfS9BfqR8FTA0OO7ZGgagfuvFuoui7jY6mRgjL4uWuA7L6Kkj2OyrLhaoLhTugqYwQeD3CbGWDia/xNWpTxwfMxc6N4GN1NpatzTvutv1n8PZbew11viD2fiDRvhefFj4pNL2kfdPjI8PqtJZpJ7ZF/R1uDu7BWhtN8lpTkzYHbfhYaKVzdwSp9PVg4DlqTbRVNjiewWXqKOqxFJIMkbFX1PcnQyA9u68gt1wdHpLDgha+1X3xC2Gd2knhxPKWdSnVNdnoNRR0N5pXRSMaS4bH0Kzwpbj0rJmmYZ4Cd253wn0tbJGQ5jiB7FXsFTDWRZy0k7FrkDi5HYo1CfK7GWi/wBFcToY4xyjlj9irmOdzHAHcLJXPplkzvmKRxhkG4LThDt/UNbbZm0V5a50J2ZKex+6x21cnoKNQuNzN/A5tQ08EoT4GnII5VZS1cUzRJSVGfs5W0E4qBh3lkHI9UmUcdnShYpdFFe+nYLhDrZlsjN2kcqot/UVXaXOtl9Z4lOfIx5H+a2c3kx7qoutrprlH4dRGD6HuCkTrRJLKKHqDoagv0Dau0PjikcMgjg+xXnFdTXvpO45np5GiIgiVnBW5bWXfpOpMRcZKNx9M4CuTJaOqKF0LnNmjeMuA+ppWd0psxWQTeF2WPwv+NDzLFS3KcOyA3c8r3u1Xy2XuPVSyDWBktJXxl1D0BcLJKLj0/Lra3LtGd1pvh98ZDbHx090EtPPGdJLtgcIJV46MFjj1Lg+ob/0/R3ekfTVMeuN3LV8R/Hv+zLcum5p+qOkaV8tJM4vfTsH92e5Hsvsnpvriku0LXPlYcjkHKvbhb6G7UjoZo2Pilbg5GcoqJSpllM5PkPHVa6p1z/7+0fkpDV1NJKYnao3tOlzXbEH3VkyWmq2DxGhrj+IbL6p+P8A/ZjlrX1PUXSVP/MHnMLW88r5KqaSotlVJRV0LoZYnFrmuGMFdzT6uLWD5j5Twuo0D3NZj+w0sT4icjI5z2UbxM7YUqCqdH5XjXGeWlFqaKF8fzFKctO5HcLd8imjiKvPRXkDnuFOtlZNFM1zH4HcKAY8HBOE5p0Ozn8ljtrjND6LZUTUom6oLh4uDtureN4c0HI3WCt1eWOaCT3Wnt9dr07rh6nT4Z7nx+r+eOS40kqsuNG6J+trdjuraN7XNC69jJBhwBC5zhyddPdyirtddJTyhhdsTggrT01QHkHKyFfRy00vis3ZnIU6gu8WoNfkHjfus9te436PUOtbZs2dLVFpAGFaRS+I0ZIWZp6gZG+Va0tUNsrmXV4O7RqPZdQzmNwV1S1AewAkLNRyhym01WWELHKGDp1X7i+0Ab5QqqJtRC5hxwhsqDKwJzXmN2+4KGDcWNtW+PBmKkz26fDgeeexVzb54blDoe4A4/RSKumgroTG9nPBxuFmA6e11hDSQGnB9wtEZ7uTlyfwyy+iL1d0iyoY9zY9+dh+68orrfUWqoLXNOnK+iqeWC5Uwa5wLsfmFjOrekmVDHuZGM+y62j1ri8WM4vlfFR1C+Wn8jyyKVszBg+YKVRV0lPIGud98qJXW+ptdQQWkAH0XBJ4jQSMFegp1UZr7TxF2knGTjJco1M9JDcKbs7IWMu1pkopSQ3yeqvbZcZKZwZI7LTsrytoIa+mL2gOBGT7LbDUY7OZqfHxvWH+Z5vkHldYMKfdLVLRSkgEtKr2uDeVvhYpnmr6JUT2zXJJiqnwvaRutHbbrkNDiDlZUjVwV1szoSBrICq2r5Bml1c9NPcmekU9UXgObv7qypa+WF4Dd/bKwlovuQKfxQT7rSU9RqaHO7riajRtTw0e60HklbHdFm4t9zdKzLuVb0tQJMbhefQVksbgGuwFoLdc9m6jvgrg6zQ4++CPaaDycbcQmbKGojbgPPKktEThkEb+qz8NY2QAgHUPVTaetLCMrlWUtdndjanwxtws2tzpYABnke6p3VFVQSeZrsDstbDO2Zp9cKFWUDalu43SGscMaoLuJBo7vDKAHEtd7q2hrgwBzXbrNVtrqIP5jGZHbCbSXVrR4U4II2+yW6nLoartnZuKW9x50TAlvqFNfFS1kRAcHA7gg7hY+CoifuxwP5qZDXuhcDG4jHukW147NNdrkiwqWVdG7WHZYO4RKS7U8pDM+bvuiU90paoaX+Vx5B4UWsskE+ZYRodzlqzuGTRC2SfBatmkwHRs1j7o8VSQcZwfustR3qotkny1axxDTgO9lewTUVxAfBIA49kt188GqN8WjR0HUFVSYa5xez0JyriG72m4DFSRE/1WGd8xSvxIC5nIIUuKqhlADSAR6oZQY3flG1dSSxt8WllErORgqHI+iqgYLhSg55dpVJBdqu3uBieS30zsrmmvdqr26a4iF/8AVhSKcQcJszt4+HlFVE1dpl8KTkFhwVFtvVfWfRTxBMHVVFH/AMN/IHqCtr8o+MePRTtkYdxg5Uepkgmb4VdTg+5CYptFuP6LHpn4udI9QOFNNWmhquCyX1+62gMg5OoA7Lxa9dAWa7jxqRrYpTwW7HP5KBSVPXnQz82+s8eBvLAS7I+yfHUbehUq3I2nXHwP6B62L5p7U2grX8z04AyfUt4K8J6u/s29X9LmSrsg/ilENwI/7wD/AJV7r018Zunro4UV9d8lVDYnTgEr0Gkq6eqjbNQzeLG/dpPBW/T+UuqeM8HK1XjKdQuYpP8Asfn9U0lVSTOp6yCSGVhw5j24ITRtlfc/VPQHSPWcTmdQWiN8jhgTMADgfv3XivVH9mKtp3S1XSV1ZVNb5vlXtw8D2OV6HSeXqkv9R8nn9R4a6HMFlHgWSOWpvij2V7ful7907O6C8WmaAtOCS04VQI6Jw8zCD3XZo1ldqzF5OVbpLKniaIxla3kjZM+dgHLuFMdb6WUEsKiSUDIjho57rbC9ezHZROPKGPuEHABQ3VQ5CT6Q44CjPgcCtCtTMdkLV2h81ZICAwYyob55n4y7ZSTFkbjhMEQB43ToSwYLcsG4vIG6jSRuPJxlS3g8aUGSJx4WhWJ8GGyvd2Q3wg5cd1FkDQCNtlNfBK7ZvdAdQSHgJiaOZqdK3+KK14BK45x9FPNtn3dthcdROA43TNxzpaG79EIHAOU4uGMrs1LUAgiPZCYyfOHRFHuRmlpbV6O+Ic8bIgk2XBGeSN0Zjd9lHakHDSWy9A26yfX8kVodhHjjA3IRmhgHZT5x60Ev6gDInnbHKlQ0uSD37p8bN8AKZDTTOH0KO/Bto8bHIEUoOMd1JjoRkEf5qXBbZ3Y2Cs6azVDiDxn2S3qMnVo8d6SKxlIRjy/up8FI4hoA3VrTWaRpy4jHupbYKeHGkDbukyvOtT4zKy0VcFtlcRlm33VjT2yLYuYAe6lMqYGNIzuhOqSfoIASpXs316Kuvsf4MTMANDcI3iBgAACjaJHkHco0dO84JQSuNkK4/wBKHl4P4V0NHHCK2A4AIR2U/B4SXajVGpsAIA/BIRGRNGzWY91MjptskJzRGzsku0dGlLkHDTuOMDCPFQgnM2wQ31ToziPAUaSrqCQNWQgc9wyMcFnijg4OShS1ox5Bj0VeHufudynEayBwgdmVgvaG+Yke7Jchy+YglPbHj81wjKFZkEkAwfRLBRg1p7LhaB2RhYGYC5gI2PdIcKs4LlHALQeURgA3XNTeyFJUYacgIm8g5RLY9rdhsuyVLIW6pHKlfctyGqK51bVOw1+yEKTa4Ra1N+ZGdMbuyrJ7hW1JzHnHsnxWeV/mkblWFPRBgDGNAUChGcuwVBS1T9Mk7sl3ZaKmZpYMhMp6QANOOykOeyMADZFFZNlaa7DMZq2CMNMWCVDFS4bRHdNjfK9+XnKklg1QeETxN3wiCUE4wozeE9AuRxKByuobUQ7KiD08OA7oPiDhAfMQVAyU6bAO3ZRfmDnGF3JIQDyVUokbaQcnVjIQpToG52QqutZRsLnnfsO6ztdfJqtzqaE4A5KoxX6hRJVbdNUphpzkDYlRfK7zzDUSgU0eganDJTnv3wrxk5s7ZTfIRzw3IaOU6mpnSu9iu08DpiNuVoLbazgZb+aMdp6fkYW1WweGHFoC0NHSAEFNo6UsYGhuw2VxTUrnY0jCps7+k0e3k7Tw4DQG7fdWVPSnIJTqej2acfurCKIAABqROZ3tPRtQqeFrQBjClADGQMKO57W7ApklQXDhIlLJvjHaiQZAO4QXTZ2IQQSXZyURo4VDFLI4F2corNsAhca0YB7ogGNgkyk5dBDmfSF1JdwVYeR7U9x9CmNOMk429VU3brGx2nUyergdMz/hsO5S3NC7NRCH5F4zLhzlDr7rbbTD8zca2OCP1ceV5Ve/i7fqs/KWOgbSMbkeI5vZYesjrbpVOq6+rkmkdudRJCB2+jDbr0uInqd7+M9LTiSmsVH4zs4Ez+PyC88u/VXUvULnNqK6Uwk50B2w9lFgt4c3AGSPRb3p/wCGF+ucTT8u6iZjcysw79FW7JinK7UPHo8/hoHSEGTZ3utNZOir1eQ19FT6oz+Ir16w/C+wWhrZq6L5uoHd+4/Ra5jIIWNjghaxrdgGjCpySNFGgUuZnnNj+D8TGMfearbksYcLcW3p6z25jYqaijaGbA6QSfzVkA5+wRo4GtGpxwlu1I6ENNCH4oUYLRgA7e6KDlAnraWDYvyfZVtRdpJTiAFo9UuV2Ohvx5LaSaGP+8eAoM99jjOmnzkKqd4shy9xOfdOZTnY4SZW7hsY4JEt1ralulz8D0GyG0veQHEnHqniHBAwpIhAAwEiVjDwgTYsYIRAAEbwSRwl4TlfylbkhoBPCWkqRHAdst/dGjpwCDhVK5i3akRmxEowiPopbYgNtKK2MDfCB2ZEu9EAUxPIIS+TkP0vlP2KtAxoGMBdAA4CBybET1DXR8G+YndOHCfgJq+6H4EznkdgJqSE5wAV9FdhMgclVd3usNIw5PtyuXO5x0DNT9yeBlY6qqJ6uczSHIPA9Fnsng1U0uTyx1TUTVchlkcSDwPRDkxpxlJ0gY3GFGLy8rHJ7jbFbDhy53KJHFgg6f3SijII2/dToYsY8v7q64ZY2UsIUMeMDCksZgYwlG0AYwjxsxtjla4QMs5ZOAFvvlFJDRnlI4aFHJ5GU+MQP8nZpskABRwCTlPIyclOLQmFdHRwkkkqIJJJOajjHJB4cDlOiaCSSmNbpOcrrjsAixgGUsnZXHOkd02NgAyV1jM7uTZpmtGwQyltRcVljJ5sZ27Ku1GV/wBiU+WV0riMJ0bANiOEn8jR+KHwtGBspI22QYxhGT4RxyKlLIkkTT7pNTcAi0+64u53XSM91bWCAkkkkI4SR3SyAuSEMblU3goFMfDYXd1EGXu1Aco0h8Ulq61ojHCTOQa5FkBpVdVT7YR6qYZwFUVU+rYLHbM01wBVM5J23UYZJyVwnJynsxtkZWOeWzbHg6B6owGNgkhKi+hJJJKFBUkkkYTeBJp5Tl0A5UXAEo5EB3RBwkB3TjwrSBwMchyOb6hdlPuob8lyVY8l4JGx4KTWZcN0yNu3KlQt3yVKydBYxho2T2nBXCMYC47gJwscXbKHK49j3RpnD1QGgl5KROWSYQWMeqUm2MJwIDUI8oM4LXY9rdRwrSmhZGxugYPcqFTMyckK96dt0tyucVO3dmfNskWWHqPF6LlJ9vo13w8sL3yuuc8eGDZuRyvQpZvBbqxlCo6WGip2QRN0tY0D81DutWwjwGHJHOFhsnvPpui060lKrXZDqn+LOXZyCpUDNDc43USnYSQSOFLkdoaBhIccmr0dc8khqJE7wxnHKDCCTqOyksYXu0hJsz6NFEeMsm2uFtRUfzG5AWmawMaGtGAoFrpWQwtLW7ncqzGCOOEnOTpVxa5OFwa0ucdgsfeK+WpnMevytPAV9erjDTQOZq83ssmX6su/NBKWA5c4Q+GMuOlgJytfa6VsUTNsbKkslKH4mc3IWojGhg2xss9rNNMcBZ5mwx5424VdTa5pQGNzufyTaiSSV5B7cKfQUwjhBP1O3WOTOhWiU1pZGW6uyrp5sO05Ux8vg7c7KuhYaqrI38xSJz2LI5LJcWagmnmE5GGt337rRyuEbNPZCpIBT07WcHG6DUzNlk0RnjuuZfPdLJuoWDpfqJOFaWiEMJq5G5A2GVVxwOJG3KmXevdRW9rIsAY3WKbz0NbS5Ka/V7qmqfg5GcBUlXUNpacyEAk8Bcnr2ueXuVHPPLVzEuOG8AI6632ZLrM8Di+Wol8TffstFQ0zYadvZxGSqq2wA7kK7OGta3vhDbxwXTHLOPyXaQrS0UPzEmkjYKvpIfFlDcrZWuhbT04Lh53b/ksc5YRuisE5rRHG1g2DQs7cK2Son0k5GcNCm3ivMDfAY/BIy7Cj9O251xqX1s8ZMMAODnl/ZZm+Rpc29jLTbjUSjDnAvJ9vRYyvqnV1W+Yk4J2Vz1Ld/HAooThoxnCoo4i4geqkY55GZJFvoxK8kj6eEq1w16GnfuraoZHaqJr2jLnt7+qo95XFx5KNIF/cFoaWSeQNaNuSVpYY9DQCOAo9tpRDCDjcqyiYSUmcs9FxSGww5cHYVhFkYBGMLsUYa0bINdWR2+ndVP8Apahi8sc5YKPra7tpqQW2B5E0o1Eg8BeeMZkhvGFMuVdJcq+WrJOHnbKDFG55w3OfZNjwY5rfLJbWG3Oq6trWjgr0q30ojY1mnZo3VL0zbBT00fl87tycbrXUtPnDWjG26y3WYXAcYk6gp/pAHKuGsAwB2USkj0N2G6nxDA33XJus5IOAwjJJ6wzluLEnJqcoEJOAOVwcomxA2RgCAXUkkRBJJJKCJiSSSUKHJJqShBydq9k1JA1kh0nKGSAkeEwgquiHNWcjCH33KegVcgihdNn6AUdayxkFk886yqJLreoLS15d4b9TscYV/TwtpqdkLGgBo4VFZKcVd0q7nKS5znnBPor+aTQOMrdWsGqMVgh1c2jG4CxF7qnSVDmErQ32qbFC7U46iD+iwlbUF7iS4knddOlMkmiOxnj1zMnvhepdKUEbIBL6LAdP0cU0rZJASdS9XttPHDRRhgxndVqrPt2gQ7JvsioTeUVcqbYxnX8ILc5ynuSaEJZ3AXUklCCQ3HC6uvLQ3LjgI4rJRnuqbo6ipBo+p+wAWf6bpfmpjI8ZwdTsoXUdxdcLiWNd/Li8oHutN0/QijoWuLfNJ5iVrgsIMshhkecYAHChSyl/2RqmfSC0KITkIhsDhPuhaiTyk4lCc9rG6nHAC00VubwBdNRWTPdYXZ1BTuY1+Nl5M6R9RVaxlxc7/NaPrm7uqq58LZMsacKotcGhpncNzsF73xOj+OKZ4fyep+a3gnw/ymBpOEOV2DzlKU6zkIcTTLM2LH1Lsye1ZMlMt7wXnTtD4jzVyN8jeFdzEO8oK5TxNpKRsQGMN3QNZB37rnWS3SydumO2CQ+IHJcd06onEMev0T4wMZVPeKosa6MFVGOS5vCKW71Zqak4dnCFRRFzx3QC1znlx3JKtLbD4ZDi1aoxSMUnllnSRmKMbYT6qRrGbuxnhPa7DeMKsqJXyzHO4B2T4RyzLZbtGuaXHV6rH9edSR2ijdGJPPpyRnla2rqRTU7pSPpGV8/9b3mS9XiVrXkxsJHPJXovGaZt7j5z9Z+Z/h6eUI/lLhGeke+WR00jy5zzkuPKvunKAFprJY9W+GD/AFVPT075pWQNG7iAt3SUXy8LI2t2aML1+mr2nwDVXNJxfZIjYWxlxA4UVpdUSaAO/ZOq5HMYGMONXKn2qjEcXjSDJK6UY4Rzm8nQwhmkjG2FJpYvCj1kblLR4kgAG3dEmeGNDcLNqLVGO07fjNIpvdIFPUhgOw4WXuVXjXJJIMDPfhWtZUDVleadY33wZzTxSHLs5C81rbz2GlqVbKq63X5uqcYxhoJC2fRp8udPZebQHxPMvTek2aqF2BvgFcK6e9nrvCRzNkuQap5M7YyqyNhNfn1IVlM3DnEFR6KLXU5075WSb5R6dR5CXEYn8qyPVTv5LxlbScAzyZHAWG6nOZNP3TI9GTXyxWZCuGcdsgKOBoa3A5UqsblzQOyE5oc0Aqo9njrllHI2mTbCZLERg44UykiLgXkYwuVLctwBuFpj0c2yvhyB29x+YDSeyvMbDCz9OdFQ1y0MLg9gIVjNFPCwKLYjKnU5GnlQjs5HpzjCXYdumX7JMwB3UN5LTwp7/oUSQYKx2G2LGtV3SyNfGC09lSt2U2gkxJpzsgH1ywWrkCsjEkSk+H+ScxgPvhWbNu+Jl3tDJDtjC69ocFJulJ4VSS36XbhAhbtwoc2cOWiK5paUWI4C7OzjZDafNhTsBfbyWFDNplB7K8w17MhZyM4IKu6OcFgBUNtE8vBHrabV2/dZ+qpzHJwthNDraSB2VHcKUjJAR1PAGsozHKKlm7cEcoL/ACv4yik4fjGE98YeAVqyzhTiBGHN4QgNLtXojhqaRjujTwZ5L0T7dOHkMc7srZrcYKzkMuhwOOFpKNpmiDvZbKWpCZPAQDIxjCjysw4bcqWW4wmzNyRhq3QWFk5nkHurwR2gALqeuhpO4CM8o/7jozv9kOut8VdCdgHjg905qM0FB2SFjizGTxOjeWO2LThcj2zlaS8W1k0RqGR+dvOO6zgy3OQl4OhTP5BzmBw+yiyRY30/upsL2u2KUkQfwkWV5Nsc4Ks7HBGF1ri0hzTghFqITnIGPzUfcZBCytODGKRo7XWePHpe4agpzuFk6SodTVDX58p5Wsp5mzxteOCExcnb0lm+Jwsz3QZogRkKZp9017NicopI3PlFU9haSCggYVjPCcZwoXhkE52SehTQ0+YJjCY3ZARPpXCA72V4Cj3ksaKfUMuU8N1jIKoog6N2dR+yt6WeN8Y82COQhyjVCz0zssQ4I/dQamA4yArYx6gMHKE6LIIIQjZQUuSmwQ4AhPLQ4DsjTU5YeOUM7c7I67NplsoTAOYSPXKr6mikgf8AMQc9wFdhgI4QHsyTtsVrjNPk5Gr0mPuiiJTVgqGjI8w5VpQuaeVQVEEtLMZY92ndTaCua52ADkLfTf8AbtmzkKO2ecFxVQF/82MbjsmUtQyUeE8aXDbdHppxK0ZXayjbIzxYtnjfZaE0+g1+xny4achufzTZI/LgrtDVeI3RNyNgVIfDq4/VWMTyVrogc7cqvqqfG+FdPhOdhlBfDnthBOOUScMmfczQdwuOaMZVjVUZOSAq92WHSeyyShgzTjtYEtIOMLikbYxhAI3SXEo6QN0DSc5ARsFNwEmUecoJSwS7bcpaaQMkcXMO2CeFfxSsn2acrK6cd0SkrZKaUOaduCPULRXbJcMTbXueUaKopQd8dlCIdE4ZCmUtdDWtw04cBuCuyQB42G60r7llGR/a8MbT1PGQFKfplaN8ZVa6OSJwBGAnxVLm4BRRnjsm3JIfCWkLmAeQjRyNeAHblKSBzhqYNkbWQE9pXyxPDjLGra0XcDEE5291Dz4bg14SnpA8eJFs8b7d0K3R6JJKxYNQ+Fk0euMD8kJ0bcaHt291R226z0UwbPksPOVq2/L1sAkhxunp57MjUqpYRna+0wgGenBY/wBW7I9p6inogIZnuBbtn1VhJEWHS4be6h1Nvgn/AA4PqEUeOUDOasWJG7s93hroW+calagZXktLUVttl8NshDQcg5W2sfVPjBsVSR6brVC3jk52o0rS3QNMYiQCAmFhHKkMka8AtGcrujPCbnJz+SN4J9EhTt7hSvDwu+EPVTGSJtFXUUDyS+EgexUQTVcD9MjchX3hITqMSZBaCPdCotMJTIcErZRgt5Tn0zCCCMgodRbZY/NA4j2yhxVM8LgycbD17onHJbfspbv0xHVg+G0AnghZR0dws1Q6FwcWjs7jC9SYY5m5bjJUG52lldEWGNmfUjdZ7K2zXTqcfbIyFHcKeYDUdLu6lTU1NVMw9jTn2VbdOnaugd4kLSR7JtDc3scIqjLcbbhZ8GpSz90Cvu/T76dpnpRlv4gFSBujY9l6MwtlYDkH/VVVx6fpawFzGiKT1HBQThk2U6ra8TMnFLkqWyQOGVGqaOehmdFKwgjv6ocb8YBO6VjBryrOUTSMpgzHuE2KcOwjE5wQoU1+x0VW7Ia4co01PHVNBIBKhc47JzKh7CAHYCW1kBccoFUUb4XbN2UNwGRuryN8cwAJ1Huo9Tb4XuMoGCUpwYyNvOGVJfJG5r4pHNc3cFpxgrd9M/EYwsioryxxLcNEzd8/cLFSxeG7SNj6Ib2twNR2VxltNtU/0e8UtxpqgB0Lg4HcJlxtVJdW/wA5gDsfV3XkFl6orrPI1pJkhG2nO4XpfTnVtuvTREx+mQD6XHBTYzUuzXHUtFPLFXWOd0M7HSQj6Xj0RWzwVrcxPGRuR3C1sscMzTHMwPb3BCzF06UfDL85Z36cblhPPsrnXno30a2S7IslPpGrCj55GOE2K6ljjDWM0PbkEOUpwjlGWs/MLPOhyOnVqI2dPkl2y+voyIpgXMHHqFpoqiCtaH08rS7HB5CxD4i3dGpqmSmdrjeWn2WWdJ3tJ5D41tsZ690p19cbBKILlmalGGta36mj816zbrnQXiAT0M7ZDjJAK+ZqK8irIjnIDhwStDZ77cLLMJqGpewDfSHbFYbqD1/jvLKUdrZ7+95jIBbygSsZMPMFU9L9aWnqajZDK9sVdjGg/iI7hXcsfhjZZHW0zv1Wwu6KetoBzExVj6cszqGFpHOyMYUKqo9W7dkSWB8qoyXBQS08cjDHIwFp2IO68560+H8E8Tp6CLS/6hgL1WWkc3sor4exbkJ0ZYOXrfHw1EdskfMlZa6u2v0VMZaOM4Udji12QvdOqOiYro18kDQC7cjHdeT3vpmrtDyXxHQDytUbFg8PrfGWaSe1coiUtUWYV7R1ocRk5WZaCN8YUunndG71CJSyY4px7N9bb9JTjTKdbD69loIalzw2oppMZ32K82pazUACVfUFxnpmgMfkc4KtpGqu+UOj0e2310jhBVgA8AnurWopKSrh0zwNkY4bZC8+pbjHWDS5wjeO59Vd2691ttqBBXvMtO7YH+n3WeyOTsabWf8AOHFqq7PUGot0hdGeYnHb8lZ2/qanleI5muglHqpcU9LWR6oZGuyO3KrLnaY3+bww4ngjlIccdne0uqUujVxVMdQAHAbjYrkjB65WNoayutb/ADF00X9J5H2WkobvTVceoOwfTKTKGTox1EZHaikhmYY542vaRw4ZWHuNgudgrDcrLOBCcufEf9F6CTqGRwUCSAOGlwyDylOBLq9y3R7M5YupaS8s8N4Ecw2cx3cqj6z+GcF5f/ELIwU1Xu54cfJJ+nCsr30Y5sor7JKIahp1YOwd7J1i6ymhlFt6jb4ErfKHHYEoZV8ZZjsjCcdti5/Zhem+vepehrx/Dbm4hkZDTnfZfS3QXxTtV9pIzFVNydi0nuvN+o+lLZ1VSaZ2NOG5ZIwbnPuvKai09UfD+uFXQzSeCx2Rp7j1S1XkzTq2JP0fcsNRTVkYLHtdnsvEPjf/AGaLF1/Rz3CyQCluGNeWjbVvnb3Vd8L/AI4QVIbT3h7Q52Gh2cb+697tt1p6+nZUUszXNeM7HhBh1vgx36evUQ2WLKZ+WnWHQ3UPw+uj7deadwa04DuQoNLOAA5hX6Y/EP4RdL/EW1vhr6FvjAEhzeSV8L/Fv4AdU/C+vkqW0zqm2PeQ2VgOI/Y+3ut2n1KfEzxHlPp1VPfplx+jziembVvMgeBKeAO6rZgY3aXDcHcKxglDSM8qVUUkNYwZaGuxyFs3pnnJ6F4zFcopYZS05zhaC1V+ktBIWbnhdE/Q7YgkKRTyvi0uAJA91k1MFJB6O6emllHoVFXeIG5IVpH5hkb5WQtVUDEHE7rR0NWC0LkW1tHrtPqVOKZMkjZI0scMgqhrqM0coka3LCchaBsoTJomTRmOQZBWNo3xkpckO21zy0Aq8pqt22yxtXDJQy/y3uaM7bq4tlcZYsnBLeVktr3dG2i/a8SZsqOp8QDJCsIpcb8/msvS1ekg8K5gqWlrdysM6zt6e/KyX9JXNYQH91YEidnl2ys212fZW9FWNc1sUhwQMArNOv8AR0VblcjvmZqeXSPXG67cKGG4Ram4EmOR3XaqISNL27kKNFUSMODthDF7Rc1GcXGSKenqKq0Vel+cArVQTU10pwcjP+SqrjQCvjEkbgHYVVSVdRa6nQ/IAO47J2N5m/A51X0lFWxPfHGNQHZeVVltmt1Q6KVpwDtle/Q1ENdDrac5G49Fluq+lIa+N0sUYDuduy6Wl1HwLazjeR8crV8tZ5O12eytrVdH0zxFIcsO26jV9tntkxjlYT74QYxrGwXZr1CkjzVmnk+fZqq6309xpsaRkjIKwF3tMlDUFrm4B4WrtN3fC8U858nY+itLja6e7U5GATjId6LdTqdnZytb43+RW21yeXjLSQU9zdY9FYXexz26Q5aTj25VcPLycLr12wnBNM8XfRPTy2yQo26CSDury03cwARTv1eipScAn2QA853UtgpkovnRLdFnolLcIp2gxnJUsVbxgAnHsVg7ddJKV7QScA/stLTXSKpP8sEFc67Tbej1mi8p8kU92Ga23XqVrmxyOyO2StBBXvdjhYGKYkgjsragumjAmdwuDfo+co9d4/zOMQmbekr3tOMjBVxT1QlDTgZwsZSV7JQCw5VlBXPYRgrj3adxfJ6ijWOT+15RppMS4O2FAuFip6mMvEYa/wBWptJcQ3AduSrD5psrdu6yyg4nQUlauTFzU1bbpjoL8Dg+yn0VxMrQJC3K0D42vzkA/cKmuVkZIDNTNMcg38pxlDiM1yE4Th+Ifx9OC0q1oL2GtEcp/NY9s9bRnTM0uaPZTIayGcYDtLj2KRKpPoKFsovk2cjaW4NzhhOO4VFW265W2Qz26TYnOlRIK+ooX62Elp91oKK5w10fhvIyQkyq2mqNyfsjWvqyQn5a6R6C3bJGytXQwVTfGo5hnnYqsuFrp6jZzfz7qqdFcbS/XTSF7B2yl7DRCyS7Zp4a6eB/hVAy31KnNfDMMtwCVnbf1BBV/wAmuYGuHcqzbGCA+lmDge2UmyDHRtjItoK2uonZgmcAO2dlZwdQRSgR1sQyfxYWbZWSs8r2Zwjskp6j2d6FBtbNUZccmmjDT/NpZwfbKL8y8DEkIJ9ccrNQa4idD3AexVlT3KRnlkGsD15VOLCTXQO69K2G8tLpKZsM5/GwaTlU0FJ1x0hIZrJdpn0zdzEHZDh7hapk9LWMDQ7Q70cuOmnptmeZv6qy1WmdsPxmgc9tF1NRupZePEbs39Oy3lHeLVdIxLbK6KfVvgHdeZ11pt95afm4IwSOQ3BVDJYrzYpTP01czt/w3FHnBUoYPa6+iorpTPorhSRTRP5bI3P6Ly3q3+zv0deS+ptMk1tqDuGsOW5T7P8AE652tzabqi2yNHHit4+631r6is96jbLQ1sbyfw53C1UaqdDzFmS7SU6lYsjk+YuqPgv1h0rqkhpRcKZu/iRbHH23WCkYQ4te0tc04cDyCvueZuRvwFluouieleocurrJTCX/AL1jcOBXa0nm8f7pyb/AwfNJ8dOixyEyalBAIHZe4dU/AaRniVVirARz4crl5pdej+obCC64W6RjQeQDpP2K9JpfJU2xymcDV+NupliUeDLfJHsChGjI3OVba2jlmE1rg7hq6UNSn0cSelrkynNOG8t/dMNPkfThXhhix52DKF4TCdtgnxvRnnoItcFJ8s5ufIueA0H6VeilYdy1GZR05OHNwPVPV6M38H9Gd8P2/ZcEbWHVp59lr4bbQADBH5hHdYaGpZgPDfcBG9Qo9lrxs5dNGMD4cYkgDvyXC2iP/wAKP1W2HStEBvL+y6embUBuCSqWrg+MlPxk0/RhDTULuYOfZD/grJjqgIHoMLdusNujILY0ZtspIiCyJufcKpXZ6KXjZezCR9NVBAzI391Mj6aGxcB+S2Xy8faNqeadpGAwZVK1jI+Nh7MzBZKeEDUzJVjT26lP4FYGgOcuaAE9tFjbOEbuWDRXoYx6BMpqWIbRglddPpGGgN/JFNK5uP8AqkaYbbpTsNVen2LCIj5pCcOflCk1O5PKtI6Om/EDlSmQUbRu3hB8g+Onb7KaCmc8505U6C3AkaIySphlo4tmt3Q5K1zABGAAUEp5GrTxXY9tvkAzpGB7p4iY0bkAhRvmqlwzr5Tdb+S5U3wNUFHomeLFHnUVw1Rx5VFJ189k9Kk3kYohPmZ9xq2TfFeRgpufZPDAVSCSwd3duSutYCclNa1PYAOSoMjHJ3SPRdXSMListjycpIeoBc1hUQIm+IEOSoDdvVBeJnY8NqJIvBJdIMHKjPqo2DcglJlJUPP8zIBR22qHYnJKVOWS1Hcisnq5XHERx6ILKeuqBhztvYrQMoKRmNQ/ZGL6OlbmPBdhQnwlRS2VpIfIN1ZNoqaBg0jJTXVc0rsNAATgWtaHSP3Rhxjg60nONOyPmCIA6cFRDO7OItvdJkUj/M+TKmRseCaamQgCPYIrI3PA1FR49LcAhHM4GMBWOiGAbGBwuMeC7YIeTIBjuiCPBzhTI6PRJZwiIDOEUOLTs3OUCaHRjlBy/ScY5XXSkgYbygmQEZcQ0D1UeeuBOmA5xyrLfBO+kancJhfG7Gl2VADK2c+Z2AjsxA0NdyeUMpYJuJBw0ZccKHWXGKjiL3n7AKFcrs0SGOE5I5Ko5JJqh2ZDkeirsx33y6Q6rrJ66YSOyB2CdTUzQdR5T42MDRsuOJOwVrkwTzJ5YVzg0aWjP5rkVO97vpKLR0r5HAkZWjoLW1wbloVqW1DqNN8nYC1Wd4DXv+4C1FDQgBrWt3wn0lFnSC0K8o6IMLTjdB8nJ6LR6SMUkgNJby3Bc381bU1K2PBTw1oaBxhOD2gZyglPB26KFEKCGAbJSzANwo0tQSRhqTXlxwQkSlk3RjtHF73OyRsnD3SAHOEQDOwQBN/sGxpyDhSGnI4TWYHITstHfhGBOagPRe+FV11+tNui8SpqQD2A3WTu/wAUWMY5lmpg9/Gt4WaVsY9ip6mMez0N0sEO88mjvusteviXY7ZllO01L27aQcfuvMLnfr1eyXVtbI4HfSDsq1lO4uJ7rNLUJ8GK3V2S4gX99+IfUd81QMqflacnZkYwf1WdbBI94llc5xP4nHOVorP0Hf7yWupqTETuHL1Hp/4MUdPFG67zeKMZMZ3SnZkTCNtr+88itVrrbpMKWijMkh4GV6DYvgzdrgGyXCY0rDuXf+i9cttmttnhEFDSxxsaNsN3KkOqSBjOyVK3Bup0ifMimtXRnS9gDfCoNcjeJHNDnfqrn5l4GmPZvbKZrL9yUCSpbHyFPnOhVQodEhznP3J3SDgMlxwq6e5Y2iUSWoqJeXnHslz1GR6gkXUlzgp27HUfZV9TdZ6jyh2keiiMBdsVLio3uIJ2ys8r2w0kgTGuecu3JUiKA5G2FLhodvpUqKkxjsqdrfYEpqJDbTA4w390VtKfTCmiBo/CiCFoOcKt4PykFtMTvhHbGduwUoRDnCI1no3Krc2L+TPCI4hGOEhGAdlNawlv0JCinPLCArwxTsIzWDKKxo23R20zu43RBSPAw9gwfU4USb6EWXRS5I2cp+CeVSXjrv4e9PZN46wtFJp3P+8h5/ZYu5/2nfg7a9fhXaquRZ3pYNj9tRGU345MwWa6iv8AKSPVEl83Xj+2ra6eTT010VNKQdpa2XQMewaCsVef7Y3xQubnR2lltt0Zz5WU5fn7l/8AooqJy6RzrPN6ODw5GXTU5MLgF9vPxLFYETgFVdwuMNLE57nDI7I9ZXxQNLnnGFk7hUCqmLxnT2BSrZ4NNNeXki1VVLWymWU+XsENxDWYwnOAYFGlkydIWST3HQhFYwgUriTgJ8DDndJkJecqZDDjGyGMXnIbeB8MWMKXHFsNk2KMnCmRR6QFqhAz2WYGRxY5CMQAE/ZoQJpcjAWmMRKeRjyckIBO6ed1xEENTkklChJJJK9rIGXQO64OU/G2URDoxhCLSSSB3Xd9eMnCf5Ryo3tKSyDaQAd1Anl1u0NPHddrqrW7wojsOSgwsOcu3ykyzJjoxwEazKOxi5Gz1UljMblNhHCyF2BDcHhGZwm4CMBjYJy7BYxJcclq9k3bkEYTlIHHZcSUwFgekdk48IeMkoQQRznbsmzkPGAUSQCJmT6KHlxdkrPY/wBDEsnWt31Eps0gDF2R+G8KuqqnjAWayeOxsI5YOomOTt2VXI8uJ91IlmJdwgPOTlZJveb61wMantBPCTUVg2ykdB4BpLrhg4C4oQKkkkoEJNPKckjXAEo5OjlEGMDZDwU9qtAjl1/CamSSatuMIZy2lgpTgoLQiSdlxgOEnssewHsFMjbhoQYWb7hGPZaIL2Lsz6DObq7oc7sADCcwgZyo08mpST2gApXEuCfG0FqDH5nDKkHgJL5GLkY7PYp8LNbsJAZUmCI5yQkzltR0tDpFZLfLoLHHpaABglesfD6wsobd8/PGDLMctJ7BYnpOyi61zWluQ0j7L16OBsFM2BgAEbdP6LFZPcfRPC6RQ/1Zrn0crallOzUTk9gqESGWQuI3JRa6pFRJoY4kN2ylSxYIOFmZ6XO4kwAMaDhOjcZ5tKHM/Q0ADlPiYIIwSCS7f7IG8BR7JDg2MgNVhaqcyyeKRsD+qrY2PmcA3fJwtPboRBE1oaP/AFSpywdGiGeiyp4w1ow3ZdmkELSTwiRnDPpVN1LXGCmGnYlJl0bZfZDLM7dKl1XWOAOWNP6rtHTeM/BBx7KLATJl57laCzUerE2NlmmwaE5stbfSCONoLA3HYKVWPbE0DGPZdY3AGBhQZXySzEvOeyyWyOnGGEHgiMhDi3OVaMGiMBRKZmA3KJWTNZH9lkcss1QWCNXT6TgYKt+mbdnNXK3bsqi20brpVtZ2By77LXuDKOn0RYaG7DAWW+z+k11RyNrqgNHhxu3I3wotJG/WJCMNCjtLpZc+pVpAwhgyNhwudN8GpLHRIja0DUdllep7iaio8CN/lYMHdXlzro6OmcHnBdwsBJUmWV73bkuKquOWJvsS4OTyvB0+qbAw6uN0xztTwCrG2w6pA/GwT5NQRmh98izttO2KDU8DJ35RtWtzgOc+qDJLpw0KRZ6fx6sZ7LBdPJ0aK8ou7Fby54le33WlkeyCPLjpAHdQ6CHwpCBwQoXU1whp4hC53mIzhYZ8mhrBW1RkuFcIoiXF7sDC0tTMywWdlFG0eI9vm+57lQOlaNtNC+71TfKAdOpV12rnVlU+XlpOGpZZAly9+skEk5JV7YaKNkL6+paNDPpz3KqbZRurqxkLR5c5d9lcdTVgoqdtHTuAbsCAjZcpYKi6VstfUkv2a04a3sFItFCJpsyD6dwq6jYZZC52Sfdaq10r4G+M9o83AUlLaXFZJLYdHlaNlKiYAAUmN1ncKQ1gIwEicw0sCGwKxXWl3BDbdG/zfU/B7LTXy5stNC+dxGoghv3Xl0s8lbUSVMpy6RxOfZVB8gXS9IGCAAFpOkbYZ5HVkjcsacNB7lUdLS+PMIxndenWG2tpKRkOgZAH6pls1FYEw5Zb0lO2JjfKM4/RXFFENiAo1FAXjftwrmmiDGjAXLvtyPXQeFgAAwpLPqCGxuOykLnzlkAcOF1JJIDHJJJKEOjlEBGEJdRrgAJkeq6gAnPKMOFaZUujqSSSszy7EkkkoWJJJJQgkkklCCXCBzhNSQ5IN1chQbix0tLJC04LwcKXIM8FDezON1cXhjoLky1stUlvY5r++6VY/A+yu6sANI9lnLiHMikI7DK6WneTXHhGV6nnOMY/D/qscdUr9t8q36grJXPDZH5y1Qun4BVV7YjwV04NQWWJl2bHpC0h7GF0eO63ga1jQxowBsqu0UbaRjWNGcDlWzATvwsGonukHHhBGdk48JDhNefQrBMtDc5fzsiDhCYDkHsijhUUzqSSSMISqb9XfLW+R422wrUjOywfWlwc+rZQwPy1vP3ToopFfYKF1xuALxljDrd7rcvc2OMMaAABgBVPTdE2ioPEe3+ZINWfZS5342zytMVwGMqHlxzlDzhNJyVyXO2EcI5fITltHkgDJKouo7kKKhc/YbHlWdRLp2zwvNviJdZTKymacADbC7/idG7bEcryWq+OpmNrqh9fWlwzlzjhXMGqCFjCN8KttUIfMZXDOn/NWUzx6L3tdSrWDw87nN5Y8yAj0Vr03RCeZ1VIwaGHbPcqjjZJUTNhjyXPOFtKanbR0jKduxA3+6VfPC2m/RUuUtw+ok1O0t4Q2xl+4KHnLjlSo24asJ2ugcsgghc8nhZStnfLIXOOQVeXmobHCY87lZvGpw3TYoRYwlPFqdnCuaWNoAx6KBSx8bKxa3THgrRFGSctqHVEjWNwCAceqgMAyXuOyVSS5+zjj7qLc66KgoXzyH6Bx6ro6XTu2SRydZfGqDnIxfxK6lEND8nSyFurIc4HdeQQRmUl7jknfJVx1Jd5L5cXGPIiaTjKj0tIX4Yxq9t4/T/HHDPzX9T+Zn5DWylnMU+Cd07b2ul+YLeAtOXBjONkygo2QUrGAYOASuTOPDV3KoYPG3WfLLJ2hpfmqvVNktG49FcS6WDw24A4wEG3QeFTanN8x3RGtL3bJ0p7A6KXbPCCxNZHEXuGNlXVb9WSp0zsNDfZUl8uUNBQyTy9t1xtdY28nt/G6VQisma6xvsdpopHB48RzcAZ7ryCaplq5nTyuLnO3ySpfVN+kvtc7QSIWHbPdQadmlg1d15nVWbng7MEkywt++y9W6Tj00Ds92/6LyygblwaDuvV+mWH5D/wrmzPV+BjmWWJ5yHbeq5bgPH47pO7p1vBE2Tws7zuPUYR2YYmkC8/6jyanGeMr0KdpEkjvuvOuoATVn805Pg5fkeIGdqQNQQUep+oILQSdkSeWeSuWY4J1KP5IUeoBBKmUwxCB7KPVN5wOVoXRiujirBAeN9ld26TxKfDiAQqYkasKZQTeHM0E7Ioxyc7S2bJ8lm4HWNkan7J7mgjICDGCHHPqk2Ho6Z55RZMOWFRXg54RYDkcosjARws0uTpV/ciEiUsphlD+UM4BK47fBBSmNisM1MQD2DfOQuxt05US3T642kb7YU12QAccqHQh9yIF3ia+HUB5gdlSscdshaKpZ4jDtnbhUU0Xhv47qYM18EuRko1AHHKjtBCk41DhCwMqYZkaydHKn0Mvn0lQACUeElrxsoOq+1mhifqYAd1DroA9p2/NOopdQxypU0WtgGFaeHk2uPyIyFdTGKTIGAhgEtwSrm40xGTpVG8+HJuM5WmLycHWU/HMY4FvZLPsiEh4G3Cbp90050lhkd7ire0Vs39w535qsc33RKaTwZGvB4TqZ7WZrFk1Ya48nJTy3I3CZQSNnia7nAUktwF1K3uOXrfwZELQ13CfoGMohbl32T9O2U+UTyc5YeCMGEOUmMDATdHsiRnBCHDBO+GADkZWZ6gtrYcVMTcNJwQtZs4AYwo1XStmjMb2ghw7qnHA6m2Vc8owYLmbqTC7PlKLcqCWkkLS3bsRwQorSRyOElrJ1q7k1kNPT6hkBVs9MQcgK6he17A0jthAqqYkamhZ7ILs2RgpLKZTFqtrZWujb4R4VdUROBBKYx5Zsk9DYWSqeEa6CUPZqG+UZVFsrGmMRu9VasdrGQETZ2qJucUxrgJAdlDmhLXccqcGlv5rksQcAlzizS45Kt0R2TNwcYzlTJWaCNlHe0O5QsU4uJzGQlHI6ndqaM55XGnO+OF0tD8ZCTnkODwy7oahk0eRz3HojvZnfHCo6Oc0kocBlp2IWjhMVVEHxnI/wAkaOhU9yK+aHUOFXVUJaRgYV9LAM8KJUwhzcAfmoHOCaKqJ5BwUV0YeMgLksTmHIbsnxP9dsIq7cMyWU54ZHkgD2lrm7FUFRT1FvqdbT5Cdj2wtUY9W6jVFK2eMxSNBBC1xmpcnH1Wj/5SNb68uxgYVxFOXt3HKxsjKm01HmJMZOx9lf2+uEjA5pzjla6rccM5cofG+SXV0r2tdUU7TkbkDhTKKds8DXdxsU6nf4rMY/8AVVtbHLbahtTDkMcfM3sVshMmPt3Fo+MHcBAfCMfTj81LpJoayISR74G4zwuyRAHhM4YaZWS04II0qprKBw8wacBaN0Y9EyWnZLE5hHOyVKvcDOOTIYDSRqBTXNVhcbYaZgkj3BOCq/ZZ3WZnFoRAxwhHlFPCEeVnsrAQk3wyeyQBHZP8QDlqV0MFHM+nkD4zgq8t9w+YyyUgOAyCqJ3mXYXuidqadwm12ygxNlUZ9mnkaJBkDKhzRFvmAwmUFwGQJ3ZViNFU0aBha4tWdGWX+myDHM5jgDspsFVt91FqqCUnXGNghgujwH7Jy+0B4kWojinbu3JQsTQu3b5UKmqREQSpwljqm+hHOVG8gY2sBJCyobg+V3qm0VfVUMnhh5ABT5oXQ4cw7HZMdHHUMOdneqi4BnhmoimiroGubu/G/wB0wwyR7uasvDLWUTtUb3YHutLRXCCsha7XpPBB5BTovJlsrx0KanilGHNCrJKWemlzE4gcgq8lhdH5tOx7qNKwOA7Ims9CVPnDJ9j6hmgkZHUP2HBJ5W1t9xpqvZp3XmEtK5u7Ue23eqt0wJc5zR2ymxlgzXaVWS3QPWAz0SLD32VTY+pKSvaIi7z47q7Hm4C0waZzbM1y2sZ4bUvDaipI8C20iM9pI5UWSBkgIe0Ee6sXRnZD8I5yrccE3lOKOSmcXwvP2ynwVbZXeHKA1ytHQggYCh1NuiqOfK4dwluPAW8ZLSsmaQ5gcFmLv0kybMtPs72WjaKm3vDZD4kZ4PopPjQTt1NGD7JDryPrulF8HmLZKu3ymF+SGnBBVvR1MdS3dwz6FaK52Gmr9Ti3S4jlZC5WOutb/FjLi3OxblK+No1fIrOyfVW6GqYWyxNeCsxeOmzGDLSnHfCu7ZeXhwiqCCDsFdujhqBksAJHZJlXuZrrtlX0eWsLoyWuO47KTTTFx0kBa+59O0dQSdAY/wDqaMFZOutlRRSuYWkgcEJcq3E3Q1MbEG8LWNkB0Wn8P7pQ1jmN0uGcKa5jamEOjIyN0OA5PBBaC3OCjwVrW4bM3I9UMtLTpcMZXBEHDOcJU/tKkkyf4VHVRhpAz6qtrLRPFl8TtTQiBzoHBzf0UuKta8aXOxlKayXCcodFC+JzPqGCmw1E1PIJIJHRuHDmnBV5PRsnaR5Rng+iqamilpTlzctPcKnmLyOhY32bfpz4ixtijpLwx2powJm75+63dHWxVkbZad4ex4yCDleCkK1s3UFxs7w6lqHae7Cdk2F3PI7fNdHrt46co71TkOjayXkPAwcrG1NFeOnJQKv+ZAdhI3t91e2DrOkuEDDLII5OHAnG608ZpbjF4crWSNcOCMha0lJFx1Lg8+zCQ1sdSzYb9118RAB7KzvPR0sLjVW1+M76WnYfkqKKrqIpfl6iM6mnBBCRKnJ3dH5D5OJh2vMZ3KtrZdJo/K862+hPCq2ujmGQ3lDfHNA3xIiftlYraT0Gm16r/Fm1oK5kjg+GQxyN/Igr1HpP4jNxDa78x2fpbUtOdv8AEP8AVfPlNfIo3htU8xns4LQ09ymcB5g8DhYbKPZ6XQeV2y3RZ9POIJJaNvshCWMnEjtJXjHSfxGrbG/waqQOpDsWD8P2yvV6C5W6+UrKu21LZQ4aiM7hZXXhntdJr4XxTRNngZIAWbqumpsdsKwimEezgnFsU48jt0KWDc8SKbwS3Pl/dU126fpblGRJEzO/I5WpmpwOB+6gOYdRACLODPqNPC38keL9SdD1NNI6aCAuaezRwsZLTvgeY5GkEL6VqomSDSQCDsdliuougKSsikmpRpJ3O3dFCzk8zrfC5zZUeQQSujIPKtqSvyQCh3Gx1dvlMRbkN7lVoeWPx6cjK0JqR5qdNlT+9GngqQcEEK/tt3bJimrMOadmk9liaepLMA8Kzp6kZBxlX2FCbRuaOukoJMwu1Mz9OVpKC8U9wGjOmQDg915zT172YPIO2Cpgqy5wexxaR3Bwlyhk2Va2VXR6KWMIPlG/sq6a3gO8WncYn/4eFW2zqhga2CuadtvEH+q0MTmTtD43BzTuCEqUMHodLqI2RUosHQ3uenkbS3NoIdsyQeqvmFsrQRwqKooo54yyQZzwfRRI3XK2uzDIZYx+EnOyzyidOu6Xs0krBkbZVNd+nKC7NJnjbrxgOxurClr4quISM54IPIKkB+eyCcHIdiM+WYuKtvnRv8qXNXSE7YGXNC01PPauo6JszWslbIPMx2Dj1CPUwNkHmaHDHcLJVnTlwt9Q+usNV4eo63QE+XPfCDawIR+PMX+Jnur/AIXy01Q649NSOjBOoxA8FTuhPjDdemJhb72ZT4TgwnJBAH+a09l6tpa1gpbg3walvleHeqB1d0LQdS0vlDYZQMtkA3PsfZL25Ms6Y/8A0z3LpXry33yjhqqOtjkDxnAO60VbSWvqegkt9yiY+ORpa4OGeV8S0lf1b8LrhG573PpNflLScfmve/hx8YaPqqJkckrYp2jcZ5SbKn6Mko7eJHlXx1/sny0RqepOgKdwha7W6lA1Yzzj2/6r5rkgqrdUOoLhTyQTM2w8Yyv1Bob4JdLJHBwOx+y84+LX9nLpn4j05rrRA2iubvMJ8bO9iAqhbOvhvJxtX4qqyW+tYZ8By0kNRkyN39VDfQiM5atv158N+q/hxdHW3qS3SQtJxHNjyPWaaARuFpV27s81qPHxrliSIkEr6chqvLdW5IBKqJIweydTPMb90qxqRKoOp8Gxp5tbRvlTAzLc55VBb6k7D0VxFUHHCw2Q54OtTPKOzU8coLZGgg+oVFNBU2qp8SIkxk8ey0LX57Js1I2doB4KyyiaWtwChrhOwPac45HorqjrHAhYqSOqs1UScmJx29MK6p69ksQex3PPssttWejpabUbVg2UU5IBxjKmRSEkbLLUNdpeI5HnB4V9DUtLRgLBODTOtVfuRf0lQC3S4g5TpoG6cgg5VPFIWkEFWMVS1wAJSZLBoUshIZHR5YTsgV9uFY0ysG4G+EeRmcOShlcw7FUpYI4xaxJFLSVdRbKjQ/OnK1FPUQVsQc0g5HCrrjb46uPxGAaiFSxz1Vvk0gkAFGpZEOLgsLomdQdOQVkbz4YyRz6LzK6Wuotc5BadOV7Lb6+G4Q4cRrA3HqoV5sdNWRkPhadvRbqNQ4vDOZqtNv5R42BrOrSrmyXfwHiCoOWHYE9ly7WaS1VLssPhOOx9FANOT52HHddOF6lyji2aaW81VytsFzg4BJGxXnt/6fqLfIXtaS3vstdZru+ncKepOW9itDWUNLd6TSQDtsfRbadX8Zz9f4qGuhtgvuPGGe5TdGd8rTdQ9PuoiXMjIIPYcrNEHdhGCF39PdC+GUfPNXpJ6ObrmuTpI5BGU+KrmjcHMcWkeij4PqnNTJJTMybjyjVWy9RSsayZ2Hcbq4jlDwCNwVgA4tOobEKzoby+F4Ekuyw26fJ2tN5TGITNzT10lM4aTsrqjuzZAGg7rHUdyjqWDQcqfFN4RBYd1zNRpVLs9fofJuqCw8m3grXEg8K4pa7IGcHZYSiuL8hryrinri0AuOy4+o0qiew0PkoWRTya+Ot37I/iCQAcLOU1cNgSrGKpyAQuXOvB269SrFwSpqSKQYc0EFVNZaPCzLArVlRnYozZGbEpDW3kb9szOxVTo/5coyByCjtIkw6nk0O+6tKy10tZuRod/U0KnkoquheTp8SPsRuVTW8XKMostKC8zscIaohw4yVbtkgqW+UjdZHW2X6Tg+6k01dPRu3yQEmdeOjVTa+pllX2QS5fH5T6hVjam7WZ+cuewK6oLxDVO8NxDXYU2WGGduHsBylyjg1fa+YEO39UUtWBHUjS73Vs0xSjXDICs3W2CGUl0J0OVYJrvZpNtT2eyX8aHRtnH8jdMfVM/uskd8qRHWBmBNsfssvbur4HlrZxpd3WgjuFFUxhwcMH80Mo4HK6L9lkythkwGndS4JnkjzHdUYhjdh0MgGfdOIuEBBiHiAehSto+M2jUMOpvm3/ACQZPKQTsPVUUN9kiIZIC1w/qVhDfoZdIlbn3U2sY5phqiKlqmeHO1soPIcMqnl6TEUvzFhrJKSUbhod5StDE6jqQDsfsmyUs0Z8SB+pvbB3CopYZFoeteorA5tNe6V1RGNvEaM5C1ds6ust7YBDKI5Dy0nBBWd+acRomZnHqMqvqrRaq1/i0cnytR/UzyglVnAxL9G/lbqwW7j2UGtoKWtgdBVwMlY4YLXDIWNbV9YWXSISKuEd+ThWtv67t0umC6sdSzcEuGBlHGcoPMSOP/Mihv8A8JLBcoXfJRinlO+3GV5ne/hR1BaJHvpqczxt/pC+iIpqeqaJKWeORp38rspxYTs9hI9F0dP5W6nhPg5mp8VprnuUcHyZJSCneYa6mkY5uxBGE+GloJDhuy+pK7pvp68xeBcKCN432IAx9isPevgVbpYnPsVQIHZyA9y7mn82msTRwtV4SSea+UePxWimfu1+Puii3Qt2A/NaG7fDvquwyO1Uz5WM/E0bEKlDJOHOwe66lfka5rKZlXj9vE4ghRNGC1oT/Aew+Vu6NpqGbxD9U6Kaoc7TLHjHdM/nNiv4MJdIBorQDpAwh6KgbyhWDauE7akXyy9h90yOsS7Aeg/RUO17+ThCdOQcY3Vy6nj50coEtvgI2GCtC1sGsC5aGaK4SgjPCXjDsn1NDID/AChso5p5/wATSPzRx1MX0KWmlF8oeZznlcFS4fhCCY3N5JTdQHKOVjZSgkSDUk42TXTE/mhpxGUHyMOMMjxK/wBU/wAVxGChImArVn7D+NnCNW+OE3XnbHCImeH7qnMnxhA4nskQT2SaD6ruPXdX8gahgenoA+yfrb6oG9w1RSDbJEgIPiDOMlLWPVR8dg4Hl7yRpOETfbdBEjRyUx1dAMguUckXgk6/ZcL89lCfXZP8opNq3Dctyq+QhKc9/ZuUmtediUyOqHBajGZpAw1TcgoxyPbFG7DpP80Zr6dg2fj2womSlrHom7sBMluqmcM3Q3VVUdm8IAfg5wiNlDRjSl5wUjgfM4+dyK2BpGp5/dC8Qei74xxjCmUMDB7WnAakYmuIc9wwo3i+y6Hl+CEblgvBLxA3aMAlISnGNKjtcAco4lGMY/dDuSGRaYRrynsBJ3Sijc8jZTRC2EBxGyuU8dDowbOQt2GVIcOMKLLcKSIbuxhVdZfC4aKYZQNhxlGL5Lp87IhlxGFFnuzQNMDvMoVBbLtcCJJ8MafUq+ounqakcJHOD3AdwhzyG5uXESrjir61w8Vp8PuFZ0lrijAd5sj3Vq0x07MBox6qhuHUUVNIYogD75RrkvKjzIm1NbBQt0vH2VBX3b5kOZAcZ2JUGoq5KuUyyPLs8b8JoIA4V9GO21yf2sYGnvz6p4IA4QxICcBSI4y4hQTzLsaA47AKZTUrnOBxhEgpTthm6uqGhdlp042RJ4HVUObOWy35wdBGFp7bRZIyOEGgpAzGWjJV7SQNZgjugkzs6bSqIWmpWsA8qnRjSBgZQ24aMBcL5Ds3ZKbO1p6lFB3zb7IZLuy6ynkdglSG0zfxBJlLcbYyUQDPMeMqQyPbhOMUUA1bD7lVtd1LbreP5kwz6JMrYx7LdqiWJdEz+9fpQnXSjgPmkCxlx638SUilhDxxl3CoKqtqax2uSV2/bOwSJ6uK6ETvTX2m6r+ubXQuLADI4cALIXTri6VbntpmNga7uByqmWFzyMNyTsFOtPSV2vExjpYS4N+rY7LNLV54yYp2Sl2Uk1TU1ZAnkLvuUSltFdV4+Vh1Z7L13pz4LyaxNc3NG3HK9BtXR1hsjWmKnYXjuRlZp2qQUK3N8ninT/wku900vq3OgaRnK9N6f+FVntOiSaATOx5jJuCtnJU01O3EeMjgAKHPdJqgaNwEl3JGivT8hWw0NuYIoo2RBowA0YXHVeeOCqueshiOqeYD7lQZb5TkaaYh59wqd/Btqr5L8zawTkcKFLWRRZL3b+ipjXXCp8hDYm/4RglFjpaiTSSSfcpEr8mlJQJElydIcQ5CHpnl3eeVLp7c4AagAVYwUIGCAq+QJ2qJUw0D3HOnn3U2G1yHGRsrSKlYBs1HAx3wq3tgO5shxWyEDcb/AGUhlK1uMBGY05wBkqXBSTTcR4RR5AldhckRkbWjHC7p9CrWGzOeQZRsszfPij8JOkozLeOsqBunlsT/ABHfkG5KdGpy6Md2uqr7ZZCNx4GcKQym1gHOMrxbqH+2T8O7e4t6e6cudzLTgGRzKdrh675P7Ly7qH+2N8RrkdNkobfZ49/7lpc8j01E7fknx0rOXqfP6WjuWT7BbRAjc/nlUd0636C6b1fx3rG1UZZy2Wo8w/JpXwR1P8TviB1g3w7/ANV3KqZnIjfP/L/8oOP2WWc6WV2qR5JToaXJw9R9U5f+jE+3r9/ao+Fdndots1Zdnk//AA8ehgH/ADvICwd8/tvV4DqTp3oqkjDfplq5XvOP/CQvmIRYASdGTp9AtEdGv0crUfUOqu46PWb1/aj+MF41Cn6g/h0bs4ZSRtZp+zsav3Xn9465616jcf451Rc6wOOS2SocQfyJVSGAY2xhEwCBgYTlporowT11935zf/cEGnG+T7roB9EXASwExaeKM8puS5Ywx5+oJeGMYwnruMpka1HoQ8ZN69+lRKicR4y4DKUtQ1g5ys9X1xmkIbnY+q+mSng/OEI5YO41XzM5IzgKA8BoyiOdncqLPONgs85bjbXHAGabB0gITGE7ldc0vdnCkwx7DbGEKWTTnahRRluymxR4AJTYolOijDQnQhkz2WCji04yjYDQkAAhTu22WiEcciH93I2WTOwQkzfOSU9EEJJJJQgl1q4utVogvqS0+6TURrfZaElggxrXahsijhPDQE0kDlA2WNIx3UOsqwwY9dkeplbG3U44HKrRmWQyEbHjKRJ5DgsHWt1HOOUVjE+OPgAIzGbcI4QyHOa9DWx7eiI3AzunAaQm4K0xiKlIenJJqgIkkkkQYFFJwMrqEqbwX2OBxnZdAaPO47BMaM5BKHUSks0N2ykznhEwRaqczTYZkAbJwaAMkpscXdwx+aZNJtss02MSyBqZNPtsqiol1OACPX1AIMYOSq3cnJKyWS3cG6mv2w+2EItK6CdjjZPa0EZISFldj+hJJJKFiSSSUIOSSSUCbwJdAOUgO6ecaeFAJTx0IAJyHg5RhwrQEXkYeFGed8KTIQQovr90ix5CRxxyASjRMAOwQo+6lxNwckKRWWW+B7GgBEamrh4T30KaycldgYBUN5yUWY77FCYCXBJk9zwUo4Otai5HqubY9E+ngMhJHZSX2ofTVK2W2I+IEHOMqdSxeK4MA3dthMjjDBjC1PRFjfXVja18WWRuwMrHZPJ6zQaWVk40xNz0bY22egY5zAJHNUy810scIij21kgnvhTJ5mU8GfpDWrOPnlq59bjkZ2HoFisf6PoMKo6eChEdSsPJCsI3Bg4QomADYYXXOz5QlDo8BomGeTJHlG6NJ53YH5BOpGCKmJfsSFymHj1A2VN4NNcc/wCSytdOWxtLhvytJSMLY26gq+3RMLtJbsFbEho2CzWSydfTR2rkdLM2OPUcDAPKwVxrp7hXESOJZkgDOwC0l+uLYYAw51O2ACzMUeDrcNykSlkK6WXtRJpKcPlZCwcla6khEUYAaBjbZU1ipC5xnc3Y7BXz3iJo2yslkjXp61GORlVNoxEw4JT6OlOPFkG/ZRoWGpqMngHJ+ytWkfSPyWWcsm6KycaA0HAVZNO6pkLWDIbt+al3CpEMDgD5nbBKw26SR4kftk5JKyWy2ofFNtJF9YaAUVEZntxJIM/YeiVZVF7jGPzR6upFPFpbzwAoVOC92pwyeSsEp7nlm+EdoakjJfnHsrF7hE0bKPHiMZ04VV1FcxT0u0gYTlJxvfBdktkdxRdUXj5ioMLD5WbKia44ye6A6Z0sjnvOcnKJrDgE+EMHIst3yyHa4lwa0bnZaCljFNTgEDU7cqrtNL4kvjOHlb3VtK4ZABS7+ejZpYf1MWTIcBarp63CKISOG7t1QWilNXUhh+lu5W6o4Qxoa0YwuZdLB16sLkMB4EJlI+lZOGml6ivROT4bXaVddSXD5em+Uid/Mk2AHui2SiZY7X8zM4CaTzDUFjc+S5vIupKxlPDDaaYgCNoDsd1m3kudpbvhGqXvmldK55JcSSSi2uhkqapoYMhvKiZC9sdKy2W59dMBreMhZO4V77jcMNOxK0nUlzbTUpo43AANxhZq2Uge4VMgOx2wjKTyW9vovOxjRuTuVpoQc49FBtdI9gD3N5G3sFashDgEq1jVx0PZGA0Jzn6BkhODMbBZ/rW6C2WpzWPxPKdLQk8yZJy2LJkusb2blcvlYn/yYPLsdiVTxx4GwUQOL3anck5KtaCAyyNjAO5T4rYssyubk8mh6PtInqBUPGWtGSvRqSnDcaRwqqxW5lJSxs0eZw1ErR0sZaRtyseos3PI2AekjII2VtAMYyo0DAOylxAADC51jGrkO1oHATxyuYwu4Kyt5YAQcJqScqKEkkkoQSSSShDo5RgRjlAXQTlWngCYVJcBGNylkIsijqS5kLqhBieuZCad1XRB2R6pEjCGMnuk3PqqyQR5XDwkkqCSBuJJ3KY84aiHhAPJ+6KPY6HZEqRkE+gWV6kqDHSua06Sc7rV1mAw/Zed9a17Ix4THbg5OF0tKh7fBg7pNJLUYc7gYWy+HluidHJWyNy5jsbrCvL5qjGCS5wAXs3T9tFutlPE2MNLmhzj3JK32z21C13yW0DNxgcqaAAOEOnYABsjnhcmyTYw4cAEKLhxdhHPK7gJZWRAd11JJUQSSS4ThMTwE+RlTJ4MD5v6RleY0wlvHUTnPGYg7UCPvwth1jdfk7VI1r9Jf5cqk6WoPCpPmXjD5OPYLRBlGhwGjTwBthRJySeUeVwAxlQnOBPK0qOQwn0jKaX6sjHC7nugueCNJWiupsVb0QLvVNpIDM9wwF4zea+W5XCaVziWh2Ghbz4g3cU1J8uCdTzgLzikaZ5Wsxse6934TS7I72eP8rq97+NFvQM8Cmy4bkbLrpM5JCUjw3DAcADCboMjg1vK9C+Fk4tcfklgt+l4WyVBqHtzhu33V/UTnVjCHa6VlJSMy3D3DK6/zP2XLte6WT1GjqUIYYowS4bKY5wjYCeMIbGBrc4UW6VJjgOEsbZLaihuVS6eodvsCosYy5J2XEuJ5Uiliyd0yBjn93JMpWZAJCJVvDIyQUmDSAAOFEqHnIC2Ux3Mx3cIH4ms5I5XnvxK6l8OF1vgkAc4acd/craXSsNJQyzMxlrCV4Xea6S5XGWeR2dyF6bxmn+5SZ8v+vPNQ02k/jQf3SINO0uOVoLHSOkl8Qt8re6rKKlLzsN1srXTCmpWjTuV6+mOD8/amfoLK/QMAdkOlYZpwMd0qqQOIwFOt0YEIk07la1wZY8skFugBoHZJowMnunA6nLjxnjss19uEem8ZpFxNkeeTTnjcLxv4ndUPnnbb6WXTGBh4Hc+i3PxB6op7DRiNkn+8vaS0DleC1NVNWVL6id5c5xJOV53XannB6WMlBLAxgOQccqS0nCYwAjJCI3Yrizlu5NEZPJZWfJq2tI2Xr1oj0WjLdiRheUWPS6qbsvW7X/851nme68FD/T3EQDHKkUTcO1AIQGVYUTBjICT0z0kY7mCqo8Rvlx2XmV7OqqeccEr1K4jw6WQd9JK8ruut7pHA75OUMm3wcnyvEdpRVX1DCbSgEpTDBGU6jBySmwPI2InRDDcYUWtADfVT2M0t5UKseSOFpRk1X2wZVEEPKNDs8Edk1xyeEgMJylxg4G7a8o0VukMkLtRzjhOdscYwoVpnOdJPbCsXtGMgpM1k9Bo7d8OTtK7fcqa5oc3lQIvqU2D6Qs9kTt6ef24INS0tILUxue4U2pj4OFEGR2WZ8Ggm2uo8KTQ4+UrR4a9rXDghZHWWEEDdaS01Qmia0ncKI00Sy8Mk+GS1wIVJXQYJdj91pC0FuFWVcGo7BMgN1MftwUUY8xYeU2VhjOccojWEVuTwnVJDsYCtrg5yWGDjxncZyu4whNd7Iv5JeMBxJNFUGGcajkHZaABskYIPZZcDJwr221ILAz0VPg20SzwwdbAHDjlZe5QOhlwG7eq2szA78PZU1yoxJG4ad06MsGfX0/JHgzsDhjCYTpP3XXQugdpJXXDJTkeenDHA2Qlwygx6s7lSCBjCFjBKYhM4FzZax0bvCPHutE3BGQcrFQS+G8OB4WqtdXFLGPPvhdPSW5aicvWQ3Q4JWndE8M+icG78ozACAMLprB4zUrbMD4Ixwh+GR2U3w89vzTPAQpIzuzAGI4JRXND254TNBRIzjsoynN9lTeKCSpg8g+nf7rLzQmI6SMFehCHXyMLL3e1ubOS0YBSJV5Nunv9MoWyFhGApokbKAECSDHAQY3FrsJNsODs6e/GB9ZStLctCpnRkOI9Fo4x4rVCr7aSDNE3B7gLDNYOjKG9b0VsNS6BwI3WntVSJ4gdsrKPic0kEI1BXTU0wLTgdwgU8M0aa7a0mbJ4xjASdvyEGirG1IwRuFK0pje5cHag8rJEmi1DOMqC+LG5CuQ1pBz6KLNTasloS5RDccorQ3GcobQQ4Z91JkYWnhCI9EnAtrBxSqCtkpJBg+U8hRSQOUlQcJuLNgxonjErOCMqPLFk7jhVNpur6Z4ikcSw7fZXxDXgOHB3CM6FUlMqqmmB/CoL2GJ+wV3PGQQcZyoNRBq7IQp1ZARPDsDCc+AEAgIRY6JwIG3opLZg9oTa5GadXBXVlFHURmORmx49lm8zWuqLN9IPfghbR8XfCgXC2x1kBY9gDh9JHOVqjLHJytXoYzg8gaCtMzdbJMfmrNkrahng1ABB7rIN8a2z+HJkDPKvqSuicxrid1srt9M4eNsdrCFlRZ6jxI3F0R7dsK9pJWVjA+M88j0Vc9zayEs742UOiqJqKcNxgenstkZA4cWaGSDAzhRSMZBU2GRk8escYQ3sDd2hPxlBp5K+aJr2lrhsRhUF1t4hZ40bds7rTPOdsYUaWJj2ljm5B7JM4A2JejIk5TdPurG7W5sDRNADgnBCrsYyCs0oZMrR044Ka5mF0NyV05aMeiRZWEAI0lOG66WknYJuktPCS1groKwgHdTqS4PjeADgfdVpOpLf1RQscHwBKuM+zXU1ZFO0BpyTyuT0UMwG43WahqnwEaXYHdXNFc4ZyIy/cDuVurtjLiRjsrlB/aR5HPgkLHN4KkRTHLcKfNSx1Uelwwex7hVcsE9E8F27OxTWscoTnPDLWGXW0NfwlNQud/NgeARvhRo5I5GBzD+Skw1GcBU3krGOQHmewtP1BKne6F+W8qW9jZBloAd6oJiySMYIRJ4F5z2aG13uKeL5WuHGzXd1KmpQ05YdjusnHkkDOD2OVd2y7yUrRFVN8RvGe4TYTMtlUk8omGIO8ruVFnoQPMFevpYqmAVFMQcjOyh6cnS4YITlHIlSa7KmOaWilbJDlrh7rXdO9XukeKepdv7qgq6MadWnCqSx9NJra7golLYwJ1QtXPZ7TDLHUMD4yN+yfg+i806d6snoalsdS4mN23K9LoK6nuEIngIxjJ3To2Z7ObqNLOLH+GfRcMeOyOGYPCWkHstCOe8p4ZFMY9Ezw/RTNG2MoWgKSQSaIzoRIMOGQq+e2uY/xaQ6TnJaTsVchpAI9UwMSnDIxTwUzZsEMnYWO9eyOaZsrRnSQfXdTZKdsow9gIUV1FNAdUDyR/SULr4HRuZnLv0hT1BdNDGIpOcs4/RUDqi42ciGrhc+MbB7eQvQW1Bb5JW4/wAkGtpKSqYQ+Jpz3ws7rw+DTXqHnEjL09bTVbQWSNcfQ8pVdvhqm/SAT6plf0m+F5qLe8tPOAUCkujoHfL3M6C3bJCXKO54NKtjHmDM9dOl6iJ7pacDB5CpYpp6KfzA7bOaV6gGxTMDonte0qnvHTlPcI8taI5Bw7CRZDHRoq1bbxIoG/LVsXiMxn091Dmpyx2Fysttws7wZAdGdnN4U6krIaxgZK1pP7pUlng1qzjgrHszjdRnsJOyuquh0DxIdx6KA6EuwgcWg4WfsHT1ZYNEu47FTodFQMDDgexVbIzjKbFNJA7LOEnHpjGm+iTWWdr/ADQ4Y707FUzqaogeWysx7+q0MFYxzA4nc8gos8DagAloU2hQslF/cZwOe0+Ulp9QcLVWLrqW3sZTVocQ3YPHOPdUlXa5YyXxAY5wqyYODsPGCEUbJ1vgKShauT3K1dS0tdG0sna7PbKPcLVQ3aI6GMY8/ixuvEbdcKu3vD4JXN9s7LfWLrmOYMgqYyx42LidlrqsjZxJgudlDzHoLV9P3G2SmRgL2d8bobZM/dbKmr4aqIDW1+RwVBrenqeqzJANDj/SjnQsZR0dD5SDe2XZlKqggqh5mNB9cKIZq63OacFzBt5T2VpV0VVQSFkgO3dDbI2QaHtG/qFitoO/p9V9ylWwlFeqWqw17tD+4K03T/U9x6fm8e3SjBO4JyFhqq0NJMkBwedkKGurqB2mXLmhYbdNg7+k81OpPnDPpzpj4g2zqNjYTpiqg3D2E8nuQtIyUsdqacEL5aoq8nTUUs5ZINwWnBBXp/SfxSjZFFQX+NxLcNFQ05z9x/qsM62j2Xi/qKu1Ku18/s9e8WKYYJ0uPrwolRAW+49lEjrIakNkppBJG5uoOHdTIqjIwUprB6iGohZyQpBpPGCmFuRyp8tP4o1NGfsoL2SMO7MIMPORqaa4Kq62G33BpZNA3UR9QGCvOeqPh/LSMdV0h1NBycDfHuvWHuDsZCDIW40uaHA8ghHGbRh1Wgr1UdrPnzwHRuAJ3HKkxTGNwHK9S6i6JoLuwyUbWU1RzkDAP3Xm9ztFXaqh1PVRlrmHGcbEeoT4zyeO1fjrNNPallEimqSQCQp8U2cbj9VRwuIAKmQ1BBGyZlGHDXDLlsu2SrC23yrt7v5TyWHlpOyomSl+AdlJaBgFRrI6m2VTzFnodBfKWsDNTgwu91YEZ37LzBkrmkFpIP3WgtfVlTTBsVXiSMbJMqs8nZ0mv+7bYaSSkka/xqd5jd6A7FT6GuEg8OXyyDYg91Gp7hR3CMSUrwQfVNqKQTHUHYcOCNkpxweghbD0y6A1KPLDgbDH5qtpq2ajeIqpznN4Dj2V5G+OoiDmOB9UlxHRlGfBlrzYoa45DRFJyJGjBB91XUXUl36emFvvbPFgjOBNj8PZbeShDxqwoVbaYK2MxVETXtIxuOEvANlWOV2Bnp7J1VQ4donicPbIXmHUfQNz6bqRdemJ3MAdlzWnsPZag266dJ1Rq6F/i0zznwhucLQ2rqG3XtphLQybG7HbIGsmZwU+0UXw8+PDqWaK0dUNLZWnR4hONuy+g7F1Y2rhbPRVQkjdvp1Zwvnrqj4b2e+NMscTYpxkh7Rg5WJt/VHW/wAKKsvqp/FthcGtIyQ37rPOG4y3VuDWVwfZfUdjsvWtnfbL7Qx1UErcFrs8fkvj34uf2arx0aJLz0o+S427cmnA/mxY9877f5L3X4e/GWxdUQsbDWtZNpGWk8nuvUKStpLhHplDHNdse4P3SmnHoxX6SN6yfmW5mwyMobYyXADZfbvxY/s0dL9cyPu9ocLfdCCWyMaPDcfcBfJXWHQnUvw/uptnUlukhBJEc2PI/wCxVKeezh6jx863wihZI+nw5quqCsjqWABw1DlU7gHcjZMbE6lcJqY4cORnYhUzHDMHg1ROjdEbIdlT268x1R8CYGOQevdWYaXYWecc9Gyu3PY6phjqozHKNQPf0VG6Ca2ylukujO+Qr4eUblClijmZoeMgpDjk0xljki0lY1+CDlaGirHYGVkainlt0okhBMP+RVpQVviR5BysVtWejdRqMdmvgqw/G4UyGoIIOyy9LWnOCVa09UHYWGyHo6lVxooqrUADuUUbZVPDUYICsoqjU0bJDi0zYpJktkvbCBWUMdUCR5XJwOMpzZAdkUXjkJpOODPvlqLVODgjB7LS2+609bC0ucNXBBUero4quIskHPB9FnGulttSW76QU3cmZJ1OPBqbrZKS6QGNzWgng4XmtzsNXaKpzHNPhg7HGy9Dtl3iqR4TnYONso9bb4LjC6KYAg5wccJ9Vrr4MNtClyjyaopTp8SMcb4Ck2S/Op5RTznbOASrq7WKW3yODWuLf2VBW2Z0mZoDpfzhbYXbjmX021f6tXaNbJT0lxiy5rXAj7rD9T9IywNNVE1pHq1uEez3uot9RomcSwHBB7Ldwy0l1pdtLmuHHotun1MqJpxE36fT+YpxZ/uHhT2PieWvGCFwbZXpXUnRTZ2F9M1odyCAsFU2+agmdBURkObtwvQafWRsWUfO/JeFt0M8WcIri0jsg+YvyVPLW4OOFH8MnstDsUjjfBJPJJo66WmxodgLRUF3ilw2RwBWQeDsl5j+IoJ1KZpp1Mqej0iCbU3VG5SqeulYf5jsgLCW2+y0obHI4lo7rR0l0palvleAT6lY79Kn6PRaDyeMTTNZTXVrtOHbhXdHcmu+ohYaOTQQWu/RWMFfpwCVyb9FF+j1mk8w12zdw1kZxh26MKggjG6ydJcBt5lawVwfjO65d2jwen0uvhbHOS+bVu74T2yh+xI3VUypyAEVkud1hlS4nThcpoJVWlspMtO4AnsoL454DplYSArKOqLcAlPMjJRh7QQlNNDI4KjDHeZjtLh6bKTTXKtpHAPdrYizUEb/ADRnBUYwTMOk7hLktzGqWx8F/T3KmnYNwHFKQB/ICzwGDqacFWVLWEsDJTx3S3HHQ5WZBV1opZzqawMce7dlAEdxtztULzIz0V+10Uw8js4TXQtcNLglNZC57RBouqWscGTNLCr+juoqcPiqAPbKz9XaqaXcNwT3VeKKoopNcbnOb2weELgh8LZL8jemogqPJVRD/mAQ6qz1GjxLdUtcP6SsvSXyWPyTNJb6nlWtNcjs+nqMe2dkOwerk+gsNxr7fJpqGOYR37K7t/UR21PH5FQWXCCrb4VbED7oMtngkzJSyZB/DnhLayOjLJqYbzR1DtLw0E90aSnilGqLQc+iwj6WppnF0bng/dFgvlZRuAcTt6JTgxsbor8jZCWspnEgkt/pO4Q5mUNxBbW0sbi7uG7hVVF1dQyYZWHQTsrhrqOrYJaeZhB9CheUMc4z/Er32F1K0yWuvljcdx5zj9FLg6g6jtUTRUQsqmgbkDzKQKWTs7lNPiQnBBKiJKOeg1L17ZZsMrWup5OCCFoKa4U1XGJKSqjladxh26xlZbrXXAiana15/EBgqlqOn62gBktVXK3uAHFMjLItto9cjeJWeHPGHtI4cMhVF76G6TvsWmptvhyf94zY59V57Tdb9aWRn+/UYqII9iQN8LQWv4uWGqe2CrD4ZPxZHBTVZODzFme2Cs7Kq7/Bqspw+ayV7amMbiNzcO/zWFuNjvdje5t5s80UYONQGV9D2u+2KvY2SkucbtQ4zgqxNNHNE6F0bJY5BuHNzlbKvIWQ7M0tND0fLrae2SjUO/uuOtmd4JyGHjde+XP4YdLXKMkUTKaQn64RpGfssbdfhFfKLVNaiKqEcDut1floPhip6TB5ZNT1tOdwXN9RuheLKD5wVtK6wXy1ktrrXLGAdy5uygSU8b9nsa3HOy0x18ZiHpmzPMkzzsieExwGcBWstnbJ5o2ZJ9FHdZahpyCcemE+Oqa6B/iv2isdRxO3LMoMtuhAyBhWclJVxHYYwgPeRs6M/onLWvIuWijL0VL6ZzThrSUMsc3kK1fNTbakNj6V2xG60R1qS5FS0WPxK4tcNyneb+lWXysUnm0lIW+WX+7jP6J0dbB9gPSy9FZkjslq9lLqbfVwM1CEkewVW6rcSWBhznjCbHUKXQmdTh2gwdgjZPL8DjlQXOq3bsZgIRhrHnGvPqE3Jnk2iwM4J7LjpzhRWwyDd/P3RRGQFe9+ikt3Rx1S8Hhd8Zx7J3gH0T/AcDwglLIarbB6nH803wv8IUoQDkhODA3hVll/ERBF6NRGwnP0qW1jQeEQNGOFWSfER2Q7bhGEe2Cn4CIB6K1JoOMNoLw/ZLw0bI9V3I9UfyMLaB8E+iXgn0UnDPb9V0RE/S0oZWBKpsieAf6f3S047qyhttTN9MYwpcVjeXfzWgBV8y9jFRKRRaUSKmllzobkLRttdLCMuxt6pj6m305HnDSPRErl6CVS9lXDaahxBecBTW2+CFuXYGO6jVPUQbltPGfuVUVFdW1bsb4+6pzyFiuHRb1FfSUg8rsn2VZNfJq0mKA902jtdVWyhhacHnK0du6bp6R4lkAcfTCtSyFhy4XBn6ax3K4ODnHLTyVpKDp2CliALQ5w52V1DGyNumNoaB6LjyWclFkNUY5YKKNkY4AA4CDV18VO3U54aQq+69QU0EjoWOy4DkLM1FfLVPJeSR23UFTls4RZXe+STt8KGTbuVTEFzgXclNLT3CdglMRnlKVnYQYAHZNe0vGxT3RucQQFJp6R5xkIuhcanJkaGmfqzjJVrR0jiW7KXSW8HHlVxTUGgNdp491WUa69O2Bo6EAAuburqjpmjHlUaN0MeA84U6GoaSNGD6IZS2nU02nwTWRBrQBspkTn5Aa3KZS26sqQ13hkAq7pra6mwZiB7krLPUQXbOpXDBGgpaqbB0YCsYqEgB2FErOo7TbgY/FL3DsFmLj1zWSNdDRgsZ2yslmsj/Saoy2mvqamkoW6pngYVDXdaW+Fp8EF7htgLFVlbV1btc8z3E+pTKO211wnENHAZD+LA3Cxz1svQFtjJdy6iudyeS+dzGngNKq36nH+Y8uPutzavhL1FcQyVxZAHb6XnzBbW1/Cmy29zJ7hmeb8QJyFz7dZnsQ5OXZ4rRWuruEwpqSnklkPZoW0tPwivVyLTWl1Mw7knZe0wUtDQwMho6RkbG7ABqMHO2yDj7rK9U/RNrMdY/hdZbS0GcGoeB+PcBa+kpoKWNrIoWNDRgADC5PXU1MB408TO/mdhZ24/EWz0Rcyka6pkbwGnAz90qeoChDJqHVUrMiPbbfZVNwu0EXlnma37lYmp6s6kvTzoEdJG7+jk/moraSWWTXVzPkdzkk7ofnkzXXDbyX9d1PSwSGKnilnf/UweX9VD/ilyq2nSRCDwDuUOnodWBGMK1pbRPs4gAYV72x6kkVTaKepeDUSa/1VnSWlrcENAVlDbg0AEBTqeDRjZTLZatIkFtcMZIwp8VJoHACkQs1cDdS4aQtzJPMyJg7uKKCcmLs1EY/kyLHDjtlSIYHHPlIWav3xa+FvSuBdOsaR79/5dM0zO29gvMuof7Y9ip43N6Q6ZqKw5w2Wrk8JpHrpAP8AmtX8eyX4o59/l9PR+TPe4aGaXGgZCNUusVnhFRfrvR0EZ4fUyaGn13/RfFnU39qH4v8AUMfgQXxlrgO/h0LPDI/8Wc/qV5dcbjd71UvqrvdKqsledTnTyFxJ/NaatBZJ8nH1H1LX1Ufa3Uv9qD4SdLSPgoJai7VDNv5DcRk/8x3H6Lynqf8AtndYXISU/SdiobTET5Z3gzS47c7fsvngQ6RsMIgZjsuhVoYx/M4Wp83qLuE8Gi6l+JnXnV+v+P8AVFfUtcc6DKQz/wAqymZHSZeST6lSNPuuxxEnhalp4R6OXZfZZzKTYxw2CjPaBhTnhoGFDed9k2NaRhtlyd0t9AuYaOAnJFpKNQS6AjPKO6vZOaQe3Cbp905gxlFtLyOwEkklNpe4SZk+idqA7poOVMAfJyFa3UnsamsRxHtypgNPJNrq9wkMbNwO6rXPA3IXWZOS852QZpBjAXv5Sx2fnuEMDJ5sbBQy4yORdRcTgLsceDjH5oX9xq4ijrYsgeXP5qXFFjG2PzXWQHA8qlxRYx5f3ToRyLssORw47KS3YYXQwYyhvkxthaIxWOTM5OTOk+6jPcSd+y69xJ5TUbeRi6Eu6fdJqROVcY5IOSSGTvhdAOVfRDmCkibEDZINUI3gZHGeSEYDCc0D0XU0Df6GHZRaip0NzgI9RJpGfQKoc+SeXDdgO/ok2c8DqxO8WeUufuPRSIo9wAF2JgbyMorWc4UjWw28oc1gxhE0gdk0NIG266tEYpC5Swca0g5IRQBylgLqMESYnpgIPHZQg1JOSUDGrnG67g9gmv8AJG6QjcJcpbVkrIOaVsDNbuew9VAhkfNLgjb1SkdJUP1E8/sjtjZHFszfklZbJNjI8DZ3iMYCrqqUNZv3RZ5NTshVtZLnYLPZPJsphkhzO1PPumDlJxyTlOaDn2WOfeDZxFYCAA4KGiM+kIatFD0kklRY5JJJQIS6GnVlIDuibEDZFGORdggEsj1SPCYM5R9FZH43ynu7roBDN0J/CCctqBGOOc7oJBJ2C64nXjKIxueyzJbmGciacgYUsgBowmRsGE/OHBaYRwgJcjzwhSP0jHqjFw05KgVL9T8A8IbCJ4OOJc5GY3G5CFEckAo5wGpQUpZQN2XEAbKypYBFHuRk7qHSweJNqI2buVPOM+yzX24eDv8Ai9LtXzS6fQelpJKqojpoRl0jg0L2Gy22O126GmGGvxl33WU6F6bLHtutSQcjyNI3HutfcpjBD4g+yxznk9/4fRqmHzTXLIF4uDXuFLEc7+YoFLARiQhRYWCaYPeM5OVaN4wBwkS+460uWOBABTKUGacZHlBTZnY2HfZTKOE08Q1YLjuhGQjkJUHDCxWdtpWhgwPMe5VbFEaqpBx5StDQQAFukbDZKsZvoqbaZY08bImDSN+6fPKGN83CR2aqu+V4hpyAcFZ5s6L+yG4prjUOrK0uz5GbBcp4jNK2Md1Da/VuNiVfdP0heTUPb5QcBIm9oFLc5l7RQNp4GtAxgJlRJqIaOUVzgxjiSgUrC+bxXbgLHZLcdaMcLBNpIhDDqP1O3KKwkDUTgBCA3xnZNr5o4KY6zueFnayaEtqyRJXmurgxrfKCtXSRNpKdoDd8ZKoOnqQvkNU9uW52yrysmxhoXP1MucG7Sx43MZUOM0v2UqlYG4USnbqOSpZd4YHdYHlvBsHV07KeAyEhebXq4uuFU5+TjPHYLR9UXRzIjGDhYsOzvhOqhg5Gv1H/ANODFrLOByj0cT6iUNGfdRS/JxjhX1ophBC6WQeZ/HsE6bUVgx6fNjLOEMpoRG3GcJoJedjklRy/XJgZVjbaXXUsysF88cHd08MI01ht/gxNcW+d+59gtGCKeDXjhRLcwDluNIUe/wBdLBTCOLmQ6VzLZ5NuMIhUVNJer+Xv3ihOSe2ym9S3FtROKSHAZEMbIlPG3p2xNfIc1FQC733WeEpedTtydyVnwUPAJGwWms0LaOiMknlc4aiVRUEQmnDCMhWN/rfk6IQN5I3RklLaZy6TvuNxLGuyNSurZBh8cTRgD0VPaYNZM7xuVr7TTaI/Fc3d2w9gibwRclkxoa0NGyNnCG0Z2CedlnlLJphEc+QRtJPovJ+rbw+6XR2T5YvKB22W26yvH8OtjxGcSzDQ32915fHqe7zHJO5PumVRyzHbPMtoenjLnZwt10TajI410keQDpYCP3WXtdFJUyCJjc55XrNjom0VHHGBjDQpqLFFbSRiWlLABjU0bq1p49OCVCpmEEHCtIm4AOMLjzk2Ni9oaMAYwpDAdI2QmdlJaAAFmm8sP0cYDkHsjgDCbgLqUAOSSSVEEkkkoQSSSShBJJJKAHclLJXElARwJynfhQ13JVkESc7FcSSVEEkkkoQakkkoQGeD9kB2xKOXAg7oDnDJKZAfBEC61HhR615N1hXwzVD9K9M6kn8OmA+68Wv03i1j8HY9/wA119LD7cjLOCd0PbZrrfIvLmGA+I/I5wvZmtOQBsBwFjPhha/Btr6zkzOGnbfC3ekYGyDUz4wLSCRjAXXJNGAk5YGM59nEkklRBJJJKEEhyHAzlEUGvm8Cnc77lMj2EzFdXVIud0htUQ1AOBf6K/poG09OyJo+kALN2JouV3qrjoIY12lp+y1MuzMLXBFEWd5HdRslOqHZfsUxaoxDDNd5XAqJVO8GJ0vojvHG6zvWN2bQ2x7GvwXBdTQVO6xRMWstVNbmzzTrG6Pr7q468xxktA90C2RER+M5vfZVzy+sqtt9RV6A2GJrOMDC+i6Wj4YKJ88tv+exyZHlkc6YgBW1mpDLO0ubsFVMbrl2G5WutUHhUzS5u5ATNRPatpt0FDlLcTnktGAdhsuRtJIOEMOLpGs7FS2MwBsuZJ5eT0qxGPB0d1n7xWa5DG07DZXNbMIY9eVk6mQyzZHcqRWTJdL0cYS5wGOVYwRZAONlGp2A4yFPjGOG8e6fFY4MzeBv0tJyq2qmGcKfVytY3JKz9zrIqaF00jsYBXS0Wnds8HK8hrI0VucujE/EfqCVoit1HMWtdkyEckeiwEbCTqIUy81r7lc5JicjUQ37LtPTmRwa0ble50Wn+GKR+YfqXysvI62d7eVnCLSw0fivDiFpJHCJgaBsBhCtlIynp2O04cQCmVbjrwF1oRwjx9s98jkbBNIAeFctAija0ADbsoVrp9jO9ud8NyppBJySisltRo0lTssRxvdRrncIbbRvq5nNDGDJycBSsbEZ3K8c+KvVsstSbDRSNMYGZe+65Wq1G1ZPa6Wr4oIxfVF/l6mu8tYS4R7hjT2CpnQaMFOYwgg447I2D6LzF03ZNyNqa7GN8o3XQQTynnhAB0uyPVJYUbOS/sG9U38l6/b4yy04PdeUWGECSFwG5duvXoQBamY/pSJn0XwK/wBFkONnsrCgYA0DHdQ44zoLs7Kwt7P5GT+qT7yekhEiXzIjmxxp5/JeX1/1y/mvUr7gW2YnnHK8sreZEL+7g43lu2UFVsQFIt0QLMoFVvj7qxoogIm4HKbUsHlZRzNhwzDVWVrdj91cGLDM4VXXj+U9a8ZMWuWIFWeU7GExPTEeakGppvCeMd1eRyeJECPRZ1XdrkDoNLuUEouR0NDftltCx7O3U+Ajy/moEo3GFIpnEEZKzzR6jTTxLBMlaHtGyguaAcYViDqbhRZ4CSCAs01g6WE+iMW5U22SmKcb7HZRdPukJDE4EJYUXtlk2kQEjQ4b7KNVxZadkyz1gljA1ZyMKyfCHcDlMT/Rta+WGTK1EIbKSG7qG52xyFcVUWirJI2xhVldF4LfEwmo59kNrIgPm4UljtTeFHDgd8IzH5zsqkkhUOwikUMhZKDqUcjIwhxvMbt90qUcmqrh5NRCGzNyCECemB2wgWyrxhp7qxmiMjAQpHs2OKsWDFXemMU+QNiq9rvZam60fiRkgb4WYkY6N2khaU+DzurocJjsFDdsEQOJCGd0UZZMMlwDa46gFbW6Q07tYOMhVWMHKPTVB1YwtWnlslkxXV74tG1pp2TRNcHDJUyMEnKzFBVFpG53WmoZQ8DI7LtVzUuTxXlKfikSg3ZP8MJwZkZH6IgjIT0snEbIj4wOyZG053CmujI903w98huEewnIwNwOFErbe6pZhg3I5U8DHdEa0EaRshlFMZXa4PJ59cKOWjlMcrduxVdIzHmAXoN6tQq6YuDMlqxFRSyRjD24wstyOpp7vk4AQT6HAYVhs9ocByqc5jeDjhT6aoDmgFYbYHpNFcmtkivuFGG5kaM/mql3kcHAZWsmgD2Yc3IPuqWtt7WnUwcrFJYZotpcfvrO2uvMUjdR2WogkbMzUCFh/DfGTnbCvbPd4ARA92/qUcZpGvRanP8Ap2F9oIPskcEYwiMc1zMtGQUwtRnbUcEOppvxNCheGQcEK98IEHO6gVNOdWWtSmkBZX+irladsbrjW6e6NNGTjbKZpwgFYONG5V3Zq94d8vK7IA2JVKBhEBIOQcFC3gbTJxkma+WNpaCNxhRJIh/T+6FZbg6dny8xDi3gn0VlLDqGWBV2dOM1Pop54B6KG3VE8bZVrNEQeOVGmp84wFM7QZQyKMtkb2BTXxYP0oALongY5U6MtkaE1TbM8689lHeLWauHVHgPbv8AdUVNK6nk8KYYLdt1uHxgdtln79aRM0zwNw9u5wtlT5OLr9Bu/wBSsdQ1jQ4HP3VlLTx1cXl55B9CslTyyRYDnbhX1quJacPGQVuhI4Kl6ZIo6mWjm8GdzgCdiTsrhkmsD3VdXU4qW6oxhw3CDQV7oX+DPsRsMrXCeCfjyW74cDUAobxg4IViHh7Rso81OXbgLQ4qSLbyitqYjI3RjOVQV1FJTy6XDY8Fad7D37KNUQMqWFkjfse4SJ14ETjnoy+jC7pypNXSSQPII27FRz2WaSAb28A8DuFxzRjICdpJ7Luh3os8q8gkZwLTsF1p1IxZ675CF4bgScJEoNDDrmHGyawEHbb3TmvxsQnbHBCpN9oD/Jd2m6bNgqXb8Ncf9VeGKCqhMbgCCsQ8Kztt4lpSGTZeB39ltp1HOyZkvo/+pWiTUUVRRSEx5LeydT1WT4cnlP8AmryEQXGHLXAgj9FS3C1yxyHGxG4PqtMo/ozKalxLglRvew6uymROY/BKqaatAAin2cNsqYHkYcx3KpMkoP0SaigyTNTkA+hQGPke7w3ncKZSVA+mV+xRaujilHj0bsuG5b7JmMGeTb4O2y6VNrk3BkiPIytXTRUt1jFTSyDJG7e4WIa8k6H7FGgmrLa8VFJK4E74BTVIy2V55Rr3Q6D4Ujc42wVHqrPDLGXxkNPoVYW26UfUNIASI6powQdjlF8KopD/ADGEtTorcZ1Lbw+zGVlF4LiCMEe6nWLqGts9S1we4xj6mk8haGaipK5m0Y1Y5AWar7bNSyFj49hweyNra8oY5RsWGesWa+0d6p2yQuaHY3bndWWgrw6mqa23SCanlfG5u+WleodJdZU18gZTVTmx1LBg5P1J0bfTOZq9JKK3Q5NBp90NTXRFoBIQtO4WlJNHNWQZjyEHwcE4U5sYI5TCz0VNIJsjGJpSEIajaDqRNA0odqLyVlRQskJIAGVXyQSwHD2am+o3V++P0QTTtcMFuxQOGQ1PBR4a7g/kVEr7XR10fh1EDHg8HG4V7UUTGEOiGCVEkiOfMMIJVIbXbhmKlstztOX0rvHhzkAfUAjU1wbINMv1dweVqmhQa+z0VV5vCDHn8TRgrNKrk0xt3FLVQQVMelzGvaex3WXufTE9O/5m1j3Lc7LVzWyspPNGfEZ+6EycZw4FpSpVGuvUOLMdTV+/y9ThknBaUV9M1wJDeeFf3Wy0lzZkMYyT+sDBWbqKeuskgFQDJAdg7nCXKBthbGzp8kaoo3x7uGxUJ8buMLQtMNXCNJDgf2USehaMaQEmVOeujRG1rhlK9r2cd1Lo6/S0RTHJHBTp6Rzdy3ZQ5YHDt+aRKLQzKmuC6bIycZacqNUWuN7eMn7KsiqJYHAsdsPdXdNWQ1EIdrAcBuDygbyFhwKGejfAT5cBR2y9twtRNC14w4Z91VV1s0+eFnKNRceUMV0ZLEiVZeoq+3nDJi5n9LivQ7H1TBVMYXubqPvwV5E4Pifpc3BCkx1DmAFryMehT672uJGS3TRl91fDPc3fJV8YbLG12r1Co7r03HGDNSuwD2Kxtm6yqaPTFUOc5o2yTlb603ulr2DTM37FadsLFlMKnV36Z4lyZowyxHDgfzXH08czSJGjdbWe3Q1ozgA42OFR1tongJOBozsQs9tOej0Gm10Jx3SZj6i1ywkzUkzhp3ICfT3KeEBtQM+6upKaRpzp2Ud8NKWlk4DR9lgsoOpRrccwZoOmviBcrRK0RzeLBwY3HcD2XrvTvWVrvrAyneWTYy5j+fyXzvLbHN/m0r9Q9inUl0raCQOD3Nc07EHBWC2jb0ev8f52dMdk+UfVbX1DQHwvG/ZOdKyoAjmzG/1PBXi/SnxUrqYshr5fFjG2TyvWrT1PZr3A0NkYHEcFZth7nR+Rq1EFKDDVFuqgNcIDwN9iogZr2cNxyrXwqmn/AJtLMXs50k5Ud4p612tp8KXhze2UB042buSEW754USvtlDcYzFWU7JARjJG4/NWUkMkZw9uR6hCcMDIUyVZWrOzy+/8AQlZQOdUW5wmhOTo/E0LNs1NdhzSCOQvbJQXkAt2WevvRlHcmmWiAgl534KOM8HA1/i85srPPonnZToZC7CHX2avtEmmrhIbnAeBsUOFwdsOyepZOFKidTy0T8gjlLQUNkZO/+qktBbhEg4oUVTU0Lg+nkc0j0K0Ns6uJ0xVrf/EFQuaHDhBNMJCMHCCUVI1VXTqfB6VHLS1sWYnseCOCq9pqrVP48LiY8+ZmVkIJLpQYko3F4B3bnhaO3dUUNe0U9V5JfpcD6pEonT0+rU3h8M1VuvVPXYZrw/8ApKnOblY+pogf51I8skG7HAo9p6mmilFHc/qGwcdlnlDJ04X5aU2aJ8LCcloO3dZO79K+JO+ttjzDIdy0HG/stg2RkzA9jgQfRCewZyUH9jQ6k1mJh7d1HX0M/wAjcjqDTjLhur97bXeYDHKyORrxgggFcu1ko68l748PI5CzzaK59Oz+NADURH8I5ASmhLrzwzJdS/CastM7rr0fWviI83g6sD8lougP7QlxslaLX1tBUamkN8Zxz/8ANWkoOoqKsAY8+G/gtcq/qnom09UQbxRNlxs8N3P5hKccmayiS/2z3/prqy0dSUjaq0V8dQC3UWjlv5KTf+nLF1XQut98o2TwPBBY5oI/dfGLqLrD4YVQrrXXVDYA78LjgL2T4df2lLXcyyg6qhNNLkNEzDlhP2Sp1+0ZIyjP7bOGY/4n/wBlG7WyOa8fD97aumZ5jQE4eP8Al5z3XgFVDU2+pfQXGndT1EZw5jhwV+k1sulHdKaOqoaiOaJ+4cx2VlPiN8G+i/iLTg3m3iKraDoq4GhsjSfU9+Bygwzn36GGMwPz/fBHJ5sYPZw5Raa6VFukEdQS+I7AnsvSPiT/AGfevPh691xpoxdbTufEjGZGAerV5tFUU1SzRIwehDhwlNYXJzHROD6LyOqjqWCSJwIPokXluO6z3ydRSuM1BMcf052U2jvDHkRVhDHjbcJMkSMm+C2BEjdxkehVZU076SbxIMhjt8Z4VgzSW6mHLTxunODXtIc0FKlHI6EsEekrHbZKt6OuyQM8LP1VE6M+LAT5eyVHWuYQDue6yzo3G6nUqL+42sNWCBnCn09buBnKylLWOcAc5yrOCcjBwsdlWODpV6lGqZN4jctPCTZSw5VLSXAtIaXYyrNsoe0O9VknDDNcbdxOjqdWAcBKtoYKyLQ8AHs4chQsgEHKkxVJdgO4VxTQ3iawzP1FNPQylpJGOHBXVrvrCwRVX1DbV6qRU0sdTHoePsVnquhmpZMFpIHBTUjNZDY8o2ThRXGAxSAEOGx7hZK6WKejmcWNyw7ghEoblLEQzUduy0lHWw1kQjlwdu6dGTiIxk8yr7JHUuMsfleeVEt10q7JUGKUOLQdwt9erI6B5qKcZY7cgdlnbjZWVrMjDXhaoW/s5uo0n3fJSuS7oLjBXwtkY5p1DhVl96Yp7kwvaA12NnYWXgqK2yVfhu1aAdwt5a71SV1O0uIyR+a012yi8xYixx1kHVbH/J5HeLFPbpHEedgPYcKpa0AH1C9yutopK+EgMbk8EBef9Q9ISUrTPAzcc44K7Gm1ifEmeX8h4J0x3V9fow87SDsMKMrWame0HxGYUIwHGQurCxNHkNTpnXLKQDJRYquSFwcx+nC4YsdkJzdsJuTM1Kvk0Nt6gZqEcri7P7K/hq9eC05yvPGjB1A7hT6G5VMTsOflqTbSpm6nyM4rEj0OCuc0jcK2pLn+ErC0V4gkAD37/dW9PV6sHsVz7tHk9JofKyUVhm2p7gX7gKxhquCQFiILjIw4Y7cKypbrj+/eubfo0lwj0em8y4rlmyiqIHjDyMp2octOQs7T3GJ2MPzlWFNVEnU3cLk26WUWek0uvhbHOSzbOc4xwjtLHDzjZQY6uIHD9ipLJ2HAB5WPYdKFyYSSmhcMxu3xwohhczjdWDWADOEN0WrgZSmjTF55RFikfGRoOAp8NU1wAed1DkY4cBc37hKccDI247LFxa/ByNkzR2z+yhtlLCAjsnaBnHKpwb6HK1MbUUcbxkNx9lEFLo3aSPzVm2Rp5CG6Np4OEO1F5REZLLEQMu/VS4q+dhDmSEEe6F4WcnCGYiSl4QyNkl0XUN71YbO0ffCmMNDUnUQ3J9FnBE4DjC6A8cOI/NVKrcPVn7LupsVPUHUwhufZRpLPcKaM/KVbiP6QSEClulTT4BdraOxVhFeongF+3qCkyhgZGyL6BQXnqG2MaJMysHqMlXVH1nRSxhtVE5rxyMJkckUwDmEOHdcfbaGc63U7NXfAS9rGfI49FxDU2uujEjKhoBHc7hPfQz7GJ4czkLKzdNuc4mlqHtHomMqOqaDMEcxkY36d1W0JWGimL25jniJHfZUFd07aLgXObE2KQ/ibscqVRdbGFwp7pSaXcay1WkNd0xdH4mlEMjuC3YJhJNTMLN0z1Dbsuttf5QctOSi03xD63sMoZUzSaWbZOSCPut1NZLhTOPyZ8ePGoDOct9lVTTUoBhvlskhYe749v1VPADqbWUS7L8eYWYjvVvDYwMa2Hk+pC3Vp+KXTNZH4sNWNJ7F3C8ol6K6duuXQSNLH7gNdwqet+HV1oJSbRWERnfCGUN3Qpxug+Vk+lqe92OvibL40bg4d8FQ6z4e9KXSMyCliaX7lzNsr5tA60sDNbpJJY+/hk5VlQfFq80EQhqDUtx6uTIN19Fxsjn7lg9XunwTicTJablLGOQzkKgn+F3UtCT4Ub6nH9O6L098cmPjijnqW8b6uVqqP4q0NZMIm1bRnvlEtXZF9jFKEvxZ53VdNV0LSyutdVG8c4iKjNsNO/wArmBv/ADNXsw6pttxZ4U4a7OxPJKDJT2CqAaIoyT6gJsdbJh/FHs8dk6PpJPN4tN+i5F0hRsdvJBj7L1CtsdqwTDTsd6gFUtZabcwHxLdKG+rDq/yTVqpMnwIy9P05bIyCZYDjkY4U5rOnaUhj6im1egUa7WXpWvb8rO2eJztx4jXNH7rMV/w16XmH+6VlVE/1E5KJaiUuxcqnD8Vk2uiwyDZkZB/whV9R0d0zcTllOGSbnU0YysOfhjd4v5lh6qnif2Ejj/1TnWP4rWkiSOpZVD118/smPU2emJaiv9yBoqn4W22cjTVvZj+lUtd8MrnTSkUsrJI/wnuVFb1f8QrRI03Pp6apj4Jibx+atKb4s0sIDbha6qH/AJjlOr190PYt0aa31gzVb0Tf6Yg/JGQDnRuqqW31FK7E9PJGRyHDC9Npvih01UkNfO6LsfEOFbw9T9NVrQ1tyo3g9i8LXDy9sewP+G0z/CWDxlrWtIDm4Ke4MOCCF7K+19J3QZEFK8+sYGyhz/DfpyrP8vMZPGXYWiPmIf1IW/FNfjJM8mAHYpmPdenzfByklwaermZ6ebZQJ/g3e4d4rhA4fh1cp0fJVyEy8dZEwAYUdsJONuVrJfhZ1RDkukhcANsZVfP0V1VDjELZADjDeyZHXVP2L/hWJ9FSylzycI4o43jS5yl/7M9TMb57a/8AIIRsvUbTg2yT9Ci/m1fsNafHaZ2K0xO3DwM+6PHZYScukGEJlpvjPronhE/h13A/uXtVfyYz4iy/gS6iyUy10EbcvwfzRRV22laG+XbjZVUtqvMw0hxI+6B/s7czuR+pQuXvJPjmukWk9/oojiMb9lAquoKmX+7wAgSdO12R5AU9lhrwM/Ly/k1NhKH9TBcLnwV9RW1kzv5kzsfdNawvG5Vk6yV5P/Ypdv8ACjRWSvJ2pZB+Sar6l7J8E32VcVE6V2A32V5bbCGYdP8A5K3tVjfCBLNG3OPKPT7q0+Sf/ThF89f7LjpmV8FJDTjDGgIhaBwclSnUrmYyFV3KesgdopYyXAc+inz1+mOVLXR2suEFDG50z9OB6rHXLqWqrAYqV5a08n2RKm2VVTIX10z3EnOOyE2hbF5WxnA74RK1MXbCzqJW6Xu8zwSfVEjBzsMqzbSjuzARm0jSR4TBtyo7UhT005dlfHC6TA0o0dJk8q2pqIAguZ+StYaKAtBZCXH2CJamEe2HDSMoqe2klp0/uremtzGNDsYKn09puVS7RQ2yaR448uy0FD0D1JU+araymYBnVIcJV3kKYdsfDRy9GYa1lOdORlSo3TVDQ2CDX9lt4ukOmrbpqLpVtqZeMRZKP/FIqUiHpnp57Xt/4j4x+qwWeYqjxE1V6Rr8jPWvom8VgE1cxlLHjJLvRXsUPTFgYA+ITyM7oE9p63vjiZnSgOP050gJ1P8ADS9SEOrZ42tPPm3WG3yu/wBm2qtRINy6ykkkc2iiETfbCoqi63CsyHVD3ezSvRKD4aWiIg1b5JHemdle03SnTtC0OhtrC4dysF3kFLodho8Xgsd6u0wZS0Mp/qc4LTWn4RXetcx9c807Dycr06KaiogRFCyP7BAqeozHtJUhjQsktZP+knRVW34WWC1uEk73VDgP+IcgLRww2ega1lNA3Lewas3VdV0ETsvrC4nkKpn6/wDDcW0dG2QerxykvU2y9lYyegurZHDVFsPXCjPuVJAdVZWxR+pc5eYVvV19rcxxziCN2+mMYVbiqq3/AM6Z7ieSSSg+dvsJQ9no9x+JFjoCWwsmqXNOPK3ZZy5fEDqC4uIoYo6eI/T5clUtPaXOIJH7q3pLTpAzsrc9waiipkgrrm8yXKrkkJ3xqOP0VnRW2NgGIwNucK0gtjQAcYUtlOyLBARJNlLCZGpqM8acD2VjTW+A7yb+y417GDOnZQq7qKz2iPx7hXMhZ6uK0QqcukFO1VrMmXYjp48BjQMe6ksGoYLtI9SV471D/aM6UsrnR2yjkuUrTjBOgfcHB/yXl3UX9oXr29NdT22s/hUJP/APnHtq2WuvSWzfRy9T5jT0rGcs+rLhebFZYhUXS90lOwd3vwvPL/8A2mOhLIZIrXT1l1mjOMRsMbT76nDj8l8oVtbcLnO+quNXLUSyHLnyOJLihCHGCVthoP2cHVfUdi4qR7Vf/wC1Z19XOI6doqG0M30v0eNLj3Lv9F5hfuvus+pnPN9v9XVh51Fj5Do/RVGM4ynOYNhwVuo0NcX0cO/yN+qf3yI7WEkEtRWRnbZFbEMjbKKIm4+n91uhQo9Gae6ay2R9DSNwu6QjFp7rhGE/ZgW/7g8BLARQcrmpQvILSnEBoTy7bhR5pA5uFBdk8IDNNp4UYZe5dcC9+Mo0cPBIUSyZHLJ1rNgSE7ATg08J4j74TVEMZgriPgAIJ5RYI5YOJqdnfCapgX8mXgHv6p7Rg8rqI0HKDBa5HMBwpDQ4bYXIo/ZSGNAHCLaOiiC9waDuOFDfl5xnCc/LyN0nNJxsvcNZZ8FSUVyJkYP/AFUmCPS/ITIoyp0MenlNjDIucwsTG4T2hc7BckcMLTGOFkRJuTHvfpCil+/Cfr3x6rgAHHdWFGIJJd0+67oKvAQ9NHKWCnIiDgBhLAXUhuoQ6BlFZHtkpMYOSEVX0KlLIPT7pkh0hEcNIzlU1xrtzBE7fuQrnLAVUcyBVtW6pl8CA+UfU71T4o9GMd12kow1oc4DPKkFnbGMIYrPI9tJHGdkdoACGGkEYCf2GU9LIt2egmAupJIyD0xPTFCCQQw90ZcPChAI5SxnddP1pM3I9kuxtdEHs8oGpQK2p8QmKInA5IUqplayMZ5PAUAM1O1ELLOwdBfsJTxjYIVyqPC0wMO55RTKIWknhVUjnTymQ8ZSrJ4QyMOUzszgyMuJGVTyOLicnKlVk2CGA5BCgrLKWToQjhJnMb5R2AYB7pmN8pIA3yJJJJQsKkkmoUsklLaOXRyuNBO66Aco1HIHoIB3XVwcJHhEltJ2KY7jBT4W9yEHBLlKYMNCoHJxwAGyiybjCPIR6qLIUiwJLKGD6ypMQ2GUFm54UmPAAUrQTXGApAGwTBynHdcefKtD4FSTQ2d+AMEcKHgk7p0rjq2KewbAhIlLcyLkTQW5XdZccYwn5AbwnUUXjzg42aUm17UaKKXfNQRYwRtijAAxkZJVl09azc7myIgmNh1OwOfZQJh5g1nPGF6f0VYXWqifJUAePOATtu0f9Vz5vLPdeL0ktRbCtr7Il5RwMpKZsTQAGhUlzqJpqgxl2WjgDhWtzqRBGWsd5sYCpo2OkfqO57rNaz2cpcYj0HghaxoPJUkHAJTIxthcq3+HTkjkoSxRN+ZqWtaMhm5VnIdI0gcjZBstN4VM6Z4yX7hTIWiSoYccIJy2mqmO5h7fAYogXjzFX1DG1sQPc7qvjZqkawN2VuwNYzZJbydamO0c9wa0knAWNvlZ8xVCKN2QNytDd6xsNI7JwcbLHA5cXnclJmy7p5/00S6KndUTsgaM6juttFE2CJsTGgYGMBVPT1vEcfzcg8zht7K5dws1rwsmrS145AVLzoLB3RqQYhB7qM45kClMI0Y4yFik8nQisskDPIVZczLUV0dOwagAAAOysTK2Clc4j6AoPTsMlTUS1kgO5OM+iRY8Iclu+001LE2mp2RNwNI/dAc58khLiizSY0geibGBnhc657mdCCcVgkQswModxq20cGsuCIHhrHEjZY/qK5SP8SPVnHASoRyS26NMN0imudfLV1Li92QScKHO8Qt3G5XYjqJkc3jhQnPdUz7774AytkIbVk8zZZvsf9ywtMZrKjBHlYclaN7gxoaOECip4aSlHhN5GSe5KYCZ5A1uQs1s8PcdXRVYWCbSN1vz6LUWSjw5sj288KooaZmhoA+62NppwIw8swAMBcnUW7md6qO2OCxgYGRE8bKot8L7vexO8E0tL9WeHEdlIvtW+ko9MQw5408pznx2Hp6GMH+fWHOO/wB1hsY+KyVvUdwNdcDHGcRxeUAKCG4AQBqc8lw3J5yp9JTmWVrCMg+6OAJZ2aNjIzPjLs4VFe6t9ZWGNpyAcFXt1qGW2gLWEBxGkALO22Lx3GeTkHP3Vimslzb6baOFjdzjK1EbMNbGPwjCq7LTkB1Q4bcBXcIxjbKVZ+hsYD2AMbv3TJCIwXO49V2Y5xhZ7rS7/wAMtTsHSZDjlKjHLClP41kxHV96fcbq5rXZhi8jR2yO6rKR3maSFGYDO/Wd8nKurXRtmnjYWbZWmK2rJkxunuNd0Ta3TPNRI3DM7ZXoVPGHOAGwCprNStijYyNmnYDZaGCPwwNsZXP1Um3kek0S4GjbbCsGgABRKdpGDhTm/SFzZ5ZcnkcOVJZ9IUYcqSz6Qszyy0dT0k5QoSSSShBJJJKEEkkkoQSSSShBJJJKAiSTUlChySSShSWBqSSSgQxcPC6mlwOwKtFx7AOJzjKHI4hPduUKZwa0uzwnVrdwaI4wYnruukiBjD8bYaF5hJmsro6Vo1vkcG7dyThavq25yS1sxc7YeVoUPoC0G49TxSub5IMvJxxsutW9kMAS7PVrHb2Wm0U1IGAOawE/fCtI260GQ5fpH5IsZLVjslljIpYOvGE1OeQU1JDEkkkoQSSSShDh4KzHWNXJDa3tjOkyeTOVpi5uknOywHU8slzvdPb4nh0TCHOHumQKJvTdG2jt7GBuC4ZJ9VYVbsMDcp0bWxRBg2wFDqZMnC2VogEnLspztkxpyUR5AAW2pZZTeEMM/qMLyr4iXdtTWijjefJ9S9Iu03ylFJVDfQOPVeH3ipdWV0krnZLnE/uvUeE03+rvweY89q9lWxew9npzl1Q4bcBSaqbTKGD0TqdhpqDWeVBDjJJrznJXuIYSyeHhN5wXNsgEtQwHfda0x6W8qm6epW6fFcOFfg5GQuTqrMzPYaCrZWmwMLMyZxwpmBjHGEJjAAhVcwijyDusxvlLaVt2q8hzAduAqYjJB7o9XJreSTzuhtGXgLRAxze6WSTAzGFLcQGccIdOwgArtY8iA45WmuOWY75bY5K6vmDiACF571/fG00baCN3817STvwFrq6p8KF0zj9AzjK8Yv1e+53WWocSfMQPYL1HitLxvZ8k+uvqB6ej+PU+Zcf9AFLGXP1Eb+qv7LSGSoaXDyjuqikhJaMclbK00nhUrXOb5iM5Xq6Iez4PqbfRNOGN0jGygP8A502kBS59tieybQw6pBtytnEUZYR3vBYwAMhaA3AAwudyfVEOB5QMAKLca6G3Uj6yf+7ZysWosWDu+OpxJIz3XfVVP0zazIH5qnf3TB/mvn4vlq5XVEz3PkeSS5xyStD1jeZupbs+r1OEDfLG0nt6qlZGGjYYXndVfvltR61R2oEGgJEDC6RhLK5uCsgyEPhwRyByh9/zQPoOC5RrOmmB8kAPqF6xJgUoY0YAaF5V01/fwD0IXrL4SYGtHdgWaZ9O8FDNJHawCi1d1YUTAKZqiCMiiweQVYULHFrIscjlIfB6KtFL1O4xW94x9WV5jWf3jh6r0rrOoZBTeC7knZedTsJfqwrhg4Hlu2Z2ty1wGO6tqZv8lm2NlWVjQ+pcPQq50mKjGR2C0RWDzcFmcmOIJB2VTXD+W/7q90gsG3ZUlxGI3/daocmLyMc15KddwUhyjgNDM4TIpM8pJAwCeymUMzo5msxsUGBoeTkJ+nwnBwGSi2fbgGux1zTLx8YIyE2J+HjZDpZ2yx4Dt+CCnnykLJZE9Vprm0pllAcgFKobluwTKI5wprm5ZkhZJxyehp+9JlQ9hB32XHt3ClTw+YYTRGCNxlIYzGGGtcz4Zhg7EYWwpZRIwEnOVjIvK4EdlfWqtALWFSPLNVE8cMfeKItBna1VDqcVFIXu2/0K1lTG2qp9GOVn2MNLUugePKdk8DU1f1GeMZYS07YTmqfdqMNd4kbceqronYduOVRha2MltGQmP8pzhGjwQmvHohfI6LygtLIY3A+i0NJJ40WPZZhju6tbTWlkvhvdtxugjE1VWc7WSqymDvw7LL3ehEZMrQtpK3xG7DsqWvojKC07JsGJ1dO+JkQfVddsi1sBjmLQMAIDe6OLS5PPWVut4Y0jKG3MTsgco3O6YRkrRGfJlaJlLOfTC0tqrtmNJGcbrJxZDgFaUzg3G5XS092Ozja/Rxui8m9o3NljyN1Lc1pAAWdsdxDj4BK0Me+2V1q5KSPn2ojKibjJC0BcdGCMZUkDbjK6WZ7J4lWFcYiHZA2T2qQ6L2QywoJLIxcixnY8FUfUFgE0JqKYbjchXoBHZPwSMYSbK8lxvlVJSR5TVweHnUMEKNBO6N42W36nsLPANXCO+4WHfHg/SsdsGel0WqU47olxTytmZg4Q6mnDu2yhUkhjcBlXTAyRocFgtryer0dkdRXhFDUUfcN7KvMZicMNx9lqZoA4Y0jhVVVSHkBZJJpjXQk8osLRdPExA4bq6a0O3AWG8SWllD4zhaq1XBtRC3W4asI65Z7NdNssqMiURg4Q3AEI553TE46DWSBNTjOQFFkixtjCuTGCDndQ5YCDskSWehc4FWWELo3yFLkhGM4UXwi0pb4AUWmMZPLSzCWN24/dbO11sddTteCM4BWNczOM7qTRVklDK2SN2AOQqyaKbNsjV1UAzkBV7mkEghW1PIyshbIMHUEKqpNsgbq8ZOlFb1lFPLTatx2Qo3OYdKsHDB0kKHUU55aFa7FzrJDB4jdSjzRngjhCglljeBq29Cp5DXgH1T4T2meUfTMtdrUQTUU7Mf1NCgQTOi+62EsBOBjIWYrqF8NS4Nb5SchbK7TzWv0Man8kSxttzbKBDK7ccEo9dRiobrj2eN9u6z8eWcdlf2+tZPGI3HD2jG/daoWfs5di4wOtlwcxwpqo7jZpKu9TXjAIVDV0T3PE8Y43wpVBXNkdpccEbEH1W2u30I5jLBLmhxuAo5YB2VlgEboMkId9IwtTxJDNu4pq+mE0BwMlu4VA4FpIPIWvkiI20qmutA0AzRjB7rNZX+jNbAp9IPZcLARgbJ+l3cLizOIpsAQWHjlOABGCilodsmlrmYOEqyBaeSM+MgjC41HIB2KHp2JyszgEdyEPBzsu4IPsnAAhD0G+uQ9FcJaN4ex7vtlbG319Nc4Rq068bg8rDlmO6fBVSwPDonFpHoVqptaeJMyXUqbzE1Nxs+HF7W7cjCq4JpIpNGcjjBV/ar5T3GnbBOQJQMZO2UKvsxe8ywAAkZI7FbftksxMnyOD228AIZBJwpdLO6mk1YyCMEKnzUUbsObjH7qdTVTJhp3Dvfuhc8di7IZ5XRbzU8NXEJYiA/2URkjoz4Uw9t06KcREY47qS/5arjLQ7zDfPcI0xD7IuiaGTxqR5Y7kEHC1Vk6uhq2i3X14bJjS1+MZWVDpIHeHJuPVFdTRVcezWk+43TITcQJVRn2b6ot9VSAVFA5skJGRjuns+WuMOh7AJBsWkbrJWfqm62B7Kapc2WjzjDhnStlHHRX5ja+xztbOBktzwVphNS7MFtU4S4XBnLtYqiN2Y3NLPfkKi8GWklDopCx7TnU04IK3cVdiQ0tzhDXjbXjYodxsNJUMMkbBnnIVuLTyiV3buGSekPiE+YMtfUDgC0aWzn9lvWxa9+y8PrbW+F5ZpJ9Fd9JdZV3TxFHWx+LSDYBnLftlPrtfTM2o0ilmys9W0EcjCRbnYolvqKW6UrKukna9jxkYO49ii+Ec4wmp7jkPMXhkbwR6LugqT4WOQueGPRWWRfB91zwh2P7KX4Y9E0xn0V4YWUQJIw48IEtHG9uCFYPYcgkLjmA4wFGmWngop6F7CSxuQoTwQS1w3B4WoMY7NUartTKlmpgax47+qBwyHGxmfa3Krqu1QySmQDTq5AV1NRT0rsSN27FLw2loOAcpLgaoWezJ1FHUUpJaNTfRR8w1I8KdgOeQ4ZWskgY7ylg/zVdVWeKbJYMFLlXk0RvUDIV/S8jf94tGWu5Lc4Cq2TZd4VQNErDhwO262ggqqF+cFzfRRbjYqK7j5iPEcxHI23SJ1tI01ahy7MvJTNe0HCrqijxwNlYyGsttSaS4ghucMfjYhEDGnnG/BWWUM9m2E2uUZmopnsOdKj5c3ByRgrTyUrHg+VVFXQSNJcxqzyg08o0xuT4Z2ku+kCOpycbagrhro5Yg6NwIKzIiJJa7nuuxVVZbz5DrYqjJ+wpV7ui5qaCKUHLRnGyqJqOaMnLdlZ0l4p6kBsnld7qU4CUYPCjW4ibjwZ8tc3lSaO4VVE8Pgmc3HbKl1NvDwCAoFRRSNIATISdb4JLFnZvbB1244irDjHdbOlr6S6RaWPa7IXhcbzFsFb2nqKqt0gdHI4DPYrVXfF8SFqtx6PVa20ta0vY3ZU8tuimyHAD8kWy9eUtW1sVYBk7ErSGht9xj8WllbqO+xTHTGxZRsovnX2Yee2VFMS6Akj0CrXvBcWzswfUBbyWgnpXYezU31Cqqy0U1Tkhoa4+ix3aQ6um8i4v7jKOp2g6mH3wCrizdR11pkGiV5APBKi11kqoSXROOBwq0SuYSyZu49lzLdO48HotD5XHEXg916O+JsVT/ACKxxOAt7T1lquzA+GRoefTYr5VgnfG8SU8xafY4K11g6vuNEWCWYkDg91jlQ/R7nxXm84hYe/y01RE0587Rx6qF4nm+nus/0/8AEeGoY2KqcCODlauKe2XRgfE9rXHuCl7Gesr1Vdn4sjOia4ZAQ3R4GOFKko54N2+ZvshF2NntwUqSNTW9EGpo4aphiqImvaezhlY+79G+A81FsAIO5YSt25md8JgaEKs2mK/RRuXJ5Zpkgd4VRE6Nw5zwVJjYJAMLdXKyUdyZh8bQ71wsnU2Ost8pdEHOj9OU6u04t2gnW+ERhCccJnhvByGZ/NGExOxACK1gcMgZTspmf4mngjxVc0Ozoth78o8tLRV7BJpDXn8TdnApSRgDduUOMgHDcDKBjY8BIKq62s+WT5iH+knJCuoaihukIdI1uo89iCqgOyN0wwhzg+J5jcO7UqUMj6rHnE3wXzZrjaXB1LK6SP8Aoccq+t95hrYhqwH8Ed1jKe+Txu+WuIJI2DwNiFYimjq2iWnl0nGdTe6U4YN0dRs/B8GqkDXkad0OSnDWgkAqipbpV26URVg8SM7B3otBHPFURh8bgQfRJcTZCzeuTM3Xpps0jqikOh530+6i0F6mt7/la5pBacZWsc0dlCr7TS3BmmZgz/UBul45DlFrk6RS3GnxJGyWN43a4ZGFgOp/hfQzF1TY2thecnwgcDPstA6K4WNwbq8SnJw0jt91Mp7m2TGog57qSh+jPZXGz8kebdPdbdb/AA1rQyGpmaGnJhe46cey+ivh3/aS6T6qay3XuI2+t2ADjlrz9/07Lzm6UdsvEHy9fHrYe3ofVecdR/Detoiazp2q1DkNJw4JMq8GO2iUOYo+6fBpq6n1x6JoZRnB8zSF418UP7MnR3W+bha4xabkCXeJEMMk9nAf59l4V0B8feuvhvVC33QTzUeQHwyEkEey+pOhvi70t8R6cCzzaK4Ny6leRr/RZ517jO4KfEkfF/Wnwn63+H0xZcre+opcnRUwguY4fdY17aao8k0el/uMEL9JKuOlqonQ1cDZGO+oeq8P+I39mHpXqeSa69OD+G1z9/5ewd9//mJO1ma7SRxmJ8m07qmgfmNxliP4SePsrOnuFPNsDpd3aeVYda/DfrL4fVGi6UZlpi7S2YDYrPRRw1jdQw13cjkFBtMTokmXGA5Q623YBnh/MBQ3zVducC4+JGds+itqOsjqIwQ4HKVgHa/ZWU9VLGch/wCqtKW4PdgE/uo1XbmPfrj8ueR2VaJZaaQskB2/dZ7Kt46Fvxmrhq9WHZGVZ0dfhwa92ce6xtPcNJG/Ks4KwbHCxWU4OhRqUzZsn8QAt3Ro5Sxw2Wdobi5hDdXKtmVLXjPKRtwdCF+S6hqg7GSEaaOKpi8N4HsfRUbHlh+pTqar3GVT4H5UysrqCSmfqAOOxQqWpfDMCX4WkeYqqIxvZnPdU9dZyTmMhWpZEzrT6L2lu9JUxiGYjcYJKFWWiGQF8GDlZQGemkxv5Srq2Xt5xE48dijy0Ka29lXcrS2VxEkY1DuQqOahrKGTxITsP6V6O+GnrWawBnCprhasg4GAPRNhc+jJbQpS3oq7J1E4vFPVADtur97aKrjOdO/6LKTW7wZNYHupFJWGAgEZC0xs9gpY4ZDv3SNPJqfDFgnJy3hYG5WmpoXnxGeXsQOF7PS1UczcO7qNX9PUlwjJ0N1H25W7T6ydbxI4ut8LDUPdA8OdF6DlRpIi3cD91t790nUU073wM8vphZmekMf1DddvT62Nh43XeL2NwkioIOTthN1aSABlTJWD0UYxEdlvhbF9nEu0k6llHWPOdQ2U2nuU8ZAdJ5VB47rjgT3TIwUzOpyj0zVUd8iwA52/3VvDWCUAjGCvPgS05B3UynulTCRh+R6Jc9MmbdP5Cdbwz0CCoMbsg4+5VrTXR7ABnYe6wNDfRkNqCfurqkusU3lj7e651+j3cHoND5dRklk2sN0gl2c/dT4awkAsKxcNQNnKxpLlIwjB2XIv0C/pPV6PyrX5GsguUwdgu2VhBWMkAHdZWOvZJhT4apoA7LmT0riz0Gn8kn2zQtMb/wD5qG9gI2KroqwNIOVLhrIT/eOwsllW06Neprs9nHxEEFIPKkGSGRvlOUPwsnYJDW01xftDmvKIx+Dyo7mHlMDznvt7oGg/kfsnkghJrByAoTag5+lHEgwlODfQ1Tx2S8NxnZCc1p2TMj+pNaSCh6GKWTpi5KC5pG5UoNBGdX7JFoPZAEngHT19RTO8rzj3KnUt/JkA8TPqCoBhDxwo/gFp2AVbUGpvs10F3Y4DO+VLbWNIzjKxHizwbtJIUuG9BoGpxyOxKrYhiuNfooKoAzRsJHqFAqumKSZ3i0svhZ3USiulPLjL8H3Kt4pg5o90LTDjYmVxtV7t0bpLbcTrJyQHc/kpUXVFe2L5W92l1ZgYJDMg/qpgcRk5TGyZ5290EoNjdzQFlB09ez4tDXttsw/4RfowfsmPtHW9sc6e3zNrYwMjPmDguTUFvlk1hrdZ74wV2J18teJrXc5g0cMLsgIUgla2Qp+s7zQ6De+mJI2cF7Isj9Ez/aD4bXSTxK2le17hgkMx+y0FP1d1A1pbXUsNS0j6Xs4RJZ+gLxTf+++mH01QdnFjiRn12wqnFsPKfZm5OiOi7qD/AAq4Mj1eZmX7/oozvhVe4AJLPcmzEbhudx+fdXTuiPhlc2+HTXieheN8ybg+3KCPhz1rRt09I9Z/M0rQHN0lw0gk4G2fQoNrBca36wZ6a3fEmyue59PNKGb+XP7p0HxEvdCWtuFNKztytM5/xktjBHNb6e4Fg2eG7491Xv8AiLcYyG9U9D1GBtJowf8ARHBteiKEVzuHUnxaomgNqDIw+5VxSfEi1VAGK9gz21LOy9WfCi562VFlkpX8EOaPL+ahPtvwwrQDTXeOnJ9XaSExcltuP9SZ6DB1HaK/zPkjl9M4Ka+lsdU8vLCwn+k7LAxdHdOTHNu6uaD2AqCP2Uk9G3mIA0XVgI7A5d++UwFXLJrprNTPdmnqpWH0BKiS2i+w+amrHOH+JURg67oR/LqaepwOcHJTP9rOs6HDa20PcB3YCpk0Rvjj7i9+d6ioNpoI5R323KizX0u2q7C4juSwEFQGfEGoBArrPVD308KdF1xYajAml8A+j9lNwMpVzZHdV9JSnFw6eiZn/wChALsVn+FNTvJE2ncf6fIrBldYrp5aeppnnHBwmSdPWqfcwRb77YU+QpVxfRG/2U+HEpBpLs5h9PGUmPoixvA/h/UNSB7THCg1PSNq5bDpPq1Qx0xDGT4NZVM+zyiQEobekaZnS9waQKXqirx7yEhSm2DqaIBzOoRIRxknKyH8Ir2b097q2Ef4yuCHrKAZo78HY4EhRlJNejZfK9YRbGuY8D1T2/7T/i+X29liP4v8R6Z2DVU8o+yKeq/iHGAZLfTStHo3dTJHP+zNt4vUOPOISPZD8e6n64WfkFkWdedZRf33TwcByQwI8fxJuGQJ+m6oeuGBXlkUv7GmJqXfXA39AmO8M7SU4J7jSqZnxIpnY8WyVzT38imxfEGwz4zR1TT31Rqb5LphJ5J0dNRPxmlaD9kUW2idj+SEKHqqxytDxDMAR/QpUN8tE30+IM+rUDvtXsLCBGx0bhlrBn7JzLKR9DQpQuNvO7JcfcJ4rGOaCx2odsFV89v7Jgh/wmccYx9kv4VUDjT+in+JVHiHI+674tYNxDv/AMyr+RZ+wfiX6Ks2Socc6T+SX8Fqm7hmSO2FbeNch+FuEvmLj/w8ZRR1Ni9kVaXSKoW6uaNJowR9l0Wiol+qhZ+bcq0+Yu/cgD7IjJrljJna0n2RPV2L2XsSKg9N1Dv/ALGU5/8Atab/ALKSnmzx/srkTVgP8yvkH2KXjY5r5j/4kP8APtC+NIpv9kxkZtTPtgKQzpKnI2s0DT7ABWDqjj/fHn/xLjahgO8/6uQS11svZaoRGg6RhBBFsi/PCtILLNSEfLWygB9xuhfxCnjxmui/8667qO2xtDfm2O/8SW9Xa/ZaoSLBlFdZmBhfSUw9YgAVJj6fhlH+/wB3Dh6alnZeq7ex+84P/iQZeubVE3eRoP3SndZLthRqx0amntnT1BKTHA6Yju8ZCmitttP5oqVjT6gALzmp68pj/duyO3CgSdaTSj+WCD90uUmw9mT1F95pfthV1X1JTRD6sfmvMn9Q3ad38s7ILjXVLtchcc7ndUl+y1FI3lT1nTMdhs5VTWdZ1Dh/IkKzwoXOA1jdHZbycZ2RYZfCJEvUF0qAf5uMqFLLV1OTK9x/NTYqAZzhTI6VjQNt0eAJPJSMo3vcMt5UtlqkdjQ3f0VsyBg20gI8RxtjCvBSK6KzEN8zgM/sp1NbYYznOSFLa0Hf/NV1z6x6bsAd/FLnTRaRvg7pkanLpEsuhV+TLaGljjA8pR8RxjV2C8jv39ofpyja5topJqx4OMatAPvnBXnV7+O/Vl1c5tIxlJGeGtOcfngLZVobZ+jm3+a0lH5SPpWs6gt1uhdPV1UcUbeXPdhYDqL4+9H2zMVB4lwmB+mM6Wf+bf8AyXzjXXi53eV09fVSSuccnLtkBq6VHi/dh5/UfU8m/wDQjx/c9G6h+OfWV5c+K2iO3wu4I8x/0WDq7ldbi8vuVxlqHuJJLjt+mUBwJAA7JAHK6dekhV+Jwr/IajUSzKTFoBG4yutYAeE8N25TgzPdaoxS4Mim28s4GjuE44IxhIjC4ijX7D7EugZOEsFFihcSCU+MVEnfQ9sY5wiY2wjNjw3JCYiCf9wTm+65p90UkeqBIdewOEYLwhrvKfVDyQd907Sc8oUhDNuUAiUh0sga3A3yq57y4kosshccJsYJKsVKW4TIt991KY3ZcjYMIrWpsYgHMBI7JLhIxymdBN4GPf7IbjnsuvdkobnH0QipSy8HAclP/ChhriQcIzGkYCstQ9jGtdqOymRR7AkJrGtxuFKYBtshSY2AmN4yEZrdtghjlFbsOEyKyMyiiDSThSIYhgZXGsJOyl07Oy9wq8s+ASmchixypWkAYC6I8AHC6QAMkp8Y4ENuTwcJwCor3ElPmlxjCa12rsiYUYnR7lDaiJjOVEMZ1oJIPZEAGEgO66tCSwUcwF1JJAUJEjZuCQuMZkjIRmt0jYq0gZPAQcJEgJKLUS+BGZCcgKN4WSktzA19Z8uzUBv6KrpacvlNRI3GrcBNlfUVs+pwwz09lOiZkc4wlL7mOcfjQ9owAAntBGNtkg0gjA2RAE9LCFSnuEGgDGF1OXVYAkkkkYYkkklCDEjskkhlLaED1ey6/wAkbnnsnBozyo9bM0t8Jp37pNk1gKK5IkrnSP1POc8JwAxhDA3TnvEbC4jKxyY7GeCHWT5cYARlRJMQ05BO6ThrqxKOFErJ9chYOAkSlng2Vx4RFkdrJckmnjCchNcVhCSSSULCpJJKEEujlLBSAOVAB4Awu4CQ4XVCmJu3Puhk+YD1T3kdkyPJOcKplPoKwcZT3/SE5o8uEOU90L6ASAuJzyhp7jgprRkpHLY0ewZ3Rm/h/NcjGCnn6h+a0RWEQeOEGoO2xR3EBqhyu9CqnLAsG76kccBR2jPdHBGnISGQ5IM43VjQ04ihDnbOduoEMZqJ2twcDcq3EXiuETBzssts8vB6HxGlf+412XnSVsbcq/zs1BpG69Ty2nYGgcDCpOkrRHbrfG7R5i3lT7nVtgjJG5WSXR9D8fT/ABav7sq62czTu3yAcJU+W8hRosyO1+pU1jNhgLPLs2/4Ch2RlRmaq6ujpQDpG5KdO8tGysbJR+FE6qePPJx7BUPhHJYSaYYhE3bbCJQxkZkI52CAGmaXG5CsIwPEjhaNilWcnR08SxoItR8Qjbspr8Y3OE2JgjjAA7KDc6kxRGQHCU0blLYjPX+uNTVeCx3kj2x6lQqaF8srI2gkuICa5rpJS87lxJWk6bofK6pcweg2/dZpioRc7cl7BGIoWRgYwBlKZ4ZEXd/RPI0tP2UN7i48rLZLJ1q/t4HRM1uBUmQbtY1coYvEkDjwN09xAkmlG4bsFlZoh0V13qXNYIGndxAP2WgtVI2lo2gDBIBWct8L7jdhrbqjjOs+617sBmwwOwWW000d5ZGqHnUBhSadmcZURztUoaByrCJmlqxzWXg3N4QC5TtpaV7nHnuvOrjVOqKlwYcglaPq24vYPCJw3CydC0ySuncMtbwm01bTia6+Nj+NHa2WOnh0tODjC509Q/PVfiOPli8x91XXCR1TOWg9+Fs7ZSR2y2xxhoD3tyU2+SrhgyaSCtsU5ejtTIGAsaeUaz0jp5TJjytVY/L5Mk5yVrrdTNpKIFwxqGSuPfbhYPR6WrL3Eilp9cjIY27k4WuhjEEQB7DdVHT1GXudVubtw1T7tWR0tK8POCeFzpP9nTINJqv3UcMZH+7UzvP6HHKhdS3H5q7ytjwYoP5cYHACtYjFZOmHVB/7XW5awdxnussNT3Bx+rus7+9lyltJEIz5iFdWhgwJ3Dgqrp2Fxw0bq/n8Oit3IDsZWmEcICT4M71NWiesEMZzjlS6Gn0xsjbjJxlVFNC6ruDpJNw06lqLRCJKoDAwEE5bUDXyy+poxHCwNGABwpQHht1Ec9l0tBwfRNfIG7crJJ5ZtglgHJISdhwF5X1zd3XS6fLh38uHY47kLd9W3gWa0vqWnEh2avJo3vq53Tv3c86inQRz9Tbl7ESKZmjchbjpG1aQK2YAtP0t7rK0FKaiVsYHJC9PslGGNjhxtgAYR2y2rBdWcGltlNpDTpwSFbNaM7FApmNhh1O2wEG1XCG4vmEZ3ieW8rlX/caIyLeIAAbKUOFHYwtwMKQOFjYU8D0RuxQ09KeBYccJ6jtDgd+EUcJZB6SSSogkkklCCSTUlCDkkklCDUkklCCSTRyiDhQgkkklCDUxPTFCAk3JTk1qMs4qq/VjaC2yzu7D9Va5WJ+IVx0UzaQcly1UrkZFNHnN4q/mJXygbuJK9A+GVqlpLXLcKhv82oOWn/CvNKl+uT0XuVkon26009NLu5rBnC13ScYgkxg7FGPCZHnuF1YW8h5BvJJwmpJKxoZJJJQglwjIwhJYzsoQjXOoNNSSSZzsT+iw/TcTqyrqLnK05e8huewVl1xdJGUfyEOfEncGjHp3T7FTCjoWRhuDgZWiuOSidI/Swgnsqx7suO6k1b9yMqvOcnzFboxJkO1OeM4wlCB3OEsYyttENzF2z2oxHxJvElHRMoozh0pI+682oYXVFQC7fSclWvWl1ddLzI8Sao4iWMHb7qLZoyMyOGx4X0LxOlVdeWfNvM6t33bfSJlznZHTeENieyhW+J8mDjOTgLt1mbJKGN54Vn07T+MASPpIXXufx1s52jg7r0jS0ELqaFrTzyp0Ttzsh4xt6IsLMjK4Vjzyz3tcMRSCOfhqqLjPlunI/VTqt+kY9lRVchJUj2LulghyuLncqTSR7h3sopBLwFZUceMHHZaoLgxSZKY0NbwoNwly3TjlWJcGs4WbulWYmvmJzpyuloqPkmjieS1sdPVJy9GF+I18bSQC307yJpRjbsCsBSRk+Z3PqpXUFe+63eWdzs+YgewT6SMN0he50NKhXg/M31J5P/iGqdq6LGy0LqipYzT5WnJWwqAyGMRtG4CD0pbnNjdVubgcDK7VuJldqPBXWrjg8ddPcyHI4yHA2wrKijAiDiN1AgiMsoaOM7lW7WhowBsqs6NOmh92RZA5IC8z+J/U50/wWkfyPOQth1Zem2e3mRgLpZAWsaPX1XjNWKmqmfUVLi57yTv2XE11+E4o9x4fRRlF2SKbTpG/KA7AJUmqbpcANkCMg891wZN5yzpXRS4QInOQdkDSpE0e+yFj3VMz7GcTInAzsa4bZRNPuhgD5rI4KTJD649L+5rel/NXsaOzgvYnAaGN9GheP9JNJuLMeoXsBzpaT/SFnl2fTfBLFLAub/Kc0eoVlQNxocdzhQizbcKxpWEBv5rNYz0VZiuuj4jhnsVi6nGMBbXrIZkwOcrGVUZIwVcezzPlE22Z/wAIPuA1DbKvK9obGxjRgYCrXMxWR45yre4jyx+4C1wOFCO2DZxoOgbdlQ3YYjd91ogBoG3ZUF3b5HYHcrTWuTD5Lij/AKFKOE9cC5gp7jg8ZLL7JFPsU+oGwICDEDqypLgS0bbpsVxgXPsfbpQJXAjGytC3LQR3VC1xbJ5dsK0opy7ySP7HCx2x5wdjQavb9kywpZPCI3Cuo2CaMFp5GVnpWFp2Kt7PU6miNxWScT1+iu5SH1dPpwQO3qoRGTj0V/NTCVnuqSaLS8geqySWGdSyGegYGESjqXxTB2OEPOF2PyuyqKre1m0oJ2zxAk7+ir7vSGnnE+MtcotmqyyZrXHZaCsY2spnNxvjIRmuT+Wsz1XCJ6QuaMnGVmy3SSPTZaalk8zqd44VLdKQ01QSBhrtwjZgtjxkZTEkIjhtuEOl7Ka1g0jIQzfolb3RyQNJ1EHuiwyGEh5Gcdl2ZmSCAmsOo7hLzgkW4yyai11MVVDsd8YIPZcrIh2GFUW+p+UmDvwnYhXpLKhgex2cpiZri1YuTKXOhBcZA3lUL4yxztsBbeuozuC3ZZutpHBxIbwjOTrNN/UirAylp3+669ul2EgSjUscHIawx4aMemUeKR2QCg54aiFnBC1VTwxNlSmizoKk00olytraa2Kti8Rh3HIXndPONQY44+6uqCskoJWvjOATuF2NNbjs8p5jxkbYuUUb8Au3XQDwUK31kVVCJWHJI3ClhuTsurFqSPDtbHhjNAIQDFvyp2jA3KaYxjhF0RT9EMMAXNCOWHK5gpeC8gXxtewskaHNPIKxfVXTjYf98pW+QncAcFbkhMlp/GGk7jCVZXuH0XyoluieN7seO2FZUdUdgcKf1VZXUUpmZHpaSQcBUFOS1+5K59tZ67xuszJOD7NAHB7eOVGqacOHCJSyDSAfRTPDa5uy51teD2Ff3rJmauj32HZBp3y0suthwO4V9U02s5DRwq2akLdtIWZ/axvx7Wmi/pJxUU7ZAeQEVZ+grH0x8InABWhpsTx6gU2MzTCeVyDXHx+XcI5hAzsuJjY9RyV8sZDlHkjACtHxtKivjOcYSJLJHBIrzHvgocrTsQeFMljxgtQjF6lJmnngCSwTrJd/BcKaY4HYlarwxURgtOc915/JH3aN/Vafpm9sGKSpOHAYBPBRQlg36WzH2slVdIWkkD91DLcgtIWjqYWv3Dc5CqKmlOdhymSw+jdKG5FVPTlpBaEoZ3Bwa4KW5uDocN1Eq4DGBIBsTuqbwZLKvaJWWyN2Crq6iM+Bp35UikmwNLu6k4a9vC0VySMVtUbIuMkYueN0UrmObjBwmNc5jg5pII9FpbhQMqIyCzBHBHKzboyx5jdsQcFaYT5PK6rTSplhmitlxiqmCKXGsDCBV0slJP8AMsHkdzhVEeuJwkYcEFaSirIa+Hw3fWBggrZGeOTDKPIekq21EQ0nzNHClNcMYKpxG6jqCWHDeVZRnxWB7TnK212kUQkjGu7ZUWajE7HM04ypTSQcEJ5ALeFpxuWQHHcY6uo3Uj9Dht2Ki491rqyhjq2Fj9j2KzE9M6mm0O/JZpQyZbK/0BDE+SNukEbp4AIxhcDSDgnGUqUMARlggyMIOw2XCcYVg+NhGwUSSE5zhZZwD7BY3yuavZc4XEpRGCTUVMUAONldEQW8+y1nTvUkc2mjrSAQMNef8lkyA44ymhruWnCJXSr6E30QvjiR6HcLcyZhcxoOdwR3VBPSS0rg8AkArlg6pfRMFNXtMsfAd3AWlqIKetgFTTEPjeM7dltqcboqSZzZRnTLZLoooKrxNnDDlKhm0HIG6j1VCYTqYCPsgxykbIm9vBTSfJdRubOCHYTBFLTu1xuyPQKJHLjupUdQT5XcIhTRIEkdSwxTNAJC5TPuNol+YtdS6M5zgHYpj4js5qcJWNGl7sFHCTT4Bkk1hm2tPVNp6hxSXaD5Oqazd5I0yH1HofZTn09bbGh8RFXTO3aWncD3Xm8oDiHMOT2PotHYOsqm3sFLc2meHgOHIWpW8GC3TbP9tcGikpaeuZ4keDqH0nkKluFicclg0lXMkVLXRGvsdWPEHmLM7t+4TY7lKzENzp8H+sDYok93RmcpxeGZ213689NVBNJJjB3Y7dp/Jeu9LdVUHUdM2RjgyoaP5kZ9fb2WErLZTVTciMOBGQQqGShq7dUfMUM0kT2HIc043TIz2sXdTHUJNrk91MWD3H3TXMKw/SPxEfUSstvUOGv4bUE4B9ivQWQh58oT1JdnMuhKntEXBHsueEp3gdsLhhGOE+LTM+/9lf4Q7BD8PfKnmMoJi3yFMDN3GQHgjGQhGM5zlTnRghBMYypjJN5FfA2QEPaHZ9VV1NmewmSBxHt2V7oC7oCGUEw43tGR76XjDhtgrugZ+laGstUFW3OAx4/ENiqSeiq6B2mYeJGTgPA3/NKlDA1XZIstPFJsWjdQprPgeJTuw70Vq1oeuubslSgpDY2tGXqoIKhhp7nSB7Ttkt/1WUuVjntRM1NKKinJJDfxNC9KmgZICHsBz6quqLWx4PhgYPYjISpURkbK9Y4nn0BZMCWncjceiHJDjfGyvLz00WRuqKZpje3fy91TwVLQfCqBpeNiVktqS4OjVapxUkVFVbSXl8TcZ5UJ7GtOiXutY+kL26mEEY7KrqraHklzcH1WaVX6NVd79lDPQN0eLTnDhvj1RaO6mPEUzSSNkeSN9O/S5uw9E2Wnp6obgByU4tGpNSRNZUtlbqByF0x09TkB2/oqUMqLZJrDi+I8hWVLNS1YyMB36KKf9gJJp5icnto5jCgugdEcHsrFzp6V+MlzQuGsoqjySgB/rwiSzyXGTXZXiV0JBYcK+svVNfQyNAnIb7nZVj6Bjt2PBB4yo8lLLCeNk+E5R6DbyetWrreCqaIq3AztlWhp6arHjUkrd99ivEo6+amIwSQOyv7R1ZPTFuJCMdiVpUlJfcUp7GejTU725bIzZVFfaKOpHmjAJ7gKRbOrqaraGVBGfdWjm0lS0SQkHPokTqU+jZTfjmLMBV2Gto3mancZGj05Qm1z24iqAWOHqvQDTRn8GFX1tgt1aD48G/YjZZJ6ZLo7Gm11lT5ZSW25ywHVG/I+611l6ykgcGvkcPzWHrOn62gcZKJ7nxjfTndRIbxHE/wq8OhI74WR6c9NoPOOP5M+ibD1nLUR+VzZg3kZ3Wmhu9sr2hkjfCkPOpfN1DWVUBbVW6tJ7+R62dm6/wA6YLtEMjbWFkt0/tHsdD51TWGz2V9ueG+JC4Pb7KI6A4xhU1rvcwibLS1HixEZwTlWtPdaapIDv5bvfhYJ1s9PptdVcux3hlmcjKiVEPjDTjCsjokALTwhlg7oVx0bE1JcGWuPTzJMOiZv7BUssNVQymNwwOy3z2jYhV9bQxVAy9gKKNmDn6jRJy3RMkxwfgPHKbLRtjGqM4J3U+ts0rHkwOOOVXh9RTnTUcDjZNTTObOiUJbWgJbUNJGNQQxUOYcOCneNFIBoO55QZKFkzc5wUSa6M0sxfA1k8LtpACD6o0euE+JRTkf4c7KvlpKmI7NyEoqh8Lgc4xyFJpdhKzGM8F3FehJiKtj0kd+ykxulaRLRT49gdj+SqGVFPVAB4AJUiGldGQYKjGfUpDRsrnN8xNLSXlrsRVbDG/jV2KswWOGQ8brJyGcNGtuojggKVR3hjXBkocDxuluCNtV7j+ZeyxMe0te0OaexWcrrRPTvdUUMZc0HJZxhX8VTE4Ze7nhEcWuaC3gpb+1mnCnyjMUdZS1DjA+Rscw5aVJlhewZG49QuXXp9lU7x6V3hyg5BVdS3Oa1y/LXgFrHbMk7ZVyimgJccEe6WCyXphiulCHZGA8Ddef3f4f3vpaZt16br5WNadUYY86mY9Mbheuvip61muCRpyNiCoVTSTtGl2XNHHos8oroyWVqXKIHw8/tN3zp5kdl+IFI2qposNbUsZiUD39V9DdPdX9P9W0Pz3Tl0jq4XDOeHNJ/qHZfMd86Ut13jImp2tf/AFALEtoOsOhq/wDiHSlVNG5pzhkhA/RJlDBllFrg+2K+3UVwh+Wr4RKw8grxL4h/2bbDd/EuPTTxR1hy7SBpB/P/ANFD6C/tPRzPFs+IlI2lqAQ35yFux/5xt7cL2ygvlqvlKyutFdDVQuGQ+N2f19EqUOANsWfDnUHTXUnR9WaC/W5xhedLJuxKpPlpY3GShefUsX3peunrP1BTPpbpQxTMeMHU0FfP/W/9mq4UDprl0PId8uMQ4+2FmdTfKMltGejw+G8uB8GrYW9sqRNDHUx5BBB3Dh2T7lbauieKW9UbGS8a2jGSq7EtGdcD3af6Tug2syyqa7B1EFTSEHTqHqFIo7jGSGO8rvQqRHX09S0RzMDD78IVRbIpBqiIz90qcE+xW6UH9pZw1LxgtOyuKKscQAcbrENnq6N2l2S0eqtqO4Ne0En8ljtp/Rqp1TXZtGShzQQ4IkVUWHCz9JXN2BcT+asGS68HlY51tHUpv3GipKzbfCmNlbLtys3FNgAZKnQVekjKXho1xmmSbjQa/wCZE3tuqSSN8D88Ee60UdSC3B7qPUUcc4zjdNiyrIKa4K6mu80DwHkgD3V3S3OGsZocWhyz1ZQSxO2bsFGhqHRO8vKLCM34vk0dVQslJc0dlR1NG9jtmqfQ3ZoAbO7IKlvfTVIDmEFFGTQMoqRSw1D4HAK6oLhHIA17sFQai3t1F7O44UAk08m+6fGzIG1o000EFS3D2tcD6rNXnpNs+qRsTHtP9IwVOp7njS05Vi2pD2gE8rRXbOD+1me/T13xxJHkl46dfSEkQuA7bLPS02k7jH3XuVZQQVO8jQVmLt0aycOkg059CMLp6fXNP7zzmu8Kmm6zyuWM5wAhFpC0l26eqqNx/lnA5yFSSxaBjG/ddnT62M/xPHazxjrbeCCW4XQSNsJz2nPCaW47LoK3K5OLKmS7CZyjR1s1K4GNyBkE4yuuLdslXtjIBbk+C+t9/e3+/wD81fUt6pZQ3DwCexKwL9O2SnBzmnIJ/VIs0sJo6en8lbUsSPUYK2MYcDyrCGvBAw7K80or/U0wDXnxG+hV9SdSUUrRkua48grnXaGLZ3tH5hPtm4juW4yePRSorjG8jSc+yydPWiUAtOx91MiqQ0DI4WKzQxfo9DpvLLPZrqasG2CFZQVPqFi46x7cYOCpMVyqAd3ZHouffoF6O/pfLr9mv1seOUxzQeCqalubXY8R+CVOZWsPJ2XJt0s4vo7VHkK7EF0aTwngu4yl4sLhu9dDWyDylZpV4NkLYy6Hh/fK6JO2EPQfT90iw4SZwzgYrcEgOBH1AJ2R6hQjqHdODvVA4jXZglal3XvnT+6j60tfshwGrMEh2gjGNvugupYDk6RlM1lLWVMFqWQUkDhkx7Y90yO6XKmGgTP0j3UxhAG6aY2k5IH6KtoSbXRMouqJg0R1DuO6uKTqC31DvC8QBw5WUlpIjuBg+yjPpalu9O7GFexMnyyj2ei4ppgHAtPpgpksc7t4pdOOy88jrbtSu2lIxurSj6vmja2KqGcdwh+LHIUL4p/cak1Fyh/4bJAPUbppubdxV0pj9S7hQIOp7eWB00paT7qyZWUFYxrxMxzTxndBsNMboy6YAPtE7sMkjLu4ypDYwY2tp5C3TkjST3/+YnC122o3MLM+rNlHk6eLXaqWuniGcgZyh2Bt+yZBW3qnGKe4ytHcairJvVN8EYZK2nk0jAcWb/ms54N7pX6WFsrRwRyUMXeaB2iso5IznBPIVbUXGf7RfTXK21+P4r0/S1GxyTv+mVDdZvh5WZ+ZsTY8/wBDcY/RVb75ScOyAUWGqgkAcyRu/uolgtyg/QSb4e/DOuP8ltTAT2bK8f5qI74R0Dd7J1jV0uPoHiF2P3U9mDwcp/guAyARlEVtrl6KeT4c/EKnGqh6/NTjtKCP9SoU1t+MNCdB+QrGjYE6QT/ktMJKxpzFM9v5lFbV3cDd5P5qC5adTf2yaPP5+peubfI+K8dF1UxbyYY9sf6qvm69sb2GG7dL1tOe5fGBgr1uK51QYBJAHEd0yonoakaa+gMn/gBUyWtJal9sv+55LSdW9FPcGx+LTn1d5cK2ivlgcAaTqJ7T6GfK2FX0z0ndDpltMDSe7owFUVfwj6JqskxaCT2cBhTMV+TAlXra/wAcMrI+pNBHy16EgHOX5UlvVLzjMrXH1yo1V8ELE85oblUwn0Ehwqyb4N3OA/7repvbLiiW2X4sX8uuh3E0rOqyAMRfdFh6oDjhwH7LHSfCvquH6Ls9w9NZUc/DzrOLf5nVj/GUXD4L/l6ldwZ6FH1LTj6mZ+xRP9pqbswn8154Oi+tGbOyfTzLh6S62b/wiR/zKnHHJf8ALt9wZ6L/ALVUvdhH5pHqu2d85/Jedf7Idbf9yf1SHR3WhO8J/VEWtRZL+hnon+01r/pH7JHqGzuOXRtPuWhYIdE9YkZERP5orOierjzE79VBkbLF/Sbn/aCyZ1B2D6YT/wDaq0M4eFimdBdWOGfDP6pN+HXVJfkxuQuORkZ2P+k2Z6xtI4cmjrq2xg6HFZhnw16mdjVEUdvwu6hOC1hahcMhbrl0i+PxDgBw2VwH3TP/AGkQ7+d5x7quh+E96f8A3wapDfhLUg7zM/RLdYUZXsk/+0yDBw6T9UI/Et2+iR+UWD4Rtdg1NUG49DhTovhfb4RvcoPzcpt2jIxufZUf+0u4E4GohCl+IF1fuxxH5rRx9CWmI+asidj0UhvS3TMX1yEEdwFWUGuOzInrO/T8Sn9F03/qOXHmIC2Mdq6ZiIDZDt7BS447BFu0ByVwUYRty6llIxKQfsjth6sqcAyED7LcNnsbD5YRsu/xinB0wQAY7lQvcjHR2XqWQDU4nPsjRdJ3p5Gondal98qXbBjB9hhCdcqk7h6vDI5JFPH0ZVnHjvP/AJipEfR9LER48m/3U11wqXf8V36oXjyuPmkccoowbJ8oh07aovqAeiC32+Ijw4gmeICNzjCYaiHu/f7q/jI7v0Sm08DMaGgIrI2s3A5UETOfuCUTFXJhoJx7hDs5B+b9kl7I+dtuUg+I7MOcKsr71aLPk3G6QsaO+rcrMXb4s9P0TXfw9r6mQcAbAp8dNOXSE262imOZM3zU98sTf72TQvEbl8ZeoKlhjt8ENMD3I1n/AEWMunUV9vEjpLjcpJi45xnAH5LVX4+yXZyrvOVQX2cn0DefiH0lYtTau6NdK3lkYzj7rDXb4+lsLh0/bdJJwJZX5/QYXkjid8uKjPkDcgb5XS0/jY5+44ur87dLiHBpr18Tusr0HRz3QxRv3LY24z+ay09RPUkvmnc9x5JOUwy57IQyO66teiqgujhanX33flLI3Tl3AwiNaB2SG5yBuitCfGtR6Me7f2cDBjYLoByngDC7gJ2z2N9CA23RdDfRDRDvhDj0ELV7JavZEEf7rpjx2TNiL4OJLgOU9jHOKgaWR8MIceFLZGG791yCMsbkoyIao4QOU4GAoxPJT5TjAygoksiZyGuceEwNPdFDR3QpJGtB2RbBbaQNxDRkkKJPKXHCU0uTgITQXOVGecjrASeFIYzbhKOMY4RWco4rIIg0hdG2U/U3A2QpJdIIATOim8Cc7GVGMhOV10hJKGCc8KgJzHbk5Ke0cZSDe+E9vKoGPZ1rR6IojSYdgMI2nIBKbGGRqyCAwpDU1sQPKfsEajgPJ0cousADZRvECa6ox2RYSL3HI6f1UuKLGAAuiMjgJ2cAle4gj8+OWRxbjuo0snYLssx4AQMOJOU3pFwESSclJLBSwVQwSWCkOUYAYUIDT0k9M7LbEutaecJAd0RrQRuFYveOaMDC6hg5yuPOFHwTsMTtn0Wfr6t1RVina7yjkKRdbiYmGCE4e5R7fQaMTy5Ljvukybk8eh8YqK3MksiLRgD7ojA7UjYHolgI4rAE5bhAd09JPTgBJqScoQanJJqIgkkklCDEk9cPCXLoNcgZZRGCqx0mt5zySi107STE05J/ZAae3osVkh0Y4WR6jVlSGxFuN3KS44B+ypJpi55c45wVnmxtUd0sjjL4UGrHmCgOdqOojcoj5fEIGFxIks9HQhHCGYwupJIQhiSSSaEFXRyuLo5UZB4Awu4CQ4XVBbEuHhdTH78KERzJLkeJvGQhRt3GQpLdIHOFALM+jrsDCizfSjO+kqNKcBKsJGOQZBB2RKcEu3CY0ZKkxgDsqgg3wOeAGgLsfAQnHD9PojbeHumt4F7+QUjiAo7SS45RJTlwCTVnlLLING5wnZ0YymjI912P+dI2NDN8Dqa/kko+ywt8ZDDNjGrYZWs6PsrrjVid4/lRHJ9z6LPRQlwbEwdsL1bpK1toLdHkYLm5P3WCfLPoHhdM1hP0W5MdPB6Bo2CzVbUuqJzv5R/mrS8VmlpiaVSMyXZPKz2s9VJr0S6Zg0jDcYUzIa3hApxpaDhdqpNEZKSF/cGP94qWxY5Wlc1sMTWAcDACrOn6QvLquRo08BWEzxPO2Nv4d1TNlCyssJCCzLj33VrbI8gzPYD2GVTsa50rYgM5OFpIWiKNrdO2EhvJ0qlgkB4IOdlkL5VSyVHhl/lB4C0lfWRU0JlkONth6rF1c3jTmXs5C+UFYw9DE6eRsTRkuOFu6CmEFO2PAGkLOdK0DnOdVPbtw1avZrceyyWm/S1rG5kGrqcHQz80Ng1R+IUJ/wDMkJx3KKG5b4Y2ysM3ya0skym8kDpDtkEBQayctidExwBcMuKmVQMVJHtyVVVIMj2Rjd8rwAky6Hx4LPpmB8TZKpwyH+UK5nk8mcbIdPE2ngZC0YDGgfmh1suI9AHKyWM1VxxyOpf5kweRnCny1McMLpHnAAJUa007nRmRw2zgKB1PUeBEYgOEtLLJdf8AFBtmLvdxdcqx5GdOcAINRKykoxGw+Zw/+UoEJD6hxI2a4lRLhKaifQ3tsFqgsLJ5Wdsm3Nk7p63GtrWzSDMcZ1E9itLcJQ5xiY7G36IFnp22+2hxHmcMpriXuLjuSVg1dmZZO5oKMQX9yfYLabhWtafpYQStTXBraiKmaMtzuAm9O0IoKISub/MkGrPoFItEH8Uvet2dAOB+S418nKR6OiGyODT0ULaanYwNwMKhrJTcL4y37aO60F1qGU0R07BgwsxanNigqrxI7+YXkRuPphIlLA98DepLgKiu+VjOGUzRHp7ahyVXQA5Gyj6nySOlecue4uJU+n2A8qCKyL/IsrbB5xIW7eij3+uMjzC04aFa07WU1I6V+22crM1shnnOnckpoMv0SbZEQ0yY+rb7rXWekEEQme3zO3VBbqV5EUAOSSAtawBrQwDGAEqwdVD2SC7Yn2UcSAnzEAZ5TpXA8FVN8uEdttk9Q8+ZuwGUmPY22ahHJgPiBeX3G5iihfmCHYgdyqiih8OPjBKCNVXVPqH76nEqzp4vElbEO+y0JYRyYt2T3Gg6WoHySmbSCCcDK9PstFgiZzdhws509b2QRRAtxkBbGRzaGl1AcDKz2vPBvrjhFN1bdpIWCippMOd9ZHO/ZWfR1B8jQte9vnl8xJ5WKfLNdbsImDLpJN/1/wCi9MpIvCbHE38IAWO9qKaCLFmC0HCcuMGGgJ7PqC5Us9DEPA07ogdtwkRwVxC2CFwF1JJWQckkkoQSSSShBqSSSAASSSShBJJJKEEnJJqhBJJJKEGISKgnhEiDUw7Lp5TFMbngs5JLgE/07ryPq65/N3CaVzstBIxnbZei9VXH+G2eWVrsPf5G/mvGbhVmSbLjkZ3910tNX7JKWCz6FoZLp1RTSgeSmPiOP27L2t3OchedfCW2uFLW3KVo0vkxGf8AP/RegaT6qaiX3bQ4fd2HAwmpJizDRiSSSgQZBRkFQglySQMb7Y5ThwVS9R1/yNA+USaSR+qOCyyjH1tQbl1F/My6ON2lvplalgDYwAMDCzPT8TJ5vmHjLnHK0r5Az81srWCyvrZcPDQhsZlwPGUx+ZJ8u4yjtG+y3QQOcLI540gYVP1TdTabRLVxyaJG/SVcktI3OF5x8VLuHGKzUzxlw1ud6b8YXZ8bp/ltRzPJ6j4qGzzt5dLLkHOoq+hj+TpWueRx6qkt8Dn13hjcRgEq4uTwyEA9yvolFfxpJHy/UXOctzKuV3iSl+63HTtPGyla4N3IysjbadtVWRsf9OoZW/iayJgjjYAG7JWrtw9p2vCafL+VkkDDgjAgM4wgRgl2cJ8xzH6LlWcnqd2ERK6TnccKiqnZKsKyQ6vyVS9+pyOCMNtuWEh+tuyt4GHSNuVAoIQX6nDP37K20hrFrhHJlslhZI1TIIxpz2XmfxFvQoaQ0UMn86bPB4B7rfXiXw4jMPwDK8C6ouj7pdpZi7UGkgfZek8Vp3ncz5P9d+X/AI9DpT5kV9LE5xyTkk8rQ22ifPMyNo3JAVTRRZaMclb/AKOtkMmmZ+ctdn9F6+ivHR8F1Vrxgvi1tDbxC06XBv7rOzOc5x7lXV7qcu0NPKqY2nnG61qW1HPh9zySKKPSzXjc7Is0gjbk8eqJThpiG2N1nOtLy6jpfk4D55Bk77gLHqr/AI4bjueO0075qMUZDqe6Pul0eQf5cP8ALaFnqyJmnJClayfM/k75QKo4K8zdb8snI+nUaeFFSijM140vIUHOFZ3IfzsgbKqkOMLKzm38WNDzuCg6d0Rrl0DIIUwLQM8FNgbmYHHddLeV2lBEwSpD4L74pfs1/R4H8RZn1C9hIAa3/lC8f6P3uLPuF7CeG/YLJM+meEjtqY0jCsado0N27KB2Cs6f6G/ZZJZbPQwML1W0Gs09sFZatpwBxytX1P563AVBWwkNDiEaycDXV73JmepKZslYNQ4ypVwGzMIlDEfm+PVEr4S4NI7LXWcOyv8A0mDZ9P5KjuoBa7PqryMdvyVHdti9uOCtdfZyPJRxRn+xSk4P2Sa0cpBd0+61qJ4mTyEj3wpB+lR4uykH6U6tIBkSUYfsiRPwckZwmyg6wUmbArDOG6TD3Y5RdwyieMFxySj0zzBM13bO6pqWbw5mlxOlXDSHjLTkLNZHB6fxWrlNLd6NVTETMDxwQoFdSAPLxwd02y1el3guOx7q4npRM0BvdZLI/o9nTONscoy8rCDwmt2Km1sBikIwoWgpAE1hkykk8ORp9Fp6Cp8TAJHCx8bsOCubdU6cHfgqDqp4WAlyiEVdrYMd0K5RNrKYuA8zBn8ld1dPFW0rZgPMGqqps6jG/t6oyrIZ5M3Dlp/ZT2v1NGGpt3pTTT+IweQnOESk0uZkeiszVrbJoTmBwOVEc0sPCnvZuMIFRHsCAltYGSjgE12eyt7PUgnwXH7KlBI7I8M/gvDtOVEFCWDUVNOHjYchUVbQjfZXtul+cp9RO45QK2DHDc/mmoOcPlR59UQOjccjuhs+yv7lQZy4DHdUbotBIxwmI4Gq07rmOzjsig5aNkAnKPG7fKYngQoprAF7CJA7HCnRzmVgb3AQ3xeIzI7BR4C6GYOwcfdb9PbtZi1Wm+3JpLJeZaGVsb3EDjfgreW+tiqoxJHv7LzJzJKka4WcK66YvT6Wq+Un3Dhjldqm7PZ4Dy3js/6tR6EGDAwUvDz3TaSRk7NbHZ9R6I2n3W1LJ5nrsB4I9UPQFMLcdkPTud1bWCZwQy3CWPdSHMCZp90OMhRllldX0UNdC6GdgcHDb2XmN6tb7XWuaGu0Z2yvWnNyqm8WyGvgLJGDI4KzX1YOho9T/Hlk81pas5AOFbQVOtoGyp7hQyW+pLHbDJwi2+YyODRnZcu6o+geM8hGcUpMucCTso09PnkKRE4HbhHMTXjZc+UD0ijlZM7U0pa4uA/dHtldNFJ4bvp9yrCppQeGjhVj4DG7ICU04k2uLyjQslDwDtuuqroqog4crNrg4A55TYyyaap7kNQnNBBGFITDwpJZGYIjoe+FHkZ7KdpOrHqmTQ7AtCS0U4lY9mQhRl0LxI04I3BUx7cHjZBewYG/KVJNFrjo2tluDbjSNz9bBg7qVUUw2cAsLbquegqBNA7GOR2IW/oqiO40rZWEZxuEcLM9nV08/kjtKOspC0+I0bBDa1srdDwMYV9UUmWHy8qnkhdC/OExr9DbKyplgfSycZb2KPBJt6qcQypjLJG/mq6SGSllxy08FVGTRz7YY6DlrTyFT3i0ukHjwtGocj1VtG/ODjlSCGyNAwtEJezDdQro4kYTdpw7YjlEiqJIHh8fIU+92qWKU1MQyw7nCrYnBuMrXGZ5fUaeVUsM09NLHXQNc/BdjdcBko5PWMqjpKiWnk1s47j1V/DURVUO/PcLZVbgTsbRMZonaHx8ALrAc4woTHSUcnOWlWcb452B7P0XRrt3C3DaDdEQNxyq+ut0VREWFuCTkH0KttIxhCewHsjayZ5xMS5roZXRPG7ThPeA9uy0NwtkE7XSluHY5CzkrHU7tLgd0mSMs4DRlpyVyVrXNwNl0nKYBvyktIp8EWSPfhBd5T6qxfDgZUaaEnfTnCTZWSMsgQcpO3C4CWnBCckFgslrgUTI06sfukQCCgkEJbWQsDvE3VrYupZ7XJ4cgL4XctJVQ1cLcb5QxlKt/aBZCFkcSPT4pKK5UzamEgteN/b2VVcLcc64WrK2q71FtlBDi6InzNW0oLlT1zBJE4YPbuFurnvXJzbKXDopwXR+U8hSIn4wcKdWWxkzjJEdLu47FVul8Lyx4wQtAnvssYanIw5PcwS4xhV+o9k+KeRh2dsiTwDOJLP8rG2cp4DZMHC417ZQASkGlmMI8gkigrqu2VLaimfp7ObnZwWuorzR3php5wI5cd+PyWMadXbCPG3BBacH1TITx2ZraVI1+irtjtcLzJGe2cqRFXW24fynuEcvcHZUtFeCxjYqnJA/EFMfBRVjdcZAd2c3YhPUovoxzht4HXLp90rdcJGRuNuUSxdYXzpaoZT1RzS5xjfA/wCii091udskLKxpqqc7DH1NVwz+G3eL+W5jifwP5TN21CJ1xlxJZR6fY79bb9TNqKCoa92PMzO4KsywnleFClu/TtR8zapXhmc6QcEL07pHr+3XzTQXE/K1rGjAdxIfb3TIzycu/SyXMTSmEeiEaY84/dWADfTb1ThEHD0TzHLMeGVToyNiMILovRW0tJuMDKjPpXDgIyKeWQPD90vD91IdGQmlpCgYFc0B3lcAR7hEIwuJeMhptdFHcOnnucaihkwefDPCqNbmOMUw0vacYK2yjVdupK1hbPECezgNwo4jIWN8MyTm57oegKwrbHVULvEpyZY/TuFBY8uOlwwUDWUaIsYYWOPmaCqS/wDSVNcYvFpg2GbkEDYrS+EcZwuOjKVKqMuxtdrg+DySpp7nZZtFSwhucB3YqRFUw1DRrwCvSa20QXCPw6iJpGO4WIvPSFTaXOqYcyU+c7Ddv3WadG3o6VWpi+JFVUW+OdpIaDn0VJV2eWJxfGcK/hlMflR2ASjzAbrK4bjUrnHpmRDdY8OXBB2Ki1dtdB/OpyQeditFX2cl5fBtnsq0MqKd2idhc0JLr29GmFzfTAUdzaWCGrGSNslHmt9LVDXGRn1HKZNRQznWG4z7KE/5q3vDgC5h9CgxJ9mhcrLCmGspCdJLmjsususedMrMZ5UqOpZVMEjHDJ2I7hCqKSGYeZgB9QrTcXwRPLwdEVLUDLcZPZAdRugdk7tQXUtRTHXC4kDhPiuckeGVYDmj23RxsxwypRfonUkmjYK7t14raTGiQlo7Eqopamkk0mPSc/spwiwMgbFaK2pClJ1s2Vt6oppwI6lul3qrhj4KluYJWu+x3Xm5jOdiiwVNXRyCSCd7T9+UyVeTVTrHHiR6F8uRvpG6hV3T1BXsd49KzJ7gBVdD1e5uI66MHtqC0VFcKOtbqimb+ZWSdaTOpp9RXZJLODDXDpmvtD/Htczi0/gzt+ijsu7y4Q3CExOG2ojGV6TLThw8zQQfzVZcbJRV8fhTQMPvjdZ7KsnartlWvsZVWnqC42stloqtzo+7C7IwvQbF1vbLniOdwhlGAcnuvKa/pWtosuoppDGPw5UOKolgdpqGFjxtqwudfp89Hb0Pm7tM0nyj6Niqpg4SRzZ27HIIVrT1cU7RqcGv7heE2Dru420hs8njR8ZG+F6LZur7Ndg3xTpefQ4XPnS0z3fj/JwsjujLn9M25wdwd0B7QRzlQTLNE0OieXxjsd0eKsjkwCSCexSXBnfhq4yj9ywNlj4AGQVDq7XTSMy6PJKtcNIzyuOaCOFMtEshG1GMrrS6BxdTR5UBtW+A6KhmgjZbmSlDgcAKiudlNUdowSmJnNu0ri8wRXRTNqB6hcmtcEv0jDlAq6Kut82iMeVKG8eG4MqT+6NSyY7Go8SG1FFU07ssZkITZ6tpwJBt7K4jniq2jQ/KHUUMeA5gwqwLU5R/Fj7ffnweSpj1N/VXQdabkzLHtY89lmPALTgNykKEOIk1uY4ehQNZH1aiWfuL8srKJ2WOMkfod1Y09U7SHNOQeyzsFxrqPySnxY+3co7a+JjvEgfgncsJwgcDdG9ro0TKguOCOUp6WmrYzFUwMkaf6hlQKKvgqWAtcA7uCd1Pa4gHZDOLZoVm5GWq7PdbI8y22TxoMkhmfMB6ItB1TS1BFPWROhl4IdxlaF8pfyFW3Ky0Fe0+JCGvP4mjBSdryC4vs7JFBOMtbz6KtrbV4g23UZkN7sQwHfMwDgjdwHupdLfaSr8jiY39w5V8eQNqk+TI3voqir2uMlMGv7PaMFZ21VvW3w9rHVXTVzmZHnLo8ktP3C9fZG2XdpBCh1tipaxrgY2td6gIJV46BnRHH2lh0R/aKtdxcyh6ppPkKr6TKz+6cft2XrlHd6Oup21VLPHJG8ZBa7K+Wb90Bq1SRsH3aN1R227da9C1Alt1bKYGn+6eSWkfZKdRlnGUX9yPqTqvoTpXrSF0VyoYvGcMeK1oDv17rwLrb+zr1H0/rrem3G50+STFn+YB6Ad1tekP7Qdnrgyi6np2UM3GtjcDK9Ts98orpCJ7bXR1MDuAHZP5hIcORM64WLhnw1V009LO6mrqOWmmYcOa9pBBXI5ZocFrtTecL7S6t+HvR3WUDm3i0xulI8szfK4HtvheB9d/2fuobJrrunJHXKhbuA4Ylb/1SLKX6MVunkvxPMhUQTt0ytGVDki8JxdEThdnpquimdT1lM+GRpwWvGCFxkhzg7/dZ5VsyODj2Hpq2Rjhnsrujr3PALX5HoqEhrgRpx9kNjpInZY8hInUmNqulX0biCp1AKZFMSRgLI2+7BhAnctDTXCmkaAH9lknTg6NWqUkW8dU4YU2OrGwBVK1wIyCcJwmPAStrNit/ZeP8OobhxBVRcKFkfmjHK7HVlpaATgqX8wyRoDgq5RG1MoJHOheA5ql01YIyCVPmo4JwQRueFTSUc8EzmFuw4KNNPsHmJeR18UzQ0EZPKbPSRStzyVSRyeGdjwpjK/gIlFgOY2enliOQNkqWukjcBI/ZTmztkA1jKhVVGx7tcW2eQmxlgGSyW0NZHMBpOSpLQ1/ossyaWkf5eO6s6W6xkDfP5pnYmUckmutkFQfOwHIWYuvQtNVNL6Uhr/tha9swlaDhI7p1d06n9rM89LXb+SPHbr0jc6BxJiLwPQLPTRFhLHDSRzle/PjD/qAP3CoL50labiNRgEUh/GwYXV0/kZL8zzWv+n4TluqPGsEOXX8DK1t06FraUufB/MZyMcrO1Vvq6bIkgd+i6levhI89qfC21f0kDW4J5djfhMcTqIA3QnPIOCF0Y2po4llHxvDRI1n+pdEhByDuouT6ruSgc0/QjO18FtTXargIAeSPTKurf1JhwE/+ayQkLNvVIHUQUuSi+jTTrLKnwemU19pZWg6h+qs4K6nlOGvySvJo6qWLHhPwp9Nf6qBwcf81nlp1I6+n8vKC+49UZJvnnCkxV8jAMdl55RdRGUZM5afQq6pb49wDXYcPULHdpM8YO9pvLZju3Gyguzy7EhGArKG80wABcsTFc4XO0udgo/zsGRhy50/Hxn2js6fzLj7NxFc6aRwaHD9VOEkT2ggrCRTggEKwpLjUQ7a8t9Cuff4/D+07FHmYv8AI07mDOWlLRnlVEN5JeBINlOZXRSNBDxv2WCzTOPZ1avJVW9MkeGPVMDO+UhKD9OD+aIHZWeVaRsjfF9M7jbCHg5yjZGN03AS5RSNcJqSENkk1cyEPAzKHnhAJdq3OEfIXPKqks9EGOaHtw4ZQH0MDs+XBKlpKsEcUysltw7bD7qHLDcaQERyuLOxaVfHc4ykB67q1wUljoqaTqa70TQwvc4D1Vxb+vapkgFWzUzgphiiPMbT+Siy2ykkcXeHgn0QSxIpStjymaan62oZ5PDd5M8EqfFeLfVP0CRjj7rz19ibqLo5iPZAdQXGnlzC92RwQeVShkP+TYvzR6XNDbKlhjfFGfsAFE/glE7AZlv2KwcVzvdvk8WVr3N9t1MpeuJo5h48bg37KbBsdVXLtGqfY6oDENzkYBwFHNN1DS/9mrWy/wDOq9vXtvc4AylWdF1Laqo6WVLQSO5QtNDFbTPp4Bi59T0+PFpRKP8AAE49VV0W1RZ6oY7gKy+dik/u5QfsU8O1e6F5Q2MW1mDIMHV9Kdp6WeM+7VMi6ltkv/HDfuUyWnik2fE059QgOsdA4ajC3f0CmMjE7Osk8Xe1S4HzTN/dGY+3yEFsw/Iqjf07QOOWMLT7Jn8E0bMEmPZypwCU5LtGpikiaPJICjCsyMCYLIC3TM3Ek4+7yu+BNGdpX/qVSWOg/kZrPmXHmUY+yXixn8SyuawD++d+qQfXg5ZVEKZK+Q1OsO4JXXajjDsLMCquQGDUZRG3K5tAY3SSO6vLJ8howKjtNgemF3VU/wDen9FQ/wASuw50YXReK9p+pn6KyfJkvgav8Mhz9lwPuw+mX9lUC+1wGDoP5Lv8cqe7GlXJ4L7LoSXfH98uh1271Mo/MKk/j9T2Y39Uh1BXZxhmEtzwHkvddxxvXS/qEMy3HH/zwmVWL3UFuS1mUM3qoz/ds/VTcTJaeJc3bfxCbB90vBqiMuq5v1VX/G6jP0MH5pfxetd9Tm+yDLJuwWojqxzVSH7lN8JxOS5VZu1WdtTUz+IVB+qQfkrSb7LcmXLI8c4XXtac8Kk+eqMbyKO+qqBzLnKpwcipWJF24xAknSMeyH8zTD8QBHsqY1Mh5JQSSTnKtUNoCVqRefNUv9QTDcKdvDlSl7Bs5+6Y2UOdpARRpwKdrLh91hHqufxWI9yq75d7hnAH32XJKm10UeqquMLHDkZytENO/SFzvS7ZZi6MccAn9EdsskzQWjIKxtX8QumqIEQOfUFu2zcAqir/AIsXSdpht1JBBH2yMlNjo7JPhGSzyVdfbPUmxfiqZfDb6qnu/WXSNoBDqz5h4OA2I5JXjtxvVxur3SV1W+QntnYfYKs0+YuPK0Q8fL+o59/l/wD9Gen3P4wsEToLLa3N9XzAbrH3PrfqW8BzJ7lNG08tjdgKlYRgtym+UA4K3VaCuPODBZ5Kyw46SV+fFk1Z9U3DfZDccHlMfKGjcrVVQodGC29y5kGdgA+YKHLOGZGxQ5qrB0tzuokxcSCCtMaTBbqV1ELLVuJwAhOeXfUuNYNspxGMALRGrbyZJTlN8nR90/GE3B9E8co+iLL7EAisaMZSYBgHunIWECT0k5MCGjlFaDsmgHOUYFgAyhDHjhdJwMpmV2Nhe7KIYlk4yNxcNuFYQU4ABI3XYIQBkjdG59sKzRGODmkAcoTn5B24RJAcbKO7LjvsmKGS5y2gJnajtsmIkvlUWeYYx3VmS2Q+R2BsQq2acu2amVdU4eRvflBhDnHUeEZlnYPaHOdkqRGOCuRtAA2RWhALbyPaupMGcpOw1pyeVaeA8jC4+qY4pPOShu5CNRbFSlkSc0DKTckZRAMnCKMM9lJHQAQNkRkerkJNbuCjABqPbhkbwcYzJ4RtOAhlwaMuOyjTVhJLI+AmcYI7EiS+YN4I2UaSrJ2wganu5KcyMF26qKJ8rOl7icoscbn9sp2iNoBOPfdQKu/01GSKdxdIO4QuSiW7ors05a3uFHmwMbo73tDTv2UF7snle8XB8FjHIsZXMBdSRBHMBIgYXUkUY5DI+k6sYRxwlgJ2CmqOeyN4OIgHdcARABhWLcxALp3SSUKB6VGq6psDC52x7I8kojGSMqsInrKjcDT2HolWcjYr2+gdJSOkkNZUj6jloKsQDkbLoYRgE8bBEwCArjHBUp5WEdHC6uLqYUOSSSUIJJJJQgkkkkRBqSSSCZQlHrJmQxEuP2UhUtxqhK8tzs3YLPdNRiNqi3Ijuf4jy7jKNGo7d+FIaC38lib3cmp88EWvqDGPCY7BI3VS/J7o9TIXyOJPdRw72WebH1x2nEkkkMOzUJCRUJNDEkkkoQKujlcSUYEp7Qo4XUIZRycRqFdjEwDdc1blGjYSQccqEfCHNZgZxuF3f1Rg1rWYUd3dVkVnIpCMcqJLzyivdk8oT9yMJEp84HQ4CQtB7IxwAmQD1Tnq0/YE36ONBLsokzvKMFdjbsThBkJzyrk8cCxmcvG6eCAMoKcMgYyl55yNisiLxuFLt1Nv4zh22UNzC4ggK8p49EDGY3/6pdr4wdnxunUrFJl103a5LhVamg6WkDhep4bTQMj2bpbuqHo63NpKFsrmYcRlT7vU6W+FnzO3WGT5yfRNHSqK0/bKermM1Q7fIyi08OSCQosTXPkAxvnlWUbdIws03k1xywgAaFBk8SpqfCHHspNQ4tG3oiWmnDz47hwUBpj2XlMwUlK2NoHCHEPDzK7cuJI+ybO8gAJQgnS3BPblLsbRupXpFpaomvPjuHHCti7ZAgjbHE1rGgbDhcq5xBEXpPZ0IcIq77UsfinyMjdUkVO6Z4YBkkrtRI98zpHHJcf2Vj05Tieua8jZiGb4JD75pGvttK2lpY42txhoylV1AY3cbnhSQQG4wq+pcHS49FhukdiuGFgGxpcc45R6WNrpm6zsCmxYxsE7xGsaXu2wsTYxir6gVFRoYfJHsECkgdUXOLQNojqcf9E2kgkk8WY8Ak49lZWSF+mWdw2e7b7IX0Nh2WUpHPChPBleGjckqRVuAbjPIQ7a3MuvGcLHYss2x6LdhbTQNAG2N1geqLo6eeRjXcZAW0ulT4VC9zRjYry6ondPW4zsSd1dUXk5PkrsLYhjcQQGR31EZJUS2RPra5ukbZT7rMGtEDSM91bdI0To4Za6RuzvK1Osltg0ciqErr4wXRdVeGhsQ2AACkWKg+drWhw8kfmPv7KK9rp5CVrenaAUdGJHjzyHUT7Lh6ibXB6zS1tzX6J1xeKen8OPILxpA7gK36WtopKX5mQed4w3291m53S3K6xU0JOS8fkFuSRTRNjxs0YWCyWDsReSg6gqnuf8rE4ZeN+6p7475alo7VG/zg+LJj09FYVU0clzdISD4Y1KgqZnVNVJUScuJA9gkvkk5eh9O3W8ADhW1HTOe8NaP/RQaFhDPELduyu6JhjZ42OQVEAl7I94rNEfgNIAA3VTQQumn8Vw8o3+6VZM6ed2+2VZUUDWRtaNiUbYUFllzbIA3TMFbtOQMqDRRlsbWkcKa7Zo9lmnLJqSSRyQknJK85+IV1E9Qy2wvO3meAtxdrjHbqOWrl2bEwu55Xj/AMy+61Ete/OZXEj2CbVDPJh1VmPsRKpoQIwGjstP0tbxJP8AMFurT2Ko6CLxXthA55XpFjtzaeCNoaAcZJR2NJYApj7NDZqMFwle3Zqh9W3YRRGlieNRGMZVxSjwaQvJ4yV57dal1ZWyPJzvgLHKXOTWui+6Eo2z1D6tzclgwD7r0Kn2cCRlUPS1vbb7bG0sw+QaiVoqZhA1EfZYNXLLyCSQcjKL3QkQcrnOWRjCDhJIcJISgySSSMg5JJJQgkkklCCSSSQADUkklCCSSSUIJJJJQg4kY5Qjylk+qErSyQSYnoZIxhEQ7kYO6F33Oy6eVBulYygt01TJw0I61ljI9GB+Il3M1X8rDLmOPbHv6rzupc6V+huSSMYVxe6t9XM+cn6iSFDsFMLjfKKjcDiWUNOPRdSv7I5FSeWeydH2/wDhXTFFSkASPb4jgO2VdM43TWxhgaxvDRpCc3ZY7XmeRi+0KmJJxIxhKcsDRZCWR6oWTk7ruT6qgsnEkkshGWOd9Jx6Lz/rm4CWqitzMnSNT8f5LezyiJpJIGxK8vc+a79QSztblgk0hPgCjQ2GkbFSg6MFwCPcCI4tWVLgY2GMNxg91UXCp1z6B9LdlurRYGLLvMTuSpQ8oQY2YII7Iz/MAtVeclPoHNL4MLpcZ074XhN7uLrncay7OflpcRGD6Beo/EO7OtlgkbDJplnPhtxzv6LxyeIx08FDqzJJgkeg917Pwmm5U2eN8/rFCGxFvYKYtgdUSDzynVn2QrlUGWTQ07DsrPSKWh0MwHBgCpADJLvuSV7BfasniYL5pqJo+mqMDFQ9n2WqY3BBVZaqYQQsBbsB+pVq12ey4+plunk9p42tV14JLGgNKi1E2fsj6hoJPoqurmDThIjHJ0LpYiV9dOA1xyq+DW94Ge67O5736RncqTQxkSYA4TEsdHNlyyypGhg1acIss22lJoDQduFBq6jQSFsog5PCMWst+OpmL+JHUL6C3Op4naZJSWN9l5AzU9+TuTyrzre9Put/njDyYqc6GjPdVFKBnOM4XufHU7ILJ+a/qvyP87XSWfx4Lez0xmkEYGV6ja6VlutzfL5iFjukra2WQSY9O621e8R0rsbYGF3a1hHgdRZulgoqxxknLiQQfRdjZnACGjwg7ZVzlhFUj5XCmgdLwG7ry++17q6vklc7IBIWu60u7qKjdAx2HO2BXnDZSTqJyuF5G/K2n0D6co2t2P2hzxnjZBqG64yD24UgbIU41NXBWWewUSgr25GpU0jdyM8K+uPdUb/rKhydXHEwTBgo2nCawgHCK/GBhQzxWQJ4P2TaMfzR+aceD9k2j3mH5pcjTVjfH/Jsejh/7wZ7levkbNbngLyPo8YuMZP9Q/zXr4Gd/YLLM+meG/2jjeysofoB9lCY3ON1ZxsHy533wkYPQRXBgL40vuJVbcYgKYbdldXCMPuTtW6g3Fn8nACLByb4ZUihoYR4+S3t6ptSMndToItOduyi1Y32WiBxra8QZFaz34VLf2BvmA3IyVesGCq69xNdEdQ4C1VdnA8is0NGTZvldck3krrgVvjyjwL7H04yFIQqTgqRgkIoMTNkaZnBHKGIyN8o8rDqCRYNKTOOXwWmRu5B2VrbqrGmF36qrkG6UdUY36g3j3WWyOTdp75UyTialkvhPDgMrV0EvjU7STusNRVHjMaSd1o7NW+FUBjvpcMfmss4nvfHamvKeeybcaUPOcYIVLPFpzthaush8T+Y3BaQqeppcDgLNKB2LIqSyijGWu4Uummc3GEyWHQcpReVwJ7JL4ExzFmstEniRFjnDGOFFu1JJRTtnbs1xwVDoal0TtidwtNPE260DWYAk08+qtSyakt8cGbroW1lJqbgkBUtE98LzGeMq3gkdSzOppgeS3dQLjT+BMXgeV24RxXJlsWzkk4Ejc9kyWMOHKbQzNki0Z3aiEYRTWMYDi98UyFKzQRgJh2UiTzEZb+6b4eO6SDJYDW6umgmaGHA9FpMtniDu5WTj8rwVfWusGnS4q49ja5egVfRZBGOyy1yozE4kN5K9BlpvGZrDeyz91t5dnyhNXInV0b4ZMaGlpwU9j8LtaxzJizGMIcYIIzymI4MoODwTIzny+qFMwtIICLFuEVwDm7p8JYJKO5YBU1dNCcNUogCZlRC4DPmHsVBMek7DZFY5wxgbD3XRovxwcbWeP8AkT2ezW2LqCWklDJH5afflbimnirI2yROGCvJGP8AEA2wRwr6x9RS294jlJLc4/Jdmm4+e+S8fKuTaR6Ro2ymFqdQTw1sIkjfnPb0Rnx4wtSkpHBknF4ZCdGTjdN0Ed1L0BDc1XgIhObjCjyxg8jKsHRk4yo74+xSZrIcZZMl1LYo66nL2x+YDO3K88eJ7fUbE4B3XslUwAElYbqqytMXzVOzfO4AWC6vJ2vH62VWISZXUdW2dge0/cKfDKXYblZujmNONDhg5VzBMCAVzLINM+keM1ytiotlk+IOb6/mq+opuNlPhdnAPdSJoA9o0tWVo7u1SXBm3tdC4EDGFNpKokhpRqmkychoUQMMR4S08EjDY8lxHh7c7Ljm4UOmqAMAqeMObnKauRvYAAZKT26hunuB1ZT4w0geqANRyV0sOD9P7oD4yRwrWSIOHCiyQ4H0/ugJKOCvcwjtsptlvUttqAC4+GTuChPbnsok0ZJy3lJl/YkJyrkpI9OD46iBszMEPbnlVtXTA5wqTpu/ln+6VJ22DTlawRCVocP1TYz4O3XJaiK/ZnXxPhdkNXHRtnaWvCuKqlBH07qrdE5j+MKxFtP7KrQYZHMI4UmCTA37qRUUrZmam7OH7qEA5jtLhghHCWDHOrBJkYyZhY9oIKyd2tzqWcviadPOFqo3g7HZKso4548FvKfGZzdTpY29mKjmzjIVpRy4wA1RrnbjROErTlrjj7LlDMMtHrlaa7MHAtq+OWDQR6ahml4CE10tDLydJTIHloDuymvY2rp9LD5h+y31XYEzrySWvbI0Padikq6nnfROEM7djsCrIHIyAt9dm7hmV1ZGuiDmkE8qqr7SySIgN9891cJpaDtlSSyInV+zDyQyU0hjkH5+qS0tytjKmMuYN1mZYZaaUxyA+x9UprBlnBxHcLhja7ZPb5gEXSRj3QtZFlXU0xzloUYEgkEK8MQcDtyoMtEWnUBys9leOgsZIa4WghPLCDglcZ9QSGikAc1zDwmqaWt0HbsojmlpSWghqlUNwmoJRJEfu3sQo4OUiMpkJOIMoKXZuLPf6a4fyjlsgHB7qfVwRzswRg9iF53C98MgkjcQ4bghaO19QSuc2GpcDnYFa6789nPu00lzEmvifE4scOOCmqbI5swHCiPic1xIHKejOpPOGdbK5ucHCNTVes6ZHKG8E8HCaGY7q8lShkumFrhqachHgOs4JwqNlTJE4YO3dWDKyEgEv37olLPYmUWy3YzuFJpXvhflp+49VEts7Jn+FnPor+CxyVABiOM7+qfWYrcR7AmaN487sKGXOhk1xEg85BwpdVbqmnJbKwkeoCivGDjCdnIiLRe2jqMPcKWva1zCMBzgplXYqWsBnpXAO5y07hY14zhTrZe622nyPL2+hRrgCyvJv+nOvaqyuitF7aXQt8jJNO4HuvTqGogrYW1FPI18bxlpBXj9uuVm6kZ8tWs8KTHOw/dTbfJeekK/5iidJUUJ+thORj1Hunwnjs5Wo06k8R7PW3MzhLw24wq+wdT2zqGBslJIA/G7CdwfRW+n3TlhnNdc4fkiDJRA47qHNRSRb4yPZXWn3THtyiCzxkzz4y077Jun3V3JRxvBy3BUOSkcD9KmSfJyQNPulp91IfGW8ppbjkqdjFNAsDvuq25WWKsGuHTFJ6gYyrjw/dLw/dBkYrMGOfFUW9wiq2bHYP7LuA4ghaqSnjnbolY14PYhV1R0+GZlpH4P9BOyocrMlSyHHuiCFpGkjIPKkNhlYAJI8FEFOcA8KnFMJyMZfuiYqhpmoHBkvOD3WMqaOutryyqp3MA/FjYr2YU4djthBrLPT10fhVEbXtPqOEidKxmJqp1bhHbLk8b8YSbpT0sVXGWOGD2Wrv3QNRSOM9s8w50rMBkkMhjmYWOacEO2WOVck+UdKm6M47olS+11EH4chRpoY5WGORv5+i0msEAFQ57fHO4vYdLu/olTrwaq7pLsylRaqiH+ZREuPcZwmU9cSfDnwHDY59VoKiknpTk/T2IVfVW6lq3+I5mlx5x3SHBmqFu7gF5XjylQqugfIC4YXR8xbZCx7HPj7OHopkdXBUDkApckOUvZSsZU0zyWtU2lv1TE4Nk+kbKXPEHDYA7KumpRnYIW5xeYluMbPyRpaWtpapoHiAP9ypgYMZwsK5z4XtLc5+6taDqGWBwbMCWn81phqE1iQi2hx5iX74T2GVxvis+lzh9ii09VS1gBilbqPYnCkikc1oIAKdGCn0ZfklWyVbOprlQYjleZox2dytNSdQ2+tABIY88g7LFvpy0/T+6G5ukZBwqdeTo6fyc6uz0bRFM3LSHAqBVWmlkdl8Lcn2WQpLxX0DxolLm+jitBSdVU1SGsqBpf7rPOk7On8pCfZDqunWiUmnJZnf2UM09dQSam5Ho5q1jZYphmN4ORnlDlia8Yc3IKxWaXJ3NNr16Y2xdeXW3FrJ3GWMch263lr6qtV2aB4gikPOV5xNa4icsABKjxfMUVRqZsWn9Vhu0rTPU6T6gnCKhN5R7LHLURYkifrZ6A5U2C4Mk8sg0lec2jrB8WlkpI+/C1NLeKKtZ9Ya4+iyuqR6rReQhKO6mfH6ZpWuDgcDOe6E5gwdwFUNq6qA6oJA5p/NSYLpG7y1Hkd6jukyWTsValTWJIdVUEdY0xybHse4WXu/S03mexocD3C2DZmvyG74GeVwS520qsuLF2013HmBhr7a/ylwA7KwpL9nEdQN+62FztlLWDS6MNJHIWOuvTM9KTJTjWD6cpqsOXfppQ/FFiySCUB7HAj2Kc9hwMArK+JUQHS/U3CnUvUEgAilcdtslMSTRl3Sj2XLiRjbK5phkAD49/UIcFfBOAXOAKkBsLxnn0QOOQ1e49kWS27+NTzPa8bjDkejvV0tu1aDUxe31BckNQw/yBkehQjVQs8tS0g98jlDKODRDVN/2L+hvtvr8eFMGuPLXHBCsPq3AWP/hlrq8SwudFLyHNOEWC6XSzHTM01EHY8kBJcTXDUP8Aq6NPIMqsrrJR1gLtAZJ/U0YKPRXygr2jRKGP/pdsVMIOM42PdXg1xshP8WZEG82ObVHEamHuM7gK1t3UtvrHCOTMMndr9iCrN0bXZB49FUXGyUVV5tGh5/E3Ype0trHJcuayRucBzSoFfZaKvi8KSBmPsqBovlkfqhlNRCOATk4VnSdVUs2I6hhjk752QOOeAZpT7Mpe/hpHMHvpR7gLMQnrfoepE9FJOyNh2AJIXs7KynlYHNkGD7pk9PSVjTHK1rgezkmVeHwIlRH+koelv7RFdCY6fqqg1tA0+ICvVenfiL0tf42vpLgyMvH0OI/QheRXL4e2qrc5zWaNX6BZGv6Gu1hmNVb5DIxpyPCduPyUlUmLdThyfQ/VPw26U6zp3Ono4fEeNpogMrwfrD+zz1HaXST9Ph1YwbtYOcLth+KvVPT0gifO4sZsWyZXq3Tfxvsl2gDLnG2KUbEg7FA6MmeVddnB8rVlHc7TUOpLrQy08rDgh7SELUHr7MuVl6K68oi2qgp6hsg82CA79V5B1b/ZubCZKrpOsETfqEUz8AfmstmlMl+llHmKPD9xuOyfS3GemlzK7Uw7fZWd76T6l6endDcrVKzT/wAQbsPuD3VM5gx5iBnlZLNOzFtlUzVW/qCB7QyQ7dj6K1bMHgEcHusAI9I1sOPspNFe6yidp1lzR2JyskqDVXqMfkzcteRv6IjKpwO4VJQ36lqgGuOlysmnxAHBZ5VNG2N0X0WMdae6NqbNjVjKrG+U5T/miMbcJOxj3PjkbXWxwaZ6c5HJaq7xXQOzIMK3bW7EFDkhgqRgs/JMTwLeHyAp7jG4BrXBS2zax91W1tqkgZ40AxjsFDp62emkHjElhH6I44aygXL0W80bTxuoUscrDqiCLFXQyP0h3KM8ANyEcX6AfIGlvM1NiOcHHqryluUdSwaDk91nJtH0vjGCorddK/XTyuGfQo12LUmng27ZNXZNmYHc8rO0fUEkZDKluR/UFbsrYqpgdC7PqMpq6C7OSxdlEloYZd3xMP3aFPJym4x3RRk49CrK1PsyV16Lt1YHPjiEUju7dgs1X9ATsjBp5NRzvleoSNYRwo0kY7DutNestr9nLu8Vprs74ni9b07daJxHyzngdwFCfTVUQzLA5o+y9wdTteCHsBHuFAqbRQzAh1Mz9At1Xk/Uzian6bqk81vB40TlOO4XpVV0baZzkRFh9iqer6ABJNPVkA8AhbIa6qRx9R9PamtbocmMB9SkT6FXlX0TdYjqgcJAFWT2a6UrSZqZxbnloynQ1VT9nMn4/U1fnAjPLjgh36FEpLhU0UniRSv/AFQSx4JyD+YTfZO3RlygVGdfrBoqTqwbMqqdvu/GT+auqS+W2qaBFVtY88ArBpjQ4OzGcFLkkzVVqbInpbamtDv5EgeB2ypLbxWxEeOwgD3Xm0dVdaRwqIZnjHvnKlxdVXGF+ahviNPIKTKmL7R0atdKP5M9Jg6igOGvG/3VhHc45APDed/dea0/UdHO7S9piPYnhH+auUp1UUrZGjjBWKzTVv0dHT+Qf9LPUKetfyHn9VOhu1QBpG+F5TDWdURn+7JA9Cp0PUV5piPmGELFbo6/0dWnyk4/kepxXJ/MikR3Smdtq39F5lS9cx4xOHOP3V1T9Q2ydgkEoBPIKyz0NbOpT5j+5um1cbtwQiCRjxs4BY6G7xSuLYpQdKsIq52kEOz9lls0SX4nTo8vH+pmgxnfVskQR+LCpWXKcEeZSGXNhwJH5Kyz0s49I6tXkq5otW9108KHDWwPOA7GUZ8rHcH90j4ZrtGmOprl0x2rzY7J4Iwo2fdE+xx+aXskh8bFLoInIGsA4Ty/CBRkhiYRPwPRA8Ydgn+L6NVbWH8iXY4sBGDuhvpKd4w6Fh/8IT/E9l0PHdRJ+gJSjIgT2a3uOTTs/RAPTdvf9Icz/lKt+e6QGFW2T7BddcvRUHpx8e9Pcqhp93lIW/qCmINNdXOHuSrrIT4xkocf2GKlLptFSys6sp8aXMmxzlSHdUdRU7R4lqLsckNVq1mBkd/dNLXn+oK+f0XGqUXlSZAb14WACostU13ctbsjs+IVqcQ2WmqIz7tRjFnluf8Awrgt9JJtLTsP/hCra2NzZH2Hh6ysM4GqqEfs/ZHdfen5XAsuUZOPVVUths8p3pWZ9wFHk6Us0g/uMZ/p2U2r2Fvu9GgbV26YDwaqN3/iTonRnGkg+4KzP+xtOwkxGoaPZ5XG9KVDT/KudVHj0kKrYVvtXLiaoxDkA/oh6SOxWcHTVzBwy+Vee2ZEUdN9TNGpt7H5v3V7Ale0ui/w/wBHITmY3VILR1U04/i0Z+5XTZ+qMAm6RfqrVeQf5WPRc7/0Jb/0ql/hfU42NxiS/h/UA+q6Rj8lfwN+yv5ePRdaPZELQ0btKz/yd5Bw68M908UNw5ddsj3OVf8AEb9l/wA1/wDKy414PCeJG8YCpPlDjz3OXPsmiigJ81fMfzV/x0T+b/Yuy+MDJcAAmiqp+0gVWygogcmomcR6uKeY6CEanvGP8SKOl3AS1mSx+bpzxIE0VkZOACfsFXvvlhoxiWelzj7lQZuu7BS5LHh/sAp/Dm+gHroL8pGhFQHfTDJ+YXS18mDjH3WMrfiZSluKODJHCpaj4g3ifeEiMdtk+vQWCLfK1R65PTmxaTh5A/NRqu52Wi2rK0NPcYXkNVfLrXF3zVZI8O5GrZRS5xGC4kfdaY6Fr8jHZ5mPpHqVb1v07RM8SmDqiT0wqas+JsjmD5CijjkHDi0ZWESwOVqhpa4+jFZ5O238eC8rurL5XEvkrHjV2B2VPLPPM4ullc4n1KQOEvyWj4IJfaZZ32T7ZzSB2SAASSRxrwJcv2dyeMri5qC4940o1U2BKSQtXuuGQY5USSYZOCgGoccjdMjDBnsu29B56nfyjOFDmqXuGE4EkklMc33TlWuzFPUyk8MAXPcclGZ9ISDGjsnAZV4wBnPJxEG6QjyiCPBzhEEkxNiyuhmDnKJrDW4whOcTkIdrDXQUYHddUYEl2clHDtuFW1lnE5rCDkhNJA5XfFDhj/RNSyEGJGPf7oHiuzxsuEOO6NG0OdgBVgalkcyJ8pAAVlTU2kAkdkSkphHGC5oypjQ0cDCPZxkfGOOSMG4GwSRXADKjk8qhspbRPcAN1FklAG2P1XZpQAR7KtmqAAcf5ozJZaFnqBySFV1NVklo7rlTUOLsBCjjdq1OChiss3HfCdIQ52EZrQ0YCe0DHHCcOUQlyw8nQDlPHCcNIbuhOcAoWnwGYQAcoMkgd3ATHzZ2CE1pyCc/qmwhnkvPofvnfuiiMuXAwkDIRmp6iiYGsaO6cBjuukgJj5mtGOUPRTkkFyG8kIFRWaT5EKSQuQQxxdklDJ7uBM55Hmpmldudk6Nu66xjWgk9kOWtggbnxBlVF4QiU8Pkk4axuXcKLUXKCMYa/wAyq6u8vflsbgQqp85lO/dC7E+BcrsE6vulQ92GS+UqFkO8zjuUIklcyUpybESucj0qd57HKDvndIEk7lFGnC+idnyEaOF1JJEQSSS60HKNLITeBydgJAHCemipSycwF1JJQAYuE4GURR6kgggFQMFMfE8oKUcQZuO6UTDnJRtPugDOJ6bp905Hgg5JJJQgkkklMEEkkkoQSSSSIgk1OQ3vawanHZLk8LLLisvBEuVUYISGuA9VnwXPdlxUm41QqJi1hOkFCaPQLm2vfLJtrht5Dwgjcp9VMIoCQME7BcjyOyh3GY+JoxsAlSe1Bx/LBXPLi7c8pieTk5TErOTVjA5JJJCECRUJFTRokkklCnyJdAOUgO6JgYGypoS45EAkeF1cPCgQzGXKVEMAIUTfNkjhSWjAG2FAXwNeSOO6DKRjlGk+lQ5CfVBKW1Eisg3cldj5yUMnJRot0tLIzoM0gA4CYHZck5+kHZcj2P3RMAO1+GkY7IGckp7/ALoWr2VMg5JJdAyUpvBo08d08BIANbchaiwUIrK6FkgJaCCQqO3UzXSBzhk9gt/0paphN84GjS043WacsnsPF6TM0zXsayjpg1oAwFnblVOfPqznP7K3u1RoiDQceqzwJmm1Z2CS+j1/6iiTSA5yRurNuNIPqolPHsNkWV/n0Dss1mB0ftQ2fL5A0b9lbQMbFBG1rcbbqso4i+Yyu+lW2MsyOAlmqqORP82Cp9sg8STPZqrG5c4ALSW+mEFO3+p25KVY0bqoYeSS0dlTXqt0HwAcq3ke2GN0jjsBlZGsn8ed0gzg8JbNMntAySYIGnOVtOnLcKWlbM9vnf5lkLdTyV1xhjjbwd16NHGIo2sHYYWe58GjSQzLcMmeWEDjKhlpJ1Hui1ZPiAZ4XGvyBssE5ZfJ1ujjOUGskwzwx3RnFrc5KjRxmorGgOOGDJ/6JQDfJN0iC3gsHmfsraijENHHHpAOMqtqSXyxU7W75yQrWocI6UYHZKlLBppXOSsqJnF5JOd1ZWyNogzjkqqaRLUNae53V7pZHGA0YGEjtmttJZM/1lc/lqXwGOwXbLCxABvjvO/b7K06vuTKiqFOzJIKpZZ8QeFjCdGJ5fWXfLYyK2KWurmwt3dI7H5LdtYykpWUzMAMaB+fqs10vSNkrHyEZdG3ZaSTU6TCRfLEtpq0VbS3e2SrXSyVErI2jJe7H5La1jPlKXy4GG4VZ0zQta7xngeVuy51PWS6hBGeRhcHVS3WcHq9LDbBNlh0ZbzWVslylZ/LjyAfUrRXGdjA45wMFA6To5aCyxsm+p/n/VV3U9UY4i0fiKxzWTbHgz81RgzSMODKdLfXHqo8TS84yu/3vnHAH6KRSR53AVqPsTN5LGkjMuiJg9lPu07KSDwIz5y3CVqjayMy48wBwqu61JqaonbDRhU+CEamYHzt1b75V9Rw+JKDjyt3VVbockyuG3ZaG2xEt18BDKWA12WUQDRkBNMxB0kIow1qhVtTFBC+aR2nQMj3SUtzG/JsjkxPxLvTXeDZIHed/nkwe3os3RwCNjYwMYChVNVJdb3U1UuXYecHPZW9ujL5Gj14W3btikc5P5ZuTNB03bGySCV7STlei26n06dsALP9N2t0MQc5uQ45HstbC0RtH6rHdLk2Vx2lf1VcTSW4QxHS6U4HZZ7pigNwusbZBlkfnd7oXUlwdcLnoa7yReUBaToa1yxtfXv2ZwB6lZrPtQ01ukh7Q0bBWsQxG0eyhQRl5DiFOb9IXKvn6ADAYXRykkOUgMIOF1cHC6oQekkkoQSSSShBJJJKEEkkkoQSYknoABiSSShBJJJKEHEjHKAeSlk+pTM5RJYIIoRJ4RCQhnlR8liWH+Il30sZa4X4cfO/Hotu46Wl3oMrx7qe4m43ieYbsafDH5FbdPHLLbwZ+teA3TlXvwvp2zdTNkIBMcZLcjg+qzVYHF2Vv/hHSxh1ZVuYC8ta1p9MZz/mFvtSjUwISyz0rSOwTPxJ44TPxLlyeUaJLCHnhCeTwikhBfylrss6ujlcSREHgjRjKAScpy7sW7nCYlkMper66Kiss0pOJOGrIdJ0z3SGo7EZKsfiFVxnwLdGdT5DkIlgpXU8ALhjbC01rDKLGd5jaTlUjyXznG+6s7nOPDIHKhU8Y1BxHZb4IgVoIGCiJwbsg1lRHR0z53nZq36av5JYEamXxw3HlnxMrmXLqWnt8D8Q0wbJpz335WRt7DV9Rz1Egy2DkZ2+yJHWy1punUUoy+XJjyeAOE7p2IwUZllbmSd2tx9V9F8XRsqTPmXl9Q7ZuJYXOchmG4GoodigbLWa3DOjcAoFxlGQzvyrjp2Bgh8THmJ5XTvlsg0YvG0udqkaSnwBgdlKagQDupbTgEriz5Z7emCihksuGnsqK5TEcKzrJMAhUVW/U/BRwKvniOAMf8yQDCtLdEA92VDpICXj3VtHDoAxt6o49mBvCCPaGtIBwsf1pdIbVa5Zyf5mCGnK1VQ7Tydl4v8AFu+tkrKeyUr8uflxcDt67/lldjxtLnYjyH1X5H+BoZzT9YMMXOlkfM85dK4uJ+6tLZRulOwVbFGdTWkgnjZa/pugPjgubsMZ3XvNPTtWD8yaq7PJs+mqAUtG17mYcRldu9SXvEDHbN591axRsgpNR2DW5Wce4ySOdyXHK2OOEcly3SORt8ykB7WNydsIcJx2UHqGq+Utz3juCEq6W0fpo7ngwPVtyNbcJMSamMy0KggyTkpwlMoe4jOXk/umRuOrGF5TWWOVjR9Q8NWq6UiU7YLkm4XCcgFOe30XPTwz0USiuIyCqKTklaG4xuw72VBIDkjvlGjka2OJ5A5IcpAOQo34lIZ9IUMMDh4Q6UiKo0u7lFAycIOkipH5IJGmDxJM2vTG1xgx/UF6+OG/ZeP9MkC4QZ/qC9gHDfsskz6Z4R5pDQqfGfIR7KBApzPp/JIbwekr5RkK1ubk/wC5UKvYQ1WFWD/E3/coNwizBnCtSyc2a+1lNHGCTjjCg1jQJMeitoI/KSR2VdWM/ncd05HK1MfsILGedzvVVl8diJwA7K7YwCZ49Aqq+w5idkdltpPN66GaJGObynuATG8/mU9/C6Eej52+GEo+QpZA2KhU2z8qxjGWBWkZp+iPM3GNsoZUuQDZC0Eqn0RMhyN25wgPZk8qbIwjZR3tJWaaGxb7DUE5ikGTsr6CfOmRqy7GkHlXFBONIicVmlHJ3PG6vbLZM39oqfmaYtcc4Cc+l8TbhUtjrBBLoJwOCtMA0gFvBWeyJ9E0tsbq1gzVbAI5CMdlB8JwOcLU1dJHPGQRvyD6FUc1Lp2xusU1gZOsHA8sc3fK01nuPnDCQAB3WUIMT2nH5ZVlS1IbjAwR3S+gqXh4Za9VW7dtfA3AO6ppmirpM8uatpD4d3tggcRqxt91j6iJ1rqzBIPKSQtNZV1XbKeBzqeo82wOxVsYsDOVGutMMCaMc75CLQVHjQtDj5mbFXKOTPD7XtOGPHIUeWPjAVhLHgcZUcxnulSbiNlHHRDDC05RIahzCMDhPc1MDdOyBAJ4NVbK6KoptIHmbsU6ppGz/hVFbKk01Rq5DhghaeKWOojGNk0enuWGYG8WwsmcWtKpHgxvxhekXK2iXPlG6wt2pDDORjG+yNcHM1ml2regEZ2RgMkFRWbHCkxcN/NNRz4LgT2A7lcjO+MI2MpjGEEhPjJxKsh+hxaW4ICex5k9iEhjTjC5pLHAgbLfp9S00mcTyXjFqY74rk0nT9+loZWRyyHT6r0akroa2FssRB23HovGtWQFoOnuoJqCVsUr8s43XZhZk+a+Q8fKmT3LlHpGMJhGMbptJVRVsTZI3cqV4YA2C1p5RxpS2kZ7BhQpo9XbCtCwHlRZI/QK3HJIzyU88ZwfsquaIO2c3UO4V/PDjP2VXUR4PCzXVpmqqWTzvqOxzUUxqoG6onEkY7eyh0NSCR+hC3lfC2phdA9uzhz6LAV9DJbqtzeBn05XNuqweo8Xr3Q0XtNK04GRv7q2hwW51ZWapJNg7KvLbO17vDJxtkLm2Rw+D6VoNZDUJYCTwh+4blVtTBgZ0rQiIEcZUaqpMjAACzNHWlBYyjN5cx2ym01UThrl2pptByG4UTGkhUpYZnw4suW6ZG5xlDxpOEOjmGMFSizO+FaeR0Xk6NxkhBczI4RXDGAnaQeBhRlqOStmg5wFCfER2Vy+IuGQFDmhHphLksgSiVrG6HEg4Ws6bvUjx8tORhuwKzE0JJwFyGd9M7LTgpT+1mjT2uqR6VIwPGexUCqpmkbD80GxXY1dOGTOGWjZWb49YBCYnk6W9WlJKx0ZxjlRqmAPbq4cFcTU+dy1RXwngNRIG2nKKdodGd1KZLqw0pVNOcggdlGGqN2CEyLObbXgfXUENVD4T27Hg+6x1fQyUkjhEXADstuyQEAFR7hbYqpuQMOPdOUsHL1OkUluRlrVVzGTwpHZGO6vIHOY/LXLOV1FPb5iNwM7EKyttYaiLDz5m7H3Wqu3HByJV44ZdysZUw6XgE9sdkClqXwP+XqCcA4a4pU8xZt6I1RBHWR4Iw4cFb6rsCJU55Jnh4GQM5QwxzTghRKC4Pif8pUHOk4BPKvHRRuYNhuMrdG3IiVeSuczLSqyuoWVEZa5gHofRXj49OdlFfHvjT+6trcInTu4RiXNfTTeFKMeh9VYRtErRsrO52ttRGXtG6pIJJKOXw5skcZSmjBbTKuWGSHRnIBGF2Wn1MGG7qU1rJWBzd9spEE7Y4VbckjEoKyge0504CgvbpJJWpnp/FB23VPV26cEkM5KTZWC47SubL2xyutjDwfdN8MtJBT43Y7cLLKIOSPNEY3HA2XB5wFNLRIMYUWWEx8d0HRSlngbp90mOcxwcDwkCF3I9Vak48oYy4tt004bK7ftlXsc7JmZG+Vis4cHZ4VnSXF8RDc7Baa7fUmc+/T5lugi5nGHbBMBwnQVDKpvOSE2UY43wnZT6EbWlyOAB5TdOg6lxkzBs44yiBwcdkaYDiHpLhLTSagOFtLP1C18LDrJH33CwxDSMFOhllhdrheQtFc9pivo3o9dhniq4g/IdnkFQq6ztmGunIYfTsVlLP1QaZzWVAI7E9lt7dW01ewOilaT6ZTnNM5rqnU+TF1Zkp5jHKwjGyY2UOGRutvcLdBOwtnga7I5wsNeLZNZ3/MU2ZInfU30UcsdDISUnhhqepLX7DBWosHV9Rbj4VaHzwHbBOS37LCQ10VTkxOLXt5aVNp7iI8Coft2CuFuRk9NFrOD1WhitlymNfYrgaWpf5jGHYBP2W8s18qSyOlujGiQDT4jeHFeB0tS6PFTQymOXlrmnhaq0fEaqt+mK8wCVnHiN5/NaI2vo5Wq0k5v7Ue4xObJw4InhH7LOdM9QW690zZqGoDiRlzM7haeN2sAaeFpUso404ThJxkgBjA7pphaVM0ey4W+yvIpldLQR9woE9M5rshuyu3Bzti1J0DXHcKFplDpKWn3VzPQMc3LG4KrnUkzH4LVBql+yH4R9U7Q52xCPscIrY2jlWXvIMlHG4anNycKFJRu5aMBXTmoQZhQtTKYwuZsUtBVs+ma/twhSU2fpGFWBnyFaYgdj3VRd+k7XdG5kYWyH8YAytC6Ej8K4YidsoJQ3Fx1EoP7TyS9dEXW3EyQgTwjgtG+PdZ+PLXaHDBHZe9mm8pBGxWdvfQlsujXSxxthmP4mDH6+qRKk6NOu9TZ5eBHI3S5oI91X1drb9cDcA8hXt66QvdncXNY6WIfibyAoEEpDQHndZZVYOjC9S5gzPz07ozpe39VU1VsacywjS/nZbp9JDVM3G6p660z0zTIGlzc9gs1lRuqvx2zKRzz07gybcepUlr4ZR2yplTSsnYWkYcqySlnpiXNJOEiUHE0ws39D5qJrxlrQq+Wkkj/AA5U+C4tBEcg++VKHhTNy0g59UDimOUpLsoY5J6d+qN5afZXtt6pqIiI6jzDhR6igackDCrpaYNJ2V/JOvop1wtXJ6DSV1JWtDo5G5PZHqKVpaMtAyvNoa2po3ZjeRjtlaS0dXgYjq8kf5LRVqFLiRlu0soLdEt5aRw205UcxEHccK2pqyirWAwyNORxndcqKBz8ubjC0cS5iZd7iRaWsnp8BkhwN91c0t0kcB4p2VG6hlj3BB/NMjrXQksezJCVKK6NVWssp5ybGCoinbkOCUjWOHIWfpLhCRq1Fp4wrCOcyY3yCkToUjs6XycnHMmSDE1p8o5RqWpnp3AxykIDZNt11so1bhZp6ZLg7Gl8w65JpmloOpJYy1s4yOMrRRV1LUsBa9pJXnhcCMZwnU1ZU0zsxyED0ysdmij6PX6T6qe1Qnyj0cSGIaonlpG/KPFdGbCYAH1CxlF1O4ER1LDp9QraKqgnAfHK12exKzT0uD0um8vVdHMGamOogmGQ4Lr4WyDSeCs/HI9u7CRhSKW4TRu/mHU30SJ0NHSr10ZLEglwsFJO3du57rMVXTRE7oxhg7OWybXwyYEhweye9lLUAeI3IQcxKlGu3mLPN6u1V9IDgF7BwWqNHdq2ABjy9oHGQvQKy0VTAZKKQEd2uCpqljJB8vcqFhb38uP3VmW7TtfiVVL1E4MAkw4j0KtYa+huDNMgbnHBG6pK7p+gyX22Z0bvRx2VdNQXSgAlYRJ/yndWkIk5x/I0kttewl9DU4I30kobLtX0n8uvgEkY24VJD1HNG0MlDg4c55VnBc2VAGpzZB3aVbhkpWNrEWSHiguB8Skk8CX0zjdGpr/fbS4Mq2iqgH5kBRpIKOYamAxu9WoLhURN0ioLh7qvjG1Wzg/tNlbrzQ3ZuIHaJAN2O5RKiN7PMRsFh2tOfEb/AC5B+NhwVZ0fVdXR4ZVNE8beSeQEqUcHSq1bfEy5kdqOk7YUSts9LUty5ga4/iAU2K5Wm8Rh1OdH35yk+mqIN43629krBrhZGwzc1qutA0SUNSZMfgccJU/UE0REd0hfTkd8ZCvn1MkeDIxMe2jrRl7WavdA0mE1/wArOQXSKdrQ2qDmnjBU4EFu2MHv6rPVHS0T366aoMOeQ0nChma9Wg6ZMzQjg87K8ANzX5F7X2i3XGLwKqmjezfHl4WTuPw0i801nqHxP5AJVzD1DDpBe7B9DsrWluUFQ0OY8ZPuoJ2xs7PPIqrrHpR5j8SbSD9TckLb9NfGWYCOlvODjbJVnMGTga2sd9xlZ+7dFWW56pPBMUp7x7bpbW4CdM481vJ6QL1ZuoqQRAU88cg3Y8ArG9TfBXpa+NdPQ0raGd248IYZn7LESdJdR2T/AHm03SZwaciMHG337qxtXxT6gsj2099pzNENiS3cIJ1ISoRfFqMZ1J8H+rrBI+akiNZC3szdxHsO6xkjXQSGGrp3RSNOHNc3BH3X07a/iB01fgzwrkxkp/4chwQUa/dHdO9SQn5+hjMhH960AO/VYp6dSFWaSuXNXJ8taG51RuwfYqfR3qsoyA9xc33Xpd++Bj3vc6yVjGAbgSO5Xn906M6ksYca2ic5rSfMBkEfdZrtL+jM6rKn0WFL1JSzYZJ5XHlT2zMkbqY8OB9Fg36dWHsdG73R4quqiaA2U6fusf8AFknyiv5ElxI2rtQ8wdj8l1lSYyDhUFH1E9hEdSzU31VlHdKOd2lrtJ9+EDoGx1KZatqnPbhx5QKimhnYWEAEnII7FR/Ea/6SuiR4IwCUvZgZ8iZBloaildqA1D1CJBXSA6ZTsp7ZyB525XXw0VW3GA1x57KbSpZ7TAGSGoxpdv6IEkGlupAnoZ6dxkiJI9QUxlzkZgTtI9CjwL3JfkELSCQQk2pkpiHRuIPsjfMQTNBB39lHlgcRqbgj2RF70W9Ffw7DJ/1VkKqKoxocsW9rs4byE+KtqYTku2CgLn6NeS/Oc5TlnKe/bhr3K0iuUD24Lhv7qbwdyfROL28HCEWNOwcAgCUOPlKIQQM5RrkptMGYmnt+6E9h5xx7opO+MoTgcHIKagOgRJBXNDHbPjDgeyc4HKblXlroppPsFJbLbMDqoo//AChV1X01Zpz5aYRuGd2q4acZTXDON0yN1kfZnlpap/lFGVd0Vbjn+bJugHoKAn+TKTn1OFrdPuu6cbZTVq7F7MtnjNM/6TFu6Ir4D/KrYiz+knKFL0XXSf8AFiH2C27gD3TS3blG9bYzM/E6Z+jAP6Fqz/xWfopNH0lcqM6qeo0HPqtjpIJTHOc7OARj3RLUyn+QpeMphzBGZkd1NRPMbMv9+yC+pu53rKUPH2C1D3l/KFhXKxSKek/uUAmpsAVFE1h52CQFvk2blpV4Yo3AgsG/soz7ZSv5jwqyiv47XRWva+MN8OpOBnG+Eo7rc4D/ACqokD1yVLks1PIdiRhCkszBjTM4fZDtiHBTiGh6ou7ANT2H8lZQdajwwKin845I7qgfb5WbRkv+6Z8hUAZLQhdSY6N9sejW0/WVHkaw9n2VjB1RQzYxUFufVeeupXgjLN05kT+yTPTJmqrX2x7PUKa9UZw7+Ix/bUpjLvD2qA77OXkXmG+ESGocDvI4fms/8RejdX5W1HrzbrA/ADs/mpLajWAR3XkcVyEW4qn5/wCYqRHfK7I8OseQPdL/AIiNUPMSXZ6sJsnOEQTHHC8uZfriMH5l36o7ep7gzfxnbe6T/D/Roj5dPtnpgfn8K74rt/LhecR9YXBuAXOP5qRF1tUs+prj+ar+Jxk2Q8pCR6AKo9wu/Ng7YWGi65w7+bCSEZnWdDJthwz7qlpWx8PI1/s2hqiBsh/O1DckPCyP+09O45Bd/wCZFbfonkFrzn0yotG/ZcvIp/1Gn/ilW131ZRxe6hozjOFlm3Zx3bg/mu/xp4GDHt65VrRouPkGupGpHUcjdpAAEh1JQt/vHYWTN3jP15TXXGhI3Zv6qLRhf8Qn+zZM6htEmz3lHZcrbIAG1en88Lz+SopXnLXY/JCfUxHh5Qy0SJLydkT0kVFHti4k/wDjRWkSD+VUA5/xLyx8pd9Mjh+aCaqqZ9NRJj0DihWjIvLWez1nwKgnU2Qf+dIxVWNjn/xLyf8Ai1a04FXNkf4ymm+XXGBWS/8AmKv+E2X/AMWh7R6qWVQ3z/8AVJmp/BlP6ryg3+6Z/wC3S/8AmKH/ABm5O5q5D/4irWjZT8tWvR62ZTg/z/1coslVHGf5tZCP/trf+q8qfdKxx3qpc/8AMVFmqXOOXuc7PrunLR8CJ+ZivxPWJb1bYhmSvjz7HKgTdWWmPI+aYV5j459/1Tcg7lFHSrozWeZnLo9BqutaCFuuIeK7sAq2X4g1jvLDSRN9DpyVkElojoq+zNPyNszQz9WXaoz/ADdGf6dlAnulwqAWy1Ty30yojV1M/iwXQt6i2XbHOOR5jk+6DjfOE7kjdPa0YUjWolKTl2IMaBjAXGhwO/CenYCKS2lpZEBhdSSR4yTgSSfrC4XAodv9iZwNTiccJh4QyTnlNUPZW5hTJnsmukGMIbpANkAzDBR7UhdloV0pycKO+dzhjCYZXHIwmK8GaVzfBxziTlcTc54CciUWxc58CSTWtIKKwHbITVEWop8jMFFY3G6dgEDbCWcK3EZFBOBgDCQcO5CWoEEeyBgkql2HnASXBxgoYJJxhOawjBT9AR7eCHY4gQCV1wDRykCGhR5ZdWyW0kym8Cmm32C7A/fdRyMncqdbqKSqkAZwOVAoZkyTBD4uny7Kyp6OGIiTTv6I9PSNgZjSEXThQ2wikjoGBhPO65p90OaUNGOUZYOQhvdQ5ZNA5BylUTt3yeAquqq2kEDdQz3WpI7V1enIBCq5JnPyFyV7pH7HZKNhGHKHOnc28HI2F7suUoMAAA7JjQBsAiIoxyBnPIk4kJqY5+nkq8EYR0mx3UR8rjt2K7IS5wwiRxjIJCZCDYOUdgjJOXBSAwAg+i6xoA9F0hoGdX7J34huWDuAk5wDTuEJzsbZQzk91HLAG5HXzkEgBCOtx3OycG78J4AAyFWULcsDGswMkbrhka0YABx7oVVVxxtIfseyoau5PLtLOCUmUsGedyRb1tyEMeAefRUU1QZXZPdMMj5N3nK4kTmzLbZnoZ3ykkkhi2+xcXnsSSSShZ6Ku5KckvpcY5Pk4kjuku4KNR/ZQ1rd0eNh22SjjzvhGaxoGCjUtoMpZG6WjhdSSRADEhunprjgKFjZnNjZkn9FGGXnUU6cF5XW7DCnYR0ABdSSRxQYkkQDCWn3THEg1JO0+6Wn3U2EGpJ6aRhRxJ/k4kkkltYIJJJJUQSrbzUtZF4TT5iplRIGAb9lmKmY1E73k99lkvs42mmiPsHGDlTYm8HCjRAHGynRAaRsscY57NE57UckIibkDfCpZXl8jnOOclT7nPg+Ew423VWH5JGOEm184GVR3LIxJJJANHJJJIQxJJJJo1iXRylgpAHKpmd5bCAd0YDGwQRwjK0EwSS5kJzPqChYWNoByAjnAamRjYHC5KMhU+Rb5BzEeoUObgp0pOrlCJzhZ7BkVwDaHF+eylx/SgtA2RgRgqt+0JjHokaHg6kbYNUi+QHLByY4PKYOFx253TWq1LJWW+giJECSABlDxhTrbBrd4hGwOEqZ2vH0b8fsu7NQkvjywnJyV6Va6Y0lK3Ue2cLO9N20PeyQt8jBlaKtmMMLnA4AWd8HvNHQqa8lTdq0VExZHxwh0MJc8D91DOZZRpG5OVcUEBLdRCzzlk6NSzLLJYa1jc4AUVjfFmc7sUSrfoZsnW2AkFx/CC5ZmbFzJJEloaxjWNbpx+6nNj00uHc8qCzM0rWtHJU6Z+BoHZC+jZVE7QU7pqhoHA5Wmb6KpssBax05H1bBWcj/AA4nSeiyzeWbKotLJUdQ1Lg1tMw/Ud/sqCYgENUmsqTUVD5icgbBQdPzEsbM/W8N/VRvgtre9prOjaBwa+ve0Yd5WLUOcAColvpm0lJHC0YDWgFOrJtEWpu5WS2WDr6ev44YYCTMkhJSA0jVyE3nSM+Y8j0RJtLIiT2WRrcx85YRFnlI2Ck2mEsPjubycqDHmaoa31Vz5YItIHAQyjgqv7uQtNiWtc4t4GyJc5i0iPtjOErZHqzORjKiV5dJO4k53Waw2VdHKKJ0lSCN8HOVaXGpZTUr5HuADWH/ACUe1RlrDMW/VsFUdZVxhpnQDB1jSB/mUMYtgau7462YaV5qKmSpec6icfZDe0veNJySkNhglSrRSGorGkNyB7o3wjzcIu2aX7NNaaSO224Oe3+ZL5iVMo4XVL843J2Q5w6SWOEDygDYK4tlM0VEcI775XO1VnGT1NGnxtS9F9QD5SiJdtkKupWOul8ijc3UGuDtlYVUrIo3FxAaxqP0LReNNUXWQeRp0t9T9lxZS3PLO3Xwaypb8vBhuBpbsvPOo6mWorREXYaAtnf6zw6dzg/B4AWA81XWumLshmcoIrIc3hD4/wCVSub3UqgY50Q2zkqFNKDsOFe2OlEjBq2xhGLSyT3yR0VCXkbafXus5E41DySNid1O6iqzrFNG4aRyPdDoIA2MFw53SpywHGOSypo2hrW4wPRX1IwCJpaFV2yFr5f5gzjhXflYwNAws9nIzG3kaTnYLEfEa8uorf8AJRHEs50tPoO5Wylk8IF547leN9TXN17v7/N/LiJY30HunUxyZtXbthtXsFbacwwgyeZ7t3H1WtsFEHzxPkbsTt9lnoI3PLY2DfYL0Hpm3ObT+JKOMJtktqwJ0+UsGsoog1jGRjbbZE6hqv4dbHyNd53gtbv+6NQgBokLOOFl+sq6WavZTE4jYzOB3Kwt5Z0I9FPQQOrK2Njnbvdz9165Q0rKOjjpmAYY0A+59VhuibS6oqDXSsHhs2H3XoUfIwseps52osmUjG+CM8oqHGMNwiLlzeXyEgy6Acrg5RNiBshBOjhJJJQg9JJJQgkkklCCSSSUIJJMSUIJJJJQgkNn1BcRNbfVV0AOHCCeSlk8ZTDupjBBPfpQwcrpGe6QGFTeSDclJJcJzsOUUVkbAqOq7gaCy1D2SaHvaWg+i8fkcXN1OO53W3+I9c8Sw2wEgga3+/ssJOcEABdPSxwDPCI0wDuV6t8M6BtP094wGTLITleWBushufq2XuHTlI6hstPSloAawbD17puqliG0XVHLJ6EiucAdyhLmdGhD8lcTUkJYxJJJEGPXcDG/C4o9yldT0E0reWtP+SZHspnn14kir+qCWjLIjoB7ZytFGPDbsFm7A1tTVvnkGXayVpZBhhW6C4IV9U50km52KJANIGyA/wA0qlM2aFsgslhDsMrFfFG+OtvTErGO0uncI8jkAnG36raEgDdeSfFaqZc7/bLPHJiJo1y++OP8iu34yndM5PltQqqGjG3Boo7HSW9jtpHNL8c4zwrmANip2BowA0Krr43T3ttMQDFA0HCsZ5wxoAG3ZfR9CttSPlmtucrWRCDNU+bcErZWeBkcLNIwAsvb4vGlBAzutpRxeHC1uN8Jeqll4O54en7NzJrQNiiyEEJkXBQ6l5DQsG3ng9DnaiuuFQGh5z7BUwLpH6ieVKuDiX87IMAy4bKGS6zJOpGEEEqxAwMKJTN0gHClHzZCbX2ZZ2bFkh3iphpKKSpmfgMafz2XzRcqx116hrbg86m6y2P2C9e+L99Nu6fkpYn4lndob/qvF7fC5kILt3O3JK9b4fTZkps+Kf8AiJ5TfOOlg+uWWtspjU1TW4yG7r0Sy0QaxjGt/mOOfsFk+nKaPAfjLieVvLWBHGZCMnGF66EcHxjV2c4LKsk8Oj8PYkcqkjYXHB2yps85lidlAhbkDARt4RkhHLOmPSN1598RbtM3RRtOA4LfVbzGzUAcALxPqi5OuV1llLstYS1u65uqnlYR19FTypEammx5MKQ3GrjCqYZyydrjxwrPUHtDx3XndUsyyfQvE2b4bSQ0jZFABac9lGbkd1Jb9B+yxez0VZV3Lh32Wck5P3WjuIJDseizsrSHH7ozma3KmAwNeAijhC/4iKOFb4Oenhj29kHA+ZRxygP2qAUqw0weTW9PbXCn3/EF7DHl0bD7BeNWT/t9Pv3C9opMOp2Z7NCyyTPongJZhtJEGM7qwiH8vJ4VbpIJVuxv+5DHKS+z1kVxgx1aMXN3uSh1oJpipFwaRcCcdyhTjVDoxyqOfZ20VcTdiq+rZmY7d1cMYACFX1UJMxIHdPgznaiOY4RXBv8APfuq2/MzE7f8Kti3E791W3+M+E7B/CttXZwNdDFEjCN+ooko2b9kN+zvzRH/AEBdGHR8ysjtY2n2ePuraMZaPsqin/vVbQbtaij2YrBz2rjYxjhFLchOjiJ7InFCPlwQpYe2lQpmaT9P7q2ezOxUSeMEbDdIsgPhZnsrcAOGFJglMRDx2Q3gg8JoOO6z7cGuMv6i/t9a2TS5uxB3ytnabgyUNhldjPBXmtNMYXg8LW2WvYXNBG4Cz3Q9o9l4XyPSya57BwNwqy40waBKwfdWNJP4jQDyiSxAt0uGQVgsie1ilYsmTmjB4CHESwnJVlcKcQS4aPKVXSsxuEn+wmS2M0nT1foeI3OwCpnU9pFVD85FyOcBZSmqPDcPuvQrc5ldQeG7fLUfQz/cjtMHCfHgdC8ZcxQKdzqOrLTsCcYV5dqF9sri7HlcVXVlMCfHY3PflGjLKOJ4ZO1axs1AlbpOMcotE4PjBG+36IksWcHCk1lDu0V7mob24CkSRkHGENzCkCWgAeWuBCvbTWkENceFSFuOSixuI2zhQuEtrNg4MnaHLK3+2sJe4t2PB9Cru21IkiDDyEWogEzCMJiDtj80Np5jLC+CTD27990+J+QB/qra+W6SAyue3GeFSRgjG6dE4c65VyaaLKLzAHCdp9kGmcMgZU0AObgBaE8opckcd05wBXJARunMIyrjLawX+geD6J4BBzhHawEfTlcEe+CMLo6bWfdhnD8r4yOoW5Lk0HTfUbqeRtPM7bsV6LBK2aJsjTkOAIXjL2Ojw5vIWt6T6nkjHytS/LRxld2u1M+Z+W8bKqblFG9Q3R57okD2TsD2HIKcWrUmsHCzgg1NNtnHZVE8WMjC0skYcN1XVNN6AJdkcjqrcGXq4MnYYWfvVqNbTEMwJGnI91r6uE5xhUlU1wcsN1Z0qbsGDpTLTTOpZ9iOMq0hlLHB+OPdN6itzn4r4di0+YBBopBUQgjkbFcy2s934TWYwjU22pZUNxqyccKY+PxAsrQ1ZoqgPP0nYrW0L46mPWw5CwWLB9D0t0dRXwV1ZR5BON1SVNI5jtlsJoA4bDsqqroyewWSaY6dWejPxPdE4bK5ppRI0BQJ6VwcDhcgnMTtLtsKKWDPhwZauZwQuZxthKCRrmhE0FGuRsY7gYAPIUaoi7gcqZp90tI7qBOvBUuiG+QoM8OdsK7qKbbICgSxE4yEqS9gOOOgdDWPo5Gu9Ft7ZcIKyFpY4asbhYGWM8qZaaw0swfkgdwgUvQ2u1wN/JCHDIA3UOanxvhHttfDVxBzSCe4ypckIcMtTjp1yVkMlDPBntwq6qg08DBWjmp8cN/dQKimz2VrIi6pN8FFqcxwGMKbE9rwAUOppTnICjtcWnfsmJ/swzrxwEuVqiq4DgA/6LGSw1FpqsPB052Pqt9TyDOlx2Iwol2tMdVEfL/6J0ZHK1GlzLKKWlqmTMD2EKfBKcALOPiqLVUFrs6CVbUtQ2Rocw59QtVduDBOvbwyfUUkVQPELcO4yF2guE1JIKWqJc0fS8+i5FLnDV2ppXPALQCt9VyRlsr/AEXLXwzjLSEySmA8wCooKiWhmDgSWnkFaWkqoaqMOYQfUei3V2ZRjlHBAkixthU10tLZ2OkY3BC1M1MHDLcBQ5Gb404RNLIm6vcjEUsstJN4Lz+qtowOSj3e0NnaZom4cN9lV01Q6J/gVBwRsCpBHOl/pvDJunbIGya5uppb6o4+nKYQQTsqshkm7Jn7lbCwF8LeN1VgYz7rYkA7EZVNc7XpJngbseQFjsqfoWVLHbojmNe0bqM5pbunRvOwWdxx2Axk8B5aNlH1HO4VllrhjCBNTHYgIJR/RalkG05GSmB5Bz6JOYWp4IPHZL6L6JNFcnwSg8Dv7q4iq4pxkOWbc3HdPgqZIHauQnwtxwKsrUujSOi1bggoEj5oCNIyEymrWPaDnlGkeHjyrRGW4zODQ+CobLs92l3vwjgysOWgH/VV0kR22RaarlpyGu849CUyM/2IsgWkMkZALiAe4KvrVVSwYfDMR7ZVC00dczAcGP8AQ7LjRWULtUbyWj32T1LKMt9e5cnqNs6iEwEVW0emVYTUlDXRksLTkcLz20X2F7gyoBafVaumly0Pppd/YrRDD7OZZVKEsxM31L0lJAfnLezQ9pzgd1nG1skR8KthIPfIXqL6mSRobM0ZHfHKprnZrVdwWeVkvqBhU445Q6rUvqZl6Gt+Xd4kD9TDy0lXlHcqOvDoXM0uA3a5Z649P3Oyu1sjMsWcjHoosNVBI7zao3jkcIflwzQ4qayjXxuuFmlFZaaqSIg5w1xwvVehfi9DU+Db7/5ZfpLxsPuvEaO61dP5S7xY/Q8hWoFFXN1MIjkx9lqquyYNVpY2xxJH1fTz0tXE2ajnbKx2+WlP0ZXzl0n1xfuj5GxF7qml4LSey9x6R65s3VDRHTv0VIbl0btj+S0qSwecv0ltLyllMuvCXNACnmIYyWqOW4OExYZkw12R0pImSjDgjmIjfCHo9leCZK2ptgeCYCGu91VvZWU8mioaS08EDZaYMITZo2yDDmhw9FCZM+2YH0Kfq9lJq7LkmSjdoPJaeFUyVE9I7RUREDPPZQYkmTMLmkEJsFXDIBh25TwN1YWARjGUzwmqXoOM4Q9KrBMkcx5GEtBR9AS0BVgvJGMTXcgH8ll718P7Xc3F8AZSn1Y3v6rYaCloKXKrcMhdKt8Hil06VvdhkJfTmeDs+Pc49woDJmSeQ8jkFe6zQtkGktBHuFmb18PLRcw6WlYaWoO+tmwJ90iVJ0atanxI8lrrPBVDVEGxv9QNiqKqttTTkiWLLfUbhby7dLdRWIl1TSGaAcPj32VfFLBIfDlA32IKQ6c9nUp1axwefVFugmzpABUB9LU0rssJIHC9Grekaerb4tu8kh352KzldbKy3vMdZCQOM42Wayh+jdXqlLopaarL/wCXNt90aSmhmbkALtRSRHdux9lHBlhdjKRKD9mtS9kee3jfDcqDLRPaTpBV0JNY3CHIzIwkuGOQ1MrKauq6J+WucMe61Vr6wZIGxVf23WcnhyPp4UKanfkYCONk63wC6YWdnqAfFOwSxOBa7fIQpqSKYeZoz6heeUd0uNAR4U5LB+FxyFqLT1fTvxHWN0n17LRG6MliRkt00k8xJstA+I6o98cJkdZV0zvN5m+ndXMU1HWM1wSNOe2UCelY4HLcFMx7Qrc4cMVHd4HAB+oFWDZBJhzMEKgno2tOWHBQGS1FNJkOdt78qrI5Y6F+3o1PijGNQSbMCceqpYrpG8DWHBylRVAlxpygdSaH162cWWfiAEd1JhqjHgtOFVePjGQuibI5KzzoydOny7hxk1NDe3tw2SXA+6uaa4U0gBEgyVgY3ZIzupcM5jIOFls02T1Og+pdqW7k37JmybtIICksqXx40nhYulvJp8AuICtqe9U8mATufdYZ0Hs9F5miyO5Pk00V0nYf5gDmohloLiNErBk+oVRFM2RuRjdEYB32WeVUvR1q9V8v9yTVdJU8rddDLh3plU1XZ6+jJEkZOO+FdRSzQkOikcD91LN0c9oZM0Z9Uv7vZoars46MBV0FLVZE0Phu/qxhV01kAbmjqMPHuvSp4KOrjLZYY3A+gwQqms6ZhMeaN2lw9d8ooyj/AFCpaTP4Hn7qq5UnkmBIH4gptN1FENLKiMgYxqV7JYLgNvDjlz2VJcLO1jy18Do39xjZMco+mZpUW1smQ3egqHaA8A+6leFSvAc3b9wsrJRRxg4d2QmS1bAWsqXBo4GUiWGB88lxI1MlE3WJKaYwPH9PBU6jvlxoCGVQ8SP+obrHwXCshfqMpd7FWkN/pMBtU7Rn1GyWPq1Movg3FPdLfXtwXNa48goc1sxl8Lsg+iywZT1IEtPKN/6SpNPcrjREAPL2Ds45QpHRr1Lf5Fr/AL1TO7uaOx5CO2qglbpmaPsUCPqChfH/AL0Cw90YNo6lokgeHh3p2VG6NkZoBUWi1VxOqPS71aqyXp6voy6SimL2DgZ3Vs6DwzlhIK6K2SAgPBI9QqYyVUJLhFAbpW0hEc7XDHdTKPqOCZwhL/N7q1e6jqQHSRtLu+yrazp6hnzJAAx57t2SXLDEuE1+JZfNlwG+coNTR0Vwi8KspY5Gn1G4/NZ51tvVM4xxzlzexynQXuWm/k1jHc4z6K+wJJy/JAbh8PqWV5ntM/hSA5Dc4/dQBP1p0uXNBlfEPwnzDC1NPXRTAOilBB7Z3UoSh483m9iUsyuldxeGVlr+McDIxDeaBrC3YlgwVp6bqXpbqKnbmoiIeN2PwSszc+n7LcmnxaZkcjvxNAGVmqno+ro3OmtspGOzUsXL5YcNZN9cvhv0neYDimaC7cPjxsVgbz8F7lTve+1ytkiHAd2USHqHqmzgwOfOxufqc04K0lu+KFc2nbFUxa3t7juqnBSFba7OJrB5ldekb5Zi51TSFzG8lgzhVDZd9xjC+hKLqyz3UMMgjZIRuHBR7h0l0veCJZ6Nms8uiwM/dZ3RkTLSPus8ObXTswWSKXFdakYD3jC218+FFNGHT2mqc3PDXbrH3HpPqK1El9E6Vv8AUxInptvQuddtfaCx3WAjS53mRIpmyeYOCoTzonhfG8c5GE4PAGBK5Z5aaSB+aUezReOQcYzlMMUU4LZGNIPqqaKtnA06yQPXlSWXGNoHiFL+JoYrovsJPZZWZlo6nB/pJQBPX0rR8xCS31aco/z7JceG47Jza2MDD+6vayOUX+IBtZTPGSQD6FNc+Bw+vlPmho5nawwD1xsoc1E/mnf/AOElWoZEzlMKY2E5BC64OBBaeFAkfXQ+V8B27pn8Tx9cZVbEL+RR7LcV9RCANWUWO8y5w/hU8dyhkOk+X3RfmoD+MfqrccFfMvRoornHpBcd08XLH4gR6LOCrj/C790RtQcbcK8Mr5UaA18bhjTumCQEZG6pmzHPKlsqCMA/qiCU0yd42Tt2TTUjghBZPAOX4TtdLJy7JUGbkE1g7pawh+XPlOy6WlQCSyOLvdcMvbCaYzzumnZQW8oed1zAQi8j8KaZiPwowGkP0bkg4yh6fddEwdtjlMcCM7q1JlbUc2CRxjZMJOVzJ9UTm0KcdrEedlwgHlLISyEakw3FMamage6dkJjkaeTPKCXQIsY47tTTCzsnZC5qKjBcQHhN4xskaaAjBZuiLhIxhDjJeGRzR05OQzC4KYNPl2RTyuItqKw/Y3DguaX/AIeU9JVtXYSA4rPyXQXfi5XfEHqueI1VsSHKWDhc89lwahwMJ3jM9EvGZ6K1BLoLcN11HZ2EvGqW/wDE4S8VnokHg52RTgsEVjYT56sbtrOfuni7XAcSnCAXnGzUMuqBw8folxrWRkbJ+mTheK0bOcSixXiXUBLwfsqwNmPLgU9sEhx5gjdaQSus7yWhubCfO9dN4iPdVzLe92DIQnCjjadxhLdaZctRZ+ywN1YRjJ/VN+ezxqOfdQs0rOCP1SfUxsAEY3VfHguN837JprHHcAobqiU/VJgKH4kzz5XABdbHKd3vyjUEgHbPJI+aZnBecrhlkI8p2TGs3GQEQN24UUI5Cbchpc88nK5lx5RNA4XMBTYgkhwG2/KQOSnEriWkGkEZ9ITkFOanLoYgicm4KeOVY2PPAsFOG6dsQNlwuAQ7VILocGZ7JJnib8JNGpC4ZZG2gpcCmF5O2EmxklP04GcI4wx2T/IMtPK5hKSoa3Iwob6gkkY2UwKsmlwSTIBzj9UA1BP4QgF5JykBvnKYLdjaOySudwFxjSU/A7rhIwrwxLlkRAQ3d108pAZKNRAbx0CPKeAcowptslPDABwmqJMZBNYMIgj7hLOOQnlwxwjSDUBqZJnbCcQSeE+NvmGQoEkCAcTwnsA57qSGt08IOk5OyWFjB3QMIZ2RSRv7IDiMJmST4GPfnbhRxjguCbUSEHA7qbabW+peJpBsN8FLFJOyWB9utzqxw8n5n0WjhjipIhFDGBjk+q7DSsiA8MaUdjBsTuoba4KCBMceSOURzvZceQzshGXbGFBz4COc0NO44VdV1AaOQm1VcyPIyqKrr2yuIY4ndQzXXKKH1tY7OG4UEukeckp+nW7JGU9sYxwoc6y1yYNrOCd0QAYXcBdUEjRyn5AblB1IbpCByU6MtqCckEdMGnGB+qGHmVwbwgkOkcNlIbCQARyjitwtzyPDAOUQEJun3XTunxjgXubYTXgcpjpcbFCAJOclE0Z7KBN5RwlzkhsTlLVo7ZUOqr2wjfYpbaQuU8EqWVsQyVVVd0duIio1VcXynBOyj5Bz2ykynkRZbk5LUySu/mKOBk8oxbnuueH7oDLKTbOAYahnlEJCGeUsESSSSFIgkkkkf4lt4PSEkl0cr6b0fKRye3AcCAlpOkbImMd0SWQZPAhwm5wnkYTFYA9MST1ChIE0mHaQiPfgbKPpJdqKgyI7nldThwkmxiEDAOUQcJYCKBhFFEEBhdSSRkEkkkoQSSSa5Qgzb1XEkkmTyQauEjHK6o1bIIojJnhJss+NZLjHc8FfeK6MMMTTklUsYcTgp08jppy4+qLEBnGOFzZy3yydCuGyIenjORspJeGNShADeFFq5vbCp8IpfcyuqyXSOOck8qMpLhqLnFA8Pc9lnk+TTFYQ1JJJUWOSSSQhiXRyuLoHdNY0eAMLuAkOF1QUwoGNguP+krqY5zdJ3UCAknOEeFrsjAQPxKyga0RBxG6oROWBAADhRqg7KU8gAqvmdk8pcpbQYtsA76iUwcghPlwSmxg7ZWectw5SwggBxwm5Pqi7aUBmS8lVjJUXlkiMBKQ4xhdZ9JQ37kd+U38UQZ+aewEdk1n1BFONPCEZSnKeEJ5zgNHK09kodfhjHlG59ys5QMMtW0AcL0SyUQLGADGMFJmes8RTve40lrphS0gAGMjKgXerMkvgsd5Wjf3KsayoFNTEA74wFnyTI8kncnlJb4PYPhJIPQR5cXkeyuoWhsQwMKtoYnHfCnSPLGgBZ32aa+iNVu1yeG05VpA0U0HmO7hhVlIwSVbde4zlXcrGSkQjnlImjVUtzOUEPlfOR2wF3Blkw3cnhSJj4UGhoxtwh2thmqQAOEqUsHRqTykXtDEYaZrCclRr1VGCm8NpwXqyGI277ALKXqrNTVENPlZsAks2SkoxwQDwd1Z9LW8VdwM0gy2HzY91UPkLNsZyt10vRR09tEjR55DlxSbeAaE52plu4gA9lBmeXEDO2VIqT5c5UNp82Vjt5O236CgYGpAqpjjThSHPDW4wojm+K7SBlJSxyJsbxhEyz02oOne3Y7BSqhpcNAPKPCxsUDWM4AQRl8rW45SpPJorjsgiXA/5ejJA3aFWyO1uc4nlTqxzYqYsG5KhNjBDeyU1kepYRbUBAo2knA3Xn/W1eyouDKaJ2Sz6lt6mrbBQOAGnAXlVbVisuc07B5dWEyCRzPIXfZg7ISAA0LTdOUJp4RUyjOrhZuIePM2PC3MbQGQQM8vlGyTfPbHAjx9O6SkSKWMGQzP7cLQWiMlrpdIGdge6oxGTpp2jzSOAWqp4hTwNYBwFw9RZlYPX6WPsqr7MC0QDkkZ/NbewULbZZYwRuQHkfdYWCF916hipR9GQ523ovQ7nIKana0bNaOFz2svBt6Mh1ZcpG5Y3vsFTUzPApcfik3KHdKp1fcS0btacYRHnYD0GExcAOWeAWklwA3OVr7XGIKXUdshZe3R+LVtaeFpriRT0Ja3bZQpIoKh3zdxLBuMq5gpjGGtxwqW0RGWsyd+60rWnbbhZ7BtawTLdBhxcOMKcDlCpWBkWw3Kd9A1E7BLHcLsz/Xd1Fsskr2yaXHbHdeVWmFz9VVJuXnIytD8Sbsy53WG1UzjrjcHP32woEEQa1sQ8q01o5N7+S7+yLSzU73yCUNJwdl6fZ6N0VPGx5B77LH9J0ZqKhrWNAEWHO916DRRObIMBI1MsS2mulB6iZlFSPmk2bG0n7rAO8S6V7nvJzIdvYLZdUVEcNE+nP1SYAVR0rbo57gHyDaNuQsU3g1YNnZLe2hoIqdgxhoJ+6uaNueQosRz5WjAU+mZoAOFzrp5ZCSBgYSSSWBvkMMiNQ08d0wAdkJJmD6p6hBJJJKEEkkkoQSSS5kKEOpJiWQoQScSMJhIQXOIJ3PKrJB55SyVwb8JKwB6GeF1MVMg08pJJISCQs4OS7Abuiquu0/yltqagnGI3J8Flhnl3VVwNffqiQO1MadA/JUk7gcBGmeZZHyOOS4k5+6ivdj3XVoWBdhIs1G+vulNSRHDnyDfHA9V7zpbHGGDYNGAvJfh3S+NfRPt/KYT916tI7U3OMLPrJ5nhB0rAN7iHbFMXXDBxnK4sZpQkkklCCSSSUIEas51vWSU9qxG7HiO0laMZOQFhOvqpzqmmtpyNB8V/pj0Wivvkr2BsUTIoY3gbu591ZVM22MKPRsaKdhbsMJtTKC4AdlviiCj3cpQ4UaI8e6JnC0V8MFrgVXL4Tc5AXg9wr3XjrKsry7+VR5jOfUL17rG4xW+zTTyOOWtOwPOy8StLHRWmprpf7yqOXE8k5XrfDUZe48h9QalxarRJt5dUVFTWE+V7zjPoiVT9bg3hNoB4VINuSU1vmmy4k7r3lMNkT59ZL5LeC76eg1HOO4Wvj8uMhUlhpmRnzNwOVegDsVy9TPM2e28fBQpQUO9lEr3YbupI7qrrXukJyc4OEiHJsufBUV0up4GOVIoGFw14+ygTu1VOM8K4oW6YmbJslgwzZLiADdgntIa0k8BczgBV3UVwbbbNPUl2C0bLRpYOyaic3yGpVFEpv0jw34v3Y3PqqOjiP8qJudOe+VT0sOoBoHsq81Ml1vNXWz5cS8kHPbsFf2GIS1eCMhe/8dT8cUj8x+f1stZqp2S9s1FloBHEwacbLQOmFNRvxzwodHG0ANaONkqrLqyGlJ8pOSuyuFk8nbLdIlAk08eeXcqRTjABIQ5m6JPCaNmqVC0NaEi2ZdWUZ7q65MoLdKS/SNJ/VeIPkEkjn5+okr0H4qXWOFjqXkuOy8xgy7clcjUzPRaKH2biQ5uN8qyo36oBnlV2ny7nsnUFQWT6XHyu2XJuW49F429U2pMtBypLSNI3UVEHKwtYfJ7CDWMg61uWnbss5VNDXEe608u4GVm67acq0Y9ZH7ckCRu+yKxJ2MpzfpVnKS9iQ5G6nNwnf8ROOAQSOEscuy4tc7vHh07EObuvcrUS6kif6sC8CopdNREAPxD/ADXv3T2JLPTnuGgJM0e9+m7HP7SYWj0VnAM07R7KDp91YU4PgjHoszR7aBlbqA2sJAUR+7BkKbd2H5sk+pUbSHM2QnPs/NkIc4wokgHiHKnsA+YaO2FFc0umIHqmx7MN0c8FTNHipcoN7j1QO2z5Vc1MWKguUK6x6oHbfhW6g4msjurlA8xOzyPdEkOGhDqvLWPadsEp2oFuy6dfKwfK7+JuI2Iebcq3gaRG1UmrzYAxgrQ04Ba0+yJLBgueEPa0nfCNEzI3SDduFIp498cJkY7jBOeWQpovbsoMseyu6in4ICr54SBwhlEZVZkqJWDOVFxpfzyrCaI5yoT2EHhZLFg6NcsodyQVa2qocyVpHZVI2R4iQQPVZ2smvSXvTz3I9DtlbrwQdlfnEkbSNtl57Z7oGFsRytzQVjXsA7LLZA+oeM1q1FSwCuFCZ4sNxqG4Wfmic0mN4wQtk9mWaxwqm90IMQqYxuOVisjjk6Nsd0cmZkzGQWrX9L3TGiJ7huOFlHODjghHo5jTytfk4BGyXufQuuWGbXqKibW0xka3zNHZZCnfrDqd4wW7LaUNYyphBznIws7fbcKSoFTC3AJ3R59l3V5XyIgUf+7TmNw8r+PurN8bXNBVY8+K3U0bt3yrGjeZovcbJgEGyNJEM8fugPhyPpx+asnw5GwUVzd+EvIyUCtniI3AQWOOeFZyw5GcZUOSAjhqBrgQ4NEijle1w0yY9le00wfpyR6rLxZY8Eq1o6gbEqRfI2t4JV1t4qmOkLQ5p2I7/dYO40fyk5AGGleixy6hjlVV8tUdTC57Y8O9k9MRq6vli2jEwvLDyrKkmydPqqiWN8UpjccaThSaSTS4d06JxFmLwy1nh1t1NChsDmvwdsKwppA9oBHCZV0mA6UBMaGpChwQnObuMBRackO3Uxg2RxeHktxTQtLX7FQ3TPoavUwbKa9pODlNmp46hha4b9iurpdR+zynmPGOcXKBsOkuo/EDY5Jfbf8AyK2sb2yN1tOy8Np5qi21AcCQAV6N0t1NDUNbDO/nYHK7FdqaPmXkdG6pNwRrkGaPU1Eje1+44TtOe60fkceEmmUdfSZyQOFn62m524WzqYQ5p27KhrqMgnASbYG+m0yc0TXSCF7Rpfkb8LMVdM+y3DAB8GY4HoCtpdKMvjIYNJws7cmOrKQUsjdUjD5HDlc62vKO7otXKt5RDJa/thWVjuhoJtMpJjft9lS0glnie0YM1Ps9qMSZMAbFcu6t5PpHidc7EtrPQA+OZgkY7IIyo08OvhVVhuzNIpJzgjgkrQth8UZHdYZ8Hs9PL+RHJRVVAPqAVRUUzmO1Y491sJKc4OWqqrKLVwOUprJJ0ZKilnIeGu2Vu3S5oOVUzUr2ODwOE+krWmQQvOPQq4zxwxShtZZ6fdCmbgZ5RgEx2+yMc0DBDvKdkCopCW62DjsjOjcXAhSWN1gNOyGSyL2ZKCWH/D+6jFhZnAV/VUYG4VXLGM8JEo/oTOtnbZcZqOXWw7dxlbu03CC4RB7HDONx6FecvYWqdZLu6gqQX50HYoq5tPk0UXKEVGR6E+NpGwyoc8IcOMKTRTx1kXjQv1AhPlj9lqg1I3KSnHJRVVLnt2VTUUxafRaeaEH8P7qvqKXjIVyRnsqz0Uw1McNt1LpqkPxFL9gU2Wn/AMOEFpLeQgi2jHbX7CXSzw1tORgahwe4WPfT1NtqdBB05/IhbaKoJOD3Qbnaoq+AkAascrRGWOTl30b5ZRR00wdpIVpTztmcI3DHus0BU2uoME4JbnYq1pqwB4IAP5rVXbgwyhjgm1NE17SMYzwVXRVVTaKjuWk/kVcRTtmABSlp2St0yMDgfULfVcY7KvaLCgrWVsQkYQfUIk1MMZ4WWMtRY6kSR5dC47haiguEFdCHNcCCP0WyM8mOxNAHwgfhVBerJ8x/Mp8B43wthJSEtLm4IUF0e+cIzLbSprkxVFVvif8ALVWQ5uwJVrs4bBFvdmbUNM8I0yDfbuqe33Etl+Vqhpc3YEo3yYJRdZZ+CDwEM05PbZS2jZcwFbgmXt3GcullaM1EA53LRwqN0WlxGMFbx7NWx3yqW62oOHjQN45Cx205AcNpnA7SRvypAeJAARhcMJJO3CHgtPCyyrdYtvgc+nDgS0fkoZhlDiHN27KYyU8EJS4eEtRyCp4IqaQHbZwiOhOSRso+ktO6XLgYsPkMx5YcgqxpKzIw7Cq05riBspCySZJwTL4FrxnCYW4UKnqnNaGSHOOCprZBIMha1NNdmSUGmNBLTqB3CnUNyxllU/LO4UF24KEBl2SjjOSYDrjNYZohBBP/ADKSXPfSTuFY269VducGyaiO+VkmVD4SHRkg+yuKW9RTNEdUwHtkhaq7E+2Y7dK3+J6La73R3JojOGv91Lnt8UvmaNLhw4crzyNgBE1FOWnkAFaqzdTsMbaevJa9u2r1WjOTlX6acHmKDT11dRPMNbGJ4cd252VTPZLHe3ONHO2KbktO262RgjroswsZKCNxlZ6ustNI8viDoJB3bsQUMogVSafLMrV2a62l5JYZYx3G+yfS3GM4ZICx3fKuhLd7b5KlnzMI74yUx7LJeARoEEv6bqQW1mqUlLgfDM57AC7UO26kMuFTQSNnpmgPach2dwqiW2XK2nxKdxljHoc7KTT3KkqP5NQ0xP7hyb8zFOtNYZ610Z8aKyLRR3c+KwYGXbn9V65aL9bL7AJaCZrnYyW53XyobVxPRvGrnnYqVaOsrp07UBzHyxEHkOOE+F5ydX4/Mt1Z9XlpJwdimaCvMukPjHT14ZDc3NJG2scr0u3XWgusYkop2vyM4B3T093Rx7aJ1P7kGMQIQjEcqaWHH0oXh7nypnKEJ5ImgJk1LDUMLJo2uB9QpmlcLM91MhZwZS4dJu3lt0+l3Ok8KpFXdLa7w7hAXNbtqAXoDmnHKh1FJFOwsmjD2n1VhRtw+TN090pZW5jeCT29EVsoeMjgoVx6QaA6a0zGCTnBOxVE+5XK0yCK5UrgBtrbwVBqcZLg0ySrqK8UlU0aZW5+6sGuB3achTOSOLR3R7LmAjJKsgJ5I+AUh5TkJ4GV3T7q3gmRkjQ/DTuPRZvqD4cWO9MMtNEKSpP449tR91p9DvRFaEqUE+jRC6cOjxO5dK9S9NyE6HTwt4czfZRW3GlrW/L3GBpxsdQ3Xu5a0jBAP3Wbv/w+6f6hzJLE+nm58SE439SO6TKGDbTrkuzxmv6Spahpmt0gGfwlZe42Oqp3ESxluO+Nl6tceiepunSX08X8QpW8Pj2eB7tVO2vttwJpqhobINi14wQUmVO7o6lOtf8AUzy51OWdwfzQyeQQvRrj0VS1bTJb2lrz+hWTuNiqLfllRA5pB5xykz0skdCrUwl7KFwBQ3RNOchTDFjhDI0HBWaylo0q3BWy02OGqLJEQeNh7q7e1rhjAKjyUjTlZ5U5GwtTIdJda23uBjkJHoStRa+r4pw2OqGD6lZiajOfp/dAEBaeN/VHGc4dFyphZ2emQT0lUNUT2u9srslLCTqLV5xT1VVSv8SCdzSPdaO3dWuwI61v/iWiNqa+4yWaaS/Et6iiYDlmxQg17HAtzt6FSae50dUMse3f3RQxpyQOeCi3IzNOPDBtq8YbId0dsoPDuUEwDc6ULD2/SFBeWmWLZi3CIypOQMKs8SYbSDZFEwI3CGUMjq75QLds7SN8J7KjS4Fp3VUJ/uE4SnlZp0I6+k8o65JZNFT3SpYBiTb7q3o77ggTn91joqstGCjR1gyMhZ56XB6/R+clXwmeg095ppRjVup0T2zDIXnkVdp3B4VjTXypiGA791ks0zS4R6DR+d+SWJs2xBbjScLoqHxjc5CoKbqVvhjxmEnurWluVHVAFjwD/SSsrplF8o9LT5CMuEywFTERlwASfFTTeZzWO+4TGiJ4wdimPgc36CceyTKuRvjfv/LkgVfT1sneZHQAE842VNU9IQOkJhlxnsQtNv8A1FMc3OMlJeUH8dU+0Ymo6SuEbyIdLm+qpauhqIHGOppjjjJbkL1DG2Agvhjef5jGn7jKHDBloov8DyyOSajfqp5XM/wk7Kzpb1IwgTjI9QtZVdPWqokMrqcAnnTsqSu6Sxl9FL/4XKdGaemurfAaKehrGYOnJ9UWCkmgk8SjqC0emchUUlludG3xAwn7JQXOtpjpexzvZC2kPhY6/wAjWsr6mMgTFsg9Cj/NUsrcnLT3BWepbpBUbOJa70cpzZGkZBG/upk116mXpll4MT/Mw5+xTXNlZ9B/JQmSPjOWOIwiNumR54849CgkscmiF6a5JbanPlmauSx0E7CyWBrgfUIYqKaZu5wfQ8pzYmvOWPGCgyhilGRU1vTrv762zlpH4SVFxfre0PdAZm98chaDw5mHyrrZntOH+b2VgyhH0VVLfaWf+XUgxScEPGFNaTjxIZAWn0KdV0VurHB9RStLvUBVwss8Muugri1nOh++EvojzHpEub+dgSMa7HqAVU1vT1BUZkjZ4Mh7s4/RSvnaiB3h1sBx2e3cFP8A4hTngn81BbhG3iaMxV9M1cP8ylqcvb24UZlV1FZnioY+R3qM5WyDo5W6g380OSBj9nNBHoVMGeejT5g8FJRdeVTZB80A4Hlrgr2DqeguDR5mDPLScKvrLLb6lmDEAfUDBVZN0xG1uqnedQ90GMsS4W1rlZNDPS2ms3+ThcfXSFmrr0Xb6lzpafMDiew2UdsF7tspkLZAwehyjs6hrIHZnYXNPqMK9iYhyr/riyhrOjqunYTBKJCO3Cpai13OB5bLTFb4dTU5zmHC7JU0NU0SB+CexSp0JCZQrn+B543XAfM3BSfLq3JC21TbqGpYWmIH3VTV9PUMg0gOBHcIFQhcqZr8ShbUngEJ4kcDkOzlSanps+HmmlIcOygSWe5RDOvKXLT56Ey3x7QczOI3BKjvjgeD4jM5Ud0dzYSC3YeyGZpGuIe0jHKV/HYDlH+o7LTx5JjbhQ3REZO/6qX8zBjzOP6JjqiAjEZBRqkzydb6ZE1PDsFxH5o3jzBgGs4Huu+HHJuW/unNpDvuqdeSsHGVcrT9bv1Uxt0lAAByobqR226b4TmjdV8RSbJ4uMrjyAisq5c51ghVOh4KeJHDtlT4mM3svGXFzRxkpwuko4cVSNqiNi0p/wA4w7aSp8TL+f8AZeC8v4OURlxhyCVnvHXRMT+MqfGyfMjSippn48+F3DDuHhZsF44eUjJIB9ZKnxsnzGgw3+oJbf1BZw1E39R/Vc+Zl/qP6ofjAd5ocD+oJEDH1BZ35uT+o/ql81J/Uf1U+MCVuS9Lt9iuOfgcqj8aT+o/quGZ+PqP6o4xwD8hcmVMLgVTeNJ/Uf1S8aT+o/qiwR2ZLf8ANIuHqFUmZ+PqP6oWqXP1H9VMFbi1MzOMhMM7O7tlX6n4Tf5hOAESiy939iyNVANtW6F8yezQQobYZj5gxFDCAMqbWyP7ug3zXfH7IZqXEYwmiFx4aniA54RbCsDPHeTwlqe4blSWwtG+ldDWhRrAW1gAx53K4Y3AKRt6LoAPZUGotdkUMfqxj90Vpw0BPOD2XQ0N3VhxiMEed08RtG+N13Vjshkk53UG4wFaIwOQkZWjjH6oXguO4XW0jjuSoV93oT6qbhuyF4lTN5MqXHRjGSMp/wAvgghuFQOyT7IApJC4FyO2m4JKmtgJG4S8PSeFA4VsjsjDdgEZjcJ4wNgEiVBihgW3ACWSnk5XFMDFFDScriSShQkkl0AngIMJFpMQGTgIwHdINOeE8BWNjHIgPVdT9J9F0A5UNChwc0lDDCSpHl0gnbCA+qp2ba1WRMpRXbCCLOE0uaw7qLJcMHEQOFGkqHPxlQCWoXosjVxhpyceihyVsjsgEYUc5PJTGhwIyU3DEyslIKZHP5XA4k4Tg3Zd8Mt3IUwJcn7EGd8Lo2SSdLnYhGohDShnVlFwTuntjJPCaolOO4G2MuRWR6cEozIRgdinvaCMcIuEMUQfHdcOOUwk5SyfVEVg5n2XRykAXHAUiKLbJCrOBgwMAG4RAAOF07JiotrAlwsBTAMpwiLtlOisZAOOlBcHHg/sp8dvlkcCNwrektrIdLnMGVAlW5lVQWhsrA+oGM8BX9PBDDG1sbMaf3TixgxjZceQ7GCrHQp2vITWBsAmZTDsMoDpwcgjhWMyl2OnkDeSq2vrPDZpxyo9xugDi2MEkd/RVD6qSXJkOQOyEy33x6Q+qqXzOx2OyjBmDnCMwk7FqeGeyhjsblyMA8uCiJITsEYyolkQ+B+pvqhOlznZDc7B5TC/KvGBbmPMmE1rS4rjWknJCMAGBFGLYpybHtia3fuutfgY9EwOcRs391wNIOVohwWFT0IHHZPcUzJDp2C54gIQairjhaSVTVNf4pLY3JM7McATviuGS664OjdojPZVT5ZZnEyOTslxLnHJXCMd1ncmzJOzc+AQGO6dnCR2XEIsSSSShAep3quJJKEEkkkhIJMT84TFBMpbT05dYDqC6GOzwntYcZwvpp8rbwdAGE5cXUYPYkkksZUxksS47hdQpHbgBQg1xyV3ASG6emKJBiSekjDEug4XElZB6SSSIgk5NTjwoQahuTjyk5RkBpJJJDIxLPXyuc0/LjvlXFwnfDTOdGQCsbJK+aYvkcSSVz9VZxtRq09WXuHs1O37qZTtOpAhbjkKdStwM4WWH9zVY9pILhGzHqqmrk1yEDgKfVv0jA9FVPOpxKk2SBxMTshNSmaRiSSSsASSS6OVTeA5SwIDuiAd0gO66rLbCgY2CSSa8gN3ULBkoZJykeUgqbwBKW0PTR63AEZU14LGgAfkuW+EBvikdkSQgkqCHLcyNOSBnPZQHk4JU2pILCzO5UF+zcJVnofUkDJJk3RGs2BAQy06s42R9tKQRsG/sMrtO084QZD5xhS4G7DI7JkFktrCyPOA0oLQdye6K8rhAARPkgMg9k5daMpkmc5CVM00L7slpYacS1RzvhemWOFoaNuwWL6YogyNjnt8zznK9EoadtPANt0pnvPE6bZSpP2RLvKzdmd1WUkZkkGdgEe5StkqMNP3R7fCQQ7Ss05ZO1FZeCfBGGgHCFWP0YaBypLXBreMYVVI6SWYucc4OySa4LBYWlofI6QN3A2yrOk1SV4B7eiBbKYQ0+fxO3VtTxtpKcyYGt/cpUpYNtUfZEuMmmbT2Vl0/S6WPqXDY7NVBM4z1WjUTkrX00TaeCOJuw0hIs5N9CzLLAXWoENKSO6x735cXE7lXV+q9WaYZWdnOAAPTCSHZPDJtoo33C4xxY1MB1O+wXo0bWRsEcbQ1rRgALKdGUUsYNU8eXC1AOQSs8zfpa0luYGqfiMnOSgxbNDuUypJc8MBT9Pg025yQsk1k2N4WRTSavQYCZb2OmqduBuVGdMfq9Vc2iJrITJjcndVNYjkXW980TJHBjNIQqEeJUBxGy5VyDsM7IlGDHTh5G4WWUsG4HcX6pDGOAmU+xDe65L55S8906nw2Yynj0QAyltIHVNZHTW5wJwXAtAyvN48BpOMnlabrW5RzPFK3OrOeeAsyyMnHumLg4GqsdtmDS9K0LJpvHkA0sGTlaWj/wB6rn1Ib/Kj2AUO0U7ae0texuHP/dW0DG01OyMDd4yVy9XbmeD0PjqNsUTbTT/MVPjubs3hW1xkEVOXE4XLdTtggbt5iMqv6iqcBtKw+Zw3XKs+470IqCwW/Q1Caq4PuLTmNo0klXfVVfDFG9oPAPdE6TpnW+yxte3GoZ+6yPWNex0j42HjYpKiMlNIpaAmV0tTpw0uIBRaiXQ3A3JT6On8C3tgcPM4alHmwaiOI75O6PAtywaCxUYiY2pkbkncJvUNY9z2wN2BHCsYg1lOzAwA0FZmWd9VWuc7ducBRlrk0HT1KwU7pSPMVb0w/mYAUW2M8KjGRgFT6ZpDi88LLaaYLBMZs3GOFXXq6R2+hkqJCGtYCd1Pa7IK89+Jt1fDRMt0JBfM7Tz7qQWWK1MtscmPpQ6uuFVd5Ml0zzpz2CvKCEf3725xwFXU0Pg07IsYw0Z+6v7bTl/hU55ctOVGOTFCLk8s3fSVA2noBUlmHznJ+y1dJFpGshVNrpXUtJFA52SAMlXE0gpKQyYGoDYf6rm2y3TydCuGEZDqGSaouZjc7ZuwC1PT9EKSja7SNTtye5WVpIZbjcQSMl7/ANAt7APDa1mNmjCyaifA0lwA7bKyYMNAUOADIU0cLmWPJQ9JJJIDDLo5XEhyjACjhJcB7LqhBJJLmQoQ6kmJKECkjHKCScrmT6pKEEh63eqIgqmWh2p3qhvOE5Ncd8KkWwtPnfKeeU1gw3ZDV5KxkSSWQkhCGpidkJmr2TUsgBFlfiLXtpLEIwTqnlDBg9lqXZwcei84+JlaBUwW87lrBIRnglOojlkMYSNPPKjk4OfRLJ9V1rS4ho7nC6kftQp/cek/DGjay2T1jmDU+QgEhbR/0qq6apPk7LTR6Q3ygkD1VoSHZ3XP1HMsj4RxyDf9RXF1/wBRXEgchJJJKEGJJJKEbwFYcZK8zvEsty6nm8TdsJA++F6PUTNpqZ87uGDJXmlvd85cqqtA8j5Djfnda6Y5KLxkobGGhuMBRC4vkRpj23CFAzLhst8FghLZ9K494YMrrPpCBM4B3PdbKobiN4ML8V7iyC06Xb+M7wwB6lYGUeDbYKL8ZaM4V38Qq6O59QQUjMuipMvkGdi7sPyVO8iQg4xjhe68Np9sUz5p5/VKy6X9jokayINIwQMIluZ4lU3UM7hQaqXS4NCuenaKWolEoacZC9XZLZUzzegi7tSkjXU0bYwNIxspsOc7oLW6cDClRgALiSlueT3NC2rCHPOGnfsqCreWB2e5KuKiQD9Fnb3UhsJa3YnKkVku+W2OSPTQGoq9f4ecq8jYG422HCrbOzVTNcRurfbAOEeNzMEpcZEG7rzD419RPobF8hCcSTv0j7d16c54YMk49184/FK8G7dXuoi8lkJyu34rT77MnhfrLyK0mhlDPMijtNO6GlBccuk3JW36co444xKRlzt8rN2ymNVO2IDZuM4W5oYG08QaBggL3mnr2n501t2+WS2pmhsYxyVHpNdbdS9o2hO5+y6yXS3HopXTDQGVc7uHEhaJPHBz1mTD5EtS442RJ5mxRhzjgAJQx6SXDdVXVFZ4FrkOdJwd/wAlivntWTRRDfLB4r19cxcr9KWP1MY7ThU8eNIwFHuEhqK+STOQXFHhI0gDsuHZJym2eoqrVdSQTPlwmh2l2rC6PpTHDIws8llDa3teS5pzria7PKMqmjqTH/LeTjKs43AtyFhuR7PRalaipNBSMrPXBh8YlXxkBBVVXjUMgJa7H3ffBlM/ZyI36VyUYK4zsmHH/sNd/eIjs6m4QXI0eHsDils0VvDJFOcVERPZw/zXv/SDtdohwc+UL58GQBjnUP8ANe99AO12dmTnyhJkev8Apqz/AFsF9LkOAAyrChcPC3CiyMBwcZRqQ4foxsUmR9BjLBQXsBs7nAcFQoRqYVY30eeRVkBw1KxyYLY4mwOjE2cIUTQ6R4PYqRIDrXI4/wCZsN3JsXyZZxyyur49LgcclQa9g+VcT6K4uEQ0ZcN+FAlY2SFzTvgLdS+TkamGZNHkF2yy5yALrR5eVJ6ghay5yFoxvuojBgYyunUfJNXFwvkv7sRGCr6iOYm/YKgV/QEFjceg/wAk/GTBqY/bknMb3wpMAAdgIcX2UmJpE7CeE2MTkTYWWE6dwq2aLkLRVEP8vOnZVssON9P7qpxwVC3DM/U0wByGqtmbuQBwtHUQbY0qoqIME+VYr4ZOhVbkrNJ1cIwHk5XTF5uEQNOBlIUG+zUp8CppTGcg/ZbWy1v+7AuIysQWOBDuVZ2+vdE0NyQlW1no/C+SdMtsmep0ssc9BoHKZJC2SMwvGxGFT2O6DQxrjnUFfgZwQufZXln0rTS+eGf2Yu5UDqSoMZ7nIUSRhYNtlsrxSNrKXW1g8Rgz91l3xF7cEcJEoYKtr2Swi16euQj0CXjKv7pSNqqYgDORkLDROfTyAtO3ottb64SQs1caRlLUssOuW+vYzKQtMc7oZNiMhSoCaeX/AAuR79RGKoFRCNnbqHE7xGYcdwm4Exj8c8Fs1oc0qO+EA7M/dPpZwQI5NnD90Zzc8qsYNK+9EJzAdgFHmiwOFYFvCbKxrm4Qyjkp1ZKWSLSdk6B5BwpM8JHZRASx24S2hEouLLaklwMFTQ5rxggYVPBJkjthTqaXThEsoLCawZnqaxSxSOq4W5Y7JIHZZynmLX4I3C9TqWMrKV0RbuQvM+oLfJa6s+U6XOTISOPrdPs++JYUc+wIwrUH5iLTxkLM0MwOkhyv6SdukN591qjMywfGCLMzwJNAGQiwSAH7o9RBr82N1CaC13oiGLgn7OGwTBlpweV2B/BIT5Wa5NYGxTa7NrBtqVkcEO4wudD4gGw2KrKWunoZxIx5wDuFf48ul4yDss7daZ0MhIG3ZdSnUfs8R5Xxe2TltPSelusYatvgS51DuStpTyiUAjuvnanq5aSQSRSuafUHC3PTnXOkNinlcwt7uK6tOoj/AFHhdb41w++CPVHtyMKBU0oe0kjAT7ddqauha4SN1EeqmLTxNcHI5rfJl62h827NljrnSupK4SaToJzj0Xp9XA1zdmhZa827XHp0jc+qy21G3TXPdhnnNc82q6srmjMM3kk9890VxbBI2qYNcL98jsplxoPmqSS1zAMl3dG88FVFjrWBkvT9ccSA+Qkc/muTqI4PZ+M1Tqa2k+rZ5W1dIcjk47LV9MXxtbGaaY/zGjbKytMXRa6OY4adsnshaai3VIlhcWuac5HcLl3JZPomg1bSU4M9KkaHdlCnhDhkDCj2O+RXOERyHEzdiPVWjoy7BST0tcvljuKSajAOcKprqJsL/GjZkE4K1skDXjjgKBPSgjS5gIKU17BlVllTQzgtDc5I5BU7whyByqmqoaikkc+IEszkYU+gqTNHpedwrTyA0H8JNa1zTwpGAUwtBGEREjmjWME5USptviEvjwD6KS0mM+oRhplb6KmibNxl6iB7XYLeFDe3A9Fqauh1hzgFRT0+hxBSmuTHdS0yT09fJ7bUBj5D4Z2IK9BpKuGtiD2kHK8qkjI3A/NXXTPUJoZxTVbsMds12eEyiaUtshmnvcMQZv3wtIJwoE9P/hVrDiZgewggjIKaYhxhbXydSUVJGdqKb/Cqyop8cLVVNMCPK1VFRSOQSjgzW1lLksO6mw1PAdjCBUU5DhtsggObshXBhtrCXW1RVsRcGjVjIKzBimopTDI3jj3Wup6kjEcm49UG52qKuhLmjzDj1TYyOVfRJ9FPR1TsgYVxFI2VgO2yzbhNRTeHJkY4KsaWvjGxz+q2QngxyrfTJ88Uc7DFI0EFUxbV2epD4SXR54V0xwdhwOxTpYmzMDSAtkJmK6onWq7RVkQGoZ45Uyam7jusTU09Vap/mqbJjJy5oWqsV8gromxvcC7gZO/2WuqeezFKOB0tOQMFuFQXmxsq4jJEwNlbuHDuthNCHcNUCppSQQBhaDHbVlYRiKS5yUx+Vrmu1NOAcK2aQ4Ag7FOulqbUxnLcOG4I5BVRQ1c1DL8pWbtH0uTDIk4MuTHjsgvjyOMqW3ROwFhXPBPdDJLHIzG9FBX25heXRx4JVFPA5jiHNIwVtZowCBjlV1Zb45BrLQCkTrUkJlVgyToyMEdl1ucYJyrOsovDJ0NwFXOhcwnZZJ1uPRnawzpaCgSxd8IrHkHcIuWndZpR3lp4K8scOQkBypssIcNgokkBaThKde0NS3HHOIILSpNNXNZs8KIRjlc4OUKnhkcU0XDKgPAIHKcQMZVbDMWHBGymMqG43WqM9whraOIKFwpOxGUMrRz6K3Z7C01fUUpBa8kDsr2kudPWk48kgG4KzZA9EIFzHZBI+xRRscexThuPR7Nfqu0zCRrnPj7tJWzoam1dTP8A5M/y1TjcHuvF6K/zwYjm/mM9+Qryiu0L3NlppjHINxg4IWiF2ezkarQtS3x4Z6JWQVtpqXU9dCJIjw4t2I9cqqrbVba1xfB/JlPBCLZPiHJG0Ud7gbVU/GXjJA+61FV05brrBHW9N1Ake8avCB3T1yYk7K3yYAPvtkeTK0VVP7bkBPebRem4IEM3odlc1RrLdIYK6le3Gx1NUJ9ot9y/mQuEMh7jZW1gJXRfZAjiudocTFIZofQnKtI7la7qzwKyERyYxuFAfFdrWdMg8aL9dlz/AHGu5b4cn6Khiaa4FU9PVNK41NqqCRzgFWFi+Il5sMzWSSva5pwdyFGpZ662nLHGWP0VjKbNe4/Dq4GxyEfVjBRKc4vhipxrlxJHsHSXxipK+NkNdK0njPdeiUN5t1xja+nqGHV2zuvkCq6Zulream11DpIxuADkhWvTnxJuNnnbFcRLhu3PC1Q1KXEjm6rx0ZrNR9akZ3TXNyOV5h0t8VKOuY0fMteCPpcdwt3b+pLfXAaJA0nsSnKSnyjk2UTqe2SJzmknIC4WHGSEbykZzsUgAdwi3GbDIjoyFHqKOnq4zFURMkaezhlWEjBtlC0+6jaYabi+DC3foA5NTZqkxSDfQTgLO/xu9WGXwbnSyaGnGvGy9dMe3Kh1FBS1cboqqmZK13ZwypFexytz+Rj7b1NQVzQPFAd6Eq5jkZKNTCCPZUt4+G8FQ509nnNPJyG52Wckb1j0s8tla6SNu5dpyMImgoxjZ+LPQElkbT15Q1bhBWHwpRsSdlqKaspqkB8MzHA+hyqwBOqcCRgLqcOElMCwS7q9kRJBtLzka4ZIB7qpvPRfTnUDHOr7eBMeJozpcFcIjVe39FqTjyjyu5/DrqKzOdL0/VS17fwwyO3ws6btiR1B1NaTSSN2Pij/AFwveWnHdQrtZ7ReoDBc6CKoBGMkDI/NC1k2U6yX9R4PW9EW66tNTapmkncBpyspcOmKqgcWVdM5zR+JoXtFy+E89KXVfSF1kppeRBJu1359lnJ6+72ouo+sbA5rRsZ426mu90iVW46tetx92c/29nlD7a0j/dm/llQnUs0ZxI1etz9EWK+U4uFhrRGXjOx2+yyN66YutqcRUU5lYPxtCTPTfo6VWshIx7o2u5CC+jaRnhW74GSHDW4PoUN1DJ9UY/JZZ1bTZG/JQzUZB2CAYXA8K9khmbs6IfdRpIAOW7pMoYHxu/ZXtLmDYkfYqyoL9V0mGPeZGehKiPiaMgBRvDcDg/5quUFKEJrlG1o73SVQALg13upbXtJy3f7LBNLmkEEhTaevnhIc2VwPuUyMzJKjng2LhloUdwIKqae+FpAmG57hWUFbBMAWvGfco1JMzzplFhtTmYJTxL7Ln1jhD0+ygvBKEg5yM/dP14/GP1UHB9UtZ/8AlKjSY+M5Q5TLKOocDypIq8ABUrZy0hPE5I54SpQTN+m8lbS+S9irHHADsqWKp7MPY8tPsVnY5Dg4dunMrJm7PcSAkTpTO9o/PxcsSeDVw9Q10bdGvIHfKtabqxwiDZM6gsNHXMGA88qUyrY8fdZZ6f8AR6XSeexJbZHpMF5opow58gBKl5Y9oexwLTuF5Y+VzeHO/IosN5uUDQxlU/SOBlY7NJ+j0NHnU/zR6UWy7mI49vVC1SN3lZgeqxFP1hcqfAc/UPdW9L1xSvw2qG/rlZ5aeUTrUeXqn1LBoQ9j9gd/dMMbScAqHTXyz1ztPiBp9zhSXNbn/dJMJMqmzdXq1P2EdEA3zAcKI63Uk+5iAPqpTJamEfzmRvB7lIVUX4m6c+iU6mzRGVb/ACKuWxUjjkMAI9lXz2meHLqaU7fhcVo9bXZI4KUkbXEFrUtwaD2xfRlRPWQgCalcQO4Tm1cT8DJB9CtDNAHtwACq6azxv3fHhR8gSWGRGys5BG/ui+I5rTgnH3THWYtBMLtJxyo7ae5RuwXxvb6ZS3EOM2ia25zRjQfNj1RG3ZuPPBkqsE7t9cLhp5SFRDIMMJz7qYHwtT6LptXRyN1F5bnkJCOGQZgqGu9sqi2JxlNxK0gxSlhHdBsbDduC7fESMOblRamkilbpcwfcDCp5pr2H/wAuoaW/ddF/qoGiOqpiXDkjup0C7IP8iQ63Tx5EczsHflA/94UztRJcPdPj6kpnjzscD9keO7UdQ7SJNJ91C98H0wRrHDBdGV1txpQQHv0lEc6ld+Np/NAkpaeQ5MQQdlSbXKeSUKyleN5c57FBlipKtpZJCxzT7KJLSsaR4bcZSdDUNAMbtgjUWxVi3fkhlRYaGWPTG3SfVVdT0zKP7qqACtTUSs2JOUN9RMDypjPZknpq5/2M+633mmcYmuLmjg5TfnaqP+XPCdTe+FoBVPPJTJWQykOfGCVMYFfxtvUijFcPxMKRmjkGdYz6KwltkDySARlQprI0nMRJUwJlC2D/AGB0sdxhCkghDdJY3HqQnvt1TFgsyCPdNdDWDluVW0VLcu4kR9topODFv2ygGw0HOnf2KlaJBuYwu5k7MP6qbUJkot4cSBLY6YjETiw+oQ/4K4cVBKniXPZCkMvEblXxoH4oP0V76CaNxG7vdBNPJ/Rwpr4K6TfVhBFNXDk/uqcEKlDHRDMTx+BMLH8mMqW6lredSEaauHqqcEIlPHDRGMRJA0ppiI7IzoqzOC1NLZm/W1DsQltyfCG+A5LwXeoROOVzVkEYV/GUsiGQkSQM4XPCenujfjOEG0jmwRcM/Sm6/wDCkZBndqd4jf6ApsKGcpmCjDBPCK1gwDpwr2FpZI2T6JZPopOgf0BdEf8AgAU2DNhF0+yWhTBGMcLojHopsK2kMQOznCeIT6KXhoXM+ymwOMUBEAB3RGwtxsE4Z5wmkzfgICLCRNgTRhM8OIHJdgrhjneMGRPZROdu6TKt4QcYv0hF0LB5nLgcHbtGyK2mpxjU1P1U0Q2bv90IaqcewWmR+zGZXPAezBeOUQ1WgHw28oWuaR3nJVN5CjHA7A9VzJ9E4M7rugIQ9m4CUMudlTPAd6IjaXJ4woEq2QRG70RRTuOFPbSjnSitiHGMKDFVL2Q46fA3bj80RsQJRnaWJviMb9ByVAlDAhBjfCcI2jfCb47jzum5OVAlFIJkcYTNXskBnumafdQvCHJJJKAiSXdJXAN8KF7WcIzsEvD2zp/dHEYdyMrun2QyWQ9n7I3hH1RYmLr3sj+pBkuEEAOk5P3QMpuEOyTox2S1Bu57KofdqlxIbgBRzU1chwZNioD/ACIrou5bhTR4BO/3UOourOInYKr/AJd827iitpA05KJRyJsvnPo6ayqefr2KZoc46jvlEEQHZOAOQSEWBXMuzgZgYwu6T6I7YzjhODCDnT+6NRK6AhpKfoxjIRmgDlqRCdsSQZxo25S1j0RA0jsu6fZKaSZCOQfRJsWXKUIwOy6I+6MJLIPwWgDZGa0Lun3XQMKDFHAwnHCY4lPchyODRuiCGE4XGkuOMJBjpCNlKiiDQCQiySMcjWR5xkIpaNIwV15aOG4/NADychCE1gR5S0n0RYoS4jZTYqfgloVlxg2QWQvcRlp3VhDRAAOx+6PHAwb4Rg4YxhXgZGGATIgwYCJk8LmoE7FJWGkl0cGT3TScbkpzeCfRVtwuUcWWjYqmSdih2SKiuigafEOFRVd2bMCyIkA8oVRVSVJIcctURrMEqjBda58JjzuMIIadWMI4BynhoxwoZJZzyMaBhEPCRICC94A91ajkGUtp1zgM7hAc/PdCcSTyubp0YiJWZ6E5xzgJNac5KcGjuUj7BDtByEa7T2T2sweU0MyM5XQ/JxhWkDKWAgY3HK6cHshAHlMdMGtweyYC2kSCWjlwUCrrmt8o3QKmu7A4VZNKZDn3QTswhM7fRIqqh86hAYRMldckqW5mWTyxqSSSYXkakkkgJkYknpZb/V+yhYxJJcJCgEp4Opi4ZcdkJ0+30qRhkU7UuWGecd0wkDk4UV0xz3TZZicYCYqzLZqYdHsoYAc4T26cdv1XSBgn2QSTlfRlHJ82HJJJwGEaRBoGU78k0jC45+lFnBDkkg7BBbknJSdJuNkWNoIVpZIcHCdgpDlFw3TjujIBSXTyk1QMWn3S0+6ROVxM+Mg9JcByuquiCSSSVEEhuREInKpkOJHjdJQ7hVmKncQN1lts+NZDjHfLCKW+XCR7xTt2A5IVbEwl2ShvkdLIXvJJJUiN2G5wuPZLfPJ1a47IYDMbpVhG1rYmnGCo9FGJnkuGwR6uXDMNbwijyhMpZZXVD3yE5dndRS3blF0k5Q3nGwS5jIrgCScri6QTuEsFUNOJJLo5VlCwVxF2IGyQGO6oLAgMLqKAAMAJKw8CQ5N8YOU5zgARnfCjh25UJnJ3T7p8TNbtKapdBAZH6x+FCuRNjSRMjIip2x4wo8h2IR5/McDsok+3dWLisgp3EnnKiT9sI54Q/wASXYjRWca3vhMORndScNDVFncAeUuS2hcSE3BcFMjGGqHGDkKUT5EdZBj8kjCUhw0JNGSnPO4RC3LA1u3IT42GaVkbRkkgJj8Fu22ysOn6UzPMp57eyzzOtoqXOUV+zfdO20OMZc3ysAWir5hBB5e4wPZQrHC6KmBPcLl1qNtOMY3SJy2n0aitV1KCKxgL5gXHOSrqjAHZQKKDUdeNyreJgjaCUh9GqmHsDVSAAtCj0LA6QE9yUKre41BA4UyhY7xmNA5SZGmDzJIuYIzpG2wUiqedDcO2wiuY2no3bbnCgTT5iJPos0jpVxwNs8DZK4Oe3Izlaad/hj2CgWSm8Km8V7Bl24Kfc6j+ScfqlZyaIL7clBcpfEqn57KrbqmqRA0Z3AGEarkBkJLt1M6XpfHuBeeW+qVPglf32YNvb6dtLSRRNGMNGfuiyuDGlxOE9gwA0En7qNXSsY0Ncd1lnydeC2rAOGMSzavzQbnOyGEsJ3Kl0LSG+JjbCqq6YT1Wlo+nZKUQdRPbDA+nidKYYG7udhad8bYYGxDGWjdZ62DTWRu9Fc+P42T2yUFv6GaXkE4F0vqApuWtpXDGCgQM1OJ5wuzuP0gLFM2t4WSNISNwkZRFG6Q/hCZrL5S3GzVBvlSYLfJj8Sox6iWImKvtSKi5uLQCMcp9upXTzxxY5KhNBnkL3bnutL0tC2St3bnTurnxHJz9Ot9uTUPa1nhUsQADGjP3U6ljElTHr3aN1Admatc5g2HlV3b4cjXjjgriah5ket0lWFwWbTgbDYLOtinuV58JvIfknsAFdV8xgo3vGxAQeiaZtXcXTu9jlZDoNNm6rJ4rbZsyuGWxheUVUpr7g0Ekt15OO63XWtfBBRGnc7zEceywtowJJJMZ2yEAqxss6h4D9hs1oCDaIGVdz1P3A3CZUyFsBf8AidsrPp2k8GnM8jfPIds+igOSbd6n5WmLWHd/lHsFRUbC6RoAy7KlXqV76vQTs0bBHtVNpLZNOS4j8t1UuhsezSQNxSNjDdypLdmgIcbQMDc/dHHCxz7NcTkkojaXHj1XkXUUzbv1MXh5LYTpDew916dfKn5O3SzEbNacryqhaZqmeuAAYSSMo6+smTVrc1FE+JodUiLGQFrelqaOa4tMjc6dwsxaotT3VBBIztlb/o+ic5j6x8YAJw1VbZtrZdSNVRR+JO3I2G+EbqB4jpQG+iNa4j4mtzdjsFVdQSyS1bYgfKBwue2bcpId0pROAfVuH1HDVqGMAcq+zxtjpmNY3AwFaNjxgrLbLdwCSIhgN/NSRyo8fDfzUgcrFMjCDhJIcJJTCQZJJJECdB7J44Q0slQgckY5QSTlcyfVJQgkkklCAUkkkAYkk1JXgi5HZDdz2QYZPEkfIRtnATKx+GtaDgu2Sp2aWj2/dHGOURrBJTV0EYXFaWAWNyV08JZCarKOEnKakuO3UIEDmtBJPAyvGuqa0XS+1VUCcF+B7AAD/RepXip+TtVVWD6mRnBz7Lxpzy9xkPLyStWnh7ID0+6sem6H56/UcDnYZr1O25xuq9bT4d0GZ5q2WLbGmM/5la7HtjkqPZ6CBpAY0eUcLpye64ONl1Ym93LNMehiSYkgDEkkkoUJJJJWkJlLcVvVFT8tZKh+cEtIH6LD2GINp2kDbk/daL4hVYitLKcZzK/CprW3TRtDR2C10ohIneSd0embiMOI5UN/mlaMqyaBHCCdsLdGIYuQR7KuuUwpojMcYCsXnAAPdZHre4GltU2DwulpanKaiZ9VbGmtykeWXCY1N+rJwPK52ycdkGmaXuMhG7jklGmGhuSV9G8ZVthE+R+Wty5T/bINQ7XNpC23S8boom6hjO6w9I5k1cBnPZejW6LwIY9uy36ueI7S/A17rPlZZNeTIG6eUcNwMIMOHbopePDc8/hXJPXw7I9SSBnKyNyldNVmMbjOy0txqNFM4hZWnLqm58bAg/umJ4M98i/oozBTsYRvhT2jO57oGN/sjY1ZCfUtxz7bMIqeq7rDarTNUyHOGk4BxnZfM8cklyuEtyqDqkdsXeq9Y+Nt7dR2gUMTj4k50sHr6ry2gh0wRMAwXAZXsPEafEVM+GfXfkvn1OzPETR9NUsplM+MNWtaCB64UK00raenja1uCRurCcBjAML1MP2fKbpOU2MdI4skkx2wrq0xtgtHitG7s59yqU4FGMDdz8K+gZooIIc7at0EugIvAaLAaARyF598T7w2nthpc4dISAQV6FMQ1ocTgBeH/E24NqLl8v3B/Zc/Uv7Gjo6GG61GEGcnKNTuzyUxwAGyZE7BwuGm0+T0zXCLADIzlcXWfSF0clXJYQOQbjoORurGkk8SEOzv6KA8N07p1FNoOOyyTjk6nj9Q4S2oso3EkhR61o0o7SDv6oVSM4WaUWmemX3RKWoadWAE0cKRUAauFHVpnIsWJsEnwk4x2CYnREDGTyhYUXiaDL3P4ayl9qAI4aF4Zxuva/hbMJLfoA3wks9X9OT2an/JtSDkI9O051BNcBkI9OASAkyWT6NBZKy+QscNWncjdZ6DZ2n0JWougBYc+iy4w2pLWjbKWngRfHEsj5Gt1rrAPGjPYlNmBJOERoxFF6hybAyArrGNAwOVSxnMcmR+Jaevia6mJO+Fm2sJldoGy2VnK1MfubPMeqowy5OdjGVVNWh63a1tcCBhZ5q6NB8n8tD4tVKP9xHsrq17sxnjCpsEK5tJAB39FqRxtTLMcF5Tx5xspzIgHsOM4QaRmoAqcG4Lc7J6OJJ8cksN8SHSQoUtP6hWlOwmMJktPngK8CN2GUdRTeU7KnrafSdgtTNDsRp/dVFbATw3CTbE11WmZljAfwusZkjZSp4P5m7f3XRHgDyfus239G9T4I7ohpzhAZkOLQVO07EKLIzfOEmaG1WuMlIurPWuBEZd9O4XoFoqmVNOASNQC8rpHuZM0tK1ljuLoahrXOwCsFsMM+meA8luhFtmzLPDO4yCs3dKM09S5zW+R+4/NatjW1EIkiOdtwolXRtmYWPbzwsslwexlD5OTG1EXl1MG3dWtlqs/wAlx3AyEKSARSvhf7gZVdl9LUB4JGk/ssz+xmdx+Pk1FVEaiPTjOdlnHudS1Bje3g4WooJWVMLX87bqov1Fpd4zAri/ZVkdy3IYMYjkaeSFYCQPVLR1GWCJx3B2VhA4jGUxvIFVjJErNhgIbQScFSowHDB/JBmiwRgKlyaV93IKan1sy0ZwqmqhLTkN+6uozgY5yg1MGRkNGSqksFWQyVMJLHDKlxzFpBG6BLCQRjZdYC3ndAxCWC1p5s4KjdR2Nl2oz4ekSAbJkMuggFWEMwIAzsVa7LuqVsHFnlJhnttSaapYW4OM9ldW+oyRuP1Vv1lY/Ej+eibxysjTTmLYLRE87bW6JYZsIsSswR22UOopiHZCfQVIkia7O/BUqdgc0EJwcXuRCjGD9lOjIc0bKEW4dlSqV2g7qDsDnREcKuu1OH0xdjJCuzh4wGqPLCDzwn12OLEarSxvhtZ588Oa4hwwVzURvnhXF0tjm1D3taNKp3tLCcrb8rlyeC1Glenm4yXBorN1lNQubFIXNA21Ar0mxdWx1bG5ma4fdeHF3sj0lyqaN4dBI5pz2K01aqyBwNX4uF3MUfRzKmKqaDG7KhVtO2TkLy6x9fTwFrKlx27re2vquguDQ172kn3W2Oo+RcnGs0FtD6KPqG2OhPjNGcHIK876jbJTVUV0gaGg7Px6r3CpgpK2EtBDmuH6LzPqmzOpfFp5m5jkyWELLqoboPBs0Gr2WYmVzK9lbSxVTAMloDvurFmirpgTucLH2usFBM+hqCdBdgH0Wjo6oQP8Mnyu4K4sq2z6T4e9bMB4DNbZxPG7GDut1abpFdIA+PkDdY92mVpBGxQ6SpqbPVCaAnwyd29kk9fptRJcI9B0qPLFnsm265QXCESRuGcbhSnNylSWTrQe5Fa+HsW5Cz9RFLRVTjGCWk5C1j4x6KvqKfxWmM455QPgCyv9EGkqm1OW7hw5CllmBnCppGzW+p8zCRznsQrSCqimaHNdnPZRSAh3ydc0HldaTGRtsnrjx4jNPqjDxgJtK3GFBrLcHxkgZU2HyDfujEa9glvoGdamY+opnscWvaoM0JB2b+619xoTINWOFQ1FOWndvCW+HlHO1FXxy4LPpHq6SmeKCueSzOlrj29l6LGBMwOBBDhnK8SqaZ8TjLGOD2Wy6L6se0ihrpdhs1xWmi/Mtsx+lvwts2beaDPAVfLRh2eyuCWStDmkEEZBCC+MHg4ytbWTotKSMzWUGDnSq6Sm0ncLYS0Yc0kgKpqaM5+n80EoCLaVIoHMLeRhPp6vD9L/AKeFJqaY8YwoEkbmbIMtMw21OPQe4W2CvhOANWMghZWopZqSQseCMLSUtS+F2HHLUesoae4x7EB2NinRm+znW1bikoapxa1jvsrMZ0g5VFVUs9DKWnUMKbQ14kaIpDuOFsrs9M51lJOfEJcDIVJNSz2qqNVTHSc59ldMdvscohayVul7A4e62VzwZJ0RmmmTrJf4K6NjJiA87Ej1VtPTAjbG68/r6CegkNTRkhmckDstH05f4qmMU9Q/DuNzwVrhdns5dv8ApvaybLSDcFmQqG72Vs8bnsbuN/dbDDSDsodRAHcbH1TkzNKCkYGCSrtUo8Ql0fG60EU8NTGJIiCD+yJcrW2rj0ceiy8b6yxVpjkyWE/kQmiGnW/7GikhG2yjTRZbghT6WaCugEkBB2334XJYC08IlHJTxIoamlBz5eyqKql07gbLVPp9WduAq6ppNtgAlWVKQmVWOTKyxaTwgsc4FXlVQnOQwDZVktK5nZYbKdvIprHZyMh2y6+nGM4591FcXxuB7KdDOHtAIWaSb4ZWcECeA8YQC3G2Vcvia5p8qrp6Z2eEqVO7kr5AA8uSBhOY9wI/yQ9Lm7FdIzwh5rG8PksIZwRjkovdVMchjeCSrKKqjc0AHhaa7dywxVleOjpYUzHClYBCYW78Ju0BPHZF0+6ax74namOIPspWn3QXsxjdTDXKJhS7LKkvpbhlSzI9QtLZOpKu3StqbVXOje3gB236LB6vZOikkicHRvLT7I4XSXYi7QxsXB9A2r4lWa7xNoerqOMOOwma3n7lTq/oOGqg/iPTtU2WN41ANdkheCU16c3DKhocPXC1/TnWF16fe2e11zgw7+GXZb+i0K3d2cW/x06nuijRz/OQSOp6xrg5hwdQUWW309Sc4DH+oW3tvXnSXV8TKW+UzaSr06S8/Q4+oPIQLx0LJoNVaKls0R3GHZT089GbLr4msGIdBXUZ2/mx/qm+Pq2fDj8sKXVtu1rfpkiOB6jZEpa22V48Os/kSeuNirJlPk5SXSej4Jc30cpUkdkvLS2ogbHI78QACm03Srqw6qeRsjOdTTlPn+H9yd54JBt2VQFytgveDMVnR91tT/nLNVFzeQGlWVk+IFwssjYeoYZWMGwe0K3FF1DZWA1EZliG2OcJkzbVdWeFVRNa47EPCdia5iwZThasWco3/TXXM1wjbJbK5lTGOWOduFs6TrKnjLWXWJ9M38Uzh/KH5r5yrOi6+2yiu6erXwvByA1xAVxaPiT1DZXNo+raFlbTjA8Rn1NHrumK1x4mY7NDCSzS/wD3PpSmuFNVtbLTTxyxuGWuY7IIRsA75Xkdl6n6eumKrpu7NhqXbujB0b+hadv0WppOsbrCRHdLeZox/wAWmZx90zejnW6Zw7NkueGAFXW3qGz3MYpqturuDtv6fdWQdkcI8macGuQOADsk5rXjD2hw9108ricLTxyjM3r4f2K66nMhEDjvqaMHKxtX0J1LYWCqtNS+WMHZuonZesJ7N26ew7KjRHUTXD5PJqLrW521whvdBKwDYu0nC1Fq6ms92A+Vq2Fx/CTutJWWi33KMx1lMx7O40hZG5/C+2EOlssr6SbJIIOyGUsDYyhZ/Y0DTq3Az9klhHjr7pt/hspzWQt5cBnZWNr68ts7vl7tqo5xsQ8YyVSeSp1tfjyavGURhQqWppKqNslNKJAfRGwRyE5RyhWx+xmcLpJPK4khxgEc0plRT01XGYaynZOx3LXjIT2DOU7T7pbWGRNp5Rj7l8LLLUTOrbDU1FpqTvphf/KJ92qhrbZ1PZCY71QC4QY/v42/h9SF6k0Y7pzJwRhwBHuq25Hx1DX5M8RrOl+muomCWhkbDK7chowQfssleOirvaSXxsMsQ3Dm7lfQF56RsN4eZnUfy9Qf+PAdL1na/o7qqiZi2TQXGJv0xyHS8hKnWpdG2nXbfxZ4FIzcsqIy0j1GCguoGuOW6ce69ZuNntFa4014o30FWOdTMA/YrOXLoySnBlpHNnj5Gk52Wd0HXp16l2YKWztlGWkZ9lDntMkPLcrXOtMzSdHlcFH0Ttk8OSMEhJenZrWrl+zFS0r2k4bj2QXBzTuFuZKSkmGJYw1x7gKvm6dD35YW/dA6maYapLszIzjdda97foeQrCstFTSuJ0ZaPRQzGW8jCTKLTHKcJkunutVCAwuLm+6sobrC8DUd1Q6R6pgc7OQNwqbaKlVCXSNUyoDwMDlEyDystDWVDRjXsFPpLrkgSnCsTKlrouHNQjkDCZHXQv2Dt0cnKuXIrrhgzJKwgsKMKxrPrG5Qy4N5GUORofgcKikH+ZbIRwjCR2nyuUBtOScg7pw+ch+luQqcUzTTe65ZRL+bmidqBJ+6cLs0H+aMKKyre4gStGyKZLZKAJToKW6kzrVeSsXskfxGmlwA/BSE0TnZDgVBmpKV+9M7OUB1urOxOO26TLT5Onp/KvOJF0X6gCx+PsVPpb9dKRojZUEgcat1lI4LjA/UwnP3XJK+6xnGgJEqMcI7en8tlJZweg0nWtwidiqijkZ6YwVPi64t8n1wFpXl38WuDT/NYMIgvJGNcGc77LPOjB1tP5ra8OR7BDerdUsbIydrc9lMiraWUYjqGOPoV4qOoGN4jePsVIg6pjhO5fj/AJlknp2zs6fzcXxJnspqoycHwxj0TnSxvx5gvLaLrqiZhrnv9dyrWHrOglIAmIJ9wl/xmdGHlany2b1rGEHCAYhk+X9lm6fqAzbxTgj7qfFeagYIIP5oHpX6NlfkKZFo+lY/Aczj2Uc2qkOcs5Q23mpx9GR7JC9xN/vaeYfYJL00o9mn+TVLpgZbEwnMEpYQostsr4m5hDJMcgq6ZXUsjdYkA9jsU5tVTTENZI3KBwkg4yhLlMzrmVMQ1VFM5o9RuEx0bJR9IOfVaaTQBvgqOKSmlzqib+SCVcmM4MxLbmOORTjHsVGltEBH04K1U1vjbvHkeyiPou6Fxa7CcIS7M0+2Oj80cjs9suK42G7M+ipa4emVoZKdrRhzRgoZpo2jIA/RVjAKpT6M+6S7RkawCfunC51IbofE/I5IVw+lD+Ah/LFv/wAxRcgupxKs14d9TX59wu/OMdsWn9FYOgaPqa39EKWnhc3S5rfyUK2Mha2vIwcJ7iRw4Jr7cxxw2QhcdZG4z81MP/EqFfFZno6185H1DHphMNQRsQu/w6dow2sOAoUkdyieWgNePUqZBk3H8kSHVJzuAmmXVtpG6Brrz9VLGffCWqoG7qfb2KgDl/YeaeN2+EI00eTkbLpqCAQ6CTPsFHdVg5zTyj3woK46wGNHTYOW/ugOo4mnyJhrYs7uI+6585D/AFlQTZ8fo5JCO2yAWY9lIFVTux51wPhf+IEKGZ4I2fdIhvBAKk5oRsSM/dIut52yjUcgOKIhEGN4gT91HLICf7oKfm3Hv+64Tbh3/dA4MGSTWCD8vTEf3YXPkoRuGYUrxaBp2P7p/wA1RgYDgoLUIR7ZANE0cBNNG0jBClPqoi7ZpICH8x6NKWA/jXXJH/hkBPC6bdAB9KkGR5GwTNc/cjHZWWlF+gBpIW/8MphpxnylGlFQ7AYM5TBSVJ3JwCoE63/Shgiib9bsH0TPL2CkClJxq5XflSFCfDKXoiaTnYJaCdsKa2IN7J5aMcKA/DjsgCBxKKKXbKIXRtcumWHs/f0UHRhBDBCPTC54TQdlx8+NgNlwVBKGSyTCXQ4tAHC54h9EXS4jIG6Qp3cuA3VDFHPQF4LiMDldZA127xuFIEOPNhIRZ2BUL+Ngfl242wueFjspTacn1RCxjGguQBxqXshNgc87hFZCQdhhEdPDEDk8KJLcT/wAoX9lfsmiMY4XDJDF9bseyrjUVsp+kgJwjfsXqFKe5/aiW6twMQlANTO44J2TmxDCQ0nhuEKlkN5l2zoD3DzHKcGN9Auamt9k3U47hu33REHp2w3CC0Pzvn9UVrSVCDNfm04TwCey6IzzhPDcdlCA8FdY3URsuukZH9XohPuEEXDt1Ct8Y9ktrQBjHCGXNzvthVlRd3u2iKgmtqJDgu2UAepj/SXsldBEPqyVCkusjgWxOCgN1OByMp0cR1bjlXjImVs5dD/mJ3OJc7IKZ4TjuRypEcQOPL+6kgANxpVKOSPL5ZEipvUIoiA42Rw3HAXQ0k4R7GilyMjaByF3HZFDPZPZCTyNk1QwitqZH8P1T2QgEORxEBvhMc7AQygkxm06GgDBb+67hv8AT+6aNhldOfRN2i3wLGE4NJ3AXWjDgiADCpvAaWRuAup6SWElk5gLqckeFA1Eahk4XXd0PBO2VCxF4CYGOlI7JwgOc9lIDWsbxujCjHJ2KAMbnCa+X0CY6WTVpZwi08TpiCoEovoFqdIdm4CPDSF5B4ypsFFgAkBS4og3sNlByg+wNPRANydkQtDRsiS+UAN2QXOGCMqwniCG68E4GE3UmudgrhkAVAZCA+pRNbfXZQZamNgy52FV1dyke0xxuIB7qLgVO5QROrrwyPMUe574VHNK+aTxHklcx3PK6oYbbXM4OF1JIbKhTkOwEicBN8YDy90B0mdt0cY57AlJRHySZ2CjuJ9V0k8kphfkcJ0DNbZkbnfKXiD0Q3/UkJgTwiE5yEBzhPA09kweXCf9SgWQgOUicJusAEqNPVAbYVN4FyngPLUtYMZCr6mpLh2QqicuOUJhJ3JQSlhCZ2ZBSPe85TUUgcoZ5SW8ik8nE9MT1RGcJwhp5cD3TFYtsSSYkqKcsCTclcTUTjkreEJGOUMkpZPqh6h6ooxEzsyOLgQcFR5SB3TtQ9UCU8YKfGJnssysHFzGV1JPSOe1ye0Lun3SauE5X0BI8SFSXAcpfiVvgg0jQN9lGkfqOyNVvxgeyiRAl2SlxeSBGtJOSisGMpNbsnp8Vgg5dz2XEkRBqSSSgYxJFPCam5BbwMT0kxQoekkmuSgxpIwmpJJUpZII8LMX24BmYWHur+ul8CEyeixNYXTTGRxyCVzdXZxtNmlr53M4x5ccY4UuMlwDWjdRom74PdWlvhBlBI2KwRi2bLZk2mjEFOM/UdyolTJqfgHYKZVuDGHB9lXEknJR9GddgiRg79lEeclGn2Gyj4OcpM5ZNUBwAwkQF0fSmEFQM4edkgO6Q5TwBhMCOjhGQkVQrOORLj/pK5krkh8qgKlu4Bk74yhrjs52TsFQJLkdyrmlhbBS5P1HdVlNA6eVrG9z+itJ3AEMHYYVJGa2XOABOTlRKjlSXHDT9lEGHZzuoi6wcmce6ZECOQiJ2AEDWRgN5wOVBcSX8qXUuAGx7KHGCXBJkssdFY5JUIyASEWQ7BciGBuFxx8ydBbVyDuywtOBgk+iGeURuzEM8qrHhFRhve04ASCFqelqMlmdPZZtjQTj3XoXSlMGxgloxpWOUj1XiKfksj/Y1dLC2Clax2xxlU9XKZpjvsNgraaQMhJOwAVRFH40+SduVmnLLPaR7wTqGI4Duyk1JwzlKnwG5Awo9VN5tGEMng1QWCOW635I3CvbRRay2ckBrf3VIzJOMblamnYaOh1HBOOyU2aqkuyLca0PlEUZJa0/uuyxlwjjaMueQoVMW1Fd5hsHZV5TQ+JWDSPLH5kmb2m+h7o5LVrRHC1mMYbjCo7zUtbH4ecuKuJ5N/RZC8VAlqXAHYbJTHTW1FfM5zn+XclbrpK1tpaL5mRvmk835LGWulfWV7I2jO+69Lp4/BgbCBgNGFlsfPA7R1/duHDaTWB5QqyVjqitLXHyt3U+eXw4XD1UShiLmGU7lzuVmsz6Or2Tp5WU9E9wwCBhqzTZNJLzu4kklW18k8Gk8Jp8zt/dUwYHFrNWDjlFEw6if3bUT2ziCglqiPMW4HspFvuXi07QeXcqqvs4prfHTgYc84wEzp7XPLkcMCz3LJVVko3KETcU3htaDsFFqpB4jvRMa9308IEzjkx5ySsU0ddsLCzOXkcrJ9Y1kjXinBw0jhaZ0/hMyRsAsBdah9xuEjictaSAEUUc7Vy2xBUkbtGrHPC3HTdG2it7qiRvnk3BWXt9O6ZzImtySQ0LbaNEEVMTgtaMpOps2x2haCnc8h6CInMhbs4rQUjB4bdIVZRR+Ru2BwrykjxEDhcS17pZPV6ZbYYZUdSTGOndTjYu4Wj6Jo4aW1/MNH8xw5KyFzl/iV4hpXEg6gdu4yt4xrLZbQGjAY390ge5ZMj1xV+NV+DjzYwq23xtbTZGxdyVEu1XJV1r53HOXHCn0QLaTUQrawJYOQ+LM2BgJ3WnhApaRplIGluSVmrY3x60nHCvLzUCGj045GFRUeykkLqmZzzvqJK1FnpyI2l2OAs5Rs1Y2ytZbGkwDbsEm1mmtE4clEKG1E7hZHyzTEyPxFrXstkdDC/eZ+4HosuyDwKSNjRgYGVa9TzNuN98FmSymGHHtlRHR+LMyEHDRynwWI4Mtkd1hOomNbHHG0fVgL1S00jYKOKIDA0j/Jef2ChiqLpBE8ZYxwOPVepRQtGGhuwWS+XobGOCZC1sMGt2wA2WdqW/M3MbZCvquYR0rmu7jAVXbovEqA4jKx2S2oaXlJCI4wAMYCljlMDcDACIAcrFJ5ZaDx8hHHCDGDkIw4SJFD0kkkkMMkkkjAEkkkoQSSSShAKSSSAMSanJqJAsSWM7JIc0wgbrIyBuoxkOiHVPL6pjBuGuyVPGO3CrKZpc58p3L3agPRvqpw+6YWEyVxJJQobkriSShGsjjjB3QTyV3B/qKGNyASpFAJYM717UCO0il1EGV2dvQLzMxkADGy1/V1aa2qrJGvzHTk0zR/jHKy7AHYHsuhQsIEHFAZXBoGcr1HpqjbRW2Jhbhzxq/JYey2uWrrY2N7n9l6TC0RgMH4QAiullYLXZJbuk4jSdwuN+k/ZAJOeVlNGcIM0+YFcXGHKR4V5KUsiyEshDJOUsn1UyRSyHyPVIgnYIAJzyjt7I4YBwmYH4hVLqi40drjbl4IcfQKVRwCKENxjAVTd5v4j1c8Qj/s+z/urpxOwxjC11LDLIMX8yvLRwNlaSHJACrrWwvnmnI/GcKZkmo9mrfWiPhD3bDJPC8t+JNdJ4sVIHYa8lzvfC9Jr6kQtDjx3Xi3UlW+53aWYuJYxxYwegC7ni6d9h57zuoxTsI1FFhmpwx6IF3PhweU87KxjGmFox2VHdZzKXQD8K+i+PhjCPlnkrMpxD9KQMnuTfEbqxuvRhhgGBsFjehqZofJO9uTjZbIkEDCRrZZswjveDr2UJkqDJjDiOV15JjLB+JPGBAwD3ygncgLBHs9GksFVe5BDS4cedgqqx05kndMdgP3UzqiUBjYhyErMNFIMjlO25MNzy8FhwTvlKaRkMLpHkYHZM7qq6nqzR250uThbtJTvng4Hk9ZHT0yb9HiPxHvAvnU7YIyXRwZHOw33UWihDqyFjBs0gKA2VtfdKuua3yuedP6rS9MQtfWFz25xwvf8Aj61VUj82+d1ctTbOcjVRMLWN23ATK2URRalLeQMDCr6yRjp2xH0yug3lYPMvkksYXU8Qx3ytEBppId+/+ipIW4fHERlX5b/LDfRJsZUFyV12qCykeRtgcr576jqn1d2mkldkteQPsvbeta4UtomxtqB3XgM4e+Z0rjnUSVztQ8cHf8ZXzuBycILNnkosnCCO65FjWTu9lhAQ8copGO6h05PqphOkZ9VHyLYGUk7cJrXaHDG6K4ZBKjOakzQVMtkslnTzF+EWR2tu4VZST4fod+SsWPBGw5Wdx5PV6S+NkP7lfVghw+yhuVlVAYzjsq1/KWhF8cSbBHhOj2eBlNPC6w4kyUuwCPZJkadGV658I6jMAYeMLyeXAZx2XonwkqSDoxv/AOqDGT0Hgp7dSj1+TlEpP74Z4XC044RKTGrOOMpU/tPqMJYIN1Gcge6yj36KgnHdbWsgD35IWQuMbYawYGAXJQF/WQgGp4bjkLuNDC4Nzp4CdGWmdrR2CcRyE2LMb5QdzfFoS4DJIWfLAwkYwVo4MGnDe2CqG4s/3g4C1VnN1cdq3GG68pYDEJg3f1Cw7BvyvROsoDJbw4DOCV5w0YK6FMsM+XfUdezV5/YdwACmWtxwd1DHClUJwMH1W9HmLI7uDaW0aoBkKc+MgtPsotmaHU4yM7KynjHhA43TorJwr3iTiS6JhdHnCLLHhEtIaaX1R3xk8BN2rBjcmnyVckORjCqK+DDfpWikhzuq+th243S7K8j67OTIVUIDwMYCE5nlVrXwYOoNUMx7LLOCR0I2ZRDZHyMqPJGf3U8Mwd0CWMLLND4SIYeYjqG6uKGUSxteDhyqpGgjJGUa0yEVIaTss868o9B4jWSpkoyZvemry6F/y1Q/Y7BxWnqGAAOHdeexEtIIHHC2VkubKymMco1OZgDdYrK8H1LxWt3rZYyNcKIPJma3jkKjq6UyMJaNwtfUMGDtsqqso485YN1knH9nZtrUo8FPZriaZwifuCcK/q42VdMcDkLL3CmdTvMjdg4/oVd2Ou+YpgyQ5dGNJSeuDHFbftZQSRmmqNJ4yrKF3lDinX2iwfGYFBgl1RDPLdimCN2yRbwz7gEYUwxiRoKpIpi0gEcK3pJ/KARyobKpJjTEWO2C66MPGAMYUnRr3wmHydlDQ4ZRVVNOWOyWqGBzsripiLhsMqD4YBILeCgwZrK8EUgghSqeXGAhyRgcIIJjOVFwwX0WsoZWU76eQAhzcLzm92ma01RJHkeSWlbplUW424XLvaxfLXpbgSs8zSmxeTm62j5INow9srzG0g8ZWjieyeNrg8YIysZNDPRVLoZmFrmk5BVzaq3QWguOAm5OTU3W8Mt6iPDguR+UghS3t8WIOAUTSWuOUw2xaayT4PME98QPZRqabBAIU4eYDCtPA2Mc8sq6+kZLERjcrJV9AYidI7reyw5GCM7KnrqHxMkDG6bG3BzPI6CN0W0jDTQOafpxn3QdOOdsq/rqLSchoVZLSlx9FoVnB5G/QSg8RIzMb7o8FXPSu8SCZzD7FCfCQQcH9V1jHA7p0LcGOWkm+GjR2zrevpCG1DyWjuCrqfqSgvtGKeocGv5a/wBFhxGXbhqJHAWb8Jj1PpmaXhoWfclhgL3SmGfxWbjgkKZbKozQAOd5mbLrvPE5ko1DG2eyhxNETthhZbJLHB2NJGWmwjUW+q1jw3uGRwVZaGzNA24wszRTkOC0lskDsZO6xS7PW6O5SSY6hnntdSGjIbq7ei21LVR1LQ5nGFmxEyYaXMBRaCV1qqMuLjC/YjPCo71NjNG9u3Kivi32GFKZIyaMPjcC0jYoTm7pUo5NixJFbXUYqItHpuFn4mzUFWWybDsT3Wvc33VTdaFtRAQ6PLuxCVJMTKOOhRy626scorQqKiqpKSUUdW7/AJStDgaQVFLIKeXyMLSeEWnlP0Oxsmgn05QpmO+uPYjt6oh7iTtDZARjCqblbQIzK0bqwopRMNLjghGqIvEGMoUsgzrjZFqSMXLBjbSqmogmgf40BILTnYraVltBGWN7KgqKYscWuaFbhno5F9LrfBpei+qxM0UVbJjGwJW52cA5pyDwfVeFSia3yiogzsc7L0To3qplbGKWpkwRtv2KfVdJJRkadNquoTZsNJKiTUrXgqYHB3CRGRhanLKOnhMoauiAPHZVFTS+y10tO2QE47KsqKI9glGe2nJmJIC040/umRyyU7g5vHcK4qKPPDQq6amIzsoYp04COjpq+LL2gnH5hUNfapKR/jR7sz27KzjL4JNY2HdT2y09ZGWaQcptc8GC3T7uDPU1QSQHY3ViwZblCuNnABkgyCN8BRKWtdGPBnBy3YFba7P2czUV/G8FmQCMEZCp6y0vbKaijcWnnA9VaMna9ocOCiNIPdalNHOvpjNYaO2DqAyYoq46ZG7Bx7rQOAcMgrIXW0ukb81THTK3fZFsPUb2PbR1uQ8bAlaa7Tl2V/EzQSwHO7P3VfX2yGticyRgyRsfRXPitlDRgb902SH0HK1btyAlFTWDzpnzvTtd3MRO/oQtXTVFPcqcTQuG/I9CpNdboauIxysG/BWTkdWdM1oc0F0LjuOyfBmOadTT9F8+AtcQRyo81LwQFa0tTSXalE9MRqxu30KD5dXhPGnHBVhKSkuCkmpmnOWbqnq6TfYYWqrKV8ZyRkeqqp4A7tulzgpC7IZMrU0hachv7qL5oiDhaKppf8Kqamn7ALBbTjoztY7GQ1GcAhFcxsrcjZQXNdGQUaOpIIBCz5ceMCZLIOel08BQjG8FXY0yjhRZqbbYIZwUllBQs2dlY9uQkxxYch26NJCQeEMx+pWdpxfBo3KaJUFSdQEjshTg5ruCqfPYBHpqgh3m4T67f+Zi5QLHT7ob25GMo0L45hhpyU98DW7sbv8AdaE0+haiyCITjOnP5oRadwQrFrA46cYXZKUEAjCHA1Rk+ipIcCjw1L4Ts4/qiTQaD5m/uhiMnuqTaJOD9k+nukjSDqOR7rYdN/EevtQ+WnlkdC7A+rIH5Lz0jS4YPCPHVDABCfDUbezFdpI29nuEXUUdzpnTiNlYzG8bQMhUlS6yVRJbqp5O7HjBC83ortVW+US0sj2+oBwtLR9R266hrLm0x1OcCfGG/Zyd8ymcu3RSg/tRpKa5XmwuE1sqdcZ3wHZC3fTXxJo64tgusfgTDALsYBXlrpK2gc2QSsmgfs1zDkLklxgkIJj0u7kJsJpGG/SqXa5Po2NlLXQA6WyxvGQeVW1/SFnrGES04BJ2LdiF5H071pc7K8fL1Tnxf9245A/Jeo9OfEOzXUNir5BTy+vYrSpJnLuptqeUuCpqej7xQa3Wyfx2D6Y5CqV8kDXuob7bzE453fHho/8AEvZRR925USutlLVwuhq4mvzxqbnCP493YmOqdb54PE63oKhlPzthqXU03LXMdsf0XKDrjrjomZsV6gNwpR+NuzgFu6r4dxse6osFaaGbOfCxmJ3/AIeypK1l4tw8DqWzltPwZ2jW322QOlLmJrhqoWcWLci7stR0j8QGfxOgmjt9wGMiAeHPn23w7hXcHUvU3SMmrqEC528bGqgbplYP8TDz+q8sk6Xoq8C6dO3U0Va7zeJG7yv9OOFdWb4o3uxu+R67phLH9PzY31D3GEULEvyF2aZf/SeY/p9ntFl6ssXUcIms1eyowMubw5v3HZWjZPZeUVPRXTnUWi99OXP5apeNbJqGbTk+4CJD1Z8Q+jniPqKk/i1vbsJYxmYD1x3TVb6Rz3pYt4jLn9M9WwVxZ/p3rvpjqVg/h9xaJvxU8nlkB9MLQA6j6IsmdwlCTjNCzhcwE7BSIwoLGOGeSqa7dHWC8scay3xF7vxhu6uxsnt8wIKJMJSlH8Tzip6AutoBn6bukm24hkcSPyQIOrb/AGJ/g9S2x5j48Roxj3XpwZjJDd/uhuo4pxmZmrsmp8ZHK1v8jMW3qaw3YBtJXs8Q/hccfkrMggZPCq7p8N7FXZfTMdRT51eLT+VxKpJrF1707g2+R12pwfK2Y6ZCPtugdgSxP8Wa9JZSl6/oI6gUF8pJrbUbA+MPJn/mWmgqIaqNstNI2VjuHMOQUyLTBlW0goJHHdJIgjkJKYQtwC7N3xwnRy52wmrjW6e6UAuBVVNTVuIqymjmj3Ja8Z39VQVvw9sVS50lPJU0pO48N/C0CMDhD7GxunF5R5bdfhTdADJbauGrzktGND8eh7FYW52e62yR0Vxt0kWDjVo5X0a0aTkbFDqqeCridBVQMlY/6g8ZVOOUaqtdKL+4+YXU0ZyBggoXypbnS44/yXuF3+FFkry+W2E0kzvTcH8liLz8M+o7O5z2wCoY3fUwchA6jpU62uztmDkYSNL2agVDmoqaoYWPp2j3C0L6V0flmiDT6ZUKanw76MLNOjJur1Cf4mbqOn4tBMTsOCrXW58WQ+M59crYuZjYoT6dk3lIBSHSa43tdmMNONwWn9UEwjfutjJaY3DLWAqFUWd43bHj8kmUWNjq49MzbHyxnDTjCPFcp2YD3EgKfLbw3bQoctFjgJbTGQlCztEuK6wyAB/6qWyWB7fK8HKohTYOwC4HTwu8oKpvBU6o/wBJfgSjeMalwyVjfrbsFURXWpjIONh7qfT9Q0zsCpUjJPsF1SXoK+YH6hhM008u+ckKYyvs84DTtlP+Ut794nA5R5QCzEhx+Q+Q4RfFna0YkRBbT+CQnPGSo8luuwPlaCOyJvIxXST+1hhU1BO78hdJL9yoOqqiJjlgdqHcBI1ro8B7XAepQOCkbK9fZHhh5Itf1BAfSdw1EZXRE4LgjtqIiD5v2QTpRsq8hjmRWvpWnluFGfQRYzg/qraTwcjBXBEHjyoHpkzbV5VZ4KCSiIPlH7oDoKqPdo475WilpxjYKFNSOKXLS5NsfK/3INPca+DbxiPzU2HqS50xBjqX/qoxojygy07wNhlJ/jYN9PlcezR0PXF0iwXzasepVtB8StRDKuEEDktC8+MNU3iMkJoEncLPZSzqVeWn6Z6xTdb2KobiSTwz6K0jmoqpoko6nS/GRh/K8SYcHAblSG1VQ0YZK9v2cUl1fs31eYl7Z7L49SNvGcfzRIK2rjfkvP5ryGnv92pTtWyO+7irOj66ukD/APeAJ2f0uS/jibYeWwerfxWXbLgntuMDuZhn7LzNvxAc4jVRMb9gpkfW9CQPEiLD6hKlSn0ba/MHogmp3jDnAg+yYWQE5a4rCt6zonfTMfzClU/WNO1w0VQb90idJoh5bca50bQfKEySMAA4VE3q+mIGqthx7lSGdR2x41GthyfdLde00x16l7J5bEdnsyPumvhoCNyVBPUFsJx8ww/YopuFCWNealgDuCSg2DFq0/6hSxwA/wAoFMLRjlO+bozxVRf+ZL5ul7TsP5qbC1qk/YB7HA/U0/YoL2HG5Ut0tMdhID9kF0lOOHhBKLZf8mJFcCDwgnICmGSD+sIZkpzsXD9UWzKKnZH2QDPg4wmmYHYtyFO/3E7kBcP8PA3AVYwL+aBXGOlcd4QnGlpcZ8EI5ktjScvXDU0Dd2zgfdTgj2e2iKaSDjwB+SGaSDH91j8lM+ftoG9VH+qC652xrc+OD+SmRclR7aIpoID+AJhtkHdoT33u2NJxIhnqGgH0O3UEyenXLY3+FxE40DK7/BhjPhAoZ6iiBw14whP6l1ZHhu+4Kgp26ddBv4Nv/dD9U4WqAbloUF3UUv4Q77ID79VuyBG5QCV1C9FwKKnbxGNl0wMA2Df0Weddqxx+l26Ea6udyXpYD1EP6Il8+FgJ2QdUbTyFSiaqJ80pRDrcN3HJUB+VvlItvmadm2ofquOrKcDOr91VtoppXDG6PHbZ8KBxna1wgslfTtONSjPuzs6WnI+yNHanO+tgK6224dkQge6hX+syMauod5hx9k3x6p22rIVm2iYB9PCKymhGCGKFqqUu2VghmkG43RIqCfkgYVo2FuPKxPbFUEbQ/uoOjT+0QYqBh3kGcIrIqZmwj3CnMpX6fPgJ3h0MI1PfgoZvA1xgkQnQg4LGpCnII1Ls9zpac4aA781AqbwZBiAYyllKdcPZYFsUY85Ayo01XSQ/QMn7qtMtVMcyHC4yl1HBPKguV0v6CQ+5y/TEOQo2usmcSdwVIZTtYRndSWhrRgDCgKcpfkQTE9+NY3T2Qb5AAUkgOTCMDOUOAcpMc1mluEPXvwmmUA4TPFycaVMFqzA9dG65qB5SOwQYYxWNhGwsO5G6IGjgBRzOG88IL7hHjZ+PZHgp3RXZNGhvJGyQqIGDcqplrwc6HZKjPq537HGEe0RLUxT+0tai6RxnTG/Cim6TnOFXuaXHJTmt1KYAldKXQSSeV5yXlMDT33XWs3Rg0HGArcRUpOXYFkfsisg0uGRyjNjxjARY4nOI25VxjkiQOOIY5RGw44UmKnLuykNp25GyNRwaIJkZkZ5x+6dpI7KcIGhv0pvhhp4VY2jAAh9kQRjHCJqaOyYZGHZpypKWQcpDA3Sc5zhIzgbaUzfK6G55R4yELxyeyYGnKM2LuiBoHZFGJATWEkE7Inhtxkj913UPRdMmRjCuSyQYkkd0krog9cOy6kqDicBTXvA7hNc7GwGSuxUznnVK3Csalng4GyPPlbsjNi0kFw3+6ecRDAQnudJ2woRQx0de9oAACY3VJwESGinlIICtaS3lgBc3fvuoNjW32Qaege7Bc1WkVLHGAQN1IjjY0YDU7T7qGqFWOxgYAAB2TDgDOU97g0cqHJJqKhJJRHSTdsKO54z9QTZJAByoMkvOFDLOaJE8ga4bqNNXMjbgqLUTl2wJURwLiDnKhmnYKpqJJH6tzlD3JyUdunBy1DOD2UM05ZfIhwmrmQmqhI9De8N98pPkLRxygEknJTIoROZ0uJXEk1zgAiQqyQ58gKjSP9AmySjVjJUaR5OyLJlnZnokeLnbbdNjjc52yHBE9z/ZThGIwPVGVFtnWtTXyBo27LkkzWg+ygOqMhwwqLdnokTVBGwIUGWZzzsmvcSc5XOQlTbEt5OF2eQlgroGO66rAcsCQV0jCKoUBXXDA5RUGQ5xhWo5IDwc5XNW2EtW+MLhCHYLbwcO64mnlJTAqU8iXMj1SJHCESQeVYErNoTOyjuzg78JznbbnKEeU2MTLOzI0k5XM5SST0sGeU2JJJJWJbwe2cpOS1eyTV9ASweLOAEHJTZXiOIuRGtBGoqvnmdNJgbAbYQN7nghxpklfqceUYABDZsMYwiI4xxyQMkkkmkHJJJKEEkkkoQakkknEEmJJ6hBJrk5NcksMTlzjcrrlGuEwhpHvHZZLZ/GshRi5PCKC+Vkr5fCEg0g8BVBGUp5HTSue48rjVxrJ755OrStscBImHOwzlX0EDIIRjkjlQrXTbePI3OPpBUuqlGA0I0sITOW6WCNWSlxAUZ/Cc4kuJQJ5A3AS7A4oE85dymYHK6kgGCTThdPCjgO1KBBcb7cJ44SA7rqMY2FSSTFCpS2hlHnO4RAcqNKRsoChAZKJsQNk1n2RKaLxpgzPKgcnhZLC3xmKJ05GNWwSky459VInLWtbE0YDQorn7HZFJYMb+6WQM7tAxlRQc5RJ5Mu2GUMHKAfCODqdJwmrkz8BVN4QzGWRKlxJAyuwAZQZN3KTTjbcLKuWG1hBsYACbGNyuOT2psWxTOuOwXW7vDPVcyF1gyQpY8o16WOZ5J9spGz1kbHfTkL1K1QRRUrCxoCxHS9tD5xK5uQQt8zTFGGNGwWGxnuvEabbW7P2R7jLloYDjuUy3xO3kI2UercZJBj1VrTNDYWgDGyV6O5GPOR2rDSQOFAja6oqtztlS6p5ZA4jnCZRxeFT/MvHIKWzZCOSTa6PxqzLvpiOSpd5qyzFPEd8ZOOyNZYvDpnSvGC86iVW10onqHyAY7JDY+KxwS7JAXMkq3jYbN9yr23Me1rpnDkqst7fDtmMfU7/VXjC1kTWgYAASZPcdSiO2CItXMWkjuQsXXSFsrj7laS7VXgsec4JGAsvpdUzZG5zslvouf3NRNJ0bb5Jqr5jGA0ZK27m4OFVdNUZp6LURjUBhWpfk4xwssnlnRohsgQro8MiDW7k9lIhjbHGwNGMAZVdKXT3HQN2s3VhK4xNyeMJeMj3PCyUN2kdLVEOO2EKhY2SqY124G6BM8vme5zu5Um2Nw90/Iarawc5/fNyKfqeV8lxDSfKwYaOwV30wxsNEZQ3zPO5WVmmdXXNzCckvwtpTxtpKaOFjfw7rJcVoZfLa7H64LGOXSM42TIf5tQHH6UiPDoMkblEo4c0nint3WY7T+4g3mYQ0pI25WFpneJI+TGA5xwtF1fPI2ARMdjJwVQ07A1rccI4vBzdTPdLaX3T0BkqmOxs0rUPBM4we4VTZImspfEDfM48q5oo/EeCd91zdbLLydnx9ShBMt4GElrGhWcsraOkc+Q4DWklRqCNrpdxwq3rKrMFLHEOXkn7rlSeXg7kMKOQXSdO24XSSve0u0u8uewWu6jro6e1vDti7YKn6MonwUomeMB4z+aH1rWxODKNpy8blRdkbyjKgeK8H1KupcR28NA3VTR+edseOFe1MZY1jAMk7I5L9C4Pk7YKdrWmVzfMTygXypcaxsJPkAVpC0UdEXbHG6zXiOqqt8z8kZ2S30FHsubdG0hgI5O61tKWNgaGtws/aoWOLMj0WgIAa0DhYrZZeDVAP8Akh1MgihdIeGhJhxlRrw/FE9g5dss6fPA30YuJvjT1NUB5ZHkhNpox80559NlMMYp4sAdkCnb53EjkJucIDHJreiIY5K2SR7clo2XolIATlZTouhiht3zAHnedytVTtPK59kt0sjF0R7zIzSIW8p9mgZjxCN1Er3iSpwO2Fb29jY4dgs13RCWAMbojQMpiIOVjfZbJDQAE5cHC6kzWShySSSAMMkkkjAEkkkoQSCjIKploSanJqiIxJJJKyJZEoF1l0RtiH1zeRv3U/IHKpXv+ZujpHbxwDQz/mUGEunaWgNPIGEccoMWc7oyMthQRoxlCPKSShBiSSShBKJdLjFabdVXF+MwwucCTgDClFwAWP69qPmaei6dbkOutR4bz28Joy/P7JkYoksJGekhkj6Wpnyu1S1RM73HlxdvlQKamcQtP1tEYhRMBABaMgBV9HSlwGG7lba3hC2uS/6aoTDCalzcOI0tV80kOyd0GhhMFHGwjzAZRkE5ZKj2HD8NIPogB252T3DPdDlOiMu9Ek0oLGcjOV3I9UOn2gGeVwk55UA6HJJJKAnRslJN4Mbn44GU1yh3+cU1nqpjyIyAnVrkJGKspFTdqyqIy6SVxJVrXyGOnfp2OMKu6XieyldUSAan8eqm15aS2M/iW6CwQfamFlMSRu7dFDtJJIySnwjREAR2TT5N8cLZUslN4KDqm4R0tBI+Q48pAXlccZkeXnvutl1/WNe0U/4nO2WUhjw3jhex8Rp8RU2eK83fltA5niGMk8ALOTOL5Hknc91c3ibw4CwclUTHFzmg9yF7OhbI7kfOtXLfbtNz0pAIbeJO7itDAfNhQLfE2Kkhja3A0hWMLMHUO65upe6WT2njatlCRKJOgIMZJIz7ozhhqCzbf0ystfZ0rHwZfqGQ/PeFyrOgj00rB7Klr3GovGojO+FodoohgbAYwtEFk51sscs7p91598Tr0ae11ETnBo0YC3VRVeFTulxuBsvE/ifchPEKV275JNIXe8VTusyfM/q/W7aZQzjJlrNG0UbZBsHnut10tStbAZSBnCx8EDWRRwt20AZC9Ds8TI6KPSMZGV7iiG1YPhWtnmOA8w2B9N1WRAVN3jixtkKxqJdJ2GVD6ej8e8OkI2ZlNZzYLBcloF08MDZoCtjkgjhVlCBLc534zjYKznOABjskTGwSPNvibdo4be6lJ80jtIwvI/wlbP4m1gkuZphuWuJysW1crVSzNo9N46G2sC7OCfZR3fUVMI2KihpBOVzLXydNrA+KUMOPVWDHlzQSFVZHAG6sKZ2qJuo7q65Z7E2ZCkYBKA/uFId9JQXg7+6GYKZGHllaQraBwLBuqp/1BSqOTtlIaOtoLNk8Euduobeiq5QQrY8FV9SzOdln9nVtjnkgHlIeqThgrrcg5whayJi8Mns/mUoJ3cAtt8KZfCu/gnYAA/usPRDU0t9itP8AD+bweoBvyP8AVLSydrxU9uog/wC59CSOGNguURLpHY7FcHmja71aClRZFQWZ3Q2I+qw5wEqGb7LI3xoFRkbEFbWcaXcLJ9TQ4IdG3jcpAzUQ/wBLJX0zzJUhxPZTHg4KgWw5qBnurRzcvcwdk6Kwc2KyNgzo+ygXaAZEjRyrOn8rxHjlDuMILRgcJ0eDNrIbqzEdTQmW2u2zjK8qLS15B9V7NdoRNRSMDd15HcYvCrXsxjC3VHzT6oqxKMxsXBRYDpmaBwhRcFEacOyunHk8azdWM5hAAV3VM/kcKh6beHeGFqKmLVAQBlaYI87qJbbDtkB8HTzurMRNOVW9PHL5IiFcGMApkY5MF0tsyJJCMbBV9ZBtktwrl7MqJUQ5bkNVtemVCZlLpABHkN3VS2PygELSXGLOdtsKjkZpeR7rFav0dKmzPZCewNO2yjTs47qwmj3GN1GlbsNllcW2aozK98Z0ndBpJTBVNeWkjPZTXb7YUCoYC7HGUvbk21WYeTWU7hMzU0g/mpFLVS0k4kY7A7j1VPZKoYFPjtyrSUFpGAk21HvPCa3fjL6N1TTQV9O18bwXEbj0Uaopyw7hUNhusVJVBs5Ia5a5zGzsD4iC07ghc6yvB9I0t0dTDKM5WUXiEgtyDt9lSROdba4chhOCtnJCAd28qmvNpNRGXxDDhuQsko5LuoaW6JIqNFVRF+M7LMMPhTlvbKu7DNpzRznOR3VdeqM0lQ4gbE5CH0cq94i5HHYOMFTqKfBDSO3KpYptTgCp9PIG4OVYentNFEdQ5XXxZGcKJRTZAGFaRAOAyFDs1tSRDMW3GMKDVQ482FcPjHIUWaEPGMcqm8EsgmUud9JCFJCecKVURuilO2yQAeAqSyjJKGGQ4xjkKdTTmNw0EY7hCfEcHZRfNkqJ7RM4eiH1d066qZ/FKLDtIy5o5WNp5nRbZwRsvT7dUCXNJMQQ4YGVgeq7LJabi8sB8N51DbhNi8nD1+ndX3xLWy3Hx2mCQ5cBsp00GrBCx1uqXQyZa7BWwo6ptZTB3cDdNRmouysMG1pa70VjSODhuoTo9/RFp3hr8BGdCEiwLRg7dlCkjyDkKwYctymFoxwrXY2UVJGcr6IOJAb2WfqICwlrgRvhbeqgDhkN7KmraFssbiWb+o5CZ6OVqdMvRmHQgn6VwRgHOlTXwFjtLhkpulv9KOMmzkzp5AtY0fhXdKN4OO66yPUmZbA+Mj+Gf6VHkhIwQ3j3VkGdgEGaIjGQgcgXRl5AQuwQMbq5t1Q6N7VTABpzlToniQac4SJS5NWnk4SSNnb5GzN1BTpIGyxlhbz3Wes9YyMthkdgngrWQAANyOyE9NpZbytoq2S3zeFJnwieD2V9G5kzA9jgQVDqqSKpj0FuD2I7KDT1EtteYp2uLM8oZSwdGGY9l09m3CjnABOlSYpo6iJr43ZBTHNB4KW1kJ8ozt2tvjgyNaNvTke6jWq5uYfk6p2S04aStHJFntys/crFI57p4CPXHdLUcCJcPJctIIwGpFuVV2O4uLjR1By4bAnlXj4wBnCI0QnGcU0Q3wOYfGi2I5HqpEUzZmgjnuPROaDkghR5IHxO8WPjO4RxWQ8ZJJa1wORwqK5UYLy9o5V1Cc7kINRCHjCtIzW0qxGPqqfzfTzyqqN1Ra6oTQuIGcgham40vhvwWbHhU9THqOCMofeTi3VOEjedI9UR3KJtPUSASN2yVqw3I5XhbKiotVQ2opiRvuAV6d0p1XBdIGxTPAkAxun1zz2dHRarP2TZoXNwSmPjBB9kY8IOOU7s6rwiFPTA9lVTUmCcLQOaD3UKaHI4QyeBM6VLoz09Jg4A5UNjX0kwkBwO/utBNSaznCgzUhIwQhTMdmnxydpZYK3MWQHBVlyspL3FrdJ9uCiyRPhcJYhpIVxba+Grb4NQAH4xumwsMF9EZxaaMJFM+mnMUpIwceyt6ebWAQeFbX7pqOpiM1O0axvkBZUNqrXKBMDp4WuFmTg6imVb5RfteXBVV1tbZwaiAaZG77KTTVkNRsx2/opWsErTGWDnXVKaKqydRS0wENYS4sOnJ5wtrS1MNVC2WI5aRlYi62yKTNTEzDu4CJZr6aACGbOAVsqtOe4utmyfGOwVfc7fTVsBhmYDng+isKaoirIhJE4EEJskRYQ7C1qWeUBNKa5MDorumK7LS4wE/lhappguVKKqncC7GXAKVW0EFwpzBMwbjY+iyrPnem6zSSTCTt9k1GNxdL/sX9FJ47THIAcbbqNW205MkJGnnCI5rq1grrYATjL2BSKOqZUDS46XDYg8go2gt6aM5UU34dO4VVUUbzw381uq2gZKNQYAcKjnonsJGEqcMip17jIVFI4HOnChSxFhBxjHutTPRtecgKrqaIg7BY7aV6EyjgrI6h7CAQpJla8b4ygyU+nfTwo4kLHcJG3aIlEPJFq3A2UZ8enfT+6mMlD2gOG666BpAcEtwUiRm4srCXDOWoZG+QVYywDGzP3UJ0Th2ylTq/RoViZ2OWSIgsdhWVLWawGyOyVU5cc7YXY3FpzncKoWOHDJ/dF+GAjU08J7ZCCBpVVS12ggSu2Vsx8dSweEMlaFONi4CVjXQ7woZW4LdyodVRPjGS3AUoiWI5czCMJmyANeMqRjgLdvM+WnJGEEhzTsVoKuhbIMws3VTNSTRO8zVUlkFwkuwLJzGRkKSyWOUbOznsohAccJBhYRgcoVJoGVaZawXOuo2eHDOdH9JOR+itKPqKkqMRVsQjd/UOCs2yTOAeSjugbpBI/NPVuOxD0kZcs1vh+I0S0swcPYrkdVVUz9WSCFlqeprKMgwyEAdiVc0t+inAjqmYPqnw1UOsmHUaVrhI9I6U+Jl6s2iMVJmgG3hSHIH29F7B0z8RbB1DG2GpcKebg6uCV8xFzfriJCl0lxngc10chBG+xwVsr1COJqvFxs5XZ9bSULHjxISC07hzTyos0D9BhqYhLGRgtcMgrxHpb4r3a0uZFUTuliG2l5zsvYOnviL0x1GxsPzDIpyN2u2GU6NqlwcS/R26d5ijPXr4e0VW41VkmNHOd9AOGE/ZZe5WS8UMZgvVtjq4BsS1urC9kqKJn1RA49QoroNWc8j1CvYmZ4aicHiR4NTU9w6dq23Tou4fLygkup5clh/Lst50t8W7Ldz/COqaQWyuGzw8Za7P8Akra89F22v1TQxiCbnUwYysP1D0DLUw6Z2MqNGdJAw5v2KGUHA2xupu/Pv9+zeXj4b2C9vFZDmmlcNUc8JwfYqoZUfFToclkT/wDaK3N30k6Zy33dvwsDZeterugnto5oHV1uYTpicSPD9fsvYOlOvunOqoXfI1vhzMGp9PKMOaPXlWpMllN8XlpSgwvTvxZ6cvMgoa5s9rrc48GrboyO2DwtxGYpoxJDI1wIyCDnKyF46OsXUbDHcKNrtXJAxn3VAOheoulR4/Rd9lDGnPydSS6Mj0U+QxOqqTwuD08xkJ0YwV59S/Eq62tvh9bWKejDTpFTECYnFbCydRWe/wAYltdaybAyQDuE1SyZpVyjwy2AGF3ASHAyup2ULkmJrQhvbk5J39UVq6RlC0Uv7EGstFsujRFcqKKpjGTh47rL3D4aRxSGr6ZvFVbZicmMvzCf/D2W2AwkjXAatkvZ5xUVXW/TjsXe2MuFK3/jUxy4j109/wBVMtnVVpunlim8OTh0b9nNPoQty9odjKp7t0lYbuS6qoI/EdzIwaXfqiyHG3PZHZIHjU3BB4ITlVTdG3m2sL+n7qXtbxBPvt7FRje6+3ER9QW6Sna3Z8wGWhWTcjR5HqnOPoVXUlxoK3DqSqDwfdS2ZaRlKKDpJDhJQDadBIOQntlJ2dlw9CVwbp+gEIsFrjorbp0zYbw7xKighEp5e1oBWLvfwjOH1FpnLs5Ol24/Jeh6HA5GycJZYiC1xQSjk0V6mdfTPn269MVtuLoaujcwjvjY+6oZrPMzLoJMu/pX1A51HWx+BX00c0Z5a5qz12+GPTtz89ucKFx38jc4P2S3XwbqfINcSZ83zMu0DsPpXfkmR3uIDw6mFzSNiCvWLz8OeqLa9zhEK2nbxJEN8e47LGXXpuGfUyppDFIOTpwUiVOejdDVVWdlDDVWesdoBDXe+yUtmp5c+GGuz6FArejDo10VQfEbvyqR1Nf7fMTEZMt98hZpUuL5OhD7l/pyLKrsM0bS9kWB+qrZ7a6JuXtwpVL1bcKc+HWwB+NjsrGDqO1Vx8KeIMz6hKlWMjO2PZk5qYM4aoktKWkEALdPt9ruJc2nmYHehUWq6YcI9Uelx9Ev4jStSo/kZCNmNh2ThNPDvG8/qrWezVTBlsJ29lXzU00f98zSh2MtWVzeUdjvFaw7nj3U6PqaQAAv491UPbhR3twrwOVUJGmj6laD5wD+ikG7UVU3RLA0g/ZZDJXWvc07E/qqzgp6WL6NW2O2TkBrdKf/AAqF5zFVgA9isuKtwGN12OreHZMrwPupv5AdMl0zSmyzg+R+odiCo01LXwkhsJcAq+K41GAKetIcOziQpUN8u8OC2Vp+55RqZFFo4XVrT5onD2wmunkHIVjF1TWsGJqOB4/5Eh1Va3nTV2sH3YxTegop5K5sjXbnH5pEtHGndW0V26MqciRjoHdstRPk+mKkDwa+I57EquGaYSceihfpP4moPgRu5GcrQSdN0khBpnah6gqO/p2WDYvLgeM9kDgmaK9XZW+ykfSRM3aEB8QzgDlaB/T1a8ZjxhRn2OrZyEmVSZsj5CxFMaV7twQh+ERyFbGzVZ2bsgutddF5vDSZaeBqr8nYQDDJy1uyYcjkcKaYKlu8gIH2Qy3fdn6pL0yfR0KvIt/kRteNtOEhLCOZCEbQDy1O+VjkGXMCVLTM3Q8jFAhNB2kGV3xo/wDvE/5GEAkMQXRAHGEmWl3GheQT9kjxmf8AelM8do3Ep3QtHt+6Ho9v3SHppehq139yWKp44qH/AKoja6pHFQ//AMyg+Gf6SlpI9f1U/jS9DV5H22T319d/8kyD8ymi51o5qn/+YqEWOPqm+E7uSEEtPNeg/wDij/ZN/idb/wDJT/8AzJfxOt/+SX/+ZQ/Bd/8AKV0QE7ZQ/DP9BLXzl08kj+JVv/yS/wDVI3KsIx8y/wDVBFE47/6rooc7E/uqdMvaCettlwONfVHmoP6poqJc5dK4590VtrZ3duiMtwGAcEIf47BdlsuWyN4zs5Lv3TxO4fiU1tshIy4BPbbqfnAQSpa4CjvfZA8Vv9CQGRnCtWUULeWhHZT0w3LQMKlSx0U2VAj32G/2RmxO21ADKtg2hbsQM/ZOHyXIH7KKnAyMEnyVbaYnHl5RRRyEbN3U8SQD6QitkOMtYAp8Roj8ftECO3z927KVHby0Zc5v2RC6qfgMAwutp66TYgAH2U+MNTgugXy1M3lgJTgyjbu4YP6ogoJQcyHn3XRQQjc5VbBif/KBEtKwEMcU0SOPDdlJMMMe4ZlP8v8AS1ColpSfsjxsmOCGnf3UgRnABXBPBDjxHAD7oNTfLdCPJnV7FC+AlOMfyZKbTE9uEVtK1u7jj3VHN1PIBiD/ACUOS7VlY3TJIQPYoMBfyIQ/E0j5qKDd04UGXqKmYHNiBJCoCHO/EVxsZzsrwwJaqcuEWM99rZchrtIUGWSsqXZkn29E5sDjuERrdO+Eva2A5SfLYNkbiACMokdOGkFdM0TcZ7Lj66nGNL9wqjDkX8kF2yRo2AKTh3JwoElyf/wnZCE+uqJBgnCbt9gvV1rhFm6WA8y7jthDNdDjAeqou1HJK7rYDucIVFsVLVE99VIQSx3ZRxJUOO7/ANkE1lO0YLuVHmuGNoSqlXgXLUxXbLIPcBuUvmWNG6pfm6hxzlO8d5G4VxqyC9YvRaS3KJuw5+6iTXSc7NOyiuBfuQulpcQEXxAvUzlwOfVzybF64A4nLk9lPnclHbG1oGyr4yt7lyRgw5R2jdOAb2CK2CR3DVaqbImM0gjhca0qVFRTybluApcVAW4JGPzV/Ex0XkhRwuJ3Ckx0ziBtsp0VO1v4VIjiA4HCYoGiMckJlEe6kRU+ngbqYI2gYwnMi9Byoo4GRjgAyMHsulmNiiZbGd1FqKkE+UcIXHIe5RDmYM9P1UaWf0CFqL3bjC6WZ7q3HgGU/Q0yO7hcD9/pTxCMozY2gZ0oNuOwE88jA3I3ThGAchd1AbJhfjsmQX7GcBUzI9VwkIZRh5C5HqmIIJznJRmDYBAWJPTSAGnPomGdvCVKeOiByQO6E4zSHEQGE6OCSZwI4UsMip2AtGCeyAbFZAxUhjxJM8F3Yeie6TGwGV0h0uMbZUmntzyQcfurHwg5dIitjfKRhqnU1vOziFNp7a5uC9qntY2HGGhQ1VaeSeZEamovDG4RwxrdwjhzcZAwhiTnZWjQq1EDp90F8ukcIz5AAceiqqquEedIVcAzkoILNKXfkq6oqgfKMbKLUVszzkHAUZxc7cuV4OfbdklPqCcnZRHzF2RhcyfVcUwZZT3DHZccpYynYb3TSdtlTEzngRIHcKPI8cIc0pBwELDnHIUMs7Mjy4g7OykBhcGQunbndMisi3MeRkhcIx3TkConZG3dH0InMTpNjsq+abxDgcBCq63UdEZ+6C3OxJRKOTPZZngKXH9USCMl3C5FFqOCpILYwMBXgBPHLCsDY288KPPUZAAwhT1GSA1RXuJBOVCpWekFfMSN3KIS7KWTq5Xd/VC3gQ3kaM5SwUxdbkEFA5plN4DpLg4SJwrSyVnPIzT7pAYS+pNd9KLb7LcsD3OBCASd0iTnlcUB3IYu57LiR4RCpzwCwkRsmOcc7Jpdjk5Q4MzswIvOcBcLxj7+6Y544QMklGoiJ2OXAQk55XFwbrqYZnNiSSSRlCSSSUI1k9qTwMkNQ8YR3eHT0/il2JXfSF76yWOPZ4yMdxGrZnM/kMOAeSokQxud8p7nOkOTyusBG6kF+yxaT6JydsQNl1NIPSSSRADkkklCCSSSUINSSSTiCSwUhykglLaQSad+Etz+a4UmUsBnXEY5Wf6grdLBTNdudyreumEEReOyx1ZO6ondI48lcvWXcbUbNJXmW4BjKPTwmU6QExgxuQrW104OKgjb0WCuJrtaUeCdExsNNuNIaMKtmlJf91PrZsM0gYCq8mWQkHhPaEQXthDp0Zxuq6UkvUyZwaAMqGd1ns5NMEjg911JJUWJcwF1JQgkkl1gJdsjDDNC45PbsN0CQgnZQEedxhRJAdQ3Upxw0qL9TlCBmNyzOVKtcJMpeRsAosbCcAd1cwReHABnB7lFFZBtlxgFKd9lGm+lHkIJ2UWoO4wrmhMAD+cFcSSQGoI76SodScjGVLkIDTlVszsu5Srf0XBZY3Pnypkf0AqFGDkKaNmAJUY45GzGb6x7I43CAOUVm4Rp54FMQBzypFOzVI1oHKjacOyrWy0zpqgHGQCkyZ0vH1qc9vs2nTdI6KIOx2V3USaR90GgjbFStGMHCHUTYICyzllnvtLF11KB2lb4s5Lh5QrZjgG4AwFW0Qw5TnuGn0QPo6ECJXPMk0dOzvu5WDm4ZDRAeZ2D9lApIjNXPkxnR/mrijidPXNe1uQzbPus7ZqpeVlkqrmNHQPYwAOAxlVEbTJgnujXmfx6rwIycA7p9FF/MZGBuUBrrWWX1MxhMMeBpwDj3UqpdpwwcKNSRlsgJ2ATq14c7bsls6MeIlHfZmOIhGM4yVCslKJaoDGwIQa9zn1LnOOd1edJ0jzIZi3Zx2Wex44BgnOxG0ha2OCNrcDy8JsrQY3ebtlNIdqa0H8lDuc0kLXRMO/G6zM7PSO2ppnnMx77Il6mEULmt3wESgiEdK1w2dhVF7n1FrNXdWkZrpbYPBUyEnfO5U1rm0lmlm5JzlQXM1uDc8p3UFR8nZDGBuVJowxs2wcmUHTzTVXfLh9btS9B06tLRv2WR6Kpmu8SrcwZczY+i1tI3Ly4En0WG40+Ohtg3+2SKrGiKmPYguU1xZDTaRsMKHSRmpqZC4ZDP3R7hJ4VM844aVmOq3iOTz3qOqkqLkInHyN3wlTtMkjI2jckBQi91TWSyyb4ccK4sUQkqsY4x2Uk1GDbOXDNlxr2RtpoI4mt4aP1VvQU+iMOI3O6qAcyNbyMgbrTUsZY1u22FxdTbuPU6OvCJtJEI2avxFY7qJ01w6hhoxu2PDsA9lsZJPl6d0xGzBlY/prTcb5UV7yXZeQ3PYLJnJtlLDwje0DW09MyMDThvCxV+njqbjI5h2b5VtJ5PCp5CBw0/wCS85qn6pCc7kko4rJUrOEWdlga+oL3DOkbKxDvFrw1w8rOAo9iaBTuf39VOtcTXukndu4OIRgZxyCv1U6GlLWP055VTaITKHZ9eVzqKd0lQIQdip1oh0xg45SbJcBwluZf2uLDmq57D7Kst4DHDsrQcDHdc63k3QWRNUO4jU3TnnspzW+6h1bXGpznIaOElIYZ6uj0DHGFFpI/EnZGPxFWN3jzFtyndLUXzd2hy3OndMnxBsA9JtdKylo4YI24w0Z+6sXERRF+OB6ocDMN3HGyDdZ9FMY2nclc2TzyGQYGPqKgEHOXLRxN0MDA3hUdkhkfIJMeUFaMtGFmnLcQYOVIzkBAAwVIZ9ISJPBbCMGMp6a1OQPkockkkkhiSSSUIJJJJQgkkklCDUkkkYAkxPTD7BUxsP7gq6UQU7pjw0KpoG4Zk/8AE/mfqpF5ldOIqJuRl4kd9ghRYDuNgii8BE9vCIht4REQIkxPTFCDiRjlCO+V3J9UPIVpZCSOOO+52KyVDIy99a1VcQJae1RfLRg8CR2C7/6jK0tfPHSwmeZ+hjRu70Wd6MhjhtArA0+LcpHVkh9C/t+gATYRBksg+rQairpW8hjNh75RbTQvBjJblSLkxslxjJbw3ACn0bGsbnSn9IFPHZMTEk9AUnljkGqla1gjPLjgIygVb818EQ7+ZCPj0TmZDACMYXE5D1eygHY5OQ3J/wBSKKyQ4TlUXXFX4Fo8Ju5meGfZXw4Kx/WswlnpqL1IkKfWuSI7aoDDQRDHIUec+Lc2RuOQ3Gys4Q1sTGtGAGjZVtJia5VMxGQx2kLauiyzkAIA4CHVYZHqJwuuJdK1uOcqt6krGUdte97t98DK6GlW+SiZ9TP44OR5lfquStvEmp2QzIagxgNHHCC0+JO+c7l5zujB2kEn0XvPH1YrUT5/5Ke9OTM5eKlr6gsb2Ua3QePcIWAbZz+6BUSmWvmJ7FW/TMImujMjOndekX20M8PH/V1SSN3E0MYGjgABTaQ5ByogG5Cl0gOCuPY/Z9G0le2CQ+YnGMoD5NETn+gSmc50wY0lCuDxHSkeoKCAV3CM5SxGpuLpWjYOV6924b2VTZm+dzs8OJVmHZOU5LJytVL7GV3UE/y1IMH6l4V1TIKvqRurcMbsPfJXr/XlUaaFkWOF4nPIa69S1bAdDTpyV67w1WIqR8T+tNTm34/0WNBC2S4RwPGRqBPuvRaeJrYmtbsANli+m4GSXEyPbnA2W2OGx4A4Xqq+T5PqpfdtIFWdJOTwE7pqPw4qirJAAyMqJc5CIXY5Vhb2Gn6dc6QAOk3x7I5diYrBYWEsd4kwBJc45JUu5zeDAZcbBBsUTG07WtHO5UfrKoFLaKh2PoBP7LLa8LI2uO+WDwfq6uNbf6h2cgKoKVTI6prJag/jJxlLSfRce57pZPX6WO2KX9jh4Kiy4I4Uo8EqLKM+y588s2S4RGJ82FOp34AwVDI9k+ndhwJKCMsMVLlFu1wc1NkZtyuQOGnGUUg4TmtxnZXTD0XaNxEgOeOU+UZQG7OKz2JmrTz+OWS3YQ4ZBUarb5eE+mdtgldmGW8ZScM9EpKyvJVkHUnbYyU543JQXE7oOTJLMSVb5s1AaRsrzpicQ9SM0jAz/qs/QP0VAVtbHeFd45+BqG6W8I6+gn90X+mfTNG4SUkMu3maP8lyPauOk7YUezYqLPTzNPDRlSMASNcDgg8pc3k+taSWa4sn1QyGn1Wf6nhDYWuA3IWhld5WnHoqu/QGel1AfQlJGzUc1cGLo5NFSz3Kv3NEbySORlZlhLayMf4lqXnJafYJiOJVLIKHacDGNlyrGppB7FdAIqiccBKUYDtt02JdvKwUFXCCCwjYrx/qOIx3WUAYGdl7XWMDnbDC8m61hEd0Lg3GcrfSfP8A6m07dOf0ygg+oI7uAgQfUEdwOkErpw5R85m8M2HS7gXR7jZbd8euBwPsvPOlX4lY0ndemMA8I/kttS4PO657LMldZCBWOA2PC0BaSqClxT3hoA2ceFqHMaQMDCZA510svJDc33UeSPLcZU90eeCgOjJVy5QEZYZQ19Lrzt2Wcni0vI43W1qovbssrXR4edsbrJOO46FE8ldLFtkhRHjOysS3LSAoMkZ9OVnlHBti8kCYBh2UGoBdvhWU0R5woEoByMJOEmbKn+x1tkMMweVqBIJ2BwH5rIMOh2VpbfUtNK3PIQSjuOzoNTLT2faPlj7ha3pi+RPjFFO7DwMAnusw0iUEKKZZKWo1MJBacgrDfVk934ryrqtTkz0yqiGxHB4UN0eSBjbhDs92bcKJrJnAkDnuEYS6dx2XOlXhnvoaiFsFOLKm5235KobUw8B26FeKb56nE7Ry3n3Whhc2uLqacDONvuo1VSy0g0SxjSdilmfUaeMo5j0efYdG8tPLThSqeQhwyeVJu1vdHUl0Y8rhlVbs5xxhQ5Ek6ZYNFSz40uGFeU0jZWAByyVDU6h4JVxQSugc0EkgKHU0uoTReHhR3jPlKkMdrZqxymubvugxk6ON64KuvhBic7GSq9jtGBhXk0evYjPqqiqpnRuDhuMoM4MtkB2Q9vChVLPDP08qTE8HgIz4hM0aWq1+hDRUsfJHIJGnBburSpgor/RmOZg8QMxvzlQpoQ04HZNo6h1JOJQNu4RxRk1EFZHazB3G3TWuqLHg6QTgqZZ7i5j9GcBbHqeysvFIaqjxnnHcFebyRT0VRoeC1zSmo83dTPSzzjg3oc2RgeO4TYsteN9vRU9kuZkHhPdn7q6DTkYTEbdPbG2KaLGA5YiKPTPxsQpQORlWdCHICSPI4yoM8enfCtSMqLURk8BGVbVkytzpdOZA391WjkLU1tKJo9JCzlXAYZgzCbDo4eqp2fcIAEDbCQGO6TXjGDsmhh33TEjBnIZmPRKaIPGwTWkIzXN4KCS9hRaZWTwOa4YGy7ThzXBWE1Pr4Qo6fSeElo0V1NyTJNLqa5rs7t3Wqs9yfM4QyOGwws3TR4B2UqlL4JmyjgFAdrSPY8m3G/umVMEdRH4b2/Y+i5bKmKsg1sO4G4Rywg8JUlk7KxZHJTM+ZoZvCDsN5HoVa08hlaCU+SnimGHjccKBKyeml0tOG9lAcNMnuZlDcw7brlPUEjDtyjHB7KFtZM/dLUS75ukGiQbkDupNnuTqppp59pI/VWj4yRwqivtr2O+cpPLI3cgd1WSsbOi4DARsFx0ZIxnChWe8xVX8mfyyjbf1VsWZOWhWNrlv4IMkD4262jYdkIn1VsWNIxhQZ6V7DrbwTx6IgnDBAqKeOeMseM+h9Fnayj8ORw08Hlagkd1ArIBI3I5UOdqaVNNIytRBk8ZwFFgmntlSJ6ZxbvkhXNXTOB4/dVdRFkYU6ORZB1no3THVEN1hbDNIBIBjdaR8flzheGwVU9tqW1FOSCO2eV6d0t1XBdYGwTyASgY3KOM8m/Ra3fiuxl65rgdwmEBTdLcbBRjsSEXDO4lwAkjB3AUKanyMgKzIyhFgwVWMEnVko56cDPlVVNC6J5cwkHO2CtPUQjkBVNTT5PCuMsswXUNdEuyXdkgFNVkZ4BPdK+dNMuDHOhxgjICpZozGdTRhXNhvjnEUlU4Y4a4p0JnPuqjOLi0eeVVHV2WrIIcA07/ZXFJWx1MYex2/ce62/UPTsF1py9jAJAMheZ1tBV2mpc0am4K2wng8/qNNKjs0TXAgZaqe7W2J7jNEC32CNQXSKZgbK7D+CrEaSNWMrVGRyL47ymtV8ntEojmBLB2z2W8t9fTXGBsjCCHD9CsDdbTLO8ywYGPwk8qNY79UWup8KXLW5wQVrqtMM81s9KfDp3buAoVZSQXCF1POz7H0Uy23CCvhD2uByE6aMN3a1aovIEkrEYqM1vTdby4wk49sKyrKd0knztH9MgD8A91Z1tPFWROhlZn09iqmndPa6jw3jMZ234ITs5MzplF4j0TKO6Q1DBFKdD27EFFmpY3jUMEeqrrraTgV9Cc93NCJaby2oAhm8r27YKguE5KzZZwRLnQeBiVg8rjgj0VPLCCN9lujHHIzS5ocD6hUdyszwTJAAQd8BKlHI2yGejI1NMHDYKqmpsHZac051OY4bqDW27w2h8YJycJU61IyTgUZY7YgYT4pS7yuHCK9gJ259EF8JPDVknBxZnf6DkNc08ceqiuiHYYXGyOacHupDXNcAqymTOCA+HTvpQMn0Vq+DO4CjOpDzhKsqz0HGz9kPG+VIhrJaZw8MobmOamu25GEmMXF8DVJMuae4vqG4lIR3N21NOcqgic5hBBOytKOtGzXEp8LE+GVLK6JrKhzSNQTpGQVTcasrrYGyN1f6oLmuhdlowUUo7uUFXqJLifRDqba2M6owVDkBZ5XDCuRUh2GTnGUyWjgmHH2StrG5UvxKXQ47t2PZFp55YzpnG3ZElpJIJS3TsEi1soGewUk8BQ549hxI2RuQE19OZMY290DUYTwpsUrHsDmn7qOOR8IKXAGOevoXZDi+P05T4ZTWSF1HUls3drjj8lLaMDJCj1NDBIdbAY3/wBTNimxm4rAi/QR3bohY7lXUT9NXE7b8QCtbd1GwPDo5Sx44c04KoWXWponfL1kPzEZ4JG+E99NbrkPFoZhHJ/SThOq1DTOZqNCnxNHr/THxfvljLIp5jV0/GlxyQF6/wBO/ErpzqWNjBM2mnI3a8918fNmuVtdplY57B35Vtb7+1rw+OYxP9jhbo6hnD1fhYWcwPs18Ie3U3BBGQQVV1dJh/C8J6V+LF7spbFPOaiAdnHOy9Y6c+KFhvzWRyObFM7YgnutMbFJcnn9R4+3TvoddbBQV7SyenALhuQF5zfPhtWUE4uVimMU0Z1NLCR+q9snZHINQY3BHYKsqafTg4wFeP0DVqbKvtPMOnfjD1P0vOKLqWifUwNOC/8AEPzXtnS/W3TXVMDXUFdA6XG8erzD8lg750xS3eEtMEbXY5I5Xnlf0VdLLU/N2p8sEjDlroyR/kgGTjVqVuXEv/I+mZbZR1LiZY9Syd1+GNvlqDX2Wpnt9VnVrp36Dlec9N/G7qixFtD1NB87TMw0vA/mgey9e6Y696T6sjabRd2GYjzQy+V7T6bo1wYrNNfTyuUUEVy656YIiuFObrTM28Vo0yge/qtBZ+tbVdQGOmbTy8Fkx0nK07qYSjDjgeqoLv0NZbmXPkjIlfy8cn3V5Zn3qzguWOBGQQc+iesS7pzq3p7y2S4/NQN+mObJd+qNRddeHIKK+0MtHONi94xHn/mRAbTYZCSiUtZDVsa+CRsgcMgtOQVKDtskYTE8ipJro6ljKWcpK28ArIhtwk4a/q3++6SSH5ORmXgoq7o+11TdVKHUUpOXSQ7b/bhVc1m6htB/kT/PxDuecLYrmMcFTGSbzI095azyXCGSndx5htlWTJ2yY07g+6uZaKlqmGOogZID6hVUvScW8tuq5YZDvgnLUbRcZJ9jwcpayz3VXUUl+tspMkZlYOSNwnQ3RkztAb5u4ypyF/gtRKONKcC15GQAoTaphwHbEoniADPZTJCYaWGQZBwfUIT46un3icCExkhHdHjn41cKFChuUrB54nDHOO6DVW3p6/Nc2qgi8Rw3IaGlSXOge3A3KjPpmF2oDc9wlhqTj0Ze5/Bu1VpcbRXmmlO4DtwV5/f/AIVdV2xrpPlvHYD9TBkEL2lrKmMh0BJI90aO91MQMVRCZB3B7pcoZNNWssrfJ8o3G1CnlLKyhLX8HLVVT2ijmbhjWtPO3K+urgLBe4WwXGiiczu0s3H2WNv/AMEembpmptFQ6nLt/XB+yQ4HV0/kl/WfM01sqKch8EjmkcEHlHguN1pHeI95eOCM5Xpt9+EHVtpjfNT03zcA4LN8BYKutdwonujraKSPBwchKcDpR1dUxsHUjnOxOzDT7KW2ssdyBhcWaj6hU09NE0eUaSfVRzbyd2AZ+6DYOcU/x4NAbBaJuHxj7KBU9EOkeTBK0NO4KrPCqIzuXD0wSpcN3uEDBGKg4HGShcSf6kOVIiVvRdfTxmSItkI7DlU81qr6duuWncB9lt4Op5WxgSx6iO/qp9Nf7bVaW1ELQe+QELrYS1V1f5I8vc1zfqaR9wuZHdesPp+nbh/KfTxjHfACh1HQNmqBmLIz7ofik+UMWvj/AFpo8wI7grpfLnLZSCvQKj4ZF7c0suk9u6qqr4c3uDJYWP8ATlC4MfDVUT6ZmGT3FhzE/XhSRd6uLBmoo3H1xyjy2S/0ZwaF+3OAoswqozieAtI9Qh2tcjt9UlnJJjulnm89RQlrz9XlTflrBVP1Q1phJ7HZQTICDlgGfUIPgQSHLwEDnJdh7N3TLttplA1UN5d/91TGw9T05yJzO0f4sqqEEbdo3OafZyMK250gayOukDRxurU8kW6P9y2F2vtMP51O77grg6okB0ztkafsocd/uUQxI4TNPIeEn3eCf/tNCCPRqLK9lbp56LJnUcD9hIco4vAcAcjfjdUZHT8/1w1Mbz/TwhmlonE+DUPaD68oZJeg1NmljuLThxa3HuEpq+jONUTc9/Ks0KOvi2hqw5nI3TH1lfTHRJEXEd+yAm+zPDNH8zbZWlskbQOcgYUd7bU45jqSB6KgbdHZ/mwOH5Ikd0tv/EglBPshby+hituLoR0Gd5119NbRj+aDlVrK+zyDGuSP7tRBLZ3gBlb+uVW1MfC+z2yeKS28+K1M+StjtjOAPVAZFbn7itZ/5khSUBOPnG/qg+NI1V3zXskG02hwyK9wz7pgsNrJ8tyefzSZbqDH/bG/qni3UP8A8mN/VC4pdGyF8vbEOn6PH8u4EfcpzenYe10g/Mpwt1Gf/jR/5l1tttgP97+6Fx4Ntc1P2N/2dZ2uUDvsVz/Z7J/7bGpAo7e0YbP+6f8AL0/adLlWaq5KLxkjCwOP/wAZGujp9wOfnI1IMFP3mH6pCGAcTAfmkuBqjagYsL8Y+bj/ACS/2fPPz37p+w4mA/NIkf8Afj9UEo4NCuwMFjewjFUD+ac21MBw+cD1TNyfrP6prnuG3iY/NKlDIa1CRMFvgxn5lOFHRNOfFBKrzIAD/NH6oXixg+eZo/NRVoatXFLktXNoo+7Sl83RRDGWfkFTSVFCP7yvhH/iQf4lYYt3XCLP/MhlBIr+ZH00jQMuFE3/AIbT+SGblTZJEZ/VUT+orHGMNqGu+xTG9W2oZ0tzj2Q7SfzYx7kaFte1w/kxlOFVcXbeGMdlkpurw9+mkpy30KHJfbpM3HiYCDaH/PqSNXLPU5zLIG/mgT18MDNT6xj/APCw5Kx0lXV1B/mTu/VNZ5d8nKFxbBfkP+Q08nUEBGljHgqBJd5n5AY8Z7qoEu+QiicgboPjbBlrbH2THTTSnMkhTQ0clR/FcfwH9FzJI3JQ/Hgr+U2uSTrbxsnNmDfsoTQ5xzkogDgB5iq+NEWol6JorIc4JOfsnNqgBs1Q9LfRPyPVF8Ra1c1wHfWzjAbhCfPUyjSNwmyHGNl1pefpaVapJK+cvZwmQ/UcpukA5wnObO4+SLOfRM+WrHfW3ZRU/oU7n7HamgcBMfLsfKnCilbu/v7p4p+3Cv4ZNcIXK3JBfLLnLTgJFz3jSSN1PFOzkgFLw6Rgy4YKuNEvaFO1lb4DzvjOU5lMSd9lKfO0HTDg/kk3XjLm4yidLRalkYKVoGf9VwRgdkQZB3RGtzwMlX8eEGv7A2huDsuFzW+6ki3zyOGW4Cs6e1QtALtygcB8K5yKiON8hGlqlR22olxkbH2Vy2lhZ9LAjMGBhVsNUK/2VkFrbGQZGqUyljZjA4UlzdW5KTle3A+MEgYAHCWAn5wua2dygwg1D9HWNJ4UmOIDc7ZUM1cMXfLkGSsmfsDshGRltLN8sEexeMqJNXY2hcohy8guO6JpAAwFC1ZljTNNISX7pY1bFPLAkRjuoE8yONjA4CdwFzVvwuncKAHPEAPCRlz2TDykoXnB0uJTSMjC6uA5UGRi5IQJ9UshI8JZDShbwMjEQa7PCc7A3ccIb6uNgwRv2XKaKpr36Wty31OyVN/oNLdwuwhka/ZjsqTS0AwJJeTuPZS6W1ClOuRo34yny4OwKSaI04/JAiGxjS1JkDnuyQjRUskjttwreit/GyM016dyfBApbe+R4GnTjfKtoaUQ4OFKigbEN2gJZzt6KHQroUUMTE9MJA5UGOSSGvBI2USqmbA3zFRq68iIObE7jYe5WenraqpPmkwD2UMV2pXUSyq7q7JELvuq11Q6UnUhhrty7cnlcJyp2c+y6UuxE5XMZSzlOGOyvoy2TOY91xxDRkpspGxyok842CrIh2YCOl3KjSTvH0nZMyXnOeEhtvzlHGORFk8iIc52XBOAGNwu5aNylkHO6NxwZ5SY7I9U1xCETjlyi1dcyAZP6ZRr7ULlakSqiobGMEhUtVWGVxaDndAkqZqiUu1bHhPjhPJCkXlmWdu4TWF53CmRxY3ITI2gdkbxQBwmoXk5rEY2QJZidsJskgcdihOkyDtwqAnYIuJ5KaSD3Qnk5xlcyfVBJ4A+TnAQDC4/hMSS28lnMb5R2DYFNwM57pE4QxjhkCEj6UMt35TBqwV0keqelwDKW0ceEI8JHhDJOeUM8+hcp8CPK4klkKsCXPAkNzmgchJzgGnfsob3DfdMSE2WhHyAZCA6YnIwhknPKQ5R4Rmdjk8I7kk5TwO6QHddUBckJJOSViXLkakkuEZGEQa5FkeoXUINP9SKoW1g9tiDQ/XIPI3n7oE8pnkLnb+mOAFyodj+Ww7clDaCBgr6BGG6e48TGWDvh+6JoCZg+icn/GEPSTklRTeBJJJKihJJJKEEknpKEBJJJJxBJp5Tkw7pEuiHSeyaeF13JUWrqBDEZHbYWWyW1ZGRjueCo6irdIFMx3mO5VCOd0SrmdUVD5XHOTsmMBJ2XIsnvmdWivZHBJpohI5oxyr5rWxQAAAeyr7ZTOLvEI8oU2seI4kyMcITY8ywQa6TV5RyhMaGR78lDJdI/UUqgkRhDPoZFYRHqXHVyhDhdJyclJZn2M6EkkkrCEkkkoQSewY5CYOUUDbhQg6Q4G3oo4JJOUSXkJo+k/kjCRyU/wCSC3YlOkOCkzlQpvBLoWapm5Gw3VjL9OAfyQaCIAeKfROkIcdtkyMtpnk9zBuwMqHMcuR5yQNioh5QyluCisBVwnAyuprtkI0BK8uBHGyhOGSpFRJgjblRfzWectw6HAaJoLhspD+AmQNwNxuugElQGT3cHU9MPZOkxpG6j6I0dwTwtf0rRZw5ze6zFLF4juMr0Dp2JrIgdPAWeyW09H4WjdNTLZxEbMDhQ3FzpAAVIqnnGOECFoe4ArKj2cOywpYjp1Y7Js0xZsApTB4NNkjcKvyZ52NA5KGUsGtPHCLe304p6Z0j/rk391PpsU9C6YbHJQfDMhhpm/UMBFvzmwxspYzs0b49UtmmK2oqoB4kz5XbknKtrYxrpS4jOAqykaWs1O5crqztwXlw2ISmb6FllnGcDjdQayTAccgYBU5xDGlxOwCpbg7+Q4h3KTKWDZKW1YKTS6eQnnJW36bpvCgjJHKyNvi8SUMHdbmlZ4FNE0jfCz2jtJHLyTtQ8fjZgVZXymWuDWH0Uwv0QOmPOCoFExz5HTv3JO2fRIN8ngs2vEcQGnSAFlblOXVJA3GVorhJppHYzlZEyanFztyiMWos4C0zi+rDMfSonWU4+WZSDdz3YCsLUzM5lIVJfyam6thb+F2UMujBOWa9v7ND0/Rvt9na948zgriieG0xkdkbE7KMX6aCCLHmcAFJP8tjYWjkLn2vk7ekr21pFlamgU7n6MOeckqJ1POKe1Syd8EK4pomxUjBjCyfXNW2Kj+UJwZDgJOTRdxWzExv31gbu3Wv6Zp4xTmbHmyVkmRkaQtvaG/L0DSB9RSbn9u0yaCG+3LLm3Rtkqmhwzjdain3eABtjZUNji1h1Q5uOzVoaVocBlca3g9ZQ9hA6tq30dlk8JwBkBbn0UH4f0rRQfMP3c45yovXVQXsgt7NzK/GFpLJSMobdDA1oB0jKXFeypNysyLqOrfDbnOj2LvKSsMCXkE7krQ9UVTnBlPwMkn3VFSt1VLQmAzluNHAzwLcNI0lwUuMintxkbsdOSfdMlLXRQwAYA5Ue/VJpbXlgw3jCiIZqaSSurdjk6tlqbbC5rWgrK2Nj6mr1NHfK29NEGAbLPZ0NreCbCdJBCsIpctA2Krs6W5Sp6ppy30WGayzdXP9lvE7Vuo8o1TuXaWQODiCutAzkhKNDjgpLu+MEsHYZP3V50BQvLJK97AA46GZVFXQ+LO5v9RAXoVkoW0dDFC1uMNCC+zEdoBZs2G/ZU10qi6oMbcEKyrpfAp3P9FQURdVVrSR3XPl0Q1NojEVMMNwSrJj8Z2UeJmlgAGNkYDCySfJaCY39138SXbKQ5WebyUSRwurg4XVCDkkkkAYkkklCCSSSUINSSSRgDEkkjuoQdkeqRc0bkoDgcg5QLg/w6Rz2nDz5Wn3PZQaQGTGrr56rTiNjTG37qREzdAhjEMDI8bnzO9ypUTckFHAL2HHC6kNkkRYkklw8KEESMHdRiTlPJOeUM6cYdwdlAZGc6+lfJaIbPBq8W6VMdM0jsCRn9lc08TIo2sYwNa0YAA2AWeuU7rj1rS0cIHy1BSGd/s9wwz91p2N4TovAEeXyVdQBJcmM9sqybFpGOFBMJ/izjj8IVjjCkpZLR1JJJQoXKq4nGou5PaFmn81Zlwb5nHYKqs4MslXWY8ssxDfsNv9FA0WjjvuuJe66TlMwkif4EOCujhcHBXRwpAjHP3Cxd5kbUdRtjIyImABbRzw0Fx4CwVPmrvlXUAbNeWrRBlotqh3g07pBtgbKLbGAweJjdzi4n1SvMpjoi73wiUjfCpGNI3xkrXWskJGASCDush1/WsZTilPLjstSHkELzrrWr+YuYhx/djB9MrteNq3Wo5flLdlRQsDQ0ABBuExhpHn1ClxtOnhUvVMz4qLSzknG69/oa8ySPn3k7NlDkZtshD3PPJytd0RG175p3N307eyxLH+UHC9E6OhDLcZdOC84XV1EtlbR5fxMXZqUzSwAE7qXA0AEZUKIkcKQHHfC4c3nB9Jo4FpHzOxUC+P0UxHsVOZtI5x7hU1+kBjA9MooCrehtrY0QasYJKmNGCN+EGiIZStOOQnag1pcTsttMdxwPIWfHWebfEe6TPrHxudsxuy8zt79bpsD8ZWq6/uLKitndEThvlWatrGthBA3duSva+Or+OCZ+ePqPVy1Grm2+mbTpGJmh7yMkcFaSYhkZLvRV3TsEcdExzW4LuSp1y/umAHG67tfWTw90t1hT1nnboznKtK13gW2nph9UgDQqhzXy1McLBu5wCtLhl9XTw/93hSYSL20xOhgYHDfAWX+KleaeySgH6jgha+lI1MAXmXxor2R03gk+Z5wBlYtRLbBs0aWO+6Mf7nksB1HPrupAaDyFGpth+Slt2OFxpyyeyqjh4QPScHZRZhgqx0gMOyr6gO1cLPNmlx4APA5QGnDshHfwo/BSfYiUUWVI7XgEqccFuFUU8gbgZVpTyahwnww0ZZrawMrCoj8g5I7qylbkcKFK3PCqcS4SyOpZtTtHBG6lO4VbEAyXUrAEacg7lZ2ju6W7MdrIlS3DhgKK5T6gDGVCI3SGMsWegkJ84PGFas20yN9eVUMGM7q3pSHUeMZJSJLHBt0TamkfQ3RdQajplmSCQwH9lYuJJaQcrNfC6oNRZnRE/8LC0cgdDGXEZ04CXJH1nxs99EZFs4aoQf8IKi1rC+he7HIKksfrpOOWhCBDqYxYS0sHYlHfHaeZVMgir2/wDN/qtRFIJWRyN4ICznUEDYLg4MGBkq9tB8SkbtwE5I8/VL/WlD9Epuk1g9CFyoaPFd6YXHAtqmIs40vOU1NRHSeSqqoSdwvNOuKRvne5vmByCvWJYsjOM7Lz3rSkMjZSG8LbS0eV87R8lEjzOD6xlTX7aSAobRh+PQqa3BaF0YSyj5DfHa8Fv008trAOwwvWKZviRNx6BeRWSTRWt9yvWrU8uiyR+ELfQzz3kliaZX1jfAukTh6rUM8zAR3Cz/AFBTuY6KoHBV9b5BJSRnG+AnHLt5imPLfUIRYD7KSW+yGQc8KxKZBniBbjGdllrnAWgHT+IrYysyFTXOBpaMNxukzjk0Uz2syhbjYhRp2b8KxqWaX7DCiVMecYWaaOpXLPJXyxagds7Ktlh3II5Kty0Nyq6pZ5uFnnHJqrlyVUwLZdI2VnQTEMxnZQamPJyOcI1vfiHcbqorJr+Rx6Linqjnsn1GHecDlQMlpBzwpcUoeNJ2QXVpnU0Ou6hMfQ3GWgqRJG4gfib6hbOiucFSxkkbs55HcFYien4c08LlLcpKCZrm8dx6hc26jPKPceL8zKlqtvhnolwgqKCaKsjflkgHHZXzPCulE15GTpwVCttTDebIGuwSGgg+iFbpJKGTwdWW52XPlFpn0Km3mPuLKjqChdSQukxkNOQfZZatphpE7G4DucL1O40DLjRP0gZwsEYNFQaJ7cHcboHwYfJab7sxM5FMaeQPxxytDSVUFTA18TtzyFT3GjEEjgG7DOVFtlWyjqjrzpJUOdVKVU0jc26rJd4MjhjsVYyNBGyzUT8ubLG7IO4IV9STiVuHKZwd6i7KOOHqolZDqjcQOFYOjzvhBkZ5CCkzWRs1lFBp0ndSYXeXSd8pVVOQ7UBthAifgjOypcoxvhnaqnJ3AUCZhb2V6GNe3BGVCqKU+nKYKsgRLfWSQS+Gfpdtgqt6rscM7DVwMw7k47qdNCYzkBOFQXMEchyAmpHN1dXyQ2s85Y6aim1DIIK2NoucFbE3fDwMEEqB1BboS8ywswTuQqigqHUVQJWg44IRnDql/Hm4s3cWA4KYxwxwqajro5wDxn3VlG7bCM62ntUiWhPaMbhOb2T5QBsEZr7RXTQ5yWjhZ27UpDjMBwtW5oIPuqq5QF0Ra1oymrswauvesIyWSO6cuzx+FJpISxkpieTzsvtk4jNbvVGDyChpnKFrKFxs2Mt6NombnOdk99LodkBV9tqDT1ADjljtitCwB3bKU0drRzhbHKITGkdlKYwYyQuiLPZE05OOEo6lUAtBVyUcwfEdjyFr6cCrgEvGVjHQ5wQFbWO4zQSinkflp4yhUjdTJrgvDC5pxhCmp/FbzwrDQJAHcpjWhh3VpZNu3JVNp3Ruz2CkMdkYwpL4mu4CjmJzXbBC0TYELW+iGWYGcIrT5UTSg2gOvK5MtdLS+GQ11DkOG7mhWNjvTKhop6g4kG26sn04k47rM3GgntlX8ywZYTnZQFJwZrwM8Jr2atio1oucFZE1pdhwGCp72jlGPjKNiwiouFG+NniwjPqFVA6shxWnec7EKnuFs8Rxlg8p5woJtqwslRLA1/Iz7qjuFJLE8gjI5BV24PY4tdkEcpsrGyMLXjIUORfDcZGWLUeMlNp5p6SZs0Dy0t9O6t6u36SXM37qqe0aiAOFZy7Y/G8npXSvVcVwibS1bw2ZuwJPK1RZgZ9V4ax743B8bi1w4IOCt/0r1pBNGy33WYMlb5WPPf7qZOp47yOX8dhr3RkoJbtypoaHDUDkHumOhJHCI9HCSl0V7xnIKiTQD0VlLER2QC3OyhU4JopKmk3GyrKiAxv1Rkg87Faean1AYH7qsqqQ54TE8HOuoJdhvxLW0la7cbNcVLvViprlA57WjWRsVl5oC05aMH2V3Yr85hFHWu24a8p0LMnOuojNYkjzq7WirtFUXBh0gqbarq14DJD+q9Ku1mprnA7LQS4bFeX3myVFoqXPa06c9lsizz+t0ex5gjQGNs0epiz94tD5o/EiGHsOdu6ParsRhj3e26vsMnaHMxlaYSwca2jfwZCy9QVFpmbHNnGcEFekW24wXOFr2PG4WAvljk88+MhxzkchRLHe6qz1IjlcSzOFurswc+SdM9p6pLQOc3VHgFVtXTFu0kf7KfZrrDcoA6N4O2/srCSFkjSHtBHuFpUsoNNNZM9TlrQGDGD2VddenRKfm6I6Hncgbbq1rLbNBIXw5LeQu0lRqHhyHBHqmiZpTWGuTPW++uhPytcC17Dp1LQRyCRgdsQQoN06dhrCZo8B59FSUtdW2ef5SryWg4aT6KGZfJCTjMtq61CZxmiw09891AkpAG6HN9ir+CohqYQ+M5yNwgVVICNTSl9hqCfJirlaGxfzoRnPZVZjBGkjdbt9KwjDmAqlrrE4kzQOaCfwlBKtSM19G374mUlptR1AcIIJi3wrR7DGSx7TlRp6bPAws1tOPxMq47GRTh2xARcNeMNUF8bmu2BH5o8RIPGfzSk/TKkjstIAcgKDUQObuArQTcAtyhzRteAQqcF2SM2mVA1DIwuse8btKlyU++QzZBMR9MJEqfaH788MNR108bhqfkd1bNninaMO3VEGkIkEpifkK4ycOGBOP6LY02tcLnR49lyCtaW+ZEOmTcJqalyBucBolikIEux7IVRbnuPjUzsd9JTnRHOWj805lVPERrAc0dkE45ZohfF9lfnPklZgjkLj6cxATUhI9W+qs5W0lwblrhHL7qvqWVVFjUMt9R3Q4GK0PT18UjRHKCx3uFKJ1b9lVjw6mPOfN6+idDNUUzvNl7FGbK7W+yZJG14w4ZUKotzZD4kDvDf6t2yrBkjJW62HIXQzPdLcmuUaGlYsFfDd623nwqyHxoz3xlGdFbbqA+klEUvdp23RnRg7EA/cKBJaGyPMtO8wyc7d0UNTJP7jLfo0+YdhmPudtOHAvjHflWVF1BG14LJTFJ6gqlddLtbcRztEsfqRlS4W2S7MBY75eox34JW6rVRl0crUaVYxZE9O6a+Jd9tAYw1XzELfwPOdvZesdO/Eqx3uNsNQRDKRuHcZ9l8q5uNrdkZfH6g5Ctbf1C0kZcY3+uVuruz2cLVeIjZzBH1wWwyt8SCRsjSMgtKh1MGs4I/1Xg/TnxJudpkaz5oyx+hOV6fZviZZLmxjayVsMh/RO3JnDv0NunlwiReekYK+Nz4GMjk+3KwVZ03V26q8USPpZmnySx7Feux1MdRGJIiHMcMgj0UWpp4KlpZPC149CMosCo32R+2RlOmfjF1v0g5tPef/AHtbRscHDwF610p8W+jerWtjp68U9U7YU8n1Z9Mry64dLyFxfbWgnnQ47fksrW2O1zzeBdYn0NUDu7GlpP8AzKipU03ctYf9j6uIyMj0yoFVbaKuY6GupWSsPIcMrwGydVfEfokNNnrzdrc3iGV2S0egO69E6e+OXT1ydHRdRU8lnuB2cyZuGk+xRMxT0dlfMXlF0/op9FI6o6drpaZ+c+G52WH8l1l4v9vf4F3oTK1v/EjC1NLVUtXC2oo52SscMhzTkFOcwP2dv9xlSGcmObaeGioo73RVeAJA13drtiFYh+RnGxUKv6dttU7xfDMcn9TNkBtLc6PZknjRN4B3OE0FPBbAg8FJQYKtriGvDmn0KmNkDuAllhUkzI9UlCsD06MkO2TUk0EJJl4BP6KHW2a31I1GERyH8bBgqVkIhOcEIgzNVXTU7W66SqLnDs4qrlmrKNwZVQv224W41DuhTMjkxljT9xlTBNxlIrlCWjzb+6mQ1MUoBa4bqRW9MUdUTLEDHJ/hOAqersVwos6CXtHoq6CLUbbgp7Xnv2WeZXVUX8t5cMeqmU92BIbIRn1ULLkTEDAC66Rr+WhQW10Dvxoge0jId+6qWMEwwz6Olm3LQ0qOI5qd2YZdI/VPEp7JF+eUppF5CRXKrhGl2HtIxhRaqGz3VohutsiljGdtIBHuCjjT3CG+MO2zhVtQ2FkodMyF8+DXSl2GaKYwSP3B5/ZYe8fBK7UQcKGaOTSvZDEWEOBTtUuMNf8Aqg2odDXXVvhnzJc+guqKFjpKi3P0s5IGRhUUtvfE3NRCQV9ayN8QFkkeoH1CpLj0rZq46pqOMk99IUVWTdV5Sa/NHy5JEAcBqG2LJBC+grv8PLTNvT0jRn0bhZa6fDWAwnwIyxw4IUdRvh5SqXDPK/EMY5J/NSYL7XQgMbISBxkrVz/DmoABLyq2o6FrY9o3A/dL+M0x1NFn5Eel6oqWbSyEfmreHq5ugB/mVFP0jeo9xC135qCbPdYTh1Ln7FXsxyU46efTNm2/W+YB0kQJPO6ktp7BXsDpI4vzAXnbhNCS2SN7XDtgrsdzqYxo1vACVKGWBGpN/Yzey9L9M1LSC2nB9OFWVPw5tEx/kNbg+izkd4GfNUkH7qwgvZwAKx36q1RB9oLF9X4zFWfCyR41UUml3qqmo+GnUMI1N0ux3Wohu9wwDFUOx91Mi6iuLPqeXKnpa10HDWamHvJ5tV9HdUU5/uQ4D0BVbPbbpSDVVUTmgdwF7AOpatvLW/m0Fcdfo5hiopY3f+AJUtKn0Oj5GxfmjxgyuH1MP6J5rImAB4x+S9XlNlmz4luiGefIFVVvT/TFUNTI3td3DUp6eXpjo+Qi/wAkefx3KnYcB/6rrrhSnGZcrWT9FWd5zGXj7lVtV0PTaCYHZI9SlOqcezTDVVS9lMaqilA1O4TgbZLgd0d/R9Q3j09VEf0vXx7sOP1VbB6trf8AUGFBRSbscDlBktUY2jAz6oZst0Z+LH2K58hdIcEOJP3KmyPtB7k/wkI2yVoOkBBfRVDASRspAju7OYzj7peJcWb6CVThAkbWnhshGKbOSHDHuml8jdiXfqphrJf+PFuuieHl8WVapg+maFa+yE6omA8shGfdC8SfOfm5d/8AErP/AN1vz4jcfmk2CyP/AOIQfuhlpt3TL/kPPKKvx6po2qpM/wDMmCpuDs/788fmrN9toHO8tVt2B7JOs0D2/wAuoGUt6Sf7Q3+S2sJ4Ksz3A/8Axz/1S8a4f/Jzv1Vh/AJju2oaunp+c/8AGH7oP4s2T+S1/UVfj3D/AOTn/quGa4f/ACc/9VZf7PVH/fYS/wBnan/vf80L00l6DWsk/wCorvGuB2+ed+qaRXu5uL8H3Vn/ALOVR2E3P3Xf9l6ojJqP2Qy0s36L/mSX9RUEVGfNUvJ9dZCQbI44kndp93q1/wBmJv8A5JC7/s0wf39UEP8AEmRa1+2VwpbeRqkmJPucrggtIPIKnNs1EHYL/wA102u1jmYfogemn7Qz+dF9ohA2poA0BcbUW9h/lNGVNFLa2HOdX5J7ZLazZtEXf/a1FpmMjrF6IrKiIA6GD9EVrpn7MZlSg4SYENuP/lXfkLk8jFE5gPfCr+Mx3/EYw7AiB+MvAakBCw/zXbKa2y1zhuCPYow6efgOkmH2wrWjBflox/Er3OpiB4QyVwP/AKW4wrmK0wsABaDhSmUFOOIt0X8IFeYXsogKo+UY39k9tFVOGS3AKvmW/TjUzARxTsAw7hRaKL7J/wAXl6ZRQUTnHdqP/DXHsQrYSUEHB3QZrpSMGGDdT+FBdDF5X+5CZaiSCQceiki1UsYBeos12n/4fBUUur6x2GvOCg/hoOPkZT6ZaPjtsYwQCfuo81TQs2jZ+hQorVKfNPv+ae40FG3XIRkHAHOSq/jpD1qpP8mNjqHZIhbz6p/h1sm+Q0IUty1bQU/7IBkuE5w4aWqo0pDlqeCU8tH99KMhRZamMbRuynmke/HiOznlFioYmjIYMqOGOg1c2yHrc7fC4YnOOcKf8tk4DBhHZb3OIw3ZDtxyPw5lV4WCABupcVDLKGlowreOhiiAJaM+4RRGB9I/ZKngdCBVxWsDBmGVLhggY4aYxlSJHYwheIwbZCRJo2VwwPdgAY2TmY23USSoG2F1sk5xoZn3S3LLNSTLAOxyVx0rWjI3UT/eH7EJ3hOxklC2Ph/cc6oxnZC+Ycc42XSN907Q3+kKgmhniPPJyunJ7ruB6pawqSC6WBmgE7gLvhtxuOF3UPRcB3VBHMFdGpOGMJEtChTeBugpafdcL8dkx0gIULUshCRzndCMhPZMLsHJXPEadlAsj86iugYXBC4785RxCQB4g2S20hkIZGfUNksEbYSfUUsIOk5KHG2qr3BkWw+yDO4djb6Hh8TdnPwUzw5qg/ymEhXNq6Vmmf4tRvj1C1FHaaWijAawE+4VSlg2U6SVkcy4MpbempKhrZqjA9iFoKa309G0FgGQFOmngp2+cgDsBsqmrqRV+SAnZD2bq9MqoYigNfWsL/DjbnO2Qo9JSVE78vbpHIVtabFJNIJZm8jIB7BaGK3U0P4ckbIexkaJSeWVFHa9EYc/BU2KJsYOylSFjdmNwFH9SojRCGzgFIdbsAIThpG6ZU10dOD4jsHCz1wvL5hpjfkAqmLtvjBclnX3KKnYd8ngBZ+pudTPtqwPTKiTSyTO1OycJqhy7dRKT+047W45ccpNac8J/lTXFuNjup2ZZTwP8ulRcEp553JQ3StYPVTozzswdxg74QnzBo3OUCSqzkb8KKZXO7lX2Zp25Jbpy44woz86uV1gzuU4nCYoZQiU8nME4yMJ54SyEJzgQi6Ezmcc7SfqTXSHTzlRKioYx2C/GFWVVyB8sUn3U7ET1EY9kqsr3NBaCMkKuYZp35kdkdl1kUk7g4nKnw0+kAYVtbuDK7N4KKnGxIwpLYx9kQRaRygS1AaOE2KwC3gJlrATqUaWXIw1DklLs4OFH39VJSwA5+h7pCScLuCkXDBTEEpYBxnkISMHccIIG+UgTlEAGNwpjIDEOEkklBgkks74SP0lQp8BDpwdx+qjknKRJzyuIxEpZEmJ6EXgIAZ2bRxQJJNA5BQ5qknYBAeSd0WDLbbk7JO7OAOUE6iu4JPCeMYGyNIyttsHgpDlGw3GAhYOcqworK5HjhdXBwuqAN8jk1OTVbeQUsiQxj1T8jOEMjCsbF4CrmR6pHhBOrJ3KgfDR7Sn4wmIjV9HisHghxweySSSalgMSSSSogkkklCBUkkkBBJJJKEBJJLun3RN4IdPCEioSRIgsLPdQVpb/u7Rue6vKqoFPEZT2WNrak1VS6QnbOy5est2rYjbpqtz3EZSKSMSOwUIbqyttNmQSY2HKwVxbeTdZ9sS1pG+FE1hbuFW19Q90pa7jsFayyNjZkjGAqJxM87jzutWcIzV5m8j4QHbqNVSFzy0HYKS5wibhQHu1OJSbHk0Rjk4kkkkFiSSSUCEkkkoQczlEfgNTWrjiPVQg1/1FEQk95w1GEyNUjBGCi0jTqAKE7d4yptHH/NbtsjhyLmydENEePZCcc5RJdsBRzwiYqK5BzKMBuUWY5Oya0JT7G/2HpknCMo1U7AAVPoNdkKc5cuM+oJO3KUOzgszNCXBLa0Bq40jGSEnuJw0DldcNEbW4RAJAm5LsgcJ0ZdI4BdJDQCRynQjWR7qmFFZeC6stOXzgacgrfUkLaeBoAwcLMdN0mPDe9oWrOMbFZZvLPb+L03x1qWMEeeQkhHt0JlmyRs3dRXnfhXFpi0xl5H1BZ5S2neoWWduD9ETWN2zyu2OFr6nU9uQOFHrS6WfTyBsArSigNHR6nYLiEiZrhDM/wDBIaHfPGUfQwZVVc6mSqqtLDnLlamoip6PxJOTn7lU1KRLVl/CodLlkxwIDWjsFobdDpgDuCVRxM8eUMwtFFGY4GxkYIGeUmbwdLSRecsU+BC/ccLP3CT+SW53VtVOIGj1VBWuJmc3OyS5bjTYs8Enp2EyVOXDbZbeQNGlrT2WZ6fpSHRnHPKv2FxrAw7hqRYaqH8awK4v8KjcAdynW2PEWXdt1Cr8S3JsJJI5x2VrHGGtAGw9FUTSnkrL5MfBEbNtRWeczDSONlYXepc6qLc7DYBVs8mCGjkqM5uolmZYWvEdNrPKoKbFZfw8BxaHYyBlXRkbTW7W7sCq3pZpFzB/qdlDJfa2ZHl2RiaWo8lXHTgbDGFOhaZK2OMDIZuoc+JbmNvpVjaMGsLjvjuuTc8s9FT0XbsgNaBgBeedeziS4xQNAcQMr0KWUNBwOy8s6nqDJeH53w1Kg8smrlisBSx65o4zvutoxh0NaOMABZXp1rZqrJbnTuFt6eMOeBjCRqbNssBeNhhKRe2yL/dmjI+ytoRpAVbb4i1rQrNxENM6Yj6AuTZLLPS1r7cmEubjcOro4fwx9s7L0FoEcfsAsL0tEy436rrXjJ1nStpXSeBTPf7FFGORa5juZjb1O+WueHOyG7BNtMXiVG3ZQXvdPM55J8zir3p+n1SueeMJuz9iW8ssmAuqIx2VN1fVEmOkYcNHmOCr+nA8XX2GVjL7UNqbg7BJDfKqmsINLJadKxRxQGbTlznLVQNyNZVHaYGx0segY2yVo4mtbEAB2WS01VLAGd50nA7KtZV6XOBx3VhO5rQSeFnpX4mIB7rJJZNOUsGntNW58G4GVZMfntyqK1+UDJ2V01h8PUB2WaS2tM1Qe5cjLXRfOXcam5ZGdRHqt9TAFuAMYWf6dojFAZXt88hySr6YimptXcDJWG+eZllFf68vmFPG7yt5+6ndK0LnB1XI3y8DKz4bJX1ojbu6R2FvqKBtNTMhYMaRg/dIslhCyQAPRExhMT1ik8sJBV0cri6OUsEIOF1cHC6oQSSSShBySakqwXkSSSSsoYkkkoQSYnoROVA4xyO5VVWh0tayF28Uf8wj37KyfPHG0uceAquLU5z5XHOo7fZQILnO/qpMQA2CjKTGEZaCJJJIghiSS444ChDhwByo73Z/JOeTlQL3XNtlqqq55AEELpMn2CKPYEnwZ/pR7bjcLtfA3LJaowRv/qbHt/nlath7rM9BU01B0lbqedmmR0XjPH+J5yVpI374wmPoXHsYxgdVSSY4ACOgUpJEjiOXlHQDAKSSSMgG6TfL26ebONLSUOxx+FbY4yMEtMh+5US/uMlLHRDf5iURuH+HurKJpY0NHAGESQXQYLnGyamggOAUl+iLke5PAyCFxu6YmQiQj3GoMNFM/O4aSP0WQsRHgPkLcue8kkrQdTzeFbXN7v8AKFS2VgZSBpaNytECxtzcZKilpyfLI/LgrB38vYcdlXSEVF7axo2hjypk51OG62VdgSlgdK8Njc7IAAO68or5HzXGaSR2fOf816LfZzT2uUgkE9152xg1EkZPqvT+JpzJSPP+Uu3fYJoBAyOFjurJ3PnZFnDQc4WzeMNJz2XnF5qHzXF4cfpJA3XutHFJ5Pnnn7/jr+MjtB1AL0/puPwrVE3jVuvNIgXFoA3JXqduhMFLTxnljRn9E/VSzHBk+nq91m79FnCMFFeQBlMg239UnksaXc7rkSie9jwjsIyVSXceNUCIH3Vyx2yoajL7mMdvdFWssyX2YJ0QAjbgYAGFGu8xhts8wGzWnJ/JTTjTgDgLJdbXCSmtT2MdjVkn32XY0Fe6aR5Lz2oVWnc/0ePXuqNZWOYDkFxLkehgL3xxxjkgYVU1zpZ9XdxJK0thAExy0HTwvZaSG1YPzl5S12TlP9s21E0QwxxNbjA3Q7i9xkDc7AKRStAYO+3dQbjKHS4HYYXVjwjz75llAqNhfcGuHZSRqqrqS3GGqPb/AOXM6Zw5Ck2VuqaaQnOTz+aVMNGho8h2c8BeJfGysMl7pocb6NX5ZXt1KNLHSHtlfOfxMuD6/qyQv/4bdI/VcvXT2V/5Z0vFQ36jP6RTRqXH9KhxDCmREY+65cllHq9PJOeGFPBUKYAjOFNPBUR5yMYwlM2zXpEKQcqKeVPeDkqGQQd0tmWSwcY4tcD6K1o5QWgYVTgjfClUdQGuAIRRlgzXLJckBzT9lBmacEYU2Nwc1AqW5AwE1vJljLayAG4d6KZTnU0AlV8uztlIgeWpUjqaW37uQ88fdQXgaiFYF2pqiOZvwsth03LDGMycjCs6J38oMIVa0YKsaF42bjfdJny0atNPEz1P4SV88NTJTGTyb7FeoVgaaZ+F4r8PakwXfGcAtXszP5kLhn6glSPqPhLlKhIn28iajOk/S3BXA1dtLR8tIEbTjkoD00HlHmfWDfCr84/EVM6XnMkb2H8O6L1vAGl0j2Dc5aVVdOSvjnYWnZ5wQmxWTzE/9PWM004AnYU6oOXAgLlf/KkY/G3dPkGqATYVtZNs4AjhwxhY3qqjL2TDHPC2cP8AMGcKk6jpHOJeBs4LRRLByvJUKVTR4RUsdT1UkTxgtcVKhGtuU/qCCSnuUgkbjJ2TaI5HC69Lyj4f5CDrvlD9MNTSuiqGuacEFevdOTumo2vccnSF5AWFrvRepdGSGSjAJ/CFvrPO+QhmO4v77EH29p9DlH6eeJaMEnOApdVSiajexwyNGVUdMPcJjBq2OdvzWnBxM5rwaERNLc4QjGOFL0oToz2CgjLRCkjyDsqqvh8mCO6u3tKhVTNht3VPlBQnyZCugDH7hVtQ3A9VoblBlzgB3yFTVEZI44WSaydKiWSnn+pQ6obBTagYeok7S7GAktHRgytmjHomUhw8tHClPbkKPGPDkyeClt4NceiYTkLolMThtlcwUOYZIcgsywE+eCxgf4w3xlBr6Utj8Vozj3UanqhE8agcBXelk8DSDkEZSZpNHb0ep+3bNnOleoqi11AikkPgu2LTuF6PFDHWQ+PC4OB3yCvIq2ldGdTRgey1/R3U7WNbRTOw9u2/BC5ttfJ9D+nPMLK09j/6m9ttXpaYpN8eUhVnUdoinjNXAzErd8tVnAGVTRLG0e5CktZsA8bdwsU4n0FwV0eTzuogbUM8Yty4DDh7rO19txmaD8wtxcqB1HXyNA/lSeYeiqa6iEY8Rg2OxCE4l+lcZYRQWatlbJ8u7cehWqoanQ7A3WVraN8EongBHcgKytVY2Yg5wQNwlzBpsdfDNfHMZG8LjmZ9lHo6gAaSFNaA8bKn1ydmtKcMkCopxIwgDcqjla6N24xpK00keeyrK2lDhxg5yhf29CrKiJBKSBlSXaZGjbGFXkGFw2UmKXI45VxYhr9nJaZsuQByqaaKRkjgRjBIWgagVcLJoyMDJ7p0XgyX1OUcIzlVG2Zpa7k7LNVlDLTyHbY+i109GYTjOVW1EQf5XDITs5OFqdMtjcint9VJFJ4ZPHC1luqDK0ZOVjKiJ1PUHHGchXFmuga9rHEHO2FFL0ZNNbtkomvbwikau6jRODhlFa72TTuxfBwt2KhSRaiQRlWZaCMKM+MeiPoGxKRjb9QSQPErRlpONlWMfjOy2tfAaiAxtAzg4ysVK18Ez43DcHBRQf7PN6/T/HPMR7uEE8ou7m5whHkp23KORY3Dlj9e4GFeWyv1lkL8ZxjKz73Y4RaKo8CYPJ4QOOR2k1fwSyjaiFo9P1THMAOQE2jlFRE2QHlTPBIwcJE4YPZ6ae+CkBY3OxCT43RYlbtgqSIuMDBCeYtbSCFmecm2Ky8ltY7iJW+DKckjZWksRADljo3SUsrXt2wcrWW+t+ahHmBICNT4NlU/2da3JwumLPIwnyxljxIzb1R26C3jdQ1JJkDw9LuOU8DKkOjycoYBaeFRU4Ag0hDko2VMZikGQe6sGMbIAdK4IMbZwqayL+NMxdXRVFmqfFiJ0Zzsr+13SOujDS4B4U+roI6iIxStyCP0WUq6OotFT4jCdGdiqFY+N5fRq3RY3QtDc79kO2V3zlO0l2SEeRvCI0ZhJZXJT3ega8eNE3zdwqHU8eVzSFsJgdsDKpq+3FwdI0YJ3UMGo0+fugUjmtdkEKrr7fzPA37hWcsbo3ZI5SLQQoci+pSWGjNHbY7IYbghwOCOCrSvoA5+uNuD3VYQWuLT2UOPZB1s3HS/WzqYMork1z2bNDhyvQWVFPUNDoHagQvCDqx5XYPYrSdMdZVNqcyjqSHwk7OPIKs6/jPJ7H8dh6hJGD2UV8eDnT+6k0FXBcYBPA4EEZKdNBuCAiPVqUJr7WQXxnuodRTh44wrZ0eQBhR3w4xtlGBOGTOVNIc/T+6gSwgDOOPdaiem1D6eyrJ6IngYUg8cmG3T7h1pvksIFPUZc0bAqdc6Klu0Ja5gBI2Ko3QGM5wpduuRiIgnPl/C70WmFv7OddRlbTFXeyT2yZ0jBlueydbbk4ERvdgr0OopaerjLXsY8H1WHudk0Tu8LYjstcZ5PPavx7r++BZNe2aLTIA4ELP3ewF5L4MYO49kWiqJqZ+DIXN9D2Vl8w2UDIWmuzJw7qPk9GXsl7rbDWhkhIbncdiF6raLvTXSnbJG8ZxuF5zebKZmOniGSOR3UCzXyrsk43cWg7hao3YZgVU6H934nscg29lQ3Cika4zw9jkhSLNfILrA17Xjcfop0jFtjNNBuCfKKijrNeI3nB90W5WenudMWvAD/wALu4TKqiaJPEj2zyEemnkjaGvOcJgqUM8MxlVHcunKhr3Avhzg4OxCvKG509zia+JwHqCdwritp6e4QGGeMEHvjhZC52Crs7xWW4lzQfM0dwoZMTof2rKL+SAYDhuCo74QNi1V9pv7Z3eDUAtJ7FXby14BA/NQ0wnGccooLpZ46uIuja1so4IGM/dZieB8TjHKC1wXoD4yN1CraGnqIz4kQc714KFxTM9un3y3GDNNr3IQ/D8N24V7WWyal8xaS1QJqISsxwVksrxyjBNOMsMh6MjyjKEx5JwQuSmsoHAjBYeO66JoZzqHkeeQeCVnk2heAvlcMEIZpgRkbJBpHdPExG2lXuJyiM+nAPCjStLcbKzw1/ZDmpBtpQOKkEp5K7W4EYKn09SQBkKPJTuB2Ca3Dd88IUtpckpIuIZWv5C7NE14yFWxVRYfspsNW04yplCXDDyDdCWnIH5pMqHYDHgPb6HdTfI8DYIUtGM62HGeyj5CVjRAq6AafmKPAcNy0d1Cjri06JWEeuQrQh0WNvyQKuCKqGQ3DvUd1SiaqrwbJGY1wvwfupEFYS4RzDSTwfVVwglpzgt2CJ47HAMkBHoR2QShuOlTfH2W/KYBhQBVSQkYdrapkc8crA8O55SZQwboTjPoe5kcjdMrA4HsVXVFlpXEvpHOhfzzsrLBKSqMnHlEnTGxYZUsqrjQHw6hhkj9RuFx8dPVOMtNJocdy07bq1e0OBB4VZV0/huBgi3WirUST+5mG/RxhHMTsFRLTODZ2kgdwriluEbgDFJgqkjmEo8CfYkbJOpqlh1U7dQ52PC6NepT6OJZUrOGj0Kw9b3qxvHg1Lnx/wBDjkfovRLL8TaCtDI6sCOQ8nsvAKa6SROEc2ffKtKeujkALX6SVqjqEzmanxtc+j6eobrR1TA6CVpyOxT6y3UdyjLKmCOVp/qG4Xzrbeo7tbJGugqXFo7ZK3th+Kro3NiuMTg3+oJ3ZxdRoZ1/ga+bpGupCaiyVzxp4p5TlhVJW1eB8l1NY3MZxrxqYPcdwtTaurbZcGB0VS0Z/wASu3fI10WirhjnjcN8gFFkwOVsPtsXBiLUbpYnCt6E6hbBjdsBB8MfYZ2W5tHxduNEI4urrK4A7GrpBrYT7jsqGr6At4e6r6fnfRzHfAOxKhaeoLc90V5t3zsI21sHb7d1MYAn8Vqwe3Wfqfp+/RNfbbpDMXDPoPt91ZFgG4OP8l88RQWuWoNZRTmimHDmHS9vstNa+tOp7UGxv/8AeUTfpwcPI90wyT02eYnrpjaTktB/JDfEGnLSR7dlmrR8Q7NWgQ1jnUs/BZIMbrRwVlPVtD6eVr2njByhlLAj45Q7GgPDkQZxvyi6RzhcAzsECkLaOJLuMLiNTKO5K6ZiRghDL8dlw8I+CBC8k5JS1e6jknPKWT6qskJYm+yRkzyAVFGcooIwrRAVTbaGpBLoQ1x7hUVd0tI7MlO/jstLkLviaOO6otPHJ53UUtZSOLZWSADugsuD4Tu8/wDmXozoqeb+9jDvyVTWdNWyok8QxAE+gTA42J9mWj6je0Brm598qZH1BARksO/ug3Ho6rjL5KVwezsBys7WdMXN25dJGljYbH7NYeoad3bCcL7TnhpXntXZL5SM1xyF/t3VeK29W9wkkhlwfbKg2MFLpnqn8ag7tJT23qEcNcvJndaVsfMJx9kal67Gr+a3PtwqWPYX8Sb6PUzexgAO290J95p8+cYXnzetaaTlmn81Lh6io52hxlbj7qZRX8WyK6Nn/EqNwxq2KjSS0Lz5H4J9VnW3Skk4kb+qXiwy48J4/VRNC/heS4lpoJQWlrSCoE9lp8ZBx+SAHvHEh/Vd8aq4M+R22U2odCLSIlVad+NlXS2enbsWAk87K98Wfu8FNL43DzxAn1AVSikHlozUliovxxNOf8Kiz9M2iUYNKz38oWp/luOPC/ZBlponjJYQhwhv8ia6ZjJ+hrHLuI2tz3AVZP8ADi3g6oap7c+63stvhcM6dwo4onHOOFTjkfXq7EYKXoGqYM0lym27alH/ANlOpac+WcyDtuvQX07xwENzaxu8O6HaOWsmn0efvt3UdKf5tGJG/dC1XJuddrnGO+OVvZjcSRlg2Uijhqnf3kLSPdTaX/MfuKPOPmpWHFRSSRj1wuCeEO2P7L1CW2QzD+ZRsP3AVdNYaRzgDQs/8oU2BQ1UX+XBgnVcQwNYyU5sgeNls5+mrU8APpgCfQKsqOkKA7wzzM/NU68jVfV+zOFm+5SMR/pyrd/SBaf5Vdn2c5Mf07XNHkl1AJXxoNXVv2VXhA/gCaaaM/8ADCny2W6xnaMO/NAdRXCIYfTHHsl/CGpp9Mi/J055YFz+GUjuWKSYHD6oZQf+XZIx4Hmy0e6nxYHK9pYK6axW55GWJknTNtkbsMKyDY871MY+5Xfl8DPzMRH/ADKfEifPP9mfn6Po3H+W3KgS9FRndrdK13lbt4g/VJz2Y+oH81fwxl2GtXdD8WYl3RdRnEbj+qEejroOJMY91tjIAdnD9U/xB6/uhenXoZ/PufZhD0xeGnAmI/NL/Z+8DioI/MrdGRvc/uuB7PRT4MlrXWrpIxIsN43/AN4ThYLwTg1RA9QttlncD9EJ08A7jP2Vfx1+y/51r9GSb01cT9VxlH2cjDpioI81xkP/AIlpHVsG+w/RRzWwnOw/RV8CXsJ6m1lCOlXk5dWSH/xlSG9J0hA8WaU/+Iqz+aiPcobq1pJAyijVgjvtfsj/AOy9rA8xef8AxJ7bFZGbPgCcarP9X6oRmB5yj+NEU7P2PFBZIzgUTTjuiFtvjAMFK0EeyiGQDfUQhGcnjKF0xI3KXsnfMRM2ZGwY9kjWvkGl+FXeK73XPGPulfHFeitsv2TnyBx+oIQe0cuUdokkPlBJRGUNU/bGyijFFYftjjUwt75KaasAEt2RY7PO4jOEdtqjiwZMK9iDVsYkA3CcjAcgg1s5ww6h9lcaLREMTHKEbxBTeSjgAA745Q/GOhZkhw2S4TnOgb8k9lJHTtPC0PrqyED0Dt1Hq7zcJWhjZdA7hu2VEGuXZxJPqVXxobG1R7Jsktgt5Aj8SV/bbIUWovE5GmkpImA8HTuuxWyV7suZsVZ09mbtqZtj1QfEhi1KX4meebvVOBfKGtPYKRFavFw6ZxJaOcLVQ2eA4Dm4VhTW2AYaWjH2SnWjbppTsWZMxsdEITpaEcUbtvQraSWahxqIAd9lXVNNFA7YjA7rPJJHcpq4yUAoHYGW8o7KMDHZSp6+hp9pJAFWVF6Y92imjJx3WeUkjoVQSJYhaw7twnGaCAbvVW6S5VJ2bhqJFQTuAMyTKWTZCly6RImuVOSADn7KOa9ztoGn81IioYB+DcIojYNg0bLNJZNUKH7IGa2bkEBFjoXSf33+alhhCIMgcZwluLNEKsEdlHADkhFw1rcNC4ZhwUL5iIHAdlAntNCikdMhB2C6TkIZkHYJmSoUPPK4mpKDRZKaNed+E4cp3l0qEFn1XHEAZQnuw7GSmF+BuSgACCY5wmvce5wo0s2kjC60VE+AN8IG8DIwcugutCdK5zsMCl01tnfhzm7DlTWwUlK3LxuluwfDT+5FXDTVUxBcNlYRUkEYy5uMJSVbMaadhPphFpLPdri3UR4bD6qnPJphp0/xWSLUVMUZ0wkEodPBd7lMIo4stWvtXSFLA4TVLWvee2Nloo6Knpmjwog0/ZKcmbKNE5PMkZK3dFSGQOq4hxklaKktNFRD+XC3I7kKwMmgb8KFVV8LBpjf5kOcHThpq6l0FdpaCRgD2VfU1rAS1hymEXGpdhn0lTqWyysIklO6tvI3bngq/lJ654OjZWdJY44wMNweScK1giZTMPlAHdBluAYcU+CjaGRgP8SKmbh/lOOEB1X4mw4UZ5fM4ySHJ/yVfX10dHGXOdv2QL7QZzUFyWU0obuVQ3C+GB+iJur1VXVXqolOGnAPuoRe55ySqbOdfqvUR9TWS1khkkJz6ZQA0BdwPVIkeqoxTszyweAkSCMagF12wKjH1JVox2TQ/c91wP0gklCmeGnAUWetY0YPKJdGWduCTLUBvBGyrqmqztlBkqtRwO64xmd1cY5Mdl2Rank5Ro2kYOFxrQEQNAblNUBLlkdjynbsgnbKe+YAEEKM+cYJARFSmoj3ThuQSolTXfLjOAVArK0g4acFVwkqKh3mdsoZbLchKysknlOBs4JUtEJHBzwfujU9GXEOIVpBA1oGWokjPJbhtLSiNvCIdk4vDc57KJUVAxwo+AcpBZagAEbKvkkL3ZTJZC884TWqt4M5hPzH6pEjGELJ9Usn1UTyBk6Sc7FcSSQx7Cl0dbuUUAY5QUslM6Qt8hUiRpO6GT6FIgngoc5CbO53TsjSAhpE4CiWCjp5XNQG6Y6QDOVHdPnIARCZzikEfKACobpXEldc4uOcrmAoYrbMjSSeU0A5Tk7ARJGdywcDQOy4nJqMtcgtTvVE0jOcboSMoGxySSSAWNXDwurh4UIDJOVxdPK4mJN9BD2bZTWuJzsjwRazghavof4d37r+8R2Xpm3SVE7t3uA8sY/qcewW3T6GV8d0kLuuhTHfY8I3CemJ690eLEkkkmhiSSSUIOSSSUIJJJJQgkkk7T7qN4IDHKR5SXXJMyCJB2CWQNkjsNkKoOiIyeizznhZCjHe8FF1JXljPAacLNtLlIudU6prHOJJAOAhNwRwvP3TdtjOxRDZAcwFxwAtJbqcRQhxG53VNbYTLPgNyFotmsA4wn1rC5EWzy9pCus7WRaWkAqrpCWv8QjITbhO6apLM7BHIEdOBjcIm8kr+1JAao65CRwVG8P3SlJc7OUo+6RLs1wQ1JJJUEFSSSUAEujlcXA7fhQgUcKLISXYUp52UQAl2yploJGDjPqlJthEYMN3UeXv91ZPYwHLtlc0kLGwB2dz6qppo8v3GVbMGGDfhMgLsGzjcKM4bEKS7uo8pHZSwqBGd9SIhOILtkVLGseOCoNQSXDfZSpuFDkBJ5S7JYRcVyRnokIIOcIZ5Cl0+GtzhIjyxvSONfrmbHpRZiC7A7JlM0Oqy4jZdf8AW77p4A17sEDCPb2GSo4QSA5W1hpGPeHPaScpM3iOTbpKnbcka+0wCOmaQFZBx04PZCghEULWtGAAiggcd1hlPB9A08dle0ZgvOwV7EwRUQJ22VVRN8SVrQ3JJVvXNEVLpIGAs9nLN9SxFshU2qoqxhvJyrmp8rBEBwFAs8YH+8kKYX+NVZxgFAa6HiO9+yJdJWCGOH8QGVGt7HBxlxsE+5ObLVFre2ykQgMY1o29UE3gZDmeSdbG5qc4V9LwP+VVVpaPG44VnLyPskTnk6+mWI5K6vJa1zhyAVn8kvyTk5VndarAc0FV1vjEs4D8kJQ18ySNXYQAxjscDKs2YY8zYzj3UWiY2GlLw3BxgIzpxHQEkbnkpbWTTHoj0ume5PlIyA3ZWjjhpJOyrrNG3Q+Y/UTjKlV8nh0j/dUljkbJf6e4y9a8yTvcSoWc1EYB4RpXatTj2QKMa6oIjkynumg94lIp2RD6SUXpRjfHmkLBkN8pVfeXu+Z0F2zRgBXPTLNFM9+NyMZQSX2sVF79SseidGSa4uJ3wrm0RAROk5cXKigP897uey1NtaGwM0txkbrj38nodLyKul8CF73ehP7LyCtqHTVsz3nJLzuvT+rKoQ0ErBsWtP8AkvKGjU/BO7jlZ19onXTe7YbPouniML5CMuJ5WuoImvqGg8DdU3TdHHT25hYN3cn8lorXATOCVi1D3SydfQQ21ouYBp2a1NvtQKOy1En+ElSqaH1Co+upjFaTGDvJssDOy/tryRvh9CBSzVbxgyuLhlWfU1Q5tCQx2M7FD6Wh8G0QjGDhVXVFQ6SURg4GeFpqWRE3toKaAkg5Woto8ChMmNyFmaYantYOSVqYCI4Y4yEySyIqz7JHimCgdMecHKxNH/vdbqe3LdZ/NaPqaqfTW3Sw41+X8lT9PwBz9XOEm18Dovk1tLEBG1jBgK3YNMQyVX0TfIMjhT3nyN+yxzZtrWUQLgdMJIWXEpfUbdytFd5C2EjustR5krT7IMZDk8PBraIkNbgbkLT00eIo2OGXELN0eAWA78LXWyLXPG32WHUvBrpL6kiEcbGgYOFE6hmkZTaGuwCN1aBjWD0WXu8kk1X4eryjGy5c3l5G+yb0xQl7zWPbsNmrWMOSoFqpRTUrGAY8oU9gOVnm8iZhRwnrg4Rkhlp8CXRyuLo5UKCDhdXBwuqEEkkkgIJJJJQgkxPTFCCSSXCRhQtLI1Df9JTjygO3GMqDGR6p5leIAdnbv+yawAEBowBsEOMF8z5vw40orWkHcJkCDztpUlowFFkBxH/zhS1YaGJJJKEEmSnhdQ5RnChTGFZL4ny6umvkGfXcZoqJu/8AUf8A0WtKwvXbjU9R9L2YHJfXfNuHq2NjimQFzNfG3RGyMNA07J+QGn7LuAgyHDHHPAKYFCOA0AxCD67p6ZDtFEP8KehLElv257JJpeAC7PChCpkAnvkMQYC2Bhc4/wCMghWoIHbhV1rYZZKiuI3e8tB+yn9iiCHZHqguJ8eMD3XCTnlci/vs/wBKtdlpZJG2UkMHJT+RhOXRRner5C5tPTs5c7UfshWuIGnx6KN1DUNqLgxrCf5IDT91LY9sVGNI/CSf0WiBRXWk67lW1R3DcxhS85co1gA+Tll7ySOOVJ/F+a21LImUsFL1ZUsioBCT5nnACxjVfdXzl9wELTkMCoQML2vi6sVpnmfIPNhFucxgpXyA42Xmxf4lQ54PJJ5W76rlMdrfjuvOY5CSF6nSrET5n5+7fdt/Rd2xviV9NGBzKCV6jgABo7DC8z6WjNRdIsj6TlemsHm3U1Ms8HY+mq8VOb/ZOi/7OxKX0XI/pwlKQ7grA+T1cuhoIAO/ZUVKPFuEj8ZDVazvMTC4+irbawh8kn9WUcI8nN1b4LEkY3K81+JVbppntBHB/wAl6FVOxheOfE+4AyGlBOXEgfou742DlYfPfrDU/Do2v2YqlBcdQ7LbdN08ehjnDJJyVj6OPTE0Dnut/wBOxgUzCQvZ0LbHB8D1s9yNAMNi9NlSTEulJO+6tJ3aYHbqvp/5kgGFrOZWsdjs+FSvfjfspVnH8guxuVDrnjw/CAwrW2sayBmkdt0qYwtmao6CSQ9mn/JfLvVVT811PVPzkB5H7r6eudQ2msFQ87YY45XypUB1RcZ53fied/zXJ133RUTteGWJSmGjdk8KVG8kDZRWsxnsitdhYMpM7sJbeUTWvBQ5GhDY/fhEcA4ApE0zZXZvXIKZoxwoUoAdsp03ChysJOyUDMAQE1rix2QiljsHZCwQeFE+RGxstqObLRuDlSJcObuqqlkw4NVs14dGtEHwZbI4eUVlQwh+lJnZSKlvmBwo42QWI0UzxgkMBxyuPbtymxkHbKeXE9lma4OnXPd2AOzt1Lojh4dtsoko4ICJTuDXDJWebwbavyRsOkqvwbzG7gEYXutFKJfDY051NH+S+erXIIJ45hy0r3Hpar+YijlLs+Uf5JbPoHgr8PajS2suFTJEDgY4UuZmHYwolGPDuhafRWNSzfbuUtrB7ut8GP6vpmTQPbI36WZCxlqkc3duxYV6B1NBmGTH9C88pwY6tzGHAI4TYPB5zXx2XqZui01NE17hl2ldazVRY9ECyvdJSFjnfSprGHwnMA5yrbwbIv5IpkWm/ljGFX31pMIcB3VjF5CWkcJlxhMtM4AZI3TaeGZtVHfHaeHddxFlewkdlUUOB3Wv6/oQInVLmjYbLE0b9QBOy7FD4Pinn6Ph1kizIB7rZdCVUocIy/YbYWLjyFoOlKjwa8DPK6NL5PK6yGa2e0RESU2MfgWet4+VvpY3Zruy0dqLZIG59FQ3ZhobtFUPHlc7Gy1S6PLJ8M1Bb+SZp90WNwfG144ICWn3Qit3OCMYwQoFVGNOM91alu3Kh1LCQMeqgXRnK+AbnG6z9XEN9sbrX1kXl47LN1cJ1Yx3SLI5NlFmDMVzCHcKK4AtJVxXwENLi1Uz3YJ2WSSOpU9xEkGHYQCPMMKVOPxKPkA7pMlhmz1glwgGPhR5Bko8PBwhvGwKt8oFPBGf5Qj0de6lkBLvKdiCUGR2rnsoTyScZ7pDTZoqnya9ohqmB7MEH1VXJDNb6oTsB0g7Y7KJbLi+meGPOWq+cWVUWuMgpFteTs6PVfHJSNt0X1LT1EDaOd2l/Yla6QBoyAvEWSzUUjZostLd16r011BDe7fEXOAla3S7fkhcu6tpn13wHl1fUqrO/RJuFIKyPTkAjus5LEY3vpqhuCRgHt91rpInA5GwVTeaMyw+MxvnZv8AkkHo9RSpRyY6to3wu0ubkDv6hUrY5KOrdIweU7rZOjZUw6XDzYws7WwFjyxzdxsgOPZUyfb7gxwaCd1f0js4dlYeIuilBDditJa6zMeHPyOyXN46NVFritrLx7GkDByolRCHDYI8cgLeU5wyMqpSyjdjcihrKTfOFGaMFXVTGHcBVVRTuJyP81SllmacDuQQMELvOMqPDkOxlSXgNDThaFLBnkiPWUviuyByFnqpjo5CHN4OFqDgtwRwq+5UQkiOBko1LBzNXRui8GVradsrC4N3VK0up5SBkAHI9lopmujG7eFV1NHqcXtbkH9kSPNzi4vgv+n7o6pYaeR2XNGxV40j1Xn9NNJb52va4hbGhrBUMZI05DhnlOisnQ0eolJbZFomvGQkxwIC6d0ZvzlEOQHOcLPXy3jxDUNbyFpZ8N7cqBWQ+MNPCOPJz9XWpoybG4yHbKNNlvZTKyLw6gtGyHPT6oS4chaYHmtdDEeCATnfKY1ztWMoTiQd+U9vOQjcDzktS8/4NVYbgCRBIQMBamNwkALdwvNYpdODuCFuuna2Oqpw3k4We2B7XwPk4XP4pluyIEcpzYeeyezBP3UhjBjA2WaUD2MY56K99KJNu6HS1E9FUBzSQAcEeysjD6bIFVT6sYalYwNWU8o0lJKypiDv6m5XQwjA9Fn7XVy0sojc7yHjPZaMESMDgeVRohZlDjgjCA6Ig5RmscCDlPLQ4YIUNClkBEPMEfAOCmeEfVPaiSyEhObqG6g3CijrIjFI3ng+inNXTHrVFTgmsGCIrbBWeYkxE7HthamgqorhCJI3A+oCNcrbFWQuiewHI59Fj4zW9OXAN1HwnnvwQqMGHpn/APqmukj9Qo0sLS3GMKXSzsrYmyswcjOxTZWlpxhQ1pprKM1caAdhwql0bmuIIxha6pgEgzjOyo6yjOcgbqHN1Gny8oqzG12c91SXCi0PMgCv3NLTgqNVQeKMAcq8HH1OnysGcBIJBGF0gHujV1MYmmQDhQHzaSMhW+Tg25qeGafp/qess8jW6nPizuM9l6pb73Q3iJrqeQZ0g4z3XhUcgP3VpZrzU2mpbPC86c7tzyqXZ0vHeWlp2t74PaHxgFCcwKBYeoqW9QNLHASY3Gd1aEZTF0e3pvhfBSiyJ4QwRlRpIBjcYVjp90F7NtlGw5LgppqPVnbbCrp6PA4xvz6LQvjydmoMtOJBxwig8MyW0qXRVUtRNFiNx290eqpY6uIa2tHuE2alcHgtbwjQkswD/mtUZ4OfbQZe7Wd1OPFp26vVVkMzo3jI+63czGvGNIWdu1mO9RTN+7U6uzBxtZ4/H3wAwP8AGZ2VVdbLHLmeJm/cBc8WppHAu8oVvQ1kU7cDc91ojYcO6r5I7WZW23CqslUCCfDJ3C9DsnUlJdQItWmQDgnlZC72SSVxlhxpO4VJBNUW+pD2EsewrXC7BypRdUtrPXJotW4GVClBYchv5KusHVlPPGyOs+rhaWelhrYmzwPbgjK3QtUkU0pIrYpiCNuFJIErd2/koU2aV+HNR4qkOAJ7JwmSw+SnvPTEc7jU0eGuO5bxv7KkpLrVWqo+Xq9TmZxvyFvCeFWXKy0twy5zAHkcqGK2DUt1fAKGogrIRJCQcj1QnNwfRZ2ojuNjmLWajHnIVvbrrHWMAkxnv6qEq1GZbLHyGdE1+zgHA9iqmusckZdLTHLeceivzEDvGc5XQx2cFBKHA+zTxkmjD1FI1zXRStznt6FU9Ra8ZMR3HYr0O42mOpiLo2hrx6DlZ2pt74TiRmPdZ5U5OfZp5VN5Rk2zy079MrCWjupTHwTjLSASp9Zb9i7TnKqn074t9OR7JUq2jN2HIc1OimY44egxVTfolbkeoR3QxuGqMcpLzEHB10LZQS3fChS0xaMo/wDOiO+wT2zROGzgSVM7uy4ywV+gtJBC4yZzCp0sDXjLQok8BGMBDKGOgpNMmU9buASrGOZsjRus01zmn0Uulqyw4Jyl78PkXOHsuJKdsm42UR1O5jtt0WGrDsAqVpa5v+qesMVuceCA8QuGiV2CVEqre5rDLEdQ7jvj1U+eny4EBcY9zMAjb0KrA1WtdFGBjYFEbM6LOjuraWggqWlzBpd7KrloZ4nEOGQkyjk1V3yj0yRS3IE6ZPyVhHIHjU05VDp3B9EVlVJC4aTn80h1nSp1OPzLlBewEYym0twjc0NkOCpekOAICFrB0K3C5cMrJaEPGeDyCg5q6N2TlzfYq40AhMMYcCCdlascHwSelrS6K989rrgGyNMM2OTwSgSUVRT+aJ+pvYgqXUW2GQcYKgv+docBv8yMcY5T46lo52o0a/pQWG4VELgHg7cqbBdiXgeqgG4U07cPBY7g7JPpi4aoyCOeeVsr1Umc27TRXaNHTXSRoAimLP8Aldhaqx/EG72zTHLOZom8Bx3wvL2zTREA5GOVNhuZ2BW2q9P8jmX6CFnDR9DWP4n26rDGyv8ADceclbq2dRWq5MDI6qOUkbtJXyhTXRjBnuVbW3qOqop2zU1W+Mj0Oy0RkpdHG1Hh33WfTlX0tZbjql8Lw3nfUzYqod0ndKSUmjqQ5g41FeZ2L4q3GmnHj1PiN7glegWj4tW+QtNU5oDu3om5wjkXaW+lhSMSOhulEcjiQN3/AFUmhqDRzCS2V8sUg/xcj0V/R37p26RicPj83OUWXpq11jfGpJ2sL98tKoy2blw0OoOq7vA/VPK2duPpIWmoOq7fOwGVrmP7jCwU9gvFFJ5AJGcg5UYXCSkeI6qmc0jvhCop9iHWmerQ3Kim+iTGfdSy1rmggjB7rzCkvlPluHY/NX9HfnFrdMwx6ZVbcCPjyzVuZ6BM0+6qor2/AyMqTFd2HmMj3ypuI4NEnwj6pBmk5yhfxakyM5CI2to5N45cn0wiyA+AmkAYTdPuneNEXaQ8ZXfDzvlMyidjXA+qSeYyOQuaCiID1FczlPxhJWXhs43ugVFLHMPNyj5wuqcFRyihrLS9/mjbsFUzUrmAtlpwQFsnN2P2UOSnY7Z7QVTbQ2M2lwYGqttpm8stIxmfRoVXN0tYJD5WsafsvRqi1UshyYxuqqq6bpZHahsT6KsJ8jY3zXTMDUdEW6UZilDVBk+H8rfNDP8AYZO63j7B4J/7UMdgTwmC2P4bUA/YlA4RfZphqLUjz9/S17gdmEjb3O6Z8h1DTva4MJI7ZXobrZcnf3EgK4LVc85eWH8lTjgp6hyeZHnpq7+1+k0zyRyE/wDjF1YAJKKcY7r0B1ulBy+na5x7hNdQgtOqmU2siuTMG2/VAP8AMgmapcfUtNgB8bwe+y00lvonuxJTA/kgyWO1SDzUoRJNdjVKD/JFNF1BRHlrlIiutHUHyE591Jk6atDhjRoyOyqqrpWBpDqWpdGfVCRfE+iy8SJ/0kfqkGxgdlQyWWtjP8qvZn/mXG0t5gdlkkcn3KHcwnhF34LHHISFO0cbKpbU35uB4cHupLbjdRjVTNJ+ytPJXZONLkZwh+A4HYoIuVy70rT/AOFFFwrBuaAfoiwym8BGxvGM5P5opZlpBahfxGXGHUWE/wDikjeKJTAGUxny0ZOHR5XP4bTnfQn/AMSf/wDISRucuNqI/qphkyAkskT3ZZEDlD/2fJ4GPzUn+LVQOBQH9UaG5VTsaqLH5pe0jskuiuf0692+UA2F45xstCK5xHmiA9l0VLQP7mT9FMFq6z0zMSWuRm3gtP5KPUWZs8ZbJSsx7DC1viNefoxn1CA5rf1QuORkL7P2YaXp2nj/APg2nb0UN9mogMGAfovRJIQ9uCzP5KI6hp3HJhI/JVKI6Oomjzx9npAf7rb7LjbPa3jDn4+4W/qKW3xRl0jWt/NUtVJ05Ef5lWzPo3dXFDY3zkZl1ktOf70fommy0RGGShHr6y36j8k10jh2wq2Wa8zx6GRMjH+Ebq+DTW5y9hJLLA3zCcAD1UWempYWk+OPyK661XCoaG1dVhvpqQ/4FSxnMkz3f+IqcGhSx7Isk1OzbxSoclRGfoBPurd1vtLcDLs/dEzQRNDWxtIHsgyF8iRny/X+H9k3wzzhXj56V2WtpfsdKA2kmlOWwYBQYDjcmU5jKEWP9f2V/wDwaodw0DKezp6pG7wMK8hfNFdmc0O/qK4IyTj/AEWsbYqdjcyOaEx8dsph5nNKX8nOC1bu/EzRo3zDyOwfRFis07hyrd13tFLkta0kKBVdXUw2gh3CvsKLtl0jsNllz5iMIzrRSxYL1UVHUldKB4RaweigTXSvnAbJPsfTZTA1VXPs0b/4dAAA8ZCjvu9LCNLfN+aoWkuG7icrraZzz5RuUGQlX/zFpJeZHf3I0hQqipqpjl0uEWG11RGQ3ZWNPZdQHjtwouQpKqHRReeQgYJKl09tq5CDoWhp7bSxD+7yQpgY1gwGjCKSwKlYvRRQWZ7iPFaMeqnw2yCPGGjKnLrdiChfALbYKOkbnBGB2UpsbGYwEMTBo4UWe5RR/wB4UMpJLk00ZxhIsAxo4K5LUxU41veAs/U3g8QO/dRHTzVJ/mnIWC2+K6PTaDQ2cOfGS6r+o4tJjjOTj1WfqZrlWuIAIaVOp6SB2HGPf7qYGBuzW4WGdm49LTpccFEyzvkw6qzlTaW308H0sBPurBzC7twneFpIKzymjbCiMeUCDcbYXDunyTRMwCos9dGwYjOSlfKaoR2rgOWDGAOUEyMh8xIUJ9XPIcDZNLXuO5KVOeR8eSW6sYR5EB1RPJsCMBcDA3tukXBvZLcwxniOPJTV0nJyuKigq6g5CRI7KiBklFMuDjC6JXnZjd1WUEotkgnA5wgulwOcropq2U4LFPprE4AOqSCPRVKWB0aHIqi50jgGjJUiK31VRjylv5K4ZSW6m+pm4SfcQ0aacDZK+Q0rTR/rI1PZms81Vtj91Ma63UrPIzU4eihPqJ6l2CTv2Cl0dkq53BxacH2SpTz0aaqN3FaBSVznnTTtLco1PY6usY178tDvbK0drsMUIBlYM+4V1FSBjQGtwEB06vHyazYUlq6fpaeINe3LhvwrmOAAANaAAiPY2EZce2VFluD3fy6bkcqG2vTxq4iSfLD5iMYUWpuEQIEbvNxygiCurHDWSG87KdS2aCncJXed3v6qD1W2Vx/iNQ8Nzpae5UqK1AYdIQ4+qtJGAgZCBJVxQNznJUyXtj7HQQCEEkYAQ6i4ws8rXHUFFkrayoOmMeUqO5vhfzJAFBU5JBZp5qgY1kN9EAvZAMuxn7qHVXylg8rcE+xWarq+eqkLjIQ09ghcsdGW7UxgvtLa6X9rg6nptiOTlUb5ZZcmR5P3KFkZyTkruRgqPLOZbqpS7GE5cngjCC7ldJwNyqMcrMDy7A5QS8k+yaXepKE+RoamJGedgd8mB5sbKJNUMG5IUaetAJzwq2etEhLY3FUYbryfLcIj5cqFLIZTkDIQGxkuDjupUbAANuEcYmWVrZxjDzhEaMJ4AC7nCYUJOzhpKDNM2IZceVS3C7kudHDwOTlGJttVfDJ1bWtjJAcFUT1kkpw04CAPGrHkkk4UumoCDlyKMcmaVnyAPCkmcM7qwpaHSA7GCVKp6QDlmMe6keWMDATNgH+QUcDWYXJ5RE3hCqa2IAjOCquSeV53fkKugZTSJU1YScDdR3SGTGUIHO5XEIlvI9JcyEshAXk6kma00zb4AUBc0gqYkN09QNcjcFOXfKuDZGBlHADndFGMbofiADhDLz6KFSltDnAHKjyyknACRye65pBG6glz4ByOzgDZC0+6dINDtl1pyFDNOX7GHbZDT0xNUTLN54EkkuEjCgBxMSPKaOVMjcjWDcFGHC4wDAON05QqbHJJJKCxqSSStLI1vA3T7okcRJRaOkmrZ209OzVI7gL6s+B/9kzW+LqL4pubS02f5dvOdbhjlw7dsfmunpNLv5Zztf5Kjx0N1z76XtnmfwW/s+dTfEyqbUPbLbrUwjxKx7SBg/0+vC+0enOlOlPhzaf4N0zTNa/GJKjT5pPTPP8AmrCa4UlFRxWi0UMFLTwN0tbE3GfcqKBncndduinasHzPyXlrfJzW/wDBej4pSSSXZPSiSSSTQxJJJKEHJJJKEEkkkoQ6OU5MTtXshlHJAY5XRucrg5Thwk2EGndVF/rjBSFjdnP2VuSACXLGXqsNVWOAPkj8oC52qt2QZo00HKxMq9JJyTuntBPAXVKt8LZ5wwjK5EOZHWnL445Li1UghhEjh5nqRWzshj1ud2RWtDGBvGBhUN5qdT/B5wtUvsjk50U7LMgKZgqKzW7jlFqpgPI3cBdgYKWlMh+tw2UR2XHJKS5YNcYjSioSKq7HehJJJKFCT0xOPChBhI4ynMBOMIAyXYCktH8vdVkqSGTHcYKHGO647d+ykRtGkHCnRRyTYbKG/lTJDkH7KJnzqBN4RJo2d8KwG7Qg0jQGbjsiHlOUsGebyMfwokp5yUeUnGxUOTlBKWRtYPJ1KUz6R9lHHKM0EAAoENZx/H5KIeCjzHjChyEhmyRaHDrkGR58BSgdICjRNLnKVJswfZVAuzrgfT/TlNPJRIQBTg/dCYMFMeBae7gbGSXgErX9OU2Q1wHdZIZ2W96bg00LJPQrNdLEDveGq33Nv0X4DcDPogkEkgfmnOJwFxuCN+ywesntaywtEJE2ojGUa6udJIIw7yj0RqQNZTh2Me6iPJnqyGnynbJS85OkorZtLWljZHSta0AbIL36NTxjZFd5I2sHooNS/TE5oO7lY3O2CiR4sSVIJ3ycqwY0agT2UKji8+oqxhbrdws9vQ+jsvLZEBEZMb8I82zTujQtZFTNIGPKq+tnMULiO4WNvk6kftiUFxcNbtkW1R6pwfUKBXS65CPVXNlYC+NpHCMlPNiNCTopmRjkplU7NP4A5dwuSHXVCPsmSAurI4W/hVHS64LWjgFPTtZjcjJUO9yCOlxnlW0jQ2MewWZ6ikyxkQJy4qFXS2VNFLO7TC7B3KVraNRkPZBqHeXGeBhPonOZSF7eVfRwt2Hkg3OUvq3ey09hwyhLisjIQ6b7lbGkDIqKMAYBaPzSLP0XpPutlYPoGF878/1LXUuI2NaAsxbRrlLmjkZWni+nHquRfxLB6fRJbNzMt15VBlNIGkbj/ReeUQMtXE0DPstb13OfFfHknCz3TMQnukYLcgLPJ8Ga3NmoSR6ZQsaynhY0YGkf5K+tsYaQQ3f7qohZhzQBsFeUGzWhYLmjvaaG1JFpFwMBZTrepD5oKJoy4uGy10GANRCwd6LqrqVrM7DBC5/s3y4WDS28Cmt7BxssddKl1RVPOdgSFrKmQw29zB2CxDzlznepJWytPBkvk3HaibbWl9QB2C00ID5WAjYKhsjNT/EI2V9TOGfEPATcFQ6M91dUPlqPkwRpABAVh09TtZTtcBuRyqC6yGpvzyD5QOFrrOA2nYMLNb0NqW7kuKRnl2CO/slSN8ucYwmScrLLGTo18FTfZBGx2fRZ+zt8Src/CsepqgYICj9Oxkgv9EEnhASlm3BprXpdUta8ZAW9ssDM6y3dYmzQOkqhgcL0OhiEUQOFy9XPnBvr4CVL/DGcqrt1EKq5GokGWM82PVSa9+vYKbaafwaffl3K5kngY3gtGgdhgeiI0DCGzsijhJkZ5PLHoqEipTCXQl0cpo35Tg3BBwl/JzggQcLq4OF1RPJBJJJKyCSSSUIMSSSUIMQy4lEQlB0EJQbpO2npXSD+8JDG/d23+qnHhUNe8Vt0pqRpzHD/ALwT+RAUCLGEaYGRnlo3KK1oB2CYBvt3T0+BSE8AloHrlHbwECAHWHHfZSFZYxJJJQg1MIB5TshNUIJYK8xOr/iraAwgNt9ulmdv2cNP+q3q88tchqvi91DNjajpY6bnjfOFcBVno3BIxygSnEch/wAKdk+qDOcQnPcgJgcI5XJKZ9DfsF1cb9I+y6oFgedxhQ6txZA5uR5tlJc7ZVle4vdFCPxv/wAt/wDRCHs4JlvHy1KISMnnPqnk5J91wJIwDjuChQHU4uz3wnnhR7ec07nc5kKtPkJktLJATM74TKh4jp5JD2BTIvgEyFSDPc5GNH491Lu/8i2Skv0ktx+XdQ6JjjO6VxJc9xOUTqh3/u5jRy4tb+61QRRItUTYrTBoGARlPL8ZJ7IkDfBooojyGBRKsuNNI9h0lo5wulREzWvHJi7xUNq7lLK36R5R+ShaAOEWUtMjiBgZTByF7nx8cVo8prLN1jZkOvpntpYomOxk7rEQnHIWk69qHOuLYAfK1uVm4hlek06xE+WeVs+TUs1nQsfiXPIbwvRW/Udu6wvw4aBWSv05GFvW41nZZ9U/vPY+Bjt06JTPoQMklGYQG7oB5WM9DLlALo5raMvGxG2FHtzQIAfVcvby2JrB3OEakb4dMzI3wtVKycbWWfdgFcXaI9XsV4B17UOqb2WDkFe49QVXh0hcOzT/AJL57uUj6i6zSyuLjrIH2yvReOjh5Pkv1zqs1qv+5Ko4iI2hw5XoFpg8OjYMbrGUUXiyRtA7hbqnw2JreNgvVURyuT41q3zgdVuxAd+U23wE4IH5pleQ4eFnflWNujDaYHG+FoMi4KeuY6SvFOz1V5A3Q1rMYwFSMzLdyR2KunDL2tzhKcdwwF1vOaPo+qmG5MbsD1XzZ4RDi4dzle/fFOtMXSroTkahpXh7oToaedlydb+e07nil/pSl/chA5SBPY4RC0g8Li5sk0zrpZHN2R2uOMKI1++MI7HbcIliSwGpSg+DpIOf8kIgFHPBI9FG3DkmUDSrM9nTCMZwo7gMEFSgchcMaVtGKOeiE1xidkBWFNU5ABxwossOM+X90ODyPyf0RQlhibai0lw5ucKBICCdu6nRkaPVR5GYPC0SipLgzwW1goXkEYUsHLPsorRpOUVjhws04m2mZ1wzlChLmyZR8hCIGeFjt4OjXPaXVJK7DSvYeiK7VTxNyOGheLWt5cHMO+ncL0no6Z0TI987j/NCez8JY1JSPXc+FVx1B4d5VaT4275VPrMlLFMBngq1k87WH1aEqaPpFM90clXd2NeyTUMjR/ovM2txXv8AZxC9VrYwY8kZXm18gbT3FzoxpBPCiOV5OHG5FxZZy2o8MOGktxhXzQ3jZY61zGOoBJWqpzqlY7OxTFyDpZb4AJWFlTj+pPqW4DoxwQnV0bhO2QDIGyRO2++RyjreGNthk8368ovFtsntleXUrTG4fovauqqGSoo54WtGS0kLxeQOgnfE9uHNJBXVoZ8l+rdNsv8AkLJzf5bTjYhS7LUmCta/gZwhOLXUsZA7boUR8Mhw/CulU8NM8HqoZjtPeun5/GpQQew/yTuqKRk1C2UjzDfKp+iblDU0bNB3LRstTdoPmra4M3wMrdnJ5C1/HNwFZH+PQREncNCnObss/wBJSPdDLEXEhjtvZaPSVZlseJYIzozuQo0rA4blWJYCCoz48d1TKTyVFTBnbThZ+4QBshGFraiLI2Co7jTZBdpSpGqqW1mTrIwQ5pHZZeqBhkLXDutjVR75IWbu1PklwbuNwsliwdbSzy8FY92tpUN4LXhSI3F2W4QKqM5+yRKOTqRWCTSuBG5Cc8ZBzwodITnlWGnLeFQmb5IMoIKhyN3VhPz+ShyDBQY5HVghhWFvr5IDjUHD0yq6VpOMJsJ0ndVJZHqTXRqGzQ1jdQyCBwVItddUWmqZNC7DcgOHYhUFLUGLcZVrDUxVbNDRh43wVhvq3dHf8b5OdU1zho9jtNyhu9I2VjsuaMOCLLED2XmXTfUFRZaoNLjoJwQeML0+krKe507ammI3GXN9CuTZBxZ9i8T5Va6lKX5GfuVD4EolibhruR7qqr6KOojLtmvA/VbKanErC0tyqOWA09RkDZKOjZVuRh3xODsEEH0KJS1D4HAAZCvLtbJZdVVCzOOQqJ7Gjlu/3QYMUouDNBbq3xAMlWbH5bj1WQppnU0gfnIWjoKtsrNRVNZNlFmeGSZI+xHKizQtAyW5VkRrALUBzT6IHwaJw3IztRTvieXs49F2KYPGM8Kzq4AR5R2VTJSuik1sOM8hEpZMNlbQaQbg5SDQ5uHJgd6pOaTwnJ45Mso54ZU3G2lwcY28qlcwxHSVrjjuqm5W7OZ4W/cJqkcbWaVflEytxge0CQDy53UqyXIwYic7bOykPLJAWPbkFU1TTyUkmR9PIITkcPbKqzemb+ml8RoyVIPCzVgr3SN8KV+TjyklX0coI3TYrcdeq+M4po5KMlRpDtlSX+VR5eAnxiS3kz10psEzAcqEx+W4I2KvbhHqhdsqIt08lPhwec1sGpFRXR+HMcDZBByrKriy3VjKq/xFN7PIXw2TYfUTxsrWzV76SUNDsDOVTtUljkucclUXS081OJ6hQS/MRtlacgjKnxrFdJXd0dQaSd/lcPKSe62sZJ3A2WaUcH1jxHkIarTpokNaHAbcpSwgBFhIwAQj6A4bLPOJ3ILJS1EJByG/urCy1zvE+XmOcDYpT0/soJY6B7ZWDBaUsvG1mtYwPGybjBxjhR7bWsmYHM3PcFTPq3AwoaI8gsBNw7+n90QDBTwBhQ0JA0k9LBUJtBkZVbdrVBcIHMewZxse4KtkxzfdC1kGyvfHaYCkqq3pys8CoLnQk4BPGFqo6mKrjbNE4EH9ky+WeK5QHyjUAsxbp6uy1Rp6gkxZ2UObielntkvtNS9mQq+rp8jhWEUrJmB7DkFNki1DCtrBtdanHKMxV0pacgfuoRb2IWkrKPWMgfuqeSAxu4xumRaZy9TR+ioq6MSsPlWauFM6E8bLcyRjTjCprtbzJA7S0ZU2nntfpN0Moy0cuMBHiqNXIG6iTQuYfTCEyYsdghSUcI8z88aniReUNxnoZRNTyvYf8JXqHTPVsF1hZBO8NqAMH/EvHY5w4Y9UanrZaSQSxPLSDnYqHX8f5SVMk4n0EBkAobm5WM6S6xjqmshnkzkY3K2okbK0PY4EFQ97pNZDVQ3RZHMQPdMMYwd1L0eyZpUy0a8JlfJACd2oEsWgZAVk+LKDLFn3RJibKlIrGgl2CnywNdHjGyKYcHYJNBAwU2LwZLajPXS0QvGprSTjZZt9NV0jyWHSO2y9Ckg1DBGVW3C2+L+EJqsODrPH7vvrKChrmVDfBm+sbfdQ7xZmzNMsQ83qlcKCWjmMsQIxupdvvEb3CnqG4ce57p8bDgW0pZjYjI5mpnlpyCCtX031bNC5tLM/HoTwUrrYWVYMtPgHGVlJI3wykbtc04/NbKrmmcq2qVXL6PYWT09wg1uja52ORyqqoa6nyGhZCw9RVNvnDZnl0Z2OVuqC5UVyblmku7hdKu1SXIrG8DRV4fiKU4PAPqpyrbjbnRONRT8ckeiZS10sfllBI907KEuDTw0Wc9LBUsLJomvB9QsfdenaqindNREmM7gDstuzRIwPYQQVx0YcNLsYPqFYiVUZ9oxdtvGkCKoBD27FX8ZjqGBzHZygXiwMlidPStAeNzgbqhhmrrc4NcTpCP8AIVXZOl7Zco0xhLRugupI58tewEH1RLfdIqtoY8DOOCpE0JZ/Mj3BVSjg0tq5cmTudqfSvOG5jPHsqeehDhqDcL0EiOZuHtBHcFVdZY2vLpKfGD+EoJVbjFdpsfijzmpoHMkJaMFMZK+PDHN4WsqbcCSxzNxzlVdVajgloWSyn9GKxbeGV40zDzEIU1EGeeAZHdKSnmp3b8FEhqWABryVnlBrgT0RmztjdplOCiOa2ZuQpklBT1DdTMAqqliqaWXTg4HCHEl2FnJySm32CiODoyAQrJk2fqGV2WnjmbxugnFS6DzghQzubhWMFxGQ1wJ9wq2SllY76duyECW7EKlJx7K2xl2aATMecBOdD4jdhyqeGoLHBWdNXxObped05STAlXtYg2eB+xwE8kVOA9qJgTbjdMkpnbaeyjiLc2uiHV2wObqhwqp8Esbj4jcYWhjLotnbpSU8NUP5g4VfGNje12Z4HH0ncIsNfUxOBLtQHZTqu1MBzEFWzwOiPmakzqz0a69ThfYy3pa+Ko2J0uxvlSgs4xxacg7hS6eulid5zqHH2WeUDsUa3KUZlo5me+UzRj3SZWQvxodlEJxzwkSi0b4yhNfayHLb6aQl5iGcb42VdNbpWZMEjgP6cq9PbIylIxu2AFUbZR6LlpYTXJnDLPHhsrc49kVuiRucAE+it3wRPySwE/ZQZKBpGGt4WiGol/UYLvGe4kcOcCC1wwiiqe3A5ygupahm4jJH3Q8vGxYtcNYukzn2aKcXjBZ09cW88q0oruWkAO47OWaZUM9cFF8UO3BWqvVPPJz7tLB/kj0Cg6rqaMtNPUke2dlrbL8Sq6j0OM7hjtnIXjUUoaeVLbcJYsAOOPut0bsnOu8ZXYj6bsPxjgqSIK1rXjHdaqn6n6evQYHxxgnjVhfJFHd5mkHUQfZXNL1JLC3zVL2+nmKZuwca/wAK1/tn1DL05aql3jQODQ4cNOyhz9Nz041Ucz8+xK8TtPxIraanwKyR3/jOy21k+MbmwNExDtOxzyrycy3xttHODWGO90pI8Z36pR3m8Ur9cjDIPTlPt3xC6dvRbHMRE9w+pXDf4XV/9mna7HurikzDOE4doqx1rLCf51un++nIR4uurW8gSgxH0dspstDjdjGuHoquusVuq3aqmiZnvgBU/wCwp7G/uRZt60sjmaWz8+jkyXq2Tw9NvlfIPTO6yFx6BpnZmt8z2O5DS7ZVj7J1PZ4/Fo5teO3dDkfDT1z/ABZuJPibcaECOayzSAfiB/0wuw/G6zRHTcrfVQ+5avOh1leYv5VbR5e3k6cZUll9sdc3VU0obIdnDGFPkYxaOH9R6XS/GXoOqODcnQk8B7f/AFV3RdbdNXEj5K700mewkGV4jUWnpS5EOMQBHsq+ToSlDi+31TmsO4GrhT5mEtHUvbX+T6SFVBUND4JQ4eo4RAcAnC+ZZLR1RbR/7our43DghxTh1b8UrRu+t8Vo7uJKnzYfKJ/AUv8AbkmfS5eRyMZ9UF0me3C8Cpfjf1TQxiO5W7xSODjKsqb+0HSAhtfQTMP/AC4R/wAiHTFy8dfHpZPaHvD+3CiyOa7Yn915jF8cun6puHeKzP2CMz4lWOq/u55B+at2Rn0xa0d6f4l/1B0rT3QEtuVXAf8ABJhY6boDqKA6rZ1VMHjgyPKuP9sKKYeSV59N0P8A2iH1AH75UScuh0a7ofkVDbN8T6HBhu8U2P8AEd07/aD4n2zAntkVTj+kZyrJ/Vk0e2s4XW9XgEGV5UcMewkp+4ohwfE7qWlGm59LzF3+BmMKUz4sUgA+es9REO/lwpDOraKbaQNd7kApOu9jm/v6KOTH+EKoymvZGoLuI2D4odHyH+dDOw98gKfD110LUYAr2xn0ecKC0dG1X99aY/choSksnw8nb5rewH2aAU3Mn2Bin2pFs2+dKVZBjuVOMer05z+npwGx10Tj7HKox0j0PIf5Akj/AD2XX9CdNPH8uulb9nYUxJeittWeMlsLfa37xzxkH3Q32ijds1wOfRVJ+HlvkP8AJvdTF/8AbChn4a1Lt4Os5megDj/nlDifpB4h+y4NhjO8bSU02l4GAD+qqP8A2f3uL+46yn27GQ7pjujOrGjydRl33eVFvX9JNsH/AFFqbfU52aVwUFR6Kp/2W65iPkuoeB/iTXWrr6PmeI/dXul7RPjj6ki4NDMfRO+SmG+nKpmQddxjzeAf/Cuaeuif7lirc/0X8f8A+si3+UmB+hLwZgMeGqsM65PMUaQg6yJwSwfYKbv7FOvj8kWfy0x30YXfAkaN+FXCi6oIzJU4z6Jfwy+H+9rsZU3v9AqK6JrmhvOyEZqYDLqnA9MqILNUjzVNbIfzTTb6LJD5yT3QyeQ1FIkPuNBHnM+cKHP1BSRj+WC4+gXXUlrjaQXN/NQ3utMDtXiwfqg3foiRyXqGrG0TdIKiyVVyqhl1VIGn0R33WyxfU5n3BUebqiyRDOsDHogmx8IN/jEjT2yWpAM1VMce6jNskYdlsOs53yiTdc2KIYLgfzUGq+Itvix8tH/khUsD402y/GJYfwSXxS6CiGQOVx9lrjs6PBVDP8TZOIyW/kFUVPxGucjvJuFJSyNjptS+lg2J6c1YdUT7nsuO6eowPO/IWDm63uc3Mhb9lXVHU1ydzXTEemUOR8dHe+2ejSW2xwHL3DI91Fmq+n4fL5SR7rzepvtU8/3zifdQ5KuZ51OJdn3QZbNkNBNr7j0uTqKwU7cfyxjjZVNb1pRRg/LgOIOwCwT5jJyEMMJPP7KbmPhoK1+RsZuuTjDWFv2wq+frKukyI3FoVF8u89ijttsrhsOVWWx3w0Q7DVN+uk2cTnBUL5qebPiyE591Y09mqZD9OR7qxh6dJHmiChSnTDpGdaSXZOSifLuONLeVqYLA1rgXxgfdT2WqnYGgNGR7JgL1S/pMjT22qlH93gKfBYHuI8YABaVtK2MDAGF1rcHOVWRT1M5cFVBYIQRkDZT47dBBgtY0H1UvYBBMoycqIjk32cEDQdsYRQBgD0QDM0dyh/M5B2yqF43MlBo2wV0jAyq2a4eEVW1d5nds1+AgnZGH5M0Q01ln4ovZamKIHWcKvqrtGwEA7qgqKyom2dIUA6jy4lY7tVHH2na03g/ljuseCfU3aoJ/lv2+6huqJpT/ADHakAAk4yjMjA5PKw2amUuGem0njaaIpRQRhOfsreipxKwOOyrYhG3d7sKW24thaBG/hYZWYZ2qqkkW8dM1gydsLklRSRDHi5Ko5bpUSbNdso4kc8ku7pUrcmuMP0XFRdIoseC7UVEnuU0oA4BULAJynDG26S55G7P2F8aSUjU5IRntuuB7WjnKGZfZKchiSXYbSP8A5SlqHoP1UYyknKWSq384KJDn55IQ/F3xhBGScZKI2FzuGlVuQ6MXJ8BA4EZTTJsitttS/AxhWFLZmDDpng+3oqlNRH16Wcyn1vJw0Z/JSYaKqmONGFeMpaKADUNx7Lj6yJgxE0YCD5UaY6Rf1dEKGzNyHVBwp8VNQUwBdjKjvqvEOBt7oLg6TAByUqVuB0a61+CyTxW0cY0M4Hso8tc15OjOE6jsVfWkeHFse60Fu6Fqy4OqHNaPUoflbNVGlusf2xMo+KprHARsyrS29OVUrgZGkD7LdUXTlJRcMLj64U1xhpmEuwAOyBzwdSnx6jzaZ6g6Zp4QHPaCR7cq3bTMjaBgNAQ6q7U8B0M8zjxhQ8XavOY/K08FVk3Qorh/tomy1dBTbSuDneigy3GrqmujoofIeHKdB0/GAJKzEkh74Vg2KCiZgNaBxwpvG/G3+RSU1tr5W5lft3yp8NsijIIHmCNNcaeMclQZ7o+by0wxhQJuqC4J+lkY7AKNPXxsH8lwcVAcyvqyBI8tZ7J8cFPTDLnkFMwZp2/oZNU1U5ABIBTQwtOuV2fdR6y8U9NtHIAs7c+pDISzUcD0VbkjJdqYVR3Nmhq7nTUrCGvBJWbuF5nmBYH7exVRLcfFcTv+aC6cO3QOeeDlXa75PxCvdqdlcyULW0910EHhUv2Y5Wj9XqUi/tlAyfUpZxycJ2DPOYWQDYghCdIG8boT5g3uVDlrG9zsrSyZ7bcEqaowNsKtqa/AxkINVV6xpYefRQxE+RwySmI59t7YWSZ854/dOijxglv5p0MXh4LgjEgYwEWwzNuXZwMAT2riFPUxU7cyHlV0U2l2SXOABORsq6quccYI1bhV9ddXTO0U5KiNikqHDWd1aiLnanxENUV00z9jkHblDgonSYzkD1UyCg4c4bBWMdMxjWjSnKJnm3N5bBU9AxrG+UDAR44hHwOEQYY3PYKFPc4mNIPKvOAHJRJck8cDSSQqeuuLpDpiKBVVbpT5TkITWtwMqnMRbd6Oue6TzO3K5n1XC5o7rhe3HKU3kX8o7OO6WR6hCPPKRGVYDsCeKPVIyIIYS76f3RWxHG5UL3tjQXE4xyjhvBwuBjR2XdW2FCL9j9guEgIeSu4KgTm3wLWcp4cO7VwNzunYA4KMXuYxLASSPCiI5DN+cJoJScPMhF2NsprjlCpWeghwQgu3JXdRwhIRFks9CST1w8IhQ16C5x2yU55GeUFwJIwgkw4rI5EHKG0HG6IOVSBkvQQcJJDhJMKYkkk+KKSeQRRNy88BMrrdjwisrtjFrvh98L+rPiNcmUNhotTDgyTE+WNvqf0XrHwc/stXfqOSO+dbslttuactZgtkfjn7L6ptFmsHS1vis/TttjpaaL+ndz/cnuutpNFjmaPL+U+pqtN/paVbn+/S/wDcynwt+BnQXwpibUS08d1vRALq0ty1hGfoHbn9gt7VVbq2bJzgbD2TC/xO2E3R6HC7FVSj0fO9TddqZ/JdJyY9kDdIJwU8Rk7BMbkd+E99VDTRmWZwDG98p3Qk+I0l3T7pafddHB704kkkmBjkk1JQg5JJJQgkkklCCTU8cpp2QTltIc9kxEO3CFlZZy3EBXGUw07nt5AWHkdrkc71K0vUlb4cLYWnBdsswuLrLMy2nX0df27hK+szadsYdpAefVUQ5RW1Lom4aT9lmg9ryOsjvjg0tRIG437LNTvM9eQBnJwF03GZzXBxO3ulboy8/Mn1T52Ka+0RGtVpsPVgsIZnIGyjJ9RIXSnKYlTQ6K9iSSSQlj0kkkZBLrhkYXEyXJIAULQo2jUTzhPnkGkALsflbugOOpyplSW47Fud0U7obRgLqsHI52SDk8hCgi1ygngIruCD3CVI3z5I9VTLk+Ca3YbJp4TwMbFDdwmCPYNxGTv2UU8n7ojzgndAPKX0aILgfH9SLJgMTI+6UnZWF7AyHKiyfUpL1Gk+pZrHkNBaVg7+6dMM4SiBCcwZkA7q4xyR8hSBFSNd3QWvycYRZs+GAhNGrCKaFp45JFDE2aqjY/gndej0MbIKZjIxgYWK6cpmPrWmRuR2W7aA1oAGwWO154PYeEq21uz9hXDOyVPF4jtISJHqj2yLM2SNlmbWD0tPMkiyL2x0ZaRggYQKKPLtZGTuiV4LWtb7otE1rYScblKZ0qk3YkFmyQMlVs7yZNA4CnTnDTv2Vaw5eSUMlk0WYySoNmhWNC3XJoxyoEO5AAVtbGZnG26RYbNNEuZCRTsHsqW5TkQklXEpw3Cy96ncXhgOyzI12vCwV0mZH59VpbJC4yB3YAErOUgEk7Q4bZWutjAxhPAIV4x2VpuZ7iVES+sMoGw2R7fE+oubn6do90yBuGud2GVY2eEtbJORs7YKjp9h6pw3YD2WQvs+qSMHsStRWOwXHP3WGvU+ZmgdiVaWTJrLNtZFqXEkKa8+DQOLQAS1QC4OcGkbqVc3iKgaPUJrjlHCc90XIrKdhkeCfVawnFGwY7LM29uqRoWlkOzWjYBvCy2o16DLhkt7CwOBJH/DKvov7vPoAqqyRtbDsOQrRz/DpHuXB1E/9RnqNLH/AEzzLrOp1Vc+d8J3Q1C+ar+Zx5WjKg9Tu8StqAtT0DAYqPWR9Tf9VntlwVTDfqDVRABwGFfUUWGNPBVPAwOkaMZV9A06Wj2XNtnyd6mBIOI4y4nYAleeUcrpr7M9zs4kOn2C3d3k+XtU0nB0kArC9PUz5K50gPHmKVXyx9i6RcX2ofFRkNOM8rLg5Vj1TVSCdsIPlA4VNG7Vse66NaRy754ntNFacMgzjcqfLP4VI/23UGljLIo2d+SlephFb3tBwSraWA4S+xyKW35rLg6Y8F2MrdW+NrQxoGMLI9MwNID9O5W1pdLADj2WG+W02aVZhyWcBAGAOQhT+UosR0xZ9VFmmDVhlLJvSwjIdQzGSUxq3scLYqNpa3cjJWfucnj3ERgLX26nDKONpHZU3gXFfdk0PS0AfOXEZWw3YzGFnulKU5dLjbK0rsYPZcfVvMjfWQJTrqGMPJKuqaIsa0dgqulYJKsucM6TgK7Zjj0XOkxknhBW9kUfSEIcoo4CV6M+OQjV1IDCSBhHGfUEYYwNkBGBwlMhxJJJMIPSSSUIMSSSUIMSSTScqDIx9hCRg7hAPKWT6pigxcDnEAebhZ2xsdPPWXN7fLJL4cQ9GNGP9FP6jrhQWuScPLXnaIj+s8IdopzTW6CIjHlBI9yjiUWDNwE48JkfATzwmljoRkoiZB6p6hBiYeE/ITCRhQgJziDgFNXX/UVxQgVeadCEVfWHWVzzkyVkcQdnnAyT+y9LJABJ7Ly74RtM0N7uOcipuUp1evCuAqztI9BQK06YAf8A6Iwf/VBHUO5n+REAeaiEf/5AmjIPgtCMNA9kMclFfwgnuFTD9ieNSgRgPuEgdv4bMNUtxwCSVHoWZY+Y/U9x39kEewvRJHCR2SSTGAyNVyEU7yNtjuuW3T8mwDbO5+6Fdn6aJ4HJSpAWUcI76VEW+SUG4JyVFvEnh22VwPbCMCSVXdRP02/w8/U8BOgAVNuaHOyRwgdSykNo4gPrnbspVuYW8qJeg2a50UDiAWHxN/RbK0DLotJiQwD/AAhVd1ndDb5S1wBdsrKYjSFnupZtFK2PJBkOy7Ojr3yUTFqX/pszWCd0iCAduEUAYG265NiOnkmx9Ayvb6JKMVE8jqntTkeU9Xzma9PyPpaqmJ2kjCJcpXVNxnqic63nH2yo+cAru18RPlutluvlL+56P8N2AUVRIW+Yv2PstkOVlfh+0tsgk0/U4rUsOSsd/Msnv/DR26eP+AocdPKazkH3Xfwn7LkI/ktP5LOlk7cnwVl3IM8bc/jCl4GgN7KBXO13SOPnkqbKSMALbQsHmdZZ95m+spvl7e52Ru12P0XhFO4TVbnPGfOc/qvYfiRVFlt0gkeU/wCS8jtzGtb4h3OSvV+OrSipHxf611OdT8a9IvbMwvrGjGwWzgBa4BZnp1gM7X45WnDt8Y7r0dKwj5hqHmYyowZQByVcNi8Gg8TPZUgBlrgANlobmwQWnOcYBCJ9iihtEbX1D5HbuznKtWY+fZG4ZAOVCscbRG6QDLs53U+Le4h3oqI/2Y/4yTBtrbC38ThsvLNGYmkeg/yXofxcm8ZzQDsMbLAU79cG44auLq/907/jP/w/+WQZItRyGoEjMDBVixnLXchRpmFpIwsE3g6cJlcRpdgo8Z2BTJR5hskxzdt0mMsMYnkMhTNyMBHZxumkZymyfASbQGJxaclG1akCRuSCE6J2kjJSWsmqqzPDCyM1DGFXzxuhl2GyttiA5RaqMSMxjf1SX9rH2RUlwOo5NQwTyiSsHKrYpDA7BVsx3iwgt5KfCeVgybcMhOGMhcYd9yiTDBUcZBQyRcJbXgkZK4uDhdO6zXRyba7CTb5CypbgjDtivQ+l5HxPAzkZ2XmUJLJAdXdegdPVJ1x7eiznr/DXLKR7Z07K+soC2Q/Twrumc51OGvO7TgfZZDomre+R8Z4ytcwaZnRjhu6XYfS9FNyrycqh/LJxwsB1LTjxXTAbkr0OoZiI5WK6lp8tO3dCVrK99ZnqV2jBHK11ueHUzHclYuLUBgnhaWx1TXN8AnzNGQjOfpJ7eC2nfsMjZMaA8DbCM6MSM0+qBp8N+jPCOK5OhLlFVe4C8loHLcLwa/w/L3KYHu4/5r6Hq2ahuM5GF4Z17bX0tfIJG76y4EehW+izB89+r9I5Ub/0ApfPSDPYZTDwU+0ysmpvDHOMJszXRP0uHuurVPJ8v1VfOT0H4d3CBobCfqBwvVaYtlgLMZGN14D0rXmiu8MpdhjiGle92qRuhrjw4LoVyyjxvkavjs3FFZHGlvs8EZwxxO35rYPjG2BhZK/U7rfd4a2EaWPdvhbOMsmhY9vDmgphzrVlJkQsQnM9Apro/QoL4yRhQRGTyV0zBhVVbTeI0tV3JCQSQFEli58v7pbNEJmFroi1+NOOQqK5QOdEXNHbC193gGSQ3G5WfqGB0bmELLbwzqaWzkxLv5Ty3TuhzEPAKkXCIxTOBGNyoZ4KznbqlvQocCQZKsjjwwqgu84CsoHAsG6hLI4I9TyfsoMvJ+6sqgElQpASUAVZHkOAo+ohwR5OFHdsc4S5GpJYJkMm2MKRHI5jg5hwQq6CVrtiOFNicB7pMluFybiy7gqGVbADgSBa/pDqFtFIKaoOBwd9l54wlrsg4VjTT6cHfPqsN1G7o9R4Hy09NclJnucckc0fiRuBa4ZBChVNIJCXYWP6V6odA5tJUyZYdgSt0Hh7cjgrn2VNH2nQayGtr3RKox6CW6djys3fbP8ALv8AmYR5Xc7LZujaTu3lR5qdkrDFIAQcjdZ8OL4G3VbujzgtUyiqnQuA5R7xQfJTksB0HcKrBMjsgcKGWLdbNfQ1wlZggHCkOAeM8LM26u+WlxJnSRhaWnkY9oe12QUBtqs3IFLESNwq2qgLeGq8lLWjGMqLLG14OyroOcFJGanDo3bJ8cwcBkKbWUh5xthVLtUL8YTDn3V46JLxncILiSOE9sgISxjf1RrsxTrUkZ+628xu+Yp287kKBLT/ADVLpI3wtXJGHDB3yqKqgloqguc3MTvTstEJYOBrdJ/VEzNHUSUdT4cjiNLltaWoErGyA5DhlZvqK2HQ24U52zuAn9PXYSxiB31NWmEsHMpn8M0maxjtQymvZk8rkMmW7pz9wtcOTqSe5EKqjDmH7LPVcRY84GFppm8qmrWDcYTDl66GY5Kp7Q5pae6qJoTHMRwCrlwOeFXVrPPkhMWTyGshxuAjAbzunY90EOx3XQSUUY5OW02TYZ/BcHDn1XovS90FZAIZH5cBkLzNm6tLRcX2+pZNk6e4SrKjs+F8k9BqFuf2vs9XA8wxsp1PgDfuqu21bK2nZOwjBAJVhGe2eFjmsM+v6e+F0FOD7CvjB4CiGJpJjeN1YxtB5QqmDSRKxuUlmtx3Iqx41BN4kZOk8haOgnbNG143yFXuiZNHjHKiUk0tFU+FnyE8KYChmLNDNDnDgOEJji3spcDmSMGNwQk6mw4FoVGpLciO8kEZanag8cIpYCMJsTdLjlWNjDAPQU1zfdTC0ObgBRjE5p3V9kcEiO5vuqe72iOric9jRrCv3RHZAcwnulCrqvljtZhaGvmttQaecHRnG60zXNe0OB2cMhDudnp6lxeW4JVNS1M9DIaaZrnsadt9woc/bPTycH0XUsWtvGVT1lNjLgFax1bJAABlNmjBGrTn81AbPvRnHHBLSEyZjZGjIyFOrqTDjKFCA05BKYuzmaiv0Z282cHM9O3jkLMVNI5u2nC9DlZlpHsqGvt2rOBgp0o5R5bX+MjNOUEZHxHQuGQifM8bI1fQOa7IHHuq8l0fIzhB0eXsnbpZ7Wi2oq2SmkbLES0jst30r1q+OYQVTyWnYgnheYMqsYA7KQyudE4SM5Ch1PHeXeklubPoqiuFNWt1QSA+ykLyLpvq/wADQXSYI2O69Htt8iuEYdGQSOQgwz6P47zGn10MxfJaloQiz2ThJ4gGycDoIOFMHWi1LohyQkblv7qOBvwrRwa9vCivhGdm4/NF2VZWmBEYIyhuia7lG0e+EPT7ozFOrBVXG3RTAjCzFys2lpkhPmbvtytxLGHDBGVCkoRICCAPdEpNHM1WhjesMyNvu7qcCGqBOnupV0stJdoPmqZzWPIzxyVIu1jbNGZImhrxuqekulRapfDkaSAcELRXbg87fpJVx+O7r9lHU0k9EdFSzB7ItrutTQziSI8dsrX1ENvv9KRGG+IBnjcLK3KxVFv82CW+oW+u45FujnD74cx/ZsbT1JDch4Ep0vxwe6mVFLnfbdeb0800LxI12CNwVp7T1LLqENS4EHglbIW54ZkkslzBWy22YMkBMZV5T1FPXs/lSBrvQqrfHBXQ5bg59OyhNZPbZRLGSW53WlPIt1tGhfHKx2l/HqolwttNURgvYN+4UqhutPcm+DINL8JSxTU7yD5h7pgh15MlW0DqA+JC92M/orC1XlsmKepwHcZJ5V18tT1g0vaAfsqO8dOOYPEgGD2IRmeash+BaOptR1RHY8IbvEiOJB+aoLZeKm3T+BVuc6PjfstNDJT3BmqKRp9spuFjAddsbVtz9xAqaZtS3LNId6qqrLVI1vIJV3PC+F2NJ/JdLS5vbPuhda7KnTGX5Iw9bZ6hx2GRhUdTQte8tA0uaf3XpFTEMg4VLc+nY6zM0DgyTHHqs86YyMN2n2vMTK0sdTTgeIPKpPkkGXMBTZYq2heWTRFzAe4yE+MskGuI/lnhZp1pcMyyi1yiBVW57SZIfp5x6KEJ3NcGkcLRtLR5JG7qFWWhs5dLAcE8jskulR6AjP1JkEOEzRnuo1TSbF4SkZUU7sPDgAjw1LDhryT7oHDIyP8AYq3kxHSRunxycbZwrGWiin3GlQKijkpzk/QeCglHb0HKW7gmU9e5hA1ABWcVXFI1o17lZjcHOUWKoc3BaihZ+xc6c9GpMAlGsITYnRkqtorxKzDXvwCrVtXFK0evqtHDQh1Sh2cGl2zgmyW+Gdhy0ElEfCeV2J7o8DGUtxyBG1p8FNU2l8TsxsOFFkpntGC1akgSBRpqEPGw3KW60xsdQ28MzbGyRuy3YqVBXaSBM77KTPbpWu3bsoFRSvz9KzzqOhp9Zs5iy2iqYZQNL+UVzct5Wda18fBIU+C6PjjDJWaiNgVmlVg7mn8jl7Zk3Sc8LpYAF2KeGZuY5AD6HlFIwM5S2sHShdGb+0iOGcqO6ljfy1TSzchMLN+EsNxTXKK6S3wEZaN1FdSVDeGZCuHN900tz3TY2yiZrNJXYuUVHiTRnD2EJwroTsTurF8IdyFHfQU73Fzoxn2CdDVzTOZd45v8DkdRkAjui63E51FQpbcQcRyOA7DPCYBWwnQTqb91sr1v/OYJ6GyBaR1ckJGkqRFd3h2CSPsVSfMuaMSDCfHMwkFr1sWri1lGO3T+pI2NJ1FJGxoEnHoVe2/rivpNJiqpRj0eQvOI5QcYJCkx1rmjcFNq1CkYLdBVPtHt9l+MlzpXAzxx1DQMYed1rrf8W+nq1zY6hron/iHYL5nbcHDkqXT1gccjlN+ZZ5Odf4WmfKR9aUfUFhr4hLS10bg7tnfKkiRkw8hDgfTdfJ8F6rKTaGRwz7laWyfEi927Rmtdgcgk7o855OTd4iS/BnvtVQwSOy6njPrloVHcejaGqBmp2iKQ7+XhY2h+MUpfqq4IpW+gdpK1dq+IdnuQaGuEbnf1FR4Mk9LfQ+itqekK6mj1wODnDsFWNivtJLpEDxj07rex3yimy1kzSfZcGioJOxQlfNJ8TRjB1AYhoqoHahzthSqe7W2sAbJKGZ/C9XlXaaSV+t8Dc/ZU9V0rTSSF0bcA+iZGW0LfX64Cihs8484jdn2Tv9kbNUbmnicD/hyqSTpevbnwa+Ro7AbKM+29VUrh4Fa4j3cVeV+hmZS/CReVXwzslWP7lrc9wMKvk+C1E7DqW5TRk77uOFHbcOuKLDvB8YD7lSY+vOpKbArLW849GlAoQf5IJfyo/hJA3fB3qGJuqgvDXY7GQlRH/D34h0ZJZUtkA/xlXMHxWkhIFRb6hh/5VY0/xithIEjJm/cKNVem0V8mqX5JMx8vT3xBptnUrZMepyohi61p95bPIQPRuV6VF8XOnH41zEH/ABYVhB8T+lJ8NNREPuQijGt9SYbvvS/20eQPut8gOKq1yRHndmEI9Q1rDiWlmb/4V7hD1f0jUjDq2kAPIOEc1Hw/qRlxon59mqbX6FfyMfnX/wBjwr/aScciRqeOpyACZ3DPbK9qmt/w8n2MFMfsAoE/Snw+qB/2eEemMKYn6YS1VXuDPKouqSDkVLv1U2HrENHmqXAf8y3U/QPQ0x8p0fY4UOf4YdGyjyzPH/jVP5P+Yt3aeXcWZyPrqnaP+2OyP8S6z4hMBx84ftlXMvwl6YOwq5B+aiP+DvTR3ZcZ8+7ley/0wk9G+8oCz4gRHH8933ypLevnkDTWn9VFf8HLODll2nHtqQZPhHRDZt0k/NxVr+Qi8aJlmfiDI3/4wn80WP4hlvNRn81np/hZCzi4uIH+IqM/4bxD/wCPOP8AmKrffnkio0T6Zqv/AGjgO/vv3Tz8SBox4v8A9UsWfh3Dwa93/nKC/wCHUWkn+IO/85U32/otafR/s2D/AIkjJxP/APVIJ+I5Jx4ufzWKk+HrA44r3f8AnKju6Dkbk/xMgfdTdY+0Mjo9K+UzcVHxHc0eSY8euVXS/Eepk+iUn81k39IPZsLlnHqSgu6cmiGfmWY9VTlP9GiOj05oqn4g1zttZ49VXS9Y1jgSakjP5qodaS06XSZ98pCzxZ/vP3S5Sx2OWl06JcnVU0uQahztlXyXeV5P8126P/DKFoyZhlC8K3x/jzj3QOQ2MKY/iiO+sq38PKjPdVyHd6sTJQtBwwn81FkqI3nEMZ27K85L4iRflql+P5Q+64abAy86VMHz7too8ArrbTcKgjxAoMjbFdla9kPaQZQjpHCvGdNv+pzVOi6fjaBkjKop6mEXwzKhrnbNaSSl/D6t/wDwzgrZR2aJn4AiNoHg7YACiL/mfoxbbHVOOS0qS3p+oIGW5WzbROxy1d+UeN9QUAlrZvoy0fTTNILgMlTaewxN5Y381duiAxkIgjAx7KGeWrskyobZYQdomZ+6eyzhh1eUYVmHNAzhNMrQMZ/ZTIt6iUuGQ202jYgbIobjvhPdgbkphdjsrCUpTCFuO65pzwVHdUYz5VFkuLI9nPLPuglPb2aqqJy/GLZYSPDMZKFJK1nuqae90zXeafJUCo6haTpZG4j1ykz1Nce2dGjxWou/pwaCWqIHYKFLWMaPMcBZ2a71Lz5XYUV9TO45e8nKTLXQXR1KPp+b/wBw0b7rCM5kVfPdCRiGThVO5KaGu7bLBbr5/wBJ1dP4KmqW7GSY6vme7DznKEXPfud/zTAz1RQ0AbFZJ6idn5HXr0ChzFHCTwn990t07Le5Wedpqjp/2NyAkCeyWWjukXDtulSt4NMKdoQnO57LmWoXjDO4S8YeiRK00KOCRkLoeG8BRwXOO2clEbSVTnY0oHYaK4SfSHOnxthNM3ZS2WqoeMlqkwWSJuHP5VOZpWmnMqzISntBccAHKv4rdStAywFSI6ekiJc1gyPZLcx0dE/6jPR26slIDIuVPhsNSQHSlrQrR07R5WgBDllcN9/1QuaNEdLXD+4Jlsp48ZIJCltbTQ6S2NpPqoYlc84aCcKRTW26V8gjgpifugz/AHNddT/+mhz52gYa0KO+p0+UrRW/oG9VMumcCJn9RKvaP4bW+KYSXCo8QN43KCUsG6rRX2dowA1zuw1uo9gpdL09eKjdtLgHuvT6Sx2K3yF9LSNc7GMuGcKYWA40sDQNtgh3s3V+HU+bGzB0PQLi1slXUNBO+kDKvKLpW10ZDjCHuHchX72Njbqe4NHOSVW1t6oKVnknbM87BrNzlDJ7jbXoKNP0uSRFBDCA2KNrQPQIdbc4aAfzHgE9sqqim6gvmY6el+Xa3l5GlWFH0YyRuu71fjPPvwhGqtyf2FVU9S1kx0W1utx7JtFYbzcZBPVvLAdyHFagN6ftTxHTMjJaMZDVHqL2ZMtpmloHfCJPIWxr8hlN09SU41TEOI74Rpqi3UTQIsbKDJLWTbOk29EN0IfjWeOUwJzSXA6oupeS2nbnKieHVzO1P4P5qQ4UkA2O6iVF0bEMNdpHZUZbLk3yx5pM7uxt6ockkFNjWQPsqiuvuDgyn8iqCvvjD/xHfqo3gxW6uEDTVl+ZEC2I4AWeufUE7sg4IKz1bfM50P3VXNV1FR9ROFHM5Wp1zf4stKy5+I7POQoPjOccdkFjTnc5T9IQrk5lmolP8g4IIzlNLjwh5PqnK0sid53Ls5yitd2KCmTytZynKAqVpKLgO4UWpqiOyiyVzYwck+26r5qqSc6Sdle1szW3+kHqq5xOxHCgiZ8pwU8U73+YosUIY4bI4xwYpTlJ8ihhzuQpMcI5A4RGRAAY2T8sjBLuydgFv9gywj2TSABkkKLWXmngBaHAk8bqknuFbVu8mzVG2hE7UuIk+tu5jcWw9tvuVXOkqax2ZCUSCme/BkG6saenaMbKorkzuUp9kKGhzjLcKfBSCMg4/dSWxNaE7UBvx+acopAqSj2cEbRwmy1McQ3eMqFU3I6iyHgbZVfLK6U5ccq21gXZYSKyvkd5Q7y+ygveXnJO6IQhh2c7JLM0ps64N5KF42TpwnEOPGyb4ODkBUIbcmcOTuhmR/CkeGcbDKe2nAOcKEcZMANWxI5RGMJACkCIADypaWjsoNjH9jGxt5wnYAC74g4TVAlJI4Sc4XUk9QFzGJ+nG+EkxMS3E3Y7Eukk8riSPYBKY0n1XNTfVcJA5KjlxzyUagZpWMOeFGOolEyVzARJCpT3DUkkksjeTrkORwxyF1zh6qK9xygkw4xycfIS/AGURjNslMawbEhHJAAACGOWE3t4RzSPRdSSTFFsW1kckThdAJOAvc/hF/ZkvPWnhXjqkut1recs2xJM31YtNOnndNRSMWs19Hj4fJqHhf8AmeYdCfDzqz4g1wo7BbXSjGXSfhYP8R7d19ifDD+z50r8PBHX17IrneGYJmcMtZ9mlbzprpWxdF24WywUMVPE0YBDfMfue6sWyHPC71GhjT0fPPLee1Gue2v7Yf29/wCQ3ictxzsmaS7fC7p2Tm54C6EIYOBnB0DC6OcJsssMLNczwxo7lRsXC4vNNR0xbEcZmdsMeyYD2Eqq1kDzFTsfO/sGtyEehsBrJPn7pqIf9MIOAPyVhQWptFEG7F/cqa0HGN/shFN4PgvT7pafddSXawe/HpJJIQxJJJKEEkkkoQYkkkgIPQ+2URD/AApMuiHHclCLSBk8IpUOvqxFTOzscHCw2vCyFGO54Mrf6oTVmhh2YCoDNhumyvMkjnk5yU9oXEveZZO5V9kEh5IxygEkkgpwJPJSjHiStjxs5Uuws45Cupy2l8TH1cKbTtENCcj6k+8s8OaloYgMaBldrBpjZG0YDRwmpCHLKIPJykukYXEOC0PSSSUDEkkkoQSa05wSMrrk1vZElkg9/GM4TPD9117S7hda3T3QlnU9MT1Cgc+MjCLTtI3UeXJe1TYG4aDhWlkCwchnhEPKGeEQMVkhycpLs31LiWPQ6PulIlH3TZgTwpLop9gHcobOyeeU1mxWb2MDsIDeFynyagEj1TtmtSjOk5AWiPRXaHTf3hHYJg3OAml+okItvhdLUjuAlWMuENzwjWdL0oaA9zd8LTAYCgWOnEcTSW9lYOdscBYLWz6BoKvioUQWXHhW1ubpi1Eb4VdCAXjKtW4YwYSprJ19PDnLASyOkk85zg8KzjAZAMDkZVQAXS/cq0fNphaNKUba3h5ItVNpjcR2UalJezxCMZK7WPL9gOUWmj8KJrT91TGKTlLIen+rjKv7VC7Ik07Acqmpm6nDutNCGwwhjfTdZ7Ozq6RZjkHWStBx6hZK4v8AEnO/CvblMdRAznCzdSQXk5S1AvUTwOoRioatlE3RTj7LH20H5gbLZEYgaFJrA/RLhsltGmhzjclW1HGY6EF222VXaC6mjYBzhXM+mCjbGRvhKN64RUXN+mnc/wBV5/W1AfVEbeVbW9zYpDtwvNpZDJVyOymw5OL5K7C2llF/NqmOHBUq8nVCyMc5UW1NMlU1qdd3ObUgE5GMYTH0cnf/AKTYa1sGppx3V4N9lT2rDW6yMnsraN+ojbuufqXiOTtaCP2JGptMemAE7ZCPcZfBt0hBG/dDohmljA9EHqJ3hWrR3JXBtlveT0lUdsMHldyme+ol1+Yudz+a9I6VgENqjIbyF5vPGZrgImjOp3+q9btNMaa3QwvG4aCslr4wHpI/6m4nUIzUNCvodsbKptkWZtZ4wrho9FzreWdurPZX9TzFlmkAHIKy/TBxK53+EK160mcIIYGuwC7LvdQrTCyOj1t2Odyio7JZMpOopvEumkDbChxNGpuDwV24SiorZJWnYEtCbRNLpm7911K45RyLXmzJpojsw5HCqeo6wNaymG7j2U9uxGSqO8nxa1u24AwpKOBjliGDQdPQiKJriPRaeAZIcAqCz07mQM1cndaWlbho2yuZqTraSOa0Td/BG/ZV1YdIJz2Oynahp04VHfKk08bgPRYjXYtsMmYpz8zeSCBs7/VegiINY0AbYWJ6TgbNdHyyNznzBbxseTseEq2W2WBem5W413TMOihzjclWM7Tp2QLNF4dA3bCLO4uIYDyuHfPMzoRaSDWyIYMpG6sWcqNTt0xAAYUlnKyWMtrIYcImQOEMcJ6WTAVJNSUJ0OXc4XEkBB6SSShBJJJKEGJJJKEEmEZT01QsYmEkDZPTCoEZ3qBorK+goA3UGyiocM7Bo5z+auWEFxwNuyo7e5tZe625Bp8OAto2Z/wjU793FXAdudkfQPRKBGE1NyU9v1AeqIJckiMNDRhJ/wBK4x2BjCU5xEd90ZCM/VnbhMLidiUfy6fyUc8n7qEEkkljOyhAVyqRS0NRPsRHE5x39AvO/giD/sOyUj+9qpn/ALha7rao+U6OvlSDuygmwfQ6Vm/hJTGl+H9q2/vWPk/V5TIGabxbtNooVaNXyzT3rIe/+JTAcqurstnogCd6lv7KxvT4Lc8IR5Rn4DnfcoLu6tGiAGocQ049ClRnFEw45JKbPtDN7sIRacYpYR6NAKAkxJ6YnohZX3rHymPVwCfDgRMb6BAvf9zEPWUBFZkAD0COKzyXJtEkADuqXqWUAwQDu9Wj8nuqG85lu0MHIa3WU+EOQUGo4xq32VJcHeP1VEzRkRQ8591ds2cN+6oWfzOqJnZzojAXQpgBN44LeoPYcLOdTu1CnjxvytA9uTueFkb1M+a7NDnbMGAF2tBDNiObrJf6bIoacgIV4cIbLVOON2H/ACUvHmx3Cp+s5TT9O1JzuRgL2Ojf3pHk/KPbp5SPIclznEnkoLuQPXCJHuM+yFJxz7LvuOIHyybzLLPYOiYfCsMRI5OVexjVsqrpcAWOkx3YFbNGO6wX9n0nxq20Qj/Yc8ENIB5ToPLGD6Icp22Tg/ERwOAlxRvsfBSkumvuceVjSSpsrsAn1USibmunmJ2A/dSHyaSCOy3Uo8rq5ffwebfFOs0UejYc7Lzih/uAfVbL4sVQknEQ4KyNO0NhYB6Beu0MXGtM+GfVFvya+SZsenYwIXP09tirjlpKg2RgbQMON+6luf8AyX7Lv1RW3J4K782SbbGH1YJ335Vr1FKRReFxlQunmNfMSRnGFJ6pcC4RA744UBZHs7fDpiSOU+KTTOZT6J1MRBQZI3IUR8miJ8n9IJSm8LIOG3hmK6ufDdJ6hh3DRgexWDpmujm8M9tlqJKttTVVDvc/5qhmj8OoLgO5XE1L3WZPQaJuFewi1jDDVHScNwhSx+IzUFPqYmy04kHIKhAgNIKySWTfGWGVlTH/AIeECMEO3VhOzOSd9lXvjIOQFnksPJoTRKjxtkooaDkFRI8g4ypLT5U2LUkF/cY5mQSow8ryPdSnclCdHtwly7DjLaw0DtfJXZIzp5UWJ2l43Vi0B7QQlNZN9MlYsFTUxYdkDCkUcvk0o1RBr3AUENMDtx+itPYS2vHJKqY8s1jGyjkeyMyYOaW85QpBhW3kzYOsOcJ53QIjuUQHKVLlGipiAx3Wq6cqZCxnn3Cyp2Vt09UCOp0uOxIWWSwz0HjLfjuiezdK1ksNfEGnZ+Mr01wLKlr8/UAvILbI6N0MkbsEYIK9doNVVbIZpDl+kbpco5PrHjrE4qJKrQ3wRp/NZa+02qN5I4C1IYXtwd9lV3SBpZJqHZAdK2O6G08xj+tw9CVZW7UyoY9rsbhRa6AR1kgZsAc4T4HubxyiOBXmFjX6NtFuM+qFO3S7VhK0PNTStc7kAZUmohDoyzGCVTn6OvDlZIUjRI0LyX4lW+d85nI8oC9dY3QDnsFjeu7eaijMg25WzTM839QaT+Rppr9Hkdgfqc4Yxup1Y3MirKYvoqsdgTgq6qGeI0PaN8LsUs+O6yhqtkaBxikDweDle59JVz6u0xOcc7D/ACXhTSD3XpfwzuUs0clE9+RHuFvqPG+Rq3QybnqWMT24PcN49wQrbp2sZW22MtO7AGn7pngtqrfIyQAktICrejZxTzVFtlGJGuJ+4Wk88+Y/4NRpz2QzGMcKTgJmAoZskGSPbhQqhgB4VvJGCM91XzRaj6KmHCWDNXSjy0uA9Vk6lmhxyO69DqafUCCOyxt0pCNRDdwcrPZHJ0dPYYe/UoDS8N3zkLPv+krZ3OAywkAcLJ1MboX6XDlZZLB3dLblYK92WuUyknJ2UWfY5TYZQ124QG9x3otXgOHChzN23ClQPD24TKlu+wUEr7GV7t8gKO9pIOyl43IKC4AZSpxyaoSyskEEsf8AmrCF5IbvlRJmDOydTPGdyk4w+QpLcWkZyAUeMlpQI3DA3Rmd91Nm4QpSqluiTYKjwy0n1XoPSvUkUzflJ5M4wASV5secqZRVPgO22+yyX6fPR7b6f8/bRNQmz2staQCDseChPYcYysz011CKlvy1U/GNgcrTxku3G47Fcude1n1/SaqGrr3RK6voI6uMxys54PoshXW6S3znLTpPB9V6E9ocBkKrudBHVxGKRvPB9EkuyvJgpW54VpZq2SNvhPOQeFCuFHNQTGORpx2KA1zgNTSQg4ERm62beA+MzUSE58eRjhUNmub34ppj9ir9AdCE42RTRCqYA4cKiroBnjlaabjGOVW1lJ4sfl2cDlUJtryZ0ao3bjlSGyBwGyU0BH1BAbkHc8dk+MsGCyDiSSMqPU0jaqIxuPPBRWvA2T8hNjLBz761NFBGzXHLb5/du/8AmsjXUVTZq5r9wxztiF6BcqUPZ8xGMSN3yO6q7hAy82x7dAE0Y1A905SPOarTOLyg9qrW1VKx4IJxgqeXB7dlirHUzW+q+UqMgO2GVsY9xytdMslUWyktkhkoIJCq6yNwGcK4lbnCiVMQfEWgcrUDqYucdpn3gA8KBVNLhnSrOcaDgBRy0EHZPisnlNXXjMSjmaQ7GMJrVLq4x2UMO3KNRwcayOOCRFyVKadTcAKJFk52UuLbcq3DcjLLKNZ0jehE4Uc78DOBlegRbgH1GV4yyV0ThIwkEL03pW8MulAzUR4kbcO35wsN9TyfRPpTy+6C0tnfo0sJOApDmhzMFRoT9I+6ltOQsslg+i1PIBkYBxjZDrKHW3xYxgjdS9GN09rCeRylGnZkBbKo4ETjuFcsw9oOVST0ropBNGNxuQrGkqA7GpWOrWCQYyOyYY9lLDQ5uwQTtn3VYHg2HBwQlIwHkJw2OU9uJNgFCNfsjFjeMIL4sDKnmB39P7oRaeFCbCqnj1DACprhbQ52sDc+60zqYP3USopSSMhWZrq96MjHMaeXQRjBIVmycSNGy7crcx+Xjyu9lTwTSUsvhvOQp2cyUXX2T6iMPbjHZU1VCYzsFdeO12QByFHqKUTNOyYome6Cmijb59sJlRStLfupU0DoX5xsELWXHSiObdTgz1fbwc7LOXC3mPJAW9qaYOwcdlS11OxwxhFGOTznkNDG7LZh3ROa7SQutzgZV3W28bua1VD43McQQrccHkdRRKqWJDmnHBwtP05fKpgEQnIczgg4OFk39kSmmkheJI3EEIFArSauelnmLPaLP1LK4tjqHj7+q09NWR1AGHDK8YoLsZ4QRs5vKvrV1TLQyASlz2I/jyj3HjfqqEcV2s9TBymuZnAyqS29SUda0Bsu/oTur2ECYZacgpUoNHudNqYaqCnB5QJ0WN8ILmb44U50e2PVR/A3zwqb29jJLPZFMRTDGMcqcYwBhAMe+6i5Eyq3EF8LCd2qjuliiqCXhoytRJAQAQossRLcYRqWDHqdNGyO2R56YKu0TiWLUG547K7oLrS3JppaxrQXDYlWtbbm1UZjeweyy90sNRTnXT5/JPjdg4F2nlp/t7j+ht46aex7pKUeU7hZ0tlgkMcgwQtZauo/DYKO4DJb5dRU25dNQXFnzdIWnUM7LXXd+ziajSRsnmsz9jvE1JOGySExnsStdHV0tYzAcDlYWrtdXRSHLHABEt9xlpJgHk4zut9d2OzBOvb9rNPM19HN4kbiMHOVe2y+RVbBBUY1cZKoYKuCtBY0ZwN90CoppYSJYjx6crZG5CLK8RybGakGfFhJHfZMjqfFHgygbbEEKtsl/EhFLVHBxgE91b1FEJf5sLgDym71IRt+3JVXGxUlRk6cE+yzpjq7RUO8PWGg7HsVqfmpIJvCqwcHYO7I0kMFTHpkY1zSmLJnnUk90FhkS3XGC4xBr9IkAwQe6JUU/hHLQd1U1diqKZ5nopCW5zpBwQpVuvT34pqwA428w3CZjIW/P58BfDbKNLhgqvqWS0rtRblhP6K4lp2j+ZCcjnYrjSJGaCG++QhlHBcqsrJRSR0tYzTIwZWVvFgqba41dI8ujJ3Dey3dbagWeNTjDhuQO6rnPezLJWbdwQkSr3GK2hsx9HXxzkQTtAPGVYeB4RDmOyDwE6+dPR1LDVUDQyVu5DeCqSir5YZflqsuBG3m7INuDnW1MuJqKCqYQ+MByoa+zuiJdE049loIZQdxvlSQGuH0pU61Loy/JKt4MOwzxOw4bDlWDXwVUQjkIyVZ19nZMXSRYBPZUT6WWllIkaQOyRKDQ6NyfTB1Nrc3L4cEeirsaSQdldwVDo99/spUlFQXOPfTFIO+MJbr9jVe499GawM5UiKrkgI0nhEq7ZVUZOWamf1N3UUnO3oiXA+Mlb2W1PdScCY/ZWkUkVQBg4WWPr6KRS1kkRw0qlMRZUl+KNOIJWjMbchda8tPmGCq+iu4GBM7ZWTJKWpb5cEo19xklCS7Q5zWStAOMKJPbmPGxwpToJeY2EhJr3M2e3CJ1ZFwscHlFLNayDkNVfPSGPbHK1WGP2ICE+jjlGSwHKRKo0Q1TX5GUaHsdqA3CkwXCT6ZTsrKptZP90zb1VZPb3tOMYWWyn9G6rWuLTiydFUQy/TIM91IMOwPqs+WuYcjYo9Nc6mDynztHYrO62d7S+U3YhYWhZnuuaR/V+ybBcKWpGD5HehRmlsn07peDrQ1Fc/xYHwz6JpiIG7dvupTYxjhIs9lQ9JEIxhMcwYIUvR6BDLMb+qXNZYqUU+yvfSRPPmb+6jvt8WPIDk+6tfDym+Fp5CNWOAmzSV2eindFVwu8g2ThLOB/MGVaOYXbY2Q5aZrm7s/dNhqZZyjBd4xdxK9tW0HSdsooqJAAWSYAXH0TC7yt/dCNLKfoB/Vaoap+zm26CUX0S2XKZmzjkBSI7jE/knP3Va2nqBnMaTYSORutMNZJcGOek2+i2FRrGWO37IlPXXamkEkRcAOMKpY5zeEQXGrGG54Wr58rkzT06/RrLf1xdKKcSGR2Ry0laul+L9YzSJ42MH+ELy+O5RkDx2tz6oplpZgCJAPbCON0THPQU2flE9qtPxat88zY6qdo1dnBail67sczsCobkr5sAYHYGE500seA17t/dH8yMV3h6p9cH1NB1DaKlupkrCPyRfmKSrOICwkL5ZZe7nSEOgqZBn/ABFWFJ131RSPD4a9wx21cq/lRkn4Sa/22fTOkgaTHj7BA8GF5/mRgrwql+MHVEZHj6HtHKu6P44zDAmo2ZHOG5RK+Bll4vV19YZ6zJQ29zcOpI3fdoUGWxWWb++oIvvpCxtP8bLFK0Cpo52O7kDZWFP8VekZt5/Gbn2VxnB9iZaTWLtFtN0r0zJ/8NEP/CokvQ/Tj/7uJrT7BOj+InREnFSBn1KOzrHpB5wKzGfUolKt9MBV6uPeSvf0FanO/lyFv2JXP/Z9SNGY7hKM+rir2LqHpWYZZc4wfujNuVkn/urrT/8AmRbkRfN0Zt3Qkg+i5Sf+coD+hrido7u8f+IrYiS3fguEZ+zsp2um7VAd+amUCrbUYaTou/N3jvL/AM3OQT0v1RGMR3h//mK35LOzx+q61rHHG5CpsL+RYvR546wdYZx/HHf+YrhsPV7d/wCNuP5lekimpiN2b/dd+WpBv4RKHGfYL1c0+Yr/ALHmLrZ1m0EC7vP/AIihG09dE/8AzxJH/OV6mY6QbeAgn5EEgxH9UUcrjI1anjmK/wCx5mLb1qBh1c4/+IlCdaurnfVXOI+5XqGqgO2goZioucK5JyJ/Jf8ATFHmLrP1Keat2fuUjZuonbGsd+pXpRNENtCDJHRNbqBCHayfyp/8q/7Hnf8AAOoXb/Ou/UpfwO/jmqJ/MrevDR9G4HuobyCMZUaYUdRNmN/g96/FUApSWK6PGHTBamRuD7KPLUx6tJfjCW8sNXzRlZOn7iT/AHoTHWC4d5BhawyQ934/JBkqYuA7KXhjY6mZmP8AZyoP1Y/Vdb000HLwAfur/W7slrJ5wVXIxaiZSNsMbeAEeG1xRHPhtKssj0TdY9P3Rvgjsm+WRxTRAYEQRWsx24XXzwxY8R4CbJcaFo+tWRbp8JHS3gprmNIwoz7/AGyLcyg4UZ/Vtvb9Ij/RDwRaeyXosfDAS0tHcKhqet6VuwdEB/yqqqeuYARh0R/JU2o9sfHRXT6RtNTf6gkHNOwcF58/4gu1Oa2maQO+FGqes62YfyGBo/RLd1a7Zoq8VqLPR6O8tAzqCiTVjIxlxAA915rJ1HdJeZSNscqPPW3CZul9S4g+hSnq60dGj6fuk+T0Sa+UbD9fCgy9T0TOXEFYSP5gkfzHH80dlPI7Gp5P5pEtbjo7NH03Wv8AcRppuq4wDpBeoE/U9VNkMbpVV8q7GAESCn9RhZ56+b4R1aPCaevlIM+7XR+f94wCo5lqZM+NKXZOeVI8AemU10TQcYWSzU2S9nWp0FUPxRHwU/STsnhm/CI1gIWd2t9mr4Yx9ADGRyF0Nz3RyzPdd8MjulysTLVa/QwMJ5XdLR3CcfT1XPAeUp2tGmunPSHAY2C4XADI3T2U7jkY5T2UTgcnZKlaOjp5vpERzzxhLVP+CPKs20LTjU1FZSBpGBhLdo+Ghk+yo8GdxGWYUmOglcPO3ZWhhAwcIuRjCTK7JthoYx7K1tqidguG6lMtlOwbtR9Qj3xldFTn6QChU89miNFcTsVFTNwdCM1rYx5CPZKKjuNUR4FI532VpSdHdQVLRijkZn12UybK6W+K4Mr/ABPZDdUY4GVsrd8Jquo0yXCufHkZLQVoaT4YdO0zR41TM4990DtwbqvG6i31g8pM88hAjIGdlOorLd6/aCAuB74XsVJZrJawG0NGxpaMasblSvEDjswZ+yV8uDZX4Td/us8wt3w7vdY/FS5sDP6iVdUnwso2nNZXvd9nraBxefKU80c8oBGQPVC57mb6fGaWrtZKml6a6ft0YiZTwOx3IySpgjposNpKeMH/AAgBElNro2l1fVRsx2LlV1nVtgpmn5KOaeTOA2NmpEmzV8dNP4osSy4Sf3TDpHJ5Tvlw7AnePfOyz3+0fVdzaYbbbxSsPLnjBQT0xc60+NdrtLGXchj8BQH5OeC0uHUHTdpc4GqZM/gNj8xVU/qa71rHCz2vSx3L5W/5KfT2Hpe2N8aVkU0ntuc+u6l/xMaBHRUelo4AAUJL5J+yiZ09d61wmuFxIa7d0YOB9lZ09v6dtbvGEQdJj8R1YTnx3WufpkaY4+c//MXH0Vupt6t5cf8AmUA/H8jrry5ziykZpCB4VzqjiWUsafdGdd7XTsDYadriOFAq75I4jwmaB/ko0R2qKJTbc2E6pHZ9+U6SejibhpBd9lUVF5GjEs/5KirOoqKM4L8FQy26yuPbNLNWvBJaQG/ZV9RdWNaR4/5YWSrupj+CfbCoK3qN7tvGRnL1HlK4cGyrr7Gw/wB4Tss/X9RR95HLMT3mpmPlJPuo4lllP8zdQ49/k3N/YXFVe2yjyuJKrJJppSCXHBSjY3uE5hY0cbqmsnPnqZzf3DWxk4JajNY0NCCZN0hzglMURTuD68cBdyUwRn0S39eFSgwfmCfknFwHcKO+fRthRZqnZNjHAqVqRNlqWsyAQq6pqi7YboEkj3nk4XWRHnlMijNO5jH6pDlwRI4sEZCOxjQOE4M9ESSEtuXZxrRgDCI6PYOQZJmxbkqtrLy7ZtOMkdlTFu2MeyfU3GOjGH7KoqbvJVNMLJMA8/ZQZWVVVN4k5/LPClw0nGwCNcmedrlwiOyhY8h0mSfup0FLpwG7KTFTYA8vHujN0R7nsjURTWOWMjiDdy1G0hg2UaorI2jEaq5a2d5xq2UFytS4LWprQ3IaeFWvq5pMtLiAmNe527uUgAOO6MTKzcJJdwUsFKkmDyxun3XAwDjupGCcFdDN+eVTiUwAaCcJ4i9kYM3BwkdIbtuVHHBaiMEYXQ3HcJjnhucIJJPb91EinJRJZewDYhRXuc5caD3cntb3Vi3PINoJ5RtGwOF3DeycHAd1CZGJJJrnDHKPaC54C7AHcILiBk5TC8EndMcT6quhMrH6HGYj8KaZsjGExq7gIxbsfTOklcQkkzAIkklwuAVt4IdQnSZ2wmulwcYQ+6RJhxiOLiSmAHKcOU8AYQpZGdHRwupJBsjjhjNSbCDl0hRxaDozobqTr27ss3TVukqp3buwPKxvqSvWfhL/AGWr91f4N56wzarVISY2uyJpm+rR2X1j0z0h050PbhaOm7fHTU7cZOMyPI4LnfiXS0uklLmXB5jyn1Pp9JF16fEp/wDl/wDtPLfhf/Zu6b6Ma2u6lZHdbo3BY7J8KI75wO5O36L2N0hjxjBTpJMDA7oOCTuuxTUqej59qtZdrZ/JdJtiL3SEZ2Ro2DGUxjBjK5LPT0rPEneWt9QtSmujI3xgk6fdAkqY48NiIfKfw42Qv94uILKZrmM/rdtlWFJb4qYAkBzx3Ri2yLFZzWTtrbiS5pG0P4P0V5FiMaWjDQScIQOdgU/UGgkkD7lEESQM8lUHUPVEFsheylcHTn6d1VdQ9XkPdSUB3bkOcsXMH1Ehkke4uO+5VJYGRq3Hzskkku0e5GJJJKBiSSSUIPT0kxAQYkkkgIFJGOUE8n3SBOeSh8pFksEHkchUF/kLIdI75V8SADlY6+1j5akx9hthczVT2wZq0lW+zJUMyXcKRsGhNYBhMkPC5PPbOs1jg6cO2B4RGHw5WyYzp3SjaSnyjTsokLb3EiAyVdaaiTcY234T6p51kZyBsF2jZ4VNqdyQhOAOXHunxWEL7BP+opqc/wCopqvAYkkkkIQkkklCCT0xE0+6oh1vCbkEnBXDwUOLOoZQl4DNBynO2buusAODhcqSC3AKrIDlgjsBklAA7qyaAG49FCpWHUSpY4KJSwDY8idyUFxG+6e7uo0me6IkXyDccuSQ8nUpDPpCWhqfB1MkI04BTnfSfsors7nKqTwiHHcpsY8ya47lEgCQnljB830brrOMLk43ATiQ1iYyhuMlWNkjBqCqtpyStL09TgNEg2cTuT6LPNnQ8dT8t6TNhbmgUrccoz8ADKbTgNY0NaQD6rk5wQsdkss9/TDHASlB1A+qsJnYAGVDpRu0lGqN5TjjChvglFD6ZoMoceylyuGgbKLQtLg45zhGm4wD3Sx0XiOCBI4ukypw+hv2UOJmuTfsVOjGcJbGVywTbUwmoGRlX7wdgqyysHjZxnKsK6Qhnk2yVnn2dqh7KynuhLQ9w91nXuLirG5yyEOGvdVsuHNHZT0Zr5ZZb9OMa6r87c+i08wxPHCOHKn6VgaWGRw3A2OFd07RLWAnfBAHskzlk6WkWIFxC0NkhZ/SQpd4OlsYG2RhNpomuriCNgMqLep3+Ng8A7JcXuZtsxGtsyvVVVJFA5rXADTssO07lxO55Wm60nPhjAxlZeLy4PK1QhweQ8jfuswXlkZhz5Tw0coFxm11YGPdTLU0Gnf7lVswElfuc4KJoyr7oKJcUe0I25VnQBj5mtdg/mq6MARtwNlNtALq+MHcLl62W2B6TQLDSNrTZ8NocMduFV9UzFtMKf1Vw3bCoeqTlo37FedlLcem6jkw9qi8e/MDhnDl60PpH2XmfR1JJWXqSRo2jO69NxhZL2+h3j45Tl+yytjcQ6u6sIAS7B9VEoBinAU1m3CwyfJ14LHRkesnl9XFAOTghcjaaa1ua7ktz+Sr71NJPdi5784fgewUm7yPjoAGnkYWilZZlt4TkZTOXu/5ipdvH81pI7qvDsFxPqVa2wagx4HJXWgsI5G/fItHu0tdIOyoSHT3AOJz5lb1snhwO91VWlpmrzkcnKTZ0aE/uUTb0Q0xxjGNlc0g23VZTDSxg9lbQDDAuTe+Tu6aOI4HyHGMLLdUVBDXALSTkDlYvqao1O0gclZc45Gaj/bwXXRFGPlnVThu44Gy2EEXmbgd1T9L0vy9lhGnBJytBb2l1WzbbKxamW55Lqjsika+CMxUsbQ3kJpafmI9ucqTsGjbgJsA1ztJHC5Fr5NCbwTGgDbCMxCHKKzsslgxhBwurg4XVCx6SYkoQKkkkgIPSTElCCSSSUINSSSUIJJJJQgxRLnVsoaKesedoYnP/QKWVQ9Ty6qeltsZ/mVtUyIHnDeXbf8ALlHFZCOdPUkkFtb45zJKTK8nuTvk+6sNGCRwk2MQxiJvDRj9E8jPdHJFM6nsP89gTF2Bp8TJOVQyHRKxjZDlOwCJnCFIQcYRlMBqd6riSShQkhykkOVCIyfxbqTSfDm+TAZJpiz/AM2y58OYRT9DWaIjimH+ZVf8c6nwfhzcIv8AvnMZ+6uejY/A6WtcBGPDpmBPgZMZtbLlV1az/e7e3HNR/wDulWGQoFYc3S3gdnuP/wBSVJdjkWcmzj9ygvRX8/mhO8xAHKno0ReAE5Pgu99lIZsxo9go0/8AdO+4Upn0N+wQi7JZ4OpiemKBIrbyQXUkf9U4UnRgkcKDeXZrqFg/7zKsXcYTUslz9COHbZWWqpzN1DI3tHGAtKARvlZWhLZrtcqg76X+EFqriAWJySMHus/bHeLfa953w7GVfccrO2Hz1Vxl/qqCFvq7SM9hdl2cjhY+oeJbu/bdamV+khZGF4dW1jzyJCB7Lv8Ajo7ZnN1jzHAV/lndtssz8R6jTY2xN2L3gLTkajk8rD/FCYsp6aMf1Alen0X+6jyXnJ/Ho5M8+06QVGB1HCkO2a7KhjeZv/MvQy/E+Y9tf5PcunWGOyUgI/AFZtUGygfwekGP+GFOGB3XPu7Ppuj5pg/7A5cnCJJtEceiE85kaz1TqpwFO8f4Shj2Nuk0irt2XCdx7yHCfMdj7JlqGKLJ7k/6p8xABJ7Lo0xyeY1L5cjxb4kzGe6NhH1ZVJAwgMjzkjAVl15J/wDXJIB6bKFbAXVceo9167RPFaR8C8/N2a6z/JuaAeDSMGPTb8kaQjw3DjKa0AMwDtgJkjtQI4XYi3g8pNfcX3S8ZdI4/ZBv+p9z0j2AU7peLRRzSgeYDIKrC19XcjrcdQdnKIU+CbVRCOgaO5VNdpPlbZPK4j6D/krm6SAMjpx9XJWS67qDT2J4B5aVnueINjK47ppI83oK8vmm9z/qpM0TXYcQs9QVXh1AceDsVp26XsGD2XClLe8nfnBVLghQ4OqJ24JOFX1DXRSacKyczRUYG2VHr2A4cG7pclkKE+cECTztUOaPbOn91KBwSmyMy07pE45NcHgrwcOwpEbtggTtLTkDZdidxsgi8GjOSUmHhOHCaeFMYBIrtpPzVlTnU0DKgyNJcCAi07sOySqNWmliRY+GDuq6vgLD4gGxKs4htuh1MWsYAQnUshvjwUkbjqwdkaTgYXKmnLHZaEyObGxCo5lkHHsactRItuSuS4IyExhydygmSuWHgkLtJMaaobIeM7oeoNGeVyTzLPjB1NPY65KR6/a6uOpoY54jnLR+S9X6DrXV9tNLK7zNGW59l4H8PrgJ45KB7/MBloXrvw+uLKa4vpJiRq+j2KWfVPC6n5Ixs/Z6HS4c97C3Bbsq66QlzX6Wqzf/AC6nW3bU3ceqHWxZjyG7lAexxuPOb/TNa9krRjUN1TRu0PIIWsvtODE4PG7dwsrNGWnUAoef1Ney1l903VvbUuiLvIWggFaOVvlyViLbUaHslBwQd1u4z4lOyTHKE3aX7o7WV5aQ4hUvU1H4tuJDc891oZG6XbDJUSvg8enc3AOyfTZhgazT74NHzxe6T5Wt09s5VkxpkpQRzp9VK6zo2xSOeW4dq2KrrTVa4vDed2jC62nlk+N+X0uycokXlxx2Wg6PujrVeI5TJpjkIa4dlQPBbI8H1T2uLSHDscrp1yweD11OU4H0lQvLowfwuwVVTOFt6ojmjGGzYaSoXRd4bcLXC10uotaBz3Vl1RRuko2VUTf5sLtWe+FpTyeOlH4pSizXNaX4IGx3RDCQMqP01XMuNqimzl7GhrvXKsDv2TDnSzF4ZBLDuoczN8YwrMsG6izxk8BQNPBVTxgjKzd0pMtcQ3utfNDkfSqavgwwjRn80tmmq3B55W0+lzge6yd9pXNIe1uzSvQrrREZc1qzdZTNmjkaW7kYWaxc8HZ0l+JZZg5eyiy5a4EKwqqeSCVzHjBaSFBkIfthKwd+p71kk0dQeCpb3a27hVETzG8e6s2SB7VRLI4ZHnG4wgvUqXfBUR4wUmYVYJ4zlRoy4PCmOGyiyt8wwEiUWxseixgcTjdTonAAKppHjYFT4zxumwXoRNYZMBykCWlMYMjlP9vRVKrcKdkq5KUSfSVpgIJP2XoPTfU0FREyCZ252GTwV5g4F2CFJpKqSke2Rjtx+65uo059D+nPqKVWFKR7YJA4DZCnZkZws1011KypY2Cd/mGwJWmEmsccrmzrcWfUtLqoauG6LKquo4auMxysBJ4Kx9xoZrdLocMw/hIHC3sjAeyhVlFFVRGKVgIKy2Jh2Vp8mHhkc3JafzWjs1xNRGYJXAvZwe5Cpbha5qGUsDSWH6SoVLVvo6hsoJIHI9kORcJup4N27S4c5QJYwBzyh0NXFVxtkjdseR6KTNHsCFT6ybq5KyOSoqqcYJAVLURO1HZaOZudiOyraumycgK97EX15XBU5OxyiiQ8IdRGWnKC1/r2T4HLnDkmkhwwRsqmohloZzMzeNxzhWLZB6J72NewtcMgp8eDBqKFJdGTv1udUsFfR4y3cgcqd09chXU4jftIwYKPpdTTugf9JPf0VLNFJYroZ2AmCQ6jgcZWqqWDhzp+KzKNZnB37oVQ0FnK7BI2aMSNOQ4AhOdjG5W6Esot8oz1bHpflQSTuCFe3Cm1x6gNwqKXLCRhaE8M87racSbIdU3PHoqx7cOyriRueVBnjBIwExvJ5rURalkFC8cYU1hyMqA3Y7qVFLgAYRwM1i/RKZGXe6sen7pJaLg1jidDzwq+N242T6pokjD49ns3yhtr3IPS6ieluVsO0ey0VQ2ohZKwg5Cnwu1Fed9EdQhw+QnJ1gbZK3kMuXAEcrl3Rwz7d4XycNZQprsstGWghOjIBGR+6bE8aACOU9ww4YKzHo65bkFfG18ZGnfsVBbqheFYMORhNmpwcOwhHqDYakl8QDKMYjtuoUJMZAVg2Vr2jZTISTBFm2M8psA0uwe6O4cIT25IIUHYQbII2Uct52T252ypAjBbxuoHt4IJYUOSIObup/gn0Ud0TskKCpxKaqps8t2+6zN1oCJTI0bLbTQ6gduyq6ujLjnSoc/U0b1hGOZM6F4afVWccokaBjnuhXa1uaDUU443c1V1FXFrxFLtjhFBnHnmuWGT6ukDhnG5CqZYRCSTwrzW17QcqHU03iDACahFqUlwVzXxyDGeFBr6VmC9vflGmikp5TqGx4I4XSdYwSnwOXqKtywUM1OHA5b2VFX0OAXALZT0o5AVfJTNzu0FMayee1+iU6+TEPYWuLTthcAwru6W5jXmWJuM8qqkYWHCCUP0eQtr+OTiw9DOaeXV2cMFWnjaxtsqHfsVPoakj+XIc44KKCwYrF+i2pqmopzqjeRj3W36a66jaxsVacEbZysO3DhgBDewjcNUsj+jq+K83qPHS2xk2j3umqoquFs0Lg5rhkEJ4btzwvFrR1ZcbPIAyVxjH4Scher9OdRUV7pmuZIBJjzNz3WO2J9Z8X5zTeRSUXhk4tQXRj0U6SDG4QHNcOQlvg7/AC+CO5vuo7owe+FOc090F7M43Uyxc68kB0Y7BRZqXxCTjlWjo88obWN4TFw8maemjL8kYu7dPNlkdJG3S70VVSXG62KU4LzH6HcL0Kal8UElvAVBeLQ+ogJY3cFNhYcLV+OcJOdS5HsNvv8ATCWN7WSEbtPqqC8dPyU4L2t/MKK+nr7W7xWFwGeyvrZ1FSXCnFNXANd9OVshazhWUxu4n+RlKaoqKCYOJOAtBSXqGYBsmASplz6aZPHrgIORkH1WUqaGropDqYQAeQtULm+DmXaedctrL6spQ4fMUr+N8BW1l6mdExsNXnLdsrN0V2j0eDNlp4z2UlzBkEYwdwVtrtM7hjg9GjfbrjDhwa4kd1U1dPLRSE0+Sw9ichZ+33WaiIH1ALW0Vxpa+AOc5uSNwVshYkBKC9ECOp8byuGlw/dRbhaGSgzxDD8bgK1rbcC3xafZw32Ve2tdTnRO07bbpjmZbKtywVlFcJ6GbwqjJjO2/ZX0UMVUzXERxyFFqKajuMeGEMf6quaLjZn6oy5zPbcI+0Lhur4b4Lc+JA/RLu31Q6migq25GAeyPSXCC5whsmlr8JSUksJyzOFBjip9FC6CWlkMbmZwqu8WOlusRw1sUw3DwP8ANauXEgAc3zDYqBUU0jDljchVOCaMt1CR5r4tbZKg01bG7DT9WNiFeU1TFURCSJ2Qf2WhqqGnrYzFVQNeD6jcLF3Hp+6WSodJQvc+AnUMdh6JKi0zl6jSZ/Euw0+iFU0cNS3LxuO6g2i9w1MhppnYlHrsrhxc0amFDOCZyZQlS+UUFXaZWHXC0kDthQcOa/BGMe61sEzy7RIQQFHr7RTVjjLCNBPZZ51sZC7dwynhrTpDJQHs9wgVdogrYzLS4bINyEWot81G7Dz5eyZBLLBIHs2/1S3FmmEpLlFJUUk9M7ErCPdR+DkFbQ1dHWN8Orgbh22ccKvr+k8tM9vlDwd9OUDikNjqF/UUDXkA53Raeulgd/LOMIEkUlPIY5WlrgcbriFScehvEzS22/AANqCrEyQVYzE8ZKxZ9fRGgrZodo3EI43P2Z7KE19prhSSZBZgjuE9rcYa4YKrbb1DEWiKpBBG2pXUbqapaHMIOfQpm5TMcqpRYLwWnOMD81DqKBj9yPzVi+nkyPDBx909sYxgjdLnAXCbg+DO1NqicNmb4VRPbJYySG7LavhaeyDJSB3lI5SXWmaIaqSfJhXxFjhkYKM2sngwWlaWqscEmXAb/ZVNRZp2jIbsEqVCOhRr1DpgYbvggTBT2VcEwGkhUlRTOjOCOEGOWSM+UkYSJ0pfidijykumzS7EJha0d+VTNr6lpAc/ZS4K+nk2c/dIlXg6tOthPtksYxgJaRnON1xstO4ZbJldyMZSJxbN8JqXR0RsHZMfECNgioQYSTkqsYDAGEeiCYyDxt91LXNI9Fe5oprJGw7uEIxnnSpeAn6GnsiV7TE2aSNnaK3wsHHC4WN7hTXRf4UMxEdk+Oqa7MNnjlnojeBA7YswkKaMbs2RfDcCmhpG6bHUGSzxqTycLJgPJwmieob+LGEXW5v4f3XA8E/Tunx1Jml479AzU7gTlEE0JILSiNZC762ZRBBRHg4KP+TH2Jl4+aBaxjGFwMbnIxlENKzPlKRt8+Mg5UV8H0Z5aCyIgB2KWr2TPlqpp/ujsmhxGxadvZF8qYr+JZ+gjcNOQB+iO2smbw7hR/FCRlBCdGeBUobe0TWXOduACjNu1SBs4j7FVOvzcJ4ftwmK5ipUws7Lll+rmcVEo+zijN6pu7PprZcf8xVD4g9Fzxm+iv5iR0lT9Glb1jeBzWTf+cqVF19eYR5KuUfdxWRMgA4QTVYyCCq+ckvH1P0bpvxGvIPmq3n/AMSOPiXdQADO79V5344/qcl8xj8TlPnAXjafaPR2/EuvPMrj+aM34mVpGjyfcheZ/Mf4j+iQqR6uRR1GCn4umXo9RHxIrnHd0f6I4+Ita9ukvj/ReSfM/wCJy780eNTv1V/yCv8AhNR60eu6xxz48Q/8KaetqtxyZ4//ACryT5p3/eP/AFXPm3f945X/ACEUvFVM9cf1fUacuq4xn3Ub/at+cuuMQB4XlZqvV71z5hp5LkP8lFf8LqPU3dWsxg3Bh/NBd1jTM4eD7grzHx2+66Kgdi4JbvRf/DKj0WbrqMDAz+qgv67YD3/VYnx87ZKWxwcfsg/kIZHx1Rt/9uxjl2fuor+uqv8A4YI/NZMYPA/Zd45CD+RgdHx1X6NDN1pc3nZ/7qM/qm6uBHjHdU/PZLB9Cqlqn7NNfioy/FE2bqC6yHJqT+qizXe4PGDUP3903wnP4T2UjhjIG6V/KmzTDxLzwiOKmrc45ld/5k57qggZlJBUttvcRsEeO3VBAIZn80uzUz9G6rxUv0VZic7nk+6GKZxdnhXotc39A/VFZQtyNYH6pMtRKSxI31+LUe0UbKbjb8lKjhA4GFdNoKXGXMH6rogpRsIc490p2fs21eNrXJVMpNW4HCkMo99yp4iyP5MK62lqHHaPGVnnNM3V6WMekRG0jGY7ogbG0cj9VMFsqJPworLE9+Mxn9Ur5kao6Oc+kVvl9QkABwrplgJx/LKlxdPOJH8oqndg0V+Kvl1EzgBPYpeC9wwBz2WwZ0wdOfD/AGTh08Q7+6QPUR/qNcPE3R7RjxR1BOdCK2hcdjsVsm2HSB5P3RBZW4x4Q/VIndH+lmmHi2vyRjha3HzCQD2KNHanOxqePyWs/g7R/wAMBD+Wp4ScgbJLuHR0FUezPMtMeOMlO/h4b2wrp9RSRnys/RDJfU4FLSzOP/KglZuHx0tf9CyyobShpxoKI+mAw4BWkNl6hqnfyqUsH+IKypegLpVvAr5Sxp3yDhKlPA+Gitn+MDLOEbeT+6Y2Rj9ogX/YL0Wn+GNoYB4888hP+JXtJ0zaaKFsMVBEQO5bklD8hoj4mybzJYPJ4bfc6sYht07vcN2V1SfD29zxtkmLI9W+nO69Ojp2Qt0xxhgHYDCKwnfCrebavD0x/OTMRQ/C2kDQ6trJi7uGlaWg6SsFExsYoWOLe5G5VuXNbu44Cb83QR+Z1S0Y5VNtnQo02no6Ow0VJS4+XpI2/ZoUgOeR5RhQpOobVDtrc4+wUaXqKZw/930Uzvct2KLJsU4L8EWmmuztwi+A7GZXtb9yqQ1XVVRhzPl4Gns7lMNouVUSbhXlwO+Gnb9EBStk+kXEktqi3qa+DbtqVZU9U2mAllFSzVBHdrdignpy3j6w559SpDKanpWhkMTQBtsEBbc5kRnVF0qD4dHa2wk/ikbhcki6lrcCW6xsjPLWHCnvcMYLUEgDvhQCWY9kAWChZg19U6Z3fUSVIipbTRHXBCCfsh1NTTRbzzgY9Sq6bqC0U7v+0hx9AjM8r61+TLp9fMcNhGgfZDdHJN5ppHYPO6yVZ1xGHGOii4/ETyoE/U11qNhKGtPbChmnrqocI28wtVGzxpSHuHbKhT9XUMLQ2mgJx6FY41dRN5qmXP7IE1wt9P8A3lQAVDNb5JJcM09R1bWzjSw+G32Krn3CSZxdNITn1KydZ1JCx5ZA123DvVVdV1BVVO2MD0yrwYbPKxj7NvPe6WlB/mAke6p6zq9xy2NwznZY+arfJuST+aDnOclW+TnX+UnPouKzqCsnJPiAj2Va+4TSg+Icn1QM+6bgeqLacq3V2TfY10s7nfXsVxsOTk4yn5Hou6vZTBndmOzoiZjK7kNGw4TMn1SRqGQXcdMhCQJ4XEg3fhH8YG9sLqy3dISEH6U3UAN0x1QwA+VHCP7BlaiR4+kcIBqS3OCoktSSdhsmB2cotgt2skOmfJnLkEjfcp8fdPAOQSEcYgSm5dDTEiRnjZdJaG6nbAKDU3empmnLsn2UeIip2KPZPJA5OFV13UEVHL4UTg4/dVtTd561pZHlgPdCgtzZCHycpcm5dGOdzfCGzVVdWymSN3lPIRqemkacuG5UyngbDwAER08DB5uUUYiZPPLOsh2yQieJHBu4jZQ5KubSRDtnhQgyse/MrtinpYAdu3hFpNdMeWHG6gzT1EmznbLrYiMeVFMQwCrAc5SIzA4j7p4jzgkIwiHOEQNAUB2tgBGR2XRGfRGwEsBQm3HYwReqc2MNOU7xPZcMvoEOGHlRHnT3TCWjfUEGaU5GN0LUT3UwKdqJRl5xhBLzwuAEjlLT7qYBc8jUsBJc1D1USEymdSSyFzIRRg2VKxRHZKWrtlM15JGEtJV7cAu1hCRjlBJO6ceFHPJ+6JIVKbl2dLiTklcSSQEGJJ6ShBy4/wCkoaSZgg08obiSE9MyEElkiBkHOU3V7IrgCCUPGMqowy8Brjk4RlFbvwrPpvpe+dWXKO02C3S1lVL9MbO6+o/hb/ZGp6EsuvxFka/Oki3xHIPOdbv07LdTonac/X+Y0vjoZtlz+vZ4D8P/AIP9bfEetFNY7Y5sLceJUy+WJgOcb/kf0X1z8K/7O3SHw5bHc66I3O74BMk7fJGRngHnn9l6jQ0lus1DHbrXbqWjgiGGsp4tDf0XJZS/bPC61GjjTyfOfJ/Ueq8j9ie2H6X/ANx73N3wQPzUVzydiuOcSU3OFvUVg4OMiJJIJPCfgADIwPVCdLGzZzt/RPhpauuYNZxE3huERBrqhxc+OkZ4rgpFHa3vj8a5bvdu1g4aplJDS0UekDS4d/VdfM6Y4A2RJZAcx0bGRt0M2HoiH0yhNHc/5qDcLrBTP8NuXn2VldkuerbTM8SRwwN8eqy12vtRWlzY3FrTslW1ctW/U7IA4CrpA0HOQjGxRFewO3dz6oUsYbjClOgmmI8Nqm09p1DNQ3lQcuD5aSSSXYPaCSSSUDEkkkoQYkkkgIMSTUkBBDlMTxyhuOGlZ7S12DrZxEM7YwsPVSePVySds4WkvlUGU5AO6yzDngLhaux7tqOlpI4WR44KbAxz5E4cFSqGDI16dgdllXPRqlLARlOGt45UecanBjRuFPcQ0cKLTQl9XqO4ym7RaWWyTJhlO2M8kcKM4+6LOdT8Z2CGeFGAkBf9RTU5/wBRTVBrEkkkoEJJJJQgQcph3TxyhnhLmWhPXWAByYwHO6MOVSWSnyFZ9H5FRXkk4Uvhu/oVFefOjawKzyGp3AdlKByo8Qw1GHBQ9AS+4a4gclRanAxhPmJ1cqPITkKeg4oZg6sokfIXABhOZ9QUQ8M76VCl4Up30qFJ9SXaUDkOHKVTDuokoJGyl0hDYBnlKSyMGyEmRKQ6QNsrkh85K7lEy0OjYXnZa/p+Fzo2Bo7grL0bQ5wHcrc2CEMg1Eb4Wa1nofEVZmpFudwg6jJM1uN0YnS3POEGmBkrMgLJLs9jBYJ7GhowF0jA1O7pzMBw912oOwbx3RGqOSRRMLYnPI2KjzSbu+6mRECjIPOFXySbjZRjm8dj6YHO6mAbKNAPLnCmbYCz2cDauy7sceAHEdk64S6XFvIG6Na26aXOOyr6+QGQgb5CyvmWTs/hWkUte3U7OOVXyN4POFYVTi6U54HZQZPNKxjRk5CP0Y7OWa/p2Lwrf42ORwrO0MMlS5x/qGFGt0fh23GMbKzssJc3ON8rNJnY0y4SLiiBNbIe2lVF8mBm47q8oBp8SYjgELJXer/nv+6GvsbrJ7IYMR1LPJNcPCe7LW9lXaSjVr3yVskjzqOo4TW4ONuF0KzxGpszay9om+FSF/oqmmLqi4P24O6s2HFDzjZV9qb/AL9I7sUFjwSLbnFItpnYIa3bAVj02x0twbvwQqup8oyrzo9viVYkIXI1/wCJ63QxzJI2BBD3M/pWc6nkzG/P4WlaZ5GCVkepXeSTB/CV5xvB6OccVsD8MoC988xH1OK3mdMgACzfwxhDLVO7SC4uO/5rUhvnGyy3TxybdJXsqRNp9mhTQQGEk9lDjGA0YRah+ile7PCxZ3M35aRh5Q2S9vDhqw4/5pvUkhZTxtacBdowZbnJIRySo3U8vmjYDwCV0NMjn6mzEGZ2TIA3wVe2ZoEDcnhUL3fzWjnKvaGNzY2jHZb10cml7pphLtKBBvsg9Ox66vVjhCvZJAh9sqf0xD+LHASr3iDNVX3XGrpxghWzfpCpqfd4VpjyhcG2eT0enWFyMq3ho57LCXGR1TcWQ4By7/Va65v0gEHlZS3Rmq6ghjxnzJLWUBe2sJHp1tp/AoooDyGhXVogBq2k4VbG3Aa30GFcWaImoaVh1MftyPSwaSQAAALsLMHVhNHOCpDWj6lxpS9sYuh45RxwggHKMOFnk8sNj0kklY0ekkkoQSSSShBJJJKEGJJJKEEkkkoQYkdkkjsoQY9xdsNlRSRsn6hY5wy6CAOHs8uc3V7HACuzIGgk9lQ9P/73LX3N/wDxahzWH2b5cD82lMrIW3CIDjsuJiYQKjUzdTQ8jcoQ5RozgYAUDFKcYQSSeUaXsgKFDUkklARJw4TU4cK12UzzH+0JN4fQWkcy1kTMfmf+i2lmhEFppIB+GFo/ZYD+0NJqsVnov/ki4Db1wP8A1Xo7G6QBwBwFoXRlrluskOwfVQS0uu9Nk8Me7/5f1U1xGMEqKzzXtmBkMpHH/wCqagZqjHdksHnH5qNG4mfB4RzwgRf3zvbKotCqRiJ2E9v0j7IdRvE4epRG/SPsoQ6kkujlQhS3F2u9UsX+ElWPc+6q6w//AFwMB5ERKsGPA5WiCyFkMfKCfRY2yEvfcJj+KrfhauqlDaaV520scf2WT6a2oJH4/vJnPz+a0wWBbWeCzds0nsAs907u2tf/AFVLsLQznFHM7uB/os900M0Lnf1SPOf/ABFb6I5mZ7ET6w4iJDsbHdZanAAc7G7nEk+q0NxdpgeSdsELOUxBYfuV6TRQ9nK1T+7BJHIWA+KMzHVUEPJIBC3wIyvNPiW4/wAZji50xr0WgjusPH/UktuiZj53YaAO4UWHaojP+II8+D+QUSnP+8R75w8L0NkMI+bRlmSPebSS230zRx4YUppJJCiWsj5Gm/8ApYUtnJK5ty5Pp+i4oiNz/Nag18h+XkJOBpKew5qXe2yDdxpon78oqkHc0oNg7UAKFo45TK7y07yERmGU8TWDA0hR6t2KZ5K6mmXJ5HVTxW2eG9Xu8bqSRzuwQbaP99j+4Sv8gkv07hxqwjWZuqsb7L0+i4ifBPLy36mx/wBzZt1YGVybYbIgAA4QZ+QuxHo85Jcmw6fwy0yP/wACqrbme5yHTwrWib4Fgkfj8CidORjz1JbzsopZFSWSLd3aaoO9sLF/EioxZ9PGW4WtrHukq5NRzg4WF+J8mm1xNzjLgVk1f+2x2hjvvjE8wjOMey1tsl8WBhO2yx7dznhaKzVGcRcYXBgz0+oh9pYVEeJNQQpImzRlh55CnTNyMAKJpwSmmCLw8lDM1zJC1w3GycdlMuMG4kA+6hpUujdCWURZ26hjHZRY/K/Cnyt2UKZhadQbt90prng1QfBMjd5Vws8ucoVLJjYqXjZE0minwyMWjfKDGSH7IzgoztQOT6pTWBkJ7GW0MgLcbZPuiu8wwq+mJyMnZWMb2kAYVHYosUo5ZDqIQ5pOOAql4MTzgLRyxAt4VTWUuTkBBIG+rcsoitcHBCcSOF1owcZTn48PWBuhbyYMYZwOJ2Kd+FMBzhPG4wkWI2VMtumLi6gvELg7SHnBK9mt074LjTzx7FzmrwWIkHI5HBXsXTVw/ilmhlD81EGA499u6S+D3v01rG06ccrk95aS8Rv9WA/sjSDxGABUPSV1/idpYXuy+IaHFX+jUxAfUNI/krTZlrrTEOeHtBGMLJ1dKGRvcDs1ehXSlBYQRkhY2tiDZJGY8p7KZOdr6vvyjORlzPpW4sVSZqBscrsnGyyckAYcYVv0/M5lT4YPlxxnhAI0s3GeDQSNdnBamOZqa4EdlPfHtkt5QAwHt6ooPDOpOG6J5H1tbmvEuIwSN8rAWvDJ3A9tl691dQSB8m2dQOF4/MySirnxPG+SunRZtPl3ntJstcyRXACcuHGOUHG+UWtGaHxRuShM80TH+q7NEtyPmHk6cXs9B+G10ha40Lsh4Or7hetytFVTuiIzqb/ovnbp+vfbrlFOx2PMAfsvf7HWuqKaKR45A/RbUeH8jS6rNyOfD+vjjmqrTK3RKxxI9wtoI9zusBUPFn6rhnjGlk/leccZXojcljSBnIyjwcjVL7k17RH0qPLEDwFPc33QHsyOVBCeeysliH9P7qvrKbU3OMK5fER2UaWPPZUx6eDJV9v1gsxjPusXXUzqWpfE8bhy9MrabJyBx7rLdRWkzx/NMG7diB3SZLJtote5I826ht7S35gDthZGZmkkhelywMnYY3tBHBWKv1uFLKSxp0kpDien0t6S2soTthTKSXbB7KJICCmRynVxhLxyb5YkizeQd1En5CJG8lu6HMDlDJARWGCQ3gEbhETDuktD0CieWyYCtacamgqswAS5SqOpAOk+6pPINkdyLRnKKPrQY3A7hEO6dgxWIOBsMpsmQQQuw8BEIB5CVZDeVXZKqW6Ia21rqOdsh47r0Kz35s0bWk6vdeaub5TujWm5VFDPlr/Lnglc67T8n0f6e87HCjJ8nsLZGyDIOxQ5GjGeVnLXf/mQADsFeRVWtu/BXNu059No1ML4bosBUwiXyuGxGFmbzYCwOqKY57kLXPa1yjTMyMEZWKVWBs4qRhbVcpqOcNycZwQtlTVragDccKhvFkAcaumbgjctUWguYpnBsjXEe3ZDgKmbr7NTPGDwVCmbq5GFLgmZLEHB3KDUN4IVr7TXuU0VNZTDSXAKneCDgjC0kjQ4YPCqayldkysb9wmp+zBfBLojROIO5UtjgVXu5Ron7tB90cJZMMuR1yom1cepow9o2wqeMNuNLPbqgDW0HQTzstDG7cKsu1tkZILhR/hOXNHotlUkjkaqn7sorbLUy0jv4bUjzM+k+oV29mAFSzh9fE2spWfzYDl3rhW1LUiema/GSBgrZXM58k0Dqmfynb8qgrYSH50rSFusFpCgVtLiFxwMrVCRg1dW+LM85pAOygvB3yrUs2OyiPbgnblPT4PJ6ynDyVkjMEnhdhkOeEadmDso7XBrsAKovDObJFjAdTSnsLidPZRYJdOFMa8bHCf+SEPhnYnyUNQysh20Hf7L1bp26x3SkilaRq0jK8rk88LowOVbdLXV9tqG00jvITtvwsd1OeUek+nfKPSajZJ/a+z2GE5G3ClsYHDdVVDUtnp2vac7KxifjA4WCcP0fadLqIWQUosOwYcApekOaAorW91IhyszWDr1vKAywuBy1qUUjmkZHCsWtY5u7VHmh/pb+agbjgfEQ/lJ7ON0OPyeyltGcEKFojNYdQUhrwWjZd7fSmeESScqBZyFaBjGEJ8WBsE9nKLgOCgLIBiGcEYUSppwWq2ljBUdzfUKC51qaMvXU2jLiMBZe5WxkjjPTkZ7gd16TV22CtiMT/LkYyvPblQ1dhrXROJkgdwR6K8nF1un2reyFTzywDw5c/dTmuEozhQzIJCXaRhGhfI04ZjAT4HKwcqKZsrCx7fsqaeKSlk0FuR2K0RcHgZ5UOsp/Hbpwmme2GSnL9QwVCnaQeEabxIZCC36ThdcGytGdirUsnLvq3rBVVdM2eMjG6ztTR+GVrZIiyQtxsq+spGSHU1uCVpgt54ry2n+P70ZkxkHCUeWyAqzmpNxho2USSAtPG6uUMdHnN27snUVRqIY7upjoweFTNd4ZBHZXVIRJG1wPZSMciJ5j0RKiAjgJtJc622TNkpJnsIOdnYU+aHIIxnZVs9M70SraR2k1c9NNTreGj1ro/r6muzW0Na7RM0bFx5Wycxj2hzTsV80h8kEgkY9zCOCCt90f8QZKORlFcZHPjO2XHhYZ1N9H1T6e+rYXNU6zh/s9TLR2KA5vuiW+upLpH4lLKHYGSM7oskeO3CXtPfRnCxZgyGWeyH4aklmOQm6PZVgLCIxjGCo74Qc4GFYFm3CEW4KtPADqUiguNv1DIYCFj7pZHRzmWmBaXb47ZXpb4muBGM5VdW2xkjCC3GdwU1W4OLrvExlmyBjbV1VUW8Ckr4nFgOA7laGaG33yl10zml2M4VNdbG159D645VAyqrrHPmJzgM52OxWmu/k8vqNPKt/eibcenqmmc5zW5H2UeiqXhvhPOdJ4PZa61Xyiu9O3xnNbLjDge6gXXpXxXOqaF4BO+AtkdQc2yh9xK3WSNlIhnkYNLX4VT4s9JIYZwQWnByEdszZMFp/Jba7cmJxafJtbRf2hjYazgbBw3VvLBSV8WAI3tP6hedRVLgMZ5V1bL4+jc0PyW+q0xuBcE+ywqrZPbnieAlzM7j0RWSMnHhvGQR3VpRXOmrxp1DfkFMullPhipoxhw3LQtMbUxE6P+Uz9Vb56V/jUrsjnAOCplr6hfI8UtWzB48ydFUFjxFUnTn1XLhao6iLxYDh43BHdNTyKlVOK3QLCSnimzJA8fZRZYTjBVPSVtZbJw2pyWHZXcNXT1Q1RvGSjygYy3rEivlp8HUB+6E9nAkb/K/EFbSxNHblRnUzidhyo4pklSmYe+9FGeZ1daZBHLnOnjKoqe91tBMaWvaQ5hwQ4L05/wDKx5dlV3bp+2XsapYwyYjGoBIcWuTm6jTKXaKWmqYaqMSR4OQpOot3BxhZm5WS8dLv8VjzJTk7Obnb7qys1/pa4iCchsmO52KXnLOLfRKt5iiyc9s7SySNp+6ra60viZ40WCw9h2Vw+Bjt42kJjS9nlJ27gqSgmZ1dKLwZfScqRS3GWheM5cw8jKtq63Rzt8SFobIPTuqqanw0xzM0n1KzTg2OjJT7J8kdqvDMSxtDj3xgqkuHS08GZKV2tnp3TxTSR+aF+47ZVlSXrwwIqppHbUk7R8XKnoxsuuF2h7SHDkFca72W7qrdbLqwksZqP4hys7X9M1FKS+A62eiji0OjqIv8iqbnfCPFWVNM4Oikc32ygkOiJD2kfdd+pAsh4jYaC39THZlQPzV7T11NVAGN7crBNRIppoXa4pC0hNUv2ZrdOpfib4sJ4SML/TKzVF1NLCWtqBqHqtHR3ihrGjTIGu/xFEsMw20WV+jpjPcIbmjBBHKsNDXDLd8phow/kfZScEZ1Np8lRPb6acHyAZ9lV1NgZu6IA/ktPJSPj5GyEYnAHbCU68mmu+UOjDVdonYdm7BV7qcxHBavQJIQ44LdioVVaaZ4OWYJ9kmypM30a7H5sxXjSwHLHYPupEF2OQJyresskG5a1UtTb8EgDcLO9Pk61HknH8ZFlFcYHfiyUYzg4ws8KaeI+VhH5ooqZYsCTceyVPTs7FHlEvzL1ha/hwRfDwPuqWG4xepBUgV0pAcyUEH9VmlU+jpVa6qzpk50elc0FCbUyjBkGfyRPnYNmk6Sk/FJGqF8Z9D9I9Fzw2+iQljIy12V047kKsNDOGBkib2QhSk5xupYISJwMofkaCVUZdkL5aUf8PZN0Hu3Cn+NvjC4XNPbCONz9i56aC6IOknYhIsaPRSCxpOE19MMZjO6L5s9iXSkCaXDgp3iVDN4ik2nqxncYThqZgkJkbED8a/Q+KrqW/Vg+ykC4tcNMlJCR9lDdKBjLUmPB3R/JJ9A/FF8YLATW543p2tzzpTHUlqfv4j4yf6So22MYCcSD3/ZTfZ+wXpqZflFBHWmjcP92rPN6PTJLLUYHhyRuz6FNPIwiMlc0YDjkd0ausQmXj9LLuOCLJaLmziIEeoUaWmrYvqgOO+yuW1dU0/3mR6KRHdJmABwaR7hEtRYuwX4rSS6bRm9ThkOYQUIvyTstiytpJB/vFvhd76d1IFN0tVxgztMR7jCZ/JfsTLxEZcQl/3MNqHqElvoun+ipf8A4otcUP8A2CtU7i6nujdJ4Duyv+XD2xT8Fc/xkjDbHZd+X9Xcrbu+G7T/AHVwgOfugu+Glz38O4UmOwLlP5df7C/4Fqo9LJjHRBuNxv7pNi1dwFr/AP2aXwZxXUhH3b/0UeX4d9Ss/u4Gzf8A0s5U/l1r2C/EaqL/ANtmaEAPJwuCEHOSFo29BdW5w2zzn7NT2fDbrOU5js05/wDCglrKsdj14fUv/wCmzNNp9XfARG0Yd+ID81qofhb1o46X2iVnuQrKn+DnVxw6SJjM+qzy11a9mivwGos6rZhDRADlC+WPfZeoU/wZvUhHzcsTB7lWcHwTpGYNVdZAfQDj90l+Sh+zZD6U1M+44PHW0xJ3RWQsOF7ND8KemYXDxqud5Hvspf8AsR0bSAamh2Nt90L8lH0b6fo+Xc2keJNp2DfY/miCma9wwvaxbOhYMtNFC4+7U3HRsX9zbYf/ACJL8l/Y0r6SrXc0eNCgPAYTn2UmOy1sm7ID7L11tVYo94bVT/fQk68RRjLLVDjtpZuhl5OXo0V/Temh3P8A7HlcHS92ccto3YUuLpa8drbPn/lXoj73MN2Wef20s2TRe7w7aK21JHu1JfkLWboeC0cFnLZiIej77+G3SfmFMi6Mvjx5qcsWrNz6kccw0kjf+YIra3qp40mKMfdiX/Nt/YyHitL6jIyreh7ySMgBSIfh5WvI8dwH5LSCTqg74hH3YiMl6oO2YB76EMtXa/Zqh4zT+oNlLH8OZcZJyp1P8PoGNBOkE8qwa7qp3M8Y+wSLepCMGoaPslyvtl2zbXo6a/8A6I2PoWnaOGn8kUdG0kZGpo/IIHynUbnf9veM/wCJE/hl7cMuvTftqQ/LZ+zRGqK/GokxdK29vb9lKbYrawbxtHuVWCyXOU+a7O/JyMOnXY890qnHuNeyv5ZexyjJdVonC32WL6pYM+mUySpslOz/ALRCAPsoR6bpXEa5XO+5KKzp22AeaJx+5KjtkHtta+1JEGt6r6fojpdVMyeAFXP6tttW7RR0080h4DWq/PTdjzqdQwnHchSqalsVEdUFPExw7hqU7WxD0183980v8GYE9+mwKeyStz3e1SIrJ1JUYdJDFED7rTSXqlZsHZQpOo4GDLQ7ZXF5Gw0lS/OTZTs6EuVQdc9eGg8hrlPg6Bo42jx3vf66jlJ3VTslrGEnsAg/x2/1ORS0E+D3wpNDfj0seotltTdM2iEBrqVjseynsoLbT40RMYe2yzHhdYVh8lO9gPqOEdvTHVs+DLUNaPTO6XgZBp/7VeDSh9FDvI5jQgz3e1R7mvh+2pQ6boGSVgNwukpceQHFTIeg7BTPHiuMpHOs7IHh9GpS1HtYIj+pLSDhs4d9kM36aUltDRTSDsQOVfR2rpyjGltJRH7p4rqEHw4YmtDdhpbgKJ5LxY+5Gfjl6jqj/Kt2gesiL/CeoakaXzwxA86Xbq9FVO84hacFOEMz+Gko0slqrH5MpGdKFwBqbnO49wHbKS3py3RYyxzz7lWTvBhGqeYR49Sok3UNlpdpblAMf4sq8F4oq5mwsdvomNDRSswOCWhHbFEG6WNaAOMBZWv+JlhpJHMpw+XH4gNis/X/ABZmc0toqVo35LVBU/I6Sr8WeiyR75IQJp44PrcAF5HXfEK/Vp2m8If4e6pau+3iq+qul353UMtnmY9QR7FW9R2ulHnqBnCoarr60xEiN5cQvMPGqZTmaYv/ADXC3Pb9lDFb5W2X48G2qviF4jnNjhcAOCCqefq26VDyI3kA8bqhZJE0+Ypj6yliOdahgs8lOX5yLSWS5VR8SWRzs/4kzwgz/tJwP1VNU3lzcNp3nZQKi4VcuAZNlaMV3kU+mab5y2U7stcCVDqOpdLiKaPGO6zxcXbkrrnNA5TXDJinrZy6J1ZfKyfmQ7+6gGR7zl7iT7lCOSUnAnhDsMstTOXY/WuF4TdB9P3S0lHhCnNy5Yi854S1n0TtAS0BUogOTGMeXImkpoGO6dkDbKcoi3JnElzISyFSghbmmdTkMzNCYZh6JqiDKaiHLgOSEB9QBtgfqo8s7s4QJCXbeqvYLlcSZKs9sIPjukKG1hzwjsjxvhFGOBLtY1OjbqKUj2RNy53Kg1F2jhOI3gFFgB6iC5ky1w2LdxUerulPCwBjsu+6oKi5VM5wH4BTY6Z7vO45JV4yZ56zc8QJFZX1tS0xw8HvlAjppiQZRj81JjbowMo7sYBO6F1tmey5y/JkeOma3cBHDwBjCZlPa4A5RQqyKd6idJkd9LsZTRATgu3TxI0LomH/AMoTlVgVLUrIhEG9k7AzlD8QFLxB6pqrK/kx9hQ1vAC6ThC8c+iXjn0VfGH/ACYDtXsk5CM/sl43+FU4YKWoh+w3ieyZqyff7oXieyHryr2FS1EX0STpx9Q/VDJO4zsg5PqnKfGA7xHfldGy4kgdeBTuOiXHZIy57Ia6rcAHa/Rw7lcyVwDCerjDAMpuQ3JXMlJJHhA5Y9JJJJksBHELxD6IpICCH7nZUiHUkklAxJJLj/pKhAaYuuOChkgclWyDyduUIAruDM4AA/kvb/hd/ZO6/wCufDul5aLHaj5vFqSQ5zTwQ3um10TseEjNqdZp9FD5NRJRR4rBBPVTNp6eCSSR3Aa3K+hvhZ/ZI6hv+i6daS/wyjIDhAQfHcN8HGfLx7r6T+HXwd6B+FsLJ7RaG1Fybsa+ow6QemkdlrTU+IcNHC6dOiUeZHifJfVVlv8Ap6RbV+/f/T9FR0h0R0n8PaEUfS9sjpMDDpRgyyf8zuSrWScyZ2XHHOTnhRXTZ2AXQhBQWEeRtcrp/JZJt/3COdnOSoxdzsk8nkpv2T4xzyxYiQOUyJstTL4cbTt3wrCjtpqWh8zdI5U2V9NSRfyyC7gYG6IqTwAitVNTjxpWhz8bkpfNtJLIQNtsBBL6qp/vCWD2T2RsiaAAoUccyR7tcg590988MDQDvhDnnzsBsFU1tbHH5pDjCPAKWQ1fXSPOInYCqamUAguxkqLWXV0jg2m7IVPBU1DtUxIyoOjEa6pkme6OnBw3YlS6a2ueQ+flTKWmjhaBoGR3UpGWBipmwjy90ZPOwydgoctxj8R0MDS944HqoQ+S0kkl2D3AkkklAxJJJKEGJJJICAkkl32SZy2kOeyFUOA+yK7AGPVVtdIMeGDuVjts/YcI7mZ691Di57VXxHygkI1wl11BHOENvAXEn99jydWtbY4Q6JokeGnZWrIwGAAYwFFt8GR4zxtwFYHhFGOBcpkKrd4bMhdpWAQF5G5OyDUkOlEfKkucYqcNAR4CTwRpCS85TVwuyc4XUtrAQkkklQ0CkkkoQSemJ6hApIxyow3f+aJk+qSAh1oAGyKOUM8J8eS7KnQMngdIMt22UMZMuBucqZVO0Q7HdRKRp8XJKuUsgxXsnNGBhI8Lq4eEsoBMoz+VJmO6jO5RegzqKhIqsYwJ4Uct35Ug8IHJWe0tLKGuAJGUUktY3CFnJCK4eUBXEkk2cBympybjO2VUgoonWwaqlo7L0G2R6acYCxNipy+pBwt/RNDYAMcLNYex8NViG5ile2NvmKdbcGoJPoo1eMuDhsplri8OJ02Mlw/RZ2ekr/LBJbl0objkoz8OqNOeEODc6j2Shbrq9R4VN4RurSySpCWR6eNlA/EplcdMmjCixgE7pbeQ5xzgkwgacI8IMkgYhtGhv35UikHnGNyUmx5GVR5RpIW+FQZbgHCppCXZLjuriscIra098KjnOQMHlIXZ1buMIr6jHjcqFH5q9oHGQVJm/vHHPCZZoTPc9J9QqsltRlT+9I3IcIoGMDdiwZVpYnZZu3uq2WPGn0AwArq0Q6ackDlZJM79cdqRahjY7fK4Dc5K82v0hLn/AHXoN7nfBZtTDgnK8wu1U4Nec5LgiqWWYvJW4hgz8ml0rj6rrQcDCjNPm3dnlWFO3Lmj1XSguDxre6bkTZn+HRe+EKytGHvPOeVyvGKbA7olnYQxwSrTXpYqVq/sOrnkOwtP0S3z7+ix9ZKfGPdbnoWMGlfKW7kcrj+QliB63xsd1yNFU5DHEehWO6iy6nc47ZyFsat4bFusX1S/RAxoHJXmrHwejuX2M1vQMAgtGMcszlXUZy9RemaUwWJjh5S5oRYSQ5ZbTo0rbBRLRgy0IF3kMVukKkQ5wMhQOpJdNvIA5ys67HSajEzFnGqUykc57qo6kcXVZBPDVeWpmKcu/RZi5vdJWSOec7kLoUPByNY1t4K1hPzTG++FrIYw1jcDsstQNdNWgafpOfyWsYQMYK3KRgpWFkqLzKDUAeyuemG4icSs1dHH59wytZYY9NLkbLNqH9uDbolvtyX9M0EhWE2zBvuq+jac5U2Q/wA44PZca1YPQwXoqLvKA0eYbZVR0ZCKnqLWd9PCNfHkeL5j7KT8NKYOkqqhw8w2afRZrHhCZvNyiegMwH/mVe2UfzwSNsKli2wVf2ZuTkc4K5+pm9jN2OS5b9aMzshAEHJCKOFxLG0FJYCjGBsnobURKRB6SSSYNEkkkoQSSSShB6SYkoQemJ6YoQSSSShBiR2SXC4BQhCuVUykoqiqlOlsUZdlRbJG6mtNLG4AOewykemol3+qi9Yyh1tZQ6dXz88dIW/1ayArSNpDQHOyQAOMJ8CmdT0xPVljWfUFLb9IUVjTkHClD6FAjpxjlAPKRJzyuKEGpJJKAjF3suJw4VrspnkPx7l8a6dIW7G01xBP/mjH/VeonheUfGNxn+IXQ9FjIdU+If1avViQRstK6MNPNkwJJzhBpDm+yN/posf/AFQRjucIFCSb1KQOIAxKmbk8E8cqOwnx5CpHfZR4P+If8ZURGPm7DsiDhCmI2KICMKEOpqcmqEZRVW/U7h/TSh3/ANUp5O6gygHqmqz2po//AN5TfRaKwiLeZjBaamb0jd/kqLppubNTv/qBP7qy6vk8Lpqsf/gIUHpweFZaRpG/hgrZDsEmVoxb6nB4jJ/ZUHTZP8NaSQRklXVylxQVm3FO/wDyVF020myQnuV09PHMjLbLAW8SaaN+OcKggb5G4+6uL0cUkm/KqITgD7L0ekjwcrVP7woJyPuvNPiO4PvvIOIxlelN+ofdeVdauLr7UZOcHC7/AI3/AHDxX1RLGlx+2ZibONKh05P8Qjjxy4KZKdwfcKFTn/3vEBzqC9DYso+dR+2aPebTn5Cnz2jAUuLkfdRLTvQwf/SwpTOFz5rk+m6Z/wClH/8Af0NpnfzpSeNRQLyf9zcUVuzXH3Ue8FvycbSM5eEUVjoDUzarZ1p0wRZH4QoN1l/93zEbEAqW0ksaCQcDAVdfMNt8pJ20ldPTPazyGsl/oTf9jwqsmMt1nJ51FWvT7c1g9lRSAi5zvzsXHC0XTAHzZyvTaRcZPhWvlvc5muwAOVHn5H3CLP8AUEOUjAXWiuDgM2Dzo6bdt9TMBDsDAy1ulI+kbo9ZpHS8DfxEhDgApunpXkYKEWuTOTPElQ94OxcVhPio8igiaPVbZmx1HdYP4oy6qaNpCy6v/bZp8d/+JR55Fscq0tchZMCO6qWevqpdM7S8Lz1Z6qxbk0bOFwmj1qNKwsPHK5bJ9MejklSJsEZwtBy5L43hkGoYHxEEZVTg+ivNnZaRyq2qiDHkAJViyNqlggy9io1Q0YClv7qK7PKWo5NcJMjxgteDwrHI0bFQHtOQQjxSAYB7Kf2YUx7wAcYwo7x6BTHjYEdlGkGQlyRUZZ7GRy+G4YU+F2QDyqsswThTaSVgAiccH1VHR0921pMntOQgzwh4wpDWZ4XHs90DXB2MZRQ1UBjlw0YwhhpIwSrWqhDhqxnZVcjCHeiS2YbKdryNxhOxump2cIXz2DD7WdzgErafDe8eFWuo5n4bIMYKxL36BxlHtVeKGuiqGuIw4ZWez0dvxurlpNRGS9n090FXR01wfaZj5J9wvQ2AtdgDYHbdeL2ivDJLfeqd3lOk/wDUL2iCUVFNFUaceI0FB2j7R42/dWkRrmwPmIA2wsXcof5z/ut9PGHRl5GSFj71TvY5z8bFA3g2amvdBtmYq4scBCo3ywztla7GP3U2oGQobm744QTZx3Hbhm9pJxUUzHHBOldMYCrel6kyNdTnfACujGNWPdSEsnYrW+KkZDrGnBpmSAbnIXh1/gxcXPx6r6QvtuFXQPYWgnBIPuvDeqqACN4EeJInHP2XRpZ436i0u5OSM+B4lD4ZUaABrfDPLeybRT5c6I/cJjJfCuBJOxXY0s8HyHzFGXvJIJa7HBXsPw7vnzVvZTySZfGNJXj8zdwRwtZ8P7mKepfFjPB3+66tc8HitfT8tbkewdRUfz9sM8GPGiGrP2Wo6SuQu1igne7MrB4b/XIVFanCpidG7hwxhM6Qqv4Xe6mySHSxxL2/mmuWTys05m20+6G5udiphj9kJ7duFRkksPBXvZlRZIcduVYPG/GEF8YPdQNPD5KmogJHCqpqXlpAIPZaOWIH8OfzUGam3+lAPrs28nlN2ozbrlJC5vkeS5iz9+oRUQFwb2XpnV1n+aovmImfzITnb0WFc1ssJjcN/RJkjtaW/hM8zqISxxYRuFCOxzhafqC3Gml8QDIdss9UR6RsOVmksM9Hp574rI+mlLiAdsKQ8AjIVVHIWP2GysI5QWKhzjgEeUw8IhHdDyEBYJ2+QmxlwfsioekeiXnawksotoHlzRlTGs25VRRVB1Bhdt2VrGcNz6p0ZJmW2OGHh4CchQo53ViRbHuo8gdGNbBv90bSRyU5pHdLnBSBVk6pqUGCt15qaGqa57iGr0C03qGpiadQJPuvO6ym8TdjRspNsuL6QBridisN9H6PZ+E+obapKNrPVWT6mg85T3jV2WUs1/a9wY5+WnsStGyoGM42K5dtOD6ppPIR1UFKI50TcHO4Wavdp0k1NM3c7uaFqgdWeyiVMPiNIB2KxzgbnPdEzNsrnsb4Uj8jsrxr2vaDqCqLlaTCPmKUfTuQEOjryAGuygwVG9x7LWU6dggYacp8crZm5QyzAKIbKe9FbXUwYfEjGxO4UVh0lW0jMg5VZUwuadQG2VOuTFYv0HiIPdGO7S0u2OxUCGXSQCpcbtWCnVvJksgpIrKumfQyCamZjO5A4cPQoVFI2ObU36JD9P8ASfRaCSKOeIxub9vZZyohfTTubuBnZbang5eor+NZRZz+VwwOQh1LPGjLB3XaTVUwHUcubwU6MtwWuW6DRgsjuRn6mF0Li0sVZUsONlqbhT6gXFoKzdS0iRwP2WlM895Cjbkrn47qJJERuAps8eDkBAcMhMXJ5iUJQliQNjiHBT4icZVa/wAjwVJhl4yTsmJ44F2RyuCwZyCnSDz627FCbnGUU7qpwyKg9rPROiry2embBI8amjByVs4XgnIXiNqqH0VWyoY47EZGdiF67Y6+KugEsZ3A3Cw2wwfWPpXyitr+Kb59GgjPlyiwP3xhR4yD+aJpxgrnWRwz6Lp7HLgsmbjPqn6c8oFFK3Oh3plTGszx3QI6MVlckOSI5BaESE4ABR9II3QdGlxKrBMMKWA4SGD2XWnHZdLCeFMF4BnZO+pLn8k3GPdQpDyMoZi1DCK3zZC6AQrZcokTwy3gbKHcrXTXOndBMBn8J7gq1ezIUbwXA8qjPZUrFiR5deLTVWid0bmFzOWn2USiropX+GRpK9SuNthuMBhlAzjY+i8q6r6budlmNRScNOSMchFv2s4Wt0koLdBFgMsz3HKa52oYxwq+13SOpja17sOx39VOzpzstMJ7kcd88MhVdKJTqxvhVMzXQvAIV+ZQdnDZQq+BshJ0jdEZb6srKK1wa8F2d1CmaW52ypBaYnAcrjmtlbp4ynVzOFq9PG2LjJFU5oe4jCBNRhwyjzh0E522UiFweMrYvuPm2rhLS2uElwUj4HMdjTsptv1xHGdipslI1/AQm07o3fSiUDNKzeiWIw9vso9TSgtyBhSacEAAoj27KThuQlPDMzW07o3bN/dRi0DvhaCsptQ2b2VHU0szH7twsk6v0bqbeUy66a6vruna1j/Fc+I4BBPAXs1j6otvUUQ+XkAlAy5hPP2Xzw4DHm7KbarnW2mqZVUkxaWHjPKySrPdeD+prdNNQuf2H0c5hTdOFj+jviJTXl4orgRHNwCdgStsGhx8pWWUdrPqWk11OtjvqeUR3NQXM9lYGPAzhBdGPRQ2p4IWn3TZIw8YypJjPZB0HJUxgGayipqreyR2MLPXOyhz3NdGDnsR/ktm6POFHmgY9uHMBUTwc7VaKGojtZ5TVW+rt8xfTl2kHIx2V/YuqWACmrwWkbavVXlxsgmBcwgH3WMvFklY3xoc5HIxumwtafJ5i7x8tPLalwbK4WCkujBURaS5wyCO6yFdbZrfMW4Ox/ZNsvVFfaQ2nqNT4wee4C3cbKC/UbaiPS9xbuO63Vag59uljbwuGefh5BDkaOpJIBCm3jp+pppXGAZZyqgZadLhgjst0bNxx7KpVycZIuaaulhx4T8LU2bqmRxEE7sjjzLBQyFmO6PHVEb8H1CfGbQCWD1Kqt9HdYdbY26scgLPuNdapDBM10kQPldyQPRVNq6nqrc8Bzy5notpRXG33qLw5Gs1kdxytVd2QHHJUTQ0lyh06hqVLLS1Nrk8QAli0Vw6ffTu8ejeR3whQVYkHgVTGuHG4WuMjNOleiFQ3aKr/lPOlw9e6sWsD/zVfcung8fNUB0Obvgd1Cgr6umkEc7X+6NzTBipx4kWlZS6Wh4bkd1DbCCNlPgqxK0E+YJstKXHxac7n8PuqxkGdW8rZZG7wVEQcw8hwyCsteehIK9xqbN/Km5w04C2rA0jwatgbJ3BUapoKqE+PRaiBucHGFXxezJZpsI85prtebHUCiu8bgwHAc8f6rT088FZEJIyDkdlZ1MdJeIjTXKnY5wyN275WRrunb1YHGa2yfMU+SQz8TUEs9HG1WkXaRfiNzTlu/smzxQVjBHK0Zx3Cq7R1NHI/wACtYY3jYhwxurtxim4bgncEIHDJy5Kyt4wZyrtdVSHXEPFZ7cqL4TKhu31dweQtU1/huw7ce6j1drpawGSE+FJztslusKF3/OZhtVUUDw0g4zyrikuccrAHOBzzlAqY3QEQ1cQcw7asKFJQ4/mUz8DkDOyW48DWlLlFxVUVFcI9EkLDn2wVn67pmrgJfQgyMG5aTwpNFcpYZRFUAtB2BKv4ZdbA/kEZ5S9iLjbKBgnQvZtIMH7Jugf1Le1NBQ1UZjfCMnus5cel6qIOkov5jOSM7hA6zTVqYy4ZTnB5SDtPfH2QpopYSPFGnUMhDBQ8o2RcZouKe+XCmYI2TOc3tk8K/tvU7HNEdQRkc+6xjXNI3Thlv4kSsEWaWEz0qC4U9WBoeD7ZUnwGygYK8yhqp6d2uKZzT91bUPV89O5rZwSPUI96wYbNFJfibGW2vJ1MCjy07m41NOyHQ9V0c4GXFpKtYK6mqCNJaSfVVhSMU4Trf3IpnUkcnlOyg1FgY/eLcrWS0EUw1sw13qFCmppod8ZA7hU6yoXSi+DG1VlqY84ZkDsq2Shxnxoce63hlaTiRmO2cJjqaKUY0M374SZRN1esf8AUecyUQydLeFEc18J8pXolRZ43Enw2j8lWy9OxzZBDRj2SnUjXVroJmObcKxmxkz6ZCmRXWncwCogAPqFY1HS72vOloxjYhQJbFVR8JU6F6OnV5FS6YSKekmdiGYg+jtlJMDgCWOLsehVBLR1ETiDE4Y7rkVVU0z9TJnAjsSkOg6FXkpF7407CG+GXBI1wYcSRke6rY79Wt2fpcPsjx3mnm8lVAAD3ASZaZ9o21+S/ZPE0Tm5Dxuml7X7BwUQfJPcfCnLQeyXysoHiQzZSpaeZqh5CEu2TMHYp7i7bdQNVXF5nNyPRdjrnBxEjTj7K1S0hy1Nb9ksPOcp5cDyFGFfAU4TwEAiQZQ455HKxMkfynDDm4TTHCBsULW3sUi/0KvBGx5Zulg+qF4jyfMQQu61MuAveExnulv6pviBLxGpieQPkQTUuh5HCb4gXfFb6fuoFkIJnHZNPm3cMoeQu6vdQJpSOg4KM2vrYMGnmLMKPkJviH0VNFxzHouaDq270b8vcyVo/C4LR0fxHpj/APPK1YZwXwjcLBak5rhgjPKTKH6Nen1l2nWEz2yz9adCSNDnSg//AE2LBB+y1lvulrqDqtM9BgjYteDn/ovmphaMjKYJJIzmOV7D6tOFnlRjnJ1tP9QWV8TimfU5kuLhj5ZoH+GRg/1XddUzzOiOR7/+q+Y6O/3+g/7LeKtvsJCtPa/jB1pRMEfzIkA2/mRY2++d1lnBpnTp89RP81g9vmuNWMNJxj/G7/qgOraqT/4iT9V5nT/HO9AYrbTSVB9cYP8Akrij+Odmw35yzOjePqaxoOEpps31+U0s+FLBsDLUO+qZ5+5QJaV0o8z3b+6q4fjD0DUlrp46qFxG48Lb/NWEXxB6BnAxcmMz/WcJLWDWtRp7P6kMdRMdkOccHYpjrJSSY1NyFOj6o6Hn+i+UoJ486eytss5zSXemlHo12VS4DUtK/aK3/Z+2YyacErgtFE07QDZXQML8eG9rs+nCb4cThs9o/NXhsaqaXykVjbbRDYQN/RdZbqeNxkaBkqf8vncfsmeA8H6SphjY1xXSAeGBw0BdDccBSPDdj6T+i4W4HCofGtdpEfHom4KNjfGCnANHZQLCI6aRhTEiDjgqFxyQ/MEtLjwMlGMe5w37LnhzN83g7fdQby0C8Ob/ALvZcEZPDN1IMkoGGxE/mhePVsOWQYUF5aYhSz48sYTfkq4nGrb7IgqbjwIiPyRBLce7ThQYnkG211RG5H5FNNlmdzLJ9g5SfEqQPM85Qg6oJ+shQnHsYOnwT5pJcHnzojemLad5ZZcd/MnDxu8pH5ogg8QYdLj/AMSBovFa9HG9OdOx4c58pI9XbIopbFDjTE049UMw0sfmkqQPuUM3Kyw7S19ICPzKtLAGYJ9pEtklgi3+VZkejVIjvlIwaYaMbcYVK/qjpmn2dXQOI/pCgz/ETpqlyfK/00hRrJb1NNXO9GrN9nA/lU7mj123QxX3KX+7aDlYOr+MVuiOmkt75Pu1VdR8XLu7eio4Ih7jJKtJozT8tRX3LP8Ag9Qkhu07fNsPbZDlpJIowJ6hoHJ34Xj1V8TeqKzy/NCL/k2VLU9Q3euaWVddK9pOcFyvgyWeepX4rJ7hLWdO0hxXXSAHnBduqau+JXTFA8w00T5w3uGgArxwyA8uJXNbDycodpks81KX4LB6ZW/GOOEf+6LYGyHbVIcj9MKmq/id1PUY01DIs/0DCxWG5BBTnzADA3U2syT8nfPtltV3+9VkviVFxlc3+nUoTpnSHL3E59SoZqQEOSs4I2U2sxWa5y/ORN3PZcVa6vl3Aco5rpzycoowyZnrYZLgyMby4ITqmBv41WmpeRgoZcM8pmwGWufos3XAD+6IUZ1wmOQVE1lLV7KfGIlq5yDGskPKYZsjBCEkpsFyucuxJJJK1HADlkSaGklOXRwUwjlgbgLqY5wyua2+qii2BkLkeiZr9k3x24QjMO26JRFO6KDpKOZwDuE01A9EaiLnfFcIk+J7IfiHG4Uf5gjhoQzOXDBCiQmVoc1BG2EMzk8hAJJOVwysHJRqIiV2Ow+srhfnYuCiurIRkZ3Ud1RISdKYo4ET1lce2WJGUx8kcf1EKudLVSHd2Ak2F7z53k5VqLZls10f6SRJc4IxgblRzdZJgRG7ZObSU+fM3JXfCgiP8tiJwM0tW5cMjAVMzsukO6TaGI4MoyVJEoaNmhDLvFPphEq8i53J85Htp6Rg3GD2S1MAw1u3ZMPukjjDAmd79HSd8paiuJJ3xpi3fJiXclcSU+NASscjuSkCT3TklahgFybEAcJml3qiiJ2eMIngj0R4JuZGTzuieGnmLG5CEEi6DnKfo9kTRhO0+6rBeAOj2S0eyJp913w/dRvBE8AdPulp90Ysx3XCMd1WC8sAkiEFcS5MmWMTUVMyhCGpJJIwhJiemKEHrh4XUktrKwGCcXb7bJrUYgcoB25VRjggkk0t91w77IgxxIHdND89kMtLjtlem/Dz+z18RPiK6KW1W5sFHLuKqc6WBOronY8IRfqqNLHffJJHmcrST5RleqfDT+zf198R2x1bKD+H2041VtX5Y8f4f6jtx9vVfVHw8/sw/Dn4cRQXjqepiutyaNmVDv5AI5w08nhekVHUgdD/AA+w2+PwWbatGMenA37rpVaBdyPHeQ+rM5ho1/1f/sYf4ef2e/hl8MYY6l1LHc7qxv8A2qVvkaf8LTn9fZb6ou75T4dG4FR47RVTtE1zkIzuGg8BElqbdbYzHTNGTgHHdb6qlWsJHi9RqbtTPfdJtnGMqn5dPwgyT0tMMd/uoc9zqKh+mN2AuRUYm/mzHjuU3CE5HyTSSn+WcBcjyzzP/MppqGtcYKWB0zv8IVtR2yfSH14bpduGeimETJBip5KqQNiYdJ7q1joaakiMkxGodlyWqjhcYaRpGkd1HLZ6h2SSrKOy1cpGmIYCGGOcQ53KL5Y9nDhMkqGN4AU7JjIQsDWHB4Crqmr0A6uAoVxvfh6mxu4255Kz1TcKiqGlzyAUxQyGoFnX3dxOIXbqnkdV1j8PzhGpqGWZ+23ckq3pqMR7gYRfiFjayBSW4uw57dwrOGLSAMIoY1m52AQ562nYAIxqd6BQgQsDRvsos1xhjf4TA57zxpGUIQ1le8uc4sb2HqptLSwwADTl3qVCEeOGtq3ASHw2hS46KKDGgDPrhSGjHHZdyFCHxwkkkuwe2UsiSTklAt41JJJQgxJJJJICThyU0brpPlJSbmGAqJtODwqWukx4k/oFYVsmNlS3N/8Auzvdcu+WTTp1llK8mWYvI5T2gkJQgHn0R6UB07YyOVhS5ydCTxHBZUkLmwta4dk+V2gbEI7sRtG3ZV9WcbgozNjLG08LXz6nDPdcqn5fpB4RqRp8AO4O+6hvOXk+6g+HIwcpyYnoZDRJJJICxiYnpihBJJJKEGoqSegLbyCHKkwjLQow5UqAZaMKCZdgK7JYAClTR4wfZMlDnzYduOykRHDR5UITWEFXHEAbrqFLg43UBATHzILe6JIcIYOFYbDpJJj+6jeAgb+EMLsvKCAcHdZpvLGYCD6tkR/0hCg3dujSDICKK4KlLANNzggpwOU1pOvTjdVLgOLzyaTptgdO1bYN0tAWc6XpoxE2Qt3K0bjhZbJZPoHjq9tEX+0R6gufKW9grKFrYqNp9QoLWiSUkjlT5SG0wjOxCzw7OvCOOQkTQIMjkp1Js/OOEwv0QAdyEShJLC8t77IbDXBDaqYOqHDHZNhAdI0FBnbqmLs8p8AIeMlAGTZ9oThS7W3VO3PsoVS7DfDPdWdhYXzgkeiRb+OTVpY7rUizur/5Hg5HCpKggADI4U+8P/3jSDsqaoJ23SoG26alMjyeZznZ7KZ0vE11yzjKrqmXw2fdaPo6ljELpy3LyeVLBdMd9qRoqhh2wFo7ZEPlhkYWefuRv3C09uy2BvKxTPQVrBX9WzeDaWxYwQTleY3Ut8IHI3W+66qhgwdydl5tdQ/whv6p1K5OD5S7loqBnWAFZ0YIkZn0KraYZnblW7AAQcLox6PK1vczlbISAzCk2/yxF2OchRKk4e3IUrUYaPW1Zr5YR1NEtsssr3nVO8kr0rodobb847LzHB1l/wDUV6n0W3Tb+Oy4GvszE9b4r8yyuYHht+6xvUwyYR/jH+a1lycXNaAO6ynUWXVtGwc6xlcBvKPR35UeD0e2N8OxQgDHlTKcebOFJgAba4wNhoGEGkGXYwkW9G+EcxRYRjS0BVPVbw2gx65Vq4E6RnCzvVsjnSRxg4BO6zw4YVizHBDpsx2vxBtpYsXX5Ic8fiK29aI6azAZ3kGAFiboNEbey6NPRxtZBqOWO6fg8WoeecAYK0Lh4TS47AKq6TjHhySkZAGCcq5qcfKSuzvhaxdUEqssycrnS1Rc45Jd/qtzZhppmjHosJb/AObOQR9Llv7cNMDG4wUjULgd4/luZc0oGEeb+ooVIOEWocPBPquRb2eipW4xvUNQW+LgLS/DWPFoknLcF78ZWS6g38T3W+6Fh8Hp2JuMZdlZLvwMqWdRk0UX1NC0vT7c6yewWdiHBC1tnY1tHra3BPK5OofGDcnkm6QMY7Lq43OBlPaCDwubN5HD2hPXGnbhdS0CPSSSVjRJJJKEEkkkoQSSSShBJJJKEHEjHKGeUsn1TFTeCHChknKIeEPODlCUyivJbNe7NQk4cZpKlvsY2/8A+wV4ABvkKggLKvryTU4Pgt9AD7h0zsHH/kV80YJGcrVArPAM7J6YnqwgrQNk48JreE0k55UCwI8oKKhKFj0kklABi72XE78KuPZTPHfiYBP8W+jIiPoPiH2Gr/8A1XqLCTnK8t66/wB5+OfTsQ4ZRfof5i9QHBHqtK65MVC/1LP8/wD2OjBI3UW2OD66um50PEY/8oP+qPg+qi2RpDrg496p+P8Awta3/QpUzYiwHKDH9Mv/ADlFPBPsgs4Puoi0MncdBPdFa5waN0CcgHc7IrfpChYdJJIcqAlO7S7qCueN8QwDP/nypjPqCrKbJulxOdwWj/JWce5C0Vhmf69k0dMzgfjIb+pStkQjttM0dom/5IfxEJbZ6aP/ALyqYCPbIUinP8iPGwDQMfkttfYDWSLeX6LTXSekDgq3p7As0H/KpfUUhFirCBywhRLC3/3NT7/hC7GkWeTDc/uwRb7tTEBVcXDfsrDqA4gcFW0TsytGOQvRaaOEmcnUTxMIzZwB9V5V1kR/HajfuvUAT4nPcLynrJ2b7UYP4l2vHf7h4v6qlt00f8lBUfUFAoyf49C0/wBQU+cgvCr6TbqOL7heil0fPN2LIr9s97tBP8Oj9mBS2fSoVn3trD20hS2kFpBHCxWrDPpum/2Yij2afuoF9kLG07OxeFZRDLQVVdQ80v8A9OaEVYGr/wBlkoANAzsqbq1+iyzkHfSVczjDm4We60OLLMM/hK6OnXKZ47yDxpZ/4PEm4kke/uSr/pdv++Hf0WaY7c49Vp+kGOkrHHG2F6bScI+Gal5jI1dSRqAzuo0pILd+4T604qQM+ybNtp9yAuqujhtZNjWkizUze23+SFc3+D09p41lFqQTbKdnfA/yUbqgmK208A2yAgk8ApYRn2bDf0Xn/wAUfpa0ey38jgGtxtkLz74kfzJ2MB5wseslitmjx6xqUzAx8Y9gpERw7KC5pYdm8p7Hb8LgdHrXyXtpqf5oDtgr2duWeXuslSzeGQVq6N/j0zRnf1TlLBy9VFqWSJggkFBqYi5pcBupcrC2UjGy4dLhjhX2DB4WTPuaQTtjdBcwAZByp9dCWF2Gqt3yclAjbVysjXHUeOExnlcCi+H7proiSMbpclkMkCQPbghAc3AJXQC0BEDcjIQNZKXZGIOChB2HZIzgqU8Zzt2UbBB4QfiNhLDLuil8SMOcd1IIyqWkqtBAOwV3C9r2jBVN5O1pb3JbZEWRgIwd1V1lNjfCvnxj0UOoiyMhqzzRptju6KFzS0kYQ3PJcBjCnzQgHhRXx6eyHJldTTBHeMkqPl2dkbjIKHgJFoxZXK9HrfQV7E9mdRyu1OjGW57L3Hoi8vrrS2CQ6nQbfl2Xy10RcpKW4eC3Ba7kL3ToO4SwXMRxnMco3B90DWT6n9NeQd0I7/8AB6wHeI0gjZUt7pg+EkDjKtKadrz4YCZWRGTXHp/NJaPeyh8kMHnsrCDhwwo00WCMD3VvcYdM5DW7D3UAgEFU45ONOrEnFh7DWGjrGknDX7La6dW47rzyQFrg4HBC3lsndU2+F78atIBPqqzg16d/btDuYJGlhHIXj/XNqfS1UutmQ4k/kvZIgARnhY74kUDZYPmHDbTstNdmDD5bS/LS0fPLwyCudjjKDV5inEwGQrO90vhzmVrcAqpqg6SIYGSN11dLafHPLaR/dFlkT4tM2VhyCN06zVb6Sujla/SM4KiWOcTB9M/0yAkSYKotxjdduqW4+fXV53Vs+gekbuKiCM6twACr2/UhpqimvlOMOYQH47heWdD3nAZGXcbL2alMV4tToHDVli0o8hrKfgltNPa6qO4ULKuLdrguv3G4Wb6GrXU/zFlqHHxIXExg/wBC1L2jGyvByrIvcQ3N3OyC5pJUotGeEzACgJDki9d1GkhGk52Vk5gQXRZ4UGRngpailyS3Gx2XmnU1pNvrXAM0h2+ey9blizuG5/NZ7qizfxG3SeXzMBI9UtrJt0122XJ49d6IVVI4EDPIWHrKR8TvDe3BC9GdGQXROB9N1mL9RljtYGyTZXjo9JpNRykjGVEYYeMLsL3DCl10BJzjb7quJMTsYWdrB28qaLHILcqIc5O6LBJlvCbIwoWVjA1CecNRUMjIwlSGDIZiyYE8LQQPbIwODhuFni1urJOFPpZ9OG9lIMXdHJcRkbqQ3bdQ4DkjdTGO24TjE+B2nWMAcIY1McCpAGNgmPYCoLxk6NMgAPKE6kznAwhuc6J7SOFZQOa9oKpxTJJuHMQdJqhP04K0VquxyGzPz7KnfFtsEKOJ7XZxnCy2aXPR3PF/UV+iaUpcG/pq1krRpcCEZ7g9uVjaC6Op/qycdlpqKshqomvjfn1GeFyb9M0z694vy9GvpU4vk7K0OyD3VLX27QdcDfuryaMu47KOTjkLI6zpznmPBSRTviOlw37qWyUSNz6p1fQh2ZYRh3cKrHjwP3JwEGORKsnF4ZPkIac55UWqGRjHK6yoa/k7p0gDhscq3HAbtTRWOaWuUmB3AXJmAZKjNeWu3VxeBEmWzXYA3ylPSw1sOh4wex7gqJFODgFS4ng43wtMZCra96wU2ipt9QWHOn9iESR2S2oiODnzBW1XTiVmSFVviMTiNOQQtFc8nOspwGOKhn5Kgudvk800Yz6j2V3A4Z0nunT0hlbpDsZ7rXCeDn6miM44aMVJHkYPoobo8ZCt7pSyU8py3GDhVkxIGMLVGfB4/W6VxnkiSsJK5FJh+w4Ti86sEIcgwQVN/Jy5L0WUMuRwpAdkbqspJ/OGH9VOOHYwVojJTRmlFxZIacfktR0PfnUtf8rM/wDlvGBkrKNRIZfAcHDn1We2G7g6fjNZLSXKxHu8E5dggbKdEPEGFiekL589S6DJqLMfdbGB42XNtqPunitZHU0q2PTJAzFI0nsrWB7ZGAFwVaWF7fcLtNM6KRrTwVnawegpsbLMswuGMu4RmEPAIPCfgtUbNiXBEPlP3UloGjOQUN8OrfPC5ESDjPCmclKOTjm4Oy5pz2UkNHokQMIXPBHHACPc4PdHIGBhCdHuMIsfAzuhzkHDGeHlCfHtwpmn2Qy1QppMgGM5yotwt8FxpzBO0HbYqzfFncILwWqmJnDPB4v1V0rV2aqdVUbDozlzRwfcIVpurKlgikPnGy9lqrfTXCB8U7BgjnC8i6z6MrenpjdLePEhc46g3srjZtZ5rXaF0N2VrOQr28FDkYC3lVdrvAmAbM7n9QVayDYOG/otMLNxy3h8MrKynyctCgDLSVcSguGC3Cr54N8gJieDm6mrDyiFWU7Z2Egb8qDTyFsgZ6bK0wBkFQK6na14miHOxC10zTPDef0MrIb4+idFhwzkLr4m4BUGlmIwOVPY8uHC2Lo8VyuAeggcIgcM8hI7g7dlHw7KLBQWZjS1VtVB4nlKsYzsQd0KaIHgfuhcMjIT2merKKRjdcY45CgGTSMY3Wle3J4wqqvt5OZom59Qss6f0b6riujmlikEkby1zeCDheldG/FGSkLKe8hz2gBokG+3uvNHgsxtynMfjGQsFlWWd/xnmLfHWqdfX6PqWkrae5U0dXRyCSN7dQLTldc33Xz50z1jdemptdHUSeGSNTCct/Re09N9a2fqKJuJ2wz6RqZnk98JEoYPq3jPqDT+RSiniX6LcRgjdBfF6BTnQ6RkcFCc33Qco9Iv2QHRj0QXMA3wrBzfdR3s91Oy3FPkgSxtI04VZXW+KRhDxzvkK8dEewUZ8DieMqjNbTGfZiLl07C/O2Ce4CzkdTdunaktie4xg5GOCF6lLTA76QcKmuFmhnJJaMHsQjjNxPNeQ8fLdvrO2i/W+80zPGe1kpGHA+qi3npTW51RTdxnAWUudkrqGoMlGXBoORhXth67dTtZQXiJ3lw0SFbK9Q4nHthFrZcikdTSwkiVuCEwjHdej3Cz0F0hEkbG5c0OBbzgrE3ix1NvediWjg+y2Q1CkjnX+PnU+OUV7S4EHUptJc6mkLTG87e6r290QuA5WmFjRi+Np4NxZesHSYiqjqA/q5V1LaYriPmqKQN1DOO2V5cxxDgWnBCvrX1FW0WC2U4HbK1QvxwwZQNOypmo3mCYEFqJLHRV7cSMaHHuEqW4W69RNdLhk2ME+6ZVW6WnHiRuJb2IWmNu4CUcECqt1RQHxad5cz05wu09bK3HGVIgrZqd2JG6m9xypAit1WdWgNc7nGycmgFXkI0Udyi84AeBz3CqvGrLXVGKq80R+l+Nse6kuoKqjkM0DtbfQcqTDcYZW+BVxA52IcMpqki3TJdoivgt9wGpmlrz+Jqr5oa2hkLJ8Sw8A4zspdXajRO+etjtTOXsyiUlxjqR4Mo852DHcFU0mZLdPGS+5GPvPSlPcHOqaNwY93YFUnzF2sOIKyJ0kYOzxzhenTWdhOuA+G/ktPBVXWUzKhvgV1MMcZIyEDgcfVaJS6M/Q3ClrmjQ8Z7juFJdG8eZpyq66dJz0Mja60PJGcuaPRR6S/Ohf4VdG5vbIVNHBv0sq3wi3OiUaJmNcD6hQKmzvg/n0Tg5p5YSrJvhzsEkbgQ4ZBBXQZIjkHIQSgKTnAzsrIKwmCaExytHB2z9lDkbcbY/XE9z4yc6XLUTUlJWtzO0sl7SNVfUUtypMl7W1UHsN0qdQULM9kajvtNORHLmJ/cOVvDMdsA4P7rP1FBRV4zE7w5B2OxBURtTe7Q7zHx4R2O6Wsx7HbIzWUaWrttHVxGOana5riTuNwT6LNXHpOSLVJRP1N50nkK2oOoqSqwyQmN/o5WscgJBxkFC0plqydL4PNZI5YJCyVpa4eoSMpYM45XpFXaqC4M0zwNyfxAYKoLl0bK1pkoZA4DfSUv4maatbGXEjJ/MbHZNDtWdlIqrdVUzi2aJzSPUKOBhLcGjZCUZ9MJE90ZDmk7Kwouoamkdkeb81WjblLT7qKT9gzpjPiSNtQ9bQua0SOLT3C1FJc6WtjGiZjiRxleQ6e6fHV1NI8SQTOaR6FErcMxXePjLmJ7G+np526XMbhV1VapQNVO/8liqbre4QxiOVocR3WktPWdHVAMqCGO75Uc02c+zS20voM+OpphmXj1XGTU7vKXbq5jlpatuWOZID25Qai0Ukp1hulHtUuhbbj2iv0McNTQCCgywsO5YD+SNJbKqny+mn1D+lyAX1cXmng8vtuqdf7DgwDqKKTGY2fmFAqulqGd/iFoaTyAFbsqonHTpx90QnKX8Q5aqcXwzGVHR8rZT4LgWnhVNV0/cGSFnhk47gL0jnukQ3uB+iB1ZNMNfZA8ndR1ULy1zHZCc2omiOdTs+mV6bLaqKclz4mgnnZV1R0zRS50taD9lWw2V+QX9RimXicN0kZx6lPFxLiNQzhX9V0Z+Jn+SqanpiuBxGMgeyW60a4auuXsjuqopB2B9gm6gDklBmtFdTHzgoY+ZaQJWnCH4ofo0x1c/6JE0VTh2RPm3dwq4TuA+lEbUEn6QlOmA5au5dsnCpcd8BOE+eQFFEoxwuCRp7lLlp/0HHXTXZO8b3/dISf4goefdLJQqvA1a2MiZ47jwEjM4bkfuo2pIu24VYKesfphzVkc4XRXRcEkfkoTn4OMLmrPYK1EU9fNdFkK2Ej6075mB2wduqvSR3TNLvVC0SPkrEW3is/C4YXfEadtQVQTIPxFLXJ2JQ7BsfJTfZcZP9S4JHc4wqsTTjcPwEvmqkHOUMoD15OPTRZePONgdvsnNqJXfUVXtrJjsXfsniqB2KRKncPr8jV7JzanHKIyaI7a91WiaI/jC6XxkHD/2SZ6fA+vyFaeS0aY3n6hhSRSU8gGWqh8ZzT5XFJtZURnIdlZp6WT6NsPJ0r8jQi3QY1BoTm0chI0y6R2GOFSMvFSMDCmwXwt0+K7CV/GnHs30a7TT9ltHTVzBmOue38ypLKm/RnLLrL/5yolLe6WXDHOAPqrBssbwHNe0g+6r42jqU3Vz6sf/AHCxX3qqDHh3eTb1dlS4+sOsIxvcg7Cg7HuujA7odpqU5/0zf/csYuuur2O3qmEKa34h9SNALvAJ7+VUnhZ7fsnOhzgYx+SqUGw426hdTZef+0jqAbGOD/yro+I167wQ/oqL5I43S+TwUPxMar9V6kX/AP7Rb1/3EGfsl/7SOoONMAH2VEKPbhI0anxMNanW+mX/AP7RLxpyfD1dxpS/9od2xuB+ioBREkJ8lDgDGyirZP5Wt/Zd/wDtBufo39Ev/aDdOxA/JUHyZ7nC78kfVXKBf8nWv2XrviDeQMMkH6IDuveoDnFSB+SqDRP9QFw0Z41hCqm+iv5WtXssj111ATj5of8AlQndb9QH/wCJH6BQv4a/Vu/n2Xf4bhuS8foiVLFPUa32w7+rr5J9VUQo8nUd6lGDWPx9000gBxgFDfFGz6sIviygJ33L85DJLrdJDk10v/mKhukne4udM4k8nJRZKikacGQAqPJW0zBlsmo+gV/EZp6pf1SGnVnOo5+65l2d3ZQX3CPuCguujMHS3dUqmZbNZWvZOAwnajjGVUOrpiTh2y587ORuco5UmR62stPEameK0DkKsNSTyTlM8Zx7lUq8gPXJ/iWRqsdwl81j0Vdk9yu7+6L4cC3rZsmGt52Ka6pz3KiZPqV3JRKvAp6qb7JBmcheKc4TfEGEA1Mfc4VqAMtV7kStW3Kb4nso3zcAG8iYbhTj8SYqify617JiWSq/+KQZSN0iP07FX8eQXr6yySVV8/K76Tsh/MSn/ibKtgL8hBFv4rRyQuGZvbdVXiye/wCq547vX91NgEvIRfKLA1Iz2wkayED6t/RV3iZ7rniN7hF8TEy8jJE41vOkIRqpj+PZRy844Q/GePwqfExT8g/2ShVOJ3GV3xsjn91C8VxP07LoLvt+auNYmXkc+yV4xK4ZTjHKj+bGTv8AmkC47EFNVS7Fy8jFBDMc9lwzYCaI877rvhNG7hkK/iQh6+PoYak54Cb4zzs1oyi/ycf3QTNbQ7IYp8YievnL2DLa09/KUiyTHmKOJe2E1wBB2UUDPLUSn2wAAzuAnhrQE13K5kpijgS3kcd0juuYKWCi2kzgY7Pqub9yiBpKdo2zhVtz2XkCnMYf0TxGUYsz+H906MStyQDT7robnujBme67owcgqsE+QGI2ld8EeiKCQMJyJPIHyEfwP8f7JeB/j/ZSEkRa5B+CPRIRAHOERJQvBwNAXcBJJQmBJJJKEGpJyShWBh3XPzXTwlgIZPBQzT7rn5pDgrh4VN4Jg6Q3fPP3QSeSunlDSZvA0WvOyYngYSQhjUkk3V7IwhySbq9ktXspgg5JJIAlHGDYZxBc7PbCkxxmQ4aMkr0voD4AdX9bNbVOpxQ0T9xUSjY/YZWivSymzLqdZRo477pJI8uZBNN/dsyvUehP7OnxC65HjRUkdBSjBdPUHSRz9Prx/kvpLpL4Q/DH4Zt8eqzcqtoGDMdWcf0s/NbqlrOrOoiIrDaDQ0X/AHj/ACEg/kt9WgivyPIeQ+qpfjpY4/u//Yw3RP8AZ9+Ffw6p2XK/EXK44GPG8xyPRh+43yvSY+p7/dI47Z0xQmgpyPNIdgR22x9/1U22dB222MFTfKp1ZUu3y85AP2/RXL66OKMRUGI2jbyhbYUKHR5LUam7VS33SbZQwdGx+K6vvNR8xUO3cSdlPkuFFQRCKCFuRt5QAmTiWVxc6U/qq6rMNNGZ6iojja3nUd09RQgdU3CrrDp1aQe2VDdAANUu475Qo7j835aCne/H4uAVZUthq6/Br3uZHzpacKiFeKiniwKWF80mdmtGQp8NluN0PzFY99PGf+Gw4Cs2wW+1NDY2MbgbHuVHddLhOf8Ad2nR2OUABJEdutEQEbhrOw23JQHT1tWdjhqUVE4nxqlwcecHsuVFypqRmI3AlQg4U5Z5pBumTVLIm4BBx7qqqr1NJnBw1Utbe4wNLZCT90ajnstRbLqtu+g7kYVFcLwZCBE/91Wy1k1S/GrIKl0FokkOuSPIRuOB0I45I4ZPVSZaMlWdJaiAHTDdTIaSOmwGtwfRdfVsj2xkod/OC289HY4WQtAA4TXVLI9gd+yGfmJzsdLR+6IynYzcN37os5BB4qaryk6Wf5o8FNFCc6ASPVEaMfknKFBBp4GF1ABOUTI0YzuoQKSMcqMScndJxOdymlzRy4D81CHyKkkkuwe1GpySaoWJJJJDJ4CGLmM7pYBXVmlLJAeMboZIAy44CKeFCrXaYXYO6Rc8rkYuyHUS+LKTnbhUd5lyWwtKs25Hc7KhrJPErR3xlcu2WeDdpoc5ORHQMYU61xtdMXEbgbKGDjsri0QtEJlDcuQpezTc9sQ8wAaTlVjyZH6Ap9Y7AIx2UKkZrqRndRvPQiHCyw8v8imDe5Ve7kqdcXtGmMchQULeR1Y0crpOEgMd007lKmxw9JJJUQYkkkoQSSSShBJJJKEHqTGz+S57uAow3UqYiOg3H1KC59ohtcHuz6qQ0DCixA5GFLHCUyOWRHhRiSSVJPCjeqmcFAJSdkMZTpQS4YXQBhUnlhnR7oj+ExPfwifQxkc8pieeUxIaDQoeEc8IMTTjhGPCsBAzsVymGuqzjY9kn9/snW1p+aGR3Qy6NVEd81E9B6djDKXJarV52Ki2pgbRtwMI8j8YAKxy4PpGkr21JD6duHZUmqBc5wadtkOFulucIhGYtfqUs6EUde7U1p9G4UlgAoy4lQpf7ggcqTMdNuAzhJbHxQBji86j3Ro9nA+6jw/3LfVSIN3BUWw1dgzANPZX9ijDAHEY2WdI11wHK0kP8ukAASLHxg3aJYs3EK4P11ZGcg5VbUjJwpc7tby7KiyDIKGK4Lllt5K24E50Z4K2PSbSyjyRySsVWjXLGz1K9C6fhEdCzblLsHaSP+pknDzvaMfiC18EYZGxoGNgstSgOnYD/UtbnyD2AWOayduuWezB9ZTB91cwjIAWKvEkbWaDzytP1JUeJeZscBY69SfzDstlETyfkrW3LJBpP+0NVqDglVdv3nCs4+Vr9HG065AyapKgAb5UqqfooHM7goLP+0j7pt3lDImx75ecBYdRLKOtQsAIhqDB6kL1jphoitjTjkYXlNJ5pI2d8hev2KAstsXvuvO+Rlties8RHdJHJ25lY33WTvQL+o6OnaMguWvmH++47BZV7NfWVGMZwVxd3B6TUcbf8no78Nt8TeMBDox/Ob6YSq8iLA9ESkA5xvhZpyybq+iY7kLL9R/zKyKL1ctO7gfZZa6ea4M77oV2Vb0Rb7I1tLDTn8IysR1AZGOBB8uOFs7qPEeDzhqxXUDtcjWDnOFvp4RydbLCwaWwUzY7OyZgxq3KLcn+HRye7VKt0QisUAAxkBU/Usro6MBrsajgrSpGecnGoq7I0GpcPVy3dK3SWhYawAuqM49Fu6QHIWbUz4watD/tlzRj1Q6p2AcnAyj0gAacKLcv7vbnK5Nryzv1rbBMx1/dh7h64XpvScJjsdKCMZbleZ3lviTsb/U4Bet2aHwrVSxgYxGD+yyXPCwKivvcidGzOFr7UzTQtWYpmZe37rWUjQ2laAuRqWaYvIQbJ2Amp6wt4HjkkklYIk9MT0A0SSSShBJJJKEEkkkoQYkkkoQSanJqpkOHhRj+JSTwosjtDHPPA3Vw7KZQdOxiS7X24Z1a6tlPn/6XGNvy1LRtz3WZ6HHzFjdc9z8/UzVLT6tc7b/JaNrdPdaY9C4vJxPTE9UNEkkkoQYkknqFt4GJLpGFxQoS6OFxOH0q49kPGupH+N8c7cQP7qlJH/lf/wBV6iG988ryivf4nx0jBH91Sf5NXqbX5GPVaJdGfTJNy/ydTbQ3/c3S/wDezSuP5vKZKcRvd6NJR7SQLbCO5y79SlmoO76T9lHH9y31ypLiACSop32UBI1a7EQIPdSm/SPsoFecQs7/AMxqsG5IG3ZWQMkm6vZLV7KYAKOkGbrdPTx2j/6kKxbzsqy2v11t0djmrP8A961WMTtPvlPrGNcGc6/drp7ZAf8AiVrApVOf5LT7BVnXMviVtqpxz44crOn2iHstkOwEuSp6pl0WKpOOQAh2Zmmzw/8AKFzrLewz5287P/vgn2ja2RZ9F29H0YL/AMyp6h/uD/8AL3VfR48VufRWN+wWYPqq6mOXD2XoNPLKSOLqJZsOnPiHPqF5H1eSb7U5/qXrj3ASb+oXkPVrwb7Uj/Eu143/AHDx31Z/+Gj/AJKNxJduoVIP/rjZ9wpuN1CpCP8AaRnsQvRS6PnbeLYf5Pe7J/8AOeM+yOyXHblRbHIH2XGOEVqxWn0/Tv8A0USo3YGMcKs6hwBSkn/jtU9noqnqU7UX/wC0NUg8MTrJ/wCiyxk7LMdbuzZ5Wg/hK07iNljuunf+7Z8HbSV1dLweM8rLGln/AIPGYTguz2JC2fRZBlzjkLGxgaSR35Ww6KBMgx6f6r0OlPiGo5TL65kCoaAfxhcnB1Rf/TAh1x/39mT3R6gAFuR7rrw5RyJrDNhU4MFM0cYaq/q9xa2CP0AU2IF1JTE7nDVW9Yn+bG0D6GAoGsgMpKg4kh3wMLAdcAy3CPfgLa1k/nhOPwrF9TEGvDneixa3is06NYuTMrcKUMxI0bdwq9pycLSVkDXU5yOyzIGlx+64NkcYPS02qSwS4u2CtBZ6rViErNMJHZWdvl0EO9VcJCdQty4NLVNGC5u+3ZQW5zurGiaJafW7fZQ5m+G84GAU8wp7Xhkepi8RmCOyoJRhxHutP/eDGFSXCmdC4nHflDJ4NFFuHgr2fUEXAIQgCHDKKCCMZS28mwTU9pIQWt0nOVNZEJYduSqBk8AHMDm5CjSxjs3H5qXoLHaHchMkG2cpbBjPDIIBY/bZWdDOSAC5V87MO2XaeUsdv2S2zfp7WpJmib5wCDygzREjOEqCQObgqU5gQtHbhP5EUlTCc8KvqIzjdv7rQ1MILc4VRVR4PCTJZJOJUOa4HcJpacZUx0e/CZjbYLPYhOMEemnnpZ2yxOIc0jcL2vpK7uaKGoZITrIDj6HuvFSBnIK3HSdeamgkpBJh7BqZ9wgPS+B8gtPYoM+oLTU/zY3v+l2MK9niAIOPqXnfQV5/i1gg1HM1KGte7uT/APKF6RA9tfQNc362Df8AJIsz6PtOjv8AlrUjI9RUAgqNTR5XDKzUgLXcL0W6UQraB8pHniGCPVYOqpy2QjShhPPAjU04e5EJzdSvemq5zHGjldsd2qnLcclEhe6CVkrTu05Vvkz1cM3bR+iBd7fHcrfLTvaCcEtTqOobUQMlZuHAFStBzlHF8mmcPlWGfOXWFr+SnkiezcE4+yx0kWpuML2b4nWFzpmzRNA15yvHqiJ0T3xu2LTgrpaeeD5d5/QSpsln2VUExpK4EbAFXN1iHhsqoxkOxkqmuDA1wcNiVb2ycVdtfFJuYwu5ppZR8o8hp3TbuRbdJ3L5apaC7Yr6A+H9wiqQ6ne/625avmGhmMFRhp4Oy9n+Gl7iNRG2R+5AAOeCunW0zzHldNvi5o9HvVLJZrpDdodgHYkx3C2NNKyrp2VERy2RoIUGvt7Ltand3acfn6qB0XcDFDJZqn+9gcdOfRG0eWk02Xj2b+hUeRvCnysB7cqNLHtsEtiiKkRkZXCMORNi1QojvjByopiyCOxUxzd0N8Y7KBRk10eUdZWY0NaahkeGP7gLH3Ol8encMbgZC9yvdpZdKF9PpGvlpK8graSSlqJKaVuHMcWlLZ3NFqeDza4U5Zs5uFR1MfcBbPqKjc0Oc1u2VmKqMhowN1lsWOj0+mu3og08uHYI2Ux2HMCrpAWvG2MKXBJsMpGcm1rKEWgZ3whl2QUaVuUFwwOULKTAEnKJDKWkFNf3Qnk9tkDltYbjlGjpCJGNcDyFNYMDGcqht1XoaA52yu4XB3fKZGeTFZBxeSbF9K6QcrkH0hHwEZlIcsR2OMp9FUaJQ14OFJDBgqLKwMfkBWgW9xbgB4G4P2ThGN9lDop9w3G6sQMjKckZZrDIj4iMaQu0tbPbphNHx+JpOxCkvYDtlR3xjjCzXadTXBs0PkLtDPfS+TV2y7U9xiGDg4xg8golREBuFiPEkpnB0Ti0j0K0Vr6hhqGNhrDoeNg7sVyrtK4n1Lwv1VDWqNN7+8lvcY9iOVBqo9YzhW8lOyUZA9+VAmaYXaHtXPlU0z2MXvRTuhLHZAS8bAwQp0kercBQKqF2QWhDsbJLg452rKjTs22Ce1xbsQuHfKFrADeQEc7mPwVZQTghpByquaPO4CdTS+G4BxJCvOCnLBeCbX5XDlAqqcFoKY1+oNUhj9gtNbAnFTRVvzC/BClRS6wAQn19IXfzWDjkKDFJpIToywYrKschLpQtqKdzsZcFi6mAxyFh2wdlvovMNz+Sq7xZmTsdNC3zDchaoWYOF5HROyLlExTowDsENzT6qbNGY3FpGCOUBzfdN75PLW6ZLohEmJwIGVOp5y7AUaVm2T2QoZND9+Am1S/Zhtr5wXbTgZG+UTlR6aRrm4Rm4xjKe45QmL2stbBdzZ69k4d5M4cF7DQ1TainjqIjqa9ocF4FVF0cZkG+Oy3vw86klcRQTVGqI/SHctPosN6PffSPlXTL+NY+PR6lSVWpwYe6PNHvqCr4Dg5Cs4ZmuAyFisryfW9LenwSqKqcHCJw3VmQHDZUjiWy6w37KfTVeoAOSDpxeSVoKHoIPCltAeBthCcwIH9o6CyDGy6AR2SAwVIa0Y4VBPkBpBCYAWO4Ujj800gOHCsXg617SN2rhYcZxsmtbhykNILRsrBI4Z6oE0QO4CneH7obos+6nAOCvfGW7gKHUwQ1cL6eojD2OGCCrZ8R7qJJFg7BLxkTOvcsM8U646JqrNO642xpMBOS0dlVdP3ttQflqk6SNhn1XvUtHDUxPgqGBzHjBBC8d676BqLPUuutqYfCJ1Oa0Ik9rPLeQ0DpfyVhJI2njdQamPByAo1lvTalgp53Ye3bdWM7NYT1NPpnFe2zgop2FshOeUJw8QaTwp1TESc44ULBb2WiqW1nL1emViaZXSxup5wWnZxVjTSDONkKphMsWQN27hDiJjcNS6VdmUfOPMaH+PLckWbWg8ob2NASjxp5RnN1YwtUWjz+cEXBB2XS3I3RywA408+6eWE+yKMUyJle+LP4UB0OARwrJ8PdAdEcIZwz0NhbtKCuoA86g3Cq5oXMONOFqpYM8Nyq2rote4bhYbaf0bKrv2U7CTndHoa6rtlSyppZSxzTn7oczXQuwAhOlIxtysco8m+i+dE1Ot4Z6/0h8Wo5GNo74DgANEg7L02ndDWwtqKaQSRvGoOB7L5UZJnda3pP4j3npqZrHvM9LwWE749kiyr9H0Xwv1jKuKq1nK/Z77JC5v4UB0Z9FC6d60svVMWqikLJNOSx+x/JW74sb4SHFn0fTamrVwU6ZJpkF0W3CA6Mb5CsCBhRywZ3CrrsY1khGEb7KJNTDGQFaPZjvygPjypj9CpVJooamlB/CMYWXvXTQqQ58ADXc7rdzU+Ts1RpqISD6cEIzk6zx9d0cYPNKW63npx7Y3l+kHkcFbi0X629QR+BK1rZsbg43Ue5WaOp/vW5wsnc+n6q2P8AmqGR7TnlpOyKu1xZw5UW6aW1rMTT33pZgjNRQtw4blo7rIzMfG7Q9pBHYq/sPXDGxMpLsCJR5dXYhaKotFsvMAmia06xs5vZbq79xgu09V8m6+H+jz5rt90UPIGAVKvVhqrZKcguYOCPRVrH5GFsU+DkWVTrf3In01XUQPBY8jBWutXU0jQIqrDmfqsU2THZGZUnG+ybGzAlLJ6IKSnr8y0srQT+EqDJFJTSkYwR+6zdvvE9GfK8kH34Wrorzb7jE1lQQ14GMnZa4X5D2fodBWu+kn8iuT07JxqADXeoXKygcxvjU7tTR2CbT1GRpfthaYSyW8gYquail0SNy07EHghFmoILgPEp/wCXKN2uHcqU6mjnjzhrtu6r9E1BITG92PQnZM3C5w3HY6yropBBcM4OzXqbiGoZ5gHA9wm+JDc4fAqQM9j3BUY0FVbz4lG0yM/E0nsrTyZJUZHSUxpiXQnU08gqoufTVDcWFxiEchHI2yrqKthlOl4LHDkORjEDu3uiMlujhNHmUtBerC8+GDNAD25AU+33mCr/AJcx8N45BW2qKRkrS17Ac+yy906RjkJmpxodzlvKFdnA1nj5ReYDvDa4amEEH0Tcuj2xlvcKmgqau1SmOXMjByrajuVHXbB2l3oUe1NHGsrlW8Aqm0W6vZmPMEw/ENgVWTQVdGPDqovEYNg9ozt7rQSUpA1N49QhlzmjRK0Ob7hLdWQITlF8mUqLTSVXngIY72QYp7ranebVJGPVaea2082ZKc+G/wBlXTtuFMS2phbPF7DJSJ0NPKHfKpcMk2+/0NXiNzvCf3DuFcMbqGqNwf8AYrGyUtBVuLovI/0Oy5E+5WuXxaeR5b7FDHcuwZVJ/ia+eGinb4VXTNdnuRuqOp6NoZ5DJTyhgd2PZHousIciO5URAI3e0K7ikt1c3xLZXMLzvpJwr4fopfLV0zz279LXCiJexmuPsW7qkdHJES2RhB+y9blfWwHTUwiWP0woM1vsl0DgYhE89jtus9tP6NNOukuJHmSa7GMkrY1nQ8hkJp5BpPBWeuVguFC4iSMlo7gLO62dCvU1z9lYH5O42Tg+LkP3TDEWg5BGyB4ZYUEotGnia4LWluNbRSCamqHtPs5XlD1vcIZc1ID2HsskHuYBgZRGVG+4VKU49CJaaEvyR6HR9aUdRJomYWD1VvFWUdW3McrCD2yvLo527AtAUltSAP5c7h9ijjfL+oxX6CP9J6HPbIpfNHsT6KNJb6qFuWkkeizFFe7vAwNhn1tH9XZW9L1VXMIFWxkjPTCbG6L/ACMn8aUOkSdRbtICE8SxTf3bwT3Rob9Z6w+DVM8LPBIXZqC1vy+nqgR3xyrcoegXGS/JDGgkeU5TSJWbvjwlPa7hR+enk8RvZAFZXtcGVNM4e6nYOV6CmVxBBBGEEuDzzhPbX0r8B5wiOjt8rRofue6rCLxJdkN9LBMRrAKFLZqSVuPDx+Ssn2mY+aEoL4rhDs4AhTago2uP4spZ+mqV24GPyVVU9MFoJgd+y1ZmkaPOznlMZPSO+p+AeyXKrPQ+vWWQ9mFlste04YzUAor6esgOHQlejmOkeR4LxkoM9rEnDQUqVTRpjr5f1Hn4kc3AcwjKd4o9FsKixREZkjA98KvqemWOGYx+yBxeB0NZXLhlGJGnkgfmu5B7qY/pupa46XnH2UWS31VM462kgdwgUR/yRfKYNJN/EE8Obj6h+qHCzgZnccSwEgQeF0cq1XnkhzT7JaPZEAGEiBhC4JEzgGRnZLRjsu/iR2sBCiryX2RtOEtKO9mnuhavZT4igOj3TsImClgpU6y8sHg+q4TpHqn6vZdS9hFJsDrOdgkZCeQiFgPKXhgd0udeR0bpR6BhxByHcIzK6rZxKcJpYEIn0SXSmOr11sXwyzpb7VQPBdISPc5VgzqWUOz/AKrOgeu6TthndKlTjo6Nfl9RD2a2PqlwAyApLOrSMeULEGY/0pGocRjCD4jbD6i1EUbxnVkeMGPj0wnf7VU7SP5RK8+Mj/6yl40g31uU+IP/AOJtUuj0QdVUv/dldHVdMN/DJXm5nkH/ABHfqufMSf8AeO/VT4if/E+rPSP9saVpx4JSd1nTYz4BXm/jyf1uS8eT+tytV4J/8T6s9G/20o//AJHJwhSdb0bRkUzs/def/MSf1Fc8d/qUcYQXaFy+pNb/AEyNz/txDnaMgDsUP/b6bUQyijx2OFivGcf/AJiXjv8AVRqHpC//AIh1z7kbN3W1bINoWNCjSdVXKTl4wst8xJ/Ul8xJ/UVW2P6Al53WT4cjRHqO4O5egm4VEpLnyuOfdUfzEn9RXPmHnYuKtQX6FPylz/J5Lo1IJyXb/dL5lvdwCpvGf/Uf1SMjjsSUTgkC/JTZcGqhP/EGUwTDPIwqnBJ5RN8YyqValyLevmy0+ZgH41w1lOB9SqtKdnCN1LBX86ZYG4Q5xqTTXQ9tyq7T7JYHok/HyV/OtLD+If0hCdc58bKInpkauMiZa679hDcqg9/3TTPUOGfE5QtO+cLuCrVf9gXqLJdyYjNUE7ylcMsjhglJNAwVFUB800+xp1OOSm6PVqkCPI4ThTklNVeAZXSfZHDd0QN22COKcnlEbRyHkABTYgVcyNkjgLup/bZS20zBzz910MYN+FNizgt6ua4RD11HAO32XRHId8KaHU/GfywuGRuNmhEqSv5E+0Rg1+UhC484CN4o1fSF0O24TPjSBlfZIaIs87J3gjnP7pur2TNX3/VT40BumxxY1u2F0NA4CaDldQ7ECuR+loGyEdOTslqPv+qbq9kWwPBzJS1Ed13V7JavZTYTk5k5ylkpZPqlk+qnxl8iyUtR4yu6vZLV7KbCuRmn3XQzPdO1eyWr2V7CcnNLRyn4aENPRbUWLS09k7nnsmpwOVTiU8jtIHZdwENy4qwKbeQqSSSpILP6EkkkqCEkkkjCEkmpKFZHJJqb9SpvBMhEkM7cJB47lBvJk4kmZC4SMKygmR6rhIxhBJ35XMlQvA8kZ5XCRhDyfVLJ9VCYEeVxd0ldDHHslODkwxq7gozYCcHCd4bcA4wmKrJcpYI2gp2n3UgxtAxhM8PfdOhSwfkBafdcx7o8dNNL/dtyvT+hf7PnWXVobUV1OLVRu5qKppAx7DO6bCjcxF+uo0sd10sI8q0k8br03oP+z/111oPGNF8hS7ZmmGR34HfhfQ3Rvwd+HXQxZUut77zXsG81Q7yZ9mkFbRrr1fJvlqRoZENi1gwGrVXptryeW1/1Q5ZjpY4/u/8A2MV0n8Ivhl8NYonTxG6VzeDKdWT/AIWf+q3NIzqLql0kNqoPk6duPO8bAHPA/IrR2T4fW6jd83c3SzzEA414wtQZ4qaFtPTxNja30G5W6EVFcHk79TO+TnY22/2Z2z9AWi2tbU3h7Kmp/qIyP0V8+5NiaIaJgja3bIHKizv8Q5JJ/NRX1EcIzqwUZkbbDSCSodrmccepQJ6ikpx/eglBnqaidhiY8Bp74UdlLCd590ZYKprq2paYrfTtdn8Tl2n6Z+ZjEl2cJXenopTJYohopwM+wThHX1mGvy1ihAzX2+2xBjWsbpGBgIDbhcKwn5dnk7FGbQUUADqt+sjgFQqrqBsGYrbCDg4JwoXgltt+f5tVJkn17KLU3SCkcYohq0+iq6murJRrnlIB3IzwqO4X+gpI9T5gXD0RqOQlBs0FTdaiYc6Wqir7rBBk+JqcVTOu1yuY00kZbH6+qkU3Tsk7hJUThxO+D2V7AtmCNUXWtqHFsDMgo9BZ6qpaJpBjPOVd0lrpaVmS0EjujuuFJAAwHLhy0Kui1LAOktUEDNTo8kd8Ij7hHTjQwAngKO6oudY0sBEUPZmcO/NHo7bHTsBd53epVtZDyBzX1zsZEbP6sb/kpdPS+F9R1HjKPsNhsu5CFxwQ6WNxwhYKNrb6prtGDjlWLBjlFDgGoR5XMlQh3VnIwuai3ZcLgOVErblS0URmqpBHG3lx4ULSySpHasBvJWcvfU1PanGCKIV1Wfpp4vM4qqrb5deo6htFYWuip9xJU9vbT+6vbH0vb7QW1JJqKvGHTP3JUGNVr8z5hSSSXYPYjUkklRTeBJJJIH0WpZBtXUg0jkJLMwjhI0nfsqavlOrQ3f1VrMQG5BVC+TXKcjOSsl8vQ+AOaXQwn2VDjVO957q1ucoZAfdVcLS8AkLm2flg6dMcRyFbH5sZWjpIWspWtG2RlUVGzVUNHK0j8Rxg9sI4C7pYeCluLyH4B24RbPGH+I8jcDZQ6qTVKQPVWlMBBbi5g3cCSVGC+sIrKog1JKEfpCdqJ3PJyhu22SpcDq1gaT2SA2wufiTlmm+RrGJJJIixJJJIyCSSSUIJJJJQgRoy4BGrz4dPHH3KCwEvGPVduBc2pDSdgBhDKWBUuZoZEdIGQpAOUNgGAcJ7UGckGng/ZRs4JUkkbhRnDBU9BJZB4yurmQuoYdstrAVNfwnJr+EbCAP5Q3chEfymHkJL7GoLGBgLp2XG8Lshwr9Agy7Y7I9pbrqgQOCo7gNJ37Ky6fi1yMbzkndJmdHx0N+oiv7noVCwMoW7dsoT5DqGykUwxRtHsobnEStaBnKx2M+j1rCSLJjsRNOOcBEe3+QG+6HKNMGlo32R5nARMbjfbKE2QAHkDspFUP8AdQAVH5eFIqPoaPRLGAIuQz1Ck048+FGA/nM+xUiHg/mgkQdTA/P78LUEAUgz6FZuibqqxpGVoqnajaPYpFvJu0v4tlPnOT91Gdh2RlSBx+qjkb7IYvCI3llXvLcI2H1XpdpaG0MY9l5zRxeJc2Y7OXpLAGQxsYMeUJNksmvQ/dlku3R+JUADkOWonPhUznHs3/RUFhj1Vrdsq1v1QIrdMSMYyFlk8s6j/wBts8yuj/FuEzyeVlbw8GUgblaKol1uc48nKyle4/MnJ7Loafo8h5Oaxlew1sJ8XVyrNp0nKiUMLYow8/UUdzsMLlpfRh06wJp/mawO6i3aQvliaG8blSowTuVBq5BLU7D6VzNS+MHWpQa1ZfXxgjbK9qtQDbfDt2Xj1gjDrgzIzuP817LG0NgjDRgaRsvNeQlmOD13hY85IkhzVudj8KzVKBN1jGSPpOy0LsmreAeAs/aGF3Wuk/gwuRDL7O9e8uP+TfVYwAi0WzT7IFXnxw08IsGWtWaxnSgSXkYWVuJJrC/0K0k5IastdJfO847plXZnvItUS7zLH1g+Zu0MGNtW/wCq2E7gGZx2WSt7TN1EzbOHLdWcu1bpYNzVRiCCGJuA0MG35LJdUy/yo4u7jlay7NLWMAO4WJvszJahsTTks5TY9CdRxXgmdORZ0bbrb0gALSsl080NazIWtphkrNqTboY7a0XkDQ2IY7qvuOw+5VjD/dD7KvuC5dh3EvsRk64a62JoH427L2K3MAoacekY/wAl5EGh14p2kZy8L2WnwI2BowA0Y/RYdQDUuSTTDEzG4zkrTRAsYGrPUYBqWDutEFyr3yMCjhdQWgg8oo4WCwYh6SSSsISSSSg0ekkkoQSSSShBJiemKEEkkkoQcSMcoZ5SyfVMQt5IPVT1DUmjsVdWAbwwueN/ZWuQst8QptPTM9OBvWSxUmc/1vATIMCUsE/puhfb+nbZRyBoMVKxuBwNlZrm2cNGGtGAPQLqcRPIxOyE1Nbn1UDCpJJKEGJJJKEEkkkoQSb2Tlz8O6uPZDxWX+f8dquMb+FAG/8A1AXqLQvLKDf433OXnTCP3aF6nr2zhaJcoz6b+r/Iyqdop5Hf4SpFAwsooMHlgVfc5S2imcBw3/VWzRoYxgGwaAgHWZ9HH58E49UGT6QiO3CY/sqBZXXAkQtJ/wC9Zj/zBXDGgBUt42p6cDk1Df8A79XjUyIfsZp911rfMN+66uO+k/ZXhFFBaR/Nr3etU7/JWMXIUC1AYqSO87irCHYg+6ZCWGG+jGdXkydTW+EfgBf/AJq6g+hU1/xP11TNG4bCSR+qugAM4WuvsVHso+tiBYZcHl8f/wB8E+gGLbAP8I/yUfrY4sj25zmSMf8A1QUqkx8nGB2aP8l29H0Y7/zKO9uOkb91Ao93/kp99/1UCk+v8l3tMcK//cYyoJEmfdeP9VOJv1Tnu5ev1Zw4leQ9Uj/33UeuV3PHf7h4/wCrHnTR/wAlY0juVW28/wD1ynfhuVLdnIGVDtR/+uUn/CV6OSPnFkv9SCX7PdemXarQW5U8DflVXSOf4W8H+sq0xzusNvZ9O0rfwoO0YAxuqnqb6aP/AOnhW0X/AGdpVT1N9NF/9Paiq5lgVrP9lkiVxAO/ZZDrjezyH1BWum+k/ZZHrf8A+dD/ALFdenEWeO8r/wDhZ/4PHI86SD2JW06DAdIft/qsY0Y1D3Ww6A2mI75Xc0rzJI+K6iBc3MFtyA4wVNrWjw2HuFFvBAuYJHcI9eSKRpHsuqljg4lnLNbb5GvoI9uAN1T9VyZ0P5yMKZZZRJayR2A3Vf1BqlpGyN/Ad/srJ21kzlaRmMn0WO6mOK1pWurcPpwTy3usp1C0F0D+55Kxa7/bNWm/3EQ/C105GFmq6n8CoJA2K11I0OjIIVHd6Uh5yPzXFsWUdWif3YKlpyFLp3EEAKCNtlIjcAd+yRB4ZqayzV2eq1tEB4UmrhaTlUdsqdBH5q9a8SR5G60pnOti4zZHbkHBCDX03iwnZSCN+E5wyN1UnkkZbXkyTmcjHCYxpzjO32Vlc4BHO4tbhrtwq4NDT6JR0K5bo5HvZwQi0kpY8A8BNZuN0w+2yhGSKtmMzNGyA4ZbnKnQFlRAYnYLsYUF7HQP0OB22UxkBS5AzNJ5Cj7tdkBTXgEDblR3tGBgJU44NFVmCTQVZacFXbHhzQQssx5a8EK7t9WHYaTug7OrpdRGMtsibKzI4VXVw7Z0/uroYkG6h1MOW7DdA0dNy3dFBMzB4UWUHG6tKiPzbBQahmRgJE0Z7Eyvkyw7qx6eubrbXRuJ8pdv9lBlYAeEP6e6zvsGi2Vc1JHvXQ15Nmv+DJ/uVwi1Adg7t/qvd+n6lsMgaXAxygYXyx0Nc47nTxW6SYNqWH+UT3x2Xt/QfUTqgm2VYLaim9TyM8hKksn2b6a8mrKIpvJ6TPF8vUuYRmOUEY+6w9+pTTVbvLgHJC3bj85EJg4FzRuPRUvUtGKqhEjGfzIt/wAknGGevujvhuRgpWbggYCc0ZGyJpEjScboULtBETh3Vs5qWHgvum6oAupHu92rT4BHHCwkEjqaoZMw/SRlbmkqI5oGTNOQ4K4mmD9lD1daG3C2yeTzxjU1fOF/hZFXu0DGTuvquuhEsJGNu4Xz/wDEewfKV8k8UWljyXBbdO8dnmvqXRSvr+SJ5vWxF4bjfCZaJ3wVboseV4IIKkzYI3KrJA5krZGOwWldrT2Y4PjHltHJ5/ZLmc2muAP4crW9N3V9suETw4hkhGPYrJ3AgxxzY3LclXVv/wB/tjJ2HzxbhdSuw8hqqt8HFn1l0Td219vj1P1amgFRL7TTWi7NulMzy5y8DuF558HOrQ/FDO/Dm7blez3GibcqEuHIC0uZ4XUVfDNxD0M7K+ljqYzkOaCuzRZGD2VD0vWOoqiS2znYE6crSSjUQVWcmWUsFZPB5gQNkMbclT5WBw3UGSFwPCgI3T7pafddAwuqEAPZlYDr2xDT8/Tx4IPmx3XopGVFq6OGridDK0ODxjcKnyOpulTJNHztd4GyQOy3crE1cYa7BbwvWOs7HJa697cExuJx6BeaXKHEjjjjKVZDg9foNRGccozNZCQ7U0bfdMZJocApk41gkhVkudfCwzjtZ3YTyie1+pvCHI09k2FwwAjOblqr8im8ER3CGdkUjc4Q/qSpodBoa17o3ANPKv6CsD9LScLPkZ/JdgrHQvyBnHugi3FgW1qawjcwuDmg5CPrx+ao7TW+PEDnKuGDYOWmLycmacJbQ3IQZBlG4CE/lEgBUjtE4zwVchwc3ZUUrixwICs6GUOAGckp0WIsTZIcHZ4TS0nkKRgJEAdk3ZlCkyDNFnkZUKWF34dlaSN1baf3UZ8WeyROtMfXbse5dki09Ry0QFPWhz2jh3fC1IkpqyASsLXNcNjzhYaaDV2Q6a6VtqfpYS5mc47LnXaXnJ73wn1TZXijUvj9mxmgaD5WqvmbqOCMYUi1XemuUQe12CRggncFFqYhg4GfdYZ17T6DRqoaqCnW8op5YAAcKG4Fp3CtZI3NJyOVDnhyMhZZxyOyRxg5BQHxlu4C7IC059E9sjSMYSpIVJ5G0tQ9snhyHYq0a8DdVErMYewbhPp6zzaJCRnhFGRStZctn1ANON1AqqYwyamDLXbp8b8Hc5CkEtlZgpyeOSpveRqeQjDVILs74UKXXDMMDZSIZ2nnlPjIVKKZSX20OkLqmBvfJAWbc0tyxwwV6K8BwGyz15szZA6ogbg8kBaK7MHA8loM/wCpWjKTR5UOZhbg4491YEEEghAlALTsnJ+zzFtXIykrCHgOwFaghzcgjf3WcmDmyghWdLVgtAJ4WiNnGGc+yvD4LIsDmlp3BTKCrfa7mxzTgAhEiIcMgrtRCyePBbhw3B90NkM8jtPZKmasg8NHtHTt3julFHICNQaM7rQ08pGF4p0N1C6mqBRyOxvjGV6/Tvy0OHosko5Psn055NaylNv7i7YBKESIGNwI7KBQ1Ac/STjAVi8h4GFisjhnt9NLcizpZGvaRkBHc0HuqmmeY+/KsY5QQPdINpx7O+V2JxfkEYRCMpgaGqEH6fdIjHddSUIlkDoK6GkIhx6JDB7KF7DozjflLGUklBeATogo74geymocjeN1AHHJBLNB2QpqWGrgfBOwOa8YIIyprm+6D4fuqayZ5VprDPDuvOgqqyVbrpbGExE6iGqot17jljENUdLxtkr6Dq6eCphdTVEQex4wQV4z150DLbJ3XK3MJhduQOyqEcM8r5PQfx38la7K6VjSNQOQRkFQJ2aTkBCtVc45ppjxxlTZ4tQ2GVojI87ZJT4IjXN22CjVEX83W3hHmjLXbJkjsgBbabNrOH5PRx1FLT7FFIRgH/NTYXgjJVW3LX+mFOiGw3IXRhLKyfLr6ZVzcJdok6A4hG8MADy/uhxkDlSmnWPTC1VtGWawRnNHoo8rQBnCmOQXj0RSWQYzwyC5g32UWSIOBVg5mBkoLmeoSJwNMLMFDWUWScNVPUQOjO4WvkiaQcjKqq2jLtg3Cx2Ve0bYX4KHXp2xynMcSUaeke130oOkt5WVxNkLdyJ9Fc622zMqKCYxvBzseV650d8WqevjbQ9RAxvaA1sw4P3Xi+oeqcx/bKVOCZ3fFec1Xi5p1vhej6qwH505x7oLoyPzXh3SvxLuXTYjo5gJqYbafRe02XqOz9Q04mt02SBktdsVnlW0fWfF/UOm8mkk9sv0wrmFD8LIwVMfGAMqPnkYSmsHfIz4Ad8KO+HYjCnHdNc3I2RexM0mVEtMHZ8qq66iy3SRsVozEDnDVHnpA4ZARLsx3af5Vhnn116WgqmEQ4ZIDkHCpoajqHpqTLXvdG3tkkFekVFHg8KrrbeyojMUrQQe6YpbeTg6vxyj99fY60dT2u/0jWVbWiTGlwd6qvvPSLN6m1kb5JbnYrP1/TFdRSmpt7/fDVPs/WNZbniC4xuLRsSQmw1DfBzLKnLixFKTJE90UrC17TgghO1j1C35pLF1RAZImt1EbObscrFXWw1tpe4SNc6MnyuG+yfGzJzr9PKH3xXBHEzgchS4akkgf6quieCAigYPKfC3BjRsbR1IYGCGrBezgOCvNNDcWmSlkaHEfSvOYqktAyFcW+4/LObNFJj1BW2vUJLkbjcaFwq6R5LScBSGVdPVN8ObyuOxJ4QaW90tW3RNgHgkrlRQRvOtp2O+y1127ugWEkopqd2uM5HIKLDWlnkmBCiRTVdIQGv8SP0dupram23EeEHiOXuHbJqsyC0kdqKaGsaHRkNfyHBQxLWUB01bfEYdmuapEkNXRYLBrZ2IRoq2Cpb4Uvld/iR5EzgmcikjnYHscDnsuvgGM8IUttb/AHlM4sPOxXWVckP8upjyPVWL+FMgV9mpatpEkLQfUBZm4dLywEy02fUY2K3zfCmGWOB9igyU3PlRnO1PjK7c49nm8N2rqB/h1DHOYPVW1NcqOsAGoBxV9cLHSVbTriAd6gLJV/T89M9z4MgD0Kkp4PLanxttc9qRb+ACdTCMLmnGQd1Q0t6raEmOWLWPQq3p71b6wBrh4Uh5B2RJqXZglXKAGqs1JVZcGCN/9TRhVVTba6jB0/zYx6crTYBGWkEH0TNWcghC6ylKcezFSStedL26fUEIbWyxvD4H6SP6TjC2UtuopXF74G5PfCqazpzmSjlw7nSUrYMjOMvyB0XVV0owIp9MrB3cMq9p7pYbq0CocKab+oDGVkZYZ6dxZUwkY742Qy1uctS2uCS08J8xZuJaGrhZ4lNMJ4uxacqM57JW+FVw5HG4Wft17raBw8Kclv8ASTsrym6jgrXaLhA3/maErZyZ3VOv8SNX9P0VfBogjjaecgLOVvRUsURdEQ5w7Lbvo53tEtpma8ehKA2tex3g19MY3jbOOVbqTGQ1NtfZ5tJZKqAZfHt9lCfT+GcFq9Wlo6aqB8owVWVlko3s0OjH3wkSo/Rsr8h/znnDmkcnlcYC0ZzythWdLBzS6mcCfQqoqenq6BmvRn2ASZUSRthq6p+ysZUzRnLHKTFc6jYObx7ob6aSMAvYRlDc0Ae6zSrkmMUYWdFmyvi4kxko8NSY3iSKUgjjdUB5wEQSPachxUTcewLKMmupL7X07w8SF7fQ7qzi6miqHaKqHSDtkLCxV9Qzy6shSY6+MH+acZR/K/RmlpIvk2odZp9g7GUF9nieC631TS/+k7LOMq6Z+CJMFFhrnxO1RyEEe6OM89iHTKPEWXJgvdFF5ZS5voDnCY281keG1tO7A21AIUN5q43Zc7WPQqVFfIpHaaiFuD3wjykL+OS/KIw3u3E4ma4ZTmvtFc/EbwHEZ3RJIrRXDw3RtaTwQFFfYaTH8io0O9QUTlgvbFf2JDrcG7QOAz3Qpaa7QM1U9Q047EKKbfdqeXVFPqHY6sgp7aq6wHLoy72VdkUWDFddICHVlPrZ9kQXmIf/AA7wnsv8ZGirhz6ghSmXKxz4GgNP2CrCLcUvyRFkuFJI1pLwD6ELrW0NQNIc0k9gjOt9qq3k00g1H8JKBN08wt1Q1Gh49EMoIKMox6YOSxW6UbNaFX1PSjHf3GCVIdZLi0nFST6blIPvdIfDfE5zRwUqVcX6Hxun3GRUu6VuQJwBjsoFTbqynfofC7bvhagXiuZs+NwP2XHXfLsTRA/cKbBj1E13yZNwli+uMhNbPk4IwVsPmbdM0F8Qz32ChyW6zzvLsYJ7BA4DI6pL8jOam/1D9URpHqrqTp63y/Q5wPZR5emKpm8coI7IFmHY5amp+yCSCCMoOlTZLNcYf+EHBRZKWriGXwOx7bqb8+i1ZF9Mbhq4cY2QzkckpZx3Qbs+hiaZx2M7JNSwPVIuASyJcnUks7ZSyEHZfKG5Ka5dyEs5QhAwcLun3SxyEgVTiGnwcLRglBPKOSMFBI3Q7S8obp90tPulp90tPul7GHkbpH/ylLSP/lK7pP8A8pS0n/5SpsZMiwPVLA9VzQ71S0O9VNhMnNPulp913QUtBU2EydwPVLA9UPS7+n913Q/+n90GGTKO6fdLT7rug9kvBm/oRKLZMoSS78vP/Quinm7twFceGWNSRfBcOQkI8HKYopgylg5gpeZHaAByu7fdEopA54yR8FIA5UjQEtLfRW0V8gPAI4wuafdGwuA4CBx/QHyZGaP8P7paPUImce65q9leC28nPC/w/uuiNo5C7g+qW/qomSTyLw4c5JGU4eE3jCZ5fQJHT6BWmUE1NGwameK3+lM+lOcmKOSOL9jskJZPqVwHK6r2FcjjI48lNJJ7pJKbCmsnMD0XUklYQkkklCCSSSUIJcIympKEGJLo3XcAbFQJvA1JLb1SzjgqZKbwEwUNGDXndN8N3cKk8kzjsGknaD3CcYwFZYNJEwPVLA9VMl9jdPuieH7peIEMuAGVMkwP0j+oJaR/UEDxEvEJUKJWR6pqZknunqAiSXN8ZwuavZQHcgiSSWQhKEkmpKDMiSTElChx4SHC5grgaQhayQYUw6so2g4S8I5QuOC0wHmS3PKlCFoGMLvhN/p/dWQieHnlLwlKxhcAwqSJkEIfVdEOEQjK5j3TVDJQ3Q0JaR6LpwOSu/8Ay4TYVNlocwDt2XXNzjfC1vSHwo6760DJLNZJHU8nFQ7aP9V7T0n/AGZrHbY4avq+7Crn5dTwOw0H79lphRk5mt8tp9EnveX+kfO1qsF4vcxp7RQSVUgxkNHGV690n/ZovVWWVPVdbDb2OGTACfGHt7L6Ms1jsFhpmUditMNMxgwC0ZcfuVZRWW53Bw8KlOCn/Co9nltV9R22xcalt/8AUxPSfw26L6KjY61Wlj6lo3nldqLj67jlatja2sd5GF4zthbG2/D14Y19ycwAjOx4WjhislngEVPEC8d0cK0jz1187+bJNv8AuY609CVtTpfXBsLDvkrVw0FrssYbC0asbu9UOrvE0uGReVo4VY973u1PeTlNxgTkm1Ne1xxFwob53ObkjhAlaBhNZqdkAcphR19Q4kjCjEnOSpAhcXcIvgQsaDJsoQiBzzgMjT46GolGXNw0o0tXS02zBqd2VdU3Opl2LtLfRGWk2WMbaKjB8RuXfdQau6yOy2DYdlU3O+2u2w+NcKvT6ZWKuXxF+bJpumKOeqmJ2c0bBElkZCqUja1tx8A6qufACyV169oaV5ZQ/wA1w2w1VtP0x1Zf3ibqCq+XjcM+Gx2/5rUWrpGy2lgdDStdIPxOGVfQbhs7M61vVXUWJNXy8Z53VxbOkaSnaH1Q8Z/Pm33Vw+upqPLC0AAYwFFNwmqDikblGpFbmuiYGQUjA1rGtHsAFHmr44xiEFzj2C7HSVNU3NU4gfZS4aaKIaQwHHqERaZWxtuFY4F2I4x77qdFb6dgDizLvVSMN7bJbY5QAPkY1oa7ZGzlvKCeUsn1UKcWh5JzsUslcSULR3JSyUMkDkpEgDJOAoQemveGKsul+pLcx0ktS1jWdysDcOrbx1RXG39OwStzzUHZgHt6qDY1vtmrvvXFotuqBrnTVA28NnKobdZL71Uz5++mSCld9NKH8/8AN+ys+neg6K24rbtirrnbue7cD8lqYg1ow3YBQN7URKSkgoKdlLTQiONgwAFLjO2McJPDdvMuNLW/i/ZQW+T5PTUk5dY9kNSSSS5gsSSSSEo6QEIjn3SBOeSmOO+M4SJyGkatmEUDi5254VNGwuBcTypd0fl7Yj90LaNo2XNullmuuGUiluzyXCEIULRoQ5pHTV51djhSA3TnZYu5ZOnWsRwSLVGX1OSMq3rpAyIhRLJFuZSNgu3Z5aMD8W6bBGNycrcFeB4kmTvkqxrnGKmZGzYFu6iW1viVTQRsEW7lzZQzOytjJfkseiGCNPKA47kJEnI3XDys9hojg4kkklBCSSSUIJJJJGQSSSShBi6OVxJQjWSXRAGcZ4G6BJmerc55yAVJov8AjO9IyobHebKWxS/LBKAA2C4/6Sk36Qk/6SqICc45IzshHhEf9RQzwrfCGdAHEjujRoJByjRHG5SUi5SydXHcLq47hG3hFojv5XByuu5XByksaHHCHOSMIg4Qp+yoUNkzjlX3S7AZo/ZUZI4J5Wn6XgPiMP3VTO54WG7VI2rQBSNx6KDHpkrWMIU4nFPhQqXzVrSOyx2n0Bdk+UeZrfddqiRJo7DC4/epiHunVf8A2kqkaoDGYM7Go1Ud8eijQ/8Ab8IlTvO4JY06wZeCOyKx2RhCpRlxJ7BPbwT7pcyixszQ6ocT6K1ushjpxg+yrLI0mYn1CsLvvCATykPk6NHFLyVbX6m8coejGU5rdPdMqXFkLiDvhU+hbeANlHi3TGOHL0MN4GeAsD0nH4lcXHdb5p0Enn2WaZt8esV5/ZddPR6arVjsl1jLotMpG26kWFoMbpSNyMBVfX8mm1hgO7ikxjmR0LZ7KJM89kyW5z2WbqTmrK0FU/w6Y/ZZokumJcdyV0qo7UeJ10nJIsYSfDxlGzmMRd0CIgN32RR5pm+gG6ObwgKMqWAuQ1mcbgKodkzvee5VnJnS4KtYf5m3quVqZHVq/JIu+mWn+INGO4XsjB/Jj9mBeSdKtzdYsBeuD+7b/wAq8zr5YltPbeJhtryVjP8AtUuewVL04zxusp3kcK6jBNVN9lUdHtMnWFaMfQ3K5iljo6c8ynFG0qP+0I8IAaMIFR/fo8XGEi1cnVhwcq3Yj2HZZOvdiZreS5aur/u1j69knz7M5Ppj0TaVkz3jKshsJJ22KznTbBNf9WPpdkK+vOW0EhHbP+ShdEQNNRJORlxbstieDnSWbUi9vb8SFuNgvPrk/NwfgLd3uTMrhhYCZ+uulJ3ynRMmseJbTV2QAMix6LU031LL2T6IvstTStJcMeqyaro62iX2IvYt4QPZVdwB9PVW8P8AcgeyrLgB6d1yLHlnV/pwZumYXX2nBH4gvXoM+EwkfhC8npAP47Bt+IL12Bo8BmNvKFlveAauyXa26q2Mei0qoLM0Cryd8BaJcTUzyzQkMTsj1TU0E5WGTb7IngKkuArqsIckkkmjRJJJKEEkkkoQSSSShBJJJKEGph3T0xAQ4CT3WR63cJ7t0zbQdXjXHxnN9WxsLsrXrG3QGo6/tbQcihoKipI9nPawp8BMpYNUkuA5XUwESemJ6g0YkkkoGJJJJQgkkxJQgk1+2E5Nl2H5K49kPFrWdXxoux/+gs//AHV6mvKbEc/F+5uJ/wCCM/8AmavVsha88cmXSy3bv8kS4YNKWH8bmN/+qCucZYM84VRWDW6nZjmdn7bq2PJ9ikmljH7EBAeint+aE9VHsorrqQTSNPeob/mrkHDnfdUV1J+ZoGjvOCrwnDnfdGQIhu+k/ZEUarBMJARkRWWsEQPJHMrz/wDVFTqf6h91FoMfLMI9XZ/8xUqnOHZPqrj2MZiK7LuvXb50wFXwz3VFgy9c104xpiYGrQNIduAttfoUlgzPXBP8LiHrUsH7hS4TiJoA2ACh9euAttOwbk1Mf+YUpjMQt/5Qu3ojmX2feUl94/NQaL6/yU2+/T+ahUX1Z9QvQULGDj3/AJsbV7OK8f6uz/HagjYFev1uxyV5F1aCy7yOI+rcLteN/wBw8Z9Vf/hFL9MpHdvZQ7MCb+Xe2FMleAQCFEsLgb2dl6ZvJ81k/wDUg/7ntnSUmaOSI9lbkbHdZ7pc48VnHlCvBnfdc25NTZ9U0ElPTRJcA/kNCqOqdmUf/wBPCtqc/wAlg7qp6sB+WpSP+/CKriWQNZ/tMkynMefZZDrj/wCdj/YFa0uHgt37LIdcPAtzx7Fdip8njfK//hZ/4PI3A+EZccuI5Wq+Hsmqs2OwWRqXkUmAPxFaP4aSaqxzfUrraOWJo+NaiOVg1N/3uDCNt0ap1OtoJ3KBfiPnWE+qLIf/AHb+a7mcnEtWJF505If4S8bcKNdCH2+RhO4XOlpc0xh91yvGW1Dc9lTAeODNy4dRvz2WWvJ8RkZHY4WlJ/3eRvrlZysjJbpPYrFq1mOB9C5yCoN2gZUO9w5ZkBGojiVqkXKH+QCB3XIkuDdW9ssmKmYWvxhP4DSpVbEGvGyAzhZZLazoxeUSKaYscCtJb5BJGCDnbKyg2cCFaW+rMMrRnDTsUyuWRF0M8mgkjHYfuhnhFjlaWjblNc4acJ8llGF8Mr6+ISs043G6ztTGWPwVq5Whx3VFdYSJdTRsgybNPN9EOIk7FEcxRGvLXcKVnICWzZKOAlO4xO1DupNXB48QnYN8bqG1TqKUPBicdirQmcSta/YjHC45hcMcKVWQNhl1NGMoTwC37IJxyXCRCkj09l2jndFIHHsiPbkkqM5noEt8GqEsPLNHSV0NQMA6XDsVIe0Obys3SSCN4OcK+gqo3sGg5PdCdfT35I9TTA8BVdRDpGSNlfPb4gwq6shOCAMZSZLJrlHcjPVQIeMBRicYVpVQ77t/dV0jdJzhZpxMs1tZcWGtkt9TDVxO0ujeDkL2213YNmo+oKZ2A8BsoH7r5/op8S6HbA8L0zoG8CZxslQ8aZGksJPBS2j2P035KNUvifs+o+nLjHWUwcxwPiMBG6nTQhwwR7FebfDW9imnfaapx8RhIYT6L0qRzn4I2SZrJ9k0F8dRSjzy7UTrbcpGY/lyElvtlQJGhrg4LadT2/5ulE8bfPHuseGl7cdxyhfAm6vbYxrS5/utH03W+U0znbjcLNwu0zeE7uptLOaaobID33QxllgxkboO1NwQvP8A4j2Vk1E+URZ7ggLc0s4mha8b5CgdR0j6y1yxRjJAzhaISwwNVD5a3E+UbvSupagtxgZKqnNW864tJhc57Wb5yPZYlzeN106bHE+Oea0eyxpgwS5ulxyB6qb01X/K1jqOQ/y5N2qKW7E5UBz3QVLZWndpByuvVPcj5/rKlFuKPRLRcpenLyysZnwy4E4X1T0deoLxaoaiN4cHsBO6+TgWXK0snYcua3delfA3rJ0czrHVy7tOGAnsti5PG+V00pQ3xXKPWupqJ1JVR3CnGA05OFfWypbX0bJmnfAynzQx1UJjlAIcMKkskz7XcJbdM7yE+X7dkw8znjJfOZgnZRZIw4EZVgRnfPKCWb8IwU8lVIxzDnTslp2BVhPCHMIA3UA+U4KhYihkHlHTMBQvOOTMdW2AXmkcWMAlDf1Xz3faGSkqZYZW4c1xaV9UPYDyvG/it0yaeWS6QR+V/wBQA7qmsnW8ZqvjltZ4jUwlm2FWzR6TkDCvqyMEZ9QquaEuG6x3QPZUzyiEM6gQVJDwW4UWTLHHAXYSR35WbGDU1uCuAySoxbud1LzkIB5Qsi4A4yCgEHKOuhoPZANT9Co6uaklEjD7EditbbK5tZEAHZI7Z4WMkbjjsjW2vlppgQ7H+quFm3hmfUaZyjviegtS0+6iUdSKiFsnOQpYOU5PJy2muwckYd2yUqV5gmaXbNJRVGqGkEEJieBTWS9jkDhkd0RVVuqskRO/VW7XgBaIv0Z5xaGEDCEWc7Iy4QOcI3H9ETwyHJD7KJUQasZCsyMnhBfEClyr3DN5RPjmpJfFppCw8kAq8tvVUb9MFfGWu4DxwVFnpcj6VWz0bwCWtyViv02eDt+M83qNC0k/tNtI2ORoc3B2VfNEW52WbpL1cLW1rJ2Oez1C0dLc6K4MADwHdwdly7NPtZ9L0HnaNXDKfJBmYC44Cj6XNCuKinYBlo7KvmiJyFisi0dpS3rJGDwSQgyw53SlaY3ghJtQQAC1Z12Kkw1LVFjhHKd+xVjDMBgHCo5Rq3CfBUSRgNcc4T4TwTdgvZmNlGQN1XMldFP4bsD7o9JVtI8wTqqnZVML2DDgnqSKyS2O1MBTJGZHqqulrXQy+DO4jsMlWrCC0EHKNSwDnfwzM3uzc1FM33IWYLSCclekSx6hg7rMXqztDjLC3B5WiFmDgeR8dn76zKzxg7gKNTTPik4yrB4DsgjhQqmn0jjlM+T2jy9tL6LiiqxK0bjCnMcCFlqKqdBhhzv3V3BUgsGVprmpx5Mri4j/ABHUlcKiE4I3K9U6H6p/iMfyk0mS0bZO49l5XIA79FIsFwfarkyZrsNd5Sl2RwdzwPk3otVHc8RZ9BQyaXA4VtSyiUNbqGfRZay3KO50rJGHzaRnBVvTSOp5WyZJA7LDZDcfcdBrYWxU4Phl0WOYQ4BS6V+rGThCglZOzPchNw6J+QNj2WOSwzuxeVn0WrN0ntJwhUs+RghSDuNgqCBjlEHCZjBTxwoQ6klgruCoNGYKcnYC4AcqCsHMHlMR8be6YQc8KEwgD25xug6fdSyMoZZnuoJlHJFewHGRlRaujhrIHQVEYc14wQd1Yub7oTm+6jRnsrUlhnhXW/RFTZKt1fQxkwk52HCz1FXasMnfv2X0bU0VPXQPpqmMPY4YOQvGOu+iKix1Lq6ghL4HEkho4RQWHyeP8n4t1P5KkUr2Nc3LRkKvI0lEoa/J8Kc7Hgok7W5OkLQspHmbX6IsowwuHZGpZC/AzwhP8wLcIUMrqeYHHldsVv09v9LPD+f0G+T1EOy3bwixS4OPVDY5rhsVyRrhu3lbos8ZKOeGTdBIBxlBewdwgQVZjIbIefdSxIJRlqYnkXKOOSJIz0CjuB22U9zfZBez2RBxf6ILm+6jvha5T3M43QXNxjdLktw3cVdRRB444VRV0ZZkgLVPYCMYUOSkDwVnlTno102bTJua9pwVzJHKuqu3gHIbjZVdRE5rsYWWcMG6NiYxzi7lTLZfLnZp2zUE2kg53JwoRBCY92CMBJaTNVN9lFisreGj3foz4o2y8QtpLyTS1DQG+Id2P/6LbPa36mnbK+VWSHkc9luuk/ijcrII6O4sFTSM2De7Qs04Z6Po/hPq2Lap1nD/AGe2ae+Vwt2QrRe7XfaYVNulD2OaCW5yW+ylubzuluOD3tV0L4Kyt5RFLRndDc0EYUg8pirIbSZAmgD/AMKg1FF6K7EYIOVHki3OyvIidKkZ2amLeB+6o7l0/FVl0jGgOPIWyqKcO4aoU9HjGFaWTmX6RS6POpKa52SUS0b5GY7A7LUWjq63XOMUd4iEcmNJc4ZaVMq6AyjJAWYuvTD5iZaSQNdzgo1JwONdpZLhdFxeeiGPaK2yyNOrfA+krKPbJBI6GZhY9pwWlHt3UnUvTM2ibVNAMDQ7fC11PWWDrOLSY2RVQGT2dlPhd+zm2aRLiPZiSCcEIkcpjIGMq3vHTlVaXaXsL2jcOA2wqggErQpJmKUZV/kiZDUZwCrug6gdTsbFUN1s4zzhZgZGMHhEE+AMrRGyUOgMnoDHQVMQlhdlrhnZRqmjgf5i3S71bsVlKS41FK/MMpHt2Wgt96jrP5UxDH+vqtVWohLtgyjkm0txq6DyO/nMPZymwSWu7ZwfAl7hQyGbl2yjS0QefEiJY/sW7LUrgMFu6lraLJY7xWdsHKH/ABCB/kniLT7hV9PdLjbyBLmWMfmrSG6WG8Dw3uZFL3zsmxuzwVkF4LD56eTB9Mp/zksPlmZqHqnSWOdp1QS5YdwcqKX1EDvDqI9TR3Iymp5B7JzJIKgeQjJ7FcntjZG50DdR200co8Smk0u9EWOqrKfyyMLgPVX2KnXGXZQXXpmOoBIj0u9QslXWWppHEljsDgr1KK4Us50vGh3cFFqKOlqItMkDXNPsqzg5Wr8XXYuDyKK61dA4NJL2+h7K3gvMErWmRuglaK4dG0dS4+G7TnsQsldek7pbyXNb40Q4LfRHGeTgajxdkOi2FRFKAYnh3snElZEVE9G8ZD43D12U+l6heXASnI9CrWDlWUSi+jQSRRTMLJYw4e4VTU2GB5JheWe3IVhT19PMMh4BPYo4IPBBV/FnkGErIdGSq7VW0jtWjWz1aozarw8NcCPuFt8Z2IUCts9JVgkxhrj3CTOvAS1OeJspaW6zU5D4ahzfzV5B1LTVTWw3GJr87au6pqnpqeNpfBJqx+HhVM1NPE7SQ5pHql4aD212co3Tra2VgntdWHbZ0EqM+Sqp/LXUjmj1wslTXWuonDTI4Ads7LQ0PW0UoEFwiD2nbdXjIM9NOPKRYM+Xnx4RaTzjKZLCQNwpDaSx17fFoJ3QyO3wHYGUGanvlMd2CaMfiA3UlHJmcZQfJWy2ynfqLoxvvwqmosFPKTgYWjE8ZGJgGuTRE2Q+XZIlUn0OjqZw6MZVdOyM3jGFAktdUzOWLfvgP04QXU+Ru0BIlpjVXrrPZ566nfGcFpC6ABnIyttU2uCXGYwoFRYIHNzENJWeWma6NEdVGX5GabtnCIypeNgpktlqWkloyPsor6OqZsY8hB8bQxWQfTHCsqAfqH2UhlY44BCrzG5pwQUvEI/CUvLTGyipFxHWBo3wixVWT9Th+apGv+4/NPFSRjYovkyKdCZp4q7AH8w/qjMrRn6icLNxVbsA5RBWOHcpkLBU6MdGld8jUgOkibn7KLJZaWUl8bg3KrYq8Nxl35KYy4R6QS79ExSyJlCcOhptFRC/VTyEY4IKC511ieW+I849FYR1+fKHIwq2u3cxpVkTf9SK2K51cZ0yPfspAvLuHOJUowUsuH4bk8oD7ZTucS1+PyQ4Jmv2hMuUUmzmNH5IbzQynJjAJ5wmvtrw7DP1QJKaaM4LSq76I9vpkj5WhI7DKabZTgZZMNuFGLy0cFITuKFpPsvD7TJBpZs6ozwmA17O5wEP5qcHaRdFZOOX5QOGQkn7C/NVbdnHPql84OJI8+qH823u3ddEzCd27KlBILldHTJaX/3lMMj2SNJY52gloZn2Tc0D9y3BTDTUrjlsuApsj7JiTecjn9PWaceSow7so7ukQ8fyJg4KR8o3tKntFQw+V7tu4Kv4ofom62PUirk6RuDTiNwcOyjv6aukXLAVfGauYP7x2Puux3CujORIglTF9BfyLV2zMy2a5RfVAUB1FWM+qFw/JbMXaqP1sa7HsifxYOwJKZrh9gh+ANaya4ZhXRPacOBBHsm6RnfC3nztteDroW/+UJn/ALhfkut4/RX/ABwo69R7jkw2keoQnRnnC3xoenJW5LGx57Y3QP8AZvpybcVUn6oXQH/xGD4cWYcMz3XNLf6ltn9JWc/3Va8fcoEnRtM7+7r4sn1KX8Qf8yt85Mjo9CkGnlan/Yeud/cVlK4f82EGXoq8MG7oHD1DlTqyEtTW/ZnTGBjG6To+MFWs3St2iyTGD9jlRJLPdozvQyffCH4WMjbCXsi6WjZcLRpyEQ0NY36oXD8knQPDd2nP2VfGM3peyPjfCe0NxwueGc8EJ4YcIHDALsOeX0Xcn1XdJz9KWAoolqeTpye6cD2Sx65/RD29FSrfYzKCHZdXN/Vc55KpQZOBY/w/uu8dlzbsl+eEarkwZvAwHC7yn6m+qWpvqr2ZAGlpKWD6IuAlgKtrJyCw7+n90sO/p/dF0+y55fUfqr2k5GafddxthPyPUJZHqFEsE5QzB7FLHon5SyPVWC5pAwNR5RDGAM4Sw7+kp5BKPOAt8QScu+G4nhPFNUncRqwd6BpIwo6kn6EQW6od+FQpWR9kLOU/I9VLbaKj0RBZjyW4PqoV80P2Vy5qb6qwNA0HS7b804UlMOeyHBPlT6K4b8JYPoVY4pBgNIBCbqiBB2wouSKxsgCJ3onCF3cKb49M0YzuhmsZwGI9pe9/ojCA5wU8Ure+/wCa46o9GpnjEq9iZWXIkfL0wG7Ql4VG3ducoBd6lN8h7pLQTi2SNbAcNGy4XNH4VH1gb5TfmdsYVE2thHyAHGEKR4xnI+yC+bJzhCcT6qp59DVAIZiCuGYnsuYKWkoORnCO6yuZKL4Tj2XW0jid9kSi2TgDgndPAOVKZSbAlv7orKUDBA/dFhipzUSM1pA3CK1p1BSAxoGMJuj2TVHIrfkQDdKGeUTwjz/ql4OeQrxzgDDY08KMQ7Km+H7JCEZV7BilgieE7+n910RHO4U4RMAxhcIaNwFWwnyEbwz6JCMk8IusDbSu+IP6UDWAd7GinyM4/dLQ0en6rvibEeqBglw3VBdoLpHolpC6OF1DgDLycSXUkcYORcXuQxzfdNLM90Q5xstT0l8Meu+tS02Dp6onjdxLjDP1TY05FW2xqW6ckkZIt2zldpaesrJRT0dJJM93AaF9OdFf2PZn+HW9cX6NjSMuoqTLnfYuz/ovb+kvhH0p0ixtN09ZIqYAY8d+HzH/AMa010ts4Op+pdLRLZV9z/8AI+TOkf7N3WF8Y259QSQWWjaN3VGS/fP4dv8ANe39HfBzobpZ4FHY2XetZxJUjy/+EHK9vg6RoIniSRodjjIVxHS0kAzFCA7GMrRGtRPM6/zeo1vDeF/bg88penr3cpDFVYggGNLGgAAfktBRdDUUBDqgh/2V3UztjOrb8lEmucxGmI4RqODlKbkSKe02a3efwW6h/UMosl2pYRiFu49AqeVtXVEFxynMpvDGp2yY1hFNkqe51NRtqcG/dR3ZJy7ddDmsGNK54moYxyrjEs4SB3QXvLj5RwlKO5KGaiKEYJyUWGQK6MvxhLxIYR53Yx2UOWrkd/dnCg1VTHRtM9XMGMHJccK1EJRb6LKW46fLAVDNXUS5LzkH9Flbl8QrZBmK10U1xmbw2Lg/mqmRnXXVDdNTL/Cqd+4bC7EgHoSjSDVT/qeDR3vrXp6yhzKi4xOnb/w2nJWVm606o6lYWdL2vw2cfMT8Y9grO19B2m1uMtRGKyV25dUec59d1dARUwxDFpzzgqw8xhzFmQovh9U1kravqe6SVh5MTnHS32C1Vvt1ttMQjpKeKJrfRoBXZaskY4Qh4kuzSVAXZKXZInukEQ2yXKEamtrDpiHlUqO0ibzTDZSozT0zdOwwoW5siR2l0ml9WeFMZBBSgCJoCbJWAnZyG6QyYIUB7CyVJAw0cobZDk/9U3T7rqIMNkpZKCkoBF45CpJFwBwU10jQMqEyFTS8diCVHmqAME7BYvqH4jWugc6C0yOqatnDWFQONcp9GxrqtlOzU86T2C886j+JMLZTbLc51ROdmtZ6qJFZOsusJRNeZ5KGn7xuOHH2IW0sHSVo6dj/AN3ga+V3L3DJKho2qtfdyzHWrou8dRztuHU1S6Om5FKHnJ+4XodrttDaKMUdDCGxsOQMIhaCdk5qgDnJ8HXOJPK5kriSgjPOTuSlkriSg0+Uk5NTl1T2A1JJJCAJJJcPCAgMcpkxIxhd/Eo9aR4ZWW3hDksvBVSu8Wt8xyAmVzxFFr9AnQj+a5/OFDukuIMZ9VzLn9m9nQqW5oqIPPVF5GMqY4gd+VFp25Or0UprSXALNXwtxqlLai8tkWim3GMqvuT3OqCHcDgK5jYGW874KzdS8ySEk7rQ8Rxgy18z3k+1Nx/Owote90lS8k8HAU6ib4dE5/GFWSEucXk8lVJYQ2H3TYE8hcPK73+y4eVlsNKOJJJJZYkkklCDEkkkZBJJJKEEijbYoY5Tz9J+yGUsFPomQkMoZqju7LAoEY4Uxx8K1xjG734UeMAfkhz7FrlhWfSEM/SUVDf9JVZLisMCeUxPPKYhseAmcwF0cpJDlUQJ2Qnd0UfShO7obAwB5TxymHlPHKWMYQcIc/ARBwhzbgKAx7BvGXBbTpePLmYHb1WOAIdutp0kDqb9lUz0fgl/r5NPIMMOSoluy+vO3BUupHkO6jWYg1TjjOVksPbr8sEyba4MA9U+fepdhMk/+eIThvXOB4QmlcEan/7eUerI8c7oMA/94n7pVZPzDlAg9Mca/siNH8jfuSo0OdJ3/CVMP9xF/wAqzzHRjkuLDHwSOy7dpHGQt7BGtQ8Omc4DfTsq2umcZfN33Wd/kzeuK0gT/pGSgV5/kOx6IkpyQo1c4eAc+ij6EW9Fh0XGXT6vTlbePzrI9ENAgmkxv2PotdStLzgcrNM6uhWKEai0M8Ombtysx1/VAvjpO43Wttrf91YVgOtpfFu5GfpbhLr/ACD1stlDRkrm7FPys/C7xJwCPdXd2H8jlUlIP55XRj0eL1E8zUSwzg7I9N6nso2zdyVKpdhqUuf24G6aO6YyscWwuxsSFW0wOecqbcnnwwBtuotCMz/kuPf2deqC+RYNP0c3/wB6Nz2wvVwf5TfsvLekW/8AvVq9TxiIf8q87r/9w9v4pf6RXwYNTKfZVnRbdPUtwnHoWqdSP/nTOPZQeg/Pc7nLjP8AMK52MHSWHYjXTjMmrCLGckIbnajnGEWFvmCVLlnQksAq4lrD9lk5na7jrzyFrrhjwjj+krHRf/PBydVHAm7sBemj+Hy/YrvQdLpppJyPwofUBDaF26sukGFluOBy1aEsmDH+uQOpp3NZI5hAOCsRGNUuonJI3Wm6pmIZKMcZWWoiS8/YJyWEc7Vfdbg2lnbhkX2WroACc+iy9qOY4h6LYUEbQwe/K5+plxg7WhWY4LRu0QHsqyt7/dWg/uwqus5P3XKkdT0UtIP/AH/Tj1cF63gCMAdgvMaKNgvdNluSXBeoaXYGyRqOSq1gmWT/ALUfstAqKx7VR+yuzyuDqHtlgacSSSWeTTIdB7Ig4QxyiDhCGdTk1OTENEkkkrIJJJJQgkkklCDUkkkBBiSSShBLGWt/z3XV+qGgD5Knp6Jw5zkeI/8Ady2RcAMk8LC/DdxmF/uhGr568Tlrv6mxnwx/94nwM9nZsm78Lq4CDkhdTCkdbyESRuMJsQBeM8Ik3Oyg4EOF1cHC6oGMSSSUIMSSSUIJMnIEZPOxTyRwgTf3TjnsVceyHiXTzifi5diBxB/0XqrHk4XlXS2HfFq8f/SQPzXqcI8xC0S6Mmi/q/yPkwaimB/7wn/6kqxd33UBoHzzA4fQwuCmN82+pAbGsjH8oT0RyG9UUVtwIdcrewHOJCT+hV08EHdUUrD/AB+lbyCwvWgqyBCSB3RgnBuOcpswBieD/SUwcBNn/uX/APKf8kzBeCFbc/JjPqcfqVJiOHZHqgUAxQQe7f8AUo4OEUHyGYmky7qW6PBziTH+S0EfZZ+zDxbldpv66ogH7BXQBAxlbYegGZnrskx07e3zMf8AmFZj+6b/AMoVZ1x/2WkPf5ln+as2/wB2z7Lt6RYWTjX/AJlBf/o/NQ7fjQw/dSL/AP3ZPuFEtv0s+xXoKeUmcq9/6mBXbZuR6LyjrhobeI8d4wSvVrru3C8r66BF3iP/ANCC7Hjf9w8f9VL/AOTZla04mxxsovT7j/HT90W4HE3PIUXp9w/jhPuvTRWT5fKWJQ/ye09MuHzT2f1MWhPKyvTh/wB/afVi1p5WHUrFh9T8U/8A5dBYRkjfhVfVm1LTYGcShWcIy4Kt6oA+RaT2cENT+7A/WxzSxocfBZvyFkutyTQEZ52WsZ/2dn/KP8lkuuMfIt/+mBdivs8T5XjTSPJa4aWSADADsYV18MZR/EwCRvlU91OmSaJo4cXI3QMpbfWjOBhdPSv70fItSsTaN/1GdNRqxnfYo5I/hwyeyD1E3yRuP9WE0nVa3b9l24s8/csSLHpOUO1AncFGuAOKgA8hVnSziK4tzsQrSpP86QY5RvoQ1tMw0eVzOScrP1hJlc0jhX8eBXSA8KjryG1LvdYdQ8xyaKSsidpmbgd1aVIBp844VZMA2Q42VjE4SUw1b7Llvk1t4M1cGgyEegVYAQSr+6Q6fMBuqN3lJwMLNdE20y3RyMPIUqB2lwIwour2XA7Bylxe1jnHcjT0VRrAGQpjvYrN0FYWHzK+p6qOVoDStUZrBitraY9+2xVbXNBYdQyVauII2UGo52CklklcsMzk2IpAMKRGMtQ7hATJrC5AcADKWzf+SyFzjIXYZHRP15XHsOA5cfwMKims8FtIxlVAHEZyFXOaWOLT2RKKsLGaHcItVFn+Y0bEZV4yJf2SwQSzBG6jyM23UrRvunPiKVKLNEZFacsIwplFU6Dgt5Q5Yf8AD+6CTo2HdKeUaKrXHlGhpalrxuAlUxh7cgKpo6gsIz3VvFK2Vgyo0dOi928MpquDS7Ab29VU1cZzwtPVxNPDc7Knqof8H7rPOORs45XBUNYWuB9FdWm5OpahtQ07t7jsqxzDqxjC5TudFKNX0u2SWsEon8Fis9o99tt18eChv1K/D2Bolx39SvdLJc4rrbIKuMglzRq37r5T6DvB0vtc78tcCG57L2X4bdQGiqXWepflrvpyUiSyfZPpvy0LFHc+z06ZoeMEbHYrB3Wkdb7k8H6JDkLfOOMY3yqXqG2iupjKwYexJsR7W+vfHcjG1kIGJmbEc4RWHLQc5JCdT/7wx8Txhzdio0WpjzA8nLDge4Skc9RaNV09UuewxOdwr1oDsjGQsTb6l1LVscCdLvKVs4XgNDj3T4SwNis8M8p+JlhETpHtj8r8vC8QuFM6mnLCNjuF9X9WWpt1tkgDQXtBLV83dVWx8M8kT24cwnsujVPJ8/8AqXQqL3IzONcbmjkqtnGrLe/CsqcaJcuGexUe707KWcFg+tdWiXB8t8lpVGWUX3RleJKOW3PPnbkgeqnB1Taapt6oJHRy0pBcGnGVjLdXOt1wjqW8ZGoeoW7dIIa+HxiH0dyaAfYldOqS9nktVXh59M+peg+pqfqnp2luMLwXOYNY91Ou9u8cipi2kbvkL56+EnVA6G6yksVdUuFDctog47NeDt/mvpjaWMEHLXDYpuUeJ1+l/i3cP7XyhlprDUQBj3Zc3ZTHRjsVTBrrfWhwOGSHP2Ku2OD2hw7phzwT4w7uq2tg04lYOdiFcEZQywO2O6gRRtd6hPSqo/l5yzGx3Cc1ocM5UIMIyqq+WmC6UMtPNGHBwOMq58P3TXs43UDhNwllHyd1ZZpLLdZqORhDQ4ln2WXqG+XYL6L+MHSMd1trK+hhHzUJJIaNy1fPU4wcHkJVqyj3PjtTDUVLb2VU0WXZIQ8aeVMlaC5RZYztgLDOLOvCSQmpjkh3Tn8JRcuyMmp55Qzwg6DXDEcYKjYDTkbboxymoJfsci0tF3fSPEcjssOy1sM8c8YkjOQV548HkFXtku4jAhe7Bb6902FmODn6nSv84mvBymTNy1NhfraHA7EbIycmc5prshxSOhlBwrqGcvaFV1DASC0J1vqzFN4bk6GRcopl20Lq6xwcMtTlsiuBWAeAhlueykIeAphEBGJqjPhG+2FNLduUPwzk78pdkNyJ10U1XT54G2OFUSw1FITNATzkgLTyRau2VFqaYluA1Y7dPuNem1M6ZKUGNtXUTahjaaqGmTGASeVaBrZRkceqyVTRuY7XG3BAylR3qupJQ2pBDCcNPZcy/SntfE/UDl/p3vBoqmkycgKBPCWKbT3GOqY0Yy7vvsU6eIFocByuTZXteD11epjZ+LyVRkLTgjlNec4LThGngOcgbKMfJ9Wf1S39g7dkI2pdE4bqzo7nCQMndUxwdnFNDdsg79kSsKUsMvbjQsrIvHgxqAzsolDcXwPFNUZzwCUa33NjI/DlzkbJXCijq2GWMYf/AJrRGWeyp55lFlp9YG4UaeIO3xlVFDdJaOQUtXkjOGuKu2vbI0OYcgpyfBFNSRlb3ZMF1VTNx3c0f5rOTtLxjGML0eaMY33Cy96tgjcJ4G7OOCPRHFnF8loF/uVoyU0Ja4EDGFIpasghpHCfOxp2AUSSIxu1BOhNx6PNW1clzHOHAbp5weFU0tQM4KsI36htun/JvMyjhm06P6jkodMT5DgHBB9F65QyNrIWTRuBDwDt2XzrHK+J2thwV6f0P1RinZBJLkjbBKRLGD6L9M+YaS01h6ZQ1zaerEMow3sVdeScam8dlQFrKmn1RkZeMgqytlW1oFPKcHsT6rFZHLPqOi1SX2TZYQeWUNO2VPaAFDfGSQWjCPTyE7EcJLWDp8dhSMpw5Tk5jNSheMHABhdwF0jBwV1n1BQI4Gk7gJ+hvongDC4oXg5gYx2TXNbpOyekoWRSDlcUktbg7KOQcqCnyCcMhRyDk7KYQcIJZufL+6gucACj1tLHWU76aVrXMeMHIyphZgZyhE6u3CtdmaytNYZ4f1t0HPY6l1bSMLoHHJAHCzTJCW4PphfR1dR09fTupqlgc1wxv2Xi/WXRdRY6p9RTsLqd5yMdk6LPC+X8U6c21/iZgjAJUaTkHHCkt7oUjdtlprltPF6yv5IOP7DUdTuGlWTfMBhZ8amSAgq5oqkaRkLp0z3I+c6/TOibCvp2PBLm79lENRNSSBzmYYThWeMIU0LJWGN4yCnnNUucPoNHJFUxB8bh7j0QpGDCqpKeptsnjwuLo/xNU+krIqxgcw4zyD2KMLZjldDXnB4QnKa+LvjlCcz2UxktP0RSzHdD0BSyzPdC0+6BrI1NkCogDhsFUVVJk5AWhezKjSQB3ZKlXk0V2uJlp4TH+HCi6c8rQVVLrzhqq5qd0ZxhYrK3E6FdqkiEBhdD8nhF0HBQJGHbCztDpfcWVrv9zsc7ai3T6SDnBOy9j6K+KlsvzmW25gUlaGgN1O8sp9vf2XhKexxaMjlLlDJ3/F+d1HjWoptx/TPqsuB3HCaRjuvCOj/ihc+ntFJcGCqo27Y7tHsvYrF1TZ+o4RNbZ9QxktOxCVKto+neL+oNJ5JKMJYl+mWRBQnDsVJI74QjygUXk7zeFyR5Ix6ZQHQ69+MKc5urumBuO6dGIixZKuelDhgNVdPQhrsrQBoOx7qNNAH9se6mMmKyvJlbhbYahuiWMbhZGv6dqqWU1NvmfG4bgtJC9MqKAO3AVfPbyOAFTX6OfdpvaMhZ/iFcraRRX+m+apx5S5wyQFoJ7bYuo4fm7DUMY476T6+mFU3ax080hdjBcNxhURttxs83zNtncwg58p2P5IVc4Pk51tUU8TXBOrrbW22Tw6uAsB4djYqI4jI3CvrZ8SaeVoouqaVhx5WyGPOFOrOlLbeIhW2KtjcXjIDXbfotUdVGSwc6ej3P/TMqHHGQeF1srs8ldrKGstshirIXMIOMkbFCDwQnRtT6MzjtWH2W1HeZqchsrzIwdid1d01yhqGjwZfyKxj885TY55InamPLT90+vUNPkU0snoDZWuGHtBQX0FI93iCMA+oVHb+oI3BsVSMEbaleMflocx2QeFrrsUugAsFxvFrdlj/mIP8Au3bkfZWtL1DZ7gPDrP8Ad5Dt5gqsS7jUFyeCiq2YliGr1A3WtWOGAMl5La9vHoZmvadxpOUBlbV0rtFZCJY+ONwqOL+KWx2uhqS9gP0Eq3p+qqSVohvFKYnHbVjZPhbF9gyltJXytquPmb5XemcEIM1DdaJuuEvfGOO5CM+3R1DBU0Mgc07gsO4T2V11oGgD+YzuHb7Isp9ASakRobk1/wDLnbocO+FI/lyt8pa4fqisrbHc/wCXKwRTHnbG6DPYjF/NopiDzseVYLSawyqunT1FcAS6BmfYYWUuPRUg1OpTpx2IW2FZNGTFUt0uG2SOU8v8VuQcooLLObqfH12PK4PJKihudC7S+J+B3AXae7VVOdi4/mvUJ2R5LXxsd9xlUtb0nbKuQzGIRk86dgU7GODi3eKeftKGg6gjcQ2oz7q2ZUU8rQ6OVpB91TV/SNbE4vox4jPvuFVyUlXTO0StkYfzQYOZb45x9Gv2cMg7Jj6SnnaRLE12e+N1m6W8VVL5XHW0dj2VhT9QxPfpnjLR6hC4pmP4Zw/EVV0zDM4mJ4bn1VFX9O1NMSdGodi1bOKphnaHRyAg+6JjI3CGVWQ4W2w7Z5y2SvonZie4aexVxb+ublTkR1uJIxtgrRz2qhndqfA3J7gKouPSIc0yUrgc9il7Wg1dVY8WInw37p+6NAnc2F7vyU11oY6ISUUwcDwWnKwdX07X0o1iI/kEGju94tLwYZ34ad2EnCDLRJ6WqXNbNy+kuFKPEqYHOZ6t3QxPE/Hb7hVNF8RJw8Nq2tc07FpWihvVjucA8QMbnkYwQrjtn0zNKE6u0yMY2ObkHKEYRn0Vgy2QStLrfUnHo47KHLT1cEmJo8j1AUlUKcsgTStIORso7rfA7YsU0TQ7N1HKKGBzctbz7pTqXsZG1x6KWSy07gcNUN3T7SSRHstH4Y7BNOR2QTog+kNjqZr2Y2awVDJCGcehUKa31Mbi18Z27rfH3ahvijk2dG0j7JD0y9D465rswQjLNiMJO+63MlsoX4zA3PfZVtV01BI4ujOAeyF6eXodDWRz9xmA7b1Sa9zc4BVxJ0rUNyYicfdQ5LDXMBJaSB7oPjcexvzVz6Ax1crNgThSG3QbB0Z/VQ3000RxIwjCCXHBGChyxmyMlwXkVyYRu0qSy4Ru2x+6zTXbYDiPzTg9wOS5x/NVkW6EzWR1gO6IakOG7VlWVczdmn90dtfNndyJSwLen/RotNG/zOjGTyuGgpJxhhDDzyqeOv4yjC4t91MoFVSRIfap2k6SHDsVGlpaiMeZiPHXOduHEI7biQMFoKspuS7KdzHtJDmkLpkDeQrllTC44MbRn1CbLT2+XJLQCfQoWskV2O0UzS0nsmNdoOQ7Cs32immOIpvDPqgy9O1QbmKpid+aXNSfQ6N0CM2pl7uCf85JGQSchBlst2jOS0OxxgqPLTXJn97TSY+yptoPMJ9Fi24t/E1O/iEXduFTZkjAMrXDO+4TDWROOnJCHe/0X8UHyaD5ynDNWQfZOjlhmGzh9lnmvzuHp4c4jIduFcbfQLoXo0BEI5eP1TPDYdshZ/xnsJw4/qnCoqGn+9KN2pFfAzQ+DGe4XPBZ6gKlbV1A/GNlwXacbEZQqzID08m+C6NOc7PP6pCB39X7qmF2l75ThdndwUfBfwSXoumte05DiPzXfElA2lP6qk/ix9Cui5kdyl7ki/gmi5+arA7ImyB6qQLnVadJcD91n/4qfddF1P8ASSplMp0TZd/NnO7Iz/4Qk6enOz4Iz/4QqX+Kj3XDcGk8n9VUlguNM4lzm3d6aM/+EJuLaQR8vH/5Qqf59p7pnzLf6ygaTC2S9suDT207/Ls/8qXy1uP/AAW/oqf5pv8AWUhVDs8qlFItxcu2W5pbdgjwh+gQTb7f2aP0VeZz/Uf1QfGkzyf1RJxSwivj/wD1mWv8OoB2b+iX8OoM8N/RVXjSf1u/VLxn/wBZ/VCkk8k2S9SZZfw+g/pb+iX8OoDtpb+irfFd/WV3xXf1lHlfot1z/wCZk51qoCc5H6Ln8KoPUfkFB8V39ZS8V/8AUf1Q9kcJr+pk7+EUH/eP/VL+EUH/AHj/ANVB8V/9R/VLxX/1H9VWEDtn/wAzJ38KoB+J/wCq6LbQjbSP0UDx5PU/ql48nqf1UwibZ/8AMyx/hlD/AEj9EhbKEb4H6KB40nqf1SE0nqf1Uwi1CT7kyx+Socf3bf0QvlKHJ8jf0UHxHf1lD1SOP94VIRyMUWlgt2sp2jSGtwP8K45tL3a3b2VUXPH4ym5kP4yjcEi2mWRdSA/3bf0TvmYWjYBVjAT+I7JxBx9RVbEXtZNNZGOB+yGawdjhQX8rvl9FWMBbMks1zwD/ADEF9ZIRjxMhR0sBTgNQwONU/vumunLhhMyEi4BVwEojHZJzhc1EjCTpA38KjeISfpQZDUUgxZnfK75PUfqmGR2Pp5Q3RvPqqcmi3tDbf1BMMwwduFxsDz2/dPFITyrTcisYAmd2dgl47u7VIFJk5xuiNpWhBtZN+1kIiQ74XAx2dxhWjadoGNAS8EDgKbA3YVpgc7GGIjaI8lWPhNbjYLrmDACYoA/KQRSD0RY6UNOQpOD6p2n3V7EgHOXsCIm4wAu+GBwEbf0XBqPCL7Yrgjk2hmAOyROU0yN7peJGlPCFtNiBz2Twwe36oBqYRtq3QzWDGyLAeGTNLfULhLB3yoTqh3ouh5cM5VZQSgSPFA4wkZvsoespayryTYiSZyhmYnbCahtUyy1HAUnO64h7ruHYyr2sDb7QZJcbknGFpOmfh51p1jKIOnOnqyte7jw2ZB/NFGDYNlkKluskkv7mfS3PC+lOjf7FXV1e6Oo6xucFsgcMlkTRJIPbfYH8ivcujv7M3wp6NbFJJaP4tMzl9WdQcfUt4/QBMVJwtV9SaKiWyH3P+x8OdOfDnrjq3bp3pqtruN4o8t343XtfR/8AYz6orS2brO6Q21rhkwRsErx98nGf1X2HFHb6BohoKOKmia3DY42gABckmaPzTYVY4OFqvqTVXR2U4iv/ADPJukP7Nnww6LMdQ20/xKrZxNVYcP8Ay8f5L0mnpIYY2wU8TIo2jDWsbgAfZSXu7nsoktYIRknC0KrBwbb7r1m2bbJAg0jJ4G66ahrRhhVZNdycjX2VfLW1LuDhPjDBlxguZbmGH+Yf3UKpubpBiEqA1s0g1SuynMaGnhWGEEs0j8vdnKO1obvtuoxeGcDlcy55BAJUwQkvnfHtHshCWV5y53C4SGjLlFnu9HBw8Z9ii2svGSwJ7koD62FoIa/zKhrOoGniTDVUVF+cSBRjXIeBnlEoDFHJqqiscAXOOwVFX9R0NI0yPmBcOACql1uv14cJKqpdBGfwtdjKnUvTFup3Ne9nivHd26Yol9EGTqPqK6fyLLQ+Fn/jSt2CbD0bWVj2y9QXeaszuYtR0j2C0cZjiboYcD0UWpuRDtERwB3UGKbXR2ltFptQaKOjjZjggbostSMbYUBtVPMSSc4TmRSvI8QaQoSS3Lk5PVtBAc8hMzNLjQwuBUkUcRw6XGy5LXU1O3Qx26gvGAUdCXEOnbjCK+ejpxhnIUOStnmOGnYprIHuOp4xlQhIfcS46Ye6Gdcm7gnthaPwhSBGAMYRJZJkjsiJARGtwikYXMhUMQ4bLqSSoYMSXcbauB6qluHVVuonmCHNZUHYRQ+Y5UBUXLouZd8EOCyvUHXVss7TBC11dV50iGDff3PZBqLP1R1RmK7Sfw+ieciOI6ZcehI4VvaumLVYmBlFAzVjDpCMvd9z3UGLbX2smPNl616zLZbxUMt9Cd/AYPMR6EgrU2Lo+wWd3jRUEbpwMeI4ZP7q3xjYbLrdu6hUtRu4SwdfjVsFzKSSgPfIkkxJQsSSSShBJJJKEPlVOSTV0p59HrxJJJIQRiaTldPC6lyeAsjTs059FVXOcshOO6s5d8YKzl1k8SdkGTgO/VY9VLETTTHMg8AaIQ4dxlUV4ld4oYDtyrt5DY2jONlna14lqSW5wNlzrnmtQOhQuQ1K0CIH1yptFHrqG7cKPTtIhbsrO1xHWZiNggrWEkS3iOSbWTeFSloGFnWuLpFbXqqYyMR/iKqacFzgUyUucA0r7dxbB/h2/wC5VSeCM7lWVa8Mo2M91VkZHKlk3jAdKwnIR2TF1y4scnlmkYnpieqKQkkklCxiSSSMgkkklCD1z1XUsZ29SgISK86YqeEcDzobdxlPuBBkjb/SwBMbsFT6FQ6ydQkkR/0lToZ0ATUR/wBRQ0mz0UJOTU5SPRB54QXd0Y8ILu6trI0AeU8cph5TxylBMIOE1+xC60gjZMlOMFQGPY52DhbzpKMCAvLe2xXn7gcgcL0rpaIC1Rk8lBbLB6j6ejuuZYVZIYfsotgJMmTySj1jtIfk8DZBsDc+f1JWafPR7KPM0Tn/APzxCdxVEoRGu4ZRXf35QmhgKd2a9yVZ/f8A5odF/wBuefdEq96jA5yoSI9m36KWN4Y/sojFPhjMgjjaCVmsNtPZd0flpx22VTW4dUZB4Ks5HiKINA4GFRyEunIJ7pEezTLoe45DfZQbs4tix6hTmt4VbeneUfZDOW1CrvwZquh4cW4uIxklay3xaqgDGyzfSbA20txtly1VmH+8grK55OzpliuOP0aKkk8KMRkcLzPqiQy3qd3YDAXpLiGxud2AK8uu0onrZZAfxEfuqq/IR5aW2tIz13diE5Kqbf55CewUi/PeXFgdgAKNado8HddKPR4y2e67BLndggKfRgOgbvg8KtqCCVZtaGxsa3YYSr+uDXpE08sh3Lbyjsh0DcEnG6dWY8Z2TsnUQGMhcq7s69H5ml6R/wDnq37L1KTaD/wn/JeW9IEG7N/Jeo1BxGW+y87r/wDcPceK/wBopoHY8c4/CSo/w5dqluDyOXndEaQIpz/gch/DX/slc7G5lIyufLo6Ef8AcRsH7b+i7T7nC4d2hOpuVnecnRBV5zE7/lKx8QxWv9lr6/aF5/wlZKgw8yPI82o7rVW8Iz3dkPqIE0ZAO6venovCs8eRglu/6KivpIbE0jkrS28AWxmBjyJ67M8Y7rWzD9VSeSXb1VFaGh0hJ9ArHqqTM2hrti7dQ7M06nELR/ScPUS3WvBrbV9bR6YW4o2gNZj0/wBFh7U7VKB7rc0owxn2XK1XB6Lx/wDtko/Sq6qHl9sqxP0qvq/7l2OVzpHR9EG3YN9pv+YL1bA0j7Lym2Ai80zjxqC9YDTp/JZ9RwXHskWkAPkeBurZnJyqy08yff8A1Vo1cDU8yyGDRUJFWdkOjlEBGEJdHKoMKkuDhdRDRySSSMgkkklCCTU5NVMgkxPTEJBiRGRhJJQFES51cdFQT1UjsCNhd+yz3wzpXQdFW10gGqeN05Hu97n5/wDqv2TfitXSUPQlykiPmlYIfcasjKu7VSOoLTR0T8aoIWxnHGQnwM85ZlgmNI9QnKNk6uUdrgBglMCXQeL1SeclKL/RcdyoNBpJJKBjEkklCCSPCSR4UIDJOUx+zDn0T/xIdT/d7eiuPZDxHpQk/Fi8k9tvy2XrMLdR0g+q8m6XGPiffnerTj9l6vAdwFokspGTR/1/5H/Vci0fhgKktzgZKj07f/eEshGwjAUlBg3DEsZSykqIVwZ/7/hOP7uk/cvIVrUHVp9AdwoMY/8AejpQM6Yg390aZxLwB3RlBnkEDCFUf9klx2B/yXSMAJk3/Z5//pZTceiZBwDFFTgD8H+q7nC7CAKeEekYQZRhpJ91eMMsyHT+T884/iqn/wCQV8NmZVLYG6YJyRzO8/uVcNO2MLZV2hRmuud6akH/AOss/wA1ZN+hn2VZ1sctoc96hv8AmFZ8Mb9l3dN+Jx7/AMzO3/8AuH/cKHbhhrApl/H+7vPuFCt7hhi72nf2o5N/+6Ouw+kLy/r5mm6Rn/AAvU7oMln5LzP4hMxcY8nfSF2fHPFh5f6njnRyPPLs/RK33UbpwF17LvVHvRxIAUDp2TRdx7len5XJ8m/+pE9jtDvCrIj6twteDkZWIpHltTTnHIC2zSAxpPoFg1PMsn1HxEt1W0JB9SgdUA/IA4/Ep8H1KN1O0fw4bd0FT/1Eb9Us0SIkW9LH/wAo/wAlkOuD/urR/iBWugOaSMj0Cx/XG8DfuF2YdnhfLf8A4Znll2BFXI47ZaVzo13hX2M+v/VLqHaoOP6VF6Xk8O8Q57ldCniSZ8o1i+9nqXUwIpYz3LsoERP8Ld9gpfUozRU0oGxaFAZvbHn2C7UJcHm7vzYXpd2K/Geyvared49lmen3EXBuD2WiqT/vDh3IRvoyzfJmJMivf75VBcvLVEn3K0FQP9+J91n71/2nb1KyX/izVQiBNl7sqZTyERhnsoWoKRBOM4IXMNU0MuTAYzlUE8YaVo61pfGcHsqGdhGMlBNcZNGmZCOR2XNXsjEA524QSDlZZLHR0FycblpyFLpq58WMDjsoi445OQcIoSy8ATgpI09JWxyxB2vfgplQ4cjfO6pKecxnZWDKgPanJ5RllU4yI1cAQT7KBCcPGFPqd8/ZV3Dt0Q+tt9k8kGIt7qM4nhGgO35FMeCClBoFktxhW9PPHURBoOC0YIVU7jPoE2iqfBnBOwOyOLBsWeSzqIQNwMILSDsVOfpkacDsoL43Nfn1KKcci1LDwCmbjfGVCfGecKyOHj7ID4h6JMoDVLBDBdGckcKZS1x1Bp2UaYH0UduWuzhLaNNU5R5RoA8SNyXBRKmIFvCDT1GAGnKm4a5uxSZRydrTzjZHhlLNAGu4UORoBGArqpiG+AqyeIg5Lf3WaaDlFEu03CSinjnad28r160XQSMprrTvw5oBOCvDS8jYbLY9E30xj5CZ2QeMnhJaO/4TWxomqpez616bvMV6tkU4I1BozurJ7c7cg8rx/oPqJ1DWNopXeR/G69eY7U0ObuCMhLnA+y+L1j1FOHzgx96t77ZXfNM/upT+irq+EhzKmMbHlbW6UbbjSPp3bHGWn0Ky9L4QD7TUHErfpceHBZHHD4Nk4YIMP8wZC1VprDPTNY76o/KVlJWSW6fS8eU91aWqp8Gdpz5JNkyIh/aarAcC124IwvFPij086iujqoM/lTD917Qw4OVT9dWOO9WN2iPMkbdQwN1rqnsZy/KaeOooaa5PlKojEc72t23Xa2D56h1AfzIxyp91p2srHiMZAO+6FROayXQ7h+y7GnsyfHvJaTdJoyz2lzCfxDYrXWOo/jHSslGXZqre7WzffCoLvTfJXKSAfS4agUumroLRfoZXn+RJ5JG9sFdKLPE+Qo+xxj+S5NwP/rl6diraZ2iut3cc9v8Aovof4M9cRdW9HwRTH/faIeHKCdzjYlfOLpD0n1O6QAvt1xGrI4AP+fK0nS3UA+G/xAFZGD/DrmQ2odq2LSf/AJqfGTbPK6vSx1Ne1f8A80f/ALo+o6yHx6fVjcbp9DI7wAH7lOo6uCspPEjPPZca3TwtCPIy4eGTAcpIbURWWRqujbUtI79iqWBz4Z3U8p+knGVpBuqy6Wxz81MP1DkDlQgFI7qPDO5zMO5GyO12rsoQjVVJDVRGGZuQ4Y+y+d/jF0E6w1rbxSMJgqHEOIHBX0i1U/UNlor7ROoq2MPjPYqnyjf47VPS2ZzwfHIbjugSxgj2Wn6z6WqOlbq+lmIdG4l0bxwW5/zWfdkg7cLLOOT3Gnu+aCnHpla5ha4khcD89lIkaD2UN+WnjlZZxwzWh5BI2Q3tLcZHKLHIDjPK7IwEZCU02NZFIHKCQcqQ4YPGyYcIegwZ4Kj+YHOSFJPKY5owQFT/AGM/sX1gvzm4pap+Rw1xWobLqxgcrzPzRvy04IWnsN91gU9Q7cbAlNrsx2c7VaV43xNQTjnfKjvYWSF7e6OxzX7kLjmahnHC07jnNNdk+grA+MNPI5yrLGRlZuJxikGArmlq9bQForsEWIkHZPTOU9O7BGLhAxldSVkBOYCc4QHMaRg9lLIHKHgoXFNYIV0lM076VX1dEyeN0UjRg8H0V4+H2yo0kWeyyW0b1wFGbRi5W11pmzHI/T2Odlc2q/tqj8vUuAd2KsZ6RsjdEkYcPQhZq5WQwPMlPqB52XIv0rzwek8Z5WdTSmzUPAd22UKphyRhUFvvVZSvEMz9TePMrtldHPgM3K5ttLPbaXyVdyAzBzMBcY7nZHkAfgqO8YG3dZdjTNqt3coLnBBadwp9FWnAhmd9iqgP33KKHgcFMhIZ8mOC2rqFlUwkDDxwVApq6ooXeDLkgHupNLXuDdLxkDgo80FPVs1HGSOVqhPAX90ToZWzxh2QcjKFUQRyDBaCDsQqFlTVW2bwn58POxV1BUsnjD2HPqjymV8qfDMndbJUU0zpIW6oySRjsqOdgkGnhekTNDxxnZZS7WcRymWEY1I1I4mu0W57oGX0vjeNPdWFFUZADkKRgyQQgNcYH6wM/mnQlt7ODOv45F212d1JtdfJSVAc1+kFQKaoZJGHN57j0SkJBGnupY8mnT2yqkpxZ7p0X1C2tpWwyHLgMcrXaNgQd/VfP3Tt/koZmN1lvocr2rpu9x3OnAfINbRk7pGD6f4LycdTFRmzYWmrMzTBMfO0bH2UtxMLw4D91nZRPBKKuAnA5CvqSdlbAHu5xus9iye+onvikWUDhNEH7AojW6e6hUzjDLocfKeFO1AnAKA0Pg6kkkoNHJJJKEEkkkoQam6G+ickoQAQPRDLPZSkEhQV2ALO2EF0eN1KIQnNzsoLnAjEEHBCiXC309wp3U1TGHNcMb9lYFuTngoTsnkYTE8Mx20wui4TXZ4l1f0fUWWodPAwugcc7DhZZ7M919EXChp6+ndTVDA5rhjfsvIer+lZLJUGWMZhefKewTYTyfPfNeIennvrX2mOfGBvjhKkqTG7GEeRvIUGWItdqx+63U2bT5p5bQfLlxL6nqw9oGyksOcrPUtX4b2tOcK6gqQ5gwF0YSyeMvr+JuLDvaHDdVNTbXtkM9G/QeS3sSrcHKb4fujayLrmo9lbRXcPIp6gaZG7bqa92oKLWWyGpJkb5X+oUKCsmo3fLVjXHHDh3CKMsD3KElmJZO7oRByjNcHty0ggpuAoRMEgloKkpigRCkha7kKvrKIAagrhzfdCljykygpD4WOJmJYNJxgqLJEAtFPTB3DeAquppnZwAsllOOjbVfu7KwtwmuJZwMqU6I9xhCkj7EJEo4NO5AOSpVJW1tslbU0NS+GRu4c04QAMd0/G2EEl+x1Ns6LFOt4Z6h0t8ZGYjoepIHMcAG/MtPk+7vRen01RDVwMqKeRskbwHBzTkEL5be0FXPT3V176Yl8S3VcnhE5dC45YfXb1Smke48T9Wzq/0tbyv2fSCaRjusl0n8S7F1Pimc/5asDd4nn6j3IWr8TU3LeFD3dHkKdTFTqkmjh2QjGfRFOefVdAHooOlLJFdGCo8tO1ww5uysdPuhOiBIGeVGgHFMqJLVBIcloVPcLQIydLP+hWtMOBlCMOrYtCXOtGS3TRmea3Hp+nqmkSQgH7Kh+XvPTcwqLVUvDc50Ekt/RerVtjEpMkBGT+Eqgr7c6Hyyw7e4SJQfowT0zrf2ldbfiFQXRraLqWia1xGNRZ5Py/EFIrOlqWuZ81Yqlj2nfRnP6Kor7DS1YJDcOVXH/tD09J4luqXaB+E7ghFGconPtgpPEw9ZSVdA4tqYHNI742UdoDtx37rR0fW1tr2tp75TNYHDBdjLQf9E28WS0ut/8AE7JcontPEGf3B/0WiNyZlt00Ix3QM94WnDs5UyiuVXRnySlzR+FxyFXSmopnBs0ZaOxPdOZMCM6eU6NsofiYGmjYUd2hq2A6g13cEqe1xwsMHEDLTg9lPoOoamnAiqz4jW7A98LZTqv+ZgGu8Ut2xymvhiqAPFZlRKS4U1aMxP39CpoOxHqt9dinyhc68gImV1tk8a31LgO7Cdv0VrS9VNyI66HQ/guxsVAyc5yUOSOKUaXtB/JaIz29ithohFariNbdDXnfUxda24W85if4kY4HKy4pJKfz0k7mOHvyp1H1NUU58KujOONQTFfH2A24svm1LKwFtdTjH9WFGqLXNEPEt1Q32aSlBcaWsaDHI3fsjMmMZyBymxsS5RUnuK01Gg+HXQ+G4fixsU7wmEaongg9sq31UdQPDrIdTT6DhQqqwPaPGtVTkdmEq/kFSrwQXMexpGCMqBJSQTEumjDvupD6y70D9NyoS+LjLRlFhuFurG6WkMPoTuFZktoU+zN1/TlJM7VH5CfQKkqOnK2N5EYD29iFvpaRx8zMOB4wVHMboxhzcfdQy2aCEjzlwqqZxjOthBwVJZeayFgZrLgPVbGot8FUT4kYz6qqq+nWNOYRnP7Izl3+OaeURKLqamkLY6hpY/gnsrllZBIMRStdn0KzNZYJA3WYuO4VcYJ4v7qRzP1Qp4ObbpUukzcFuvtn8lDms9DM/W+nbqPOAqClv91oiGFwewdzurai6tonlrKuLwnH8QRYr/qFKqUOisunR0M2ZKcYJ7Kif09dKZ5Yx7sBejxz0NY3NLVxuPoThdNFJ9WxQS09cuYhK66HElwebw3q72s+E58gDfdXVF1y6RrY6jBPGr/qtFU2illJ8SFuojHCoa7oqjljJpj4cnPsl7LY/jyTdTPiawXlNcbNcWASBjHkfUMIpogMmkqQ/wDwlYio6UuNLF4kchf7AoEFx6gtQBeZNDeNW+EKz/WinpYS/CRu3xVUbcvZt7IWojkD9FUUHXQDGsq4dR4KuqXqKx3CQMOI3f4uFMRZnsqlV2sjWwhwBCa6PGxViaCGpGujqm57DPKa+31cbdRaH49FNiE78P8ARW+G7PCRBG6m+G5g88RGfZCcxpKHYxinkjmQjbSm+I07OZlHMeOQglpHZLnXkibQ11NSTDzxDKiS2SimyC0AH2Uvngrjj6lK+JMbG2fplVL0xRn+7bkqvl6XmBJhfgei0e4/EV1snsqlRD0NV9kX2ZCSwXCMnyghR5KCqi+pi2+rV2QzGx23+iVKnPQ6Orl7MQfEjOHNOfskZ3M7LYSUFM/8A/RRp7XSzM0eGPvhB8LGx1UfaM3HXEYzsUaOv33IVm+w0oGN1El6eAd/L/XKW4Tj6LVtcjnz0IH1blFiqGO/Fyoz7FMPpdhRpKKsiJa1p24KFb12i0oemWvjeh59EVs7gMjlUBbcIz3wE81NZCMu3RbmVKqLL5tZPnzOJwntuVTjB3WfZdp+4wEVl1bgapeeVTnFdlKnBd/NQyAtqKVkjXb8bhC+WtMx0upww+pCr2XCA8vCMKqnIyJQonGRJQl2mHls9ud9LmhQn9OAk+FVbeileI152IRWvGk5/wA1eyHokZWR9lW/p2uAzG5rh91GltFwj5iz+avDM4k4J/VFFS/GkycKSqT6LV1hmHwVceA6IlN8w5bhan5lp+pgP3C54lK/aSlj++lUoBrU4MucnkLgLR3WnMVCf/hm/ogSUNFJgeE0fko4N8IYtSvZQam+qWpvqrs2akduCB+Sb/A4j9Lwqdcwv5Mf2U2QlkK2Nif+GUBNNkmG/iNKDE16J/Ii/ZVHPdLJVi601AONTVz+Ez/1NUwyfNH9kDyrn5qZ8hPnSWn7pfw+b0P6K8E+WJDwUsFS/kZf6T+iXyMv9J/RTBW9ETUUslTPkpvRL5OX0UwXuRDyUslTPk5fRL5OX0UwTKIeSlkqT8nL6JGklHb9lMEciNkpZKKYJhsW/sl4Mv8AT+ymCOQLJSyUXwZv6FwwTH8CmCZQ3ISyPVO+UnP4Sl8pP/SVRMoaku/Jz/0ldFHN3bhRvBMoYXE9x+qb+iMLfORnKX8On9UrfgmUMGD3SL8b5RvkJRjzLnyEp/Erm+i00mBNQQfpTTUg9h+qMaLGzv8ANdFvgHqom2g98fRE+ZHsu/MZBAAUv5KH+g/ql8lCOGn9VHllqwhGQn8K4Xk/hKm/LNHAXRTtS3HJfyEHDzwFwQzn8OArH5doHCWD6qnBk+Qgtpyedk5lHv8AZSsgHdE1MUSK+QifKgchPbA0cDGETITS/YjCspSbY0xxjhODWeqETvsuZx3VqXGAuwulvZOamAZ3S8oGXHZDlBKLYRJC+ZgHMnCC+5QN4JKFzSK2y9Ilp+QquW6NI/lu3UZ9bO8gl2yreFGD9lwXMbuXgYTTVU4GTIqn5iTGCShE5OVfysL402WjrhCMgOyorrhKcjGyiLo5VObkO+OEUH+akO+Fw1DyMEJoAwClgdgo8sHCQhnOpEHAPqmB4HZd8Zp2VtAvD6H7LuR6qPqycZXQHO2AymxrbLf9w/lH4gu4HqnU9lutWR8tSSSZ9AtpYfgv15fMeBZ3gHnXsmKrIi3U6emOZTSMaCDwUhuvpDov+xtfrk5lRfaqOGAjJa3ke3K9u6O/sr/DbpmRlVWW91bUAYzIdv03VxqeTi6n6k0lPEfuPhzp/ozqbqmr+Vsdlq6nPdkef1XuPRX9jbrG6mOr6mukVspnjJY1gkd9j6FfZFHabRZKdlPbKCGnZGMANAyuS1YHcLRGvJ57W/U+psW2hbUeXdGf2W/hV0mY5qmAXSoaN3VDPLn2GSvVKOnt1mp20lnpIqeFgwAxoCr5rhADmR4GNlHkvVMxulp1FOVR567VXaiW62TbLo1TiSSQSgvqMjzOCz8lxqZXfyG7IJ+bm+uYhMUMCFD2XM9fBGfNIodReYuIsuKhfKD/AIhyniJreGhMUEgjj62ukzpbgfdDMdTJvK5HBxsAm68q3HIYBsYad07SE8kDkgLhIbkkj81biUotiDMd13QeVR3XrGy2lrhJUiaVu3hw+Z2VTm/dT3po/h9I6jp3b+LLzj7Itoew2E9RTwH+fURx/wDO7Co63q+kik8Gg1TO76Qs8+30kLn1V7uctRMeA5235BFp46upIbaqEsj/AO8cMK0gnDBKqbzW1Rw5/hjuM7qLqkmdopoXOcOSrSOxxRMEtc8OefqwpDquhpWaY2tJHoryCnhlZFYJKgaq+VwYfws2VjDR0VIwMgp2N098blR5KmrnOKYHHqiQ0VZL/fu2KLIxdBn18UflO/phRpaipecRjYoppoYnZO/quumpogA1+T6BWnkhHDJpB5jhPbRRu3kGUjVavoagONSf7x+AeyoAkkUkI50kKFJXtOfCcV0sLzucrogaNwAFBhDkfW1HlaThOit7sh8hBPoprWhvCdgqEwCZE1vZESSULC5HqlkeqHk+qWT6owAhTQCmv34J/JML5jtE0j/mChA+W4yXAD1VZWX+miyyhjdWydhH9P6p/wDD/mXf71UyAf0sOApMUFHStDKaBrffG5UG5KV1Feb0/VW1hpITxFCcH81YUVjtlrLZKWnb4vd7hklSw8HPbKbkeqFIrP6Hl3JyhkkrmT6piIjeTucpZwuJIxYkkkkAYkk1cPCheBZCWQguJ1HcrhceCVC8krI9UiQOSFCqayloIjPWTFjG8kqtivN1vj9PS1kmrGg/3sg0xY/5t/8AJVuRaj+z50SSSXRPWiSTEkvJeBi4OCnDlNwDkJE3hBLsDNJp3ys3K7xbkM8BXdeSIyQeyoKZ2qZzyNwSuffLfKMDdp1kPcZfBjJ1dlRx+Z+ojOSp16mPggYUKnAAG3IWS6WZ7TdGG2O4tIADANla0TS2mx7qtp2/yW7q3hAZRF3omRjwJt+5bSiu7tVWM9hlKhALt1Gq5hPUmQDA4Uu2Fr5A1w2S28PI1LbUFuGdLQSoQ5KlV5dJOQXYDdgFG047qpvc8hwW2OATlxOdsmrOxgxPTE9UUhiSSShQkkklCCSSSUIPToxqkaB6hMPCLRY+aZlQts7cAfmjvwEyPbKUxMkrnE9ynNUKisI4kkkoEBTU5NSLPRYk5NTlI9ACTDwnph4VsaDPK4unlcSgkOYchc/ElHwkeUSWS12KUbgD1XpnTxDbRFtwvM2/9pjzxhemWba0xpNx6v6bX+rJ/wBh1wcRBI8DgJ3TJzASR3JQbj/2WT7I3Tn/AGb9UiUsHrIv/UwS4f8A54ORP+MfzQof/ngUUf3x/NAPRDt//bZPuU9+9dgoFB/2+T7qUf8AtqjGRE0jUdxsVe2ine5pmI8rcrPRbzY/xf6rXPeyjtjWsbu8crLa8G3TrnICWUP1BVDv+1Zz3KsGSeXjlVcTi6qdnsUodN5JA2fg9lV3vhn2/wBVYP2qH4VZe+G//L3SbuhdizHBvOm4i21RZ7/9FqbSMOzhZ6wY/hMOB+Af5LS28D5dpwsLfJ3NPxFIsp5P9wncdsD/AEXlUx87yT3P+a9JuchZaqnHdpXmMzsuT6HhmDy8stQMxfJMynsm2tuIymX44mB90agGIgujF5R46KzqZIT3ZnYz1Kus5aB6BUh/7VH91djgJNvJ0qFwVNxJHiEeyNRHNM0nuEC5f8X8kah/7K37Ll3dnQpNN0USbvv7L0+vzox6tXmHRX/z3/RenXH+7P8Aylee8h/uHuPEPGmRQO/7DVPzwxyN8N2YtU0p5fKSoku1mqD/AIH/AOSsPh5tZG+//Vc99HSh/uI0bxjCLTfUPshydkSm+r8klrk6IK4kCnk/5Sspbhhz/wDmK0d7eWU7sdwVnaFw8LIG55Kb7EzWVki31oc+nH+ILStDWUQa3AHh/wCizl0Gqrpc/wBQKvJ3OFO4DGNCdBi61y2eadRya6sjIOHFdsg8rs91EvhPzpGfxKZadgfcrWllHnHzdI1FoGaluPZb2ADS0jbZYXp8A1G63cH0NXH1rxLB6PQ/7YU/SoFUdsKefpUCp2WJnQIlP5LjA4D8YXrGAaeN2OWg/svJ4nj56Db8a9Zh3oov+ULNeXAJaBh8gVo7cBVlp/vJPurI/SPzXB1P5jDiSSSzkCro5XEkIYUcLqEOUQcIhq5OpJJKEEkkkoQS5keqR4UYk5O5VrkhJyPVNTcn1XTwqKyNTBuFx/1FNBwMo4op9GH+KbvmKSz2nOf4hdaeIt9g4H/RbY8LAdXTR1nxD6ZtRfnwRNWuH5jR/qt01y0RRmXZ08pA9lxOZ9QUHEuDOg55Q3clFb9KCeVAhJJJKBjEkklCCSPCSR4UIAPKbUf3TvsnHlNqP7p32Vx7IzxTpdv/AOUm7kd85/Zeq05yvLOkwD8Srvn1P+i9Th8pK2LlcmTRf1f5DQN/3mU+rUfDT5S4b7IMG8rz/hTJSWlCopmuUtpGtdw/iElW3QB8tOYQc84VgW7crM9AyGoivEh//S85H2Bxhal4yFJRwLUskSlbmtlyfwrszg2dozynU/lnnxzpG6BN5qlrieGgIAuyWDkIUv8Acyn/AAFOQp/+yzn/AAJjDSOMPkaB6BMrdqOU/wCE/wCSLH/dt/5QgV3/AM7qr2iKOPZZmbQ3/dMgbFxP7qxZyolix/C4zjckqb+Jbqe0AZbrT6bf/wDtA/zCs3fSPsqzrT6bd/8AtA/++arR/wBI+y7Wl6Zxr/zZQ9RD/cHnuqq3OOGbq26i/wDne9VFu4jXeqe2tHJvli5IsLrjLPyXmnxEH/vCIjgtC9Ku/wBLV5t8Qd56Y9yF1NA8WJnn/qRL+FI8z6g2qtOcBRrKdN2YfRF6m/7WPuFGtn/bm4XsXHKPjs5bLkz2ODGmmqB6BbNp1U8cn9QCxFP/ANipvsFs4d6KH7LBqIH0rw0/uwTKf6ggdRgOtrvZEp3bA4Qb2Ndtft3WWP8AuI7uqjimRAojm2xFZPrUfygXbDIWrt+1vjHpsst8QBijbjnIXbr9HhPLQ/8AlmeU9RD+dk9wqu1SGG5wPz+IBWnU58zDx5QqOJxbNG4chwP7roVM+VayP+oz2W+HXaqZ3bQFBjI/hb9+wUm4Ev6ahlPJjaoERP8AC379gurXLKPM6hf6hyxSBtwb7haGpd/vrPQrKWWU/Nj7LR1MhNTH9k5nPs4lgrrrG1laC0YzlZa/DEuStTdn/wC8sOOcLO9QtafNjdZb+jXQsmfE3mwFKp93AqqMvhT47FWcGxBXNTyzoShiOSa/zMOfRUla3DuFctOWquq2gg5ClnKBpeGVXB+6a8DGcJ7uVzAWRxyb4zAOPIwhOyDupEgHHqhSgDGFGnEJSyJhwpEMpBGCojl3fbdEpckaTLAuDgos7cHI7J8bzgBdlbqGFecgqOBkMgBCO/DgCAoJ/luBClxSZbnCsNrA16iO8r9RHfKlScoEo4VAotKGqEjdz7KRPEHNBCpaeYxuGFd0UviNwU6DyKsjiWSHI0sdjSkW7BTZ4mu3xwo2c7Y4VtYKiQ527cKHK3TjblWj489sqHURgYWeccs0QkQw97XA4U6CrLgAVEc3CE15LvslNeh9djreYlsXCQKFUsHYJ8UhwMpz/MkTidqq6N0NyKt8WCUSknNHUsma7GCiztAUScEkLJZwx1bxLKPWrJd2zUsdQ0+YAAle49CdQNrre2ne/U9oyMlfJ3TV5noqhsTn+R22CvYOmb6611UVbGSYnAagChfKPqX055PKjCPfs95OOccLK9TUBhkZcoBgtdurq1XimutIyop3Z2GUWsgZVQOge3ZwSWuT6BP71kzdRE26UAnZ9TRuq6jkcAYnbOYVYQl9przRSj+TIMN+6jV1KYKzxGHAdugMso5NPbaj5mnac7t2KsmyDRg42WWs1WWVTYDw9aJ3PKYnh5FzgprDPDPiv0uLVdf4jFHiOrzI89tbuV5mB53Ac5X1L1p05H1L09UUekeNG0yRE/1AL5kq6R9LUvikYWuYS1wPYjYro6eeT5357QwhNyj7I98o/m6COtj3ki8rvdZhzQ8gg4PqtxbXNkn+RkGWztLd/VZK5ULrZc5KeQYDX5HuMrq1zZ8212mSnuNlbahvUXTD7dKP99tzdTHE/wB430Cl0zR1L0i6ik/7fb8gE8nHBWWsFxda7tBWBx8MkNlHrGeVpqn/ANw9QsrIT/ulbg7cYK1Qng8jbWq5OEe1yj2r+zv1w682k9J10uqsoSdJcfMWcD/JewYK+OY7lP0J1dSdYW06WkhsgHDgV9gdPXSj6lslPe6LHg1I1N3zjbj91rhPceP8xpY1Wq6HUv8A19kqPuippGDhOTDkD0/Y7EJieoUZ+50jqSXxWjMbyTt2QI5AQr+thbPCYnd+6y7o5qOo8N48p4PYqBJ5JqYd+U5p1DKaoEYv4hdDUnVdteBEPGYCWkDfK+YrnTTWytkoKhmDGcAnuF9oOGRsvH/i98PILjSvu9tpw2qjBLmt/El4yeg8V5B0NUy6PAX77hRpW5O6mObpABQHhZrYo9fGW5EPBYQeyM05XJG4HPYoUD8Owsr44HD5WADGMqKQeMqbpy0nKjSsxjsgkschoCkkkqGg3Mx3QvPA/Ww4I91JXHxeIFT45C74fRprBefHjbDUP34BWibHtnK8xbLJRyh7D+S2vT13+fi8KR2XNG2U+ue7g5es0+z70WrmcKTRzCOQMdx6oY3C6Dg5WhPBym9xcNxjIIOUVV9LK1wAB/JTAfKVphLPAo7keqSAXEycow4TCzq5gLqShDhAwoxAzwpR4UbufuqZTGSQjsMqNLDnYtCsEwsaATjKzSgnwHGbT4MldenzM4zU4DTzhZ8mopJdIe5jm7L0OQAu9FV3CzU9bl+kBxXP1GlWMo6el10q3hsoqO9u2ZOAff1U8yiZucfmqCvt01DKW+bbhMp6+enONRI9CuRZSkem03lUkuS6k1AjSnMkO2VBjuBlx5h9kYSaiNsLK4Ncneo1UbUmWUbycEKbSyluB6qphedsKbC4jGFaeTqVy3osKiGKqi0PA9j6KrY2ooptGTj/ADU+N5wFypjDxv2RRmE688hqar1fXjKdU0kVY3B2VZgxO2U+iqScA8p6YLXpmbvFnfC4ujZxv9wqOWPbjdejTRsnZoe37FZa8Wh0LjJG3bkhMjPJyNb4/MXKBn4ZjA/SBjKs2PE7Qe6rJ4fMDjhPppy06ccJpwcOuW0mPc+F+pp/JbPovqN8E7Q9xJYR3/ZYtztTc4TaaskpZWywkgj91TRv0eqnprFKB9RWS9Ut1ja+N2MjBHoVZNfLbHBw3jcc7dl430V1Q6lLJtQ8+NXovYLbc6a6Uw3BDhx6FKksn1zxOv8A5dKw/uRoafTURteN8jKkNBAAys7R1ktvqhTk5Y47ArRNdqGUiccHqqrVYuA6SSSA1jkkklCCSSSUIJJJJQg1cIzsV1JQgEhDwVJQSBjKgl9EaRuNghSt22Ul4GcIRGUztCmkQnRkndQLlbqa5UzqWqYHNcNsjhW7mAqJUtxhXHhmW+iFsXGa7PF+qelKiy1DnxtLoXHYrLyxA7YXvlypYKyndT1LA5rh37Lyvqjpea2SumhYXQk527LVBs+Z+b8OqZOVXRiZWOY4Fqm0NYchjimvaHZyMqFO3wiHAfuuhVNo+ZeT0Nck5Glika8ZDgUfAPBWeoa52Qw5V1G8luSt8JbkeVnDZLaHyfVQ6qkZUxljx9j6KWDlcLcqgYvDyZ4/N2eQEkywO59laQzRzxiSJ2QUeRgIwQCFRVVNPRE1NE46c5cz0QPg0L7i6TSMd1EorjFUsAe4Nf3BU1GECOyCRlSExQhFLAcqLU0YwCFZeH7prmAD1QTimMhZtM7PSFp2aq6dh/p2C1U0LDnLVVz0od5sLLKCNNd7ZRmNwSOymyxBpxpx+aA5ukZWayJtjPciKTjslnPZFLBnlLQEgN2MEA1pLw0ZW06X+LF5sj2wXVnz1GNg0nDmD2PdZDQEF0eCN+VDXo/I36OadTPpCydU2TqOMSWuqD9skHZWi+Y6Osr7XIKigqnwvbuC1xwvS+k/jBFOGUPUELYpm4b4zRpY73J9UB9D8X9S16iXx2/kep4KaRlKlqaesgZPA8Pa4ZyCikY7o/yPVRuU+geMpugJx2SUaDGFvlxwFEnp45mlsrAQfVTkJ7MY3QSimC4p9marunM5lp+/ZUNZRTQeSaIkHvheisAOUGakhqGlksbXNPqEtxRlu0sJ9I8pqbXSzMLDE3f23VR8tV21zjSOIb6Hf9l6VcOkQ7MtFLh39JWdq7XUU7iyphIx+IBBswzn3aRw5ZUwX6BzPBu1K0xkYzjP5rlTYqarZ49pqgQd9BKdU21j8+UH8lGbBNRkOjeWn22TM4OfOmPTK2WGuoXls0btu6fHUxSjDxg+qt/4s1wEdbE17f6sbpr7NR1wMtHMGnnBVmOWmbf2kJj5YT4kEhH2Ktbf1QWfy61rsDYEKhqaStonFsjHafUIAkJ+rdMhdOD4ZnnDbwz0GmudLUN1RyAg+6IXkebkFefMlLd2OI/NWtH1TPSAMnb4jB69ltr1eeJsSzXNldsE4uZINMjAfuq+hvtvrwNDw13oSpxbndhBC2QsjPlASrTBG3uLtdLKY3DtnZFZcbpTjw5Gk47hIPdHwSCERtWHeWVuR6rVGfAhwwyXR3xj8MnGl3fKtIqyMgOY/Y+6zr46eU+XYpojqo/Kx5wmRllkNYK5jxh41fdRZrRbKp5lNMGudyW7ZVJDcZoSGzDIU6G6sedIcQnoGcUgTrDX00pfR1vk5DXdlEN0raaQxXGj1M41NGQrgVD3cOyPuuuJfs4B33CMU6txWx1lBUN1Mka32yneGyTGk7HuizWSgqX+J4IYTzp2yoRs12pZM0FTrZ/S7fCMVOEo+iR8mHNw79FCqbDSzA4YM/ZcF1qaeTw6+BzcbZCkw3Skmdpa8g+6hnmq7OJoz9f009uTENsfqqSezuiBbLFkfbhejHS8ZByFGlpGy8tBwiwjFfoYy5rPNfkXtJZFIR+fCPBeb1bQIvHe9g4zuQFr6yxU9QS5jRG/1aqisslZS74DwO+Few5mo0dtfLFTdbUzo9FxpcAba2jdXFHVWW5MDqK5gvd+CQhZKSjhc4iSLSTygS2fLdVI/wAN/YjZV90VlGL4q+pm8ltlXgmGMSj1HCrp6aF4MNVT6T6ObhZeG5dV2lhjirHOYDnJ3Kv6D4hOLBT3qyR1DSMGUcj8sJfy88lSoj3Ag1nTdDKC6DS0nhVcvS1RG7VHKAtjBX9H3QZjmmopHcCTZv5Jz7FWbyW6ZlVGN9j2RKMbfRS3w9nn7qe+0cumKaQY7hx3VhR9Z3+glDZ3BzRsdQ5V/WU1TA3NXROa09wMqrqKWmmBBZnKt6f9AysjLiUUydB1/BKQytpAWn0VnS3CxXB38qpDHO/CeyyklHCGhojbgeyiOpoGPyJDGT2CW6px/uCtPGf48G/dbvE3gcHfnyo8tBIzAljOD7LFiruVKQ6nrpB6DJUyk6s6hpXB0umZvGHjOyW1gW9NL+lmilp4I+SWFANP4mC3dRm9eUxwKy35P+BoKsqW49P3BomjqRETy0nGChURUoTq/JEb5CfBLW5QDDUMO8Wyvo6WOdpFHWB+O2V11uqmjJQNAK7HZn8Hg8pgaccq8fRx588Yyok9K0AaWhqDbktTKwkjkJAggnHCkmn1ZOMYQnRaVewYuQDmnOw2XC12N+EbG+4SLQRhD/kMiFu64WAoxjOeMpaP8P7qpxUglJojeGN9go7qCB+7hnCn6fdM0+6W6kNVzKyW10x/DhRnWSE/ThXYaFwNA7JTqjJ4YaumZ91iOSQ1RzZ5meZucj3Wn1ZyMJunfOVUqILoYtRIzBhuLNm5wEzxrg3dzXFaogYOyDpa52ktGPsh+BvotXr2Z9tfUjZ2UYV7tsq6Nvp5ACWAKNJaad/shdNnoONlb7RAFd7gp/zv2RzYWu/uxlCdY6gDYj9EOy2PoNfC+jgrQfwn9UvnB6FAkt9VEcbFDdTzxjU5uQlOU4/kV8afRYsqmkatZRBXMHJyqfxsHGOUvFI3wp8hbqwXfzkI7fukK2HOyovmD6LonJO4V/Ixfxo0HzNOR9SQqKf+pUzZXAbFd8V3qq+RFfEXXjQH8QXRND2IVR47l1sxJwQrUinUy1zD3eu5g/rVZ4uwI2S8U+pR4J8bLH+WeMfou6G+yrxUOGyIJXnurwE8omaB6Bd0D0H6KD8y9O+Yf6qYKk2iToHoFzQP6QhfMP8AVL5h/qpgDcwvht/pH6JaB/SEL5l6XzL1MIm5htI7MH6IWBnOgJrqt+OAhfME74QSaiRNskhzTtpA/JcLW4yMKL45J4XdZxkIRqTClu+wXMeyAZ5wcBwwufMVH9YVYLwyRo9kJ0ZPdD8Wfs/9kMmtOxbkJeMMm157C50nd35JFzTwVHMVSdy0pGCcjhWMSyuQjtP9QXNvVCNNOTwVx1NLjcEBRsm3AQub7fqua2DnH6oPgOzuV3wT6/ul/J6DSHCUHsmmfBwGpeH+Sa9uMbqFjjPx5U18hxxyh+IM7jhNfVwDl/CGUsFpZ6HZcTsu5d3P7KM64wYIB37KO6vnds1wwgUshqt+yfkppewcuAVeZpzuZOUIveeXFFvGbSwfVQs/FkoEtZxpUZwB7JYQOTfQSigj62obwgGeaUYc7ZH8uD5UAYycDCrDwHFIWn3XNK7q9lwux2QcthoWgLun3TDLg4wuh+ocIg9iO4Hqlj3QiCSMFHgorhUDEFI+TPGN0UY7uim0uxuB6runPBWhtPw26xvBaYbLVjPfw/8A1WztP9nLriu0mogdE13p/wDNToaayXSMd+v0tH5zR5WX6SBjlOYXvHlYSV9E2T+yhUkNqLhUyb9iMf6re2X+zXY6HQ58QmI51lPjppR/I5Go+otJVxDk+Qqe2XKqyIaOR/byjK09j+EXV98wGUXhh2/8zbK+2bJ8JOm7e2MspGtLewWmp+m7BbhmaCNo/wCVaa6YPs5N31TLqlYPkDp/+zBfbgW/OSaM/wBK9d6Z/ssWikiZLNT+K4f1P/8ARe3Pv1it4bHG9jQOAAoVR1tpdooIiccEnYpnxxzhHE1XmtXqu5YX9iJ0v8G+l7BG0uo2AkeYALZRRWC1RNZFGxgZsMDCx03UHUNVvGA0KI6juFW/xKiqOXb4JRKrJzJW2Wfm8m4n6ttVL5WSfoVWVXWkcu0LiVQw2bOPEIf+anxWimwDpH6I/h2gDJeoK6pdiJpP5rsZuVSfM8jKmQ0cERy1g/RTQwNwR/kjjDBOyvbQ1DsOec4UplHpaCQMqUwYGEyd2MBMSwBgjhoZ5RslqHokTyUB0uAdlAw7pMIYOeVEluEUB/mnCqK7q+GB5ZRRCdw5ChEaM8ZwVV3C9Wq3ML6qtjYR+EndZqpr+qLm5zTIKSnd+EHEgQYLDbIXiorZHzzd3TO1D90SWRygTpuvJJyP4PapZ28ans2Ve6g6kub/AJi5XONkbx/c0vkH6b4Q5uq7VRym32iB9xq2/wDApBnKCbb1n1FpdcJ47PRu5p4xqmI93DGn91YxQwuyYR09YWeIGsmqj+Fg1vz90WmkvN6pz8vi3xO7TnDv0Trd03brUwNia6V4/HKdTv1Vlj13REfCI1PYbTTvEtUX1cwHLzlufZTH1lQ5ghpIg1o9Am7d+F3xGD+4dlygiUsg209W92udx+ycIaGDDpNiEiax/wBbw0JhhbnVJ5ihACtr6aLaNufyTH1FRLtE06UwlkewYEM1UnEZ0ogwrmOdvKQFHf4Ee45TXyyyHL3oXiMjIMjlBi5HGV7T/L2C6XPc3JB+6pLv1lY7WCyeXEjfwhUMN+6z6ocYrNSOpqQcTSjA/JQPZ+3g2VXcqOgjL6qYNJ4GV2CskrBrhizHyHeqq7N0XBB/vV3mkrKk9pHEsB+y0OiOnjEcTA1voFAZTiugbc53G6N5Q3OMn7oJ3SyfVQpcjjJvjCbgndJLxB6KFhNPulp90PxPZLxPZGAE0d88Lhm204KFk+pXFCHdRzlcySmJKBnclLJXElSRSQkk1JWFgSSSSgQlzU3jITDwVGzg5UKbwTCQO6YJM/hKpai/07ZjS0sclRUN/wCEzdysLb0d1X1DKXVr5LdSuH0nyyBU3gpywBuHUFrtsRdUz4lbyz0TqWh6t6ka1trtZoIn/wDxVSMj8ht/mtzY/h/YrEGyiH5ioH/Fm8zlp9IDQ1uBj0CXKfoU7WujB2j4SWSllZWXyR90qHDzmU+XPsOy3MVLDTQMp4GlsbNmt9ETT2C6kOTYDsk+z//Z&quot;);\">\u003Cdiv data-v-5bce1a4c=\"\" class=\"view_desktop\">\u003Cdiv data-v-278ca9f1=\"\" data-v-5bce1a4c=\"\" class=\"container-list backdrop_out animate__duration__0_3s\" style=\"width: 692px;\">\u003Cdiv data-v-278ca9f1=\"\" data-position=\"navigate\" class=\"container backdrop_in\">\u003Cdiv data-v-278ca9f1=\"\" class=\"app-item\">\u003Cdiv data-v-278ca9f1=\"\" class=\"item-box\" data-type=\"navigate_system_app\" data-position=\"navigate\" data-id=\"startup\" data-path=\"\">\u003Cdiv data-v-278ca9f1=\"\" class=\"active close\">\u003C/div>\u003Cdiv data-v-278ca9f1=\"\" id=\"v-step-startup\" class=\"el-tooltip item\" aria-describedby=\"el-tooltip-9447\" tabindex=\"0\">\u003Cimg data-v-278ca9f1=\"\" src=\"/static/images/desktop/TNAS_logo.svg?v=7.0\">\u003C!---->\u003C!---->\u003C/div>\u003C/div>\u003C/div>\u003Cdiv data-v-278ca9f1=\"\" class=\"app-item draggable\">\u003Cdiv data-v-278ca9f1=\"\" class=\"item-box\" data-type=\"navigate_system_app\" data-position=\"navigate\" data-id=\"allApp\" data-path=\"/allApp\">\u003Cdiv data-v-278ca9f1=\"\" class=\"active close\">\u003C/div>\u003Cdiv data-v-278ca9f1=\"\" id=\"v-step-allApp\" class=\"el-tooltip item\" aria-describedby=\"el-tooltip-7282\" tabindex=\"0\">\u003Cimg data-v-278ca9f1=\"\" src=\"/static/images/desktop/all_app.svg?v=7.0\">\u003C!---->\u003C!---->\u003C/div>\u003C/div>\u003C/div>\u003Cdiv data-v-278ca9f1=\"\" class=\"app-item draggable\">\u003Cdiv data-v-278ca9f1=\"\" class=\"item-box\" data-type=\"navigate_system_app\" data-position=\"navigate\" data-id=\"filemanage\" data-path=\"/fileManage/index/\">\u003Cdiv data-v-278ca9f1=\"\" class=\"active close\">\u003C/div>\u003Cdiv data-v-278ca9f1=\"\" id=\"v-step-filemanage\" class=\"el-tooltip item\" aria-describedby=\"el-tooltip-4342\" tabindex=\"0\">\u003Cimg data-v-278ca9f1=\"\" src=\"/static/images/desktop/folder.svg?v=7.0\">\u003C!---->\u003C!---->\u003C/div>\u003C/div>\u003C/div>\u003Cdiv data-v-278ca9f1=\"\" class=\"app-item draggable\">\u003Cdiv data-v-278ca9f1=\"\" class=\"item-box\" data-type=\"navigate_system_app\" data-position=\"navigate\" data-id=\"Backup\" data-path=\"/Backup\">\u003Cdiv data-v-278ca9f1=\"\" class=\"active close\">\u003C/div>\u003Cdiv data-v-278ca9f1=\"\" id=\"v-step-Backup\" class=\"el-tooltip item\" aria-describedby=\"el-tooltip-5282\" tabindex=\"0\">\u003Cimg data-v-278ca9f1=\"\" src=\"/static/images/desktop/Backup.svg?v=7.0\">\u003C!---->\u003C!---->\u003C/div>\u003C/div>\u003C/div>\u003Cdiv data-v-278ca9f1=\"\" class=\"app-item draggable\">\u003Cdiv data-v-278ca9f1=\"\" class=\"item-box\" data-type=\"navigate_system_app\" data-position=\"navigate\" data-id=\"Control\" data-path=\"/Control\">\u003Cdiv data-v-278ca9f1=\"\" class=\"active close\">\u003C/div>\u003Cdiv data-v-278ca9f1=\"\" id=\"v-step-Control\" class=\"el-tooltip item\" aria-describedby=\"el-tooltip-5947\" tabindex=\"0\">\u003Cimg data-v-278ca9f1=\"\" src=\"/static/images/desktop/Control_panel.svg?v=7.0\">\u003C!---->\u003C!---->\u003C/div>\u003C/div>\u003C/div>\u003Cdiv data-v-278ca9f1=\"\" class=\"app-item draggable\">\u003Cdiv data-v-278ca9f1=\"\" class=\"item-box\" data-type=\"navigate_system_app\" data-position=\"navigate\" data-id=\"StorageManager\" data-path=\"/StorageManager/\">\u003Cdiv data-v-278ca9f1=\"\" class=\"active close\">\u003C/div>\u003Cdiv data-v-278ca9f1=\"\" id=\"v-step-StorageManager\" class=\"el-tooltip item\" aria-describedby=\"el-tooltip-2880\" tabindex=\"0\">\u003Cimg data-v-278ca9f1=\"\" src=\"/static/images/storage_manager/Storage.svg?v=7.0\">\u003C!---->\u003C!---->\u003C/div>\u003C/div>\u003C/div>\u003Cdiv data-v-278ca9f1=\"\" class=\"app-item draggable\">\u003Cdiv data-v-278ca9f1=\"\" class=\"item-box\" data-type=\"navigate_system_app\" data-position=\"navigate\" data-id=\"Market\" data-path=\"/app/index/\">\u003Cdiv data-v-278ca9f1=\"\" class=\"active close\">\u003C/div>\u003Cdiv data-v-278ca9f1=\"\" id=\"v-step-Market\" class=\"el-tooltip item\" aria-describedby=\"el-tooltip-2791\" tabindex=\"0\">\u003Cimg data-v-278ca9f1=\"\" src=\"/static/images/desktop/app_store.svg?v=7.0\">\u003C!---->\u003Cspan data-v-278ca9f1=\"\" class=\"navigate__content warning\">1\u003C/span>\u003C/div>\u003C/div>\u003C/div>\u003Cdiv data-v-278ca9f1=\"\" class=\"app-item draggable\">\u003Cdiv data-v-278ca9f1=\"\" class=\"item-box\" data-type=\"terminal\" data-position=\"navigate\" data-id=\"terminal\" data-path=\"/terminal\">\u003Cdiv data-v-278ca9f1=\"\" class=\"active close\">\u003C/div>\u003Cdiv data-v-278ca9f1=\"\" id=\"v-step-terminal\" class=\"el-tooltip item\" aria-describedby=\"el-tooltip-1201\" tabindex=\"0\">\u003Cimg data-v-278ca9f1=\"\" src=\"/static/images/desktop/Terminal.svg?v=7.0\">\u003C!---->\u003C!---->\u003C/div>\u003C/div>\u003C/div>\u003Cdiv data-v-278ca9f1=\"\" class=\"app-item draggable\">\u003Cdiv data-v-278ca9f1=\"\" class=\"item-box\" data-type=\"navigate_system_app\" data-position=\"navigate\" data-id=\"security_scanning\" data-path=\"/security_scanning\">\u003Cdiv data-v-278ca9f1=\"\" class=\"active close\">\u003C/div>\u003Cdiv data-v-278ca9f1=\"\" id=\"v-step-security_scanning\" class=\"el-tooltip item\" aria-describedby=\"el-tooltip-9129\" tabindex=\"0\">\u003Cimg data-v-278ca9f1=\"\" src=\"/static/images/desktop/Safety_Guidance.svg?v=7.0\">\u003C!---->\u003C!---->\u003C/div>\u003C/div>\u003C/div>\u003Cdiv data-v-278ca9f1=\"\" class=\"app-item draggable\">\u003Cdiv data-v-278ca9f1=\"\" class=\"item-box\" data-type=\"navigate_app\" data-position=\"navigate\" data-id=\"docker\" data-path=\"/docker/\">\u003Cdiv data-v-278ca9f1=\"\" class=\"active close\">\u003C/div>\u003Cdiv data-v-278ca9f1=\"\" id=\"v-step-docker\" class=\"el-tooltip item\" aria-describedby=\"el-tooltip-4060\" tabindex=\"0\">\u003Cimg data-v-278ca9f1=\"\" src=\"/static/images/desktop/docker.svg?v=7.0\">\u003C!---->\u003C!---->\u003C/div>\u003C/div>\u003C/div>\u003Cdiv data-v-278ca9f1=\"\" class=\"app-item draggable\">\u003Cdiv data-v-278ca9f1=\"\" class=\"item-box\" data-type=\"navigate_system_app\" data-position=\"navigate\" data-id=\"Dgconsole\" data-path=\"/Dgconsole\">\u003Cdiv data-v-278ca9f1=\"\" class=\"active close\">\u003C/div>\u003Cdiv data-v-278ca9f1=\"\" id=\"v-step-Dgconsole\" class=\"el-tooltip item\" aria-describedby=\"el-tooltip-8286\" tabindex=\"0\">\u003Cimg data-v-278ca9f1=\"\" src=\"/static/images/desktop/tech_support.svg?v=7.0\">\u003C!---->\u003C!---->\u003C/div>\u003C/div>\u003C/div>\u003Cdiv data-v-278ca9f1=\"\" class=\"app-item draggable\">\u003Cdiv data-v-278ca9f1=\"\" class=\"item-box\" data-type=\"navigate_app\" data-position=\"navigate\" data-id=\"jellyfin\" data-path=\"/jellyfin/\">\u003Cdiv data-v-278ca9f1=\"\" class=\"active close\">\u003C/div>\u003Cdiv data-v-278ca9f1=\"\" id=\"v-step-jellyfin\" class=\"el-tooltip item\" aria-describedby=\"el-tooltip-9929\" tabindex=\"0\">\u003Cimg data-v-278ca9f1=\"\" src=\"/static/images/desktop/jellyfin.svg?v=7.0\">\u003C!---->\u003C!---->\u003C/div>\u003C/div>\u003C/div>\u003Cdiv data-v-278ca9f1=\"\" class=\"app-item draggable\">\u003Cdiv data-v-278ca9f1=\"\" class=\"item-box\" data-type=\"navigate_app\" data-position=\"navigate\" data-id=\"openclaw\" data-path=\"/openclaw/\">\u003Cdiv data-v-278ca9f1=\"\" class=\"active close\">\u003C/div>\u003Cdiv data-v-278ca9f1=\"\" id=\"v-step-openclaw\" class=\"el-tooltip item\" aria-describedby=\"el-tooltip-7838\" tabindex=\"0\">\u003Cimg data-v-278ca9f1=\"\" src=\"https://app.terra-master.com/images/tos7/x86_64/openclaw/0.0.109/openclaw.svg?v=7.0\">\u003Cdiv data-v-278ca9f1=\"\" class=\"beta\"> Beta \u003C/div>\u003C!---->\u003C/div>\u003C/div>\u003C/div>\u003C/div>\u003C/div>\u003Cdiv data-v-5bce1a4c=\"\" class=\"tos-main-apps\" data-type=\"desktop\" data-position=\"desktop\">\u003Cdiv data-v-5bce1a4c=\"\" element-loading-custom-class=\"desktopMask\" class=\"desktop_icons\" data-type=\"desktop\" data-position=\"desktop\" style=\"user-select: none;\">\u003Cdiv data-v-5bce1a4c=\"\" title=\"文件管理\" dragselecttype=\"filemanage.oexe\" dragselectid=\"oexe\" class=\"tos-app draggable\" data-id=\"filemanage\" data-type=\"desktop_sys_app\" data-volumepath=\"\" data-path=\"/fileManage/index/\" data-name=\"filemanage.oexe\" data-drag=\"/fileManage/index/?oexe\" data-icon=\"/static/images/desktop/folder.svg\" data-label=\"file_manager,file_manager\" data-position=\"desktop\" data-f_type=\"oexe\">\u003Cdiv data-v-5bce1a4c=\"\" class=\"tos-icon\">\u003Cimg data-v-5bce1a4c=\"\" src=\"/static/images/desktop/folder.svg\">\u003C!---->\u003C!---->\u003C/div>\u003Cdiv data-v-5bce1a4c=\"\" class=\"tos-title\">文件管理\u003C/div>\u003C!---->\u003Ci data-v-5bce1a4c=\"\">\u003C/i>\u003C/div>\u003Cdiv data-v-5bce1a4c=\"\" title=\"OpenClaw\" dragselecttype=\"openclaw.oexe\" dragselectid=\"iframe\" class=\"tos-app draggable\" data-id=\"openclaw\" data-type=\"desktop_sys_app\" data-volumepath=\"\" data-path=\"/openclaw/\" data-name=\"openclaw.oexe\" data-drag=\"/openclaw/?iframe\" data-icon=\"https://app.terra-master.com/images/tos7/x86_64/openclaw/0.0.109/openclaw.svg\" data-label=\"OpenClaw\" data-position=\"desktop\" data-f_type=\"oexe\">\u003Cdiv data-v-5bce1a4c=\"\" class=\"tos-icon\">\u003Cimg data-v-5bce1a4c=\"\" src=\"https://app.terra-master.com/images/tos7/x86_64/openclaw/0.0.109/openclaw.svg\">\u003Cdiv data-v-5bce1a4c=\"\" class=\"beta\"> Beta \u003C/div>\u003C!---->\u003C/div>\u003Cdiv data-v-5bce1a4c=\"\" class=\"tos-title\">OpenClaw\u003C/div>\u003C!---->\u003Ci data-v-5bce1a4c=\"\">\u003C/i>\u003C/div>\u003Cdiv data-v-5bce1a4c=\"\" title=\"安全顾问\" dragselecttype=\"security_scanning.oexe\" dragselectid=\"oexe\" class=\"tos-app draggable\" data-id=\"security_scanning\" data-type=\"desktop_sys_app\" data-volumepath=\"\" data-path=\"/security_scanning\" data-name=\"security_scanning.oexe\" data-drag=\"/security_scanning?oexe\" data-icon=\"/static/images/desktop/Safety_Guidance.svg\" data-label=\"file_manager,security_guidance\" data-position=\"desktop\" data-f_type=\"oexe\">\u003Cdiv data-v-5bce1a4c=\"\" class=\"tos-icon\">\u003Cimg data-v-5bce1a4c=\"\" src=\"/static/images/desktop/Safety_Guidance.svg\">\u003C!---->\u003C!---->\u003C/div>\u003Cdiv data-v-5bce1a4c=\"\" class=\"tos-title\">安全顾问\u003C/div>\u003C!---->\u003Ci data-v-5bce1a4c=\"\">\u003C/i>\u003C/div>\u003Cdiv data-v-5bce1a4c=\"\" title=\"终端\" dragselecttype=\"terminal.oexe\" dragselectid=\"oexe\" class=\"tos-app draggable\" data-id=\"terminal\" data-type=\"terminal\" data-volumepath=\"\" data-path=\"/terminal\" data-name=\"terminal.oexe\" data-drag=\"/terminal?oexe\" data-icon=\"/static/images/desktop/Terminal.svg\" data-label=\"app_store,terminal\" data-position=\"desktop\" data-f_type=\"oexe\">\u003Cdiv data-v-5bce1a4c=\"\" class=\"tos-icon\">\u003Cimg data-v-5bce1a4c=\"\" src=\"/static/images/desktop/Terminal.svg\">\u003C!---->\u003C!---->\u003C/div>\u003Cdiv data-v-5bce1a4c=\"\" class=\"tos-title\">终端\u003C/div>\u003C!---->\u003Ci data-v-5bce1a4c=\"\">\u003C/i>\u003C/div>\u003Cdiv data-v-5bce1a4c=\"\" title=\"TOS API/CLI/Skill 测试工具\" dragselecttype=\"tos_api_cli_tester.oexe\" dragselectid=\"oexe\" class=\"tos-app draggable\" data-id=\"tos_api_cli_tester\" data-type=\"desktop_app\" data-volumepath=\"\" data-path=\"/tos_api_cli_tester/\" data-name=\"tos_api_cli_tester.oexe\" data-drag=\"/tos_api_cli_tester/?oexe\" data-icon=\"/images/icons/tos_api_cli_tester.svg?modificationTime=1779634346\" data-label=\"TOS API/CLI/Skill 测试工具\" data-position=\"desktop\" data-f_type=\"oexe\">\u003Cdiv data-v-5bce1a4c=\"\" class=\"tos-icon\">\u003Cimg data-v-5bce1a4c=\"\" src=\"/images/icons/tos_api_cli_tester.svg?modificationTime=1779634346\">\u003C!---->\u003C!---->\u003C/div>\u003Cdiv data-v-5bce1a4c=\"\" class=\"tos-title\">TOS API/CLI/Skill 测试工具\u003C/div>\u003C!---->\u003Ci data-v-5bce1a4c=\"\">\u003C/i>\u003C/div>\u003Cdiv data-v-5bce1a4c=\"\" title=\"Docker Manager\" dragselecttype=\"docker.oexe\" dragselectid=\"oexe\" class=\"tos-app draggable\" data-id=\"docker\" data-type=\"desktop_sys_app\" data-volumepath=\"\" data-path=\"/docker/\" data-name=\"docker.oexe\" data-drag=\"/docker/?oexe\" data-icon=\"/static/images/desktop/docker.svg\" data-label=\"Docker Manager\" data-position=\"desktop\" data-f_type=\"oexe\">\u003Cdiv data-v-5bce1a4c=\"\" class=\"tos-icon\">\u003Cimg data-v-5bce1a4c=\"\" src=\"/static/images/desktop/docker.svg\">\u003C!---->\u003C!---->\u003C/div>\u003Cdiv data-v-5bce1a4c=\"\" class=\"tos-title\">Docker Manager\u003C/div>\u003C!---->\u003Ci data-v-5bce1a4c=\"\">\u003C/i>\u003C/div>\u003Cdiv data-v-5bce1a4c=\"\" class=\"adnanced\">\u003Cdiv data-v-5bce1a4c=\"\" class=\"backdrop\">\u003C!---->\u003C/div>\u003Cdiv data-v-5bce1a4c=\"\" class=\"backdrop\">\u003C!---->\u003C/div>\u003C/div>\u003Cdiv data-v-29022a20=\"\" data-v-e92f5592=\"\" data-v-5bce1a4c=\"\" class=\"popup-wrap popup-fitheight-wrap client-recommend-popup\">\u003C!---->\u003Cdiv data-v-29022a20=\"\" class=\"popup-mark\" style=\"display: none;\">\u003C/div>\u003C/div>\u003C!---->\u003C!---->\u003C!---->\u003C!---->\u003C!---->\u003C!---->\u003C!---->\u003C!---->\u003C!---->\u003C!---->\u003C!---->\u003C!---->\u003C!---->\u003C!---->\u003C!---->\u003C!---->\u003Cdiv data-v-2dc12ca0=\"\" data-v-5bce1a4c=\"\" class=\"x-dialog-user_setting\">\u003C!---->\u003C!---->\u003Cdiv data-v-2dc12ca0=\"\" class=\"tos-dialog\" style=\"width: 1180px; height: 680px; top: 22px; left: 145px; z-index: 5000;\">\u003Cdiv data-v-4e0a48fd=\"\" data-v-2dc12ca0=\"\" class=\"tos-dialog-header-wrapper\">\u003Cdiv data-v-4e0a48fd=\"\" class=\"tos-dialog-header\">\u003Cdiv data-v-4e0a48fd=\"\" class=\"tos-dialog-header-icon\" style=\"background-image: url(&quot;/static/images/global/Settings.svg&quot;);\">\u003C/div>\u003Cdiv data-v-4e0a48fd=\"\" class=\"tos-dialog-header-title\">\u003Cspan data-v-4e0a48fd=\"\">用户设置\u003C/span>\u003C/div>\u003C/div>\u003C/div>\u003Cdiv data-v-3936db59=\"\" data-v-2dc12ca0=\"\" class=\"tos-dialog-menu\">\u003Cdiv data-v-3936db59=\"\" class=\"tos-dialog-move\">\u003C/div>\u003C!---->\u003C!---->\u003Cdiv data-v-3936db59=\"\" title=\"关闭\" class=\"tos-button-close\">\u003Ci data-v-3936db59=\"\" class=\"iconfont iconReject\">\u003C/i>\u003C/div>\u003C/div>\u003Cdiv data-v-2dc12ca0=\"\" class=\"tos-dialog-resize-top\">\u003C/div>\u003Cdiv data-v-2dc12ca0=\"\" class=\"tos-dialog-resize-right\">\u003C/div>\u003Cdiv data-v-2dc12ca0=\"\" class=\"tos-dialog-resize-bottom\">\u003C/div>\u003Cdiv data-v-2dc12ca0=\"\" class=\"tos-dialog-resize-left\">\u003C/div>\u003Cdiv data-v-2dc12ca0=\"\" class=\"tos-dialog-resize-top-right\">\u003C/div>\u003Cdiv data-v-2dc12ca0=\"\" class=\"tos-dialog-resize-bottom-right\">\u003Ci data-v-2dc12ca0=\"\" class=\"iconfont iconresize_corner\">\u003C/i>\u003C/div>\u003Cdiv data-v-2dc12ca0=\"\" class=\"tos-dialog-resize-top-left\">\u003C/div>\u003Cdiv data-v-2dc12ca0=\"\" class=\"tos-dialog-resize-bottom-left\">\u003C/div>\u003C!---->\u003Cdiv data-v-2dc12ca0=\"\" class=\"tos-dialog-wrap\" style=\"height: 680px; flex: unset;\">\u003C!---->\u003C!---->\u003C!---->\u003C!---->\u003Cdiv data-v-67f4a501=\"\" data-v-2dc12ca0=\"\" class=\"tos-dialog-left\" type=\"user_setting\" main-id=\"user_setting\" style=\"width: 220px;\" event-emitter=\"function () { [native code] }\" watcherchange=\"true\">\u003Cdiv data-v-67f4a501=\"\" class=\"tos-dialog-left-resize\">\u003C/div>\u003Cdiv data-v-67f4a501=\"\" class=\"tos-dialog-content\">\u003Cdiv data-v-71072b9c=\"\" data-v-67f4a501=\"\" type=\"user_setting\" main-id=\"user_setting\" event-emitter=\"function () { [native code] }\" watcherchange=\"true\">\u003C!---->\u003Cdiv data-v-71072b9c=\"\" class=\"tab\" style=\"top: 0px;\">\u003Cdiv data-v-71072b9c=\"\" class=\"el-scrollbar\">\u003Cdiv class=\"el-scrollbar__wrap\" style=\"margin-bottom: -8px; margin-right: -8px;\">\u003Cdiv class=\"el-scrollbar__view\">\u003Cdiv data-v-71072b9c=\"\" class=\"activetag\" style=\"top: 5px;\">\u003C/div>\u003Cul data-v-71072b9c=\"\">\u003Cli data-v-71072b9c=\"\" data-id=\"setting_user\" class=\"tab-list\">\u003Cspan data-v-71072b9c=\"\" class=\"tab-list-iconfont\">\u003Ci data-v-71072b9c=\"\" class=\"iconfont iconuesr_set_account\">\u003C/i>\u003C/span>\u003Cspan data-v-71072b9c=\"\" title=\"账号\" class=\"tab-list-title\">账号\u003C/span>\u003C!---->\u003C/li>\u003Cli data-v-71072b9c=\"\" data-id=\"wall\" class=\"tab-list\">\u003Cspan data-v-71072b9c=\"\" class=\"tab-list-iconfont\">\u003Ci data-v-71072b9c=\"\" class=\"iconfont iconuesr_set_display\">\u003C/i>\u003C/span>\u003Cspan data-v-71072b9c=\"\" title=\"显示\" class=\"tab-list-title\">显示\u003C/span>\u003C!---->\u003C/li>\u003C/ul>\u003C/div>\u003C/div>\u003Cdiv class=\"el-scrollbar__bar is-horizontal\">\u003Cdiv class=\"el-scrollbar__thumb\" style=\"transform: translateX(0%);\">\u003C/div>\u003C/div>\u003Cdiv class=\"el-scrollbar__bar is-vertical\">\u003Cdiv class=\"el-scrollbar__thumb\" style=\"transform: translateY(0%);\">\u003C/div>\u003C/div>\u003C/div>\u003C/div>\u003C/div>\u003C/div>\u003C/div>\u003Cdiv data-v-2dc12ca0=\"\" class=\"tos-dialog-frame user_setting\">\u003Cdiv data-v-2dc12ca0=\"\" class=\"tos-dialog-content\">\u003Cdiv data-v-532628a3=\"\" data-v-2dc12ca0=\"\" class=\"tos-tabIndex-layout\" type=\"user_setting\" path=\"\" dialogstyle=\"[object Object]\" open-id=\"user_setting\" title-name=\"账号\" detail=\"[object Object]\">\u003Cdiv data-v-532628a3=\"\" class=\"tos-tabIndex-body\">\u003Cdiv data-v-5b7c7069=\"\" data-v-532628a3=\"\" class=\"tos-tab-layout\" type=\"user_setting\" path=\"\" dialogstyle=\"[object Object]\" open-id=\"user_setting\" title-name=\"账号\" detail=\"[object Object]\">\u003Cdiv data-v-12fd7ed6=\"\" data-v-5b7c7069=\"\" class=\"tab-slider\">\u003Cdiv data-v-12fd7ed6=\"\" class=\"tab-slider-item\" style=\"padding-left: 0px;\"> 用户信息 \u003C/div>\u003Cdiv data-v-12fd7ed6=\"\" class=\"tab-slider-item\"> 账号安全 \u003C/div>\u003Cdiv data-v-12fd7ed6=\"\" class=\"tab-slider-item\" style=\"color: var(--compoents-tabSlider-color);\"> 其它 \u003C/div>\u003Cspan data-v-12fd7ed6=\"\" class=\"tab-slider-bar\" style=\"left: 158px; width: 32px;\">\u003C/span>\u003C/div>\u003Cdiv data-v-5b7c7069=\"\" class=\"tos-tab-body\">\u003Cdiv data-v-8439b99c=\"\" data-v-5b7c7069=\"\" class=\"tab-container\">\u003Cdiv data-v-299495c9=\"\" data-v-8439b99c=\"\" class=\"tos-scrollable\">\u003Cdiv data-v-299495c9=\"\" class=\"el-scrollbar\">\u003Cdiv class=\"el-scrollbar__wrap\" style=\"margin-bottom: -8px; margin-right: -8px;\">\u003Cdiv class=\"el-scrollbar__view\">\u003Cdiv data-v-299495c9=\"\" class=\"scroller-body\">\u003Cdiv data-v-55c67e82=\"\" data-v-8439b99c=\"\" class=\"x-checkbox-line checkbox-line\" checked=\"checked\">\u003Cdiv data-v-55c67e82=\"\" class=\"checkbox-line-left\">\u003Cdiv data-v-046dd9b2=\"\" data-v-55c67e82=\"\" class=\"el-tooltip checkbox\" aria-describedby=\"el-tooltip-5945\" tabindex=\"0\">\u003Cinput data-v-046dd9b2=\"\" id=\"4cf446e9-b352-4382-addf-a9192d218deb\" type=\"checkbox\" class=\"input_check\" value=\"\">\u003C/div>\u003C/div>\u003Cdiv data-v-55c67e82=\"\" class=\"checkbox-line-right\">\u003Cspan data-v-55c67e82=\"\" class=\"userselect-text\" style=\"width: inherit;\">\u003Clabel data-v-55c67e82=\"\" for=\"4cf446e9-b352-4382-addf-a9192d218deb\" style=\"cursor: pointer;\">不要在登出 TOS 时提示确认信息\u003C/label>\u003C!---->\u003C/span>\u003C/div>\u003C/div>\u003Cdiv data-v-55c67e82=\"\" data-v-8439b99c=\"\" class=\"x-checkbox-line checkbox-line\" checked=\"checked\">\u003Cdiv data-v-55c67e82=\"\" class=\"checkbox-line-left\">\u003Cdiv data-v-046dd9b2=\"\" data-v-55c67e82=\"\" class=\"el-tooltip checkbox\" aria-describedby=\"el-tooltip-3126\" tabindex=\"0\">\u003Cinput data-v-046dd9b2=\"\" id=\"58c64c54-0439-4265-9e5d-6d3b8dd8d1b4\" type=\"checkbox\" class=\"input_check\" value=\"\">\u003C/div>\u003C/div>\u003Cdiv data-v-55c67e82=\"\" class=\"checkbox-line-right\">\u003Cspan data-v-55c67e82=\"\" class=\"userselect-text\" style=\"width: inherit;\">\u003Clabel data-v-55c67e82=\"\" for=\"58c64c54-0439-4265-9e5d-6d3b8dd8d1b4\" style=\"cursor: pointer;\">不要在重新启动 TOS 时提示确认信息\u003C/label>\u003C!---->\u003C/span>\u003C/div>\u003C/div>\u003Cdiv data-v-55c67e82=\"\" data-v-8439b99c=\"\" class=\"x-checkbox-line checkbox-line\" checked=\"checked\">\u003Cdiv data-v-55c67e82=\"\" class=\"checkbox-line-left\">\u003Cdiv data-v-046dd9b2=\"\" data-v-55c67e82=\"\" class=\"el-tooltip checkbox\" aria-describedby=\"el-tooltip-3607\" tabindex=\"0\">\u003Cinput data-v-046dd9b2=\"\" id=\"72fffb56-c737-4447-8931-5bb75f01ad11\" type=\"checkbox\" class=\"input_check\" value=\"\">\u003C/div>\u003C/div>\u003Cdiv data-v-55c67e82=\"\" class=\"checkbox-line-right\">\u003Cspan data-v-55c67e82=\"\" class=\"userselect-text\" style=\"width: inherit;\">\u003Clabel data-v-55c67e82=\"\" for=\"72fffb56-c737-4447-8931-5bb75f01ad11\" style=\"cursor: pointer;\">不要在关机时提示确认信息\u003C/label>\u003C!---->\u003C/span>\u003C/div>\u003C/div>\u003C/div>\u003C/div>\u003C/div>\u003Cdiv class=\"el-scrollbar__bar is-horizontal\">\u003Cdiv class=\"el-scrollbar__thumb\" style=\"transform: translateX(0%);\">\u003C/div>\u003C/div>\u003Cdiv class=\"el-scrollbar__bar is-vertical\">\u003Cdiv class=\"el-scrollbar__thumb\" style=\"transform: translateY(0%);\">\u003C/div>\u003C/div>\u003C/div>\u003C/div>\u003C/div>\u003C/div>\u003C/div>\u003C/div>\u003Cdiv data-v-1e7cdf90=\"\" data-v-532628a3=\"\" class=\"tos-button-box\" style=\"z-index: 0; height: 54px;\">\u003C!---->\u003Cdiv data-v-569b348b=\"\" data-v-532628a3=\"\" class=\"button-box\" data-v-1e7cdf90=\"\">\u003Cbutton data-v-569b348b=\"\" class=\"el-tooltip button emphasis\" aria-describedby=\"el-tooltip-9645\" tabindex=\"0\">\u003C!---->\u003Cspan data-v-569b348b=\"\">应用\u003C/span>\u003C/button>\u003C/div>\u003C/div>\u003C/div>\u003C/div>\u003C/div>\u003C!---->\u003C/div>\u003C!---->\u003Cdiv data-v-25221402=\"\" data-v-2dc12ca0=\"\" class=\"container\">\u003C!---->\u003C!---->\u003C/div>\u003Cdiv class=\"el-loading-mask el-loading-fade-enter el-loading-fade-enter-active\" style=\"\">\u003Cdiv class=\"el-loading-spinner\">\u003Ci class=\"circular\">\u003C/i>\u003C!---->\u003C/div>\u003C/div>\u003C/div>\u003C/div>\u003C!---->\u003C!---->\u003C!---->\u003C/div>\u003C!---->\u003C!---->\u003C/div>\u003Cdiv data-v-0f63345b=\"\" data-v-5bce1a4c=\"\" class=\"contextmenu\" style=\"left: 735px; top: 421px; display: block;\">\u003Cdiv data-v-69edd53c=\"\" data-v-0f63345b=\"\" class=\"x-contextmenu\" style=\"display: none;\">\u003Cul data-v-69edd53c=\"\" class=\"context-menu-list fadein\">\u003C/ul>\u003C/div>\u003C/div>\u003C!---->\u003C!---->\u003C!---->\u003C!---->\u003C!---->\u003Cdiv data-v-25221402=\"\" data-v-5bce1a4c=\"\" class=\"container\">\u003C!---->\u003C!---->\u003C/div>\u003C!---->\u003C/div>\u003Cdiv data-v-5bce1a4c=\"\" id=\"v-step-resouce-board\" class=\"resouce-board\" style=\"\">\u003Cdiv data-v-5bce1a4c=\"\" class=\"resouce-board-in backdrop_in\">\u003Ci data-v-5bce1a4c=\"\" class=\"el-tooltip iconfont icontosboard iconhover\" aria-describedby=\"el-tooltip-2712\" tabindex=\"0\">\u003C/i>\u003Ci data-v-5bce1a4c=\"\" class=\"el-tooltip iconfont iconNotifications iconhover\" aria-describedby=\"el-tooltip-6407\" tabindex=\"0\">\u003C/i>\u003Ci data-v-5bce1a4c=\"\" class=\"el-tooltip iconfont iconSearch iconhover\" aria-describedby=\"el-tooltip-8799\" tabindex=\"0\">\u003C/i>\u003C!---->\u003C!---->\u003Ci data-v-5bce1a4c=\"\" class=\"el-tooltip iconfont iconmore_help-2 iconhover\" aria-describedby=\"el-tooltip-660\" tabindex=\"0\">\u003C/i>\u003C!---->\u003C/div>\u003C/div>\u003Cdiv data-v-22f5521e=\"\" data-v-5bce1a4c=\"\" class=\"resource static\" style=\"right: -480px; top: 60px;\">\u003Cdiv data-v-22f5521e=\"\" class=\"fitHeight\">\u003Cdiv data-v-22f5521e=\"\" class=\"resource-header\">\u003Ch1 data-v-22f5521e=\"\" class=\"resource-title\">\u003Cdiv data-v-22f5521e=\"\" class=\"user_name\"> 您好，\u003Cspan data-v-22f5521e=\"\" class=\"username\">test\u003C/span>\u003C/div>\u003Cdiv data-v-22f5521e=\"\" class=\"features\">\u003Cdiv data-v-22f5521e=\"\" class=\"el-tooltip iconfont-container\" aria-describedby=\"el-tooltip-5269\" tabindex=\"0\">\u003Ci data-v-22f5521e=\"\" class=\"iconfont iconPin\">\u003C/i>\u003C/div>\u003Cdiv data-v-22f5521e=\"\" class=\"el-tooltip iconfont-container\" aria-describedby=\"el-tooltip-3758\" tabindex=\"0\">\u003Ci data-v-22f5521e=\"\" class=\"iconfont iconrongqi1\">\u003C/i>\u003C/div>\u003C/div>\u003C/h1>\u003Cdiv data-v-22f5521e=\"\" class=\"resource-time\">\u003Cdiv data-v-22f5521e=\"\" class=\"time\">00:18 \u003C/div>\u003Cdiv data-v-22f5521e=\"\" class=\"date\">2026/06/04 星期四\u003C/div>\u003C/div>\u003C/div>\u003Cdiv data-v-22f5521e=\"\" class=\"el-scrollbar\">\u003Cdiv class=\"el-scrollbar__wrap\" style=\"margin-bottom: -8px; margin-right: -8px;\">\u003Cdiv class=\"el-scrollbar__view\">\u003Cdiv data-v-22f5521e=\"\" class=\"box\">\u003Cdiv data-v-22f5521e=\"\" class=\"vue-grid-layout\" style=\"height: 10px;\">\u003Cdiv class=\"vue-grid-item vue-grid-placeholder cssTransforms\" style=\"display: none; transform: translate3d(10px, 10px, 0px); width: 0px; height: 0px; position: absolute;\">\u003C!---->\u003C/div>\u003Cdiv class=\"erd_scroll_detection_container erd_scroll_detection_container_animation_active\" style=\"visibility: hidden; display: inline; width: 0px; height: 0px; z-index: -1; overflow: hidden; margin: 0px; padding: 0px;\">\u003Cdiv dir=\"ltr\" class=\"erd_scroll_detection_container\" style=\"position: absolute; flex: 0 0 auto; overflow: hidden; z-index: -1; visibility: hidden; width: 100%; height: 100%; left: 0px; top: 0px;\">\u003Cdiv class=\"erd_scroll_detection_container\" style=\"position: absolute; flex: 0 0 auto; overflow: hidden; z-index: -1; visibility: hidden; inset: -9px -8px -8px -9px;\">\u003Cdiv style=\"position: absolute; flex: 0 0 auto; overflow: scroll; z-index: -1; visibility: hidden; width: 100%; height: 100%;\">\u003Cdiv style=\"position: absolute; left: 0px; top: 0px; width: 427px; height: 37px;\">\u003C/div>\u003C/div>\u003Cdiv style=\"position: absolute; flex: 0 0 auto; overflow: scroll; z-index: -1; visibility: hidden; width: 100%; height: 100%;\">\u003Cdiv style=\"position: absolute; width: 200%; height: 200%;\">\u003C/div>\u003C/div>\u003C/div>\u003C/div>\u003C/div>\u003C/div>\u003C/div>\u003C/div>\u003C/div>\u003Cdiv class=\"el-scrollbar__bar is-horizontal\">\u003Cdiv class=\"el-scrollbar__thumb\" style=\"transform: translateX(0%);\">\u003C/div>\u003C/div>\u003Cdiv class=\"el-scrollbar__bar is-vertical\">\u003Cdiv class=\"el-scrollbar__thumb\" style=\"transform: translateY(0%);\">\u003C/div>\u003C/div>\u003C/div>\u003C/div>\u003Cdiv data-v-67163b94=\"\" data-v-22f5521e=\"\" class=\"createReceiving\" style=\"display: none;\">\u003Cdiv data-v-67163b94=\"\" class=\"wrapper-placement el-popover\">\u003Cdiv data-v-67163b94=\"\" class=\"cusotom-panel-list el-checkbox-group\">\u003Cdiv data-v-67163b94=\"\" class=\"custom-option el-checkbox\">\u003Cdiv data-v-55c67e82=\"\" data-v-67163b94=\"\" class=\"x-checkbox-line checkbox-line\">\u003Cdiv data-v-55c67e82=\"\" class=\"checkbox-line-left\">\u003Cdiv data-v-046dd9b2=\"\" data-v-55c67e82=\"\" class=\"el-tooltip checkbox\" aria-describedby=\"el-tooltip-2845\" tabindex=\"0\">\u003Cinput data-v-046dd9b2=\"\" id=\"b2b310f1-dd2c-48e9-8e3e-759dca403629\" type=\"checkbox\" class=\"input_check\" value=\"\">\u003C/div>\u003C/div>\u003Cdiv data-v-55c67e82=\"\" class=\"checkbox-line-right html\">\u003Cspan data-v-55c67e82=\"\" class=\"userselect-text\" style=\"width: inherit;\">\u003Clabel data-v-55c67e82=\"\" for=\"b2b310f1-dd2c-48e9-8e3e-759dca403629\" style=\"cursor: pointer;\">\u003Cdiv data-v-67163b94=\"\" data-v-55c67e82=\"\" title=\"设备信息\" class=\"custom-name\"> 设备信息 \u003C/div>\u003C/label>\u003C!---->\u003C/span>\u003C/div>\u003C/div>\u003C/div>\u003Cdiv data-v-67163b94=\"\" class=\"custom-option el-checkbox\">\u003Cdiv data-v-55c67e82=\"\" data-v-67163b94=\"\" class=\"x-checkbox-line checkbox-line\">\u003Cdiv data-v-55c67e82=\"\" class=\"checkbox-line-left\">\u003Cdiv data-v-046dd9b2=\"\" data-v-55c67e82=\"\" class=\"el-tooltip checkbox\" aria-describedby=\"el-tooltip-702\" tabindex=\"0\">\u003Cinput data-v-046dd9b2=\"\" id=\"c94e9e35-1c41-4289-89fc-cfd95a32e99b\" type=\"checkbox\" class=\"input_check\" value=\"\">\u003C/div>\u003C/div>\u003Cdiv data-v-55c67e82=\"\" class=\"checkbox-line-right html\">\u003Cspan data-v-55c67e82=\"\" class=\"userselect-text\" style=\"width: inherit;\">\u003Clabel data-v-55c67e82=\"\" for=\"c94e9e35-1c41-4289-89fc-cfd95a32e99b\" style=\"cursor: pointer;\">\u003Cdiv data-v-67163b94=\"\" data-v-55c67e82=\"\" title=\"系统信息\" class=\"custom-name\"> 系统信息 \u003C/div>\u003C/label>\u003C!---->\u003C/span>\u003C/div>\u003C/div>\u003C/div>\u003Cdiv data-v-67163b94=\"\" class=\"custom-option el-checkbox\">\u003Cdiv data-v-55c67e82=\"\" data-v-67163b94=\"\" class=\"x-checkbox-line checkbox-line\">\u003Cdiv data-v-55c67e82=\"\" class=\"checkbox-line-left\">\u003Cdiv data-v-046dd9b2=\"\" data-v-55c67e82=\"\" class=\"el-tooltip checkbox\" aria-describedby=\"el-tooltip-6294\" tabindex=\"0\">\u003Cinput data-v-046dd9b2=\"\" id=\"8205f018-c5a0-46fc-bd6d-0c1d89520c58\" type=\"checkbox\" class=\"input_check\" value=\"\">\u003C/div>\u003C/div>\u003Cdiv data-v-55c67e82=\"\" class=\"checkbox-line-right html\">\u003Cspan data-v-55c67e82=\"\" class=\"userselect-text\" style=\"width: inherit;\">\u003Clabel data-v-55c67e82=\"\" for=\"8205f018-c5a0-46fc-bd6d-0c1d89520c58\" style=\"cursor: pointer;\">\u003Cdiv data-v-67163b94=\"\" data-v-55c67e82=\"\" title=\"资源\" class=\"custom-name\"> 资源 \u003C/div>\u003C/label>\u003C!---->\u003C/span>\u003C/div>\u003C/div>\u003C/div>\u003Cdiv data-v-67163b94=\"\" class=\"custom-option el-checkbox\">\u003Cdiv data-v-55c67e82=\"\" data-v-67163b94=\"\" class=\"x-checkbox-line checkbox-line\">\u003Cdiv data-v-55c67e82=\"\" class=\"checkbox-line-left\">\u003Cdiv data-v-046dd9b2=\"\" data-v-55c67e82=\"\" class=\"el-tooltip checkbox\" aria-describedby=\"el-tooltip-4055\" tabindex=\"0\">\u003Cinput data-v-046dd9b2=\"\" id=\"4038c10e-eb0d-4adc-a6d5-1509a42b8fbc\" type=\"checkbox\" class=\"input_check\" value=\"\">\u003C/div>\u003C/div>\u003Cdiv data-v-55c67e82=\"\" class=\"checkbox-line-right html\">\u003Cspan data-v-55c67e82=\"\" class=\"userselect-text\" style=\"width: inherit;\">\u003Clabel data-v-55c67e82=\"\" for=\"4038c10e-eb0d-4adc-a6d5-1509a42b8fbc\" style=\"cursor: pointer;\">\u003Cdiv data-v-67163b94=\"\" data-v-55c67e82=\"\" title=\"网络\" class=\"custom-name\"> 网络 \u003C/div>\u003C/label>\u003C!---->\u003C/span>\u003C/div>\u003C/div>\u003C/div>\u003Cdiv data-v-67163b94=\"\" class=\"custom-option el-checkbox\">\u003Cdiv data-v-55c67e82=\"\" data-v-67163b94=\"\" class=\"x-checkbox-line checkbox-line\">\u003Cdiv data-v-55c67e82=\"\" class=\"checkbox-line-left\">\u003Cdiv data-v-046dd9b2=\"\" data-v-55c67e82=\"\" class=\"el-tooltip checkbox\" aria-describedby=\"el-tooltip-9806\" tabindex=\"0\">\u003Cinput data-v-046dd9b2=\"\" id=\"b5fb2871-d79f-4169-9480-4db2b2e15e63\" type=\"checkbox\" class=\"input_check\" value=\"\">\u003C/div>\u003C/div>\u003Cdiv data-v-55c67e82=\"\" class=\"checkbox-line-right html\">\u003Cspan data-v-55c67e82=\"\" class=\"userselect-text\" style=\"width: inherit;\">\u003Clabel data-v-55c67e82=\"\" for=\"b5fb2871-d79f-4169-9480-4db2b2e15e63\" style=\"cursor: pointer;\">\u003Cdiv data-v-67163b94=\"\" data-v-55c67e82=\"\" title=\"接口\" class=\"custom-name\"> 接口 \u003C/div>\u003C/label>\u003C!---->\u003C/span>\u003C/div>\u003C/div>\u003C/div>\u003Cdiv data-v-67163b94=\"\" class=\"custom-option el-checkbox\">\u003Cdiv data-v-55c67e82=\"\" data-v-67163b94=\"\" class=\"x-checkbox-line checkbox-line\">\u003Cdiv data-v-55c67e82=\"\" class=\"checkbox-line-left\">\u003Cdiv data-v-046dd9b2=\"\" data-v-55c67e82=\"\" class=\"el-tooltip checkbox\" aria-describedby=\"el-tooltip-3245\" tabindex=\"0\">\u003Cinput data-v-046dd9b2=\"\" id=\"38671f11-8181-4232-aca1-ed2064f75ead\" type=\"checkbox\" class=\"input_check\" value=\"\">\u003C/div>\u003C/div>\u003Cdiv data-v-55c67e82=\"\" class=\"checkbox-line-right html\">\u003Cspan data-v-55c67e82=\"\" class=\"userselect-text\" style=\"width: inherit;\">\u003Clabel data-v-55c67e82=\"\" for=\"38671f11-8181-4232-aca1-ed2064f75ead\" style=\"cursor: pointer;\">\u003Cdiv data-v-67163b94=\"\" data-v-55c67e82=\"\" title=\"磁盘\" class=\"custom-name\"> 磁盘 \u003C/div>\u003C/label>\u003C!---->\u003C/span>\u003C/div>\u003C/div>\u003C/div>\u003Cdiv data-v-67163b94=\"\" class=\"custom-option el-checkbox\">\u003Cdiv data-v-55c67e82=\"\" data-v-67163b94=\"\" class=\"x-checkbox-line checkbox-line\">\u003Cdiv data-v-55c67e82=\"\" class=\"checkbox-line-left\">\u003Cdiv data-v-046dd9b2=\"\" data-v-55c67e82=\"\" class=\"el-tooltip checkbox\" aria-describedby=\"el-tooltip-4677\" tabindex=\"0\">\u003Cinput data-v-046dd9b2=\"\" id=\"46cbe7aa-cd5a-4714-97f2-0994cd2fc821\" type=\"checkbox\" class=\"input_check\" value=\"\">\u003C/div>\u003C/div>\u003Cdiv data-v-55c67e82=\"\" class=\"checkbox-line-right html\">\u003Cspan data-v-55c67e82=\"\" class=\"userselect-text\" style=\"width: inherit;\">\u003Clabel data-v-55c67e82=\"\" for=\"46cbe7aa-cd5a-4714-97f2-0994cd2fc821\" style=\"cursor: pointer;\">\u003Cdiv data-v-67163b94=\"\" data-v-55c67e82=\"\" title=\"存储\" class=\"custom-name\"> 存储 \u003C/div>\u003C/label>\u003C!---->\u003C/span>\u003C/div>\u003C/div>\u003C/div>\u003Cdiv data-v-67163b94=\"\" class=\"custom-option el-checkbox\">\u003Cdiv data-v-55c67e82=\"\" data-v-67163b94=\"\" class=\"x-checkbox-line checkbox-line\">\u003Cdiv data-v-55c67e82=\"\" class=\"checkbox-line-left\">\u003Cdiv data-v-046dd9b2=\"\" data-v-55c67e82=\"\" class=\"el-tooltip checkbox\" aria-describedby=\"el-tooltip-3476\" tabindex=\"0\">\u003Cinput data-v-046dd9b2=\"\" id=\"3cac972c-5b4e-43bc-8867-4d4cf5d79f27\" type=\"checkbox\" class=\"input_check\" value=\"\">\u003C/div>\u003C/div>\u003Cdiv data-v-55c67e82=\"\" class=\"checkbox-line-right html\">\u003Cspan data-v-55c67e82=\"\" class=\"userselect-text\" style=\"width: inherit;\">\u003Clabel data-v-55c67e82=\"\" for=\"3cac972c-5b4e-43bc-8867-4d4cf5d79f27\" style=\"cursor: pointer;\">\u003Cdiv data-v-67163b94=\"\" data-v-55c67e82=\"\" title=\"硬件\" class=\"custom-name\"> 硬件 \u003C/div>\u003C/label>\u003C!---->\u003C/span>\u003C/div>\u003C/div>\u003C/div>\u003C/div>\u003C/div>\u003C/div>\u003C/div>\u003Cdiv data-v-018869bc=\"\" data-v-5bce1a4c=\"\">\u003Cdiv data-v-018869bc=\"\" class=\"message\">\u003Cdiv data-v-018869bc=\"\" class=\"fitHeight\">\u003Ch1 data-v-018869bc=\"\" class=\"notice-title\">  \u003Cdiv data-v-018869bc=\"\" class=\"features\">\u003Cdiv data-v-018869bc=\"\" class=\"iconfont-container\">\u003Ci data-v-018869bc=\"\" title=\"删除全部\" class=\"iconfont iconDelete\">\u003C/i>\u003C/div>\u003Cdiv data-v-018869bc=\"\" class=\"iconfont-container\">\u003Ci data-v-018869bc=\"\" title=\"设置\" class=\"iconfont iconSettings\">\u003C/i>\u003C/div>\u003C/div>\u003C/h1>\u003Cdiv data-v-018869bc=\"\" class=\"el-scrollbar\">\u003Cdiv class=\"el-scrollbar__wrap\" style=\"margin-bottom: -8px; margin-right: -8px;\">\u003Cdiv class=\"el-scrollbar__view\">\u003Cdiv data-v-018869bc=\"\" class=\"notice-body\">\u003Cdiv data-v-018869bc=\"\" class=\"messageBox\">\u003Cdiv data-v-018869bc=\"\" class=\"message-list\">\u003Cdiv data-v-018869bc=\"\" class=\"message-icon el-message-box__status el-icon-warning\">\u003C/div>\u003Cdiv data-v-018869bc=\"\" class=\"message-group\">\u003Ch2 data-v-018869bc=\"\" class=\"message-title\"> 通用设置 \u003C/h2>\u003Cdiv data-v-018869bc=\"\" title=\"设备 TNAS 发生异常关机，可能由断电或系统异常引起，建议尽快检查设备及系统状态。\" class=\"message-content userselect-text\"> 设备 TNAS 发生异常关机，可能由断电或系统异常引起，建议尽快检查设备及系统状态。 \u003C/div>\u003Cdiv data-v-018869bc=\"\" class=\"message-foot\">\u003Cspan data-v-018869bc=\"\" class=\"setting\" style=\"visibility: hidden;\">查看详情\u003C/span>\u003Cspan data-v-018869bc=\"\" class=\"message-time\">2 天前 23:45:26\u003C/span>\u003C/div>\u003C/div>\u003Cdiv data-v-018869bc=\"\" class=\"delete el-icon-close\">\u003C/div>\u003C/div>\u003Cdiv data-v-018869bc=\"\" class=\"message-list\">\u003Cdiv data-v-018869bc=\"\" class=\"message-icon el-message-box__status el-icon-warning\">\u003C/div>\u003Cdiv data-v-018869bc=\"\" class=\"message-group\">\u003Ch2 data-v-018869bc=\"\" class=\"message-title\"> 通用设置 \u003C/h2>\u003Cdiv data-v-018869bc=\"\" title=\"设备 TNAS 发生异常关机，可能由断电或系统异常引起，建议尽快检查设备及系统状态。\" class=\"message-content userselect-text\"> 设备 TNAS 发生异常关机，可能由断电或系统异常引起，建议尽快检查设备及系统状态。 \u003C/div>\u003Cdiv data-v-018869bc=\"\" class=\"message-foot\">\u003Cspan data-v-018869bc=\"\" class=\"setting\" style=\"visibility: hidden;\">查看详情\u003C/span>\u003Cspan data-v-018869bc=\"\" class=\"message-time\">2 天前 23:05:54\u003C/span>\u003C/div>\u003C/div>\u003Cdiv data-v-018869bc=\"\" class=\"delete el-icon-close\">\u003C/div>\u003C/div>\u003Cdiv data-v-018869bc=\"\" class=\"message-list\">\u003Cdiv data-v-018869bc=\"\" class=\"message-icon el-message-box__status el-icon-info\">\u003C/div>\u003Cdiv data-v-018869bc=\"\" class=\"message-group\">\u003Ch2 data-v-018869bc=\"\" class=\"message-title\"> 网络服务 \u003C/h2>\u003Cdiv data-v-018869bc=\"\" title=\"发现有人通过 Physical Console 登录您的系统后台。登录时间：2026-06-01 20:21:18，IP：Unknown\" class=\"message-content userselect-text\"> 发现有人通过 Physical Console 登录您的系统后台。登录时间：2026-06-01 20:21:18，IP：Unknown \u003C/div>\u003Cdiv data-v-018869bc=\"\" class=\"message-foot\">\u003Cspan data-v-018869bc=\"\" class=\"setting\" style=\"visibility: visible;\">查看详情\u003C/span>\u003Cspan data-v-018869bc=\"\" class=\"message-time\">3 天前 20:21:19\u003C/span>\u003C/div>\u003C/div>\u003Cdiv data-v-018869bc=\"\" class=\"delete el-icon-close\">\u003C/div>\u003C/div>\u003Cdiv data-v-018869bc=\"\" class=\"message-list\">\u003Cdiv data-v-018869bc=\"\" class=\"message-icon el-message-box__status el-icon-warning\">\u003C/div>\u003Cdiv data-v-018869bc=\"\" class=\"message-group\">\u003Ch2 data-v-018869bc=\"\" class=\"message-title\"> 通用设置 \u003C/h2>\u003Cdiv data-v-018869bc=\"\" title=\"设备 TNAS 发生异常关机，可能由断电或系统异常引起，建议尽快检查设备及系统状态。\" class=\"message-content userselect-text\"> 设备 TNAS 发生异常关机，可能由断电或系统异常引起，建议尽快检查设备及系统状态。 \u003C/div>\u003Cdiv data-v-018869bc=\"\" class=\"message-foot\">\u003Cspan data-v-018869bc=\"\" class=\"setting\" style=\"visibility: hidden;\">查看详情\u003C/span>\u003Cspan data-v-018869bc=\"\" class=\"message-time\">3 天前 7:40:04\u003C/span>\u003C/div>\u003C/div>\u003Cdiv data-v-018869bc=\"\" class=\"delete el-icon-close\">\u003C/div>\u003C/div>\u003Cdiv data-v-018869bc=\"\" class=\"message-list\">\u003Cdiv data-v-018869bc=\"\" class=\"message-icon el-message-box__status el-icon-warning\">\u003C/div>\u003Cdiv data-v-018869bc=\"\" class=\"message-group\">\u003Ch2 data-v-018869bc=\"\" class=\"message-title\"> 通用设置 \u003C/h2>\u003Cdiv data-v-018869bc=\"\" title=\"设备 TNAS 发生异常关机，可能由断电或系统异常引起，建议尽快检查设备及系统状态。\" class=\"message-content userselect-text\"> 设备 TNAS 发生异常关机，可能由断电或系统异常引起，建议尽快检查设备及系统状态。 \u003C/div>\u003Cdiv data-v-018869bc=\"\" class=\"message-foot\">\u003Cspan data-v-018869bc=\"\" class=\"setting\" style=\"visibility: hidden;\">查看详情\u003C/span>\u003Cspan data-v-018869bc=\"\" class=\"message-time\">3 天前 3:48:46\u003C/span>\u003C/div>\u003C/div>\u003Cdiv data-v-018869bc=\"\" class=\"delete el-icon-close\">\u003C/div>\u003C/div>\u003Cdiv data-v-018869bc=\"\" class=\"message-list\">\u003Cdiv data-v-018869bc=\"\" class=\"message-icon el-message-box__status el-icon-warning\">\u003C/div>\u003Cdiv data-v-018869bc=\"\" class=\"message-group\">\u003Ch2 data-v-018869bc=\"\" class=\"message-title\"> 通用设置 \u003C/h2>\u003Cdiv data-v-018869bc=\"\" title=\"设备 TNAS 发生异常关机，可能由断电或系统异常引起，建议尽快检查设备及系统状态。\" class=\"message-content userselect-text\"> 设备 TNAS 发生异常关机，可能由断电或系统异常引起，建议尽快检查设备及系统状态。 \u003C/div>\u003Cdiv data-v-018869bc=\"\" class=\"message-foot\">\u003Cspan data-v-018869bc=\"\" class=\"setting\" style=\"visibility: hidden;\">查看详情\u003C/span>\u003Cspan data-v-018869bc=\"\" class=\"message-time\">3 天前 1:21:27\u003C/span>\u003C/div>\u003C/div>\u003Cdiv data-v-018869bc=\"\" class=\"delete el-icon-close\">\u003C/div>\u003C/div>\u003Cdiv data-v-018869bc=\"\" class=\"message-list\">\u003Cdiv data-v-018869bc=\"\" class=\"message-icon el-message-box__status el-icon-info\">\u003C/div>\u003Cdiv data-v-018869bc=\"\" class=\"message-group\">\u003Ch2 data-v-018869bc=\"\" class=\"message-title\"> 网络服务 \u003C/h2>\u003Cdiv data-v-018869bc=\"\" title=\"发现有人通过 SSH 登录您的系统后台。登录时间：2026-05-28 17:59:15，IP：192.168.64.1\" class=\"message-content userselect-text\"> 发现有人通过 SSH 登录您的系统后台。登录时间：2026-05-28 17:59:15，IP：192.168.64.1 \u003C/div>\u003Cdiv data-v-018869bc=\"\" class=\"message-foot\">\u003Cspan data-v-018869bc=\"\" class=\"setting\" style=\"visibility: visible;\">查看详情\u003C/span>\u003Cspan data-v-018869bc=\"\" class=\"message-time\">2026-05-28 17:59:17\u003C/span>\u003C/div>\u003C/div>\u003Cdiv data-v-018869bc=\"\" class=\"delete el-icon-close\">\u003C/div>\u003C/div>\u003Cdiv data-v-018869bc=\"\" class=\"message-list\">\u003Cdiv data-v-018869bc=\"\" class=\"message-icon el-message-box__status el-icon-info\">\u003C/div>\u003Cdiv data-v-018869bc=\"\" class=\"message-group\">\u003Ch2 data-v-018869bc=\"\" class=\"message-title\"> 网络服务 \u003C/h2>\u003Cdiv data-v-018869bc=\"\" title=\"发现有人通过 SSH 登录您的系统后台。登录时间：2026-05-28 13:19:17，IP：192.168.64.1\" class=\"message-content userselect-text\"> 发现有人通过 SSH 登录您的系统后台。登录时间：2026-05-28 13:19:17，IP：192.168.64.1 \u003C/div>\u003Cdiv data-v-018869bc=\"\" class=\"message-foot\">\u003Cspan data-v-018869bc=\"\" class=\"setting\" style=\"visibility: visible;\">查看详情\u003C/span>\u003Cspan data-v-018869bc=\"\" class=\"message-time\">2026-05-28 13:19:25\u003C/span>\u003C/div>\u003C/div>\u003Cdiv data-v-018869bc=\"\" class=\"delete el-icon-close\">\u003C/div>\u003C/div>\u003Cdiv data-v-018869bc=\"\" class=\"message-list\">\u003Cdiv data-v-018869bc=\"\" class=\"message-icon el-message-box__status el-icon-warning\">\u003C/div>\u003Cdiv data-v-018869bc=\"\" class=\"message-group\">\u003Ch2 data-v-018869bc=\"\" class=\"message-title\"> 通用设置 \u003C/h2>\u003Cdiv data-v-018869bc=\"\" title=\"设备 TNAS 发生异常关机，可能由断电或系统异常引起，建议尽快检查设备及系统状态。\" class=\"message-content userselect-text\"> 设备 TNAS 发生异常关机，可能由断电或系统异常引起，建议尽快检查设备及系统状态。 \u003C/div>\u003Cdiv data-v-018869bc=\"\" class=\"message-foot\">\u003Cspan data-v-018869bc=\"\" class=\"setting\" style=\"visibility: hidden;\">查看详情\u003C/span>\u003Cspan data-v-018869bc=\"\" class=\"message-time\">2026-05-28 08:45:46\u003C/span>\u003C/div>\u003C/div>\u003Cdiv data-v-018869bc=\"\" class=\"delete el-icon-close\">\u003C/div>\u003C/div>\u003Cdiv data-v-018869bc=\"\" class=\"message-list\">\u003Cdiv data-v-018869bc=\"\" class=\"message-icon el-message-box__status el-icon-info\">\u003C/div>\u003Cdiv data-v-018869bc=\"\" class=\"message-group\">\u003Ch2 data-v-018869bc=\"\" class=\"message-title\"> 网络服务 \u003C/h2>\u003Cdiv data-v-018869bc=\"\" title=\"发现有人通过 SSH 登录您的系统后台。登录时间：2026-05-28 00:44:54，IP：192.168.64.1\" class=\"message-content userselect-text\"> 发现有人通过 SSH 登录您的系统后台。登录时间：2026-05-28 00:44:54，IP：192.168.64.1 \u003C/div>\u003Cdiv data-v-018869bc=\"\" class=\"message-foot\">\u003Cspan data-v-018869bc=\"\" class=\"setting\" style=\"visibility: visible;\">查看详情\u003C/span>\u003Cspan data-v-018869bc=\"\" class=\"message-time\">2026-05-28 00:44:56\u003C/span>\u003C/div>\u003C/div>\u003Cdiv data-v-018869bc=\"\" class=\"delete el-icon-close\">\u003C/div>\u003C/div>\u003Cdiv data-v-018869bc=\"\" class=\"message-list\">\u003Cdiv data-v-018869bc=\"\" class=\"message-icon el-message-box__status el-icon-info\">\u003C/div>\u003Cdiv data-v-018869bc=\"\" class=\"message-group\">\u003Ch2 data-v-018869bc=\"\" class=\"message-title\"> 网络服务 \u003C/h2>\u003Cdiv data-v-018869bc=\"\" title=\"发现有人通过 SSH 登录您的系统后台。登录时间：2026-05-28 00:44:18，IP：192.168.64.1\" class=\"message-content userselect-text\"> 发现有人通过 SSH 登录您的系统后台。登录时间：2026-05-28 00:44:18，IP：192.168.64.1 \u003C/div>\u003Cdiv data-v-018869bc=\"\" class=\"message-foot\">\u003Cspan data-v-018869bc=\"\" class=\"setting\" style=\"visibility: visible;\">查看详情\u003C/span>\u003Cspan data-v-018869bc=\"\" class=\"message-time\">2026-05-28 00:44:20\u003C/span>\u003C/div>\u003C/div>\u003Cdiv data-v-018869bc=\"\" class=\"delete el-icon-close\">\u003C/div>\u003C/div>\u003Cdiv data-v-018869bc=\"\" class=\"message-list\">\u003Cdiv data-v-018869bc=\"\" class=\"message-icon el-message-box__status el-icon-warning\">\u003C/div>\u003Cdiv data-v-018869bc=\"\" class=\"message-group\">\u003Ch2 data-v-018869bc=\"\" class=\"message-title\"> 通用设置 \u003C/h2>\u003Cdiv data-v-018869bc=\"\" title=\"设备 TNAS 发生异常关机，可能由断电或系统异常引起，建议尽快检查设备及系统状态。\" class=\"message-content userselect-text\"> 设备 TNAS 发生异常关机，可能由断电或系统异常引起，建议尽快检查设备及系统状态。 \u003C/div>\u003Cdiv data-v-018869bc=\"\" class=\"message-foot\">\u003Cspan data-v-018869bc=\"\" class=\"setting\" style=\"visibility: hidden;\">查看详情\u003C/span>\u003Cspan data-v-018869bc=\"\" class=\"message-time\">2026-05-27 22:50:46\u003C/span>\u003C/div>\u003C/div>\u003Cdiv data-v-018869bc=\"\" class=\"delete el-icon-close\">\u003C/div>\u003C/div>\u003Cdiv data-v-018869bc=\"\" class=\"message-list\">\u003Cdiv data-v-018869bc=\"\" class=\"message-icon el-message-box__status el-icon-info\">\u003C/div>\u003Cdiv data-v-018869bc=\"\" class=\"message-group\">\u003Ch2 data-v-018869bc=\"\" class=\"message-title\"> 通用设置 \u003C/h2>\u003Cdiv data-v-018869bc=\"\" title=\"TOS 已成功更新至版本 7.0.0612。\" class=\"message-content userselect-text\"> TOS 已成功更新至版本 7.0.0612。 \u003C/div>\u003Cdiv data-v-018869bc=\"\" class=\"message-foot\">\u003Cspan data-v-018869bc=\"\" class=\"setting\" style=\"visibility: visible;\">查看详情\u003C/span>\u003Cspan data-v-018869bc=\"\" class=\"message-time\">2026-05-26 23:46:17\u003C/span>\u003C/div>\u003C/div>\u003Cdiv data-v-018869bc=\"\" class=\"delete el-icon-close\">\u003C/div>\u003C/div>\u003Cdiv data-v-018869bc=\"\" class=\"message-list\">\u003Cdiv data-v-018869bc=\"\" class=\"message-icon el-message-box__status el-icon-info\">\u003C/div>\u003Cdiv data-v-018869bc=\"\" class=\"message-group\">\u003Ch2 data-v-018869bc=\"\" class=\"message-title\"> 通用设置 \u003C/h2>\u003Cdiv data-v-018869bc=\"\" title=\"7.0.0612 的新版本已下载完成。请进入设备的「控制面板 &gt; 系统 &gt; 更新」，点击「更新」。\" class=\"message-content userselect-text\"> 7.0.0612 的新版本已下载完成。请进入设备的「控制面板 &gt; 系统 &gt; 更新」，点击「更新」。 \u003C/div>\u003Cdiv data-v-018869bc=\"\" class=\"message-foot\">\u003Cspan data-v-018869bc=\"\" class=\"setting\" style=\"visibility: visible;\">查看详情\u003C/span>\u003Cspan data-v-018869bc=\"\" class=\"message-time\">2026-05-26 23:36:17\u003C/span>\u003C/div>\u003C/div>\u003Cdiv data-v-018869bc=\"\" class=\"delete el-icon-close\">\u003C/div>\u003C/div>\u003Cdiv data-v-018869bc=\"\" class=\"message-list\">\u003Cdiv data-v-018869bc=\"\" class=\"message-icon el-message-box__status el-icon-info\">\u003C/div>\u003Cdiv data-v-018869bc=\"\" class=\"message-group\">\u003Ch2 data-v-018869bc=\"\" class=\"message-title\"> 通用设置 \u003C/h2>\u003Cdiv data-v-018869bc=\"\" title=\"检测到设备 TNAS 有新的系统更新可用。请登录该设备，进入 控制面板 &gt; 系统 &gt; 更新，检查并安装最新版本。\" class=\"message-content userselect-text\"> 检测到设备 TNAS 有新的系统更新可用。请登录该设备，进入 控制面板 &gt; 系统 &gt; 更新，检查并安装最新版本。 \u003C/div>\u003Cdiv data-v-018869bc=\"\" class=\"message-foot\">\u003Cspan data-v-018869bc=\"\" class=\"setting\" style=\"visibility: visible;\">查看详情\u003C/span>\u003Cspan data-v-018869bc=\"\" class=\"message-time\">2026-05-26 23:33:55\u003C/span>\u003C/div>\u003C/div>\u003Cdiv data-v-018869bc=\"\" class=\"delete el-icon-close\">\u003C/div>\u003C/div>\u003Cdiv data-v-018869bc=\"\" class=\"message-list\">\u003Cdiv data-v-018869bc=\"\" class=\"message-icon el-message-box__status el-icon-info\">\u003C/div>\u003Cdiv data-v-018869bc=\"\" class=\"message-group\">\u003Ch2 data-v-018869bc=\"\" class=\"message-title\"> 网络服务 \u003C/h2>\u003Cdiv data-v-018869bc=\"\" title=\"发现有人通过 SSH 登录您的系统后台。登录时间：2026-05-26 23:26:03，IP：192.168.64.1\" class=\"message-content userselect-text\"> 发现有人通过 SSH 登录您的系统后台。登录时间：2026-05-26 23:26:03，IP：192.168.64.1 \u003C/div>\u003Cdiv data-v-018869bc=\"\" class=\"message-foot\">\u003Cspan data-v-018869bc=\"\" class=\"setting\" style=\"visibility: visible;\">查看详情\u003C/span>\u003Cspan data-v-018869bc=\"\" class=\"message-time\">2026-05-26 23:26:04\u003C/span>\u003C/div>\u003C/div>\u003Cdiv data-v-018869bc=\"\" class=\"delete el-icon-close\">\u003C/div>\u003C/div>\u003Cdiv data-v-018869bc=\"\" class=\"message-list\">\u003Cdiv data-v-018869bc=\"\" class=\"message-icon el-message-box__status el-icon-info\">\u003C/div>\u003Cdiv data-v-018869bc=\"\" class=\"message-group\">\u003Ch2 data-v-018869bc=\"\" class=\"message-title\"> 网络服务 \u003C/h2>\u003Cdiv data-v-018869bc=\"\" title=\"发现有人通过 SSH 登录您的系统后台。登录时间：2026-05-26 23:25:45，IP：192.168.64.1\" class=\"message-content userselect-text\"> 发现有人通过 SSH 登录您的系统后台。登录时间：2026-05-26 23:25:45，IP：192.168.64.1 \u003C/div>\u003Cdiv data-v-018869bc=\"\" class=\"message-foot\">\u003Cspan data-v-018869bc=\"\" class=\"setting\" style=\"visibility: visible;\">查看详情\u003C/span>\u003Cspan data-v-018869bc=\"\" class=\"message-time\">2026-05-26 23:25:46\u003C/span>\u003C/div>\u003C/div>\u003Cdiv data-v-018869bc=\"\" class=\"delete el-icon-close\">\u003C/div>\u003C/div>\u003Cdiv data-v-018869bc=\"\" class=\"message-list\">\u003Cdiv data-v-018869bc=\"\" class=\"message-icon el-message-box__status el-icon-info\">\u003C/div>\u003Cdiv data-v-018869bc=\"\" class=\"message-group\">\u003Ch2 data-v-018869bc=\"\" class=\"message-title\"> 网络服务 \u003C/h2>\u003Cdiv data-v-018869bc=\"\" title=\"发现有人通过 SSH 登录您的系统后台。登录时间：2026-05-26 23:25:25，IP：192.168.64.1\" class=\"message-content userselect-text\"> 发现有人通过 SSH 登录您的系统后台。登录时间：2026-05-26 23:25:25，IP：192.168.64.1 \u003C/div>\u003Cdiv data-v-018869bc=\"\" class=\"message-foot\">\u003Cspan data-v-018869bc=\"\" class=\"setting\" style=\"visibility: visible;\">查看详情\u003C/span>\u003Cspan data-v-018869bc=\"\" class=\"message-time\">2026-05-26 23:25:27\u003C/span>\u003C/div>\u003C/div>\u003Cdiv data-v-018869bc=\"\" class=\"delete el-icon-close\">\u003C/div>\u003C/div>\u003Cdiv data-v-018869bc=\"\" class=\"message-list\">\u003Cdiv data-v-018869bc=\"\" class=\"message-icon el-message-box__status el-icon-info\">\u003C/div>\u003Cdiv data-v-018869bc=\"\" class=\"message-group\">\u003Ch2 data-v-018869bc=\"\" class=\"message-title\"> 网络服务 \u003C/h2>\u003Cdiv data-v-018869bc=\"\" title=\"发现有人通过 SSH 登录您的系统后台。登录时间：2026-05-26 23:25:09，IP：192.168.64.1\" class=\"message-content userselect-text\"> 发现有人通过 SSH 登录您的系统后台。登录时间：2026-05-26 23:25:09，IP：192.168.64.1 \u003C/div>\u003Cdiv data-v-018869bc=\"\" class=\"message-foot\">\u003Cspan data-v-018869bc=\"\" class=\"setting\" style=\"visibility: visible;\">查看详情\u003C/span>\u003Cspan data-v-018869bc=\"\" class=\"message-time\">2026-05-26 23:25:11\u003C/span>\u003C/div>\u003C/div>\u003Cdiv data-v-018869bc=\"\" class=\"delete el-icon-close\">\u003C/div>\u003C/div>\u003Cdiv data-v-018869bc=\"\" class=\"message-list\">\u003Cdiv data-v-018869bc=\"\" class=\"message-icon el-message-box__status el-icon-info\">\u003C/div>\u003Cdiv data-v-018869bc=\"\" class=\"message-group\">\u003Ch2 data-v-018869bc=\"\" class=\"message-title\"> 网络服务 \u003C/h2>\u003Cdiv data-v-018869bc=\"\" title=\"发现有人通过 SSH 登录您的系统后台。登录时间：2026-05-26 22:58:25，IP：192.168.64.1\" class=\"message-content userselect-text\"> 发现有人通过 SSH 登录您的系统后台。登录时间：2026-05-26 22:58:25，IP：192.168.64.1 \u003C/div>\u003Cdiv data-v-018869bc=\"\" class=\"message-foot\">\u003Cspan data-v-018869bc=\"\" class=\"setting\" style=\"visibility: visible;\">查看详情\u003C/span>\u003Cspan data-v-018869bc=\"\" class=\"message-time\">2026-05-26 22:58:26\u003C/span>\u003C/div>\u003C/div>\u003Cdiv data-v-018869bc=\"\" class=\"delete el-icon-close\">\u003C/div>\u003C/div>\u003Cdiv data-v-018869bc=\"\" class=\"message-list\">\u003Cdiv data-v-018869bc=\"\" class=\"message-icon el-message-box__status el-icon-info\">\u003C/div>\u003Cdiv data-v-018869bc=\"\" class=\"message-group\">\u003Ch2 data-v-018869bc=\"\" class=\"message-title\"> 网络服务 \u003C/h2>\u003Cdiv data-v-018869bc=\"\" title=\"发现有人通过 SSH 登录您的系统后台。登录时间：2026-05-26 22:58:07，IP：192.168.64.1\" class=\"message-content userselect-text\"> 发现有人通过 SSH 登录您的系统后台。登录时间：2026-05-26 22:58:07，IP：192.168.64.1 \u003C/div>\u003Cdiv data-v-018869bc=\"\" class=\"message-foot\">\u003Cspan data-v-018869bc=\"\" class=\"setting\" style=\"visibility: visible;\">查看详情\u003C/span>\u003Cspan data-v-018869bc=\"\" class=\"message-time\">2026-05-26 22:58:08\u003C/span>\u003C/div>\u003C/div>\u003Cdiv data-v-018869bc=\"\" class=\"delete el-icon-close\">\u003C/div>\u003C/div>\u003Cdiv data-v-018869bc=\"\" class=\"message-list\">\u003Cdiv data-v-018869bc=\"\" class=\"message-icon el-message-box__status el-icon-info\">\u003C/div>\u003Cdiv data-v-018869bc=\"\" class=\"message-group\">\u003Ch2 data-v-018869bc=\"\" class=\"message-title\"> 网络服务 \u003C/h2>\u003Cdiv data-v-018869bc=\"\" title=\"发现有人通过 SSH 登录您的系统后台。登录时间：2026-05-26 22:57:39，IP：192.168.64.1\" class=\"message-content userselect-text\"> 发现有人通过 SSH 登录您的系统后台。登录时间：2026-05-26 22:57:39，IP：192.168.64.1 \u003C/div>\u003Cdiv data-v-018869bc=\"\" class=\"message-foot\">\u003Cspan data-v-018869bc=\"\" class=\"setting\" style=\"visibility: visible;\">查看详情\u003C/span>\u003Cspan data-v-018869bc=\"\" class=\"message-time\">2026-05-26 22:57:40\u003C/span>\u003C/div>\u003C/div>\u003Cdiv data-v-018869bc=\"\" class=\"delete el-icon-close\">\u003C/div>\u003C/div>\u003Cdiv data-v-018869bc=\"\" class=\"message-list\">\u003Cdiv data-v-018869bc=\"\" class=\"message-icon el-message-box__status el-icon-info\">\u003C/div>\u003Cdiv data-v-018869bc=\"\" class=\"message-group\">\u003Ch2 data-v-018869bc=\"\" class=\"message-title\"> 网络服务 \u003C/h2>\u003Cdiv data-v-018869bc=\"\" title=\"发现有人通过 Physical Console 登录您的系统后台。登录时间：2026-05-26 22:33:38，IP：Unknown\" class=\"message-content userselect-text\"> 发现有人通过 Physical Console 登录您的系统后台。登录时间：2026-05-26 22:33:38，IP：Unknown \u003C/div>\u003Cdiv data-v-018869bc=\"\" class=\"message-foot\">\u003Cspan data-v-018869bc=\"\" class=\"setting\" style=\"visibility: visible;\">查看详情\u003C/span>\u003Cspan data-v-018869bc=\"\" class=\"message-time\">2026-05-26 22:33:45\u003C/span>\u003C/div>\u003C/div>\u003Cdiv data-v-018869bc=\"\" class=\"delete el-icon-close\">\u003C/div>\u003C/div>\u003Cdiv data-v-018869bc=\"\" class=\"message-list\">\u003Cdiv data-v-018869bc=\"\" class=\"message-icon el-message-box__status el-icon-warning\">\u003C/div>\u003Cdiv data-v-018869bc=\"\" class=\"message-group\">\u003Ch2 data-v-018869bc=\"\" class=\"message-title\"> 通用设置 \u003C/h2>\u003Cdiv data-v-018869bc=\"\" title=\"设备 TNAS 发生异常关机，可能由断电或系统异常引起，建议尽快检查设备及系统状态。\" class=\"message-content userselect-text\"> 设备 TNAS 发生异常关机，可能由断电或系统异常引起，建议尽快检查设备及系统状态。 \u003C/div>\u003Cdiv data-v-018869bc=\"\" class=\"message-foot\">\u003Cspan data-v-018869bc=\"\" class=\"setting\" style=\"visibility: hidden;\">查看详情\u003C/span>\u003Cspan data-v-018869bc=\"\" class=\"message-time\">2026-05-26 22:33:40\u003C/span>\u003C/div>\u003C/div>\u003Cdiv data-v-018869bc=\"\" class=\"delete el-icon-close\">\u003C/div>\u003C/div>\u003Cdiv data-v-018869bc=\"\" class=\"message-list\">\u003Cdiv data-v-018869bc=\"\" class=\"message-icon el-message-box__status el-icon-warning\">\u003C/div>\u003Cdiv data-v-018869bc=\"\" class=\"message-group\">\u003Ch2 data-v-018869bc=\"\" class=\"message-title\"> 通用设置 \u003C/h2>\u003Cdiv data-v-018869bc=\"\" title=\"设备 TNAS 发生异常关机，可能由断电或系统异常引起，建议尽快检查设备及系统状态。\" class=\"message-content userselect-text\"> 设备 TNAS 发生异常关机，可能由断电或系统异常引起，建议尽快检查设备及系统状态。 \u003C/div>\u003Cdiv data-v-018869bc=\"\" class=\"message-foot\">\u003Cspan data-v-018869bc=\"\" class=\"setting\" style=\"visibility: hidden;\">查看详情\u003C/span>\u003Cspan data-v-018869bc=\"\" class=\"message-time\">2026-05-25 21:04:49\u003C/span>\u003C/div>\u003C/div>\u003Cdiv data-v-018869bc=\"\" class=\"delete el-icon-close\">\u003C/div>\u003C/div>\u003Cdiv data-v-018869bc=\"\" class=\"message-list\">\u003Cdiv data-v-018869bc=\"\" class=\"message-icon el-message-box__status el-icon-warning\">\u003C/div>\u003Cdiv data-v-018869bc=\"\" class=\"message-group\">\u003Ch2 data-v-018869bc=\"\" class=\"message-title\"> 其它 \u003C/h2>\u003Cdiv data-v-018869bc=\"\" title=\"系统安全扫描异常，发现 4 个待处理的安全风险\" class=\"message-content userselect-text\"> 系统安全扫描异常，发现 4 个待处理的安全风险 \u003C/div>\u003Cdiv data-v-018869bc=\"\" class=\"message-foot\">\u003Cspan data-v-018869bc=\"\" class=\"setting\" style=\"visibility: visible;\">查看详情\u003C/span>\u003Cspan data-v-018869bc=\"\" class=\"message-time\">2026-05-25 19:26:39\u003C/span>\u003C/div>\u003C/div>\u003Cdiv data-v-018869bc=\"\" class=\"delete el-icon-close\">\u003C/div>\u003C/div>\u003C/div>\u003C/div>\u003C/div>\u003C/div>\u003Cdiv class=\"el-scrollbar__bar is-horizontal\">\u003Cdiv class=\"el-scrollbar__thumb\" style=\"transform: translateX(0%);\">\u003C/div>\u003C/div>\u003Cdiv class=\"el-scrollbar__bar is-vertical\">\u003Cdiv class=\"el-scrollbar__thumb\" style=\"transform: translateY(0%); height: 21.4065%;\">\u003C/div>\u003C/div>\u003C/div>\u003C/div>\u003C/div>\u003C/div>\u003C!---->\u003C!---->\u003C!---->\u003Cdiv data-v-5bce1a4c=\"\" class=\"v-tour\">\u003C!---->\u003Cdiv class=\"mask\" style=\"display: none;\">\u003C/div>\u003C/div>\u003C!---->\u003C!---->\u003C/div>\u003C/div>\u003Cscript>\u003C/script>\u003Cscript src=\"js/chunk-vendors.10331b6a.js\">\u003C/script>\u003Cscript src=\"js/app.ba0ca957.js\">\u003C/script>\u003Cdiv class=\"el-loading-mask is-fullscreen\" style=\"z-index: 2000; display: none;\">\u003Cdiv class=\"el-loading-spinner\">\u003Ci class=\"circular\">\u003C/i>\u003C!---->\u003C/div>\u003C/div>\u003C/body>\u003C/html>"} | headers=HTTPHeaderDict({'Content-Length': '1906468', 'Content-Type': 'application/json; charset=utf-8', 'cache-control': 'no-cache'})
DEBUG    selenium.webdriver.remote.remote_connection:remote_connection.py:468 Finished Request
DEBUG    selenium.webdriver.remote.remote_connection:remote_connection.py:406 GET http://localhost:58731/session/eaeb57ab0a4d1deb93b3eddb8c40d746/source {}
DEBUG    urllib3.connectionpool:connectionpool.py:544 http://localhost:58731 "GET /session/eaeb57ab0a4d1deb93b3eddb8c40d746/source HTTP/1.1" 200 0
DEBUG    selenium.webdriver.remote.remote_connection:remote_connection.py:439 Remote response: status=200 | data={"value":"\u003Chtml lang=\"\" data-theme=\"light\" style=\"--compoents-checkbox-color: #3491FA; --compoents-radio-color: #3491FA; --compoents-pool-color: #3491FA; --compoents-advance-color: #3491FA; --appStore-text-color: #3491FA; --compoents-button-color: #3491FA; --compoents-tabSlider-color: #3491FA; --compoents-activebg-color: #3491FA; --el-page-color: #3491FA; --common-primary-bgColor: #3491FA; --common-active-bgColor: #2B81E2; --common-tint-bgColor: #E8F3FF; --common-tint-second-bgColor: #D5E9FF; --common-disable-bgColor: #C9CDD4;\">\u003Chead>\u003Cmeta charset=\"utf-8\">\u003Cmeta http-equiv=\"X-UA-Compatible\" content=\"IE=edge\">\u003Cmeta name=\"renderer\" content=\"webkit\">\u003Cmeta name=\"viewport\" content=\"width=device-width,initial-scale=0.4\">\u003Cmeta http-equiv=\"Content-Type\" content=\"text/html; charset=utf-8\">\u003Cmeta http-equiv=\"Pragma\" content=\"no-cache\">\u003Cmeta http-equiv=\"Cache-Control\" content=\"no-cache, must-revalidate\">\u003Cmeta http-equiv=\"Expires\" content=\"0\">\u003Clink rel=\"shortcut icon\" href=\"./tos.ico?v=tos6\" sizes=\"48x48\">\u003Clink rel=\"shortcut icon\" href=\"./tos.ico?v=tos6\" sizes=\"32x32\">\u003Clink rel=\"shortcut icon\" href=\"./tos.svg?v=tos6\">\u003Ctitle>TNAS\u003C/title>\u003Cstyle>.overBody {\n            overflow: hidden;\n        }\u003C/style>\u003Clink href=\"css/chunk-vendors.62c5fb31.css\" rel=\"stylesheet\">\u003Clink href=\"css/app.2a90e497.css\" rel=\"stylesheet\">\u003Cstyle type=\"text/css\">\nmicro-app, micro-app-body { display: block; } \nmicro-app-head { display: none; }\u003C/style>\u003Cscript charset=\"utf-8\" src=\"js/chunk-2d0be333.dd089ebb.js\">\u003C/script>\u003Clink rel=\"stylesheet\" type=\"text/css\" href=\"css/login.457bffb0.css\">\u003Cscript charset=\"utf-8\" src=\"js/login.f4fcf04d.js\">\u003C/script>\u003Clink rel=\"stylesheet\" type=\"text/css\" href=\"css/chunk-ec20d398.89e99e93.css\">\u003Cscript charset=\"utf-8\" src=\"js/chunk-ec20d398.e87325dd.js\">\u003C/script>\u003Clink rel=\"stylesheet\" type=\"text/css\" href=\"css/desktop.97a623f9.css\">\u003Cscript charset=\"utf-8\" src=\"js/desktop.f21fd5e8.js\">\u003C/script>\u003Clink rel=\"stylesheet\" type=\"text/css\" href=\"css/chunk-48ce7c9d.0329c0c8.css\">\u003Cscript charset=\"utf-8\" src=\"js/chunk-48ce7c9d.b1e8981c.js\">\u003C/script>\u003Clink rel=\"stylesheet\" type=\"text/css\" href=\"css/chunk-783d3707.6a1f8ed8.css\">\u003Cscript charset=\"utf-8\" src=\"js/chunk-783d3707.018e34fa.js\">\u003C/script>\u003Clink rel=\"stylesheet\" type=\"text/css\" href=\"css/chunk-47c240c8.20768276.css\">\u003Cscript charset=\"utf-8\" src=\"js/chunk-47c240c8.543cc93d.js\">\u003C/script>\u003Clink rel=\"stylesheet\" type=\"text/css\" href=\"css/global-comp-x-contextmenus-vue.38a3c294.css\">\u003Cscript charset=\"utf-8\" src=\"js/global-comp-x-contextmenus-vue.24a3a269.js\">\u003C/script>\u003Clink rel=\"stylesheet\" type=\"text/css\" href=\"css/chunk-2e5a1ee0.32e1d662.css\">\u003Cscript charset=\"utf-8\" src=\"js/chunk-2e5a1ee0.fe80c796.js\">\u003C/script>\u003Clink rel=\"stylesheet\" type=\"text/css\" href=\"css/chunk-30323ef2.062b5462.css\">\u003Cscript charset=\"utf-8\" src=\"js/chunk-30323ef2.b96b678c.js\">\u003C/script>\u003Cscript charset=\"utf-8\" src=\"js/chunk-0cd8ea92.58295ac8.js\">\u003C/script>\u003Clink rel=\"stylesheet\" type=\"text/css\" href=\"css/chunk-6de1666a.dc471a4a.css\">\u003Cscript charset=\"utf-8\" src=\"js/chunk-6de1666a.bb6f8c48.js\">\u003C/script>\u003Clink rel=\"stylesheet\" type=\"text/css\" href=\"css/chunk-f4268e08.053130e1.css\">\u003Cscript charset=\"utf-8\" src=\"js/chunk-f4268e08.42c59548.js\">\u003C/script>\u003Cstyle type=\"text/css\">.vue-grid-item{-webkit-transition:all .2s ease;transition:all .2s ease;-webkit-transition-property:left,top,right;transition-property:left,top,right}.vue-grid-item.no-touch{-ms-touch-action:none;touch-action:none}.vue-grid-item.cssTransforms{-webkit-transition-property:-webkit-transform;transition-property:-webkit-transform;transition-property:transform;transition-property:transform,-webkit-transform;left:0;right:auto}.vue-grid-item.cssTransforms.render-rtl{left:auto;right:0}.vue-grid-item.resizing{opacity:.6;z-index:3}.vue-grid-item.vue-draggable-dragging{-webkit-transition:none;transition:none;z-index:3}.vue-grid-item.vue-grid-placeholder{background:red;opacity:.2;-webkit-transition-duration:.1s;transition-duration:.1s;z-index:2;-webkit-user-select:none;-moz-user-select:none;-ms-user-select:none;-o-user-select:none;user-select:none}.vue-grid-item>.vue-resizable-handle{position:absolute;width:20px;height:20px;bottom:0;right:0;background:url(\"data:image/svg+xml;base64,PHN2ZyBzdHlsZT0iYmFja2dyb3VuZC1jb2xvcjojZmZmZmZmMDAiIHhtbG5zPSJodHRwOi8vd3d3LnczLm9yZy8yMDAwL3N2ZyIgd2lkdGg9IjYiIGhlaWdodD0iNiI+PHBhdGggZD0iTTYgNkgwVjQuMmg0LjJWMEg2djZ6IiBvcGFjaXR5PSIuMzAyIi8+PC9zdmc+\");background-position:100% 100%;padding:0 3px 3px 0;background-repeat:no-repeat;background-origin:content-box;-webkit-box-sizing:border-box;box-sizing:border-box;cursor:se-resize}.vue-grid-item>.vue-rtl-resizable-handle{bottom:0;left:0;background:url(data:image/svg+xml;base64,PHN2ZyB3aWR0aD0iMTAiIGhlaWdodD0iMTAiIHhtbG5zPSJodHRwOi8vd3d3LnczLm9yZy8yMDAwL3N2ZyI+PHBhdGggZmlsbD0ibm9uZSIgZD0iTS0xLTFoMTJ2MTJILTF6Ii8+PGc+PHBhdGggc3Ryb2tlLWxpbmVjYXA9InVuZGVmaW5lZCIgc3Ryb2tlLWxpbmVqb2luPSJ1bmRlZmluZWQiIHN0cm9rZS13aWR0aD0iMS41IiBzdHJva2U9IiMwMDAiIGZpbGw9Im5vbmUiIGQ9Ik0xNDQuODIxLTM4LjM5M2wtMjAuMzU3LTMxLjc4NSIvPjxwYXRoIHN0cm9rZT0iIzY2NiIgc3Ryb2tlLWxpbmVjYXA9InVuZGVmaW5lZCIgc3Ryb2tlLWxpbmVqb2luPSJ1bmRlZmluZWQiIHN0cm9rZS13aWR0aD0iMiIgZmlsbD0ibm9uZSIgZD0iTS45NDctLjAxOHY5LjEyNU0tLjY1NiA5aDEwLjczIi8+PC9nPjwvc3ZnPg==);background-position:0 100%;padding-left:3px;background-repeat:no-repeat;background-origin:content-box;cursor:sw-resize;right:auto}.vue-grid-item.disable-userselect{-webkit-user-select:none;-moz-user-select:none;-ms-user-select:none;user-select:none}\u003C/style>\u003Cstyle type=\"text/css\">.vue-grid-layout{position:relative;-webkit-transition:height .2s ease;transition:height .2s ease}\u003C/style>\u003Clink rel=\"stylesheet\" type=\"text/css\" href=\"css/chunk-0ae556f8.ee9a29a3.css\">\u003Cscript charset=\"utf-8\" src=\"js/chunk-0ae556f8.0922d40c.js\">\u003C/script>\u003Cstyle id=\"erd_scroll_detection_scrollbar_style\">/* Created by the element-resize-detector library. */\n.erd_scroll_detection_container > div::-webkit-scrollbar { display: none; }\n\n.erd_scroll_detection_container_animation_active { -webkit-animation-duration: 0.1s; animation-duration: 0.1s; -webkit-animation-name: erd_scroll_detection_container_animation; animation-name: erd_scroll_detection_container_animation; }\n@-webkit-keyframes erd_scroll_detection_container_animation { 0% { opacity: 1; } 50% { opacity: 0; } 100% { opacity: 1; } }\n@keyframes erd_scroll_detection_container_animation { 0% { opacity: 1; } 50% { opacity: 0; } 100% { opacity: 1; } }\u003C/style>\u003Clink rel=\"stylesheet\" type=\"text/css\" href=\"css/chunk-363946a2.24b944f7.css\">\u003Cscript charset=\"utf-8\" src=\"js/chunk-363946a2.15da972b.js\">\u003C/script>\u003Clink rel=\"stylesheet\" type=\"text/css\" href=\"css/chunk-fb52fa52.1335c53b.css\">\u003Cscript charset=\"utf-8\" src=\"js/chunk-fb52fa52.c2bad134.js\">\u003C/script>\u003Clink rel=\"stylesheet\" type=\"text/css\" href=\"css/chunk-187ea536.9931a71e.css\">\u003Cscript charset=\"utf-8\" src=\"js/chunk-187ea536.872a2a3f.js\">\u003C/script>\u003Clink rel=\"stylesheet\" type=\"text/css\" href=\"css/global-comp-x-tab-index-vue.08cbf766.css\">\u003Cscript charset=\"utf-8\" src=\"js/global-comp-x-tab-index-vue.7f68811d.js\">\u003C/script>\u003Clink rel=\"stylesheet\" type=\"text/css\" href=\"css/chunk-fb35c328.7f46e022.css\">\u003Cscript charset=\"utf-8\" src=\"js/chunk-fb35c328.a6813529.js\">\u003C/script>\u003Clink rel=\"stylesheet\" type=\"text/css\" href=\"css/chunk-36fbb7b8.25954ced.css\">\u003Cscript charset=\"utf-8\" src=\"js/chunk-36fbb7b8.5b487b09.js\">\u003C/script>\u003Clink rel=\"stylesheet\" type=\"text/css\" href=\"css/chunk-c902408e.1597a32d.css\">\u003Cscript charset=\"utf-8\" src=\"js/chunk-c902408e.4f5f47d7.js\">\u003C/script>\u003C/head>\u003Cbody class=\"overBody\" style=\"position: relative;\">\u003Csvg aria-hidden=\"true\" style=\"position: absolute; width: 0px; height: 0px; overflow: hidden;\">\u003Csymbol id=\"iconsocks\" viewBox=\"0 0 1024 1024\">\u003Cpath d=\"M889.002667 1024H134.997333A135.210667 135.210667 0 0 1 0 889.002667V134.997333A135.210667 135.210667 0 0 1 134.997333 0h754.005334A135.210667 135.210667 0 0 1 1024 134.997333v754.005334A135.210667 135.210667 0 0 1 889.002667 1024zM134.997333 90.026667c-24.789333 0-45.013333 20.181333-45.013333 44.970666v754.005334c0 24.789333 20.224 45.013333 45.013333 45.013333h754.005334c24.789333 0 45.013333-20.224 45.013333-45.013333V134.997333c0-24.789333-20.224-45.013333-45.013333-45.013333H134.997333z\">\u003C/path>\u003Cpath d=\"M45.013333 331.989333h933.973334v90.026667H45.013333V331.946667zM230.997333 210.986667q0 2.474667-0.256 4.906666-0.213333 2.432-0.682666 4.864-0.512 2.389333-1.194667 4.736-0.725333 2.389333-1.706667 4.650667-0.896 2.261333-2.048 4.437333-1.152 2.133333-2.56 4.181334-1.322667 2.048-2.901333 3.968-1.536 1.877333-3.285333 3.626666-1.706667 1.706667-3.626667 3.285334-1.92 1.578667-3.968 2.944-2.048 1.365333-4.181333 2.517333-2.176 1.152-4.437334 2.090667-2.304 0.938667-4.650666 1.664-2.346667 0.682667-4.736 1.194666-2.432 0.426667-4.864 0.725334-2.432 0.213333-4.906667 0.213333-2.432 0-4.906667-0.213333-2.432-0.256-4.821333-0.725334-2.432-0.512-4.778667-1.194666-2.346667-0.725333-4.608-1.664t-4.437333-2.133334q-2.176-1.109333-4.224-2.474666-2.048-1.365333-3.925333-2.944-1.92-1.536-3.626667-3.285334-1.749333-1.706667-3.328-3.626666-1.536-1.92-2.901333-3.968-1.365333-2.005333-2.56-4.181334-1.109333-2.176-2.048-4.437333-0.981333-2.261333-1.706667-4.650667-0.682667-2.346667-1.152-4.736-0.469333-2.432-0.725333-4.864-0.256-2.432-0.256-4.906666 0-2.432 0.256-4.906667 0.256-2.432 0.725333-4.821333 0.469333-2.432 1.194667-4.778667 0.682667-2.346667 1.664-4.608 0.938667-2.261333 2.090666-4.437333 1.152-2.133333 2.517334-4.224 1.365333-2.048 2.901333-3.925334 1.578667-1.92 3.328-3.626666 1.706667-1.749333 3.626667-3.328 1.877333-1.536 3.925333-2.901334 2.048-1.365333 4.224-2.56 2.133333-1.109333 4.437333-2.048 2.261333-0.938667 4.608-1.706666 2.346667-0.682667 4.778667-1.152 2.389333-0.469333 4.821333-0.725334 2.474667-0.256 4.906667-0.256 2.474667 0 4.906667 0.256t4.864 0.725334q2.389333 0.469333 4.736 1.194666t4.650666 1.664q2.261333 0.938667 4.437334 2.090667 2.133333 1.152 4.181333 2.517333t3.968 2.901334q1.877333 1.578667 3.626667 3.328 1.706667 1.706667 3.285333 3.626666 1.578667 1.877333 2.944 3.925334 1.365333 2.048 2.517333 4.224 1.152 2.133333 2.090667 4.437333 0.938667 2.261333 1.664 4.608 0.682667 2.346667 1.194667 4.778667 0.426667 2.389333 0.682666 4.821333 0.256 2.474667 0.256 4.906667zM371.029333 210.986667q0 2.474667-0.256 4.906666-0.256 2.474667-0.725333 4.864-0.469333 2.432-1.194667 4.778667-0.682667 2.346667-1.621333 4.608-0.981333 2.261333-2.133333 4.437333-1.152 2.133333-2.517334 4.224-1.365333 2.048-2.901333 3.925334-1.578667 1.92-3.328 3.669333-1.706667 1.706667-3.626667 3.285333-1.877333 1.536-3.925333 2.901334-2.048 1.365333-4.224 2.56-2.133333 1.152-4.437333 2.090666-2.261333 0.938667-4.608 1.664-2.346667 0.682667-4.778667 1.152-2.389333 0.512-4.864 0.725334-2.432 0.256-4.906667 0.256-2.432 0-4.864-0.256-2.474667-0.213333-4.864-0.725334-2.432-0.426667-4.778666-1.152t-4.608-1.706666q-2.261333-0.896-4.437334-2.048-2.176-1.194667-4.224-2.56-2.048-1.365333-3.925333-2.901334-1.92-1.578667-3.669333-3.285333-1.706667-1.749333-3.285334-3.669333-1.536-1.877333-2.901333-3.925334-1.365333-2.048-2.56-4.224-1.152-2.133333-2.090667-4.437333-0.938667-2.261333-1.621333-4.608-0.725333-2.346667-1.194667-4.778667-0.512-2.389333-0.725333-4.864-0.256-2.432-0.256-4.906666 0-2.432 0.256-4.906667 0.213333-2.432 0.725333-4.821333 0.426667-2.432 1.194667-4.778667 0.682667-2.346667 1.621333-4.608 0.938667-2.304 2.133334-4.437333 1.152-2.176 2.517333-4.266667 1.365333-2.005333 2.901333-3.925333 1.578667-1.877333 3.285334-3.626667 1.749333-1.706667 3.669333-3.285333 1.877333-1.578667 3.925333-2.944 2.048-1.365333 4.224-2.517334 2.133333-1.152 4.437334-2.133333 2.261333-0.896 4.608-1.621333 2.346667-0.725333 4.778666-1.194667 2.389333-0.469333 4.864-0.725333 2.432-0.213333 4.864-0.213334 2.474667 0 4.906667 0.213334 2.474667 0.256 4.864 0.725333 2.432 0.469333 4.778667 1.194667t4.608 1.664q2.261333 0.938667 4.437333 2.133333 2.133333 1.109333 4.224 2.474667 2.048 1.365333 3.925333 2.944 1.92 1.536 3.626667 3.285333 1.749333 1.706667 3.328 3.626667 1.536 1.92 2.901333 3.968 1.365333 2.048 2.56 4.224 1.109333 2.133333 2.090667 4.437333 0.938667 2.261333 1.621333 4.608 0.725333 2.346667 1.194667 4.778667 0.469333 2.389333 0.725333 4.821333 0.256 2.474667 0.256 4.906667zM411.008 210.986667a50.005333 50.005333 0 1 0 100.010667 0.128 50.005333 50.005333 0 0 0-100.010667-0.128z\">\u003C/path>\u003Cpath d=\"M121.386667 613.973333q0-14.933333 7.381333-26.538666 7.338667-11.648 21.205333-18.133334 13.866667-6.528 32.64-6.528 23.893333 0 39.253334 9.514667 15.36 9.472 21.12 27.605333l-26.666667 12.373334q-4.053333-10.453333-11.818667-15.786667-7.808-5.333333-21.034666-5.333333-14.293333 0-21.418667 5.461333-7.168 5.418667-7.168 15.872 0 10.026667 7.466667 15.36t26.24 8.746667q30.08 5.333333 43.733333 18.56 13.653333 13.226667 13.653333 36.693333 0 15.36-8.234666 27.648-8.192 12.245333-23.04 19.072-14.805333 6.826667-33.578667 6.826667-26.026667 0-43.306667-10.666667-17.28-10.666667-23.04-30.293333l26.88-12.586667q3.84 12.373333 13.866667 18.773333 10.026667 6.4 25.386667 6.4t23.338666-6.272q8.021333-6.314667 8.021334-18.048 0-11.093333-8.448-17.493333-8.405333-6.4-29.098667-10.24-27.306667-4.906667-40.32-17.493333-13.013333-12.586667-13.013333-33.493334zM345.6 745.386667q-23.68 0-42.026667-11.52-18.346667-11.52-28.586666-32.213334-10.24-20.693333-10.24-47.573333t10.24-47.573333q10.24-20.693333 28.586666-32.213334 18.346667-11.52 42.026667-11.52 23.68 0 42.112 11.52 18.474667 11.52 28.586667 32.213334 10.154667 20.693333 10.154666 47.573333t-10.154666 47.573333q-10.112 20.693333-28.586667 32.213334-18.432 11.52-42.112 11.52z m0-27.306667q13.866667 0 24.746667-7.978667 10.88-8.021333 16.853333-22.613333 5.973333-14.634667 5.973333-33.408 0-18.986667-5.973333-33.493333t-16.853333-22.485334q-10.88-8.021333-24.746667-8.021333-13.866667 0-24.618667 8.021333-10.794667 7.978667-16.768 22.485334t-5.973333 33.493333q0 18.773333 5.973333 33.408 5.973333 14.592 16.768 22.613333 10.752 7.978667 24.618667 7.978667z m183.253333 0q29.013333 0 37.546667-27.946667l27.52 12.8q-5.76 19.84-22.613333 31.146667-16.853333 11.306667-41.813334 11.306667-23.893333 0-42.453333-11.392-18.56-11.434667-28.8-32.128-10.24-20.693333-10.24-47.786667 0-26.88 10.24-47.573333t28.8-32.213334q18.56-11.52 42.453333-11.52 24.96 0 41.813334 11.221334 16.853333 11.178667 22.613333 31.018666l-27.52 13.013334q-8.533333-27.946667-37.546667-27.946667-13.866667 0-24.661333 8.021333-10.752 7.978667-16.725333 22.485334t-5.973334 33.493333q0 18.986667 5.973334 33.493333t16.725333 22.528q10.794667 7.978667 24.661333 7.978667z m189.013334 24.32l-67.626667-88.32v88.32h-33.493333v-176.853333h33.493333v79.36l61.44-79.36h40.106667l-68.053334 83.2 75.52 93.653333h-41.386666z m55.466666-128.426667q0-14.933333 7.381334-26.538666 7.338667-11.648 21.205333-18.133334 13.866667-6.528 32.64-6.528 23.893333 0 39.253333 9.514667 15.36 9.472 21.12 27.605333l-26.666666 12.373334q-4.053333-10.453333-11.818667-15.786667-7.808-5.333333-21.034667-5.333333-14.293333 0-21.461333 5.461333-7.125333 5.418667-7.125333 15.872 0 10.026667 7.466666 15.36t26.24 8.746667q30.08 5.333333 43.733334 18.56 13.653333 13.226667 13.653333 36.693333 0 15.36-8.234667 27.648-8.192 12.245333-23.04 19.072-14.805333 6.826667-33.578666 6.826667-26.026667 0-43.306667-10.666667-17.28-10.666667-23.04-30.293333l26.88-12.586667q3.84 12.373333 13.866667 18.773333 10.026667 6.4 25.386666 6.4t23.338667-6.272q8.021333-6.314667 8.021333-18.048 0-11.093333-8.448-17.493333-8.405333-6.4-29.098666-10.24-27.306667-4.906667-40.32-17.493333-13.013333-12.586667-13.013334-33.493334z\">\u003C/path>\u003C/symbol>\u003Csymbol id=\"iconhttp\" viewBox=\"0 0 1024 1024\">\u003Cpath d=\"M889.002667 1024H134.997333A135.210667 135.210667 0 0 1 0 889.002667V134.997333A135.210667 135.210667 0 0 1 134.997333 0h754.005334A135.210667 135.210667 0 0 1 1024 134.997333v754.005334A135.210667 135.210667 0 0 1 889.002667 1024zM134.997333 90.026667c-24.789333 0-45.013333 20.181333-45.013333 44.970666v754.005334c0 24.789333 20.224 45.013333 45.013333 45.013333h754.005334c24.789333 0 45.013333-20.224 45.013333-45.013333V134.997333c0-24.789333-20.224-45.013333-45.013333-45.013333H134.997333z\">\u003C/path>\u003Cpath d=\"M45.013333 331.989333h933.973334v90.026667H45.013333V331.946667zM230.997333 210.986667q0 2.474667-0.256 4.906666-0.213333 2.432-0.682666 4.864-0.512 2.389333-1.194667 4.736-0.725333 2.389333-1.706667 4.650667-0.896 2.261333-2.048 4.437333-1.152 2.133333-2.56 4.181334-1.322667 2.048-2.901333 3.968-1.536 1.877333-3.285333 3.626666-1.706667 1.706667-3.626667 3.285334-1.92 1.578667-3.968 2.944-2.048 1.365333-4.181333 2.517333-2.176 1.152-4.437334 2.090667-2.304 0.938667-4.650666 1.664-2.346667 0.682667-4.736 1.194666-2.432 0.426667-4.864 0.725334-2.432 0.213333-4.906667 0.213333-2.432 0-4.906667-0.213333-2.432-0.256-4.821333-0.725334-2.432-0.512-4.778667-1.194666-2.346667-0.725333-4.608-1.664t-4.437333-2.133334q-2.176-1.109333-4.224-2.474666-2.048-1.365333-3.925333-2.944-1.92-1.536-3.626667-3.285334-1.749333-1.706667-3.328-3.626666-1.536-1.92-2.901333-3.968-1.365333-2.005333-2.56-4.181334-1.109333-2.176-2.048-4.437333-0.981333-2.261333-1.706667-4.650667-0.682667-2.346667-1.152-4.736-0.469333-2.432-0.725333-4.864-0.256-2.432-0.256-4.906666 0-2.432 0.256-4.906667 0.256-2.432 0.725333-4.821333 0.469333-2.432 1.194667-4.778667 0.682667-2.346667 1.664-4.608 0.938667-2.261333 2.090666-4.437333 1.152-2.133333 2.517334-4.224 1.365333-2.048 2.901333-3.925334 1.578667-1.92 3.328-3.626666 1.706667-1.749333 3.626667-3.328 1.877333-1.536 3.925333-2.901334 2.048-1.365333 4.224-2.56 2.133333-1.109333 4.437333-2.048 2.261333-0.938667 4.608-1.706666 2.346667-0.682667 4.778667-1.152 2.389333-0.469333 4.821333-0.725334 2.474667-0.256 4.906667-0.256 2.474667 0 4.906667 0.256t4.864 0.725334q2.389333 0.469333 4.736 1.194666t4.650666 1.664q2.261333 0.938667 4.437334 2.090667 2.133333 1.152 4.181333 2.517333t3.968 2.901334q1.877333 1.578667 3.626667 3.328 1.706667 1.706667 3.285333 3.626666 1.578667 1.877333 2.944 3.925334 1.365333 2.048 2.517333 4.224 1.152 2.133333 2.090667 4.437333 0.938667 2.261333 1.664 4.608 0.682667 2.346667 1.194667 4.778667 0.426667 2.389333 0.682666 4.821333 0.256 2.474667 0.256 4.906667zM371.029333 210.986667q0 2.474667-0.256 4.906666-0.256 2.474667-0.725333 4.864-0.469333 2.432-1.194667 4.778667-0.682667 2.346667-1.621333 4.608-0.981333 2.261333-2.133333 4.437333-1.152 2.133333-2.517334 4.224-1.365333 2.048-2.901333 3.925334-1.578667 1.92-3.328 3.669333-1.706667 1.706667-3.626667 3.285333-1.877333 1.536-3.925333 2.901334-2.048 1.365333-4.224 2.56-2.133333 1.152-4.437333 2.090666-2.261333 0.938667-4.608 1.664-2.346667 0.682667-4.778667 1.152-2.389333 0.512-4.864 0.725334-2.432 0.256-4.906667 0.256-2.432 0-4.864-0.256-2.474667-0.213333-4.864-0.725334-2.432-0.426667-4.778666-1.152t-4.608-1.706666q-2.261333-0.896-4.437334-2.048-2.176-1.194667-4.224-2.56-2.048-1.365333-3.925333-2.901334-1.92-1.578667-3.669333-3.285333-1.706667-1.749333-3.285334-3.669333-1.536-1.877333-2.901333-3.925334-1.365333-2.048-2.56-4.224-1.152-2.133333-2.090667-4.437333-0.938667-2.261333-1.621333-4.608-0.725333-2.346667-1.194667-4.778667-0.512-2.389333-0.725333-4.864-0.256-2.432-0.256-4.906666 0-2.432 0.256-4.906667 0.213333-2.432 0.725333-4.821333 0.426667-2.432 1.194667-4.778667 0.682667-2.346667 1.621333-4.608 0.938667-2.304 2.133334-4.437333 1.152-2.176 2.517333-4.266667 1.365333-2.005333 2.901333-3.925333 1.578667-1.877333 3.285334-3.626667 1.749333-1.706667 3.669333-3.285333 1.877333-1.578667 3.925333-2.944 2.048-1.365333 4.224-2.517334 2.133333-1.152 4.437334-2.133333 2.261333-0.896 4.608-1.621333 2.346667-0.725333 4.778666-1.194667 2.389333-0.469333 4.864-0.725333 2.432-0.213333 4.864-0.213334 2.474667 0 4.906667 0.213334 2.474667 0.256 4.864 0.725333 2.432 0.469333 4.778667 1.194667t4.608 1.664q2.261333 0.938667 4.437333 2.133333 2.133333 1.109333 4.224 2.474667 2.048 1.365333 3.925333 2.944 1.92 1.536 3.626667 3.285333 1.749333 1.706667 3.328 3.626667 1.536 1.92 2.901333 3.968 1.365333 2.048 2.56 4.224 1.109333 2.133333 2.090667 4.437333 0.938667 2.261333 1.621333 4.608 0.725333 2.346667 1.194667 4.778667 0.469333 2.389333 0.725333 4.821333 0.256 2.474667 0.256 4.906667zM411.008 210.986667a50.005333 50.005333 0 1 0 100.010667 0.128 50.005333 50.005333 0 0 0-100.010667-0.128z\">\u003C/path>\u003Cpath d=\"M331.52 565.546667V742.4h-33.493333v-78.72H220.586667V742.4h-33.493334v-176.853333h33.493334V635.733333h77.44v-70.186666h33.493333z m173.013333 28.16h-46.506666V742.4H424.533333v-148.693333H377.813333v-28.16h126.72v28.16z m165.546667 0h-46.506667V742.4h-33.493333v-148.693333h-46.72v-28.16h126.72v28.16z m169.386667 29.44q0 17.066667-7.253334 30.08-7.253333 13.013333-20.352 20.266666-13.141333 7.253333-30.421333 7.253334h-31.36V742.4h-33.493333v-176.853333h64.853333q17.28 0 30.421333 7.253333 13.098667 7.253333 20.352 20.266667 7.253333 13.013333 7.253334 30.08z m-33.493334 0q0-15.146667-8.32-23.253334-8.32-8.106667-23.68-8.106666h-23.893333v62.72h23.893333q15.36 0 23.68-8.106667 8.32-8.106667 8.32-23.253333z\">\u003C/path>\u003C/symbol>\u003Csymbol id=\"iconhttps\" viewBox=\"0 0 1024 1024\">\u003Cpath d=\"M889.002667 1024H134.997333A135.210667 135.210667 0 0 1 0 889.002667V134.997333A135.210667 135.210667 0 0 1 134.997333 0h754.005334A135.210667 135.210667 0 0 1 1024 134.997333v754.005334A135.210667 135.210667 0 0 1 889.002667 1024zM134.997333 90.026667c-24.789333 0-45.013333 20.181333-45.013333 44.970666v754.005334c0 24.789333 20.224 45.013333 45.013333 45.013333h754.005334c24.789333 0 45.013333-20.224 45.013333-45.013333V134.997333c0-24.789333-20.224-45.013333-45.013333-45.013333H134.997333z\">\u003C/path>\u003Cpath d=\"M45.013333 331.989333h933.973334v90.026667H45.013333V331.946667zM230.997333 210.986667q0 2.474667-0.256 4.906666-0.213333 2.432-0.682666 4.864-0.512 2.389333-1.194667 4.736-0.725333 2.389333-1.706667 4.650667-0.896 2.261333-2.048 4.437333-1.152 2.133333-2.56 4.181334-1.322667 2.048-2.901333 3.968-1.536 1.877333-3.285333 3.626666-1.706667 1.706667-3.626667 3.285334-1.92 1.578667-3.968 2.944-2.048 1.365333-4.181333 2.517333-2.176 1.152-4.437334 2.090667-2.304 0.938667-4.650666 1.664-2.346667 0.682667-4.736 1.194666-2.432 0.426667-4.864 0.725334-2.432 0.213333-4.906667 0.213333-2.432 0-4.906667-0.213333-2.432-0.256-4.821333-0.725334-2.432-0.512-4.778667-1.194666-2.346667-0.725333-4.608-1.664t-4.437333-2.133334q-2.176-1.109333-4.224-2.474666-2.048-1.365333-3.925333-2.944-1.92-1.536-3.626667-3.285334-1.749333-1.706667-3.328-3.626666-1.536-1.92-2.901333-3.968-1.365333-2.005333-2.56-4.181334-1.109333-2.176-2.048-4.437333-0.981333-2.261333-1.706667-4.650667-0.682667-2.346667-1.152-4.736-0.469333-2.432-0.725333-4.864-0.256-2.432-0.256-4.906666 0-2.432 0.256-4.906667 0.256-2.432 0.725333-4.821333 0.469333-2.432 1.194667-4.778667 0.682667-2.346667 1.664-4.608 0.938667-2.261333 2.090666-4.437333 1.152-2.133333 2.517334-4.224 1.365333-2.048 2.901333-3.925334 1.578667-1.92 3.328-3.626666 1.706667-1.749333 3.626667-3.328 1.877333-1.536 3.925333-2.901334 2.048-1.365333 4.224-2.56 2.133333-1.109333 4.437333-2.048 2.261333-0.938667 4.608-1.706666 2.346667-0.682667 4.778667-1.152 2.389333-0.469333 4.821333-0.725334 2.474667-0.256 4.906667-0.256 2.474667 0 4.906667 0.256t4.864 0.725334q2.389333 0.469333 4.736 1.194666t4.650666 1.664q2.261333 0.938667 4.437334 2.090667 2.133333 1.152 4.181333 2.517333t3.968 2.901334q1.877333 1.578667 3.626667 3.328 1.706667 1.706667 3.285333 3.626666 1.578667 1.877333 2.944 3.925334 1.365333 2.048 2.517333 4.224 1.152 2.133333 2.090667 4.437333 0.938667 2.261333 1.664 4.608 0.682667 2.346667 1.194667 4.778667 0.426667 2.389333 0.682666 4.821333 0.256 2.474667 0.256 4.906667zM371.029333 210.986667q0 2.474667-0.256 4.906666-0.256 2.474667-0.725333 4.864-0.469333 2.432-1.194667 4.778667-0.682667 2.346667-1.621333 4.608-0.981333 2.261333-2.133333 4.437333-1.152 2.133333-2.517334 4.224-1.365333 2.048-2.901333 3.925334-1.578667 1.92-3.328 3.669333-1.706667 1.706667-3.626667 3.285333-1.877333 1.536-3.925333 2.901334-2.048 1.365333-4.224 2.56-2.133333 1.152-4.437333 2.090666-2.261333 0.938667-4.608 1.664-2.346667 0.682667-4.778667 1.152-2.389333 0.512-4.864 0.725334-2.432 0.256-4.906667 0.256-2.432 0-4.864-0.256-2.474667-0.213333-4.864-0.725334-2.432-0.426667-4.778666-1.152t-4.608-1.706666q-2.261333-0.896-4.437334-2.048-2.176-1.194667-4.224-2.56-2.048-1.365333-3.925333-2.901334-1.92-1.578667-3.669333-3.285333-1.706667-1.749333-3.285334-3.669333-1.536-1.877333-2.901333-3.925334-1.365333-2.048-2.56-4.224-1.152-2.133333-2.090667-4.437333-0.938667-2.261333-1.621333-4.608-0.725333-2.346667-1.194667-4.778667-0.512-2.389333-0.725333-4.864-0.256-2.432-0.256-4.906666 0-2.432 0.256-4.906667 0.213333-2.432 0.725333-4.821333 0.426667-2.432 1.194667-4.778667 0.682667-2.346667 1.621333-4.608 0.938667-2.304 2.133334-4.437333 1.152-2.176 2.517333-4.266667 1.365333-2.005333 2.901333-3.925333 1.578667-1.877333 3.285334-3.626667 1.749333-1.706667 3.669333-3.285333 1.877333-1.578667 3.925333-2.944 2.048-1.365333 4.224-2.517334 2.133333-1.152 4.437334-2.133333 2.261333-0.896 4.608-1.621333 2.346667-0.725333 4.778666-1.194667 2.389333-0.469333 4.864-0.725333 2.432-0.213333 4.864-0.213334 2.474667 0 4.906667 0.213334 2.474667 0.256 4.864 0.725333 2.432 0.469333 4.778667 1.194667t4.608 1.664q2.261333 0.938667 4.437333 2.133333 2.133333 1.109333 4.224 2.474667 2.048 1.365333 3.925333 2.944 1.92 1.536 3.626667 3.285333 1.749333 1.706667 3.328 3.626667 1.536 1.92 2.901333 3.968 1.365333 2.048 2.56 4.224 1.109333 2.133333 2.090667 4.437333 0.938667 2.261333 1.621333 4.608 0.725333 2.346667 1.194667 4.778667 0.469333 2.389333 0.725333 4.821333 0.256 2.474667 0.256 4.906667zM411.008 210.986667a50.005333 50.005333 0 1 0 100.010667 0.128 50.005333 50.005333 0 0 0-100.010667-0.128z\">\u003C/path>\u003Cpath d=\"M288.853333 565.546667V742.4h-33.493333v-78.72H177.92V742.4h-33.493333v-176.853333h33.493333V635.733333h77.44v-70.186666h33.493333z m150.613334 28.16H392.96V742.4h-33.493333v-148.693333H312.746667v-28.16h126.72v28.16z m143.146666 0h-46.506666V742.4h-33.493334v-148.693333h-46.72v-28.16h126.72v28.16z m146.986667 29.44q0 17.066667-7.253333 30.08-7.253333 13.013333-20.394667 20.266666-13.098667 7.253333-30.378667 7.253334h-31.36V742.4h-33.493333v-176.853333h64.853333q17.28 0 30.378667 7.253333 13.141333 7.253333 20.394667 20.266667 7.253333 13.013333 7.253333 30.08z m-33.493333 0q0-15.146667-8.32-23.253334-8.32-8.106667-23.68-8.106666h-23.893334v62.72h23.893334q15.36 0 23.68-8.106667 8.32-8.106667 8.32-23.253333z m56.106666-9.173334q0-14.933333 7.338667-26.538666 7.381333-11.648 21.248-18.133334 13.866667-6.528 32.64-6.528 23.893333 0 39.253333 9.514667 15.36 9.472 21.12 27.605333l-26.666666 12.373334q-4.053333-10.453333-11.861334-15.786667-7.765333-5.333333-20.992-5.333333-14.293333 0-21.461333 5.461333-7.125333 5.418667-7.125333 15.872 0 10.026667 7.466666 15.36t26.24 8.746667q30.08 5.333333 43.733334 18.56 13.653333 13.226667 13.653333 36.693333 0 15.36-8.234667 27.648-8.192 12.245333-23.04 19.072-14.805333 6.826667-33.578666 6.826667-26.026667 0-43.306667-10.666667-17.28-10.666667-23.04-30.293333l26.88-12.586667q3.84 12.373333 13.866667 18.773333 10.026667 6.4 25.386666 6.4t23.338667-6.272q8.021333-6.314667 8.021333-18.048 0-11.093333-8.448-17.493333-8.405333-6.4-29.098666-10.24-27.306667-4.906667-40.32-17.493333-13.013333-12.586667-13.013334-33.493334z\">\u003C/path>\u003C/symbol>\u003Csymbol id=\"iconrongqi5\" viewBox=\"0 0 1024 1024\">\u003Cpath d=\"M847.6672 85.3504c11.2128 0 20.2752 9.0624 20.2752 20.2752v410.1632a208.2816 208.2816 0 0 0-81.2544-23.4496V166.5536H217.856v690.7904h209.408c8.704 31.4368 26.2656 59.648 50.688 81.3056H156.7744a20.3264 20.3264 0 0 1-20.2752-20.3264V105.6256c0-11.2128 9.0624-20.2752 20.2752-20.2752h690.7904zM481.8944 451.0208c10.3424 0 18.9952 7.68 20.224 17.92l0.1024 2.4064V512l-0.1024 2.4064a20.3264 20.3264 0 0 1-17.8176 17.7664l-2.4064 0.1536h-121.856l-2.4064-0.1536a20.3264 20.3264 0 0 1-17.8176-17.8176L339.712 512v-40.6528l0.1024-2.3552a20.3264 20.3264 0 0 1 17.8176-17.8176l2.4064-0.1536h121.856z m162.56-162.56c10.3424 0 18.9952 7.68 20.224 17.9712l0.1024 2.4064v40.6016l-0.1024 2.4064a20.3264 20.3264 0 0 1-17.8688 17.7664l-2.3552 0.1536H360.0384l-2.4064-0.1536a20.3264 20.3264 0 0 1-17.8176-17.7664l-0.1024-2.4064v-40.6016l0.1024-2.4064a20.3264 20.3264 0 0 1 17.8176-17.8176l2.4064-0.1024h284.416z\">\u003C/path>\u003Cpath d=\"M527.104 614.144Q463.36 677.888 463.36 768q0 90.112 63.744 153.856Q590.848 985.6 680.96 985.6q90.112 0 153.856-63.744Q898.56 858.112 898.56 768q0-90.112-63.744-153.856Q771.072 550.4 680.96 550.4q-90.112 0-153.856 63.744z m263.2704 44.4416q45.3632 45.312 45.3632 109.4144t-45.3632 109.4144q-45.312 45.3632-109.4144 45.3632t-109.4144-45.3632q-45.3632-45.312-45.3632-109.4144t45.3632-109.4144q45.312-45.3632 109.4144-45.3632t109.4144 45.3632z m-77.9776 29.184v-3.5328l-0.4608-5.7344q-2.6624-16.384-21.6576-16.384H665.6q-16.0256 6.144-16.0768 22.1184v93.0816q0 22.016 22.1184 22.1184h93.1328q22.016-0.0512 22.0672-22.1184v-18.6368q0-22.016-22.1184-22.1184h-52.3264v-48.8448z\">\u003C/path>\u003C/symbol>\u003Csymbol id=\"iconfenpeiwangluo\" viewBox=\"0 0 1100 1024\">\u003Cpath d=\"M201.144558 333.395349v-119.069768q0-3.524465 0.666791-6.953674 0.714419-3.476837 2.048-6.715535 1.333581-3.238698 3.333953-6.191628 1.905116-2.905302 4.381768-5.381953 2.524279-2.524279 5.429581-4.477024 2.905302-1.905116 6.191628-3.286325 3.238698-1.333581 6.667907-2.048Q233.341023 178.604651 236.865488 178.604651h555.627163q3.524465 0 7.001302 0.666791 3.429209 0.714419 6.667907 2.048 3.286326 1.333581 6.191628 3.333953 2.95293 1.905116 5.429582 4.429396 2.476651 2.476651 4.429395 5.381953 1.952744 2.95293 3.333954 6.191628 1.333581 3.238698 2.000372 6.667907 0.666791 3.476837 0.66679 7.001302v119.069768q0 3.524465-0.66679 6.953674-0.666791 3.476837-2.048 6.715535-1.333581 3.238698-3.286326 6.191628-1.952744 2.905302-4.429395 5.381954-2.476651 2.524279-5.429582 4.477023-2.905302 1.905116-6.191628 3.286325-3.238698 1.333581-6.667907 2.048-3.476837 0.666791-7.001302 0.666791H550.4v127.023628h162.220651a35.72093 35.72093 0 0 1 27.052651 12.383256l119.593675 138.930604c1.952744 2.28614 3.619721 4.762791 4.905674 7.429954h47.389768q3.524465 0 7.001302 0.666791 3.429209 0.714419 6.667907 2.048 3.286326 1.333581 6.191628 3.333953 2.905302 1.905116 5.429581 4.429395 2.476651 2.476651 4.429396 5.381954 1.952744 2.95293 3.333953 6.191628 1.333581 3.238698 2.000372 6.667907 0.666791 3.476837 0.666791 7.001302v158.743814q0 3.524465-0.666791 7.001302-0.666791 3.429209-2.048 6.667907-1.333581 3.286326-3.333953 6.191628-1.905116 2.905302-4.381768 5.429582-2.524279 2.476651-5.429581 4.429395-2.905302 1.952744-6.191628 3.333954-3.238698 1.333581-6.667907 2.000372-3.476837 0.666791-7.001302 0.66679H752.818605q-3.524465 0-6.953675-0.66679-3.476837-0.666791-6.715535-2.048-3.238698-1.333581-6.191628-3.333954-2.905302-1.905116-5.381953-4.381767-2.524279-2.524279-4.477023-5.429582-1.905116-2.905302-3.286326-6.191628-1.333581-3.238698-2.048-6.667907-0.666791-3.476837-0.666791-7.001302V690.604651q0-3.524465 0.666791-6.953674 0.714419-3.476837 2.048-6.715535 1.333581-3.238698 3.333954-6.191628 1.905116-2.905302 4.429395-5.381954 2.476651-2.524279 5.381953-4.477023 2.95293-1.905116 6.191628-3.286325 3.238698-1.333581 6.667907-2.048Q749.341767 654.883721 752.818605 654.883721h18.574883l-75.156837-87.301954H550.4V654.883721h43.674791q3.476837 0 6.953674 0.666791 3.429209 0.714419 6.667907 2.048 3.286326 1.333581 6.191628 3.333953 2.95293 1.905116 5.429581 4.429395 2.476651 2.476651 4.429396 5.381954 1.952744 2.95293 3.333953 6.191628 1.333581 3.238698 2.000372 6.667907 0.714419 3.476837 0.714419 7.001302v158.743814q0 3.524465-0.714419 7.001302-0.666791 3.429209-2.048 6.667907-1.333581 3.286326-3.286325 6.191628-1.905116 2.905302-4.429396 5.429582-2.476651 2.476651-5.429581 4.429395-2.905302 1.952744-6.191628 3.333954-3.238698 1.333581-6.667907 2.000372-3.476837 0.666791-6.953674 0.66679H435.283349q-3.524465 0-6.953675-0.66679-3.476837-0.666791-6.667907-2.048-3.286326-1.333581-6.191627-3.333954-2.95293-1.905116-5.429582-4.381767-2.476651-2.524279-4.429395-5.429582-1.952744-2.905302-3.333954-6.191628-1.333581-3.238698-2.000372-6.667907-0.714419-3.476837-0.714418-7.001302V690.604651q0-3.524465 0.714418-6.953674 0.666791-3.476837 2.000372-6.715535 1.381209-3.238698 3.333954-6.191628 1.905116-2.905302 4.429395-5.381954 2.476651-2.524279 5.429582-4.477023 2.905302-1.905116 6.191627-3.286325 3.19107-1.333581 6.667907-2.048 3.429209-0.666791 6.953675-0.666791h43.674791v-87.301954H332.645209L257.821767 654.883721H276.539535q3.524465 0 6.953674 0.666791 3.476837 0.714419 6.715535 2.048 3.238698 1.333581 6.191628 3.333953 2.905302 1.905116 5.381954 4.429395 2.524279 2.476651 4.477023 5.381954 1.905116 2.95293 3.286325 6.191628 1.333581 3.238698 2.048 6.667907 0.666791 3.476837 0.666791 7.001302v158.743814q0 3.524465-0.666791 7.001302-0.714419 3.429209-2.048 6.667907-1.333581 3.286326-3.333953 6.191628-1.905116 2.905302-4.429395 5.429582-2.476651 2.476651-5.381954 4.429395-2.95293 1.952744-6.191628 3.333954-3.238698 1.333581-6.667907 2.000372-3.476837 0.666791-7.001302 0.66679H117.795721q-3.524465 0-7.001302-0.66679-3.429209-0.666791-6.667907-2.048-3.286326-1.333581-6.191628-3.333954-2.905302-1.905116-5.429582-4.381767-2.476651-2.524279-4.429395-5.429582-1.905116-2.905302-3.333954-6.191628-1.285953-3.238698-2.000372-6.667907-0.666791-3.476837-0.66679-7.001302V690.604651q0-3.524465 0.66679-6.953674 0.714419-3.476837 2.048-6.715535 1.333581-3.238698 3.333954-6.191628 1.905116-2.905302 4.381767-5.381954 2.524279-2.524279 5.429582-4.477023 2.905302-1.905116 6.191628-3.286325 3.238698-1.333581 6.667907-2.048 3.476837-0.666791 7.001302-0.666791h47.389767a35.72093 35.72093 0 0 1 4.858047-7.382326l119.069767-138.882976a35.72093 35.72093 0 0 1 27.147907-12.478512H478.95814V369.116279H236.865488q-3.524465 0-7.001302-0.666791-3.429209-0.714419-6.667907-2.048-3.286326-1.333581-6.191628-3.333953-2.905302-1.905116-5.429581-4.429395-2.476651-2.476651-4.429396-5.381954-1.905116-2.95293-3.333953-6.191628-1.285953-3.238698-2.000372-6.667907-0.666791-3.476837-0.666791-7.001302z m71.441861-83.348837v47.627907h484.185302v-47.627907H272.586419z m-119.069768 476.279069v87.301954H240.818605V726.325581H153.516651z m317.487628 0v87.301954h87.349581V726.325581H471.004279z m317.535256 0v87.301954h87.301953V726.325581H788.539535z\" fill=\"#86909C\">\u003C/path>\u003C/symbol>\u003Csymbol id=\"iconMusic\" viewBox=\"0 0 1024 1024\">\u003Cpath d=\"M906.991 150.344l0.009 0.996v529.104c0 88.368-71.632 160-160 160s-160-71.632-160-160c0-88.367 71.632-160 160-160 36.02 0 69.26 11.903 96.002 31.989L843 164.12l-396.575 72.104a10.667 10.667 0 0 0-8.755 10.21l-0.003 0.285-0.001 518.937v0.12c0 87.484-70.208 158.566-157.353 159.98l-2.646 0.02c-88.366 0-160-71.633-160-160 0-88.366 71.634-160 160-160 36.02 0 69.26 11.903 96.001 31.99l-0.001-391.047c0-35.725 25.293-66.389 60.248-73.262l1.062-0.2 409.15-74.392c32.411-5.892 62.27 18.7 62.864 51.478zM277.667 669.778c-53.02 0-96 42.98-96 96s42.98 96 96 96 96-42.98 96-96l-0.001 0.12v-0.243c-0.065-52.434-42.165-95.017-94.412-95.865zM747 584.444c-53.021 0-96 42.979-96 96 0 53.022 42.979 96 96 96s96-42.978 96-96c0-53.021-42.979-96-96-96z\" fill=\"#000000\">\u003C/path>\u003C/symbol>\u003Csymbol id=\"iconClipped\" viewBox=\"0 0 1024 1024\">\u003Cpath d=\"M512 422.4a187.733333 187.733333 0 1 0 0-375.466667 187.733333 187.733333 0 0 0 0 375.466667z m0-298.666667a110.933333 110.933333 0 1 1 0 221.866667 110.933333 110.933333 0 0 1 0-221.866667zM469.333333 571.733333c-96.298667 0-178.346667 30.08-246.016 90.282667C156.928 721.024 123.733333 791.893333 123.733333 874.666667a38.4 38.4 0 0 1-76.8 0c0-105.770667 41.813333-195.754667 125.354667-270.08C254.549333 531.498667 353.578667 494.933333 469.333333 494.933333a38.4 38.4 0 0 1 0 76.8zM789.333333 558.933333a38.4 38.4 0 0 1 27.136 11.264l85.333334 85.333334a38.4 38.4 0 0 1 0 54.272l-213.333334 213.333333a38.4 38.4 0 0 1-27.136 11.264h-85.333333a38.4 38.4 0 0 1-38.4-38.4v-85.333333a38.4 38.4 0 0 1 11.264-27.136l213.333333-213.333334a38.4 38.4 0 0 1 27.136-11.264z m0 92.714667l-174.933333 174.933333v31.018667h31.018667l174.933333-174.933333-31.018667-31.018667z\">\u003C/path>\u003C/symbol>\u003Csymbol id=\"iconrongqi4\" viewBox=\"0 0 1024 1024\">\u003Cpath d=\"M917.3504 768c11.776 0 21.2992 9.5744 21.2992 21.3504v42.6496c0 11.776-9.5232 21.3504-21.2992 21.3504H106.6496a21.3504 21.3504 0 0 1-21.2992-21.3504v-42.6496c0-11.776 9.5232-21.3504 21.2992-21.3504h810.7008zM132.0448 377.6c4.608 0 9.1136 1.28 13.1072 3.6864l181.0944 109.1584a25.3952 25.3952 0 0 1 0 43.4688L145.152 643.072a25.3952 25.3952 0 0 1-38.5024-21.76V402.9952c0-14.0288 11.3664-25.3952 25.3952-25.3952z m785.3056 91.7504c11.776 0 21.2992 9.5232 21.2992 21.2992v42.7008c0 11.776-9.5232 21.2992-21.2992 21.2992H490.6496a21.3504 21.3504 0 0 1-21.2992-21.2992v-42.7008c0-11.776 9.5232-21.2992 21.2992-21.2992h426.7008z m0-298.7008c11.776 0 21.2992 9.5744 21.2992 21.3504v42.6496c0 11.776-9.5232 21.3504-21.2992 21.3504H106.6496a21.3504 21.3504 0 0 1-21.2992-21.3504V192c0-11.776 9.5232-21.3504 21.2992-21.3504h810.7008z\">\u003C/path>\u003C/symbol>\u003Csymbol id=\"icona-2\" viewBox=\"0 0 1024 1024\">\u003Cpath d=\"M864 224a64 64 0 0 0-64 64v448a64 64 0 0 0 128 0V288a64 64 0 0 0-64-64z\">\u003C/path>\u003Cpath d=\"M288 789.12q-1.824 1.056-3.68 1.984-1.92 0.928-3.84 1.728-1.92 0.8-3.904 1.472-1.984 0.672-4 1.216-2.048 0.544-4.096 0.96-2.048 0.416-4.128 0.672-2.08 0.288-4.16 0.416-2.112 0.128-4.192 0.128t-4.16-0.128q-2.112-0.128-4.192-0.416-2.08-0.256-4.16-0.672-2.016-0.416-4.064-0.96-2.016-0.544-4-1.216-1.984-0.672-3.904-1.472-1.92-0.8-3.84-1.728-1.856-0.928-3.68-1.984-1.824-1.024-3.552-2.208-1.76-1.152-3.424-2.432-1.632-1.28-3.2-2.656-1.6-1.376-3.072-2.88-1.504-1.472-2.88-3.04-1.376-1.6-2.656-3.232-1.28-1.664-2.432-3.424-1.152-1.728-2.24-3.52-1.024-1.824-1.92-3.712-0.96-1.888-1.76-3.84-0.8-1.92-1.472-3.904-0.64-1.984-1.216-4-0.544-2.016-0.96-4.096-0.384-2.048-0.64-4.128-0.32-2.08-0.448-4.16T192 733.728V290.272q0-2.112 0.128-4.192 0.16-2.08 0.416-4.16 0.288-2.08 0.672-4.16 0.416-2.048 0.96-4.064t1.216-4q0.672-1.984 1.472-3.936 0.8-1.92 1.728-3.808 0.96-1.888 1.984-3.68 1.056-1.824 2.24-3.552 1.12-1.76 2.4-3.424 1.28-1.664 2.656-3.2 1.376-1.6 2.88-3.072 1.472-1.504 3.04-2.88 1.6-1.376 3.232-2.656 1.664-1.28 3.424-2.432 1.728-1.184 3.552-2.24 1.824-1.024 3.68-1.92 1.92-0.96 3.84-1.76t3.904-1.472q1.984-0.672 4-1.216 2.048-0.544 4.096-0.96 2.048-0.416 4.128-0.672 2.08-0.288 4.16-0.416 2.112-0.128 4.192-0.128t4.16 0.128q2.112 0.128 4.192 0.416 2.08 0.256 4.16 0.672 2.016 0.416 4.064 0.96 2.016 0.544 4 1.216 1.984 0.672 3.904 1.472 1.92 0.8 3.84 1.728 1.856 0.928 3.68 1.984l384 221.696q1.824 1.056 3.552 2.24 1.76 1.12 3.424 2.4 1.632 1.28 3.2 2.656 1.6 1.376 3.072 2.88 1.504 1.472 2.88 3.04 1.376 1.6 2.656 3.232 1.28 1.664 2.432 3.424 1.152 1.728 2.24 3.552 1.024 1.824 1.92 3.68 0.96 1.92 1.76 3.84t1.472 3.904q0.64 1.984 1.216 4 0.544 2.048 0.96 4.096 0.384 2.048 0.64 4.128 0.32 2.08 0.448 4.16 0.128 2.112 0.128 4.192t-0.128 4.16q-0.16 2.112-0.416 4.192-0.288 2.08-0.672 4.16-0.416 2.016-0.96 4.064-0.544 2.016-1.216 4-0.672 1.984-1.472 3.904-0.8 1.92-1.728 3.84-0.96 1.856-1.984 3.68-1.056 1.824-2.24 3.552-1.12 1.76-2.4 3.424-1.28 1.632-2.656 3.2-1.376 1.6-2.88 3.072-1.472 1.504-3.04 2.88-1.6 1.376-3.232 2.656-1.664 1.28-3.424 2.432-1.728 1.152-3.552 2.24L288 789.12z\">\u003C/path>\u003C/symbol>\u003Csymbol id=\"iconrongqi3\" viewBox=\"0 0 1024 1024\">\u003Cpath d=\"M512 68.2496a38.4 38.4 0 0 1 38.4 38.4v362.7008c0 2.816 1.3824 4.2496 4.2496 4.2496h362.6496a38.4 38.4 0 0 1 38.4 38.4c0 122.5216-43.3152 227.1232-129.9456 313.7536-86.6304 86.6816-191.232 129.9968-313.7536 129.9968-122.5728 0-227.1232-43.3152-313.8048-129.9968C111.616 739.1232 68.2496 634.5216 68.2496 512c0-122.5216 43.3152-227.1232 129.9456-313.7536C284.8768 111.616 389.4272 68.2496 512 68.2496z m-38.4 78.592c-84.992 8.0384-158.6688 43.264-221.0816 105.6768-71.68 71.68-107.4688 158.208-107.4688 259.4816 0 101.376 35.84 187.8016 107.52 259.4816 71.5776 71.68 158.1056 107.4688 259.4304 107.4688s187.8016-35.84 259.4304-107.52c62.464-62.4128 97.6896-136.0896 105.728-221.0304h-322.5088c-22.3744 0-41.472-7.8848-57.344-23.7568a78.1312 78.1312 0 0 1-23.7056-57.344V146.8928z\" fill=\"#333333\">\u003C/path>\u003Cpath d=\"M759.3472 43.52c33.2288 0 61.5936 11.776 85.0944 35.2256 23.5008 23.552 35.2256 51.8656 35.2256 85.0944v33.28h20.6848c8.448 0 15.616 2.9696 21.5552 8.96a29.3888 29.3888 0 0 1 8.96 21.5552v179.6096a29.3888 29.3888 0 0 1-8.96 21.5552 29.3888 29.3888 0 0 1-21.5552 8.96h-282.0096a29.3888 29.3888 0 0 1-21.5552-8.96 29.3888 29.3888 0 0 1-8.96-21.5552V227.6352c0-8.3968 2.9696-15.616 8.96-21.5552a29.3888 29.3888 0 0 1 21.5552-8.96h20.6848V163.84c0-33.2288 11.776-61.5936 35.2256-85.0944A115.9168 115.9168 0 0 1 759.3472 43.52z m110.08 215.04h-220.16v117.76h220.16v-117.76z m-110.08-153.6c-16.2304 0-30.1056 5.7344-41.6256 17.2544a56.7296 56.7296 0 0 0-17.2544 41.6256v33.28h117.76V163.84c0-16.2304-5.7344-30.1056-17.2544-41.6256a56.7296 56.7296 0 0 0-41.6256-17.2544z\" fill=\"#333333\">\u003C/path>\u003C/symbol>\u003Csymbol id=\"icona-111\" viewBox=\"0 0 1024 1024\">\u003Cpath d=\"M320 85.333333a21.333333 21.333333 0 0 1 21.333333 21.333334v42.666666h341.333334v-42.666666a21.333333 21.333333 0 0 1 21.333333-21.333334h42.666667a21.333333 21.333333 0 0 1 21.333333 21.333334v42.666666h128a42.666667 42.666667 0 0 1 42.666667 42.666667v725.333333a42.666667 42.666667 0 0 1-42.666667 42.666667H128a42.666667 42.666667 0 0 1-42.666667-42.666667v-725.333333a42.666667 42.666667 0 0 1 42.666667-42.666667h128v-42.666666a21.333333 21.333333 0 0 1 21.333333-21.333334h42.666667zM256 234.666667H170.666667v640h682.666666v-640h-85.333333v42.666666a21.333333 21.333333 0 0 1-21.333333 21.333334h-42.666667a21.333333 21.333333 0 0 1-21.333333-21.333334v-42.666666H341.333333v42.666666a21.333333 21.333333 0 0 1-21.333333 21.333334h-42.666667a21.333333 21.333333 0 0 1-21.333333-21.333334v-42.666666z\">\u003C/path>\u003Cpath d=\"M533.333333 597.333333a21.333333 21.333333 0 0 1 21.333334 21.333334v42.666666a21.333333 21.333333 0 0 1-21.333334 21.333334h-213.333333a21.333333 21.333333 0 0 1-21.333333-21.333334v-42.666666a21.333333 21.333333 0 0 1 21.333333-21.333334h213.333333z m170.666667-170.666666a21.333333 21.333333 0 0 1 21.333333 21.333333v42.666667a21.333333 21.333333 0 0 1-21.333333 21.333333h-384a21.333333 21.333333 0 0 1-21.333333-21.333333v-42.666667a21.333333 21.333333 0 0 1 21.333333-21.333333h384z\">\u003C/path>\u003C/symbol>\u003Csymbol id=\"icongengduo\" viewBox=\"0 0 1024 1024\">\u003Cpath d=\"M174.545455 418.909091a81.454545 81.454545 0 1 1 0 162.909091 81.454545 81.454545 0 0 1 0-162.909091z m349.090909 0a81.454545 81.454545 0 1 1 0 162.909091 81.454545 81.454545 0 0 1 0-162.909091z m349.090909 0a81.454545 81.454545 0 1 1 0 162.909091 81.454545 81.454545 0 0 1 0-162.909091z\" fill=\"#282C33\">\u003C/path>\u003C/symbol>\u003Csymbol id=\"iconrongqi1\" viewBox=\"0 0 1024 1024\">\u003Cpath d=\"M939.968 596.032l-75.968-57.6c0.768-8 1.6-16.832 1.6-26.432 0-9.6-0.832-18.368-1.6-26.368l75.968-57.6a51.84 51.84 0 0 0 12.8-68.032l-84.8-143.232a54.784 54.784 0 0 0-65.6-24l-90.368 35.2a306.816 306.816 0 0 0-47.232-26.368l-13.568-92.032A53.568 53.568 0 0 0 597.568 64H426.368c-27.2 0-49.6 19.2-53.568 44.8l-12.8 92.8a349.44 349.44 0 0 0-47.232 26.432l-90.368-35.2a53.76 53.76 0 0 0-19.2-3.2c-19.2 0-37.632 9.6-46.4 26.368l-85.632 144a52.16 52.16 0 0 0 12.8 68.032l76.032 57.6c-0.832 9.6-1.6 18.368-1.6 26.368s0 16.768 1.6 26.432l-76.032 57.6a51.84 51.84 0 0 0-12.8 67.968l84.8 143.232a54.784 54.784 0 0 0 65.6 24l90.432-35.2c15.168 10.368 31.168 19.2 47.168 26.368l13.632 92.032c3.2 25.6 26.368 45.568 53.568 45.568h171.2c27.2 0 49.6-19.2 53.632-44.8l13.568-92.8c16-7.168 31.232-16 47.232-26.368l90.368 35.2c6.4 2.368 12.8 3.2 19.2 3.2 19.2 0 37.632-9.6 46.4-26.432l85.632-144.768c12.8-23.232 7.168-51.2-13.632-67.2zM704 512c0 105.6-86.4 192-192 192S320 617.6 320 512s86.4-192 192-192 192 86.4 192 192z\">\u003C/path>\u003C/symbol>\u003Csymbol id=\"iconrongqi2\" viewBox=\"0 0 1024 1024\">\u003Cpath d=\"M768 89.6a38.4 38.4 0 0 1 38.4 38.4v302.933333H938.666667a38.4 38.4 0 0 1 38.4 38.4v341.333334a38.4 38.4 0 0 1-38.4 38.4h-90.752l-52.778667 52.736a38.4 38.4 0 0 1-54.272 0L688.085333 849.066667H469.333333a38.4 38.4 0 0 1-38.4-38.4v-132.266667H378.581333l-74.112 74.069333a38.4 38.4 0 0 1-54.272 0L176.085333 678.4H85.333333a38.4 38.4 0 0 1-38.4-38.4V128a38.4 38.4 0 0 1 38.4-38.4z m132.266667 418.133333h-93.866667V640a38.4 38.4 0 0 1-38.4 38.4h-260.266667v93.866667h196.266667a38.4 38.4 0 0 1 27.136 11.264l36.864 36.821333 36.864-36.821333a38.4 38.4 0 0 1 27.136-11.264h68.266667v-264.533334z m-170.666667-341.333333H123.733333v435.2h68.266667a38.4 38.4 0 0 1 27.136 11.264L277.333333 671.018667l58.197334-58.154667A38.4 38.4 0 0 1 362.666667 601.6h366.933333V166.4z\">\u003C/path>\u003Cpath d=\"M405.333333 422.4h21.333334a38.314667 38.314667 0 0 0 37.674666-45.909333A38.314667 38.314667 0 0 0 426.666667 345.6h-21.333334a38.314667 38.314667 0 0 0-37.674666 45.909333 38.314667 38.314667 0 0 0 37.674666 30.890667zM554.666667 422.4h21.333333a38.314667 38.314667 0 0 0 37.674667-45.909333 38.314667 38.314667 0 0 0-37.674667-30.890667H554.666667a38.314667 38.314667 0 0 0-37.674667 45.909333A38.314667 38.314667 0 0 0 554.666667 422.4zM256 422.4h21.333333a38.314667 38.314667 0 0 0 37.674667-45.909333A38.314667 38.314667 0 0 0 277.333333 345.6H256a38.314667 38.314667 0 0 0-37.674667 45.909333A38.314667 38.314667 0 0 0 256 422.4z\">\u003C/path>\u003C/symbol>\u003Csymbol id=\"iconrongqi\" viewBox=\"0 0 1024 1024\">\u003Cpath d=\"M913.066667 896V128q0-33.578667-23.722667-57.301333Q865.578667 46.933333 832 46.933333h-597.333333Q153.6 46.933333 153.6 128v768q0 81.066667 81.066667 81.066667h597.333333q81.066667 0 81.066667-81.066667zM832 123.733333q4.266667 0 4.266667 4.266667v768q0 4.266667-4.266667 4.266667h-597.333333q-4.266667 0-4.266667-4.266667V128q0-4.266667 4.266667-4.266667h597.333333z\">\u003C/path>\u003Cpath d=\"M362.666667 678.4h298.666666q3.797333 0 7.509334-0.725333 3.669333-0.768 7.168-2.218667 3.498667-1.450667 6.656-3.541333 3.157333-2.133333 5.802666-4.778667 2.688-2.645333 4.778667-5.802667 2.133333-3.157333 3.541333-6.656 1.450667-3.498667 2.218667-7.168 0.725333-3.712 0.725333-7.509333t-0.725333-7.509333q-0.768-3.669333-2.218667-7.168-1.450667-3.498667-3.541333-6.656-2.133333-3.157333-4.778667-5.802667-2.645333-2.688-5.802666-4.778667-3.157333-2.133333-6.656-3.541333-3.498667-1.450667-7.168-2.218667-3.712-0.725333-7.509334-0.725333h-298.666666q-3.797333 0-7.509334 0.725333-3.669333 0.768-7.168 2.218667-3.498667 1.450667-6.656 3.541333-3.157333 2.133333-5.802666 4.778667-2.688 2.645333-4.778667 5.802667-2.133333 3.157333-3.541333 6.656-1.450667 3.498667-2.218667 7.168-0.725333 3.712-0.725333 7.509333t0.725333 7.509333q0.768 3.669333 2.218667 7.168 1.450667 3.498667 3.541333 6.656 2.133333 3.157333 4.778667 5.802667 2.645333 2.688 5.802666 4.778667 3.157333 2.133333 6.656 3.541333 3.498667 1.450667 7.168 2.218667 3.712 0.725333 7.509334 0.725333zM362.666667 806.4H512q3.797333 0 7.509333-0.725333 3.669333-0.768 7.168-2.218667 3.498667-1.450667 6.656-3.541333 3.157333-2.133333 5.802667-4.778667 2.688-2.645333 4.778667-5.802667 2.133333-3.157333 3.541333-6.656 1.450667-3.498667 2.218667-7.168 0.725333-3.712 0.725333-7.509333t-0.725333-7.509333q-0.768-3.669333-2.218667-7.168-1.450667-3.498667-3.541333-6.656-2.133333-3.157333-4.778667-5.802667-2.645333-2.688-5.802667-4.778667-3.157333-2.133333-6.656-3.541333-3.498667-1.450667-7.168-2.218667-3.712-0.725333-7.509333-0.725333H362.666667q-3.797333 0-7.509334 0.725333-3.669333 0.768-7.168 2.218667-3.498667 1.450667-6.656 3.541333-3.157333 2.133333-5.802666 4.778667-2.688 2.645333-4.778667 5.802667-2.133333 3.157333-3.541333 6.656-1.450667 3.498667-2.218667 7.168-0.725333 3.712-0.725333 7.509333t0.725333 7.509333q0.768 3.669333 2.218667 7.168 1.450667 3.498667 3.541333 6.656 2.133333 3.157333 4.778667 5.802667 2.645333 2.688 5.802666 4.778667 3.157333 2.133333 6.656 3.541333 3.498667 1.450667 7.168 2.218667 3.712 0.725333 7.509334 0.725333z\">\u003C/path>\u003Cpath d=\"M324.266667 469.333333V256q0-3.797333 0.725333-7.509333 0.768-3.712 2.218667-7.168 1.408-3.498667 3.541333-6.656 2.090667-3.157333 4.778667-5.802667 2.645333-2.688 5.802666-4.778667 3.157333-2.133333 6.656-3.541333 3.456-1.450667 7.168-2.218667 3.712-0.725333 7.509334-0.725333h298.666666q3.797333 0 7.509334 0.725333 3.712 0.768 7.168 2.218667 3.498667 1.408 6.656 3.541333 3.157333 2.090667 5.802666 4.778667 2.688 2.645333 4.778667 5.802667 2.133333 3.157333 3.541333 6.656 1.450667 3.456 2.218667 7.168 0.725333 3.712 0.725333 7.509333v213.333333q0 3.797333-0.725333 7.509334-0.768 3.712-2.218667 7.168-1.408 3.498667-3.541333 6.656-2.090667 3.157333-4.778667 5.802666-2.645333 2.688-5.802666 4.778667-3.157333 2.133333-6.656 3.541333-3.456 1.450667-7.168 2.218667-3.712 0.725333-7.509334 0.725333h-298.666666q-3.797333 0-7.509334-0.725333-3.712-0.768-7.168-2.218667-3.498667-1.408-6.656-3.541333-3.157333-2.090667-5.802666-4.778667-2.688-2.645333-4.778667-5.802666-2.133333-3.157333-3.541333-6.656-1.450667-3.456-2.218667-7.168Q324.266667 473.130667 324.266667 469.333333z m76.8-174.933333v136.533333h221.866666V294.4H401.066667z\">\u003C/path>\u003C/symbol>\u003Csymbol id=\"iconbianzu\" viewBox=\"0 0 1024 1024\">\u003Cpath d=\"M496.213333 42.666667a410.88 410.88 0 0 1 279.04 712.533333l163.328 158.378667a43.349333 43.349333 0 1 1-60.586666 61.994666l-173.141334-167.936a409.002667 409.002667 0 0 1-208.64 56.832A410.88 410.88 0 0 1 85.333333 453.546667 410.88 410.88 0 0 1 496.213333 42.666667z m0 86.613333a324.266667 324.266667 0 1 0 0 648.533333 324.266667 324.266667 0 0 0 0-648.533333z\" fill=\"#000000\">\u003C/path>\u003Cpath d=\"M308.906667 642.304a29.866667 29.866667 0 0 1-32.341334-27.221333l-25.6-297.642667a29.866667 29.866667 0 0 1 43.306667-29.184l154.453333 78.506667V187.733333a29.866667 29.866667 0 0 1 43.946667-26.368l3.541333 2.261334 89.088 65.152a29.866667 29.866667 0 0 1-35.285333 48.213333l-41.514667-30.421333-0.042666 168.832a29.866667 29.866667 0 0 1-39.68 28.245333l-3.754667-1.621333-149.888-76.202667 20.906667 244.181333a29.866667 29.866667 0 0 1-23.168 31.658667l-4.010667 0.64z\" fill=\"#000000\">\u003C/path>\u003C/symbol>\u003Csymbol id=\"iconbutton_Knowledge\" viewBox=\"0 0 1024 1024\">\u003Cpath d=\"M896 85.333333c35.413333 0 64 28.842667 64 64.213334v605.952a64.426667 64.426667 0 0 1-44.928 61.269333l-384.298667 118.101333a64 64 0 0 1-37.589333 0l-384.896-118.272A64.213333 64.213333 0 0 1 64 755.498667V149.546667a64.085333 64.085333 0 0 1 83.029333-61.312L512 200.149333l364.288-111.701333C882.645333 86.4 889.301333 85.333333 896 85.333333zM149.333333 178.176v561.749333l320 98.346667V276.309333l-320-98.133333z m725.333334 0l-320 98.133333v561.92l320-98.261333V178.176z\">\u003C/path>\u003C/symbol>\u003Csymbol id=\"iconnav_Command\" viewBox=\"0 0 1024 1024\">\u003Cpath d=\"M125.184 471.04l-2.901333-1.493333a40.533333 40.533333 0 0 0-31.189334-0.853334 42.154667 42.154667 0 0 0-23.04 21.76c-4.650667 10.026667-5.333333 21.546667-1.92 32.085334a42.666667 42.666667 0 0 0 20.224 24.490666l395.818667 214.613334 3.072 1.536 2.986667 1.194666 2.858666 0.896 2.986667 0.725334 2.304 0.341333 3.925333 0.341333h2.261334l2.645333-0.085333 3.584-0.469333 2.816-0.597334 1.621333-0.426666 3.669334-1.28 2.133333-0.938667a36.992 36.992 0 0 0 2.389333-1.194667l395.818667-214.656a42.666667 42.666667 0 0 0 20.394667-25.301333 44.117333 44.117333 0 0 0-2.944-32.725333 41.984 41.984 0 0 0-24.533334-21.034667 40.576 40.576 0 0 0-31.786666 3.029333l-376.533334 204.245334-376.661333-204.245334z\" fill=\"#1D2129\">\u003C/path>\u003Cpath d=\"M125.184 664.277333l-2.901333-1.450666a40.533333 40.533333 0 0 0-31.189334-0.853334 42.197333 42.197333 0 0 0-23.04 21.76c-4.650667 10.026667-5.333333 21.546667-1.92 32.085334a42.666667 42.666667 0 0 0 20.224 24.490666l396.032 214.741334 2.986667 1.450666a40.362667 40.362667 0 0 0 26.88 2.133334c9.642667 2.56 20.266667 1.578667 29.781333-3.584l396.032-214.741334a42.666667 42.666667 0 0 0 20.096-25.301333c3.242667-10.794667 2.133333-22.528-2.986666-32.512a42.026667 42.026667 0 0 0-24.32-20.992 40.576 40.576 0 0 0-31.573334 2.773333l-387.072 209.834667-386.986666-209.834667zM501.845333 64c6.997333 0 13.824 1.792 19.925334 5.248l405.077333 227.626667a21.162667 21.162667 0 0 1 7.936 7.893333 21.973333 21.973333 0 0 1-7.936 29.824l-405.034667 227.626667a40.704 40.704 0 0 1-39.936 0L76.8 334.592a21.973333 21.973333 0 0 1 0-37.717333l405.034667-227.626667a40.746667 40.746667 0 0 1 19.968-5.248z m0 91.861333L217.386667 315.733333l284.458666 159.872L786.261333 315.733333l-284.458666-159.872z\" fill=\"#1D2129\">\u003C/path>\u003C/symbol>\u003Csymbol id=\"iconRebuild\" viewBox=\"0 0 1024 1024\">\u003Cpath d=\"M802.133333 849.92H218.453333c-50.346667 0-91.306667-40.96-91.306666-91.306667V242.346667c0-50.346667 40.96-91.306667 91.306666-91.306667h173.226667c24.746667 0 46.933333 9.386667 64.853333 26.453333l78.506667 78.506667c5.12 5.12 12.8 8.533333 21.333333 8.533333h247.466667c50.346667 0 91.306667 40.96 91.306667 91.306667v402.773333c0 50.346667-41.813333 91.306667-92.16 91.306667zM218.453333 212.48c-16.213333 0-29.866667 13.653333-29.866666 29.866667v516.266666c0 16.213333 13.653333 29.866667 29.866666 29.866667H802.133333c16.213333 0 29.866667-13.653333 29.866667-29.866667V354.986667c0-16.213333-13.653333-29.866667-29.866667-29.866667H555.52c-24.746667 0-46.933333-9.386667-64.853333-26.453333l-78.506667-77.653334c-5.12-5.12-12.8-8.533333-21.333333-8.533333H217.6z\" fill=\"#333333\">\u003C/path>\u003Cpath d=\"M465.066667 502.613333l-93.013334-57.173333v103.253333l93.013334-46.08z\" fill=\"#333333\">\u003C/path>\u003Cpath d=\"M647.68 512.853333c-12.8-41.813333-43.52-75.093333-84.48-91.306666-61.44-23.893333-133.12-1.706667-169.813333 53.76-4.266667 6.826667-5.12 14.506667-3.413334 21.333333 1.706667 5.12 4.266667 9.386667 8.533334 11.946667 2.56 4.266667 6.826667 6.826667 11.946666 8.533333 8.533333 1.706667 17.066667-1.706667 21.333334-9.386667 22.186667-39.253333 70.826667-56.32 113.493333-40.106666 26.453333 10.24 46.933333 31.573333 54.613333 58.88 3.413333 10.24 12.8 17.92 23.893334 17.92h2.56c7.68 0 13.653333-5.12 17.92-11.093334 4.266667-5.973333 5.12-13.653333 3.413333-21.333333zM556.373333 612.693333l93.013334 58.026667 0.853333-103.253333-93.866667 45.226666z\" fill=\"#333333\">\u003C/path>\u003Cpath d=\"M631.466667 630.613333c-1.706667-5.12-4.266667-9.386667-8.533334-11.946666-2.56-4.266667-6.826667-6.826667-11.946666-8.533334-8.533333-1.706667-17.066667 1.706667-21.333334 9.386667-22.186667 39.253333-70.826667 56.32-113.493333 40.106667-26.453333-10.24-46.933333-31.573333-54.613333-59.733334-4.266667-11.946667-15.36-17.92-26.453334-17.066666-7.68 0-14.506667 5.12-18.773333 11.093333-4.266667 5.973333-5.12 13.653333-2.56 20.48 12.8 41.813333 43.52 75.093333 84.48 91.306667 16.213333 5.973333 33.28 9.386667 50.346667 9.386666 48.64 0 93.013333-23.893333 119.466666-63.146666 4.266667-6.826667 5.12-14.506667 3.413334-21.333334z\" fill=\"#333333\">\u003C/path>\u003C/symbol>\u003Csymbol id=\"iconnav_Dialogue\" viewBox=\"0 0 1024 1024\">\u003Cpath d=\"M512 85.333333c235.648 0 426.666667 191.018667 426.666667 426.666667s-191.018667 426.666667-426.666667 426.666667H128a42.666667 42.666667 0 0 1-42.666667-42.666667v-384C85.333333 276.352 276.352 85.333333 512 85.333333z m0 81.28A345.386667 345.386667 0 0 0 166.613333 512v345.386667H512a345.386667 345.386667 0 1 0 0-690.773334z m14.592 203.178667c9.045333 0 12.373333 0.938667 15.658667 2.688a18.432 18.432 0 0 1 7.68 7.68c1.792 3.328 2.688 6.613333 2.688 15.658667v272.981333c0 9.088-0.896 12.373333-2.688 15.658667a18.474667 18.474667 0 0 1-7.68 7.68c-3.328 1.792-6.613333 2.730667-15.658667 2.730666h-29.184c-9.045333 0-12.373333-0.938667-15.658667-2.730666a18.474667 18.474667 0 0 1-7.68-7.68c-1.792-3.285333-2.688-6.570667-2.688-15.658667V395.818667c0-9.045333 0.896-12.373333 2.688-15.658667a18.432 18.432 0 0 1 7.68-7.68c3.328-1.749333 6.613333-2.688 15.658667-2.688h29.184z m162.56 60.928c9.045333 0 12.288 0.938667 15.616 2.730667a18.432 18.432 0 0 1 7.68 7.68c1.792 3.285333 2.730667 6.570667 2.730667 15.658666v130.773334c0 9.045333-0.938667 12.330667-2.730667 15.616a18.432 18.432 0 0 1-7.68 7.68c-3.328 1.792-6.570667 2.730667-15.658667 2.730666h-29.141333c-9.088 0-12.373333-0.938667-15.658667-2.730666a18.389333 18.389333 0 0 1-7.68-7.68c-1.792-3.285333-2.730667-6.570667-2.730666-15.658667v-130.730667c0-9.088 0.938667-12.373333 2.730666-15.658666a18.432 18.432 0 0 1 7.68-7.68c3.285333-1.792 6.570667-2.730667 15.658667-2.730667h29.141333z m-325.12 0c9.088 0 12.373333 0.938667 15.658667 2.730667a18.432 18.432 0 0 1 7.68 7.68c1.792 3.285333 2.730667 6.570667 2.730666 15.658666v130.773334c0 9.045333-0.938667 12.330667-2.730666 15.616a18.432 18.432 0 0 1-7.68 7.68c-3.285333 1.792-6.570667 2.730667-15.658667 2.730666H334.933333c-9.088 0-12.373333-0.938667-15.658666-2.730666a18.432 18.432 0 0 1-7.68-7.68c-1.792-3.285333-2.730667-6.570667-2.730667-15.658667v-130.730667c0-9.088 0.938667-12.373333 2.730667-15.658666a18.474667 18.474667 0 0 1 7.68-7.68c3.285333-1.792 6.570667-2.730667 15.658666-2.730667h29.141334z\" fill=\"#1D2129\">\u003C/path>\u003C/symbol>\u003Csymbol id=\"iconbutton_set\" viewBox=\"0 0 1024 1024\">\u003Cpath d=\"M647.466667 444.245333c33.749333 0 66.645333-11.008 93.738666-31.36a158.165333 158.165333 0 0 0 56.576-81.578666h112.170667c9.984 0 13.610667-1.066667 17.237333-3.029334a20.394667 20.394667 0 0 0 8.490667-8.533333c1.962667-3.669333 2.986667-7.338667 2.986667-17.408v-32.426667c0-10.112-1.024-13.738667-2.986667-17.408a20.394667 20.394667 0 0 0-8.490667-8.533333c-3.626667-2.005333-7.253333-3.029333-17.237333-3.029333h-112.213333a158.165333 158.165333 0 0 0-56.576-81.621334 155.989333 155.989333 0 0 0-187.392 0 158.208 158.208 0 0 0-56.618667 81.578667H71.381333c-9.984 0-13.610667 1.066667-17.237333 3.072a20.437333 20.437333 0 0 0-8.490667 8.533333c-1.962667 3.669333-2.986667 7.296-2.986666 17.408v32.426667c0 10.069333 1.024 13.696 2.986666 17.365333a20.394667 20.394667 0 0 0 8.490667 8.533334c3.626667 2.005333 7.253333 3.072 17.237333 3.072h425.813334a157.013333 157.013333 0 0 0 150.272 112.938666z m0-90.368a66.730667 66.730667 0 0 1-47.530667-19.84 67.84 67.84 0 0 1-19.669333-47.914666 68.224 68.224 0 0 1 19.669333-47.914667 67.157333 67.157333 0 0 1 47.530667-19.882667c17.834667 0 34.901333 7.168 47.530666 19.882667a68.053333 68.053333 0 0 1 0 95.829333 66.901333 66.901333 0 0 1-47.530666 19.84zM333.866667 896c33.792 0 66.645333-11.008 93.738666-31.36a158.208 158.208 0 0 0 56.576-81.578667h425.770667c9.984 0 13.610667-1.024 17.237333-3.029333a20.437333 20.437333 0 0 0 8.490667-8.533333c1.962667-3.712 2.986667-7.338667 2.986667-17.408v-32.426667c0-10.069333-1.024-13.696-2.986667-17.408a20.394667 20.394667 0 0 0-8.490667-8.533333c-3.626667-1.962667-7.253333-2.986667-17.237333-2.986667l-425.813333-0.042667a158.165333 158.165333 0 0 0-56.576-81.578666 155.989333 155.989333 0 0 0-187.392 0 158.165333 158.165333 0 0 0-56.618667 81.578666H71.381333c-9.984 0-13.610667 1.066667-17.237333 3.029334a20.437333 20.437333 0 0 0-8.490667 8.533333c-1.962667 3.712-2.986667 7.338667-2.986666 17.408v32.426667c0 10.069333 1.024 13.738667 2.986666 17.408a20.394667 20.394667 0 0 0 8.490667 8.533333c3.626667 2.005333 7.253333 2.986667 17.237333 2.986667h112.213334A157.013333 157.013333 0 0 0 333.824 896z m0-90.368c-17.834667 0-34.901333-7.125333-47.530667-19.84a68.053333 68.053333 0 0 1 0-95.829333 66.901333 66.901333 0 0 1 95.061333 0 68.053333 68.053333 0 0 1 0 95.829333 66.901333 66.901333 0 0 1-47.530666 19.84z\" fill=\"#1D2129\">\u003C/path>\u003C/symbol>\u003Csymbol id=\"iconbutton_send\" viewBox=\"0 0 1024 1024\">\u003Cpath d=\"M289.877333 453.717333l181.717334-183.338666v583.168a42.368 42.368 0 0 0 42.538666 42.453333 42.624 42.624 0 0 0 42.538667-42.453333V270.378667l181.717333 183.338666a42.624 42.624 0 0 0 59.989334 0 38.656 38.656 0 0 0 0-56.448l-255.317334-257.194666a45.994667 45.994667 0 0 0-62.122666 0L225.621333 397.226667a38.613333 38.613333 0 0 0 0 56.448 42.581333 42.581333 0 0 0 64.256 0z\" fill=\"#1D2129\">\u003C/path>\u003C/symbol>\u003Csymbol id=\"iconToolbar_Transfer\" viewBox=\"0 0 1024 1024\">\u003Cpath d=\"M676.992 938.538667a22.314667 22.314667 0 0 0 16.085333-6.954667 24.192 24.192 0 0 0 6.656-16.768V391.722667h139.946667a13.226667 13.226667 0 0 0 7.253333-2.133334 14.037333 14.037333 0 0 0 4.992-5.802666 14.762667 14.762667 0 0 0-1.450666-14.933334l-202.410667-270.890666a22.997333 22.997333 0 0 0-6.442667-5.888 21.888 21.888 0 0 0-24.746666-4.864 22.954667 22.954667 0 0 0-10.112 8.746666 24.362667 24.362667 0 0 0-3.754667 13.098667v805.76c0 6.272 2.389333 12.330667 6.656 16.768 4.266667 4.437333 10.069333 6.954667 16.085333 6.954667h51.2z m-265.6-4.266667a24.490667 24.490667 0 0 0 9.557333-19.285333V109.226667a24.192 24.192 0 0 0-6.656-16.768 22.314667 22.314667 0 0 0-16.085333-6.912h-51.2a22.314667 22.314667 0 0 0-16.085333 6.912 24.192 24.192 0 0 0-6.656 16.768v523.093333H184.32a13.226667 13.226667 0 0 0-7.253333 2.133333 14.037333 14.037333 0 0 0-5.034667 5.802667 14.72 14.72 0 0 0 1.493333 14.933333l202.410667 270.848a23.04 23.04 0 0 0 6.442667 5.973334 22.101333 22.101333 0 0 0 29.013333 2.261333z\" fill=\"#1D2129\">\u003C/path>\u003C/symbol>\u003Csymbol id=\"iconLoad_Error\" viewBox=\"0 0 1024 1024\">\u003Cpath d=\"M832 138.120533l-323.1744-0.725333-49.186133 136.772267 9.966933 98.952533-55.611733 57.745067 33.7408-65.809067-38.510934-97.6896L443.460267 136.533333l-248.183467 1.5872C136.610133 138.496 85.077333 184.064 85.333333 242.926933l2.235734 535.2448c0.256 58.88 45.781333 109.294933 104.448 109.294934H832c58.666667 0 106.666667-48.170667 106.666667-107.050667V245.1712c0-58.88-48-107.050667-106.666667-107.050667z m-631.133867 54.459734l171.989334-0.938667-7.8336 87.586133 52.6592 89.002667-39.227734 117.495467 117.504-100.420267 7.765334-114.090667 43.008-79.5648H832c26.666667 0 53.333333 26.752 53.333333 53.521067v479.744l-132.224-169.301333c-16-26.760533-48-26.760533-69.3248-5.3504l-149.333333 149.870933-154.666667-198.0416c-16-21.410133-42.666667-21.410133-64 0L141.482667 716.296533l1.672533-469.162666c0.119467-32.110933 25.710933-54.382933 57.710933-54.5536z\" fill=\"#DADEE4\">\u003C/path>\u003Cpath d=\"M596.932267 349.269333c0 11.050667 2.167467 21.9904 6.365866 32.2048a84.155733 84.155733 0 0 0 18.141867 27.298134 83.6608 83.6608 0 0 0 27.153067 18.235733 83.293867 83.293867 0 0 0 91.195733-18.235733 84.1728 84.1728 0 0 0 18.141867-27.306667 84.548267 84.548267 0 0 0-18.141867-91.690667 83.652267 83.652267 0 0 0-27.144533-18.244266 83.3024 83.3024 0 0 0-91.204267 18.244266 84.155733 84.155733 0 0 0-18.141867 27.298134 84.548267 84.548267 0 0 0-6.365866 32.196266z\" fill=\"#DADEE4\">\u003C/path>\u003C/symbol>\u003Csymbol id=\"iconStop_Sharing\" viewBox=\"0 0 1024 1024\">\u003Cpath d=\"M938.666667 128a42.666667 42.666667 0 0 0-42.666667-42.666667H128a42.666667 42.666667 0 0 0-42.666667 42.666667v768a42.666667 42.666667 0 0 0 42.666667 42.666667h384v-85.333334H170.666667V170.666667h682.666666v341.333333h85.333334V128z m-251.562667 498.816c-5.12-4.864-7.936-6.314667-11.264-7.296a19.328 19.328 0 0 0-11.434667 0c-3.754667 1.152-6.869333 2.901333-13.610666 9.6l-21.674667 21.674667c-6.698667 6.741333-8.448 9.856-9.557333 13.653333a19.328 19.328 0 0 0 0 11.392c1.109333 3.754667 2.816 6.912 9.557333 13.653333l101.376 101.333334-101.333333 101.333333c-6.784 6.698667-8.490667 9.856-9.642667 13.653333a19.328 19.328 0 0 0 0 11.392c1.152 3.754667 2.901333 6.912 9.642667 13.653334l21.632 21.632c6.741333 6.698667 9.856 8.448 13.653333 9.6 3.712 1.152 7.68 1.152 11.392 0 3.754667-1.109333 6.912-2.858667 13.653333-9.6l101.333334-101.333334 101.333333 101.333334c6.698667 6.698667 9.856 8.448 13.653333 9.6 3.712 1.152 7.68 1.152 11.392 0 3.754667-1.109333 6.912-2.858667 13.653334-9.6l21.632-21.674667c6.698667-6.698667 8.448-9.856 9.6-13.653333a19.328 19.328 0 0 0 0-11.349334c-1.109333-3.797333-2.858667-6.954667-9.6-13.653333l-101.333334-101.333333 101.333334-101.333334c6.698667-6.741333 8.448-9.898667 9.6-13.653333a19.328 19.328 0 0 0 0-11.434667c-1.109333-3.754667-2.858667-6.869333-9.6-13.610666l-21.674667-21.674667c-6.698667-6.698667-9.856-8.448-13.653333-9.557333a19.328 19.328 0 0 0-11.349334 0c-3.797333 1.109333-6.954667 2.816-13.653333 9.557333l-101.333333 101.376-103.722667-103.68z\" fill=\"#1D2129\">\u003C/path>\u003C/symbol>\u003Csymbol id=\"icondecrease_borderless\" viewBox=\"0 0 1024 1024\">\u003Cpath d=\"M932.437333 475.562667A21.333333 21.333333 0 0 1 938.666667 490.666667v42.666666a21.333333 21.333333 0 0 1-21.333334 21.333334h-810.666666a21.333333 21.333333 0 0 1-21.333334-21.333334v-42.666666a21.333333 21.333333 0 0 1 21.333334-21.333334h810.666666a21.333333 21.333333 0 0 1 15.104 6.229334z\" fill=\"#1D2129\">\u003C/path>\u003C/symbol>\u003Csymbol id=\"iconadd_borderless\" viewBox=\"0 0 1024 1024\">\u003Cpath d=\"M548.437333 91.562667A21.333333 21.333333 0 0 1 554.666667 106.666667V469.333333h362.666666a21.333333 21.333333 0 0 1 21.333334 21.333334v42.666666a21.333333 21.333333 0 0 1-21.333334 21.333334H554.666667v362.666666a21.333333 21.333333 0 0 1-21.333334 21.333334h-42.666666a21.333333 21.333333 0 0 1-21.333334-21.333334V554.666667H106.666667a21.333333 21.333333 0 0 1-21.333334-21.333334v-42.666666a21.333333 21.333333 0 0 1 21.333334-21.333334H469.333333V106.666667a21.333333 21.333333 0 0 1 21.333334-21.333334h42.666666a21.333333 21.333333 0 0 1 15.104 6.229334z\" fill=\"#1D2129\">\u003C/path>\u003C/symbol>\u003Csymbol id=\"iconfolder_Encrypted\" viewBox=\"0 0 1024 1024\">\u003Cpath d=\"M410.453333 128c10.752 0 21.077333 4.096 28.672 11.349333 7.637333 7.253333 11.946667 17.066667 11.946667 27.349334v48.384h446.976c10.752 0 21.077333 4.096 28.714667 11.349333 7.594667 7.253333 11.904 17.066667 11.904 27.349333V512h-81.28v-74.368H166.613333V814.933333h365.653334v77.397334H125.994667a41.685333 41.685333 0 0 1-28.714667-11.349334 37.845333 37.845333 0 0 1-11.904-27.349333v-686.933333c0-10.282667 4.266667-20.138667 11.946667-27.392A41.685333 41.685333 0 0 1 125.909333 128H410.453333zM166.528 360.192h690.773333V292.48H369.834667v-87.04H166.570667v154.752z\" fill=\"#1D2129\">\u003C/path>\u003Cpath d=\"M768 554.666667c28.8 0 56.448 10.922667 76.8 30.421333 20.352 19.456 31.829333 45.909333 31.829333 73.472h31.018667c8.192 0 16.128 3.114667 21.930667 8.704 5.845333 5.546667 9.088 13.098667 9.088 20.992v178.090667a29.056 29.056 0 0 1-9.088 20.992 31.829333 31.829333 0 0 1-21.930667 8.661333h-279.296a31.829333 31.829333 0 0 1-21.930667-8.661333 29.056 29.056 0 0 1-9.088-20.992V688.213333c0-7.893333 3.285333-15.445333 9.088-20.992a31.829333 31.829333 0 0 1 21.930667-8.704h31.018667c0-27.562667 11.477333-54.016 31.829333-73.472A111.146667 111.146667 0 0 1 768 554.666667z m-108.629333 282.026666h217.258666v-118.784h-217.258666v118.741334zM768 614.016c-25.685333 0-46.506667 19.882667-46.506667 44.501333h93.013334c0-24.618667-20.821333-44.501333-46.506667-44.501333z\" fill=\"#000000\">\u003C/path>\u003C/symbol>\u003Csymbol id=\"iconManual_Installation\" viewBox=\"0 0 1024 1024\">\u003Cpath d=\"M734.848 85.333333c18.389333 0 34.773333 12.458667 40.533333 30.890667L938.666667 490.666667V896a42.666667 42.666667 0 0 1-42.666667 42.666667H128a42.666667 42.666667 0 0 1-42.666667-42.666667v-405.333333l155.776-374.442667c5.802667-18.432 22.101333-30.890667 40.533334-30.890667h453.205333zM170.666667 849.066667h682.666666v-268.8h-170.666666v157.866666a21.333333 21.333333 0 0 1-21.333334 21.333334h-298.666666a21.333333 21.333333 0 0 1-21.333334-21.333334v-157.866666H170.666667v268.8z m0-358.4h256v179.2h170.666666v-179.2h256l-145.792-315.136H315.989333L170.666667 490.666667z m505.770666-128a6.4 6.4 0 0 1 5.546667 3.285333 5.973333 5.973333 0 0 1-0.554667 6.272l-164.394666 94.592a6.314667 6.314667 0 0 1-10.026667 0L342.528 372.266667A5.973333 5.973333 0 0 1 341.333333 369.152a6.101333 6.101333 0 0 1 6.229334-6.485333h328.832z\" fill=\"#1D2129\">\u003C/path>\u003Cpath d=\"M576 384h-128l32-128h64l32 128z\" fill=\"#1D2129\">\u003C/path>\u003C/symbol>\u003Csymbol id=\"iconinput_clear\" viewBox=\"0 0 1024 1024\">\u003Cpath d=\"M512 85.333333c235.648 0 426.666667 191.018667 426.666667 426.666667s-191.018667 426.666667-426.666667 426.666667S85.333333 747.648 85.333333 512 276.352 85.333333 512 85.333333z m120.661333 254.506667a21.333333 21.333333 0 0 0-15.061333 6.229333L512 451.669333 406.4 346.026667a21.333333 21.333333 0 0 0-30.165333 0l-30.165334 30.165333a21.333333 21.333333 0 0 0 0 30.165333L451.669333 512 346.026667 617.6a21.333333 21.333333 0 0 0 0 30.165333l30.165333 30.165334a21.333333 21.333333 0 0 0 30.165333 0L512 572.330667l105.6 105.6a21.333333 21.333333 0 0 0 30.165333 0l30.165334-30.165334a21.333333 21.333333 0 0 0 0-30.165333L572.330667 512l105.6-105.6a21.333333 21.333333 0 0 0 0-30.165333l-30.165334-30.165334a21.333333 21.333333 0 0 0-15.104-6.229333z\" fill=\"#000000\">\u003C/path>\u003C/symbol>\u003Csymbol id=\"iconfile_Recycle\" viewBox=\"0 0 1024 1024\">\u003Cpath d=\"M833.585951 290.441366a34.965854 34.965854 0 0 1 34.578732 38.237658l-0.062439 0.624391-53.610146 504.020292A128.724293 128.724293 0 0 1 688.727415 949.073171h-1.973074l-336.733658-0.811708a128.686829 128.686829 0 0 1-126.888585-113.639024l-0.237269-1.973073-53.972292-503.345951a34.953366 34.953366 0 0 1 33.891902-38.887025h630.759024l0.012488 0.024976zM421.813073 442.155707a34.903415 34.903415 0 0 0-34.716097 34.516293v241.726439a34.716098 34.716098 0 0 0 69.419707-0.249756V476.422244a34.903415 34.903415 0 0 0-34.716098-34.279024v0.012487z m181.110634 0a34.903415 34.903415 0 0 0-34.716097 34.516293v241.726439a34.716098 34.716098 0 0 0 69.419707-0.249756V476.422244a34.903415 34.903415 0 0 0-34.716097-34.279024v0.012487zM914.481951 195.559024a35.10322 35.10322 0 0 1 0.824195 70.193952H109.780293a35.10322 35.10322 0 0 1-0.824195-70.193952H914.481951zM648.504195 74.926829a35.10322 35.10322 0 0 1 0.836683 70.193951H375.458341A35.10322 35.10322 0 0 1 374.634146 74.926829h273.882537z\" fill=\"#86909C\">\u003C/path>\u003C/symbol>\u003Csymbol id=\"iconnetwork_OVS\" viewBox=\"0 0 1024 1024\">\u003Cpath d=\"M183.466667 775.509333a142.293333 142.293333 0 0 1-75.349334-20.992 163.754667 163.754667 0 0 1-55.125333-55.893333 150.186667 150.186667 0 0 1-20.608-77.226667l0.725333-243.413333c0-28.501333 6.869333-54.101333 20.650667-76.842667 13.482667-23.04 31.744-41.386667 54.741333-55.125333a141.610667 141.610667 0 0 1 75.008-21.034667c27.989333 0 53.12 6.912 75.349334 20.650667 22.528 13.738667 40.533333 32.256 54.016 55.466667 13.738667 23.04 20.608 48.64 20.608 76.885333l0.768 243.370667c0 28.032-6.741333 53.632-20.266667 76.885333-13.738667 23.509333-32 42.24-54.741333 56.277333a141.653333 141.653333 0 0 1-75.733334 20.992z m0-92.629333c15.530667 0 29.013333-6.272 40.533333-18.773333 11.52-12.714667 17.237333-26.965333 17.237333-42.752L240.512 378.026667c0-16.981333-5.376-31.36-16.128-43.093334a52.992 52.992 0 0 0-40.874667-17.621333c-15.786667 0-29.269333 5.717333-40.533333 17.237333-11.221333 11.52-16.853333 26.026667-16.853333 43.52v243.370667c0 16.725333 5.632 31.232 16.896 43.477333 11.221333 11.989333 24.746667 18.005333 40.490666 18.005334zM555.904 768h-93.013333c-2.218667 0-3.456-1.28-3.712-3.754667L352.981333 236.629333c-0.469333-2.005333 0.512-2.986667 2.986667-2.986666h87.04c2.005333 0 3.242667 0.981333 3.754667 2.986666l62.976 351.744 61.525333-351.744c0.469333-2.005333 1.706667-2.986667 3.754667-2.986666h85.845333c2.773333 0 3.754667 0.981333 2.986667 2.986666l-104.234667 527.616c-0.256 2.517333-1.493333 3.754667-3.754667 3.754667z m283.52 7.509333a142.293333 142.293333 0 0 1-75.392-20.992 160.554667 160.554667 0 0 1-54.741333-55.893333 152.362667 152.362667 0 0 1-20.266667-77.226667v-35.285333c0-2.730667 1.28-4.096 3.754667-4.096h86.272c2.005333 0 2.986667 1.365333 2.986666 4.096v35.242667c0 16.768 5.632 31.274667 16.896 43.52 11.221333 11.989333 24.746667 18.005333 40.490667 18.005333 16 0 29.610667-6.144 40.874667-18.346667 11.264-12.544 16.853333-26.88 16.853333-43.136 0-18.773333-12.245333-35.157333-36.736-49.152a290.048 290.048 0 0 0-15.786667-8.96 618.069333 618.069333 0 0 0-22.442666-12.8l-25.514667-13.866666c-8.277333-4.736-16.256-9.258667-24.021333-13.482667-27.989333-16.512-48.853333-37.12-62.592-61.866667-13.525333-25.002667-20.266667-53.034667-20.266667-84.053333 0-28.458667 6.997333-54.186667 20.992-77.226667a157.226667 157.226667 0 0 1 54.741333-53.973333 142.250667 142.250667 0 0 1 73.898667-20.266667c27.264 0 52.266667 6.741333 75.008 20.266667 22.741333 13.738667 40.874667 32 54.357333 54.741333 13.738667 22.741333 20.650667 48.213333 20.650667 76.501334v62.976c0 2.005333-1.024 2.986667-2.986667 2.986666h-86.272c-2.005333 0-2.986667-0.981333-2.986666-2.986666l-0.768-62.976c0-18.005333-5.632-32.64-16.896-43.904a54.826667 54.826667 0 0 0-40.106667-16.853334c-15.786667 0-29.269333 5.973333-40.533333 18.005334a60.416 60.416 0 0 0-16.853334 42.752c0 16.725333 3.498667 30.72 10.496 41.984 7.253333 11.264 20.394667 22.016 39.381334 32.256a1883.221333 1883.221333 0 0 1 37.888 20.992c8.96 4.736 17.109333 9.130667 24.362666 13.141333l13.141334 6.741333c25.472 14.250667 45.610667 31.744 60.373333 52.48 14.976 20.778667 22.485333 46.293333 22.485333 76.501334 0 29.269333-6.741333 55.509333-20.266666 78.762666-13.738667 23.253333-32 41.642667-54.741334 55.125334a145.621333 145.621333 0 0 1-75.733333 20.266666z\" fill=\"#1D2129\">\u003C/path>\u003C/symbol>\u003Csymbol id=\"iconupdatable\" viewBox=\"0 0 1024 1024\">\u003Cpath d=\"M85.333333 512a426.666667 426.666667 0 1 0 853.333334 0 426.666667 426.666667 0 0 0-853.333334 0z\" fill=\"#209AFF\">\u003C/path>\u003Cpath d=\"M738.133333 435.2c0 6.058667-0.256 12.16-0.768 18.176a116.352 116.352 0 0 1 40.490667 13.226667 128.554667 128.554667 0 0 1 17.834667 11.861333 119.466667 119.466667 0 0 1 37.248 51.370667 116.138667 116.138667 0 0 1 5.674666 20.608 119.125333 119.125333 0 0 1-27.221333 99.498666 117.376 117.376 0 0 1-33.024 26.624 116.352 116.352 0 0 1-19.498667 8.490667 113.493333 113.493333 0 0 1-20.736 4.906667v1.237333H328.533333a130.645333 130.645333 0 0 1-26.624-2.645333 134.485333 134.485333 0 0 1-49.237333-20.352 143.189333 143.189333 0 0 1-29.696-26.88 131.968 131.968 0 0 1-14.848-22.272A138.922667 138.922667 0 0 1 192 554.666667a133.12 133.12 0 0 1 1.834667-22.442667 154.282667 154.282667 0 0 1 5.546666-21.845333 147.925333 147.925333 0 0 1 9.045334-20.608 143.061333 143.061333 0 0 1 19.541333-27.477334 137.685333 137.685333 0 0 1 35.413333-27.605333 130.133333 130.133333 0 0 1 20.608-9.088c3.541333-1.237333 7.125333-2.304 10.794667-3.242667a230.826667 230.826667 0 0 1 6.357333-41.386666 254.890667 254.890667 0 0 1 6.058667-20.053334 241.493333 241.493333 0 0 1 7.936-19.456 212.053333 212.053333 0 0 1 15.317333-27.434666 194.005333 194.005333 0 0 1 12.245334-17.066667 251.946667 251.946667 0 0 1 13.824-15.744 253.952 253.952 0 0 1 15.274666-14.378667 224.298667 224.298667 0 0 1 92.501334-47.36 273.706667 273.706667 0 0 1 20.608-3.882666A228.352 228.352 0 0 1 516.266667 213.333333a216.533333 216.533333 0 0 1 43.264 4.266667 204.8 204.8 0 0 1 21.162666 5.290667 218.453333 218.453333 0 0 1 49.664 22.016 238.848 238.848 0 0 1 18.090667 12.074666 239.36 239.36 0 0 1 16.810667 13.824 225.365333 225.365333 0 0 1 35.498666 41.088 240.810667 240.810667 0 0 1 16.085334 28.458667 245.418667 245.418667 0 0 1 8.32 20.096 202.154667 202.154667 0 0 1 6.314666 20.864 207.573333 207.573333 0 0 1 5.589334 32.128 250.752 250.752 0 0 1 1.066666 21.76z\" fill=\"#89CAFF\">\u003C/path>\u003Cpath d=\"M483.925333 341.333333a17.066667 17.066667 0 0 0-17.066666 17.066667v136.533333H422.357333a17.066667 17.066667 0 0 0-12.885333 28.245334l95.658667 110.506666a16.810667 16.810667 0 0 0 12.928 5.845334 16.981333 16.981333 0 0 0 12.885333-5.888l95.658667-110.506667a16.725333 16.725333 0 0 0 4.010666-13.568 16.896 16.896 0 0 0-12.117333-13.952 16.810667 16.810667 0 0 0-4.778667-0.682667h-44.458666V358.4a17.066667 17.066667 0 0 0-17.066667-17.066667h-68.266667z\" fill=\"#FFFFFF\">\u003C/path>\u003C/symbol>\u003Csymbol id=\"iconuesr_set_account\" viewBox=\"0 0 1024 1024\">\u003Cpath d=\"M938.666667 864.384v12.373333a19.157333 19.157333 0 0 1-19.370667 19.242667h-39.552a20.096 20.096 0 0 1-19.797333-18.432 103.765333 103.765333 0 0 0-0.426667-3.84c-10.026667-74.026667-66.432-130.730667-127.914667-130.730667H621.653333c-61.909333 0-118.314667 57.472-127.744 132.266667a81.493333 81.493333 0 0 0-0.213333 2.218667 20.181333 20.181333 0 0 1-19.84 18.517333h-39.466667a19.498667 19.498667 0 0 1-13.738666-5.632 19.157333 19.157333 0 0 1-5.674667-13.568v-12.416c0-90.624 63.018667-167.04 145.194667-190.72a161.706667 161.706667 0 0 1-34.346667-177.450667 163.413333 163.413333 0 0 1 60.714667-72.704 165.632 165.632 0 0 1 182.314666 0.213334 163.413333 163.413333 0 0 1 60.586667 72.874666 161.706667 161.706667 0 0 1-34.816 177.365334c81.621333 23.936 144 100.096 144 190.421333zM162.901333 204.885333v576.512h169.685334v76.885334H124.16a38.997333 38.997333 0 0 1-27.434667-11.264 38.272 38.272 0 0 1-11.349333-27.178667V166.442667c0-10.24 4.096-19.968 11.349333-27.178667A38.954667 38.954667 0 0 1 124.16 128h698.197333c10.24 0 20.138667 4.053333 27.434667 11.264 7.253333 7.210667 11.349333 16.981333 11.349333 27.178667v220.8a323.456 323.456 0 0 0-77.568-47.061334V204.885333H162.901333z m77.568 192.170667c0-5.12 2.048-9.984 5.674667-13.610667a19.498667 19.498667 0 0 1 13.738667-5.589333h174.506666a19.456 19.456 0 0 1 19.413334 19.2v38.4c0 5.12-2.005333 10.026667-5.674667 13.653333a19.456 19.456 0 0 1-13.696 5.589334H259.84a19.498667 19.498667 0 0 1-13.738667-5.632 19.114667 19.114667 0 0 1-5.674666-13.568v-38.442667z m0 153.728c0-5.077333 2.048-9.984 5.674667-13.568a19.498667 19.498667 0 0 1 13.738667-5.632h77.568c5.12 0 10.069333 2.005333 13.696 5.632 3.669333 3.584 5.717333 8.490667 5.717333 13.568v38.442667a19.498667 19.498667 0 0 1-19.413333 19.2H259.882667a19.498667 19.498667 0 0 1-13.738667-5.589334 19.157333 19.157333 0 0 1-5.674667-13.610666v-38.4z m437.12-77.568c-23.04 0-45.226667 9.045333-61.525333 25.216a85.76 85.76 0 0 0 0 121.898667 87.381333 87.381333 0 0 0 123.008 0 85.76 85.76 0 0 0 0-121.898667 87.381333 87.381333 0 0 0-61.482667-25.216z\" fill=\"#1D2129\">\u003C/path>\u003C/symbol>\u003Csymbol id=\"iconuesr_set_display\" viewBox=\"0 0 1024 1024\">\u003Cpath d=\"M876.8 834.005333A19.114667 19.114667 0 0 1 896 853.333333v66.005334a19.413333 19.413333 0 0 1-19.2 19.328H147.2a19.114667 19.114667 0 0 1-19.2-19.328V853.333333a19.413333 19.413333 0 0 1 19.2-19.328h729.6z m-415.744-743.253333l294.4 296.661333a36.864 36.864 0 0 1 7.978667 40.192 36.821333 36.821333 0 0 1-7.936 11.946667l-287.701334 289.877333a36.437333 36.437333 0 0 1-51.754666 0l-240.469334-242.261333a36.864 36.864 0 0 1-7.936-40.192 36.864 36.864 0 0 1 7.936-11.946667l261.376-263.381333-28.117333-28.288a18.432 18.432 0 0 1 0-26.069333l26.368-26.581334a18.218667 18.218667 0 0 1 25.856 0z m304.170667 461.653333l51.712 54.485334c28.586667 30.08 28.586667 78.890667 0 109.013333a70.912 70.912 0 0 1-51.712 22.528 70.485333 70.485333 0 0 1-51.754667-22.528 80 80 0 0 1 0-109.013333l51.754667-54.485334z m-276.522667-328.618666l-235.008 236.8 18.389333 18.56 342.186667-1.578667 63.146667-63.616-188.714667-190.165333z\" fill=\"#1D2129\">\u003C/path>\u003C/symbol>\u003Csymbol id=\"iconMount_SMB_not\" viewBox=\"0 0 1024 1024\">\u003Cpath d=\"M42.666667 111.893333a47.829333 47.829333 0 0 1 3.562666-18.346666c1.130667-2.922667 2.624-5.696 4.330667-8.298667 1.685333-2.602667 3.648-4.992 5.802667-7.296a48.448 48.448 0 0 1 15.210666-10.389333A46.890667 46.890667 0 0 1 89.6 64h321.024c9.173333 0 18.133333 2.730667 25.813333 7.893333 7.68 5.141333 13.674667 12.501333 17.28 21.141334l23.082667 54.72H934.4a48.810667 48.810667 0 0 1 17.92 3.626666 48.448 48.448 0 0 1 15.210667 10.389334c2.154667 2.325333 4.138667 4.736 5.824 7.317333 1.792 2.602667 3.2 5.397333 4.309333 8.277333a42.666667 42.666667 0 0 1 2.730667 8.938667c0.554667 3.178667 0.938667 6.250667 0.938666 9.429333V698.666667c0 3.178667-0.384 6.250667-0.938666 9.322666a41.813333 41.813333 0 0 1-2.730667 9.045334 40.661333 40.661333 0 0 1-4.309333 8.256 53.333333 53.333333 0 0 1-5.824 7.317333 48.469333 48.469333 0 0 1-15.210667 10.389333 48.704 48.704 0 0 1-17.92 3.648H89.6a48.853333 48.853333 0 0 1-18.026667-3.648 48.469333 48.469333 0 0 1-15.210666-10.389333 53.333333 53.333333 0 0 1-5.802667-7.317333 45.930667 45.930667 0 0 1-4.330667-8.256A47.829333 47.829333 0 0 1 42.666667 698.666667V111.893333z\" fill=\"#9FA9B4\">\u003C/path>\u003Cpath d=\"M193.216 192h637.482667C859.989333 192 874.666667 208.746667 874.666667 242.432v453.802667C874.666667 729.834667 859.989333 746.666667 830.72 746.666667H193.194667C163.925333 746.666667 149.333333 729.813333 149.333333 696.234667V242.432C149.333333 208.725333 163.925333 192 193.216 192z\" fill=\"#EAEAEA\">\u003C/path>\u003Cpath d=\"M89.6 256h844.8c31.253333 0 46.933333 13.205333 46.933333 39.786667v411.008C981.333333 733.376 965.653333 746.666667 934.4 746.666667H89.6C58.24 746.666667 42.666667 733.376 42.666667 706.773333V295.808C42.666667 269.226667 58.24 256 89.6 256z\" fill=\"#A5B2C4\">\u003C/path>\u003Cpath d=\"M43.178667 877.909333a20.48 20.48 0 0 1 20.778666-20.202666h903.68a20.48 20.48 0 0 1 20.778667 20.202666v47.125334a20.48 20.48 0 0 1-20.778667 20.202666H63.957333a20.48 20.48 0 0 1-20.778666-20.202666v-47.146667z\" fill=\"#86909C\">\u003C/path>\u003Cpath d=\"M470.784 748.309333h90.026667v109.397334h-90.026667v-109.397334z\" fill=\"#86909C\">\u003C/path>\u003Cpath d=\"M167.850667 526.613333l62.869333-3.946666c1.344 10.218667 4.117333 17.984 8.32 23.338666 6.784 8.64 16.512 12.970667 29.141333 12.970667 9.429333 0 16.682667-2.176 21.738667-6.570667 5.141333-4.48 7.722667-9.6 7.722667-15.445333 0-5.546667-2.432-10.496-7.296-14.869333-4.842667-4.373333-16.128-8.533333-33.834667-12.394667-28.970667-6.528-49.621333-15.168-61.973333-25.962667-12.437333-10.794667-18.666667-24.533333-18.666667-41.28 0-10.986667 3.157333-21.333333 9.472-31.061333 6.421333-9.813333 16-17.493333 28.736-23.04 12.842667-5.632 30.378667-8.448 52.650667-8.448 27.306667 0 48.128 5.098667 62.421333 15.296 14.378667 10.112 22.933333 26.24 25.664 48.426667l-62.293333 3.626666c-1.642667-9.6-5.12-16.618667-10.474667-20.992-5.248-4.373333-12.544-6.549333-21.888-6.549333-7.68 0-13.44 1.642667-17.344 4.949333a14.762667 14.762667 0 0 0-5.845333 11.818667c0 3.413333 1.621333 6.464 4.821333 9.173333 3.114667 2.837333 10.496 5.461333 22.165333 7.893334 28.885333 6.208 49.536 12.544 61.973334 18.944 12.544 6.336 21.632 14.208 27.285333 23.637333 5.738667 9.429333 8.597333 19.968 8.597333 31.637333 0 13.717333-3.797333 26.346667-11.370666 37.930667-7.594667 11.562667-18.176 20.352-31.786667 26.389333-13.610667 5.930667-30.784 8.896-51.498667 8.896-36.352 0-61.525333-6.997333-75.52-21.013333-14.016-13.994667-21.930667-31.786667-23.786666-53.354667z m226.624-143.061333h86.912l33.557333 130.069333 33.386667-130.090666h86.613333V597.333333h-53.952v-163.050666L539.136 597.333333h-48.853333l-41.706667-163.050666V597.333333h-54.101333V383.552z m282.922666 0h123.669334c20.608 0 36.416 5.098667 47.402666 15.296 11.072 10.218667 16.618667 22.848 16.618667 37.930667 0 12.629333-3.946667 23.466667-11.818667 32.512-5.248 6.037333-12.928 10.794667-23.04 14.293333 15.36 3.690667 26.645333 10.069333 33.834667 19.114667 7.296 8.938667 10.944 20.202667 10.944 33.813333 0 11.093333-2.581333 21.056-7.744 29.909333a56.917333 56.917333 0 0 1-21.12 20.992c-5.546667 3.2-13.930667 5.546667-25.109333 6.997334-14.869333 1.941333-24.746667 2.922667-29.589334 2.922666h-114.048V383.552z m66.645334 83.84h28.736c10.304 0 17.450667-1.749333 21.44-5.248 4.053333-3.605333 6.122667-8.746667 6.122666-15.445333 0-6.229333-2.048-11.093333-6.144-14.592-3.968-3.498667-10.965333-5.248-20.992-5.248h-29.162666v40.533333z m0 84.010667h33.706666c11.349333 0 19.370667-2.005333 24.042667-5.973334 4.672-4.096 6.997333-9.536 6.997333-16.341333a18.56 18.56 0 0 0-6.997333-15.168c-4.565333-3.882667-12.650667-5.845333-24.213333-5.845333h-33.536v43.306666z\" fill=\"#FFFFFF\">\u003C/path>\u003C/symbol>\u003Csymbol id=\"iconMount_DAV_not\" viewBox=\"0 0 1024 1024\">\u003Cpath d=\"M42.666667 111.893333a47.829333 47.829333 0 0 1 3.562666-18.346666c1.130667-2.922667 2.624-5.696 4.330667-8.298667 1.685333-2.602667 3.648-4.992 5.802667-7.296a48.448 48.448 0 0 1 15.210666-10.389333A46.890667 46.890667 0 0 1 89.6 64h321.024c9.173333 0 18.133333 2.730667 25.813333 7.893333 7.68 5.141333 13.674667 12.501333 17.28 21.141334l23.082667 54.72H934.4a48.810667 48.810667 0 0 1 17.92 3.626666 48.448 48.448 0 0 1 15.210667 10.389334c2.154667 2.325333 4.138667 4.736 5.824 7.317333 1.792 2.602667 3.2 5.397333 4.309333 8.277333a42.666667 42.666667 0 0 1 2.730667 8.938667c0.554667 3.178667 0.938667 6.250667 0.938666 9.429333V698.666667c0 3.178667-0.384 6.250667-0.938666 9.322666a41.813333 41.813333 0 0 1-2.730667 9.045334 40.661333 40.661333 0 0 1-4.309333 8.256 53.333333 53.333333 0 0 1-5.824 7.317333 48.469333 48.469333 0 0 1-15.210667 10.389333 48.704 48.704 0 0 1-17.92 3.648H89.6a48.853333 48.853333 0 0 1-18.026667-3.648 48.469333 48.469333 0 0 1-15.210666-10.389333 53.333333 53.333333 0 0 1-5.802667-7.317333 45.930667 45.930667 0 0 1-4.330667-8.256A47.829333 47.829333 0 0 1 42.666667 698.666667V111.893333z\" fill=\"#9FA9B4\">\u003C/path>\u003Cpath d=\"M193.216 192h637.482667C859.989333 192 874.666667 208.746667 874.666667 242.432v453.802667C874.666667 729.834667 859.989333 746.666667 830.72 746.666667H193.194667C163.925333 746.666667 149.333333 729.813333 149.333333 696.234667V242.432C149.333333 208.725333 163.925333 192 193.216 192z\" fill=\"#EAEAEA\">\u003C/path>\u003Cpath d=\"M89.6 256h844.8c31.253333 0 46.933333 13.205333 46.933333 39.786667v411.008C981.333333 733.376 965.653333 746.666667 934.4 746.666667H89.6C58.24 746.666667 42.666667 733.376 42.666667 706.773333V295.808C42.666667 269.226667 58.24 256 89.6 256z\" fill=\"#A5B2C4\">\u003C/path>\u003Cpath d=\"M43.178667 877.909333a20.48 20.48 0 0 1 20.778666-20.202666h903.68a20.48 20.48 0 0 1 20.778667 20.202666v47.125334a20.48 20.48 0 0 1-20.778667 20.202666H63.957333a20.48 20.48 0 0 1-20.778666-20.202666v-47.146667z\" fill=\"#86909C\">\u003C/path>\u003Cpath d=\"M470.784 748.309333h90.026667v109.397334h-90.026667v-109.397334z\" fill=\"#86909C\">\u003C/path>\u003Cpath d=\"M200.789333 383.552h98.133334c19.370667 0 34.965333 2.624 46.826666 7.872 11.946667 5.248 21.824 12.778667 29.610667 22.613333 7.765333 9.813333 13.418667 21.226667 16.917333 34.261334 3.498667 13.013333 5.248 26.837333 5.248 41.408 0 22.848-2.624 40.597333-7.893333 53.226666a88.021333 88.021333 0 0 1-21.568 31.658667c-9.237333 8.448-19.157333 14.08-29.76 16.917333-14.485333 3.882667-27.605333 5.824-39.36 5.824h-98.133333V383.552z m66.069334 48.405333v116.821334h16.192c13.802667 0 23.616-1.514667 29.44-4.522667 5.845333-3.114667 10.410667-8.469333 13.717333-16.042667 3.306667-7.68 4.949333-20.074667 4.949333-37.184 0-22.656-3.690667-38.186667-11.093333-46.528-7.36-8.362667-19.626667-12.544-36.736-12.544h-16.469333z m284.224 130.090667h-75.242667L465.472 597.333333h-67.52l80.362667-213.781333h72.042666L630.72 597.333333h-69.12l-10.517333-35.285333z m-13.866667-46.229333l-23.616-76.864-23.466667 76.864h47.104z m77.013333-132.266667h69.12l48.128 153.834667 47.402667-153.856h67.072L766.613333 597.333333H695.04l-80.789333-213.781333z\" fill=\"#FFFFFF\">\u003C/path>\u003C/symbol>\u003Csymbol id=\"iconMount_NFS_Online\" viewBox=\"0 0 1024 1024\">\u003Cpath d=\"M42.666667 111.893333a47.829333 47.829333 0 0 1 3.562666-18.346666c1.130667-2.922667 2.624-5.696 4.330667-8.298667 1.685333-2.602667 3.648-4.992 5.802667-7.296a48.448 48.448 0 0 1 15.210666-10.389333A46.890667 46.890667 0 0 1 89.6 64h321.024c9.173333 0 18.133333 2.730667 25.813333 7.893333 7.68 5.141333 13.674667 12.501333 17.28 21.141334l23.082667 54.72H934.4a48.810667 48.810667 0 0 1 17.92 3.626666 48.426667 48.426667 0 0 1 15.210667 10.389334c2.154667 2.325333 4.138667 4.736 5.824 7.317333 1.792 2.602667 3.2 5.397333 4.309333 8.277333a42.666667 42.666667 0 0 1 2.730667 8.938667c0.554667 3.178667 0.938667 6.250667 0.938666 9.429333V698.666667c0 3.178667-0.384 6.250667-0.938666 9.322666a41.813333 41.813333 0 0 1-2.730667 9.045334 40.661333 40.661333 0 0 1-4.309333 8.256 53.333333 53.333333 0 0 1-5.824 7.317333 48.469333 48.469333 0 0 1-15.210667 10.389333 48.704 48.704 0 0 1-17.92 3.648H89.6a48.853333 48.853333 0 0 1-18.026667-3.648 48.469333 48.469333 0 0 1-15.210666-10.389333 53.333333 53.333333 0 0 1-5.802667-7.317333 45.930667 45.930667 0 0 1-4.330667-8.256A47.829333 47.829333 0 0 1 42.666667 698.666667V111.893333z\" fill=\"#FFB02C\">\u003C/path>\u003Cpath d=\"M193.216 192h637.482667C859.989333 192 874.666667 208.746667 874.666667 242.432v453.802667C874.666667 729.834667 859.989333 746.666667 830.72 746.666667H193.194667C163.925333 746.666667 149.333333 729.813333 149.333333 696.234667V242.432C149.333333 208.725333 163.925333 192 193.216 192z\" fill=\"#FFE4BA\">\u003C/path>\u003Cpath d=\"M89.6 256h844.8c31.253333 0 46.933333 13.205333 46.933333 39.786667v411.008C981.333333 733.376 965.653333 746.666667 934.4 746.666667H89.6C58.24 746.666667 42.666667 733.376 42.666667 706.773333V295.808C42.666667 269.226667 58.24 256 89.6 256z\" fill=\"#FFCA28\">\u003C/path>\u003Cpath d=\"M43.178667 877.909333a20.48 20.48 0 0 1 20.778666-20.202666h903.68a20.48 20.48 0 0 1 20.778667 20.202666v47.125334a20.48 20.48 0 0 1-20.778667 20.202666H63.957333a20.48 20.48 0 0 1-20.778666-20.202666v-47.146667z\" fill=\"#86909C\">\u003C/path>\u003Cpath d=\"M470.784 748.309333h90.026667v109.397334h-90.026667v-109.397334z\" fill=\"#86909C\">\u003C/path>\u003Cpath d=\"M202.389333 383.552h61.696l80.490667 118.272v-118.272h62.293333V597.333333h-62.293333L264.533333 479.936V597.333333H202.389333V383.552z m248.661334 0h163.328v45.930667h-96.981334v37.333333h82.837334v43.157333h-82.837334V597.333333h-66.346666V383.552z m187.392 143.061333l62.848-3.946666c1.365333 10.218667 4.138667 17.984 8.32 23.338666 6.805333 8.64 16.512 12.970667 29.162666 12.970667 9.429333 0 16.661333-2.176 21.717334-6.570667 5.162667-4.48 7.744-9.6 7.744-15.445333 0-5.546667-2.432-10.496-7.296-14.869333-4.864-4.373333-16.149333-8.533333-33.834667-12.394667-28.970667-6.528-49.621333-15.168-61.973333-25.962667-12.458667-10.794667-18.666667-24.533333-18.666667-41.28 0-10.986667 3.157333-21.333333 9.472-31.061333 6.4-9.813333 16-17.493333 28.736-23.04 12.821333-5.632 30.378667-8.448 52.650667-8.448 27.306667 0 48.106667 5.098667 62.4 15.296 14.4 10.112 22.954667 26.24 25.664 48.426667l-62.250667 3.626666c-1.664-9.6-5.162667-16.618667-10.517333-20.992-5.248-4.373333-12.544-6.549333-21.866667-6.549333-7.68 0-13.461333 1.642667-17.365333 4.949333a14.762667 14.762667 0 0 0-5.824 11.818667c0 3.413333 1.6 6.464 4.821333 9.173333 3.093333 2.837333 10.496 5.461333 22.165333 7.893334 28.864 6.208 49.536 12.544 61.973334 18.944 12.544 6.336 21.632 14.208 27.264 23.637333 5.76 9.429333 8.618667 19.968 8.618666 31.637333 0 13.717333-3.797333 26.346667-11.392 37.930667-7.573333 11.562667-18.176 20.352-31.786666 26.389333-13.610667 5.930667-30.762667 8.896-51.477334 8.896-36.352 0-61.546667-6.997333-75.541333-21.013333-13.994667-13.994667-21.930667-31.786667-23.765333-53.354667z\" fill=\"#FFFFFF\">\u003C/path>\u003C/symbol>\u003Csymbol id=\"iconMount_DAV_Online\" viewBox=\"0 0 1024 1024\">\u003Cpath d=\"M42.666667 111.893333a47.829333 47.829333 0 0 1 3.562666-18.346666c1.130667-2.922667 2.624-5.696 4.330667-8.298667 1.685333-2.602667 3.648-4.992 5.802667-7.296a48.448 48.448 0 0 1 15.210666-10.389333A46.890667 46.890667 0 0 1 89.6 64h321.024c9.173333 0 18.133333 2.730667 25.813333 7.893333 7.68 5.141333 13.674667 12.501333 17.28 21.141334l23.082667 54.72H934.4a48.810667 48.810667 0 0 1 17.92 3.626666 48.426667 48.426667 0 0 1 15.210667 10.389334c2.154667 2.325333 4.138667 4.736 5.824 7.317333 1.792 2.602667 3.2 5.397333 4.309333 8.277333a42.666667 42.666667 0 0 1 2.730667 8.938667c0.554667 3.178667 0.938667 6.250667 0.938666 9.429333V698.666667c0 3.178667-0.384 6.250667-0.938666 9.322666a41.813333 41.813333 0 0 1-2.730667 9.045334 40.661333 40.661333 0 0 1-4.309333 8.256 53.333333 53.333333 0 0 1-5.824 7.317333 48.469333 48.469333 0 0 1-15.210667 10.389333 48.704 48.704 0 0 1-17.92 3.648H89.6a48.853333 48.853333 0 0 1-18.026667-3.648 48.469333 48.469333 0 0 1-15.210666-10.389333 53.333333 53.333333 0 0 1-5.802667-7.317333 45.930667 45.930667 0 0 1-4.330667-8.256A47.829333 47.829333 0 0 1 42.666667 698.666667V111.893333z\" fill=\"#FFB02C\">\u003C/path>\u003Cpath d=\"M193.216 192h637.482667C859.989333 192 874.666667 208.746667 874.666667 242.432v453.802667C874.666667 729.834667 859.989333 746.666667 830.72 746.666667H193.194667C163.925333 746.666667 149.333333 729.813333 149.333333 696.234667V242.432C149.333333 208.725333 163.925333 192 193.216 192z\" fill=\"#FFE4BA\">\u003C/path>\u003Cpath d=\"M89.6 256h844.8c31.253333 0 46.933333 13.205333 46.933333 39.786667v411.008C981.333333 733.376 965.653333 746.666667 934.4 746.666667H89.6C58.24 746.666667 42.666667 733.376 42.666667 706.773333V295.808C42.666667 269.226667 58.24 256 89.6 256z\" fill=\"#FFCA28\">\u003C/path>\u003Cpath d=\"M43.178667 877.909333a20.48 20.48 0 0 1 20.778666-20.202666h903.68a20.48 20.48 0 0 1 20.778667 20.202666v47.125334a20.48 20.48 0 0 1-20.778667 20.202666H63.957333a20.48 20.48 0 0 1-20.778666-20.202666v-47.146667z\" fill=\"#86909C\">\u003C/path>\u003Cpath d=\"M470.784 748.309333h90.026667v109.397334h-90.026667v-109.397334z\" fill=\"#86909C\">\u003C/path>\u003Cpath d=\"M200.789333 383.552h98.133334c19.370667 0 34.965333 2.624 46.826666 7.872 11.946667 5.248 21.824 12.778667 29.610667 22.613333 7.765333 9.813333 13.418667 21.226667 16.917333 34.261334 3.498667 13.013333 5.248 26.837333 5.248 41.408 0 22.848-2.624 40.597333-7.893333 53.226666a88.021333 88.021333 0 0 1-21.568 31.658667c-9.237333 8.448-19.157333 14.08-29.76 16.917333-14.485333 3.882667-27.605333 5.824-39.36 5.824h-98.133333V383.552z m66.069334 48.405333v116.821334h16.192c13.802667 0 23.616-1.514667 29.44-4.522667 5.845333-3.114667 10.410667-8.469333 13.717333-16.042667 3.306667-7.68 4.949333-20.074667 4.949333-37.184 0-22.656-3.690667-38.186667-11.093333-46.528-7.36-8.362667-19.626667-12.544-36.736-12.544h-16.469333z m284.224 130.090667h-75.242667L465.472 597.333333h-67.52l80.362667-213.781333h72.042666L630.72 597.333333h-69.12l-10.517333-35.285333z m-13.866667-46.229333l-23.616-76.864-23.466667 76.864h47.104z m77.013333-132.266667h69.12l48.128 153.834667 47.402667-153.856h67.072L766.613333 597.333333H695.04l-80.789333-213.781333z\" fill=\"#FFFFFF\">\u003C/path>\u003C/symbol>\u003Csymbol id=\"iconMount_SMB_Online\" viewBox=\"0 0 1024 1024\">\u003Cpath d=\"M42.666667 111.893333a47.829333 47.829333 0 0 1 3.562666-18.346666c1.130667-2.922667 2.624-5.696 4.330667-8.298667 1.685333-2.602667 3.648-4.992 5.802667-7.296a48.448 48.448 0 0 1 15.210666-10.389333A46.890667 46.890667 0 0 1 89.6 64h321.024c9.173333 0 18.133333 2.730667 25.813333 7.893333 7.68 5.141333 13.674667 12.501333 17.28 21.141334l23.082667 54.72H934.4a48.810667 48.810667 0 0 1 17.92 3.626666 48.426667 48.426667 0 0 1 15.210667 10.389334c2.154667 2.325333 4.138667 4.736 5.824 7.317333 1.792 2.602667 3.2 5.397333 4.309333 8.277333a42.666667 42.666667 0 0 1 2.730667 8.938667c0.554667 3.178667 0.938667 6.250667 0.938666 9.429333V698.666667c0 3.178667-0.384 6.250667-0.938666 9.322666a41.813333 41.813333 0 0 1-2.730667 9.045334 40.661333 40.661333 0 0 1-4.309333 8.256 53.333333 53.333333 0 0 1-5.824 7.317333 48.469333 48.469333 0 0 1-15.210667 10.389333 48.704 48.704 0 0 1-17.92 3.648H89.6a48.853333 48.853333 0 0 1-18.026667-3.648 48.469333 48.469333 0 0 1-15.210666-10.389333 53.333333 53.333333 0 0 1-5.802667-7.317333 45.930667 45.930667 0 0 1-4.330667-8.256A47.829333 47.829333 0 0 1 42.666667 698.666667V111.893333z\" fill=\"#FFB02C\">\u003C/path>\u003Cpath d=\"M193.216 192h637.482667C859.989333 192 874.666667 208.746667 874.666667 242.432v453.802667C874.666667 729.834667 859.989333 746.666667 830.72 746.666667H193.194667C163.925333 746.666667 149.333333 729.813333 149.333333 696.234667V242.432C149.333333 208.725333 163.925333 192 193.216 192z\" fill=\"#FFE4BA\">\u003C/path>\u003Cpath d=\"M89.6 256h844.8c31.253333 0 46.933333 13.205333 46.933333 39.786667v411.008C981.333333 733.376 965.653333 746.666667 934.4 746.666667H89.6C58.24 746.666667 42.666667 733.376 42.666667 706.773333V295.808C42.666667 269.226667 58.24 256 89.6 256z\" fill=\"#FFCA28\">\u003C/path>\u003Cpath d=\"M43.178667 877.909333a20.48 20.48 0 0 1 20.778666-20.202666h903.68a20.48 20.48 0 0 1 20.778667 20.202666v47.125334a20.48 20.48 0 0 1-20.778667 20.202666H63.957333a20.48 20.48 0 0 1-20.778666-20.202666v-47.146667z\" fill=\"#86909C\">\u003C/path>\u003Cpath d=\"M470.784 748.309333h90.026667v109.397334h-90.026667v-109.397334z\" fill=\"#86909C\">\u003C/path>\u003Cpath d=\"M167.850667 526.613333l62.869333-3.946666c1.344 10.218667 4.117333 17.984 8.32 23.338666 6.784 8.64 16.512 12.970667 29.141333 12.970667 9.429333 0 16.682667-2.176 21.738667-6.570667 5.141333-4.48 7.722667-9.6 7.722667-15.445333 0-5.546667-2.432-10.496-7.296-14.869333-4.842667-4.373333-16.128-8.533333-33.834667-12.394667-28.970667-6.528-49.621333-15.168-61.973333-25.962667-12.437333-10.794667-18.666667-24.533333-18.666667-41.28 0-10.986667 3.157333-21.333333 9.472-31.061333 6.421333-9.813333 16-17.493333 28.736-23.04 12.842667-5.632 30.378667-8.448 52.650667-8.448 27.306667 0 48.128 5.098667 62.421333 15.296 14.378667 10.112 22.933333 26.24 25.664 48.426667l-62.293333 3.626666c-1.642667-9.6-5.12-16.618667-10.474667-20.992-5.248-4.373333-12.544-6.549333-21.888-6.549333-7.68 0-13.44 1.642667-17.344 4.949333a14.762667 14.762667 0 0 0-5.845333 11.818667c0 3.413333 1.621333 6.464 4.821333 9.173333 3.114667 2.837333 10.496 5.461333 22.165333 7.893334 28.885333 6.208 49.536 12.544 61.973334 18.944 12.544 6.336 21.632 14.208 27.285333 23.637333 5.738667 9.429333 8.597333 19.968 8.597333 31.637333 0 13.717333-3.797333 26.346667-11.370666 37.930667-7.594667 11.562667-18.176 20.352-31.786667 26.389333-13.610667 5.930667-30.784 8.896-51.498667 8.896-36.352 0-61.525333-6.997333-75.52-21.013333-14.016-13.994667-21.930667-31.786667-23.786666-53.354667z m226.624-143.061333h86.912l33.557333 130.069333 33.386667-130.090666h86.613333V597.333333h-53.952v-163.050666L539.136 597.333333h-48.853333l-41.706667-163.050666V597.333333h-54.101333V383.552z m282.922666 0h123.669334c20.608 0 36.416 5.098667 47.402666 15.296 11.072 10.218667 16.618667 22.848 16.618667 37.930667 0 12.629333-3.946667 23.466667-11.818667 32.512-5.248 6.037333-12.928 10.794667-23.04 14.293333 15.36 3.690667 26.645333 10.069333 33.834667 19.114667 7.296 8.938667 10.944 20.202667 10.944 33.813333 0 11.093333-2.581333 21.056-7.744 29.909333a56.917333 56.917333 0 0 1-21.12 20.992c-5.546667 3.2-13.930667 5.546667-25.109333 6.997334-14.869333 1.941333-24.746667 2.922667-29.589334 2.922666h-114.048V383.552z m66.645334 83.84h28.736c10.304 0 17.450667-1.749333 21.44-5.248 4.053333-3.605333 6.122667-8.746667 6.122666-15.445333 0-6.229333-2.048-11.093333-6.144-14.592-3.968-3.498667-10.965333-5.248-20.992-5.248h-29.162666v40.533333z m0 84.010667h33.706666c11.349333 0 19.370667-2.005333 24.042667-5.973334 4.672-4.096 6.997333-9.536 6.997333-16.341333a18.56 18.56 0 0 0-6.997333-15.168c-4.565333-3.882667-12.650667-5.845333-24.213333-5.845333h-33.536v43.306666z\" fill=\"#FFFFFF\">\u003C/path>\u003C/symbol>\u003Csymbol id=\"iconMount_NFS_not\" viewBox=\"0 0 1024 1024\">\u003Cpath d=\"M42.666667 111.893333a47.829333 47.829333 0 0 1 3.562666-18.346666c1.130667-2.922667 2.624-5.696 4.330667-8.298667 1.685333-2.602667 3.648-4.992 5.802667-7.296a48.448 48.448 0 0 1 15.210666-10.389333A46.890667 46.890667 0 0 1 89.6 64h321.024c9.173333 0 18.133333 2.730667 25.813333 7.893333 7.68 5.141333 13.674667 12.501333 17.28 21.141334l23.082667 54.72H934.4a48.810667 48.810667 0 0 1 17.92 3.626666 48.448 48.448 0 0 1 15.210667 10.389334c2.154667 2.325333 4.138667 4.736 5.824 7.317333 1.792 2.602667 3.2 5.397333 4.309333 8.277333a42.666667 42.666667 0 0 1 2.730667 8.938667c0.554667 3.178667 0.938667 6.250667 0.938666 9.429333V698.666667c0 3.178667-0.384 6.250667-0.938666 9.322666a41.813333 41.813333 0 0 1-2.730667 9.045334 40.661333 40.661333 0 0 1-4.309333 8.256 53.333333 53.333333 0 0 1-5.824 7.317333 48.469333 48.469333 0 0 1-15.210667 10.389333 48.704 48.704 0 0 1-17.92 3.648H89.6a48.853333 48.853333 0 0 1-18.026667-3.648 48.469333 48.469333 0 0 1-15.210666-10.389333 53.333333 53.333333 0 0 1-5.802667-7.317333 45.930667 45.930667 0 0 1-4.330667-8.256A47.829333 47.829333 0 0 1 42.666667 698.666667V111.893333z\" fill=\"#9FA9B4\">\u003C/path>\u003Cpath d=\"M193.216 192h637.482667C859.989333 192 874.666667 208.746667 874.666667 242.432v453.802667C874.666667 729.834667 859.989333 746.666667 830.72 746.666667H193.194667C163.925333 746.666667 149.333333 729.813333 149.333333 696.234667V242.432C149.333333 208.725333 163.925333 192 193.216 192z\" fill=\"#EAEAEA\">\u003C/path>\u003Cpath d=\"M89.6 256h844.8c31.253333 0 46.933333 13.205333 46.933333 39.786667v411.008C981.333333 733.376 965.653333 746.666667 934.4 746.666667H89.6C58.24 746.666667 42.666667 733.376 42.666667 706.773333V295.808C42.666667 269.226667 58.24 256 89.6 256z\" fill=\"#A5B2C4\">\u003C/path>\u003Cpath d=\"M43.178667 877.909333a20.48 20.48 0 0 1 20.778666-20.202666h903.68a20.48 20.48 0 0 1 20.778667 20.202666v47.125334a20.48 20.48 0 0 1-20.778667 20.202666H63.957333a20.48 20.48 0 0 1-20.778666-20.202666v-47.146667z\" fill=\"#86909C\">\u003C/path>\u003Cpath d=\"M470.784 748.309333h90.026667v109.397334h-90.026667v-109.397334z\" fill=\"#86909C\">\u003C/path>\u003Cpath d=\"M202.389333 383.552h61.696l80.490667 118.272v-118.272h62.293333V597.333333h-62.293333L264.533333 479.936V597.333333H202.389333V383.552z m248.661334 0h163.328v45.930667h-96.981334v37.333333h82.837334v43.157333h-82.837334V597.333333h-66.346666V383.552z m187.392 143.061333l62.848-3.946666c1.365333 10.218667 4.138667 17.984 8.32 23.338666 6.805333 8.64 16.512 12.970667 29.162666 12.970667 9.429333 0 16.661333-2.176 21.717334-6.570667 5.162667-4.48 7.744-9.6 7.744-15.445333 0-5.546667-2.432-10.496-7.296-14.869333-4.864-4.373333-16.149333-8.533333-33.834667-12.394667-28.970667-6.528-49.621333-15.168-61.973333-25.962667-12.458667-10.794667-18.666667-24.533333-18.666667-41.28 0-10.986667 3.157333-21.333333 9.472-31.061333 6.4-9.813333 16-17.493333 28.736-23.04 12.821333-5.632 30.378667-8.448 52.650667-8.448 27.306667 0 48.106667 5.098667 62.4 15.296 14.4 10.112 22.954667 26.24 25.664 48.426667l-62.250667 3.626666c-1.664-9.6-5.162667-16.618667-10.517333-20.992-5.248-4.373333-12.544-6.549333-21.866667-6.549333-7.68 0-13.461333 1.642667-17.365333 4.949333a14.762667 14.762667 0 0 0-5.824 11.818667c0 3.413333 1.6 6.464 4.821333 9.173333 3.093333 2.837333 10.496 5.461333 22.165333 7.893334 28.864 6.208 49.536 12.544 61.973334 18.944 12.544 6.336 21.632 14.208 27.264 23.637333 5.76 9.429333 8.618667 19.968 8.618666 31.637333 0 13.717333-3.797333 26.346667-11.392 37.930667-7.573333 11.562667-18.176 20.352-31.786666 26.389333-13.610667 5.930667-30.762667 8.896-51.477334 8.896-36.352 0-61.546667-6.997333-75.541333-21.013333-13.994667-13.994667-21.930667-31.786667-23.765333-53.354667z\" fill=\"#FFFFFF\">\u003C/path>\u003C/symbol>\u003Csymbol id=\"iconCloud_Drive_Online\" viewBox=\"0 0 1024 1024\">\u003Cpath d=\"M0 0m170.666667 0l682.666666 0q170.666667 0 170.666667 170.666667l0 682.666666q0 170.666667-170.666667 170.666667l-682.666666 0q-170.666667 0-170.666667-170.666667l0-682.666666q0-170.666667 170.666667-170.666667Z\" fill=\"#EEF6FF\">\u003C/path>\u003Cpath d=\"M858.901333 640.042667H165.354667c-44.949333-1.066667-60.202667 25.898667-80 44.437333l121.088-469.056c1.941333-3.861333 1.941333-7.765333 3.904-11.648l1.92-5.824c9.813333-17.493333 27.349333-29.162667 48.853333-29.162667H761.173333c17.578667 1.962667 35.157333 13.610667 42.965334 29.162667l1.941333 3.861333c1.962667 5.845333 3.904 9.749333 3.904 13.610667l128.96 469.056c-20.842667-18.538667-47.637333-44.458667-80-44.458667zM595.626667 421.909333c0-41.6-37.376-75.306667-83.498667-75.306666s-83.52 33.706667-83.52 75.306666c-42.24 0-76.522667 30.890667-76.522667 69.034667 0 38.122667 34.282667 69.034667 76.522667 69.034667h167.018667c42.282667 0 76.565333-30.912 76.565333-69.034667 0-38.144-34.282667-69.034667-76.565333-69.034667zM165.354667 666.709333h693.546666c39.04 0 81.92 35.690667 79.978667 72.618667 0 38.848-31.232 87.424-70.314667 87.424H155.648C116.565333 826.752 85.333333 776.234667 85.333333 739.328c0-36.928 40.96-72.618667 80.021334-72.618667z m666.88 106.688a26.666667 26.666667 0 1 0 0-53.333333 26.666667 26.666667 0 0 0 0 53.333333z m-106.709334 0a26.666667 26.666667 0 1 0 0-53.333333 26.666667 26.666667 0 0 0 0 53.333333z m-106.688 0a26.666667 26.666667 0 1 0 0-53.290666 26.666667 26.666667 0 0 0 0 53.290666z\" fill=\"#4EA3FF\">\u003C/path>\u003C/symbol>\u003Csymbol id=\"iconCloud_Drive_not\" viewBox=\"0 0 1024 1024\">\u003Cpath d=\"M0 0m170.666667 0l682.666666 0q170.666667 0 170.666667 170.666667l0 682.666666q0 170.666667-170.666667 170.666667l-682.666666 0q-170.666667 0-170.666667-170.666667l0-682.666666q0-170.666667 170.666667-170.666667Z\" fill=\"#F7F8FA\">\u003C/path>\u003Cpath d=\"M858.901333 640.042667H165.354667c-44.949333-1.066667-60.202667 25.898667-80 44.437333l121.088-469.056c1.941333-3.861333 1.941333-7.765333 3.904-11.648l1.92-5.824c9.813333-17.493333 27.349333-29.162667 48.853333-29.162667H761.173333c17.578667 1.962667 35.157333 13.610667 42.965334 29.162667l1.941333 3.861333c1.962667 5.845333 3.904 9.749333 3.904 13.610667l128.96 469.056c-20.842667-18.538667-47.637333-44.458667-80-44.458667zM595.626667 421.909333c0-41.6-37.376-75.306667-83.498667-75.306666s-83.52 33.706667-83.52 75.306666c-42.24 0-76.522667 30.890667-76.522667 69.034667 0 38.122667 34.282667 69.034667 76.522667 69.034667h167.018667c42.282667 0 76.565333-30.912 76.565333-69.034667 0-38.144-34.282667-69.034667-76.565333-69.034667zM165.354667 666.709333h693.546666c39.04 0 81.92 35.690667 79.978667 72.618667 0 38.848-31.232 87.424-70.314667 87.424H155.648C116.565333 826.752 85.333333 776.234667 85.333333 739.328c0-36.928 40.96-72.618667 80.021334-72.618667z m666.88 106.688a26.666667 26.666667 0 1 0 0-53.333333 26.666667 26.666667 0 0 0 0 53.333333z m-106.709334 0a26.666667 26.666667 0 1 0 0-53.333333 26.666667 26.666667 0 0 0 0 53.333333z m-106.688 0a26.666667 26.666667 0 1 0 0-53.290666 26.666667 26.666667 0 0 0 0 53.290666z\" fill=\"#A4ACB6\">\u003C/path>\u003C/symbol>\u003Csymbol id=\"iconfail_Full\" viewBox=\"0 0 1024 1024\">\u003Cpath d=\"M512 0C229.184 0 0 229.184 0 512s229.184 512 512 512 512-229.184 512-512S794.816 0 512 0z m157.994667 618.304l49.728 50.709333c-16.576 17.557333-33.152 35.114667-50.709334 52.672-52.672-52.672-104.341333-105.344-157.013333-157.013333-51.690667 52.650667-103.381333 105.322667-156.032 157.973333-17.557333-17.557333-34.133333-34.133333-50.709333-51.690666l49.728-51.669334c35.114667-36.096 70.208-71.210667 105.322666-107.285333a11996.202667 11996.202667 0 0 1-156.032-158.954667c16.576-16.597333 33.152-32.192 49.728-50.730666L512 460.309333c52.672-52.650667 104.341333-105.322667 157.013333-158.954666 16.576 17.557333 33.152 34.133333 50.709334 49.728-51.690667 54.613333-104.341333 107.285333-156.032 160.917333 35.114667 35.114667 71.189333 70.208 106.304 106.304z\" fill=\"#C53709\">\u003C/path>\u003C/symbol>\u003Csymbol id=\"iconForum\" viewBox=\"0 0 1024 1024\">\u003Cpath d=\"M512 85.333333c235.648 0 426.666667 191.018667 426.666667 426.666667s-191.018667 426.666667-426.666667 426.666667H128a42.666667 42.666667 0 0 1-42.666667-42.666667v-384C85.333333 276.352 276.352 85.333333 512 85.333333z m0 81.28A345.386667 345.386667 0 0 0 166.613333 512v345.386667H512a345.386667 345.386667 0 1 0 0-690.773334z m14.592 203.178667c9.045333 0 12.373333 0.938667 15.658667 2.688a18.432 18.432 0 0 1 7.68 7.68c1.792 3.328 2.688 6.613333 2.688 15.658667v272.981333c0 9.088-0.896 12.373333-2.688 15.658667a18.474667 18.474667 0 0 1-7.68 7.68c-3.328 1.792-6.613333 2.730667-15.658667 2.730666h-29.184c-9.045333 0-12.373333-0.938667-15.658667-2.730666a18.474667 18.474667 0 0 1-7.68-7.68c-1.792-3.285333-2.688-6.570667-2.688-15.658667V395.818667c0-9.045333 0.896-12.373333 2.688-15.658667a18.432 18.432 0 0 1 7.68-7.68c3.328-1.749333 6.613333-2.688 15.658667-2.688h29.184z m162.56 60.928c9.045333 0 12.288 0.938667 15.616 2.730667a18.432 18.432 0 0 1 7.68 7.68c1.792 3.285333 2.730667 6.570667 2.730667 15.658666v130.773334c0 9.045333-0.938667 12.330667-2.730667 15.616a18.432 18.432 0 0 1-7.68 7.68c-3.328 1.792-6.570667 2.730667-15.658667 2.730666h-29.141333c-9.088 0-12.373333-0.938667-15.658667-2.730666a18.389333 18.389333 0 0 1-7.68-7.68c-1.792-3.285333-2.730667-6.570667-2.730666-15.658667v-130.730667c0-9.088 0.938667-12.373333 2.730666-15.658666a18.432 18.432 0 0 1 7.68-7.68c3.285333-1.792 6.570667-2.730667 15.658667-2.730667h29.141333z m-325.12 0c9.088 0 12.373333 0.938667 15.658667 2.730667a18.432 18.432 0 0 1 7.68 7.68c1.792 3.285333 2.730667 6.570667 2.730666 15.658666v130.773334c0 9.045333-0.938667 12.330667-2.730666 15.616a18.432 18.432 0 0 1-7.68 7.68c-3.285333 1.792-6.570667 2.730667-15.658667 2.730666H334.933333c-9.088 0-12.373333-0.938667-15.658666-2.730666a18.432 18.432 0 0 1-7.68-7.68c-1.792-3.285333-2.730667-6.570667-2.730667-15.658667v-130.730667c0-9.088 0.938667-12.373333 2.730667-15.658666a18.474667 18.474667 0 0 1 7.68-7.68c3.285333-1.792 6.570667-2.730667 15.658666-2.730667h29.141334z\" fill=\"#1D2129\">\u003C/path>\u003C/symbol>\u003Csymbol id=\"iconDebug_mode\" viewBox=\"0 0 1024 1024\">\u003Cpath d=\"M704 269.568a185.173333 185.173333 0 0 0-53.418667-130.261333A181.461333 181.461333 0 0 0 521.6 85.333333h-19.2a181.461333 181.461333 0 0 0-128.981333 53.973334A185.173333 185.173333 0 0 0 320 269.568v9.685333h76.8v-9.685333c0-28.288 11.093333-55.424 30.933333-75.434667a105.088 105.088 0 0 1 74.666667-31.232h19.2c27.989333 0 54.869333 11.264 74.666667 31.232 19.797333 20.053333 30.933333 47.146667 30.933333 75.434667v9.685333h76.8v-9.685333z m-486.144 571.733333c7.125333-11.776 17.066667-20.565333 30.378667-26.837333 9.130667-4.309333 18.176-7.253333 32.426666-9.045333l0.170667 0.426666C327.722667 885.333333 413.696 938.666667 512 938.666667c98.986667 0 185.429333-54.016 232.106667-134.485334l-0.725334 1.28c14.208 1.749333 23.253333 4.693333 32.426667 9.002667 13.269333 6.272 23.210667 15.061333 30.293333 26.837333 7.936 13.056 11.690667 25.984 12.757334 58.538667h76.757333c-1.749333-51.2-9.429333-73.088-22.4-95.146667a148.906667 148.906667 0 0 0-64.512-58.666666 166.826667 166.826667 0 0 0-35.84-12.970667l0.256-1.237333c4.992-20.736 7.68-42.368 7.68-64.682667v-58.154667h90.581333c8.533333 0 11.648-0.896 14.805334-2.602666a17.493333 17.493333 0 0 0 7.253333-7.338667c1.706667-3.157333 2.56-6.272 2.56-14.933333v-27.861334c0-8.661333-0.853333-11.776-2.56-14.933333a17.493333 17.493333 0 0 0-7.253333-7.296c-3.157333-1.706667-6.229333-2.645333-14.805334-2.645333H780.8V394.922667c23.765333-1.664 40.234667-6.272 55.168-13.525334 19.114667-9.301333 34.133333-22.954667 44.373333-40.32 9.344-15.914667 14.72-33.749333 15.530667-61.781333h-85.333333c-0.512 13.397333-2.304 19.84-5.461334 25.173333a20.608 20.608 0 0 1-9.344 8.533334c-6.997333 3.413333-15.616 5.077333-36.608 5.077333H264.832c-20.992 0-29.610667-1.706667-36.608-5.12a20.48 20.48 0 0 1-9.386667-8.448c-3.114667-5.376-4.949333-11.818667-5.418666-25.216h-85.333334c0.853333 28.032 6.186667 45.866667 15.530667 61.738667a102.4 102.4 0 0 0 44.373333 40.362666c14.933333 7.253333 31.445333 11.861333 55.168 13.525334v136.448H152.618667c-8.533333 0-11.648 0.896-14.805334 2.602666a17.493333 17.493333 0 0 0-7.253333 7.338667c-1.706667 3.157333-2.56 6.314667-2.56 14.933333v27.861334c0 8.661333 0.853333 11.776 2.56 14.933333a17.493333 17.493333 0 0 0 7.253333 7.338667c3.157333 1.706667 6.229333 2.56 14.805334 2.56H243.2v58.197333c0 22.314667 2.688 43.946667 7.68 64.682667l0.298667 1.237333-0.853334 0.213333-6.528 1.706667c-9.813333 2.858667-19.328 6.528-28.501333 11.093333a148.864 148.864 0 0 0-64.512 58.624c-12.970667 22.058667-20.650667 43.946667-22.4 95.146667h76.8c1.024-32.597333 4.736-45.482667 12.672-58.538667z m35.413333-100.138666l-2.090666-8.106667c0.682667 2.688 1.365333 5.418667 2.133333 8.106667z m490.112 64.256c1.706667-2.986667 3.413333-5.973333 5.034667-8.96l-1.92 3.498666-2.389333 4.266667 0.597333-1.109333-1.28 2.304zM320 395.648h384v271.488c0 93.866667-65.962667 172.117333-153.6 190.08v-364.629333a19.498667 19.498667 0 0 0-5.632-13.696 19.114667 19.114667 0 0 0-13.568-5.674667h-38.4a19.114667 19.114667 0 0 0-13.568 5.674667 19.498667 19.498667 0 0 0-5.632 13.738666v364.586667c-87.637333-18.005333-153.6-96.256-153.6-190.08V395.648z m442.24 370.858667l-0.170667 0.426666 0.341334-0.896-0.170667 0.469334z m-505.770667-14.933334a238.933333 238.933333 0 0 1-0.682666-2.133333l0.682666 2.133333z\" fill=\"#1D2129\">\u003C/path>\u003C/symbol>\u003Csymbol id=\"iconProblem_report\" viewBox=\"0 0 1024 1024\">\u003Cpath d=\"M899.84 128c10.325333 0 20.181333 4.053333 27.477333 11.264 7.253333 7.168 11.349333 16.938667 11.349334 27.136v192a38.186667 38.186667 0 0 1-11.349334 27.136 38.997333 38.997333 0 0 1-27.434666 11.264h-38.826667v460.8a38.229333 38.229333 0 0 1-11.306667 27.136 38.997333 38.997333 0 0 1-27.434666 11.264H201.685333a38.997333 38.997333 0 0 1-27.434666-11.264 38.186667 38.186667 0 0 1-11.349334-27.136V396.8H124.16a38.997333 38.997333 0 0 1-27.434667-11.264A38.186667 38.186667 0 0 1 85.333333 358.4V166.4c0-10.197333 4.096-19.968 11.349334-27.136A38.997333 38.997333 0 0 1 124.16 128h775.765333z m-116.309333 268.8H240.469333v422.4h543.061334V396.8z m-135.765334 76.8c5.12 0 10.069333 2.005333 13.696 5.632a19.114667 19.114667 0 0 1 5.674667 13.568v38.4c0 5.12-2.005333 9.984-5.674667 13.568a19.498667 19.498667 0 0 1-13.696 5.632H376.234667a19.498667 19.498667 0 0 1-13.696-5.632 19.114667 19.114667 0 0 1-5.674667-13.568v-38.4c0-5.12 2.048-9.984 5.674667-13.568a19.498667 19.498667 0 0 1 13.696-5.632h271.530666z m213.333334-268.8H162.901333v115.2h698.197334V204.8z\" fill=\"#1D2129\">\u003C/path>\u003C/symbol>\u003Csymbol id=\"iconHelp_Support\" viewBox=\"0 0 1024 1024\">\u003Cpath d=\"M512 85.333333c235.648 0 426.666667 191.018667 426.666667 426.666667s-191.018667 426.666667-426.666667 426.666667S85.333333 747.648 85.333333 512 276.352 85.333333 512 85.333333z m0 77.568a349.098667 349.098667 0 1 0 0 698.197334 349.098667 349.098667 0 0 0 0-698.197334z m19.370667 504.234667a19.413333 19.413333 0 0 1 19.413333 19.413333V725.333333a19.413333 19.413333 0 0 1-19.413333 19.370667h-38.784a19.370667 19.370667 0 0 1-19.370667-19.370667v-38.826666a19.413333 19.413333 0 0 1 19.413333-19.370667h38.784z m-24.874667-387.84c46.08 0 84.394667 11.136 114.901333 33.450667 30.506667 22.4 45.738667 55.466667 45.738667 99.285333 0 26.88-6.613333 49.493333-19.882667 67.925333-7.765333 11.136-22.613333 25.386667-44.672 42.794667l-21.717333 17.066667c-11.818667 9.301333-19.712 20.181333-23.594667 32.554666-1.024 3.413333-1.962667 9.685333-2.773333 18.901334a19.413333 19.413333 0 0 1-19.285333 17.706666h-43.477334a19.413333 19.413333 0 0 1-19.370666-19.413333v-0.853333l0.085333-0.938667c2.517333-26.965333 5.162667-44.074667 8.021333-51.2 5.333333-13.354667 18.986667-28.714667 41.002667-46.08l22.357333-17.706667c7.338667-5.546667 45.184-32.213333 45.184-55.808s-4.096-32.298667-15.957333-45.226666c-11.818667-12.928-38.528-17.109333-62.592-17.109334-23.68 0-43.904 6.272-53.76 22.186667a112.341333 112.341333 0 0 0-11.050667 23.296c-1.28 3.84-2.176 7.850667-2.816 11.904a19.370667 19.370667 0 0 1-19.114666 16.085333H378.026667a19.370667 19.370667 0 0 1-19.413334-19.370666v-1.066667l0.128-1.109333c0.469333-4.352 0.981333-7.978667 1.536-10.837334 7.552-42.112 26.666667-73.045333 57.429334-92.885333 24.064-15.701333 53.674667-23.594667 88.746666-23.594667z\" fill=\"#1D2129\">\u003C/path>\u003C/symbol>\u003Csymbol id=\"iconReduce_tag\" viewBox=\"0 0 1024 1024\">\u003Cpath d=\"M899.84 85.333333a37.12 37.12 0 0 1 27.477333 12.501334c7.253333 7.978667 11.349333 18.858667 11.349334 30.165333v768c0 11.306667-4.096 22.186667-11.349334 30.165333a37.12 37.12 0 0 1-27.434666 12.501334H124.117333a37.12 37.12 0 0 1-27.434666-12.501334A44.928 44.928 0 0 1 85.333333 896V128c0-11.306667 4.096-22.186667 11.349334-30.165333A37.12 37.12 0 0 1 124.16 85.333333h775.765333z m-38.741333 85.333334H162.901333v682.666666h698.197334V170.666667z\" fill=\"#1D2129\">\u003C/path>\u003Cpath d=\"M719.104 475.562667A21.333333 21.333333 0 0 1 725.333333 490.666667v42.666666a21.333333 21.333333 0 0 1-21.333333 21.333334h-384a21.333333 21.333333 0 0 1-21.333333-21.333334v-42.666666a21.333333 21.333333 0 0 1 21.333333-21.333334h384a21.333333 21.333333 0 0 1 15.104 6.229334z\" fill=\"#1D2129\">\u003C/path>\u003C/symbol>\u003Csymbol id=\"iconnav_remove_folder\" viewBox=\"0 0 1024 1024\">\u003Cpath d=\"M396.672 128c10.325333 0 20.181333 3.925333 27.477333 10.922667a36.608 36.608 0 0 1 11.392 26.410666v46.677334h428.074667c10.325333 0 20.224 3.925333 27.52 10.922666a36.650667 36.650667 0 0 1 11.392 26.410667V576H824.746667V426.666667H163.157333v363.989333h291.84v74.666667H124.245333a39.765333 39.765333 0 0 1-27.477333-10.922667 36.650667 36.650667 0 0 1-11.434667-26.410667V165.333333c0-9.898667 4.138667-19.413333 11.434667-26.453333A39.765333 39.765333 0 0 1 124.245333 128h272.426667zM163.157333 352H824.746667V286.677333H357.76V202.666667h-194.56v149.333333z\" fill=\"#1D2129\">\u003C/path>\u003Cpath d=\"M737.237333 569.301333c73.685333 0 134.4 57.173333 142.549334 130.730667A102.570667 102.570667 0 0 1 938.666667 793.6c0 56.106667-43.861333 101.674667-98.176 102.4h-227.925334c-60.458667 0-109.525333-50.474667-109.525333-112.768 0-58.197333 42.837333-106.112 97.749333-112.170667 18.773333-59.050667 72.789333-101.76 136.448-101.76z m0 72.618667c-30.378667 0-57.557333 20.565333-67.242666 51.157333l-14.293334 44.970667-46.933333 5.205333c-18.261333 1.962667-33.109333 18.901333-33.109333 39.978667 0 22.613333 17.024 40.192 36.949333 40.192h226.944c14.208-0.213333 26.496-13.013333 26.496-29.866667 0-12.373333-6.826667-23.04-16.64-27.562666l-37.205333-17.152-4.565334-40.746667c-4.224-37.930667-34.773333-66.176-70.4-66.176z\" fill=\"#1D2129\">\u003C/path>\u003C/symbol>\u003Csymbol id=\"iconfile_favourite\" viewBox=\"0 0 1024 1024\">\u003Cpath d=\"M704 106.666667c129.621333 0 234.666667 109.568 234.666667 262.912 0 306.773333-320 482.005333-426.666667 547.754666C405.333333 851.626667 85.333333 676.309333 85.333333 369.578667 85.333333 216.234667 192 106.666667 320 106.666667c79.36 0 149.333333 43.818667 192 87.637333C554.666667 150.485333 624.64 106.666667 704 106.666667z m-152.149333 683.776a1141.76 1141.76 0 0 0 103.253333-74.538667C782.293333 612.053333 853.333333 498.56 853.333333 369.578667c0-103.424-65.578667-175.274667-149.333333-175.274667-45.909333 0-95.573333 24.96-131.669333 61.952L512 318.208l-60.330667-61.952C415.573333 219.306667 365.909333 194.304 320 194.304c-82.773333 0-149.333333 72.533333-149.333333 175.274667 0 129.024 71.082667 242.474667 198.186666 346.325333 31.786667 25.984 65.706667 50.218667 103.296 74.496 12.757333 8.277333 25.386667 16.213333 39.850667 25.045333 14.464-8.832 27.093333-16.768 39.850667-25.002666z\" fill=\"#1D2129\">\u003C/path>\u003C/symbol>\u003Csymbol id=\"iconremote_folder\" viewBox=\"0 0 1024 1024\">\u003Cpath d=\"M796.458667 85.333333a20.309333 20.309333 0 0 1 20.309333 20.309334v410.154666a208.298667 208.298667 0 0 0-81.28-23.466666V166.570667H166.613333v690.773333h209.493334A169.045333 169.045333 0 0 0 426.709333 938.666667H105.642667A20.309333 20.309333 0 0 1 85.333333 918.314667V105.642667A20.309333 20.309333 0 0 1 105.642667 85.333333h690.773333z m-83.285334 487.594667c82.474667 0 150.442667 64 159.573334 146.346667A114.816 114.816 0 0 1 938.666667 824.021333c0 62.848-49.066667 113.877333-109.909334 114.688h-255.146666c-67.626667 0-122.581333-56.533333-122.581334-126.293333 0-65.109333 47.914667-118.741333 109.44-125.525333 21.034667-66.133333 81.493333-113.92 152.746667-113.92z m0 81.28c-34.005333 0-64.426667 23.04-75.264 57.258667l-16 50.346666-52.565333 5.802667c-20.394667 2.261333-37.034667 21.205333-37.034667 44.8 0 25.344 19.072 44.970667 41.386667 44.970667h253.994667c15.914667-0.213333 29.696-14.592 29.696-33.408a33.621333 33.621333 0 0 0-18.645334-30.848l-41.642666-19.2-5.12-45.653334c-4.693333-42.410667-38.954667-74.069333-78.805334-74.069333z m-282.453333-203.178667a20.309333 20.309333 0 0 1 20.181333 17.92l0.128 2.389334V512l-0.128 2.389333a20.309333 20.309333 0 0 1-17.792 17.792l-2.389333 0.128H308.821333l-2.389333-0.128a20.309333 20.309333 0 0 1-17.792-17.834666L288.512 512v-40.661333l0.128-2.346667a20.309333 20.309333 0 0 1 17.792-17.792l2.389333-0.170667h121.898667z m162.56-162.56a20.309333 20.309333 0 0 1 20.181333 17.962667l0.128 2.389333v40.618667l-0.128 2.389333a20.309333 20.309333 0 0 1-17.834666 17.792l-2.346667 0.170667H308.821333l-2.389333-0.170667a20.309333 20.309333 0 0 1-17.792-17.792l-0.128-2.389333v-40.618667l0.128-2.389333a20.309333 20.309333 0 0 1 17.792-17.792l2.389333-0.128h284.458667z\" fill=\"#1D2129\">\u003C/path>\u003C/symbol>\u003Csymbol id=\"iconfile_favorites_Remove\" viewBox=\"0 0 1024 1024\">\u003Cpath d=\"M692.608 128C827.904 128 938.581333 252.330667 938.666667 404.266667c0 36.821333-6.698667 73.344-19.84 107.733333h-93.184c18.986667-37.376 27.690667-69.674667 27.690666-107.690667C853.248 297.386667 778.410667 213.333333 692.608 213.333333c-50.688 0-110.72 46.293333-180.181333 138.965334C442.154667 259.669333 381.909333 213.333333 331.776 213.333333 245.248 213.333333 170.666667 296.917333 170.666667 404.266667c0 47.146667 13.397333 85.504 43.093333 135.552 4.224 7.04 7.594667 12.586667 15.701333 25.6 4.992 8.192 10.666667 16.682667 16.981334 25.429333 27.392 38.058667 65.408 79.786667 111.232 123.349333 37.12 35.072 75.733333 68.522667 115.712 100.309334 11.008 8.832 26.026667 20.48 38.4 29.994666l0.213333-0.213333V938.666667h-0.213333a48.853333 48.853333 0 0 1-31.744-11.136c-9.685333-7.808-231.466667-168.192-323.285334-317.397334C125.013333 559.061333 85.333333 495.274667 85.333333 404.266667 85.333333 251.733333 195.882667 128 331.776 128c45.909333 0 85.802667 14.506667 120.405333 40.277333 20.736 16.128 40.704 36.906667 59.946667 62.378667a245.333333 245.333333 0 0 1 59.861333-62.378667A197.845333 197.845333 0 0 1 692.608 128z\" fill=\"#1D2129\">\u003C/path>\u003Cpath d=\"M646.826667 586.453333c-6.741333-6.698667-9.898667-8.448-13.653334-9.6a19.328 19.328 0 0 0-11.392 0c-3.797333 1.152-6.912 2.901333-13.653333 9.642667l-21.674667 21.632c-6.698667 6.741333-8.448 9.856-9.557333 13.653333a19.328 19.328 0 0 0 0 11.392c1.109333 3.797333 2.816 6.912 9.557333 13.653334l101.376 101.333333-101.333333 101.333333c-6.784 6.741333-8.490667 9.856-9.642667 13.653334a19.328 19.328 0 0 0 0 11.392c1.152 3.754667 2.901333 6.912 9.642667 13.653333l21.632 21.632c6.741333 6.741333 9.856 8.490667 13.653333 9.6 3.669333 1.152 7.68 1.152 11.349334 0 3.84-1.109333 6.954667-2.858667 13.653333-9.6l101.376-101.333333 101.333333 101.333333c6.698667 6.741333 9.856 8.490667 13.653334 9.6 3.712 1.152 7.68 1.152 11.392 0 3.754667-1.109333 6.912-2.858667 13.653333-9.6l21.632-21.632c6.698667-6.741333 8.448-9.898667 9.6-13.653333a19.328 19.328 0 0 0 0-11.392c-1.109333-3.797333-2.858667-6.912-9.6-13.653334l-101.333333-101.333333 101.333333-101.333333c6.698667-6.741333 8.448-9.856 9.6-13.653334a19.328 19.328 0 0 0 0-11.392c-1.109333-3.797333-2.858667-6.912-9.6-13.653333l-21.674667-21.674667c-6.698667-6.698667-9.856-8.448-13.653333-9.6a19.328 19.328 0 0 0-11.349333 0c-3.797333 1.152-6.954667 2.901333-13.653334 9.6l-101.333333 101.333334-101.376-101.333334z\" fill=\"#1D2129\">\u003C/path>\u003C/symbol>\u003Csymbol id=\"iconfile_big\" viewBox=\"0 0 1024 1024\">\u003Cpath d=\"M899.84 758.186667a38.485333 38.485333 0 0 0 27.477333-11.562667 39.68 39.68 0 0 0 11.349334-27.861333V167.381333a39.68 39.68 0 0 0-11.349334-27.861333 38.485333 38.485333 0 0 0-27.434666-11.52H124.117333a38.485333 38.485333 0 0 0-27.434666 11.52 39.68 39.68 0 0 0-11.349334 27.861333v551.381334c0 10.453333 4.096 20.48 11.349334 27.861333 7.253333 7.381333 17.152 11.52 27.434666 11.52h775.765334z m-38.741333-78.805334H162.901333V206.762667h698.197334v472.618666zM822.272 896v-78.762667H201.728V896h620.629333z\" fill=\"#1D2129\">\u003C/path>\u003C/symbol>\u003Csymbol id=\"iconfile_small\" viewBox=\"0 0 1024 1024\">\u003Cpath d=\"M256 768a21.333333 21.333333 0 0 1 21.333333 21.333333v85.333334a21.333333 21.333333 0 0 1-21.333333 21.333333H170.666667a21.333333 21.333333 0 0 1-21.333334-21.333333v-85.333334A21.333333 21.333333 0 0 1 170.666667 768h85.333333z m597.333333 0a21.333333 21.333333 0 0 1 21.333334 21.333333v85.333334a21.333333 21.333333 0 0 1-21.333334 21.333333h-85.333333a21.333333 21.333333 0 0 1-21.333333-21.333333v-85.333334a21.333333 21.333333 0 0 1 21.333333-21.333333h85.333333z m-384 0h85.333334a21.333333 21.333333 0 0 1 21.333333 21.333333v85.333334a21.333333 21.333333 0 0 1-21.333333 21.333333h-85.333334a21.333333 21.333333 0 0 1-21.333333-21.333333v-85.333334a21.333333 21.333333 0 0 1 21.333333-21.333333z m-213.333333-320a21.333333 21.333333 0 0 1 21.333333 21.333333v85.333334a21.333333 21.333333 0 0 1-21.333333 21.333333H170.666667a21.333333 21.333333 0 0 1-21.333334-21.333333v-85.333334a21.333333 21.333333 0 0 1 21.333334-21.333333h85.333333z m597.333333 0a21.333333 21.333333 0 0 1 21.333334 21.333333v85.333334a21.333333 21.333333 0 0 1-21.333334 21.333333h-85.333333a21.333333 21.333333 0 0 1-21.333333-21.333333v-85.333334a21.333333 21.333333 0 0 1 21.333333-21.333333h85.333333z m-298.666666 0a21.333333 21.333333 0 0 1 21.333333 21.333333v85.333334a21.333333 21.333333 0 0 1-21.333333 21.333333h-85.333334a21.333333 21.333333 0 0 1-21.333333-21.333333v-85.333334a21.333333 21.333333 0 0 1 21.333333-21.333333h85.333334zM853.333333 128a21.333333 21.333333 0 0 1 21.333334 21.333333v85.333334a21.333333 21.333333 0 0 1-21.333334 21.333333h-85.333333a21.333333 21.333333 0 0 1-21.333333-21.333333v-85.333334A21.333333 21.333333 0 0 1 768 128h85.333333z m-298.666666 0a21.333333 21.333333 0 0 1 21.333333 21.333333v85.333334a21.333333 21.333333 0 0 1-21.333333 21.333333h-85.333334a21.333333 21.333333 0 0 1-21.333333-21.333333v-85.333334A21.333333 21.333333 0 0 1 469.333333 128h85.333334zM256 128a21.333333 21.333333 0 0 1 21.333333 21.333333v85.333334A21.333333 21.333333 0 0 1 256 256H170.666667a21.333333 21.333333 0 0 1-21.333334-21.333333v-85.333334A21.333333 21.333333 0 0 1 170.666667 128h85.333333z\" fill=\"#1D2129\">\u003C/path>\u003C/symbol>\u003Csymbol id=\"iconfile_mid\" viewBox=\"0 0 1024 1024\">\u003Cpath d=\"M853.333333 128a42.666667 42.666667 0 0 1 42.666667 42.666667v682.666666a42.666667 42.666667 0 0 1-42.666667 42.666667H170.666667a42.666667 42.666667 0 0 1-42.666667-42.666667V170.666667a42.666667 42.666667 0 0 1 42.666667-42.666667h682.666666zM204.8 819.2h268.8v-268.8H204.8v268.8z m614.4-268.8h-268.8v268.8h268.8v-268.8z m0-76.8V204.8h-268.8v268.8h268.8z m-345.6-268.8H204.8v268.8h268.8V204.8z\" fill=\"#1D2129\">\u003C/path>\u003C/symbol>\u003Csymbol id=\"iconsmart\" viewBox=\"0 0 1024 1024\">\u003Cpath d=\"M501.333333 106.666667a394.666667 394.666667 0 0 1 307.626667 641.92l123.904 123.946666a21.333333 21.333333 0 0 1 0 30.165334l-30.165333 30.165333a21.333333 21.333333 0 0 1-30.165334 0l-123.946666-123.904A394.666667 394.666667 0 1 1 501.333333 106.666667z m0 85.333333a309.333333 309.333333 0 1 0 0 618.666667 309.333333 309.333333 0 0 0 0-618.666667z m167.082667 136.362667l36.949333 21.333333a21.333333 21.333333 0 0 1 7.808 29.141333l-117.333333 203.221334a21.333333 21.333333 0 0 1-26.88 8.917333l-2.261333-1.152-110.848-64-85.333334 147.84a21.333333 21.333333 0 0 1-29.141333 7.808l-36.949333-21.333333a21.333333 21.333333 0 0 1-7.808-29.141334l117.333333-203.264a21.333333 21.333333 0 0 1 29.141333-7.808l110.848 64 85.333334-147.797333a21.333333 21.333333 0 0 1 29.141333-7.808z\" fill=\"#1D2129\">\u003C/path>\u003C/symbol>\u003Csymbol id=\"iconVoice_Intercom\" viewBox=\"0 0 1024 1024\">\u003Cpath d=\"M185.770667 473.173333a19.157333 19.157333 0 0 1 19.2 18.474667l0.170666 3.413333c11.136 161.194667 144.256 288.426667 306.858667 288.426667 160.810667 0 292.778667-124.458667 306.432-283.093333l0.469333-6.272 0.170667-2.56a19.456 19.456 0 0 1 19.2-18.346667h38.485333c5.12 0 10.026667 2.048 13.610667 5.674667 3.626667 3.626667 5.632 8.533333 5.632 13.738666l-0.042667 1.664c-10.154667 191.530667-158.08 346.154667-345.6 364.885334l0.085334 0.938666v59.178667c0 5.12-2.005333 10.069333-5.632 13.653333a19.157333 19.157333 0 0 1-13.568 5.717334h-38.485334a19.157333 19.157333 0 0 1-19.2-19.370667v-58.197333l0.085334-1.92c-184.789333-18.474667-331.136-168.917333-345.045334-356.608L128 493.525333a19.498667 19.498667 0 0 1 16.042667-20.053333l2.688-0.256h38.997333zM512 85.333333c127.402667 0 230.698667 92.586667 230.698667 206.890667v206.848c0 114.261333-103.253333 206.890667-230.698667 206.890667-127.402667 0-230.698667-92.629333-230.698667-206.933334V292.266667C281.301333 177.92 384.597333 85.333333 512 85.333333z m0 77.568c-84.906667 0-153.813333 59.562667-153.813333 132.992v199.509334c0 73.386667 68.864 132.949333 153.813333 132.949333 84.906667 0 153.813333-59.52 153.813333-132.992V295.936c0-73.429333-68.864-132.992-153.813333-132.992z\" fill=\"#1D2129\">\u003C/path>\u003C/symbol>\u003Csymbol id=\"iconstorage_pool_Manage\" viewBox=\"0 0 1024 1024\">\u003Cpath d=\"M161.152 490.666667c0 54.826667 142.293333 115.797333 322.389333 115.797333h25.130667c7.04 0 12.8 5.76 12.8 12.8v51.626667a12.8 12.8 0 0 1-12.8 12.8h-25.130667c-215.338667 0-393.941333-75.52-398.122666-189.013334L85.333333 490.666667h75.818667zM483.541333 85.333333c219.946667 0 398.250667 95.061333 398.250667 212.352 0 117.248-178.346667 212.266667-398.250667 212.266667S85.333333 414.933333 85.333333 297.685333C85.333333 180.394667 263.594667 85.333333 483.541333 85.333333z m0 77.226667c-183.552 0-322.389333 74.026667-322.389333 135.125333 0 61.098667 138.837333 135.04 322.389333 135.082667 183.552 0 322.346667-73.984 322.389334-135.082667 0-61.098667-138.837333-135.125333-322.389334-135.125333z\" fill=\"#1D2129\">\u003C/path>\u003Cpath d=\"M161.194667 702.976H85.333333l0.085334 4.053333C89.6 820.522667 268.202667 896 483.541333 896h25.173334a12.8 12.8 0 0 0 12.8-12.8v-51.626667a12.8 12.8 0 0 0-12.885334-12.8h-25.088c-180.053333 0-322.346667-61.013333-322.346666-115.797333z\" fill=\"#1D2129\">\u003C/path>\u003Cpath d=\"M768 548.565333c13.482667 0 26.624 1.450667 39.253333 4.224l19.498667 43.050667a23.466667 23.466667 0 0 0 9.984 10.752 25.002667 25.002667 0 0 0 14.72 2.986667l47.914667-5.12c18.005333 18.986667 31.445333 41.557333 39.296 66.090666l-28.757334 38.144a22.613333 22.613333 0 0 0 0 27.178667l28.757334 38.101333a172.416 172.416 0 0 1-39.253334 66.048l-47.957333-5.034666a24.96 24.96 0 0 0-14.72 2.986666 23.552 23.552 0 0 0-9.984 10.752l-19.498667 43.093334a184.448 184.448 0 0 1-78.506666 0l-19.498667-43.093334a23.466667 23.466667 0 0 0-9.984-10.794666 24.96 24.96 0 0 0-14.762667-2.944l-47.872 5.034666A172.416 172.416 0 0 1 597.333333 773.973333l28.757334-38.101333a22.613333 22.613333 0 0 0 0-27.178667L597.333333 670.549333a172.416 172.416 0 0 1 39.253334-66.048l47.957333 5.077334c5.12 0.512 10.24-0.554667 14.72-2.986667a23.594667 23.594667 0 0 0 9.984-10.794667l19.498667-43.008a184.32 184.32 0 0 1 39.253333-4.224z m0 115.797334c-31.402667 0-56.874667 25.941333-56.874667 57.898666 0 32 25.472 57.941333 56.874667 57.941334s56.874667-25.941333 56.874667-57.941334c0-31.957333-25.472-57.898667-56.874667-57.898666z\" fill=\"#1D2129\">\u003C/path>\u003C/symbol>\u003Csymbol id=\"iconStorage_Manage\" viewBox=\"0 0 1024 1024\">\u003Cpath d=\"M85.333333 627.456l0.256-3.669333a37.077333 37.077333 0 0 1 0.341334-1.962667l0.128-0.725333 99.2-507.733334a36.053333 36.053333 0 0 1 9.301333-18.133333 32.085333 32.085333 0 0 1 17.152-9.386667L217.386667 85.333333h590.378666c6.570667 0 13.013333 2.133333 18.474667 6.058667a34.944 34.944 0 0 1 12.074667 16.170667l1.621333 5.845333 98.090667 507.733333c0.426667 2.773333 0.64 4.949333 0.64 7.253334v275.029333c0 9.344-3.456 18.304-9.6 24.917333a31.701333 31.701333 0 0 1-23.210667 10.325334H118.144a31.701333 31.701333 0 0 1-23.210667-10.325334 36.608 36.608 0 0 1-9.6-24.917333v-275.968z m768 0.896L170.666667 623.786667v225.066666h682.666666v-220.501333z m-61.525333 102.826667a31.573333 31.573333 0 0 1 22.186667 9.216 37.162667 37.162667 0 0 1 4.010666 47.402666 32.597333 32.597333 0 0 1-20.266666 13.354667l-5.930667 0.554667h-82.901333a31.573333 31.573333 0 0 1-22.186667-9.216 37.12 37.12 0 0 1-4.010667-47.402667 32.554667 32.554667 0 0 1 20.309334-13.354667l5.888-0.554666h82.944zM768 175.146667H256l-64 359.296h644.693333L768 175.189333z\" fill=\"#1D2129\">\u003C/path>\u003Cpath d=\"M512 234.666667c10.112 0 19.968 1.066667 29.44 3.072l14.592 31.701333a17.578667 17.578667 0 0 0 7.552 7.978667c3.328 1.834667 7.168 2.56 11.008 2.133333l35.968-3.669333c13.482667 13.952 23.552 30.592 29.44 48.64l-21.546667 28.117333a16.426667 16.426667 0 0 0 0 20.053333l21.546667 28.074667a126.634667 126.634667 0 0 1-29.44 48.64l-35.968-3.712a18.944 18.944 0 0 0-11.008 2.218667 17.450667 17.450667 0 0 0-7.509333 7.936l-14.634667 31.701333a140.885333 140.885333 0 0 1-58.88 0l-14.592-31.701333a17.493333 17.493333 0 0 0-7.552-7.978667 18.986667 18.986667 0 0 0-11.050667-2.133333l-35.925333 3.669333A126.634667 126.634667 0 0 1 384 400.768l21.546667-28.117333a16.469333 16.469333 0 0 0 3.413333-9.984 16.554667 16.554667 0 0 0-3.413333-10.026667L384 324.522667c5.888-18.048 15.957333-34.688 29.44-48.64l35.968 3.712c3.84 0.384 7.68-0.341333 11.008-2.176a17.493333 17.493333 0 0 0 7.509333-7.978667l14.634667-31.701333A140.8 140.8 0 0 1 512 234.666667z m0 85.333333a42.666667 42.666667 0 1 0 0 85.333333 42.666667 42.666667 0 0 0 0-85.333333z\" fill=\"#000000\">\u003C/path>\u003C/symbol>\u003Csymbol id=\"iconPin\" viewBox=\"0 0 1024 1024\">\u003Cpath d=\"M564.224 91.818667a21.76 21.76 0 0 1 31.018667 0l336.981333 337.194666c8.576 8.704 8.576 22.528 0 30.976l-30.293333 30.506667a22.186667 22.186667 0 0 1-31.018667 0l-45.909333-45.994667-138.624 138.666667c-4.096 4.138667-5.205333 10.965333-5.205334 16.64l-19.114666 273.066667c0 5.888-2.304 11.52-6.4 15.616l-40.149334 40.106666a21.76 21.76 0 0 1-31.018666 0l-213.546667-213.546666-217.173333 217.301333a22.186667 22.186667 0 0 1-30.976 0l-31.018667-31.232a21.930667 21.930667 0 0 1 0-30.976l217.130667-217.301333-213.888-214.101334a21.845333 21.845333 0 0 1 0-30.976l40.106666-40.106666a22.016 22.016 0 0 1 15.530667-6.485334l273.28-18.773333c5.802667 0 13.226667-0.554667 17.365333-4.693333l138.581334-138.666667-45.952-45.952a21.930667 21.930667 0 0 1 0-30.976l30.293333-30.293333z\" fill=\"#4E5969\">\u003C/path>\u003C/symbol>\u003Csymbol id=\"iconmigration\" viewBox=\"0 0 1024 1024\">\u003Cpath d=\"M128 490.666667v42.666666a21.333333 21.333333 0 0 0 18.858667 21.205334L149.333333 554.666667h470.869334l-128.426667 128.426666a21.333333 21.333333 0 0 0-1.834667 28.16l1.792 2.048 30.165334 30.165334a21.333333 21.333333 0 0 0 28.16 1.792l2.048-1.792 211.2-211.2a21.333333 21.333333 0 0 0 1.749333-28.16l-1.792-2.005334-211.2-211.2a21.333333 21.333333 0 0 0-28.16-1.749333l-1.962667 1.749333-30.208 30.165334a21.333333 21.333333 0 0 0-1.792 28.16l1.792 2.048L609.834667 469.333333H149.333333a21.333333 21.333333 0 0 0-21.205333 18.858667L128 490.666667z\" fill=\"#1D2129\">\u003C/path>\u003Cpath d=\"M725.333333 192a21.333333 21.333333 0 0 0 21.333334 21.333333H810.666667v597.333334h-64a21.333333 21.333333 0 0 0-21.333334 21.333333v42.666667a21.333333 21.333333 0 0 0 21.333334 21.333333H853.333333a42.666667 42.666667 0 0 0 42.666667-42.666667V170.666667a42.666667 42.666667 0 0 0-42.666667-42.666667h-106.666666a21.333333 21.333333 0 0 0-21.333334 21.333333v42.666667z\" fill=\"#1D2129\">\u003C/path>\u003C/symbol>\u003Csymbol id=\"iconFile_Nav_Desktop\" viewBox=\"0 0 1024 1024\">\u003Cpath d=\"M919.296 777.514667a19.626667 19.626667 0 0 1 13.696 5.546666 18.773333 18.773333 0 0 1 5.674667 13.397334v37.930666a18.773333 18.773333 0 0 1-5.674667 13.397334 19.626667 19.626667 0 0 1-13.696 5.546666H104.704a19.626667 19.626667 0 0 1-13.696-5.546666 18.773333 18.773333 0 0 1-5.674667-13.397334v-37.930666a18.773333 18.773333 0 0 1 5.674667-13.44 19.626667 19.626667 0 0 1 13.696-5.546667h814.592zM861.098667 170.666667a39.253333 39.253333 0 0 1 27.392 11.093333c7.253333 7.125333 11.392 16.768 11.392 26.837333v493.013334a37.546667 37.546667 0 0 1-11.392 26.88 39.253333 39.253333 0 0 1-27.392 11.050666H162.901333a39.253333 39.253333 0 0 1-27.392-11.093333 37.546667 37.546667 0 0 1-11.392-26.837333V208.64c0-10.069333 4.096-19.712 11.392-26.794667A39.253333 39.253333 0 0 1 162.901333 170.666667h698.197334zM201.728 663.722667h620.586667V246.485333H201.728v417.237334z\" fill=\"#000000\">\u003C/path>\u003C/symbol>\u003Csymbol id=\"iconFile_Nav_Safe\" viewBox=\"0 0 1024 1024\">\u003Cpath d=\"M862.165333 85.333333c18.688 0 33.834667 13.354667 33.834667 29.866667v692.010667c0 16.512-15.146667 29.866667-33.834667 29.866666H780.8v81.28a20.906667 20.906667 0 0 1-5.632 14.336 18.688 18.688 0 0 1-13.568 5.973334h-38.4a18.688 18.688 0 0 1-13.568-5.973334 20.906667 20.906667 0 0 1-5.632-14.336v-81.28h-384v81.28a20.906667 20.906667 0 0 1-5.632 14.336 18.688 18.688 0 0 1-13.568 5.973334h-38.4a18.688 18.688 0 0 1-13.568-5.973334 20.906667 20.906667 0 0 1-5.632-14.336v-81.28H161.834667c-18.688 0-33.834667-13.354667-33.834667-29.866666V115.2c0-16.469333 15.146667-29.866667 33.834667-29.866667h700.330666zM550.4 166.613333H204.8v589.226667h614.4V166.570667h-268.8z\" fill=\"#000000\">\u003C/path>\u003Cpath d=\"M529.066667 268.202667a21.333333 21.333333 0 0 1 21.333333 21.333333V349.44h17.066667a21.333333 21.333333 0 0 1 21.333333 21.290667v38.613333a21.333333 21.333333 0 0 1-21.333333 21.333333h-17.066667v51.626667c22.954667 14.037333 38.4 40.234667 38.4 70.314667 0 44.885333-34.389333 81.237333-76.8 81.237333s-76.8-36.394667-76.8-81.237333c0-30.08 15.488-56.32 38.4-70.357334V289.536a21.333333 21.333333 0 0 1 21.333333-21.333333h34.133334z\" fill=\"#000000\">\u003C/path>\u003C/symbol>\u003Csymbol id=\"iconFile_Nav_Latest\" viewBox=\"0 0 1024 1024\">\u003Cpath d=\"M512 85.333333c235.648 0 426.666667 191.018667 426.666667 426.666667s-191.018667 426.666667-426.666667 426.666667S85.333333 747.648 85.333333 512 276.352 85.333333 512 85.333333z m0 77.568a349.098667 349.098667 0 1 0 0 698.197334 349.098667 349.098667 0 0 0 0-698.197334z m19.370667 155.178667a19.413333 19.413333 0 0 1 19.413333 19.370667v135.765333h135.765333a19.413333 19.413333 0 0 1 19.370667 19.413333v38.784a19.413333 19.413333 0 0 1-19.370667 19.370667h-193.962666a19.413333 19.413333 0 0 1-19.370667-19.413333V337.493333a19.413333 19.413333 0 0 1 19.413333-19.370666h38.784z\" fill=\"#000000\">\u003C/path>\u003C/symbol>\u003Csymbol id=\"iconList_Preview\" viewBox=\"0 0 1024 1024\">\u003Cpath d=\"M891.264 85.333333C917.461333 85.333333 938.666667 106.581333 938.666667 132.736v758.528A47.402667 47.402667 0 0 1 891.264 938.666667H132.736A47.402667 47.402667 0 0 1 85.333333 891.264V132.736C85.333333 106.538667 106.581333 85.333333 132.736 85.333333h758.528zM576 170.666667H170.666667v682.666666h405.333333V170.666667zM853.333333 170.666667h-192v682.666666H853.333333V170.666667z\" fill=\"#1D2129\">\u003C/path>\u003C/symbol>\u003Csymbol id=\"iconright_settings\" viewBox=\"0 0 1024 1024\">\u003Cpath d=\"M512 85.333333c30.933333 0 61.781333 3.456 91.989333 10.325334l6.741334 1.536a21.333333 21.333333 0 0 1 14.848 12.373333l43.392 100.224a21.333333 21.333333 0 0 0 21.930666 12.714667l106.282667-11.776a21.333333 21.333333 0 0 1 18.176 6.912l4.693333 5.12a428.16 428.16 0 0 1 92.074667 162.218666l2.133333 6.912a21.418667 21.418667 0 0 1-3.114666 18.688l-4.181334 5.845334-59.733333 83.114666a21.333333 21.333333 0 0 0 0 24.917334l63.872 88.96a21.333333 21.333333 0 0 1 3.114667 18.688l-2.133334 6.912a428.16 428.16 0 0 1-92.074666 162.218666l-4.650667 5.12a21.333333 21.333333 0 0 1-18.176 6.912l-106.24-11.776a21.333333 21.333333 0 0 0-22.016 12.714667l-43.349333 100.266667a21.333333 21.333333 0 0 1-14.848 12.330666l-6.741334 1.536a412.842667 412.842667 0 0 1-184.021333 0l-6.741333-1.536a21.333333 21.333333 0 0 1-14.805334-12.373333l-2.858666-6.528-40.533334-93.696a21.333333 21.333333 0 0 0-21.973333-12.714667l-106.24 11.776a21.290667 21.290667 0 0 1-18.218667-6.912l-4.650666-5.12a428.288 428.288 0 0 1-92.074667-162.218666l-2.133333-6.912a21.333333 21.333333 0 0 1 3.072-18.730667l4.224-5.845333 59.733333-83.072a21.333333 21.333333 0 0 0 0-24.917334l-64-88.917333a21.376 21.376 0 0 1-3.072-18.688l2.133333-6.954667A428.202667 428.202667 0 0 1 203.946667 222.805333l4.693333-5.162666a21.333333 21.333333 0 0 1 18.133333-6.912l106.282667 11.776a21.333333 21.333333 0 0 0 21.973333-12.714667l43.392-100.266667a21.333333 21.333333 0 0 1 14.805334-12.330666l6.741333-1.536A412.885333 412.885333 0 0 1 512 85.333333z m0 71.125334a348.586667 348.586667 0 0 0-48.128 3.328 20.608 20.608 0 0 0-15.957333 12.373333l-38.656 89.344a58.026667 58.026667 0 0 1-23.893334 27.008 56.746667 56.746667 0 0 1-34.901333 7.466667L255.658667 285.44a20.650667 20.650667 0 0 0-18.730667 7.808 357.077333 357.077333 0 0 0-48.554667 85.717333 20.650667 20.650667 0 0 0 2.56 19.626667l56.96 79.146667a58.88 58.88 0 0 1 0 68.522666l-56.917333 79.146667a20.650667 20.650667 0 0 0-2.56 19.626667 357.077333 357.077333 0 0 0 48.512 85.717333c4.394667 5.717333 11.52 8.576 18.730667 7.808l94.72-10.496c12.16-1.365333 24.448 1.237333 34.986666 7.424 10.624 6.229333 18.986667 15.701333 23.893334 27.050667l38.656 89.301333a20.608 20.608 0 0 0 15.957333 12.373333 346.026667 346.026667 0 0 0 96.256 0 20.650667 20.650667 0 0 0 15.957333-12.373333l38.613334-89.344a58.026667 58.026667 0 0 1 23.893333-27.008 56.746667 56.746667 0 0 1 34.944-7.424l94.805333 10.496a20.650667 20.650667 0 0 0 18.688-7.808c20.053333-26.154667 36.394667-55.04 48.554667-85.674667a20.608 20.608 0 0 0-2.56-19.626666l-56.917333-79.189334a58.709333 58.709333 0 0 1 0-68.522666l56.874666-79.189334a20.565333 20.565333 0 0 0 2.56-19.626666 356.778667 356.778667 0 0 0-48.512-85.674667 20.650667 20.650667 0 0 0-18.730666-7.808l-94.72 10.538667a56.746667 56.746667 0 0 1-34.986667-7.466667 57.984 57.984 0 0 1-23.893333-27.008l-38.613334-89.344a20.693333 20.693333 0 0 0-15.957333-12.373333A346.282667 346.282667 0 0 0 512 156.458667z m0 177.792c101.632 0 183.893333 79.616 183.893333 177.749333 0 98.133333-82.261333 177.792-183.893333 177.792-101.632 0-183.893333-79.616-183.893333-177.792 0-98.133333 82.261333-177.749333 183.893333-177.749333zM512 405.333333a106.666667 106.666667 0 1 0 0 213.333334 106.666667 106.666667 0 0 0 0-213.333334z\" fill=\"#1D2129\">\u003C/path>\u003C/symbol>\u003Csymbol id=\"iconright_refresh\" viewBox=\"0 0 1024 1024\">\u003Cpath d=\"M667.008 750.933333a255.104 255.104 0 0 1-158.293333 52.650667c-7.466667-0.128-14.762667-0.725333-22.101334-1.28-2.986667-0.384-5.973333-0.896-8.96-1.365333a206.549333 206.549333 0 0 1-17.066666-2.816c-3.413333-0.64-6.912-1.706667-10.24-2.56a229.76 229.76 0 0 1-16.384-4.266667c-2.56-1.066667-4.949333-1.92-7.509334-3.029333a195.456 195.456 0 0 1-18.346666-7.168c-1.365333-0.64-2.688-1.152-4.010667-1.706667a456.448 456.448 0 0 1-20.608-10.837333L382.634667 768a272.384 272.384 0 0 1-61.525334-49.792c-0.298667-0.341333-0.554667-0.725333-0.938666-1.024a237.056 237.056 0 0 1-19.242667-23.594667 305.024 305.024 0 0 1-59.178667-181.717333h71.168L199.125333 327.594667 85.333333 511.872h71.04a403.626667 403.626667 0 0 0 63.018667 217.6c0.426667 0.896 0.768 1.877333 1.28 2.688 4.096 6.4 8.704 12.245333 13.056 18.133333 1.706667 2.133333 3.157333 4.394667 4.906667 6.826667a419.072 419.072 0 0 0 22.4 26.368 357.12 357.12 0 0 0 79.957333 64.810667l2.346667 1.365333c8.448 4.906667 17.066667 9.386667 25.813333 13.525333l6.528 3.114667a540.288 540.288 0 0 0 34.048 13.226667c6.826667 2.090667 13.781333 3.968 20.736 5.674666 4.693333 1.194667 9.130667 2.474667 13.952 3.413334 1.92 0.512 3.754667 1.152 5.674667 1.365333 6.698667 1.28 13.269333 1.962667 19.84 2.816 2.432 0.426667 4.778667 0.896 7.168 1.152 11.861333 1.28 23.68 2.048 35.498666 2.048 72.234667 0 142.762667-23.808 203.264-69.632 19.285333-14.592 24.021333-43.392 10.581334-64.085333-13.610667-21.034667-40.149333-26.069333-59.434667-11.349334z m200.448-239.061333c0-80.512-23.125333-155.306667-62.506667-217.002667-0.64-1.066667-0.981333-2.133333-1.493333-3.072-5.077333-7.594667-10.282667-14.677333-15.658667-21.802666a26.88 26.88 0 0 1-1.792-2.602667 359.296 359.296 0 0 0-132.736-107.648c-1.536-0.64-2.816-1.365333-4.309333-2.005333a407.082667 407.082667 0 0 0-25.173333-9.984c-2.901333-1.024-5.973333-2.218667-9.045334-3.2a335.914667 335.914667 0 0 0-22.272-6.272c-4.224-0.981333-8.448-2.133333-12.629333-3.072-2.048-0.426667-3.925333-1.066667-6.144-1.536-5.632-0.981333-11.136-1.536-16.768-2.261334-3.968-0.426667-7.68-1.109333-11.648-1.578666a340.992 340.992 0 0 0-28.245333-1.578667c-1.706667 0-3.413333-0.256-5.12-0.256l-0.853334 0.128c-72.149333 0.085333-142.634667 23.552-203.008 69.333333-19.285333 14.506667-23.978667 43.264-10.410666 64.213334 13.397333 20.736 40.106667 25.856 59.477333 11.178666a254.293333 254.293333 0 0 1 180.650667-51.2c2.432 0.170667 4.693333 0.554667 7.168 0.938667 6.4 0.853333 12.8 1.749333 19.072 3.2 2.730667 0.512 5.546667 1.28 8.106666 1.962667 6.272 1.536 12.330667 3.072 18.346667 5.034666 2.005333 0.597333 3.84 1.322667 5.632 2.133334 6.954667 2.389333 13.738667 4.949333 20.309333 7.978666 0.725333 0.170667 1.365333 0.768 2.048 1.024a274.133333 274.133333 0 0 1 102.4 83.072 305.28 305.28 0 0 1 61.44 184.874667h-71.253333l113.92 184.32L938.666667 511.914667h-71.253334z\" fill=\"#1D2129\">\u003C/path>\u003C/symbol>\u003Csymbol id=\"iconSystem\" viewBox=\"0 0 1024 1024\">\u003Cpath d=\"M511.701333 85.333333c5.717333 0 11.306667 1.28 16.469334 3.797334l345.898666 167.381333a38.698667 38.698667 0 0 1 15.957334 14.421333c3.882667 6.229333 5.973333 13.482667 5.973333 20.906667V731.733333a39.765333 39.765333 0 0 1-5.930667 20.906667 38.656 38.656 0 0 1-15.957333 14.464l-345.856 167.722667a37.845333 37.845333 0 0 1-33.066667 0L149.888 767.146667a38.656 38.656 0 0 1-15.957333-14.421334 39.808 39.808 0 0 1-5.930667-20.906666V291.84c0-7.424 2.090667-14.677333 5.973333-20.906667a38.656 38.656 0 0 1 15.957334-14.506666l345.301333-167.338667A37.802667 37.802667 0 0 1 511.701333 85.333333zM204.8 706.986667l271.616 131.968-4.992-336.298667-0.725333-0.341333L204.8 366.165333v340.821334z m343.466667-203.306667l4.906666 332.373333L819.2 706.986667v-340.906667l-270.933333 137.557333z m-305.28-205.653333l262.186666 134.272a12.629333 12.629333 0 0 0 11.434667 0l264.277333-134.272-269.141333-130.133334-268.757333 130.133334z\" fill=\"#1D2129\">\u003C/path>\u003C/symbol>\u003Csymbol id=\"iconapp_nav_network\" viewBox=\"0 0 1024 1024\">\u003Cpath d=\"M512 760.832c22.4 0 41.984 13.525333 52.522667 33.706667L512 853.333333l-52.522667-58.794666c5.376-10.24 13.013333-18.773333 22.229334-24.704a55.893333 55.893333 0 0 1 30.293333-9.002667z m0-204.288c72.789333 0 138.069333 35.712 182.698667 92.373333l-57.6 64.426667a165.888 165.888 0 0 0-55.893334-48.725333A147.712 147.712 0 0 0 512 647.338667c-23.893333-0.042667-47.530667 5.845333-69.162667 17.28a165.930667 165.930667 0 0 0-55.978666 48.64L329.301333 648.96a246.784 246.784 0 0 1 82.432-68.266667 221.098667 221.098667 0 0 1 100.266667-24.106666z m0-181.589333c55.893333-0.085333 111.146667 12.8 162.389333 37.845333a408.576 408.576 0 0 1 135.125334 107.52l-57.386667 64.298667a327.68 327.68 0 0 0-108.8-87.893334A294.570667 294.570667 0 0 0 512 465.749333c-95.146667 0-180.736 45.824-240.128 118.869334l-57.386667-64.256a408.618667 408.618667 0 0 1 135.168-107.562667A368.042667 368.042667 0 0 1 512 374.954667zM512 170.666667c167.978667 0 319.488 78.805333 426.666667 205.184l-57.386667 64.213333C788.821333 330.069333 657.578667 261.461333 512 261.461333c-145.578667 0-276.821333 68.650667-369.28 178.602667L85.333333 375.808C192.512 249.514667 344.021333 170.666667 512 170.666667z\" fill=\"#1D2129\">\u003C/path>\u003C/symbol>\u003Csymbol id=\"iconapp_nav_Recording\" viewBox=\"0 0 1024 1024\">\u003Cpath d=\"M122.453333 213.333333h519.424c9.344 0 18.346667 3.541333 25.216 9.941334 6.826667 6.4 11.093333 15.189333 11.776 24.576l0.085334 2.816v522.666666a37.418667 37.418667 0 0 1-34.304 37.248l-2.816 0.085334H122.453333a36.949333 36.949333 0 0 1-25.258666-9.941334 37.418667 37.418667 0 0 1-11.776-24.576L85.333333 773.333333V250.666667c0-9.386667 3.541333-18.474667 9.898667-25.386667a36.992 36.992 0 0 1 24.405333-11.861333L122.453333 213.333333z m482.304 74.666667H159.530667v448h445.226666V288zM938.666667 353.92v316.16c0 29.013333-34.56 46.933333-61.824 32l-142.250667-78.08v-224l142.250667-78.08c27.221333-14.933333 61.824 2.986667 61.824 32z m-74.24 65.962667l-55.637334 22.4v139.434666l55.68 22.4V419.882667zM345.088 362.666667v112H233.728V362.666667h111.317333z\" fill=\"#1D2129\">\u003C/path>\u003C/symbol>\u003Csymbol id=\"iconapp_nav_Productivity\" viewBox=\"0 0 1024 1024\">\u003Cpath d=\"M512 85.333333c235.648 0 426.666667 191.018667 426.666667 426.666667s-191.018667 426.666667-426.666667 426.666667S85.333333 747.648 85.333333 512 276.352 85.333333 512 85.333333z m0 77.568a349.098667 349.098667 0 1 0 0 698.197334 349.098667 349.098667 0 0 0 0-698.197334z m243.413333 200.448a19.413333 19.413333 0 0 1 13.738667 33.109334L678.826667 486.826667a19.2 19.2 0 0 1-2.773334 2.304l-150.826666 150.826666a19.370667 19.370667 0 0 1-25.728 1.536l-1.706667-1.536L415.573333 557.653333l-109.738666 109.653334a19.413333 19.413333 0 0 1-27.392 0l-27.434667-27.392a19.413333 19.413333 0 0 1 0-27.434667l150.826667-150.826667a19.413333 19.413333 0 0 1 27.434666 0l82.304 82.261334 98.474667-98.517334-48.938667-48.938666a19.413333 19.413333 0 0 1-5.546666-11.178667l-0.128-2.56a19.413333 19.413333 0 0 1 19.413333-19.370667h180.608z\" fill=\"#1D2129\">\u003C/path>\u003C/symbol>\u003Csymbol id=\"iconapp_nav_AI\" viewBox=\"0 0 1024 1024\">\u003Cpath d=\"M798.208 192.64C731.648 123.306667 641.877333 85.333333 544.426667 85.333333h-18.346667l-6.656 0.213334c-188.714667 7.04-334.677333 167.637333-333.056 371.285333-1.152 1.152-29.994667 38.912-52.650667 68.608l-25.770666 33.664c-14.933333 19.285333-22.912 36.608-22.613334 52.906667 0.725333 45.994667 29.653333 66.56 87.594667 79.232l21.76 4.522666 7.893333 164.437334 0.213334 4.138666A80.768 80.768 0 0 0 282.752 938.666667c4.522667 0 133.12-16.213333 195.328-27.093334v-86.954666c-42.88 5.973333-137.898667 19.541333-193.152 28.501333l-9.898667-198.826667-0.042666-1.664c-0.128-2.986667-0.426667-5.973333-0.981334-8.96a27.477333 27.477333 0 0 0-4.266666-11.093333c-4.48-6.144-9.941333-10.368-16.981334-10.368a1427.029333 1427.029333 0 0 1-46.933333-7.68l-5.717333-1.024-2.090667-0.512a17.365333 17.365333 0 0 1-11.861333-19.797333 17.194667 17.194667 0 0 1 3.541333-7.552c40.618667-49.92 63.36-77.226667 68.266667-82.176 9.770667-9.642667 12.458667-19.2 12.458666-37.12 0-2.133333-0.085333-3.968-0.384-6.869334a45.781333 45.781333 0 0 1-0.298666-4.053333c-1.322667-77.226667 26.282667-145.493333 76.202666-200.021333a263.168 263.168 0 0 1 194.389334-86.058667h4.053333l6.570667 0.085333c150.058667 3.498667 264.234667 124.074667 266.154666 283.178667l-0.085333 6.186667h84.864v-6.954667c-1.493333-99.328-38.186667-191.658667-103.68-259.2z m56.746667 682.410667l-120.917334-353.792h-72.789333l-120.405333 353.792h69.674666l24.789334-83.882667h124.245333l24.789333 83.882667h70.570667zM938.666667 521.258667v353.792h-62.805334v-353.792H938.666667z m-282.453334 208.128c26.197333-92.928 39.808-141.525333 40.789334-145.706667 0.981333 4.181333 14.848 52.778667 41.642666 145.706667H656.213333z\" fill=\"#1D2129\">\u003C/path>\u003C/symbol>\u003Csymbol id=\"iconapp_nav_Recommend\" viewBox=\"0 0 1024 1024\">\u003Cpath d=\"M565.973333 133.717333l7.424 3.114667c49.365333 21.546667 121.088 64.981333 121.088 134.741333 0 27.648-13.610667 64.341333-40.746666 110.08h153.856c121.173333 0 148.992 96.682667 121.173333 169.130667l-121.173333 288.426667c-10.24 33.493333-44.330667 56.789333-83.242667 56.789333H227.157333V381.610667h83.114667l180.693333-232.405334c11.392-16.426667 42.24-29.013333 75.008-15.488zM166.528 381.696v514.005333H85.333333V381.696h81.194667z m379.178667-175.274667l-193.28 248.618667H308.394667v367.530667h416c2.517333 0 4.48-1.322667 4.949333-2.944l1.024-3.285334 122.026667-290.56c16.085333-42.709333 0.085333-70.741333-44.8-70.741333H517.973333l64.298667-108.16c21.333333-35.968 31.061333-62.165333 31.061333-75.306667 0-21.290667-25.258667-45.397333-67.584-65.152z\" fill=\"#1D2129\">\u003C/path>\u003C/symbol>\u003Csymbol id=\"iconapp_nav_Backup\" viewBox=\"0 0 1024 1024\">\u003Cpath d=\"M473.088 146.090667a20.309333 20.309333 0 0 0-33.621333-13.056L335.530667 223.744l-1.706667 1.664a20.309333 20.309333 0 0 0 1.706667 28.928l103.850666 90.709333 1.877334 1.450667a20.394667 20.394667 0 0 0 31.914666-16.768V277.76h174.506667c117.845333 0 213.333333 95.317333 213.333333 212.906667a212.906667 212.906667 0 0 1-122.752 192.853333l38.912 67.242667A290.304 290.304 0 0 0 938.666667 490.666667c0-160.341333-130.261333-290.346667-290.901334-290.346667H473.173333V148.309333l-0.128-2.218666zM287.786667 296.832L248.874667 229.546667A290.346667 290.346667 0 0 0 85.333333 490.666667c0 160.341333 130.261333 290.346667 290.901334 290.346666h174.549333v52.010667a20.309333 20.309333 0 0 0 33.749333 15.274667l103.893334-90.709334a20.309333 20.309333 0 0 0 0-30.549333L584.533333 636.330667a20.437333 20.437333 0 0 0-33.706666 15.274666v52.010667H376.192c-117.802667 0-213.333333-95.36-213.333333-212.949333a212.906667 212.906667 0 0 1 124.885333-193.834667z\" fill=\"#1D2129\">\u003C/path>\u003C/symbol>\u003Csymbol id=\"iconapp_nav_Security\" viewBox=\"0 0 1024 1024\">\u003Cpath d=\"M533.034667 91.776l20.778666 14.08a36.608 36.608 0 0 1 4.48 3.669333c-1.28-1.237333-1.066667-1.237333-1.024-1.28l-1.28-0.853333 6.314667 4.053333c7.210667 4.437333 15.786667 9.472 25.429333 14.805334 29.952 16.384 61.013333 30.72 93.013334 42.922666 32 12.202667 66.176 20.352 100.138666 25.173334a470.016 470.016 0 0 0 44.373334 4.266666l34.389333 0.512a37.504 37.504 0 0 1 25.642667 10.581334 34.986667 34.986667 0 0 1 10.581333 24.917333v34.218667L896 350.421333v48.64L896 549.333333v14.378667C895.658667 735.018667 668.672 938.666667 511.957333 938.666667 355.2 938.666667 128 734.72 128 563.413333V234.666667a34.986667 34.986667 0 0 1 10.581333-24.96 37.504 37.504 0 0 1 25.642667-10.581334l35.072-0.554666a471.338667 471.338667 0 0 0 43.733333-4.224 468.224 468.224 0 0 0 100.010667-25.173334c32-12.202667 63.146667-26.581333 93.056-43.008a469.333333 469.333333 0 0 0 33.834667-20.181333l20.608-14.08a37.717333 37.717333 0 0 1 42.496-0.128z m289.28 307.285333v-48.64l-0.042667-80.768c-10.24-0.213333-30.208-1.792-52.138667-4.906666a542.634667 542.634667 0 0 1-116.352-29.44c-59.690667-22.698667-121.173333-55.637333-141.909333-70.826667a561.92 561.92 0 0 1-39.338667 23.466667c-32.938667 18.090667-67.157333 33.92-102.4 47.36-37.674667 14.378667-77.184 23.808-116.309333 29.44a502.186667 502.186667 0 0 1-52.181333 4.906666v293.802667c0 130.773333 193.066667 304.085333 310.314666 304.085333 117.333333 0 310.4-173.269333 310.4-304.085333V399.061333z m-129.877334 16.042667a18.346667 18.346667 0 0 1 0 26.325333l-163.669333 158.037334-27.306667 26.325333a19.626667 19.626667 0 0 1-27.264 0l-27.306666-26.325333-81.792-79.018667a18.346667 18.346667 0 0 1 0-26.325333l27.306666-26.368a19.626667 19.626667 0 0 1 27.264 0l68.181334 65.877333 150.016-144.853333a19.626667 19.626667 0 0 1 27.306666 0l27.264 26.325333z\" fill=\"#1D2129\">\u003C/path>\u003C/symbol>\u003Csymbol id=\"iconapp_nav_Development\" viewBox=\"0 0 1024 1024\">\u003Cpath d=\"M899.84 128c10.325333 0 20.181333 4.053333 27.477333 11.264 7.253333 7.168 11.349333 16.938667 11.349334 27.136v691.2a38.186667 38.186667 0 0 1-11.349334 27.136 38.997333 38.997333 0 0 1-27.434666 11.264H124.117333a38.997333 38.997333 0 0 1-27.434666-11.264A38.186667 38.186667 0 0 1 85.333333 857.6V166.4c0-10.197333 4.096-19.968 11.349334-27.136A38.997333 38.997333 0 0 1 124.16 128h775.765333z m-38.741333 76.8H162.901333v614.4h698.197334V204.8z m-336.213334 96.213333l34.432 3.754667a19.498667 19.498667 0 0 1 16.512 13.738667 19.029333 19.029333 0 0 1 0.64 7.466666l-0.085333 0.512-49.834667 360.832a19.157333 19.157333 0 0 1-7.253333 12.544 19.541333 19.541333 0 0 1-14.08 3.925334l-34.432-3.797334a19.541333 19.541333 0 0 1-16.554667-14.08 19.029333 19.029333 0 0 1-0.512-7.594666l49.834667-360.832a19.541333 19.541333 0 0 1 21.333333-16.512zM378.026667 395.989333l24.32 22.357334a19.2 19.2 0 0 1 4.821333 21.077333 19.2 19.2 0 0 1-4.138667 6.4l-66.944 67.754667 66.944 67.712a19.114667 19.114667 0 0 1-0.341333 27.178666l-0.341333 0.341334-24.32 22.357333a19.541333 19.541333 0 0 1-26.965334-0.554667l-103.893333-103.509333a19.114667 19.114667 0 0 1 0-27.093333l103.893333-103.466667a19.498667 19.498667 0 0 1 26.965334-0.554667z m294.997333 0.554667l103.893333 103.466667a19.114667 19.114667 0 0 1 0 27.093333l-103.893333 103.509333a19.498667 19.498667 0 0 1-26.965333 0.554667l-24.32-22.357333a19.2 19.2 0 0 1-0.64-27.52l66.901333-67.712-66.901333-67.754667a19.157333 19.157333 0 0 1 0.64-27.477333l24.32-22.357334a19.498667 19.498667 0 0 1 26.965333 0.554667z\" fill=\"#1D2129\">\u003C/path>\u003C/symbol>\u003Csymbol id=\"iconapp_nav_Drivers\" viewBox=\"0 0 1024 1024\">\u003Cpath d=\"M810.666667 85.333333a128 128 0 0 1 42.666666 248.746667v199.253333h42.666667a42.666667 42.666667 0 0 1 42.666667 42.666667V896a42.666667 42.666667 0 0 1-42.666667 42.666667H128a42.666667 42.666667 0 0 1-42.666667-42.666667v-320a42.666667 42.666667 0 0 1 42.666667-42.666667h42.666667V334.08a128 128 0 1 1 85.333333 0v199.253333h213.333333V334.08a128 128 0 1 1 85.333334 0v199.253333h213.333333V334.08A128 128 0 0 1 810.666667 85.333333zM170.666667 853.333333h682.666666v-234.666666H170.666667V853.333333z m256-85.333333H341.333333v-85.333333h85.333334v85.333333z m320-85.333333a21.333333 21.333333 0 0 1 21.333333 21.333333v42.666667a21.333333 21.333333 0 0 1-21.333333 21.333333h-213.333334a21.333333 21.333333 0 0 1-21.333333-21.333333v-42.666667a21.333333 21.333333 0 0 1 21.333333-21.333333h213.333334zM213.333333 170.666667a42.666667 42.666667 0 1 0 0 85.333333 42.666667 42.666667 0 0 0 0-85.333333z m298.666667 0a42.666667 42.666667 0 1 0 0 85.333333 42.666667 42.666667 0 0 0 0-85.333333z m298.666667 0a42.666667 42.666667 0 1 0 0 85.333333 42.666667 42.666667 0 0 0 0-85.333333z\" fill=\"#1D2129\">\u003C/path>\u003C/symbol>\u003Csymbol id=\"iconapp_nav_Downloads\" viewBox=\"0 0 1024 1024\">\u003Cpath d=\"M281.6 391.168v78.208H204.8v391.082667h614.4V469.333333h-76.8V391.168h115.2c10.197333 0 19.968 4.138667 27.136 11.477333a39.466667 39.466667 0 0 1 11.264 27.648v469.248a39.466667 39.466667 0 0 1-11.264 27.690667 38.058667 38.058667 0 0 1-27.136 11.434667H166.4a38.058667 38.058667 0 0 1-27.136-11.434667 39.466667 39.466667 0 0 1-11.264-27.648v-469.333333c0-10.325333 4.053333-20.266667 11.264-27.605334a38.058667 38.058667 0 0 1 27.136-11.477333h115.2z m403.2 312.874667c5.12 0 9.984 2.048 13.568 5.717333a19.754667 19.754667 0 0 1 5.632 13.824v39.082667a19.754667 19.754667 0 0 1-5.632 13.866666 19.029333 19.029333 0 0 1-13.568 5.717334h-345.6a19.029333 19.029333 0 0 1-13.568-5.717334 19.754667 19.754667 0 0 1-5.632-13.866666v-39.082667c0-5.205333 2.005333-10.154667 5.632-13.824a19.029333 19.029333 0 0 1 13.568-5.717333h345.6z m0-156.458667c5.12 0 9.984 2.090667 13.568 5.76a19.754667 19.754667 0 0 1 5.632 13.824v39.082667a19.754667 19.754667 0 0 1-5.632 13.824 19.029333 19.029333 0 0 1-13.568 5.76h-345.6a19.029333 19.029333 0 0 1-13.568-5.76 19.754667 19.754667 0 0 1-5.632-13.824v-39.082667c0-5.205333 2.005333-10.154667 5.632-13.824a19.029333 19.029333 0 0 1 13.568-5.717333h345.6zM492.970667 85.333333l36.352 0.128c4.693333 0 9.216 1.749333 12.714666 4.906667a19.626667 19.626667 0 0 1 6.314667 12.245333l0.128 2.261334 1.365333 238.933333 81.450667-82.986667a19.029333 19.029333 0 0 1 25.344-1.621333l1.792 1.621333 27.178667 27.648a19.712 19.712 0 0 1 1.578666 25.813334l-1.578666 1.877333-149.333334 152.064a38.058667 38.058667 0 0 1-51.882666 2.304l-2.432-2.304-149.333334-152.064a19.712 19.712 0 0 1-1.621333-25.813333l1.621333-1.877334 27.136-27.648a19.029333 19.029333 0 0 1 25.344-1.621333l1.792 1.621333 88.192 89.856-1.365333-245.674666a20.010667 20.010667 0 0 1 5.589333-13.909334 19.2 19.2 0 0 1 13.653334-5.76z\" fill=\"#1D2129\">\u003C/path>\u003C/symbol>\u003Csymbol id=\"iconapp_nav_installed\" viewBox=\"0 0 1024 1024\">\u003Cpath d=\"M723.242667 123.221333l66.176 111.36 111.36 66.133334a77.525333 77.525333 0 0 1 35.498666 85.76L904.362667 512l31.914666 125.525333a77.482667 77.482667 0 0 1-35.498666 85.76l-111.36 66.133334-66.133334 111.36a77.482667 77.482667 0 0 1-85.76 35.498666L512 904.362667l-125.525333 31.914666a77.482667 77.482667 0 0 1-85.76-35.541333l-66.133334-111.317333-111.36-66.133334a77.525333 77.525333 0 0 1-35.498666-85.76L119.637333 512l-31.914666-125.525333a77.525333 77.525333 0 0 1 35.498666-85.76l111.36-66.133334 66.133334-111.36a77.525333 77.525333 0 0 1 85.76-35.498666L512 119.637333l125.525333-31.914666a77.525333 77.525333 0 0 1 85.76 35.498666z m-66.602667 39.594667l-125.525333 32a77.525333 77.525333 0 0 1-38.229334 0l-125.525333-32-66.133333 111.36c-6.656 11.093333-15.914667 20.394667-27.050667 27.008L162.816 367.36l31.914667 125.525333c3.2 12.544 3.2 25.685333 0 38.229334l-31.914667 125.482666 111.36 66.218667c11.093333 6.613333 20.394667 15.872 27.008 27.008l66.133333 111.36 125.568-31.957333c12.544-3.2 25.642667-3.2 38.186667 0l125.525333 31.957333 66.176-111.36c6.613333-11.093333 15.914667-20.394667 27.008-27.008l111.36-66.176-31.914666-125.525333a77.568 77.568 0 0 1 0-38.229334l31.914666-125.525333-111.36-66.133333a77.44 77.44 0 0 1-27.008-27.050667l-66.133333-111.36z m74.581333 255.573333l-54.784-54.741333-219.221333 219.221333-109.653333-109.653333-54.784 54.826667 164.437333 164.437333 274.005333-274.048z\" fill=\"#1D2129\">\u003C/path>\u003C/symbol>\u003Csymbol id=\"iconapp_nav_Audio\" viewBox=\"0 0 1024 1024\">\u003Cpath d=\"M336.426667 90.794667l153.813333 154.24h38.442667l153.813333-154.24a18.517333 18.517333 0 0 1 24.490667-1.536l1.792 1.536 26.24 26.325333a18.602667 18.602667 0 0 1 1.536 24.533333l-1.578667 1.749334-101.376 101.632h267.946667a37.034667 37.034667 0 0 1 37.034666 34.389333l0.085334 2.816v576.554667a37.248 37.248 0 0 1-34.304 37.12L901.546667 896H122.453333a37.034667 37.034667 0 0 1-37.034666-34.389333L85.333333 858.794667V282.24a37.248 37.248 0 0 1 34.304-37.12l2.816-0.085333h262.826667L283.989333 143.36a18.602667 18.602667 0 0 1 0-26.325333l26.24-26.282667a18.56 18.56 0 0 1 26.24 0z m528.042666 228.650666H159.530667v502.186667h704.938666V319.402667z m-426.666666 116.992c3.413333 0 6.826667 0.938667 9.728 2.730667L634.709333 554.666667a18.602667 18.602667 0 0 1 0 31.701333L447.573333 701.866667a18.517333 18.517333 0 0 1-28.288-15.872v-230.997334a18.602667 18.602667 0 0 1 18.56-18.56z\" fill=\"#1D2129\">\u003C/path>\u003C/symbol>\u003Csymbol id=\"iconapp_nav_Community\" viewBox=\"0 0 1024 1024\">\u003Cpath d=\"M409.856 795.221333c32.213333 14.549333 67.072 22.016 102.314667 21.973334 36.394667 0 71.04-7.808 102.314666-21.930667 13.226667 23.978667 31.274667 44.885333 52.906667 61.397333a324.181333 324.181333 0 0 1-155.221333 39.338667 324.608 324.608 0 0 1-155.221334-39.296c21.632-16.554667 39.68-37.504 52.906667-61.44z m-163.328-253.696l1.792 0.085334 4.693333 0.341333 1.237334 0.085333 5.76 0.597334 0.554666 0.085333c25.173333 3.328 49.194667 12.885333 69.888 27.818667 20.693333 14.933333 37.461333 34.773333 48.810667 57.770666a159.744 159.744 0 0 1-3.370667 147.797334l-0.725333 1.28-1.365333 2.389333-0.469334 0.853333-0.170666 0.256-0.128 0.170667-0.128 0.256-1.024 1.706667c-3.029333 4.821333-6.314667 9.514667-9.813334 13.994666l-1.066666 1.408a143.36 143.36 0 0 1-3.413334 4.096l-0.64 0.725334a155.306667 155.306667 0 0 1-56.448 41.088 153.173333 153.173333 0 0 1-135.253333-7.594667 156.117333 156.117333 0 0 1-51.626667-47.104 159.914667 159.914667 0 0 1-21.845333-135.68 158.293333 158.293333 0 0 1 34.261333-61.44c15.829333-17.536 35.413333-31.232 57.173334-40.021333l1.834666-0.725334-2.645333 1.109334 5.290667-2.133334 1.024-0.341333c3.84-1.408 7.765333-2.602667 11.733333-3.712l0.853333-0.213333c1.792-0.469333 3.626667-0.896 5.461334-1.28l0.597333-0.170667a153.088 153.088 0 0 1 33.109333-3.626667l6.058667 0.128z m542.592 0h0.64l1.92 0.085334c10.581333 0.554667 21.12 2.176 31.36 4.864l0.896 0.256c3.925333 1.066667 7.808 2.304 11.648 3.669333l0.725333 0.256c20.352 7.466667 38.912 19.2 54.528 34.389333 15.573333 15.146667 27.861333 33.493333 36.096 53.76a159.701333 159.701333 0 0 1-3.157333 127.402667 157.44 157.44 0 0 1-38.826667 51.84 154.666667 154.666667 0 0 1-56.149333 31.488 153.045333 153.045333 0 0 1-124.629333-15.232l-1.28-0.768-3.498667-2.261333-0.213333-0.128-1.706667-1.152a149.717333 149.717333 0 0 1-9.728-7.168l-0.981333-0.810667a153.898667 153.898667 0 0 1-9.216-8.149333l-0.64-0.597334a164.48 164.48 0 0 1-8.832-9.216l-0.682667-0.853333a184.021333 184.021333 0 0 1-3.157333-3.669333l-1.024-1.322667a158.208 158.208 0 0 1-10.709334-15.189333l-0.426666-0.597334-0.554667-0.853333a159.402667 159.402667 0 0 1 41.130667-210.133333 154.026667 154.026667 0 0 1 71.125333-28.714667l5.546667-0.64 2.005333-0.128 4.693333-0.341333h0.981334l0.597333-0.085334c2.090667-0.085333 4.138667-0.128 6.229333-0.128l5.290667 0.128zM240.512 620.202667c-20.608 0-40.362667 8.32-54.912 23.04a79.445333 79.445333 0 0 0-22.698667 55.808c0 20.906667 8.149333 40.917333 22.698667 55.68s34.304 23.082667 54.912 23.082666c20.565333 0 40.32-8.277333 54.912-23.04 14.506667-14.805333 22.698667-34.858667 22.698667-55.722666 0-20.906667-8.149333-40.96-22.698667-55.765334a77.141333 77.141333 0 0 0-54.912-23.082666z m543.317333 0c-20.565333 0-40.32 8.32-54.869333 23.04a79.488 79.488 0 0 0 0 111.488c14.506667 14.762667 34.304 23.082667 54.869333 23.082666s40.32-8.32 54.869334-23.04a79.488 79.488 0 0 0 0-111.445333 77.056 77.056 0 0 0-54.869334-23.125333zM187.690667 550.784l-0.725334 0.256 1.024-0.384-0.298666 0.128z m579.456-8.448l-2.901334 0.341333 3.157334-0.426666-0.256 0.085333z m20.266666-0.853333h-0.512l-3.072-0.085334 3.584 0.042667zM318.208 290.176a198.4 198.4 0 0 0 20.992 84.522667 256.426667 256.426667 0 0 0-72.96 128.981333 191.36 191.36 0 0 0-80.128 6.144 335.701333 335.701333 0 0 1 120.96-211.029333l6.229333-4.949334 4.906667-3.669333z m387.968 0a335.616 335.616 0 0 1 130.986667 213.162667l1.024 6.485333c-26.026667-7.68-53.333333-9.813333-80.170667-6.144a256.554667 256.554667 0 0 0-72.917333-129.024 198.4 198.4 0 0 0 21.077333-84.48z m-221.525333-159.744a152.96 152.96 0 0 1 122.965333 30.890667c17.194667 13.653333 31.402667 30.805333 41.642667 50.346666a159.36 159.36 0 0 1 8.533333 128.298667l-2.218667 5.674667-0.085333 0.170666-0.426667 1.066667-1.237333 2.944a156.970667 156.970667 0 0 1-56.234667 67.114667 153.728 153.728 0 0 1-83.029333 26.026666 153.557333 153.557333 0 0 1-83.712-23.338666 156.885333 156.885333 0 0 1-58.325333-65.365334l-2.218667-4.949333-0.512-1.066667-1.621333-4.010666-0.810667-2.005334a158.762667 158.762667 0 0 1-9.642667-41.216l-0.085333-0.981333-0.298667-3.456-0.213333-3.456-0.042667-0.682667a176.213333 176.213333 0 0 1-0.128-7.168l0.085334-6.229333 0.085333-1.877333 0.298667-4.138667 0.128-1.92c0.128-1.706667 0.341333-3.498667 0.554666-5.248l0.128-1.066667a159.146667 159.146667 0 0 1 21.76-61.909333A156.672 156.672 0 0 1 424.661333 155.306667a154.026667 154.026667 0 0 1 59.946667-24.874667z m27.52 76.074667c-20.608 0-40.32 8.277333-54.869334 23.04a79.402667 79.402667 0 0 0 0 111.445333c14.506667 14.762667 34.261333 23.04 54.869334 23.04 20.565333 0 40.32-8.277333 54.869333-23.04a79.402667 79.402667 0 0 0 0-111.402667 77.013333 77.013333 0 0 0-54.869333-23.082666z\" fill=\"#1D2129\">\u003C/path>\u003C/symbol>\u003Csymbol id=\"iconapp_nav_all\" viewBox=\"0 0 1024 1024\">\u003Cpath d=\"M426.666667 554.666667a42.666667 42.666667 0 0 1 42.666666 42.666666v277.333334a42.666667 42.666667 0 0 1-38.314666 42.453333L426.666667 917.333333H149.333333l-4.394666-0.213333a42.666667 42.666667 0 0 1-38.058667-38.101333L106.666667 874.666667V597.333333a42.666667 42.666667 0 0 1 42.666666-42.666666H426.666667z m450.133333-2.133334a40.533333 40.533333 0 0 1 40.533333 40.533334v283.733333a40.533333 40.533333 0 0 1-40.533333 40.533333H593.066667a40.533333 40.533333 0 0 1-40.533334-40.533333V593.066667a40.533333 40.533333 0 0 1 40.533334-40.533334h283.733333zM183.466667 840.533333h209.066666v-209.066666H183.466667v209.066666z m450.133333-4.266666h202.666667v-202.666667h-202.666667v202.666667zM430.933333 106.666667a40.533333 40.533333 0 0 1 40.533334 40.533333v283.733333a40.533333 40.533333 0 0 1-40.533334 40.533334H147.2a40.533333 40.533333 0 0 1-40.533333-40.533334V147.2a40.533333 40.533333 0 0 1 40.533333-40.533333h283.733333z m445.866667 0a40.533333 40.533333 0 0 1 40.533333 40.533333v283.733333a40.533333 40.533333 0 0 1-40.533333 40.533334H593.066667a40.533333 40.533333 0 0 1-40.533334-40.533334V147.2a40.533333 40.533333 0 0 1 40.533334-40.533333h283.733333zM187.733333 390.4h202.666667V187.733333H187.733333v202.666667z m445.866667 0h202.666667V187.733333h-202.666667v202.666667z\" fill=\"#1D2129\">\u003C/path>\u003C/symbol>\u003Csymbol id=\"iconUpward\" viewBox=\"0 0 1024 1024\">\u003Cpath d=\"M917.333333 853.333333a21.333333 21.333333 0 0 1 21.333334 21.333334v42.666666a21.333333 21.333333 0 0 1-21.333334 21.333334h-810.666666a21.333333 21.333333 0 0 1-21.333334-21.333334v-42.666666a21.333333 21.333333 0 0 1 21.333334-21.333334h810.666666zM433.194667 388.053333v359.637334c0 5.376 2.133333 10.538667 5.802666 14.336 3.669333 3.84 8.704 5.973333 13.909334 5.973333h118.186666c5.205333 0 10.24-2.133333 13.909334-5.973333a20.650667 20.650667 0 0 0 5.76-14.336V388.053333h147.712c1.237333 0 2.389333-0.213333 3.584-0.341333l0.554666-0.128a25.088 25.088 0 0 0 3.925334-0.938667 14.549333 14.549333 0 0 0 3.797333-1.408l0.512-0.256 0.810667-0.426666a15.36 15.36 0 0 0 2.005333-0.981334 31.786667 31.786667 0 0 0 13.653333-21.333333 39.68 39.68 0 0 0 0.64-6.229333L768 355.413333a9.216 9.216 0 0 0-0.085333-1.152l-0.085334-0.853333-0.042666-0.426667a34.261333 34.261333 0 0 0-5.76-17.066666l-221.696-230.485334c-5.845333-11.306667-17.365333-21.973333-28.330667-19.797333-10.965333-2.176-22.442667 8.490667-28.330667 19.797333L261.930667 335.914667a34.432 34.432 0 0 0-5.717334 17.066666v0.426667c0 0.298667-0.085333 0.597333-0.128 0.853333A8.746667 8.746667 0 0 0 256 355.413333l0.042667 0.597334 0.042666 0.554666c0.042667 1.621333 0.213333 3.242667 0.426667 4.821334 1.706667 9.514667 6.4 17.450667 13.824 22.186666 0.64 0.426667 1.322667 0.725333 2.005333 1.024l0.853334 0.426667 0.426666 0.213333a30.976 30.976 0 0 0 7.381334 2.346667l0.896 0.128a24.277333 24.277333 0 0 0 3.626666 0.341333h147.669334z\" fill=\"#3491FA\">\u003C/path>\u003C/symbol>\u003Csymbol id=\"icondownward\" viewBox=\"0 0 1024 1024\">\u003Cpath d=\"M917.333333 853.333333a21.333333 21.333333 0 0 1 21.333334 21.333334v42.666666a21.333333 21.333333 0 0 1-21.333334 21.333334h-810.666666a21.333333 21.333333 0 0 1-21.333334-21.333334v-42.666666a21.333333 21.333333 0 0 1 21.333334-21.333334h810.666666zM433.194667 465.28V105.642667c0-5.376 2.133333-10.538667 5.802666-14.378667A19.413333 19.413333 0 0 1 452.906667 85.333333h118.186666c5.205333 0 10.24 2.133333 13.909334 5.973334 3.669333 3.797333 5.76 8.96 5.76 14.336v359.637333h147.712c1.237333 0 2.389333 0.213333 3.584 0.341333l0.554666 0.128a25.344 25.344 0 0 1 3.925334 0.938667c1.322667 0.298667 2.602667 0.768 3.797333 1.408l0.512 0.256 0.810667 0.426667a15.274667 15.274667 0 0 1 2.005333 0.981333 31.786667 31.786667 0 0 1 13.653333 21.333333 39.765333 39.765333 0 0 1 0.64 6.229334l0.042667 0.597333a9.344 9.344 0 0 1-0.085333 1.152l-0.085334 0.853333-0.042666 0.426667a34.304 34.304 0 0 1-5.76 17.066667l-221.696 230.485333c-5.845333 11.306667-17.365333 21.973333-28.330667 19.797333-10.965333 2.176-22.442667-8.490667-28.330667-19.797333l-221.738666-230.485333a34.432 34.432 0 0 1-5.717334-17.066667v-0.426667c0-0.298667-0.085333-0.597333-0.128-0.853333A8.746667 8.746667 0 0 1 256 497.92l0.042667-0.64 0.042666-0.554667a36.266667 36.266667 0 0 1 0.426667-4.864 32.128 32.128 0 0 1 13.824-22.101333c0.64-0.426667 1.322667-0.768 2.005333-1.066667l0.853334-0.426666 0.426666-0.213334a31.232 31.232 0 0 1 7.381334-2.346666l0.896-0.128a24.32 24.32 0 0 1 3.626666-0.341334h147.669334z\" fill=\"#23C343\">\u003C/path>\u003C/symbol>\u003Csymbol id=\"iconStorage_Nav_iSCSI_Target\" viewBox=\"0 0 1024 1024\">\u003Cpath d=\"M298.666667 256m-42.666667 0a42.666667 42.666667 0 1 0 85.333333 0 42.666667 42.666667 0 1 0-85.333333 0Z\" fill=\"#1D2129\">\u003C/path>\u003Cpath d=\"M725.333333 256m-42.666666 0a42.666667 42.666667 0 1 0 85.333333 0 42.666667 42.666667 0 1 0-85.333333 0Z\" fill=\"#1D2129\">\u003C/path>\u003Cpath d=\"M298.666667 768m-42.666667 0a42.666667 42.666667 0 1 0 85.333333 0 42.666667 42.666667 0 1 0-85.333333 0Z\" fill=\"#1D2129\">\u003C/path>\u003Cpath d=\"M725.333333 768m-42.666666 0a42.666667 42.666667 0 1 0 85.333333 0 42.666667 42.666667 0 1 0-85.333333 0Z\" fill=\"#1D2129\">\u003C/path>\u003Cpath d=\"M873.386667 85.333333c6.016 0 11.776 2.261333 16 6.229334 4.224 4.010667 6.613333 9.429333 6.613333 15.104v810.666666c0 5.674667-2.389333 11.093333-6.613333 15.104a23.253333 23.253333 0 0 1-15.957334 6.229334H150.570667a23.253333 23.253333 0 0 1-15.957334-6.229334A20.778667 20.778667 0 0 1 128 917.333333v-810.666666c0-5.674667 2.389333-11.093333 6.613333-15.104A23.253333 23.253333 0 0 1 150.613333 85.333333h722.858667zM213.333333 344.234667v510.421333l597.333334 1.578667V170.666667H212.949333L213.333333 344.234667zM512 277.333333a209.493333 209.493333 0 0 1 143.786667 56.234667A186.709333 186.709333 0 0 1 715.264 469.333333a185.6 185.6 0 0 1-47.189333 122.88l-55.424-74.88c7.893333-14.762667 12.288-31.146667 12.288-48 0-28.288-11.946667-55.424-33.109334-75.434666A116.48 116.48 0 0 0 512 362.666667a116.48 116.48 0 0 0-79.872 31.232A103.765333 103.765333 0 0 0 399.061333 469.333333c0 28.288 11.904 55.424 33.066667 75.434667 17.365333 16.384 39.850667 26.752 63.872 29.994667l60.544 81.834666c-14.506667 3.072-29.44 4.736-44.544 4.736a209.493333 209.493333 0 0 1-143.786667-56.234666A186.752 186.752 0 0 1 308.736 469.333333c0-50.901333 21.418667-99.754667 59.562667-135.765333A209.493333 209.493333 0 0 1 512 277.333333z\" fill=\"#1D2129\">\u003C/path>\u003Cpath d=\"M548.293081 473.420174m26.414676 33.506855l103.281379 131.011806q26.414675 33.506856-7.09218 59.921531l0 0q-33.506856 26.414675-59.921531-7.092181l-103.28138-131.011805q-26.414675-33.506856 7.092181-59.921531l0 0q33.506856-26.414675 59.921531 7.09218Z\" fill=\"#1D2129\">\u003C/path>\u003C/symbol>\u003Csymbol id=\"iconStorage_Nav_hot_spare\" viewBox=\"0 0 1024 1024\">\u003Cpath d=\"M85.333333 621.653333l0.256-3.456a34.261333 34.261333 0 0 1 0.341334-1.877333l0.128-0.682667L185.258667 133.248a33.706667 33.706667 0 0 1 9.301333-17.194667c4.693333-4.650667 10.666667-7.765333 17.152-8.917333l5.674667-0.469333h590.378666c6.570667 0 13.013333 2.005333 18.474667 5.76a33.408 33.408 0 0 1 12.074667 15.36l1.621333 5.546666 98.090667 482.389334a37.973333 37.973333 0 0 1 0.64 6.826666v261.290667a33.834667 33.834667 0 0 1-9.6 23.68 32.469333 32.469333 0 0 1-23.210667 9.813333H118.144a32.469333 32.469333 0 0 1-23.210667-9.813333 33.834667 33.834667 0 0 1-9.6-23.68V621.653333z m768 0.853334L170.666667 618.24V832h682.666666v-209.493333z m-61.525333 97.706666a32.426667 32.426667 0 0 1 22.186667 8.746667 34.005333 34.005333 0 0 1 4.010666 45.056 32.725333 32.725333 0 0 1-20.266666 12.672l-5.930667 0.554667h-82.901333a32.469333 32.469333 0 0 1-22.186667-8.746667 34.005333 34.005333 0 0 1-4.010667-45.056 32.725333 32.725333 0 0 1 20.309334-12.672l5.888-0.554667h82.944zM768 192H256l-64 341.333333h644.693333L768 192z\" fill=\"#1D2129\">\u003C/path>\u003Cpath d=\"M548.565333 252.970667a18.261333 18.261333 0 0 0-18.261333-18.304h-36.608a18.304 18.304 0 0 0-18.261333 18.304v73.130666H402.304A18.304 18.304 0 0 0 384 344.32v36.608a18.304 18.304 0 0 0 18.304 18.261333h73.130667v73.130667a18.304 18.304 0 0 0 18.261333 18.304h36.608a18.304 18.304 0 0 0 18.261333-18.304V399.232h73.130667A18.304 18.304 0 0 0 640 381.013333V344.32a18.304 18.304 0 0 0-18.304-18.261333h-73.130667V252.970667z\" fill=\"#1D2129\">\u003C/path>\u003C/symbol>\u003Csymbol id=\"iconStorage_Nav_disk\" viewBox=\"0 0 1024 1024\">\u003Cpath d=\"M85.333333 621.653333l0.256-3.456a34.261333 34.261333 0 0 1 0.341334-1.877333l0.128-0.682667L185.258667 133.248a33.706667 33.706667 0 0 1 9.301333-17.194667c4.693333-4.650667 10.666667-7.765333 17.152-8.917333l5.674667-0.469333h590.378666c6.570667 0 13.013333 2.005333 18.474667 5.76a33.408 33.408 0 0 1 12.074667 15.36l1.621333 5.546666 98.090667 482.389334a37.973333 37.973333 0 0 1 0.64 6.826666v261.290667a33.834667 33.834667 0 0 1-9.6 23.68 32.469333 32.469333 0 0 1-23.210667 9.813333H118.144a32.469333 32.469333 0 0 1-23.210667-9.813333 33.834667 33.834667 0 0 1-9.6-23.68V621.653333z m768 0.853334L170.666667 618.24V832h682.666666v-209.493333z m-61.525333 97.706666a32.426667 32.426667 0 0 1 22.186667 8.746667 34.005333 34.005333 0 0 1 4.010666 45.056 32.725333 32.725333 0 0 1-20.266666 12.672l-5.930667 0.554667h-82.901333a32.469333 32.469333 0 0 1-22.186667-8.746667 34.005333 34.005333 0 0 1-4.010667-45.056 32.725333 32.725333 0 0 1 20.309334-12.672l5.888-0.554667h82.944zM768 192H256l-64 341.333333h644.693333L768 192z\" fill=\"#1D2129\">\u003C/path>\u003C/symbol>\u003Csymbol id=\"iconStorage_nav_overview\" viewBox=\"0 0 1024 1024\">\u003Cpath d=\"M876.8 106.666667a40.533333 40.533333 0 0 1 40.533333 40.533333v567.466667a40.533333 40.533333 0 0 1-40.533333 40.533333h-324.266667v81.066667h101.333334a20.266667 20.266667 0 0 1 20.266666 20.266666v40.533334a20.266667 20.266667 0 0 1-20.266666 20.266666h-283.733334a20.266667 20.266667 0 0 1-20.266666-20.266666v-40.533334a20.266667 20.266667 0 0 1 20.266666-20.266666h101.333334v-81.066667h-324.266667a40.533333 40.533333 0 0 1-40.533333-40.533333V147.2a40.533333 40.533333 0 0 1 40.533333-40.533333h729.6z m-40.533333 81.066666H187.733333v486.4h648.533334V187.733333z m-114.730667 156.202667l-28.672-28.672a20.266667 20.266667 0 0 0-28.672 0l-103.68 103.68-91.648-92.032-1.92-1.706667a20.224 20.224 0 0 0-26.709333 1.706667l-145.237334 144.768a20.266667 20.266667 0 0 0 0 28.672l28.629334 28.629333a20.266667 20.266667 0 0 0 28.672 0l101.674666-101.674666 92.330667 92.416a20.181333 20.181333 0 0 0 28.672 0l146.56-147.157334a20.266667 20.266667 0 0 0 0-28.586666z\" fill=\"#1D2129\">\u003C/path>\u003C/symbol>\u003Csymbol id=\"iconStorage_Nav_storage\" viewBox=\"0 0 1024 1024\">\u003Cpath d=\"M204.8 347.050667v168.533333c0 39.594667 129.621333 82.688 307.2 82.688 177.578667 0 307.2-43.093333 307.2-82.688v-168.533333c-68.949333 38.4-174.037333 58.282667-307.2 58.282666-133.162667 0-238.293333-19.925333-307.2-58.282666z m0 271.616v146.730666c0 39.594667 129.621333 109.269333 307.2 109.269334 177.578667 0 307.2-63.957333 307.2-103.552v-146.730667C750.250667 662.784 645.162667 682.666667 512 682.666667c-133.162667 0-238.293333-25.6-307.2-64zM896 235.946667v559.317333c0 87.082667-172.757333 164.736-384 164.736-211.285333 0-384-77.653333-384-164.736V236.245333C128 145.066667 277.333333 68.266667 512 68.266667s384 81.066667 384 167.68zM512 320c128 0 298.666667-44.458667 298.666667-84.053333 0-61.269333-170.666667-90.88-298.666667-90.88S213.333333 192 213.333333 234.666667s170.666667 85.333333 298.666667 85.333333z m224 172.672a33.962667 33.962667 0 0 1-22.613333-8.405333 27.264 27.264 0 0 1-9.386667-20.266667c0-7.637333 3.370667-14.933333 9.386667-20.309333a33.962667 33.962667 0 0 1 22.613333-8.405334c8.490667 0 16.64 3.029333 22.613333 8.405334 6.016 5.376 9.386667 12.672 9.386667 20.309333 0 7.594667-3.370667 14.890667-9.386667 20.266667a33.962667 33.962667 0 0 1-22.613333 8.405333z m0 286.848a33.962667 33.962667 0 0 1-22.613333-8.405333 27.264 27.264 0 0 1-9.386667-20.309334c0-7.594667 3.370667-14.890667 9.386667-20.266666a33.962667 33.962667 0 0 1 22.613333-8.405334c8.490667 0 16.64 2.986667 22.613333 8.405334 6.016 5.376 9.386667 12.672 9.386667 20.266666 0 7.637333-3.370667 14.933333-9.386667 20.309334a33.962667 33.962667 0 0 1-22.613333 8.405333z\" fill=\"#1D2129\">\u003C/path>\u003C/symbol>\u003Csymbol id=\"iconStorage_Nav_USB_enabled\" viewBox=\"0 0 1024 1024\">\u003Cpath d=\"M759.168 91.477333C751.829333 87.466667 744.533333 85.333333 724.522667 85.333333H299.477333c-20.053333 0-27.306667 2.133333-34.645333 6.144a41.258667 41.258667 0 0 0-17.066667 17.450667c-3.925333 7.509333-5.973333 14.976-5.973333 35.498667v286.848h-19.669333c-40.149333 0-54.741333 4.266667-69.418667 12.288-14.506667 7.893333-26.368 20.053333-34.048 34.901333-7.808 15.018667-11.989333 29.952-11.989333 71.04v363.093333c0 10.154667 0.256 18.730667 0.768 26.069334l89.301333-0.042667v-415.146667H827.306667V938.666667l89.301333 0.042666a376.746667 376.746667 0 0 0 0.768-26.026666v-363.093334c0-41.130667-4.181333-56.064-12.032-71.082666a82.858667 82.858667 0 0 0-34.048-34.901334c-14.677333-8.021333-29.226667-12.288-69.376-12.288h-19.626667V144.469333c0-20.565333-2.133333-28.032-6.058666-35.541333a41.386667 41.386667 0 0 0-17.024-17.450667zM331.861333 177.578667h360.277334v253.696H331.861333V177.578667z m135.082667 69.205333v92.245333h-90.026667V246.784h90.026667z m180.181333 92.245333V246.784h-90.069333v92.245333h90.026667z\" fill=\"#1D2129\">\u003C/path>\u003C/symbol>\u003Csymbol id=\"iconStorage_Nav_volume\" viewBox=\"0 0 1024 1024\">\u003Cpath d=\"M512 85.333333c235.648 0 426.666667 191.018667 426.666667 426.666667s-191.018667 426.666667-426.666667 426.666667S85.333333 747.648 85.333333 512 276.352 85.333333 512 85.333333zM162.901333 512a349.098667 349.098667 0 0 0 592.554667 250.197333L473.173333 530.346667V165.034667A349.141333 349.141333 0 0 0 162.901333 512z m387.882667-346.965333v328.618666l253.952 208.64a349.141333 349.141333 0 0 0-253.952-537.173333z\" fill=\"#1D2129\">\u003C/path>\u003C/symbol>\u003Csymbol id=\"iconStorage_Nav_SSD_cache\" viewBox=\"0 0 1024 1024\">\u003Cpath d=\"M128 170.666667h768c23.552 0 42.666667 17.962667 42.666667 40.149333V813.226667c0 22.186667-19.114667 40.149333-42.666667 40.149333H128c-23.552 0-42.666667-17.962667-42.666667-40.149333V210.773333C85.333333 188.629333 104.448 170.666667 128 170.666667z m42.666667 85.333333v512h682.112L853.333333 640h85.333334V298.666667h-85.333334l-0.554666-42.666667H170.666667z\" fill=\"#1D2129\">\u003C/path>\u003Cpath d=\"M554.666667 564.565333c0 24.533333-7.893333 42.453333-18.517334 55.168-12.586667 15.104-27.562667 20.266667-45.269333 20.266667-17.749333 0-35.072-7.082667-45.696-20.266667-12.202667-15.104-18.517333-32.554667-18.517333-56.106666h41.386666c0 9.898667 2.346667 17.92 7.04 23.552 3.968 5.205333 10.24 7.552 15.786667 7.552a19.754667 19.754667 0 0 0 16.128-7.04c3.925333-4.266667 5.930667-11.818667 5.930667-19.84a35.669333 35.669333 0 0 0-4.352-18.346667 36.565333 36.565333 0 0 0-16.170667-14.165333l-27.562667-14.634667c-14.165333-7.509333-24.405333-17.408-30.293333-28.757333-4.736-8.96-6.698667-20.266667-6.698667-33.92 0-24.064 7.082667-39.594667 18.090667-53.290667 11.434667-13.653333 27.562667-20.736 44.928-20.736 17.322667 0 33.066667 6.613333 43.690667 18.858667 11.050667 12.714667 17.749333 30.165333 17.749333 55.168h-40.96c0-10.837333-1.962667-17.450667-5.930667-22.613334a19.626667 19.626667 0 0 0-6.613333-5.674666 16.426667 16.426667 0 0 0-7.936-1.877334 19.968 19.968 0 0 0-15.36 7.04 29.013333 29.013333 0 0 0-5.930667 18.858667c0 6.144 0.810667 10.410667 3.157334 14.634667a37.077333 37.077333 0 0 0 15.36 14.122666l27.562666 14.165334c14.165333 7.552 23.637333 15.530667 30.293334 27.306666 5.546667 9.472 8.704 23.594667 8.704 40.576zM597.333333 402.304c0-10.112 6.4-18.304 14.208-18.304h56.917334C723.413333 384 768 441.301333 768 512s-44.586667 128-99.541333 128h-56.917334c-7.850667 0-14.208-8.192-14.208-18.304V402.346667z m42.666667 32.896v153.6h28.458667c39.253333 0 56.874667-26.325333 56.874666-76.8 0-50.517333-17.621333-76.8-56.874666-76.8H640zM384 564.565333c0 24.533333-7.893333 42.453333-18.517333 55.168-12.586667 15.104-27.562667 20.266667-45.269334 20.266667-17.749333 0-35.072-7.082667-45.696-20.266667C262.314667 604.586667 256 587.178667 256 563.626667h41.386667c0 9.898667 2.346667 17.92 7.04 23.552 3.968 5.205333 10.24 7.552 15.786666 7.552a19.754667 19.754667 0 0 0 16.128-7.04c3.925333-4.266667 5.930667-11.818667 5.930667-19.84a35.669333 35.669333 0 0 0-4.352-18.346667 36.565333 36.565333 0 0 0-16.128-14.165333l-27.605333-14.634667c-14.165333-7.509333-24.405333-17.408-30.293334-28.757333-4.736-8.96-6.698667-20.266667-6.698666-33.92 0-24.064 7.082667-39.594667 18.090666-53.290667C286.72 391.082667 302.848 384 320.213333 384c17.322667 0 33.066667 6.613333 43.690667 18.858667 11.050667 12.714667 17.749333 30.165333 17.749333 55.168h-40.96c0-10.837333-2.005333-17.450667-5.930666-22.613334a19.626667 19.626667 0 0 0-6.613334-5.674666 16.469333 16.469333 0 0 0-7.936-1.877334 19.968 19.968 0 0 0-15.36 7.04 29.013333 29.013333 0 0 0-5.930666 18.858667c0 6.144 0.810667 10.410667 3.157333 14.634667a37.12 37.12 0 0 0 15.36 14.122666l27.562667 14.165334c14.165333 7.552 23.637333 15.530667 30.293333 27.306666 5.546667 9.472 8.704 23.594667 8.704 40.576zM853.333333 341.333333h85.333334v85.333334h-85.333334zM853.333333 469.333333h85.333334v128h-85.333334z\" fill=\"#1D2129\">\u003C/path>\u003C/symbol>\u003Csymbol id=\"iconlist_move\" viewBox=\"0 0 1024 1024\">\u003Cpath d=\"M682.666667 746.666667a21.333333 21.333333 0 0 1 21.333333 21.333333v85.333333a21.333333 21.333333 0 0 1-21.333333 21.333334h-85.333334a21.333333 21.333333 0 0 1-21.333333-21.333334v-85.333333a21.333333 21.333333 0 0 1 21.333333-21.333333h85.333334z m-256 0a21.333333 21.333333 0 0 1 21.333333 21.333333v85.333333a21.333333 21.333333 0 0 1-21.333333 21.333334H341.333333a21.333333 21.333333 0 0 1-21.333333-21.333334v-85.333333a21.333333 21.333333 0 0 1 21.333333-21.333333h85.333334z m170.666666-298.666667h85.333334a21.333333 21.333333 0 0 1 21.333333 21.333333v85.333334a21.333333 21.333333 0 0 1-21.333333 21.333333h-85.333334a21.333333 21.333333 0 0 1-21.333333-21.333333v-85.333334a21.333333 21.333333 0 0 1 21.333333-21.333333z m-256 0h85.333334a21.333333 21.333333 0 0 1 21.333333 21.333333v85.333334a21.333333 21.333333 0 0 1-21.333333 21.333333H341.333333a21.333333 21.333333 0 0 1-21.333333-21.333333v-85.333334a21.333333 21.333333 0 0 1 21.333333-21.333333z m341.333334-298.666667a21.333333 21.333333 0 0 1 21.333333 21.333334v85.333333a21.333333 21.333333 0 0 1-21.333333 21.333333h-85.333334a21.333333 21.333333 0 0 1-21.333333-21.333333V170.666667a21.333333 21.333333 0 0 1 21.333333-21.333334h85.333334z m-256 0a21.333333 21.333333 0 0 1 21.333333 21.333334v85.333333a21.333333 21.333333 0 0 1-21.333333 21.333333H341.333333a21.333333 21.333333 0 0 1-21.333333-21.333333V170.666667a21.333333 21.333333 0 0 1 21.333333-21.333334h85.333334z\" fill=\"#1D2129\">\u003C/path>\u003C/symbol>\u003Csymbol id=\"iconcard_more\" viewBox=\"0 0 1024 1024\">\u003Cpath d=\"M768 448h85.333333a21.333333 21.333333 0 0 1 21.333334 21.333333v85.333334a21.333333 21.333333 0 0 1-21.333334 21.333333h-85.333333a21.333333 21.333333 0 0 1-21.333333-21.333333v-85.333334a21.333333 21.333333 0 0 1 21.333333-21.333333z m-512 0a21.333333 21.333333 0 0 1 21.333333 21.333333v85.333334a21.333333 21.333333 0 0 1-21.333333 21.333333H170.666667a21.333333 21.333333 0 0 1-21.333334-21.333333v-85.333334a21.333333 21.333333 0 0 1 21.333334-21.333333h85.333333z m298.666667 0a21.333333 21.333333 0 0 1 21.333333 21.333333v85.333334a21.333333 21.333333 0 0 1-21.333333 21.333333h-85.333334a21.333333 21.333333 0 0 1-21.333333-21.333333v-85.333334a21.333333 21.333333 0 0 1 21.333333-21.333333h85.333334z\" fill=\"#1D2129\">\u003C/path>\u003C/symbol>\u003Csymbol id=\"iconnetwork_device\" viewBox=\"0 0 1024 1024\">\u003Cpath d=\"M681.984 844.416a50.986667 50.986667 0 0 0 15.317333 36.48 52.309333 52.309333 0 0 0 36.992 15.104h130.730667c13.866667 0 27.178667-5.418667 36.992-15.104a51.2 51.2 0 0 0 15.317333-36.48V179.626667a51.2 51.2 0 0 0-15.317333-36.48A52.650667 52.650667 0 0 0 865.024 128H734.293333c-13.866667 0-27.178667 5.418667-36.992 15.104a51.2 51.2 0 0 0-15.317333 36.48V844.373333z m74.794667-61.866667v-56.746666a10.24 10.24 0 0 1 7.125333-9.813334l3.328-0.512h67.712c4.608 0 8.533333 2.986667 9.898667 7.082667l0.554666 3.242667v56.746666c0 4.565333-2.986667 8.405333-7.210666 9.770667l-3.285334 0.512h-67.669333a10.538667 10.538667 0 0 1-7.424-2.986667 10.24 10.24 0 0 1-3.029333-7.338666z m-362.410667 61.866667c0 13.653333 5.504 26.794667 15.317333 36.48 9.813333 9.685333 23.082667 15.104 36.949334 15.104h130.773333c13.866667 0 27.178667-5.418667 36.992-15.104a51.2 51.2 0 0 0 15.274667-36.48V179.626667a51.2 51.2 0 0 0-15.274667-36.48A52.693333 52.693333 0 0 0 577.365333 128h-130.773333c-13.866667 0-27.178667 5.418667-36.949333 15.104a51.2 51.2 0 0 0-15.36 36.48V844.373333z m74.752-61.866667v-56.746666a10.453333 10.453333 0 0 1 7.168-9.813334l3.285333-0.512h67.669334c4.608 0 8.533333 2.986667 9.941333 7.082667l0.554667 3.242667v56.746666c0 4.565333-2.986667 8.405333-7.168 9.770667l-3.328 0.512H479.573333a10.538667 10.538667 0 0 1-7.424-2.986667 10.24 10.24 0 0 1-3.029333-7.338666zM106.666667 844.373333c0 13.653333 5.504 26.794667 15.317333 36.48 9.813333 9.685333 23.082667 15.104 36.949333 15.104h130.773334c13.866667 0 27.178667-5.418667 36.949333-15.104a51.2 51.2 0 0 0 15.36-36.48V179.626667a51.2 51.2 0 0 0-15.36-36.48A52.650667 52.650667 0 0 0 289.749333 128H158.976c-13.866667 0-27.178667 5.418667-36.992 15.104a51.2 51.2 0 0 0-15.317333 36.48V844.373333z m74.752-61.866666v-56.746667a10.24 10.24 0 0 1 7.125333-9.813333l3.328-0.512h67.669333c4.608 0 8.533333 2.986667 9.941334 7.082666l0.512 3.242667v56.746667c0 4.565333-2.986667 8.405333-7.168 9.770666l-3.285334 0.512H191.914667a10.538667 10.538667 0 0 1-7.424-2.986666 10.24 10.24 0 0 1-3.029334-7.338667z\" fill=\"#4E5969\">\u003C/path>\u003C/symbol>\u003Csymbol id=\"iconnetwork_router\" viewBox=\"0 0 1024 1024\">\u003Cpath d=\"M426.666667 385.621333c0 10.88 4.821333 21.333333 13.397333 29.013334 8.533333 7.68 20.181333 12.032 32.298667 12.032 12.117333 0 23.765333-4.309333 32.341333-12.032 8.533333-7.68 13.397333-18.133333 13.397333-29.013334 0-49.877333 44.970667-90.24 100.565334-90.24 55.594667 0 100.565333 40.362667 100.565333 90.24 0 10.88 4.821333 21.333333 13.397333 29.013334 8.576 7.68 20.224 12.032 32.341334 12.032 12.117333 0 23.722667-4.309333 32.298666-12.032 8.576-7.68 13.397333-18.133333 13.397334-29.013334C810.666667 290.474667 724.736 213.333333 618.666667 213.333333S426.666667 290.474667 426.666667 385.621333z\" fill=\"#4E5969\">\u003C/path>\u003Cpath d=\"M341.930667 384c11.434667 0 22.442667-3.754667 30.549333-10.410667a32.725333 32.725333 0 0 0 12.672-25.173333c0-106.069333 104.490667-192 233.514667-192s233.514667 85.930667 233.514666 192c0 9.472 4.565333 18.517333 12.672 25.173333 8.106667 6.656 19.114667 10.410667 30.549334 10.410667 11.52 0 22.485333-3.754667 30.592-10.410667a32.725333 32.725333 0 0 0 12.672-25.173333C938.666667 203.093333 795.477333 85.333333 618.666667 85.333333 441.898667 85.333333 298.666667 203.093333 298.666667 348.458667c0 9.386667 4.565333 18.474667 12.672 25.130666 8.106667 6.656 19.114667 10.410667 30.592 10.410667z\" fill=\"#4E5969\">\u003C/path>\u003Cpath d=\"M867.584 609.322667h-213.333333v-181.973334c0-11.52-4.693333-22.528-13.056-30.634666a45.056 45.056 0 0 0-62.848 0c-8.32 8.106667-13.013333 19.114667-13.013334 30.634666v181.973334H156.458667c-39.296 0-71.125333 31.061333-71.125334 69.333333v190.72C85.333333 907.605333 117.162667 938.666667 156.458667 938.666667h711.082666c39.296 0 71.125333-31.018667 71.125334-69.333334v-190.677333c0-38.272-31.829333-69.333333-71.082667-69.333333zM214.826667 830.293333a53.546667 53.546667 0 0 1-37.376-14.762666 50.986667 50.986667 0 0 1-15.530667-36.309334 49.92 49.92 0 0 1 15.530667-36.309333 52.48 52.48 0 0 1 37.418666-14.762667c13.781333 0.170667 26.965333 5.589333 36.693334 15.146667 9.642667 9.557333 15.104 22.485333 15.104 35.925333 0 13.44-5.461333 26.368-15.146667 35.925334a53.034667 53.034667 0 0 1-36.693333 15.146666z m153.088 0a53.546667 53.546667 0 0 1-37.418667-14.762666 50.986667 50.986667 0 0 1-15.530667-36.309334 49.962667 49.962667 0 0 1 15.530667-36.309333 52.522667 52.522667 0 0 1 37.418667-14.762667c13.781333 0.170667 26.965333 5.589333 36.693333 15.146667 9.642667 9.557333 15.104 22.485333 15.104 35.925333 0 13.44-5.461333 26.325333-15.146667 35.882667a53.034667 53.034667 0 0 1-36.693333 15.189333z\" fill=\"#4E5969\">\u003C/path>\u003C/symbol>\u003Csymbol id=\"iconupdate\" viewBox=\"0 0 1024 1024\">\u003Cpath d=\"M667.008 750.933333a255.104 255.104 0 0 1-158.293333 52.650667c-7.466667-0.128-14.762667-0.725333-22.101334-1.28-2.986667-0.384-5.973333-0.896-8.96-1.365333a206.549333 206.549333 0 0 1-17.066666-2.816c-3.413333-0.64-6.912-1.706667-10.24-2.56a229.76 229.76 0 0 1-16.384-4.266667c-2.56-1.066667-4.949333-1.92-7.509334-3.029333a195.456 195.456 0 0 1-18.346666-7.168c-1.365333-0.64-2.688-1.152-4.010667-1.706667a456.448 456.448 0 0 1-20.608-10.837333L382.634667 768a272.384 272.384 0 0 1-61.525334-49.792c-0.298667-0.341333-0.554667-0.725333-0.938666-1.024a237.056 237.056 0 0 1-19.242667-23.594667 305.024 305.024 0 0 1-59.178667-181.717333h71.168L199.125333 327.594667 85.333333 511.872h71.04a403.626667 403.626667 0 0 0 63.018667 217.6c0.426667 0.896 0.768 1.877333 1.28 2.688 4.096 6.4 8.704 12.245333 13.056 18.133333 1.706667 2.133333 3.157333 4.394667 4.906667 6.826667a419.072 419.072 0 0 0 22.4 26.368 357.12 357.12 0 0 0 79.957333 64.810667l2.346667 1.365333c8.448 4.906667 17.066667 9.386667 25.813333 13.525333l6.528 3.114667a540.288 540.288 0 0 0 34.048 13.226667c6.826667 2.090667 13.781333 3.968 20.736 5.674666 4.693333 1.194667 9.130667 2.474667 13.952 3.413334 1.92 0.512 3.754667 1.152 5.674667 1.365333 6.698667 1.28 13.269333 1.962667 19.84 2.816 2.432 0.426667 4.778667 0.896 7.168 1.152 11.861333 1.28 23.68 2.048 35.498666 2.048 72.234667 0 142.762667-23.808 203.264-69.632 19.285333-14.592 24.021333-43.392 10.581334-64.085333-13.610667-21.034667-40.149333-26.069333-59.434667-11.349334z m200.448-239.061333c0-80.512-23.125333-155.306667-62.506667-217.002667-0.64-1.066667-0.981333-2.133333-1.493333-3.072-5.077333-7.594667-10.282667-14.677333-15.658667-21.802666a26.88 26.88 0 0 1-1.792-2.602667 359.296 359.296 0 0 0-132.736-107.648c-1.536-0.64-2.816-1.365333-4.309333-2.005333a407.082667 407.082667 0 0 0-25.173333-9.984c-2.901333-1.024-5.973333-2.218667-9.045334-3.2a335.914667 335.914667 0 0 0-22.272-6.272c-4.224-0.981333-8.448-2.133333-12.629333-3.072-2.048-0.426667-3.925333-1.066667-6.144-1.536-5.632-0.981333-11.136-1.536-16.768-2.261334-3.968-0.426667-7.68-1.109333-11.648-1.578666a340.992 340.992 0 0 0-28.245333-1.578667c-1.706667 0-3.413333-0.256-5.12-0.256l-0.853334 0.128c-72.149333 0.085333-142.634667 23.552-203.008 69.333333-19.285333 14.506667-23.978667 43.264-10.410666 64.213334 13.397333 20.736 40.106667 25.856 59.477333 11.178666a254.293333 254.293333 0 0 1 180.650667-51.2c2.432 0.170667 4.693333 0.554667 7.168 0.938667 6.4 0.853333 12.8 1.749333 19.072 3.2 2.730667 0.512 5.546667 1.28 8.106666 1.962667 6.272 1.536 12.330667 3.072 18.346667 5.034666 2.005333 0.597333 3.84 1.322667 5.632 2.133334 6.954667 2.389333 13.738667 4.949333 20.309333 7.978666 0.725333 0.170667 1.365333 0.768 2.048 1.024a274.133333 274.133333 0 0 1 102.4 83.072 305.28 305.28 0 0 1 61.44 184.874667h-71.253333l113.92 184.32L938.666667 511.914667h-71.253334z\" fill=\"#1D2129\">\u003C/path>\u003C/symbol>\u003Csymbol id=\"iconDownload_client-01\" viewBox=\"0 0 1024 1024\">\u003Cpath d=\"M772.565333 859.434667a29.013333 29.013333 0 0 1 0 57.898666H251.434667a28.970667 28.970667 0 0 1 0-57.898666h521.130666zM830.464 106.666667c47.957333 0 86.869333 38.912 86.869333 86.869333V714.666667a86.869333 86.869333 0 0 1-86.869333 86.869333H193.536A86.869333 86.869333 0 0 1 106.666667 714.666667V193.536c0-47.957333 38.912-86.869333 86.869333-86.869333h636.928zM505.429333 256a17.194667 17.194667 0 0 0-12.8 5.632 19.2 19.2 0 0 0-5.248 13.525333l1.28 239.232-82.645333-87.466666-1.706667-1.578667a17.365333 17.365333 0 0 0-23.722666 1.578667l-25.472 26.88-1.493334 1.834666a19.84 19.84 0 0 0 1.493334 25.130667l139.946666 148.053333 2.304 2.261334a34.773333 34.773333 0 0 0 24.746667 8.874666c8.96-0.426667 17.493333-4.394667 23.850667-11.093333l139.946666-148.096 1.493334-1.792a19.84 19.84 0 0 0-1.493334-25.173333l-25.472-26.88-1.664-1.578667a17.322667 17.322667 0 0 0-23.722666 1.578667l-76.373334 80.725333-1.28-232.618667-0.085333-2.176a19.413333 19.413333 0 0 0-5.973333-11.946666 17.450667 17.450667 0 0 0-11.818667-4.778667l-34.133333-0.128z\" fill=\"#000000\">\u003C/path>\u003C/symbol>\u003Csymbol id=\"iconTips\" viewBox=\"0 0 1024 1024\">\u003Cpath d=\"M938.666667 512c0-235.648-191.018667-426.666667-426.666667-426.666667S85.333333 276.352 85.333333 512s191.018667 426.666667 426.666667 426.666667 426.666667-191.018667 426.666667-426.666667z m-372.266667-138.666667a23.68 23.68 0 0 1-23.722667 23.68h-61.610666a23.68 23.68 0 0 1-23.722667-23.68V311.68c0-13.056 10.666667-23.68 23.722667-23.68h61.610666c13.098667 0 23.722667 10.624 23.722667 23.68V373.333333z m0 348.117334a23.68 23.68 0 0 1-23.722667 23.722666h-61.610666a23.68 23.68 0 0 1-23.722667-23.722666v-249.344c0-13.098667 10.666667-23.722667 23.722667-23.722667h61.610666c13.098667 0 23.722667 10.624 23.722667 23.722667v249.344z\" fill=\"#000000\">\u003C/path>\u003C/symbol>\u003Csymbol id=\"iconClear-011\" viewBox=\"0 0 1024 1024\">\u003Cpath d=\"M594.773333 85.333333a41.386667 41.386667 0 0 1 41.386667 41.386667V256h246.954667a42.666667 42.666667 0 0 1 42.666666 42.666667v213.333333c0 5.674667-2.176 11.093333-6.058666 15.104a20.394667 20.394667 0 0 1-14.634667 6.229333h-26.965333l59.904 355.328a43.178667 43.178667 0 0 1-9.088 34.816 41.514667 41.514667 0 0 1-31.658667 15.189334H126.72a41.557333 41.557333 0 0 1-31.658667-15.189334 43.178667 43.178667 0 0 1-9.088-34.816L145.877333 533.333333h-26.965333a20.48 20.48 0 0 1-14.677333-6.229333 21.674667 21.674667 0 0 1-6.016-15.104V298.666667a42.666667 42.666667 0 0 1 42.666666-42.666667H387.84V127.573333c0-23.338667 18.858667-42.24 42.154667-42.24h164.693333zM175.914667 853.333333h170.581333v-170.666666c0-5.674667 2.133333-11.093333 6.058667-15.104a20.352 20.352 0 0 1 14.592-6.229334h41.386666c5.504 0 10.752 2.261333 14.634667 6.229334 3.84 4.010667 6.101333 9.429333 6.101333 15.104v170.666666h186.197334v-170.666666c0-5.674667 2.133333-11.093333 6.016-15.104a20.394667 20.394667 0 0 1 14.634666-6.229334h41.386667c5.504 0 10.752 2.261333 14.634667 6.229334 3.84 4.010667 6.058667 9.429333 6.058666 15.104v170.666666h149.888l-54.016-320H229.888L175.914667 853.333333zM469.333333 170.666667v170.666666H170.666667v106.666667h682.666666V341.333333h-298.666666V170.666667h-85.333334z\" fill=\"#1D2129\">\u003C/path>\u003C/symbol>\u003Csymbol id=\"iconbrowse3\" viewBox=\"0 0 1024 1024\">\u003Cpath d=\"M785.493333 85.333333a38.613333 38.613333 0 0 1 38.698667 38.826667v349.013333h-77.397333V162.944H205.397333v698.197333h232.064V938.666667H166.656A38.613333 38.613333 0 0 1 128 899.84V124.16A38.826667 38.826667 0 0 1 166.656 85.333333H785.493333z m-96.682666 484.864a154.368 154.368 0 0 1 132.010666 74.154667 155.477333 155.477333 0 0 1 5.76 151.594667l63.744 63.957333a19.413333 19.413333 0 0 1 0 27.392l-32.810666 32.938667a19.328 19.328 0 0 1-27.306667 0l-61.738667-61.866667a154.410667 154.410667 0 0 1-194.816-29.482667 155.306667 155.306667 0 0 1-36.693333-132.821333 155.392 155.392 0 0 1 83.157333-109.738667 154.410667 154.410667 0 0 1 68.693334-16.128z m0 77.568c-20.48 0-40.192 8.149333-54.698667 22.698667a77.653333 77.653333 0 0 0 54.698667 132.437333c20.48 0 40.192-8.149333 54.698666-22.698666a77.653333 77.653333 0 0 0-54.698666-132.437334z m-193.365334-174.549333a19.328 19.328 0 0 1 19.328 19.413333v38.784a19.413333 19.413333 0 0 1-19.328 19.370667H302.037333a19.328 19.328 0 0 1-19.328-19.413333v-38.784a19.413333 19.413333 0 0 1 19.328-19.370667h193.408z m154.709334-155.136a19.328 19.328 0 0 1 19.328 19.370667v38.826666a19.413333 19.413333 0 0 1-19.328 19.370667H302.037333a19.328 19.328 0 0 1-19.328-19.413333V337.493333a19.413333 19.413333 0 0 1 19.328-19.370666h348.117334z\" fill=\"#1D2129\">\u003C/path>\u003C/symbol>\u003Csymbol id=\"iconicon_wifi_desktop\" viewBox=\"0 0 1024 1024\">\u003Cpath d=\"M517.973333 915.626667c-7.68 0-22.186667-12.8-48.64-36.693334-26.453333-26.453333-36.693333-41.813333-36.693333-48.64 0-11.946667 11.946667-19.626667 33.28-27.306666 22.186667-7.68 39.253333-11.946667 53.76-11.946667 14.506667 0 33.28 4.266667 53.76 11.946667s33.28 18.773333 33.28 27.306666c0 7.68-12.8 22.186667-36.693333 48.64-27.306667 23.893333-44.373333 36.693333-52.053334 36.693334zM653.653333 759.466667c-1.706667 0-7.68-4.266667-19.626666-12.8-12.8-7.68-31.573333-18.773333-53.76-26.453334S535.893333 708.266667 513.706667 708.266667c-22.186667 0-44.373333 4.266667-66.56 12.8-22.186667 7.68-39.253333 18.773333-53.76 26.453333-12.8 7.68-19.626667 12.8-22.186667 12.8-7.68 0-22.186667-12.8-48.64-39.253333s-39.253333-41.813333-39.253333-48.64c0-4.266667 1.706667-7.68 5.12-12.8 27.306667-27.306667 60.586667-48.64 101.546666-63.146667 40.106667-14.506667 80.213333-22.186667 121.173334-22.186667s80.213333 7.68 122.026666 22.186667c40.96 14.506667 73.386667 36.693333 101.546667 63.146667 4.266667 4.266667 5.12 7.68 5.12 12.8 0 7.68-12.8 22.186667-39.253333 48.64-24.746667 23.893333-41.813333 38.4-46.933334 38.4z\" fill=\"#0567FF\">\u003C/path>\u003Cpath d=\"M800.426667 583.68c-4.266667 0-7.68-1.706667-12.8-4.266667-48.64-36.693333-90.453333-63.146667-131.413334-81.066666-40.96-18.773333-87.04-26.453333-138.24-26.453334-29.013333 0-58.88 4.266667-87.893333 11.946667s-55.466667 17.066667-77.653333 27.306667c-22.186667 11.946667-41.813333 22.186667-58.88 33.28-17.066667 11.946667-29.013333 18.773333-40.96 23.893333-9.386667 7.68-14.506667 11.946667-17.066667 11.946667-5.12 0-22.186667-12.8-48.64-39.253334-26.453333-26.453333-39.253333-41.813333-39.253333-48.64 0-4.266667 1.706667-7.68 5.12-11.946666C199.68 436.053333 256 401.066667 320 374.613333c64.853333-26.453333 131.413333-36.693333 197.12-36.693333s133.12 12.8 197.12 36.693333c64.853333 26.453333 119.466667 60.586667 165.546667 107.52 4.266667 4.266667 5.12 7.68 5.12 11.946667 0 7.68-12.8 22.186667-39.253334 48.64-23.04 25.6-38.4 40.96-45.226666 40.96z\" fill=\"#0567FF\">\u003C/path>\u003Cpath d=\"M936.106667 408.746667c-4.266667 0-7.68-1.706667-11.946667-4.266667-63.146667-53.76-127.146667-95.573333-194.56-123.733333S592.213333 238.933333 512 238.933333s-153.6 12.8-217.6 41.813334c-66.56 27.306667-131.413333 68.266667-194.56 123.733333-4.266667 1.706667-7.68 4.266667-11.946667 4.266667-5.12 0-22.186667-12.8-48.64-39.253334C11.946667 343.04 0 327.68 0 320.853333c0-4.266667 1.706667-7.68 5.12-12.8C70.826667 244.053333 148.48 194.56 238.933333 159.573333s179.2-51.2 273.066667-51.2 185.173333 18.773333 273.066667 53.76 165.546667 85.333333 231.253333 149.333334c4.266667 4.266667 5.12 7.68 5.12 12.8 0 7.68-12.8 22.186667-39.253333 48.64-25.6 22.186667-40.96 35.84-46.08 35.84z\" fill=\"#0567FF\">\u003C/path>\u003C/symbol>\u003Csymbol id=\"icona-iconlan_enabled\" viewBox=\"0 0 1024 1024\">\u003Cpath d=\"M129.706667 318.293333s-0.853333-33.28 32.426666-39.253333h141.653334L332.8 183.466667s10.24-19.626667 33.28-19.626667h290.133333s25.6-2.56 36.693334 23.893333l27.306666 91.306667h138.24s30.72-0.853333 34.986667 37.546667v500.053333s1.706667 40.106667-36.693333 43.52H164.693333s-32.426667 0.853333-34.986666-39.253333V318.293333z m0 0\" fill=\"#0567FF\">\u003C/path>\u003Cpath d=\"M772.266667 422.4c10.24 0 17.92 8.533333 17.92 19.626667v310.613333c-0.853333 8.533333-7.68 15.36-17.92 15.36h-34.986667v-76.8h-69.12v76.8H563.2v-76.8h-69.973333v76.8H388.266667v-76.8h-69.973334v76.8h-72.533333c-7.68-0.853333-13.653333-8.533333-13.653333-19.626667V438.613333c0.853333-8.533333 7.68-15.36 17.92-15.36h522.24z m0 0\" fill=\"#FFFFFF\">\u003C/path>\u003C/symbol>\u003Csymbol id=\"iconicon_right_hover\" viewBox=\"0 0 1024 1024\">\u003Cpath d=\"M60.586667 571.733333h658.773333L470.186667 810.666667h175.786666l311.466667-298.666667-311.466667-298.666667H470.186667l249.173333 238.933334H60.586667v119.466666z\" fill=\"#0892F5\">\u003C/path>\u003C/symbol>\u003Csymbol id=\"iconloyout_fix25\" viewBox=\"0 0 1024 1024\">\u003Cpath d=\"M746.666667 131.413333h-469.333334c-80.213333 0-145.92 64.853333-145.92 145.92v88.746667h58.026667l9.386667-88.746667c0-42.666667 34.986667-77.653333 77.653333-77.653333h469.333333c42.666667 0 77.653333 34.986667 77.653334 77.653333v470.186667c0 42.666667-34.986667 77.653333-77.653334 77.653333h-51.2v68.266667h51.2c80.213333 0 145.92-64.853333 145.92-145.92V277.333333c0.853333-80.213333-63.146667-145.92-145.066666-145.92z\" fill=\"#666666\">\u003C/path>\u003Cpath d=\"M277.333333 892.586667h469.333334c80.213333 0 145.92-64.853333 145.92-145.92V658.773333h-58.026667l-9.386667 88.746667c0 42.666667-34.986667 77.653333-77.653333 77.653333h-469.333333c-42.666667 0-77.653333-34.986667-77.653334-77.653333V277.333333c0-42.666667 34.986667-77.653333 77.653334-77.653333h51.2v-68.266667h-51.2c-80.213333 0-145.92 64.853333-145.92 145.92v470.186667c-0.853333 79.36 63.146667 145.066667 145.066666 145.066667z\" fill=\"#666666\">\u003C/path>\u003Cpath d=\"M243.2 269.653333c0-15.36 11.946667-27.306667 27.306667-27.306666h484.693333c15.36 0 27.306667 11.946667 27.306667 27.306666v484.693334c0 15.36-11.946667 27.306667-27.306667 27.306666H269.653333c-15.36 0-27.306667-11.946667-27.306666-27.306666l0.853333-484.693334z\" fill=\"#666666\">\u003C/path>\u003Cpath d=\"M311.466667 619.52v-45.226667c30.72-11.946667 54.613333-26.453333 70.826666-42.666666 17.066667-16.213333 24.746667-32.426667 24.746667-51.2 0-9.386667-2.56-17.92-6.826667-23.893334-4.266667-5.973333-10.24-8.533333-19.626666-8.533333-8.533333 0-15.36 3.413333-19.626667 8.533333-5.12 5.973333-6.826667 13.653333-6.826667 22.186667 0 5.12 0.853333 9.386667 1.706667 14.506667 1.706667 4.266667 3.413333 8.533333 6.826667 14.506666l-38.4 17.066667c-5.12-5.12-9.386667-11.946667-12.8-20.48-3.413333-8.533333-5.12-17.92-5.12-27.306667 0-16.213333 4.266667-29.866667 11.946666-40.106666 7.68-11.093333 18.773333-19.626667 32.426667-24.746667 13.653333-5.973333 29.013333-8.533333 45.226667-8.533333 17.92 0 32.426667 2.56 45.226666 7.68 12.8 5.973333 23.04 13.653333 30.72 23.893333 6.826667 10.24 11.093333 23.04 11.093334 38.4 0 18.773333-6.826667 35.84-19.626667 51.2-13.653333 16.213333-32.426667 29.013333-59.733333 39.253333h84.48l0.853333 54.613334H311.466667v0.853333zM586.24 624.64c-9.386667 0-18.773333-0.853333-28.16-2.56-9.386667-1.706667-18.773333-3.413333-26.453333-6.826667-7.68-2.56-15.36-5.973333-19.626667-9.386666v-45.226667l4.266667-1.706667c6.826667 4.266667 15.36 7.68 24.746666 11.093334 9.386667 3.413333 21.333333 5.12 34.986667 5.12 10.24 0 19.626667-1.706667 27.306667-5.12 6.826667-3.413333 11.093333-9.386667 11.093333-17.92s-4.266667-14.506667-11.093333-17.92c-6.826667-3.413333-17.066667-5.973333-28.16-5.973334-8.533333 0-18.773333 0.853333-28.16 3.413334-9.386667 2.56-17.92 5.973333-27.306667 8.533333l-4.266667-1.706667 9.386667-131.413333h152.746667v54.613333h-110.933334l-2.56 23.04c9.386667-1.706667 19.626667-2.56 29.866667-2.56 29.866667 0 52.053333 6.826667 69.12 18.773334 17.066667 11.946667 25.6 29.866667 25.6 52.053333s-8.533333 40.106667-26.453333 52.906667c-17.066667 11.946667-42.666667 18.773333-75.946667 18.773333z\" fill=\"#FFFFFF\">\u003C/path>\u003C/symbol>\u003Csymbol id=\"iconloyout_fix36\" viewBox=\"0 0 1024 1024\">\u003Cpath d=\"M746.666667 131.413333h-469.333334c-80.213333 0-145.92 64.853333-145.92 145.92v88.746667h58.026667l9.386667-88.746667c0-42.666667 34.986667-77.653333 77.653333-77.653333h469.333333c42.666667 0 77.653333 34.986667 77.653334 77.653333v470.186667c0 42.666667-34.986667 77.653333-77.653334 77.653333h-51.2v68.266667h51.2c80.213333 0 145.92-64.853333 145.92-145.92V277.333333c0.853333-80.213333-63.146667-145.92-145.066666-145.92z\" fill=\"#666666\">\u003C/path>\u003Cpath d=\"M277.333333 892.586667h469.333334c80.213333 0 145.92-64.853333 145.92-145.92V658.773333h-58.026667l-9.386667 88.746667c0 42.666667-34.986667 77.653333-77.653333 77.653333h-469.333333c-42.666667 0-77.653333-34.986667-77.653334-77.653333V277.333333c0-42.666667 34.986667-77.653333 77.653334-77.653333h51.2v-68.266667h-51.2c-80.213333 0-145.92 64.853333-145.92 145.92v470.186667c-0.853333 79.36 63.146667 145.066667 145.066666 145.066667z\" fill=\"#666666\">\u003C/path>\u003Cpath d=\"M244.906667 271.36c0-14.506667 11.946667-26.453333 26.453333-26.453333h481.28c14.506667 0 26.453333 11.946667 26.453333 26.453333v481.28c0 14.506667-11.946667 26.453333-26.453333 26.453333H271.36c-14.506667 0-26.453333-11.946667-26.453333-26.453333V271.36z\" fill=\"#666666\">\u003C/path>\u003Cpath d=\"M388.266667 623.786667c-9.386667 0-17.92-0.853333-28.16-2.56-9.386667-1.706667-17.92-3.413333-26.453334-5.973334-8.533333-2.56-14.506667-5.973333-19.626666-9.386666v-46.933334l4.266666-1.706666c6.826667 5.12 14.506667 9.386667 24.746667 12.8s21.333333 5.12 34.986667 5.12c11.093333 0 18.773333-1.706667 26.453333-5.12 7.68-3.413333 11.093333-9.386667 11.093333-17.066667 0-8.533333-3.413333-14.506667-11.093333-17.066667-7.68-3.413333-15.36-5.12-25.6-5.12-3.413333 0-7.68 0-12.8 0.853334s-9.386667 0.853333-14.506667 2.56l-4.266666-1.706667v-23.893333l59.733333-44.373334H312.32v-53.76h168.106667V452.266667l-56.32 42.666666c19.626667 2.56 36.693333 9.386667 47.786666 18.773334 11.946667 10.24 17.066667 23.893333 17.066667 41.813333 0 21.333333-8.533333 38.4-25.6 51.2-17.066667 11.093333-41.813333 17.066667-75.093333 17.066667zM614.4 623.786667c-21.333333 0-40.106667-4.266667-55.466667-13.653334-15.36-9.386667-27.306667-21.333333-35.84-37.546666-8.533333-16.213333-12.8-35.84-12.8-58.026667 0-23.893333 5.12-44.373333 14.506667-60.586667 10.24-16.213333 23.04-29.013333 39.253333-37.546666 16.213333-8.533333 34.986667-12.8 54.613334-12.8 15.36 0 29.013333 2.56 41.813333 7.68 12.8 5.12 21.333333 11.946667 28.16 20.48 6.826667 9.386667 10.24 19.626667 10.24 33.28v7.68c0 2.56-0.853333 4.266667-0.853333 6.826666l-47.786667-1.706666v-5.973334c0-8.533333-2.56-14.506667-7.68-17.92-5.12-4.266667-11.946667-5.973333-18.773333-5.973333-11.946667 0-21.333333 4.266667-29.866667 13.653333-7.68 9.386667-11.946667 23.04-11.946667 42.666667v5.973333c5.973333-6.826667 13.653333-12.8 22.186667-15.36 9.386667-3.413333 18.773333-5.12 29.013333-5.12 14.506667 0 25.6 2.56 36.693334 8.533334 10.24 5.973333 17.92 13.653333 23.893333 23.04 5.973333 10.24 8.533333 21.333333 8.533333 35.84 0 14.506667-4.266667 26.453333-11.946666 36.693333-7.68 11.093333-17.92 17.92-31.573334 23.893333-11.946667 3.413333-27.306667 5.973333-44.373333 5.973334z m-1.706667-43.52c7.68 0 13.653333-2.56 17.92-7.68 5.12-5.12 7.68-11.946667 7.68-18.773334 0-8.533333-2.56-14.506667-7.68-18.773333-5.12-5.12-11.093333-7.68-17.92-7.68-7.68 0-13.653333 2.56-17.92 7.68-5.12 5.12-7.68 11.093333-7.68 18.773333 0 8.533333 2.56 14.506667 7.68 18.773334 4.266667 5.12 10.24 7.68 17.92 7.68z\" fill=\"#FFFFFF\">\u003C/path>\u003C/symbol>\u003Csymbol id=\"iconloyout_fix13\" viewBox=\"0 0 1024 1024\">\u003Cpath d=\"M746.666667 131.413333h-469.333334c-80.213333 0-145.92 64.853333-145.92 145.92v88.746667h58.026667l9.386667-88.746667c0-42.666667 34.986667-77.653333 77.653333-77.653333h469.333333c42.666667 0 77.653333 34.986667 77.653334 77.653333v470.186667c0 42.666667-34.986667 77.653333-77.653334 77.653333h-51.2v68.266667h51.2c80.213333 0 145.92-64.853333 145.92-145.92V277.333333c0.853333-80.213333-63.146667-145.92-145.066666-145.92z\" fill=\"#666666\">\u003C/path>\u003Cpath d=\"M277.333333 892.586667h469.333334c80.213333 0 145.92-64.853333 145.92-145.92V658.773333h-58.026667l-9.386667 88.746667c0 42.666667-34.986667 77.653333-77.653333 77.653333h-469.333333c-42.666667 0-77.653333-34.986667-77.653334-77.653333V277.333333c0-42.666667 34.986667-77.653333 77.653334-77.653333h51.2v-68.266667h-51.2c-80.213333 0-145.92 64.853333-145.92 145.92v470.186667c-0.853333 79.36 63.146667 145.066667 145.066666 145.066667z\" fill=\"#666666\">\u003C/path>\u003Cpath d=\"M243.2 269.653333c0-14.506667 11.946667-26.453333 26.453333-26.453333h483.84c14.506667 0 26.453333 11.946667 26.453334 26.453333v483.84c0 14.506667-11.946667 26.453333-26.453334 26.453334H269.653333c-14.506667 0-26.453333-11.946667-26.453333-26.453334V269.653333z\" fill=\"#666666\">\u003C/path>\u003Cpath d=\"M339.626667 619.52v-51.2h29.866666V476.16h-33.28v-46.08l108.373334-26.453333v166.4h23.893333v51.2H339.626667v-1.706667zM566.613333 623.786667c-8.533333 0-18.773333-0.853333-28.16-2.56-9.386667-1.706667-18.773333-3.413333-26.453333-6.826667-7.68-2.56-15.36-5.973333-20.48-9.386667v-47.786666l4.266667-1.706667c6.826667 5.12 15.36 8.533333 24.746666 12.8 9.386667 3.413333 22.186667 5.12 35.84 5.12 10.24 0 19.626667-1.706667 26.453334-5.12 7.68-3.413333 11.093333-9.386667 11.093333-17.92 0-7.68-4.266667-14.506667-11.093333-17.92-7.68-3.413333-16.213333-5.12-25.6-5.12-4.266667 0-7.68 0-12.8 0.853333s-9.386667 0.853333-13.653334 2.56l-4.266666-1.706666v-23.893334l59.733333-45.226666H491.52v-53.76h168.96v43.52l-57.173333 42.666666c20.48 2.56 36.693333 8.533333 48.64 19.626667 11.946667 10.24 17.92 23.893333 17.92 40.96 0 22.186667-8.533333 38.4-25.6 52.053333-18.773333 12.8-44.373333 18.773333-77.653334 18.773334z\" fill=\"#FFFFFF\">\u003C/path>\u003C/symbol>\u003Csymbol id=\"iconloyout_fix9\" viewBox=\"0 0 1024 1024\">\u003Cpath d=\"M746.666667 131.413333h-469.333334c-80.213333 0-145.92 64.853333-145.92 145.92v88.746667h58.026667l9.386667-88.746667c0-42.666667 34.986667-77.653333 77.653333-77.653333h469.333333c42.666667 0 77.653333 34.986667 77.653334 77.653333v470.186667c0 42.666667-34.986667 77.653333-77.653334 77.653333h-51.2v68.266667h51.2c80.213333 0 145.92-64.853333 145.92-145.92V277.333333c0.853333-80.213333-63.146667-145.92-145.066666-145.92z\" fill=\"#666666\">\u003C/path>\u003Cpath d=\"M277.333333 892.586667h469.333334c80.213333 0 145.92-64.853333 145.92-145.92V658.773333h-58.026667l-9.386667 88.746667c0 42.666667-34.986667 77.653333-77.653333 77.653333h-469.333333c-42.666667 0-77.653333-34.986667-77.653334-77.653333V277.333333c0-42.666667 34.986667-77.653333 77.653334-77.653333h51.2v-68.266667h-51.2c-80.213333 0-145.92 64.853333-145.92 145.92v470.186667c-0.853333 79.36 63.146667 145.066667 145.066666 145.066667z\" fill=\"#666666\">\u003C/path>\u003Cpath d=\"M269.653333 243.2h322.56c14.506667 0 26.453333 11.946667 26.453334 26.453333v323.413334c0 14.506667-11.946667 26.453333-26.453334 26.453333H269.653333c-14.506667 0-26.453333-11.946667-26.453333-26.453333V270.506667c-0.853333-15.36 11.093333-27.306667 26.453333-27.306667zM700.586667 243.2h53.76c14.506667 0 26.453333 11.946667 26.453333 26.453333v53.76c0 14.506667-11.946667 26.453333-26.453333 26.453334h-53.76c-14.506667 0-26.453333-11.946667-26.453334-26.453334v-53.76c-0.853333-14.506667 11.946667-26.453333 26.453334-26.453333zM700.586667 378.026667h53.76c14.506667 0 26.453333 11.946667 26.453333 26.453333v53.76c0 14.506667-11.946667 26.453333-26.453333 26.453333h-53.76c-14.506667 0-26.453333-11.946667-26.453334-26.453333v-53.76c-0.853333-14.506667 11.946667-26.453333 26.453334-26.453333zM700.586667 512h53.76c14.506667 0 26.453333 11.946667 26.453333 26.453333v53.76c0 14.506667-11.946667 26.453333-26.453333 26.453334h-53.76c-14.506667 0-26.453333-11.946667-26.453334-26.453334v-53.76c-0.853333-13.653333 11.946667-26.453333 26.453334-26.453333zM700.586667 674.133333h53.76c14.506667 0 26.453333 11.946667 26.453333 26.453334v53.76c0 14.506667-11.946667 26.453333-26.453333 26.453333h-53.76c-14.506667 0-26.453333-11.946667-26.453334-26.453333v-53.76c-0.853333-14.506667 11.946667-26.453333 26.453334-26.453334zM538.453333 674.133333h53.76c14.506667 0 26.453333 11.946667 26.453334 26.453334v53.76c0 14.506667-11.946667 26.453333-26.453334 26.453333h-53.76c-14.506667 0-26.453333-11.946667-26.453333-26.453333v-53.76c0-14.506667 11.946667-26.453333 26.453333-26.453334zM404.48 674.133333h53.76c14.506667 0 26.453333 11.946667 26.453333 26.453334v53.76c0 14.506667-11.946667 26.453333-26.453333 26.453333h-53.76c-14.506667 0-26.453333-11.946667-26.453333-26.453333v-53.76c0-14.506667 11.946667-26.453333 26.453333-26.453334zM269.653333 674.133333h53.76c14.506667 0 26.453333 11.946667 26.453334 26.453334v53.76c0 14.506667-11.946667 26.453333-26.453334 26.453333h-53.76c-14.506667 0-26.453333-11.946667-26.453333-26.453333v-53.76c-0.853333-14.506667 11.093333-26.453333 26.453333-26.453334z\" fill=\"#666666\">\u003C/path>\u003C/symbol>\u003Csymbol id=\"iconloyout_fix16\" viewBox=\"0 0 1024 1024\">\u003Cpath d=\"M746.666667 131.413333h-469.333334c-80.213333 0-145.92 64.853333-145.92 145.92v88.746667h58.026667l9.386667-88.746667c0-42.666667 34.986667-77.653333 77.653333-77.653333h469.333333c42.666667 0 77.653333 34.986667 77.653334 77.653333v470.186667c0 42.666667-34.986667 77.653333-77.653334 77.653333h-51.2v68.266667h51.2c80.213333 0 145.92-64.853333 145.92-145.92V277.333333c0.853333-80.213333-63.146667-145.92-145.066666-145.92z\" fill=\"#666666\">\u003C/path>\u003Cpath d=\"M277.333333 892.586667h469.333334c80.213333 0 145.92-64.853333 145.92-145.92V658.773333h-58.026667l-9.386667 88.746667c0 42.666667-34.986667 77.653333-77.653333 77.653333h-469.333333c-42.666667 0-77.653333-34.986667-77.653334-77.653333V277.333333c0-42.666667 34.986667-77.653333 77.653334-77.653333h51.2v-68.266667h-51.2c-80.213333 0-145.92 64.853333-145.92 145.92v470.186667c-0.853333 79.36 63.146667 145.066667 145.066666 145.066667z\" fill=\"#666666\">\u003C/path>\u003Cpath d=\"M244.906667 271.36c0-14.506667 11.946667-26.453333 26.453333-26.453333h482.133333c14.506667 0 26.453333 11.946667 26.453334 26.453333v482.133333c0 14.506667-11.946667 26.453333-26.453334 26.453334H271.36c-14.506667 0-26.453333-11.946667-26.453333-26.453334V271.36z\" fill=\"#666666\">\u003C/path>\u003Cpath d=\"M340.48 618.666667v-50.346667h29.866667V476.16h-33.28v-45.226667l107.52-26.453333v164.693333H469.333333v50.346667l-128.853333-0.853333zM592.213333 622.933333c-21.333333 0-40.96-4.266667-55.466666-13.653333-15.36-9.386667-27.306667-21.333333-35.84-37.546667-8.533333-16.213333-12.8-35.84-12.8-58.026666 0-23.893333 5.12-44.373333 14.506666-60.586667 10.24-16.213333 23.04-29.013333 40.106667-37.546667 16.213333-8.533333 34.986667-12.8 54.613333-12.8 15.36 0 29.013333 2.56 41.813334 7.68 12.8 5.12 21.333333 11.946667 28.16 20.48 6.826667 9.386667 10.24 19.626667 10.24 33.28v7.68c0 2.56-0.853333 4.266667-0.853334 6.826667l-47.786666-0.853333v-5.973334c0-8.533333-2.56-14.506667-7.68-17.92-5.12-4.266667-11.946667-5.973333-18.773334-5.973333-11.946667 0-21.333333 4.266667-29.866666 13.653333-7.68 9.386667-11.946667 23.04-11.946667 41.813334v5.973333c5.973333-6.826667 13.653333-12.8 22.186667-15.36 9.386667-3.413333 18.773333-5.12 29.013333-5.12 13.653333 0 25.6 2.56 36.693333 8.533333 10.24 5.973333 17.92 13.653333 23.893334 23.04 5.973333 10.24 8.533333 21.333333 8.533333 35.84s-4.266667 26.453333-11.946667 36.693334c-7.68 11.093333-17.92 17.92-31.573333 23.893333-12.8 3.413333-28.16 5.973333-45.226667 5.973333z m-2.56-42.666666c7.68 0 13.653333-2.56 17.92-7.68s7.68-11.946667 7.68-18.773334c0-8.533333-2.56-13.653333-7.68-18.773333s-11.093333-7.68-17.92-7.68c-7.68 0-13.653333 2.56-17.92 7.68-5.12 5.12-7.68 11.946667-7.68 18.773333 0 8.533333 2.56 13.653333 7.68 18.773334s10.24 7.68 17.92 7.68z\" fill=\"#FFFFFF\">\u003C/path>\u003C/symbol>\u003Csymbol id=\"iconloyout_fix_9\" viewBox=\"0 0 1024 1024\">\u003Cpath d=\"M745.813333 133.12H279.04c-79.36 0-145.066667 64.853333-145.066667 145.066667v87.893333h58.026667l9.386667-87.893333c0-42.666667 34.986667-77.653333 77.653333-77.653334h465.92c42.666667 0 77.653333 34.986667 77.653333 77.653334v466.773333c0 42.666667-34.986667 77.653333-77.653333 77.653333h-51.2v67.413334h51.2c79.36 0 145.066667-64.853333 145.066667-145.066667V278.186667c0.853333-79.36-63.146667-145.066667-144.213334-145.066667z\" fill=\"#666666\">\u003C/path>\u003Cpath d=\"M278.186667 890.88h465.92c79.36 0 145.066667-64.853333 145.066666-145.066667V657.92h-58.026666l-9.386667 87.893333c0 42.666667-34.986667 77.653333-77.653333 77.653334H278.186667c-42.666667 0-77.653333-34.986667-77.653334-77.653334V278.186667c0-42.666667 34.986667-77.653333 77.653334-77.653334h51.2v-67.413333h-51.2c-79.36 0-145.066667 64.853333-145.066667 145.066667v466.773333c0 80.213333 64 145.92 145.066667 145.92zM640.853333 244.053333h106.666667c14.506667 0 26.453333 11.946667 26.453333 26.453334v106.666666c0 14.506667-11.946667 26.453333-26.453333 26.453334H640.853333c-14.506667 0-26.453333-11.946667-26.453333-26.453334V270.506667c0.853333-14.506667 12.8-26.453333 26.453333-26.453334z\" fill=\"#666666\">\u003C/path>\u003Cpath d=\"M455.68 244.053333h106.666667c14.506667 0 26.453333 11.946667 26.453333 26.453334v106.666666c0 14.506667-11.946667 26.453333-26.453333 26.453334H455.68c-14.506667 0-26.453333-11.946667-26.453333-26.453334V270.506667c0-14.506667 11.946667-26.453333 26.453333-26.453334zM270.506667 244.053333h106.666666c14.506667 0 26.453333 11.946667 26.453334 26.453334v106.666666c0 14.506667-11.946667 26.453333-26.453334 26.453334H270.506667c-14.506667 0-26.453333-11.946667-26.453334-26.453334V270.506667c-0.853333-14.506667 11.093333-26.453333 26.453334-26.453334zM640.853333 430.08h106.666667c14.506667 0 26.453333 11.946667 26.453333 26.453333V563.2c0 14.506667-11.946667 26.453333-26.453333 26.453333H640.853333c-14.506667 0-26.453333-11.946667-26.453333-26.453333V456.533333c0.853333-14.506667 12.8-26.453333 26.453333-26.453333zM455.68 430.08h106.666667c14.506667 0 26.453333 11.946667 26.453333 26.453333V563.2c0 14.506667-11.946667 26.453333-26.453333 26.453333H455.68c-14.506667 0-26.453333-11.946667-26.453333-26.453333V456.533333c0-14.506667 11.946667-26.453333 26.453333-26.453333zM270.506667 430.08h106.666666c14.506667 0 26.453333 11.946667 26.453334 26.453333V563.2c0 14.506667-11.946667 26.453333-26.453334 26.453333H270.506667c-14.506667 0-26.453333-11.946667-26.453334-26.453333V456.533333c-0.853333-14.506667 11.093333-26.453333 26.453334-26.453333zM640.853333 616.106667h106.666667c14.506667 0 26.453333 11.946667 26.453333 26.453333v106.666667c0 14.506667-11.946667 26.453333-26.453333 26.453333H640.853333c-14.506667 0-26.453333-11.946667-26.453333-26.453333V641.706667c0.853333-13.653333 12.8-25.6 26.453333-25.6zM455.68 616.106667h106.666667c14.506667 0 26.453333 11.946667 26.453333 26.453333v106.666667c0 14.506667-11.946667 26.453333-26.453333 26.453333H455.68c-14.506667 0-26.453333-11.946667-26.453333-26.453333V641.706667c0-13.653333 11.946667-25.6 26.453333-25.6zM270.506667 616.106667h106.666666c14.506667 0 26.453333 11.946667 26.453334 26.453333v106.666667c0 14.506667-11.946667 26.453333-26.453334 26.453333H270.506667c-14.506667 0-26.453333-11.946667-26.453334-26.453333V641.706667c-0.853333-13.653333 11.093333-25.6 26.453334-25.6z\" fill=\"#666666\">\u003C/path>\u003C/symbol>\u003Csymbol id=\"iconloyout_fix6\" viewBox=\"0 0 1024 1024\">\u003Cpath d=\"M746.666667 131.413333h-469.333334c-80.213333 0-145.92 64.853333-145.92 145.92v88.746667h58.026667l9.386667-88.746667c0-42.666667 34.986667-77.653333 77.653333-77.653333h469.333333c42.666667 0 77.653333 34.986667 77.653334 77.653333v470.186667c0 42.666667-34.986667 77.653333-77.653334 77.653333h-51.2v68.266667h51.2c80.213333 0 145.92-64.853333 145.92-145.92V277.333333c0.853333-80.213333-63.146667-145.92-145.066666-145.92z\" fill=\"#666666\">\u003C/path>\u003Cpath d=\"M277.333333 892.586667h469.333334c80.213333 0 145.92-64.853333 145.92-145.92V658.773333h-58.026667l-9.386667 88.746667c0 42.666667-34.986667 77.653333-77.653333 77.653333h-469.333333c-42.666667 0-77.653333-34.986667-77.653334-77.653333V277.333333c0-42.666667 34.986667-77.653333 77.653334-77.653333h51.2v-68.266667h-51.2c-80.213333 0-145.92 64.853333-145.92 145.92v470.186667c-0.853333 79.36 63.146667 145.066667 145.066666 145.066667z\" fill=\"#666666\">\u003C/path>\u003Cpath d=\"M270.506667 243.2h107.52c15.36 0 27.306667 11.946667 27.306666 27.306667v187.733333c0 15.36-11.946667 27.306667-27.306666 27.306667H270.506667c-15.36 0-27.306667-11.946667-27.306667-27.306667V269.653333c0.853333-14.506667 12.8-26.453333 27.306667-26.453333zM458.24 243.2h107.52c15.36 0 27.306667 11.946667 27.306667 27.306667v187.733333c0 15.36-11.946667 27.306667-27.306667 27.306667H458.24c-15.36 0-27.306667-11.946667-27.306667-27.306667V269.653333c0.853333-14.506667 12.8-26.453333 27.306667-26.453333zM646.826667 243.2h107.52c15.36 0 27.306667 11.946667 27.306666 27.306667v187.733333c0 15.36-11.946667 27.306667-27.306666 27.306667H646.826667c-15.36 0-27.306667-11.946667-27.306667-27.306667V269.653333c0-14.506667 12.8-26.453333 27.306667-26.453333zM270.506667 538.453333h107.52c15.36 0 27.306667 11.946667 27.306666 27.306667v187.733333c0 15.36-11.946667 27.306667-27.306666 27.306667H270.506667c-15.36 0-27.306667-11.946667-27.306667-27.306667v-187.733333c0.853333-15.36 12.8-27.306667 27.306667-27.306667zM458.24 538.453333h107.52c15.36 0 27.306667 11.946667 27.306667 27.306667v187.733333c0 15.36-11.946667 27.306667-27.306667 27.306667H458.24c-15.36 0-27.306667-11.946667-27.306667-27.306667v-187.733333c0.853333-15.36 12.8-27.306667 27.306667-27.306667zM646.826667 538.453333h107.52c15.36 0 27.306667 11.946667 27.306666 27.306667v187.733333c0 15.36-11.946667 27.306667-27.306666 27.306667H646.826667c-15.36 0-27.306667-11.946667-27.306667-27.306667v-187.733333c0-15.36 12.8-27.306667 27.306667-27.306667z\" fill=\"#666666\">\u003C/path>\u003C/symbol>\u003Csymbol id=\"iconloyout_fix2\" viewBox=\"0 0 1024 1024\">\u003Cpath d=\"M746.666667 131.413333h-469.333334c-80.213333 0-145.92 64.853333-145.92 145.92v88.746667h58.026667l9.386667-88.746667c0-42.666667 34.986667-77.653333 77.653333-77.653333h469.333333c42.666667 0 77.653333 34.986667 77.653334 77.653333v470.186667c0 42.666667-34.986667 77.653333-77.653334 77.653333h-51.2v68.266667h51.2c80.213333 0 145.92-64.853333 145.92-145.92V277.333333c0.853333-80.213333-63.146667-145.92-145.066666-145.92z\" fill=\"#666666\">\u003C/path>\u003Cpath d=\"M277.333333 892.586667h469.333334c80.213333 0 145.92-64.853333 145.92-145.92V658.773333h-58.026667l-9.386667 88.746667c0 42.666667-34.986667 77.653333-77.653333 77.653333h-469.333333c-42.666667 0-77.653333-34.986667-77.653334-77.653333V277.333333c0-42.666667 34.986667-77.653333 77.653334-77.653333h51.2v-68.266667h-51.2c-80.213333 0-145.92 64.853333-145.92 145.92v470.186667c-0.853333 79.36 63.146667 145.066667 145.066666 145.066667z\" fill=\"#666666\">\u003C/path>\u003Cpath d=\"M269.653333 242.346667h484.693334c15.36 0 27.306667 11.946667 27.306666 27.306666v188.586667c0 15.36-11.946667 27.306667-27.306666 27.306667H269.653333c-15.36 0-27.306667-11.946667-27.306666-27.306667V268.8c0.853333-14.506667 12.8-26.453333 27.306666-26.453333zM269.653333 538.453333h484.693334c15.36 0 27.306667 11.946667 27.306666 27.306667v188.586667c0 15.36-11.946667 27.306667-27.306666 27.306666H269.653333c-15.36 0-27.306667-11.946667-27.306666-27.306666V565.76c0.853333-15.36 12.8-27.306667 27.306666-27.306667z\" fill=\"#666666\">\u003C/path>\u003C/symbol>\u003Csymbol id=\"iconloyout_fix4\" viewBox=\"0 0 1024 1024\">\u003Cpath d=\"M746.666667 131.413333h-469.333334c-80.213333 0-145.92 64.853333-145.92 145.92v88.746667h58.026667l9.386667-88.746667c0-42.666667 34.986667-77.653333 77.653333-77.653333h469.333333c42.666667 0 77.653333 34.986667 77.653334 77.653333v470.186667c0 42.666667-34.986667 77.653333-77.653334 77.653333h-51.2v68.266667h51.2c80.213333 0 145.92-64.853333 145.92-145.92V277.333333c0.853333-80.213333-63.146667-145.92-145.066666-145.92z\" fill=\"#666666\">\u003C/path>\u003Cpath d=\"M277.333333 892.586667h469.333334c80.213333 0 145.92-64.853333 145.92-145.92V658.773333h-58.026667l-9.386667 88.746667c0 42.666667-34.986667 77.653333-77.653333 77.653333h-469.333333c-42.666667 0-77.653333-34.986667-77.653334-77.653333V277.333333c0-42.666667 34.986667-77.653333 77.653334-77.653333h51.2v-68.266667h-51.2c-80.213333 0-145.92 64.853333-145.92 145.92v470.186667c-0.853333 79.36 63.146667 145.066667 145.066666 145.066667z\" fill=\"#666666\">\u003C/path>\u003Cpath d=\"M269.653333 242.346667h188.586667c14.506667 0 26.453333 11.946667 26.453333 26.453333v188.586667c0 14.506667-11.946667 26.453333-26.453333 26.453333H269.653333c-14.506667 0-26.453333-11.946667-26.453333-26.453333v-187.733334c-1.706667-14.506667 11.093333-27.306667 26.453333-27.306666zM565.76 242.346667h188.586667c14.506667 0 26.453333 11.946667 26.453333 26.453333v188.586667c0 14.506667-11.946667 26.453333-26.453333 26.453333H565.76c-14.506667 0-26.453333-11.946667-26.453333-26.453333v-187.733334c-0.853333-14.506667 11.093333-27.306667 26.453333-27.306666zM269.653333 539.306667h188.586667c14.506667 0 26.453333 11.946667 26.453333 26.453333v188.586667c0 14.506667-11.946667 26.453333-26.453333 26.453333H269.653333c-14.506667 0-26.453333-11.946667-26.453333-26.453333v-187.733334c-1.706667-15.36 11.093333-27.306667 26.453333-27.306666zM565.76 539.306667h188.586667c14.506667 0 26.453333 11.946667 26.453333 26.453333v188.586667c0 14.506667-11.946667 26.453333-26.453333 26.453333H565.76c-14.506667 0-26.453333-11.946667-26.453333-26.453333v-187.733334c-0.853333-15.36 11.093333-27.306667 26.453333-27.306666z\" fill=\"#666666\">\u003C/path>\u003C/symbol>\u003Csymbol id=\"iconloyout_fix1\" viewBox=\"0 0 1024 1024\">\u003Cpath d=\"M746.666667 131.413333h-469.333334c-80.213333 0-145.92 64.853333-145.92 145.92v88.746667h58.026667l9.386667-88.746667c0-42.666667 34.986667-77.653333 77.653333-77.653333h469.333333c42.666667 0 77.653333 34.986667 77.653334 77.653333v470.186667c0 42.666667-34.986667 77.653333-77.653334 77.653333h-51.2v68.266667h51.2c80.213333 0 145.92-64.853333 145.92-145.92V277.333333c0.853333-80.213333-63.146667-145.92-145.066666-145.92z\" fill=\"#666666\">\u003C/path>\u003Cpath d=\"M277.333333 892.586667h469.333334c80.213333 0 145.92-64.853333 145.92-145.92V658.773333h-58.026667l-9.386667 88.746667c0 42.666667-34.986667 77.653333-77.653333 77.653333h-469.333333c-42.666667 0-77.653333-34.986667-77.653334-77.653333V277.333333c0-42.666667 34.986667-77.653333 77.653334-77.653333h51.2v-68.266667h-51.2c-80.213333 0-145.92 64.853333-145.92 145.92v470.186667c-0.853333 79.36 63.146667 145.066667 145.066666 145.066667z\" fill=\"#666666\">\u003C/path>\u003Cpath d=\"M713.386667 781.653333H310.613333c-37.546667 0-68.266667-30.72-68.266666-68.266666V310.613333c0-37.546667 30.72-68.266667 68.266666-68.266666h402.773334c37.546667 0 68.266667 30.72 68.266666 68.266666v402.773334c0 37.546667-30.72 68.266667-68.266666 68.266666z\" fill=\"#666666\">\u003C/path>\u003C/symbol>\u003Csymbol id=\"iconloyout_customize\" viewBox=\"0 0 1024 1024\">\u003Cpath d=\"M389.973333 893.44h472.746667c7.68 0 16.213333-3.413333 21.333333-8.533333s8.533333-13.653333 8.533334-21.333334V348.16h-503.466667v545.28z m472.746667-762.88H389.973333v156.16h503.466667V161.28c0-7.68-3.413333-16.213333-8.533333-21.333333-5.973333-5.973333-13.653333-9.386667-22.186667-9.386667z m-732.16 30.72v702.293333c0 17.066667 13.653333 30.72 30.72 30.72h168.106667V130.56H161.28c-7.68 0-16.213333 3.413333-21.333333 8.533333-5.973333 5.973333-9.386667 13.653333-9.386667 22.186667z\" fill=\"#666666\">\u003C/path>\u003C/symbol>\u003Csymbol id=\"iconlog_layout_expansion\" viewBox=\"0 0 1024 1024\">\u003Cpath d=\"M302.08 793.6H384v102.4H128V640h102.4v81.92l153.6-153.6 71.68 71.68-153.6 153.6zM716.8 793.6L563.2 640l71.68-71.68L793.6 727.04V640h102.4v256H640V793.6h76.8zM302.08 230.4l153.6 153.6-71.68 71.68-153.6-153.6V384H128V128h256v102.4h-81.92zM716.8 230.4h-76.8V128h256v256H793.6V296.96L634.88 455.68 563.2 384l153.6-153.6z\" fill=\"#444444\">\u003C/path>\u003C/symbol>\u003Csymbol id=\"iconlog_layout_collapse\" viewBox=\"0 0 1024 1024\">\u003Cpath d=\"M273.92 665.6h-81.92V574.293333h244.906667v230.4H341.333333v-76.8l-144.213333 144.213334-67.413333-62.293334L273.92 665.6z m476.16 0l144.213333 144.213333-67.413333 67.413334L682.666667 733.013333v76.8H586.24v-230.4h244.906667v91.306667h-81.92V665.6zM273.92 338.773333L149.333333 214.186667l62.293334-67.413334L341.333333 276.48v-76.8h96.426667v230.4H192V338.773333h81.92z m485.546667 0h72.533333v91.306667H586.24v-230.4H682.666667V281.6l134.826666-134.826667 67.413334 67.413334L759.466667 338.773333z\" fill=\"#444444\">\u003C/path>\u003C/symbol>\u003Csymbol id=\"iconicon_left_default\" viewBox=\"0 0 1024 1024\">\u003Cpath d=\"M959.146667 571.733333h-657.066667l248.32 238.933334H375.466667L64.853333 512 375.466667 214.186667h175.786666L302.08 452.266667h657.066667v119.466666z\" fill=\"#BABABA\">\u003C/path>\u003C/symbol>\u003Csymbol id=\"iconbrowse2\" viewBox=\"0 0 1024 1024\">\u003Cpath d=\"M785.493333 85.333333a38.613333 38.613333 0 0 1 38.698667 38.826667v349.013333h-77.397333V162.944H205.397333v698.197333h232.064V938.666667H166.656A38.613333 38.613333 0 0 1 128 899.84V124.16A38.826667 38.826667 0 0 1 166.656 85.333333H785.493333z m-96.682666 484.864a154.368 154.368 0 0 1 132.010666 74.154667 155.477333 155.477333 0 0 1 5.76 151.594667l63.744 63.957333a19.413333 19.413333 0 0 1 0 27.392l-32.810666 32.938667a19.328 19.328 0 0 1-27.306667 0l-61.738667-61.866667a154.410667 154.410667 0 0 1-194.816-29.482667 155.306667 155.306667 0 0 1-36.693333-132.821333 155.392 155.392 0 0 1 83.157333-109.738667 154.410667 154.410667 0 0 1 68.693334-16.128z m0 77.568c-20.48 0-40.192 8.149333-54.698667 22.698667a77.653333 77.653333 0 0 0 54.698667 132.437333c20.48 0 40.192-8.149333 54.698666-22.698666a77.653333 77.653333 0 0 0-54.698666-132.437334z m-193.365334-174.549333a19.328 19.328 0 0 1 19.328 19.413333v38.784a19.413333 19.413333 0 0 1-19.328 19.370667H302.037333a19.328 19.328 0 0 1-19.328-19.413333v-38.784a19.413333 19.413333 0 0 1 19.328-19.370667h193.408z m154.709334-155.136a19.328 19.328 0 0 1 19.328 19.370667v38.826666a19.413333 19.413333 0 0 1-19.328 19.370667H302.037333a19.328 19.328 0 0 1-19.328-19.413333V337.493333a19.413333 19.413333 0 0 1 19.328-19.370666h348.117334z\" fill=\"#1D2129\">\u003C/path>\u003C/symbol>\u003Csymbol id=\"iconbrowse1\" viewBox=\"0 0 1024 1024\">\u003Cpath d=\"M785.493333 85.333333a38.613333 38.613333 0 0 1 38.698667 38.826667v349.013333h-77.397333V162.944H205.397333v698.197333h232.064V938.666667H166.656A38.613333 38.613333 0 0 1 128 899.84V124.16A38.826667 38.826667 0 0 1 166.656 85.333333H785.493333z m-96.682666 484.864a154.368 154.368 0 0 1 132.010666 74.154667 155.477333 155.477333 0 0 1 5.76 151.594667l63.744 63.957333a19.413333 19.413333 0 0 1 0 27.392l-32.810666 32.938667a19.328 19.328 0 0 1-27.306667 0l-61.738667-61.866667a154.410667 154.410667 0 0 1-194.816-29.482667 155.306667 155.306667 0 0 1-36.693333-132.821333 155.392 155.392 0 0 1 83.157333-109.738667 154.410667 154.410667 0 0 1 68.693334-16.128z m0 77.568c-20.48 0-40.192 8.149333-54.698667 22.698667a77.653333 77.653333 0 0 0 54.698667 132.437333c20.48 0 40.192-8.149333 54.698666-22.698666a77.653333 77.653333 0 0 0-54.698666-132.437334z m-193.365334-174.549333a19.328 19.328 0 0 1 19.328 19.413333v38.784a19.413333 19.413333 0 0 1-19.328 19.370667H302.037333a19.328 19.328 0 0 1-19.328-19.413333v-38.784a19.413333 19.413333 0 0 1 19.328-19.370667h193.408z m154.709334-155.136a19.328 19.328 0 0 1 19.328 19.370667v38.826666a19.413333 19.413333 0 0 1-19.328 19.370667H302.037333a19.328 19.328 0 0 1-19.328-19.413333V337.493333a19.413333 19.413333 0 0 1 19.328-19.370666h348.117334z\" fill=\"#1D2129\">\u003C/path>\u003C/symbol>\u003Csymbol id=\"iconCluster\" viewBox=\"0 0 1024 1024\">\u003Cpath d=\"M554.666667 85.333333a42.666667 42.666667 0 0 1 42.666666 42.666667v298.666667h298.666667a42.666667 42.666667 0 0 1 42.666667 42.666666v426.666667a42.666667 42.666667 0 0 1-42.666667 42.666667H128a42.666667 42.666667 0 0 1-42.666667-42.666667V128a42.666667 42.666667 0 0 1 42.666667-42.666667h426.666667zM170.666667 853.333333h341.333333V170.666667H170.666667v682.666666z m426.666666-341.333333v341.333333h256v-341.333333h-256z m-256 170.666667a64 64 0 1 1 0 127.957333A64 64 0 0 1 341.333333 682.666667z m375.552-579.968a42.666667 42.666667 0 0 1 16.341334 3.968 437.589333 437.589333 0 0 1 193.493333 182.613333 42.666667 42.666667 0 0 1-37.333333 64v-0.426667a42.666667 42.666667 0 0 1-37.333334-21.333333 356.266667 356.266667 0 0 0-155.733333-146.986667A42.752 42.752 0 0 1 676.266667 128a42.709333 42.709333 0 0 1 40.618666-25.301333z\" fill=\"#1D2129\">\u003C/path>\u003C/symbol>\u003Csymbol id=\"iconDatacenter\" viewBox=\"0 0 1024 1024\">\u003Cpath d=\"M682.666667 85.333333a42.666667 42.666667 0 0 1 42.666666 42.666667v298.666667h128a42.666667 42.666667 0 0 1 42.666667 42.666666v384h21.333333a21.333333 21.333333 0 0 1 21.333334 21.333334v42.666666a21.333333 21.333333 0 0 1-21.333334 21.333334h-810.666666a21.333333 21.333333 0 0 1-21.333334-21.333334v-42.666666a21.333333 21.333333 0 0 1 21.333334-21.333334H128V128a42.666667 42.666667 0 0 1 42.666667-42.666667h512z m-42.666667 85.333334H213.333333v682.666666h426.666667V170.666667z m170.666667 341.333333h-85.333334v341.333333h85.333334v-341.333333zM362.666667 512a21.333333 21.333333 0 0 1 21.333333 21.333333v128a21.333333 21.333333 0 0 1-21.333333 21.333334h-42.666667a21.333333 21.333333 0 0 1-21.333333-21.333334v-128a21.333333 21.333333 0 0 1 21.333333-21.333333h42.666667z m170.666666 0a21.333333 21.333333 0 0 1 21.333334 21.333333v128a21.333333 21.333333 0 0 1-21.333334 21.333334h-42.666666a21.333333 21.333333 0 0 1-21.333334-21.333334v-128a21.333333 21.333333 0 0 1 21.333334-21.333333h42.666666z m-170.666666-256a21.333333 21.333333 0 0 1 21.333333 21.333333v128a21.333333 21.333333 0 0 1-21.333333 21.333334h-42.666667a21.333333 21.333333 0 0 1-21.333333-21.333334v-128a21.333333 21.333333 0 0 1 21.333333-21.333333h42.666667z m170.666666 0a21.333333 21.333333 0 0 1 21.333334 21.333333v128a21.333333 21.333333 0 0 1-21.333334 21.333334h-42.666666a21.333333 21.333333 0 0 1-21.333334-21.333334v-128a21.333333 21.333333 0 0 1 21.333334-21.333333h42.666666z\" fill=\"#1D2129\">\u003C/path>\u003C/symbol>\u003Csymbol id=\"iconPhysicalserver\" viewBox=\"0 0 1024 1024\">\u003Cpath d=\"M898.048 128c10.752 0 21.077333 4.138667 28.714667 11.52a38.784 38.784 0 0 1 11.904 27.861333v689.237334c0 10.453333-4.266667 20.48-11.904 27.861333a41.301333 41.301333 0 0 1-28.714667 11.52H125.952a41.301333 41.301333 0 0 1-28.714667-11.52 38.784 38.784 0 0 1-11.904-27.861333V167.381333c0-10.453333 4.266667-20.48 11.904-27.861333A41.301333 41.301333 0 0 1 125.952 128h772.096z m-40.661333 551.381333H166.613333v137.813334h690.773334v-137.813334z m-91.434667 39.381334c5.418667 0 10.581333 2.090667 14.378667 5.76 3.84 3.712 5.973333 8.704 5.973333 13.952v39.381333c0 5.205333-2.133333 10.24-5.973333 13.909333a20.650667 20.650667 0 0 1-14.378667 5.76H725.333333a20.650667 20.650667 0 0 1-14.378666-5.76 19.370667 19.370667 0 0 1-5.973334-13.909333v-39.381333c0-5.248 2.176-10.24 5.973334-13.952a20.650667 20.650667 0 0 1 14.378666-5.76h40.618667z m91.434667-275.669334H166.613333v157.525334h690.773334v-157.525334zM725.333333 482.474667h40.618667c4.992 0 9.813333 1.749333 13.525333 4.949333a19.498667 19.498667 0 0 1 6.656 12.416l0.170667 2.304v39.381333a19.328 19.328 0 0 1-5.12 13.098667 20.522667 20.522667 0 0 1-12.8 6.485333l-2.432 0.128H725.333333a20.693333 20.693333 0 0 1-13.482666-4.992 19.541333 19.541333 0 0 1-6.698667-12.373333l-0.128-2.346667v-39.381333c0-4.821333 1.834667-9.472 5.12-13.056a20.522667 20.522667 0 0 1 12.8-6.485333l2.389333-0.128z m132.053334-275.712H166.613333v157.525333h690.773334V206.762667z m-91.434667 39.381333c4.992 0 9.813333 1.792 13.525333 4.992a19.498667 19.498667 0 0 1 6.656 12.373333l0.170667 2.346667v39.381333a19.370667 19.370667 0 0 1-5.12 13.056 20.522667 20.522667 0 0 1-12.8 6.485334l-2.432 0.128H725.333333a20.693333 20.693333 0 0 1-13.482666-4.949334 19.541333 19.541333 0 0 1-6.698667-12.416l-0.128-2.304V265.813333c0-4.821333 1.834667-9.472 5.12-13.098666a20.522667 20.522667 0 0 1 12.8-6.485334L725.333333 246.186667h40.618667z\" fill=\"#1D2129\">\u003C/path>\u003C/symbol>\u003Csymbol id=\"iconFileserver\" viewBox=\"0 0 1024 1024\">\u003Cpath d=\"M893.482667 85.333333c11.989333 0 23.466667 4.522667 31.914666 12.501334 8.490667 8.021333 13.269333 18.858667 13.269334 30.165333v377.770667h-90.325334V170.666667H260.992v682.666666h135.552v85.333334H215.850667c-11.989333 0-23.466667-4.522667-31.914667-12.501334A41.514667 41.514667 0 0 1 170.666667 896V128c0-11.306667 4.778667-22.186667 13.226666-30.165333A46.506667 46.506667 0 0 1 215.893333 85.333333H893.44z m17.450666 504.234667a19.114667 19.114667 0 0 1 19.2 19.413333v310.272a19.2 19.2 0 0 1-19.2 19.413334h-422.4a19.157333 19.157333 0 0 1-19.2-19.413334v-310.314666c0-5.12 2.005333-10.069333 5.632-13.653334a19.114667 19.114667 0 0 1 13.568-5.717333h422.4z m-364.8 271.530667H853.333333v-193.92h-307.2v193.92z m134.4-58.197334h-76.8V725.333333h76.8v77.568z m134.4 0h-76.8V725.333333h76.8v77.568zM554.666667 426.666667c5.973333 0 11.733333 2.261333 15.957333 6.229333 4.266667 4.010667 6.613333 9.429333 6.613333 15.104v42.666667c0 5.674667-2.389333 11.093333-6.613333 15.104A23.253333 23.253333 0 0 1 554.666667 512H373.973333a23.253333 23.253333 0 0 1-15.957333-6.229333 20.778667 20.778667 0 0 1-6.656-15.104v-42.666667c0-5.674667 2.389333-11.093333 6.656-15.104A23.253333 23.253333 0 0 1 373.973333 426.666667H554.666667z m180.693333-170.666667c5.973333 0 11.733333 2.261333 15.957333 6.229333 4.266667 4.010667 6.656 9.429333 6.656 15.104v42.666667c0 5.674667-2.389333 11.093333-6.656 15.104a23.253333 23.253333 0 0 1-15.957333 6.229333h-361.386667a23.253333 23.253333 0 0 1-15.957333-6.229333 20.736 20.736 0 0 1-6.656-15.104v-42.666667c0-5.674667 2.389333-11.093333 6.656-15.104A23.253333 23.253333 0 0 1 373.973333 256h361.386667z\" fill=\"#1D2129\">\u003C/path>\u003C/symbol>\u003Csymbol id=\"iconPersonalcomputer\" viewBox=\"0 0 1024 1024\">\u003Cpath d=\"M887.722667 605.184v-357.546667c0-46.848-38.058667-84.906667-84.906667-84.906666H221.184c-46.848 0-84.906667 38.058667-84.906667 84.906666v395.349334c0 46.848 38.058667 84.906667 84.906667 84.906666h252.245333v56.064H328.704c-21.333333 0-38.570667 17.322667-38.570667 38.570667 0 21.333333 17.322667 38.570667 38.570667 38.570667h366.506667c21.333333 0 38.570667-17.322667 38.570666-38.570667 0-21.333333-17.322667-38.570667-38.570666-38.570667H550.570667V727.893333h252.245333c46.848 0 84.906667-38.058667 84.906667-84.906666v-62.037334c0-21.333333-17.322667-38.570667-38.570667-38.570666-21.333333 0-38.570667 17.322667-38.570667 38.570666v62.037334c0 4.181333-3.498667 7.68-7.68 7.68H221.184a7.765333 7.765333 0 0 1-7.68-7.68V247.637333c0-4.181333 3.498667-7.68 7.68-7.68h581.632c4.181333 0 7.68 3.498667 7.68 7.68V577.706667m38.656-69.802667\" fill=\"#333333\">\u003C/path>\u003C/symbol>\u003Csymbol id=\"iconVirtualmachines\" viewBox=\"0 0 1024 1024\">\u003Cpath d=\"M356.864 125.952c0-10.752 4.053333-21.077333 11.349333-28.714667A37.930667 37.930667 0 0 1 395.648 85.333333H899.84c10.282667 0 20.138667 4.266667 27.434667 11.904 7.253333 7.637333 11.349333 17.92 11.349333 28.714667v528.256a41.642667 41.642667 0 0 1-11.349333 28.757333 37.930667 37.930667 0 0 1-27.434667 11.904h-232.746667v203.178667a41.642667 41.642667 0 0 1-11.349333 28.714667 37.930667 37.930667 0 0 1-27.434667 11.904H124.16a37.930667 37.930667 0 0 1-27.434667-11.904 41.642667 41.642667 0 0 1-11.349333-28.714667V369.792c0-10.794667 4.096-21.12 11.349333-28.757333a37.930667 37.930667 0 0 1 27.434667-11.904h232.746667V125.952z m504.234667 40.661333h-426.666667v162.56h193.92c10.282667 0 20.181333 4.266667 27.434667 11.861334 7.253333 7.637333 11.349333 17.962667 11.349333 28.757333v162.56h-77.568V410.368h-426.666667v446.976h426.666667v-162.56H395.648a37.930667 37.930667 0 0 1-27.434667-11.861333 41.642667 41.642667 0 0 1-11.349333-28.757334v-162.56h77.568v121.941334h426.666667V166.613333z\" fill=\"#1D2129\">\u003C/path>\u003C/symbol>\u003Csymbol id=\"iconSysteminformation\" viewBox=\"0 0 1024 1024\">\u003Cpath d=\"M834.688 489.301333l91.349333 90.325334a42.453333 42.453333 0 0 1 9.386667 46.378666 42.496 42.496 0 0 1-9.386667 13.824l-289.664 286.378667A43.093333 43.093333 0 0 1 605.866667 938.666667l-91.093334-0.298667c-11.392 0-22.272-4.522667-30.293333-12.458667a42.325333 42.325333 0 0 1-12.629333-29.952l-0.298667-90.069333a42.197333 42.197333 0 0 1 12.629333-30.250667l289.664-286.336a43.306667 43.306667 0 0 1 60.885334 0zM128.384 85.333333h645.973333c11.434667 0 22.4 4.48 30.464 12.458667 8.106667 7.978667 12.629333 18.816 12.629334 30.122667v276.736H731.306667V170.496H171.52v681.216h215.338667v85.162667H128.384c-11.392 0-22.357333-4.48-30.421333-12.458667A42.325333 42.325333 0 0 1 85.333333 894.293333V127.914667c0-11.306667 4.522667-22.144 12.629334-30.122667 8.064-7.978667 19.029333-12.458667 30.421333-12.458667z m675.84 494.293334l-246.528 243.712 0.128 30.037333 30.336 0.085333 246.528-243.754666-30.464-30.08z m-352.853333-47.232c5.717333 0 11.221333 2.261333 15.232 6.229333 4.053333 4.010667 6.314667 9.386667 6.314666 15.061333v42.581334c0 5.632-2.261333 11.093333-6.314666 15.061333a21.674667 21.674667 0 0 1-15.189334 6.229333H279.125333a21.674667 21.674667 0 0 1-15.232-6.229333 21.162667 21.162667 0 0 1-6.314666-15.061333v-42.581334c0-5.632 2.304-11.093333 6.314666-15.061333a21.674667 21.674667 0 0 1 15.232-6.229333h172.288z m172.288-170.325334c5.717333 0 11.178667 2.261333 15.232 6.272 4.053333 3.968 6.314667 9.386667 6.314666 15.018667v42.581333c0 5.674667-2.261333 11.093333-6.314666 15.061334a21.674667 21.674667 0 0 1-15.232 6.229333H279.125333a21.674667 21.674667 0 0 1-15.232-6.229333 21.162667 21.162667 0 0 1-6.314666-15.061334v-42.581333c0-5.632 2.304-11.050667 6.314666-15.018667a21.674667 21.674667 0 0 1 15.232-6.272h344.533334z\" fill=\"#1D2129\">\u003C/path>\u003C/symbol>\u003Csymbol id=\"iconClear\" viewBox=\"0 0 1024 1024\">\u003Cpath d=\"M568.32 255.146667c19.626667 5.12 40.96 8.533333 59.733333 16.213333 14.506667 5.973333 22.186667 3.413333 32.426667-7.68 41.813333-42.666667 84.48-85.333333 127.146667-127.146667 32.426667-31.573333 74.24-34.986667 105.813333-10.24 38.4 29.866667 40.96 81.92 5.12 118.613334-41.813333 42.666667-84.48 85.333333-127.146667 127.146666-11.946667 11.093333-13.653333 19.626667-7.68 35.84 24.746667 59.733333 15.36 116.053333-24.746666 166.4-17.92 23.04-31.573333 23.893333-52.053334 3.413334-77.653333-76.8-154.453333-154.453333-231.253333-232.106667-18.773333-18.773333-17.92-31.573333 1.706667-48.64 29.866667-25.6 70.826667-40.96 110.933333-41.813333z m145.92 283.306666c25.6-40.96 29.013333-86.186667 3.413333-131.413333-10.24-17.92-8.533333-31.573333 6.826667-46.08 46.933333-45.226667 93.013333-92.16 139.093333-138.24 6.826667-6.826667 13.653333-14.506667 16.213334-23.04 5.12-16.213333 0-30.72-14.506667-40.106667-15.36-9.386667-32.426667-6.826667-47.786667 7.68-46.933333 46.08-93.866667 93.013333-139.946666 139.946667-22.186667 22.186667-26.453333 23.04-53.76 8.533333-43.52-23.04-86.186667-19.626667-126.293334 5.973334l216.746667 216.746666z\" fill=\"#333333\">\u003C/path>\u003Cpath d=\"M713.386667 607.573333c-14.506667 0-27.306667-10.24-35.84-18.773333-83.626667-83.626667-158.72-158.72-231.253334-232.106667-7.68-7.68-18.773333-20.48-17.92-35.84 0.853333-15.36 11.093333-26.453333 20.48-34.133333 31.573333-27.306667 74.24-44.373333 119.466667-46.08h2.56l1.706667 0.853333c5.973333 1.706667 11.946667 2.56 17.92 4.266667 14.506667 3.413333 29.866667 6.826667 44.373333 12.8 7.68 3.413333 9.386667 2.56 17.066667-4.266667 39.253333-40.106667 81.066667-81.92 128-127.146666 37.546667-36.693333 87.04-40.96 124.586666-11.093334 21.333333 17.066667 34.133333 40.106667 35.84 65.706667 1.706667 27.306667-8.533333 53.76-29.013333 74.24-39.253333 40.106667-81.066667 81.92-128 127.146667-7.68 6.826667-8.533333 9.386667-4.266667 19.626666 26.453333 63.146667 17.066667 126.293333-27.306666 180.906667-8.533333 10.24-19.626667 22.186667-35.84 23.04-1.706667 0.853333-1.706667 0.853333-2.56 0.853333zM566.613333 269.653333c-36.693333 1.706667-73.386667 16.213333-98.986666 39.253334-9.386667 7.68-10.24 11.946667-10.24 13.653333 0 1.706667 0.853333 5.973333 9.386666 14.506667 72.533333 72.533333 148.48 148.48 231.253334 232.106666 9.386667 9.386667 14.506667 10.24 15.36 10.24 1.706667 0 5.973333-1.706667 14.506666-12.8 37.546667-46.933333 45.226667-98.986667 23.04-151.893333-8.533333-21.333333-5.973333-35.84 10.24-52.053333 46.933333-45.226667 87.893333-87.04 127.146667-127.146667 14.506667-15.36 22.186667-34.133333 20.48-52.053333-0.853333-17.066667-10.24-33.28-24.746667-45.226667-26.453333-20.48-59.733333-17.066667-87.04 9.386667-46.08 45.226667-87.04 86.186667-126.293333 126.293333-11.093333 11.093333-24.746667 20.48-48.64 10.24-11.946667-5.12-25.6-7.68-39.253333-11.093333-5.12-0.853333-11.093333-2.56-16.213334-3.413334zM716.8 561.493333L473.6 318.293333l15.36-9.386666c44.373333-29.013333 93.013333-30.72 140.8-6.826667 6.826667 3.413333 17.066667 8.533333 20.48 8.533333 3.413333-0.853333 11.946667-9.386667 17.066667-13.653333l39.253333-39.253333 100.693333-100.693334c19.626667-19.626667 44.373333-23.04 65.706667-9.386666 19.626667 12.8 27.306667 34.133333 20.48 57.173333-3.413333 11.093333-11.946667 20.48-19.626667 28.16l-4.266666 4.266667C825.173333 280.746667 779.946667 326.826667 733.866667 371.2c-10.24 10.24-11.093333 16.213333-4.266667 29.013333 26.453333 48.64 25.6 98.986667-4.266667 145.92l-8.533333 15.36zM519.68 324.266667l190.293333 190.293333c15.36-33.28 12.8-66.56-5.973333-99.84-13.653333-24.746667-10.24-44.373333 9.386667-64 45.226667-44.373333 91.306667-89.6 134.826666-133.973333l4.266667-4.266667c5.12-5.12 11.093333-11.093333 12.8-17.066667 3.413333-10.24 0.853333-17.92-8.533333-23.893333-11.946667-7.68-22.186667-0.853333-29.866667 5.973333-33.28 33.28-67.413333 66.56-100.693333 100.693334l-39.253334 39.253333c-26.453333 26.453333-37.546667 28.16-70.826666 11.093333-33.28-17.92-64.853333-18.773333-96.426667-4.266666zM320 259.413333c0-27.306667 20.48-48.64 47.786667-48.64 27.306667 0 48.64 22.186667 48.64 48.64 0 25.6-21.333333 47.786667-47.786667 48.64-25.6 0-47.786667-22.186667-48.64-48.64zM785.066667 700.586667c18.773333 0 33.28 15.36 32.426666 34.133333-0.853333 17.92-14.506667 31.573333-32.426666 31.573333-18.773333 0-33.28-14.506667-33.28-33.28-0.853333-17.92 14.506667-33.28 33.28-32.426666zM705.706667 769.706667c37.546667 0.853333 67.413333 32.426667 65.706666 69.973333-1.706667 35.84-29.866667 64-66.56 64-38.4 0-68.266667-29.866667-68.266666-67.413333 0.853333-36.693333 32.426667-67.413333 69.12-66.56z\" fill=\"#333333\">\u003C/path>\u003Cpath d=\"M657.066667 608.426667L419.84 371.2c-12.8-12.8-25.6-12.8-40.106667-4.266667-14.506667 8.533333-29.013333 18.773333-44.373333 23.893334-71.68 23.893333-143.36 46.08-215.04 68.266666-27.306667 8.533333-32.426667 17.92-19.626667 43.52 11.093333 20.48 21.333333 42.666667 34.133334 62.293334 6.826667 11.093333 18.773333 18.773333 29.866666 28.16-11.093333 11.093333-5.973333 24.746667 5.973334 40.106666 14.506667 17.92 29.013333 37.546667 43.52 55.466667 19.626667 25.6 39.253333 51.2 79.36 22.186667-2.56 10.24-2.56 15.36-5.12 20.48-9.386667 20.48-3.413333 35.84 14.506666 48.64 18.773333 13.653333 36.693333 27.306667 52.906667 44.373333 25.6 27.306667 52.053333 36.693333 83.626667 11.946667 1.706667-0.853333 3.413333-0.853333 5.973333-0.853334 0 5.12 0.853333 10.24 0 14.506667-4.266667 21.333333 4.266667 34.133333 23.04 43.52 20.48 11.093333 40.106667 23.893333 60.586667 35.84 25.6 15.36 37.546667 8.533333 42.666666-20.48 4.266667-23.04 9.386667-45.226667 13.653334-67.413333 0 0 4.266667-32.426667 14.506666-62.293334 0-0.853333 0-0.853333 0.853334-1.706666 4.266667-12.8 9.386667-24.746667 16.213333-33.28 14.506667-30.72 29.866667-61.44 45.226667-92.16 6.826667-16.213333 8.533333-29.013333-5.12-43.52z m-123.733334 273.92c-14.506667-8.533333-28.16-15.36-40.106666-23.893334-3.413333-2.56-5.12-9.386667-4.266667-13.653333 0.853333-12.8 4.266667-25.6 3.413333-38.4 0-9.386667-2.56-23.04-8.533333-26.453333-6.826667-4.266667-19.626667-0.853333-29.013333 0.853333-8.533333 2.56-17.92 6.826667-24.746667 12.8-19.626667 14.506667-35.84 11.093333-52.053333-6.826667-11.093333-11.946667-23.893333-22.186667-36.693334-31.573333-11.093333-7.68-11.946667-15.36-7.68-27.306667 5.12-12.8 10.24-26.453333 12.8-40.106666 1.706667-8.533333 0-19.626667-5.12-25.6-4.266667-4.266667-16.213333-5.12-23.893333-2.56-14.506667 3.413333-29.013333 11.093333-43.52 15.36-5.12 1.706667-13.653333 0-17.066667-3.413334-17.066667-18.773333-32.426667-37.546667-48.64-58.026666 13.653333-16.213333 27.306667-30.72 38.4-47.786667 5.12-7.68 7.68-22.186667 4.266667-28.16-4.266667-5.973333-17.92-5.973333-28.16-8.533333-2.56-0.853333-5.12 1.706667-7.68 2.56-46.08 11.946667-46.08 11.946667-66.56-34.133334 35.84-10.24 72.533333-18.773333 107.52-31.573333 43.52-16.213333 86.186667-34.986667 128-53.76 8.533333-3.413333 14.506667-5.973333 23.04 2.56 70.826667 71.68 141.653333 142.506667 212.48 213.333333 1.706667 1.706667 2.56 3.413333 4.266667 5.973334-45.226667 77.653333-74.24 159.573333-90.453334 248.32z\" fill=\"#333333\">\u003C/path>\u003Cpath d=\"M550.4 951.466667c-11.093333 0-21.333333-5.12-29.013333-10.24-6.826667-4.266667-14.506667-8.533333-21.333334-12.8-12.8-8.533333-25.6-16.213333-38.4-23.04-21.333333-11.093333-32.426667-27.306667-31.573333-47.786667-29.013333 12.8-57.173333 5.12-84.48-24.746667-15.36-16.213333-34.133333-29.866667-50.346667-42.666666-20.48-15.36-28.16-33.28-23.893333-54.613334-32.426667 6.826667-53.76-20.48-68.266667-39.253333l-11.946666-15.36c-10.24-13.653333-20.48-27.306667-31.573334-40.106667-16.213333-20.48-17.066667-35.84-13.653333-46.08 0 0-0.853333 0-0.853333-0.853333-7.68-6.826667-16.213333-13.653333-22.186667-23.04-10.24-15.36-17.92-31.573333-26.453333-46.933333-2.56-5.12-5.12-11.093333-8.533334-16.213334-5.973333-11.093333-11.946667-26.453333-5.973333-40.106666s20.48-19.626667 34.133333-23.893334c74.24-22.186667 145.92-45.226667 215.04-68.266666 10.24-3.413333 20.48-9.386667 31.573334-16.213334 3.413333-1.706667 6.826667-4.266667 10.24-5.973333 26.453333-15.36 46.08-5.12 58.026666 6.826667C510.293333 439.466667 588.8 518.826667 668.16 597.333333c22.186667 22.186667 14.506667 45.226667 5.973333 60.586667-15.36 29.866667-29.866667 60.586667-44.373333 90.453333l-2.56 4.266667c-5.12 5.973333-9.386667 16.213333-13.653333 29.013333l-0.853334 1.706667c-8.533333 26.453333-12.8 56.32-13.653333 58.88v0.853333c-5.12 23.04-9.386667 45.226667-13.653333 67.413334-2.56 12.8-7.68 30.72-23.04 37.546666-3.413333 2.56-7.68 3.413333-11.946667 3.413334zM459.093333 818.346667v20.48c0 4.266667 0.853333 8.533333-0.853333 13.653333-2.56 11.946667-0.853333 19.626667 15.36 28.16 13.653333 7.68 27.306667 15.36 40.106667 23.893333 6.826667 4.266667 13.653333 8.533333 21.333333 12.8 11.946667 6.826667 15.36 5.973333 15.36 5.973334s3.413333-2.56 5.973333-17.066667c4.266667-23.04 9.386667-45.226667 13.653334-67.413333 0.853333-5.973333 4.266667-29.013333 11.093333-53.76l-0.853333-1.706667 5.12-11.093333c5.12-14.506667 11.093333-26.453333 17.066666-34.986667 14.506667-29.866667 29.013333-60.586667 44.373334-90.453333 7.68-14.506667 5.973333-20.48-0.853334-27.306667C567.466667 540.16 488.106667 460.8 409.6 381.44c-5.973333-5.973333-11.946667-8.533333-23.04-1.706667-3.413333 1.706667-6.826667 4.266667-9.386667 5.973334-11.946667 6.826667-23.893333 14.506667-37.546666 18.773333-68.266667 23.04-140.8 45.226667-215.04 68.266667-14.506667 4.266667-16.213333 7.68-16.213334 7.68s-0.853333 3.413333 5.12 15.36c2.56 5.12 5.973333 11.093333 8.533334 16.213333 7.68 15.36 15.36 30.72 24.746666 44.373333 3.413333 5.973333 10.24 11.093333 16.213334 16.213334 3.413333 3.413333 7.68 5.973333 11.093333 9.386666l11.093333 10.24-11.093333 10.24c-3.413333 3.413333-0.853333 10.24 6.826667 20.48 11.093333 13.653333 21.333333 27.306667 31.573333 40.96l11.946667 15.36c21.333333 27.306667 31.573333 39.253333 58.88 19.626667l30.72-22.186667-8.533334 37.546667c-0.853333 3.413333-1.706667 6.826667-1.706666 8.533333-0.853333 5.12-1.706667 9.386667-3.413334 13.653334-5.12 11.946667-5.12 20.48 10.24 30.72 17.92 12.8 37.546667 28.16 54.613334 46.08 23.893333 25.6 41.813333 28.16 64.853333 10.24 4.266667-3.413333 9.386667-3.413333 12.8-3.413334h0.853333l15.36-1.706666z m84.48 87.04l-17.92-10.24c-4.266667-2.56-7.68-4.266667-11.946666-6.826667-10.24-5.973333-19.626667-11.093333-29.013334-17.92-9.386667-5.973333-11.093333-19.626667-11.093333-26.453333 0-5.973333 0.853333-11.946667 1.706667-17.066667 0.853333-6.826667 1.706667-13.653333 1.706666-19.626667 0-7.68-1.706667-11.946667-2.56-14.506666-2.56 0-6.826667 0-17.066666 2.56-6.826667 1.706667-13.653333 5.12-20.48 10.24-24.746667 18.773333-48.64 16.213333-70.826667-8.533334-9.386667-11.946667-23.04-21.333333-33.28-29.013333-16.213333-11.093333-20.48-25.6-12.8-44.373333 5.12-11.946667 9.386667-24.746667 11.946667-37.546667 0.853333-5.12 0-10.24-0.853334-11.946667-2.56-0.853333-6.826667-0.853333-10.24 0-6.826667 1.706667-13.653333 4.266667-21.333333 7.68-6.826667 2.56-14.506667 5.973333-22.186667 7.68-9.386667 2.56-23.893333 0-31.573333-7.68-12.8-13.653333-23.893333-28.16-36.693333-42.666666L196.266667 623.786667l-7.68-9.386667 7.68-9.386667c4.266667-5.12 8.533333-9.386667 11.946666-14.506666 9.386667-11.093333 17.92-21.333333 25.6-32.426667 1.706667-3.413333 3.413333-8.533333 3.413334-11.093333-2.56-0.853333-6.826667-0.853333-9.386667-1.706667-1.706667 0-4.266667-0.853333-5.973333-0.853333-1.706667 0.853333-2.56 0.853333-4.266667 1.706666-52.906667 13.653333-59.733333 10.24-83.626667-41.813333l-6.826666-15.36 16.213333-4.266667c11.093333-3.413333 22.186667-5.973333 33.28-9.386666 24.746667-6.826667 49.493333-12.8 73.386667-22.186667 34.986667-12.8 69.12-28.16 102.4-42.666667 8.533333-3.413333 16.213333-6.826667 24.746666-11.093333 7.68-3.413333 23.04-10.24 38.4 5.973333 51.2 52.053333 104.106667 104.106667 154.453334 155.306667l58.026666 58.026667c1.706667 1.706667 3.413333 4.266667 4.266667 5.973333 0.853333 0.853333 0.853333 1.706667 1.706667 2.56l5.12 7.68-4.266667 7.68c-42.666667 75.093333-71.68 154.453333-87.893333 243.2l-3.413334 19.626667zM503.466667 848.213333c5.973333 4.266667 12.8 7.68 19.626666 11.946667 17.066667-81.066667 43.52-154.453333 81.92-223.573333L550.4 580.266667c-50.346667-51.2-103.253333-103.253333-154.453333-155.306667l-1.706667-1.706667c-0.853333 0-2.56 0.853333-5.12 1.706667-8.533333 3.413333-16.213333 6.826667-24.746667 11.093333-34.133333 14.506667-69.12 29.866667-104.96 43.52-24.746667 9.386667-50.346667 16.213333-75.946666 22.186667-5.973333 1.706667-11.093333 3.413333-17.066667 4.266667 4.266667 8.533333 7.68 15.36 10.24 16.213333 3.413333 1.706667 17.066667-1.706667 32.426667-5.973333h0.853333c2.56-0.853333 7.68-3.413333 13.653333-1.706667 2.56 0.853333 5.12 0.853333 7.68 0.853333 10.24 1.706667 23.04 3.413333 29.013334 12.8 8.533333 12.8 2.56 34.133333-4.266667 44.373334-8.533333 12.8-17.92 23.893333-27.306667 34.986666-1.706667 1.706667-2.56 3.413333-4.266666 5.12 1.706667 2.56 3.413333 4.266667 5.12 6.826667 11.946667 14.506667 23.04 28.16 34.986666 40.96 0.853333 0 2.56 0.853333 3.413334 0.853333 5.973333-1.706667 11.946667-4.266667 18.773333-6.826666 7.68-3.413333 16.213333-6.826667 24.746667-8.533334 8.533333-2.56 28.16-3.413333 37.546666 6.826667 8.533333 9.386667 11.093333 25.6 8.533334 37.546667-2.56 15.36-7.68 29.866667-13.653334 43.52-2.56 6.826667-1.706667 6.826667 2.56 10.24 11.946667 8.533333 26.453333 19.626667 39.253334 33.28 13.653333 14.506667 21.333333 12.8 32.426666 4.266666 6.826667-5.12 17.066667-11.946667 29.866667-15.36 13.653333-3.413333 29.013333-6.826667 40.106667 0 9.386667 5.973333 14.506667 18.773333 15.36 38.4 0 8.533333-0.853333 17.066667-1.706667 24.746667-0.853333 5.12-1.706667 10.24-1.706667 14.506667 2.56 1.706667 3.413333 3.413333 3.413334 4.266666z m-28.16-57.173333zM265.386667 661.333333z\" fill=\"#333333\">\u003C/path>\u003C/symbol>\u003Csymbol id=\"iconClear-01\" viewBox=\"0 0 1024 1024\">\u003Cpath d=\"M653.653333 843.093333c-15.36 0-32.426667-3.413333-53.76-11.093333l-2.56-0.853333-474.453333-221.013334c-11.093333-3.413333-38.4-15.36-50.346667-43.52-5.973333-13.653333-10.24-35.84 4.266667-62.293333l1.706667-2.56 1.706666-2.56c2.56-3.413333 17.92-23.04 44.373334-30.72h0.853333c3.413333-0.853333 218.453333-60.586667 314.026667-189.44 17.066667-33.28 61.44-71.68 121.173333-48.64l97.28 36.693333L716.8 176.64c15.36-23.04 64-55.466667 134.826667-11.946667 4.266667 2.56 24.746667 16.213333 30.72 42.666667 2.56 11.946667 3.413333 30.72-10.24 50.346667l-46.933334 71.68 48.64 18.773333c40.96 10.24 76.8 43.52 69.973334 88.746667-0.853333 29.866667-13.653333 221.866667-230.4 383.146666-9.386667 9.386667-28.16 23.04-59.733334 23.04z m-24.746666-81.92c17.066667 5.973333 26.453333 5.973333 29.866666 5.12l0.853334-1.706666 5.12-3.413334c202.24-148.48 201.386667-324.266667 201.386666-325.973333v-5.973333c-2.56-2.56-9.386667-5.12-13.653333-5.973334l-5.12-1.706666L708.266667 367.786667l93.866666-142.506667c-11.946667-5.973333-19.626667-5.973333-23.04-4.266667L687.786667 360.106667l-154.453334-58.88c-4.266667-1.706667-16.213333-5.973333-26.453333 13.653333l-1.706667 3.413333-1.706666 2.56C401.92 460.8 194.56 527.36 152.746667 539.306667l476.16 221.866666zM779.093333 221.866667z\" fill=\"#333333\">\u003C/path>\u003Cpath d=\"M406.766933 396.834133l30.378667-70.545066 442.052267 190.344533-30.378667 70.545067zM307.2 666.453333c-13.653333 0-27.306667-7.68-34.133333-21.333333-9.386667-18.773333-1.706667-41.813333 17.066666-51.2l138.24-69.973333c18.773333-9.386667 41.813333-1.706667 51.2 17.066666 9.386667 18.773333 1.706667 41.813333-17.066666 51.2L324.266667 662.186667c-5.973333 2.56-11.093333 4.266667-17.066667 4.266666zM459.946667 749.226667c-13.653333 0-27.306667-7.68-34.133334-21.333334-9.386667-18.773333-1.706667-41.813333 17.066667-51.2l138.24-69.973333c18.773333-9.386667 41.813333-1.706667 51.2 17.066667 9.386667 18.773333 1.706667 41.813333-17.066667 51.2l-138.24 69.973333c-5.973333 3.413333-11.093333 4.266667-17.066666 4.266667zM776.533333 196.266667l-26.453333 22.186666s-39.253333 53.76-41.813333 57.173334c-2.56 3.413333-22.186667 47.786667-22.186667 47.786666v37.546667l47.786667 18.773333L837.12 221.866667 776.533333 196.266667z\" fill=\"#333333\">\u003C/path>\u003C/symbol>\u003Csymbol id=\"iconfail-02\" viewBox=\"0 0 1024 1024\">\u003Cpath d=\"M516.266667 58.026667C268.8 58.026667 68.266667 258.56 68.266667 506.026667s200.533333 448 448 448S964.266667 753.493333 964.266667 506.026667 763.733333 58.026667 516.266667 58.026667z m138.24 541.013333l43.52 44.373333c-14.506667 15.36-29.013333 30.72-44.373334 46.08-46.08-46.08-91.306667-92.16-137.386666-137.386666-45.226667 46.08-90.453333 92.16-136.533334 138.24-15.36-15.36-29.866667-29.866667-44.373333-45.226667l43.52-45.226667c30.72-31.573333 61.44-62.293333 92.16-93.866666-46.08-46.08-91.306667-92.16-136.533333-139.093334 14.506667-14.506667 29.013333-28.16 43.52-44.373333L516.266667 460.8c46.08-46.08 91.306667-92.16 137.386666-139.093333 14.506667 15.36 29.013333 29.866667 44.373334 43.52-45.226667 47.786667-91.306667 93.866667-136.533334 140.8 30.72 30.72 62.293333 61.44 93.013334 93.013333z\" fill=\"#C53709\">\u003C/path>\u003C/symbol>\u003Csymbol id=\"iconfan_green\" viewBox=\"0 0 1024 1024\">\u003Cpath d=\"M511.146667 956.586667c-244.906667 0-443.733333-198.826667-443.733334-445.44 0-246.613333 198.826667-445.44 443.733334-445.44s443.733333 198.826667 443.733333 445.44c0 246.613333-197.973333 445.44-443.733333 445.44z m0-855.04C345.6 101.546667 197.12 201.386667 133.12 354.133333c-62.293333 151.893333-28.16 328.533333 89.6 446.293334 116.053333 116.053333 292.693333 151.893333 446.293333 88.746666 153.6-64 252.586667-212.48 252.586667-378.026666-1.706667-226.133333-183.466667-409.6-410.453333-409.6z\" fill=\"#23C343\">\u003C/path>\u003Cpath d=\"M585.386667 515.413333c0 38.4-31.573333 68.266667-68.266667 68.266667-36.693333 0-68.266667-31.573333-68.266667-68.266667 0-36.693333 31.573333-68.266667 68.266667-68.266666 38.4-0.853333 69.973333 30.72 68.266667 68.266666z m-67.413334-44.373333c-17.92 0-33.28 11.093333-40.96 26.453333-6.826667 17.066667-3.413333 35.84 8.533334 49.493334 11.946667 11.946667 31.573333 17.066667 49.493333 10.24 17.066667-6.826667 28.16-23.893333 28.16-40.96 0-11.093333-4.266667-23.893333-13.653333-31.573334-8.533333-9.386667-19.626667-13.653333-31.573334-13.653333z\" fill=\"#23C343\">\u003C/path>\u003Cpath d=\"M810.666667 385.706667c-25.6-23.893333-40.96-31.573333-86.186667-46.08-35.84-11.946667-118.613333-13.653333-148.48 39.253333l-31.573333 54.613333c-4.266667 7.68-7.68 17.066667-8.533334 24.746667l50.346667 65.706667c25.6 3.413333 62.293333 4.266667 86.186667 18.773333 29.013333 18.773333 75.946667 68.266667 98.133333 81.92 36.693333 21.333333 73.386667-17.066667 86.186667-40.96 14.506667-27.306667 47.786667-122.026667-46.08-197.973333z\" fill=\"#23C343\">\u003C/path>\u003Cpath d=\"M576 576.853333c-3.413333-7.68-10.24-13.653333-17.066667-18.773333l-7.68 0.853333c8.533333-10.24 14.506667-23.893333 14.506667-39.253333 0-29.866667-21.333333-53.76-47.786667-53.76-17.066667 0-29.866667 8.533333-39.253333 22.186667l7.68-22.186667c-8.533333-23.893333-26.453333-56.32-25.6-83.626667 0.853333-33.28 21.333333-99.84 21.333333-126.293333 0-43.52-51.2-56.32-78.506666-53.76-31.573333 0.853333-128.853333 20.48-146.773334 139.093333-6.826667 33.28-6.826667 51.2 3.413334 97.28 6.826667 36.693333 51.2 111.786667 111.786666 111.786667l56.32-3.413333c8.533333 0 26.453333 0 34.986667-3.413334l10.24-29.866666c0 2.56-0.853333 4.266667-0.853333 6.826666 0 18.773333 8.533333 34.986667 21.333333 44.373334h-13.653333c-17.066667 20.48-39.253333 54.613333-61.44 65.706666-31.573333 17.066667-96.426667 32.426667-119.466667 46.08-36.693333 21.333333-21.333333 71.68-6.826667 94.72 17.066667 25.6 81.92 101.546667 193.706667 58.026667 33.28-11.093333 47.786667-21.333333 82.773333-51.2 28.16-23.893333 64-96.426667 40.106667-147.626667L576 576.853333z m-121.173333-66.56l2.56-7.68 3.413333-23.893333c3.413333 6.826667 5.973333 10.24 5.973333 10.24-1.706667 8.533333-5.12 15.36-11.946666 21.333333z m61.44 62.293334l-10.24 0.853333c0.853333-0.853333 3.413333-0.853333 4.266666-2.56 1.706667 1.706667 4.266667 1.706667 5.973334 1.706667z\" fill=\"#23C343\">\u003C/path>\u003C/symbol>\u003Csymbol id=\"icontemperature_green\" viewBox=\"0 0 1024 1024\">\u003Cpath d=\"M518.506667 64C561.813333 64 597.333333 100.309333 597.333333 144.576v475.648a170.666667 170.666667 0 1 1-170.666666 0V144.576C426.666667 100.309333 462.186667 64 505.493333 64h13.013334z\" fill=\"#C9CDD4\">\u003C/path>\u003Cpath d=\"M512 362.666667a42.666667 42.666667 0 0 1 42.666667 42.666666v288.789334a85.269333 85.269333 0 0 1 17.664 134.208A85.333333 85.333333 0 1 1 469.333333 694.144V405.333333a42.666667 42.666667 0 0 1 42.666667-42.666666z\" fill=\"#23C343\">\u003C/path>\u003C/symbol>\u003Csymbol id=\"iconfan_red\" viewBox=\"0 0 1024 1024\">\u003Cpath d=\"M506.88 965.973333c-249.173333 0-451.413333-202.24-451.413333-452.266666s202.24-452.266667 451.413333-452.266667 451.413333 202.24 451.413333 452.266667-201.386667 452.266667-451.413333 452.266666z m0-868.693333c-168.106667 0-319.146667 101.546667-384 256.853333C58.88 509.44 93.866667 688.64 213.333333 808.106667c118.613333 118.613333 297.813333 154.453333 453.973334 89.6s256.853333-215.893333 256.853333-384c-1.706667-229.546667-186.88-416.426667-417.28-416.426667z\" fill=\"#C53709\">\u003C/path>\u003Cpath d=\"M582.826667 517.973333c0 38.4-31.573333 69.12-69.12 69.12S443.733333 555.52 443.733333 517.973333s31.573333-69.12 69.12-69.12c39.253333-0.853333 70.826667 30.72 69.973334 69.12z m-69.12-45.226666c-17.92 0-34.133333 11.093333-41.813334 27.306666-6.826667 17.066667-3.413333 36.693333 9.386667 50.346667 12.8 12.8 31.573333 17.066667 50.346667 10.24 17.066667-6.826667 28.16-23.893333 28.16-41.813333 0-11.093333-4.266667-23.893333-13.653334-31.573334-8.533333-10.24-20.48-14.506667-32.426666-14.506666z\" fill=\"#C53709\">\u003C/path>\u003Cpath d=\"M811.52 386.56c-26.453333-23.893333-41.813333-31.573333-87.893333-46.933333-36.693333-12.8-120.32-13.653333-151.04 40.106666L541.013333 435.2c-4.266667 7.68-7.68 17.066667-9.386666 24.746667l51.2 67.413333c26.453333 3.413333 64 4.266667 87.893333 19.626667 29.866667 19.626667 77.653333 69.12 99.84 82.773333 37.546667 21.333333 75.093333-17.066667 87.893333-41.813333 14.506667-29.013333 48.64-124.586667-46.933333-201.386667z\" fill=\"#C53709\">\u003C/path>\u003Cpath d=\"M572.586667 580.266667c-3.413333-7.68-10.24-13.653333-17.066667-19.626667l-7.68 0.853333c9.386667-10.24 14.506667-23.893333 14.506667-40.106666 0-30.72-21.333333-54.613333-48.64-54.613334-17.066667 0-30.72 9.386667-40.106667 23.04l7.68-23.04c-9.386667-23.893333-27.306667-57.173333-26.453333-85.333333 0.853333-34.133333 21.333333-101.546667 21.333333-128.853333 0-44.373333-52.053333-57.173333-79.36-54.613334-31.573333 0.853333-130.56 20.48-149.333333 140.8-6.826667 34.133333-6.826667 52.053333 3.413333 98.986667 6.826667 37.546667 52.053333 113.493333 113.493333 113.493333l57.173334-3.413333c9.386667 0 27.306667 0 34.986666-3.413333l10.24-30.72c0 2.56-0.853333 4.266667-0.853333 6.826666 0 19.626667 9.386667 34.986667 21.333333 45.226667h-13.653333c-17.066667 20.48-40.106667 55.466667-62.293333 67.413333-31.573333 17.066667-98.133333 33.28-122.026667 46.933334-37.546667 21.333333-21.333333 72.533333-6.826667 96.426666 17.066667 26.453333 82.773333 103.253333 196.266667 58.88 34.133333-11.093333 48.64-21.333333 84.48-52.053333 28.16-23.893333 64.853333-98.133333 40.96-150.186667L572.586667 580.266667z m-122.88-67.413334l2.56-7.68 3.413333-23.893333c3.413333 6.826667 5.973333 10.24 5.973333 10.24-1.706667 8.533333-5.12 15.36-11.946666 21.333333z m62.293333 63.146667l-10.24 0.853333c0.853333-0.853333 3.413333-0.853333 4.266667-2.56 1.706667 1.706667 4.266667 1.706667 5.973333 1.706667z\" fill=\"#C53709\">\u003C/path>\u003C/symbol>\u003Csymbol id=\"iconpause-01\" viewBox=\"0 0 1024 1024\">\u003Cpath d=\"M513.706667 60.586667C267.093333 60.586667 65.706667 260.266667 65.706667 507.733333S267.093333 955.733333 512.853333 955.733333c246.613333 0 447.146667-200.533333 447.146667-447.146666S759.466667 60.586667 513.706667 60.586667zM480.426667 725.333333h-71.68V290.986667h71.68V725.333333z m137.386666 0H546.133333V290.986667h71.68V725.333333z\" fill=\"#C2C2C2\">\u003C/path>\u003C/symbol>\u003Csymbol id=\"iconPhotos-Expandl\" viewBox=\"0 0 1024 1024\">\u003Cpath d=\"M917.333333 768a21.333333 21.333333 0 0 1 21.333334 21.333333v42.666667a21.333333 21.333333 0 0 1-21.333334 21.333333h-810.666666a21.333333 21.333333 0 0 1-21.333334-21.333333v-42.666667a21.333333 21.333333 0 0 1 21.333334-21.333333h810.666666zM132.053333 377.6c4.608 0 9.130667 1.28 13.098667 3.669333l181.077333 109.184a25.386667 25.386667 0 0 1 0 43.434667l-181.077333 109.184a25.386667 25.386667 0 0 1-38.485333-21.76V402.986667c0-14.037333 11.349333-25.386667 25.386666-25.386667zM917.333333 469.333333a21.333333 21.333333 0 0 1 21.333334 21.333334v42.666666a21.333333 21.333333 0 0 1-21.333334 21.333334h-426.666666a21.333333 21.333333 0 0 1-21.333334-21.333334v-42.666666a21.333333 21.333333 0 0 1 21.333334-21.333334h426.666666z m0-298.666666a21.333333 21.333333 0 0 1 21.333334 21.333333v42.666667a21.333333 21.333333 0 0 1-21.333334 21.333333h-810.666666a21.333333 21.333333 0 0 1-21.333334-21.333333v-42.666667a21.333333 21.333333 0 0 1 21.333334-21.333333h810.666666z\" fill=\"#1D2129\">\u003C/path>\u003C/symbol>\u003Csymbol id=\"iconPhotos-Close\" viewBox=\"0 0 1024 1024\">\u003Cpath d=\"M917.333333 768a21.333333 21.333333 0 0 1 21.333334 21.333333v42.666667a21.333333 21.333333 0 0 1-21.333334 21.333333h-810.666666a21.333333 21.333333 0 0 1-21.333334-21.333333v-42.666667a21.333333 21.333333 0 0 1 21.333334-21.333333h810.666666zM294.613333 374.912a25.386667 25.386667 0 0 1 25.258667 22.784l0.128 2.602667v218.325333a25.386667 25.386667 0 0 1-36.053333 23.04l-2.432-1.28-181.077334-109.184a25.344 25.344 0 0 1-2.304-41.898667l2.304-1.578666 181.077334-109.141334a25.301333 25.301333 0 0 1 13.098666-3.626666zM917.333333 469.333333a21.333333 21.333333 0 0 1 21.333334 21.333334v42.666666a21.333333 21.333333 0 0 1-21.333334 21.333334h-426.666666a21.333333 21.333333 0 0 1-21.333334-21.333334v-42.666666a21.333333 21.333333 0 0 1 21.333334-21.333334h426.666666z m0-298.666666a21.333333 21.333333 0 0 1 21.333334 21.333333v42.666667a21.333333 21.333333 0 0 1-21.333334 21.333333h-810.666666a21.333333 21.333333 0 0 1-21.333334-21.333333v-42.666667a21.333333 21.333333 0 0 1 21.333334-21.333333h810.666666z\" fill=\"#1D2129\">\u003C/path>\u003C/symbol>\u003Csymbol id=\"iconactivated-01\" viewBox=\"0 0 1024 1024\">\u003Cpath d=\"M516.266667 60.586667C268.8 60.586667 68.266667 261.12 68.266667 508.586667s200.533333 448 448 448S964.266667 756.053333 964.266667 508.586667 763.733333 60.586667 516.266667 60.586667z m-33.28 653.653333c-63.146667-44.373333-123.733333-88.746667-187.733334-133.973333 12.8-17.066667 23.893333-34.133333 35.84-51.2 44.373333 32.426667 90.453333 64 134.826667 96.426666C539.306667 517.12 612.693333 409.6 686.08 302.08c17.066667 12.8 34.133333 23.893333 51.2 34.986667-83.626667 127.146667-168.106667 250.88-254.293333 377.173333z\" fill=\"#1EB300\">\u003C/path>\u003C/symbol>\u003Csymbol id=\"iconongoing-01\" viewBox=\"0 0 1024 1024\">\u003Cpath d=\"M517.12 59.733333C269.653333 59.733333 69.12 260.266667 69.12 507.733333S269.653333 955.733333 517.12 955.733333s448-200.533333 448-448S764.586667 59.733333 517.12 59.733333zM318.293333 557.226667c-27.306667 0-49.493333-22.186667-49.493333-49.493334s22.186667-49.493333 49.493333-49.493333 49.493333 22.186667 49.493334 49.493333-22.186667 49.493333-49.493334 49.493334z m198.826667 0c-27.306667 0-49.493333-22.186667-49.493333-49.493334s22.186667-49.493333 49.493333-49.493333 49.493333 22.186667 49.493333 49.493333-22.186667 49.493333-49.493333 49.493334z m198.826667 0c-27.306667 0-49.493333-22.186667-49.493334-49.493334s22.186667-49.493333 49.493334-49.493333 49.493333 22.186667 49.493333 49.493333-22.186667 49.493333-49.493333 49.493334z\" fill=\"#0086E6\">\u003C/path>\u003C/symbol>\u003Csymbol id=\"iconfail-01\" viewBox=\"0 0 1024 1024\">\u003Cpath d=\"M510.293333 61.44c-247.466667 0-448 200.533333-448 448s200.533333 448 448 448 448-200.533333 448-448S757.76 61.44 510.293333 61.44z m14.506667 208.213333c19.626667 6.826667 33.28 27.306667 33.28 45.226667-5.12 77.653333-10.24 148.48-15.36 220.16l-3.413333 49.493333c-0.853333 17.92-13.653333 29.866667-29.866667 29.013334-15.36 0-27.306667-12.8-29.013333-29.013334-5.973333-85.333333-12.8-169.813333-18.773334-256.853333-2.56-40.106667 27.306667-68.266667 63.146667-58.026667z m-14.506667 482.133334c-27.306667 0-49.493333-22.186667-49.493333-49.493334s22.186667-49.493333 49.493333-49.493333 49.493333 22.186667 49.493334 49.493333-22.186667 49.493333-49.493334 49.493334z\" fill=\"#C53709\">\u003C/path>\u003C/symbol>\u003Csymbol id=\"iconNot_Enabled-01\" viewBox=\"0 0 1024 1024\">\u003Cpath d=\"M514.56 59.733333C267.093333 59.733333 66.56 260.266667 66.56 507.733333S267.093333 955.733333 514.56 955.733333s448-200.533333 448-448S762.026667 59.733333 514.56 59.733333zM296.96 546.986667v-76.8l434.346667-0.853334v76.8l-434.346667 0.853334z\" fill=\"#333333\">\u003C/path>\u003C/symbol>\u003Csymbol id=\"iconwarning-01\" viewBox=\"0 0 1024 1024\">\u003Cpath d=\"M511.146667 58.88c-247.466667 0-448 200.533333-448 448s200.533333 448 448 448 448-200.533333 448-448S758.613333 58.88 511.146667 58.88z m-38.4 230.4c0-21.333333 17.066667-38.4 38.4-38.4s38.4 17.066667 38.4 38.4v293.546667c0 21.333333-17.92 38.4-38.4 38.4-21.333333 0-38.4-17.066667-38.4-38.4V289.28z m38.4 472.746667c-27.306667 0-49.493333-22.186667-49.493334-49.493334s22.186667-49.493333 49.493334-49.493333 49.493333 22.186667 49.493333 49.493333-22.186667 49.493333-49.493333 49.493334z\" fill=\"#F8AA01\">\u003C/path>\u003C/symbol>\u003Csymbol id=\"iconcheck_the_details1\" viewBox=\"0 0 1024 1024\">\u003Cpath d=\"M785.493333 85.333333a38.613333 38.613333 0 0 1 38.698667 38.826667v349.013333h-77.397333V162.944H205.397333v698.197333h232.064V938.666667H166.656A38.613333 38.613333 0 0 1 128 899.84V124.16A38.826667 38.826667 0 0 1 166.656 85.333333H785.493333z m-96.682666 484.864a154.368 154.368 0 0 1 132.010666 74.154667 155.477333 155.477333 0 0 1 5.76 151.594667l63.744 63.957333a19.413333 19.413333 0 0 1 0 27.392l-32.810666 32.938667a19.328 19.328 0 0 1-27.306667 0l-61.738667-61.866667a154.410667 154.410667 0 0 1-194.816-29.482667 155.306667 155.306667 0 0 1-36.693333-132.821333 155.392 155.392 0 0 1 83.157333-109.738667 154.410667 154.410667 0 0 1 68.693334-16.128z m0 77.568c-20.48 0-40.192 8.149333-54.698667 22.698667a77.653333 77.653333 0 0 0 54.698667 132.437333c20.48 0 40.192-8.149333 54.698666-22.698666a77.653333 77.653333 0 0 0-54.698666-132.437334z m-193.365334-174.549333a19.328 19.328 0 0 1 19.328 19.413333v38.784a19.413333 19.413333 0 0 1-19.328 19.370667H302.037333a19.328 19.328 0 0 1-19.328-19.413333v-38.784a19.413333 19.413333 0 0 1 19.328-19.370667h193.408z m154.709334-155.136a19.328 19.328 0 0 1 19.328 19.370667v38.826666a19.413333 19.413333 0 0 1-19.328 19.370667H302.037333a19.328 19.328 0 0 1-19.328-19.413333V337.493333a19.413333 19.413333 0 0 1 19.328-19.370666h348.117334z\" fill=\"#1D2129\">\u003C/path>\u003C/symbol>\u003Csymbol id=\"iconresize_corner\" viewBox=\"0 0 1024 1024\">\u003Cpath d=\"M138.24 1006.933333L1006.933333 145.92V37.546667L29.013333 1006.933333zM553.813333 1006.933333L1006.933333 553.813333V445.44L444.586667 1006.933333z\" fill=\"#333333\">\u003C/path>\u003C/symbol>\u003Csymbol id=\"iconmore_help_blue\" viewBox=\"0 0 1024 1024\">\u003Cpath d=\"M512 85.333333c235.648 0 426.666667 191.018667 426.666667 426.666667s-191.018667 426.666667-426.666667 426.666667S85.333333 747.648 85.333333 512 276.352 85.333333 512 85.333333z m0 77.568a349.098667 349.098667 0 1 0 0 698.197334 349.098667 349.098667 0 0 0 0-698.197334z m19.370667 504.234667a19.413333 19.413333 0 0 1 19.413333 19.413333V725.333333a19.413333 19.413333 0 0 1-19.413333 19.370667h-38.784a19.370667 19.370667 0 0 1-19.370667-19.370667v-38.826666a19.413333 19.413333 0 0 1 19.413333-19.370667h38.784z m-24.874667-387.84c46.08 0 84.394667 11.136 114.901333 33.450667 30.506667 22.4 45.738667 55.466667 45.738667 99.285333 0 26.88-6.613333 49.493333-19.882667 67.925333-7.765333 11.136-22.613333 25.386667-44.672 42.794667l-21.717333 17.066667c-11.818667 9.301333-19.712 20.181333-23.594667 32.554666-1.024 3.413333-1.962667 9.685333-2.773333 18.901334a19.413333 19.413333 0 0 1-19.285333 17.706666h-43.477334a19.413333 19.413333 0 0 1-19.370666-19.413333v-0.853333l0.085333-0.938667c2.517333-26.965333 5.162667-44.074667 8.021333-51.2 5.333333-13.354667 18.986667-28.714667 41.002667-46.08l22.357333-17.706667c7.338667-5.546667 45.184-32.213333 45.184-55.808s-4.096-32.298667-15.957333-45.226666c-11.818667-12.928-38.528-17.109333-62.592-17.109334-23.68 0-43.904 6.272-53.76 22.186667a112.341333 112.341333 0 0 0-11.050667 23.296c-1.28 3.84-2.176 7.850667-2.816 11.904a19.370667 19.370667 0 0 1-19.114666 16.085333H378.026667a19.370667 19.370667 0 0 1-19.413334-19.370666v-1.066667l0.128-1.109333c0.469333-4.352 0.981333-7.978667 1.536-10.837334 7.552-42.112 26.666667-73.045333 57.429334-92.885333 24.064-15.701333 53.674667-23.594667 88.746666-23.594667z\" fill=\"#3491FA\">\u003C/path>\u003C/symbol>\u003Csymbol id=\"iconInstruction\" viewBox=\"0 0 1024 1024\">\u003Cpath d=\"M899.84 128c10.325333 0 20.181333 4.053333 27.477333 11.264 7.253333 7.168 11.349333 16.938667 11.349334 27.136v691.2a38.186667 38.186667 0 0 1-11.349334 27.136 38.997333 38.997333 0 0 1-27.434666 11.264H124.117333a38.997333 38.997333 0 0 1-27.434666-11.264A38.186667 38.186667 0 0 1 85.333333 857.6V166.4c0-10.197333 4.096-19.968 11.349334-27.136A38.997333 38.997333 0 0 1 124.16 128h775.765333z m-38.741333 76.8H162.901333v614.4h698.197334V204.8z m-336.213334 96.213333l34.432 3.754667a19.498667 19.498667 0 0 1 16.512 13.738667 19.029333 19.029333 0 0 1 0.64 7.466666l-0.085333 0.512-49.834667 360.832a19.157333 19.157333 0 0 1-7.253333 12.544 19.541333 19.541333 0 0 1-14.08 3.925334l-34.432-3.797334a19.541333 19.541333 0 0 1-16.554667-14.08 19.029333 19.029333 0 0 1-0.512-7.594666l49.834667-360.832a19.541333 19.541333 0 0 1 21.333333-16.512zM378.026667 395.989333l24.32 22.357334a19.2 19.2 0 0 1 4.821333 21.077333 19.2 19.2 0 0 1-4.138667 6.4l-66.944 67.754667 66.944 67.712a19.114667 19.114667 0 0 1-0.341333 27.178666l-0.341333 0.341334-24.32 22.357333a19.541333 19.541333 0 0 1-26.965334-0.554667l-103.893333-103.509333a19.114667 19.114667 0 0 1 0-27.093333l103.893333-103.466667a19.498667 19.498667 0 0 1 26.965334-0.554667z m294.997333 0.554667l103.893333 103.466667a19.114667 19.114667 0 0 1 0 27.093333l-103.893333 103.509333a19.498667 19.498667 0 0 1-26.965333 0.554667l-24.32-22.357333a19.2 19.2 0 0 1-0.64-27.52l66.901333-67.712-66.901333-67.754667a19.157333 19.157333 0 0 1 0.64-27.477333l24.32-22.357334a19.498667 19.498667 0 0 1 26.965333 0.554667z\" fill=\"#1D2129\">\u003C/path>\u003C/symbol>\u003Csymbol id=\"iconCombination_of_characters\" viewBox=\"0 0 1024 1024\">\u003Cpath d=\"M320 277.333333a128.042667 128.042667 0 0 1 256 0 128.042667 128.042667 0 0 1-256 0z m128-213.333333a213.333333 213.333333 0 1 0 0.085333 426.752A213.333333 213.333333 0 0 0 448 64zM176 768c18.986667-73.6 85.76-128 165.333333-128h171.733334a21.333333 21.333333 0 0 0 21.333333-21.333333v-42.666667a21.333333 21.333333 0 0 0-21.333333-21.333333H341.333333a256 256 0 0 0-256 256v85.333333c0 23.552 19.2 42.666667 42.666667 42.666667h385.066667a21.333333 21.333333 0 0 0 21.333333-21.333334v-42.666666a21.333333 21.333333 0 0 0-21.333333-21.333334H170.666667v-42.666666c0-14.762667 1.92-29.013333 5.333333-42.666667zM789.333333 597.333333h-42.666666a21.333333 21.333333 0 0 0-21.333334 21.333334V725.333333h-106.666666a21.333333 21.333333 0 0 0-21.333334 21.333334v42.666666a21.333333 21.333333 0 0 0 21.333334 21.333334H725.333333v106.666666a21.333333 21.333333 0 0 0 21.333334 21.333334h42.666666a21.333333 21.333333 0 0 0 21.333334-21.333334V810.666667h106.666666a21.333333 21.333333 0 0 0 21.333334-21.333334v-42.666666a21.333333 21.333333 0 0 0-21.333334-21.333334H810.666667v-106.666666a21.333333 21.333333 0 0 0-21.333334-21.333334z\" fill=\"#1D2129\">\u003C/path>\u003C/symbol>\u003Csymbol id=\"iconPrevious2\" viewBox=\"0 0 1024 1024\">\u003Cpath d=\"M36.693333 190.293333h153.6v651.946667h-153.6zM517.973333 536.746667l432.64 319.146666c17.066667 12.8 40.96 0 40.96-20.48V197.12c0-21.333333-23.893333-33.28-40.96-20.48L517.973333 495.786667c-14.506667 10.24-14.506667 30.72 0 40.96z\" fill=\"#6B7580\">\u003C/path>\u003Cpath d=\"M572.586667 142.506667L189.44 425.813333V605.866667l383.146667 283.306666c17.066667 12.8 41.813333 0 41.813333-21.333333V163.84c0-21.333333-23.893333-33.28-41.813333-21.333333z\" fill=\"#6B7580\">\u003C/path>\u003C/symbol>\u003Csymbol id=\"iconForward2\" viewBox=\"0 0 1024 1024\">\u003Cpath d=\"M56.32 536.746667l477.013333 352.426666c17.066667 12.8 41.813333 0 41.813334-21.333333V163.84c0-21.333333-23.893333-33.28-41.813334-21.333333L56.32 494.933333c-14.506667 11.093333-14.506667 31.573333 0 41.813334z\" fill=\"#6B7580\">\u003C/path>\u003Cpath d=\"M478.72 536.746667l432.64 319.146666c17.066667 12.8 40.96 0 40.96-20.48V197.12c0-21.333333-23.893333-33.28-40.96-20.48L478.72 495.786667c-14.506667 10.24-14.506667 30.72 0 40.96z\" fill=\"#6B7580\">\u003C/path>\u003C/symbol>\u003Csymbol id=\"iconPause2\" viewBox=\"0 0 1024 1024\">\u003Cpath d=\"M284.16 190.293333h153.6v651.946667h-153.6zM574.293333 190.293333h153.6v651.946667h-153.6z\" fill=\"#6B7580\">\u003C/path>\u003C/symbol>\u003Csymbol id=\"iconNext2\" viewBox=\"0 0 1024 1024\">\u003Cpath d=\"M837.12 190.293333h153.6v651.946667h-153.6z\" fill=\"#6B7580\">\u003C/path>\u003Cpath d=\"M932.693333 536.746667l-477.013333 352.426666c-17.066667 12.8-41.813333 0-41.813333-21.333333V163.84c0-21.333333 23.893333-33.28 41.813333-21.333333L932.693333 494.933333c13.653333 11.093333 13.653333 31.573333 0 41.813334z\" fill=\"#6B7580\">\u003C/path>\u003Cpath d=\"M510.293333 536.746667L77.653333 855.893333c-17.066667 12.8-40.96 0-40.96-20.48V197.12c0-21.333333 23.893333-33.28 40.96-20.48l432.64 319.146667a25.6 25.6 0 0 1 0 40.96z\" fill=\"#6B7580\">\u003C/path>\u003C/symbol>\u003Csymbol id=\"iconReverse2\" viewBox=\"0 0 1024 1024\">\u003Cpath d=\"M966.826667 536.746667l-477.013334 352.426666c-17.066667 12.8-41.813333 0-41.813333-21.333333V163.84c0-21.333333 23.893333-33.28 41.813333-21.333333L966.826667 494.933333c13.653333 11.093333 13.653333 31.573333 0 41.813334z\" fill=\"#6B7580\">\u003C/path>\u003Cpath d=\"M544.426667 536.746667l-432.64 319.146666c-17.066667 12.8-40.96 0-40.96-20.48V197.12c0-21.333333 23.893333-33.28 40.96-20.48l432.64 319.146667a25.6 25.6 0 0 1 0 40.96z\" fill=\"#6B7580\">\u003C/path>\u003C/symbol>\u003Csymbol id=\"iconPlay2\" viewBox=\"0 0 1024 1024\">\u003Cpath d=\"M229.546667 532.48l477.013333 352.426667c17.066667 12.8 41.813333 0 41.813333-21.333334V159.573333c0-21.333333-23.893333-33.28-41.813333-21.333333L229.546667 490.666667c-13.653333 10.24-13.653333 31.573333 0 41.813333z\" fill=\"#6B7580\">\u003C/path>\u003C/symbol>\u003Csymbol id=\"iconicon_wifi4_enabled\" viewBox=\"0 0 1024 1024\">\u003Cpath d=\"M514.497561 510.75122m-485.77561 0a485.77561 485.77561 0 1 0 971.55122 0 485.77561 485.77561 0 1 0-971.55122 0Z\" fill=\"#FFFFFF\">\u003C/path>\u003Cpath d=\"M516.995122 821.697561c-4.995122 0-14.985366-8.741463-32.468293-24.97561-17.482927-17.482927-24.97561-28.721951-24.975609-32.468292 0-7.492683 7.492683-13.736585 22.478048-18.731708 14.985366-4.995122 26.22439-7.492683 36.214634-7.492683s22.478049 2.497561 36.214635 7.492683 22.478049 12.487805 22.478048 18.731708c0 4.995122-8.741463 14.985366-24.975609 32.468292-18.731707 16.234146-29.970732 24.97561-34.965854 24.97561zM608.156098 715.55122c-1.24878 0-4.995122-2.497561-13.736586-8.741464-8.741463-4.995122-21.229268-12.487805-36.214634-17.482927-14.985366-4.995122-29.970732-8.741463-44.956098-8.741463-14.985366 0-29.970732 2.497561-44.956097 8.741463-14.985366 4.995122-26.22439 12.487805-36.214634 17.482927-8.741463 4.995122-13.736585 8.741463-14.985366 8.741464-4.995122 0-14.985366-8.741463-32.468293-26.224391-17.482927-17.482927-26.22439-28.721951-26.22439-32.468292 0-2.497561 1.24878-4.995122 3.746341-8.741464 18.731707-18.731707 41.209756-32.468293 68.682927-42.458536 27.473171-9.990244 54.946341-14.985366 82.419512-14.985366 27.473171 0 53.697561 4.995122 82.419513 14.985366 27.473171 9.990244 49.95122 24.97561 68.682927 42.458536 2.497561 2.497561 3.746341 4.995122 3.746341 8.741464 0 4.995122-8.741463 14.985366-26.22439 32.468292-18.731707 16.234146-29.970732 26.22439-33.717073 26.224391z\" fill=\"#0567FF\">\u003C/path>\u003Cpath d=\"M708.058537 596.917073c-2.497561 0-4.995122-1.24878-8.741464-2.497561-32.468293-24.97561-61.190244-42.458537-88.663414-54.946341-27.473171-12.487805-58.692683-17.482927-93.658537-17.482927-19.980488 0-39.960976 2.497561-59.941463 7.492683-19.980488 4.995122-37.463415 11.239024-52.448781 18.731707s-28.721951 14.985366-39.960976 22.478049-19.980488 12.487805-27.47317 16.234146c-6.243902 4.995122-9.990244 7.492683-11.239025 7.492683-3.746341 0-14.985366-8.741463-32.468292-26.22439-17.482927-17.482927-26.22439-28.721951-26.224391-32.468293 0-2.497561 1.24878-4.995122 3.746342-7.492683 31.219512-31.219512 68.682927-54.946341 112.390244-72.429268 43.707317-17.482927 88.663415-24.97561 133.619512-24.97561s89.912195 8.741463 133.619512 24.97561c43.707317 17.482927 81.170732 41.209756 112.390244 72.429268 2.497561 2.497561 3.746341 4.995122 3.746342 7.492683 0 4.995122-8.741463 14.985366-26.224391 32.468293-17.482927 18.731707-28.721951 28.721951-32.468292 28.721951z\" fill=\"#0567FF\">\u003C/path>\u003Cpath d=\"M799.219512 478.282927c-2.497561 0-4.995122-1.24878-7.492683-2.497561-42.458537-36.214634-86.165854-64.936585-131.121951-83.668293-44.956098-18.731707-93.658537-28.721951-147.356098-28.721951s-103.64878 8.741463-147.356097 28.721951c-44.956098 18.731707-88.663415 46.204878-131.121951 83.668293-2.497561 1.24878-4.995122 2.497561-7.492683 2.497561-3.746341 0-14.985366-8.741463-32.468293-26.22439-18.731707-17.482927-26.22439-28.721951-26.22439-32.468293 0-2.497561 1.24878-4.995122 3.746341-8.741464 42.458537-43.707317 94.907317-77.42439 156.097561-101.151219S449.560976 274.731707 513.24878 274.731707s124.878049 12.487805 184.819513 36.214634c59.941463 23.726829 112.390244 57.443902 156.097561 101.15122 2.497561 2.497561 3.746341 4.995122 3.746341 8.741463 0 4.995122-8.741463 14.985366-26.22439 32.468293-18.731707 16.234146-28.721951 24.97561-32.468293 24.97561z\" fill=\"#0567FF\">\u003C/path>\u003C/symbol>\u003Csymbol id=\"iconicon_wifi0_enabled\" viewBox=\"0 0 1024 1024\">\u003Cpath d=\"M514.497561 510.75122m-485.77561 0a485.77561 485.77561 0 1 0 971.55122 0 485.77561 485.77561 0 1 0-971.55122 0Z\" fill=\"#FFFFFF\">\u003C/path>\u003Cpath d=\"M516.995122 821.697561c-4.995122 0-14.985366-8.741463-32.468293-24.97561-17.482927-17.482927-24.97561-28.721951-24.975609-32.468292 0-7.492683 7.492683-13.736585 22.478048-18.731708 14.985366-4.995122 26.22439-7.492683 36.214634-7.492683s22.478049 2.497561 36.214635 7.492683 22.478049 12.487805 22.478048 18.731708c0 4.995122-8.741463 14.985366-24.975609 32.468292-18.731707 16.234146-29.970732 24.97561-34.965854 24.97561z\" fill=\"#0567FF\">\u003C/path>\u003Cpath d=\"M608.156098 715.55122c-1.24878 0-4.995122-2.497561-13.736586-8.741464-8.741463-4.995122-21.229268-12.487805-36.214634-17.482927-14.985366-4.995122-29.970732-8.741463-44.956098-8.741463-14.985366 0-29.970732 2.497561-44.956097 8.741463-14.985366 4.995122-26.22439 12.487805-36.214634 17.482927-8.741463 4.995122-13.736585 8.741463-14.985366 8.741464-4.995122 0-14.985366-8.741463-32.468293-26.224391-17.482927-17.482927-26.22439-28.721951-26.22439-32.468292 0-2.497561 1.24878-4.995122 3.746341-8.741464 18.731707-18.731707 41.209756-32.468293 68.682927-42.458536 27.473171-9.990244 54.946341-14.985366 82.419512-14.985366 27.473171 0 53.697561 4.995122 82.419513 14.985366 27.473171 9.990244 49.95122 24.97561 68.682927 42.458536 2.497561 2.497561 3.746341 4.995122 3.746341 8.741464 0 4.995122-8.741463 14.985366-26.22439 32.468292-18.731707 16.234146-29.970732 26.22439-33.717073 26.224391z\" fill=\"#CCCCCC\">\u003C/path>\u003Cpath d=\"M708.058537 596.917073c-2.497561 0-4.995122-1.24878-8.741464-2.497561-32.468293-24.97561-61.190244-42.458537-88.663414-54.946341-27.473171-12.487805-58.692683-17.482927-93.658537-17.482927-19.980488 0-39.960976 2.497561-59.941463 7.492683-19.980488 4.995122-37.463415 11.239024-52.448781 18.731707s-28.721951 14.985366-39.960976 22.478049-19.980488 12.487805-27.47317 16.234146c-6.243902 4.995122-9.990244 7.492683-11.239025 7.492683-3.746341 0-14.985366-8.741463-32.468292-26.22439-17.482927-17.482927-26.22439-28.721951-26.224391-32.468293 0-2.497561 1.24878-4.995122 3.746342-7.492683 31.219512-31.219512 68.682927-54.946341 112.390244-72.429268 43.707317-17.482927 88.663415-24.97561 133.619512-24.97561s89.912195 8.741463 133.619512 24.97561c43.707317 17.482927 81.170732 41.209756 112.390244 72.429268 2.497561 2.497561 3.746341 4.995122 3.746342 7.492683 0 4.995122-8.741463 14.985366-26.224391 32.468293-17.482927 18.731707-28.721951 28.721951-32.468292 28.721951z\" fill=\"#CCCCCC\">\u003C/path>\u003Cpath d=\"M799.219512 478.282927c-2.497561 0-4.995122-1.24878-7.492683-2.497561-42.458537-36.214634-86.165854-64.936585-131.121951-83.668293-44.956098-18.731707-93.658537-28.721951-147.356098-28.721951s-103.64878 8.741463-147.356097 28.721951c-44.956098 18.731707-88.663415 46.204878-131.121951 83.668293-2.497561 1.24878-4.995122 2.497561-7.492683 2.497561-3.746341 0-14.985366-8.741463-32.468293-26.22439-18.731707-17.482927-26.22439-28.721951-26.22439-32.468293 0-2.497561 1.24878-4.995122 3.746341-8.741464 42.458537-43.707317 94.907317-77.42439 156.097561-101.151219S449.560976 274.731707 513.24878 274.731707s124.878049 12.487805 184.819513 36.214634c59.941463 23.726829 112.390244 57.443902 156.097561 101.15122 2.497561 2.497561 3.746341 4.995122 3.746341 8.741463 0 4.995122-8.741463 14.985366-26.22439 32.468293-18.731707 16.234146-28.721951 24.97561-32.468293 24.97561z\" fill=\"#CCCCCC\">\u003C/path>\u003C/symbol>\u003Csymbol id=\"iconicon_wifi2_enabled\" viewBox=\"0 0 1024 1024\">\u003Cpath d=\"M514.497561 510.75122m-485.77561 0a485.77561 485.77561 0 1 0 971.55122 0 485.77561 485.77561 0 1 0-971.55122 0Z\" fill=\"#FFFFFF\">\u003C/path>\u003Cpath d=\"M516.995122 821.697561c-4.995122 0-14.985366-8.741463-32.468293-24.97561-17.482927-17.482927-24.97561-28.721951-24.975609-32.468292 0-7.492683 7.492683-13.736585 22.478048-18.731708 14.985366-4.995122 26.22439-7.492683 36.214634-7.492683s22.478049 2.497561 36.214635 7.492683 22.478049 12.487805 22.478048 18.731708c0 4.995122-8.741463 14.985366-24.975609 32.468292-18.731707 16.234146-29.970732 24.97561-34.965854 24.97561zM608.156098 715.55122c-1.24878 0-4.995122-2.497561-13.736586-8.741464-8.741463-4.995122-21.229268-12.487805-36.214634-17.482927-14.985366-4.995122-29.970732-8.741463-44.956098-8.741463-14.985366 0-29.970732 2.497561-44.956097 8.741463-14.985366 4.995122-26.22439 12.487805-36.214634 17.482927-8.741463 4.995122-13.736585 8.741463-14.985366 8.741464-4.995122 0-14.985366-8.741463-32.468293-26.224391-17.482927-17.482927-26.22439-28.721951-26.22439-32.468292 0-2.497561 1.24878-4.995122 3.746341-8.741464 18.731707-18.731707 41.209756-32.468293 68.682927-42.458536 27.473171-9.990244 54.946341-14.985366 82.419512-14.985366 27.473171 0 53.697561 4.995122 82.419513 14.985366 27.473171 9.990244 49.95122 24.97561 68.682927 42.458536 2.497561 2.497561 3.746341 4.995122 3.746341 8.741464 0 4.995122-8.741463 14.985366-26.22439 32.468292-18.731707 16.234146-29.970732 26.22439-33.717073 26.224391z\" fill=\"#0567FF\">\u003C/path>\u003Cpath d=\"M708.058537 596.917073c-2.497561 0-4.995122-1.24878-8.741464-2.497561-32.468293-24.97561-61.190244-42.458537-88.663414-54.946341-27.473171-12.487805-58.692683-17.482927-93.658537-17.482927-19.980488 0-39.960976 2.497561-59.941463 7.492683-19.980488 4.995122-37.463415 11.239024-52.448781 18.731707s-28.721951 14.985366-39.960976 22.478049-19.980488 12.487805-27.47317 16.234146c-6.243902 4.995122-9.990244 7.492683-11.239025 7.492683-3.746341 0-14.985366-8.741463-32.468292-26.22439-17.482927-17.482927-26.22439-28.721951-26.224391-32.468293 0-2.497561 1.24878-4.995122 3.746342-7.492683 31.219512-31.219512 68.682927-54.946341 112.390244-72.429268 43.707317-17.482927 88.663415-24.97561 133.619512-24.97561s89.912195 8.741463 133.619512 24.97561c43.707317 17.482927 81.170732 41.209756 112.390244 72.429268 2.497561 2.497561 3.746341 4.995122 3.746342 7.492683 0 4.995122-8.741463 14.985366-26.224391 32.468293-17.482927 18.731707-28.721951 28.721951-32.468292 28.721951z\" fill=\"#0567FF\">\u003C/path>\u003Cpath d=\"M799.219512 478.282927c-2.497561 0-4.995122-1.24878-7.492683-2.497561-42.458537-36.214634-86.165854-64.936585-131.121951-83.668293-44.956098-18.731707-93.658537-28.721951-147.356098-28.721951s-103.64878 8.741463-147.356097 28.721951c-44.956098 18.731707-88.663415 46.204878-131.121951 83.668293-2.497561 1.24878-4.995122 2.497561-7.492683 2.497561-3.746341 0-14.985366-8.741463-32.468293-26.22439-18.731707-17.482927-26.22439-28.721951-26.22439-32.468293 0-2.497561 1.24878-4.995122 3.746341-8.741464 42.458537-43.707317 94.907317-77.42439 156.097561-101.151219S449.560976 274.731707 513.24878 274.731707s124.878049 12.487805 184.819513 36.214634c59.941463 23.726829 112.390244 57.443902 156.097561 101.15122 2.497561 2.497561 3.746341 4.995122 3.746341 8.741463 0 4.995122-8.741463 14.985366-26.22439 32.468293-18.731707 16.234146-28.721951 24.97561-32.468293 24.97561z\" fill=\"#CCCCCC\">\u003C/path>\u003C/symbol>\u003Csymbol id=\"iconicon_wifi1_enabled\" viewBox=\"0 0 1024 1024\">\u003Cpath d=\"M514.497561 510.75122m-485.77561 0a485.77561 485.77561 0 1 0 971.55122 0 485.77561 485.77561 0 1 0-971.55122 0Z\" fill=\"#FFFFFF\">\u003C/path>\u003Cpath d=\"M516.995122 821.697561c-4.995122 0-14.985366-8.741463-32.468293-24.97561-17.482927-17.482927-24.97561-28.721951-24.975609-32.468292 0-7.492683 7.492683-13.736585 22.478048-18.731708 14.985366-4.995122 26.22439-7.492683 36.214634-7.492683s22.478049 2.497561 36.214635 7.492683 22.478049 12.487805 22.478048 18.731708c0 4.995122-8.741463 14.985366-24.975609 32.468292-18.731707 16.234146-29.970732 24.97561-34.965854 24.97561zM608.156098 715.55122c-1.24878 0-4.995122-2.497561-13.736586-8.741464-8.741463-4.995122-21.229268-12.487805-36.214634-17.482927-14.985366-4.995122-29.970732-8.741463-44.956098-8.741463-14.985366 0-29.970732 2.497561-44.956097 8.741463-14.985366 4.995122-26.22439 12.487805-36.214634 17.482927-8.741463 4.995122-13.736585 8.741463-14.985366 8.741464-4.995122 0-14.985366-8.741463-32.468293-26.224391-17.482927-17.482927-26.22439-28.721951-26.22439-32.468292 0-2.497561 1.24878-4.995122 3.746341-8.741464 18.731707-18.731707 41.209756-32.468293 68.682927-42.458536 27.473171-9.990244 54.946341-14.985366 82.419512-14.985366 27.473171 0 53.697561 4.995122 82.419513 14.985366 27.473171 9.990244 49.95122 24.97561 68.682927 42.458536 2.497561 2.497561 3.746341 4.995122 3.746341 8.741464 0 4.995122-8.741463 14.985366-26.22439 32.468292-18.731707 16.234146-29.970732 26.22439-33.717073 26.224391z\" fill=\"#0567FF\">\u003C/path>\u003Cpath d=\"M708.058537 596.917073c-2.497561 0-4.995122-1.24878-8.741464-2.497561-32.468293-24.97561-61.190244-42.458537-88.663414-54.946341-27.473171-12.487805-58.692683-17.482927-93.658537-17.482927-19.980488 0-39.960976 2.497561-59.941463 7.492683-19.980488 4.995122-37.463415 11.239024-52.448781 18.731707s-28.721951 14.985366-39.960976 22.478049-19.980488 12.487805-27.47317 16.234146c-6.243902 4.995122-9.990244 7.492683-11.239025 7.492683-3.746341 0-14.985366-8.741463-32.468292-26.22439-17.482927-17.482927-26.22439-28.721951-26.224391-32.468293 0-2.497561 1.24878-4.995122 3.746342-7.492683 31.219512-31.219512 68.682927-54.946341 112.390244-72.429268 43.707317-17.482927 88.663415-24.97561 133.619512-24.97561s89.912195 8.741463 133.619512 24.97561c43.707317 17.482927 81.170732 41.209756 112.390244 72.429268 2.497561 2.497561 3.746341 4.995122 3.746342 7.492683 0 4.995122-8.741463 14.985366-26.224391 32.468293-17.482927 18.731707-28.721951 28.721951-32.468292 28.721951z\" fill=\"#CCCCCC\">\u003C/path>\u003Cpath d=\"M799.219512 478.282927c-2.497561 0-4.995122-1.24878-7.492683-2.497561-42.458537-36.214634-86.165854-64.936585-131.121951-83.668293-44.956098-18.731707-93.658537-28.721951-147.356098-28.721951s-103.64878 8.741463-147.356097 28.721951c-44.956098 18.731707-88.663415 46.204878-131.121951 83.668293-2.497561 1.24878-4.995122 2.497561-7.492683 2.497561-3.746341 0-14.985366-8.741463-32.468293-26.22439-18.731707-17.482927-26.22439-28.721951-26.22439-32.468293 0-2.497561 1.24878-4.995122 3.746341-8.741464 42.458537-43.707317 94.907317-77.42439 156.097561-101.151219S449.560976 274.731707 513.24878 274.731707s124.878049 12.487805 184.819513 36.214634c59.941463 23.726829 112.390244 57.443902 156.097561 101.15122 2.497561 2.497561 3.746341 4.995122 3.746341 8.741463 0 4.995122-8.741463 14.985366-26.22439 32.468293-18.731707 16.234146-28.721951 24.97561-32.468293 24.97561z\" fill=\"#CCCCCC\">\u003C/path>\u003C/symbol>\u003Csymbol id=\"iconBig_ico\" viewBox=\"0 0 1024 1024\">\u003Cpath d=\"M861.098667 128H162.901333a32.042667 32.042667 0 0 0-24.661333 12.501333C131.669333 148.48 128 159.36 128 170.666667v682.666666c0 11.306667 3.669333 22.186667 10.24 30.165334a32.042667 32.042667 0 0 0 24.661333 12.501333h698.197334a32.042667 32.042667 0 0 0 24.661333-12.501333c6.570667-7.978667 10.24-18.858667 10.24-30.165334V170.666667c0-11.306667-3.669333-22.186667-10.24-30.165334A32.042667 32.042667 0 0 0 861.098667 128zM197.802667 810.666667V213.333333h628.394666v597.333334H197.802667z\" fill=\"#1D2129\">\u003C/path>\u003C/symbol>\u003Csymbol id=\"iconmore_help-2\" viewBox=\"0 0 1024 1024\">\u003Cpath d=\"M512 85.333333C276.352 85.333333 85.333333 276.352 85.333333 512s191.018667 426.666667 426.666667 426.666667 426.666667-191.018667 426.666667-426.666667S747.733333 85.333333 512 85.333333z m-13.653333 684.544c-27.264 0-49.493333-22.613333-49.493334-50.432a49.92 49.92 0 0 1 49.493334-50.432c27.306667 0 49.493333 22.528 49.493333 50.432 0 27.904-22.186667 50.432-49.493333 50.432z m138.154666-316.757333a137.557333 137.557333 0 0 1-24.405333 33.706667c-9.386667 9.472-26.24 25.386667-50.602667 47.701333a207.829333 207.829333 0 0 0-16.128 16.64 74.069333 74.069333 0 0 0-9.088 13.098667 60.501333 60.501333 0 0 0-4.565333 11.989333c-1.024 4.053333-2.688 10.965333-4.821333 20.906667-3.754667 21.12-15.616 31.658667-35.328 31.658666a35.029333 35.029333 0 0 1-25.941334-10.410666c-7.04-6.912-10.538667-17.152-10.538666-30.890667 0-17.066667 2.56-31.914667 7.722666-44.416 5.205333-12.501333 11.989333-23.466667 20.48-32.981333 8.448-9.386667 19.925333-20.736 34.389334-33.664 12.714667-11.349333 21.802667-19.925333 27.392-25.813334 5.674667-5.802667 10.410667-12.202667 14.250666-19.413333a48.213333 48.213333 0 0 0 5.802667-23.253333c0-16.213333-5.888-29.952-17.664-41.130667-11.776-11.136-27.008-16.853333-45.568-16.853333-21.802667 0-37.802667 5.717333-48.042667 16.938666-10.325333 11.264-19.029333 27.904-26.026666 49.834667-6.741333 23.04-19.541333 34.474667-38.357334 34.474667a37.546667 37.546667 0 0 1-28.074666-11.946667c-7.68-8.106667-11.477333-16.768-11.477334-26.026667 0-19.370667 5.973333-38.869333 18.090667-58.709333 11.946667-19.84 29.653333-36.266667 52.778667-49.28 23.125333-13.013333 50.090667-19.541333 80.981333-19.541333 28.629333 0 54.058667 5.504 75.946667 16.341333 22.016 10.837333 38.954667 25.728 50.944 44.416 11.946667 18.688 17.962667 39.04 17.962666 61.056 0.085333 17.237333-3.2 32.426667-10.112 45.568z\" fill=\"#1D2129\">\u003C/path>\u003C/symbol>\u003Csymbol id=\"iconReboot1\" viewBox=\"0 0 1024 1024\">\u003Cpath d=\"M405.333333 426.666667a21.333333 21.333333 0 0 0 21.333334-21.333334v-42.666666a21.333333 21.333333 0 0 0-21.333334-21.333334H266.88a298.666667 298.666667 0 1 1-41.173333 256H137.514667c38.826667 171.050667 191.744 298.666667 374.485333 298.666667A384 384 0 1 0 213.333333 270.634667V149.333333a21.333333 21.333333 0 0 0-21.333333-21.333333h-42.666667a21.333333 21.333333 0 0 0-21.333333 21.333333V384a42.666667 42.666667 0 0 0 39.466667 42.538667L170.666667 426.666667h234.666666z\" fill=\"#1D2129\">\u003C/path>\u003C/symbol>\u003Csymbol id=\"iconLogout-21\" viewBox=\"0 0 1024 1024\">\u003Cpath d=\"M849.322667 730.282667h-68.352a15.018667 15.018667 0 0 0-11.946667 5.717333 344.96 344.96 0 0 1-118.741333 93.866667 338.048 338.048 0 0 1-146.602667 33.28 336.768 336.768 0 0 1-131.84-26.581334 342.528 342.528 0 0 1-111.701333-76.245333 350.933333 350.933333 0 0 1-73.898667-111.658667A354.048 354.048 0 0 1 159.274667 512a355.882667 355.882667 0 0 1 26.112-134.4A350.08 350.08 0 0 1 260.138667 263.68a343.552 343.552 0 0 1 111.744-76.202667 337.834667 337.834667 0 0 1 131.797333-26.709333 338.090667 338.090667 0 0 1 146.602667 33.28 344.96 344.96 0 0 1 118.741333 93.866667 15.274667 15.274667 0 0 0 11.946667 5.76h68.352a7.893333 7.893333 0 0 0 6.485333-12.202667 421.674667 421.674667 0 0 0-152.021333-144.213333A411.349333 411.349333 0 0 0 502.613333 85.333333a410.069333 410.069333 0 0 0-160.853333 32.981334 417.066667 417.066667 0 0 0-135.936 93.653333c-38.826667 40.106667-69.418667 87.637333-90.112 139.904a433.92 433.92 0 0 0-30.336 164.565333 431.317333 431.317333 0 0 0 124.117333 298.88A413.866667 413.866667 0 0 0 503.68 938.666667a411.52 411.52 0 0 0 200.618667-52.181334 421.76 421.76 0 0 0 151.466666-144.042666 8.106667 8.106667 0 0 0 0.256-7.978667 7.893333 7.893333 0 0 0-6.698666-4.138667v-0.042666z m86.4-224.554667L797.738667 394.666667a7.68 7.68 0 0 0-11.434667 2.005333 8.106667 8.106667 0 0 0-1.194667 4.224v75.434667H480a7.68 7.68 0 0 0-5.504 2.304 8.021333 8.021333 0 0 0-2.261333 5.632v55.552c0 4.309333 3.498667 7.893333 7.765333 7.893333h305.152v75.434667c0 6.656 7.594667 10.410667 12.629333 6.229333l137.984-111.146667a7.936 7.936 0 0 0 2.133334-9.685333 7.978667 7.978667 0 0 0-2.133334-2.773333z\" fill=\"#1D2129\">\u003C/path>\u003C/symbol>\u003Csymbol id=\"iconFeedbackl\" viewBox=\"0 0 1024 1024\">\u003Cpath d=\"M896 85.333333c23.552 0 42.666667 19.498667 42.666667 43.562667V746.24a43.093333 43.093333 0 0 1-42.666667 43.562667h-213.333333l-140.501334 136.106666a41.984 41.984 0 0 1-60.330666 0L341.333333 789.802667H128c-23.594667 0-42.666667-19.498667-42.666667-43.562667V128.896A43.093333 43.093333 0 0 1 128 85.333333h768z m-42.666667 85.333334H170.666667v533.76h206.037333L512 832l135.296-127.573333H853.333333V170.666667z m-277.333333 298.666666a21.333333 21.333333 0 0 1 21.333333 21.333334v42.666666a21.333333 21.333333 0 0 1-21.333333 21.333334h-298.666667a21.333333 21.333333 0 0 1-21.333333-21.333334v-42.666666a21.333333 21.333333 0 0 1 21.333333-21.333334h298.666667z m170.666667-170.666666a21.333333 21.333333 0 0 1 21.333333 21.333333v42.666667a21.333333 21.333333 0 0 1-21.333333 21.333333h-469.333334a21.333333 21.333333 0 0 1-21.333333-21.333333v-42.666667a21.333333 21.333333 0 0 1 21.333333-21.333333h469.333334z\" fill=\"#1D2129\">\u003C/path>\u003C/symbol>\u003Csymbol id=\"iconvirtual_machine\" viewBox=\"0 0 1024 1024\">\u003Cpath d=\"M846.506667 365.226667c-10.24 0.853333-52.906667 1.706667-96.426667 1.706666H121.173333c-43.52 0-86.186667-0.853333-96.426666-1.706666S5.973333 334.506667 5.973333 302.933333c0-30.72 4.266667-58.88 9.386667-61.44 3.413333-0.853333 62.293333-2.56 105.813333-2.56h701.44c2.56 0 12.8 0.853333 23.04 1.706667s18.773333 11.946667 18.773334 21.333333v57.173334c1.706667 22.186667-6.826667 44.373333-17.92 46.08z\" fill=\"#FFE9B4\">\u003C/path>\u003Cpath d=\"M436.906667 401.92H5.12V206.506667c0-20.48 18.773333-36.693333 36.693333-36.693334h295.253334c18.773333 0 30.72 9.386667 35.84 26.453334l64 205.653333z\" fill=\"#FFB02C\">\u003C/path>\u003Cpath d=\"M940.373333 482.986667H685.226667c-43.52 0-79.36 34.986667-79.36 79.36v13.653333c-32.426667 0-59.733333 27.306667-59.733334 60.586667v254.293333c0 33.28 26.453333 60.586667 60.586667 60.586667H861.866667c31.573333 0 58.026667-24.746667 60.586666-56.32h17.066667c43.52 0 79.36-34.986667 79.36-79.36V562.346667c0.853333-43.52-34.986667-79.36-78.506667-79.36z m41.813334 334.506666c0 23.04-18.773333 42.666667-42.666667 42.666667h-17.066667V636.586667c0-33.28-27.306667-60.586667-61.44-60.586667H643.413333v-13.653333c0-23.04 18.773333-42.666667 42.666667-42.666667h254.293333c23.04 0 42.666667 18.773333 42.666667 42.666667-0.853333 0-0.853333 255.146667-0.853333 255.146666z\" fill=\"#0644B2\">\u003C/path>\u003Cpath d=\"M519.68 855.04V626.346667s-9.386667-67.413333 59.733333-73.386667c0 0-11.093333-71.68 62.293334-91.306667 0 0 3.413333-1.706667 12.8-1.706666h212.48V326.826667c0.853333-19.626667-15.36-36.693333-36.693334-36.693334H43.52c-11.946667 0-24.746667 6.826667-31.573333 17.92-4.266667 5.973333-6.826667 12.8-6.826667 20.48V819.2c0 20.48 18.773333 36.693333 36.693333 36.693333h459.093334l-1.706667-1.706666 20.48 0.853333z\" fill=\"#FFCA28\">\u003C/path>\u003C/symbol>\u003Csymbol id=\"iconcamera\" viewBox=\"0 0 1024 1024\">\u003Cpath d=\"M517.973333 913.066667c-228.693333 0-420.693333-178.346667-436.906666-405.333334l-3.413334-41.813333h880.64l-2.56 41.813333C938.666667 735.573333 745.813333 913.066667 517.973333 913.066667zM164.693333 544.426667c32.426667 166.4 180.053333 290.133333 353.28 290.133333s320.853333-123.733333 353.28-290.133333H164.693333z\" fill=\"#333333\">\u003C/path>\u003Cpath d=\"M517.973333 809.813333c-66.56 0-120.32-54.613333-120.32-120.32S452.266667 569.173333 517.973333 569.173333 638.293333 622.933333 638.293333 689.493333s-53.76 120.32-120.32 120.32z m0-171.52c-28.16 0-50.346667 23.04-50.346666 50.346667s23.04 50.346667 50.346666 50.346667 50.346667-23.04 50.346667-50.346667-22.186667-50.346667-50.346667-50.346667zM936.96 544.426667H98.133333c-40.96 0-74.24-33.28-74.24-74.24v-204.8c0-40.96 33.28-74.24 74.24-74.24h837.973334c40.96 0 74.24 33.28 74.24 74.24v204.8c1.706667 40.96-32.426667 74.24-73.386667 74.24zM102.4 465.92h830.293333v-196.266667H102.4v196.266667z\" fill=\"#333333\">\u003C/path>\u003C/symbol>\u003Csymbol id=\"iconShut_down\" viewBox=\"0 0 1024 1024\">\u003Cpath d=\"M682.666667 177.92c150.698667 61.226667 256 201.130667 256 363.861333C938.666667 760.96 747.648 938.666667 512 938.666667S85.333333 760.96 85.333333 541.781333c0-162.773333 105.301333-302.634667 256-363.904v88.832c-102.016 54.912-170.666667 157.525333-170.666666 275.072 0 175.36 152.832 317.525333 341.333333 317.525334 188.544 0 341.333333-142.165333 341.333333-317.525334 0-117.546667-68.650667-220.16-170.666666-275.072V177.92z m-213.333334 363.861333V105.173333a19.2 19.2 0 0 1 6.229334-14.037333A22.186667 22.186667 0 0 1 490.666667 85.333333h42.666666a22.186667 22.186667 0 0 1 15.104 5.802667 19.2 19.2 0 0 1 6.229334 14.08v436.565333a19.2 19.2 0 0 1-6.229334 14.037334 22.186667 22.186667 0 0 1-15.104 5.802666h-42.666666a22.186667 22.186667 0 0 1-15.104-5.802666 19.2 19.2 0 0 1-6.229334-14.08z\" fill=\"#1D2129\">\u003C/path>\u003C/symbol>\u003Csymbol id=\"iconfast_forward\" viewBox=\"0 0 1024 1024\">\u003Cpath d=\"M610.602667 489.088L228.138667 95.146667a32 32 0 0 0-42.453334-3.072l-3.413333 3.072-45.013333 46.378666a32.853333 32.853333 0 0 0 0 45.781334L452.565333 512l-315.264 324.778667a32.853333 32.853333 0 0 0 0 45.781333l45.013334 46.378667a32 32 0 0 0 42.453333 3.072l3.413333-3.072 382.464-394.069334a32.853333 32.853333 0 0 0 0-45.781333z m318.805333 0L546.944 95.146667a32 32 0 0 0-42.496-3.072l-3.413333 3.072-44.970667 46.378666a32.853333 32.853333 0 0 0 0 45.781334L771.285333 512l-315.221333 324.778667a32.853333 32.853333 0 0 0 0 45.781333l45.013333 46.378667a32 32 0 0 0 42.453334 3.072l3.413333-3.072 382.464-394.069334a32.853333 32.853333 0 0 0 0-45.781333z\" fill=\"#1D2129\">\u003C/path>\u003C/symbol>\u003Csymbol id=\"iconrewind\" viewBox=\"0 0 1024 1024\">\u003Cpath d=\"M567.936 882.56a32.853333 32.853333 0 0 0 0-45.781333L252.714667 512l315.221333-324.778667a32.853333 32.853333 0 0 0 0-45.781333l-45.013333-46.378667a32.128 32.128 0 0 0-35.328-7.168 32.128 32.128 0 0 0-10.496 7.168l-382.506667 394.069334a32.853333 32.853333 0 0 0 0 45.781333l382.464 394.026667a32.170667 32.170667 0 0 0 22.912 9.728 31.872 31.872 0 0 0 22.954667-9.728l45.013333-46.378667z m318.805333-45.781333L571.477333 512l315.264-324.778667a32.853333 32.853333 0 0 0 0-45.781333l-45.056-46.378667A32.128 32.128 0 0 0 818.773333 85.333333a31.744 31.744 0 0 0-22.912 9.728l-382.464 394.069334a32.853333 32.853333 0 0 0 0 45.781333l382.464 394.026667a32.170667 32.170667 0 0 0 22.912 9.728 31.872 31.872 0 0 0 22.912-9.728l45.056-46.378667a32.853333 32.853333 0 0 0 0-45.781333z\" fill=\"#1D2129\">\u003C/path>\u003C/symbol>\u003Csymbol id=\"iconmute\" viewBox=\"0 0 1024 1024\">\u003Cpath d=\"M114.909867 110.08l58.3936-49.877333 693.3504 811.639466-58.3936 49.877334zM772.266667 277.333333c0.853333 0.853333 110.08 85.333333 118.613333 214.186667 4.266667 65.706667-17.92 133.12-67.413333 199.68l52.053333 60.586667c68.266667-86.186667 99.84-174.933333 93.013333-264.533334-11.093333-163.84-143.36-266.24-149.333333-270.506666-17.066667-13.653333-40.96-10.24-53.76 6.826666-13.653333 17.066667-10.24 40.96 6.826667 53.76z\" fill=\"#333333\">\u003C/path>\u003Cpath d=\"M738.986667 520.533333c0 18.773333-4.266667 37.546667-12.8 56.32l53.76 63.146667c24.746667-37.546667 36.693333-77.653333 36.693333-119.466667-1.706667-115.2-99.84-196.266667-104.106667-199.68-16.213333-13.653333-40.106667-11.093333-53.76 5.12-13.653333 16.213333-11.093333 40.106667 5.12 53.76 0 0 74.24 62.293333 75.093334 140.8zM447.146667 250.88l85.333333-84.48c0-0.853333 0.853333-1.706667 2.56-0.853333 1.706667 0.853333 1.706667 1.706667 1.706667 2.56v187.733333L612.693333 443.733333V168.106667c0-32.426667-18.773333-61.44-48.64-73.386667-29.866667-12.8-63.146667-5.973333-86.186666 17.066667l-80.213334 80.213333 49.493334 58.88zM536.746667 565.76v295.253333c0 0.853333 0 1.706667-1.706667 2.56-1.706667 0-1.706667 0-2.56-0.853333L332.8 663.04C317.44 648.533333 297.813333 640 276.48 640H120.32c-1.706667 0-2.56-0.853333-2.56-2.56V402.773333c0-1.706667 0.853333-2.56 2.56-2.56v-0.853333h145.066667c21.333333 0 40.96-7.68 56.32-23.04l29.013333-29.013333-50.346667-58.88-33.28 33.28c0 0.853333-0.853333 0.853333-1.706666 0.853333h-145.066667c-43.52 0-79.36 35.84-79.36 79.36v234.666667c0 43.52 35.84 79.36 79.36 79.36h155.306667c0.853333 0 0.853333 0 1.706666 0.853333L477.866667 917.333333c15.36 15.36 35.84 23.04 56.32 23.04 10.24 0 20.48-1.706667 29.866666-5.12 29.013333-11.946667 48.64-40.96 48.64-73.386666V654.506667l-75.946666-88.746667z\" fill=\"#333333\">\u003C/path>\u003C/symbol>\u003Csymbol id=\"icona-manualrecording\" viewBox=\"0 0 1024 1024\">\u003Cpath d=\"M64 170.666667h597.333333a42.666667 42.666667 0 0 1 42.538667 39.466666L704 213.333333v597.333334a42.666667 42.666667 0 0 1-39.466667 42.538666L661.333333 853.333333h-597.333333a42.666667 42.666667 0 0 1-42.581333-39.466666L21.333333 810.666667V213.333333a42.666667 42.666667 0 0 1 39.466667-42.538666L64 170.666667z m554.666667 85.333333h-512v512h512V256z m384 75.349333v361.301334c0 33.152-39.808 53.632-71.082667 36.565333L768 640V384l163.584-89.216c31.274667-17.066667 71.082667 3.413333 71.082667 36.565333z m-85.333334 75.392l-64 25.6v159.36l64 25.6V406.698667zM320 341.333333v128h-128V341.333333h128z\" fill=\"#1D2129\">\u003C/path>\u003C/symbol>\u003Csymbol id=\"icona-fixedaspectratio\" viewBox=\"0 0 1024 1024\">\u003Cpath d=\"M896 128c11.306667 0 22.186667 4.053333 30.165333 11.264A36.565333 36.565333 0 0 1 938.666667 166.4v691.2a36.565333 36.565333 0 0 1-12.501334 27.136A45.184 45.184 0 0 1 896 896H128c-11.306667 0-22.186667-4.053333-30.165333-11.264A36.565333 36.565333 0 0 1 85.333333 857.6V166.4c0-10.197333 4.48-19.968 12.501334-27.136A45.226667 45.226667 0 0 1 128 128h768z m-42.666667 85.333333H170.666667v597.333334h682.666666V213.333333z\" fill=\"#1D2129\">\u003C/path>\u003Cpath d=\"M320.085333 554.666667a21.333333 21.333333 0 0 0 21.333334-21.333334V384h234.794666a21.333333 21.333333 0 0 0 21.333334-21.333333v-42.666667a21.333333 21.333333 0 0 0-21.333334-21.333333H298.666667a42.666667 42.666667 0 0 0-42.666667 42.666666v192a21.333333 21.333333 0 0 0 21.333333 21.333334h42.752zM725.333333 725.333333a42.666667 42.666667 0 0 0 42.666667-42.666666v-192a21.333333 21.333333 0 0 0-21.333333-21.333334h-42.666667a21.333333 21.333333 0 0 0-21.333333 21.333334V640h-234.666667a21.333333 21.333333 0 0 0-21.333333 21.333333v42.666667a21.333333 21.333333 0 0 0 21.333333 21.333333H725.333333z\" fill=\"#1D2129\">\u003C/path>\u003C/symbol>\u003Csymbol id=\"iconcolumn\" viewBox=\"0 0 1024 1024\">\u003Cpath d=\"M891.264 85.333333C917.461333 85.333333 938.666667 106.581333 938.666667 132.736v758.528A47.402667 47.402667 0 0 1 891.264 938.666667H132.736A47.402667 47.402667 0 0 1 85.333333 891.264V132.736C85.333333 106.538667 106.581333 85.333333 132.736 85.333333h758.528zM341.333333 170.666667H170.666667v682.666666h170.666666V170.666667z m512 0h-170.666666v682.666666h-85.333334V170.666667h-170.666666v682.666666h426.666666V170.666667z\" fill=\"#1D2129\">\u003C/path>\u003C/symbol>\u003Csymbol id=\"iconuser_group\" viewBox=\"0 0 1024 1024\">\u003Cpath d=\"M510.75122 515.746341m-497.014635 0a497.014634 497.014634 0 1 0 994.029269 0 497.014634 497.014634 0 1 0-994.029269 0Z\" fill=\"#E9EFF4\">\u003C/path>\u003Cpath d=\"M394.614634 480.780488c12.487805 9.990244 22.478049 18.731707 33.717073 26.22439 26.22439 17.482927 56.195122 24.97561 87.414634 23.726829 39.960976-2.497561 74.926829-16.234146 103.648781-44.956097 3.746341-3.746341 6.243902-4.995122 11.239024-1.248781 41.209756 33.717073 68.682927 76.17561 83.668293 126.12683 7.492683 28.721951 12.487805 57.443902 9.990244 86.165853-2.497561 23.726829-7.492683 47.453659-26.22439 63.687805-9.990244 9.990244-22.478049 16.234146-36.214634 19.980488-21.229268 6.243902-42.458537 8.741463-64.936586 8.741463-52.44878 0-104.897561 0-157.346341-1.24878-28.721951 0-57.443902-3.746341-86.165854-12.487805-32.468293-11.239024-52.44878-33.717073-57.443902-68.682927-3.746341-27.473171-1.24878-53.697561 4.995122-81.170732 7.492683-33.717073 21.229268-64.936585 41.209756-93.658536 13.736585-18.731707 28.721951-34.965854 47.453658-48.702439 2.497561-1.24878 3.746341-1.24878 4.995122-2.497561z\" fill=\"#1788FF\">\u003C/path>\u003Cpath d=\"M510.75122 497.014634c-63.687805 2.497561-122.380488-52.44878-121.131708-122.380488 1.24878-67.434146 56.195122-119.882927 122.380488-119.882926 66.185366 0 121.131707 53.697561 121.131707 122.380487-1.24878 67.434146-58.692683 121.131707-122.380487 119.882927z\" fill=\"#1788FF\">\u003C/path>\u003Cpath d=\"M689.326829 499.512195c17.482927 7.492683 34.965854 12.487805 53.697561 12.487805 32.468293-1.24878 58.692683-12.487805 81.170732-34.965854 3.746341-3.746341 6.243902-3.746341 9.990244-1.24878 31.219512 24.97561 52.44878 57.443902 63.687805 96.156097 4.995122 18.731707 7.492683 38.712195 7.492683 58.692683 0 14.985366-2.497561 31.219512-9.990244 44.956098-8.741463 14.985366-21.229268 22.478049-37.463415 27.473171-19.980488 6.243902-41.209756 6.243902-62.439024 6.243902h-37.463415c-4.995122 0-6.243902-2.497561-6.243902-6.243902 2.497561-26.22439 1.24878-52.44878-4.995122-78.673171-8.741463-44.956098-27.473171-86.165854-56.195122-121.131707 1.24878 0 1.24878-1.24878-1.248781-3.746342zM328.429268 500.760976c-11.239024 17.482927-22.478049 34.965854-32.468292 53.697561-11.239024 19.980488-17.482927 41.209756-22.478049 62.439024-6.243902 24.97561-7.492683 49.95122-7.492683 74.926829 0 4.995122 1.24878 9.990244 1.24878 13.736586 0 3.746341-1.24878 4.995122-3.746341 4.995122-31.219512 0-62.439024 0-92.409756-7.492683-23.726829-4.995122-42.458537-16.234146-51.2-41.209756-4.995122-13.736585-6.243902-27.473171-4.995122-42.458537 1.24878-23.726829 6.243902-46.204878 14.985366-68.682927 12.487805-29.970732 31.219512-56.195122 57.443902-76.17561 3.746341-2.497561 4.995122-1.24878 7.492683 1.248781 24.97561 23.726829 53.697561 36.214634 88.663415 34.965854 16.234146 0 32.468293-3.746341 44.956097-9.990244z\" fill=\"#7A8EA5\">\u003C/path>\u003Cpath d=\"M279.726829 485.77561c-49.95122 1.24878-93.658537-41.209756-93.658536-91.160976-1.24878-53.697561 42.458537-93.658537 91.160975-94.907317 53.697561-1.24878 93.658537 42.458537 94.907317 89.912195 2.497561 54.946341-44.956098 97.404878-92.409756 96.156098zM741.77561 485.77561c-49.95122 1.24878-91.160976-41.209756-93.658537-89.912195-1.24878-53.697561 42.458537-96.156098 92.409756-96.156098 48.702439-1.24878 93.658537 39.960976 93.658537 94.907317 0 49.95122-43.707317 92.409756-92.409756 91.160976z\" fill=\"#7A8EA5\">\u003C/path>\u003C/symbol>\u003Csymbol id=\"icona-user2\" viewBox=\"0 0 1024 1024\">\u003Cpath d=\"M341.333191 383.99984a170.666596 170.666596 0 1 0 341.290525 0A170.666596 170.666596 0 0 0 341.333191 383.99984z\" fill=\"#F5F7FF\">\u003C/path>\u003Cpath d=\"M511.999787 0c282.773216 0 511.999787 229.226571 511.999786 511.999787S794.773002 1023.999573 511.999787 1023.999573 0 794.773002 0 511.999787 229.226571 0 511.999787 0z m0 213.333244a170.666596 170.666596 0 1 0 0 341.333192 170.666596 170.666596 0 0 0 0-341.333192z\" fill=\"#D6DCED\">\u003C/path>\u003Cpath d=\"M511.999787 639.999733c161.1306 0 296.191877 111.637287 332.031861 261.781225A510.079787 510.079787 0 0 1 511.999787 1023.999573a509.951788 509.951788 0 0 1-331.989195-122.218615C215.80791 751.63702 350.89052 639.999733 511.999787 639.999733z\" fill=\"#F5F7FF\">\u003C/path>\u003C/symbol>\u003Csymbol id=\"iconfolder2\" viewBox=\"0 0 1024 1024\">\u003Cpath d=\"M351.010133 0a136.533333 136.533333 0 0 1 84.650667 29.4144L495.633067 76.8H887.466667c75.409067 0 136.533333 61.124267 136.533333 136.533333v605.866667c0 113.109333-91.690667 204.8-204.8 204.8H640c-72.0384 0-135.3728-37.1968-171.886933-93.422933l-8.234667 11.0592A204.8 204.8 0 0 1 295.697067 1024H204.8c-113.109333 0-204.8-91.690667-204.8-204.8V136.533333C0 61.124267 61.124267 0 136.533333 0h214.4768z\" fill=\"#F8AA28\">\u003C/path>\u003Cpath d=\"M102.4 179.2m102.4 0l614.4 0q102.4 0 102.4 102.4l0 170.666667q0 102.4-102.4 102.4l-614.4 0q-102.4 0-102.4-102.4l0-170.666667q0-102.4 102.4-102.4Z\" fill=\"#FFEFD5\">\u003C/path>\u003Cpath d=\"M0 375.466667c0-56.5504 45.8496-102.4 102.4-102.4h819.2c56.5504 0 102.4 45.8496 102.4 102.4v512c0 75.409067-61.124267 136.533333-136.533333 136.533333H136.533333c-75.409067 0-136.533333-61.124267-136.533333-136.533333V375.466667z\" fill=\"#FBC931\">\u003C/path>\u003C/symbol>\u003Csymbol id=\"iconwarning2\" viewBox=\"0 0 1024 1024\">\u003Cpath d=\"M514.56 13.653333c-273.066667 0-494.933333 221.866667-494.933333 494.933334s221.866667 494.933333 494.933333 494.933333c272.213333 0 494.08-221.866667 494.933333-494.933333 0-273.066667-221.866667-494.933333-494.933333-494.933334z\" fill=\"#F8AA01\">\u003C/path>\u003Cpath d=\"M514.56 640c-21.333333 0-38.4-17.066667-38.4-38.4V308.053333c0-21.333333 17.066667-38.4 38.4-38.4s38.4 17.066667 38.4 38.4v293.546667c0 21.333333-17.92 38.4-38.4 38.4z\" fill=\"#FFFFFF\">\u003C/path>\u003Cpath d=\"M514.56 709.12m-38.4 0a38.4 38.4 0 1 0 76.8 0 38.4 38.4 0 1 0-76.8 0Z\" fill=\"#FFFFFF\">\u003C/path>\u003C/symbol>\u003Csymbol id=\"iconrisky\" viewBox=\"0 0 1024 1024\">\u003Cpath d=\"M514.497561 514.497561m-504.507317 0a504.507317 504.507317 0 1 0 1009.014634 0 504.507317 504.507317 0 1 0-1009.014634 0Z\" fill=\"#C53709\">\u003C/path>\u003Cpath d=\"M563.2 314.692683c-4.995122 77.42439-9.990244 147.356098-14.985366 218.536585l-3.746341 48.702439c-1.24878 17.482927-13.736585 29.970732-29.970732 28.721952-14.985366 0-27.473171-12.487805-28.721951-28.721952-6.243902-84.917073-12.487805-168.585366-18.731708-254.751219-2.497561-39.960976 27.473171-67.434146 62.439025-57.443903 19.980488 7.492683 33.717073 27.473171 33.717073 44.956098zM515.746341 661.853659c26.22439 0 46.204878 21.229268 46.204879 46.204878 0 28.721951-21.229268 51.2-48.70244 51.2-26.22439 0-48.702439-22.478049-48.702439-48.702439 0-26.22439 22.478049-48.702439 51.2-48.702439z\" fill=\"#FFFFFF\">\u003C/path>\u003C/symbol>\u003Csymbol id=\"iconnormal\" viewBox=\"0 0 1024 1024\">\u003Cpath d=\"M510.75122 11.239024C232.273171 11.239024 6.243902 237.268293 6.243902 515.746341s226.029268 504.507317 504.507318 504.507318c277.229268 0 503.258537-226.029268 504.507317-504.507318C1014.009756 237.268293 787.980488 11.239024 510.75122 11.239024z\" fill=\"#1EB300\">\u003C/path>\u003Cpath d=\"M477.034146 719.297561c-62.439024-44.956098-123.629268-88.663415-187.317073-133.619512 12.487805-17.482927 23.726829-33.717073 36.214634-51.2 44.956098 32.468293 89.912195 63.687805 134.868293 96.156097 72.429268-107.395122 144.858537-214.790244 218.536585-322.185366 17.482927 12.487805 33.717073 23.726829 51.2 34.965854-83.668293 126.126829-167.336585 249.756098-253.502439 375.882927z\" fill=\"#FFFFFF\">\u003C/path>\u003C/symbol>\u003Csymbol id=\"iconicon_volume\" viewBox=\"0 0 1024 1024\">\u003Cpath d=\"M1010.263415 477.034146C1010.263415 218.536585 799.219512 7.492683 538.22439 7.492683c-63.687805 0-123.629268 12.487805-178.57561 34.965854l178.57561 434.575609h472.039025z\" fill=\"#0567FF\">\u003C/path>\u003Cpath d=\"M323.434146 52.44878c-182.321951 74.926829-312.195122 254.75122-312.195122 464.546342 0 277.229268 224.780488 500.760976 500.760976 500.760976s502.009756-223.531707 502.009756-500.760976H513.24878L323.434146 52.44878z\" fill=\"#B8BEC2\">\u003C/path>\u003C/symbol>\u003Csymbol id=\"iconicon_lan_disabled\" viewBox=\"0 0 1024 1024\">\u003Cpath d=\"M17.92 261.12s-1.28-43.52 42.24-51.2h184.32l38.4-124.16s12.8-25.6 43.52-25.6H704s33.28-3.84 47.36 30.72l35.84 119.04h180.48s39.68-1.28 46.08 48.64v651.52s2.56 52.48-47.36 56.32H64s-42.24 1.28-46.08-51.2V261.12z\" fill=\"#8F99A0\">\u003C/path>\u003Cpath d=\"M855.04 396.8c12.8 0 23.04 11.52 23.04 25.6V826.88c-1.28 11.52-10.24 20.48-23.04 20.48h-46.08v-99.84h-90.88v99.84H582.4v-99.84h-90.88v99.84H354.56v-99.84h-90.88v99.84h-96c-10.24-1.28-17.92-11.52-17.92-25.6V417.28c1.28-11.52 10.24-20.48 23.04-20.48h682.24z\" fill=\"#FFFFFF\">\u003C/path>\u003C/symbol>\u003Csymbol id=\"iconicon_lan_enabled\" viewBox=\"0 0 1024 1024\">\u003Cpath d=\"M15.36 263.68s-1.28-43.52 42.24-51.2h184.32l38.4-124.16s12.8-25.6 43.52-25.6h377.6s33.28-3.84 47.36 30.72l35.84 119.04h180.48s39.68-1.28 46.08 48.64v651.52s2.56 52.48-47.36 56.32H61.44s-42.24 1.28-46.08-51.2V263.68z\" fill=\"#0567FF\">\u003C/path>\u003Cpath d=\"M852.48 399.36c12.8 0 23.04 11.52 23.04 25.6V829.44c-1.28 11.52-10.24 20.48-23.04 20.48H806.4v-99.84h-89.6v99.84H579.84v-99.84h-90.88v99.84H352v-99.84h-90.88v99.84H166.4c-10.24-1.28-17.92-11.52-17.92-25.6V419.84c1.28-11.52 10.24-20.48 23.04-20.48h680.96z\" fill=\"#FFFFFF\">\u003C/path>\u003C/symbol>\u003Csymbol id=\"icontemperature_blue\" viewBox=\"0 0 1024 1024\">\u003Cpath d=\"M518.506667 64C561.813333 64 597.333333 100.309333 597.333333 144.576v475.648a170.666667 170.666667 0 1 1-170.666666 0V144.576C426.666667 100.309333 462.186667 64 505.493333 64h13.013334z\" fill=\"#C9CDD4\">\u003C/path>\u003Cpath d=\"M512 362.666667a42.666667 42.666667 0 0 1 42.666667 42.666666v288.789334a85.269333 85.269333 0 0 1 17.664 134.208A85.333333 85.333333 0 1 1 469.333333 694.144V405.333333a42.666667 42.666667 0 0 1 42.666667-42.666666z\" fill=\"#0992F6\">\u003C/path>\u003C/symbol>\u003Csymbol id=\"icontemperature_red\" viewBox=\"0 0 1024 1024\">\u003Cpath d=\"M518.506667 64C561.813333 64 597.333333 100.309333 597.333333 144.576v475.648a170.666667 170.666667 0 1 1-170.666666 0V144.576C426.666667 100.309333 462.186667 64 505.493333 64h13.013334z\" fill=\"#C9CDD4\">\u003C/path>\u003Cpath d=\"M512 106.666667a42.666667 42.666667 0 0 1 42.666667 42.666666v544.789334a85.269333 85.269333 0 0 1 17.664 134.208A85.333333 85.333333 0 1 1 469.333333 694.144V149.333333a42.666667 42.666667 0 0 1 42.666667-42.666666z\" fill=\"#EA0001\">\u003C/path>\u003C/symbol>\u003Csymbol id=\"icontemperature_yellow\" viewBox=\"0 0 1024 1024\">\u003Cpath d=\"M518.506667 64C561.813333 64 597.333333 100.309333 597.333333 144.576v475.648a170.666667 170.666667 0 1 1-170.666666 0V144.576C426.666667 100.309333 462.186667 64 505.493333 64h13.013334z\" fill=\"#C9CDD4\">\u003C/path>\u003Cpath d=\"M512 234.666667a42.666667 42.666667 0 0 1 42.666667 42.666666v416.789334a85.269333 85.269333 0 0 1 17.664 134.208A85.333333 85.333333 0 1 1 469.333333 694.144V277.333333a42.666667 42.666667 0 0 1 42.666667-42.666666z\" fill=\"#F9A600\">\u003C/path>\u003C/symbol>\u003Csymbol id=\"iconfan_blue\" viewBox=\"0 0 1024 1024\">\u003Cpath d=\"M509.502439 1010.263415c-273.482927 0-495.765854-222.282927-495.765854-497.014635S236.019512 16.234146 509.502439 16.234146s495.765854 222.282927 495.765854 497.014634-221.034146 497.014634-495.765854 497.014635z m0-954.068293C324.682927 56.195122 158.595122 167.336585 87.414634 338.419512 17.482927 508.253659 56.195122 705.560976 187.317073 836.682927c129.873171 129.873171 327.180488 169.834146 498.263415 98.653658 171.082927-71.180488 282.22439-237.268293 282.22439-422.087805-1.24878-252.253659-204.8-457.053659-458.302439-457.053658z\" fill=\"#0992F6\">\u003C/path>\u003Cpath d=\"M593.170732 518.243902c0 42.458537-34.965854 76.17561-76.17561 76.17561s-76.17561-34.965854-76.17561-76.17561 34.965854-76.17561 76.17561-76.175609c42.458537-1.24878 77.42439 33.717073 76.17561 76.175609z m-76.17561-49.951219c-19.980488 0-37.463415 12.487805-46.204878 29.970732-7.492683 18.731707-3.746341 39.960976 9.990244 54.946341 13.736585 13.736585 34.965854 18.731707 54.946341 11.239024 18.731707-7.492683 31.219512-26.22439 31.219512-46.204878 0-12.487805-4.995122-26.22439-14.985365-34.965853-8.741463-9.990244-21.229268-14.985366-34.965854-14.985366z\" fill=\"#0992F6\">\u003C/path>\u003Cpath d=\"M844.17561 373.385366c-28.721951-26.22439-46.204878-34.965854-96.156098-51.2-39.960976-13.736585-132.370732-14.985366-166.087805 43.707317l-34.965853 61.190244c-4.995122 8.741463-8.741463 18.731707-9.990244 27.473171l56.195122 73.678048c28.721951 3.746341 69.931707 4.995122 96.156097 21.229269 32.468293 21.229268 84.917073 76.17561 109.892683 91.160975 41.209756 23.726829 82.419512-18.731707 96.156098-46.204878 16.234146-31.219512 53.697561-136.117073-51.2-221.034146z\" fill=\"#0992F6\">\u003C/path>\u003Cpath d=\"M581.931707 586.926829c-3.746341-8.741463-11.239024-14.985366-18.731707-21.229268l-8.741463 1.24878c9.990244-11.239024 16.234146-26.22439 16.234146-43.707317 0-33.717073-23.726829-59.941463-53.697561-59.941463-18.731707 0-33.717073 9.990244-43.707317 24.97561l8.741463-24.97561c-9.990244-26.22439-29.970732-62.439024-28.721951-93.658537 1.24878-37.463415 23.726829-111.141463 23.726829-141.112195 0-48.702439-57.443902-62.439024-87.414634-59.941463-34.965854 1.24878-143.609756 22.478049-163.590244 154.84878-7.492683 37.463415-7.492683 57.443902 3.746342 108.643903 7.492683 41.209756 57.443902 124.878049 124.878049 124.878049l62.439024-3.746342c9.990244 0 29.970732 0 38.712195-3.746341l11.239024-33.717074c0 2.497561-1.24878 4.995122-1.24878 7.492683 0 21.229268 9.990244 38.712195 23.726829 49.95122H474.536585c-18.731707 22.478049-43.707317 61.190244-68.682926 73.678049-34.965854 18.731707-107.395122 36.214634-133.619513 51.2-41.209756 23.726829-23.726829 79.921951-7.492683 106.146341 18.731707 28.721951 91.160976 113.639024 216.039025 64.936586 37.463415-12.487805 53.697561-23.726829 92.409756-57.443903 31.219512-26.22439 71.180488-107.395122 44.956097-164.839024L581.931707 586.926829z m-134.868292-74.926829l2.497561-8.741463 3.746341-26.224391c3.746341 7.492683 6.243902 11.239024 6.243903 11.239025-1.24878 9.990244-4.995122 17.482927-12.487805 23.726829z m68.682926 69.931707l-11.239024 1.248781c1.24878-1.24878 3.746341-1.24878 4.995122-2.497561 1.24878 1.24878 3.746341 1.24878 6.243902 1.24878z\" fill=\"#0992F6\">\u003C/path>\u003C/symbol>\u003Csymbol id=\"iconfan_yellow\" viewBox=\"0 0 1024 1024\">\u003Cpath d=\"M514.497561 1010.263415c-273.482927 0-495.765854-222.282927-495.765854-497.014635S239.765854 16.234146 514.497561 16.234146s495.765854 222.282927 495.765854 497.014634-221.034146 497.014634-495.765854 497.014635z m0-954.068293c-184.819512 0-350.907317 111.141463-422.087805 282.22439C21.229268 508.253659 59.941463 705.560976 191.063415 836.682927c129.873171 129.873171 327.180488 169.834146 498.263414 98.653658s282.22439-237.268293 282.224391-422.087805c0-252.253659-204.8-457.053659-457.053659-457.053658z\" fill=\"#FFCC01\">\u003C/path>\u003Cpath d=\"M598.165854 518.243902c0 42.458537-34.965854 76.17561-76.17561 76.17561-42.458537 0-76.17561-34.965854-76.17561-76.17561 0-42.458537 34.965854-76.17561 76.17561-76.175609s77.42439 33.717073 76.17561 76.175609z m-76.17561-49.951219c-19.980488 0-37.463415 12.487805-46.204878 29.970732-7.492683 18.731707-3.746341 39.960976 9.990244 54.946341 13.736585 13.736585 34.965854 18.731707 54.946341 11.239024 18.731707-7.492683 31.219512-26.22439 31.219512-46.204878 0-12.487805-4.995122-26.22439-14.985365-34.965853-8.741463-9.990244-22.478049-14.985366-34.965854-14.985366z\" fill=\"#FFCC01\">\u003C/path>\u003Cpath d=\"M847.921951 373.385366c-28.721951-26.22439-46.204878-34.965854-96.156097-51.2-39.960976-13.736585-132.370732-14.985366-166.087805 43.707317l-34.965854 61.190244c-4.995122 8.741463-8.741463 18.731707-9.990244 27.473171l56.195122 73.678048c28.721951 3.746341 69.931707 4.995122 96.156098 21.229269 32.468293 21.229268 84.917073 76.17561 109.892683 91.160975 41.209756 23.726829 82.419512-18.731707 96.156097-46.204878 17.482927-31.219512 54.946341-136.117073-51.2-221.034146z\" fill=\"#FFCC01\">\u003C/path>\u003Cpath d=\"M586.926829 586.926829c-3.746341-8.741463-11.239024-14.985366-18.731707-21.229268l-8.741463 1.24878c9.990244-11.239024 16.234146-26.22439 16.234146-43.707317 0-33.717073-23.726829-59.941463-53.697561-59.941463-18.731707 0-33.717073 9.990244-43.707317 24.97561l8.741463-24.97561c-9.990244-26.22439-29.970732-62.439024-28.721951-93.658537 1.24878-37.463415 23.726829-111.141463 23.726829-141.112195 0-48.702439-57.443902-62.439024-87.414634-59.941463-34.965854 1.24878-143.609756 22.478049-163.590244 154.84878-7.492683 37.463415-7.492683 57.443902 3.746342 108.643903 7.492683 41.209756 57.443902 124.878049 124.878048 124.878049l62.439025-3.746342c9.990244 0 29.970732 0 38.712195-3.746341l11.239024-33.717074c0 2.497561-1.24878 4.995122-1.24878 7.492683 0 21.229268 9.990244 38.712195 23.726829 49.95122l-14.985366 1.24878c-18.731707 22.478049-43.707317 61.190244-68.682927 73.678049-34.965854 18.731707-107.395122 36.214634-133.619512 51.2-41.209756 23.726829-23.726829 79.921951-7.492683 106.146342 18.731707 28.721951 91.160976 113.639024 216.039025 64.936585 37.463415-12.487805 53.697561-23.726829 92.409756-57.443902 31.219512-26.22439 71.180488-107.395122 44.956097-164.839025L586.926829 586.926829z m-134.868292-74.926829l2.497561-8.741463 3.746341-26.224391c3.746341 7.492683 6.243902 11.239024 6.243902 11.239025-1.24878 9.990244-6.243902 17.482927-12.487804 23.726829z m67.434146 69.931707l-11.239024 1.248781c1.24878-1.24878 3.746341-1.24878 4.995121-2.497561 2.497561 1.24878 4.995122 1.24878 6.243903 1.24878z\" fill=\"#FFCC01\">\u003C/path>\u003C/symbol>\u003Csymbol id=\"iconnetwork\" viewBox=\"0 0 1024 1024\">\u003Cpath d=\"M493.268293 714.302439c57.443902 26.22439 112.390244 46.204878 166.087805 59.941463v4.995122c0 12.487805 4.995122 23.726829 12.487804 32.468293-36.214634 63.687805-47.453659 126.126829-27.47317 168.585366-42.458537 12.487805-86.165854 17.482927-132.370732 17.482927-83.668293 0-163.590244-21.229268-232.273171-58.692683-1.24878-61.190244 49.95122-142.360976 136.117073-221.034147 9.990244 6.243902 22.478049 11.239024 34.965854 11.239025 16.234146 1.24878 31.219512-3.746341 42.458537-14.985366z m433.326829 56.195122C869.15122 862.907317 779.239024 936.585366 673.092683 972.8c-17.482927-33.717073-7.492683-88.663415 23.726829-144.858537 3.746341 1.24878 6.243902 1.24878 11.239025 1.248781 22.478049 0 42.458537-16.234146 47.453658-37.463415 64.936585 6.243902 121.131707 0 166.087805-18.731707l4.995122-2.497561zM243.512195 554.458537c42.458537 37.463415 93.658537 74.926829 147.356098 107.395122-1.24878 3.746341-1.24878 6.243902-1.248781 9.990243 0 9.990244 2.497561 19.980488 6.243903 28.721952-84.917073 77.42439-139.863415 158.595122-144.858537 226.029268-14.985366-9.990244-28.721951-18.731707-42.458537-29.970732-36.214634-81.170732-26.22439-206.04878 27.473171-337.170731 2.497561-3.746341 4.995122-4.995122 7.492683-4.995122z m-174.829268-247.258537c14.985366 57.443902 52.44878 119.882927 107.395122 181.073171-3.746341 6.243902-6.243902 14.985366-6.243903 22.478049 0 22.478049 14.985366 39.960976 33.717074 47.453658-42.458537 109.892683-56.195122 214.790244-38.712196 298.458537C77.42439 768 22.478049 645.619512 22.478049 512c0-69.931707 14.985366-136.117073 42.458536-197.307317l3.746342-7.492683z m694.321951 434.57561c74.926829-74.926829 164.839024-109.892683 218.536585-93.658537-6.243902 21.229268-13.736585 42.458537-22.478048 62.439025-36.214634 44.956098-112.390244 61.190244-206.048781 51.2-1.24878-2.497561-1.24878-3.746341-3.746341-6.243903l13.736585-13.736585zM568.195122 611.902439c177.326829-102.4 357.15122-132.370732 432.078049-82.419512-1.24878 31.219512-4.995122 62.439024-12.487805 91.160975-66.185366-19.980488-166.087805 19.980488-247.258537 101.15122-3.746341 3.746341-9.990244 9.990244-13.736585 14.985366-6.243902-2.497561-12.487805-3.746341-19.980488-3.746342-14.985366 0-27.473171 6.243902-36.214634 16.234147-51.2-12.487805-107.395122-31.219512-162.341463-57.443903 2.497561-6.243902 3.746341-12.487805 3.746341-19.980488s-1.24878-14.985366-3.746341-21.229268c19.980488-14.985366 38.712195-27.473171 59.941463-38.712195zM911.609756 229.77561c52.44878 74.926829 84.917073 166.087805 88.663415 264.741463-93.658537-44.956098-272.234146-9.990244-447.063415 91.160976-21.229268 12.487805-42.458537 26.22439-61.190244 38.712195-11.239024-9.990244-24.97561-14.985366-39.960975-14.985366-19.980488 0-37.463415 9.990244-48.702439 23.726829-52.44878-31.219512-98.653659-66.185366-139.863415-101.151219 2.497561-6.243902 3.746341-13.736585 3.746341-19.980488s-1.24878-11.239024-2.497561-16.234146c16.234146-31.219512 34.965854-63.687805 56.195122-96.156098 11.239024-16.234146 22.478049-32.468293 34.965854-47.453658 2.497561 1.24878 6.243902 1.24878 9.990244 1.24878 14.985366 0 27.473171-8.741463 32.468293-19.980488 43.707317 6.243902 89.912195 11.239024 138.614634 11.239025 167.336585-1.24878 313.443902-47.453659 374.634146-114.887805z m-771.746341-34.965854c22.478049 52.44878 93.658537 96.156098 189.814634 121.131707v-1.24878 3.746341c0 3.746341 1.24878 6.243902 2.497561 9.990244l1.24878 3.746342c-12.487805 16.234146-23.726829 32.468293-36.214634 49.951219-19.980488 28.721951-36.214634 58.692683-52.44878 87.414634-7.492683-4.995122-16.234146-7.492683-26.224391-7.492683-7.492683 0-14.985366 1.24878-21.229268 4.995122-63.687805-71.180488-102.4-143.609756-106.146341-202.302439 12.487805-22.478049 28.721951-43.707317 44.956097-63.687804l3.746342-6.243903zM398.360976 299.707317C544.468293 138.614634 720.546341 67.434146 820.44878 134.868293l1.248781-1.248781c26.22439 21.229268 49.95122 44.956098 71.180488 71.180488-49.95122 61.190244-191.063415 107.395122-355.902439 107.395122-49.95122 0-96.156098-3.746341-139.863415-11.239024h2.497561c0 1.24878 0 0-1.24878-1.248781zM512 22.478049c82.419512 0 161.092683 19.980488 229.77561 57.443902-109.892683-4.995122-248.507317 71.180488-364.643903 201.053659-3.746341-1.24878-6.243902-1.24878-11.239024-1.248781-9.990244 0-18.731707 3.746341-26.22439 9.990244-98.653659-26.22439-167.336585-69.931707-177.32683-118.634146C251.004878 79.921951 374.634146 22.478049 512 22.478049z\" fill=\"#1788FF\">\u003C/path>\u003Cpath d=\"M513.24878 11.239024C238.517073 11.239024 16.234146 233.521951 16.234146 508.253659S237.268293 1005.268293 513.24878 1005.268293s497.014634-222.282927 497.014635-497.014634S787.980488 11.239024 513.24878 11.239024z m0 11.239025c267.239024 0 484.526829 217.287805 484.52683 484.526829s-216.039024 487.02439-484.52683 487.02439S28.721951 776.741463 28.721951 508.253659 244.760976 22.478049 513.24878 22.478049z\" fill=\"#007BEA\">\u003C/path>\u003C/symbol>\u003Csymbol id=\"iconarrow_down_blue\" viewBox=\"0 0 1024 1024\">\u003Cpath d=\"M506.026667 768.853333c-11.093333-1.706667-21.333333-6.826667-29.013334-14.506666L58.026667 328.533333c-14.506667-15.36-14.506667-39.253333 0-54.613333 15.36-14.506667 39.253333-14.506667 54.613333 0L512 679.253333l399.36-405.333333c15.36-14.506667 39.253333-14.506667 54.613333 0 14.506667 15.36 14.506667 39.253333 0 54.613333L546.986667 754.346667c-8.533333 8.533333-18.773333 12.8-29.013334 14.506666-5.12 0.853333-9.386667 0.853333-11.946666 0z\" fill=\"#0086E6\">\u003C/path>\u003C/symbol>\u003Csymbol id=\"iconarrow_up_blue\" viewBox=\"0 0 1024 1024\">\u003Cpath d=\"M506.026667 263.68c-11.093333 1.706667-21.333333 6.826667-29.013334 14.506667L58.026667 704c-14.506667 15.36-14.506667 39.253333 0 54.613333 15.36 14.506667 39.253333 14.506667 54.613333 0L512 353.28l399.36 405.333333c15.36 14.506667 39.253333 14.506667 54.613333 0 14.506667-15.36 14.506667-39.253333 0-54.613333L546.986667 278.186667c-8.533333-8.533333-18.773333-12.8-29.013334-14.506667-5.12-0.853333-9.386667-0.853333-11.946666 0z\" fill=\"#0086E6\">\u003C/path>\u003C/symbol>\u003Csymbol id=\"iconBack\" viewBox=\"0 0 1024 1024\">\u003Cpath d=\"M371.626667 512l389.333333 357.973333a21.162667 21.162667 0 0 1 7.04 15.573334c0 5.845333-2.56 11.434667-7.04 15.530666l-33.834667 31.146667a25.045333 25.045333 0 0 1-16.938666 6.442667 25.045333 25.045333 0 0 1-16.938667-6.442667l-423.253333-389.12A42.282667 42.282667 0 0 1 256 512c0-11.690667 5.034667-22.869333 14.037333-31.146667l423.210667-389.077333A25.045333 25.045333 0 0 1 710.186667 85.333333c6.314667 0 12.416 2.304 16.896 6.442667l33.877333 31.146667a21.930667 21.930667 0 0 1 5.205333 7.125333 20.437333 20.437333 0 0 1 0 16.853333 21.930667 21.930667 0 0 1-5.205333 7.125334L371.626667 512z\" fill=\"#1D2129\">\u003C/path>\u003C/symbol>\u003Csymbol id=\"iconNext\" viewBox=\"0 0 1024 1024\">\u003Cpath d=\"M652.373333 512l-389.333333 357.973333a21.162667 21.162667 0 0 0-7.04 15.573334c0 5.845333 2.56 11.434667 7.04 15.530666l33.834667 31.146667a25.045333 25.045333 0 0 0 16.938666 6.442667 25.045333 25.045333 0 0 0 16.938667-6.442667l423.253333-389.12A42.282667 42.282667 0 0 0 768 512a42.282667 42.282667 0 0 0-14.037333-31.146667L330.752 91.818667A25.045333 25.045333 0 0 0 313.813333 85.333333a25.045333 25.045333 0 0 0-16.896 6.442667l-33.877333 31.146667a21.973333 21.973333 0 0 0-5.205333 7.125333 20.48 20.48 0 0 0 5.205333 23.978667L652.373333 512z\" fill=\"#1D2129\">\u003C/path>\u003C/symbol>\u003Csymbol id=\"icona-Deleteall\" viewBox=\"0 0 1024 1024\">\u003Cpath d=\"M511.146667 1009.493333c-273.066667 0-494.933333-221.866667-494.933334-494.933333s221.866667-494.933333 494.933334-494.933333 494.933333 221.866667 494.933333 494.933333c-0.853333 273.066667-222.72 494.933333-494.933333 494.933333z m0-913.066666c-230.4 0-418.133333 187.733333-418.133334 418.133333s187.733333 418.133333 418.133334 418.133333 418.133333-187.733333 418.133333-418.133333-187.733333-418.133333-418.133333-418.133333z\" fill=\"#333333\">\u003C/path>\u003Cpath d=\"M768.853333 402.773333H254.293333c-18.773333 0-34.133333-15.36-34.133333-34.133333s15.36-34.133333 34.133333-34.133333h514.56c18.773333 0 34.133333 15.36 34.133334 34.133333s-15.36 34.133333-34.133334 34.133333zM416.426667 679.253333c-18.773333 0-34.133333-15.36-34.133334-34.133333V532.48c0-18.773333 15.36-34.133333 34.133334-34.133333s34.133333 15.36 34.133333 34.133333v112.64c0 18.773333-14.506667 34.133333-34.133333 34.133333zM511.146667 679.253333c-18.773333 0-34.133333-15.36-34.133334-34.133333V532.48c0-18.773333 15.36-34.133333 34.133334-34.133333s34.133333 15.36 34.133333 34.133333v112.64c0 18.773333-15.36 34.133333-34.133333 34.133333zM605.013333 679.253333c-18.773333 0-34.133333-15.36-34.133333-34.133333V532.48c0-18.773333 15.36-34.133333 34.133333-34.133333s34.133333 15.36 34.133334 34.133333v112.64c0 18.773333-15.36 34.133333-34.133334 34.133333z\" fill=\"#333333\">\u003C/path>\u003Cpath d=\"M654.506667 824.32H367.786667c-48.64 0-87.893333-39.253333-87.893334-87.893333V334.506667H742.4v401.92c0 48.64-39.253333 87.893333-87.893333 87.893333zM349.013333 402.773333v333.653334c0 10.24 8.533333 19.626667 19.626667 19.626666h286.72c10.24 0 19.626667-8.533333 19.626667-19.626666V402.773333H349.013333zM439.466667 333.653333c2.56-36.693333 34.133333-66.56 71.68-66.56s68.266667 29.013333 71.68 66.56h68.266666c-2.56-74.24-64-134.826667-139.946666-134.826666-75.093333 0-136.533333 59.733333-139.946667 134.826666h68.266667z\" fill=\"#333333\">\u003C/path>\u003C/symbol>\u003Csymbol id=\"iconNew_tag1\" viewBox=\"0 0 1024 1024\">\u003Cpath d=\"M899.84 85.333333a37.12 37.12 0 0 1 27.477333 12.501334c7.253333 7.978667 11.349333 18.858667 11.349334 30.165333v768c0 11.306667-4.096 22.186667-11.349334 30.165333a37.12 37.12 0 0 1-27.434666 12.501334H124.117333a37.12 37.12 0 0 1-27.434666-12.501334A44.928 44.928 0 0 1 85.333333 896V128c0-11.306667 4.096-22.186667 11.349334-30.165333A37.12 37.12 0 0 1 124.16 85.333333h775.765333z m-38.741333 85.333334H162.901333v682.666666h698.197334V170.666667z\" fill=\"#1D2129\">\u003C/path>\u003Cpath d=\"M548.437333 304.896A21.333333 21.333333 0 0 1 554.666667 320V469.333333h149.333333a21.333333 21.333333 0 0 1 21.333333 21.333334v42.666666a21.333333 21.333333 0 0 1-21.333333 21.333334H554.666667v149.333333a21.333333 21.333333 0 0 1-21.333334 21.333333h-42.666666a21.333333 21.333333 0 0 1-21.333334-21.333333V554.666667H320a21.333333 21.333333 0 0 1-21.333333-21.333334v-42.666666a21.333333 21.333333 0 0 1 21.333333-21.333334H469.333333V320a21.333333 21.333333 0 0 1 21.333334-21.333333h42.666666a21.333333 21.333333 0 0 1 15.104 6.229333z\" fill=\"#1D2129\">\u003C/path>\u003C/symbol>\u003Csymbol id=\"iconcss\" viewBox=\"0 0 1024 1024\">\u003Cpath d=\"M147.626667 23.893333h512l243.2 246.613334v704.853333c0 15.36-11.946667 27.306667-27.306667 27.306667H147.626667c-15.36 0-27.306667-11.946667-27.306667-27.306667V51.2c0-15.36 12.8-27.306667 27.306667-27.306667z m0 0\" fill=\"#5E6D96\">\u003C/path>\u003Cpath d=\"M659.626667 23.893333v219.306667c0 15.36 11.946667 27.306667 27.306666 27.306667h215.893334L659.626667 23.893333z m0 0\" fill=\"#8695C0\">\u003C/path>\u003Cpath d=\"M252.586667 512v-29.866667l168.96-66.56v33.28l-76.8 27.306667-52.053334 18.773333v1.706667l52.053334 18.773333 76.8 28.16v33.28L252.586667 512zM602.453333 545.28l76.8-28.16 52.053334-18.773333v-1.706667L679.253333 477.866667l-76.8-27.306667v-33.28l168.96 66.56V512l-168.96 65.706667v-32.426667z\" fill=\"#FFFFFF\">\u003C/path>\u003Cpath d=\"M553.813333 359.253333h27.306667L485.546667 583.68h-27.306667l95.573333-224.426667z\" fill=\"#FFFFFF\">\u003C/path>\u003C/symbol>\u003Csymbol id=\"iconexe\" viewBox=\"0 0 1024 1024\">\u003Cpath d=\"M135.68 12.8h522.24L906.24 264.533333v719.36c0 15.36-12.8 28.16-28.16 28.16h-742.4c-15.36 0-28.16-12.8-28.16-28.16V40.106667c0-15.36 12.8-27.306667 28.16-27.306667z m0 0\" fill=\"#5993F7\">\u003C/path>\u003Cpath d=\"M657.92 12.8v223.573333c0 15.36 12.8 28.16 28.16 28.16h221.013333L657.92 12.8z m0 0\" fill=\"#82B0FF\">\u003C/path>\u003Cpath d=\"M677.546667 697.173333h-341.333334c-30.72 0-56.32-24.746667-56.32-56.32v-238.933333c0-30.72 24.746667-56.32 56.32-56.32h342.186667c30.72 0 56.32 24.746667 56.32 56.32v238.933333c-0.853333 30.72-25.6 56.32-57.173333 56.32z m-341.333334-322.56c-15.36 0-27.306667 11.946667-27.306666 27.306667v238.933333c0 15.36 11.946667 27.306667 27.306666 27.306667h342.186667c15.36 0 27.306667-11.946667 27.306667-27.306667v-238.933333c0-15.36-11.946667-27.306667-27.306667-27.306667H336.213333zM421.546667 724.48h170.666666v37.546667h-170.666666z\" fill=\"#FFFFFF\">\u003C/path>\u003Cpath d=\"M517.973333 421.546667h58.88v37.546666h-58.88zM586.24 421.546667h58.88v37.546666h-58.88z\" fill=\"#FFFFFF\">\u003C/path>\u003C/symbol>\u003Csymbol id=\"icondoc\" viewBox=\"0 0 1024 1024\">\u003Cpath d=\"M149.333333 17.92h517.973334L913.066667 267.093333v713.386667c0 15.36-11.946667 27.306667-27.306667 27.306667H149.333333c-15.36 0-27.306667-11.946667-27.306666-27.306667V45.226667c-0.853333-14.506667 11.946667-27.306667 27.306666-27.306667z m0 0\" fill=\"#5993F7\">\u003C/path>\u003Cpath d=\"M666.453333 17.92v221.866667c0 15.36 11.946667 27.306667 27.306667 27.306666H913.066667L666.453333 17.92z m0 0M778.24 658.773333H247.466667c-11.946667 0-21.333333-9.386667-21.333334-21.333333v-1.706667c0-11.946667 9.386667-21.333333 21.333334-21.333333h530.773333c11.946667 0 21.333333 9.386667 21.333333 21.333333v1.706667c0 11.093333-9.386667 21.333333-21.333333 21.333333zM547.84 756.906667H246.613333c-11.093333 0-20.48-9.386667-20.48-20.48v-3.413334c0-11.093333 9.386667-20.48 20.48-20.48h301.226667c11.093333 0 20.48 9.386667 20.48 20.48v3.413334c0 11.093333-9.386667 20.48-20.48 20.48zM448.853333 855.893333H243.2c-9.386667 0-17.066667-7.68-17.066667-17.066666v-10.24c0-9.386667 7.68-17.066667 17.066667-17.066667h205.653333c9.386667 0 17.066667 7.68 17.066667 17.066667v10.24c0 9.386667-7.68 17.066667-17.066667 17.066666z\" fill=\"#82B0FF\">\u003C/path>\u003Cpath d=\"M231.253333 285.866667h40.96l16.213334 98.986666c3.413333 21.333333 5.973333 42.666667 9.386666 64.853334h0.853334c4.266667-21.333333 8.533333-43.52 12.8-64.853334l23.893333-98.986666h34.133333l23.893334 98.986666c4.266667 20.48 8.533333 42.666667 12.8 64.853334h1.706666c3.413333-22.186667 5.973333-43.52 9.386667-64.853334l16.213333-98.986666h38.4l-37.546666 203.093333H384l-23.04-99.84c-3.413333-16.213333-5.973333-31.573333-8.533333-46.933333h-0.853334c-2.56 15.36-5.12 30.72-8.533333 46.933333l-22.186667 99.84h-49.493333l-40.106667-203.093333z\" fill=\"#FFFFFF\">\u003C/path>\u003C/symbol>\u003Csymbol id=\"iconfile\" viewBox=\"0 0 1024 1024\">\u003Cpath d=\"M136.533333 12.8h522.24L907.093333 264.533333v719.36c0 15.36-12.8 28.16-28.16 28.16H136.533333c-15.36 0-28.16-12.8-28.16-28.16V40.106667c0.853333-15.36 12.8-27.306667 28.16-27.306667z m0 0\" fill=\"#94C9FF\">\u003C/path>\u003Cpath d=\"M659.626667 12.8v223.573333c0 15.36 12.8 28.16 28.16 28.16h221.013333L659.626667 12.8z m0 0\" fill=\"#BFDFFF\">\u003C/path>\u003Cpath d=\"M353.28 407.04l296.106667-68.266667c35.84-8.533333 50.346667 26.453333 50.346666 48.64v304.64c0 22.186667-15.36 57.173333-50.346666 48.64l-296.106667-68.266666c-19.626667-4.266667-36.693333-17.92-36.693333-40.106667V447.146667c0-22.186667 17.066667-34.986667 36.693333-40.106667zM375.466667 426.666667c-31.573333 6.826667-31.573333 7.68-31.573334 34.133333v158.72c0 26.453333 9.386667 29.013333 31.573334 34.133333l253.44 58.026667c43.52 11.093333 43.52-2.56 43.52-41.813333V409.6c0-36.693333-2.56-51.2-43.52-41.813333L375.466667 426.666667z\" fill=\"#FFFFFF\">\u003C/path>\u003Cpath d=\"M342.186667 445.44l333.653333 82.773333v29.013334l-333.653333-85.333334z\" fill=\"#FFFFFF\">\u003C/path>\u003Cpath d=\"M549.546667 523.946667l-53.76 157.866666 24.746666 5.973334 55.466667-157.013334z\" fill=\"#FFFFFF\">\u003C/path>\u003C/symbol>\u003Csymbol id=\"iconjpg\" viewBox=\"0 0 1024 1024\">\u003Cpath d=\"M143.36 12.8H665.6L913.92 264.533333v719.36c0 15.36-12.8 28.16-28.16 28.16h-742.4c-15.36 0-28.16-12.8-28.16-28.16V40.106667c0.853333-15.36 12.8-27.306667 28.16-27.306667z m0 0\" fill=\"#73B9FF\">\u003C/path>\u003Cpath d=\"M665.6 12.8v223.573333c0 15.36 12.8 28.16 28.16 28.16h221.013333L665.6 12.8z m0 0\" fill=\"#99CCFF\">\u003C/path>\u003Cpath d=\"M407.893333 374.613333m-61.44 0a61.44 61.44 0 1 0 122.88 0 61.44 61.44 0 1 0-122.88 0Z\" fill=\"#FFFFFF\">\u003C/path>\u003Cpath d=\"M318.293333 659.626667c22.186667-47.786667 58.88-125.44 68.266667-143.36l5.12-7.68c11.093333-11.093333 43.52-37.546667 53.76 19.626666 0.853333 5.973333 0 11.093333-1.706667 16.213334l-15.36 33.28c-8.533333 18.773333 5.973333 40.106667 26.453334 39.253333 9.386667-0.853333 18.773333-6.826667 23.04-15.36l87.893333-176.64c10.24-20.48 40.106667-20.48 49.493333 0.853333L725.333333 659.626667c8.533333 17.92-5.12 39.253333-24.746666 39.253333H343.04c-20.48 0-33.28-20.48-24.746667-39.253333z\" fill=\"#FFFFFF\">\u003C/path>\u003C/symbol>\u003Csymbol id=\"iconmp3\" viewBox=\"0 0 1024 1024\">\u003Cpath d=\"M138.24 12.8h522.24L908.8 264.533333v719.36c0 15.36-12.8 28.16-28.16 28.16h-742.4c-15.36 0-28.16-12.8-28.16-28.16V40.106667c0.853333-15.36 12.8-27.306667 28.16-27.306667z m0 0\" fill=\"#C36DFF\">\u003C/path>\u003Cpath d=\"M660.48 12.8v223.573333c0 15.36 12.8 28.16 28.16 28.16h221.013333L660.48 12.8z m0 0\" fill=\"#D08EFF\">\u003C/path>\u003Cpath d=\"M439.466667 515.413333c-66.56 0-121.173333 54.613333-121.173334 121.173334 0 66.56 54.613333 121.173333 121.173334 121.173333s121.173333-54.613333 121.173333-121.173333c0-67.413333-54.613333-121.173333-121.173333-121.173334z m0 201.386667c-44.373333 0-81.066667-35.84-81.066667-81.066667 0-44.373333 35.84-81.066667 81.066667-81.066666s81.066667 35.84 81.066666 81.066666c-0.853333 45.226667-36.693333 81.066667-81.066666 81.066667zM640.853333 579.413333c-5.973333 0-11.093333-2.56-15.36-6.826666-3.413333-4.266667-5.12-9.386667-5.12-14.506667s2.56-10.24 6.826667-13.653333c31.573333-28.16 42.666667-72.533333 27.306667-111.786667-14.506667-39.253333-52.053333-65.706667-93.866667-65.706667-11.093333 0-20.48-9.386667-20.48-20.48 0-11.093333 9.386667-20.48 20.48-20.48 77.653333 0 141.653333 63.146667 141.653333 141.653334 0 40.96-17.066667 79.36-47.786666 105.813333-4.266667 4.266667-8.533333 5.973333-13.653334 5.973333z\" fill=\"#FFFFFF\">\u003C/path>\u003Cpath d=\"M519.68 326.826667h40.106667v309.76h-40.106667z\" fill=\"#FFFFFF\">\u003C/path>\u003C/symbol>\u003Csymbol id=\"iconpdf\" viewBox=\"0 0 1024 1024\">\u003Cpath d=\"M138.24 11.946667h522.24l249.173333 250.88v720.213333c0 15.36-11.946667 27.306667-27.306666 27.306667H138.24c-15.36 0-27.306667-11.946667-27.306667-27.306667V40.96c0-15.36 11.946667-29.013333 27.306667-29.013333z m0 0\" fill=\"#F16A6A\">\u003C/path>\u003Cpath d=\"M660.48 11.946667v223.573333c0 15.36 11.946667 27.306667 27.306667 27.306667h220.16L660.48 11.946667z m0 0\" fill=\"#FF9B9B\">\u003C/path>\u003Cpath d=\"M907.946667 988.16v-122.88H836.266667c-240.64-221.866667-261.12-399.36-261.12-399.36-3.413333-13.653333-29.013333-49.493333-29.013334-49.493333-29.013333-46.08-52.906667 29.013333-52.906666 29.013333L133.12 1010.346667h80.213333l15.36-22.186667L426.666667 955.733333c199.68-27.306667 377.173333-32.426667 377.173333-32.426666l104.106667 64.853333zM252.586667 955.733333s232.106667-324.266667 262.826666-418.133333c0 0 112.64 245.76 226.986667 334.506667L252.586667 955.733333z\" fill=\"#FFFFFF\">\u003C/path>\u003C/symbol>\u003Csymbol id=\"iconmp4\" viewBox=\"0 0 1024 1024\">\u003Cpath d=\"M140.8 12.8h522.24L911.36 264.533333v719.36c0 15.36-12.8 28.16-28.16 28.16h-742.4c-15.36 0-28.16-12.8-28.16-28.16V40.106667c0-15.36 12.8-27.306667 28.16-27.306667z m0 0\" fill=\"#8465FF\">\u003C/path>\u003Cpath d=\"M663.04 12.8v223.573333c0 15.36 12.8 28.16 28.16 28.16h221.013333L663.04 12.8z m0 0\" fill=\"#A791FF\">\u003C/path>\u003Cpath d=\"M384 512V345.6c0-20.48 25.6-30.72 42.666667-17.92l91.306666 75.093333L630.613333 494.933333c11.093333 9.386667 11.093333 25.6 0 34.986667L518.826667 621.226667 426.666667 696.32c-16.213333 13.653333-42.666667 2.56-42.666667-17.92V512z\" fill=\"#FFFFFF\">\u003C/path>\u003C/symbol>\u003Csymbol id=\"iconphp\" viewBox=\"0 0 1024 1024\">\u003Cpath d=\"M142.506667 12.8h522.24L913.066667 263.68v719.36c0 15.36-12.8 28.16-28.16 28.16h-742.4c-15.36 0-28.16-12.8-28.16-28.16V40.106667c0-15.36 12.8-27.306667 28.16-27.306667z m0 0\" fill=\"#5E6D96\">\u003C/path>\u003Cpath d=\"M664.746667 12.8v223.573333c0 15.36 12.8 28.16 28.16 28.16H913.066667L664.746667 12.8z m0 0\" fill=\"#8695C0\">\u003C/path>\u003Cpath d=\"M271.36 530.773333a242.346667 156.16 0 1 0 484.693333 0 242.346667 156.16 0 1 0-484.693333 0Z\" fill=\"#FFFFFF\">\u003C/path>\u003Cpath d=\"M365.226667 468.48h40.106666c27.306667 0 47.786667 9.386667 47.786667 38.4 0 28.16-21.333333 40.96-47.786667 40.96h-16.213333v43.52h-24.746667V468.48z m39.253333 59.733333c17.066667 0 24.746667-6.826667 24.746667-21.333333s-8.533333-18.773333-25.6-18.773333h-13.653334v40.106666h14.506667zM474.453333 459.093333h23.893334v33.28l-0.853334 17.066667c7.68-6.826667 16.213333-13.653333 29.013334-13.653333 20.48 0 29.013333 13.653333 29.013333 37.546666v58.026667h-24.746667v-54.613333c0-14.506667-4.266667-19.626667-12.8-19.626667-7.68 0-12.8 3.413333-19.626666 10.24v64h-23.893334V459.093333zM581.973333 468.48h40.106667c27.306667 0 47.786667 9.386667 47.786667 38.4 0 28.16-21.333333 40.96-47.786667 40.96H605.866667v43.52h-24.746667V468.48z m39.253334 59.733333c17.066667 0 24.746667-6.826667 24.746666-21.333333s-8.533333-18.773333-25.6-18.773333h-13.653333v40.106666h14.506667z\" fill=\"#5E6D96\">\u003C/path>\u003C/symbol>\u003Csymbol id=\"iconppt\" viewBox=\"0 0 1024 1024\">\u003Cpath d=\"M140.8 12.8h522.24L911.36 264.533333v719.36c0 15.36-12.8 28.16-28.16 28.16h-742.4c-15.36 0-28.16-12.8-28.16-28.16V40.106667c0-15.36 12.8-27.306667 28.16-27.306667z m0 0\" fill=\"#FF9752\">\u003C/path>\u003Cpath d=\"M663.04 12.8v223.573333c0 15.36 12.8 28.16 28.16 28.16h221.013333L663.04 12.8z m0 0\" fill=\"#FFB07B\">\u003C/path>\u003Cpath d=\"M391.68 384.853333h109.226667c74.24 0 130.56 25.6 130.56 104.96 0 75.946667-57.173333 110.08-128.853334 110.08h-44.373333v118.613334h-66.56V384.853333z m106.666667 162.133334c46.08 0 68.266667-19.626667 68.266666-58.026667s-24.746667-52.053333-69.973333-52.053333h-37.546667V546.133333h39.253334z\" fill=\"#FFFEFE\">\u003C/path>\u003C/symbol>\u003Csymbol id=\"iconpsd\" viewBox=\"0 0 1024 1024\">\u003Cpath d=\"M136.533333 12.8h522.24L907.093333 264.533333v719.36c0 15.36-12.8 28.16-28.16 28.16H136.533333c-15.36 0-28.16-12.8-28.16-28.16V40.106667c0-15.36 12.8-27.306667 28.16-27.306667z m0 0\" fill=\"#73B9FF\">\u003C/path>\u003Cpath d=\"M658.773333 12.8v223.573333c0 15.36 12.8 28.16 28.16 28.16h221.013334L658.773333 12.8z m0 0\" fill=\"#99CCFF\">\u003C/path>\u003Cpath d=\"M302.08 385.706667h91.306667c61.44 0 109.226667 21.333333 109.226666 87.04 0 63.146667-47.786667 92.16-107.52 92.16h-37.546666v98.986666h-55.466667V385.706667z m88.746667 135.68c38.4 0 56.32-16.213333 56.32-47.786667 0-32.426667-20.48-43.52-58.88-43.52h-31.573334v91.306667h34.133334zM529.066667 628.053333l31.573333-38.4c19.626667 18.773333 46.08 30.72 70.826667 30.72 29.013333 0 44.373333-12.8 44.373333-31.573333 0-20.48-17.066667-27.306667-41.813333-37.546667L597.333333 535.893333c-28.16-11.946667-56.32-34.133333-56.32-75.093333 0-45.226667 40.106667-80.213333 96.426667-80.213333 32.426667 0 64.853333 12.8 87.04 35.84l-28.16 34.986666c-17.92-14.506667-35.84-23.04-58.88-23.04-24.746667 0-40.106667 11.093333-40.106667 29.013334 0 19.626667 19.626667 27.306667 43.52 36.693333l36.693334 15.36c34.133333 13.653333 56.32 34.986667 56.32 75.093333 0 45.226667-37.546667 84.48-102.4 84.48-37.546667 0-75.093333-14.506667-102.4-40.96z\" fill=\"#FCFDFF\">\u003C/path>\u003C/symbol>\u003Csymbol id=\"iconswf\" viewBox=\"0 0 1024 1024\">\u003Cpath d=\"M140.8 12.8h522.24L911.36 264.533333v719.36c0 15.36-12.8 28.16-28.16 28.16h-742.4c-15.36 0-28.16-12.8-28.16-28.16V40.106667c0-15.36 12.8-27.306667 28.16-27.306667z m0 0\" fill=\"#F16A6A\">\u003C/path>\u003Cpath d=\"M663.04 12.8v223.573333c0 15.36 12.8 28.16 28.16 28.16h221.013333L663.04 12.8z m0 0\" fill=\"#FF9B9B\">\u003C/path>\u003Cpath d=\"M347.306667 726.186667v-70.826667S469.333333 643.413333 493.226667 486.4c0.853333-8.533333 3.413333-16.213333 6.826666-23.893333C515.413333 426.666667 565.76 332.8 678.4 337.066667v86.186666s-93.866667 14.506667-102.4 81.066667h63.146667v79.36H539.306667S503.466667 730.453333 347.306667 726.186667z\" fill=\"#FCFDFF\">\u003C/path>\u003C/symbol>\u003Csymbol id=\"icontxt\" viewBox=\"0 0 1024 1024\">\u003Cpath d=\"M140.8 12.8h522.24L911.36 264.533333v719.36c0 15.36-12.8 28.16-28.16 28.16h-742.4c-15.36 0-28.16-12.8-28.16-28.16V40.106667c0-15.36 12.8-27.306667 28.16-27.306667z m0 0\" fill=\"#5993F7\">\u003C/path>\u003Cpath d=\"M663.04 12.8v223.573333c0 15.36 12.8 28.16 28.16 28.16h221.013333L663.04 12.8z m0 0\" fill=\"#82B0FF\">\u003C/path>\u003Cpath d=\"M456.533333 443.733333H366.933333v-52.906666h242.346667V443.733333H519.68v264.533334h-63.146667V443.733333z\" fill=\"#FCFDFF\">\u003C/path>\u003C/symbol>\u003Csymbol id=\"iconxls\" viewBox=\"0 0 1024 1024\">\u003Cpath d=\"M133.973333 12.8h522.24L904.533333 264.533333v719.36c0 15.36-12.8 28.16-28.16 28.16h-742.4c-15.36 0-28.16-12.8-28.16-28.16V40.106667c0.853333-15.36 12.8-27.306667 28.16-27.306667z m0 0\" fill=\"#6FC470\">\u003C/path>\u003Cpath d=\"M656.213333 12.8v223.573333c0 15.36 12.8 28.16 28.16 28.16h221.013334L656.213333 12.8z m0 0\" fill=\"#85DB86\">\u003C/path>\u003Cpath d=\"M282.453333 349.013333l-47.786666-78.506666h46.08l16.213333 29.013333c4.266667 9.386667 9.386667 18.773333 14.506667 27.306667h0.853333c3.413333-9.386667 8.533333-18.773333 11.946667-27.306667l13.653333-29.013333h44.373333l-47.786666 83.626666 51.2 81.066667h-46.08l-17.92-29.866667c-5.12-9.386667-10.24-19.626667-16.213334-29.013333h-1.706666c-4.266667 9.386667-9.386667 18.773333-13.653334 29.013333L274.773333 435.2H230.4l52.053333-86.186667z\" fill=\"#FCFDFF\">\u003C/path>\u003Cpath d=\"M453.973333 639.146667H251.733333c-12.8 0-23.04-10.24-23.04-23.04 0-12.8 10.24-23.04 23.04-23.04h202.24c12.8 0 23.04 10.24 23.04 23.04 0 12.8-11.093333 23.04-23.04 23.04zM760.32 639.146667H558.08c-12.8 0-23.04-10.24-23.04-23.04 0-12.8 10.24-23.04 23.04-23.04h202.24c12.8 0 23.04 10.24 23.04 23.04-0.853333 12.8-11.093333 23.04-23.04 23.04zM453.973333 729.6H251.733333c-12.8 0-23.04-10.24-23.04-23.04 0-12.8 10.24-23.04 23.04-23.04h202.24c12.8 0 23.04 10.24 23.04 23.04 0 12.8-11.093333 23.04-23.04 23.04zM760.32 729.6H558.08c-12.8 0-23.04-10.24-23.04-23.04 0-12.8 10.24-23.04 23.04-23.04h202.24c12.8 0 23.04 10.24 23.04 23.04-0.853333 12.8-11.093333 23.04-23.04 23.04zM453.973333 820.053333H251.733333c-12.8 0-23.04-10.24-23.04-23.04 0-12.8 10.24-23.04 23.04-23.04h202.24c12.8 0 23.04 10.24 23.04 23.04 0 12.8-11.093333 23.04-23.04 23.04zM760.32 820.053333H558.08c-12.8 0-23.04-10.24-23.04-23.04 0-12.8 10.24-23.04 23.04-23.04h202.24c12.8 0 23.04 10.24 23.04 23.04-0.853333 12.8-11.093333 23.04-23.04 23.04z\" fill=\"#A8DBA9\">\u003C/path>\u003C/symbol>\u003Csymbol id=\"iconinfo_1\" viewBox=\"0 0 1024 1024\">\u003Cpath d=\"M512 85.333333c235.648 0 426.666667 191.018667 426.666667 426.666667s-191.018667 426.666667-426.666667 426.666667S85.333333 747.648 85.333333 512 276.352 85.333333 512 85.333333z m0 77.568a349.098667 349.098667 0 1 0 0 698.197334 349.098667 349.098667 0 0 0 0-698.197334z m19.370667 290.901334a19.413333 19.413333 0 0 1 19.413333 19.413333v174.506667h31.530667a19.370667 19.370667 0 0 1 19.370666 19.413333v41.216a19.413333 19.413333 0 0 1-19.370666 19.413333h-147.882667a19.413333 19.413333 0 0 1-19.413333-19.413333v-41.216a19.370667 19.370667 0 0 1 19.413333-19.370667h38.784v-113.92h-19.413333a19.370667 19.370667 0 0 1-19.370667-19.413333v-41.216a19.370667 19.370667 0 0 1 19.370667-19.413333h77.610666z m0-155.136a19.413333 19.413333 0 0 1 19.413333 19.413333v58.154667a19.413333 19.413333 0 0 1-19.413333 19.413333h-58.154667a19.413333 19.413333 0 0 1-19.413333-19.413333V318.08A19.413333 19.413333 0 0 1 473.216 298.666667h58.197333z\" fill=\"#6B7785\">\u003C/path>\u003C/symbol>\u003Csymbol id=\"iconshortcut\" viewBox=\"0 0 1024 1024\">\u003Cpath d=\"M866.133333 1024h-708.266666C70.826667 1024 0 953.173333 0 866.133333v-708.266666C0 70.826667 70.826667 0 157.866667 0h708.266666C953.173333 0 1024 70.826667 1024 157.866667v708.266666c0 87.04-70.826667 157.866667-157.866667 157.866667z\" fill=\"#F5F5F5\">\u003C/path>\u003Cpath d=\"M290.133333 198.826667h491.52V699.733333c-11.946667-12.8-21.333333-23.893333-31.573333-34.133333-37.546667-37.546667-75.093333-75.093333-111.786667-112.64-5.973333-5.973333-9.386667-8.533333-16.213333-1.706667-47.786667 48.64-98.133333 95.573333-144.213333 146.773334-51.2 57.173333-52.906667 130.56-25.6 189.44 3.413333 7.68 10.24 14.506667 14.506666 22.186666 2.56 4.266667 3.413333 9.386667 5.12 14.506667-5.12 0.853333-10.24 4.266667-15.36 3.413333-40.106667-3.413333-75.946667-17.92-105.813333-44.373333-74.24-65.706667-116.906667-145.92-106.666667-247.466667 5.973333-60.586667 29.013333-113.493333 74.24-157.013333 40.106667-38.4 77.653333-78.506667 116.053334-117.76 7.68-7.68 4.266667-11.093333-1.706667-17.92-46.933333-46.933333-93.866667-93.866667-140.8-141.653333-0.853333 0.853333-0.853333 0-1.706667-2.56z\" fill=\"#7D4DF8\">\u003C/path>\u003C/symbol>\u003Csymbol id=\"iconmore_help\" viewBox=\"0 0 1024 1024\">\u003Cpath d=\"M512 85.333333c235.648 0 426.666667 191.018667 426.666667 426.666667s-191.018667 426.666667-426.666667 426.666667S85.333333 747.648 85.333333 512 276.352 85.333333 512 85.333333z m0 77.568a349.098667 349.098667 0 1 0 0 698.197334 349.098667 349.098667 0 0 0 0-698.197334z m19.370667 504.234667a19.413333 19.413333 0 0 1 19.413333 19.413333V725.333333a19.413333 19.413333 0 0 1-19.413333 19.370667h-38.784a19.370667 19.370667 0 0 1-19.370667-19.370667v-38.826666a19.413333 19.413333 0 0 1 19.413333-19.370667h38.784z m-24.874667-387.84c46.08 0 84.394667 11.136 114.901333 33.450667 30.506667 22.4 45.738667 55.466667 45.738667 99.285333 0 26.88-6.613333 49.493333-19.882667 67.925333-7.765333 11.136-22.613333 25.386667-44.672 42.794667l-21.717333 17.066667c-11.818667 9.301333-19.712 20.181333-23.594667 32.554666-1.024 3.413333-1.962667 9.685333-2.773333 18.901334a19.413333 19.413333 0 0 1-19.285333 17.706666h-43.477334a19.413333 19.413333 0 0 1-19.370666-19.413333v-0.853333l0.085333-0.938667c2.517333-26.965333 5.162667-44.074667 8.021333-51.2 5.333333-13.354667 18.986667-28.714667 41.002667-46.08l22.357333-17.706667c7.338667-5.546667 45.184-32.213333 45.184-55.808s-4.096-32.298667-15.957333-45.226666c-11.818667-12.928-38.528-17.109333-62.592-17.109334-23.68 0-43.904 6.272-53.76 22.186667a112.341333 112.341333 0 0 0-11.050667 23.296c-1.28 3.84-2.176 7.850667-2.816 11.904a19.370667 19.370667 0 0 1-19.114666 16.085333H378.026667a19.370667 19.370667 0 0 1-19.413334-19.370666v-1.066667l0.128-1.109333c0.469333-4.352 0.981333-7.978667 1.536-10.837334 7.552-42.112 26.666667-73.045333 57.429334-92.885333 24.064-15.701333 53.674667-23.594667 88.746666-23.594667z\" fill=\"#6B7785\">\u003C/path>\u003C/symbol>\u003Csymbol id=\"iconsevere\" viewBox=\"0 0 1024 1024\">\u003Cpath d=\"M10.257749 817.493333l478.72-683.52c13.653333-19.626667 36.693333-19.626667 50.346667 0l473.6 683.52c22.186667 32.426667 6.826667 87.04-24.746667 87.04H35.857749c-31.573333 0-47.786667-54.613333-25.6-87.04z\" fill=\"#E64040\">\u003C/path>\u003Cpath d=\"M512.017749 705.706667c-21.333333 0-38.4-17.066667-38.4-38.4V373.76c0-21.333333 17.066667-38.4 38.4-38.4s38.4 17.066667 38.4 38.4v293.546667c0 21.333333-17.92 38.4-38.4 38.4z\" fill=\"#FFFFFF\">\u003C/path>\u003Cpath d=\"M512.017749 774.826667m-38.4 0a38.4 38.4 0 1 0 76.8 0 38.4 38.4 0 1 0-76.8 0Z\" fill=\"#FFFFFF\">\u003C/path>\u003C/symbol>\u003Csymbol id=\"iconsmall_screen\" viewBox=\"0 0 1024 1024\">\u003Cpath d=\"M725.333333 341.333333a42.666667 42.666667 0 0 1-42.666666-42.666666V106.666667a21.333333 21.333333 0 0 1 21.333333-21.333334h42.666667a21.333333 21.333333 0 0 1 21.333333 21.333334V256h149.333333a21.333333 21.333333 0 0 1 21.333334 21.333333v42.666667a21.333333 21.333333 0 0 1-21.333334 21.333333H725.333333zM298.666667 682.666667a42.666667 42.666667 0 0 1 42.666666 42.666666v192a21.333333 21.333333 0 0 1-21.333333 21.333334h-42.666667a21.333333 21.333333 0 0 1-21.333333-21.333334V768H106.666667a21.333333 21.333333 0 0 1-21.333334-21.333333v-42.666667a21.333333 21.333333 0 0 1 21.333334-21.333333H298.666667z m384 42.666666a42.666667 42.666667 0 0 1 42.666666-42.666666h192a21.333333 21.333333 0 0 1 21.333334 21.333333v42.666667a21.333333 21.333333 0 0 1-21.333334 21.333333H768v149.333333a21.333333 21.333333 0 0 1-21.333333 21.333334h-42.666667a21.333333 21.333333 0 0 1-21.333333-21.333334V725.333333zM341.333333 298.666667a42.666667 42.666667 0 0 1-42.666666 42.666666H106.666667a21.333333 21.333333 0 0 1-21.333334-21.333333v-42.666667a21.333333 21.333333 0 0 1 21.333334-21.333333H256V106.666667a21.333333 21.333333 0 0 1 21.333333-21.333334h42.666667a21.333333 21.333333 0 0 1 21.333333 21.333334V298.666667z\" fill=\"#1D2129\">\u003C/path>\u003C/symbol>\u003Csymbol id=\"iconfull_screen\" viewBox=\"0 0 1024 1024\">\u003Cpath d=\"M85.333333 128a42.666667 42.666667 0 0 1 42.666667-42.666667h192a21.333333 21.333333 0 0 1 21.333333 21.333334v42.666666a21.333333 21.333333 0 0 1-21.333333 21.333334H170.666667v149.333333a21.333333 21.333333 0 0 1-21.333334 21.333333h-42.666666a21.333333 21.333333 0 0 1-21.333334-21.333333V128z m853.333334 768a42.666667 42.666667 0 0 1-42.666667 42.666667h-192a21.333333 21.333333 0 0 1-21.333333-21.333334v-42.666666a21.333333 21.333333 0 0 1 21.333333-21.333334H853.333333v-149.333333a21.333333 21.333333 0 0 1 21.333334-21.333333h42.666666a21.333333 21.333333 0 0 1 21.333334 21.333333V896zM128 938.666667a42.666667 42.666667 0 0 1-42.666667-42.666667v-192a21.333333 21.333333 0 0 1 21.333334-21.333333h42.666666a21.333333 21.333333 0 0 1 21.333334 21.333333V853.333333h149.333333a21.333333 21.333333 0 0 1 21.333333 21.333334v42.666666a21.333333 21.333333 0 0 1-21.333333 21.333334H128zM896 85.333333a42.666667 42.666667 0 0 1 42.666667 42.666667v192a21.333333 21.333333 0 0 1-21.333334 21.333333h-42.666666a21.333333 21.333333 0 0 1-21.333334-21.333333V170.666667h-149.333333a21.333333 21.333333 0 0 1-21.333333-21.333334v-42.666666a21.333333 21.333333 0 0 1 21.333333-21.333334H896z\" fill=\"#1D2129\">\u003C/path>\u003C/symbol>\u003Csymbol id=\"iconTransfer_task_bg\" viewBox=\"0 0 1024 1024\">\u003Cpath d=\"M917.333333 832a21.333333 21.333333 0 0 1 21.333334 21.333333v42.666667a21.333333 21.333333 0 0 1-21.333334 21.333333h-810.666666A21.333333 21.333333 0 0 1 85.333333 896v-42.666667a21.333333 21.333333 0 0 1 21.333334-21.333333h810.666666zM896 128a42.666667 42.666667 0 0 1 42.666667 42.666667v512a42.666667 42.666667 0 0 1-42.666667 42.666666H128a42.666667 42.666667 0 0 1-42.666667-42.666666V170.666667a42.666667 42.666667 0 0 1 42.666667-42.666667h768zM170.666667 213.333333v426.666667h682.666666V213.333333H170.666667z\" fill=\"#1D2129\">\u003C/path>\u003Cpath d=\"M602.752 597.333333a10.581333 10.581333 0 0 0 7.168-2.816 9.173333 9.173333 0 0 0 2.986667-6.698666V378.581333h62.72a6.442667 6.442667 0 0 0 3.2-0.853333 5.888 5.888 0 0 0 2.261333-2.304 5.333333 5.333333 0 0 0-0.682667-5.973333L561.109333 261.12a9.941333 9.941333 0 0 0-2.901333-2.346667 10.88 10.88 0 0 0-11.093333-1.962666 10.026667 10.026667 0 0 0-4.48 3.498666 8.96 8.96 0 0 0-1.706667 5.248v322.304c0 2.517333 1.066667 4.906667 2.986667 6.698667a10.581333 10.581333 0 0 0 7.210666 2.773333h51.626667z m-128.042667-1.706666a9.685333 9.685333 0 0 0 3.114667-3.413334 8.917333 8.917333 0 0 0 1.152-4.352V265.6a9.173333 9.173333 0 0 0-2.986667-6.698667 10.581333 10.581333 0 0 0-7.210666-2.773333H420.309333a10.581333 10.581333 0 0 0-7.253333 2.773333 9.173333 9.173333 0 0 0-2.986667 6.698667v209.237333H347.477333a6.442667 6.442667 0 0 0-3.242666 0.853334 5.888 5.888 0 0 0-2.218667 2.304 5.333333 5.333333 0 0 0 0.64 5.973333l116.224 108.373333a9.984 9.984 0 0 0 2.858667 2.346667 10.752 10.752 0 0 0 13.013333 0.896z\" fill=\"#1D2129\">\u003C/path>\u003C/symbol>\u003Csymbol id=\"iconQR_code\" viewBox=\"0 0 1024 1024\">\u003Cpath d=\"M192 490.666667h298.666667v-298.666667h-298.666667v298.666667z m-42.666667-384h384a42.666667 42.666667 0 0 1 42.666667 42.666666v384a42.666667 42.666667 0 0 1-42.666667 42.666667h-384a42.666667 42.666667 0 0 1-42.666666-42.666667v-384a42.666667 42.666667 0 0 1 42.666666-42.666666z m128 170.666666h128v128h-128v-128zM192 725.333333v106.666667H298.666667V725.333333H192z m-42.666667-85.333333H341.333333a42.666667 42.666667 0 0 1 42.666667 42.666667v192a42.666667 42.666667 0 0 1-42.666667 42.666666H149.333333a42.666667 42.666667 0 0 1-42.666666-42.666666V682.666667a42.666667 42.666667 0 0 1 42.666666-42.666667zM725.333333 192V298.666667h106.666667V192H725.333333z m-42.666666-85.333333h192a42.666667 42.666667 0 0 1 42.666666 42.666666V341.333333a42.666667 42.666667 0 0 1-42.666666 42.666667H682.666667a42.666667 42.666667 0 0 1-42.666667-42.666667V149.333333a42.666667 42.666667 0 0 1 42.666667-42.666666zM725.333333 725.333333v106.666667h106.666667V725.333333H725.333333z m-42.666666-85.333333h192a42.666667 42.666667 0 0 1 42.666666 42.666667v192a42.666667 42.666667 0 0 1-42.666666 42.666666H682.666667a42.666667 42.666667 0 0 1-42.666667-42.666666V682.666667a42.666667 42.666667 0 0 1 42.666667-42.666667z m-213.333334 0h85.333334v85.333333h-85.333334v-85.333333z m0 149.333333h85.333334v128h-85.333334v-128z m170.666667-320h85.333333v85.333334h-85.333333v-85.333334z m149.333333 0h128v85.333334h-128v-85.333334z\" fill=\"#1D2129\">\u003C/path>\u003C/symbol>\u003Csymbol id=\"iconLock_Yellow\" viewBox=\"0 0 1024 1024\">\u003Cpath d=\"M746.666667 320a234.666667 234.666667 0 0 0-469.333334 0v85.333333H170.666667a42.666667 42.666667 0 0 0-42.666667 42.666667V896a42.666667 42.666667 0 0 0 42.666667 42.666667h682.666666a42.666667 42.666667 0 0 0 42.666667-42.666667V448a42.666667 42.666667 0 0 0-42.666667-42.666667h-106.666666v-85.333333zM213.333333 853.333333v-362.666666h597.333334V853.333333H213.333333z m320-298.666666a21.333333 21.333333 0 0 1 21.333334 21.333333V768a21.333333 21.333333 0 0 1-21.333334 21.333333h-42.666666a21.333333 21.333333 0 0 1-21.333334-21.333333v-192a21.333333 21.333333 0 0 1 21.333334-21.333333h42.666666z m-170.666666-234.666667a149.333333 149.333333 0 1 1 298.666666 0v85.333333h-298.666666v-85.333333z\" fill=\"#FFA510\">\u003C/path>\u003C/symbol>\u003Csymbol id=\"iconunlock\" viewBox=\"0 0 1024 1024\">\u003Cpath d=\"M512 85.333333a234.666667 234.666667 0 0 1 234.666667 234.666667c0 11.776-19.114667 21.333333-42.666667 21.333333s-42.666667-9.557333-42.666667-21.333333A149.418667 149.418667 0 0 0 512 170.666667a149.418667 149.418667 0 0 0-149.333333 149.333333v85.333333H853.333333a42.666667 42.666667 0 0 1 42.666667 42.666667V896a42.666667 42.666667 0 0 1-42.666667 42.666667H170.666667a42.666667 42.666667 0 0 1-42.666667-42.666667V448a42.666667 42.666667 0 0 1 42.666667-42.666667h106.666666v-85.333333A234.666667 234.666667 0 0 1 512 85.333333zM213.333333 853.333333h597.333334v-362.666666H213.333333V853.333333z m320-298.666666a21.333333 21.333333 0 0 1 21.333334 21.333333V768a21.333333 21.333333 0 0 1-21.333334 21.333333h-42.666666a21.333333 21.333333 0 0 1-21.333334-21.333333v-192a21.333333 21.333333 0 0 1 21.333334-21.333333h42.666666z\" fill=\"#1D2129\">\u003C/path>\u003C/symbol>\u003Csymbol id=\"iconfolder\" viewBox=\"0 0 1024 1024\">\u003Cpath d=\"M351.010133 0a136.533333 136.533333 0 0 1 84.650667 29.4144L495.633067 76.8H887.466667c75.409067 0 136.533333 61.124267 136.533333 136.533333v605.866667c0 113.109333-91.690667 204.8-204.8 204.8H640c-72.0384 0-135.3728-37.1968-171.886933-93.422933l-8.234667 11.0592A204.8 204.8 0 0 1 295.697067 1024H204.8c-113.109333 0-204.8-91.690667-204.8-204.8V136.533333C0 61.124267 61.124267 0 136.533333 0h214.4768z\" fill=\"#F8AA28\">\u003C/path>\u003Cpath d=\"M102.4 179.2m102.4 0l614.4 0q102.4 0 102.4 102.4l0 170.666667q0 102.4-102.4 102.4l-614.4 0q-102.4 0-102.4-102.4l0-170.666667q0-102.4 102.4-102.4Z\" fill=\"#FFEFD5\">\u003C/path>\u003Cpath d=\"M0 375.466667c0-56.5504 45.8496-102.4 102.4-102.4h819.2c56.5504 0 102.4 45.8496 102.4 102.4v512c0 75.409067-61.124267 136.533333-136.533333 136.533333H136.533333c-75.409067 0-136.533333-61.124267-136.533333-136.533333V375.466667z\" fill=\"#FBC931\">\u003C/path>\u003C/symbol>\u003Csymbol id=\"iconzoom_in\" viewBox=\"0 0 1024 1024\">\u003Cpath d=\"M475.648 85.333333a390.272 390.272 0 0 1 390.272 390.314667 388.693333 388.693333 0 0 1-88.106667 246.954667l155.136 155.178666a19.541333 19.541333 0 0 1 0 27.562667l-27.605333 27.605333a19.541333 19.541333 0 0 1-27.562667 0l-155.178666-155.136a388.693333 388.693333 0 0 1-246.954667 88.106667A390.272 390.272 0 0 1 85.333333 475.605333 390.272 390.272 0 0 1 475.648 85.333333z m0 78.08a312.234667 312.234667 0 1 0 0 624.426667 312.234667 312.234667 0 1 0 0-624.469333z m19.498667 156.117334a19.498667 19.498667 0 0 1 19.498666 19.498666v97.578667h97.578667a19.498667 19.498667 0 0 1 19.498667 19.498667v39.04a19.498667 19.498667 0 0 1-19.498667 19.498666h-97.578667v97.578667a19.498667 19.498667 0 0 1-19.498666 19.498667h-39.04a19.498667 19.498667 0 0 1-19.498667-19.498667v-97.578667H338.986667a19.498667 19.498667 0 0 1-19.498667-19.498666v-39.04a19.498667 19.498667 0 0 1 19.498667-19.498667h97.578666V339.029333a19.498667 19.498667 0 0 1 19.498667-19.498666h39.04z\" fill=\"#1D2129\">\u003C/path>\u003C/symbol>\u003Csymbol id=\"iconzoom_out\" viewBox=\"0 0 1024 1024\">\u003Cpath d=\"M475.648 85.333333a390.272 390.272 0 0 1 390.272 390.314667 388.693333 388.693333 0 0 1-88.106667 246.954667l155.136 155.178666a19.541333 19.541333 0 0 1 0 27.562667l-27.605333 27.605333a19.541333 19.541333 0 0 1-27.562667 0l-155.178666-155.136a388.693333 388.693333 0 0 1-246.954667 88.106667A390.272 390.272 0 0 1 85.333333 475.605333 390.272 390.272 0 0 1 475.648 85.333333z m0 78.08a312.234667 312.234667 0 1 0 0 624.426667 312.234667 312.234667 0 1 0 0-624.469333z m136.576 273.194667a19.498667 19.498667 0 0 1 19.498667 19.498667v39.04a19.498667 19.498667 0 0 1-19.498667 19.498666H339.029333a19.498667 19.498667 0 0 1-19.498666-19.498666v-39.04a19.498667 19.498667 0 0 1 19.498666-19.498667h273.194667z\" fill=\"#1D2129\">\u003C/path>\u003C/symbol>\u003Csymbol id=\"iconMy_shares\" viewBox=\"0 0 1024 1024\">\u003Cpath d=\"M124.586667 58.026667h159.573333c12.8 0 24.746667 4.266667 34.986667 12.8l54.613333 46.08c9.386667 8.533333 22.186667 12.8 34.986667 12.8h482.133333c41.813333 0 75.093333 34.133333 75.093333 75.093333v532.48c0 41.813333-34.133333 75.093333-75.093333 75.093333H124.586667c-41.813333 0-75.093333-34.133333-75.093334-75.093333V133.12c-0.853333-41.813333 33.28-75.093333 75.093334-75.093333z\" fill=\"#FFB02C\">\u003C/path>\u003Cpath d=\"M48.64 219.306667h841.386667c41.813333 0 75.093333 34.133333 75.093333 75.093333v547.84c0 13.653333-11.093333 23.893333-23.893333 23.893333H73.386667c-13.653333 0-23.893333-11.093333-23.893334-23.893333v-622.933333h-0.853333z\" fill=\"#FFCA28\">\u003C/path>\u003Cpath d=\"M48.64 219.306667h841.386667c41.813333 0 75.093333 34.133333 75.093333 75.093333v547.84c0 13.653333-11.093333 23.893333-23.893333 23.893333H73.386667c-13.653333 0-23.893333-11.093333-23.893334-23.893333v-622.933333h-0.853333z\" fill=\"#FFCA28\">\u003C/path>\u003Cpath d=\"M48.64 219.306667h841.386667c41.813333 0 75.093333 34.133333 75.093333 75.093333v547.84c0 13.653333-11.093333 23.893333-23.893333 23.893333H73.386667c-13.653333 0-23.893333-11.093333-23.893334-23.893333v-622.933333h-0.853333z\" fill=\"#FFCA28\">\u003C/path>\u003Cpath d=\"M1000.106667 744.96c-16.213333-29.013333-41.813333-18.773333-123.733334 3.413333-36.693333 10.24-69.973333 24.746667-155.306666 46.933334-31.573333 8.533333-64.853333 11.946667-107.52 0-43.52-11.946667-65.706667-20.48-88.746667-29.866667-23.893333-9.386667-57.173333-20.48-75.946667-33.28s-5.12-34.133333 11.093334-32.426667c29.866667 3.413333 66.56 22.186667 99.84 34.133334s58.88 23.04 98.986666 23.04c21.333333 0 39.253333-20.48 43.52-37.546667s-4.266667-40.106667-20.48-51.2c-11.093333-7.68-22.186667-14.506667-34.133333-20.48-33.28-17.92-65.706667-35.84-98.986667-52.906667-58.88-30.72-117.76-59.733333-180.053333-85.333333-62.293333-25.6-117.76-29.013333-175.786667 2.56-37.546667 20.48-75.093333 40.106667-112.64 59.733333-3.413333 1.706667-17.066667 9.386667-31.573333 17.92v285.013334h116.053333c46.933333 0 92.16 5.12 138.24 14.506666 68.266667 13.653333 187.733333 55.466667 289.28 78.506667 45.226667 10.24 103.253333 9.386667 146.773334-6.826667 84.48-32.426667 101.546667-45.226667 168.96-93.866666 69.973333-51.2 108.373333-93.866667 92.16-122.026667z\" fill=\"#0092FF\">\u003C/path>\u003C/symbol>\u003Csymbol id=\"iconarrow\" viewBox=\"0 0 1024 1024\">\u003Cpath d=\"M433.237333 430.72H285.525333c-1.408 0-2.773333-0.256-4.522666-0.469333a29.738667 29.738667 0 0 1-6.4-1.877334l-1.450667-0.725333c-0.938667-0.426667-1.877333-0.853333-2.816-1.408a32.128 32.128 0 0 1-13.781333-22.186667 34.986667 34.986667 0 0 1-0.426667-4.821333c0-0.426667-0.128-0.768-0.128-1.152 0-0.682667 0.128-1.322667 0.170667-2.005333 0.085333-0.725333 0.085333-1.408 0.213333-2.133334a34.389333 34.389333 0 0 1 5.546667-15.36l221.738666-273.152c5.845333-11.306667 17.365333-21.973333 28.330667-19.797333 10.965333-2.176 22.442667 8.490667 28.373333 19.797333l221.696 273.152a34.133333 34.133333 0 0 1 5.546667 15.36c0.128 0.725333 0.128 1.408 0.213333 2.133334 0 0.682667 0.170667 1.28 0.170667 2.005333l-0.085333 1.152a39.893333 39.893333 0 0 1-0.597334 5.674667 31.701333 31.701333 0 0 1-13.653333 21.333333c-0.938667 0.597333-1.877333 0.938667-2.858667 1.408l-1.408 0.725333c-0.938667 0.384-1.877333 0.682667-2.816 0.938667a26.069333 26.069333 0 0 1-3.968 0.938667c-1.365333 0.213333-2.730667 0.469333-4.138666 0.469333h-147.712v487.637333a20.650667 20.650667 0 0 1-5.76 14.336 19.413333 19.413333 0 0 1-13.909334 5.973334h-118.186666a19.413333 19.413333 0 0 1-13.909334-5.973334 20.650667 20.650667 0 0 1-5.76-14.336V430.72z\" fill=\"#1D2129\">\u003C/path>\u003C/symbol>\u003Csymbol id=\"iconarrowup\" viewBox=\"0 0 1024 1024\">\u003Cpath d=\"M512 1015.466667C239.786667 1015.466667 18.773333 794.453333 18.773333 522.24S239.786667 29.013333 512 29.013333s493.226667 221.013333 493.226667 493.226667S784.213333 1015.466667 512 1015.466667z m0-909.653334c-229.546667 0-416.426667 186.88-416.426667 416.426667S282.453333 938.666667 512 938.666667s416.426667-186.88 416.426667-416.426667S741.546667 105.813333 512 105.813333z\" fill=\"#333333\">\u003C/path>\u003Cpath d=\"M514.56 752.64c-21.333333 0-38.4-17.066667-38.4-38.4V378.026667c0-21.333333 17.066667-38.4 38.4-38.4s38.4 17.066667 38.4 38.4v336.213333c0 21.333333-17.066667 38.4-38.4 38.4z\" fill=\"#333333\">\u003C/path>\u003Cpath d=\"M356.693333 527.36c-10.24 0-21.333333-4.266667-28.16-12.8-14.506667-15.36-12.8-40.106667 2.56-54.613333l187.733334-168.96 178.346666 163.84c15.36 14.506667 17.066667 38.4 2.56 54.613333-14.506667 15.36-38.4 17.066667-54.613333 2.56L518.826667 395.093333l-136.533334 122.88c-6.826667 5.973333-16.213333 9.386667-25.6 9.386667z\" fill=\"#333333\">\u003C/path>\u003C/symbol>\u003Csymbol id=\"icontos_task_bg_off1\" viewBox=\"0 0 1024 1024\">\u003Cpath d=\"M692.053333 983.04H167.253333c-64.853333 0-116.906667-52.053333-116.906666-116.906667V341.333333c0-64.853333 52.053333-116.906667 116.906666-116.906666H691.2c64.853333 0 117.76 52.906667 117.76 117.76v523.946666c0 64.853333-52.053333 116.906667-116.906667 116.906667zM167.253333 301.226667c-22.186667 0-40.106667 17.92-40.106666 40.106666v524.8c0 22.186667 17.92 40.106667 40.106666 40.106667h524.8c22.186667 0 40.106667-17.92 40.106667-40.106667V342.186667c0-22.186667-18.773333-40.96-40.96-40.96H167.253333z\" fill=\"#333333\">\u003C/path>\u003Cpath d=\"M505.173333 338.773333h76.8v209.066667h-76.8z\" fill=\"#333333\">\u003C/path>\u003Cpath d=\"M417.28 542.72l126.293333 126.293333 126.293334-126.293333zM274.773333 663.04h76.8v209.066667h-76.8z\" fill=\"#333333\">\u003C/path>\u003Cpath d=\"M186.88 668.16l126.293333-126.293333 126.293334 126.293333zM860.16 47.786667H336.213333c-64.853333 0-116.906667 52.053333-116.906666 116.906666 0 20.48 16.213333 36.693333 36.693333 36.693334h4.266667c20.48 0 36.693333-16.213333 36.693333-36.693334 0-22.186667 17.92-40.106667 40.106667-40.106666h523.946666c23.04 0 40.96 17.92 40.96 40.96v523.946666c0 22.186667-17.92 40.106667-40.106666 40.106667h-3.413334c-21.333333 0-38.4 17.066667-38.4 38.4s17.066667 38.4 38.4 38.4h3.413334c64.853333 0 116.906667-52.053333 116.906666-116.906667V165.546667c-0.853333-64.853333-52.906667-117.76-118.613333-117.76z\" fill=\"#333333\">\u003C/path>\u003C/symbol>\u003Csymbol id=\"icontos_task_bg1\" viewBox=\"0 0 1024 1024\">\u003Cpath d=\"M680.96 979.626667H156.16c-64.853333 0-116.906667-52.053333-116.906667-116.906667V337.92c0-64.853333 52.053333-116.906667 116.906667-116.906667h523.946667c64.853333 0 117.76 52.906667 117.76 117.76v523.946667c0 64.853333-52.053333 116.906667-116.906667 116.906667zM156.16 297.813333c-22.186667 0-40.106667 17.92-40.106667 40.106667v524.8c0 22.186667 17.92 40.106667 40.106667 40.106667h524.8c22.186667 0 40.106667-17.92 40.106667-40.106667V338.773333c0-22.186667-18.773333-40.96-40.96-40.96H156.16z\" fill=\"#333333\">\u003C/path>\u003Cpath d=\"M253.44 335.36h76.8v209.066667h-76.8z\" fill=\"#333333\">\u003C/path>\u003Cpath d=\"M165.546667 539.306667L292.693333 665.6l126.293334-126.293333zM502.613333 659.626667h76.8v209.066666h-76.8z\" fill=\"#333333\">\u003C/path>\u003Cpath d=\"M414.72 664.746667l126.293333-126.293334 126.293334 126.293334zM849.066667 44.373333H325.12c-64.853333 0-116.906667 52.053333-116.906667 116.906667 0 20.48 16.213333 36.693333 36.693334 36.693333h4.266666c20.48 0 36.693333-16.213333 36.693334-36.693333 0-22.186667 17.92-40.106667 40.106666-40.106667h523.946667c23.04 0 40.96 17.92 40.96 40.96v523.946667c0 22.186667-17.92 40.106667-40.106667 40.106667h-3.413333c-21.333333 0-38.4 17.066667-38.4 38.4s17.066667 38.4 38.4 38.4h3.413333c64.853333 0 116.906667-52.053333 116.906667-116.906667V162.133333c-0.853333-64.853333-53.76-117.76-118.613333-117.76z\" fill=\"#333333\">\u003C/path>\u003C/symbol>\u003Csymbol id=\"iconThunmbnail\" viewBox=\"0 0 1024 1024\">\u003Cpath d=\"M372.906667 500.906667H170.666667c-69.12 0-124.586667-55.466667-124.586667-124.586667V187.733333C46.933333 119.466667 103.253333 64 170.666667 64h201.386666c69.12 0 124.586667 55.466667 124.586667 124.586667v189.44c0 67.413333-55.466667 122.88-123.733333 122.88zM170.666667 140.8c-25.6 0-46.933333 21.333333-47.786667 47.786667v187.733333c0 26.453333 21.333333 47.786667 47.786667 47.786667h202.24c25.6 0 46.933333-21.333333 46.933333-46.08V188.586667c0-26.453333-21.333333-47.786667-47.786667-47.786667H170.666667zM853.333333 500.906667H651.093333c-68.266667 0-124.586667-55.466667-124.586666-124.586667V187.733333c0-69.12 55.466667-124.586667 124.586666-124.586666H853.333333c68.266667 0 124.586667 55.466667 124.586667 124.586666v189.44c-0.853333 68.266667-57.173333 123.733333-124.586667 123.733334zM651.093333 139.946667c-26.453333 0-47.786667 21.333333-47.786666 47.786666v188.586667c0 26.453333 21.333333 47.786667 47.786666 47.786667H853.333333c25.6 0 46.933333-21.333333 47.786667-47.786667V187.733333c0-26.453333-21.333333-47.786667-47.786667-47.786666H651.093333zM372.906667 971.946667H170.666667c-69.12 0-124.586667-55.466667-124.586667-124.586667V657.92c0-68.266667 55.466667-124.586667 124.586667-124.586667h201.386666c69.12 0 124.586667 55.466667 124.586667 124.586667v189.44c0 68.266667-55.466667 124.586667-123.733333 124.586667zM170.666667 610.133333c-26.453333 0-47.786667 21.333333-47.786667 47.786667v189.44c0 26.453333 21.333333 47.786667 47.786667 47.786667h202.24c25.6 0 46.933333-22.186667 46.933333-47.786667V657.92c0-26.453333-21.333333-47.786667-47.786667-47.786667H170.666667zM853.333333 971.946667H651.093333c-68.266667 0-124.586667-55.466667-124.586666-124.586667V657.92c0-68.266667 55.466667-124.586667 124.586666-124.586667H853.333333c68.266667 0 124.586667 55.466667 124.586667 124.586667v189.44c-0.853333 69.12-57.173333 124.586667-124.586667 124.586667zM651.093333 610.133333c-26.453333 0-47.786667 21.333333-47.786666 47.786667v189.44c0 26.453333 21.333333 47.786667 47.786666 47.786667H853.333333c25.6 0 46.933333-22.186667 47.786667-48.64V657.92c0-26.453333-21.333333-47.786667-47.786667-47.786667H651.093333z\" fill=\"#333333\">\u003C/path>\u003C/symbol>\u003Csymbol id=\"iconSorting\" viewBox=\"0 0 1024 1024\">\u003Cpath d=\"M707.413333 498.346667l-410.453333-5.12c-19.626667 0-39.253333-11.093333-48.64-29.013334-9.386667-17.92-8.533333-39.253333 1.706667-56.32l200.533333-332.8c10.24-17.066667 28.16-27.306667 47.786667-27.306666s37.546667 10.24 47.786666 26.453333l209.92 338.773333c10.24 17.066667 10.24 39.253333 0 56.32-10.24 18.773333-28.16 29.013333-48.64 29.013334z m-372.053333-81.066667l335.36 4.266667-171.52-277.333334-163.84 273.066667z m-37.546667-0.853333z m183.466667-301.226667zM499.2 987.306667c-0.853333 0-0.853333 0 0 0-19.626667 0-37.546667-10.24-47.786667-26.453334l-200.533333-332.8c-11.093333-17.066667-11.093333-38.4-1.706667-56.32 9.386667-17.92 28.16-29.013333 48.64-29.013333l408.746667-5.973333c20.48 0 38.4 10.24 48.64 28.16 10.24 17.92 10.24 39.253333 0 56.32v1.706666L546.133333 960.853333c-10.24 16.213333-28.16 26.453333-46.933333 26.453334z m-17.92-67.413334zM335.36 618.666667l163.84 272.213333L670.72 614.4l-335.36 4.266667z m-36.693333 0.853333z\" fill=\"#333333\">\u003C/path>\u003C/symbol>\u003Csymbol id=\"iconSearch_settings1\" viewBox=\"0 0 1024 1024\">\u003Cpath d=\"M261.3248 204.8c138.752 0 251.136 105.984 251.136 236.8 0 49.4592-16.0768 95.3856-43.52 133.3248l100.1472 94.464a13.312 13.312 0 0 1 0 19.712l-25.088 23.6544a15.5136 15.5136 0 0 1-20.8384 0l-97.536-92.0064a259.1744 259.1744 0 0 1-164.3008 57.7024C122.6752 678.4 10.24 572.416 10.24 441.6 10.24 310.8352 122.6752 204.8 261.3248 204.8z m0 58.5216c-104.448 0-189.0816 79.7696-189.0816 178.2784 0 98.5088 84.6336 178.3296 189.0816 178.3296s189.0816-79.872 189.0816-178.3296c0-98.5088-84.5824-178.2784-189.0816-178.2784z\" fill=\"#1D2129\">\u003C/path>\u003Cpath d=\"M988.7232 477.696q0.512-0.512 0.9216-1.1264l0.6656-1.28q0.3072-0.6656 0.512-1.3824 0.2048-0.6656 0.3072-1.4336l0.1024-1.4336-0.1024-1.4336q-0.1024-0.768-0.3072-1.4336-0.2048-0.7168-0.512-1.3824l-0.6656-1.28q-0.4096-0.6144-0.9216-1.1776l-1.024-1.024q-0.512-0.512-1.1776-0.8704-0.6144-0.4096-1.28-0.7168l-1.3312-0.512-1.4336-0.3072Q981.76 460.8 980.992 460.8h-221.184q-0.768 0-1.4848 0.1024l-1.4336 0.3072-1.3312 0.512q-0.6656 0.3072-1.28 0.7168-0.6144 0.3584-1.1776 0.8704l-1.024 1.024q-0.512 0.512-0.9216 1.1776l-0.6656 1.28q-0.3072 0.6656-0.512 1.3824-0.2048 0.6656-0.3072 1.4336l-0.1024 1.4336 0.1024 1.4336q0.1024 0.768 0.3072 1.4336 0.2048 0.7168 0.512 1.3824l0.6656 1.28q0.4096 0.6144 0.9216 1.1776l110.592 127.6928q0.7168 0.8704 1.5872 1.536 0.8704 0.6144 1.8944 1.0752 1.024 0.512 2.048 0.7168 1.0752 0.2048 2.2016 0.2048 1.1264 0 2.2016-0.2048 1.024-0.256 2.048-0.7168 1.024-0.4608 1.8944-1.0752 0.8704-0.6656 1.5872-1.536l110.592-127.6928z\" fill=\"#1D2129\">\u003C/path>\u003C/symbol>\u003Csymbol id=\"iconEdit\" viewBox=\"0 0 1024 1024\">\u003Cpath d=\"M175.957333 938.624c-6.314667 0-12.544-1.194667-18.346666-3.498667a48.213333 48.213333 0 0 1-15.573334-9.898666 45.610667 45.610667 0 0 1-10.368-14.805334 43.776 43.776 0 0 1-3.669333-17.493333V130.986667c0-12.117333 5.034667-23.722667 14.08-32.298667 8.96-8.533333 21.162667-13.354667 33.877333-13.354667h488.704c12.757333 0 24.96 4.821333 33.962667 13.397334 9.002667 8.533333 14.08 20.181333 14.08 32.298666 0 12.16-5.077333 23.765333-14.08 32.341334a49.237333 49.237333 0 0 1-33.92 13.397333H223.914667v670.506667h576v-335.232c0-12.117333 5.12-23.765333 14.08-32.341334 9.002667-8.533333 21.205333-13.397333 33.962666-13.397333 12.714667 0 24.917333 4.821333 33.962667 13.397333 8.96 8.576 14.037333 20.181333 14.037333 32.341334v380.970666c0 5.973333-1.28 11.946667-3.669333 17.493334-2.389333 5.546667-5.973333 10.581333-10.410667 14.805333a48.213333 48.213333 0 0 1-15.573333 9.898667 50.090667 50.090667 0 0 1-18.346667 3.456l-672.042666-0.042667z m332.8-364.842667a44.8 44.8 0 0 1-14.250666-32.341333 44.714667 44.714667 0 0 1 13.866666-32.426667l305.621334-293.034666c9.088-8.106667 21.12-12.544 33.536-12.373334 12.458667 0.170667 24.32 4.949333 33.152 13.312 8.832 8.32 13.909333 19.626667 14.165333 31.488 0.256 11.818667-4.352 23.296-12.8 32l-305.450667 292.992c-8.96 8.618667-21.12 13.482667-33.792 13.568a49.450667 49.450667 0 0 1-34.048-13.141333v-0.042667z\" fill=\"#1D2129\">\u003C/path>\u003C/symbol>\u003Csymbol id=\"iconcopy\" viewBox=\"0 0 1024 1024\">\u003Cpath d=\"M657.0496 266.24c11.3152 0 22.1696 4.3008 30.208 11.9808 7.9872 7.68 12.4928 18.1248 12.4928 28.9792v577.9968c0 20.1216-17.8688 36.4032-39.8336 36.4032H142.2336c-22.016 0-39.8336-16.2816-39.8336-36.4032V302.592c0-20.1216 17.8176-36.4032 39.8336-36.4032h514.816zM614.4 348.16H187.7504v491.52H614.4V348.16zM827.7504 102.4c11.264 0 22.1696 4.3008 30.1568 11.9808 7.9872 7.68 12.4928 18.1248 12.4928 28.9792v512a20.0704 20.0704 0 0 1-6.2464 14.4896 21.8112 21.8112 0 0 1-15.104 5.9904h-42.6496a21.76 21.76 0 0 1-15.104-5.9904 20.0704 20.0704 0 0 1-6.2464-14.4896V184.32H379.7504a21.8112 21.8112 0 0 1-15.104-5.9904A20.0704 20.0704 0 0 1 358.4 163.84v-40.96c0-5.4272 2.2528-10.6496 6.2464-14.4896A21.8112 21.8112 0 0 1 379.7504 102.4h448z\" fill=\"#6B7785\">\u003C/path>\u003C/symbol>\u003Csymbol id=\"iconReject\" viewBox=\"0 0 1024 1024\">\u003Cpath d=\"M512 453.717333l276.992-276.992a20.608 20.608 0 0 1 29.141333 0l29.141334 29.141334a20.565333 20.565333 0 0 1 0 29.184l-276.949334 276.992 276.949334 276.906666a20.608 20.608 0 0 1 0 29.184l-29.141334 29.141334a20.608 20.608 0 0 1-29.141333 0L512 570.325333l-276.992 276.949334a20.608 20.608 0 0 1-29.141333 0l-29.184-29.141334a20.608 20.608 0 0 1 0-29.141333L453.674667 512 176.725333 235.093333a20.608 20.608 0 0 1 0-29.184l29.141334-29.141333a20.608 20.608 0 0 1 29.184 0L512 453.674667z\" fill=\"#1D2129\">\u003C/path>\u003C/symbol>\u003Csymbol id=\"iconmistake\" viewBox=\"0 0 1024 1024\">\u003Cpath d=\"M512 446.421333l311.594667-311.594666a23.210667 23.210667 0 0 1 32.810666 0l32.768 32.810666a23.253333 23.253333 0 0 1 0 32.810667L577.621333 512l311.594667 311.552a23.210667 23.210667 0 0 1 0 32.768l-32.810667 32.810667a23.210667 23.210667 0 0 1-32.768 0L512 577.621333 200.405333 889.173333a23.253333 23.253333 0 0 1-32.853333 0l-32.768-32.810666a23.210667 23.210667 0 0 1 0-32.810667L446.378667 512 134.826667 200.448a23.168 23.168 0 0 1 0-32.810667l32.768-32.810666a23.210667 23.210667 0 0 1 32.853333 0L512 446.378667z\" fill=\"#3491FA\">\u003C/path>\u003C/symbol>\u003Csymbol id=\"iconfullscreen\" viewBox=\"0 0 1024 1024\">\u003Cpath d=\"M147.822933 202.9824l54.510934-54.101333 664.200533 669.294933-54.510933 54.101333z\" fill=\"#333333\">\u003C/path>\u003Cpath d=\"M61.44 71.68l23.04 280.746667L342.186667 93.866667zM963.413333 968.533333L682.666667 946.346667l257.706666-258.56zM144.9728 837.742933l669.1584-663.125333 54.058667 54.545067-669.1584 663.125333z\" fill=\"#333333\">\u003C/path>\u003Cpath d=\"M64.853333 965.12l281.6-11.946667-248.32-267.946666zM970.24 71.68L947.2 352.426667 689.493333 94.72z\" fill=\"#333333\">\u003C/path>\u003C/symbol>\u003Csymbol id=\"iconarrow_down1\" viewBox=\"0 0 1024 1024\">\u003Cpath d=\"M40.106667 213.333333l474.453333 471.893334 469.333333-471.893334z\" fill=\"#1EB300\">\u003C/path>\u003C/symbol>\u003Csymbol id=\"iconarrow_up1\" viewBox=\"0 0 1024 1024\">\u003Cpath d=\"M40.106667 685.226667L514.56 213.333333l469.333333 471.893334z\" fill=\"#0086E6\">\u003C/path>\u003C/symbol>\u003Csymbol id=\"iconBackup\" viewBox=\"0 0 1024 1024\">\u003Cpath d=\"M193.834667 272.64c5.802667 0 11.392 2.218667 15.530666 6.101333 4.096 3.925333 6.4 9.216 6.4 14.72v561.92h592.213334c5.845333 0 11.434667 2.218667 15.530666 6.144 4.138667 3.882667 6.442667 9.173333 6.442667 14.72v41.6c0 5.546667-2.304 10.837333-6.4 14.72a22.570667 22.570667 0 0 1-15.530667 6.101334H171.861333c-11.605333 0-22.784-4.394667-31.018666-12.202667a40.576 40.576 0 0 1-12.842667-29.44V293.461333c0-5.546667 2.304-10.794667 6.4-14.72a22.570667 22.570667 0 0 1 15.530667-6.101333h43.904zM714.794667 85.333333c5.845333 0 11.690667 1.109333 17.066666 3.285334 5.461333 2.176 10.368 5.376 14.421334 9.386666l137.344 134.4a40.533333 40.533333 0 0 1 12.373333 29.013334v492.245333c0 5.12-0.981333 10.24-3.029333 14.933333a38.954667 38.954667 0 0 1-8.874667 12.8 41.472 41.472 0 0 1-13.312 8.533334 43.136 43.136 0 0 1-15.786667 3.029333H322.56a43.093333 43.093333 0 0 1-15.744-3.029333 41.429333 41.429333 0 0 1-13.312-8.533334 38.997333 38.997333 0 0 1-8.874667-12.8 37.333333 37.333333 0 0 1-3.029333-14.933333V124.672c0-21.76 18.346667-39.338667 40.96-39.338667h392.234667z m-18.688 83.242667H369.365333v541.141333h438.869334V279.381333l-112.128-110.805333z m-85.333334 333.013333c5.802667 0 11.392 2.176 15.488 6.101334 4.096 3.925333 6.4 9.216 6.4 14.72v41.642666c0 5.504-2.304 10.794667-6.4 14.677334a22.570667 22.570667 0 0 1-15.530666 6.101333H479.146667a22.570667 22.570667 0 0 1-15.530667-6.101333 20.266667 20.266667 0 0 1-6.4-14.72v-41.6c0-5.546667 2.261333-10.794667 6.4-14.72a22.570667 22.570667 0 0 1 15.530667-6.101334h131.626666z m87.722667-166.485333c5.845333 0 11.434667 2.176 15.530667 6.101333 4.096 3.882667 6.4 9.173333 6.4 14.677334v41.642666c0 5.546667-2.304 10.837333-6.4 14.72a22.570667 22.570667 0 0 1-15.530667 6.101334H479.146667a22.570667 22.570667 0 0 1-15.530667-6.101334 20.309333 20.309333 0 0 1-6.4-14.72v-41.642666c0-5.504 2.261333-10.794667 6.4-14.677334a22.570667 22.570667 0 0 1 15.530667-6.101333h219.392z\" fill=\"#1D2129\">\u003C/path>\u003C/symbol>\u003Csymbol id=\"iconbeep\" viewBox=\"0 0 1024 1024\">\u003Cpath d=\"M889.856 752l-83.754667-109.525333v-161.28c0-208.64-115.626667-297.557333-237.354666-314.581334v-19.626666c0-16.384-5.973333-32.042667-16.64-43.605334A54.613333 54.613333 0 0 0 512 85.333333a54.613333 54.613333 0 0 0-40.106667 18.048c-10.666667 11.562667-16.64 27.221333-16.64 43.562667v19.669333c-121.728 17.066667-237.354667 105.898667-237.354666 314.496v161.365334l-83.754667 109.525333a30.805333 30.805333 0 0 0-3.669333 30.592c2.176 4.949333 5.546667 9.130667 9.813333 12.032 4.266667 2.901333 9.216 4.437333 14.250667 4.394667h714.965333a24.874667 24.874667 0 0 0 14.208-4.437334c4.266667-2.901333 7.68-7.082667 9.813333-12.032a30.848 30.848 0 0 0-3.669333-30.549333zM512 938.666667c21.461333 0 42.026667-9.258667 57.173333-25.770667 15.189333-16.469333 23.722667-38.826667 23.722667-62.08h-161.834667c0 23.296 8.533333 45.653333 23.722667 62.08 15.146667 16.512 35.754667 25.770667 57.173333 25.770667z\" fill=\"#1D2129\">\u003C/path>\u003C/symbol>\u003Csymbol id=\"iconbrowse\" viewBox=\"0 0 1024 1024\">\u003Cpath d=\"M878.08 960H145.92c-63.146667 0-114.346667-51.2-114.346667-114.346667V197.973333c0-63.146667 51.2-114.346667 114.346667-114.346666h217.6c30.72 0 58.88 11.946667 81.066667 33.28l98.133333 98.133333c6.826667 6.826667 16.213333 11.093333 26.453333 11.093333H878.933333c63.146667 0 114.346667 51.2 114.346667 114.346667v505.173333c-0.853333 63.146667-52.053333 114.346667-115.2 114.346667zM145.92 160.426667c-20.48 0-37.546667 17.066667-37.546667 37.546666v647.68c0 20.48 17.066667 37.546667 37.546667 37.546667h732.16c20.48 0 37.546667-17.066667 37.546667-37.546667V339.626667c0-20.48-17.066667-37.546667-37.546667-37.546667H569.173333c-30.72 0-58.88-11.946667-81.066666-33.28L389.973333 171.52c-6.826667-6.826667-16.213333-11.093333-26.453333-11.093333H145.92z\" fill=\"#333333\">\u003C/path>\u003Cpath d=\"M465.066667 715.946667C368.64 715.946667 290.133333 637.44 290.133333 541.013333s78.506667-174.933333 174.933334-174.933333S640 445.44 640 541.866667s-78.506667 174.08-174.933333 174.08z m0-272.213334C411.306667 443.733333 366.933333 487.253333 366.933333 541.866667S410.453333 640 465.066667 640 563.2 595.626667 563.2 541.866667 519.68 443.733333 465.066667 443.733333z\" fill=\"#333333\">\u003C/path>\u003Cpath d=\"M708.266667 821.76c-9.386667 0-19.626667-3.413333-26.453334-11.093333L533.333333 666.453333c-15.36-14.506667-15.36-39.253333-0.853333-54.613333 14.506667-15.36 39.253333-15.36 54.613333-0.853333l148.48 144.213333c15.36 14.506667 15.36 39.253333 0.853334 54.613333-7.68 7.68-17.92 11.946667-28.16 11.946667z\" fill=\"#333333\">\u003C/path>\u003C/symbol>\u003Csymbol id=\"iconcancel_all\" viewBox=\"0 0 1024 1024\">\u003Cpath d=\"M48.64 119.466667h914.773333v76.8H48.64zM48.64 351.573333h914.773333v76.8H48.64zM48.64 583.68h482.133333v76.8H48.64zM48.64 815.786667h482.133333v76.8H48.64zM653.653333 892.586667c-9.386667 0-19.626667-3.413333-26.453333-11.093334-15.36-14.506667-15.36-39.253333-0.853333-54.613333l260.266666-269.653333c14.506667-15.36 39.253333-15.36 54.613334-0.853334 15.36 14.506667 15.36 39.253333 0.853333 54.613334l-260.266667 269.653333c-8.533333 7.68-18.773333 11.946667-28.16 11.946667z\" fill=\"#333333\">\u003C/path>\u003Cpath d=\"M913.92 892.586667c-10.24 0-20.48-4.266667-27.306667-11.946667L625.493333 610.986667c-14.506667-15.36-14.506667-39.253333 0.853334-54.613334 15.36-14.506667 39.253333-14.506667 54.613333 0.853334L941.226667 827.733333c14.506667 15.36 14.506667 39.253333-0.853334 54.613334-7.68 6.826667-17.066667 10.24-26.453333 10.24z\" fill=\"#333333\">\u003C/path>\u003C/symbol>\u003Csymbol id=\"iconClose1\" viewBox=\"0 0 1024 1024\">\u003Cpath d=\"M512 938.666667c235.648 0 426.666667-191.018667 426.666667-426.666667S747.648 85.333333 512 85.333333 85.333333 276.352 85.333333 512s191.018667 426.666667 426.666667 426.666667z m0-77.568a349.098667 349.098667 0 1 1 0-698.197334 349.098667 349.098667 0 0 1 0 698.197334z m96-499.925334a19.370667 19.370667 0 0 1 27.434667 0l27.434666 27.392a19.413333 19.413333 0 0 1 0 27.434667L566.869333 512l96 96a19.370667 19.370667 0 0 1 0 27.434667l-27.434666 27.434666a19.370667 19.370667 0 0 1-27.434667 0L512 566.869333l-96 96a19.413333 19.413333 0 0 1-27.434667 0l-27.392-27.434666a19.370667 19.370667 0 0 1 0-27.434667l96-96-96-96a19.413333 19.413333 0 0 1 0-27.434667l27.392-27.392a19.413333 19.413333 0 0 1 27.434667 0l96 96 96-96z\" fill=\"#1D2129\">\u003C/path>\u003C/symbol>\u003Csymbol id=\"iconCloseeyes\" viewBox=\"0 0 1024 1024\">\u003Cpath d=\"M512.597333 627.626667c-28.885333 0-57.088-2.432-84.48-7.125334l-21.888 87.381334a23.381333 23.381333 0 0 1-10.24 14.293333 20.693333 20.693333 0 0 1-16.64 2.346667l-42.368-12.16a21.504 21.504 0 0 1-7.68-4.053334 24.661333 24.661333 0 0 1-7.850666-24.746666l21.418666-85.546667a473.856 473.856 0 0 1-99.968-50.346667L173.226667 622.464a20.693333 20.693333 0 0 1-31.061334 0l-31.061333-33.28a24.405333 24.405333 0 0 1-6.4-16.597333c0-6.229333 2.304-12.202667 6.4-16.64l61.44-65.792a423.125333 423.125333 0 0 1-78.165333-107.605334l-3.114667-6.314666-3.712-8.021334a25.002667 25.002667 0 0 1 4.224-26.794666l6.4-6.826667 3.370667-3.328 15.786666-15.36 6.272-6.314667 4.266667-4.522666a19.626667 19.626667 0 0 1 7.509333-5.12 18.474667 18.474667 0 0 1 17.194667 2.133333c2.56 1.706667 4.693333 4.053333 6.229333 6.826667l1.152 2.304c54.613333 131.285333 185.557333 222.421333 352.682667 222.421333 160.128 0 294.101333-88.704 347.818667-210.432 1.493333-3.285333 3.072-7.253333 4.778666-11.946667a20.053333 20.053333 0 0 1 4.906667-7.424 17.493333 17.493333 0 0 1 23.722667-1.024l1.877333 1.749334 36.565333 39.125333a25.002667 25.002667 0 0 1 4.138667 27.093333l-4.693333 9.813334c-2.176 4.48-4.138667 8.32-5.802667 11.434666a425.728 425.728 0 0 1-79.146667 103.936l56.021334 60.032c4.138667 4.394667 6.4 10.368 6.4 16.597334a24.362667 24.362667 0 0 1-6.4 16.64l-31.018667 33.237333a21.248 21.248 0 0 1-15.530667 6.826667 21.248 21.248 0 0 1-15.530666-6.826667l-65.493334-70.144c-29.397333 18.688-60.501333 34.005333-92.885333 45.738667l21.376 85.546666a25.130667 25.130667 0 0 1-2.176 17.834667 23.125333 23.125333 0 0 1-5.632 6.912 21.504 21.504 0 0 1-7.68 4.053333l-42.410667 12.16a20.693333 20.693333 0 0 1-16.64-2.346666 23.381333 23.381333 0 0 1-10.24-14.293334l-21.845333-87.381333c-27.946667 4.778667-56.192 7.125333-84.48 7.125333z\" fill=\"#1D2129\">\u003C/path>\u003C/symbol>\u003Csymbol id=\"iconCreate\" viewBox=\"0 0 1024 1024\">\u003Cpath d=\"M512 85.333333c235.648 0 426.666667 191.018667 426.666667 426.666667s-191.018667 426.666667-426.666667 426.666667S85.333333 747.648 85.333333 512 276.352 85.333333 512 85.333333z m0 77.568a349.098667 349.098667 0 1 0 0 698.197334 349.098667 349.098667 0 0 0 0-698.197334z m38.826667 174.549334a19.413333 19.413333 0 0 0-19.456-19.370667h-38.784a19.413333 19.413333 0 0 0-19.370667 19.370667v135.765333H337.450667a19.413333 19.413333 0 0 0-19.370667 19.413333v38.784a19.413333 19.413333 0 0 0 19.370667 19.370667h135.765333v135.765333a19.413333 19.413333 0 0 0 19.413333 19.370667h38.784a19.413333 19.413333 0 0 0 19.370667-19.370667v-135.765333h135.765333a19.413333 19.413333 0 0 0 19.370667-19.413333v-38.784a19.413333 19.413333 0 0 0-19.370667-19.370667h-135.765333V337.450667z\" fill=\"#1D2129\">\u003C/path>\u003C/symbol>\u003Csymbol id=\"iconConnect\" viewBox=\"0 0 1024 1024\">\u003Cpath d=\"M394.24 688.768l289.877333-289.877333-59.008-59.008-289.877333 289.877333 59.008 59.008z m87.168-12.416a91.008 91.008 0 0 1-21.205333 95.189333c-56.234667 56.106667-74.453333 84.053333-122.325334 84.053334-47.530667 0-61.141333-22.997333-142.592-104.234667a91.392 91.392 0 0 1 0-129.28c51.072-50.901333 86.186667-102.784 153.856-78.208l61.994667-61.824a175.232 175.232 0 0 0-217.173333 23.893333L136.533333 563.370667a174.378667 174.378667 0 0 0-0.042666 246.741333C212.48 886.016 249.386667 938.666667 337.877333 938.666667c85.504 0 122.538667-49.834667 181.162667-108.373334a174.122667 174.122667 0 0 0 24.448-215.893333l-62.08 61.952z m406.229333-462.378667l-77.653333-77.653333a174.634667 174.634667 0 0 0-246.613333 0L505.941333 193.706667a174.506667 174.506667 0 0 0-23.893333 216.661333l61.866667-61.866667a90.752 90.752 0 0 1 20.778666-96c57.813333-57.856 74.752-84.053333 122.026667-84.053333 47.402667 0 61.013333 23.04 142.208 104.277333a91.477333 91.477333 0 0 1 0 129.194667c-50.773333 50.773333-85.333333 102.058667-152.533333 78.506667L614.4 542.378667c27.733333 17.408 59.818667 26.581333 92.544 26.538666 85.12 0 121.898667-49.493333 180.693333-108.288a174.634667 174.634667 0 0 0 0-246.698666z\" fill=\"#1D2129\">\u003C/path>\u003Cpath d=\"M394.24 688.768l289.877333-289.877333-59.008-59.008-289.877333 289.877333 59.008 59.008z m87.168-12.416a91.008 91.008 0 0 1-21.205333 95.189333c-56.234667 56.106667-74.453333 84.053333-122.325334 84.053334-47.530667 0-61.141333-22.997333-142.592-104.234667a91.392 91.392 0 0 1 0-129.28c51.072-50.901333 86.186667-102.784 153.856-78.208l61.994667-61.824a175.232 175.232 0 0 0-217.173333 23.893333L136.533333 563.370667a174.378667 174.378667 0 0 0-0.042666 246.741333C212.48 886.016 249.386667 938.666667 337.877333 938.666667c85.504 0 122.538667-49.834667 181.162667-108.373334a174.122667 174.122667 0 0 0 24.448-215.893333l-62.08 61.952z m406.229333-462.378667l-77.653333-77.653333a174.634667 174.634667 0 0 0-246.613333 0L505.941333 193.706667a174.506667 174.506667 0 0 0-23.893333 216.661333l61.866667-61.866667a90.752 90.752 0 0 1 20.778666-96c57.813333-57.856 74.752-84.053333 122.026667-84.053333 47.402667 0 61.013333 23.04 142.208 104.277333a91.477333 91.477333 0 0 1 0 129.194667c-50.773333 50.773333-85.333333 102.058667-152.533333 78.506667L614.4 542.378667c27.733333 17.408 59.818667 26.581333 92.544 26.538666 85.12 0 121.898667-49.493333 180.693333-108.288a174.634667 174.634667 0 0 0 0-246.698666z\" fill=\"#1D2129\">\u003C/path>\u003C/symbol>\u003Csymbol id=\"iconcut\" viewBox=\"0 0 1024 1024\">\u003Cpath d=\"M908.416 205.824l-1.749333 2.048-307.2 307.2 307.2 307.157333a21.333333 21.333333 0 0 1 0 30.165334l-30.165334 30.165333a21.333333 21.333333 0 0 1-30.165333 0l-307.2-307.2-110.336 110.378667a170.666667 170.666667 0 1 1-60.373333-60.330667l110.378666-110.378667-108.586666-108.629333a170.666667 170.666667 0 1 1 59.605333-61.013333l109.354667 109.269333 307.157333-307.157333a21.333333 21.333333 0 0 1 28.16-1.749334l2.005333 1.749334 30.165334 30.165333a21.333333 21.333333 0 0 1 1.749333 28.16zM367.061333 772.437333a85.333333 85.333333 0 1 0-170.666666 0 85.333333 85.333333 0 0 0 170.666666 0z m0-512a85.333333 85.333333 0 1 0-170.666666 0 85.333333 85.333333 0 0 0 170.666666 0z\" fill=\"#1D2129\">\u003C/path>\u003C/symbol>\u003Csymbol id=\"iconDelete\" viewBox=\"0 0 1024 1024\">\u003Cpath d=\"M795.733333 341.333333c22.4 0 40.533333 19.114667 40.533334 42.666667 0 1.578667-0.128 3.157333-0.256 4.693333l-38.826667 491.306667c-2.645333 33.152-29.013333 58.666667-60.629333 58.666667H287.445333c-29.610667 0-54.613333-22.4-59.818666-52.522667l-0.810667-6.144-38.826667-491.306667A45.525333 45.525333 0 0 1 187.733333 384c0-23.552 18.133333-42.666667 40.533334-42.666667 21.248 0 38.656 17.237333 40.362666 39.125334L306.090667 853.333333h411.818666l37.461334-472.874666c1.706667-21.888 19.114667-39.125333 40.362666-39.125334z m-364.8 128c22.357333 0 40.533333 19.114667 40.533334 42.666667v213.333333c0 23.552-18.176 42.666667-40.533334 42.666667-22.4 0-40.533333-19.114667-40.533333-42.666667v-213.333333c0-23.552 18.133333-42.666667 40.533333-42.666667z m162.133334 0c22.4 0 40.533333 19.114667 40.533333 42.666667v213.333333c0 23.552-18.133333 42.666667-40.533333 42.666667-22.357333 0-40.533333-19.114667-40.533334-42.666667v-213.333333c0-23.552 18.176-42.666667 40.533334-42.666667z m40.533333-384c22.357333 0 40.533333 19.114667 40.533333 42.666667v85.333333h202.666667c22.357333 0 40.533333 19.114667 40.533333 42.666667s-18.133333 42.666667-40.533333 42.666667H147.2c-22.357333 0-40.533333-19.114667-40.533333-42.666667s18.176-42.666667 40.533333-42.666667H349.866667V128c0-22.101333 15.957333-40.277333 36.394666-42.453333L390.4 85.333333h243.2zM430.933333 213.333333h162.133334V170.666667h-162.133334v42.666666z\" fill=\"#1D2129\">\u003C/path>\u003C/symbol>\u003Csymbol id=\"iconDisable\" viewBox=\"0 0 1024 1024\">\u003Cpath d=\"M512 938.666667C276.992 938.666667 85.333333 747.008 85.333333 512S276.992 85.333333 512 85.333333s426.666667 191.658667 426.666667 426.666667-191.658667 426.666667-426.666667 426.666667z m0-784.896A358.357333 358.357333 0 0 0 153.770667 512 358.357333 358.357333 0 0 0 512 870.229333 358.357333 358.357333 0 0 0 870.229333 512 358.357333 358.357333 0 0 0 512 153.770667z\" fill=\"#1D2129\">\u003C/path>\u003Cpath d=\"M222.848 267.477333L277.333333 213.333333l545.152 543.189334L768 810.666667 222.848 267.477333z\" fill=\"#1D2129\">\u003C/path>\u003C/symbol>\u003Csymbol id=\"iconDisconnect\" viewBox=\"0 0 1024 1024\">\u003Cpath d=\"M394.24 688.768l119.808-119.808-59.008-59.008-119.808 119.808 59.008 59.008z m87.168-12.416a91.008 91.008 0 0 1-21.205333 95.189333c-56.234667 56.106667-74.453333 84.053333-122.325334 84.053334-47.530667 0-61.141333-22.997333-142.592-104.234667a91.392 91.392 0 0 1 0-129.28c51.072-50.901333 86.186667-102.784 153.856-78.208l61.994667-61.824a175.232 175.232 0 0 0-217.173333 23.893333L136.533333 563.370667a174.378667 174.378667 0 0 0-0.042666 246.741333C212.48 886.016 249.386667 938.666667 337.877333 938.666667c85.504 0 122.538667-49.834667 181.162667-108.373334a174.122667 174.122667 0 0 0 24.448-215.893333l-62.08 61.952z m406.229333-462.378667l-77.653333-77.653333a174.634667 174.634667 0 0 0-246.613333 0L505.941333 193.706667a174.506667 174.506667 0 0 0-23.893333 216.661333l61.866667-61.866667a90.752 90.752 0 0 1 20.778666-96c57.813333-57.856 74.752-84.053333 122.026667-84.053333 47.402667 0 61.013333 23.04 142.208 104.277333a91.477333 91.477333 0 0 1 0 129.194667c-50.773333 50.773333-85.333333 102.058667-152.533333 78.506667L614.4 542.378667c27.733333 17.408 59.818667 26.581333 92.544 26.538666 85.12 0 121.898667-49.493333 180.693333-108.288a174.634667 174.634667 0 0 0 0-246.698666z\" fill=\"#1D2129\">\u003C/path>\u003Cpath d=\"M695.765333 387.2L576 507.008 516.992 448l119.765333-119.808 59.008 59.008z\" fill=\"#1D2129\">\u003C/path>\u003C/symbol>\u003Csymbol id=\"iconEject\" viewBox=\"0 0 1024 1024\">\u003Cpath d=\"M512 85.333333c235.648 0 426.666667 191.018667 426.666667 426.666667s-191.018667 426.666667-426.666667 426.666667S85.333333 747.648 85.333333 512 276.352 85.333333 512 85.333333z m0 77.568a349.098667 349.098667 0 1 0 0 698.197334 349.098667 349.098667 0 0 0 0-698.197334z m193.962667 329.728a19.413333 19.413333 0 0 0-19.413334-19.413333H337.450667a19.413333 19.413333 0 0 0-19.370667 19.413333v38.784a19.413333 19.413333 0 0 0 19.370667 19.370667h349.098666a19.413333 19.413333 0 0 0 19.370667-19.413333v-38.784z\" fill=\"#1D2129\">\u003C/path>\u003C/symbol>\u003Csymbol id=\"iconDownload\" viewBox=\"0 0 1024 1024\">\u003Cpath d=\"M192 768a21.333333 21.333333 0 0 1 21.333333 21.333333V853.333333h597.333334v-64a21.333333 21.333333 0 0 1 21.333333-21.333333h42.666667a21.333333 21.333333 0 0 1 21.333333 21.333333V896a42.666667 42.666667 0 0 1-42.666667 42.666667H170.666667a42.666667 42.666667 0 0 1-42.666667-42.666667v-106.666667a21.333333 21.333333 0 0 1 21.333333-21.333333h42.666667z m298.666667-661.333333h42.666666a21.333333 21.333333 0 0 1 21.162667 18.858666L554.666667 128v470.869333l128.426666-128.426666a21.333333 21.333333 0 0 1 28.16-1.834667l2.005334 1.792 30.165333 30.165333a21.333333 21.333333 0 0 1 1.834667 28.16l-1.834667 2.048-211.2 211.2a21.333333 21.333333 0 0 1-28.16 1.749334l-1.962667-1.792-211.2-211.2a21.333333 21.333333 0 0 1-1.749333-28.16l1.749333-1.962667 30.165334-30.208a21.333333 21.333333 0 0 1 28.16-1.792l2.005333 1.792L469.333333 588.501333V128a21.333333 21.333333 0 0 1 18.816-21.205333L490.666667 106.666667z\" fill=\"#1D2129\">\u003C/path>\u003C/symbol>\u003Csymbol id=\"iconEnable\" viewBox=\"0 0 1024 1024\">\u003Cpath d=\"M512 85.333333c235.648 0 426.666667 191.018667 426.666667 426.666667s-191.018667 426.666667-426.666667 426.666667S85.333333 747.648 85.333333 512 276.352 85.333333 512 85.333333z m0 77.568a349.098667 349.098667 0 1 0 0 698.197334 349.098667 349.098667 0 0 0 0-698.197334z m188.16 231.808l27.392 27.477334a19.413333 19.413333 0 0 1 0 27.392l-246.826667 246.869333a19.370667 19.370667 0 0 1-27.434666 0l-141.952-141.994667a19.370667 19.370667 0 0 1 0-27.434666l27.392-27.434667a19.413333 19.413333 0 0 1 27.434666 0l100.821334 100.864 205.738666-205.738667a19.413333 19.413333 0 0 1 27.392 0z\" fill=\"#1D2129\">\u003C/path>\u003C/symbol>\u003Csymbol id=\"iconExport\" viewBox=\"0 0 1024 1024\">\u003Cpath d=\"M349.184 128h86.101333a38.4 38.4 0 1 1 0 76.8h-84.48c-32.853333 0-55.296 0-72.533333 1.493333-16.853333 1.365333-25.429333 3.84-31.402667 6.912a76.885333 76.885333 0 0 0-33.578666 33.578667c-3.029333 5.973333-5.546667 14.549333-6.912 31.445333-1.450667 17.28-1.450667 39.594667-1.450667 72.533334v322.517333c0 32.853333 0 55.296 1.450667 72.533333 1.365333 16.853333 3.84 25.429333 6.912 31.402667 7.381333 14.506667 19.114667 26.24 33.578666 33.578667 5.973333 3.072 14.549333 5.546667 31.445334 6.912 17.28 1.450667 39.594667 1.450667 72.533333 1.450666h322.474667c32.853333 0 55.253333 0 72.533333-1.450666 16.810667-1.365333 25.386667-3.84 31.402667-6.912 14.464-7.338667 26.197333-19.114667 33.578666-33.578667 3.029333-5.973333 5.546667-14.549333 6.912-31.445333 1.450667-17.28 1.450667-39.594667 1.450667-72.533334V588.8a38.4 38.4 0 1 1 76.8 0v86.144c0 30.848 0 56.405333-1.706667 77.184-1.749333 21.589333-5.546667 41.472-15.061333 60.074667a153.856 153.856 0 0 1-67.072 67.072c-18.688 9.514667-38.485333 13.226667-60.074667 15.018666-20.736 1.749333-46.293333 1.749333-77.184 1.749334H349.184c-30.848 0-56.405333 0-77.141333-1.706667-21.589333-1.749333-41.472-5.546667-60.074667-15.061333a153.6 153.6 0 0 1-67.072-67.072c-9.514667-18.688-13.226667-38.485333-15.061333-60.117334a1025.621333 1025.621333 0 0 1-1.706667-77.141333V349.098667c0-30.848 0-56.448 1.706667-77.184 1.706667-21.589333 5.546667-41.429333 15.061333-60.074667 14.72-28.842667 31.146667-49.92 60.032-64.64 18.645333-9.472 45.525333-15.701333 67.114667-17.493333C292.778667 128 318.293333 128 349.184 128z m366.08 11.306667a38.4 38.4 0 0 1 54.272 0l115.2 115.2a38.4 38.4 0 0 1 0 54.229333l-115.2 115.2a38.528 38.528 0 0 1-55.68 1.450667 38.4 38.4 0 0 1 1.450667-55.722667l49.578666-49.621333h-30.122666c-32.853333 0-55.296 0-72.533334 1.408-16.853333 1.408-25.429333 3.84-31.488 6.912a76.8 76.8 0 0 0-33.493333 33.578666c-3.072 5.973333-5.589333 14.592-6.912 31.445334-1.450667 17.28-1.493333 39.68-1.493333 72.533333V512a38.4 38.4 0 1 1-76.8 0v-47.701333c0-30.848 0-56.448 1.706666-77.184 1.749333-21.589333 5.546667-41.472 15.018667-60.074667a153.685333 153.685333 0 0 1 67.157333-67.072c18.645333-9.514667 38.442667-13.226667 60.032-15.061333 20.736-1.706667 46.250667-1.706667 77.184-1.706667h31.744l-49.578666-49.664a38.4 38.4 0 0 1 0-54.229333z\" fill=\"#1D2129\">\u003C/path>\u003C/symbol>\u003Csymbol id=\"iconfavicon_48\" viewBox=\"0 0 1024 1024\">\u003Cpath d=\"M134.826667 188.586667l721.066666-165.546667c87.893333-20.48 122.88 64.853333 122.88 118.613333v741.546667c0 53.76-36.693333 138.24-122.88 118.613333L134.826667 837.12c-47.786667-11.093333-89.6-44.373333-89.6-98.133333v-452.266667c-0.853333-53.76 40.96-87.04 89.6-98.133333z m54.613333 46.933333c-76.8 16.213333-76.8 19.626667-76.8 83.626667v387.413333c0 65.706667 22.186667 71.68 76.8 83.626667l617.813333 141.653333c105.813333 26.453333 105.813333-6.826667 105.813334-101.546667V195.413333c0-90.453333-5.973333-124.586667-105.813334-101.546666L189.44 235.52z\" fill=\"#0086E6\">\u003C/path>\u003Cpath d=\"M107.52 282.453333l811.52 200.533334v72.533333L106.666667 347.306667z\" fill=\"#0086E6\">\u003C/path>\u003Cpath d=\"M613.546667 472.746667l-133.12 385.706666 59.733333 14.506667 136.533333-383.146667z\" fill=\"#0086E6\">\u003C/path>\u003C/symbol>\u003Csymbol id=\"iconencrypt_folder_mounted\" viewBox=\"0 0 1024 1024\">\u003Cpath d=\"M351.010133 0a136.533333 136.533333 0 0 1 84.650667 29.4144L495.633067 76.8H887.466667c75.409067 0 136.533333 61.124267 136.533333 136.533333v605.866667c0 113.109333-91.690667 204.8-204.8 204.8H640c-72.0384 0-135.3728-37.1968-171.886933-93.422933l-8.234667 11.0592A204.8 204.8 0 0 1 295.697067 1024H204.8c-113.109333 0-204.8-91.690667-204.8-204.8V136.533333C0 61.124267 61.124267 0 136.533333 0h214.4768z\" fill=\"#F8AA28\">\u003C/path>\u003Cpath d=\"M102.4 179.2m102.4 0l614.4 0q102.4 0 102.4 102.4l0 170.666667q0 102.4-102.4 102.4l-614.4 0q-102.4 0-102.4-102.4l0-170.666667q0-102.4 102.4-102.4Z\" fill=\"#FFEFD5\">\u003C/path>\u003Cpath d=\"M0 375.466667c0-56.5504 45.8496-102.4 102.4-102.4h819.2c56.5504 0 102.4 45.8496 102.4 102.4v512c0 75.409067-61.124267 136.533333-136.533333 136.533333H136.533333c-75.409067 0-136.533333-61.124267-136.533333-136.533333V375.466667z\" fill=\"#FBC931\">\u003C/path>\u003Cpath d=\"M683.733333 588.8c18.261333 0 33.058133 16.162133 33.066667 34.321067v239.982933A32.938667 32.938667 0 0 1 683.767467 896H340.258133A32.964267 32.964267 0 0 1 307.2 863.104V623.121067C307.2 604.970667 321.9968 588.8 340.258133 588.8h343.4752z m-171.7504 83.2768c-22.698667 0-41.130667 18.363733-41.130666 40.9344 0 15.9488 9.250133 29.559467 22.596266 36.352v52.4032c0 2.338133 1.962667 4.309333 4.3776 4.309333h28.416a4.352 4.352 0 0 0 4.343467-4.309333v-52.411733c13.346133-6.784 22.596267-20.394667 22.562133-36.352 0-22.562133-18.432-40.925867-41.1648-40.925867zM560.059733 409.941333A130.4064 130.4064 0 0 0 512.512 401.066667c-18.500267 0-35.549867 2.952533-51.1488 8.874666-15.5904 5.905067-29.124267 14.037333-40.610133 24.388267a113.604267 113.604267 0 0 0-26.9824 36.215467C387.242667 484.334933 384 499.114667 384 514.8928V588.8h64.768v-60.117333c0-20.693333 5.6576-36.7872 16.964267-48.2816 11.3152-11.502933 26.222933-17.245867 44.7232-17.245867 20.565333 0 36.932267 5.742933 49.092266 17.237333 12.168533 11.502933 18.2528 27.5968 18.2528 48.298667V588.8h61.9264L640 514.8928c0-15.7696-3.601067-30.549333-10.794667-44.347733a123.904 123.904 0 0 0-28.526933-36.215467 135.424 135.424 0 0 0-40.618667-24.3968z\" fill=\"#FFF6E9\">\u003C/path>\u003C/symbol>\u003Csymbol id=\"iconencrypt_folder_unmounted\" viewBox=\"0 0 1024 1024\">\u003Cpath d=\"M351.010133 0a136.533333 136.533333 0 0 1 84.650667 29.4144L495.633067 76.8H887.466667c75.409067 0 136.533333 61.124267 136.533333 136.533333v605.866667c0 113.109333-91.690667 204.8-204.8 204.8H640c-72.0384 0-135.3728-37.1968-171.886933-93.422933l-8.234667 11.0592A204.8 204.8 0 0 1 295.697067 1024H204.8c-113.109333 0-204.8-91.690667-204.8-204.8V136.533333C0 61.124267 61.124267 0 136.533333 0h214.4768z\" fill=\"#F8AA28\">\u003C/path>\u003Cpath d=\"M102.4 179.2m102.4 0l614.4 0q102.4 0 102.4 102.4l0 170.666667q0 102.4-102.4 102.4l-614.4 0q-102.4 0-102.4-102.4l0-170.666667q0-102.4 102.4-102.4Z\" fill=\"#FFEFD5\">\u003C/path>\u003Cpath d=\"M0 375.466667c0-56.5504 45.8496-102.4 102.4-102.4h819.2c56.5504 0 102.4 45.8496 102.4 102.4v512c0 75.409067-61.124267 136.533333-136.533333 136.533333H136.533333c-75.409067 0-136.533333-61.124267-136.533333-136.533333V375.466667z\" fill=\"#FBC931\">\u003C/path>\u003Cpath d=\"M734.933333 588.8c18.261333 0 33.058133 16.162133 33.066667 34.321067v239.9744a32.938667 32.938667 0 0 1-33.032533 32.896H391.458133A32.9728 32.9728 0 0 1 358.4 863.095467V623.112533C358.4 604.970667 373.1968 588.8 391.458133 588.8h343.4752z m-171.7504 83.2768c-22.698667 0-41.130667 18.363733-41.130666 40.9344 0 15.9488 9.250133 29.559467 22.596266 36.352v52.394667c0 2.338133 1.962667 4.317867 4.3776 4.317866h28.416c2.389333 0 4.334933-1.979733 4.343467-4.317866v-52.394667c13.346133-6.792533 22.596267-20.4032 22.562133-36.352 0-22.570667-18.432-40.9344-41.1648-40.9344zM432.068267 409.941333A130.4064 130.4064 0 0 0 384.512 401.066667c-18.500267 0-35.549867 2.952533-51.1488 8.874666-15.5904 5.905067-29.124267 14.037333-40.610133 24.388267a113.6128 113.6128 0 0 0-26.9824 36.215467C259.242667 484.334933 256 499.114667 256 514.8928v37.879467a25.6 25.6 0 0 0 25.6 25.6h13.568a25.6 25.6 0 0 0 25.6-25.6v-24.0896c0-20.693333 5.6576-36.7872 16.964267-48.2816 11.3152-11.502933 26.222933-17.245867 44.7232-17.245867 20.565333 0 36.932267 5.742933 49.092266 17.237333 12.168533 11.502933 18.2528 27.5968 18.2528 48.298667V588.8h61.9264L512 514.8928c0-15.7696-3.601067-30.549333-10.794667-44.347733a123.904 123.904 0 0 0-28.526933-36.215467 135.424 135.424 0 0 0-40.618667-24.3968z\" fill=\"#FFF6E9\">\u003C/path>\u003C/symbol>\u003Csymbol id=\"iconfolder1\" viewBox=\"0 0 1024 1024\">\u003Cpath d=\"M878.933333 969.386667H146.773333c-63.146667 0-114.346667-51.2-114.346666-114.346667V207.36C32.426667 145.066667 83.626667 93.866667 146.773333 93.866667h217.6c30.72 0 58.88 11.946667 81.066667 33.28l98.133333 98.133333c6.826667 6.826667 16.213333 11.093333 26.453334 11.093333H878.933333c63.146667 0 114.346667 51.2 114.346667 114.346667v505.173333c0 62.293333-51.2 113.493333-114.346667 113.493334zM146.773333 170.666667c-20.48 0-37.546667 17.066667-37.546666 37.546666v647.68c0 20.48 17.066667 37.546667 37.546666 37.546667H878.933333c20.48 0 37.546667-17.066667 37.546667-37.546667V349.866667c0-20.48-17.066667-37.546667-37.546667-37.546667H569.173333c-30.72 0-58.88-11.946667-81.066666-33.28L390.826667 180.906667c-6.826667-6.826667-16.213333-10.24-26.453334-10.24H146.773333z\" fill=\"#333333\">\u003C/path>\u003C/symbol>\u003Csymbol id=\"iconfilter\" viewBox=\"0 0 1024 1024\">\u003Cpath d=\"M85.333333 128a42.666667 42.666667 0 0 1 42.666667-42.666667h768a42.666667 42.666667 0 0 1 42.666667 42.666667v177.493333a39.381333 39.381333 0 0 1 0 12.16V320a21.333333 21.333333 0 0 1-8.448 17.024 40.32 40.32 0 0 1-10.88 9.386667L682.666667 487.722667V917.333333a21.333333 21.333333 0 0 1-21.333334 21.333334h-42.666666a21.333333 21.333333 0 0 1-21.333334-21.333334V469.333333c0-4.224 0.597333-8.405333 1.834667-12.416a40.448 40.448 0 0 1 18.517333-24.789333L853.333333 291.456V170.666667H170.666667v122.282666l228.053333 136.32A42.666667 42.666667 0 0 1 426.666667 469.333333v298.666667a21.333333 21.333333 0 0 1-21.333334 21.333333h-42.666666A21.333333 21.333333 0 0 1 341.333333 768v-278.826667L105.045333 347.904a40.277333 40.277333 0 0 1-12.970666-12.373333A21.290667 21.290667 0 0 1 85.333333 320V128z\" fill=\"#1D2129\">\u003C/path>\u003C/symbol>\u003Csymbol id=\"iconFormat\" viewBox=\"0 0 1024 1024\">\u003Cpath d=\"M539.264 106.666667C759.850667 106.666667 938.666667 288.128 938.666667 512s-178.816 405.333333-399.402667 405.333333c-130.688 0-246.656-63.658667-319.573333-162.090666l58.112-44.245334c59.562667 80.512 154.496 132.608 261.461333 132.608 180.48 0 326.784-148.48 326.784-331.605333 0-183.168-146.346667-331.605333-326.826667-331.605333-161.877333 0-296.32 119.466667-322.261333 276.309333h31.786667a18.005333 18.005333 0 0 1 15.701333 9.173333 18.773333 18.773333 0 0 1 0.085333 18.432l-1.28 1.877334-72.618666 98.261333a18.133333 18.133333 0 0 1-13.397334 7.338667 17.834667 17.834667 0 0 1-14.165333-5.546667l-1.493333-1.792-72.618667-98.261333a18.645333 18.645333 0 0 1 3.669333-25.813334 18.048 18.048 0 0 1 8.746667-3.498666l2.133333-0.170667h39.978667C170.069333 259.029333 337.109333 106.666667 539.306667 106.666667z m94.421333 294.826666a50.261333 50.261333 0 0 1 35.882667 15.104 51.626667 51.626667 0 0 1 14.933333 36.437334v154.752c0 13.653333-5.376 26.837333-14.933333 36.522666a50.432 50.432 0 0 1-35.882667 15.061334h-152.576c-13.44 0-26.368-5.418667-35.882666-15.061334a52.053333 52.053333 0 0 1-14.933334-36.522666v-154.752c0-13.653333 5.376-26.794667 14.933334-36.437334 9.514667-9.685333 22.442667-15.146667 35.882666-15.146666h152.576zM490.666667 597.333333h128v-128h-128v128z\" fill=\"#1D2129\">\u003C/path>\u003C/symbol>\u003Csymbol id=\"icona-istory\" viewBox=\"0 0 1024 1024\">\u003Cpath d=\"M539.221333 85.333333C759.808 85.333333 938.666667 266.794667 938.666667 490.666667S759.808 896 539.221333 896c-130.645333 0-246.656-63.658667-319.573333-162.133333l58.154667-44.202667c59.562667 80.512 154.453333 132.650667 261.418666 132.650667 180.48 0 326.826667-148.48 326.826667-331.648 0-183.168-146.346667-331.648-326.826667-331.648-161.92 0-296.362667 119.509333-322.261333 276.352h31.786667a17.92 17.92 0 0 1 15.701333 9.173333 18.602667 18.602667 0 0 1 0.085333 18.389333l-1.28 1.962667-72.618666 98.218667a18.218667 18.218667 0 0 1-13.354667 7.338666 17.92 17.92 0 0 1-14.208-5.546666l-1.493333-1.792-72.618667-98.261334a18.602667 18.602667 0 0 1 3.669333-25.770666 17.962667 17.962667 0 0 1 8.746667-3.541334l2.133333-0.170666h39.978667C170.069333 237.696 337.066667 85.333333 539.221333 85.333333z m18.176 239.530667c4.821333 0 9.386667 1.92 12.8 5.376 3.413333 3.456 5.333333 8.106667 5.333334 13.013333v128.981334h127.146666c4.778667 0 9.386667 1.962667 12.8 5.418666 3.413333 3.413333 5.333333 8.106667 5.333334 13.013334v36.864a18.56 18.56 0 0 1-5.333334 13.013333 18.005333 18.005333 0 0 1-12.8 5.418667h-181.589333a18.005333 18.005333 0 0 1-12.842667-5.418667 18.56 18.56 0 0 1-5.333333-13.013333V343.253333c0-4.864 1.92-9.557333 5.333333-13.013333a18.005333 18.005333 0 0 1 12.8-5.376h36.352z\" fill=\"#1D2129\">\u003C/path>\u003C/symbol>\u003Csymbol id=\"iconHome1\" viewBox=\"0 0 1024 1024\">\u003Cpath d=\"M485.12 94.890667a42.666667 42.666667 0 0 1 53.76 0l341.333333 277.333333A42.666667 42.666667 0 0 1 896 405.333333V896a42.666667 42.666667 0 0 1-42.666667 42.666667H170.666667a42.666667 42.666667 0 0 1-42.666667-42.666667V405.333333a42.666667 42.666667 0 0 1 15.786667-33.109333l341.333333-277.333333zM213.333333 425.642667V853.333333h597.333334V425.642667L512 183.04 213.333333 425.642667z\" fill=\"#1D2129\">\u003C/path>\u003Cpath d=\"M362.666667 640h298.666666v85.333333h-298.666666v-85.333333z\" fill=\"#1D2129\">\u003C/path>\u003C/symbol>\u003Csymbol id=\"iconicon_tips_blue1\" viewBox=\"0 0 1024 1024\">\u003Cpath d=\"M512 85.333333c235.648 0 426.666667 191.018667 426.666667 426.666667s-191.018667 426.666667-426.666667 426.666667S85.333333 747.648 85.333333 512 276.352 85.333333 512 85.333333z m0 77.568a349.098667 349.098667 0 1 0 0 698.197334 349.098667 349.098667 0 0 0 0-698.197334z m19.370667 290.901334a19.413333 19.413333 0 0 1 19.413333 19.413333v174.506667h31.530667a19.370667 19.370667 0 0 1 19.370666 19.413333v41.216a19.413333 19.413333 0 0 1-19.370666 19.413333h-147.882667a19.413333 19.413333 0 0 1-19.413333-19.413333v-41.216a19.370667 19.370667 0 0 1 19.413333-19.370667h38.784v-113.92h-19.413333a19.370667 19.370667 0 0 1-19.370667-19.413333v-41.216a19.370667 19.370667 0 0 1 19.370667-19.413333h77.610666z m0-155.136a19.413333 19.413333 0 0 1 19.413333 19.413333v58.154667a19.413333 19.413333 0 0 1-19.413333 19.413333h-58.154667a19.413333 19.413333 0 0 1-19.413333-19.413333V318.08A19.413333 19.413333 0 0 1 473.216 298.666667h58.197333z\" fill=\"#1D2129\">\u003C/path>\u003C/symbol>\u003Csymbol id=\"iconImport\" viewBox=\"0 0 1024 1024\">\u003Cpath d=\"M349.184 128h86.101333a38.4 38.4 0 1 1 0 76.8h-84.48c-32.853333 0-55.296 0-72.533333 1.493333-16.853333 1.365333-25.429333 3.84-31.402667 6.912a76.885333 76.885333 0 0 0-33.578666 33.578667c-3.029333 5.973333-5.546667 14.549333-6.912 31.445333-1.450667 17.28-1.450667 39.594667-1.450667 72.533334v322.517333c0 32.853333 0 55.296 1.450667 72.533333 1.365333 16.853333 3.84 25.429333 6.912 31.402667 7.381333 14.506667 19.114667 26.24 33.578666 33.578667 5.973333 3.072 14.549333 5.546667 31.445334 6.912 17.28 1.450667 39.594667 1.450667 72.533333 1.450666h322.474667c32.853333 0 55.253333 0 72.533333-1.450666 16.810667-1.365333 25.386667-3.84 31.402667-6.912 14.464-7.338667 26.197333-19.114667 33.578666-33.578667 3.029333-5.973333 5.546667-14.549333 6.912-31.445333 1.450667-17.28 1.450667-39.594667 1.450667-72.533334V588.8a38.4 38.4 0 1 1 76.8 0v86.144c0 30.848 0 56.405333-1.706667 77.184-1.749333 21.589333-5.546667 41.472-15.061333 60.074667a153.856 153.856 0 0 1-67.072 67.072c-18.688 9.514667-38.485333 13.226667-60.074667 15.018666-20.736 1.749333-46.293333 1.749333-77.184 1.749334H349.184c-30.848 0-56.405333 0-77.141333-1.706667-21.589333-1.749333-41.472-5.546667-60.074667-15.061333a153.6 153.6 0 0 1-67.072-67.072c-9.514667-18.688-13.226667-38.485333-15.061333-60.117334a1025.621333 1025.621333 0 0 1-1.706667-77.141333V349.098667c0-30.848 0-56.448 1.706667-77.184 1.706667-21.589333 5.546667-41.429333 15.061333-60.074667 14.72-28.842667 31.146667-49.92 60.032-64.64 18.645333-9.472 45.525333-15.701333 67.114667-17.493333C292.778667 128 318.293333 128 349.184 128z\" fill=\"#1D2129\">\u003C/path>\u003Cpath d=\"M676.010667 557.056a38.4 38.4 0 0 1-54.229334 0l-115.2-115.2a38.4 38.4 0 0 1 0-54.272l115.2-115.2a38.442667 38.442667 0 1 1 54.229334 54.272L626.432 376.32h30.122667c32.853333 0 55.296 0 72.533333-1.450667 16.853333-1.365333 25.429333-3.84 31.488-6.912a76.8 76.8 0 0 0 33.493333-33.578666c3.072-5.973333 5.546667-14.592 6.912-31.445334 1.450667-17.28 1.493333-39.637333 1.493334-72.533333V184.32a38.4 38.4 0 1 1 76.8 0v47.701333c0 30.890667 0 56.448-1.749334 77.184-1.706667 21.589333-5.546667 41.472-14.976 60.074667a153.642667 153.642667 0 0 1-67.157333 67.114667c-18.645333 9.472-38.485333 13.226667-60.074667 15.018666-20.736 1.706667-46.250667 1.706667-77.141333 1.706667h-31.744l49.578667 49.664a38.4 38.4 0 0 1 0 54.272z\" fill=\"#1D2129\">\u003C/path>\u003C/symbol>\u003Csymbol id=\"iconList\" viewBox=\"0 0 1024 1024\">\u003Cpath d=\"M117.333333 149.333333h64a32 32 0 0 1 32 32v64a32 32 0 0 1-32 32h-64A32 32 0 0 1 85.333333 245.333333v-64a32 32 0 0 1 32-32z m803.114667 21.333334H338.218667c-10.069333 0-18.218667 9.557333-18.218667 21.333333v42.666667c0 11.776 8.149333 21.333333 18.176 21.333333h582.272c10.069333 0 18.218667-9.557333 18.218667-21.333333v-42.666667c0-11.776-8.149333-21.333333-18.218667-21.333333z m0 298.666666H338.218667c-10.069333 0-18.218667 9.557333-18.218667 21.333334v42.666666c0 11.776 8.149333 21.333333 18.176 21.333334h582.272c10.069333 0 18.218667-9.557333 18.218667-21.333334v-42.666666c0-11.776-8.149333-21.333333-18.218667-21.333334zM338.218667 768h582.229333c10.069333 0 18.218667 9.557333 18.218667 21.333333v42.666667c0 11.776-8.149333 21.333333-18.218667 21.333333H338.218667c-10.069333 0-18.218667-9.557333-18.218667-21.333333v-42.666667c0-11.776 8.149333-21.333333 18.176-21.333333zM181.333333 448h-64a32 32 0 0 0-32 32v64a32 32 0 0 0 32 32h64a32 32 0 0 0 32-32v-64a32 32 0 0 0-32-32z m0 298.666667h-64a32 32 0 0 0-32 32v64a32 32 0 0 0 32 32h64a32 32 0 0 0 32-32v-64a32 32 0 0 0-32-32z\" fill=\"#1D2129\">\u003C/path>\u003C/symbol>\u003Csymbol id=\"iconKey\" viewBox=\"0 0 1024 1024\">\u003Cpath d=\"M530.218667 90.069333l2.816 1.706667 20.778666 14.08a36.565333 36.565333 0 0 1 4.48 3.626667c-2.005333-1.877333-0.341333-0.853333-1.493333-1.578667l-0.426667-0.298667 1.450667 0.938667 2.133333 1.365333 2.346667 1.493334c7.210667 4.48 15.786667 9.514667 25.429333 14.805333 29.952 16.426667 61.013333 30.805333 93.013334 42.965333a469.333333 469.333333 0 0 0 100.138666 25.173334 470.016 470.016 0 0 0 43.690667 4.224h0.682667l34.389333 0.554666a37.504 37.504 0 0 1 25.6 10.581334 34.944 34.944 0 0 1 10.666667 24.917333v151.722667l0.042666 3.498666v36.010667L896 493.952V563.754667C895.658667 734.976 668.672 938.666667 511.957333 938.666667c-155.136 0-379.221333-199.68-383.872-369.877334L128 563.456V234.666667c0-8.874667 3.413333-17.408 9.6-23.936a37.333333 37.333333 0 0 1 23.808-11.52l2.816-0.128 35.072-0.512a471.338667 471.338667 0 0 0 43.733333-4.224 468.181333 468.181333 0 0 0 100.010667-25.173334c32-12.202667 63.146667-26.581333 93.056-43.008 11.306667-6.144 22.357333-12.714667 33.109333-19.626666l0.768-0.554667 20.565334-14.08a37.674667 37.674667 0 0 1 39.68-1.834667z m-18.346667 74.410667c-6.613333 4.522667-22.314667 14.08-39.338667 23.466667-32.938667 18.090667-67.157333 33.92-102.4 47.36-37.674667 14.378667-77.184 23.808-116.309333 29.44-16.512 2.389333-33.109333 4.010667-49.792 4.864l-2.389333 0.042666v293.802667c0 130.773333 193.066667 304.085333 310.314666 304.085333 115.882667 0 305.834667-169.216 310.314667-299.477333l0.085333-4.608V399.061333l-0.042666-48.64-0.042667-80.768c-10.24-0.213333-30.208-1.792-52.138667-4.906666a542.592 542.592 0 0 1-116.352-29.44c-59.690667-22.741333-121.173333-55.637333-141.909333-70.826667z m1.877333 153.642667c23.04 0 45.098667 8.832 61.397334 24.533333 16.256 15.744 25.386667 37.034667 25.386666 59.306667v55.850666h48.213334c10.24 0 20.053333 3.925333 27.306666 10.922667 7.253333 6.954667 11.306667 16.426667 11.306667 26.325333v167.594667a36.608 36.608 0 0 1-11.306667 26.368 39.253333 39.253333 0 0 1-27.306666 10.88H378.794667a39.253333 39.253333 0 0 1-27.306667-10.88 36.608 36.608 0 0 1-11.264-26.368v-167.594667c0-9.898667 4.053333-19.370667 11.264-26.325333a39.253333 39.253333 0 0 1 27.306667-10.922667h48.213333V401.92c0-21.546667 8.576-42.24 23.978667-57.813333a88.192 88.192 0 0 1 58.709333-25.898667l4.096-0.085333z m96.426667 214.186666h-192.853333v93.098667h192.853333v-93.098667z m-96.426667-158.293333a29.44 29.44 0 0 0-20.48 8.149333 27.434667 27.434667 0 0 0-8.448 19.754667v55.893333h57.856V401.92a27.392 27.392 0 0 0-7.509333-18.773333 29.312 29.312 0 0 0-18.602667-9.002667l-2.816-0.128z\" fill=\"#1D2129\">\u003C/path>\u003C/symbol>\u003Csymbol id=\"iconlog\" viewBox=\"0 0 1024 1024\">\u003Cpath d=\"M648.106667 64a85.333333 85.333333 0 0 1 60.416 25.045333l162.56 162.986667A85.333333 85.333333 0 0 1 896 312.32V917.333333a42.666667 42.666667 0 0 1-42.666667 42.666667H170.666667a42.666667 42.666667 0 0 1-42.666667-42.666667v-810.666666a42.666667 42.666667 0 0 1 42.666667-42.666667h477.44z m-25.386667 85.333333H213.333333v725.333334h597.333334V337.706667a42.666667 42.666667 0 0 0-12.458667-30.122667l-145.28-145.706667a42.666667 42.666667 0 0 0-30.208-12.544zM533.333333 597.333333a21.333333 21.333333 0 0 1 21.333334 21.333334v42.666666a21.333333 21.333333 0 0 1-21.333334 21.333334H341.333333a21.333333 21.333333 0 0 1-21.333333-21.333334v-42.666666A21.333333 21.333333 0 0 1 341.333333 597.333333h192zM682.666667 384a21.333333 21.333333 0 0 1 21.333333 21.333333v42.666667a21.333333 21.333333 0 0 1-21.333333 21.333333H341.333333a21.333333 21.333333 0 0 1-21.333333-21.333333v-42.666667A21.333333 21.333333 0 0 1 341.333333 384h341.333334z\" fill=\"#1D2129\">\u003C/path>\u003C/symbol>\u003Csymbol id=\"iconLock\" viewBox=\"0 0 1024 1024\">\u003Cpath d=\"M746.666667 320a234.666667 234.666667 0 0 0-469.333334 0v85.333333H170.666667a42.666667 42.666667 0 0 0-42.666667 42.666667V896a42.666667 42.666667 0 0 0 42.666667 42.666667h682.666666a42.666667 42.666667 0 0 0 42.666667-42.666667V448a42.666667 42.666667 0 0 0-42.666667-42.666667h-106.666666v-85.333333zM213.333333 853.333333v-362.666666h597.333334V853.333333H213.333333z m320-298.666666a21.333333 21.333333 0 0 1 21.333334 21.333333V768a21.333333 21.333333 0 0 1-21.333334 21.333333h-42.666666a21.333333 21.333333 0 0 1-21.333334-21.333333v-192a21.333333 21.333333 0 0 1 21.333334-21.333333h42.666666z m-170.666666-234.666667a149.333333 149.333333 0 1 1 298.666666 0v85.333333h-298.666666v-85.333333z\" fill=\"#1D2129\">\u003C/path>\u003C/symbol>\u003Csymbol id=\"iconmapDrive\" viewBox=\"0 0 1024 1024\">\u003Cpath d=\"M896 85.333333a42.666667 42.666667 0 0 1 42.666667 42.666667v597.333333a42.666667 42.666667 0 0 1-42.666667 42.666667h-341.333333v85.333333h362.666666a21.333333 21.333333 0 0 1 21.333334 21.333334v42.666666a21.333333 21.333333 0 0 1-21.333334 21.333334h-810.666666a21.333333 21.333333 0 0 1-21.333334-21.333334v-42.666666a21.333333 21.333333 0 0 1 21.333334-21.333334H469.333333v-85.333333H128a42.666667 42.666667 0 0 1-42.666667-42.666667V128a42.666667 42.666667 0 0 1 42.666667-42.666667h768zM170.666667 682.666667h682.666666v-213.333334H170.666667v213.333334z m149.333333-64h-85.333333v-85.333334h85.333333v85.333334z m128 0h-85.333333v-85.333334h85.333333v85.333334z m128 0h-85.333333v-85.333334h85.333333v85.333334zM170.666667 384h682.666666V170.666667H170.666667v213.333333z m149.333333-64h-85.333333v-85.333333h85.333333v85.333333z m128 0h-85.333333v-85.333333h85.333333v85.333333z m128 0h-85.333333v-85.333333h85.333333v85.333333z\" fill=\"#1D2129\">\u003C/path>\u003C/symbol>\u003Csymbol id=\"iconlog_in\" viewBox=\"0 0 1024 1024\">\u003Cpath d=\"M661.333333 85.333333a21.333333 21.333333 0 0 1 21.333334 21.333334v42.666666a21.333333 21.333333 0 0 1-21.333334 21.333334H170.666667v682.666666h490.666666a21.333333 21.333333 0 0 1 21.333334 21.333334v42.666666a21.333333 21.333333 0 0 1-21.333334 21.333334H128a42.666667 42.666667 0 0 1-42.666667-42.666667V128a42.666667 42.666667 0 0 1 42.666667-42.666667h533.333333z m-287.701333 393.301334l165.930667-165.930667a21.333333 21.333333 0 0 1 28.16-1.792l2.005333 1.792 30.165333 30.165333a21.333333 21.333333 0 0 1 1.749334 28.16l-1.749334 2.005334-98.176 98.133333 396.245334-1.706667c11.093333 0 20.053333 8.277333 21.248 18.944l0.128 2.474667-0.128 40.362667a21.333333 21.333333 0 0 1-18.773334 21.12l-2.474666 0.170666-388.394667 1.706667 90.325333 90.325333a21.333333 21.333333 0 0 1 1.749334 28.16l-1.749334 2.005334-30.165333 30.165333a21.333333 21.333333 0 0 1-28.16 1.792l-2.005333-1.792-165.973334-165.930667a42.666667 42.666667 0 0 1-2.474666-57.6l2.517333-2.730666z\" fill=\"#000000\">\u003C/path>\u003C/symbol>\u003Csymbol id=\"iconMaximize\" viewBox=\"0 0 1024 1024\">\u003Cpath d=\"M808.064 278.656v557.653333a38.186667 38.186667 0 0 1-11.477333 27.178667 39.168 39.168 0 0 1-27.52 11.178667H124.288a39.168 39.168 0 0 1-27.52-11.178667 38.186667 38.186667 0 0 1-11.434667-27.136V317.866667c0-10.410667 4.181333-20.352 11.605334-27.733334a39.936 39.936 0 0 1 28.074666-11.477333H808.106667z m-77.952 76.672H163.285333v442.666667h566.826667V355.328zM898.986667 149.333333c10.538667 0 20.608 4.138667 28.032 11.52a38.954667 38.954667 0 0 1 11.648 27.690667v450.858667h-79.36V227.754667H382.976V149.333333H898.986667z\" fill=\"#1D2129\">\u003C/path>\u003C/symbol>\u003Csymbol id=\"iconMinimize\" viewBox=\"0 0 1024 1024\">\u003Cpath d=\"M128 490.666667a21.333333 21.333333 0 0 1 21.333333-21.333334h725.333334a21.333333 21.333333 0 0 1 21.333333 21.333334v42.666666a21.333333 21.333333 0 0 1-21.333333 21.333334h-725.333334a21.333333 21.333333 0 0 1-21.333333-21.333334v-42.666666z\" fill=\"#1D2129\">\u003C/path>\u003C/symbol>\u003Csymbol id=\"iconMore\" viewBox=\"0 0 1024 1024\">\u003Cpath d=\"M512 85.333333c235.648 0 426.666667 191.018667 426.666667 426.666667s-191.018667 426.666667-426.666667 426.666667S85.333333 747.648 85.333333 512 276.352 85.333333 512 85.333333z m0 77.568a349.098667 349.098667 0 1 0 0 698.197334 349.098667 349.098667 0 0 0 0-698.197334z\" fill=\"#1D2129\">\u003C/path>\u003Cpath d=\"M640 512a42.666667 42.666667 0 1 0 85.333333 0 42.666667 42.666667 0 0 0-85.333333 0zM298.666667 512a42.666667 42.666667 0 1 0 85.333333 0 42.666667 42.666667 0 0 0-85.333333 0zM469.333333 512a42.666667 42.666667 0 1 0 85.333334 0 42.666667 42.666667 0 0 0-85.333334 0z\" fill=\"#1D2129\">\u003C/path>\u003C/symbol>\u003Csymbol id=\"iconMount\" viewBox=\"0 0 1024 1024\">\u003Cpath d=\"M896 938.666667a42.666667 42.666667 0 0 0 42.666667-42.666667V298.666667a42.666667 42.666667 0 0 0-42.666667-42.666667h-341.333333V170.666667h362.666666a21.333333 21.333333 0 0 0 21.333334-21.333334v-42.666666a21.333333 21.333333 0 0 0-21.333334-21.333334h-810.666666a21.333333 21.333333 0 0 0-21.333334 21.333334v42.666666a21.333333 21.333333 0 0 0 21.333334 21.333334H469.333333v85.333333H128a42.666667 42.666667 0 0 0-42.666667 42.666667v597.333333a42.666667 42.666667 0 0 0 42.666667 42.666667h768zM170.666667 341.333333h682.666666v213.333334H170.666667V341.333333z m234.666666 64h-128v85.333334h128v-85.333334zM170.666667 640h682.666666v213.333333H170.666667v-213.333333z m234.666666 64h-128v85.333333h128v-85.333333z\" fill=\"#1D2129\">\u003C/path>\u003C/symbol>\u003Csymbol id=\"iconnarrow\" viewBox=\"0 0 1024 1024\">\u003Cpath d=\"M252.586667 27.306667l518.826666 491.52-518.826666 477.866666z\" fill=\"#333333\">\u003C/path>\u003C/symbol>\u003Csymbol id=\"iconmy_favorites\" viewBox=\"0 0 1024 1024\">\u003Cpath d=\"M973.653333 453.12c40.106667-41.813333 15.36-111.786667-41.813333-117.76l-212.48-24.746667c-23.04-2.56-42.666667-16.213333-53.76-36.693333L564.906667 84.48c-27.306667-51.2-101.546667-48.64-125.44 3.413333L350.72 282.453333c-9.386667 20.48-29.013333 35.84-51.2 40.106667L88.746667 358.4c-57.173333 10.24-77.653333 81.066667-34.986667 120.32l157.013333 145.066667c17.066667 15.36 24.746667 38.4 22.186667 61.44l-29.866667 211.626666c-8.533333 57.173333 52.906667 98.986667 103.253334 70.826667l186.026666-104.96c19.626667-11.093333 44.373333-11.946667 64.853334-1.706667l192 93.866667c52.053333 25.6 110.933333-19.626667 98.986666-76.8l-41.813333-209.92c-4.266667-22.186667 2.56-46.08 17.92-62.293333l149.333333-152.746667z\" fill=\"#FFB448\">\u003C/path>\u003C/symbol>\u003Csymbol id=\"iconOFF\" viewBox=\"0 0 1024 1024\">\u003Cpath d=\"M726.186667 802.133333H297.813333C147.626667 802.133333 27.306667 680.96 27.306667 531.626667s121.173333-270.506667 270.506666-270.506667h429.226667c149.333333 0 270.506667 121.173333 270.506667 270.506667-0.853333 149.333333-121.173333 270.506667-271.36 270.506666z\" fill=\"#494949\">\u003C/path>\u003Cpath d=\"M302.933333 531.626667m-251.733333 0a251.733333 251.733333 0 1 0 503.466667 0 251.733333 251.733333 0 1 0-503.466667 0Z\" fill=\"#FFFFFF\">\u003C/path>\u003C/symbol>\u003Csymbol id=\"iconNotifications\" viewBox=\"0 0 1024 1024\">\u003Cpath d=\"M806.698667 85.333333H217.344a129.706667 129.706667 0 0 0-93.312 40.106667A139.52 139.52 0 0 0 85.333333 222.165333v433.024c0 36.266667 13.866667 71.168 38.613334 96.853334 24.746667 25.728 58.325333 40.192 93.354666 40.234666h32.938667v116.352c0 5.546667 1.493333 10.922667 4.266667 15.658667 2.773333 4.693333 6.741333 8.533333 11.52 11.093333a28.288 28.288 0 0 0 30.122666-2.304l189.312-140.8h321.237334a129.834667 129.834667 0 0 0 93.269333-40.149333c24.746667-25.642667 38.656-60.416 38.698667-96.725333V222.165333c0-36.266667-13.952-71.04-38.698667-96.725333A129.792 129.792 0 0 0 806.698667 85.333333zM563.626667 553.685333H350.592a28.458667 28.458667 0 0 1-20.48-8.789333 30.634667 30.634667 0 0 1-8.533333-21.248c0-7.978667 3.072-15.616 8.533333-21.248a28.458667 28.458667 0 0 1 20.48-8.789333h213.034667c7.68 0 15.061333 3.157333 20.48 8.789333a30.634667 30.634667 0 0 1 8.490666 21.248 30.634667 30.634667 0 0 1-8.490666 21.248 28.458667 28.458667 0 0 1-20.48 8.789333z m109.781333-194.858666H350.592a28.458667 28.458667 0 0 1-20.48-8.832 30.634667 30.634667 0 0 1-8.533333-21.248c0-7.978667 3.072-15.616 8.533333-21.248a28.458667 28.458667 0 0 1 20.48-8.789334h322.816c7.68 0 15.061333 3.157333 20.48 8.789334a30.634667 30.634667 0 0 1 8.533333 21.248 30.634667 30.634667 0 0 1-8.533333 21.248 28.458667 28.458667 0 0 1-20.48 8.832z\" fill=\"#1D2129\">\u003C/path>\u003C/symbol>\u003Csymbol id=\"iconON\" viewBox=\"0 0 1024 1024\">\u003Cpath d=\"M297.813333 802.133333h429.226667c149.333333 0 270.506667-121.173333 270.506667-270.506666s-121.173333-270.506667-270.506667-270.506667H297.813333c-149.333333 0-270.506667 121.173333-270.506666 270.506667S147.626667 802.133333 297.813333 802.133333z\" fill=\"#0183E5\">\u003C/path>\u003Cpath d=\"M721.066667 531.626667m-251.733334 0a251.733333 251.733333 0 1 0 503.466667 0 251.733333 251.733333 0 1 0-503.466667 0Z\" fill=\"#FFFFFF\">\u003C/path>\u003C/symbol>\u003Csymbol id=\"iconopen_file\" viewBox=\"0 0 1024 1024\">\u003Cpath d=\"M817.493333 942.08h-1.706666L135.68 930.133333c-29.013333-0.853333-55.466667-14.506667-72.533333-37.546666s-22.186667-52.906667-14.506667-80.213334l98.986667-349.013333c11.093333-40.106667 49.493333-68.266667 90.453333-67.413333l662.186667 12.8c28.16 0.853333 53.76 13.653333 71.68 35.84 17.066667 22.186667 23.04 50.346667 17.066666 77.653333l-81.92 348.16c-9.386667 41.813333-46.933333 71.68-89.6 71.68z m-581.12-469.333333c-6.826667 0-13.653333 4.266667-15.36 11.093333l-98.986666 349.866667c-1.706667 6.826667 0.853333 11.093333 2.56 13.653333 1.706667 2.56 5.973333 5.973333 12.8 5.973333l680.106666 11.946667c7.68 0 13.653333-5.12 15.36-11.946667l81.92-348.16c1.706667-5.973333-0.853333-11.093333-2.56-13.653333-1.706667-2.56-5.973333-5.973333-11.946666-5.973333l-663.893334-12.8c0.853333 0 0 0 0 0z\" fill=\"#333333\">\u003C/path>\u003Cpath d=\"M121.173333 825.173333h-76.8V196.266667c0-53.76 44.373333-98.133333 98.133334-98.133334h204.8c26.453333 0 51.2 10.24 69.12 29.013334l79.36 79.36c4.266667 4.266667 9.386667 5.973333 15.36 5.973333h325.973333c53.76 0 98.133333 44.373333 98.133333 98.133333v114.346667h-76.8V310.613333c0-11.946667-9.386667-21.333333-21.333333-21.333333H511.146667c-26.453333 0-51.2-10.24-69.12-29.013333l-79.36-79.36c-4.266667-4.266667-9.386667-5.973333-15.36-5.973334h-204.8c-11.946667 0-21.333333 9.386667-21.333334 21.333334v628.906666z\" fill=\"#333333\">\u003C/path>\u003C/symbol>\u003Csymbol id=\"iconOpeneyes\" viewBox=\"0 0 1024 1024\">\u003Cpath d=\"M511.36 789.333333c138.154667 0 266.026667-87.893333 384.64-277.888C780.458667 322.090667 652.842667 234.666667 511.36 234.666667 369.92 234.666667 242.730667 322.048 128 511.445333c117.76 190.08 245.248 277.888 383.36 277.888z m-0.085333-640c171.605333 0 319.274667 104.874667 443.050666 314.624l7.552 13.013334 7.978667 14.165333a42.666667 42.666667 0 0 1-0.213333 41.770667l-8.533334 14.762666c-128.341333 218.026667-278.229333 326.997333-449.834666 326.997334-168.234667 0-315.306667-104.789333-441.088-314.453334l-6.101334-10.24a1070.08 1070.08 0 0 1-7.552-13.141333l-2.304-4.053333a42.666667 42.666667 0 0 1-0.213333-41.514667l7.210667-12.970667 3.84-6.741333C188.928 256.725333 337.664 149.333333 511.232 149.333333zM512 341.333333a170.666667 170.666667 0 1 0 0 341.333334 170.666667 170.666667 0 0 0 0-341.333334z m0 85.333334a85.333333 85.333333 0 1 1 0 170.666666 85.333333 85.333333 0 0 1 0-170.666666z\" fill=\"#1D2129\">\u003C/path>\u003C/symbol>\u003Csymbol id=\"iconpage_first\" viewBox=\"0 0 1024 1024\">\u003Cpath d=\"M567.936 882.56a32.853333 32.853333 0 0 0 0-45.781333L252.714667 512l315.221333-324.778667a32.853333 32.853333 0 0 0 0-45.781333l-45.013333-46.378667a32.128 32.128 0 0 0-35.328-7.168 32.128 32.128 0 0 0-10.496 7.168l-382.506667 394.069334a32.853333 32.853333 0 0 0 0 45.781333l382.464 394.026667a32.170667 32.170667 0 0 0 22.912 9.728 31.872 31.872 0 0 0 22.954667-9.728l45.013333-46.378667z m318.805333-45.781333L571.477333 512l315.264-324.778667a32.853333 32.853333 0 0 0 0-45.781333l-45.056-46.378667A32.128 32.128 0 0 0 818.773333 85.333333a31.744 31.744 0 0 0-22.912 9.728l-382.464 394.069334a32.853333 32.853333 0 0 0 0 45.781333l382.464 394.026667a32.170667 32.170667 0 0 0 22.912 9.728 31.872 31.872 0 0 0 22.912-9.728l45.056-46.378667a32.853333 32.853333 0 0 0 0-45.781333z\" fill=\"#1D2129\">\u003C/path>\u003C/symbol>\u003Csymbol id=\"iconpage_last\" viewBox=\"0 0 1024 1024\">\u003Cpath d=\"M552.576 497.024L298.965333 239.445333a21.333333 21.333333 0 0 0-28.16-2.005333l-2.218666 2.005333-29.866667 30.293334a21.333333 21.333333 0 0 0 0 29.952l209.066667 212.309333-209.024 212.309333a21.333333 21.333333 0 0 0 0 29.909334l29.866666 30.336a21.333333 21.333333 0 0 0 28.117334 2.005333l2.261333-2.005333 253.568-257.621334a21.333333 21.333333 0 0 0 0-29.909333z m211.328 0l-253.568-257.578667a21.333333 21.333333 0 0 0-28.16-2.005333l-2.261333 2.005333-29.824 30.293334a21.333333 21.333333 0 0 0 0 29.952L659.114667 512l-209.024 212.309333a21.333333 21.333333 0 0 0 0 29.909334l29.866666 30.336a21.333333 21.333333 0 0 0 28.16 2.005333l2.218667-2.005333 253.610667-257.621334a21.333333 21.333333 0 0 0 0-29.909333z\" fill=\"#1D2129\">\u003C/path>\u003C/symbol>\u003Csymbol id=\"iconpause\" viewBox=\"0 0 1024 1024\">\u003Cpath d=\"M512 85.333333c235.648 0 426.666667 191.018667 426.666667 426.666667s-191.018667 426.666667-426.666667 426.666667S85.333333 747.648 85.333333 512 276.352 85.333333 512 85.333333z m0 77.568a349.098667 349.098667 0 1 0 0 698.197334 349.098667 349.098667 0 0 0 0-698.197334z m-58.197333 155.178667a19.413333 19.413333 0 0 1 19.413333 19.370667v349.098666a19.413333 19.413333 0 0 1-19.413333 19.370667h-38.784a19.370667 19.370667 0 0 1-19.370667-19.370667V337.450667a19.413333 19.413333 0 0 1 19.370667-19.370667h38.826666z m155.178666 0a19.370667 19.370667 0 0 1 19.370667 19.370667v349.098666a19.370667 19.370667 0 0 1-19.370667 19.370667h-38.826666a19.413333 19.413333 0 0 1-19.370667-19.370667V337.450667a19.413333 19.413333 0 0 1 19.413333-19.370667h38.784z\" fill=\"#1D2129\">\u003C/path>\u003C/symbol>\u003Csymbol id=\"iconpreview\" viewBox=\"0 0 1024 1024\">\u003Cpath d=\"M661.333333 85.333333a20.906667 20.906667 0 0 1 8.106667 1.621334l256 108.117333c3.925333 1.621333 7.253333 4.437333 9.6 8.021333a22.272 22.272 0 0 1 3.626667 12.202667v589.312c0 4.309333-1.237333 8.533333-3.541334 12.074667a21.461333 21.461333 0 0 1-9.386666 8.106666l-256 112.128a20.821333 20.821333 0 0 1-20.181334-1.877333 21.76 21.76 0 0 1-9.557333-18.261333V107.221333a22.186667 22.186667 0 0 1 6.229333-15.445333A21.077333 21.077333 0 0 1 661.333333 85.333333z m-298.666666 0c5.205333 0 10.24 1.962667 14.165333 5.546667 3.925333 3.541333 6.4 8.448 6.997333 13.781333l0.170667 2.56v809.557334a22.357333 22.357333 0 0 1-8.533333 17.493333 20.992 20.992 0 0 1-18.858667 3.498667l-2.346667-0.853334-256-112.170666a22.186667 22.186667 0 0 1-12.8-17.493334L85.333333 804.608V215.253333a22.314667 22.314667 0 0 1 10.922667-19.072l2.304-1.152 256-108.074666A20.906667 20.906667 0 0 1 362.666667 85.333333z m170.666666 32.981334c5.674667 0 11.093333 2.304 15.104 6.4a22.186667 22.186667 0 0 1 6.229334 15.488v744.064a22.186667 22.186667 0 0 1-6.229334 15.488 21.077333 21.077333 0 0 1-15.104 6.4h-42.666666a21.077333 21.077333 0 0 1-15.104-6.4 22.186667 22.186667 0 0 1-6.229334-15.488V140.16a22.186667 22.186667 0 0 1 6.229334-15.445333 21.077333 21.077333 0 0 1 15.104-6.4h42.666666zM725.333333 205.226667v612.138666l128-56.106666V259.242667L725.333333 205.226667z m-426.666666 0L170.666667 259.242667v502.016l128 56.064V205.226667z\" fill=\"#1D2129\">\u003C/path>\u003C/symbol>\u003Csymbol id=\"iconPlay\" viewBox=\"0 0 1024 1024\">\u003Cpath d=\"M512 514.56m-463.36 0a463.36 463.36 0 1 0 926.72 0 463.36 463.36 0 1 0-926.72 0Z\" fill=\"#333333\" opacity=\".3\">\u003C/path>\u003Cpath d=\"M512 1002.666667c-268.8 0-488.106667-219.306667-488.106667-488.106667S243.2 26.453333 512 26.453333s488.106667 219.306667 488.106667 488.106667-219.306667 488.106667-488.106667 488.106667zM512 76.8C270.506667 76.8 73.386667 273.066667 73.386667 514.56s197.12 438.613333 438.613333 438.613333 438.613333-197.12 438.613333-438.613333S753.493333 76.8 512 76.8z\" fill=\"#FFFFFF\">\u003C/path>\u003Cpath d=\"M686.08 546.133333L451.413333 714.24c-24.746667 17.92-59.733333 0-59.733333-30.72V346.453333c0-30.72 34.986667-48.64 59.733333-30.72l234.666667 168.106667c20.48 15.36 20.48 46.933333 0 62.293333z\" fill=\"#FFFFFF\">\u003C/path>\u003C/symbol>\u003Csymbol id=\"iconread_all\" viewBox=\"0 0 1024 1024\">\u003Cpath d=\"M896 85.333333c23.552 0 42.666667 19.498667 42.666667 43.562667V746.24a43.093333 43.093333 0 0 1-42.666667 43.562667h-213.333333l-140.501334 136.106666a41.984 41.984 0 0 1-60.330666 0L341.333333 789.802667H128c-23.594667 0-42.666667-19.498667-42.666667-43.562667V128.896A43.093333 43.093333 0 0 1 128 85.333333h768z m-42.666667 85.333334H170.666667v533.76h206.037333L512 832l135.296-127.573333H853.333333V170.666667z\" fill=\"#1D2129\">\u003C/path>\u003Cpath d=\"M719.061333 354.688l-30.165333-28.714667a21.888 21.888 0 0 0-30.165333 0l-168.106667 160.085334L407.893333 407.253333a21.888 21.888 0 0 0-15.061333-5.973333c-5.674667 0-11.093333 2.133333-15.104 5.973333l-30.165333 28.714667a19.84 19.84 0 0 0-6.229334 14.378667c0 5.376 2.261333 10.538667 6.229334 14.336l128 121.898666a21.888 21.888 0 0 0 30.165333 0l213.333333-203.136A19.84 19.84 0 0 0 725.333333 369.066667a19.84 19.84 0 0 0-6.272-14.378667z\" fill=\"#1D2129\">\u003C/path>\u003C/symbol>\u003Csymbol id=\"iconRefresh\" viewBox=\"0 0 1024 1024\">\u003Cpath d=\"M667.008 750.933333a255.104 255.104 0 0 1-158.293333 52.650667c-7.466667-0.128-14.762667-0.725333-22.101334-1.28-2.986667-0.384-5.973333-0.896-8.96-1.365333a206.549333 206.549333 0 0 1-17.066666-2.816c-3.413333-0.64-6.912-1.706667-10.24-2.56a229.76 229.76 0 0 1-16.384-4.266667c-2.56-1.066667-4.949333-1.92-7.509334-3.029333a195.456 195.456 0 0 1-18.346666-7.168c-1.365333-0.64-2.688-1.152-4.010667-1.706667a456.448 456.448 0 0 1-20.608-10.837333L382.634667 768a272.384 272.384 0 0 1-61.525334-49.792c-0.298667-0.341333-0.554667-0.725333-0.938666-1.024a237.056 237.056 0 0 1-19.242667-23.594667 305.024 305.024 0 0 1-59.178667-181.717333h71.168L199.125333 327.594667 85.333333 511.872h71.04a403.626667 403.626667 0 0 0 63.018667 217.6c0.426667 0.896 0.768 1.877333 1.28 2.688 4.096 6.4 8.704 12.245333 13.056 18.133333 1.706667 2.133333 3.157333 4.394667 4.906667 6.826667a419.072 419.072 0 0 0 22.4 26.368 357.12 357.12 0 0 0 79.957333 64.810667l2.346667 1.365333c8.448 4.906667 17.066667 9.386667 25.813333 13.525333l6.528 3.114667a540.288 540.288 0 0 0 34.048 13.226667c6.826667 2.090667 13.781333 3.968 20.736 5.674666 4.693333 1.194667 9.130667 2.474667 13.952 3.413334 1.92 0.512 3.754667 1.152 5.674667 1.365333 6.698667 1.28 13.269333 1.962667 19.84 2.816 2.432 0.426667 4.778667 0.896 7.168 1.152 11.861333 1.28 23.68 2.048 35.498666 2.048 72.234667 0 142.762667-23.808 203.264-69.632 19.285333-14.592 24.021333-43.392 10.581334-64.085333-13.610667-21.034667-40.149333-26.069333-59.434667-11.349334z m200.448-239.061333c0-80.512-23.125333-155.306667-62.506667-217.002667-0.64-1.066667-0.981333-2.133333-1.493333-3.072-5.077333-7.594667-10.282667-14.677333-15.658667-21.802666a26.88 26.88 0 0 1-1.792-2.602667 359.296 359.296 0 0 0-132.736-107.648c-1.536-0.64-2.816-1.365333-4.309333-2.005333a407.082667 407.082667 0 0 0-25.173333-9.984c-2.901333-1.024-5.973333-2.218667-9.045334-3.2a335.914667 335.914667 0 0 0-22.272-6.272c-4.224-0.981333-8.448-2.133333-12.629333-3.072-2.048-0.426667-3.925333-1.066667-6.144-1.536-5.632-0.981333-11.136-1.536-16.768-2.261334-3.968-0.426667-7.68-1.109333-11.648-1.578666a340.992 340.992 0 0 0-28.245333-1.578667c-1.706667 0-3.413333-0.256-5.12-0.256l-0.853334 0.128c-72.149333 0.085333-142.634667 23.552-203.008 69.333333-19.285333 14.506667-23.978667 43.264-10.410666 64.213334 13.397333 20.736 40.106667 25.856 59.477333 11.178666a254.293333 254.293333 0 0 1 180.650667-51.2c2.432 0.170667 4.693333 0.554667 7.168 0.938667 6.4 0.853333 12.8 1.749333 19.072 3.2 2.730667 0.512 5.546667 1.28 8.106666 1.962667 6.272 1.536 12.330667 3.072 18.346667 5.034666 2.005333 0.597333 3.84 1.322667 5.632 2.133334 6.954667 2.389333 13.738667 4.949333 20.309333 7.978666 0.725333 0.170667 1.365333 0.768 2.048 1.024a274.133333 274.133333 0 0 1 102.4 83.072 305.28 305.28 0 0 1 61.44 184.874667h-71.253333l113.92 184.32L938.666667 511.914667h-71.253334z\" fill=\"#1D2129\">\u003C/path>\u003C/symbol>\u003Csymbol id=\"iconresize\" viewBox=\"0 0 1024 1024\">\u003Cpath d=\"M558.08 69.12h76.8v901.973333h-76.8zM423.253333 69.12h76.8v901.973333h-76.8z\" fill=\"#333333\">\u003C/path>\u003C/symbol>\u003Csymbol id=\"iconRestart\" viewBox=\"0 0 1024 1024\">\u003Cpath d=\"M512 93.866667c-9.386667 0-18.773333 0-28.16 0.853333v72.533333c9.386667-0.853333 18.773333-0.853333 28.16-0.853333 214.186667 0 386.56 177.493333 378.026667 393.386667-7.68 196.266667-167.253333 355.84-363.52 363.52-215.893333 8.533333-393.386667-164.693333-393.386667-378.026667 0-69.12 18.773333-134.826667 51.2-190.293333 9.386667-15.36 5.12-35.84-9.386667-46.933334-17.066667-12.8-41.813333-8.533333-52.906666 10.24-46.08 78.506667-69.12 171.52-59.733334 270.506667 20.48 215.893333 196.266667 389.12 413.013334 406.186667 264.533333 20.48 487.253333-189.44 487.253333-449.706667C962.56 296.106667 760.32 93.866667 512 93.866667z\" fill=\"#333333\">\u003C/path>\u003Cpath d=\"M391.68 128.853333L496.64 30.72c5.973333-5.12 15.36-0.853333 15.36 6.826667v196.266666c0 7.68-9.386667 11.946667-15.36 6.826667L391.68 142.506667c-4.266667-4.266667-4.266667-10.24 0-13.653334zM446.293333 367.786667V742.4L674.133333 555.52z\" fill=\"#333333\">\u003C/path>\u003C/symbol>\u003Csymbol id=\"iconRestore\" viewBox=\"0 0 1024 1024\">\u003Cpath d=\"M741.546667 790.186667H44.373333v-76.8H742.4c88.746667 0 160.426667-71.68 160.426667-160.426667S831.146667 392.533333 742.4 392.533333H162.986667v-76.8h578.56c130.56 0 237.226667 106.666667 237.226666 237.226667s-105.813333 237.226667-237.226666 237.226667z\" fill=\"#333333\">\u003C/path>\u003Cpath d=\"M289.28 584.533333L53.76 354.986667l235.52-232.106667 53.76 54.613333-180.053333 177.493334L343.04 529.066667z\" fill=\"#333333\">\u003C/path>\u003C/symbol>\u003Csymbol id=\"iconright\" viewBox=\"0 0 1024 1024\">\u003Cpath d=\"M512 42.666667C252.8 42.666667 42.666667 252.8 42.666667 512s210.133333 469.333333 469.333333 469.333333 469.333333-210.133333 469.333333-469.333333S771.2 42.666667 512 42.666667z m0 85.333333a384 384 0 1 1 0 768 384 384 0 0 1 0-768z m-48.896 198.229333l-30.165333 30.208a21.333333 21.333333 0 0 0 0 30.165334L558.293333 512l-125.44 125.44a21.333333 21.333333 0 0 0 0 30.165333l30.165334 30.165334a21.333333 21.333333 0 0 0 30.165333 0l170.666667-170.666667a21.333333 21.333333 0 0 0 0-30.165333l-170.666667-170.666667a21.333333 21.333333 0 0 0-30.165333 0z\" fill=\"#1D2129\">\u003C/path>\u003C/symbol>\u003Csymbol id=\"iconright1\" viewBox=\"0 0 1024 1024\">\u003Cpath d=\"M983.04 133.973333c-17.066667-12.8-40.96-9.386667-53.76 7.68L444.586667 782.506667 81.92 504.32c-17.066667-12.8-40.96-9.386667-53.76 6.826667-12.8 17.066667-9.386667 40.96 6.826667 53.76l393.386666 302.08c0.853333 0.853333 2.56 1.706667 3.413334 2.56 0.853333 0 0.853333 0.853333 1.706666 0.853333 0.853333 0.853333 2.56 0.853333 3.413334 1.706667 0.853333 0 1.706667 0.853333 1.706666 0.853333 1.706667 0.853333 2.56 0.853333 4.266667 0.853333 0.853333 0 1.706667 0 1.706667 0.853334 1.706667 0 4.266667 0.853333 5.973333 0 2.56 0 5.973333 0 8.533333-0.853334 0.853333 0 1.706667-0.853333 2.56-0.853333 1.706667-0.853333 3.413333-0.853333 5.12-1.706667 0.853333-0.853333 1.706667-0.853333 2.56-1.706666 1.706667-0.853333 3.413333-1.706667 4.266667-2.56l2.56-2.56 3.413333-3.413334L990.72 187.733333c12.8-17.066667 9.386667-40.96-7.68-53.76z\" fill=\"#0086E6\">\u003C/path>\u003C/symbol>\u003Csymbol id=\"iconscreen_custom\" viewBox=\"0 0 1024 1024\">\u003Cpath d=\"M1004.373333 995.84H19.626667V21.333333h985.6v974.506667z m-907.946666-76.8h832V98.133333H96.426667v820.906667z\" fill=\"#333333\">\u003C/path>\u003Cpath d=\"M474.453333 32.426667h76.8v144.213333h-76.8zM34.133333 470.186667h144.213334v76.8H34.133333zM473.6 836.266667h76.8v144.213333h-76.8zM832.853333 470.186667h144.213334v76.8H832.853333zM636.586667 735.573333H365.226667c-52.906667 0-95.573333-42.666667-95.573334-95.573333V366.08c0-52.906667 42.666667-95.573333 95.573334-95.573333H477.866667c21.333333 0 38.4 17.066667 38.4 38.4s-17.066667 38.4-38.4 38.4H365.226667c-10.24 0-18.773333 8.533333-18.773334 18.773333V640c0 10.24 8.533333 18.773333 18.773334 18.773333h271.36c10.24 0 18.773333-8.533333 18.773333-18.773333V520.533333c0-21.333333 17.066667-38.4 38.4-38.4s38.4 17.066667 38.4 38.4v119.466667c0.853333 52.906667-42.666667 95.573333-95.573333 95.573333z\" fill=\"#333333\">\u003C/path>\u003Cpath d=\"M430.08 501.76l234.666667-226.986667 63.146666 73.386667-230.4 226.133333-83.626666 17.92z\" fill=\"#333333\">\u003C/path>\u003C/symbol>\u003Csymbol id=\"iconscreenx4\" viewBox=\"0 0 1024 1024\">\u003Cpath d=\"M973.653333 971.946667H50.346667V49.493333h923.306666v922.453334z m-846.506666-76.8h769.706666V126.293333H127.146667v768.853334z\" fill=\"#333333\">\u003C/path>\u003Cpath d=\"M473.6 50.346667h76.8V947.2h-76.8z\" fill=\"#333333\">\u003C/path>\u003Cpath d=\"M63.146667 460.8h896.853333v76.8H63.146667z\" fill=\"#333333\">\u003C/path>\u003C/symbol>\u003Csymbol id=\"iconscreenx6\" viewBox=\"0 0 1024 1024\">\u003Cpath d=\"M973.653333 973.653333H50.346667V50.346667h923.306666v923.306666z m-846.506666-76.8h769.706666V127.146667H127.146667v769.706666z\" fill=\"#333333\">\u003C/path>\u003Cpath d=\"M614.4 52.053333h76.8v896.853334h-76.8zM332.8 612.693333h76.8v336.213334h-76.8z\" fill=\"#333333\">\u003C/path>\u003Cpath d=\"M614.4 331.093333h345.6v76.8H614.4zM63.146667 610.986667h896.853333v76.8H63.146667z\" fill=\"#333333\">\u003C/path>\u003C/symbol>\u003Csymbol id=\"iconscreenx9\" viewBox=\"0 0 1024 1024\">\u003Cpath d=\"M973.653333 973.653333H50.346667V50.346667h923.306666v923.306666z m-846.506666-76.8h769.706666V127.146667H127.146667v769.706666z\" fill=\"#333333\">\u003C/path>\u003Cpath d=\"M614.4 52.053333h76.8v896.853334h-76.8zM332.8 85.333333h76.8v863.573334h-76.8z\" fill=\"#333333\">\u003C/path>\u003Cpath d=\"M63.146667 331.093333h896.853333v76.8H63.146667zM63.146667 610.986667h896.853333v76.8H63.146667z\" fill=\"#333333\">\u003C/path>\u003C/symbol>\u003Csymbol id=\"iconscreenx10\" viewBox=\"0 0 1024 1024\">\u003Cpath d=\"M973.653333 973.653333H50.346667V50.346667h923.306666v923.306666z m-846.506666-76.8h769.706666V127.146667H127.146667v769.706666z\" fill=\"#333333\">\u003C/path>\u003Cpath d=\"M473.6 71.68h76.8v877.226667h-76.8zM685.226667 520.533333h76.8v428.373334h-76.8zM261.973333 494.933333h76.8v453.973334h-76.8z\" fill=\"#333333\">\u003C/path>\u003Cpath d=\"M63.146667 472.746667h896.853333v76.8H63.146667zM63.146667 685.226667h896.853333v76.8H63.146667z\" fill=\"#333333\">\u003C/path>\u003C/symbol>\u003Csymbol id=\"iconSearch\" viewBox=\"0 0 1024 1024\">\u003Cpath d=\"M465.792 85.333333c210.133333 0 380.501333 176.682667 380.501333 394.666667a403.2 403.2 0 0 1-65.962666 222.165333l151.765333 157.44a23.637333 23.637333 0 0 1 0 32.853334l-37.973333 39.424a21.973333 21.973333 0 0 1-31.616 0l-147.84-153.344a371.114667 371.114667 0 0 1-248.874667 96.128C255.658667 874.666667 85.333333 697.984 85.333333 480S255.658667 85.333333 465.792 85.333333z m0 97.493334c-158.208 0-286.464 133.034667-286.464 297.173333s128.256 297.173333 286.464 297.173333c158.250667 0 286.506667-133.034667 286.506667-297.173333s-128.256-297.173333-286.506667-297.173333z\" fill=\"#1D2129\">\u003C/path>\u003C/symbol>\u003Csymbol id=\"iconscreenx13\" viewBox=\"0 0 1024 1024\">\u003Cpath d=\"M973.653333 973.653333H50.346667V50.346667h923.306666v923.306666z m-846.506666-76.8h769.706666V127.146667H127.146667v769.706666z\" fill=\"#333333\">\u003C/path>\u003Cpath d=\"M473.6 71.68h76.8v237.226667h-76.8zM473.6 736.426667h76.8v237.226666h-76.8zM685.226667 711.68h76.8v237.226667h-76.8z\" fill=\"#333333\">\u003C/path>\u003Cpath d=\"M685.226667 71.68h76.8v664.746667h-76.8zM261.973333 711.68h76.8v237.226667h-76.8z\" fill=\"#333333\">\u003C/path>\u003Cpath d=\"M261.973333 71.68h76.8v651.946667h-76.8zM50.346667 494.933333h76.8v453.973334h-76.8z\" fill=\"#333333\">\u003C/path>\u003Cpath d=\"M63.146667 472.746667h266.24v76.8H63.146667zM693.76 472.746667h266.24v76.8H693.76zM63.146667 685.226667h896.853333v76.8H63.146667zM63.146667 261.12h896.853333v76.8H63.146667z\" fill=\"#333333\">\u003C/path>\u003C/symbol>\u003Csymbol id=\"iconServiceorder\" viewBox=\"0 0 1024 1024\">\u003Cpath d=\"M246.570667 907.776A21.333333 21.333333 0 0 0 256 890.069333V128a21.333333 21.333333 0 0 0-21.333333-21.333333h-42.666667A21.333333 21.333333 0 0 0 170.666667 128v533.333333H67.626667a12.8 12.8 0 0 0-10.410667 20.266667l156.288 217.088a21.333333 21.333333 0 0 0 4.138667 4.266667l0.810666 1.024a21.333333 21.333333 0 0 0 28.117334 3.84zM362.666667 277.333333h554.666666a21.333333 21.333333 0 0 0 21.205334-18.816L938.666667 256V213.333333a21.333333 21.333333 0 0 0-18.858667-21.205333L917.333333 192h-554.666666a21.333333 21.333333 0 0 0-21.205334 18.816L341.333333 213.333333v42.666667a21.333333 21.333333 0 0 0 18.816 21.205333L362.666667 277.333333z m0 277.333334h426.666666a21.333333 21.333333 0 0 0 21.205334-18.816L810.666667 533.333333v-42.666666a21.333333 21.333333 0 0 0-18.858667-21.162667L789.333333 469.333333h-426.666666a21.333333 21.333333 0 0 0-21.205334 18.816L341.333333 490.666667v42.666666a21.333333 21.333333 0 0 0 18.816 21.162667L362.666667 554.666667z m298.666666 277.333333a21.333333 21.333333 0 0 0 21.162667-18.858667L682.666667 810.666667v-42.666667a21.333333 21.333333 0 0 0-18.816-21.205333L661.333333 746.666667h-298.666666a21.333333 21.333333 0 0 0-21.205334 18.858666L341.333333 768v42.666667a21.333333 21.333333 0 0 0 18.816 21.205333l2.517334 0.128h298.666666z\" fill=\"#1D2129\">\u003C/path>\u003C/symbol>\u003Csymbol id=\"iconSettings\" viewBox=\"0 0 1024 1024\">\u003Cpath d=\"M512 85.333333c30.933333 0 61.781333 3.456 91.989333 10.325334l6.741334 1.536a21.333333 21.333333 0 0 1 14.848 12.373333l43.392 100.224a21.333333 21.333333 0 0 0 21.930666 12.714667l106.282667-11.776a21.333333 21.333333 0 0 1 18.176 6.912l4.693333 5.12a428.117333 428.117333 0 0 1 92.074667 162.218666l2.133333 6.912a21.376 21.376 0 0 1-3.114666 18.688l-4.181334 5.845334-59.733333 83.114666a21.376 21.376 0 0 0 0 24.917334l63.872 88.96a21.333333 21.333333 0 0 1 3.114667 18.688l-2.133334 6.912a428.16 428.16 0 0 1-92.074666 162.218666l-4.650667 5.12a21.333333 21.333333 0 0 1-18.176 6.912l-106.24-11.776a21.333333 21.333333 0 0 0-22.016 12.714667l-43.349333 100.266667a21.333333 21.333333 0 0 1-14.848 12.330666l-6.741334 1.536a412.885333 412.885333 0 0 1-184.021333 0l-6.741333-1.536a21.333333 21.333333 0 0 1-14.805334-12.373333l-2.858666-6.528-40.533334-93.696a21.333333 21.333333 0 0 0-21.973333-12.714667l-106.24 11.776a21.333333 21.333333 0 0 1-18.218667-6.912l-4.650666-5.12a428.288 428.288 0 0 1-92.074667-162.218666l-2.133333-6.912a21.376 21.376 0 0 1 3.072-18.730667l4.224-5.845333 59.733333-83.072a21.333333 21.333333 0 0 0 0-24.917334L112.768 410.624a21.376 21.376 0 0 1-3.072-18.688l2.133333-6.954667A428.202667 428.202667 0 0 1 203.946667 222.805333l4.693333-5.162666a21.333333 21.333333 0 0 1 18.133333-6.912l106.282667 11.776a21.333333 21.333333 0 0 0 21.973333-12.714667l43.392-100.266667a21.333333 21.333333 0 0 1 14.805334-12.330666l6.741333-1.536A412.885333 412.885333 0 0 1 512 85.333333z m0 71.125334c-16.128 0-32.213333 1.109333-48.128 3.328a20.608 20.608 0 0 0-15.957333 12.373333l-38.656 89.344a58.026667 58.026667 0 0 1-23.893334 27.008 56.746667 56.746667 0 0 1-34.901333 7.466667L255.658667 285.44a20.650667 20.650667 0 0 0-18.730667 7.808 357.077333 357.077333 0 0 0-48.554667 85.717333 20.650667 20.650667 0 0 0 2.56 19.626667l56.96 79.146667a58.88 58.88 0 0 1 0 68.522666l-56.917333 79.146667a20.650667 20.650667 0 0 0-2.56 19.626667 357.12 357.12 0 0 0 48.512 85.717333c4.394667 5.717333 11.52 8.576 18.730667 7.808l94.72-10.496c12.16-1.365333 24.448 1.237333 34.986666 7.424 10.624 6.229333 18.986667 15.701333 23.893334 27.050667l38.656 89.301333a20.650667 20.650667 0 0 0 15.957333 12.373333 346.026667 346.026667 0 0 0 96.256 0 20.650667 20.650667 0 0 0 15.957333-12.373333l38.613334-89.344a58.026667 58.026667 0 0 1 23.893333-27.008 56.746667 56.746667 0 0 1 34.944-7.424l94.805333 10.496a20.650667 20.650667 0 0 0 18.688-7.808 356.821333 356.821333 0 0 0 48.554667-85.674667 20.608 20.608 0 0 0-2.56-19.626666l-56.917333-79.189334a58.709333 58.709333 0 0 1 0-68.522666l56.874666-79.189334a20.608 20.608 0 0 0 2.56-19.626666 356.821333 356.821333 0 0 0-48.512-85.674667 20.650667 20.650667 0 0 0-18.730666-7.808l-94.72 10.538667a56.789333 56.789333 0 0 1-34.986667-7.466667 57.984 57.984 0 0 1-23.893333-27.008l-38.613334-89.344a20.650667 20.650667 0 0 0-15.957333-12.373333A346.325333 346.325333 0 0 0 512 156.458667z m0 177.792c101.632 0 183.893333 79.616 183.893333 177.749333 0 98.133333-82.261333 177.792-183.893333 177.792-101.632 0-183.893333-79.616-183.893333-177.792 0-98.133333 82.261333-177.749333 183.893333-177.749333zM512 405.333333a106.666667 106.666667 0 1 0 0 213.333334 106.666667 106.666667 0 0 0 0-213.333334z\" fill=\"#1D2129\">\u003C/path>\u003C/symbol>\u003Csymbol id=\"iconshow_all\" viewBox=\"0 0 1024 1024\">\u003Cpath d=\"M907.093333 977.066667H116.906667c-38.4 0-69.973333-31.573333-69.973334-69.973334V116.906667c0-38.4 31.573333-69.973333 69.973334-69.973334h790.186666c38.4 0 69.973333 31.573333 69.973334 69.973334v790.186666c0 38.4-31.573333 69.973333-69.973334 69.973334z m-783.36-76.8h776.533334v-776.533334h-776.533334v776.533334z\" fill=\"#333333\">\u003C/path>\u003Cpath d=\"M409.6 360.96c-10.24 0-20.48-4.266667-27.306667-11.946667-14.506667-15.36-14.506667-39.253333 0.853334-54.613333l91.306666-87.893333c17.066667-16.213333 42.666667-16.213333 59.733334 0l90.453333 87.893333c15.36 14.506667 15.36 39.253333 0.853333 54.613333-14.506667 15.36-39.253333 15.36-54.613333 0.853334L503.466667 285.013333 436.053333 349.866667c-7.68 6.826667-17.066667 11.093333-26.453333 11.093333z m117.76-98.986667zM503.466667 826.026667c-11.093333 0-21.333333-4.266667-29.866667-11.946667L382.293333 726.186667c-15.36-14.506667-15.36-39.253333-0.853333-54.613334 14.506667-15.36 39.253333-15.36 54.613333-0.853333l67.413334 64.853333 66.56-64.853333c15.36-14.506667 39.253333-14.506667 54.613333 0.853333 14.506667 15.36 14.506667 39.253333-0.853333 54.613334L533.333333 813.226667c-8.533333 8.533333-18.773333 12.8-29.866666 12.8zM346.453333 650.24c-10.24 0-20.48-4.266667-27.306666-11.946667L231.253333 546.986667c-16.213333-17.066667-16.213333-42.666667 0-59.733334l87.893334-90.453333c14.506667-15.36 39.253333-15.36 54.613333-0.853333 15.36 14.506667 15.36 39.253333 0.853333 54.613333l-64.853333 66.56 64.853333 67.413333c14.506667 15.36 14.506667 39.253333-0.853333 54.613334-7.68 6.826667-17.066667 11.093333-27.306667 11.093333zM673.28 650.24c-9.386667 0-18.773333-3.413333-26.453333-11.093333-15.36-14.506667-15.36-39.253333-0.853334-54.613334l64.853334-67.413333-64.853334-66.56c-14.506667-15.36-14.506667-39.253333 0.853334-54.613333s39.253333-14.506667 54.613333 0.853333l87.893333 90.453333c16.213333 17.066667 16.213333 42.666667 0 59.733334L700.586667 638.293333c-7.68 7.68-17.92 11.946667-27.306667 11.946667z m59.733333-156.16z\" fill=\"#333333\">\u003C/path>\u003C/symbol>\u003Csymbol id=\"iconShare1\" viewBox=\"0 0 1024 1024\">\u003Cpath d=\"M782.208 677.461333a137.386667 137.386667 0 0 0-84.906667 29.013334l-233.258666-163.114667a169.173333 169.173333 0 0 0 0-62.72l233.258666-163.157333a137.386667 137.386667 0 0 0 84.906667 29.056c35.84 0 70.229333-13.781333 95.573333-38.272A128.554667 128.554667 0 0 0 917.333333 215.893333c0-34.645333-14.293333-67.84-39.637333-92.330666A137.6 137.6 0 0 0 782.165333 85.333333c-20.906667 0-41.557333 4.736-60.288 13.781334-18.773333 9.045333-35.029333 22.186667-47.616 38.357333-12.586667 16.170667-21.12 34.944-24.917333 54.826667-3.84 19.925333-2.773333 40.405333 2.986667 59.861333l-221.482667 155.178667a178.773333 178.773333 0 0 0-63.573333-51.157334 185.173333 185.173333 0 0 0-80.426667-18.346666c-23.68 0-47.104 4.522667-68.949333 13.226666a180.608 180.608 0 0 0-58.453334 37.802667 173.824 173.824 0 0 0-39.082666 56.490667 169.088 169.088 0 0 0 0 133.290666c9.045333 21.162667 22.314667 40.362667 39.04 56.533334 16.725333 16.213333 36.608 29.013333 58.453333 37.76 21.888 8.746667 45.312 13.226667 68.992 13.226666 27.904 0 55.466667-6.272 80.469333-18.346666a178.773333 178.773333 0 0 0 63.530667-51.114667l221.525333 155.093333c-5.76 19.456-6.826667 39.978667-2.986666 59.861334 3.754667 19.925333 12.288 38.698667 24.874666 54.869333 12.586667 16.213333 28.885333 29.312 47.616 38.357333 18.773333 9.045333 39.381333 13.781333 60.330667 13.781334 35.84 0 70.186667-13.781333 95.530667-38.272a128.554667 128.554667 0 0 0 39.594666-92.330667c0-34.645333-14.250667-67.84-39.594666-92.330667a137.557333 137.557333 0 0 0-95.530667-38.272z m0-518.101333c15.530667 0 30.421333 5.973333 41.386667 16.597333 11.008 10.624 17.152 25.002667 17.152 40.021334s-6.186667 29.44-17.152 40.021333a60.288 60.288 0 0 1-82.816 0 55.68 55.68 0 0 1-17.152-40.064c0-15.018667 6.186667-29.44 17.152-40.021333 11.008-10.624 25.898667-16.597333 41.429333-16.554667z m-495.36 448.426667a100.992 100.992 0 0 1-70.058667-28.074667A94.336 94.336 0 0 1 187.733333 512a94.336 94.336 0 0 1 29.056-67.712 100.992 100.992 0 0 1 70.058667-28.074667c26.24 0.042667 51.413333 10.154667 69.973333 28.117334 18.602667 17.92 29.013333 42.24 29.098667 67.669333a94.336 94.336 0 0 1-29.056 67.669333 100.992 100.992 0 0 1-70.016 28.117334z m495.36 256.853333a60.288 60.288 0 0 1-41.386667-16.597333 56.533333 56.533333 0 0 1-12.714666-18.346667 54.997333 54.997333 0 0 1 12.757333-61.738667 60.288 60.288 0 0 1 82.816 0.042667c11.008 10.666667 17.152 25.045333 17.152 40.106667 0 14.976-6.186667 29.397333-17.194667 39.978666a59.648 59.648 0 0 1-41.429333 16.554667z\" fill=\"#1D2129\">\u003C/path>\u003C/symbol>\u003Csymbol id=\"iconsignout\" viewBox=\"0 0 1024 1024\">\u003Cpath d=\"M661.333333 85.333333a21.333333 21.333333 0 0 1 21.333334 21.333334v42.666666a21.333333 21.333333 0 0 1-21.333334 21.333334H170.666667v682.666666h490.666666a21.333333 21.333333 0 0 1 21.333334 21.333334v42.666666a21.333333 21.333333 0 0 1-21.333334 21.333334H128a42.666667 42.666667 0 0 1-42.666667-42.666667V128a42.666667 42.666667 0 0 1 42.666667-42.666667h533.333333z m103.381334 227.370667l165.930666 165.930667a42.666667 42.666667 0 0 1 0 60.330666l-165.930666 165.930667a21.248 21.248 0 0 1-30.165334 0l-30.165333-30.165333a21.333333 21.333333 0 0 1 0-30.165334l90.325333-90.325333-388.394666-1.706667a21.333333 21.333333 0 0 1-21.248-21.248l-0.170667-40.405333a21.333333 21.333333 0 0 1 18.773333-21.290667l2.688-0.170666 396.202667 1.749333-98.176-98.133333a21.333333 21.333333 0 0 1 0-30.165334l30.122667-30.165333a21.333333 21.333333 0 0 1 30.208 0z\" fill=\"#000000\">\u003C/path>\u003C/symbol>\u003Csymbol id=\"iconsnapshot\" viewBox=\"0 0 1024 1024\">\u003Cpath d=\"M339.541333 153.344a40.106667 40.106667 0 0 1 14.250667-18.432A37.674667 37.674667 0 0 1 375.509333 128h271.530667c7.552 0 14.976 2.304 21.333333 6.656a40.064 40.064 0 0 1 14.293334 17.792l23.296 56.405333H896c23.552 0 42.666667 18.090667 42.666667 40.405334v606.293333c0 22.357333-19.114667 40.448-42.666667 40.448H128c-23.552 0-42.666667-18.090667-42.666667-40.405333V249.301333c0-22.357333 19.114667-40.448 42.666667-40.448h190.08l21.461333-55.509333z m521.557334 136.32H162.901333v525.482667h698.197334V289.706667zM512 350.336c107.093333 0 193.962667 90.453333 193.962667 202.069333 0 111.658667-86.826667 202.112-193.962667 202.112-107.093333 0-193.92-90.453333-193.92-202.112 0-111.616 86.826667-202.069333 193.92-202.069333z m0 80.810667c-30.848 0-60.458667 12.8-82.261333 35.541333a123.904 123.904 0 0 0-34.133334 85.76c0 32.128 12.288 62.976 34.133334 85.717333a114.048 114.048 0 0 0 82.261333 35.498667c30.848 0 60.458667-12.757333 82.261333-35.498667a123.904 123.904 0 0 0 34.133334-85.76c0-32.128-12.288-62.976-34.133334-85.76A114.048 114.048 0 0 0 512 431.189333z\" fill=\"#1D2129\">\u003C/path>\u003C/symbol>\u003Csymbol id=\"iconsound_volume\" viewBox=\"0 0 1024 1024\">\u003Cpath d=\"M545.28 937.813333c-20.48 0-40.96-7.68-56.32-23.04L288.426667 715.093333c-0.853333-0.853333-0.853333-0.853333-1.706667-0.853333H131.413333c-43.52 0-79.36-35.84-79.36-79.36V400.213333c0-43.52 35.84-79.36 79.36-79.36h145.066667c0.853333 0 1.706667 0 1.706667-0.853333l210.773333-210.773333c23.04-23.04 56.32-29.866667 86.186667-17.066667 29.866667 11.946667 48.64 40.96 48.64 73.386667v693.76c0 32.426667-19.626667 61.44-48.64 73.386666-9.386667 3.413333-19.626667 5.12-29.866667 5.12zM131.413333 397.653333c-1.706667 0-2.56 0.853333-2.56 2.56v234.666667c0 1.706667 0.853333 2.56 2.56 2.56h156.16c21.333333 0 40.96 8.533333 56.32 23.04l199.68 199.68c0.853333 0.853333 0.853333 0.853333 2.56 0.853333 1.706667-0.853333 1.706667-1.706667 1.706667-2.56V165.546667c0-0.853333 0-1.706667-1.706667-2.56-1.706667-0.853333-2.56 0-2.56 0.853333L332.8 373.76c-15.36 15.36-34.986667 23.04-56.32 23.04h-145.066667zM701.44 715.946667c-11.093333 0-21.333333-4.266667-29.013333-13.653334-13.653333-16.213333-11.946667-40.106667 4.266666-53.76 48.64-41.813333 73.386667-85.333333 73.386667-130.56-0.853333-78.506667-75.093333-140.8-75.093333-140.8-16.213333-13.653333-18.773333-37.546667-5.12-53.76 13.653333-16.213333 37.546667-18.773333 53.76-5.12 4.266667 3.413333 102.4 84.48 103.253333 199.68C827.733333 587.093333 793.6 651.093333 726.186667 708.266667c-7.68 4.266667-16.213333 7.68-24.746667 7.68z\" fill=\"#333333\">\u003C/path>\u003Cpath d=\"M806.4 818.346667c-9.386667 0-19.626667-3.413333-27.306667-11.093334-15.36-15.36-15.36-39.253333 0-54.613333 87.893333-87.893333 128.853333-176.64 122.88-263.68-8.533333-128.853333-117.76-213.333333-118.613333-214.186667-17.066667-12.8-20.48-36.693333-6.826667-53.76 12.8-17.066667 36.693333-20.48 53.76-6.826666 5.973333 4.266667 138.24 106.666667 149.333334 270.506666 7.68 110.08-40.96 218.453333-145.066667 322.56-8.533333 6.826667-18.773333 11.093333-28.16 11.093334z\" fill=\"#333333\">\u003C/path>\u003C/symbol>\u003Csymbol id=\"iconspin_right\" viewBox=\"0 0 1024 1024\">\u003Cpath d=\"M957.44 507.733333l48.64-150.186666c1.706667-5.973333-3.413333-11.093333-9.386667-8.533334l-181.76 64.853334c-5.12 1.706667-5.973333 9.386667-1.706666 12.8l133.973333 84.48c3.413333 2.56 8.533333 0.853333 10.24-3.413334z\" fill=\"#333333\">\u003C/path>\u003Cpath d=\"M494.933333 41.813333c223.573333 0 411.306667 154.453333 463.36 361.813334l-76.8 10.24C834.56 244.053333 679.253333 118.613333 494.933333 118.613333c-221.013333 0-400.213333 180.053333-400.213333 400.213334s179.2 401.066667 400.213333 401.066666c83.626667 0 162.133333-26.453333 226.133334-70.826666 36.693333 11.093333 46.08 38.4 47.786666 59.733333C691.2 964.266667 597.333333 996.693333 494.933333 996.693333c-262.826667 0-477.013333-214.186667-477.013333-477.013333s213.333333-477.866667 477.013333-477.866667z\" fill=\"#333333\">\u003C/path>\u003C/symbol>\u003Csymbol id=\"iconStart\" viewBox=\"0 0 1024 1024\">\u003Cpath d=\"M512 85.333333c235.648 0 426.666667 191.018667 426.666667 426.666667s-191.018667 426.666667-426.666667 426.666667S85.333333 747.648 85.333333 512 276.352 85.333333 512 85.333333z m0 77.568a349.098667 349.098667 0 1 0 0 698.197334 349.098667 349.098667 0 0 0 0-698.197334zM416.213333 285.184l310.272 193.92a38.826667 38.826667 0 0 1 0 65.792l-310.272 193.92a38.826667 38.826667 0 0 1-59.349333-32.853333V318.08a38.826667 38.826667 0 0 1 59.306667-32.896z m18.218667 102.826667v247.978666L632.746667 512l-198.314667-123.946667z\" fill=\"#1D2129\">\u003C/path>\u003C/symbol>\u003Csymbol id=\"iconStop\" viewBox=\"0 0 1024 1024\">\u003Cpath d=\"M512 85.333333c235.648 0 426.666667 191.018667 426.666667 426.666667s-191.018667 426.666667-426.666667 426.666667S85.333333 747.648 85.333333 512 276.352 85.333333 512 85.333333z m0 77.568a349.098667 349.098667 0 1 0 0 698.197334 349.098667 349.098667 0 0 0 0-698.197334z m81.493333 213.333334a54.357333 54.357333 0 0 1 54.272 54.314666v162.901334a54.272 54.272 0 0 1-54.314666 54.314666h-162.901334a54.272 54.272 0 0 1-54.314666-54.314666v-162.901334a54.272 54.272 0 0 1 54.314666-54.314666h162.901334zM448 448v128h128v-128h-128z\" fill=\"#1D2129\">\u003C/path>\u003C/symbol>\u003Csymbol id=\"iconterramaster_logo\" viewBox=\"0 0 1024 1024\">\u003Cpath d=\"M118.613333 413.866667v35.84h-23.04v128.853333H75.946667V449.706667H53.76v-35.84zM193.706667 413.866667v34.986666H153.6v30.72h35.84v34.133334H153.6v30.72h40.96v34.133333h-60.586667V413.866667zM261.12 512c0.853333 0 2.56-0.853333 4.266667-2.56 5.973333-4.266667 12.8-12.8 12.8-36.693333 0-29.013333-0.853333-45.226667-13.653334-53.76-4.266667-2.56-11.946667-4.266667-21.333333-4.266667h-34.133333v164.693333h19.626666v-64h11.946667l13.653333 64h22.186667L261.12 512z m-5.973333-39.253333c0 3.413333-0.853333 6.826667-3.413334 8.533333-2.56 1.706667-5.973333 1.706667-8.533333 1.706667h-14.506667v-34.133334h14.506667c3.413333 0 5.973333 0 8.533333 2.56 2.56 2.56 3.413333 5.973333 3.413334 8.533334 0.853333 4.266667 0.853333 8.533333 0 12.8zM348.16 512c0.853333 0 2.56-0.853333 4.266667-2.56 5.973333-4.266667 12.8-12.8 12.8-36.693333 0-29.013333-0.853333-45.226667-13.653334-53.76-4.266667-2.56-11.946667-4.266667-21.333333-4.266667h-34.133333v164.693333H315.733333v-64h11.946667l13.653333 64h22.186667L348.16 512z m-5.973333-39.253333c0 3.413333-0.853333 6.826667-3.413334 8.533333-2.56 1.706667-5.973333 1.706667-8.533333 1.706667H315.733333v-34.133334h14.506667c3.413333 0 5.973333 0 8.533333 2.56 2.56 2.56 3.413333 5.973333 3.413334 8.533334 0.853333 4.266667 0.853333 8.533333 0 12.8zM950.613333 512c0.853333 0 2.56-0.853333 4.266667-2.56 5.973333-4.266667 12.8-12.8 12.8-36.693333 0-29.013333-0.853333-45.226667-13.653333-53.76-4.266667-2.56-11.946667-4.266667-21.333334-4.266667H896v164.693333h19.626667v-64h14.506666l13.653334 64h22.186666l-15.36-67.413333z m-5.12-39.253333c0 3.413333-0.853333 6.826667-3.413333 8.533333-2.56 1.706667-5.973333 1.706667-8.533333 1.706667h-17.066667v-34.133334h17.066667c3.413333 0 5.973333 0 8.533333 2.56 2.56 2.56 3.413333 5.973333 3.413333 8.533334v12.8zM493.226667 413.866667l19.626666 85.333333 20.48-85.333333h23.893334v164.693333h-20.48V474.453333l-17.066667 87.893334h-12.8l-17.92-87.893334v104.106667h-20.48V413.866667zM622.08 413.866667h-25.6l-29.866667 164.693333h20.48l5.12-29.013333h32.426667l5.12 29.013333h21.333333l-29.013333-164.693333z m-23.893333 103.253333l10.24-58.88 10.24 58.88h-20.48zM430.08 413.866667h-25.6l-29.866667 164.693333h20.48l5.12-29.013333h32.426667l5.12 29.013333h21.333333l-29.013333-164.693333z m-23.893333 103.253333l10.24-58.88 10.24 58.88h-20.48zM691.2 446.293333c-5.12 0-10.24 3.413333-10.24 11.093334 0 27.306667 45.226667 11.946667 45.226667 70.826666 0 33.28-16.213333 50.346667-33.28 50.346667-12.8 0-25.6-10.24-34.986667-26.453333l7.68-33.28c7.68 14.506667 19.626667 24.746667 27.306667 24.746666 5.973333 0 11.946667-4.266667 11.946666-13.653333 0-28.16-45.226667-11.093333-45.226666-69.12 0-30.72 14.506667-50.346667 33.28-50.346667 11.093333 0 22.186667 7.68 29.866666 18.773334l-7.68 34.133333c-6.826667-9.386667-17.066667-17.066667-23.893333-17.066667zM802.986667 413.866667v35.84h-25.6v128.853333h-19.626667V449.706667h-24.746667v-35.84zM880.64 413.866667v34.986666h-42.666667v30.72h38.4v34.133334h-38.4v30.72h43.52v34.133333h-63.146666V413.866667z\" fill=\"#404040\">\u003C/path>\u003Cpath d=\"M511.146667 742.4c-16.213333 0-31.573333-1.706667-47.786667-5.12L57.173333 628.906667c-25.6-5.973333-45.226667-31.573333-45.226666-60.586667V418.133333c0-29.866667 19.626667-55.466667 46.08-60.586666l407.04-105.813334c29.866667-5.973333 60.586667-5.973333 91.306666 0l407.04 104.96c26.453333 5.973333 46.08 30.72 46.08 60.586667v149.333333c0 29.866667-18.773333 54.613333-45.226666 60.586667L558.08 737.28c-15.36 3.413333-31.573333 5.12-46.933333 5.12z m-44.373334-20.48c29.013333 5.973333 58.88 5.973333 87.893334 0l405.333333-108.373333c18.773333-4.266667 32.426667-23.04 32.426667-45.226667V418.133333c0-22.186667-13.653333-40.96-33.28-45.226666L552.96 267.946667c-28.16-5.973333-56.32-5.973333-84.48 0L61.44 373.76c-18.773333 3.413333-33.28 22.186667-33.28 44.373333v149.333334c0 22.186667 13.653333 40.96 32.426667 45.226666l406.186666 109.226667z\" fill=\"#404040\">\u003C/path>\u003C/symbol>\u003Csymbol id=\"icontopbanner_language\" viewBox=\"0 0 1024 1024\">\u003Cpath d=\"M512 675.114667c41.941333 0 82.432 2.133333 120.064 6.4C606.72 809.557333 558.250667 896 512 896c-46.293333 0-94.72-86.357333-120.064-214.528 34.730667-3.541333 71.594667-6.4 109.952-6.4H512z m195.242667 17.706666c60.032 11.306667 110.634667 27.605333 148.266666 45.994667C801.28 811.093333 709.077333 869.802667 618.666667 896c33.28-48.853333 72.661333-121.770667 88.576-203.178667z m-390.485334 0c15.914667 80.682667 41.216 150.101333 73.770667 198.912a428.501333 428.501333 0 0 1-222.037333-152.917333c35.413333-16.981333 81.706667-32.554667 136.704-43.904l11.52-2.133333zM129.450667 305.493333c47.018667 24.746667 107.008 43.904 176.426666 56.618667A1252.266667 1252.266667 0 0 0 298.666667 481.109333v36.096c0.725333 35.413333 2.901333 69.418667 6.528 101.973334-68.693333 12.714667-129.450667 31.829333-176.469334 56.618666a412.458667 412.458667 0 0 1-3.626666-361.088l4.352-9.173333z m765.098666 0A410.88 410.88 0 0 1 938.666667 491.008a410.88 410.88 0 0 1-44.117334 185.514667c-47.018667-24.746667-107.008-43.904-176.469333-56.661334 4.352-41.045333 7.253333-84.224 7.253333-128.853333 0-44.586667-2.133333-87.765333-7.253333-128.853333 65.834667-12.032 123.690667-30.421333 169.984-53.077334l6.485333-3.541333z m-250.922666 67.968c4.309333 36.821333 6.485333 76.458667 6.485333 117.504 0 41.088-2.133333 80.725333-6.485333 117.546667-39.082667-4.266667-79.573333-6.4-121.514667-7.082667h-36.864a974.08 974.08 0 0 0-104.106667 7.082667 1013.76 1013.76 0 0 1-6.528-107.605333v-34.005334a949.333333 949.333333 0 0 1 6.485334-93.44c41.941333 4.266667 86.058667 7.082667 131.626666 7.082667 41.941333 0 83.2-2.133333 122.197334-6.4l8.704-0.682667zM512 85.333333c46.293333 0 94.72 86.357333 120.064 214.528-37.632 4.266667-78.08 7.082667-120.064 7.082667-41.941333 0-82.432-2.816-120.064-7.082667C417.28 171.690667 465.749333 85.333333 512 85.333333z m-120.746667 4.949334C357.973333 139.136 332.629333 207.829333 316.714667 289.28 256.725333 277.930667 206.08 261.632 168.490667 243.2a427.648 427.648 0 0 1 220.586666-152.192l2.133334-0.725333z m241.493334 0A427.52 427.52 0 0 1 855.466667 243.2c-37.546667 18.432-88.917333 34.730667-148.224 46.037333-15.189333-76.458667-38.314667-142.293333-68.693334-190.464l-5.76-8.490666z\" fill=\"#4E5969\">\u003C/path>\u003C/symbol>\u003Csymbol id=\"iconspin_Left\" viewBox=\"0 0 1024 1024\">\u003Cpath d=\"M66.56 507.733333L17.92 357.546667c-1.706667-5.973333 3.413333-11.093333 9.386667-8.533334l181.76 64.853334c5.12 1.706667 5.973333 9.386667 1.706666 12.8L76.8 511.146667c-3.413333 2.56-8.533333 0.853333-10.24-3.413334z\" fill=\"#333333\">\u003C/path>\u003Cpath d=\"M529.066667 41.813333C305.493333 41.813333 117.76 196.266667 65.706667 403.626667l76.8 10.24C189.44 244.053333 344.746667 118.613333 529.066667 118.613333c221.013333 0 400.213333 180.053333 400.213333 400.213334s-179.2 401.066667-400.213333 401.066666c-83.626667 0-162.133333-26.453333-226.133334-70.826666-36.693333 11.093333-46.08 38.4-47.786666 59.733333C332.8 964.266667 426.666667 996.693333 529.066667 996.693333c262.826667 0 477.013333-214.186667 477.013333-477.013333s-213.333333-477.866667-477.013333-477.866667z\" fill=\"#333333\">\u003C/path>\u003C/symbol>\u003Csymbol id=\"icontosboard\" viewBox=\"0 0 1024 1024\">\u003Cpath d=\"M772.565333 859.434667a28.970667 28.970667 0 1 1 0 57.898666H251.434667a28.970667 28.970667 0 1 1 0-57.898666h521.130666zM830.464 106.666667c48 0 86.869333 38.869333 86.869333 86.869333V714.666667a86.869333 86.869333 0 0 1-86.869333 86.869333H193.536A86.869333 86.869333 0 0 1 106.666667 714.666667V193.536C106.666667 145.493333 145.536 106.666667 193.536 106.666667h636.928zM781.226667 378.794667a28.970667 28.970667 0 0 0-39.765334-6.314667l-0.426666 0.298667-135.68 98.688a14.464 14.464 0 0 1-15.786667 0.810666l-0.298667-0.170666-146.346666-90.026667a57.898667 57.898667 0 0 0-65.28 3.157333l-0.597334 0.426667-114.432 89.002667-0.384 0.298666a28.970667 28.970667 0 0 0-4.992 39.978667l0.298667 0.341333 0.298667 0.426667c9.813333 12.117333 27.477333 14.336 39.936 4.949333l0.384-0.298666 106.496-82.816a14.506667 14.506667 0 0 1 16.213333-1.109334l0.298667 0.213334 146.005333 89.856a57.898667 57.898667 0 0 0 63.829333-2.090667l0.597334-0.426667 143.530666-104.362666 0.384-0.298667a28.970667 28.970667 0 0 0 6.272-39.765333l-0.256-0.426667-0.298666-0.341333z\" fill=\"#1D2129\">\u003C/path>\u003C/symbol>\u003Csymbol id=\"iconUnmoun\" viewBox=\"0 0 1024 1024\">\u003Cpath d=\"M512 938.666667v-85.333334H170.666667v-213.333333h341.333333v-85.333333H170.666667V341.333333h682.666666v170.666667h85.333334V298.666667a42.666667 42.666667 0 0 0-42.666667-42.666667h-341.333333V170.666667h362.666666a21.333333 21.333333 0 0 0 21.333334-21.333334v-42.666666a21.333333 21.333333 0 0 0-21.333334-21.333334h-810.666666a21.333333 21.333333 0 0 0-21.333334 21.333334v42.666666a21.333333 21.333333 0 0 0 21.333334 21.333334H469.333333v85.333333H128a42.666667 42.666667 0 0 0-42.666667 42.666667v597.333333a42.666667 42.666667 0 0 0 42.666667 42.666667h384zM405.333333 405.333333h-128v85.333334h128v-85.333334z m0 298.666667h-128v85.333333h128v-85.333333z\" fill=\"#1D2129\">\u003C/path>\u003Cpath d=\"M870.826667 607.786667l-101.333334 101.333333-101.376-101.290667c-6.698667-6.741333-9.813333-8.490667-13.653333-9.6a19.328 19.328 0 0 0-11.349333 0c-3.84 1.109333-6.954667 2.858667-13.653334 9.6l-21.674666 21.632c-6.741333 6.741333-8.448 9.856-9.6 13.653334a19.328 19.328 0 0 0 0 11.392c1.152 3.797333 2.858667 6.912 9.6 13.653333l101.333333 101.333333-101.333333 101.333334c-6.741333 6.741333-8.448 9.856-9.6 13.653333a19.328 19.328 0 0 0 0 11.392c1.152 3.754667 2.858667 6.912 9.6 13.653333l21.674666 21.632c6.698667 6.741333 9.813333 8.490667 13.653334 9.6 3.669333 1.152 7.68 1.152 11.349333 0 3.84-1.109333 6.954667-2.858667 13.653333-9.6l101.333334-101.333333 101.333333 101.333333c6.741333 6.741333 9.898667 8.490667 13.653333 9.6 3.712 1.152 7.68 1.152 11.392 0 3.797333-1.109333 6.912-2.858667 13.653334-9.6l21.674666-21.632c6.698667-6.741333 8.448-9.898667 9.6-13.653333a19.413333 19.413333 0 0 0 0-11.392c-1.152-3.797333-2.901333-6.912-9.6-13.653333l-101.333333-101.333334 101.333333-101.333333c6.698667-6.741333 8.448-9.856 9.6-13.653333a19.413333 19.413333 0 0 0 0-11.392c-1.152-3.797333-2.901333-6.912-9.6-13.653334l-21.674666-21.674666c-6.741333-6.698667-9.856-8.448-13.653334-9.6a19.328 19.328 0 0 0-11.392 0c-3.754667 1.152-6.912 2.901333-13.653333 9.6z\" fill=\"#1D2129\">\u003C/path>\u003C/symbol>\u003Csymbol id=\"iconUpload\" viewBox=\"0 0 1024 1024\">\u003Cpath d=\"M192 768a21.333333 21.333333 0 0 1 21.333333 21.333333V853.333333h597.333334v-64a21.333333 21.333333 0 0 1 21.333333-21.333333h42.666667a21.333333 21.333333 0 0 1 21.333333 21.333333V896a42.666667 42.666667 0 0 1-42.666667 42.666667H170.666667a42.666667 42.666667 0 0 1-42.666667-42.666667v-106.666667a21.333333 21.333333 0 0 1 21.333333-21.333333h42.666667zM490.666667 748.202667h42.666666a21.333333 21.333333 0 0 0 21.162667-18.858667l0.170667-2.474667V256l128.426666 128.426667a21.333333 21.333333 0 0 0 28.16 1.792l2.005334-1.792 30.165333-30.165334a21.333333 21.333333 0 0 0 1.834667-28.16l-1.834667-2.005333-211.2-211.2a21.333333 21.333333 0 0 0-28.16-1.749333l-1.962667 1.792-211.2 211.2a21.333333 21.333333 0 0 0-1.749333 28.16l1.749333 1.962666 30.165334 30.208a21.333333 21.333333 0 0 0 28.16 1.749334l2.005333-1.792L469.333333 266.368v460.501333a21.333333 21.333333 0 0 0 18.816 21.162667l2.517334 0.170667z\" fill=\"#1D2129\">\u003C/path>\u003C/symbol>\u003Csymbol id=\"iconusb_disk\" viewBox=\"0 0 1024 1024\">\u003Cpath d=\"M702.506667 85.333333l-391.338667 2.986667c-36.053333 6.741333-36.053333 31.488-36.053333 31.488l1.493333 183.722667c3.669333 13.525333 21.333333 15.786667 20.608 16.512l431.786667-2.261334c19.157333 0 20.608-15.744 20.608-15.744V115.328C746.666667 90.581333 702.506667 85.333333 702.506667 85.333333zM461.226667 219.562667s0 6.741333-11.776 7.509333H366.336c-1.450667-0.768-9.557333 0.725333-14.72-7.509333l-1.450667-31.488s-1.493333-7.509333 14.72-9.002667h79.445334s14.72-0.768 16.896 10.496v29.994667z m212.608-1.493334s0 6.741333-11.776 7.466667H578.986667c-2.218667-0.725333-11.050667 0-15.445334-7.466667v-31.488s-1.493333-7.509333 14.72-9.002666h79.445334s14.72-0.768 16.896 10.496v29.994666h-0.725334z m199.338666 458.154667V344.021333H150.826667L149.333333 810.666667c0 21.333333 21.333333 45.525333 21.333334 45.525333 69.12 83.2 172.117333 81.706667 172.117333 81.706667L669.44 938.666667c66.944-4.48 100.778667-20.224 100.778667-20.224C861.44 873.386667 874.666667 853.333333 874.666667 810.666667v-133.717334c0-0.725333 0-0.725333-1.493334-0.725333z m-127.232-29.269333l-65.493333 40.533333c-0.725333 0.725333-2.176 0.725333-2.944 1.493333-1.450667 0-2.176-0.768-2.944-0.768-2.176-1.493333-2.944-2.986667-2.944-5.973333v-27.008h-176.554667c6.656 10.496 12.544 23.253333 16.938667 34.474667 9.557333 22.485333 19.882667 45.738667 34.56 45.738666h19.882667v-20.224c0-3.754667 2.944-6.741333 6.613333-6.741333h65.493333c3.669333 0 6.613333 2.986667 6.613334 6.741333v66.730667a6.656 6.656 0 0 1-6.613334 6.741333h-66.218666c-1.493333 0-2.986667-0.725333-4.437334-2.261333-1.450667-1.493333-2.176-2.986667-2.176-4.48v-20.266667h-19.882666c-31.616 0-45.610667-32.981333-58.112-62.208-9.557333-22.528-19.84-45.738667-33.834667-45.738666H378.837333c-5.888 23.210667-26.453333 40.490667-50.773333 40.490666a54.4 54.4 0 0 1-52.906667-54.741333 52.48 52.48 0 0 1 52.181334-53.248c24.32 0 44.885333 17.237333 50.773333 40.490667h21.333333c13.994667 0 24.277333-23.253333 33.834667-45.738667 12.501333-29.269333 27.221333-62.250667 58.112-62.250667h22.101333a40.618667 40.618667 0 0 1 37.504-27.008c21.333333 0.768 38.997333 18.773333 38.997334 40.533334s-16.938667 39.722667-38.997334 40.490666a40.618667 40.618667 0 0 1-37.546666-27.008h-22.058667c-14.72 0-24.277333 23.253333-34.56 45.738667-5.12 11.989333-11.050667 23.978667-16.938667 34.474667h229.546667v-26.965334c0-2.261333 1.450667-4.522667 2.944-5.973333a5.418667 5.418667 0 0 1 6.613333 0l66.176 40.448c2.218667 1.493333 2.986667 2.986667 2.986667 5.973333 0 3.029333 0 6.784-2.218667 7.509334z\" fill=\"#1D2129\">\u003C/path>\u003C/symbol>\u003Csymbol id=\"iconUSB_eject\" viewBox=\"0 0 1024 1024\">\u003Cpath d=\"M512 34.986667L34.986667 631.466667h954.026666L512 34.986667zM34.986667 750.933333v238.933334h954.026666V750.933333H34.986667z\" fill=\"#333333\">\u003C/path>\u003C/symbol>\u003Csymbol id=\"iconuser\" viewBox=\"0 0 1024 1024\">\u003Cpath d=\"M747.52 576.853333c114.346667 0 207.36 93.013333 207.36 207.36v151.893334c0 30.72-24.746667 55.466667-55.466667 55.466666H124.586667c-30.72 0-55.466667-24.746667-55.466667-55.466666V784.213333c0-114.346667 93.013333-207.36 207.36-207.36h471.04zM512 23.04c137.386667 0 249.173333 111.786667 249.173333 249.173333S649.386667 521.386667 512 521.386667 262.826667 409.6 262.826667 272.213333 374.613333 23.04 512 23.04z\" fill=\"#333333\">\u003C/path>\u003C/symbol>\u003Csymbol id=\"iconusergroup\" viewBox=\"0 0 1024 1024\">\u003Cpath d=\"M302.933333 476.16c41.813333 0 80.213333-16.213333 108.373334-43.52-29.866667-29.013333-48.64-69.12-48.64-113.493333s18.773333-85.333333 48.64-113.493334C383.146667 179.2 344.746667 162.133333 302.933333 162.133333c-86.186667 0-157.013333 70.826667-157.013333 157.013334 0 87.04 70.826667 157.013333 157.013333 157.013333zM239.786667 738.133333V641.706667c0-71.68 58.88-130.56 130.56-130.56H154.453333c-71.68 0-130.56 58.88-130.56 130.56v95.573333c0 19.626667 15.36 34.986667 34.986667 34.986667h215.893333c-18.773333 0.853333-34.986667-15.36-34.986666-34.133334z\" fill=\"#333333\">\u003C/path>\u003Cpath d=\"M834.56 548.693333c91.306667 0 164.693333 74.24 164.693333 164.693334v121.173333c0 24.746667-19.626667 44.373333-44.373333 44.373333H338.773333c-24.746667 0-44.373333-19.626667-44.373333-44.373333V714.24c0-91.306667 74.24-164.693333 164.693333-164.693333 0.853333-0.853333 375.466667-0.853333 375.466667-0.853334zM647.68 107.52c109.226667 0 197.973333 88.746667 197.973333 197.973333S756.906667 504.32 647.68 504.32 448.853333 415.573333 448.853333 306.346667 537.6 107.52 647.68 107.52z\" fill=\"#333333\">\u003C/path>\u003C/symbol>\u003Csymbol id=\"iconwarning\" viewBox=\"0 0 1024 1024\">\u003Cpath d=\"M514.56 1006.933333c-273.066667 0-494.933333-221.866667-494.933333-494.933333s221.866667-494.933333 494.933333-494.933333 494.933333 221.866667 494.933333 494.933333c-0.853333 273.066667-222.72 494.933333-494.933333 494.933333z m0-913.066666c-230.4 0-418.133333 187.733333-418.133333 418.133333s187.733333 418.133333 418.133333 418.133333 418.133333-187.733333 418.133333-418.133333-187.733333-418.133333-418.133333-418.133333z\" fill=\"#F8AA01\">\u003C/path>\u003Cpath d=\"M514.56 636.586667c-21.333333 0-38.4-17.066667-38.4-38.4V304.64c0-21.333333 17.066667-38.4 38.4-38.4s38.4 17.066667 38.4 38.4v293.546667c0 21.333333-17.92 38.4-38.4 38.4z\" fill=\"#F8AA01\">\u003C/path>\u003Cpath d=\"M514.56 705.706667m-38.4 0a38.4 38.4 0 1 0 76.8 0 38.4 38.4 0 1 0-76.8 0Z\" fill=\"#F8AA01\">\u003C/path>\u003C/symbol>\u003Csymbol id=\"iconAdvanced\" viewBox=\"0 0 1024 1024\">\u003Cpath d=\"M168.96 571.733333l160.426667-156.16M401.066667 407.04l139.093333 178.346667M590.506667 577.706667l278.186666-218.453334\" fill=\"#FFFFFF\">\u003C/path>\u003Cpath d=\"M368.64 354.986667m-86.186667 0a86.186667 86.186667 0 1 0 172.373334 0 86.186667 86.186667 0 1 0-172.373334 0Z\" fill=\"#333333\">\u003C/path>\u003Cpath d=\"M558.933333 546.133333L443.733333 399.36c-12.8 23.04-35.84 40.106667-63.146666 43.52L494.933333 589.653333c12.8-23.04 36.693333-39.253333 64-43.52z\" fill=\"#333333\">\u003C/path>\u003Cpath d=\"M569.173333 634.026667m-86.186666 0a86.186667 86.186667 0 1 0 172.373333 0 86.186667 86.186667 0 1 0-172.373333 0Z\" fill=\"#333333\">\u003C/path>\u003Cpath d=\"M810.666667 355.84L569.173333 545.28h0.853334c30.72 0 57.173333 16.213333 72.533333 40.106667l221.866667-174.933334c-24.746667-8.533333-45.226667-29.013333-53.76-54.613333z\" fill=\"#333333\">\u003C/path>\u003Cpath d=\"M893.44 327.68m-86.186667 0a86.186667 86.186667 0 1 0 172.373334 0 86.186667 86.186667 0 1 0-172.373334 0Z\" fill=\"#333333\">\u003C/path>\u003Cpath d=\"M203.946667 591.36l152.746666-148.48c-27.306667-4.266667-51.2-21.333333-64-45.226667L149.333333 537.6c25.6 8.533333 45.226667 29.013333 54.613334 53.76z\" fill=\"#333333\">\u003C/path>\u003Cpath d=\"M121.173333 622.08m-86.186666 0a86.186667 86.186667 0 1 0 172.373333 0 86.186667 86.186667 0 1 0-172.373333 0Z\" fill=\"#333333\">\u003C/path>\u003C/symbol>\u003Csymbol id=\"iconAllow\" viewBox=\"0 0 1024 1024\">\u003Cpath d=\"M896.426667 271.146667l-29.44-30.293334a21.333333 21.333333 0 0 0-30.08 0L384.213333 693.333333l-211.2-210.986666a21.333333 21.333333 0 0 0-30.08 0l-30.08 30.08a21.333333 21.333333 0 0 0 0 30.08l226.133334 226.346666 30.293333 30.08a21.333333 21.333333 0 0 0 30.08 0l30.08-30.08 467.626667-467.626666a21.333333 21.333333 0 0 0-0.64-30.08z\" fill=\"#1D2129\">\u003C/path>\u003C/symbol>\u003C/svg>\u003Cnoscript>\u003Cstrong>We're sorry but tos7 doesn't work properly without JavaScript enabled. Please enable it to continue.\u003C/strong>\u003C/noscript>\u003Cdiv id=\"app\">\u003C!---->\u003C!---->\u003Cdiv data-v-5bce1a4c=\"\" class=\"page_main\" style=\"background-image: url(&quot;data:image/jpeg;base64,/9j/4AAQSkZJRgABAQAAAQABAAD/4gHYSUNDX1BST0ZJTEUAAQEAAAHIAAAAAAQwAABtbnRyUkdCIFhZWiAH4AABAAEAAAAAAABhY3NwAAAAAAAAAAAAAAAAAAAAAAAAAAAAAAAAAAAAAQAA9tYAAQAAAADTLQAAAAAAAAAAAAAAAAAAAAAAAAAAAAAAAAAAAAAAAAAAAAAAAAAAAAAAAAAAAAAAAAAAAAlkZXNjAAAA8AAAACRyWFlaAAABFAAAABRnWFlaAAABKAAAABRiWFlaAAABPAAAABR3dHB0AAABUAAAABRyVFJDAAABZAAAAChnVFJDAAABZAAAAChiVFJDAAABZAAAAChjcHJ0AAABjAAAADxtbHVjAAAAAAAAAAEAAAAMZW5VUwAAAAgAAAAcAHMAUgBHAEJYWVogAAAAAAAAb6IAADj1AAADkFhZWiAAAAAAAABimQAAt4UAABjaWFlaIAAAAAAAACSgAAAPhAAAts9YWVogAAAAAAAA9tYAAQAAAADTLXBhcmEAAAAAAAQAAAACZmYAAPKnAAANWQAAE9AAAApbAAAAAAAAAABtbHVjAAAAAAAAAAEAAAAMZW5VUwAAACAAAAAcAEcAbwBvAGcAbABlACAASQBuAGMALgAgADIAMAAxADb/2wBDAAMCAgICAgMCAgIDAwMDBAYEBAQEBAgGBgUGCQgKCgkICQkKDA8MCgsOCwkJDRENDg8QEBEQCgwSExIQEw8QEBD/2wBDAQMDAwQDBAgEBAgQCwkLEBAQEBAQEBAQEBAQEBAQEBAQEBAQEBAQEBAQEBAQEBAQEBAQEBAQEBAQEBAQEBAQEBD/wAARCAhwDwADASIAAhEBAxEB/8QAHQAAAQUBAQEBAAAAAAAAAAAAAwACBAUGAQcICf/EAFsQAAEDAwMCBAQEAwUFBQMAGwEAAgMEBRESITEGQRMiUWEHFDJxQoGRoRUjUggzYrHBFiRDctE0U4KS4RclRFTw8TVjc6ImRYOTsgkYJzZVZHTC0kZWhKPiw//EAB0BAAIDAQEBAQEAAAAAAAAAAAIDAAEEBQYHCAn/xABCEQACAgEEAgEEAQMCBAQEAgsAAQIDEQQSITEFQRMGIjJRFEJhcSMzFVKBkQehsdEWJEPBNDVTYuHwF3KCkiVjsv/aAAwDAQACEQMRAD8A+g+p7KzqCyVVpkxpqIy3dUXwzuz62wutda0iutL/AJaoB9RnB/ZbJYCuDukuv218Y0UN/aGT+gmbnf8APP7L4kff61g2s++MKM8eUgjlTS0HkcbKNIOMKJ4KzhnlHxgtlVa47Z19aGE1tiqGzPI3Phj6iF7TYbrRdQ2eivdvkDoK6BlRHvw1w2/1Wcu1ugudBNRVDA+OZhY5p7ghZD4DXSqs013+GNcSZLPJ41EXH6oHk7D7Y/dE3uKtW6OT2LhJcHuuoTHMYkkkongqMcnivUEb/hV8Z6Lq1rf/AHP1f/ulSOGtqt8OcfzOOF7DJLLKcud+SzvxR6Li696Qqun9bYqh2JaaYjPhSt3aQqj4N9WT9VdHw/xNhjuVrAoK5h5EseQSfvhaK5Z4KnHPRteyqeoXzUk1P1Axoe6mxFLt/wAHv/orzR6FMlp4qqJ1PO3Ux/I9Vqrs2GO2O6LifAP9vD4TNsnVlN8U7PCRa+oGBtVK0eX5sNABx21xr5cpnNZsG4BX6ofEP4e0vxM+HXUXwsuzG+I+LNukduWOOTDMc7bOb5vyX5bXO119hu1XZLnA6GqoZnwTMcMFr2kgj9ivsP0b5NXUfBZ2uv8AH/7D479ZeMdN61EOpd/5J1FJvxyp2ryHZVdM8YGVYwyBwC+hQeVg+e28MDNGS8bKVTyDYLkrNQyAo0TyH4O35qZ2MW/uRcRkEDBUhqhwcKQzhPjLIiSDNTk1qcOUwzM6B3TxwkB3XVCCSSSUIJJJJQglw8LqShDjOUZAAOUdh2BKhM4EknrrVClPINJJJQMSc1NSVEOkKJUt/kuA7qZnOyAWEpFsMkjLaWHRN9lt9T4EsvBC9ZeyG60P8xudQ59F4RUxOgeKmElrhzheqfD2/iuomwyEOIwDk91wtXBxlk+kfTOuhqILTyZBrKYU8xj07AoLmNlhdTvb/Lfs4ZWw6jsztXzUDQ5pGThZiSI4OAlVTTWT0up0qUnFnmnU1mbaq3+QwiB4y1U2B7/qvVLhbYLlTPgnYCCDg43BXmtxoZrdOYpRkZ2PqupXYmjwHlNDLT2fJ/SyKeQiIH4kRaIvBxZj0mnwpGyAcJLhHiYHqjT9izXWq4/xGkdSl/maMjKpLtRvp6nxDw79lW01XNQVRdFwMZ91rwKe8UPiROGvG4PIKfGXBmcNknIzBbkAHbCl2ivktlW2pj3A5HqotZTy0kvhyAj0KGx2RwijPLJOKtjg+gOm75Bd7bHJHgOA3Gcq3J9l4b0d1A6110TS4hud917hBNFV07KiJwLXtBGFqrllnnddS6pcjTukkeUlsTOWxJYKQ5RNiBsrKBqr6htH8WoHQtxqAJblXGn3T2NG2d0MlkZCW1mf6MvDhH/AathZNBs0nh32Wt0kbFYnqC31FBWNvFGMhpy4DnC1FluAuNvjqSRqcN0CfpjLVve5ExPTE9EJY9MSRNPuoBtOJJJKAzEm/hTkxU1ktPPBQ9Y9Of7Q2zwYiBUQnXETx7heFTySFwyeey+lCc8cryL4ndO/KV38Vp4yI5vrwNg5Z5wO147UKH2M80uERieKiIcncKBcYjUOEx3BG3srqVgeMHhV0jDG50TvpJ2WSxYPTUTxJNFbbqn5Gp1uyGk4+y1Uc73gFrsgjIWVq4AXeT0VlYbhg/JzbuaPKkx4fI7UQlYt8S9B2DiV14JGUwcqQCCMhMObKOGQZgchCUuZu52UQ8qmNTGu34XoPw36gkp5vkHvwcZB9VgFLt1W+hrIqljsFjgfyRwljgzaur5YYR9FxVBfjbnus98SrZ4ttZ1Fb4tNZQaTkdwEewXRlwoIqhpydIyrv+VWU8lLO0FkjC0g+6alk8w4fx7U2YXq2eWqsNm+K/S80kV1s7o3yPY7fy8r606H6pt3WHStv6gtbswVcQcW5yWP/Ew/Yr5Q6O12Dqe49DV8QlpKvUYA52kYd9J/Nuf1Wx+AHU46B67uPwzvNQWUd1ldU29zuPFPb03G35InHHIzX0K6tRT+6Kyv/wCV/wDsfTmQjR/UooOSN0VvZNXWDyuc8k1vlCegMOcBEacDhKksBBhyiAjCEu5KAgTIXUIE5RBwoQekkkoQSSSShBJJJKEEkkkoQSSSShBJPbHJE6ORmdSScBhEkQp5KY21+IW/y3HbHZSIqjxGgtcpsrQ4YPBVVNBNTSfywS0nIwmEO3GijulK6kqD/LdyspIK7peYUrg59C84jkHA9itbFMXcjldqmR1VM6lnja+OQYII4+ygUXgqKeqjqYhIxwdlHWdqIKvpmqy3MlA87dyxXdNVRVMQlhcHA+hUDJcTtKHXUDK6PIfonH0vTXdt0aI52UIV1rry2U264t0TtOzjw8eyuBGwcBRLjaWV8Yc06JmbteOQo9DXyRv/AIfXbTt2YTw8fdQharo5XBnuPZdbsVCBmnITKinjqYjHIOURkgA4SM5z9IUIZ2eGSyuGRqp3nALfw/dT6SZksfiRuBB7hWT9EzCyWNrgRggjKz1bS1Nlm+apQX0zj5ox+D3UXBCzc3KaYyRhMgq4qmISxHIPvwjpisIY/q/oMdRPp7jQVxobnRgCCYDI0j8Dh6LPdP8AU7mVL7F1E00dxgOHNP0yH+pvsV6iqDq3o+g6ro2xyv8AAqocmCoa3Loye/7K/kyHGWDDfE34Z2f4iWh0EkbWXGFodSzO3DXj1HvsvnezV916TusvSXVzRHURO0xyh3lPO/2K+j7NfLjZ7k3pbq6MwXN2XQyk+WrZ/W0+pz9P3Vb8UPhhbevLe6opmtgu1O0mnnA7+hSrK42Lk9L4Dz9virkm/sPOKaQMkZMMOA3yO69Hsl7hvNNloxLGAHg/5rwa33W62Cvf0/fonRTwO0+ccj1C3NruElHIyupJcY3djgj0K4HktDGyOGfpT6P+p4Uz+aqWa5LGD0meM6gUxoxsu0NfHX0jKhjQQ9ufsUi3crzllbre1n2Cq2GprVlfTIHUFlpL7ROoK1mqNw3Xyv8AEXpGu6Wu8lOYcUrjmN7eD7L66DsbaQVl+uejKLqy1SQPja2doLmO9/RSuW1nF834n/iNWY/kuj48dwVBqI984Wo6j6eqLLcZaSRhboJ5Co5YtW2NwtsZJnybXaazTzddi5RDpXmE4IVrDMJGdlWSx4GwXaOoLMMcnxkc6E9ssFm8E5I4Ud/BUsgBuDvlAcDuOFJLJonyQ3cpqO9obuO6H4h7hZ3HkUHo5BG8Eq9imE0bQ0jICzb8gggqdbqkxTAOOQqNdNmOGW2CDwhuBwphDdO3CCWDfCVYdKC3LJCIOeFxSXxeyHoKWHgakklgqiDDuMILoc5UjR7JuRnCCayU1khAGGZrw3haG23YSBsEx443VLK0HtkocbzDKJAM47JaLpnKmWUbMODuCEJ0e/ooVDWCdgOSCVPBy3dE1g6cLN8ckWUZwhs2IUmQZJQcHsEJohLBMpJWhzQVo6OQFrQFkWAtcCMj81dW+sA0hx9VDZVbg1ERBaN0sHVlRqWUOwcqZgOCpnRhLJKpJA3Y91LBDgqhsmhwIKmwVIwMrO1ybK55JR8u6a86giAhwQiC1C+TWmKikENUMjZXVwpn1lPmM9srPyZBBB3Whs1W2WIMcfMBhIY6qWHgzYhkgcWPachdkYXDZXt0t8gcahoBb6DkKpkjOQCVQ2SKudrozghNac7qbNGJAcjgKA9piJyNkqxZFr7WWdluEtrq21Ee++4Xqdvr4btTh8bgJMDy55XjjJAQFe2K8uoZWs1EfnysNteTpaS+K4Z6aHyU7w9hII5wVrrDdIql7H7am4BCxlHVwXKnE0LsnG47go1NLPRTCaE4Pf3XLvr5OxVYnyj1mOpD9sIzXZWZ6fuzLhHp1edo3C0Eb8gbLFODRqf3ckgjCFLG1/1NB+4RNWrskskkEkCo6mSJ3y8wG30nGysw7UPrUAw6sE9k2KR7JC05wEmUQ2sos09nCDDIHAIw5QNZFvg4Rg55RYzrwEnnDRtnKEwlhWeccC3mTJJOUlwEEZC6gBOs+oKQCMcqMntJKgMlkKOcpLg4XUqTyIaCpJJICh6SSShAU4JwhxjCO4ZwmhuESRB4GF1JJGQSSSSsgk1yckoQzF0ZU26tZVA/y3nBwp7ntnhbI05BGVY1dNFUwuhlaCHD9FnqKWS31BopwdPLStFch0ZZ7DPG5CgVlLHURFj25yrWqhJAkjGxGVDlDmEbZW+qXIbW5YPB/iH0pNT1b6uJuAc5GFgqLVTVGtwwQV9LdRWeK70kzX4BI22Xz/f7PNbLlJA4fZdnTWJoyWw5ybnofqaQyti8XHC9IiqdZBxlfOVHXTUNQ2WJ5aQV7L0Vfv4pSNjmeDIG7FbH0P081nBs4ptjsil2wOOVCzghSGS5bjHKzyi2zopof+F32TKfkpHuhj6ksdAnEjHKj/iKc0nSN11BMbjIkkklSmWJAqM4AwjpkjNWN0yEsC7I5RR3CN2xA5VJVMIG4Wulpw8YLVnrpTOjkLQNjuulprUjl6qlyi2jBdf9PnqCxSwwhoqYmkwl3r3H7BeD290tDM+OVpL4yWuHGCvp2ZjTsRkFeH/ErpaSw3cXeIf7tWuIdjhrud17Pw2sUJJM+WfVfjuFfWufYShkFVROjH1v4C7SyOoqphIVPaK10TRvwdlcTYmAezBJGV7GT+VcHg4WyrfB6v05dfnaZkb35wMhXpdqjxheVdHXY09SIZHYwcbr1GlmY5gdnIcFy9RU0fR/B65amrGeiwstXHTv+Xl218FaaBgznsFjJ2iNzaho+krU2iuir6V3h8kD8lxNTHk9ppLUoqJNkibFUtniaBnlDulOJ6clvJ91IZuGxuHqlgEOB3AXOZuxlEHp+Vvyjqbh8LiCFajlZ6icae9ujjOGyAghaEcqjZRP7doduwB9U9MacjC6Djss8lgflDkkkkBYFJJJWimI8IBByirhAxlaUxLzkBMMgKPwVKcFFkG+AowRzZiNsIoORlQxsniTthQgRcJGEsjCCSc8qkskHnlcSXDwiBGnhBfwUQ8rh4UDIx2OVDqP+2aPVmpT38lVtwzG+Kb/ABaSfZVHsVYSBwuoRIPC4tCEiTZEkOXO2FZDqBcc/LOx6FGamVLcs4znbCtdi7CrHmgh9mJukSN0k4SaCB4f9KbyfTC0RZgsWSpdL4NTKzHCyvVVFLORUxDOnOQthco2sk8Qd27qir8yN0j0WmuWTj62v5I4Ky05NG3O2FQXeoEdWeNt1o6GMxRmPHqslfKdxmkkPZaVLKOBqk1A09FUsrKFmj0Q7W8x3FzMLL9J3UxVbqOU4a7jdayMNgrmy6djjKqL5AptjbHKLBxLZpCByqXqLMlvkAG+Cr5oa57nE7FVd2hDoZGDhPjLbIHUR3Vtf2PCZWlldOCFEuv/AGU/dWt1jEVxl2xkkfuqq5kGmLR3Xdpe6tM/N/mKnXrrIv8AZFpu32Ut7tLOEKljw0bdkSoIa3CYznJZZVSDM5cO6tKXt+ar4vNPghWlO0gBDDsO3hYJI4SPC7pJ7Lj2nGDstnox+yJI/DtI3yraH/s7cqjpiZKzfcA4V9NiKEu9AlRDZn6z/tTkOSTw2ZxlIkyTl/qm1xDISSUiyWDTUtzRnrpgyuccAlU793EKdXy+I7IKhNGSuVqJb3wdyj7I5C0EZEzX4V0G68b4yodFEANwrFrDkYW3R1uEEItknLJYWuE5yBlaGhhdJK2PHKrrZC1kIIHO60log3E+MBv7rq1txJFeyZdKmGzWt2loBwfzK82nqH1Di9xO5yrzqq7Oq5BCH5aDlZ4bqrZ7gJST4GpJJJAIxOaDlcaCTsEdjeDhWHBew0LdjujRRkHJCUTPZSYowE2sc5ZHsB2GFY09MZQOyHTwAkDGVa0zWwtGQtEI5YF00onf7mmAP4VGbJq7J1RMZHkcAIbfMujVHg4t9m6WAy6SMJhc3B3Qy85TzNJZCHlcSXCQOSqbwUdSyWkEhAqqtlKzU4jJ4Co7le5pwaeI5xyQlSujAbCqU3wWN0vgiaaaA5J5IVQx885DpDkDuh09I4NEkhyTum19a6CnLIBjPKw3WuctzNkINcBKyu8KM08Ry53ooEERb5iN0Okie94nk49+6l5ABWNzyO/E74ukEYUSeYDbCfLM0ZCrJ59biN1kutH1rJ2aYA7bqO0EnK59RUuCI6gcLBJ72Pb2rIWmjPoprG4TYow0Irm+6OETNOeWPDcd0M7JEgIMrxpKZPCIlkZUTD6VAe7DifVPmy52zimEZWecsjoRwNa4nsuxx+ZPZESVMhpjscK4wbJKeOhtPCRgkKwZGcA6UoYgMeVShFkcLQqzLZahgbkc8J3hkkDKII8Hj90XQA0FaIxEfIR/BxvlOc8xDynfsn6tRwFOobWXkVE5/wCUJ2wOv7yNS0NVXta6ow1vor6mpGU0YDcfdNjAbxwF2WYMAVOOTXBbTpPJwoNbcIqdmokamnjK5VXAlhip/rd2RLbYvGk+crCdR4CBy2mmEJXSSiRoqW431/iyNDad3r3Wjttvgt8QjY3fvupMMbYmaI2AD0AR4oyTnskTnk9DpdJt5b5Hx6S3BaiFsfcfukA1g9FbWGxzXScTnLYYzgk7Z+yzTluO1p6JSkopErpqzirk+ZezyMOxW0xthMgghp4mxQsDQOcDkoh2GUKaR7PRaeNENqBhvO6C45PCe9/ouBoG5VHShHByKNhI1DKI5oDduE0Ox2Q6icBuFAbLFFAKl4Ycbbqtkk1PzjhPnmEj9ydlCnlDRj1TIRycnU344CzzhuMdlCb4s0znvOc8ey61rpXgkqZG0AcJ+McHJsuywkAxhSwRjlRyA0YQ5H+hKmzLyJ+Umam42IUaWVrtycAKO2c4Iz2WP6p6vioY3QQuOe5B7rXTTu7OV5DylOjjusf/AEL+89TW+zRNklcHF2Q0A4zj3/NeWV12vXV9zbb6KRzy4nGNke1Wu+9bXR3gxkx7a39omnjb33/Re6dL9F2bo2hdIWF9U7GZPxv9iVuhXGHR8x8v52Vq3WvldR/RnuhvhjbelqX+M38Dx2gPBJ49VrWz3Tq+MQ2UintYJaZXcv8A+U/qp1LYrhf6uOqumYaBg8lKTu4/4lrmU5aRpG33R5PEXaqV83ZL8iss1gpLXSNp2sy4cu9VbRRZ8oCII8gbJzWae6mTDy+xhbp7J8jdWF1z2t2JUeevhicY2YfIPwZ5UyTA8gAE6xgKgu/UhpZBT2dnzVZ20Hyt+5Ux1tuV3nc2sPy1GB9Eez3H7qztlhoLY0iKLLjy48qpSwVGKjyzJUnSFXepRcuqHCUv4p85YPyWqmFHaqQOJDQPU8p92uNNbafxZeeGNHJKyT4rje3GWvOmAfS3KU3kbucuyHc77cr/ADeDapNFM76Xc4/yQ4qGC2QiJn5lWckMVHGBGAMeiiyxax4swJceB6IJz28HovCeFu181NpqH+OyulfU1bDHTkMYfxHuu09tpKZpnczM39aLLURQMOkgHsAgQyVM/wDe/wB3nj1Wadm4+0eH8VHT1pRWEg5qmjLWHJTMyP8AqThG04OOE50scTcvwAO5WeTyevqcYRwgekgoFdc46KLVI/HoM4VZcb98wTS2huuYHAKNbekK+eUVN5k1k7hpPCFFTuj0iI6Suuzv90ixGfxE8q4t3TEcLQ+pxI/lX1Pb4aZoZDE1oHoEcxgtxwib3GaU9zIUMMVM3Dhp9F15nP8Ac8eqkina86nNJwmT1VLSRF0z9PoPVNrg5dC7tXXp47rHgA2nbI7NV5gimqttIAIzhUVw6mp/D0QAlx9FQTV9bK7LTj2WqFG48f5L6z0umyqnlmpr+oGtJEeWgd1QVV6a4ku1nPuoDaeqmOuQnf3RWW10mAd06FW08J5H6t1WqzhgJbg6Y+R8g+5Ud7Hz4a6Rx+5yrqGyRAZMeSptNYGkhxiwAtMVg8xd5K6382ZuO3u2Icp1Pa5ch2sfotLDbKaMYMYyFIFNGN2MGUZjlqM9lCy1ybfzB+imMpDCBqcDsrMUU8pAbFgKbFYaibGrYKtwt3JFGyIk8IzNeNIYThamk6XAIc5oKs4rTBDjETc+4QOwS7jFxUFwnH8un/VWFN0q97Q6qlDSewWvFLpxhoGfRPFHnOOQg3indL0Z2DpuiiALg535qyho4YQGshAA9lLlloqNjn1U4Yew9VXm+wkaaOmkneeA1uymULct/LJ2RgDAGE172MGXOH6qJFT9WXOTw4bbHTsxu6QYUim6Jr55SbpWaW/4DyqcsEykAlu1NHsDk/dRX3Osm2pYyffhaeDpK104AcDJ7lWMVvo4mBjYGYbx5UveD8hg/lL9VOGI8ZUql6TuVQ//AHmTSDzlbgsZGAGgDHoEzxSB9lAPlkvxM1D0RA1wMzgR7FWVN0zaYN9BJ+6sH1IbthAkqGt4KspTlL8gkdFQQ4DIzt7o2qCLYYCrJKvB2QZK8D6ihkskayW7qprc7hRZKxoP3VRNdYm4GVCnu0RAAJJVBqCLmoqWOwVClrmgjKp5a1792lx+yjvFVIfJqP5qBRxEu5LmwDZu6h1F3k4yVANFWvH4gkLFcJuCSoFuHy3LUPOSVDNUxzicKwb0zVYHjgo7OnmRnLwVRecFR8wMYa0klADpnOwInfotKy2U8fLE/wABgGMY/JWV8m0zXylRLjDCEWOxVTyNeAFofk5iCY2J4t9SBxyglLaA7MlRFY4owPFx+SkxUFBF/wALDvVWYoXAfzQUM0zgdgEJOwAAAxGMeiX++Eb/AEp66A52wBKvBYHQSQXcpxdoHCOKGpechqKy1VD8ZGVRT4IPzITC4FXDbEdi6NSmWaFrRr0ghXgHc2ZoRuJwAVJho6h3DditA6moqYAkNd9lHmu1spR/SiSyWotkCO2TuI1DYqQ22QxjP6hV9f1fSwbRO7Kiqusnyn+SSfzRqGAlDJr3GmpR5jpVbU3i305y6oAIWOfX3a6z6PFcGuU2n6XneRJXP8vO6IdCEY8tkqs6z1OMUDXOHAKr3zXq5EuihIB9Sp7aex2x2rAc8e2cora+tuI+Xt9E6Nh/G4YBUDbSK9liZgSXKqbvuQiD5WD+XbWlx7kBWtN02+VwfX1Jwfupr4rZbcBjASO+FAHLPBV0dur60YqiGxd2qc+GltzANQaB2HdQbh1A8AiMaQFnaq9vqXaWu1lQpV5eWXtd1DFTeWN6ztf1FJU+WN+T6LkFrrrhIXOYQPf09lc0XTVNT/zJmNc4+oUG7ow7Muyhu12foaHAd1f2/pumpYmGZoc8cZHCug+np26WgNxtsFGkq3OGGhQF2N8ROjEQGTsEGWqD9oxkhML5Hu8zspri1hGVC0m+Rjvm5jpd5W/dNEFNAQ52Mn1Qp7hg6IDn1UKSd8jv5js+ygaRMqatoGmMlV7nOc7Z5yeBlBr7lR26LXVSaSeB3KoX1N7v+YbPSughPNQ/Y49lBsUvZZXC+UtuiPjyl0/aFpy5yhxQXnqNpNWGUNE7cRgYlP8A0VvbOk6C3MZLLmoqAN5JfMcqz8P+kKBSlFdArZb6a2QinpWaWY9eUct3O6TQ5OLXDsoIlLIzT7pObobrccD1K5PNDSwuqKl2iNvJKyVfcrr1RKbbQ/ybcCWvm75HOFAq4bnl9AL/ANY1NRUts/S8bpqxx0l4+hn3KsOn+mqe0sbVVL3TV7hmSQuyPsFItFgobMw/KsBkcMF+Nyp0krmbN3Kg+bj1FDXty45TcwQccphFXM4dmo7aeBuHP57onLIAxofJ9Dcj1RGU5bu5cdURxDTGgyVT5Bgqm8kJHiMj7oMtY140xk/qorpC4keiY1uM75yqIELtRySuEjCDk+pSyfUqEE76ikDg5XElCBtWBwgulyk6XI3UVz1AorIV0g3UR82xXHSZJwgaiSoM6E55zwhDlGwCOE3w98qg4SxwIcLqWMLhcArGHHvz2QpHjCT5AFEe45UCSHOI3QsFdBOU7bHuoGMSSPKShZ+jqz3XNiN86fmhh2qIf5sLhyHD0WhSIyMEZBX4nP3aUPSN7/jlhpbiTl8jf5uefE/EraRodhY63D/Zbqma0Hy0dyHzFO3s1x5aP3WyBJ7KE/uRnt2XlvX7ajo3qqy/EW3NLWwSto64D6TAf6v3XrD26gqLqjp+DqOw1llmA01TCw5Vp4KfRuaYCaFsn9Qynlq87+CF7qKjpGTp+46jX2CY0Mpdy6Mf3Z/QH9F6CDnKpmKw6kkkoCNc3UQvEbrHL8LvjSLk3+XYuti2OpcB5YqsZw7/AMROF7gsV8W+jm9bdGVdriGa2MePQu7tnbu3CdCW1hPo1g3AK6CQDhYn4T9Zv626QpbhUjTW07flq1hO7ahmz8/stsBvnKdn2ZrF6RneomPt89Nf42f9lcRVuB/4B7474P8AmviD+3b8IjYeqKH4s2eDNB1E3wKt7G+U1bR5Xf8AjjP7L79qYGTwvhlAcyRpa4HuCvOuuOgaT4nfDu+fC6+EGZtL/u8rxxyYZMnjBA9V6LwHkpaPUwlH0ee814+Gt0sq5e//AFPymp5sEDKs6WUkgKru9suPTF/renLvTugr7dO6nqYnfgkaSCFNppDpG3Zfe9DqYaiCnE+A6vSTom4S7LnZ7MkhRJ2GIawE6CQnSi1EeuPT6rYzBJ44H0knH2U/XkDZU0TzG4A7K1p5A4BFGQm1BwcpzPqCa1EaMFaEsmcIOF1cHC6rDEknpKFZEkkkoCMT0k5QFLIzAXRykkOVCIIOEZBHCMoACSRVx/0lQgBJPc0k5ATFBo9cLQTkrqSAEBNCHMLTvlRrNcJ+n7k18jneFqzkH3U93BUCti+YhIx5mbhYtVUpxwbdBrZ6G5WRPoSyV9HebZGW4LZG5afustdba6jrZIyPKTkLI/Cvql8VYbZUv2OAzPsvVrxQCupm1UX1NG+O687tdLwz7ZotRDy+njbHh45MBJE6GXDtgVRdV9Nm5UfzFMB4rPNjHK29dbTLTlzRhzN1WRHUwseNxsQtlV20y67xytrdcujxFw0u0u2I7J61XXXTrqSYXKBo8J5wQBwVj45MHSujVapnzTyWilordj6JK6BhNY7UeFIjAI4W2COY3gjuYM6u6n2e4GjqGtd9LjgqPI1w5HCFp75TMYAm9ywau6UcVXF4mkHIyCFmSzwnujdsRsrex3Fzj8pUOyPw5T71aDK3xoBuN9u6gqKcOWVMJDSD+4Xpfw+6oLj/AAyR5w3gOPb2Xl0b3sOh43CnUNZNRVDZ4SWnO/uEyEsMXqaYaiGJI+iSc+b1XFQdG9RR3mkFPLIDJG3nuFonMI52W2MsnlLqnVNxBgHKKz6Qk0DOU5NQoYnjZMT0ZDk0TJo3RyNDmuGCFmKSSp6bubmTZfRz+VmPw7rVqFdaGOsg8JzdwDgpUo5Gb1jBYxPbIwPaQQ4AjCPq9lnLFXOhd/Dah2XsG32Wh1ZVYEz4CJJiSMoekkkoAJJJJQglBuluhulBNQTtDmSjHG4PqFOXTs1DNZQ2qx1S3I+cLza57PXyW+pGJI+dtvyVNWRB7Qcbgr2n4k9Lsr6d12po8zRt3x3AXkD2ZwXBZJw3M9V4/Uq2OX2Uk8ekgO2wq2pbJSyipjd37dle3CnL/wCawYAVaGtkBY8ZBWOyOHg7dU8o0Npq219K2UcgYcPdTW7EbrF2+rlttbiJ50E4IPC2rMPaHj8Qyqh93Zi1NbhJv0Pe0PbwoMkRackcqe3dMqaf+XnCYZFLkrk7fOU08pypPDHvlcm56GvksOKYv4PB9F6hBU5AOF4JbKt1JVskBwM7r1fp26fNQhj36jjIWqLOD5DTf1oH8SaKc0kHUtvZoqrd9crTvo+yJ1dT13VvStr64sjy+62f+cdGxy3BkH7Od+3utJpbLSyU0jQ5kw0ua4ZBCxvw2q39NdT1nQ1e7FNXZ8Au4Dh9B99iR+aIRRLbFOP5R5/6e0fUXwp65p/iH0TQdQwEeK4eDUNByWytA1f5rZsIzsvlf4X3qf4RfFmToeWcix3/APn0ZcMNjl9P9OfRfUEbjqRp/vs895CiNN2YfjLlf/v/AJLCN22MIw3yoTHbKTG/fhC+TEFSXARhdQECp6jow5UBawFSXAey6oEOSSSUIJJJJQgkkklCCSSSUIJdBwuJKEEkQHAgjlJJQhW1FO+nky3dp4TfFBxtgqymaHYBGR6KsqaZ8b8jgnZGWhlTTQ1kDoJmhzHDBysQ75jo+4mOZrpKKoOGu/oK2zX42Kj3W2093oZaKdgcHjYnsVFyMRFhrYp8GNwIIypsbeHLzumuFZ03czZ7iTpaf5bz6dgt1R1PjxNdkOGNlbWAmizaTghV9xtorY8tdpkZu1/Ba77qVG/I4RW91QJUW67Tsd8jcovDnb5W+sp/qHsrcHPIwod0tEd0hHn8OWPeOQctP39FDtN2kErrZdB4dTHs15+mVvZwPdQhdAnOE8Y2Q89l0E5UIH+yWAeQCPQrgPZdUIZu522ptVS652zVJG8/zKcdvUhTaCthroRLEfZze7T6FW4aHHB7rP3y01tvk/ilnI08ywgbOHr91aeCFmkBk4Ua3XCO4Q+I0aS3ZwPYqYD3R4IVHVHSlu6rtpt9wDm4OuKVmz4n9nArA0NzufS1e3p3q1pa6Q4pKvHlqvfPY8be69ZafUKF1DYbZ1HbH2q6QeJDJ29PdG0GeP8AxP8AhnRdZ0JqqZgiuMIyyRowXexXhlFdrl03cP4Ne4X4Y7S4HbI9QV9HMqLt0bcGWHqSd9Vb5XaaG4kYAPeJ/o4bLPfFn4bRdUUz7tapImVQ5ONiQNsn80i2pTPR+A89d4q1LP2mQst4NK9lZRyB8TwNTRwR6FbmkrYa2Fs8Lsg8juF4XZrlNbJH0pYdUDtErHbb+n7L0Ppi8tDXTQ4fG4DUzOMFea8h42X+5A/Tf0X9WxSjRZLMWblrw0jITsggEIMD4qum+YidkjlvomiUM2dyvP4ecH15WRniUWef/FXoClv1ukuNFTgVcYJIaMal80V9FNSVDoJ4ixzTggjuvtpwDxjY/deK/F34ePlc672+Fur6ntaOUyE8HkfqLwq1MXfX37PAZY9WxUR8bojraN1b1dO6CQtc0jPYqFNFqGO61Rlk+XX0OuW0bR1TnyeHIVNkYCPKcqpMZY4uaMZU+iqPEb4R5aMp+cgxlxhiLMIJAB2GMqwEWoIEsXYhVgNx/RGXGktOpp3TiDnhNHCRY8Argt7bWvfiGQ8d1Y6STsVn6dxilEgV/STRzN1Nd+XolZOro7c/azjmg42QiwYUp8e+xQmxl3dTg6Hxojad8YTsDSi+H/h/dMSXLkF146BFpzwmFpwpWG/0/umFgcDgKOWULlHBDLPdBkZjupL2uaTshPOrbGMIEsinwdo6p0MrQeFoqaZsrMghZfGDlTqGsLSGuJwiwPqs28F4QM7cLgaDyE2F4cBkp790Mo46OhCe5ZE5KGRzHjCTjvhNIygRpi8GjtlYSADhXUTg9nKxlHMYpWtzsVpKKqaABnKs3ae7PBKeXBwIR4JSeSmktkGUDOkpeEzowlgtqeoJIB4U14BaCFS08mCFZ09QNOkpbNtcsg5GkOOyPSzup5mva7bOCF14B3UYtIJ7JMoZNG7a8o1wf8xThwPbdUNfTGMHy7I9mrjG8wSuy0jbKsaymFRA4sxk8FLwa4/fHJltxkIFTEHxnA3VhU0ro9sboTWHIyEt8guP7KbU6M6fRGjmBx2R62kGTJEPuFXiNwPuEqcAFlGs6d6hlt8zQX+Tj7hejUtVBcYBNA7kbj0XicUxZsVrumepRA9sLnaSPU7Fc+6rd0dbS6lJbWei0tRU2+cVMBIwdx6re2O+QXGEAuAeBuFgrZVQ17MuIyRypDfmLZUCeAkNzuAudbWdauzJ6e13siA5VDZL3DcIg0uAeOVdNcsNkDUmmSEzwxnOUmn2XdXsszQzJyKV0bh3VjFUBwA2VaQuQyua/BHCVKORUo5LgOzumuCFA8PGcqS0ZzukzWRUvtGROIOCjIcjAMEJzDsAs74Bf7HLrOVxOaMH7q0UwrV1NanIGhTQ5JJJAAJJJJQg9Nc7T2TkOobrjLPUYVpZZSCRyNkGppyPVPWZoKyst9wNFV/3b/oPYrSt4RtYAbwdSSSVFCSSSUDEqW+0ZewVUTfNGc7K6XHAEbjKcuy08Gfo635iAeo2IXKloOAAgXWnNsq21VM3Ecpw9udlJ2kYCDyMrTCY5P0V8sWdiNl558ROlhUQuroGjI3yAvTZI/bKg1FLHMx0EzA5j8ggrpae3aDKO4+XKuBzHlmNwcK96Svr7dVRtLzjOMKw6+6cfZbrJ5f5bnEt+xWMe50c+phII3XXqnvMe502YPoizXWK5wAtcC4BWgGF4x0Z1LPFK0CTcYyM8hex007K6jZUMIyRvhMlDCOjTepkpNPlIxumMcdOHb4RMjUMrJJYN8J4DNBwkiNHlQiDlLGp5OpJJIBgl0bLiSMhyQDAwFV11IJmkY3KtyMoYaAMkZT6puPIixJrBga5hjmLOMLN9WWiLqCyT0EjRrIzGT2cvTbrZ6euy+IBjuxWSr7dLSuLHDUPVdzRapweTyPmNBK1OMej5qjbLQzyUszcPicWkFXttqWvIjJAwMjdWvxR6dFDUMvtLCAJjpmLR6cf5lZGhqwHDAzhfSdDqoXwTifFPJaWeg1DjL2aNzpIJRNG7Sc8hej9IXh1RCIZZdTgNl5vkSRYznZTen7lLRVbGuccZ9Vqur3o1eK10tNasdHtcf8ANiId6FPs1XNQ1DIozgE7qrtVybV0rZG4zjBU5h8xIG+VwNXThn1TSamM4qUWbeOQOGod+6I04JVdbZw+ma07lWIfgkYXIshyeionvjyVF5pzFIKmIEO7EK4oZhU0scwOSRv90yeBs8LoyM57qFYZHxmajft4bsrOzRH7WXQ2SSSWezk0psSSSSAISSSSgY1cPC6uZCZXkWwJBzlAcNlKOEJ/BTmLZDkG+y43snuCETgqysoLk8JJmcpKFYHrh4SauPGcKExyMPK4dl1JQIDr9Qq+7NLqQ6W5LDqVg7DUGsjbNTviI+tpCYo+xRBgdrjY7OcjKcotqcXUug8xEx/opSYKfYlzGV1JQoYmntlOTTwFaFy6KiXMc7wR9RyFzGEW4xls8dRjy40lMJHICbExzXJBuUeuAuHIWelGoFp7LT1JMkZZjlZisYY6hw4C0weDmamPAqOFr5NHGyqKi2xyy1EUg5GQVcxgxESgcKJVDE5cBynJnJtpU+DzSrppbddmhmWkO2PsvQKR8dXSRTA5dgB33CzPVFDJHUNqyMtdsD6Kw6Yne6N0Tnbcq0cTTV/BbKv9mihJ8bwkO4RZY8Ecp8QxUMKfc3YbkDkJsXymarY5WDw/qil0XE6e7nLO1gIABWr6saW15J/qcszWgkjC9Fp/9pH57+pq1Xr7H/cFCPKMIVUeykxA6RlRarlNayecjIFTN/mB2FbwMxp2VbSMy7JCuacDTwrrWCrZCDRjhBlGAjoExWp9Cl2QKMZq/wAyrW4uLaUj2VZbG6qs7dyrG748AAJK4LbamolJStPiFRL3Ppicz0VhTgavyVBfJjl4wseo6N+nWZJFC5xcdyn0zSXjZDbypVM0ZGy59Sc5cnUfCJ9O3Ddip1OwndRoGehVlSx9yuzplhGScssvqCF0jI42Dd2Fe3B4oLW9seA7SRn3UWxQtDRK4fSNlT9UXTx5xSxuw2Mb/dbJNRQSlhGekcXuc5xyTlBPKKXZzk7oR5WaTyxeW2OJGEItJK6CcogbkcIG8Bo6xuTupUcfBIQY2EHKlRsLgN0xLdgbGWA0TdwAp8EWrGyBTwkkbcq2o6XQAStEIhdhKaABuS1Nq5S0+E0/dGnmETQAFCLi9+o8lbaq2zBqrv6ULfuiAZ7po4TVoXHRzZLIbJXEJcJwETaRQfZu+VCrbhHTNy7n7plfcY6SPW879hnlZiSeavqcyHY8LLdd6Rqrp3LLC1VVPV1PiFxI7eyPTQeFhxGT91yKBsZ8ybU1LWN0jdYpW45Y5Rxwg1XWMhi9SdgAqzU6clx7rj3mZwJCKw4H04SZWbuBqWOx0YDWgZ4Q5psDASe7BwodTNkbLLZZgZCOWMqJzn7qESXEldfIS7dFgaQQSFjsm5vBpSUUKKJziDhWUEeACQuQRDAJGwUoYwMBVGOBdlmeBAYCR4TsjCDI4AEo3wK7ByS4yFEklLtl2V5LtkMgk8Jc5N8DoxGglxKJHEdXGMp8cJdvhS4ocY2UhHJU5pDYacYB0/upsUW42wnww8YClsjwQtkIGOywZHFp4b+6O1oGCnZAGMJmcnCcoGVybCkAgdsJrIpJzhrdu6KyjllIxsCrGNscMYDW8JkYjoQ3AqWgii87mgH0KlGXRhoGUF0hdsBhBfIGcnlH0bYVf8qJMlQA3OwUR3zNYPDhHPJXIqSouE7Q3aAbklX0NPFBgRtxhDOWFwbqNM5PMiHarQylPizYe4q0azJ24XQCVIhjwckLK3k7em00V0PhhyMuCOGtaOQEmYLeMJ1JRvr6ltPH9R/yWeXJ2tNTJtRiTLPZprxUgNGIWHLneq9BpaeGkgbBAwNawY2QLZb47fTNgiaBsM+5U1u2UqUkkev0Wj+GPPZwSY7IFRNkAYRJDpb+SiBxzkhJTyzrQgksnWEuOSER5wutAA2THuDWkpiLnLCBvlABJVXV1TnZa3CJW1HPb3VU+QuyeUSWTl6m4I+XTvnKCXGQ5Qi7zblFbnGy0wjg4uo1GeAsQ0knCO12Ao+rScYSdKSMgJsY5ZhttDPq/ZR56prAA5wGrj7qur68RDyjf0WUu90nqWPgc7bjC3U6bPLPL+S+oIVJ1UfmSeoOrXAmko24JzqeHdlG6T+H166wuDaqujDaFx2c841LT9DfC2e7ysr75CWQMw5sbtw7/mHdez0kNDamlkIDGkABoHotUYKPB8z8n5iU5NJ5k/ZU0FltHSltZBFC0CMYaPU+ytrPZZpahlyuOxG7IC3Znpn39lJorNLW1AuFcAQP7uM9h64VyyDG2MK20eVu1EpvL5OOaCdgF1rPUIvh4TyAMYG6U3gV8mWCDQBwmPacHQMkqQ2CWV4bowPVSW0MbMEFVkFywVAo6mZ42DW+ql01rpoyHOYHO9cKycxrW6So73iNpKmSvkOnTGAedKqrneqWnjIY7MnZvK7XXPQC2B2pztgFXwULC9tTUt1P5J9VM+w85IdPQVVyqP4hcT5PwRngBdrqmFpdS05BxtkJ1yvTXSfI0v1EYLh2Va4RWumNZWPAZy4nlKskeg8P496ixTtX2+l+2J8ZDC+T6QOVnqi7PqaoUlvJcDkGQjytUWoudf1JMW0sz4aHJBHBKsaOjio4vChGw5PclZLJ5PtnifH/AAwUprH9v0DgodDjLNiSQ8kDZHZpbsd/ZDqKswA4cGjvlVZnq7q8Q20O83/Fxs1K5Z6SMlHon112pLfGTO/Dvwt9VVQ2i9dQTCWcCGlduGZ7K9tnSNPE8T1zTUTerzlv6LTxwNjja0NAA9FA/n9FRZ+mrba2fy4Guf8A1EK00o2ny6huFV3PqC12yHVNMHyDmJu7iihBzeEZr9RXRD5LJJInBuRkHIUWrr6Kj/7TMGLJVfVF3u2aenjFLTDgt2cQq/5IufqnqJZj6PcSFqr0r7keM8p9caXS5jp/vf8A5F3cOqnl5ZbyWgfiPdUsoqqt3iTzOcXHPOykR0QOCWgKwiog1o8oH5rfCqMVwfNfIfUOr8k38smk/SKdluJ5YpcFvAIIG6t4qZp2DcKVBRDVxhEljo4rtwVQoXHALVPprcAQcYVrFbXyY8NmVY09gq6ggeHgKspCZ3FF8lGzGApTKaaXDYmrUU/SbAGvkcM+itqW0U1O3YZIUdsfRnneYmCwVcpGQcH2VvS9NRxkGVuCtQIAzhoAXTBrGCOEG8XKxyKeKzUzQAGZwpQoWRtDQ0YCkzT0lFGZqyojhjHJcVTP6uoamo+Ts1FV3CQfijiIj/U4QbmDuZZxQAnYAIVZUW+gYJq2rjhac41HnHohHp3qu7Fr562OhhdzHGBrA+5Cs6HoOxUTxUSw/MT7anzeYlVKWAt0fZnnX6WsAbYrNVV/o9uGx/8AmP8A0RR011jeWB1VWR24OGS2HzEexO2VuQyCmGImAeqb8weAEtTyLc/0Zeh+HFvp3CavrJqqTv4jsj8lexUNBb2BlNTxtxsMNGSjulc87oLg52Mg7K5MFyyF8c47pjhqXHPa0ZJGyhzXWliyC7dTn2DyyYXAd0KWXAzjhVFTe4Pwu3+6guuE8uwOx43UD2+2XclTp54QJa6Bo+tVRFXKQ1oO/upMNjuM27Yyc+qvcihstyizjcoMlYXDYZV3B0pKWtdM9mTyMcKwi6ZoWAF7clD8hDIGaSU4aw/knttlZUD6C0FbintFDTHLIQT7hF8Jg4aB+SCVuCZwYVnTVSTk759lIj6UB3czHutl4bfQJgCjuKUsmXi6bp4x5m/spTLNSwkHQCrrQM4O64YgDnCvOeSbmVjrdSgf3eMJohazZjVbeBE4eZuUtNNFg+HuoTcyo+UqJCMRrgs88hGpwaB6hXInmG1PGMIUgr5Bgs/RQtyyV7bNE3+8kaU5lBbo+QCQpfgSAfzCQPugPNNFnXOB+ShXLASxwMP8pgQJGF3snVN1tlPzOCR2VbL1VbWHAOVAsE51P4mMhcNAzuqOp6teM/LRbeqgSdRXKY7OA+yg2Mcmq+SpWfUBj3QzNbYMODmrIy3Ovk/vJ+VBmrAzLpZdz7olEuNf7NxJfLbEP7wKJJ1RTx/3LlgZ73Tx6g06z7bqKK651X/ZaKZwz/SiwHtx2b6o6wxsHYVNUdWVLnO0yOP5qnisN9q2NeSxmr8J5CtKTot7g11VUNJ7hGoEiorsg1PU1XK7HiOH5qERX1jssZK8n04Wwpum7LRnXU6dXqVyS822kcYaKMSOHADQrSSC3pGapemrlWPHix6GerlbU1htdtOaidoPdT/mL/cwGU7GQMHJaMEqRS9Mtd/NrJS953OSjAlJS5RWPraaJxjtdG2YjguHJT46C83Fo8eTSD+Bp4V62koqJoaWsaANtlGmvUdKcRN29UBIy3vAOn6ZtlIBNVuDnAcO3UiS50VPF4cMY8u2wWeu3UcIaZZH5d/TqWfmv9RXRuit0Bc88j80Iah+zT3C9OfuJNICzlXd5ah5ZROdK7uiUnTdZWhv8XqXRsIzpY5XVLSW60RFlNEMjYHG5KgWYx6M/DaL1cj/ALwBCw+qvKGw2u2sDnFrnjkkZR/nKicYyGj0CZ5icuOVCnLPRJfUxAYgA29Aocz55tjJt6Io0jhM1YBOOFAHz2RnMcSAV1waG77YQqqvhg/vHBv5rNV/VLWymJj9YHYKBxgX89VHH5WHJUGWeWXl23oFTMvE8u8VBM8nvjZFMd6qwBIWU0Z/o+pQ0RikSa24UdDFrqH4PYDkqofcLtdG+FaKMRj/AL6YbqxounKSOUzTF87z/wB4chXUdM2MBrAGj0HZQqUlHooLd0o2JwqrjMKyc7nxTlrfsFdRxiMBrQGgdhwiFhJwN0aGIg77qCpTb7ONDsbroi3zp/dSBEOcLobtwoWR9DRjsodwucNKDDC0yTjhoGyl1bmMA1OVRNV07XEwM847lQtIrX0VXcJHVF3l1Rkf3H4MfZSxURgaKfBx6dlHqZKip2MmG+ydTtZGAA3ZQYuhxFRI7JlcwegT8aANTs+65rCaXZUDCeOBs05Q3TOcMFDPKYoQ6Sc5SyVxJQgkkklCAkklwkYUIOMpIxhC1eyY6QAlDL85CgUY5HvcBtqCivO3PKa8kuzkpricBQZ0cJOeVxJJQoekkmOeAFC0snXuAGyhySEJ8km6jSPz2VD1HInPc7lNSSVh9DUs9kklAxJJJKEP0aSSjIkibI3BB9Cu4wvxOfu1r0Zzre2OrLdHcKUYrLc8TxP9AOys7Vco7pRRVcYGHtBOOx9FOexsjSxwBDhggrIdPyGzX+qsErtMMpMsOfU9lCLpRNWo45UhR1CMwkkknRnxVobm3+XbOoYxR1GOBOPoP55K9eDRwvO+v+nj1D01U0kW1SweLTPHLZW7jC0vQfUMXVXStvuwGKl0QjqG92yN2KhkuWWX6SSSgoYmHzc9kZMO6uLwyHibP/yafGxkAHhWXrdvif4Y60c/+bP7L2VrsduVi/jD0Y/rLoiro6Dy3WkLau3PHInZktA9Ef4WdYN616KoLxJtVtb8vWxnYxzs2e0j7p+7d0A1k2JKoL819BUwXyFpcIv5VW3+qnPP6E5V/lCqYGTxujkaC1wLSPUHsnaex1y3Ga6rfHafCf8A+EG+Df8ACL7QfGGyxD+H3Zopbm9jdm1DW5ZIT31sx/5Cvkq2TF48F5Gpi/XDqbom3/En4c374SdRF2Wwlsb2uw9jHN1U9QDx5XDj91+TXUvTF16I6puHTV2jdHV2yofTTAjHnacEf5br699JeU3RVc3z6PkP1b4nZN3wXHsmxEZBBU+MAgbqjp5Q5zTlXFP9K+jQnuR84tjh5BVDC14x6qTRygENPKbNHrGR2UeHMcwcTwmIQ/uRdjfdEaclAicHAYUhn0haISwjK1geOERMT0RGJJJJQFvAkk5JQpLIkkklAhJJJKEHM+oKQCMcqKnNJ1DcqFNBklxv0hdUFnC0E5IQ0VCUIMSSSUGjyMjCDgIyElSWQStq430cza6jcY3tOfKvcfhp1b/HKAU9W9rngAHK8ckaHjBTenLtU9L3ZkhJMDnZ2PGSuTr9HvSnF9HtPpTz38DUKFz+18Hv9bbvla805Hkm3asjc6R9vrnZaQ1xXoFNVQ9T2KG5UrwJoACcbnhRb1Zm320tfTgCoi3IPf2XD+RxeD7DdplZHKMLU0dNX0roJ2B7HjgryDqix/wa4PbG0iMnyr2SjY8F0Egw5hwQfVQ7901TXqndFKwB+NnLbp9RtZ5XzXh3rKGor7l0eJMI7KVA8NcEO6WyW0V0lLLnyOI3UfXuDldqq3ej5dfROibrsWGi2dG2VoLVGIwcIlHMMaSpE1KHNDm91pTMe7ayvdrY4OYSHDgrS2i5iphEU5Bdws9K3HJQ4JZKeTWw4Rg2fdHBa3e2vp5TUxjLDvsoLZRK0BuzhyFoKSYV9IY3nJI2VBWUctDOXY8hUXYtNrsuumb/ACWe4RzEnRw4Be4W65xV9LHUxEEPaDz7L50Dg4B7Str0J1Y63zfJ1khMbsNBzx7rXXPBzNfpHP8A1IHr6Sawtc0FpyCnLQuThdD05NTkZTEThOLQ7kJpGU7T7oexWXnJUXahDgKunBZKzfIVhbqt00LBLs8DBRyAeRlQfAdFP4jRgeipIJvJcAZHKWn3QIZw/spDTlGCdSSSUBEkkkoQSa1OTWqpdEQORodjK8L656dd09dDEwDwJnOfER+4/LK93We6x6eZfrPJGB/OgzLEf8QCTJHT0epdM0jwORmoYPCpauF0EpwPK7cLRzQPikdFK0tewlrgRjdQaymbLE7y5KyWxy+D1dNyxlGcqGam628jdXHTt1keRRzuyPwk8hV0jPDdocMFRDrgm1xkjG4WVycejTLF0cM9EEeN0njy4yoFnrhW0jHk5eBh33U5+DjdEnuOTOHxywV07PDO3CGplRGCwjuVDxpJaUbQxy3II3utX0fdnQyiJ79wcLKNRYZnwSNljcQWpkXgRbBWR2nutHVl7A7Y53Wa+JVokfSwdRW0aaikIcXN5IC70zeWVVHE4v3xgrUiOOvopKOUBzZGnAKdn2cWS/jTy0VvUFNH8T/hlD1Rbxi62rMupvLZIsa2/nkFe7fBfr6m6/6DoLsJw+siYIKtuMFsjRjP57r5x+Fd0qehevqjpKtm02+5uMcYcNg47Rj8x5T+vstV0ZWN+DvxifZWao7H1S50kYJ2jkDjj9wD+SLpKb69i9XpoWxdUf8A+aP+PaPqVj89kZrvZQI3k4y3lSWPznZMf9jy5LjcfVSFCYQCN0ccICElOQk9Qg8HsiAjCEugqECpLgK6oQckkkgAEkkkoQSSSShBJJJKEEkkkoQegyU/ijTlGXWoyFHUwuikIA29UNkhzhXctO2ZhaG7qiqWy0smh7NvVQMo+uum/wDaG0menDW1dKfEYRsX47ZWN6H6uc53yNXIQ5h04dyF6iyTIx6ryf4tdKVFqkHWtjiLWtcPnGt2Ab/VhGPr+6W1nqEbw4ZHBUlrj3C87+HvWRvFGyOSTUWYGTzhegtnBA2VNYKsjslgksd7KHdrLT3WNuoaJot4nt2IP/RSGu9kZrvZCLKW3V8tO80F4zFODhrjw/7K3B1EgdlHuVshukPhSktcN2PHLT6quttfNQ1H8LuwxLxFNw2RvbPuoQvQeyO0jSNwoycCcqECJwy84JTBwnA4OVCFLeLNNTSfxa1HEjd5YPwSDvt/UjW64wXGESRjQ8bPjOxafTCuDvjPZVldZsz/AD1vcIpRu5vZ6NEJMfdFUKiqvHZ5hokGzoyfMPy9FMByoyEW5UFHdqN9vuFLHUQS/W14zledSUdx6BrRRXF7qmxyeWKqcNomnjxD7b+ZemrtXT09ZTyUlVA2WKUaXNIzlMYcXg8D+J/wthvjXdS9PBrLgBqkDfpnb/1XkNsuFZa6tzXMdHJG7TLG7ZfSdxtl5+H0xrKWmmuFgnfh0EbdUtH/APxN39sLKfEH4a2rrCkh6q6XEfisBcyWNvlnHdpPfGP3Spw3cHqPBecn4+xRl+P/AKGasl91BtRTnGPqZlado/iY+bpXg7bs7grx2huFVaa91PNBNA9pw+ORuM+uFu7LdcvZW0kpBbyAV5byGgjXNuJ+o/pD6pjqIKm5/wCGaWGoLZBHM0tIPfuj11DBc6V1PO0aXAj7IOumvrC+H+VOwZc3+r3C5R1MkLzS1WzhsCVxJR2SPpkZq1Y9Hzz8TPh/U2u5PmZGPCe0lmB2B5XmdTTGLbHHK+zuobJFfaB1K8hpIOkkZC+auuej6yzV0jXwadJOCBs4eoT4HgvP+F+921nnMse24UaIuglDx67q2qaYjzBqrZmdjthPXR4SymUHyixgqI5BgHdFewPCp4nGJ+VbU1TFI0YO6YXGWSLMzSfpQcgHBVlNCHDYKumhdnZJnHPZUo88Dm7Kbb5zFUNHY8qubtsigkbgoGmh9M9jUjUBwkGW7hda3HKhWitic3wZD5vUqz0E7jgpTO7XZGyKlEA5gOdlFLTnhTiBuhPZkHZIkh2OCNjCWdsEJ7mElN0+6oVKGQTowQcqJI0tdkDlTlHlj1DhWZ7K/wBEX6uAmscYnasZScDG7JC6cSADOCiM+7ksKOt3AJCt2vbKwDOFlmExPBVtTVROA5TGTXRdj7WWWjc7p2gpkRB3R8twFezg6EZ5AsJa4O9FbW+qdkA9lWlp+oBOZMWu+lAaKLNrNZBLqaDnOV2YkHICrLdV7AFWrgJGghAdWqzJynnGcFT4pi0ghVBaWPGOCp0Dg5oCA1wswXMEokbgkZXHMUCmkMbgM8qzGmRgwlPg3QluAwnwzqB3G601vlbU0oBcNQWXkaY3bBS7VWvjqQDsEifDNtUsIta6izl2nhUssRYcYWwmjEjMtb2CoLhT4fgN3SzQ45RUac91DfA3xX+isXtO4UfwXAk4SmKcSsqGeGQQ3CbBUOY7ONwps0GRuMqDJCWnhKnFMkU4vKNv07fahjANWeO69Js94pLowQO8sobg57rwSnqZqZ4MbyB3W1sd5LHMqYJfMORlYLqjpabUPqR6XJTVVnqBU0ziWE5IC2FkvcVfEA52Hjsst01fqS8Q/LVTmtdjAJRKuhqbPU/MU+dGc7cLl3QaOvXZk9Aa5PVTZrvBcYG4diQDDgVag5WGyPsepZCJrmgDhcSGyQwzsU7o3YwrGGUOCr9IxnHASppix+HDZJksip8luDnGychRyNe0b7om6zSi2JfB0cogI4yhrmS0jdUuCmiSkmNcnoBY5JJJEAJJJJQgkiMjCSSjIVt1oHVcIdEcSxnU0rtmrJKmF0cpy+PY+qsHDIVRWwGinFdASwZw8Dg/krBZejHqF1Ron+Ixr88jKkqiCSSSQkGJJJIiEO5UjKynMDu/B9Cs9b530lQ63VDy543bn0Wre3Kouobc19Ma2FpE0W4LeSmwkNhLA924yocrS45A3C7QVZnpmueQXDYojmgb4W+uQb5XBjuvOnP45bi6JgM0bdvdeBXClfTzvhkbhzSWkL6kk8x3C8X+KnSzrbVi707f5FQ4h2B9Ll1dLdtmkzLqIZ5R5xTzS0c4lifpIXq/QvVErgyKSTLHbEei8lnYTwpNnvM9uqAQ4gZ9V2pRUlwZaLvjlg+mA9rm6wRgjISEmp4WR6N6h/ilMIZZPMBtkq/bVaKnwecLJZA7MLtyL2POgZTiBhBgeHRhEWR8M1wk2NPK4uNXUI9PKEmnlOSULksiXM4K6kjFSWRjmeUjlU11pI5osEcHZXbiCCMqHK0c47rZp7NrMt9e9YPOOprAy422eglYCXtOn2K+cK+Oex3qW3THSYnkAkbEL62u1C9zjPGMjuF4f8ZOk2yU7bzRxYkiP8zHcL1/hdd8VmP2fNPqzw8bK/kguUZ+3VInZvtgeqM/MT2yN7HKzXT10jIEL3EO91pnPEkJYBuvexkprKPlMLGnwbTpG8mCbEr8xygAD0K9CpnB+HNOQQCvELbVPhkDHHjcL0/pK8GoBbIQQGrBrtPuW5Hv/pzyG7Fc2by1zeG8ZOy0DHa2h47rIRTk405GVpLfVAxNY7svO3w4Po+kt44LAPDTghVtTDJS3FlXCDofs4D0VhycpskfiYz2XOl2dNPOCU1zSAQdl1R4hgYB4R2pEuByOpJJJQY1JJJWGMTclOTE6DTKY3JSSSTBbeAMjMDnlQ5mlgJxlWLvpP2UR7cBVgVYQ2VJc/TspDX6hnCqKqQ0VbH5f5cx0nfgqyYcqwVIKDuifhQE/JUHCPK4eF1cPCtIsE/lCHKK/lBPCNdFPoqqbTDW1VOHZ1P8X9VLdsFEqGeDdWVAGBIzQfuFLkOojGyYZmDPK4kkoUJDPC6eEMk55VoBkeu3hI53UYcKZOMtIUCM4bp9CmIy28HJGgDUeyzl5Zpe2RuxJwtHMMtVTcomywuBbuDkFaYMwamO5YRDDP8Ad2khAqotUeto3bv91KAIpmg9wnRtY+ExnY+qfk57hhGfulCyvt74w3JA1D7rO2R5paswyAjOy2cTv5roXNw5uVnqilMFxdI5o+rUqUsnJvo2270W8b9D2nlFuYLqdrgPVCLPI144PdSpD4lGBj6U1dgWI8b6zZprs4xuVlaj6gcLbdfQ6asODcZ3WJqDnkL0eleakfAvrSv49bKX9xrPo2Ch1H1qezcKBOQaogLTKODx0Ow9OwbEBWcP0hQacDCsGdkUBdjyNl5Cg1ZIaMKfIMqDUnAyfRMysEXYyzgGsIRry469IOyDZh/vJd6p10OqR2PVJk8jMf6vJDzphJGxIO6x9ynfNM5udgd1p6+XwaUlZOU6iXdysOonjg6OlWHkCWHIU6mjIIUWNpLmjGytYWAY2S9PH7smy18EmkiOwyrmgpfFkazGRlV1MzBBwtNYqVxAnLcAHuurWsdGRcstKzw7VayA4CRw2WCqZHSyue85c45K0HUle+aUsBwANgs2dznKOwkvuGEk91xLIzjKSSFEQ3UmNoaA4hR28hS2O1AABWuxqxgcCNsBTaaPABQII9WD6q1o6cnB0rTXAPP7DUcIzkjhT3ubGwBNjjEbc4wo9TJqIAWuuPIi+1QickeXuyeEw7pA7JLdBcHInN2PLOuXFxyaeMoJPBB+3cqJcqyKjh8SRw42HquV1YKeF0v9O+FkZpqu91Je8kQtOMHusF9+OEaKaHN5l0OdLUXWpMj34aOM8AKdFAyIB3BXYIoadgaxvATJ59Q44WN3e2a288R6Oz1OkEDCgPmfK7JXZHGRyfCwA5wkynuCUcBIm7DITzgBdADQo9U8aRuhcsIi+5gqiUDuoD5C7ISqJHF2AmMd5hssVtmXg1RhhZOMZlysYIwMHCHFGDvhTImYwVUV7FTlnhBmDAGycuDZcJGEfRn5kxkjyO6iSTE7FEkHm05Q3MxgkKNZHRWFkYGlx3CLHFvnCJFHx5VJjhJx6+qBQZcrcHIIQMD1UyOnzg4wuxQZw7T+6lsbp7LTXX7MlluWMZEGAbIuQBwu6hxpTTEX4GcLTGOBEpZ7OO1P3aFMpaRrGiWbAPolBiBgBaMo8Uc1QRkZCIuuEpvCHeJGPJEcrrWEncjdG8CGnaHOGEF0sdR5YjxsrR0KqMcexk8wifoAyjUVve94qJs87BGpKRok8SVurHCn4AQ5Z1qNO49jwGAAMAAHYJwBymRsc4g4UuNoGNkuUsHUpqycibuNQwpLcYwhSEADSEg48+iWzfVDaHdJpwBvnhbjpazMpKUVT48yyjOo9lm+mbK+71ocSPCgIc/P+S9IDGMjaxjcBowFkveD2PidFFx+SQE4C6wZTmnU7hMneGjCxTk2eijBIBO/+ZpxkBNDQRkDCa52p2U/UO6KKyU3hCccNJVbUVDnbADnAR6qp1ZjjO3cqmrKjQMYWmMM8nP1N2xEavnMk/hO20/UEEvGknC4+UPcXEcd1HOqpfhuRENj/iK0Qhg89q9YnwE3c7IUkHb7eiCAG7Z2Qair8M6WnYLbVS5nE1GrUFuk8Ex0oOR6e6qK64u1FkJyByUGqr3SDTG4hv43KFmZ8zKengklkfwGjK6FOnhW90jw/mPqGVmdPU/8sj19xcGlp80h2DW8r0PoX4TxU4jvfUg1Vp8zIS3+79zvv9lcdAfDSntr29Q3mMPrHNBYxw2aPt68Le+AT9LU2clDo+eazyLk3CD/AOoCGFkMPhRNAAHZTbZaRK4VVQzg+UKTb6DYTTt8vZqs9LhsBgDgJErTiNvPIMQY3xgDsl4WOApLWOcdgjfLHYkJbkwZvBCZTyyEBrdlJjo2tw5w3UuGJreydJtgJbll4BAta3GAOEGQ4wjF2kFxUCoqO2EaJ2Onl0ADKqKyeonZohGGHl3cqTIXPdkknKC8sgaS6TQjCwQmwGIh0gxjuqK6335mdtttbtZccSPB+lAv/UM9a91DQyAx8OkHJ9lVNqKS2QmZozN+GMHzPUOt4vSPV3qCi2ybI6gsdMHVU4AG/iP+p2Pf81SulreoJ3yVLTDSsw2OPnX6n27Jr6OpuVSyvuT/ACfghxsFLqq2CjiGvAHYZwslx9o8D4aGjgppZn/6HS2Gjj0xtDWtHZVdVfXseG0vmd6IdQbhe3ilt8btz5iPRaqx9KU1tp2SVMbJKg8kjOFnxjk9ZlVpZ7Ke09O3C6VPzd08kBGdHqtZR26mpGiOmhaxo9BhS44ttOOAuTzUdFC6oraqOCNvJecKk3J4ijPfq4VL7h5jGzSQFCut7tFoa75qqwceVuM6vZZ6s6trbjpislMyHOf51R/o39e6qKe007ZBU1jW1FXw6UjGfy3WiqiTeZI8Z5X6zo06+LTLdL9+iZN1Leb03waWnNJT55xpJH3UX+FxMlErj4j+5dupzI3DYDbsEdlOZCAdlvhGMOkfONd5vW6+ebpvH6XRDZC3IAYFKbTMABLAp9Na5JSCwZwraksYH9+mOaRx5WKJRRU+rDWxjf2U2mtE73DUMNK1VBYGPOI4wc91oaPphzSDLjCX8hmsuMbR2KN5DdIJV5RdK+cOexrQtbBaqSHGGAkeykPibjACF2P0KdzZSQWalgAAbkj2UpkTWjAaAFNMY98d8Kvr7tarcXOmrYwW/wDDz/MP2CBtsBtscKcOPC4+PTgnA++yqXXy/XZvh9PWR7I38VFSMY/8PP7LtP0HcrkWy9S3eSZucugjJaz9FXRXD7A1fVlngnFJTP8Anqk5AipjqOfc9kyCm6vvIcHQQ2eB/ByJZh+uQtjQWGzWiPTQUMbCBgu07n7lFO5OQq+QFvBlKD4d2WGX5m5PmuEw7zuy0fktNBT09MwR08bGNbwGjCIMkFCGx+rhWEFc4g/dNdlw9EOWsp6YZmcNlTXDq2hg8sUu6vsmMlyIS47ocppqZu/lWPq+ramU4pX4ygY6hurdLdTmn0VbUuWWkaSsvNHBnS4H7FU1T1NuWNeiUXRN0nLXyyAZ5BytDQ9DUkeH1Lg498BTdBeyujGPr7jVOHgZIKLHYb1WefwSc+q9HprLbqEgxU7SfcKbpbjDWgD2CCVqfRFJIw1B0PO5rXTyMDu4V1TdH0MQBlw8j2V6BhPO6H5MklLJXQ2i30Z1RwAu9SjCP8kZzfdc0+6XuYAIDCaipqrsgxNc3PdFS45VEA+H7oen3UknG+FFqq+kpG5nma380STZDmn3SI9dlT1fV9pp8tbKXHthVU3Wkj8imgyOxeEe1lmsDQ3dztlGqKuig8zpgsNVdRXWodhsmnPYIIbcak/zcnPujQajk2c/VFrphgSb+2FR1vWzy4sgY4jsVUOthe4Gdv2XXUtJCzXNjA7I9pFFs7UdT3WozofjKrJqm9VJy55IRaqvtNIQHSAH7qtm6jL36KSCRw9QNlByil2Sfkp3DXNIXE/sguFLB/fkZUZx6jr96KE475CmUfQd0r8S185AdzlQJKHshT3ahjOGuB/NQprrVTkMoadzlsaP4eUER/3oB4HoStDBZ7fSRNZFTRt07DDd1Cb1Ho80prN1FciNTRE08nJVlB8PtW9wq5jn0ct+Ig0eVuB9kCpqqSHeeZox2yiyA7W+jP03SdqpmCOOma7HcjcqzhtzKZg/ltjb6gKHWdSQMGijopZHerd8IfgXu6RgvlLIzw0HdG3gJ5ZKnuFsojl84cT2AyoTbtc65+m2WweH/wB5MMKXTdO09OA6bDne6lGopqQBr5QwDtlU3wTDZVDpiStcJbtWPIO+hjsBWVJabbQnxI6cE4xlwyq2v6ttdOJAJtRbwszW9Y1U+1M7A+6HPIbr3G+qbpSUjcbD7DCz9x6qhi/u3j9ViKu63CuAbJUED0BQKajqah2RHK/7DKNFqpR/Iu7l1c55wHKnN0udxlEVO05JxndXVF0mXhstSWjO+MZKvKS001JuxgJ+yEJ7IfiZak6WrJ5mzVzxj03WlpLbR2+NraeDBG5KnlvCdpa0ZKgmU5S7AaS/kJjo2kYICNIdGTpOFW1l2t9FG59VUBnoCoVGLl0STHgeUIRftuMLI3D4h0LJjDbBLUSdg1uQqt9T1ffHkkfLxv7A74UNEaZdyeDWV3UdsoA/x6kAt4x3Wbq+rq6vY5tuZ5P6kaj6Lk0NfXvEh5JduramobdbW4axrceygxKMf7lDR2y6XWPxKuQ49MKyo7BaLe/xZAPEI3LhlSZrs4Esp24H2UEySPk1yu3KheU+iY6aPOmFmAPQYXWvIOSP3TKcg7BmSVMjpJSdTm6cqElJJYGNcBjDUZgcQPRHjo+PL+6mRU4bjyqCJSxyRYqcuAyMKQIWNwnTvjgGSdlWVdyjY06TlwUBScnknyOZFy4bqmr7sWuMcHbkqJNWTVBOXEBQyM91B0YhHVE8hJfJnKYccpJZCg5IbkcY4S7FLb1Q3OyoWOJOdiuJiShBJJJKEEkua2+q45wIwCoQISMcoBIyd00u35Qy7blQg8keqE53O6YXbndMcTpO6odGInOOT5kwkYTCTlcyfVWXnAjykklgqFCXDsuockgaPVQiWTr5eyiySHCZLOQcYQHE+qg+MR7nEnlNSSUDEkkkoQaknJKBjUsFPG6kxQjnHKgMpbT7m+HV7bcLYKSSTMsXqVrS0divHbLVydN9RBpBZG84PoV69TzNnibKw5DgCF+KZRwfva6GJZQ/T7rN9aWx3yrb1TDE1CfEdgbuZ3C0yHUQCphdCeHDBQmZvbJMr7bXRXGhhrInAiVgcfY+iM8YGcrKWTxrFe6mx1BIimJmpznbOTkLUh3lLSoG3kG452I4VD0do6a6vrrPq0wXpvz9OzGwlwA9v7Aq+kOntyqW90sj30dzpsiooJhIxw50nGofmoJmkzfHdJNhf41PHNjGsA4TlDLJYYlwnAyurh3UKASHURkcLxy2EfDT4yVFtd/Ls/Wv+9R7YbFXfib+a9mc3fKwXxi6Nf1X0o6ShJbcrRILjROA3Ekfomxlghuc5T+Qsp8NOr4ut+jqG+huidzfDqI87skbgEH81qgeycpY5QuSyilu7pLRV0vVEDc/KDwKtv8AXTnnP/Lt+q+Sv/whvwZa19u+NdhomhtVimu5Z5i4YAiqHeg/B9izfdfZk8MdRE+CVocx7S1wPcFUostB110jf/hV1HqkjFM+GEa8a6V30vH+JgBXf8Tr5ae5Tiee8voo6qiVcumfjtSO8wy7hXlPKC1o2RviZ8Or38Juvrv0RfInCW31DmRSY8s0WTpe09wQqqjkzg54X3jxWrjqqcxPg3ltJLS3uDL+LEjeUCpi8MawO65TyY2yiyDxW7LpnFk8cDqKoJIaRyrQHIyqKA6JBsreFwcAfRFGXIiyBJSXBwurRHoFD05NTlYCEkjJrlCZFq9k5cx7pDhW1go6kkkqIJJLBSUIMRUJFUAHpiemKEGpJJKBgV0DIIXE5qp9BMDhRauMzAAjg5U5Cc1Z7I5Ra7Np8IOv47RL/DLm4ljv5Tsnt2K9yaIKKp1wSCSmmOprgOPZfJVVEYZW1MBLH53IXv3wr61HUNuFquEoc5owwOPmYfv3C8vrqPhln9n2r6L82vI6d6W1/dHr/BI61sUlurv4nRx6oZfO4DtlVrWsqYRLDuQPMO4Xphp4bhQTWurA1YLWk/svOmQm03aSjkaWtJIGVjhY4s9jbR+jFdcdL011onVUcIE7BnUBuV47PTT0cximaQRnsvp6429jB4rR5X9uy8z646QjlY6spItzkuA7FdfS6v0zxX1D9Oq2p3xX3nmMUhaQc8K2pZBMwAlU0sboXujcCCCj0tSYSDjOPddmuWVk+U30uuW1+iwqqP8AE3hQXQlu2Mq7iLamFuOSoM9O+N5aQtKeRCfICjrJaR4LTkei0TmQ3GmBIBJCzbm74JRqCvkpJgQTpPIzspgqcf0DmhNLOYiDpPCfC/wpGuae6vZYae60+WgauxHIKo5aaWmkMcgwR+6ZCQpTT4Z6p0V1ZHPC2jnk8423K3YIPdfPVuqn0VXHM12MHdex9MdRU9zpmQvfiVgxueVrhPJx9fpIw++JpUhyuah2SDt+E/JyQo4XVwcLqFi8CTXgEbhFSULAQtLXY7KXGRgIJAHC604V5KZJSTGuT1YtiSSSUIJJJJQiGuSzvldIyuafdL9DE8cnlfxN6Y+Xm/jVMzyyu/mADuvPHAluy+i7nQwXGlfS1DA5rxgexXhHUFpktF0mpHsIAcS3bskTWTvaHV/JHazIXSlIPjt31HBVe5oeBkcLSVEQeNPqqCaN0T3BwxpOFgtjg79FmVgdba2SglyHHTncey1rZRNGyRjhhwyFiyMhW9kuAjBpZnDAGQSqrlhhX0Z+9F8Sok8ZDy4DYqY0h3dckjGlPaMSeCE1ETCMOITuQqRbLjpy5GkqxG9/kfx7Feq2S4CZjSCMj3Xh4c6M5B37Ld9GX0Pc2J7sOaAD7+6aujma7T7otou/iZYpJ6OPqSiOmaic1xLRuf8A5hC1d2dH8WvhHHcqABt6temaNwO5nYMYx/ibkfki0skdRAYpGh7HjDmkbELIdCXqp+FfxHmsk8p/hV2d5dWwaCdnZ74zj80ff2vo51cvkr4/KHK/v+0e/wDwR+IcnXnR8E1dJ/7xoT8rVxnkPbtk/dekMdsvmYVbvhB8WYLtGCOn+rJAybBw2Co5/Pcg9uF9KRnIzlNi+MPtHB11Eap/JD8Zcr/7r/oyWJDqHbCmRyBwGFXtx3SZKaSrGo5il8o9iiMRcA5GV1cb9IXVRB6SSSAg8HsiAjCEugqECpLgK6oQckkkoQSSSShBJJJIABJJJKEHpJJIyD4+6HW08dTHocAT2Ke0gAgnlMxnO/KgZmphLRzeHI3DQdj6qZG2lr4DBL5mO+oKwq6WKqjLJBueD6KjLai21IHA9exChabi8o8E64sNf8IOpP4pb3yusdTIS2UknR/hI7L1vpHqakvdvimjna8loOxWhvdit3V9lqrPcmF8M7CC0d184V9Nf/gd1T8lcXSvsVRJilqDuPcH0wjZs41K/wD1j6RZJ7cqS057LOdOX2kvVBHUU87ZNbQditBBIANwgMrTTwyQx2/CFcLfTXOn8GbLXN3ZIOWH1CIN+yKw4OVCikoqyopZvkLoMOG0U/DZR2z7q2Dgc47bLtxpIq2D5aRgOeDjj3Cqo5am1VIt1xaGsAxFMeH+xP8AUoQt8hPUdrgTyUUcKEJCeo6KoQg3G2GY/N0Z8OpZ9Lux9im01aZG6JmaJ27Pb7+oVmolZbmVX8xuWyAbOBwUzBBwdkZwl4mSduFDpanGaaoeBMw4we6lKiDjv34Xnt66UuXS9fUdS9D07nQ1BzXWkHyTH+qP+l3JPOV6FkLhLRyVQcZfs8Q6s6S6f+JlHNd+nahsV4pXOY2SUYaS3/hzBeN0dyufSd+ms94pH0k8TtEkTzlfTXWvQk0tU7q7pORkF6j/AL2OTeKtHcSgLCXyydL/ABktUkEsAoupLcNMkR2ngI/DnuP9MLPqdOr44PX/AE153UeJs+xt1p5xnlf4KG23Bs4ZV0b8PG+AeVo6V1L1JSSQP0w1rANTM/vleJ0l3v3w9vrrF1MxxbqxHMRgOA9Pf2Xp0E7KqOG72mfJO7JG7avYrzGr0MqGnI/U3019TU62pbHwy6oK98MhttxGlzdmPPdV3WXStL1DQPZJG3xGtJa4cq4gbTdT0pY4thuMIy9nf7hQqWrqaGf5GuyHNOGuPdYW9p7pqGohtn0z5Z6gsU9qrZKSZu7ScHGMrMVlLjzD1X1N170VTXuKSpEDWyluQWjGSvnm92h1LPLAWEOYSCPsrjPJ4Hz3hpUSc61wZN0erbT+6VM50L+Ed4EZ9cIExBOQE88e4OLLWCQTN37IdRACM4wolLUEOGytGObKzOEXDCWGVL4Sx3C6RjupdVCT2UXJ9EuawFjA6mlDJAStXSzNkhb9ljnA5BCvLTVgNELzx3Waw3aO3ZLBbOAJyE0sHKlBmeAuOZtwlHZ7WSE5o3UZwwVNeCMqM8HBChTiR0pMFucJxBymncKCZRyQalmTsFHY05wThWEjA7kKDM3S7bZQxW17eUPczOCnwSlr8gfuhxPGMLsjds5UEKbTLinqtQA2UyLJwQ5ZyCoLDhyt6SUSNBzwjOhRfu4LUYwmSNGQQEFriBySis8zUBujLBIpptBG4V/Q1PiNA9llgxzXgjhWNvqzDJknYjBQG2mzBfTN21DfCFTVIY7S9FilbIwbcoE8O4IahOjGXssopA4am7qfTTE4bkKjpZS0YIU+JxBDhvlJlHcbarC2fGHtzjKBG50UgA2906lqQ4aSNynyR53ws8lg6VLNBZ7i+QCCU6scItyptTjIBsVQ2ypEM4eVq2PbVMDwOyUzdCWUZapj8N2CEPww4ZwrW7URz4jQqwc4OyRLKDwR5YxjCgVEON8K2lhLsYGVHliyEIGCmIIyCEejrpKaYPjcRvuPVOqKck5AwohBBwQgsjkqMtrPQLVdWzsbLTyFjxyAcEFep9K9VQXSBtvuIa57RpBd3XztQVk9HMJYn/ceq3NqurXtZUwTBsjdyM4WK7TqR0tPqPTPV6qintVcaihJDD5sdlp7Zcm1sAd+MbOHosn0x1BDeacUdY8NlaMBxU10NXa6rxYckfsQuTdS4ywjqVS3Gua/PZOUGhrI6uEPafN3HopjSufbFpmkcubDddSGySCEhqnNcA7j1VpFK17ARhVEkQIOnYp9HViMeG/P3ylNJi5xLYHK6hxvbINTSn5CzyiKHp6YnoUCPTkJPVJ4FtZHJJqSvJMDkk1JTJMDkGppxPEYzjB9UZJEgSrt00lNUOopiQ07sz/krYOB7hVV3gcWtqIx5oznKkUkwlY14OchE1gmCxSXGnIXUoECkkkiCEkQCMFJJWngsx1yjls12yzanqDq9g4qyBGkHPIVndaGG4Uj6eRoyRlru4KzVFM+J7qGZ5L4xtn0WuqfofFpomyRjlUfVVmjvVlnopGBxLSWexV9nAQXOOcgYXQqs2vIE4KXB8tXOhkoKuWjmBDo3EbqqlZpOwXr/wAVOlQXm9U7MOJ/mADleSztBPovRaa35I5ZxtTF1z4LazdQy2/Q3W5uk7OaV7J07dKa700c736Zi0DUDz918+kluO4Wl6S6nntlS2GWU+ESAMnhMnVuQel1eyajM+iYXHSG5ypLXahlZ+0XIVFOx+sPyOfZW0dQHexKwWQcWehouUuSQlkJo3BTsBZzU54EkuNXVA08iTX8JyShGsgCT2QnZOSVIx29UJwGEdcsPIqyOOSJJGDsR91i+q7I2rp6ikfHqbI0424W4e3dVtfFnfRqXY0epdc9xx/I0KytrB8cXK3y9OX+WllBDQ84Ptlaq3S+PGHNO2MrTfGjo4GEXmhGZQ8gsDePTdef9M3EECNztx2X03xGr/lVHwPzegfjNXKpLhvgv5HGJwe0cFajpm5+BOx+ryu7LMvAejUFSaZ4BO2dl1L47o4Rm0uplRNSie52qshq2NdEVoKaUx6QO6856QujdTWl31LexP8AEbx2XndXpz634rXxtqTXZoqd+uMOzlFIJ3CrbZNkGFxw9u5GVaBwLM44XDtrcWerpluimcZypDXZbwovieyKx+c7JEo5Rpg8DzunJA5TVna5HCSSSQhnDwo2cEqSSOFFPKaiDEkkkTQtrIkFyNkILkaFJfsrL5ROq7fII/7xnnafsg2K4CupPN/eReSQdwQrYrF63WLq9wyRTXMYDe3iqxE/slk1+RnCd9SjNcQd98I8budkyBog8xyO1eyYXArh4QyTnlXgLI5MGxyi4CEoDnJW3caPAmA+mYZ+x2/1RcjsU65wumpntaN8bfdRIHuMTCecK08iGGSS5SRFDEw7p+QmHdWgGCc3J5VdORHKQBsrLSq6pbmU78JiM1vYuQoNS0Oa4EchS8hAqGh7cA8py7MNiyV8TRNC0caRhMjYWSuYDwk13hyujx9kiDHIHYymp5RjnEj1UIFUHju3dVlzh1N8THCup2/jG6g1UeuI7K0ZbK95GjIdStbxgKVGAaPcKC1pAwOynQAmjICYnkx2wwedfESFgjjeG49SvNCcuXq3xCpTLanzDkLyRjuV6PQyzWj4N9fV7Nbt/fJJiwqiUuNfj2VpAd1XAA1+63z6R8/S9FhTjYBTWqLGdKkNd7KuhchPdtwoFccQOIUx7tuFBr3AQOypkJdnbLwHH3TKx2qdwKfbMMps4QKp3n4SpdDH+bZU3ypa2MxjCzwbk8qwubnSzcZwoIzqWKxb2daiO2GQ8EWog4VlBEThRKZnBwrSBrQG7LTp6wbJ54JNLESAMLR6hTW3Dj2zsqigjDt8J9zqy1ppyTsujFbVyAngqK2qkmfqdjf0UHWXZCLUPJcNlGEhzuNkqcslpDsvLsnhPHCQA5RWt3CWMjHJ2OIkjZSo4zuAlDGCNlOp4902tZY7aFo6VxALgrmlhDGg4UeliwAp2Wsj5W2uOQJycVlg5pA0YCg51PyU6olJdgIa1xjg5Wqm2GyNPKEeUkMn1TJS2mYeg1M7YWnVjGE98wa0nt3WUu1xNbP8vGSANjgrBqL0o8GqmtykAra2outSYonFsTTufVS4GNhjDGjYBAgY2Fmlrf8A1T3yYGB3XMdjbyzdj+lDnzEA7dlDdMXE5CI9wPPKEPqS5SyHGKQ+NriQcI7OE2AAjhPyAFCp88I48gDJOMKtq6gk4CNV1AGw2VY5xcd1lttxwMrgwhIdvhGhiJO6FEwk5VrSQjAcWpUU5vIc57VgUMRbglv7qSOOE7ww0ABcwPVMlHBlk8nDwo+XZO6kHhRy05JwrQUDm3qnBjnEH0T4YXOPHKnw0+nkJsY5BlakAhgJx5VMhhIwdJUiGEbHG26lMY0NBAToxwY7LdxHZG0DC6d9sIurBIwuEBpBBzhNjwKznsG2I5yi6suDGDJCdG10rmsDe+FZUtvgp3+I8ZRGmih3y46A01Brw+VuPupNRNBQwF2vfsnVddGBoj5Ve2lnrn78Z5VnSjCEJbKuWCbLU18nhgbHY+wVtTUEVIxrGDJ7lHpaOOnja1jMO7lSBET3UOhptE1LfZ2DjjA2ARRGRg4RI4txspD4wGg4VHVjDAKOMAeic9wa3AIKa+oY0aScIDXFzsgbfdJmPg1nCCiRxdgjlSBGXYa0ZLuyHCzXvjhaPpC3R1deJpG5bFhJsntR1dHp3bNI1XTdsFrtsbdP82XzvP8AkFbtOdinFg7bALhwDzwsFs9x7vSVfFDacdiNv5KDM50h2UudwdtnCiuIaM8pC7NwIN0nB7rk/wBGcrkrgSO2EyaQNbjlaK1yZbXwRH+XUfQZVBLUOkeXO9VNu1aWEQRuwXfUQqxjXSvyNmD6nLdVHKPO+S1cIJpM45rpTpzhvf3Rg0NaA0bBODGgbHZQ6mt0ZZGVuq0zmzx+s8jXVmdjO1NToBA5wqtz5ZHed23onTSOecuK5R0NwulVHQW2lknqXbljB9Le7j7BdOqpVLLPnXlvNy1M9ieIjRFLPI2lpIzJUynTGwDkr2nof4dRdNj+I3cNmuGkHIHlYe4H2UroXoSi6UoxVVmia5ytHjSEbN9GjPGMlaFxlrX6WuLWNP6oZ2fo8brda5twq6G4dI7bfJU+mpdGCRuV2mpdBG3Ks2Ra8Yas1k8nJbxywIaQA0BSI4TyQjxU2dyEfQ0YwEh5yU5gY4ANyiOc0YwEnuAGAOUMDYnKsoKSByUGeVrQDyh1E+OVCdM5+xUSIEnqu2FDcC85RHkHcnGFQ3fqKKgHl37fdMDUWybca6Kgj8SVw42WGu19qbjM7Q5wZ235SrrhUXKYyyOyD9LfRQ2UspPnjx6D1UPQeJ8PZrGtyI0bxCCGtJqSRgDho9VIjbDEfHqGh8vdybWVEVM0Nc7DhwwdvzVRPVTTuDYnEb4SrJ7D674bwdekqz+K9k6uusedMQz7Jtt6brr2fmazyxE8Ht9ld2fo1oPzF2JBZuGY3yr4ltO3SBpb6eiyzm5M9CrIRioVESgt8FuiEULMEd/VTtWlw1nGdt1AqrvTwDLDrcewWfq5q65T6qmfMZ/AE6vTys5OB5T6g0vjMq2WZfpFrderWU7HUtop21Mp/wCKRlg+x7rP/LVdXIam51HivP0sGzGeukds/wCinQ0B4aNlLiontwtlVMaz5X5T6h1HkniTaj+skGKANaGtYMDhHjo3Eg4wFawUGceQAKfT28PLQG5TnJHAlakVEFADgAcq4t1myR4rM5V9aunnOIc2Eb+y1Vu6ejiw+VqU5iZXmVobHISBHFgfZaCj6bjiw+UcrSNooYABG3CT2jAGUh25M8rWyJT0FPA3yRjKJwdylU1lJQxmWrl0NH6qlkvNfc/5dltzg08VE4w0KoyFOTZbTTQ07dU8gjHq7YKlrOqqRsppbbA+vl9Ihlv6rsfSMtY8uvdxnnDtyxryG/kr6htlttkYjoqVjMDGoN3P5q5T2lmTNq6ovUmquqzb4HZ8kBw/8yra1dG2agLZXRmonHMs3mcVfPwTkrmpoGc8KlPJYxkbYxhjQ0DsF3xNWxUeprqekOZ3hoPclZu59f2OkJjic6Z/GG91a5J2a0+YFwOfsq+oraemyJnhqwFT13f7l/u1qpmwxk7Ed1Gg6d6tvU2Z5pXh3OTsjwvYWF7NTXdeWeilLI6jVj2VBP1ncbhN4lDTBrScbDlaG2fCiIMa+vlYXHcjGStXbuk7NbA0QUzHOb3IQznFdEbXo8yp7V1JeptRZM3POeFf2r4Z1NQ5slweQPY4XoEcTGfQ0N+wwieb+o/qku2X9It2NdGfo+hbHb3Aui8Udw7dXEcFLTNaynpmMaOMBF1Z5dlcdh26pSlLhspybOD7Ji6dkxDKOAs5HJJq4d1eSHUlws3PsuePGzZ7gPuVCDklTXDrLp62h7aivY57fwsOVnJfiO6ckWy01cmT5SRgFQvDfRutPvwo89TT0wzNJp7rzue8dYXeQsfK2kjd3YMFC/gNbUnNwuMs4PZziQExV5CUf2a+r60slP5RUayf6d1n6zruuklMdDSgt7OeOUGKxQxADDXY9lIbbAcA6dPphM2EK6e+9R140OqBCw86O6D8hNWHNTM+Q+pPKvm0lFTj+cCMKHVXa0UJyZAPzRKCReCE20PaMeE380dlraxuXvYFV1fW27o6KlDvQuVa64dSXF2qGAAHjAKrCD2L2aKae3UQ1SvYcegVVXdX2+NmIdTnDbATaToq9XBvjTzbu5DlorX8M6CECWueJHHkAKZJ9sTFHqK6VzsUkZajUnT99usoMhdvznOAvUqPpqy20h8FIwu9XDKnBjGfRG0fYK28IisweeUPw1e6UOrSCBvkrR0fSNrogCGZx7LRuPlP2VfPXU9IT4rwM+6pPIMpyl2DZR01OC2GMNH2TfD1HynA9lV1/WNBTOdFCwzO4wFRz3rqS6Yht9MaaLnIGD+qsFxbNdMYacap5Az7rP3HrG10xc2mc6eRu2GhQIOnLhWHXdLhO4ckeIVYNj6bskWpwjLu52yVAoxbK0XHqq8xgRwspojyWjchFpulY2yfMXGZzz6HKi3L4g0VJ/LooskcYWYuHWN6uBcPmNAf6dkzGRsa2zevqLLbGhpdGB9gqis66oad5bSMccfksC+aeTHjTFx+6Y7zEYwT6Kx6hg0Vd1fcqmTWyTAPAVJV1VTUOLppnEn1KJSWq4VePCgytBRdEzz6X1r2tB7BVJZLc4w7Mj4ZldpHmJ/NWND01W1RBbH5T7LbUnTFvoDrYxr3H1CsI42xjDQB9ksB3Z6MvQdJQx4dUsy4K6ZQQUzQIYwMKwc3PKjVdVT0u87w0c7lGBunYA0FLQcZWavXxEs1vLmUxdUSDbDVnKnq3rTqUtgtduNPF2kxjKpvA2vTyfLeD0CsqoKKB009RFGB/WcLHXn4n2Kkd4VDP84/OMQngqub8Oauvd811HdZZnOGSwHj81aUNj6asoa6GjZraMBzhkqk8jcVw/uUr+ouuL3mChoHU8buHu7rtN0LV1EYk6jus0z3b6Wu4WlNwA8sEZaO2EF755PNK8ke6IjsfpYB2+z2S1xhkcLQ7+rG5Up1c2LAjaB6bKvlmjaRrfk+26fHFUVGkMjJB3BULcv2OqbhO8aS/Y+6iN1ybai5W9P0+6Yh1RtjsralslPDjAyR7KASsSMzT2upkP0bFWtHYAPNOFfspmtGGtXXMDRlxwFBbnkrobfTw/RGM/ZE+XLiDpSqbhTQD+8yVV1F9fJljHZAUJ9zLGSWngHneBjsoFZdw0aacqqqql1QcucdkAP1bKBKPOQ01dNIcu3UM5cSUQ7oUpB2UGKKQiRg7hBPKWT6pigQUkY5QySuZPqmKBndR9VxJc1t9VCDyRjlBPJSyfUoahB6SZkLhIwoQdq91wuyMZQyd9iml23KoYoZHF2/KE52WkagU0u32TN/6irGKsTnHJwU1JJQIanJImpvqoQFnHZdc9gHH7pkkjeAMKNJJ3ULxkI6XGdkB0hOQmk43O+VxxyFAoxYJxycri6QcpYKgZxJJJQgkkl3GVCHF0NJTo2anYUtrGsAOlQgBkByCRhSA8MGBumvdq8oGMIPmG5VNpAyjuPsLrC0yNia9gw+DBz64Wn6Avor7e2mkfl8YxuVYXq2MmBcWgh+32XndoqJemupDC92IpHbL8WM/fzxOJ7EnN4UemnbUQtlacgjKkhpwEtnPtjteGZjrG2vlgjudMCJqZweCOcBFs9xZcqNk7djgBw9CtA5rXtLXtBBGCCsOyGXpjqN8cjj8nXuJjHZpPZQKHKNNOM4+yivbnLT3U52lw9dlEe30Chb4LKwVZfE6jkPmiOW/wDKrZZu2TtpqwF2+sacrScqGW1fdkSSSSgoYkSBucDA5SSREPGrXK74afFqewyDw7R1PmopWN/uopyfob98kf8A3NevtkyAsV8YejJerekXm37XO2PFXROHIe3/AOYFK+G3VkfWHTFNcXENqmNENUzu2VuzsjtujKZrgcqj6hM1rno+pqIfzaB5bK0cyQuwHNPqrqPumT08U4xIMj0WyifxyyZralPg+ZP7dfwXt3XvRdN8Yen6TXXWmEPqGs3Mtv2OSedUTgTjHpwvz6opwJTCcZav2D6bljtdfUdEV0TJKOcPNGHjIDHcx+hz/ovzP/tV/BWp+C/xLnhoKd7bHdCau1y9vC2zEf8AFGOd19O+k/KyrkqG+PR8t+rfE7o/JWufZhadzhjfcKbA/LcEcqutVRHU0YIBMrTh5U+I+bOOF9UhONkd0T5LdFwltOSM0EOA4Uyjl1EDKZIwPbsOyjU5MM+Xdkcexf5IvB9K4z6hlMjeH4I90YcrRHoS+Ag4SSHCSIBCRchI8LqgEpYEkukYXMFECJJLBSwVCHSAhnlPSUIJJJJQgkkklCCTE9MUIPSSSQBggcJicmqNJlsBURB437IlgvdR01dI7hCSNOxAP7pxGVGlgDjsFh1mmhfDa0b/ABnkbfF6hX1dn1NYL1BfrdBd6YjzbHB7hRutrKKuFt0phpIHmwO68R+FfXU3TV0/htVU4gmdjQ4ZBH/ylfS9DLDVUoLdLmuGfUEELxt8J6ebUkfo3w3kavMaZX19+/8AJ53bJGVVH/D6mQa2/S8/5KDcLe0RkPbqa7ZXXUljNsr/AJqlBbG85I7ApzBFW02JANWPTlDC9+jpanTfLHaeG9adIM8V9VRx6XckDusAGuY4tcMFpwQvo272tjtUbmZ9F5B1h0xPQVD6yGPVE45IHZdzQ6zMdtjPlf1L9OylP5aShoKowuBduAraRjayMPjI3/ZZzUfsrG114gk0SHLTwu3CxNZR821FLq5AVUEkL8OCAXe3C09VSR1cecDcZBVBUUxgeQdgE1PJnrs3cMNarm6lm0u+ly0FdSxVkAlaNyMghZQQ5BPorOx3jQ40dQctOzc9ke/aS2uKzOJHc0tcWkbhXHTl7dbKxrpCdB2z6LtfbBM0zQjflUrtbHFmncJ8ZGOyPyx2M95stzZcqYPa8OwOVaLx3ojqV9uqjBO/MbhgAleuU0jZo2yMOWuAIWmEsnC1FEqJYkSwcp6EzhFTWZGPTk1OURQiMrmn3XUleCmdaiILuQcpzTjkqC2FSXMhdUIOSSSUINTEVNUINcM9+Fkuu+mW3m2vqKeMfMRDIwN3LYphZsd8pEo5HVWSrmpI+Z3t2IJ3Gyq7hT62k439V6X8Tem226ubcqSLTFP9f/N6rBSMzvjdZLK9x6zTaiMopplA9hadJ2IQGu8KQPI4KsbhAQTM0c9lXuBfjZY5LazqRlvjg1Ntqm1kQc1245CmNAcCMrIUVVLRyh7HYHcLU08wkjbK3cOGVpreUZba9vKGTx5OUJknYhS3DIUV0RyTxlGIHOaHcotDWPoKptQw5DeR6hCHdBcC049VQE4Kawz27py6x1lNFPG7yvaD9l3r3pyTqOyiamc1tTRu8WM93Y4C8/6Gv3ykpoJX+U+ZhJ49l67bals8YaTlrhhMR57Ux/iWqSI9jdT/ABo+FNTZ3zZvVEWND3/T4gz4bnemSCPzK9B/s/ddydQ9PydMXd5beunsUlUwn62DZrh68Y/NeKR183wy+I0V4fn+E3VwirAOAM/9ckLW9WaPhP8AES0fFW0s/wDc1xa2nugYfKXO+qT8zl35prWY7/fsK6qFsHQuVJZj/n9H021y7UBszNGN+QfQqvo6+C400NZTPD4pmCRjmnILSMgqbE/2/dGmmeVcXF4YW2173Tvt9R9cYy0nuFcKgucL5acVFOw+PFu3TsT7Kws90iulEyeE5e3ySt7teOQp2UT09R0VRog9JJJAQeD2RARhCXRyoQKkuAjG5SyFCHU5NTlCCSSSUIJJJJQgkkklCHc4XEklCCQ3xRVILJYwQfUIiQGFCFJNSz22bxIC4s7tzn9EDqPp2ydd2Oa0XemZLHK0jcbtPqPQrQktI33UB9IIpzNA7SHblvbKhabi8o+X6iHqf4CdRihrnS1dgqJMU9QQQAPQ+i966a6gob7QxVtHO2QPAOx4V9eLHaOq7ZUWO+UjZqaobhw7gjgg9juvnS6WTq34A34zNEtd0tNIGsqt8RE/gPPChs41K/Ul/wCZ9HwvxyMowOVmOmepqLqG2RXChmbI1wBODwcLQRS6gCRyoZWscMmOHB9EKrpoLlA6CdoI7OIyWn1C6x/su+IWYAChRVRPlpJBSVQOBsyTs9TmOHCNNTxVkPhyDY8eyq2eLQzfL1JOk/Q/sVCFoN0k1pwBlOzlQgYco7dOATjP3UddyUZAVxtUdbiWMiOZvDh3+6hMn05p6gaJW7HPf3Vux2M7KPcbc2taHNIbI3gqdEIut3Odk0k5zlR4ah7XGiqxplZ+/uEbjZWiB2OJGD2WJ+IPQdRdizqTpSdtu6io8viqcYbM3/u5D3b7Lax90QuGMEqmMrtnVLfB8ngN9tFn+LVnqLXdaFlr6htjS2ogcPNA/wDqb/U12OfZeO9P3679AXb5C7xulpo5HRyMPYbbr6m676DN1lj6h6flFFfKQEwVIGTL/wDQpf6mO/bC8n6ksNu+JlFUMNG219U28Fk1K7nX2I4y04O/b3WXVVRthtaPffTH1BLRXKUJYb7RZNMVbBDfrFVAuxqDm8/Yq6iFF1XbRLG9ra+IZkjA3B/1XhnRfUl36BvMtqu20IeGSx5yG+/2XrkjGWuopuqbFUamuPnYB5Hf8w7915LUaWdT5P0/9NfUFXkakk+Q1HcZJXutlxw4jIYe4IXn3xH6HpazNZSxaJfxEDn8l6reLPT9WWpnUNlhAqo9ntB/ux2Hv91Q0M7Lmx9ruDQ2rZ5WtI3cs0eGestcNVH45o+T7xaTFNIGN0uYSHBUUsXYr6A+InQbI5DVQRaHk4IA5Xil5t/gznylpBII905Hzby/i5aW5r0U7WaTkFTaObQcFRSMHCTTgq92DhyjsZav0yt29FCmi8M8I1JN+E90aeIOZkDOUTe4LG5FW5FppzA/WBnCbK0h2E0DCRLGC4NxeTbW+Vs1K2Rp1ahz6IhbnKounq0scaZ7vLyCVocgjISGj0WktVkMeyK9nso0sWBkBWDm+6C9m23Ko0bSuczfcIRGFMeBvsorhvuoKnDHQFzMjGVCnhyrEeiBURk8fqoYrobiqcCxyI2UkbhPmZjtwgNdvjChz5R2nJM5BCnW6tIxEVEcNQQo8xPBKMH5JVNSRqGyA98qVGc42VHQ1AfjUVcxyAtAUOtTfGyKaJGxGU1hc1xOE1rgTsUTAIS2b65FrbK3U/Q8gYVtIGvaMLJCQxHIK0dvqxNCGk7pbOjVPKwxE+C9TaafUMYyo1VH5cgIdFN4b8OVM2Vy2ywXFO8xytOdla6myszsqbVqaHDspVLUkEA8LPZHJ0qrMPBIOY5AB3WlstZ4oEBIzss88CRuQES21ToaoajgBIaOjVZk11dRtcw9/wA1m6mnLH8Y3Wrp9NVBrzyFBr6Bug5bzwfdJlFM3KO5ZKGHB8rgh1EQG4RXxuY7BXGu1eUhBnBWzJXPjDsgjCr6qnxkgK6ngyQ4BRXs5BCAXOOCmGWHBCsLfWGN+obYQainLuAhxsLDnj2SmioScGb+zXkksngk0yNxkL1Xpu/w3qm+WqXDxGjAK+eaCskhkEkbseoW7sV6kpXR1ML8HYkArFqKs8nU0+owevxRPpZw6J+Bn9VeQyB4BB5WdtVzpr1RNkjcBK0Zc3urCjrGwu0yFca+s6cbUy5G6ehxuD2gjuiAZOFhlHAaeRnbCH4eDqwpHhbe6GgIPp6p8bh6eisY52vx7qocwnhFhcWkEnZLayLayXLCCNii5Hqq6GdoxkqQ2UOwkTWBbTDjlEBGEFpyMp2SlC8MKkmJKFD0lzISyFCHUkklCHCA4YcMgqpYH22rMTzmOU5afT2Vuolxp/mKc6R5meZpRttkJjTtuURVlDWGeJoIw5vlKns45UAaydSSSVEGpJJIpdEHEZWe6ioPD0XOnZ54ziTA5atCmyNa8aXbg7FHW8MJMzlJM2piD2+i6+PA4UBxdZrpJTvBMEmXRu9vRWbn6wuhVIaU16t0VypH0coBEgwvnLq6zT2G5S072HRrODjbC+m5GZPC85+JPTn8TpJXBoJZuDhdXS2uEjNqKVZE8LLg9Cc5zOEWqpZqKUxSjjhCc3xGcLvQkrEcSVWxnp3w46vi0i3VUhDhsDleoUtW5zx6L5ht1c+21rahmSAQvcek+pobtSRtlGiQDHPKz305OvodR/Sz0OJ+pmpEVFSXLwZNDnFzSrxuCMg7Hhc+dbTO1GeR6SQSSjSNSSSULOHhCPCKeEJQVYsgHA7qO9gcSCFMcPUIDhnIWmieDLdDcjD9WWf52Gelkjy17Tp9ivmC8Us3S/UckD2lscjzj2K+x66ATAeUHuvBvjZ0kJ6WS608OHwnVsOV63xPkZVSUUfOPrLxH8jTfMlyjN0lQJ4GSDfIRzxnGVmOk7l40IgedxsVqoXNJwe+y+jVWK6tSR8kWVwXFguj45GtLsFh9V7HYK9tbSsfq8wABXg2owTENHC9Q6OuoMEYL87AFYtXVlZPZ/Tev2z2TZ6A17qepbUdnHSVoInB7dY4KzsMjKqEt74Vlapy6MwPPmavOamCPqujvUsIsuDn1XQUiMrjVgkkdWPYaM+qWR6ocfC6OVncVk0IIuHhIEY3KRIwlFgnOOSM7ISI45OQhokQHJ9QTmkaOQmy8hCGQSMoyn0OJOUNPTEYga8Hss11jbDW28z0+1TSjx48c5C054KhVEert7cqGea3RZU9NXdl5tcVSCNYaGv/AOYcq7j7rz6ySnpnqWazny01WS+BvYE8hb2OUjkJkCUWbobWP1eyYDhOTEwbu2sSSSSgaeRkgy0j1BVTTO1R47sJaVcHkKmjaYqqeM8OeXj80Bnn6JI4SPCQ4SPCMACScri6eVxWiMR4VbV/U4qfICcKHVxkxOwd0xGa3siE+iZnKcCCAQmHZOMVhWz/AMqtYTw92EafDWl3old2eWKUDBaQ8oBPiN1FXDPsyyeBxw6IjG5UWVuWkBSGeiG5MEy6ID2Bm2EWlIMJjJXagA/og0R0VAydkVbMdqM91xBqsszQ3JH/AEXiDWFriHDfK9/6thBppgW5Bz/kvBqxmmsmAGwK7+glxg+I/wDiPp9uphb+0KJV0ZzX49lPpyNGfYqup2n51ziurN5SPl8eGy1aitQmorVGKHu/0Krbof5BVkTn9FXXIaoceqXMOJ2iGmk39FX17wPzVjkR0gDNjhUdxeS4NylTltQ6lZkV1SAXEqM0ebZFeSSVyFh1cJC+5nUi+MEynjwBlWMDA8AKHEzbAVnRRkcDK3UrBnmywieyKHDW6cKlrZi6QjOVY1MgDNLdlUzYcT7J03jBSlkjk55Q9IznG6c7Ypw3Shh1oyVKYzOMJkUOcZClRNVpZNlccLISFnsrWlgwAdP7qNSwZIJarSIBmkYWuuOCp2KPQaLDWgacIdVLkYCe97Q3YdlBfJkrbCOEYNRfmODn1Ekpx7JN3TXnCec2T39nScKNUTYHphOmlws/ebsHu+Upnb/icsuqt2xGUVysniIK63Z9Q401O/GOSgU9OGgPdyh09PganDcqU4gNA9FynNy5Z0VHZwhkrw3shmXI3THu8yFI/cYSJNdDVyE57p8bccjKZG0nBUtjAByokVKSQNg90OpcGgDIRnOY0HfsqirqC92AlWz2rAdcW3kZUPLnbFNY0khcHmKl0zMkbLJ+bHSaggtPBnGytIosNGBwo9OzHAUxxAjA9k6C2mK2eWNOPVB8y7k6uUVrcpre7gFvANjSThPig3zjGVKZACM6UWNgadmolAXO3AyKARgbKQyMtIOE9kerlv7qQwMYONwnxjgzzmzkcQAG2Me66myyHIaBhcEbnfmjSyLOF5JwBynxRF5BT2Q7gYU6nhDACQnRhwNpqd0tqH0FM1hL3jGBsm1tWxg0499l2pqPCjOgb4Uemo5ZX+LIcl3HsrOwqtn+jT/1OU0DqoCQjCuaWmETQAEqWmbEzTpU2GAjcjlQ62n0ka+QYjOd0dkYG+FJZEO4SdpYPRKOiuFyB8rRxx7oNRO1zQ0Y2TKioaPK0dlBLnOdnOyvAuVq6Q551PyVMp4wcKJGCeFYQAAD1SZywaNPF5ySaeHA0452XpHT1sitluiGjzvGorIdLW0XG4s1D+XD53e638rmg6QPK0YAXPuty8I9p4nTL/cHl3fKCXbHB3THE55TMn1WOcsnqI47OknPKDI7ZEzhDJDhjPKqL3FzngC4F5yOFW11X4O2QrV+mClJO+gLI19QZ5S4HAPC30155OTr9VGmvkjy6qupcQ4gDl3oFIa5rG6GgBoH6oMZDGklRJ6jBwF16KPZ8z8v5euiMpJ8h6yrLWaWY322Va5xG/Psnl4dy4fmrfpvpit6mrflIAWxtx4k+nLG54/yK6VeK0fM/JeSlqHumQrLY7n1JWtorbBqII1O7NB7le6dKdJW3oam8N4DpHjU+Zw8xP8A09ke0Wi19IW5tJQtbhu5cfqe5HjdV3B3zFU3S130tQWWZ6PLajUb5Y9HSx9zqHSA6YP/AL5WVNA2PDWN4Q4odDWhrcfZXNHQPGl7hjP7LLJswSkl0DgpnEDDSrCKFrGjPKK1scbcad0B78nA7JbyxMpNhdgNkMlNL/VDMrRuUDTKCnYZUaaqDRg4Qqmux5Yyq2WoJd5kWMBkqebWVGM+nfGwQpptIGdsrFX3qp81T/CrO8unGdZP0g/dHFZNFdErPxLXqPqiCmYYo3cbHB3J9Fj2fOXSodLNqa3sD2CnUlgmY4V92ka97jnY7IFVd5WTGG3QiRg2yU3Yez8H9O2amSk0FxT0PmneATwCq2ruksz3eCPIDgkpSwue41Fe8OJGcZ2ARbN0/XdS1IbRwmGlBw9xP1H1S5y2LJ9M0Whr0CTS69kCGnqbrMIqRjppCcHHZbux9J01sp2S1cTJJyPMSMgK0pqOzdJUQ1AeJj6sbuWer73c7q9zacuZATwFjebpYRsv1EVD5bZJVos7peaeJ5jjJe4eizlbc6iqZoJ0j2XHgx5DzqcR67p1BbaqpxM5nhg+q30aeMFukfPPM/WEnJ06JYX7I8cD3EeQlToKDg8K0ht7WtAxnCkxwN2BACdLC6PB6nUz1E3ObyyDBRAYyOFIipwXBrRurKntks/923IK1tm6LBLKmTA74IWeyzBhc8GZt1hqJy3yEfktdbemWxaXyRjhaWO3U8GC1gzj0RdOAkfM28C5yyQYaOGnbpjbhHa3Tydk6SZjPqOEB8ksm0byzPdW22hLfI+pq6anjL5HnI4GNyquSqudcMUNOImn8Ug3CsBQROIlmJkf/iOyMxwGwGAlsoraWwU5/m3Bzp5DzqO36KxLIY2iGFoa0dglK/TjHdAldvl22PVRECPeGbDByhg5O5VPX9RUUQdDA50szdi1qrHHqO6s8Kmh8Jr/AMX4gEbf7CLi5dQ2+iLg+UEt7A8rM3DrSvrf93s9A7fl0g2/JX1B0FHIWT1z9UhHm91pLf05brexvhwNefUhXvjHoJPB5Wzp3qrqGbTVue5v3wAtLZfhRS05E1e5hdj6cZW/bGGfTgfYYRGpbtzwRlXbel7JbgDBRRlw7lqsmRRs2ja1v2CIO6Yo5OSAbHHGFGcSTv2RTnjKY5wIwCgisMo64jBGUA8rrjg8oaYuCHclLV7rhBxwhPkjj/vZNP3VNkCpb4zjhUdd1TQ0pcyAOmdx5VWS13VV0Y5tDTmmi/rf3UyEaae5UVIf96nbH9yqCu+IlkpZDFRxz1cmcARtzuoUPSM9Vpddah8z+SSThW1PabbQACCmjDhtnSMqskM7L1H1vepXMoqCOkjP4pW74UZ/S15uAxe7pK5rt3Na4gLZE9wEKQukIGCMIoxyWZ6Ppa0wsDRStc78TjuSp0NJDDGGsia0DjAU57qeEHxZBkdlXz3BrP7mJzyeNtlZW7J3wsuwG5SdG2MZe4ADnfhQJK27yH+RE2MfZR3WeSd2uurJHB25a04TA0+B9f1BaaIlpqNRHYd1S1XVVynd4drt7yOzy3KvoLLaI36jTNe71durGOKKFobDC1o9gjJnBiX0PV95DWyvEbHb4GxUmi+HtTM8fPPy0d3ElbimgmlwYoyQrJluqi3zNwoE5ZMzRdF2akw1zNR91dspqSBrY4IY26dtgFKNLSsy6qkx7ZUWe42alaXRl0jvQKAuWVgNG134Wpxc9ozKA0fdUdR1NM0EUsen7qomulfWEgzYBPol7cgo1VVd6CmafFmGcKhr+rIo2n5MF7s8KuFsq6p2X5+5UllkghaJJyBjn3VhOJEnv98uLBG1rYw7uwYKZHYq2tAdVyyOb7kqbLfLNaojpcHEchZ+49eVNSDBQgxxjjKZBDI1tmhjttptsfiVDWFw9VX3PrOgtw0UbdRHACxFXcKurcXTTvJP+JQ2xue7790aWR0K17Le7db3i4EiNzYGn+jYlUEslRVnVLM9x75KO+nII23KlUdnqal2NOxRYSH4hHoqHREnZu6LT0VXPIGti5W1tfSgID5I8jvlaGls9DTAOjhGr3GUMpY4QErIx4iYi29H1VWQakBjR6rRUXSNspCHuYHuHqFfNj3OAn4xuRgeqETKyb9kOGnigAETGtA9BhH2DSCf1Krrn1JZrVqFVVgEcD1WUuPxHkMhZabd4/oXHH+iskYSmbl4AcdRws7dutbJa/Ea6p1OZwB3KyM9H1v1IzxKlz4onn6B6K2tXw6pISya5Pa9wA8vooMVcYfkyruHxHvFXH4dkpfDeeHyMz+yr6XpnqbqCY1V6uUumTdzdRAHsFvzQWK2nVT07XP444UOorpdxB5AoMUoL8UVVF0b09afPM0yu/x7qVLdBTtENvpQGjbIAUaaU6tc0h/NR/4jCwFkAL3+gUI3u7DzzXGtwJJdA9Byo9QKKk/m1Dx4jtsZyUSG33+5EaGthiPLs+b8lc0PSNHERLU/zH+pOSqwRyjDszLKqqqnFlupZAfVwwFNpemLpcHD5+tLI+dLdls4LbBA3TDEB+SNHRPJxhWIlc3+JQQdN0NORobq+6nwWxsHma3k5VkWU9P5ppQ0BQ6/qO3U7AIfO4bYxlQicmFZAHAgjGEGSampwfEeAR7qgrup6mduhjGxNPdvKp3zPkzqe479yoNUM9mkreoYafLYnBUdTeqmqJGcDKgOwTknKYH47KDFAO+UuyXbqPqxnAxlIvx2TDI1QLajupx5K7keqHrb6oZdkclQsOXN9QoxJJTSd+VxQgklzISyFCDUlwuAOCVxzgRgFQMYm5KR5TFCBCRjlDPK5q901QZs4ydyVzJTAMJpIcCAVEslxiOJHchMcTwmnY4zyug47InHHIz/AAN/NPHC55VxU3kYdcR6pAgcHKZk+qaSByVE8EHF47IL35CTpAAVFMhyf+qsnZ17nOdym4zzukB7pKDVE5p911NSUIOwFwgYXVw8KFgTylgruMuR2sGACEIBHDSUZkeOQiiNoxgLmrAOGqEOMboTy7I2KBJWQR5EjwMLO3XqeKlk8KJ2fzS5WJDYUym+C9qq+GmaS9wyB6rNXPqWSRphhd+6z9wudTVSlxecHtlRmlx7fukOzPR0KtNFfkfrNOwPGlwyF591tY3F3zkQw6M6gfZejFpKrrrbRW07maRkjC/GkT9wQnhlB0BfhXUgppT549itw0tI5C8ephL0zf8AckRyPwfRepUVQ2eJkzDqa8ZCgOoipvciw0qi6osbrvby2I4miOuM+4V4zONwuubqGMqGWM9vBjumbq6sp/An2mg8kg75G2Vbys1jZZ2/QP6evYu0LS2mnAZK3G2c7rR08sc0TJoiCx7Q5pHoVBnZClaY3cLRW2pFTTNyfMzYqpmhDxsFy2VBpKvQ84a/YqATjuNEkkkhMzEkkkiKOYHJXjXhyfC/4mOO4s3VEvlbw2Ko3yc+69mWS+I/Sf8AtZ09JSxeWqpz49PIOWPG+QmMho2b8bonZYb4W9UOvlm/h1edNztv8irYedQ2J/ZbzwxzhMyBNPoznWXTtZebaKu1+WuoXCWF4OCD7H8l5v8AGPoWyf2l/hHV0dTHJHfqHz0pHlMNeGk/m1439uF7Yw6eV5P1l4nw36od1XRMLbZcWeBXxjbUDxpPZw+vHfD13fF6nEopfknlHF8hpIXx2yR+VwF16ZutRb7pSPgmp3Pp6unO7muBx+xytBEcOyOF9Lf22fgjS1csnxq6S1Pgka3+KNgH96zHlqcfYb/luvlezVwqYTE8+eMYznkdivs3gfIfPWk2fDvqLxv8Sx8F/E4Y3UaoBbJ4jRgFOicPVFmYHx47lepTweR9haKfOAVYtwcEFUMDiyUMPdW8B2GDwjjLIqyOCWOElxpyF1PBHoqEiqChImhvohoyIg3Q30S0N9E5JQFSBYKYpCZjKhFIYkkkoENSTklCAkk9JQgxOG6akqayQYkkkqGjUzGVIQkloEgTtdDKyri2dG4OBXuvwi64+ajZS1D8u0hu5324/wA14pIwOG+6dZrjPY7jFWxZLGnDwPT1XH8po5XV7o+j2v0b59+L1aqtf2S4/wAH2HdrfHc7c4MaCdOoFYU08tHL4b24Le+FZ/DTrKK9UrYXzNkGkEZ5V71PbGRltVC0aTyvG5cXhn6HpaurUjJ1VMythywecbkLH3u1wzRPZJGCDkELeQsDJC1wxkbKFcrYycF7GDV3HqmwscWY9ZoYXR2s+aupLDLa53uDDoe46duAqENc04dsR2XvvUnT7aynLWsGppzuF411BZaq3VTy+PDDwQF6PRa5SxBnx/6n8BKlu2CH2e4Pz8tM/LR9JUuupmTRHTyVnad5Y8OV7R1Yc0NcV34ywsHzedbrlkq3wugcGnuhVFLj+fAfMOQFeVFLHMw7fY+iq3QljtJOMd0SYULM8MtOn7613+6VZ34DipN0tWxqIW5B3OFmKmnfC4VMQ4OSFp+nry24xGkmPmaNsndHGQmyG1/JEpQHwv1syML0XoHqqaR4t9TJkAeXKyNxo/xAD8lWNqZ6CobLC4te07ELRCeGJtUNTHbJH0PHKM8cqQ1wcMrE9F9URXenbT1En85gx91r2OwMLXF5R5y6l1yaJWQnoAJyiDhF0JHpJJKyCTU5NVMA60n1RWoQ7p7ZN8YVogZJcDsrqgIkkklCDV1q4utVS6IiDdbXSXSkfR1cYex4PI4PqF4J1JZZbFdJKCXJx5mnHY8L6JcMhYX4k9NC52z+IwRjx6UkuIG5Z3SJRyjpaLUfHJRZ4pNCJGFpHKqKiIwSadOy0DhvpOxHIUOupvFjwBusFtbbPV1TwijeOMKfaK98Mngvf5HeqhFmk4Oya4EYIOCkRbizVKKsibJo9Ex7AFDtNyZPEIZDiRoxv3Vg7B7rSpccnPlHa8Ec7IUgy1SDymIwSJ4joSHM2I4K9W+H3U7a+EUsrsSxNAdk8+68snGDxlHtNzltFaydhIjOzyPRTKRl1WlhqINSPe+qrJF1PYZqDyiZ7RoeezhwmfDK5UnX/R9x+F3VMmKikj8E6xk+E36XY/wOx+vZP6fvUVXC1hcHO0gk55Wd6ohq+jOrKb4gW5jnNBPzrG/jZsP/AL3A/JPjL0cZQwv464a5i/7o9L/s8dTVtvbcPhX1C8tuHTrxHC1x3dCdx99yePZe4skbzkei+cviTJNTVlj+NnSMWs04iNTod/exO23755b+/svcbLd6fqCwUPUFufqp6prZ24OdiOFaWyTj/wDvg5XkIfLJXr32v0/f/c1DHEAY2Kp6urk6Yu7bzG0CirXNjqwNmxv8oEnsOcn7KbHO2RokYdvRGmbTXOjkoahgdFKC14IyiZzC31Dn1T1j+lq+Sy3CToq7yPEseH250vMtMc4x6uGP3C14AGcH9VSeSDhyngjCjkaTjKJkqgQqS41dUIdyV0E5TV0cqECDhdXAey6oQSSSShBJJJKEHJJqShBJJJKEEuHhdXDwoQYScpp3XTyuKEGtGHZC5XUVJdrdParhTMnpalhZLG4ZDh6FPT843UIng+dOpenLz8BLo6+WJktT0zNJmVoJ104J4B9F6x0r1bb+prXFcrdM2WN4BJaeD7+i1VXHDXxGmqGaozyPVeBdU9D9Q/B67zdV9JMfVdPyPDqqkbnEWecf4fUKG5talfqX/qe6wzh47I+rUsb0d1paerbfHcbbKMOHmjLvMx3oVrI3Z2Khkaw8MktzqGDhOqIIqqLw5R9j3CaxuRyuyA7bqFFeHTUrvAmOQPpcpLXbJ8sbZW6X7+iiNcY3eG/8sqELBrvZPHKjMfnOyM13sj6IHBGEsj1Q8lLJ9VeSA66iZWtyQBIBs/uqmCZ8cppKsaZR9Ljw4K9ao1db46xn9Lx9LvRQgFhGCMpjs5zlRIpJaaQ01XkOGzXdipYOVCCLdWMnjdYbr7ow1rmdU2HFPeaIbObt4zO7HeuVukx4DvdVKOQ67JUy3w7PmXrbpij67oRX0NOKa90jtUsZ28Qt7FUPwq61mtT29NX5jmwSEsIfvoXu3XfRIJdfLThkrR/Oia3PiD2914J8Rem/HH+0VE0x1EZAm0j6vf7rBqtN80dp9R+kfqizSzUlI9WpZ5eir0aiFpkpZSNbM+UhTOuumm1UberOmjr15cQzY4GN/wB1hPhd1nB1ZY/9mL5K11XTg/LE/UfXf22/VbbpC+my1cvSVxeTTSHAL+Gry2o07pntP0z4rycddSrV2VDPC6ptxpptLauH6g4bu/8AVeMdb9Ey080rJYNOXEtcBwvZusLRN0rfzcrcCxkpDsdiPQoF7paTqi1vrKYAPaMPZ3aUo36imvWQ2y7Pkq626ShmLXsx7qAd16n1Z0vIx7/EjyOxwvNKymNNM6M9imHz7yOilpp7ZAIpTHICFbRETMGDlUxOVMtlV4Uga/hEmc9L0Fqqcs8xaojW5OFeTRieIlrcnsqiSN8TsOCXNexm0dE7wHNkxwthQubU07JWnILc/ZY9x2wrnpmv0F1O87E7JLRv0FirniReFmPZCe3blT3R4xgID4s9kpnfxnorZmYyQVDkbgq1ljPooMsZB4QN4FzgRQcpj26hhHxhDduMZUMc4kCoj2yBlQHN0khWzo8gnCg1LMcBGc6+sBGfVMl23S3Dk/GQjMM0Dp6h0cjcjCvqWq8VgA39VnpY+/on0NdLDK1gOx7qBae5VvDNXFJp35ypQeHBVkT9XJypcT8EZQHbqsyshCwnlTaCodTv1E5HoozXNIxjhca45zhAb6rGmauBzauAvyFDfG6J+QFHtdb4WGE7FWM+JmDS1Q6MJbuQtJUsHle4DKsIyAA5vCzbnGOQNKvqCcSxtYOQlTjuN1Nnos6WXX5SiSwvjd4wGR/kobCYZ84+lXEbm1EWrGCs04ZOrRZhclpYbsw4pZfK48E8LQVEIczHqFhmH5eQPYMEHK19sq21dM0uf5uFlmsHUpsKyvod9mqsdGWnB2WsnpvEAeBthUtdQkangcpUlkfNL0VgAcMFAmpsb4RjGWblGAyMKhaWSpkhGDkKBLCCchXk8Wd2hV74zkoAZQIDAYznhWNDcJKd4c3juPVQ54jyAgslMbsEfmhsgpIqEnFnpfTXUklJIyaGTAzu3PC9To6mnu1KKiBw8TGXAL5wo699M8PYcevut50Z1oaKqax0hDTyCubdR+joVXntFqrHg/LTO2/Dnt7K3Dw7fIWViqorhGyvoTlp3OPVW1DXsmdodlr/AEK5Woq28HRrllFtqOMZ2XFwcLqwMacxlcGR2T2fUEUBoGEJAILwRk4UqF5OASguYE1rixwOM/mpKG4DCLNu7chE1eygMqcYBCmAnAIWayv9C2ESSSScMA7kroJympKZIFB23KWR6oeSlk+qgATIT9jzuFHaTqG5RQRjco0RrJWzR/JXBrx/dyH91YMdqHKHWU/zEJb+IbgqLQTPLjDId27KERZpJgOQuq8lYEkkkhLEuHcYXUlaeHkhUX22/P0bmMA8Ru7T6FU9nrDUweDIMSw+Rw+2y1jmg4WUu1FNabh/EKdhdDKfOB2PqtVdmOA0yY9uQq2vomVEEjS3JI49QrRjw9gkbw4ZTHsH6rpU24LayfP3xF6cZGHVNNFpLTkheet32K+jur7C2qilGnZwK+f73b3W6ulgcMDJwvQ6KzesHL1VLjLcisnhIb4gG3qtB0l1HNQyMjDgNJ3yqiF7ZafwSMk91XPe+jqdtsLc47jmu2VVinE+jqKcV9E2pgOS5oP29VLtV4mo5xFO4ujccbnheefDjqlkTo6WpOpjxjc8Lc11IdpY8Fh3BCxW1pHpNLqPljuNkyZsgDmkEeqIs7brkIYgyXJJVxT1OsDA+rhc+cNrOpXPJISSSSxoxdBx2XElBIOQcYQHj0Uo44KA7umw7AayRpW5GVkupbRHWQvjnjD2SgtxzjK2J83lIVfcKPUABuulpbXXLccvX6eFtTUkfHt4t8vR3VM1G5pEMjy6P0xlaalm1tZI05Dhlaf419Imqpv4lTx/zYTnI5wvPOmK/wCYp/Ae7zs2X0jwWtlfHbI+Def8c/H6ppLiXJqS4Sb6cn7q56ZujoagQudgZ2VHTv8ALpI5SjlNNVhwONOCu9dFSi0czSaiWmtU0e92epOhjnHkbq7ik8KdsjDseV5/0rdhMyMF+Q4Ac91t4iQBleY1dLi8M+w+J1kb4RaL+KcEZ23RwQVTUk+cBWEcgIG65NkcHraZ745JSSG1dWeSwbIMJkpZKYkgGCTE9MVMgwjKjyktk1DYHZSEyaFk0ZYR5jwUeRVjG5HqhGbBAwhRSEDw3/Uw6T7ohGVYrI7Iwo5+oohJwd1HdtnZUymzH9fUJ+X/AIrTNxPQjxgRyQOQrnp27x3m1U9cwgmRg1exwpFa3xCNlh+i5KiyX+59P1cv8rBnpW/4c8f5IlwzDl1Wf2Z6Ox2Qdk5R2vCeTq4KcjbPGOApIxyhnlc1e6arKbyOKrpWj57AGPIpx4Krq5xjkilA5dpP2KprIAccLh4XcY2XDwrAAnlDRDyhqEYjwo82CwgjlSDwfshHlGImslSAWjQeQnZwAuVDSJz6LrPpCYngxWrAKtjEtMcDcKshOqnHq04Vy4BwIPHdUbP5c0sJ75eE6MjFauQgdhcO4Q5CWyBuEWMA7Z3RPgBoizA/sosWz9yp049lWvIbO49ipF5ZiteA90hbUUb2uGSQf8l893ZpiulXCRjQ4r6GY7xGFhGcrwnrCmNPe6s6cai5dzQS9HyX/wAR9O5aSN/6ZR0xJpic+qBTN/mlyJR/9nIXKf63fddjOT43twTouEQ7pkaLp90Ypg1GqBk8ZUxR3jLkLKIlQdMOMqhrnan6Rvsru5PEceCeVmZnl0pJWW2WOjdp4+xmN8qTC0NxgboA3UuJiqBqlLAeI7jZW9KGiHV6qBTw6iNuFLkPhxBi21mayeWAq5MZCr3HY7p9VKS5R2OJQWdhwXAw5J4R4AdXC5pGeOVIhbg5xwqRqgssO0YAwOVJp2HOpDibuPLsFYU8YABWitGifCwiTTN4JClAgNyhRt09l17gG7dlurRjtmMmlI2UXOSVySQ6gMZTm7rSjm2ttndWk49UKom0gEBOldpCr6+o8GIyDfuqtujVHLBrr3vBBvVykjhEcRw522VT0kJcfFc3JPcrv8ysqNUpJGcqwcxoAwNguJZbKbbZ1YbaoJRQ0AMYoc1QdWkBHnmGNIChO3JJSZTGRWeWPc7A+65EC9wKHu4hS4IyNJSvyZUnwGijwOE9+AMZSOwGyh1kmAAib2oCMXJg6qU74cFAOScpznFzskokbNWDhZZy3s1LEUNiY4uGQrSkixvhCp4MjcKexoaMAKoxEWTyOY1rRhcdlJ2cjCfG31CelngQ3g5HEdtuVLij4dp/dcij23CltbsmxiJnMaGgDhFZGMasfuuxxg9uEThMTwZpyyNDgMgNXQTjlLGUWKBzzkhM/LgHIxkReQVI0BgC6MR9k6JpLgU6KS7KjGVslGISCLUQcbKS8DSGhca0NbhoTmsdqGyNSyel0umjVHHsHDAJH5cCcce6sYoQ3B04Shi2GGqdDDnAwiOpTQk8oZFGcAAKZDDjGydHTjbZKaVkLDkKn0bIxSWRSubE0kkDAVTU17H5Yw5Ta2vJJaFAYRr1JT7OdqdXz8cA3iPe4EojRtk8prS3G3KLAwl2VTeEXp5bpBqaPUcFSizTgN3J9FyGMBueFPsdDJXXCNjdwDkrLZPB6PSUbpqCNx0pbRbbWJHj+bP5ie+PRWsgzjC5qbGxsYGzQBhLxAW4XMm/ubPf6WmNNajEHIfD90tSaTkpj8H8WEvGTbk5JJq2ATBnBceAnaMd1EuldHQ0zg/6n8J1VTbM+pthVDdJlXfriXvFJE7GkZdg/sqd5wMkpj37ue45JOck8qJU1QccBd3R6VuSPmHnvPbIyaYSoqS0YbjhV75y76hhF8zyQN3HgLZdI9CicMut5aWxN4jI598rqzjGpYR8j1+vd2bJsidG9DVfUTm1soApBu7PdesUjbfZqKO3WqPJbw0KE+ufpba7HS6BGAMt2wPdXlrtbaRoqqvBkI5PZZ5T3HnLb5XdjKa2TTSNra05fyGdgFatGvAbv9kyHxri4w0ROh3L8LSWu2xUceCNTu5KVKRiskhlstOgCebG+4b6KdK5kLQA1cmqm07ckbngKCJnzO1O7lA2LCPe5/HCRyBnCe1mkZIwq6qryCWM44yoVgLNUYOBhQ558DGQo8k+o6nHCh1dTCRpLyCqwMjDcGmqG5zz6qBX3OlpY/FfKARwDtlVdTcpnzGCgifPJwGtClRdOUduiF/69q2aW7xUncemccqzoaTx9utlsqXJTF946wdIKUNioHbGYnd3/L6f6qJPX9M9HxNpom/MVLeWgYOfuVy/daV/UDv4fYaUUdE3iXgvBx2/9e6g0dopqbMukD1JHCmUuz6T4n6Xjp4J3pN/pdgi679QkT1mBE7fw0qk0toeYCHCVvLUaWatr5X26yt11HZ2ePyWstHRll6djbfOoS6V7hsZNwMf/KEE711E9V9tWK+v/wBVL/1KXp/oevvkhrr3H4cJO0Lh2+//AKLR3rqO2dOwG3WulibMBsQ0OwVX3zqqvvb3UlqgkawnGc8+6iR2m32G3GuvTm4Zuc74QRpla8yZi8l5enxVO7UyzP1BcgI4Lld83C61GnVy/TlCNxbLK2hsrg5rQRI/Hft/qkJbx1e8mEmloW+UjnX75/JX1vs9LbIGxsaC4cuxytKjGrpHy7y/n9V5Kb3v7f8Al9EK22DBFVWOy8q3cxobgAYXC/U7QDv6ZVjarBcLlJ4bIzjuUbmvZwJWZK6KMvOGjnYLT2To2qq2iSpaGN53WqtHSNFQsY6oDZHgceivWtaBhuwHGyTZdF8IRKxvgrqGw0FDEI44hkcnClhgjbgDAUjT7oUw2z6LM5bnyJcmwJGDjOUNPIwcFMOQM4yiiixpYO+EIxgHIGF2SQd3AY9SqWv6pt1K4wRSfMTj8EHmKvIJdOcWg7ZUKprqOijMlVO2No3OVTxt6rvzAaKI0ULuTKPN+iubf0TTjTLdZn1LxvgnbKHdFFFVPfn1TsWmCWoJ4c1uxRIemL7dX+LdaowRuH0NO/5rbUtFRUUYipaaONreMNRSM90uVmeizO0XSdroMFsTXO7kjc/mrqOKKJobHG1uPQIzm+6aRjukuUm+QgWkLq6dlxF0QakkkoQaCRwmZK5kIZkjbnLsYR4yQOh4c0ZJygTXBjAWxtLnY7KvdU3OY/yAWj3RkJ807QRrcG/dQ6q80dK3U2XxHdgzcoDbVLNl1TOXauQjwW2lpt2MBPrhTJCt/iN9ukmijgMEf/ePTf8AZuqnObncZZQeQ1yvgNIwOPRD1ZyFCEOmtNupWBkdOzbuRuU+Sqkb/Lh2aP0TpORugF8cf1cooxyQ475qTcPGEMvjZjxZMEJOfNJ/ccIbomAapjuiwQUlS3iLcqLL87UfVM+IdtKbU11JBsHjI7KC6trajy0sbjnvhQskOooWYdNKXY7nugyTUsbtLH5KNT2G5Vbg+olDQfZXVH07Q04D5fOcKLkp8Geb81LgUrc59lKpbLdJ3YqWhrD3K0ElRbaAaYQ0EKvqeo9tLZAjCTyEi6fp48OkkyQpRZaqVvnIOFnam81bzlh2+6rZKypm2fIcIymsmqquoqWnBFIzgYVNVdS1k40xu0hQWUzpRtn7osdAdXGPdQojyVNbU/XIT+aY2me/kYVmaaOFup5AA53UGqvlvpG/ySXvGxAUC2sLDbg7+82Hcoh/g9F5pJQCFnq3qiplboiboH3VLUVEtQSXvOT7okshqHJpK3qyNmY6RhAGwJKzlffrhVDQ+V2kngFQn55JTJXcbIthohEjz6pDlxz9ygNYPsiyB0jgG8qdRWOqq5GsLCGu74Q9DHJRK0MBOAc+ymUVrmqHYY0j8lr7b0UyGTxZXDAHcK5ioaakdmOJpKpywKnb+jL2rpYOkD6kasbjI4Wigoaak+iME+uEaeupqdp8Qhowqas6lo4hiDVI/PAQOTFuTZcg6QSB2UGa5U9MT40rR7ZVP83eLmMRs8JmPVdp+nIy7xKyYuJ3O5RAnazqxrXCOigkkeeA0ZVTVR9YXiTS6o8GN25wcLURUFBSgeBG3UBzhOblu+cIwjMQdCUpImucvjvO+DurSmsVpoHh0FIwu9SpFdcoIT5ncc7qmqb45x005/VQNbkX0lS+Bg8NwY0dgqqrvUO7A7J7qlnrauoPmmx7LlPQVFZM2ONmSeSRsoAFqLgARgZyoU09XLtTNyVo6PpR73B07g5o9leUlmoaUh0cILh3Kgx2bDIUXStxrgH17gInbkK8pOnbdQO1xxNJ43C0QYT5Gt7cBBfBBENc5049VAN85ENkOkYa3A9gieA5mCRjKj1nUVuoGgRnxHDsFm7h1FW1zzmUtaew2ULcXPs1dRcLZQw6pqjzjloVDX9Yue0xUEZYDy491n3z68l5LifU5UVzwM4CgyNeCZLXVFS4maUkntlRXAYPmCC6UtTHPz3UHxihzjzuhklNLgOShqDEkdL3HkoZ2XMhNyFAhxl7YQySVxDMw4woQfqPquZKad1xQgkkJJQh3W71SLidiVxcJGMKEOZKWSmHlJQMSYkhkZ7onHBGOyVxCSQjMHWrmSutXEcSDsj1XHAHumZPqlk+qIsaSc7FcSXC4BANEThBkfqGBsmzT42AQmk+qgSWTrnuBITEiMJKFjkklzV7KBnEkl3Hsqk8ADPpTmwl2yIIgcbIwaGDhArMgylgGyEMAynaNsZQ6icMxq2HdZ66dVwU7i2lJcW7HfuhlYkMhTKfRoZJBFu4jCzl66oipHeFDufusxcL7ca55LpnNaewOFXOa6Q5ec/fdJdnB0adIu5Ey4X6rrXDDiABjnlQRqc7Lv1TzBjkJ+gbJEpNmmMFDhCazOMhGaxuOEmsyOU4sxyVXLLP1pDQExzRyAjph3X47P2cm8mH62sPzMBrYRhzT2TugL2KmE0E5xLF2J32WqqoBIA0jIXn17t1T09exd6QExH62j0UHN5R6g0gjhPO6r7VXx19FHUxnIe0FTwcqGWawyvvNqhu9BLRyAZePKT2KxnS1bLbq6bpytdh0RPg55LV6IsN8QLJIySPqig8s1Ju4DuFA4y5SNI3HcKvr43MJnjHBym2G7RXi3RVkZGXNGseju6sSwPGCMhQNv0TLVW/NwCVxy4bFT1laSd9srvBP0PO32K0zSMcoTLKI5JJJEAJOwE1OUzgtPB5Z1RbZ+iesG9ZUbT8rWnTWMaNvZxXo9trobnQxV9M4OilALSDlNvtngv1rmt04B8RpAJ7FYPom8VXS91k6JurMR5/3NxPO/H+SNP2E8S5PRJTjzeihdQWWi6p6fns83njqW7/AOFwzg//AC+qsNPiNIUMTG31Mfjb08rtLgOxWiqx1TU0Yb69y4PnnpW911outx+FvWFP4tNIXxN8bzNLeHRnI+h2Rtuvjj+0h8EnfB7qwXq1Oc+xXGQmj3yYxzocfXuPsvvj+0j0IRSRfEG0xkPpHsbXBoz4kP4X/wDh3z/zdlgtFi+MXRtZ0n1RCKgGMxuIcATKBtO09n5zv2X0bw/k8OOpj/1PG+Y8XDW1up9nwbR1AmYyVp2cAVPik1YGEbrPoi7/AA16squmbv5mseTBMG4ZJGT5XNPdQ4XjUMBfW9PqIaiCnB8Hw3XaWeltlVNcphaiPSfGaFIo5skNPKbgPbgjlDiBiqPYLQuGYHyi3YchEj+pBieHNyEaP6loi0JfYdn0hEQ2fSERELGJJJIiBkkklAGJJJJQBIYknpKBiSSSUDApJJKEGpJJKEGJJJKEHoZZgZyiLhGUAecEd4wcIMjcjAHKku3xshuGUuSwsMtSLnoDqaawXeKNzzoLiOfVfU3S92p+obQ0yyNeHDG/IXxtMzJyF6R8I/iFNa7ky31smWu4y/GwXk/LeO2/6taPtP0P9Vb6o6DUvn0z2y6W59NN4bm4wctcOCFDeMjPqtfWimvlnbV0ZDnR+Y45Hssw+PYZ5Xn8pH1rbuKSvoGytMkY83ceqwfVXTsNZC7+UC7BXqD2H0VfV2yOfLgBk+y00XOqWTl+R8bHWQ2yR8v3qyT2ycua3y5USlqCw7r2TrbpUSRueyLJ3yMLx6726S3y6iDpyvT6PWqawz4f9ReAnpZucVwWdNUiRuHY3SqaF8o8SPjuqeiqjnCvKSp1NDeF1FJM8NZDa+Cvlicw6XfmqmVtRbpxUU7iBnOy09VSaxqHP3VdNT6gWPbkFO6Krszwy5st2prrB4MwAlxg+6hXSgfBKA7g8H1VEwS22oE0JIGeQtdQV9NeqXwZceIB+eU2LBlFQeUVlsrprXUtngkLCDvuvZenLwLrRMkc4F2N14xcrdLA4kbgce6n9L9TVNoqWtc8+HnBC1Rlgw6rTqyO5HusfdGaqq1XFlwpmTMIOoA7FWTe60ZWDz77wHSXGrqIoSSSShBJJJKFMfnCemJ6gtjkkklCCSPCSShAZ7rhGoafXZPXWnGSqkuC1JxeUeJ/ETpn+D3I1lNHiCc7kD8SyGkH6gvorqSyw361yUD2t1HzNPuvAa+kkttbNRTtLXxPLSD7LLKKZ6Lx+sldDEjP3Kkaz+dG3GTgqvcPXZaGeMSDCpaynLJMALHZHD4O9VPjDAU8pgmbIDwVpKerbNGHM/MLMO8ql26t+Xlw4EtdsUEZemHZVui5GgSPC7lpAc05BXE9GFrDAFuSSQo8wLhgKYQOUCRueyprkOOGuTefDW/sdKKGodiSNvlJPIXrHhQXq2yUFVEHaxvkZ/l/1L5po6ue3VsVXA4h8ZzsefZfQHSt1N3o6SvoDrlDQAM/i7sPsm1tLhnA8hS6pfIh3wyrW26punwrvf8ANpo2v+VDjzE76mjtwtT8Db3L0vfbj8K7hKXwhzprSXbBzCckA8dx+qyPWzHeBbeuLK0traF4II+rwj9TCO+MfuVM66pKl1PbetbV/Jq6J7Kh2nfQ0+U/kNS0d/8A7+jmSat4fUv/APpH0O2VtJMA7Zj/ANlNml+RDaojMR+o+izPS/UND1v0vBdWNDZJmN14d9Eg+ofqtDaqoVMTrfVxgujbg54e31UONZD43tfY3qmyHqG1sfbnmK7Ux+ats7DhzCBnOf6Ttq+wUnpHqNnUtobWSRfL1kDjBW0xOTDM3Zzc/cHsoFHUusNfFbKvPyVUMU0x4Y7O0X552+xVZ1ZDVdL3JvXtoZrpshl7p2f8WE8z/wDMzB/8JIQAqOTe7djlFUKlqaesp46ukmbLBK0OY5pypUZH6o9qwLfDDJIetvqlrb6oWsECJJJKiDweyICMIS6OVCBUlwFdUIJJJJQg5JNSUIJJJJQglw8LqShARBzlcRSByhnlQhxJJJQg1ceyKaJ0E7dTH8grqShE8dHgvXfQ14+ElbL1v8PWO/hjnB1dbm7+Fv8AUP8ADzvheh9Cdc23rG0sr6CQGQACWM8sd6Fbh7GyDDxnOy8M69+HV3+Hdzf118OGvbQPdruNuZuHDuQPTlQ0ZVqw/wAv3+/8ntcUxIG3KkNcHDK8/wDh/wDEO09ZWmKropwZcYfGT5mHuCttDLnCgOGvtl2SzuMKLLE14weVIa/Vsuubq7qCyAxxY7RJt6ZUuN+3CZU0wlZtsQgU73gmGTkcH1ChCUkuZC6oQMOUcYLMZCjruT6oyA6qmjqGFsg+xVaBJTP8Gbdv4XK4QZ4GSsLXj7H0VshEBymYQXSup5fBlGx+kqQBkZU7IMkYHYyvJutejpKKWolbHro6rPA+nK9cxjuolwo4q6kkpJRkPHPoqaGU2zompQZ8WdSW2fpC/wAdfQAsYHhxxwV6pS3qi666abe6H/t7GhlRGdyfQ5/X9VZdcdEGN0lPWQh7HDyvxsvDLN1BX/CvquSlkJfb52iN5AwHszuuLrtH8kt6Ptf0Z9XbcU3S5PpbpatpOt7TJYrlHmupmkh7vqLeMe+P9VjQyp6Rvj2VtM75ZxMb289/9Eorj/C5qbqqyTCpp5fM8N2LSO5/VbXqC20PV9g/jVs8rOQOSDjcFcK2pweD7/oddHUw3QML1j0tDdqH5+1lr2OGrAXhfVHS7iX/AMrRI325Xuliuot7zZrgSA4bE9iqXrHpdxc6riaHMcM5CSxmt0UdZU89nzJJG6KR0bxgtOChEaTqBW26s6fAe6eGLS8ZyB3WMIIODyFFPJ4PU6WelniRe2eo+ajEbhglculM1kYcRg5VNBVSUkgfGcYWohfHcKUPcASRuij9wtNNGdPoSjUEop6qORx8uUq6lMU2kDYe6A0EDOUuccMuueyWT0WnLZ42yNOzhlckixsq/p2t+YphCT5mq2ewuyPRIPUaaW+vJXzRgdlCkZknZWckRzkBRZYcDhANkslXNGBwopGO6s5YyVDfGc8KGO6JGxjb1UaeMdgp+n3QJm+XlFkxXV7kU87NJwAmjlSqhg5x2UU8phzLYbRzmBzCcbhQXDw5QccFTNelCmZq3AVpHPsTyT6CvLgA8hXUEjXAOByscxxiePMRhXlurAQASeFTWDo6HVZ+yZexPycKTpGnICgRuzggqZDIHDCA71ViCQPcyQK+oZ2va0FUMgxggKRQVTo3AFAdCmznBaVtP/M8Ro5QqatmppQ5p45CmRSNqGjI4UOpiLZjIBsfdRm7DhJSRo4ahlTGJCRnCkUtRLG8aeOCCs3b60tkEROyvY5GnBakSijfRbwWzgZxqAUy0VPgSlrnbHsqukqgfIRz2UsNaRnjKx2LJ0qbmjbUczKmEN2J3QaulyMcKqtVxEJaDur4StqG7DdZZJo6tct6Rmq6lER2UMEjkLS1NJnPiR5JGyp6qiewF2nA7BQLGCG5uoEeyhTU+OQp7NtinOi1dlCiklhAIGnn3UWppsDVjH5q5npxjIaoz49Y0nZU+AXHDKfUWnBClUlSaeYSDsnVNIB5mjj3UEv8MkaUmUVIWp7Gep9DdcCgqBTzPJhfgOaTt916u6OOogbcKGQOaRnbsvlmCudC8SM2IXq3w46/IH8Oq5sMdgDV2XL1mnz9yOhptTFy2yZ7HQVjp4QH/U3ZTWvz2VKxwa1tRCfK7HHBVhT1Qk2xuuNZUzqRfompzCcgdkNrhhOScYCDjhMc0OXU47KiAHZbuEakqXucY3njhMOTthDEeDkbFA1kAt2EHgpygU9WAAyTn1U1rw7hJcRbQRJJJZ2gBJJJKiCXclBSRF4JLVErIdD21EYwc4djujsIGcrs2C3HqrAGwvMg9kdQ6V4jcIT3U3AzyoVk4kkkqIJJJJQglEuFK2qp3QOGdQwpWQuHB7o45TLMba55IZpbbPnVG46c84VrjIIyudQ24NDbnStxPFzjuECmnE8TZQc6hv7Fb6mGgNfTtqY/DIznuvFviV0u2N7qnR67j1XuLwDjKzvVdljulC8huXYXT010oSTTKtrVkWj5ahkdG8g9iUy4R+KHTtG/orjqq0vtte8BpDS47eirInZaA4ZBXo6bPkWTzV1bhJxZ2yXGSmnYQ8gsOQveulLxFerUGFw1hv7r58qIflpWzRjDT2W46H6hdQ1UcZf5Hn1QzjuNeh1OzFbPXqVgcfAds5pIU63TSxPEcjs6SQoFQ8NjhroXbPAyQp9SA6niq4hvw4ArFbHg9HTLBeMeHtyERQaF2YmkjdTliksM2xeUNXDwupKggByhqW5rdJ27KKQco0JYwjCFM0OGCjOQpTgZWymW1mWyO4xPU1rbVB8crc7bL5ivtDL0h1U+DTiCZ5LPTBK+vLjS+LJqxkLwr43dImqpDcIIsyQHVkc4XovF6x1WpZwfP/q3xn8mhzS5RR0M4mALVIqWB2H91lOk7o2WJrCTkDSQT3WszrAC+l1T+SCkfHmnnBpuj6x7PI6TGDsvWaKqL6VjiQ4kbrwu3TuoKlhccNft9ivWOnK9s1I3BzsuZ5Clze5HvfpjX4xTNmnpZiJQ091bQyFpAH6qiiJc5pzhWkbg6LTncrzl8MM+k6O7L2lrG4EA5CMHA8EKBE7YDPCPE7HJWGSydiIUHK6gpIBqHpp5XdXsuHdUW3wFTBsnoZOBlGzPJ5ZXVoLJhIwbnldY7U3KLM0SEAhQg4smdCTgt3H2U6IwrvqKaRlLOF1CUR5Yw7ssD19b56Oej6howQ+jlBkx+KPuF6HIcdlVXukirqGWmkaCJAW/qjiI1EftyuxWyviuNJFWwOzHK0OH5qeHeU7LA9AVj7dNVdM1bjrp3ufED3Yt413smJlVz3xTOZOpF/ChpZKYOOO+oqPcWgwOIG7PMPupWtvqo041NIxnZQAFFJqaDjkZRDwolK/VEBj6SQpAdsVAAbu6EeUV3dCPJChTOHkJHhcckHAoxU0V9Y3DtSEz6QpNzH8kkcqE3fA9UbMVnA8jt6qouIMNbG4DZw0lXDlXXICSLIb5m8JjMl5FnwGl43IShd5g4lCa4OiDs8pgeGu3KJIzSnjglSDVvnKqKgFs2MK2bLqjzjsq2rIJzjfKYlhmW3lD6SQDYjleSfEuj8GvdUNGz3OXqjHb7dlhPinBqt4qA3cuP5bLq6CWLEj599dab5/EWf25PL6baD9UqUHWdl2nOIkSkALuML0CWT4Hnglx8hEP08JuMAJZKNSwJY131FMf2TkOY6W5Pol3ESyyku8xc4tzxwqUtyc5yplfL4lQceqiuWGT5OrQsRwdxkgBTIhkYUaM5IU2DYD3TakyWkynboHHK7WOGNl1pw3hRamQ4WrOEZl2Q5Dl5Kauu3KTRkoTRFBYxnClRNyBsgRqZC3jbKuPZqr4Dwx6iFYRtxhAgiJwSpoZ5dhwt1cSWy4wEBBbuVHeTuuuyCQCm6mrXGGEc66wG5uTnC4dkQ4UaV2AUx8Iz/kwdVO1uCSBhZmqrJauUt1ENzwpl0rGVGaeN2fUqDHAY/MRyuPqrvklsNldShHISGPwxqSfUYbxlOLgGkYxsoMr/Nj1KxyeEPrg5Mc+QvO6FIdwAnYwFyCMulwd8pKbbNOFFBoIskEjhTWNAHHC4xgaAAMJSuDB901cIzt7mKaVsYxsqapmMkhOSjVk5zhRQcrPZP0h0I8HGNccFTqZh15IQo2ZPCsqWPGDjslxWSrJYQaJga1PO6c3hP0nYDunKPoySkDbGc7hSoIuDhciiBwS391Ljjx2T4xwKnM61oA4Rg1JoCIjM0pZONTgMpAEo0cZyDhHGG4WzjIC4gkKU1rWDbsuMLQNgusBkcAE3bjgkU2xhjdK8bcKS2DSBsjQwtA+lFx6DhGo5PQaDQ7V8kxkcXqEVjMEYC61pJwFLgpycOwiO5XVyPp4dW2FNZFpA2ShgAbkBMlqo4Mh55Rm1RjXHMgkkzYm5yqO5XDWC0IFfdmOy0POScKtY5z3ckj3KhxdZrnJ7KyQx7pX6nLsrwwDCaXtjbnuo2XSOzuUs5TtwyxpcyEZCs4WBgB9FCpITEwOd9+VK1BwwCkWSyd3RcJSZI8YEaWjtstv0VbDBSOrJWeeTf8AJYu10clZcIYoxnJ3XqUUTaSmZABwAsF0ucI9z4fTb2rmJzsHdyaHHhCkcS5PWOXZ66EkkEB8u/KCXHJyunsMrjnNaC5xAA3R1rLJO1I5NMynhfPIQAwZWPq6yaundNMfKfpHoFJu1zkq5DECWxN4HqqOprRGNOF2NLpt589+qPPRhF0xfR2rqWMHPsFXCUuduUnNNTJnPbgdl6N0r0RFZ4G3y9keK7BhiLd2j1P7LuxiqoJHxfyPkHY8zY3pTpCGhgF6vTsP2MURHA9StfTvq71VCGP+XSDYjGAUqShnvUpfUN/kcNartny9LG2kpYtUjdgB3SbJZ7PNXXOb5ZIpKemtjC5unUdgByVYUdFXXInxTiEHcEYyla7K6ocyqq2kEcNWqp42xswAABskPkwys9DbdSwUkOiNgbp3JTp7hG3aPfCi1NSSDBCcZ59/ZdpqcsOXcpeBDk2NYySql1P/APQKUTT0XmkI2GyZU1MVFFkgewHdUFTWvqZNTifYZR7GwiRV3OplncWnDeMKKXO3cQmgd8bKl6g6lht8Jgh3kPbPKNQGxiTa6vip8B7g3VnBVPbqa8dU1RioGPjiGMySNx/8vCPbuljVg3bq+aSmgH/A5GP8XqoPUvxDq6iN1n6SAo6VuWuqcbyj0A7fqeUEsI9P4b6d1PlJJwWI/ss7p1F030NGaayRNuV6P43N06ccanb459PVYmsqbv1FXNud4k8d7QdLc5DM84/QJUdrkqHFzHgRD8RRpqgQt+VosHG33KTOzafVPHeLr8bTipcr2A8WGkB8R2nGTj3R7da7t1K9z2uMNLnBz+JWdn6S+aeyturQ6Pkxu+k/daKqrWwxG32WnZEWjAeBhjElt2cI22WQrW6viX7GRT2To2E01JETM05exx8+fcY2VE6lunUNe+srZmxRkAMdjbHoApptdPSCWsr6rxnuOrJbjJ/UqnqOoLr1I91s6PbIyI/VXOGGEH0Hfv3T6ascnkfLfUkdGtul5k+3/wCxOuXUFt6cjNrtgfW3KTb5djdL8+/OEO3dLVl6ljvPVMz5HNJMdLjS1meTz3wP0VrZOmLR02PH8004GDLKcvKdUXOeoeYKCPxHZ2APKduUeD5vq9bK+bnY22S5Z2RuxkDPqd0+lgqbhKI4IyR3OOFedO/D+ruLm1t0ZoA4B7L0Ogs1BbYRFSwgHucJU7MHOnbkylg6DgGKusGXnnK2lNS09JCI4Yw3HfHK61pbt6Jzh7pUrNywK3DCNzgpgJHdOJwhDfjfHolqHsEMDgFCDjk5Cqbx1XaLLqbV1LXSt/4ER1S/+XlUTbh1j1OXSWai/hsD+JqwaX49Qz/qqfHZDT3K50drh+YrZdEY5KzdR1fU150dN2uprXZxq2az/wAxB/yUy2fDW2eL851DUSXardyZT/LB9mrYQUFLRRtio4RG0DGBsiU9qIYmk6P6ivLWTdRXFtMw7uhp8gn7laW19K2a0Y+UpI9X9bhlx/Mq4Dcb5yujkpe5y4ICAA2AwkkkluOSDc4SzlJcyoQ6uEgLjnADcoDngZOVCBQ4nskSMcqMZ3j6eEjrdzsoQK4gZOVGdK4ggNTww7E5/VINGOFeMkIjm1UjsAaR6rjqVz8eIQce6mtIOQhYwn18kA+DEAAGYwnJHZcJGERDiZnKTiAd0E47lUlkgUuaO4/VA1ZyEyQ4Gou2VfVXelg/Fk+gKvohOeChSTQQj+a8N9yq91VXVw/3OEtHqU+Lp+pqP/njJqa7sOyhCPU3lrT4VAdbjwOyHFQXm4u0VA8FnOc8q/prdb6MBrYm+Xg43RZa2CJuGP3UIVlL0rRQv8SZz5j6OOwVsHUdGwANYzHoFXTV9S44Y7AVfK2aZx1PJUSCayWlXeYWjEUgCpaq81DyRrBH3XRQlx8xRGWyAYdpyUz8QSvc6Wc5IO6YKQvOeFbinjZtpSLI2DJAAVBJ4IUNF2eP3UhtDTNOTHn80CqulNSDGvJVHXdQyPBbE7ZMwWaaWehpm4IDfzWer+qBE8w0zM+pyqKpq56l2qR5/VRdO5KPaNUCbVXirqT9WkfdV+7jkndPxjuubeqoNRSBnfclcIx3XXhzsaQfZWts6XutxaHuiEbTzlU3gm5IoZTrI07n2Vlb+m6+vLC2IgHnK29u6Qt9E1rpow5zdyrQNYwamgNapvI7DPW7o2mpiHVDdRHsrp0FNRsAYwNACg3HqWmo8tEu7eO+VQ19wu1yGaZ+gP74VNZFuRdVl8pabLdYzjjKoqu+T1eRQRF7h2BTaexx4EldJrceSrKMUUDQKWINcO+FWCuytitNbWgPrpA3/CFMp7ba6A6/DaX+p7o75ZpRgv2UZ01PH/feYjblQsMZWknQwAH0TXyRQtzLJpCgVNwcz+5GAVVVNTJKcyPz7KESzwW1TeKSEHwnF7uyqau51dQA0ykN9lHdGXHy7n2VhRWO4VeMxaM9/REG1tKlxLjpc/JHqpEFrq604giz99lqKHpWip3iaoaZH91cNhhZ/cxaQPRVJ4JKzCwZyh6QjaGyVjw53oOyto6KCkaGxMAU2SeCHHiyAfdUd16pt9G7RFmVw4wgUslJuRbDYHLdICiVV2t9vj1yzgn0WOreqrjVaw1+gO49lSumlkOZZC5EF8TkbCt60Mf/AM72Frhw4rOVV1rKx7n1E73F3O6hOAwAHJjztsUY6Ne0cXknKReShl+Oy4ZQoHtQ4vPKEZT6Lhl7YQScqBpBDL7LhJKbrGCfRAM2dsKFj9XuuEjCHkpZKgZ0k52KZkriYoQKSMcoZ5SyfVCx7qEOJJiSmCByRg7hBPKWT6pimCBCRjlDJKWT6pimAlHIUkY5Qjyln3Qy4DkokhkY/s6mpJiPBB6SSSAIYkkkrICXCQFwuG6E5wwd1QKQ50wGQgOmJymOJzyuKD0siJLjkpJJKBiSSSUIO8P3Q9PuiiPJ5yiiM44ylt5IBY0lwOFJdGC0bfuo76ukpRmplDVnbr1lTxPMdLl7u2EMppBqiVnRo5qqCl/vXgLP3brGlgf4dMS5w7ArK1V2ra5xfNKd+B6KEIfEOcfms7n6NtWkS5kT6+93CvcS+dzWnsCq4NeXZJJKLowQOEQM1AYHCBybNMEq+hgjyF1sQzuieH7JzYSTjG6oY7cDTGXYwP3TfC425VlT2+d4Hk2VpBaY2YdIxMUMiZWYKOnopZT5G4VtTWgNA8YKybBDCAIxj8l3xB3RRh+xbsk+j9PkxPTF+Mz9sA5GZ7ZVdcrdHXwuilaMEFWqY5qhMsynThqLLWvs9Wf5biXRO7Y9Frmk77KqultbVs1t2e3drhyCpNrqpXs+Wqf72Mc+oUAsJ6DVQRzxFkg29UZJQHo8vpDJ0Z1ebVUE/wAMuf8AMiJ2AeTwt/AGv27Kv616Xh6msslNj/eYgX05HZ6pug+pTeaN1DWgsuFEBHUMJ3DhtlQNPLwi9uVH42HM+pp2RrLXSPDqWZ2XM4ypYDDnVuquaB9NUfOQjIB8zRyoSSyjQtTlHpKqKpjD2H7j0UhQzsckkkqayUJYf4idL1FxhF1tZ0VlONTHDnI9FuFx7WvaWuGQVZaM/wBD9SRX6gZ4xDKuFoZOz+l42Kv6iminaY5Ggg/svM7tDP0R1O28safkqxx8QMHB7lemUtVFVU8dTE8Oa9oIIOUyOGwZR4yRKL5asjq+jLxF48EoeHhx+uF2A4f5L5LvFur/AITfEKfp52p9KXl1EePGpycnf3yD3X1jfqOWSBlyovLW0Z1xu9fYrCfHXop3xW+HIvVj8t/tDTPBgZLdOfGhx6YIx+a9B4fVR09uLPxfZwdZT925Hhvxl+Glt+LnRBmtkscd3oz4tFO9v4sEGJ3rqBxhfGXg1NFVS0NdTvgqqZ5jnicN43jt7r7O+FvXLrgDRVT2mRrW+IwnYj1XnX9pv4WNdr+JdhomtIP/AL1axv1R/hqHEfmCcdwvrXg9bHTS+B9S6/sfOvqvwctXW9VSuUuf8Hz/ABnYLsvlaZMZIQYycj0Uk4cAF7Vcnyfbh4HUlQ4YBCtIvX1VNvHJgDZW1M/VG3J3IR1sTYv0TARjlNQATnlGZ9IWgSdSSSREDJJJKAyWRySSSgKQkkklCxqSckoQakkkoQCkkkoGNSSSUIMTnLo5TkMuyAsZTHYLcEJ42TcFW0miEd7c52UXDqd3zce0kf04KnOb6hR3tOCPVZL6vli4j6NTZp5xnW8NH0H8CfiY10MNnuk48x0h7t8ff9V6f1ZZ2UsjK+lZpjkPnaOAfZfGdouVTZ6ttVSvLSCM4Povrj4Tdd2/rqxutlRpdNAwZa45dheE8hoHpbc47P0n9EfUkPO6Xbc/9WKw/wDoQ2sD28dlFfC5pJI2V/eLRLa6gkN/lHgjsoMkTJ4NI2JXP3YPdfB8iKKvt0NbEWOaM45XkfW3TMOZP5PrnZe4mnMWA8fuq29dPU9wgc7QC4j0WvTat1SOB5jw0NTVho+Ra2mkt9WWtyBnuplJWEEEAFeidddGBoeWwYO+CAvJ6hlVaanw5AcZwCV6jR6xWLk+DfUPgJ6WxuK4NZTVQnbpdgZSqaRuMg8qjo67U5rhsr6nqWTNawnchdiElJHhpZgyrmpCctc0EFQqeSe01rJmZLQd/stHNSZGR6KpqqU53AOU4OFm7h9Ghinp7nTiRpDgRuO4VDX0gikJZyCodDXTW6pyMhhO47LUGCnuFOJ4sOJG/smRsKlDb/gJ0d1bUWuZtNUyEwk437L2ClrGVEDJWuBDhkbr58qaaSklLXjbkH1W16G6w8Itpq15IA0blaI2ZOVrtJv/ANSpHrTXeyKDlRaWpinhbJE4EEZUlqamch/3OpJJJpQ9JJJQgkkklAB6cmpygIkkklCCTU5NUIE4wfReffFPpWGvgN8pYdM8ezy0cj3XoR3TXMDm6XYIPqMrPKOTRpr3RLKPmRzCBvyQodTT+IcgbrYdfdNSdPXcBjf92mB8Ij/L91nGt04JblZ3E9Xp71OKaMxKx7JS17cYKE8HIIOMK7rqF0zzKzA9vVVT4nEcYKRKODpQmmsFpZ64n+TKR91cAg7grHxudDIHB2MLR0VXFNEC12ShT9MVZDDyiUeD9kAgEp5GDhJMEojTRAhbP4U9TyWu8ttE8pEdScsOfpesm4ZChOJieSBnKuPeBdtULYOMkfTckL4JpoJYdVLNqGNXfHnaP2/VTumfl6uyfwmdpfJbnPpJST9bNsf/AOIrLfD/AKkHVXTrTK4fMwHw5Dnl7R9X5hWVPUy9OXlldK3FNVARVJHoOP1GR+S3Vrg8hfGdU9klhomfCa6ydG9QT9G3CU/KTSkjO3mPDh9wvb6yJweJ4jgx77c4Xg/xMsTqGopuqba0tdE8NmwN8fhP+a9U+HnVUfUljgmLx4zGBrxnuO6J8dmHVR3Yt9vs1T4qHqW3Opag6mjBGOWOHBCXTF7Jkn6Q6gA/iUDjoe/cVUXeT7dsKJEBaqw1kDCYJBiVo9f6lA+IVlreoLI2usNX8peaFwmt9QOdfZmfQpZmjzJRRHtlW74Y9SRdGVuG9P3Z+bNOc6aWd300jj6O/wCH7ADvt6Uw4Xzbb/itT/F+y1vwy69pHW6/4c1r2jDPFb3xth7Tjj1W1+B3xIuV1dUfDjracu6msYDTK8eatgzhsvv6Ks7X/Y0X6C2MN0l9y7/x+1/9z1/JSBOVxJNeJHOQdpyMlEUdFQNYLHpyanICHQeyICMIS7kqECLqG7tunN25KhBySYkoQekuZCWQoQ6kuZCRIwoQeSMcoB5SJOeVxQgkkklCDUk5JQg1cXUlCHiHxF+GN46Mub/iF8K4HMa467jb2Hyu/wATR27rWfDv4k2frSga+nmxOzyyMcNLg4cjC9DZ3XivxK+Gl16ZuMnxA+HGYps66+hYPLKzuWjsSoa67VOW2x8+n/8AZnsUcmcDlSWu1dl5x8OPiZaes6Jj4z4FSwaJoHu8zXjlegNfnfHKgqcNjw+yQgVEBdiRnIRmu1dl1QWQmvPdFa5cqIgXBwGExm3JUIHSXARjldUIFSTUkRANXSMqGEEb9ioEbpIH+BPnb6SrdBqaZlRGWkYPYqyER51YwVxRYnujkdDKdwdsqTnCnZCtvlogu1I6GVgJAOD6L53+KXw2Zc4X080Aa9gJjeAvpouCoepunae8UzsMGsA9kEoKSNWk1U9JZvifIXwq62rOn55+g+qvJBJMWMe4fQeF630Z1B/st1BJbKwa6KrGktLsBp/qz6f9VhPjH0BWVEX8YtkWm4W5xe+Hu71wfyCifD/rGLqy3Ns9fL4F3onag6TbWMeb7HYLkavTbuEfoP6R+p43VRSkeqfEPp3w5WXOkAw3DgQOQoVrrIrxbDTyEa2DG6tOj7//ABGB/TV7Zqlbnw5H7gjsAVl+oLXU9M3YT07S2CV2+OMrgXQ2Twfa9JqY6itOJm+rumo2NdIItj7LxjqayillM8LCMnzAcfdfTswpbtQaQ4EuH6FeZdS9PBkksU8QLH5wcJWODB5Tx3zxc0eGkZVtYqvwn+A8+U8JXOzPoal7HbAuOn7KEyLRv37FSLwzxMq3F4Le4wkya8ZBGxVSWEE7Yyregq/HYYJsOLRsTyg1NMGjUG7Js1lFqOQ/T1aaWsDHHActod9+xXnTJPDla9u2HAr0W3/71Ssl9QFkaeTu+OtytgxzAVFmYPRWTogOyiSNJ7JbWTqNFZJGPRQ5ogNw391ZTsyRgKPJGcKjPZX7K1wxlRjvkKa5pycBRi0nKmDHbEgTxgjb0Ve5pGcq4e0OyT6KBNEewRnO1FeUQjsnEZGF0jBwmJi7OXZHBGnj3BCLRzOY4BOc3UFGc0xkFNccmbOyWUaahq9TcEhWEMhY4Eb5WXoajQRnur6jqWuAJ9EuUcHZ0d7lgu4j4zdwmuaYn5AQYZwxwAU04qGAAbpLi2dyuW4nWypBGkkZUmpZqGVRwmSmnDjx6K7p5hUszjGVR0arHt2zIbtUEgcBuri11bJ26dQyoc1L4jSfZVkTpaCp8RpyPRKl+h0bHCSNZHOYJ26uMq7jf4oOcBZqGoFZDrGzmjKsrfV4/kyu74BSJwOpRfyXUDjG8HK0VvrM4GVmWtGMgqVQ1Zjfv2WWaOzp7kmjWyv1NaeVDqYhK3SU6mqBKwAndOdGT7LO1hnS4muCjng8KQgDYJzQMYCn1lK6Rh0N37qGGFuARjCoFkeSHJ2CiyUmncK3bGHjhClhzyoTbko5oC4aS3n3VNU07o5CMYC1MtPnct/dV9wpNcJw3dTGDNZW+0ZiTLeEWkrJqOUTwu0lpzzynTQ5GfRR0qytSWDNlxeT3P4bfEJt0ibbK0gkDALjghekt0kh0b/0K+T7VUy0FUyqgc4PYc7HGV7x8Putqe7wCkq5Q2UDAJ/yK5Wo0u3o6+k1js4n2eiwSkgAndTmSDSBj91TRuIcDjb7qdHJkBci2GGdZPJPyDwU5RWO2T3Eu9lnLD4CRaCMITSdQ3KKCAFRCNO1zSHDspFLUl2GpENdsoskU0bg6Lj0QNAFyw6xldGxwq6jqyDofz6Kxa9rhlIlEW0dIykBhcBxthLV7JO0g5JJJQoaCRwlqPdcXWfUFCA5A6OTxwPyUmOTUAfVNlaHMxhMgd4bNJ9VfQOMkgcp4IwoyLkq+wWtw9cPCakpgvAxziDgFIOce6akqyDk7MzWNJGQVl6lgtdydG0ERTduwd7LVnB7qtutBHWQlrm7jdp7grVXZzgYuStcdXCjvaSNJGxSpJS4GGQYfF5T74UmRnlBAW6uY3a+zxz4m9K6zJUxswPq2C8iLPBdpxwvqi925lxoZadzQXFpIXz11VYjbK9zCMEk9l3tFqUvtZyPIaaT++JnZGioiczG4GUO2VDoJQwuwWlHcwxuBAUOYBk+pgx3XV7Rx23XNSPcuiLw26Wz5OZ2XtGBlaWhlOh1M927CvG+iL06jrY8vwHEAheoQ1eisExPlfssltZ6TSX/ACRyaiikIGnsFaR8ZVPSn6XD1VrG/DcYXPtWGdauQVJN1hOSRyeTjvpKA4AZR3fSUF3J+6tCrARG+yFKM4UlmN8oRGStEJ4EtZIE0W2cZWK6rtjK+KaF7M7Fb2duBsFSXajEkJe1vmb+4XR09uDm67TqdbR8hXmjl6U6mkhwRBM8ub6DJWxt9Y2SBsuxyPVWvxh6V+ZpTXwR+ePzAgLA9I3X5iI00hw+PZfQvCa1zhsmz4R57xz0GrkkuGzfCD5qlD2fUDlajou8FkvykpIIGN1krTUOZLjPlOxBVm6KS31rayI7cn7Lv2wVkWjDodTLTWqxHsdJNrY05yQrKOQ6QFmOnbgytpWP1ZOkK+ikBlazGxXk9VVtk4n2Txd8boRsi+yyikcHDJ5U5mwBBVW06d/RTKWXWwErmNcnqIzTJiS4CMLuQkDdyDJIKSLIWRLjtxyunhDJOeVSFIY9u/KiVsRGKpv1NwD7hTUyVoeMEZB7Ii2iBr1YPCeOCosTi2V0Dhgt4+ylDgq1FMmBju6hTg6dxspp5QZmg4GFbQiaysHnfV0clk6hoeqqfyx6flagD+k9/wBlv6Z5kia88kAql6mtbbjap6ZzM5aSPY9lE6Bu0twtLqSpP8+hd4L8nfA4JVpYMlbcJKJpwMJJJJptG5KWM7JiSgJCp8B80fGl5UkHGVA80N3Lfwyt3+6mO3OxUAFr524UeTLZx6OblGAwo9Z5ND/VwaiawDIKXDB3CA0nVhNyR3SVipPAOr80Zz3CrYyWuYD+EYVrJuqh21TIOyNmWa3B378KHVN1t0HvspjSCwfmosozsjMV8eChjkc3XF/Q7AXHk+q5UOEVXpA+t2FyUasj02R4yc+T5JdPIfDDcZQKtgLNxnKdQvAZ4eN0V4wQc+qahU3lFXE/RIWk7+izvxEpxP0+92PpKu3gi5YDtvRRer4RNYpYxuST/kt+k+2aZ5j6gpWo8fbX/Y8JZkNAH5qVSjBQg3DyMd1IgBC9NS93J+arVteCWOF1JJEJAuOnjdQblUkQOGADurEgEgFUN5lDS8Z5We0bTzLBTOcXOJPdCcnjuuDlZG8M6ceEFi7KbTnGD6KJDwFPh4C1Vci5cj5H4bwoM0mrbClykaeVBlO+Uc8gwXIM5duixMJwENvOPRSogAAfRCaowyEjZv8AdWFNHwcKLG05ACsqePDQStNSDa2rIeNoGPVGA8vKZkD7LjiMLoQRlutwDPKYST3XHTYOMIRmyOOU9ywYn97CB3q4Ksudc1h0MyfUhGnnDGlxPZUNRK6aUuyudqtTLGyI2qtqWTgw55djlGfgNCHH2yNymzuAaBlc3OOWbEs8A558eUKL31ZymyEudkHddYMDcpNksj4rajheXEAdlaU9MxjQeXHcqNQUwf8AzXtz6ZVmcMbgbK4gTnnoC5ukb7KDUzbY2RamUAYVY+TU48oZ2ei64+xkji92SuwjJKQaXEABSYINwSFmy5MZKSSJFPFnGyntaANkOCMAA4UgDsnxMs5ZGxg5+ykxtzpJHqmxx4PCkxNI3ITYLBmlLA5jMY2UhrfKkxoI4T08zTnuEnjlNDXHspUUOwJRxjli8nI484yEYhrMED910tawbIcTS925WmMFgHmTHgOkIwOVNggDAD/qlT0+kai1SA07ABTCXLPRaDQJxU5C0dgnBmTyk1pzjKlwU5dgkK1I7lVWMI5TUhdhxVk2JjGD1CUTWMZxjCjV1wjp2a3du2cKG6MY1R3SH1FdFSRkuIzwBlZysr3TPLjv7eiFV1wqpTKAQPRRHya+Mozz3kPIO2e2LBOYC8bZ3UnyxsGcfZNDWxt8STnsFHLzK/ZxUOI7cBDrlcA3urCjg8MgkZKDSRNxkhSpCGD7IJPHA6l7nlkkvYxmNQQo6g6uxCrpakuOASFJto+YmbDj6jhY7ZY5PR6D/UkoHoHQlA6Vz7hIzDR5W5/zWwnl83OeygWimjoaCOBoxhoz90QanPJ3wuXY25ZPqHj6lRSoBvqXdPunsZgJEgd+EtPJ0sjBgclUl/uBZijheASMvI9PRT7nXxUkfiSH7DuSsTW1jnyOlccl5zyulo6HN5PL/UfmIaKl1xf3M7LNoGC7OfVVrm1FbUMpqaPVK/gBcmldI7AOF6p0L0NHao47xc4y6pfu0H8IXodPWqVk+G+W8q5N/Ix3SXRVFZaFtxurWmrIDgPRaGOhqbtO2pqdoGnyMO2wUv5J1XU65nfym7hqmFklS4UdGMZ2Lh+EI7J5PE3Wytk5SY2QzAtoLVCHSnGojhg91orR0+yjxUVQDpXc+y7abfDbohHGCXO3e88kq1fKGAY3WWUsmeTyFaW9hsFHmqnTOMMOwGxd/ohyzSOaWRnGeSpdNCyJg2AJG6EQ+WcoqYB3iPHshXC6QUbvCwHKPc7mIGGngd5jzhUEkr5sl2SQjig1HHJImqH1EzpJJMg8b8J8TMtJI29U6ktwfD8xWfyo2jU5x2wFmq+6VvVFa6y9OvMVBDtJUEbu/NE2h1NUr5bYI7deoJrhUjp/pzM9TMdL3j6Wfc9u6n0tusXRFvNffqw1VwwCx342+oYP0z+Se2q6f6Lom0drY6Srfl31bk998e6yNT/ELrVvr7lKHyy8/Ydkuc8dH0P6f+j7NTH+RqliAO+3iv6przNLIW0oOI2cE/8AzU2OhdEAXM0gDYIzvlrfH4zmAuHCZSUdz6inaRmOInf7LLOw+mU0QohtikoIEKiWtk+So2kNH1uHotPabBT0TRPKwOe7fccKzoLLDaoA0sbqIyTjdMfWCQ6G4ylqLteDka/ytenrf3YgMllMpDAD4Q2P+L7KtvN9tHTtGaurd4f9LBu5+OcD2yP1UK93/wCQmbR0Q+Zq3ZxDFvxjk9uVJ6e6OZFUN6g6sLp6vGWRF/8AcY7g8LbVUoLk+deU+oXqHtg/sZXW/p6+9byGt6gjFHaJhltE3Zz8ciQenG3fdamW5WLp2kEdPFFCxgw1rAAFAuN/qLjN/DenaaSrlk+ks2BK1/SHwgDqmO79RvZU1DN2taPI0+ue5UnYonkb9RKb5ZmbHYr91zV+NCwMoXfjcefsvVumOhrV0/A0up2STf1EZWipKGChYIoI2saOwHKkLNZPcY52NsBoI4bgDsmnHdGcRg7KK44zk4wqWfZQ/SB3TA8d+AqSs6npzIaS1QvuFV/3UPA+7uB+qZB05frvl9/uJpqc/wDwVNsx3/OeT+qW5YIK4dXUNPO+it9PNcqkDZlKNQaf8R/CokNi606ija65VVPZ6OTOY6Xecj0MnK1VstFutjS2io4ovdo3/VTQ0BT5MEKOxdFWGxx6KWlY6Uf/ABDxqmJ/5irtrQNucLoOM9k1reUpyyQbpA3CS65cRIh3PC4kmue1n1HCsg5I7BR3Vbclse5QHmsl7YaoQPJUNZsVHFT4mRHyuCDV/eZ/VPEQHH+ShAZbPnMh2K5oOcqQkoQDgLuAuZCRIwoQ4BldIzyEM8pagB6oo8kFpI3yhPlJ2wuPqmtOl3cKK6sjbs3f80UVjkgfJOUwyNYMucoplqZc+CExtHVy/wB67ZFgg6puVLGcOcdvRRJK2qqiBQUxLf6nhWMNup495Bko+ljANIAHor6IU0dpr6sj5ycsjO5aw4U2nstspjqEWpw7kqRJPtgILiSOVCB/EiiaWxtAA4Ud1Q45CESc8rirJBzpHEFRXAZP3Ug8KO44J+6iIdLW4OyDrHojPOBwoUkwZk4491aTYZJB2IATH1AZueFUVF8EYIa7Cpay61UxwHbFOUckXJoK29U8QOHbgeqoau+yT6mxuyPuoJcXklxyhhmEW3AzZxkbJO+V2Xc/dC0bndPII7pAc7qZKGub7ppA9V1zsnTjdW9n6QvV1/mNjEUP9biizhB7sFE/LjgDdXNq6PulxIkdpihP4nLe2boyy2iMTTf7xUY31bgKzL2RtPlDWjtwlStwDKeeCgtvSNstzQ5zTK8D8e4Vq8RsAaA1gH5KLcr5TUrNYIcR2BWZrbpPXP1F5a09gh5mAsstbl1JSUjjCWlxOwwszU3S43OV0LXGGAHPONkSRjDu7coD5QGaANgpFYDjHHI4UNDGQ6RwJ990b5mOJumPAyq97i5265k+qcRrJLM8hcXF4I9Fz5trO2Co+UsE/SMlU3go7PV1D9mu2UNziTqc7JVnTWqtrHYZDgepV5S9JwNAfWPDz2HCEmV6MiIaichkURdn0VhRdJ1VQ9rqpga33W0gpaWnaI4YWjAwCBug1NZSUUTnVM4YewUKTeSBS2Kgt51CNr3HuQpRAjyeAFnbl15SUship2CVw/FjLVlLl1Vcq57g2ZzGHsDhW1kZtcze1t7ttLGXvmBI7ArN3HrhxY6KhjLR3J7rKNlLj53Ek9kjpAzlUGqx9VdrjUyl8k5weBlRgSSS45K65wcdwmlwwpjA2EEcTclcJGUN/wBJVZNCikGLh3IQvFJOMIZJzyua/ZMKwFyMIZJXMobnAgjO6hAmR6rhIxyo5JJ5XMlQh1xJJ3XExJQgkklw8KBjUkN/1FcUIdakcri4XZGMooywQakmnlJFnJBJJJpIwixuCUcnEk08rivCHRjgRQyTldyEshCW3k6kmZCY94ChQ7ISyFHMmDwuGTIxhL3l4CFwA5QH1HIwmPcSc5KYrLOl7ycpvmRdDfRLQ30ULBroOFxJQIekkkSG7uOB64VN4DEATwntjJ7FRqm6UFDEZJZxkcBZe7dcyPJpqB33KW7Uh0KJWdGtmrKOijMlTMGkcDPKzV06zcGOgoGEA7aj3WUlqKmtfrllc4n1K4InEDdLlLca6tNGP5Baq41lcNNRKSAc7FDABGCPzXGxOJ4ypDYiNyEEotmhRUegAjx2Tmx47cqQGZwAN1Iit9RIR5cA90OwtvBAMWMe6kRQE4AGSraCyZw6YqwgpIIdwwZ+yoVO1R6KWC1zSEEjZW0FsggAcdypmwGwQJ6gN2wqEfK5Me1rWjAACTjgblRTU7HGVFNTKchzsom8F99k2SUZ5CBJUY4CA5zjucqNNXxQHDyP1UdqyMhByP1aSSSX41P2wMSSSUINc3PdQainc14qI8hzfQ8qwTHNzsoC0dp52zxB4O/dFUCIPo5iCCY3nt2U8EEZBULaysC915p8QLVWdNXan64ssIbG1+m6MYPrhz9W3cbr0tMlhiqInQzRtex40ua4ZBCgtZhLJVWm40l2omVtFLrjfwVIlYDgEZWAsfzHw86hPSlSddur5Cba8nGkk/3f5AjC9DcM4ycZ3UHZyiDROdSVZjJOlx2V80YGVVz0+cEc9k611b3aqWZ3mYdlDPOOei2SXGrqgh8D00kFdPC4TjYIZPASkU/VnT8d9tT6QgZG49ViOhb5UWq4SdOXBxxHlkWrtg7L1EnK8++IvTkrYmX+gw2eF4L9I5CKuWXkZ3HBvDu3GR/1WYbWVHR3UUcpINru8hhmzxFK78X54/ZE6O6gjvlrjeXjxY2hrxnuFcXG2013oJbfVMD4phhwPb3+62xZjlXh4fR8lf2gOhXfCX4nN60ssRbY+oH+K0N+lkuB4jM+wBK1XT90gvVA2KbRPTzx4YXDIe3G4I9N+F63crJRfFDom6/CzrF7JLhRx4jqDxpA/lVLfUtDd18pdG1Vx6N6nreh7wDFPQS+DpIxh45/zXvvBa/5Yqqfa9nnNdT8c2vR4x8Xvht/7OOpsUALrRc9U9G8nJYfxRn2GRj7n0WNjfnlfanWvRlk+JnS9T0/ciWGVuqCUcwyj6XD7L4uutquPT19rLFdacw1FFIYyD+IYzn919V8bqHZDZJ8o+L/AFJ4eehtd1a+yXP+BxAeNXdFpZyHNiPCCyQFq60hjwccrrRlhnk5dFvsAMHKUfIQoiXMBUj6dgE9ciGdSSSRlBkkklAJjkkklARJJJKBCSXcFLBUIcTUVNwVCZGLh4XUlCACDlcwUctBOSFzQ30UDBpJ6SEgIbrukDsuJwOVclkgI75GMKM5gP5qbp90J7M43S2WngguYB3/AGWi6E6tq+jb9T3SGV/hscDI1p+oe6pHN90w4AKw63Tw1MdskdrwnmL/AA2qjqdO8Nd/3R9wWe4UnXHTUVxpXNLnjLm5yQVQT0ctFMYpGkY4XhfwV+KUvRd4NJcJXOoZx4ZBOQzPdfUl0oaa6UTauDDtTdbXD0K+e6qmWltdcj9VfT3mqPNaSOoof+V+mYwxNqmFoGCNwgU4cXOik/Dspro5KSXDxx+6bVQiVpng2J5Wb5MM7k0pGc6i6eguEDgWDOF4R1v0YC6RjocHfBwvpRri5ul43CzHVnTEV0pnSRMGsDJC6ek1nxvk8b9QeFhq6ntXZ8eyQ1lmqzDOCWZ2PZXVLXFsjHjgLVdb9JzPD2Nj0yMJwccrzyCSWimNLVAtIOASvWaPWfIuT4D5vwU9LNuKN5S1EVTEHsIPqPRBqadrwqOhqpKeUPjOx5HYrQwzMmaDwuxXNTR5SUNjKWvt2sDScEcKPZ7zLQVHhSOOgHG6v6mEOGcLO3K3PY8zxNyCdwETX6DjJTjtZrKqlir6cPY0EOGQsu7xKGqIBLSCpXTd3ljlFHM/LD9Oeyt7nboa3cN0u9QjTwSS+N4NT0Z1YHNZC5+4w0tJXo8M4cBtsV84xyVNqqhuWlp2PqvWOj+qvmYI4amQE7AHO4+6dCeeGcTX6TH+pUjfjcIyjN4Hunp6eezjD0kkk0MSSSShTHpJJKC2OSSSUIJNTk1Qgk5p/ZNXWqpdEIHUPT9F1Fb30dVG0yYJieRu13svA7tQ1VouM9trYdEkDi0+/uvo7uFjPiF0nFe6SS6QsHzcQ5A3cPdIaOlotYq5KEzxd7cg7Krq4BnOMZVu5pBLXbFpwfuo1RAHj/VIlA9PXZjkoJ4dwAF23yvpps+vKl1EWDxhV8jPRZJrDNcXv4NHFMJWBwRVU26ujbpp5TjPBVq06zsrT/ZntjtYlHljz2UlMk+yZ/crosuiepX9J3gTvB+UqMMqf+TPP7n9V7xcoIrnb3Na4PjkbqYQc88FfNkrQdyvWvhL1Qa2hd07WuzNSNHhOJ+uPOB+mw/MLRRb92Gcryendy+VLk9O6Wrf4vaKjp65sD56eIN83EkQ2H5jP7qq6Uq6noTqR9qmkPgSybe7CUCWSe03SC5Q5Gh2Hgd2nkK96kooOo7MLvbsfOUfnYRyW9wtk456PN4zw+j15z46qlDojlkrQQc9ilQzmNopJ/wnykrC/DnquOstsdFWPxI3y7ncey2kwwRIBkY2KW1xg51kdksHjP8AaD6ArbRVw/Ffo5hhq6CTxa3SO+BplPucEH8ln7pX1XWdlt3xa6IqGRdQ2Mh74c7kN+tg/bS0j6F9GU7qC4Uz2VELamGQFkkT92uaeQV8x9SWur+AnxHDKV0rem7yQGnGs6PUejmO7f8AVZZRa6OxodRK+v4n+cVxn2vaZ9SfDb4hWr4l9LU/UtsAYX/y54tWfClA8zf1WqXyLZup3fA74iRX+PVJ0d1aWmuFPvFTyEgtkYf0O/4SV9dxeDNCKinl1xu+l2MZR1Pemn2jneQ0saJqyr8Jcr/7r/oIcorCMAZUcjBwntJzyntHPJSS4OF1KIOSSSUIJdzhcSUIJJJJQh3JSyVxJQh3JSyVxJQgkkklCCSSSUIJJJJQg1JJJQglxdSUJw+zxn4pfDGrtNVJ1/0C10VXGddRRR7CX1I9Fd/DH4mUnVdE2mqneFWxbOjfs7C9Ojdp3XjPxS+GNwoKt3XXQZdDWMJkraVg2mA3y399lDRGcZLEj16N/tyjg5Xl3wz+J0HVFMyhqwIq2Lyva84OR2XpLJCBuoKnHD4DSN1D7KI9hbuFL1+yG5upQojtkIIBRmPyEKSPcEdkxr8DBUIS8j1Tsj1UQEl2corHDYEo8EDpDdcBGNyuqiEauoWTt1gAPA5CqY6h2owS7OYcD3V8BjuoFwt7JR48TcPbucd0cZYIRC4+q62U4wVHD3NOh43RdkXZaMt1j08+pAuFEwFzQfEaBu4eq+Ufib0XcejLuer+nMsa+R0tTCG7u33X2u7B7rBdb9GtuNNURMjBjqONvpO+yRdUpo7Hh/JvQahSPE+meroupaemvdtqHQ19McVB9+235Fer66brvp4MfoZVgc/4gvl69Wu9/CfqYVby8290h8gbkSAnZpXrnQvVtDM6K6UM2qOTAc3PHsV57XaTHKP0l9IfUkNS1CTwGp/munbi+ir2ODHHTnsPdT7tQw1cJLmhzXDIK0XVNoi6loRcreQZGt8ze6ylpuscoNrqTpliOkErivMHg+qb4zXJ5x1h0tqjc4REkAkEDdeYzwOjc6NwILThfR12oDISC0cceq8h6t6blpZzNGzAyc7cqNZ5PM+V8d/XWYqKR1PMJO3dW8pZU0/l31b5VXPCew3C7aa/w5DA/wC26Yn6Z57a4PDGSRmJ2Butf0jc9cfysjtxwqGtp2OcJGN5G6bap301cxw2Gd0ucUatHP47Uz0Rzc7KJO0DgcqTG8Sty30Q5IiUjB6VfdyV8jBzhRXtDtuFZSRHGMKBM0sOcKsgyjwV07A05AUaSLG6sHtBxlAcz0UMNsSslafRRJWYHCspWgHhRZmggKGC6PBUTtBdsEBzduVYTMwdgoMoPpwii8s5N0eRjOd0OZucEDdIAh3KccFuE9IxuOQbCWnZWdFUkENKq3gxuzjlOZJkbdlHyFXZKt8Gsp5tQa7lWtulzMA7hZW3V2CInK7gkLTloz+aXwjv6PUReHkvamDxI9cWDjdPttTob4ZHCFbKhk2Gl2/oUaroxCROzIzyAcJM0dyucZ8xLRj2yNAAUGupABrxlKkqS0AOCmvf44HZLwPb3FZQV7qSo0yjyEYV60tD2yN3DtwqO4UWGeIwcItnrnk/KzHIx5SUDjkKqc4vk2VBVeI7Q4jhSQ4sdkDCoaSZscgLTwrmOdsreOUiyvB2dPqOEXFuriC1pIV8x7ZGBwWOgf4Tw7fZaS2TNe0ebO2yySidzT3Z4JvOQoU8IB1AKad8LskIewJL4Nqw+StaMfkuuZlHfAWuyBjK6WAKuxsV+yE6LPZQ54Adi3IVu6HAJIUWaLPCgNleTHXGlNPM5uMNduFXOiPI7rY3O3/NU+G41t3BWWe3QXMeMFpwVDl6iGxkeMe/CsrVcam21LainkIIOcZ5VbINDtu66HFw9Eu2tTWBdFjhJNH0f0N1XF1DQhjngzxNGod1ronEHBXy9031FWWOsjnp5iwgjO+xHoV9A9L9TUnUNGx7ZAJgPO1cLV6bZyei0+oVvBqGPyEZrvZV7XGMjIUiOUEfdcqcMG1cktOkztugA6iMI4kGkA9ksh1riThPyA3dBTt+xS2sE6I79UUhmbwFOoqjx2A5GUBrWuBDhlBla6lIkgz7jPKEBl2wADY5yukZVbS1bnkEjf0VizjJKABrBxJJJCyM65cXXLiUCFQnswirjxlqgKGxkb7oyiAFpyjxv7FWmW0ESTEleShJJJIWQaSexTTuE5Narg8MtFHc6M08prGDDTs8pjZQ9o991dVEbZ4nQvGQ8YWdbHJSSuhkydJx+S30z/ZojLK5CTM8uRyvOfiN0sytt5rqduHxHJwvSh5hhVF0gLg6nIyHBdSieHkVZDesHzRPTlpw4bhVFW7RJgheg9b2GS2VzpmsIY84OAsBeYXxME7RsDuvQaazeec1dWxthrbVmGdrmnGD2XrNquoq7SyfV54wAfVeNUM7H6SPRbzpe4RupnUwB1A5+4WmyG6Iei1GOD2Sw1IqaKKbOTjBVy1yw3RlweXSUxOWt8wWzY/Izjlcm+vk9JRLMUyQCco7OFFHKkM4WM1QeRyYTtghPTWqFpZAOcU1GezG+ULV7JsUDKOEDkaHDdRZomuaWkbHZTnjIKgyAgkLXTNwZmtWUYTq2zsq6WaBzMggr5jvFBN0v1K8aS2J78j0X2DeIGuizp3XhPxd6YFZTurYIgHx+bIXo/F6x12JHz76t8b/ACaHNLlFVbasTRtlYdyMrU07xX0IZy8DC8w6TuhLPlpHedmy9BtlW2F0buRndfRabFZBSPkkIvo03R9zdSzmklONJxuvRYpxljxvnfK8nl/kVMddTnyuO+F6DZK9tZSMIduAuRrqeXI999K+Q2v4LGaiOUPG+Mo8T9BACq6d2HDJVg12poC4NsEmfR6rtxZxvLmgpwJyo1I8BgYeykAg8LHOODbF5Cg7cpZHqhZKWT6qYGpZQUkY5Qjylk+qSiRaQxJJI7KyyBcYgzTPGMFp3+ybG/U3OOVJmIlGkjbhVsBdDI+ledm7s/5UZCUmOGQnpqgMugMsYOMBYBrXdL9dNLDppbuCNPbxO69Ecsh8QLW6stnzcAxPR5qI3DkFuCqnnJitW37jUg5JHouqq6cuf8Ts1LVucDI+NuvHrjdWmpNj0OrnuimwaSSSssr7iPDrKeoaPqfo/VHI3KZc49cGrG7DkH0K5GSWgk5yAVAB45QrgNUAwN2nUnDlKpGqleOdijFzZFbnSHH8SchwyeJTRHG7dj+SeDkk+qgtjyMqlqBiqcrpVNfGYnGfHKYxEl6OMJwmPAwns4TXDGMokY7OzO3OPTNqA35UcOyzOcqyu0eS4gcBU9O8+GGnkFPhg5Vz2zZKopP940k9lPc0A8qqhGmu52KspAchGhSeUUk58O5jKBfMy2qcHsCf2Uu6BrJmPDdyNyo07vEpHtx2WzTPEjha2PyV2Vv2meHvaBK8Yx5ijwjAGy5WN0V1Q3GMTORG4wML0um/Hk/MepW22UX6Z1Oamp34Vol0IGS4+rOwWXusolmLWlaKvfopzg4WTkJc9z3ckrn3yNWmjzkZwEJ25RJTxhDjOMErPHs3YwSIBuFObjQFFjGCEUO2IyttYpnJn+blRzg90pjuMFBAJPKsZBDmNLnhWELSMZ7qLBERyFY07c424Vo0wXskU0OojIVkIgGjfCjwNDQBhElJ089ltrSwDbPCHOPoUN7sDcpjTvueyZIfda1wjnWy3DQ/fhDmkDBjIXdYAKra2bsCl3XRgsslccvgFXzuewxt7qLFDndwT2tLnZcE4va0HAXKsnve41RQJ5EQx6qvqZi46co1XPjZRC0uOVmk9xojHA5rTnUe6K1hecAIcQz5VZ0tOI93DOUMY5Lm0kSIGiOIADG3CBUzbI+WtBGrkKprKhpOG5IRPCQmH3MFUSEnlRcHOV0uLnZUiFuwyFls7NS+1DoI84BG5VhHDsDhNgiaADhS2swNgpBGWyZxrSFJjBaRtyuRsxjZSI25OcLRFZMdln6HsYOcIzcDfC40DCfpPZPjEU5ncZT2tIICexhJGylxQYxsmxiIcjkMIOMhGk0tZ9k55EbcD0QGsfI7bZMT2spRcujjS579OM5U2npi0h3quQQhuPKFPij2Gyenwd7xfj9/+pMUbMDhEwE8NAGEmscd8H8kuUsnp69Pjo7FCXuAAyrOKDSBkLtNTeDGHuAJO65V1cUUep5xjhVk0qr4o7gdZMynjLie2wWWudZ80wx4wu3O5STPIDiR9+Aq18vqmHnPJ+QdjaizmstAHKJC0tw942TIoXSu9ANynzSYw1o2GyI4M5jKiR0z9LRgDZGp4Q0Ake6HGwk5wi+LoUExeZEiJwb7KBcLm1zvCj7clNqK9reFn3VLpJDt3KTKWDdVJIumVOrB5ytz0JZ21VWKqUZZHhx+689tbDVTNi917V05RMt1tihDMPcA5xWHUSye1+m9PG6fzPovA46sBTIWjSCeyhwAuI2U1n0hc6bPo1XCC7AeiiVDxE3UXAAI0pw3lZq+3QsIpon4J3Kdp6HbLBl8h5CvQ0uybKy93H5qYudlsbNmg9/dZ2oqHPflp+yPX1TZX6GkkDv7rb/DroSSoqYr5dotETPNCx2xJ7Fel02nVMUmfCfqLzi1VspMs/hx0E2Jrb/1BCDIQDFER39SF6G1rp3kjZrePRPwNgMaRsAEF8s00nyNFjLvrcOy2NpHzy66V0nKTEWz1D/l6KPUeHH0V9bKBlFCGgDUeSm0VCyiiDIgdX4ndyVMbsMErNOWTK+QuQwZTCXyEZTW5JR2gAA5wgFvgfE0NIc5QrndWwt+Xhd5u5QbjcAweDA7J7kKJDbjVfzJ3EOVRWHkpd5BtZUVW8bdWeSp0cNDZ4xW3SYNY3dElmpLVTF7yGtYPzKzr21XU07pqxumkGzIztkeqJtHX0PibvIS/wBNfb+wdyrbj1sHUg8ajtRcdQZJvJ7Zwj1VZBaaf5C2xMbI4duT9yjVNSyjiFLSNa3S3Ax2VFJGWudJI8ueTkuJws1t21H1Pwf0xTpsWWLkhNhe+R1TUkySk5JPASfUtORjKgXC9S+IKGkZrL/qcDwtNYujXBray9RebA0RHcY76h+izfM5HuLf/lYZnw/0Vlq6Yr7o81tQ4/LgjbHHpla15oLLSBseBp5I7oVVeny1Ao7Q8Ol5kl/DH6A/ff8ARQ3xQ0MDqiunc5jN3OcOPyR1V/I8s8X5zz9emShb+XpCkq7hdZHztBFMB9WcKgu14e+oFo6ZiNZcHAh5af7o+mEx91uvVL3WjpmEwwv2dVE7Aezf/VX9PRWToO2mOnBmuMu7jnLpZPT9yuhGEK1wfL/I+Tt1k/veUukDsvTtL0pC+7XmRstW4ay93+imW2xdVdezvexjKK1l2zsYLwr3pf4Z3PqGaPqDrqQFgcDDQN3YG7/V+y9bp6WmpaaOlpoWxxxjDWgJN1vpHHnN4KHpPoizdM0oZDTtfJyXuGd1omS9gMBN4XWs2GDzwsbk5GZvIVIkAE+m6pbx1JRWw+E4uqKj8MMHmcVXtoOpOpg11bJ8hRn/AIbDiVw9HFX0UGuvVlNTvFHQwPr6x+dEVOcgf8x7YUePpq/9QaT1NcPCojv8nTDQT/zv3JWit1loLRGY6GPQHfUe5KnNQufoIhUFqt9pi8G30rIWejRufzUjV7JxJ7piU3kg5JJJWQa/PY4XWrqC6YjhqhB5IHdDdNp7ZQiXOTmszujIBmmqHnETUIQyPwJXZU4NaOExzfdQgLwWsxgfmnDghPXDwoQGeVxdPK4oQcSMcoDtyUi7sSUNzgBnlQh0gobpNPKa+WU7R7IAp6mQ/wA3cKEHGsDSQG5yguNTMQGtwCpLKaNhzp390XIHHZFGWCENlBLJtK3b7pwoKdmPIpjZSNk1z9W2EcZZIDaxjBhrQMLmvI4SXCA0Ek7ImQY8knYoXmLdyh1Fxo4Ml8oVe6/U8rtMLx+qohOfycoRl7YQPGL/ADZO6cX4GcKlJsg4numl7QOR+qCXEbYQ3lkbdUj8ItpCQ6owdgFEqawsweFX1d3p2eRr91R1dyqJMgP2RxjkKKyXNVeBH/xVR1d0lqJHYecFQXOfK7zHP5rgbjunKIbWAznukOpyad+UhslkKFIS4XAdwkTyBz6KfbOkb5eXN8CnLGO4e7YK20uw84RVmVu+4VnaOlb3eC0w0+iN/Ejthhb6xfDy02pjZLg0VU2PMHHLcrTmQMaQwbHlInauog78GbsnQditETZqz/eakc53AKuZXsDdEQDW+2yi3K5UlGzXPJpPYDusjduo6qqb4VvBa0/U490Ed0uxbbZfXK801ITG14ecc5WYrr5U1TXRt8oPfKqpHuO8jjq7oTpzxhFjIQZztTTqdn81GdOQSMJEk91wMwcoo4iQRe9w3KGc91J8MYAOxToaGWoIbE0n8kTCbwQ0SOMybAZPotHbuk5JvPUDYcrQUVmoKEamwNLj67ofkLlLBkLf0zX1gD5QImn1V5TdNUtEdbiJHfbhXctRBAdDyGZ4CyN4+Iljt+W0kvzj+xiPlP5quZFJOZo2MZBnOGgeqo7x1lY6AuDqkZbtxnK88unWl3u0hLJnRRnOwPKppsyEF2590eGNjU1yaq7/ABDrqrNPb2CFn/eAYcfss5VV1fVDVUVL5NXq5Rg3CeSNOkHKg2NYz2SwE08pIxqikLJS1e64SMIJJzyoXgIXc7oZcVzJ9UlCHclcSSUDGJJLjnDHKhBpIAO+6ASeF08rihBiSSShBJJgOU0nKgSWRyS5rC45wIwCoWMSTTyuKEEm5KSGeEUY5GRhnsfkeqahZOvGU/O2E1YiGoex2QmavdDfIN8FBLyDkkoHPBWMErIHJXCRjkKFJUY2CA6pkxhuyDeMJbngHlMdLgcqL/Mcdyd09sfB3UykQTql4PlCXiSP7BdeGjBcgzV1PENzk/dTchkYNh0lVS3yEnS0b/dcjuLpPqOQqD+Nrssdv6guILXFx3JRmluOURTjgSSdgDlcL2sGScBU5IAWCujDRl2w9VCq7vS0w+sE/dZy5dT1UsZipHYyg+RD66ZTZpqu5UtMMmUZWZu/V8j9VNCMgd8qhk/iFSQZM/qnNomEgyDdJlLcbq9PGHMgU89RVbSOLgmR0RznGMqwjpmtwMI/gaiGtG/2QODyO3KHCIcFM4dkYQ777KxprXUOIdpwFYR2mHAdL27KwXdFdlEyl1EFrf0U2C0yzYy0gBXUMVNBkNiGfUroqA3gJhnnc/6SLT2aCPcjcKWxjGjDcDCa+rAyFDlqz+FA2sA5nJcsnvGBnKhzVbGHB5HZQ5qqdxwHbIO7uTlKbQUYBp66VxAi2HqmOkc4bqJLcaKl3mlCpK7qkOJZSMIA7koZTjHs0R005Pg0b5hENTzgDlV9VfaGBhMby947BZia41lTnxJXAHtlRSzO+Vnldno216RJfcW1X1HWS5bFhjVUy1M851SvLvzXMBdS5WZNKphHpH7KpJJL8in6/EkkkoQYknrh4UKbwDmAxhdgOIw30XHAk8ZCTWkEHGFBe9hUlwcLqhRQ9b9KQdW2Z1C93hzRnxaeXGTHIOCqLoHqWW4w1Njvkui7WkthnYRgkY+rH3yt6VgviH05cmS0/WXS4zc7cT48JO9XB3jz+WfdWw84NiHggkHOAq+pY8SfMQnS4ei501e6HqWzw3WgdlszfM3nQ7G4U18Rb+H91RJLKwTLfVGphBP1DYqXgqipZnUM+Q3LHdsq9ZK2RrXAbFQyzjhnEkkkqSyAEBwg1tPHW0zqaUZY/kIx24SB3VRk0w4yyeQua/obqYyM1CkqHaXN7BxOxC9TpKmOeBk0bgWyNDhgqn6z6divdtdoYBKwFwdhZvoG+v1S9P1riJ6bdhd+NvGy1wky5vcX/VFrrGyQdR2CTRdbYTNFGDhs7R9UbvYryf8AtIfD2Hr/AKOofjX0G0mvt0emsaG5PyzQMk98scHDGF7juQM8hZF1UOguoJayqY13Tl/nDK6PhlPUOBAlxwA7Ol3HK6+i1MtPPemcrU6dajhdnzd8Per332gY6VwEzBh33Wa+O/wwd1lZWdTWOEfxi0RaC1o2np+7SO7hjy/crXfHP4XXH4I9ZQ9Y9MQuksF0qDhkRyyB5x/LAHDd9lZ2DqCnulK2vt0x0O75X1zwvkI2xV0TxfkvHrWVOqzo+IqeoLgjh+vsvXfj98LZLTVO656aodVHUvAroIxjwHf1tH9J3/Qrx6Fw1YXt6bVZFSPjnk9Bb4+347F/j/BZ0Uz8lrjnHGVYMIwqmIljmkd1YxYIBJW6vo4syVkJ6ADvynjhOBbwESSSUEuWRySSShaeRLoBykOUTYgbKBiA9UsBdXRwoBN44OaSuFuBwnpYyoKU+QBHolgomAuEDCg1PIFJPI9EsFQMYmu+kpySAm8EQcpYKJgJYChASEpCYhDAvZkcqPpPdTiMoLox2KU45DTwQXN43X0R/Zz+L4ic3oTqisJg0k0kr9y32z6cL59kblqjRyVFHUMqqaR0ckbtTXNO4K4nlvHrVVcctHsvo76pn4DVbbG9jPvm/WWF0vl8urghZWaGagmLHjy/sQovwP8Ai7b/AIi9P/7P3hr/AOPUgBc7tM3H1D044WvulvY8Oikbkj6SvAWwdU3Fn6i0Osq19MbqZJpoy0kLSPFi4PI9EB423UnL6WV0EzcB2wK7JBpAI4KqEnFmq2CaMH1l0tBcIXTwQjxMZIC+e+uOlXPLnMhLJW539V9Z1MQznCw3WfRcNzhfU00QEnJaBz7hdzQ61weGeC+oPAx1MXKKPlGhq5aeT5WryHNOAStHQVhyG5ROr+kJ6GeSRrCCDnhZ2grHNcWuBBbsQvW6PVKaPgnmvEvRzbwbVjxI3JIKbNE07gZyq631YkABPCtWgOaD/qupGW481hw5M5drZJG75qlBBG5AVn0/fWVTRSVpxINgT3U0xh+zhlZ+5Wue21HzkPmjJzt2R4Gb/kWGXt3tzpma2b43Cq6Ksq7RUtlYXDfBB4IVpZLoyuj8F7gSAmXiiGkuaOEaBT28M9Q6S6pirqZkM0uTjAJ7exWtjlz+fdfO1nu09rqAWvOnK9e6W6pir4mRySDVjAOU1M42r0UYt2Q9mw5T0wcBP909PKOUJEJyhp6MGTwJJJJQASSSShBJJJKEEkkkoQSRaMb7hdaupbKSzyeWfEfo8UsgvNqptLHnE7WjYH1AXnsjCRkr6QmhiqInwTsD43ghzT3C8c646Rq7HUuqKdmuhkJLC0bsz2KU1k7mh13VdjMNPTiQHZVE8JackbK/0qJVwhzMAblY7IHoq7Eijc3DgfRW9vrg5wjcMKtfEW87LscxieHhufzSOh80pxNCJPZKVucIFHVNljGOVLTk8oytbWRHN91yjrqm03OlulIcS0sge1HezGN0CRmRsMq09jyU1uWD6Lt10pOpLTDdaYDw5RjGe/cKy6frI7a+Wlmf5Zjhm3fsF4h8LeqnWu5t6fqXEwVoIiy7ZsoOw/PK9jezSQ7G43C6dM98cnktZpp6abi+vRKdCbRem18R0wznS8DYCRendPXiG7UxhP1sG+/IXndNMy50xp6ljS5v7+/3VjZap9tqWOYSNDsOHq1W+jmWw3PJuBI60VBcW5hkOdvwofWPSVo+IXTc9mrnlombrgmbzFL+F4+ymRT01zpwcBwI3BUB1wf07VNErXOtcp/vTuYnen2SWuREG6pqyPaPnbpbxq6lu/wV60Hh1UeoUmvfQ4HzBuf6QMtXqH9mP4i1tLW13wX6zkDbvacmgc/6p4gf7oeunZzf8H2Rf7Q/w9muVFH8RunXuZeLUBM9zG51xt/F+Wf3XkXVFVWdU2m2fFDpyUwdTdOv/wB4DNyQwgbjnbP/AJFlkmpqS/8A3R6KCq19Pxvp+/8All/7M+3vc910crEfCP4jUnxV6Pp+p6d7Y5cmGqh1Z8Odo8zfuTnC25aGjJyPutUZKSyjy9lM6JyrsXKeArSNI3CJkeqiDIPKeHbYJQCyRkeq6ooJznJUkcKEOpJJKEHJJqShBySSShBJJJKEEkkkoQSSSShBJJJKEGpJJKEEkkkoQSSSShR4/wDFr4Z1cFeevOhcxVrTrnpY9vExyVZ/DP4mU3U1M233E+DcIfI9j9jkL0sHC8h+KHwyrqerHXHRIMNXATJVwRt/vT3eP04UNUZKUVFnrUb8lGXmXw1+I0XUNEyCucIq2PyyMdscr0lr9s55UEzi1LAnNygSR9wFITXtyFCiLnfBRANuR+q5NGc5AwhMcc4KZkhMyU5RwcoqprBB6cdkJPVEK2vo3PzNCMObwoLJuxxlaBmMEkcKmuNCWO8eBv3CaQYDnKHM4PidERkO2KTH48hG64/lU+UCeTfFD4d018pJWT07ZYXg7Y3C+YGxXn4TdQmCV7n0VQ7yZ4cAePvuvvOaGOojMUrQWkLw/wCMHw4pq+mMBjHhzaiHBuS0jGCP1WO7T/Ij2P0x5x6K74rHiL9/oL0h1JBPDDU0dSJIJWhx9ACo3XFlML4uobRTAtziUt7++F4l0H1PW9CX5/SV0me6lZLoeDyMHkL6JtNawj5WZwkpp24wdxg9wvO6rSfG+D9T+B8otZpY7uZLszlFUsvNvbUx/wB4wYezuFTXa1RV8RikZv2Uq5RT9IXlwbvT1Dy5npgqymY1+KiNuqOUaxjtnssOMHfw7eD576htj7ZcZYHtIGokLOVUXhSmRu2rde79YdOUt3p3PjiAmAJBxyvFrlRyQySU8oIdGS1AeV8ppZaazL6DUNUKqnDTjU0YKa5jo36gMEbqmpZ5KKp1H6DyFpX6JIWVEYBGN1OznQnhmqsFb49N58ahjZWj2jGpY+xVhiqgzscLZBpeNu6U1k9JobVdDDIczdRACgzsBGVZvblQpoyztykSWDbOPBVyNOeEGQZGCpsrMnhRH7FUYLUiFI053ChStOFZzNGOFEkbk7KGKxJlZI1Qpo9O6tZWdwocsWRhHF4OdfXlFY8chMiznnYI00ZZIQh6gDuU5M5U1hnZG6gCAop8pI5yp2NTVGkYc5CMVLsfBUeE4PA4Wjoq2OaIFp39FlmqXSVBp5A4ceiGUTVpbPjZqYZpIZBIw4Woo6htfSljiCSFlKaRs8eockKTbq51JMNWS3KW0ej0eoUZZfTLySOSncAeCptFIHDSTuns8C40+W4O35hQWNlo6ka8kDj3S8HZUccotJYxIwtKpqpjqR7ZmjcOV5FMJmZ5yo9ZSCVmkjGeChwHjK4G0dbqa122T2V5R1TiAMLKRh1LIC/YNKuqKsa4hIsH02bZcmgbIXYOVZWutEEoB4Ko4JNTQjscQsk45OzprtrybiF/i7o8cpHlwqW1XAGNgcd/pIVsyUZysrXJ3K7NyDuia5ocAgYw7ClMla4aeMpstO7ILQhNUVkjyR+UYUbHYtU7bjCFLEDjCoJrJXzR7beiy96t2hxqGd+QtjJEQMFVlfTCZhjLc591Zi1NeUYXUHHHousZncrlXA6krHxOGBk4T4TqKNI5X4Swxr2HOwWl6P6qqrFWMJkIbkb5/wA1SaA7AAyUOSMxEEjCRdTC2LTNNds4SUos+pbLd6e9UbJ4XAu0guAOcZU+PIPK+fehet6qx1kbXynQ7DSCdiPRe+2yuo7xSNrKR4OoAuaOxXnb9K4cHo9LqI3RzEnxHVyUQ7YwVDBMLso8UoeN9lzJRwzW0HTw4BMyE0E5SwQqa8BzcFIOGOU9pwclWQj4khdqaMYU+mqvEaGk7hCkDXN4UPLon6mpYLWS8BwiAYUCmq2yMAJ3UtjwRkFDhgT4CAYXUkkoAS5keqR4TB9XKhAh3BKZGdR9EUEAY9UF40jUoQMkhxvGkZREAIkkklCCSSSVoiGHcYVZcqUuj8Ro8zDk+4VouOaHDDgCE+MtoaeDNRnBxhDuEHiDxgN1MqqZ0NQ4AeU7j7LgIc3SQttVrGMxPUlmF4t76YgCQeZue5Xh12ts7HT0T4suYS0hfRtfA6OoLsYaeF5t8Qunw17rtTN0gjzY7ldvSajaczVU/LFpHgtMX0Na+mkO2dlrunq35eqac7OWc6kpfAq2TsGNe6kWyqLmtcDu1d2ufyI89TJ02tP0erWa4voLiyRrsMecEZ9V6rSSa42kkbjK8Mo6s1NKyZrvPHjK9W6VuJuFtilc/LgA0rLqa/t3I9Torvke01DOyOOFHjxgBSRjHK5so+zrcISegp6SQXYoJ2yjHhDIOUZAe/ogzNxghHyPRMlbxtlPrnhipx3IrKiESAAjIWE6qtMdTBPBpyN16NIzOMqgvNv8VxcwDzDddTS27ZKRxtfp/lrcD5AuNPL071JJGQWsc44/Vby01rJoWnUOAUb4s9Jl+qvhZhzNyQFiemLhLGxjXvyOOV9C8TrPkrwz4f5jQvQaiUcYTZ69a3CandTyYOseX7qx6ZuT6C4igl4eSBlZi1VmpjHA8b/mryvZrZFcafZ7MEkLp6iv5I4M3j9XLTXKaPToXDZw7qdHKCACVmrFdBW0EcgOTjBVrBLwCvL6ipwk0fYdBq421RsRbw1BacKwjdqYCVTMO3KmU1T5GsI4WGxHaqs3InpLjTkLqUahJJJKDRJqcmqFMZ4fuqu6xOaY6iIZc13m/wCVW6jVMYlBaD9QwjIgLHBzQ4cEZXVDt79BkpH7OjJxv+FSyQQoU3lDJTuMFQ5cuwjuJJ3Q9jsQqM9kc8GN6WlbZeoa7pmXIY/+fSZP4Ty3/JbUuGFj+sKZ1FVUXUVM0+JSSefHJZ3C1ULvEaHZG4ztwjFQeHhHTykNlxPBwfsjGt4B1I1wObjsosXmjj9mBT3tDm49lW0x8j2n8Di1EngF9BAMORB9O6GBg4RW9lYiWWVlMMvnh48J5x+e/wDqnob/ACXGVmMB7dQRFRAjVEuMOuDblSwcINVuzAGU0XLor4tsBdmHlAQgfPgdkSXdoCtvgwXIgVrAWau6zjDpqDHjGorTyM1AgjOyzNYww1zdts5RQfJy74t8hS3TUMcPVWE7gGa8cKAHAua5TZAX0xwtCERKq8Z8NsgG+yjRjMQae4Uy6tzTAY4USJwLRha6JbXk5ephmTR4/eYPCutUMY/muwozNjj0Vr1PHpvVR2BcXKsYMOK9Tp1iGT8yeWr+HW2w/TYVv0hddsEhwupkjmp5Ke7zBsJblZ9wGNlYXmQukLAdiq3GAudcdLTrECPMTkDK5FzkFKQgldi5KGCTNTJ0H0rhJ4SiadPCR53WpfaKw8gJuy7A0lwyEntJIwjwxkAHCjlg0QhklRMAH2UykjwcqJECVPibpARwG9ElvCbJ2XQRhNkI2W2sRfLdEADjhI790/UNOM9lGkdpBKcznNbgdRIIxyqqWQySfZGrZi47dlGY3Uclc7UT3faaK+ArSA0qLO44PsjP27qvqZhkt7hY5y2o0wXsjTPdI9GZjH0/umsaCQfVHiYHuGNkqLyxkpcBaSIOfqLcqcdmpsMYY3cYQ6icAAAJ/SFOW5gKqZ2MeoVbKS45PdSZZsuxhR4uSkTnyNgsI5DCS7hT4IsYwP3Q4mbDZToWDZKJZPHAWJnZSo2A+yG1mANkZjMDKOMUzFOWQkbdwcKQwDCHGMYRWrRGODJJ5Z1GibggHumxsJKsKWDcHSnxWRc5bTtNT9yMYR3ubG0DGfzTnObE3ACi7yOxnCckK5kzrnukIAClRxho4Xaam2yQpEcJJwVHhcnf0Pj5SSch1PHk5wpeA0bBciiDBwjRjU4BR2HrNNplXDCGQhz3DAVpSUuMOwlR0wxnSMKTO4QRF+MYQNm2MVEHK4MG4HHqshcq98kzg45aDspl1uxkaWQyEZ5Kz1RMXe5Rx+5nE8nrcRcYCkkDiT3TYGl7skYUfzOdnfbspZcyOPJWqMTx9luQ7y2JuG44UZgJOSE3UXncozSGgHlWZ22xweGfhUCrqO2yLU1AbwFTV1RqOPVItkh1cG2Koqi44CjsxnOOUA6icqRSwyzzNijbkuO6xTmbqoOUlBeza9C2dtTXNqHtDmNw4heswt3GBss70jaG2+gj1N87wHFaykiJdkjZYbbMn1nwmihpdLGK79kiCINAOEYnAyntbpb9lEqZxg7bBJjHezuTsjRDdIFcbhFSwmSRwGOB6rzuvrHSTvlJ1F5ypXUd6dUVBhYfKz0KsOh+j6nqKr+YqfJTNPDu69HodE6oqyR8a+sPqJ3ydMH9qLLoLoh94qG3O5Q6adhDmsP4l69pjY1sUbQGsGAANghU9PBQUzaanaGMY3G3skJA8YHJ22XQlz0fKdRqJXy3SOuklmkFLSDL3cns0K6ttvioow0DMjvqceSuW6hjpoQ/T53bk91LS22Ymw+AEwannbZcHnP2T3ubE3W84HqhIEaGgZKr6yu8YmCB2PVybLNNWuEFIcB3LvQKZHSQUUQLgCe7iELlgX3wRaK3tB8SQZI9UaaZtOPJjKiz3CTcwtDYzsD6qMXl4Jc4nKFySPWeB+mrdfNTtyogqj/epXSVHnA+keijyyysbpjOkeiPJygVM8FLC6eoOGN5KzXW4WT6/wCN8RRpMV1rn9ESaTwz4khwBuSdll5qyv6lrRQWmAtfJt9WUUm59Z3Jtrs4LYQcvlHAHuvRHxWH4b2jEI13GbjzeeQjsT7Z/dc+y3ez0lsI6FKDSla+kvRCsfTds6LpmXG4zxmp3cJCOMc/6IQF16oy5zHQW9x2YTymW+1V/VM4vXUzj8sNw3j7bKB1N1m2KM2WyxjWAWktP7BatNS5cs+ffUPnoeNcqqGp3e23+IW9dRWjpmj8GnlaC/nHt/8ANVFQ2e99bTNmukop7eCCW5z4ntnbHH7onT3SkMzhduoz4kcfmbHnutHSwXjrS5/wTp06IAAXz48rG+pH5eq6DkocLo+QX3Stm7bXmb9jPm4KKeHpPpKiE9e4hoEQxjPclekdDfC+i6ffHebvL8/eiNT5n+aNn+FnsFedK9C9PdGUkkNupzLUynMtVIcyP9sq9AIGAdgkWXN8IxzluHOwRl2MoJ3OwTZZGxtLnHAUCSvnl1Mt/meNt1lbbAbySqysp6VuqeUNCqDJeb1qgpHeBTHiT8X5KXR2d0swluYMjx+ivYIWRNDWNAHoFaeACstPTVDbWte0eLMfqmk3f+RVvjSMZXHD0SHBQsg08ri6QcrihBJJJICDEkklCDU0taU5JQgPSPRNT0xGQbkpJLh2UIc1eyEZBxhddIG7EIBkHOFCBSdJyd8prnNY04IOUEvJPCQaSQoQaZHZxhdDSd0UNAHCaoQ4GgJ+D6pNSdxlWlkh0oIYe66cyYwEKeoio43STOAx6o8NFpZDNAb35THAM3e7SPdY69/Ey227LaRrZnjbGFg7v1/drkXZlLWngBFCIyFbken3fqq2UGQ2YOI25WVufX75mmGDU1p77Lz11znlz4xJ912B01ZK2np4JJXu4DRlNUP2MlXs5ZpH3102z5SR91aWmbW4aDueCg2D4a36vLZ6wMpouSHHzfot7QdP2exMBLXSuA/Gc4VyUfQp7fRBoqaucAXt2+ymFsUDQZZA1K43ylj8rTj7LK198ZOScknPAKUolF1XXSli2a7JWbuF1mneWMf5QoUtSZnZwUDuU6MSHXOLjlx3SySnLhOFCdDQMJJB+rjfKsrX0zdbmdTIwyM/iKtyQbeOytKsLV03dLtgxRlsZ4cVvbJ0ba7cxsk8XjzY3LzkfotCyOKFuI2NY0f0jASZXY4QMpYM9Y+g7XbmMmqWePOBk69wtO1zYY/DiYGtHZowFCqrxQ0cRfJKCfQLOV/VUtQ0x0QMYPLj3S3KT4bAy5GjrrpS0UZfUSBp7BZa5dVSSgxUWpgPLj3VRPNLI7VNKXk+pUGV+SQApCPJeMBZ6iWZ2uaUvJ9SoxmyNOAEwFxO67laI9DIxWAMxJOUzT7qQ7Hc4XYIpag4jZlWRrBG0FSKainqjiFhcVo6Do6onY2SoIa0+q01La6OhY2OCFuQNzjJKFvACk2ZW3dJyzDXUuDQN1pIKGkpI2tggAI745US8dR2q0Z+aqo2NHOTuVgL38TKupJgs2uJjfpe4KJZCUHI9DrrvQWlniV1SyFn+I4KxF6+KcDdcFlpy5w2Erxt+SwdTV19fK6a4VT53O51HI/RD0gHIACNQGKHIeuvF0vLnOuNU+QE5052H5KI2NgzgBGJbjAUcgAndMjHA1RSEIwOExI87FMUwPisiXcnhDXCRjCEbtR0n1K4SMJhJyuZPqoCdJOeVxJJQgxJJJQgkklxzhjlQg0kAHfdBJJJSPK4oQYkkkoQS4SMLqCAfVQOKyJxOrhcPKWSuK28hDcldx6lL6U1xyFaj+yxpOTuVwkIRJ1YXcn1RNYLyOL/AGQ9Xslq9kIkkYwr3cDU/Q/YD6ghukJaR2TMb/Un+CCCQfzS22w0iO+R2dguEuf2xlOdUUNP5p6mKPHq5Vlf1ZaKVmqKUTOGwDQhcorsONU5dIs205cMoZAj3ccBZOq62rp/LDAyMeoVbPeLjWjElQ4D0BwluxejVDSyf5G3muVvgHnnH5Knq+qGhxbTRkgdys62mqpT3d9yptPaJ3HzgAFU5OXQfxV19j6m+1VRsHYUdvzsrt3nBVpDaooTqDQT7qwhpoowPIM49FMMHfBP7SkhoKh2+FaU9K5mCTwpWn8kx1TDD9RRdAzlvJDAdOMJa9AyXYAVbU3bG0JVbPXTyDDpTg+6p2EVeey6qLzTU4IBy7Gyz9feamqYY2u0gqLJL5tt05tLUSEBrEtybH1QqhzgiBj5ManE/mnRU7WOB/1VpTWOpk8z9grFlnpWtAdue6pLAUrYR6KZkcj2kMbnCNBaqyR2oxaR6q7jihhADYxsnmfA2CMCV27or4bXE0f7w7BUmKGCDdsYPuuuk17EIecd1eBe+T7DmXY8IZmce6E5+OUIyZ2Ayhckimv2GfMQPVRn1Ds4wuh2xc48bqurbtRUrC578kdkmVvoOuuU3wie6Rz+dkFzmt3e7A91ma3qsPGKRv7qlqrjXVwAlldpHYFIladGvRyl+RqqzqO3QSGNkmojhUlw6iraluiEtib6sG5CpvDJIJHCICQcIJTcjdXpYVrI175JN3uJK6z6giBrdGcIR5QPkdFJcIO0ADZdxlMSSihJJJKEP2TSSSX5JP12JJJJQgkkklCCwEsBJJQSJJJJQGUsCSSSUKzk81rv/wAm/VIuMDHQ9P3WQCoDW5ZTVDju72B3/T2XomGSNDg4b8FRrzbaS726a2VsLZYahul7XDIIWN6JulbaKyp6JuzXeLQt10chd/ewf9Wj0UDTNjOzG4HCNa6wl5hkO3bK5I0OUVwETw7Rn81AGXuc8JINNKZYg4ndHwUIlnEkkkC7KHEZ547ry/ruyVVnuQ6gtjdLo/OMDb3C9Saod2oGV9DLA5oJLTjKdAYn6K2xXWK82uGviI87RrGfpd3Ck19JTXGgnt1XE2WGobpe1wyCF51Y66foq/Pt1wB/hdc/Oon6ZOy9LAz9jwtcZpIRbDDyjBxW231Vun+B/XL31NDXx/8AuaaU5eYMf3Zd/wB5GM6fTPuvlSrtvUHwY60k6Nv/AJoXO8SCVo/voj9Lw33wds7L7U6p6di6lt/h+IYayDz0tS3Z8Mo+l4PqF5h8ROi6f40dFS0s9IafrDptwbBIW4EjgCDkf0SZ5/rwvR+C8h/Evy2cjW6f5stcGEglo7rbzFLoqKaZuC124IPZfK/xQ+GkvQF4fW0wH8GrHk0zu8RznQ73wee+F7D0nfqyxyigvTHxhw0vDuY3g4IK2vUFstfUNlqLNc6ZlRTVbcOz2PqPdfZtBrYzgpJnhPO+G/4hp3Ffkuj45jlBwexU+GXUAFI666IunQl6FDWnxKOoyaOYDAeztn3VbRu4yV36rVM+OarSz083XZ2i0jOSjDhAjIBCO3cLbF5RkfAROTU5EJxyJJJdHKhYgO6IOEgO66oE3gScuDsuKCJfcOSSBykoUNSSSUIcwFwgYTklBwIhcRSByhkHKhDiR4SSVMgM8pp4TycLqVJ4YUZZIzmknIC5od6I2AlgeircgskeRu3KjOjHYKaTlDdH7pco5GA7Lebn0ve6W+2ecR1FM7U0kZz7fZfa/QXXNB8SulWXamcPnKfDahmMH7/ZfEcjAQtF8NPiFcPhrf46+Bz5KOVwFRBq8rm+4/NeX8z4hWr5q+/Z9T/8PvrF+LuXj9U/9OXX9mfYF0s7a5mWkNd2VEx8lNIaOsHGzXLV0F2t3U1mg6gs0jZKWowQWnIVfdrYyviy3aVnB9V4trDwz9FRe5ZKappc+YKvnYMbD2VrBKSPlpxiVm2/dDqqTYvj/MJtc9rKnDcsHmPWvRcNyhfUU0Y14OpuOV869V9MT2WrfKyE6Sd9l9jVFG7RrYM45C8/616Lpb1TSSwxDWQcjC9F4/VtM+efUv09Xq4txX3HzHRV7oHDK0dDW+O0b9lTdT9NV1hrXslYdGolrsdkG31hiIPOBuMr1Wm1G5HwHy/j56G51SNe0g7o3hR1EZhkwQRg5UC2VUdZDlh+4UssMfB5XRjNSRw3mHJma6gq7DV/M02oxE52WjtdzprtT6Hka8bhSA5k0fgzsa8HbcLL3G31Niq/naPJhcckDsr/ABY2Mlcv/wBYsbnazE4yRhMtd5ntcwcHHAKsbZc6e7U4a4jXjcFQ7la/DcXtbsmRkIlFS+2R6x0r1jBcaeOGaTLjsCT+y2LCCM5C+brZcqi1VALXHTnhet9JdX09xibBLJg9snumxsRy9Zo9kd9aNwnoEOHtBByjAYWg4zWTqSSShQkkklCxJJJKEEkkkoQSSSShByiXOip7hTOpalgdG8EEEKWuObqGMpTWQ02nlHg3VXS9b09WPbIzVTvJMbxxj0Kz0zQ4ZX0HfrTTXmgkoKlgLZBsf6T6rxLqKwVfT1YaacExk/y39iEqys9Bo9YpRUGuTMVlPvkBQXNzkEYwrqRocMFV1RTEO4/NZZwR2qrN3YKinMEuSdvRXsczZWZaQVnnAgHbGxR7ZViM+DKcZ4KT+Iy2OY5Rd5zumSjUMLrSQN07lQyLjkq54XBwcBjC93+H3VzOrLK0TgsrqVrWVAP4tsax98H7LxWaIFp77I3S3UU3SN9hurIzLEAY54gca4zyP2Wmq7b2K1tEdVS1/V6Po+ke6CUSAbd/daEOie1srMbgbeyzVLPT1dPHXUTi+mn80Lj+JvqrKlmLcDK3we9ZPG2QcOGae0XR1DLs7yOWpkdTXGmMb2tkhkGHMIyF59DLxhaC1XN8DAwjIUlDCMVofpO/zWa7O+Hd/n1wNBfbJnb+NDx4WO3PqvHfiX01/wCyLrY9RW9uvpq9ykSsx5G7+aPHYEHb7Feuda9OSdS2dk1s2uVI4TUbtWMP+/6J1guFp+LnQ1TYLxA9kzR4dUzGmRjwPK8Htjff3Wea/Zs0Vzolul+L4f8A19nhHS3Vx+AXxLivNLmTo2/6GVLQ7ysJ31NHZ7c8f0EL7OjrIq2GKqp5GvilYHse05DmkZBH5FfEld07Da7rW/CPrNzxTyPD7VVPHAydB9hz+pXp/wDZi+KVTa55/g31vUeHVW5rv4PJIcmeMH+5A9dy5ozyFmqbrlt9M6XkdI9TSrlzKK5//WXp/wCV7Po9dB7LiS2ppnmVyGYdxko4IxyoeSnZPqlgkrI9Usj1QMn1KWT6lQhISTQcJyhBJJJKEEkkkoQckkkoQSSSShBJJJKEGpJJKEEkkkoQSSSShDhGUhttldSULTweL/FH4aV1suDuuui9TJWnVVUrBgOH9QWi+GvxFoupKRlHUVLfGAAa49/ZeiZ7HdeL/Ej4fVHT9wd1j0dG5gJ11NMzjPdwCg9NT7PZ2c8p68/+HfX9L1JbYo5qhpm0jvut2JBj7qCZwlGWGOLQQRnsoksWncBShn1XHN1BGQiBxGxCMx+M7Ic8Za3UBnCG15GxHKhA6MOVG5T84V4yQkgjHITTgjGyjZPqn5PqVMEKetp5aWo8Ytyw+iG9zZgC3YK6kjbJs4ZCo6unfRSkEZY45B9EZDkjy3YDlV9xoqa407qerjDmvzg9x9lOLtY3C45hbglU1xgtdnzB8XfhvKY/Da7wp2A/JStbu93ZpKp/hX1vVSx/7PdQSuhqoXBsIeOPUZ9OF9K9YdMx9RWuSmYQyYHXG7HDgvlTr/pK42u6yXCGJ0E0bsuA9fUey5es0+/o+s/Rf1LfXPZOX3LH/U9wq6Ol6jtkltqmgSuaA1x9Rx/msrZKmemqJrLWuOWH+Xq9uyB0N1s6+UlM+FwZOxumXfJJGx2Wh6stTKl7bzR+VzhqJbyHBcC+h1s/RvjdfDWVKyJVXCLwnHLfcLzPrnpltRruVL5TnzNA/desUc0V2ohFPp8Vo0575WdudHJRvdBUR6mO7kbELMbdXRHVV4kfPlTBvnG45T7RcHRTGmecxk7A9lsOtLBHQz/N00eI5D5gOFiayDwXtniGN98JZ4a/Tz083n0aAH5aZsrDgZC29rrBU0jXckDBWDpJxV0o3yQFe9OVpil8B52OynZv8fqNk8M0zzk8IE7ARwpD8dkNwyOEiayz0b+5FdNDsRhV0jMHhW03fyqvlac8JZmshkhSA4wocjSRuOFYPbnsgyMBVGK2BWubg7qJO0AbKxnaMbbbKA6JxPKtGC2GUV1QzPmwoDmuD+VbyxghV00e+QE9dHKuhh8CadlxzQQmAgHCI3hMaMTRCmBY7hPZJgav2RpmBw4UTeM8KA5cS+tVc4DQ5XLGeIARyVkqWfQ4FaWhqRJA1xKA6mkultxI0dguLKV/gz8E4Kv6umbM04GQd2kLEH6g5uy0/TdyMrjQ1RDhjyk8oGng9LotTlbLGOhe+kfpcCW91cNZHURNe122FDq6drJCHcdlyleY8FpJaUto6kWosFd6R3g6mDJUKinexwa4dlo8MlZhwyqaroDFKZGjYpMo5Bw4yyi4oJstGSO6sWnG/KzVDO5jgCr+GYaAkzgb6Lc9lhQVBZNx2Wjo5vEA3CybDpIKtrbWgHS4rLOODs6bUqLUZGlicQeVPbI1zACqumkDmqbC/GnbjPdImsHYrs4OSgtPGy5qDsFTHQtkgGBu5VryaSQRyjngpY3cEkYC3GFBmgJOcfurEEObkcFBewFWgbMNGO6gtokJmazfCz1G7US07YK9FqKMSjDm5C8+uTHWu6uZo8jySE1PBx9XFQ+4kRAtkBI4RaiMSx+UYKJTw+PFrbyiNjLTgjCFkq+6OSqIfE7cLf8Aw665qLZXRUk82YnnBydlkauk1ty0Ko1yUcokjccg+qw30qxYNFF0qJ7on1xT1sNZC2eAhzXb8ouS05H5rxz4Z9f4c2hrZfKcNyV7I14kYHsIw4ZBXB1GmcWehquhbFSTDMfnG+UQ7hRIwQc5JUlh7LnyjgaLLm4RAc7pbH7oW7SgCSD5KY9oIXQ4ELqhYFpMTshWVLJrA34UBzV2CUxOVYQEoplsJTnhFBwoUdQ1wAUprw5JlHIlrA48IZByikYTSBjKWCMBOU5wyxN/EnZ2woQY0kOARxwo7vrCO07K0Q4kkklkEkkkoQ6DhdBymrrVaIAqYxI3JGSFTyB0buNlfFuppHsoNTTZYQG8rTXPbyMi+MFVPG2dhOnLgFnK+jZUNfTVDNTHgjC0uPDO/wCigXCjLx4sa6mnuw0LsifNvxAsL6KaanMe7HFzD7LEUExikAJ55X0f1t0sb1QyOhAEwH6r51udFJb698b2lulxBHoV6PSXpo8zravis3o2HTlUx5fTF27xtut70JdTR3N9tmf5XbjPqvH7RXGCqY/OBkZW3kqzb6mC7xuywlp29O61z+6LQ7R3yjNNM95jlzjupDJC4BU1nuENxt0NbDuyQDH6K1h83mXKshjg9TVPfFMkDdJLGNklkY9D01wGFxJWyAXA54XUQgbphByihnJGsoBKzOMKHURa+QrEjKjztJwOVuqs2syXV5PPur7IypgmifGCJGnC+Y7tSTdNX+aikaRHI8uZ7L7HutIKinO243Xgfxm6T8enFypo8SRebIC9N4rXOuxRPnX1h4r+TpnbFcop+nrgHsaNWVvbdUwVVN8uTg4xgrxvoq4t8U08zvNwM+q9NslRGJdyP1Xv65qxZPksZuJoLTUz2qq8Au/luOR6YW4p3h4DmnIXn9TmUtkb2Gy09juQkp2scdwuRrtPmW5H0D6Y8jmHxWM1MUpwMqVTv8w2VZC/U0HClxyaTnGVxrYYPoOnsLyJwLc5RFX0k2uPJ/TKmscMbLHNYZ04Syjo5T8jSmJmT6oBylgeeUkklCAU07pyajCfRUXDXS1LauNvJDX+7VKa7U3IO3ICLVRtkjMbm51d/RQaZx3pn7Pj4/5eygndgMeU0cp+n3TNPupgp8kC60IuFHLSkZ1tIH3VV0fVyvpJbbUOJmoXmJ5PJ9P2wtC8kYwspPKLN1aycDRBXx+C/wBDIeD/AJK28GdrbJSNUN+F08oTTncHIRBwjXIUpZCA4KrgNM8oA2JL1K1Ab+iBJgSa/wCpuVZY5u4BSKQ22SRMDBW1h0VscmOdkQclNvIxHDIBu2UE/ZEaQRkd0MQDmcLjtxuupJrKfRUt2e7vunkahhJ7SJXA+uUlIvkxXIA/LXluFRXqDEhlHZaCRo7qruUGqBwxkpq7ObdHgqYyRAxysGH/AHLOd1BDP9y3G4U2maX0OAc9k1GJr0Qq8aqY4VVFl8eMq2qB/u7wVU05wMFa6ZYZztVw2jzzq1gN4c4D8KpCzPdaHrT+XdeOW5VE05XqaP8AaR+afqOGzyl0f7nGoNW8Nj3UhV91qAyHS3kpljwjjVpuWChuD9cucqDL9KNUnBGT2Uab6crBZyzrQjhcEfOXI8HKjj6lJp/qHuqhEdEsYANPCFIMFGZ9CEBk4ThihlDA3JGQprGNDRsmMhGc4UhjODjZTOR8YcHYo9+FIIwmxjSOOU8NOfstNUci5xHhx7IbvNtlEz3QyM5C2RWEYLZNPA0OI3zwoVVLthHlkbGFVzSa5Eq630hNccjX+Y7rhGBgJ34UF7hg7rFZ+xyTyBqZNPfhVuXyzZHdGqnlztI7p0MXhxgEbrLJ5ZqgsI7p0YaFMpIgPM4ZUeNpe9ox3Vgwhg4RRXsXNimdpGwxsqyoeXbKVUSDGFXSOOUNk8cBwgcAJJJKLFGdS5GwnGylRRcbJX9wpy2oNDC3SCQpUUeCNtk2KPSAMKWwceX91MMyznkawYwEbsEhyigHCdFciLDsexCkRAEhBaNwAplOw5aFphHJmbxyHgp9WCQpoa2JgwFxkbY2gpkhBGMrTFYESeWNkeZDgI9LTnZzgmU0DickKxbFpaMHCpvB6DxXj9/+pYcjjwMAqRHEOQEmMycKVHFlKlLJ62ipA2RuJ2GQp9LRAEOcPyTqWDBy5qnnEDA/RlQ6EYYRwtZAwAYGyzt6uUjg5jTgDZWFzuGk6eMhY241ZkldkozLrNRHTw3MFUygDIIUFkmo7oc0pe7GU+mg/ESn1o8Hq9XK3MiRGxo8ybK7UQPROkcGgNC5Gw5yVoObnJ1rFyWTwwiSP8IbhVdXVg/dIsmooZXHcxlbVEHbCrJXmQrtTPqcDuhCTPZc+2zJ0KoJId+S1fQVrFdczM8ZEO6ygyXBrdyeAvZuhbOygtcZMY8WXD3H7rLOWT0n0/4/+XqVJrhGppIzlgDSAFewMa2MHChUUQ9P1U13lIz/AJrPKLZ9NUVFYQpp9DTssh1BfRA19PE85PJ7K5vVwFLFIzI2WOt1qq+rrr8vB5YM4c4jn7LteO0kWvkmjxn1X5uOk07ri+wvRHS1T1PcH1EgIpmPHiPPA9F7fQ26jtNKykpWhoaBkjbKj2220VhooqGihDI2DjuT6lH1uqCQ3ttldl/cfn3V6meqm5SDtLpiBjIVhQ0cMThKWZPumUFL4cYDm5Vg1oaAAELMLYdrvQJ2Qhjug1NUykj8R5z6BLYJJknbTxl7jj0QKOOrvE2jH8kd/VMo6We6fz5/JAeB6hXtTcrVZ6NjeDjj1S5SwWk28DHx0lrptZ0sawZc491nzU1V4nfIDoo2nytOxPumvlqb7O6ad5ZTNOWs4z90yRwA8KHLY2nG22Ujfk9l4D6cermp2IbUSB7wyL6W90mEhMDd9uPRdqZoqKE1ExwwclZL7/jXJ9p8V4dVpU0rkVVURUsZlmeGtAzuVloaK99f3N1soB4FLGQHu/8Al+x/RTaK3V/XFwNJC0spYiDJL2Y08ZHfOCtfcbpZ+jbfHZrMC2Vm+ppyc+5XFt1bseP6T01unr8fjT0JSukuX/yg6ivsvw7sz7fa/wCbVy7McRh0pHP2xn91TWfp91ye/qnq8uLSQY4yNmj/AOXCLabbFHLN1L1LUeJjBjjIx64AChXe53C/yBkkmiijPkiAwCut4/TLUYnPr9Hzb6t+oYeLh8FMs2y/J/8At+gXVPVlRfZzbrfqZC04Gn09SodttlutL/matuuR25yuSvjoi0NaM+gC2fRnQVR1FIa+6bU4IxG5vP8A8uF1puNfR8Ruu5zLtkTpfo279fVjHDxKS0tPmlaefy7r262WK1dN0jaK1xBjG7Z7kI9HFR2uhioqKBsTIxjDRjKHPIHeYnYLHOxzeDDOxyYYk/kodRXiIFoHmPuhy1k0rHQ0gy4olJaztJOcvPKDhIEhNgrLjPpkcGxY3z3VrT0MVPpLGgY22UltM1jQANl3T7oGUdxnldSSUIJJOSyFCCwEw8JZCaoQG/6iuJLmQoQKSMHcIB5S1e6YoQKSMcoZ5SyfVDzlQg9MyPVLIQjl2QCVCBchMMuBnChTVjIttfmPbKjxtq6l2HeVh4UISpZi93lC4Ae6LHTRxNzkk47pudsYUINwF0kIZzlcyfVQg90vYBINPdNDTndpTaqvpKOLxamQMaOTlHGDZaTZI0+6HU1EFNE6WeQNDd91h+oPihRUcTorRiWU7ZI4Xmt56tvl2JE9W9rT+FpwmxqaYcYZPSr38ULTb9TKJzpnjbAXmd+6yvd6cRJVPbGTsGnCpsEnONytNYegL9fNL4KfET+HlOwvYxJQZlWvcX5e8k9yVa27p2+3WYNoaMvjP4l6vYvhJZbUWuuLjUT8uyc4WzhhoLfGyOlpWRNaMDS3dDmPplyuUVweaWD4OPe9k3UFb4bMZ8Jg5/PK9EoOn7B0/A0UVDGzAwDjJcuV99pKdpBcCfusxc+oppyGxScH1VmeVkpvlmluPUNPA0NBAJ91jrl1BJNI5zH5JOMKvqJJJnanuJ/NR9IS2FGOBs1TLUEmQqM6MEjB5RyzH4v2Q5iI8ZO3qji0GMERHblNIwMkpj69r3GGAa39sKZbul71d5B4zBHAe5KLcim8ENr9ezPMe2FY0PTt0uOkGAxtd39ls7T0ha7a1pe3xCP81dRCOn3wAAgc/RTlgz9m6Mt1uwS10ruf5m4Wpggjp2AANY3HbsoFVeKaAENxqVLUXepqcgHDUmTbF53GirbrSUrMmQEngBZ+u6hrKhnhRO0A5VbJqJ1POSfVDOB3VQjnll9j5HlwBec/coEkjQOAmyS4OEF33TVEPGBr3lxQjwkmnbsr6LGZG4wmNDnHDfNnjZW9p6dr7oW6WYB5K2tF01b7YxoMbS4clw7q5SwRyx0ZG39JVla1klSwRtPqVq6CyUdAwCGIH1OFCvfXHTdhiLBXCpmG3gxDOPzXnN++JF5uxfDTn5WA8BmxVclxhuPSr31RZrF5ayoIkH/CH1fmF511D8TLjXyOjtjRSxjZpbysXLrleXvcSTzkrvhgb+qOMc9jYQwOmklrJHTVUr5XnnWchD0DgHARBgd0J83YBOURnHoSRIwhkklN1FUWdL3eqbk8Ji6BlGHGJxdBwuLhIwoH0NKC5xyRnZJ5OojKagCEklkJZChAhIwdwgnlLJ9UxQgklzISJGFCHSUIk7pE78pKEGJJJKEEkhtXVAkhJqSG5WGLV7LjjgJiStrBeBeImPl2xhJzC7gE/ZAqKukpGF1RO1mOyqUkgowcnhBBkklJUFd11ZaLLadzqh47BUdd19c6lhjo6eKEH8WMlKd0P2aatJZPk3T3NjbqeQ1o7nZVdd1FZ6CMvmrGOI7MOV55UXC7VjNFRXyvb6asBAjoHPdvk57koHZL+k2rRRS+81lT121//wA7qQvHZ0gVVWdU3yuj8LLKdp7sG5UeC1SgAEYCmwWwtxqKW3Y/Y2NdUOilc2rmP86Rz0Vlue4ghnK0DaBjQCWozYY2Y8gGFNrfZTsUPxKSns8rzsNvsrWntUbAC4AFTshjd0wTjGdkW3gRO2cng5FSsiOGjZSQWYwSFDdUOIxhR3SVZPlYTn3RReCvy7LPAwSHA4UaevazhwCj+BXTbE6B90mWt4OZHB/5qTkUopEea5SvOGSZ9lGkdVTnAiLirqK30rQMs3RWRxxjDWhBkNS2+ihZb7g/cQD9VLjspLB8w4b9h2VqJO3quHdQqVzfRCit9JDg+CHEI8cbI8howulu/Ka4e6JFxzLsKXYH1IbpMoeT6pu/upgtwCEk8lN39U1+wydgos9zo6dp8SUZ+6FzSDhU5cJEskeoTNxuqCs6opIwfCBe7tgqiquqq+QkQ+QfdIndg01aSyzs2FZXwU/964D81R3HqqlhaBSv1P8ATGVk5qmpqHF00rnE+pQgDnKQ7WzbXo4x/It6rqO51bNBc2Nv+AYKrXSvecvcXH3KczSW4xwl4fulORqjXCH4oZp/wgJ7Wsxv/muktCHlvqh3jWmzoa09k5LISyFTZY3BSwUzOUkPyADshLITMBcIwl7yDkkxJWQ/ZhJJJfkw/XY9JJJQgkkklCCSSSUEiRRwhImr2UFSeQaSekoQGRnGeyzPXnSk18pIrraGMju9q1T0k3BDgPpz7rVLrSd1C8sy/SHUkPU9nZWtj8KZhMU8JOTHINnN/Iq2mYMZWT6kppuk7+3q6mjPydW1sNzjY3bI4mHvvuMLWskjljbJG8OY8AtcDkEKFnaKpNPNhw8p2+yustLQQqF7e45U61VfjsMLtnR7fcKAyjklkLiO5o3ON0A8oQR64eF1JERPBkeu+m47xapJImgSR+YbcH1UDoHqWe507rVcZM1dJ5CTy9o4ct3JG2WN0bhkOBBXlfVVvqOl7ozqO1wbxO0yjgFhRJsJ/ej0xqzHVtJcLdJH1N0+3FXTf9piBwKiD8TT6q4s92hu1BDXwbsmYHfbZTs6sHC11y2mO2Ho+a/j70Jb7nHT/ErpgB9NcNJujS/AyRgS4xtg4aT7ArA2S8PBbTVTif6XL6brqCjtF0qenrtTsmsN+EmoOGzJX/U37O/0Xz1190BVfD3qWW3uc2SB2HUs4Oz4gThhH9Tcjf3X0P6Z8zlrTWf9zj6rTZ5RA6t6XtfWNofarnA1zcExv7sd6gr5j6gsF16OvclmuUWdAzHMB5ZW+o9F9Q0NwO0cp27FUnxF6EoeubQIJI2ipgd4kMmN8j3X1DTajHB89+o/BR1cN8F958808peG/mpUTtjsqZ/zVluctoucbo5IXmMk9yO6s43Bx45Xaos3HyTVUT003XZw0S09RycgFFWkxS7Cro5TWpw5UIEHC6uDhdULEkkkoJEkkkoQSSSShBJJJKEEuEDGV1JQcCIXEUgcoZByoQ4ku4KWk+iz2dkGLh4XM539E5C00RN55BEYKYipivIzJHmyMbKDURavwq0e0O5UZ8OeBlBOO4OMtryeh/Ar4uV3w8vLbXXvD7PWuDZYw3aP3x+a+r6iOnuETblbXtdTygOaWnIyV8CSxZ4C93/s/fF5lE+PoXqWqf4cxxRyvOzD6H24XivN+KdTepr69n3v/wAOPrP+Sv8AhmtfK/F/v+x7RXUgqd2t0TN4PqoEM8sb/AqxpkHZaOtpXNIljwRjORwR6qpraJlyZqB0zM3afVeWjPJ9pcP0AMTQdWNiqK6Wx0bjNC3yncgK7oajxmOhlGHx7LsgaRpcMgp9ds4STTM9+kjdHns8c686Hpr/AEb3xwjxADtjuvm25WiusdxkpJ2FmhxAz3C+1bxQeARNGPK7leYfEP4fUfUdI+pp4mtqWjOw5Xp/Ha6yTwz5b9VfTH8mMrYxzJHz/RV0tMQYiB6hamjn+bp2knfusZX0VXZK91FXRuaWkgOPBU+lrXRta+GUgjtlenotbPhHkdHPTzcJrDNRKx0YznZSGGGrgNPMAQR3QqWWOtpmnkkYPsUJ7HwPyDt2K6Ce5HKacSgudDU2Cq+apQTE4527K+tdzp7tT6XkB+MFT4XU9dCaepaCHjG6ytztdXYKs1VNkwk527K8OLHcWr/9YPcaYxSuaR32TLZc5rdOJI3kYO4VpQ1lLd4QJAPEA3Vdcba+neXNHlPBRZ9hQXqR6x0d1rFXsbBM8B3AyVuGT6+y+aaCumoJxLE4tIPZet9IdbRV0TKepkHibAElNhc+jh+Q8f8AF/qV8m+SXGkEA5zldTlJHGHpJJJhBJJINVVR0sfiPUIGSQ4Zo54xJG4EFEUIJJJJQgxJJJQIY9odyqbqLp2k6hpHU07Bqx5HY3B9leJuB/UhkshKc4cw7Pnm7WWrstY+irGYe391U1EQc1e/dW9K0nUNG7LGipYPI/G59ivDbnbqu11j6KsjLHtOAfX7LLZBs9N4/U/PDnhlJNCQScKI6MsOQMK2lYHZ2UGVnO3CxzideM88MnW6tFSzwnbPYN/dTxusuTJSzCaHI9cLRUs7Z4WytP1Df7oE88CboYe5dBH7hVlZE4nIVo76T9lFfHn7q8gwfo3fwY6tkgqm9HV8pdHUuHyjnO+mT+n8x/kvYRIYnBpGDnBz6r5XmaGnhe9fDbrWLrGyikuZ0XaicRL/APRBsGSfrkH8l0NNb1BnE8t497v5FXT7N9Sy5cNSt4ZMN2Kz0ZLXBjz5xyFa00m2Cey3PB5mccmmtdzmgAYXZb2yeFguqaif4a9awdY2thFtukfhV0Y4O4/Tcn9Vp4JACiXWKK82iaz1sbZIJxg6hkj3CzWQz0FVLa2n0yP8Uuh6L4l9MQ1NvEIuVNH83QVePMMAEAH3z+y+d6xtf1EyOtE8lu6s6cc0fRokDmE7ZzvuF6z8Ob1X9B3kfDvqCR743v8A9xnc7yuJ/Cfv3+wQPjN0JPRVJ+InS7fDqYWn56IbmUYHmHvtwsk4ezq6S/8AjS+GUuM/a/8APr/DPZvgh8UKf4qdEw3aRwbc6Nxp7hFn6ZQSdQH9J3x9l6Bkeq+FbF1jP8OOpqb4ldLav4fVOEF0pI9vKcZdjs7/ACevtizXKlvdoo7xQSiSnrYhLE4HILTnB/RXVPnk53k9HHTT31fjJv8A6P8ARYJyDuDuntOQtCZywyKo6erayQeCRwioSJrb6pYIRJJJQgkkklCCSSSUIJJJJQgkkklCCSSSUIJJJJQgkkklCDEkklCHCMoZ37ohcAcEoahcXhnjvW/RFd0zcz1T0u0ta46qiJvDvU4Wu6G65pr9Stgmk0ztGC08grYTwxVEToZmBzHjBBXknV/R1b0zcDfbDkRk6nsaoPct/Z7AyTPblPPCw/RPWtPfGR0dQ4NqAMEE4W3yGg7oxTWAOA7YoMgwRgI7/qKa4AhX2UCY7PPdPPsUJ7cHIXWyDgqkyBEkkkRBzs9ihzRMnYY5BkFEyEiQe6MhnpmvpJ/DwSOxT3PEjRtgqwracS9vzVS7xKSbTI047HsqIdky3Gyw/wASehB1JbzVUDGipjBLm4+sei3Mjg/zfmhmQnYbFBZFSRo02ps0tsbq3ymfF1HHUdHX35ikhcIA3TIwnHmB2H+a9ssd3graKJ+vVHKBv2DsbhF+MPw5lrKWXqO2QtcY2k1LGjGr3x68ryvo28i0VrqOukcIXuGhxOzDvsVxNbps4wfefo/6n/lRWJY/5v7M2tQ19kur9WfBldkegyVa3C1fxWh/knMv1R+6dX00F7t5jY4F5blrs8+ih9KXSaKd1qrHbxnDCeRjsuLZW4PB9w0t6vrwYq6UAqopbbVs0SbtGfVeU3m1SUU0tK8E4JAXv3X1ndHi70zdgQXgdvUrzrqC3su7PHiYGyaRn/ElOOTk+S0++WDzO3VD6SbwnjY7K+il8GdkzTsSCqqvon00pZKzDgm09W5jfDfwOCl7cdnnY2vT24weoUsrKmnjlY7ZzQnSDTtyqHpe4amfLvdyMtWgfg9+Ep9nqtHd80MkOVgcNgocjQArJ7cqHK0/ulmiceCslaA7hRphlqnTNOc4UaRpxwgMViyVz2nVjCjSswOFYuYM7hRp25AICsw2xKuUHOVAqGbZwraZmc4ChTMzsji8nM1EMlQ4EP22RI84GeUSaMDcBBEmHYwmnNshgO4AhQZ2ZKnNOQgyxE4OFBbg2yNFsc54VxbKkg4VSWY7o9NKIyDlX0Prs+M1cEokAyQjeLJDMJ4SQR6KooZwccq0gkaRv3Ubyjr02bkpI3FoqIr3QOimwZg3YpkTHwSso5BhxJw71WZop56Cds8D9OOR6rVGohvVGJWeWaPnHIKU0d6i5T77D6ZaebwpG4HY+qNUU4lY337qLaqs1bxQ1WC9uwcecKdh8TzC4nDT3SGbYvcUMxdTz6dOGjurKiq9RA24T7nRCWnLms833VPTTFsrWH0S2Mi9jNYxwezOQlFVOp36mtz7ZUGkqBjSPdScA7+qzzjlm+qzKyam11wkj82M+iuIZQSDhYihqfAlBJOFqKSfxCCOCs045O7pbvkjgvoptQAOEqulbURhrm5PY+ii0rw4jfCsQ8OaB6JeUjox5Kmmkw90Dzgt4z6KQ4Nd+IJl1oxpFRECHN5wgQya2BwOUvBGEc1Zbq6yfN05qYhhzDlawHKBURB7dJGQVYi6qNsHF9nnfTdb53Uk58w8v5rRT0wbhwCynU9rqOnq/wDibD/Je7bHqtNaLjHdKKOVpGdIyjOdpp4XxvtDCMZDmqsuVFG4GVjcB3I9Ffz0+RkN5VfURO+kpb6NThkzlNNPQVQfE4tIK9w+G3XvzUTLdXz6sYDSeQvG62k1gaRgjhR7dc6i11Qkje4YOCMrn6mnf0M01nxPB9dhwONJBB4RWuG+4XnvQXWcdxoo6aqfiQDDST+y2glLXZHBXDtqcZYwdqqasWUWAdjuunzAKOyQSAIw42WSUDQsnCSwogOQkQCg7sSwiShvG3KTH5HHKb+ahBMmcx4Cs4pQWt3VU5vujQyFpGScJYEo5LgEcjddPCiQzA4UlrwhFtYEknHCaqZEdLeCV1pSB2wmqpdFPoekkklMASSSSogkkklCCXHBpG44XUkxPDyWuCnr6QxkyM7nOFCJJb5hhaCaIPYQRlVM8JieRjlaqrApSyikroA1uQ1eD/FjpGanqZbpSQfy3eY49V9DVEOscZWZ6ls8NyoJKSZuzwQCuzpL8Mw6iiF0XGR8oRTluxGCtvZqpt0tRpZDqLBsst1bZJbHdHwb6S4lqk9J3T5eqETzs4YXfqs3o89Byqt+NntPwwvOqOayVEmZIvNCM/g9F6RE7fC+f7dXyWLqGlubCRGXAOx6Fe60VVHVQsqYjlkjQ4fms98Wen8dqFZBwfaLVo25XcD+oIEchwE7cnlc+ccHVygiS4CMLuQoQSTmjB7pZC4SMIovBAJ5XCAV08prjsU5MBrJHmja5pHKwvWNkZXUc9M6PIe04W6fsVU3Sn8UE4yDsuhpbHXNSOVr9LC6pxkj44rKGXpu+SQEFvhyk/lleh2mqZPAyWM5DwCn/GHpfw5P4pDHjH1YVD0tVsnoGwtOHM2K+keM1fzVJHwLzPj3oNXKtdZyej0c/jQBpH0hTbXWOp6lrMbEqltU7QwNccuIwpz3hhyBut10Pk4F6C+WntU0eh0VQ1wBG4U9kgP5rLWCs8WENcTlaOIHAIP5Lz+prxJo+veN1MbqYyRY08gZgA8qwiIxnUFSBxGPZTaao1ENOxXNsidumeSwIwnII3RdPulmtTZ1cPCbkJZCg3saeUkklAxkjQ4bqsrY3RTsqowTvoePZWEx9EKVmsYxlQzWdjA4Hg8pZA5KhwSecwu5advcKRKMkYTI8g5OSt2ys31RQ/N0Ty1v8yAeM0jnIWlcodRG13I2Ox+yFipIiWStbWW2GZuSS0A59e6ss5Cy/TjpaG41lnqXAapDPCP8BWl2GVaeQUxhJzhDk7HsEQ8oc4zEccoho0cJJ7TmMEeiBnBTMgA7szVRyEfhbkfdDpzqgjfnOpoKkVLDJEW9iN1Atbi+kaSeHOb+jilguWCWzsuHhdzhJ5yjBfRBq24eD6obd24Rq4eVh/xhR2Hff1VwMk1kZK0g7KNVMyxTXobgDym9mOyGTPzMDWPiAwESgP8AuhGU+tZ5ZcDkbKPaTiJzSe6Yjn2LD4G1RHhuYO4VGzLSQPVXNUcSyfZU/Dzn1WqrtHM1S+7JievgBdIj/wDQgVm2rRfEMEXKB/YxALMtGxGV6nS/7SPzh9XQ2eWt/u//ALBHkaTuqW4SiSTws5xyrKY43LsDCoGyF8kkuDpzhHYcKlZeSBXbz4BxhQ5SdOxRqp+qoco1Q/cYWSTwdOKwhseSpdKCH7+ijwAE4Km04GrOFdYyHZLYNk0HCINmprRg8pnZsjHgLCCOUdqEBjCKzhSK5CcsIkMO/wBkU408cILeCUdq3VLjJmm8jQ/2QpXaW4xyjEAclQK2dudI7J85bEYbOWRauQk7FRV17tTiVxYZPMslxjg4TgFQqmQNBJIUmc4CrKl2/JSLnhZHVLIxjjM/ccKdHhw0jZRqWM5yRupsMZB3CRBZ5Dm9qCRRhm4XZvp5RfpbuoM8mUbeEIXLAzuOecoQBLh7JOJLjlEhaSckLLKW5mlPagsMWcKZBHgApkMJy3ZTI4w0D80a7EWzzwPYNIGyKHbcJEYwkz6gnpcGVsKB3RgBhNA7o0YJITIRFSfs6xri4bK0p4mhrXY4QIIm4BIUn6W7dlpisGebyPe/hq5BGXPzhDaDK4Y7Kxp4g1oJG6KUjreL8e9Q/kn0OiiDRuEccJADsjxsIPCQ22evppUeEOgiOd1YUsWXJtNDnsrCCNoOcBUdGqGDrIg0A/uoVfWtYPDYRtyVJqKhrBj2WUude3U4ZPKMbdZCqGZMh3Ou8WQuLzhqztTOXPLhnBTqqufNIWkYAUbQ6R2SjSyeB8jr/nk45yEp8yHJUwHwwEyBjWNGya9pLhjdaF9pxW9wYZcc5yiAho4TIntA3QKqpa0YwpOW1Fxhng5WVAGwxwqSqmJOCUSrqtTtlXTSFxC591uTZVVtOucXHJSGeyHynRgvlbG0ZLuFjnI2VQc5qKNP0TaRcrqHubqbFuV7hbKbwImgNxssp8OunWWu365o8yS4eXHnHot3DGGgZGEuLy+T6r4rRfwdPFNctBoiGtwByo9bXiHnZOqauGjidJK7GOAsfcblLWVBLSS530M9QttGn+WWBPl/Kw8fQ5SeAUprL7dBb6eQ6n5wPVet9P8ATtH01bgY42ulA8xwonRvR1P0/TfN1LRJWSDLnkcewU+qq5a+oFNAcNzjZdytKuKij89eZ8xPyuoc2+F0SGOkr5tEYJ9T6K6oqSKnjDGt45KHbqSKjhDByeSrCIaeRkJzkcCch0QAGAMYRkwoUlXHGS1w39FbeEAEqZ2U7Nbj/wCqDb7dJdZhU1hLIAfK091It9qmqnGsrHHw85az2Ui832hs8LTM0BvDQFnnLACTfRIrrnRWen1vxoGzWjbJ9lnIop7vMa6tJbC07DsEKhoZLzI65XgFsY3jYTwEarrPFIp6XyQt2GO6yWTwe6+m/pu3W2KU1x7Y6prGPApqZumNmxI7pkeTthchix2RZ3thgM2Pp5XOu1Sj7Puvi/B16epVVx5GTvjpozNK4NaBndUsdLcOsK8U0OY6Rn1v/ob647oUjq3qCsFPDlsQ5PYD1WkbI21UTbXQEA4/mSd3Fcay6eol934nsa9LX42vEP8Ada7/AETrld6TpyiZZLJBk4IJDtm/9VR2y1uLnXm8uyc5Yx3f3UimpmiVszxqxyEStkfM7L9mAbN9Aujo9LHUyw+jwH1N5qjwOmm08yff7bIdbVPrZfFqZvCgb/dsHdUlTdj4vhUmA0bAp1bVPuFT8vTjDGbErddA/D0VEoudVCAxuNId3XpnL4q1XHpH5w1/kbdXc7rXlsXQfw8NxmjuV3OGjzBrhsV62yCCjjbFTsa1oHYLjWxU0TIYYw1rRjZDlnji3kdhZJy3nKts3SyOnlI3cVHLamtzHAQ2M8u7p8UMldpdkiPO59VawxRxNDGMAAWeSwxQOjooqdgDRl3cqUW4XGoiHOSDEkklAhJJJgfq2woQ6m5K4d0JQh3W71Tcj1SJHCGT7qEHJuSuJmVCHclcSPCGTvjO6hAxIwd0APyS1MqZ4YGa5pNA9ScKskr5aiVsdvY4n/vPwqELGpq2UzCXnf0UD5itq34pWOY0/idspEFHI5odWOD3+yM3EY2Gw7KEBx0EEJ8aVokkPJRTKHDSAAmmQvOChgY7qEJLXE5JPCGAmulZCCXkD1ysveuvLbbX6Ypdbu2CEyFbkEot9GpdtuRhVFz6ntVr1fMTgaeMd15le/ihWTvkjpZHNysVXXS4XKXXNOSPTC0QoyOhRJ8s9Ev/AMVS9z2WwuAO2Vibj1Nd7oSJal4YewKrGUz36cjOVqLB8P7zd9MsbWthO+tybtjV2MShDsywLnOOCSTytPYegL9fQJomtigIz4hXp1g+HFmtzGSVcLZphycbFa0NDAcJM7U+hE7U+jI9N/Dq0WRjZqiL5io7l+4H5LVRujpmaWNaxv8AhCDVXSngadZxt6qguF9fLG6KlyM90rLkK3ORc1l1pogXGTzfdZy49RSS5ZEchVUomncHSPJ+6E9rG4BKJQwE0MnfNUu1SPzhNczYbLr3AHATJ5207cvOAUeCkOLcd0CWVkIy5wwqyruznSGKm3I9Cpds6Xv16eBKwsY7keyLCDzhEapuLHeWE6jxsp9p6Sv97cHuYG0xHLtsrZ2foWzWiJslW0SuG+PRW8t4ZTN8OlAAG2Ahk8cA7+Sqs/RFss8YlmY10o7+isX1tJTt0RgbdgoNRcZJSSXHJ7ZUAh0xIaFWGU+Sxmu4A8rcfmq6etmn8pcQM9k+O3PkIdIThSmwwxNAwBhB0QrhTl+7s/mnCnawZ/1UuXH4W4AUGaTT7q20ykhr9Lc4wNvVQZHnOyLI5znbrngucRhqHkasIjuDncjCZoPYZJ7ZVrHa5pGhwbsjNdYLcPFuE2Hj8ARxbYO4r7dZq24y+HHEQ0cn2Wmpul7TaojV3KcEDnxDsFmLn8TPk4zBYqRrDxreFi6++XS7SOlrayR5d21bD7BFhhxhk9KvHxJsdm/3e2nxXt4cweX9VgL315eL49zDO9kR7A4ys/KwZC5hoGw3RRjkaqhjsPcXEZJ7nlcwE48ppIxhHtQyMEheXOcj9UwOyMZQzsdyh6scK0iw+T6oB4XXOB4KGSc8phaiI8pAZXAF3W31UGxicTMj1XCQmEnPKhQRN1e64SEMk55ULHLh4TUlAjhJyuZK5kJZChDq4eEwuAOCVxzgRgFTBDjnEHAK4XE7Eph5XFeSCSSSVEGJJJKFtYEkRlLIOcFR6qvoqGLx6ysijZ65QSsURsYym8RRIyByVzTvjKxN1+J9vpXuZbqZ9Tg/Vp2WVuXXPUV0yWytpQfpLBg4SZaiCN9Pj7Z8vg9UrK2ioIDNV1cUI7azjKydx+JtppXFtJSTVZG3l2B/NedOjqKyUy1s8kz3ckk7qfTWuU6RBHsfZKlbOX4s1x0tdX5clhX9ddQXHUKfFJGfp0/Vj3VS51bXPL6mqkeTyS4q7gsE7sOeNu+ytaayUzQNQ3+yqO6X5MaraoLCjgy8Nv1kADJKsoLLOQ06dloGW6mhILWDPupGgovjwKlqmvwKWCx5+uMBTo7ZBEMgDIU5rSE0Ruyj24EyunLsjimbn2SDY2YOoKUYNS58lAeWn9VeAXNkYywDABJK45kr/wC6bupzYI2jAaP0TgwDhTaL3tsr201Q4jxTt6J7rfCAHb5U8AEHIQXN3VbC0R/k2jsiMY1gw0IiaiSSLyD1ey7nK5p90hgd1T2l5Y1NyU7I9UJz2N3cQB90ptINRb6HtITjuoE94t9ID4kwz6Aqsqes6BgLYwXO+6B2xj2FCmyfovNBXXSRxAue/AWMqerKyQ/7uA1p91U1t4uVUNL6hwHscJb1EXwjZXorJdm5qb7bKY4dUAn2VFWdYNaSKWI7dyVkXF7/AKnkrmn3S5WSfTNtWjjH8i2q+qLlUHDX4CrZKmec5meShEYSS3J9GqNUI/ijv2S075zuk1dSZSeRi46HaWgcIWnC7sO6ESc8qnPaQPkJrjkbLmAlgJLmQY4kHlNSSVb2GO1u9VzUT3XEkankgkkkkLsIJJNXMhA3kh1JcyF1EQ/ZpJJJfk8/XA9JJJQgkkklCCSSSUEj0kklAMCSSSUBEutXElCA6inhq4X01RE2SKQaXMcMgj7LF9PySdPXJ3SlxqGineXPt8z3Z1t/7s+jgMfstwqjqWxw3qh1Nb/vlJmalf3a/wBPzULSJBbjlCje6mqPGYPuPVV/TtzkrqLw6twFVB5ZW9xhWMjQ5vqoWXVPM2WMP1DdcDvZVNDOYyIXE7qzbvuhBlEKkkkiAOHcYVVeLVHdaKSmkaCHggg91bLhGVaGI8lsFzn6L6if05cyfkap/wDu0naN3oV6Yx+dwP3WW+IXSst4p/m6IAVEPnafUhC6C6mN2pjQ1XlrKQeHM0nfI2ynReALI5NPc7bS3WmNJVxhzXcHu09iPQrB9UdJjrrpqfpqtcz+MWt2qlkdtrwNn4/xA7/YL0cebZVV+tcjQy9UPlqqbdun8Q9D6hb9PbOmanB4aMNkV7PkCso6211ktFcIDDLTOLJmnljskY/UKyttYKiPRnzMXqPxq6QdeaWTr20UjHSMi/36NgwXs/rP/Lv+q8Qhq3U7mywlfXfBeU/mUJvtdo4mppxPcjP/ABX+G1L1FQS3WhgayvhbnLdvE+/uvCKaoqKGd1BXsLZIzp35C+uqeoZV04eQHAjcLyD4sfDWGq8TqC1eWdu8kYHI9V7LSal+z5v9SeA/kqWorXPs89YdbchGVFQ10tNIaWqy0g43VyyQH812oT3I+VX0OqbgyQ1OHKCTk54RGo8iUGHC6hDlPBGFZY5JJJQSJJJJQgkkklCCSSSUIJJJJQglzAXUlCCLW44XCBhPXNPulSWRwEhcRSAhkHKFogIHCbq9kZCV9kyCQzjByFJQTwp2ERnNPogta6OdtRGMSM+k+ilOaPRBewHO3KTZWpcMfp9RPT2KyD5Tyj6j+CvxXi6qtcllu7gLhSx6i5zseJ7j9F6JWQCJwng4duvhq23e4WC4xXK2zOiljIIIPPsV9efDT4i2vr6yB8DdNTAA2ohJyWH/AKcr555jxs9FY51r7D9TfQX1hR57TLTXvF0V79ltXxta4V0TQHDaQDv7obwXQtqmjYndT6uAx4I3a5QWn5WbTzFJsWngFcRM+hNY4Y0xw1UJY8ZB9VmbrapKR5cwZYeFppG+C7xIxgE7p8kUdTFpeAQQtlF8q3lMzW6aN8dsjwX4jfDSl6oo31NCwNrGDLWAfUV8/wAtPV2uskpKuExyRHSQ7ZfaN2tL6WQyRg6eQR2XlfxN+G9P1NSuuVuibHXRAk6R9a9BotfNPlnx/wCrvpH+TuuqX3r/AMzxCjrZInNdFIW/YrS09W2ujLDgOAyVjJYaqgqX0dTC6OSM4IKn2y4mmnD3cHYr1mlv3LLPh2t0VmnnsmuTQuLoyCMj81YQTQ18BpKoA5GASoQfHUMEjHZBTQDH5mnhdHiSOa4uDKi5WyqsdV8xTkmInOytaarju1GRga2jcKfFVQ1rDSVjRgjAJVFW2+qstV49OSYie3GFSWBqt3cvsj1tG+A5Ix7oVHWz0MwlieQR2yr6J8Nyp8P0kkKmraF1NIWng8FV0NU1JYZ6l0X10aqJlHVyguGwJO/2XoNPOyRmthzlfMQnnpXB8Ty1w3GCvTeh/iAJGx0Vc8axsCTymQnk4et8dtbsrPWNWUlFpqmKojEsTgQVKb5lqjJYOI1jsSHNDHPGY5G5BRdPulp91e5ERntU9lqwwuzDIds8K9bIHDI77oNfRxVkXhSDPofQqlttxfQ1LrdWuJDThjj6KZQeMmjSSwMZyu6fdTcgMA0kklYQwpnmynpYCjWSCBysr1t0jS3+kMsLGtq2DLHhanIQi0IJJNYGV2zqkpRZ84XCiqLdO+lq4yySM4IPdVkhGTtwvcuuOjae/UpqIWhtTGCQQOV4xX22egmdDMNwcLDZDk9VodVHUwyisfpOWkJ1uqTRSGOX+6edj6JzhglBmDZGaRueyz7WdHG6O19GgyDuOExzcjlRLdUmSARu+pmymg5UESjtIcsO+QnWq5V1gucNzoJDHJE7Ox+r2KO5oKjyxA9kUJbWWnuW2XTPpTpTqW3dYWeO8UR0yOJ8druWO/pH+n2Ku4Jztt+q+a+i+ra7o26Nq6Ul1PIWiohztI0f9M7L6Kpa6julKLja5RLG7BGO4xnK6NV2VyeQ8no56e1yX4su6eZx5UyOQkAFU1FUBxGT91cROBamyZyH0Zz4h9LDqW0CeAtbcKMF1PIdifUH9ArD4a9Zt6ntJtNzZmuoPJUtePM7Owd78K2kGcZ4XnvVtluPT17h616daWmLerjZxI0eo790lxyaKXGyPxvv0/7mY+IPSEvw+ulRdIIPH6cuYdHUQBuotcfX/qrz4D/E6D4edSM6Cv1XK+zXKUyW2Zzstgc52Mf8rsDPo77r0Smq7H8QOly5rWzUla0skjeMlhHb9+V88dYdGu6ZqWdM3GV7GVI12er/AO7d2jJ7dt1nshseUdfSOrWQemv79/8AT3/lf+Z92vl1OzjCIx2dl4b8Afi1L1HaZOl+ops3q1u0PDj55Wf95/ixjc+4XtzHDnPKOue5HntTpp6exwkSBunoWcp6angzBV0E5Q0kAJKacjc7rqAOUUDLMKECZC6gsJJ3JRlCCSSSUIJJJJQgkkklCCSSSUIJJJJQgkkklCDFx/0ldXH/AElQgEk5XF0g5yuKEHqJcqOOupXU0g2eMKWmvGQoWpYPGuoum67p2vNfb9TC058vBWy6M61ju0LaOteG1LRjfutJcbfBXwugnYCCNvZeTX20T2S4uno9THMOfuj6GZUj2UOz2TljeiutYLmwUNe4MnAwCTytrqDgQdleQWsAXtGFHwWkKTpQpGZ91GUdByOV1B3DkQEYQkHZKWSkkrIcxlQ6xgezRpCmobmh3KNEM+4SU7y1/wBKRIAyNwp9wozURZZs5u/3VTDIQfDedwr6IOlf4sbocHzL5s+K/Qf+ylfHX0LS2kmJAHIb3x/n+i+ldPuqbqayQ3+zz2qoY17JW4ORuD7JFlamdPxmvt8fcrK3/lemeF9F37wgygrHEFoAY8nn2Vtfad1HcGXKn2DiCcevdYO92m49DX19pq2ZjJHycuN3s7By3lsu0d3t7MEiSIBrweVwtbp8Syj9OfR3n6tVVGClnPRoqGaG70RhqGh7Xtw4exXmHUFtlsdfJSSDLA4lh/wnhbWjqzb6xrsYY/YqR1hY2dQ2d9ZSFonhGfuFy2sHv76/kjvPDuoKCOozKG/UMgrFTxujeWcEL02aIFphlbu3ykehCyd6tjHFzo27hKkeT1ullOTnEiWOuMUjTq+k7r0Gle2eNsgOQRleUgy079XGFt+k7praInu5GFmaNvi9Sof6czQvbjYqJIAdsKfLgN2UJ4yCgksnel0QpWgbEKJIBgjHCnzDPAUKSNxQGacckNzd1HlZlvrhSntwgOYQCojHZDJXTAb7dlBmHorGoaQVCkac4T0uDn2wyV87FDe3Sc4VnK3IUF7d1ZzbY4YJkm+MKScPYDhR9ON0+OXChmaTAVDcYxwgMJ1BTZW5B+yguBHZQVJNdFpQTu2yryleRhZWmnLHrQUU4fGCeQobtJa0sMvYpNQCtLXV/JT+LjLHDDh7LPwzYIVjTy5IGUElk7mls5NFVQkuFfRv98jkK0oK+O5RhkpDZ2d/VVFrqC1giecsccI09HJb5xWQZc3kgJR2Kpcl48BrdLhkKlu1G1hFVCzAJwQOyuKSeOrjEkZz6j0T5IGyDS4bHZJksmvG5FFb6rDsOIVzCQ5uQc5WbuEEluqiCfKSSCB2VxbqgOja5pzkJch1UtvDJ/0qys1wk8XwHnGOFWiTU3hMDzBI2RnIOVnsjuOnprNksnoFK8gAqwimzgLLWm6iWMNLsn/JX0MgwCsk4vPB3q7VMtWuDhggfmqevpXUcnzEAJY76m+inxP2CkiJs7S1w2IQjZS4KmJwe0OB2IyiEZUOogmt1ScZ8Jx47KXG4OAI77qMWpZK2+WeG9UD6KYgZ3DiOCvOLdWT9LXd9DWEuhJwCOML1wDJwqDqvpGnvFKZomATNGdgjMesok4/JBco7TTw1UIlicHNcNiCgVVOHDjCyNirq6yV/wDDawnRnAyt9F4VZGHREe/sqZWnsdsc+zM1VOWu+lVNbQiUF7NiFrqyjBc5unhUtRTOjJwEmUcjLIPHBE6e6gqbRVMjkeQ0HY5Xv/SnVMF3o445JQZGjlfONdQOmJfGcEbq36L6pqbVUCKaXAacZJ4XO1OmT5Ro0WrVL+OZ9OwyFpG6lxyAjkElZnp2/Ut4pWOjdiQNGR/qreObScLj21YZ3oyTWS2BymvGcIMLwWjCkA5WOUcFgidKc05XXjKGHkchBggRrfdJwxvlJzvZca8KECwTua4AhTw7IGCqvGDkKTTy4OClipLJOyU5BBBRByrKHNLicnhOSQ3OIJ3PKWTsPkJIY5TxwlijqSSSAgkkklCCSSXHcKEHNwVArIMnVhSckHdP0CQEFOhLBaKSSM5IIUCppY5Glr288H0V1UMEbyCNlCnjzx3XQps2sE8g+J/Q0NzonyRta2ZoJBA3d/6r5/0y0FX4bwWvidpOfZfZtdQQ1cRhmYCDwfRfNvxY6Vfabs+rhiIjecnAXf0Wo/Zw/I6SSfywB01Uy4W5md3AYyvUvhlffm6I2uofmWD6cnsvD+m67Q75d7tnLbdOXCW13ynlY7DHkBxXSmlOHBWgucMSZ7yHbE4RQcqFTVHiMY7+sZUtjsjhc+cH0z1EJ71kJkpZKbkLqzNYHI7kpZK4koQSHj1REObZuodk2sjAy7jKgyt1DGNlOH0n7KM8Y7LTVPBktWVgwHXtkZd7VVUrWZcWkheAdOD5K8T2+caHA4GfUL6huNOfEJxkFfPnX1mfZOqm1kMeiOZ2rI4XtPDanG1Hyr6x8fvl81a6LulkLKhrfVXbn8EblZuCUShlTGfK4A/mrmkkD2AO9F7GMlJHzpScS8staYKlrDgArd0szXN5B2XmIzDM2Vp4W0slbqpwSfzXK1dK5mj3v03rGo7Js0PJRInOje1w4CBE7LdQ/REd54y0BcOxHvKrf0XEcge3UOCi5yFXUFSHwhhG7diphk17pBuhPcPLznYrmonuhpKjRGeB6SWQkoG7MjDvykUlx24UKlyisrR8tUx1Ib5M6T+aKyTO+NiiVLA9joyM6h+ihUMpdEYXDDonFqJPBnbJj+FGccblElI2wUCQ4IVNNgt4Rmr9FJR3Wiu8WRiURP8AZpWlbJq3HB3UK70rau3yMxu0FwPoR3QrHUuntsUkh8wGk/kqigIvkslxwy0g+i6keEYwZCf5Iz7oTzh4KIdtggqEDNLXgagqW36oairp8Ya2Uub+atn5BByqadzor8C3Zkke49SoLsWSwJwkDlJy4D5ScJiQDYGtI8L3ByojHZwjVGXHCCG6Wk84VxEzCP8ApBQZDtsjkZgce6AOE3pGSfBX1bRpORyFXUvlcQPVWtY1xaQR2VTTjMpHurjLkw2rkDcXFkx9wql5znsrm7twBNhUsg1bjZbKu0cfWLEzHfEJg8Wld30LJggA7rW/ENuHUpPAZusW48br1Gl5qR+d/rVY8tP/AAv/AEI12mLYSAOQq0NAoC5w5Um5zAyiLsVGq3COjDAMK5M4Onj9qKd51aieVGf9SkO4Kjk+ZZLOWdLGQ0GwU+kBCgxHGArWmZgA4TYrCGUxzIL+HBQQcE5RJ/pQjwFImp8cB2orOUHsUeMHUnRQi18Bm7kKSOFGZyAj626VtrM27HYOpfhuM8hU1TIdSn1U3v2VY45Kq2XGDPLmWTi4TgZXU152WRvCCSyRamQ+nZQWkvdv2RqqTLtlyni3zhZ5S3GiKwSIWacDCmMGkA4QYmjbbhSJXNDBpCiaSFz5AzybEA9lALi7OQizv35yo2rJPZJm8cBxjhZFkOOPVTqaIbEDhAjiyQQFPgYWgIIrIFksho2huNkdu4XGNIxsiA47JyhgzSfPJ0jJACI0HKQ5RGNymRWRL5CMaXbKZDEMjITIosAbKUwYGwzha64ZETmO04xgYXS7VgBNklDct7gItIwloee6bNJIfo9NLV2qCJFJB3IUtox3ymwkNAGOUYcrM2e901MaoKCQ+Fpcdwp8TcYOEKnY3bZTYWAhUboQSD05AH0qRrAaRsFFAwolwqvDiL84AUHxls5It3uTY3FrRkY5WGuNyMr3ANO59Ue/Xj5mUxwOOBsSFVRRuO7kxLJ5LzfkPllsrYtLpHascqXC0DBPZKGNunJCdpWiEcHl39x0ngNCI1gLRkpNj23Q5ZMbI20UkNmd4Q2xwqisqnPJaCEesqcAgeip5nl7tz3WO+30aqq2Pe8vO5QlzICaufOzk2JYQ9azoKwOuFb87JHmOM4G3JWaoqOaunbDE3OeV7v0bYRarVGzSA54BP8Aqs07Nz4PWfTXjHfb89q+1F/b6ZsELABwP0UyWdsQ1OwB7poAa0DsFR9QXWBo+XY7Lu5CbTU7Ge61eprog5y9EG/XRlTUfyslrdueVr/h50mzAvldE2RxOI9ZwG4747qi6H6aF3rPm62Nxp4znB21EL0+qmMGWsdgr0emqUII/Pv1X55+Q1DrrfHsFc691TJ8nR55w5wR7bSR0jdT2Bzz3KFbqaKPNTI05JOAp8EL6p4a3YDutJ4ptIn0zBINbxsOFK8rAh4bC1rR2CC+V1RJ4cX2JVuOeWJfIV9QeGhSaCgEhbVVcfmTKSi8J4lqNwNwoV76hZA35aDcu2JBS5zTXDLS3PCJt8v4t8T4KT+YTz5sYWfobc+unFyubiQN2xnjPqi0tEHYqqhuR+EHunPl8Y6W7BY7bVHg+h/Sv0dqPITVtixFhqq4GcinhGiMbbd0qenJ3xwlTUZccnupDy2maA7k+65Wr1WxH3zxXgK9O1XBcHW6It3kAKhrqqoutT8nS5EbThxRbjWGp1U8J3HJUihpG00IaDl7t3FcK66VrPWwohoYYS5C00DKGNscTd+59VLiiyQ4t/NKOEkgkZ5UpkWGjIWnSaed01GJ53y/kFp4StkxhAa3JAAHqszdLx83P/D6MEDcPeO/spV7uxkLqSkfxs5w9Va9EdG1FbL81UMA1bgEdl7CFENLBKPZ+XvqnzkvJ62Um8xT4J/QXQj5nNq6uLEXIB7+5XrsTIqSFtPDGGtAxgKLbqSOgp2wsH0jCdUzAckDHqqlLceNsm5SyEmnZE3UTk9gmUVLPVSiolOGZ9cfkokLH18wxkRsO59fsr6KPQABwFmnLAAZrWtGlrQB6BdXF1Z28kEnJqciIJJNSUCHEjHKEeUsn1QlCCXDwmychNedhgqEESmJJmcKEClDxvjKT9uThZi89aUFJVG126F9zrjxBBwP+d2PLj7qENLLL4eNs5WYq+szPVtt/TVH89WEZ1acxD/xKK3py+dSObJ1LcDFTDdtHTnA99Z/FwMem/qtRQ0lHbqcUtHCyJjdvKME/dQhTU/T9ZVyNruoqjxXO3NOxx0NP2V3EyOPIa0AZTnFriTqQzucKJZLSyOJJOSV3HuotZcqK2xGarmDGDndYPqD4sUsTHR2iHU7ONb02FTkMjW5HoEs1PBtLIGnGVj758S7ZbSWUYbO8bLya/dZXe8EsqJstPZUzJHSHuXfdaa9Ov6hsdPKPLNjeeubtci/w59DXeh7LMyVLpj5nZP3Uqz2C53STw4oHFvcrf8ATnwnJeKiuADT6oswqLclWec09sq613+7xaitdY/hhcbi0PrHGBvOV61aelbJaQDBRsLgOSMq1LGgAMAAHYJUtT/yi53y9GPsfw9slpaC9hqHjGNe4BWsjDYm42XHENHKjyOD/KUqUnb2Zpzcux01dFDnU5VdTW1tT/dRvEXq4YR6mWggy+cYI91RXHqcSsNNRsIA5JVRjhkJE4gPnq5NwqiruVMDiAElqhl9ROcyuJCZI+CMaX4BWiMUMUDlRWTTAAu0hRHzaB9WfzSeJJngQtyD3U2msE8uHPG6LKCawV76mbGY4tRx6plFYrrfHjU/SDtv2WkprMIBiduVPiJpW6YAGj7KYKO2jouzWiNstS5ss3J2Vq6vdGNMADR2IVV/EXZIlcNvdDMs1RtT+Yd0DQMlklVNwqJNnyc+iikyy7Rs1ZUiOijBDqx2CpOmNgDYG490LFkeOg1AOqHD7KQ1sEeBAMlFjpKqbDn/AEHvhNnqqG2gj6pRyAqImxwZI5uqRukKLUTU9NGZGzanDsoFZeaqtaYmAtXKO01VXjLNio2kGDfcp5dm4AT6alnqnDQ0n8leUHTkTQHzDGEK6dSWOyNEUZ8SUbFowiLSyDgsY06qjZV9xvNjs5LWHxZm/hAWVv3W90ub3QwSeBBnYM2JWde+SRxfI8uceSTlWo5HQhns0lz62uFWNEAbA3/BtlZ6pqppnF00jnE+pQN8kkrpcPVMUcDPjESgkbcpxIGd0BzjvvsiwMUUhHlMyUwyYPCGJsnGFAwxIxyhucQuavdDJyjiix5dkbIJ5SyfVMTMYCisnclIDPdcBb3KTnN0ndDLkPCGEoZJzykeUNU3kgTJXExJUQ7kriS4SMKEG5CRIwguJ1HcrmT6lXgg5zjnY7LhcTsShpKZIdyVzJTEuBkqi8MekuB7TnzAY5yoNffrPbMirr4mlvIB3CCU1EONcp8RXJPAJ4GUliKz4o0UbsW6mllG4DuAsxc+ur/cC4NnEDHHhgwUEroro3V+NufMuD1SvudFbofGqqqOIHjUeVlLl8TrVTkspKaSpI22doH6kFeayS1FS8vlke9ztzk5yjU9unmw2OP9kmc5yXBsr0VdX58lzcOv77cWeEwspwefDGCVn5G1FVIZJp3vc7kk5V3S9L1T8OcMD0V7RdO09M0GVoJKWlKfDNTuqoX2JGUprVK8ARBW9H07JJgys/VaumoaWLDo4QCpej0ACnxYZns1k5cIoKbp+njAJHCnR0UUG8bcEqZocU5kXqExQSMc9RKRHDe2E4U3fOFI0N9EiMYAV4A3tkYwluCQiNhBAOUUDK6BhFkIH4bR2SEbQnJKyAkklzKhDq5kJuvOyZqIUIFJGOUIkZ5XRl3GU3wCeThU+iDcgbkrjqqADd66ac5y7KQho2YMmyS58jEm+iLLXsZsyNz/ALKHPWXAD+RTsPu5Wuq3NxwB6pxfaXDHzLR+apzyMUmvRmKmW9TjQ+WFjf8AAd1BmgkeNM878D3WwbTWmUkfNMH3QprJaphtdaYfmgmsjoWqLzJGJnpKMblxefdQJDRtyGRZIWzqemKTfwbnAc+6pazpKt/4U0Th90iayba762ZyV7W8NUSWTxDxwp9ZbKyjeWzRHbuoRaR6pDWDoVyjJcMFqTCcp5aQcYKGrGhNPuugYQ9Xsllp7oMSYSWRy5kISSB8FnS5x2yuJJK85J2JJJJAQakkkgIJJJJU+iCXEihnKBhxjkOSMcoBJylk+qbvk7qN4KHAnKICMIeClkqyH7PpJJL8pH62EnpieoQSSSShBJJJKCRJJJKAyeB6SSSgAkkklCDEs43SSUIZu9UbrbXC/wBI3DXOEdUxo5Z3d91ZQTxVMTZoHh0bxlpHop74mSsMcgy1wwR6hZ2DNhuotdS7NNU5khkAwG5P0lQakvZYuGlweOytKOoD4vUqveQ7I9EKCc09QM8O7K2SSLxq6htyeO66qEMSSakoEKRurAXlvVlHU9H3wdTUIIjccVTQNnA9/wDJeqKBebTT3ijfTTxteHNI3GUUZcl98A7LdqO8UTa2ik1sdwVasOQGkZC8l6UrKrovqSp6drXH5So81MSdg7J2H/y9l6lHOHb45WyLwZ7a89FXUUDLRWZgA+Qq/I6IjLWu77e6+Y/i10NJ0T1OXU7g+13UGalP/dO/FGf1GPzX1tPStuFLJAecZb7HsVkepelIutOn6zpW9taQwkQv0+ZsgHke09l2fGeRloLVYuTnX1qR8jW66fwyoMc2TE/bn6T6rQVEMNXE6KZgII7qjv8AYq+yXGrst3gMVZRPMcjT3HZ354KXT14w80NY4gA4jce3sV9o8fqY3xU4HG1NWODyv4m/DweM+st0RY4ZcQO686t9fLBJ8nWbPYcAlfWNxt1Pcqd0ErQcjY+i8I+Inw8mpZ31dLHh4y7buvR02vGD5X9R+AlOTupRn2yd+cqQ13sqC217m/7vUHzNOnfsrxjcDK2J5Pnk4OEtrCroPZcGy6OU1Cgg4XVwHsuqEEkkkoJEkkkoQSSSShBJJJKEHJJJKEGpJJKEEuEDGV1JAGCIXEYtGCUIg5QOLDApik4KFp91eGQE5mCN+UF8YHflTCMoTm+6VLkIr5Y9XbKtekOqLr0XeIrtap3McCNbfwvHoQoTm5QXs22Kz6nSx1EPjs6Oj4zyeo8VqY6nTPEkz7P6P6rt/WVjgudI9rhJGHPA7HCl1lOA04+4Povkv4a9fVfQN5bI4vltszh48GdvuF9c2u5UV9t0F0oXtkhnGRg7g+hXzTX6Keitdcj9bfSf1LT9S6JWwf3x4a95IEerUY3nIXfNEf8ACUWrpT4mtu32K7EWyxmOTlqyrs9RgY5scrcOaHA+qzV1traOoLo2+R+4HZaRoMDwD9J4KdVQQ1UBhewHPB9FrrtcTLqaI2RxJHz98T/hpT3uJ9ztkIjqmjUQ0fUvA6mKehqH0tVEY5GHBBX23U2sRuLRuF5R8TfhNSXeN91oYNNQASQ0cr0PjvKfG1XYfJfq36QhqYO/Tr7zwu13V1M8MecsPur5r2ysDmOyCsrV0dTbap9JUxFjmHG/dT7ZcnNLYJNgvYV3KSPhuu0M9JPbNFtPG8OBaePdTaOubVRfL1IBxtv3UdxHBUWWJ7XGSJaDmY5CVVJLbZvmKfJhJzj0U8/L3elwMB7R+YKhUdyy75eqGWu23XZYZLfKKmmOYzvgKFtYKyso3wPLJG8cH1UZgfA8SREtc07ELTubT3WnyABIAqOppHwSFkjfzVhwnnhm26M68fSNbBWvJxsfdeq225U9yh8aA/cZ4Xzaf5Z8q1vR/WlVbJWwyu1NGAMnke6OM2jl6/x6n/qVnugIC7q9lTW2+RXGMSR4HqMq3acgFOTycJQ29ifuM+iprza2V8ZewaZWbgjurlCe3HCttoJIpbFdZXZoqh2Xs2BPP2V+x2RnCzd0trhJ85SeSVu5A7qfabl8xCGzOAeNlWf2W0izSSSTChiR4SSREAnVlcIccI+AlgKmuCEV4PdYzrLo6nucL6uliDZQMuaO/ut05g4yo8jMJElkZVbKialBnzTX0bqaV7C0hzSQQq8scTuML2vrfoaG5Rvr7fGGzAZe0fi915DWUktJK6GZha5pxgpDiet0OqjqYZRCZI+B4cz13VzC7WwOyqZ4JO44UmgnLJND3HS7jJ4Kyvs2Tin0WJB7pmEfSMZwhkYVYwZ+ngjvZsRla74Z9fT9LVgoKo5oJHcc6Se/2WXcMhR3RAHbZMhNpi7qo3wcJH1fBNDMG1VOQWSAOBB2KsKWqLiGleCfDX4iz2upisV4lL6WQ6Y5HHdn5+i9vY4EBzeDuFvrsz2eN1ujlpJ49F6wEsJJQpMu2PCbRVTZWiN31D90+ZunYd01tGLGDz5sknwv6gbWU+r+B3Bx8VoG1O/I8xPputb1LYLV1pZnUteW1MEzdUUreWHs5p7IlfQ09wp301XE2SOQYIIWUsN0rukLizpe9SOkoZ3YoKj8LN/pd+oCTNZNyl8n3R/M8j13z4Xdbwmf+XUUGX0844lZ/S4+q+w+hetqPqSxUd2p5ddPUNBeSfNC/wDpcP8AX2Xk/X3RNH1naZqKQAVeM0smN43+uffZeZfCDruo+G3VNX0p1UyU26seaapJ2DXdpM9mO7+mkJONnJtuqXk6d8fziuV+z7cY4PGQ7I9UZqyNovfyMzKOeUSUk+Pkps51f4HH+r09VrRu3OMJsXuPMNcj05B/EnjhEngoIOUQEYQE/JSwR45RmuGNyMoCWSrISEkJJQhISQ9bfVLW31UIESTFzU31UIESTElCCSSSUIJJJJQgklwuAOCVxzgRgFQgnBu+eUE8rp5XFCCSSSUIcIyqq/WKnu9K5jmDxGglpA3yrZJQtPB4hdLZPQ1JkpiY5oXcjYnC3XRfWjbjE233B+moZsCe6n9WdN/PxGso2ATNGXNA+of9V5vNE6KQTU7vDmYcgj1CPob+R7YHZ2wukZWN6I60huP/ALtuh0Vbdg4nActq5+WnZXkBrBFkYhB5zhHcd0CRm4KooIDkcrqE3nGUQcKiHUkklCHHN1d1S3eka0Cqibgj6gFdoE7WybEZHBTEQzsc2pg90N7TyDlPuFNLQTa27xPJI9kzxGyMGBjZFF+gzz/4qdFUXVFleXxaaiMfy5huY/yXjPT13nsdwbS3Bul5aGye59V9N1URONtgvDviZ0gIp319IzU7dxA2Lcf5rJqNL8x7L6Q85LxmpUZPj0WE7RMxsjNw4AtKuLBWt3p5sFrhocCsF0RfH1gNsrJB5R5MncH0Wla51LUDf6Xbry90HCbifqXxHkv52mUjPfETp42i4/xKAj5Wscc4H0Scn9f9CsHWwgtJC98q6OlvtsfRVDWvjnZg57H/AKrw65Uclmu09lrCfEgcQXkYy0fiWZ8IvV0YzJGMuNEWuOlqFY6801ZoJwAVpLjROByGhzeWkcELJ11O+lrBLHwTlKlE4c18Vimj1SORtTTMlYcgjKEWHCpekbxHVRGle7do4K0z2AtwBhJwen098b4JxKuZu6iyNAHCsJW57KLI30QYGSXBWzN3wFGeBhT5G57KFID6KjJav0QZ25OcKFM3I2CsphkKFICjOfcvRXyj0UKVpBwrGVozwosjM9kZzboZIEoxhMbyjTNO2yEeFDBOOGFGC0jKhzMwc42KLGfNuUSoAMB08qIWyGwYdyrShlOA1VTQQFJpZy1+44ULqs2PCNDBKQAcqxppTrCp6N+vBVlE8EBRo7OltzyaGjlyANWDyFpKSZtVSBjjuBhYqmqC0BvcLQ2qoDm6Q7BwkyWDvaazJJBlttQJI3YY47jsr2ORssbZGnkKt0sqYiyQZKjUk09vqBDI7MbjtlKksnTjIs6+jirITHK3J7HuCs5TyS2+qMLnHTnG61oGsAg7cqtutsZUxmRoDZB39UEo4DfHKCwvD2A553CLI3U37KmtFS5rzBIfYZVtr0duVna9GuiTccsLRTupZvEHGy19urfHjDv2WLa7BzjhSqK5S09Q3SfL3SJxOjp9Q4zWT0CnlyWjOytYXAsHA/NZq31AmYHE7lXFPOMALO4najLcSK2jFXEWE4PYqhjfNQTmnq86SfK5aOJ2TjHKDdbYyupzsNQGx7oSumQ48OwQQQfdGAOBvsqihqXU03ydUC1w2a7sVctGByog1YksGR6x6XdcYhXUADZ4jqI9VnunL6+hqTR14c3PlOexXp5GVkerOk21bXV9EzRM3cgd1DDZTKqXy1ItTC2dutu4IyCqquohjOFUdLdUPpp/4VdMtOdLXO7H0WympmzNyMYO4Kg6q2OohldmKqIND8EKmuVvLD8xA3PqAtlX2/BJDeypnR6SWlJnHchVlPOSw6D63mtkzaeeTY+XJPC9wtN1guMLJoXg7bjK+ba+2OjPzdLyN3NC1XQvXb6eVlNUPLcHG65l9HtGzSat1tV2M+gYZ3NLcjlWLD5QSeVnrTdaW6UzXxvGrHrwrGKdxaGOOQOCuXbDk7fotMg90OVmcYQon5IBKknBasu0sjfUuNJaeUnDSSu51ICEgYISbkbhDBwUbYhCQNDPwCf1UoEaQQqs5BypMM3DSeEsCUcE5snsuSb8Hf0TGgHunOGQrAHxPY7IacnujMGMquEj6aYSEeQ7OKsWbtDgfqSwJvA4DC6kklgjEkkkBBJJJKEGysHYJjX4OMI5GVHlaWkyAfkmpcloBWML27Dc7qC4t+l5wVZk+K3hQJWhkulwGD3WiEsBpZIsrAd8LHdc9KxX+3StY1viYOMra1EekgBQ5mbjuulprdrEzjuW1nxzdKCo6fur4JWkaHnBx7rTUNUKmnZM0+YDlbX4x9FPmEl1oYh5RrIxz6heV2C4mB3y8md9sei9Bp7VNYPPThOi7Y+j3/oO+fxG3MglfmWEaHZ5+62DH57Lxroi5GgubHl+GSgAr16ORrm6wch24UuR6LS3JxUWS9R5TkEYOwTgcLBJcm+MshEkkkIQlxwy3BXV1NCl0RmnSSEJw1cbIk+NZcOEM+YZToGZrLK+uiBGcZXl3xQsRrreZ2Ny5mdJ9CvWakYbkjIWT6poXVVtmbCOclei8Zb8aTPL+b0kba5RZ4l05MflDSvOXxOOQr+B5Y4LPx00lvvjgBgS5yPdXrXey+gaafyQUj4trNO9Pa4lnGfFG6vrFWljhAfsszRy6OVZUU/hTNlHY8IbY74uJq8ZqZVWLB6LTP1AAqQxx9FV22p8aJsgVmJAQDpXn7o7ZbT6no7d8FI42TwanI+l2xCtmHIVPM0EZ7qfSVIdEA47jZZJROrVYTUkzlLISpLJpTHAnO5TwRhATtXuqDHpqcmHdQJjJG6htyFWzMFNUiRowyTZ3/MrAsO5JUWrjM0RAG7dwrQtjScppGVyNwcwEJyasYEybfQxzQdjuCqC3j5G6VVv1ENJ8WMffnC0R4Wdv7fkqqkubNv5oikP+EpcnkBMu2HI5yk7BGMrjS0g6eDwgEnPKNLI1D3fUVxJJCGOVReA6nlpq3GR4gid7Z7q3yAq++tMltdp5a4O/dWngAKd+F0Y33QqeRslPG8HZzR/kugEd0beReBlQMYKhiTJxhTKh2wyoIAyUVfHYqYdpywhCaMOT4ucFcdgcJu7PBlsA1LQWKib/LqHjHKv5sSRlg5VAQRX4Ki7Md+Bl1dqpxtjdUrtgd+Fe3RmYNj3VE9mIpO2Fsr9HF1v5GO+IzgIYCDvoGFhC44ac9t1s/iESXUoztoWGkcdwvS6eW2pH54+s/8A83l/hEGVzpqsYGd8KNeZHM0wN/NSIgROSfVQbm/XUD2RzeTg0rlEMjDceyjbk55UyYgNUZgGVmcsM6G7aFgyXN24KvIwBGPsqqjYXPA7K2aPLhHuyjVQuNwI7lEjj74wmAEuUpkflUgMB4wiRSAHjlMIOeE9kZ22WhdmezjkM/shyOOEZvdR6ojYLXB4RislxlESpdnuFFH1J8xyeUMcpM5ZYlcjzsMqFWTYGMKY8hrQSqupmDis1rwjRBEZ2p8gOFYwNDWgkcqLSt8R2cKa4Y04GEulZWWFN/oLGMoUpJBBKLnDVDncOMqrHjoqKcmAnJLgcpkbSXBLOXhSoGZ3IWd/cxklsDU8eQM9lYMYGgFBgjwBlSSMY3Vx7Ms5BAAF1NbxhOAyU0RY/wBD2+bhS6dmDqIQoo9wMKyhjxjZaa1kQ5+h0TcjccIoc1gyd8JZaARjChTy5PhNdufRa0sIVt+SSQ92qWbU0bFWlNHpY0EIFDBs0varIBuAAEic8nsPE6L+PFSE0aQBhGp2F5xwhxwlxGBkqypoNAHl3SlLJ6OuHOR8MelTYo+CQhMG+ERxDG7ojUocA6ueKkiMkjtvRYjqK9+V7WzEegCn9UX2miZoa/JbnvyVhnPlrJi952KtLJwPK+QVS+OthIQ6V4cRyrGOMNAOFykpGhmSOESRwaSAtMI45PG2TcmNcTkANwnMbnO6a1n4k58gAxhHuF/4HSSaAq2qqBpLQQn1VQRkeqqZZTqyd91nts4wOphlnZ3lx55UGQ4OxR5HDG53UKV3bPKwXSN0IfoI49gUm+3KE1pPfK0XSlifd6xg0HGrAKxWSxE6Gi0ktXaq4mx+G3Sj3yC51ONBwQ0hetU8ejA7KBZrTFa6GOmABc0bqxLxG0uOwCqlNvLPqVGmho6I1xAXSrFJBrAWas9rf1BeGt30asuwiXaarr60UzHEhztLQFvulbNDZKVjmR+dwy8n1XodHp8RUj5n9d+eenr/AIdL+59lzR09PbKdsEDAAOUmB9TOZHHY9k0vL3cIkYP0tbuujCB8Uk2+Zdh42yyy+BDwO6vIWClpyTgnugUNPFR0/ivGCRyUB0k9bMI4NmDko87QMskCczytjH4lZ0NPHTu1vaCRxlDo6RtEzxJgHPeO/ZVV3uklSTSUA1Obs7dKsue3bEOumd8lGIW/dQtkcaSkOcbOcD/kqyjohGW1dWzVndrSnspKanHiujGrG+fVKMz10wYwHbYDsAubbZsPrX0h9FO5xuvjwOdUSVTtmloBwAFYUdA/Gt557KRRWz5fBeQXFGqZ46KPJGSeAuRqdY4vKPu+g8dDTRVdawhj5IqKIySbY/dUM9ZPVzF5+k8BEqZJ62TVIcDs1FgpWxkOK487Z3Syzv1xVURtNTAnU5gyrSCnIdkhMp4CSMBWbGNY3J2wtFVW5nP8hq4xh9wLwwxocRjCr7tcRBSFsW735aPb3RLndYYdVN3cNiodpoZblVtDfMBzlep8fpXpY/LLs/P3179UuedLp/8AqE6Z6eNwqo5pYi4ZwARyV7JbbfBbqZkMbA12PMq/p2zR2yBrnRgux5TjhWlTOIhxlOuudj5Pic7HJ8nZ5REOVVRtqbnVFpz4WcfdExNXT6I878q+o6GKljADQXdykylhAj6SkZBG1gYAAFJXGrqQ5ZLHpJJKiDk1JMRkEkkkoECXMj1SJwEJ7sd1CHZSNt0wnPdBkkOr/wBUGqq6aki8eqnZHGOS48qEJZIHPplUt46loLXHqkmZLM7Ph08TsyuH27KBUXW8dQCSl6fjZTU3etqBv9mD0VnbOkrVRSCsmj+Yq8bzSeYooxyQoG03VHVmH3Cb+FUB4ji8tS4e7hwtFYenLRYqVlHQUwa1mwyrJ7Q0aiNh3UV9bAPJE/U/ONkWMEDvww5A5Ud2DtrGfRRZX1LGiesnFPFzk+iyHUfxUstmElLaofm6o7GX8P5K4VOQSi2bSSphpPPVS6IwN3HssB1P8WaGkD6awhlS8beIRsvOL31re724iercyM/hacKljGDsNz+6fCpR5Zorhjllrd+prxey752pIYd9LDhVDpS7Ddx6LWWH4edQ3ste6JtPTvGRK7fI+y9L6f8Ahh0/ag2WriNZOB9T+AfsmucILsOVqr6PJ7J0FfL6Q+GEtYeHEL0zpr4R2+3xtluJ8WU7kE5XoNLBT00Qjp4WRtAwA0YTse6zzvk+E+BFt85+yLSWyioYxHTU8bABjZoUkNI4cuhwPBSKzyk5PLEOTfY3OATqB2QdRdyOUnvbFu5yo7h1LDCSyly8jb81FFsItaioigOZZA37rM3HqZzi6CibiRvDlAnluVzk1zg4PG/ASFLBSgOcNzymtNAtYIRjuFY/VPK459SimOOmZ5seXf7pSVz2+SnySptvsVVWHxqoYzuArXARUmpe86IBz7KXTWWWqIdOzA+y0tNaqWjx5GknnIRJJmRDZM35Rblkr6Wz00DRlu4R8iMEgbBBqa8DZpwobZK2qdpj4VZ9lZJFTVjj091DJrKpwbT7e+FZUlkdKRJUnCuIqOCBoEbQFfyFFHSWUafErBl57qe2mdgMghAA22CsnspWt1THGOFHNTMNqFmrGyqUskBx2/VvUNx7lMqbhaLe0sGqWUfhahz0lwnd4lZVFjDy1pwuQ2ankf8AymHV6ndQhWzXa41/8lmYIRwM7rtNaJ6p2oEuPdaGjsDXYdM3yj2VhPVWu0U+qTSzA4HdC5c8F4yV9B05DE0PlA/RNu18s/T7A1z2l4zluVluofiO6Vpgt5cGDICwdXcJ66UyzvJJ9TlWoOXIUY5NJf8A4g3G5vdBSv8ABh7aBglZiSV8pL5HlxPcnKFgdjhccQe6dGOB8YY7GnOSSVxLITXkaTuiSD6Gl2NkNzychcPKESMYTVDIZ0v9SE1zhg7j9UIvAJAKESSeUzYQO4jfdRzyfulk+qQOEvAxLI4ZGwKakXAppIwijFsNROIb/pK65zc8oJIwj6LHEnK5kpp5XEBBJJJKEBJJFDOQoQkFwwdwo5JyuZPquEgbk4VonZ1JcyByQO6o7p1r09a8tlrBI8ctj3wluaXY2NM5PCRerh2Xndf8VZJmuhs1tLXf97Nx+QWUut5vt4eTW1bi0/8ADacM/RK+Vf0m6rx85/nwep3DrCwWwvjqa5hkZy1m6y1z+KZeHQWmjGD+OTfP2HZYcULti/BKn0tpllLfCiz+STKU5cI1x0dVHL5H1nVHUN0l1VFZ4cZG7Yhp/X1VaGF5wSSPfdaWn6WqZQCfKO+yuaHpelgAL9yeUDhJ9jXqaq+FgxUVDNLgQx/kArOj6ZrJfNLCCttS22lpsmOEZI7owYQdlarwKt1r/pM7RdNwxEGVgGFcQ2+mg+iJufVSgw5RdIwNsYR7THPUyn2RPAGdmgBP8Juc7fopGkeiarxgTvYJrcH6cBEAGEsBdVjE8nMBIgLpQXageSoQ47GduFxJItOOFCCSQ37OyVztkDKgYU7DKH4p9AuOl0g68NGO6q6q7W+l3mrIxjsHIJT2jIVubwiydORtgLjDzlZet61t0DSIAZXeyoqrrSumyIW6B7lKnqILg016KyR6I57GNLnuAAVdV9QWqmPmqBkLzqpvtyq2lklQ4N9ioTnudu5xP3KzvVNP7TZHx0X+RvJeu6KN7mwNdt3PdQ29YXq6TfL2+GLPYkYKxmn3RIp56c6oXlp9QcIJaicvY+OhriejU9j6mr2tdU3eCInlueFNb0GagA1vVIZ7B3/qvNW3i5dquT/zFFbeLgDl1XJ+pU+TPYEtJL+l4PSf/ZvbD9XVMp/+2ro+Gdjzvfs+5kK85F+uIH/aH/qutv8Acc/9of8Aqr+SH6M8tHfL8ZnpQ+Glj730/wD3Qrn/ALN+nxzd5f8AzFeft6huGP8AtL/1T/8AaK4j/wCKf/5lTsj6QP8AB1K/r/8AJG8f8Penh/8AZqUH/mKDL0FaNO1+qMf85WLHUNd3mf8Aqnt6iqhzK/8AVC7F+gFptUn+X/ki/uPQ9uMJH8blP3cSqZ3QtIfpubz+ZUd1/mfzK7ZObfZm/wDEKofCOoj0x3+wMRO1e/75Ka/4fvA/lXGMk/cp46jqWnyS4RB1RP8Ai0kjvgKxn/zRBf8AD26kHwpYn/bKjH4f9Qs/4TD+aux1XN/Vj7J7erZWnPiO/VC0T5dVD0jNydDdTs4og4exUWXpbqOH+8tUoH2W2Z1pVMP965SR15MB58Px67hBsDWs1Uf6UebyWm5w7TUMoPs1RnwVUZ80BA916oz4gQ8S2+neP+QIretun5P+09PUzx3wwZVbGgo6+9/nE8lw4fUMFcXr3+0Pw5qhiq6WmB7mN5bj90CSL4OVf1R3KlJO+kNfhDyOj5D9wZ5QkN+F6s/pD4PVhzT9aVVGf/1ij2H305wmn4SdO1pzZviXYHjkfMF0OfzI3VcjFr4P0zyzGFzYd16i34C9R1oP8Hv/AE7Xenh3SHP/AN8ok/8AZ7+KVORpsD6jPHypbNn7acoJLcOjqa5HnKY5q11x+FfxFtOr5/oy8xBn1F9G4YVDVWi50TNdXQTwtO2XxkINgfzQfTK7T7pafdFELlzw/dU0VuQzAQyDlSMEoeAoFlH7NpJJL8on63EkkkoQSemJ6hBJJJKCRJ6YnqACSSSULEkkkoQSSSSgAlButsjuVMWEDxWjMTvR3ZTlwnG6gZn7XV+NEaeby1EJ0SNPO3dGqGOOC0ZIQL3TGhq23iAbEhswHp6qYx7J42yMOWuGQrDXLD2eu8XVTynzN4yVaA5Cy8pdSVbZ2bDO6v6eqjqYxJGc+o9FQE4BCcpJJKACTk1OVohjevekRe6V08LAZGg4+6g/Dzqea4xy2e4PPzlGSx2o7uwvQcA88Lyrr7pm42O6f7UWEkAnLwz19/ZOU8Eayj1Ollcx499iFy6Ur3aLhTt/mxA8FUXTnUtHfaGOqpXEOHlkYeQ5aGKoJYM7J0LNxitrwzyH499Bu6ms7etbHT666hi/3inaMumj/Efyw1fMlwpv5YuEDvK3BHvlfdVVI62XB5Lc0tR5gMZDcr5m+M3w8Pw+6m+apnMl6evk5ER0/wDZZSBln57afz5Xt/pnzEtNNaeT4OZqatyMR05eTWM+WldlzR5TnfClX63x1tLqcwEs/wAlkbjRVPT1c2pp3nwnuyCOCtjarpT3ak1scNQGHt919d02pUuTgamlZwzwrr3oJ0Ej7rbI9J5e0Dn3WRoLi4tEM+SWnHuvpW+2RtXTOZG0Zwdl4h1f0JI2pdPRjw38kDYErsVT3HzTz3gN1jt06/yQo3BzdQOxTlR2+vmppDQV+WvYcAlXDJQfzWlM8FdTKubiwoPZEBGEJdHKsSFSXBwuqCRJJJKEEnJqcoQbgpyJob6IaheMCSSSUKEkkkoQakkkoQS5gLqSrBeThAQ8FFXMBRomQSETnspRj90AxY3CTsGNZAFmCN0F7PdSzknjhMLcoZchlfIzuBuvSPgv8Vp+jbhFYbrK42uc4c9xz4R+y8/kj25UKWHJ2aubr9DDVw2yPQfTvnNR4HVrU0P/ACvTPuhktPWwR1NLK2WKVupj2nIIUKWBzJNbTgZXgvwJ+LMljni6P6inc6jlOIpXHOhfQ78SbaV891eknpZ7ZH6z+n/Pafz+kWpo4/a9oj5bK3B57pDyt045QpGPgfqaNlIaWTMDmncchI6O41khTUzZQTjCrZYgMtezIPYq9LccqLVQh/0hHGbyY7tOmeM/FL4XUl+p5LlbYRHO3Li0BfOtfQ1doqnQVEZZJGcbjlfcT4dB4XlnxR+F9Pe4JLjbYQ2cAlzWjlei8d5R1NQsPmP1d9HR11bvo/L9fs+ebbc5Z5TFKd8ZGTyrdjs7LOXe2VVmrTDKxzJGlWFuuLZ2+HKcPHf1XtKblYj4DrdJPSWOuaw0TqmlDmmSPkbkBco693/ZqlvlPGe6fE5zXZ1ZCJPTxVEenADhuHDkFPSMJyIOp5fEhdgc4U9klNcGaXtGvhUrKh1LKIKnO/DlLGWkTQnfk4VgP+xEr6GSlkIIy07gqHpI3BwVpo5Iq+ExS41YVZV23wnHAwrQcZxaxIsunuq6i0va2VznN9QvWunOqaK7xiJso1gd14GctJHorK2Xmqth1QOIOQeUxGDVaSNnMD6MByuPGQsV0x11BXws+ZcNZAaRnfK2bJRI0ObuDumZOHbXKqTUkR5YsnZv7rP1tLPQzGohyY3HJA7LUFuVFqItexbkFQWnyR7VcBVx6HHzNCs8hZZ8M9tq/GaCYySdvRXtLVx1EQkY7PrumZCwSUkgc7pIyhJHhJJQgMgoKlEDlDwUvoLsjlmdl59170SypidX0UQ8TcuAC9IQ5Ga9tt/UIZRUkO090tPPdE+XZojE9zHjDmEghRJC4nYYwvW/iP8AD8xar3aovKAXTtA2+4C8pkjHIzysVkMM9dpL46qGUy0t1UZovDkdu0KUW+6zolfFI1zSRhXkFVHNG14O55Sv8jLK2gh4Uc8qUeEHBJQ4wJRHew5DhyF6p8MfiLJFpsF6m1Yw2nefT0JXmLm55TWtwcjkJtdm0TqNPDUQ2yPq+CcHEkTlawTioZl31BeMfDT4htqQ2z3qf/eB5WSuP1jsPuvWqSXScjcLXCeWeO1WllRPDJ74hjICpL7ZqW90xpaxvk339FdtqA5oBCFOwEZAT2k0Z4z2vkzNiutZR1H8BvUgEjP+xzH/AI0fYE/1f5rO/F34cw9U2z+K0ETWXClBO2xkHv7rT323RXGIRyZa5h1RvH1MPYgp/TtyqZddquYDpoW+V/8A3jOP1SJrKcTTVfOqasr4ZTf2f/iPSdTW2b4YdZRl1Wxum3yvfh5xtp3G7xtj819A9MXyv+Yq+nbxg1tvdrbID5Z6c8TD3O2fyXyJ8WOiZemrtD1v05rhDHeLIIsjwpQc+Jkfde5dFdVQ/Ffoq33a3VDYOo7NpBk1aQ2bgNP/ANDezbj/ACQQe3gb5SiqSWrq6ff9me2B4O4GyJqWb6R6qp+qLaayOnfTTQyOgqKd5y6GRvLT688q+LiRwmnCY7Xg8IzXAgbhRfF82nCTQT3VSWSiWkhNc3SN04HO4QkDJJiSsgTJSBOVxJQgTO3KZk5wuJKECg7blLI9ULJSyfVQgVLI9UN3bdJwPqoQJkeq4SMIeT6pZPqoQ6Sc7FLJXElCCSSSUIJJMSUIJJJJQg4rEdZ9Mhzf4lb4cHOJGt4++Ft8hcLWuGlxGDzkKBR7PDHskbIJ4HFk0ZyCNt16J0f1jHcom22ukArG7MB21Kp626XdQa73b4j8tzIBxnvssTK5zvDrqCTw6lnmjeDjBRjXHcsnu4zwRuE2RuQsv0T1hHfIW0NwcI62IYf/AIvda0s7qCWsEJ2prhtsiRv24RS0YOUBw0nYKig2R6piZqz3T1CDUzOU9MO6cQi18DKmAxO78H0WYhlfS1nykm4JIBK1bm+6ob9b/HhMkTMSA5DgrUsEGzR6gduyzPUNi/iFI5rANYJP3Horu2V/zTDBK3TNEMOB7+6NNGCw4RN5GQm4PKPlHqOiqOmb06sjDmRNfnA91vqC4x3q3xV0RGXMGrHcq/686WpauGTXADqz27ryCzXK4dH3sW6rB+WqHYa/tj0P6rk67S7o7kfafoP6pnXNaa98M9VtFf4GaaU4BOx9FVfEbpc9RWr+I0IjbW0mSXY3mZj6T7qTE5kmmVmCHDIwrSlqCBpcMgjuvOThk+8QnHVVZ/Z4jRyCqozBIP5kW2Dz9lQ3ijOrcLafEKwP6ZvJv1MQaCueRoA/u384P7qoljZXRtniAHlBwktHH1NGHgxlFUS2y4xzN8rc4cF6nbqhldSMmYc5AyvNrvRPZJ4wadLjjHorjom8Pp6s0FQ86JBhuexSZJIPQ2/BPa+jYzxAZI22Ve8YBVxM3UPXZV7ojgnCDCPQSjlZK6Rm/CiyMbhWFQ0MbkjdV0nGff1QGK5EOVvooMrdtgrGQdiokowN1Dn3Irpm77DZRZG9yFPmA9FFkb5cgI/RgtRAlZ3wokg32VjI3I4UN7TzhQ59scEctOchO1eUgroPIwhyNJ3ChmlLANwaDsnRbOXS5uCAUJpw5Ehe5F1QuGNyrGN+ypKOTcFW0UrcAIl9x0dLbjgnxTluNlbWyt8OZpJwCqRu+CpMPlx7pU4M7dF2zDN5TyB7Q5pBTqqmNbEGNIa9u7T6qnsle1uY3nsAMrQRHPmGyQd+mSsjkHZqt7ZHUVVs4cZVq9g9FR3GkfK4VEB0vb6Kwt1cZ4xFMf5jdvulvo0xIF1ohBI2sgbjJw8D19UeGUSxtcPzVk9jXtLXjIO2FV+BJRzFp3jediBwsz7HQ+3oOzBOCcJSRloD28+qa9vl1A8IkDg8hjtkMo8D0/ZPsd3fTSiGod9lsaGp8Zgk9V59PTEOBYFb2K9mN3y07vscrPKODoaPUOK2zZ6BSzeylskLgVTUVQCBnhWDJARlIlwdSP3LKId6tnzbBPT4EjN/uottq3ysMMx87Nt1ealTXi2vDvnaIYkG7mjugUshLgnjkIpYHtGwVXbbi2paI5DiQbEFW0eBhEN3LGDB9c9HCob/ABG2s0zM8zmt7qN0f1ZrAtF1cWyNOljndvYr0aWMPGAMrzvrTo6WF/8AF7VGfEB1Oa3uoc26iVE/lpNTU0gk3DdiqO52lzczRN55AUjo3qqK604oK1+meIaRq2P2Kv6imB4aMdwo1lGiL+WKkYFhzlp/dVVytb4ZPnaPynkgLS3i0TUr3VEQ1Rk5wOyg088VQzwngArPZXkCUfZc9A9ay08raeplLS3bde2W64wV0LZoSDnkei+YK+jqbbU/Mwk4zkELe9B9dPgeyCaQ7YBBKwX6XPKOhpNXnFdjPdYpTspzHkgZVTQ1lPXUzKimeHAjcehUuKfhuOFyrasPB1E8rKJT2h35IAGCjNfnshSglwwsko4LE7fBBRonbac8KO05C4HFpCAhNcBjKa0lpyuRvBHKccchCRolwyhzRvupDXAqrBwpEE+fq7JYEo46JdREyaIsI5BUO2VctO826o307scTyFMDgodfSmVviR7ObuMchWKwXAORlccotsrBVwDP1sGHfdSzg7Z4SWgOjjlxOIyuafdLaIcSSSVEEuFoeNLuCupIyEdzjC8sH0jhRawF4yBue6mTxl7cDlBHoRump4Y1ckA5cPN2USZpDlIq3CGTAGAR+rkNwBxkLbVLBezgpb3b4rjRPppsaXDGSvmLrXpybpm+Pc3+5leSxwGy+rpmg7kLzn4n9Ix361vfTxBssZ1ZC6+kt2yOb5DTfNDcnyjyqwXAuaxwd5m4XtXTdca22xnVksGCvnSz1Zpaw0znfTwfVew9A3lrJRTSu8sgwutN71lGTQXOMtrPSIJMHBUprg5Vevw5cOOAeDlTI5GkYysNqwd6E8oIku4z3S0+6VtY7IRDG+VxFUj2WRpQSCfZRYZsHwyN8qdIBjlVcrfCm8bstNbwAyTUDVC/bfCo5MSNfG8bEEK6EoeNhsqarGidy7GjsxI5fkK90Mnj3WFtMdU+eFuHRvJz7ZVfTTOe0Bw3W76vt4dEZ2x85ysFGWxu5xgr3XjL99WD499QaX4rtxYQuLSFOheSAPVV7HgjAUqN/Bwuk+Wedrn8c1JGy6drv+AVpojnIWBsdRoqQtrST5PC42rqxZk+k+H1Xy1YZLkBGMDlKleWPOO6ecackKM4Ycc91zbUz0dc8cl1HLqYu5KiUVQNGk7qY1wcM+qSb657kNTgTlNJwuavZTI7IYFI8IY5T87YUDGHlMcAnnlNcqYDKuJwZUPi43KkLlRGwStkAwV1XFimkInCrbtGaqmMTQMjzDKnytJxhR3NB7qCpL2R7ZVCqo2y8Friwj3CkFuBnOVT0BEVyqaSIkagZQ3sT3Vq0nBBG6tPJIyyNOySR3SOyIaddlBrofGo5GE/UCEUPz2XXYcMZUIyltE75KUMI3iJjx9lOc/cDCgWtroaiqpntxh+sfYqbL9QKuPYpDaw6oMjlQw7IxlTpgNBHZQzjBA7Is7eBMwkZGOUOTgpkbjqIzuiKkY5vkCSd1T1DdNwbsrp3I+6qawYr2fZOXZlt5Q2r8wwfRUU27H+xV7U8qjqRhz247rTV6OVqVl5PPviFJpdT7cDCw0rsjOPVbb4hbui+ywszsABemp/2kfnn6wWfLTyDYACXKmqT4tQ7J4VtK8MgecYJVGTuSeVcng8/THA2d2cbpo5XZeydE06gUprLNeMsm0Y8wdhWe2nCgUwwM4Ux5VpYOlWsVo60ZcFJH0hAj5CmDhNgWyPgFEAyMeiQ5TQ0kFOijNcPPBUGqfnlSnvDAVXVMmXDZNzhHPnLIF5LnZK4kuEgDJSm8Ax7BVLyBt6KsdlztyplS/Ow7BBpoy5+Ss1kjSuES6WMRsHlCOQD3SDWhoHCE77q4LgX2zkz8DIVdJIXHClSP5z6KI05PCXbwPgh8TCSCVYUseMFR6ePVyrKFgwEuKFWyHNGAigZ7poAKIibMkpZCNRIgS7hMYDnhSoY8kZCdCOeRM2SIYxgYUtmGNOyHCzYZTpXtaOFpgsGdrngbUT42CVtp9ZMz25GdlGa2SqeGtGB6q7pqfw42txgAK5Syj0fidDGX+pMKwNa0YCJEC4jK5pJxhSqeE5G2yzttnqq4YD08OMEjdWEYDW8IMLPKCQihpeMhUuzWo4QXfsqLqi9R0EXgCTDnDJx6Kxr7jDboTLKfsF5nfLo66Vjp99I2aCmo5fldbLT17YdsiVcxqZzJzqUq304aQ4hRqeMvcCRwrMaWNHZHGOWeIvucuwrnCNuBsgNyXblDnkOQeUg7HZPykhC55JBk0N45UOap0hcq6kMG3oql88krjl2wSrLF0jRXD9hZp3SE7qNI8DunuIAP2UKQlx5WKyw11xwdlf3yFEkcc5ynuOeUwMdM4NZuSslk8mqEcvCJdsgNTN4IGV7n8OumG0FIyslZk4yMrD9AdMioqopDDkdyR3Xt1LTNpoGU8TcBgxt6rPnez6X9P+KhpqldNfcx32VfeKgx0zgwguPZTppTC3OOFUQ0013rC2P6Qdz6Ldpq90kjX5rWQ0WlndPpIndJ2l8shrKpm5Hl9ltwA1gY3gBVlBD8tE2H+nupzHbL00IqMFFH5h8nr5+R1ctRPtsNGBnhTaWBocJHjAHr3UKM4JUyEyVDmxxg47+yZnBzbGHe+a5S+BFkQt2PbKuKWOlom+YDYfqU2ngjpYhjAwNyqmur21M4p2E/kk3WoKmmV01GPsJdrhPWt8KmdpJOM+ya1kNBA0t80jh5ne6WYqWLVJgnsPVRIYJ6+U4JA/Zcu7VbD699I/ScZ7bbUOa2qrphG3zfYLQUNDHRRhoA1nko9rt0dFBkgFzhuUCvqmNJa0ZXH1Gs38H3bQePjRBQgsIdVVUdNHrLsnsB3Kpi+Wql8SR3PHsnykzu3BP5osMJwMLmWydjO3XQoI5HAAOOVJpaRznZJwiw078jy4VnTUmAHHlFXHngRqZ7I5AR03h4yEC6V0NLTuaXZdzhSrpUCkh1AgHCzMYmr6nSTnWf0XqPHaJQSssR8i+ufqeGg08q4S+8ZTUVVeq4CJv1cn0C9V6Z6cp7VTtfJGC/H559VD6Z6choImzSMGojIC0heGDJXT1F6fCPzbqtZZq5uyb5ZIklEYPChOdPWSiKNmR3PoukS1cgiiHPdXdBQx08QaN3HkrDKWDIcoqKKmib5fN3JUpOLUtPukSnuIdSSSUIJJJJQgkklxxAG6MgLISJAQ3HB5TfEHqoEde/KDJKM4PPp3UWsukFMcOcM+mVWMju17rHRuxDS43d3P2UIEq+oadjzS0QFVUniOM50+zvQoNL0vWXSrZXX6QuczdtM0/wAoD39StBbbBb7W3LGZceXnlErLvBTP8CHzu+6hA0cEFNEIo4mRxt2wBgBQqy6RMeaakPiydgCguNxucgBkEcA+r3VXfupukeiY3zOlbPVceEw5Ofv2TIrc8IJLJPFHV1Zzc6g08QGS1juVmepfiJYOl2iG1MZUT7jJGcFeedT/ABMvPUEro6aY09OeAzYrGyGSV+qR7nOJ5JyStNdOeR0K/bL3qPrm+dQ1TpZaqSON3/DacN/RUDg6UbjcrTWD4eX6+6ZomNigO/iFer9LfDiz2BjZqlgqKgjl+4H2CPfGoOUo19Hk/Tvw06gv7myvpGxU538VzsfsvWunPhr03YmMqHQ/M1QG7pDkA+wWuibHG3RG0NHoBhNwBkrNZfu4Qid2XgG5jQC0AAeyEdijHbKC7AO4SnFyeWU3nkI0YyuCTVthcMrGZ1FQqm5Mj8kW7ioZ23km5xu44Cra69xQv8OJus+xUKepr6w6XP0M9lDl+Vo/M85d7lMjBsMFM65V02tztDD2yhS0lNR/zHAE91GuN8DG/wC7u34ACq6aO93ebwyCG8kk7YT1FIIsZ7u2Py0+59Au0lquN0LppHaWu7EcK2tfTMFK4SyEOJ5GFdsDYxhuwHognLaQr7dZqaii0PjDneqmFzWDA/RcqqgRhVlTWPOzDgpSeWQNWVRjxkhVsk0k+zBlFjoa2reDIfL3V1SWyGmaMNyUxSwQpqOzOqnh8px3/JXtNb4adoDAPujMYG7NHKf4TzjtlBOWVwQYW4XBFLM7S0Y91JZACNbiGj1JVNeeuaS3PNttMTausPDgMtH5oIvL5IWdVDS0cPj3A4YOcqldfxVzintNMdPGrHKBS2W+33RVXupw0nPh52C1FFS260wBscLA5nfG6YlktLJAo7TWzOzcT5CM6Vaj5K3gBxAx6rO3/r6joMiOYOI22XnV76xuFx1COYtDk5Qz2FGOTc9TfESmps0tufqI2cR6rz263+4XN58Sdwae2VTkuccuO/dOHGMo1CK6HxhgSYuk90DITIxQWEgheccoZcfVN1e6ZkeqNRyMCeKfRCdIQMrhkA2TNauMUiDjL2whuJIKRf7IetvqjB7GEnKGnZCamjYrIkkxI8JeEPSO6vdcLsjGUFxOo7lN1e5VZCwPc852KFkpJitIoSSSWCQo2kQeME4ykhtBceVCr71brYHGqq4mlo3GrKCdigFGLm8Lssedu5THBrcZdjKw1x+JTGjNnp9Thka3jb8lj7ner9d3O8Wsc1juQ0pErlLo3U6CdnfB6hdOrbDadcdRVnxWctAWMu3xTknDoLTRBrf+8k31fYdlkY7c9xw7Lyp9J0/UPePJsUpuU+ng1rS1afmRCrb1d7s4irrHuBOdOcAIUNC6Q5OST3K2NL0lw58X3V3S2Cjia06MEKbG+xn8iEFiBhKSx1L3DDNvsrum6YmfjXgD7LWMpYoTgNG3spQGBhXGvBms1M59GeoulqODL5RrPo7srOKkijw2ONrccYCnHgoAd7ItoiU5y7ZwAAYSwEklBfY7AHZcLAU5JQIZgJJ2n3S0+6gOBqanEgckJqhBJIck8MO8sgaPdVdw6ps1Bq1V8Jx2DkpyS7HRqss/FFuULknZYev+JtIRikhkPbV2Ko5+v7zKf5DtA90DvgvZph4+6f5cHqE08cAzI9rQOcnCrKrqiz0oPi10II7al5XU3K7Vji6orJH6u2pRjTOccu3J9d1nlqJf0myvx0V+TN/W/EO2tdinhe/tq2wVSVHxDuznHwI42N7HG6zzKIkcY/NONORgaf3SZW2S9muGjqgGr+oLzWOLpax/m7AqtZNLI/Mry4n1U8Uwx9IS+XwfoH6Jcpy9mmMIQ6RGEQI4RPDUgQkbIgi7pe39luSZDEZ9F3QVM8Jh4HCTWtAIwptKyRMH0S0k9lILBnZLQFeCZI3gTHcMXfAqB+BTQCBgApHV6Eq4xyTJC+Xn/oS8CoH4FN0u/pP6pCIk75V/GgZT2kTwZ/6V0QzDupnyziM5SFM8fjCvbhA/IyF/OHr+q6DNnfP6qb8s4fjC58uf6wl7mRz/ALEfJ7ldyfVGMWE0hoV5LTwDyfVLJ9V3I9UshTJXJzJ9Us4XdbfVLUPVQnJzOEs4XcArmndMzkmByKhBgO2UTSxU2U1kWn3Tw3PdINTw37fqqwvZWWcEeUvDREkW1MFrILSQdtkWKa7RgfK3Cqj9o5i1dLc8HCLGdOFbrj6B/wAFlb+u/idZmj+F9a3uAM4ArpD/AKrRU3x5+MdFEI5eoIa0f/rtDDUZ++tpz+ayBk7eqR8yU6+SlJ56N2748XitAF++G3RFyPdxs8cLnfcx6VEl+I3w2rxi/fAS2bg5NvuM9Nn93LFEEd04OB2KCVORqtaRtIrh/ZpuFMWV3THW1ibncU9dFUs/WQMcUqjoL+zzcGCazfF+utrpPphu1meAP/FG5wWO8IDf1QhAXE5OEPwF/Mz9akkkl+Sz9jCSSSUIJJJJQg9JJJQgkkklBIkkklCD0kkkZBiSSSAESSSShBksTJ43RSNBa8YIKz1uc+hqZbZOfocTGT3b2WkVTfKB8wZV07R4sPm9yomEcq4hLERjJQLTUOpanwZD5X7IlJUCoja88kYPsUKupC4eJH9Td1ZH0aEHK6qyzXF1VGYZT52K0Az3VCmcSSSUIPG6FV0kNdSSUcwGJWkZPZEXScol+imeNhtZ8N+qGNrPNQ1TyGkcbn/RetU07J4WTxODmPaHAjuCqnrbpxvU1odSYGth1t+4WN+H1/q7RcZelLvM5zmjMOvt7ZTYywBL7j1V8UdZTmKQAnG3ss9erDbOs7PXdG3uHWySMtac7h4+h35K9hkIaM/khV0QI+YhbpqI9w4d1v093xzUjn3154PjS8dPVXTdzqegOq6fRV0hLY5fwyt7OaVi6N9Z0teBSVgwH7bHYjsV9dfGT4cj4l9I/P22nH+0FrIMDmjBk/qjPrwMfmvl+op29VU9Rbq2jfS3ahAbIx53yM5/VfVPpzzMbY7Jvk4mr07fJoqeoirIRJG4HZUfUlkiqYHSCPzeypem71NaLn/BbmC152Gew7Lc6muyMAhfRKLl6OBfXy0fPPUfTdNJUuEjSyTgOCzVNJPa6k0NfktJ/lydivferulIa1jqinjw4jOw7rya82bVro6xmCPpdjj3W+MsngfOeDy/krILZA7hPHKqNU1mmFLWuLmH6H42IVpG9pAcDkHcFOR4O+mdMsSQccLq4OF1QUJJJJQSJIcpJDlQgZn0hDRGfSENQtiSSSUKEkkkoQSSSShBJJJKEGpJJKEEuHhdSVNZLAloGwCY4ZCMmEHCzyi10NRFeOyC5gPZSnMyeUPwj6oH/cZGWOSuqacPwCOF7l8EfjDLlnSXVlT9OG00zuC3sPyXjMkJPbKh1EErS2eBxa+M5BHIXO1+ghrYbZcYPX/SX1Vd9N61XR/F8SXrB90zRZGkfqoMbzAXNc3gryv4JfF9l+gZ0v1LVYuUeG08rz/ej0J9v9V61PHrOcL5/qNNPTz2SR+rPEeW0/mNOtTpnmLHPc2Vgc07oA+rS5KFxjeWkd0aZoLvEaOVnOlJqRFqKfuByq5+MkK5bK0nSWqFVUeNUkfc5+yfGWDPOCweUfEn4W0XUFNLW0UIZLjJAHf1C+Zb1Zbl03cHQ1DHAsOxxyF9zNYXcj3WE+Inw4oOpqOWaGENnxnYd12dH5K3TrGcnzr6q+kKfJQd9UfvPmS3XFlS1ocQH4/VWEchIGVW9TdK3Lpaue10bsNd6JW+4sqGYecPHqvb6PUw1NeYs/PvlPDanxs3C1dFtJTR1kfhybHs5Q2STUEngz7sHB9lLifjcJ00bZ2Fjxz3WlHEUk+BBxGJoj7qypqiKqZokA1LOxyTW6bwpcmMnYqwa7iaEqKWSpxzyh9faHazJDgeyrPDewkOaQVpaecTRbnchQ6ulEm4A3TSQljsqoKiameHxOLSDnZei9J9fM1tpaolrgPxHYrzmpjMLtxyhsdg5GxHB9EWQrqa9RDDR9HUtfFVxiSIggozgHjdeOdN9azULWU9S8kNIAdnsvUbbeaa5wNkpzuRuEzs81qNPKiTiyVUxCWMxnuqSSOooJvEizoz5mq+xwUOojDhggH7o0JX9zlLU+MwHOc7qU1wKopKeoppi+Fx08kZU6nqjtr/ADRkLBJNa4EJysglwgYyupKEBkIeN/spBA5Q8FV0QWzhpcMheNfEvoOW2v8A4paoAaU/Uxo3avZWplTTQ1cLoJ2B7HjBBSZw3GvSaqemnuifKT4yMZGMo1NUGJ+B3W26/wCiprLVPmjANPI4ujcO3+ErBzwOBBxhYroHsqboamvdHsvIZhI0EEZRBhU9JUeC5ofkq2D2yNBaUoTZHDE5oHCCckEYR0nMCoBMhkSseHscQRuCvbPhp8SG3RjbXdpQKsfiJx4n+L78rxlzMpga9jhIxxa4bgg4KbCzD5M2q0sNTDDPryOQEZBRxh+y8q+GXxLbeImWO8zZuTfoe448f13/AKvZeojLBk7rZGeUeP1WlnRZtYKqpNTS4eizldTSCQSMyyRpy1wO+VrWSA+VwUC4W5041RNCITCWOCJRzwXihdR3CNr8gse1w5XlNJLd/wCz/wBe/wAToo31Foq3Fjw041Qk5MZ9HjZeia308xI2c08Il3s1u6vtE1urWgax5fLkRP7OaPVJlHPK7N+nu2ZjPmD7Rt7rVCmNF8YuggypoJadj7xSsO0tM38Z9ZWjbOy9JtF5or7bILrb5GyQVLdbCDk49/Qr5W+B/wAQKvoHqZ/w16ulDaWsfilkc3Uxr3bf+V22fTC9S8Sf4MdQNqC+V3RV3qQHtaNrXUOPBG+Iznb7FEv2+jHqtJKue3/+39Nf2/ueyZB4KeookikOqF+ph4PqitdsmYz0cx8cMLkojTkIa4BjuhayQlNXUBj8bYRg4HdUQ6kkkoQSSSShBJJJKEHpJiShB6SYkoQSSSShBJJJKEEkkkoQSanJqhBZKWSkkoQcRqb4ZJx/kvIOuul6rpyr/iMGPkXclg+j7hewZxugVlNTXKlfRVkLZIpAWkOGVBkJYPBWVMrXR19FNomj8zXNONQXrPQ/WkPU9u0uIFXTgCVp2I9/2XmHUnTdf0fcnNnBloJXHwZQNmjOwPuFBfJU0TmXuzSBk8BBw3iQdwfVGNklJZR9APOrHZDe3blUXR3WND1Xbmz0/kniw2eJx8zHLQZyoIawRtJB529EVq5J5eBlMJyVARJLmQNiV1NICeFHkHAIUt4QHEZ2VdPJZir5G+z1wr4x5Cdx7FT4qllTC2WP6XjIVndqFlXCWvYCMELGWqu/h1VJa6rIAcdBPomxaYa5Jl3oG1cHhuG54K8Y+IXSb6yA/LsDZonFzT64XvU8WpmccjlY7qO3sqID5fO12fugurU1g6Oi1k9HarI+jx/o2/vdG611rS2opxg6u49VtaaoI2K826vts9hr3XenzjIDwO4K1Vsu7K2nZIwh3lGT6rz+r0m0/R/0j56OqpipMvrvbqa/W6W21YBhlGHev5Lxk+LZbg+31bdJAwR6e69jpqknAKyvxF6dZcbeLtRxgVVMfMAPrZ3z9lxbIOLPeW1KyO9GJulA6aAvjAc0jKyMjZKackZa5jsgjZbG0V3zVMYX7PYOCq6/W13g+M3BIOQR6eizTi2c6dTTyjT9N3Jtxt7Q5wMjBg774U+WLy8Lzzpq5vt9wa1ziI37Ee69KyyWFsjDkOGUtPk7Gjv+ava3yinqohvkKskbhyvKphzkKpqYiFZd0f0QJG4HKhSsLjwrB0ZOeyhzDGwGVZzro5IEgKjuGymS4Jyo0io5thEeACVDkaADsplR9QUaRuVEY5rJAkBzwmv4R5Gj0QHbqjn3rBG1EOOSnNfnZdniJ3AQY9iQVZlbJsEuCD6q1piXEbqhiJDlaUcm4BKbGWDZp7NrLpoy3co1O/U70wo0XHOURjwxyqf3I7dNmcFpDK6Nwc08LY2urbU0zSTuBgrDxHIzlXFqrDTgtO4KxzWGdvS6lpqJrdJdwghj6ecShvKJb6mKeIOac+o9FJmg1Ny0ZQHbi08YHNnDuFyZviDCjNBY4NKkRk4BISJI0RAsbuY3DC4Y5IX6xwjytBAc0bgpMkbKCxwUfQ0JE4TDdArKVkL/AB4mkalyMmKXT6KfkTRjOAkuOQ1yTun73pxBUuweAcrXUs4e0YIXmtXTvhxIwEb9loOnL1kNp6l++cApFkMHU02p24hYbdrsjIKceEBhAaNwirPtwdB/spq+jFNL85TAgk+YBWdLMJ42vacghEIadjuqqZs1tqBLTtLonnzN9FZZeMIb9WN0+WFr2jAGCokMlPX02pu/fnhTIfPseypBOGUeZdZdNyWSsF9teY8u/mAcFajpq/0t+o2gO0zxgB7Dz91o6yigrYHU9RGHMcMEHdeV3y11/SN0FfQahEXZGOMeisztOHB6FUUrHsLHMGCsTebS6kqHS07SBzhbOw3qk6it3iswJmN/mN7gplbQxzxmOQc9/RLKZiIXx1sRgmAJA7qplppbTViojBLMq4ulsqLbUGWMHGc7d03xYqyHS9uT3S2siWucm4+HvWxp5GxTS5jdgb9l65DLDWRCenf9QzgL5ab49pqRNET4ZOV650D1oyoY2nml22Az2XN1OnbeUdrT6lOKiz06KU50PKkAh4OyiACZglj5KfFJk6Xndcm2vazauQukAk55TXtJ3Sec4IPC7C8O2dyEjAcHhiiJYcEqQw6kCUYwQlESCAlhSx6JMjdsoTZS12MIgfkYQZmHYhCKaLCmlMg3IUjnuqimmw4A5VlGRpByqAlHJAqvEt04q4hhhOH44V3DI2oibK05DhkKJJGyVhje0FrhggqLbpPkZDRPcdGctz2QLkXJF4klyklYFciSSSQljEkklCHCMqNM3D8+qlIM7ScEK08BR7IFdCXQlwG43UNvmiDvVW3bBbsqao00lSW7hknA9CtEJZHJ5QyRmVWXGBr4HNczIcCMeyt0Coha5mk75XRpm0BOG9YPmH4ndPOsN9ZX0zNMEvGBwe4Ujpe6lj45GvwRgr0z4mdPsudpmj8LVIwFzT6FeH2ieShqjTSEgtOF6DTWKyKiedui9Ldu9H0ZQ1YrqGOUOy4NBKnU8ucNKwfQ951s+XkfnbC2Ucmhyuys7VM98Uy6Ycjd2coqgU8mtoU4Yxysrjg2ReThGFw7rrlxKfDGISh18WYiW8qehVEfiNwmx4ZZWU78HBUS4R8zJ3iYqjHjYKRUsBpyMZXRolteTHqVujgzd2pmzUjo3tzkbLya708lLVvAYQM5XtE7BIzQV5n1XTCOqIcNiSvYeJ1CjhHzn6k0O6Dn+ijo5A7YntspsZwcqrpX+HPp7ZKsmP74Xpj5jL7Z4ZZUMphnbJ6LeWuoEkbXrz6mI1g+i1lmqdmtWPVQ3cnsPB6zEtpqWvDhhBnb3TInEjZSCNbeFx7Ynu67NyyAp5XNfgjCtYpMtCp5D4bsKXRz42KzNGyqe3sstPuhpN3GQijkpUlg2J5GpZOMdkklQzI5DciIbkTIwFQwuZjO/KHHJrjBxujvG2PVRYj4ckjcbYwFIin2Occgn2UVxwpP4fyUZwO6sX6Ke5MdTzx3KHZzHAOA7hW7Xa2h/wDUMqLWQiaJ0Z/EMJlrnc+m8J+S+I6D9uytLAEXzyS0kkkQ0YkSSMZSPCGSc8qFy6KefxoL4yTOGSs0EfZWEv1bdlCvGGSU0w5bKAVLJDon7Zzwji/QhvB0nLD9lFb9f5qS36PyUR31n7qMVYxjP794R8gclRmuDZ3A90WUZwoZn0J22Cqq45ZNHMBkZwVYyO0jA3yoFcP5YOfxJmeTLcAqZOCBsVVVjczOKspxqgPsq+q2GfQcrVU8YOXeeZ/EXZ8WVgZ+2FvfiWCHw9lgjvheloeakfnj6v8A/wA3s/6f+hGqZP5DmnlVpGTyplef5hwdscKAAQTur7OBWsIRGSAUSEDUh90WD60LN9XZYwtGkYTpOQmx/wB2E5n1BQ6EesEqHlv5qS3hRYuyks4RoqbwMIwnkAZXe6E47fdPgjHe/tyR6g4Oygy+qlzOHqq6pOSMFXZwjmsadzgJtQcDGUoUGqcPVZpSww4RywLyS4ZR6Zu+cKPHu5T2NDWocZHTlhcCkOMYKE45G5XXcoMpB4RPhAx/YOb0BQ4Y8dk087klSqVhBG26zyluY1yUUHpmkdlMaMYTYmNAGAjHA7Io9GWcss4nDhNRGtOQPVEuxMnwSqVocRtyrOKENA2USjiO2yso8NbxwtUEY5SO7Nb6Kvml8STw2H81InnGQ31Q6Om1zB/Ybppo0tEr5qKRPtcOhgD27qyAOeEynhGxAUvRxhJnn0e60dCqgojoItWNsqdDCNsBAhGloJCnRYbD4mEo6KWECedLgwcuRXSClp8uwUykbrmdUSfRGO/CzHVl98NxgjeRkHACKKB1F8KKnORW9YXvxZjDG7IxjZZqLzOCE+V9TLqec43UylZg6iNk1cHhtZqp3S3SJVPEGt322Se/tlO1ANwBj81Hk9ymb8LBz8OTyOyScpTODWjcIQOwd6KDW1PLSd0qdmB0IirZ9btIOyjwjvhDaS92XHKc52G6R2SJTNMY4OSkAYDlEk/6p0jvMgyk9is0554HxWGOwcEK56Zsk1bM2QN2KqaWMzztix9RXsnQHTbXhrhEDjBKy2PLPUfTfjv5t++S4ia3pKysoaON/h+bStPE0BuXYH3XIImxMDQ0AAcKLX1LYxoHCZCGOT6QvtXBAulX8w8UtLnA2cfVXtooI6Kna2NvmcMuPqVUUVOHVDZS0EFaCLgH1Xe0NC272fHP/EbzkZSWhpf92TGbkHCM0gjZCBAZuU6lY5x2BK6b4PkDaXJKhYZHaG8kq/o6dlOwAD7lR6KjZTsD3AFxTKqrL3mOJ2w5KXZMRtlbJRiOr6102aWmccjlyiNjhoITNOcvPGU5jxEdbuSosMVRdqh2DhjTjPoudqLsRbPp30h9Mz1TVlq4O0sVRc6nDeO57ALW0dLHSRBrWgHG57lMt9vhooA1jd8ZJ9Sh1dcGbALzup1Tmfo/w3iKqKFXFDq65iNvhRjnYkKpcTK7ZxwVxzjK/wC5U6mpCSCcLBKbfLPRQoVawMgpztkKxpaXzAgYRKak48oVjFTbDAAVJ8g28IFHTNaOESUtp2anEAI2jBGBhUXU1a6GIwt5wux43TO6xM8V9UeUXjtM7G8FPX1c1wqi3VloOA0LY9H2CKNhraiL6dm57lUfRtjfWVAnqm+XZy9GwyNgAGAOAvU2y2LCPyZ9Q+Xs8pq5WyeUEY/Ax2CcyKatlEUbds7lDghlrJRHGPz7LRUdHFTtDGbuHJWCyfJ505S0MdKwNA39VLwAAG7YXcDHKZq9kGckHJJJICCSSSUIJJMXHODRkqECIFTKGYyU2WsbG0nGfQKtlfJO7OSjIFnroW7ZVZVVNROMU2SpTYdZwRnKl0tOyGQPICgRCoenWVLmVdeC54V1NPT0NPu4N0jAUWe4PLtEGw9UJ8ETWie4S+U788K8N9FpZBvq7jdGPjpRhh4chTzWLpan+dvVT52buaVkuqfifarG2SjsrnGZuwcF5Beeqbzf5XSV9aXEnPKdVRKX5IOMMm86v+LtRcXy0dp/3amJw1zBglec1dRNVyeNUSueT3ccqbZejr51CWvoYCYzsHei9a6T+EtHbhFU3cNqJAPMxxyE57KukHlQZ5n090PeuodJoYcRn/iO2aPzXqvTXwqstnjbPcYxVVONy45aCtxDBSUEbaejp2RMG2GjCdI4ObskWXy6iVOxsDtDxuulxl3OyG/lcSHNy7Eyk32PyfVLJXFxzgAqXYJ3UPUKJPLjYJPJJ5UeSWOP+8fhNiuAhskjn7HjuoFZLSUEfiOIz91U3nqdkIMEA3PcFZqWauucmQ52D2TYRT7KSyX1V1HHpzCcewKp5Zaq4Sl4y4HgK2tXR1RVNBqXBud/yWuoOnqC3saI4gXepCY5xhwizM2fpSWctqp+3YrWw2+CnaHMaAfRHDGtb5SAB6DCi1dfHEPMcEbIJS3dECOIbk8YVdVXBkR0g7hRam5STHET8hPprTLVASzNKDt5ZCM+WqrH4YNQU2gtMrpPEmGMcZVpR2+Gl3aMn3UoDCpyyQB4WABgA+yIGklPIxu7YBQblfbdbYw6V4c7+n1QkLBkGoZ7KquvVVls/wDKfIZZx+Bqz9XeOoepqgQWqM0lMeXYxlW1q6RoKACquLWz1B5e45UIVof1N1brE2mgpc+UN2JCvbV05bLPGHiJr3jl7gnXO9UdFCS1wBAwAsFfeuat+qnpJMDucolFsJRbN1duqLba48ySAEDYArzjqHr6quDnxUbnRtdsT7LN1lZU1j9U8znH3KjFme61QjgdCAUuc/zPJJPOUPLR3CTnAZGd0En3WpQWBmEug+R6hLPuo+r3XC7blL2F5YRzs7oBJyuF2/K4SMKAndXuEMuJ2JTCd9ikSMI8jRZKYDhcJGU1QtLIkzJSTEzIagdyVxJLIVfIWJBPCc4YGyCVM5DEeU3JXE/jc8BRySD7EuZHqoNffbVbYi+qqACeAFjrp8RCQ6G2wDB5c/uhdmOh9ennZ0b2Wqp4ADLKGj7rPXbrq00OqOnLpnjsF55V3iurn655n79g7YKPFTuneAASTukOeTVDRKvmwv7j1xe66PRE5kDfWMYJVA6aoqpC6Z7pHH+o5VxQdOVc5Di3Y+y0dv6VgpsOnaCShktw1zrp/FGMp7VUzkBsOM+yuqHpWqkcPHaGt9VtIaGkpQNEQz9k9FGtMXZrJdRKWk6bpabkhx+ysIqGnhwWRjKlLrtwo4YM7vnP8gKYiHlDUImJJJJQsR4P2QDyjng/ZAPKhDiSWR6pOwwanbAKm0uyHcFIEDkqDX3y226PVVVbGO7Bx5WWrviZBE8toKMS6eHP4KTK+MezRXp7LfxRt3OA3ccAcqJJeLXT5E1Y1pHK8rufWfUV1LmOmbFGe0YwVVCKonOZZXuJ5yVnnqH6N0fHOPNjPSLn8RLPSFzaZoqHDgYWWr/iHeqzW2nibEHcaRhUsdtY3z4yfdGbShpzpCV81kvZrq09NfK5GTXPqK5N8KoqnNZ6gqEbZOXanSh2fVXbYzpAITTC4clDlvhmlWJcJJECK3R4AeAfsj/JQM4bwpbYT6crroy0ZIVbUBKTmQvl2t2AS8IKUZGAY0oJeAqBWehmgJeCPRd8X2SJJGzUOMhbxaGAchMy3fA4TvlqmQ7MOCiRWyoJGrhVtyFvS7ZGMgB4/dcL8jhWjLK4jdm6J/CImkF4wiUMgfPH9lIJHuOANk/fGcK7bbqcctRBRUjRkt4RfGRXRZQajwG7pD5ntEtAKalGwj4ThGwcKbEU7ig01/8AR+y6GV+fpH6LQ6RjGFzUxTagP5D/AEUQp68jbH6JChux4aFfB4PDUj9iVarTB/kZ7KIWy7n0XRbLwPRX+T6H9Us/f9UTqXsr+Q10UDrVc37Od+i6LJX4/vVemVo5cf1TPHHc/uh+KGeUX/ImkUoslbn+8CILFVEbvarfx2n1CXjt9Sj+GP6K+af7Kr+AVPd7Uv4BUf1tVr817FL5r2Knwx/RXzT/AGVH8Aquzx+iX8BqgPrH6K2+bb6FI1TT2KB0xl0Wrpr2U5slVxkJfwaq9R+iuDK075KXis9SrVSXQf8AImUv8JrPVqRtVaB9TVeeMz1K4ZmepVfEB80yiFDWt2OE75WtGytnytJ2S1D1/ZW6sjFeyo+XrEjT1g7K01N9Ei5o7Kthfyf2Kvw6wfgXNVYOYxj7q0MjeNCaS3KmwnyEEPnP1RlP8STuw/opeQma/wDCpsK3oj63f92f0XQ5xOdJCkgg9kvKpsJvQISPxjGUg+f/ALr90bSPRdyfUqbCpPJ+sSSSS/Hp+zhJJJKEEkkkoQSemJ6hBJJJKEEkkkoQSSSSgkSSSShBJ6YnoZPBBLhAPIXUkKIZ2oZ/Dq9zMYimOpvsVYFhMYdzlSa2jjq4TG8ZP4T3BVfQTF7XU0hw+LYpmUWiCS+3VvjtB0OOStDTVMc8YkjOQf2VXWwCWE4G4Ue1VjqaXwJOHcKCmsmiSXBuMpwGe6hRwcozCNPKjJ+SoQORnB9F538SelHTg9Q2tpZUwebybHZehNdk4XTGyRpje0EOBByiTA6Md0D1PJfba2GrcPmYQA4cErWPGRyvKOp6Gt6Qvv8AE6AljS7zADykL0iy3iG726Gthxh7Rn2K0wkJsrcnlBXufTyNkZ9JPmHqvDv7QHwoqXub8SejqZnzsO1xiYMGRh5k29Mbr3h4ykCRwV1tDq5aS1WROffVu4PhC422n60tTaqICC5U+TgbOBUzpnqF9dG631kJjrKUASNJ+of1Bbz4zfC6f4fXV3VfTrT/AAesnx4TG5NO934f+X09F5ldKI1D6e/2wBlVBkvDDjWO4X2nwvk4auqLR5jV0uFjZrtbZAWuAIPZYXq3pkvc6ojbqa7cEdlo7Rc4rlD40ZIe3Z7Dy0qz8j2FjwCO4K9XXZg4+pr+SG08HuFshnY6irWAg/Q/uCs2GVNnn+TqyTFn+W8+novXusOk3N1VdK3LOS0dlhLhQx3CnNJUt8zeD3C1J5PFeV8Zvi1JdFZHJnHfKO05VQz5m2TfKVeS3hj1YMkz+aYeDuplRLbIkJLgOQuqCxJDlJdAz3UEhWkaRuF3I9QgZKWT6qF5HJJJKFCSSSUIGSSSUDApJJKACSSSUINSSSUIJNIGDsnJKsZLTwR3NyeFzT7KRgJFoKGUUy85ImkeiG5oxkKYY984TPCSHFh8+yuxNBMyop5HRSxO1Me07tK+i/hB8W4OrYGWC9zNiukIDYy7/jD7+q8C8NudwopFTQ1TLjbZXRTRO1NLDjBXK1/j4auGHw/TPd/R31jqPpzUc5dcnyj7Vnpyx2sem6YyUnynZee/CX4rU/WFGy0XiZsVxgAaHO28T/1XoMsLi7LQvA6iiennsn2fqjx/kNP5PTx1OmkpRaHSR5wQFwO1eRw7rsb8Ya4FJ7Q0hwCBGyZFqYvAfpaMjChyAnJVq4CbAI3Ud8BZ2ToyEyjno8/626FoeoqSRwhaJsbHC+bOsuiK7p+qe5kTtAO4A4X2PJGM7BZfqzpGjvlLJmFviEc4XR0nkJaWWYni/qX6ap8pS3FfefJdsuOoCCc7jYEq3Y/vhSOuOhaywVkk8ETgwHJGOFl7ddnsl8GcnHG69po9bHUx3Ls/O3nPA3eLta2mjdFHWR+HI0D0KrSKm3vLMFzBwpzJcYLeCnSETY2W5vHJ51P0wdLXAkFmQe4VrHIJQPVZ2ojlpJg9mSCeFNpao6gMJieULnH9FpUUEU7MnGeyppaGWFx1DbsrmGYubwivp/HbghHgpSa7M5jRyVeWPqKqoHtibOQ0HbdQa62kZc3sFWFjo3Y5RlTqjcuT3Ox9T09fTsbM8CTjPqr1smvsvALZeKqidmOQ49CV6d0z1fDWwshneNeMblGjlanRSX3QRrZ4/LsFBfqjdkD91PbIyZgLXZyFHnizwnLo57TTwztPVnYOKmxyBwyO6o5MxvDgjwVmkgFWW1+i5SQIZdbcgIwOVMgnVwgYyupHhRkBHlJJxweEkLWCAK+3Ul1pH0dZE17HjbI3afULw7rPoyssdZJqaXwPOY3AL3lqhXa20t0pXUtUwOa4YB7g+yTZXuNel1c9NLcj5inppIyHEcd1KoqrOGu7LT9TdOy2uWSll83o/GMrI1FI+E7LBZW4s9VDUQvipJluxwe3UOE5VtJWtjYI5OSp7HiQZCoko4WROamHfbGEZMI08KmsFJkcOmhmbPTvLHsOWuBwQV7r8M/iZHfoGWW7ygXFgDY3H/ij/qvDi0PSjlmpJmVNO9zJYyHNc04IITK7MPBm1elhqI4a5PrcOOdxhHY84XnXw0+JMHUtM213aRsddEAA4nAk/wDVeh7gHbhbIyyeQ1Gnlp5bJLkr7tbW1TDNDhsjdzjuqOmqZaWXIOHNOCFpsnJJVVdrX8w01FONLxuQO6ZKOELi/Rl/iD0hT9VWd1bQERXCnGphBxq9QVo/g18R6Xrfp6p+GvW8Lfn6an+VLqncTwnbDs/ibj778qFQ1To3aXHjZwKxvX/TNXbq1nXnTmYqilOuo8PYk/1H22OfRKlLBsq/1ofBP/8Apf6f/wC09c6D6iuvw1vsXwv6okqKm21L9NgrpBjLe8LufMMt79wvZGSZPHK8Roqrpz4+dBtZK4QVlMzS95/vKecAeZp/LlX/AMJeu6+prKv4c9Wnw79Zz5T2qos48RvrwN/sihJx/Hr0c7U0Tt3Tx96/Jf8A3PVQV3I9UHPbK7k+qbnJzlySAd0UH3UdPyUoMPkeq6gAnPKKCMKEHJJJISDkk1JQg5JJJQgkkklCCSSSUIJJNSUIJJJJQgkkklCCSSSUIJJJJQhBvVmpL9bpbbWMDmSDAJH0n1C8Uudpq+kri+z1rXGnLswzH6XDsMr3lrm7nKqOobHQdR299HWRjVgmN/druxCJSwMjPB4OZrp0vd29R2STAOPGjHD2+4XuHSvV9o6ttorrZNqczAmjI3jd6H9CvJq+hqbNVutVyj9Qxx4eFSMqrn0Rcf8AaCyFxjz/ADoc+V475Csc4qa47Po1w1JpbtyqnpXqm19W2plytsmc41s/oyrg8KjNh9EYk5XV08picUOPBUVweTupSYQB2VMhFe0OGCsV1XaQyU1cbTnkELdHB2woVXTw1MTo5gCD+yPIUXlmTstydW05hkPmaEK40wfyNiVCq4ZLBci5p1QuOcj0V0WMrIAWnIeMgoxzWDzDqqwxXCCogLMggjj9F5XZqyWwXh1tnJMUhwzPYhfQFzojTvc3GR6ryn4j9KOkpf4za4wZ4CXvYNsj2WXUUfIj1v0z5yeg1EYS/H/0LKmq/sp+qOqhdE/B1NIKwvS15dXU7Y5XecDIzytRRT6ZQxxOD3XntZp/0fo7wfk4amvbKXZ5x1Ra6ix3j5unYflyNwBwpYbFcKT6hhzcrc9S2Zl3oXRsA8QA/mvLrbUPtlRLbqokFjyGkrkTj8Z3LYbOStvNrdRuEzO57LQ9G3mWcGiqJQdPGVIq6eKrpvDdjLuCsex01ouQcCQGu/ZIw8mOClVbviz06ZgKqalnfHCnW6uZcaZkrcZxun1VJ5dhuVR2IyVscmfkAzjCrqgZJ+6tqqEh3Cr52AdlDHfErJeeVCcd/wA1ZTNO6gvaSVDlW1kWbfHsozx5TlTJBlR3DkK8GKyOEQ3bhRjypr+CopG6uMcnMtQJwy0/ZQ1NPB+yhnk/dFJYMUx0e2VPoiQcKBH3UmF4a4Il0Mqlhl7TP2wSi4weVBpZAcbqcRkDCno7WnnlEymm4BVjSv8AMOyooCWStKtWHJBWeccnX01nOTVWmpETcAjcrQwziVoCxNtn82gk/daO31enERH5pD4PQaa/PZYz07iQ5jUmuw3GEdjstwEExEO1JE1lnSi8oaHbkEIe7HZCJKzOMdkLVkY9ELGBXMEjA8fVhcpqrQ/TJxnAKe1R6qLDg9g2O6jRaeC4bIx4wQCq6WGSin8VmSwnIwePZOoZPEaC1xyOQpkrC5gHZKlHI6P3xTLyz3ls+kvfvxj0K00cutgGy81ZrgeHxeXH7rV2i7F8QbIc4WaUDo0WywoyZenI3THkSDDhkcLsczZAERoxuAlNYN8WirjE1sny3eJxyPb2VwHue1s0R3xkj1UeYh4ALcJ9O7S4AnY7YQsbnBPinEjfccoF2tdNdqR1LURggg49imeJ4Eo/pcrFo1cKZI45PJJ6S6dF3X5inc7wS78iPQr0C219Le6MVNMRrx52dwVPvFkgulI6OVgJI2Xm0YuXRN1LgXGnc78sJef2JlDBs66iZURuilbnbYrB3CjqLbUOYQQwnLSF6RR1tJeqUVNM4aiMuaq2622KphcyRgPoUajkRJZMVG+OpjMbxum0dRUWWrE0TiGkptTTPpKhzBkYOyKx7KhmiRLsryFXN1s9e6K62jq4mU88udsbnhbs6JGiWMg5XzbaKx1prA8ud4ZPI7L2To/qVtW1sLpg4Ebbrj6rTv0dbT6jKwzXtkPBCePK4EFNc1uz2903xNXZcuUcGzJKBDm7kIeC3BwmgEHklSAAWhZ2hmTgKeQHNwUIgg8LoyDnP5KgpL9HJGaHBzQpEE+ogcYTCNQ+yAD4TtzyhE4bLhoBGchR6mIOeHAb45TYJs4apBIcBkJfQElgLS1RcwMcPM3b7qS1+eyrsGNweztyFMjma9gI/NWBgOkuFwHJSPmGxShY/I9UshCbk58xSZknnhTBMBcj1THIeT6lPJB4V4LS5APw3gKBdqYSweKxvmjOfyU6Q6SmnDwWkbEIq2OXRSwu1Rh2c5XXkAJk4NJUOhP0uyQmtJwSVshLBGU15ohPG8ObkPBC+deubQ+13l1RGzS17sr6emYHDcZC8l+J1jbPFI9kQyMuBXX0VzhNZOdraN8dy7MX0rdjDLG/X6ZXrlHVNqaVkrcHIGd18/0NTJQVAjeDyvWuj7u2aFsTng5G267k45Rk0moxiLNxQz4bocVZNkJwFQxuwchW9HKyRodncchYLUdmt5Jp4CIh9k9/0lZWaEzi45cPK4d0ecEZSV7PBmdK0LrXmVoHZTa6IPic0DkKpopiHGmPOVrpmInHcMnyyUsxssN1dTMd4jy3BByCt7VjQ8bZyqHqWihlpBJp3OQf0Xe8de42pHA8xo1dQ0ePlxjqAe26s4pdTGkDZAudKxsuGDHuuUkgZGIzyO695XPesnw/X1Om9xLGKXTthaC0VhboJws0zBI3VhSS6cHPHuqtWUavGaj47D0W3yCSIPyN1P7FZyy1fljyNu60DnCQBzTsuVdHDPp2invqTYCpB1DCVM7DuUWVuW+qhtJD8HbCwTib08F1TSZGMZypTTqGVVUkmNirJjgfzSZRyaYWDiMrmn3TM44TkDWOx8Zt8DkkkkQ0FOM4UQgBxPqpjxlpUOUHUNlBcxIUgAOyIzdoKZKMlQBEWcaffCrIC6C4kjGiZvHoVcStzhVNZEXPBZsYzkH2RipN5TRYHdcQmO1MDj3T1AlLcJcO66koMRW3WISUxBGSN2j3T6VxkpmuPJAyj1TQWF2OygUcmIyw9iiTwLwSeAR7KJN/qpY3H5KK/wCofdQTZ6I52la70UuTzNyosxxhSsh1Pxu4I4xMkpJEZxyTuodZ/d/+JS9hkKJWf3f5q12Z7iHP/cO+4UKcamBqmz707iobRljj6NytFa4OXf2eZfFBpDoMBeeOOAvR/ikMiF+OAvMZHZGMr0mlea0fn36xrcfLSf7SI1S/XIfYKO5FfuSg6dXsmt4R56PR13ZHg+pBJwiwE6gEEEaq3hk5mzV2M5cPzTESLkFMNyn+ybB2RkKDhGRRWS3yhueSo08mwbhSHYa079lCkPIT4LBz9RLjaAlfkcqBIcnnKk1TvMBnsorAdz6oJmSKHAgA5OFAnkLnjHZS5eOVGawSOWWXaHqOAtHGHO1EZUubDQAOy5HGxkYDdiEPVuUTeEVjLGy9go0mSFIeT6qO4oJy3INJIGxhL8qxpmYAUWGPJGVYxAABLUQLArRgLqYkjEPkLGMlTKSPWQcIMEeSrOkhII2T6objPdJEqmpwGg42+67IQG8p+rSzJPCgzzOLsBOf2mVPka7VJKABsreip9DWkhQ6Cn1kOcFeQsa0AYUPW+K0vxLex0bcYAUyKHIBITIYgSCQpbRgIT0daZxrATgBcrJdfh0ERwXjLsei6ZmRMMjuG7oFFoHjXKc7AHSgGTlhDb5co7RbCwEZ0+vJXl1xrJqh5lkcSXnKtOo72+4Vr4mn+Uw/qVQvk1zYxsApnB5jyGqd0tvpD6ZjjICVaxkBvGFEpYwADhSZHAAYRnCseWPJ5JUKony/QE6oqCyM4KhRnxJGudvndBKQUESnSiOn1HkKpfK6Z+SeUW4VQaPBZuTz7KPTtJOSOUlveaIwwskpseGEqPLKAcYUiXZmMqARlx3S7HgNL9DjumncZXT2yi00JmkEY33WeXQ+MN72o0HRloNZVNm8PUARkfmvoLp+2Q0NM0Rs0lwyVjPh90y2KmikLBthzj6+gXpkEADPpxhKim5ZPsHiNF/B0ka2uWssHUzR00et/PYeqonOfVzHf/0Um7VjJn+FGc6e/uuW+ncBrf3XR01bseDnfUflYeK0rm3yTqSNrGNbjcKyY8HGygty0KRET6LvVr44qKPzRrtRLW6iV8+2ya1+cDKu7bRug0zPGM8AqHa7dkConGB2Cs5H7gN47JkpZRz55zwPqqh2jRHtnlRchu6K7cboOh07wwDYrn33qKPY/TH05f5LURaXAKPXcZjTwNOB9TlqKCghoom4YBt+vuh2q3w0UIwwe+e5Rq6cNGAuHqdS28I/Tvg/AQ0dca0gdZWPjBbG4bhVQe+d+Hd0WUOmdyplJRhpBIXIkz29VEaoqMUMo6LzZc3JKtoKUtIOE+npcYOkKf4YAGG8JMpZClDjIGKMMGMKVoA3zjK5gAbBDfJntwrg3Pgwah7I5OVcvy0Rk9Fj6x092uAjiBIytBdanNKWjlRenac/MeK4YH2XsPFV/HHcz83f+J3mpScqYs19lpG2+jawgayNyFZ08UtbKI427dyo9DRzVDmsYDvyfRaSlp46WMMY3fufVbb5o+DbtyTJNJSR0kYYwb9yjMwByNkJrtiPVcbkd1gk8srIfJTsJierLEkkuZChB5IxyhnlcLsclBccBQgUuaByP1UKoqtR0tH5pznElAdHk5BwoQThr3KQaOMJ4b3TXStaEZDrWBu5IH5rkrgG7uwO6iVVWIj6LIdW9eUFkpneNMGnsM8psKnIZGLk8I0l36httog8aeYavwgdyvH+s/iVWXB76WCqe1nB0lZW6dUXzra6CjsdPNMXbeUZAC23SfwNr5aiOu6ok0t5MLXb/mVoSjVyzQlCtZbMHaaG8dTVboqGCSYu/GN1670f8FRTxsn6imjmLhksAwQt/arHabLE2C3UUcQYMZA3P3KszIQA1Ls1T6iKnanwgVHQUNpjbBRQNY0ADYeikPm2AxygkknJXSMpDm5csz7tzO5zumZ7J6HkIQ0NSSXHODRkqEOncYQHtxyQmzV8MAPiuA/NZK99SmfVTUrcYyCcoox3ELS6dQUtCHhpDyPdYusu1xubiWg47AFSLfZayvHiPBGTwVrbN0rFSubNLz9k3Kj2Qy9o6Wqbg3x52HI7FbK1dM0tMweIwEjgK6DGsGGgAewTZJBEN1Te4g7w4oWhrWhRamqijH8w4UWvubGDEZyVTvqpqk4fwVSh7IS625lxxA5Q2sqKpwzHn80aC3yTOBaMBW9NReEBjGVUpbSAKG1xscJJIxkKyacbBqfFC70Tairo6GPXUvDPuqSyQdg5xhRa650lujL6iYMd2Gd1SXHqSerkFPZcnP8AxMcINP0+6ecVd5ldLId9zsoQ5UX26XkintceIzsXp9H0lSUsjau71Jnl5w45AVyJ6SijDKWJrQBwBhZu9dR0lG5z6ub+Zzp9B2TIwyWlkv5K+hoY9NOwDHYDGFl751nDGHNDy7TwAVj7t1TPXzH5Z7ms/wA1Uai4kuJJKdGpjFDBLuF3q6yQudI7S7tlQNRO55Tzgpr8aTumqGByihuR6hNcRpO4QHE55XMn1TlDKLHkpi5kJmtvqrSwEkOyULWVwDKYqbD2nS4k5JXMlMSUIJNyUkxQvazuo+q4kkoMUcDEklx24xlNCO7HumAH1SxjdxwPdQa69W6gB8athGOPMkylgOEHN4RNwUKaWCnGZpNHuVibp8SXRuLLbC0kbanDIWSr+pLvdHONRUv3PAOAEPymyrRSlzI31266tdu1tjkEjm8fdZK59fXqsZ4cTmQxn+gYJWZEBqXj8RPdXVv6aqqnGoYB9kuTc+DXGiqrllTPU1FW/VNI57j/AFHKl0NlrasgtZpHrha629HU8B8WpZk9gr2KljiaGsY0Y9lEnnkqWohDiBl7X0i8uBqSAB+60VNZbfSEOjhBcO5CmNbhOHKbs4yZLL5y7YxrA3OhuM+iWT6owA0oRByqEuTfZ1NTk1QES4eF1cPChAZ5XF1x3TXOa0ZccBU3gPGTqSjT3GkgGXyjblUdy6zpKVuYHFzh2CTOxRNMKZ2P7UaVzg3dxxhVtZfLZR/31QF5/cerbpVyuc2bS07YVK+pqJ3F0z9SU7f0batHJv7zaXT4g00Ti2hgEh9XBZS49U3y4EtNW5sb+WtUBzQ4jZHipXHBxykylKXZ0I6eulZwQhA9/wBe/wB0RtKBg4wrNlJjHlRPAZHgvaPslPl8jFYlwkV0dMzjTupMdNuNlKdJSRjjSfuhmsY/ywMyQokDKUpM6KfA4wn+Bg9lFM1fIQBHgJ7aOulwXyBoQsHoM58MedbsKO+tpz9KkNtQkAEzySO/qnttdPGQdOVajkjkvRXmqqHnEDMrgjr5dnDZW4ihi2Y0BdErGfU5XgisaKttvqnkZ7o8Vp/7536KS6rGfKEM1eBghUTfNjm26lHfOEdsNGwcAEKAat2cb7rmS/nKkULcifmMZ0kYQzUlu7cbIQilLchdFLUO4ad1bjgjY43CfjOyGat/ccozbdUHsiNtcx5UwUpJEX5gD1SFT7FWLLVEAC4DKKKKEDOkI1HJUrUip8SQ/hKXiSDfSQrMwMGwYkIm5+lDgHeVhlqicfsm66rnwT91bCKMfhTi1voqwTeU5dXdmBLVX/0q1IHqubeqvBas/sis0XA7ZK58tXO3LlZat+EsH1UwGpf2RDipqjOH4wpBihYPo3+6Lg+q4WkjlWU3kjufg4wueJ7IpYcpaCiygQGf8KWf8KJ4Y9EvDHorfJASSI5QqupwdHdLb2hxjkKXtHLglraeHBVplc48lLW7+opTtwNVeSz8Qf1BLxGnbUFWa3f1Fc8Q/wBRQ/MXKrBY+I3+oJeIP6gq7U71XQ455U+YHYWOsf1BL8x+qgh3qV3xPurduC/jJhIxyhkuyd0Hxj7peN6hErclfGGBdnlEyNlGErD2TjM0lXvJsDZwkCcpmoDGTlODhnlWpplyjgKOE9cDm45TchFkE/WNJJJfjo/aAkkklCCSSSUIJPTE9QgkkklCCSSSUIJJJJQgkkklG8CRJJJJT5IPTkJPUIxxGeFS3GndRz/PsB50vA/zV41MljZI0seMh3KvItSwytyJow9pyCMqsrKTXwCDyCOxUqHXSVT6WU7AksPGxUuZjXj6UQS5I9mr5Jmmmndl8ewKuQcrLTl1vrWygYa47q+pqmOpYHxuzn9kRJwJKYnDdNUACh26K04UVGZvjdQprBC6gtMV6oH00jGk4JBxuCvNbVVXDo+9CimeRSyuxh3H5L1xjRhZjrTpeK9UniQsxUReZpCZU+Sv7FzDKyeNssbgWuGRhPXnnRF/q6GvksF0Jzj+WXH07L0MbgEd1sUsGW+HsjXK20N3oZrdcaZk9PO0texwyCF8k/EroCt+F/Uopg4SWaqc40839I/pPvgr7AHKqesekrR1xYKiwXmna+KUZjcRvFJ+F4+y7vhfLPx2oUpfj7OTqtKronw1cqSSy1oudoHlfu9oOzh6K+tl1guUAngPGzmnlpU/qXpW79E3eo6avlPmSDBZJjySsOcOH6cLHTU89iqv4hbsujef5kfsvtvj/IR1sd8Ojzeo03xmumYKmF8T25yF571F07JA50kLcEHPHK3lDXQV9O2pp3Zz9Q/pPolW08VXE5j2jJHK7tdhxtZUrY7WeLXC3Nq4jDUxFp/CccFZt/jW2YU9SCRnyuXqd0thEhgmZjfyuWevFiZUQGGRuSB5XLXF5PH+X8VG2OYozUU2oI7XZVYBNQTmmqWkDPlcpkcg2z3R4PD20uqW0kpw3TW4I5SQ4M0lkSSS6BnuoAdSSSUIGSSSUDEkkkoQSSSWCoQCkjJKFYApJJKAjUk5JQg1JJdaoQRwe6a8bcrqQGUtoYpZAFuCUJ5JBzspWlC8Idgl7EwlYRIqist1VHXUEpjlhOoFpX0n8JvirRdaUjbXcZRFc4wGtaf+IvnNzMptPPU2yriuFvmMM8TtQc3bK4/kPGR1sMPhrpnuPoz6z1H0xqPcq5Plf/dH2hNBxjsmOYSME4Xn3wo+L1F1hALVdy2G4wxk5LtpMf6r0iVuMEBeCtqnRN1zXKP1T43yGn8vp46nTSTi0RcFu+F15EjQMYRDhwG2E3GkgqG9ohyxEbY5QnQ7cKxc0Obwo72EHhWngXKGejIdUdJUd5pnh0TdZHovmr4h/DWssdTJV0kLtGckAL68ezVwqDqPp+kulJIyaEOJB3wtuk1c6JqUTyXnvp2nydTeOT4yobq6ACCqB8pxn0V7DM2Rgew5BWk+IPwrqKLxLlbWFwJyYwNwvOqKvnoZTTztIwcOB7L3Om1sNRBM/On1F9N6jxdrzHg02zsggKFU0ksGZoHEjkjuEWCoEzQ5o2KktORuNl0FLPR5RL9kKluL2OAd2V9S1rZIwRjdUM9AJCXxbH0TaWrfTHw5WkgfsjUsAyiahkbJhvjdV9wtbeYR+adSVYkxp3U5rxIMZxlFkWpSg+DLzQPp3cFPpqqeF4dG8gj0Ku66hEm4aCqWWifE7Onn3TE8DI3Z4Zvel+sfBxFUSOI48x5+y3dPWw1kQfG4fZeCsldG4DHBWmsvVc9vc0Pc7HqCmqz0c3VaHd/qVnqUzAd8KFIHNwccIVqv9Pc2hviN1kKZPGCExSTObtlB/chkNfKxwAOArOnqw/GSN1nKtxicCNkOG7eC8Ak4Vkde7lGza/UMgJx4VXa71TTANcdzxurYHU3UNwVaFSW3sA4blcHCc7lMPARSXSJ2EJGDuELXvnC4MnuhqKBRDv8AaKK80bqeoiGrB0uxuF45fumpaCYxyZIzscL3Jzds5VRd7RBcoTHI0AgHBwkXU56N2k1LpZ883Cj8JwOMBFpKnSA042WwvfT/AIbn09RHjJ8rsLFVVN8rMY/T3XPnW0z0VFyujyW0btYyiPia5uxVVRVuD4Mpx6FWUP3SmOktvKI78wu+kHKTcSNzjClTRNdjZRCx0UhYPoxkKhcZbv8AI2OapoKplXRyGOSM6gQcL6A+G3xNpup6EW6ucGXCJoy0/wDE9Xf5LwN8eW7jZco6iqtdXHW0UhiljOWuBwnV2OLMus0kNVDr7j60D9W+lOIy3lYf4dfESk6ipm0de8R1rBg521e63ZdsduFs+TcjyFlU6Z7JLlGcu9qeHfN0gw5u7mjum0VV8yzRnDm7EK9kI1cLOXegqaSq/idDuD9bPVRrJcZ5MZmu+EPWn+0Fma+a01OY30wJxgnZn2xx+a9U63sdL1nYLf190hUlnUNrYKmgkiP1MGNUDv6sf/KN1nqkUXUVploqmFr2yjDgRktWe6G6iqfhnfj0lfHOltlW4CKZx8o/6HcIVHab5yVuLV/uRWGv2vZ7p8KPiVR9f2IudTGmutBiKup3csfxt7LdMfq7L5365ttx6RvbPi30MY5HYD7jStbkVMP4yf27L2fo7qy3dY2SG92mXxKeXy59HDkfkjjNt4OTqdNF/wCvXxB/+TNQHAjOQu5HqFEBOO6c078qGImLoJyhscNPKeqKCA7crqACc8owIwoQaklkJISBkkklCCSSSUIJJJJQgkkklCCSSSUIJJJJQgkkklCAUkkjwoQbkpi6eUNQhTdW9L03UlEQAG1MYJif6FeTyx1NBUPtl0ixI3y+YbPC91as11l0jT3+lM8IEdZEMxyf6I2Mrbzk8foam79D3YXmwtdJSSO/n0+dh64C9w6Y6noOqrc25W94cw4Dh3a7uCvGBM+KeS21eWVEOzmnbPuFX2u6XL4f3gXS1Eut0pHj044HqQFDVKCmuOz6LXNPuqyy36g6it0VztsofFIN/UH0KsM7FMMbTXZ3I9UwkYTHE5QsP9/1UzkE67uo53RzwgHlGWUvUVrirKbIGHeyzVkq309Q+gmccH6crdTMD8BwyFkOo7TKyoFZSg5YdWyMNSyPutKJoHEDJWPq4WBzoZAC0jcHutjbKwVcOmXBcNiq3qC1MkZ8xA3fPAQyWUaIy2vKPnTqi0VnSN4jqKd2KSckR44B5wr+0XltfCJRjWzGoLWdQWOj6it0ltrWZDjqafQheSUctT07dv4ZW51jyu9HDsVztRp9x9S+kfOShJUTeGj0+krDMME4JWH67sPg4udOzHmy7Cv6asETWvacgjIVhVMhu1vNNI36x+i8/q6MPg+66PVrVUYyef2ypFTTNaXeYDCBdLd83CcAB7TkFClhksV3NPMDp1FoVsZPE4aue0l2Pa3cFD01eDbKk0tSTpJx9lvS5ssYc05BGQsLfba17PmoW6ZBzjurrpC8smpW0lS/zs8oJQDtJY4S+ORLuMJaM4VJUNK2NwpWyREABZispnMy1AaL4Z6KmRoKgyAKylaWnBUGXhUcq9YIrgNwoju6lSKM4chEng5txHl2KiyADf1UqXkKNLwEw5lxHkUWTlSpFGkaSdgrZgtBo7SQUBGVIXB8k6lmIIBV3TedgJKzcb9DgfRX1G8PY3S7tn7KHX0k932kk/y3DAU+mcJI/soMrcNzhct1VpcID3S3yjq1WbGXFPM6GQY7q/oan6TjJws9oI3U6gqdJAPZZpxydnTXfs2FDVasBysCGuYCFnaSXGFdUlSMAY7JUujtU2cD3NxsVHcNDg7CnPLXDIG6juYHjB2SW+TYpZBtcHDHdOa3V5XKPvDPnsEd380BzdlWSbskacuoZBNHwTuOxV1SyMqomytxgjsq1wEkZjlGfRR6OokoKnw9R8Nx4Kj6DhPbwW00eg5wi01Yad2WtyPTKIWiZuc8jIUN8bojuEmSNcJ4Ndba0zRg7ZVs2UNaM75WDoK6WCVpB27rU0ldHO0YckSibqrs9lrsTsMJ3hnGQEKMgbqRDIAcEJE1k3RbZ3S2Vmlw3XKKqfBKaeXf0JRnwuaBKzhCngZOzxYxhw/XKCSyGWgfnsqvqCxU94pHNewE4TrbWGYGKQ+ZqskEkymuDyOmqbh0ncvDfq8AuwD2wvQYKmlulK2eJwJcPNj1XOounqe607iIxrwsFbbnVdPV5pZXO8IOxgpkZYWBL4ZfdQWqMxmXRhw7hZgs07r0iM09zoxIzDw4ZI9FkbzaX00jpI2+Qos55BkkilPn57KdY7u+1VrZNbtGcEZ2VfLlnAQhJnbCTbUpoKu11s+gulb/AB3emDPEDnNGRur5uy+f+mL9VWmsaY5iG59V7fY7sy60jZQRqxvhcTU6ZxZ06b1NcloH47I0MmSBhRcD1RIwByVzJRx2bMkt4GlB4yURrge6TmjshwPi/wBiEm+McpksZJBaF1qKMd0ALWGMZIWOAPdWUTg5gVZIwZBHZFgnPCAXJZLAjKbGSwgALjJNQzjlOe3UEoTgOHEgHKI1QopNIEbuQpDHIiiRkeoXHEaTuEHJ9Usn1S8AYOnlLJXElZYw78pJJK12EyBdabxIxK0eZirYpQQMD7q/e0OGDwVnZozR1jo3HyPOQtNbDHzjOMhZzqi1NrqJ4awF2CtFLl2/socpDtiOFvpt2NMGyvesHzh1BZ3gSNxplgeT9whdI3N9LXNa+Q4ccAZ2W869too641DI/JJnPuF5veKb5CVtTAC1r99u3uvTaeXy17meY1EXRdx6PbqCpdJAC859Fb0M4BxtuvPeir0Lhb2MdJl7Bg78rXxl2BjKTdX7O5p71OCZqYpCWg8hG1bFqgW2QS04ycYUxzs4Kwzjl8G+H3D0kkkK4GAntDmkFZubNLXanN8pPK0+24yqe704MJcG77p8XgBoHUNEjA4ceqgVcLaiB8T8HI29ipNvldNS4d2GEwx4PK6OjuxYjDrK99bR5N1TRmjqCNOM5VDSvJeFtuurfNq8fHlBKwjZPBeA4L6F4+35Ksnw/wCodL8WoyWzTxkqXG7DRj0VaHamNdlTqcnSDnK6DWTi6exwmmai0VJ+XGOQtZbZi+naXDdYG11JhnDTu122Fr7bXjUIiNlzdRXzk+g+H1jnFRkXmM7FQqiMNnJAUtrtQzhCqGB7C5vI5XOmsM9NkbA7S4bqwikJACpIpXat1Z0su2CkDYT5Jw3GPVN3aQUm7YI3TsgjcJczXB8ZHagnoSJqB7oR6eQaFO0YwiocozhQoBH5WBp5XH/SurkvAUF9keblRZWggnG5BClSg8qO5GDhMBAct8Pu1FAwofiGCr1uPkf5SPdTS4YUFjEk08rigzIycgtOPRV0WWyEdsqc76SoTgA8qdi5PCJbD5TuotRyEQHHdCn7IzNa8kWodjBPCkMOqna7sVErwTASOykUDg6naM8IzHJ/cDJOojKh139wfupGcTyKPW/3P5hWuwLOiKTmiOeVDi7gnkYUiM6ov9FEOQ/HutNZz7lk8++KTcUzXAcLyiR3l5XrnxSA+TBXj0pOF6HSf7Z8G+tF/wD5LP8AYG/uuDhInCamSWTyo1u7gpNN/fBR2fUFJh9UcVkbW8SyT9g3bhciOHD802MFyK3Yq0sG5tPomQu8uMIjtxsgMdtwnySaRjCZFAznsWRkjsbZUWU8pSuLnAoEjsjcpsntRzbJb5ZI1SSSB6prcaU9+C5MkOGhZpyyEotckad+Dgd0qVhznCZKS94wFLpo8NSoLMsjG8IfnAwhP4RTyhPIIxndSTywIgnHlR2kl59k+c+hToGHIyEDDbwSIG7DbdSRn8kOIcZRwBhRGebydHunwjJGEFSqdupwKZCORbeCdSxAkbK1gYBghQ6WMgbqaTpYQtlcdqMNrcmDrZNGA1R6aN0kgON0pT4jwArG3whoGRygseToeN0vz2ZwSqSAMaMNx+asYYycbIUMXGArCKPAGyo9xRTs4HMbjCbLIAMIsgDG8qsq5t/KVDU2ooTgaycRZOgbn0VR1XdzTsbbKSQM8vnVrLPHbaGSpfgOIJG/dec3CsdVVL6h7iS4k/kqbwcbyOolBbYkSd4aSc5POfVKjaXOBPdRXudLKAArGlYGt3CB/cedm2+WSIxhcdk5ycJa8HhCq5QyMkcqNmdRyyJW1Ae7w2HPqukNigy8gHCiQND6jLhtnKJcJBkRD7pT7NCjgiP/AJj9WOVLhGGoUTNskIhIAUbwHnPByU9sqJ3JRJ3b7HhDWabyx0F6HFabomyPuNcJ3xkxMOfufRZ2njM87YQN3L3H4e9PNgp4m6dOwJOP1Sp8np/pnxv8vVfK/wAYm46dt7aSjYxrcF2NlOutU+lp/DiIbq5PchSYWNgj4+kbLJ3Otmqap2t+QDgAHYJ1MOT6Tfdthv8A0cgzPO1rQdzuryNrY2huBt7qJbqN8TPFe3dw2Ul4zhdzS1qKyfCPrXyb1t/x+kSGO1bBWtrpjKdZaRjhV1tpZKmTQwccla6kp208TW6RlaZzUT57CqVs9sUEjY4MwE5jRnzbIucD2UaVxJGkLBqNRJRaR6jxP01PWXqOBk0mSIowSTsMK4ttsMMbXSuBceyFaaNriZ5W8bDKtnyNY3C4l17fB+kPpf6ajoaoxSByyiJukKvne6Up88xe7ASgYQQ4jK51luT6LRR8R2npnPI8quaKj04dxslRUpa0FzRvwp8TNJ4WSVhowjrIw0ImBynAAjdNdsECnkRbwgcrxwFEmkAGdl2eUNKhyVAz7ZWzQ1OViPIfUPkoaLTy3PAGocJCQTsFKsemSbSwg7jhZK+3NzZzBA/Tq5K03w+pJ56kVMpOk7DPfC9tRXsrPyL9XeQeu1MpJnqVthEFOD3IUpj9R4QI2kbDgI8Yws97eTxMeIhhwjAAcII4RlnIh6SYkjCEhl7h3XENx2UIOfJqKa77oWrcp4OVCHNPuuEAb5XS72QXS4znsijFyIOLxwVS3S6xUWtz34A4Wb+IHxY6X6IozLcawCbfEY+p2OcevIXjLar4l/G+vdFboHWyzEkOkftrB/QnhaoVY5Zsp0kpffY8RNL118dqSGpNp6caLhONiBtv991X9M/CHqzruqbeetJ300Mv1UxBa7Hod16P8PPgx0/0NSNdJDHVVhOp0rm9/sV6JHhuw7K5WwjwiTvhDinr9ld0v0bYel6RlLa6GKMRjAdp3++VePAA2chtOAutz6pTe/kzN57BkO1Y7IoGQlgJHdJwULIXUP8ANOJBCsE6SMcqOXOyd0nE6sAlcIxyVAghOAT6Krud4hoWFzsE9t1Hu98ETTTwHLj6KkZQz3F2qozjscokiEWtnrLpKJGg47DKtLV0tu2pqnfYYV3bbLDTlpeAQ0fqrV7AcDCuUsLghEgp4afAiYBhSmuwOEKSZkfJVXX3MEaYnfdUk5MhOq7jHEDjGeypqu5zSt0djzuoc9Q+R3mO6JT0ckxBxsU3bjkg1uqQ4GSVZ0FtLMSSDdw2HojUluYwA6VbRwtawOLgB6qSljhEI8FPpBAGEcBseXSHAHqgVt0pKCPUxwc7sMrPyyXe7TB0kmiI9gEmS3ELC5dSRxNdT23+ZMeCqmK2XC5Hxry/DHcNVrR2ynpIwSwF3rhcrrpTUkWoybt7I4ZLDU0VHRRaaeFoAG50quut6o6ON0kk+D6LLXvruQf7vQ4P9RWQrLhV18pkqZNXoPRPhVu5CjHJe3frmeYOjo2lvbUVlZKioqpDLUSue49yU5zVzT7rRCKQ+MBuAOAu5wuJrnAjAKckH0OLtjuglzj3XCd+UxVjJXY4kY5Qjylk+qYmdESydyUwuIXdQHdDVDoxCEjB3CCeUsn1TFQwSSSSgMF7GJiem4PoVeUhuEOS91ErbpR2+MyVUmj0HqsheviVHBGYrdEHE7EuGUMp7ejRCic3hG2lmbFguIA7krNXvri0W9xYyUveP6V5rcOpb3cnEyVjw09gcBVh1SHzHJ9Un5OTbDQRfMzUXT4hXKsa6KDLR6rMPqKmqkL53k6vVTbfap6p48Nh/Raq2dEySgGfbPsqktw1fDQjHQUU9QQ2Fmcq9tnSFfUuxNiNvqV6BbbBQ0DAGU7dY7kKY+IbYaFFHAm3XJ8QKOg6UtlJG1vhhzh3wrNtC1jQGAABSdBTgOUaSRklfKfZHMZ4x+6bhvojmIHfC4oLyA04S0+6IkjINTTpC6e6bk5OAUMpYJjI3V7JYKWQ3c7YUSpuVPAMlwJ+6W5pFqLl0TC4KNNO0buIGFRXTqiGEYjeB+ayF06ufLkNef1SXckaqdJZM2twvtFSjzyb49VmLn1k2TMbX4HY5WPrLhXVT/LuCmx0xk3kbzylTuzwdSvQqKzIm116mqXjw58j7qG4SS775KkU9LSsGfDBK6HFhHhx7rO5NmqvFXCAtoatxBEakR24sGqVw+yJC+5S4DAAEdtsncfEnmO/ZWXKxPsBpoIxguyUhUMBxC0nCnstlGMGRuSFIZFRRDaPjhGIc16eSpBrX40MwPUp7LdUy7yO2PKtXyjYMYMBM8Z/ogK+RvrgiC2U4cDJ5j3RvApogNDQEneM8gRsyuGiqpB9OB91aeCbpe2dD42jAwmOqGNyS5O/h8rTiU8ojLXTEZdkqSaZXyRfsr5rjpOIufugfN1TuCSrxttoWbiHJCK2CnafLCAhL+RfozjYq6U6sO3R2W+qfjVk/daAeGBgAD8k0DKjiT5cFQy01DgEYWotIEitGu0jBKa8HOcoQfkm1hENlthG+EUUkTOGj9EbV7JFx7IlLAvLbBCBjcYHCfp900vIXC4kYV7wsPAXV/iSLtvqyo5JJzlLJ9VN4ttoKZHcZyua8b4ymaCuHS3lwCremH2O8bB4XHT7fShGppgcGUfquGqpsf3wQuXIza2IzEuwRunAl2yAaqmH/FCEbrSRDzPU3EUJPomYKWnPKrXXynzsMrn8cg9P3U3BfDYWmgc90s47Kp/jkB4H7pC9A8S/spuLVVhbZPoln2VN/Gf/AKL+yX8a/wDov7KsoNaabLfT7JafZU38YceJR+iX8VmPBUcsF/xpottAPZLQP6VTG6VBXP4pPjGcKby1VJdlwWYae6pqiCokkJDNk0185OfF/ZMNbOTu/IQSluDjBoXyVR/SP1ThR1GPo/dc+aPOTlc+dqBsH7IcZC2sf8lUf0fuu/w+p9E35yo/7xL5io/7xLGBW26ffOF02+Yeii+LKSSZHb+6XiSf1u/VAhaWWSPkqj2/VL5Gf2/VRS6f+t36pAzD8bv1RtpjNhM+Qm9kP5Wb+kIOuYf8R36rvizj/iFALawH+Sn/AKUvk5huRsg/Mzf1ldFTNnd5UzgiTD+G4bFLS4dk0T5G6c2XfhWp4KfPYRrnkJYf6p4wQu+VPjPIJ+sySSS/IJ+zRJJJKEEkkkoQSSSShB6SSShBJJJKEEkkkoQSSSSgkSSSSAgkkklZB661uo4yuJA4OUAqSwAudu+bhD2bSM3BHKh0sxewB31s8rvuFdNdhUtzo5Y6g19IP/pjPUKm8EjLAy5QMqYQzG4OQq621DqCrEMmdEnl+xVzTuZKwPxkEZVddbY9wNRENweB290SeRvaL1pBGcpyobJXyPJpZz527tPqrtrkwGUcCTo01djUADtc4kDKeQCOUFPBJVp45Kf7MV1r0qJh/EqBvh1Efmy3Y7LvQ/VDrlTmirSPmIfKcnBOFs3xtmYWPGQV5p1j01WWesF8suWSNOp7G8OH/VOhZnsGS38M9GBJGcYRFn+kOp4OoLcxz3BtSzyvYedlf5C0RkpLkw214lgyHxP+H9u6/sTonta260rSaGUjYuP4X+rdhsvlC42ya01s9quDGCaElsjAc49Mr7e0hx37LzP42fCuPqu1m/WaPVdKVpL2E7zt9B6EYXtfpzzc9Hcqpv7GcnV6Tej5MAqbBWfM04L6OQ/zGDstBDPFVwiaF4LHjIx2QnCISOo5WgtxpyqJslV03VeDIC+mlcS1w4GV9p02orvgpxPMayh1vBZ3SgNZAdB87Nx7rLuOXmnqG6XA4BIW1bI2RgkYQQ4AghUF7tb5CaqAZI3LV0os4Gqi1HODL3uwU1ypizQA8btcPVYWSCottQaWqB2OGu9V6RBV5PhTbH3UW8WOC5RkbNf2cnxljs8nr9BDWR+Sjv8ARimS7AnCNqBPIUetoJ6GoME4ILTsexHquxkjA9Fc3no8dbXOmbhNYZIThumA7LqWJkmxySakoAORkFGUCQkkkhyoWdA7p2NsroHddUKbBkei5gomAlgKEyDSRNPuuEY7qEyRkkbBSwVCYApIyShMEdJOSUBGrh4XV1qAMAQMoZAcNwjpuCltZLj9uCHE+otldHcbdO6CZh1AtK+j/hb8WqXqyjjtdzeIq6IafMfqXzvJGHdsoEMtXQVUdXRyuikjOWuBXG8n43+ZD7Vyj3n0f9Z6j6ZvxzKuT5T9f3/6H2jJ9WwwlvwV558L/ijT9V0rLbdZWsucYwXOOPFHt7r0VudS8NdVKibhPtH6l8Z5PT+W08dTppJxayIN0pOY14xwibEIWC0/dKOqkmAki0dlGkibM3S4YVmA1w3GSQgT0xaRpCYngTbXkyN9sDZYnamBzXDfZeCfEb4YOL5Ljb4tLhu4Acr6cnaXDThUl1s0dVTuD2BzT7cLoaXWvTvg815zwdXlKtlh8VQ1NVaaowVQcG5wWu/0V/DOyZgkjOoFeo/Ef4YU91pHPpIRHUx5c1zRjK8Rk+f6aqjRV0btjjcY2XrPH+Rje8T4Pzp9RfS9/i7XOK+z9mmYdtwo9VSidvlOHA5yh0lZHVNbJGQR/kpQdldn/B419la2pnpJAzjdXNFXGQNJ3KizwRStOtozjlVvgzUztUMjseimQHXuNfFKJAGuCZV0bS3LQqKjuk7XBr8fkr6lrRI0a+6KMsiJQcXwU9TRlrstbwomXxnLhwtU6GOQHYHIVbVW/Tu0JrDjZxyRaC6TUUjXsc5hz2K21n6sZWSNindv6rz2phLXDCGyeanI8J+FIzaYu6mNyPYJpBO3YfZUda10ZKpbF1d4IENc1xZxqC1PiU9bCJIwHNcMgjdNTyYJ0SqeMFVBXzU7/KcbrU2jqtrw2nkcPuVlq2lDCSBhV5c6GQOacEJqA+KM1yeuwTxT/Q8OKI5uQRlebWrqWaglBk1Fvstta73T3Fox5XHsSjMtlO18EuUeZNcjSDIBCjvGMJhnOphwRglI8IZJzyqayWnhkG52qC4xeHI0Z7HC8r6j6ejiqZP5ZBBXseoeqqb3ZYLlEXNaBIBz6rLbUdLS6twZ4JW0JicQARjun0FYR/JmO/AJWsvljfC9zXMIwslV0L43khh23WGcGnwdyvUK1cloyTUcLs0WW5xvjZQaCpaCA8nPG6s86hhILlwQYJXuIp5fqHPsjSwB2C3CU0Xm1tG4Shl1eUjhQieRlLWVVqqo6uke5kjDkEFe9/DzrqPqWi+WnIFVC0age49V4NKwOwcJ9ur66z1sddQSmOSM52PI9CnVzaZl1WlhqIPK5PqjVnfGEGdusYxyst0R11SdSUjYpntZVMAD2k8latztuFrjJNHkbap0WYkjMXKgrLY83G2O8ucyx45Hsot5oLb1badLhrcG6muGzo3LUTZJAIVBXUElomNxtzCWPOZYhx9wEQ6Da+5dj/hj1nLSvl6E6pOrw9TKcvOS48YXYair+BnWEV0t0pHSV7qCysZvikm7hvod+e+FUdQWWn6ipWXK3nw6qHzBzdiD6K+6M6upOtbNL0r1M8mRzSydh2Mvo/Pqq65XZpbgpN4+19/+579brlRXWiiuFBUMmgmaHMe05BBUkEcgr5x6A6mrPhZ1Qzoa/T6rDXv/ANzqpH+WLfj9wvoaI7c8IYy3cPs42p0/wS46fRLa8ghSGyDHb9VXiTdGZICjMxKXclMYcjlOVECAnO5TwRhAT1CBcj1SQATnlGBGFCBEkHISQkDJJJKEEkgpKEEkkkoQSSSShBJJJKEEmpyaoQYkkkoQYnM+oH0TUs43ULTwYz4hdCC7g3q2sDKuMZIb+IBeYOLsup6mPDm+V7HBfQYnzsRssJ150X86DdrVGBK0ZkYB9Q9kZoqt5MH0zfarou4+NSuc+3Tn+ZFyG+4HZe2W+40dzo2VtHM17JADzwfRfPj3E6mO7HcLQdF9UusdX8vUuc6lmOMZ+g+v2TArYb+Ue0EjPK4cY2QIpYZ6dk8E2sO3yCu5PqVWMmVrDwzh52TDwnpmQmFAJBuo9S3xIzHpzlS3hR/VGWjBziSz3F5wfDcc49FdRTR1UWpp1NcFJvFtiqskjBws/b530Mr6aUbAkDKg2JU3+2MpJzNG3DXcrzT4idJC+0kdxszmfxCk1EDH1tOMj9gvcayGCqjLHgEELF3W2i2VOss/kv5cOyCcFJHQ0urnp5qyHZ4j01fRVRmik2ljG4PI9QtfR1gi0tf9JOB7FZ74kdIPs9aerLK0NpHgGoYwfT/i/wCqdZL1TXakY1r8P0jnv7rkavTez7b9K/USshHcyf1vYvm6VtxhxqYNyFm7NWNqWGKTZ7Nit5bZRVQPt9SMnTgZ7rz++UMlmuutrS1hd6Lz19Liz6hVqIWRUovssJoQ7y4yCs5V0tTaqv5iEnQ52duy08b2zxNkacgjKFV07K6AwkYO+CkYNce9xdWa6QXaia0O/msbgg91EutKWncbHdZe0V0louAjfkAO0lb5wirIA44IeMg+iWaoWfIsMxVVHg7BV0zMZV9cKYwzPYRt2VLPGQ7KAw6mJXVAxhRnHIU2UHZRy0gIoxyce9EOXnZRZeApUg3Ud4zhGjmXEN/KFIAQpEiiSkjgqzn2oCWjPKJH3Qng5CTSPVD0Ii8MmN2U+3VHgzBpPlOyrWozXEbjsqlHJu08pRllGrIEjBjuFXNkNPV5x9Ck26UyQsa7kjZMrYcO8Ro55VHbjLK3F9A9tRAJB6LsLvBkyeFU2ir8LFO7fKuHMyEtxyjpUT+3Jc0NS14AB3VxDIWEEbrJUc/hyDZaGmnDmjHdZZrDOtprs8Mu4ajUBkooI7FVbH5UqKXYAoDpQtwPnjBGeSh00mkiJ4wpBOobhRauFz264uWpc+x/ZKkjxwos0IkaNt06hqnTAxSfU39wpDmqm2y08DLbXGM/LzOOM4HsrSZglaFSTwZ/mM2I5U22VbpWmGR27eEHY+FgQt8N2yn26sMZ+yjPZq3CjeKY3cJUo7jTXPDNtQ1fijdwU8OwM4zhZC23DSQCcLTUVW2ZoCzOODqU3L2XNJUCWMsPICcGYJ2xlQ4z4ZDgpjJw4DI3SZ5XRvg0ysuNJLTk1NPkjkgchSrVd2VYEUpAeNvupxaHAgjIKzd1oJaGb5ukBwTkgId+eCSNW0aiAqDrDpOC5U5qqaMCdoycDGVMsN6hqmiKZwD+Ar4uDhsiRnksnlXT11qKCp+UleQAcYK18sMFwgJaAcjcKv6y6WE2blbW6Zm+ZzW9/dVnTd4e4CKeQB7DpOf9UeUDjJV3i1S0criRlhOxVO5ukZBXp1XSQXCAgtBJG4WJu1okopHFrToKsU1kphIS4ADBWy6L6rqLbUMhnlPh8DdY/QM5T2vLHBwOCFnuqU0MqscGfR9vuENwhbNC4OBG6mZJXkHQnVslHMKeeU6CQN165FI2aNsrDlrhkLg6ijDOzTZvRIiJzyju4CiRfUFIHZYmsGocRhdBSHCadkqSyEEIyCEFhdE/OEYOBOyUjA4DGyAjJEE22McqU12oZCqg7wyPRTY34AKAU0Hlj3BA3TmHB0k7hdbugyNLZdQ7qAEsbpITHAt5TkIGcD0kxJQrIkkklChKmvUJJE4bsNlcoFXEJIHMO+QmxeBpQwu1s3O+FGnGCusd4cro/RPl3wR3WusMyXWtrFbbnODMubkheRXClbV0kkGnL49179WwMqqd8bhyMLxe70jbVepYj9Dz6L0Ggt+3acTydHc0Znom6OobmaaR2kZxgr2agmbPEDnfC8FvsL7ddW1kI0tLs7L1fo+6iroYna8kAAroXRyjm+P1LT+ORtLfM6Or0avKW91ctdqGVQ5GWytVxSSh8IcfsubOOGempnkljye+U0jTsu/X7YSyHHB2ISJLJrGtJ3yotY0Sx6COVMe4ABR5cO3wiiFNcGfpZDT1b4H7NcdgpEzRqICDdY/Dc2dgwco589O2QjfAWiqe3kyThuRR3+lbVUT2aNRAJXjt0h8GoczGNyN17rURCRuPbC8e6yoH09doeMeY7r2/htT9qiz5b9W6HCdpAidqpAAclGoKt3jeHK7O2Aq+ieNJhJ4Tg8xybheqi8o+aSs2GqpZG+IDlaeikAbrByQsLRTHDXglaq2VOtpzzss99e49V4XWYwbSnnEkDfVEAJjdk9iqWiqnNw08K3ZLrZpAXJurwz3tFvyRyRDhhHupFNJuMKJVZa8HCLDJsMBY5vbwPrkslxFLsNkQ7nKgQy8DClg5GUp8nQraHruojuuZCSAbCWOBLjhkLqR4UGADyuLp5TX/AElQWMdjB+yiHlGeTkjKGjFylgrblEdIewfT5inxymVoxxhSp4xIwtI5BCrqR2lroyPpk0/kr6AcsElJOyACMoR5VhJ5OHg/ZQ3gh2/qpSDINwhFME4kEAFceCW5PYJkhAqDvsiuw6MJsVkzTlgiTtD6Rx7nsh21xMGHdkR24x2QqUgHCsRnLyOkyZXOCjV5HgYz3UyXDSNuVX1YJHKtdgWkSE4djthCkAMuR3TovqP2Qnc/mnROdf2YL4r/APYmn0Xjx4Xr/wAWtrS4+hC8cZwvR6R5qPhX1tHb5H/oNIySlp90mpyJtpnkQKlQ8oLVJh5CfAZ+LJkWBjKfq9FGc44C7u7umD/l2omtI33CZLKcgAKNG4t7koziHc9kcUZ53blg5vuSocpJ2ypbnABQ5iByVLFxgTFZYJuTK0E+qHVOAAGQjacAnPCgzyefCyz4H54HwNLn7qc0YCj0rRjOFJUgsIqTyDPBUZ5IBClHhRXO52RNIFcANy5TYGAAOUaMZcpzG6WjZL7CsnxgIABwkkkrQo7G3zcq0ootwoMERc4EK5pYtIGybXHBltlglMYGszlR6ud2khpx64RnvDGkKBE4yTY9SnN4FU1u6aiTaGF0zQ9w7q5gi06QNsKPRw6GDy4VlTx6nDbhAe20OmjTHESTTN2zhSwRjGFyGMBuccdlGqpwwacKHVX2obW1Bj2aokY1EOdgpOJmIJUO918Vut75TtIdmlU3gz33KEHN+ii6svBmm+Rhd5WDfdZedxGBzlKeoc95keS5zt8lBDy47hLlLJ5fUXO2beQkLMODiN1Pbs0YUaMYwcKcz6AoYpSyDKrayo1O0N3HcqbVTMibku39FXQtBfkoLGFBBomNYwP4KiOJknLjujzPAbpaMfmh08e+4UHpcB426R9kGbcYyjuIaD9lBlcMnzJNjwXFDXuP3TQckhcB1HdSaKkkrahtPH+Luky6NFVUrpKEe2ar4f8AT8lzr2zvjzG1223K+hbRb20lLHGGYJ3+yyPw+6ejt9DC5zOG5K3ocIYHTEbN4S4J55PrniNHHQ6WNS7ayyD1BcBS0piY7EjxpHsqK10T6jzOHB59U2tmkuNf6guwFo7fTNpoWt0jJ5XQoRzvO6qVVeyIYR4iGRuBhAp6WWqnETBydz6Ke9oc0ADnsri3UEVLE06PMdySunGexYPinlqZX3/ashaG3R0kTWRt37n1U76QuMeAM43QpZQ/bhKtsyd3w305JNSmuwjpuwGcotBE6WYZCi08L5ZMN/M+ivaaBsYGBuO65OpvxmJ9r+mfpyFCVskHawQs0tI2USolc7yp00uDgEpjYzJg4XGssZ9JogoLhDYoy9+4VrRU+CDp7IFNARjyq2poCADpWSU8mnDYeFgDQCEdoAGyY3bbC644GUqSz0TrseThRp5ARjbZcnqBwq6ep24TIVOXRyvIaqGlhukxlZPoJwQcBVNTVubE6TH0o9S8vduVn7xWlsogjdwMuXqfG6PG1tH57+uvqSNu6EZFc/xayr1YJL3YC9N6JNQx8dJTszpIJOeFhen7dVXasbT0seTnzO7AL3Dp2w09opGsjaDIQNbu+V27bNqwj4DqbPkZbBvGQiNGAkBhdWGctzMQ9JJcyEsgZI8Jqa/6SjIMfyUIlOJyUlCA9PunNTts7lZbrr4i9O/Dm2SXXqKo8Nv/AAYm7vmP+EJkIbi4pye2PLL643KktlOaisl8Nnqvn7rv4/3O7VbumfhpSmurnkjxyBox2x+6z9bcfiL8f7i507pLT045+ktLMah98jK9n6E+GvTPQ9KyntULy5o/vc+bPrlaklWsmxKrS/7jzL9ev+p570J8AHV80fU/xLraq4179zDIcNH77L3G20VPbqZlLSQtZGwYAAwpEbC4ZwfzRI4yDu390iy3PCMd18rvy/7ehxBOEmtdqzhGa0YXcBIEc4wIcLq5kJZCMYdXDg7ZSJHCZj3UCOY90wkt3J/JLOk7u4UCsuMcWxGeytLJCTPWR07C55CoKy4y1Mp0vIah1L6mrkLmklvorG3WbU0ST7E9sJiwkQh0dvFbKC9mcclaCmt0FOQ5ozhEgpo4RpY1Ge8Rt1HhLk89EO4DRsoVXcYoGkOwSolwuunyxOVNNUPqXeZFGO7shKq7j4hIbwVAw95yByitoZ5XtLRsreltoLWhzQEz8CEKjtglAfMMHsFd0lEIhhqdII4Gtc4Ywok15x5KcAke6pveQm1U0NHGZJDx29VTXC8VFWzwKOMtjThTV1wlL5dm9vZTGU9NRNHikDA9EDzksr6CzulLaiqJOOAVZTOpqZuHPawBUN360o6EllM/WRtsvP7p1JcLjK7VM4NzwCmwg3yWo5Nje+tKalcY6ZxeRtssNcb1X18ji+ZwY7sCopJcS5xyfUpp0n8X7J6rGKOBo9+Usj1XCRhBJOeUa4CjHIQkY5Qzylk+qCjGdCTclcTUaWSJZEmJISJvAaWRyanJqhXQ3JXEjsubnhRvA0Gkl3wk4tb9RAAQuWA0s9CSO25OAqO69Y2e2Fwkl1EdvVYS8fECurpJI6EOii/DlL3mqrSTnyz0G59S2q2BwqJwCOPdYm8/Eeol1R2suYQdnkLFVFTUVMhkqZnPcfUrkUbnnyjKjbZ0IaSFazIkVlzuVxkMtXUySOPq7ZRmQul4BWjtXS9fXNY7wtIO5z2C19r6Tgo2h8haXfZVyX/Jqo4iYKg6ar6pglZESO4IWrtvRUEZbNVhpOOFq4IGQN0MAA9giaCqSMlusnZ10QaehpqYBsMLGgegUsAjG3C6GHKJpGB2RiJScuxNJxuu4ynNXVBLA4C7jCS4eFAhFDPKRO64S3G5wFA1yLI9Vx24Iyo1RW0tMMum4Hqs7ceraaIkRPO3uglNIaqJy6RopXCI6ncKtq77FTNJY8ZCx1z6xdL5YyTn3WfqbrVVWcuwPuk2Wm2nRTfMjWXfrAfQH8+hWTuPUNRM4+G4791CdHJK7URlcZbpZDkHCTKbkdCuiFfojvmqKg6pXk/muMjcThrc4VlHbgCA79VKbFBBp0R7oJLI7hdFZFTVJ2bDj3UuK3VDjmeQBv2Vg2QFuzcYQy4uPKAGU2wbKaihPmdkorZKYY8NiZ4WoglObHx2VpAuX7HESE5iaF0GU/W5Ebwlpz2RdgbsjcOPK54WXZJRMH0KWh39JVZBOhjcYylho30rukD8ab4jBy4D81TaRGmxzZdGzW7IniucM4QfGpxuZQCEN1ZTD/iD9ULmkH8cn6D6yTuiBmRnKhm5UrfxgY90N17oAMGVV8iB+Of6LEjOxeuaB/Uqh17oyciTOPdDN/pSOTt7qfIH8Nn6Lvn8YXQ3HdZ53UNMAcZyFEPUpzs84+yp2F/BZ+jWac8H9lzSP61k39TvDfLkqP8A7SSnOdSBzGx0036NmQB+MIRmaO+fzWMnvkzuJHfqo/8AEap+f5hVfIH/ABJG6+cjAyXDCC660n/eDZYf5urLt5SneM4D7oPkDWk/ZrzeKQfjQnX6mH04z91l2vTQMKnYGtLF/kaN1/IO2MfdMlvkMselsWXnkuCoMlLJ9UG4L+NCPKRJll8R5dnCa07/AFFCSV5ZahFeiS1wI3P7peUqPk+qWT6qZZW1eguB2ASx9kLJ9Usn1U+UskANG+yWx4wo+T6pZPqUMrMkXYbGFzA9AU1yQIzwpGxoNrIg05zhGD8BMy3HG6bnJVue5g7Q2cpJrCnI+ymdyVxJJVgrA9JMSUwTA9JJJWWJPHKYnjlCgAjQMcJYHokD2XURZzAXDjGy6eEEh2VTeCjrjgEhAdORvjCkYPom+E3u390Eo5CTS7I38QiDsEo0dwgdgA7p5pqdw3jCC6207s7EJeGnkpuL6JsVUHNy3cFGZISAccqlNuqGu/lzHT6ZTdNXGdJL9vdVva4KVal0z9hkkkl+TT9hiSSSUIOT0JOUCTyJPSTFCxJ6SYoQekkkoQSSSShBJJJKEEkkkhEiSSSUIJPTE9UUxZTiARg8FNTwcKmsiymLH2+pLHbxSElp9PZTGt8VSqimiqIzG9ufQ+hVXSTPjldTSnBbwT3CHoKMuSquFNJS1JljyCDkEK4ttZ81AC4jW3YolXTNqIycb4WfaZ7bUGSPOnO49kSeRje5GqXWqHR1cdVGHsdnPI9FKDtjsmCnwPyPVdQd85RRuFCg0ZG+6ZVUsVXE6GZoIcMfZDGRyUQyjsFa7KZ5BeaW6fD++fxCMudRTPy7SOxK9Rs9zorxQRV1HOHteNx3aVy8WyC80MlDUsa5jwRuM4Xm1qqK/wCHV7db7kHPtc7tMUg4Zk7ZT4ywLlFSPWQcHIKedxpzsodNOyojbLG7Ux4DmuHBCls5wtldm3lGK6rJ4H8a/hc+3um6xsdKH031VbGjzNJ/F/mvGJYqesidT1LAWuGxI7r7ikjjmjfDNE2SKVpa9jhkOHoV8u/GD4Zv6KuJudC7NqrHFtOwDaE86F9N+k/qLGNPqH/g4es0m/o8khmqLPVfK1Gp1O4+Rx7K0lI0ZHBC5LFFWReDMATjYqtp6mWimFHV50ZxG8/5L6xTYpI8vqtMoPDKe8WmXDp4eQckeqhUtfhvhzZBBwtrU0zXxgH/AOasdc7VLFO6QNwCdsLb9slyeR1tFlFm+oZcbfSXanMchGRu1w5CxtwtNTbX5f5ozw4LTsfNE7G4IUwRRXGB0c7AR32QtbWc7UaWrXQw1if7MIxxxuig5VtdunXUgM0GSz/JUp1MOCCqPI6rSWaWe2QVJNDwU5QwYHJJqShRISHKZH3T1Awg4XUIcogIwoC0dSSSUKEkkkoQ5gJEDC6koXkGR6LmCiYCRAwoXkGkukei5gqFgUkklABqaQMJySANgiN8IL2ghSE0tJSZRa6CjPaQ4Zqy31UdbQzGOWI5aQcL6U+F/wAS4OrrcaOvkDK+laNQJ3cPX/5fVfOLmZ4XKKpr7XXQ3G31ToJoDlpHf2K5PkdFHWQw+z3P0X9Zaj6Z1HOZVyeGv/Y+y2SZeEc6XgYIXm/w0+J1F1dStoa9zYblGMOBP1+4W8MnhleH1FEtPPZPs/VXjPJ6fyenjqdNJSiw5JjIHZEa8PaENr2StBB/JMLHsOWkpTWToZzyMqIQTloUV8ZA4U+GUSbOC7LC2TcbIlwLshvM5W2qKoJIaD7FeX/EP4X22/08j20+Kn8BA7+69lqYjFyOVW1FN4h1Y39VrpuaZxPJeLp19TqujwfEdxtl46OuTqavpnxxatO/Cs6G4wVQ0sdg4zhfS3WHw+tHUtJKyqp2mVw8rvQr5o6v6Iu/RFyc3Q90GrLXBvZes8d5Hd/p2M+BfVH0XPRTd+n/AA/wT8gg52QTG1wO6rLfeGVH8qR2HdirFhOec/mu45LHZ85sj8csEaSItdlmyNRVk0LgJPME/Tk5chzwggABSKwKbUuC9o7iH4BI3VhhlSwbgLGxyPhcCCcK6oLo1haHFMU8iZ0vtEqsto+prVTz0bmO3C1UNTFUsw0ZyotTRNfktTEBGbg+TNuBYN9lY2m/VdF5WOy0HgodXQu/CMKA6F7DwjTDli031Lc6e5U4yG6iP3USqgx22WRgqpoCHRuLT7FX1BeDOAycjPGSjUsmeVOOh0gcCOyl0N1mpMDJOOCDgocjWv3CjStwUxyQmVanwz0Cy9T0s7GwyyYdx5itACHgEHZeOxuexwcx5BC01m6tdRlsVU1zm8ZRqWTJqNJtjugbmVpCjl3IOyJTVsNdEJYjsRwhzsccaNimmFxa7GteTkk4Q3PKF4jWTeDPJpICe4g8cJbWRi4eSvu1riuMLstAkxsfVecXi1y00xinj4OQcbFequ4VTdbfBWxFkjd+x9FntqOjRe4dni1fQTU0peAdJOQQjUNbqxFKd+xWlutBLTzGKWPyjg+qzlxtb4nGeEbHcgLn2VtPg6kLVYuScTlBkj0u8Rn5hRqGt1YhlODwCrIBpCWHyiM15JwQnvjDlySM5yE9rsdlfXRB9DcKuz1TKukkLXtOdjyvbOjeu6W/U0cMzg2paMEE8leHSgHfCJbrjUW6pbU0zi1zDnY8p9Uv2ZtTpoamOH2fTTmCXG2FFdNDFVilmOnVwSFkekevGXcMMrw2QABwPK276SC7U/ldpcN2vHLStKeTzltUqZbZFTVW+S2TGsohrgcf50Q/zCy94sbxXMv9kDoKiE6yxv4gtfBVz08v8PuQxONmv4bKP+qK+gbHKXxHGeW+iIisxwU7H2f4l9NPt1WQKxow7bDo5B6FTfhL8T7rYbgegOu5iKyBp+TqJDnxmDhhd7dlS3O01VnrTe7M0jUR81A04ErO4+65f7NQ9fWGGvpXaK6HLoZGnEjHDGxS8ewlCFsXXZ+Pp/pn0eyq1bAKRFIcheIfCD4qVFXKei+spTFeqfZj3/8AH98r2WOXIGyYjkX6eemltn/0fpotWSZCO1wcqqOUsICmRyAgKCCWkg5yuq8ECruSuJISBATlPBGENLJUIFSTMhcJB7qECZHqlkIQPqUh7lQgXISQxn1T8hQh1JcyEshQg1JNSQkEuHhNSUINPK4kkoQcSMcoTu67k+qYTgajwoQZ/wARFBBbjIwo+cpuT6qFp4MB190SGB96tMWHDeSJo2PqQF500b6XDB7j0X0Q9gkbpduDsQvNOu+hTCHXW0RbDJkYOU2MsG2i2PUiN0f1a+2vZQ1L8wO2BJ4XqEb2SRtkY7LXAEH2XzzDVNB0PBaRsR3BW96M60NOW2uvl1sdtE4ncKwba08yiejEoZJXA7UMg5BQkwyNYCnhBf3TtXsundGUV9U/B3CoLtR4cKgNyfutJUxatwOFW1TA76goOjLHBRU9U5xDSESut8VfAWTY42ylWUJiJngB9S1cgqssw47hQan7MNcqMQCotVdADTT5aNYyF4ZdrZW9BdQEyHXQ1DiYHDgDPB+y+o7tbobpTGB7Rqx5T3BXlfVllFdTVNlr4B40TS6JxG49wk2170dnxPkZaS3go6CvFTHHVQOwS0OBBU/qO1s6gshqYmjxoRkkDkLz2z3Go6buBt1xDhC84Y48Ar0i0V7In+E7Doph67briazR/buR90+nPNQuSrk+zAWSpfE91HMSHNJAyrbBjlDsbFM6vtRtdyFZC3DHnVt6J8UzK2kEjB5gMrhygfQK7Morr/bfFArYRuNzhTulL14sfykp8zdt0almbK0xuHHqs9doH2qqFZS5ac5OO4WWawx0XKEk0bS5UTalpkA3wspUw7Hy8LV2iujuNDHM0g6m7j3UC9ULWDx42bH6gEId0fkXBkJo8E7cKHKPZWVQzc7diq+RpTos5F9WCDIMlR3tU2Xn7qLINkZyrokOThQ5uVNm2JUSTlQ5ty9EaYYIQ4ycoj0E8hUYZPayewjGcoqhRu3G6mN+kIG8cmuiW4tbPMQ4Mcds7K1qcSR6QRys9TSeFIHnj0V7IxzomyN3BQp7uDt6eeY4IocaeZkg7LRUkwqIg71WfnG4U21VOZBCUGMcm2mz7trLJx0OBCtrfVFwAKgSwDGR2TYJvCkGUixc8HUonslk1ML9QypUTsEbKsopBMwHKmsdntwlYOrCzdyib4+BvunRvaDu4HKhg+pXN/6sIHHJqhZxgVax9K/5iLPqplJVipiDxzhCdIJY9DhnbCgNM9JU84b/AJqsItWYZcubq7qE8PgqWyMBxnfCkRTNcMhdmp/EaNPdANjInU9SJMjYoc7AeAoFJIaWpGo+R2ytABMMgoO0aa5Z7IzJXxOGFf2u5Na5rJDjPCoJGFjuEWCYNcMpFsMGyq3az0KmmD2A5B2UqN5Dhssva7iAwNyStFDK2VgdhY58HYqtyizhw5uSRlNnjbIxzHtyFFjlc1wwpjJWuA23CTn2al9xjrlDLaKttRECGk59lrrTdqe4wNkjfvjzN7gpVtFT19O6nmYMEbH0Kwsrq7pi46m58Nx/IhXuyIn9p6U9rXtIIzlef9XdOut0wu1BlgLv5gHB91s7Rc4LlTNljkBONx6KVUU8VVC6CZgcxwwQQhbeRa5MfY7yypaxmRqa3dWFdQsqmEOaMOH6LMX20VHTVe2op3HwJHbe3sr+2XH5ula/IJ7ooybIY262ye3zuDm+QnylVsgJxhejXGjiuEJjlaONvZYi4W2a3ylj2nT2Kc1lYEtEKOokppGvj5XrHw+6skqGtoaibW3G2TuF5M8A4J7KVaLq+gqg5ri3J5WG7TqZrpu+N8n0k1+2cbFEbNk4IWW6U6niuVKyGeQGQDAK0g4K411OyTOtXapolNOUjsgwnfcqQHZWOcTQcBOUZpyMlBxghGj4CWWgczDkHHCJTTnUGkcIhaHtxhRZGGN24QAFvE9rm4yASmuG2VApp98ZU2OQEbqACiJLsZxhSGoT24GtmxH7p8Tg9uQgAHpJJIRQkkklCDVw4IIIyF1JWuGNMze4DSubVR/SXYI9EwESRteDyFbXeAVFI6PGc5Wfo3luad53ZwtdYbC6cE5XmXxHtckcwqWtGOQV6fKMkFUfV1qF0s80bWjxGtLguno5uMkzFra99bPCrvTNraMtI87QpHw8vJpKo0Mz++BlPraR0ezCXBow/wBiOQso2Z1vunzMJxpOSF6SP+ojyG/4LFI+iqdzZIG6eMKXbZyx7oHn3CznS12judsilB3LQrd8nhTRykZGcFZL68dHptJqN6yaVji0AkILnkTA42cjRSB7W4HYIUrdtYGcLFJHXi8oeSXITtgUSMeJEHd0wtODgIIob2Vd1Z4kBAbuFEpHvfTBjz7Kyn0yAgtVXT/y6h8J2adwnx7FTXA4tJBOVgfiRQRmmZVafPk8ey9FOAdOd1TdSW6Kvtc0BZl4aXNPuu74u912I8v53Qx1GnkmeGQyaZASNypNS3U0EbKPOz5eqdEfwlHkeXxZxsAvoOmsViWD4Nrq/ilJfomUFUWtEZG4Wks9QXTDJwFiqWcsn9QdlpbfKWYcN8LXOvKJ47VyhYsG3ilaSC3CtKCqHihrjss1QyF8eondSoqoxPDsZWC/T5Poeh16cMZL+v0tGoFRaOoDn6dkdoFVR5zuRsVSQl8NcGP9eFybqtvB1qtU8o1MQyAcqS1/bChRvBARwRkHOVhawduqe5EnUSnoI2RG8peDSuQiR4XARhIkYVDgbu6AeT91Id3Uc8n7qFA5OyE9FehPGU6JnmMVWfJWPjxs4ah91aOGQQqus/lSxy/48E+yqTyBIkaieSuJZBJIXHHARqPBENQ5+F1zhnlDl3xgoNnIMpJESpy3z+ieCdAGUOpH8o/dPaQWjHomLgzWPIFw5Cj0rtUr2HYhSHEAlQ2Eir2OMlRCSTUHGFDrfpKmz7YJ4UOfsmLlCreitGxx3TMYKeNq32ITJx2CYngw29mB+LWTZ3ntsvHWcfkF7H8Vd+nge5K8cZx+QXd0LzWfDvrn/wDMf+gxqIeENqJnCdLs8aDj+oqUzhBjGE9u2VogSfYXX7Lo5QBISdgjA5GVogTOQo4CbkpJivoA7qPqgTHfAKIOVHdnx3HskzlkOKHvOIXO7qvaS6TKlzHDMZUaEZcsrllhImxABgwnrjdmrqNyyin2cco0gx3T3cIOcuUDjwgtOwE7qbsAAAgwR4buEUYHdUIn93RxEiaSRhDHKl0zc74RQXsCcsIl0kQ2yFYtcGt4UanZp5CLUP0MLk9cGOxtsZPPk6AOVJttMMmaRnfAyoVHC+pnD/wt5yr2JgyANsKHc8Zo8/eyTC3JwArSni0gHG6iUkOcEhWTBpGFD1tUVFZOnyglVFTI6SctBz/opFwuAZ/JiO55KiwswA93JUJOQ9zhCzUfRecX27VFxrHmR+Y2uIa3stP1befkoxTQu8xGSsMQ6U6iEmx/o4OutcpbfQpDnCPE0eUqOAc4UqAHZVFZOXLGCQwABPe8MGSnNzoKh1TxjAKuXBnxyRqhzpZclPY3DclNY0Odk7psz8AAFKk+RsVxwDkcS8bqRGAGhRWHU7dSMgN3KLI3sbO/QM+yr5Hl5Rq2T/h53O6C3ON1ksnljoxQmbnC9C+GvTMlwrPnpmfyWnbI5x2WNslukuldFTxtJBIJ2X0R0VZGW2gjjY3GAAf9fzQKW49Z9M+O+a16ia4XRo6KFkMTWRM0NAxhQ75XOGmjifjbLt1avLKaB07z5WgrLAura0l2SXnKfXE97dP4oORYWahy/wCYe3bgLQxRknjYKNQsADYmN4GFbNhGGtAW+pKKPCeTsnc3F9sPbqUSO8Z7c44Vq/DQAFHjc2GJrWjGyYZwBv3RSngzaHwsd2+yIZ0pYMJkEb5XIIf4kjR6q8o4PDAOncrFqL1Hg+jeE8PXOSm0HpKVsTBlmEd7gG6dt08ENbxjCivy92MrjX3bmfRaaVBLCGlhe5T6SDdp0/uh09O52Nsq1pIA0AkLDKWTbGKHw0wwCG4U5jQ0DCaxoaON13xMLNJ8j4xWB5IHKjzShwxsuVEwHHoq6eoGMI6k5PBxvIa+GlTchVM2+MhV8spylUSEkHdR5ZARsF6Hx+kbeWfGPq36nbraiwFwq2U8etx3PAHKo6O21t5qjHTM1yPOSFaCjqLtVtpYIy5x2+y9V6R6RpLFSNdJE187ty48hehrxRHB+dPM+Seqt7yc6N6TgsdGxojHjOALiecrWNYGDACY1EQ2T3vJwJS3MSSSSQCJNyU5MJGMKEH5HqkcHugEnPKWT6qEH4907IzhClqIaSF1TUv0RM5K+ffiD8arl1VWy9N/DN8jY9xU3Jp4b6R/vnf0TYVSn0Orplb0ar4tfHmz9GtdZOn4zcr2/AZG0Zjj9nrC9NfCq/daXQ9VfFSvNTUY/k0oeSGNPGymfDH4R0VmnFTV0oqK1x1Plk33PsvcbbaDAPOQSedkzivhj7bYU4rq79sr7ZbIKWFlLTNIY3bCu4KLwsFS4Y2R/gb+ieRlC57jF28saxjWtwAnYCWQNkshKwCdXDwmrh4VkEScrmSmEjJTXPAChB0smkgAoUtUI252QnvxklVlTV+I7SwE42UCD1VxOnQ0jdRI4Jqxw0NJHqpdNZn1TBLUeUnhXdPSx00bWMaNhz6q08EK+jtBiAdIMKz8MBuzeER7/CA/zVFd+oWR5p4Tv3KHLZCbV3GKlB1kKhqr3JVHTG7ZQXyz1xwXalIorRKDl+2co0kuWQE5s8zstZnPKsKK3uyC4YKmUtEIgMBFmlZTM1k4PYBWp+iBaeFsDNR2A3QKi608A0RnLlXy3GepHhA7d8d/ZWFBZWuaJKnGTuBhHnPJCK6Wqr3YjGQVOpbR8q0S1BUuX5O1xeISG47LF9S/EWOMupqFxJAxkFXBZeC8GkuN+t9siy+QZHAyvOr/ANbz3Bz2UupjTtn1Weq7lWV8rpKmUuHYeijZC0Qp4yNjE6XOcdROSVxLIXCRhNUUiJHSUMklcLhnlCJyifA6Mf2P1H1XEJcyFROuDqYlkJqhQkxJMULSyNwU3BTycJoOVW8ZyNTcFLGBk7YQq24UtBH4lTIBnhW5YG11Ss6CkY3OwTJqiGEZleGj3WNv3xMtdLE6GhAlk+ywF16ovN3P8ypcxh7NOEDnk21aGdnLPRr51/bKBxZA0zOG2xXn9z60vNwkdondEwngFUbWuc7LyXE9yVMioJpseCwk+gVnTq0lVKzIjl8tS7XO8uJ7uOUWGB0uzAT6LTWboyoq3NbUNDNW+PZbG29PWy2tDY6djnN7kZUQNmojWsQMTZ+jKuubrqWiNvutjbOl7ZQBhMIe5qvGxZADGhoHYBdETgm4Rz7tROb7BMYGOwxoA9BsjBpLeE8NweEQAYVYMr57I3hnOcIgjGOMomjdOAwhD4QHwx6LoGNgjYbjZAc5rclxwFWSJo6kodTeLfSD+dOAs3c+vaaMFtG1xx3VbkNjVOfSNYWhoLnHACgVtzo6cZdMPfded1/WlyqjhjtI77qmqa+tqDl8p390O811aJy5kegV/WlspGEAlzzwAspcOtqqcubTamj3KzxY951O3ThCRg4SbLTdDSVw5DVN4uVZ5ZZzp9iojw6QAEn7qU2Frh9OMe661jG+myS5NmiOIcJEL5XO5RW0ZG+UZ0sbDjK6Kqna3OtLci3JyBNjAONKKzyjACA+40wO3+aEbnTjshcy0pvpE7c9kzG+6rn3vScRMKA+8z+nPoq3h/DP2i8al5Ry4BZqS6VDuCVGlqamQYMhIQOwtaeXs1jqimj+qYIEl2t8fM2VkXyvHJJJQS1x5J/RUrGx0NIpdmwd1BQM/HlR5Oq4W/3Az+ay+Mg5H5pjWb8cpUrJ+hn8OCNBN1XNjMYA9sqM7qiud3VYIfblIw4GVXyyGRqrh6Jj75XSn+9IH3TTcKlzcmQ5+5UMR59/yTi0/wBJVOUpBtVP0EdXVOT/ADD+pQjWVH/eH9V0xH+goRYcoW5lKMEENVO/Z0hI+6Rl2GQh6D6H9F0A+ipbvYS2oIHF3BS839SGNuV3U31Tcsamh+D6paR3SyPUJZCvJeBuAkjYyuINxWRpY09k4DGwSSVZKEnpiehAEkkkoQSSSShB6SSSgGBJJJKAiSSSUIOSSSREEkkkoEPyeEkklCBAeyeCMIaWSjBHJJJKEHpJJKEEkkkoUx6cmpyFi2dB7Ig4QxyiDhWijq5gLqSshzASwF1JQgks4RUlCsgs5XEZJC4plcH61pJJL8jH7FEkkkoQckkkoGJJJJQgkkklCCT0xPUIJJJJQgkkklCCSSSUIJJJJCJEkkklzIPSSSUQI5RK+jFRHrYNMjN2uHKlroODlWAVVFV/MM0uGHN2cPdCuFAXRmQDKLc6QwzfxCm8pJw9oGxUimmbURAnBBUDXJn7dUmjqDC7grQwPEmcKrulvGrxIm7jfZK3VXhnQ7OyMtousb5XRymtOoZXTuiFjn7gEIOo9wixnsd8p0kBa3W0ZUIMa72VffunqTqGhkpaljT5TgkKYyTJ2CM2bTjZXlkSPOOmr1W9H1o6XvRe+FziKWRxzt6ZXokU2vG3Kp+qumKbqSidpaI6uMF0MndrlR9KX6vgqXWO9sLauBunJ4eB+IJsLGhVlakb1pyCot2tlDe7bU2uuYHRVDCw+oTmTBw27rrc+q302NPKMF9J8mfEHoKp6KvElE9hdC4l8Eg4e30+4yFlKihhr4PDeQ1+PK73X2V1d0dbOt7HNZriwZeCYpMbxu9Qvk3qjpW89I3WW0XWEsmj3aQNnt9QvsH0z9QfPUqbXmZwNXo4z5ZlYKqoppf4fctnt2Y/s4dk2404kYSBlWksUFfGIaloLm7AnlQHRyUzvlqgksP0Px+xX0Sm7csPs8rrtI0nKHRmaqlBdkN7YVe8zUzmvbwDg7rT1lNod5mjBGx9VU1NLq2AW6KyeU1NDT3R4YyKobUMLHgOB5CrK+ywVLD4eGO5yAizQvpnBzCR+aO2fLRkbq5QwcO/Fixb2ZCtt1TQvzIwmM7NeOChRvzsd1s3mOQeG9gIO2CMhZ272GWkD6mkGtnOjuFW1nG1NEUswIS6OVFhqCTpIwe4R2v1BVg5eM9BwRhLI9UPJSBOVCshV0HsmN+kJw5QBBBwurgPZdUBY9JJJQoSSSShBiSSShDmAkQMLq4eFC0DPKS6Qc5XFAgKSSSgA1NIGE5JA1kJrIEgZTNIRyMd0zBSpw/RcHgjEVNPOypoKp1PKw6g4DK+gfhx8TI+roRbbrKI7nGA1oP/ABPzXgrm5Q45amjqY6ujmdFLEdTXNO4K5es8dDWRw3ye3+kPq6/6a1C7lVJ8x/8AY+woXFuFKY5j2hr915J8Nvi8zqONlnvz2x3ONuDk4Dh6+69MyQM6l4e+iWmnsn2fqjxfl9P5ehajTSTiybJCIxriCUU+4BCHS17Q4QzfkUeakz/MhPO+Eg68duB8scc0Ra9v2Kq5abDcYUltS+J2iVpx6ogAmGQMJkXhgWVKZSz0/O2Mj1VJeOnaS+Uj6GvYHRuO4WtlpwTx+6iyUeDkD91phc4s5up0ELY7Jo+RviZ8Hbj01VSXKwQPdTNdqLR2BWNtt8BaIKoFsjTpOeV9u1dviqGls0YId2IyvEPid8EBWsluXTkLWPbl/h5wM+y7ej8jJcS5Pjv1X9Bxm3fo1/lHlTJteC0bFEJ8QeizZddbBWGjuVNK3B0+YbfkVZQ3Fsm5GF6GnUqyJ8a1OjnprHXNYZMlYMg4Q9cjPpT2zBwyugApucdCWmlgkUlzqISNxgfktBSXGCeNpLxk7H2Kyj2Y4C7DM+B2ppOfumwtxwzPOvPJspKdjxnA3VZV29rfMEGiu0r8NlcrWJzKloyMp+4Qm4cGedFpdgDGEJ5Me7VpKi3ROblrcFU9VSOjdjGyYHGan2FobnlgjmPCnNmbIMghZ/SWbokNS7Vg5/VRTwR1J9F5se6GcjdR4qluACSpLJW43TIzETg0Trde62geNEjtPoStzaeoqa4tbGSGygcE8rzrAO4TGyywPD4nEO9QcJnyMzT0u49XqoYqmMh4Ad2Poq1tS6KQU9QMOGwPZyp7J1XG+JtPcHEPG2r1Cu5ooLhCHRStPdrgdwUxPJz5wlXPbJBHuJB7YCiPJdnKHSVTxIaSrGJW/S48OCkOwzjuixkKKeOCtrrbFXRlkmx7FYy40MtLIY5GbDj3XoBxg+6rq+iiq4yx7RnsUi2pM003uDweV3SgEDxUQt77gcJ9HVCZmAdxyCry4UpikdC9m4PdZ6uoXQP8aDI1Hgeq59lTT4OxVYprksNI05UfJa4ghco6kyQ+bchGIykBsYDlMAATwMLqaUEoKye3Tiop5NLm7/det9DdeMrAyKWQNkGxBPK8clGcIlHVT0M7Z4Hlrmn9UyM8GbU6aOpjhn1BV0lt6hoTBUNzqGxHIKpae4TWSqba77rcHkiGrAy1w/C1x/q9Vluh+uW1TGQzyYkbjYlekPZb+pqE01UAYyN8fUD6j3WhPJ5q2mdE9skRS1j8hzQszcaOp6frP4pbmn5Z5/nxjge4ClVdTcuiauOjvJNTY5naaevIxJCewkG/657K/bFFVQ/hlhlbzy1wKLDKeUs+jA9YdKx9SUsN4s7/AAbpBiSCRhwXd8ZW5+D/AMXf4r/9afVJ8G8Qfy4y/wAvjY7f83p6qp+RmsdS7SXGke7Le5jPt7Kg616Jdcmtvtmd4Nwhw9r49teP9VMMdGcNRD4LevR9LCUFHhlIIGRuvCvhT8ZG3J0fTXU/8qvZ5Ip3HAlx2Po5e1RPBYCDnbKhx9Rp56eW2XRbMlDu6IX4VbC8tcDkqUx+oKCCVkJZCEHe66CcqZISkkEcLqvBA2SlkriSEgs4SzhJJQg9LJTElCD8lLJSSUIJJMSUIJJJJQgkkklCCQ5IwYzvuiLoOFZCBgg6TyurtbC7JlYPMBsolNP4wIOzm7EFUQmIb9MrDG9oIcMEJ47pgd7KFrg8o6+6JfRyuulriyHbvaFhYpyDkHS5p47gr6NqKaKpidBK0FrhjdePdd9Gvs9Sa+laRG874GyYaqbM8MveiesWTMFsr5T4p2jJOxW5ZJnYhfPsU0kTmzRO0yMOWkc5C9Q6I6zF8j+Uq/JVwNAe0nn3RtZRdlOXlGwRVHyEXkIkjO1gUgDgq2sj0gkBWHc7oFSAQERRTS/SR7KlnYYpCQNicrQ1MQzsOyqaqLUcEKDCPHMSADyoHUFkgvVNg+SePeOQcg+h9kc5jdh22EUSuZhxb5DyVAoNp8Hg/WnTnzGqCohDKmLODxq9wquwV82TQVJIkiHlz3XtfV3TcV/pDNC0CaMEtI5K8Qu9BJBXFzCWTxnDu24S7aVasHrfE+TlppLBsK2kZfrQItvGjGASsXbXuoquSimOMOxgq7sd5eNBe7DgdLlF6zteiVt0pwQ1+5x6rzes0vxy4Pt3gPPw1MVCT5B1lO+lmErCdLtwU+SKG4UxbI0E4TrRWC6ULqSYh0jRlp74UWJ7rfUmKXJBOFxbo4PdVyUkVlvq6ixXLwNTvBeeCtyYo6+ly1ww9uQfRZi924V0HzNNjW3fAXOlr25zfk5tnN8pBKzlVTjGx1yfBGutvlpHlr27evqqedgAW+u9H81Rk4y5u6xNbBoHCcngXqasrKKeYYIUV6my/VhRXph5/Ud4IUuyhzf6qfKM/ookrSdlDk3kSThQ3cqZJwob+VDnWPI6IkEAlWbfpCqW/UCFZQOGkboBulsw8Epuy01sPjUnhuIPosyzlXNmn0zAE7JaO9pJfdydqQIpXR/uh0khgnEgUq8Qls+sDAUDOUMpYNzeyXBqqapNQM45CZOxwOWqrs1W5snhuOQrzUxwOQl9m+qz7UybaKkgiEq6bxn1WXikNPIHBX9DUiaEPQbTp6e70S84SXAPRdzhBg3JjmOI3ylUN8SMkcjcLjU9wyMIQyPT1LmuAOyt6acPAyAVRTtLHZHCl0NQGkNxugxkZVPb2T62j8RviR/cgIluqmgeC/Z3ui09RnkZUaupw3/eIRg98IXHBri0TZmAjKhnLDjKkUdU2qhHrjBQ6iLABwkTjkfGRMoKsscMlau314c0DPZYFkhY/jGFc0Fw8IAuJOFmnA10ahqSTN1E8OaHBHZMQRsqy2VAkhDgc5Vj6HCySi8ncrmidG/IBI5UW62eC7UzopQM4OCnRuxjZS2O4QDJx3I83oqi49L3b5aVxEZPlJ4IXo1tucNfCHscM43CrOo7DDeKVw04laMtI5ysZ0/1G+y15oq7PldoyfZQzNODPTK+201zpX01UwOa4HBI4PqF5pM2u6UuZhl1Gme7yuO4IXpdHWRVMLZoXamuGVA6kskN5pHRvYC4A4+6nRS5IFK9lRC2ZhBD25Ci1tJHVRmKVuQeD6KhslVV2S4Gz17jpP8Ad5PC05IkR5yWYa42uajkI0ktPBCqZYXA/St/XQeK3GOyzddQEHyNQyWQZd5D9H36SgrmxSu2PBJXt1pu8VwpmvjO4ABXzfPqinc3GNPBC3nw+6s+Wl+WrpPKfLn/ACWG+vcsGijUqMtsj2Rp3BDlJa3LRuqunmZK1skb9TTuCDyp0UpwFybamdeMiS1GaorZ842R2yBwKzdMdBr2SGkeq5NH4jDnkoLSdzk7Iscue3CWSaIQc6J+n0U+F5c0FBqIGuOpowUKkmJeYnHjhC1kW+S1jdqBBTGudBLpO4KbER6p5HiHcIMAkkHKSHG/A0O5CJnKoAakkmuGQgbLO5Hqkd0HzZzlGBGFMFtYAPYScHdZe4xfJXLXjyy8LXOGVQ3+idLAXBuXRnIK11MsiCQHJwuYEzHMI5BCBTyNdG1wPIRwNtiujQ9ryKtW9YPGeoaGSjvlZRyt0tqAXRjG2peb3CmfDVPZINwV7l8UqAwspL/FH/Lp8Ry/6FeU9W0mmeO5xN/lzsB/Neh0tuVhnkPJUd4Ln4eXowSfJPftnLV6gWioiy3uMheC9O1pp68Oa7Gkg/de4dNVja2kznOAE2+OVlG3xd+6G1l9YKrxY/l5T549vurOVmRzyqCncaKvEg2a7Yq/8XxRxhc6xYPRVPKAtPhnA49ER+NBOECXyuBT2Pa5iQzZAjSMOThVFUwxztk43V3M4A8cqtujR4OoN3ByijLLKlEA9xNQx/YodQR33CRP+6skxkhOlGuEOG+Fu0trjPJz9XUp1tHjPXtp/h11dUxR6YpTqwB6qnD2vpTj8QW/+JFtnnoWVbOGHBC83pZS3ye6+heI1G+HJ8M+qNF/HtlhYyKPLH4cN1obLUCV8cbjv3WelOJiQrOyPAqgSey9DCW5HhqrfjmbWjmAkEYwBnClTNOdlVxgska/Cs3/AMyAkclSUEz0+k1acUi2tdwZoFO9wB7FBuzSHiojbgjlU8Mxp5W54J/Qq/mDZqbzbkhcnU0ZeT1Ok1m+KWeiVSVJkiYTjOFPhldsFn6GTTII3HZXcLwdhuuTbVg9Xo798Cwb9K6w55QYnN2TmnzBZdqOpCWSRkpAnKaCuoDUPOMKLIjvPohuUBl0Rlw4xulJyFx5yBhGZZPLGF2QQq+uYfD1AZIKnqNVtDoi075CoCUsEaMgtyDlOkGUGlP8kd9yj+IAM6UzAG8r3VZFR4LtsozneXPKgV4xUB7dlJjOYwPurFynkZKdaZA7JO+cFOd9Sj0pLHzNP9ZQgj5xh2xwoLnaKpvuVKqXZf6KJI0eI12VYlvBPqd4C4Kvqt25Vg8g0I9Qq2Y5Zyj6M1kiC4/7y0psnGE1/wD2ln5rku+yYZLJZMN8VT/7jAxkZXjjOPyC9g+KzvDsI75cvHmcD7Bd3Qf7Z8Q+uf8A8xX+DrVx/sujugZwVoayzx6WQ7dmp54TGnIT9TQeU+vhYBnwxNA2RG9kxnZPWlPBTeQg4QzyuZxtlMyPVCCPPBQHEDJ7lPHBUd5JzukWSwh0FkDUSZOB3RKMEnPGEFzQXcqbSR4ZkhZa3mWRk1gNjAAQ5OyI5Dk2wnuOBAKR+RwmU7cv3Se7fCJTs82SEIbeCWNmphJyn9kM8qMDA+MEnZWVEzcEhRKZmXbhWUIDeBwjgjNayW0AN3OFDllfPOIwNinSv0t3KLbqR73iZwwB6pxKKJXSwifRUvgRNaR5juVaU0XmBwgNbkgAKyooNQUPZ6On460iTAwNAIT6iYRtCUgELcqoqagyvOlxKtLJtnLahkrNUpcBzuuVlwjpIRI/snMdjc+iynVF3BIpoCNs5KqfCOfqb4whmRR3etfcLg95OQSgloa3HdDj8pLiNynvBc4JEeXycOV3yPImN8ymwx4wccIEbBsfVTQQxgGEwy2Szwdke1jCDhVkxLpEWrlydu6BGC45SJspIcRhoKizOOfVSpS0DCjN3clTHwOxgjCdK8NaCSiBoDQQFDqTkkZ4U3fbyMinkjOLpZ88nP7IzxjyNGSU2NujLyrCw22W517Y2cA7rJM1aaiWptjVDts3/wALempC5tZM0HI8vsvb6GnEEDW6cLPdG2RlDRQx6BnAytNcZm0sGto4COqOD6zotHDQ0qtFPf64hrKRh3duUS1W9rIxI5uXu/ZQKeN9fXmd+S0HZaugpfINuFuhhIHUyc47USqSmZFGC0blTYGAbkJkbcDGMBGLgW4GxR/Jg5tPjXZPdJCfJq8vAQnkkho4TXHGTlGoI3zSjy5CTddtWT0Gl8duxBIn2qiD3+I5uSN9+yvYw1jRsgUkHgtxhSSQAcri33/I8nutDo46eCSQOV57DZdhjyRkJMOpw2U6CMAgkLDZPPB00sBqWFpG7eFOiaBwgxtI8oCkbMGT3SHIZwllj3nACBK8dimTT4UCapzt2R11ub4OdrtfHTwzkJVTbgZHHqq2WUgrtTISQf8AVAlkAK7eg0WHukfGvqn6oit0IsdI8FpUeCKatnFNAzU93C7HFPdaltHRAlxOCQvTemekoLJDrnDZZn4OojhehrxBH578956zVTcIs50t0jBZ4G1E7Q6d4ySey0TRg/dOauqTnuPITschw4XUklRY5JNXMhQIRQyTwiHhD5OFEskOKvv3UNn6Ytr7reqr5enj5djKpeufiPY+hKTxq8PmndkRwM2c9wxsP+q+eaq5dU/FS7tluBLGPcXRUsTiGMz/AJ8BPrr/AOYfVVu+6XRa9a9d9T/FWaS3QOlt3TrHYa2XZ035Dt/nlbf4ffDMUxYBTinjOCXHcuPqtF0N8MobRprLo5sk+xwG7EjufsvRhGxoDWMDQOMBMnKMFiIyeoytseiJRWimt8YZGA5w5cRypIbhPyEiRhY5ScnyZ3y8gmu3wj5GnlR3/UVzJ9Sl5YAQk5XMlcyEjsiIN8T2TXSDTx+6Y52MqOXg7EoyBTIM7kKJUVkcQ8z8e6jVNY1suiNxdj0R6KyvncKqsccE5DVCEVja25y+HG4iI/iV9QWmCmaGhoc4dypUMccbQ2OMNA9AiZ0glQg5rGgY9FGq62Klb53YKBWXeGlY4uO4/dZyoFVdZdZHlO4CJLJA91vzpm+DTv3PcKFT2+oqHCSXfPqrChsrYHeI9m/urJsQYMNGFbwiESltkUYBA3HspjnsiaC7YBBqahtKzUdyeAq59bNUHBzj2QEJU9w07QO3QKekrbjUYe0gHup9HZBI0SzHBO4GFaVE9LaaUEkAjv6ol+iwdJZ6Wli0ubkjckqovfVVHaQWtkHl43Wc6o+ILvDMFBLvuCQd153U1tRWOL5pHOJ9Sn11hRRc9QdY3C7yvjinLWhZ1udWXHJPdcAAJPqurTGvA1R/QQcJhJXEP6kYyMM9hNXuE179sAoeD6ruSryMUEhOcSTvsmJiSjeSdCTclJMVEO5K4kkoQSSHLUQQbzSBo7rOXfr2yW8lsczpHt4DVBldU7XiKNM46AXO4Cp7p1PabXE51VU6HdhheaXr4l3esc9tJIYmu2WRnq625SF9VO+Rzt9zsgOpV46T5mb+7fFWUh8NtgDhn6nj/JYuvv14ujiauseQewOwTKSzVk7gGxnH2WktfSE7wHSR5/JQ1L4dMjKRUbpnAgbu7q7t/TdVOWjBwfZbmg6OghDXODT7LRUlthpWt8No2UEXeQj1AxFt6HjLg6eMbeoWroOn7fQ4dFA0ux3CtSzgYwn4BAwMIzBZqrJ+wIp4/wAMbV0U7Ac+GFJ8IeqXhD1UFfIwfhe2EvCRAM/i/ZJwAGXP2+yjltIp5I7mYSQay60NKMyzcdlmbp1tShhFM46h6bofmSHRpnPpGrc5rAXOIACra7qC30UZfJJkjsCvO6/qm41mWGRzG+xVQ+pqZx/MlLh6JcrUjZVo5S/JG4uHX1P4Z+WDtR7BZms6tuVSSA8tB91RyVDGjAAQTWsb9RwkytZvhoYR5JdVX1dUf5kpOfdCbFrxndQ5rgB9IUZ1bUvyNW32QOw0w0yXRanwGbAgeu6a6op2bmTJ9FTmWTPmcV0DG+eULnkYq0uywdcKePYDfso0tznP0jAQGMJOAMqVFQv21N/NKcmw3GESMa+qO2MITpKx34tj7qzbQg76B+qI2kA7bKA7kirD5cYcclc+XkJ3HKuRS0/9G6Qia3gDZCTekU4o3kcbpv8AD5juGhXXht9F3W31UaTL+THRSC21HA/yT/4RO4cj9FdFuATlNMhBxj90O3JfzS9FP/A53H6h+ieLFITlzxj7K08X/wCXKZ4nq4/qo44K+Wx8ZIX8EgA87hn7LoslLz/opZlPuueN6FRJRK/1H7BCy0IH92kLVbQeBn7IomHr+64ZG+n7oJNNl5t/Z0W+3AYwF35C3egQDUNBwufMj0Q8F5mSPkbaPwNXRS20f8NqifMt/pK4ZGkYRJpEcpEzwbaP+Cxc8K3f/I8P6KAXtzwl4g9FG0yZmyd4FtP/AAm/okKe2d4Wn8lD8T3K54vuVWETdJk35WzHmmGUP+HWY5HgYUUyE9yu6nf1H9VCmpS5yShaLO//AIYGU3+AW0nykBBYXh2xKK6VwA2JUCW+P9TBO6YgJJjqgAeAVFk6anaf5cjSCp4qn55KO2qdtkKmslq6a9lDPY6yFmsAO+yiyUdRGNT4yB9lqhVkdvyTnVMbwNUbSPsqcMhfyZox2gjlc0+62Hg0Ezhrha0+uFHlsNFI8ujmDM+ynxjY6lP8jL6fdLT7q8qOnKtpPguY5vY5VXJa62AnXHn7KhisjLoCkkfKcHYrmR6qsDVJM6kkkqLEkkkoAJJJJQgkkklCCTk1ORIgkkklZB6SSShB45RBwhjlEHCgI1PTE9QgkkklCD0kklTYpvA5EahogOFcUBkckkkjIJJOSUIJJJJQgkkklCH63JJJL8gn7FEkkkoQckkkoGJJJJQgkkklCCT0xPUIJJJJQgkkklCCSSSUIJJJJCJEkkkgKY9JJJQBCSSSUKkPc0EaXbg8hUk/jWifIGumkdtj8J91eOQ5YY6iMxStBafVQFSw8MjFzZW77gjZU9VTSU0xePod3HZTHNloZPAe7Mbt2OP+SJIwzNB4Rjc5GUNUcCKU/Yq08PYFUzYvDJKsaOoc4CGR24GQiKcXLokM2KO0oSIw5yoLayRayFzB40Lc+oUdkjiRkcK1aQduVWVsNRSyiaEa4s+Zo5woWnglQSBo8wVH1Z0y27xCtoT4dZB5mPbsTjsrETh5GBhSqecAbhTJZmunr78xGKao8tTCNEzDyHDbK0McgdwqHqqyOjlb1DamYmhOZo27eK1Ptl3ZVxtmiOD+Jh7eydXa4sVZWpGljfjGAsx8RuhKXrizuhaGRV8LSaefG4PoVfUson45CmM754XV0msnp5qyHDOZdRyfEl4tM1FXTUNQDDWUryyaPjS4Ej/RRSDpEFbFs/Zr19O/F34SQ9X0hvNoJbdqdpJJ/wCM30Puvm45iDqatbksJY5rhuCOQvs30/8AUFeqris/d+jh6rSRcsxRVXC1SRxZ+uPkEdln6hgb+S3EE0tA7Q4Nlo3HYOGSxQL105HMHV1ET4Z3LW74Xt9NrY7lGTPI+V8Y198DGeGyTyvYOOCquqp5aSTDQXM7Y7K5kjLXFoyMHCG5uoYK6mUzxGrqc+CoYS4ZBAKK2TIw7k8lNqqYwPL250ndRvEJ2xsE1RRw7XsliRFutliqGGalYGSt32H1Kgw5jix7SHDkFbGCZjcNKj3O3wVseQwNkHDgOUMoYMtsK5JygZtrwfQfmnIdRTTUsgbINjwU5hACzuLRzpIKnoKeqBTwEB7J44QxyiAjCAtnU9MT1ARJJJKEEkkkoQYkkkoQ4QOUwg5REsDlQtMFgpI2kY4QTyoWnkCkjJr/AKSoVgCmkDCI5pJyAuaHeiAvsCeUPARk3BQNZBeQJiYXa9Iz64XsPwt+KonbH091FJ/MG0c7ju4+pK8kLThRyzgjbG4K5mt8dHWRxLg9d9K/Vur+mrt8JfZ7X7R9dua14a9rgWkZBHcKZS1UsbdJOoLwH4bfFKezvisN9f4lKfLDITu37le401TDUwtqIJA+NwyCCvD6rR26WW2aP1R4D6h0X1BR8+kln9r2mWzvBq24Gz0FsckGztx2QNe+xwVKbVRvAbKO2MrOkejjLB1zA5NfGMZJR2tY5uWOyPVNewkhWVZiSK+enB4CgzQkcjZXLg3GCECSnD89sLRXY4s599J5V8RfhPZOs4XSPaIqo5LZMZwV8zdT9L3zou4Giu1M5sedLJRsCfQjsvuGelwcgfusz1T0XZOp6YwXSka92CGv7tXZ0mt2vk+dfUv0lRr82wilP/B8c01x3GpwU+Cra/gglX3xA+El66QqJKymjFRQucS18ZzoHusLFOYiNl36NRG1cHw7yXh9R4+113rDX/Y1DcStyOyb4JOSqmmuMjSANh3yrenqoZW51b91oTRxZVtPg4HuiO3dTaO5SQuB1bfdR5WA78qOY3A7BaoyyZ5QUjW0lxiqGgahlEqaZs7dhusrT1D4DlpIVvRXYEhs7uE+MhEq5Q6B1VvfDyNlX6dJIWoDoKuIgHUCFX1FsaWktwEbLhY/ZUNe8FSGVLtshcfTFmctUY6muVZwHxItoKnIwcbooIKqGTHICn004AwValkXJYDk6OArO3XualAY4ktCrS4OXMbZyjUmuRVlas7NfK5twgbPTyDW3zDff7J1DcfGPgVHlkG2/dZKnraimdqikcB6ZU1tZHONYOiRu/PKYrcmaVGOjWyO257KJr1OyVWUF38WTwao6XcA55VjlMTTM047WR7lb4a2EhzQHjcO7rI3Ch8MFkjduFtvEzsRsVDraOGohLHNGTuD3BSLYJmqm1wPNpqSWjeZId2g7j2R4pmyNyOfRXNwt5hGG7+6pHwugdkBYJwaOhCzegiRKaybLcYSDSDlUNOF3sknENIxjdNd5VCg9HVTUc4nhcQ5pzt3XrXR3VUlRTRzCX+Y3Z7M9l481yl2661VqqW1FO4+7exCbCbTMms06vgfT9svFHe4XUVW1rmObpexw5BWSqrfd/htO6al8av6ee4YjLtT6ck9vZUNhvsdxp2VFLNpkH1NBwQV6N0/1HHWwCjri0uAwdXDgttclJHBdLo4fQSjqbffbeyeme2SKRuft7FBp6V9K98JOqL8IPIVFeOj7p05USdQ9Hyksc4me3tHllz/AED8J59VbWHqCj6lpBLB/Lqotpqdx80Z7hXwY5wx90TH9e/DYVzJLzZRonHmkY0fV749Vd/C/wCL81M42Pq+QtdHhjJ3nBHoD/1WuiJbwP1WR6v+HdNf5DcLdM2lrTu4lvkf98cfdCNpuhfH4b/+57lS1EVTE2eB4ex4BBBzkKVG/Twvmfon4mXvoq4f7OX0ObEx2nD+w9vZe/WTqK13ulZU0NU14cNxncFAYNTppUS/t+zQiQZxkIgeMKAJGgjzfujNmbj6v3UMxL1+y6HE9kBrgTsihwPZUQMNwupnKSLJCQkg5CWQqwQMkg5C6rwQKkhJKYIFSQklMECpISSmCCSSXMhWQ6kHEcFcJCGVTZCQ4Nd+IKuq6RzXfM0+zhyPVSW59U92COVRCvgrWyt+nBHIRs+yiVdG6KT5mm5H1N9U6CdsjS5vbkeihCQ6bDsYUaspIrjTupZ2tLH7bjj3Rn47nhDc8uP2UDhLazxnrLpt/T9yc1jSYXnLT2Wen/iFHIy7WhxbPFjODjV7H1XvN2s9Je6R9LWMBDgcOxu0+q8eutnq7BcDQ1TfI4kxv7PCM212p8M33RfV1H1Tb/FjyyogAbPE47tctGZgNsjdeC1ba7p6tPU/T7ix0eDU04O0zB6/uvVeneo6DqKgZcKCQujO2/b2TAL4e0aUSE5TSCTklBjfkI3KMygZWBw9VWVsB0FwCttKBPFrZhQYZisic5vl2JUelndJGYJdyw4IVtWQFh1Y2VJWRPhm8eLb1UIuw7i+leNswHYY5aV538QuknmX+OUELSxwzNp/zXpFLIyrY5pxkbOCBUUTJIpqCbzQztLQD2KM16exwkmfOvguhqNbQQ0+YLYWzwb/AGeptryPFDMtyq3qS0T2m5yUkw/ltOIj20+irqapqLfO2opiWuB9eVj1FCtiz1/jfIy09itg+iha6osF0EMpIw8tPsVpa2mjuVM2rpnAuAy4d1ZdY2qHqSxR3ykaGzw7y6RyFkOmbu6nqPlZzljxgZXmdVpHFZPuXgPM16ypfcWdDUmE6Jd2u2KrbxbZaSc3CjPkcdXl7FWlyp/l3OlYPI7cLsFRHUQmlm21jAK5GGuz1TrU1wTOnroa+m8GZwLgMIN4szXB0kbdiNwFRDx7FXtDs+G47HstrFJHWUgkDgQ4K0HBq2Ox9o8vqYvDkIxwVBk4C1vUNpdGwuDRkHII7hZKTgJiOBr9PKqeQDxlpUWYDClu4Kiy7qziXLJXyjBUR4wVPn5/JQ5BgqHMuwgQ5ClwvxjdQnIsLsYyVBMJ7JZLeE6tlYUMngPDsalVUrwBjOVPh8xzxlJk8He0dmVlmqqYG1dvErfrG/PKzBcQ4scMbrQ22fVAIieFSXaB8E7nEd0t8nWlnZvHUkphmD88rRU0/itDhusjHPtwr201YLBG7kqB0W54ZcyHxG7KbbqstxAR7KBHjOM8ozXeFLkNyAphHTpntlk1Ee3Jyk8ZwoVHUCSMajupu2AUqUcnXhYpIc0jZdegOy1w3RGvGkZKAcpApm698boMDjHIDhS3d1FJwcoCpPBa01RqI22U8tD2FpIIcFQQVGkgEK0hqAWjKrGTRTPdwyHqktlXpd9DjhXTnxVMAcz/AOYo0tPHWMMcg54PcKvpqiSjnMEhOAcbpMo56Nalt7JM0Za7IGF2Kd7CO6PK0EZ9lCJLXcJU4BKW15NJaLtLFO3zbDZwPcLb09S2oaC0jC8qppzqA4Ww6fujWtETjwsc4pHX0eqUpYkawDHByiRS7gEJtO4TNyNwEi0tIOn91lZ2ovKJbTkZWU6x6WjuERrqKINqGDJxtqWpglDxjG6IHjPmbkKgLIbkeedI9SzUlR/D60lmDpw5ejRSiTGCMHuvP+semJoKg3ahGWE6iG8govSnVYePlarOpu254UMrzWX3V/T8Nwo/mo24mj3Dm8rOWO7vc35OudiRh0gnuvQqV0dTES0hzSNwVi+rump4Q+60mPIclreynKLyS3jWOFAqKZvJau2G8QV8TYpDpmaNLgfVWE0J7cIu0ElkxN2tcgc6ojbn1CqIZpaWdr2kjBW8qqfByG7YWZu1uYCZYm4DjggeqCyAqyv2j0/oXqOOqhFG52SG5bkrcMl4JC+cLRdKq01LXseQARjBXtHTHUkN2pmtkkHigfquddVno3aTUPG2RrGSazjhGa87KFE/fYKUx+toOFzbIYZ1Iy9kpsgI4RWkKCXZOEeOUYAKzD08omjB5Cr6yJ0EnjRtyD6KY13snnS4FrhkKA7VnAGkqRK3UDv3U2M5AKoJo57dUGRhzG45VxSTCVgcDs4JeCpLBIfyD6J8TtWxOE3SkwYOScN7lCKDpJoc08FOQEGY3ymNJ4T0Nn1BTBAijVjNcZZjKkh3ZLA3yMo4fayGHw6mq5ICMAnIUqN/AR+oqIxaayId9/ZVkNRkjPK6FUhbWUP6it0V26erqGVgcJIzge/ZeM19A6s6eqKWZv8ANpHHSO+F7gyTYAjIPK836goRaOqSx7f9zuTSN+ASuzpLMvBxddp9yPFIpDT1Ae07g7r1roG6aXMaZPK8AELzPqa2Nt15ngidlhcXN9grroy4ujmEbpMFpXZxmPJ5/S3vT6jZ6PbagaxqbyOFaW6cywjV9Tdiqa01TaymaSfMBgqxoyY5wAcB2xWC+OD2VNu4m1XGw7KLTyO3jJ3CmygEBQJv5U4k7LE+zcmSH5Kg1zdUDh91Oa4OaT7KJO3WNPqqDZWROzTmEhPp/NDpJ3ygg4mdGdscLsD/APeDDjsm0ywzNb+iD1DSR1Nulhe3UCw7LwipaaSvfHghuTse26+hq2LUCCMg7YXh3WdF8tdXytbhuogr2XhtTiSifLvrTS7obyslfqdn1U6hOkghwBVYx+WjI4RoZcbZK9xTLcj4rqHsmb6leJadpzuAp9E8mHQ87g4Co7FN4jPCceQranJhqgzkOWlrB0tJqPtR2qj07KbRVbnQCGQ50jCDVs1DOFFp5PDfuVlur3Hf0mplCSaLR0hjcHNVzRTiSMOJGVRahI0FSaKoLHBudlx9VTxk9n4zWfd9xoI3nOxUuM4H3VfA8PZkKXGTkYK48o47PW1WZWQzXHIGdkUEY5QNQTQTlU0aVLPZIzlNf9JSacjKT/pKoZkhT5yD6IeSUeo3aWgKMNioxFgQ8KO8asgnZHyMKM/kqIS3gg0mGvlYDsDsMp7s8ZQsCOpeRtqCKeUYpvJX1zceYp9IRJGMkLtwZri1t/DyodBJmTw+FeDPJ4ZKl8sulRonATSDO7jlSahuDlVbJCa8jgOZshLJdU3yiQdlDe7LhhSqrJhx3UAAh2CUSWBdnBYxuzSvz+Sq5icEFTGZDMZUZ48xOUSM1hWu/wC1Mz7ok3KDPtXNxx2Rncphimzz/wCLf/zhaP8AEvH2/S37BesfGGTFniaPVeURcN+3+i73j/8AbPiP1tPd5H/odd9J+yijJcpU/wBCixcrTJcnlY9BmnbK7krg4KS0R6JhMO1OJ2+6a1J7c4Tl0LGuJ7FDBOV0jAwkdkt9kHZ8uVFlkyiPlxkY5UNxzuFlvY2CHglzgrOAYaFXQjLgrRg/lpdayS07Lyoz+ESQ4Kjvcn5FYyMG7tlNhGGtUSMZICnNGGgIQbHg6mMJJ4T0amj82cKYBk+CRSRA42U4YiG6BGwNG2yVRIW4B3TYvBmlmTwcy6ecMA+yvoIxFGGYxgKttUGXGdw24GVbsBzlGeg8bp9r3MNFyDhXdJEGQgnk7qrpotb2t9VaVTvl4AfQKHpE1WskK6VsbWGIHJKrYAS3U4cpsp8WUv4yiOeImg9gEe3jJltu5yRLvXsoaKR4d5iMBeeSSvqJ3SE5zwrLqe7srJzBATpadz2VZTMzys85Z4OFq7HZZyGLQG5TYwSUpOyLEAcKkjG3tJETdgu1DsMT2ANbuo07wfKil0IzuZFlySE4cJo3clIQAs8ux8Y5GTO32K5GMJmfPhFA2Qdsa17H5B5OFXucXVRHZHqH6GEjlR2gCLxnDdLmGng5NJjDGt39F6t8OOmhHSMqJo8vlId+SwXRlq/i11D3t1NjX0P0tZ2xwsj0howB9khrcz3P0x41R/8AmbFz6NFbKYU1MHEdth7KvvdUDEIQN3HZW9a9tJAd9mjAVJS0Yra0SzuLj29AFogj2luZE2y0IbE3Ld3brSwQiNoGMfZApKUQgHHGwUzILTsnp4F1UZeWdIaAeMoRPKTjg8oZII3KpvB0a4ekJrHTPDB3WgtlG1jBkbqstdPqm8QjOFpKdoaM4XM1Wpf4I9D4/R4+9hhiNm6Bq1uwnzvzjCfBFk5XLk8HoFwuAtPEXEEhT2ANAAQoY8BSA0AZWZvJYVrw0ZwmTzgjYj9UCeYNGAoTpSdiSmVw3PDOd5HyMNNXww0tRnbZQpXnOVyV+DkqNNUN04OAPUruaTRvs+KfVX1eqoyjFjqmQAZyNgm2yirL7VtpKWPyn6n+ibaLRWdR1vgQtIpx9bjwvVLPZaKzUjaaljG3LjySu5TVtR+ffNed1Gtse1jOn+nKGxRjwYmulI87jvur5r9QyQoh5RmDGU7o8xNufYRdHK4kgACgjCWR6oeSlk+qgYQpoB9U13Y5XDUxMAdI4Nb3KuMchBl5j8TvjJRdFRvobZC2suI/4ecY/NZr4u/HKloC6x9IzCepOWOnB2GfQeyxHwz+Et460qxe7sC2lBLppZMnOew9VpglHlm2miMI/Lf/ANitsPTPUXxFvMlzurXVNVUFpx2jbvgL6O6J+Hdr6SpWyMiDql48ziOPsrnprpy39M0EdHSQjA3JPOVbudqCXdalwhV13ycR4QzABykSMIZJylk+qTnJkzyIk52KWSuJKBocSMcoZ3yuavdDMjR7oCDwe5Ka6o09kF8medsKHU18cecuxjuoQkz1LWDJ2Va+aWteIKUZzs444UWJ9Xd5/Dib5D+L2WpoKGKhhDGNGo8lE3ggC2WSOjjBe0PcdySrPSMAZ4XS4juotTViLDiON1SeSB3vEe5VRcLuJC6npzxyQhOnr7lVZadMeNj6qXS22Cnf4pbqcfXsiIV8FpfUMZJU5HOArCOkELQGjCl4zgBCqZRE3LlCHM7buVdV3IxyaIMOxsVHrK9z3aICfQqXbbOT/vFTuT9LfRTJCJFRVtfJrkBA/wAleUNDT0sTRoBcO5TnTQUbAwkALJdVdawUjDDB5j3IKPG4tLJd3rqmitEbnulA7AbbleXdQdWV13mI8ZwjGcAFVlfcZrjKZZXEjOQCeFGcMfkn11/sbGIMkuOSmJ52TFqSwWhIROUVCTB8EOLgQhHlLJ9UxQIKSMcoZ5SyfVDzlQM6kkuZGnWfp9UAKWTq4TgZwoFwvtstkRfU1AaewWEvfxHfK10NA12kHGo7ZUNENNKfRv6u7UFDE6Wqna3HAzysjeviNRU2W0gLyPRebV90rq+fxKmUu9B6IVNRz1btLGkkqHQr0cEszLO5dXXK6SOEkzmNPABVT4b6h+A4kn81prR0VNVHxJ2kBvYha+2dKW+jIc2BpcRuXDKg521Uf7Z55RdL1dXuIS777LVWvoiCINkqAM44AW0p6BrMYa0Y7AKQKbJG2FDLdrpy4RU0dmpKVuGxZ+6saelxgNaAFJbA1uMhFAawYAUMc7nPsGIWg5x+6foZ7LmlzjtsE9sZG5/zUEjHRcELgiz3UgtwMuCBPXUVIwySyjPohlLBEm+ghZgZIQJqiGnGZn6Qs3euu6alOmAavsVibt1jUVZcXTuwfwtKS7UjXTo52dnoVy6qt9JEfDf4jvQLE3XrWsqCWwhzBnglY+quji7Ic4Z91CdXHBJc79UuVm462m8fCPfZfVV7qqjIlkP6qtkrA0EgKomrSTjUQo5klmOlhOUreboaaMOi0dc3ZORn0UWor5jgZGECOiqpDqB2Kkfw4MAM5yhlPI77V2B+Ze45yujU/fTklSBHQM2ByUYPY3GiLAQOZe5L0QmUtRIR/LOFKits34gjfMVAbiJn/ogiaodkOkx7FA2wHJvhBYqCEf3pGyKYqBvPZRDPGwHxJgPfKizXagi5mBKpzRfxTfKLcTULdgwZS+Yaf7sZWcf1HQtyGnfsojupJQfJt6Ifliux0dJZI1/ikcswk6oa0ZOMLFSX2vfxLhRZbhWTDS+Y49iglcl0GtBPPJuHXKlad5Rt2yo779SM7j9ViNUhOfEd+qYWk8uygV+TQtDF/kbU9QUWO36qM7qKmGSNvzWR0n+pc0H1/ZU9QRaKtGoPUjMkNemG/Snj/NZsMAOUZqW75ehi0lRdG8TH8WPzTP4vN/V+6qU3BU+eXsGVFcOi4/i0vqP1TP4tMRsf3VaOU8AY4U+Z/oiriicK+oJJ8Q/qifPT95j+qrl3J9Sp8zL+OJNNQ8nPiH9V35qT/vD+qg5PqUsn1Kr5SfHEnfNSf94f1S+ak/7w/qoOp3qUtTv6j+qtW5KdUSybVSZ+o/qiCqfjn91XMLvUooJxyUakC60uCcal/Zw/VdFRLncqDqPqU9sulFuQr4kTvmX+qJ80/wDqVdrPqUTxPuryifGWDap/9QRBVuxgkKr8T7p+vBzuVOgJ1ZJ3jn+lFbUEnBAVe2TPZP8AECpWc4A2FmJWkZyP1TPGIKh+InCQFM+RAbGTfFd3Ce2odkBQtYXQ/vhFvK2stBUuwCR+6IJ2/iZkKtbOOEUSg9kOUC4uPRMNutNaCTE2OTHOFBqOl2BpdTyBx9Mp/ieyLDVOjO2f1V4K3zXKKWe0VkLdXhkj0woRBBwRghbFtfkYIJ+658tbql2t8LA487YyqnEOGpkvyMcktBV9Mh5dJSP47KnqKGppiRLGdu+EJqjfGRFSSSQjVyJJJJUQcmpJyLsptISSSSssSSSShAg5R8jRjKjpZPqoQMeVxJJQESSSShB6SSSgA9PHKE5FHKuKFsIOF1cB7LqIockkkoQSSSShBJJJKYIfrckuBwPBXV+QT9iiSSSUIJJJJQg5JJJQMSSSShBJJ6ShBJJJKEEkkkoQSSSShBJJJIRIkkklAJsekkkhbwCJJJJUQScw4cmpKAHKuniq4hHI37HuCqXx30dUaKqBwPok7FXqbV0EVbCWP2d2OOEYZVvOlhd2wvNusOo5625W+4WaJ2uxyudJn8W2Dj2W7nNRQRupa44jBwJFgeoLdLbLl/FaJjp6cnE8TR9TT3Rj60pHpPSfUtL1Ra2VkJDZQMSR9wVdj6XLxKx3mXpqvbcKCUPoKl+cDlmT9J+y9ot1XDcaNlZA4ESAEjPBVC7I4Ydhwd0QhsgwQCEIjJ9FyMlvfKgkqquGSim8wzG47H0R43bAg5U+eNk0Zje3IKpZRLb5fDky5jj5XIJFqWSza8EAOwR7rKXm2vslwfeKOMvpZwBNE38B/qAV+JC8bHGEdjWzxGGdoc1wwQe4VxeOQmiroqxxYyrpn62EZ27hXdLURztD2fmPRZh0bun7u2ma0/w6pGR38MlXEcbrfL47DrhkGfLuPutVVhnsryXTX5GCQF498ZfhEy+xv6j6chbHWsBdPE0bSj1A9V6q2ojnAdE7ZPLtQAK7Gg19mitVtTwznW0Z4PiSkmkcHU82dTDgg/6qZTVclE4jGqI8tK9n+MHwkZV+J1P01Bpqt3VELBgPx+Ie68OFR5RqG/BC+0eG8rX5CtWV9nJ1Olx0Cvtgir4zcrYABjL4x/0WQeNJLXDcHGCtvDPJTuE8Byw/Wz1UK52eluTjVUD2xTYyWu2GV67S6v8A5meF8z4pYdlff6Mg/DvK5mR6FVVZThji6MbFW0rZaeV0FRGWyNOCEGSMPbwuxXYmjwGs0yl9k1yZ8yvjf6KXT1QdjUu1dIM5AUAxuY7IH7pzZwbVKp49FhV0kFdCQ4b42KzlVRSU+cDICvKWqLdijTNhnhI0jJQygmIc4voy7ctzkIyPV0EgOWN2HKijUw6SFmnBxFBl0HsmjddQBBAV1CHKICMKEOpJJKEHpJJKEGJ6YnqEEkkkgAGHhRi12TspK5gKFg8FJG0jHCCeVC08nC0E5ITXNAGQE9JQvABwwcBNwEZJAVkDgIJByjpYb/T+6GUdwJBmi1YW06D+KFX0q+K13LVUUHDAD5ox7eqyr4x6ILofQYP6rLqNHDUQ2zO34bz+r8FqFfpXh+/00fV1qu1Jd6OKtoZmyxSDIIP7KwadQXy/0h1xe+jp/wDdD4tK764HOxn7FfQvS3Vtq6rt8dfb5Rh4w5hd5mO9CvE63xluklxyv2fqb6P+t9F9TUqvKjalynwXrPHadUB8/wDT+FSKO4U9ZmInTI3ZzT6qMHYOQcLk1LTVREmTFN/U3bK5+Guz2sp7SfNTvO7P0QAdJIcN1FpbnNRTfLV5JadmvVmWw1UYdG4b8EKFSxJckJ7Q5Rp6VxALQpUsEsDsv3B4IXWnbCOFuwyXaeM1yU9VQRTRGKoga9pGC0jIXhvxH+BVNWMlufSjWw1Bc57oXnDHH2I4/RfQ89PkccqsmpiDsMLo6fVSj0eX8x4LT6+v47VwfCFXT3C1VL6K4UjqeaNxa+N/IIRaerLCHDYr6366+HXT/WdCaW5Uwjmzlk7GjU37+oXzP198MOpugarFREKqgc4tjqoyS37HZdzT6xT4kfFPOfSF2gnvq+6H/oV9NdMkNldjKtI5YZWgscCsc2ZwwHDcqbTV74DqaMj0yunC72eIu06j0aTR7IWSx2cZUekusEwDXu0P9+FPwHbjdaoWbjE4T6D0lxkgOBt6q2p65tX5XPAKoAwdtlyKZ8D9bTuVoTyJlVu6NDUUoIyByqyamLdyE+C6P2EuSFP8SCpaNDmg+5Rg4lHspTFoI2wiNJapdTRPG4ACiPY5m2FCsh46h3fdHjmzthV7OUdh23ULwS8jGcoeoA8oWr3TiQe6hWEGL84826uLZeNm01Qdxs1xVAD6lMfkb5TITaYudUZG215wQnuwWnLgs1QXkxsEU51EcFWsdYJgNKa5KRllS49HauiZMCVnLlbtGdIWnM2BsOVDq42yDYcpVkE0Npm4mNkiMLwCETU17ccYVjcKLVlzW4wFVEPjdxwVklDDNsZpjvDcuOaHDGUVrw9uMIfhEDJQtBvgAQWuwU/nddADsghDLhFKIpDjPBUUsFFhaLlU2qqbUU8h58zexC9asl0prrSsnpZPMcBze7SvGQQMgHlTrHfqyx1QnhcS3PmbnYhNhbgxanTK1ZR9GWPqjwP90uIJDDgP9R7pnUPSDblI7qDpSqdSXPALRGfLN6hw/RZKy3uhv1K2aF7dZHmbncFaO03ua2P0PBdGO2ePsnKWTh3USrZM6e6tir6v+B3yD5C7Q5EkDj9QH4h91pwzHbCqblY+netYI55W+HOxuIZ4naXxu9yN1RUPUt16ZuLLD1oMMedNJXYw2Ye/oeE3DZkdMZc9NF51T0jbOrKD5WqHhTs3hnaPMw/6hecwydW/Da6COpp5nwRuyyXB8F7fU+i9iiIO43B3Ra6ho7xRuoLhCJIZAQQqCjqZZ2T5iLov4gUHU9OzU6NsxHmZnv7LZMczbDAvnXqD4eXzouT+OdIzz1MDXEyQZ/mMb7HuFqegfi/HWuFvu7wJ2YaC44yfQ+6gF+kjKO+jlHtDXeyJ4mk8Kvoq6GsiEkRBzyFJEjSFeTmf5JokyiB4KgeIc43RWSFxSyErJSyU1rhhdyFRDoJzuUQEYQE/JVrggRLI9UMn0KR34KvJAmR6pZHqh5Pqlk+qmSBEsj1THdt1xwPqpkgQkY5QyTlLJ9VxU3kh3JXEkshUQS7kpiShDrhkKor4HW94q4cmInMrBz91cIc7GvGHDIOxCtLLIV0NVHVRiWF2WlEaqWrpamxVfzNM0vo5D52DfQfVXEMjJo2ysILXDIIRSWCBBwVR9S9O09/oXQSNHjMBMT+7XK87FC07lUnjkOMmmeIyRVNtqpLZcmaZmZBBGzm+vuqmOsrug7qy+WmJ81sldqrqNp7nl7fRew9ZdJwdQ0fixgMq4RmOQcn2K82pXTN1Udwg0ysJaWnumOW46FVqfEuj0iy3u3363x3O2TNlhkGduWn0PorVrwfT9V4ZR3Wp+GN1/iMBe/p2qcBU07d/Df2IH6r2S2VUFxoYrlSTNkp5m6mOac5VibNPs+5dE/I9Vx5Gk5Uck55K5k+qYJbGSta8FpGQVUV1MYjs3U0q6QpohI3STj8lCR7MdU09VR1XztO46PxNU4zsq4dTXYP+RUm4RmlLmyjynj3VSGvpyZIzlhOSPZGMTwUXWlg/i9pkMbR48OZIz74Xl7AHtw8Ye3yuB7Ecr3IuD8O7ei896/sMNumffaWPTE8AytaO/rhU1lHR0eox9jKHp+6stdeynqA51NO4ZbnYFZ3rvpY2aq/jFE/VTTebyjg+vsrgwR1UALe4y0jsVb2SshvFJV9MXCMF2gFuo/V7j3XN1em3Lg9j4HzD8fqE5fi+zH9PXZtzg+TqSHEN8pPcItVRvo35GTHnY+izt3ttd0jeX0UhLQ06o3DjGdgtXQ1TbrbwXYLsbry+p0+18H3LxPl4amK54ZyTwLnSeBUMBI4d3Huq+019Rbqw0MzyWA4GUUiSjlB3wP3Q73CKiFlfTDDo9nAcrC1sZ6Dcsbo9mguFM2rpi3k4yF53ebe6jmP9JK2nT1zdVRfLzOyQPLn0QOobT80x2gbgZCJcga2uGpo3x7MAdwR7KHI0YUyoDoHOjeNwcFQnglGzxt69EGcb7KHK0nsrGZoPKhSgZ2V4ORqERU9pwFwgasYXAcKGSMuSbTSnOFZwSYwVRxuwdhyrOmkGBlLaOppLXnBpLXUFpA9VIvdOZ4fFDeAquhnEZBx7rTRhtXR7jsks9RW1ZXsMU0FrtJG4U+hmLZGkHCBcoPlqgsxjKjFxPBwoZMuqzBs6acSAPBCmhweM4yVmrTXAkQErRQObp0k8qHSqsJVHVaJPDfsDwrxjssxqBWamDoT4mFa22oZOxuH7jYhRrPB1Kbf2TiCd10B3psibYzhcJGOEnZk6CeVkc05ac+ijvG6MGEFNlbgbIcBEYkhwwp1NMSAFD7lJkuDwqJXPay8gnJwhV9MJ/wCczZwG6jwS5xlS2P1DjKE2xnu5B0s7w0RSHPpnkJ9RDw4IFZF/xIyQfZPpqh0sXhyOGWpMo5GKa9nGZYQfRWFHVvgIx2UFzd8+qReWuBAWWccj6ZqDyemdPXumnibGTh523PdX749TQvKrRcBTytztvlei2iudV05DnZ0gYPssM4NM9HpNTGyPAcl1LIHkZb7KYMStD4yCEEs1A6twVHpJXU074pPocdvZJbwb+yxibHIHQTtBa8YIPdeddY9KVFmqv4pa2nQTqc0L0WaNw0ysHHdSHMp7nSupahoOoYVIVbXujweedLdVF4ax78ObsWkrdwSR3KAjyuaRuD3XmfVHTU3TlV49OC1pdkEcFWXTHU7mlrXvw4cj1TFhmVZXDOdTWB1krm3Wjy1gOS0K3tVwguFOHagXY39loddFe6Qxva1wcN89isBX0dX0rcfFja4073fkrGpl/WU4OwH7qlrKU6SMDBWjo5Y7jStqY8YI3GdwotXSZ4AVPlFtKZg6+hELtt/dWPS/UH8Nq2NlOADjOVPuFCHn6QsvXQPppiwN/NZ5rJnk3TNSR9B2mvjr6dsrCN2g8qyEvh4GF5N8P+qBAxlLUvO3lySvT4JhONuDwVzbq8nX096tjkntkDhldaSDyorAQfqR2uG+SsMq8M3RkkTopMDtujk6uCqxrzGR3UmOTUN0vDD5bD1EQnidG7uFXUUstuqTDMCY3bA+inmYeiiXCn+bi0tGHDcIMAl5HIHDIIIKe7cKgstfK1xoak+Zgy3PcK8a/wBkOARmotcjsIxnI3QnN2znhDY85wUBRLPCAeT90YHLUE8n7oAToPZFZwgg4KICCMZRkIV3hbNSOaN1i4X6J3Rn8Jwt1M3BwdwsdfaMUlYZg3yybjC0UzISI3jCz/XlrNfZXVMTczUp1tI9lcUnmaDnIU1scc0T6eQZbI0jddTT2bZpmTUQUoM+eeraVtbb4rpEwa2gCQj91mLXVGlq45QdiRlejXa1igrLl03IzA80kee4XmEjfAnfFjdpXo6rVNHiNXF1X7z3Ppq5gwxOa7IcBlaslwLXt7bryToS4vngMJdvGvVbVUNqqcB272jH3S9RDKPS6DUqcEy7jeJIdTTyFBrYXOZlvITqCQaXRO2IKlOZrGPVcqXZ3IS3IrqOfUwMecObsUZzdXdQHF1NUljh+JTQfEZsd0LGFNVxmKtaezkwu8OsbJ/UpN2jcYg9o3acgqDNmanbM36mEI4vDEzWUWMuHjOOF5p8QbY06qhkQw4HK9Lp8TRgjfIWe6ttoqqKQadwCQu3oL/jkpHnPN6OGq08kzwqJ51Pid9TUWElr8+nZR6nMVa8DbDiE5kzdRX0jRXboKR+bfI1bL5R/Rren6ombGQMLT4xKx45CwtknEc+ScLaQv1tDwcrp53IXpZYlgnTPMsRLOcKsbIQ7YKwpt3YPoodXF4MxIGxS5I7VVjSJdNMcAHdSmOIcCFVwP0424VgyUOAAC5+ojk7uh1jTSZdUVUcAHBVkyXIzjlZykk0vByVd07wQNlw76cdH0Dx+p+WHZNa455RsYAUdnZSCQAFjxhnZhLIkksgJKx+W0DeNjlQXZDirJ+Pw+igVAw3I9ULFTlg4SQCo7xjKK14cOUJ3dEomac88ECqyHhwRdi3GRum1rcxnHOUPOWgA9kS7AFUf3LxnkKlpnmOoacd1bPBIOT2VVVFsB8THc8JkkZ5vks5CHtP2VRNmOrhcB2wVZ0rjNFlVVyeYKpgcNgULWOSs8FjKMgKr8X/AHhwxsrQOD4w4cEKlmdond91UnkXJ5LKMgsUKqPm2KNActacoFX/AHzvsrQmx8FdU/8AaYj6p8m4TKn/ALTEnS/SnxWTDJnm/wAYSDa4wDvleVwg+X7f6L074uuApqZpPJOV5tEAWtx6LuaD/bPh/wBYy3+Sf+AdTs3CjxotUdwEyPgLX2zzkUkESSSTEUFZ3Ti/IxhNj7ru2OUxC5dgnblcP0ldPKTtmoJMiAv7/ZRCRnGVIcRkoQ5ysNs8vBojwgtMDnhWI+hQ6UDI2Uz8KKt4Qqx5Bu5KDnLk9wwcrrW5dlFNNAZwgkbMbkIyTG7cp2n3VJCm8jADlTqceUHCjMYCeFNgGGhPjwBYGacZKBGXz1Hrvhdmdjb1U23QxsjEhbkn1Vp5GaWl2TTJtOxzWtYrCMDSD6oEbRgKTA3xHBgKYerpq29FjbWAykkcKPeqzXIIGHjlSzNHS02pjcEKke4ySOlcclyNRHXTaW07Cz1VL1NdTRxeBG4ZI3VrPUfLxGT0XnfUFxdV1rsnIBKC6ahHBzLrHtwQmOdNIXAcncqawBowOyHRw6Y9ThglHIycLKsvlnMteRNbkqQxmSFxgyjtbtlPSETfoTtm8qvlkJcpNTIAdKiNal2MqMfY5qBUOIwAUZxA2QZN0iUscD4L9jGAl2yOW4YmRjAGQnyPw3CHKGbcvBCny52OwXGN+YlbSs31bJ058KN0mFovh9Y33G4sqnwlzM4GyROWODpaDRT1F0a0eg/DzpU0MEWuIBxC9eoKRtJEM8qp6dtoiY15ZgNGAravmLIjGOXIUn2fWNLp46atQiQrjO6rqRAw5Y0/qVb2yhZCxri3c7kqvtdL4kniubkDur+NgwAOE6MtpojDPZIY0aeNk3b1S2aCCd0LPumSnk01wwJ65DC6R4ASkIxlWNrpw9niFZ9RYoxydHR0fLYkWdBTxxxAhmFNH0oUbg1oGnhP0lxG+FxrbcvJ6qqtVR2oTQ5zx6KyposAHCBTw7tLgrFuljQPRY7J56Ht4EPKMlBnqNgAQuVE4OwGFAfINzlSiudr+052v1q01bbeAs8hcQcoBeQMkoLqg5xjKBPOXYaBv6L0Wg0eOZo+F/WH1jGmLhGR2rqg3uAMZU2w9M1XUOZJQGU3qe6l9PdKOuc7ZrhH/JG5ae69DjpoIABC3Su1GCr6PgHlvM2eRfLAW220lrpWUtLGGho3d3Ks2N8o3UYDHdHj4Iymo4YVJJJQDA9JMSUBCpLje6rL71Db+n7fJcLi/REzlElkiTfROr7lRWuA1NbKGRgZ37r51+K/xvqLm6exWDTFBuDMw7keiyfxN+MV16xuRsVqkd8s5xaxreXewXpHwY+ArLX4XVXVpfJWud4sFLIP7vPd2+/bsnJbeTqVaaOmj813/YpfhL8EK28zx9R9VxOZT69QglGHyt7H2H6r6OoqSnoKVlHTtDImDACe3buk7chItsb4RhuvlfLcx/8AouEjC5nAwULJ1JL5FjjyuLuRp5Q3OGDujBG5C4cHumEnKa52ByoEOJx3UaSXSMpkk4zseFSXC7Bkpha4yO7AK0skJ9XdY6fIdg5HCg0VBV3eQOOprHHfbsnWawVtfUisr26WndoPYLaU0TKYYa0ABXKOCEeht0NBEI4279ypDnNaNROyU0vhgkjYclU1TWT1zhTUeRn6neiXKLITay6QtBbGdTuMBCpqaWqAdU7Z3AUmgtENM7xnt1SHnPqrDQ3OQMKiEaKmbC3DRsUiA0ZJwEfYKmu98p6HUxvncO2d0ZAtfdaaijLy4OOOMqiZLXXt5fvGxNt9tqblUfNVTTh30t9FoxFSUNLpwBp/dUQj2+1xUrhJNpeQNh7qRU1QiaRqAwoFRco4Rl7seiwF+6knqZnwwyHHGQUca3LktLJP6i6tw407X59wsNVSmomdISdyiTZecuOT3QtPutEYbR0Yg0UjK6cDfKEZMgghO6LOJh4SJG6GSc8ohkI5GvOShp2cJh4RjBqak44KGSByVC0s9Bj6IeOyorx1jarW1zdZklb+ALA3zr+7XJ+mHEDP8OxKhqr0srD0O69V2q1BzKiX+Y3lqwV6+I9XUaqe3ucyPOxKyk1RNWP1zSF7j6nKLRWuprJmxwsO/JwodCrTwq5mMqK2rrXF9TM95PqcrlJQ1FS4CJhP5LZ2vok6h8wRjncLV0Fjo6IARQtzjc4UCsuhWsQMVa+ipn6H1WBnfGOy19t6ft9CQ9kLS7HJCthEAQCEbw2gDChz7L5yfYFkTW7BoCI2Jo4C74gHZcDZJNgw7n0UEbmxwAbwuNmB7KRHQSOGqQ6W+5TgaGDbIJ9ULeAZNgXRSyEaAnMhI+op5qmn+4OAoVZdKeljL55gw9lRIxcuid5Y8Z4QKq40dMAROAfdYe99fxwyGGnl1HHPosVcr/W1hJdM4A8YKGdqibKNFOz8kb68fEBkUphaQQO+VhLp1TV1r3B0rtOdsFZ6qqmkkl2ThQXVmFnlejr6fQVw5LWStL8kncqBJKMk5UVs0kjvKE/wny4JBCz2W5ZthBQ4Q185OyG5xPdHFO3BLiAPuhuqLZTDU+Tf7pLtSHKD9HGQtcQXtLlJGsNAigGVXTdQ0MAxC0vPYBQp+p6oD+THgH1QS1EUNjRZLpGhiFYT536R6Lkz6doxUThoWSlv1xmOdeMKA99RUEukkcc+pSnqBq0efyNi+6WSmdkyaio1T1ZRwtzS5cfTCywpjnJOU7wGuxwEuV8n+I3+HCPfJbVHVtVM0MjZo9TlQnXWulJzOd1GdG0fSAE0AjhKds5dsbGquHSHumqHnMjyfzQzqPdFw07JeHnhpVqUmW3FPgGxoCdgeieKepcfLGT+Skx2qslxpYr5YbsjEiPGUm49VZtsVafqbgIrOnnDd7VMAPUQRUpK9bZaccogtlK0ZxwijHJS1MX0Z4Ensn6PZX5oqVowW7BM8K3jkYUlHAHzt+ijDMnGEQQOG+nZW5ZbwCW8oQfHnYDAVqKYfysrhA8/hT/liRnH7qYainAxkIJnBJwArcAZSbAeCfRLwT6Ihlx2S8f/AApeChnh+65p90QHV7YXRgd0STYYHBSwUfATXAYRYIJIbIbmELmMINpWR4lx+FOEuT9PKHp91xuxRNcF9hgARlPwExuwCIl5YBzJHIRENyIjTZBySWQlkI5SwAGXQTnlMDx3KWtvqgA7DDPOV3LvX9kzISyFeSto8TkHhEEvbCBlvquB2OyPAMoJExr87orXgDBKhImSrUmgGskrWiCQEbqGHogenKYnb+iU17s8o7XgYOf3UDU3sU5rt/VRSyC6y2pq10bh6einCajmGJ42kHvhZ8S4x7IgnwMaiqB2tdFlW9O0VW3XT4aT6Kirum6yly5oLh9lYxVsrBhrzgK2pL1G9ojqmhw91CRssqfZg5IZYjh7CExej1FttVzZlmlrj2KoLp03JTgvjjJH2QyjuNEdSnxIzKSleAQcY2XDHjsoMjJT5RGSR9JXMFQPAFJE0+64dlBmRJLun3S0+6hMnEsFdHKeAMKEOpJJKAiT0xPUIOPCcBnuhHhOBwjM8gjCcgdkUcILPqCKCMKADkkklAxJyanKIgkkkk5Ih+sbHOBGVLaARyo8sYGCEopeGlfjs/Y+MkhJcByuqAiSSSUIJOTU5QtCSSSUCEkkkoQekkkoQSSSShBJJJKEEkkkhEiSSSUEzTEkkkgBHpJJKBiSHKSShAgIwuggHKFkpZKMvISqpIKyMxTtDmkELIXC3S2qoLJGB1M4eV2M4C2TXJSxwzMMcrGvaeQ4ZRFRk0eH9YdFV8TTd+mx8zCcumpB3/xD0Vx8Per3UBZFXhwgmAaCfwnsVsLhbJrTM6WmBdTyZy0b6c/6KifaqCZ/h6APEydQHCgxfd2eihwI1Dg8Lmn3WasFdVU8rrTXSFwYMwvcdyPTK0se42UFzWDiHUUrKuMxvG3+SJjC6DhCCngz8bzSTmnmJwD5SVZseCBsiXChZWxFpGHDcEcgqnpap9PL8lU/XwwnuoEnuLeqo4bjTmGYDjZ3oqi3ST0kj7RWjJaCY3k7OaraCQ43G6DX29tbCS3yzNGWOPZGngFxBmCSm/nRnLe4UpkgmYHMP3Ci224icfJVTdE8Y0kH8XuESoY6lf40Iy08hPrlgTZWmSh5tivF/i38HRUmbqXp2LFUcvqYWjyye4HYr2SnnbK3U38x6KSMObghdzxvk7dDarKzBbSmfEMGppyOD2RhjOoDBXtnxb+EbHPm6i6Zp/5r/PNTMGzj3cPReHvkLNsb+i+veH8xX5CtTg/u9o4ur0vtEe62mC5sySGTDh4HP3WSqKWaildFMzDmnnsVtGuJ5Uato4ayIxytyTwfRew0erfUmeI8v4KGpTthxJGGlAkyAOygy0/Oy0tdZjSY0Ny091WzUTgM4XcrtjNcHzjX+PspzGxYKJ8RB1ALsMjjsVLqIMdsKKWEZKeeetq+MKWgtKraii1ZcAprHkEZCKXNcNlJwUjM28lDITE7BHKTXahlWs9FFPuRuFAlpvDJACyypwFGWQa6D2XEhylNYHhBwurgIwlkKEOpJJKEEkkkoQSSSShBJJJKEEeFGLXZOykrmAgBB4KSNpGOEIg5ULTycSSSULApIya/6SoDgCuFoXTykhkskAuYNlLs14uXTtwZc7VLpkbs5vZ7fQhBIymuZkYWa6iFnE1lGvRay7QXK+iTUl0fQHQ/xCoOp6JjHObHWsH82Eu3b/1WzZNntyvkqN09PK2aCV8cjTlr2uwR+a9l6C+KFNXQxWq+yhlW0YbITgSAevuvKeR8S4N2U9fo/RX0Z/4jVeUxpfIfbZ+/TPVP5c7dErA5vugMbU20l9C7VGd/DcePsuRzbDHdFacrhNNcM+tqcbFmDJ1HcYLgzS4AO7tK5LTPidloy1QTTMkOpvkd/U3Yp8N0NHJ4Fwf5DsHIdpbWSTr1DB57oMkAkHopuiCpb4lPI1wPcFAILHFrhhHGW0VZVGa5KuppDnyhVtwoYauI09VAyWJ4w5kjQ5pHuCtIQCDkKJPThx2aFspvwzj6rx8VzFHzh8R/7PLHeNeuinFkh3dRufsf+X/5fReGVdPX2qpdR3KmkhkacEPbgL71kpnNxthZLrL4bdOdaweFdqUNeAcSx4a78z3XWp1jXZ80899FU6lys0/2y/R8btla7gq2orrJE1sb8OA4OVouuvgv1F0UXVtNIK+26iBLG0gs9isOyXTgE/uupRqdx8n1ni9Ro5bL4tGsp6mGYeV43RXtBwSVl45nA5Y7BVnR3N7HBsp29V0oXZ7OZOraWTwW4HKNBMWYI5TY5aapYBHJl/AC66B3GVo3Iw2c8MnsuGQGzuTpDBI3LH5yqpuSdzwjNJGCCryKcMBjH5tkhsmiTthdG6JSyTB3JSyUkkRQ/OFxNSUId043UmnuD4XAdh2UfITSAe6tPALjkvoa9kjRvuUR8vqs6yR8Zy0qbT1moYldwr+RsTKrBYSMa4EkdlU1lHlxIbyrJkrTsDnK65rXZygnhlxk4vkzr43wvA0omz24wrGspmnOlqgRxmInIzlJwad+SO6NzTshyNBGcZVg5rXtJx2UR8Zz6IZRwWpZIheWkDCIcFvK7IwHgIektKEPbkl2i6Vtmq21VHIWuB4J2K9f6b6lo+oaUEOayoaPOz3XizTyPVSbXcKu1VbaukkLXN535CZCbizHqNMrej3ynnqKOQSU0pYQc4B2K1dPdrL1HS/w29U7NxpIlYHsd+q8u6V6pgvsQa94ZO0btJ5WnZkHJA+63VzU0ee1FM6p88Fmymvnw+JZG2W6WEuB8z8zUwP4uDlq2NvrqavpmVVJI2SN4yCCs9aOo5aRrY6rLm8avRHqenmir/jfQ9TTUrnAulo8nwZnHkgbAORmVrKy+zUsOo7jhY/rX4WWbql5rrVi33UbxzRDBcf8WFcWq/Q1Ez6G5N+Ur4TpkgdyHe3srxpI3wfuqYEbZUyzE8c6d686i6Cun8E6yic1mkNFRvokHYg917bZeoKO6UsdVSyh7JACCDlVV7sNs6kt0luu1OJYpBjgZC8mu/S3WvworBdemPGuVkecS05J1Rj1z/6Kn0MVcNZzHiX/AJM+hWS69wjNd7LzXoH4rWLqunZCJmw1bdnQvduPz7r0GOcEbhLfZgsqnVLZNckxs7uEZsmQFB8QE4Tg45VAYwTw4JwfnsoQcdtypLJAR9lCgmcpZyh5CWQqIGyPVLI9ULV7pavdQgVJMyF1QgkkxJQg9NyVxPUIJJJJQgkkklCAJWNkbpcAQdiCs/OypsNT4kYdJQyHdo3MZ/6LSKPIGyDS4Ajgg901kIcdWyojEsLgWu4IRNYwT/qqipp3WSo8eEk0Uh80Y/A49/spjZmytDmHY7hTgslNlydgsp1l0k65wuuVrcI66MZz2ctKO6IJFXQ6qW18ni0fhXKKW3XKmxkGOVjxsT6hVVlvl0+F90EFQZKnp+ofvk5MGfReodW9KMrM3K2sDKhoy5o4csY6Onu0Elur4AdtL2OCucc8rs2RtWNr6PRqWvpLhGypoJ2zwSNDmvadiCpAOV45ZLncfhpXimmc+osFQ4Bg5NOT/ovWaW40twpYquilbJFK3U1zTthSMm+GZrqtnMeUSEwkBInIyhknPKcBgHUxR1MZZI37FZ2op5KWQxuB0E7FaVRqynirIvDeMc4KpPJa/SKIMA3GMH3Ue40ENxpZKOoaHMkaW4PunPEtHP8ALVGQCfK71UnSMBMGwk63lHjFXQTdMXR9nrm+QnVC/tpJ2CZV0zwRW0bzHNHu1wOPyXpXWXTf+0NvHghoq4DqjcR9Q/pXmtFVPcDTzNPkOl7TsdkqUdywdaixTSbC3iipevOnXvmiaLlRNPhvHOe/+S81st2qbXVGGVxBY7S4H2XoU8ktmnZX0WQC7D29iFT/ABF6eFYYuqbPTgtmA+ZDew/q/L/VcjW6PdHcj330t5uOkt+G98PomTRtr6Zs8eDkZ2UWiqmxuNPM3ynYgqj6YvUsEopZZNUbuAey0FdCxx+YjZg98LzVteWfadJrPkgm/ZS1LpLNcg5udBdqH2K1tLUxXGmbI3GdOeVTVFNFc6PS8Ze0YB7qu6cub7fVGhnPBwMrNFuLwdKuxJ7X0N6vszRH85DHgg+bCxzmYB3XsF1o4qykOluQ9uV5ddqB9vqXQu9cj7JyZx/L6ONS+SPsp5R6KFOFYSbqJLtumcM8nbHKK+QYSRJhvso5OFDnyW1j2cqbTuwRuFCAweUaB2CCga4NWmltfJeUj+G55Wus8oLGw5G45WGppcELSWyoIALT2SWem0F2WH6joWPj8Vo3Hos3o7HZbmogbV0/h4zssjXUj4ZdGOEs1aylr/UQKjmME4etLR3AnDiFlHnQVPtta6N2h5yOygim5x7NiXCenyeUygmNPMfdRqGqDhjsi1sQwJGDnlQ6ld+Fk0lNOZWhzRnKlNdntwqOxV8Jb4Ehw7sSrxpztjGFGdam5WQyh+3ZBcwnJTgTlOI8qXg0Mhv5TTthPk5Q3bISuuSRBIWkBWMcuWgYVMyTB4U6CTICAdXPLJ7mh452VbOHwS6mHAzlWDCNJ33IUWZmeQgayPlJ9hIqkPaDtnunk5VectcPLjHupTJmkBLdeQoXPpklr9LgMLYdNXgQytY92Bp0rGatRCl0FWY5hq2WO6s6el1PxyyewwvjnjD4znKDUR48+N1S9O3mJzRDIfbladzWSxhzMLnzjyepqnvipEWgrsf7rUu54KkOJicHMHuoFXTOx4jG7hSqGrjqGNjk2e0YOUlsdnjBMqqKmvdC6mqo2uyNs9ivKL/07WdPVZliDvCzkFerMc+mfnPlJRrpbaS/0JjexpcAopYZnsqz0eb9O9ROa5oL8OHI9Vr6unpL/Qljg0ktXnd+stT0/W9wwnyuVx091A5jmgv37hHkz4a7I8NTVdK3AwVUjvl3uw0njC1gY2qiEjDlrhkH2Xb1Z6W/2/JYCXNyMeqyfTV7nsle+z3KQmIO0sc7lqNPJalh4Lqso9+P3WeuNtY9+S3PstxWQMkxIxuzh+SpK6hc7cAIGslzhvRg2yS26qIaSAHbL1PojqOergbDPICW7NJO+PRefXm3Pc4yMbuNio1iu8torQ55doOxHp7rJZDJKpOo+iGnLd+4XYydX1cLPdP3yOupmNMurIGDlXh83HZYboYZ1arVNEzAdjBynMdpwoscmk4zlSHDWAQcLNhGuMuA7SCR5kcAY5UAHB3KM1+3JSsILGSLcaSRx+ZpyWubvsplpuoqWiCc6ZW7b911VVTE+lqvHjaccoMFGrBB3BCZ4ZAyP0UOgrIqhrXtd9x6KxLg5uMIZRABtk7YRAcoEjCxwJHl7lFaAeEos5JnbC7CTwVzGU5qpkOyN1KovdCKqjdgeZu4VzkKNUR62EfkUVbwymYmhkLHGF3IVixxz7+qgXGndRV2to2cVLgeHgOB5XSplkzy+7gyPxPtBZHTdQ0rB4kRDZSO4Xi/WVIY6hl1iaNMwGoAYGV9LXahjudBLRyDLXtI+xXhl+tpFPW2ydvnpySz7Lv6SfHJ5byml5bRl+lLo+kuDHF2lrtnD1XtFhrxqY4O8rgAV8+0czhOA3Yg4XrvRlxbLCxkj8ubstlq3Iy+J1Di9jPTYMa9YPdTRIQAQOFUUsgcGEFWzHAtBXNsjhnsapZRW3GIl/jY5K5SztLMZ45U+ohEkTmkZ2WfhkdDVeEc8pQ/JPuOHQHbsqaMhsToTycq+eWyN0nsqEYp68h+cE7K08AzWUSrXIWAwuPm9E6405mheCOQcqNSuMd5b/SRwrio0k/Tst2nngwXVqcXFnzh1lSCguE0jRy49vdZ+CpORsvUvihZGtjlrI4diNS8nYNPZfQfE6hWV4/R+ffqzx38TWSeO2XdDVOZu3lbywzmal1PG+y84opNJAPdbbp6q8RvgkYwF6Oto8hXL47EaeMkEH0Xapgli1Y3AQI3YIwjluYypJZOvCW4gN2cMFTITkYyocrfDdpKJDJpIyVmshuOhRY4lpE7BBHZW1FPnAOFSxvGnCl0bsOySuXqav0e18PrIwSTNExwxnKKXbY9FXxyOcAMqUx2y5Fsf0e1qtUlwF1nP2T2uQk8HYpKZpTyOJ9T2UKpzpwFJPKDOzW3CnYuxkJrznGU5Rg4+M5p20o+ctTYxyY5yBTDU3CgtJ1EKwJBJVa84qnNxsUWGLlLCOnhVNzz4RI7Eq1mcBjdV9bpfG5mM5UwxDkGsk+uDONwoXUUYB1hEsLhGDG48nZE6ii8Wke8BVkrcKll1UjNO40hVlS0+KcqVYHeJRNDt8bINyAbLsFCDqRzi3BOcLlQP5pPsmUUmXOB7J9SQXqxE1lFdVYEjHeie45GUOtYQ0PynjdjfcJ8TI+zyb4wzYZTMHqvPaUkjJW1+LlQDWRUm5cNwsPS8EHsu1oVis+F/Vrz5KQqvfT7JjUpjk8pNWuHZ53lIImtI1DdcJATG7uTAmskgcJuSut4XEYKjh5OjlckOy6OUGoeOyVa8IL2AcTqKG3OoLn4k9h82650pch/0k2myACVJk+lCgw1oKdJ9K0ViXywbtiixDYbIOMEqVHwCmskkkPSSXQMnCsUSIe2ymYDW5yo0LdO/onzuw3H5ohFizgDl81Q1rd91fUkekAAcKstMIkPjEbnYK6jbobjG6ZE9B47T7Ybgurw24xkqbbY9vFKgM1TSgY2VmB4MYACcuztQlgVdL5dIKq3ShueEaqn33VXVz6IzKfwom9iyzBqbszaK3qa6tih+XY4B5Cx0bXVM+t24ByfdFvFU+sqXHVnJRqNgZEBj7rFOfyzwc+2YcEacALiScz6grxgxN5YZgJKNI7SwBchYSModU7AwETAissh1Dy54TmfSEM5LkTOGpUuRq4QKQkEAFDjJLt0pOSnsGMrPjLJnkIMYGyEXeJKGN4HKe92nb1TJC2khMr93uzpCXbLabdLU5y3egLmGuqmUdONRc4N/Ne7fD3pr5Omh/k+bAz7LzX4Z9Ny11c2vnj2O7R6br6KsFvbSQNw3ss6lvZ9C8FoFXH5posWRthYGNbgAKuDjX1RY36W7I9zqHDFPE7cjLiFLttFHDGDjLjuSVpS4PUx56JdLRiniAA37o8bcnGV0cLjiAEQ9RE8kd0J7tIyd1wu35Q3kFw3VN4HwfoPTh9RO2MDkrVUlP4bGgMAwFUWOkIJme3bgK71YH2XJ1N+57T0njtPsipMfho9AnU7S9+cKOMvd3VtSQeGwOcN1zJ2Z4Ou3gNG0MaEKeTjBRJ3AYAUKR225V11Ozox6vVR08d0hksxPKiSzOxkDICU8w1YUOaWWeV1DQu1SP7+i9HoNJtjwj4h9a/WMKIuEZDzUnOlrdzwtV070s55bW1ZBed913pfpVsEbKq4DXI3cZG2VsImYPGAOy68IbT83eU8rPyNrskEjaGgNaAAPQKQMYG6EON04AphxvYRFQRwjJjDQkkkkJBx4XMbBOJABd2CzPX3xAsPw8sxu97l3dkQwg4dK4YyB+oUxki+57Y9k3qzrKydF2p92vVQ2OIAloJwXkdh+q+SOsevetfjFfhbLNQzGGZxEUEbs4A7k+6hGs64+PfVb6cSvEAGqKnY0+HE0H0zt/6L6o+GPwnsvw9tzDDHruEu80vILccBNTUDrxhV46tysadnpfoofg18B7J0DCLveWmsvsjQ7W45bB6aT+f+S9afIG4HJK5gAk+qGWnOSVUptnIv1VuolumE1Z3SzlcGySRgA6/PY4Qi0AfUE+SZreN1ELy4qwwpd7oRcdyuE+pQ3OA3KhAmtRaupDBpJxlDq66GmhdNM8NaO5WciNy6rnfT21pFP+KoHGPQFWkQfWXeern+SoGanu21ZWg6e6YFO/52vAfPgFvoFbWTpuitVMxhia+UDdxCttLceQDbbZVKRAI8ozgYCh1tyioojI879hnlVt96iMDhb7e0zVjzgRt9fdOtPTtRIGV96f4k7txGD5Wn7KZIMjhud+f8y7xqemHI41K+paCGjY1kYz6lGiBDdIPlHZGVt5IM8NuOEjpaMl2F2R7I26nnA9VUTVss8roKQEj+v0VEJNbVMGI4DqkI2Cp22ZoqTW1g3PPopXi09uY+apkBeB+apKy+T1jTFESGnuVCFnWXQQeSmI/JRPng/JqZcfdVwBYMk7+5WYvl7E7zS0zvp2c5MhBssJ1N1AZ5XU1GeNifZZkHOSUd+DuTugvcAFpjHA2MRh5TE0yNyhOcMcow0sji84O6Ce6TskkZQlBqgPyVxJce4M+rb7og1F9IZIDsmjSASXBUF/62s1nPhSPc+YbFgXnV/wCvrndHOhp3mCHsGbH9UZpp0s7ZYa4N9fetbPassbI6WZv4GrBXbr+7XN7mt0wsP9Gxwsq6R8r9T3lzncknJUymtVdW4+VhLsqHTroqo7QOed8z/EfIS49yj2+21FxnEcbDjucLVWboiOJzZ7i5shxkNHZaymoKanaGQQMbj0Cgq3UwjxAzNn6Iiif4lY0HHAWopKGClGiGBjWj0AU2KIu5CksjaO3ChjlfKXZGZAfTGUaIAZ/yRQzOw3Umnt0sxBcNihcsCJTyRMZ+ndHgoqubBMRa098I81TZbc13jSB0jMggKnrerqmdpgoiWRjjKHeRJyLZ8NJTDVVEfbKjVPUFNGNFJHuNuFl3zTzv1zzOd65KFU3mhomeZ+SPRTchkKJy6Lqor6mpbl8ha0b4zhV8t4t1JtPU7rI3PquWXLY/KMckrKV3UDMuMkms+mUl3pGyrx85v7kby49cva5zbeC0DbJ7rH3G+vnkL6qpccnOCdlm6i8VE5LadpAAUOKmq6l2qqJwkzv9HVq0Ma1ksq67QOJDGkn1Va+41tQdDOPRF+Wt8QJlkwR7oE16ooWFkUQcRxhZZ3nQrpfpBY6asmy5+APXK7/udP5qh427KnqL3USZ0nSD7qBJM+c5e8kpU7GaYafPDNDUXy10jMwNLnDsFVVHUdZPkRAMCrXMGdhlEhppCAQ3OUhycx0aK48se6trJj5pSFHk1PdqcSSeVOgttTJwzAKk/wAGkGPEPPoqacuwnOqt8FOGNHYJbeivBaaFg1SPwu+HbGds49kPxlfMn+JSNI40J5p5zjw4jkq48e3s4jGfsmfxJrCRHHt9larZPkn6RWst9wfzFsiiy1z/APh/uphujzwSPyTDcp3/AEuOPup8RN9j9YOs6bDmh0j2h3cZRhYqWIgOkB9VGM0zjkPcSfdcAq3/AFA4+6Yqogtz/ZPZbrSwZcckLo/ho2AGyh/LzO5aTn3T2W2VxzwrVeAHNdNk11bSRMw1rePRRhdoG7g4T/4RK/GTt9k9tiDsZiH33RbQJWQ9sjyXsnZsiD/E53g+Y4VtF06zYlgUqOwx5/ugjVZXzUpGbNZOT9RQ/GqSdnuWubYohjMQRRZ4QMCAIviB/l1roxpbXP3BOF1tHWS4DyQtoLWWjDYhj/lTv4c/jQP/ACoZU7hUtavRkG2icjc4Rm2WfGNYWp/h0n9H7Jfw+X0P6K40L+oFa6foywsUurdwKkixR48zR+qvjbZT2P6Jfw2b3RfFFdICWtnIpW2WlzuUZtmpDsrT+HS/0/su/wANm9ELrwD/AC5/srRYKQjZ4z91z/Zhh3A2VmKOccNIRGxVjfsrVaJ/Ln+yil6VmG7JeexCiv6ero98Ahatr5QMFpz3TxNwXDYK/iXpBx1c12YqW2VcY3i4UIxvBwWkY9l6G6WCTyjBzzshi3UMwIfEN+dkLrS9DVq/2efEY2ykBlbmq6Uoahn8rMbvUKun6LqI2FzJB7ZCXKP6Gw1db7ZmBtlEG6sKnp2vgbr0h49goL4pYjh7C0jsQlOPI53wn0wSS7j0KWChfA07rd6pa3eq5pXdPuoVkJkpZKSSgI/JSyVxJQgTJSHKGkmgBwRhODgEHJSyfVQEkgnO5RAdtyo6fkqC8JhCSMbojXISeDhWmWF1e6WSgtznkoo4TMoVgK1xBzlGY7uoqfkqwJRyTGVLm43I+xV1QX4Mb4U+JWY4d2WbGyKzYjZQVZWn2aKe32m5xn5Zwied8HsVQ19hqqXLjHlvZw4RI3HnJCtae7TRM8OYCVno5QGMpQ6Mn4WMgjdAdg5BGFtJqC13NuY8QyntwqCttFVRyFs0RaBwccqYHwv/AGUvhnO4XDGfRTzC0DcIOgoJJvoerQGClgouj2XMBRPIxSyMAOU8cJYC7lQMSYknqEGJJJKEHrun3QUUcoxTWAq6D2TWfSE4coQAg4XVwHsuoiCSSSURBJyanJiIfrOT2JygDIOVwE55Ri0EL8en7LxtHMk2wUYHKhnLSjxkbqk8lBkkklYoSSSShBySSSgYkkklCD0kklCCSSSUIJJJJQgkkklAZdCSSSUEsSSSSEAekkkhayQSSSSogkkkkZAq7kriSIAc5ocC1wBB7FZa+WKaAmsoQS3lzB2+y1S6McEZChaeDDUVbHVDwZyPEZwe4WnslaZAaadwJaPKT3Cqr90sHvNztIEczd3sHDwqq23XxX+DNmKVpxvscqBPk37ox2KFK3GO6j26tM0Yildl4Gx9VMeNs+iEEbG4DnuoN1tUVbHrYMPG4I5BUokkogaCBvuVCJ4KGhrJIZPlKwYe3YOPBVyA0gbjIQqyghqQXOZv6qupqiamlNJVZ0/gerbwFL7glzoXPe2tpsCWPcj+oItFWMqmaX4DhsQVKGHAEHIVTW00tJMaiHOknJAUjYAyRUxupH+NCMtP1NUqCdkzNbfzHomUsraqHD8E4USobLQSeJHuw8haI27RFkMstRg9l458Wfg9DV+L1D03F/Od5poWtyXu7uXrdPUMnj1sPPI9FJzqBA2XV0Hk7dFarK3wY7qN3B8SyweDsefuh87r334s/CiGpEvUFggwXeaeNoySe5XhTotBx/qvsfhvNV6+pSi+faOLqtH7RBqYhKzS5VFTbTKDowCtA9mRyoz4x/SvU6bVPtHmNf42vUrbNGNrrfLEcubt9lTzt0nheh1FNHUM8N4znv6LOXexyxs8WJocBzgLvabVp8SPm/mvp2ymLlWZgtz2TCXNUl8ZbnykYQSNR4XRUlJZR4m2l1cMdE72QqiEPXdQaQE8yAjJQPoUirmgc08IJBbyFbua1/ZRJoO7W4SJQyHGWSJkroJyk5pHZcGc7hL6HZTCDhdXARhLIQFnUkklCCSSSUIJJcyF1QgkkklRBLhAxldSQggyFxEIHKGeVAhJJJKEApIyShWBiaWpySBrIILA9F3GPM3Zw4PouJJMq88Bxck+Gbror4oVdmmhoL2/xaV3lM2caD22XtFBcqevgZU0r2vjkAIIK+WpBnC0PS/XN16bkjgEhkpcnUwnj7Lz/kPFbs21H2D6N/8AEO3Szho9e24+n/7n0pHJkA4TpGRTNLJmNcD2Kz3TXUlFe6Rk0MrSXAZ3V1I/cDJC8zZBw7P0LpNZTrYKymSaGxsltgM1EC9gO7CeysqWupblEHAhrjsQeQVCY7sTlRqmmY5wfHmN/wDU3ZKayaXJMt5ad8R9R6oIeDyFGo72+mAp61pJGwf6hWnykFWPGpZWlx3Lcqk3EvBEfA2QbeigzUqsZGSU5w9pCG4By013NGDU6SFnOOSnqbZDUQmKVmx9Oy8j65+A1ou4fV2YeBPucZwF7e6MkIPgDO7eFur1M4vKPO6/wdGrrdV0U0z4Xv3St76VqDT3amLCDjI3CrI58nGF9zXzpSy9Q07oLnTa2uHLcArwLr3+z5U0T3V/TDw5u7jHjchdrS6xS4mfIPN/Rd+lm56V7onkUFY6E6mjBIwrWjvzYgG1O4Cqq22VttkLKyLRtsexUQSZOMcLqwnu5R4PUaV1Tddqw0bbVRVkfiQHcjcDsguiLRwSPus3BXTU5HhnCuaS9MkAbUgfqnqfHJisokuiVq3IwiNeEo3084zCmS00g3Gf1TU89GfZ+woIPBC6og1RndHZJqGccoypRwdSTs5SyFATmSlkriShB6SYkoASo6h0ZAUyKcEBVmcbpCY/ooA45LZ2l45UOeEcgbrkNSXEByNqDlCdEMtLTg90yWIFoOFNlhDsHHCC5pbgAIGshRlyQS3BwUKWMYGFOlizuG4/NR3DYgpSjgfuILhpKKwgjCbI3OUBri0quiYyTaWqqKCoZU0sha5p9eV6r0h1nTXiNtLO9rKsDDWk/UvJIyHjddY6emmZPTvLHsOQ4HdaKrNrM2p00dTHEj6QhaHtw5uCPdTaSsnoHh9NI5nqGnGV510V15FcYWUNxeG1TRgOJwHL0Cnc2UBwO2FrjNM8zfp56eW2RrKWusvUUQpq5raesYP5Up5z7FSxFeLYGtrQKuHhskfOPdY7wDsWjB7FX9m6mnpIhS1wMjBtq9vQozFOO7o0kUjXjLd0XUdtzge6iMjidG2roH6mO3c3OcI7X+oUEbWnlGD64+Ddj6lnddrM7+EXP6vGgGkPPbUBysta/id1d8PbnD0/8Sbc6OH+7hq9RDXY9duV7a0+yDdLPbL9bpbXdaVtRBMMOY4nH6JRtr1W6Khesr/zHWe/W69Ukdbbahs0b25y08K0bJqGcLwW9/CXrT4fSSXz4bXmSWlYdRtzic/+EZ3Wm6G+N9hvzI7XfWyWu7DDTFOMBx+/b7IUS7Rbo/JQ8r/zPWA8dk/WeyhB+wJBCIJMgBG44Oc444Jer3T9bvVRWkkg5KLqAG5VNAhdbvVLW71QvqXCMI9hAwJyiA7blCSyVCBUkLISUIFSTMhLIUIPSTMhLIUIPSTMhLIUIFJGOUA8pZPqkoQbIxkjS17Q4EYIIWfnhntEvit1SUj3b9zHn/RaJDkiZIwxvaHNcMEHuqYSeCFC4PbqaQQQCCF2QbgqC+Oa0zYBLqZ52/we32U9jw/jvwqDQiDjlZHqfpkTk3K3DROzdzR+JbBAe0dioEmeYmKC6Ur6StYHAgte0jhUFurrl8Na8RzufP09K7c8mnJPP2XoPUvTLpc3S2+WpbvIwcPH29VQMlbV03hTsDhjS5rh+xUQ+E8LD6NpRV1NX0zKuklbLFIA5rmnIIRTwvMqSoreh6r5mnL5rPI4maM7mnz3H+Hn7L0ShuFLc6SOso5WyRSDIcDlG+i51pcroKeU1yRdvwuK0hSREutB85D5Ma2bj3VJDK8v8J4LXM2IK1Co7pRlk7aqEfUcOCcWpYGDY5Xn/wAR+mnseOo7PBh5P+8sbsNPd2PVb6HzjOMIroIqiCSmmYHMlaWkfdUx1VjhJfo8Va6O4URaCCS3KHaqia3TfI1RD6abylrtxupvU9jf0pd3vjcW0srssPI3/CVGqImV1OCBvjII5/JIsju4O1XY8po8/wCsLDL0xdg6KQPpZSTBIO57NPurix3H56m8GZ4JxsStGYI+qLI/pe5SCOqgIfE49/ReaxuqrXVPpZCWSQvLXA+oXnNZpNr3I+tfSvm43QULH9y4ZrMS0U2T9BP7Kpv9O6KaO4wbdzhWtLVxXOi8ufEYMOBP7qM8eJA+mlGewXFshsZ9JjdGcfs7L3pm8RXOk+XccPYOCVA6ysgq6b5qIYdHvss1Rz1FhuDZtzHnBx3C9DhqIbnSBzcFsjMpafo10/8AzVLqt7R4zM4sOkqJOzO4Wq6xsgopfmYI8NJw4BZZzy4cJno8brtNLTzcWiE8KNJyFLlB9FFkBynQ57ONbH9HANwis2AQxyiDhRpYKi8MkwSFpC0FpqiXYOOyzbdlYW2q8N+6yTWGdjQ3OE1k9ApHamkZzsq270AdG6UN3Cda60uxtyrWoiFRFhu2UB6xpX14MC9pzvsuMeY3gjdWNzpxHOWtbgBVjx2IUOFanCe0vLXX/SCRlaKN4lYASFgaerNPIH9gtXbqwTsD88qGvT25W1kuT/c5WysG2VqaGqbPTtkG5xus2+MTRkcpWqukpKjwi7y5xgqzr6ayNfDNenHhBhc17dbTsQjHhUdL8kmiNOPRRnDAU5wyVGmZpwlNZCksoi/8RTYHAFpyFDcnRHjJQAwntZcRyZATn/bKiwbAbqVkaRlUboS3LBEnbtkBR9bmlTngHOygyDshxgrolUtTnZylYGAW91TNcY3ZU6GqBABSbIbh9Nm1misle+KZrHu44K9FsFy8f+U53bZeSRynIcznkLUWG8Ohc0l+HLn3VnodFrH+Mj0p7c8BVc8T4ZPFYMb9lNtVygrY/MQHYRqinD8ABc+cXk7sZblkVvqWVbDFI4ahspEfjUkuWnb/ADWfnbNb5/FhBxnJCvaGvir4Q1xGobJTGLDH3e0UXUFE6OSMF2PzB9V5JeLPV9PV3hvBDCfI5exU+qCX2PZDvdlouoKJ1NUxtDsHQ/G4KqM9rM9kM9Hn3T/UsrA2F7+OxUnqix097phXULQ2pYMnHdZu72Wu6frDFK06Wnyu9Vb2K+8RyO3757rTCaaMuNrD9KdRPcP4PdiQ9nlY53I9itHV07XN2Gx7rG9R2t7Jf4rQ7g7kDkFW/SvVUVfG2hrHaZG7An/JE2g42JPazlfRYJdpWMvFA6GQyNbs44+y9QrKVrgcALMXS2eJlugEFInEuccxwiu6K6hFC8U9Q7bOB7L2C3V8NdTtdG8E49V891kMlFVOLcjByF6J0J1I2VjIXOGobYysVte4Ki1x4Z6W0nO5UmOTbCrxLqwQEaKcZAcFilDB163lZZIlzqGEWFxIBym5a4ZKYDg5S8D8liwggDIQ6iIPi0DG6BHLjCJnPdLCwQKNz6Ct0v2a/ZaaCbOBjZUVVTioj0kbjhdtNbKHfKzuyW8E84QzQEo5NIQHDB7qPqdHIW9l2N+MFOkw8Z07pOARBwK6gZIKeHcoCx2SuEkjCad1xRdlMoOoaCRwE/LR2VZQyZIb6LXVMTZoXRPGzgsUQ6hri3fQSQt1LxyZ7E10WzSc5JXm3xCtJpbs25saPBqWhj/uvQTJqIwqnqm3NuVnmiIy5g1N+662mucTnaqr5Y4Pm7qCi/hV5kZH/dv87fzWm6QuBbM3z4BwEHq6hM9C2YNBlgGHH2CoLHWOp5m5OAV2K570eTg3pdUfQlrncYA4791fwO1MaQeVhOi7s2phEEjsnGFs6N+lzoj33Cz3I9rprFOKkTtlQ3mEwTsmYMZOcq7AKhXendPTeUZx2WNmqRFgqDI0EqBeW6Qypa05ad8JUkpib4Z5ClTBtRA5pHIwoik8lbUSEGGtj74OQtAzM0bHHkjKzzIzU0MlOzZ8OSriwzunocSbuZstOnlzyItXspuqbXHXUM0DmZGkkL51ukAo6ySFo2DiF9R18YceNu68F+JljdQ3M1cMemKQ6tuxXqfE6l1zSPmn1v4756Pmx0ZWmORnOFqemq1rZg1+zsaVkIpQMYVva5iyVr2ux6r29M9yPh8niWT0yFodv7IkL/5rWY2UC1T/ADNOHZ3bsrBrdJ1FaTo0WDa+nO8reAoTCWuG+FbyjxIS3GVTzjS/SOyB8o6EJ4J8UmRjKlwTFh1YVTTyYOD/AJqwZIMNIGyw3wydrQajEkjQUz2vaHB3KnRN2G6oaKo04GFcQSawMlca6vB9E8fqo2QJTuAutPqUMFJyxTjg7EZ5QRNecNJxlcXHHAQFTeSpqB4c5fwCnsfqaPdK5NJjJHYoFO8OG+y0QMVktrC+bJz3UOoGhwcpu3qodaRJEcchMwJlLJGmccA5UJ+STqUo4A3KjS4zt6q9pnnPJCopS2vdC3YZyArm44fTYcM7bql0hlex7RjbdXc2J4AG9wps9lQkUVjm8OrlgJwzVgBSbnEQ8kj7Kvps0lzeyUfU7IVvcBmPPOQgG7irpH+Yo9RnYqFSSYmDMcqdI3LceiADLZAuAJgOEh/dN/5V2oGqF4TNQ0NGeyfAwze08Q+KMni3lpPYYWRYcZwtR8T8m8ZB4cspq8uMLuaN5rPhX1PmXkZMbKckIjfpCjuOSixrTHs4cksI5ISBsnQbpkgyi0wIcEzJTeA6SIC3RhBzglGUnk4eFFlO+6lcAkqJLueVlukElkCeQiMHmQs5RWnz4WNrcw5dE6LJHKdJ2TYtmkpOWqEcGd9nWc4AUtow0KPENgpR+kBGVY36Gp0Y82cJqJG7GNlYuXRKiOoJk7suDQNzthLUW7plK109UMoiqY75pF7b6cRRNaB2U1+GjGEOBoa1v2RQNcoweE6Mcnq6EqoKIajj1HURjCkzuDY9yuxNDIzsq+41Qip3d8rTGKXLDsltjki1Mut+AeFmepayVkfhseAMdlaTVIihdK8nZYquq5Kqqe8u8oOAs2snthhHKslv5BQs1OGRyrONoDMKLTNBAOOFKaQAsVafZkslkSNAzLsoTdyplOz2T+zO5bQzWhrP1UCqdkkZU2bYbeirJOVVnBdbycjAzuuVDgcYK7kDZR3E5IylSlgYxZJ5T01OxulN4ChBzeEFZHrITaaknvdybR07SRkNG2cI5AigLjnOOy33ww6T8SP+I1DXh73ZAHostj3cHrfG6HdONMV32b7oXpgUFJEwsbqYBkhbxjWQRgZwAolppPlaXOOVy4TudEYwcJUFhn0aulU1qC9DYAK2udJp8rT+pV3E3QNOFW26IMgbgbncq1Y7IBwtUZYH1oedhlRJZiRjCPNKAA3HKiHbfCM1LCXIg88o9ugNZPucBhyVCe/UQAtLZaIQ0wLh5n7pF9m2O016Ol2WJss4IxG3AGAAna9S5r0jCfTxmQ/muDdPHZ6qpKCwSqGkc5wkfs3t7qykcI27Y3Q4xiMY7BR6ifGFmgnZLCFajUxpjuYpZSTzwoNRUZwNsIdXWY444VOZ57lVfKULskck8e69J4/QywpSPjn1n9ZQ0kJQUiU6d9XVfLUjdfq70Wy6Z6ZioGNqZ2apXbknlc6d6dioY2SzRAvIWlhGMDGy9BCPxrB+X/K+Vu8nc7LGTI8adhgIzQEGPON0ZqI5YRPwExPRgiSSSyFAgq4TsunZUHWnWdl6EsNR1Be5tEEDSWtB80jv6R7lCWk5vbHtkf4i/EOx/Dnp2S7Xp/15EMQdh0rh2H6hfKVst3Wn9o3q0XeuEjbYHljWgbQj+lu/791Mtdm6n/tI9XM6g6gnkp7RFIRFFpOkMzw3f919X9KdI2zpi2RUNHTMYI2gbBV0db/T8VWkkna+3+gPQXQVj6HtENut9MPEaCZJDu5zjjO/pstSeENox3T3OGFMuZx7bHZLdLsaScriR5XDsoUPTJXhoTJagR7EKI6UvKsgR7y4ph2SztlcLwFYQ17/ANlWXe90lqh8Wq3aewIz+6jdTdS0nT9KZqhuqR2RFFnBefT9wgdLdC1t4qW9R9YQkSZ1U1G76Ym+pHqqIQ7R07dOvZjUXEyQWR+R4ZJa6T7+gXp9HbKK2QtpqGFscbRjYYyit7pldXUdto311ZVRwxx93HCCTwQ7I8N2z7ZHZZGW+1vUFZLbOmMPZATHUVYd/LYRzg93IMdXdfiDVvbTPko+mdRwQNE1b/iP9I59eStda7VR2ijZRUMeiNiAhDs/TVLa4/FDjLVvHnnfu4q5LcgApNXHPaOThGQbp90OpnbBGTq83YKLUVbzL4VMSTnGyI+np6OP5mulLjyS45A/JTGSEVzausd/O8sONx6qsuN8o7ViGmIc49mqFeuppquUUdnH8s5Dn5VTDRSg65SCUSjkg8y1lxmdLMAG52Tw+Gn2kdpITn1MVPE5zjxwFna+tdO4udlMjHPYcY5Fd7xJLI6OJ23dUTwM5790eolBdwoM79PflPjHAzYJ7vdRpnZ7pPfnglR5HEYRhRjk455BTC4lcJyu6T6YUHxiESBBGc7KsunUlotAIrKgBw/CvN+qfiZVVjzDayYYeMtGCVDVVp52SSSN7eesLZZ9QkkDnDjdeadQ/EOvvDnsppHMZx+Sy09XNVPL5pXOLv6jlPt9BPWTtjjiJaTucIjqx0tdPMyMZtTsO3JVhbrVPcH6Y27fZam2dCweM2SqZnHGVrKS2U1EwMgiY0DuAjAu1MIcQMtZejIQ8y1beOAtVSUUNK3RDC1rRtsFYU9I95A07Hup0VIGYON1DDZqG+yvjpHHHlwDypjKaOMDDcFSmNYDggI8VFJOAY+PVDKWDJOeSE2MDGkKVBbpZ8FrcgolXX2aw03jVtQyWYf8NhyVjL98QK2veYrePlYfRgwSl7w41yn0bGurbHYWkVEzJph+CM53WUu/W1dWlzKWNkLHbeUY2WY8SaoeZppHOJ5JKj1tzorfCZDMHOGdlUppcs106T5i3FU6Tzzc43yolVfKShGdQcR2zhYqt641BzWHAKzFbdqyqfnXsd+UmV6R0afHNcyNvdusBJIS2TAxwCsxW9RS1GWsLicqshDpAXO3RmiNgy8fss8r8nRq00KukNc6vqyA55a37opoI2gPnOUKWviaNMZ3VbVVdRKceLgFJlYaY1uXXBZ1Ffb6UAMG7VWVN7knBbGdggfLPkOXb5UhluGzi3b0SZTch8FCC+8rp6iSYjWeExlLPLs2PlW+igi/vNiEF1ypY9owgaY2Mv8AlRGhtE7zmQhoUr+G0cQHindRprpMSNByFFkrHvHmJJPurxkLbOXbLVottMdcbA536octxhDsshIPsqxolkJ0NJypMFoutSRopXYO+VIxaKexfmw5uc4GBjCE6vm48T91Y0vSF3mwXR6QeVZ03QcmQZR90WxsRK6qv2ZQzveclxJPuuh0jjgcrfU/RVDH5nsyQpjOnbZFjEAyE2NOeREtdXHo88ioquXcRbeuFJistXIcBpA+y9GgtlGwYEQT3QRsAEcYH2CL4xMvIP8ApMFD0vNIQ6RpP5Kyi6VwzeNavwyOwC6GHsMo405FS11kjNx9ONYc+ECpbLDAACQ3KucH0Tmtd/Sf0THUkhL1Nj9lWyyQD8LdlIbZ4MfS39FOEfcZ/ROLM9krbyKdsn2QzaYR+Fqe2haMNDWfopRbp9/zXQATjUExQBc2yO2hH+D9E/5QAb6f0UhrB/8AKU/QcYV7ELeSE6BjfwhN8NvoFMMOTnSueF7IsFckfQ3+gJaB/SFIwfRdAOeCpgvcRPCzw1LwT/SpwaMZwlpHor2lqeCD4RHLUvDH9H7qfoA7LmkeirBHJshiD1Z+6Xy/sp2gJaAo4pg7iF8qfQLopcnBAU3wx6J3hN/p/dUolOzBBNuY8ZchG2QkcfsrMRk8D90vBPOn91WEH8rKg2iLkBCfb5WbRjGO/Kv2xjBBC6xmOQhcclfLMzJp6+N3Oyc2SpBAkBK0fg6huOU00EL9iwIfjJ8hStkaQA4BcdR0NSR40DD+StZLRSu3a3BUKa01LTmDOyr4wo3OPRTVHR1vmkMkbtGrsqau6NqopD4Dg5p4K1zKW4R58RpIRPHkiAbIzKXKpM0w1lkfZ5lVWytpHESwuwO4GyjafdesD5SqYY542nPtwoVR0jba2MthaGnnIQOrBsr16/qPNklp7j0NX0up0XnaOMLP1NBVUpImic33ISnFo1w1EJrKYLISTACTzlPVrI/sSSSShMj10cri6OVAQw4T8j1TB9KZvnKMAOuEkcJDhccqfRAiI1DRGpafIphgcrq41dTUQaOVJbjCiojCdfKJiJkrPon5KE3hETICwoeRuNip8VxeWCOpb4w4w5VyIBhXgW030FqbTT1OZaOQAncsdtj7KpqaN9KcSREe+FZtedQwSPzUoTMlYI6rDme4yhLTcezMGAHcAY+6b4GPRX1TaCQZqVviR8j1VWWaXEYxjshwaIXIhujIHCDoOVZSMGAFHfFtnCA0fKiMknFhHZNxhVkJSTEmJ6YrDyJdHK4ujlGWEHC6uDhdUEjwUQEYUVGBVdAtYCrmR6rmdkIE6uUaRaQdJcB7LqMo/V1kgJx/qpDXZ7KrZJuFOhkBYCvx41k/Z8o4JOAQUPJa7CI13smPblLxgWySwjGcpyhscW9ypDJAeyZnIqXYRJJJQoSSSShBySSSgYkkklCD0kklCCSSSUIJJJJQgkkklBLEkkkhFy7HpJJKFCSSSUIJJJJQg5JJJEQelnCSSgARpVB1L04yraa6haGTtGSBtqV+DhPOD3ULMNaLs9rhS1TtMrFraWu8VgBAJVL1H042fNfQjRM3cgd1W2q7Std8vOS2Rm26gXZsc53wutz6qPSVUdRGCD5hyFIaUILWAjdJGColRReOBsjncjBRCWloB2KprJRVsqDR4gqAQc7O7FSwWyM7EFdqYGTgNewEFVxdNQyCPcxngpbWGWcmjfQz+JDnQdyFNjkirIsEAnG64C2dm4yHKM+nkpv50RJHcJsWTG4AWyUM5LAdJO4U+nqo5dgcHuFFMrKlue45yhNcI3DA4WmuWBVkOC8iAfnBG/ZeL/Fj4TM1y9QdPU+nV5p4G8Z7kBet0052JU5r2vGHDIK7XjtfLRWqyJz7K1Lg+KZIdKjyNwOF7l8WvhWInP6jsEGmPd0sbeGj2C8WlZjbSvrHifMR1cco5Oo0afRXFrtXCc1oIwW7FGc0Z4Q16mnVp8s41+lUuGUF4sjahrjTs0534WTrLbNSZbI0/ovS8KFXUMNS3EjQV2dPrscM8b5n6Wp1cXOHDPMXsOckpkpPb9FrLr09v4lO3GyzlVCYnaXA7LpwvhNZTPmfkPC6rx3NkeCOyTJwRwieV3KHj90wP07kpmGzk9jZYWjcBR3swM4UzXnso8o3BCVKOey02iMQ8HDeFxriTglHIACAW7ndLwxv+QoO3K6o7XEkBHBGEGBh1MTshNUIcBOUYEY5QEslQgXI9UkAE55RgRhC1ko6kmJKiYHEjHKGeUsn1SwVC1wJJJLBUIJJLBSUIJJJLBUIN0+64WY7p+ClgoCsAHDBTHNBGcKRgpuB6IGk1hlRntC2W+V/TlQam3yYLuQT5SPsvb+kviDb+p6dr3yCOqdgGInfPdeDyRA4wMpkUs9M8S08ro3t3BaeCuZrfG1amGOj3X0t9c6vwE1U/ur/AE/R9VRynG4Tnz6iBheQ9BfFkyOjtXUhLXt8rZhwR2JXqzXtlBI7LyV+inp5bWfpDw31DpfN0LUaWWf2v0w+hrsZwfuiU4npT4tPIQe4yoZlLCMI8NS1425WaVTPQQuTXJcwXaOcCKtiAPGcIslt1DxKWVr286c7hUxOrsnwTzQvDopXNPsUtLaO/IllpaS1zcEJj2jGcqUyvhnAZVxjJ/E0brk9D4bfFgkEjD6chNhco9me2hzRCI/RCLdiBtlHMgA3CZp9Fohd+jm3aXHow/Vvww6d6rY75mEMmf8A8TGd/wBV4F1/8Gb90u99ZTxtqKQHHiRjj7jsvrF7Q7G6BJCyVhZIwPaRggjIK6On1s6+2eS8v9K6Lyf3OKjL9nwg9jo3FjmlpHIK49pLgey+qetfgr031MHVFHC2jqTk6mDAJXgfVnw66j6Tk01tIHsBwXszgLr062Fi5fJ8l8x9L63xXLjuj+0ZmCqngALH4wrSkvDnEMmO5VUBjY7H0TQ7zYIWuNzXKZ5GynczR+IyYBwO6e1hHvlUUdS9gGCrCkuY2E5WuF6xyZZ0yXROLiwbjKQecrnzFPPgNdlOMAAyiViYnawgO25SyPVMw4LgJymJ5KwOSThwuosgDEkklCBGnByEZj8AEkKKnasd1AMZJgmB22T/ACndQQ/B5Ke2bHdQpxwHfGAFEnj2yApDZAUpG6ggCTwVbmnJbhAfDnjZWckGd9KiPjPohGqSIwJYdgpcRZI0ZxlRnNx2SiJBQp4LZILNGSPRbzoz4lSU0sVsvA8vDKgu/Y/9VhcEjBQTGOSM98J1cmZ7aoXRcZo+n6GrhrIWzQPD2OGxByjloK8C6O+IFf0vV/7xrmonYEjS7On7L3S03ehvdDFX0EzXxytyMHj2WmuxPg8zq9HPTy64LCkraqidqglIHdvYrTUFygrYwdQbJw5p9VltJRqd+k/6rS0mjnGzY/OdlJieQRhZ6juelojnBPYEKzjrBsRuFnawwC2E+kYwsl1r8Kumevog+pi+TrmZ8OrhGl4PbJHPC0Uc4cFKilaBuFC4znVJTg8M8MbWfEn4KSimvVJPfOm2O8lY1xc6Id9Q/wDX1XqnS3W3T/V1OKqyVolGMlpGHD7haMhsoMcjQ9jhhzXDII9wV5Z1T8FI4Kxt9+H9wdaa5pLjCCfCkPuBx6bIZScTXK+GrjtmlGX79f8AU9TY8DlPfJuMFeS2X4sV1mq4unviRa3WqsPlbUluIZMbZyvS6aqp6hgmp52ytcMgtO2Cigt3LMdlE6l93/f0TmS74wjhwI5CiCUgJZPqU8UuSZqb6hLI9QouT6roJyl4IGa4k4JRQRjlRwRjcrgO+5V4ISMlLJTGvGNyu62+qHkg7JSyVxJQh3JSyVxJQgkkklCCSSSUICqKdtSwseAQRgqljfJb5/lqjJicfI89vZaAd1FrKWOojLJBzwfRWiAvEyCh78nuo7XvheKebYgeU9nBSgcjhB2EMxlZjqTpp4/96WxuHDeSMcH3C1S7Ic7quEFGWWebwTCVpic0ah9TXdlURCu6JqzXUD3TWyZ386lA2h/xMHYey1/UFikdKbhQMDZB9TQPrCqYZ46mM087RuNLmnsmmiLzw+jS0FdS3Okjr6KUSQSDZw7H0PopGQeCsFA6s6QqjVUWqa3zO/mwc6PcBa+jrqa4U7amlkD2PGedx7FFgprBOyPVCmiErdBPKY8kEHKI0bYymCclRM35eYsAxhPa72UqrphMw4GDzlVrJC3LHDcFQhH6gslJf6B9HVRBwIOk9wfULxRhrLNcXWmtcNbPKdtvyXvLX4WR6+6VprxQOr4ItFZCMh7eTjsUGDoaW7bLazziujdTTRXKHZ8bvMR3Cquu7OL/AEv+09ta0SwN/wB5a0buHb8xgqyt1b4jDSVf1NJaco9M0W+rdTvaX0lW0seP6fdY9VUpxwej0GvnoblbE84s9wfT1DHE+Vw0u32WlnaCRI3ghZvqazy9OXUxAH5WdxMBA2HtlTrTcmyQCKR2SBjleX1OnaZ9p8R5GGohGyPTFc4jM0M9lM6PvBpnut87slpwM+iHUj17KlqA5tQJ4SWvb6LmSjsZ6dWyqmpo9Bvdvjr6R7dIOtuy8krqJ1FUPgkHmYSF6n07cW3Ciax7svAwfuqPqzp4yl1XG0ZxumRkV5PT/wAyr5qzzyRowo0gAUqRpDtOOMqLIMLRFnjLYtcATykQewXCCHImkOGFGZF2JqkU0pjkGAouMEbog2Wa1G6p4wzW2erG3BWqpXCWIbrzu11XhuDcrZ2WtBaNR9Uk9f4+7fDAr5Qa4DKwbsOfuFlpIgO2Mr0SohbNTHABysldKIROLmDAKgOs0ufvRnpYj6KxtNe6IthPdAkjBHG6iNPhSA4yocmEnXLJu6WpGMYBXKiLziVgwqO21/Gok4V9DI2ojAHKh1arPkWS0sty83y0nONt1fNfnssWNUEzZWbYK0NFcBNGM9lDp6S/+ibLNAqgOyI2QEZKY/du6prg35RDPKY04cER3KGlsB8Mm0ry4jJwppdqaPZVcbtJCnwHUN1RorsE7g/ZRSDuph7oBaN8BAaPREkBXIXkO2KLIFEDDk9kDWRaltZcUkzSMHCnRyuGHMOMeiz8MpjcrGmqxjBWe2vJv097Rvum74wOaHHDm7ELf01RHWRB7Dk914fBPJFIJY3YIW66V6lAcI5HbnYgrnW1HpdFq2o4kbKpgL8AtyquES22qJIJjJzstBC5szQ/bhRauAOOkt2XOnHDOrGW4mU1XFUsDmHfCmRDJKytM+a3VJzksK0tFMyoYHsORhAW1kDfLFT3qjdFLGC/HlPdeQ3S21fTtf8AL1LSCHbHthe5M2VT1J05SdQUbopWATNHkfjdXGWDPZD2jz223Wnr4jRTbOcNs8ZWeudJUWGvFWxuYyc5CLcKGs6cuAgqWFuD5XY5Cvv5F8oQJGggtwfZaIyMks7i3sF5gvFGNLvOwYcFImoxMeF5zHJXdM3LXGXCLOx7EL0e31kdwpI6ljhlwyQrk9w+Esr7jJX+yP1ukazP5LIwzVllqvEje4N1Z2XrdTBq8rgCFhupLDKxzpGDLCcgpU4FTi4/cj0DpDqQ3KkjjmeHOxsVqQC3BIXz7ZL1VWKraC8hmeF7L071JBd6VrS8a8bLHOHs06bUyl+RpGTEY7owk1b4UBu523yjxu2Cx2RwdSM88klri07Ikcx7hR2SeyfnBylYGOWSYDlRK6me53jwbObvsjMeOEUHUEHYfYS2XITxhh+tuzsq2jw4ZBWTqWSUUzamHI33HYrQUNU2WJsrTkOGUrGRckSJMeibnCed0OTkJTjkFPI9JMBXUPRY48FZe/Unh/z2s2JWoUOvpW1NM+PG5GydVPDwBPky1M7XgE7qS5gLS12CDyFXs1UtUGyZAB0lWQfnsunRLkRbFJZPJOtLSKepqQ2PDJmnC8rbiGpADfpdhfRHV1sbVQtmEYOk4P5rwm+0bKe5ysYMDVkLt6afo8r5LTbX8qNp0Zcgyoia0gF2F6rTSCUNkadwvBrHVOp5GNB0vjIdleyWGpFVQiQO1HG4ymXLJt8XqcwwzVMIc3UO649ocMeqBbptcGHchGdkLBYjvQluRm6+L5aqJA29UWmnbjBwQVIvVOH05eBuN1S08xYQTuigX0SXRup67LNmyNR7G90dRLAPpydlyRviBkjdxjlR2PfTV7ZG8O5TY8MVZyXNdE97SGbOxsvM/inaZqy0NqYQP5Rw8L1aUtkAPsspeqVlXS1EEgy1wcCF1dFdstTOB5vSR1WknW/aPmUvdC8sd22Kn0dSRjZCvVI+kuUsLyDpcdwgQvDdsr6Lop/JDJ+Z9bV/HvlX+meodNTudG0Dvsf0WklaCBp7LAdL15ZoY53cBboElufVdAPTWB6V+rMbjv2VfXRGOUkhGjkcyUOUiviE0PisG+FDoplOJDnZWNLIHRhpI27qozhxOEelqPNghJtjlGvT2uuWS7p36HjdXlI/LB5sLMxknByragqNw1cjU1Z6PceG1a6ZdtOUQcKPG4ac5RRzyuVZFpnsYWZDnhCJGeUg4ac5QS85S0hrfAytjDoHeqpmybkDsruZ2BgjlZ5+RWln9Rwm1oyWk3W4jlBkJ0lGbhoIByhOaXZ+6djBmnLaQJHanYHZBKdcHeD5jwgNe1wyCjbwZbJ5By/3zX4VlTZLAqyoOBrHYqbSyjQPYKn0VCWOypurXU9wZKRsSreoxJT6hvlv+igX2FzmNmHDSpFJM2akBbuC0BJZoU8FQ3yTB3opxkD2DI5UGtIimGylgjwwB6KiOWEAl4d6YUIuKnTH+U/1UDsii8GG3s8T+IuDd3Z7OWSctZ8Rdrs7/mWTc4bLu6Oa+I+HfUCX82f+QD+QjR7hBf8AUEePcbJqeWcKxDTyFIixhRzyFJj3CZETPI/JSSTX/SU1lLsHIcDlRD5ifZFmO4wUFqyWPLNNfIwcosAOQcIbPqClQAHBIQxWQbCVGMNSHKcOE0coxQaIbAoiHF9IRExAHRwUSJu+ShjlSGENByMI0xdgp36QP+qmWWDxHCUt5VfIPEcA05JWitsHg0oBbgq0smvRU7pKQcnwwTz6IlE3URKeUCQ6nBSoW6GjC01rHJ3t2SaXZHos7dajxHmDPCuKmXRE6QnhZGeqMtQ+QZxlHnJk1moVcMMj3yrbFT+FnzELMRtycqZc6h9RUOGdspkEW3CxXP5JswxnuimSqaMNYCeV3Sl/SBthGb9IVRj6Ylv2MY0kgqwa0saD6oEDQ45UmQhrNKL8RDeWRqyY40hQ3YI5RKl3mUOQHbdInLI6HCOl2/OyanYCG1J3ZLSydKl0cIlc4kfTugRReI4D1Vq2FkcQY3bb9UmyzB1tBRue5D7Ha5bxdY6bBLGuyQPRfQfS9njoKOKJrMADdYT4a9NeFE2vnj88hzn0C9bpIRHEBjCQ2mfSfDaZ11/LNcsM94jjxpxgcKrDnyz9zk9ke5VGPIDuQlaYnavGPA2UiuTszn92EWdNF4bQ0qTqDRnKGXBo+6BK45ABynobGSQ6Ql5ySo1ROGDGOAiPl0NJwoMDXVNRgknJRN45GRl8klFF1YKJtU/x5m7DgdsrUgNjZhoAwq6gp/lIGtwM47I5m1bei5eqvyz0uir+OPPYbOp+FaUrBG0ENx/qodBThxMrxsOFOc8NGAFyLJOyWDfO1RQV0uluMZVZcKjRvsiVNZHTRGSQ5zwPVZSsrp6+pFJTyZkldp24aF3PG+Pla1NHzL6z+q6vHUyjnokS1U11qPkqIEkHDnDst10v0xBbIWTzMBkO+TygdJ9MR2ql1SMBlkwTnn/5d1qYYnbZ4C9PCG3g/KPmvM2+Wt+SwkMAOBjYKRG0bHCHG0jspMQxhMPP59hGjAwiJJyiWQxJHZJcLg3lEQ7rzsmg45KG52eFCuFzpqCndUVDsMbyhyGk28IdfOpbb01bZrtdpmw00A1Pe44AC+Ym03Vn9o7qp1zq5H03TFHIBGw7NI34Hrtz7q1utX1D8e+phbopJKbpi1v3I2E2T+/C9/6V6doOnLWy2W6kZBA05DAP8/Uqdm6Mo6OOVzN/+X/7QnSXTFs6Zt0NFR0rI2xN0jAWjByo7RgYRmuBzuo0c+UnJ5kPSyVzICWoYyFRQicIElYyL6hv23TKifSM42UBrXzyF7yrwQeXSyymQuy09kYDASDA1o9kN0vYDKjIEkkDdtt1m+o+qYbVooaSCSruE7wyOBhxn1OcHH6IN76hmdXR2CyUzqu7VG0cIPGe59AtV0b0HR2ESVt0m+eutQA6WcDygf0N3+nfhU2EV3SHQojnb1H1GTU3V4BaHnLYh2AC3ZGrlO0jOdsrPda9aW7om2srKyKSpqJ3+HTUkX95O7uG/bI/VVGWeCEnqDqK0dL2+S6XmrZDCwHS3l0juzQO6x9HYr/11XNvnWVL/D7fC8PpLSW+Z3o6bj28uPXdc6V6Uvd4uX+2XxCmfNc3uPg0B/u6NnbQe7sH6sfkvQWHOfXuUJATG6TzwpDe6GWhoyTsEF9cxu0fmKsgeapjg8rju7hBjZUVTyHx6W+vquwUL3uNZVnc7tB4AVTfOqPlm/K2p2qY7ZVpZITrpc7bYjlztT+3usdcrnWX6fVK8shP4GlCdTVFTJ8zWSF7zuQTlFEbYwMABOjEh2GnjgbhjQEGqqdDSMBOnqABhVVXUAhRRCisga2oL3Ak8KoqqjtgItZVebHsqqolzvynRjgYKWQk5UadziAAkZN8YTXvBG+QB3wjDwC3JXHMzu7IHrhQ7jebXa4jLU1IB7ALzzqT4tAMMFtLsAkEnuobqNNK3o390vVttcQklqRq7Bef9TfFFug09E85HovOrl1LW3ObXJM7HoSokdPU1ZzFEXE98KHTq0cafumSq6+VV0fmokc7JJ3K7QUVTXyiKGMkdzjhaSw9AVUmmrrAAOwW3t9qorfEIqeFrCfqKKMcjZ6mupYgZC0dDuMolriDjgLY09ugpQ1kUDG49AFPjopS4Fo2Ks4aKNoBeMkIznW6mUu2QIqKWTGgKdBQGHDpdypQxCMManM1SHSwbqm8GSU8s5HHG0bNxhEawvIawZJ4ASIgo4zVXKojggby5xWTvvxJjYXUnTcAPIdO9u/5JUpZDjXKZra2os9npjUXSoDXDcxn6vzCxd6+JMlZG+hs0Igh41AYJWQram6XiU1NZIZHnkkqvmr7ZbIS6eqY+X/u49ylztwbadJu9FoJ6id5kme6Qu5JKU9RQ0UJmqagMxwPVY65dXVPhGKiYYweSVlaq7yzOJqp3OJ7ErNK5nU0+gb7NhduvoRGYLcHj1J7rI1dxqq6QyVExcDwM8KK53igFrdj3XWxNB1ErPK2UuzrVaWFMcIcwE4yjtOnchAdMxoww5KA+aR31HZLc2N2bieawxeWMhBmq5H8uyoYcTyVwv075S5TbLjAMS7VqGycySBm8pyVDfWTM8jTnKayhrq1w8OEk+ynLGNRj2S5bkGf3GAFDluc8uxeMeitrZ0fcqt/89oiZ3JWloeibXSYdM3xXIlDIqeopq75MCPGqCGAFx9t1Po+mbvWEFlMQD3XpNPa7fSbU9HE0+undTGDTw3HsE5U7zJLyGOIIwtD0BVTEfOPMYHOCrWn6ItUW0mt+PdalxGPM7A+6Eaqjh5mBP3TFWomaepus6IVPaKGnYI46WMBvq0ZUptO0YDWgD2Cjz3620ziHyD9VAqusbfEzMTHPd2AKtShHsUoaizsvGROYNiiEE9ysfN1xIAPChdn3UKo6susoGkgAqvmqXQa01ku0b5pHqEGaRkZ+oe687d1DdH7+OR9lCmq7hM7U2aQk84dhT5Vjgb/AA2vyPSXXSii+uYfqos/UlqjxmfK8+dS1jmeI5xJPbKTaGoJ3Yd/dD8gyOlqX5M27+rbW3OHKI/rSlBPgbrMttsxG8aQs8x4bjKCVlj6YxafTr2XzutucEKO7reqOQyUfoqoWiXP0D9UQWeTH0ge6HdZ+w1VpkSndXXM5IeEI9WXQ5Hifuh/wiTszH5pn8Hl9EEvkfsYoacIeprtz4yH/tRdQf75MNmlx9OUE2abJ8pCS5Wr2Xt05MHVl1A2lOVwdYXxp/7Tson8En7OCTrPUAZyFN9n7Io6Zli3ra9N5kBR4viBdMgSiPHqGqj/AIZUcEj9E2SgqGNzjKnyWfsJ6eifRpW/EKoH1MBx7KTH8QwSA+MgeuyxXy0g5amGJzTgj9kz5rV7Aei0/wCj0qDrm1yAeJqB7qdH1VYpMYq8ErylpB7Iw2zpwD9kcdXZ0Jn4+qXR67Bc7fVHEFU0n0OylxtD+CD+a8XFZVxuw2Qj7FTqe+3SAgsqnjH+Ip0dTnhiZeP4wj10xkLmgf1fsvNIur7rGMGZx/NWtN8QJA0NqKbJH4h3RLUR9mWegsj0bgDflPAOVmqTrW2y48Rr2n8lcU/UdmnADaprT/iKbGyMujNPTWx7RYhgwu4/w/umR1dJKAWTtdn0KkNY127T9kaaYmacOwOnHZIMOcAKSA3gBdwOVYGQYiHou+GPRPJwuavZRJkBCM5wQjtaANtksj0XdXsrcWyDnNaQdgoT6CB4OtinrgGO6DCI5uKKiSxxSg+EdBUH+HXOlkIjJIG+QtU0D0Tmtz34U+LJFc1wzLm5TwkR1ETh742SkbbrnH4VRDG8H23WkfSU8+00YKra3pekmbqpXmGQb5CRKvAcL8PKMxWdBW6pBfQPMbjuATssxdOkbhbyS6Mub/UBsvQJrVeqODVHK2XSeyUN3fA0R10PiMI31DhDsya6tdOHbPJXQlhw4b+iHp916tW2Lp6+tLoWtglP5LLXjoS40GqSnHiM9R6JUqfZ0a9bCXDMmujlHnp5oHFksbmkdiEMAHhBhmqFin0PHC7gcpJIhmR6SWClgqmwZSwORGoaI1LQuQdJJJNKEnjlMTxyjETDjhdHK4OF0coxYZn0hOHKaz6QnDlEQIOF3bOcLg4XVBb5DxTSRD+W7GO3qnuio7gMSxCOQ8OaMZQWrrRgHCrAtyeSuqaKopJNMrcN7FCcwHCvoqnLBDUsEjPcZwoVwtph/nU51xu3x3CW45Hxmn2VL6ZruFGkgLd8KwG3K4WjB7qpRwMjZgqiCM5HCEH5JGOFZSU4dnAwoT6ZzHE6c5Q4Y+NmeyOkkkjHZCpJJKAD0kklCD8nhcSXCcdkKb9A5wOB7Ig4QxyngjCYWz9SI5i5TaefGluVWs3IIR2kjfK/IUo4P2i0Xsbw5vITsj1UCjlDwADxypZHG6zyQEo4OyNxjBXI3nghO7JPYA4YCGMmKDtORldQ2OwE/V7JyYtrB1PTE9WUJJJJQg5JJJQMSemJ6hBJJJKEEkkkoQSSSSgkSSSSgIk9MT0IAkkklCCSSSUIOSSSREEkkkoQfnC7kriSgA4jKzt+sLZgaylGmRu5A7rRZC47cbHB+yhaeDKWeukhwJvqxg+q0UVUHjAwfsqi72UjNbRHErd3N7OCjW64YAOOOR6KB/kaVrsnKIDwFCp5/EG6lDdCA+CQcOG5QJ6dkzCx++f2Tge+UTIQFGff49tnA3dG71KsmSCVoc07FGqKeOeMxyDIP7Kjk+Ys8++p8TuxKMJL2TqmiMf8+H82qA5zozkjOVcwTx1UQfG7IcP0UapoQ4ADAymqWCnzwRKerAPYKxhqg44yFR1NFPTO1fUw9x/qnUtYwOw4kkcp0LMMRbVu6NREWzDDsEHkdivEfiz8JjTyy9RWCENg3dLE3ho9AF69SVJJGAphPjNwSuz43yM9Hapx6OfOtrg+LHx47IDm7L2X4qfCt1JLLfrDBhjvNNC0bA93NHZeNluN19U8Z5SGtjuRztRps8oC5u53SMRS1YdwjgjHC9DVe0c2dDIkkAIxp2PIVRcLDS1OzRpJ7rQloKjzQ6xsuhp9U4M5Ov0C1MNk45R57d7HU295IZqYPQLPyuJOCNP3XrEsYbtKwOB7HdUN16WhrCZqYNa70wu7ptapcTZ818n9KfE3LS/9jBl+g5xlcM4O52Uy52uqoH/zYyGcZwq57VuU4WLMTx12ms00ttscMKXMf9JQymA6eE/IdhA1yAuehmDyh6neqkYHohkYSmiuzoJynfhTEhygwWdIOVzBTxjG6Rx2VEGJZKR5SUIJJLBSwVCCHKLhulCwV0ZzugKFjfKeAMJD1XVCmzhAQzyinhDwc5ULQgO6eAMJAd11QjZzASwF1JQo4QMIZCKuEDGUARGAwcFDcM7KUQhZ7YVSWRafJDkjycgb+q1/R3xDr+m9FPWNMtCwYdg7s9wsw5mUzQSs9umhdBxkjs+K85q/DW/LpZYfv9M+j7ZeqO80TK6hkbJFI3IIOUR0z4iHNJC+fen7/c+mKz5q2ylodu9mdie32Xsdg61tXUUbQ0tjqMedjncn7LzOp8dOn+5+gPpf670vmIRqtey39P2amnuIdhsimePqAIGQVSOazOQMIkFRLH+LUPQrkyq5wfRKNZ6kXInIwCpUNU9h1McQfuqhs7ZQNyCjtkxjG6U6jpQ1Cmi9M9LWgNlYI3+oGxQJqWSnGpp1MUGKXv3UyGve3yzDUw7YQZ2FWQUxmWu5GCmaQe6nPpYKhmunlAdjOkqBLGYjh3ZNjPJjnpW2DczB5Qqi30VfC6mrqeOZjxgh4ypGMbhMf5sY/ROhY63lGO7S5WGeS9Zf2fbbdhJV9OAQ1DskszgErwjqborqPpaodDcbdIGtONYBIK+02E4IGf1Ua42u2XmndS3OkjnjcMeZu66dGtkniR8/819GaXW/dWtsv2j4aByMkYwnHB7r6K6s/s7UVZ4lX01UtieckUz2+X/PdeI9RdDdR9L1BhudC5rAcB4HlK6kNRCxcM+XeT+mdd49tuLcf2UTJ3s+k4wp0F0kjwHjUAq+VpjwCF0HK2wPM2V4eGaCnr6apGNWl3o5G5zpIOPRZocqTHXSxFpY45CfCzgQ6n2i+/JdUWlu9POAyYaXeqmaWubqjcCPurVjESUo9oEkkQQDlCOco1PIGQ5IxyhklJDA9d0TswGkEyUslCIwkDhUpZI0SI5jjhGZJq5CgtODkozXDHKIAmDSe4QJYsDOE1hI7o7JABghQp5RWzRkHZqCwljiSFbvjaeGqHU0ruwwlyWOS1LPZKonUszQH8+/YokttJJc1zdPZUZ1RO2yM+6trdcwcQTux2BVRlngGSkuiPNRlnlLchTbBfbl0zVfM2+QgPwHxk+Uj7eqmOjZODpAOOVCmoj2T4ZjyUnv4muD3PpHrq2dSwth8RsdQGgOaTjdaxsWk5Xy3E6opJBNTSPieDkOa7BC9Y6G+KcRiZbuo2Pa9gDWVDTnV9x+m61Rszwzha7x3LnV0epR7OyrGGQgAKsp6iCphbPBIHB3opUThjHojX9jiyg2W0VQNsqbDUsOADlUrX47okb8HIPKgJoGVHG+UdsurGThUTJywjO6lsqozjDkvGQAl96fsfU1ufbb5QQ1cLxsJGg4+y82m6C606BkfN0Bd/n7cTq/hNXLg4H9Djn/ACXpolzjdFbNjGyiGRunDjtfp9GO6Y+JFtu8xtNzgltd1hIbLSVI0uz20/1LZCTPZVN/6XsPVMIgvFugmA4eW4kaf8LhuFl5LF8RelRr6crG323sOfl6sZmYPQPOx/NFKTXQXxxmvs4PQS/HZdMwA4WR6f8AiHa73KbdVQy224RjL6arGh3/AIfVaRr9W/qqzkVscXySPGPokJd+ENIco8gNZJAcSuhxCECMLuQFZQcTEDGF0TE9lGyF1TBCYHAjOQu5HqFF1e66CcqsECJLgIxyuqyBUkHISyFWCDgSOFw7rmQlkKyEWspRUx47jcH0QIptGIpdnjb7qxOD3UGrp9f8xnI/dRrJaeR4IcmkZ7oUUmRg7EdkZIawwhgaDlZa/wDTzmSGuoRg8vaO61iW2DkZRIuM2meeai5uh4B23BVWx1V05Viuog51HI4+PF/RnuAtbfLUynf81A3Z5w4BU0kbXAxyDU07Oae4Texud3DL+kqaeupmVVNIHskGQQpLRnusVBNL05WCVkhNtk2LOfCWuhqWTMbJG4FrxqB9QjAnBrokPwWnfsqSuhkhf8xCCfUK3ZknOTskYWEEOAcD6hECuypbMydjXx7eoXfKdnN1NPI9QgV0LrbWtc0YpZRuf6XIgkBGobjsVSWBsOHweYfEbpL+F1Dr9bR/IlOXMHLCqakljr6MB3OP0XsNwghuFJJRVEYcyQYOQvHrrbKiwXeanz5Acs25aglFSOnTe5RUZeiHerV/GbJJbZmg1NLmanefUcLyuJ9RRVTop2lkkexC9lP81rKhhxjn3HosT170+5zXXykjHlH8zHouTrtKnHKPcfTPl3RP4Jvj1/YBBOKmmbIDuW7qDVR8nCrLRcZI5Awnyu7FXT/5m4H5ry99TyfYdLqVbWlnJHoK2otlS2aJ+BnDh2IW8iljulG1+QS5u6wFS3S0jHKt+l7uaaT5SY+UjYk8LPXnPJ09Jdsl8cumUnVdpFJKZY49gd8LJyDLsgYXsl5trK2B2Gg6mry+8WyWimc1zMNzstUZYOf5bxyj99a4KaQAYwnNxjGVxwOeExuQUfZ5ayGx5OuGk7DlOGXNyRhdyHDcJzAB2QSQ2pjqeQxyArVWarzpGQsm8bgqxttT4ZAys0oo6ui1MoWJI9Jt8viNy5wIcP0UO7Uetri1uQeFXW2sIaME5WlY1k8ALm5JCA9Rn5o4PPpo3Ruc0jBUGVmDnC1l6twDy9redwVnp4CG4IUOLqaPjlhEWmqjFIM7LUWyugc0DxNysfPCQchHt1Z4UgYQoJpu+OaT6N35ZGgtOQi00xpySByq6gqmOYNJz65U1rtQyp2dWuxN5NDQTNqY9TXZxyPRSy3AO/KzVNVSU0rXRnHr7q+pKoVLNQCs6lVm9YBSjBQtTfVSKj/RQyCPX9UsZJ7R5dhw3U+nkyAAquQgkYKlUsojIBOVAoWYZZcocn0p7Dlq4gN8JZRDcN+ELAUtwBB23UYjBQC7H+hun3SjkdGRjddXTFrGCltZWA65OPKJ1NVNeQ15AJ4VpA6SneJYyQRusrMyencJBu1XdsuLKlgje7fgFZbqjo6TV7ZYkendM9TmWMQuk83cFa+NwnaM8juvFYnT0UoniJBG+3ot/wBMdTipY2GV+HDbdci6t5PU6XUJrEjRVVPq2I90CColt8wc3OgncKe5zZ2hzTnKizQteMELK1g6C5L2lqo6iMSRnOeR6KUDlZKGpntkgdyxx3WjpKuKqiEkZznkeiomCJ1F07RdQULqaojAkAyx4G4P3XlD6W4dL3M0VTnwyfKTwQvbAcqp6h6co+oKUwzNDZAPI/G4KOMsCbaVJZXZ5/W0UFzpt2g6hsfRUtjuNTZriaGR58InADuyntguPTVe6guGoxA+V54IRbra4bjF48GBIBkEd01PIhxaNXFieMPG4xkKHcKVtTEYXjnuqLpu/SUcpoLgT/SHHstXIxrhlu+d1GMX3LB5t1J0zNE0zxgOA9FH6Y6hltVS2KV5AzjfsvQKyKOeIwuGzlgOpOnpYnmeBuC3fbukyjkVh1vKPZrLdoq6lbI1wc7G6tY5A4Z9V4t0Z1Y6B/gSktLMAher2+viq4WzQuyCNx6LJbX+jpafURnFYLdvdO152UeOXOx5RhuCskomyMgjHb5yiiUt7ZyooyDnKIHBLwMbySgG1EZa8bEd1BoqiW2VvgyAmKT6d9gVMa4BBq4PmIw0DJ7JeSjQMcHMDgcgrrhkKgs1we1xo5yctzjJV7G7PKB8rAAMktOMIowRnK5K3AzjhR2S4OClYISUxODgQmndSPZDJ36BzJxOG7A7p0D2vjDmnYhXF1oxPTOwN8LNUEmnVAdnMPC30yyIsWR92b/ILnDLe68Z+IVmNLVMr4mDw3HJx7r2yrj8SndHjOd1guraFtZbZISzUWAkFdnTz2nK11Py1M8nimPzbZGbZ2XqHQd1y75d8mx2wvLHO8KdrSOHYWu6Vro4qtrHnHC6Ulvjk4OhsdVuGeywkR4DeCpwxI0Kro3eLTMcDlWEHlH3WG2OD1lUsrg7LCyRpY4AgrGVRbT1TmAeXJAW2HKz3UtAP+0xt53S8MZMDRTZj0HcHhEqow0tk0Zxvyqy3T6gM/hOFdPHi0+gN3wjQOck6klM0QcSMqqu0QbKXAYaeVKtTsNEZTr9Sl9ETGPM3JWumW3kzamCnW0eA/E60R0lzdPHHpEgyMLBRPLX/Yr2v4i0kE9njnljzI0YyvFS0CoeAML6F4e/fVg/O/1noP4etckuy6stW9lSMbAj/Vep2uYz0THOcC7ABXj0MvhkYGD6r0rpOtbNSiIu3xkLuJ5PK6eeJJF89oByNsqXTHxIHMceyhvGeEWil5iJ3xsjOpGSZU1cRikc0jhR4ZdDwcKyukbhJrxsQqhp/mEoGsjs4LmCbLeFOoZSycZVRBJsBhToJBkFY7Ibzt+M1mySizSxTZwARupLH+yqKOQPxucq0Y/I4XJurxLCPo+l1EZ1phC4+qQwO6YRtym5Cyyiom35Mj5hq3VFdgI543M2OVdv3CpLvHqb4mOCiSF2vEch2uOxzsnuwBlR4jmnYc7oiY0Y5S3rBUdQHFPraOFX0kpmhD/VWnULNVskxyqCyS5psHtsi2nOts22bSe4EwvyfRGpJCRhDeMNKHTv0yYVNZGxlklXIl9K7HKh2KqBp3QOHmY7dTnkSM0kdlSW6T5etmgkGC47LPNYHpki8sAcCO5yiRkmJvsEW4xNfTZIyQdiolK8mPQdyFAmKQkhwwoedJIKmvOxyFBmAJBTIrJkt4PFPiVtdjj+pY5xO262XxMBF1yf6ljHDbC6+njtrR8S+ol/89JnJHYIRY3ZbwozmlxzlGhOpufRaoYOEzmrzKU36Qof4lNAOkbIo9igqA7hHQH8JrYKWSNIfMgoz9zj1QVkm8s1QQ5n1BTIxpaFDjB1BWLfoCusVYJdZ9QXF1n1BOYDJI4XVwcLqAS3gJENwUWTIaANsrkP+S5ORsmrgU/uC2+F89U3HA5Wk4bjtjAVRZIXajL2VnO7T+ibE72ir21oTMvkAA5U0eUfZR6NuW+KRunSVIY3JGyM2N7Vllff63RAIo3eZxxssxVSmKmeQRnCmXCq8aoeSdhwqOvlL2Fg7oLJ5ORbP5pvJHaNZBO6kwt0gIUDcYB7KWG4aCkLsXlLg4isbkoSkxDdNFN4JMTQ0DATKpwxyERrcNJUGqkzgJdjAXYB7sk5KCSM8pOPO6HjIWWUsDF0OTmNycJYwj0kZfKMBKlPA+ml2yUUS7bSBznPePp4V7ZbN/FLnFDoyGlRoqYRsw0dl6N0B0+xnh1k2Q4nO3p6LFZZlnufF6HY1FI2tjtjaenhpY24IAyFevk8Boaf80KiDYdRA3PdRrhPmUNCpNs9n/sw2kUufU1Jbjcuwr6nYIIwz05Vdb4mtmL3DfGynyPAGy0QFqzK3Me+YgABMa7O7kHPcoE9QA0sB5WqMS/nwPq5y8BkZ55wrmxUDGASyM57lUdBA+epb3A5Wra9kMTWtGzRhZtTLa9p1dDHe1YSZJg0YATKYuml0Y2PdQnTl7wOVdW2D+X4jm4I2XD1Mss9JG2EYZkWdO0Qx6CUGeUMG5CbJISNtsLNX6/RUsTo9XmPoU7x3j56q3jo8h9U/UdHiqHKUuTnUV01OFNAcyHb9eFpOiemGUEfztbHqnkwRnfCz3SHTVRXVTbnWZLGu1Yd+I9l6lSU/htBIXu4aeFEFCJ+TvqLz8/MaiU5EuJmQDhS424IIHqhRjAGykxAaQgxyeTm8hGNGOERqY1ParBDp43TEppo6eMySu049VaDHTERDLtlCfOX7AKMaiauqPOcRY290ZwDG4zsFSeSCfLgeuV4T1xf7t8Uuo/9hekWv+QiOKyqDsNI/wCmx+6n/EfrS7dS3NvQPRhJqpC4Vc7D5QzbYHt3W9+G/QlF0bbGU9Gzzvw6eQjeV3r+5VmuDVMNzXL6LfpDpG3dL2imtVDA1rYG7nH1HuStK1oaMAITRj2RWqJmdtvlnV3JXElQA9ziRjKDNPHBGXyu47eq5V1TKSPxJOO3uVWwGS5PbUS+SIHIYefzVEHROqK6Z0j/ACwZ2aeVNADRskGhvHA7Ib354VESyPe/VsFkrvfq6uuh6a6UHj3HbxnkZZTtOfM79Ch3O83fqW5u6V6OiDp2jTV3DmOjz7/1heidHdH2vpS3GktrXapTrnkkOZJH+rv1QuWA+iL0D0RQdIUDi/FVcakk1VU85fJ6DP6/dacNO+kE432RNGkbLB/EP4jt6bMXT1hgkruo7kCylpYt9PvIP6dxlCUSevfiJRdI0UVLRwitvNW7TTUTRmR59vb1PZU3Q/Qdwdc5Os+t6x1bfqoAadOYKRm/ki325/ZF6E+HsllMnUnVdY+7dSV4BlrXu1NYz/u4/wDDxhbYOGkjKhYQtaNic/crmtn9SC447oQa55xlWUdnlfOfBhO3c+qLT08FAPmKseUcJrTFSRGWQjbj1KpK6vlqJPqOn7q0skH3rqCprGfKUjiyPOM98Kq8IAAloz6o8oaQDjCizSgjATYJEOO0tGdQUSecDbAXKiYg4BVfUzBo9Uwg6pqFT1tUdOCF2tr2MYXZOewVLPPJMcOdymQQ1RbFU1Rc7YBRvEcTktKh3K62+0R/MXGfw2c5XmXVXxgjc98Vnc8t3GTjdMNlGksvklBHpN1vFFaYPFqZQNWdO/K836j+LLGMdT0biT7LzS49R3C7SuMk7wH9sqrbC6SQg7uPZQ7tXjoV8zLa6dTXO6vcZqhwae2VWtiknIwHErSWHoW43ItM8GkH/JeiWnpO12hjQyJr3ju4d1Btl9VCxWYXp74fVlyYJatwiZzuvQbdYrbaoRFHAC4bFysY4jjEQ2HYBWcFrYIxJPy7fGVDnX6uU+CshppJXBsTfL6KzpbdHCA+RmCfdSWNZFhscYARPBfO4NAOccKt/oxTnkY3SNmt2CI0OcQ0NySitipqOJ09fUxwsb/Udys7devIKfXBY6Rxd/3srds+yqU8ARhOx8GimZT0sRqLlUR08bf6zz9lmbt15HTNfT9N0viyf968bfksJfOoRK/5nqO7uLxuIgdlkLr8Q3BjqexUbgeBKXYH6Y/1SJ2nU03j5WejX3a51lW4y9SXsBjsktLsAfYLN1fV9vp2htsjdJjI1EYBWNqbjHKTUXWsdNK7fSTnCrZLpUVDvCoIC1o7lIldk7dHjYL8jR3DqOuqnONRWviYd9MZ05+6qKi6MfgQ+Zw7nuojKCtnw+p2HccIwFvpWjScuSpTyb4UV18RBg3CpOQcNRHU9O3DpneYKNNcZ84jOGpkbZJjl26VKWRyikSXTRt2a1DLnuz6J7afJDncBSGmKMARO1EIMMqc4xXBHjgcTgtITnwBuN1LZHWy4bHjH2U2ltDj5qgZyiSyKd0V2UfgyvOI2ZypNNYquoIDhgH2Wlp6GljH0borK2lgcQ548vZRxQp3z/pIFv6Tp2N1VLclX0FHBTMDYY2tA22CrZuo6aHZvmIVfJ1HUTnTTg/oqUlFiWrrezVMdgbdkKa5U9NvM4D81kZKy9zbtkwCor6erkOaqTV+ar5V6Lhps9mqq+rrfC3MeXu9AVWz9YvczEDDlVUVHQMOZnYS8W2U51NIJ91Stn1kdHSQXofL1Ddah2lshGeyivfdJfqJId7oputCDs0IbuoI2khsR27q5W4WGNVDjzGJwUda/Bewn7okduqHfhA90A9ROOQGlCN9qR9I/dLdqYTjd6RYstjs7typDbbkDLf3VH/tBcCCAR+iEbxcSd5B+iH5F+iKi2fbNILfAOWjCI2Cibw4ZWWN0uB5mGPshmtqicmRT5CnpZLtmuHyzTlrmj807XAR9bQsh83Vf1rhqqk7F+ynyf2Kelya7XT/APfj9UzXTH/jhZPxXnklFDznk/qp8n9iv4hp/wCR/wDJIQ/BDtmT5/NZxtSScbojZ3kZDiFfyFrT7TQfIzO3E/7obrbX4yH/ALqlbWVTeJnD80Vl0qx/xCfzRZUiOprosXUF3B2l2TDS3UZw/f7oUV8qWjd5OEZl9kJ8wJUxBeyts16AGmvuTg7IZZeRyCriG/MaAJAji80z+w/RW1H0wHKS/pM6990ZywlDNXXD64iFqm1tM/hoP5J+IZBvCwj7IduXwXG1rtGONa8nzt4RW3FgGDCDj2Wklt1I858BufsgyWeleNowP/CqlGa9lq6t9ozwq6UPLzDglFDqOUag/TnsrOTp0OOWMaFDmsZa7T4Z2S1lehqtg/ZHdHTn6XZQtIB2Uh1skj2GU35WYbhufzV7mvQW9DBskiCKUbOZhLSUSWXkvIhnslg8jZPawLuAmp4AbyFp66rpzmOZwx7lW9N1XdYQB4xOPdUYbn2SeDtur+SWeGKlpa59m4ouvS0NZVxYxy4K9o+sLTVvbF4mhx7uOy8sAx3yngYORsnQvlH8jNZoK30ezw1lJOdMUzSfTKKfsvG6W41dJKJIJ3tI91fUPWdwhlDp3a2+nKbHUxz9xiu0UofieipLO0nWlBK8RzNLM/i7K9grKeoaHxTMcDxunfNB9GGVNkXyiQMnsiNBzwuAEkbbIgCmDLOTY9i6d0m8pHZMFzH7YxwkMkriSjWQNzDaQRgbZ5QZ6CmqWFk0LHA+yO1dS2kErJIzlX0sWkyUEpDvQoLZbvbT4dVCZYht6rVAd0TDXNOWg/cZQqCkNjqJezIVNBYL8wtfE2KU87d1krz0FV0pMtGA9novRa7p2kqnmSH+RJ6sVUT1FY5P94jFbTdtIyQPslTqwbatXJdHlE9LUUryyojLCPUIY523Xr8sfTXUbPDmiZDMeQ4YKzV6+HFXSNdPbiJY9yB3SnV7OlVrU+JcMxIaOE8Rj0RTTyMOHjBQ0vabFJSWRun3XQMLuCkpgPcgqSS5g5z2VAvg6njldaMDBThyifAibyEHCemDhPVxlkAMkOUkhymkCDhEQxwiKFN4Qk8cpieB3UFNLI8AYT9R4O49E0cLqgoVXbIq1viUpDX/ANKppYJoHaZWkYV5E5zTlpwVImpoLlAWPw2Ubg+qgantMyuPhZIMFHrKCakk0PB9iosbzqwQgwjRGWeURaiiazeNpUQAgkEK8yxzcEKNNRNdu0ITRGbKpJHlpnRk4CCQRyoMUkxySSShY48Jqem6fdQprIRdyVxJEWfp3Q18dVAx0e+2CprH6sbLz/pi9OglNLO7ykeXJW1in1Y2X5FkuOT9sW17eizjkfG8OYVaQTeK0ZwFRMkHdTKWp8wGEhoRJZLYcp+xbjKDG4OaMLoJzyl49iWh2S0hHa7yhDGCE0HSVMgSimGSSByMpIxXQZJJJEQScmpyhaEkkkoEPSSSUIJJJJQgkkklBIkkklCMSSSSEXLsekkkoUOTU5NUIOSTUkRBJJJKEHJJqShBZKWSkkoQWM7LP3u0S05/iNAN+ZIx391oFyQZHGVCGftNy8WPHcbEHkK7hqNQG3KoLvQmimbXUYLdbsPaOFMoKrxWNwcnGfsoElkuQfRPLiFHY4EIqEroeH57JlTDFURmORoOe/oujuuAHlQmcFE81FnnzguicVdQVENXE2SNwI9PRPfDHM0tewOB23CopaettFX4tO0vp3HzD0RAt5LmSPUMO3ys/cbZPRvNVT+dmfM0dld09VFVRCWJwIP7I+2DkZCJPJWTMUNzLpGt1kH0K0FPVF2FVXHp9kkrqmid4cvI9AVV0t0qqWf5Ws8r2nGeAU6Fm0VOtSNuxjahumRocD2K8T+K/wAHzAJeounYyWkl09O1vH+IL1aluLwA4OVnDcGPGl+Dn1Xd8Zr56We6JjtqPid7CHFrhghNL/DwPVfRHxV+D1PeWT9Q9Mx6aw5fLTtG0h7kei+d6+kmppn09QwxyMOlzXDBBC+n+N8tDVxWOzmXVYeUObIHDIRG49FWGV8LgA7YqVFUMIHmye670JvGTPhdMlyU8M0To3s54Poqt8M1K/wngub+Eq0Y8Y45XXNbI3DgCPdba7cdmS/RVz5KeejbURltTTtcw+oysvcukKafVJRHQ7nT2W6bP8m4RTNL6d539Qn1NsgMPj0YBbzyt9GrlW+Dga/w1GojicEzxautlXROcJoHADuAqzxy13HC9mqKWnnYY6iFrh6ELMXfoWOpBlt0fmO+F1IayL/I+e+S+lp1tz0y/wAmIjm1DBaunHIK7W2qvt0jmTQvZp23Cise/OCVoi1JZR5O7SzpntmmmGSTA8HunK8CbKpV9o7kpZK5kJZygFj0k1IcoSBMBLATtQwmHlQh3AS2C6eEPfKhAiS4OEshACdSwOUklChJLmQuqEEkkkoQSSSShDhA5Q8FFXMBQtMGW55CFpGON1JICHgqmsl9gS0eicySalmbUU0nhyN4cFzOeySRZDLDqusomrK3ho9B6V+IR3gve2MZn1/r5cfbuvRWv9l89tbgbLSdM9c1dif4VafFpOA0baPfK4uu8ZnNlZ9c+kPr3EVpPJy59S/9z2VrtJ5wpUMoJAyFQ0F1prtSsq6KQPjeM7HhTI6jw3Acrz862z7VovI12RU4vhl0HnAAPCdHK9w8xyoMVUCMFSGPG5wsk62ju1XRmsxZMZLJG7Ux5BU9kkFWzDiGycHKqmvA5CKRgZAQr7Wad+VhkuSnfGN9weCo+COV2KukZhj92+6PqimaXwgau4TPkETipEfWD2TQ8k7hdJwcEJurHZHGeTLOlSJMUuwzslWUlBcoDS3CkjqIncteMqM9+rBHZcZUEjBGU+u1wfBhv0cbFiSyed9W/AKw30SVFkcKSZ2+hw8n69l4Z1X8K+qulJnironvhB2ewZBHsV9bioc7IOU50oljdDLEx0b9nBwyCulRrbIPlnh/L/Rmh133pbZftHw0Yy0eqEGuzjlfVvVPwW6S6g8SptsItlW/fMf92T/y9l431f8ABrqfpt75jBHPSs+qWE6h98fqurTq659s+Z+R+kdbocuH3I85apVLVzwnyPOPQpT0MtO/RIPzQgC1aYyUuUeUu004PFiLaKv1EeKQMqQHRv8AM0hUWvIxjhSYah7MYJTeUZJ0x/pLLfK47hAZVjOJXIoniIy12UWUIw4gyDnK4jloO+N0Eg5OyIhxOa455TUkZRKBGE7V7qNk+pXQTndxUL4ZNinZnDzhSDFHONiN1XjBGcosNToKnYpr9Aa6gki/mYBb7dlWnLXA+i1NJNHNmOTHHBVfcLK7Lpab6TvhC1jkKE10yPSXR0EgJO3cK9a+Crja+NwGeyyGCDgnhHgqJqeVskbsAcj1U+T0y5V7ujRTUeMHSgeEWcDv6o1BeYqw+HKcHHdSZYQDtjB4T4yM84uPEui96Y6/udhmZHUAz0vGgHce4XsNj6lt97ibLSuIBH0u5BXz05gHAUm3XW4WuUS0dS9mOwOyfCzBz9To4zWYo+mA85G6Ox3C816V+JtLXsjo7pEYpQA3xM+Vy38NQHbYTMr0cHUaeVT5LEHKfG4tdgKMyQH80Qvx2V5yI/yTmVDm4KO2pJ5Vc2XPZF1KiiyZL6EIzJj6KrZJjuVIZU9iEBQ279PWS/w+Hc6JjyfpePK5p9QVnf4B1h0zkdOXD+KUjd20VXJ5mjvpctWJQ7ByiskCsvLZmrZ1xQ1EvyN2jdbK/j5eo2JPt6haBlQH+mD3QbvZ7VfKf5a6Ucc7fwkjzN+x5VFH011FYQZenKoXCBuc0VR9bfTw3n89iUZDTNkPJ7JGcnssnb+tqaeqNuukb7dXg4NPVDR+juD+RWhZPnsFACUJTnhF1qEH57J4dnsrwQliQ5Tw/bhQmuweEZrsjhV0Qkh2/KIDtyomseqfq91eQA2SlkoeQlkKECZKWSmJKEO6j6pZK4koQDPEA/WzY90xjznBUl+lw5UWVuDkJQYbGRylj3QGS9iEdrtStEBSxteNLmgg9isld7XLRSmQDVE45B9PZbMjKjzwRzxmKVoc1yrOGWng8/lp4alnhzs1N7hBtlVPYqswVD3SUcpxEf8Au/b7K9udqfRSFzRmN3BVZUUcdVEYpRkHg+ianyPT3Lk0MUgcAW7h24RlkLZdX2msNor3lzXn+RIePsStSyXuRymroVKLGXCnZV07qd/DhsfQrNROqaGcW6pPk/A48Fax3mGFX19DHWxGN+zuWP7tPqrCjLHBDDeDjdZ/q/pw3ujD6cNFTDu3/EPRWFFPPSTOt9xJ8XOWP/C8dsKwyByqZqqeGeNUGoscw8ZR5YWOjMUjA5kgw5pGQQr3qux/wuuNdTgCnqXE4H4Xeipwzxhss10dx0a54+5dnjnUlpfYbnJThpMTnF0Z/wAJ43UqyVvjN8GVwLgMtPst31V08LxQljABNGdTCe/svKY5H0tQBndjsHH3XmtZp2pZR9b+mPI/yKY5fKNPURNcNhnb1VY9zoXZGx7Kxo5WVcZex3bcKNU05zloXGmtrPd1z+RKUTa2C4NuFA1pcC9g0uVL1VaxJG6RrVTWy4zW6pbJE8gZ8w7ELdkQXGlbLgObI1SE9zOvGz+TV8Z4zWQOpn6Hj81G0rX9VWloDzE3dhysg44G6fk8drtHOiWGJqM3sojfqUiM4OVfZgqlteB8wJ82EylnLHozsPZlQnAtflKtialNwkpI1VsrSWjcLa0NWHQx4IOy81ttQGt3ytdbqsCNm+dkjDPS6HWKUUmXldH48YGFmLnS+H2/daeCZszcEKFc6EyDICo2W1K5ZRi548bEKG1hY/WAr2vozGc4VVKzBxhQ4V0Nk8Fjaq0tkDXFaKmnbIABhYuHLHBw2Vzb6wtIyouRtN+HyaUtJ4Uqhr5IMRAZyoNJU+I0AhFliJAIHKKSxydSubWJIvY5fGZqQZmgNyolHWiJjYnD81NlIc0O9UKNytVsU0RATnGUWneQ4DIQXbZQmuIeoiK3azQQyZaAngZ7qBRzbAFTgcjIQHSqnujkeRkEKJLHndSg4E4TZW5CAZnJExg7lGjwDso8gIOV2mqADghADu2snOibLGWuCp5YZLdKJWOOlxx9lcsfsDhDrGMnh0FqCUcrkOS3LK7LCzXFtczwJCCRwp7Kl9rqsx5x7LHMM1DKJInYI/dam23GmukIjmx4gGPdYL6MrKOtodW21CT5PQenuomzNa1z9ytPEfGXkVFWOttQWuGQD+y3tjvrZmMPiZB43/Zcuyp9nptJqVJ7Js0EsLZG6XDYqLTyz22fIJLD2U1srZGhwPKFPGJBjlZsHQyn0XVNVRVEYkjIOeR6KUDlY8y1FslE0WXRnlqv7bc4q2MFp5VF5wcvlhpb5TGGZoDx9L+4WBmtddYqp9JUEuYPpOOQvUAcqDdKKnuUeiWPLwMB3cI1LAMobujy6tomSyiSMAOcMK/tddJBHHTVo7YDvVFudikjhLoM6oz6J9CynutCYpcCpj8u+yIUo4DVMDSRJHwRlVtXSsqIzFI3OeD6KXR1Wpz6KTHiQ7b9wnTRjg8q8ZLnDKPL77Yam2VXztHkEHJA4IWq6L6r14jfJgt2c0qxrqVlRqZIMgjC8/vVuq+n6z56kBxnJxwQhdeTLudE1LHB73SVcc8bZIzkKbG/Izjlee9EdUR3Cmj48zRtnutzFLnGyyW04fB1KblMmpocQfVNZK07Jz8EZ9FgsTRtUkFEpIUiJ+cEhV0cn8wMI2UlsuHZSsMZlNDK+Mxytq4hgg74Vxb6oTsGSMhQdcVUwxA74UOOWW31bWvB0u2VdlKJqtWW4KhvjOrKfDJkBEe0EZCDCYIxpdjdccm7Nf7IrXAgYKApjC0EFp4KyN4p3UNeJmN8rzvhbI8FUl9pRLATp3HBWjTvAqSyQYnNkZuQchZW6wGOV7JG5BJGfUK9pCSA3OFCvcBkgD+SN8rq0szXV5WDxbqmyvoq974mHQ46hjgKLbajRv3G263HU9MZ4RIG+y8+aPAnfG7nOV2q55gkeS1NTptyj2foqufNQNjmfk9t1qmu8wXlvRl1DXMYHc4/VenOOoNd7JViyej0Vu6tZJoGQDlAroGzUz2OGdtl2JxADcfuivAeMEbLPg3YyefsZJTVr4eBqytFTzamacDhV/UVL8pOJ2jG/wCyfa6pryNRUJnBYwuMMwc0YCsnAVFM/I7FQnjLQWjlTKKQaPBPI/dMr5eBE4bkYC/0LKuhqaaePOkHAXgN3iFJXPj0kYJG6+m71BG2rcA3Y8hfP/xItU1uvkk7mYjl3bjhey8Hfte1nx3690Up1K5emZ1smRnC1/SVa/WxuoDCxcLg72V5Y6ltNVjU7AK9dB5PkcJbWerNeXtyBnbshQyOjlyRggrtpqY5KUEDJXapo8XxAMAp50qZZWWTK1rJafX7LOytLJCQFoHOD6MYPZVFXHqcdlTNDngBBNhwbhWMbiGB2eFTNdok+ysYZxpCROG4bVbtkpFtb6k/MAE4AWgjkDsYPKyMUpDw4bYV7R1OpoBKxW1cZPd+I16ccNltkYymEnKGCSM5TsjOFzpxbPT1Xbh5OQq66gfLu9cqeOVWXbLo5Mb8IVFjLZfbgFQu1QDdGcoNsd/J57qbnICMw7muCPdIvFongrH2F/8APkpnfhctrWDVTPaOSsJSStpr3K1+2o7JhzdZNwal+zRS5YCMchRYzolDhhSpN485zsq4Z8R2SgcXgbGZZtcCMgqmqR8vchM/6XbKziJA3KrruPolxs0pEobjTGXst5QJYQR6KoppNNRjG26sLfUGeIOLst0jCiSxhlYdIwDugccDnLKHT4yMBQKjLXNOFKmlIkGRsg1IbgEFHEz2Hi/xOANyDh3KxDlufik7w68d8rCB2occLsV/7aR8U+pH/wDPyiNRIPoQ0WH6EcX6OAxv4wp+BpGyg4JeCpxI0gJ1YoagzHGwKI7uo0nKK3oKPYJ/bJXWYxyhS5yAFxuVkeW+RuOCTE0ZBwpg+kKJF2UtPguBc+xiIz6guIw5RsX0EHC6OVwcJ8Y3ypHsU1kKPpJ9EMapXABPccNyn2z+bUAY4WhIuiL3rBf0EIhhaMY23Cc4mSXA7bJrRpGM8ItOzOXYVnpK4qEcIkRNDY8qsvFUI6VwBGe6myShmAsze5yZnRZ2KuTwZ9ZPbDCKp0rnZcTyoMpOsqQ/bbKGzd2cLPN5OVF+2Ohacb7KUBtj0QmgAbBHUUccgt8jW7lSY243wo7PqCmNdhv0o28IXYKd5a0tBxlVk5yeVKqpc7BQSO+VmslkkItgScro5KQGCQue6yzY+CCgZOFdW62ujaJH7OduB6Ktt0LpqpuO3K1UURcMLNbZ6PSeJ0il/qSJFots1dO1jBtncr2WyUTaOkiZjGAFkeiLG9rGzyDylbxoAwBwFnzk9/oNN8cdzJZf4bdyqtrzPVebgFSJpdg0IVNFpfrPdaK1kbqLMcFjEAxox6J2rPJAQHEbYKZI8YAytcazDLVQgsMdNOI2k5HCrxM6V+ccFAq6w+N4XZSaJhJ1YTs7Fkqm9aiWIl/QRNp4mu1ec7n2Ut1SXAAqrgkOkDfZSIWmR+nK5eqll5PUaOarjhlvbYTJK2V2CArzxxEzIHCqaZ4gga3G4Qa6v8One7dY6NNLVWJR6E+Y8zp9BpXba8Dr1fhSQHDgC7gqk6etlT1BXOq5WFzA7AyoAbU3yuDYhiNuwB/zXqXTFoZRQM8NuCW+Y+697RpoaStRij8sfVX1Jf5XUSblmPouLJQR0jBE1uA0BXkOzgSEGCLZuG8KaxuMbcKTllniJSyEYMb4RRwuNGye04OVSFsIwEfmiN7rjXZbnhRrlcYLZCZpDufpYD5nO9kPZYerraehj8WofpHb3Poql4rLs8Vc7vDgd9LPxH7oNLT1t1mFfdnANaPJBjYDsf8AmVocNHlGwVpE7GNAY3DQNuF5f8TviJNEWdJ9OSOddqomMiMZxn0KuPid19T9J0UcEBMlwqRiGIb5HGSFB+FHw4qLYJupeppPHu1cA7D9/CByg4RphGNUflky3+G/w6pulqHxKoeJcZ/NUyu3cT6A+i9Bij0tAIAA4CdGMAahk9ynqsmadkrJbmMxhJJJDYWPzhAq6yKji8aV2G8ZXK2oipYTPO8NY0dzz7Klp45rvMKyqBZSg4iid/mVE8kJEQmuc7aiqB0M3jjPH3Ks9A7AD7BJsQYMhJ7g06eThQi5eEdOCMBYGW53P4hXeTpTo6UNo48suVyH/AP9Mf8Ai53UdlbevivdpOnOjJJqaywBxuN0ezZw40R78c916/Y+m7P0jbo7XZqcQ07ANLR2/wDlyoNxs/yA6Z6Yt/S1sitdsg8OBnGd3n3ce5V8xwxsN0EO1Lzn4k/FGazzM6R6SjbV324fymBo1CEH8TvZATsk/E/4lvsckXSPS1J/EOpq/aKJr/JTt7uk29+E74e/Dl/TLJ7zeqw196uZ8Sqq3jJJ9GnsPZR/hj8Pj0zDNdrxOau8XAiSpnfue/lHoN16C52G4JUKyhhJ04J4CjFxCK9wyTlRyeSoCOzqKa+oigGTufRBfUBmRhQKh2rzOOVCHKyokmecv8vYKLI8MAPK5M8O3zjCgTz6fUookDzVI9lXyzlyBVVeHYVdJWyZIjOEaygkiTVVQj5xn0VRWVhkGlMqp2QRGpqXkAfU5eT9Z/HGz2sOpbGPmqgcPAy39U+KNen0l2ol/po3t2udHbo/ma+fw4x3XlvVfxopaUyUtip9cg2Er/8AovKr/wBa9R9S1D5q+vlLXH6A7YKqijLh5jue5TD0Wm8Wqv8Ad7J946pvt9lL6+tkk1HOnVsPyUWOlMgGRn81Mtlmmr5xHC388L0Xpz4bNBbPd3NERH0kcojRK+rTLCRhbN01WXKUR0kBG+55Xo1n6AoraG1VwY2SXAOy0tNDQUAFPb6ZjcbAgDdSRRVNRg1cumLuMKHN1Gtdn4kWJ/mEcLBjGNlMp7fw+oZnPujsipYyGUzdTgpcVPI/DpmlrVDBKTfIOKCFoAZHwUdsb3jT6c+yTqmipRkHJVNdOo2xRvNNKGZ2ISpWJFRg7HhFrJPT0vmneG491SXPrN9JgWuNhcOXvGf0WCv3XlppdYq65zpAN2g5XnF5+IdbMww0L9Efb1SnadbSeKlbzJHpd66nY0vq7rWOc47huvb8gsNefiC+dhgtzHMHGolYeWqrq15kqJnvzvu4lGjpiW5dkJU7Nx26fG10cirK2pqpNdRI6Un1KCRWkAU7cfkiOkhiOXncdkjcpHeWAABZ5SydCtKPCEy3U7G+JXS5kduU/wDiEdONNIGjHfCjOZUVL9ZyUdtK1oBePyQNsJ49sDNU1dWQHznHoEyOlc45cdyprWUrMcApxglOPDjJBQSeAXNIZDSRfjaFIbABsxqLFTDAdMMHlEkqKemZrByQqTFyk5cI5FRyu/Dt3UmOjp4RrcAD3VZLeSW/Xpwq6a6l+WmU/qidm0FaeUuWaQ3Gkpdhuo8l+e8aKdhWcM8mC5oymCprXnBwwfZL+TIxaWHbLqS41hzrfpB91HfUscB482w7KvAqH/XISuGjeRqJP6oHNsJVRT4LE19EweUbhBffCz/szQMd1FbTkH6UQUxH4QqbbGpQ6Y518r3eUnYoZqq14yZeUUQAcMCIIQBgDCCSaLe2PSIZfUnmUpvhk8lTfA9kvl/dDyVuRE8E+i74J9FM+WJG6XyivDYXyEMQb/SiBhA4UsU/qniJo7KRiT5GV3hO/pS8M/0qzEbAMaUtDfRF8ZW8rdD/AES0O/pKs/BA/AuiNn9H7qbAXZgrfCPou+EfRWYjaBjQEtDQchgU+Mr5n+it8Fy74LlaCJoGMBIRtHAU2FfOVghcPwp3huH4VZaG+iRY09lNuCndnsrTESueC5WXhN9EvCZ6IXlAO0rvCf6rojeFYeA30SEIB4RfkT5CHhx5SGoHKnNgaB9Kd4A/pUUWXkh+PMMaTjCOyvqW/i/dPEGeWBIUmNyicWLltDNu1Q3Hf81IbeiMCVqifLn0TfBHorTwBKMH6LVlygk5cQUdkscwy1w39VSiI9khqB5O3uiTwKnD/lLd9O93AyFHkpXN5CZHcp42aTkgeqkxXGnkA8VpB7oc5ZHvj2Qnw52IUZ8OOGq+DqWZuYmob6Vo7BMSLVz9lCYn9guaXgK4NKOzQgup/YKSi5dBq5Mqi4g/SnB2TjCmvpgOwQvAKRyg/lQLOobJeGfRPMBHLUtBHZWpsvd7OLn08J6Si75AUuRuc8FTKK6VdI4aJXEDgEqKlkJ8ZOPQN0YzxlGqoetLjEAySXLfffC1Vu6toaprWTeR5G5zsvLG59UVkskZyxxC0V3yXZht0kJrhHtcNRFO0OjeHZ9CiryKi6guFE4FkpIHbK19m65hmwyrGl3qVojfns51uinHo2ZaSuM+oIVJcqOsYDHK3J91KAxvnKPemc+ytwfJ0cLo5ThskrF4HAd11JIcoiYEAiADGMDHukB3XVGslqTXRVXDpu1Vx1mHwpez49iqprepenXl0b/n6T+k7uAWr0O9Em90Dih0NRJflyZKoh6Z6laRPAKSqPJxpOVkb30Hc7aXVFMBPDyC3nC9Lr+n6Cvy/wAMRSf1sGDlVgPUVheQ8CtpT2xkgfZIcOTVVqZQ/F8Hkhj/AAuGCOyGGZ7r1S6WCydVR66FzaOuGXEacavbCwt56cudkl01kJ0k4DgNiglXg6VOqysS7KUAg7hEa3G5G6dpPIanpT4NfyCSSSUKbyPTxymYKI0bhRECM4Tk1nCcmIAenpierFzHjlEA7oYHdEHChR1IcpySgkKOF1JJQjWQo8KpYYKrcH6XHkFUdxtj6WUkDLfUcK4AOUZoEjdLgoSE5RZlHHBxnB9E9rxjBU+62UtzU02fdqpcvd5SNwgNkJqS4JLoWSDjKhTUvh5IUuOTSBnunuaJB91SWA1PDKgAjORwlqHqp01IOwUJ1O5p4zlUNVmRiSWMJKB7kJJJJQs+8w3w3B7Tgg5C1/Tl1+ZZ8vI7zMG26y7gm000tLO2aJxaWn15C/JMpbj9xWR3I9Mjk2AyCpMT8EEKltldHWwiVjuBuFZseNkrBinBpltSVZOxAU5smocKjjl8Nw2VpSztk8qXgU4knJXRkkJg5RQRygwJfQQcLq4PZOAz3RCZdhEkkkRQ9JJJQg5JJJQMSSSShB6SYkoQekkkoQSSSSgkekmJKAD0kkkIIkkklCCSSSREEkkkoQSSSShBJJJKEEkkkoQBURCRukjIOyoqqlmt8/jwg6SckDutGRlR5oRJsRlQJSwRqOrZOxr2n7hT2uWefFPQVBezdjjn7K1pamOZoc0/cKFvknjlFwHN3UdEHKgMlkRZIw5a4ALjsTM0uI32IRQWubumGJo3Y391Bb4KKopZ7TUGopgTC76mcgfZT6StiqmB8Z2P7KWXg5a5v5FVFXRPopTWUY/luOXsChC1VfcbLTXLd40vxgOA3R6SrZUMBB3UlWnhgyeDESvu1irPlq/z02dpQNsdld0tYX6XtIc07ghW1ZTwVcJpqmMOa8Y3HCyN2sd4sDTW2Quq4s+em1ZcR/hWqq1iJLca6krC0g7Hsd1iviT8KbZ1jDJc7c5lLXAZLi3PiH/EVZWC+Ut1iHhv0TNyJIXfUw9wQtDHPpYASuro9fPTzU4vkyXVbj4xvlkuFiuEluucDo5YyRuNiPUKtyY92n7L7B62+Hlj6+tppK6IR1UYLqecDdrv+i+X+tehb90NcX0N2pXCHURFPjyvHZfSPGeehfBRk+Tn3VOPRSQXHSQJTsp8NQJBthUcje6dBWPjOAV6qE8rJnby8M0Q8ORha9oIKBHHVULy6E+JEeWHlR6esB2cVOjmBGQOU+M8B/CprK7OSijuH0nwpByHbbqFJSVNK7LSceykVdGZyJIzoeON+Uw3CWna2KrjO2weOCtELucejLdolavuXP8AYizUdHc2GKuhaT/Vp3WNvnw2qTqntDfFbzgHGPyXoIbTVQ1MIB9kOQz0hy0kj1C306mUOjg67wGn1MHG2J4ZWUFdbJDHVwuYR6hAiqCTgAL2yuobbd4zHW07C4/i07rDXz4cT0+qptbg9h30rqV6mMliR88130xqdOnKr7ofr2ZIPBHb9VzxfUINVTVlDKWVUL2Ec5CRmYWjOQmJqXKPK26VR+1cS/TCJIXiM9V0SMPf9lDE6pR/INrKK2XsoxeAhCY5QgJMsQQe67gcqGycbZKO2cEBQmQp4QRq1IocClgKEfAhwundJJAUM39U9JI7qEzkWQkmYPqnqEawJJJJQoemJ6YoQS4QMZXUlCwZC4iEDlMIOUARxCc0O2O6KmKNZWGU/wCxOsnUNxsEhNJKTCTkxk7fkvUbB1JR3unZLC8B+MOYTuCvHyB+SLTVM9HIJaWV8bgeWnC5es0UZLMUey+nfrHVeIaqublD/wBD3lkzm4x2U+nrIj5XnBXmtg+INPIxlLdWlkg28QcH7rYicScDIXn79JKL5R978T56nV1K7TyTRoxJrw9m4UllQCBkLP0tdJTnGSWnsVZskbM0OY4fZc6ypxPY6XVxvhlE4FrzxhIZactOD7KKx+OTwjsft6rOayQKhv8AxQCfXC6WwytyxwGUAtDlGqGPYQY8gj0Ktfopkt0EgJJGyC5paNghRV8sflqM4Ulk0UrcscHZTYZ9ipJMiukczgLsc73HDsI0kYO4CjyR8BoT4TMdtSfQfxP8QT4p8HGkH7qAdTFwVGMgtT4T5yc6zTp+im6o+GXSvVIdI6lbSVD+ZImjc+pC8f6u+BnUVm11NqjFfT8jw/rx/wAq99ZUY3JKLHcXt8pAcPQ8LdXq5QZ5zyH01otfndFJnxnVW+opJnQVUT4nt2Ic3BCAMsPK+vL90n0v1QxzLjQMZK4bStADgvJuqfgTXUxdUdNVjqxoyfDkK6lOpjNfcfNfK/Reo0vND3L+3Z4+DnkhP16d2uVjcbJWWyZ1NdbfLDIzYkjb8lTzwygkwjI+60qe7lHi9RoLNPPbNEllbMTjOyksqQ8AEbqm8V0bsObuiifODumZTfBjlRLOGi1y08OC5keqgNqCTxlHZLlMyC4NEhJNbI0jld1BMFYHZKcwnKZnKSrItkuKU+uPzVlTV7Q0Mn37ZVIcggo0b1YEo4J1fZ4qlxnpnBriMkdiqGSN8bixwII5V9BVBgDUaeljq4tmtDvXG6CSCjJxMwNQdnOMK4oL3pjENSeOCodVQzUxy4ZHqorW4OeUPyY4GPbYuTXwhs7Q5pGMZXDFp5CztJc5acgDdvor2kuMFU3bloyQmxsyZpww+Dry+MjHPIWv6W+IVbaJGMrdU0P0kA8BZaaMHBxlC0+61KRitpjasM+h7J1VZrzGx1LVND+7HHBCvQ/I4XzJQXCqttS2opZC0t5HqvTel/ihrDae69ttSPKONqtFJcxR6m13siGUjgKtorhDWxNmgcHNcMjBUxr8jOEeV7Oc4NcMO15JGSjNPuoiIwnIGVbQPZMDj6ogceMqK13GSiBwxypkhKa886k8TnjChh5Cfr2wpwyZH3K22u/QCmu1LHUs7B4zhZaq6M6nsAa7o+u/iNI0ZFDWSAPb7NkxnH3K0oJBzqUuCqdGQ7KhEZK1dZ0VTN/DLjDNQXFuxp6hukn3B7haEVOPRSrrZem+qIRT3ygZMRnS/GHMPqCslW9FdW9OZqOmakXegaP+zTH+ZGP8JUIahsgcAUXxB6fusrYurqW5TOt09NLR1sYw+GYYd+Xqr9j84I/zU/yFJYJYJBzqRg7AxqCgCfJwieKp2KJer3C6CcqO05PKMz6Qo0QMOEkzISyFMkHpJmQlkKZIdyVwgHlLISJB7qiEaRoadk+GXOxXHMwUFzTyrayiE9rgQkcHuokcpPlwntcRvkpLWCHZ4GTRmOQAghZiuoJKWQtcNuQfVazUolfAKiMR535BTYSwGngw9yt0dwgMbhiQbsd3a7sn2G7yNxZ7mdNXCNvR7fUKyqaZ8Emhzceh9VUXi1GsArKV2isiH8t49R2TexqaksM0wOr2SLQ78lTdPXY3GkEdS4Nq4jpkZ3yO6uTyjFSW1lbdLXFcYw1x0ubu1w5BVEytnpJRQ1ww4bMeeHBa15yMEqpu9rjroC1zd27tcOQVBkJ54Ku60kd1oX0jwMkZYfRy86jY6mqX0s3lewkbrc0tbLSy/JV/lI2Y88H81U9aWsSQMulMwCSI+ctHI9Ut8m2meGkzOzsOdl5J1tYX2erNbGzMU7t8cAr1yORs8QeO4/dV97s0d7t0lHKBg7jbfK5uro3rg9L4XXPR6hc8M8ct1bPTyNcw7HkdloBK2dgJx6rN1EUlBVyUM7CyaBxa5vp6KxoqvBbnheZ1NOJYPsvjdbxh+w9VDg6gMZV/0pdcA0Mx3GwyVCDY6qDTp37H0VVqlpJy9hLXNOQsL+xnfU5VSUo9GyvNubNmVrQQRuF5r1FbTTP8aNulpO4916jaq+O6UDXHGoNwfus51HbNbZGaMgjITN3AzX6f+TXuR5w33Rm7Js0DoJXRuB2K72KOMzx0ouubQdjs7JlVGWt8Ro+6CyU6wFMOHR4JzkInyFCzcQoKt0Rx+i1VBWZij3HCyksGlwcBsFNt9WWOAcThJaSNmmvVctrPQLZVl2MkBXTg2pYPVZC31JDQVordWjADkqSyep018duJEK6W/Y4GVl6yB0b8EbhegzxtlbqxlZm9205MrW/khZn12mb++Bmk+Od0PCbI0sO45XcYAKtPDOJulCRo7fXNMbCTnbBV1HUNewbgrFUk5Y7SAr2hq+AeE/OUbqb30y0qMtYXsHCLR1pEQimcT6Iepro91FdseEqb2myNzg8xLQztdwUg4ZyCqttT5sZR46jIBQjVbuZaQSlh2VnTvEjcE4VHFKDj1KlR1BbjSrN9N+C5BB/FlEKgQzagFKZKO6Wbq7lIFIwEbBQtLw/YqzcMhRJYx6IUHJZeSRBOCxrCRsiaRjnOVVlxjcDlT4KgOaNlU1wFGfoHURBwJwoUM0lJN4sbsFpVq8NcDvnZVdVEWAyAfkkThngJzcHmJsKKaK7U7ZhgO07jPdSbRcH2+t+XlBDX8fdYu23GehmbLGdu7exC2kT6S+UglhIbI0cdwVitqOxo9S5/5PQLXctceC4EK4Y4PA35XmtjuzqSb5OtcWu4a7sVtaOrJwCeAuTbDDPUaS7dEuHMBHAKrZmVNtlNTRnyE5cxToZQ8blPkAI9VnawbU8k203qC4RgEhrxyCrFwBxlYqqpZaWT5ujJaRu5oVlab8J3CnqnaXdifVUGngu6uIEawPuqmqtTZT8xSYjmbvsPq+6uHPD2kFRJHugdrHqjJj2Zq505nj+bjYY6qnPmxtqCkU+LnQipj2nZ/eMOxwrerpmVLDPABqIw4Kif4tqq2Sub5HnBx6IxclkjSgHnbCqrjRR1TSyVoLSMbrVXC3RVsIraA/8AM0dlQVMZwWkYIRC7K8o8+Iq+l7q2SBxbBI7jOy9c6bvrbhSM8VwLiOQsHdqJlZAYX7HlrvRVXTt2rOnLj8tVOJhJGCeMJclwIjY6We3snLSMYKkxzawB6qloqhlTFHPG7LXtBG/qp0cxYRtlYra/0dKq3csktzDkOAwnxP1AApsMwlGCN0nxmM5Hf3WNxNSlkMGlpD2bEb5CmztZXUreA9vdQYXtxgp0MroJCM5aTwhwHklWmtc6Q00pw5mcZVyyQOGMrMVTJNZq4G7jcgFWdBVOqIhIdj3GUGGWWExPITY38ZK6DlufRRwcHlK2tkJ+R2UWoa2VhY4ZTmS5HCR3RwWGAY+vbJQVJwMAldqY/nKUhh+oZCur3RCppHFo87Nws9bqjWHwO2LV0KXhibllYMldKZzopISPM0kLzW+Ur6apEzRjfBXsV6pPDnMoHlfz91g+praHNeQ3YjK7GnnwcHXUZjuKmzVJp5GODsZK9esVZ83Qs1P1OYMFeGxvfFTmTUf5ZwvSOi7tiOImTIIAKfNcAaO/GInoUWQ7PZS9OyBEWOaHs7jKLr04HKys7sHlFL1PSGopA5rclu6zdDK5hwdiFuakCRp2ztwsHVtdT1zmkYBKoqXZq6Zwlp2HKNHlj2lp3yoNqf8A7vucqYOc8ok8PJclmJF6gptYE8Y3byvJfiva31NvNaGag1oI9ivYqpplhdHySsd1JahcbVVUJbh+kkfkux43Uuu1HkfqHQR1WlnB+0fNVPMdQBGFYMl8MNI3VbUQTUVVJBPGWPa9wIUqPdo3X0jTyU4KR+abofDZKt9p4PVelqky0YHphXtTgs/ZYLoy4SRvbE92QRjC3jQJm4ytJr09mYIZRSF5FM84Q6xoaMoJcYavPZqNO7xmbKGhzWCmqTpkAARKeU7AodY3zlBglDXAIGArsPBcxuA31BWtvqBq0k4wFQRu1AHUQpsEojIPKVZDKwdvx+rVUksmrilDmgZCI3PqqqkmJAVixwxucrn2VYPf6XVKUUwz+OVBrsOgfnndSpHAqBWZLMBZ1HBvdu9EC3EtjI9Cp7H5CgUbx52kYwUWN51hv+qvaxO7kmvw4YPC8+vMbae/hwPlkIIW81lrCSN1iurIWtLKlo0kP5QpmHX8wTXpl20h1M059VCkwH5HKdQvL6RmTnZAqThwRtZQquzKTJkb8jCBcGa4COUqV2dvRGnj1sx6pElh4N1c8oBaJQI/DGzm7I9UwCVrwO25VdSuLJ/Lt5irabDoskbpUluGqWSurDgNeBkd0GocfAyj1WTEB7qPI7VCRjjZStYYiyeGjx/4qM3bU45OF54yTbccr0v4qMzTNH+L/VeaMLQBkYwuvV0fHPqZZ10pCzl2Uan+lAHKPT/SmL80eeYYAas43RsnSEIcog+kJsBZ1yjyIr1GkOBhVaXEY/c7hc7YXHfUiR9kntjSRC3fdSRwo7DgcIzfMm44EzWRo5R4+Ag4wQjR8BGwPQZnZGYABlBZ2RQMjnCKCyKbwcmdnACsbNC0RmTG5KqzkuAAzlX9BGI6cN4PKYbdHFbtzCSPLXADupkBIiGyiOZrcPZSiRHBkDcIzrReOyDcp3RjU0cDZZaokc97nPdnfup92rJHuI1cnB+yqZXcYQTlhHOvt3zaAyc4T4m4AQ3jJAClRAENCzp5eTJPPocwYTkk1yb0ToNFjIyMoskg0YwhQDuSmVMm4wgnLIn8gUrtRJUY8oxIxygnlZLJ+jRDo4ljJCSJSxeLUMWW2e2OWaqqpTmoxLuyU2mPVo8zj3Wus1q+aqWtOdLME47+yrrXRN8JhA3XoPSdq8KLxnN3zklYnZuPoPidE44SNNbaVlLSxxsbpwOFJf8ASU1gJ2Slfp2xyigss9a4KmCBnLnj2RnEMAAQ2ODfMUj5yt9UMHmdfq054iG8TIySoFbWBvlByn1UjYmZLvyVLLUCR3cLoRiksnFuvcmS4AaqoBI45V9BEGBVdriaxoeW7kq1c8NaFmunng7fjo7IJsLrDdgrG3sLj4uNlTw5ll8P1Vw1/wAvFpxlc+dfyPB3JauEI8kuerbCMFyoausmqZCwHDScABcrq4yENaVoOlOnpKyUTzR7dvZep8bo4aWvK9nwb63+qf8AiNv8al/ZHj/sW/R/T0UUHilm+xJPOVu6On8PADcAKFb6VsBETW4AVvTswclb5yyfLbpbnlEqJo2GFKAGEBjXAjIUgcJPszj10AngJYPYKovfULLaG0FIfFuEx0siByG+7kIOCXdLzDaIWu8Px6iU4hp2nzSkc49hkZPuoNvt9RUz/wASvD9VS7fwvwRf8o7BMs9m+Vd/EK1rJLhI3zPx9Kt2h2dR5VFoKGfnlUXWfVlu6OsstzrnjVgtiZnGt3orSuudLaaSSurpmxQRNLnOccfkF5PZKGu+L3UZ6jrmaOnqRxfQwSD+/d/V7jA/yUbSNNEM/dLokfDbpG49SXb/ANpHWdPGKubzUlNjyRR/hwP1XsUceMHHKUMEbGBjGBoaMAY4RC1Lms9CbJb5ZHjhJNSQbWCOQKytgoYTUVDw1g7p9RUQUkL6mqfpij3cVQUMUvUdbJcKmJzKBpxBC7YnB+oomQPBTz397a2sJZStOYouC4jhx9lbtYGAAADHYIjYRG0NaMAbAIVTURUcRnndiNvJVMnfCH1E8NPC6SV+nHAXnbnX/wCMdzfZOmw6j6bjLYrhcdWfG58rODjY5PdCgN6+Nd4ks1mdJTdK0r/97rOX1Df6WcZ4Pfde20tJYeiLDHQ0UTKaCBoayJjcDPt6IZSwNSVa/uR7RZLN0jZ4bVbKdkEFO3S1rRjP/qiRuqKt7ppTpa76RjgKJRCorqj+I1JIi/Aw9/dZDrfrS6zXNnRvQsjX3OQF1TVg5jomerv8Xt2Qk75G/EP4gz0NU7o7otvz3UkuA5rOKZh5cT/opHw/+HNu6Pp5aqrk/iF1q8PmrJB59+yl9FfDy19IU75WvNVc6lxfV1km7pXHutVhoGc4KhTaOR5HfhdqHlgUerrmUzDq+o7Ad8qNE6eoGqQ88DKglsP4hcdk150j7rmzeVFrKloGMcKwgdTIAc5CgzTEj1Qqus39NlT1Fe9x0sOyKMchE2qrtJKqp6vXshSSukPmdufdU97vdv6fpTW3GdgjHocrRGOBkIObwi0leZcHIWF6v+KPTfSfiRVeuWoZxE04z+a8z6/+O1ZcpZbb04BBBuDK0Yd+S8gqKuprZXT1U75ZHHJc85JVHd0fit2J29Gm6s+JPUHV8p+aqHQwDiGN/kWScwvOCOUQNA7q4sfTdzvkhitsOt7efzTDtxlVo44isIqIqff6crcdKfDquvJirKgBlOeQ4crbdPdA2yw0jKq8mN9QMEtbyFo2iruErYqGER05G2ByiMOq1+7iBCorLY7A35ejhZNU48u2VMbQXOsx82GxMPb0UuKKltjtb4/Eqjtj0TXTV9af538uP7ozj22u15Y2KOhoyYaaISS45KK1s0pxUOAaeWpzGQwH+U3LvXCDPVaPNM78uEuVm0Sm30GkEFMQYW4I33KhVt5Jj0TyhgHP2WS6s+J9n6e/k+E+onGxja7Tj88FeNdQ/EjqC9ksMohYT/wxgpLuOvofF26rDawen9TfE+1WeV0EMhleB23XlnUXxJvF6kLKYtgYc50bErNEmoeXzSOcXcklEYbbS7jzuWeyzcz0un8ZVpf7s42K4VztUoJHqVIZS08ADpgMqPLcpfpp/KFEL5pTmeQkHlJdpu2L0WEtfSRf3Tcu9AhGpq6vYgtHbZBa6ihAeG6nojn1b8CnZyqcmW9qEY9JBmPPqiCeijADAcp8VuLhrqZs5/ZF8a10A3cHFBKWAXj+nkEHVTtqZmAfZSW0cgaHVMoIO+PRRHX4nUylhxlRHPuNQdTiWgoclKDfMi3Mltpzl3mdzyo03UMUQLacYP3UD5KR7h4rwB3KOykoohkEF33VvkNVwGyXatnOQNP5oJZVynU/v7qTpZnDGbD3RQUGAntXSIRp3v8Ar5+6I2lwchHHKIAMIewXLPQJsLQE7SE7A9UsD1UIzoYF3ASyFzWFfADy2LSM5T9ITDLjsmGXPZTKJhhsNXfJ6fuo5dnulq91T5JtYfDV0EBAMgHcpeKPUpeC8B/EHou+IPRAyEshWUGSTMhc1BQgTV7rodvygavddyVCEoZxuu4UYTZ2yu+IVPkAJGE/A9VE8Qp3iFT5CYJCSGJfUJeKPRRci8BFw8hM8X/D+67rd/R+6tcE6Dt4XELxSiCXfhC3kqUcjgDlEAOFwOGOE/UPRHDHsr2dBwnkAbgbpvin0RGyZPCZlFN8CDW9guNaUZpyASiN0qxe/AHwR6Log9lJDWroIPAQYBlPJH+X2+lAFOQeFZNDfRO0NI2aqA+Qrflx/Smmn322VkYQm/Lkbq9rCdmSu01EeDEMAKQ2slbgSnhSTBngYTHUmQjAyh8dTTybF+CntgbMPIoJpy0+VqLDJUwOHlwEWSMO+3SjgDCjuptGzmqfBXtwBKUYSU0gzz+SBQUiOe0p3wHbyob4P/lwruSnaRs3ZRX0x7NCr4v0WrCpdEW9kwghWRi9QhGnHohcGMVqK8tPGE0tcOynGPB+n903R7KYwFlETJB4Tw/HZP0BM0eyZgLA4HK6PZINISRJ4JhPsnUV2uFE4GKYkDsStfZuuT5Y6o+xysG0kZXSMo42OIm7T12Rxg9tt92pK9uYpBn0yp2CV4fS3KuonNdDUOAb7rY2H4gvi0xXButvGrutML89nCu0cofiehJKNb7rQXWPXSyjVjOMqY1mHYTlNMx2RdfaOtCcz6giAEN4XNXsi5YrA/YgbJafddSQlDCMppHbKKlglQtNrop6uzU87vGiHhSjcOZscqOZHOZ8pfKY1EfAkAyQr/w0pImvboc0EcYUaTGQtnF5yecX/oXEjquyzNmicNWn0WNlhlgkdFKwtc04IIXtQtJo3OkoJCATkxk7KmvnTdHecuEfy9SeSR5SVnsr/R0tPrMcSPK8YSHKsLraam0zmCpjLSDjPY+6hDHdL2s6ddisWUdaAeUQcppGO6WckIGuQ8hWcJy40YC6mIEenjlMTwO6gAQDuurg4XVCm8IcjIKMoLfYl0A5SA7p+xA2UId2wNl1q4nx91BXYduMYI2VHd7QW5qaZmR+IBXTXIjSOCoTc63lGFL8HgjCeyUjGyu73ZMtNVSjjdzQqLGkbndQ21yVkU0SfK8IUlO124QmPdGcEZClRyNO2UAXRAlpyzgKOriSNrhkNVfJTkk4HCgSk2R0l0tIOMLigw+/ZIte47KM9pbnIVrUUclK8sk/IqPLGHDGF+RT91hLDcDTVPhvOGu2W0gkBAwcheePiLTlowfXK1nTVeKiARSHzx7KC5wUjQAnGSj0dS5kmShg5HCE4Y4QNGOUEuy/bUah9PKI1xVRQVZJ8J54GxKso5GkIMGeccE2OY+iKDkZUUFGilDcAqGeSyHSXA4HgpE47KABEkklCCSSSUIOSSSUDEkkkoQSSSShB6SSSgkSSSSgMlkekmJKAD0kklCCSSSUIJJJJQgkkklCCSSSUIJJJJQgxLGUklCEaphEnlIyCqbW+hqC0bNzkLQuaHcqHWUTKhhwPMoGEpaoTMGN1KB1BZyKSaimDHZxx91bw1WoA9ioQmsJzypDcY3UVr/ZELsqCmsjpIfE3GyADglrgPQgqQHgbcpssLZgHZwfUKFFXVUZikNVSZB7t9Qj0dW2YAHYjkIrtUR0ncKLJTkv8WnOD6KwCfIwPA2UZzn07g5zdTfb0XaWqDh4cmxG2/ZSHMa8YyCjAM/fuj6K5Sm52yR1HW6QWzxDv2DgCMhZ2j6nr7LVx23q2P5dzhhtSdonH3J4K3rqSoi/mU8n/hPCjVFHZupKaW03emjke4bxvG2EyuzYyms9ipqlwcMDKdeLHaOqrXLZr1AJIJhsHDIDuxWIq7D1V8N3/MWDx7rZ3H+bROx4kI9Y8DzfbZajpnqqzdT0vzFrqxI5v95Gdns+4XX0mp2tNGS6nJ83fFb4PXnoGU19vdLcrM9x/wB5ccvh9A71/wBF5e0nPPC+/n09JW0ktDXU7J6edpbIxwyCF88/Fb+zu+hjn6j6Ag8QE65rcxuB7lnp/wAuPzXvvE+dx/p2nOtpxyeGxzOaQQeFZ0ddkgErPmUvcNv0RYpXN3XsYXKxZQlScDYx1LXtHG6c9jJW4e0Oz2IWbpLicgEnCuqetZI0J6bQyNil2cFK2FxdCSM9uyKybPklA+5RsGTfHCFJTeNgA4PqmxuaJOvPY2Sjjf54zgpNDmeVzcj3Q3CopnAOOW9ijMm1gHAKdXc1+TMFtCfEUQLt0/ar3FongYH+uFg758OKuHVJbY/Eb6L01zGO3aMJNdKz3C31ayUejz+u8Dp9TDFsFn9rs+eaimlpZXQzRlj2nBBHCaxoPGF7zcun7JemObW0jRIfxtGHfqsHfvhjcKcuntA8dnOAdwtkNZGb5PFeR+m7Ko5isowT3EbJp3CkVtBV0cphrIHxPbyHDCjadjjfK1qSmuDyt3jpQ524E1+DnI2TxO7P2UZ8UgOS3CYM4OytowS08odljHWHg4UmOZrhyqVpOcosc5/RUZ7K2XQcCuqthrM4BUxk7SMlVkDoeknZC6rIJJMSQFYHpZC4SOEwDHdQpIIkuZCWQoQ6kkkoUJcIGMrq4eFC0DPKS6Qc5XFAgQ2SPtwuJw3CGSByDkGrC0HT3W9fZniGrj+YpcYDQcOb7hUKY5me6xXaeNi5R0PHeV1firfl0s2n/wCTPa7Zerfd6RtXbpxLG8duQfQqwpamWnk1sOR3HsvB6OsrbdOKiiqHxPHdp5XpPS/W9FdSKK5EU1SANJ5bIf8ARcXU6F54R9t+m/ryrXNVXYhP/wBT0OGuhm/Fpd6FSRKWjGMrOl2QHN47Ed1Op68saI5skDgri3UqLwj6lovKKx7ZsuY5icZCeJBIeOFCjnjeAWuzlSWEN3KRtaOrCxT6CSQtfgkZUZ1FNT+akcMD8JPKk+IAdKcJdxtyqXBco7iBFc3Nd4dUwtIU4lr2hzSCE6WipKxpMzN/ZVslLW23Jhf4sedh3COLyImmHlxnGOFFkaTxsiQXCOof4T2hkmNxnlGdDpGcbJyZmeGQTracZwm+K4qUWA5BCB4XfCZGQiUUNM7hsVKiq9GARj3ChP1cEJheT2T1bgx2VKXolXSzWS/QGG4UkUufxYGoLy3qn4KR+ersUu3OjK9La52MZKPHUyRnc5C0w1MvRxtf4fS6yOLII+W730lcbdI6Ouo3N07ag1UE1CW58MjI9SvsCutlqusZiraRji7k43WB6k+Clsrmuns0hhmO+knYrZVq89niPI/RmPv0z/7nziKgxv0ysIUllQzT9S1nVPw86g6fJ+ftr3R9pGjOVjZ6MREgFzfY9ltr1KPDazw12nlixEltQDw5PbUk4VW6mkJzE8g/dCbLV07g2QE+4WjemjlT0Uk8Ivo6jWcYUhsodzhUkVewgHO6kMrgcFp4VZyzLPTyRakYSzhQ21bzgO3CO14IymJ/sU4P2HbI5pBzwp1NWvDh6HkKuXQSEQqcMovHPiqY9LgCCqyqt7G+ZmUoJzGQCcqxjlbK0DAQpZFJNFA+FzTgjCJTvdC4ObyrSeka85aFAlhdGdghf2vKDTUuyfS3J4eGz7tO2fRWTWmZuqEh49uyz2fVGp6yakeHwvLT7FNjY2BOuPcS1ILSQeQnRyebhNjr6OvIL/5Mx2P9JK7JTSN8ww4eoTlMROO7ho1HT/WVyskg8Ooc6Mn6S7IXrfTfW1qv7BFDKG1DW5c0nGfsvnjUc47qXQV01FM2aF+khPi8nPv0UbPxPqBr9Qyig5Xj3SvxKqaWYQ3V+uJwwD6L022X623NgfT1DST2ymqX7OJbp51zw0WwcRsCnNe4nCHnYH1SzlFgz8EgEEZyE/I9VDBOeUZpOkboWsFBs+6fqx3ULU71KJ4g9VeMEwStR9VIprjU0rgY3nb3UHJ9U4DAxnKrILROu9q6e6opw650bBOPpmj8sjT9xusvNZ7/ANLuM8Urrlbhzk/zIx/qrqR5bjAUilu+jEc7duM8/qrSyEU1rvFNdG66Z+oYzjv9lOE2+McJtx6boa6obcbPM6lrtyCHYid92gfuokU7y91PVRmKqadJadg8+o9lRCxiqM4yFMimbjGVUEOGCcjsntmex2+6vBeC41H1SyVAjqQQjh4IUwVgkZKWSgpKYLwGyUslcSVAiXHjbK6koWDPKa3Z2ERcPCAFrI8O9wkd1E31ZyUcPbjlXgoiV9L8xD5fqbuFSugcx2HHGOVo8gqFW0Ze7xIwmDM7Xkyd4t0tOf4tbgRK3nH4/urK13dlwpQ8DEjdnt9CpvhkAtcAR6KhuNDNQT/xCgB05zLEPxBEG/uRf6soZ3QLfcIrhFrjGMcj0UhMEtOLK262+GugMEsTXB3B7hUTIZ6Em214MsLhpY/GfL7rWSAbKLUwskbpexrs+oyqY6FrTPI7lSPslzkpXeaKRxMZ7YPCLHJvnC1fVvT5rqEOpwPEiOpp/wBFiIHvjHhy/UkTSZ06bN7MZ8TunAWt6mox9JDahoH4e7lgoKg4GF7y4RTxPhnia+N4LXMcMhwXjHUPT0/Tdx8J51U0xc6B/qM/SfcZC4Ot0zeZI+i/TfmN2NNZ36JVuuTIIwybfPdT7jRipibUQgbjP3Czkcgc3AGcK5s9e9rxTSuyw8Z7Lh218ZPpui1SkvisO2a4ut1TpeToJ49FrqmKOspxI0ZyA4LLXSgaB8xEPvhTelro4vdQTvyCPJk8eyRn0dmmyNc/jm+GZ7qqxmNxqY9hzwssDyF61eaFs8LmFucjC8yulufQ1Lo8bEqQfJyPLaLY91aIIaAchSY3kAAoGCOU4O0laFyeeX2MJO3vyorS5rttt1NB1Dj1USYaXDZDOIyXPJe2m4PePBkPHBWgoa0h4G2yw9PKY3AhXtDVh+ADukNejraLUtYjI3lJVCVoyQuVtI2obozjPdUdDVkYGSMK9gqBI0BL2noK7N62mPvFA6nlw1uR6qr1ey3lyo21MRYGjJ7rF3GilpJCx7cY7+qvBy9VpvjbkiOJNBBHZT6OsOpVQGTyjtd4WHYymLgwqzBrKOp8VoyUWUAt5yqChrS04yrmmmEoz6qfnybK7N3YB5LHcZR45sAAhEmgDiCG/mo74yO37qsYNKeCdDMSQpjZeDt+qp43EEf9VLa8kIDTCwtqerIwNvsrCGYPxvys8xxzspkFTpIyobKrtvZoozluc5Qp484IQKSqBCmCQSD0QHQrsU0Vk8RyDjhdieWYbhS5ox6cqGYy05VN+ipcdExkpeNyuVEIc3HZRWvDSMlTWTgjGEElwXuyVs0PhkY2U20XF9HK1zH433GU2ri1jDfTKrCHQu3WeUcjarJUzUonoEnhXanEsRAlYM7cq66UvEjyaOqfl7NhnnC86tV5lpSDnOFomkVeK2ik0uO5aDggrBdRufB6LSazdicGeqxTOGPdTIpA8AZWS6bvrq+L5So/vohjPqFoWO0FpwubbVKEsNHpNPqI2xyic+MEKsuFC15bJGNDxuCFYxyamgrr4w8jIys5rTyCtN5cWCmq3edp05KtpGiaPbf0VDcbeZW+LCNL274HdEtV1ewinqjg8AlUEpYLGKR0L9Odj2QLjSishMeQHcgqVMGu8zQoz3atuEYSaKu1109rqDFMDoOxzwp91tUNbEayjxvuQOyHVUwf5gMlOtNeInPpZePdGXOCaMdcKd0Eml4I9Fnb3bnVcOuIgPZx7r1u7WWmuNOQGgP5BA7rz27UNRQSmORh2/dW3u4OdqINrCBdDdXSt02ipb/MZsC47EL0ZlRqA2XjN0pTGW19JlkrDnyrcdGdRPuNKGVDwZYxj3KXOvciqb9qUWbmmnLMKxL454gQd+4VLFUZ2IUmGXusM68M6VdmUTMujPsiNk174QfED/uuRv8ADPGcpLiaFLJOY/IA4yo/jPoKsaPoedx2SY4O3BRHsjqGFj279igcQy7Y7U0H1GUyUaRnlVVorZNb6Kdxyz6SfRW5Iwl7QwccpzghSQQ4fdQnOwSnxT74IQpMAK9uRg7grFXWJ9rufiAeR5ytm9wdjBwqm/28VtC7SPOzzAp1U8MBrJU10TKujLmjluVh7xCHxSBw4atlaajUw08nLexVN1FRhkvisbhjuV19PYYNTXvrZ5PJA4RyU2MF5KtOjK1za1tE5+N8fZdrYGx3AuPHoqWB0tou/iF2MvyCuglvR57mqxM97oaiRrGsJzgKx1lzRkcrOWKtFXSQ1DXZJABWgjlBAwEiccM9DprPkjlBFlOpqR0T/GYzPda0HKq7zEaimIa36dylj28FTZ6troGgHcq3jfkLJ2+XwKgx/h1bLTQTl2AQoRSySycqmuoEc2oN+obq4BB7qFcIBNHpHJWvTz2STOdrq99bPmn4nW59Ff8AxnANZPlzcBZ6jkxsQvUfi3ZW1Fs8Ys/nQv2I5C8ippnx4ZJuQvoviNR81WD82fVuheh8hJpflyauw1boq5mCAML0+hl8ZgIPZeNUVSWua4D816j09UmWkBO+AF2zz1FmHtLGujLS547YTadzZYQXHBRpSJI3MI5VXC8wymJ5xvhQ1Tk0Kuj3OB2VWHGNwKu6pnlGVS1bC12rCgndzknU0peBk4UuN5BG4VNQVWpm6miYtI7oDXVfg0NBUbtBVvG/LRuslSVRD2q/pJdQG/IWa2OT2viNY5RwyyBJzkoUgBGCusOUOUZGMrO4I9NC3grafLZn7bak4vxWjA8q42TNSYsY7rk4xIXeqpxWA088k0yBzDhZfrCPVb9Ybu14Kvo5OMquv8YmoHx4yeUjbyI1PMGQLFUNqKPLewTqxvmUHpeZgjfCdiSQFZ1rcY3RrCMVL+xEenk0SDJ2OynghyrWuy4eymM+jlIshl7jXXPHBDmAiqHaeAcq0a4S0wIPuqqsJc7IG6PQTamGMn3SHwaap/dtOyN8pBUN3Dh3U0uOsghRC3+dIrh2DdJI8t+KIzTt+68p7heufFGM/Lj7/wCq8oLM43XSreEfI/qmG3Wf5RxucZKPB9CCDk7osH0I4SzNZPNYyGj5Uhyjx8o7+FogLGSkeqhy8osjiCgyDCp4awNhga1Fh5KE1Fh5KUkWS2cLq43hdTEKksnRypLeFHxghSGfSETWRMnjgJjKf2KUeMjIXJAD7JyeAPYWkj1zjbIV63ytAGwVZaw3Ogt4VlwQrOlRHCDRjg4Q7hUeHEQMDPujxAAbqlvNSHnTnYHhW3g1XSUIFNWOL5C48FRScjdHmOST7KK7lZ5vJy+3k4xuXDA23UsN8oCHE3uQiE5UislHE4NOQuDlGjZncjhG+gZPCO/S3ZRJjlSZcYKhOOSs1ktoERhccnJQsZCeN+VxY5y3DkOxnZX3TtCJJi+SPI2wqSBnizNj9V6BZKDw6VoLRq23WTUz/pPVeE0iskrJF1Zbcamojjazb2XpFPTspadsQaNhkqk6Yt7IGiV7RkNV8XapBpWHfzg+keO06jDIWnGwlI/JDkwT+aJIQ1gA22QOcjK26eLlLIXlb40U89nH743XNQa0lN08nKj102huPVdiEMHhp2Z5IVzqydIAzyo9vjE02XjIBQZ3eLIABklXdupGRMGBudyislhF6aqNtickTImhgACI7U7bK7jAARIGl0jQBsVjk8s7yW1YRJoGNjOtzc5/ZButx1EQxHYclPrKmKhhyRu7YDuo1qpDX1BMg3PAXU0GmjP/AFJng/rD6iWhqelqeJtE2wWWputSxxYSwEduV6rbKBlvp2wjGrvhV3TdsFtpmuewayNvZX0RL98LtN/o+F3Xux5fYekaDKMq5hiAwccquo4iHhxCsowcDdJsb9GWUiQG7DsnJre6p7pdJppP4ZbCPFdu+T+gIABt4v8ANHN8havNUO2LsbM912zWGGiL6ypHjVUx1vlfu7KdbrdDSHW8eJKd3PPJKtW5PZQpDgMlOe8NaDhOaNONuV5v1j1BX9VXc9AdKPzI8EVtQPpjbtsD+qnSCik+yDdTXfFnqcdP2+Z0HT1veW1szXZFQ7+jbtxtlerW600dopY6GhhbHTwjEbGjAaFB6b6ct3StpgtFtjDWQ8nGC4+p91cDA2ykSk5MZdNywo9Dwcd0sj1Q8n1SGSeVeWKCrhcG7kp4ZgZ9Vj66on6zujrPbfLZ6V+mtqe1R6xs/Tc+/wCp4CSHMlm61rgYQ6Oz08gJcT/2hw9PVq2EYYwANb5RwEGlpoaOBlNTsDI4wGtAT3O0hD0XjdwOknA2xheaEXr4w3xthtL30/TschbW1A2EwH4W+3OT3UisrLj8S72zpTpxzobdG4ivrWnZw28jfbn7r2Kx2a0dG2VlDQQiCkgHHfKrstPZyuxluprR0TYo6CnjbFDTt0taBguKq6eCqv1WLlcQ7wgf5EHr7ldcypvtX87VD/d2H+Wwnb7lUl6vtde609LdLymLw8sr6tvFMdvKPcYKWX3yB6q6pudxqX9JdFhr6sN01dSPopB3H3Vv0b0bbelKIw0cR1ynVJI85e93qSj2Lp+3WKjZR0kZ0tOp2Ty88lWoOBuoUwpw0EqtrK0wscIhrlzgNz3Tbvdm0rWwxtL55NmMHdMoaEtxUVQ1Skfoq6EtsHT0sr3tlrxqlA49FOAZE3t+qc7B3zuodTKGQul7NVfkUNq5cbg7AKgrbnyMAodxvOuMxwO+rlUclQ5zsb5KaoZGxWSZNWmXsoROSSTkeyrr11FbOnqJ1dcpQyNvqvAOvfjVcOoY5bdYdVHTEnLm8uT4145Nun0U9RJKJ6X1z8aLF00x9HbGtrqvuAfpXzr1T1lf+qqgz3OpyOzRtgKse8uxnkJhbq5R9cHqdNoqaK+V937Awx5GUeKHW7GcevsrSwdM3C/1IpqCMuLSNRxsAV7P0z0PZumKP5utZFJVY3yM4UwDdq4VRwuzE9I/CyprHMrLwBHTO30uGCQvR4IbXYQKKzsaGt747ok1XPcsUtGCxg5ONgEemt9PQnxGjW734yrOLbqZ2dg4KGOon+cuUukYyAU+aoqJWupaIiKHs7Tv+SJK1tRIHzDJHA7BdxpGGjhE3gz7svAOKHT/AHjtR7kncokjgMHOAqu83yhtMYlrJNI7DPK8i61+L3izPpbVI8MGwwUt3ejXp9FbqZpQR6T1D19ZLICx9WBK0btwvG+qvijd7rM9lFK6KPcavVYytudTcpDNUTOeTvucqG6fRwMrJbflnqdJ4iuiW58hDLNOf5rwfyTHODffPugOn1eyZknkpDtydiKS4QYy7kjZMy3OcBD3J5TgzKBybCksCLtsAJzYppjjOyc2PSMlJ0oPlAwhBCRxwQ4dLgldfXaW4h2Q2wmTd3CJikgPmByEZTSfLAOdX1DstccJwo4ycz7n7ogrW8U+wTRqkdk/mgRcZNcRH+FBCP5bcEIYnlk2cdkXwwRg8fdPAgjILW7qFyk/YNrJMY33905sB5T/AB2f0pjpAQRhTkWEAY0YyP1XS5vqP1UUjvlN1D+pVwQll6aagn8KBraAd1w1OMnAUfAUlgP4zs/TslqJHOFGE5P4Ug9542QbiyUNR7/sljI+pRtcx/4myWhx5KtvBWCUXNxygl7c8ofhEgnUmeFvguQN4LxgNr/xBLUP6gh+CRyUvA91ReR2s+qWs+qXg+pS8H3V8FbR2r3S1e654Z7J4jIOUDeAAmo+qbqk9F1oxgIgAwqIN8ydgpwAynjThQCUsAS0kpwGBhEwU8R5UBApI/g5/F+yQgJ7/soUDAycBdaMHJUnwCeyKIW84RgOxIjhpxwnYCOI8bYTWsfndQH5GMwUsFSQwY4XRH3woR2ZI+Cn4KPoHon6B6KwckYA5RmnAT/D9GpwZjspkCU8HV0E5XMFLBRAhQ4kBFZJo2xlBaCiYKgElkK091IYxuO2fuoieyU6kQD4Jen2S0ey4yThHaQMFMi00LcwPheiRhJGMqcIm44XfBB/D+6vAG5laabJzpTHUrsHJAVr4Df6P3XPAHooV8xSOpnA4yEhFIzcOCuPAB/CFw07TwAFMYL+Ur4a2WPyyDW33UlkkUu4PKbJSB+4ACCInxEFqJPBaaZLdSNeMhRpqIt7J8VY5hAlOfRTGVMbgMhFhSI3gpZoXsP0IOnkEYWjfTMkHACg1Fvxu0YS51/oNWFMY8nhc8Meimuh58n7oBjOUO0creCNgJhBypWgofhFQLKAYKcieGfRNa054ULOAEdl1pKNpBaMt4903w/dRMmCVQ3KroX+JTTOaR6HC3HT3X2S2G6DOMAOHK8+a3T3XTtv6JsLHFma3SxsXR79S1lJXQtlpZBIDvsU/C8ZsfUlxtj/AOTK4t9CV6PaOsrfcmsY9wZJgBwz3WxXcHH1GksqeUjQ/kkuBwOCO/C63lF2Y8M6B3TwBhIDuuq0ijhATCDlETiBhXggDJQSATkjKlEeiZgpfQXZWXG20lxi8KrgZI0juOF5n1H0zUWeoc+NpfTuOWu9PYr1x7NSC+jiqWFk0bXsPIcMqnFD6tROp8HiIOeN0tBWr6o6Plt73V1A0vgJy5gG7f8A0WbLQ4AYSZQz0dem9WwyhjBjKfgroGO6fgeiHGBm/nA0co4HdAHKOOFCZ4yE2xgJAZSAynKCpSyMRhygow5UIggHddXBwuqFMekkkijHIMpbRA4RA4gnZcyPRPJyi2ASe4RJcNJKortaTDmppmau7mjlXwGO6I0BwId35UawXXOVcsxMOdL25bz6IHiSRuyRt6K5vVplt8jqmJuuF5J2H0qAWMqWDw8IMHQjJNJsbHVkjCIA2UZ2BUCQOgkw5uFIil0hpBzn3VBNY5XRyan3yGqOYyDjCsw9sjdwo0rASoRPJ+g7JXVOaerAyR5T3BUSamfG/wANw+xV9drRqBfDs9u6gU0zJQaWrGHjYOX5DawfuyMtxUy02wJHKk2dwpqrcfUMD7o9TTGJ2kjIPBQoR4ZDtO6pLJcujWUlSJXCB2BL6KVIwtGCN1VNjlfTCrib/NbtlSaSvFSBG938wbae6AyyjlnXvMbwQFa0NTrIa47lV74y7tugsMkMzXDgKAzjuNQzcbkJ5yMKtp6wPxjZT2uDhnKAxzg0SWPOkA7ooOVGBwnskGcFQU1kkpLjXagkTjsoLOp6YnqEEnJqcoWhJJJKBCSSSUAlLaJPTE9QASSSShGJJJJQWx6SSShQkkklCCSSSUIJJJJQgkkklCCSSSUIJJJJQgxJJJQhW3GjdJl8Y3ChUlQ6J3gzbemVoWgHJIzhUt1oXPb4zOQc7KFp5J0UhGApLXghU9FXMcGxS+V7dt+6sXPDgCP0UCJCOw429FEY/fGFIZJkcKCmsjpIRK3HdVz3SUkuiQHHYq0aQuSRMlbpe0EfZQArZWte0TR7Ec4RoZT5SUN8clM4tc3MXqlHI0nI4VkLGN5LRnuo9dRR1JBwGPHD27OH5pRPxjZSQQ4ZCtPHJCBDWzwP+VrXFzRs15/1WZ6k+G1JX1Rv3TVY60XXGRUwDZ5HHiNBGsfntkrYSQse3DwHD3CA1z6J+tri6M8s5P5LRXa0LayYWwfEWqoq8dO/ECn/AIZcgSyOfmnqCOXNdtjOR+69GhdsO+VU37p/p3rG3PoLrTCoiePpIC8+/wDrx+EjGkCo6i6aa8NkDW/71Rx+uoDzN3/+YuhptVJP7jNbSnyhfF34EWnrRjrzYi23XZudb258Oo9PE5Of8W6+Vr1Zrx01cZbVeaJ1NUROLXNd3x3HsvuiwdV2HqilFZYLpHVwDGtuf5kZPZw7Km+Ifw96d+INq/h14psPbkxTsA1Rn1C9n4vzk6Wozf2nKvjteD4jEpG7VJp7k+PAI9Vb9f8Awx6q+G9ZivpzU2p7i2OuaCAD2Dh/6rLGQMBJXv8ATauGogpwfBkbcXlGwtl9ge0Rz5yO6uA5rgHMIcDvsV55DWRxPD5NmDkrQ265OBBjIc0bEH0T3yOq1CfEjROaHNIIzn1UCWmLDriJBHbKOyuieMtT9erGN0UZuLGNKXKI8cupuTz6IkdUxuzxhKen8U6ozpcP3QGHB0vGHBOVjkRwXsm+HFN52PAz7oT5aildnBLfUIY242Roah7dnDITIz28mW7SQu4INwtdlv0Xh11LGXEY1adwsVevhS4NdPZaxr3f908Y/Qr0Z1PT1HmA0O9QEJ0NRT5IGtvqFtq1clwjia/wVV0MTieCXKz3G2udFW0skZb3I2P5qocQHYxwvoepbRXFpgrqZkjTyHN3WVvnwztFaHSWzVA87gE7LoVaqP8AUeL130tPGKH/ANGeQHYZQ/FzsQtNeeiLzaS4uhMjB+IDOyy8jXxvMcjC0jsVp+SM+jyGs8XdpZYtQ5spa7IUtlVgDj9VWk90zxcbboZLBy5UZ4L2KvzgE5ypbKgPxjusy2pLd99lPpa+J2ATuoZ5UtF4DlI8KHFVx7BSWzBwBHdU3gW4tCJOVxOXcFXkgzJXQTlcXQDlQg8cLq4OF1QESSS4eFChHCGeV05XFAxJJJKEB5zyFzHoipYKpxTKwDbGPVDfHvspCa5uruh2L2Xlp5RddPdZ11nf4VW59TTYxhxyW/ZelWy8W68QMnoalr9QzpzuPYrxYtJRrfcKu1ziejeWkHgHC5Gt8fGct0D3v059bXeNap1X3Q/8z3aN7mZLThSoK6U+WQ5C87s/XlPUSNgr36Zu+CtVT1zZRlhBzxuuFfpJQfKPuPiPqGnW1q3TvKNNHL4g1ZyjtOPyWaZWyMdkHCsKa5ZAbK5Y3Tjk9TRroTXJexy4xuE8yZ5VdDOHgEEognxvklDt9Gz7Z8j6u30lV5nR6X/1t2KrZKiotr9NQ4vhH4sZwFZtqAeUnmN7fO0Ee6tcGe6uKXBGinhqRrp5GvB7Dn9F0s7FVNzt1TSl1XbHljhuWt2yoVN1Ru2mujPCm4zxlMizm22Kt4ZfvibjjP5qK+HTuESOojeMscSCnh4cCMIwFNT5REc9zTgtSLw7GkqUGNJ45XJIAW5ACPIuSXYCN784BUuKaUHzOBHooLo52HMbV3x5I/qbkpkJ44B2JrBbNnJ3Izj1WS6j+FfSHUxfLLbxS1L/APixDAJ9wr6nrYZNs6T6FTY377J3zOHRjv8AH06mO21ZR8+dU/ATqe3F81gbHXRjcNL9Bx+hXmd0oLrZpjBcrc+Mt2ORn/5q+2GSahwoV3tFuvEbaa50cVRCM+V7c8+h7J9Wrl/UeP8AIfSFVkt9Dwz4m8OmqN2HQ8phglZsN/zX0d1X/Z76duYfWWOV9A87kAah/ovJ+ovg71z02w1EFP8APwA7Oj2OPtut9eqjLs8br/pvVafL2tpGJirJYnaX5I91LZWascBRpnOp3mC7UslNIDjzNwV3wI3ND4pGub2OU+NyfR5i7R7Cygry04fuFNbPHK3ZwWdeKin33x6okVW7I9UzejBZpsGha4nfVnC7FVSNdsdlUx15YMEE+qnRVcL2gh2D6FWpmWVTXBdQVWRh4BXXwtk3BAVa2YAZaeAj01wGcOzsiXIlwaOz07mfSP3Uf7hWw0zN4HChz0biC5hAx2ROP6Ipc8kZpxuN8KfS3WSNgjezUB6lQAHN+oJokAyqUmFKCki9ZJTVLC6HyyAeZp7phD49yFUtmLXbZCnwXIgBkw1t9+ydG7Alw2kuOfJ0lW1tvtdbpGvpqhwx2yqcGlkw5r8ZRHUgmb/KmOR2T42ZMl+nVvZ7D0v8TIZw2nuuoYwA5b+ir6WujElNO2QH0K+W2T1dGfOCQ39Vp+nPiBUW+UNErm78ZTzkX+PzzA+hkQfSVlLD1vb7vGyMuDZcbknYrR+LqGRx6hHuRzbanU8MKeUg4g5Q8hJTIkkCfA+ldE+fwoKR2V4RCQXB4BwhtIOcJrZcduVwPz2VxeCDw4tGGuOCh3EC5QCOYkSR7xSD6mu7fdOyEshEWVdDeZ6SQW69tDHnaKbHkePv2crh7ANv9VFrKKmuFO6mqma2O7enuPQrOvN26Td4mmevtud258SeMevu0KB8SWPZqAS05zwjRVJ4IUCiuVFeKZlVb5g9jm5x3HsUUjHdLYt8PDLOOoB5wiGTAyqnWYyMKSyo2GVCZZN1+y7rygtkBCcDnsryTIblFUfITshRrJfZ1JcyF1QsYR3QsuRchcOOyjRTGAnKKTlvKEeVzJ9VWcAMDPADlwaoUkYwQRsVbjGMEKLPEMbNR9lwkZaoop7dOayizpO74xwrCmrGVEQkj78j0KnuYA4ghVlTQy08xqaIbHdzOxRhykpEoHKEcO2IXIJmTNy078EdwURUkU2A0jfO+dlgOr7BLSTmvpow6N27gOy38pIxhRquCOqiMUrQWkYVdmiizZLJ5NHLsB3Vd1J09S9R240suBKw64nnsfT81e9Q2t1oq9TW/wAuQ+U9lBimDgsttKsWDrUXzrmrKnho8SayajqJKadpD4nFrgfVSI5XE6m7Ebrddc9NGvY25W+JvzMYPiNG3iD/AKrBQu/Cdl5/V6X43hH1jwPkf51ClJ/euzSWi6RTN+WqsbjG6rbnSVNmqhUREmMnU1wURvkIeFoaGeO60hoaoB2B5T3C4lsHGWUe1ok9bD4ov70uC3s1yp75SANIErWgOaTvn1VL1FY3yh2G+b7cqqttXL0/efDfnSXaT7hbaZ7K6IVUBDm43HdDXI6GmueqqdFv+5HhnkVVE+lk8ORuChZ9lqOpLX4r3PYMY8wKzT4nRjdqemeX1Wndc2FgcBsU6ohDmaxvhRgSSpUL9TNJRGdT9MgElpUukqXQyB/IUesjcx4djbCYw4CXKOexkLPjluNjRT+IwSBw3V7b6nJAOFhrbXlmIXcLR0dU1p9UMo4O9otWreUatumRnIVTfKJlRDgjBadijUtVkAKYA2fGUJ1LEroYMBU0rqZ+Duh52Wkvtrd53Rt2Wa0luxVM4l1PxSCxOLCCFa2+twcFUw7okUpDs4VrgXXPazYU8gqGjjKUkP8Ah/dVdsrNGNRV5HJHK0bcd1beTo1zUyEY9G4CTZcbYUqWIf04/NRHMc050/uoaUsB2v8AZFjkIIUQPIOCERj8FVgtWclvTTkYKsoajICo4JwcDClxTcFLN9NpauOrGEGU42Shl2wU2V2EBpcsgXsIORuuxT4OCFxrgc7qM7lR8i3ZtZbQyNeMEhR66lGnWCosMzmHCmRztmaGk4S5xwaK7N3DKtxfG7HCtbRdJ6Vwwc4/dCqbdr3A/dQsSQnGFnlDcPjKVEt0ejfR1gDI7hRPw8fVg4/IraWDqCK5wiORwErRuPVeMW66y08gIdlh2LSr+hvYilbPTO0nPAWK+hyO3otfGGJpnszZdOBhS4ZWntlZqxXmK5UzcvHitG4VrFLocMrlzqcWetp1EZxUostDgjAVZcqAlniMG4325CmxvDgN+UVzSVnawaM5XBW265ucBTVJ8w4JU5/YjdV9fQE5mhGHDfAQ7VdRr+WqtnDZrirTCj/cs2u1nB2VdU07opdfZ24IVg9ul3iNOQfRE0xVEJikAz2KYOyhttuLhiGdwPYFPvFnp7pTnYasbFUrxLST6JAcZ8pVxQVwe0Rvd9ioZ7Yp9Hml4tk9umMMzfLnbblZttTU2et8SB5Dc6hj0Xst8tUFyidloJwvNbvZ5KOZ0VRHlv4XY2IRHMtqafBt+n7z/EKJkxILgN8K9hnDgOF5BZLpUWevEbXnwicaSV6VbbhFUxiaN2dtxnhKlWmaKLuNrL4TloBO49UZrw8Z2Ve2USx4GyLA/QRk7LM6zpQn+yayXDtJIUyKTODhVcrHF4lZuPRSqaXIAwkSWB6eQ1Y0t/3qMeZvorKjrfGjBcd1D+tmn1USMvpKnLyS08YSnEM0B3BHsgBhB5T45Q7BA5XTwgwQYHnI34RG4LcHBCiknKdrx3KGK5KfRl7zSuttx8ZgxG852TbnE2so9bRnbK0F7oxWUZAHnYMhZ63yZa6mk7bLo0SaESWeDze+02JPEYMEcqnq4GVlOH4/mMGMrZ9XWx0L3PY3yuysTE50L3MJ77+4XVqllYPMayG2bNl0Hd9cXycrsluy9EgeDGCF4hZKx1ruwfnDJCvYLVVtnhaQdnBFJZNfj78LYXDOEOXGdxkJ7DgJknKzs66eUYy+U38PqzK0eV5BHturigk8VgO2cArt/o/m6cnHbA9iqaw1j2ONPK7zM8pVAP7WaMPcDjK5KSQCUNpyUZ+HMABTIg2JSWDFdd2uOuo3RkEZGSV84XKEUtzmpwclhIX1deaB1bSuDAC4D9V85deWc0V0dUtjwHEhwHrlew8DqcPaz47/AOInj5SqjdH0ympDhozyt30ZcMnwXv42IXnsD8EBXfT1Y+nrmOBw08r2tdmT44pbZHrIIJVfcmiN7Jw3I7qQJcta5p5C5PGKiBzCN8ZCdJfo253LIxx8UB4IILdsKtr4sjA2yn22pLXvpZdtPCNWM1tyBnKWLfRQRSCGbw3bbq2DstBwqe5RGOQP/dWEE4nga5vBCvBUZYZJZNh4V/bqguDeFlJzpcMHdXlpnA8PKz2LJ6XxWr2ywaWOQ4GyITlQ2vCKDrPPBWZxwezrv3IhOAFwTavOdlyXavH2T5xkA4ygfRrhasA4nnACHcvPC8nvsuxPa7IGyVYMw4B7pTQFstyMnZH+DXyw4+lxwFf1jsx59FnoAYb8442cVoKp2qP80EG8mSPBCiIe0OOAVLZgjAOwVbu06QVOozkIrF9uBtcuQVQ3CbQyZlIx2R6tuw3UAHw3jBKxSi2aFPa0y1wM57qC4+c/dHY8luSeVHn2OoFSLw8l2S3GB+KMI+UDsbLxhx3XuXxIhMtkklA3zheHOYQSF0aZZPmH1dHGqjL9oc5GpvpQkWn2ajXDyeWzgIOUcfQUAco//DWmMsoEju7oJbvyju7oJ5SW30RA2o8XJQGqQzlWl+wkSmjI5XF1vASPKa1gB9HTyFIZ9IUc8hSGfSFZlsCtT9OtwAO6YO6LRR66gd06JdazLBaUkbGMAa3B7lS2Ny7lC06cY7KRTtz3RHVgtvQUkMbuVl7pIHSHHqtFWva1vKytWQZXZd3VPoTqrG+CLL3QGHzFPfykzlZZdmVSwGwABhJFHCWAmp4LbyNHKMDhu+yYAc5XZCC0Y7KpPgVLsDIfqyohO+6M8nJ3Ud3Kx2yyHFcHI+6Ttz9l0jC7EwyHS3krHOWEadPW7Z7UXXTdvNTUCdzfKDsvT7DbvExI4YYwg/dZPpu2FscUbWnJwvTrbTCkpQ3T7lczUT9n0jw+j+KEUToAIW4ZsFY00X8sSkblVtOfHnbHjCtXP8NoZhJqg7GexqagsgqgkEAFCBBC686slBLtOTld7TV7Y8nlvMaj5ZMfLIGDKz9fWGZ5aHZAPKsK2qaAQs5EXSyFoB5K2KWEecivkeC1tkD5Z9ThkBaWJmhgUG1UhjhaXDdWJ25SpSTZ1tNV8UeR+M7KXTMZHEC7GRndRByoN0rHtaKeGTSSMlNoo+WRk8x5WPjtM5t8iklfdbj4bG5Yw6QF6L0rYoomCeSPjufVZrouyucBPIzJfvleoW+mbBAGBowF2ktiwuj89+V19nkLnba8scBnthWNDGS4EhRo4cu23VpTR+G0bJhx5NokMjDWgjZSIoyQchNhjzvhVV/v8dEz+GUhLqyUeXTvp+6jWRb5HXS6yeJ/D6HzSu2c4fhCLbqRlK3Dd5HfU88lQ7XQ/LR+JN56mQZkf6lXMELmjLmqECtjGBkfmjNAG/omKBf75S2S1yVU7vN+EA4JS0DgpOvOpJqIQWO0P1XKqBcxo5DQcE/urToXpGj6XtTAyMmsqAH1Ez93ucfdQOi+nKg56jvzWvuFTgtbjaJvoMrXuGMoZywEFJBBGUIvdnlN3BO6R3QwWeyPkeTlFiiJPGShQML3A8qo6lvcxc3pywkPuM5AkkB8tOw93f8ARST28IhHvdxqL9U/7LWaUscd66oZuII+4B/r/wAlfWy3U9rpWUlLGGRtHbv7lNsdjpbRS+BANT3HVLKfqkceSSp5AQplpZG+3def9S3y4dX3RnQfS5cPFJFwqWnaJo7A++/6LvWXVtfX17OkOjmmW5S7SztOWwN75Xo/w/6Fo+h7QyliLZalw1TzPGXOd33UCf2k3o/pO09C2GGhgaxpjbmWTG7nKJX3V9zqiCCaaI4awHGSO5SvNykrKgxasRMOMBUkklRcJf4db/5cI2nnA4HdrfdTckLbyErrncr082CwYhgPlq6sDIjb6N91eWi1Udmom0FEzEbBj7o1ut9LbqZtLSR6WAZJP1OPqVIILRnKXKWCxDGNuyqrrdW0g8KIapXjyt9UW6XAUsJORnHGd1AtNve6f+KVvmf+BruypPHJAlotkjHm4V511Em4z+AegVq4gBJ8wG+OVBqqtsXdLlJvoAJUVbKdhfIdlkrvfJKkmGElrO+O65eLrLO8xA6R7Klkl0DOAnVrkOMcjm7n/RYzrP4lWPpimc75nNW3OmP1/NZ74lfF+m6fDrZajqrCCC9pzp9l873G5113rZK2vnMjnnIyeFpSaR2vH+MdrU7lwXHVfWV36urjVXCYmIHDWjYYVE0AcJcDPACmW211l1mFPRR6pHcJh6LZXpl9qwiIGknDdz6LedJfDStuYjrq9wjhO5YW8/mtL0r0FQ2GNlXeGxvqcAjvhap01ZM0QUZDIuPKOyA5ur125bKzsElrsNMLdaqdocBjUAhspq2qIfVybHhTKK2shcZ58OcBsD6+qlOY6XcDCJvBxpTcuZAojTwf7vTtzp5Pqiubkbpj5IKcapRpwsb1h8ULJYojBDMX1PbR2+6CViiOrpsuliKNXV1NPQxGSd+nHAXmvWXxet1AH0lsy+Vu2RuvL+rPiNeOoHGF858Hu091jpanPIWey49FofCc/JaXd96ru18qXTVVU8h3AzsAqWUtdvkZ9UEPJymtz6pDuyj0VVMKeIhDMWghDLi7OUgCSiNh3zjCRJtsa2kC0nnKfoPqiiL2RxBsOysm5AY4sjOMrpHmHspAaxjfMgSVUYP8vkd1Mg72x/h4bl+3quF9JF5mjU5AM8s3kB2T46WR++MAKEzkTp5H7M8oSbC5/wBe6IWNi2cN10StDcAKEOCCKMbDH5pEMDdiP1QnPJKbu7lTBAmojgrhk91wNHBXRDD3YSfuoTsYZfdd8RxCfpp/+7P6puBnYKskG4J4ThSzHfbB90TSAcjZdyf6kt8kwDFMceZwXRFTN+rlc1O9SuYCLBDpDM+UbJAtH4U7w/ddDMHOVOCDA0ncBd0O9EXAXcBTJQHdcwUcRnvn9E4R5QZBc8AMFP0eyMIc9kQRHPCoveyN4LydgniB5UwRNA3anmP0H7q0sifkInyxO+P3SNK47cKb4QK74QHZTYC7MEIURzx+6IKMgKa1oCK0DZVgr5Sv+Vf2CQpajkNVmGNTsBDJZAdpWiCYcs/dPDXDkKx8Mn8P7rvyo9AolgnykBhHdEZjKlGgaTnj7JfIBu4cUxL9gTsygYawDITwwA5wniIjbT+67pKsXnI3wwu+F6JwJzwnsOcHCgLmMEQ7Nwn+GEZrWu7rjYy44BUwBvAaAnBvspHgFOdENuyhHYADAloClCPA2C74Z9FOAXJsjeF/h/dLwv8AD+6l6PZIMz2V5K3kXwkTwh6qS2E84RBDtvspkveQ/DcmtjIOSpfhp3hD0RKLYt2AM42RGyEHOETwcb4TxEmqHsg+KcjAIUxhDlDbGRwEWPW05UFN4Joi2yRskIEyGZ+QHHZTGhpbuqzgTJtkYwtQjTHnCnGI6s4XfD9kz8gN+CuMJ7hC+WH9KtvBHohmIeigStKl9G0/hAQn0b4G64t/VXBhxwEwMJ7cK0hqsz2VcNS9rw2XOD6qadD25BSnpWztLcYPIPooLqesongh5c32VtE3IfNTAnytUSWm2zhWbKmKRvuV3wAdyFTWQ1NlIYBnHohGEDv+yuZqTuGgKHLTFvb90lwHRnkrSzBxhc0+yllhBxp/dNyPRVhjcgNIxsEMg5UpBwFXRMjUiM7JJKsMPJ1myLTzy00olidg5QwMLqJTaI8Ps3Vg678JjaatBwNtS3dJWxVcLZonBzXDOQvC291eWPqurtZbC5znRgrXVb/zM5es0fc60extd7JyqbTfKO5xtMMgyQMjPdWwOVoUkzkOLXY9JJJECcwEi0FdSUIDMeUvDRElMIiYB8bXtLXtBadiDvlYXqXox0T5Lhb2/wAo7vjA4Pt7L0AjKaABsdweyXtDrslXJOJ4gQQSCMYOEtJ9F6B1X0dHMH3G2Nax2Muj7Z9QsS+PQAHN3Gx+6TKOTr1XRujuiRgDlPHCJhreAm6vZDgN2eh4GF1JJUQelgroHdPA7qBnAO6IOEsBEIwoA2LbCXIGEhjO64mfiLlLIZJcByuqxY0nPZczhPSVhhIpI3tdBUtDmP237LL3a1Os9YJY8mCU7egK0oYe4RKiGOup/lagZb69weyrAatccIycsEFZAWOAOeCFR6ZLbUmGVp8M7NPorOtZUWWtMMmXR52ONsI8kdPc6fGxONj6Jclk3R646IjH5blpyFzWc7hRGia3zeDKCWZwCrHwBIAWkbqg3g/R3p+/UHVNCPBcGVjPrY47u+yiXW1F2ZI2lsjeQvIbReqy1VjK2kkLXgjI9V7XYr5S9UW3x2YFRGB4je/3X5Jsj+j9zpOJnYKoud8tVNORsCVMjp8PbgLt1t8kUhla3I+yZSVXhlsM5zngpSeEMTyXlE4MjDeyrb1RSwuNzoTiRu+Ap0X05adlI2IIPBVMXJ4AWO9U9ziDZMNnaMOHupk8Yb7rL3e2TW+f+J27IOcvaFeWO7RXeDQ4gStGCClgEiOZ0bxsrWlqi8AZyq6SnIOQEqR5idgjhQVbHJftflOBwcqJFKDjdSGuBCAySjgkMn1DBCM05UI7EFHiqMbEKC5RbJSS4CCuqANYHpJJKFDkk1JQvI5JJJQWNHKIOE1JQg9JJJQgkkklARJJJKAD0kklCCSSSUIJJJJQgkkklCCSSSUIJJJJQgxJJJQglwtaRgjIK6koQobhQSQS+MwamZyPZSKWpErRk7jYhWxAcMOGQVSVVFPS1HiRbxuOfsoWnknsOFIjdtjCrYKnXthSmPz25UCJ7HFEIyogkwiibPZQVKOSS5jXjS7BBCrZqN9OC+Fv8scqXqc8g8YRgQ5ukjburAwVsM4cBvwpccv55USrt3mNRASD/wB3+FDgnGdLgWuHIUIWqZqGc4/ZAEw4wpDXhwG/KtPBMEKWmkbL49I7S7uw8FSYKylrIjT1TWNkILXxu4I9PdEIxwgT0MFU06wQ8bh45BT4zAlHJg+qfhhWUVe/qr4e3IWu6ggvpw3+RVt/okA5CXSfxZpKy4DpPrWAWS/fS2Gobphn94353HHIHK2cNwqqFzobt/MgaRifGXD7+qresehem/iFQmG4+G/UP5czB/MjPq09u36LVTqZVyEz00Z9k27WC33akfR1seqOTkL5c+LP9n6p6afNe+jqeaakyXSUodqLR/8AQx+uy9XpL9158I5H0PWTJ7/04MCGtiOqeA/4geQfv2K9Joa+w9XWdldaqxlXTzAjIb9J9CvS+M8s6pbos5mo0covKXB+fzJ4dJbK4An2XYa6WjlEsZy3gg8EL6W+LHwCtd9Et06eb8pdQXSTNxmOceo40lfMlzt11slY+23aldBLGSMOX0fQeSq1MMt8nLsqaeUae33RlUwPj59Fc01YABr2yvNmzS07hJC8tPsVobXf46pjYpTpkG255XWUlJcBU6lReJG2ZURSAaDkp0tO2ob6OHBVLSTlrgcYVpFcGgAK0sG2FsLEBeJIX6JGnbuiMexwwCpeqGobh4BUOagkjy+F2Qi3r2McX2ugrSWnIKkw1GcAhVzJyzDJf1R2uDxlpymRf6D2qXZLlo6SqBJAY49wor6CeEExSteB+FFjc4fkieI5uABlW7ZRYi3RQs6K35nJ0zxke5Cpbr0b0zfNRmpmxyu/HGMLXDwZWkSRtOfUKJNb43H+SMLTTqtq5ZxdX4iL/KKkjx2+/Ca60uua0kVEQ4GdwsLXWyut8ro6unfG5vORhfSM0VzpBl0biw92nKrqltrukZpLvDG+M8B7eD/otdWtbf3HjvI/SmmunvrTg/8AyPnPsQCgEua7LTgr2i+/CS11rDNY5/Dc7cNJ2Xnl7+H9+sjnGWB0jRvkA8LWr4z6PHa36e1WlzLG6P7RRxV8seM74VjT3Zu2HHPoqOYuhOl7cHjdALwCjkty4ODPT84Zs4K578O2IKnNeJGDbGVhIa+ohPleSB2JVvQ376Q92Puhy4meenlHo0Qbg5RNuyhQ10MzQWu3KOHZHKYpZM8otdhsj1SyEMfdJv3V5RWAiWQuZB2TAMd1Mg5Q84Q8FdBOU4Y7qwuhmClgonlXDjsoTIwcp+2PdNI9FzJULEedkkklCDE0syipIMFYIwHm1Abq8snUtTbXNbK9zmjuqrT7pFvulWUwtWJI6ni/LanxNvyUP/oej2/qSGtIPiA57cEK7gqvExgZC8loql1JJrBWgob5k+JHM5rhyCVyNT45LmB9f8D9b1amKjc/uPR2VUrC3Q7AUyG4sAAlOCsfRX/OG1A/NXMNTBPgseCuPZpZwfKPouk8vGz8ZGjZVQvwQ9EEhByqIF7caHAYR2V0keBJk9tkjb+zqQ1bn+Rc+NrA2VfcrHRXNuJomh3ZwG6fHVscMhGjqQ7spjAcvjtX3IwNSeoemq1zGOfPAN2g7jCt7b1fSVYEc38uQchy1TvCkHnY123cZWavfRlBcszUoEE3OW7Aokss5j01lLzW8otILnTyvDRI0qc1+RnC8zlgvtkk0zRulibw4blX1p6hke1oMmR3B5CcoZRcbdvE+zYxkDfCbNAx2+FUMu+s91Y09c2RoJOVWMGiElLoDPbxKNTPK5CZNWURw8F7QrNssbjsAn4yPpB/JC2HhEalu8UjhG7yn3Vk14kAKgS2umqHatAafZQ5KGvpT/Jnc+PsM5wiTZTryjQ6fLjshOpYnA+IM+2VXRuq2Aa58+yO2vdgAglEpMzTo3cMqrz0R09fHONwt8cmoY2AXmHUv9my21Lpa3p2pFLJyGOfgFe2w1UL9nbH3RdLXDLCMJ0dQ0cbVeC0mo5nE+Pr78KOuenGukbSS10bT5gzz4H+iyBM8W8kWnK+7vli8fSD9ws3f/hp0l1Fl9xtbHSHl2AtEdY/aPJ676Irte6mWP8AJ8bMqtRxgI0b8HI7r2bqr+zcxplqum6tsGPMI3u2/JeX3z4edYdODXPbp5QPxMb5ceuVohq4t8nh/IfTmt0TbcMpERlZJEQM7FGiqQTljslU4qJowPmI9HqifMQgDS7lbIXKXR5+emlDtGipLhM1w82QrWGshqPIHYd7rIRyyM+l2ykR1jmuBLi0+oWlT/Zlso5NLLSk5IwoEsLmHBXKS8YwyY629iFYh9LVR5YQc/qjWGKw48FYiB5GyO6mAzhR3ROaqFt57JEUgGPVSGVs7CDE7SqwPOeEZkm3CtNroGUUzQQXqlkaI7hGGjjUAn1FpgqWiegmY7uMFUWgP5T4ZqijOumeW47Z2TlZJ9iZQa/EtKauutplDg6Ruk8jK33S3xPqoi2Gtk1tG3mO6xND1PSTDwLnTAdtWEepstLcG+Pa6huecApymYLtLv8AyR9B2e+0N3jDqaYF2M6SVa5HqvmOhu9+6emyHyAN7gr1LpT4rW6sbFSXXVHLs3xOxT0snJ1GglH7oco9J1D1C54x/pUaOrimIfA/XGeCpQAIymKBz5RcHhnUkkkPQB3JSyVzIzjukoQfnCWSDn/NMSV5LTw8lHdOjYamrddrJXSWq4vwXvi/upccB7O/3VZQdZVdsqHWzrqAW2Vp0x1XMEp9dW2PZbEyae3KBW0lHcqKSiraeOaKUYLXtBGEA5Tg+JofE7xTnHCNpwFgH9L9RdIyCXpB7quhAOq3yTAOb7sc47/b/qr7p3rezX2NsLZ/BrGeWaml8sjH9xjv91OER0yf3Q6NEypDDh55UiOZrhlqgyYdg/uha5GY0nIVCnFrstxJ2CcHEqshqztq5UuOfIGRhXyVhkrWU4nPZA8TfhPEgIyomVk7kpZKbkLqogkkklRBZwkWh2xTFzxGhGkysHJIcbjugggE6hwpZIIwo00ZduAnFlfVW0SPM1OdDz6KKyeSN/hTjBHdWgcWHccplVSx1UfGHdioQguAcmvjzjKQjmpzolGR2KK5zCAAFBnRT3qzU92pHQSxg7HB7gryeqp57XXSUjwfI44z3C9tc33Wa6q6Xgu9O6aFgbO0ZBHdAbqLkuGedsLZuSF531R03Pbax9ZTt1U8jifL+ElboNmpZnwSghzCWkFKpbHV0r6aVoLXjG/ZYNTSrFg9B47XT0Vqsj0eVsdqGyNBLJTyCSN2kg5Um7WmSy1ZB/upDseyhuAfggrzepo2ywfWPGa2OqrV1b+4v6inpOo6PYBlSwbHvlROl7vJR1TrfV98t3UO3Vj6OfxG9tsK0vlBBWUzbrReWZu7i3lc5xdbwuj0lkparbqqX/qriX+CZeaMFri0ZDgSFhrnSPp+RsDytp0/cjcaY01UQXsGM91CvVtZJmPjPBV4yBdQ7459mG0j1RGOxv6J1fSTUspY5vHGO4QGuRrs4tsPjltDVA8WMtwoAOl2jCnA5BGECohxh7Wo5GezKR2LLCHBW9vrnZ0lUUc3YhS4JdDgcJTC010q55RtKKs2BVtTVBOMYWNoqwtwFf0FXsM+iCSwer02pjYlgupCJA7y7uGFl71bmxHx4m4zyFpYHCRp+yDWUgqIXMwqNN1KtjhGKb3XQMI1ZSyUcpY8bHhBUbycSyt1y2kiGodE5uFe2+sLsNJWdUqiqPCfvup0MotcJZNc0626icoT4vZR6WsDmhpU9gDhsj4Z1oSU0QZW6MEBC8Qnsp88YIyB2Va4FjiMd0D4BnwyRBIQQFYQyk4/dVLH4dwp1LKG4JCWNrmWbZnMxgIpJlaN0BvmC74hb2URpVjR15LDymlwKbI7UAUEv8NwJUK+Td2SCNk0Tvh3buuskDxgJCLA37pbHxn7RLorl4kghqDjPCNPTRzAlp/NVmgNOQE+O4GBwDn4CFwNMLP+cUtI+MkgLtJM6HYjCmxVUFSMN3JQpqT+nbKTKOeB8JJPKL6xXySlla5smCF6dZbrFdIQQ4B45C8KaZaaTU0/cLS2DqOWjnbl+n0PqufdT+ju6DyMapKEj2eGUseGu4Vk14c0bfnlZW0XiG5RAh41433VtFUSREAO29CubZVg9bXfHjBYuaqi52wSZqIBh43ICt4pGytyDuUnN91nawasqS4KO23TUflao6XDYE91aeN4e+nKrLxaTKPmaYYe3cgIdsumr/dqo4eNgT3Vp5AUmmXFVC2upW8NdnIKqoZH08uh4IwcK0Y7AAHH3Qq2kZUxHs7kEIguw8VRrAGRuo95s0N0pCxzRqA2I5VXS1klNN8tV5GD5XHhXNLWxPcGF4/VEJtjk8qvNnnoaoxyt0kbh3YqZ0xe3UtSYKgkNO33XoF7s9Nd4C1zQH9ivN7zYqq2ynLTkcEK2mZNrg8o9DpazJ2PKsY5dTQccrzqx354xS1L928O7rbW+p8VmknJ7JLRsqsz2XlNJqaWlObJ4EmJPpdwVA8d0Dg5qmPDKmLbG4z9lnnDPRthPBZRnAyUyYiZhbjcbhQLfVvc51LKTlv05PIU8crO1gauQluqHjMTznTwrIvD2khUswdBI2VmdyrCkqA9oJSnHIY9wOeFzV7o5YCNlCeHNduoo4IS2EHLTuDssvcohR15czYZ3V+2Uxkd1F6gohUUzKqIcDfC1VvAqSwzKdUUz6ilE0e7cLze4QFjvEaOOV6tGPmqV1M/cgYC8+vtEaWokjc3bchdOmRxtdRmLkZ6UF7GyM+phyF6N0bdxVUjGF3mYvOJJPBfocNnK56YrTR14BfpY45C0y6ORpZuuZ7IJcsa5vcIjHahwq23TiohyHZAU4DCytcnpa571k5PCJGGM76tlhq6J9sufi4w0nBW+LhjB2ysx1NR6mGUNzshLmsEmlmEkbXjcEZUppJBVBYqp5i0O4Gyu2SgjPqmLgCTysHZnae33Xi3xdtEjB83DH5SdRXtUo1DdZLrW1fP2qbEWvDD911vGal12o8v9UeP/nePnWlzg+bGgjCsqJ2hzHA4IUOqwypdE0AaSisOG5Gy+h0Xbkj8yXVuubj+j1Wz1BqaRpdyAFYRnVlZfpGpmfC1rjkYwtK1+n2XSjyi4XYjyU1WPla3XpwHKex/ixjfhDvNKJovEaNxuo9qk10xZ3bsrivZfyZIt3p9cRLeQoVmlIc6JzhgdvdXM0XisLfVZ2nPy9c5rticjCk1+id8lrVH+cSOFOtk+HNb6KBIP5IlwuUM/wDMAI9VnksnT0E9kzZQzEtBJUmOTOFU0spLBzspccmOVmkuT3WluzBDK0/zyQd0Zx8SBueSOVFnBe8vR6eT+Xhx4UlHJujPKK+OcirMR2U2oHAyqucaK4Ozspsj9TUiUSpWGfqm+Fd2vxs44yrh41N5VVeG4khkxvrG6tWOBjDh6JOMMUirc7RKRjuVNpneUkKBO3ExKk08nlDcK2SM2mSZTqbkqrl2dlWTzlqrZwc5wkyjk0RllEqnk1Qt33TancBApH7lqNJ98pSjhl/JngzfWkXj2J8eOXf6LwyeMNe5uOHFfQN9jFRbpWEcbrwS5Dwa2aIDhx/zWyk8H9W1tyhYv8ENEjQ+USNMPFh2dk9CHK67gLRW8AMZLwhORZDsgvOMILH+glycZ2RWHDkJnZFYNwUJZIHC6uDhdTc5FsIeQpUX0hRTyFKi+kIzPaFAypltYTMXegURo3A9VaUsYjaNkZo00MyySAfN91IacNCEOU6bOkYRHTSS7ItynIAwfVZqpyZSriulGS0nJVRIQ5x2VyeDnWy3TZHlBOESEEcrpAPKfjCSAPSPCS4T2VMGXQZuOVHlO2lEHBUaY5zhDa8AJDXEb7qK76inOJ5yUxYpvIwKrOx0L6uo1NGzVWchbjoq0zvjLw0bhc/Uz2nf8Bpv5F+f0bXpq16dMrmcDZaSolELAxvJ2QaOJtNTtYBggJkZMsxc7LsbLmTnvZ9PoqVWMFtao26TK76lImky/CHCwRwhowDzslnXyOFu0Vf3Gm+7ZWxznDGcqvrKjDTgI0zw3uqWvqABjfdduKweJ1du6TI1dWPc7AHspNnt0jnid42JyBhQBE6ofgDP5rXW6ncyKMc6e6qbwhemrzJSZNjaGtAxhdfjsnvwG59lHB9UmOXI6Nk0ojppBFE6QnGAo3T9Ay7XLE2ohpyfdBr6nx3CmhySTjZb3ovpw09O2ocAHk5OQu9pqvjipHxb6t85LWXOqt/bHg1NntcNJA3Q0Y9FaxjUcZXYY2tiDMcI8EWXBa855PAt/sk0kX4iFYRM3GOyjwjAwAn1ldFboPFkO+MgKCwd7vcFmp8Y1zyDDGDnPqqO0UEhmN0r8GZ+7R6BBoon3asdca3L3A+XPAWhgjLnDbAHCGUsEJFJG2RwOlWWgYwgUzBG3OMFFkfpCrsU3ueAdVUQ0sLpJXYwFlrfA/qq9OrpmubR0RxGP6n+qk3Wd93n/hlEScH+bJ2A7j7rQ2+kZQ0kdNG0NDB2HKgX4oljAaBlO1hByfVLJ9UDWSBCMrmn3Saod4vFJZaQ1NScvd5Yoc+Z7/RTogrteHWzw6SliM9dUjEMQ7Z/EfYLnTnTsVlpzJM7xq6fzVEzty5yB0paqoO/2iu79dxqBs3lsLOzQtEQSckoEiCD9IO/ZYLrXrSphqIunem2/M3epdpijaeD6n7IvXvWwsvhWe1U76y6V2Y4IY3b59T6AZWg+Fnw0Z0zTOvHUDjUX6sIfUyE50Y4a37ZKphJ4J3w2+HNJ0fRfN1gE9zqQH1E7uXOV3fb6yMGmp3/APM4f5JnUPUDKRhp4HanHYnKy1LS1N2qAwE6Du9QpvIaN893nNJS5awH+ZJ7ey1NJRRUkLYYWgNb7cn1PulRUEFBA2GCIDHJ7k+6lbAblKsf6Kyc1KLcq9lLDk8ngLlVVRwt1E/b3KqmRyVUoqahpx+EFUlkgKmoZq6YVlYTj8LfRXGQxoxuEMeTAQJn4w3JVSIOqKjPoFmr3d2wAuaNWPdC6l6hhoI9IdnY8HlYC4Xsva+qqZNELed02upsOMd3RbV10dkzkAZ4XinxL+MUzWvsdmmzsWyyA5B9h+6pPiR8U6i4STWSySlsedL3g9u4yvMxCZDvytddWD0Gg8ZsxbYO1uqiZpXFz3EkklObFk77J0VPjDR+263fSvQUs4bXXJg8B34XbFFhI69mojUsFH070lU3mdrZIz4BPmOF6pZ7Na7AAaWlaZAMaipNOyOCIU1vgYGMGPKN1e0NmAjbLVjJO+n0CttI4uq1jk8FdFQVNx/n1bPI48eytoW0tO35SlGt4491MjifM/wo24jbwE26Vlo6dpjW10ojaOT3SpT2nPjJ2SxFcjY6Jw89THgeuVm+q+vOn+loSZ5tUrc+TOF5l8Q/jo98stB05M58R2Ds8Lxe4Xeuuc7qmtmMj38lZbLTuaPwc71uv4RvesPjDc7tO9ttnfGw7A+y8+mrJqgfznAqJ3JSkBOMLPK19HrtJpKdNDbFDi85TV0AlOZG4lL5n2aZOMUc8PKeIyUZkWQDhG8EY4QzTQqcv0gMcPfCMyI+i6JImA63Yxuoc1xwdMP6quwMSn0TiIowNZxhR566NoxG8g/ZRNU87hq3T/CDNyN0YxQx2NM8rycnIRIqaMjVMuNc1oxpCRk1bYQylgJ4T4JGqlhHkO6E6uc7y7Y+yjYJOcrqBSyXs4yFc9zuSna3eqDpKeGknCaQcXg9kvE7YXNHsu6fZU2QWSnJJ2QlbyuBmn3S0+6drC4ZQEtybIJJN1pa/ZVvJyLBXfMlrb6Ja2+iYpovJ3J9FzJ9F3U30S1N9Fe5EyLxD/SkJXDcDCd5UvKplEyhfNTjYFIVdQPxJulvqnCMHuqyhcorscK+cd07+JTjgoGn3S0FXgLYkiY24uJHiNyEdlwpiACMFVOn3S0+6jT7EyhB+i9ZXU+26MySOTGl4WdAI4K6HPach5CpyFSqyaYRp7WkYWdZV1TCD4pOFLjusuweScKdipUy9F41jiBhPa0hVtNeqbOH5BKsIq6kcA4PCnQqyuaDtaMcIw9hsmsLX/SR+qMwAhHGKYl5RzA9FzQEQMOUVrcY2R7cdAuWCL4X+H90hAD2wp4aMbhLS30U2sr5CD8qfRM+XKshDnfT+6IIW44wi+MW7Coe18eMjlJkoGxCtzTtx9IP5IRos8MAV7C/kI7HhwBwnhoJB9ET5R4G2E0RzNOXxkD1Cra8gy55OhgwiaAiRxlwGyKIfUI1AXvwRvDS8NTBF7Loi9lewrJF8E+iJ4KliEYT/A9lNhfBB8FE8JSjEOzf3T/Bae2EeEBvwQfCHouiIA5wppp88bJGAjurJ8hFDMdl3T7KR4Q9EvCHogF7wIAHCMyRzTsUtHsn6PZQtzTWA8MzpXhj0fwwfp3UMAg5BR4Kh8ZxnZQQ4hiwjlNEWpS4vAqG5duU4QegwFAM4IBiQzF7KxdT7nLc++UMQjPCMYrMFe6Ij8KG6MOGHcFWb4WkcIMlNgggKFqzDKSqo2g6oRhKmkfGAyTfHCtvBB5ao81HHIAC39ETiNViBENkAGECemGM+qYWz0b9D2l7BwR6KZEWzsBaf/RVgJTaefRTz02OyjOix7K9npMDKgSwBL2jPlZWFhHKZp91NdF7IRiKHA5TyRNPulp90bw3LhGO6gWQeMJLp2XFBy6GpJySojjngsLRe6i1yh7SSAV6pYOoaW607T4jQ/HGV42pVBcZ7dOJYicdxnlNhPBgu0inyj3Zru+E9Z7pnqWmvFKxjZR4vGk85WhbvsRghbYvKOLODjJoSSSSsWxJJ6SgvdgYknpKFbzjADnIWR6u6UjqGuuFvj0uG72Dj7hbAHKbIM43S3yOpudb4PFjCWktxgjkFN0+633VHSjZ2vuFuj/m/jaO6xTo3NOlwwRsfug2nTqtViAafddDd+UXT7pAY7oDQIDunDldGy6oMbwPB8uEgMriSgmUshMdkjylkritvIAVJJJWUPSSSUIOwF0bHKSSPBCPcrdT3OndDO0Zx5XdwVhtNVYK10EwPhk7HsQvQ1U3q2Q10RL274QSXOTRTdte19FLUU0Fyp9ceCSP0VLHLUW2fwJwSzOxUlr6myva/wDvIHHH2VhPBTXWmEkZBJGRjkFA3k2N7eV0fTJz2OFcdOX+ts1ayanmLcHzDs4ehVNq9k9rsb+i/J7jk/d35HvFru9F1DRa4y0S48zPdQKuiEZ37bLyiydS1Vlq2zxPcWgjIzyF7Fabvbep7eJ4HNEob5m53BWacGmA8xG0cx0iN3KsHAuaC0cqAYPCPHClU0+PKQlNAvkM9ge0tcMgrLXCCrsFcLlQtJiP94wenqtZkHgINRDHLGY5RkO24VFIkWm6Ul3pWzwPGSPM3uCiTQmN2cggrDzxVXTFybU0rj4MrvM3stnbblDdYA6N41dwgFzD007muDXcKyieHNHmVbLTubghdppnNdpcdkAl8lwHZXC4ggoUZy3KMBkZyoKwHimIwDwpIw7fPKgosUuDg8KCpRyS0k0PaRnK6TjsoKawESSSUIJOTU5QtCSSSUFiT0xPUIJJJJQjEkkkoLY9JJJQoSSSShBJJJKEEkkkoQSSSShBJiemKEEkkkoQSSSShBJr2hzS1wyE5JQhUVNK+B3iwg6eSE+KXVjIwrCRgcMKvnpXMIIH7qFp5D6s7go0RwcKvim4aVJbICoEWDJB6ImrbOFCyRwU9sz9g88eigGCYolbRNqACzDHjgozJ4zwUUHuoCUIq/kn+DWHSc4BI2KsoajUBjcKRV0sFXH4c8TXD3Co5WVFkcNWZ6d5w0jlv3ULbyXrZNQ4TgMAlQKWrjqWCSIgg+nZTGSZ7K08AnQ1koLJGhzTyDuCq6S2VFNIai3Shn/0L8P5KyYRjjhLWDwE1T9AFcaqOsiNPXxN8wLXNeNivOrp8Nbr0tVP6j+Gs7KKdvmfS7iKT/mbwfRepvgimBD2A5743UV4uVE7XG4TRf09wnU3Ot8C5x3rDMX0v8Rbf1K3+DX2i/hV8jBJhdsJPdu6qviT8LbD19bPla+nbFUMyYauMYfGfY+nstH1h0BYes6c1MbGwVmPLIBux3qshbuo+peia42nqtslbRvwyKqc7OPucLt6LyEqpppnPs0u4+W+uegeoegbm+gvNO10OcQ1MZyyQdj7LKywOdh8ZLT2PC+8rlaemet7W+GYMq6eVu7Njg+4XzH8T/gle+i3y3HpyGe62lxLvBP99Tj/AF/9F9B8V5uNuK5s42q0Uo8xPOLT1HVW6ZsFcXOjOwJ7LX0lziqQHwPDvXdeetqKauHhg74zvyE1k1bbZA6nlJHplesjPK4Oerp0vB6tFXObjOyn09dG/wAr3YysDa+rqGrDaepeY5hzq2BWlhkDmhzTqB7o+zoUa1tdmhdRw1Uelu3fI7KslinpJS052/dcp7hNFszZWlNV0lc3RUANcNsnhX+J0I3QkuyNDWsdhr9ipTMPGxQay1Fo8SDzA8EKLG+eE+YkY7FCpDVYWBY5pyB+6c1rgN1GiuDQdMoU0SwyNBZt+atvA2MkzrXdnbj0Uett1BWt88LWuPdoRnjOMJgY7Y5Vxm10SyqFsdskUs9grYB4lvqckfgcVEfcqilcI7zb5A0bagMrVseWdkpBSVTDHVNaQexGU+F8o9nKu8LW1/pP/o+jCXboro7qdjpcaah45yBuvN+ofgxdKYyS2yTxYxuANyva6jpKKRzpbZP4budJ4Kpqn+M2iXErHuHG24K2V6xt8M8nr/D1S+zUU/8AVHzVcrTdbLN4N0oZoMnDXPbgOUEylh27919Oy1FlugEVyoo35GHNcNishefhJ05dHyTWp5gkduIyfL+S2Qu3HkNZ9NtNvTST/seO0twmgILX7ehKu6G+BwDZDjCJffhh1NaHOdDB8xE3u0b4WWmFRSP8KpgfG9vIcMJjksHmdT4yyl4si0b2nrIJQMO3KkB5wdl57T3GVj9UTyD7FXNJ1DIAGytyB3Q7+Tk3aWX9KNY057rqqaO/Ukp0OOknuVZsla/6SD9ke5mJ02RfJ1LJTd05EpZB2sWSugnK4kmZGBtsIJ5SyfVJWUlgSSSShYkkklCCQgcIqCoUwuW+oS16Dqad0DJ9Usn1KFxTJGTg90eGWFNeZ4HaXEub7q+t99GQWSFp9MrI5KsbfNTwuzURlwz27LHqNOrOz1/hfqbUUWKF0+P2bulvlRqyd/YlXtNXQ1LA4kZPZYaNznt1wYc0jIIKNTyVMZ2cdlzLtFH0j6lovqZ8Zlk3ZqRHxwiwVrXEBZOlvTm4ZMQR7qw+bZMBJC78lglp3Fnq9N5aq+O6MjVRSl/BwjNcMEF4KyUFznjdpzsPdWsFzikwCcFK2HUhq4zRaOYyQYeAfuFQ3HpOnmeZ6BxgkO+x2VxHUahkHOUZr9844RFShCzlmQkZc7Q0mrgMrR+JoUqlujJSDGd+4ytM6Vsg0uYCPdVtb0/Q1TvFhzBJ6s2B/JCpZKdcodD4at7hnCn01WXbOIKpBR3Smd4Z0yNHBzyiQyOzgkgjkFC0h1Un7NGyZuMghObLnncKqje4DOoo8dQRsQoaFPJKkbnGAhgaDnTlPa/PIRPKW8bqmW4KQxsccmA4bpzoJwA6J+kj3XPDJcCOyMH7AY4VJC3WmOiq6mIATMyPUI0dxhe7EjC33TQQBgjZNfAxw2ACKM88AypTJxFPIzYtIKh11joq+IsfC0hw3BGxUYw1DHZhbn80aOa4s+sAge6jE2adNYZhuovhH09ctRdbY9R9GryvqL4AVNO+WotUjjGN/CPb7L6TFZGf+0O0lddJSTjS1wcDymRtnD8WcTX+C0utWLII+L7j0V1HYQ6SakkfEPUZIVJ8w1xLHtLCOQV9u1XT1BK/W6MHUPRZDqP4OdO3inkDKdrXuyQcd1rr1kl+R4/X/RFUnml8/o+VYnFu7XAj2UiOslgcNLivUb7/AGerhSwuqrLV6nNOfCcO33WBvHRPUljy+toXlg21NGVvr1kX0eM8j9MavSPGx/8AQdTXdjgGz4zxsp5NNM0GOQZKyhp6iM7wu/RHgnkhI0uLXBaY3xZ5u7xttb+5NF+6mDtxshuYWHHqoEF2qoz/ADMPb6KdHWU9SNnaT6Ep2+JinXKHDQZhKfsRyh5B4OUzB/qKPchcY5C/LtlOCiQw19D/ADbbVuY8bkZ2KYx2khSWOJajU8dAyS6ZPpOqxIBTXqlAI28QDYqY+3UNa3xrfM3J3wCqJ7Y5Wlr2g7d1EiZV0Uni0UzmnOdOdlprsa/Jmedaf4mwtXVPU/SsgDSX07T9Azj9F6v0p8UbJfGMp6p5pp9hh52yvFKXq2N7RT3Km9i7Clmht9d/Pt84Y/nAOCtPyRxwzDfo/kWZLk+mgdQyAVw8LwjpvrW99MObBJLJJANtLzkY9l6rYesLZfGNFPLplxlzHn/JXg5N2klWXp2dhFZ9IQR9XGEZuwUZgaBpJLhOxVkOl2eSkHY4KGScrmSoQknB7hUHU3SFt6iDJXufTVke0dVB5ZG/mOVcOJyPZdBwMJcot9BRsnD8WYyHqXqHpF7aPrGmFRRMAaLlCf0L2Y2/Va+lrKS5U0dXRyiWGQZa8HYossUM7DHMxr2u2IIzlYyu6RuXT1SLj0RUx07CS6WgkB8KT7c6TzwFSHZjZzPh/wDka54c0gtP5rjLhJDII6gZadgeyzXT3XdBcqp1sutM+23Fgy6CU8+4PcLTuhZMPM1pYR332RCnBx7J8cwcMjBz3T2uyqF8FZbA6opXeNTj/hk7/krCjr46pgc3Y9weVMitjLIOOckowIxyFDB7pzSdQ3KrBMEhJMBGNylkKijqC86dzwi5C47B7poY1lSxx0j91JDQQDlQ5Y9wWhOilwAD2Ri2snZoM7tUfJad1Pa9pGMIE0AdxsoURZx4g3CieG5jgVMcCx5aRsE1wD27BQIj6dQCEQWcI7gW9kBx1HfbCphKTRj+sulxWNdX0jAJgMuDRyvNpJJYJDFKwhwO693kbq5GViOs+kW1DHVlHFh+5cAOUicdx0tJq8f6dh5pcqOG6UzoZgDsceoKwM0T6OodTTZGkkAnut3K59O9zHggjYgqovlrZdKcjGJG7tcOcrl6rTbnk9b4jyE9FemujNujIAcO6sLPXvhf4LyC07EHuFV2+q8KR1FW/U06Q4qVNAY3eJH99lxNRRsZ9V0Gqzi2tllVQC3VXzNL5WS7kKzm8Oqha57Ny0bhVEFUaikMMu5HB9FKttUI/wDdpyc/hd2WXCO9C6DW5eyhvlI50hGOG8rNuaWkgjC9CulG52ZGtBaRhY640UkUpaW87goTma2nneiFH9SfIA5uBgfuuBmCmtaScZRnLsjlEOWMxPII2PBT4nkEbKW+NsjMO7qASY3YxndVjJmS2MsqeYtIVzQV24Bws3FLsFMpZdBSpRydLS6jY8m5oKoPaBkKyY7UNgsjbq3BAzwtFBUNc0e6Do9Rpb1asjbpQRVUTssyQMj1WRfG6N5YQdity52scLP3W3Py6eNu3cD/ADVPAnV0KX3opE+Mua7OE0fVgKQGgtxhRI5WcMm0dWWkDZXlHV5GDhZHUYn7FWlDWkEEq08Gyi7HDNNkSjCi1FLgZA5Sp6oPaNt1KDvF24Vt5N2NyyU+ksdg9lJgfghFqaMkamjCrw9zXgEYVdAtuBfQyZHCI47ZUKjlBAyprXbZVYbHwllDHuJQJtyCiOdqzsgZIJyFFEvsfFK5hwQp7cSDAKrX74xspFJM1rsPKHHI2meJYZKMLj2QJKUkZIVhHpfgjdGEWpuwCp9G+Nan0Z57ammdmE6QpEF5dGQyqB+6sJKYZ3blRZaEOGdIH5JLRfxzXTCmop6hupjkJr9LhgqKaSZp/ljb2TmmRpw5vCTOOS1KSNh0/ezSyMa12k+udj7L0ChvnjsbrcCvGqefABC1lnvcZjaxzsOGyw20fo9J4rXttRmz1WhrwSAH5z2KtGyagDjlYOhuQw1wdlai3XFkzQ1x37LBbTg9XXqIS6LjTq7qku1m+Yd49KQyQb49VcMfj3XZBqwVlawO7M7bLs7xPkq0aJG7AnurxsvfTlVN7s4qmfMU/llZvt3USzXsud8jXeWRuwJ7qBbscF3crdFcINTcB7ePXKpIJ30c3y9S0g8A+q0EcwJAQq61w3GI8B/Yo08EzkdSzOmbj/JRrpRw1cJimZnPB7hUsc1bZavTPqLAcb8FaKKeCug8RmDkcInJNYFTjk81vNmmt0xkjB05yCFYdP39zHNgnfgjYFa2qoIaxhglGx7nssRdrBVW+oLo2nA3BHdKwKxt6PQYpxNE12QcqXTT+AN+AsR03e/KKapeecA+i1Yl1NA9EuSNNVjJ1Wx+ptbAONzg8qxpaptTC2RvcbqspagNHhP4PCjiWS2Tam7xPOfskShno2QmX0p1jThKikMADHJsbxIwSN3BGU2YhzdTW7tOcJUo4DcsFzDIMcZTKhoPAUekna+NuN8/spEhD2ocMIjHfZGpJB4UkEg1AoGjzYyuB5p5A4/S7Yooppk7KOtgNBWk8Mcc/ks/1dQNliFTGwE91tb/AEZqqIuY3D275WfnhbPRvY8cMK20zwY9TBThtPJLrTu0am8tQ6Scuja7u3lXNdTYL2Fu26z0LgwOBHdb08rg83dX8bPX+kbjDLRAh3IHJWnaRjIPK8l6PuLYKlsUrsDORuvUoJWyNDmOyPugaTOzo7k4pEonxODwFEroG1MD2FuSBsjNfhddjOClmyTUkYNsj6GtdGDpBdkLR0z9QBzlVfVNvMbxUxjGDlFs9W2djW6uW5CJdic7WXAOWlQa2PXGY8cqS3OeVHqTqOkFaqntaYi+KnHB83dcWoWnqWojZEGxyHU3CqIycEAcL074vWuEMirdGJCdOQvNYmaW5IXvvFX/ACV5PzR9V6D+D5KyCWE2X/S9ZLFLoDsAHhbhs2vAwvNLZUinm1re2+YVEAl9V6Gt7keWTwWLsyMLfZUNJK+huD6eU4DiQr2B7c6cY9Fn78ww1EdU3s7BTEmi3LBc7E7BUN5p9NR40bcY3JV1TuMkLXE8gKFdotdOcclVLLDjMjwOMlNgnKHTktmBCjWqZ2oxO9EWchkjgG8pLRq0trU8mooJg4A+qnOl4wqK1TkwA47q3a4EA5SZrB7LRX7oII85AKUW/kzhDY7zhp7pbeO/HCXjJ14WcEO4EsqGn90dry6MHHKDdGHwQ4cp9M8Op2DuFnmsDMkK7NL4xgbg5UylJdStJQ6oBzdwu0zx4AHcICEWsHm4Sp3AHkJ9T5uyixt0uVMrdhli4gs29CoMzdzlSoz5RlR6oeXA9Utj/k4IbHeHMHAo5dkAqDJlkgz3UyJwLQUtARlzyArmaqKRudyvA+o4nQ3iojx+Ir6AqGiTbnK8U64pRBe5jjklOp4PMfVEN1Cl+mZoLrOy4/1XU0+fPsI1PcmNT3IwJRyCxvnKFJyEZBk5Cjf7Cj0Pi7Iw5QovpCKOVCpSyw44SSHCSaR9DjyFIb5WoA+oIzXcHHCalkzWPDJVEPEmAcNhurQKvoMNmzjsrEEHhWb9MuMh27HKe7GnBTGoNc/SzCIfZ+OSmrnu8Zw7KA47nKmVDtTiVXynzBDOWDmqTbyOZ9QUkcKNGDkFSRwgCzkaOURu4QxynfgQsXI4SBndRXHOd055OTugZOTukzlkNJYE/lDHdPO+FwNJGFknwslrl4LGy291fXRxAeUHJXrlgt4p9424GMFYvou1PLWzEbu2BXpMTBSwtYBvhcbV3ZeEfRvA+PVFKsa7CVNVpGgc4U2z05I8aQbDf7qqpw6qqg0gkZ3+y0UQbG0MY3ACwqW49dUuOQjnYdgDZOlaGsCTY9skqPUyYIBK7mkjiOTn6+77WiDXzlucdgs3UyPklcSc78KyudRqecHGAq+nHiyhp77rqReOWeUcXbPBbWelc4NyMlx5K1UbBGwMHZQLVTtjjBI3AwFYHhLnLcdDZ8cUhSYxyFXVdSG+XuiVlQIhnOcqvoKeor65pbu0Hdb9Dp05b5HkfqnzS0OmddT+5mh6RtIr6xs725aN8L1ejgbTQNjaMdyqjpy1w0sDHMYAcbq9XUxjhHxG7UOzlh4iS7CsoYxjjdQqWIlwJVowBredgjMcmLxRA0vOMAZ3WVmnqr5XYId4bTj8ka93U1s4t1ETpzh7h39lYW2ibTQhjRhx5UIiXSUzWNbFG0AAK0iiDAMBDoqffURk+imFuBsUtvBUngcwYBVPe65zG+DE4ajypdwrvlqdzgQDjCq7HRvuFUaubdrDye5Q7/2Uv2WNhtfydOJpBmSU6yVcgjCQAHlHCRGELn6Ak8g09MXXPa1pc44AGT9kRY2srqS2Ub66tlLI2d/VUlittZ1FWC/XyLSyNoFJAd9LN8Od6u90rfDL1bXfM1Y/91Ux/kxkY8V3qQtlGWN2IQSntYQwR6AAG4Hssz1x1rRdJW8ZHjV1SfDpoA7Be774OOyf1d1rRdL0rqmZ+ADj7qk+HXRdwvld/t51b56qTPy1O9uWxNPcb8qs5CSLT4WfD2sp9XWPVT/mLxXeZrXjPgN9B6c/stpf71HaYCxrgXvGES53aGzUZe4hu2GgLER/P9Q1xkcSGk7ewVFvgNQ0tZd6rUckvOfsFtqC3w26Fscbcu/EfUrlst8FvgEUbRrx5ipJPqglLBTCHSBkqJUVAxsE2sqfNpZuohJceSh7EtieDO7cbIoAaBsk0ADZdJA5KtLISWROIx6LHdXdVUtsjdCyUeKfTt7IPWfXNNa2Gjpn6p3A4wV5Lc7uWxzXa8TFrOwPKfXVl5Y+Fbm0kWNyvBlMlfcJsRD32AXiHxF+JNTdJZLPaXeHTt2MrXfV7Kv69+IdVfpja7WXw07DhzgcagsnBTvkI2WuMUkej0XjlTiywZEHOOSNz39Va0NtqK6RsUEZ32z6KTZLFUXSoEMDOD5nY2C9Rtdtt/T1OJZ42veBsPUomatVqdiwit6b6Pt1qjEt3jDpcArU09PV3EGGkGiA/i9k+22Kvvbm1c/khJzg+notfTUMVNGIomjS0dlnlPDODqdRKT5INtssFE1ukB2Bz6n1Vo2PIy7YDv6IdbcKK0UslXXSBjIxk52XgXxI+PT3Sy27puZ2hpwSEq2WA9Pob9dJKtcHpXXvxY6d6Qp3U8EplqwNgzt9181dZfEm/wDVVQTPVv8ABJOBnGyzlbdKy6VT6ytkL3yEk5KjljT2WaVx7TQ+Ip0i3SWZHN+TyV3OVxdAJWec9zOmM5OycGEnB2RhGe4RWMY3coQjkcQIyQixsAzhDdMxvlxhClq8jTG7buj5I05kl0zI/THdR6m4hwDITj1UZxc7lyZGwAl2FWCKGArnPkIyuiIDB2SDxjTpTdwVYeUlhBQ7SPKMIZlc47pwYSutjOVRXLBhruQE5rTwRhGDQBwu4CB/3KGCAkZwuiIg5T/EwMY2THTAAhB0E3geGtwunCjGXc8rhkJQu0FckgvaOChmYeiBqLih59HFKdjGbM8knxfZIzE9lGz7JYz7Id+SYJBcfVCc855XN+5TC0lUWFEpPZLxD6IWj3XNOELyVgP4q74h9P3UbQ71XNDvVTktxwSfF+36rokz7qNpK7oPp+6tTaI1gm+OfVLxz6qLgLuFfyAknxnJ3iAqNgJmHNOcq1YwZLJOaQTyigAgbjKgNmOMInj4TVaVklFre3+aEW7ofjD1/dP8QJisQGBySSSqU0yD0l3Suhue6rIWQWB6JzXuYQWncJ4hyu+CPRRtMB4fY+O4VUbw4SHb3VpTdRyRYEkWrHuqXwz6J2HcAKt20S6oy4NjSXuhqw1odof3DlZQubLw4fqsAzy7gbo0dxqoj/LlcMe6dXYvZlt0v6N9oSaw5VBbeqTgRVbcgbZWjoKulqvMyVp9RndaIyhLoxTonFhBHnGQjCBx7IrYxkHGyKGY7JhmlLaRxT5GcLvy6lafZLR7KC/kwRhBjskYTjcKX4aXhqsE+VkIQlp44T3MAAwpPhey74aspyyRiz/D+662M5yAjhm42Rg0Y4UB3sAIjzhP0eyMGZ7J4g9lCfKyN4Z9E/wz6KR4ITvDaoL3kXwz6JeGfRS/C9l3w1AfkInhD0S8Ieil+ETwl4J9f2ULIfhe37peF/h/dSvBS8FQvJF8P3S8P3Uvwj6rnh+6hMgIXPjOWqzpKrWQyU49CogjaOya4E8KAt5LV8YPA/dB8IDsmU1S7SGv3wpmGuaCDyoCQzEPVcMQPf8AZSvCPYLmkj8P7q8FZRAfDx5c/mgOhO2GfurSSNvYKO+L2TYrJcZ4K+aMEYAyFWz0ssBMsGQM5ICvXxF2MBCG2fIFTSQyNnoqYKoyDDwCU6SKOQEhuCu1lGWONRTgju5oTaeUH79wgwMTIctKQeFGkhx2V06IPHCizU59EGBsZlSWBDLFMczBxhCLUI6M8kN0eOE3T7qU5vumlme6g1SyR9PukR7o5j90ExkKBZBkYOEkXCa5CngY3wSLZXVFtqG1FO8tOc7L1jpnqemvVO1r3hs4G4zyvIAecJ9HV1VvqW1FNIWlp3GeVoqtaObdp1Po97SWe6S6ljvdN4cjgJoxuO60RaQtKkmcWyLrlhjkkklYsSSckoANSTklAxuRjGFkeq+mWSA3Cgjw7mRg4PutgkdOCHDY7KnFMZXY4Pg8edEW7FuCmgY7rW9S2JtPitpxmNxwcBZl0eEiccHTqvUlwDGySekhGSm2JJJdaoUcDDlPDduU7AzlPR7SCSSSUIPSSSREEkkkoQcuPY2Rul42K6kqwWuHkzdyh8CV1LVQf7pIcRvxwVSOiqbLUam5dA7jHGFuq+iZcKV1O84zu0+hVBBiQvsd1aBJ/wAIkc+6Uaabc/a1wfSDoSOWpobp/NW0tNkfQocsOg8L8sYR++SC9nfKn9PX6t6frW1EDzoJ8zc8oDm+6juYB3S5QTJjJ7vZLvRdR0YqIJGiUN8zc91J8IsK8Ms19rbBXR1VLKQ3ID252IXstg6jouoqZr4nATY3bnlZbKymsFmw8hOlGwIXGjSSEQ7rM+GJ9kGtp4qqIxTMz6FZ6nfV9N14eCTC8/ktU5qhVdLDUwuhlAIIxxwgJ2XtHWw3KASx+iZLGW7gLJWqunsdR8nMT4efK48Eei2dJURVLBIw5z+yoCUMA6KscwiCoOM8FWjH87ZVbVU45aAEqKd8WIp3Z9ChksmeUS3SzjdNa4Y3ThugXAljmTEbKQDkZUN7cYKfTzlv1bIhUlknpJocCMnZdJx2UAOp6YnqEHJqScoAJJJI7qEH5HqlkIYye64zJ78KFMKklkJKAMSSSShQkkklCD0kklCCSSSUIJJJJQgkkklCDEkklCCSSSUIJcPC6koQZvld0NcNwnY3ykd1CFbWUmD4sP5tQYZDs3CsSw6gOyjVduyfFgJa474UCHMdtwnqHFOR/Lm2cPXupTXeyhfY8Nc36Tujsnl2D48e6G3kFSMtc3DgoAFZMHYG2V2VgeMEAg+oyo01K1w1QOc1w9CmitfFiOeM5HdQAq6m2VVtmNZbAZGOOXxenuFIprpHKdGMPH1BWjZQ9upvBGMhU9ztbpGipocRzx+m2oehULLSGo19lJ0gDPqs3bLs+HEVfHolJLccZ+yv2Py3VvgIVIJxF4jWuAdsjAsLRgjdBcA7dMa7Q7zE4TFPIoZPQkvM1OdDjyOxVfX2elvUD6K6UzXAjynHdXkcsUuGtO67LT8OxynRscOgXFHid36ZvnQlaa+xyOdT5yWnJGFc2frO1dQBtNWU5p6sgAhx8jj916eYI5GmOeNr2kYIcMhee9U/C0VE0lwsUoaSdXgnbB9iulptbh4bMdtW/g8s+KX9mm1dSsmvfScht9x3cY+InH2I47r5fvtu6o6NrRauq7W6ncTgPznOP6XcL7UtHVlw6dndQ3rxHxNOjS/lpVvfelehfijaZKC600c7ZG8HGy9z4r6gsqS+V5icfVePUuYnwO9sNTu6PBHDhs781MoLzdLS4eFOZIx+Fx4XpPxP/s59T9DU8106dc642cEu1NaRK37g7rx8OfHs5xdle70utp1kN1TPO2KzTTaaPR7Z1PSXBoYHhkgG4dsrZk5cOc49F5Ix5GXNGCr6y9TVMUjKbxtBPd24WrBoo1qXEz1G33mpozhxL2eh3Vr41vubctIjk/RYaj6ge0j5yJr2H8TVc09VTS4mpZmg9wThDtydWnVwfTLCooqiA6pYTo7ObuhNka7ywzeb0JwpdPXPk/lTkjHGeFypoIpiHxgMeO47ok8HSjLKyDjqalo05zhSoa5udMoIKr3R1dI/LxrZ6hEZPSz+XIDu4OyrgbGRah0bwCxwOUwxalBNPpwYZXNP32SE9XTed2Hgc4Kscpk3MsRBY4jHujx1plw2aJjiO5CgRXSCc6XZY70Kkxxh4Ogg/Yq1wTYp9kS49N2y45kZEIZDyWcLO1vTN0oyXwSa2N4I5WsJqI8+C8A+hXRcS3yVERB7kcFMV84vg5er8LpbsSSxL9owgra6lPh1kbns48wVfdLL0z1A10dZQtje4fWGjK9Nkp7dcIjHJExwPtuqOr6KjkkLqWcMB7FaYapf1M4Gs8Deo7klKJ4rfPg1TljprBXjxM58N237rCXfo7qixZkraJ7ohy5m+Puvo2rs1fbHEvjLmDhzd1CdPOXYm3HbKfG6MumeS1vgapxwouLPmyNzgd3HKsKW4VNOQ+KZ4I917HeOgemb658r6QU9Q/fxItsn3Cwl++F95tOZqB3zUPIA5wtKlxyeW1f0/dVHcvuRU0/UVUyTM3mb6K5p71SzgYcA49iVjpIZ6Z5ZPE5jgcHIT2uB3B/RM/wefu0ai8YwbtszHN1Ap7TnssVDXVMbdIldge6s4OopWRhsjdRCLLRjnpJdo0a4q6C9Ur2anEg98qW2qhe0OY7IKvdkzumUeGHSXM74yuok8kfAkkkkzJAKSSSgAkkklCDzukMjvskkgISaernp3Dw3kD0V3Q39r5GRVQAzsCs6nhzQc+iTZVuOlofJajRTynlfo3hpLdWR5L259jhRZqSttx10zzIz0J4Wbprg6LbJV3SXp7GDMmth7HchYbKOeT2/jvqHT34T+1k6nuzZf5czdD1KZUvYc6s+iri6lqfO3DHlO14GMrNZpkuj3Gj82ksOWS4julSMDxFOp7rO0+d+xWZL3Y2dhPgqpmnzHICzuhnao81F+zZxXaAgAu3KksqSSC0bLGxVRBG26mQXKoiIycj0WeVTfR1KvJwl+TNWJ+NspERPOoxtye6pKe7s1YmBwe6sW1MLwC2Qb+6U68HRq1VUvZKwBwutOHAoYO2RwueLvghC04muLT5RNZKMBFEoxyFBD+6KJSg3jESxKM8hEEgwoIcMjBRGSDHJU/uiyaHe67k+pUXJ9Sute5pzlXkhLDyDsiicu8uFFE/qE4SgqcMmMkh0EUwy8ZQDA2A5iGMpzJMd+EYnOCqfBW1MjsqKuM5aA4e5R21zSAJGYK4Q3bypPa0jAGEUZZYuVKbyh4ka703UWa20dSD48DXeuye0YJKMwjfCfF4Rlt027sxN6+GHT121AU7Ii45Ba0A5XnvUfwOfDI+W2yZcPwuHK91cBkYdunc7lOje4nG1fgtPqo4mj5HuvQ19t0jmuonkN9is9NS1EDi2SJzXN5yF9nVVvoqv+/p2Ox6tCyV4+GdluD5JG0jGl3oE+GpPI636Oql/tny2yoqYnZaXfmpkN1BOJoyPcL1i+fBeQTOFI/S07jbZYO8dDXK1uc18JeG92hbKtRH2eM8j9M6jTy2wiV/iNlbqikBRo5pWtxMBj1Cp5aSenc4aXNxyOEOOrmjcdLzt2JWqFu7o8pqNJZTLbNNGiinY4jDsopAc0YGFTU9fA5wE8Z3/AKeysYpKd+QyrI7gOWmM8mSUMcoIadsvIBQ9Nfbz8zRPIA5apLI5TuwavtuusnqI8/MNwAmRbT4FyX7J1J1PFgR3SPSCMagFawSZLaq0Vuk8t0u4WeDaSrBjLGuz2IQRRVdE/wAW3TOb/hytMJy9mW2iNi4PV+nPiTXW97ae+sfKOPEG+3uvTrZeqS5wNno5A4OHGdwvmmk6iccU9xhweNWFe2261lrlbVWq4va0nJbq2/RMTycy7QZ6R9E68t3GEJYTpv4l0tYBSXV2iQbaxwVtoaiOoY2WFwexwyCDlMOPdVKqWJIekkkoKEkkuHhQh3UfVOQfxJ44UImVXUnTVn6ipDTXClbnlszRiSM+rXdllmVnV3Qkhlry++Wg7NljGmZg75b3/VegHB7poBHBVPgbDUuP2tZRDsvUtn6ghElrqfEAG4Ixj2R5qKOKR09OND3cH0WTvXw9dLIbj0jVm03Dl3heWGUjgOaPz391CoPiBcbNUCz9dwNpZ2bCpB/lOHGc/dVGSfYx1Ka3VvP9vZvKSvfr8CrGlw2DuxViHB24IVTBV0NwhbNTvbKxwBDhvt2IKmRuLcYOQiwjK8p8kzJSyULWPb9Ug8HhQmQuSlkrg3SO6hYbZDez0TW5OfMU380YA5spYQDupQcCM5UIjKc2Qs91CB5Yg7cDdRdEkR8zVLjeHp0rA4DuoQryA7OyjSxknICnyQkHyjZCLMchQhD0kBNcGuG7cg8hHIHohEYQBYPPesuiGTsfXW9nnBy5oXmlQ2SlkMUrSHNK+iHsa8EEcjCwPWfQwnjdXUTMu5c1oSrIbkdXQ67b9kzw7qC0fMPdW07cHuB/moNtqnSE0lRyOMrYVVLLA90UrcFu2CsvdrRpe6opwQ7nY43XMv08bY7We58R5eWnkoyfAmh0EhGNkUP1NzjJHBUKjrhUROo6rDKho79wpcHkGCuBbROqW1n0fSayF8E4FzRVTayEwu2c0b+6pLzRPw44yGlGDzDKJoTgjn3VhM5lZCJWgbjcJJ05WK2vazDTDw3cIZdlpVndaR8Jy5u3qFVkggqHFuWx4OZKjzM9kb8W6edJG43RKOTLPkgtaWnJ7KQxxGFyRuk7Bcb3QteiVycWWNJUOjcN+Vo6CtLsAkLIxvwdirSjqQwhJksnW02plB5Rt6WQPA4KdNECNhkYVRbqwAAFWwka9u5SpRyehhYrIpszFyomxTF8YwOSFFaMNwtNVQMmBDmg5Wfqqc07iBuPVVhmHU0qL3RIR5RWSlhylpJOUnHBROODFlotaGsOQ1xwtBSyteBjCxzHFrgQVc2+uDQNRVm/Tan+iRpfDa5vGVT3CldEBK0bE4VjTVBcBkKQ9jZ26RtlTazdJKSyUFNO4ODSMBXETstByqyrpzSTeVuAjU9QMAIo8Ax+0m4QJQAQjtcCECfcgKxyaODhdZgOzhCHKIOEvJOixpJ9DhvsfVXEJY9o2CzQJBBzwrOhrACA7shwbdLqVF7ZFoadvYZQ3UoOAApUT2vHKLgYOyWddJPkrRSaQcBRZaNuc8K5dGckKNLESdkGAJ1ZKeSm0guaMKPFVSQPznBCtZIsg7Z2VZU05BzhDKKYqLlU8o23TtzbVRNGd8DZaOnrn0sgcM4PbK8poa2ehma+I49R2K2tsvDK2MNkcN/2WG6k9H4zWwceez0i3XIzNDhICB2yrdkmoA+q8yir57fM17Dlh537LZ2i7w1kbTrBOPVc+2rHJ6Ki/cXhGVQ33p4VrTV0nkmZvt3V0yQHHujM34WVrBp7MbZb9LFMKC4eWRhwHHutZFLkBzTkEdiqXqLp5tY01dK3RM3fbuqezdRS0cwoLgCHA4BKorODX1VLBc4DBUjyng9wVm3fOdOVeh+XwuPld2wtBHK2RgfE/IO+xR5IqesgdTVbA4O2DscI4xyXlMiRzRVsQqaZwJxkhdmggr4DC/GcfoqplLP01Wkv1SUsncdgrOWEAC40DssIy4dsKmAzCXW11NpqnOwdBOQQrmwX8PDaeofkjYFaGrpILnSESMB1N29l59c7ZV2aqMjNRjyktAp7Weil4djAwjPAqISx2M42WZsN5E8LY535PYrRwuxgjfKpo1VzyTLTWCEGjqDg8NceFNeS05xnKqKmIysDo9nsOR7qbR1nzMfhybPZylSiaSXBUeGcAKyikEjMhUjwWH7qXRTtDfCe7GeClBE6Rwadt8pjyJoyMbgZC5jOTlMbJhwOOEUVkhyhqjUMdDIM4yPyVTUwfLVDmuHld2UySX5CubKB/Lm2IRK+MVUZLW7t7p0eBcujzzqm3fLz+PG3+W49lhLnAaecvZs15yvXLnSCspHRuGSBsvOLzSFjHRvbu07LZXLjBw9fS8bkV9tmGRk4IXrXTNwjnpGMB3I7leMwPMMgK3XSde5jywO8uzgmSWORGjnteWekA6cLkpLnahsgwvEjA8HIKOATwq7O5B7kQbtTCqo3NLckNWNtkz6SqMbtml2wW+c3WNKxV9oH0VSZON8qmBbHBeRy6jxynubqOcqstVX81ED3GxVqd0yIl8mO+Itnfc7FIIgNTMkHG4XhHYjK+na+nFTTmNwyHAghfNlzpH090qopPqDj+meV63wWp7rZ8h/8SPHbpw1UFz0yLESx2xW56fqfEhbESNwsG4aJBlaGxVJjnZg7Fe407R8auXxywbQfy5A4EYChXqLxqRzmtyQCeVIeS5uxTy1rqfwnDcd0/CYp2ZKuwVpqKTQ8+aPZTJsSjSeyz9uc6lu8sTDhhJOFotY5KWFXYUQj+WuBb+EhGq/JGZSMgLt4ZoPzDRgrod49A1unc7pUo5NlbxyHs8xyWagQdwr+N50gLI26XRPjjGy1EbwcZ7pE0em0F22PIeRxaQQutdnfO6FM7jC405YHDbKUdyq4dWO1R6COe6j0j9tBKLUN1N/JQ6ZwZMc8rPPk0xtJNQcocBxt2T5s6C/HCE0+drccpeBrnk7OOEBu7gUeU7Ywog2O5S5lZJg4Qqg4anAjCFP5gAhGp8EGq+kv9EopiQAUps6HsIQIJNB4UAk8MlgkndeS/EiHw7oZcbHO69ZDsjK80+J8D/CZLjvhGuDk+dr+XRS/sedP3IK6PpC6B5PsExvKNHzVElqIhtRE1AA3IUhwiuQpeyCRB0XdFHKFF3RRyiQtBBwujlcHC6OUxFsPH2RWDhCYCMZCKOForFtcpkyl2OVPp8uduVW07gHBWdMiNlDWCWGjHKg3Fxw7fgYUsHGMuVfcXgah6om8DrpYrKqQ+pUN31KRLnOMoOckJE3k50UFaABsiJg4T1C28HWocn0lFb3QZSMYUksLgWnkC7ug9z912QnPKa1ZZDWd7hSqCn+ZnEeOVFG5Wr6QtkNRIJH5zlYdRdGuDydTxWkeouSwbzpa2NpqZshbgAYCtKybQQ0DPqjQsZBA1jdg1qgMldPWhjm8leelJy5PqNFeyCgWVrppGHxnDGeFeUzS52QFAjyxoZhWsLPDiBxudypWb4vZHA+QhrDsqitl05OQp08uARwqasm3O/K9BpfwOF5GeclNVyF0hGeeVZWSgLsTObyVVaHTSuwO61tnhfFTN1DndarJ4Ry9PU9ymyzhjDGDAQppgByEWR+hmAOAqOvrDkszgqtPB2zwXr9TDS1O2foZX1Ylk0M3x391uOibJoi+Ylack6icfssx0vY33Sp8YxFzQcBewWyjZR0rImtAwAvQ1pVRSR8E8/5H+bqXJPgk08YibgDA9FKYMuQWDJwp9LDuHEI088nmp5yTKWMNAJChX+6iigMTHYc4KbPUMpYDJj6VmGMlvlcZ3jTE07A90zoFLJKstDreKqRuXuG5WopacggkY2UaipxGwAtAxwArNhw0bJEp56I+A0TdDcJs8wibkrofsTjGFmL1dnTyGmgk3zgkKADHPmvNyFOSfDad8LYUdNHTwhkTA1rRjbuq/p+1RU0Ae5vneMknkq2AA4S7MkGnlcXTsuK4x9giPBVPKZb1XMoKeUtpmO/nubySPw/ZFulTUSytt1Fs6QZkePwtVra7fFbqcRxt3O7j3J91cnjghOhpoKOFsEDWsYwYAAwqvqHqCjsFtkuVY8Njj5Rbzdaa00rqqslbHEwEkk4yvK7Ra7p8XuphXVjSzp+gedEb2keMT/pgFLbyNjHPL6LDoTpu5/EbqA9b9RwOitUJBoad/wCP/ER+QXsdZW0lopAcNa1ow1o2C6DRWqhEbGNgghbhrRsAAsbNU1XVNy8OnjIo48gknn3RgOW54XQJ0lw6ouBe7PgZwB2x7LY222xUUIjY0Z7lNtlsioYmxQtGcblWIAA4S5gybZ1oIGSc4QZ6jfSMLs87IIi5x3OwHqq4OfK/UTyhCRIOH7nddTRkADG64SDkdx2VpZKSyF1NG5IwNyvOeuviPT0bpLTaMzVDdnFp/ZVfXPxKM0p6f6YJlmdlsszXbN9gvNbjVU3TtI+5XKoJeTl7ie6fCGOWaqKnJ4S5DXC4/JxzXq8z+cguAcePYLxjrTr64dTv+VhkMVOwkADuo/WPXFx6rqTCyR7KZh8oG2QqKKHAAI3WhcdHp9FoY0RVli5GQU5JGeStLYbDPXODWNIBOCcI/T/TDp3NqqjAb2B9Ft6OkdK9tBaY8u4ccbEowtVqcLCD0NNT2WkbQUDGuqHgZPclamw9H1NS6Oturg5v1eHnbKsOnukobWG1FcBJOdznfC0O7D4hOmIfUfRKsnhHEvvdjwPjgjhjEbGgRt4AGyy3WXxE6d6PoZHmqDKjGQQc4WU+Knxvt3S0H8Ns1Rrq3ZBc13B2Xyxfepbx1FVmsuFQXvPdYpWcnS8b4K3WP5rliC/8zW9e/FO89Y1csctQWxcANOMhYlg79+5QmM7nk90Zo5S7J7j21NNelgoVrgb9WwTy0nsutY48qQAABtus/LYcpDGRlyNHEGeY4XHyMiwgSVLH7NOVWAVFsM+RrRjA/VR5pzjGEB0he7nCcRlQao45GOlc48rgB55ThuithLsYTCbkuBoJ4wnBh9UZtOe4wjNiACgMpYI4hdxhEEOdzsjEtA2Qy8IcoFPJ0RsHb910lqjumxtum+IPVA7MEDF/YBD1eyZ4gPCYX9kqU9wSWQhI9VHcSNsruolccqYW39jvpTSMoiETlKxknQ5D0opGFxQsYnfSnE5Scrgi+zoGEvKkeEsKN4KOABdxhcOB2SyPRTJBaR6LhaB2Xcj0SyPRTJDoOV1N1eyWr2QYIOSSSVEHJBoKbg+iaTvuFC2/2FEeV00+2crgOF1spG+lWnkFMYYXldAeN9OfzRfH2xpC4HNJRFbUIPIHCcKglIacYS8NucqNNcgjw/PZPa4eqCYyRsmhkkZy4fuopsF4wTmrqjRyEbEcorZdWMhHkQ2ExlcwE4OBCciSyECztjC63CIkjwUwbh3R2VU8BHhPI/NN0lcwVMuHQqSTfJo7V1fJFphuDXPaNg4dlr6G5UdwYHU8oJ9M7ry4A53UqmqZqdwkhkcxw7tKbXbJvEjHfo42vMT1TT3wugDKzdj60jGILoARwHAbrX0z6aqjE9Oc6lq3Ra4OTdTOqW1oE2IkA4XfBPopojH2XNAVmSU9pD8E+iXgn0U8Qg8Bd8H2V7WV8pX/AC5/p/ddELgc4U/5c/0/ul8ueNP7q3HBPkyRWgcYTw3ZH+XdnOnb7p4jI20/uqwTJH8E+iXhuUnR/h/dd0f4f3UwTKI3hn0RAwA5wpGgeiboPopgrKQwRN9EvCb/APKEXQUtBUwXlAPDal4bUTQ70S0O9FMEygRjbgoJjI30/upeh3om4CmCZREMZBwUvDypvhrmgKibkRWtPCPTyOaAHbhIMA4RNIxhQmMkljmuaOEx7M7oMR82fRTGPa5oGOE6PPAqSaImDnhNeM4Up0YO4CGRp5KtRwym0RxGCN0F8QHZTNB5TXN90WQ8ldJEMbBV1RREkvi8pPZXT2e+VHdGBw390Mo5GRkVFPIdeh53CNJE2RvKU1L/ADTIzvumtc5uAShccDUyFPCWO4Ud7O2VbPaHAjGSVCkiIPCXgdCeSA6LuhmMjsppaeCEIx+qocRy1w2ITNPspbgPRBLRnhQKMsdkV0eOCm6fdSXN91zSgHKQADCYRlGOyYp0UFoq+rtlUyqpJCxzTk4Ozh6Fev8ATHVFLfqUAkNqGjztK8bU22XWa01TammcQWnJ9wmwngxanTKayj3NJV9hu8d7oG1sWMHAIB74VgtUXk4tkHXLDEkkkrAEknpKEGJJJKEBzU0VTCYZG5B49lgr7ZDbqnYeR+SPRegqJcaGOth8N7d8bFBKO4bTPZLJ5kYyCmqfcKR9FOY5G9zgqIRnulSjg6SluWQacBhPSUSDyJJPSTMEEkkkiIOSSSUIJJJdwVCHF3BSAOUTYgbKmR9CYSM4VR1HaPn4zXxktnj3y1XLk0jKS1kGNkq5bkfRzom43Cr6qm9BsreaJziCAgGMdwvyuf0FKGeIs2woZjJV9U04O4b2VZJCWnGFT6IQXx5GOVJtd4r7JUtqqCbQ4HODwuOYUF8ZON0mSyR8ntfTHVFH1FSte1zWzgAPb6n1CvNXsvn223KstFUyso5S17e3Yhex9K9WUvUFK0OcGVLRh7D3Pqs1lWBc44L94y0/ZQyDkgqdglBdHg7LO+BaZU3Cjjq49Dx9j3Ci2S61Fvn+WnJ0h2kE9wrl8JONsqsuNL4jMAAOPdLaci2smuZK2YN483ouz0wIGnZZGzXiajlFNVE7bDPBC18E7J2B8ZyD+yjEyjjoZBVy07vBmaSM7FWMZa4Ahw3UR0QeMFuUyNkkJwWkD0SpJozyjktCA4coMrdHmbsmRTEj1RtbZPLnCgB2nqXucWSHHopjVXSxkEOAwe26JSVYefBlOHDYFELayWKSS4TjsoLCJJJKEEkkkoAcPCQ4XU0jChUlkeCcp44Q27ogIwoLOpJJKEEkkkoQSSSShB6SSShBJJJKEEkkkoQSSSShBJJJKEGJZHqkeEPfKhAiYnDcJqhAbPqCMMYQdDvRd1FQtrIyrpYpgC5oB9QobTLEfDkBIHDvZWSY6JjhhwyFZaeCPG8Hcbo4JcAAoslHJAdNIc9w1FpJ25xJ5XDYg7YKoslRkg79lIPgTN0OAdn1CHhpGEMjByCoKayMdRzU+X0smc7ljvpTqapY86HeWXjSdt1Iil04BGUpoKeoGXMAd/UOVGslEK4WuGvbh/leOCOQoLH3G0hsE5EsGfrG5P3VgY6ym3DvFYP1XX6aqPG2/YpaQxMUFZDUN1RPB9vRG2cVRz0Etul+aoQRv52diPZSaC7wVTzG4Fjx+FyICSyWZixhzfKfUFSoqkaQyQ5KjA5CexodkJgBLbpdu1NPlOc8oGJGEFjsD0ThNkbjhRPnJWCr6h6RtPUkXh1tOwO4D2tw79V5ZeOkepeippKmAmSiY4aZWE5bngO9F7U2Uk4LcIzXB+5W2jWyreGJsqUjyux9cfNQiGvDZARpcCN/z9VkviJ/Z76O+IrXVtjc621xBc6WJwDZCeNQAXpPUXwhtV3Pzdlc+jrNyTq/lvP+JqwcVf1D0TVfL3mOejIPlJGWO+xXovH+UVclOLwzm6jSQs4kj5H69+FnWnw8qPDutpmmpiSGVTGHQ7HusY000x0zMIPodsL9F6S92fq6kNFdKennY9uHa2gh33yvEfih/ZJtFzIuvw9rRbpwHONHJvA7jGMbt7+q9/476hhbiF3H9zz2u8bsw6z5ahut2s7xIKj5ilJwQdy0LS2vqa3V4DYqrRJ3BOFRdQdOdV9B176HqixVFOc4OtmWOHs7gqD8pR3FpqbUfBnj3Lccr09dsLea3lHLTnppHp9FfKmnAD3eKztnf91oLd1LSVAEch0ntkrxKg6ivFmmLLlC6eA7eXkLU0F6pK9glidoJ7cEIlhm6jydkXyexxvjmYHNIc0qPV22mlbs3ST3C87pr9X0DmuimLm+mVqLX1jT1IbHVgNd7pck0zt6fyELFyS3Q19Ecsd40Y/UKRT3aEkNkbv3yp0M1LUt1RSAg9srj7TQygnQY3n8Q4VJ5OjXNS5QKSmoqwamENce4TBQVNP54JySO2VGqbbWUx1xO1NHcJ8NwqYABOwkeqPchyn6JIubmEMqoiD/AFBSopKaoALSCfQqIK2kqjolj/MpSUMT2h1O/QRwQUuUsl5zyyW6lGdUJ0n2XWz1EflcMkd1AFVXUZ0Ss1t7EqQy6U8jR4jXNd3BCg2NkUsEwVEUjdMzB9jwoFRarZVP1iIN9cBGa+ObJZumyF0ePT7IoycXlGe6qF6xKKZSV3TTmZkpXZHoqmSGtpjpe1xA9ls2zHGcLrnMJ8zWH8srRXqpx7OLq/B03rNf2s87utqtN/YY7nRxl5GNYbg/qsTe/hVC1pls8pHcNJXtNwstFUHU1nhuPdqrH9O1kbiI5A5vYro06uMvyPJ+R+mnJZsSf+D5zudgudocW1NO/A742VcN87YwvoustYwYbhSNlZ/iblZS8fDa2XIOltrhBIfwnhaflU+jx+u+mLaov4Hn+zPJ4zgqdBO5jRpOMqxu/RV5tDiJIDIwfiaMqle4xAAtR4yeVt0d1S/1otMnxXOaN31furCG5B4HivH6rObl3KKCcBWjDKmMuDUtq4n/AEOynmX0CzEVQ5owMqXDVuzuThRSaM8tO0+C+a8O74TlWRV0WwLt1KZUs7d1fyCZVtBkkMSN7J2rKNNMm1jkkklZTWBLuSuJKFD9+xRI6h8LvL3Q1wjIwglHPIfK5RZ01y0keKNvZW8FZDMPK8b9lk2c5zwixSOiOoOWecVJ4OhpvKajT4w+DXOlA4wuslAO4VDBcXtwHnIUkV7XgbpUqcHoNL9SNPku2HxP7s742XPmKiJwEzduyqxUyxkOjdhSWXBkgDal2Qs8qD0Wj+o4T43FpBV0zxh0uHKQ2Q4y15wVSPZRSgOj59ikw3CndmJpcwcAlZ56c9JpfOxfbNTSXCphABcXN9Cp0V0a52JG4HsspBfYhhk8ZYe5Knw18E2NLx+qyzqzwj0Ol82p8KRqWzxvALX8ojXZGFnWSubgtecKbBWvOxcUp0ezu0a+Mu2W7SfVEYT6qviroTgF26lR1LTx3SXFo6UL4z6JYIKMCCcZChZ90UD1Q5yHuRKA2ym5cDygCQ8ZP6orX5PCmBgcPIRmzkYGFHDxhLA9VAorJNEjfUfqlhv9QUPB9V0SEHO5/NRPAzaiSGY7rpz6qOJ3A7tTxVjG4V7mU4Jjzq5ISEuBjCQlDhkBMdjJGVakxU6UODsnZFaThRs4OxRGiUtz4mfbCZGwzy0yHSNBbvuq+a20dQczU7HfdoU4OcOUsj0TVLJit0isfKMR1B8NLFdmvkggbDI7fIGN15rffgrXx+eglbI458uMEf8AVe/EDGEN1N4mCE6F8odHG8h9P6XVx22RPka69M3ezTOjrKV4DeThQGkY0uOCF9bXCy0lY4fMU0btuSN1guovg5Z7o589LH4Mh/o23W+nXR6keA8l9Byjmell/wBGeGUtXXwHNNPp9juCramv0UmIrlBpPBcBsVY9QfDHqWxvc+khNRGPTnCyznPikMFdA+FzTg6m8Low1FcumeA13iNVpJYtreP2ao0lqrWeLb5SJB3aUERVtIdTtTh7rPsiIIfb6vTIN8ZxlWtP1PVUgEV3pDp414WmN205DrlngkyNp6oESNAJ74UZsFZQv1005LfTOVaQvtF1bqoapgkIzpJwhT0FVEcaThNjYmA1jhnYLkH48dml39TVqbF1ldbS9vgVRkj/AKXOysWBg7/onMqSw4xwnZRmtphb+SPoDp/rmguzGx1LhFL77AlaVsweAW7g8FfNFPc5ach7HEY754Ww6Y+JUkEzaaasLmjbS/smp5OTqPHY5ge1g5XVS2jqKiugDWSt1EZVyDkKHLsqlU8Makml+OyWvKgsfkri5qBXVCCyfVRq+zWq805prrRR1MZz5XjOPcKSnNdhVhFxbi8x7PL7n0R1T0nOa7omrkqKQkukoC8//Uj7Ky6d+KVJVzttV4pZLfXtGPDm2JK9AHlOVQ9UdH2XqrJuNMzXjDZA3D2n1ylyTi+DXDUQsWL1/wBS4hqfHYJGP1NPupETyTwvIqm1dfdBS+NbKx10tw3ET/qa1aPpn4l2u9uFHO401WNnMk8u/srhLdwLs08vyg00ehxvyERVlPUF+HcgqY2YgDblMMz+14YRJIbpIwRJEZSSUIcY8sOc7KU2oY8AN5UZNbtuOyhCcMO5CBNGCMprKk8OCK2RrlCEGRhymvZ6qwfE12NkB0J7KEIWn3QXb5BG3opjmEBRSME7YVPotGF6y6Gir2PrqBga4buaB3Xkt0t8tLIYJ2FpBxuMZX0k7dZXqzoqlvjHSU7WxTYzxtlZZwydfRa/4/tmfNt5ofBLaqNoyDgnuh0tWJx4bhhwA/NazqKx1Fuklo6uIgjI42PushPTCNw8MYK52o0zsPZeJ8rKuW6BMBOc8qXSziJ2l30kYVVT1Gf5ch37FHe4Pxg4XCtonXPDR9H0WujqI5RMulKJoHADO2QVj6iIxcraQTeLEI34y0fqqW+25ugyxtwDvsk4Zo1Fe6O4zurzIzTgcj9VEIcCTjj3SZLvhFhnI3ckt4B5CCQis8zfsk5gwSqHIE0nVuVKhm9womnBOE1oIP1FKlHI6qTizSUFWQRuFoKSp8RoWKo5Swgq/oqwYCDo7Gl1OGoyNBnUNlX11OHsI07nupFNUgjBCk+Ug5blC3k6ko/JHBl3sLDpcMEIbxnCsbhTmN/iDgnChPGQq6ObbXseAI5R4pnREOaVEeC12U4P9SomZlPDNRbK8ys53HPqranmJxlYqmnkp5BJG7GOR6rQ0lcHhpPomxknwdajUZWGW1XTiqjPqqctdBOYiPpVzS1LTjIUa4UrnE1MTc+oUwjS/u6BwyFwAwiubnlRYJdDsFqnB7XtBwrJlkfBSwUYtBOSFzQEqUchDWokchjOQmLoOEGGWi5oK9riGOOCPXurthBY0jjCxrZdGNlfW66NcxrH79lMM62k1ePsmXBY3BUZzPUI7HtcBpdnKfpA4CU1g6yakiukhyNh+6g1EGrfGFcPjGfugy02RkIJC51ZM/NT6TnCVHWyUkoLScZVlPTHB2/dVcsLo3cJcoqSEx30yUom1tNfHcIvBeQdtvUKVR1VTaKoHJLCVhqOrmo5WyROwR29Vs6G401zpsSEagN8rFbUd7S6t3xz7PRrXdoK6NrmOGccZV1A/HbK8ipaypslYx7HuMbjg5Oy9DtF7gq4Wu1ZJWCyrB39NqotYn2XjgDwsz1J01HXRuqqVumVozt3WhZM13CIcO7rO4s1yxNZR5vYeoai21XyFfkAHAJW5hqI5YhJG4EOVF1Z01HWMNZSMxMNyB3VN07e30cpoa4kEHDSSp0K3ODN0SZY/CmaHs9DugUzjRk0sh1U7ztjsPRFoqiCpZpDsEdzwVyrppIyD9QPBCgcZZGB3yk7oCPKd2/ZPlp6esjLZomvB9Qm6P4hROaw4liGR6kKJTVMrP5Ug8zVWC2jKXS3y2WvL4A7wXHOPRaW0XA1ULdXYKxMdPWxmOoia4HbcLI19LV2GrMkZJp3Hb2Q4RIycWbeM5blAe51PUNqG7AnBQLZcW1dOwhuDjdTpWNkj08pUo5NcLE0T9UdXDrjIz/khtJieAd8qFbZzDKYXH2U6oGeyVhjc5LGGUObzunEd1V0lQQ7TjhWMcgkG+yHoYR7jTmoow9vLePXKHaagTM8OT6mjSVLzp2O49FSPebddGtH0TFNRT6D1tP4E7h+F24WP6st8WDLp2cM7LfXAMlpg88hZ660ba6icwjdoyForntMOorVkdp4/UR+H2VpYa8wTt83Gx+yDeaN8Ejhp2aVAhlMTw8Hhas70cCyT09mMHtFjrGzwhurkZCuWkYwSvP+lLnqaxpd6LbeIWlrucjKX1wdyieYJh5HaDn1VX1DR/OUusDzNCs3O8RvohyNEjcA8qDZy3Iw1rndS1Xhu2DjghahpyMrKXGCSkrXhwwQ7IKv7fUOlpmOcN8AJiWTK++CY4N21EDC8E+JtJ8h1P48ZBZVDIA24Xu8uXYK80+K9ohkoo7gGeeJ/lI7eq6/jJuq1M8p9XaSWq0MnH+nk8mqzpl2HIVjaZSRGdWCHBQKoeQPxlOpn6AF9C01uWkfnPyNLT3noUcmoDG+ykRu52VLbKvxIG5VuxwIDvVdNs4m/cZm7RS0dwFQNsuz+Su2S62A+oBUHqOmkmp/EZ2TbLU+PSta52XM2Kj6G1ywyZWxGeBzByBlBtWZabQR9OymHc4Ki0J8Gvlhb9J3x7pMzoVTIDQaarc15xh2fyWjo5xJGPULPXppZU5HdWFolc5jQXdkmSydnSXei7JyBkprXbYyhPOeChsd78rO+zu025RM2Vfkiu52UoE4IUSQaJQ7KX2boW4LGXBGOyAANQPou5LowcoLe6U0aYzyFlILd8KGDhxRM+6C8jIS2hgcFwHK4STylGSQuHZKayHGWSNUcuUFp/mhvGe6nTDVsq6Z2mTjjuqBmTtgDusR8SINdq1gZw5awPLhuVSda03zFme0DJbujMutj8mnnH+x42OAmRd0QjBI9EOLujPljWG0OHKOOEAco44Tok9iPB+yEPrRTwfshD60ufZJBBwnDlcHC6OUSFPsIOEVvKEOEQbj1TYopskNwRwnIbUTOFpikgGPpXHUFaU2wCqqX6la024CM0afLJEp4wVWVxyXZPcKc4k8lVlcfOd+6pmi/wDArpTlyGw5KJIRt6obOVnm+THnHRJZ2RG7hCjOUVow0KCZnHnCiy5xupkhAGPZQHHJQzngGCBu5KGRhEBymA5Wax5NKjkNFHrIC9T6NtkTaZk2OOV59YKH52tZG7OMhew22lZRUbIWDGBkrzuuszPae9+nNI66vlkHqpBEzHqi2qlBBqHsGTsMqvJlqakM5ycYWjpYfCjawDcDdYHLB7SmvdyGihy4bKc4FrQ1CpwNs7Ik7gG4TKx1kOCFWPxvkKhr354Ks693O/ZUcmXv9d139O8QPNa6LlPaSLTSumnDiNlrYGBkY22Gyr7TSCOJnl3IVo8hjQ3smSe58CorZFJkKvqhEFRMZNc60sibkHn2T7vUunqdDHHy7bLY9CdPswJqlvmc7IK7Wj0+2KkfLfrLzOc0Vmq6Ts7bdQREs85GStK122MIUEbYmhjRsBhGYN1tbyfKpz38hIASRkKwb/KaCRyorAAM4Ua8XE01LgO0lyMB8kW63F9bO2jgJwDvjury2ULKeFoa3fuqjpy3lznVkzSS45GQtRCzQAGhWA5YJEUfG3Clhoa0DOEGN2BwgXCvipoy9x3A2CWC1uIV+uBpo/Aif5yN1F6ctYmca+pYSAfLnuVX09PU3WrcDk5O5K3lJTMp6VkTQBoAB9yhlLBJLARnlbgDHsunJ7pZySkh7KEodyq/loCGH+admhSZpmQRukcdmDKg0FNJXy/PVI8pPkz6KZxyQkWehEDPGmGZZNySpVfWw0UJkkdg9sIsssUEZkeQ1o5K8m6rvFy66vT+kumnfyWDTV1H4WN77qk8hxWQVa28fFfqRtqo5S2zUZxUPaTh7ucZXttotFvsFvjoqGFsUUTcbDGcKt6S6et/TFsjt9DAGAAaj3cfUlROqb6JWutNvkzO4b4KIOx7uF0Qrvc6i/XRtroXF0QPnLdlpbTbI7bA2JjAPVV/TNlNtpm+IA6d41PeeVocD1VZQnGB7Ttwk6VoaXHgLg7j1VRW1crqv5CF3P1Y7IAR0j31lRqBw1vG6kRgN5GUFkYjZpB/NEL9HbKJLIaWSTsNl5D1v1rX9R1NT050q/FM3y1tTq2xwGt/QqT1n1tL1DLJ0107nwfpqaxrtgO7QsV1l1hY/hn08WEs8eVpMcYdpDpMck777p8IY5NFVM7HitZZW3mvtHQtulkqZQJGg6ifrcfTK8C6q60u3V1a7xJS2lafIwcY91CvnUlx6wuMlfXvcWO2wTyg0NDLLOyGmjySmHqdJpIaaO6fMx9PCcY0kYWu6e6XdIRWVmGsG4DlZ9PdLNp2sra9ofI4bNwtzZum57m5oni0xE5LfZWI1Gsa4INnsU9xlbBSM/k/142wvQbRYqOzQaYWN1u+o4RoI6a1Uwp6eMBo2AHKhXu/0HT1skul0m0Rt/dDOW1HKstna+C1M8MML56iTRFH9RxnC+ePi58e45nSWPpJ+tjAWvna7Y59v1WN+KPxnvXVj5LVbZ309taS0szkPHfPC8vbqCw2XZ4PWeI8F8f+tqe/0FqqqorpjUVMrpHu3JcUmDGCQmhpzwpDG5A8vCzSk8npXL41tijoPoESFhcclEjY0YLhsk6WJowzdDkTlyYYMY0ZKjzVAB0gZwhS1DtWE1jtQVDNvsT5nS7eibG0c54TtBOwKcyFxOCPzU7LbUVwMEeeCitj1corYQ3BIRxDxjZQW7MkfwCMbKQxukAEcJ7mgcobpW4xhG3grOQmpvqmSSDgboPiILnDB82UuU/RMBi/vlCc4nbITM5JwUwZHcpLk2ElkeTnlNyVxPUDG5K4n4KWCoQYkiaSneHxsoUMSRRDkZSbCcoQMgsFLBUjwR6Loh9ApgmSOIyO6WgqX4QG2UvCHqpjBPkIek+i5o3Oyl6W+i4Y/RDgLciMnInh+yf4avBW4Bo9ktHsi6Cu+GVME3ANPulp90bQUtBUwVuAeH7rrWYPKNoKWgoS/kRwAaUwtz2RcFLT7KAzYFrSDkhEDQW4wu4C6qUckXXIIw5OUvCPqjpIcEBaSEvFcNsIq5pHojLGtkdnhEEvchcwPRNQqW0CSyGw1+2y74ON0AOLSO6NHOdgWo1LIsQMjDwjMfkZxyute0jGOV3T6JmSDkRgy5AEbin8IwZckwMaRnKGYhk7obJSDhGa8EbKAAw0A5SJynuXQMI4R9kGlme6srVf6+0SAwzOLM7tJ2wq9dwU1cdCrKlZ2erWjqGiuzB4bw1+MkEq2a0k7BeM0tTLRyiWF2Mdl6L0v1lTV+miq/JLjDXE/UtNVkc8nD1ehlH7ompDcjcLujfOEQaXDIwc+iWAtSSfKOY/7jdPslo9kXATg0c4QtIW54BeEO4S8Jv9P7qSGegS0eyrCK+VgPCd/T+6XhO/p/dH0eyWj2QYRfysDpHokGDkBFawnsnaXeiJRQMpuQHR7JaCeyM5nsuaPZVhEU2gGgJaAjaCloKrCC+Vkfw00MIUssGEMx7q8InygdIAQTEcnZS9HskGgqRhkKNmSEWkHBCQaScKTgJYCL4xm5ATHsCB+67G4txsjJjo84OUOME4aDNdq5C5JEdnBMaNPZHaRjBTBL4AacbJhiBOcKU+LuAgkYUJGWQDmeyBJHtwppGUNzCq6G5SK50II3ChTwFpyArh0RO6jyQnHCmExsZlW0EDSRsmSRAjZS5IdO4UfJzwl4Q1MhPi3+lBdHpGdP7qdKMEeVCczI4QjlIgknOCE0jKkOj32H7phYcKB9EZzfdMc3I5RfCdnhLw3IA1lEQswT2XCMd0ctyuaCoHgjFpCZh3JUrR7Juj2UDyi26S6gqrJXsYJD8vIcPYTsPdewUlTBUwNngeHNd6dl4OG47rX9EdVNts4oK57vBk2a4nZpTq7McHN1umUvviempLuMjICWMJ+cnIawOSSSUIJJJJQglwgY3C6koQzvUVmNZE6WEDU3cLHOgew4c3C9Rkj1DHqsTfqJ0E5kDfK4peMmyq3C2sokk57SDlNxhUaU8iSTklAxJJJK1LIQkl3BSAOURBAd08AYXQO66hbCSOYC6kkqLEnJo3TlDLY8dH0fbblBcoAWnDgNwUWenOcgLPVdJU2yq+Yp2lmOR2IV9a7nDXxAE4eNiCvyep5P6FAjCeCFEqaQNGpoVzLFvjCjys1dkeUQzksOk4QHRq6qKbO7W9lXSRaTugIQTFjGESjram21LKqllLHtOdu6e9o5KC9uRyqayRnrPR3XdJeHCgrh4VSBsSdnLXPaCvnOKaWlmbPA4se05BBXqvRXXMV1ibQXB4ZUN8rXE/Us9lYmdf6Ng9gwoUrQ7kKwDs5zsgyRA8BZmscANFJW0bX7jZ3IPojWe7yUrxDM7bON1Lmi1DYKrqaQu24PIIS2nkJo3FNURzsD4zkH9kWTzNCxNrvM1BIIpuM437hbCmqo6qJskbsj/JKaFWV/oG6SaF2GHZSaeZ2xdyneG09soL4zHu0fuoZ8E8PDwotXTOI8WHYjsO6bDUHbIUlkoI4VJAtYG266CUfLznDhsCVZg5VLX0Of8AeINnjcgJ9surZT8vUeV42yVYlxbLpJcJA5KQIPCgDWAiSSSgsSb+JOSUI1kSQJyAm54SZ9QUFpBxwkuDhdUCEkkkoQSSSSgA9JMSUIPSSSUIJJJJQgkkxJQgkkklCCXCAupKEBEyN+ghdDjkbJ7hlDPm7cKECjTpQDyfulk+pXFAxLuCuNIynqAt4He6DUUzJ/qyD6hGSUKIjZpqJuZyHRDh3cfdTI5GSsEjHAg9wmuaHjS4AjuCgmCSEl9KMD+jOxUISwMnCK1paAoFNWsc4MlHhyf0HlTw4YCgOArDhR5qMOcZIXaSe3ZGb3SGecqFZIgEg8krQotXaKafD2jQ/wDqbsVYSNMh4TACztlQMqWy3C1vBmBnp+7hyFaUlfS1gzBKCfTO4RBodlpaMHtyq2rsxZI2qtzhDUep2YfuoAXIOUgMd1Tw3mWneILvEIX8CQfS5WsczZGh7CHNPBHChB7m4wR2TWTuacaUUHKYGtwcjIVp4BDNqDpye/oh3ClpLvRyUNxpo6iKUYc2QZQNMoOIxlg4HoiRyEDdqbXY08oXOtSPLuo/hFdbaH3PoepLWxeY0jz5T9lSWf4jy2yUW7qqkfbJm7ETHIP/AKL3EVeg4IUC+9I9LdX0phvdtinBGziBqauzpNc4vEjHZVgw11tXTnWdu+UvNvp66kmbux4BDh7FfNfxK/siVNNJJefh7WNkxl3y8wOsfY59F7nevhd170PK+t6RuTrtbCdT6OQkP/8Al5QunPidbLnKbbcg6grWbCnqXaHL0uh8vKiW6uRz9RoYXL7j4UuU146cqXWnrO0SUk7DpLJG5cPddZQU87PmrPWDJGdOcL756r6G6P6/oTSdQWqnqQ4Ya8tGofZy+b+v/wCyff7E6W5/DqrfMzdxhe7zjHv37r2mi85TbLbPg4N/jp1PMXk8bpb5U0b/AArjC/DTjUOyv6Sspq1oMEjSecZWdnrLlaal9q6ss8kb2eV+qPS/7p7KGgf/AL1Z7no7+G47hd6M1PoQouvs2cNbXQMAZO8D0ytFa+tJ4NMNa3xIxtnuF5vTXmvoz4ddEXs/qCt6e4UtS0OZKB7EqNG6rVSh0ev267UNwbmGob/yuKNNQRyDIAGe44K8ljqKiDeCTH2V/aOtK6ixFUkyMG3m3QuLOvptZGXEjUVNrc0ktGPsgeHVwDyuO3GCpdv6ltlxAHiBjj2cVYSU8Ezct0uB/NC8o6MHCz8WVcd1qoxprKdssX23CktltFYwNc4RkoU1BNGS6M5b6chRXRNdlkkYH5IRm3BYG0DAfQVmXjt6qK+e80ztFXRNe0d+FHa240v8yimBA/CVOg6paGiG507tXrjlXKWCLbjkGy4R6tMsRj+6kF1O9oMJ377ozP4JXsMheBnsTghMk6cjdh9FUujHbuFE17FybX4g3vIIykZwAAeO6jOoLxTSkaRK3GxG4KEa1wd4dREYyOdkakvRna3dolSOpZW6ZHA+xChyWamc4yRuAB9EXwxKNUZBzwozae5MccHLfRPjZNdMy2aOufojVdrjOGk6vusvd+haW5SPeYYw5/4mjB/NbF0rh5ZmOBC4HBOhfZH2czV+IoujtnFNHjV5+GVfSF8lMC5o32CydVbK2heWzwOaB3wvpF7A8YIyq+ssdrq4jFUUzHB3qOFqr1LX5Hitd9GUWy3UcHzsO6IzK9bufwvoqrVNQvw4fgKyty+Gt7pIzPC0StH4QN1tjfB9nlNb9La3S5ajuS/RkB5d8IzKxzcDsEaqtVxoSRU0sjceyg+JzkJqSl0ect0ttf8AuRaLCOuLtypUdSD3CpGSBuN0Vso3ypsZllDBeCoBxxuiNkyOFTNlcNwUSKumzpJ2VNtCp15LZJQ2VW3m7o7ahpxnurFyhgloROVwyNOwK40AjKuUsAtM6u5wuJIewQwLh3TmyvYcg8IOQeUvKr2orBNjuEmcO3UhtQH4Jwqto2O6fHJ4eN8qfEi1KcfxZaMndCct5Uhl0qIhlzshVjJgcbqRnI4QS06kbaPI6il9k4X62hwjrGfV3wpccNBVtDrdWtD+cByz8zGPOHNH6IIpQHB1LM6J47hInpIrlHVo+o7qJJs2LH3KnjwXB+PRSqW7D6KhpB9VjIq/qChf4xm+YZ3a7fZTGdUUbyG3OkfCDsHAZGVmnQew8d9WRljMja09ZBO7Sx26s6acgjusRDU0E7BLQ1IJO4IcpdPU1kLw8TH8ysdmm/R7nQ/UEJRzk3IqTgZCkRz7dt1lYL08ACVmcendWdNdWSNb5SAsktNJcs9Lo/K1XPDZch+6O2QkAAKtZO0lSWSDAKS4uJ2q7lLolhxxsU4OJUZsuOyOyXAGyBjk8BtZb2Tmuz2QvHa7AIRAQeFQXyMLobp4/dB8N3bdI+J+F+F0E84yoFvbOHx4zxjKRkd+JF8UYwRldAil204KoPvkDqcd8rvjSsGWFPLAOE0gjhQUxhryxw8b9UWOugk2BwUNzWvG7QmOooCD5T+RRwkxbiSXvDwC07JviSMOGHAUL5epbn5eb3wUL+JVMDgyajkk/wATRlM3CbYZLMOBwXBEHgvbhqiwXSje1oxh3cHYhSmzNkAc1owfRWZZ1kaelhnaWPYCD6rJXz4eW+8lwqKeJwdw7GCFtjv3S8P3TqrZVvg52o0Vep4sXB8/9RfCE0j3vtT3tc3cBYqto7haX+Bd6F00Y2zjOF9WzRNeNJA39lVXXpa03OMsqaSMlw3OkLdVqpf1M8f5L6M0moy6VtZ8uMtNNUOM9oqjDJ/QTg59FMjvvUNoAiuVK50XGvTlep9QfBRtSX1Nmn8FzdwB3WDulm606cc6C5UAr6VvJLckBdOrVVv2fPvJfS2r0eZTjmP7QOku1hu4DGTeBMf6xpBUyqstRFHrfBqZ2cN1ljT9LXmQiKtbQ1Q/4crtO/sjx1HVvTIBBdU0Q4BOtuPb0W2Filyjy1mlcev/ADLJ9OYzjJx6FCdTxuOrQ3PrhHoeqrFdcRVv+6THbfjKn1VlnbF81RvbPFySw8J8LTPKMo8NEe3X252mRrqed5aDkAu4XpvS/wAUaOoaylr3OifsCXnb9V5QHDOHN3G26b4Il/u3aT6pu9GK3TV2rk+mYq2KfeI5R2nIXznZus+qel5gWzOqqUfgJzpHt6L1bpL4mWjqAimqH+BUkbNdtkoso5F+hsre5co2ocQniTthA8TfYbLusYyQpkwThgPkHuu5wozSc/UUdpyFYvawiSZkJKAN+mP/ACWb6g6DsV/JmfD8tU8ieEaXZ9Vo8hLIQYChZOv8WeayQdbdEvBildc6EcZ3cAtLY+vbbcNMM7/An4LJNlpueVSXXoux3g+JLTiGU7+LF5XA/dH0apXwsX+osM0MFXFM0OY7IPupIcCsMyh6j6Zd/u0prqUcNP1gLQ2y909WNMzXwSDlr1alkzzhHOUXKSY14O4IIT0QtrAkkklChjhjhJkrmHbdPQ3t25UITIp2uAzyiaQVVjUDgFSoZn7B7sqECSRgjjKhyQkdlYgAjlDfGCc4yoQppGuYfpSaRtkKwmpw8bDsoc0Dm8BLwEuHkz/UvSVD1BC4Pa1kuPK/C8H6v6PrrLVyNfA4Bp5A2I9QvpHxdGxCiXK0W69QmKtj1NxjjdDKCkb9Lr56aSaPkeohIOQMLsU7s4cF6R138NqiyVUlVSsc+ldu0gZA+686np/AJ9Fy9Rp97Pc6DyvVlbJMU+HA54U3VFPFoc0HKoS90Z5Kk09XjGSubZpdnR7nR+Xhckp+ynu9D8vUuAGxOQqsDzEei2lbTRVtPqxl2OVkp4jTzOaW43WSUdrwxuohHduicY44wQjA5QXjyB7U2OQu2IQYaFxlgPgeqG7I908NPJTwwcnfCDDHpjWOIxturGjqS0/+qrc9sIkLtLgUmUcjYW7ZZNVRVOrGSFcRyB7RhZKhqMEBX9FO3AQHotNqFKCRLmiZI0seMhyop4XQyOYRsCtCwiQFV9wgc7huSoFfDcsoopm77BBGSQCpr277hRZBjGAqaycia2SCsZ3yp1JUOY4NVax+BjCMD5gVSWOTRVZyaqjqcgHIVg2XUwb8rL0lSWABXFNVagBj9006lVmVyOqWeGNbRnCfTyF2AThPJa8EYUcNw5Qc17JXcIruBgKPGRjlHjIxhQI4WkoSladsgIZaR2QBOOBhGBnKdTT6HjypgeT2THRk4wphFJPJpLfX+JpDnBXbHte0YKwtLI6J43K0VDXBzQ1x4SZRydjSar+mTLZ7c43TXtz3TGnXvnKMlNHUIkkQIxhQKqiHKuDHq/JCI1chA4gyjkzk0JicMNUiiq/liHFp235U2qpweGqve3w3HS1KccgQzCXBqoquGvpwXYJPb0Ui1XV9qqhG8kxuOyzFHUOjGAMK4jlgqowXY1AYKx21ZOtp7+cs9Rt1zjqcGM9laxyZA3BXllnu01BUNie46c4B9lvqSs8TDgc53WOdeDuafVRlwWsoDh+SxvU3TwkzW0bP5o3cB3WtjmBGDyUGob3Ays84tmqbzyYqw3ySCQU9ScOacbreUtSyug2OR3CwvUNmAeayiYQ/lzQl091FJTSNildgjYgoM/sGM8GqkbUWyp8Zn0E5/L0SrNMwFZT9/qHop4fDc6bLCMkfoqsNfTS/Lz58Nx3RdjnLI6Gr2Gnk8j0UqeCG5QeBK0EEKqqoZKKQPb5o3cH2UmnrCMEbbKi28lPH83Y7gaeXIjJ8ufRayCUTRh44IBUa5UlPdKdheMP04yOcqptNbNSVLqGd2zTgZQMqE2i+maNnjZw7qTR1JqG6H/U1RZDqGR2QYJnQyB7QlOJqhP8AZLnLqacObw5T4pTgDsVFlDKunL2HcbodHK8ERvOfRUkOzkuR5gDlV18pDPSiRn1xHIKlRSggBFcWvGDwrDZEtdS2uowx2C4DBHuo0kZje5rhsVFpy613V0TjiOU5CsasF41hFF5YqXZguoqGN08mmPf0WHuEHgSYG2or1m/UYmjErW+YDf3C88vlCCHENxjcLSuDiaynneLp6sfTvbl22V6nbqkVlG12fM0LxW1SyNk5+y9P6YuIfG1hd7ImvYWlt6iaiJ+Y8HkJm+cpNOl4PYp7N84VM6TKDqak1xNqWN3bsVXWOt1E07jxwtTVwNqIHxHkjZYRjZKGvMbsgteR+SZHszWrDRrfqBCzPXFtfcbHMxg8zPP+i0UUodGHd8KLVls8ZjcNnAgrfRZ8ckzHrofLp5w/awfOE7P5T2clpwo7CWgeyvr/AEsNHfKunjHkJJA9FSZBJAGML2/jrHJKR+cvOaB0qUf0zQ2ic+A3dXsMpIaVkrTPhwiWlp3ADC9NF5imfP5P45YYS6vzRHb1Wf6brGCqlpnc52WjkDZY3RuGxCyUJbR3xrWjZxwrCjZybAu0yn3CAGFlzZJ2kCKXB+Ht4KFW48JkrT5o3BJlHJ0KZgr7CMl2O2yhWKqw8xvPfZXFdF4tOHEZyMrLxSCmrcNOBqSpLg6ens2yRsTJsSQgxyeZcbKDGCN8gIBGXArJYsM9DRZlZLJrgW7FRKk4dkJ0R2G6ZL2QYNsJ5J8Dg6nbvumOwAQo9E84wSivBIKWba7MA3nzFR3kg5TyfNuU2QgAFA+jTlBoHghdIPqo8Tsn0RH5OClPgOEsDJOFWVXlaZMZVlIRg49FXVv/AGc/dAFPkaw5GVEvcXi22duM+Q/5ItPJgDK7WHxKV7APqGFa7M1zzW4/s8NlGmZ7fRxQou/3Uu5xeDcZ4scPP+aiR8u+6Yj5hdHZZKP6Z0co44QByjjhPiK9g3Li65NBBzvwgn2UGHC6OVwcLo5RS6BCDhPiPqmDhPiCZHILC4wQiP2AQzyESTgJ8WC+gtPsQrSEeQKogd5xtwreJ48MfZNRp0/9x3qqm4HLnfdWbu6qK4gvd91T6DveI5IUjsuXWcITslwUiIZasz7M+MhWA5RyMNCYwDZPlIDcK+xEiPO7G2VDJyUWpd5sg8IA2Cz2MJI6mRN8wGUx05HZS7TF48jXkclYrrXGOTfpofJNRNr0HZ5Z6j5ktw1p7+y9BqZPDaQOeAqrpGikpKAOkAAcMqxqCHvIC87qJ/JNyPqeh08atNGuJLs9Juah43PCu4RlwGFBooXMgY0jndWcDMb4WVvk7lUNsUgzWacY2QKx4A54Uk7NP2VTcZtIx6rTWFa8RyQK6pJJaByFFo4DLIDjkpkhLn59Vc2igkwJXgDvhdup/YjzWp5syXVPHoYNuyhXyokgpcxOAJ2KsMgMOeAsjdqmaurvloHHQ06ThdLRVO2R5vznkv4Oncl2S+mKGS5XAPePI07kjkr2e10UVNC1rWAHCyfSFkZBFCSzJADifVbZuAMAL0UYqKwfBPI6yerudkvYZgAONQOVJY3hRIo3EglTIjp5Q+zmj5ZBDC6U48qordHV3u5GV+TEx2AOyV5rXXCZtsoMucTh7hwFpLLbfkaVsO2rAJKmSpdE2nj04YABhT4gM7oLGAHdFP0qZRnfYSSVsQySMLM11d89WtiY0gZwMo91r2y6qeM5PdSLFaC53zVQ3J7BA2F6LmzWltFE1zgC47kq2DsZKCx2wAGyKDhALlLI3V7LpGybq3Oyg3OscwClhOXvHCtvBCNJI+6V4oIR/JjOZH9j7LQiIMYI2ABrdgFDtVvZRQjDfO7cnvlZL4k9dx2GidaaJ+q4zkBjWnOEt5kNjHJW9f8AVlXV1Lejencvrao4fI3dsY7k+nK1nQHRND0rbwzSH1cwDqiX+t/r+5VN8NeiG2Wi/it1HiXOq88xfuW57ArdVVwprfSPqJdgwE/ooRvALqC+09po3tB1TFpDWhVXTFoe9n8Xr2AzTnU1p/CFBtdOep6911maTTRuwwH8RW1iiDWBoAaANgOyJ9At8BY24HKe5Dah1MwZGXnsgScmAwN2rX0tOBER4kh0hQqKDwGa35Mr93OJ3UYCW4VfzD8iNmzQVPJwjawTAdj8Z2Xm/XvV1Xda1vSfTT8vJc2snafpH9LT+qldadWVMsjemenX6q+pbl5H4GH/ACXnXW3V9m+E9la58zZbtK7zgnfUed9/VHX3ybNNRO+fxwXILrfruy/CjpttJDIHV5Hka0+bV6n1K+YLndrz1pcHXS9TukOdtXp2CbdLtdetbvJeLxM6SRxyc8ewCmwwvZoghi1uk2a0c5WhLJ7DS6WGhhj+v2xtNSudIyCFmSdgB2XpXTnS8VtjZUTNBncMjbJCf0l0jDbYWVlbE19S4Zx6L0exWTIFZVM2P0tKtrBztdrfu2wIln6efUvbVVIw1vAK1YkEDdEekZGMjsmamx+VvHH2XmnxK+LVs6RbJRUMgmrmctxkNKRZbsObXXbrZ7Ydmi6w66sXR1JJVXSo87OIs7uPoF8t9efEW9dfXI19Y90MPDYWOOgfkqXqPqW7dT3CS43GcufJ2B2AVa1pxgdlisv3cHtvHeIr0KUrFmY4QjGT+iQYOwT2tcSB2UgRhozhZXJt5O1KfAKOAEjb80fDWAJjp2sGAFG8VzjgqnLAtfc+QssxaQAELVq3SOXIkUO++yHsNJIboJ2TmwuPZHEQznCIGY7JiBlNg2R4AyEUMA4XE4uCsDOTg2RDK0NxgfqgmQ4OyASQc5O6pvBQaao7AIJecrrnA8H9kNrudkuU9xaXIXO3O6jEnKLvkDK4WOJ4QBSWDmCnJwaM7hEaAANlaWSSlgDoJThFuCjlgI44SxjumbAc5GtYMJwYAnj0CWQr+NFrnoa5gXNPunGaIclNNVTAZ1j9UH2luDaHsOMrrWngKKbjTg4z+6ZJdYWgadz90O6MeyKmb5LLwtuE0tJ9f0VU68S/hGyCbvORjCB3Q9Bfx7GXWkeq6GY7qhN0qPX91wXSoBz/AKqnZkn8Wz9o0GkpaCqP+MT/ANI/VdF6nBzp/dVuRT01i9l3p+/6JAAnGVUNvs/BYMJ7b32MZJ9UW6H7AdNhb+GPRLSFWNvkewlBClNu1I7G5GVN0P2U6rF6DeE30/ddEYHZNbV0zhtKMlJtQx5w0qsoBwmEEQAxhMMbe4/dPBBRFYLeCN4fsl4Y9FIwEsBQpzIml3omqYYgeyEYj3aoWpZAJIngPXDE4IB+UMSSXdJPZQmUcSRklCZA4BST0lAMDGvc08ozKtwIA2QsFcV5BaJ8c8DgMv3PsiuY1wyzhVffKlQzSRfSePVNhMBxCGMtOSEWMnGCeEeN8FSzVsHdwfVIwPacadkQt8ARyityBwhcFIOIOcpjbXRWQoYnhgA3XA/snAZOVW4jeDgB5C60HtsfVdSVqTXKEuWeDZdK9YyUuihuL9TDsHnsV6HTPjqoxJG8Fp7rw0d1oOnOsqqzvZFUF0kQOOd8LVVfjiTOTrfHbv8AUrPWDGR2wnBuClbq6kulHHVUsgc1wyfUH0RdIbjC1KSkso4UoNcHABhdAGU8bJKCzoAwuafZPRA0A5AVsgIR53ASMeNyFIwEsBTJCKWYOCEtPspWAlgKiAPDPp+6RYQM4R8BcLQRjCvJCKWrmgIronZS8NyohH8P3Q9PupWn3TdPur6Gf4Imn3S0+6P4ful4furyTkj4K5jKlGMYOyjkHKhecHAPRPZsQnYwkd1TYtvI9jg8YPKa+HA1AIbMhwPopmQ5uCr6DIRaQm6fZSHRkknCYRhQmWRy0eiEYx6KU8AHZCwFWMhRkQZoRj6VBkg074VxJGCOM7KJLD6t/dDJGiM8lW+PsQhSMBVhK0eiiPCFRyPhLJDc3CEW98KU5uUJzMDKsbkjaR6JhAwjnlDPCAY+ABAyuYCIeUlQzAHAQsD0UhNwVZNzIyZxuAMj1R9DvRMLSVWCS5XJ6l0N1M240Qp62bM7TjJPK1LgBwvC7XcJ7VXR1cTiA0+YeoXtNsr47jRRVMZBD2g88J8JHG1FDi9yDp6YnphkEkkkoQKkkuavZCUJ4y0/ZVVyoW1FM8AeZWyG9nA5VoOLwzzieAxvLHDBBwopbhaS+WyVkrpQMgnIIVBIwtyDthLN1csrBHSXSDlLBUNBxdHKWCkAcqgh4Awu4CQ4XUTCQkkklRG8CSSSUI1lCHKcmjZOUMs0z6krbc2ZxLmgh3qsjVUFbaqt0kTSW5yCPRejFkNR/cu1bKrrqTVsQPzX5Kawf0KTyVFuuUddGATh7diFJkjJHKobhQT22q+bpgQOSB3V1arlFc4stw17fqCNNljXwEg5aqyrpjnIbstI+Eac4USWmGMYREyZOojc08dlGLTvstBV0WTswcKrnpnM7KEK8tQ2kt42IUlzOdkIjBQMmMnpHRPXDKstt10k0SAeWVx2d7LciXUMgZC+fQ9wOWkgjcEeq33R3XZh8O1XY5admSk7590qysCcD0J4Duyh1MQ2KnQllQwSRPDmkZBHCZNDq5CztYARQ1UOSDhFtF5loZhHITozjdTJ6fO+FV1NMc7NWaa/RTWTe01ZDURCRjxv29FIDmvCwNuu01vfokBLVsbdXQVTGSxOyD2zwhFTq/RIkjIOQExk5DtOFM0hwAQZ6Ug62DnlQS1+wsdRqA4UO5UPjDxqcaZG77d01rnwuAcFNZOHtbg4KgvAC33Z3kpax2mQfrhWrXfmqWvoBWx62HTUN3DvX2QrRejTyfJXAEP4DioLccmmY/OdkRAje0t1NOQUYHKgprA9NSTlBY1IcpJKECAjC7keqFkpZPqoQKkmg4TlCCSSSUBEkkkoAJJJJQgkkklCCSyEkPB9VCBMhJDGSeeE2asp6c4lfjYn9FA4xyGSXGua8ZaQR6ruVC9rEuEDC6koVgC5pycDZNO6OQOUItdk7KEAOJb9kQTMds05Ponta12dQygVFLvqp2nWO6hRJDs8jC7kDkqubUuheG1hLG/1dlIEgkAc05ae6hYVn1BSCAWjB3UUcJ+sqAtZOTUkdR9bRn+rv+qBFNVUfklBkjBwHDc/mprUgPXdQpvjASKpimaDG7UT2RmqqfSvY8y0j9Dzvjsjx3GSItjrY8OPDmjYqAOJPxhcc0ELrXNe3Uwgg9wllQgAxlpy1c8Rw2IUjAS0t9FCkyPJRwVbcTsBA7HdVjqKstz3SW6XMY/4DjnP2V41uNkxzBnPdQsraG+Qyu8CrBgnHLXbK0a8KFW2umuA/nNAeOHAb/qqwuvVjJMv++Uw2DuXNChZohynOaHj0UC33OjuLNVNKCcbt7hTgRuMq+in0AmppsZhc3Poe6j6pgcHUx4/RWDTvnKTnB+xbwjjNxEuPIGnuc0R0zDI7lUvVPw76A+IEWm6UMRqR9MrAGSNP3V0adsn2CjyUY1amHQ8cOan1amUHkXOvd0eOXPoL4sfC+L/AOtOT/aaysyflZnYqY2j33z3XOmPi/03ep/4TeHOsl3b5XUVY7Q/PtkL2dtyrqXSaiN1QG/iYcux9lSdTdGfDv4mUrqW+W2B0xHJxHO09jnldfTa7/nZksqxwYjrD4b9K9a0j6e+WxlRrG7jjV+R5Xzf8QP7J1bbBLX9A1p05LjTyjfHple71Xwe+LPw4Dpfhp1W+92yI5jtF1PlLfRsmeee7dz37Atnxwtgq22P4j9N1/StxzoJq2fyCfaT8wvR6Ly86OYSMN2ljYuT4srh1L01Obd1XaZGeH5fELNiuxC3VY8WlmAz+HOF973zoLpPrSgL3U9DXxzN8ry0Paf05Xzz8Rf7LE9JLJX9PFzByIhnR+XovW6DzsZvZfwcq3SSi/sPGYKqso9g8yR+h7KyguME+GvOl3uqu52Dqfped1NcaSQxtOPMCf3QPmGOw57CCew2Xo4Wws/BmGUraXzwaYFw8zHH8lbWvqi420hplMkY/C48LHU9Y6HDmTvI/pecgKwirmyNBLdyiwmaKdZOElJM9OtfWNBW4ZKfDf7q5e2kqma2Fpz3C8fB4c3Y9iFZ0N9r6QtAmLmjsSlSjk7NHks8WHovybgSI38bgFRJ6dkuWTw/nhV1r6ugnAZUeV3qr6KohqWaonB2UJ0o2wuWYlK61taT4cpH5pgut6t5LPFL4hwRuQrp0TSeMIU1LG7kbqNZI00NourWP0sqQA7uVcfM2S7RhjjGZCM+iy9TZ4pMuYAxx9FANPVUbstztwQq2v0RSb/I2T+nIX5dRSljucZyCobqWvp3mOaLXjuO6oqS819NJrZO/I5BKvYOrGuYDPGHOHopulB8hKVTGMdS1LjE92l42IcMKPVWuQDVEchXkFTZroA5zY2yY3zsmTWyeI+JSS62/wBOcpnypdgzrjPozjqepjbkjP2QHlztnLQFzwdE0f5YQn0kMh1NAz6IlbnozT0kZLgzstRLANTTwo5v2CI54jj1V5UW1r8loH2VfLbWk4dCE75Wzn6jQ3LmBC8azVz9FRAw57kBV9T0R0vXO1Nja12+QBypdVZ9y+MaT7KA+nqYzjzfqn16iafDOHq9FOxbLq01/goq/wCEtO+R0lJW4ackNxwsxWfDfqSja+WODx4wfwcr0SOsrKR+sOePXJyFOg6le8aHENx27LXDU2P2eZ1n09ob5ZScWeIVlFcbc7FZSyR45JahMlwMkL30yW25YklpYtXBdgKpuPRHS1wjIjp9Mh3OjYLTG/8AZw9V9Jy708kzxoVGp2AQVJbK5wABWyuHwn1OzaavDjvpeVTV/Qd/t0Piui8QDnTyj+XPB5/WeC1mmf3Rz/gqxM9p3RG1Tm40qE+OuhfpliIA5yE3xskDH5IliRyLdPOt4ksFrFU5O+N0Xxx7KnbKThE1lE4CdhZhwPcJZHqFA8c+iQqDnhUsgfGWWseuUzxHE59FF+Y042T/AB2n8KYRQJInc30RmV8gwC7ZVhnHp+6Xjj/5SoXsL2GppJRpkO/3RTFT4AheP1VB4gbhFZVFpBUAdaLov0Y8xP5pr9MuA5gP5ZUCOvaSNRUv5mB7AGndDsTAScOgQtUDJPGp5HQSejTsfyUuK8Xe3u/3praiEcYG+EINc/gqRE5waGvGUiem3Pg6mh8jqNNLMWS6Tqy2TkNlf4RO2Hdld01Y2QB8Ewc13oVlKq10Fa0kxhj/AFAwoIorpb/PRVReB+AlJs03B7Px/wBSNSSsXR6XBXyx4BcVZU9xP43bFeUUfWc1LIIq6FzSPXhae1dU0VYA0Sfllc+zS5fB7fx/1NRa1tmegQ19MeX7qWydhbsRuslFUNdu3fKmw1jhjOVjsoZ7TR+TjZHLeTRBxzkOUhkmwyQqKK4hpwQSpcVcx+MghKdbidaq+FnOS2DhnKfqaRvj9VAbUxEd0mztJxuktYNCkn0TQN0sOacgoEcw90dsrSqLyOMrhgEZTmvDgMphwe6a8O/Cd1RMhSB6pafdAAkz5n5C6JXZxpRxjnkvAUbLoeRthDbJvwjDSWq5JopxTI1RR08+5YGu9RyobqOup/PTT6sfhd3VnpS0+6gqVSZAbdKuAA1lN5fVgU2G5UlUBokDT6EpPjDhg7hRJLZA85A0/ZFuwZJ0v0WJAIzq2S0h5AyqKSS4UT9MeqRg7EotPf4mP01sbowe43wmpsTKtxLtsJaM/wCqE+mhkOZGNcfcJ8NZTzMD4pmOB4wUYb74Vp4M9lSksHn/AFb8Ielupw+UUTKapfv40Q0uz65Xll7+F/xA6T1Ps+u70I+mNw3I7+q+j5CWnHOUKRpdg4WqvVzh0eb8h9L6HXZc44b/AEfINW22VUroL1QutdW04IHm3/ZSKCe/2I+NYLu+aHnQx2HEe7V9JdR9D9O9SQuZcrdG57h/eNADgvKb78DKugkdP03WEEnLGE/6rq0ayM19x878p9F36R//AC73RM7RdVWu4u8PqS2GlmO3ixDDT7kdlLqLA5zPmrRVsqIjuA124WavVBeLTJ8pfra8aTp8QN5/NR6C51NueJLbWObg7sLv9FvrvU+jxGr0ktPLZKLT/uX7pJ4DoqoXNPfIQ3wUr8va0ZPpsjUvV8dYBBeqVju2oDBUw26lqm+PbagEHfTncJytzwYdklxJEmw9b9QdOvbEyrdU0zeIZTnSPYr0qxfEa03kMinf8vMdiHbDK8emppYiWzQkY7gIIjIOWuATNzM12nrt6SR9KxSNkaJGODmncEI7X5bpK8FsnWl+s5DG1DZoRwxxJwvSLB8QLbcWtjqXGGTuCcBM7ORqNJOrOEbYEpwfnsoUFXHKMxHUDwUbxiOyI5rQfJXQTlCByMrqhW0ODtyuoAJzyigjCsjiPIyRug1NDTVDcvjAd6jYp5mwQMcookz2UKyQo4JqT+4lcQOA4qXDXE+WZhB9U8sBQ/lw/koySlkmtla7ghPUERyxHyjV+aLHM7hwUADJJZ2ykoQWAlxwkkoQ6yd4cMFSY5w/AOMlRNPumjW05aVCFkWgjhRp4gRnCUNW4AB+6OHMeFCFXLSsdklvHuoZa6M8K8fCCNmqJLTkfhVPotdldLFFURmKoia9h5a4Agryzrj4SNrHyV1hcwa8uMDhjB9j/ovWZoXNI2Qi3GM9lmlHI+nVzpmpRPkC7W6qt1S6lq4nRyRkggjChZLCCvqHq/4eWjqhrpnRNjqMY1Acr576u6SunTE/g1sRwXENeBgOA7hZrKsHtfGeVquSTeGV1HWFpIdjBGEK5UkVTEZGjDh6KICW7o0dT2cuXfp+cnstFrlP7JlINTHFh7dk3XocMDlWNbRHeaLcdwq57A7bKxuvB0lLPRKhkDhxuneJ7Kvhm8GcB3GcKw1B24CXtHRs/Y3A7JicmZwkzjkPPOQ8E5Y4BX9vq9QAOFmhsplFVaDuk4ZtovcGbGmn4BKO5rZm4JVFR1RJAVrDPkDKh2q7lYisroSJDhuyguYMbrQ1TGvYRp3PdUksPhuIChj1MMckUsIRoTg4XXAYOB2QGEhwVdGSE9rJ7SQ4EFT6WoIx3VfE4OanNcY3Kzo1W4L+KfUBuik5VRTVG4VpA5uAecqG+u3ePbqGMqRD9X2QnYxsV2ndh+5UG7sMntGoJSsAGyJBghOcwluMKGqK3IryzL8AYRhDgfThN4qWbbZVm+MYzhQiryVZjLeBwnwVroHbjZSHwn+lQqiI5BAS3zwynHHKNLbq1krA4OyT2Vm3DgDnlYmhqjTSg745Wmo69k+kZ7JMonW0moco7WWLXA8j90nRtKYWf4l0OIzndDtZuUkCdGD2yq+poX7vZgj0VmZNRxjhMm2wEvaX2UrMtIBGFLgeRjGxXKmndjWxvHIQI3lpGQlzgFGexlw2XxA3IGccq/sN0nppGRyS6gdt1lIpuOVNp6ohwyNlhtrN+nu2y3HqEFc1+wIUkTB4wsfZ7kWtDX5PotBBVAgHsss44PQQshOKkgtVGDuG59Vi71aJYpHVlKScOyWjlbcyNkbgqsroxjZuc8rJOPPBU3jlEHprqQjTBM7DhtutfXRtrKUTx41N32Xl9wpH0VR8xESA52duy1XTPUzX5pahp4A3UX2kha32XDdFTT+FKM4VVFK6nkMZyQCcequ6qlAPjQ8OGRjhVtVD4zMtA1t7+qo0J5JVNUF2BjZDu9u+ZjE8AxMzcEHlV9LV6JPClON8Aq6p6hpwCFCIh2a4STA01R/eRjvyrEtwFR3iCSkqfm6fIJ82ytLdWCsp2yEjVjdBgZCeSfQzhkmhx2KkzMA/mM7HKry3S4EFToJmPZgnfjdAaoyH0tRmUMJwphLuxVRJqiqfEA2VhBUiVupQbkj3qLXC2Vo87N8p1LUfMUoPfYFSKgtcMEZCq6OUU8klM7YZLm/ZWiSaZIqWB7DkdsLFX6kAY4tbkEkLbuweTyqK7U7HCUY8p3TVwjn6qO6OEeZDFJMct4O601grzDM06vK5UV8g8CYHTjKVrqi13h6vp3CcstnLhP4pqJ7BSzienBG6NG7AOd8rPdO3ASxiNzuRhXTHGOXBPlKKS44OxCeUH1b4wsp1NSmnnbVsbsditUSOVVX+nM1Fgb4Ki7Jak+iLbphPTtc08DddqGkAYVVY6kwymJx8pOFdzNDwnxlgyyjlYPHviRamUtxhrY8NM2QffHKxE+GEkbZXrPxDt7qyjc8RZ8NuppHYrySdrnDGOF6zxep+1Hxv6o8fKu6SfsJQyOjmD1p6OcyAH1WQhk0PGQtFaqgOAZjdey0898EfGPI6d1WF41x7rJ9RQSU9U2dn9WQVpo5i44IVP1SzMbTjsn9GBPHJb2uq8ejDjuQAnucZY3R+pyqjpucmARf1BWwIYTlR8o36aW5ZLKPEtC3XgkDCx97aIatugYyVqqJ2acAjuVS9S0rGtbIBgk7FZpHTrz2T6CR0lM3PIGE8nBx7qD07UukAZIc42U6pYWvICy2rLO5prPswyRTPHchcn4UWFx9d0V5BCSdGE8DqYkHCsGgFo+yq6V2Zgw91ZtGBj0QG6qZBqGlsm57psoJaN0aow5uTuQoz8acZQyWTSrGJh0u5wpDt2hQM+cb4U4eZmyRZn0NhIHvk5KgV4GhwCnOZk8qFWNyCEPQ9vjJXxHDhupBIc0hx2UQbORWvA7q0ZpvLPJ+qKU014mB31OLgfZVDW6e60/Xkei5tPqFmRsmI+deRr+PUS/uMR2nOUBFbwU1SwYv7nJigtO6fJsVyPugcssmQgOQCSijlBRhyjbyiPoIOEVvlKEOEU8hPgJfY8cJT8hIHsuz9k0odB9QVlA44x6KuhADhsp0SIdVMlvGWcqjq3anP3Vpqw05KpZyS9+/dXJ8DLnwAYPMpkP4fzUNn1BS4OyQkZpvCJI4Qqh2G7FEyA3dRJXgnlSx4FRy2BfvlB7n7ox4QTtk+6xzeRrBlmcbrY9M2uKaeKIM55KytC0Tzta4eUHdel9G0bC/xWtyRlcrXWbIHqPB6NTsVkjYta2mpmxM2wAlRQmecOI2aclNlJcAptvia2LX3K4Vk8I+iaeO5p/otYwPRS2HDQSolMCSFLd5QMLOnlnYilgTpRpOfRUFfOJZjg7DZWddIYotY9FQOJc4uzzut9HJl1L+3aEbEXuAAytTRRlkLcjsFRWyAyVH05AWhOGtxhdamLaweZ1lqqfJGutUylonvJ3I2ULo+1PmkdcJWai52GghQrm512uUNsgJOCC/B/ZejWWgjo4oKYRjOF6nQ0/HWmfFvrHy0rbfiiy9tcDYYANODhWEfKBDhjNIHCkR8ronzycnIkRkNGdKiXm5xW6lOp2HyAhqlvlbFAZDgaVmI45OqL8fJmkphgntkIWFjJddI2t3/AGyVuXynVn2WzDByBgqPR08VNExkTAABspSQ2Km8iVfd6/wG+Ax+HOG+PRSqmpjpYjLIeOB6rMPqHXCsJP4jsqyATLbQy11Q1rG5H1OcVtaaHwo2tIAwOyh2ShbTQDUBkqyVTBk8CXVxJXGOQAdRUR08RkeeFFtFJJUTuuNUMA/Q0+iDh93uHyoJEMW7/dTbvdKCx299TUyaI4goy1kidYdX0PSlC6ec6pXgiNgO+rtssT0L0nU3a5t646jZ4lTIS6CN+4ZnvhQrLbaj4h9S/wAYuZc6305/kMPDvf3Xq8cMcQbHG0BjRgAbYCrA5vaseyTGGtbsMLIXyunvVzZYqL6A4GZ2fw91ZX68Npac01M7VUy+RjRyCeCp3S9kjttIJnxaqiXeSR31E9/yUbwA3ksrdb4bbRR0kIB0jchTmHKYDjhPBxlUpZEtseCN8rO3O4Pq5vlaffB3x2Uq93H5Wn8jtL3bNKr6CNsEPiPGZpBlxVrgIsKfEcbWfqs/1b1Oy2UroKTDqmYFkO/4lJvV3bbaF0pcB6LyDqTq6ns4qr9dZW68H5dr92sHrhWuezRp6Z3TUYI71N1hQ/Diyy364SiW8z8sJy8g+h7Af6r5dvN2vPX97kul1ndK9xyTnYD2RepOor18Q74+onme6PJwCdgEUGCijZSUjMyjb/mKZFc8Hs9HpI6Rbn+QzEdO0U8LAZOA31XqnQnRv8NiF1u0bXVEgBjY4fSFzoToE2yJt9vLM1TwDG3GC0e/7L0CioWT1DZJwcMOyajDrtb8jdcGOtdnbI4VVS3DG7tae6uJK2CJuJCGNA2+yr7reKO3B7nyARxDLiTheB/Ev4xVNY6azWSQsiP1uD849O33S7rVFYMOn0NutniC/wAmi+KvxtitfiWfp0O8fdr5ydm9jgeq8Ara6puFQ+qq5TJJISSSeSVHmeZTqcN0oxgLm3WtvLPcaLQVaOKjBcjCzjZHZCMcJNA2JC66TbACySnlnSfPLHMa0ZKa+bUMYQxIfT90gMos7isYGuaXHJd+y6GYTxESfpx+aK2MDARbMi5S29A2R6hujsYiMjGF3TpTNmCt7OAY7p7gMYQ9fOyY+Qu2Gyp8FCd3Qg92rCJ2QDyfuoQk7Yyo7vqKQLicAldw70QSWSA/MiNac8YyngDPCIG7cIFDJeAej2RWsCTnMYPOUGSup4x9Wc+6HMY9sPY2PLPRIkDcnCr5rlviFQ5qyd+2vZSV8I9Bxqcuy7NTTjmTdAlr4AfqVJrdq1EpxIOAQky1DfQx0JFlJc+0RUeSun+kuzlQwMJ5ye6F2Tl2w4wUeiQ6olcNzyo5cSTkpuT6pKKT9jNiQs7JJJKm8hJHQMruAuNTkt9kY7ASwEJJGTaJJJJEULOF3JSxwuIAhE55SyeUklCYHtec7Z/VSPHmaAWvxhRF3J9SryB8aJzLjUAgEqQ28SNAEh/dVYb6Lr24IKJSyKlVCXouo7xE4bglSY7lBIcb5Wfa4YPsENszsnGyLeJlpovo1zJ2uwRuCigtODhZOOqnjAIecKZHeJgcPGw90SlkVLTSX4mjaI8EIckQ/VQIbpDpGonKmxVTZRlgCvIp1TXY35fYn0Q9HspCeWAKxakyLjC4iuaOy5pUL3gUk/BXFCxYCanJqgWTgGF1PwUsFQDecBIOQFLpK8wHTNl7D+oUTD0sPRrgksS7LlkMFWDJDKATyCo8kb4XFjxghRYnlhyDhWtHcaWsYIa1uC0YDsI9+eBE1jog4zwiNU2qtvht8ancHsPp2UYROZyh25AU8nDunphJHIRByrAOgYTSwBFBHCRGUS/YWf2XXSvVFTYakNc8ugcfM0r1q1XKlu8DZ6d4wRkjK8KLdlbdO9U1diqQW6nRZ3bla6rccHK1ujVj31o9rLceyQZk4yg2a5Ut6omVdNIHZA1DuCpmMLWmpI4dtTreGLwx6JwGO66kOVBI4bLo3XRwuqEFo9lzT7oiShAen3XNPuipKEA6fZMwPRSMBDIOeFCANBTNPupKa5vuiTLTyRdPulp90bT7rhGO6mA8gyBhCMYzwjlpC5p9lMEyR/D90vD90fQVzT7quScEfQR2RGZAAKdgLjhuMKZLxgKGggqNM054R2cbpzmj0VlELGExzduVJdGO2yFKw7Y3UyTGCMQcpkrMtOQj4C44DCmA0VcrDlQ5WY5VtLEDkgdlXyxn0VM0QlgguGChSDbYKS9pB4Qn8Kh8WRSMIZ4Uh/KEgGIAWnPCZgqVgJmAhksjcYAYK5gKQQMIJByoMBYCWAupKAAHxjt3Ws+H98dSVpt1TKfBmHkyfpcsyRlNiJjdqYcOG4PurTwxd0VKLPdXR8Ebrvh+6quk7w272iJ7nZliaGP9yO6uTwtC6OHOLg8MAkuv+orisEKeE1OPCaqQEhJH6SkkrIngh1sLZYHtcOAsXcaZ0Uh2wt5IwEYPCzd8pA3JDc57qGqq3BmCAd0tDfRdLXA7LjgRjKF8G+M8jdPsu6fZLJSSdxY5JcByuqBjUkkkZJRyJJJOUFuWBq6DjsuFJQrs+lrVdprc4awXN4/JayKWkucAlY1u/OFkamhcAcBR7bdai0zkDLmZwWr8kqeT+hUomiudtGC1zctPBWSq6KotVT81S5bg+Zo4IW/paumudMJIyCHDcdwodxtLHxHAyP3CJgZKm23WKuhAyA8bEKU5meFma+3z0Mpkhc5u+dlb2W7x1TRBUkCQbZPdWRrJJlpw4bhVVXRAnOMZWjkhbjYKHUQA/hRJAmQqqbw84aoDgc8YWpq6PV+HsqepoXMGQ1WGVBGDgruzuU+SJwchkEcqmskNZ0f11UWQikr3mSlzpaTy1et01TS3CljqqaUPY8ZyDwvnaTDtlfdKdaV3Tkoifqmps7sJ3A9lnsgU1g9nlh/w/uoFRT57KXZ7zQX6jZVUEgcHDduclp9CjyQatsYOVllH9imjN1dMf6cYTKKuqaCTVFIW77jOyuqmkGOFU1FG7IwAlE/sbK2XiCqiYXPGrG6tBJqbgcLzJjp6dwfG4sI9CtdYL6ypa2CoOJBsMnlQXZDPJdzU/ibgKP5ozurBha5qBLDq4QtZM+MPAON+SBxlNrbdT1TA6RoDyPqHKa5pY4YRmy7DKoFogWu5S22pNDXkljto39lp45GuGphBBVDW0UVbEWlu/Y+hUSir6qzzClqyXRk4a4+igmUcmtTkGGRsjA9p2cMhGzlQXjHY1JJJQUJJJJQgs4Tk1OUIPSSSUIJJJJQESSSShBJJJKAtZEkkkoFGOTmn3Wf6is9Zc4iKWobG7tlaFMc1QZGSiYWhul66fIpbg10rGn6wDjC1FtvtFcv7l+PupFdRw1URjlaD6FZqr6dmpnmaheWHnyqDouMuzYawnLIW6/z0jvBu7XgcNeAtFT10NQAYXage6gLgvRNXCBjKQORkrqgoGWnPC5k+qOQMIBG6vGChskbJWlkjA4HsQqmehrqFxltx8SPkwk5P5BXC6ADnKohW0V5pag+C4mOUcxv2cPyU8HVyMKLcLLQ1w1PjLZe0jdnD81UkXuxnMsnzlMOD/wAQD/VQvs0rSE5VlBdaSujD6aUOP4mnkH3CnidpGcKCmshEySISDcZAT8hdG+VCiGBU02RTnLOdPdSKasbJ5Hgtd7ojGg5UaanEnb81Cf2LFrg5dyFUtqpqUefzN4CmQVAfjfYqFNYJaS4NwkeFATq4dxg7hM/EngjGFCFTcbCyY+Nb5PlZx+JmwP3Q4LlXURbBdoHAN2MzBkFXY5T3simjMcsYc08ghQhFhrIZxqhfqae6kNORlU89nkpZDNbHlrRv4JPlKdSXljXiCvYYHH6dXdQEt04tBCaCCMjdOyrINa0NOe4Uee30VWHeNSsLnbagACpIOTuE9pYQABgo1PIqeGUjrZfqMarNdnSBvEFSctI9AeyqL7dLLW0ppfiR0G6WBvlMvgioh/UAH9lsXNTfG0nzDZaar5VPgXsg+JI8Zp/gt0tNUNvXwe6+qLBM7LzDrE1Ofux3mBI75SrutviP0HI2l+KPRYuFtb9d1s0fitDO73R/UPtjsV6HcegulrpUGst7prTXnf5ijf4biffbCgfM/EjpQGGuoI+p7YNi9nlnA/5cEO7910qPISf5CbNNGX4cGYFq+E3xWoDNa62krRIPpBDZGexadx9l4t8Rv7LdZSF9f0rKHN3d4ZHP/Re0XLoD4TfEKsN26frJOl+oGHOaUfLzNd/jjzvwP3QP4x8U/h3qg6upv9obIMAXGmGHxD1eO/f9F6bReWlCWaJdemznanSxePkXH7PiG92O8dOTupbvbZYS041EbH81DhkB+l+M+q+85qP4dfFigeyOKnqZNPnbpDXj7rw/4hf2XKqm11nSNU5zBkilm3H5Fev0XnqrJbLlhnG1Hjpr7qujwenrZITpe7U337KY2shlADH7nsoN6sd/6XqzSX+2S0hyQ0v3a77HChRPgqz/ALvUhkg98YXehbCz8WYnKVTxNF+2d7DlwI91aW+/1dE4Fsp0+hKyQuFzonYqYxPEO4G6lU1fS3DIil8Nw5a7srXJqq1c6+Ynp1t6rpqkBlRhp9QrqOaKduqJ4cD6Lxt7KqLdriW9iCrG29TV1vcA6RzmjsVbR1dP5NPiZ6o5vuhOjDhh24VFa+sKWrDWTOAPur6KqpZwDHK059DlUdKvUVy6ZDqLeyTdjQCqya31UWcNytMxjT5gP3RWxgDcIMGh1RlyY3RVsOzSCPfCm0l+uFE4OEpOBjBKvJ7bDNvjSfUKqnsU+s6CMeoROKYpxlH8WWlJ1dQ1DmsrYWxvPJxsrBxttaM0VSzWd8ZWFqKOeF+JIjgd8LkfjU7g+J7mH2QpKIHyS/qNu+jqGjUMP+yjyRtds9uD9lS0nUtxpAAXh4Hqreh6qtVa4RzNayXvkIvk/QyF0J8NgJaUHOACoj6BpcctWjMFLUjVTyNyewKGbaechEpBzpU0Zma2RPYQWBU1ZYQCXRDB9luX0rcY0qHLSasjSrVkvRgu8ZVb+SMJLQVlMMNJIHogiatpyHgOP5rdOosNOpgKqamjByCzb7LTC9+zm2+IUf8AbKWHqPw8CaI6grOG7UlWwAP3PLSVFqbJFM3LW4PKqZbPUMcWtcQFohqo/wBRy79DdDtZNBLa7JWMPj0zST6BUdy+HtjrIyKdroHk5Dm7qE990pBo1uLRx3Uun6iq4WhrwSQtEdTF9GCfjtPd/vVL/sZuv+G1fRxGWmk8THYqhrun7rQxiWWmcR7BeqQ9WwNDWVWMO7EKwhutjuA+XkYzB9cJv8k4Wq+ktJdJyre08HkkdGQHRkE+oXDNjG3K91qOm+m7gAwwRbcYABWbufwlp5ZTLRVOlp4BRx1KZwdV9HaiDzTJM8wMmcdl0zeUNWwrvhTfm7UpY8c91l63pW/0GfFoXktODsmfLE4eo8BrdO/uhn/BG1E76kvEd3Ci6atu5iIxyuCqcNnkbJqkpdHOnpbK+JIneKUvEKiNlyeUVrwUQiUdocTOCNHVujGGqKCD3XdXsjj/AHBcUWEdxniO7shTYLrG8gSOVL4jXHB2T2wuP92BlXgKtbTUR1EbxlrgcoocD2wspi4QkFu4U6O8yRYNZG7fYuCXOKZrqlgtqmlgm8z4WOI9QqaospY4y0UpieewOytoq+lmaHMlbv7roIOCP1WadaNlcv1wU9BeupLTJpIMrR6laq2deU1RpiqQYZeDq4VeWteNJaoc9lpagHbS71WaVCZ6HQeVv0mFGTaPQqG5R1OktkDs+hVvDMQF49GLvZ36qaYyRjtlXlv63qG6Yq2F7W/1DdY7dOe48f8AVMXiuTwemw1WXY2/VS46gDnCyFsv1HUgOEwz66leRVEcgBDljsoaPX6bysZ/1F4yVoGQQnsmI2VZG/hSGSjG6zyjjo69erU0WInTxIDtkKBk+qcHb8oeRyuTJ+Qe6WGqKHHHJTmP33KmRimmSV0EpokAG6XihWGOEvbCfqGM5CHym6T6FDwU2g3iAnGF3IUbOnuneK0bOOETQCayGLAQQRnKjSWqml3LUZsrTx3RDII+e6Z0DKCkUFTaaimk8SjeW49OESK93WgcGVcfis9grjIchzxteNwP0VmedOejtNd6KuxpkDH/ANLjhTPIRsQfzWeqLFTVT/FbmN47tOFHkqb/AGcZYyGpgb2wS/CtGedcoPk0r4xt3QzG0jcKFb+oqSsAjm/lS92u239FYggpiZlsq3eimvHT1uuceieEOJ2yV5z1D8FKCq1VVtd4c2+ADhevPaCgOjzgA4To3Tg+Dl63wul1scWwTPmK+dB9RWZ5Bo3TNby4bKjpa6ppH5jkcxzTgt9F9ZSUo2OAsh1D8M7LeI3GKmbG7tgbhdGjWY/I8L5X6F3LdpZf9H/7njtv6tjJ8K4wamn8Y3IVoaS3XFnjUUzcntldv3wlvlvL5KGM1DBvtsVjZobraZ9L2SQPYe+QujHVwkj57r/BarQt74Nf39f9zST2+opydTDj1UcPlYeSEC3dZVbC2K4sbMzjjdaMMtV6iDqKdscvOlxwtcLEcadco8TH2TrW7WlwaZ3Sxj8LznC9FsXxAoLgGsqHBj/deS1Vqq6UnVGS31G4KDBM+ndkZGO4T00zBboqrOj6NpqyGpbqhcHA+ikNdq7Lw+zdX11C9oEziPuvRLN1jT1jWtlcA490WDmW6SVUsYNaut9ygsqI5ACx2cpx39lRkks8DxzklFacDlRsb5yiZKroQ45JWpvqE/PoVDB35RA7bBKYD0StYGwS0lwy3YqMDg55UgPBAChQ3M7Tt5giNkOwI5XQcIU7M7hQhJbgj6gu4HqoUcpadLtkVkoPB4UIHSxlN1+yWv2UIccCOERkzmEd03UukZUIS45Q8DOAuva142UE5aRhGimLQBjKhDksIxkNVfLF5jthWpk1Y2QnwtO+lLwgis06eVAu9jtt7pzTXGESMI3GBuraopnAZAUYuMZ3aqcUy03F5R88/EL4QXazyurrMzx6V5LmtA3aPReY+ZpGV9qPMVREYJmBzHdivJPiR8Ioq8vu1iZh5y6WIN/cLNZSmeq8d5twxXYeGMkJbgnP5qsqqZ8Ty5oy12/2VnW0FVbKp9NVRuY5p7jGVHe4P2O2Fz7dP+j2Gk1k4tTT4KmVhePp3ClU0upmD9Q2Ke4Nb+HKil3guLmjYnhYLKsHaq1UJk5De07YRKaRr4wScEp80ZIBWWXHBsjPJGTmPLDkIRyH4TgRhJcQ1bgtKGrOcFXdNVZwDhZRkhYdgrWin4ygOpptTxg0bZARvuotXC1x1NGMpkM2ABupIaJm4yobZSVkcMq34AP2UN7t8jsp9ZCRIQFD0+6hhsTQ+CoOdJ/VSyNQBB5VW/LXDCmU1RtpIUGVWYeGSYnFjskqzgqM4VW7J8wRIKgtOCNgob4WbeC+ZJqGeU9mdQwoVLUcNIU3UMDHdLN0Hu5LGkdkDJUzSCqukdvjKtG+Zox3Vm2tkXQPmW/dWLm+6r9P+8N+6sCMY3UNURgZ6qPPDqGwU1MezPdQGUU+CmmhLXAgYUiiqnQShxcMBHmgBGwVdLC5pzjdAKcpVPMTV09xhmA0Hn1UnxA9qx1JWeA4DgK+pa6OVo0HJ77peEb6NVCcctk87b5SD8njhDJLwCF0dwl4Ncbgh0uGNlAqoPDcHNCkODs5BTiNTcFLlHI1yyiHE8tOnCmRvGQQRuo74RvgYQ486gMrPKG4ZVbtZoKCcjBDsY91f2+vII8R2VkKafRjKt6KqHplY7Yfo7Gl1Ho18dTrAIKUj/EZuFVUtSThWUcwLQccrHOKR1lPcuSsuNGZQWtbnKzQdNRVBLctLHLcSBrmu2zhZ+60QnGGjDgc59Qk4yLk8dGm6ZvBrYBTzPDttvZTKqAxSZGwJXnVvrp7bNkEjS5ehUNY250IkJBfgKxkLfRUV1P4U4lG4d+xUyiqnagCE+VodG6N43GygjVG/VjhQdkvKqJtVSkY3AyFRUUr7XXCN/0S7fmre21XiMAd3US9UZc0uYN2+YJYxSWS4id4gJwuxkxvyqSzXCR38p7txsrnxAd0A+M8kqRwljdgbptBOWu8F2x7JkFQAdJGQmVGIZBUjOPZQepcFo86sqqrgWHxNOSCp9PUeKzgYIQquHU3YKFy5QFspe0ZO6j1kRkYWjckJRHw36UV2HDJTBEuTD9Q28TQuIbhzFkaWR7Kgb43Xp92pQ4F2nZw3Xmd5pn0dcXNGGk5CbF4OJrIup/IjZdO1LzKAHcLaTSHQx4O+BuvMbFXlkjJA7GdivQbfUCpg0k5IGycnk1aS52Ryy7a8TwNeMZAwUCdgliMZGcoFPN4YMZ9VIEjSOVTNz+4x72CjuJa4YaTkK616o9Q9FB6joyCKiPsU+gkc+lbq3RoU1jkgX6mdV0E0UeznNK8QrKZ9NUSwSjDmOIXvdcMZXj/AFfTGC4vlx9ZK7GgscZYPC/VWl3wVpkpQA/0VpY5CZw3Kq6ofzN9kWgnNPO12diV7vQXZSifBvqDT7HuRsGkDZRrxGyWieXDOkbJwJIByiOaJY3RvGQQuueQ+RGf6ZqmxVLonnk7LTTg52WPoYxTXcsHGrZbGT6QfUIX0b9LNdE2iGacAHOEG8UzZ6R2obgbItpOqJw5wVIqY9bdPOQQsszt08oyFgmdHO6Fw3aVoqoADJGVkad8sV7fBjSdX7LWlxdEwnc8JElk30SwRozh+CUVzs91G/47wERuTndZmdGFi6HwHFQN1aa9SpslsrXKxa7Lc+qhvpnl4OSnMblEZISccqS92tpbhQoyGvLHbHdLZpcsDJD5xvjJU6J3kG/Krpzh4wEanmAGMpT5YyqzEsEokZ5UapxpBT5TwWoMm7VnseDW5ZRWzjS7ZNLiBynVP1KIcuJ34UXZnk8MzXXcELqds5aNY7hYULf9WRGagJ9FgicJ6PFebjjUAk9MT0ZyBJpIJ5XTwfsgDOpCngpEjb1TmcpjeE9nKNsmCSzsincBCZ2RjwFogJfY1qeRlNRBgd09LJR2D6grCLgqBCMOCmNI0qxsMI493kLfVVEu0jh7qxnOCcFV0h85+6CwkpZFEPMFJjG2fVBjA/RSIwNH3SxM3g5K7A5UEucSd0ed2TjKjpVnAUUuxIZ8wRE2JpfKGDusdk8LI6uLskorstbVRtMbSxvmJXrHTVFFTW8P04cV57YKbVURxkDYhepwxCGnDW7DHH5Lh623d9p9E8RpVXUpCa3xJQ0DYlW8EekBuMYVdRRnUJMc7K4hbpAIC41sj2GkpxDIeHDNyEdzkKNwHbdCrphFFryqq+5mpvaslTcah75SzXsOyiM2O6bLl8hfknKfTxh8ojzyuzpa8nJ1NucyL+0QFjDKRjOwyi3KpFNTulyNge6OwCKFrAMYbgBZu6zfxCtjtYcdJd5seq7+hpzI8L9QeRjp6pTZa9DWp00r7lO0lz3Eg+gXptBBk+M4bjZv2VJYreyho4oWtwcDK0dO3Q3jb0Xoox2RwfAddqJamxzn2Hj7qXCwkZxlRYgSUS4XBttoXSZG44RyeDEU/UtxMrmW2md/NkONjxlabpWym10bYzgZOonuSst0ha5blcn3WpBLdRLcr0RgAGANglzljgGc8EkYIGBhIuDdycJrTgZJVXd7k2nbqaNXblB2K7K69XIzz+BHwDgBW/TlojDPmpW5IO2VR2qkfX1okIJBOVvKWJtPEyJoxgKiB2DS3SOEYjPdcjII4TlbAFkDkqsu1a8EUdO7+Y/05wpFwqo6WPxJD9h6qLY6Px5JLpVN8pJDSfwhQtLJMpYo7NQmSZw1uBc9x7LzG8VtX1/fG2mma9tthd53Z/vCP9FY/EDquevrGdJWPLquoyHPactDD3Wk6Y6eg6etsdK3DpsZkf6lUE/sLK12yltNJHSUkYY2MAbBSKutjo4HyzuGkAnc8ruoNBJVC0SdTXqMRnFupcl7uz3Dt/ko+CbtxJ6UtE1dWvvtxiGgk+CHemdltjpcMhuAhwRsZG1rGhrGjDQOAEVLk2xbEgVjxHA6Q8N3KI6RoaSTsszf6+V9Qy20r86t5t/w+iOEW+SsZAmX+I1ZqpRmJgwwds+q5VVvgjGNkGpq4qWMMaMBowAF5z8ROvm2Skkp45Aap48oB49k5QH0VOyWCN8QevqCOR0TqjEce2Ady4L5m616nuvV93dSiV3gNOC1p2wrHq27V4a+vrpCXynyMB7qjs8L6aJ1Sdpp84zyMq5x6wer8dpY6ZfL7CRtjttM2kpI8SP2JA8xXp3w6+HkdHGOo+oWtLxh0Ubx9PundC9BxgMv18ja4hupjXDY+638FO68yjxMx0MZwBxrwjX2idb5Dc3XAVLDLdpC1g0UTNg31+yF1H1FRdPUjpHPGpM6m6utfS1tf52tDRhrQcFx9F8x9b/EK59TzyQuqHCPPDT2S7bNovQePnrZZ6Xtlp8RPiVX36sfSUFQ9kAODg8rz5x5cd3Hk+qXAz3SHqufba2e00+nhpobYAyCTkjZEbgb55SG+Sh7gndY5zbNMV7HpiSeBkoUshjWxk90WNmE9jERrccFaIx/YDnk61gxuF3T6JEgcrqYC+TmMd0gMLqShWBJnh+6euEgcqFjNPumafdEQ5pWxNyUuTS7Ik5dHdKc4NAydgq+W4aMiIqDJWzygtc7ZJnclwh0KW+y0lroY9s5KiSXOY7NOAq8gk5JXclZJ3SfQ5UqPLDvrZXfUc5UfJJJK6klNt9hpJHWgei5krrUh2RR4GCzwUjwEu+EnIJPnBQ8OBXcj1QMn1KWT6lEpED5HqlkeqBk+pSyfUq9xB+n3XQMLqSvJMiSSTXKiCwVxdyUnK08lpnF0cri6fRXKROh+pMO/C6AOycRhKU+SjiS4DldRkGLrVxJEEFAwkh6vZcVJYKwd1O9UmfUFxJEWEHCKGt5AUccp4IxuUYIfccJzKieF2tkhGE1JTIMoqS5LGmvvDZ2fmFaU9ZBMMteN/dZcsAOU9pLO/CkbMPBlnQn+JqzkjONksZVHSXuSLDJRrZ7q5pa6kmwWuA9iUxNMx2UygP8HIzhC0lTwGkHvlAMAO4CNxE7+cEZcAx3RzGQm6fdCHuG4CWAupKEOYCWAupIiCS4SwUsFQHGeGWFBdHU7fDkJLTsp4gbONcZBB3VApFJVzUzg6N59wjF2VrHBYSU0kfIQ9OFb088VfBg4DsYUaehlj3AyPUKGfLi+SCAeEYcLpZjsuKF5yNQ9I9FI0+6Zp901PDyE3lYLbprqes6eqQ+Il8RPmZnbC9mtN3o7xRMraR+rUPM3u0+i8DIV90l1PUdP1rTrJhecOb2wtVVpzdZo3bHfD0e2YPouJUNdSXOkZV0rw5rgCf8JRdK0J5POtYeBq6AcroGO6fgYAwiwUIcJJJIiCSRkkOSAVwgYR0lMkIpHouYKLgJYCmCEbQ70TMFTMBDLQRhXnAzGQGAlgIhhycppiwpkmAWAuYKcdk8xgqyiOuYBRjDlLwfdTBAKekuN2KhDjmHlAecg5HCmY1DhAkBYdhyqZa/REITEcgcoeCrLAPYCoU8WATp/dWZGVGmGncNyqYcZclNM0B2MKO9Sqxp8QuxyogQ9GuHQJDcjnlMUHJ5BLmn3RcY3TAcdkqSaCAoZAxlGTcFQJS3ACFxEITCDlQcNPCE5pz90bBS0+yhT45Lroq+OtV1bFI7+VP5CM9162DkAjuvBnAtcHNOHDhevdI3UXOzw635liAjf6nHdNrxLs5esr/rRbJJEYSTjmCSSSVEEkkkoQbNgYJKq7jH8xAcYJapN5m8CjMpOOyhU8gnp8g8hUNj+zLPjw8sI3CA4YOMKwq2GKq16dsqNVMx5mjZSXRug8ohJJEYOEklrkaOSSSVBjUkkkYbkkJOPC4B3XVDNKXI1OHCWAuavZQJvJ9ZS0Yl/Dws1c6F7JXODO/K2j2jHCr6qEOaRgZK/IyR/Q4y1uuVTaptTclvdq29vuFPcYBJE4Ekbt9Fka636NxuodDXT2ypEsLts+ZvYhEnyKshjo2F0tbZGFwZkH9lirnbp6OXxYcjSc7L0S219PdYMtwHAbhRK61Nk1eQEehRtAxljsz9ivjapgpqp2HjYEq7fTNcNsfdY67Wp9JM6aEFoz27K3sF+EobR1j8Pbs1x7qZLcck2ppN/pCq6ykbpxjC1E0LXNBwDtyq6ppwQPKjbB6MbV0Wl2zVWyRnccLX1dHq4aOFSVlE4bhoVhlJo3I4Q+O6lyRFrlHmbwUBCfYr9cunasVdumx/Uw/S4fZey9M9V2/qakbLE4R1AGJIyd8+oXhAGESguNbaqxlZRSljmHJGdnD0KXOCYEo5PomVgO2OQoctMAM4Wf6P6/or9poazEFSBsXHAf8Ab3WvfCMZWSdbQDRQVNLjdo7KtLJInhzSWnPYrTVEAPDVV1NLk7DCSWnngt7FfTtT1J37HK1ED2yt2xsvM3B0LtQ2wrWz3ySOYGSbAHqoKshnlGzmhGeFHeCBsE+jr4a4Ex8jndGdEXcFAZ3lEaOYg6X7ehTqmmirIjHIN+x7grj4u+nhcildwQoARKavrbS/5eYGSIHY+gWnhlbNG2VpBDgCFUOZDUNLXsB9FDimqrROB5nwOP3woLmtxp0kOnqYqiISRHIP7IygnA1JJJQWOSSSUIJJJJQg9JJJQgkkklCCSSSUIJJJJQgkxPTFCDU148pTklCFdWUMNU0xyxNcPcKk/hNfa3ma3TOLDvozwtS+LVhCJdHyMqD1IqqHqSNhENxDo3cZ7K+jka8amkEHjdU9bbqWqHniGfUBVjv4vaJDLDKJYB+DuoRI2IOUxzcbqmoOoqefDJxoefXZXDZg7cDlXnIOOeBhBSHKIQOUwfUqF9DwMhLS08hIcLqhRTXTpynqz49E75Wcb6ozpBPvhUzb9c7LL4F/oj4PDamIZZ+ZWyQZmFzQBwFZZHo6+mrImy0s7ZW98HhTmOyM4WUuPTMhk+cslSaKdu5YCfDefcJUfU9Vbnil6jh8DGwnH92fzVCzYA5XHMDlCorjTVsYkpZBIw8OByFJMmOytA7Rj4RIBkZxuoM1HMzMkEmgjtnYqza7I4T3NaeBhXJYIVlDe8O8CuidGRsHY2KtGzh27cEHgoE9HDUt0SMB91VfK11tkL4XGWH+nOUJC75SDXd1AobrBUv0HLHjlrlaA7cKFNjU/JTE9WCJR6mhpqtpbPEHZ79wjagSnK5RwQo30l1tB1UExqIe7HnLlY0d2pp8Mk1RS92v2U1roxjW7Ci1tsp60Z0gO7OCEhMBaRt2TWnG2eFStFztkhc9pnjG2RzhSqO5Q1T9LXFru7TyFYucclhkJ5Y3GQgA78orSMblGkAofsC+MNdlowmtqqyJ2WDWApLm6u6Ho2xlNUsIFpeysunT/TvUh1V9J8vVjiePyPaexyFXOt3WXTg00c7OoKHGND/LMG+mdw5Xz25K41rxu12CmwscHlEaT7PNbz0T0t1BUG72h9w6Zv0bsyVELfDyf8UfDv1239VTyda9XdHzGg67sklbQDAjudK3c+7mdv1Xrkzat2MMp5h/9FOMfZClFsqozSXKiNM5wOWS4c137YXQo8jKLxYsoVbTGWHDhnnb4ehfiFR6vlKK5Rlvma9gcQPYn/ovG+v/AOyLR1niXHoO5SU7m5d8lUeZmfZe7Xj4KWnxXXbpCpfa613mLoXYY4+4VA68de9GzCDqei+ep27Coibgkeq72h8lOEt1E8JemIu0lWohtsWT4p6j6Q+Ifw6qn03U1llMAOBKGkwfk/sqCOtsV0fmeB1NL2c08H7r9E6e/dNdV0bqWobA8SjD45WjP5gry3rf+yn8OOqHTVtlkls1W/zAQnLHH3C9Zo/qSG7bqI8v2jh3+I2c1NnySG9QW9viWqYVcPcE74Uii6io6h/hXCmNPMNjkbFa3rD+zb8VPh/quNuiZdaZvMtI45x7t391gn3xxk+Q6otAcI9tLmaXMPqD3XpKNVTqY7q5JnMlTZU/vReujpal2aGsb4g306kennvNueJ4ahxI5AOVQG2WSuPzVnuT6aYjZurf7FFbUdTWtwYQyduNnDuE9DK9Q63weg2nr0sIirYyD3PZauh6mtVcAIahocezjheP098pag+HVweBNwdTcAqXHPBI7TDM0H2KLbk6FPkpw7PaWSskGWuBCevJ6a6XmmYGRVjtA4BOVfW/rieli03CPUG/iHdVsOjDydc1iRuHRseMOaD9wos9sp5W6XRtGe4Ch03VNpqYWytm055B7K2ZNFOxro5GuDhkYKVYm+hyuqn0yjqOnXAkxSDCq57TUxSbQAn1AWy8M/qh+DJ+JuB23QpuPY3+LCzrgxYnrqSQOilexw91MpuprhBJqmfrHcLQzUMEhy6FpJVVWWEOBdCPyV/IU9PZVzCROpuprfMzVJlru4U+GeknaHxzNIcsfNZKmJuprc+yY2Ksj8o1AfdWmvRcbLI/mbnwWOAOkEFDlozMMMY39FkIr7XwN8JshIHqVa0vVYYweMw6h6HCZnBatrk8MnG0jUTpG6BNZoicloBKn099oJYw8u3POVJ1wVLA6J7f1S9+WM21vpmbqOnmSYLGg/kodR0ycbRD9Fr/AJZ/IcFw0snOU2MscoXZpoSWGjAVHTDiQfBB/wDCq+osxi2EJYRwWhekuaWnzgYTT8mfqLfzaE35mc+3xddvXB5eIaqF2oOfsptLfKyI6XPwB7rfugt7xpMUeD/hQXdPWmUZETBq9lPnZkfhLO65GXh6oc3AdOM/ZXkddb7gxrpmROdj0XKvoy31Df5RDHdiAoP+yEsYwxziES1EmJn47VVcSjuRMrLDaLhAGzUcTh2OlZ2v+F3TtTJ4rIGsyMEYVqaC80g8KOZ5aDtlEiudxg/lywOJHcDlPWomumYrPGU38W1L/sYC4/ByQPc+grCQdw0jhZ6t+G/UNDv4fiMyfpGSvb6W8gECeJwB74Ur52jqSGl+Amx1lkfZyb/pPQ6n+nB821NjvNLkmhlIH+EqA59RES2aAsPuvqF1vtc4LS1rs87Ksquhena4ky0kZz/hWiGukn95xdX9DR708v8AufOAlfkHspAqnsAxsvZLr8HqKTLaGYMa7cbZx+SyNw+EN9p5CKZwkatUNXXP2ed1f0nrtK8pZ/wZCK5zs7agpDLnTyHRUx5B2zhKu6Zv9BMYn02Mfuq2SmnhOJ2Fp90z5YvpnIt0Go0z++DLljLQ938vUzPoUZraiAa6aUSs7NJ3Cz7ZMuxwpsT5G6cTFoPuqT3CoLnD4LaO5v1YqIC0eoCnQVNNMP5UzST2VIXygeZ+fumuiEhDmnQ71bshf9zZW3E0L2OcMKLLTOb9TAQq1tfX04wXagOCVPp78xzQ2anORzg8oJQTN1Vyg+RngBjst1M9gcK3t3UVbQ4Y5/iMHZyhMr6Cp8hYWE8Erngxu3Y8YKzTpUjrafXzrkpRZtbX1XTVWGudod6Eq/p6xziMgEH915W2nOctOCO4KsaS6XSjcGCTxGDgErLbpVj7T1/j/ONv7z09tRgcDdEbMcA4WOoeo2EBs+QVewXKGVodG7IWGenlF8np6PJ12rsuG1A4wiNkB7j9VVtqmHg7ojJM8f5pUljs6NerUuiz8btkJeKVWtlIKMKgdwqwa435RYRznOCjFtQ8AxYd7KubMD2RBVSQ4LHH9VeCfLkM6eSF2KiDHuW5TmSwSHySNJ9FxlzJGJsH7oclJbqoeLgxv7OYcKYL3ImeGSPKVGdLPE7D2ukHsOFXmnvVLLqgqI5YjuA4nI9k5nUDoHiCvoKmJx28QR5YfzCIL5Uuy0ZVU5IafIT/AFIzo38twQVAZJbq8DL2PB9HbhPdRTwgOoal+B+FxyoB8q9Eknwj5mro8GTYYP3Ub5yrhH+904e09wF1slHO7Y6T6FQj57B1lipqsF7cNfzkbH9VDjfe7RlsEbamIc+Ju7H3VwGuj3GS1J0uMY3ypkW4pkeiv1vrXeC5xhnHLHjH6KaRndQai3UVWCZIQ154e0YIUOGnvdA5zo5hVQDhp5CKMssH4sFy5odyuhjVAprrCZPArGmnmP4XDb/zcfurBha4amuDge4OU2LFyryRp4i47KhvHSdlvEbm1lEzU78QG6072h2MqO+PcHCZGbh0YtTpIX4jYso8f6g+DMEjXy2pxY4bgeq87ufTfUvTUxfPSSsY07PZnC+pXNGkNxjKhz28SO1OAK10aycOJHi/JfRWh1OZQ+1s+dbP1nJD/Ir2eIzjfstDFT2e+MMlLK2N57LbX/4W2S8PLoR8kT/3Ixv7rzm9fDzqfpuYy0BdVQt3EsecY+/ddfT62L/I+ZeU+ktXoW3Wty/scrbFWURLmDU31CFR3GooZPxD2Xbf1bVQAQ3Boe3g+qt9NovDNUL2seV0q7I2dHk7ISi/9VF1YOspW4aZ9h2JW7tXUNPWgNc4ArxOstFbQO8WAlzfUFSLV1NU0LwycuCYYL9JGb3VnvzZA7cBEBysBYurPGa0eOHexK19Dc4arAyAT7oDl21Ot4Jyfq9Chl2xCCSc8oxOGTNQPcJ4cPUKBk+qI0nUNyoD2T2ykcJ+sOG4UJsreyKJAFCYJJijc3BGfdRiHRnOMhED/VOLmPHmaoTIo5W4znlGUSSDSS6FpKUNY0v8KTyntlQtEvOE8bJieN1BQ/b0XdPuuAZ7rur2UIdBwcp7JskDSmLgGFCEnS143CjS26OcYJwil+k4wnskBUIUc1LLBK5pGw7pA8jOCVdlrHkagCq+qtL8mSncDnctVYLT5PP+uPhva+paR8nhATjJa5gxh3qvnjqTpW4dOVkkFTG4tB2djkL68jcWOLJAQeDlUvUPR9tvrHeNTxu1DByEmypSO5oPLW0NRlzE+P5AHemfuoMjcZOF6H138Oqrp2vmkpQ6SnyTsPpWGljxsVzb6D2+j1MLFvgyLBKY3BpGysmytkaBsqyWI52CJBNoIBXMtpwd3T6lPiRJnh7tCjbg4Vk0BzMlQpoSTsO6xyjjs3d8oF4vsptJUEOVediQntODlIaH1XbGaSmqc44VhBNsBkLN00+nGc5VjFPnCo6tV26JZztD/NyVWTAtdwprH5GChTR5GwUGtKRAeMpschhdqAyiFhBO2ENxwRsoJa2PJawu1wh5G/oh7h3CBSTgeXCkP3AICg6NjkS6aUgjKtYXBzdzlZ+OTdWFJU4PmKhuqux2XVM7S8DOyuYCDGNws9G7J5VtSPGG5Kh06bMhWgmoafdTlGYBnJG6kDhQ3Rlg6kkkgCGublRamAPbwpia5uoKCpLcigqYnRu2Gy5TVclO8PZtjt6qzqYAT9KqqmEtOwwgMs4yh+Jf0N7heQJPKe/orZlRTyAOB59FgDIWH1UqmuMsZH8wgDtlTZwP0+t2LbM3Aax3/wA1Me4MVFRX2LZsjyVbwVUVQ0FjkmUcHUq1MLEEPBUYtIJ2Upc0gdkhoeppsECSRjsplFV6Hhjxj0KjBoadynEDGyz2Qya6rXXJM09JPxj0VnFM4gLHW6ukifpe7YcZWpp5mOiDhwVz7YYZ3dPerY5RP8cgcZUWqjDxlPBynuGe6TKODU+TOXGlw8u0qV03e/kJhBMfIdlNqYGv3Iys7WU7oZzpG2cj2QMS/skmejOMc4E0RBDx6qvljw4tKrenr1HLEKSV2HjjKt61mWCVo45VGiNm4DBK6nlG+Gnb7K+ZoqqY8E4VAC2eHyjzAKbaKoxv8OQ+xyhGxbZWzxut9U6XHlyrmmmM7RvyMod3pWzMLm77KjttZPS1Py735AO2fRLDjPDNMC5pyN0aT+dTHPdBjcHNzhFjd24V5NUZ5OWupLJPl3Df1Vs4B22VRVQ+WkbUxjG+HYVtDKJY2vacgjKoYpZK6qaYZycbIjXB7Q4Itxj1REjlQqOcNZ4buQrCYqxpkj0YWF6nog+Nzmx7t3XoEgB3VFdqMSxvIbk4IRmDWVb62edW2cxS+G4916B09X5DWl24XndzYaCq4wCchaGwV+HMcHehWis5WmtcHsZ6KR/MLxsCianADdBjf41PqxyE9jw+MOVWL9HZqluFVR/MQuY8ZyFS24ua58WdgVea87YVPVxfKVniM+iTdXHsu1ZQSoZrGF5p1rRapS4Dgr03xPEGMLFdWU3mkyF0dPPaee8zp/mo2nk9yjLZ9hthRWv8J4OnUrW9ReGWkjcnCqXYcF7Hxdu5rJ8K+pNHtTiaqjlMsDXk5OFMgk82COdlRWWr1xiNXMcmk5wvUp5Pl0lteDO3MOp7kS1uC12crVRy64WOxy0Kj6gYDioDdzyp1pmfJRM1nJG2VGaNLP7tpaWaVzK2SIfSRlWuzi4EKhopQyvzjkK+Z/V2Ky29notPLMDC3xjaG9iSIYc5wWigfrp2nPCputqd0VVFV8NJUyyVHzEBHcAJRtofOGHJ0VJdynk6d/VCmdpmPuV1/A3Wa6OOTdGTQ5ztwcKbA4vaN1Wv2ICmUTwMApfZrpsxNJkgjGxKrZMioJzwrCqdmY44VVUOLZSccoDouQ+YgjJTKd2H41DZMJywn0CjwOxIclAyo2YmmXIcCASQo7u64x22NS64gBInHJ0I2KSINcABn2UAEb7hT7kP5JIVO12DyqijPbLBEvERnpHsAzgLzh2WSPaRwSvTqjzMc3nIXm1yZorJRjGCnRPKeYhvkpkWTkJw4XJRuMLo4RqWThYGprRunJo5VFhBwns5TBwns5UIw8aOe35oEaOe35rTWJl2OH0oZJyiD6UM8p4IWM4I24Uljy5qiA4RMjSVC84OzOBOcqDNnWMc7oz3b8oJ5S7GQewZUh390AhxAHAT58Y2PCEW45IkpySmjkrrtyuJNvQyKwJSaKP+aJSOFGwTsFcW+mLomMxlxXPulhYOv4unfduNj0ZbWzzmpe0aWgErcb8duyremqJlHb2N04c4Bx/RWw0ufpb2XmtVJubZ9M0VOK0iRRxDHGwVkxowFEpo8NCl8Bc5vcehq+2OB5wAqu61H8rSDup0soAydgFn6qbxZ3OGcZ4WvTQ5yBqLEo4EOMk9lZWSmEzxM4bNVTzgZWqtsLILeJWjjlej0VWUeT8nq1RDGRl0rW0cTpHHZrSgdDWx1bUuudRGdIcXDPqqm9VL66pjoYhl0rw1oH35Xo9lt4t1vipmNwQ0avuvSaOnHJ8Q+qPKSuk6YstaRhfIA0bf5K3Y0fSCo1HEyOLUB5ijQZd+S3s8FLMnhkpuIxqIWYr5p77dG2+DIiacOIU3qC7Chg8IPw5wU3oezaYHV9SDrlOsfZQJ4hHJqrVQxW+jjp42AFowSFMZymskGB5V17g0bpEmZZ/cNq5/CafTCx89RNWVLjny5wArDqC5HxBSROwcZeR/ki9O24VI+YmbsCSPdEmsBLhGh6etzaanbK5uHEK4TIWtZE1rRgYT1T/sInL9BGohOBk8IY7quu9a9wbb4P7yY4+w9Va6LI7pHXq6CFo/lRnBPbHcpvXXU9P07aH0sLmNmkaWwszj7uKly1FJ05ZXyOLQY2lznu77ZKwdlt9f1Zdz1LegWU7HD5aBw5b6n07IRqiWfRHTjqaJt6ubGOr6hu7sfSFtG5xugQtBxpAAHYJV1wioIdb/AKjs0Z5KhU1kg3atmqZRZ7eNU8/kc4H6Ae60Votcdpoo6OIDSznbk9yoXTVoNGx1dWBrquo8znDsPQK8RJA9BWHAScQULJSe4sifJ/SMpWCES8VooqcuJ3PCyMtY2kifWznMkpJGfRdud2fV1LnSnytJACzF6uTZXazLpjYNOForSHVw3Ar71PT2ylkuNfLpDQdLc7krwi8XibqK4zXepyyljdkaj+isuvOo3X+t+Rp3Ygp8Bw9TndeddR3h1WRYrP5nOHmOeSnHe0GkTabRXSVMnU13ZK9hZAwYjBOdvVes9GdDClEV6vUWoHeGIjHHc/sg/D/ocW2jjnrmguADgCP816BFSzXKdjGNcKZp/mPHf/0VNpdjtdrc5qq4SO0cL7vJoDTHSxHttqUXrTrG29N0Qa9waACGgbA45/zCZ1n1ja+jbWdwAAQ1rTguI7BfLnWHWNf1LcHzSTO0ZIDQdseiTZal0K8X4uevmrLF9gbrXrSq6lrpNUh0NJ0gHYBZgDA4TMD6kQ8LDZZlnuaKa6IbK1wcJB2CTkjtwlp91lnLcGlk4uHddSAyUAxvBwDCMyPJ5SY0lHaGtHKdGAGWxBgH3XDKAOOExxOSBnH3XAN85TCYOve554xhOj7p2lvouqFZEkm6sIc03ht3GcoXJLstRbHyEDG6jSVLWcqPLWjGOFAlqC5ZbdSo8IfGrPZNqbgeIjj1UN08kn1vUY5JyV1w91ile5Pk0xpUVlBUkFJVuLEkkkqIJJJJQgkkklCCSSSQkEkkkiIJJJJQgkkklCCSSSUIJJJJQgUDHddQUkW4gZJMSQkCpJJIyCSSSUIJJJJQg1JOSUICT2atvRJrCCiAeqLJbY0e6Sdp90tPujyUESTEkIBzG+cp7JHRnLU1JTLKcVLhlnQ32SB+JgXN+/Cv6OugqWaonZWM7qTBVS0xzGcI4XPP3GW/Sp8xNe9gdwOfRCMZCq7de8yCKp78HKuqeZkg8oWhOM1wYZVzh2A8I+q54fupjoQe2UF0RCNQyLUsgNBS0+6OBlIsz3VdBqWQOn2XMBFwEwg5UCBroODkJ+CuKECUtRLTyeJG7jkeq0lJXRVcQOoB3cLM6CiwzPp5A9h4UM10M9F9UU+nzYGD6KGWkE+ysaKrjq48EjPcFNnpfDORgg8YVpZMuXHggaT6LikOZjsgaXZ4RBqWTh3TTnKLjCSuMtpeTS9GdYz2GrbBUuLqSQgPaey9mjMc8bJYSCx4DmkHkHhfOZ5XoPw56xdTVDbJcqjMLx/JLuQfRbKrcnJ1+k3f6laPTC0eq7o/xJPZl2w2Sb5Vra4ycTrseuZCemoUslN4HJLgOV1UCJJJccoQbkISNkprUXQSeQaSJp90tPupkPIM8KO4POR2UnBXNHspjIRHwW9k0nKkkDB2QC12TsnRiUc1eyWr2TtLvRcVYReDmn3Q/D91IXNPugyUNYh1DBjOEYDCbITjYKeyEAgg8JpAwpEjcEnCiu7qwwZ5Q5QMIhBzlMk4ULXZVVkQccAdlRvqWwzmJ4WlmiyRss1fqMxu8VowEqw01vLwGDw7cJKvoKkvb4TjnHCsEJpBLoOOy4kqCGLhAwurrVCASN8IeApGAh4KgSluB4CWAupIRwN7M91qPh3cmUtxfRzuIMo8u/dZtOoZX0tzp6hjsFjgUaeDNqY7obT2pw3yuIcT/Fp45v6hldTl0cGS2vA9JMSVlD0kklCMpOspjDZQW8mUBV1gqTPSuaT9IypPXvlsrATj+aFn+lqp3j+GD5cYIUN0YZoyi1ucQwXYUIM+Yojp3cFbXeB3haxxglZ+y1jY6t0Mp8r9t/VU+i6s7ckdzOM7Lnh+6nV1OYJ3ADyuOQox4SWOhLKAJLr/AKiuKgzur2XDukkoTI5JJJGAPQkVMwFAk8H2ERlBkjzjuuUVbFWx+JEf3RyMr8lYwf0OyirqqVsoxhZ642x0Zc6Nu43x6ha6VmcbZUKopvEGeEALZlKOuq7dO2eFxGPqae4W9tV3prtAHBwEmNxlZO4W8YJDcFVlPWVNpqRPCcYO4zyExMpxzybq6Wxk7XEMGe49VhLvaZqWQzQZBb6LeW27QXimbIx4EgHmblNqaCOfIc0ZKjjnoFy28GX6d6kLsUVc7zDYOK0zomyNy05B3ysferE6CR08LT67dkbp/qd0bhQVx9muPf2VpgP7ujQy0o3y1VFbQEjOlaSIMqW62kOGM7JS07CMaUZDAVtAW58vZU8kRa8gjC31db9eSGjZZqvtjg4lrP3UIUMse3CjkdlPnp3A4LeFG0lpwUcY5IAD3wuD4nFrhuHA4IXpnRPxKjcyK1X15Dx5WznjHuV5rI3hR5QRgjsl2VJkayfTD2h/G4Uepo9gcfuvJeifiTU2ueK23d2ukIDWu/oXstPVUlxpWVFJI17HAHIOVinQ0xaRQ1NJv9Kr5aZtOdTW5WmqYATkNVfVUm2yRKDLI1suk1FMHs47jK2tuuMVXEHsIz3CwEsRjcBj81Ipayajka+I/cIHHAM4Jo9Ac0P4CC+n0jPqq223llSA1zsHuCrjxBI0EIDHJYZEy5hGykska5oDmg/dMezPbKHksKhQSBj6OcyQOwx3LDwrSGqbIOMH3VfG8OG4RWODTnCgmUdxZB2V1Q4qjgEKU1+oZwoB12JOTU5QpCSSSUFiSSSUIPSTElCD0kklCCSSSUIMSSSUIJJJJQg18gZyEMPgn8oeAfdG0tcCHDKjzW+N/mjJa77qF/JyMmpZY9wNQ9lGfHqwDspQmqoPLKNbR3RQYKyPyYDlYxMoau3McMhgJByEymrK6leBJktCuJqaRn1Djuor4mvGHDIVFqWCXS3WCRul58yltkDtxuqKWjaw6ohgpQ1tTSSDxPOzg+yhaRoQcrgfnsotPX08w8rsE9ipDccg5UKfYRIjKSSgkaGhRaqipquMxVMLJGHkPbkKYuEZUIZWbpaegkNTYax8Jzkwud5PyHZGpeo5YXimusLmPBxrx5StJp90CpoKWsjMVTCx7T6hQs5T1bJhmNwcD3CmMlzyOVlp+nKugJns9ZIDz4b3bfku0vUb6ZwguzHQuG2rGxRgGqJOE1RIbjFOB4MgfnuN1Lb5mh3qrTBkskCvtFPW4d/dvHDm7FQXS3ez/X/vMA79wFejfhIj1CvAKeCBb71R1+0UgD+7SdwrLxC4YIVTW2GjqiZYW/Lzdnx7b+6hNrbxZiG3CI1MPHiR7nHuFTLNCCT3RFXUV3pK4B1NIHZGSO4+6mmQFu6vIEk30F0Nd3C4S9hAadkAvLTsU4Sl22OFMlYJDX5GHDKjVVqpqkl7W+FJ/U3ZFY8FGb5lQLzkpSy528+b+dGOCOUaG5iQ4LsH0OxVoS07E5/JQ6mzQ1A1swx/qNlCPkPBUxvGCcFSAQdwVQvgrqJ2HNL2j05R4Lm5uGn9CpnBe0tDjbdd0t9VHZWMkARmyteh3g4OtaEGqoaevYY6ppePvujtOcpyNMoz8dmvtneZLLcXVEA3+WqDnH2KnxdTwFho+pLY6j1+Ulw1xn88Kzacfkgzxw1WBPGHAdjwnQtcOULa/Zm7t8M+l+oT87Y65tLK/fxINxn7ZWPren/iD0pK50sAu1C3iSMeYD3C9BqOloRKKq0XCot0vJERzGf/AApzLx1Ja3aLzRPuMQ28alZqeR7tXQq1tkRaRg7b1VR1Z8GYGKTh0cgx/mqnrT4VfD34hU7/AOM2WJ07xtUxANmafUO/Tt2Xo9dZehutG652mCo/+hO0Sg+7eSsvW/Dzq6wF03T9V/FIBjTFnTIB7hbqNe49PAqymu3iaPl/rL+xreKF38S+H18NazdxpqgefA7ZH59l5HeLN150NUuouq+nqmlDDpJcC5v5HGD+RX3PSdWNbMaS603yFQ3ZzZvLkq7LaG5U0lDdKGCqp5fqZMzUF6nSfVF1cVGS3HO1HiKbOYcH57Nr7XXx/wA4R/mMEJSWunkYH0Uxa4cEFfYfVP8AZb+E/WEUklngNgr3bh9F5Y3H3YvFuqP7I3xT6Wc6o6fqIr5TjLmtga4S6fUtK9RpfqDTXwTfDORqdBbVwkeRtqrxTfyiS4Dg+qlR3actDJ4Acd024vudiqXW/qG0VVJMwlpE7PD3/NCp6qjqnFrHAfnldajVV6hZgzD8codk+nu8IdiSJzB6q6pbvNFpfTVRx2GpZmSknd5oWB7T6FMhndTktdG4HuE/GR1V0quj0Ki6urInZlkDx78rRQdWUksY8TUHdwvJoLlC/bOk+5VjT1j24AcHD7oJRRtr8lZE9Zp66kq2B8crd+xKkNAXl8Vxma3yuc37FWcPVFdBG1msuA4yUDqz0dGnycZcSN5pByMcoRtzZhggfdUds6rgnaGVHld3yreC8UUrtIlaPzQupxfBthqarPZHmsET5C7wQfcd1V1vT72EuiB+2FrWyNeMs3H3SaM52yraaNLhXZyYSS21cLdWk4XPmq+nZpaXY+63b4mOwC0YKBLZqaRoOkZKWm2C6FH8TIRdS3KFgaRqx3KtaHrOMRhtTEQR6KTV2GItIEf5hVU3T5blgjIx3CYC4Wr8XkvabqqyzeWVrsn1UxlTaarBYG7+6xcnT8zDkHn2UaS1V0DdcchJHYEqsoisuj+UTezU1NKB4W3uEP8Ah7uzi381hmTXqHBjmeAPUlSGdSXunADyXem6PJI3xz9yaNa6GeF2QSU/5t0eGyMIyqCDraRjQKmk3HcKXH11bNhPTlnuQFMpDndBloayMHJb+y6JaaXljc/ZQh1Z01VM0vqIx/mpkclqmjD4KiJwcNvMFfyi3tn2cMFHICxzGfkFHks1O4eU4Uk0cUm7H++xQHtqIyGMe4+mVcZ+wHpqpLojC0yxv1QzFp+6druUbiBl32xupTRW6fpBTRW6SQ+E5CLe32I/hVy9jGXd8RDaqnc3G2QjtvdEdnFcFVDIcPj/ADIQ5KeknaW6GA/bCJWciLNE30Snto66PSGxODhuCAqi4dFWSuic2Wjhye4aEU2zBBp53MI75ThDcqY+IyYSexWmF7Rht0GXiUEzJXL4TWqpiMcJbE8bhzQs3VfB65M/7NK149yV6s26RuGJoS145wFIjqqZ7Q4SkE9sp0dVKL4OBrfp3TXS3Shj/B4DX9FX21MLpYXuY0ntwPuqvw3NbnSdtsr6QlbDUbHDseu6r6vpyhqjrmhYc+rAtUdS2uTg6j6Zgn/oHz86TJwV1vhnOMfqvWq/4a2+ondJHGGh3psspcvhpcKV8ktOXPYNwBymfNk5d3g9TTzjJkdAPCa6OTORI4E+hVpP0/caRmuSnkA92qE9pb33HZXuRglTbS8Si0S6esqI42tLGOI2yQpDa3u4YVUJps41bJ/ikN4zlB+Q6q+UXwW7K2mf9T8FTqa4SwYdFNt7FZtjw527QpLJCBtslSrz2dOjXzrNrSX7WA2TAPqp8F1aX+WReftmfG7IcVIjuE0bg4Oys708X2d/SeX29s9FZWl34wVJbNqAIXn1NfJWSAklo7q3p747Z3iA+yTPT46O7p/Kxlw2a5k+43RvG1Y4Wbhuwe0OICkNrtgSf3SvhZ1atbCXOS8E47gLokHYqqFYCNineK71QurBqjqIz6LyGrc3A1AgdiimsY7yTNBz2IVE2oIPP7ozKt7gNeD6KnFoep5JFXZLdORNTa6eXnVG7AP3CBC/qS2y6fFiq4fw5OCiR1e4ydk81WDyd0OAW/0SIOqKM4ir2Op38ecbE/dTRJR1sYMT2ObjYtKqpoKesZonga9p9Qq42uWjeDQ1JiaOGqFuU0aZlNPGf5VS9w9H7ojxOwAyR7eoWbbf6ylxHVs2H42qfBeDMNTJQ72yoFC2Ptlt4mTnBCcHnbCrRcQ4YkG6eJy/eJ+lD0NVkX0TKmOGZnhzxB4PqojbfUUx1WucNH9Er9kRrnn63A4TxNjkKZBzF9g4r46N/g19K6Nw5djylWDZYJ2h0MgcPZQnGJ5Ae0O+6C63sYCaOR8D3d2nb9Fe4FxTLTSlpyquOtuVIdFXB4zP62dvupdPcqKpOmOpjL+7dW4Rp45ESqX6DmBpB2UZ1M4gtPGeFPSDQTgLTC3aYb9NXOOMGI6h+H1gvIdJUQObM7fW0rzm9fDXqCzPdUWYmoiG+AdwF7zPTB2MDlB+V07DuuhVqZR6PH+V+nNJq+ZQWf7Hz1QXurgm+SucLo3jbEgU2pt1DdAfCw17d8DuvXb10pZbywiqpGa3D62jBC88uvw1u1rc6ptVQ6WNu4aNnBdSjVqfEj5p5T6Tv0r+TT/cY+SC42V4kje/RnutTZOsX6GCZ2498FVj7i/ehvNK5hG2rTuh1dlp5ImyUcgOeCCtlbU+UeM1FDrk4Wwaf9z1iz9S0taxsbHYd7lXbZQ/GMfkvBaOvuNok314HfO63HT3WLajTHqOoc5KbjBzL9LKMd8Eei5C4eFX0FzhrPKDhw7E8qwO4Oyhh2sbqOcIzXbcqOeUsn1UBJweOchdDzlQg85R2ytwoBnJL8ZwaFHlpmVAySWvPcJwcCnNIUJggMqqm3S/7xl0I21HsrWCtinaHRHUCgvbHI0te0OB5BCqaukqqHNRbSdI3MXOR6hQtLg07JMjOERZ2136Kta1h8kg2LTzlXLJ8gau6hUofokpDBOCcJniLjjnBUFErAI5QtDvRCDyPVEEuNlCHdbvVF1HGMrgORlCUIOlgimHnYM+o5VdKySndoI1DsVaKPUtEg9VC08FBd7RTXWndDJDFkgjLm5yvCPiF8MJqIOr6OBo3OdA2K+iJIcZIGygV1HDVROgqGBzXbYISbK9xu0WunpJ7kfFlTTSQvMUzC0jbBUSRjvwhfQHxB+GcNRG+Sjg0vyXNc0LxO5Wirt07qeojIc0445XNvoz0e90Ouhq4bo9kOiqzjwpTxsCpR0uaRkKvDA05CLDMc4I4XKtqwej0uq42TOTxb4CEBp75Ux+HjPdRnRkHOVjlDB0EOjkcCFa002zcqmDxqxhSoJsEApZoqtceC+jkGEcEEYVZDNjAUpkoIzlUdGu7K5FO1rTqwob3azxwpz/ADN2Ve/LXHblQqx5ORvdEdt1Phn1tAIVfnUMgIsEuHbjCEKMscE1+cgjZHgkLXA5QsggFNacHlQ0wmX1LLrbzuFa0kuHAZCztFJ7q1ppQHNwVDo0W4L9py0EozSotO4OZjKPnOCCodauW5B0lwcLqrI8ckeEkjurIBkAyq+rpg7HZWYZ3QpGg7YQCbEpGaqoCw8KIQeMrQ1NNrzhvZVFVSuadgjMFkMcgGvLRt2UmkuVRA7JkwAq97znGFwvCCUcmR3Si+Ga239QRuwyV4cT7q8jmErA4cFebZ7tO6trXfJYsU8r9uxJ5Wd1nY0fkMJRma+QHlKOUk6SFDoq+OqHh6jrHr3UoeUHus04NHbhdGf4hiPxN2KsrTcyw+BP+RyqtkoJxhOJAcNuVkthno203OLTRtKZ/iAEHIUrGNsqitVxBDIT3Vw5xKxTiegrsjZFNMTmqmuMJcdSulDracvHHPdKfBJrKM6yV9DOJWjhbahrm3CgDgQDpzysjW0hO4CdZLmaOf5d58udt+FBcbHF4ZpaaXwpsO4O26nPa1jhIwZBGeVWVWSwSs/5sqTbqoVEfhu+pqA1wmW9NMZ4sSEb7KmvNE6mlbUMHdTg4xDAHClVUTa2iIIyQEsZn2QrXXGWPS5wOFbxkEBwKxcE0lvrPBfnBOFpKeoJaMbhGlkZXNssZ2tfE4HfZAtdU+J3gk5A7eyfG/W3fuoEz3Us7ThDjBqTwX8rmyD7KqewwzOeOCp8LxKxrmnZwyh3ClzTuI5KWM3YGRya2Z9VDqo85B3BTqGb+WGFFmYHjOMpgE/vWDzjq22EantH05IVVZakx6QXLc3ylbJC/U3sd15yWuo6mRreNW3stNZ5vUp0Xbl0eu2er8WiaC7UQMKbE4gELH9K3MOa1jnZBGFrmuw0lEzsaaxThuQUv0DONlEuLXSsa9o+lHfJqa5mEwY0Fp3zhB0x05buCJSyFuxGSFQ9VQ64zKByriR/hVDxjY4UW/RiageMb4Wus5mrjvraPKL/AE7DRlxHmB2KyRyAt1XRtkgkjkGRusRU4jkc0DbK9T4y3DR8f+pdJnMgtpqDDMI1o45vblZGKcQztc71wtFBK1zWkHIIXsq5ZR8T8hX8VvAa6N8amO24TOn3vMD43fhKOB4kekjkFRbTKae5uhx5XDcJr6M+nntlktWZZUB/cLRtIdTRuH5rMVflqCOFoaU5oB34wstvZ6bSz3RwUfWkBmtzHgfQVV9J1Os4PphaW9U7qy2vjYPM0avusZ0vI6Cslp3jDmOSjoR4kmaaraWTEkbIRcXAbbKRcjpiB7lR2uGkAjhIsTZvjLgcThGp36SPdRs5XYjh25SsD6+HksH5d5vVQ6toByFLBywKLUbwvHfsqN25tEI/SVEaS2QjHdSY8HlR3kCd6ABz5JsDy4DJwjP++FW+OWuGApzagOaEmaNtFvHIyrAdC4KglJBx7q9kGRuVR1DiyTGPxJcCXSBZySD3WCv0Xh3GRnAyt0Jhq+nusb1QP/eRdjkZRpnD8lDdXkqE524TU48IjzoA8preU48po5REDDhPZymDhPZyrSyLZIi3Uh3AUeHkKQfKAtMeEJl2NTEXAQk1PJR3OE4k4TEQjbYqN4IAeTlcauv5SZykyluZZIaEKU5AGUduA3dQ5DvkFEyIaeUM8J6YSAs9zGdkiCPW8LUWCkdUVUTGDODus5RtOc4W/wCiqB3iOqewAXF1lmFk9b4XTfdE3VPEIYWs4OEanZl3lQnAnT9uFLpG6QMrzuon7PoumrXBKYMNwirg4Q38YWWKyzoLCQG4S6YzuOFnw4l5OFY3SUiB2OVWwbxh7huV19HXlo5Wru2tpk+20xq6lrMbA5K0FylFJQ+GwhoA/VQenaeTW6oI8vCjdWVvnhpIt3yP0gfdeu0Onwss+aef8jFtpeg3R9sdcLl/EpoyRGSG54XptK3GHEeyz/TNGygoIo/Dw4gElaKNgIGCu7THYj4rr9R897kTWZLQ0I4cymYXv2wMlcpmYaHOCpeo7ifGNNA7BcMFMMEY5IENPL1HfmswTAx+Xe+Oy9PpKdlLTshjbpDRhZ/o2zCjpG1ErPO8asrTFItYq1+jrdsqFc611NFrapUkoiaXEbLJ3SvlqKhzdflBxgJaWRcVk5TQSXCty7fUcu+y39oo209O0acAbBUPTNrIa2Z7cl2+fZa1oAGAqnwVNj/skkkqEnZJRE0uIVTTNBmkuM++5AJ4AUqvla8eCw791j+sLzO91P0vanEVFQBqIP0j1PojDguQN2nqeur5FaKYhtspTqqHg/U8EEBbSCijpoY6aEAMjAaFB6asFP09a4qGFo1AAvI7lXB9VQcnxwdbohZqds0cqvoKJt+uja+dpFJSO8jT/wAR3/RMrzUXKris1KDh5Dpi08NWrpKSGipY6WJoDYxgK0hTYXA/CMD0SSSRFiWX6rv3ywFBC4guGX4P7K5vdyZa6GSocRnBDd+68xqamWpldUzPLnO3JPZWkHCO5jqqsLWE7cE7leY9YdTSVLDS0T/DAzqdyCVYdVdSurJHW23SFrWZEsgP7BeQ9ZdSMINpt79U34iD3R9HY0GmlZPCRCuF4ngjdS0zdVVVHPqQFrPhr8P207f4ncow6d2D5tzuoXQPQs1RK243JuqR2/m7L1dxhoYGxRs3OwDeT7o28HQ1OpVK+Kpj4qSSapFFC3yNxqIKZ1b1bbujLSXybdg0HGrHO/5qTebzauibRJW1848YtOBndx9l8pde9ZVvWNydNNK4QsJDGg4GFmtnkHQaCeunn+j2wHWfWNw6quUlRNMfDBOhoOwCzYZ7rrG6duURjCd8LJOeT2VVUNPBV19IGYyV0DCLgeiacDus0mx2BiGTlETWtOQhGR4XJxrXahsjNG4XQBhdVpATf6HDACaM59lwcp4AI4TYrJQ7TkeYbpy4ThNe8BXknY1NLmjuECara3ZQZarOwKRO+MeB0a3LsmVFa1uQ08KukrXyEh3CFI8vP1FM0+6w22ym+DRCG066RzjlJJMSW37GLkSSSSoISSSSmCxJJ2h3olod6K8MrI1JdDSThP8ADOAcKsFg0k8RO9E/wVCAUkcR+oXfDHooQjpI3h+66ISdwUzBACSkeCfRN8I+qmCsgUkTSVxTBYxJEwSuYwpggxJPSUwQSSeBld0+6srINJE0+6Wn3UJkGkkkoWPSSSUIJJJJQgk5nKanM5VS6IEAGF1IHsupWXkASSSSbueMkGJJJK1LJBJJJIyD0xJPVMh1u2SpVFcpaecPzsdiPUKK1cLQDlVHdF5QuyCmuTZ2+50tZ5Q7S70KlyMGM4WFje+IhzHEEdwtHbb7HLEIao4eNs+q2Qs4wzlX6eUVuiWJ5wkn51bjdLGEZkWc8jEzT3wnjlEAGFAt4LSMYAQ8FSMH0QhH6hQnyDcBIjPddwRykoTOQkb3RO1RuLSPRaGnmbU07Xg743+6zo2UqjqHwSgtO3cHgok8Ge2P6LWWH+lv7oJhA7Ke0tkbqA5UeVhPCsz5cXgiuYBwE3T7qRoK54R9Ve1jMkfBS0kHUAM9sopZjkLmAmKW15L9YPWvh91ab5ALbWv/AN7iH1E7P2WvIwSD2Xz/AGyvntVfFXU7y18bs7Hle6WW6wXu3R3CEjD8Bwzw7G63V257OBrtMq5b4EzsUksYSTzmt5HJJJKFiSSSUIJc0+66koQakkkoTJzAXCBhOSULTyCPK5gJ6SMPIMgIRa7J2RksBUWNQUZD0O9FEWhqWMpLoGThWWDnjDRseyry3c7q1mYXDIGdlAMW+7f3VFEYgcoJBypjuD9lHIGVYxckeTjjKqrzB49McDJ3Kt5hxtlR5Yy8AFuUpmiqWDARPdTVXmKvYXB7A4HlU95ibBWPDdtyj2mqIi0E5KUzX+Syi0SSByMpKgASSSSgYxcIGF1JQgI8pJySg0EhTOLMPHIUhCmGcBTGWC0ep9H1vztkic8+djQD7q4DvZYroGqyySmBOwGy2YGE+PRwb1ixnUk0cogIxhWKOrrPqC4kBk4UIzLfEyXw7LFjvKsj0pV/77gnHZaT4qDFmpwDuZQVh+mpS2tb+QQuW1nUojnTs9UuEXiUu3dv+i84r3yUFYGnYl+y9MzrhYD/AEj/ACXm/V8XhVGot77H0RSYvSfc9jNHUMkqbbBV4ycAOwq08Kb0lO+4Wh9K93mA8ufZV9QCH6eMFJlLIxfbNx/Qx31FcSSQjBJJJKEEkkkjIJJJJQh9L1dLdOkaps2hz6Rx0g+y0lvuFPcIGzQvByNxnhZTpXreG5QmzX4iTxARFK/j7JVtPWdLVJraQmSlcclo3AyvyhOB/QbJtCMoMjBhRrZeqS5sa6F4yRnGe6nn7pLCKqrpg78Kpay3BzCCzc8FaeZvG2VFqYWvGA1QMx0ctdaJxNT5IG5C21jv1LeIR5g2QDBCpqujJ/CMKhME9qrvmaZxbk5cM7FEpYAlHceiVVCJBnAKxt+6VMj3VFFhrzuW+/srywdVU9ycKOpHhygbEnZyvJadsuDpwoL5izzizdTVVnl+Vrg4hpwc+i3VNW09bA2ogeHNdvzwqW/9NQVJdL4WH43wsnR1tz6Zq3Nw6SDu32UDTyekPga8HZVdfbGvaTx7qTZb/Q3mna6B2mQDzRnkKydEC3OOVaeQTz+vtZjJAblUNVTuYSML0mvtxlacMysxcLTM3UdO2U4hkZcjbThAc3flXVRQuYTlvCrpYXNOAFZCA6ME5K0nSXW1w6XqBgumpyfNGTnb2VE5hQ3ZbwMoJRyQ+iOn+qrP1RFmil0zAZdE7kKwnpc8bYXzjarxW2WtZW0UhY9p332I9F7R0Z8Rbf1MG0NUPl6wNH1EaXn291lnX7QKW3ktqiibIwtLRnsVWywvifpcOP3WlkjGeEKWmjlGHAZ9cLLOPoHfngz7HOYQWuII7haG1X0Na2OoO42z6qoqaWSGQjT5eQQgs3Oyzyj+ibYyXJu4aiCobmN4XXxdwslRXCSlIzuAr+ku0c2G6hn0KoROrHRLGyIHYTQcjKaoIwSASDkKVDOeMKI1FiOHZ9FBUo5Jw3XUxjhjGU9QS+OxJyanKACTUk5QgkkklCCSSSUIJPTE9QgxJJJQhwA5TwRhLAQyTlQg5PTE7IUBOkA7EZUCW2YcZaOR0b+cZ2U9IbKBdFe2srKc6K2nJb/UN0UMpKsZheA70U1wDhh24UGe1M3ko5DDJzkcFWT5PQKSmfGfM3I9UB8DScI3z9bRkMr6fVGNjI0IwFLVt100zT7ZUGKWSrlpi0gs2K5DcKmlflw8Rvop0sR4Ld/uoxha7IxhURlhTXKmnGA7S7uHKWDncLOT0mCC1DjutXQu0uy9nueFCoxwzUJKvo7zS1QALtLu4Kntc1wy0ghQrax+R6pZHqh5Pqlk+qvIIUNB57KLX2iiuLNFREw/cKQDhOO/BTCGVq+nrjbCZbRLpbzpBKbTdS1MBEFyhLHDbVjYrWnBHKhV1roq1mmeFpz3wqaL/wAnKC70s4GHgn2Kn6gdxwsdV9Kz0bjPbJ3tI3xnZCp+objQv8GujcA3bPZRCpLJtlwsB2O6qqG+0tU0fzAD91ase17Q5pyCoUVNf09BUZlonfKz86o9gT7qt+fu9lIZdoHTxjYSRDt6latn1BGDWvG7Qfuoyk8FLRXOjuDdVPMCe7e4UwDlQ6/pilncaiiJpZ+dUZwCfdVjajqG1PLa6MVMLeHMG+FRMmgY4gojagnYhVVHe6KqOkP0uP4Typ7XauAoTBKGSRg5R2EgY9FW/wC8Z/klFjmqWnEwVlKJYHSfqwfuodVQU8vmDdLj3aixu8Tk4RAzPdUL5TKeSkqaY5b5m+y7DVSx7OaroNGMFRqi307zkDBQhbgMNZFJsTg+hUtsjX8EKtlt78ZiGcKI59XA7ckYRshoAQOU10ev6XgEd1UQXGTYPKnQ1kBH94h34Fyjk6Yq6OTUwtc0e6JFcN9ErHMP7J7agHdu4KeCx/LR+idGYLWOyNPZ7PcHeM+ERzdpYTpcP0TIor1bfLFP85AOGH68fdSfk2h3iRPLD6DhPj+epnkgeIPUI9xRAr6PpzqeJ1JerZDI4jDmTx7/AK91iLj8IKq1uNT0ddJImN3FJO8vi/L0C9Fkloa46KqHRIPxYwf1QpKWupsPpKjxWDgE7p8NROvopHj9RXX/AKbk0dU9PVlPDnHzcDTJC78+yubF1Dba93iWW9Me8ds4P2wvRv4nTOYae5RDS/yua9uWn7hZy9/CvobqVolioGUkvOumOjJ91sp1ss/cypLPDItxhs3UdC639SdO0Fwixj+bCCfY5XlXU/8AZA+GnVRMvSlyqLPK458Nga9rT38rtlt5fh58Q+mZCyxX43Knb/dxVW7semrsqt/WnUNlnMXUPT89PLGfO9px+Y23XZ03lp0f7T7Mlulrs/JHzr1P/ZK+L3S8j5bK+O+U7NwaYHUR7t7Ly28UXUlgq30nU1ilpnxnDgYy0g/mvvWz/FSy1T3NqpJQBt5ytPKzpTqqh8CeKironjLon4eM+pXf0n1DfH8+TmX+MiuYH5uMfZp2jMgY88ak19unaNVvrmvPOglfcPU39l34Y9UudJTWltrlfkuko24JP+i8i6p/sXdWWkvqulrrFUw5zG2QFriPQkLvUedpu4nwzmW6S2t9Hz7BV3qhAdVMEjO4HZTIb8yQgTwuYPXC0HUHQPxA6RJjvvTlQGgkCTSdLscnPcLNS6ZsNdEG45C69Wsrs5i0xKrmu0WcN0o5X4bIAfcqXHUuO7XEemCs6bdTykYyCR2XPlq+naRTVD3AHgrYrEyNuBtYL/cqVgjZM4gcZKuaLrcMjDamPURzg4XmUddcId5dRCKy6xPwHZB91ckmhsdZbA9mpeprZUxtcJdLjyD2U5lZrOIpQR914pFX8FriPzVhT3y4wbRzuH5pWxG6jyjX5nsQmLQNQynNlYcDSF5zQdcTxtbFVO47q8p+tLXMBqeQe+6vYdKryMLDV+EyQbhuEGSgpnggsUOnvFHPG18c4391MiqQ4ahgg90mUGjZXqVZ0AdY6U9lHm6ej2xDlWrJ8kZCKZsAbIGpI1dmcl6eZj+4USTpiOQEOpxj7LYB+d8J4c3GMKstBRqhJfcjCO6LpDnEABPsgf7EvZnwah8f2JC9BAaSmPgB4OMqsgS0lcjz49MXumOqnu832LiU5sXVVKMfMeKB6reinaMbBLwgeGj9Fe5lfwl6Zgf4p1FSPDpacvb3ART1MSB49FLG4ckt2W2NM0jLo2n8lDqaKGQ4MTd/ZErQZaaUeIsyrepoxsWs39t0WO8Ucu7wc+xVxJ0/bZd3wNz7BRn9J25x8usfmj3C3TcuyP8AxmkA88jmorLrGNL45muB91CqOlJw8tilBZ2yosvS9bEM078E/dFvEuFi7Rfx1tPMf5kX54TJYaSZ2WPwfRZh9u6mpziF4I98obLjeqc+FWW52ofiaOUatwLsUGsWI1HgzNwYp8Y47rkdXd4XkPayZnYLPRdRmJ2Z45Gn7KZT9T0sjt3ub+SbC6S7MkqKm8J4LiG+Rl2KmlkixsdtlZQ1lurG6WStyfXZUrLxb5cfzWuPG4CI7wJ2+VjQOxbsn/yBFukT6LWW20c2zhGfYgLNXn4bW65uL4WeA8/iY3b9FYimcPpfJnt5iu+Pe6fHhynT7o43tnL1PjPl/KPB5xX/AA0vVI+R0LWSsZwQeVnKm1VdM8xT0kjHN2ORsveIrmSwCoogXYwSO/uhyQ2K4O8Oopw0/wCIJkb8HG1H07XZzDhngRiLNiN10DHde13PoTp24wlkAbHJ2cFnK/4TVsjGi1va9++d0atXs4+o8Fq6XmCyjzk57J7cjlX9b0XfrY13zFBI5zewacKskoZ4N5Yy0n1CNyj6Zj/jX1P74tAAO6K0kcLmkDjlF24yp2Pr3RF4smc6z+RwpNPcHRYLi4/cqMkwZOMqbTXXqbYvhl1FeojjU7BUhlylJDmzBzfTKzphGxGE5pez6DgoJRTOlR5KyHbNZDcHHGr81LjroMAB+6xTZ7kM6ACFLiu4DcTQuDxz7pMqsnSp8w0+WbBk4duwohlfznGFk473lwa12j78KfBeHO8r52gfdK+M6cPKQmuy9ZXTREAuyPRSW1sUoAJwVUMqWPAOoEojQlyrZqjqZP2WTxFK0ggOB9VVzUZp3mSme5p9AdlIjcexTnSaz5m8KlEv5N3ZCbXVNO8GeTb3VjDconNBD9z6KNJFBJ9TP1KgyUrozmInBOyJwz0V8rj7NDFXsz5nn9VOgq6eYAF2SsYKqVjgHEkKXDXx4AMmCh2DIayOeTWuIO8ZwD3TRUzN/EFTQV7ywCOUlSmXENA1tyUG00R1MJdMs23OKMaal2jPfshSWa23A+O0hj+z4jg/mhsmpKlml7Wn2co8lGIzmCV7AeACrcWwvlyTB/GbVy75qAcf1AKXSXyknIa/MbuMO2VZFcbrAdD9E0QHDuUm3ezVeIbjSmM77gbhWuBdk4fs0rZGuaO4HC69gfyqKFstB/PoKoVdM7/hud5mqzpbjR1bAYZRk8tJwQU+FjRkshGYV9PGN2hAdG5pO2xUgjB5ykQCPstMLcnO1GkjNcGdvXTVpurCKmlaHn8TRgrFXToest+qW2ya2c6CvUJIQTlQ5GFxwOy30auUHwea8j9P6XWxxYuTx7w2yF0FVHpe3YghV89KaSQyQBzTyC07r1e7WOgrmlz4GiTH1NGCs66zNp8ieMFvqurDVxmuT5p5T6at0WVTloztr6hqoHASvJA7jlbaz9UeMAySQOH7rIXPpmVjzPRnLTvgKtp/m6SXz6mlqfDE+jxeo0sovE1hnscdQJOEUHK88tXUMzSGSykH1WsoL3DM1rJDv6hGlg5s6mi2HKKHkNzndRg5pGoOGPVPz7qxGGH8ffGEYPyM5UJdEpChRN1FFbJp7KCJxwQjhwIyoUyBcLFHPKauieYJ+QRxlRrdfZ6ap+Quo0yA4DjsCr1pCg3O2Utwb/NYNWNnY3Chec8FpDVF+3KlNfq7LFU1wrLLL8vWNdJE0+WQb+X3Wooq2GqjbLC8Oa4eqEXKP6LLGQm4IPCY2VpwEUPyoAIHHZLA9Ui3Y7oXmzwoUHTc5TQ4cZRM5UIBezZQpIjk7cqyIygSANxsqZaKipptWxaCPdea9ffD6muUclXSwhrzuQBwvV52gtJA4VPIQ5xY9uQdt0icNxu0t06ZqUXg+TL905U2qZ4MZ25GFRkaQd19RdX9CUt8hc+ANbJg4yF4H1j0RdLDKZXQnRkjZc6+jL4PaeO8pG7EJvkzEcxDlIl0uaCMKDvnOMYRWzEYGOVzLasHpqNS48Poa9hBT2uOyfkEZKHjDsrFOs6ldsZ8omwzEAKbHLsNwVUh2FIimGQlm2u3HBcwv1DfuhVMQA1AINPNjCkF4kaqNGckQDkLo8rgQlICDumg4yoWTI5CWjPdOcS0gqNHJ5sY5R3nWAeMKDa5YJdNLoIGVbUT9W5KzbJPOB2CuKKTAB9lDoUWezTUspwAVPjk2GQqOjlBcOf1VvE8aeMqHYos3ExhBxhPUeInuioNpsTHpJJKxgkxPTFAGNLGkHKr6una4KxPBUZ8ec74UM84p9lBVUJyTp/dVdRE6J3qtTNEHDGFVVdIXZwMKHO1FK7RUiQ75CXiguzjhPkpyzJxsgDV6KpLBj+5FlR3GSB7XtPHutRb7o2pa3Uc5/ULC79jjCl26vkheOMd1ntjk6Oi1sqniTPQWOaRkFFI1d+FR0NxEwGFZRVAOyyTgej0+rjNcFjDO6E5/daW01xqI/De4EtGx9lk2vDgj224mjqQ55Ok7FYrK8nb0uoS4NsOV2ZgkaOyFSSx1LPFjcCCpIOntlYpROzB5iU1bBp/D+6ztbCY3mQbHstlWQ+INgqG5UYfCcDcb5QCrVh5RYWG4Nr6PwX/AFxjBT3F9HUAjIGcrKWu4OtNd4js6HHDgtrVCOtpW1EIG4DgR6KBU2ZeC2ie2eJsjTsQj08xh25B7LO2yvdA7wXnbKvA5ruHKKOezWQr5b/nB8xTgB7d/uo9hri+N8MzvNGcK3JHBWVuIktNxNQxpMUn1D0Uxgtz2M2MM7TjBGE6thbUQFzcam7qtoZop4WzQyZBG6sISHjGUA6Nm5ZO2eqA/lPO4VrLh7Q3IIWZex9NVGRpwM5wriCqEgAQYGxnuK+Rxp6slv05xhTGv1BcuFOHxa2jzNOfug00uWYPI2KiGPoiXSIPgOOV5zfaT5eV8gb3yvUp2iTGQsV1PQt/mELRCWDmeQozDKKTp6uME7QXbZC9OgqWSRjTvkBeQxgwPDm7EL0PpmvbV0rWOd52jCYY/H6jH+ky9L+5SY/J3Ued5a/RjhJsoB3CW1k67nngHXROLPFZ9QO6aNNVSlruQMFTJMOhdkdioFMQGnB4K0V8Ge2KksHn91p2xVcsYGGk8LCdQUYgqdhgO3XpHU9MYa0OI2eSQsX1LA1zNRHbYrv6C1QaZ82+oNNuhOK9GOnOCAr+3zZhYAOyzczj4xYR9Ks7ZVaY2hw4XuNJZvjk+Ceaoank1NOctOVAla6C5RyM2JcM/ZTadw0j3QqwBrhPpBx6razz1csPJNupxioHoru11GqlY0AZO6z9Yddua/J39VY2KY+Ax2OOyRbA9J463c9pdPwWkHbbhebVLpaHqghhw153/VehucTusX1dHHT1sNUxnBGSkPg7rWxbjQ1THTULHjfHKr45TjSQptHL4tv+7cqvY7zhnqlsfVLcshTkHKdCfNshOGDjC4CMpTSNUZYZaRuyzdR5D5SE+nOWcph+r80pm2LyiCfK8j0USQ4ndg8qRVgiZ2OFFkIzklLFzfI4ODeUaCfJDeyjTDhBa/w3ZS5LgZXZhls92GZVLXDLgR3Knsn1N37qFXM8oPqkp4ZqnLckyC9waRvys31YxuqGUDBxuryY+YEnhUvVI8Wja9v4ThMRy9e80tGcBzuE48JjSMAeyeeFZ5ojHlIcpHlIcoiBhwnM+oJo4TmfUFaAJcO2EYDCBDwFITs8GezgceEA8n7o54P2QDyU2MsIE4nk4HCYnO4RPkIFIRq5TofqQJM6kSMZ2CX/AHC/sSZDhvKhHd+6LMScY/zQRucoZNYKOrmMuC6iQt1OCx2ywsmuiO6aRY26Evw0Nycr1vp63soqGNundwDifUrznpumEtW1pHBC9YiYGxtaBjYLz+ttzwfQfC6fat4RuXyAAKdE0t5UWkYNepTlw7pbmewpjiORw4Q586dk5BqCA3KursZN5Ketl8afw2/S3ZOjpz5WNbz7oFL/ADKxzyPLkq6t8PjVDXafKCvT+Moytx5jy2qVVcpMttUdttpeRgNZkrPdPUT73fTcZvNDEMszxlWXVVZJDRtp4iP5wIKt+k7YyC2R6BhzgCey9Zp68I+Fed8lKcmos0tJE3SHYw1qs6GMzSDbbPKhsADGxt+yv6WCOmpw/TvjK2fieInPnLA3Spjo6ckEZA2WbsFFLfb3478+HA4OcfX2/wAky/3CSuqhRwk6nO0jHqVuelLJ/CaNgO7z5nnHJVPoGc8Iu2Na1oDW4Hou5Hqke6jSSiMFzilJNszylvZEvNwihjMTTl59FTWu3mtqgXZLW+Y+65cHCapcWjO60vTtD4MQlcNzur6Lbwi8oKZsEDQG42UkprZBzjlPLtshLlHImTyPTJH6Rgd0x0+NsKJW1kdJTvqHnOngKsNESyU/V1+/g9L/ALu1rqqUaY298nvhR+i+mzSskvlx/mV9Zhz3P3LR6eyprHTVnVd9lu1X/wBmpn6I8j0XozAGjSOAiG52nA1Arqr5ePTHvK7Zo9PdHlk8OJ0g3wo9oozWTurqjfScN9FCi0sduFFAahxzNNu9x5+32U/xM7Jj34AAXI43FWASGps8rYIXSuI29VwDSMrFdX9QOnd/C6d2JMdj7q2y0slP1Bdaq8V7gXnwoyQ1oOywHVnUErybNaXOdNxK5vb2Vl1VenWikFHSvBrqjhp5AWGu9zh6Qtk10r5A+rnBdgncZRLg30UubwuzPdcX6n6YtrqanPjVE22AcH33/NVPw06Kku2L3cmjDyHMLt8qF0Z03ceurn/G72x7aRrgcHv6DHovaqKCChhEUbcY5KYdu696Ov4Y/l7YWOngt9MGwgaWj05KLTVNHaKCa/3eQNDfoLhs0eqZR0fztQLnWuEVFS55/EfQevC8B+NHxRqOqKk2W1T4tsbsFoGzscJN08GTQ6KettUfRRfEz4h1/WNzf/OcIGEhrQdsLFN2TdLjuiMBysVkmz32lojpavjj0dA9UVuMei4MYGya/wC+EhvAzs6SADuo8rxnYhcmfgbFRW6i7lC+Q0sklhLiD6I7QEOIYbujtURU8+jiSckmRWRI1EcuF4xkKJNXxx7HcqpzjBcjVHdwSJZQ0Z2VdPW7Yyo9TWOefKdiokhLsZKw3ajd+JohXgJLUOkOQuDH9WUJJjSTglY5Scux6WBJeIfROwEhpCLBZzB9EsFPEgAxpS8Qf0qcEGhuThE0jA7oer2TNZUzgMOG44OUsHIKDr9l3XlM3ooPhoGMD9V0Bnt+qYGSEZThHITypvQO1s7kei7q9l3wDjOEvBUIdyPRLOey74JS8EqEOavZLV7J3yx/q/ZIUzj+P9lC9rYMO34RARjhP+Xd6J/yzvZGTa2ByPRLI9Ef5V/sl8q/sMoclfHPtggG9xsn+HRHgkOS+UqOdKQgmB3jRFqMvaEYG/hGyY6mGM5Uhsb9PCIGEFDKWBijkrTTuBxhcMLmjOnKsg7G2nK6HtzuMIVyGq1Loqix45aU1XIbTO2z+SXyVO4fTypkn8aT6KlJWclsaf7kcqPJap3DIxspkp6eaIRGEkY0c0ZIc08ZUcO34UyivjkhySXPCWCrAEkkBld0+6vBDi61DSQvogVhPCKCMILU4cpMuwAqS4CuoiCSSSRxj7IMSSSTCD0kklZBJJJKFMaO6dnG4TWpyNNroWy8tN98HEVSCW+oWiYWStEkbgWkZBCwB9cq6sl6dRnwpyXRn9kyuxvs5+p039UDR6fdOwU5pjnYJ4DlpGU7AxwnHLbbGYCWAupKF5AuaOy5p90YjK4W7cq8BgVwZByCnEHK5gqii1tNY/Pgyuz6K0e1rgMbrNRPdE4OHZXtuqRURbncJ0VkzWw5H6QeyHoCklpyh4wnJJCkyOW4XNPupBGUtPuhyHkiub7rUdBdRPs9zbTTSZp5jgtcdh7rPvZnG6E5pByDuO6ODwxd1Sti0z6JIDhkJun3WR+G/UTLjbzapnETUwyM9x7LZFu3K3QeUeZtrdcmgKS6eVxECPSSSUIJJJJQgxJJJQg1JJJQgxJPSUJkYkkkjCGLhAwupKBgXNOTgbJM+oIxA5Qg06s42VF5CYy3dQ5m4zspo4QKloIGArKK93KCjvBygKB5wBkGUzARHpigUZZ6Mj1dQlmKiNm3dUNtlLZ2g8La9SU5moiR2WDa/wAJwI5CzWHUo5jhmmjeOyKoNvk1xB+cqchBksMEkkkoWMSSSUIMSSSUII8IZaSeERPa0eitdkRf9CyeHXyNxy1egA5XnfSTcXAgHsvQGkeqdHo5GqX+owqTWn1XWpE5RpZMwRI7jCSTvpP2VkMN8WJg2joofXdYGzTCGsje7u7C2PxaeDUUDAeI25HvusRS4ErD6OWefZ2aI/6GD2enOqCI+rQsR13TeUlowcrZ0DwaOA/4B/ks91lTiSmMh7qJ5Rkql8dxQdB1ssNW+BzwWkArQX2kbBVeLH9EvmCxfTchhug54/1Xod6pXVFFFVRnLWAAqLk03x2y3IzCSR5SQEQklzISyFCzqS5kLqtPJBJJJIiHpzmOY4jGME4I7brZdJ9XMMf8FvmJI3DSx7vT0KzDy1/4cKNJH3aN1+VpSyf0FN1cLdP09K6525xfSuOrA3wtFZ71BdqZsjJBqxuO6xXS/VPg4tl3IfTPGnW7fH3U2uoZ7BMbrayZKR51AN3GCszjktywbk79k12Bg4VNaL7HcKYShwJA3HorZs2QDjlXsCGSQtlBGFTV9Dvl35LQNcMFCqGRTMLHMwexVBmIrKKSB4qqXIc05wFe9OdYvdKKO45AOzXH1XamiLRsO3qqCsocOLmjdULayenubFVRhzSHA8EKouNip52ESRA+4CyNk6mqrJVNiqHukgfsQTnH2Xo9Bc7ddqfNNIHYGSCdwpkDmJ5dc7NXWGoFwtriA0+YDuFd2HreOZwguALDxutbcLZHURuaGAjusXeOjmTZfB5HjjGyhfZugIZIw9pyHDIKrLlTB7TwFi7T1Vcun3fw65tc9jDhrjzhbq23agu0eYnNc7GSDyp8hSRka+3AkloVFV0BaeF6XXW+M5c1o3CzVzt7Rk4xuop5LMRNS6fw/uoU0enkLSVdFhxwFUVVOc4xhOTygmsFQQWuyBsE35iZh/lHSpb4djlqiujweFbWexclk9T6G+Ksb2Q2jqNrgR5W1XbHbV/1XpwLHsbLE9skbxlr2nIIXy3g42Ww6N+JFw6df8vcC6ppOA3O7B7LNZVnoXho9zc1r9nDKq622uiJqKfdvLm+imWq6W6/UcdfbKhssbhk4O7T6FTW+QjIyFlnUVvM21x3GN1LhkLHB2FOrra2od4tLhjvQqqeKmmkDKppDTsDjZZXAn5GioriZGBjzuOMqeyTXj3WXilLSHNKsKa4FhAfkhVhguvJomNGM55TwB6quirWuAAJUpkmRlUZ5xwySyZzSpUUgcANlABz2RGPLSoZpLJYJyjRzAD7o7XhygprA5JJJQoSSSShBqSSShBySSShBJJJKEEkkkoQeeEzfPsnrmAoQ6PdJJJQgl0E5XElAA3le3DgCPdVlTZonuM1I4wSerTsfyU5226TZMbYV9BdFK6esoHaKyn8RvZ7QjsnpasZhe0O7g7K2IDxggH7qtqbLTTO8SImF/q3uqL+TkDJF2cFHlpYnjBHKK5ldR+Wob40fZzeVxlTTTnEUoyOx5UIpYKya3OZl0JwfZMgr6+hd5iXNCuCM7IZomyA6sHKg1T9BaS9wTgNkw0qyBDhlpyCsxWWx8J1xDn0UenuFdQO+pxaOxUL4Ni5d1Y2VJRdR09QQyYaHK2ZNHMA6NwP2RgNBwM7rqEDg8rok7YVpg4HkZUOttlJVtxLE0k98KWHArvPdTshkK/piogJmoJCMb4BUehul2t0nhzEnHYrbPZjG6h1VupqpuJIxk9wFQBFo+paefSyUaXnlXMNUJPpw77LLVHTcgcXQPGO2VFjdcrbNqBkGNsjcFQpRybtrg5NIDuQD91m6PqiAENrXYPq1XtNW01QwPhmD8+h3VoXJNEO4dPW2ry4xeFIf+JHs4KsFJebLl8TzWU/YfjAWkMuTxwiDB7KiYM/TdSUGWtqHOgedsP23VxHI2o3BCi3Oy265s8Orp2uB4IGCPzWaf05een3eNYqszRDcRSknA9AoGlk2RcYyADyuictA2ys9b+rIZS2lulNJSTjbLh5CfYq+jLZQDG4OB7jdEA0SBN7J+oHuEDQmgHKUDgkswO/KdLTQzD+Y3OECPIxlHEgCYDtZCntMTsmLylVk1FUwHVpyFo8hNcGu2KDBZmmXF0DsSO0KwprlHLgMOSptTbaKpZpfGN++FUSdPSxSF1LOWhGDlSLcTkjhGimcNjuAsu6S50MuZGuc0dxup1Neo3+V+zvuryRou/EhecvjH3wugQuOIped8Z4UWGZkzcjByniJudWFasF4Yd1NBLnxGB59UE0JjOad3hp5FT/AMEjb1SbUVI2nbjHojU0VkGKisp5P57fEZ6hHcKC4DTUwRytxghw3H5pa2yDGcH0KjyUziQW4RxscHlAzWTNXv4TdLXpp+WjNI5xJJjA3P7Lz68fCC72WT5i03CV0kZ8rhkbL2fw6qHzteUVte4D+bCHH7LXVr7IMW8ngsHV3xA6ZeIJWmQMOCXjstRZ/ji1zWU9xp5Y5O+BsF6bVW7p66tIrKNmt3JwsX1F8ILPcHuko5hDncEDOP0XTq18ZfmKkoy7Rd0fWXRvUsTYpRC+V4/FjP55VR1F8CfhP1s0urLMyOaTdzon6cn12XnN4+F/UtpjfKxnjQ74dHucKpt3UHU/TcgiiqJdEZxofnZdCrX7Oa5CZ6eM/wAUd6m/sPUUc8s/SPUYiDvMyOcce2c7heQdSf2dvjB01I9k1mFXG0+V9P5g4evC+kbN8ZbnExsNXNg+q3dm+KVBXMYyocwOP4s5C61PmNTB95MFmicfR+ddztl3tMzqa822alew4draVXltvk8zXt1H2X6b13+wvU9II7pQ01WHHLiWg5Xm/U/9lz4O9WvM8FPNbnO3zTuwfz9V2tN9QRjxeY7dFJ9I+EfAc4Exux6IQFzgOchzF9RXz+w7XxF8/SHVjDEd42VIzt6ZyF5f1F/Zl+MvTbDK+0Mr2tO5pJmvA/ddejzGmu6lgy/xLE+jy+SvkjwJG7/ZFguVPjPB9D2U+52LqeyHw7107PAW8uezZVH+5zPIdH4bu+Vvhq67PweSnTJF1T3Q6AIagjPAyrGm6iuULBG2pcQON8rKfJwfhlx9iusjkjOYJySOxKZvz6JG+yD4Z6NSda1LYmslGSO6tqbrWEhonicfdeUx3KshOCAfyUuO/PyBPEceoQtpnSo8hbDtnsFP1VbZWHD9LvR2ynwXCCpAdHKDntleNxXqlkOPMp8F4ZCA6Kd4/NBJZOjV5ST/ACPYmSatxunDUeQvLKfqeuj2ZUP9t1c0vXFxjDWTsa9o743QNm2Hka32bkucPfKfG7bJCzNP11QyYEsJB+6taXqO1TjPjhuVDXDWVSXZaMLXHBGyc6CAjOjlBinp5Gh8c7C08bopOeEOMDlNSBmlh5DVxtGDwOFITo+6voIjCjI4H7rj6OQjygFT8BLgbKtzJgpX0dRk+RAkopTkui/UK/EnmxhEDgRwom0A4JmSfa4HkiSmZx3aFX1fTVBNxTM98DC3JiYTnSP0QX0MDnasYRqwTLSwksNHnruj7fIfLqjd6gnZR39I11OdVHdZvYFxXpP8Pg9B+ibJbW8xtAIV/KZ56KB5syj6uon5gmbO0ctdvlE/jnU9Of8AebKZGj+hehiilDSNDd0P+GyOJLhsUSuwJloPakzDx9VSHartFTF6nAUuHqaxPaI5Q4H3buFrTaKd31xh2echCk6XsdQ3+ZQxk/YIo38iJ6OxcRKOlulmqXaKeoDXf4nYUttPU5zFVyNb2LXIkvQ1le7LINH2QT0fVUw0W28VLG9myO1Y+yP5zLLSXQfRYNqaxseidzJQBjL274Ud9PbKvAqbRTP9y1Rounup4JNZrWTM/pcFJZFe6U/z7YZG+se6OFvORNlKf+5WyLU9H9MV7BqomUrhnDos/wCqop/hPbZCTS3gRn0eFqnVUwA1Wmt2/wDoaeyaKTDtLmnuHNIITf5Ml0ZZ6CixfdA8/rPhRdIf+y18Ew9eFT1fw/6npRn5MSN9WL2Bk8AGBIAjR1LgcB/Pur/k2e2YL/C0z5jlHgdXZLvb266yikY310qIQ5gyWEfdfRZdHKCHsac7HZQp+nbBWb1FBCSeSWjdMVz9nPn4aceIS/7ngLZy3YhNL9e+ley13wxs1Tn5fyatxk7BUVf8IK6NpkpqqCRv9OrdNjfW+zLPxWpr5xn/AAeafy++EeFtDJzPh44V9W9D3Ogc4VNslw38TRkFUs9Hbm+WaCZh4zg4RqUJdMRttrf3JoIBPj+VOQ3spVNdK6n8r2CQDvlQW22TH+73Fug8BztwgupbnE85aXjsQdijdUZDYa22L7NNS3oSbSRaPuVOZXU7hkOWQppCAfmHGPGx9cqSz5iR2qnlxjuTyg/jwOjT5O3pmqZU0j9nkkpzWtl2Zus5HW1UJ8OWnBPqFZU1ZQyxgl0kD++yCUEuDVDWufZLmtvBON1CltM2s6MEeyneDLMAW1Ac08bojaaqI8PWcdjlVsyW70yma+ppXkYdsjRXV2cSAkqxNpmzqIleD+aT7K2ZhaWNBHqN1PhTZfzSj0MhrRKAWqXDXzkBurI91TTWOqjJdC97S3uFELrpSS7sc9XKnCNEda4dmsbVvI3IC49zZN3aT+SzMd2eTiQlp7hWMFaJQN90CpwMWujLssjBn+7mdH/ynCFJT1WRofgjh7dihmUgBdZXPZgEZHoi+MP+VFdkukv11osNrIvHY3bLPqx9loKC9Wyv8sFSBJ3Y/YhZ2Oogn58rvfZNfbIag6mHQ8fjZs79VajgTLUv+l8GxeDhBETXZ1DI9Fl6WW80D9AqXTsbwJDlWNP1HS6hHVh0TvtsjTwZ7LE/yLGeCPHkbhQ6iha5mXMDh3BCnslhqWh8MrXj2K45mRynQkZbaa7otMzbqFlPMJWZ0/0nhV9daaGtyTGI3nuFq5IWHILBhVlRRYJcwbLfVfKLPIeU+nKrYuSRhq3p6ppSXw+Zo4wokNXVUj8O1DC3D2OaCCNvdVNba4Js+XBPcLoQvyuT53rvBzpltSG2+/zta0+JlvoVoqW6iZoJHPbKw09rrKMl8Pnb6BdprnNTuDX5BHOU5PJ5vUaKVUsSPRmVAeBtjKLnIKytBeHFoIfkemVdU1wjmwCcFGYJ1OJM14PKOyo4bsooc08FOAPqg3CXwTg/I5SzlQvELSOUVs2cDChAksEczCyRocCO4WclFV03UOmYXPp3Ozt2WkEgKUjIpWlkjQ5p5BGVYSZ22XmOuDHR7Z5VwyXOAVgrhRVVnm+Yoy4wF2dI/D/6K4tN7bUaTI/257qA2V5NY14IXXsY8Y7KDHVxlo3P/VSI5g4KCXFo4WCI+QcrrJSdiMIwAPKBJH6KAhsg91xwyEABwKICMcqEBSxE8BVVRTGKTzD7K9GO6DUxRysIcPsfRC0MhLBTsjzg4zhVV/6bob3AYqmJmcHBIWiZT6DjGV10GOBys847h8LHDlHy/wBffCuusRkuNCwyQkk6Gt3aPX7Lzggg4OxC+3K23wVkJhmZnK8e+IHwVbV66+ylschy4tPBWKzT55PUeM83Ff6V7PBXbADK59lIvFpuNnqTT11O+MsOMkbFQ2OyD7rm307T1+nvW1Tg8ofsPROa/J5CAXZSBI3ySsLqOpTqovssoZtIGVMiqSSAQqeOQAAZR4ajDuOEB0a7sltIA8AhR3NXYZwQB6o8jCWjAVGjPsACMo4IxyopyHYT2k4UCUg7Rg5yp1JUdlXtOxCdTS+FJnsVDRVY4vBpqGYlwz3V/TyDA4P5rI0c51NCvqaTIaQUB2tJZwXsbwRsiKFC7YFSmH1UOpGQZJcG66oHkSSSShYw8KM9p3UlNcBhQXP9kMt3QXRNIUt7MHYIOlQRJZ4KmqpWu3A7KslptI3C0ckYO+MqDNTjP0oJrJlnQpdGfmYYz9OyGCWnPCt6imBGzQq2enORpH7pcomKcHWyRR3GaNwAOy0lDcWyhoackDdY8DRueyPS1zoJQ5hwR+hSZwNmk1LrfJv4aguABCI46sEFU1vuAnjDm8jn2VhHOCN1klE9PptQ2sl/Yrw6imEU7iY3bfYrXsmZJu0grzVxWn6fu8MrRTveWuGwysN1eOj0Oj1n9EzUgg9lW19JIQ58Y2zkhWTNhulK0FuOFmOjJbkef3ukc06wzAKvOlLuJKX5KU5czYZ9FIvVvbNTnS3cbrHwTSUFa14JaAdwqMrTqluNvUwmOXxGjbkKyoKtsrQAdwMEKDBMyuomyNOThRKed1DVgOGz9lDdCzJpnF2OVEq6WOujdFKOQcH0T4589uV15O2AoMn9yM909Wvoq+W3T7YJAWqhlIKyd+p3QTx3OAYLThyu7TXNrqcTN5A3QrsCFjitrLKpy9pI55XaGYtcGO7bLjZA4EY7IBd4TtfZVJGqEi8PnZznKq2vLJvDxs4ndSaOqGnGFypi04la3OShwx65EqO9UZlDnluQ7b7K3ZMDtyhVkYlj0Y75RoG9bo4PLrlA6mnLOBnZWfTFxdTVLW6sAnGEbqGhOXODeOCqClldFM05wQUxHmMOjUHrcjQ8NkxyNyo7/KQRuhWiuFZa2tJ1PAwSiFpwhO9CW+OSU0h0RIOchVrSYptJ+lyk0kp1OYdxjKHVhpOR6psXhlTyZ7q6AOjbI7twfdY65UzaqkcNPmaMrfX6OOe3HWMkDlYrHlI+4XSok+MHkPMUZnLPtHmdxh8OckNwcEFBpalzTjHdW93h/mvOnYZVCz6iR2K9142WakfBfqbRumbibWklyxoznIR6tv8AuriBlVdtkLg0H0H+SuXMzSuyOV2I9HgJp1ywMDjNaGu9NkfpyoOHsIyAdlGto/lTQO3YNx7KNZ5HQ3J0bXeUnhVbydbx12LOTZl4LDssr1fTvmovFYMmM5/JaWLdpyq29wGSke0d1mZ6784YK7pSofVUmmRw+nGCiTtMM5aRwVT9M1LopJaYghzCQfdXVWC4g43Sn0FRlLazjnBzcoQJ1crkZyOVxxAO6zSyzWngsaJ4IAPO6dLjxDgYCh08miQOypUjg/B4ygNVMskKuG+VWOcdQ3VrWYIPsFSyHDjk90E+GMaDvOw3UadxaQQiINQ0uaMIW8oQ20wtNUFwwUWqIfCdtxwqxsnhOUwSeIwDPKU0Pjbujgqapxa7ZVV4HiW6QHkHKt6sZcSq2ZofFIxwyC07IjNqfui0Y9pOQM7I/wCFBDSH8bZRvwqHnGBPKQ5SPKcG78oiBGfSE9v1BMZ9ITmkBwyrRT6JLOE8cJjeE4HCallGWwcmJ6YmlM4AcpxPlXcDshuyMoywTsZRo0E8oreEtlnTjG6juO5CdITnlMWeTyyMWM7KVRR78ZUVucgKyt0RkkEbRyVi1M9scHS8dW7LVg33RNrjeBUOGdJycrbqssFGyit0bA3DnAElWO5kGlea1Mt0sn1DxlXxwSJ9NGGMB7o2QgQ5LMZXW533XNayzuR4WAxUCvk0ROaTvupkv3VNWzg1LYmnOeVs01e94E6ifxxycomAQBx+rJWitbWNpRI7n1VPT05OGgbKwrasUdAWNbg42XuPF6bbXk+YfVPkJRplGPsr9M936oZG4fyacBzh7L0OiY2IAMHlWU6PtbooH104JkndqyfTsFrqXJOlrSc+i66i0uD4nr7XKZb2ymNRMHOb5GblSL9cm0cBjZjU4YA9FLo4fkaIyPwTjPKx9dPLeruKSEZJyAmHNXK3MtOjbM+vuIuM41MYSQTxlek4AbgcBVFmoG22gigaMOwC77qza5FlC5S3CPKqLtUlv8pqs6iUQxl6oZs1UpcOSgFDrLQvrKlrnt8gOStixjY2hjAAAoVoo20tM04w5wypyVNkCDlFYdtygrhOBjKiWQAkrwOeFi+oKqW8XCO00jnNaHZke07keisuork6Bny8D8yOG2PUqR0pYm0tOK2qaXSynJ1cp3CQSeCztdGygpI6aJjWNYOAOT6lSnv0DjKc+Rrdgo2S48JeOSM7HG+tmbFkhucnCumtZTRiNjQAPRCo2QwQ6gPNjcpNldNKcqAhWOMjgcbKWAGtCBHgbqPc7hFR0b5XnGBnlTJaWSt6sv38Mp/Age3xXjjPZea1VyFBT1F7q3ZleSIwVJqrhJeLhLcJcthhB3cdiAsdPVVHVF3OpzWUNG7UezTjgf5I4rPJrqr9kNrYmCp6t6il33cxrncemPQLyx8tf8UOpmuw/wDhdKSPTJ9T7bK/+KN7quorlF0bZhmPZs2j3K03S3TtL03bIrfTMAcANbu7imY9Ha06jpa2/wCt9FrbLfS2qmZR0sYbEwAYAxn7qyho3XBwxlsLD5neqZR0UlTKI2jb8R9FifjH8S4ekrebFaKj/fXg7s4GP/moJvCMtNU9db8a7M78b/iaGU46LsE2iNoIqXsdufb2XhAl1uwRwuSVU1TKZ5i5z5CSSTklcYfMNlz7Jts95odHDRVKCXPskta0gbJ3lByAmt+kJzsNGSUJoec4RwnAyoc83YBEmlHCiDJckyngZGI4l0h3CkQwgeYjdKGIEbhF+lCuS28HQAOF1JcztkJiSXIOMhRt3Qpp2sG5CDNWtaC1Vk8zpCcOSrL1FfaNrqzyw1XXnOInKA+Rzzk8ru3qmh5yVz7rnLs0Rgl0cJyuJJZwkB/iO8R3ouBxHDVzUP6Ui4eihDmsruD6rga53DUXwJT9LUzDZAadod6IzKOTILsAIuhrMbcJirI+CKIneie2DJ34+6kbeiZpKr+xW8e2np8ZLN11opGndmCmYcuad9wrJkNrYPpbsl4g7DCaGpafdUTc10d8R3fhJdwUhHg/SmKBSlkWCiNaQckJ0be5CKGjG4UGxQzORxhOjHc9k7khEDMYOFQ7CRzT7LrW78IgHqlgKm8hJLscGNwEtITgcbAJZHoh2jE8HDwh4OURPLQOAo0T8gYjBGSEvCb6YR2sBThCpwhirXZFNIHf/NXBRnPH7qboKWgqnyNVZEFP7BIxOG+lShEQUTbH0ocDFVkhZcNsJ+Hf0/upPgj0Cd4YVYYxVkV8YeMOZkIbrdSvzlgyfZT/AAhjZqYIiXcboWnEF0xZVTWPG8Jyoc1BURN3bkLTtiwPRNAH4hlEptCbNHCRjXMdGSCD+acDla2egpahmh8IVTU2B4BdTSZ/wuTFYjJZo7I8xXBTEYXeEWSmnhcWyROGPUJg5RYTM8oSh+RzSR2yuavZGGCBsuEY7oXXzyKGNyNs7Ig4QgfNhFHCqUcEGpJJIiCSSSVyWSD0kklRBJJJIyDEkkkQAVJJJWCXFkur6WTwpXZjPqtUx7JI9THZB4Xn7Sr2xXgQSCnqHHS7Zp9EyqzLwczUUdzgjREHPC4pIDS3IwR6oRGCtJzk30wKSJp90tPuiyHkFgJEAdk/QUtBVcEyAzzsplsndFMBnYqNp905oxwUxdgyjuRp8tlGpoQ3Mxug2mqBYInjJKsJYhyAmrk588wlghaT6JYKPgJEDHChcZ5IpBwhOBB4Ust34TNHsrGMNYbnLZ7vBWscQ0ODX+7V7rTVMdbSsqoXBzZWhwwV4A6I4Xo/wxv/AI0clmqXfzIxqjJPIT67McHN1enUluRuDynLpGENaE8nHHpJJKEEkkkoQSSSShBiSSShBqSSShQxJJJGTeJJJJQMYlgcpJKBiTZRlqcuOBLSAoQrpgAdlCPKnTgg7qCeVBoxMT0xQtcEK5s10cjcZ2XmdSSJ3xEY0lepTjLSPULzK7M0XSdp23Wazg6Ollngt7U7NOBlWQ4VFapC3SM7Dsrlpzv6oE8jLVhjkkklYAxJJJQgkxPTFCD11q4nM5VoiLzpIH+IH7LctJWK6SA+fJ/wrZDkpy6OXqOZslsdnOURRWqQ1MMElzwOXDwuppeGjV/TuVBi7PLfiZOZr7HCeIollY3aSD6HKsOq6wVl/qpjknWQN+yrGuyDss8+z0mnrSqSPXrHP8xbYH5/AMhEu9JHVUEjXjJG4VP0TWMqLcGA7x4aVoJQHDB4KiWUce1bLjyoQGluoMRwA8L0pzg626Ozmj/JZS+WZ8deZYm7OOVr6Fp+WjY7kMH+SiX7GWWbsGSlgMT9DjuhuZgcqbdW+FVu2UR5AbugGx5RHJOUslI8rigR0E5RARhCXclQg5PTE7IVt4Iez1lqqKOQseNQAyHDuFAc0k6V6XV2rxmYLAstd7DLEwyxx/svykrM9n9B9uTMSwZG3dXvT/U1RRMNtrsSU7tgHb4CqXRkHBCFIzbI5TAJReTQXSmntErbraHa6d3mfGDwrrp/qymuMbY3kNcdhk8H0WXst5dSu+Vq/PA7bfsjXawTxO/itjGqP6nsb2VSRcT0WObON+UUnK8/sfWI0NgrSWvacZWupLnDUNBa8OBQSWBqZYvjY4Ycq2tt7SNUbVOL9QyF0nt6pbLMvcLXG+IxPbuNwe4UCiqq6zTa6aVwHcE8rXVNMJcEBVNbbDyG8ocFNZNRYOr6GvhYKhwZKPKfurx9NBVDOkDPcLx2SmNPKXRuLSd8D1WksfW1Rb3tirWmSPjI7Il+gJRwaK9dK09bG4SQtfscHG6wpoLv09V+NTBz4mu4HOF6zQ3Clr4RJDIDqHHdNq7VTVjCHxgH1AVNYKjIy1q6pprizwapxjkAxh2ylyRxPBBaHNPqqK+dLz0tQ6WFpAG4IXLfepaYNiny4N2Koj5Fc7QS8vhG3os/WW5zORghbuGrgrY8ROGcbgqurrW94L2gHurU/QRgp6XTy1Vc0eMghbGst5H4RwqOsoSDsAE5SyU1gz72kFCVlPT45aoU0JaeEQOC16Z6muPTFV81QSHDtnxn6XN+3qvaOl/iBaOpqaNjXiCqx5o5Djf2XgGkt5ToppYJBLBK6N7TkOacEJc61IXOH6PqRj3A5ITpmQ1sZgmaBng+68o6N+Kzg2O2dQgbDSyfVz7H3XqdFNBWxNmp5A9jxkFu6xzpaYCi0VdTb6igOuMl7FyGYPwc7+iuXZYdJ3+6h1VBBUjXH/Lf6jbKzuOGTfyKGqLSM7K1pqzIA2KzRE9M8RT5x2cpdPU6CMnZBgqaUkaRk4HAG6lAhwyHBUUNU14GCVOhn1Y3QGWVeCeCR3R4ZicBQ2SjujAqhEoZZZMcCOQnKvimLTupTJmqAShgIkuAg8LqgsckkkoQSSSShB6YknqEGJJ6ShBJJJKEEkkkoQSSSShBJJ6SvBGJJJJULZ0AHIIUKrs9JVHW1vhSf1M2U1qe1QrODPyUtfRfUPFj7EcpkVfGTgnSfQrStA32UKss9BV7yRaXerdlA4z9FcamMjBwQmPbR1LSxzG7oM9mraFxfC7xov6e4XIpKcbA+DIOz9lAlJor63p97cyU7s/ZQIqq5W131OLRyFpRUVERy4B7PZNf8lWeWRga4oxu4r6LquMuDahuCr2nrKapaHRSg57LO13TrXZfCB9wqh8FxoH5jc7A7KESyegl55Gy7HKSdJCyNv6pkYRFVtO3qranv9HUO0atP3UJhl8Hg910jKrY6yFx/vQprKppaMEYKvIDQXSCMIL4Wv2IA+4yjtfkZwuEZUwV0Udf0tFODPTgMf3HYqsdRXK2ASxZGP6Stm3uhuia/Idgg+oVAdmcoOqCHCKsZgjvhaCluFLO0OjlBz7qFXdOUdT5gNDj3AVHUWG40eoxPLmDcaSoVhM2bXat8Lp37rE0fUVfb3iKpBewevIV/SX+hrgA2URu7hxUC2NEutoKSsjMU0bHOPfHCp5bPd7SDJaKkvYNyx5yVeRlv1ZBzwUcOAGM8KA7WZiDq0wuEF2gdA/jVg4K0FLOyQBzHB4cMgg5Qqyjoa+MxVkAe37BVpsL6TMlrqXxuH4SThQE0IIxjhMOrUN+VRNvlTRuENwgc0/94PpVrS3Glq2gxytJ+6heCYCccruSm6hxldUAawEyVwuIK4HAnAK6oLfI/S131NB+4UOosdFUv8QMEbjzpCmg4TgdiVYttxKGqttwojrpzrZ/h5QYbxUU7gKylma3+ot2Wlc7VthDdG1+zgHfcZVMpT/ZBorxRVR0wTgu7tzgqc46gCQq+r6at1U7xWtdBKfxRbKJ/C7xQt1UtaakD8Ep7IMvJMxfRc6G+iC5k4OqJ+D6EqB/E6+k0muoHhh/E3fCmw3KkmaHNlG/bKPcyg8dTUMAE0YcO6Iypp3nGgZ90OORkrA9hyCk6FjuWq9zBwEkgp5fMzYpjqSUDMLyCOxPKA+F+Q6KQtI4XRUVtMMvLZR6cJinnsHag2JmMxKwEHnG4QKi322tiMNXQxuB4y0bKSy408gy4Oae4IRWuppBhsjcn1KdCxx6YGcGEvPwf6YujnSUjX00ju7Nx+iytx+CF7oh4tkukbz/AEPOk4/1XtDaYg7bBcfG5o3C0w1lsPZfZ841NL8SOlJi02WaogZ9JbkA/nuptr+ME1tH/vajmpiw4ka/8K+gY2FoyQq+usNgu503Kx0s53DtTB5vzWmPkJP8xbhF9nnVv+MHTldE2RlzEY/pecLY0F9t1wgZJT1DH6xnkYKo7z8Eegbrq8K3PpNXPhvWQqf7PVwonB/SvWUtva45BducemMrRXq65e8AumvH6PT6iK3Vmn5qip59GceJGHYz6LDdR/A74XdTxObVdK0kEhORLTAxOz928rLydKfH/p3Hy1XS3URf4tf+gwkPi51z065sHV3w+uJe0YdJCNvvjC31a+dfMJszvSxM7f8A+x50fVMP8HvldQvJyHOIkAHpjb/NedXv+yZ1zbdRstdSXED6cP0E/fJXvds/tAdFVc3gXSOrtzuMzMyAfTK29q6v6Wvbgy1XqmneRnSCAcLpU+b1NPUs/wCRE9HU/R8IXb4V/EqxuxXdLT6Qca2EOH54WXqIKqmldBWUr45GHBBav0sJgcd3MP6KlvXRvS97Djc7LS1If9WuMFdCv6psh/vL/sA9FX6PznA3O2E6PId9S+3b1/Z5+Gd3BAsopSeDCdJ/NYS7/wBkS1StItN+bSOLshzxq29MZC6VH1LpruGsC3pf0fNUVQ9oByEZlzqBgHhewXX+yd1vSBxttypawD6Sct1f5rIXP4GfEi16s2J82nnQVuh5TS2cqaAemknwZVlcNtWykw3Fn4Cotb071BQA/N2eqjLTpcCw7FRo4JYt5GYz2WuGrqn1JDYRlE01JddsNne321K0p+qLlTtDWT6mjjJ3WHOedR++V2KWoxpEuFo+SLNMbrf2em0XXFUDioY2RvorSn63t0jg17Cz815NHVTxu+vhHjujm41RhxHfhA2h9Wrti+z2mn6is1QM/Nhv3VhHUUUzQ6GqY4HggrxGK9Q6RqaQVOpb2yPGidzPz2VZNUdbJ8SR7MynEgywg/ZJ0L28sP6LzGk6lrWY8G6tb7Fyt4er743H+8Nlb74VKRojq4rs2mld8NyzEPXNRFgVFI12edDVYQ9dW1wAno5mjvsryNWqql7LYN35RRpIHCr4ep+n6kgNmMRP9eymCotNQAaeqY7/AMSrcg3OE+gw08Ahd0hd8BmMxuyugFu2CopBKKYPwm8pogOdtlI1+ycN1eUEq8ABTj0wiCnAOQi5Pongg91N2Bm0Z4Z7bIga7PKIGtRGho3Awr3gSgpDWsyOU11NCfqiac8+UKQC31TtAV7wVp4PloiCy22b66dpPsECTpi1yZGmVuf6SrVqeAcq1NroqWjql6KB3SNCf7qepYcdyor+k6gZMFaXezyteNxulpHoEatn+xM/EaefoxDun79TH+VplaO2VDnN9pcma2SgeoOy9D+yYWOPf91HbgzWeCg/wkzzp14nYNNRTP8AcOH/AFUepqrRcAGXG3RzsHAIGR+a9Ifb6OYET0zHA87BVtX0fZqrJDHxE/0Ko6jBit8NOPSTPNZ+juirg/UYTTZ9HYVVVfDgRB0tkvbKgZ8sErOP/Fn/AEXpFb8OmSML6GseHDhrzsVU1PSHUdDH41PCybHIikyR90yOslEwW+C3fnXj/B5dcLBc6KTRcrD4uNi6nbnHuo38Fs0uA6skhcfwvJBC9Ta+80LM3S1ymI/iAyQgy0vSNb/Pr4I2E93NwtUNdt7MFng0vweP8nnLemast/3K9U8rRwHHJC6/pm/RAOeInDsQvRJeibBXM8WgeQ08eE/Cht6HvdLNmhvA8IDaOqJITFra7GZp+IvhzHn/AAeeGOvpnGKSCQEckDZSoLlI1obLVMjx/WVsTb+qo3OZXWymmh3wY2Yz+aBVRWt5ay5dPSwjjWyPv906N0WJejvj2mirpq9zmhsVWyQns05R33EwgGWFzvdoTJelbDWyE0VZLSSt4LJCP1ygCxdR2yQNobnR1bPWZ++E3ItV2x7J8N5o5XeG9r4ie724BUlsdFKf76Mk/ZUU9ddaN2m+2KRlOTgTNbqafcYRIpun65wZT1RjkHBJ0qfJ+y0tvaJVz6YgqB4jGBpO4c0bKkrum7lT4dTBxI79itJFFeqUkxytqYm/h5OEQdQvjOiuopMdwG8KOeBU4uXRghV3GklIna4EcghFZeS44IC3D/4LXsJexp1djyFVV3Q1FVNdJb5fCfzjOxRRlkTKNsWU8dax7NRlAz2Toqyohd4kcpH5qPV9GXajjMjHeIe4bnKrWzV1C7RPG8AdnBHtTK+d19mkZfywhtSzP+IKxiq6OrAdlhPusq2tppm+YbogdCW6oz+hRSpj2iLVbniRqhDpOuCRzB6NdsUdl1raXDZIHVDPVo3Cy1LcamndgSFzRwHFWsV8jLRqaQ7vgocND4214+00tNcqSr21hju7XDBR5KdpbnsVR+FS1LRM17S5w5CfEK+m80cxewcNdujjJgtyl/cPPSDOWt591CqaCQbtbspDLzEx+mraW5244U/MMsYkp5WvB7A7rVXa0zmarR1X5ysGd8HRs5uFCrbbSVO5YA49wtFLSskDjI3dVM1M5hJG4yt9d2ezxflvDxlHEUZmWkqaKU+EXED8xhTaGum1APAyFZZb+ID9FHqKGOU64SGP/YrZF5R4PWeNspzktKSvJDQTz3VpHKHtGSsdmppXYdkAforKkurdIBByOfdCcWdeDR4GMg5SEvqFCp6wvGCiGUO9lYlxwTWS88D80XxFBac90QPwc5JUBJTgHjBAIWfulslpJfnKIHTnLmBXzXJ44OQoEmUVtvTwdL3Yx2K1FJWMma0g59VmLpZQ+R09IdLjuW8bqFR3eWmf4M+ppacZUKlFM9FjlyEQnKz1Dc3kN1OyDwreOfUAcZyoZpRaJelvZC0FND8FOEnbCgJ3OEs5S5SUKB5Hdv7pacpafdIHPZLwM/yc8L/D+6Xhe3KkacjYrugn8X7JYvcYHrD4aWXqSBxMQbMQTqPBXzp1f8Mbz01NJI2Iy0+Tp07kBfY4ib+IZUC62O33OMsqYGnPcBIuojYuTs+N8xbo3tfMT4TcwsJDmkEeqQIXv/X3wImlkmuNjcwh+SYsd/ZeGXax3axzujrqORgaSM4XKu0rj0e60nkqdXHNb5/RCBIPOco7DsD6KMPPv6LpJbj3XPlVk7dGplBJSLCGo3GcYCs452uaAVntRBB9FLpanQcOJKTsaZ1KtTF8FhOMHI4TWHsnNe2ZqA4GN3sqNKnjklDdJpLSE2JwyCU+TGBhQarCxo5hqHutFQO2BJWQpn6XgkrRW6cZACh1NLqMcGjhOw3UlhG26ronZbsSpUR3G6h2a57kTmnIyupsZy1OO6hpUsDshdQxn1RFBoxcduF1JQVYBc05JxsmN7qQQOUIsOdgoJIzxgKHJudwrB49FFezfYIMZAfBCkjBHChT0/cBWrmdj3QJI1HERbDcihqKdw3a3GygvDmELRSQjBw3sqqppjnIalyjwYmnHodbq6WnkGDt3HqtNS1pkA25WMOoFWVtuLo3Nildt2KxWROhoNd8b2WGvExcOy7HUvppGysOCDlQ6eRrwDlHIB4Kx2QyeohZlJnoFkvfzoaC/JxuFdF5k7cLyugrZqCXxIj9wt/Y73BcIWtc4B+MLFZHB39Lq98dsywlZrGCsV1FbzBMXtb5XbgrbS+g7qrudI2shMRG/YpWB92JR4KXpK5mOQ0srs9t1ortSB0YljHG+VgJRLb60OGRodgr0G1VbLhb25ILgMFTBVVnO1grZXHIglO/YlXbGh7CTssjXtfR1Ac0HAOVobbXiqpmvG5AwVRqU8dimEcpdBKwEHbBCprc91lu5pyT4E+wB4BV5Utz/MbyFV3Kn+cjErNpI9x+SskuOUXzZcHGOV2cZj0g7lVlprhV0wDvrYMO/JToz4gI9FckNhMLTzluBjhWTZGyxgA5HcKmJ0OUylm07EIcI1QsOEmCcsdw7cLtR/Mb6J1cwOY2UfV6pkUgezc7jZBLsv5MlBf6YmHIHKw88Zjkwe5XplwgE0ZZjlYK7UxheXY2BTY9HF19WHvRddJ3PQ/wHu2Oy1r5GuYV5XbK11JXAk4GV6TTVDJ6dkzDkOAKsPSX5jtCU5xK/f8ACuTE6CT6rjP74b9l2oIDR91a7Ne/JHnYJad7HDI0lYWZhjkc3B2JAC3YIcw43BWNuDQLjgDA3XQolg4flYZW8x16oAYpZRz91jaiPw3EgL0CsAc+alI+yxNwi8N+42GV6/xOoz9h8a+rdOtvzEq01fDXO9lqaSUPi0O32wVh6Y77Hdam0TOeGjO4G69IuEfJNUsfeTaYaJZWkY2UCLNLcw942cVYOIbUNe3bVsVDrmfzmvAzuo+QNLY4WI1cJ2DmnIKFXt1UrwuW54fSsOclGkAIwUiSwe4rnuimYSg1U11lY8AaitNVNBjBwsvdiaS9OeeHHA9lp6SUzUzHE5OMJLNFTwyFFKASMcHCZPu7YoLiWzuA9U+V+ktGEqSNSeQ0LznhSpHlzRsocbxnYKSH5jyBlJfDHVvAOQlzTlVM7cvJz3KtdW/HKqrh5HuLRgFL7NA1rs7hdqCNI2QYn4YG4RHHIUFTlgr585CLFMQ3CZP3Pso8UwDgCgwJVm0kVHGVVSYOoZ5VnK4OZjPKpJSWzOaexVi77eDO1H8uZzNPBPddByiVwHzLt8ITcDg5QtYOLLGeBg5TCd8p4OCmIZlBAcrrfqC41OaPMD6K0U+iXFwE8nCZFwE9y119Cpo64YCGPqRX8IJ5RCWHjxggoMmMLreEx/Kp8FDPxJ34UNpyeET8KCUsBg38po5XX/UV0cJDZTOtGStD0xQS1NawNHcKigaXOAAySvSOibeIB4rm5cW7Ll62xKJ6jwGncpps2EIMcLIsbtUunbnchB0gYxlSohgBebulk+laaGGmgwGEhucpOXCQ3nslVxyzocJDKqQsbsOBlUsTTPXB/oVNvFQ5sbWtONXKHaICSZjxnAXb8fpnKWTzXlNf8S2p4LakiGclV9fLJVXCOlaMt4wPurJrw0fqhdNURrbo+sc0ljXYBK91pKlVWkfD/qXyUrrmos11LG2CCOMADS0bK96fpnvl8bHl43VIInTVQhj5OAFrmtFtoWgDBA3T8I8Pc9zK7qe7GkpjTM2c/wAoTOhrU6SV90lj2+hpPqqB3j369tiblzNeP3XqdDRxUNLFTRtxobuo1kzzeyG0mjhNdsk12y5qDdyeFSjhmUiXOc+AQBugWiille2QjATZ3GomIaDhX1FAIYmjupPohOAwAPRJIcJLNLsg9RLjWxUcWt7h7BFqpxTwmQ9lkXSVd3rTg5bnA9k2BCVZaCW83R1VLnwmOzkjbZbBzQxukHYcBOttDHQ0McLWgOxqcUCok8R+lh47q29wLWRhLnPwpkMPG3KDBFuCQphIaxCUMleYniJvBRoPLj3UYeeYOPZTGlrRlQgSSbw2kkLznq+/SXCr/hFMSCR5iPTur/qu9CniNPC/zhvAPJKwNfXR2i3yXKo3qXjA9d1MYHVRyyh6uuklPFF07RPOuXBl084VF1LW/wCzNi+VocGqnZlrc9+x/VWtloZ9c3Udzj1SSnYO40eiyNVJ/tDe6iue0mmpn+HA30cEw6dMcLL6O9FWB1sjkuVwxJXVWHFzty1bSmgc4gluSeAg2q3vIEkvpnfsrm4XK32K1S3Wr0tEIGHYVuSiS6zdPKKbrfrK29AWE1NTtUStc2NvfVjn7DK+Rr5eKy/XWa6V0zpJZnZJceFcdf8AWdZ1nepK2eVxjDjoZnygeyy4DiVkut9HtvFaBaGndJfewoaDjZFjjz2Sjj4yETgLP2dKU2zrfKCVGnm7YRJJtIIHdQ3SanHZDLlFwWRr3OeUWNh1Alq5EwkjIUvSNtkja2xjlgTdhslkeqdkBu6jvkDe6ttRKSyPc4NGSeFAqazOWxuSnqs7KCfMSeFmtv8ASHVV7RzpXPO5QycrpOVxYnJt5NKikN1HGMrmR6pxjdjYcpCmcDl52KEoZ9XHZcDXuOAFI8KJpGnZP1NYNmo4xyQCylmdvgAI8UDGjz7n7pNcXcbfmmhjzyeUahgCTCZhacHZd8XA8rdkMQHOSEcRgDCY4kBeM7VjByn6SRkhODRnhEAGFX+CnMDgpYKJgJYCoobgJJ6ShTfAl0DukOU8AYVpFbmjoZgDZLAXQSujY5TQ65oeGgHIC7gnBwmg6sdkYABUOyNA7BEA7rg5RAO6g+Mjo4STshdUD3IYknroOEIaQNFAwuhpCeGYwcKDIxycYDyijhIBdSho7ATsBNRA0ncBWho3ASwE7SR2SAOVY6BzT7LuCitaCMkLuhvoqzgaDXMBHwUgDlDJ7iAvCd/T+662Ig7t/dSA3bhLR7IcYIB0A4ACQhJPP7KUI8425T2RAgjCJRyGl6REfTse3D2A59lVV1hgnjzBhjxvxsVeFhXNBVcoGzTQsXJhp6SqpHls0Rx/UOEMOBW8lgjmYWSRhwPqqOu6Xa4GWjfh3Ok8JkZZORqdDKK3QM9p905dlp6ilf4c8Rb2z2XETWTnyg4diTEk9Uo4BGJJ6SsgkkklSjggkkkkRByaknIiAl0HC4koAFXQTkbriStcPIBq+nruHD5epeONjlXjmZ3HC86jkdE4OB4W+s1wFwow3UMx4Wmueezj6yj4vvCkkchc1eyM6EZ4XBFg5AWjgxpggzO4b+6RZjct/dGwEsBQjkRsFMUktB3whAHdRvBankPQz+DM09srSiRs7A5m4WSz6bLQ2WcSRiM8p1bz2I1EcLcSCzBTXN91LkhLd9P7oRbtyjMieSMW+oSwEQg5TTwoWrMgnsGE621U9trY6uB+lzHAnfkeichyMOAQrjwXZFWRwe40NdFX0sdVT7xvaCCpCw3w3uxljfa55Pp3YCt2WgZweFqj0cC+GybQJPTTsnIhQkVCRVTICSSSVkGJJJKEGpJJKEEkkkjEjEkklBwxJJJQISe3GN0JOYcd1WQyLVtAJIVYeVb1g8upVLvqKsgJyG9EchvUGsCQvNuqWmK6vw3GV6S76SsB100C6x4GMxhZ7uI5OjoeZ4IdqJ5ytDGMNA9lnbURgfktG04aD6hIhyatQsPA5JMSTDOJJJJQgkkklCDERqGiNVoiNL0g0Ged2NwNitbHnIysx0Y0Dx3kZB2WnDvZNXRy7/zYccIur2UYcog4TTM1yGUC6VHytvqZf/obgpmsNBKzfWFf4FknztqyAqbwNpW6aR5RUyOnqpJ3cuJP7po3XA4Hf1XVmk8s78E4xSNf0JWCGSSA/i3W61ahheWdPVLaa4N1HAfsvUYXB8YI7gI48nJ1cGrMjJaZlRs9oIHqiQt04A2wnN2XTyjawZslLf6YFnjMbvndUD8nHZa65xOmpXBnI3WWe0jIPIQM1VWcYIqSc8YKaqHDUkklCDl3JXEkBD7DLGDgZUaenilHnblTiPVCc33X5LTwf0JTyY+89KeNmWjI1HfBWSq6Gamc5kjcOad162xgJyeyq7lYqa4EvLAHnumQtwymsnlL4wSOyurFfJaCQQzO1RO2IKddrDUUc7gGnSPZVD2lu3dO3KRT6L+89NU1cf4hbHBrnjJaD3VNbr1W2qs+WridAOPsjWu8y0UoikcXRntlXFxtNJe4RNE9rZMZDkWMgZ5L21XqnrmhgkGexVuHg87LyhjLj09VBzwfDzjIOy1tl6ohqiIZX7njJQSjgZCf7NYz3OcJTQslGHBRopg7b1Ulr9Q3QhkCptsDmEhu+FnK+2TRgvaMgHhbMtDuUCemg2Bjz+aDaQyFtutwt8gME7gB+EnZb6y9cRShsdaMO43WXrbDqeZqUgHu0qrDXROLHghzTghXgqUD2aGpttyi05Ycjgqhv3R8NQ3xaLSx/wBtisha77LTAMc8nHBW6s3U1JVsEdQ4AjvyqFNuDMOY6u01GmQFpYd/dXFPcmVEYEhG/dbGstdBcoiXMY8EbHusdXdOVFukdLC/XFn6e4QlfJkjVdEyTdpBBVJXWwAZwtE3doB7KPUwBwwrgxmTFVdvOdm8dlV1FG4fhW2qqQH8AVVPRHfyhPyQyctPo204/NRTG4cq/rKPJyG4VdJTOby1WU4kArRdM9e3rp2QMbK6SHP0k7gKmdH2QHMLd1TSkVKOD6H6Y62tXVUYjicI6prcuYTz9lfeEWHcfcL5goa+eimEtPI6N7TkOacFerdIfFCINZTXkuc44b4hP+ayW08iXE9GnjjnjMUjB91Wy0c0HmjdraOynRVdPXN8SklbI0jPlOU0sduM43WZxwAntIVPUva7duPurOlrBkbgqFJT6zqGyjubJDuMn2ykSWSniZpoZhIBhwUpkmkjG6zFFXuaQHFXMFUyUDSUPQuUMFq1wcAcgFObKQQ1QmyYxun+JqAB2VCZQLSN3iDJcEbIPBVWyR7D5TgFSoptX1KGecGS0lzK6oLawOSSSUKEnpieoQSSSShBJJJKEEkkkoQekkkjIJJJJUyMSSSSEWxySSShQl3BSHKdv6qAt4Oubq7qFW2mirGFs0Qye42U9JQH5DLy9LXKnYX2i4sGP+HM7Y+wVZNVXGjPh3SzzBzeZIm5B91uXMBOUQHIw4B333UDhdJPkwlHf6eSXwWvcPZyuhAyVoe6MHIVp/C7a7LxRReJ3dpCYKd7DlkeyMd8u4ztf09T1AJYwRuPos5V2e4UDi5gLwPReiv8MAeINKGIIpTwN1Ao2pPk8+or2YXeHVMdgd/RXUNcypGqCYOJ7Bytrh01RVIc7wQ0u7tCzlf0nPTHxaOR7HDfI4KgbnGXRd09zrKUAysc6P15VjBeqeUDOxWIivVytZEVdCZGDk4yFbUt2tFywQWxP9CcBQvGejXxVEUozG8ORgcrLhk8BEkLzjsWlS471JFpbO381eQJRwaDGSF0NDeTyoFNc45QNwcqWZmOAIKj5FtMj1Vqo6g6n07C498Kjr+lYtRlpvvgHC0oOFw5KmAsyXRiWXC62Z2k63xj8L1b0HVtHUYZMCx/cFX76WCZmiWJrwfUKjrulaSUufTDQ4qEUo+yzZVQTgPjla780QSN041ArGVVjvNucZaJ7yW787KysNzrakaKyExvbschUW1HGYsv3U0dU0xysDmuHBGVUu6Uipnmot08kb850h236K7ZxznuikbYV4EOxp8FXDcqiFwirYnAj8QGxU9lZE8DS4HK5JAJhgjKivtmPNC4tcqfBPyLJkgd3RQcqidNVQHQ5pPupVLcg5wZIcIU8lNYLV2cjBXdRbsd8qP8w3O2Ci+IHDOUQtxyPByMrqCug4OVBTwSMlc1750rgk7YSwDvhAKaSfATVqGHDPsVEmsluncXvg0l3OkkKSDhE1Ad0a4CTwVDrDNDL4lHXPYP6X7hB8W+UcmiWnZO3sWnCvtfumPIPdWpItt+ynZf6QDFTHJE8bEFqmQ1dJUsEkU7HA++6kGngef5kbHfdoKiTdOWyR3iwB8DjnOg4H6KSWQc7uA/hxuGdAwfZAfRNzqiyHfdB/gdfTP8SjuRd/hlOQk+W+0P82ajjqY+/hHcIllCnEksdcKYaw7W30Kf/FnRn+dD5VFb1PSN8tTBNEe4cxTGV9prPJHLGcjg4BCaQJHcaeQcgZ9SpbdEjQ5hBHsoYt9HMPIR+SGbRPHvSVMgHoShaBcWTSwgc8pNbtjKrz/Fqd2+mUY4KcLk5hxUU74z32S8tMBlgG47/suGNjvqY0/cZQW3CgcAfmQD6FHa5j26mPa4H0KbG6S4RCiu/RfS9+1C5WKjk1/ViIDKwl0/s0fDyvf41E2st0mrUDTS6QD9l6wAT2RFphqLY85APEJPgF1VavJ0l8Ta+HP0Q1XnYP15Qjb/AO0X0y8ONNaL5DGNLfD0tf8AfGy9zxvlO2O2VoWusiuSHhc3xS6mtbxF1V8OrrDIB55YWAsJ9lYWn4t9F3JrZDVy0me9RHoH2ByvZ4wBuQD9wqu59K9M3kuNysdLPqILtcYOUcdapdoBoy1Bf7JcX+FQ3SnnfjOlrxlWkZx2yoVZ8G/h/WEGG0uoiM7079GPttsoX/sjvNvB/wBnes6pjCf7qpy9uPtlGtTX+yPhF4+lpZj/ADqaJ/8AzNBVJd/h50beMmssVM7Vx5Bt+yK2yfEm1hjGCguTQNycsP8Aqoj+q77RzeFful6umjacGSNupoP6DZPhrZw/BiZLkyty/s0/DC7B/wD7ulp9Xdj+FmKv+xxYJsSWi9vjxsHy7/tlevU/WlheMPndE7trGAVf0lbSVkYdS1LH7ZwHLRDy2qg+Jso+TLx/ZJ66pnSGhq6GpDf6HnKx10/s/fFC1Fxn6ele1vdm+Qvu4yShuCCQF2Os0DzsyPQhbavqLU1rD5LPzjufR98tJcK23Ssa3YnT3Vc+hfjLgW/sv0xdFZK7Hz8EZPo5gKqrh8NfhzedRqrLSvLuP5Y2/ZbavqWfcwz83vljkYdg+qNE+uj2ZUk+y+77v/Zs+HNx1fL0LKfV/Q1Yu4/2O7JUNcKG+ujeTkEw6sD0+oLfR9R1S/3GW5R/qZ8jtud3pz/fY/NWEHVEjWhtRTh5HcHle9XP+x91PT6fl6uCfb8IIWMvX9nfr2yl3i9OSyAcFq2w89ppvGSnKH9LPPf9pLa9w+YpnN9wp1Pd7O8AwVjo3ehdhCunw26loJi2a2Stb7jhUVTYHUriJmaXd/Zba9fTZymPhPb0a+K61wINBdpfzfkKzpeqOpqduzo5R/iHK8zNK6F2WVMo/wDEpEVbeYcGnqnkDsSnLVQf4sN6ieeD1Km66uMLv/eFuD2//Q2qwh+IFqeQJqeaMn1C8mZ1NeafDZml477qdB1bROYRWUT99zlqJajIa1ViPW6fq2yz/TM5ufVWEFwoarHg1TSecE4XjcV7stS4RsBiJH4tlMgqadnlgrSB2Bfwmq1PoYtdP2exsk/xA/ZEa4leTQ3K5x4MNe/H/NlWND1Nd6aTUZfFHoUeTRDVxf5HpbXlHY4b4KwEfW1SXgTRAN9QrKn62t+wmDmn1V7mzbDU1S9myBLTwniTP4eFRU3U1vnYC2dmPcqVDd6aV2mOdv5lVKWBqtg/xLQVDAcP2TxNCR9W6hxzxu+ogkruQd8gKvkGxWSYHA904DJHuouHYGHJ8ZqGkES/so7MhbCZggbpdiUEVD9g85TxUsd9KDIaWBDbIA5XNJ/p/dP8QHBY8bpwAKmWMUc9kZ0bZBpkAcDyCFCrenLLWRGOpoIng8+UBWukHuu6fdTLKno6bO0Ymq+HNlc5slDPV0kjeHRSY/X1UR3S3VtDLrtl9iqs8tqvJgf82+Vu3R7junNg0jfurjLaZLPFUy/Hg89F16joJTFebMfCG3iwnU0/l/qlH1NY5pBG+bQTx4jcArfyR6hhwyPfdQa+x2y56WV1PTyMbnAcMH8k1aiS6Mc/EyjzF5/yZZtk6buLvmPAjJO2qMgD9kGq6OpSzNE8tdyAVc1fw36fnLZKOSallYMB8bz/ANVBk6N6loNH8M6hbUt/A2oZgn88o46yce2ZbdBJflD/ALFTJYbhEwNe4Pa3cAnYKjuHSduq5TNV0jA52clm2VsZK3rS3RgXHpyKtYdsU5w4e/uk3q2zAtjuFpqKKQ7Fs9Powfv3T4a2Tf3GK3x1dvG3B5rJ0lLQeaxXKpgwdoy/b7KLJP1rQPd8zbaathbydH8z9V67FSdOXN3jQV1I0nkeJjf7LlR0dKTqgn1Mdx3H5J61i9nPu8Jn8DxuTqO0x/zb1aamicOXRjUB/kp9FWdO18bZ7T1KwPHLXhzf816FWdJ1EDS8xRvzz5d1lrp8P+n6iJzqm1GJz8lzo8gZ9dk2GpTZgt8VfX+KyRWNrcaoq+Gdvq05QaqjZVMLa2mZK085Crf9jYrXIHWi+1MIHDHOJb9t0NsvVlBUEymOrh7e4W6NqfJyb9NKt/fFgKzpKkOZKCUxu/peqia1XCiJ/k628khal3UlOMMuFte39R/kVYUk9qrWB0L279iU9WGKdNb/AA4ZgBUEOw7n0R2zxubh5wStlV9M22scXGNoce42Kpa7omthDpKV/isG4B5V/JH2Ilp7YcvkqopnMPlkdj2Kt6PqCpiaGSN8QDjJ3VJJTVNK7RNE9pHsutmaNsj9ULa9CndODwa+nuFurQPEY0P7hwT221weZaGcsdyWg5CyscufMApkN1lpnNLXubjuCmR3J5RcrlJYky5fU19O4ioZrb7BRTXtJOWKTT9QxSta2cNye6PJTUFc3WwtY49wtdViX5GWdSsf2PJUvdT1A2IY5QnCeBx7t9Qp9bZp492bjsQqxxqqU4e0ub+6313RfR5vyGj+STjNBjWRkBsrQcrjYIH+aM4z2yok8jKhuQzS7uooNTTnUxxIWqKTPC+Q8ZsbcC3jfPA7yuJHoVYQVLsAkKmguLXYbKMHupbZYnt1seMeiNxwecnFxLiOrJ2RmT5IVUx+MBEa9zcHJwlgOBeRyBwyEQy6eBnKpGVUrcY2AUxlQSBndQBplhqD8HCg3Ozw17dbCI5PX1RWTtOxPKMXB45VZBTaM0KurszxFWNJZnDXBXlsvMkjgwO25wV2poY62F0Uzc5Gx91SVFDV2stmZl7QcbeismNxtIawvOCQpQkDt1krfe6aQhryWu91ew1XGRsoKsrLTxR6JeKPRR2yggFd1A7KCtrDio9QERrw44UJ0Z2K417mHjKgZYB+k7DOUZjgQMhVsdYBgOClMla8DsgAaySdKYG47pviDjH7oheByhayVygMrMjHqsh1d8OLH1RSOjmiEUxBw8DbK2p0numOb5SlTqUxlN1lElOp4Z8fdefCe9dHPfVub41G52z2jj7rA+JucL7wrrbR3GJ1LX07ZYnAgtK8S+IfwGp5YZbh0toiLMu8Ajn81jv0cfR7HxX1B8uKtT3+z5/PCEZHMII3UytoKu3VD6WthdHLE4tcCMYKiStDguVdRjhHrKr8rMSZSVpxg4+ymiVsgyqFpcx2QptPUlp8yxyqaOjRrM/bMsYy5rgFIa7I3UWORrsY5RS4EZCBpo6ULN3Qdv1A5VnbqpzJRuOOFTtk7YRqWTTICqNlVux5NtSTCQA5VjE7BCzttqAWgE8q6gO2cqHfovUo5LJjiQEcHKhROwQFLaBjOVDfGWRZ9U9JCBwoMUshUkklAZjE4gYyupihQ1wG4QHMBJRihkHKgJGc0DhAlbtyphGUJ7chQW1kgvYMkKBVRbZCtJmHOVFmYCEDMs1kpJocfh/dRgDG8HCt5ogNsKBUR77JNtZks4ZZW64HZriMq+jdqaDnlYZkjop2PBOBytPQXOKQDBwsUoZO147XqX+nJloThSbVdzbqjxMEtPKiOc14BCYRgLPOvJ365yhJSTPUqSuZW07Jm7hwBRJWjYrAdO32SgnEMrz4Lux7LdxTMmjEkbgWnfZZHDB6Gi75o5M11NbgW/NMHOxUTpK7OgqTTSOwM4wVqKuNlRC6F42csDdqOa1VfiRkjB5S9oFicLNx6PX0zKqAuA5GVR26qmt9UYXOw0u2B7qZYLuy4W9oJ8wbg/dMudG2WPUG4LeCOxVJGlWZ5Lxk+sbgYKA//d5g/HlO+FU2ave7/d5nZczYH1V1M3xYcgbhVgbu3IrY3ChrxNGf5M549D6K61acSxnY7lUT2ZL4SOfM37qyt83zFOYHO87NiqChLBYvDJGeIw9spkMmOBhQ6GdxmkpZThwzhSHZYcEKGqEyyDvFiAO6gMe6GZ0Ugxngo9LOM6Ch1uM+KBlKlHcNCvAcAsj1DR4YSB3JWoidrZnKr7vS+LBgNGd0cFtM2qhvg0eayZbLkchbfpW4ian+Xc7cbjKyFVTPZK7ZTrLUmknZg8Hf7JucnFps+KfJvySJWldqSXM/JDZJ4mg45GUWQBzcZwj25OrCW5ZRGppf5Q1DclUV8p2irDmtwraCUNndHjgqJfGf7wCP6U+t4Zk1kVOtowVf/JuzQ7Gl5wVm+qaPwHuc0bP3C1HVcDQIqoAgtd2VPfojWW1tawggN3C9D4uxxsyz5l5/S/NTZXjpGTpMk7rQ2afD9J4ws1EcFW9ulEUofn2Xs4T3dHw7VQynE0smXPDwhVf90X44RYniSMFNnGW7oznJbWWdmlDqYNLhn0ViM4WctDi2rDckD0WiJzkApVh7HRXbq0zHdV07WSmU8k5BU6yVBdSgHfbCN1VTRyUGst8zTnKp+m5nnMZdkLOzTGzFmP2TKlphqw93BOU6QhxDuwSu31A44Q3t1QafVLbN0WkEY8Obgd+6PE8GIMI4UKndoYGEZwpEDtEgclmiMss5JJocQQolwGqLIG6kVRzM4hRpniUFp2wljc8EBpx+SO057KO92l5GO6KyTUM45QCpyyBqQefZVhyHK4lALTn0KqaoYOygix4HCQuGCq+oH84n1Uhjt+UCpIyFH0InPcZ+6n/eDhR4ycBS7mP55Kis4S2c39/5FMSAMIKNPwEFKn2QI1EYMn7IbUSPlXFlPomN4TzvwmN4XVshLCFsekuA5XUwScPCEeEd/wBJUMh+ds/qlWPBaO48+U+TgJg5TnnICHOSegSQ5SXQMJecESy8FjZYRNVgHher9PQCKNhA7LA9J0Ub3Ne5uS52Mr0+gijihG2OwXndfNysaPong9N8VKsZKa7U4bcKc36GqJA0HcqXHtlcK15lhHsqPxydO/CHMQ0ayUTY/koVxnLYDgLRRW5SSCvt2xbKmoklq6oRg5ycAei0EEIgibEOw3VPZIg6Z0z98DZXL36SGgcr2fjtPhpHyz6i8pGpvcBr3OEBY12C84WntdK23WxrseYgH7qgpaM3C5xRH+7iOt3utPKfGq4qGL6TsSvQpNLB8e1t/wAs3Ivel6Iyk1sw+2UTqe5hkZpo37uGNlaMbHbrZoBALW5KxsQmvt6DGbhpwSjOW+ZKRqOhLJ4Ufz8zSSfpytpjIQKCmbSUkcDRjS0Ao+r2VCbWnLJxDm3bjKIozzql8MZ9VYo7RQgzayMhXTeAolNCI2DygKYBnO6VZz0AFYMDCcSACT2XGqnv9xEDRTMfhxGThBFZIV94uslXIYInEMBwcd1d9OWjwWNnlHO+/wDkqWwW75ucSyNyAdls34gaAPTsrb2kOVcxB8Jh3PKFBEQQSNkKLVLUlx4wrAAADA4VAt4ONaAOEGqlJcIWuxnlHcdIJ9FXQuM9SXdm8qFE6naWtGUK410dDAZZHdjhHcQzfssH1ld5Kmr+Up5MCMYcEUew4rJClnkrq11e8EMBOM91k6oTdUX/AEx5+Sojhx7FyvL7UyRWtlJASH1ADQAqqsqY+j+nw3I8WVup4zjKe4ZRpqSfC7KXrrqHwCzp2h2ke0MBaeM9/wDNA6fs/wAtFG148rN3f4nKn6ao57rcZLxW5cXOJZnsFu6aIeI2EDZ2UEmomuU9kFENTxat5MtpxvIQvnn42fEn+P3R9ls07mUEBLSWnAet18bviNF07a3dJ2yXVWTEmSWN30t9PzXzS3VqySd1kus9HofCeO3taq5ceg7RxtsiMbjGy4weUFEWTmXLPV2PPI4uAAwEOR+yUj9lEkkyiRUYZOvkJKQaShtBLgpsbAANlY1radhbgDIRSQAm5DGqLUVXYJE57AUshJ59PCrZ6glKWcuIG6ARncjP5rFbY3wPhEa95fympEYOCu6HeiyNtjByQODlINceAnCFx5VqLC3Ib4vo1ccXvwAFJZAOcIjGAdkxQ5A3kVtLUE6sbI7ac99ipIdhuAUI8puzgB2ZEIBjO36rmkBdyfVJU0DltiSXMhLIRho6kuZCWQqbSLOpJmv2XDKc8IZTx0QIkh5CRIPdLcsECZHqntI9VGc8tXNRyqVmCmskzI9UtvVQhP65XfmPYoldgFRJvitzwiiXAwBlV3jfdP8AHA2KJWfsZHK7LAStJxlEDwRlV3jb4yUQTgjv+qJOL9h/Iyd4icHDKheK1EEwHv8Amr3IJWlg3BaNwkRhQ2TjI3KO2duBkKx0LM8EhoGcoh5CjeOPRP8AmASNlGaoWJEkcJLjXAhdSH2OTyEaMnBRgBhAa4Ao44RDG8nHAJNAzldck3PYKvRpgNa0g5IRRwlgJ6oYLAXWt3zhIDuiMAJCKKIIM2zhd0+yK1oIyQu6G+ikmiHByngDA2SHKIOEI+AHQFwsARvCPql4R9VeR2SOWY7LjmkhSvDHouFg7KZBwuiqqqGOqYYpWZzwe4WfuHT1VSjxIf5jfbkLZsiGd2rvh7eqoxXaGFy2nm5YW7HZc0+61F56dE7zPR4a47lvYrMvikhe6OVpa4bEFMOFqKZ6aW1jEk5JQzDUk5JTJTeBqSSSsmRJyHq9kRETIkkklAcCSSSUBYlZWm4PoahukkNJAKrU8DO2cI4PDAsrjZFxkenMxIxrh3AKRGO6pulbmaiMUU5zJG3Y55C0JYd/dboPKOBdD4pOJEIwcLh4RnnB2Tc5V4EbyOQcrmjvhFwEsBFJYLTxyAI7KXaJ/BqGtcdjsELT7rjRg5RLgux7o4NmdMjMj/NQ3NwSV2hl8SlafRGeNTdk1HNxteGQyBlNR3NOeEPBUDBkZ7pmndHwU3BULDWOufa7vTVYdhmoNd9l7Q15e0P/AKhleHPblvO4XqfRV2dc7IwzHMsH8tx9QO60VSz2c7WV5+8vEl08ri0HMHpJJKFiSSSUIMSSSUINSSSUIJMT0xQgkkklCDFx/wBJXVx/0lQIE/6ikxxyBlJ/1FJn1BV6G+jtYP5BxyqcgjlXUuDGQquoADtlYJFchvRHIbyoNYw8H7Lz/r7/AOekf/0tq9APB+y87+ITgLrDv/wwkXvFbOloP9wg2s7LRAeUH1Cz1p+lX7e32WeBsuX3ZCpLg4XUwyvhiSSSUKEmJ6YoQS6uLpIAGVa7JnBsekozHQukxy5aBnKqrDEGWqPb6jlWTTunJZRy7nmTZLHCed0FuwTycJyRn9g5pCw/dYjr64sbRfJ48z3crYVMwDgF5j1zVa7i2PH0tKVOW3g26KvdamZsFzcAorTkKMTvlPa7Czs77iTqaTwp2SehXqtqqBLRxu2J0heRsdhel9Lyl9A0nfAH+SkOzm6ytY3GhG/5Jw3Q2PznZEGy0HJGzN8pGORhY6viLJ37YC2bztjCzF4aPFJAUG1Pkp38oaLJyhJRqQkkklCxJJJKEPrqGvLzonOl45CmtcHDIK5PQQOGprN1WRurKWpc1/mYvyOf0H6LPT7pafdBjrI5caTuUcOyMlQsi1VHT1LcSsG/dZm6dLwPc4xs0n1C2BGUzw2uBDtwrTIeSV1rfTyOa5hBCZbK6ooJfK4lndpXpFxsUdTlwaDlZG89PSU4MkbSPyT4zwASXCjvNJpcGnUOO4KzdVZ56CbXTE7cLjH1VFJqaXN9cd1cQVUdZGHBw1HkH1RqWSCs/Uz4mNgqidTdsrVUNybVNHhvBCxdZahITJGNJP6JtFW1lrlGppLe/urGp4PSGHLc55T3N1Kitd7pqgNaZME8jPC0NOdg7GQeCqLI7oXKurrbDP5nDDztkLRNDSOFGngacYGFTSIYqst9RRnWDqbnYhNp6+WBwIcQR6LT1FKXcNGPRUlZZy4ukgIBP4Uh9lNZL+z9Xvi0skft+y11PX0ddHlrwS7kFeLyNqqWTJaRhWVsvtVTvDRKRj1KgEqsm/uVs8MunpxlvJaOyqzucHbCsLX1HT1UDGzEB/BUmqooKpupgDD2IR7QXmJRPpmvH2VfU0jXbcKxkkmoZ/Bqmktdw7spDoIZ4w+HGe6pMiZlKq25z5VUVNvezlq201I5gIczZVdRSlw4ymKWQsmLqKQsP0qG+IZwRwtRW2+XORHthVE9C9vbCMvspZISCC0LjZCSA7t7qe+A75bnZQpad2QWhU1kpo1PTnWtfZJGtY4mPbYFetWDq22X+MNZII5w0FzScZ+y+fotTcAjhWFDcJqKVs0Eha5voUidWRexM+jNPugvgDwQBuvPOmviQBinu7Dv/wAbV+2F6BRVsFfCJad+vPosc6muhM4OL4I0tPJCc6cBDZWvid5TgBWulrwQ4ZUWpthkBNOzfkpOC089kmiu0T8MecFXEcrJWgsOVhS50cxbpIc0qyt94cwhr3YwqwyOCZrtRG3KI2UgcKuoLlBMMF2SpokGPZAZ5xwyVT1mPLI/n1U5jmkZDuVTEZ3RYpzERqccKhM68oucg8JKLDUseNjlSGvBUF7WuBySSWQoUJJJJQg9JJJQg9JJJGJEkkkoQSSSSpkY5JJJCLYl3BSHKcoA3gSSSShXY9JJJQESSSShBDlFGA3ZCSyfVQmTjmMJOWg5QTRQuOSXt/5ThHSHKhMkcw1EA8jvEb6HlBbPvpnp3Bp9QrIEYSeGnn/JWFGW0pp7ZbawOD2gZ9Qs9WfD6GaUyU7g1p3BatrJEz+gfohhkrN4zn2JUGxvlHo8zfTdW9PSuEbhVQDhrvRGouqqSof4NwYYJOC17cb+xXort/8AtFOMHbOMqquXStkugd4lMwOd3ARDVdnsqaZsU4EtFUtcOwDsqbDWSU/lnBwO4VHU/Dm4UQNRYbm5kgOfDcTgoBu99s38rqC2mRjeXxb7eqhe5Gyp7jBJgRztdnsSpXjgchZC3XPpe7YdT1Zgl7NLgHD7hWTnXWkAe1zKuDtjnCsrBoGTt/VFB1ArMx32m1iOoLoJPR3Csoa6RzdUcgkb7KAtFi5uc5Oyb8pSn/hgE+6A25RtOJQd+6MJIngOjkzlQB/acbTyxO8sjXN9CdwiiRjPqO5TXAnjKa6Mu7KxZIY4O4RAAMg7e6gNdJEQWlHNWMAOG6BrJQSSNr9iOdlDmtMThqYd1LbO1xAHdGByhI20UrqW4U7h4QyB6p4udXAMVFIXY7sCuSB6obow7YjKgO5MgUt+t05DfF0PP4XbKfDLHMNTHAj7qHV2ihqG4dC0H1A3QY7GwHLKqVv2KhJRS6LfQTwnNVNI3qClwykkZI0cF3KGzqSrp/LcrVM0j6nxtyFBbjgvXZyMFJ2dt1WQ9SWmU48fQT2dspsdbBM0OieHA8FGAFyUslIAngLmRnGVCwi6HuHdNSV7ORe1hPFyckLrZiNgEEHPZP0o8pAYCllPMP5kMZz/AFAIE1ht8u4jiaTzoT3NSa4x8BH/AIAy0Qf9nnxPBpbhNGB2ymvp+paSXMNS2VnurQVDhuQnCrwMYU5B3yfDK9ldd4gBV0Pi+8ad/FYCQZ6WVuPUKybOxwznHsmkxO7B35JZRF/9zzgSFrGk89kD+FBxLqWrww741cKYbRSVDy4s0k+ib/BBAddPVPjPsVCEUuu1GNAj8Vo790orwGnTVQPjPc4UjwLhTkuZUGX/AAuTXzTN3q7c5/8AygFXlkDRV9FMPLUN3R2Oa/6XAj2VU+G0VB1vidG7uMYwuttjy4SUddowNt87fZTLKyXIyAThN1Z2wqZsnUFLMdTWTs7e6f8Axx7BieglY4cjCm5lSjktASDkFPzx7KBDerdK3Lpiw9w4KWyop3gPZMwg8eZUAShI4DbKWvG5aCuCRvou5H9BWiM2gCBcLJY7pn5qz0xJOc6BlVE/w8sL8OpZ6qkeODFJgfotKuhvfKZ8hDFv6Q6poHuFo6hdURjdsdQ8kIYuPVVCPDulhfO7+qEbH3W5AxwU0yygY1n80fzFPgw7OqrfktraGrp3jkOjVhDc7XUNbJS3Fm/bOCFfS0VFVO1VFLG4nYnSq+o6UsE+7acAnnAwq+TJBsFXKwh8c+QfflTG19VnLiqr/ZCOHJpq+dvcAu4+yG61X6nP8us8Qdg4qfIAaBl0qB5SCVIbcYsASgLLg32DHiQBw74Kc65SRtBnp3KfKA1no0+bRVf9ppY5fu0FUN6+Gvw3vpL6zpqk8Q8uawDKDBe6cEamlqmw3ekkGA/c+6bHVWQ/FlOvPbMPeP7MnwovQPg0MtISPwPysHev7FsE2qXprq8NH/c1EIH6EFe+09ZG5xa137qQZSCDzlNr8lqK3mMiKM4v7WfH1+/se/E6gcZLfLQVsY7+LoP7rA3/AOBfxVsRDqno2pmjBwXwfzAPuAv0DbUFuNlJZVANGQt9PntTDhvIzdPH3H5g3Gx3G3PLK+2yw6Dg6maSCojYhy1zgR3yv1Eq46CtiNPX0FPVRu7SsDsfbKx90+C3wovmp9f0RbvEf/xIm+G4fmFvp+oZp/cUptn52vkroseFVOb7ZT4rtdYN/mQ72K+1b5/ZE+Fdzy63S3S1yHvFUl7R/wCErAXj+w9eGB0vTXXFPVtJ8rKmENdj7tO/6Lq0+fhL85Fbj5xZ1RdI8B8URx6BSB1cxgBqqdzweQ1vC9Kvn9kz4xWcl9PaqO4xjg09UNR/8LsFYW8fDX4gdP5F36JukGn6j4Djj9l0q/MVWfjIZCzBHpusLbkgMlZ7EK0peqKU7iuIH2WPkjpSAZcN29EM0tLLjwnrbDXws9muF0o9M9JpOqIMgfxJ32yVbQdRl4wytLvzXkjaDAwHO/VCNPdKeTNPUvA7HJTf5MX0aI6uxdM90i6irNDWhwIHcqezqKsAH0leDQ3fqGkxioc4ehJU+Hru+U7R4zGAeqn8hPo11a6S/M9xp+pGucBO0+6sYr/bnbPeWfdeI0/xOiYGirpt+7mrRWnr6wV50SEggdwp8yOhVq4TPV4bhbpD5K2L7ZUyMslblkgI9l5rBdLDVv0R1TWO7bqxhqHMP+6VhJA28xVxsXs1xui+jebjcu2TydsrF091vMf0uZIP8SsabqWZmG1tOWj+pu+6bvizQnkv3SHOC1d8Qf8AylVkV5op3aBLg++yL8wwvwHIk8hRwyZqBOMLohjfu9uUJriMHCcKgjbSoMwghpmD6HOb9ih4qQcCTYcIgqMn6U8OaRnCVKW0ppMjGSuacCPxGpktVHEMVNC87ctaCpzHAbBKQAkFUrWhEqFIzc9s6DrmmKoip4JHbkF3h5KY3oWKEiazXispgd2llQXMI9MHOQrmtsdpuDNNVQQvd2cW7hVbekIaLM9or6unlznHiZYfbCJXtiJaSC7GOsHVFJl0N0gqh/TJyoj6m802WXKxNlYdswvD8++BwpjpurKAHyRVbG92buH3CC7q9scebjbpqd42LnMwCnwvMluiUuuCvkksdWzz2+SFw2cHxYwo5tVteA6IRuaeAOVf0nUFjuOBHLEXHs7CJPYrFUjxY4pIpT3Y7AP5LZDVSic67x8m+GmYis6HoqqTxHAewWdq+hKmmnJo2SNYfVuy9NmsdVHgRVh09g4ZQCLrTExOja9o785T69fzyzl6rwldjy44/wAHlD7fdaSQxua849CUSl6graN3hyRasbYcF6ROMuzNbQSe6pa/p+mrA5xpw0+w3T3qVM5dvhHDmtso4+obZV/ybrao3Mf+NjcOCj1PSvSl4efkZ3QSHgOOAptZZJYGta2j1NHtuq1v8CEnh13jUpBw5zjsFojesHOs8Y4cWIqrh0D1DQF0lCWVkQ3xG7UQFRVtNeLe0SV9tmjYds6SvU6KmdBF4ljvrJWEZa0uzkeilg3zQRX0UNXE4fS4ArRDUuP5GK3xkZ/gjxltSyYAscGn0UmGsqGDQJDj7r0ms6e6NvMuLjZ5KCcfU9jjGD/5dv2VJL8JZaqR7+nb6yZm+hkrTt7ZGVpqvhLs5l/jraeUinpeoKqBobK3xG+hVvBcLFc2hlQ8QSHs4LNXPprrGwZNytMhjBx4jRqjP2d3VeyqoZDoqpHQS9w4J6uivxZyrFODxOH/AHNZX9MSBxmpnBzMZBHBCopoHMJY9uCNin09yvlsxJb6wTQjfQ46grSk6u6euAFPeqYUk521gbErVVqnB/ccjWaCNudvszske/G6bFK6A5A/daSt6bdKz5u1zx1ETtwGndUFTSyQu0yxlp9wuhDUxs6PG6/w2yW1INTXTcCU8q2gqqeYDS8ArNOYPRPp5jCdk/bxk8/qdFOo1Qa07tKLw0qlpboI8CU5BVjHXRPHlPKBo58o7ew/iOadjwitrCBuEEH07ruM+yDaJwsk+CqjOATglOkcyQbEFQNQbklNbUaTjCspr9EW42wsJqaUe5aP9Ea3XeRgbBUBxI4UuGuiBw/ugTUkNQCQdJzkEKFNF1T1okA0kHKmxz5O+FRUNLLE8Fx2Vm1rhuoLlFIsPF7ELrmNc3chQfFI7IjarB3CgvDHGJzXZA/dIVL27aUdkrHDhd8FhGcBQEdDVk4BUkTB5AzhQHwkYwMLoc9mM7qEyWIkOPqSyPVQm1WeQjCQEZygKCpgb6bZXE/I9UMo7iGL6/8AhjZut6Lw3MZTVTd2zNZufY+oXzJ1x8Pbz0VVmKshLoCSGSt3af8AovtDWFCudrtt3p3UlwhEkbxhzSNiFkt0+7o63jvL3aF7XzH9Hwkxo5wuSeXhe3/Ez4F1FA6W59NMaYANXhY2XiVVDNBKYqiNzHsJa5p2wVzbdNKL6Pe6LX1a2O+t/wDT2KGpkYRg4CsIqjxAMkZKrMYGcJ0EhDsLBZWdmq9w76LcEEgg8osD8OByoULwe6Iw7hJlBs6ldinHMWaCiqyzG+y01HNqY1w3BCwtPPpxnK0tnqyQGZzhLOvotRj7WaWJx2IKmMdtyoEZbjY8ozDg8qHoITTRNyPUJ6itztlGb9IUHCAx3XUklCZH5HqlkeqDkg7uKQdk4yoC5YHrhAwupHhQoEeUJ/CMeUF/ChGRZ2jlRJQcKdIDlRntUM9kclfI0gqFMwuCtJmgDOOFDmaM7IGsmG2OeCqmiI3wu0VV4EgzsFKljDhwoE8encDhInAzbpVPKNTQVzahuxyVOzlYu21skE+ppxjlaSGuEgCyyhk9J4/Xq2GJMluG4wcLR9NXiaGUUkz8sPGVlg4EkkohnLCHMJBWWdeDt6fVyraaZ6j4mvsqi+0Aq6N2Bl7fMFA6e6gbUMbS1L/ONmu9VeuIfss0opHf+WOogpRMd07cX2yt+Xkzocf0W8OmeLI3DhkLC3yi+UqnTNGGv3B9FoOmLoK6l8BzvPGMIMFRbi+SPUNlo60SgEDO601HWMkiaSQcjdV9ZA15wRnIUO2TOjqTRvPclu/ZVg0RkW1XEQ4SMCh09S+kuImcMMlIafurFjsjBHsq26wuEYlaNgd0Iaf6La7jw/CroO3OPRFiqDPE15OcqLaKtlzt7qZ+72DCjUEjqWofSSHg4H2UH1st4XeblSpHNfAWHBzwq5rxnIUmJxIBQGmM8I5TuMJ8N3KPOxskYCjVGRM2YDYIscokAIHKhM7uzE3qk8GocQNt1TRyeHLkHgrZ3uk8WSRoG6wtZG6nnIJxvhFF4ODqYuu031kuHzFKwHdzfKSraVzmw6xysN05XmOQRk7O2P3W0EviU4BPGyd2aqbHKJXhxFcCeCu3Yh2JecDCbVHw3hwCbI/xadwI3T6uGSbynEynVMQltpdjdpys/bZmSW91JI3IIII9Fta2mjqIHQvGQQvPqWVkF0noycf0/kuzo5qDTPEeZh8c3JdMztbTupauSIjAByPsuwSOByCp/U1NIJmTj6SMKrjbgZXrdJZugmfCvNaaVGqnF/5NdQVAdA3jKPKdTcqntkuIGnPCuWSaomvAz7Lcnk89NYB0r/CqQ8rRMcXNDieVmJCS8vG2eFoabL6WNzjvhBYeh8ZPdDAC/N10JaBk5WLtcr6a4FjTsTwt5VRB7dBGQVgq+MwXIhp0lrs/us50ZPbJSNJXOD4dRbuocLy+ENcpUcrail1EcBRINOcHYApE3g1wnnkbC/FQYiMDHKODpKiTOEdST6o5dgN91RtrCzHUATzhQ3O05KO85aobtyfuq7G9kWd+H8cldY/PblDqiPXlNjfgjPZBgCTwHk+k/Yqrqd1ZuI0H7FVlSFPRnt5RFbIWnKFM7WUnHSUIkOeXeqjwYZT2sr7oMBp9VCZwp1z80bfYqCw4CVMzgpeyGizDGEJIwWo5CNR4+UBqPHyrQMiY3hdXG8Lq0wFsc1dXGrqahIx5whnCUudsIWopFnJZx2M7cLuHO3SZ9QRcDGcICARyjQRmWQNxkA7oYfk8Kys8XiVQPokaiW2GTToqndqIwRuLBbtHghjMYAJWyiOAGgYws/YuWn0C0IBBBwvNauzLyfVtDWoQUV6JLDjCO3BHKjMOwCdkrmxW6R2ILEcEokaSMhUFxqhNJ4MZ2B/VWVTUMhjLnHjgeqpIWiataRwTldrQU7p5OD5rW/BVJJl5b6dtNTNBxqd5iVIc7XyOEE4ZgDKLTt8WUR+q9tpqtskz4R5nXS1Fz3FtaWmGJ9UdtWw+y0/S1EKqqFXM3v5fRZ14DoBTs9AFvbNSi12djiPMG5XQeEeWsfLX7IHWFzNLF8rE7L5NgAp3QloEUAq5med2+Ss3QxzdSX8yOaTGx2PbZel0kEdNG2KIYACsyz+3gnnhNXWfSEtPulrgzzWWNccAplKwyT6jsAuSAucAFLpotAyRuUM3gEltbhdCYN07UByUrdkA5UTCmiMmVli99wuJc4nDjz7I96rpamoFLE44HOFbWW1MZD4j25efVFFELOz0bKdmtrcA7BHnmzKYvRGOmKHHAA/dRIxrlEpGwQkJELCw6iMFSQcpgx6Ic1S2BpJPZQAiXSqIe2njdjO7iFIoImxxeJpwFV0kMlXVmR/05yp9dWNgpsN2AULIV/vIo4XMY7fGVj6anEjpLjVnOSSAVKnlkutWXg4a3nKDX4bEKSN3mccYHZNgNi8FdG5tTWSXCfAgpgQ0HjI7rzXqC5y9Y9Sto4Q40tOcO0nYlX3xEvwtdvZZaI5qJhpw075KjdL2WOzWpjpG/wC8TfzJCfdPbWDdT/px345Za01NBb2MhiYNhgdlG6z6ypehunJ6mWNrq+oIjha44w7B2CsPFo7dbpeobz/Lo4MYdnnOf/T9V8rfEXryv646imrKnV8nG5zYIidmt9v0Cx3ywzp+L8fLXWqUvxi+TPXC4117rZK6vndLLI4uLnFC8MAjdcbsNm7I8bc7lYJzbZ7dJRW2PQmRnGU44aDvlJztLcKI6Q5OCVM/oYstnJ5MuwAhN8ycRnlHjj422RDW1FChg4JG6lO0gDB4TQWtYQosk490uc1Er8jlTMQdIHZQJHEhGklzthA7FY7Z7hsY4BHJK7pJ7p2k54RGtORss/YzKQNsJznCK2MDfCIG98LuCooZ5Acxmhq7gLqSNQSBbyJJcyEiRhF0Elk7q90sj1QnZJIBwuZI7kqN4D2BlwkY5CC5xdsNkJ+oY8xS/kJsDl3oUtXug7+pSJx6/qg3/wBgtgbV7pas90DPt+6WsqpNvooNkeoTX4I5GULJ9Usn1U7IdLjuAkCcri6Bnuo3ggTILdzuhHlJJQgkhykkoQKCNGMpgJ3CakqayQ5rciaj/wDKULT7p+n3U2fog/5l39KQqTncJmlL6VbTXKJgO2sPopEdU5wCgkZTi0nuhVsl2Xhlm2fUM5CMx57hU4Lhw5djqpwd35To25DjY4mgZUEc9kdsod+aooqwj6ipMVW0nGVeUaI6lLst2uzjdGae2VXxSBwyCVKY7BBKrKRpruXZMyERn2QGuGMrrJCDjHKmDXCxMkLoHdMbuUcacbq0x6eRALq7p913QVA8j4+6emR75RRHgg4UCSyDDSeyOwHK6GjZG0t9FFyaYLCOBgxuN13Q30XUlYZzQ30TAw53RQO6eAMKEB+G30TPDzyUfRnddEQI2CoJRyQzGM5KrrrZKe4xHADJRuHAf5q6dEc7DKa6IkbKCr6I2RcZI80rKKooZnQzsILTzjYoGML0WstsVbGWSjBxsVi7taZ7a/cam55UPOanRTqjuiitSSSVYOQ5NiSSSVBJtoSSSSheRJJJKEyJJJJNIPSCSSGUtrK6J1trXUVXHOD9J39wvSIZY6qmZPGfK9oK8sGy23Rlf49O+ie4lzN2/ZbKLDleQqz96LhwweVxGezB2CYtaeTjgUk9JWGCSG6ckd1EMaLmzzHw/DVmT2IVDZHkVgZ2ctE8aTsOU6Mco5l2d5GIHohlu/CkkYQ8BECgWj2TNHspGAmYCKMcjcAdOVqeg7h8pWSUZfhk42Hus54ZCkW97qavgqAcBrxlFHhidRFShhHrTe66mQvEkTJRw9oKetCOK1h4EkkkrKEkkkoQSSSShBqSSShBJJLh4UINSTTyuKEEhIhcAcEoWQoEKRDad0pNkxnKmMDAr3EtOSq+f6lPk+j8lXy/UVCEd/CA87o7zlR38qBsTvpP2XmvXT/Gu8e4y2ML0iWTw2l2OAvKL7UfN3qeQE4GwWPUPK2nU8eszySLQCG7rQs4/IKktjQGhXbvpb9kEDVZLLwdSSSTDNLsSSSShQkkklCCRIYH1ErGMGTn1TBsrCwUwqrtExxIaMuRRWQZvEWzawtZHTxMiGzWgH74RWHJwk4NGw7JLTBcHKk8vJLiOQClNuMAoUZOQlOdkx8IBESpcQNRdwvJ+p6tlXdZHR8M8q9Mu04pqV8530jheQVcgmqpZRw5xKz29nV0EcPcMT0xPSGdfsMw5yt50PNI6mkY45xwsGwYytd0JJL8y9gd5TyFIdmHWrFZvWHLURIAAYCYRlaDhegpCz17j5eVfkgNOSqi4eFPTva05LfRUg6s5Mw7cZQ0R53OyGl9m6KbGJJJKBOOBJJJKAn1TZesKapiayodj0OVevjiqmBwIc0jIIXjcDywhzStVZuq5KbRFNq0DbIK/JLjg/oO1k1lRTOpzqgZn81ymr36/Dn27AqTT11NWMHhPacjKjVVBI7LmY37IS1wWLXDGR3T1Qw1s1I7w5QcBWtLWRVAwHbqEJZGVEqqWOoYWPaDlS0i3PKMhjLv01rYXQgFZCejq6CUnS5uDyF62WAgg91U3Oxw1cDtDfNyopEMTQ3QSnwpwM+6lzUsVUwhhGVXXG1T0kztLSNO6h09znpJcuLk0gWekq7e/wARrjjPIV/YurHxHwaskt4wT/ko1PXU9yZ4Ugbkj9VDr7G4gvgOMbhQh6LS3GGoYJGkYd+yl4Dxsdl5Pab9WWqoLJC6RmcFpK9DsnUVJXRtLvLtweVCFo+myOMqHPRem2VbjRK3VG4OCjzjSRkIQjNVlLhxZLGCPVUFZbHxPMkG7eVvJII5G6XNBVNX217CXRg+v3VBKWTLQ1tRSu3JGFp7H1SWu0VDy5n3VLVU8cvle3BVVUUtRSkPgcXD25VlSjk9VEtvusBZqB1D8wqKrtlztBM1M/xoufLyAsna+op6N4EhcN+VubVfYq2MNMrTkYKoVtwMt94oa+MMdI0PGzmu9UWotzZPNBjfdR6/punmD6uh8j+SG8ZVVRXyqtlR8tV5xwC5WL5yTaugkjb5ws/XW3l2D91u4Z6euh1Na05HCg1NtYAcAAeqIZGWFyeeVNC5pPlVfNDoP0rc19saMkN7KjqLW4n6cYR5wEZp8WOyBpe0q5qqLR27eqrnxEHBCmUQGJCMA7q+sXWd1shDad+qMfhyqJzCh6SO6FxTKaTPeemetbRf49LpmwVAAzG5wytM2RzDqb/81fMAmmp3eJTyGOTs4chbjpb4o3O0hlPcwaqnG2onLx+ay2VL0InH9HssjbZUksrGCNx4c0bqkuPT9ZSSF9OzxYj5g4cYUmz3yy9VQa6GZurGcH6sqyE9bb/IMvjH4SchI2YAUnEy8FZNA8AO0kHcLQ0F6wB47tsJ1TR2u7j6BBN6jZUVZZrnbSXs/nRjjG6RKOSmt5s6e5RTtBiRZCZMEbLDWy7uilGHaSNi0rU0l5ilLQ4Df0VOOCpQwTvEljILDhTaStBcGSHHuoOtjxkcLjmB4znhAIlDcaFjg5uRvlcbn1VFFW1NKcA6h6FWlNWsqGB2QCeygh1EtJcByuqC2muxyemJ6gQkkklCD0kkkYkSSSSpkYkkkkIthUkklBYkkklCD0kklCCSSSUIJJJJQgkkklCCyUslJJQg5LACSShBHcYK4GNHAXUlCxNbjhNc1jzlzGkjjIyiNS0+6hNxnLv0J09eZHS1dHoe7cuiOgk+qoD0n1d009z+nL8+qg/DTVXm29Mr0NNczV3Rk+Rnmz+qamFxi606WkpWfT8wwZaT+mysrf8AwC7sElivzoT2bryFsXRgndoP3VLceh+mbm4zVFrijmJyZYhod+yvAUZ57IE1P1PRZLYo6yEfiaN/zQ47u+IhtTTyQO4KK7prqi0R6+n+oH1EbOKarGQB7OTZb3PTNDOp+nZGsOxqKceIzPv6KBNxYSPqAMIInyFYU/UlM4AOjJ98qFFR9J3dgNBVNbIeGA7j/wAJ3UaXpqujd/KLXs7EKgTRMrKSZocx437KRHCx4zkELDv+do36JWvbjupVNd6qnIcx5/VQhr3wAD+WMFAPz0Z3aS1VEHUcwdiRwCtaa9xyAaiCrRTiEFSWgeMCCUaKqhJwHcpMraSU4IG6J8nRTjLos59CoLEXh42x+q7H3QjaGNOYaiRo7DKE6luEZIY5r2+5wrKyTsgfiQXHXnUMgqLqrWH+ZT/nlE+abHgSsOSq4I2jklstsu8lI0n7BQpenKXVmlqaiAchodsFYMrIHnGrCK1wdwqAKL5HqC3vMlDXiRo/DKcgp4v94iyy4WcuePxQDYq+Y0HOQmvYTjkqEK2HqegczMwdE7u1wwQrCK40czA9lQw590J9BS1LSyop2PDu5G/6qvl6eoMYYHNPqCoVtRdtla/dpB+xT3PHqs1LZK6mIlt1e/UPwvOxXPE6kgxlsDx7o2s8l/GmaTxt8YT2z4x5Vm29RyxgMq6GQOHdo2KkxdRUEo5LD/iUFypyXr5GYGAusDX7at1Ww1sEwyyVpz7oviObu1wTQfiLAwZO3Cb4LwMgqF83UDhxT21lQOTlQnxEnTUg7SJ4nqGD+cBj7oQq8fUERtfT5GVXfQDhjoI2si1YdlpR46uBwLfE5QBPRSAAtGU0w0rz5QRlToVKDZIEVK/JIac57Lot0Hb9lGNO4Dyv4Q9NcDsf3VNpC3Bkh8E8e8by4ei5rkO0kId+SG2tqIxokYchdNxDT/MjOD3U3IsT6Shl/vKEE+obhRpbNRyD+Ux0asGVFO8ZDgnB8bhspkop/wCEXFmPlrjsN/OU4HqGAjD45mjkK2EQdwuiN3YFWA+Csbcrgw/z6F+PUBHbeYWnErXMI7cqeAe6C6GB+0kIIVlI5HdaSbZr0cSNeMgghRZLZbnjLWEfZRzaBxDVysHYE5UbeCpLJaYYeAmeCAdsFVot9xhdqhq9YHIcuma7xnPhtePZBvwUWXhEb4TSDgqCy51LCBPSyD7BShXxcOBB+yNS3IsRcQeMpj4IJSTJCCT6opqKcYOVz5indw/CFt5KIT7XROOfCaPyUWTp+nc8uZJpz2Vq8xO4kA/NItbjyP8AzRKWUQopbPVAaInnA3BB5Uf5e+Ux/E4f8y0Wit/4Tsj7JNqKuM4maMfZTdhkKAVlyi/vo3DHupEN+0ACVjiR2VqamB394P2XDBbpjw0fkr+QmMkaO+U0jQ4uwe4JUqK500gDWyDP3UeTp6ikJeyQDPbCiSdNF28Mm6v5CtqLoTh+7SCD7pzZuMNCzctqusB/k1Bx90OKovlJIQ+Bz8I4zyCasVHbCI17HnLmtP3GVkz1M2HAqWPjPBBarCC/W+ZjS+pawn1KbG6UPxYMo56D3jpLo6/6m3fpe11QePNrhCwl2/syfBO7Fx/2SbSF3/yJO+LH2wVvG3KmONMwcfZHjm1DJOxT4a22HTDinE8AuP8AYr6RdMZbL1jd6Ts1kmmVo+42ysheP7G/WdEHyWXqu2V2D5Wz5hcfy3wvrAuPIPCa2bO2Frr8vqYPsL5JR6Z8M3n+z38X7Nq1dJ/O6e9HO2XP2A3/AGWQrukuobTK6G+dL3OlAHmMlG/b9l+i5eBuey783tpwV0KvN3L8h0NTJfkfmsaK0SHT5c+hahDpimleZKeokhJ3Gg4X6G3zoHorqXJvvS1rrdXLpKcF36rFXn+zN8Jrpkx2iooSePlKhzMfbOVth5qLf3MdHVxj2fFkdiulN/NpK10jx2cptPd+q7fglwfj2X0rcf7IkLpPE6b66qqZnaOqjD2j9CFlK/8As1/FO2F5oai23UD6SyQREj3ytlXl4z9m2nWwfTPII+tuoYf7+AnHpsr20/Ey3nTDdD4LuPPt+6tb30Z8Qumm/wDvr4f1r2DP8yKETN/Vv/osRcKS03JxFwt0lO/hzZI9Jafsta8jD0zXHWy/Z61ZLnZbzoLHxkHggq8NFE1obGS33yvnE9Mtpnl1nufgjOW6SQQVeW2/9f2Rvhsu/wA1GdtMuTsta1cu0zZVq/TR7jBHXwuJE4kZ/Q4cfmumrqIzmop8N9Wrzah+L13pGBt3srXsaN5INj+i0du+LHSdcGtqJJYC7Y62cJq1Un2a4aqD7ZqRc6Ru8jnAFSop4pWB0czCD77quguNgupDKOqhna4ZGCMqe2229rMshI27FEtRGT5Hqal0SIiS4YOcorpXt/BlRImSUz/5byW9g7spTKjV9bMo3bHHAw42oBPmGE4zDI8N4907TRTAZaQ70ThRU43GUKmgVhHWO2zsPsh1FFS1jdNRC149xlG+VA2b/mnOoqkNwDj3BU+Vrov7f0UFd0ZY6loxSmF3Z0flIVRJ0RWROcaS+1AZ2EjicLUS0FyY7XBXH/keMhC13enOZKXx/QR8oo6mxdiZ6eub6wZhw6yoNLDHHVNbs1x5wiRdRP0GO5Wyqp5W7Ehmx+y0D79TxBor6Sqp8bHMZOEX5uy1hBbVslP/AMvqmLUfsS9I4/iyiNZbKlgdHWEnu1+xC4yGNrg5jmuB4IKtajp20VbzL4Ayf6ds/ooI6WodWPnKmMHgB3C116iEvZms0016Bv0NwDGD+Sra/py0XJp8eijBfydKuHdO1ZAbT3NpA4L2qA+29UU85bKaWoiHGg7laFel0zNZp+MThky9R8NaMSeLa7hLRn0Hmb+mVAbaOvLI53yU5rI2cB51Bw+x4W3lqamiP+9W+oDT+JjchOiucLm5DiAex2RrVP2c27xtM+V9rMRB17WUcvy3UnS0obw9wh/6q6tVd8P77g0VwNvqO3iO8M/bHH+SvKiG2XOLw6gRvB9SFm6/4X2eqc6ajDopDuCCmx1MZfk8HOs8ddD/AG8SRojTdT26JzKRkNxoXD6cA5H37qoudl6O6la6HqSzGjndxJu0NPuQR7KiPTvW/STCKCrkFOOG41x4/wCXsrSj63aGtp+oLeHtIwZGnf8ATCbDV7OmYbND8ixdHDKKv+CcsWqp6R6ha5h3bDVSZ2WRudjv9E0t6wselxOPmIXeI0+/C9tpILNXxiew13hPO/hl2RlELbwyEx1tJFXQnZzSOFsr10k/uOXqPp+q7GxYPn6moqmmeJ+n7trxv4Tv8lZnqVrg2m6ktBjdx4o3/wBF6dcujeh7tM+dgNBXv31xN8Mgj1Hf9VSV/wAPKwU2IquCtB58c6Tj/m3z+i6NOvgvZ57X/T1tP+2s4MVPZKStZ49qqWPB30k7qmqaOopHaZoy33V3c+kbxaZfEp6aphcN8MGWH7YQW3KZjfAusAdjkkbrpU6/PZ4/X+FcnunDBS5BIUqCcsALcZ+6kT0VLVDXRyBpP4SVXyU9RSuOtpx6roRv3HktX4TEm0iziucocGnj1VpT1VPM0efBWXbUYOHuRWTGMgtKZuR5/VeOlU/tRpnjP0nIQZGuaM4VbDdaiPTn6e6s6W40k7Q12Afuryc91Tg/uRCkmLX5wiRV+k4ceFNqbYKgB1MOVS1dLPRvIlYcDgqm8AqKkaWgucDgA47q1hmjlA0HK8/gqS1w0jhX1vuxBaXHI42QgyqwagQhzSR2UV8UgOpozunxVYd/6IzZByFYhrAFk0jCA5uFMiquNWEGRgPZBkgJGWuwVAGsloJGyAHCe6FrgFSH52n8wOW+ykU9zLiGyA5UF7CaYsHhM1PaeOPdEFU1/HdP8jhsMKETwNEpPIRA7PdDMffCZhyhMZD6vdcBOUEZyn5GMZUJgJIdYAzwvN+v/gvaOsY31luYKe47uJHDz9l6EAR3Tw4A8lKsrVnZo0+os0099fZ8U9U9H3npKukobpTvYWOwCRsQqMMPbdfcHUHTdi6no/krtRRytAIDnjJH5r5u+JHwdu/Skj7jQMFTb3uJDoznwx7rDfo4ro9x43zsLkqr3iZ5rE8tIyVIjl1bEKK9hzjuOyc3LeRlcu2jHB6Oq918oniQ42VvbKzQGkn2Kz0cu+kqbTSuaRgrn2VNHY02q4yeg0VV4kTQTuFYMI+oHlZW01YdHhx3C0MDg5jXA8pZ6rSX/JFFnCUTP7KPEQNiUZvqCjjFezpKawFznYJmn3XcYTVfRTeQTyQuRyEnGEpCmMkGrjhT2WWDDloKY/6SmseMAJqmAsjTyuJJKywMgBQXI70ByEz2EeVgxlV0jcEnKspBkKJMw8AIBFqIEgUKYasqylaTuRyoUjTk7clA1kw3Fa9zoXAtCsKGuLiGnGyjTRhw4URuYnZx+6XOBnrslTNSia2GcOaDqCe6THKz1FXkHS4q0jqQ5o2WadZ6XTaxWxyiZBPJDKJY3YIW6s18iroWRuOJWjBB7rAMeCDspdJXPpJRLEdwsllaO5odZ8Uuzd3ambWUjm4GoDIWXsla+2XARuzku0uC0NDcXVVOx7gMkbqj6hojFMKuIYB32WZxwdid2Y70bfxvEaDj3VVXQFrxURkhwPITbBXtrqJoLgXsGkqZJGHjBGUrBqqnGcFJEu2VhqoMvx4jNnKSSJGljhkHZZ6hldQV5Y44Y/ZaJhGc9kJohLcU1DK+03YsccMedvsrC9QlkjK6Lg8oV6gD4Wzsb5o98+ynU8sVztzQ0csx+agxPDOU83jUzZBw9WER8ocDnCoLVMWeJQv2LCSPsrelmHhGF3JKEdCeSVI4Pjc3G+EKllx/LPZIO04CBl0U3jEbKDU8DrhG4S+J2cFieo6JzJDM0bFbyZ7Z6dzi3jhUFyp21UD2Fu+FF2YdbXvi5IytnmMcvOMLd26bx4Oc4XnYJp53MxjBWp6ZrX6tL3ZGMJq6MOls52Mubg3+TqHKjtfqpi7CnVjdcWlVjSWgs7BNXZotWGCduvN+qKd1Fd/mmM0b5K9GklDXcLF9fUkz4vHYMgjK36aTTyzyvnobtO5x7RUXYGttzZoiDjchZ5pGnlXVirI6ilMDh+HBCop2iOokY07Ales0Nn2JHx36h0/yyWofbXJb255EAOcq6oZtdOGnGyz1slx/JKtbe/Mvh55XXg8nh7Y4kT5GdwrG0ve6Etc7Ok7KvkOlxbhFt1R4c2k7NdsjlFs3eNu2zwXZCw/U0ZgqHzD1W28UOWc6opRLE6QN5SJLB3LXug8Eez1Lail0g7kZXTqZIW98qr6alMTnxOO3ZXNTpBa5ZrU2O0s90FkiVgIPjjsnxzl4aMLtVh9O71UamOoBpO4QdnRgTHEaT9lDO+UZxIyMoJ5UQwh1YO26E1SKsjCiNk3whBmwzSfXhCqGjw8+6O1owcKPMPIceqrJmnPKwU1Q4h33ygNkJOMeqPUbHfsomrBUxk51ssM5XgeCPuqkHDla1Z1xBVXDkufYClkfKcgICNJwEFKnhJDYj1Jp+VGUiDlCgJEocLq4OF1aYCJdhGrhOUlxHKWEAMPCAWEkqQmkDCCSyXgEz6gjAjCC5pycDZJpPqlFf2C6d8rR9N0jHR+KRk53ys5Fl0zYgPqW2t0Qp4I4w3fbKwa2zEDv+Ho/1VYbCyU7BGHBuDwrhzRgEHhQrdH4dO3t3Ux2eMrzF0tzwfSdGvs5OAnVjOyIThqEzlOc/SxBXHnBsnPYskKvkDjg/kn2uCONhlcMvPr2UOYl84JOd1Pp26WDthet8Xp8JM+bfVXklGDSJLzqcFMoxpkEh7KDHyVNiOBgHdeprjg+O6qfyS3Gl6ZpRcLkHvZlsW5Wl6puYpaT5GB2HyDAA5wg9L0QoLeJXMHiSeYkqJSab/1NrDNbKfyagNs8opnJnP7/APBoujrO2ho2zSN/mPGSStM0HIUSGMswPTsprTnGyieTLZLdLIQcBI7pDhdVixMYXPA53U0AAABChb+IhFSJPBWR6iXCrjpYi97gNtvdSidlmK+Z1dWljDlrDpVJZLDWmkdV1RqHNzqOfyWxpoA1gaBjAVbZ6NsMLTjdWkjxEwDG/dM6AAVchMjYWbk8qREwMaBp3UahiJkdO/ck7eynkDGAUsg3IAJJVRcKlsjvAYck+il19UynhfvuqqhhLz8xJnJOQrAJ9M8QwgadJ7lZ3qC4STTfLwu2A3wrW6VjKemeB9R2CoKeF5HiybudvvyoMhj2PgYKWlLnfURkrPdQ3qGw0EtylOZNwwOPdaKqeyKFz3nDGjJJ7BeP3aum6/6g+QpwW26id/NLh5X45P2Ro10VbnmXQ3pq3VF2qJeqbwwvkmefBa45AHqFqaWGW41LYQ3FONpHD19EBkckszKKB+dbsZBzt6rO/GTrSn6K6dbZbe8NrKsA7HcDjUfXO/6KpywjcqpXzjXDlt4/6Hn3x6+JEVwuP+x9kkHyNG0Nn0nZ8m+V49GC/twk5ut2o8lGYABgDCwWTcme802lho6VXD/qJrAOyecAJzBnAKHIUvoalkY9xOVFLck5d+yKZM5GEms8wICBy2miKwsjWtOobKWNIbymhoA4QHd1JTwC/uHSP2OHBQnk6iE4k55K4s85bh8Y4BYK6Ac8Imn2S0+yS4ZYT6Gho9EQABdIwnhzR3RKsW28jdI9EsNTiMAqOSc8q2sFLkISMcoZ5SyfVDLXHshGRiIOJSOTsSnpKDkhq4eE/IXCRhDLksCeVxPJGVzIQEGafdLT7p+QlkKsEGafdN0FPXTpKmCHElzSuqyCPCQ3SXNPuhlHJDiS7od6JaHeiohxJNwVxQg9JJJQh0A5TwRhLy9kMk5RkC5CSGCcow4UIBAcOyWr2RTpwgnkpWEyCJykkugZ7ouEQ6HkIoeQgIqjbIGjrZc+U4wrCluB2EjsqpXGgt5OVTkwlJo1EFWx+DkbqwGkAZOCseypfFjBKn0d2IOJc4VqWTRXqMdmlBTweAq6nropsBrs5U2OTODjlMeGboahExp23KJgKOOEVqs0KbYQbIkedshDHKM05bwozTAIOEkklZqHroBykAcogA22UCEG98LoByngDC7pB7KshJZOAdyN05JLBQlnCAeUi0J67gq0XgjaR2G6i1VLHUN0yxhwPqrHThCMefdXkCcFKLiee3yxyUEhlhaTEd8eip16jU0jJ4zHI0OBWGvto/h1QSwHQ4qYPMeQ0Cp/1F0U6SI9unG3K4q2s5WU+hiSSSm1liSSSVEEkkkmkEkkklECNVx05XmjusWHYDzgqnHdOhdpeHehTqpbWJvgpwaPXXRNc3WNwd0FzcLlonjq7PBLE7OloDvVFfwulFNxyeanHa8Ec7Li67OTsuZPojwQEku6Hei4oiEm1jTWsctKfOMkLMUrtEjXD1WqjaPCafbK0wMuoWOQOCmKQdkwtJ7KzOnkEuafdF0O9EtDvRQIFgJzcDC5jCc0Z2VoqS3rDPSrBXx1dthczctGkqyzkLM9ISMFG+IHcHJWkaVpXRx7VibRw8pJJKxY5JNSUIOSPCakoQaeVxJJQgkkklCDFw8LpI4QCSSd9lCCJOdiuNJTU3T7q0EPATBynZTWfUEWMhjn/QPsVAn4/NT5MBgHsVAn4/NQhEcclCaiOIB3Qm7lUGRrpL4NHLLnhp/yXkwe6erlmP4iVuuvK98FAaeJxa5xxt6LC0LSXA4XPtlmeDtaODUNxoLbGQwZCsuwHooNJ5YRspbXeyKPQ2XYVJNSVihJLmQlkKEOpLmQlkKEyEAycLS9IUzNM1YR5mnQPb3WZjzK8RtG5W9tdG2ioY4gMEjU73KbDkx3zUVtJWTqRhwgDlSWcLRFHOxgcO6DPLkhG1BoJKhPOuUlSefRCk6uqfBtb2g7kYXlzhk59Vs+uq53jila44zkhZBqz2M7mlhtrTBpJJJTNgRq1/Qf/bH/AGWQatf0H/2x/wBlIdmXV/7bPQ0klzIWg4Yph5TvthYfp+8OrZKynld5vEcWraVzxHSyvPZjj+y8UsN4dTdTSRF+GSzHHtul2SxwbNJQ7cv9G3rW6ZCGgBRVNrC18zi3hQjygX7HQQkkLPql+SrcWFSQyupkAT6YvfRGxmtJaAP+G5ZB3i0kroZ2FrgcEHZexbeiqb505br1D/OZ4czd2yNG+ff1X5LZ/QLcYe23uekILDkDgZW2svUlLcgInu0SAfiPKwl2sFfaH/zY3GLPleBsVHpakxnU07jfZBKOA08nqtTQxVTd2j2KpZ6aaiflhcAFW2frGeEtgrRqZxla6OejuMOuItfnkeirASeCBQXQucIqh32KuWvDhtuqGstrWkyQ5BHZAirp6N4w53vlEWaJc8MhAprjFOASQHfplTwWuAwEABW1dupqtumWJpz3xusXfOmWwOL2MOOxC9DLACCEpIY5GFj42uHoUakQ8WdFLRS6mZGCrKkvJOmOQ49Vr7x0uXgyNiBz2wsZdLDJEcsaQR2RqWSE6a30lwZraAHf1N2KqZG1lqnzG9wAO2+yDQ3CpoJtDnHGcYKvqetprgzw5mNJx+qIhZdP9aFhEdUeO62lHcKO5N8jmk4XlVyszdJmpSQW7kBds/U09pe1kuctKhD1qSBoHlCjPj7EKstHV9HXNa10gyexWhbHBUs1ROac+6hCirLLBUAua0Nf7LM1tDNTvdFI0jHfGy3slO9nH7qLUwNlaWvjaQfUKF5R53LRtfy0HP7IEElXbZ3eGXNA432K09yskkTvEp8Obzj0VTJCHbPG4ULL+x9VxOY0TOw7ggnlXVbRWu9w5dG0OIODjdefvt5Hngbjuplv6guFtk0ynxGcYPZRguHsmPpLvZnkNc4xg5aR6K3tl6E4DJ9OeN1No62lu1KNwQ4cdwqO6WKaKUyU5IHIIS28A4waYRxysOGN49FS1lrYdWNlXUV2r6CQRzklvAytDSXCmrgGu06vVU5ZKMjX21rDjlU1VbQzzAL0aqt8EgOW/nhUlXao4zkDOUeWEmYOenMZxpUZ8Zxha6rt0RONA/VU1bbZYBrABae4RFlC+NwO4wnNAUp0YJ2CE6MgcK0kymgtBcqy2TCahqnxPBz5HYyvTul/i017WUN6j348Q8fmV5KWEHlEJGkgnlVKtPoW4H0xCKO4wNqqOQEOGoFpylFUVELvCf5m++6+erD1Ze+mpvEt9W8MJ3jc7LT+S9Y6T+Jtq6gc2hubW01URs4jDHH7rLbQwMGguFmo67+Y1vhSf1M2VLLBd7U7VJE6SEcObuVqXwPOHQnI7HOycycAeDMzI4IcNkiVbRTRWWi+xyERyvP2J3Wgp6kuxtkdlRXDp6jrB4tKfBk522CqmVd5ssmmYOkiHflKccApZ7NyXB/ZJzHNw5hx9iqa1X6kuP8ALjf/ADANweVbteTsTlVhgSgvROp7oYgI6hpP+IKdHURzDVG7KphgjBGUo5ZITlhwqM0q8miBynqoguXAl57KwiqBINkAtxwHSXAfZdUBEkkkoJHpJJImRiTk1OQi2JJJJQoekkkoAPSSSUIJJJJQgkkklCCSSSUIOSSSUIJJJJQgkkklCCSSSUIJJJJQmB+MpYwkkjIJcI2AzsF1JQnRTVvR1iuLnSS0hhe/cvgOh2fuops/U1ma7+E3Q10Q+mKq3ePbK0bDnKL7qwHbhmQ/2nDGuZ1JZZYdOz3tjyB75UlrOnrrAPkZoyXcAO8w+4Wlcxj/AK2Nd9xlUdd0ZZ6yQzwNfRzH8cJ07+uFC4zyVlR0ydOqI6iOyrn0ldRHIa4tHZS6u09Z2Ql9vuMdygb+GXZ+FGHWMQc2G9WyqopOHOdHlmfupgapo4y5SQODpmOwf2VpBe3uA0VAx6ei4x9ruEQEFRTzFwzpDhlBms8LwNAMZ9lCngtqW5yvcMzA5VkysyAeVjzbKunHiQT5cOy6ypulM7Vgn2yoTabNlZnloSJikwC0LJM6hw4Coc5h9MKyhvVDIABMcqdinAuXUVJKPpA+xQRZo85iqpm/+JAgrmPOWO4UxlVgZIUK2sBJbqyNuYqlzyOxKR/iUUQJg1gKUKwdwjCticNOTuqAllFZ87Kz+9gcF0XCEnDmub+SsiYpPQ/cIUlHGeWj9FAVnsitq4Dw/dEa9rwcHP5pxt0B7fsmG1s/DK5v2Uf6DU8djSxjxhzQQo81qoZPqp2b+ykSW6qDcwS8evdRpIro04/0RoPOSG7p6Fry6CV7M9tRSFqrWY0Vx24ySpbfnGH+cM4CGaxx20nZWWQz/G6Z5YHFw9UZl2uEQHi0/HdG+fJxnsiNr294w78kfYSSYBvUMbTioYQVLirqOdoe2Vo9fZMeLXP55IGhx52QxSWzPlbj7KkgXWmWUMtO/wD4rQjatYxHID9iqc0G/wDIqdI9/wDJC8K7U78RODh2IVSjkB1ov2OnYchxP5opqagc4VAy4XSmIdUwameykMvjC4CSNzQe+EElkW6y8bUhw87R904ugk8rg059lWR3Klf/AMVoKf48UrvK8YHogaaEOvJYCkpyMtC46KX8KiCd2wilOQiNrJwPNuiyyfGwhbVsOoyBPbW1LdnsGEMVg7p/zVO7k/sq3iZQyHFawbSbFFbPSyEYkwoJNK8bnKb4dL2yjTbK2Fpogfg5B9MFcFMTnDlBEWkHS8pjpq9hHhPdsmZA2MsXUz8fVhCPiMONO3qgxVtfGcysDh6FEF1A5hwgBlB+h4J7t5TfCYNi0LrLlA/YtA+4RGmmkbqLgfsd1MlYY1tPTuH0BMNHAfwo/htGCx2Qn6PdWXghmhjzkApCleDlrsKVken7ruP8JUKwQx85EcDBC66R+AZWKaWhu5OE12jnlQmCHmkd5ZG8ey4aWikHkcf1Uosa4Y0hC+QgzkuLVCsEb5GQbRTnCaXXGndho1t9lLMJ4il0/uhkVkbt9L2qESBm6SRkCakk9zhO/idC4eaQtPuEUTO4fFkd8pj46CoZofE0H2CMmcC8C31LcviikB4OAVCqOnbRUNIMLW57tCMKCFnmp5HMI9Dymviq+WOLvbIQ7mRc9FRP0VSvOqmuFREfRryoj7J1fRxFtFcoJ9P0tmHIV86smpcGogeR6gLrL1QPIbrId6EIozbCakuzMfxPru3fza2xsq2caac+ZNZ8Q207iLv01dKP1cWagFsWV0UpDWvByCeU57GPb52Bw9wmOWAmk+0Zmm+IvSVb/wDZVlPjb+f5cn0VvSXm017/AA6K4wSvxnS12+EOt6dsteSamgie7GMlozhUFV8O+mZ3Eupns3/AcI/kIo5Nk0jjOSETBIXnz+gjDgWvqG5Uun6NMxwEyWz/ABDpMfL9RmqHbxWgK1LJPjR6ABjfOUxzyTjCxEdz+I9C4Ontltq2AYIY/Q4/mVz/AG4vsD//AHj0fVhnd0L2vATYzcS9mDckAjBKh1tqtdwiNPX2ykqY3ctliDlnWdeUTsfMWu4Qf88SmRdZWN7ceM4E9iDlOjqJQ6DTkuimvPwP+GF7DvmOl6en1d6XMWP0WVr/AOzD0W4NFnuNbQaeNTvEH5g4XpDOqbPkZncFNhvtqqB/KqWkn1KYtfcvY2N9kPZ883r+zB1Cwv8A4NfqWsA4EkJiz+5WGvfwD69oCWVNgbUDP1wecfrhfYzamF/0Pbv7pBhIzjOVpq8rbF8h/wAyafKyfAVd0zXWSR1NNFW0MzTy5paMotNf+qbWNNNeHvB7SnUvvKqt1HcITBW0rJozy1zQVkL18FfhtetTqrpuGOR/MkB8N36hb6vMzX5GmHkGveD5etnxUv1GwMq6WnqdsOzsVf0Pxc6elJFXFLA8bOaRnC3t+/so2yoMk1g6hkhycsgmG49tWd/0Xm3Un9nH4gWjLoKRldjhsf1YXSo8pXPtm2ryL/eTZ0XVfTFa1skVwj83YnBV1BV0dQ0GKoBGMhfOtw6c6m6dJbcbbNBpO+3CHT9RXa2nVBUTRE98nBXQhqa5riRtr1qfZ9MNjc7GOO2U9mWDcleEWj4rdQ0bmiWdkoH9QWst3xigdIBXU7iDzoCY7UzXDUwfs9ML2uPCRJByDhZq3fELpm4lrRVeE939ey0VNW0NW0Gmqo3k9g5FGWRjti+g7qeOoBbKxrgf6hlQJum7TKSHUrcnu3y/5KzaMDOV04PdH8izgco5KF/RlO3zUFzq4PQa9Q/fKjVljv8ATRiSCdlWRy3g4Wmbn1RDIWcI42Y7BcDDfxK5UgHzdqqGM/q05GUqbqe0v2fN4bhtghbZ0viDS4B333VZW9NWO5M/3m3Q6/6mtxlM+Qm1oroLhS1jR4LxI0/mifKU0o89LGc+rAq6s+HELneJbL1V0T+djqb9sZCp/wCDfEezML6UsuMLc4y76h/oUaufQqcVLtGrbZLXLvJRRb92jCjv6bb4n+7VpY3s1xzhZdnXtTbz4V4tVRTTj6m8j7hXlu6ws9zaPlq5niHljjghMUt3IuNMf6VglTUFyogBO4VMQ/oOT+ih11n6duw0VVudFI7hxGnKvKesDgD69x3Uh8lNM3w5oWuHuOExWSiBZpYWfkjzyp+H7qdxmsVW+Jw3DS7ZNgr+qenneHcGOqIhycZ2XoDqeFuDT5Y73OxTS0u/vI8ke2U2Gqa/JmG3x9b5ijLUl2sN0cDLDEybuHgA5RJbG5z/ABKSr0tPYnIU64dJWi5OMoiMM39Ue26qKiy9SWjDqKT5qAdidwFohqovowW+O3cSQGop7lSO81E6oZ6xtzsqatt3TN3JZcKLwZjyQMEH3C1FPfJoC1tUxzNQByEeoobTemedjBIfxNGCuhRr2uDja3w0LV0eV3X4aibVNYa1smNwzO6yVZQ3u0OMV1oH+GDjVjK9qq+lK6gHjWqqId6g8qBV1EgZ8tfreHjgyaeV1aPJY7Z5LyH0vG38Vg8Vc2jmccNLCUM0kzXao3NI7L1K4dBWi7NdNa5RG8/gKxd06Wu1pe4SROcwdwNsLrU6+FnbPC+R+nZUN5izPltQCBLwnMe2N2S7SUXBLiHfmuBtO84+orYrzzep8NGyO1InUN1qIcYky0K1bcKS4xeFUkF2CAfRZ90QA8uwQtbGbPdpKcrUeT1XiZ052+i0qrIGjXTHUPsgQxPpnDWMfdPo7zNCwRF+oKzc2luUWjbUe/ujUk+jkSjZHiY6hrDsAQcK2gqNeOFl6ilq7dMMZLR+6l0N7p3vDXAtPuVeTPOBpw/UFwkg5yosMxcBtspIkBVi8Dy8j3XPDhedRaA5dBaeUtIUKEW6eEZsxbgYyhZC44gjlQDCJrJWnuE9ukqrJc12xRmVRAAKmBeCdpb2KZjCE2XVuEQSDhQtHNJ9FwklP1g7YSLRjKJxJnAIknkpuiF20rCfscJxGCuIHDci8tPK7PHPiJ8FKWvMt46ab4cuS6SLHIXhddbqm3VUlJWROjkY4gghfa2wzg7rJdZ/D2y9XUjxPCI6oDMcgHDlku0u5cHofHecnS1Xfyv2fJgwPxBFjeWq86v6DvPSVc6Kup3+DqIZLjZyzzcAnBz7Lk2aZ5Pc6XVxsip1vKL23VWkDBBJWvoqoGOMbLzqnqTG8LRWy4EhuSVhlTg9P4zyEN+GbWN+rgqQDtuVUUVZkDO5Vg2QEZzhKcWj1MJ5SkSfFPokXkjGEIO34R8jR9P7oMMcnkA45TScEFPeN0KThQpy2hops7FHb5hlVsTyHgFWUbgWBTJam32JJd0+6Wn3RZGZBSjhRn8KbIAQozx6IQGiMeVHeAQpZBygyAkKCZLJXzNAPChPAVlK0lQJBhAY7UQZR6KFMzPCspQCTlQ3tJQNZMFhBbKYXZCsaWt14Bxsq+obncBR4pjE/BCVKGQadV/HfZqop9Q5G6K155VHR1mVZRThwWOyDR6XS6pSipF5bbrNQzAl5cw8tytdHLT3Glxs5rhx6Lz5j/blXNjuron+E52AN/us8oHe0urz9k2TbRPJZ7u6lkPkecD/AEWv8fIzp2Kyd5i8drKyEYczckd1Psle6pi8GV2XN4KQ4nXpmo8FhcG+NHrZs6M5VpaqsVFO3J8zRgqqedPPdct1R8rWiPhj0vDN8JpGle0SsLHDOQqu3VDrbWupXnyvOW5Vh4rWnGVWX2E6I6uIbtO6g2TDXVpo6qOtiHldz9lMjly6OZu7T/qhMDbjaxndwb+hUO3yukp5KWQYLTgKnHHRcJF4XB2CEyofriLQMKPSTaGCI8hSNQOCUJpUmx9NL4lKYzyq57C17mOHsjxS+DWFjvoeMfmnXFmD4jecKAze9YZhr9TGmrAWjAecotiq/BqWtJxnZW17o21tD4jQC+PcLK0tQI5wXggtKdGOTh2N035R6e7zR59QqyUBpcM90a1VwqKRuTkjb8lHrNp3Y7o4x/ZtsfyQyiFM/Q7hVF/hfW297GYy0Z/JWcjsnKiyu1xvjxyMLZU9rOLravmg4M8yszhSVklNKMOyQnXilEcvjtGzufunXCP5O8Pe8bF2FLneyppHFw4Gy7/j7G5I+U+Wp3QnX+ipo5NFQPdW7HmGZj2qgJ0ODh2VxDIHRskG+y9LVJHza+GHkunTawH6UmPAdqIQqciakPqk45Ax2T28iqZ/HZkvKeTUwOBzkKNeIjNSuATLZU+QtI3Rqh22nnKyzR3q7fkjkwtLO6muHhYwtFNqeAs5dQIbiJAMYK0FM8yQMc7nCU1k06WeJ7RacjBOQocLw2ZzcYG6sCdsqskaQ8nHJWfODq9B3vyc7boT3jumB+DhMmcTggKZJvOTHLSfZQAcOUx30n7KvmOk5U7Acsktsxa0DCY85Bygwya/KeU6YkYUAUtxXV4wSAq4clWNUQ7Krn/UhRytTncOlb5Duqp486snnLfyKr5Bv+aC5YKgL8OSeyjnkqQTkHZRzysk3gelgI1SIeQo7VIZ2wriLk8EscLqEOUQcLQnwIsZ1JJJGAJJJJU3gacIHKF3P3RTwhHukyeEUlksbPEyWtbrbnG629riZJVRtcNs5wszYKdjRrcPMSttZIGO/mEZOVydbPMD2nhKftRpIQGtAAwOye5NBGnGey6xecz9x7albEdCj1ROnSCpDsAFQah2TgFatPDdNCtXeoVtg4Y9cupx2G6mtUalaQ4/ZTImc5C914+nbWpHxL6q1jtu2xYRhxuVb9P0bq+5RRFhdG3zOVFI5wOAt/0LQyQQfOSN24BPquqv2eH1UtlZe3md1HQOigwx72lrfZWfSVoZbbeyV4zNMNRd91SUkb7zeHNmGWxHYdltWgMDWN2DRgJc54OS3nkksAznCMAMDShM7Ig4QqWBLDLrRkpoOUSM8HCLJXZIj+nC67bdNBTZniOMvPZADtyyBfbj8rSkN+uTyhRbDQPz4rs5fuq4yPvF03/uYTj7lbG2UoawHTgDYfZWFKOCbAzSBwEKaUunLBuB3RZJAwaR3QIGa3F5HKYCS4meUHCc54HJXB5WkdwoFXOWMLh2SiEC4PNTVCNu+CjOlbTxhuAAAhQANLpnjzHhRa2fxMxg4VkI1TIayoyB5R6p+jYLkbQ1uAFXdR3qGxWuStnl8Ng5KNcBwi5PCMX8UOpJ45Yel7VIRV1bDqLeWgnH/VVlFborBbYLRR48d7QZD+Jzu+/oq7pSlnq31XX/AFBN5p2k08bvwN7LSdPUzauV3UNYD4MeSB/oEE57TqbNkVGP/wC7GXC42zoexz325yjxI2jYnfJzgYXyf1P1Dcup7tLdLpUumlkcSCeAPQLY/Gj4hv6tv7qOgn1W6mf/ACwBgOXnIyXZys1ljfR67w2ielgr5/m//II1FaPRMYMBGBAG/dJz7OzOe8br0Z25UeWTH5osgAyogyXKlLIVZwgkjAUiMYGCuMYAMkbpSY04CXYNHEjHKjvOxXXE77ppSJPAC4BO3ckAcpw5R9LdGcboBqfAED1XcBdPK4dlCzuChaneqIZRxpQjJtwpKW0g9zhghBJG6a6Q7oJm3OyW7A9mQ5l9lwyejUDUuZPqg+QtLAbxfZIy7cIGEsBA7Bg8vceFwl3BK6uOQKTbIcDyUslNanYKaiCyUslJIcqEFgroJyigDShYOcqEHjhdXBwuqEEknpKEOYCWAupKEB4CajJihBiSSWVCDclJJJQghyn/AIUxLJUIdJOeVxJIcqEHHhMG6KOEzT7oZRyQ4kkkqIdZ9QRgRhASyfUqmiB8j1CWW+oQMn1SyfVTABPgqXRDA7K+t90hnAjd5XAd+6yzCBnKOyYxO1N5Uy0OrscWbdrtvVGa72WatF51PEVQ7HoVooXteNXZGdXT256JQOUSMYJQm49cozOUZvhIMOE9MHCeojUnlBcBPTF0nKsckFSwUhyjDThD2EkDT9PsugIjWghXgJLIIcohAIzhd8P3T1YxQyAI1cBMLfZSfo4bymaM74VYLcOCK5gVVe7c2to3DIDm7glXbm+6C5o2yVaeDDqdPG+GyXR5bLCQdLgRp23TDGQM5Wg6pohQ1fjsb/Ll3HsfRUBlH9KZFpnjNVV/GtcEBOyS6eVxTAhcjEk9JCGMST0lCCSSSUIJJJJQCT9HofQVVDPQy0ucPbvj1V7M3zY9Fieg6jw7k6H+pq3M2xK62nlvrR5vVr47miMWg8hc0N9E48pJmBClkDgJqkIKEMczn81q4N4Wf8oWWAOVqKf+4jz/AEhaKzNqBy5gImCuJxlGYCWAupKiDC3C5p90RJTBC/6PkIlmZ7Ba1hwsV0u/w7iQfxNW1ByjRzr197OpJJIxAkkklARJJJKEGJJJKEEuHhdJHCCScncqEE5xyQDshpyaoQ61L6kmrgOEyIQwpRfUuEjhKMgHdWGOqSQR9lXzEZ5Uuc5/RV0hOeUJBkrTtjdNwGjJdwi4zsqbqKtFBbZJc4cQQEqyW1D6ofJNRMF1ZcH19zcxr8sYdICj22MahhQHF0shkJy5xyry20umLfk7rC+ZZPQuPxVqKLCFoawAIrUIDCI0hNRnbyOSyPVcJGEMn3UIPyUslMSUIPyUslMSaC5xAVlSe1ZLTp+jfVXJhGNLNyt9qGANQVBYqOOhoxI8fzZBqJ9ArBkxccjj7p8FhHK1C3SyTRyjtcAFGYctTgTlOMo+V2nb1UUnDS8lKeXL9PooV3rPlLdNJqAOMDKGXQ2qve8HnvU1W6ousmr8Oyqj9JSlkdLI6R7i4uJOSkfpKzS7O9XHbBIEeU5NPKchl0NCDYErZfD9hfO6UjGVjmcrfdDQGOmc7GMqodmTWy21m1JGDuFGDiCuEn1SWg4a7IfUFT8tY6uYndrCvAaWoP8AF2vP4pCc/mvZ/iFUmn6aqAPxjC8QpT/v9OcckLPZ2d3xkc1yketh5cxpccnSEE8pkZPhs37D/JORLoVKChLCGg4SJymJISgqSEkj6KwfZuR6hLPuoAqDnhGZMDjdfkw/oBglvip6hhiqohLGRwVj770KI2yV1keD3MLjg/ktayQIjXDKhSWDyD/eIiWVERjeNi07EKytd2rKB2qGVwHplb+8dP229waZWCOYHyyNGD+awl36Wulmfq0+NAP+JHuMKYJk1dr6mpq0COraGP41Dup80EEwJ0gg915nDUE8dlf2nqd1KRFUgubxkKxpfSwPp3aonOx6eilW+6yRSeFP9J23K7S1tPWsDmEbjjKFU0D8a2AY9EBDQU8rJzsQUXTg8rIx1tRSyAayMK8o7tHUNa2SXdUDJZLXwfEABP6qpuvT4qMvaBlW8TgRqa7ZHG/CsXymeV3npxshczT4bxwcLMVVFXWt2XA6RwQvcqu101c3ErAD6gLLXTp10bnRmLWz3GRhGnkLJgbZfQ+QQVLtjwVZVFuo61hIa3J7hRLz0sIcz07S08kDsqSO6Vttk0OJIHqmRSZYd0dbZao4BLAcg+y13TvXDIS2Ocn9VR0t1pLozw59IOMbqHX2QxZnpDnvsUYEpYPY6G+U9bG1xAIKmyUzJBlgyCvD7T1fV2uXwpw8NB78L0bp3rSmqCPEcdxwoCm3yaCalLcghVdbZ6eYE6Ax3qFo454KyMHAwhzUWQdByPRVgJTwzCS0UtM4teAR2IUV9LHJkFgOVs6igIJJYD+Sqamg8NxlYzHqEMuhymmZgRV9A7xKWQgA5wtNaOoqeshbDV4bINjlRnxA48qgVVnL3Gandpee3Czy5LaTL+426lrI8x4Gd8hZ6WCpoZNILhp4KLbrhX0DzHOC5nuMq/jdS3GLJa0kjhUngFrBWW6+S6xDUbj1KvWPY9oe0NcD7KlrrCfrp3YI3CjQV1TTjwZGnLTwSjbyRxyi5q7fSz76Q13qFWVdtja0txkH1VhSVTZmBwdk9x6KU6ETgDhWAlhmHrrMT/dRhv2VLU258fLcL0aoogM6QqestzXA5ABV5DzkwklM5p+kqNJERw391rp7Vzhnb1VVUW1zT9OPzTYywXhYKQj1S0+inPpHAHb91DMDmnjKOUVIBpGl6c+It96ac2IzvqacbCOQ50j2XrvTHxA6e6rjELyKeox9D9jlfPU0RcQQhiSeB2qJ2D6pUqdyEyjk+qX0bmjxIJNTTxuhuY2UeHPGCPcLxbpX4wXWzujpr1iqpG7AY8zR916/ZOpLH1RTeNa6lr3ABzoyfM1ZZ0NATT9ESv6WEg+Ytkoik5y3ZQor7eLO8QXOndIwbawN1pDFLE7MZIPOCu+MyQaKmEE8ZIWdwwVn9jbXeqK5jEMgD+7TyrJZS4dLsLzVWuV0UnI0uwg0/UV1sZEV9pnyQ8CRoyfzSnBsF18ZNgRlGjqZYsaDwq233akuLBJTytIdwM7j7qahccCXHJYwXPO0ynsqY5PodlZ8DJRGPlhwWOwhEzrNADldVTT3EjaYqfHUxPHlcqESg2SkkzOUleRbWB6SS6BnuqFM6kmpKECpJJKAD0kklCCSSSUIJJJJQgkkksFQghyiDhMAOU8cKEGpJJKEEkkkoQSSSShB6SSShBJJJKEEkkkoDKW0ekkkjFN5EkkkhayRM4RnuhTUNLV4bVwMlZ3DhlGXWqi9zMxX/D+xVUhmphLRvccl0Dsf+irJOnOr7Vl1urm1sDOGzHzYW7XclTeRXHnzOoKykd4V6tU1M4bagMtP5qwor1Z6vZtQ0k7YJWvqIY5frY12QRuMqjuXRlirm/8AZfAeeTFtkqDlYn2QpKSindraxrs90KW20xGGxhvuAoU3RNwomltDdJnDkBxOyG5vVFBGPEpxM1u2poyUwiaJMltrAQ6mmxgcJB99phq0+MB2CDH1AY9Laulkid3ODhTYr9b3s2qMZ9VA1gFH1BOTpqoXQnP9KnQXVuw8UEfZdD6acavI8H7FNdS0bv8AhAKiShknR3OMtwHI8Nac/wB9n2VMaJ7DmCbAPYpgFVG7D2ah7KAuCNPFUtcOc5Rw5p7hUVFOHAZfjHIJ4VpC7I2OfzVsTKGSd4jD9LgSmky9sOQAMcLoJzyq3+ijrw7GJGbILore7yvbhSw7bducrmiF4w6NGuSZK59soH7xO0lBNoe/JjcMfqrY0MP4QQUN1HUAfyX4+6PKIp4Kp1qnQJKKcHGCMd1bmOuidlxDh6Lhnn/FBwr3INTyVPgVWnAfwutkrYiDp1D7q0ZUEnD4C0AZzhOxCfOMKtyL3orRVSH62J3iUUuzxkn2U0siPLRj7oZo6Vw3j3KohG+SopN2gAfdMNsYGgRVDxjjBUs2tvMZI9kH5SdpyyXThC8AtIAKa5U5/lSkj3C781cYwPFGoBS9VZEAS8OThUnGXwb+3dQHaiILi/Pnbj1Uhl2g0gFuFx0lO76mAH0ISEVO8bNZv7IBcopDmV8T3YY8AlE+aPaQKMLVT69bX4z2C6bX/TNhMAcSUKyYcShE/iEgH1k/ZVht9c0kNeCOxTWwV0btwCPumFfHktxdH98rrKuNzvMOfVVmJu4SIlG+VC3WXXjUxGNI3TMxtP8ALcAqYzSDsn/MvPf9lWBbrLfxn6siX90QVMoH94VUCd/9ZRBU52KgHxosfHeTnMmV0T1R+moI/JQW1Adtkp2o+qsnxkgVN1jkzrbKz0Kd/Fq9hzJQ5H+FBZLKBjJwE9taRkHOVQLgkGHUQbgS0cjfyRP9oLe8APkLM+qivn1ctTfBo5P72ID8lMlbMk9t1oHHy1UefTKMKhsgy1wI9iqd1stb+GY9wm/welx/KqJ2/ZyDIOwu9j3Q/BzuBj3wqY22pYcwV8gI41FNLupIhiOenkA9OVCbC6MZaccLhimaAWTafyVGLpfqU6quiEzfRi6er4o9p7XWM9fJkKE2FwXVX0ua2VvoQo81PHNs+jb+gVe3reyAgSPkhz2kbhSoeqLDUf3dxj/VTJYGps8UwzCZIX86mlRW2u90wHy1wdJj8MgytBHLFKwSRSNc08EFPbvuN0bZFIzYf1TTPL30bJ2ejTumf7RSRHFXZq2PHJ0ZC1RzxkhBLC76nZ+6mQk/7FBF1Bbn4L3Pg9pRhTI7pQVWGw1kbiPRynz26hq4zFU0sb2n1aFWv6Ssz/7qF0B9Y3EFMXBYdwyQRv8AZdI7Z4VdP0k+EeJb7vWRydtb9QQI7f1fASRUUk/u/IJ+6tTJlei1fDHJ9bGu+7coLrZT/VHQwk+ugKL81fqTBr7a2QdjAc/qpDOoYI24lppmfkjyU3gJEyCnOJ7RTOb/APSwUYRWCoOmW2Qs/wCVuEJl1opwHCdgz2ccFSoxFJgtLMe2CpkqSyNfYLHPh0Rki/5HJzemw0D5S7Tj/mdlFFO0bjO/oU6Nj2nLXkFTeAwbrVeYmYZUwSgcdihZuMIHj0Ls+reCp7amqjPlax33CM24PIAfkK/lYpzwVjZyR54XsI51BE107h9e6sTU00uNY39cJporbP8AW5uT67KvlZFc10VFZZ7ZeIvCraaOYdiWg4WMv3wC6EvwPi0ToC45OjYZ9cL0c2unjP8AKqHs/wCUpvy1UNhUuIHcpkNXOH4sJ6mz0z5u6j/smRGaSSw3DOd2lxwfthebX74AfEqxOPgWh9S0b6mbbfdfbDzcoyBHEHY5cEVs404nifnuCNlrr8rdDsfXrZr8j85q2DqKyTujuVkqIRGdJLm90Wh6tfHhra58B9C4r9CK62WS6MMNbbaeVjudUYyVg+pv7Ovwk6pjzWWJlNKTnxaX+W78/VbqvOWL8joV+VUOz5nsfxHu1HoE1T48fucrV2z4nQz1Gioj0tPcK9vn9ixrC+p6K62lpt8tpqunMmB/4SvOr/8A2dPjn0o11VSxU94iB2FI0l+B/hK6tPlK7FyzdR5dSeGz1Ci6ttFZL4TZg0n1KtWV0Ex0wvDivmll66isDhH1J09crfKDpJlpnxjP5gK+tHXLhI2aGv052wXYK6NeohZ+LOrVrap+z30OBTmkeq86tfXmoMbVEOB/EDytNRdU2+oeIy4t9yVtUuDZG6E/xNCmuHCFFVQSDLJGuz6FGa4O3Cp2NB4TI9RR0tWwxVdNHMw9ntzv6rMXL4a9P3NrnQxGkmOTqh8uStguAYVq6XoGUDzB3RnXnT7DPY7z85pziGc5DR7KND17fLLKI+rbDNAzgzsBLSft2XrcYO5BQ6mliqYjFO3Wx3ITvmfsW0ZC09X2O+NBoK1jnEcE7q58Y9hnKz18+FHTd1c+anY+jneciSLbB9SO6zr+mfiN0tltDcBcKaLeME+cj0xujVmQXHk9DDweye1xxjJXnVF8TTSSNpepLfLSS8F2nGfutbbeorXc42yUlVG8O9HBNTwDKO7snzW+kqGOjlha4OJPHBVNL0tPCTLbqsg86HFXwlyMgLrnYwQeUyNu0TLSxl2ZmKuvFvkEdRTue0Hc8hWkN2tdwi8Gsp2OJ5a4K0c5p2c0HPqFW1dkoZ3+J4YaTzhaatQkZbtFlcIgVPS9LUEz2uR0JO4GdlUy0NdTF0VypxNH/UBlXRpbjbiXUspkj/pO+F1tyEw8KoZpd3yFuq1ri+zjarxlc+0YG99DUFzYZ7cGwy84xgH7rB3SwVNC/wAOspjGeGyNGxXubw1pJa0EfZR56Ckr2GGqgZI13ZwzhdTT+Sl7PJa36fosnugsHgPyszNgdTR3yhviim8r2bher3b4cRy65ba/T30Hj8liLr01W0D3NqKdzcfiAXVq8hGZ4byn01bDdiOTNS0kzN4W7ei5DWVFM/Sw6XDlTX6ods8IMngzjzxgH1GxXQhqTwOv8G0uiwpbp8w0Nqn5yu1FkhrHOqaSTQ7nCpjGWHy5OFMorg+ne1wcfQg8FaY2ZR5XV+LtpW4NFc662SCGpBLOxPCvqKu+YaHscHA+ihSGnr4gXBrg7sRwq2qpZ7d/NpHvA7tzsmqSZxJLHZsGSEj7oocN+FkqC/PyBMdwr2mr4KkDS/f3TAZRwT8lLJTBwlkcKAYCbEYKGYy7hdeCeDhJqNSAGEysOWnA+6eKwNIbInEg9kMxg9lb4ITI5muGUQPOFXYLeDhdbUzs5IwjUgJLJN8Xf6dlwuBagib1G5XcouMZKydLznYrmMj3XEkpoieCFc7Nbr7Svo7lTiWNwwMjcH1XgHxE+ENZ07PJX2aF01GcuIG+kL6NyD+L9kOpjjnb4cjQ9h5aeCsltCmuDraHyFujlmL4Pil58J+CN+4VlbavQRnsva/iN8G6e5+JdbA3RKMufHjkeq8MrLdWWqrfSVcTmOjONxyuZbpmj22g8lVqFug+TXW2sD8ZIV7TSeIBusJbalzMNBWjt9djklYLaXE9943ycbobZPo0bBp75RmuAUKGpD2cIzHHKz7cdnfrsysoOQo7+Cj52UaTJHCWg3LILOHbKZFLqACr3HBT4pcYyrA34ZbtfqTlDilBACOZT6Kh6k2EPCA4ZJ+6IDkZSf8ASVQwjkDCiuG5Clu7qK7kq0KsQCWMeig1UQG4Cs5ScYA5UN7DhAZro5KqTIBB9FDfuOFZTxZOQFEkiIyQEBhtgQJIwQRhV80eNwFazN3UV8WrKp9GCyGHkhU87mOwQralqNWkKpniDTkDCJTz6SAeyzThuNek1TqeJGkhflqkxE6stOCqqmm4z3VhGRgHPKzSj+z0FGoViyjUW+vHgtilwdsFchcaCvBB8j/MPsVRx1JZhXNO9tVC3I37JMoYPQabVuUUn6NKHtkbkOG4UWU6Hh2M6eFDppy0iLfH3UyoaTAXDlIcUdeu1yimXlHU/MwiQ4+wUtzG1FM6J2+yz1inc0/Lu7q/jkEbw49ko2wluRBstSaeqkopcgZwF2cG3XPxcfy5dj+aHc4jSXJlZGAGSgKTeI/mKRsgGXAZypgpTcQsrzFI17N2uU3OWtIO2MqpoZhWUOhxy+MYU2hqPHhMbvqZsfsgNELB1WAWNeB5geUVsrKylwcamhDIyHxnckZChtlNNJg7Z7q8BSkCLjE90Mgy12QsfdKQwVjwBgHcLbV8QkY2do37lZy/wGSFlQzfScORnO1cE1uLTpmqjki8IOw7A/ZWle3Q4uOwwsX05UPbcA1pwCtzXBr4ySM+UJi7Jp5fJVhlHMc8d1H42UiU4c3dAlxsRwtNayzNbFJ4PPusKZ8FaHHh7tQUeik8SlkaewWj6xpmS05eRu0ZB9Fk7a57JcfhI3C62inssR838vp9l0/0wcsRYSSEWjeS0xevCPVx53aFDid4Mod6L1Ncz5Xq6fjm0XluqNvAKkB2M5VVSS4qAfVWzCDutaeTlWLEshaCbTU6DsCrGbLcE8FURcY60PB2CvJZRNTFwHblKm8cHV0ln24ZleqqItaKiMJ9lqDNShrnZLNlZXRjKihLHDJAWcs73RVbos+U7EJLNdM0rVg0TNxgndQ6kYUiJ2ahrT3TKhuGF2OCkTjg7yeSuLgHYJARJMFoIUOfPjn0RAcx4zwgwCdxjUB6KFV7DIClN8ziAgVjTpwPRF0KsntRBjqSyYHGwUx8glaDhVEnklzypTZx4YGFMMyq3kHMeSoMvI+6lTzjgBRZN8KIz2vc8nHfSVXVH1fmrF30lV1R9X5pV/oqsZnYoAPmIRXj3QgN+VgsNAVhyMqQNsKOwYGFJHZNrFsMiNQ0QHCeZre+By6SMLiZk+qJvAB08pyYnpUxjOJ1IXOqGtDc5TScKbY4TJV+IW7BJtlti2aNIt1iReW6ARODAtrZIi1mSMLKUTMzjA2JW4oogyFowuDqrdywe/8AFUfHhkh5IIwjxfSFH/Ei5GnBK5kaz0eUdkcNJJIGyryS6T80aodtgHso9MCXkrqaCndM4HltWqa5N+idCwAZA+6M86NwuRAafsmSuAAIXutPH469p8J8hdLVaqU30Foqd9wrIaSIZdI4D7L0qtc+22yOkpsA4DSRyT6rLdCW8yySXKRmzfKw/wCq00TX3a9MY1+Iabdx7Epj4Rw9RJzbiaTpm2Pt1GHSgF8g1Z7/AJq6YPMmsb5BgbAYR4hjGQkvLZglhcBmjDQnppIIGEThGlkSx4b2zyjxsAHCCzLijMHZSRAizvU9yfEWUcDvO4ZOFeVdVFRwOmlOMDKyFu13avdXPaTGXENJURUeHkubFbtEbBp8z93FayICOMMAUC3wtiGdOPRTCdlCSlkFLJqkDQjxnwxnCjRR6pSSNhupOoAKAjs7HJVXUPc+Yg8BSp6hrGkE7qvJzk+qhDk8mmPI7dlEEZc7URuUWXd2Oy6NhwmwSIB04Gy8n6xqqrrTq6HpmmJNvoXj5/B99xn7BbP4i9THpmwvqYBqqqgGKnaOTIdht3WFsVEOk+mH1Fc8uuVc8zOd3weMq5YR09NWtu5dvomV8YulzoelKEaYI8B+n0HKy/x462h6XtDOjLc9ol0DWQ7BAOd/2K0vzkXQfSVT1feN6usaWxhxyePT0zj9F8q9T9QVXUt4mulU4kyvJAJzgeiyWSyzs+H0P8i/5J/iv/Ur9nHPOd0Vg3BQWdtkZoOyS0exa/QRuAE2U4wAVyQ7DBQ0DWeC4xyccT3KTANWe6E7JICOwYCVjAUnjgeMBqCTuugnB3QTyfulSlktcnF0b/kuLo2/NAwjiWv2Ti4BAdMCCEIyPQXI9R+qGSMchBL8nOUwk45S941QyFLm5+ofqhk7IBBzyU/JO+VUpYD2Cd3KQ4SXNPulSW4sGknpKiCSSXWqyC0+6Wn3TDk74S0k9ke0vA4couG6UEHK7k+qooR5XQDlcHKMNOFCHRwm4HKdkJqhByWR6pHhCwdShB6S4OF1Qg9JMSUIJLDv6f3SH1BHAGFTeAlHIAhD0qSW4Qy3blWCwKSR5SUIJJJJQgl0A5SAOU4kYUIdHCR4Qs+ZSBwiawQCQcriOQMIJByhIdSSSUIJJJcJx2UIczhLJKSSAAJnO45V7ZL1gimqHD0ByqAOGCMoeh2rZRLk0VWyhyj0tjwQDqz6bqSzlYizX10EgpKonIOM5WzglDmtxvsmLo6+ls+SOWSRwis5Qhwis5Vo6lQVn0hEHIQ2fSERWaEFHCc3PZDHKOB3QoJDgO6eBhNT0QyA48JmDlETtPsoNBhvlAIS0t9E7GElBj6BvZ3yo0rCcFTUJ0ee6hmnHJn+obeKy3PbjLmDU1ecOLg4tIwRsvX54Q9ukjIcMLy2+0ppLrLC12WA7BEeZ8zpsNWohpJDZJGefEkkkoGJJJJQgkkklCCSSwV3BQyfoDGS66UqPl7uw/1DC9HkOXZxyvLbK7TdKZ2dvEC9We0k7BdDRv7cHB8rHFiaAafdIMz3RkjwtpzU+SOm4KeeU7T7IBmRrAMrT0wxDH/yhZuMEkNWnpgRDHn+kJ8DLfIMGjTjCAWOzwpA4SwEzJn3gMYSRS3C5p91CAE5o3wUQMx3SIOeVfZcpYJVqcYrhG4DnYrdNGB+SwVCSyrjOO63bH5aNuwVmG/l5EkuBwJwCuozOPSTFzU31UIdSXNbfVLW31UIdXH/AElDSUINJOcLiSc1QgzT7ri7n2XDyiawQchvxjlJzgMjO6CSc8qyHSVzOEkkQYOU7blRHco8/ZRXIQorI7IG5OF531zdHVNX8nFJ/Lj2PuVtrzWR0VvllecbHC8kqaw1dU6R3DifdYr5ekdTRVPduY2jj8SUMWkh/lsAwqq3waZBIQrjTsEqPJ0L5bhqdrd6pqSYJHa3eqakkoQMkgpKECqdaaYT1G/YgqENyB6lXs0lHbaHwmjMxAO3ZFFZFWvjBPnrgwCMHjZWlCT8u0kbrN2aB1Y7xpQS0HbK07AGjA4CcjnX8PBJa8NG6HPUiNh9UJx4wVW1VUJ6sRNJwjFxjngntl8Q6vVZnriudHCylacajv7rSQMEbdyvOuqKuWpusjXu8rNgENjNekr3WFQkkks67OtJYGpyanKpvBYZgOV6Z0hEI7a2TG7ivOKaMyzCMd16jZad1NQRsd3GVIM52unxtLJJMSyBynOWDkpZMD8Wat/ydPTxyYaXnWB322XmVEwuuFOAPxBan4kVsk17NOHYZGzIHus3ZB4l3pgRw8LNKW5nqNLSqtNk9HbsAMdk5cP1LqaujBJ5eRJIKSLAIkkshc1AK28EPrkEZRGykEKMDj1RGydsL8myhg/fisyTI5yMDGylNccDdV7XjlHbN2IQhpJk3V2ynEBzdDgHNPIPCjtdlEBGOVRGjOXvoulqCZ7Y4QSnlp+grGVdFXWyXRVwFvv2P5r1k4PdAqrdR3GIxVcYe1WU5YPNKK7y0xAYdu5ytVbepo6jEc7xgDuqq/dEz0bnVFua58I3I5ws0HugOlwII5B2VtYCPT3MpqpmWlpz3Vdl1M8gM3B5Wat3UD4mtjlJwO60FPcKaqaPOA4+qrAZa0F3e0hkj8ZWhpK2GRo82SVi5YH/AN5Hgj2T6W6yQO0vdjCgtrJvo5gSOMKQCxw8zWn7rL2+6h7R4rtldU1VrAI3BVAOLIV06eime6WAhody0jbKyF56Ohm1aoAD/U0L0UPDxhcdA13puqUmisnz3dbJLbZnGMOGD2TaG91MBEcp1D3Xt126ZoK5p1wtBPoF571N0GKRpngblp/pToTzwyZKSppaC8Q+RzWS85VQBcbNIA8nw87OB2QJYqy3THBcMHurSlv8NQ3wK2Nrhx5hlMa/RDR9PdczxERyy5A9St/aup6SrADngErxa4WTxWfM2hxJG5YCg23qGvtUuioDxg91MEPo5rIqhmphDlGmoGknLVgumviJD5WPkx7FegWy90d0YNDmlxGeVTXBMsq6u1tILmNH6KskpHt2cAPsthNA12SBsoE1Mx+Q9o/RIcQ4zMrUUZc3I3UJj5qGUPYD7haqa3AZczcKM+kYG40hAMzkjUV0jqfI/Y+hRqigpqobtGfUcqPLRRv4ZpPqNkOAVtG/Z3iM9+VQwi1NvqaJ2uBxI9k2mrKlr9Rcdu2VeNmZNHnPOxCiVVBqy6MNH2RKWQBR1sUg/mnSiaKWoA0HKz1yq321up1NJIf8IzhMo76ZiPAp52/dqIhe1FtjcMjvuqestjft+6nU1wlfgyZx7qWTHUNxwVCGRqbUGlVdRbCzgfmt1NQMduBwoFTb87BoCJWPohhZ6UtOC1Qpocfh/dbGqterzBqp6m3lp4wmKxMAoDGN9l2jrKy11DaugqJIJWHIcx2Cp0tIW7lqivgI/CmOKkgXFHpHS/xtkh0UfUsYe0bCUDzfmvUrRerL1DCJrdWxyZGdOrcL5bkpdfI4Uq0XW52KYTW+qkiIOcB2yzzpTFSgfUz6eWE5ZnCbIYahhiqomvadiHDK8q6X+NcjdFLfYsjjxAvULdd7NfIWy0NXG4uGcZ3Wade0rDKet6VLXGpstS6nk50A+UplN1BdrW/5e7UznNG2sDlaN0MsRy05HsmuNPO0xVcLXNOxyFncci9uRUF6oa8AwzNz6ZViHeXduyy9Z0hTk/M2id0Eh3wDsVCZeeo7PIIrlAZ4m7agMlJlEpwT7NpgE5RWSvh3CpLd1Fbq7GmYMf3a48K6bIHNDhx6oMMRKGCVBciDiZWEdbFIBpVS3T/SAuiMj6TgFUZ5wyXgOrdPByFTR1c0GATqb6E8KbDXwSbE4KmTPOtkpJca4OGQV1QWOSSXQM91CDk9MT1ABJJJKEElgpDlEJGFCAxyiADCZ+JPBGFCHcBI7pZCShAeldT0lCDEkklCCSSSUIPSTElCD0kklCCT0xPUEWLIxJJJQFrA9JJJQDcxJJJKDBySakhIOSxlJJEQWEvZJJXkvICakppRh8EbgfVoUOTp+0Sg66OP8m4VmkqLUmjOT9IUhdmlqJoz6atkJvTd1pnZiq9Y7B2VpwMd0YHPPZQJXTRipor7A8tdQufjuwJsdXUFo+apJos7ZLVuRugujY/ZzQfuESeS/lcjFyOydTNkwVlzhP8AJnbj3Wqms9FI4v8AD0k+nCjyWGlBwATlGTKKyn6jqGs0VEQLh3HdT6a/UrxlwIPomy9M00mXMe5p7bqFP0pWHemqvywlkyXzLrRyAAE7qQ2drsEHlZH+FXymwPCa/HGDymsutypnGOqoZiRt5UbAkkzate1+4IKdnHdY9vUzY8a45ovu1SKbquiccGdxPuMKbmC4ms0575SwPUKkg6hhlHlkGCpTK+F2CJMk+6mWC0yxcxjhgtCCaKA/h/ZNFXCR9S6KmI8E/oplgfdkYaCIHOVz5N34HYKktlDuAnYaqyU5TXsgmnrM4BGE3w6jGDDn81YGT/5crvij0RSi2EpyKrw3f0Hb1SLc7YVsQx25AKGSw48g/RCRPJUmFjhhwBTflY+wVq6CInOgLngxjcBQLOStNO8cJmipGwkVo5jQSAE0wg9kwtlX/voO+4TxM/8AE3dT/DHH7Jpp242bujyTciH4g5LVwzsA4wjmkl/7vI+6EaM53g/dTIux/oD4lMTzj2XCGO2GFIFHGR/d4QjSgbDKmUCM8P0cP1XfAeU75WTkFc8GpbxLn2VkOimk7HBTmwVw3E0WPum/76O2QnNmePqbuoQK1taBguafsnNjlByWj9UyKuDdiQEZlU1uCOShyAObHJkDQitY/GdASZVvI8rgR9k4VHq0KZRDojJ5GEQQg8bJglGfpRhuiIN+Xb/8pSFOBu3n7p2cd0sn1SgDhiqMHDNvXKEYQfqaCih5CfqHooQrprTQVIxUUsbh/wAoVbUdE9N1GSaWSInvE7StCuafdQhjaj4d24HxLbd7nSyeonyD+Sit6T65oZNds6xEzeBHURAAfotzp91xzfdNKTwY583xPt+MU1FVt7kSBv8AmjDry8Uob/FeiLpGMYMsBbK0n8sLVEZ7pmn3VYL3IpKX4i9OynRMaimkHLJmaXD8ld097tlWR8tXQuDhkZeMoc9DTVDdM8Ecg9HMBUB/S9lkOZKJoJ/p2RSlgmMmha8SDU0gj1G644A4ysz/ALOSwH/cb3XRM7NLg4fumvZ1VRyaGTw1MfZzhv8Amh7A2bTTuGe6GYYSfNGw/cBUjOoa+lwK60zuaOXxjIUmHqm1yuAcHR//AExqtNlNMkz2W2TuL30rMnuBhRX9PwM/7PVPi+71NhvFtqTpgq4y70zhHc5jsEEFTLKbaKr5K8U7dFNWQyj/AB7pjbleKaQsrLcXAfijHKug3HAT3ehKpstPJUx3umLgyeKanPYvbspcVxop3aI52E/dGfEx/wBbWu+4yoklmt8rN4dDvVhwowGsk9pb2ASLQqn+ETseHUVbI1o/DIdQTx/GYHaJGMmaOCO6p9E+PPss2ucNgUQST7Fr/wAlUfxYxeWoppGO7jClx3GlkYHCQAnsUKk0U4E9lfURfUzIXP4swOzJTuGPUKPDUxyOOlwOEUgOGCMhFkBoMKm3zjUWAOP5JfLU7jqidg+yjGKmecBgB+6aaNww+GZzCON1PkYCRINJVtyYqjPs4oeqpadMzcoeblGRpeET5ufAE8fCNSbCxgj19ttl0h8C52+nqI/SRgK8x6w/s1fCXqkOl/gb7XUPOoz254iOf+XGn9AF6zG+lmHnByh+G0k4O3ZOhqLan9jDhdOv8WfLl1/sh3qgd810T1uJXO+imrYgzP6FYO6dJfF/ot5F76Iq5o2OwJaR4lDvcBq+3jFvsEMxE7EArp6fzN9fEuTbV5C2D7Ph21dfwxVAZUVEtPKDh0MmWuB+y3dr62Y5rXCYSA++6+iepeguiur43N6k6YoKyUj++fGPEz6l3J/MrzS5f2ZumzkdLXyrtLidTYtDZWfvjAXVp80p8WHRp8vOH5MpKPqy2zBoml8Mn1VxFUU87Q+GdjwfQrCXb4R/FPpyQk26G9U44dSHMmPXThZ0Xv8Ah05pbg2qoZmnSY52FhB9F06tbVNZydSjysLfyZ7G3ddXn1B1dVxQgMqBK3sSclaGj6voZgxk/wDLediSdlsVyfR0IamufTL0twcpxawjDzgIcFfbak6Kesje701KQY3dgmqxoZuXoqrj09aLrH4VVTRzMOSQ9gOD6rD3X4QwMe+r6ar5aSYbhhdhq9NAeTsxcw5uzgm/MVlHi7ZfiH0xj+IU4rYGclmSQFeWj4i2mqIhrHOp5eHMkGMFemGNjtnAH7hZi+/D/p6+apDSsgmd/wARgwmK0mUPpa+lrmB9NK14PocoxHqVh6noDqKxudLYbi5zWb6T3CBB1lebdIKa9W9wc3YvAOCj3ZI+T0FnugVVDTzeYsAd6hVVr6ptlwAa2YNd3BKt21cMu0bgU2Nu0ROlS7IYogNi3Ye6bNb45G4Z5XeoU/bP3SWiGpcejDboYS9FCY62heXOaZGeyFK623NpiqYQCdtwtCWAqFWWunqNxHpd6t2W6rVtdHK1OhXpHn/UPw/pZQZaJoy7sFgbn0xV0TnZjcML259LV0hyD4jPRRKmmoq5pjnjaHH1C62m10m/uPH+S+nq9RnasHgUsEkZLXNQg3B5Xql76CDg6Wkwc74CwlfZaiikcJYC3HcLtV62MlwfO/J/TdlUXGayQIKh0WzVNirHzNLJmhzSNvZQnxOaeE+PIcNluq1H7PB6/wAB8nSwOqKSF2XMGD7KI2aWmd9ZACsQQRumz0zXgacBb1dFo8lqNHZp5bZodTX920bpePVXNJc4ZwGl26ylTQEEFowoj3VdG8GMn8ijMsq0eiteHDI4Xden81jrd1JIwhkufstDBXtnPlIKszussMg913I9VGa4kZTgTlHkAOuBg4GyYDtuuot3ohyUPA8vKZFJUNP80ZHZELs4ynENkGM8IkAhwlBHZdyPVRzGeVwZzjKshIyVwk4XARjcrqDAYxzy7jZZjq/oKy9V0egMbDUHfUBjJWoLdiozwWOGBlKnWpB1XT08t9bwz5j6q6KunSlaY5Y3GHPleNwVEoaxzMHGV9PXK1W+80zqW407ZGkbEjcFeGdbfD+t6drH1dG1z6VxyMb4XPv02ej2XifNOSStfJHt1bE9rcu52+xVtHI08brGUs+g+h7hX9DWZAyuPdU4s+n+N8jG6Kiy4Eh4TiQRwo7Js42RRIMLPhncyAlHmzhAcSCMKVJvjCA5ueypi5sJDIWkZCsGyBzQcKpD9J4ypkM3G2Alja7CfnKSY1ycDlQ1qSYI8IB5Uw8H7KKd8qiS6AytBwo0jBhSizPdDlbtjKt8ozTWSunAyoMrQQrKYZP6qC9KaMdq9FbUM3GCgObtyp07M754UJwxkqjDdEhzsIzsoOXRvzhWTvQhRZog4bBA0ZrEFpKw5AJVxBUlwGQFmY/5b9XorWlqQQ0FZ5xOlo9TtWC/ikzjcK4ts5DhxhZyCXjCsaab3WeSPQ6XUYeTSB4D2yN4CtGyNmjxqGCs/DUh0BiPPqp1uqCG6Cdws1iPQ6fUphPmHU1VhhLdJHdamKUyQMlyMuCyNcwulE3YlX1oqfGjZDnJSEscnTptLSrh+et7o/xs3CDaqg1VI6llP8yMaSjwP0P0ng7FVwY6iu2phw2TOyI0S5WQVC91FWOhkP4sH7KwfJ8pVCRv0yKBfAQ5lWxuOzvdHfI6SijfgFwGUskXgsHPydWVFrfLEZSM6U+mcJYGvC7M3xojH6ouxzeRU7/mKH6t/RVcrS5r4JBs4EbotFK6OoMHYJXBjtXijjurawZZr5ODJxmSgrS3OC137Le0U5qKRhcQSWrD3eJzKjxTw4bLQ9OVodCIy72RLsx02OFvxj60+Hlw/DlCedVL4nflSbuwNzgbFQYnZZpAyFqqK1TxMq71Caq2Oe7nGFiIx4UoGN16BU4fC+IDYrz65RaKp4W2ueDx/mqft3k5wEkWr2VVKdE2QrChlD4TEQcj91ErITqO3K9Vp5ZrTPknlavjsyOhmIIeBwrunIdEHZ5WehwI2jPCtqGbIAyt1cso8/Yg0xy7VwrWkn10RbtuqmVuRkKRQTah8vkopLkbTZsD6Q8OYeFlATS3Q+hdhad0mip8L91R3+D5edtSxuQdj90ia/Rqqt+9NljE4eK14IwjVJy0e6raJ2uJkhPKtGYe0d0qSyei09nyLJS1YDXZwhNdlvspdyhADsD3Cr6V2WCN23ulYwHOWEGhfiYZ7grlU0Hb1Qnksn27J0p8TdWuzLOTZRTnMp9AlqIGFypBbK73KaHak3HBjlLDwd1FxJK5keoTcgA5QcnUlMtPI88KHUchTPwqHN9QSLiR4ZGk2CE3Od1In5H2QcbhYrOzQgsalRfSFFjUqL6Qjr6F2BE4AhcHKMAMLSlkz4z2NHukSMJHhRy85UbwW3gf/wARFGwQWfUEUHAS2UNO+yv7JFphDtO5VExpkeGhaegHhwsYG8BZL5fbg6njK82ZZd2eFj6pocNgtezDRgDYKhsEDMeIW7q8zgFedueZtH0Lx6xDIQd1x7hjGQmBw7FR3nJ5Uqhlmmy/bwKZ5J5RaNoJUQnzAEqwo2kAOwvQeM0+6W4+f/Vuu+KlrPLJL26Bn2URzjK8M7uOEedxGAp/TFu/iF1iOjUGFerSwfKpyxFyZtrfC2zdP5aMO0jA7kkLRdG27NG2slZgvOoqnuUDrhWQWiE7Zbqx2W7oqeOkpo6aIYEbQMJVvBx7rOchwBnhFaBj0Q28hPBACXF4Mcm2dTmnBTXnKdHkEHCNMoPFsPp/dSIzjshRkEDAwuVlTHQUzqqThu+FCFB1lcD/AC7XTnM0hGQPQqfYqB1NTMEgHrwqGwxy3q7TX6QeTUWtBW1pWZ3IUBbwSoRhqUjsEAd0tmg7ocRdI/jZQoNHwm5OUTZuyBUkaQFCEKoJMzkN6I76soahAbm6u6bM8RxGTnT2RjwvP/i/1LJbbPHYLW7VcLofBa30aef9ExDaqZXS2oyzaqTrzrJ15ccWqxODKfPD3b5/yCtJTH1FfYmmPNJRu11BH9Odgo8dIzpnp2C00uDUSgE45c93dZ74g9VQ/DrpCSkjm/8Aed1Gohv1A+v27fqgueDq11TusjXWuOjzb44/EF3Ut6bZ7fIWUFuZ4IY12Q5/cryoj0CI8ukeXveSXHJJ7rmn3WCyfJ9B0mljpaVXFCjB2yFIw0Mz3TIwEzcnZTI7gR5TE5NAJVlnWN3GQi7Bq4wAA7IJJBwEucsCzp5Q9XsuEg8ndDJGCAUhselkICAeQhkjCGSc8oZcQlSlkJRyFc477qPISnavZNPCAYlgZqOvGU9uwTNJ15wn42wlSjkawaS5g6uE7G2FAziSaQcpAHKhDmCu6HeiI0eqdgKAt4B4KQ5RtIxwhD6lCh4AwlhqQO2EMatWeyMg5JOHC6gIMXclcSUIdyUhyuLoIyoQIOEsBcBGF3IUINSSSUIJJJJQg9OTU5UxjHocuzccp+QkRlCFGOSE5pzwmqYWj0UdwwcIkyTjtBroBykOUXyaPdWAPAGEI54Kew74XJQdtIUBSbOJ+QmJrdQcMk/qjKJCaQMLoPZdUIRnNdqOyapRAwox5P3UCTEOVw7JJwOUMlkpjUl0jC4gKO5KTJJIpWyxuxp3XElRC4/hbb9TmptLcVMY/mRd3H1CPY73NSzfJ1gc1zTpLXchU9vrqm2VTKullLHsOdu49Forxaxe6UdTWnzP/wCPGOc9yiH13SrfBrIZBIwPadiMqTFyVkelLuZXminfvjy57FbBjNJHujPQaK+N0eA44Thymg9k4cqzohGdkUcITeyJkaVSCQ5Echx/UiM3wVY+AQcowAwhAd0YcKDmNLcJpGO6KkoTJHIKSIQhkYKgpgiwHkrCdd0DIpY6tjMF/lOFu3DKo+qqUT2iR34mbg+iM5nk6vlol/Y81SS+6SI8QJJJJQMSSSShBLo5XF0cqEHgDCcA09k0HsunhQAkWzPz9Pp58Vv+a9dwMDPOAvJ+nmeJdqZuM/zBsvVnAh/st2i5i5HB8pL7khJiKOE1bTlgWtIO4RQPVLAT1COTwcpos1DQN1pGgNa2McgYVRbYS+pBIzhWobrrcZ2CZAzTlkKNkkjykmChJJJKEGJ6SeoQfSszVRkDutmzj8lk6Fuaphx3Ws7D7K2ZLhgJyjMIwBlAXclMM5JJGOQoxJylk+q4oQ7kruD6pNXCcokskHJLgOUshWQakklkKEGLjyNJGUi5uDugknPKhDpK4kuZChB5IxyhE8lLJ9UJ5AG6IYlkFLJwhFMkOo4BwoV4rxb6B8uvGdkmyWEaKq9zwuzI9dXsyvNDC/yt2PuVkaOKR8o0Djkp9bPJW1rpDvqdsrChhERcD6LFL7mdyuCqgkS4GhgGFJBGOUBdyfVMjHAqbywqSHkJEjCog/I9V1AydXKLtp53UyQ6nNQvxJ44U7JjITxC0ggbosDaisnxgnPKE1upwCv7HQv1ePsB6FFFMVbHEeC5ooG01MyMDBxupY3yhDA/ECnGRrO4/VORz5RlN5G1Exiic/0VZb8uLqqQcnbK5WVZknbE8+Tvgrs9dTxRiLUADvseEYyNbSJtfO6G1S1WNsFeYyyOlkdI8klxySVturbhG20Q0NNLkygOOFh9JGxCVZybdLDatxxJJJIbwbBqeNlxFLRhD2VlItenqN9XcGNa3uDlemsIa0MA4GFkujre6GmNVIN3DDVqWbjcooHG1k91hIUS5VApaZ0+QA0FSQdjss31lcI6SxT6zgu2COUsIzUwc5qJ5Jd6ySvuM9TI4kuecZ7BTukKeJ1e6ZzNRa3LfZUj3bFx5O61nRlI+KjdPI3BdsPss67PV2vZp9hpQRuEI8lIZPdMWmHRyEmwxIwdwgnfKWfdDPupuSJhjtWxOeFHfOQeQk9+nuSochc8pUpZCjHJ9SWLrCnrnNZM8NLuMnbK0zZQ8AjGCvDWeIzBaSD/AJLS2TrOqonNjrAZIxtkFfmGyo/eUJZPUGPJUmI5VLa7tRXSMPppgXYyWk7hWQfpPKyyr9D0+CybgcFLWWkBRYJtWxUnIccZS5R2h5CtceUQOwOVHT8lCCG8XV5cbKqvfTFrvMeXxNikA+tgwVYA4XQQO6vJDy259P3GzvIljL4RnEg9Oyh01dJGQ5knlXrkscUzDHMwPadiCMrK33omCrBktYbC7nR2KtvPAZXUF6e0DL8+xVn4tJXNAcA12OVjJ46u1SmnqWEOacbhTqO4AtHmRdETL1s1TRPwxxLPQ7hW9u6hc12C8g9wTsqCC6tYA2Rutq5UQYHzFO7LTvgdlMMm7J6PRXmmnABdpPurRr9QBByF5JTXeaneGvJAWns/UjzgGTb0KDaRxRudnZyFGmpYZW+duUClucdS0aBkqYHFw4Qt7QHwZG+9HUl0a4iJjXfbC82v3Q1db3F8LHOaN17t4If5scKJU0kM7XMljBB23CZG5lJnztFV19ukxlzS3kZVo+qtd7aGztEM2MZPBK33UPw8grA6WlAB9l57delLhbXn+W7APotMJKSLIVXaKugPi0ri5vOxU2w9a11skGqRwwcHfhR6S5VdA4xztLmd2uCdW2amuQNXb3hpcMloPBU4IesdN/ESnrg2OpkGfXuttDJSV0QfA9rs+hXylI652ebV5xjuFr+lfiVX0MjWSuc5oIzkoJQz0Q93ki0k6Qoc8WPw4/NV9j63s13DWmTwpSN2uO2VfSRhzQ5oyD3ys8olplQ6MtOdK4YQ/GytDACP7v8AdC+VI9kBamV3ygDtQAC7gtJBCmmFw/D+6G6P+pQshvgjf9cbTn2USagZpJiaxn2CtzB/hQnRnsFRDOy08jDktTDM+IcZV/LS+Jk4VbVULh9ICJSyGR4axzvqRmFku2wUGSF8Z8owmxzlhw5WQmzUjCNu6qau2AkuA5Voypa4DJTyGuCKKwQytTas8DKqZ7fp5GFvX0LXj6R+qrKizGTJY1GpkMS+hIzt+6hyUxHIWtqrNOw7NVXV0hYQHAApnaKwUDoCM5apNrvV1sswmoaqSPBzp1bKTJSkb6f3QJIBt5Uucck+LJ6T0x8a/DLKW/wtDRsHsG69Ntt9sl9hbNQ1cb9QzgHcL5idC0ctH6KRRXS4WeYTW+pfEfQHb9EhwFus+oNLonZbkJ75g4fzGtd9xleK9PfGO50rmw3qNs0XGoDdemWfq2y3yNrqSrYHu/A47rPOrIp1MPW9N22sf40bTTy86o9lEZD1BZ3Zjm+ZgbwOSrouJPKcHHGNRSNnIpxZFoOrodmXKJ8HbOFoKespalrX087JGnfyu3VHUUlNUxlk0LXA+oVc60eB57fO+CQdwdigcWhDjg2rmhwQxC47tO6y1JfbnRPEVfEZG8a2hXNJ1DQzNBEgB7gnCDYwXWmW0c1ZC4bZarGCtjkAa44KqI69kg8p1D2UhjqWUefn2QttGeyr9Fy0BzdTXZC7p91UxSSwvJjlOn0PCsIaxrxh2AVRnlBhtXsn5HqghwPC6C7CMBxaDJIer2S1eyoHARLPZcyF1QoSWSkkoQ6Ccp44QxyiAjChDqSSShBiSSShBJJJKEEkkkoQSemJ6hBJJJKCZj0xJPUA7EkkkoWJJJJQg5JJJQgkkklCCSSSUIJJJJQg9JJJQgkkklCCSxvlJJQm5DiG4+n90PB7I2n3XNAVk3DDvyU0sjf2B+4Ri3O2UwRkHOFCbgD6OmeMPgY4e7QgP6etc25poxn2U7Q70TiwkjdQm4zlR0TQNeXQ1EsYd2DjgKOej6lm9NcpPbcq/qaqqgm8MUj3sPDm/wCqlwOL25IIJ7FUDul+zJtsPUNM/XDV+IB2eU4s6mhOHRB2P6RlawtJOQ4rrQ7jVwjBctpmG3S6wtDZqCQY7hEF9B2cyRp75C0LmazknP3TPlYHHzRsP/hUJuRStvUfOsj7hTYrtTvjHn++4UqS1UMg3gaPsFDf07QOOWtLfsoTcg7bnBn68ojbjETgNO6r5enmHHhOd/5kz+C1zBhk+w4zuoWWoqQ7GE4zDYbbqnbQXJh3kBSa2ra7D85HqoWXIGrfK74eTpyqkSVLTgPRmurxxurQubx0WIgJ3TvBwOVBZU1g+sI7ap/cK9zF5DNjdnlPMKYyshb9Sea2nOMPCm5gylgaaYDfCD4OCpgkDhkcJulpKrcwfkACm2+lD+U9lYADGFzR7IybyAad3ogmkzy1WegJmACqJvK00EJ305KAaIgnw24yrrQ3+kJaG+iuSyWnkovlK5rtbCQfT1QXNusTjJ8vIVoXDSQUVmQME5VLgMxs3UjqU4qIpGn7Jo65tgw2SdzD7ha+elp5tpIWO+7QoMvTVlqM+NQRH7NCLKIVFP1jZn/VcYR7E7qwi6jtT/7urjdn3QajoHpifc0LWn/Dsq2f4bWJ+fBmqYj/AIXqLghoWXaieBidp+yOK2mIzrKxr/hs+PJor7VsPYF5KjO6L6yhP+79RMwOPEJREN2KylzjxMIompnAYl3K88/gXxEp9xW0NSB2B3XW1fXVJ/fWdrsd291CHoeQfpOQkvO39Z9QUGBU9N1z/eIZwmD4s09K7TW224wnvqi4UwTbk9H45TPD91h4Piz07Jj5qoMOePF8uVbUvX/TFWB4N2psnt4iopwlHs0YZvuV1zBgYKqoeorZU/3NbE/7FSmVcL92vzlWVhh0juMJgkB3CWv2VlHMEjBOR6KLLR08gw+Fh/8ACFNBymnGeeFROyoksNG/zMiDTj8Oyh/wySB2W1NSwD/GStLgbABcMeeVAOuzPF9xjOmK5OGn+sqXTXG8gEunppCPfJViaend5ZIwQfZCfabfKP5YMbvVhwoRSRxl0uJx49HqHqwI7LpGd5YZIx3LgoL7XcmEGiuAAH4ZTyhmbqWncRJSUtSz/C4A/uVCYL2GuoX8Tb+hR/EY4DDhj7rJN6lo6f8A+e9oqqfHJEOoftlWdLe+nqn/ALPWhh9H5arBlHBcmOKQ5c1rvuMoc1moKnzviwfbZBimp5D/ALvUtefQOypTJH4wXcKuOyiHLYYjhsE8kePQoHyF8pHaIpmTR9tXKucvwCMbrpe4bYyrBM5NX3GndpqbeNuXMBR6a+w7NlcWZ7OCuy4O+pufuhSUVHUY8WnYR/yhUo5KbSIsN1pZXYZOM+5UozxuA437hRpem7dUDZhjPq0qE+wXCkdmkq9TBwHnKgKwWgYM5HBRHMa0DQMKoJvVIwOlZqH+EJwvTmDE1O/PrhQhaB2nndLAJ4Uanr6aoALZAD6FSI5Gv3ac4RgidSxuG4Ud0DwcsbsprV0DA55V5BlMiCN34x9woNxsFjvMXgXO1wVTP6Jm6m/orhjWnOQhuaOyKMpReUyRuaeUeSdQ/wBnHo+6TurLLU1Flmccn5fdn/lJ4/Ned9QfBf4h2GMy2yOmvUbDsGSeG/H6FfT+M7LjWkbro0+Rtqecm+nyFlfR8YG6VNmn+UvdHUW2oacFkoI39j3V9butpXsEFNcg4jgOOV9P3rp+z9QRmG8W6GoYQQdTRn9V5b1H/Zv6Yrony9MyPttTkubvlpP+i61Hmd3Fh06vKyfEmZai60dFGBVU+sju08rQ27qSzXWMN1iJ+Nw/bdeeXv4U/FPpFhndTsutKzvDzhZxl8kgk8G4UctLKNnNcMEFdSGvhJfazo1a+EvZ7oaRsnmika4HggoMtPIwEOG3qvLLf1ZV02llFcPp/C92QVrbT8R4XaYbpBodwXDgrWrmzX/Ii/ZoGjGQQo1bYrVcWOZVUzCXd8bqdR3qxXdoFPUMDj2JCkut4fgsOR6gpsdRnsYrsnmt2+E0cpdUWWodBINwAeVmqik6w6dk0VNO+aNn42g8L2ow1FOctJICc18cxxLG0n3Cb84XyHkVt60p3uEMsmmTgtfstBBcnTYOBg8LQ3v4ZdN34OnEZiqHb627b+qwV46A606ZcZbY91bTDcNyScJ0bl7L+RM1EU2rAON1Ka1pHK85p+rnUrxTXRslNK04IeCFqrZfqOqY0tnByOQRhPjbgROtSLoxt9FDq7VT1W+NDvUBGZWQyHAcjgg7hPhqJRfBkt0ykZ2ot1ZS/S4vZ2wqivttLcG6KmFod64wtu8Z7qHUW6CcbgAn0C6VOtcDlanxldscM8lu/RRaHSUuHDnCx9VQVVG8sliIA7r3aqsj4maoX6j6LPXWxU9c0sngDXjvhdXT+Qbf3Hj/ACv0nG2DlSjyNzjkYRo35xnsrm9dJVtA50lMBJHucDkLOPzCcO57gruafURkvtZ8y8p9OWV/ZOJMka17VCqIM7AYBRY5CSM/5o5LHjjhdCrUepM8L5D6etqe6tFNJRlhBA3Q/Gq6R4dE5wx6FW0sY22QDGCMYwtsZKSyjzFlEqpbZoNQ3+QYFQd/VXlLcoagDDgT7FZSWlA+kKPmpo3a2POPUK9/OBEqYvo3vi5wQERrx6hY+n6hlAa15z+auae6RStbzujyJlW0W+fddyVEjkD8OBz+aktOQjyBtY5cPC4RhcRlHMnUjtI0jcKMu5KhCVkeqHJGHb8oerON0eM7DKCSyQiSNezYDsgSw01whfRV0QdG8YGQrRzGkHIUSSMNOQ1JlHIUJ7ejxTr/AOG1XZZ3XG3gvp86sNCx9FVFhwQvpedsVVC6nqYg+NwwQd14z8SugJrNVOvdnjL6CTd0beYz7rnX6fd0eu8J5uVMlGbKemqvEwCQpriC0HOcrKUNwaAMknsQrmnq9WBnb1XKtr2M+paHyEdRHLZasmJ2IylI3IzjGUGMgYOUfxtQxhZ08nS3ZWSI7ZyfHNoIxhcnZtkKC4lruUJXy7C9gnDwBspLTlUNHV+YAq5iqQ9gChspvU1wGKC/gruSuHhVkd8oM8oLh5SjHlCcMNKIjaZDl5UGRTpeVCeDlKwZLVkhztONhthQHA+itpQNJz6Kve0eiAxWkYgbqK8ZBUxwIyojticoDHZ2Qp2nIIT6ebSRlOl3OMKK9jmuylTjkXXb8ZfU1TnGcKyp5s4WZpZtJAyrWGbABCzzhk7uk1G6PJo6abON1M8Z8T2vYfyyqKkqfM3ZW4kD2BZZxPR6W/CL55NRSteBgndPslUWVLY87A4UG1VXiZpn9hkLtSx1DVNqGO8jzuPRIlHJ3abftTNpkZJyg3RhmibKz64t8j0UehqfmIWuzk4wd1Ke3Aw4ZBQNHSrluQNzBcqBwP1NaoNqlc5ppHnIGQEehkNHWmJ5yyThRanFFc3PZs0nKGKwVOWC2oNmmE7FEz4chGNlFbIGVLZAdnqbPhxDmhEFGzKKira6nqRMNgSphLZYSeQRlArm+NGQBu1DoJ9TDE5242Vi9+15Kq8wtdBnG43Ch2SqdTzNBOAThXFfDq1Nws8/NNLxwcqLsxT4t3o29XF49Lq05dpVHTSZJb6HCt7ZUCqpgdWQWKnLDBUvifyHZ/Jaayah71uGSOxVeBp5CyPUtM2GoMgbjUtTV/yq9r8bEKl6mp3zRido2BWiGTgeUh8lWDL0NV4dRp7HZS6zG2yq4/5U/m7HKuJi2SNr2nkZXqNFPdUj5N5yjDyVpBB2Uy3vIPKC9oBOybTvLJRtst8ZYPKPDRcyEFnKHTOMc4cEt3xFgQmENcMrQnkz5wydUuOTUgbqvux+YpQD2KnyuHhgYUCZutpYThAx1U+SFRTujjEZHCuKec6d25VAyQxVDmEfZW1DMHgAjdKPQ6K3KH1p1nSR2VE1+iq8Id1oKlozws1Vgsrg7GyVJZNNz6JUv1A908cJjzkhPachUnhi2U1a3+aTjuVHaR6qZXAazsq8E5O6J9GOzsUmdsIY5Ry3IJ9EAOyUDJHoIOFCn/D+am5ChT/h/NIu9Fx7BHcfZCJGeUR30n7KPg6tysVnZqiuAzOVJh4CixqVDwEdfQqwkDlGBGOUBOAdlaUxEpbR54QvX7omdkE8n7oZ8gt5EnA7YTUhyhInhky3ReJUt9lpaUeGeFR2MA1OCFpIANWcLmaqeHg9N4ujKyaiyt0xD3Csn5zscZUS3MaacbYUl4wDvyuFas2ZPa6aKjXgYXnHKC48rrjucFMecNWimG7gwau5xY1gLqljR7q4hxFGGkKposvqQwhW0wDGhud17Dx9OyvJ8i+pdU79VtznAGaXthb/AKGtxt9C6slZ5njWT7LB0FFLX1rII+/f0XqoHytnZTHlwDT/AJLpo8jqrPt2ImdJ0xq6qe5yDJc4hh9Ate0kk5VZY6JtFQxsDcZAJVm3ugsORY+gi67K4qq/XcW+kc7ODwqUQEslyCSQScorSCBtwqiwzTVNE2WfvuFbR+UogkSmbFZvrOv1thssD/5tQRnHYLRzVEVNTunldjSM/dY+xQOu13qL3UAuDSWRg8YVCzR2W3R0FDFTRtxpb5j6n1VvFsMY4QYW6WDZFa4NBUAHTyEEAd0+ABsY23UbzSSZ53U0DDRuoQa9xAyoM8znEDClTSADHsoI3cVCHeQguBypGOyYQ3uoWv7gqiohpYXVFQ/TG3krxCxSv636qq+taxpbSwv8OkY7dukcOC0vxnv1ZLDR9E2aVza67uAIH/dnG+e26ix08NmtdNZKOPDGRtjH3HJRt4Opp18EN/t/+hyWeF9VUXyukDaa3xYy7jLQTlfMnxC6qn6u6mqrlM4lmshgzsB2Xo/xs6w+SoW9HUDx/NbqqSDv9ivEnfSVkvswep8F4744/Pb36GnfJXWA8pg2ejgbArJJZeT0reOzrfKPVdG43Sxn2Sf5cYV9CH/YE/6sBFiaDjITNOTuFIjGAjjLIXQPsozvpKknhRnNO4wk2rJaeCOScpmSjuYQUPSfRIkmaYsGkkkgDBLuCiJKi28AcBdx2RUlCxmAljsupIQzmAlgLqShDi6kkoQYmIyHkKEBtDgcHhEGEsBCIfk4z+qhfYZJMSQFD0klzIUIdQwCiLh4UIcyU0E5SIOUnKEHg5GV1CyPRdahTyQIkkkrbwQekm62+q7qB7qxo4E5TxwhjlGj5CF9jK1yIsdjhAkZgZCm7EDZBkY0DYq+i7IZK8g5SBJ7o0jMElRh9SmRBIY3PdEHm2wgsAxu79kaOQKpBROSMIwh/kpmzhjCjSR6TsOUSlkKUMdDQeyIOEMcog4RiBHhRy12TspKaQMKEIyS6/6iuKBD0kkkAIxJJJAQSvOlLubZXiKQkwTeVzSdvdUaexwaAeCFaWSF31DRSWi6mppiWxyHxGEcYO62tnuTLjbopgcuwA77qgt72dUWh1qOltXE3yOcefZROkq99FVyW6oJHmLSD2IRyWDbobvhsNywu29EVqDHyEZqI9RCaksoInDVlNHKMAMIUhiHM7I7N8IA5RmfSFY1BhhOHKCOUVnZWNQUcJJDhJQIahyDjCMmSD2UI+iG9pPCg3aHxqCWPPLSrM5OcjCivj1DB4KbExalZraPIJWlkr2EYw4hNUq+M8G61EYGAHFRAcq2eEugoTaOpJLuCqBOJJJKEEkkugHKhBDP5J4wRjOEhjHuhklRgIv+jIBJe4ieGnK9NeQTwsP8P6dnjS1Dm5do8vtutuulpFis835KebtoksFdAOUTTkDZaTGD0+6fjG6Wn3TwwnhHGOQZvgsrZCGjxj6I0ILpjKOE3HgUbXIlE0+AHHkojFJ4CHcpJ+CkjwL3jEk/BSwVCCT8FIBEAx23RJYI3gl2tmagHC0ROOyo7Y3BEuMK3ByMolHJmnLJIyPULjiNJ3CjZPqlk+qmMCx55SSTgMI0iCAwkkkjIJD1u9U3ITVCByRg7hRyTlN1e64SMKEHavdcyPVDJOUsn1UIOTclNMoHKE6ceihaTYUuaO6izTdkyao2BAVbV1RAyd0DkaK68ktz2cl4wsH1leHVExo4X+VuxAV3cbo6Kndg79lisSVFS+aTcuKTYsnR01e2W5jKODDg8hWDQG8JrI2sbu3H5pwc090EazdKW4IkmEEjZLTPqAiGQrw3whSi30PyUifUruiRozIMJA0wGqU8KOmUugvjnjIgc8BODifL2THVlIwYYMYUc18hPbCuOmk+ytrJuluN8LuuOPkqAalz++E3xATkuJTFRgNQyWTZwNwjtu1S0afE0t+6qDI0DGrhc8dp5JGEaqwU68lz/GpQd6k5TZr3VvbpDv3VR83StO79x7JrrnTDGCrUMAqhLpE03KqL9eo/qkayRxy4OJO6rxdYAMBu67/F5hu1o9leClU/0T5ZJpcYjJx6oLopnb+Cc/dQ/wCN1vqPbZL+N3Ds9v6KnXkKNUl0g5gqx/8ADlObFUceEobrzcDt4o39kM3CsdzKN/ZIdGRihJ98FvDQSzENxp9yVd0HTcDwDJWwk+md1izWVg38coJmqSSfFfk/4kP8cGVLmez0T4aeFkMbmYaMbFSmyNPBH6rxJtbXt+mqlH/jKKy63Rm4rpf/ADlRadiJ6He8nuDCXA4GfsvMvilXzN8CkwWt1EuGMZ9P9VQjqvqKnI8C4PGPUqzoviR1PTNdFPUCaJ3LSOUMqWgqNEqZ7jEuJeWgD2Xo1mj8C3xRkgktB2UR/W9qq3AXKywZPdsYypUN66UqMBvzVMT6cKlS+zbdF2rCJ245Ca8bbofh0s4LrdciR6SHdDdFWsbl/wDMb7InBoyy00484HED1CBK7I5wmOlAOZNTfumveJPpKXKLyJlDb2Mk1OdgJ7YPXuusiyRlv7qRgNAAVbCuD0zSPRMLWlGTcFfm2cNx+54zwdoLnWWqYTUkpGeRnYhb6x9c0VxxDWZhlGBvwV5/oDgQVFLCDkDfss9lIatZ7lT1AduzcFWUM+rDSvGbL1pcrS9rZneLGdnD2XpNl6hoLuwOppDnG4dzlZp0tDVPPZpdQI5C6DkZUQZBBBKMCMZys04MZgNnCRJIxlN1JavZAMyIE854XRJk4wkkBhQMBXWuhuMZjq6dr8/ixuPzWHvnRtTbyai2PL286c7heg5CWQjU8FJHkcFbI3yy7OHIKnw1zhgxyY9jwtpeOl7ZdWlwibFN2ewYJPusHd7NdLHIDPCXROOGvZuPzTlJNEbwWxqKWsbomaI3evZQTLX2uc8yR9iPRVsVaZAPNnCnU9wLRoeSW+hQuH6JuLy29SPjcCJSxw98LaWzq6KZrWVGPuvN3QUdY3ynQ/1TGur6B31F7BwlyhgvGT2ynq4J2h0Twc+6eRkrzKzdW+GQx+oELbWy/QVIaC8HPO6XhlbcdFo9uPzVRdbJDcYyBgOKu9QeA5vCboCKM3ErB5TfOmqigJM9GJ4Dy8DzhZuazMB8azyua/ktLsfqF7rJBHK0se0OaeQRlZS9dDU9WXVFATDLz5dgUyNmSjy2SZxzT3Sk3G2rSqOusL2E1FucJGnJ0Z3C3dfS3O1O8O720zQ8eI0ZIUCa0CpcauxVYDzuYinqSIYWjvdbbpQ1xe3Se+xC9C6W+KlbRlkc83ix7Za85wqiosNFdH+HXxmmqeDtsXLK3Ow3SxzFwhc+MHYj0U2qXZD6asvV1jv0QFNUNbOBkxk4/RWeNQ2Gy+UqC+zQytdFM6KRvvggr0fpb4s11Bpgun8+IdzuQEudWeiHsUjBtlMEIKrbN1p05f2AUtWxspH0OON1bDIB0nI7JDg0TIPw0IsYEcyeyHrxwgJvAlmM7bKM5jX8hTcZBQCCw8KBlbUUAeNgqOrpJoZSCFrCzO6iVFKJTk4RZwGZkeIzkIkdZpIDzhWFVR7Ya1UtZR1LXZDDhEpZIW8NQyT6TlSBhwxhZmOaaEgZIU+G54w0yZ9leSFpJEHgjA3VTV2dkhzjdWVPWNkHAOVJaGv/AAonLBE8GMrLNKCSGqqlosZB2IXoNTTh34RghVlVa4ju1uCrUtw5SWMGIdROH4cKLNTnuFrpraCfK3hQZ7cXcNV4JtTMyKUnnZNLJIwQ1zgDzg4V06gIJ2wos1GWEEhC4plOvKL/AKe+J1+swbDVP+biHLpvM/Hplei2P4k2C7Mb4s3y8h5Y8jK8XNO1+ABwmNpscHS71S3UhEq0z6Yp6iGrYJKaRsjTvlpynY3xlfO1rv8A1BZZWvornM1jfwF2QVubP8ZwxzKfqC3Na3GPHh2P5hZ505M9lJ6aY9YwRkFAktcEhL2xhrz6KNZerun7y0Poa6N+ofSXAEfkrpuHZcBgJPxinWylEVxpJQ6B7gB7qQ3qCtpnB1VBlnqOysHjKjvia8Yc0EH1S5wFuP7JdH1JSTYzJjPIVzDXwyAOa8ElY91op3uLm5bn0Qm0dypZM08+pg4BKDZgW4Jm/jq8YOxHqpbKyN2AQvPoeoKqnPh1Ebhj9FZ0t+inIxJg+hKDAEqdxtBIDwE850lZ+muXHnVlFcw/DH8eyhnnS10S9RBTtXsgtka/dpRFQhwx2GSTdXslq9lCsDl0HsmavZLV7KEwGB23K7keqFkpZPqoLCpLjV1QgkkklCDEkklCCSSSUIPSSSUAEkkkoCJPTE9QgkkklCCTk1ORIgkkkkIAkkklCCSSSUIJJJJQg9JJJQqXQVJJJQRLOeR6SSSgORidgJqeoTJzAXcZSSUJkbkriSShMiSSSRht5EkkkoUdXEklCHclLJXElCCXHMa45I4XVxyhbkzjY4RyzK6NIGBsFxJQW7MjDGHcpeE1PSREGeG3GMITqKF24yD7FSEkIJE+TwctnlHtq2XDBV4yyXPsVJSUBIoNe3bOU8VVe0fTnHuiknuUPV7q8B7BNu7mtxJCcjnZIXWI/gcENzmk7tyhhrQc4H6KibCwFwpdILn4ynispHfTMFWlsZGdCEIoznchVv5JtZciWnPEqcJGHhwVMIzkAZ+6IGvP4ii4CwWutn9QTlV63Dhy4184P97+ymSYLXcpYPooAmmxvKneLL3kUyTDJqSitkPdGbLnsjwTARLJ9U3WF3ICsGTcRFrTy0H7hDfSU0g0yQMcPQtRUlYPyNFZUdL9PVBzPZ6WQnkujBVVU/DXomuyJrBTA+rAW/5FapcwPVTJHY2YKp+CPQs5DmU9XB7Q1Lm/55VZJ8FqSnP/ALp6qvNLj6c1Bdheo5CY6MdirTLVkl7PKh8NevaPa3fE+rbH2ZNAXt/PCTrL8dqHD6HqKz17DwZYHMXqjW6e6coV8mDyd10+P1AMTdNWi5A/9zMGEf8AmQW/Ej4k25w/jXwlujw36jRuEn6eq9fahzN47qZD+TK6PKY/jxa6cA3ro/qa3f1eLb3HH6KdSfH/AOFdXII/9qIYCe1Sx0Th+RC9B0A7FRaux2S5RGG5WijqmeksQcrB+19lVQfEDoe7aW0fVtpe93DfmW5VzHUUsv8A2epjlz3YcrMXD4KfCm5anVPQtr1v5cyLR/8AekKnP9n7oKEZtct0th/D8tcZWaftyqAyvR6M3zDhdI3GV5o74T9W0H/zh+L1/gHZtTioaPy2SZYvjraQXU/V1juccfBno3xvP3wCrJk9McGuaQ8A59VXz2a3VAPiUsYPq1oCxTupPi1b4Y21nQdDXHBz/D6wkn30vHf2Kaz4uVVCMX/4f9Q0OPqLafxQPvhQhpZ+labOukramnkHBa/ZdgoOoKEkNvHzId+GRgAH6KgpPjX0FUuDJLhNTk9pqd7P8wr+k676NrmB9Nf6V3/M7SqISoq/qKnkxLSxSgf0lWVN1Aw4FTSyREbHI7ocVxo5D/JlzlG1NfuWA/dWAS4bpRyu8NsgB9ypGtj8FjwVTvoaeRxeI8euEWOijDRolIc3jS5QBwLhg53TyM98KrifUMGnxOOFJjqKlv1sBH3VYA2MmEAjB3CDJTU8p3jGU1tY0bSDH2RWTwvwA/cqgWnEgvsVM9xe06c+iBLa54/5lPMWuHbPKuRI091zLf6lAfkZQ67rDu5oKTbw4DRNC4OHKvAGu91ySiilHmY0/krbI7G/RAirKZ7QfFAJ7FGbI1+dJBwmVFkpX76cH2Uc2eta4GGctxwpvKSyTdu6dhvoq0SXeldokhZK0d8J8NzBdpngkj9yNkUZ5JjHJMcwJnh6uE9s8Lm6g8EH3TwMe6IvewJZtgBZ6/dEdNdRxBl2tUUjt/O0AH7rTuAKE5qdVdKp8BRulHo8J6j/ALO1HG6Sr6ele3JyGZ3CwN46C6s6ebrq6J0sI7tGSF9Z6fdCqKOnq4zFUxNkaezhlb6/I2QfJ0NPrZReJHxsTU0+zonw5/JXdr67v1rDY2VPjRN/C/dfQN7+GdjvAc0wxxg8YYvNupvg5NQudNRxHHZ0e+fuF1KPJwmuWdWrXQl7B2f4l2euDYbkDTynknhaaKW31UYmp543sdwQV5Nceh7lTReIY9RHbG6qY5uo7M3NPJK1mfpOSAuhXq4T9m+F6me5GB4OWOwPun+PVxNDdYcPdeXWv4pTQOZFc4iDwXdlvLR1XabwGfKzBx7j0WuN2eh+4JeOnbP1LE6O7W6J7nD6g0A/dee3v4LT0rTVdK3N7JAciCTg/mvVmFvLRsURaFqGgsnz++v6l6VlEHUVqma0HAkaMgq9tXV1BWgaJwCfwk7r1yvpYayE09RDHLG/ZzXtyFhL98JLNXF1TbC6lm5AYcDK0w1GSPDOR1scjQ4HnupEZDxq7LCV1j646Tlz4ZraVv6gKbaus6d501LHMI2c3uCtcLkxcopmreMlBkpoX5LmjP2TIaxs2HNwWn0UhrtQWyN2DPOsoa6zQSEkDGe3ZZDqDoWnrGl7ImsfjZzQvSJoi4ZxlQ5oPZaqNZOp8HK1vjatVHbYjwO4WK4Wx7hJEXMHcKCx+DudwvdblYqevj0viaCR+qwN86Akjc6WmaQf8K72l8hGf58HgvK/TEoffTyYwnKYW7cp9ZRVdFJonYQAeUJjvRdurVp/gz57rvBQ3P5Ig3MOeMJhYDs7BUtjQ7kcpr4Mb+q3V6iMvyPG676clB76SslomOOqPYoBFVASMux6ZVo9pZ+FDeRKNJGy0KUZfizzd2ktplixEelu88Lv705HIJWiobxHMweIRlZee3GQ/wAgb91AkNXQvGoOIHoiy4mR0pnpkc8coy1wXScBYGj6i8LSQ52e4ytJbr/R1YAMhY7vlHGwTKlotiDlcT9bHAFjs5SPmCNSyK6GZKI2UjAA4QXbEofiYPCMosmPz25Sc3UosUwwAjCoace6WwNoxzA3cBRKyGKqgfTVDGujeCHNcMgqwcQ7ZR5GADnlKlHKCjJxeUfP3XfRrum6sT0kR+XlcSO4CpKKpc0gEcL6Evtkp73SGjqWgt5HqCvCOobLJZbjLThrtLXHC5uo07fR7Dw3l57lCTxglQVeoAEhTGSZGccrMQVTg4Y7K4pa6JwDXnBXLsp2H0TR+ThbiuTLCSXUMYVfMzJPupetrhkEYUabcJLTOlZLjghmR8LwQVZUdxZs153VVUKI6QxHUDwgbaEQ1EqpZibSGoEgyAjagshR3WaNwaXbK/pq2KWNrte/cZQ4OrTqoWxySzIBshvOQcJamkas5QzINxhWO+UC8b4UWQDHClOOVHkCiAbyQpgXEY2UaVuwU6RoxlQpG8gIPZmtIsgAUORuN8bKbLyguaEKiY5x3EItxyFGnbkAhTZQNsBR3Z4IS5Rz0ZpLkhtcY3BWdJNrDSdlXTs3yAlTVBYcY2SGsGjTahVvDNHBLpIwQrilm8RoBIWZp6jOArakm0ncFZ5xz0ej0mpyi5Y90bg9jsEcFXL3fP0QcTkgYPsVnhLrA2xhWNvqXRO8POx5WVo7+mv3PD6LyxVToHiKU7YWjlIkhMjN9KyURBdtsVpbPM2aAxE7pUo5O7VZgFVN1MErfqZumXACutzauJmHjn8lKcwCfwXN2OybA0RSS0UmzX5LfZKaHbiHHKTBE8ndqtaWUTwBxIyqN7TEJPRmwRrdUlsgYTsURUZ47J1Qd9ICqYZDT1TmuH1FXFR2OFTTDM4k9CoSx+ydL/MwSs1cYiKpwAwtEx+rcBVdzi/m+Jp5VozW/cif07VxiHwe/CV0ic2pEvY8Klt9SYKrY4GVo69rpYGvHbcp0JYE7sx2sprgdhMeQod0aZbbrG5KnVrDJAdO+yiNb41EYwtlZz9VDdHBgatmicKfHIHRMG2wQLrTviqCHDglMgfhgyeF3NDLbHB8y8zRndkK5BJ0ODscKQzkqNOCSMBdeJ8/ksZRb0R8SLIdnIQ5MtfnCDaZSH6CdiFIqW6TstMejM0Ha/VGHZzsosu59ESnf+HKbM3bIQMuHBT1X8qr18gqXbqj+cAcDKFVxhw43G+VEppfDqWgjYFKxydnQ2fdtNNJiRZ65s0SF+NwVctmDh91WXRhOw9UEzrTWSM15cAixuPcKPER5RhSmkYyAlMW0VlX9blAPKsKr+8KgEHJ2TDDP8sDTwgd0c8IB5QBofkqNP2UhAnGcJNpa7AOOASgggu2RHjKHp91is7NMZYQVnCkRcqJHyFOiA0j3V0irAjeyNhulBXQTqG61ZwZkJ2rfC4NkTG2Uw8pUm2RnEkl0bkD1U6LissvrHDG2B0uPMTyr+3MJlGkZVZQxNZSs0jGwJV5Y2Ze5x9Fx9U8yZ7Lxq2RijR0o0MwE6V+2AU2MgNwgyO25XKae49NKWyODjiM8ocztIyFwnfCG8hzwwHddPQVOczz/ldUqaXNlvaI2mN0xbuR3TqqU54z+Sk0kfg0oDhvjKiOaZ3loG69np4KEFE+M6m6VtsrJe2azoOhE0j6k9h+i3MdEa24U8IGWRfzHD1Vb0lbmUVsYNAD3gOJWksVO1tbU1rtxp0AJp5/VTcpZLtoBAA2AXSMLjTgcLur2S3yYHlhmnCxPUdQ263aG1xE7ODn4WruNTHR0clVI7GgbD1WS6SpDW3Ce6TZzK46M9giURyWItmztkJpaVkQGMDhWEWWknCjx42HYKWXsZHreQA0Z3USwK3so+sKqR0MVrgBElTjceh5VnZKBtBRRwBuCB5vcqmtcUl1u0txnaS2MlkYPAC04AAwFZXYdmMJkzsYCQIAO6Yx5Ls4RMpLBIpW53cEeQjGE2IAMCFI7JwClFApySdkOMeqed+U7yhQg1QrtXUtroJrhVSaY4GFxU8kDleO/GjqGe41dF8P7UdU1dIfnADxF6f59+3uoaNPT80sFJ0Y2TqS713X1aHNZKCyijcc+Ez2/T91M6l6gp+n7TV3qZ48RjdMLD6nO/6q4ZRRWa2U9ppgGsjYAQF8+fFzqtl6uzbXCQaejODg8u7/AOiCVvo72j08tfqVFdf/AGMHernUXi5zXCqldLJK7Jc45UVccwajjYLqyXc4PdV1fElFehBu/KKOAhfZEagRU3+h5wAhk5KbKc4wUojndRlqKwEwF1OSVkUcDVzSE9JBjJHwRpGA7gIL8Y4Ut/GVElGMoJRwMi8sjnlcXTyuLPJ5HLkSSakhLHJJJKBDUkklAxJJJKEEkkkoQCmb59lIQsBQgh7pYCSR4UIJMaDqCR+tdS28F9BBwmZOcJoJ9V0cqigg4XVwcJHhQgjjukSMJhJyuZPqoQ4W78rqSShBx4SHCS5p90Mlkh1xK7qz3XEsBSMsBj2Y33UlrW4+pQXb8FPbM5uByraCjLaWA7pgac5Kjx1J7jGUdsoI3UHKSkNni8uBvkKtLS0nKuHYdsVAngOo4G+VGip15AZKcxx1BNIwutUzkSnteSVG/YJ0jcjKj6xGQcKazTJG12N8KYHVy+TKZCe1wIwE9nZEkaB2Q28phml2PXDwupKFEZzXajsmqUQMKMeT91AkziSSShY9JJJAABXQSOFxJBnBCys1xdbbjFUNcQ3IDh7K1v1N/D7tBVQO2q8TB33WcacHKu56l9fa4S4hzqU5HrpTo/cE5bHlG8t8hlpo3u5wMqe1ZrpGrfU0bg/Pl4Wkbsp0eq0M99KYUco4IwojPqCOwnbdD0blwHRkAHsjA53CjDOojOUNEZyrYZIZ9IXVxn0hdVhsYmIg5QzwouSSlg4Q3BUUc49U9xJdjKY7fZPisIRLlHlvU8Wm9VG3LiVUgYV71hFovT87ZaCqTT7qmeC1H+7JP9iHKecaeEzT7pw4KoQMPKS6QcpYKhBDlPwCOENEG+VCDQMd0jwfsuaUWnZ48zYR3VpZ4Kb2rJ6L0LSNbaBMAMuWi0YKBZqJlHboIY24GgEqZpxg5XUp4gkeS1U3bc5HABhE047LoG32ROTutUF+xUp4A6fdSKWM6wcZXWR6jsFKpY/Cd4hCZ/gROz0jlfJpaKcKbAwMp2DHZQKeN1bXmQ7xx5z/ANFa6R24RIy2PA0gJmDnKIuYCsSID1SwF1JHtGcjsBEadO6YRhPAycBTAUuizt7MsD8YAViwgDBIUGkGIG9sFH9N0UVgyy7CpLgIwkSMKAnchLI9UMk5XMn1UIFXDwmrhIwiIIk5TTumu5KY6RoHKhBx+6aXnhBdMMlCdU5ztwrCjHd0SS8BMM23ChTVDs7BRJaioOPMcItprr0dtvSJs9QGnkKHU3KKNvnKjTzEfU5VlVUUjN5Js+yHB0avE2vlhau95yICc+gVZJU1kx1ayAfZcluNAz6Bx3VfV392NMRBU2N9I3R8bGtfcw9Z48+c/TjhVwhEbscEqLPX1UrtQOPZANRK/d7sq1V7YxUwhwWjjCANTwEI1FJHu0En2KrnPcRhzilr2zhEq0g1iPSLA3CPG0ZCE+5TAaQcD7KEH6jhGbBK8DAVqEfRJNvobJW1LnA68rjpHuPnO/3R22+V4DiMBEFLABl7sFNjHCA3cckRodhd0nO5UsMZ2GyWhn9KEU1yBBOEi0lPS1+yErI3DvVNcwkYRElRZHMIPZc8MeikaR6JeCVTWS00iKA3+kJbcYUnw0vDV4KyRMHsMJEEjClZjGy4XR4VlrJF8J2eE4AgYynuewO3CYZoP6jlC1gLBwNTwweiYajPAQzOcfShwWkE0D1S0jgFRzM7P0pGZ/YK8B4Yd0GrdNMQQDNVdnbLmanO7sqbSYDGFvsm+F2TNbh9X+acXHGcZVJeikzrDUMOYZS0hTKa+XenI8SXIHuobXH0S857KnDISt/ZoIOrGn+VcKZskZ9uFNZJZqpgfR1RhceGuOyxzzq7cJok7DYhLlUM+ya5RtQydnDWvHqDyniU/ibhZGlu1bTOGmclg7E5VtT9R63YqIgWn0QqszW6aMnxwe0h2/CLlunj91GBHYpNmJOn0X5k67P2fGYVyEXHJ8qOxocMhN0eyW+RsZEV7ByiUtXVUMglpJnRuB7HZPcMY3Qy0FVOGRqkkeh9PfEOmlbHSXZrmSDDfEHBW0jrIpw0wv1gjkLwfGNjurSx9S3OzzAsmMkPdjzkfl6LLOnIasPbmS6gMlGAz3WQs/WdouIaGVAa89nHG60sMwcdGFmdQ6LbJJ4SG6TTq7Lmn3SZRGJ/sdkpZKSSrAwWSmvhgqB4dTGJIzy0pyStPBTWTIX/AKCEpfUWKRsJ3Phu4KxDpamildTV0To5GHByF7U1V91sNruzC2tpWPceDjBTlPIO08xgrWuaNLhg8FT4K8sHnGpvoSnXboq62hzpbfoqKUEnw/xNCq4KyGV5ha7Dxy08o1FMKMsGgp5LTUjABhlPfOxUqk+Yhd/Ln2CzrqfxMEZB9UWnrqulfpcS5o4yhlBDUzf27qaspSGTHW33K09FfKOsaPNpcexXlcd6a5oLoyrWjulPIAGv0O91nlDJTimeoAgjIOQuaCeCsXRXyspSCJNbPTOVpLf1BS1AAk8p7oUsAOvklVVHBUxmOohbI0jcELF3f4fwOLqmxzOpZucZ8pW/BilGqJ4cD6ILom5+n90UZ4BweP15npXiC+W57Ht2E7Blp/NPaYZWYcGyMI+69TrbdSV0RhqotbCONljLl0BJHqnslUWu3PhPOxTY25KPP7x0VQV2qakxHId9ljK633Wzvw+Jz4x3C9Nmdc7bIY7pQSQ4ONYHlK6W0NxbpeGPBTVNdF4yeZ0F5dDIHxSOhkHcHBXoHT/xXuNs0Q17vHi4yTuod26EpKthlpAGPWNuXT12t7yNDnNb2wr2qXZFE+j7D1lYuoIx4NQ2OU/gccbq6AHLTkH0XyTFXVNO7RqfG4HjO2Vtenvire7XIwVcxnjaMEHfZBKnPRWD6CI9UBzBysvYfih05d2MbNP8vK4cOOy1MNXDVsElNI2Rp7tOUr4mRsGQMFRHg7/dWGM8BCcxpyMBDtZW/nBVyNOeEORgcMOGVYSQjOwQn0+RsELTDyVE9DTv3LBkquntuDqiGFoXwu4wgSUpAQZeQ8lB/Op9gF2G5VEZw87BWklGTny5yoslrjcDnZOi89lokU1xppwNcgBUt0LJmhzTt6rN1tsljYZIckN5UWG+V1uIAzI3+lx4V4GNGmfQg5Bbyoclvbgolu6moK0BkgDJOCD6qxY2OU5bj8ioTLM5Na8E4bsPdQ3UQacuaPzWskgb/R+6AaWJ+dTAoEpGPntscmXMGh3soElDNGcEDHqttU2yKVv8vyuUGS0zM31NITCjKugxs5pCGKNkjdLmAg9ytQ6ijA0SRjdRn26LP8vZK77JKCZl3W6alJfRTSRO7FjsYV7ZviT1f09oill+dibtifzbe3oiy0JHAQHUEch/mMQuKBdSZvrH8b+mq93y93DqCcYB1HLSVvLfcbVd4mzW24U9SHDP8t4K+eKvpqiqQS5gz2ONwqttou1imbW2Wsmp5mnZzHYz91nlHIiVOT6ldEG4wkGZ7r59tPxo64sdQ2K80rLnANtIGhwHrnfK9CsXx16JuThBXTSW2c9qkaWe3m4Q/G8cCnW0buophLjLQcKvms7H7xOMbvUK4o6uir4GVNFVQVEbxkOifqGPuieEDuAs7hgVtZl5m3aiGkOc9g4IKmUnUtRTaW1LSR2JV06IAaQFDlt1PUBzZYmuB5yEvArBPpuoYXgSRzfllW8F9icwF2DlYmfp0REut8zmO9CdlFEt+tz8Pi8Zg/pCHYwHXGXZ6dBXQzN1McPzUlrw7uP1XmdN1Ax5DXOdG/uDthX1FfIyBl+fzV8iZ6fHRr9Q9U4HCpae8QyaRvurKKYOAI4KmMiJVNEkHK6mA9wu6kL4M8ohEklzV7KZBCJLmQlkKFHUkklCDEkklCCT0xPUI1kSSSSgtLAkkklCh6SSShBJJJKEHJJJIyCSSSUIJJJJAAPSSSUIJJJdZ9QUI+BBp5ATwDlPAGEsBQzyaZ0cJJJKAiSSSUIJJJJQgkjskkoQEXEH6VzxR6IxYMIJjGTsrIPBykkGkLpBHZUQ4km6j/SkHE/hUIE0+6Wn3S1eyWr2UILT7pafddSUICSSSRgCSSSRhiXDsupKEGF5HZc8Q+ifgJYCAABK/AzjhVst5oYjiSRzfu1XIiyOMgprqaI/VAw/doVsIopeoLXGMmtjx6aXZ/yUKTrOyxHeo49itMbfRu2dSQn/AMAT2WW1Dc0EGf8AkCoJT5MoeuLIAf5h/QqJJ17ZmgkCd2PRi2/8GtA2/h1P/wDcwuiz2rkW+D/yBAU7EjA/+0e1sJAoKw+4jQZ/izaqfY2ysP8A4cL0cWm1YP8AuEH/AJAk21W5uQKKID00hGT5zy//ANstqzgWqr/8qJ/7W6EjJs9Xj1wvT/4bb/8A5Dj/APKEQUdMQG+GMDgBXgr5zywfF61g+e21Y/8ACiD4xWDG9HWZ/wCReo/J0oGPDQnUFK7OYshUX855o34ydNNP82CrZ/4MqVH8Y+kC0AyzDPOWrf8A8MoRxSxHPqwJgs9t/FQQH/7WFeCfMYmP4v8ARryB848E+ylj4p9FvwP4tG3/AJjjC1D+nrLNtJbKc55BjGChO6P6aeB4tkonD08EBXlgStyUcfxO6Mdt/HKbJ9XqXD190lMQG32j3/8Aoilu6F6Nk+rpui/+5hA/9nPQZ56Wot/8A/6IsFN5JUPVXTk+zL1R7/8A0Zv/AFUmOvpJyBTVUUud8NdlVn/s16C//pei3/8AoYVlQ9P2qyxiK10FPTs9I2BqPAuTwSA53dc8cj8KfjbCWkeimUA5A/mmj6wQnfNw/wBR/RE0N9AuaB6D9FMFt5E2RjhkOC6S0/iCb8uzOdKRpITyD+RUwTJzA9UtPunG3Qf95KP/ABIfyQ/DUSj81ZMj9JXCwclN+Rqwcx1Ocf1lc8OvZsfCf9lCOR3TjhLQVz/eRu6Ibei6ypafKYntI9VXsH2cII7JpeTsYwfuieNEPqOMpoLHbgjf3VluWCDV2+grsfNW6mkxxmMFZ64/Dboe5F3jdO0jS7uwFpH6ELZMYDsRlOfRU7mg6ME91A4yweZy/CCzU2kWe73GhaPwsmJCYeiusbb5rR1i6QcFtU0uGP1XpDqMeqG2Ajt+aoLPJ58H/Eq3OIc6nq2OG4ZnZEh61vNF5bl0/VN07F8bVvDE4cbJhhDzpeAfuMqEckzHw/EilEgzT1Iz/W3hXNN1rRVABGsZ7FTqrp+gqm+eliz/AMoVZL0VTfVC98Z/wlWDwWkXVNqxmZz2/cKwpbxa5AJBURkO43Cx0vSlRGcQyOkx/VugPtFXTgOmpvL/APQxgqi3FM9DbVQy7wSBwT9Tuey86Z8xD/cz1DPzR4bncoTn5yR33KsX8Z6IwkHJThU+oWJj6grAMGTJHurGm6maGATMyQoB8aNOJteNkTxOFTw3mjkYHh+M8gqTHVQvGRI0591WCfGTtiEIwMcckDnKY2YOOAUQElVjAtwa5I0luhcS9g0eoCB4FRHljZzgcZVkXae3KG5gcrQWEiGyeVnllZn3CI2Zj+yfpHB3SMTXDAwPyVyltAwNyDwV1Ckp5wf5RTGumH1s3QqwPCDafdMLMgg9/ZObM14HqnEgd0xSx0MfHRSV/TlsrYtMsQa8/iAWPvHwxBD5acNe077D/RekuaktENTZAZTqrIPs+db58PWBz2vpME+jVi7j0XW0Gp1FLI3fI0HGF9bTUdJMS6SBjjju1ZW8dD0Ndqkp2iKR3YcFbqPIzi/uOlT5DH5nzrQdW9Y9OlsU7zUQs/qBJwtr0/8AFOyXDTDc5PlZeMkbZWmu3QE7I3NdTatPcDOVhrt0HaZi7x4Sx5HLRhdavyEZI3Q18JdHo8VTTVUbZqSdksbtwWnKIOV4i6ydUdKv+Y6auTwwHOgnIIV7ZvixX0kjaXqigeTwZI24/ZdOm/JthZvPVHxxzxlkrA5p5BWSvPw46eusjpDAYHu5dFsVZ2LrHp6/eWhrmiTH93IQHforst1DI3A7rZC5h5PFbr0N1X0291RaKp1bSg5EZJLgFHourJWkU1dG+CQHB1DAyvbtAPKq7x0jZL6w/NQHxHcvxkha4aj9gykmYqiuInjB2dtyFIawSnjCh3T4bX6zOfUdP3DxYxv4bsql/wBpqy2SimvNFJC8bF4BAWyGog/Yp9Gjmgx9IUV8WQcj9kWluNPXMD6epY4ntlH0SO/CFrjcjNOtPgy926WoLk1xdA1rz3HdefX/AKFqqJxlo2lw5x2Xsj4SBkgIBp2ybHZdDT610s5Gv8Pp9XHa0fPD2yQPdHLGWuacEEYwuCbJAwvZr50HbLo10jRomPfsV5xeejLjbJHHwi5g4c3dd2jXV2L7mfPfJ/T1ul/21lFK0Mk+pKSijc3MQGShujMZyU6OVzSAQupXqZR5ieL1njK7c5WCLJDLB9Q2QXBkw0PaHA+qu4/lpm6Z0Oe0tcCaULbVqt/E2eK13g51zcoGVqrCCDJTSYdzhU8tRVUEmJonADuFtJKKeE/zG4QKilhmaYqhjXA9iFqTzyjzt9U6ZbJIr7N1NM0geNqA7ErWUV7gnaA4gFef1/TlTTudPQP1N509woNNeqqik0VLHNxtlV8jTxgzyo38o9cEmsHA2KE9uFk7N1Y0YaZA4HsTwtdT1dJWMDmPGr0To2/szTrlB8gtTmFPEhd+SK5jSCNI/VRTlhJ0/umZAxgmMnaAA92CnyBrgCCCq8vzthEEpGFMEwSWgAHPZZXq/pmkudK+dsQ8YDkDlaQvLguSgEDPCTbHKGUWSpmpI+brpaqi11JbIw6MnBwgxu3Xs/VvScNwhfJFGNRG4C8euNDPa6l1PO3vsfULlX1Z6Pa+L8hXOSk2GhqXtwAcKUJNQ3VRHOCcYUyKbYbrBKOD19OplLphaiPVwFXSRHO4ViycOG4Q3BsvAwktGjduK1w07kpMrpYnDS4/qjVEJPGyhPge3fGUBcZyg/tL2huoIAlcrJs4e0HbdYzxHB2W7YUhlxnjwA4kD3S95pq1mOJGqJxuShOl1AjGFT012BwJcqa2dswyzsrTybI6lT6DOIIKhP3ypBPIyhdyrXJbsyQ38oDxlSnoLhlV0Km8ER49UCUYbsFNk2UZxHdLayhE2QZWkZyomS1/HKnz4xsoM+BvhInHJisfOSXSzkEZV1Sz6tOwWbp6gNdwramlGAQs81wdnQahKODSU0gIypbXEEObyFS00+kjJVtTya2jZZZQPS6S/JeUkwkjB7q3oKgxEFhwRv8AksrSVGmdsZzytDSP0u9dkh8HodPduRopnF+ioYeQCCg3HzRx1LORygQVJ8Lwz+SkBwkiMThkOQHQUskNw8aB+ManDKh0kvhvHGRtypVGTDO+nec5+nKq5mupql7H8hxKgEnteTRNm8Zg2VfVsIdqwu0E5AwQjVGJGZCg3O9Eanmw7TjlDrmhzM6UNzhFOHZUiVwmgPl+yglozriWykjkFayke6a2gvcM6cLKzMLZDnucq2sdQ4xmF7+TsjRnzgdIdPlKgUR0ySsB2yrKsjLJz2CpjqhqTvsTlaYPBmuRQdSR6JnZ7lU8MuSAtV1JTskg16d8crG/3bxldjTWbTwXmqMTf9yzYMjOU2Vnl9UOF4LRgoxOpuF26pbkfMtTD47mhtC7TUKznIe0FU5d4UgKtYneJC12ey2w5RktSQyMkO5T5PpQnHDwSiE5ahkCiHUDIVW8mObOO6t5RkhVle3E2RwlM26aeyaZa05OgZKFXsDmAn1Q6KXXCATkotYNUYA9UiXJ3t26KZUx4Dxv6qXGcgHKgSZbMWYxhSacg7ZQi5S2kerBEmT6qJIBgYU6vADc45VaMkHJ4TDJZzLI14wSAgEHKKeU3AQBLoaeD9kF/BUh30n7KI9pxwk3FoY4AEgIeR6rru6ET7rDassegjOVNi+gKEzlTovpH2R0rCF2ehy6OVxJaRMpbQg4Qi7c7JHbYFcQYA7OtRKduupYOwQhyp9rj8SpHslW8RyadOszSNNG3EYwMDCvrHH/ACtWN1TNILQMcDC0NojEdOCRyuLbLKyz2Gjr+9JE0nCBKeMFElPdRnHss0I5kde6XGB+dIz6IdFE+orw4cDldlfob+Sm9Pxh4kn9dl3/ABlP3ZPCfU+r+KjbnstZXlrQ32UiyUD62vY1g4IKizjUVrOgbe6WsMhHZemguD5lqZbYbjasiNNTCMYDtOFa2uF0VONfLtyokrBJK2Fo3yMq1iGAGkYwMIJy2s4krN7JA4TgMpHgJBwaC4nGEIMVlmX62uWRDZ4cmSYgux2CurFQNoqOMaMEALL20PvnU1RXvZqhgPhtJ7kclbloDWgNGAEwKfCwGZyq3qSsMdK23xn+ZUnTkcgKybhpy7gcqloWC9dQzVrwfBpz4cfocKGfBeWe3i30UcecuwMk8qemhvZdJwqLFK4jAHdPgGTkhAbqklA53U5rQ0Yxwr7BbwP3DeeAoxOSpBdsQSo55VooceEMk5RDwhOOASVGWiFe7rTWS2z3Ssfphpo3SO39BwvDegYJOoL1ceuLk0+LVPIh1fhZ2wr7419QG8Vtu+HtuLjLWvD6ktPDMjA/zUmGmhtFpjpadgDYG427lKslg6tVcq68LuX/AKGW+J3V/wDs9ZamoDgJ5QY4d+D6r5lmqJKqd88jsuedRPrlbD4o9TSX69PgbLqip/Lsdi4clYtrdKxTnk9t4nSrT0ptfcMLsohQkYDKj57Ow1kc1qc84HCTQACScJjnZ2UAQM5c77I8WyYwZ3IRnNABIUJY36GLqHvn2TxwglLALHojUFOQ9klyjr2YGcqDO3JBwrH6gRhRKlukKprhF18EEjBwUxFeN84QlkmsmuIkkkkIQJFSQlCD0kklAxJJJKEEkkkoQSCkia2+qhAa4BhdBGUt/VDJ4IMAwnpqcgIJJJJQgkkklCDUk5JQg1JOSUINSSSUIJJMSUDFnKWSkkoQ7qIOQURr3DbGUJPUInjlEpk/AJ49USYtcwOyFXvJBCOyTAwqazwGrX0wEwIdwk1PmIOMJkaqKwBJ5HKXSk6cHsoZUumIHJRYyFTLbMfM3BG6HgeqPMzbcchRtJHdMaKu4mdSZ2SSZ2VCzh4UY8n7qSVHLXZOyhaGpJJKBCSSSUIdHK4dl3Q70TsO/p/dC1kFnAdPupFPIG+R+wKBgp45UTwUzRdIVEsVc+LV5HDhblju4GfzXnvTkmLgPcLet24KvJ6Dxdma8EsHKK1R2o8fKjOwGGfyRB7prSMImQrDEzlGZ2QWfUEZnZUNiyUz6QuprOE5WH2cPCEeEU8IWcK12LmAIOonGyXcIhwhk+bK0LopHm3XgAvf3YqHI0q769z/ABsY/oVACccoGeC1ixqJr+538SIOEMcp+dsKjMdwFwgYTPxJ4IwoQZjdPBGEiQmEnKhAisemaJ9Xd4QPpackqtb3K23QNul/m17hhp8rdtyU2mLlLBl1lvx1M3DGhjQwcAYRCmBpxwiBuDuF1oxxweVlP2PAwiDdca06RsiNGThPSEyY6OM6gQi1LiyIhvJGF2JoG57LjGuqarGPIzZFgS5Em3QeBTgHl25UpdawABo4CWn3RxiIm8g0k9JWLEkkkjHBUSH6ghokXIVEn0WUWzAAnZKGz6Qu5wjMr7DZKWSh6guF7ccqFYH6glqCjmXfAXDIQOP3ULSyS9YIO4QvEwMlRvEkOw5KTI6hx/mHbso3g3UeN1Go/CIV0/IAUdznHKP8u4bkJjy2NuTshcsHe030xZKO61gBqPJQyMZJUatvFLSgjUCceqzFw6gkmcWxybKLk6FXiKNLLLWTSVNbTwD+Y4fqqSv6kihBbFhUFVWzSbyOJyqyariGdR3BTI5HNVw/FFtVXypncS04H3VbNPJOcyPyoTqwcNCB8y4p8Y4WRU7PRNJHqo+rDiQo5nJ5ykJCTgBTfgzNuTJBn3HlSMpxnC5BE6Y4AVhT2uWQguGAo5ItRkyvd53NwpcFDLJgBmQVbw22jhAdL9Sc6UxjTFgNCnawGoe2RYrbBGA6TkeqK51Mz6Tv9k2SRzzuVwMz2yVSTyXJJLhA5Z3nbOyjcu3KmGE5Ae3ZOEMAH0bppnlHPJGbG7Cb4ZKlnA2DUI63bNZsq6FtMEQByVHke1nfKkSwSO4Ci/w2pkPKW20SNTZzxh6JhqgOyL/CpxjUdkUWyLAyMFA4th7MEM1T/RDNVUcA/sp5ocbaePdPFIBvgBFsFvgrfFqjvqXC2qIwXE/krPwWdmfukGNHZTYBvKww1X9P7rngVR2LQrUHAwF0OGcKbMFxtwVXydSeQE0UE4/CFciNxGdK5oKtxJK3JVCjm9B+qd8nN6KzEbicBdLHDkqthXyFZ/D5j2XRQTA50q1DXHsuGN4OMIlHBPlZWigkH4F35GT+hWXhH1C4Y8cuCLCL+VkAUT/6R+id8qRywD8lMLQO6WB6qtqK+QhfKDPCeKRgGCFKwMFMwPVDgpSyC+Sp8HLQokttiJ8oAKnvBPBwkqccjFOUeimloZ4zlo2QjrZsQrvTnbCjyUzXHOlKcAvlk+z2tjs7ZRNHl2GfzUJj8d+FIjqDjBX5inE/ZOUEbJPE7J2CkCYOABG6ja9ST2u2czZKwxm5Eo7jKGTq7cIAqXswH7hGieyUeU5V4C3CzjsmFuQd0XT7pafdV8aaGpkUt0Oy06fstPYviDcrcWxVw+YiH4vx/qs85mSN0IxOOxKRKrIxSa6PabJ1VbrwwGlq2tf3Y84KvGEkAnuvntrp6OQS08rmPG+WnC1vT/xJrLa4RXRjp4eNQO4WaVTQ6Fmez1wHK6qe0dUWe8Rh9JVN1O/ATuFbg5GVndbQ5STBJzPqC4RhcShocEYXcj1QMn1KWT6lQgV4zjPHceqzXUnQtvu5dU0LRR1POqPbJ91o9bfVEyEyM2uAWsnkkwu/T87KS+05Ech0xTDgn0KmRSQz+Zj2u7bFemzQQVcLqapbrjfs4LF3b4atptVR01MYgN/AJ2RrkvopnUwb5mcHfCGGuB5IQTXVlrk+VvNK6OQd+ysYZ6SrYPCc0qmv0HuQ+mraqDGJSWjsVdUd/hGGyNwVTCmeXeUZaimlj2/l7oGsBJmyorwzZ8NRpd9+VfQ306MTRhx9R3XlgBbsHkfmrKgu1XT4aX62js5LlHCKxlnpsNXT1IGh4B9CnuDRuSsZR3qCXHm8N/urqmuDpGgOeHAcbpTyibMon1VNS1sZiqoGSMPZwysjdvhxSOLp7NUOp5edOrylaxj9Q+6RJzkORRk0A4s8vlhvlnk8KtpnuaOHNGQUaCtoq0ebQXe69MLGSDD2B33GVmLt0Pb6kmW3NFM/nybAlOjMtMxF26Otl0BeyJsUh7t4KyFy6CuVDqfD/MYNxheiVVuvVmdpliMzB3AXIrtC7DJRg92u2TY2t9FPk8efBVUMmHgxuHthXtj646hs7mmlriWt/C45C9DrrNZ7zHpkhY1574WWuvwwnaHSWlxzzjKPdkXtyaqx/G8PYI7xRNBGxdE1b+zdU9O9QxtNDXRmRw+knBXzNcbPeLS8tqaeQFvcAqHDeHwH6/COd8ZGVWxMGWUfXklveW62YcDvsowhIJDhjC8F6Z+LPUNokaJKo1cAwNDzkgey9Is/xp6buf8ALukRpH8ZzndDKvjgrca404O6A+Eg5xnCn0z7fdKdtTbK2OVrhkaXLghxseQs8oYGbirMAGQQo8sPsreSIemVHMQB4wqw0RT5KgwO0nLdlXzW2CY+aMA/Zad0LMHb8lDlpt8huFbkN3ZMZXdOEOMtMSD6tUIuvFqkEkcshP32W2khIGzVDqIC7bAVB5RVUnW0flirosO4JCvaO426uGaSqY5x3IzuqCqslLOS4whpPcKqmsT6R2uglfE/kFpVyeCzdmFzeUOSPjusLTdTX6zPDK5zqqLjzb7K9t/Xlkq5fBnd4Lz2dxlEiZLcwwu2ezVlAkoIzvGMKdBXUNb5YJYj/wAuxK7LCSQACoTcU8tvkHbI9lFfRe2FfmB4GccobontPmjwhcclp5ZQGlePwfuhmndwWq/8NpBAZyh/LgctQyi0WZ2S1wyO1PiAJVRcujqWuJOgNPqAtwaduD5Ao0lPjgKk8C5YZ5xHaOq+mp31PT96q6R2eY3ktP5dlqrN8eOsunWsh6it8dxYzYytGl5Hv2/Uq0dF2IUaa10szsvhbk87JUlkB1pm7sHx06G6haGSVn8PqMbx1Z0Nz/z/AE/ut3BVU1RGJKaUSA77FfNF3+H1BWZlhGH84VZT23rPpJxqOmb7WUjwdm6i5n20pfxpiJ1n1YDnbCeO+V88Wb499V2dvy3VdkZVlgw6eF3hucPXJBA/NeidO/HDoC+N0SXT+HzbAR1g8ME+mr6f3QyrwK2s29XaaGpB1xBrj+JuyqKjp6WEeJQ1Lg4diVfUVXTV0LZ6aohmY8Za6N4cCPYjlG078JO0FrHZm21t0oY2ioiOB+Ju6mUXVXhnE05b+auSxpGHNB+4UOfp+3Vb/EdC1pPOAqwC4JljRdR+JgiUOae+VdUt0p6gAasErAVHTNXA4y0E5AHZAbW3S2ODZ43ux3AS2siJUbj1VkwOEXY75Xm9B1W7xA7x9J4IcVqqDqKCcNbI4AnuCq2mazTtdF7qz3XQTlRm1kLuH5Tg/O4PKszyg0Sgdtyu5Hqg6sd10E6sKgMMKkuDhdUKGJJJKEHpJJKEYkkklBbEnpieoUJJJJQg5JJJGQS6BlcXQcdkLFWHEkklQAkkklBo9dZ9QXElCpdBxwupiShmY9JJJQgkkklCCSSSUIJJJJQgkkklCDsBLAXUlCA8BLAXUlCCST0lCDEk9cyFCAk9JMUIJJJJQg9MST1AW8AhuieGRg4TUZGUN0N9EsMXTwuqAyltG4b25TsHGEhyjADCtLItzz0Ba0g5RABhdwElaRYk7ATU9UymJJJJUCJcwF1JQhzGUsYXUlCCSSSUIJJJJQgkxPTE0I5p90tPuupIwRJJ661QpMWhvoupJKFiXCcrp4TVAZPA7bsF3A7LicBhQBZZ1Ac1ruQjoShaG+HGdiwFcNDAeAQfYp6ITgZUIyI+gDNxUSb+64G1EflBD2+/KlmXPZdcoXlogF9QD/c7fdcMjWD+aC0lTlzTGc5AUBU2yC2anJA1EfkiiJrtwVIdRU53LAED+GxP+mZ7cf0lVyFuOeE48DhLwpGjzN2Sdbqof3FXx/UUJzbtTjUHtkHcKFpjyD6cLmqPiQAfdDNVMN5aGQf8oXfmKWT+8YR7HYhWGmd8Gmd/woz/AOEKLNY6CZ2vRpzyBwp7PkXjLG/unCLXwcD7qF5RTu6aoyf5ZLSo8vTb2n+XOPzWg8Jw7FIjG6omUZOS2V8LyxrCR6juufLXJn/DefzWu1kDAaE3TzkKETMrHcqulePra4cg5U2HqOo7lXBpopNnMac+yjTWmkfxG0fkrKbHRX+N7BrIz91OgudPKNnblU8ljgP07FAFmqG5LXn2UKNKalpGW4OU0HKzhprnGcMy4I0NXXQnD4yce+FXYCRoCc7ZXCA7lU8V6y3zwuUiO6wPxvg+hQ5I1+ia+JvLRg+yAXPHcp0dUyTAHdFIa4ZAU/wVkAJJOJE7Uxw2cn+GPRM8DG/CLBYgSe6aW4XTHKN2NymB83eJRNop4OuZqBHKp66x22eLRLSRue4klzh6q48Vn4stPphCl8N/4sfktFdrXQcZuHRhLj8PaOo1eDOY9XYcBYy7/D2cP0eR4adiW5Xs8sDh6EdioM1I2QYeAQtlOssg+zVXrbInzld+hPl5zKIHxSA5a+I439UO3dRdbdL5LJxWQx7NZKTuPQr36rsNNKSQ0E+hCoLp0nS1DHMfTN/RdGryc12dGnXuXEzJWj4r9P13h093YbfVu2Id9BPsVr6WrpqqMS0s7JWO3Ba7Kxd1+HjHuc+GPYD6SFlZLV1F07P41rqZGhpz4ZJI/RdejXQsXLNsboz6Z7MARuRhV1zsVqusTo66ijfnvpGVhLT8Va2le2nvtJqA2LgFt7T1VYL40fJ1rA8/gccFb67EuUO7MPefhX4Oqq6brXwSDcRud5Ss5He+ounJfA6htcnhA48VoyF7Y9hxkb+4VdWW+nrWGGrgZKx2xDhlb67wGYWhvNoujA6CoZqP4ScFSXUvdvHYhMvnwktlQTV2SaSknG4DXYblZKabrfpGYsuMBrKVvBAycLbXbl8ims9mpfG5uxCBPSwVLDHNGHA7bhQ7V1rZ7riOR3gy92v2IKuTFHM3VE4EHuFtjLjgRdUpdowF/wCgYagma2tY3GTowvP7jZam3zFlTGWemQvdZIJY3ZG4UKut1DcWGOsp2Oz3IXU02ulBKLPM+Q8DTqPwWDwt0R28v7rvjzQkaXbLc33oGqhc+e3ObJHzp7hYyppXxPMMzSxwOMHYrt6fURs6PAeR8NfppYkuB8dVTvx8y3J7KNUUUUrjKOOya6nLSHY5TjPJCBg7BdSu+Uejw/kfDRmnJIjSUrmHZpwFU3fp6C4gua0Nfj9Voo6uGXbGSnima/da4WKXZ427x9tHo8muFkudmk8WHU5vOyn2fqeeHBfKc9xncL0eejilYY5Y2uaexGVjr30TBJqmov5cm522Ry46MmE+LEXtr6rinaGyOB9+60DZI6hgfGQQd8rxPNxstRpqAWtzgOWksvVczcaZRzxnZWrmjPbpXL7oHoUsfcBCEhB3CHRXSKuY3cNcRnnlPlYtCsyjK63F4Y9tUB6Ihm1jICrJnFjk+Gokadio2mA44JjpNeW4WP6x6OiuMD54GAuIzgdlrI36vMeV0uDm4PHos10UwqrZUyUos+cq2iqbVUmnqGkYOxxymioLQBheu9adJ010p3TQRASbnbsvIa+jqLbMaedp2OASubbVk9n4zysp1rAeKY8onigKAycYGQn+Lp91hnBpnrdPfGcUyWTq5KRjY4YIygtdnBRQRjcpbNeVIBNRjSXRN47KG6F7BlzVcNla0gYyuTaZgNklpZBdWShdqzxjCc2oqI3BzHkH7qykoAfNp/dRJqJ7fpCgLjOv8R8d2kaNMgBKmsrIZWA691RS07w7jC45zogMAok8FR1U63iZelwO+UBz/ZVkNweCA84ClNqmPGWuyrHfyo2HXv8AQIDyT3RnEFBez2VNElPcgBGo5yodWwgKeGY7qNO4OPCTIzSb9lW4vikCtqOo2GVWVbcEbcLtJUlrhkLNOP6D017hNI0sE5yPRXdBVDAGyzMEmWBWNHIWuwXLLZD2ep0eo2vJfB+ioEoOQr6gqxJvkLNRnUPf7qXb6nw3CJx7rLOJ6TS6nLX6NlC7YKZE/ICraaZsjAB6KVBIGE57oDuQmPqnBlTG/TzyVEvTMMZVMbnGx+ymVLRNHkfU3cIE3+9W8sYMuj+pUHLlYI1JMNDHNPKsANcYGcKipXljXMztnb2VnR1HiDQTnHCgNU+drI1Y0tkwduykU8gMIb6LlziMkXiDlqi0r8EDPKhUpfdgi3BgbISB2Q7XO9lVjtyplwaA/ONiFVB5jka5uxBRRWRE3iWDS1pE3nA7KlnGH6j2Vsx/i04J5IVPcHFsZ25KbHgTqOI7gNxjNVSua3kBYWsY6ObSdiFvicwkeyxN7iLak57ldCpvg8n5urdFTQyAk4ycqcwbA5VVSyngnhWMT9hlej0zzBHyryUdt2RlS3zl+MBTqB2acAqNVDVBsN1yjl0kMW2MsHPnmRKqCQ8YCdHISNwmzYwCQmMkxsByrbFrgfL2wMqsuAwA4DO6tHHPZQqpusbhA1lDK5ZZEtkp8bQeMKymO2/ZUrXmGoa4HurbxMDPKyyWOjuUTzFJlZVtxMThOgcccrlc4anSBMhcNsqkSxhKwZaFW5w133VpM3U1Vb/xfdWLfBHPK4unlcULEhPA0lGwUJ/0lJtIuyFPsThAA3CPUclAWKfZqiuA8XKlxcFQo/qVjCRgJkBNvY/BXEXYgbLhA9VowZ8AUsFdxh2F3uUpvAIlaWFodUHKq1obFAxkHiafMTys+oltrZv0cW7UW43wtPQDFGxZ2jY2SeNjuCVpwGRxBo2A7LjWPCwew0fD3A3ndCB2JTZM6xuujAbucKVLI6+eOSLVy5On1WltMTYqFmkYyMlZmlikrbk1sYy1pwfRa/AjaGacAL1mgr21pnyfz+p+fUtZzgWNs5XpPQNuMVP80W47LzyCEyPa0DJXr1piNtsbA7AcWg/supnajyGtt+3Yg1ITNVyPA2Y4hWTdlDtsYZT6sbuOSfVTGgpLWWckODjsqTrG5ut9oc2I/wA2fMbfbPdXTRsSeFhbrLP1D1lFQxuzS292qYDgEDKi4G1vY9xoukLZ8jaohIB4hGpx9SVoW7FR4IQANOzeyktbuOyYBbPMsojXurNPQ6Yx55ToHspNkoBRUTWjhx1fmq5kbrpefD5gpv0JWk0gANbsAMAKhRxvdMmdjCIBhMaDJJsMqFhaNmX5xyp7gAFFiIY04Cc6Yu2wrwANdscZXElwkHuiIdG5xlU/Vd7penLHVXWrPkhbnHqfRWmrR5tXC8M+NnUtRf73TdEW2fPMtWAcjO3/AKocmjT0fPLBUdCsmvF3rus7hGXTVL3eGSfpz6KP8YOsRaLMKCjnDaioHnaDg6T6HstVSRUtgsw14ZFTx6nn7BfNvxD6ld1H1DJLnLIiWt32Gf8A5izWnp/G6V67U7sfav8A90Ztx1OLiOVxIbpLOuD2UYqK4EiRAEjKCOVJhBDd1Cxs22AEFpyU+cgu2XGg5UIHjAxnCaiM+kIahTOY3ymp6GeFnsRR0EZRmHAUU55RQRhXCWCSe0lMx3CFUx57JzOcI7wMA4z+aKXRcYlNI3Q7CARlTKuMiUuxjKi4KTJD1wDSSdhvKSQxqEkkkqINSSSUDEkkkoQSSSa/6SoQHkJuSmknKcoQbrd6pA47LiSALAVJJJCCJJJcJx2UIdSSSUINSSSUIJJJJQgkkklCDEkklAxJJJKEEkkkoQSSSShBZykkkoQ6DhSaZ2H/AHUVGieGHJUIuy0nH8rWBv6KGfXCmDzQB2NiFHez0TFHPYVy3PcASSPKSIUOQnNbpOyKmOGRgKiEY8ri6QcpDlQg5JOHCShBYCWAkkoQcQEItIJOEZcwEJCVa5XsrIyx2DqXpELtTWnPYLzWikEVTG93AK9DojqjYfUKjseLnxtJ8akjhR2jDgpDdwozvRQUE5RAThCHKIOFEMCtRmcqPkI8bgTyoNi8BhwjII4RlYztDEyUbZT0KVw2wrXYAIuOohM/ECu5y7KaeQtHoDODznrof++v/As8tD1yc3rP+ALPIGeD1j3Xzf8AcSWeySSozCSyUl0cqEF5ilgp4Awu6QoRjoGF7w31IC9gs1HFSW6njY3bQD+a8/6MtQuNz1yDMcPnd/0XpkbQCAOOwW/TR5ycDyWo52ILoCK1oDshcZ9IRF0kjhSY7YgbIjIznJTW7FHjy7YbIypSwdDMNIapNPCI2Akb8pjWDG4R2o4oz2P9DklzIXUwSJJJJQgkkklBw5SadpHKjt+oKTG4Y2CgL/RLc8DAJCE+bA2wgSvyQAnxwl3flE3gdptDdqp4rjk6J3k4wutD3dlLgotWHEKVFShv4RsluzB7LRfRs7cO32QG0r3coraQ44Vk2JoOwRWsbhV8qPW6L6P02me6ayVTaMgjAH6orojHgnhGr6yChi1PwSeAsJfOtqiYupKXAA2cUqU8s6N+l0+nh0aC6X+jomva06i33WOuvUdTMcAYB7ZVJV1s5yXSElVVTWvDcOOUccvs8/qbkkT6quMjtTnZKrai4Fm7Tuob6t7iVGc4k8psTh33OT4Dy188hxqwEF8xyM7rjWk5TfBOfumxM7k/Y/xsjjlJpJRYKN0rgANzwrWlscryC7YI3LAOJS4SKkNLiABuVZUFpneQ5zfKrumtlLABqaCVI8RsQAaEO8dXS1zIj09uhiaNgCjkhoQ558kEDCF4hfsFbWQ2lEI6UbgnKAXb8LvgvJyiiDblWCAwU8AjhPDN+E7A0o8gATkrjc+qcQAeVzLR3TRbwhb+i4G44K6XNAzhBNRg/SqEvGeA2ATuitewDcqJ45IzhDy8nGVTwy8pInGSDG8pQjUQDh2UEU7nb4ThSZG6iBbb6Q11S0nZq4XeLjBwpEVNA3++K7I6hjb5dyoLksgREDjblOFO38QQ3VTWnyoMtY9+zuFYkl+DA3cY/VLVRg4A3UASvceU4Z9FZCdrYeOEhp9VEDnYwl4crvp4VAtZJOuIfW/CXj0o5OcKP4TvxBc8DB3KmSg7qmPiMZQzVTAc/suCMBE8FvqqIA+Ymcd01z5Xc5UpsTR2yu6G+ismSKC/ullylaGf0paG+imCZIvmXNLvRS9DP6UjEMbBVkrciJgpYKKW5OwXNHsryHkahKT4fthM8EeiXjAZ6gCcojCANkJMaT3K/MTSP2OmTPFLSO6kR1HAIVeH4Iz2Ty8Y2PCW0hqbJr2NkwWhNMckW7HaUCOoewjBUjxdYGUGBnXImTyE4ecqQyTWNgo2kHJaU0PfGctKhaswTSMpOaFHjqT+II7ZmuVYyhsZ5GkA8oToRzhSE3RnslyhljkyPE6oopRNSSOicO7ThbLp/wCJdZby2G7Rumj41DkLKbM+obJo8B30u3SZVJ9Bxm0e42jqG13uMPoahrjjdmdwrEnHIXz9C6roH/NW+ofE8c6HYWrs3xNuFDoiu8Xix8axz+ayzo2mmFp6uuOVVZOpLPfWZt1U1z8ZcwncK2GQd1ncGNyhul2M52XWvcTgp4cD2S07ZwlpYLOtcdlKY4AcqEThPyUSlgFrIrjabddojDW0rJAe5G4/NYy5/Diqt7nVVlqC5p30E7hbmN2CpDZCQpKeCsM8nZWV9vf4VfTuYRtkjYq1p545MFwyCt3W2m2XSLwa+HW322wsnc+gLhT6p7BWa4xv4Mh3U3DU8A3Q0UrRoHm+6GbfOzLg3ylU0lTcLXIWXOilgcDjVjyn81LpOoHOxpkD2+gKhZLLHxEFzTsplNUudjwJsEdsocNbTVIw4gH3TjSMb5oSAfVScMhFnT3OsgwJMkeqt6S8U04DXu0P9HLJGSrjOHbhTIHUswAmcWOScIvJs2uBGRuCngE8LLwVlxojqilE8P8ASeQryhu9PMAHgscex2V54AJj2AjD2gj33VRcOkbXdCXCMQyH8TBhXQe2Tdqe3PqhUmiHntd0jfbY4vpW+PEONJ3VWy8VFFJ4VY58BHZ+V64HHBwoFdarVdmGO42yCbPctGQmwsKZhW1lHcovDniilDhzgFZ+9fD2y3QGSEeC492t7rY13wxpoi6exXKSlfnIif5mn29lnamn6usUumqo/moh+KMJiuRTimed3P4bXi3MdNQTNlx+AZWXqGXSgkxX0kjAO5avb6PqShqz4c7TDINiH7I9VZrVdIyJI45A/wCycrExEoHj1q6uudsw+3XGWMt4AecD8lv+n/j7cqV7KW90kdVGdvJsfvlQr38IKOoDqi0SmGTnGdisLdOjOpbQ9w+XLwzk42IUxuAeYn0VaPif0heGkCr8CQ8skOCCtLGGTsEsL2uY4ag4HYgr43MlRDnxmGNw5Kv7F8ROpbEwMt90kc4H6XnU0fklzrIpL+o+qXRkDJGyCY24XkfTf9oIhrafqKhyBsXRt2+69MsfX/R1/wANo7nEHEZ0OOCPZA4ZGqa9El9MHE4UWSj9dleOpGyDxaZ7XtPoUF0WNi3dBtZakUEtJjfQoclMDz2K0To2uyCEGWhp3fh590GA4yyZapt8E4IewKkrel6GfUfC0k+gW5ltzP8AhqFUUE44j29VMBZPPX2W7Wr+ZbqmTy8AlGg666mtZa24Unixt2OG+Y/ZbF9C9zcluAFX1Ntgn2kYD+SNFqQrZ8SrDWxA1PiUzhsRIMbrS0dyornEJKSUPHfHZYC59IU1S0uja3V9lQ1HTlxtz2VdHNJHKzYFjv2UCyj2MUzSM6diuPpARjjPcLyej636ttRaJR47e4etFQfF21FzYLvRS00h/o84/wBFTBcsGufbZW+eGck/0v4QJKWpjbqewEeyVu6v6cubwykucb9XA3ac+4KuyxrsY78e6Aoo2RCXLS1uU3+FTYyBkdlcSW4TOBZHkn02QTT3CmdiPOPRwyh2h5RVfIzt20bBAngyRqCuhdZKchlZRuLfWJuSnivsdVs8OYf8YwpgB4MrV2ikqtzAzP2Wfr+hKKaN3gtDXE5wNgvTRa6eZhfTSxkffdRpun6jGdQ/RU1km3B5NDZupOnZDLZbtV05bxpctFZvjd17Zp2w3uFlzjGxIYGPI9yBuVrJbPOPqIKq6jp2GocXfLN1d9kvaRwi+zU2b48dJ3HS26QzWt5wCZt25+63lsv9lu0TZLfcoZi8ZAa8bheBXToVksZfHGAfQBUM/R9xt7RUW97oZRwWJc68iZVpvg+r2yHBGEwQsl2c0H7r5ktfXvxO6fma2KsNVGwYLahmvI9jlbO0/wBoWaB7Yuo+ntAA80tM7G/2I/1QShjoXKvHR63UdNW6qkMhiDD307KoqOm7pRPMlBUF7Bw0lVlo+N3Ql0IBuPyxdtpnGk/otpQ3m13KIS0Vwgma7jw5A4/sg2sTKuS7Rn4Ltebc4CqhfhvtlXlD1lDIQ1+G9sZU4wsl5AI9xlQ5unbdUPMhhaxx50hBhiJV5NBR3alqx/LlaT6ZUzxmuOyxj+nzB/NoKl8cg90CKsvtFMdZdJjseCglyJdKfR6AyUHdE1LK0XVELsMqmOjcOVb0t1oqjHhVLSfTOFMZ6M86XEtMj1SyPVBDs75XQ7flUJ2scku6l3V7KFYOpJJKACSSSUAHpJiShB6SSShByaknKANZEkkkoQSSSShBLo5XElCNZDtIIXUBpwUYEYUESjg6klkJZCgAkkklCD0kklCCSSSUIJJJJQgkkklCCST0lCDEk9JQg3BTMlG8qGoQYknpKEEknpKAt4GJJJKFD0kkkZBo5Tk0cpygiYhyiAjCGlkqLgBcBUshMLtPblMBJV5Ghsj1SQASSjAjCtMgRJDyEshVgHBIJGDuEA8pavdMU6LHpLmQlkKyzqS5kJEjCmSHUkP8SeCMKZIdSXMhLIRkOp4OExPwUWQcHdPuupHV/SR+SbkqZRNo5JOyfRLf0UyiYZ1cIz3SyRyFzWFMoXsZ0DC6m6wlqypkraxySbrCRIPJAUbSJtZ3ISyFwb8JYKW7MAnF0DJwkkBnug+Qg/w9soQY/VtsitXcDOUaYDeCPKKxrcx6Hf8AMEI1FW3+8pwR/hGFYAY2CaGnnKtywXnCIXzgZjxGEZRYquD+oZKlujY7loP5IUlupZR5mYPqFWclOY0VDeW4IKaY4pRvG39Ex9nhJJE0g/NAFvrI/wC6qQQP6uUzouEgnyVOdywtPtsuG2RbGKomb/4lwOucO3hsePtlL5yWP+9pJR9hspkZuOCkroz/ACasEejyuO/iMe/gsk9V3+IsBGphGUYV0DwMOx+asm4ifNyB2JaR7T7DZGbV07jpewj1ypLJWvyBuuup4JBhzAqL3MEG08gHgu3XTS47pptsLzkPe3/lK58rLFjw6k/Z5UILwtJ3bhEDHY4QxJXMP0McO5IRRUtbjxW4z6KFN4OaHeiG6lbIRqARRU0x/HuUi9p4KsjBGjjAGY2/oo77RTvcXta1pKsiCcYC5kqkDvwVgtUrT5JwPyUeSC6xu0scCBwVd5K54blZfylHHdqiHyTU7iR7KZHd6R7Q4u0nuCrD5aJ/943Kiy2eje4uLMZVZLVmQ0NRBKzyPG/unsaCcqrksWkk087mj0yow/jFI/wx52jgqy3FPlF3LTxv5bglRJaRuOFGZeHtbioifqbzspsNdS1DBpeGn0JUAf28ER1LLjyP/IqPLSVIGSdQ9lcNi1Z0jKE6B8eS4EAooz29gqeChkD2YywoWph5x+au3AavMwZx3Uaot9NOcluD7JqsHK4qXtgfthn6Krq7DSSPMjoWHPOyuKq0Oi3piSVDaytjdplBWivUbehsLpQ6Zjbx8P6Kva91OxjHnfdvK8+vXQlwt0plpmvhe3cPj4P6L3MPbvnb80Extk5AI9xldCnyE4G2vWzXZ4TQdZ9R2R4ppakTMZt5xuQtrZevbXcw2OrHgS9/RaO8dEdP3bUZ6QRyH8UYwsFf/hZcKDVUWuQzs5DfxLtabyMZcSZ0KtVGX5G/gnpKoA0lUyTO+NSU1NT1DDFVQNkadiCMrxaG63rpyYNqaaqp9J+pwOFuOn/iLBWgQ13hbDZzeV2KNVGf4sclGzmJE6o+FNouxdU23/dZ+QW7ZKw8rOr+h5S2eJ9VTjbPOy9up6+nrIxJTvDgew7IdTTU9WwxVMbJGnYhzcrfHUY7KfWDy60dd2m6YiqP5MvBDtt1eOhhqG+JC5rge4KZ1H8KbZcNVRbT4E3O2yxFTB1Z0dNpkZJNC3vzstdepj6EOBsXwvhODuCqe9dL228sPiwsZJ2e0YOUrV1pbrkBDV/ypeN1dsLJWh8Tw9p9CttOqnW/tM2o08NRDZNcHkl86QudsOpsYmjHBaN1nn0viYBOD3XutRCHjS4exysld+i6OpLpqT+VIcnld3S+SysWHivJ/TiabqPMH0xgOWhdjqnZDSOFdXC1VVA8sqoTp4DsbKqmpSSXNAI9l2qdVGX4s+b+R8POt7ZokRASjPquvp2ZBLN1A1TxHLHYwiMryMCZwJWuNx5PXeKxzEiXmxUNxYWzQt+4C89vnQ9XbXGptz3ObzgHhep+I2Xjj1QqinDm7HCcnvOBZXOl4R5DauoK2kf4T5cOacEFb6zdR/NNa2ZzXfdRL/0XSXEGQRCKTs+MYP5rBzxXXp+qMTi8sadj7JrbiZ/gV3vk9jBp525BBPZBMYb22WJ6c6pjlkETn6XjsTythFXQzNyDgn1RKeTDKmcZOMkP8UxnGEVsmobFRHv1uOEmyFpCt8iWsEuRocFjusOkae508k8EYEjQScLWtnBG648ahseUmytSHae+WnluifOdVTTUc7oZBjScLjHAncr0/rbo+Ooa6to4hr5c0Lyyqp5aaQxyggtXOtpeT2njvIqxLBMa9uB5kXVtsVUiVwdjKkNnBaNyslleD0derjMl+KdSMJMjdQjIe6QlI4WdrBrjPJYtmBO+E/EbhwFXNlye6eJhjlUPysBpaRkv0qBVW+Vo2AIU1svrlE8XWMEYUBcYz7M7LTSDgITHPgyXNJC0M9OHYIxuFAkoy4HIUMtlLXMSALiGndjv1UllZBK3Z2CeyjVFGW5wFBDHQuyBugcmJ32QeGXBcHDIOyjO/q91GZWDZsjlIZKxwGCqxkjmprgh1TMvyBthRIjperKUDTlVsg0uSZICT2PJbUsxAAVnA/BBCztNPhwBVxA/LQcrJN5O9otSrIrHZfU1QdgSN1MDi1+sd1SU0uHNCuInBzAVlnE9HpbvtNHaK90hERHZXAcchY6jrH0soe38wtZTTipiDx3ST0el1G6OGTI3nAXaSQR1L2EeV+yjsOCjDGxwhbwb4y3oq54XU9dJGNmOy4LlNN4UwcTsdlJuHmna72wq2o2IIPCoXnay8m88JA3yFWxExPwexUykk10zdR7KJVs0vBG26sk5buQ1SRLBqI3BVNNH5wM8K2jkBjLSFW1ez+EQux55LSgmzEGn0UW57RZ09/VCt82JmtJUy4sD4CQO6YhNv3QZWU7i/AIWb6kia0vdoOQchaKMhrx91XX6n1skcBnK3VnD8hX8lDiY6nfhw35KtYXcYOVSjLX891Z0jwCN+y9BpJbo4PlHlKWnuJ7vMzGFHhOicFSmnI4UB5Lalx7LejjR5Ldzg5uQorfqRIDqjxlR5CRIW+iJrIprkmAjHKBKBldbnSPMU2XdDLouOYvJTT5FV7KwaR4Q3HChVwIc0j8ynQy+UDKzt8nUpn9qYyqzwhwEh3KfOc7ocJw7JVDW95Nd/dn7Kpn+s/dWriDGceiqqj6yqZUlkC5JqTlxhzlV6B9hMBQ5ttQU0cqFUj+a70S7RsOyJMgDko8oQByVis7NcAzPqUynJ22UOP6lYQBoATICLew4+lMJPCJ2QzytDM7GDlOHJTRynJEwTrQSQAtXb4vDpG47rN0Tdc7W4WniyxgbjhZdS8x2nX0EcS3FpbInSVLdP4d1fynDR7KpsrHB/iEbOCn1coBDQuRYsywep06205Y12CRuEGpl8MZG6aSSc5UavfiMMzz3WrS1tySZi12oVNLky26ThL5JqjsHFaLPiPy3ZQbHTsp7S1zG4LxuVPpI8k5/Vew08FCCifH9VdKy+U37LnpykM9zh2yAQSvTrnlsMcAG7wMBYzoWiMte6XTswZW1qC2e5QNbv4WM/daLP0cDVvNhMpY/CgYwjBA3UhgxuQm/iRWY5wlMyL9kW7XCG22ueplONI29ys90Fb3tgqLnUA+LWyeI4nvzj/NN65qfnpqXp6Ekvme2RwH9OVpaGlbR0sdOwYDGgKDM5r/yT+RtshVcjoaWSRp82MD7ogBUR7hWXGKlB/lxnLvcohLlkn2GjNNSeJJ/eS+YlWa4GhoDWjYbBLIUKGlEpm4JJCY0ZKlRgAcKAt4GJiemKRlkoSaTkYyuuOAVE1OB1A7+qkpYLXZWdWdQU3TdkqbpVuBZC0nGcEkdl4R0HQzXW41fVFwBdPVvJ1HsD6K4+Od/feL7R9D2mZxc5wkqtJyCT/8AMKuLZR0tmtTBNiOOJo1uS3LB16YuirPuX/oYr4ydTMs9ndbaeYa6huducL5zJLnFzjkuOSfdav4i9RSdQdQzSiQmGIljRnZZQ7FZpyye68RpVpNOotfc+WFZ3TsgclNj7pPaXOGEB0x8TclGmIYA0BKEaGlx7IMr9ZyqbFSlgbkucpELcDJCFG0kgYUrGluMKwQThg4C4k4gu2SUCEuJ6R4QYLwBI7pgJDuUVwJyhHYpQLJUTtwpgbqYq2M4KsaSQYGUUpYH1kapgzvp/dV8jA1aKWFj24A5VHWQkSEDhBKWRjWCul3Oy41EcPUrmn3WaxZLGpJJKghqSSSgYkkklCCTX/SU5Nf9JUIBPKSR5SUIJJJJQg5JJJCQGOU47JyHq9kLWS+xySSSooSSSShBJIKSrJBJJJISD0kkkYYxPSTFXRB6SSSsgl3T7pNTlaRBiS65cVEEnAkN2TV0/Qrj2QuYfNQ5zwhuILcZXaL/ALGQfRB7crRHouUuEMPK4unlcVC2xJHhJJQrIBzRqOyYpCCgLEkkkoQSSSShBJJJKECsODn3Xolpfrp4Sf6QvO2cr0CxkGmZj+kIDpeLf+oWuckKRjICjDlSRwrPSoIOUcEY5QEgd9yhTwEmGyUWBx1DdAHCLGQNyrGE4EYSyPVC1e67k+qiYYQoBJJ3RCQox5P3Tooghyunc/ZcHKcDh2U19C7ODzXrM5u5z/SqFXPWMoffpgOGjCpktngtRn5ZZ/YkkklQgSSSShAjU8BxIY0ZJ4TWbZWm6OsklfWCqfGDGw4yUyuG5ib7o0wcpGx6TsjbVamOeMyz+dx9jwFctbk8o2gNAY3YNGAk0ehXVoqweSut+WbkPiHlRWj1SjbnARo4yTwtaWDLN4E2MvOw5UiOPTuUSJrWj7Lhy4jG2FYhvJxrcHKJjbCQCejAbGAk90RN0+6cjCEuZC7jYoWoN3JUIESyFHfKcgAKVSUNVK4ZbhSXBt02hu1cttSHNLpDhrcqbS0U8hy6PYqXQWmUYLmE4V1DAYgAUp2HuPF/R7lieoWStjtkQwXM3UyOkhA2YAj+FuEVrRjhBKw+haHw9GljiMEiOIA0jDcJ/ghuEUt90GeQM5IH5pUp5OmqoVLJyRoa3JIWevHUEdCCWPzjjHdReoOoCR8tTZ1dyCsyaepqT4k5dv6lBkxanWOScKyLdbvXXSTxC8sGeMqpkGnJPPf3VxM2OBpGkcKirpAcgJkezzuuvjVDdPsr6yqOSAqySQuOcKZNE57/AFXI6EnnZaorg8hfbO2TbIQaSiMpzJjAVpDbmu3LVYQ0kUQBa0I0Z/ilJ5ZTQWxzjgsO/urKmsgBBLPzU5pazGIwitc54G2AmIKNaXY2GipqdvmaER1REG6YxnCC4knJJXQAFBsV6GPlc47JmHE4OykRtHdELATsExQC2ewDYS8bhPEEcWC0IrGEbIvhnAOOVOgXj2R3MAwAFxrHDvsilzW8lAkqXNwGtRKKYMnFIf4bR9RwUCV4bjByhSzvdug4e84JUM0pro6+ffAQXOkPZFZTHk7o7IdI+nhMFuDZFGt22EZkB59UXVC0ebZCdVPBxGMKuEA4qHLCeAAPMMAppNLCdRkBPoFGeayYbHIKH8tMMlzf3RRSYLm16JTq6IZDEB9dO/IBwgaQOdl0DvlEBKUvYnT1DuXJnmJ9SjANGxT9cQxpjG3uqygXyB8GWT6Antp8nDtkX/eSB4LMApjaSrkP8wgIQZLA/wAGEDykBISMaBgApwpMY1u/dd02+LGp/wB1TaQOAfi77MCcJnj8Gyeaq1NGC85Cjm5Urfpzge6X8hMMMXF5GxTix2BgKH/GYW5ETSDhMF0qDwOfdB8i9lYfonCCc/h2RBETtkKqN1qcYCH83Unl539lPkJhl34Od9v1SEPuFSCeoP8AxV0zVA/4qF24BVRdeD7hLSP/AJSqXx6j/vSufN1A/Gq+YnxF7pb/AFJaM8HKoW1tRn+8KOysqMA6/wBlfyE2MszGCclLQAoArJsbvH6Jwqps7u/ZMVqJsZJOQeFwNx3TfmRjcJeO1E5prgPDPTFx/wBJQIq6OU4dJlSSBgFfmQ/YqkC82r2RAThcyOUgSeAgGnQcHIR9RQE8uBGEAbaJDX5RC4AZUNhOc5OyLk+qprJM4ESewXWSvYR/mu5aukNI9FQ3OCQyqZsHnBUqJzXDU05VPK0jgZTY6mdrvKeFMZD+Qunxg8BCNIc5aN1HpbgCAJipsdWxwB7FU1gOMskV4qIjnBAXQ8PGJWgj3Cnv0yAAjdQ5aRwILe6CdakOiwUDZKSX5igqH08g7sdhbGyfEy40OiC7M+YjG2sfUse4GMjbKTy14BxhZp0YHRsz2e42bqW0XpgdTVLQ8/gccFXIBAzg49V85tNRDIJaWZ8Tm92nC2Fi+Jt7tbm092aKqAbB2N1lnRgNWHren3SDc91VWPqi03+PVRTAPAy5juQrbON8LP8AGxm4JowMrgl3xhcEnbCRaCgcSb+cEgeYDB3Kc18sP94CGqI0ubw4o0VdJGfO0PHoVW0tPISqit1yjMNVFHM08h4WQu3w4oJdU9llfTSncNLvKVsGCinOoAMceRwnmnkj3jdqb6FVuxyGeN19o6lsry2tpfEYPxw+b812i6inhwySQnTyHL2Pw2Sf3kYOOzgqS8dD9P3lrnPpxTzH8TBhGrN3BblgydH1LSyaWyt5VoxtHVjXBI3J7ZVDdPhreLcw1FtqG1DOze+FnRU3a1y6KiOWJzTg6gQokmTdg9EZT1EezJtvupUE72kNkjBI7rG0XWLo2ATs1q/t9+oK8ACTDu7SpKOCOW400F0kbjBwrOmrYpdg4Z7rMxSwuIERye+6kMceRsltBGrjfqOzc/mjANcMY4WdorpNT+Vx1tPr2VzS3GCcYJ0u7gqmC1kKWEe+UtIds8Aj33RRPEO+UtUbyAEtvkoorv0ZYLwCamjEb3cuj8pWXrvhlcaRni2G7OfpO0Mw7ffO69KMeBnCa5hRRslHoGSyeRS1nV1odputoL6dmxkjaUYX+1Vsempw3Oxa8bhessa7vvkd1R3Lo2w3VjhUUDWSnPnjGMrVC9Y5FmCq+mLDfKMRCKGRp4wBssPdfg3MyZzrXLsdwO4XqL/hvU0UhfZ7i9g7NcdlSVT+qrJUk1FM+aMfibwiVqbFyW5niV76SvNnkc2emeWt7gKkFQY3aHhzCO6+k6e8Wi7sNPdKVurvqbuo1w+H/RN8gMZpGsLtw5uAVakkC4M8h6b+I3UljIjprm8xN4YXHZeodP8Ax+piG01+twLiNpWP3P3GFnLv8B3/AF2C4ZcckRvGMfY91gL70R1ZYJXNrbVNpZ+MbhVwyKTj2fUVp616QvzWOo66MSP/AAOIByrp1IHbx5IIyF8WRV9RB/LeXRkbEcLX2P4m9WWVrY7deZgxvEbzlqtxRfytH03LSyR5Lm4CBq9l5f0//aDkLWw9R2t0unZ0kIyPvhb60/EvoO/NDIrpDBI7hknlclYQfylg2lZKTkKLU2qI7xndXkVK2aPxqWVk0RGQWHKD8s5ysv5TMTWqZn0hV89LIwfzG7LbOhewEvbsocsUM2z2hTJatyYaa3U0x/mQj9FS3DpSlleZoomk+mF6S+20z99ACr6mz8mE7+imA9x5PXdITxjxackH0BUWml6ksj3uoqyWM7ZwTlenT26oDtJYdu6r57e0OJkhBP2S8EU0zNW74rdSWx4FdTtqg3jctI/RaOg+O9tcR/ErXVNxzoAdhV81mgkeXiNm/YhVVT0pTySFwjxn04UwHuPUrf8AFDoSvDXC4tj1c+MzSWnHGFc07Ojb24SU9wpJnvGdMTwV4LV9IMazXHGCQqs2GqZnQ1zT7OUwgcv0fSruh4dLpqCplBO4GvhBZYOsqUjwJo54fR43/VfPdJ1F11Ysfw291sYhHlHjHCu6L43/ABLoyDVVlPP/APTodX+qAGVjXZ7l8ncoW6rhQ6RwXMGR+af8lGW/SAT7LySm/tHdUxN0XCy26rYezWuYf8yrSk/tF2Rx/wDeXTdVTyjktc2QH9cf6ocE+XJvn0DX5GkEIZtDD/R+YWfofjv0BXPEVTLWUpP9dMCD/wCVaW29efD656W0vUVES7nXJp/zVOOAPlIsnT9PJs6OP/yqBVdCWyqGJKaP76Vu4G22oP8Aus8ExxnDJA7ZJ9CSfLgBVtyT5Tyqv+FFvmOYIWb9wFUyfCqtoSZLdcJaeQ92jP8Amvam0Tm8Fq58oe+D+SFxKdiPG4H/ABfsBDbb1G+VjOGSjW0/qrqg+LXxUtbm/wAZ6dp6+MfU6MlufyAXoU1BCXEuZg+yivt0A2xn8kpxQD2y7Kmj/tBWMyCK9Wattvq58YLR+eQtTafih0Dem5p+oaMP9JHBqoqiz0k7dLoWHPYtVHW9B2CscTPb25PJaMIHCL6KdcfR64IrfcYBJH4Usb92vZg/uhtstKz6A4fZeJu+GcVOc2a9XGgI3aYpSMKfH/7VLM/xqHqv+JOxjw6qEAAe2Co6lgTOv9HtFPS17R4cVc7T2Dt8KVHWV8B8KeIPxw4Lx+h+KnxItTW/xro5lXH3lpZNP/VaCi+P3TIkbDerXcaB/cvg1D9khw5Mc6ZrnB6THdBnE8LmD17KRHWU8rtLZBlZ6zfEDovqPENBeqN7yM+E94a/9Cr75SlmaDGAM8Oaq2szyi4+iU17X50kHCcopt5YA6GZ4cPflNMVcD/eD9UPQsmJKLmrYBrZqHqu/MgY1txlQm1ElJRhVw55KM2UOGRwVAWsD0lzIXcqZFj0kxJTJB6S5kLqgOBySakoUOSTUlCN4HJwcQMIaSgoNkpAnK4koAFB23KWR6oWSlk+qhAqehJ2QoQekmZCWQoQekmZCShB6SSSgIkkklCCSSSUIdyUzBTxynDThQgxMRchNUKyJJJJQESSSShB6SSSMgxd1ey4koAPSTdXslq9lAcDklwHPZdUIJLJSSUILJSyUklCCyUkklCCyUslJJQgslLJSSUIJLJXMhdUILJSyUkkXZWUgg7qqv1Zf6eIOsVujq5O7XSaf9VaA4XRgd1UuCzDOvnxO3LelohgceMT/qg/7S/FEbDpGmP/ANsOf816FkJpbxuhWWFuR51J1V8VWbjobX/yTtUd3XHxOid/P6Alx7VDf9F6c1LT7opJom9Hmn/tC66a3zfDquJHcVA//hXW/E/qpkYMnw2up9SHZ/yavSdLTzj9Fzw4zyB+iDLL3I84/wDave2n+Z8Ob2PXDc/6Io+MIaMVHQ/UUZ7n5YED916H4LP6R+i6GgbBTLBk0zAM+M1jb/2uyXqD/mo3H/JSI/jX0U4/zHVkJ/8AotDIP3wtvp911rATh2CPcK8tgNL2ZGL4u9Bzb/xuOP8A+mMc3/RTqf4j9DVGNHU9Dk9vE3WiNLSyNOqlhP3YCoM3T9kqP7+zW+TP9dOCi2cA/wCn+gVP1T05V5+WvNM/7PU6O5W6QhorIiTuAHDKrJeh+kXkOl6btjj/APswCLF0f0tC3ENmhh74iy0IAZRT5RZtqIX/AEytOeMHKfkHuoUNnt1Of5DJG+2oqQxukgAnARC3/cPnO2F0bJN4XVBMm2OT0JORkHpYCYkiDHpHcYKSShMgTBGc+Ub+yA62QSHI2U1JDKW0mWQJLbnHhTFmn90E0tezeOXWrVJo9Cg3BFSJLnEcOi2+6J87pA8VmFZOaO4QjDG7lgRplbyMyugdtnH3Tz4b98ZBTX2+B/bH2QTZ3MGqCrlafQlHlEfIf5anfxFgrvy5ZgA4UPw7nTHy5eEmXKpYcVFLNj107Kw0iZrqY+PMO6eycYxJsVHZc4T+Eg+6K6eN4B2H2VFYyEaRqyDspAAwo4j2SIkbu12AFYGA6YhCV3cZRBMCOFWCjq45gc3HC6kqC3MiuomvOotChVNoaXF7WAfZW645odseFeS1LHZRtlqqI41ucz0O+FKguWtw8Qbe6nmlpzyOVGloGjeIYKvJG1IlA0s7NJa3dBloYwPIVDMdZTkOAy0dlIhrmkta7IPuoimsAXUxadgo00DZRpkbhXQMZHHKZ8pE/wCobq9zImzOTWiCVpcMg9lUVFFW07iWAaVtJKQMOGjlRX07sljmpyswPhLBjvEDP7zykJzZdQwBkLQ1Ftp5xpMYz9lXyWKSIF9O/Vj8JToXMbGzcZ28WO13WMx1lNG4HkkLzu/fCKFuqosMzoJDuBnZetmCPVpqYHbeiFJRNIIp5cj+ly26fWTrf2sfG+cemfPT5Ouui59VfTPkgb+JgWq6f+JlouOiGsf4E3B1HG69MmpZNR8SMn77rH9RfDTp2+F8xoY45ng6i0Y1H1OF2tP5P1YbK9Ul2W8FXDUM8SCRr2n0OUGphpq6Mw1NOyRp23C8yn6T636LmMtgqJaqlaf7l7s6R6BW9l+JlFI8UfUML6GoGxLm4BK7FWuh/SzQr4yA9RfC+jqS+qth8KTnA2WPZJ1F0tO5lRFI+JpxnnZe2008dVG2aFwdG8Za4HIIQK600VwjMdRA12e+F0a9U1+ReUzz61dR0V4b4ZLWTY44ypjot8gKH1F8N3QvNXanljxuNJwqGj6iuFukNFc2EuYcHUF0a9VDsz2Vb0X1XR01TGY54WvaRwRlYu79HsBdLbnFrudJOy3UNTDVxNmicCHD9EN8TRuWrqUaxwfBxdb4urULE1yePz001PIWVUOgjue6iy08R3AAK9Wulno69uJYW59QFhbz0rVUjjJSEvbzpXe02uhLtngfJfT065OUEZ/eLAaPyS8V/Dgm+M6F/h1MRYW7bormxzt/lObuuvTdnlHgvI+KSm8IHI7U0jKp663QVkb45owdXB9FaPiliPmBwgubqW6E1M8rrfH2UvdE86vHR0lK/wCYoSQeRpKFauoqylk+Wq3Z07eblehTRZ91m7v0xBXOM0QDX/oo445Ryt0nxMt6G4RVMbXBwJKl6g4ZCwEYuPT84dLqdCTg5WjoL7BUAaZR9iUSb9iZ1e4l1rIKKJtgNlDE+eyc1xIyiEyg12S5AydhY5uxXnnXPRzpWGuomDU3LnADkLetkA90pRHMwxvGWuGCEqyG4ZRdLTz3RPnOVpYSC3cdkxkhad9/zXo3WvRRjY6tt0Qw3LnNHJXnJiIcQ5pBXPtqzwew0OtV0d0ex7KrfBCM2UOx7qGYyDglMGR32WKyv9HWr1bi/uLPxGngpvijsVBEjuOU0SlKwzWtfBlkJcIjZ9PGFXNm7bp/zA91MDo6uL6LFtRvuMogcxw7D81WCducbovzA23KoYtTFhJ4Q7gdlWVFIQM4VmJht5cpSuZIBtjCrCLsasRnJ6dzTxwmR1D2nBGyuKmBruG9lWT0xbwEJilDY+AjZQ4chRahgdx/mmA6dspD1ylSawLlLIwZa8OBVtSTeIAO4VU92Eehl8KQFxyFllHJq0d3xTwX8LyC1W0EpAG6pYZQ/cBTqeXgFZbI/o9Zpp4LQPJIIWls1XqgxnhZmD6RndTLfVGnn3PlJwsx29Lc4yNYZdI1BSIn62Bw5UGKQPZ5dwUSCQtkDTwUqSyehrswFrG5j1Y3BVXWbNBVvM7VG5uFU1DcAgngqiXPjKH22pOHROP2U2ojEsZ9RuFSxO8GYP7BWzXa4sg5yEyCF1z3R2goHfzAw8EKNXN9PVFccScrtSA5gxucIinL7drINM4xzNd6K2lJmhwRyqSR+hx2V1SSNlpm/ZWuxa54KVznRzFhXK9vi0zsjchPrcMqXFdDmyMx7LdSc3UfdmB5/VgxyYxjdHoXkkFEvsHgz7DklQ6d+lwGV2dHJxZ8y8xVsbRexvGntuo1S3fOcZ7p1NktByu1rP5BK6ucnlFwSKGQGMtJCbL9YOFGonYO5UqcbDCMprk52C4N9sprO/2TAcEZKWyKOSPcI8wlw5CgUsurAOytKwaqdwVPC3Q4k7YSZ8Pk1VvEcEuckgdzhAj+oo53buoryA7dRrA7cTNRLCCVAnOSpTD5Ruo048uUL6BU2yKSDsF1o3C6ecpuoHulOTb4HRjkkgjSd1CqByUbJ9UGo4VWdBwIkgyD9lFH1D7lSn8H7KKPqH3Kxz7NcQ7OVOpzwoLOVMh4CZARZ2TgfLyo7juuknHKSdKRmbycAwupJZxultlE+zx6qoZC0ukDfCo7JES8S4wArtkmt4aByVzb5bpHf0McVpmhtgDKcEDslOcyEkolOPCpG5HbdRnu1nKyRWZ5PQz+yuKR1QiXVVxijDHOYXgHAUl0gYPuj9MME9we8t+knC6mihunweW+odVCuhwfs1kwbT08UUTQBjhSIIiyIYG7lHdmV7WNGd9ldU9OHOhpSPN3XpKuGfMLJ7eTb9B2+WnoZKuU4aQru3sDqmSQjY7gpUsbKKzNYwYHhj9UW3t/kB2NymT9HFulunkmafdODmtBLjgDlNaq7qOubQWaomBDZNOGknhLF/4KWxx/xzqqou+fEipQYWHHYLbDlUfSNrFstMbSzD5Rrcfcq7VBrg7LIGMyMBdtVII2mdzfM85H2UOcOrK2GjjPlaQ9/wD0V8GtaA1owAMIxLH9kMk5ROyY0EOJQp5KDRNB5T9WdkIHISO/BR5AHndcSXHcJZBsmMcqg6nvMFntU9bPUNiZE0ucXHsFbTyEEALw/wCO/VEjooOm6FwMtYQ5zfVueEE5bTRpafntUDPdBwTdSX2u6wr4yZKqUlhcc4b2RPjN1i2xWV9upng1Ew3AdjAPB/YrUdPW5lisbGMbjDQSvnX4idRP6i6innc/Uxji1v8A8v5JEp5PTaHTPWatSa+yPr/HSMuDr853J3XUkkB7F5XJ0d06LLzwmtRoo9Lcu2yoXJtD5nAR6B3UddkJJ5SaMlQENEzcHGyLNgMXYm4bugyuycZVdE9gsnUjtI0jcKMugnKnROwqKN0EcIp7KxiHCMFpOeyjujwVLjZgcp7o25BSmxnx5K52Wb42KlUUuTkJ80DXxFoGCosQ8J2CgL2uDLqN+puFX10OcuwpVJMMYKLNEHt557qM0KG9GZqIyHZAQFZVkWmQtIUBwIyEuSAktrwCTk08pyWWJJJJQMakkkgIJBRkFQg1JJJQgkkklCCSTElCCSSSUIJJJJCGPSQUkvIAZJBSUyQSSSSEg9MT0xEwx6SSSsgkkklCCXdXsuJKEEkkkoQS72XF0cFWuyFrSnNF+SADlHpf+xfkgNBWqDyLsfR1JLGElBUhiSSSplp5GpJJJbGISCjIKosSSSShAySSShBLd9Okmlbn0Cwi3XTn/ZmfYIDo+L/3S5HKMz6QgAjKOz6QrPSo6ug4OVxJQaSGuTxyhtREKCDtcdI3TicoGQigJiQYTJ7lcPCWQmuc0hGC3gEeV1pw4H03Sd9RTHkBjs+iMx6qz7DyzqKQy3yqcf6lBUi5kyV88v8AU8qOoeP1ElKbwJJJJAZRJJJYzt6q4rcydckmlgfVTsp4hqc9wGy9d6etotlujhAw4jJ+6oOhenIaamFwqI8yP3BPYLZNGdhsF09PRt5POeS1kbX8cfQQAHhEEeeyTY+MBSoITscLowjhHFcsCggOxI2UhjABxunNZpGAuPa48HCMRKW4W/ZPjHqlGPVPxhXGOQRLqS4SByiLOruAOSuBw3Q365dgMKBwg5vCE+TTsN8prKeWY4aDupdLa5J3AkcrQUVoDAPKN0uc9p67w/0zbqZqV3RU2yxTveZHtzgbLQUVtkhwH7KdT0ukDsj6SEqVrZ9M0PhKNLHEIg2Q+GPukW5TnOJ24SSXM7ddGwHhpXCRjkbLriAN1Fe8b5KXKWTYlhHKqtjixrOFk7nU1U9Q9vinT7K2rpmTPLW742yfVV5a0kk4yoZ7471gqjRAnLx78oNfMyni83fYAI1wuUFM0uHbYD1WWr6587y5zicp0YbjhazUV6aLUAdwrnEnAVS9znnJUh/nOSuFoI2CfGODyOqnK97pAGw5OSEeOEDgJMadQ2UyODIzhORgdOWBa3tjCOGYAPqiCnzjAwithOeE2MS9r6AhhLtwitZgDZGbEOMIog4OEZNmSEYifdPFNnk4Up74IPrwO6gVNzgj2Ycn7qC5bYdh/l9P5pxMUYy937qtfW1Mv0cdlxkdZM4eJwjF/KpPCJr6qJudwPRRzVTu2zsjRUrAMyDJSdGxo2aFb6Bkt3JGL5DyU7SHbFIhvomh7RsqEzQ50I2OExz4IR5zhR5amQO0xnb1QGxzTSEvPuVYptrokGrOcQHKYHVUpw/YI0NN6AIwAjILgjJtyC8AvG4XJGNp8FxSmrjqMcPbuo/h1NQ7LjyoBLK6OvrdA0xd1G8SqqDgEkKbDRxn+8HClNbCGgYDcegUAVcn+RWClqXEeVSGURx5keaoZCNjn0UKevnfgNwFTD2Qj+RK+UiAzJ291xzqCHBG5+6ryayfg5CLFbp3nzNOEttlSw/xQc3VjMtp28qOa6pm+k4Cmx2qFrdUgx+SfroqfGkjIVOSissVsZWSMr5RgEnKaLVVO3cM57KbPeaGAENI/VVlV1Mxrf5JP25SJ3xXZcamya2xAt1FwB77ojLLE3+8kbhZ6TqKqkO235qLNd6t3/EKRK9FrTzfo1vyNri5eCUJwt7DtIsi641LuZSUP5yQnJQ/yEMVBsg+hI7YXQ+2k7OGfsse2qlOwJH5o0c87zgOOUSvTJ8C9mtD6AAeYH8kRsNvk4lAP2WZijq3AnIxjuVKiZVMbrMsWMca91TuSJ8JeC0Usp8tQASmTdN7Airi391B+VubW6mN1f8AKUB9ympzpqoZG47uCH5AHXOPSJ7+nZ2AvjmZIR2BQxaK3/u+FHp77BI/T4xb75VtBUue3/d61uR6u5RKyLF7Je0VMkFRC/D2O29k3xdO2FfG4PhGKilDz/VjlAMtpqXkmAtceccI089FbcFT4pcNkjK8KwfZ6eXLqar0u7Ncok9tuNPlz49TP6m7o1NorB6hVWjh1MMEKPE+siOmZpwFeuy0pk8TJ2AOaF+cpR2n7BlH9FbHUsI257o0M2o4wg1FrcCXQHlQnNrIHAPOQqawU20XIIcMhCBdqxhQ6O5wF4je7c91P8Rp4bse6UWp5HjhJLlJQadyUg4hcXRygCCZB2ITTGMZwnDhdHKEaQ5YSHZxsnMnkixjspj2tcBsgPp9QyAoGSaa4cCR3Ks4pmTgbBZt8MkRyW7LkVylidpDsYUDUsGlkpgRkBQn0pbkoEF2LgAZ+eymxVUTwNQyqDU8kNzzG7Dk81EUjQGlT5KSCUZ0bqvntssZ1QjSlyrUhqfIyJ9TTSielnfE9u4c04IWwsfxTuVu0QXWM1EQ21geZYouqI/745ATXVNPNswjKU9OOUuD3yy9W2K/Rh1FWMEhGTG86Xj8leN4yvmlsOl7Zo3OY9py1zTgg/ktXYviT1FZnNirXfO0o2w7d4CzT0/tFntiaW/4sLN2X4gWG8saGyuglPLZRpWhEjZmB8Txg8Hsss6mgxzoi5cjmraN2Q4vYE5viY3OV1sms44WdwYZIZdY5Mam4PoVIa5rwHt7qufTseM6cE90JvzFK7LZDj0JyFRZbEHbBxjsgVVpt1yhMdfSslcfxYQork0kNkGCVMika8bFXnBTMTePhnFLqltj9P8AgKyNd0zdLU86o3tI7gL2psoaRhP8CmqxidgP3U+TkreeFU9wr6OTWJnA9wSr+j6tcWBtQ057kLc3joK31oc6GPST6BZi5/D6Wni1U+XOHYq28jCTS36knADXHV6FWMNaMZbuvP5rdXULyDHIwjuMobLvXUMgeJXH1BKrsM9aorzCwBs7Scq4ppaWRoNNIATvuV5DB1jvmoYMK7ob7TytEtPV6PYlC1gh6SJKhpGWax7InzMIxqBafQhZGg6jqIy0Pfrb2IV3DcxOf5jWke6DABbfM05AAPKe3w8ZBCgipoNg4Bp7I38sgGKTUCqFhwGjYOAXJqGGoZolY17T6oRBJHKPE46cHsrTwTgz9z6BtdYHPiHhvPGAs1WdC3GhYZKSVzgOwJXpXiaTjHKc1wkGCNkxWtFSeDymCpu1vd4UzXO0jvz+qnRXx78NqmccOIzhegS2a3VDi+aEOOPRUFz6JY/VJQS4J/C5F8uRe9GOuXR/RXU2DXUcLnnclnlLj6rFXv4DU5kdL09XeG5+4Ej/AE7Y7r0SqsNZROLZIHAj0GyHBWVVMdBy9o/C7smb8rkvCmeF3b4e9VWQOfVUbZWM5dFufuQqQ62eWRhBGxyML6hgu8GkFzMn0KjVtg6Vv5c+voYzK7bVgKZRco7T54tXUfU9lk8SyXSrh9AyUgBbW0fHvrC2OZFe4RVU42Odz9/ZX92+CtK6R01gvTmvOSIZhlv2BWOu3w96wtrCaixOnZnGthyMevCtNFKLPT7P8cOk7qzTWtfRux/xOMrYUF4sV9jbJba+kqRjP8ojIXy5JZoBIWT64JB+B4xv7Jwt9XQnxaSdzXctc0omsFM+qxTa86QcKK6nAOV4RZ/iD1xaSwC4mojaMaZtzj0ytjbvjWctjv8AZABjeancc/mChKzlYPQaiIY2bsq6SgaXl4aDnsVFtPxD6PvrhFTXJkMh3DKghjj+S0TWRvaHsLXNPDmnIKhbbiUD7LC92otaCfRQ5bE8OJZwtcIGnhoTJYBjAACmSvlaMVNaZGtOWZVZJa2F5zHv9l6GaTuByo5ooterwmgn2UyUrMnn8tnjeMGPH5KFN0tHL2A/8K9KltcUzcOa0fZRpLI1rcsw4+iXlBdnlNT0m4SYEIOOCFX1PTx1FroOO+F68aBoODCdkCe2wuA1RY+4QkPG5em2/wDc/soEvS4Dstbg/Ze0T2SndwG/oq+Xpok5bEP0UX9yYPHnUN8pHllHWTRD/A8hWlB8QvipYMMpOqKwxDhj3ly3dR0u7xNmKFU9MOwMxA/kj4wTDI9r/tGfEqgLW3GOjro27lsse/6rTW/+1NC7U+99EloHM1JUAEfcOWOqelXPyTG0bdwqiq6ROR5W/oltIGUG+j3G2/2i/hrcGNZUNrabV/XDq/yWooviN8OrjEH0fU1v1n/hzTCN37r5Yn6VcP8Ahj8gqup6dfEchn6IdqK2s+2Y3WqvHh01VDI7HDHgkLptbAM5C+IoIblQEvo6qogkG4dHKWq4ofid8TLNKDT9X1ojbwx5D8fqhlVu6L5R9gOoY2+6D8qCcasL5ttn9pX4g0Gn+ItobgB9XiQBpP6LU2z+1bAwuku3Ro3xmSCcbfk5BKiaFObPaHUb2jIGQVAqbXTVG1TTtcPcLJW7+0t8NLhp+dfWURfxqg1D9itZbPiR8M72Q2j6qoXPdw2R4Yf3KXKplqeeyqruiunKveWgjyB2Crm9Gz2/JsN7r6A5yNMhOP3XolPDabhn5KrhmLRkhjs4TzZs/SQ1D8bK2xfZkrfffiVZABH1ALgANhUx8/oran+KvVlFIHXjp6Odp5fE8Z/QKdLa5g4tDBj1CBNbZg3GkbqsR9oqVdUv6Swo/jd07LK2C42+vonns+PIV/SfELoivfogv1M1/pLlh/LKwclskLsOYCPsotT05STjzUzR7gYVShF/ihEtHXLo9ep6+2V+fkqiGbSMnQQcBFMTHbtJHsF4l/szDG7XBU1MThwWSYUiJ3VFGM0F/q8jhsjyQluv0Kek/TPZ/AI3yT7LoZgbnC8lp+qOvKHGauGYf4xlWdP8SeoIsCqtsch7lgQOGBL0lnpHpeFwjIwsJT/FHzAVttkaD6BWkXxIsL8CTxYyfUIdouWnsj6NO057oioIOtOnajGivaD6Eqwivdrmx4Vwpzn1eossTslnDRMSTG1FK4eWrhP2cnBzT9LgfsrwytrOpJJb+imAJRbHpJmD6JKhexhcj1SyPVC1e6Wof1fuoTYx6SYkoTYwq7kpi5keqhNjCZKWSh+IBymfMx+qmSbGSATlSARjlQPmYxyU4VMHeRTJagyWko3zsHd6XztP/X+6hPjJmR6pZHqoHz0H9aXz0H9asnxExJRvn4P+8C4bhABnxAqB+ElpZKgm6QD8QXP4tT/1BQF1E8uITdXsof8AFqf1S/i1D/3igp1y9FgkoP8AGKPs9I3el9VAvikuyZgpYKgm90g23S/jdH7qF/EywSUD+O0nql/HaT1/dQp0yfRPSVb/ABykS/jlL2KhPgs/Ra4KWD6KnN7GdnjC4b3kf3gUK+Cf6LfT7rufUKjN3yf75L+Lf/RkZToZeEZXNPuqT+LHtMhuvEvGpQnxMv8AA/qCW39QWe/iEx3Ei6a+YbmVQnxM0GB/UEtPus5/FXA7zJ/8bAGHSDHuoU62i8yPVLI9VStvVOTucn7o7LtTnbJ/VXgrZgs0lDbcadwzqXfnYTt4rP1UwTYShz9QRWsyMkKB4md2nPuCniacbCRUA0TdBTtJUIOqTv4g/RE1z95FeMC/jZI3CWShgH8RyupcnkvAQE5TwdtyhpI4ywQLkeqWR6qLqd6paneqL5CsEjJXQTlDSHKrJYccLqGCMJZCmAcBEkklEDJZQQDC6h5B5SyBwjwIw8nV3PZMSQhjkkkkJDoOF3V7JqSgnAXIT1HRGq08kCJJJJhBJJJZCrKII8JJHhJKmQekkkqUgxJJJIgBJJJK8kEuOAcMOGQupIgmBfQUz9zHuoc1H4R/lMyDzurTITHNyNimFxntKoOlhGDM4DsCpENTK4YOCPVGfAHknCQja08cKdlzmvRwb74XV0gDhcViwqSSSAgkkklCA9bvVJq4kjIIt2O/7qKYxqJUsxlM0YPKrKCSGMLh+SOx+c7LmARsxOVNoJjiQeU10bX/AFBDa455KK1wIx3UxgF8Eeekj2DBgqHNFK0ZxqAVu7B2JQwwBNJvcWUb2M1YmGD9soMlup3HU0AE+i0L6eN+G4CiT29oOYjuijPAcbGykdapXHYAhQZ7UA8l0WD7BaGSKth43CF89A0+HVAsPqRsmxu55Gb2ZSehjY45bkHsVmb90DYb8xwqaOMSH8YaAV6hLQ0dY3VHpyRnIVZNYpNR0ceq2U6p1vKGQucWeDV/QnVnSUhqena58tODnwXEkfopVn+IMMLxR9S00lJKDjWW+VexVNE+AaXjII7jIWcunSVpvmqOtpYiXbZ0DP3XUo8lLqRqjq37IkTaW5QNqLdVxTscMjScqivvS1Hc2OZNTMZJ/Xpwf1UO5fD3qbpeR1b0pcHlnPhEkj9EO2/EiWKX5Dqq2vglbsZQ3Yrq0a+PaZqr1EJcSMfc+nbt08TJG9zqfO2nsmUF5FQWxTO3G25XrcJtN6hzRVEUzHj6cg/ssn1H8OIH6qigHgynfy7BdnSeQzPbMZKCs5RSOayQDCiVNGNOQqydl4sE+isBMecBxCsqG6Q1flOnP7LvU6iGcxZkvo3GavXT1DWg+JGGu9QFh7l0/X2t5lpnF7M9l7NNRwTDYDJVLcrMSCWNzsuzpfIY4bPI+T8FXdFySPLY7vHtFVRYPG6LNSskZ41Pg+wVxdun4Hlx8LDh6BZ6alrra7VTkub/AEldqnVb+Uz55r/FOEWpIE9h4cCFEmaGkbKyhr6erbpmaGv4PbdCrKPLPFhcHBdWi5Ptnidb4r7XKBRV1JFWRGKVoIPf0WWuNimoczUpJHsto9vr2UbZ/lcNlrwpLg81NWUS2yM/a78NLYKvOobZWhY8Fu3fdUlzsMcpdLT4Dj24UCjudVRvFJVE4acAnlUA3GaNWXuByn+IfRRYZxLGHAgowOVBMlgLM1ssbmSN1AjBXnHVnSOkmrpD6kgBej62nIyo0sbZBpIzlIsr3Idp75aealE8EnjMTi3SQeCg6cL0DrDpaRpNZSxAhuS4AchYeWDAzjlc+dLbPVUaiN8MxZE0+6GjPhxkgIJjI7JMoKI9YHEj1QS4p/huTfB/wpW0bCe04HHPKK2Q7HKCQ4dkwaigwNVss5RObV4+oJ/zMZAAk3Vc8Z2BwuDZwwoPjqp9FrrEg2KizRBzd0xs2nARfGaQSQqcR/zKa+4q56dzHZQA7sVaTaX5GFWyQnOwSLIN8iW1ngYTlOY4tdkJuMJDZZ2vQaeHktaOoOMEK0p5sEHCz9JL4cgzwdlcQYIyDws1qPQaLUNx5L+lkEjccI+ghwwVV0kpaRyrVsgcwFYJrB6XT25gmX9oq9Y8JxGVPc8tcHAcLM26p8GXWVpWyMnhDgNygO9pbk44JkL/ABW4KgXCPEu3CJE/wzhcqjqHlG6htlPdHBUy8+isLbPqb4bjuFX1HmdkbLlJUeHKCDj1UMlctkuSzr2+FiVg+6aXB0QIPIUlwbPD65CiNGPJxhGx8/2itrQWu4U62VJMIB5CjV7PxeqFbZg2fBOyiM+/bZgNdWOHn9VGpnlwG/CnXXBhBCrI3aVtolkxal7bGil6kjzJqA2GVQQvIeNuFrrtGJI+MlY0u0ykY/FhdfTywz595+vEmy+ozkb7KRUAPh04UCjdkjCntOQuvF5R4qfDIkOY36e6mudrZuOFWl+iv3GysGvBCIGQxmzt1x3IXXcjCa7gKEGy+ZmD3VRL5Ziwdlc8BU1YCKhzuyVb+zRAOCCw79lDkJ1o7DkDB5QZOQhctyGKOAsJzjKbMMwOPdcj4CJPuMIWRFcCTueUxpOUVw32QRykKWDTDoODkZQqjhFHCFOCRgKpy3BR7IruSoKnO5KgrLZ2a6yRFyFOplBi5CnUyZAz2dh0kkkximJdxlcRqbHit2SLJZLitzwXFr8lPjCt7bH4lU0eiraUHQABhXVohPzAOFz7OeWeh0cGnGKL2UBtM5o7YwoLjgAqVM4YLcqBM7G4SILMjqXzw9v6AVM5zgDlarpiibT0Jlewa5d8rIPDpqhkTR9S31vhdBRxsdyGhd/QV7fuPmf1NqnOfxlhbYtU7nFucDZXtngdLc43AZ0jdVlrjaIy8jc5Wq6OpxNM6pLfp2Xaj0ePusTga6Yk0zYOA5oCmUwayEMxlQ3gSztaBs3lSm5HZWceT3PJKd2WY6k/943igtcX8yNjvFmAPIC0YeGgucNhuVm+lYTc7rcL4QQwymKMH+gen3KpywOivtya1ga1jQwYAGwSkkbEwvecABIuDeyhVb/HkZA0fWVTWAIyySrLTyyTvrHDDTwDyVdIdPEIYWsA4CIrBEnYHKAioCSjkemZyuBwPBREYo61MnkDW/dPHBVfVzBrg3KAhHrq+GkidNKcAL5ooJf9s/iHJcZSZIYsFvoDtwvTfjR1RJa7IaGDZ9UHR47kbZx/8vdY34bWdlutTquSPS+Y6hnkArNa88Hc0Feyp2rt8Bfit1N/s5YJKaB+mWceFHg7j1K+bS4vJe45J3K2fxQ6kkvt/layYup4DoYO2RyVjEpHr/EaWOnqz7lyweRnhdG6YnA9lZ2XHgMzlHkPkaAUOJuxJXHnCgvO4aRk5yjwNAcCUANJKmxMIYDjlElkknt4R2QBrRpPYqE4OPJ2UiY+YAFMI8uyVY8AkXSfRPZ9QTXkhxT84IJQKWSgo4Tm8po4Tm8pw2PZKjyWoqbD9ICIwZwEqw21xY3BIUOeEgg4VnG0YKa+IFpwgClXv6K+neWPAJwrWN2pjSCquogc14cBgBTKKYABrlZdTcZ7RtdRiTU/GCqGRmCR6Fa5zWvAyMrP3GldTzuc0eV26i+4u+vnKKohDLd1J0E74Qy0jsgsr/QhMGkljCSVgYJJMXNW+FRAxIxygHlLJ9VxQgkkklCCSSSUICSSSQEEkkkoQSSSSjLR1qGiNQ0mRGGSSSVlAUZBRlSIBSSSQhj0kkkZBJJJKEEkkkoQSSSShBLv4Vxd/Crj2QtaVp+Tx6hcYzSd0enA+Wb9lzGCVrj0KktxGmAGMISLPyEJEAJJ6ST0qZASSSSWEPQcj1SPCGOVAwiSQ4SUIGSSSUIJbnp7/sjfsFhgCTgLc2eJ0NNGHdwEB0fF8WZLYE5yFIHCFGARnuiDlWekCLo5TGkBoynAg8KBhW7BPQs7p6ko4C6HgnO5RQQQMkZUdPBRdBhtbvVcJJ5XBwnYGMowZPBxRbjJ4dJK/PDD/kj687Ksv03g2yYk8g/5IzHqZKNUm/0ecynW97ndyUA8opOclD0knYIU8nit+55OJJJZVA8exLT9H2BtfMK2qZmJjsNB4JVRZrRPd6oQxDDW7uPoF6taqBlBSx0sbQAwYPuVs01bbyc3yGr+GG2HssIY4442siaA0DAAR4otRXI4HYyAp9JTlp1ELrVxweWsluZ2ngOckKZG0Dsut0gAAYXchaEZmxYC4cJagUEk55UyUF1gcBLX7IBeByuaxhQmCTqGN0J0hecBObTVFQ5oiYd1eWzpuoc5skrcgjgqN4O94v6e1fk2pQi1H9lPTUlRORoaXeqvrdZHndwwfVXtFaY6cDDRlWLYmRtGGYQSntPpfiPpHT6H7p8y/bKuktMcON+OymshazhH0aScBcSZz3HrqtHCvoYABwkuprjgIDUopdDXNHOUMv5SL8E5UOoqBjGEBZ2olDeHBVVRVkcJtXWBo3JVHW3FhOA9U44F2Xxh2TZKluTwqC5X6JjjTxn81BuN0eXFsTzgbZVLO1zzqPJTIQcjzut8q3mEA1wrPGORwq55Lxgp5Y8lEbTOOCtMYYPPW3Sn+QAMJOUZkeTupMVLsMhSoqbuGpu3JibyyKyl42UxkOw2UhkAA+lELA0Zwj2E4SI/gn0TvCXX1DYxu3AVbV3NxOmAEn2RqImTS6LCaeGAZkfhVs94Mh005x7rrKWSrx8wCc7j2UxlvpKfDgzJVipbpdMqzT1dcQXOyD7I7LVDGQT9SsBpbsxukJrhkKA/Ev6gLKWNnACfgNbgJhdpOcpjpwBjCMBpR6Hudg7lRpqlkY3OUKeZxIwFHcx0xGVYuWRPqt9u6b53DOOUWKkYSC/lS2wtAwOyoTKO4hR055cN0fS1gGTjCe7SO6jTTDhQmMD3ztZtGclB/nzHBA0pBpJ45UqNha0FpwUYOMg46JrN8YPuiBwjBaAnYe84Ltlx4x3UbIo4BFx5yo09S4HDVKLdaG5tLEC54wUHyYLkskTw5Jjv37p4p9GCRlAqrzT0wIhkCparqCWbLY35SZ6hRBcMmiNVT0n1kIE/UsULcRPAwsnPVTVBzLIgNeCcELJLU/ouNXsua3qWrqv5YeQ31BVY+unlGDK7H3Qsb5XDk9lknfJvkZGpDXPc4klxOVwEgriWoDdKlLdyxka0ggfnchdODyUPxQDgNXCSdwNvuqU/ReA2E8ED/wCao4Y475JT2xgHJdsryBjITxgBgNSFVO0eR2PROaYMb4cVHklA4CPICjySHVdX+KYfZB8eTWX6jnPYoPiuceEkO8YlgktudwpzmCtmb/4jhXtJ15VNYIrjb6araBglzdyss8Z7pJTtknwEbtsXQnUTNUUj7bVu/A53kz7Knu/TV3tI8eJ3jwHcPicTss83GckcK6tfU1ytuI/EM0PBjfuMJkJ5BnFSFb+p6un/AJNT/OYNsO3IVtDVUlYNVPIGvO+M4KI+j6c6jg10mLfWHcg4GSs9W2m62iTM0JcztJH3T4Wyi+BM6M8mi8OrB2aRng5UiCuuNINLgZG/0u3Wcpb3IW+HPI4jsc7hTI+oq+gaIZo21EB3D8eb9U13xaMrpknye30dbBWNDshpPYlTDEAM8grPtjppP+znDgM4yjQ1tVQO1VGXxnbHovz9KJ+to3ZLYsOCoc8DZtnhSKa4U1W3+XIMnseUR0OTkJbbQ1NSKCtshfh1PsVFifX0L/DlOpvbK0xZp2ygvpoZd5GakDywdvtFfT3GJ+Gvy0qc17XjLTlVlTa3NcTA73wUCOeopXYcHABRLJaky7AwkodPWQykAuwT6qbpyA4HlC44GRkmOT0xOyEJo3I6kNkxJQLIV+HgB3ZBno6cgEN3Tndt04cYJULID6fQ7yt2TmVckZGBwpmkHOyjS02vOkYUIngk09xnJHmBCtIaxr2+fKy8kVXTuBYNkWGvmBAfjZWg1YzSGnin7gqvqbM5rtTItz3CZTXPBGdyrKK5MkADgiwsDVPJTGKuhOOyJGXuGHDB7q4cIpPoGD6KO+kHD2Y90uUEMU+CIC4HLTg+xV7Zuub/AGN4D5fmacfgcckD2VM6nkDv5YB9sp0kcjRiRmn3WayhMOMsnq9l+JltuLWtLxBKeQ/YZWop7lSVbAcgE8OaV87TUziQ5u2e4Uqg6j6jsjh8tVGSMfhdusktPkblH0N4cpOY5QW9t00meM+duR7heY2H4pxuLYq4GKTgnst5b+qqauY1xkjlYR2KzToaDyWgfG8YwB9013isw9hIx2BTg2Cpbrgdg+iZ/Nj2IyEmVbZYWO7Na4NmYWn17KxgrI3tBZIAVS6Q48LmkDjI+xS5RwAaRtXM3h+QjiojlAbLssxDcJocAnU33U2G6QynGMFTIZay2+2VG7mtP3CoLt8PbXcS6SNoY4/0/wDRW0NVG8jHdS45TgAcKk8k3SXR5VdvhneKUvdRt8Zg7LI1ttutrcW1VNNEM84K+iBM5o3yc+6BWUVBcYTFWUkcrT6hETez58iv9yowGxzuc0bgE8K9tnxEniDRVtIDdvKt5dvhrY7iCKdnyzjw5qwfUHwrvVtzJRg1UfIPKpJMreaq09f22sc2OYubnucLUU9yjmaH0lSw7dnL59kp6+2ymOeGSJzTuHAgKXRX+vo36op3D81agXk+gf4tVQAF7SQpNJeaafyvOh3fK8rsfxKqGBsNzDZo8Y8w3C1FF1P03cj5ajwXO4D1TiQ3bKiGQ4Y8O/NHY7I4WPFNBM0SUtW453Gh2E6CfqCmky2YPj7B4Qi2bEyOb3yk2c5wWrPw3/w2n5yItcOSOCrCmu1HVtBY8A+5Q4FvBaamSjL2td9woU9gt1YS7whG93dqI13of3Rmyb5HZTLIuHwZq5dHSwEywtbI0+ipai2yQ/3kL2L0UTnABymTQUlS3TOAVfyscn7Z5y1kkbtUchDh7qfDd60MET3ZHvutTP0xQVbSKcmN+NiFnq7pW+UDPHAbPH2DeVas9lucccEKroun7y0R3i1wSn+tzf8A5cLF9T/COxXCJ46arZaKV2+gSZaVrS4My2ojdH66hhcjgopjmkqg2X01co/mK76PN6f4K9dU1EallXTVbWnHhjOs/b1WauVsvVoldDdLJVwaTgudH5V73R1F4pX6WEkN59MK1F3ExAr6cFp24yi3cFcnyzU1dEMBx0n7bp1uulZb5/mLVdamKTsQ87L6SuPQHQV+Y6SqsUMkj/qc06d/tjlZG6f2eumahubLcKi3SZyHEeIB7YyNlasz2AjG2f4s9W23DKyaG4xjkTxjUf8AxBaa3/HS0ySNiu9hqqY/idA4TBv5YGFQ1/wL68pQ826Slr42cODiw/mMFYq5WXqGxuxfLHW0r84OuLy/k7gosoCUkfQds696Luoaylv9M2R3Ec58J36FXYZDMNcDw9h4cO6+U21UTfqy0nsVNt9zuNDJ8zb7nJSuHdshaqa3dBxjuXB9Qtp88JjoXAbtOCvD7b8W+t6DSye4xV8beRPHkn/xNIK1Vv8AjpQyPa2+2mSn9XwyF7c/8p4/UodpNiR6CY8HJC66nhmGXsBVVZ/iD0TfSIKa907JHcMmyw/utARTux4Dw4H0S28FSbRXfwynJ22TH2xuMBu3rlWZpyfN/qmiORg8429VSZE9pTOtWo50IRtAIxoV2RvuOU7DfQKbi9/9jNS9PNlBBaP0USTptjBkhp/JbDS07YCC6mychVkvf/YxNR0607eE39FW1HS1M7+8jac+y9GNGCMOaMIZtUDs5YFeSvkR5jL0XRScMaPyVNW9CRlxAhaR64XsZssOdmhRJbGdZ0jZWngjmmjxSr6Ga3inbx6Klq+kCw4FOMfZfQEllLceQH8lEqbG15AMDf8Ayo/kYnCZ88S9JOz/AHTW4UObpyWPGNsL6Hd05b5AdULQf+UKuq+j7e84DBv/AIVTknyDsPCaakutBKJqOvqIXt7xu0/5LRWr4k/FCyENoerK1sbeGvf4g/V2SvQ5uhYQctiG/sq+p6BcRmOJrvyVJx/RNo21/wBpP4l29oFxZb7j6+JThv8AkVpaH+1nOP8A55dARPceX004af8A6oLFT9CVTDtTtKrqvo+qp2a3UhIz2Ctxrl6KcJPo9vtv9p34b1zw252y5UL8DX/LbIAfyctTQfFj4R3gN0dSU0Wr/wCSNUWPuvlc9OHvAfzagT9P4AxFhV8MSmmj7Opavo65g/wq/Wyf0xVt3/dTh05HI3+UA79wvhltmLHZ0Z+6nW66dSWmfxLTdqykI+kQTuZp+yqWmyLzNdM+0n9MyA/Qo8lhqG/Q3H5L5Wo/ix8VracxdW3CTPaaUSD/AOqBV1S/2i/ipTYE1ypX47vpgSf0CS9NJ9F75+z6KNgqTy0H7tUR1nOstkpmO99K8dpf7UXVTdq+xWyqBxqwHMz/AJq8g/tTQ4HzXRukY38OpB/zaqejs/RW9s9Ib0/TYyaRoP2wnfwOMfSzT9isBT/2nukpD/vnTVwYf8L2uH7Kyg/tI/DiTHjUFzh+8QP+qU9NYvQP+TWi0Ts3jne0/wDMURkN7g/uq9//AJis9B/aB+FUwGausYT2MP8A6qdB8bvhZNuy/eF/zwuQ/DZ+hU4p8F5FVdQxEEVbnfclHN76iiAI0O/Iqpi+Lfw2n/u+p6b8xhSB8S/h4/jqu359C5T4mZ5QwWbOpeoW48SmJB/pblSI+o7ocZpmnPsqhvxG6G/D1LQEf8//AKIo+InQ4H/5wUv5INkibEXTL7WOHmom5/NOF2qzxSgfqqMfErob/wDTtL+q6Pid0MP/ALN0v6/+imyRPib/ABRefxKvO4jIXW3C4E40lUY+KnQ/DbxTE+gd/wCiafir0iBllWx/2V7GT4Z/o0wq7gRwf0TdVwJxrP6LKyfFvpmP6fEf/wAqF/7X7AfpgmP7Jbg2RUz/AEa8Mrz/AMQ4+yeWVJHmaf0WLd8Y7TghlJJnt5gob/jEzfRRv9suCH42T4Z/o35dKDuT+ic1mdiV5wfjDIScUjB92hCd8X59/wDd4/8AyqbGEqJ/o9PEII5H6rvgD1Xlp+LVRyIWZ/5UCT4q3B4w2nxjvlTDJ8WD1rwAN8paBwRkLxt3xOvBdhrcBNPxGvbuBz7JipmyfGezeHTH6o8n7rvh0o3MRA+68VPXvUbz5Wnfuuf7W9Rv38acZ9HKfFJdlfGke2Yt3BYUwxWzGcleLHqLqJ2/zE36rovfURP/AGqb9VNgLqTPZCaAHY/uuGShA2IK8hZdOoHbmqfv6orZ744eardg88qbClQj1T5qga7cjCf8/aQ3eUZXljW3UjLqh36lEbFcTsZnfqVNhcqD0l1wtednhNdXW0twXYXn7Ka4H/jFSWW+4u5mJ9lHHAHwo2Dqm0Ek/MfkhfN27PllCzQstedyPzyitsdSTh0iHISikaH56j/78JGuo8f34VKzpyQ4JLv3UuLpgvx5j+6rIeEiX89SZ/vQui4UvAkBXI+mAMaiCFKj6YpMbghWA3ghG6Rg+VhI9V1twYfpicVbx2mla0MMIwFJbRwMaAIm7eyvAuTRRid54ppHA+i6TUy4ayllH3WgbCG8MA+ycGEKC8/pFEKGuf5tBGfdObZ68kfzSPur7SUQNz3VASkmU8diqNvEqAFMb09C4DxJQVOAbndFHHKgL5IA6doWkck991IZaqNuMsJ/NS2pagi6FtbgQoaEDHhO/Vd+Toh/win62+qXiN9VOC8HcQhulseMJYbyAlqCWoKCto8DC6h+KF3xAVOCbQmn3XWjB5S5SSgNoUcLqYkoDgekkkoBgSSHq9ktXsjJgJkroJyuJKECA7crqACc8ow4RJlZR1JJJWVwJJJJQroekkkoKSyOSTUkLRbWByc1NSVAhDvwlwF3ASwAr38YF4HYyclLH+H911c+pCsso4ug47LiSsgVJMSyEAY9JD1t9V1GQekmJKEHpJJK08kG5KWcriSZkgkkklMgCSSSVZIJJcG/K7geiHeQWQlkJbBcJCHcQ6kuNXURDqg1tS+nyWxl4Hopo34XCwd1clkPOCqivtE5oM7pYnDYjCkwXW3Tu8OKpbq9HHBR301K7eSBjj9goE3TVrqHmbwdEp/E04QN4DzGSw3gsv8AXhMLnMxkbKoks96oW+JbbkJC3hk5zgeyfFcblA0G50efVzAii8gOMfTLQyFwTm4IIyFEgraWoGWOG/ZHALfM1OBC+fPdOJ0jJ3QRLODjUMfZFbICPNyqINc/UeOECejp6kaZYwc98I+B6pafdGEQ/wCDxxjVBIWO52UZ0VwpJDqIlae6uUNx1chSM2hjKsvjePDqqdpafbhRamy0VV5oZdGf1CujGz+kbqJLbmSnUCWfZPhcRMz1RbLhQ7geLF2xvss5dbDYL2x8VwomMedi7TuFvZaesp2kMcXtHAVVVQR1O0lHpf8A1NGE+vVOt5QUZYZ45dPhZcrbI6r6NvLonjcRncOUGDr7qPp17aHrKyvaxu3jNGppHqvY/lKdwxDKWvH9Wyg3G009bCaa5UjJozt5hldSjyL/AKjTHUSj0zCsrOkusqfTS1UDnEbsdhY6+/D2utcpq7VktznT2WvvXwcsk0hrrBJJQ1IOoBrsDKrxT/Ezp6INqIm3KlZthzcnH3Xc0nkIrqRpWpzwzExXOppX+DXROY4bbhXMFRFLGDs4OCsblWWG6sEV1pDQ1JzkPbgZVNJQug81HUMlYeNJXf0nkIvtgtKaI9yskFa0mICNx/QrDXu1VFC/VLHhpPPZegRVEzHhtQDpO2cd0aaKCpiMc0LJGHbDhld/Ta/DWTia7xdWoT/ueLVtqpqzzDEb/wCpvKp2/wAStEpL2meH23OF6hfOkYmB1Rb9QPJYCsnV00lP5Z4SM+y9DptdCR8/8n4iNScWimZNbrg3ykMf3B2Kh11AYm6gMg9wiV9j8V5no5NLudPCiRV1bROEFa3Uwf1DK68dRx9rPD6zxMbMxaIb3lvO6gXG3RVzSRhj/VaBwoa3+7wxxVZWQywO0kfY9itddu5cnjrtFPTz2lFTPuFpfolaZY88gq8pqgVDcjuodS8Pj0uHKhx1MtKfLuPunCJQLwuITPFLTxlCpp2VMQc12/dEk2IGMqS6FNM68tlaWvYCCMYKw3VHSTQx1Rb2YwS4tHf7LZvOSPZMlbrAHP3WZxyNqslVJSizxiWAs5H3Ud0Zbw391u+pOmGh76ykaQTu5g4WNfHhxaRgjkLPZXk9JReropoi+G3sueGD3Ri3ndM0OBzhZHHBoznsCYgcnSoz4RgnT+6nB5AxhMJaRjSg2hqWCtDSCRhcG3KmPiDjkNQnRnHCHA6E0gGSMey6JDjCa5hyuafdUMyh2s9zlccAdiujldAzuUEy92CFM30CjqbKM7lRXNOVkksMdGWQsZ0uyrejnyANiqRymUc/hkNJzhZZrKN+mt2TwzQRSZ3AVjFM7SFTU0gcFPikBAGFjsjyeo09rSwWcMugjAWit1QHta0u2xkLKMdjGVbW2pDcsf23CSdnS24lyaA+oKefM3BQonhzAQc7LrZAdlDswnxyQaqPDlB5cRnCt6tmWlwCppgWvUEW/a8ourdU5/ln0Tn5EhVVQTETNPG6tpiHYc0cqdmiqzfBEavGYCQFV0ri2QK2nALcFUkg0vIRRjkz6h7JJl1KRLTOLhnHCphJhxbhWsLw+ka323VNVgR1IaNgVqq4M2sxJ7gk4ErfyWJrIjHUuB/rW2adlk70NE+sN2BOV0qJcnj/ADtO+reGosHO6sIhtsVTUMmSBnfkK2p37AYXYrllHz+aIlWwtqNeOVJp3EjJQ636mlNgmGkDCeC45RLk4CHKcDKfn1Q3/SVBb7G+LnbCh17AIted0YHzAYXK+PNPgBJs5WBq7K+N5ACfI3LcoEYwQFKDg5qQaAUX1gI830IH4kR28YymNEwRXgbqGPqU2TbP2UHOCkTjg0VhBwungrg4ThwUDDREl21Y9FCd/qVPlI832UQnBWezs0Q6HxDcKdTKDHyFOpkVTyIs7DpJJJrFMSPQg/MNwgKVbm6qgbLNZLAymO6xF/C1rcAK9tLR4odjbHKzrNQzlaa2BvygcRusFkuMHptJhWJhZ3HJUKQ47qRKcnlQpnAA7oqYbngmsuUZORNs1M6qrW6R9PdbmNmpwaeAs30hAGweMRu4LXULNb8+i9JpI4jtPlXmb1qLm4lgxnh0oc1oHZbvpqmjp7c1zWYcRk/dY1kTp5YKVjPNrBP2W+p2CGmbHjGBhdJw4PN2yeMBqTJmkJU7GFDo+XFTCNQLc4zslmLGSr6qrn0dmkELgJpyIo9+5U3pqg/h9riixgloLvd3crPXMfxvqmitLWkx0eJXnOxPZbXAZhjRsEI38YqIKd2Bn05TLMx8sr6l7e+lufRBuj3siDIned5xhWtFCIIY2YwcbozO3gmJJDhJUUJccurjlTGIa0knGVIBGEIjKQz6oE2gA2QAclZ+sqmtke95Aazk5VncKgU0OslefdZXr5C01EurBdlDOWEOpp+aWDyjrq6P6p6tMTZSaeF3hMHoc7n/AOX0Unq++s6a6e+XgeNegcHBVNZ6eSas+ccM7l5JWc+Ks7pGxtOd8Dlc6y9bsHr9L4+y3Y4/7cTzupqHVErpXcuJKAnlnqVwswOUSkj00Ek+Bjk6IHVwmk7/AGUilw7OUzIxywguzWDsUEnJXZiM+U7Lg3Vi2Pi5GymyENjAHdAp4skEhKrf4bgxHnCIDcSXJ5xpUYHLslFaSRsVnbyy0McN9kPgo5CC8YQtYKYaPflODUOM7gKU2LIDh3VxlngfCPISDO2VLaCBwgRDGApeAAMIuzoVoQydwETB9F3SD2Ti0HbCWPVbI08QIyB2UNoMbtgrIxj0UeSAuPlChXxYeR8UrjgHunVkDZItxn3QYhpeD6KeHAtGRwrC2buGZeogEMmn0TBC2THZWl2oi/MzRjCq2yGEjIU7MdkVCWBstA5u7R+6jSRPj5arylc2VoDmolTbDMzyYB90vg0LTbq98DMkdkDTvhTKmnlgkLJGkYQTwltZM+GCSXTyuKihJJJKEEkkkoQEkkkgIJJJJQgkkklCCSSSQhiSSSUIJJJdAz3VFA0kkkosSSSShB6SSSMgkkklCCSSSUIJOY3U4NzjKajUzC+QYCuP5JAt4LWJ38lrfRcdsE+MaYwEB42Jyt0YgSlgBMclNXZeVxU+GAJKRPQZOQkyWSDVw8LuMAJIQgZBzlMHKOdBz6oWD2VBjhwjIKMoQSSSShAkLdTgAM7rd24EQsJ/pCxNuANUwELeUwAhbgdlDq+PXslNOOyehtRMhQ7cJ4HE4TozkphI2TouSrQ1PIccLq4CNguprWUE3gek3lJJAEpZDjhPyPVAyRwUsn1KguUsjyMd1n+rJy23uaDuRhXrzjG6xnV1S98rYQcAnJCPPBy/JX7KWv2ZnsPsugDuuJJeWmeSOaMg7psFNPUztghZklF0k+Vo3Oy3XSXTHgRiqqtpnYc0DsPdaKavlYvU6iOnjmRadKdP/wAIogJAHTSeZxHb2WopaZxIOOyVLTFpBdg4Vg0BrRsuzp6FGKPIajUStk5MdFC0DdqPgAbJg2afsgmZwOCFrUcGRvIck5XCSe6YDqGVwkcEhQg8PxyU0zgeib8vUTuDYWFyu7f0hU1ul0jTv2QuSR1vH+F1fkZ4qjx+yjDJqkjwY9WPRaOz9LzTRtmnafstdbelqSjhb/LaNt9u6sRogGhjRgbYS3bh4PpHifomimKnqHul/wCRTUVlpaZpHh7/AOSsWwaMADARRlzgdGEUNJ7Kps91p9HCiChWsAAwnlODNsYRxEPqwmJTm/Zq24QIhvYJh3Ts4THcISugbxvlBnfpxjddlkAKg1NVH+N2FYuVqiuRVFSG7ZCqK+viibiR2FCul9gjkdE1244WZrbnJVEh3H3USOVqtao8RZPul5gBw12crPz1XinYYBSxrJJTPDLhseUcYZOHqNXOx9kdwy7ncrvhA91JFM44OEWKlIIynwhg59jyRBTN40ZRmU+/04Vgyn2B0/uiNiDfwJ0YmZ9ESKlGOEVkGjuCpHlA2GMKLVVJjGAE5REywmPe9kQy4hV1bcWDDIjugTzVEzsMBIR6e3AESzYJ7BGkJk8kQQ1tS7zjYqbT0EdPh2ACiyzmLDQmAzTY1u2VYAS55HueY/LGMA8pnmduUQhrBkhBmnaRjGFAmlgdqABKA6fIIwEGSdu4BUN0x3G6gmbJTpMn6ggnlBBc48cp4Y7nKjBUHIc/DjwnMY3khJrcDdNe/bAU/sSUdoVpa3uEGWYMGxyo75iDsmsa+UjOyglpMT6lznYTmQveQTthGjpGtw5zM/mpbYmtA8qptIpVZARwDbLf3UgMGMJEA5GeEBzhvup8hXx4HvIj4QnSeIdxgcJkk0cX94/GVSXa+Mja6CF2/coLLYwXJRY19xp6MljXazjkLO3C8TTNLAcAn88Ktkr5ZPrcSo+sk5JXPu1XP2gtZE85cuDbhLGUsFZZWuXYag+xaneqWCugJaXOOAEmVmAkm+ENym+K7P0qU2kyAZGp4gaOAlSsyNjROREALs7YSjic7nhTXQAH6VwR44GELtbHQ037I3gHuEh5c5HClaCueGDshU2hj02eiMZdtmoJkcdlP+T1b6f3S+Rz+H90XysS9JN8kDURvhc1AlT/AJEdx+64aCIDON1PlYv+NNEdjA4ZTCDwESSKdpHhDZOa0t+tu6YpZDVT6A6T6Lmk+intaAPpTHtDvw8INyKlTghpDlGe0sO4Tcn0R5Eyg0+TplLfMM6vVaG2dVExtpbxH40QGkOHIHus6Rlda33Vxm0yui/unTjZT87bHh8Ug1AA8Kmiqp6J5jlaSM4IcEa319TQuDopHFufpJ2P5K6mjt19jL2N0Tgbt4z9k7h9CpvB66+ggqJDNRTCN430nuo3z7YX/L1wDTx5hsVJkgEz/FpJxqGDjOETRHXj5e4wNyOHEb/qvillWD9H1arPbIr6GNw8alfoJ3GDsiQ3GspCGVA1NHdBkoZ7Q4y073SwHYtJzhdZVw1J0nLf+ZJlUzpVXL2y7hniqGBzSN050Xdqo3QysOqB+CPQ7KRT3OaLyTt2HdIcDVGaJ74R3H/VR5aNsoI0g5/UKXFUwTgEOGSuuj7tStu0ZwyhqLLJHmSnec+iDFWVlG7RKCWjsVojlux3QpqWCobh7Rkq/wDJNr9AIKmOdmtjgc8j0RW5PdV1RaZYTrp3lpHcJkdbU050VLMgdwhIpS9lqkgw1UUw8rh9kUEFQam2dSzhJJQMekmJKDMj3gHlCko4HDIbgoqcoXjJBdTSs+hu33XBPJHgEZwrE4cOMKM6FruR+auSyEkx8NwkBGcAhTWXIbCYFzfRVT4CD5RhNaS3cnjsqJlmg0UtS0PpphHKOC4ob6mopSBXwaohzI3cKpjm/JTqe4SMbokOtn9Lt0DjkbGWCbEy3XHBo6tmf6SU6Wgmg2cz81FFBbJyZqBwpajnPDSVYU9TWwxhte3X/jbuCEPxodGxsrJrVDUZyNDvUBQwL7Z5A+kqXFjeACSFpTHDUDXFs72QHNcwljx+oSrKshZaC2T4m3a3Pay4ecBek9PdfWm9Nax8zWPO2HHfK8lqbbBOCdIyqme2T02XQucB7FZ56dMKM5ez6XLWO3bj8kIsyM5XhFj64vlmczVUvkY0Yw452Xo1h+JtnuIbHcHeBIe/ZYrKA8+zWOjBOAOU3wNG+ydDWU1ZGJaWVkrDwWuRxnnQsrqYzKIz5ZWjGoorLjVRNDdRI90R8bHY2Q30ucae6pwaITaa+DZswVpFX0z2giQb9srNvpH4yGqO5kzNiC1BgtRTNnG9kg1MdlOeTgNDuFiGXGvpyPAm2HYqypupXxlrauPP+JqLJbjgtLhY7TdmOZX0UTy4fUGgFYu8/B+jqQ6azzGOTkMd3Wxpr7Q1DtOvSfUqyjkY45jka77FXloCUWzwm69C9QWZpfPSF8beSwZwqYfyiBwV9KnztJcMn3Cztz6SsNzPiVVCwS5JL4xjJ9SrUgcYPIqC/XOkaGxVL9I4GVqLR8RZI9MNeNQ4yUW6fDCYOfNa6gaOcO5CyNy6XvdrcXT0he0d2DJRJbuSHp1L1XZLm8RPOknuVZCkpJhrp5Bv/SV4e2pdA4buY4euysKTqKvpsGKqkH2eUMopAHssIrqc+SoJaPwuOVMbeZoxiSBz/wDlXl1s+IVXHKBWDU3jI5WmoeubNUOayZ5iLuCe6DayI3FJd6ecAE6D3yp7WibdhDs+hWTZU0VQwSw1ETge4cpET3D6HkfYoMBmk01UGHaHADuFIZXFwDJCqCG919MA0nWwdnbqygvlvnaDLCWP744QuLYmSz0TJIbfWtMVVSMkafVoVLcvh503cCZIn1NG7k+C/CuW1lE4BzBnPuitmp3bFwZn1cgeYgKco9GPd0X1Ja2fNW26RV0LT9Mmz8eh9Uemne0ll1tM0DTtrOHDP5ErUgRagGy/V6FHdRhzRqcSD6q/kZbtk/yMr4VMXZo5ix3OCMBHikkGGvIK0bLXCd3tz+QRP4XBtqhAH2CF3YFO4oWHJypLcOaNUYd91NnsZwX0rt/6SgPpa6mZqqKV2j1bui+YVKzd0Ulz6H6Kv+Rdul6GQv5exvhyH/xBYa6/2culKsn+E19TQscc6HjxAPbsvUYKmke8MEgBHY7FTxH5QQ3YqfPJdFq2a6PnO5/2eOrqAyOstcyugb6gMI/UrIXDoLrS1B76mzT4YedJwffK+vo/LtzhOw0/U0FF8/pjPnaeGfFL6eoY0Cppzgeg3CkUV5vNml8a03KppccaXL65uXRHSt71PrrQx8juX8LK3T4J9KVpd4HiQ6u5OcK1YNhqK32zxu1/Gfq2iLWXB1PcIm/983z/APm/9Fq7R8cqCd7hdrVLBGMAOi/mc+vGFYXH+z1UsjdLQ1Ec7BweP9Vi7x8H+pLcwvjoH5HYAlXlMOVlcsbWeqUHX/Q90b/JvMbH43jkGnHsr+FtDWQslgkY8EZ8pyML5kqOkr5R+aSilaR/gKixTdQ2uT5ikrKiCRvcav8ARVtyEoqXR9T/ACjRkNHC42nJOy+d7f8AFbr62NDZbiZgO0wLgtZav7RFdBEGXWzxzFoxmEaT987qnHBbrPXXU4GPIU1kOnchYqg+O/R9cWfNwVdM539TAVrLd1n0Xei2Kj6hpfFIyI3nS77cqN4Eyi0SPDbwuiJv9KlujgP90c5SNMQNWDj1QbyuiL4AI4Q30jSN8Ka6JzRkjCYASdlXyF8orDboQf7v90I26E8MAPqrcsHJCZpb6BT5UUyjloHk+QjAQDQyj8IWiEMbuQkaSIj6f3RqSYWUZaSieDggfohPoidixpC00tCwnZo/VCkoG4zpCm8NPHRmH2imdgGmb+gUSo6btb25dTgZWqfQHnTj80L5Bx3wi3sF4Zi5OkLY4n+T+yju6GthzhuPyW5NGP6AhGkHOkJvyMW0kYKfoCnfvDgqtqOgcZ0xtP5r0x0OGkBuFHFI9xJxhRW4K2o8uf0JUgktpGn81Gk6KreTDherGFwK4WHbZM+aS6K+NHkp6PrB9UTf0TT0pUgZMbf0XrPhNPLG/oueBGf+E39EPzSfZPjPIx03MHYLGozOnZMbtYvTJLZRl5cYOUF1ronDHg4U+QGVWTzn+AStOAG4R4bDBjzDdbaWzwDeMEeyDFbow7BYBvyhyv0LdODJf7Px58j8Io6bJA0zcr0iDoOpqYhPHV0j2u4w/cI0XQVWDvVw/qgyiKtHmX+y1QSND9SeOnauDBdhes0vREjCBJXQD81bwdI2VjQ2uroDn3QykolqGDxaKjERDHkb+qs6ahjOCC0L1yPoDpOoOprmSn/CUeL4fdPMILYEvKLfR5THQgkYUiO3F22nP5r12DomyxgYgCMzpazRnam3Q7kLbweTssjjg+CT+aNHYXHA+XK9bZYre3AEAwpUFrpITrZTtz7oZPJPlweTs6bkcN6dyMzpd7iAKc5XrraeHP8Acs/QIop4sf3TP0CBIp2nkzekKggf7rsjxdIvJ3iIXqrYGZ/u2/oixwMx/dNP5IcYFO3k8vZ0aefD/ZTI+jgAPIP0Xo/y7O0LV1tOzO8TQryyvlMDH0njA8NSmdKDbyBbsU8YG8bf0XRBHn+7CvLFztMSzpUbeRSGdKt2OgLZiCPH0BNETAfoCmWgPlZlm9LtGP5QUhvTLBg+GP2Wn0NAHlCWB6BK+VonysooOno+HRtA9VIFgpwc6R+itslLJU+VlO1srW2ambj+WEVtrpm4PhBTwx2fRdDB3Qym5AOTZEFFTgY8ILopIAciL91L0N9EtDfRBllbiOImjYNC6I88DCkeG1IRgHIVptE3AtBxxsnGIHujFgQizc7ot5MjfCb/APKE4MGP/ROxnsl3x6K3LILlgZgJxAHZLUE07blCXgYXAdk11QfRcM8I5chOq6cDn9kYtrLH+O4bYS+YfnbI/JRHXCAHCb/EydmuH6K8BbeMFh40/wDWlrceVW/PzHcOGPsufPT/ANQ/RUBGPJbB78dkvEd/8pVQauc/8T9kE1c5OC/ZQP48l9449R+qXjj1H6qkE7zuXFLxnHklQD4y8E4PcfqnNnh5NTF9sqgMrjySuA78KynWkaRtVTY/vP0XfmqbtIs6Dtyu6vdTLB+M0nztKP8AiJfO039az+spFxPcqgHWjR/O0v8AWkKymJ+tZ7UU4ElQp1YNGKilPEq6yRpyQQQs3kjcFO8WUfTI4fmoC6smlyllZs1NW07TFGbXVQ/4p2UFvT5L/B9ERqz7bnUgY1lEF7k06XRn7gqA/wAafovUlUQ3wZ0vjOPXKOLzTHsUWQJU2RLBJRBc6ZwyCUZlTA8AtkG6mSnCS7JCSH48f9QXfFZ6oZSwVhj0kkkBNuRyc1cwewK7p9QmsUk2+AiYdiuknOFxCUdJyuJYSUIJJFSUByI7jCCQccoy4TjsoTOAHm1I7PpCWhvouqEbEkkkoUJJJJQgkkkleSCSSSUyQSSEkqyXgKeEwbpqJp91AZREAF3GEzAXCMKKQIRIDVsFzOQU9uBsrcsEGOa9hyDhdXTg75TA/JO3Cvskzun3T2puQugg53Qgjc5/JcdKwjTIDul4ZznC60eqKLSCAPtlLM3yeQnuNlDNBX0bwYah0rSfxHKs3AkbHCEW1A+k5/NMTIRGVrtXh1ERYR3xspDXA7hwKT21BHmjDvuooidC/XCC08OaeCryHFZJPjYOCjtn2+lQRUwA/wA0IokicBodlQko4Jer2SDAOO6EGZGcpeKPT91WC8HSw42OULVKwgkah+iL4nshlpfjCJZJ/ke2ojDdLxglDfHBKMOII+y45mQdkDS/tlTc0ydDJrPSTNwGgH1CgVNjqI4yYJRJj8LlbNlc1oDuyQrYCcaiD9kyNuC02ZV9FICfGp3BQJ471TAm2zCTHEcm4W8McVSMHB7qNNaIG7t7rRC7BfytHnEl5tlYDQ9T2aOJ7tpHTxeU/YrPXb4Q2yva64dHXD5WR3mEYdqY729l6pcbLSVjDDWU7JWn+oZKzk3RtwtjjVdP1j2HnwXO8p+y30a6VLyi1fLPB4hdqbqvpSYw9S2R0sB2E0Yzt6rlJVUNeA+hqAHH/huO4XuIvj5Iv4f1ba5GxHyucBlpWR6q+B9h6gjdc+ibi2grRuMcZ9CF6TQeZ9WD1dFr7jCtwzImi/NUl3sMFyjc3ABO4PoUW6jq3oeYUfV1tc+IHDamNuQ/3UqiuduujBJRztJPbO4XqdHro2cxZl1NNWojiSPNLv03cLY4vDC9nq1UdQyKZhZURAn3C9pqo2FuiaMOaecjKxd+6LbWOdPb5Bk5Og7L1Oj8hn82eQ8j4NZ319HldXazCTPRvII3wCohqXyDw5zuNloLlRXC2SkVEDgB3wqmrbBVMGGhj/UBd+jUqf4nzvy3iW7MRXJWVFM541sIIHZV8rc7EcKXUOmpH4IOPUd1Fle1+CDj8l0oWJ9njtVpJ0SxJAYZn0kwcw4B5B4KtG1bZ2jZVNRGXDI7IMNVLBKNPHcJjeDDOKZdk5SL/UoDK5sgB9V0PDhkHlFhNCtuBszg84xlZW/dOQzl9VTNLXHctH+a1hZ6nKBIzOwWeSyNrtlU+DyiWGSCUxyDBCR0uaBha/qCwCQOnhZvyQFknwGLnss9kDuae5WxTTAGMHsmeHvlEPKcs2w1ZyBMfoEx0eRvspOAhuYCEqUC4zIEsQb+HdRwc52U+RhPblR3RejeUvDNMZEXGCE1Ec12c4TdJA3S5jcjCMoL2Y4CkYG+/CY/BGxWeUcoYiI4b4XYnFpSeDnITeHLLOOBqbXJc0M+QATurSmcSQVnqKTw5RurunlyAfVInE9BoNQ5R+4tGnOMFTKaTDwcKsilAxlSoX7A4WOxY6PQaa32aeiqCWjKlNcBvlU1ulwAD3VjnOEJ3KZ70mSpfM0qoqhg5wrSNzS0glQatueFA7VlEKKQtOyuqZ4lpwHHdUowCptPJsAiTApnt4JkhLcA91T1rNM5x3VrnKg3BgIzjJRRRL3uWQ1DIPDDDzhV11YRMHjsi0L9M4B4TrwzIyFogsGTUy+SlNEKObIHG6qb5FGW+Jp+pTYt3Yyo92YXU/2yt1B57yP+ppmigos6hvwf2V3BIBg4VDTu0PGPUq6gILeV2aJcYPnd6wx9UCcH2USDIdgqdKAWfkVXh2JHLQ3gCKzwTmvJSf8ASU2PsnohU1gBw5PqcPixlCk5C47JZjKXLoOLwysf5H7I7PO3HCHUuDX5KUZB5OFmzlj85Q5OPCanHhNLQOTk/ZV8hw4Kwk5KrpgQUq0fWPHCR+kprOyTwSNkljQDyd91GmJGMKQ9R5+As1o6I+I7j3VjTqth5arKnRQF29jhyiIY5REyYoSnWjeo/JQeFY2dp8Uu7LJaO0izMuadokmY0jYndaQtEdO1se2yobeAagEjgq7c7bCxz7O/R+O4G45ad+ygS6nu0jlSXvwCOyFQNE1c1pG2Vs0le+ZyvLahV0tv2bLp+kfBSxtd3GVqLe0MbnG+clVlDGGwt0jgBXMLBFCG9yMkr0lVeD5jZJTZb2WJ9TchK36WbrXPe7IaFnumIC1hk7Y3WgDhqG2Vqwcu15bRMpQWjcco1TP4FM+f+gEpkQAbkchU3VNbIaNlBCcPqJAzlLMyjlj+h6Qyvq7zUMPi1DzpJPDey1qhWqlZRUUNONi1oz98I88oa0tG+QowLewFNGa24l7x5IuPRXDuVDtMLooC543eeVOUyLayPTk1OVFDUkklCxA4SJykmSSiJpccYwgLj2U/U9c2MMpmHLjufZePfEu4vmkhomnDT5jgreXa5PfJPWPbnSTjPovJaycXK6TVsgLi5xAydgPYLBq7vijk7vi9NK+xRiglDAIYWsAxkbrD/FSEtjhcBsV6HTsLm5I+yqOrLOLrapGaNT2+YLys9c1fk+76Lwal4t1qPOMnhaR4RKmF9LO+CQYc0kIL3ADldyq35I5PGzrdf2sYSCThFj2HKit5UhOU2hT/ALnH5J3RYAdkMcqTA3OCQn1PcVLGCSzyNUSod4hypU+GQl3cBV+ov34RWS44F4OcHZGgPqgrreeUlPARM0jHKC9uyc3GOU/T7o39yL6IoBacqZRT+K7wzjhAe3YoUOqCUSDOAlPgdCe0ug3BJRo9tlGpJ452amnJPZSw3BzlXlHRonuSYVqI0YAJCYwHOVIYBhXg3wimAO/IXAwFGc0dk3T7qhnxkdzADsF2OTScYRnNQS0NUA2hZYW1EeCOQszcIPBlLcbBamFuRj2KgXCjZJC4ObvyCPVWZtRTuWUUlHUljgCtBSyiZoGQsvpMLtwrC31mCAUuZNJqNmISLqrt0NXEWOaNR4cFkrhbZrdLol3B4K2lJMC0EjKNU0MNfE6OUDJ4PogydG/TRs5ijzrThcIx3VrdbLVWw63gOiPDm/6qoe/Ks49lcqpYkjhXEkkAkakkm6vZQgNJPSQEEkkkoQSSSShBJJJKEEkkkoQScN01dAyhkiwaSSSV0EPSSSREEkkkoQSSSShBJJJKEHHhTbVH4k52UNWdoYYwZnN2J2TaVmYBMkAGQFEn4/NS5SP1UOflb8ciZvBHPK4unc7LoBylgyllBGjKBLzspH4SobzhyTYy08jEkkkoYcBOURrQRkhDAOUVn0hQMGkkkoQMuHhdSUIWnT0TJKvzjOMLatAA0gYAWd6cp2Qw+M5mXErQRv1Y25UO5oo7awy7krg3SUOipYOgnKKzhCHKI04CuK5LUshgcEDOyIOFGJyntdg87JiHNEpJNBGE5WUJcJwMpqG5wxlQGTwKoqAxuc7eq8/u9VJPXyE7huw3WrvFS2KmducnhY6R2slx55yiPN+Xvi8QiCDg7kLuPQLpAz9W60nS/TdRXPFVPHiEdnd0yurfLBwLroUR3MkdK9MOlkbWVTATyxp4HuV6PSUjIWtOBkBRqelipo2siGABj7qbETsAF16qIVdHmNVqpamW5kgNDeAjII4RSRwtRzrPSYUd0F0YJyCjNDnghgyTsMK5tXRNzrwHzYiY7ff0VuSR09D4fWeRnt0sc/8AoUTQX7MGr7LRWfo2suLWzOjOPTC21o6RttvjaGxMe8ckjK0MMLYWjQ0AD02S5WH03w/0HVR/qa97n+jP2bo2GhYTOwEu9lcyQUlE3yNa3Cj3e+toAWNkGvHHqqF1PdbtOXSSGNh35SlmR7mnSU6eKqpikv7FhLdGzyGKjBONiU6GnnJD5O6l0VtjhY1rWjYc+pUp7NuFXRvro28kRsTQMYTtLR2T9OCmHhVN/obhIaeFHO2UZ3dRnEDKUImCkk1H0TJJAxu2DlCmmaO/Czt16gYxxihfxsTlGlky32wqjmTJtxucdOC5/wCQ9Ssddr4Xucxhy4987BCuVfJVOGp+cbgqtkaDvlMVeTganWOz8AT3OkeXvdklNcCeEcRlEZTkHICbGH7OXZPf2Q2wudyjR0wGCppgGAA3H5pzIS0/dNUDNJMjsp842RI4BkEDCleGMDZMeWsACbGIiw4Y2hvHHugmVu4JC5NVsjaSTk+iri+SoOzTgojPKaXAOtuBDiyE57fmgwQVU/mnIAUxtJCw6i0al0l3AamCprPJxogh24K4Xl+zeD3TxCx5BeN114ZGNhsoKGNiY46njOF172s2DUKWfAwNvdU9TcdBfibOlUDKeCzqanAyAqqWrLyW57qM6oqKjB14CdDC4nJ5VZAk3LgcXyOKQjJIOPzUlsQAzhEbHjGGqNpEVb9g4odskIuljRldDwBgNQJjngqnyMUdonvGNsDb1UbJcXBEETnlSaejLSCQqBlDJDZSl7twp0VIG42wpQhaABpXHaWDAQt4F7BvhNGDj90yR+G7BMkmIOwQJakNbqI4QTlgro6ZAM5VdW3KKl+shQ7pfoIBhnmcewKydTWTVcrpJHfYeizT1MYgSeOCyrb4ahzhGck7Z9FVlxc4ucckoQxnbunrn23ysYtjUgSOCkutYXHHCS3wX3wh2pIEk4yjMp84LhspcdPCzBLN0uU2h8Kpz7RGZEXDjZHZFpOdP7o7QwZw3ZdYM/klyk5GiNKiNO4wuEZ7ooGF07KNYHxh7BiPfcLohbzj907V6NXDlCPUBOhadgFxtJMPNgYRByih+yhaSQHw8bFd0BP1eyWT6KFMbpHom6PZFTstG6hWCP8ALhx4Tm00QHmAJRHyADAaowlLnEK8sDalydkib+Efug+GMhSGRl3O+UdlPCN9O6mRdiIrKdjm+ZuUJ9AXnLcYVk3wGYDtgniOF2PBOSmLLETUF2VJonDG3PunMt8jhhrTlXkFtnk3LMBTIqER/hCdGDZx9XqYxltgUVJZ5C/MjdvdThZm/VC9zHjuCrRsLmj2RWs9Amrg5z1E89mkprkGkHJGw3CtGV5ma3U4OxwslA/AAKsaaoDRj1XiNR42uXSPb+M+rb4tQveTTNqhI3ScJlRDFMMFoH2VVFUFpGFNhrATuFxdVolXwfR/HebjbHMmMbJPSO8KQFzex9lIjngmHmAyiOcyVoGEF9GHeaPyu9ly50HpdPrflX9g4bo3YSMe6JFcXxnRINgq8VFVSvAmw5n2UlstPO3bYrLOlp9HShqIy6LaOoimA3G66WfkqYAxuyxxCnwV4DQ2X7ZSJwx0bIW4JG/fdBngikHmYFJY+N+7SCk4YGc8JeMDE0ymltxadUJIKH83PTECVpI9VdPGcDShPijkbpewEe4UGPhEWGtilGWqS12oZUOW1BrtUOrHp6KIZaqnOh4dpzgZVpEi8MuMhJRKepbK0ZO/cKU1wcgY3I4cp4IxyhpuT6qi0w+R6pZHqgZPqlkpmBpIawO5QpKYu7YC6yQN3RPHa4YLVRCG6EjgJrC9pOVNGkndMfDjhqrCIAbOTyN1Kgq6iJ2WSu+xOQo5hPbZPDSM7Kw08FpBcy1we8Bp742V1T1NtuLRre0Se55WPL87Jwdj6XEfZAGpZNdPa8eaF2Qq+ekmPkc3hVNNeq+jcAJS9o7OK0VD1PQ1IaydoY/vqSpRyEp4Zn6y3yglwbt7KGIiw4Iwt7Gy2VpzBIwuPIyos9ghe8kMx+SVKrI12ZM3a7/d7RIH0dY8NH4SdlubL8XaiEBt2ohKwbamLI1nTNVG5zot2+ippqWppH6ZmOAPfCyunAW499t3VdivMbH01whie7/hyOwfyVqGVJw+Aah9181BwHDh+RWisHxA6isuhkNYZoWbCKU6m4SnSFk92E/hf9rZoJ4XHmnqseHICsPavixaqmMC9Uxa/glvC1VuutgvTA6zV8Wt2+hx3HskTpxwHnBKkoIzuGblQp6CRnI2U10VzpvM2PxG+yaLnGcR1ELo3DbJSHS/RfyYZVup3t4agiaupJBJBK8EH+rZX+mGVuW4OUJ1CHbjAQ7WGpJkWl6quVNJqqoy5h9FdU3UtrqsB0wjcezlVS0UbR/MAcq2WzwPeXNJb9lWGRxN21zHM1NeC1w2IUeSIOzlo/MZWFlN4tgHgTyPjG4bqzhTLd1xU0+f4hTZjbtkcq1JgbNpY3Po+03Jz3zUjA5w+pgwslcfhg1ri631To3HcNct5Q9V9P3OQRxzGN5H49gVZOZTSjDQ137otwt5R4dX9I9RW5niS0Jkbn6mbqpDpIn6ZGuY8dnBfQpoGyADJx6FVFb0vY62UyVNDG547gYU3IDB43BcKiLZkz2j2cVfWzq68Uga1tRrYONXKvrn8NaaaUm3VJjLtwx3Czlf0V1DbCXMg8Vrf6TuqUU+Q8o0tB8QnB4ZcIQWnlwCu6brOzSnfj7LysuliOiqhcwjY6m4UmCaJpBBCJ1FtZPa6K5WqoYJoatrT6ZVjFUwT4DXB68ThqHlo8ORwB9CrOjvt3oQ0wVOoDs5A6kwXWj14Oij4ikdnnSp9NdfBAHiam/0v5C8po+vLnTzA1cILD/TytJRdfWOqLW1BMRd3c3/AKJUofoROGT0GG70z3gEafzVhHLDKAGyNKxFPX2itP8AutdkqUYqgAGBziPukTqb6M8q2zbxRAbgIohPJ3CxcF9uVJhnighvIerag6xpZcR1ADHd99kKjgzShPuJa1Nkt1S7W+mYHHktGFWTdKVTCZLfcZtt/DectVxSXSgrCBDUNJPYlWTCMbD9FW0FO2L5MFLJ1DQP01dpMkbeXxA5XG3+hc4NnLqZ3GJhp3XoMnHmPPqq6qs9tuDTHW0MMrD2cwFLl3giv/ZQU9fTTgeDK1/2OVIByg1Pw/sWddI6qpZD+OCUtd+qrn9J9TU2Y7f1K2aE/gq4xq/8wxlEmOjZXL2XLHEDAdt6ZRSWuHmOfus1LcOrrWRDXWITgHANKNbiPXCEzri0FxirBPTSMOHNkidkH7YVbmy0sv7DQy0FBNtNQU8o/wATAqiv+H3Rt0a4z2xsbj/3Ywp9JdqCreGU1UyQOGRh2/6KblHGxoa5WLo82u3wL6bqQ40E5Zq58Q5WYr/7PdQ1maGqiqHd2huk4/Ve3uG+Dt+SQB7FErQlfNds+Zrt8EOoqXJFADj0WUrfh71BQyFjqB364X2LJlwyXE/dQpKWknyKilY/7gInYg43Z7PkBg6ysZIpaqui9NMhIC0Fs+LfXtrbpkqXVGBg+MMr6OqelrBVnMtvjyP8IWcrPhTYal5dEzQT2IGEG9SGb4s84oP7QtRTNEd26cMoA38N+Pz4WotXxx6LuYHitmpHH+vBRLj8F4SNVO6J4xuNll7j8HWwuy6KTb+lqvASnE9NtvVvS93w2lu0DiRkt1bhWTX0cx0xyscecArwmp+Gog2YJMD2QWWHqS2PD6C6TwhvDWvKXtZUo56PfflTnLWnC4YHgdx+a8Yp+peu6EBjq8y44JVjT/EvqulwKumimH23U2srZ+z06SKY/SRkdkMCrj3fTkrF0fxdaTi4Wt7f+UYVzT/Ffp6UBssUrPYhEmw9vBbuniOzmOaRyCEhLBxg7oNL1v0vWYIma3P9asoq/p65ARxVMWeeQEzc/wBE2EJzIHHIeFxtKx2dLhsrY2iz1A0xyeb/AJkKTpuMD+TUln5pfyCpRKmSiHOEFtGB+Eq2dYq9m0VVt7hANrvTNwWn8lasyyipqKI5GGlCNKcZ04VtJR3hu74AR6hC/mM2lhI+wTt3AZVOock7ce6EaXHLVavMec4K5mP2Q7iclUaXP4UP5I9irnRF6D9Uz5dh4P7q9yIU5oiRjICGLXg5Dwrr5V2c4yE0wO7NV7kTsrIzV0u0JwB6cI7L5dotuw9lL+Wfn6UnUUjwMMCDfzgAPS9UQhobVUw1cEhWMd06dq8eNCc/ks/JQvDiDHnPoFxtmeRnIGVTW4j6NnR1HTsY1U7iw+5VlHcqF2AKgYXmstumAzHIf1XPlLpFgwzHP3KHKFSPWIamjeNpwpERhe7LXryaN/UcZGHAgfdSo7n1THjzjZBkRKLZ6rpjGDkBOAaQMELyv/a7qSlODGHkerMro+I3UMOM2/OP/oSgHxs9XbGCchFYzG+F5VH8WrrDgT214+0akxfGJzP76kkH2arLdbaPUo2AfhKJgLzGP40U2cGkn/8AJspcPxno3Yzb3j38NTImVU30ei6fZINwc4WEb8Y7Q8gOgcP/AAow+LNj2yx4H2QcAOuRuw32wujZYlvxY6bIyZJP0XR8V+mif72T/wAqnYt1WP0bZNcscPil00R/fSf+Vd/9qXTfaWQ/kqaK+Gz9Gz1LuQsW34n2A50tld+SGfilbBuyjlcewwluBPhs/RuMhIHPCwh+KzXDDLRLj10cqOfibc37UtkkP3apsyX8Fn6PRkuOV5o/rvq2c4p7OGZ7uYhv6j+IUzctZTR+mBupsGLS2M9P37tIXMryZ1x66nkHzd1ELO+gpssFzkP+89Tzj10uwj2B/wAN+2etSVVNDvNM1o9yo8l7s8e7rjAPbWvKW0kT3FtTdqybH9T9ijC1W7SCynmkJ7jKmwn8Y9JPVNjBx/EYSfZy4eprVjLJw77Lz+jszXS5hoHtPrLwrWGz1pA8sY/JTYD8RpndTUpOGNePfC6L3SO7lU8dhmwC6YD2RobFCDmXf81XRUq4rksTd4OQT+SRuZmGGtkOP8KDFbaeE6mMyfdSo26eMD7KC+EDxLINRjx90RrHHPkARcA8hdVgkYwNJ2ACXy4O236KTgpKEI4ohjlL5IeqlJKEIvyee4XPkf8AEP0UtJQhF+R/xD9Evkf8Q/RTV0Nz3UfBCD8kf6gl8kf6grHwjjOE3GNlTFWFf8m/+oJfKP7uCn6G+i74Y7BUA1ggeA70S8B3opxiB7JeEPRQvDZC8J39P7pCI53CneGPT91zS30UJtZGEXqEvC/w/uj+Vcy1QvDA+F/h/dd8M+n7ompiQli7kIZLJTXA0RlcMWEQTUw5kSNRSjfxFQO2WQYgPou/Ln0CcK2mbtrXPnqZv/EUGODkL5c+qXgvHDkKW8UUf/EUZ/U1vA+tXhi/gsfotGGRvlEiIHSnh6oT1Lb848Qp46kt5H96r2sr+NP9F4HVfIqfyS+cq27GYKh/2lo+GTlc/wBoISfX81FFk/jz/RoW3WpjOdWU8XufO5z7ZWdF8h9B+fCI29QnbNKPz3U2st6Zv0aOO9jh0JP2KKOoKMfU1zVnmXGF2CKimHtlTGVUTx/fQk+wR7WKlpYrtF0y82923iOH3CLHX0cpw2oYfzVEGxykAaD9k8W/b+4/PKBvAiWnWeDRipgPErSiam/1D9VmRA5uzXOBHAymmC6NwYXvwPdVhinpf7mpTRkdlmPmr1AQDFMcfonC9XgbOo/zIR4ZHppPo0yWR6hZ6O93TgwR/ZGbd60j/srCpgpUzRd5HqElUNulX+KlGPYJ4vGkZkpJB74VYKdcy0SVX/H6QHDo5AfsntvlC7u4fkrwBia9FikobbvQO28XdGZWUz8YlG6oLDDJJjZ4nHDXBPyPUKEwxJJZB4KShQkkks5UIJJJJQUCTwSmLrVGSccjtXuuZCWMJE4U3A4yDyUslPxn2S0+6mCYY3xD6LvieowueVLyqFBRLFwX7ruR2KY5rTwmvGoYBRkC5yuOY131DKDolactkxhc8Wfu3UAoWPNPTv5iCBLRBm8OxRRO4ctRBKDypgmSvcK6NwA3CIJWbeM05U/IQnwMeBsFC28gWStzt3RS/T2zlBdS4P8ALGPzTXMqWY1N1BWCSg4OHplNbG0nIUcvxjXkJzZwz3yoQdJD6DKjyU+sbNAIUwVELxjJBXCABkKLsJJ5KuSOri/u+Eo7jURYEgyB7qx2OyjS0jH8jATkRvI1lxo34EjMn3RhHFKA5hChyWuI7gboPyVdCdUTz7ItzBJtXQU9Wwx1MDZGn+oZVFJ0rJRPdUWeodG876CdlYOrrhRkGoh1s9gj094o6jbVod3DinQtcXkhSVdVTVcBt/WFpY+F406nRhwIXm3VP9nYSsfePh5XMgDvMKcHIz/ovbpY4aqPRPG2Vh7OGVWm0VNDIaizVT4u5iLvL+i6Wk8jZQ/tLTwfKNZW3zpWpNt6toHQSNOnVpyD75UyNkVTEKmlky1w1DB2X03cqGwdVwOtXWNthJcMNe5mc/mvIOsf7OtfYdd2+HFwaA7LzTO8+r2aP1XqvHea+SW2wGb3cHmN1t9NcIH0tdTDcbPwvMeqOkpLaDUUuXxn0PC9XbfZKeodaOrLaaKtjOHgtx+ak1vT1PcacmleyVjh9K9ppfNRpakmcjWeKjqYNJHz06NxYBUQkt4yQqqstzmOL4d2cr0zqXpyW0zkSwlsbydIIWRrrSSC6F+PZev0fkIaiKkj555Hw0oqUZLJlXOwMOAyobmNfwQptfBNHnxGacKrMnhHfuuxXYpI8Dq9I9PLbgM174ypsNQHAAqvEgeuCV0ThjfKblHPnWXQOoJmlRoKoOGCFIa8PCEThjZSANwCstfbCJw6emGHDchahzfdR3xn7oJR3B1Tdc00zzGop5aZwbI3GU0HK3V3tVPWxFrmAO7ELEVlLNRSmORu3YpEoY6O3XfGxDEkIvI/D+64Zcfh/dZ5LA+KTHOYHcpnhDH2RNS6kOI1NohSwgO2CizNLRwrN7Ae6jSxegS5RGwnkrCCE0Z9VLkhI7bqL3wkSWDRFjCBuhO7ox4QXb5wsti54HI5C4tkCvKOcEAZCoQN8qZSVGl2CszWTfpLvjmky/a45CmwkYzlVsDw5ilwvAO5We2B6Sm3HRb0kxY4Aq7idrjBWajPore31QIEJ3KRhna0t+eGWDHkHCZUty3lNMgDkRwyzlQ6TnuRVy5adjhSKeQggKPWNLX5HAXIncKCd21ltG/LeECqZq3SgeMfdOkb3z6piXIU5bobSsppv5p2xgqXcXh1KDzuq8HRI7PZxUw/zIMNOdsrREyRe6Dgyo8Tw5gey5XDVAds5QqjMcoaR3RnP1RkgditdPBwL/vi4GZe3w5dI9VZ0byQN1ArRioKkUjwMfmunSzweqhtm4lkTsVAd/eEqW135qNNhsrsD3WxmaKzwHid5RsiHhRmO4CkRu52U9AuIGYE8Jo2ajSAKNnnJQSljspLkg1XK5ESiVQJdsgQ+U7pEpYZojHKJKemDhOdwjCfAKY7jBUSpaM5AR5DvhMmGRhBYHGWCNECjuAIQYxvsjnhIyPIcg5+yiv5UuXv9lEkSbR0Qsf1NVhBwq+HkKxi3CKvrIq06/um4zunOOCmK5LIljpOyubSB4ee6p39vzVzZ94lnuNGkeJ4Lq3N/m5yrSSQ+ig21uJMlHkfvwsrO4pKMNoyc4GPUKd0vA2SscXtzgbKsqJM7eq1PStIPCLiNyOV1tDXhqX7PJef1Edvxo19K0NYNI4U876R6qLStAYB7KfRx+NVxMxt3XdXB4S3KNhaYmR0EZa3BduVOh+rJ3QYWtjhawDGAiweXnumM59jyTGPIH2VLSxMu3Urng5jpGglvbV6qwq6r5WnfNjgLvSdCIaKSukb/Nqnl7j7Z2UErhNsus47pmtxnYwDOpcmOTsi0bMSte4cKsi28osmN0tDV1LUCujlWDDsKxEcuMxjJTHn0KUQS5kJHhNQt4IPVN1RX/J0HhtxrmBaPZXRAHPCwHUVa65XF2g/y4PKPRC+Q4xz0ZXqasmpbKWRk6nbErHUMRDQ4jlWXU1yNZWfKxn+VEcH3KDRMAAOMDsvOeY1GyDR9R+i/FTnOM5IlwRYZghOMbeDx6KRHH5cAIMrSH4xv914Seqecn33S0OMNqPHvib0tLb6kXWAZhlcQcDgleeOkJOF9N3izQ320T0EjQXObluexXzn1BZaux3aegqoiwsccZ7r0XifISv/ANOXo8D9S+FlpbPngvtfZFaWgcruoeqBkroJyu+p5eDxzRKG/G6nU4ACgwHIGe6mDZi21LgRPvB2qOW6QVDIOUd25QyFU+ylygaSR5SQEHhxyApOPICoR5ClNOWgeiZDojG4OpdLQWooaD2TcFRpMuPeAdPJ8tLrA27hXdNMydoew7d/Yqlc33R7fU/LyaSCWuSZJo36a3Y8Mv2N2yiIbS3SMHOUZudQyijLB14S3I5gruh3ojt04GF3AUNaWSMY3Hso8kZyCrJrAgyxBw2ChJQwRYzpxunysD2gYyhSxnII7J0b8DBCguUcrBnrpQSwymVoyw+ihMn8Eg4WqqYvFaWY+rZZWupXwTua78JQM5t1br+6Je2yujeG5djO35q/hlG2BlYSln8NwyFpbbcWuaAUhs6Gj1W5JSL6WlgroDDMwFrliL/0tPbCamDzwk747LbU8oIB9VLMMdQwxytBa7Ygojo3UQ1UNrPINKRGO61/UnSEsDX1tCNUY3cwDcLIuyMgtII9VDzl+nnp5bZIE7ZCRXHB4QkLWRKEkkkqKEkkkoQSSSShBJJ6ShBiSSShBLucbLg3SO5S5ssYnpiehQQkkklZBJJJKEEmJ6YqZB6SSSsh0Ak4AyVf0cTo6drXDfCp6KLXUN2ytCSNOwxgBPpjhgyWSPNx+Srp3E7YU6dw9cbKE4hx+y1PszWAosk5d3UgAYQw30CezsqIOd9JUGT6ipM7tJwVHLgQUibDgh2R6hLI9QgknKQJyljQwaAcgLqY1wxud13W31UIDSSSUIGToWeJI1gOMlMPCnWeES1rds4x+SsOrLmkjTW5pZA1mnGFaRfSFHgABwd8KQ3jCo7tC2rAUEYXcj1QslLJ9VZpUshCcIrUBvmR2psYhHV1vK4kiLUwwJwnJhGU8DCgeRNGM5UaZx3GUWQ8YKh1mS3AVpZMupu+ODlgpL7P4rxC050jJVKYyDjCup4i9xIGdlb2Xp/isqmjf6WrTGnceG1eti5ORB6b6TdWyNqa2MiIbgL0SGCGnjZDDGGtYMDCi0nkAAbgBTG6nbBp2W2ijHJ5vW6iV0sthEaE6TuEW3W6ouM4pqdhMhGQMLb2f4ZV0r4561zWMA4K05SOh4vwGu8s06IPH7ZjGRVEpAhhLiVqLX0Lcq5jXzkQtPORleh23py221gDKVpcO5Cn6QNhsFTszwfSPF/+HenpxbrHul+vRQ2zpW221jQ2Fr3jkkK8axrWhoaAB6BP0+64QAC4nAHJQSbPe6bQU6GChTFJf2EMNB9lTXW+OaDSUnmlcNsFMr7q6tqG221tdI550vkH0t/NTrTYIqEa3kST75cdwPspkd8W/sr7ZYXOc2tuPnkdvgq8bAG4OBjspL2YAGE0geqr5MDVp4xWUMAAGAmZHqnu2BUQuIJ1FA7MhYxwPe4DcEKLJLnsnynChSz6W505V5yJmGfIGgqqrKyGFpErw3Ki199hptQduR791jLndpK2VznZIzsp2crV6yFTwuSZe+oS9xp6c+xOVnZZHSAA7onhl7s+qPHSnI2ToxPP33SullsheE4njb0RmwEb4wrBtO0Y8oRfBaBnATcMyYRXinAH0pwjGRgKWWgZ24QQ05ymKIi3AhFtsE5rcduPdE1gN3USSYDP/VGZ5zSCSyNY3sqyonc84wnyyFx5KZgDcozHbPPAB0LpSCTwniMRt2T9fYNSERO+VDNLkFu4ouGNaCcE+mU5wZG33wojn6t/RG3hFN4HvnawKur67wxnOD2UevucbQ7S7cbD3KqHvq6o7kkIVPIpy9D6mvqpXaWnYoMELnuy47qRBT4PnajOiaMADCFzB25eRNhbgbfupDWhmDhMEZGCQjfSACgzlhrgcM7AhP1Nxwha/QJvibnZSTDbOvdkkeiHpc524T2sc5wyP3U2OnBAIGFabC25AxQYwSFLjAGMhcc1jMZ7Jks+QAAoTCQR7w0YUSYk7pPdncnCr6y5RwMLieOEMpbRbeA80wb9WBhZS9X0yB1NTnAH1OUG632WqqHMY84HoVUudqOc4KxX3rGEIm8ic4k8lNO6SS583ufItrPDOAk90Ub5Ca2NziNlNhpG5DnDdAFXVJ9Ao4C7fHKkRQAEbKQyINb5QutAylpbuzdVQl+XYmxgAENz+ado9kRpyE5U+DRtx0BLCU5ox3RElRMAycdktXsiYK7pKsao5BsaB7p2lODSUVsBO52VDVHAHBwhaXZ42UwR4O42TgG42aFaK2biO0HungDCJpH9P7pmMKsBbBIRBDT5k9xI4CY1jiULWQJRwNLSSutpjnPqjti1HhS2wN0jZEo/sRLgBFCGgZG6TosDnCkacHhPMJeNgiUcsRbbGqOZFf4Hiu3VxQ2wRhssg37BGobXpxPKOfpb6KxbGWrTCB5XXa52ycawYa7GAu+GSckI2kLuj2TksHOdj9kfw2ngJNj9lIwVzQVQOWRGk5UmN+O6iLuTnOVw7K0Oy85LWGbON1LjmPIVIyqII5U2Gp2BWC/Sxm8s7mg8zbQ1FsuYqpw2wpkVYCBwqRlS3ghGbICM5XKu0MfSPf8AjPqKSik2XWuOQYcAQo0lI0eeIkH0BUSOpcwqXDWDO+y5d+lkuGj23j/K1XYwwIdURnL2nA9UZkgkHIUgvhlGM5KizUJbh0OTnkLnWaZf0neq1EnyuUTYZSwANdjHup0NSXgAkErPCrdA4MlY4e5UunqNWFjsoaZ0qdTCfTLwFrxgLmn3UGGd7XagdvRSG1IJwUicfSOhGSwSNPuumGJ394wOXBgjIKcG7cpbWA0k2Qau0MkJfTuMbudlX+DW08m+o4Wia3UmviyMKg9hUxzPOz24RQ4HujTUmN2hRDTSg5apnBTbiSUw8IYe5ow5qf4wzjCvISeRpLspAuCdsUiBhTAeTrZiMDCO2cYGyiEHOyQDsqipSwTg9p20hPLGubsQFCaSMHKIJSMeyhFLI51MDkoBhcO6kiYY4XPKoNAHPBCaW7cqW6IIJhO5Q4yQBFNU00gkgkc0j0Kv6DrOop9MdbHraPxDlUpGn8OUg0HspsbLyeg0F/tVwYA2QNcezipr6CCsYTLCyVh9BuvL8ac6Tj7KfbOo7vbXhsdSSwdnHKVKGAlY2aC5dFUchL6LMbv6Tws7X9O3OiJ0w62jkhaWj6xhnkDakFueTlXLKmCsaHRStcPQFA6hsZZPKnyOjOJm4+6lU1e6Ej5WUjPYFb649PW2tyZoBv6DhZWu6HqKdzprfJqaPwlIlVlhKTLm0fE3qW2N8IzsqothonGoYW2tvxXsVeyOK920UZdtrj3b/wCi8YlgrKR5bUU7xj2XBVMccenbKW6eC3LJ9I0dTZrpGH2q6RO1DIGrhPbHdqd/mayWLseF88Q1MjWDw3Ob32OFo7X8R+q7aGQisFREzYRzDUMeiS6MBxl+z2d1dE0Ymjc13BGNkRscM2HRkHO+yw1u+KdqrWMivFtkgkdsTH5mf+i0tHc7HWtbJZ7i1rzvpL8fkkyqG5yi2+WDBgtByoVVaaSY58EanegRW1dVG8GUah9tipbayknYBgtclSqa6A34Zl63pZxGunbpPbCgMZ1DZZhNHJOMf4i4ELdsxpBbuCiOpw7lodn1CS62VvT9GUoviBX00oFdDrjPOBwtLRdcdN10jWSv8Fzu7xsotR0zQ1xJbGI3nuBsVn7n0FUsJdTgOzwQqwycdHoobR1TWyU8sbgeCCgzUMxO5yPULy35PqywYmp3S6W7ADJA/JTrZ8SbxSEQ3BrXtbyXDDkaAlDBtKuy2+sjdBW0cbwfVu4/NZqv+GVtneXUMkkRPA5AV1bviD0/WlrakiFzu5xgrQQVVBXRh1NNG9rtwWkIyYZ4/cuiOpbO9z6dhqIhv5eyoxW11JKRPG9hb9QIIXvroJgeQQfVQq60UFfF4FbRskb6Fo2VjDxpnUMJIZO3Y+inxVtBUhpMzGZ4WruXwusFXG75TxYJTuCTkLF3j4c362lxp2GeIcFqppMrGS3hZVMxJS1OAeCCptL1Hf7Y53+9SSNPZ5yFhWz3e2ZgkfNGW7aXZU6HrCenaGSwCUjuqcUwXFez0ql+JsHh6LvQM221MGD+ato+pOlrgWtjqoaYuGdRfg5+3deax9R2CshDqiExvP1bI7aDp64N109wpST+DxMH9Ev4UKlGK4SPT4opiRLbq5sgG7Sw8hGi6m6ttc+uISVDB9bdOcLy2ltFzoZWyWq8yRBpyGskyD91Pb1d8Q6J7mOlbWwjGz+32VOkV8SfZ6xB8TpGn/f6CRvrthXdH8Qemalv/b2ROHLZTpOV41F8TC4FvUXTj2s2BmY3v9kaPqf4e3QOk+aMHoZBpwUidG4XKir2j3ynq6WuibLTzse13Bacgpz4iPqaf0Xi1LQsDW19iu3AyHQTZ291a03UfWlC4ubcoptQwBNx+SW6GkJejT/BnqUjO5GSVBq6GjqxippIZfd7MrJ0fxAu0BY27WlsjDzLC/P/ANThW8fXXT0jtMzpovcsJCUq2mVHT2w5B1vR1irm4fS+D/8ASToVS/oS5QHFt6sroIxww+bH7rVC6W6X+ZT1LHsIB2Iz+YRYqiKYFzHDAOOULi0E52xMRIPiHaZG5jpK+PgEjzEf9V1/Wd3pA3+LdOzxjG5jbwt2/Jxg8Jpa131AO+4QbmErFL8kY2n+IFlnA8Rk8YPdw2VhB1BZagjwq1uT27q3qrPbazJno4nE99AVTP0RY5eKcsz/AEbIlJewl8XvglR1FPMMwSh4Pon/AJKjn6CMZ1Wu51cRH0+fZdisXV1Nv8/DLjgHKmY+i3tf4svWg+i5oBOXAO+4VN4/U1IAayg1NzuWBFivLgcS0kjc98Ik0RcEyW22+c630zA48kDCgz9LW6pz/La38lK/idO8A6iD6Irahrvp3/NMbxyMc5R6M/V9C0jh/Lc0bf0qoqfh49+7NP6LdNnzgYRBNnG3KDeV8svZ5TWfDus1eWFpGFWVPw+rY9zTN++F7O9wyN+E7SCO36K4zSGRvweDSdG1UTtosfkVEfba+meWx+IwjuCV9AupoH7PiYc/4Qo77LbJPqpWEn2R70wnqE0eENqr5SkGOslB/wCcqRD1h1JRODvGc/2c7K9kn6VskxwaRo+wVbUfDuyT7jWCVSSBU0zzyH4pX6I/zG7BWtP8ZXaGtqKXLhyQruq+FlHI7EOC3sVWVHwjyf5WghUlhhZRMovi5aZB/vOpo+yuYOu+latoPzMe/PCw1T8Hq8OJjlZvwCqup+EvUEW8Rb+WUWMrAMpYPV4b30nVbumj34xhGx068eWRuCvE5Ph91jTnykkD0cVx1v8AiPQ4bE2UNHBIyi+PIPyHtzrNQT4fC5paeMFNNgZ2wSvGIb38SraPMJCBzmIY/VSmfEbrmnwJ6J0w9mKOqT6L+Q9Yd07Uk5jeAFx3TtYBnLV5vSfFXqCN2am0VTcf0sVpH8YqoNAktlZt/hQOua7K3mvNjrQeAUZlpqABliyEfxlibjXbaw//AGtSI/jPbds2+s/+5ocNdlmmbaappx4YP5J4s8/PhhZofGi252t9Yf8A7Wnt+M1GRta6r/yo3yWaT+Ezf9039F3+Dzf90P0WcHxfpDxbqj/ypf8AtaaRtaqv8moNos04tM2caB+iP/B5i3+7A/JZD/2relrq8/8AIuf+1O4O2bbKsDtlqrYyYNYbNPnOhqRssrvqYw/ksj/7S652/wAhOP8AwpH4jXRw8ltnP3aiASSNX/s2JuY4h+QUeTpCKV2HxRAd8NCzjfiBdnne3PH2bhP/ANurqR5aGXPuFQxJF6eh7UBvz9kh0RbSDsP0VB/tn1C87UTAPdm6c3qnqGQ7UoJPoFCksF3/ALDWwnJx+i5/sFancvb+iqW33qM7imH6JwvPUj/KaSL/AMqgLjnksv8AYC0ndulIdA20bnSoIruoXnLmtH5FPMt8fgGQj7FQrKRYf7EWlrd28eyCOk7Q0/Qo5pb28b1Mv2ylFZ7pMcSzvP5lATJPislhpv71g2HqjBnSsA+nUUCHpiWUYme8/wDiKnwdIUseHEnPfJVPkpySOMu1kjaI44W4b7IbupYWuLKah+x0qxhsdJER5AfuFZQUVLFgsgYCPZCkB8hm3Xa8z/3NKxgPHlXW0t/qvrAAWs8NgGAxo/JJoxwiyR2Gfi6ZqnAPmqQSeQpLOmKFmDJlx+6vEi0lMwC7G+ytjtFDAQ5kIJ91IjgYxxc1gGfZSNPuuhh5UwLcmxADCcOV3GF0NJ4CsgQcLn4k7GEhylLgVJZCM+kLq40bbLuCOQoKcGPSGy4XAckITqmMfiA+5RA7WSA8EDZLI9VG+ZgO5qIhj/EhPuNG3/4lhx7qshKDZPxlLBVaL1Stzh2r7ITr+w7Ckkcpkv4Z/otsj1H6pZHqP1VMb1O4+S3E+hwm/wARurj5KADPHlUbwRVS9l8N+E/JB4VCyW/SfTCG5XXUPUMv1Tlg9gkSnknx/wB0aAOA5SLmY3cAs+2x3x31Vrhld/2deADVXOXfnzqybYv2XT6imZ9UwQH3OhZzPlQm2CjjGZK9x9dTk0xdKQbT3aLI5zO1TDJ8cX0n/wBiWb3bwceKkb3QgZ8RVk1w6Cpzh90p8n0lyUv9r/h/TtDDUscG8eTKNJsGVcl+MWWAv1E46Wkn7BDN3ic4gRvx64UB3xG6CpzmJzAR3ZFk/wCSFJ8Wujmf3THvPtGAr2spU3T/ABgy4FU54y2J2/CY91U8YbCSqQ/Fzphx8lFPn7AZ/QpknxltETdMdlqXfoFNrC/iaj/kLprK5x3hIXfla1w3Ys2740UQ+iwT/wD3Qf8ARRZPjLN/wbQxn/P/AOim2XpDIaPUv+k1JoqnO7P3S/h9Wdgzn3WMf8ZLoT/LtFIfctKC74u3/tb6IZ/wKtln6Ceh1P8Aym7/AINVnc5XDZas/msH/wC1q/n/AOCov/uaX/tYv3/yDRf/AHMqvjsb6ItFql2bd1gqTnzD9FHd0rUu4kaPyWN/9rF+/wDkGi/+5lcPxYvw3+Rov/uZ/wCqLbfHoZ/C1P7Nc/pGrO/iN/RRZukLjjML2krOx/F67tP821Ubx7ah/qpjPjA4geLacf8AI7lVjUFLTaiPYafpvqOM/wAprXBVlVa+o6Ylz6SX9FbQfF605/3qhqo/cAFWdN8U+kqnAlmqGZ/qYiSuXaIo2x5ccmJdUXWF2JYpGfcFObeqqLBcwEj1C9Fp+q+h68H/AHqIEf8AeABSv4b03cGh9MKWoad/5ZBIUTlnlFfLKP5QZ5vF1VUx4Hy8O3chTYOvPA/vIISPstnL0lZZwdFIwdtgqmr+GtBO0iPUDnbZEpx6kXCdMvyRCg+I9HjT5Yj7I03XFPUgCG8GA/dV9T8LHlmI5Gt91S1nwvr2nIqQceyLbS+mOitNI08HUVY8/wArqpxzw3Q3/PClsv15gw4XUyA+mN151U9AXeHeOo0kDtlV1R051VEP5dweMcYLkfwwf4suzTUS5ieuM61uUP8Afw1cwHdjcqVT9c0E3lqYJ4x3MkTv+i8Jkp+t4DpF4qMegeUw1HVMB1SXCb83FEqE+xX8SHpH0My5WG5/3dcWOH+NzcIotUkrS6gvDyeQNa+do77emEeJWSbeitaLrO8UjgWVsgPrqRrSOX4oW9H7R7gbf1PB5qauc8+jiusqeu4/qo4JWj1G5XldH8Tb1E4B1S532cr+i+KtwAHi6zj1KVPS2Q9C56Wa6SZtje+o4B/O6fMmOdDUL/a18f8A2zpG4Mx3EYIKpqf4pTSY1sA91bUvxCo58CV2PXYJLqsXcRD0s3+UUPHXfTsbg2rslwhJ9YcqZD1n0fMcOmfGR2cxwI/ZEj6ltFUz+7DsjG4CTH9P1g0zUcZH/KFT3L0KdMYv7ov/AKEkdUdKzjS27safckKRT19pqtob1TkHj+Yqmbp7peo3bRNbn/CFCk6I6bk3DJWH/A/Sos+wXTU/2v8AJrovDB101xZIe+HZRRJUOz/N2HssUOiaGH/slfWR/eUrv+zd3gINJ1NUMPYGQlBkTLSwlxFm4HzP+I/kieK9o8zSfyWENu6yh2i6gLh7nKeP9u6TzRVsE/8AzBXkH+D73I3HzDu7V0VB7hYX+Pdb05/3i2xyj1YEaLraqjwLlbJ2/wDI1QW9JNdPJuGytI3wPzTtTfULI03X9nPllY6Mn/vAp1N1Jaq12mKqaDzuVAHprI+jQgg8JZA5KrYq6MnEczT+aOag7FCngU6WvRJ7Z7JpKY2sgxgndNMjTvlFvX6FuIQs9CFwtIGchN1e6cNXoVMFHST3C535XdYxjCFvnOUWCsBxwlwEPUu6vZTBMHSQTjCboPZd1eyWr2V8guLYgHA51fsijbKGutk9lRWB2oZ4TtQPcJqF4RznKhQ98bHc43UaWk7xHco7mnbBK63b3ULKuWO4w7twQozrhLE7FQ7SFoDuMKJNRU8zHNkjaQfUZUDU0QmXGB7dpdyjwSvyHvfqafZQKvp0aNVNJpcOFTCrvdqlxPGZYx6BMDiovo2HjwEAat1xrgc4cD+ao6O90dYMOw1/cFTopmZy1wKMGSwTy0O5UOa0UVQ7xCxrXeoR2Sg7Jb8goyimNPebdI58Mnjwjhp3IU23X+lkcIKseDMOWuU3Kj1NDb6tp1sBcfxYwR+aPJCbLSUdwZuxrx64yoXg1lqJdSvMsZ5Y45AVY+lu9rcZLfUGSMblp5U2j6hpZCIqxroJT2fymwscHlASjkruqOj+kviHbnUd/oNMjhgSs8r2n78rwvqX4SdZfDud1b0w+W8W85/kgZe0BfSUkTJG648DO4cEB1RXU/lqWNmi9MLs6XydlXD5TBcWuj5fpL1Yurab5O4shjqRlskEo3B/NYXrL4Q1lFC+4dODxgMnw9WB/qvqDrj4MdKddVAuUTW0FeRllVAzD2n33Gey8futH178M6j5bqWhbdbW8+G2ppQdLD/iPuva+N8xKC30Sx/ZmDVaerVR23Q/6o+aax7Y3PpblTtErdiP/XusxcrS2XVJTuDRyAV9S9T/AA+6R+INo/iNiEbaxo1te3Yn/C71XgfVnR976OrXUtxhOgHDZQMA/wDRfQ/F+Wq1nD+2X6Z4Hy/hp0xeVuh6a7/6nnmt8JLTyOQnfMB2AcK0raaKrBDQGyDuBys/LDJBIWSAghegVjS5PAavx06syivtLGKo8MjcKfFOSB7qhLnbEZ290amuGlwbK7ARqeTkutM0DZA5J2+2VEhljmAMb8ozXaduUaw3wZ3Xhg5ow4cKmuVtjqmGN7dzwVfEagos0QcEM48Dq5bHwefVtBJSSGORu3Y+qhA5JGOFu7hb46qEskZ9j3Cx9bROppMZSLIYOnRen2Qt+xT1wHKas7jk2rkdkeoXCGu7hByfVLJ9SlOOS12cljACr548HOFZOZjbPKDJGMbBKsrx0PjLBVkkHcJp4RqiLzbBDLVgs4NEeQDvKdl1jy06gF1w2IQmg5KQ1xkdFtcl9Qv1tDweynMcQdyqe1ytAMZ7DKsjuRukTjk7+kv3RLSF+QFMoZHNlDgVUQSEAEqex4IGFnlHJ29NYXpOpoe0o8Mhc3B7KDRzYjDTvyjxzYOMYS0sM69dhysaDqx6KFEfVT5iHN/JVm4kQsu1+0WNO7PdSVXRyA4weFMLtbBjZOiioTyVdUMPJHqi0c2Ro9k24YEfG5KDRuHiEZ7J64McbNtjX7IlxGJ/zXKc5Y5pRru0OjDm7OBUSlk4BWqrg5dyxNorLnGBOh0+Q4KZeWDyvA3VfC7BGey6VLR4rXxxcyzYchRqn+9KkROBblR6jeUla5PJzV2PZypLOFFYcFSmHZWiWnJOFEk+pS5OFEk+tSWCoLI2UAtyVCJxIMKdJ9CgSDLlkn6NMCU0+Ubrp4QmHgZRRwrj0W3jsDIPMmP+lFeDjOFFkPPuqk8dlRlngGz60/smN+pPkBLcBKzkanyAd9J+yhS/ZTDyo0wAwQEqccj4vgfTY1fkrCm3BVfS/UrCl7/ZMrxKCAsHP5SAwk45OFwHHZDJYEsc/kK6tH9wAqSTsryzN2YTxykWGjSLMy+pSWtz3RX8coDHAArkkuoeiVXDe8HUvnthkZnXOyPGcrfdPweFC3A5WEtsRnrW+y9NtdOGU7B3wu5pa9qR898rdKU3kt6bdmVaWKIyVrTjOFWRtwzfZXvSzQH6iM7ZXR9HnrXwaR+2AFIh+kKOMlyODsNkxmCfLK29SeO6O3j/AIrgMeq1FPAKaljgaMBjQMfksxQU5uF7ZIW5bTkklauqdhupo2U6AnwgX1P9VOjAa0YUGmBc0PcFYt+kIRQRpKNHyENuM7o7OFaBOuOwwhPzwV1zgCMoTjuMIZy2kCkg8JyYOE9LIV/UFx+Qt7y04fL5Grzi7V/yVBLIT/MfkA+57rQ9R17q6tc1jv5UPlx7+q8/6xrmENoWu82NRwk3S2rJ0NHS77FFGbJMkpc52S45JVvTNdlgDfZVFtiM0wzuG7/daSmY0Pzj2XgPN6pttH6C+ktG40xZKjbhoGFEnB8Z2BsrHTtnCiVAGrOF4+dh9ToqwhkTi0jCxfxU6Jk6gp23a3sHjxty4d3LaAYUiJwcwwvblp2OUzT6uensUola3RQ1tLqs6Z8kvfpcG4Sa7V2XoPxY6RNnupuNPDiGbkgd15+G44X0HR6yGogpRPiXk/HT0V7pl/0JlIe6lyHyjCrYZtBClslD9guvXbxg41lTiEXDwu+6Sd2UCITEcgcoeChawC0MxhHhPAJQnjC6DgqJ4ITARhIgDshtJ2RBwmFAycprmEDOUX6eBnKQOs44RKOQlJx6D2+vMREMx8pPlPor5kmQMDlZp8BAyApluuTmOEM524DkmUMHU0moxJRmy9iLiR6KQOEOLcAqQwZOAVR24NPoYmuGQpBaCBtyuNYeyho2cEGWIHdRnM9FZvhPI3UWWP1UFSh+iKqy8UomxKG+YbK30+6ZLCHsIQyWRNsN8cYMbJE5j8Ywp1vqTG8Z5RLlQkP1N7Krdlp08YSmsHLi5ad5NtbqvxWgEg/ZXcMuQFgrbcDTaQSdlrKKtbIwOzyhTyd/SamMlku2uDgWkbHkLN9QdG/Pgz0L2MkBzpI2KvIpM4wpUb9uOVZtsqhqY4kjxirpJ6Kd9PUMLXsOCCEB0bsL1+59OUF5BfKwNlxgOAXnl3stVaqh0E8eAPpeBsQocLUeOnT9z/H9meLCDg7Lqk1EBIBA/dRy1w5CA5ko7egaSSSgA9JJJQgkkklCCXRyuJDZU+i0MSSSWWWWyh6SYkiyGPSTEkeSD0xPTFGQSSSSEgkk9OY0vkbGBlHFclZwWFqhc6TxSMNCtnkYO6j0cRjga0jCdUv2GFrjHCFynwRqh2TgFRmjzJ0hLjymppmm8sIACOE5jfZcYCUR4DYwSqbwGQqvOvIUck8ZR5XZOVHPKzy5lkdASSSSEaLJSyUklAByMgoyhBLTdP0IhhNRI3zP4VJa6Q1lU1mPKN3fZbGJrWNbG0YDRhEng2aWvL3MeM5yEZMbgb43TmqzqpYOrrTgruAkzlQNSyFHCIhg9k9WnkYPSSSTCBNXsuOORwku50b8o4xyXkbvnJUaoOBujzTEDytUGKGquE/hM3CfCtHG8pe4R2R7OUlOaifDG7A5J9Fp6KItYByANlf9H/DW83ZrWwQiNrgMyPHlH3P6r1vp74U2KztElc91XOfqJOwPstEZbTjaL6V8h5SW5x2x/bPJ7J0rd7wW/J0/ff2Xpdh+FLIdNVd6nVJjdse36rfNp4KeJkFPExjGDDQ0YRmEAYJymqyT6PoHifoPRaJKWoW9/wByBS2mgt8bYqanY0Dvjc+6kufpAA3R3AHbKHKwHHdC5M95Rpq9ND461hAQcnOEgMJ7gByVEr7hS26mdVVMgDG85V5JLA6pnZCwvcRgcnKzktbWdRSfKWvy0ecSz559go7G3Xq6fxBF8tbGO3xsZB6LZUVDTUFPHS0kTY42jGAFG8ipLcRbVaae1w+FC3Pq48qcG4z7p8gGNgmOxjlESMcDCgucd99l1+Q7GUInCILI10pGwCjy45BCI52c52wqq4VzKaIvL9+26mwTZYodhp6kRDcbLLX7qBjcwQnc+iiXXqKSaMshcc8ZWecZJXFziSSqZxNbrd32Vjqqd9RgP7DCAyHfICkNgc8jblTqekDBkj90cI5Zx3yQo6X1apLIQ0DAUssaBjCEeU+KMtqwwZYAEJxKK9wwo75G85T0jLZYooW2MZwhPe1m+x/NDmmPYKI+XVs7ZMxg591oWWp5ACiyuccJOOo5T9PuiSyZZzygW4TdLndsI7It9xsuyysjAAblWJba5BtjAGTt+abJMIxjATJJc8DGFDqZchA5YKb4yPmqedwqC5XfGYITueSFFu15AJp4Cc8EoFDRvJE0wySMgHsglLJmnP0gtNAHgPmbv2Cmsa1gw0LmnHdPbtuoKY0ZJxhGY0cpBzQDsh6sgqDk8BXubgAIeslMaCXbohwAoWOXWtLtgmjU7OBwrCmpi1uXgb8KDoxyCjixjbhSfEEbMeiHJIITgBRnVBlOwUCfA6WdznYA4Q8h27yAujynL1U3W801OHYOS1BOagLnKKi3I7d7rHTsIDthz7rG3K6zVpdgloKFXV81VIXOJwe3oFEzkFYLrXLhGN2bugenfJO67kpHkrrWFxwscgUcAJUiCmcS1xRYKcEaiFIaGtAAQM206fOJzOsp2gA6d1KY0AYxwgZHZOEpJ+lUkblGK/FBtI9E1IHIT1RYl0DJAXF0NJ+yhaCCJp/+aiaAEwM9yieGfdUEsHNh2/dO29Fzwsp/hHGVEFlDdvRd1eyboOcLojcFZY7G+V0DJwlpLdiljuoFnARrG43Q3sb+EhMLj2XGhx2VFOeDpYDyn+G0d04QlwyAitp2cvG4Vi3PgExhyCEdoIGCnBsTSAThSIqR1Q7yDYcoowbObq9ZChbmR2jU4DlXVHQAMD3ckbD0RKK3RRDVo8x5yprYwMjGEyEcM8rq/IT1TeAWgAAei65gRNPulp91pSRgWUCDU8MHouhvsjBuArAk9oDSPRLAT0kIJT5B4KStpunZof7tpUKW31UW7mLzUdXRd+Mjt6rxWs0bfywf/QjjZGZIAA1AIIJaRgprQQ7JKLh9HPXD5J7ZHHcKRFM4YGFDgfwCOVJbg8JM60zp6a6UOia2oHYcojZvtuq4A5zlEEh4OVitpUuzvaPyVtT4ZaRz6SCMKdHVAgDIVCJiN0RtSeCsN+iUvxPX+P8AqaUGk2aJrYKphbI1pHuFAntsjTqpZCMfhKjQ1hA2cVLhuDsjxDt6rmW6SUfyR7jR+W0urw84YCnrpY3+FNsRscqfHOdnNCfmirG6JNOr17qFNbqulJkppDI3nSTwsFulXpHep1ThynlFtBVl2GqXHLngcrMxXHDtErHMcFOjqXnBDshYZ6eSfJ1adVGa4L9jx9kYAFU0NYG4EjvyUuOqaSN8BJccGyN2eyY5oKAYhgjhGa8OGcruAlWJhrlkCSlJydPb1UQ08g7K70BCMLTw1LC2ZRUODmHBCcJc8hTZKPX24UaSjcRgbYUJsyKPSTgnlH8D+kblRBE9m/6LrJp2EBz9vsjK2sOaebkNGPumeG4bkIjK6I4DnbogLX7hQrojDVlPBI5RdI5wmKBjtSWr2XNvVdIxyUUXgg3AKcINQzlcSyfUo28+gs5Bup8dv3TCDvspAd7J2qLuAEO3PZZFa3T2wnsqqmmeJIJnMPsURzW/hOyYWE8JbWC4ywXlF1jURMDKmESY7q+oL9b65oMcvhP7tcVgyMclM1HfG3uEtxD3npL4aWpbpe1r88KmufRVurAX0gMEp7jgrNUV4rqZzQJS5o7Eq/oerm6hHVRYH9QQbSbjP1fTN5tjnOOZGDgt3UF08tP5poXAeuF6NBfbdVkw+KMHs7hcqrXR1cZDoI3MPGAh2BZMFHWxOaDr/dSYql7cGN7gPY4U6v6QaxzpKbJH9PdUU9urKVx+st9PRLdSYam0bC29a9QULgWVXisaMBsm+AtNbviXTStDKujLHjnQNl5VHVSxjDXI8daRuRuhdKL+Q9xt/VdJPpkpalpB/A48K/pOoY5nhkkWx4Ld186NuRbu1zmn2Kt7X1ldbfhjZvFYOz91nlpsk3I+joXx7HIwfdTmNDmg4Xjtp+LdG1raS4Uha4dzut5Z+qbTdY2uortGXHfwhJl7fySZUYKc9popIg7ZzAfuq+t6Ts1wjxNQxtf3IHKlQ1uQC4hzfUcqwjnhkYDjCzOtokptmBrvhNbahxdSVQhzwHFZ+q+HnVtlGq2XGV2DlvhyHZevk07iP5m47YR2HbGB+ZVNtBRm12eLs6z696ekDLtRtmY3y65Iz+5V5bPjFZ58x3ahlpXt2JadTc/fsvTjTRPBL/BOe2As9cPh90jdQ8y2xjJHclmwz64QfJ6C+QDb+runbmGmmroyX8DVurZsjHjZuQsFXfASiqBm3XV0I5w//wCaqeToT4qdO7WacVVNFs0CbDj9g4q+yZTPTK2xWq6MENdQRytAOHacP/VZC6fDCwys0Ub5IH5+r6v2Wc/2/wCu+n5BD1D06NA2c8F0Tj9/w/urKi+MvTcrjFcs0Uvo54cP1R5yEUFx+HN8ppS2lhbUR8gsPmP2Czs1onpJnRT000D2nB1xlq9st3UlousbZbbcKefUM4jkyVOlFPWwmnqIo5WHlrxlGCzwQC4sOKW5yRO5w15VnB1N1rQtzLVwVTTgAyUwzj7helXP4fdJXIEutny0rty+ndpyfdZ6s+F92gaX2LqcBo4gqog4H7O7fohUl7KyZ93xCuY0tq7CJBjDtOQD+uVOp+tekKgA3XpioYTyRGCmT9K9e2uMy1VjZWx9/AdkY9QcKnqaq1OdovFtqqI5xiePAyq4Jhro1zKr4XVhZJT3iGhf2zK6JzT9iFeW2zNrnBtg67MgAy6PxWzNx7jK8yks9hucOmjmidqG2DlQpukpaaMuoyMjsFTimEq0z3WG3dW0zvO+lrI8fgY2MroZc2bS2mcAdwAQvEaPqL4h9PQiK336tjj/AO6Mo8P/AMpKuqD40fEC3vJuM8dU0jAD2AY+2kIHRKX4oF1s9YhlfA/UGmNw7HYqZHWz51CVwIGNisHZfjxZayoZD1DZG0xIx8wzTIM+4LchbSi6x6FvQbHTXiljJ3Jld4TR+aVLTyXaEzqwywiutwaRid2PclW0PUFU2MBzWuI7qNHbKGpaPkKwSBwywNd4gPuHNCf/AAKraN/8lnlQ1zgVsx0S29RT5GqHI9lJj6lojjxYZGe5Cp322safp2HOE75N8YaJGE59ElxgBJRfaL+LqO0nA8bSfdS47pb5cBtTH+RWPlpqckZix7pfI08o28qFwSF7Iro3MUsdQMB7XD7rjqSB+zoWEfZYV9NNB/cVT2k99RSjkvkfmjuDjj3KpIva+kzaS2WhfgmnaPs1Rn2GmcP5etn2KzIvnUkGMP8AEA90eLrW7MGJqQBw58vKibyC4W9pl7/AZGf3b9v8Tkz+FVzQR4YI9iq//b5jQBNb3Z/qDv8ARHi67tpx4scjUckmil8q7DigmBHjRpwgc3gYTR1nZnged2/qE8dR2WR2deMoMMmJ+0c8Fy54LzthSf4pZpWZFXGCfddbPb3jyVUZ/NXjBe6X6Ipp3nlqd4D/AEUryHcPBCWB6o84CUpL0Rfl3+n7ofy8v9Jx91L3B9U/gfSoHvZB8J4Pm5+6WkqUX8+RNV8gfIRfCB5aFw0sBG7VLw7+n91zHqiy0WrOSAaGmPEYQDaoDsWZCstJBxhdDhjBYpuf7ClMqHWK2EeekZk+wUd3TNpdxTMH/hV4R6BNyPVU5P2XnjJRnpC0nmmj/wDKuf7HWn8NLHn/AJVoMj1CWR6hUVvM5/sXQciiix66QnDo+196aMH7LS6s7DP6pFo7tKjJvM4OkLSN/lo//Ku/7MW0bfKt29lfgbgEKQ2BhaDgKs4L3szP+zNuB/ugPyRBYqEDAibt7LReB/gCd4Df6GolLJSlkzf8Eoe1Oz/yrn8JiH0xNH5LS+E3+lv6JeG3+lv6ISjM/wAHi9Gf+VdFniz+D/yrS+GP6R+i74X+EKZK3GdFmBHLP/Kk2zuact0D8lofBafwhOELBg6QryTeUAtsnHl/RFbaXbHLVfCNgH0hd0N/pChW8p2Wt3B0o7LVEDksarABufpCfhun6QoBKREbQ07RsxOFM1vAARyDnYJ4G4PCBvAHyNkcR6eAn4HopAbtuhuO+OEKeQHJgtPuugYTi5o5cB9ymSVVFEMyVkQ9tSvA2MHMKATwkQRyobr9aoTh1SD9lGf1PQZ/kh7vfCvGA1TN+i4AOeETAIGyzzupp84ggBHbUguu16n/ALqA/kptYxaaXt4NLj3ThJDE0vfI0fcrMNZ1BPguBaE9vTl3nd4j53Z91NrBlXGHcjQOr6Bm76yJvtqUea+2+maXtkEp9GbqE3pDUwOqahp9crrbR0vQEfM3eCJw51ztH+qaoP0Lexf3OHq2mBAbQz57ZGycb/WzDLKRmO2yra3q74e2YuMl7gkLeNDtapqj4xdGQ+anZUSH/BGpsZaqlP8AGJqzXXiUARxiMeoC44X2QDNQMe4WGqfjra2YbSUFSf8AmbhUlX8cbxM4tpbXFG3s5xyT+WFagwlprP0esijrHtHjVBPsNkV9EJgBMScLxCf4sdYVJ/3fwGDvsquo6r6yqsk3eYh34WnACL48jI6SS/I9+fTW+BpdK4AdyTso0t16bg/vq2hjx6uwV8/ul6iq366i4VDiBzrKAbZWOJLiXEnJJPJVqndwNWjPep+tei6L6q+B+P6N1Bk+LXREH0l7yPRq8YZZn4y97PcEIrbJA4guY3I9Ff8AHwMjoorts9Uq/jd09Fj5W21En5YVdJ8fC0/7v0+72Jc5YRtrpWjGlP8A4fTH8GVPgi+wv4df6Ne/479TTf3Vvpoh2zuVFl+LnWdTsKqKMH+lvCoGU0bRpEY29k75Vp2bGM/ZV8EP0HHTVx/pRYy9cdX1Z1SXuZo9GnCiy3q91P8AfXerfn1lJC5Da6iT6W7KXBZJy7DmKfDFdIYqoR6jgrzJLLvPO5x9S5OYMu5VsOnid/D/AHUqCxyDDTGGgdyFFUglFIphGC3BGUhSAnjlaFtm0kZc39FJFsbjhv6K1Wl0XgzcdE4Y8wCOLcTg62/or7+FvHDGpfw6QbkNCLaXhlJ/DXAfU39Ev4c7+pqvDRgcgJppHDchuFW0rkpxb5M7uCOKBxwSWlTzGxpwSAUtA7O/ZRQa6LK024Hfyrv8P927KwXMj1V7WQgtoTn8KL8rtu1u3spSbqnJ+ppHZE4ywBlpkT5Q92t/RI0no1v6KVmU/iYlqk/rYl7ZZIuSF8ln/htSNEB+Bqma3ceJF+q6Hb/zKinH/jwmKMimsEE0XqxqDJbg0ZDW/ZWhmp8ahXUeBz/NTf4jao2/zq6lz7TtKYmwMIp3W0uxiMD8l1tJVxDMUr2Y4wSrP+O9PxnD7rTD/wAYQx1N0sw/zbzTgexyqfPovC9gIrv1JRHMN1qcehecKwpfiL1TSEB07ZAOzgo46t6IPF0if64K6OrOhnEA3CAH/EqUIvtC5U1T9F3D8ZbvT4bVW6GXPpsp8Xxpt5A+es74x6ghZJ1z6BqpNb7hFv6HZFDfh3UYDr1TZ9C/CD4YP0Iekq/Rs6f4u9DzkCqMrD7tCms62+HlYBousbSfUcLCDpzoysGKa+Ue/ZtU0H9MoMvw5opm6qC5wkHuC1ytUwj/AGEz0tfayemRy9F1m0F4oHkjjWCU89N2KpwWxRyA8EN2Xkj/AIZ153pq2Nx7HOFCl6B64pHF1LU7DjS8gqnWn+MgYVyj+LPYZeh7HLgimjwf8IUOb4cWGQ+SFjT9l5YKX4l2kE/O3DHfw5ycpRdY9eUJxNNdDj/vDlMVU31NFvf7Z6XJ8MrYfpJb/wAowosnw2jjH8qpOe2ViYPij1PDtN4hP+NTIvi7fmY8SOnP3aqnTqF7LxL9l/L8Pq9py2oGEI9FXJmMSg491Bh+MFyyBPTUuPsrGD4txOwKimpxn0SpV6iJPuHNsN5pR/Lk/cp8UfUEByyRw/NHi+J9jfgyjGfRTIuv+l58f72Gn3ASnGx9xAc/7ESK+Xyny1/ikjnZTo+t6qNgbUUpyNtXqplN1BYKrzR11P8AYkBSvHs0wGk0k2exwVNj/QluMvyRHpPiHQNwypy31yQrml6w6dqcYq2MJ/qVVJbbJU5LrZTn3AUd3TfT04w6Hwj/AIEvbFfmLdFb9YNZFc7XPgwVjHfZ3CmgOc0Ojy4H3WBPRVrLs0lfUsJ7B6OyzdRURHyt7l8PsHOQtw/pFSoivxNuJJoTmQaR7pklVTbCpY3B9Qs9BcOpaYgTwwVTe5Ocqxpb1SVD9Fwo5IP8RG2VFz0KlU4rgkuoen6sZlhiz/yqHP0pZJ9oZPDPPk2KsGR2iqOiGRmfcrv8KaN4pg0+xyoIk5R9lR/shpcDTXapZ/4ihvt9/o3aG1UkjRwdXKu30tfC3VFMHY7LjJrgMB7dvul5Azu/IgwXK7wNDJ6Qvx+IDdS4r7ggSQPb+SK6ZwA1NQiIJvqgVgShGROgu0Ev4sKUy4BwwJfywqc0lG0g6SxFZFT42n/LCgqVJaipad8gromDjgYVXqGdLXZ/NJzKxo1MAR8i/iRch+RnCXieyp4qqvjdh0eQFJFyDQPEbupkr40T9aQfnsoTa2CXGHYyjtc1w2KmQZQSJOseyWoKPg5yutc7OMFQVsJGr2XUMOGF3OVMFODHeL7Lqb4YC7nGyrK9FOODqS4DnsnYKgLR3SuGKB/95GHJySLcRcdFNculqKqJlph4Mnq3ZUU9Fdbc7TIC9g4IW31A90x7Wkdj9wr384GMylHdHjDXjcKyiri4cZyn11gpqwl8ZMD/AFaqOqoLtaXB2kzRjgt5R5QUY5NE2Zr8AnGVwxEEOaFnaa7RyO0mbDxy12yt6W4SjA5CJtluP6Jkj3MGCFXVVHTVYIlja4nv3H5qxNTDIAJNkF1M0+eEfuqU+QCkxdLOddLMZoh+BxyrO0dX2m5ONLUnwJRsQ7hEdGeHNVRcOnKGs/mY8KTs5gwVphZwV2av+H07wZYHZB7sKr61s9O10dfSfOUbxh4DNRaPcLLQXO/dMScuqaf75IC1No6loL00sheWTAZdG4//AC5WmrUODTiW48HnF6+EnS14rBfOjLgLbVMy6QRnSCewLfyWL6n6WuApJLX1z062rpH+VtQxusY9SF7zc+nKavPztLO6huIziqjG5PuO6oKi73K0n5LqmkdJTv2FRCMscPVw7Lu6XzF6f3MyumGMJHwn8RPg9W9N+NX9MD5qjc7Zm+uLPZ3t7ryqQtq2up6pmiVhwdQwQfdfpddPh3051DE6stM8YLt9Df7sf+Hsvmf4tf2Yo6qR1wtUPylU0udrwSyT744X0jxX1bXJKvUv/DPIeT+m/kzZpu/16PlWoZJTP0O39Cok3OQP3V51N091B0rUCiv9C6MElscvLXfmqLV5l7OrWRuW6vlHzXyHjHTa044YSlrZaWVrm7Dvur6mrIqkAsO/os4QJNgMFMZNNSPy1xaPst1d2Th3aWSfRsM7JrxkZVNb7q2RwjkkyVa+K3TklalLJgti4PAN4BOFVV9ujnbnG6tiNyo7zr/JKcHIOuxxZibnQOp35I2VcDkkei3VXRxVLSHNyVnrlZHxsMsUfHZKlA6lOpXspiMoSKQWnDkM8rPJYNaeeUcSd9KYkly6GZAVDAeAojhjKnkZChygkbDusdkMja7CORvhDwOUQ8phCxWRxwakPil8N7SFcQSBwB5VAwebKsqGXhvqluLfBu0trhJIto9sBToHcDKr4+ApML9OM7rNOOD0dFqyXEEhaAPVSWv3VbHIMBSWSJf9mdiqfssC7U3c9ioEww5SY3tICDU47IDTKW5YBRlwcN1YM+jlVoIBUqKTICYZ84G14zCcKDSOIl57KymGRgqpYNFW/PGE+AmzjDD1vmYe6rGHS/ZWku8ZCqnYDyPdPTwzFqY4lk5cP5kOoqpiHm54Kt6hoMBwN1UM2eV0Kss8Z5SP+qT4ScDddk9UyA7J71oy2clLABxwVLhJ0hRHchSoSNITQbAp4P2UI8qaeD9lCd3UJXwcKhzj09VJPKDMAW7rPaPGsduMlSYzjCgjkqTGdkJLMhXgYUF43Ux6jOGRwpNFQ7Iw5RT9KF+JGf8ASEnBoXZGdyo0owQpTuVGmG4QSNMDtPyFYU/BKr6fkKxp/pKKriIuwWMErndOPKaNyEbYgdNy1aG0geCD7BZ6YZLVorUMU+/oFmt4Nej/ADLDJTJDjukSM8oUu+MFXpV9wevu2xcC76agMtUTjI2XpFKNDQAOFiOj4QHNJHK3lO0b5XcrWEfPfITcpMl8tHZaywwMjpRIG+Y7LIxu1zNiA5W4tkfh0rG4wtByLGydGMYJC7USiJhJ9CnMxpyAq65yufpa3bdH2zMy06ZgxHJUPbgyklWc7y9+gH7ptDC2nombY2SYNbiUbEzlklQhrR9vVSWqHxjdSIPpGVGAH31DBUlxDWjdBjaXPwuTvwAFEAclfnJHYLlOS9geVHldgc8o9N5acZSJ9kD5CgX+v+Qtz3tPnf5W/wDVTGnzDJWTvVS+63g0Ub/5FLu8+pCiDginq546OglmncC4jVyvMLnVGqqZJnOzqz+i2PXFbHC1lFC8EnzOx6dliHs8VwaOSuf5G5V1s9n9OaCV1sZpFnYIMwOeRutBSRAYJG6h0VMKemYwDfGSrKmjcTnC+X+S1DssZ+kPCaH4KIrAcgaTsq6b61ZOGGEeyrcan4PcrgzmmeurqaHtGQABhEa3Sc8LrGcbJSNOypDXB4K7qexQ9RWiS3ytBJ3acd18y3q1zWi4z2+dpa6J5AyO2V9VeJ4ZC81+MXSbLjSN6hooQ2WE6Zg1v1N7Fei8PrY6eShL2eL+pfEQ1FPywX3o8OJIKk0b991GdzxhJri05Xt4W4WT5PdDnD7Lhrg5ox2XVHonjHKkPGcLo1vdFMwSWHgauEDGV1JEUCLTnhNaDlScBMI9FWCsDoyFIZgNO6hNBBOOEVpPqU6KyUFcQ4pN+oLic0Z7JiRE8BmDUMFMfTZ3bjP3XWgDhEhcOXIJxH1T3PBNtNxJHgVDt2nCvGOyMjdZaWF397Fs4fury0XCOVgjl8rwO6Tjaz0GmtWEmWTdWd+EcAYTGlrhkJw5VnUi1g6WAjhRJY/yVgMH7ockBOMBC1km3JVSAs4CaRqGFMmhz24UcxkdlQp1sraqmbIDtlZuvpjFIQBsO62ErBjcqpraQP3A39UqTwZNRp1JcGbEr2uHl4Vzars9srIiRhQKqnLDsMIETix+r0QGChvTT5PRqSdsgABCnMOFkLRcC0hr3FaanmD2tx3UPT6S35YZLOJ+4GEqy2Ud2iEFZFrYf1QI3bjZTIXbA4UNsEpfbLlHnXUXRVdbJnPpmman+prhuQPQrM1FMA30K91DmyN0PALTyCMrJdSdB+O51ZanNDnZJiO2/socbW+LnHNlKzH9ezyeZhjd9PKYr6ot5ie6CpgLZG5GCMKtmo5InZIwCocOencVn/y9kNPSTEBnw12JPSTFCh6SSSjLQxJJJIklkoSSSSoMSSSShBJJJKEEkkujZQgsH0VhbaclwlIUSJokcBjur2mgEbAMJ9MVuyBLPoLq8vHZQ6iXVsRwpj/KDlVs8m/C2gz4BO3KeAcpoBJypUTMhUIQSGNpGSo9Y4DYHKkSeRhI7KqlkMjznsqm9qDisjS8uJXEkkgPoSSSSgY1MT03BKAg9qNnt3Qmt53VhaqM1tRuzIYomXGO54LuxUwp6bxXN8798+yt2oEbdDRGBxsjtRT6Ovp69sMBElzISyFZrCtXVxq6oQ6CiA+6jog5UCJSSGMkJZ3x3RjMMkNGcpxOeFedP9C9QdQFppaYtif/AMQ/SF7H0b8FrDZTHV3V5rpwMlp3Z/6p9Zu03jb9TLEUeQdOfD3qPqeZopKdkcJ3M73eVv3XtfSvwisNjYJ64iuqcDd4y0c8LdNjbFE2CNjGRs2a1rcAJOdpwMZWk9DpPp+iie+f3P8AuDEUMW0bMHufVc1HhLd3KWn3RHbhVt9HCc8ruSnJI8mgRceV0uDeTumu4yqG+39tOz5SiHiV7/7trd8fdQptLsl3u809rgM1QQAAcN7kqktdpr+opm3e6Asp8/yqc8OHqVOs/Scskou19c+SueA7GrLWewC1AYQAEYjG58AGUsEDAyFmlo/CNgnOAYMopICBM4u4VMNLAwy42wmBxOU13JTHSYBGFI9i30OJA7hRppMcYQ5aloyc8e6zF4vxeTBT9uTlPismO69U9k+73uGljO/ttySsXWV09W8ve8gHgAp8s7pSTIS4n1QRGHODQcZTEcTUaiVkskQwl5xpUmChOfMMKwp6LbUQpJia0YDce6FRyYXzyyubStZg4T9O2FIlLW8KHNUhg8w5TYQE2TUFyck9QeyiS1AAxshzVRJxE9RZAXbk7nunwgcrUamPoe+pO4yFH8RztymlpzklInCYuDm2WuTHO35Kiuy/gYRyHyeye2LTuQibyLlyRmRl3ZHZB+Iohaxu/GFErqwxgRR8u2KvoU3js7UVMUYwHbqE6VzznGybHl51HhKR7WBU+gGKWQMafssteb4XuNHSHMh2yO6b1BfvEeaGgfmTgkFRbfb/AA2iSfzSO3JPZJfLMNt26W2D6C2+gDAJqgNdK7n2Vp4Y05wgNZjdGzgYJRbSQeezgGDlcc7smPfg7Bca09zlTH7CHaiuDlJIbKyBQQBwusY6QgBcbE5+MKxpKfQA5wQjoRFTU2MOcMYTqmsZHhjRnC5V1IhGkDsqsB9Q4kkqDHLCwiQ+oM7sAcokUYa3JCZDD4e7gqu+3yOiidFG7fugnPYTKjFykxt8vMdMx0MLtxyViqqqfUv1OJx6J9VUvqXlznbHdRTpxysNtu7g5s5ysllsYfdMJA7rru6FvqxnlYpt5JFCa8lwGFNgYNiUBjRsSjtkbsOEPZqqjGLy0SA4NwAkC47IL2EkYKlwRZAyglHJuUt3BxjHHchFaw+ikMgbzhFboYOFMDox/ZHDT6I2hoAJx+qUkzG8NUWWYnsphklNR7DAhpzkfqumZoHYn7qCZSSugEolHPYl2cEg1Rz5Vw1c+Ma0NtO8kIraV2N1fRScmMbU1PPiI8dRVf8AecJMp9vpRmRYI2UHRizjKio4JGFMikJxlqYyJuMonhjT5RkpY9PHZIayJ4GsBcMAOcbIBjqA4FrTj7qbA1zuQoWyN8p3x+662nx+HKshE0N4QDgdsfmmRhuMttqj2R9BCdIAwZRzE47hqm0ltDcSS7k7gJqrwcLVeXjDNcSJT2x1SGPIx91c0tO2njDA3b/NFia1jNLW4CeBlMUTzWovldLdJiBxwE7OU0jC4rawZFLDHpJJwGEaWQhqS6RhcVkGJ6SeqIaswgjhRZKKKUFsjcqeuYC+KwvnW8xZ+k7NLC1YmjP1fTkUpLom5OFTVVhqYzkDYey3IGECWMP5GV1dL5W2DxJ5PMeQ+ltLflxWDB/KTQnEjcYRY84x6LWzUNPKN4wq2ptHJp2Lt0+UrsWGeT1P0zfpsuDzgqEkaSgniJ1t4QtPutW+Fn4nKjVZW/uTQ5JJJA45HxbTOscWnlHEjiAUDQ7GcIjRsQs9lafZ0tPqrKHmDJMc2g9lOguMke2dQ9MqoGc8lOa8sON1kt0qkuD1XjfqKyqSjMvHfI14/mNDH+qgyxTUT/IS5vbKAyfBGylsrQQA4ZXNv0uD2+j8rXqEvjlhnY6qOUDfBHYqXFO5vbIVfWUUNXh7CY3Du3ZRDLcLa4ax4sfqOcLm2UL+k7MNbOnm1ZRqoqx+Bq7qZFUB2xWapL3S1AA0uA91YNmJblucH3WOenkvR29NqYWxUol81wcMhOaMnBVDBWzRO2cSPQqxgrS/Bdv9ljcOTZG0svBaW8ZQXU4J4SjnyNuEdsrXchC00OjNEV9EHY2UeegwNtlak6iNk8hjgARhUPwmZqShcN9OMITm1EeDG7YLUOo2O4ATJLUCMmJQW68sz0VVK4hsgGyN4sLtte6nVNr058NirpqGVm+kEIyOtoc5pO7DlDxUcyDZCEk0ZwDghGjrsECoaji0Z5RONlwcEYRA4HunGSjkxhn7prrf4g1U7laZWGh3KaWHlBfDXQb51AJprWtAD2ODu+yMnytvGCUB6J2rSAC1BirYSAQ78kbU2QAjhTZlckjPJ1sbHg5CE6MNJwjM7j1TAwndLcUMUgIaRsAucIuAkWsI3aqda/RWW2NyOxUyC618LAxlQ7A4yVXPY7PlH7rgdKzAdGlbRsZGlpupnsYG1MWvHccqU28Wqobre0AnkELKNlJ5CcHAKKOQ8ou660W2pxLTSBpdv5VU1NjqmDMY1BPimLPpcQpDLhPGBvlXsIyinjqqd3njP3TBVPaNx+RWiZctR/nQRuA9kKcWiodrfBoJ5xwglAXLKKL5kyEEnJT/AJupiI8KVzPsVLlsMMuZaCrGezSVCntF1jbqZH4mOQ0pTqyB8hpLT8ReqrS9jo7m+VrBgNmw/A9Nwtravj3UwgC6WvVG0eZ0R7+vsvGw6dmWyxvaR6hcDznk/qly0ykT5D6dsnxd6Wuro2NkdE5//ebfutdR9SWqrf4UVQwnHGV8bv1kAtJH2Um3Xq52txfQ1kkbjjh2xSJaPgNTPsxlXbnkB87D/wCIBS42QSAGmqo8/wCF2V8n234r3akcBWsjd7jK09r+MkRwTM6M/wCE4WV6N+g0z6LNLdWHXH4UjB6nBQzXXGmdqqbdNo7uYMgLyez/ABcLnhjLlr1ctkcCFrqD4tU+sCrblhH4N0l6afsvLfRrXdQ24jEkbiP8bFV13R3QnUbXSVVlojLJy9rdJ/YhKk646OujxFVNjiLhsZW4CtG2qx3Ngkt1VETyDTyZI/JBscHyErV1JNHnV1/s99NVM4qLZdaqhfnOcB4/ff8AdVVV8H/irZR4nSnVUddE448F5LBz9yvWZunLrTN8aiuL5HD8EpyFFLuraLEzqdtRG3lreQik30gsxl+LPJD1B8VenGOi6h6HmqWw7GSEac++WhydRfGW0F/g3a3z0L+MSnIz98L15nVEDHMFXQ1VPK5wGl7cb+yLW0vRnVcP/vm10FaXDB+YDQ/90pxfsjlKL5MFRfEXpmpaGQXWPHOHZAH6hWouVoukTTK1k0LhxsQVHun9nz4bXHVJSUEtE9/DoJzpb+SzFZ/Z3vlvEjemuqIyzYsbPI6Mu9sgolHI1Wccosrl8P8Aou5h2in+W1HJEI05Koz8JXx+Sx9SSsH4Y5Sf2OVDqOkfjb07IHtpHVQj+n5bROXD/P8AZVv/ALTetLXVFl5o3B7RxPHpI+ya4uPOchblgm1/RnXtvxFLSU9wjbs7wxlypZzcKNxbcem6qEM2cTHnC01N8bqMMDayhkLgN3MOc/kri3fFbpm5ljDUGF7+A/Az7I18kecBdHmE38AqJdTGeG5wyQ4aQgOp7c8/y8bejl7BU2/oHqN58Sko3zv5dGW/6FVNR8MumJyW2+WeBw7tdsjVmfyBlJSPPKOStts7am2VMsDx+JritZbfib11RZ035784yJ3NPHpq4/JPqvhTc2ea3XYho7SO5VZP0H1VT7vp21IHdm6XOMJdg7Y+zb2/45X6F7RXUdNO0DBDX4J9+CtHbvjhZ3h38Qs0zM4xocH+vsMLxiWwXajcBVW6pjP/ANKJ/wAkx0L2Ea43DHqCEp0VPtFSprl6Poqh+J/QNw0eK59MX8eLF/0yrZl76MqziK7U4/NfM8T9IGUeOYsds/H5pE9JF/iLeli/xPpmOCzV/loa6GV43w1y62zOadpG5C+b2XKoiAxO8f8AiVrRdX3ijAbDXTNA9JClPRuID0uD3g26pa4t8IkeqFJRvbjxIv2XklF8Sr7TYxdHv9nnKuKf4qXaQDxJYTj/AApUtJYukSOnkvxN5Jb4n/XADj2UR9qoyf7oBZyL4oyjAlbFn7KZF8SoX4bLTU2/fTuhentXoL+PZ+ia+wQai5jsegwoU9rrYH4jc0t7FSo+trVJu+MEn+kozepLZN2IBQxjOL5QSpkuytFJV484Bx6JvnZxIWn1Vw29Ww7BoJQzUU0xJbTgj3HKNxbJ8ZXNrKkHyVzvtlHbcq9o8tW4Y90fVTcCgjJ+yDJT+JxQZB7AKlFspUpjmXu4R+YVBcB35QpesK2Nu1RqP2UK6UFy+Wc2gpJWt7hgKz0dlvTPN8pVZ9wUarB+FGrb19WtAY+m1u9Q1c/29rAcmBn2WXFDe2AgwSAe4QjTVbfrZg91arwMWmg/Rrf/AGh1QBHyrUM/EWrztSNwsrpx9RAKjySxxjdw/Mq3DJUqK0bj/wBo2WgOo9J7nI3Xf/aBH/8AIzl59LVR5+pu3umCupzsH7/ZDsK+Gv8AR6IPiAzP/ZypTOuw8AeBGM/4F5qJSRljSfsFxrqyUhrIp/yYpsK+Kt9Hp46uL92sgH3anjqeV2w+U3/Veaso7s8ZbBU78eQo8dpv8vFHU/8AlV7EKcUj0cX+d4yPD/JOF7rXf8Rq8/isPVT/AKKSp/QqRH031k44FDUY9d0E4fomxG7F2qTvraufxioH4gshH0r1keaOf91Lj6R60fzQTAe5b/1S9rBkox7NbH1A9rQ12n9UX/aGPvIFk29H9YnAML249gf80VvRXVpwHNIz6q8C8xXs1MV+gf8AU7P2UgXmmJ7rJjojqpoBFRGz80aPpe/wuHi3SEfbOVMFZTNULpT87pxu1PgeUrON6fuQH8y8tb9k/wDhBbgS35p/PCpA4yaD+KUw5yl/G6DOC8qgda6KMZlvOR7OUaojsDQNVylJHoUyMGwlXk1X8YoMZ8UoZvtAOZNlkSbKD5KyZ3/iRG/LSACCJzvQuROAaq9mnd1Ja2/8Uk+iA7q6iGdMErsKkbb65+7Kam0+p5RRaKsgF/gx/wDiwiVTYXxxXZPPWLQcRUkg9ygSdXVQGfAIzxuoj6Cggw+5XGOGPu4PwoNX1J0HbMmS7ePo9HqKhsKMI/osXdR3iodiBiH4l9neXumdk/dZyT4y9EUDf9zp6mVw7BmVVVf9oRoaWW6wtLuxnZgYRLSTfSGqEl+MUbwUF2qfLNVOA+5Uqn6dmfgVDsj1K8jqPjl1dUOBpqWhph/hhyq+q+JPX1y1eJfnxB3aJmj9fVWtJZnom2z9YPd4+n6GLeeoiY3vqSlqui7YNVVdqVpHIDt/0XzdJcLnUyulrrxUvJ9ZeEJ1Vb4BmW4Q57kuyU3+FN8kenb5csH0JV/Er4b2sDNUZj/gZlU8nx8swBbabDVyRg4DyAM/lheFS32yR7mcTOHZmUFnVDDtT26peBx5dkS0uCvghH8m2ey1vxz6kk2oLXS04PHiHWf0wMLP3H4nfES5MLTcRA3t4DNB/XKwLL7e59qOyuyeDI1E8PrypwI6VkQPphUqGi1GuP4xRfPunV9R/fXmpOf8ZUU2mSZxlq5y97tyXE5UOKydQh2Lhdi0kbhvZSWdL+LvNdKx/r59karSGKaXo6LdSxOy6UY9C5Fb/CGbOdk98FEg6Sp2ESNkml9nuJU2LpWE7mlz93KKtBq3JDM9lYMuz+WUVl0twGllJI7H/wBDV7T9OQta1pjjAHbSrBlmo49OYx+iv4kFuRlorg1+0NDj/nYpMTKx7tTKfTn0C1EcFtgbmRrQB3TajqPpy2RF9RcKeLGwBcMlX8IMrEiphoq+UDUz9lMjsdW/cjGfZQ5/iz0RQt1Pucbj/gOVS1n9onpOmJFNrnI7Fir4mB8prWdNzP8Ar3UuLpZrWgmQfYrzCt/tLQYxRWXX75x/oqOp/tDdQ1oIorcyLf8AErVQXyxXZ7izptufPIMd9lIFntcI85HvkL5uq/jL13U4MLo2A/0gqsl+IPXtds+5zDPor+Mv5Iv8T6kEVjgOXPZsg1F86TpNp5o2keq+VpLp1nWby3WrIPo8obLL1BWDM1wq3Z3wXEhT40WpNn07P110TSnU25UwI/xBVtV8XeiaUb1sbiPQhfPMXRtxld55XH77qW3oKU41AbqfGTLfSPZ6j479IQk+G7UR6FVNX/aHs/FPFLsfTOV5tF8P2MwTE381Kp+hKLUPEgaMd8qfGglGztI11R/aHGMU9CXe5aquX+0BeJSfDt5Hp5SobejLazAEIUqHpS1RjeHKnxpE+O2XsC7439VzHLYImjsN8oE3xf6xeP7oDPplWjOnLUzcUwyl/B6UO/uW4+ynxBRrsXso3fFPrOT6vEH2THfETrCTltV+WVpW2qkwB4Df0UkUUTWgCFuPsrVeA9kn+TMe7rrq52N6vP5p7er+qyATU1//AJlqhQw5/um/oni2xbYjG6JQSJ8Zkj1d1Xv/ALxcP/Mhf7X9WZP8+4f+ZbX+Hwf90EVtvgz/AHYU2JE+MxA6s6tI/wC0XD9Sujqfq3k1Vw/Vb0UNNpz4TUvlKcH+6b+iBYL+PJhB1N1cdhLXEn7rv8W61k5fXEH3K3zY2NGGsA/JdVZS9FfGef8AzXV7yC59cD9yiuPVLm+eapI9HEreAZRBDwcBRY/RPjPPDQdRTuBIJPq4nKKLF1C/6njH3K9DEYx9A/RdMQGCW8qdeifGYBvTd4O737n3KM3pW6HGZRv6rchgyPKikAgadlM49EdZhB0jcSM6wu/7I14315W80+6Wn3U3f2AcF6MJ/s5cG7B37rgsd3H4yt54a4W7KZS9E2swotd4h8wcSUVtT1DT4I8f/mAWxLPNn/RE+X1DKOO19oXKEn0Zyg616rtxJir7g31AcVdUXxn6qpCGyVdU9o7SRD/NSBQR6tRjGTzso8thopnEyxZB7K3XW/Qt18F7b/jwHODbmC7J9AMLS0nxc6FqWt+eLsnnYLzOXpC0SHPgEFCf0HbKhmGkxu7EJb0tcuuBLr5PcI67oK9RNlpjA8OG2MIo6KslcNUVOwA8eVfP5+Gp1h8NQwkeoKJJ0Z1RRDVb7mz7CQof4j9T/wC4O1nuFX8NqJ27IG4x6Ksf8OIQdo8LyyG8/Ga1l3y13qZA7BJefF49NXH5K5pfjH8UrY6MV9rp6xjRhwfA4F35jKp6e9dSTBaeDWTfDOUvPh1DQD2I4UV3wuuY3hnY5Nov7Sdtbll16R8OcfX4J/zyFrLT8cvh9cAzxqo0ReNhJGP+qXKGoh2IaZiqj4cdSx/3J49HEKHJ0t1vR7sfIQOwcV7PRdbdGXGLxaW/UTh3BfjCt4qi3ynbST9kOJdtCZZizwJtR8Q6AYb8xgepOCiw9b9aUpDZYm5HdwX0EIaSQDNPG4e7QmTWOx1IxUWmmPvoCDco9ony49HhsHxO6kgcPGhjcPblWcPxbc4AVcUrcfbC9Rn6H6XnO9siGfRqran4UdL1IyynEZ9gpuqfaKVsF2ZKl+KdvlIBfKPzVvB15aakAF7887rtT8E7Y/ejmLVVVHwZr4cupqzVj1KqSqf4l76pezTU3UlDJ543AfmrWl6nA4qAvOP/AGedU0b/AOUTIBv5clFNB1LQDElNJkf4SlOODPKMJM9bpuoojG0vw4+oKsIrrRysDtePZeMNud3iwH0rxp/JWVF1FI7EbnOa4dikziDPT1vo9YjqKd58mDlGbJGAPK0Z74XmsHUrozjxM/mrSm6ja5od4p/MpYmema6Nk4RP43yhSUUTyNBGSqWkv0L3Br3HB7qey50riPOVeGJ+GUSWyjPLXbjtlO8OqaMPaSAhR1sXLX5R210p21bIwPjZwlw5am6M9kXxQ4bgLmWZ3CsFxaBGnA32CY6SoGPDdwpoigI+nf7oRjxwqwL2sAKqpby7hEbcnghshwk6L1CH4WOynRJQROinY8Ah6N4rRgZBVVocODhJ0krSMHP3QtgbC5MhcPROaqmKtcPrOQpTK2MjbdJzyVKOCWNk/wAQeijtnDk8PBTVyhEq8htXsuE5TElOwNmB+ojukXE7EpiSvBBye5o77oSdkIkyJ4Ky6dNW65ecRiGT+pmxVDPa71ZzqYTUQjjucLaBwCWsHYhHkdkxlNfIZHeHUAxuGxyranq2HBY4OGOxUi6dPW+5DJjEb/6mbFZWss16sb/EpnGeL23IUyiGrE8Upwdik+leW6mODvYLO0F7ZMA2YgP7tOxCuqeqYWgwPcD6ZVxm0VjkDOzOWSR5HcEZVJWdPsLzU0D3RSjcFhxutUJYp/LK0A+qFLR/iiOU6uwYuUZqj6pvtmcIrvSOlgG3iDc4Wyo7lZOoaINY+Kdj2+aN2D+yqJ4Q9pjnjDgexCztZYH0cvzdondBJnOGHAP3C1Qtx0Zpwy+Cwrej7rZqr+IdIuaI9zJSOcdDvsECivlNd5X2670Xy1SBgxyjGfsjWnraS3n5e/seANhI0f5q8uNmsfU8TawafEc3LZozv7bhbK9S1xIXtZ5R8QvgtYeqKV7TRQSB4OWuYCDlfH/xN/s1dRdJzOrbHG6emyS9rs6m/wDX/wBF9+RMuPTk3hV73VFG/wArXncs+5Xa6gtF+hI0xSNI9Mr0/ivO36DiHK/Ri1vjtPr4bb45f79n5Ny0s0MroJWmORhw4EcFRzPIyXwak7HYOwvu34r/ANmCz39hq7VTH5k5OvVj7cBfIfXXw06h6Kn8K70jhCXFrJcH919N8V9QafXLb1L9Hzfyv0vqNNzB7o/v2ZGaLw3am42HIRaO5mJ2md3GyERp8hO+OEGaCSLDns2PBXpq9TH2zxms8bKuO/HCNFBXRzDLDlGaQVl4ap1O8PYeOQraC5RTYA57rXGyMkcSdfPBNfwosmW5BGxUou1AHCFIwS7cKnyUuCjuFpjqsuiw1yz80T6eQxytwR+62MsLoznkH9lGqKKGsbplYD790qyBup1Di8PoyWncbppbjurKvtUlLlzQXM/yVdIM4WaUGzpQsU1lAj3UZ7Oc91JOyadOFnlHIxYK+RhB4QnjAU2UDPCiPBzwslleTRCWAI5KPSu0yA54QCMrrMgrPtRphPDyXcU2eBypLHnIVXRTAnS479lZB3cBZ5rJ2tJbuWSdDJjupcchJzhVccnCnRSDSFkmuTuUWZRPY7fAKdP9IOcqNC7BGSpGcsyqa4OgpZRGecOR4HZPKj1H1BchJyiB9lkTkDdVtQNNQ5w7qWwk53USsGXfdMQu/iORZLmH7KsnJbJvturOIANwe6q6/Gc47rRDnswat4imPzqZglU7hh7gTwVYxPOkZUOoAEzi0bFdKh7UeS8it0shacnOEZyBA4AozncLR2cdrDAo8TjhARYnABWwSQeFFm7/AHUokKNLx+avOAUAHJQ6k8J7knjKVJpjl0RQ453CLEuOaOyczlCMaC8hCPB+6KPpQX8FSaygVwyNMRqGEQfQgTfWn/gCQngagEvOFHqeyNJ9SjVPISpyNEOh1P8AUFaU/BVXT/UFaU/BTYAW9hH91wcLp5TSMIpLIhj3N1YWhoG6aZvuqADJCvqUgUzcpE454Neke15D6vdI5dsgMJLsZKkQDUQ0d1r00FF5Odrr98zb9IQuc0Oxs1bFmQFQdMQGGJpIwC1aIlrQPZdSPR43VvfNh7bH4tY0n2W8gbpa0DssZYWGSrGy2xOGgJhybpc7SQHNAOSFAo2Nrbq1jz5WHOAuVdT4EL5fQI3S1IWQyVcgJdIcg+yYJb4NDOQ1ojaduwXWN0s91Ejc6afODgbKYSAMZRmZ9nYsulDSpeA0Y9ECnA1ZRHO1TBjeyohMp949Z5QJpMOwN0RpDIsk4wFFJ1HPqiAGyuBeACpLyWwZbyoMBMtafQKUSXzeHwAkSWSAq+tbS0ck520NP5n0Wbt8Pg2+SukJ1TuLzlS+opPm5YrTETlzg5+D2Vf1PXstlmcwENDW4A9+ELexZNFcN8lFHm3U9ZHVXKR8ZyG+VVdqYaisaCNmlDlJe5z3uyXElT7FTPMrqgjyjZeX83qcQZ9g+kNE4SgjRsY3YAKdTtA5UKn3O6nNGAPdfN9XLOWfe/HVYXI2szHCS07lVwJU2tcThme6CAABhcqT5O5GPofAM74TpcAJ8DRv9k2Ub4RJ4eQ3XwRXO824TaqGCogNNUs1xyDDgjmLILscd1Emk3GyfXJ5yjm6yCUGmfOvxB6bk6evs8TGHwJHGSM420ngLLah6r6I6+6Zb1LanRQtaKpgyxx7+y+cpIpqWofTTNLXxuLXA7br3PjNa7a1GZ8e+oNA9Nf8iWIslU9QWPx2VtFMHsBAyqNrgWnA4UyhqdA0O7Fej012FtZ5W+vjKLLS70TUZg1NBwuOaQVvksGBPPDBJLuldAwiSGtgkUjK6hs+oI+idhRyitaMbhCj5CMCMIwW8HUgcHKSWMqmHFtPKJMLw4YI3T/C05IGDyo8Z0lTBhzBk47pE1k62nnuii3t9UZYg0jcKwDcgYWchdJBIHMOB3Hqr+mnY9rSDnUMoDt02ZikGB7KRgFo3Qg1x7J4yCjRsgMkiyOFEnh76f3Vls4YwhyQe3KqURsq0+iinicNwFDewPGCr2WnB3wqarhMUhxsMpTRncSrrKPUDgdlRzRmKTBGFrBg8jOFUXOic5xmYzOOQl4OXqaG5ZRCpqp0bm4WntNzDg1jiFkiS0kEcKXQzmCUPyceiovT3Sre09ChkDsHupsLtgs/bawTNDwVdxTjABCh6HTW7lyToyVNiOcE7qvjOVKhOMKHUgyPe+l6HqGn0O0w1A3ZKGjOff1C8wvvS12ss746ylc+IH+8bwvXw7bAKkGOnq6YU1VEJG8HUMqGPVeMq1L3riR89VdA10fiU7cEcj1VcYy0DIwvW+pPhzURl9ZZntkY7JMR2I+y84rbZN4r4ZWeG9pwQexCh5jVePsok1Nf9SryEkpqaandiQbdiuA5QHLshseDqSYkoLHpJJIQxiSSSSQSSSShBJJJKEEl3wkrC2Ugkd4z25AOAoo7pJEXJKttA1uJnjfsCrPAjA8qTGt0+UYTnDOMrdGO0LG1ZZFq5AxueCq07nKNVy+JKccDZBG6ekZ5vc8jmDJG2VNZHhgymU0Y+ohFmmYxuwVN4WQSDXTHPhNdj1UFzfdFlOp5cd8lMIykyluGQGpJJICxJJJKEBjlFaNt0Jn1BF7DdKm8EHDc4HfZa61UTKSkYCPO/wA7lWdP21kmayZmWtOGA+q0CFN9nQ09K7aHNGETbCGu5KNv9m+CWMCJOdikHHUN1wnCbgpg1IkjhE54QAd8ZRGNke5rGMLsqBxjKbxBcj04A5wOSt10x8HuquoWsqZo/wCH07+HzN83/l2/zXrvTPwh6WsGmeop/nKkD65NwPsEcYNnW0XhdRqpYl9qPFOmvhv1V1G4PhoDBTkAmaQ4H5L1zpH4OWCzuZVXeH5+Uch52z7L0RseHegRS0OA7I8YPWaLw1GmWH9z/uCpaSlpG+HSQNiYAAAApLeE0DCc1GuzpxpUPxQ3OUiAeVxq6nIPager2XefZNXWo2DgWn3TXy6OwTKmoZTxl8hDW9yVm6ipufUs7rdaInw0hOJqpw7d2hXFgylgJcr/AFlbWMtVjjL3P8r5uWM+5VnYOl6a1v8AmqsipqzkmQ7gH2U2z2CktFK2np/M78Tzy5WhjDQOyaDjPIidQ33TXYwulwQCfdGVxFHHHfATHkaeUi4Y3Kiufud1Bcmkss4XAE7KuuNdFAzz8+mU+43CGjj8SR2/YZ5WKuFe+tmL3O8o4CKMcmLU6rZ0Hu92lqB4ULtI7kKpycZPKdjfco0NO55Hp6rRGODg2TlOblIjxwOldxhWFPQMjw8N3UmGka1uogbJ4IGcN490Yh9A/Da0ABCqAGtznOEWWoDOcDCzN1vZlJpqbbHJRRhkw36mNayw9wuLIAXO7cKnFRPUSOkk4PAQWtke7VKS7vuUduAnKODz92ostlnJ3ATnEYzlDe/A23QtTndk2Mcmdt+zrzk7JBhJBTmMJ3wiAAIsFCa0AcJEgDKROAVQ3K65Jpqc5erKJNwurGPEUe5zglRY2OMmtziR2yh0VA5zPHnbl5RppWU7QD3S5fsROaOve2IE7LH9QdR+O40FA7U/OCR39k2/dQyV0ptdtJznEjx/kmUFtjoYwSxpkI+o74S5SyY7bt3EWEtlpgo2mokGqZ4ySeymkZXG5xuUncYUisiV9vLHagDyEx83AAyhnJOyJFEQckIug4tsTQ4kOIRxjHK5hrRhBbqL0IwJpyUVkZLgMrsMZdhToYg0g6VGxsYZHU1MMAkYXaqpbCA1oylU1jKeLy8nYAHdVbXSVL9R7qBtpcI44yTyEuOcqZBDoGSN0oomsGSN1Cut0Fvi8TVj2QTnsWQW8LcAvl6ioonMjdvxlYasqpKiTxJHZz2RKyukrZS+TjJwoT27crDbbv4Mk5SseZHS7I5QC53GUiTqO64sjfItRwJJJJCFHsKwZynxRPe7CdTwPeRjgq3paMRAHG5VmuqEpAKelzuQpJjDcY7I+lrAo09bFGME7qGpP4+wuogbjhQ5qo8bID6qaZwax2x2RYbbUSkOeC3KpRyLnZOb/wBPob4z5N8J4jfJw1ToLcW4yFMhpWMHGUTgHXTKf5sp2W6dxzj9lNjoXxtBep+nHBT8HG5Q9GuOnj+yC2DHZFbCMbqR4W+dP7peEfRWGq8ARG0dkvCxwpDYSSpLKbyg4Cg1RSIAiPouhjgdxhThCNWMI8cFOMGUfol8hYTIcRJOMKQ+SKnZlx3Taqpp4vLHFnCriZJpC955TYQbOXrdfDT/AIssqar8YloH291Mjo5dQc5uAVUROdCQ5oyVd0VxD2hsxA+6111ZPH6zVW3S3ZDsp2tABCOBhdaGuGppyE8N9lc4KJy5ZbyxDZOzjZcG6R5QAWP9BVwjPddSUFjkkklAhqSKkoMwCXdPuuhpHZItceyOMclGx1FIklLSR2XF8GUsn6n2DUzGUVNRKbRnnWDIHohFvO2ykpmn2Tq7cGSynPBDfE1xy4ccKLU2yCfLmgNee4Vm5gzlc0+66On1s6+jl6rxsLo4kjNT0E8BOW5HqEEM3AzuFp9APJUWpt8EoJDdJ9QuvR5BP8zyut8FOD31clOGtIXNHoFKdb5G7t4HbKGIJGuAI4Wr542fic1aS2r80RSwnsuhpcVKa0YwAu+GPRTIxQSAiHK6YZQMsRSHD8K61xB4/dKlFS7N2ntnS8xYBk08Tv5hyFPhqqWpaGGTBPIQTE2QDI5QnUTGHMOzkizT1zWUj02i+otTQtln3INU2OKVuqlfocN9tgVDbNcra7TIC5g9UR89yoSHlmtvopdPdKSsHhzjDu4cFgu076SPV6bymnthvpliQ6mulNUYDzocpzHuA1RuyPUKqq7LHN/MpXgH2KiMmuFudpdktHqsF2kS6R3KfIfGv9Tk1DK57BuVPp66J+A44PusvFeIJAPEbhylR1AeA5vBWCzSs6lWurmsxNXHUtecNIJRvFJI2WWimka7MbyCPdWVPdXNwJht6hY5UtHSruUlyXsUm2/b3UiGoJ2wqllVHI3Ux4+yM2Qg5aSh2s1Rkn0WhZFJyEOa3U0wwG7lRIqh/wCIkqQ2TShDyQanp1zjmLG6rKuxV0W4iyPVaiOoOcYRnSmbyyHIUyC6oyME6mngd52YXGVk0WzSt0+ipJQdUY3VdU9MUswOH4P2VqXIudTj0Z1tfnkgqXFLR1H1NaHe4Rajo6pDs0pzlVc9pvVE5wlo3lre7d01PkRtfUkTJbXTPJexuCfQqKbROCTHM4A7gKCbpNAdDy4Y7FSabqBgAa/cd03PGQf9Fia+40x01FPkDggpwuUPDgWkcgqdHdqaUAlw/NSBSW+p/maWZPOEvc88EVUpfgQI54pAC1437ImxTn2OnLtUcjgPQJjbVWwnyTbdtQRp/sYozS5Q1zO6aBkYJ4SLK+N+l8QeB6JeI3HmY5p7ghDJLspZGiMDjuumB7hkLviN7FGa8OOEOMdF5IwFREc+Gceq78w4jDhhSy9vqmmGN2dlQRF+ZiBAL910OafREdRU798HKjyU0zf7ndTIMlkkREszpPIwlHNNE7VHK4H7qA5tyYc8hOE72/WN0GEDtZZiqdICyaNj2nnLd0x9LbZ26TGY3eoUJtYO6eKljxlXtKyOfatQ/kSB2OAe6jOt9ZG3MkADR3aFKErmcFFFVNgDxNlGslZKl9A1/wBcex/ZRpLOwt1Rcq9LznJAJ+yG/Q8khuk+yrYi28meMdVSu1RFzXD1JUqHqa90pGl0px7kKzLGnkA/cJnhMPp+iGUFIpOa6Y+k+IVdBKBWRlzffdXlD8RYJ5fD8Z8J7HUVm3W6nlJcWjf2UGSywOeXN8qS9NCXaI7pxfPJ7FZvjD1FbHN+Uv5LWcBwyQPTK2Fu/tHdRMkDq6hpbiDsc+Q/qMr5nlo6qm/uHHH3To7jdqUgMJ/VC9JD0C7YyfKPryk/tBdOVz/lrhYaine9uHiKXXsfXIWlp+sPhLd6TTUOhaXcOq6bg+7mhfEjep69v1gkq0ournjGqVzT3GUiekXoLNL6k0z7SprJ0RWHxLX1ZBTPbjHylzLf0Y7/AKq6/wBmbvTwufbb/DUjGQ+qDjqH/MOF8X0nVpDR/PP6q5t3XFTRyeNDWy+4a8hIemZSjP8Apl/3Pqw0nV1IQ6SlpKxruRT1HH5O/wBECqrBGA3qDp+ZtOdiaiBj48/+FeGUPxz6yhb4kHU0ztXLKj+YP0Ku6T+0b1XE4NmfRSD18LH7AhL/AIkk8oa46hd4NrcOj/g5fdZqLZbYJXnzPhY6F4P3Cydx/s99C3Hy2DquppJHHILiJRj7bKy//GC6cusbo+pOkvFj4dLHJG7H5PaAnu+IPwTuDdNRb6imbzuwN/Tw9WfyRqmz2y1ZKH5p/wDqee9R/wBnvrOxwmos1WLuxu/8l+hw/wDCT/ksW6m+IFgmME8F1pXM/CQ4YX0ZbH/Dm4Q6+lfinXwu/wDkP51hxnjySY/ZSZunuqZGA0/XUtQz+p9tZIf/ADMcU+vdHtJhx1CfHOf8HzbH8QutLO7+ZUTb9qhp3/VWFL8c+oYcCooaabHfGCvWeoOnOvX0h11Vqqj/APRY3NI+wfj9lgLnZLtRyYvHw8t9W7vI2ixn9MonGFj5jgapS7bI8Hx5pjtcrLgH/u5B/lhTYfjL0NUj/ebbKwn+uIH/AKKiqY+mGeWu+HUFO4948sVa+19DykmS111PntG7ICW9LXP0HGdkfZ6JF1b8LbmQBd6JpPrG5n+YVpRUHQdwI+V6gosnsHN/1XkZ6U6AqASLpV0p/wDopwmH4Y0VSTJZeqWzM9c5/wBUv+Io/iT5X+j3OPoWzVgzR3CGUe2P9F1/wrcW5jcw5Xgzvh11VTY/h97iH/NKRlWEMnxjtB1w9S1RA/pqs5/VV/Fm+mX8rfo9cm+F1ez6Y2lRz8Obyzf5Zo/NedU3xP8AjRast/ickw7+Mxr1Mi/tC/FCkeGzUlFIRzmnwSkyovXTRPla9Gym6HvkeAKYHCjydM3yMHVQyfmFV0f9p3qmMYuPTVFN7tJaQrSm/tO28kfxLpCZvqY5tX7EJcqr0XG8jPsd6jORTvCb/D+oG/ieFf039o7oSoH+82erhI/wBynQ/Hj4VTj+eZ4vZ9KUl1WrtBK0xorbvSyaZTLj1Csae6XFwBZNV49itxR/Ev4N15YXXekBf6xnb9leQdWfCojMF7t3/lP/AEVfE/0U7lH0eZ/xava0uNRVjAymM6mvQIbBX1I/NeusuvQkkbJqe9WwNd9JwFKZW9Lkam3i0H0ywf8AVRUtC5apR/pZ5DHd+sak4ppq1w76RspjYOvpwP59Y0H1Xqr75bGnLb3byBwC4YH/AEQpupqCMDF2tp/+2gf/ALynxMH+S3ykeZjpnq+p/v7jVNz2LsLsPw6ukz/97utQAd8+IvQX9Y26I5NxtRx6vVfXfEyx0+0lTanY5/mD/op8TB/kWPhIz1P8NKXP8+5VD/s8qbF0FaId5IXzY/rciP8Ai70q0EONMT3MJCjSfGfpBn93DNIfRpRfDlF7rZeiyi6TsbMD+Dxux653UuLp62jHg9Pw/fCwtd8eooZCKLpad7Rw8zkZ/LCgz/Hvq6UA0PTtIwdsuyR+yH+O2Ftsa6PVorFSxAaLRG3/AMIUuntkTXgtpI4/fSvBqj4t/FSrlLhMIg7YBjMY/dCf1r8UqoAyXa44PodlHphU6Ln0z6NZbonY1DT/AMoCmQUkEeMufgfZfMLr/wDEuY+a+V7f/EhTVnxBeB/9cVxyf/o3/ootO2AtLY/yZ9XMhoACTUP+2ye2a2RbSVOB7lfJDj147+96jrD96n/0UaSk6tk3kvk7j7yEo/4jYMtDv/qZ9gGtsucuujPyedk0XWwNzq6hhAHYyL4zlsF6lJMtWHF3JJJJQP8AZeu5MjSp/EyA/HL/AJ2faYvvS7c6upKbPvImnqfpVg83UdtwPWpbn/NfFv8As1W/1NSHTtY05L2qfwyv+Gr/AJmfZrusOjc4PUtsz6GpZ/1Tf9qekXf/AGZtrvcTsK+N3Wt8LQHOBJQn0FS3hucqv4eS/wDhsP8AmZ9l/wC0vRztjdLf/wDdWf8AVQql/QVbIXvu9Ewnfyyt/wCq+P8A5Kq/oXDR1I3LMKLRF/8ADkupM+tJrf8AD9+XHqSBuP8A6MFW1dx+GtpYZJOo6OTHAI1f6r5bMTwQ3ScqTT0NSTnQjjpcBR0aj/Uz3yt+Kvw6t7GmmhZVnJG0WMLO3P45OIDbTZKVsefLqaM4XlptFScZblPZY6vAG+E6Omj7HquP6NXcPi31NVkeD4NOPRgwqWq636hqsma5S/YOQY+m5pAPEaVJh6Re530FMVCzwHs9opJbhJPIZamoe5x3JJyozquIvwY3OH2Wzp+j3AY0g/dS4Ok2RuzIxoHu1GqUiLCMMx1OAAyglcfsiNZXS4bDbXtA4yF6HHZ7ZHgTgbeyI8WekxoA/NEoJdFuTgefxWa81AwIC0H0UpnRF9qcA1M7QfQrXyX600jC8ysYB3zsFUVnxEtEOQ65wAD/ABKYK+Zeyui+GE8mHVlZOc/48KfB8NLNAAZqh5Pu4lVNZ8V7DGcCvdIT2Zuqqr+L9vYMQU1RKfZuVe0Cd8Osm1g6SsFL5WQtd+Q3VhHSxQsDKSjjAG30rymb4sXCo8tBbC13rI3Cgz9ddY1JwyV0IP8AQFWwre5Hsb4qgHOkMHpjCZI+kibmruBhxzqcvFqm4daXVohmuE3h9wSQgDpi5znVLPklV8aJlnskvUPR9LvVXuFxA9ckqFN8TOj6TaGR82nbyN5XmEHRj5Hj5h5x65U+LpJkRGHA4Q/GWotmtq/jLa4nA0Nlq5SP8OAoM3xrvsw00Nnjj95mKvi6dEbRjf8ANGFiZjBaf1QqGBqg2Qav4p9fVRIjFNEP8EeFVy9R/EG4k6rrOAezDhamnscbTksKkfwtjP7tufZEki1W2YCqoeqq1wdU3OqcRt9aA3pCtlOp5dk8nUclemx2nWB/I/dEFpOcmP8AdTCC+BS/I81Z0KHY1sd/5kdnQbG4On7br0tlqZpBwAU8WxoOdkG5FrTQMBD0NSYBc459FYwdG0bSDnj3WzbRMA3aF0Ucf9Krchior/Rl4ulaKPcd/dS22Kib/wAIfqtAKBmM4S+RYoGqkuimFvga0NEDMBEFMGjDWAK4FMGjGgLvy4/oCgca0UwgIOzURsLjgY/dW/y4/oaiNpd/oaFAlBeinMLjg/6rnyrvb9VfGkGBhrV35Ueg/RQb0UYp3+mUVtKTsWq6EDc/QEQQtA4H6KpLIBSNojj/ANU8W8q48Ie36J4iGeB+ioopxbzj6f3ThQSbaWhXYAG2hpTiA0ZaAD9lCYKT+FTf0hd/hs3oFba5eARj7Jb4yWAq8Mj4Kr+HTDuF0UmDhxB/NWRATXQtGS7A+6ii2BvIopocfT+654cI/CjOfFHu94A9SdlGdc7RGMy3akYP/prT/qrVTFSujEeI4ScaU/5aL+lVk/VnStN/eXylH/iyoUvxG6Pj2bdhIR/TG7/or+BlK+HtmjDI2/haEtLPQLKO+KPR7N5HzyY/pYgu+MfSDRiG21kuPTSh+CXtFS1VUfZsw0E4wpEYZj6QV55J8a7EwkR2GqP/ADPA/wBFEPx1hBIh6bjP3ncijpZy6Qn+fUeo+HGfwN/RLw2f0D9F5FP8ebkT/u/TlGzHcyOJUGb479VO2gttDGf+TKL+FZ+gZeQrR7ZoZ/SEtDf6QvCJPjd1zJ+ChYP/AKTlBf8AGHrc8VcDc+kLT/motFY/QqXlK0e+6W/0hc0MPLR+i+fX/F7rwA+Hd9H2iZ/0UV3xc+IZz/8AXBOP/Cz/AKJi8fYA/K1Y6PowRxk40t/RE8BoGdIGV8zS/FX4hvIx1HP+ibJ8UfiJt/8AXLP+iJePsEvy1eej6dELTtpCKKRhHZfLA+J/xE5/2kn/AERP/av8Q8Af7RT7ewP+YRLx1rA/4vUu0z6j+Tj9Autoxw3GV8vR/F74hxHUOoZj92N/6KdB8fPiZSYH8WimH+OBv/RF/wANtRP+MU+0z6XZQVGC7GwS8INO43XzrB/aR+IERy9lvk/5qdTov7UPWTP7yyWuTHfS4Jb8fYV/xjTH0G2VzAAM/qmOqG4Otmoei8G//Gq6s0//AJt2z7+ZQI/7SnU81Z4lxs9smpz9UQje3P5lRaC1dFPy2ml7PfpH2dzTHNb4znnYKunsPSlXnxLe1ue7QF5pSf2i+m5h/v3SzYcf93KT/mFb0Hxz+HVwmENQ2qo88Es1A/uFf8G3tkj5DTS9mmm6C6aeQ+luNTT+oa7AQT031HQOP+z3UUjWjdp8Zwx+gK7S9W9CXebwaHq2ka7GdMp0H8t1aGjDmh9HUtnYd2uY7YhC9I16C+emXKY6l6x+L/TkAcKoVzBsdRLx+mxVxR/2g75S6W3qwRsfjzBnlz77hUrqi9wNGCWsbtvuoc13u7MiVsbmn/DykPSwfZLIxPQ6H+0f0rjFyo6mB440YePz4wtdbPjD0HcQzwr1Gwv7P2wvm640rLgXuEFNBkfhbpJWWq7NXRHLQSB3b3S56CuXQidUZ/ifdVtv1kucOu33SCX1w7hWDITIPKc5X58Onu1tmbLDUTQlvvjKv7R8aOvrI5opr3NhvI1HcJMtDJfiZ5aZrk+6XUVW3djMj7oE1PUAfzaUOHuvlaz/ANrDqu36BcaSKo08E/8AzF6XY/7WHSFZC0XhohlI8wztlJnpLI+hcqrV1hnqMsFpf/2mg3HPlUCWw9NVb9TWeG72bgplm+KXRnUTWOorjROEg2HiguH5YV46nt9WwSjw3xu3BalPSyZSlZH8jOu6Ls8n90/f7qDL0TWRSO8B+Y+2Vp32m3zHTT1Ekbh/S7CjzWe8sGm33Vzj2bMchI+DAS1LXszhsV2pSMYcAmn5+mOqaJ2B6K1lb15RDxGUdLWesbX6XH88FDb1W+Af+/rDV0w4OGB4H57IdmBnyKRBZdnREa9QHqVPp74HENLnfqpEN06UvR+WikY1xGQHDSnO6aoZ2FtLMA9vo5XtZSUAkd2acfzHfqp0dzYQ3lUn+zFY3/jIXgXOjeWaC4DhVjALrT6NbFc49IyCjx1rHnyhYgXeWnkAqWOA4VpBdoHsDmyjP33UAlQkapskcmwOD7rpia/hUVPXOcA4OyD3UptdKMboJtpCpUP0WJhaBwg+GHOw4bJjK5p/vDkojJWnfsk7mBskuGc+ThxkAgoXyxbnSpOr9ki7HZU3kH48kRz6uA+Vm33UinqydpBgpzpNWRhA8IOVFfCTm1LT9O6M2TUM4VS+CpBBicNuyeyepZhsoTBM6y1yPVdUGKo1EAkqWx2RlTLFuthyRg7hRiTlOz7pZwoL2tHclLJXFzIRZIEzlc55TUlMl8lXcum6C4Zc1ggk58SMYcqCpoL1YpfHA+ZhHdnOPcLbLhGeUWC08GUoL9TVjQfpPBaTuD9lZNrSzBjdqBTbt0rQ3D+bABTz/wBbPLk+6zpffOnpSLjTOkpRzOwamgJqlgNGtZU09QA2QAOKbLRtxrb5h7Knp62juTGvpZmkkdipcVVU0xAJLmok3kHGQNbbaapBZPA1w+yqW2252aTx7PVPa3vETlv6LUMqaWpAEgDHJstG4DVGdQPonb8FbUyHQ9XU1Sz5O9UYY7gkt8pTKixQhwuFhlZh27mA+UpVEFG05qo2j1yF1lBXwgVNhnaG/wDcu3jP5LTXfJPsXKvByGZlTGYZhpeNnNPIKynWHw5tPU9M+GuooZ2uBB1MBz91q/4pQ1Lvl7pTmkqR+MDDSfYpzXlmwlDm9iV1NPq51fdB4YrYnxJcHwt8YP7MVZ081106bDpGFxLow0kgf9F891NPNRzSUNfG5paS0tdyD6hfq7cbfT1rCyaJrmkYIIzleCfFv+zdZerHyVtupdNU4E6843/IL3viPqfGK9SeX8n9N1WSd2m4b9ej4NqKJ8LfEY/XH6+n3TaeQs3C13VnR3UXQt3ltN5t0gpw8tye47KgqLdTvaZqIuOOWHkL6LpNXG6CnB8HzPynhpUyb24a9f8AsFpLmNIjl3xwVPbI0jOeVReDA9uWyBjx2KdBVPik8Kc7cArqUy3HmLqdj6wXDjkHJyFCc4sOMI7JQdid12ZrXtyAj7E4wRZI2zDDttlTXG1gDVD+eyt5QWHZMcQ4FucJc4YGV2Sg+DJTwOhcQ7ZABPcrUVluimBJG+Nlnq2ikgd5xgdljsjydOq3cuSK/hRZWgb4R3ggg+ibIMt2WacMI2J4IZAyljCcQcpqw2LDHxeR9OcPBCto3AjBKpmcqbTvO2SkPk3aa5weCxjcSQVOjccDdV0ZyAFKacLHad+i4sY3bjCkNkyN1XwuIICkDfHZKjnJ1YWcBKjcbeiDBs45RHHy/ko0Z8x37pgW7BYMwe6ZVNDos43HC4zGOV2XBamxRJy3IjxvOAMKBcWk4IHdTDhrsKPWjU3jKfHgw6j7oNEGM4GPugznfKcPqQ6j6VvqeUeT1n4ZORkqQcndRIvrKmg+UYWuMsI5U0DXGuIITjjO3CYOUQskBzsYyhv+nKeOE1/0K5dAojO+sJ34U131hO/Csr4YxAH8pzPqC6/lCVjH0SgRjlAn4C4HnKTjs37qn0Lj2RJPqwifgQpc+MfRF/AEo0IjSDzKNUbkD2UmT6lHn+ofZIlwOiOp/qCtKfZp91V0/IVrB9ATq+VkGwceUh9QSPKQ+oJjE+wrBlzR7q4Y7EbQCFTs+pqsGk6G5QY5G1z2kpnKnW8Zq2DtlVseTsr/AKcpWzVbdQ7j/NbqI+zh62xttno9pYGUjMDBUuVxwACgU4DGBo2ACfnJ5WxHnJy3PLNR0nCHEuczJxsVpzv3VT0zCI6dhI5CtJTl2xTF0cq7mxlZ1BMWQxUzN3zyBoC0ceLfa2gN3DQMLK0hbcupQJRltPs0dvXK1Fyd4mim/E52MeiaKnEn0A/3UTOG7t05zyHAeqdtHG2Jo2Y0BDjfrkAxwiFE6E4YTnCVMS6p1FCJwAOEemAzlQWGq5MR4AUJ82GElPqJPEkwD5WqDXPw0R/1KslEq2HW51QRupBmawukdt7psLW09K1jfqI3VfdpS2ldFH9buFf+SyFSOFVXT1unbJY3KxvxJuLXxMocHU47Y+62zGtoqLXxpG68iv1wkuV7nlcctiOGrHq57K2zreI07v1KKiQlpbGeVp6GJrKWMNGMjKzTInVlzaIx5RsVqoyI2hobs0cL555rVNvafoj6T8aq4fJJE6kaSVOGMA4UWiIMYfhSXHAzyvG6iXo+o6SvESBVanVAHpwnsbpA3Q3ZdJq7lGhByM7rFKWDpwXIeAY/RNIycI0QGk7JjRvn0QKWTTtyhsxjhpXl+xdwqaR4G+FOvcvhiNoPdVesSNxldPTw+1M4PkJr5No52HdxsvHPip0aad5vdNHjU/8Am6Rsc9168Guzyo92oIrpQS0MzA5sowPZdPS3umSPNeR0kdZS62j5ba7PZHjJzt2U7qexTWG7TUkjSG6jp27Ksa7BJwvaaK5WRUz5VqdO6JuufaL6gq9emN4H3UuaPIBG4VBFMY3DCvKOsbM0Q43C7NVmezi3VOMsoGWEJ2MgKQ9gycDlBIwU9yFpjEkkkYQ9cydgupDlMTwVgLHwd0VrfUIUKmRtBHCsfUsguDnCI15GMLvhEbhIMLeSkWHQq+0lQgPxlTqNzonjA2HZV0XkAAUuF4DwcJJ09PLJo6aRso4wnvaAchV9HPjAVgMOAIKYuzq19Dm7Lpbq2TU4HKj/AGa08g5YByAq2soxIfp5Vw7dCMWQdksqVaZk3xPieWuGwK49ocOFcV1Hqy5reyqNGl5BPCBoyWVpdlDXUhjlcWt8qjRnv6LS1NIJo9IbuQs9LSyUkpY8fY+qXg51lO2WUTKOvmikaGnZauguHitaCd8LExbOVvQ1nhObq4QSlg16e5wRt6eXIByN1MjcMBUFvr45QGg7q2ikOBnhUju0XJpMsmuzuCpETsEbqDGeFJacIzowkmWtPLnlVt86Us9/YfmKdrJMf3jBhyPC8tIUhs5GNlA9kJ8TWUeR9QdBXS06iYDPCNw4D8Kx1RbG6iY/KfRfSzJhIBndZy+fDuw3lrpaaEUlS7/iM2BPuFDjavwcbm5wPnt8UjCQ5pGEw7crddS/D/qCyuc+ppfEhGwmjBcw/mshU0UjCdTdOPVAeS1Ohs083GSIiS4WkHC4hMco4HJJJIJRyW0JJJJAUJJJPiZ4kgj9VaW4g+lppKqURxj7n0WjgiETGsaMBoTKC3iki3ILn7n2UsNA2WmEMBxjk4BjZRK6oLQY2HBxujzyeE0/ZVMz/EdkFPSAtlhYQIjfCPBFkglDYC5wAU+GEho2RvgRFZHtaGsOThVdXOSSM57KbVyaWkDbI9VTkFzyc5SrJrbgI4TnlJJJIKHJZC5nOy6PRW5YDGpYKbpTS8BLc0iBSQ0IlJBLX1TKeMHLjzhRS50zgxm5Ow3WtsdqNCxs0jv5ztyMcBBnczRRXueS1gpm00DIG8NGETT7ogdr3SVnVrikhiSmUNsuFzmFPb6SSeQ9mhbyw/A7q25ua65iO2xOGcv8zv8Ay7f5p0Y5Ojp/HX6l/wCmjzfurS1dLdQXybw7TbH1OeNK986e+CPSFnLZ66D+IVDRs6YeT/yrfUsMVLGIoImRxtGA1gwAjSO9pvpmc1m+WP8AB4r01/Z9r6hsdT1HcBTNcMmGIZeP/Fnb9F6xY+hununmNbbKGNhaN3FuXH3JKvWuAOMJ2oFE1tPSaXxmn0sMRjl/tiGWjGV0glLOO6XPKapY6RvjAJtnKWR6oW/qk1xLgoNjEKkkOElAugSSSSaAPUSvr4LfEaiqcGxt5JKbdrpS2imdVVTw1rRsM7k+gVTb7RcepKg3K/xeDSjaKjdsT6OcPVNSyJm/RDEdx6zmJY4wWsHykn6/0WyoqSCggZSUzA2Ngxgd/dGZCGYOE/T6K8CsMcG7cpHAB3XSQAVFLtzuiG8IT3HPKC9zT+MJSO2UR7sHKYlkRZYoLLHzyOaVVVt1ipY3Oc4E9gnXO5RUcfiSEbDYeqxNfdPnZS5oIH3Towyc3VaqLjtiduFbNVSmR7yQeBlQwHu3wQjQwPldwrWC2AtBLU5QOZKTfZGo6HW0OlbudwpzKVseDhSBGBj2XXEDIJ4RpGab2gXNDcAKsuN2pqDVh2ohRr3e2U4MULwXdyCs64y1cnivO3ZNVeTla3VKHEDlVX1tfOZBIWNPZOhpfxuOSeUVsTQzZoCYXjGlaIQwcO+bt5Y2bSzDQEJ5z7J7hk8rmn3RmRgwC47ojWhuDhdwG9kicjKhQ9z2gDDUMy7bjH3TJZvDGcD81nrheJa5xpYZNOnkhD0DKWAt3uzpHfJ0bsnhzgmUFAIx40wy49123W+NmJZDknco1fVw0UJkkIxjYKm8C5TUVljqirjpWanfosD1B1LUXOpNttp34kkB49gg3a+113lNFQEgvdhzvRqnW61wUMQaGh0nLnHklJlLczDdbnhCtdsjo4w5wzIdyTzlWBGVxvddPCJQzyKjE6AANyo73Z/Ncke4nAzulEwk5Kvokk88B4Gc5CNgNGyY1uy6fKh/IfBfsY8OPCLBDqICcxhkOMKZDCBjA/NQbGORU8OnchFqJmsZgJ7sRsJCgazM8nsELWRrSSBSap35xwpMEIYMpzWADhCqqqKkhMkjsY4CrImT2rLGXCuioojJK4DA2HqsDdrnJXzHzHRnZEvN3lr53ZedAOAqp7tPByseosz9qM9lm7hDc4XDwurh4WFtoQDPK4unlcQyWQxIsUDpTj1ToKZ0rh6equqOjEbWktHCtLI+qG85Q0wbEA4YIU12kNGk5wmyaY2HG2Aq58tQ92IzyrNO74+EFrKss2buSokNFVVkmp8WGlWFFbJZpBJMNhvurqNrIx227YV4LX+o8lZSWyGlIe5uT6FWIO3CZKNZGNkgQOUyMR8YqPCEXjPC4ujdIMA3UZohyuRyeuDHCIkTTfQ5SwcAA7J7CAeF06WjLnYCEaqmHMo/VC8InzQRJAbtgYRGquku1BD/AHkyjtvoqnllK06R3KOFe8VZrKoLOS4OBvqGyjVMrzs04CEyV7xqJO6eRlbKtN7Zwdf5eUv9OngEWl31BIMxuAjeGfRLwz6LUqEjgzm59g8BdTkkezAl8kulur4GiOUamjv3V/TvjnjEkbwQQsjKeNkSnrJ6d2qKQj2zslTg2KnTk1xZnuk1vuodDdIaqManBr+4UwODkpxZksg0N0+6e5M1eycgSwKHJ6YnoghJJJKEHYCWAupIyGw0eyYpCHkHlfn5WJn6uwDTEfT7phGEWULlHKBrhG2U7BSwUwW45YIj0XMFFwFwgYRKwBw4AJEAp55SO6fG39meVCa5BFjTnCD8ox5455R9KQGO611aqUejBdo4WcNcEGagwP5LcoJilZ9bOFbtTXMaR5hldGvWPqRzbvEVvmBTOw44IxhJjGjfKtJKWB/4MIfyfoVpjqIzObLQSrfBXOGMYXMOGD6qcaYnO3CY6It/CmKa9C3XKHDBtyW4cotVQwS76dLj3Gyl5A5KRGVOGMqk4PKKlouNAQ6N5kYpjLtDM0R1MOCechSwAOVHmpWzcAA+qROnedfT+UuqfL4HmloqpnkDc+3Khz0VZTEvgeXNG+CmyUlRAfEp3EEds8osN4fEQyqiP6LJbpH6PQaXzNbWJPDB014fG7RURubjurWKrinaNMgyfdKJ1quDMOa3Ufso03Txc/VBNhp9CufPScnoKdbYuYSUkWMD3McHNP2U+nub2HRLjHqswRc7adLwZYx+aIy8wTEMf5HdwVknpXjg6tHlI9T4Zs4a+nkG78KW2TVhw47LIRPDgCx+cehU2muNTBsCXt9CsdlDh2dKnWRmaiOYkYwiseQeVRU97ic4NmjLfdWbZo5cFkgx90rH7N0LVLosmvJGQUQas7qCx0jSC12FLjqJHAahnCWPUiQ0u53/AFRBL/UzV90ESjjSigsIB4UywnFT7I89qs1Y7xJ6Rgf3wFRXH4d0FY4y0s0jM8BpwtKGZ7ogJHBI/NA7ZLoB6et+jzur6Av9M/RSPErOQTsVSyx320VGiSGVrh+hXsTamVmGuGoe54TpDBKNMsbSDzkZRRvmuxFmkz+LweQx9R10Th4wwffZT6bqqKXDZTkj3W/r+len7k0eLTtyONIwQs7cPhdRSRarbM5kmcjKbGyL/Ji/juh+LyQIr7SOwM8qW19JVDOA7IVNWfDq/UjtMQM22Tp7KtNDe6FmJY5W6TxgonKL6YDtnD/ciaaShp3EFrcfmm/w1pb5H4WYiu9XH9Ujhj3UpvUMzcB+T+avjtFfPCXrBbPo6ljuMj1ymOM7BpdHsmQX+N8Y1HdSo66ne3VqG6nIacZdMBrkH1NKXzAYBnZS9UD8HI3XTSUrgMD90DWQ+iIKiF2xduuCmhm+rupn8Op8EgbhANJNkmJUHtWCLJaonbsySoclvq486Tn7q3bHVsPnIx6IpkdtlqJSwA6oyM6WVsJ852T46tw5/RX4ljyPEjH3wgVFvoZyX6NJP9OypSyA6X6K5lYB9WERtTAfx7pSWLW7+RJj/mKr5rdWU7sOjJA7hEKlXJdlj4rD32TvDjdu0gKodJNFjW0jOeyK2qcADnBUST7Bc0uJFj8vO7aI7IZiqIt3RZQGXKaLHmUll2JwC9FJYB3Rl0MOoDdmPumksdsWhSBVRSHzDbunujoZcaRkocMrggClpD9TAgSWekkcXB2CfRWr6SldgNBB+6YKB/8Aw3KsZLxF9oqv4I78E7gEJ9quNORLSVRc4fhzyrd9NcWfSQR7oLjXxnLmZVbUXiP6K3xOoIMF0WpvfBTv45Ux7TU8zT64Vn8xUAbhM+b1HD4w78kUa4sijJv7WRqbqNrn6HSPZ/zbKc27NfuyYH80F8NvmH8ymbn7IBtNtccklv8Ayuwp8KQe62C4eS0bVTSDIcT6JMvN5oHh1JXTRH2cQqY2ypG1PdJWNH0gphk6ipn6WltQBwXKlVFAO+xfkbGk+JvX9tYW0XUFYwO5xIRlXFF/aH+JVBMJqispasek1Iw4/ZecMu17iOZ7QHgf0KUzqaldtW2qRhHOAoqolfO5dnrI/tO1lVht96Ks1SO+mJzM/plJ/wAb/h5XjTX/AAujaD3glx/oCvKo750/LxGxn/0wJrv4FK/VHUtBPYHZXKiL6LjY17PVo+uvgXcs/P8ASN0oPQxySO/ycnPf/Z6q/NSdS3i3OPZxlwP0aV5cKGjIyyTIPumPtkEvDsYQfxwvna6Z6tFSfCY72/4nzsI7Taz/AJ4UynobRJtafiZa5ndmTtb/ANSvGX2gNxpBPuuC24GM4VPT5GK+z0e4MsfUz8CO42Gt9NEwaT/9SiSdPdWho8Tpymlb2MUocP8A71eDmlqoXfy5HN9C12FKpq6+0e9NeLhH/wAlQQl/xBkNVZHtJnsM9grc4q+nCCOdMWf8kF1ltwGJ7Y1n/PHheYxdbdaUhAh6kug//uDhTm/Ff4hwNAHUNQ8ekp1IZaXAz+bF/lE3EvTnTkvMVMCfQKI7oewPP8t7t/8AuzhZiH4u9aE/z5aSfPeSDKlRfFi+H+/tdpk//tsf6pUqJr8S1rqf0XD/AIf2gHUyWbPuVz/YaIH+XVvaOyrx8W61oGenbbn1YHN/1T2fFcuIM9gh+7ZnJfw3IatVS0WJ6HqdOYblL9tRQh0jeWH/ALW8/wDiQG/FOAcUD2H0Dsro+K0AJJpJRj0wVSpa7J8lcvZLHS93OP8AepP/ADIjOmq5m5wT6lRG/FigdzTTA9yWp/8A7UaJ27Kdx+4Q/C/SBzU32SzZaxuASMfdIWUba4R+qjH4kRu4pIx92rh+ITX4Hh0h9jsqVE/0HCdUPZYx2xjcZpwceqN8qxo3o4wB7KrHWksm8VNQH/7d/wCq5/tPc5P7uhpP/Of+qn8dr0E74emWu48ugDHbC7oqgR4cYH5Kq/jV6d/8NTj7HK6b1fvwxQs+2ES0zKeoRbOjvBwYmcJv/wBcQ2MuFWNunUBBAkx9iEL5jqGY/wDai3PfIV/xmD/IRdZvxBzL+6GG3sk/zSfzVQaa/O3NyH2MgTTQXo4Ml1Y1p7mQKv42CnqEW74b08AunjafdyBJBeCdqiE/aRQ3WyVwAk6ghB95V2OyxHHjdSQAH/6IEXwgfOkSBHeBzKz760vl7qf/AIqH7eIufwu0wgGfqeH3/mhEjh6QiP8AM6oiPqQ5T4gPlQI090b9VQwj2dlcEVVw6Zx98qc2s6Cp8GXqTWR2D0j1b0BS/wB1VzS49sqvjC+aK7IopHkglzsn81MioZXgANduo8nxQ6Poj/u9BVTO9RHkKJJ8bIIz/uVnPtrjCv40T56/2XsVhrJd2tP6KdB0rcJtpKcnCw1T8b+onbUtvpo/Tybqsqvi98RaoYhnaxvbDOFPjQMtRBdHqreiqhpBfCxnuVMHTFPC0Onqqdg+68Ires/iPcSBJcpmj/CMKvlpOqa4657nV5O58ynxg/K30fQz4em6IZqbxSNwMnLlDn6w+HluGZeoKYkdgV4PH0XVyYlfOC925LuUeLoCIuzO4Y9lWwF2W/0I9dr/AIw/DygjJhqHTkf0N2VFU/HuwMGKKiqXHsNKx9P0Fb4xkfvlWFN0jQQbtaEcY4LhHUSJ9T8c7pN5bdasZ/rbhVFX8Vuta7aKjY0H0CtoenqVvkMbcKZHbKQbeGNlWEPVE/6mY2Tqfr6v+hxbn0QH0/W1dtU3CTB7F2y3zKWniOWxgFPLY/QIC/43PLPP2dIXipeJKmt1kd9ZypkfQbDj5rSfzW0DYxuGhMLweBwpkOOmgu0Zqn6FtsO/hNKnU/S9tiIzAP1VwC47BpRWUtTLxHgHuoMWlr7wV8dotkXEAKN8pSjAbAw442Cnstcuf5nf9lLitcTBkHKFywWqUuir8NgADWhqM2me87DdWrKSFhyGDKeImjgIG8BKpFb8jM4fTgJ0dFh24wVaaSBhN0j0SnPAcakiMykaBwnCkGdtlLSHKreEoJAG0jQF1tKGnIUxn0hJyikEoAhC4bAful4bvT91IaMrunHZEMVZH0eyJpH9P7ojY9+MorWjHCAjhgieGutZpOcKR4Q9EgxjTknChW1AhGR2XRGc8YR/EpmtyZWjHqVHdcaBn11Uf5OUJ0FEQ9F0RjOQoTuoLTF9VbF9tSjv6ts0X/HDlCFuIwNgn6R6rOzddWiPYO1H2UGT4gUTfopZnehxsoWpYNjkDuF0b8LBSfECtkOILazHYnlR5OseopP7umbH6YChW9no2D6FcO3K8xm6h6tmH966MH+kKGanqiod57hNv7qE3s9WkqIIW65ZWtb6k7IUl96fgGai7QM/8WV5NJYLxUPMxc97zy4k5Uap6fudO3xJYnOH6qxUptdHqNV1v0zT/TXeJ/yhVdR8UbTC3VBRTTZOBggf5rzLww3YgA/ZMczAwE2NbfJjt1Vi6PQX/FuTGKWxjPrJIMD34/ZVVV8UuoJ8+HDTxemGrIiXHZDMzT+FPVOUZLNXZ+y+q+u+qqni4iIejIm5/XCrH33qCYky3qqf7F+ygPqA3shukxymRpMr1Nj7YWR75nl8she525LjklBfGRuX5z6lcD8blMe4HumqoCV8vY8EdimHOEMOy7AOU8jI5RqtIXZY5A3DfZCRXYzuUNxa3sj2ZB+QZpPouFme2F3xWg7BLxB/SmQryJmDMeeyboA3wi+LnbC5sUz4igBjPdc8P2KlBjj9LST2XRFXn/hHH2RqrIvCIL4i0bIPy8oOfD2VsbfVnB8BxP2Tv4dcSNqOX9Eai0XgqfBPdqc+HjCtW2i4H/4KX/ypGw3NxH+6uARYK2plP8v7JCmB20/sr1vTdyJB8B36KTH0zcdv5JB91MMp1bjN/wALkdjQMrhsdSRnSFr4+nLkAABGPuVIb07cgRiaJo+6mGV/HT/IwZsNUDx+y46x1LRkj9l6G2wS6QXVUOfuunp95GDVQ/8AmU2sF6Wt9nmhoSx2CMFcdRL0l3SUZyTLD+qCekIiSBLD/wCZXhiJ6NN/YeeMpc9gk2ne38K3knR7WHIfGcqtn6eq4nFrYgQOCEW7+wqWisjyjM4e05byp1uu17tswnornJE8cFpOylS2WdmdcZG2VHFIQd9lSrjN8oBRtqNpY/i/1ranNdLcnVgbtpn8w/L0W9s3x+s9U0w9V2EMbx40DtTs/wDLj/VeHeEWnB2yk+MnBSrdDXPnoZDX21d8n1Rb7v8ADzqeCM2m80zZ3jaKc+G4e33T6zpmelBcYWzQu3Gnf9F8qDW0jBP5FbLpz4rdddOSh1De5TE3YRSHUAFhs0Ml+J0NN5OMn9/B7BWdP2isDWSQFrhzkrN3L4XSyB1RQS5HYY3U2zfHKy9QRiHq6zBkuPPUwO0u45Wlo5IqyAV3SF8bWw41fLTP87PzSfgsi+UbnqK5rKaPIq/pO7UEpZLTkj10qqfA+ldpe05HOy9nk6lkhf4PUNnc2POC4s7/AHQJT0FfJHQNkZC93Gto3SsN9lxVcv6sHksdfUQY8CZzB6tOFrbF8U+s7M1jKK9VHht4a+TVj7K6qvhhY6oukobg0DkNDsg/bfZZmt+Gd9pKh3yUoezkZJS40xn2DOtv8eT1Oy/2mL/DCyO72tlW5owXtk0OP7FegWT+0H0rXeGKueopCePFjJz+mV8tTWjqO2tLqm1SYGxcBkKF/GYonBlQXQu9CMJVmji/xMlkUmsn3haet7Feg0Wy9wzSEZ8PVg4/NXIuHiECVjX/AH3yvgSnuMmRLSVrmu7OY7cLSWz4o9cWPQ2jvtRIxvEcxEjf0IWSWhl/SVGv9H2hW2SwXiEsrrRTHnzBgBCqf9jaele02G7VNJp4aHZH6L57s/8AafvlC5n+0FpZVMGxkhOgj8sFb6xf2lOi7hhtTP8AIvPIqm4b+TkmWlsj2g1HaeiyTdcW0+GKaK4sHBZs4j3/APmLsXVUb3CnuluqaScbOywln/m7rlj65tl4Y2e3XGlqGPGR4MmVeNnhq8Odok9nAFZZ14eGU7MMgRSWy6gtZLFJ7E7hMl6fhzpbHgeyLV9PWqqfrZGaV/JfCdKCaS9W9ui3XSKsjb+GZ/n/AFSnWyK+BEns9ypf5tJUFwG+hyY26XOEBs9LsO4Ks2Xeqp9MV1t0sJP/ABA0lh+xU+GajqmjQ9jie22UuUXgL5E+iopr1SSECaTQ/wBFbU9aHgFmC08FRaqxUkrzKIG5POFWSWWqicRT1L2s/pJOyS44ZG0zUioOASMozJw4DhY0XC6UZ8KdrnNHBG6n017hewAlwd3VYyLnDPRpMhOYcZVPT17pN9WVOjqmYGs4yqwL2YJ2SmubqGCmxyNeMt3CcXY7KANfsBLE9v0lMbUVMRxyFJdIHbFvC6+NjxgtVi9uRkde0bSHco4qA87YUSSkbywboOmWI7t27KgHWi3a5pbsU3JzgKBFUkDdGZVjYKxLqw8kpdGyC17TwU9UEohQ/snjB4Ki5HohtdIXbSYARKWQHHJNyPVInI0k5A3wgtdtuUtY9UzcgdrM5dOjfMaqwTiln5LNWGn7BV1NeqqllFBfovAmGwfjyu/Nbc4J54UettlBdIvBrohI0+2/6q/k5wGuCiAbK0SQyNc08EFFirqilG5Lmjsqyv6Su1pc6exVRmpxv8u/kfb1UW29QwSyfLXAuppRtpkGCmJ57IaCK/dO17hRVFZFHUuB/lv2z9ioktDeLVIaq1ztmpeTFncDvhV946Ws9+YPmIWA4OmWMYe37H9FAoIOt+mqhrIaiO9WkHzsmaTUNHtv5kxSI0a+OS09RUwYHMMg+qOTZzSqiqtl0sLzLSQ/NU5PmY/JLfspbBa69onijfS1B3Ixoc0+isI6yoYBFVP1sGzX/wDVaYXOIiSSKmkuFLXkxtaYphzG7b9EaWn2IIIUm4dP0Nx/3iCXwaobtkacbqmFyrLVKaLqGJzS3ZsrR5XDsV0aL12xeF7Mx138L+neuaB1FeqIOO5ZKwDU0/6hfEnxb+BPU3w4uD6ylgfU2yRxMczW4Glfos3RNEJYXCSNwyHDcKjv3Tdvu1LJSXKkZNBICHNI9e69J4vzl+iajF/b+jm+Q0ENbHD4a6Z+V1VQsq/PGdEg5b7qA4uafBqGkObw7C+n/jZ/ZyqbJLU9QdFQmopw4ulpg3ztB7/blfOcwZUM0viBPuNwvqHjfNR1WNjyfNPMeD22Zl3+/TIcVTowAVKbUEgZVVUwTUmTgkYyFGp697nYlcvTV3xl0zxWs0sqJ7WjQuDZW7Yz91DmgkaS4hKOXDQUdsvijBC0cTMRE8Q5AdshVVLFUNw5FqYiHZaNkyJxBwUicMDozcOijr7VJG3xohqA5A/zVUSSSCOFuWaSMEDdU12s7SDU0w+4WW2vPRtpuz+TMw9oHZAeN1MkGNiFGeFz7YM31zTBDlSY3YxgqMugnPKySXBqTwXFO8PbjIUoEBVFNLhwHqrGIgtG6x2Lk6+ktyuSbGd1KjdkcKAxzW5KOyQNSZI69VpLJ25UcfWnBx9crqhp3ZCxOJAyU85Iwo8JxsSig5GUxBy6I9Q7DwPVNlj1s39E6oGRqT48GMEei0VrkyWSyUj3aZCMd8JtQMgEei7VjFSRwuP+kLfXwjy+sXDiCbypTSdIUUcqS36QtKORKOTiSSSJywL6CsPIXJeAux91yXgKEI7+VzsV1/K4OCs7DGHlNHKceU0coho4N8vKY7uiD6UJ/BVS6IlgBNjUCnMPlCY/lPgI4SkhrRHfgOwo9RwFJm5yOyjVHASprA2PQ6m5KtKb6Cqum5KtKb6Sm1fggLB55XWHJXH90m7ORN4M7DH8KmjOkKFgnThT4zjCJCJScCTCdIzhavo6EzTayO4Ky0WCBst/0fS6GeJpGAMrbSsI5WuliDZqS0MGxH6pkAL5ms91x+T3Uuzw+JWs74WldnmbG9uTe2yF1PSxtPOF2reYqeSb+kEozCNDQPQKp6oqHx2407DjxvKmIwt5mSehKeOVstc/zPkcTk9grhjvH6i34ZwELpykZb+nI3sHmA3K70xpqHVNW8ZeHluU0VY3KWS9nIydwhUjf5mvGQEGR2XHdSqAgU+SM7ogAkjtT2tCkDyRD3UKLz1gOdlKqTpwAoLAPdvwoJeJ69rXcN7I0ko32QLThzpJ3DJDsbqiYwWT36cKrlLqmvOr6Y+FKqKgHIHcINNHsZCcajglVJZJ0UvWdfNQ2mTwSAS07rymEl0Ukjt3u3JWs+I12c6sbQRy+Tg/ksjO7wYA1vdcbyd+IOKPe/S/jnNfMwlmBFZnvytLG3U4AjKp7HC0t8QjzHur+Bmkhy+ZeUtc5n6M8DpZVaeOSbEAGBoGyU4cyInO5To3bYwhVsnlA4XnLpbmez08MRI2rzKXEBsobPqCmRjICUzZGHJJZvnZcDMEHPCfFwB6rgbgn3VDEZ7qOoIlAA2BVXTVJc7B7Kb1B/fO+6o4yWuyu1p4f6SPIeRuxqGjQANe0EJwDc5J4UKhq2E+G84zwSpDhuCDsmqJk3powXxY6UbdKD+KUrP58exaByF4cBjynGV9XupmVMZhlAcHDG4Xzn8Q+nH9PX17WRlsD/o9AvQeM1m1/GzxX1HoMv8AlRX+Sh9x2Uy3zujlDlWtfgY5UiN+kjZepqsPEWQU0aaGVs7c4CZKNJ2CraOqIOCrQDxIw5pXQq+/g5047GR9Pulp904g54SWjaRSyJJLBSwVMBZHRkB26sYCHAeyq8EkKZSy6CAQiHVWbZJFk1gIIKa6LuAnQODsbqayLV2SpRydaEVjgq3gs2LefdHieQQcKRNRk4wEERFu2MJbRpq+wmU8uNIV1TSbDfKzsRw4K1o5wMAozpVWZRZkYRUEO1jKMOVDfW8j8FcLfZGa0EZIXdDfRLNBAkhHcbKmulscCZ4W/cLSOjyhyxZ205BQYAsr3GShwMajuo13t5qY/Gjxlu6s7ha54pXPjblp3AHZRmSaRokBB75QNGK2rjBmBFoO+EaM6ceyl3O3PZmeE5byQOyrGS42wkyjkwOE65YaLq2VpjlaTstRR1TZwDkLCxvLDqCubZcSwhrnFB0b9Pc4ySZt6eUDClsfkcKkpanLWnHKsIpQQESlk71c9pZMdvwjNOQoUUgKkRuyERthLJKhcQcZUyKQ7KC0DucKQw4P2UNNc8FlHLsMkbcZKzt9+HPSd/1SfKfJVB/HF9BPu3srbWTjco8TscqAW1Qu4nFNHifUvwfv1vc6W3xiphHdu+ywlZbK23zGKrh0nsvrKGfy4B/JR62y2K8sEV1t8UvPm0gHPqgOHqfp6i6TlB4PkzSONSWkf1L3bqH4G2asL6m01j4nk7RlmR+uV5/fvhB1fa3B8FGamAfjYCP2QHnNV4XU0N4i2kYnT7rmB6o09FW0kroKimexzdjkIcFPNPM2FjSc8+yDbk5c6ZQ4aE2MvOGeY+wWhttnZStE82HPIyB6KRRW6Kii0xty/wDqIUkZ7lNrhtKUcdjcYK5KeN0iQFFqHDGMp5JcIDWztkHhtO4UENPdOmGX7I1LCXEHCZGaRlk9zwdpYSTkhS5ZGxMAyP1S8sbT7KqrqrOBlBY/0HhoHVVBlkOCUEEYIymNOokpgYfVZZt5KY527iQuYKHyUjsl/I/0XkOMZ5TXOA3JTYhPK7RDEXZVnRdKXq4SBkUB9yqcnI0Vaadv4psqJKgNyPVcZBNOfJGXD2XpfT3wO6nvJY5tokdG7h8nlb+q9Ssv9mytMDP4nWw0m3EQ1kfuESg2dbS/T+r1L+2OP8ng1hsDGEVU7NzwD3Wwt1gu11lFPQ0MkzzxpC+iLH8Iej7MQ2SlfVhv/fu1H9VsYKWhooW09DSMgjbw1oTMYPTaP6TcObpf9jwHp74LdUXIj53TRRn8Txq/bK9FsXwQ6at2l90mlr5BzkBgz+S3/jaNhuiCQOGeFR6PTeF02n9Zf9zlBRUdrpm0lBTxwxsGBpGCj8qO12TyjNIToywdWqmNXEVg4npiejHJZYs4XclcSRjNnsJqcO6QcSdykN+VxNhhlJY6DBwI3IXcj1CBkroJyrwXgOuZHqE3UA3c74UcuA3cdlMAt4JA5UKvusNG8wxEyS9mD6iolfc3y/7jadUlU4/UPpZ9yp1nskVGRWVMxnrHDzuduB9kcVkS5kWisFRWzxXa9nW5u8MPZvoSPVaFgGE8jPdcaB6piBfJ1cPCRcAhSP1BPSIdc7Gd1FLiSV0kk8pj3NAQiJ2JHZBtkEKmuV0gpWF7jxsE+8XWKggLpJA3I2GdysJU1NVdqgvdkQ5wAe6ZCGWc3WahY2oZcLhNXTHznQTsEait73EEjClW21MLy/09Ve0tE2PA0jAWyCwjlkOitYa0d1YCFrRspAY1g2wFFra6KjiMkh44Ri7LFDsDPpiOTgBY+93t00r4aXIHBOV273aavnOh5DB6HlQGRBh1EblHBHH1Wt3ZhAjRU4kOqZpJR9LYxgBElkbGMBqCcu3wtKSwcixjSTnlNJ7LrshMRJGWUsnRuk/y4XEMv9QiEjyo082gYzgpVNUIhqdsFmqmsqa+r0Qk6QcEpWfQqUsD625z10jqSB5BHJ9ApFtoG0o4BJ3JPJXaOkLH5c33KJX3CChi8STAx2yqbwLlNRWTtwrIbdAZpCABwPVedXe9Vt5qzS0ziWE7kHhEvF5rL7VOhhJMOcf/ADFOtVrhoYh5QXnckpMpbmYbbd3COW22xUEQAALyPMVMci6fdIjHdFFCfeWASTy09gk1pByQiIm/YNrMuGQpLYgBsFxoAA2RDKNOnCFvA6HJwDCc1ms4zhMAyfupsNOcAnlUaIwydgg0NyVKaAwebsmtGjflRqyqa4eCznuVBv4jamodO7wojt3KTGBgwAm07C3JxyjHblU3gF/3GSSCMZKxPUN1lqZDFHJ5Qd1YdR9QN3pKR/Gz3D/JZWRznZJKx3WekZL7FL7IgM+iWcpHlJY5ScnkyCTE9MS5RyMQkanhc94wmxxFxCu7fRYALm4wrSyNhDcdoKFrQCW8KVM9kQAHZOeRGNLAhtpXyvDiSAmKts2fbGCjFEWoM9U5sbPKBuSplNbwzDjypUdM1jd2jKIGkK3HAK55OsGBgHhMfk90/OAUASEk7K9uRq+0f3yShu++E972saXOOwVdX3WCnZqadx6FTKXYxWxj+RPbtuUKaugaDqkAws9LeKiUbHAKgzSyTOy552Wey2PoXZqkvxL+qvjIsiN+6rnX+uJOl4x23VfpyBk5wuFm/KyzvkujNLUzZNmulbONL5SB7FRjLJnPiO/VNR6Wkkq5NEY/NKrlO2aSEW3trkdTQz1sgiblxPOey1VttsVDAGAebuUrZbYqGIYaNZG5U4DK9Dp9Ns7ORqLs8HAANgknaHeiQaQdwtsYpGFvkdp90tPunZyAknqsIbp91xwwE9JT4yEd7Cc5CC5p3wpmR6LhDf6QlurIZCDpY3amuwfZXFtvEjXiKodlp2z6KuewHhRywtSJ14FTrUjb5DgCCDnhOIwsvbbtLBiGV2pnYlaOCdkrA5u+VmnDBjspceg6SWoZxlJLFD09DyE9WiHUkkkRDapJ6S/O0W8n61aGJgOU9Dam5yKkkjmkDtlcIGNgnOXE1coU0sgiPRLBRMBcIGFZTWQKSeQuHhXGQGECSXSDlLBTlPHIt15BpLuClgp6vxwC6UzuQmeLk4wuHVhMJd6J0LsGazTRl2Ew3lNcxh5GUwH0z+qWSVrr1OTJZoIsa6KD/uz98oRh7jhFI75z+SYXY7LVC/kzW6GKXAB7COAkGkImvJ44TTI122MYWuNmTnWU7QexQnNpz/etBPZEc5o4Qy5uTlEIa2sgS0OlxkpZCxyfFX3GhwXnWPZTNsYCFM0EcpM6oz7HU6uyiSlBkyHqClkYPGbh3cELs1Da7o3xIi1kh7hUskAz5WgJjRLTuD45C0+xSXpYpfad6j6inn/WSaLZ9kqqdofS1BLmjGMqMKyupn4nY4junU14qIRiTzYU9l2opmh0rAHd8hZJ6V55R39J5Wm1JqWAEVyhLcuJz3UmO46gAxx24wcLpt9DUfzY9I1DOxUGaklhcdI1N9lkt01a7R2qdfJL7WX8HUNUxgZqDgOMq3pOp6QRjxWEOHO6wzJHRncFIVB7LFPSRf4nQp8o88s9QpbhSVLAYpWj2JUppI43XlUdfPHgMcR+asIOq7jBGIxISB6rNbpbIo6Nfkq5dnpTHc7IrTkrH0HX1H4bRUwPDxscHYq6oerLHWPEZqvCcR+PhYpUyRthq6p+y6wHBLTnASZJFKA6OZjgeCHBFMLhgYO6U012MTT6BtjwcghEEkzMGNLwXDcjH5pwdgKg0mEbWzf8U5TTJb5f7+MOz6hINBOEjD5c6QFaeAX/AHAz9LdMXOLHysbHuHIACqJvhTZ5j/LqXf8Amyrnw8HYYXY/EYchx/VT5JZymDKqEu0Yeu+E12gnd8jUNdGd2kqlq+juqqHZ1veRnlvBXrja6ra0MbIcdlLjvD4mhk0If+aYrp+2LlpoPo8Knor1R71NLMwf8qZ89NGBqe4H3K95Nbbqjy1VI0tPOWgqNUdOdF3JuZqeAZ9g0q/l/Yn4GuYs8VgvEzHag/PtlTYb87UBI3AXpVT8MelZ3/7q50ZI4B2Kp6r4NVTyX0dxDWnhro8/vlWrY+wvjtXZmG3WndjO5RWyU8mHB437KXX/AAp6kpG64Y2zDuGggqlm6V6ipP72imb+RV74emEo2L0WjWwuGnLSm/LMactOcqk+UulMf5sUjceqeyqqYz9Z27Eqty9F5f6LkwzZzFjHdIBw5B2Vay51DeSpLbxkBrnfsj3It5l6Duhglz4kIJKiS2Wmm7FufRSoq+mO5dklFE8ZOR3U3NdinCH9SKWXpZxJdT1O/o4qDLZ7lT/UzWB6LYROaiAtO2USuBlpIS64MI51VDtJER+SdHVEZC3XykUg8zGn7hR5LJQycxN/RX83At6SS4Rkm1zwRvlSGV8xGzlcydKULn6mOc3PZQpOlqpr3COXLe2VcLV7Alp5x9AW3GXfLwfzThWNOMoUnT9wj2GEB1srmfU1W5xFuM16JwnpjjXhE8S3kbsG/uqo09SNnRnZdMUoGwwVN6LUnnGCyMNC7g79kz5WI7NcPuqozzg4Dtk9tVKDyVeUVva9FoKcM3CaYxjjCh/Nz4BD+Em10uwJCjQTnH2StD+NZTHU4dgloOPZD+cf6hdFY/O+FezIO+v0J1FRyDElNGf/AAhRJbLQ5yIw37BWDJ2uC6S1xB5wrwylGMuip/gcbjllRM3/AMZS/hFdH/cXB4x6kq50sGMcruM91CfFFPKKP5a/M4q3OH3XfFvTPwuJHq1Xqc0/sp0FtyUPz12G0lOwgf4U03ScHzxAeuAtE0Du0LjooncxN/RURVsz4urMeddFdTvI2KuvkaN5y+nZ+QTja6I8QtCn+S/jKcTU+PqSDoM5EhVmbRSE/Ql/A6P+qT9VWET4ytL4v6gllhGNQ/VWJsVGTs+T9Uv4JENg5VKWCfGVRP8AiXMe6tv4RH2K4LUf+8S0030XsK7TnskNbTluysv4S7/vAl/Cjnd4wi4j0Xhlfrm48QYXQN8kKz/hUeOd1wWvBzrGFN5UoNkFo0/QACnB91H0OOPurJtviA2bk/cpot9Vnyt27boW8kUWiAZruf8AjP8A/MV10t2J/wC0Px/zFWPyVSOWfuuGinIxpH6qm8hckNtRdds1D8/8xRRNdXDBq9v+co/8OqNWcon8Nn9AhCI2q5firCf/ABFdAqRkmY5PJ1FSf4fUDhc+RqByVAZJsi+JU53lSL6gj+9/ZS/lSOSF0UpyqwRJvgg6KgneX9lz5bbJO6shTjHCcKXflDgL4mypNI55xp/dEZZwf+HlW7KVuMgIzICfZCEqipgsfHkH6qVHao2fWzCtYKU85x+akMiGTkcKhkKovtFXHaqfuwKbDbaccBS44W/0ojYh2CW7McGhUpAW0gA4CI2EtxhSAM7BEEYPsrfKDjUBELDuWogjAxkcIrYiTwjindgYCRl5Gwrx0BZGMcLoGOG/upLaWc7eHypDbZMQMjAVuTQ+MSv2CarcWyM4Mm2EVtFAzGG8KLkJwKYQyu2DCni31Tzs1XLI2MwGsRjlrcaVeCvjKiO0yPH81qPDZ4GEahn2Uwk/ZJqCT2hKKQhTwtbgNbt7Jgbg7bI5c3sucb5QpjlFDNJPKfoGMpauwamHKj5KcUuRy63crmk+hS2H1HCXgVhILoBCHp90vmadm7pQFEnv9rikLBPqIQtYITtPuuhgz9SpZuqKWNpMTNZVdL1dXS5EUMTAPZRRyQ14Ztymucxu7ngLEPvdzmz/ADy3/l2UST+IznL6iXf/ABItheDfm626HaWoGfYqPN1Daoz/AHyxMNvqXnBBJ9SVOjslTKAMY/JXtYT47LSXraCN7mxQuwOD6qLN1xIR/Kidn3XafpGaVw17/krWl6EJwdt/ZRxwSbyZ5/VV0lOWu0hR5LzdphhtRhbiPoQAAnSp0HRdvjw58Y1eytQbFqR5iTeqkFrpnaT6FNjslfUHB1HPuvXWdP2iLYwDZGFvtkYHy8QyEWwpvk8qh6OrHjU6nJz3UuDouqcd6dek6GDZoGAkW7KfGUYBvQhODLANvZT4ujqWIAaRstYQc8H9V10ZaASOVPjGLgy7elqZvDGp4sUDeYWn81ocO40rhae7VWwrekUgtNOBjwP3T22yBu4hGVbGWmYP50jWfcqHPd7XGTqrYRj/ABKbCvkRGdSAfQzACa6CDGl0WQfUrk3UFtZlrZvEJ7M3UGW+aj/Lo3/cpkaWypTiVF36IpqzVLRERyc4WCuNLNbJXU9VGWuacb916ZJdbo/Bp442/cKvrqCS8OJuMMTtudO61Qr2nO1CTPMxLq2A5UeRzgdgTlejf7KW2PGIgUZlioYcaIR+i1wqyc6xJHmLmzOIxG7P2RG0NfJjRRzH30r07+E0Yx/Kb+iIKeNoDWxAAJ0aUIaR5pHYrpMAWU7h9wjs6TvEuN4hn/EvRRAztGP1XPAYDnQESpyxMzBt6Hux3c+L8ijs6MrPxTM/JbhrAOyOxjQMYH6Ilp0wFLBgx0Yc+YOJ9gjR9DwE/wAyKV/3W2bnPKK3ONspq06RbZjmdDUWP+zHP3Roei7bG4Olg2+61ZPumlzDyQUSrwBuKEdI2NrcmjyR7rren7Ww+W3xbeyvQB6JA7fQr+MmSpFkoQMCihH5JwtEDTkQtCs9PsuHAGcK1AmSu/h9OOIWDCaaNwOABjspbqgg4wuGqOPoa77hVsBlNRInyb+QB+qE6llHAH6qWax2doY/0QjUVB/4NPj7o1V/YD5UiGYajO0jQieBUkY8doTpamZgz4EW/puo5qbhnLYYsfZWqsA/yYHXUMziSZhugT26oxgzjBT5Z6/bMYH2QJJKx4+kj8lfx/or+TAhyWkl28nPO6BJZiBkTfupkgrD6/ogvhrfU/oiUMFfNkhut9QNhMmspZGHzyj9VLMdV3cEJ8Lz2Ofuo4iZXtA3F7eJHfqgvq6huNMn6o4pajnT+6a+g1f3gwq+NBx1E17A/MSykCQtIHsiCKkcPNE3PsE5tCG7BNdSPbgA7KKCKlqJY5AzUVJJwxoP2VfUWdzhqhc3bt6q2+Vfp2O/3TPl6lpz+iZsM0ts+0Z19tljxqYm6Bj0WldBO762tKjz2+GbJ0hrvUKfGZ5145RRMbjhT7dX1tvnZUUlRJG9hyNLsIc1DPAc6dQ9QuNeMBukghC6FPsVGbreUeg2j4o1uBTX2FtZARg+INWPdWzrd0/fm/M2iqbDMd9BOMFeWhwzuplJXS07w+CV0bh3BSJ6JLmKNletj1Ysmor6W/Wtx0zStaOC1xwUz/bvqahZpbUE4xjVuu0nVhqIxS3MeI07Bw5Cj1jaeeQimB0+uOUtafPE4l/Pt/25vH6LCD4x1UGmK9W0yM/E+MA/stLQXX4adXvDZoYYpXAZ8YCPdeZ1lFTkFssYws/VWtjC7wXOAPYFR6GMvxL/AOIuriayey1/wetlRUmWxV8kORkb6gPy9Fj7/wDD7riygvpJhUhu5w3Bx9ljLf1L1d020C1V0jI2/hOSCtbQfHiqiYBfaBjngYJi8mf81nn4+yPQyPktPY+cxZUC6XO2sb/F7VLE07eIWbZXXX621AMcsbR+W621H8Uejr9G14rI4D38YAAe2VDu/R3TF+zPSOgaXjOuCTAP5IFo5PiaGz1KSzGaaMrRs+UmFXbKyaJ2Mh0Mmn/JbywfHz4p9HkPNb/GaNmwpq93iDH/ADcrza49H3K1Pc+01jntbvpzkYVSy632gd4ldTl0fB2ylvxqt6RmetgvyTPrPo/+2B0dc3Cm6uoqmzTAYe7PiRg+3BxxxlezWHqnpvqanZW2C801bFIMgxuGfzHZfnWbl0/eh4Tixkp9dsFPprd1BYalt26SvM1HUxbh8D8OPsslvicesFrV1y6P0r+YlDNBflvodwgSQ0Mrg7T4UhP1xnBXxH0r/a2+InSU8VN1xQC6Uv0vld/eEeodjAPPK916H/tPfCrreWOilvkdluDxltNXuDAR/wDTPo/dcvUeNnDpDlqa/wBnuMX8RhA+XxVsbyCfOB/qpMdzo5cRzRmmfwRO3SCfYqhpK5+hlRR1IcwjLHxvy1w9iOUeWsdVDTWMZM09njK5dmma7Guz9F94EMjdQaxw9RghVtbYKafMkLfCefTgqEzxoCH22fw9O/hPJLSp8N8cSG1Ue2OR2KQ6Hjgv5v2Vr7PXUo8SGXUR2BTRcaiM6Jojkcq/hq6apdpa/BH9S7LQRu8zo2uz3wkTi4vkYrUysgvIAGh2kjsp9PdPGwHnKgz2KOVxfE4sJ9lENtuFO8ho1AcEIAuDTxvbJwQjZCyEdwnp3jxNTVbUd5jeA17s+u6jAlHb0Xen3QfDDsglJlVE9uWuBz7puR6qC2sgpI8cIOl7TlTCMpOaNOMKskcdwBtQ4bYUhtRkDjKjPjJOQhAOBzlXkmxFgACMgpuSgtl7YRfF1fmohbgh/iu9E7zEgEoJGe6Wr2V9luCJQdt9YTg485yoQO/KM14AUS5FOJNDyfq3Vbd+nbZeGltRTMHo9ow8H1yN1Ma4HOCniUDkJieCjCVtn6j6bdronmvpBvpJ/mgf6qTaepaC4xtdFUND+C3OCD6LaOdnhUN26btt2e6aeEMnPEsXldn39USfJB0bWyHVhrid8kJ5227eiz8kV/sWkSj5ynacB0Y84HuFZUN3pql2Gv3I4J3B9Cm7hUo5J4nFO4bYUstoa6HwqmNkzXDBDhlRgIZ2btyUOMeC4lgz7LRCxxEyi2VFytFysJNZ08109Oc66Tk+2lHtF7t18pmkSNjmP/CccOCu6WrxsdsqrvvSdLeB81RvFJWj6Z4xh3545W6nU4fItwfRFulhiq2bsGQOQvlv45/2Y477JNfekgynuLcufE7icen3H+q+l6HqOpoZ22XqendTVAy3xxvE8DuD+atqmjinjLJY2vadskZ3XofH+RtoluqZh1GnjdFwmuD8mqynrrXcH2TqKifRVkLi18b9yCPyVNdrZEzVU079J/pwv0R+N/8AZy6b+KFqle1gobwzzRVgbkH0DgF8J9Y/D7qv4d3N1j6rp/DczeKZwxHM31a78S+meK85VqcZ4Z4jynhJxhysp+zF0dxdCBFUEkA4B9FdNEhYJIJBgjP3VVVMpbhmOnIEzfTbKhxzV9slDJS4A9jwvXQ1CPnuq0OzLrXRpQ8Obh4GcIDoyCgxytkayQO2IUkyg7Obv91p3bkc5QkuxgdpRCdXBB/NClHGExmRyhayWCrbVS1LCTEGuxy3ZZOrpnQSuYQRg7Lc7EeyBU0NNVNxLE0n1ws1lKkjRTc4vDMIW4TSMd1aXK1yUUhIGWHgqvPC5ltO06tdqmuATSWuGCrKGQEAZVW7IOUaBxBGTssVtfs2VWutlw2QnlwRmEg8qvjfkDdTY3AgbrM0dymzKTJbTkIiixuBA3Rgdks3wtwOaSDkIudhqO6jJ+r3RxeOxnyD5hhiBDJnbHdSHtyFFAAkICcjPPsr7k0io1DuhNeXN3Uq6eWHOMlQWSeUYC2VPg85r1tsa/Yj9YKlR/SFHk7IrSB3WlHKnHI9J65kJSDUMK28ixzSE88KO0nOUZp2wmJ5CBycH7ITPqCLJuD9kAJQI6XshZCIeUOQ4KGUsDAiCeF0jCaBgqnyRcAZmnPCbE4nIUiYDAx2Cj5wEvGDRF5GvGX7lAqBjByuvJLuVx4yBkoJRyGKHkBWtHwVVxfUrSj4P2Rw4FWejrvqP3To+U131H7p0fKIUSoxnGVLj5CiRchS2EJi7M1qyTYI9eANzkL07puIR0fGMgLzq0M11LQRkbL1C2xhlEMDGWrbU8o4XkLP6CRKcAH0Vz0zT+JMJfVULiTyVrekoMR+Iey0xWTh3LFbNKwEbZ4VLeS2vutLbo8lzSHOx9+FcjA82dsqnsgbWdQVNURgt8g9sckIznQ5WTQXiY0FjMMRxjy+6kdOxMgtIMY3eMknklU/VTi5tLSgn+ZKFpY42U9KyBuwDQmJ5AslhgTn15U2MeFTHV6KIw6pmgjIypdTvHpHsiAznkVGHB3in8kSqdkAErrNLYw0HgKPUO3G6sWuyDcZHRwkg7nZSqNrY6NhDd3bkqsvMhzFEB9ZVg8hlIxmN2tyrY2SxjAOZ+XjBBSq6ptNRPPsgUhMrPEPuqvqitbSW+Rxd2OyFtIOEN8lE81u9UbpfMl2QCR9kCvYWtaFGtzjJXuf6klSatxdPgnYLyXk7/yPtP0zolCEIlvZmlsTThXsLDhV9ujAgYCMK0jOBwvm+unumz7l4+G2uKCMGFDq3F04GdgFNP0lygOcHTuIOdlxpcs7sOEFj5U2EcZUCEYdyrRgAaMKSWDVWFjA8UZ4wVwclcaCeOUPO5GEKCnLaZq+HMxwqUsHGVb3PzVTxlUVRKYZtGNl6HTLNSPAeTs26mTHuDgMg8d1a0NUKiIA4DmjBVbGfGaT3QYqh1HUh3YnBVuBkrtyaVh3xnCyXxR6Wbf7JrhiBqIcvDgN8LVU746lrZIzsOVLc2OaIwyNBBGN02mfxTUiX0x1MHCfTR8hYwS3O/8AmjDfhbD4o9KPsV5fVxs/lTO39ASsWASF7HS6pTgmfMdZpZaW51Mlxy6CMd1c2+rDmiI43WdZnVzwplPOWEb4911qLsM5V9e5GhkYPRATqSbxYw15yfVFfDpGR3XRUtyMOXBgsBcI9k5JEngmRYyk04cEktOo4yrDjLnJOp59OMlW9LUB+BtwqAMOxClUkjozg7oTrae79mjEbHNzz+ajTQtG+F2ik8VvKkPZjG6A6cJJ8lW9paUamnIeBhHng9uyiBpY47KjVB4L6jk1t3Iypg5VFQ1BBAdtlXkDw9oIUOlRPPBIHC6uDhdVo2BCAeU0gHgJzk1LQxLIF0Ift2VDcbe+CUv05aTstNoPZMdDqaQ7v7IMZFWVbjHPiwNLm7HsqGvoxTTa2t2ct3W27MZe1nHoqSppo52GJ7fz9EucDn6ipx7M3G3VthODnRny7FElhMDyzGQE0jKzWJmPO18F1abv9MFQ7H9JWjp52uHlIKwbH6HAgZV/aa7hpPZCmdTS6qS+yRqY5CVOhfloCqIJcgZ7qfHI3ABRnbqtRYsdxupLHDsVXsdngo7XDbdGa42InNcPUI4I0jdV7CdQ3UhhOAhlLA+uRLY5wdypUch22UBh7KXHwCqHrBLbIRgBFbIXH39VFDsIgf2woTsLNQ22rDXVdrpJnjbVJGCVSVvw66Qq5DNHbn073bnwpMNz9sK9jfkcIwOVEjO9NVLiUUzCVXwgtNQQae5Twj0I1f6hVVV8FqpoxQXeN5PaUEf6r1JqK0ZcFeDPZ4bR3/lDH+DxGt+DvV9PvAymqG/4JP8A0VBW/DbriAnNjlcB3aV9J+LoAGOUVtRg8IjDZ9LaSzptHyu/oXqxpw+wVm3OI/8A1RIuk+oWDSLHWkjt4X/qvq2Kr042UmOvAHH7KpSaM/8A8IaZv7ZNHyU7orrKo/uOnK0j/wCln/RAPwr68qjn+A1Df/DlfYLawE7p/jsHDcIZTcuxsfpCiK5mz5Fp/gn17MQG2iUZ/qbhXNF/Zz69q8eJDFG33K+ovHb3GUvmB2CBmqr6S0X9eWfPNu/suXSU5uNzp48dmuwT+61lt/sx2WnaPm68SHvh69cbVO9SnfME9lWEdKj6e0FHUM/5MlZ/g10TadA+V8XSNyRstjb7T0zZY2mgt0QlAxkNSEuRucJnl51fsrwjp16LTU/hBImmqBORDGwewS+aOCAOVEyUsn1RmmMVHhEkyOJzlP1DsowKeCMcqDEkFJynZwmJ2QoEdHKKCcIQ5RARhGEOHKK0jSNwoyJt/UpjJAiSZkJZCakN7DJJiRIHKNcdASe0MuEhNB5HdU9Z1BTwyGlo3fM1PAYzcD7p2GLdsV2WtRWQU41VDwxnJJVaTWXtzoKceBQDmQ7Od9kyhsNZWTitvj9QO7YB9I+4WhgjbC0MY0NaOGjgJigJlPPQyhoaWgiDKePBP1OPJUxhA7Jq6DhM2Ah0IuJ2JXCQELJJ2KJII7IXbbrjOTkp54UOrqaejjM9VMI428koxdliguQ8rtO3OVn731Fb7XqjdIJJT9EQ+p32H5qnu/WlTV1HyPT0BlaQQahx8oVDJi3SC43KXx6vseQD7I4R3HJ1WpUuEMnNVdK5tVcQ4NBJbHngK2pqfxsNY3S0bbKNR0lTXyBziRq8xPoFoKalZTgNaBwtEIbTk2T3MJS04Y1rWMxjlTAA0JjHADhRLjcIqWLU/wDIeqalkCctvY+uroqSIySEDHA9VjrrXT1z8ufhp4A7J9dUTVkviPdlvZueFGZEc5KYonN1d+Y7UAZT4wSOfdKciBmrIz6KTKWRN1OOMKte51TMXNyG+iOMTjTeBgc6V2pw57ImkNHC6GNYPsmGTY7JhmlLI1zgM7KOSSScIrn4PCGXs5Lf3Vozs7qUGtqhC3OQESrqvCWZq6p9eXMicTvj7IJPHAtvBIq691UPCY7PZTLfQNgiAaMk/UUCzULYyXyjJ7eysLjXQW+m1OIbsgzgTKSjyR7hW09spzPO8d8D1K82udzrL/WmCB5EQOHEf5It6u9Z1BWmCB5EYOCewClW+hipIwyNv3PqhlJyMN9u7g7S0DaNgazcnkqdG9xAGFzTqG+2EWMBo33VxiZf8nUkiugHKaE5HcAlODB6JDhNdJp7IRkcYO6fdCcS52AOE8Satsco9JACS8hAMjnIeipMDxZcewUrw87ByHqJwxox2T8iAebcndQ2xXA2b+Uwkc+iBFCC7WRuU/S6WXV2PZSMBjcY3CpvBXTBMa1uSeFmOpeoWMa6io378OcP8kbqDqGOFjqeB2XDY4PJWLke6Rxe45J3Wa230jLqNRn7IMETk5zlcXTuuLHJ5ZhGpJJDdCWJEjic4/TlEipnOLTjlWlHTiPA0jKtLJohHcct9uc1zXuAPseytnwsji8vITGnQAAOUVoOBnhFGBrSjEA2CUuBkbsVMZG1oGyQxjddMoAxpTksdl5R3hM1D0THTY5CEXdy7H3QzwLdiQSZ2BtuoNRXsgGTyoldcnMcWQuzjuqioqJZSTI7KRZZt6BlaS6y6yS5DHYCqS4vJLt02TJPK4w42wsUrHLsVJ7h/wDquYwu79guZPokgNpD0sgclInClW23uuD8aSADjIQKErpbIrkGc1BZZyiopa2Tw4x9zham22yKijHlGruVIo6CGjhbHG0Ajk45UjT7r0Wg8bGmKnPs5mov38IYAc5IRAlgdgiNXU2pcGKTbfJzDf6f3XMDsEUDC6rUQQSSckmBjUk5JQg1JJJQgxzUJzMYOeVITSMIJw3EIhbnup1FWSQkNL9kDw9uVHI0uBOyyzryVNKSNVT1jJgMOyVOBBGQVlKSoMRyrunqtQG6yzhgx2V4ZOBOrGchEHCDGQSDlGBACSKYRJcyF1GUbjBSRvKQgnlfniMT9ZbxiSSSbtZMjElzJPCXmV7WKycSSx6pYHqmYJk4QOUM8ohLccoZ5UwBk5gJYCSSJRZMjMBLAXVzIVqLKckkMwFwtHKdnfCScsi2m2CITXbDdGOCo7jumwbK2DCCTnCRaTyn4CR4T42OIudSkALPZBMTlKcMHC4QFohqJpmC/SQkQXRv7hB8yssNPZCMbDwFsr1K9nKt0b/pIWt3qh5KlmIZ2QjFsVpjZGXRinROAAjKYY0Qs34TdJRZEuOOwRYhyx8EBSMYXHAHlTskW49MjRvqYnAxSuafupsd1na0B4DiFGLfV37LujHdBKmMvyRuq1l9XUixgutM92meHTnuFIkpaWca4JGgn0KotXIQwXj6XkfYrLbpUvxR1tH5iyqWZ8l2+3TMbqaQ77KHJBK3Ic0hNprvV07dGvUBxlT29SU+B8xSjPchZJ6exej0un8zp7+HwyqczSck4TNZZu3GQr3NnrQJWuDS7shTWdhGqmIwVilppZ5R0oWwnzCRXwXe4wkaKmQAcAOKvbf8Rr/SSDxHtmA2GrkKqdZqpudlFkt1THyxZpaaD7NkL76/xkb6k+KbM/77ROcD/Rgq/pOt+nqwB3zYh9Q/kFeNyQvi2dkZ91wAA6uSk2aSv0a6vKXJ4me80t3tNadFLXwvd6asKdGWuzhwP2OV8+NrHw4Mbi09iDhTKPqS80sokirpQB21FZbNJL+k3Q8nCXZ7wYjnOD+i65jcDsvI6b4i32HBkn1gdirmj+KkmAKyljOOSBusj01ieWaoa2uS7PQ2MB57LkkY22WRp/iVZ5NnwzNJ9tlaUvXPT9Tsakx/8wUdckMV1c/ZcOaBjfK45rNhshQXuxVQHh17DntlTGR0coDmOBz3DkDjLIWV6ONZKWBrXkD2T2yXWEg01bLn3dsnfw+Q7xVUjfz2Q3QXCLZszZR7IHFvsaiVFe79Af55jnZjjO6X+0xYcVdodIP8Jz/moBmqoz56ZzvXSuNrmA4kgmaf+VCNXRZ/xrpmqGKy1Obn+qMJgtXQNy5bTxE+nlKiNrKKUYeB/wCIJrqS2EF/hR/lhFuZWxEiT4edFVe8FZgn+mfH7Y3UGf4Q2twzTXANzxl2VIba4Hbsy3/lXG26Vjsw1tQCO2solY0RVopqr4Q1bDmjuFOfuoMvwx6mhB8N9LL7B61zH3Wm+ireQP6jnKPBeru06XiMe+FfyyfYToi+zzyforrGkdk0QeP8BygPt1+pd57RUbd9K9R/jtbkZeN04XWocQXAOV/KD8aXCPLRVTQECspJYQe7monz9KDh0mPuF6j86XjBY1gPOAFFlobLUDE9FTP9cxN/6KvkJsPO2VtE7iobn0Utrw9mG4IC2EnTXSk+77cxp9WbKLN0V068fyH1kB7Fk2P8yp8mSnXJ9GZLD6ZQ5IGn6mAq9k6I0HNHfagD0kax3+ijTdJX1m8F4p5PZ7dP+QVuxoT8bKV9rgcP7nBUF9njJ2Oc9vRaL+BdU0+f5dLOBzol3/8AqiotQy8M2ns85x3YGO/+9RfIynVu7KQ2gAf3W3qo5tMOfoV8KqAEsnhqYnDkPgcMfsutloHY/wB5jBPYndH8pfwQ/RQOs0P9KDJY4CM5x+S02iA/TIw59HJvyTHjLfdH8oM9NB+jJuscQOzimvsz3jYE4Wr/AIeP6c/mkKHHAx+aKOocehf8SD9GRFBVsOAxM+WrG7mP91sf4e87gj7JhoXEY0gK/wCS32B/ES6MiG1OcGI7e6KwnGCOFpjay7cED8k3+Eu9G/og+Zk/jMz+oehTmk+ivDaJP+7b+iI20P7xN/RT5mT+M0Z/WO6eHwkf3m6vf4SwjemCH/A485+XCnzML+PPBTtI3wQUTxA3YY3Vr/BdsCH90z/Z+TO1KcH/ABKfMwPis/RAa/UM7JaxxkKzHT8uP7gj803/AGdnU+UnxWfor/N6JmXKyFgkH45PtqRRYZf6MqvlJ8Vn6KfV7omT6qxFhlP4NvVF/gQPLlPlIqrP0VWpvoP1Tdft+6t/4E3+tE/gUZ/EP0U+UP8AjTKTWfT913LudKu/4HH6pCxRjcyyfqp8pf8AFmUWty74j/6j+qvP4PD/AN24/cJwsbOzQPyU+Un8eRSieYtxyutLu4/dXAssmTpxhN/g84O2lT5SfxplUc9ynZPqrF1kqycMaCnf7PVxHAQyvaJ/GmVmfdLc7ZVh/s5X5A2/Mo46VuxGf5OP+ZLd7kT+NMqQzO+36p4aB6fqrL/ZW4g4dLF/5k8dJ1+MmeL8iorMlrTTKrLfZPwDxhXEXSMryPEqGk+ynR9ExuAM1Q4f8pKGVjiPWnngzjHb7kfqjgsPBH6rRxdG0LPrke7HupcPTNshwfD1/wDMg+UtaafsygeBxupEEcsgyyNx+y2EdotsYwKRmfsiNhp2DDIGjTxgYU+UctP+zKspatxwylkOe+FKhtFa/d7NIK0Xihh0tbgLj5zgEbFC5bmMVeCqitBGNY4Uj+GwNwcI76mY/i2+ya6TTzujQUYo4KanaMaE4Rxt3AC5uSlqjAy+TCEaorHIQS48oCWSd8qMamnafrP6JNq3csbn7hQEluySniPbPCiCqrHNwIogPXG6b/Ped5QPYBQsmEtj4wUz5rsAELTtl5QnVlvphl8uCqISRIXcNwnbkHZVVR1Fb4vLGdR9lDk6lqjtBCAP8YSm8FmhDHOKfpZG3MjgB91lJLleKlulr2xD/AMFMbHV1ADJp3uA91STYWUad9ztsH11AVbUdUUMbyIWvd7+qhMsks2CWE+nKm0/Slc7BDMD7KYZeCJP1TVuGmBuke6gS3K5VvkdM7fsNlrKfouofgSMBH2VnTdGU7ceJ+eyv42xZ554FfLgF7iPdyOyy1LsHAyvTIel7ZERqZkqwhtFqjwfA3Vqp+wZSweWwdOVcpDdPPsrODoircQfl+V6RHTUMJ2hCc+qpmYAdx2TFVgH5DEQdBygAyRgKzpeiYCR40ey0wrAcEbhBnuEjQBGicMgSnL+kgwdLW+Ag/Lh2FMFsoYWjRC1hCim5VRJ82FCnqw06p5y3PdWoAubf5MtddLEN9IH2Xf4nSs2aQT+ixtx656Ytur5q5scRwGnOVQzfFmwN/7LTzTO/wCTdX8eQJXQjxk9OdXBwJaP2UZ1XUE/VsV5VVfFK7VHltFrcPeVuAoM3VXXVa0FktLFntxhF8QPy56PXpJy0AvOyjvuVFCDmdpwMndeTh/UVYB83e35xuGEgJv8KbJj5qeSc8+Z2d1Wwr5WemTdVWSDzSXGDHs5QZ/iHYYwRCZZnDswLER2agwNUKkRUtHT6cta0HYE4VYLVj9MvZviK2V2KS11Y9y1Rn9a36Qf7vQk+msKH8xRxAAzNGE0Xa2x4/3kk+mFeGT5JPtkl196wnbqzDED2A3CWu9zgOqbnJk8gdlFf1BRt2BLk11+a9pNNA55H5JiryC7ILtkz+GyTHVU1tQ8jtqSbbKYOHlOfUqF/E7nJjRDhJrrtIf5smkH0TI0CnevXJcMoY2DysAT2ho21DIVWKaZwzLVTZ9A5dLWAfzXbDuStNemb6M9mrjD82WbpoY8ZeN11socMg7LO116tFvway4ws9Bq3Kqar4n9N0jdLHzTY28oW6rx9svRy9T5vSVfnI2r9JIJISc1pxhea1fxdpQP/d1A+WT0e1V8nxL6xrTiitcEYPq3P+i3V+KtZxNT9TaKH9R6uW8brmn3Xj0/VPxPqyBDLDAD/QxRHRfEmrOai+ua086XZWurxFrZy7frDRx/FNnthAAySAPdRZrlbKf+/uNOzHq7heNHprqCoGusv87iPWTZRx0tbGjXXV7HHJDiTvnK2R8HY3ycy/63ohzFHrlT1h03SnzXmmJHI1KDL8TOkYAc1sj/AP6WzUvMv4F0Y0fza5hI/wDohTPC6KpvLHNJIfRmStUPAt+jkaj/AMRIw4ikehv+L3S+cQw18p9oMf6qLUfGWjb5aWx17wfVuP8ARYmK5dMQkeHQVrz6hiL/ABakBBprdVge7E+PgX+jlXf+JM/6Wkah3xZqZRmDp6paf8Tx/wBFHHxLvDnHTY3M/NUzbxUFv8uhm/8AFG3/AKLjrjeZCPCoox7luE1eA/sc+3/xEtb/ADLo/EHqdxyy1PASHXnWJG1EQPsFSfM9UH6RTAendNMvU7gchn5BHH6f3ehMv/EO7H5l1/tx1aRvGB+SC7q/qk7F7R/4VUiLqJ7hrLR9gnCjveMueE2P09t9GWX/AIh3v+ssW9SdTSHL6ho/Jc/2jvXDqk/ooHyV3HLgnC23N3JCP/gC/Rnn/wCIGq/pkTD1Bd8f9qKGb/eM/wDaSgNtFyJ+oIos9xx9QV/8A/sKf/iDq/bHf7Q3bvOf1Tv9o7r2qHZ+6H/BqzvhIWaqzg4Cn/AF/wApX/8AEDU+go6mvOd6kkDsUUdWXRg3kzhBFiqCM6ghustVjsp/8Px9RKf/AIh6qPth3da3Nuw3TP8Abu4nd0ef0UOWyVOeyELHVY4H6Kf8A/sRf+I+uT4ky3Z8Qm40zUGT3IK6zruhJyaR4/MKid09VPKYenKsDOf2QS+nt3ofH/xL1sfywzTDre2cSRvblHb1XZn/APFf+ixzrFVYIwP0QjY6vPH7JE/p7HGDVX/4n3f1wN7HfrTKPLVNb/zHCK2426c4ZVMJ9ivPv4RVNByM7IH8NrQcDI/NZZ/T8o9I21f+JUJv744PTWyxPHkkaR912YagMLzJ0d0hI0TP/J5RY7hfmgATvwP8RSZeFtj0dGr/AMQ9LPvJ6EGuHcpjyY98LCx326wnD3vOFJb1TWAYc1xwlvxNxsh9baS3jcazxsHBb+oUeeCmnJJaGu9QqCLqXWAXnHqCpAv1AcfzTlCvHzh+Rpj9S6WzqZMloJMZjcDj1PKikTRHDmlTIa+KVgdG4OB908SscMnCGWla5wHHy9NnUiJ8wSME4KPS3K405AjI0+h3XXfLyAN0g/kmmMRbsQPTNmmHk4rqRaNuLKhobVwaM/iCjVVLHnXHI1zTwoXzb+H8BM+fhyAJCD9kK0bXQ1+Vrl+TFVRluNuFVVVHTVIPiQjKtjO2UAeIHBCkgZjIKH4nF8ip66qfszVVbY2bRN4UN4uNNvTzFn2K1D4Ac5bnKgy0rs7NRfApivnWcwZT0/VHUFE8D5mXA9XEgq0p/iBUH+XcqKKeP0xpP6oRpgceQfmMpj7fBO3S+MD3ARLTVrpElr7Y9MdUVvTF2k/lxGklO4cNguR01VTuElrupMjfw69iq2p6fyNUDwSOxQo7fcYCJI3OafuhlpIT7RF5OS/M0EnVDWtFLfqAOadi/TkFQKjpjpa9DxLFWNpqgnIY52Bn2UB9RXN/7ZEJWHkEZQnPpj9FOI/sEqWijjhBPykZ9s0Fl60+LnwzmMtk6lq442naMOMsTh6Bn+uV7T0T/bjrKYQ0fX/TbZMAiSpoxod99B5/UL57juNdC8PbMZG/0uOf80R76Ou/7XTtDnbktGCFztR4mq3844G1+UlD8Z5P0H6F+OXww+IdPHN011VT+LIM/LVQMEzT6Fru63q/K2usMb/PSSA57E4XoPRf9ob4w/D6Bltor3/Frcz6qK5YqWZ/wkjLVxtT4PH+0bqvNV9WH6I50jPCcy81ULdAcSBxlfOXQn9sfoa+QR0/WtHUdOVWzXPP8ynz/wA2xaOPVe4Wu92i+0cdysV1pLjRyjMc9NKHscPuuLqPFTqf+ojqUa+q78JGto71FMA2byu9VYsljkGWPB/NYx26a2qnidqikc0hcu/SRXETdDVpdmympKedpZJE06t+FWz9PxuH8iQxn1VfR9RSRkNqBkeoVzTXemqAMPA/NYJ6ayPo1K+Fi4KsU94oJdMY8RvY5U+lvGT4dTE6Nw5yFZBzHDOQQk4U7zgBrj7hJaa7GppDoqiJ4y14OfdSNWrsq99LCHZbluewK7GZ4T5X6me/ZDJZLfJO0AoXhj0SbKzbUcZRQ5p7qYYtxYHShklqlBme6E6IuxtlQr/Jxj8jOOUQ7oIYW57pzJMnGMKi30LBG6GJHZ3ClaAWoLmY4Cv/AAKaCMmOBkouvJ2UMkk4RY3HByo3wBKOSSJ+yfkFRhKAcYTtQLcqlPnAOAxaDsVVXHpyjqz4sLRDLzqbtk+6tWkYzldyE2MymjKyC5214bOS5nAcEanusWrTLvnuOy0UrGyMLXtBGO4VLcLMx7DJStDZAc+mU6E8gEjGQHxEEHcFSKerLCGyNKoIaust5EVRE4Nz9WMt/VWbJoatgLHgO+6epElFMmXW00V/onUlW3Ux2+Vhalt6+H4Bcx1faD5MasOh9DxwtnDPNSO8xLmHsrJvy1XFuGua4bgrVTqZVvszyhnhmeoK+3XmkFVbqhszHDJHcexWU+JPwm6U+JnTlTY77RNlDml0LxgOjfjYgqT1F0nX9Hzuv3Rxe6B7iZ6ADOc/0/8AzFM6b6pt3UdJ4lHMBVN3lpifOwevuu/pdanynyZrtMpR2vo/NL41fADqz4KXUVzqeeqtUriIp8dgvPnzwX2lDoXASAcHnK/Xa/WS0dU2qe0XijbUU9Q3Q9jxkaTzt6r4J/tBf2R+oehqmp6q+Huu5W3xNclHGwtfCD6nfLfyX0Hw/nn+GpfP7PG+V8Fj79Mvt9r/AO6Pm2OqnoneE9py0q6ZUsqWipi4Iw5vdpVNWPbXHUGhjwP1QKOrmpH5H5jsV7qi9WLg+d67RfFPajTRVDX7ZBxynPIBBCqHGVgFXCfI8ZIHZSqapEjA4bkcjK1KxM5Eq/aJYkPBCe1yj+IJCBjCIDpwm9i2sdnZ4Y6hhjeAQf2WYuVskpZC5oy075WpDsjKa7w5W6JGAg7bhJtqU44GV3Sq6MK5vuufTvlWdztstHK54GYnHII7KteM4XKvqaOzXONkE0wlPLk7nGFYRSbBVDQQdipdPJjAK59sP0dTTX4WGWrHnbdHaVCiIPJUlhyFmUcHXrmmg5IxymZOVzJ9UIjvlEPyTGOznKAdpCfdNbJ7JsryCMBGiwVyGqBVbPpareoGqmdkbqlAwcLXUee8osSDg5XclNanLXGWDj5HNcSQM5RRwgs+oIoIwrF+jiemLpIwmII6UA8n7rrydRGU3OEsEeeEAkZ5RnfSfsomTqSZ9jYxyGauEYSZx90nHCtEfBw7g/ZRTypR4P2KiO7pdjHVgJeQmvzgYT3/AFFNPCEYOp/qCtabhVUGzgrSmIwmQF2egq7HyFxdj5CaKl0SGcI7C7nCDDyFLiaHYyrSyzPY8Gl6TgZNVDWM7hejgCOANYMDCxHRVG4yGTGwW4efLhbqlhHl9dPNgAcheg2anZHb2aG4yMkrB0sRmnZGO5XoVKfBp44McBbqzlXPcsBKg+HSTOzvpTekqTwqZ1RKzEjyXZUe8yaaFzBy/YKwoGvpLWHuO4bn9lO0Y+lggSSSV3U0bXO8kG4b2ytTUOIA3xnZZXpdnjVMtdJkvMhG/otLVuyGkbKJCbeJYC027xnfClTFzpA1vdRqEYKMCck5TELyFedLcNKhyPOob91IJPJUJ7sSGQjZTBceWVM8rqm9iIu8kQGysri8uDYWEef/ACVPa2ma6VNSfpLuVZ5NRWa+Wt2CsbL0SYQ2KJrcYwO6wPxBugbCYAd3nAW5qpWtwc7Lx7q+ujrbu9sTjpZ5eVk1b2Q3G/xtHz6iMRljjYIJJsZd6rtMzxqtuvfzZKM1vytEGMGCQCUyzu8Su0FvvleE8ve1Bn6B+ndFt2mqha1rQGjClx8hRoxgAFSWdl4a+e5cn1jTQwkPkOIJD6KqYSckqbWSaIXe6gxDI5XPxlnRzgmQDBU+Np08KBTjcBWjANI2QTwPgEpgHTgHuEFwALxn1Uqk/vwfZRpC3XJ9yii8EtMhcHH5p6p6t2XF+N1b3EE1MmPdVEgySF6DS/7SPnPl2/nkgMNS5jxpCsqmjZPHloGSAdlWFg/CpVpq3NkNNM7I7ZTZrKMFFqT2yH22tdQTmKbOh22fRaKOTUA9hyOQVRV1EHZe0KXZa5gZ8vMd+As7fJ0VPHRX/EPptnUNje9jMyxt9N8r5slZJT1ElNIzDo3Fp/JfXrCHDBGR3Xz38XOmv4FfXV0EQEFSdQxwMrueO1OMQZ5b6h0Xyf8AzEFz7MKDuCjMdjBCCxwduiZ0tyvTVzweKaz2WNHWOa4cK9ge2aPndZOOQ6hhW1DVFuM5XR092XhmK2rLyiylaWnYcpiMD4rckJh2OF0P7mfGOBJDlJIcqETwSGDIUhoDRsFHjIIwpTOVZsolkfBVSwvGk4CuqWo8do9e6pTFrbkBOpq00MwLwSx2xHogOpTY0y+cwO2O6iT02kZCm07mVDA+NwIKdLGCNwlYOjCSkipGqJ+QOFbW+rDmD1HOVEmpu4ahMc6A7cqdGuie2WTSMk1AYCeolDO18TSd9sKaDkZVo6kLEx6ehtRByrNBzASwEVn0hdS8kBsjAVXcbMJyZaYhrj+E91c4KWChfJcoRn+R5xc6GWN7tTMEfuq/GBuvTqmhpqtpbLGCfXG6x136dnp5XOhaXN52CTOGTkarSyj98TPEYOE1skzJGPY/Gnt6p7wQ4gjCGWkrLODjyZYtpmltN2bI4Nkdzt9ir5lRkjcFedQvlp5RIw/+q0luurZdPiHAO32VJtnV02paWGa6KbVjJCktlOASqimmBAwf3U6OXYZTMnTqvyWUcgH5o7HjKrA/HB591Ijl3+yhthYWkb89lJjkOMYVdFJ9PO+VJjfkDblQ1RmT2u9kUHKhsfjsjteOVDQnglNR27AqI13sjCQD2RxwGkSGv3wieIFHa4EHfCTQQec5RYGRjkljDgN0Q78KKx42GUVpG26EYqyQMjgojHHbdCGMYKIzAUckxigSBI4d0RrjnlRkQcpUntfA3YTA7blLV7hABOkbpAkd1XZcYkkE55RGnjJUdPyVMDdhKa4gbFd1n+pRtXukHY7qyiWu6vZAEucDCeJfZEElkeDg5Cc1ztQ3TNTexTgR6qBJZJIO25XdXug59Cug77lTDD2h8+ifkoDSMcp+oJiTZWAv0ruS7uhDB78JwcCcApqjgg8ZHddyUxDkkYxpkke1rRyXHZGlkFyUeWSw/Dcnj1UStuNNSR+LUTCMdu5KqJ+phNO6hs9O6ec/jLMxNRaHppksrK+6zGpqRvpyfDb9mp0azNO2MuEChnvN+eYog6lphzIdnuH+FXlnsVttjD4cJdI7dz3HJJUmNuNOloaBxhTWxjAwnqKQpxcuRxGFxJcJwiCHrucKO6cNOMJrpwRkgIwm1HskSHOMEFClqaamGqolawepOyzdy6yoqKT5ejArKk7CKN3+uFVGxX/qqcf7RStiohu2niGD+Z78KCp3LqJZ3jryKKpbQ2OjmuE52IjADP8AzH/oq2Dpe+Xc/OdSXFw1btpozhg+4Wuttjt1phbFRUzGBoxqxufzRayVkNO6Z52bklWlkxXOXbZRTw0Voo3uZDHGyNvYcrNUduluVT89WHyk5jjPb3VhUyyXeq8R7j4DD5WcZ9yptPEBgNGMLXCODmXyyHpadsLSRjdEOyQ2GFFqagQ88JiWTNKW0dVVsUDHOc4bLN1lRJVSa3nbsE6tmM8pIzgIQGeU2MTnam7IMj9kN7wMHjCPJ9KrZ3awWjZMSyzl2zb7AVMr55NPZOy2NuAEgxNlGcJkVwYpPLGOeTlBPdEOwQiQdsoBTHOIAO44UConETS4nYJ9TL4QL85AWfrK2atm8KmyGn6lG8GWctpGqaqqr6hzQ8hvCsaa0tjjaGEDbJ91yCmaGNa1uMcqe+oZDES/bAAQiJSysgamrpbZTeLIQNI29yvOLzeK3qCtdS0ryIwcOcO3spXU9/nvVcLfbc6WbOd2CdQ0EVBCI2jLju53qUMlkw6i79DqGhgoowxrQXDkqZpHOMIbchGUUTA5uQkkl0NJKIJPI9o3T8jGccJpcGAErnYq3yNS9idMBthCk8zgB3XHEFxwixR8ZCoYvuYSCHU4ZCsGMAaGMGPVR4m44CnxsDGanjlAaq4YGta2HzO3KE8md+cbFceTI/ClRRtDQ4jChoSGRRhg1O+6oOor9HAHshdjIwjdRX+OkjdDE/B7lYaepfUyGSR2c8LNbZ6Ml965hBgJpnyPMj99RyuB2puV1xBwuZwCscpZMOGCPK4unlcQEYkWOFzzjH/olFGXEbcq1pbdIcHhHGGQ4wlJ8HKKnLnsbj6eVZiBoGRsnNYynjDQ1c8XP4U6McD0/j7FsOURso2ACCN0UMDfMUeEW7B4Oy4SAMoc08cQ85xhVFTcNRLYif1SpyURcrfRNq6yONpw7fgYVLVVc78DWcexTZXOe7W47rgAdgErNOeRLsbBeZ253SdSzTf3bMqdDTuHn0ZwniaWM4iw38ktx3dguzJWMtdW47swiiy1J7hThU1JP95z7IjKetcdWXEn0VOmP6Bc2+iFHY6j2Qqm2iljLppA30HqrOYzUzdU0hGRtkqHT0M10mdJMT4YPBUVG57a1yRWpLkh26imuE4iiacd3HjC2lJQw0UTY4wMgYJQ6SkipYmshZjHJ9VKaCNiuxovHOnFk+zDffv4R1JFSXWwZW8jV0A5TwMLuD6IXlAylgcOF1JJGUnkSSSSJLJBJJJIvjIMST0lXxkB6vZMcjoQOOyqUcBg9OO/KBLEXkFoUzOdkN0eUmcCEdvlOcqfSTluMYUKRpJBSjlMeFlnWVKKZoqeo1AKSH68BUdNUceysYpg4BYpxwzLOBYNcSMkp6jtwQBlFShDWDft1/0n9E4tcOQV5yzq/qMHerafyRx1le8eeRrvuF8ll9NauHTR9zh9f+Nl+Skv+hvCAByhl5I2CxI6yuh+psf5BPb1jXtIxG0lV/8AD+qj6Gf/AB54t8Zf/Y2JLs8FMc4YIWVHWddjeJh9gm/7Zzd6CQ/kp/wLVfoOP1p4uf8AX/5GoLjnYLmp3osx/tlJybfJ+iX+2sXejl/8qn/AtV+gv/jDxf8A+k/8n/7Gn1O9FzJ9Fmf9tYv/AJDl/wDKketYj/8ACS/+VT/geq/Rf/xh4z/9J/6/+xo9XskXY7LNnrCPn5aX/wAqX+10feml/wDKi/4NqV3EOP1Z46f42I0LpsbYXNRwVQN6spT9ULwiN6qtx2w8fdDLxV0e0W/qfQS6mi4MmHYwueOcY0qo/wBpbcd9Tkhf7aTjxCh/4bb7QxfUWl/pmi2MxacEJrpOMBV/8at7xkSYTv4tRPO0mEL0U4jF53Tv2ThJjtyk6UY4UU3CkeNpWphqqfG0gKv+NNF/8XpfRKJyc5C4SD3UQ1URP1Fc+ai/qKONLXDKl5OqRJLe+Uw54/1QvmI/6ktQ7O/daI04Ey1kGPLUItx3XfE9x+qH4je/+aaoYMs9TF9nQzJ5yu+CAAgmqiaQA7Kd85CRjVumcinZU+zvgA8FBnhIHCd45bu1PZVDP845Rxk4gqNMuiA5kmfpQ9fsrTxaU7ldPyBG+yJXekX8K9MqfEBzsnAZ7qVMygO7Tuob3MGQ3hFjcD+B049Vzy98IZeAeVwuz3QSi2WrsBR5d2lFguFVCdpMj0UMOHqk9w5SpVKXY2GrnW/tZdw32RuPFGrHupzLvRzAeL5P3WTMgdsDwkJXEgEcJM9HCXR3tH5y+rGWbEx0VSzHkc13HquOs1OW5YBlZiCodEQ5pIOCpdPfKmGTzOOAsVmja6R3qPNQsf3ljN08JjnGnHZRp+n6qFhdG4P9keLqXDvM3IKn098pJzpdlufVZHpps6MdbRauGZqWhr2Y/wB3chObNEQZIyMLasqqSV2lkjCfdPdBA8eaJpB9kidLgaq5xn0zEx1LgMEI0dYB2GVqZbRQyf8Aw7R+Siy9MW+Zh2LSOC1IdSY9ZXRUR1/dr9P2OFJhv1wpyPBrJW4/xlcm6YbG3MMpcR2JUY2OsA8pz7JDoWeBkL7P2XdL1x1BTkaK97h6F2VeUfxPu8LQJGRv/JYGS03KM/3WR7FCa6phcWyRPJHIwlvSjo6qyPs9Yg+KtJsKyhc09y0q1pviJ03UAeLK6PP9S8RfcIwBqYcrsdxgJAASXpmOWvsR71H1D0vXDDa+n+xOCjRx2idwNNKHE/0SLwWOZjsOaAM+ilMqqmP+7qJG/ZxQ/APh5J/1nu4tzHbw1dS3P9L0RkdyiADKhpx3eNyvEqbqXqGlGmnvFQxp5GvlWNP8QepqQgitEv8AzjKB0sevJ1vjB69ruuMOMDgPfddjmn/HTPd/yDK8vh+LF/YMS08Dvs0K0p/jDTtaBVWZ4cBu5k2AfywluuUezRDXUy7ZvjVsBAkp5mn/ABwf9An6sjPhg/clqx1N8XunJvLUCeM/qrCn+JvSEp8t0ax3+NpGP2QbGPjdVLqRog94B3iH3cU1s8ZfpaQSFXQdY9OVZAbeaNw9CcH/ACU9slqrWB9K4SA92nYqbGW7a10yXG5rxgAbJzm59vyUYUkWDpe9uPQpeBJjapf6b7qtjGxkpLgkYxsAlod6KKG3IbRVUZ/52b/sFz5i4wf3sDJP+V2ELWAtvvBLx2PdOAOOFC/idSw5dbZ9v6Qx2UVl+t0jNUsc9MRsfGZp3VYyC4pchjHGT/Mja4e4ygy2iyVmBJQU5PswBJl1tc+BDcac57a1N8BrwHAjHqiWUC8Mr39J9Pyt3pA0+rThRHdEWrVmGpqY/QNkV62Jx7pFrmkYOCO6ptovajPO6Qq2A+BXggca27qOem707PlpXDty0lakurG48M6gntqKr8cQKvfIHYjHOsd4gPnpWOH+FyF8nVtPnoZW474W4+Ymx5o12OqhecTQuH5g/wCSH5WX8ZiREGjDoH5/5UtLG76R+i3P/uw/VTPP5Lj4rMBvbpCT7t/6qfKytiRh9cYOC1uPsiNnpjnLmj7hbEw2XO1vkH5MP+aXg2Ugg0En/ljU+Vk2Ix+ulIz40P2XNcXYNP5LXGishOfkX/8AljSNDZSMGjk/SNT5WU1gyIfH2a39EnYOPMAtZ/CrM45bSyD/AOX2Xf4RaT/8O9T5WCZQOA7j9U44I7fmtObVawdqV5/NP/hVs/8AkR36qfKyGTdJp28KPf2XMZIOwx6LWfw23A4EH7pwtlCDvAp8rIZTGBxlBw3P91J+i2gt1AP+AE/5Kg48EK/mZDFhgxnQfzCWgf0fstw2kpQA1rI8dshO/h9Kdz8uFXyMMwwjJ2DSnilqDu2LK23g2+AgudTn7JOrLLEPO6P8gr3sLKMT8jcXOGmnBRmWy5Y3pFqzfbFTnLZAT7Bck6ytELfJT1Eh/wALMqb2AZllluUh8tKVIh6YuhwTT7q2d1zT5/kWWud6Hw9k3/be6yjTT2KQehc3CFzyHkht6XuWwc1jP+YqQzpetA3kZumvv/VtUfJRQsHbIGQhj/bSq/8Aj6aAe3Kjky1NIknpSbbx5AP1Th0vTRjLquQfmoYtHUcufm+qQ0f0tdsmnplz96vqoO9hIqL3ZJjrTaYP76qzj1KE99hp/pqQT91GPS9iyPmrxVS4/peSn/wPo+EeYVUp9ySrTaLyhj7vZWbCpjH6IBv1tPFU38lLFs6WBzFbHP8AdwKeKW0s/urVAzHfGVG89kyV38doz9LifsFFn6iEbtLaOZ4/whXfiUkefCihj/5GbpgqaZhJ0NJ+yoKXJSO6jqXjTFZ6pxP+FNZV3x+SLVOAfVXbri0ZxG3bjAAQjeX8dlAcoro23eUjXTPZ91INtriAZJi0eyU16dxlRJbpq5lcB91BmUSBR6T5qqQn77IunDcaj+u6rv4jDjebJ+6G+6ZBMQJI90zbkHJOfAXH+9lGPQpCNrNsH7lVTrhcnnETMBIUl4rfKZNI5VqLBlLJal1O0Zle0IEt3tcGS6Y59gozOmLhUYDnPePbKsqbo2Rwb42gY7HlTaVkq5OoY86qeF7x+ijPvNzm8sVP4YWwpOkaZhHitYQPRWcdgt0YAEIOEewvKPOflL3XkATyMB/pVhTdHXGQZlD5M/1FehR00MLQ2ONoA9kZp0+6vYTKMRQ9CTOf/NY1o9SreHoqKMgyPaWj0Woa7bdOyDwVXxpkyUlP0zbWjBjzhT2Wm3RNDW0rNvZTAMJEdjsrUEibgTY6dgDRC0AceUJ7wANsDCjy1FNCMzStaDwSVBquo7JTDMtxhGOwcq2BOSRbCdw2XA477rJ1XxD6fgcGMkkmzzoGVR13xeaxzm2yyyyEcGQYBR7Bblg9KbqJznKfhzec/ovGqn4oda1Lh8pR0tMz7bqhr7/13difGv8AJA3sIjp/VFGtsRZZg96qLhS0/wD2mpjiHq44WaufxM6MtLiHXamqCOfD3IXiknTk9Y0Or6yZ8h3LgTv90+DpWhibifwgB3dyU9UvBmlqZLhHoF1+PFmjkMVooZ6k48pxpB/Yqgn+L/V1ycY6GxtiH9T3Yx+26qALPRgMLmEtGwa3Kcbs0HFLQyEjgkYTIafcJd837FV3f4g36Pwaitmp43E5bC7Gfuo9L0ncHnNxr6ksxkl0pUpr75UHYiBp4THW2vkdmsuTiz0LiAj/AIhHekuR8Nl6doXmWWrZI7/6NIXfsi/xDp+ldmF8Jd/gao/8NsEWHVlZE8+mpB+f6ZgmxSwOkLdtWjZXHSiHqIosTf6RgxBTSvzxhmyX8auD9obTgepagMvETv8As9vmd7hiOypus5Aji8If4wnLSf2AeuS4TOOrb1IfLTRxg+gTHMvjsYm0fkpUcN/l/HTD7jdH/g14kxrq2Y9ijjoYy7Qmerl6IbLdc58eJc3t9d0eOyQNAdUXcvBHD37KYzpppx8xXyau414RJqPpyjZpqamJxHPn3z7p0fHx/Rkn5FVfnLBFNNaowMz6/cFJkloicHCMu9gnu6h6Oow2KUeIBwGDKhS/EWz0jz/DrBISPple0f5LXX4hz6Rhv+o9LQvumXDJ6d4Aisk7sf4URzpwWmCyzsI4yMLLn4kdSTkmjbT049fCyVBqL31NcSHVV3lc49xsPyC31+ClL0cHVfWumj+HJr6i61VKMyWyT8sKpq+rbqARR2Zzsf1DKz5Zcz55LtM71DnJpmfHjVentJ7B2F0qPp5P8kef1n13OL+x4LOpvHVFZBp8aKj1ciNu/wCZVFWWq5VRb/EL3I0MzjD9OM//ADE+praUYNTemH0/m7qudUdIADXMHEf0jK7Gm8HXV6weT1v1hZPuxv8A6khtp6bp/wD54V8LjyDrOT9z3SNd0hSYbCyWocc4ELC//LhQTc+ng7FJTPlx/TH/AOqPDdSD/udgqHE98Y/0W+PjK4nm9V9XWy4jz/1CDqClgcDbulJpSfxSDQB+oKX8d6gecxWmki9NTsf5FOM99qSDDZZ2+zhsUaG09WTka6CBrTx6rTDx1ZwdT9R32dNL/qV9TP1XUnX8zDET2Y3YKM23dRTu/wB6vc8YP/duwtMzpXqCobplfHGO+DhFb0TUNIM12d7+bOFphoq4LhHJu8xfN82P/oZgWAE5q7xWzE/1zED9k51hsbSHTTB+wBHiE8LUf7LWlg/3m9Ru9g9dZaemKc5fVMfj/Gnx00H6MVmtsnzukzNC3dLNGPCZn13RIaex07tdPTtLvTStKD0rFgaad2O/JRf4p0vAQ6FkeR6MV/x1H8RP8pvtNmc+Z0nFPbCR66AutkuLyBDbT+YWlbf7aN47e+THoxcHUjCdMdmqyP8A6WmKANk5v0UTKS+S4HyrG5UltkvLhh3gjPoVbC81EuPCstX/AOVFbVXNwy21Sgn1RqADsZTDpu6Hdz2jKMzpu443mCts35+C2jA9iU5h6l4FLErVQv5peirb03V5/mPB/NFHTM7scHH+JWopuppMDwYRn2ThbOohufD39lahgnyyRW/7OSnGR+pRW9Ov32P6qeLZfncuCK20X0/i/dGA7JP2Vf8AApW7/wCqcLIcby4KsTZ7u/Ac8/qiCw3MD6leBcpzXTKh1jceJv1Tf4HIP+KP1V1/A7sO37rv8Fujd8qYK+af7KYWSbs9EFnq8btB/NW4td6A+3shmhvbfqZ+6mAo3SxyVhs055aE5tnmb+AH8lYeFd24HgkpabuN/lyVMEd7IQtbwP7sfom/w2Qj+7b+isBWStGmWBwcOchdNfE3+8aR+SGUMkjYVbrQ458g/RB/hDgT5R+ivI6yCR2GkD7oolYTjW1D8QTtaM4bMTyxv6JrrGCP7ofotSNJx9O6eYthwp8QLtn6MU6wgk5iH6IX+zw5EY/8q3BpwR9AQ/lSTgMCH4k+0RaixezDS9Pj/umn8lHf01qGBG3f2XoBonejf0XPks76WIZaeD6Qa1di9nm0nSpBzpYc+yiydHlzi5pA9sL1EWxuS7S3dDNsjB/D+iVLQ1S7Q6PkLo9M8jk6fuNO8sjLtPsUOSiu9JiVj37dsr182yHkhp/JRZ7bTux/Lb+iTPxdUjZT53VUvs8pZcLjAQ6eIlvspH8bPdrgvQqmy00jNPgs3/whVdV0nSzM0loH2CzT8PD0djT/AFRdHiTMkLrG/ZzU0yxyDsFe1HRLGRl0TtRVVU9M3CnZ4jMu/wAPdZLPDzXKOpT9Txf5MDA/RuHZRG1rgcEbKK6kroG63wvA+yhvmlbnOfzCzS8VJcSWTp1fUMe4vJdisiO0hxlO0RScHHus+ao/iRRXubuHJMvFP0jbH6hLl1G3GQEN1Hp4GFCZeZmYaXZCmQ3emcBrO6zvx9kPRoh52Eu5C+TPOEhCW8tRG10TziN4H3R4ZonjDgotDL2hz8rCS/IitgheNEjGkH2XXWWje3Oho/JWkdJTPGoNOUeK2Sv/ALrfHZEtCzPZ5OEVlMysnTlPrc4OI27KK+zPGzO3dbV9pqsbR5QjaZx/wgnQ8Yp/kcnV+flQt0WYp1sq27NaMKLKx8DtL4iD9lu5LXVg7RoL7NI85fG0/cK5eGi+kYa/q9t/fyYGaihqz/NCPabl1b0fUCt6UvtVQvadTRHI4Nz64ytoenIJj/OiaPdVlZ03cqZznwaZ4hwzG6x3+Ek1lxydKr6opfMZOLPTujP7ZXVNoFNQfEO1MuEA8pq6c6Zu2Tpxj9ML6G6L+M/w568pon2DqalNRKNqaZ+iTPcYK+GamONsZivdqqaeM8HwdY/9FWjp6kEwren7nmUeZuh2lzfyXk/IfTcHLck0z13j/qyajiTUv+p+l490s6Rqbt9l8H9J/wBon4sdAOjpb1i6W6LYR1LS/b9iPyK+hvh7/ap+HXWYjpK6d1orH7eHO8Ojz6a9gvL67w99Cyo5R7bx3ndNqkluSZ7jBequmIGdTR2JVtT3+lkYDKC13ssvT1dLWwtqaOeOaJ4y17HagR7FGbpAyTj3Xn79NB9rB6Ku9++TaRVsVS0FkgPt3RwcDOSFi4HuadVPKdQ7BSoOoLnRkfNR+IwdwFinptvRthen2al0mTxwnNqNPbKraO90Fc3yvDXnsTgqRjPflZ3XgPcmWEVUM4JG6PHUMP1bFUwJByCiCd2weVnawTZnotSGu4Q9GOAo0MzTgteT7KT4hZjLSVQLTQaPghJ4yM+ibHPHJsDg+ie/jCgPoAWgJHhdIyUsYRAgiTlEaTqG6am4KUBglgnkO5SJx3UbX21fulk+qJMFxyTA4FMMjjtpQQ4g5T/FH9KYsrkHA2RjJGlj2tcPQhVUtpmik8a3j3LCdvyVy3Ds7J0QxwVI2NlFJFUOl/lv2cNi08gp5kqKI62OOk77KdVW6Cqd4oJZJ6juq9wqqZ4ZKA+PfB5WiM8lSii1pLgyobpk0nPIKyHVvw7kuNT/ABnpypjoLi0hxlazBeB+F2OQriSLU3x6U4cOWjup1BcpCBHUtDD2OVqqvdTyhco54MHZes9Fa6wdSwfIXGH+X5j5ZCO4+60cvhVMMkMgGl+2cKX1X0RY+sKVzK2BjZy3S2cDcfmsM24XvoWYWrqINqqFpwytAJyf8XuuzpfIY/NmedPtHhv9ob+yRSdW0s/Unw8iprddmapZaYZEFTtucZ8pC+FL7Z7v03eKqzXq3yU1RSvLHNk2JI529F+wjKynqadlRTSNkhlGxByPsvLvjN/Z66T+M9vLaykbFXtGWVLBuD7juvaeI85PSySn0ec8n4GrXJtcTPzIpK98bthlpGC08EKQ6GSlIq6V2qN31N9Fc/FH4VdX/B+9/wAI6noh4UgzDVx5Mcjex9v1WfoK8NGh27HbL6PpNZHVR3w6PlOv0FujtdVqw0WFNXQynnB9CprZA5Z+doil8WLgnj0U2mro3Ya7Y+/ddSu39nKsr/RcB2QUzSRuhxy8Hse6ktLXjHBWhcmZxwCdpkBY9oIPIIWZuVukpJC4DMbjkH09lp3nTwhyMjnYYntyDss9tO8dVY6+jGaR6rsWzuVOudpko3GRh1Rk8jsoDVx7YbZYOzproyipJk6N5GFLhkyBlVcc2CMqUyULHbHHR2NPenwWTSMcpj+UKNxxzlEecYScHRU8odkeq5sUHJ9SutJJ5KNBKQWYAxkdsKmcMPd91cSEaPyKp3Ea3euVrpOT5WOcND2pySS0o4D7HJFxHBSSRltZOavZdDieSuafddUBjHAk144Tk14zhQM476Sop5Ul30lRx9STPtBQHMSefRPb9KCfqURH2Eb3+yjyI7OD9kCRBZ2hkOAJ5XF08riWMORjBHsrCmJ9VAZyp1MnwFWEpOauYKcwYKYJnLHAaPkKXFvhRouym027mhNrWWZrWekdHU5jow7GM8rQPOMKt6di8O3s2xkBWEzgMLbDo8pfmdjJdnYZa9jQ1bthyQPyWR6cjBnDyNytfAAXjK11nOtf3YIVePHuENG0ZMbg8+il36rdBRiBpDfE8qBTtMl5dKRtjChdSSyTXinpdZDTgbIpSwIwW/TUIhgA9ckq3Mmt4GOFXWpoa57Rw0YUppGsj0VLnkz2puWS0plxp1TGNciOIyfZDgOS5/O6MWSHHIKqLtUtpqKZ+RnsrTXkEY5WP6lqnF7KZpI1uwrGVrLwT7CC6jMxG7zurJmGjjlRrdGaWijjIGSMqQXt0kFQuzgrrzV+DTuf2AK8efqrLm98Y2dJn91veuLnJDQyMiOCTglYuxNa9jpSPMDhYddJfEz1P01pfkvUifcZdMbGDY4wpXTlJ9VU9vOwVbVuc6cgnYBaSywFtC0+q+a+Xt3ZR+ifp/T7VEnjhSItxjOEDHZHjyBwvI3Swj3tEcEWvB8HGeVFjBDd1OqB4jgCghgbjHZZXLJt25JFG3LsEcKyHCg0rfPwpw4SZPJorDQnByAq9xOt4z3KnwnG2FBk2kf9ymwFagy1dIDUyByqahu5wpt68lWTnAUB0oIwF6PTrFSPm/lZf/MyIp3eQThDk1RP8dh+k+qfKw51AbLjSCNBKbLo5S4eS/tdXFcIdBI1tG4JQZ6OSmqNTRsdwqZrpaCp8WF2NPPutVHIKqmjmBDiQsslteToUz3Lkm0r9ULC5wzhZv4k9Ns6j6ZqYWMDp4m62HvsrynOCANsKVgOYWu3Dhgp1FrjNSD1NXzVuB8fs8rsH8OyO12Oy03xM6aHTfUkojZop6omWMdh6gLLg5wvZaW754qR8w1NfxWSj/cK3ZSYZC3YFRWp7u263wbXRkayXtvrckRvwfQqc5oxqHdZuF5BGCQrykqg+NrO+F1absrDMdlbTyEOyS67lcWhCQkZO26msILRuoCkRnGMnlMccodRLayfGMrpgZO0sI/NDjOFKh4CWdetZRFp6mot0waSdH+a0dLVR1UYc0g+yqJqZkzNLh9j6KLTyz2+fGSWoDXW3A08sTcBV9RTu4A5VjSSNqow8EHZEngDgMNQTWTTGfJXUE/gu8N+wzhXUUwe1rQqaaDBy1qLQ1Ra7D+yo6FN2C6Z9QRxwo0Tw7BzgqQ05Cs6dc9yCJ6YnjlCMCaG+ibhv9P7oh4C4iGxjuB6fdMLA4YdghSsO/p/dM8NyXtyH8f7M3dOlYanVJBpDjvjCxlbQTUcphlYRp7+q9Y8I+qj1Nppa9pZURNJ/qxulygmYtRo4Se5I8jLPROY4xHbutde+jpqcmaiAe3nCyk8Lo3GORpa4HBBCROvac6cJVMtrbdnNxFI7HoVf0tYX4GrKwgOgqbSV88JGHkj3WZtjaNS0+TfxSZA7qVFJkrMUV0c5rSXK1pq3Uck5RHWq1GS9icNjkKVHKNhsqmKp4ACkw1AyCjOjXamWoeitkIUBs44wjCQbIkjTCeSxjfkZxyi6t+cKDHKABsjGQHgocM0Jk5kmAiavQZ/NQ2vRBJhGh0ZYJLZDkDCM152UQS7g4RWy7bqD08kxrzjlGDvQqC12/KK123KANPkmBxGO6IH47KGJhwU/wARpCDsNSyTNfsn68qJ4nsiavZQNP8AZLDge6fkeqhh2/KI1+MbqxqJOSugnKEJfZLxQoWSAUTPoorHjI32Rg4EZyiIEyV1rjnlDSGymOQlLBKDtQ4XdWnsowfjsuh+TwmpJE+QlFxCdqPdADs8ldySMjhNhHJMr2SQ/wBSF1p1fSQVQ3PqS220ubUSkyM/4bd3E+wVYx3U/ULtdK3+H0j+NQw4p8YtmezUJcRZoK7qKiopvlmn5mf/ALqE6nKtjorz1IQ+8u+UgH/wsXf7u/8ARTbJ0vS2smo3lqZN3Su3P5K+iZgjUMp0an2Z98pdsHQWykoohDSRaWgd+VPDAAhMySMDhH/JNSwLXDHxgZCe+UxkDCiOl0EYS1kudJLJzx7IhuSc2YEJkkhOwCq667UdBEZaiYMaO+VkKzqi6XqU0lqheIxkF57qCXdteF2aO79U2q2uMUshMw/AN1n9PVfWBc14bR25xwANi4KxsPRNKHitrQ6ed258Q5C2sFOIGNa1oAHYbBQkfksf3dFNYulbbbGh7adjpAPqIyVc+GG8Y/RSGgDgJrgByVaWWHOKgssESACTwAsZdbjJcqw01MHCCF2HPzjWf+im9QXuSoebdQOIZnTLIP8AIKJR0rIYGxDfT39VohE5+pszHCGxQCMDAwFKY3SMLhZggAJSPw3GE5HKnLHZ2adkLC5x+wWfrqx0ryxrtu6PW1JmJjjdxyVXFmEyBhusz0c1Fx3anlwAyU0aW7lRqmXPCacy2TY2rqTp0j9lCBJJJT3ZdyVzGxOeEyCRjseQa4SAunbKESc8os4M7OSPz7KHNIYmasZRqh/YKrrPEmb4bHlvurQmUskSvnqK17aeHys5e72TIo44SGxt37lSGAQxlje/JQ4oHDMjuM7IGsmeUdxIiAa0uPZZHqi9TVpFst7tBdkPeOcKVfr6/Jt1vcS87OcOyq6WibCNcnmkO5KFo5mp1MV/pwB221toYdOkF7vqceSpLm4wjMOcrpGVFEwTn+xjRhdSSUFj07ACauu2CIYhS743TDsExziXI8cRIU7GIHGxz3cKSxhxgBCOtpxH35VjSUr42B8h3duAhZoqQWmgDR4sgHGwSkeXu0g7LkpJGlpwE+CHG7ktmuB2Cnz5nKtv91FBAWRvAcefsi3O6x0cTmsfh+FgLncp6qUue8kFKnJJYAvv2JwgwNzrn102p5yBworXHGEiMnK59Kwzlk5fsW7uSlp90gcLowTuUnDbDYmhHpoHTOwO3dPgpnSEADb1VpC2OBmA0J8IZLWO2coqCKM63j7AqXJPFC3AdgnjCjSVBPlaBnsuQxSvdqlbhNjDAas9RY7xJHuzkkI7WHSEVkTQNm4Sc8Rty5pAR5wW032ca3uVGqKwR7AhArLmxoLI91VPndI4kk7lLnNJAykPrK2WoyM4yd/sooGn3ynkjlMY/PZY7JMBcnSQdglktBx2XDtwuHZZJTyydllQ3JjWeFUDOO6M+qoZCC0Yx7qi1ZyMLgyO6uN2OxZp457a2MOdGS4b7YQn30A6YIyAOxVHDHJLnSScK6tlneMVE+5O7WnstdMHe+EDOcYLkTKWS4P8WrHO7R6BWdPTthAaBsEZkYZuQEQNI/JdfTaWMMMxWWbuhNAxujAYTWjy8ov5rpJPozOfJzV7JfUiJI1ApvAwchF2IGyanK3FCXPDEkkkhLTyJJJJQsakkkiCEkkkjBk8CSSSQFRlkS5jK6kgayNYF8QUSRpLhtwrA77KPJGHDOEqUclKXIyFxaRuFY002cbhVjWEFSIXhhGSsN1WS5Ryi7ilyMKVG7I4VXA87D1U+JwwBhZJLYY7VhkTwsd0vD9/2RklyWsdkyC8MLnh+6MkqSwQHp90sH+ooiSEaD83qf1XNJ9ETASwFCAdH/y4S0+hRNHsuhu/CFrJT4BeG71TXR5HP7KVoGE3T7odgMXlkIxHfI2XJYRt5RlS9O+U1zM43S51hrjkg+Bvs1IxEchTPBXPCHqlyqUlgZG5rohBrgeE8ZwpZjZjhDMZzwlfxIPsatXYvYLW/ON/1RGzOG4J/Vd8MDfKbp90E9JD9GqryNkfYb5yXsl85IeR+6F4Z/p/dLQf6Ur+JBdI21+VkvZJ+em57rvzdRjAf+6j6f8A5cJxDTsSkvTZ6N1flnLthPmqj/vP3TTPUHl+QmNgy7Y/uitpXj8STKlR9G2HkXL2LxH+u5TdU/PiD9ETwnFcMTuxwh+Nfo2Q1W/sF8zUtd9YTvnagDzOGE/5R5OdQ3XfkS4ZLshTYjTG1/0gDdHAY8QAoYrZyfqyFKFsgO7iCURtvpx2U+OPpBqdjfLIoqSRu1MNQ4jGFZCnpG7FuETwLaBnVj8lFHCwaVlrllSHuLhkowcS3GVYaLeO64RQDcFC0C3grcSncApObJjcHCmmWkBwHBcM9MPpIKpRYSkvbIOmQnLgUZrSBwnmZgP0pGduOEXx5GRvxwhuSOE4/ZDdNg8Ifj/4ULpTH16hrkkbDGyWrHfKB4pz9OUtbx2QvS5NUNe4dsk+K5pGCR+alxXqvhYGNlcQOMquL8jzBdEmTws89DF9nRq8rOPUi+i6pma0Nkh1Y91Pg6noXs1PDmu7ghZYJ2n0Czy8fWdKjzdke2bSOvpJmh7J27+6O2NkgBDxg+hWKYxx2AIx6KTDLPDu2V7ce6yWePX9J0a/PZ4kjX+EQOEB8DSfPECPcKkhu1bH/wAYke6kDqCoxh7M4WZ6Cfo2w8zRLsnSW6ik+umZ+ijfwO1En/dQuQ3xsjsTMIB7hHFxpj+JJlorF6NdfktPLjJXzdM0TnF0U0jB2GeFEf01MN6e4N+xcVoBPC5uoPBB90wtZIfLhZ/4k/ZojfVLpmaktN9gP8swzN/dCdHdWY8SgfkenC17YJCMxjIRdJH1bIJabb2Hug/Zi/nWNGJopGuHILSuMq4JfKHb+4WxfT0sww5jTn2UV1lt7jtCN/ZInTuY6DXozWiPf6cH7Lhg1DBaMfZaJ3TVNOMxeXCjHpPJ8lwlHtlD/GDTy8FH8oc5aWhJ1PUZ1Coew+oJBV6Ombg0YjmbJjuRugS2S8D/AIbXgehQujA6MJorY6u+Ue9Heapmd8CU4U2m6069t5Bhu0kg/wDoh1/5pwtlxj3kpOO+UJ9PIDhzHAoPhRb+RvKk0W1P8X+uqRpbOKaYehjx/kptN8dL1GR8507C73Y5xP6LLvhbjzN/ZB0Y24S/hg/yDVuph1JnoFN8f6Ju1bYqtv8AyDAVtS/G7omtAZXw1EGf+9hLh+wXk4h184TJKdhGksb+ip0xX4lrXaqPHZ7VD1v8M7kPLW29p48zXRn/ACR42dE1ALrNdooqg8eBVD98uXgf8MY0aRg+6H/Bmk6vEwf8kPxD4a6/ucf+x9CNo75Teej6ulB5xIxrgiC6ddQAYrLVVNH9TXhx/wDKvAqaK/UGf4beZ6YOxnQ4jPpn9VLg6w+ItC8siv1Q9rf63FwP7oXUM/4i13BnuUfWPU9M/wD3vp9lQB/8jyFv/wB8UYfEjR/2zpW6R+7Gtk/yK8Wg+KHXkJxUeBOO+qPdT4vi/XM0/PWDURyYxhLdZa8lH2mj1z/2odPtIFRR3KEns+n/APVPb8T+iXEZuL2E/wBVO4Ly+P412oN0VdmrAD6NGEdnxd6RqD/Nt9UPXMIQfGFHyUJdSwens+JHRTuLxjP/ANAf/wBEX/b/AKLcM/x+In08N3/ReYj4ldDyYLqaUZ9YkRvX3QbuxBP/ANDVfGNhq4S7kj0w9cdKYyLm13oQ07/sgv666bG4q9vXSV583rboJ3mwwZ7mMI4606KGDHUw/wD3MKfGH/KqX9RuT1108BkVBPsGlCPxBsA/DPj18MrIt626Ob/xIP8AyBPb170g3iSEf+BT4yfyqv2asfEC1OOKf5jPp4L/APou/wC30HaCqP8A9rKyrfiN0o0YZNG37NS/9o3TQ8wnb+oVfGT+TV+zVf7felFVEe0ZXP8A2gngWyuJ94tlmP8A2m9Nt2DwnD4n9P8A/eKfGV/Jq/Zpx15Vndlnk+5i3Qz1nd3na3OaP+XCzMnxOsoH8p5/RC/9qNs7NP7KfGX/ACav2a4dVXojy0jc9sob+peqJBtSU+P+VZM/FK2tI/lk/kFyT4p28tGiJ2VPjJ/Ir/Zqv4z1O47wxjPtsuPreo5ANboB9ljz8TwT5Y3Y+yBJ8R3SbspJ3fZitQJ/Ir/ZtYzdpT/PkYfsiinnI+nP5rAv6/mOA2hqc+wTH9a3WQfyaOcD3R7UX/Ir/Z6HDDJHu6NqMyo8POAAV5g7qu+yHApp8/dD/jnUTzjwJf1U2oD54vo9UFwnGwlwERt3e3ioXlLa/qSTiGbdHY3qqUZayWPPdA6yfNk9KkuT2nV47zlMN2eB/fO/VeeMt3U8pGurnb7ZR/8AZ2+Sga66f/zKtoSsbNq67wZ/myu/VM/jFvHMrR9ysnD0lcHuxNWzAHvqUpnRjSR4s8j/ALvVbWhkZNmhZ1HaIvqro/sChz9YWpgy2cbe6rYuiqTAzGD7kqTF0bTN/wCGAi2sPIj1rA44ikDkOTrCoeA2OEj3U6n6RpwfoZ+isqfpO2twZNRKuMM9kyZc9R3R27GYz7IZu11ld3z9luoOnrVGM+FlHjo7VC4OjgGR6jKLYFkxEJvUw2Dt+NkeC036Z3macFbloj/BGNvZF1ggDSBj2U2E3YMpB0xdpWgOaFKb0bUnBqCD7LRCVwGkE4+6Xiyf1n9USqZMlVD0lRMAL8ZUuPp2hiOQxpU2LU7fc/mjkY+p4H3RxhgpzwRI7TRs4hbsiiCNn0saMeyHVXO20YzPcacexeqqfrjpun2kukH5ORbSt8PbL1jQ36dvsnjc5G6wlX8XLDCSKWCaYbgEDYqpqPi5dZ8i2WprfQvCigV80P2erNJxwdkpJY4f712leMz9a9e3J4bA9tIB+JmxUbweqq84rr1OWn0cmqvILtweyz3i2U4zLWRMA/qcqup676aptv4gyQjszdeZs6c8Q5qrjUy/d6kMstrh5YD7kq/iZfym3l+J9pAIpqeaQ9vKq+T4l3R+RR2nY8EtVGHW+mYGt0Nx7BCNzo4t/FV/C2V86L1/WPVM7dbTDDngAbhV0txv1SdVRdZmuP8AQ5VcnU1sjBzLwqqp6xt+4Y1zzngFV8Mn0VLUwXsvHxuLi6SeRznfU7Wcu+6YKSF4GthcspL1ZUynFJQzO25woor+p65+iPVC3nLgmLTtCLNWv6Vk2MsFLENmtYO+VBqLtaaQee4QfbVws+6x3CrINdcpS3vhxT2dPdNUZDqqpMjjzqdlNjQZ56qcuuCXUdX2qN2mF/jPPZu6FHfb1WPxRWduOxwuNr7Bb3E2+0iZ42z4WcrpvN8rTppKQUTT30gbJ0aBE75+2Gioup6qQuqCYIyMkuOAAhTUVBEc194DiO3iZ/ZcFJXzENuF5qSz+lruUaG0WyEAtpg8/wBTjklaI0CndlEf5u2sIbTDxHDu1qM253PytpKBgb/U9SdFO0aY4mNA9AmvlbEPMcD3K1VaXPQiepjDmTAumvlYPCnkZCz1Zykyztl2qayolHoX7KPU3620f9/Uhp9CVBk64s7CQJNX2K0R0Up/ijmajzOlq/KZdixWoDJY4n1LlNgoaSNmhkDMDjZef13xG8xbRUoONg5ypanrS+VBxHP4YPYLRDxVjOJqfqrSw4hyewmppaNmZXtjaPyUKXqy0RHHzAJ+68kkq71X4E1RNIPTVsnxWuufucjPqV0afDSxyjg6n6vknitHolX8Q4IXmOCJ2Bw7IVa7r26VBIikDR2WZjtUEbQa6o35AyjB9lpBguLh7LfV4iEX9yOBrPqnU2f14/wWdRfqyqJFZXPId2yo/jiTZkhd+ahm92WE6oKWaR3/ACqPL1I55/3azy7f4cLo1eLqjzg4Gp8/ZLmc2/8AqWzSM8bqXFNUtADaV59CeFnWXq8zv0MtscQP4njCKZOoZfK2tZEP8GVshoor8UcLVedcn2alrLrKA6OKNn5YRHUVU9o+bughz/ScYWPFrvU5zPfakD0a9SIOnDIf94udXN7OkK1w0yj6OVZ5fPs0ptdhcM1nVOMcjxUGT/2fQDFTdzIfYudn9FUt6ctgHnYXfc5Uynsdoibo+TaQE6NLXZzL/IfJ2yQ27/D+ma4QUb6h5GzjCXY/Vcg6ssEZ/wB26cln9P8AcmD/AER42W2mYGCGNgHGwRRX0bT9bQmfGc6drm8jG9XPk2ouiS09iY2Nz/kjRdS9Yu/7L07BCDwX42SffbbAB4kgH5qPUdaUkYHgynZX8YKUn+Eckz574h1Zy1tBEPdEbSdYVW1ZemQN9YW5Kpj12zcZKjVHWchH8lz9+yOC2sB03N52ovj01cZnZqupa3H+B6I3o+zSEfNXi4Sn0dKss/qyreNi/wDVCF7rZtw935lHu/sDLT2v8uDa/wCzPS0GDLLM/wB3PJUhlD0tABpp2n/mJKwZuNfJjzuH5osVRWu5lP6q1L+wP8b9yNwJunoj/Loabb1anNulka7LaKDI9GhYJxnLg7U7JPqjtNTgfytvXKIio/ub1vUNtYAI6WLb0aE9nVsLdmwxj/whYRnzBI8Nu6OIa5w+gbq1JIt0L0zbjq2Ls1g/JI9WsO2GfosS2irSdwMfZHbRHHnYPfdX8iBdGTYs6tj9kVnVsZONljW08Q2e8D7lEMNtjAJq2Z74cp8iK+CK9GyHUcLjqL3b+6f/ALS0ORmof+qxYms7B5qw7dsoBuFiafPWEfmplC5Ut9HocfUtBj++d+qPF1FQv/4xXnDbtYwPLO4/mmi92sfS9ymUgfgZ6g2+0nLZB+qe28tk2DgfzXmAv1EOJHJzepNOzJWkD+oI1NE/jtnqAufGDn80UXJx4zn7Lyt3U9Sd462Bv3K7/tNW7E3OMf8AISr3oF6VyPVW3Cp9Mj7InzTyQS0rylvVFbwK9x/8SlR9SXMYcKp5H/Moppi3ppLpHqLaknbwz+iIKkEZ0fsvMG9WXNm3jPOP8SM3rK6Aj+Xj/mCJNMX/ABbX6PSA+nl+qFhz6gLoprdIcTUrCPUNCwVP1pUuI8eJh/5dirGHq+Pnwn/qi4Kentj6NY61Wc/RC0fkgP6et8uzCB+SqIurKd43iOfuFNg6npRhxjO/uEHAPxz9BT0lCd46jShf7IzNyWV7yewyraG+298YcCRnkeiM260GcmQjPspwV/qIzjrBeoDmJ/iAe6b8ve4tjRF/2Wyiq6ctDmyAtPupIqISAQAc+yEX8phNVdGMTW+UfknMniyC4Fp7ghbp4glxqaP0UeSgt0uzoW++yhPkyZWM07xs8ZTm0cMn1FaT+B2x2/gY+yjPsNOHEwyPa09juoDvKR9siP0nCA+3Fh+jPur02qqieQAHN5yuvppWADSiSTD3oy8lC8beGUA0pj3cz9VrGgEkOYnmkpJBu0BW4om8xToxuAz9lGNMHE+ULdus9I7OAor+n4iSWDUo0WrMGJkt0cuzomY+yiTdL26b+8gZ+i20vTkpcSzZQpbVUsOgxE47hCoZ7HV6iUfxZ5tcugIHyl8D9LTwFR1PQtZFkwSNP3BXrpgdG/S9u4SfSxSN0vaMH9kqdEX0bIa+yPs8Qqem7tT8ta4D7qE6nngcBKzGF7yLJTStIOD9wq2t6Kop2lzImk+4WeWlNEfJ/wDOeNsccZxx7o0c8jX6mSFb25dCNdESyDSf8KzVT0hW0wzHqz7hInRg20+Qi/xYKmuc7cHTnCvrbdDqa5r8EcgrLPtt2gdgYI9MJNqZIToliex4G5PCGNKXobPVWSXDPUrdcDMRriBCuae3QVxGiItdhec9OdVsoJY2VrfEhzvp5XtHTtbYrpEJrXPE4YyWh24To1JI5OtuunHaVbejp5m6msDh9kCTpBzOYTt7L0mipyA06CAVZNpYZmhssY/RMjBI4f8AItTweMzdL4IzCf0UZ/T2gZMeAvbJen6WUZAAP2VZWdKkDLGfmAqfI1amWOTyGexwyMMU0Ie13IIBWWuHwws08hqKJ9RQTE5EkDtJBXttV0vKHbNCr5un3Q+Z4We7TV3L7kaKdfOp5i2j5/u3TXWFrDopqaO9UzeNLdMuPdZKW1dH3GcxTSVlmuI/BUDyE+mV9Sm0uLcacBUt26Nst2YIbnRRzsGcBw3B9Qey42q8Su4He0n1Ldp/y5PFeleoPiv8N5m1HS3UUj6WE5aIJTLTuB9G8dj2K9s6Q/tnW6SSnoOvrHJSOfkOraYjw9sb+Fz37Fec3H4MstVQ+v6SulbbKnlskb87ehCyV6k6vtkcsHWfTLblT7AT0jQxzud3DHPHYLyHkvpxTlvnE+h+J+tcRWLP8Js+8elOt+lusWio6Rv1NX5ALQxw1fYt5C1EF1a1xFTG0t747L807LTW4VjLn0Z1JVWq5tdlsfzBhkzyRrxkf+buvZekf7T3xQ6OjFH8QLM2/wBuZgSyjyTkn8Rfjc8nzFeS8h9OzS3U+j6F476wosltu/6H2ZLaaC7gPtlYI5hvjhR/4lfLA7w62N0sQ/FzsvNegvjT8M/iGxh6Y6nNDcn/AE0dX/KdnuGnh+Nv1C9So79VUzRBeKds8X9YGcheT1GklRLbKLR7PTa6GohugWNp6mtF28jKgMlHLXbHKtiw4z2Wen6f6av7fGs1WynqjvgHTgqrnuHWPSEgbdaY1lFnAkAyMexWGyjPJ0a7/wBmwLzDuBypMFyZgR1DdvVUlo6ktl/jJp3aXY+g/UT7BSJOdgR7LJOpxNKxYuC+NMyZviUp8/OxQH1c9PhkzD9yFWQ1EsBAa8gBWMFxjnxHMWuB5yk4KdeCbTzRyAHIRCBjIUCSia/+ZRy6T/TnZNbVT07hHUsdj1CoVjBOKbpadiFxkscgHhuynIuwAb4mjzM2f6rje2SiN7rj4mkbjKov+xzI9QujZR8Fr8nIb3KMHNwDnYoheAolx2XfFz2Q0kOQQurPdccGuGDgoeSlkpm4gB9DJFIZqZ4IPLCk4xzN0SwkAfUOMqW14wmSRh3myiUslYIDTPRvxDM4x/0uOVKnpbfeqN1NcaaOaN4wWkIckWThDbDMwa4n4P3T4zceRbWTDXPpi49I1TqyxzfMULgS6je4gt92nsp9h6io69gENQ1k42fA84cP+q2MUrJwYauNp7cLN9R9EU1U5ldaHMpqpp1Ne0YB9iuvpNeocTAnXnoz3xK+HPTnxN6dmst/tkFQCCWOczzMd/U09ivze+Ov9nzqX4I3szNlkrrJU+eKoO4jBP0yf0H23X6WWnqSpgqDa+qG/Kzs8rXkZBPrlTOquk7T1hZKqzXOniqaarZhzXAOY8b4z+pXrfFec/hy3Vvg4XlfFV6+v47Efj74+rDSE5oH4V7R/aN/sv3z4UXGW/dM0ctR0897nE489Pn8Lm74799l4nTyBo3C+peP8lV5CpWVs+R+T8Vb4y347P8Av6LGkrjHhkmT6FW0E+sD0WeIBORspdLViNuiQ59F2a7GuziWVKSL1zQ5u2CgbgkFMpKtrs5GUdzQW5A5WhtTRmcWmAe0SBzH4IOxCzVyon0Mh2yxxyCOy0h2OCo9VCypjMbxkFc7UUbuUa9PPZwZbJG6NC855XKiGWKRzHxlob39UJpwVy7a3F8nTptakmWsMpwAQpAkz2VdA/YZU5jxgYWfCOzVfuQ9cTQ4BOByo+DVnKyccTjdVTs/MPCtXEAblVT/APtD06uZg8g8wQUEbLi6zcbpOWndk4R0HK6mtTkaIMSSSRhCSSSUINHBTE8cFDzhJmXAKSMHcIB5SyfVJUEdah1A9E7uEnjLQhZaIZ5SHKT/AKkkDGpcD2Ebb+qn03ZVjCdQ3VhTfhTIywLsXJYRAHGUsYSi2wuo1yZm17CM5VhbIzJUtaBnCr2blXfTsY/iDMjIWmrsx6riDZ6lao/Dt0W2PKnv3zujNwImgAAadgPsgadyt0Fg8tKe5tmo6XjHg+I4dtv1WgJwwkdlU2WExUMfYqxdIRTvB5K2R6ObNfc2EoyCXT4AIWftdT/Eb5UTTDJhdpbvsFbTzto7e6UbeUqj6RhJpa24Pbu+Q4/RDPspL7HI2do3Ezv8ZRoDmqeM7DCDZvNQuk9UWhw6qJ5VRM05YLGSQx0ziRuuUhzROceSodznI8OPBALsKZINEMcTdmkZKaAInTTvl9AsBUVUlZfRE4bDf91reoat9utMsrTuQsTYH/MXAVDxlznZyoOhHjJum7xRjPDQECreY25zwnB+xOOFXXqrDaV3bYoZdA7cswfWlaamUMa7bVuAoVojEMDiM7nuode59ZctB3BKuAGQwCINwQMLjeTt2VtH0f6T0rnJSXohO1Ol9SStlRxmGkjjPOMlZGjYZKxo5Wybs1rfQAL5n5Oxuxn37wVW2vLHs3dhSo2g74QI+VLi4XnL2evpXBDd/wBsIPGE3HmSeP8AeHlOAGFibNLJFJjURhSVGpSNZUlUaYBYv75ueFCn/vSPcqY1Q5/70j3T4Mz3mM6oY5riQqGOZxx9lq+o4C8SYb29VjonYcWkbhei001KtI+b+brcdQ2T/qZwo4aWuzjgolPK3GCiOjaQSnnFUsCewTROHdHtVe6jPy8py3KjxNLXZKbVU78+Owbdx6e6CcdxrptwaqJ7XAOYcg8KSx+x2VJZasSRCNx3CuWu9kiKwbd+Uef/ABqsAunTf8Rgh1VFES8Ec47heCxE7bbFfWlwo4q+jlpZWBzZGkYK+Xr3bHWS61Fuki0iN5Lft2XovEaj/wCmzx3ndFGEvnj7IY9wnpievSnmAjTjupdFM5kgOR9lBcnNJbvnKZVPaxVkd3BpYJWyg4IRNPuqaiqi0gFXbHiSMEd11KZbzDatksA0WF2lwQzynxuxjK0FRnh5LCLzBSI/K7PqocL9OFNbIHt4QnWonwsh2nITJYBINzwnNd7IjUB0IvcgdPUS0j26Thv3V/S1UdUwBrt+6o3QeINuU2lNTQzh7eP80Mo5DztNA+FpDsjsq98RjfqAUylqfmG5xjKUsIePLypswaIWDKarOoMdgFW8OSAc8rNzwyB4czbCmW65Pa4MmOcJeDq6a5dSNCOERuxQIZBLGHjujIorJ0E88oKCNICc1BGVIZwiNMOzuAn4CanodqGg9DfRdAxsE/BSwUGQYxycIB7ZVVden7bcWnxadrXn8TRgq2TS3PJSpRyLnVGziR5pduja+jLpaciWIb7chUb2eE7SRg9wvZWsPGOVXXTpS2XMFzoWxSH8TBhJnWZbNAl90DzGKqdGW6RsrijuYGkEgol26KuFCS+nHjR9scrPyRVFM/TKCxw7FKw0IxOntG0p64kNOcqfBWA6RssFBXzMIAfx2VrBdiNOpxGO6p8GirUfs20dSXY2R21GyysF1O2ZVZU9e12M7ozoVamL7Zfx1JCkMnJ2wqeOrYeVJjqmAolydGu3JcMnzyjxyhyqWzgjnhHjmAIycqksDozTLMPGUVkmBsq8TZI3RWzjG5RGqM0iwZIQQBj9UVsu3IVc2cZ9EUTbclAFGzJME26NHLxwq9s2CitmBwptG5RZCQEb4/VP1hV7Zxjconjj+ooQ1JIm+IneKPUfqoPiH3TxNv3VpZC+UneL7LolOdgoniNPK6SG75RbA1LJMEh5RBIeFDbLnYBEa/vpUwwlNE5s5GNuURr9QzhVUlxp4NpXAfmqqp69stPIYo5S8+oRqDYqeprh2zWEgckJklVTwYM0oaPdef8A+2t+u1Uae02xz2jbUW6lYW/oHqO/yeNdqqWFrjnAeQMfZNhU2xD1u7iCbLS59dWakJipHPqZG7aWhQAesuqGlsQbRUzuzecfdbO0/D61W0D+Ux7u7i3JP6rSR0UdMwNiY0D2GFphWkCq7LuZtox9g6GoLY1k8zDPUY3dL5gPtlaeOLADQ0AD0VhG1uMaRsmmHzDC0QgkNjTGPQBsDcbNyu+EBwFI0loG6dp901YaI+ERmNAK6QMIpiI7LP8AUXU9tsrS2Z5e7GzQeUtmeU0ifUv8LzEgD3WMvvW0YJo7cPElPvss1db9dL48tfO9kDj5WNKuunOlZKnQ6SPc76j2UE/JK2W2LIdDa7nd6zxK2Zzw7B0ZOAvRrJ09Bb4WhrBnGc4U62WiCjja0MaXAbn1VmxmMYChpqoecs5TQtbyEbATmgAbLihr2JDSMDOVnr9ew1rqGjIdO5pzv9I9U+/3/wAIG32866l3p2Co6SlLfO86pHbveecp1aMGqu/oOUlC4NGo5ydTj6lT2MDQABhEibpG4ScAc74WtJHLm8jSxoG5CqblUB7jDA7YfUfX2Uyd7nOIbnZQXU5JyBj3VxWTBem+iCGfqmOYVPMGkg4VdX1HhERsxnGSm7Tl3y2dkWoOO6iuIPKI5xeckoWABujaOfOzIzGAUIt5Poi69SFO7cYTILBnkwZ7qOd8o5OAo73BqgiTwR5MqBM7Tnbup7zlQ3NOsH3ViGR2AucCRsoF+uRhi+VpH+Y7E+ykXevZSxiOH63BZ5viSOMkoySg7OXq9RjMIMiU9IYcvd5nu3JKO7PcKTpyB5UwtwqOVgamJ6YrYuxN9DE+PfCXfACJG31CpBRi2db7pP34ScPRJvuoFjAwMzuuul2DWjPbZRauqJzDC7fuVY2egk0+NP34BVjq4uT4DUdM5wD5B7gKbJOdOkD2TnARtwO+yAB5s5VNpG+MFE61pcclMrq35aAuHZOmqoKaB0khxj91iL3epKt7oo5MBZ5TwBZYlwRrpcn1MjvMSM/qqlziTk90WRwwCd8Ibt1z7LNxib3PI36lxIRnPKNDCXnAHKWotspDGxudxuptNR5IMjeVIgonMaC5gRi0jGEyMcBquXbOsa2JpIHZNja+c6WhHZTOlxnup0VPFDGGtbv6p8MDFXuI1Nb3MOt4zngZ4R/D39FIZG4jGDhCqaqloma5n4PYeqKU1Ajgo+jkn8oZ2B+6o7hc5ZAYWu27kKLXXSpqJdYdpB7KNkncnJSJzyuBUpZOH1XCcpOSDmjukSl+wRhc47ZXRwuAZTkiTyEMSTVw8JTKHYHqu00TqiQMDcjuu0tNLVSiOME+q1Vvt0VJG1ukau5T9LpLNSsvgzW2qKBUFtiijaGtwRurQNAGPRJjQBsMJ2kjsvR6ehVQ2pHPsnvZzGE8tA7brv1IgaVqjAXkbuDwiDjdLAzlPTlFIW3gSSSSsXKTfQkkklBQkkkkAQkkklBwkkklAhJJJIwBqSSSLonQkkkkokZZEuHhdSS2g28AHMxkgJrQ7Xt2UggHlNDN84Wa4ilkPD2VhHwFAi7KfHwFz7XliLeWdSSSXKsX6AHpJJIAhJJJKEEkkkoQSSYkqyFgekmJKZAyJLZcJHCCSc8pQbJJazGxCAeUsn1SQYBSYlzAXUkSjkM4eCgHGSiOTULiVkcB6Fcwey7p90tPuq+MEHsul5AS0+64RhC6kHvYvGIO3ZPFVMBjUP0QtPulpQKmL7Gx1FkfYT52b1SFbMDnIQMFLBU/j1v0NjrLYdNkxlecbpPuBdthQkkp6aA+PlNRHpkv50k/ThOFQHDlQkMahndU9NFdD4eWvfbLLx/8QQtYPLlF1O9UzWfVD/GRqp8vJdkzxB/8pS1jthQ9Z/8AlKWs/wDylKlSbq/LJ9kzWO4TNQ+6jayeEzUfU/qkuvDNkfJwl2TdQB5H6pamu7hRCcckrmc8FXs4wOj5CBLLmj8QQzNjsgeb+pdyfQfmq2ezTDyEEF+aDjuE8Tg74QRkf8OP74Tw4BXhDlrqn+TCGVzuAntPOWkIJmxjDQufNTdngD7KnFMYtXU+mTWuI7LoqphtqCg/MS4+vn2TNWfxIPjQa1ij0y0bVTD/AIgwisqnEDU7KqBJjul4p9UEqEwv+IuPReNq2t5CcKuMchUXiu9T+q74r/6j+qr+ONj5Rrsvm1sQOdJRxUQubs4LM+M4dyl478YD3D80uenGLy+DURzsa/yvUgyOLQWVQCxviyA6vFcl83INtbv1WeWj3Givz0oGvFxqac7Thw+6dHf5HHEuw9VkBWyj8bk5lZK78STPx8fZ0afqOxezbRXuixkybqR802YB0M7cH3WHEjschObNIOXlZ7fHpfidTT/UqT/1Gbpj3vIOon7Iv+9nBhOFjYrvXwMAjqNh6qSOpK9mMvDvyWKfj5ro7FP1HpJrDZsIZLkwZGk4XW112OwoYXj7kFZiLrKoiwJWsx7KZH17RtxrgO3OCs8tFZ+joVeW0kurGX4rK7cPt4GfQrnzcp+uzSu9wwHKqGdd2okeV6nRdbWnDcveAs70ti9HRq1kJcxsRKE1K/8AvbFUEeoiC4W2d2zrXK37xjZM/wBubUcCOocCfVFb1ZRPOWzjf/Cky079xNcdSpdTRw2+znf5XT/4EF1pspOC2QE+ymt6ipDuHt/8qIOpKA+V7Ine7mApU6lHpBq15y2mVbunbefNC47+pCaemRjLWj2Vub7Qu3aYB/8Aa2/9EWG5W+beSopj7ZSHWxi1CRnj01LnDT/qnf7M1I/D/wDUrTCvtrTmOeEEdwUX+LQDY1kePyVfGxkdSkZP/Z2bvG3/AMq6enAfqgB/Ja3+I0R5qI/1Tm1duf8AVI0/Yqvhk+kG7a3zIxp6bjP/AAG/ouN6WYc/yG/otw19rO7XD9U9vyLydLghlXKPaKT076Rgz0lETvTM3/wrv+xdNgE08Z/8IXoDY6QDBIP5rhgou/8AmluGQnGmPUTz/wD2NoO9Ew/kujo63g5+SavQvl6P0/8AqkhTUZOP9VXxspOpf0mCHSNvAx8i1L/ZG3//ACAxegC30RH1j9Un0NBG3W5+33U+Mma/SPP/APZG3/8AyCz9EQdI27/5Bat8KC2jZ8wan/w+1966AA+rkWwJbWYAdKW8DagYuf7MU44o4/0XoYtdpP8A9kYP/Ou/wu1N3/ilF9jO3/qpsLxH0jz1vS8BO1Gz9EVvS0W2KJmfst6LfSE4guVEcf8A0dv/AFT/AOGtZ/8AZKB32lY5TYHBwXaMIzo4uwW0jcfZSYejdxmkb+i2LqPGP97z/wAhCcyGUDAnxjglTYFKUX0jKDoxwH/ZG/ojN6MZpBOhp9MLTGOr7VTcfZN8Oq7zNKmwtTivRn4+lRGc+Qj7KU2wQAYIH6K3EFU7iQJzaSp/qCmwvfH9FWyyQbbNR22enacjSp/ylQDu9v6LjqeXIzj9VThgi2sjspGxjAAPuiMppxvgYPbKO2B2PM5o/PhdMTGfVVwgH1cr+NtBcIG2OYOwYx+qksYMbndNa+3MGZrnTfbxEGW8dN0v13OAn/C7KD4/7BqyEe2SWxahvuiiJrTnSqh3WvStM7Lrkwgeii1XxR6MhxivDiOwTI6dsGWqpj3JGniLBhujCMIw/BAwsBU/GzpSmwIYZJT28uVV1f8AaAgaAKO2A+mWpi00/SES8npYdyPV2QluN0V0J2wcZXh1V8d+pJSflKKnhb2IG6pa/wCLHW9dt/EhEP8AA3/1RLSWP0In5rTR/HLPo7w8DcgD1UaastVCNdRc6Znrly+Yajqbqe5OBq7zUu+zsKAYZZXl8khc48udkko1pJL8jO/OJ/jE+m6jr3om3jFR1BS6vRrsqhrfjT0VSE+BUSVBH9DV4PHRuOHEqdBT69iNhyr/AI6Qp+U1E39qPVZ/j7bWnTbrNNJ/ikH+mN1V1Hxs6oqzijtVJG3sSzdY+mpqeMAuhyp8TmNwGRtH5IvgQUddfL8mW8nxF68uHE0UX/KzCiTXTq2u/wC03eYNPIa5Njd304wjCoETQSdlPhGrUy/rYFttuFScy1csp/xOyjxdPxMIdM3coMt8ig2ZIGnvuok3U2sf34291aoyF/JhJ8s0ENtt0IbrA29lMjntcAyGjIWM/jc0+WxvyV2Nl5nOY2ZCL+Ogv5Ef6TYSXykh2H+ajVHVLA3+S059Mqhis16qSA+JWEHSVykGZGFo7pkaGg43WM6/qapfnylQ5LrUyElspVqzpOnpvNWVZj9nOXfD6aot3VjHkcgHKJVMkrZy7ZSSVdwl/uw9/wBgjQWq71QBdJpB7YyQrf8AjFsY0m30rpHj1GAo77zeHOzDTsi9wEcasgSvhHtgm9LyHeqcB9wuw2uz05/n1MTCP6sJpbd6wk1FQ7S7ndObZqQHxKjzHkkpiofoD+REa6vtVO8sp4JJNPdo2KGbpcJjppqR0XoXqTPUWyhaPO3y7nbhUdb1/wBO0pLX1JOPROhp3+jNdr6of1pFqKC91bcS1sYZ6NO6dHYaRpDpxrd3ysbW/FuzQZbSeI4/4Qs/X/FOtnOmJ2AeMrRXpJN8o5d/ntNT28nrf+5UbQ3LGYUSpvltphmSoC8WresL1WbtnwCque5XWsbomqnY9lphpTmXfU1b4qR7NV9cWSJ398Dj3VHcPirQwnRSRudjuV5lT07if5jyc+pUkU0EbgWAZ+61w0kP6jkar6g1NvEXg01w+J95n2o2RAd8t3VLV9S3+5sMdRVu084acILWMc0AMG3opUVDOSPCj39VshpoRXBxb9RqNQ8zm/8AuTLZZmVFM2orqgtc7cNypJtdLEfKduECK33Z2MPwPTCnwWS4zj+c/I+2E+mlJ8HPthN/3BNprWAA6TdEjmooX/y4NWNsqxg6apmAPnkHuFOZT2mhALHMyNt10qqjl6hbItlTHWTDy0lOd/UI7ae+1XEWgFTzdqGHaONpI4whSXuve0thiA9N10K4YPM6vUtEVvTNynkzUTaQfVSm9NQw4MjwfsoslV1DM7OMA+6Xy14kGJpiGnndaIVp9nC1GrsfslChtkX1vAwnB1sbsHce6jNtgkwJnHI9+VIbZ6bAytMIRicyds7HyxxqaIjGvI+64KyjHBTxbaUDBauihoxvoTUoxM+1yA/xNjSQGEhMddphvFGVLEdAzZzQCEvmqFgwGtx9go5r0C62/RXOu9duBA5AfXXWTguVma+iH4Gphu9M3YRjZBKRarlH+krNF2l5a7fvuuiy3Fw1PdK7PqVP/jrGnEbcJp6jqR9EUn/lU3oZGqcv6SI2yV22QT90VnT9Y8jy4/JE/wBpKsgkwuGP8K5/tLcP+GSPyU3xDVNy/FBR0zV4+kfojRdPVLDnQD+SiNvl/k2a/GeNlwVfUsn/AMQN/ZWr4R4Ya0erkXTLC4MBe9jfuEv4OIiXulYB7KkdT9SVDS2Sfyn0dhNFpuzv72cjHGXEov5NYX/DdVPsu/laWMf3zP1TS6jj+udo/NU/8FrXuwZv3TndP1DmgvqQB+qn8msteH1D7LI3GihdkOa9cffaNuPKD7Aqt/gBaN6tp9Vz/Z+McyD8lf8AKgaavBXyJz+p6dn0xn8kA9X8huoKP/BYBs6U++F1tit7XAiSXPfJQy1EJezXH6btfLBy9V1r3EajpQD1A92dRdn7qybZ7eBgZP3ThabSDu05S3qIr2OX08/bwU7r293d+/ugm5H1ctGLfYwNxkpop7ID/dof5UR8Pp2Me2Zl1e5x31JvzZPEZcfRasNsg28ILmbO0giEfoq/lQ/Yz/gFf7MsKyo4FHLj7Lpqqs/Qx7PyWr+btLRjwWprq61M8wgH5K/5UP2T/gFZmGPuTuDJ/wCVGZFeXca/0WiZdqIHApX/AH0IzblS4JAx+Sr+VD9k/wCBVwM0KG8Hu4Z9lJba7uQD4h39Qro1TJD5MpuuQfTI4fYolrIIv/g1ZVCz3l2CJce+Cni09SNA8Oqz91YaKp5z85KPbK6I6sbfNP8AzKr+Ys8Mi8JW/RAbbep85+YH6ozabqwgA1AP5qYG1g/+JP6lOaytxn5hx9slMWugiS8DD0iNFB1Qw5OD/wCNv/VFL+omYEjdQ9Ajt+cBzrcjtnq8YIJV/wA+Bnn4FSIJrbpHu6Cb33T4r5Owjxfm249Apvjz/iaT+SWtzuY/1CKOtgzHP6dT5iwtL1KI2bVlbGSe6s6Pqis1YiuTnH/GqZzQf+E0/kgvoonkuDC0n0Rfy4HPt+m7PRtqbrm7Q6QwRSDG/urKH4mVsYAloMAdwvN/lZG+Zj35+5Tx/FGjO5HbJRR1FcjBb9PSh/Ser0XxVociOqY5medloqLrXpiqAcbkxjj2JXg4qJx/e0jSQOfVJlwbnDqLSB6I/lr/AGYrfDWLqLPo+jvNnrXeHR3GKR/pqCmtkYXYa4H8180svFPARoEkZxvgq1t/WbIy0Nu00eNsHUf8lN8TFPxlsfTPoqIBwxpzlONDFkOcMZ7LxGj+IVREW+FfB/43Ef5rR2/4m1IaPFrKWfHuiU0+jJPRXR9HphttI8AeGPyQJbLT4GgbrM0vxGhljDpGsB/w4C0Nv6ntVaxpNQGOPYq9zEOqyH5I4LJMSdLtlHlt9XESPDJx3C0VNVUswzBO1/2KlN0n0VOzDF72uDGuZKw/zGFq6Q08gLXz0kEzdMsTSD7KMbJSv+luEcbs8FK3BlDbaSYlzo2gkeiivslM7OlvHstVNYntdmEkj0UOW21UO5ar3oap5M2bI8O/ltwEz+GTMPGVoCHg4LcELhiZLgOCttMvJRmjdpw6Mb+yjy2OnqG4ljb+i0EtM9uNDNQQTEW7kYSmkyKe3ox9w6Dt1W3DXviJ7sWQvPw3raLMsLnVLBuO5XroaM7pwj1DAVbUaYauce2fN9wsFXTOL30kkQPfGyjwSXa1StqKCRrZGnIJyvo2ptNJVNLKinY9juQQsvdfhtb6x5dSy+Bq/wAOQPyQ9G2GqrmsTKLpX443O2llLf4PGj2Bd6fYr2Xpjrfp3qWJpoqxrZCN2OO4Xgd2+H1ytznl9OJ4uxaMqjFuq6KYS0U76WaPhzTj9lYm2uq1ZgfYTYiCDjYo7g2QBrhwvn3pP41dSWNzKbqUmvg48YbnC9o6e626Y6nha623SPxnDeN+xH7oDFdpp1l0bbTTgFzQCoVTYIZWnwwM9sq0YSBx/wCqOxzW7kcqGPLzwYis6cn1uw0Y+yo6yw1EbtRGPyXqj4myYIwok1qhqR/M2SsBKbR5RJbjggtzhVdTbKWRjmSxNe08tI2Xqtf0s2R38kj04WXu1hmpZNLYz98ILK1PsZCeHk8W6q+D3Td9jlfDT/LVDtw+MY3XnFx6R656QaWW9xulMzbwahxdhvoOMflhfSlRRlpwW7qvqbcyQFsjQQecrDd42q3pHZ0fmr9HLKef8nyyK3pa7VX/ALxp5rFcGHOeWF3sdl6l0X8dvix8M2Q01LWf7T2VuzYKoePGG/4ZM6j35KvOrvhnZr1G7xaJhe7h7RgryW69BdYdJSPqOm657ohzC8ZBC85rvp+Nsdtiye38X9VTjNSjY45PsP4c/wBpX4WfEB0dFcalvS982109VLgF3+GT6T22yvb6S71NEPl7hC6vpXAYc1gcdJ7g8L8rJLtRV0nyvUtrdRVTdvHYMDPrtv8AoF6X0F8dvip8KImCzXJt66aztRVJMoaO4Yc+QDPGF4fyv0g4ffpX/wBH/wC59N8Z9cQg9msX/wDUuj79rei7B1ETXWidtHWjdz4hodn/ABNVZJc+pelpA3qS3CspQcGupxh7R2y3v+q87+GH9pj4cfEyeGiZWP6fvD9hTVzgwOP+B42cOF7XFdKhkYjr4m1MDhgPGHBw+/deG1egtolsui0z6HpPKQ1EVOmSa/sCoLjbrrT/ADFvqmzNIyQD5m/cJ7m4OeFXVvR9qqXm5dJ1j7VcTuAHbE/4men5qEL9crTIKXq2nkjcThtYwZif7k9v0XJt00l0dinVRf5Gopq19M4Fpz678q0irqWsbokaM+hCzkcjZGCWN4exw1BzTkEeqLFUAOB05WZwa7HvE+i/FHH9ULi085BQ3VctO/TUN8g5cFEguD2YAOx5U1tTFK0AOBJ5yMoAJQwSI5Ypmh0UjXg+hRSMqtktpaTNTOMT+cDgp0Vxc0+FVROaeNQ4KoW0TnRNIII2UYRuY7Y+XsEYPDt2uyCnFoPITM56AxgEyYbNI3RQcqPNTtdh0XleOD6IUVTIxxiqGnI7+qgJLSTQ9rhkFdzlCyHMlO1e6Ym5PqlqWGQKGg8obh4LsAgx+hSLtKTS1/O4T4zIognshkOYjg9xlPL3CMMIzhNmptg+HZw7eqbHUhuGTNLSjyC44K+52u1Xhzae5xN1PBa2TG4/NZcyXvoqd0MmK20tJIkG7om+63E9NFUsw0jPII5BVVNXVNLKKW4Rtezs7GxC2UauVL4Fzq3AbvZLD1rY5YHGmr6eePTIwYd5T6r8/f7Sf9lK59DVk/U3RVJJNbHOL5ImjJiz2+y+6P4JV2uvN26dqmnUS6SnccNd649Fcl9u6mpNMzWNkwWSQyDv3G69f4vyc6JRuqf+UcjyHjIaqr4r19r9+0z8bYpnNcYZxoe04IdsQfRGOk9wvqz+09/ZQqKJ83VPQ9C4Rxl0k0DB9JPce23C+Sf51LUOpqpjo5Y3aXMdsQV9V8V5mrXxzno+ReW8DqPGSeeY/ssqaocwgAK1p6rWACVSMfkAKTA/Sc53XpK7OMo87ZXu6LWZoLdTVGa/Bwd0SGYZAceU+qgikPi0/PdqZN55EJuLwQbnTfNQ+TAcFndBBweVqGAkYKr7jb9WZoW4P4h6rn6irOZGqq3BWROw5TI5SWgFV/0P3HCPE9paAuZKGTrUXL2TMlOQQcp+QEp8HRjZwKUnAAVe/IqHqwyCq+fHzDimVYzyI1jzWHZ9IScuR/SuuWpHGYmpya1OTEQYmJ6YjCEnHhNTjwoQ6eFGccFSTwoz+UqRUTqSSSnaGoYnO4TU87oU88BshSNOeFzIBOUWbAI2QZGknIS5lo6eQp9PwFA4IU+n2Ayri8AWdE6PgJw5TIjsAnjkJ8XkxSfIaJaPpdpdcGEDPCzkXIWt6MYH1wOPRPq7MmsltrZ6KchoHsnN3e0D1XJNgnW8F1a0c7j/ADXQieUn9qNtSARUsYA5CdOdgB3TW7FrR2HC6/LpNPotSeEYpvJA6lqPBs7gCMkEBO6ejFPYSAP7wZKp+rKgvMNC3OS/daKjjENpZGBwEtPIbW2rH7L61Dw7OXEJ1nGuTWQusAjs7QPROsxzASBghEc2xegdQfmLlHG4eVh4Vk/LpA0HjbCg20iWrnmeN+ymRZ+Y1dkbKaMp8Q6/5e2upwRkqr6RpwIxI8ZJbsonxHrvmLmykbtuMjKtunmBlOzbGw/yQxlk6O3bSv7l454aCPVZXqmrxG6MnbCvqmUMWG6krC+cNyibwSmttopqMeJWtcVaVIOCfQKJbIcy+KdgBwpda4Y2Xl/MW8NH1/6O0qVe79jrFH4k4kcOStKwnUcqksTNEYkI4Kuo3Bztu5XzbXW5sZ9t8bVsgkSYdlN4i/JQ4gf1UzSfCP2XD1Ess9DSiG4fzMp34U131p34VlH4wdpSfEIUscqJB/e/kpbzsChk8IfEKwqLWFvigAc8o7DuAg1WPEGyKEuRNryV9wohMN+4Xm1zZJRV0kbm8EheqHDwMrAdYUUkVd45Hlcuzob8SUTx3ndLmDtKeGd2oAhWLMuaCq2PAxhWEMzS0AhdnJ4bewo3OVJiAeNJGyj43z6qRD5fMqbyOrmRAX0VWCCQ0nIWnpphLE143yFnq+PxGBwG4RrZXOjxBI7HoUmUc8o6Ncso0jHDIzwvGPjj0++lrob7BHiKYaXkdj2XsUOrALjuqP4kWQ37pWeCJmXwjxAPUBadJb8VqM/ktN/IoaR81NORlEQ9OnLfTZPHC9tVP5IKR85nFweGPXRuuJIo9igrHeGQQrqgrWOAieQD2KoAMd0aB2HDJWymxwYi6G9GoaNQyOExrcOQqKra6IMPKOW9weV0YzTRi2uISLkeym07zkbcqA3uSVMgeAUeGzXTbyok9rtuEVqAxwI4RmO34VHWrsDtJHIwk6PxG4JXWPBGOMIjVDRnciPG6aB2WuwFZU9RqADtyob2A7prC5juFA4/ayzcxsgPHCrKinqGu1RNUuGfYEhSBO0jZqVKORyk+0Ctd+hZijqxolHutNC0PGQeRlYO9Wh9UXVdMcSMHA7o/SXWD/FFquRLJmbDUd8IJPadDS67ZLZM3JaB2RGpNOQDnORlOaiXJ362uxycmgE8J+MK5RGt5O4CWAuro5UwUuRugpafdHGkgbLmnT3QuOAkC0eyJjP4f3XS0BE0N9EtxHpAAzKi1nT9puJElTSMLgOQArDw3J2k/wBP7pcq89ElXGSxJGAu/wAN36nT2uX3DCsxXWG+20ls1C8tby4br2hrccLj4GyDTINQ9ClOrLMlmghJ5R4fDUPiI1t0keoVpTXLOGDBK9MuHTVqr4/CmpGDvlrQCs9WfDKieTJRzSxvPG+ypwaFPR2Q5iUkNe924KnxXF7SolT0D1FTtPgStkA3woJtXVdKC2W3SEDuAhwy4yvhwzTx3QHBcAFLiucDiAHb+ixHz1bSODa2jmaPXSk3qKMP8mW/kphjq9W63956DHVl2COFJbMcBYGHqaPAzNjCmRdTxf8AyR+6mDdHXwfZthKeURtQRthY9vU0WP8AtH7hOPU0Lf8A4jP5hTA1ays2TJiTucIwn2G4WJb1NCDnxT+qR6tgGMyHH3U5D/n1o3QnwQjfMfZefnrKl2aHvJ9lwdTT1R0UlPNI70YCSptYX/EIPo9CFT7BcfXRQgGQ8rDQS9YVhxTWiqAPdzcKxpej+u7gQZGNhB/qcjimiLWSb+2LNJ/GqRpyZOFFqurrXA3BkyR2yh0Pwfu1VJm6XQwtPJjdkrQUXwd6cpiDPLPPjnW9NjDI1TvkuODF1fxAp2g/KhzncABKGTry+t1WyCRkZH1Ecey9ftHSFgtbQyktkUeO4AyVdiKOJoETQ0DbZGqhkdJO385M8Ttvwt6nuzvDv1YGxO3cCSc/llba0fCOwUQYZnOmLe5/+atyWahghFjaQRkJqhgdDQVw5y2RKOzUNtibFSU0bGtGBgbqYwFuAigg8DCcxhecBMjE2QrUOhNG2wRNJcnRsz+SLE0b7ZR9DcAPA913wR/T+6K9jy4aQpkELQ1rnkDPcnYIwJJRILKcu8uEO4VFDaoDVV9QIo2jJJVZ1N17ZbA91LSD5+rb/wAOF2G/+bB/yXmFwvF96gm+ZvM4Le0Lfp/NGYLp54Ra9T/EeouDHUPTsL4WnIFU93lP5Y2WQbBUTuElTUyTy/ic45/RWtFbZaqVsEceGd9tltLJ0nT0sgnmwTzjChmUXPsqeluj3SPbVVbABy1pC9AoqOKmxpYAPT0XYImswAMAKQ0Y2ChsopjWlgKG54HCedsJMcG4yo9XcaWjhc+pkDPuVDXxBZZMacZPosz1B1N4ZNBQ4dM7bOeFSXjrKprnils2RGTh83+gTrfbCz+dUHxJX7lx3RwhuMN+qi+Ij6WlLPO465n7vef8gpscenAAR4abvjGyM2IN2xwtEIbTnTnveWAAAHCC7fZTHHAKiuOEwU+gPhhxBwuGFoGR2XXO/ZVl2uraeMxROy89vVHFZMOonGCywF0r44sxQnLuCVRuc57i525K6+R8hL3903GE2Kyee1FkrpZYkF3CMgkjGEZisQFxw7IQ85RH/UUI8JqFWP8AQOY8YKiS52wjnc5KYQ0kAqGeUwCgXSobTQE4DieBlS66riow7Wc44Hqs1PPNUyufI7IPA9EDOdq9VshiBGeXzv1Sbkp7YgANl1rW5GyJgaVWTjuXsHgIE5Bxgokx2OFHIJKiQDlg4kkkN0RExAZKM0ZHGF2OLONkZsenBIVZGwSANYRuVArKsAmGE79ypVfXCJhhjI1HlMtttL3ePMPsFC9sZySQ61WsvcJ52/YH/Mq8cRC0AAcJoAaMjZMkdqPphBKW06NNWyOGcMmopk0jWNwSEiWtG5VBfbo2BpMZJxtkLPKZV1ihEjdQXdjgaeI5djG3AWVeQXbfmfVEmmMpL+C7lD0+6yXT9GBzcuWNOcbnKcOyQajsgc7BA5WfbllLnhCggMp4VhTU7YwPLuE+mpxHGBjcqTFC7PCdFJIfCsaGk7YR46bhxCPHE0YGFJZERghqMfGv9gYYcbBqlCLTg9kRuljdwAs9duoMaqamGexOULltLlONaJNxvLaV3hwebHOPVZesq5qyYySuJ9B6JanOyXElcLM91nnNyMs7HJjA0gYwu4K4u6fdKdmBYNNyUTAQ0uUshdhUklzV7IcAiJwnQ0c9ZKGRD7lEpKWWslEcY+59AtPR00dLEGMbv3Pqtml0/wAr5M912zhArfb46KIAAazyVNbynYJ4C6Acru00qtYRz7LHMM0ANHuu4DkgMhOWpRwKGgHKMAMJuAuohdgkkkkzJeOORySSSoBpCSXcHlcUBEkkkoQSSSSgYkkklC28CSSSUBEkkkoWJJJJBKWCCSSSSZzUS28CSwEshNMjQcLHbZkENG7thSYpB3wPzUESt4XfFWK0FxbLNJJJcuUsChJJJJZB6SYkryMwPSSSVgjEkkkAYlw8Lq5kKEGHK4iHCGeVCCSSSQkEmJ6YoUxieknqFJZGJJ6SheBiS5q9l1UCMSSSQkGYC4QMJyShYIj0SwUTAXCBhQtJg0l08ripvIwahuRkNyFkzkaDlIenKII3enK5HTOcd1nsko9jqozf4objKSlRU3GQpIpKfuxZJTSZ2KfHX2JPorNBdhObFtuFZGngZxGgui0/S1Uppm1ePsguWRMFLBRzGc8JpZtwjSTK/izyRiD3KZ4zgdwjlp7IZj9lWQ/48md15HCFnfIRSz2Q9OEUUHGEodnQ89ylrKWd8JZCJRTHRlkb4p9F0S+q4W7crmj1KqUUglLATxh6LhmB7IOQugtPdDgvLkPyU7UTsmobpmNHKUxvQ85JySn591DdWBpTDXREY1HKHAxPJNc4AjcLrHtAzqxhVbqpxPl2TTVv9cfkrccj4pl2KyJvL/2THXKD1VDLVT6TpdnPsq90le4ngZ90myKHxj+zUvu0QcDr49VGmvtO0bS7qgbHKf755wfQorIKHHmccpDhk0wWCw/jzCceJkJC7U531HKhmG3sPOUN8cTsGHb8lXxZNcJuPRZuuIO8R++U112dkASb+irhT1WPqACJHBTjeoOClvTmurUzXsnC6zctI/VGZ1FXRnII291Xh1ANtv1RPEoW7g7pToi+GjX/ADLF1ItmdVV7RgcosfWd1iIGWvHo6Nv/AEVE6opRu07BcZcaXPcYSZaWC5wbKdfbHubNVH1zWgZkoYXfkjxfEJjcCSyA/wDhWRdc6UYwChvu1OcbZ+6TLSVv0aY+UnH+o3I+Idu/HaJB/wAicOtunJz56Orb64P/AKrCNvMDdvCjP3aui5UZzmmj/RD/AA4Dv+M2+mb7/ajpiXHmrmH3OyIOoLGceFc6lv3JKwAqqOZwAAYulsBHleP1Qy0UH0MXm7j0Vl+tBGf9oyz2ex//AERWX+1E4/2oi/8ALJ/0Xl7mszsT+qQA41FB/Bgxlfmrmz1ht5tjhqHVsYP/ACSf9Ev4zQEefq+Nw9BFIvKxCSM7rnhgdyglooRNC83eeqf7RW1v/wDMz/8A7i9Ob1VahnV1C8j/AJT/AJLywNH9RTg1o32/RB/Eh+if8cuPVB1fYm//AGYqSf8AlKcOtrDGRm5VL/8AwleXtA32wnNeGHGnKGWigxi8zcz0qXrSxuIca2r/AHT29bWBv/EqJD6OBXmwe1w4Ts43Q/w4DI+ZvXB6IeurVq2ZIR9inN+IVuZgMp3k9gWledh540p2fZC9JBDv+MXnoo+IsZ3FI3H/ACpzfiTGwf8AYwvOPGI42XTVNb6KLSQZT8zcj0gfFh0W0dOB+SM34q1rx/KgDiV5fJKBghq4Kw4wAi/hwJ/xm49PPxQuZz/Iagn4n3Qk4gA915sKmQuzkp4qX4U/hwL/AOMXHoZ+Jd4OcSaQU3/b67uzm4TDPusEJZHA4B+6YHVDdg/ZT+HAp+XvZuZevLs07XGb/wAyE/ru7OH/AM8ph/4linid5BLuOyeIZTgEqLR1rkW/KXv2aaTra7uBBuk//mVe7qi4OJJr6jfnzKsbTOz/AOqIIhgDSmfx616Fy1183+TDydR3Fxx8zMfu5BddbhMcGoduuBjAc4H6I0bWDsNvZC9PBei/5Fs/ykwYNW/6pc59khR6tyBn1U5jo8aQAnaG8lK+JJ8BqTfbIDaXBGAispO+FJ107Ru/GE0VtK3cvP6JmzBTxkb8qRjZHipRt7of8WpgCI43PPYAIkVXcHjFPSA+7gptwNjn0iRHRAAHGFIZSAHIQ46XqKYAxthbnthSY+nL9NgzVbWjvpQP9MOO70hojgb/AHkgb90UVVBBjE7SpEPRchcDVzl49yp8PSVtiIL4NX5lBKJojC1/iUct7po9oYpJT/hCYy63GbBpqCVp9SFr4LDboseHCG/dH8KKDAawfoijHPQ6NNn9TwYwN6mqyA1mgH1UyHpm/wBR5airDWHfhad08MRGpwB9EN16ijGHTtjHqVTplL8UN21xX3sqYekC04q5w4fmp8HTlipyHzNyR7qNWdU2iA5qK/J9Aq93XfTbDiRs0o9xjKKGksfoU9Tp6fZpomWCBo+XovFcPRGZWVAANHbcY4aRysLP8SHveY7NaooY28ahkn3UKbq/q6szqmbC3tpw1Njo7E+RU/KUw5gz035q7Op81MtNSN9Rsf1VZXXWlLfDquoyQO0D915pUVsEUplu95i8V27gZMlU9R130xSSmOOGSfTsXDYErTHS8cmOz6ghXxKR6bPU9PSNw35qseOBKcAZ53UiCtoo4w1tDA1gHLxnC8TrfixdtYjtNLDDE3gObnKz9b1L1DdpC6rukjtfI7BF/DX7OZqPqaMOK+T6Aq+prHQuBqa+JmPwt7LN3D4w2ekkMdPTSSgbaicftheMRxyB2t8pcTySU9zRsU2vSI59v1JqbPwSPQ6/41XioDoaCjjjZ/U7clUFf151Vcw6N9xMTHchmyoYYicAR7lS4rbWPPliOCnx08YHOt8pq7u5DH1l0qWBlRXSyM50lxwiAEtw4kn33U6Lp6rcMnbKsabpxrSPmjkI41KL4ESnO3mTM62FrnZAH5KQyIjGlmStZBY7ZFuWEn7qU2K10vmjiDnD1C0QrUilU5GXpqGpkwPlzj7KeywVLyPKW59lfNuMI+mLH5JwuUh4P7JnxYGRpx2V9N0o5xBmlGO6s4enrdGMuYHkeqTa2UjnATXSuePNIiS9BOqJKFHbWDDKdjcdwFyP5SH6H/koRkPBecLjailJwZcH7J6iKeEWPzzWjy/kmfxOrORHuhMNC7BkeTj0RPHpAAIW4WiqOGZrZYQLFwneSQ4590UULWgOqXfknCqmaMxbJB8jvNK45K6EDl6iHycMKyOhbgNZkj1RInsYdmYxwoh8Jp1Pfpx+6ZJXU4GkOyQtMJ4OPdoq5PlFmKk98YXTVwgfWSfRUjquTOY3YBXDUznYvGPsmK3Bkn4qmXLRbOrwO4QXXSY7NVd5nbkosMZB32TPlYj/AIXp1/SHdVTSA5cf1QTLI/8AE7H3RtCUdNI84YFPlZP+GVr8YgCZHYaSf1S8M/iOFLdAI8eLgZ904fw9m80v5BB8oa8fB+iI2I9uSnNpZ9sRgqU6vtUewy73Ud17w7EEZx2JQSuyHHx9a7QdlC8j+ZHhGbRjucAKvfdaqTG+EMz1M40ulOEp3sfHRVx6RceHSNwXSNyO2E01NFFv5Se2yphG8nk/qixDcKO9s0w0sEWn8Upxs1gSNywMtaPzUMAY4C6CAg+QcqIIPLdK1xAihjIQvErXnW6YgnsDwnNxjZcMjByVPkLVMEIOrDxNn809sNRnUZf3Tfmooh5jwgG4xb6ST+anyDVVH9E7TLyXZKaXP4LlAdV1Dz/JBXMV0uA5B8hWyS6RNdJk5LkySeMDzSqOKaqd9RH6ogo2NIM+PyVqwN1TfY188khHhS5wkZpCME8qQBRMwA4DCcKmib+Hf1VykmB8BAMb3ebfdc8B+N259lYCrpfwt3XRUtbu1gygbwMhp1+yt+VlP/w7vunCiqTzE7CshcJRhoaMJ4r5fUfoouQv40PZXC3PI3pz+qK23OB/uSFO+dmHDgi/OTkfUP0Qt4CVFcSGyhmxjGPuUZluPJkA9k8zSnJLuE1tRKTguUTyU4Vr0FFEwAfznJ8dK0HPifqUwPkPdOGvu4hEWo1r0S2wwNH95ukGM7BRMN5L5P1XRJCBgyOULexdImBsY9F1oYDyAoPjwnh5XQ/ffhUV9pZtMJxmTHthGaxpHlwVWNmiA3ecp3zByPCk4QOeCYgWHhpeFlQhWTDlyLHWkbk4Km9hJV+0SzBgA6Tv7rnhYP0/uhC5AbGT9kZtXCQN8n3Cm9hbKBoa3OOE4xFw27ogqc7COPB74SbI3vsnRntAnTRIjmlcfQfmuGhJH99H+qmtezYZ3T8N9Aj+Viv4NEu0Vv8ADWjIzG5CdbqQjBgbv7K30j0C5pb2ATI6hoy2+K09noonWeke76BummwxkfyawQH74V74TTtpCRt8EozK0J0dY8mG3wFU19qM/wDwa7g/7rd9Xp50dkXXFMP5Vbkf8ytTaYm7xZafzUSSjvcMn+71Xl7bkpq1b9HOs+mqpflEdSdddX2pvgOilDm8lucFaW0fHm/W6RvzlFqAGDrCzPzF/p8H+TIO+tuU03B8w019pjePVjE1anjk5Gr+l6/6Y4PWLV/aKtM8mm5UzWMPuBhbyxfEvo+9SCOmubA5w2aTuvmSSn6WqHD5uglYfZmFGdYLE8u/h9xfHncRvOP0RxvUuGcLU/Stkv8AbR9mxT0Uv0T88bcpssTX4BGQvki3XfqXptobabqSxv4C/IW1sPx46qtYay70sdZCNtBdp/fBWjh/izz+q8RqdLLbJHvzrdSvGSwKHUWmAj+WCD6rEWb489K12ltcx9K88tyDj81vbZf7HeYmTWu4RThwzgO3CvLiYLK7K/yRBNtniGQ3V+SiupM5bLHsVqTI1owW7HlAfFSSkFrc59UKlkRnkyFTbHEExFRjHU0gDnR6x7LYT2tp80Lt/QqK+mc3ySR7j2Rp5Dy8GZbVQS7OBYfdEELXDLSCrWptUVQ3S+No9wMFVL7FXQSZp58tHGSiLUsjXRdi0H25VRdulrLdAfmKQRyH8TNlafOz0j/DrKV3praNkSOroq5/htOHD1UGQm4PKPN7n8OHxBz7fKXN7Bxys7NZ75YphOIZYi05D48r2uooncR5/VV8tNUtPmhDh7oB38lz4kZ7pP4y3S2FlJd8zxN2y7kL2Dp/rOw9SxtNLWNjkx9DyvILr0lbLmHPEAp5vVowCVlKuxX+wzCahkfhpyCwlQjrhNcI+rmsLQPQ909rd8ZXzx018abzYyylvTDLGNiX8hevdOfETp/qGNhp6lrJHDdrjjdLaM1lEoM1IhIGUKSigqQRMwH8kRk+QMbj1RWu1dlYrODP3DpOmm3haBt6LJXLpiohc7EeMcYC9RUaWBso0uaPuo3gpWcnjlTasDOOFUV9l8eMhjGAnnPdeyXDpymqBlpDTj0WbuPSs1PE6TLJBnhu5CRKO4fC3HR8/wDVHw5tl2je2roWtfj6g1eQ3j4f9Q9NTPns073w9485GPcL67qrZGQWvZke44Wcu3TVO+MubGD6jCyW6ONiOxpvLW0/bJ5R8i1FRRVIdS3VjbbUE7SYIaT6j0Xrnw2/tCfFz4SMjpX1h6i6e/8AkOtf4ulo/wC7fy0c7f5q16s+HFtuMbtdI0k98bryqt6Zv/SckhpJH1FGc6oJBk49iuFr/D16iOy5ZR6/xvnpUrfp5bX+v2fdHws/tMfC74n6aGnucllve3/u+uww5/wSZw8cL190rqqH5esayeMgjDxlflSH2S+ZjqIRTTjbDwvTvh9/aN+M3wkjgt1U8dXWGPZsVY4ulib/AIH/AFD9V4Dyv0lt+/St4/R9P8J9dQn/AKetjtl+/R94R2Wps8zqmw1Gljsl9JISYj7gdiptNc6avZ54/AnBw5p239l5/wDCX4/fDf4txeB05eDBcW41W6tb4dWCc8Dh/H4cr0Ost0NdGWu8ruzhsV4TVeOnGThNNNH03ReUqugp1STX9jpllhIdjIKm0dW4bt5VTG+ooA2mrsSR/SyUenoUQ/yyJYXEj2K4tmnlGbTR2K7oWxyaSG4PJAkIwphlpp2aTh2fVZaKuxgHlToKzG7DgrO4sNw9k808sDi6mkcB/S7hHirTnRMwtP7KNBWOc4B52UuV1PPFpLsn19EGWmBtwwzZA8ZHCa6NrtyAVXn5ihfqaTIz0UunrIajZpw7uCr7K24RwwztOI3DT2BT2PyNJ+v0RSQOShYGc43UBxgfv3STEkBBzhkKOXvjOQcBSCQ0ZKA9wfsdkZEv0EjqWHy53TpWsnbhwChubg5C62cjDfRMLcfYEyTUEmD5mnuppFLXw6ZGMeCOCM4TmmOdhEjQfYquqKV9N/OpS4b7gFMzjkFrPRWXC21Nkk+cpC6WInzN5wELRRXYfN0TjFPjzBpwcq5gugePDqWZB2OQq692BwjNfZZPDlG7ms7/AJLRRqJVv7RU45QnRxXKldb7lG1z9Jb5hs4L5B/tNf2TzXQ1HWfQVAPnBmSrgbxIe7x/iO+6+sKO7xVbWw1p8Grj2JO2VYyMZUR6JWhwIwQeCF6Tx/lJUSTizlazRx1Mdliyj8cI6erpi6CthdFNGSx7HDBBHqpLDjnsvtn+0n/ZWZfYqnrXouIC6DL56djdpx6+xXxQ+B8FVNQ1DXRz07tMjHjBaV9e8L5mGpgoyZ8r8z4Cenk5wXAYSluApcbwGnB5VdgtOCixPIO69UpZR4y2pwntZJd5ikSG7Bc1B4QidPJVWLKARVXOidG/xm/SfRQYstd9loZgyaMxu7qkqIDC844XMurxLKN1E0lgIxxIwURxJ4OFGa/1CK1+MjCxWLPR1aJ7uAjnHHKhyfXlTDwocn1BVELUNOOB7eF1cZ9K6tUejk4xwPSTF0cpgIc8IJc3PKL+A/ZRMnUrbwW+Q6SazhOVlDEGXsjIMvZCxsOhqSSSgZx3ZOHBTXJ7UBAEoy7CjyDdS38jKjyYzsl2BoWMkKXT7gKIOVMpxwEUSrFlEyE5UjsECLZHPAToGGxYYVnK2nQcWurccZWLj+pb34fNxK5xHIWirs5/kZbaGbOX6sA8KZ080y3MnGzQMKuk/Fv6q46VaNfikchdGJ5iz8Mmox/veO3/AKJ7fqymwb1DSuTHQx8h7LTnCMOMmQuR+a6mjj2IacrZF/huijaMN0hYe2f73f31BOQCtnKA+tpYyMhxAP6paeRlvSRfuf8A+7ACNkenjEdsc6M6Tp5UW5/yoWsaPKdgESpldDaMg7kY/ZEjDN4YrUzERm1c91MjlDA52OFEtbcWyJ3c5XKuYU9BPKew2RvlA438HlPUc/zfVOgbjUf81sbRllKNlgra83C+TTkZxK7/ADXodC0Mpw3G4S4HRs/CK/QO6ymOLWsBdZzNUn2C0t6q5nTFhfgDsFkZXOdK4k5OVV0tqyatFX801D9lrb24pQ7CbM/U5HpyxlDqO2AobWue/PqV4zzFmYtn3r6e0iqqhBekXtvYGU4AHKn0+S8HPBUaFobC0NGNlNp2gMBxuV891by2fUdJDakTYW7hTXACmee6jUzdhkeqkVIIpnLj2cs7dCK4d0526a1Ec3hKGSQJjtMoyFPaSWglV7x5gVMif5AEElkqMshB/eNTawHOcJjSPEbujV2DFkcqs4BfKIzR69+FS9VW4VtAXgbsGVoGNyBj0TKin8WJ0Z31Aha9JZtnk5XkKP5FTrPIGnSSHHjZS6eQtIxug3qhlt1e+nkGACSD6ptJIOF6eEt8cny/U1fDY4lzGdYGQigYUWJ2nGynRuHlPCIBdnXx6xghQXDwJiCzON8K0GCBso1dFqPihqW1xg2VTwW1qn1w6ickqyy2Zpje3IcMEeyzFpq9FQInHyuGFpmt0EOQJ7ZZRtX3xwz5t+IvT56f6pqaaKPTBKfFjxxg9lnMYXsvxssUssdPe4mAtj8sh9uy8bL/APCvY+N1Hy14Pn/ldP8ABe0dSSSXROWJdBwcriScngBrJPpKl7DvwrykkbPGHahlZpjsfkp9BUiOcanEBbaLecMy21Z5Reyg7YT4HEFNa5sjcjcJoznldFMzQeyeSzZINOwR2uVbFIBjKlRSDuqOrXapckxpOUfGAFHZ2Ulp2CLGeToQkEXMBIbZThyg2jhYI4RGuOMei5scDC6psYwLGcFVd86dguRFTTvFPUs3Dxtv7qzBH2To5QzIPdLlDITxKOCD051NV2+dtqvZ34jm7O9luYXsmaHxuBB7hYyut9PcYfDlGCN2uA3aVX0F3uXTFS1tU909I86c5zhBjBu0uvenjtt6PTAA0A4XfyUOguUFfStqKeUPYRnY8KWDlFnJ3q7o3QUoMIkkkoaoDl0HC4nNGSoMishE5IcJ6DCGxRzAXQ0FPSHKrahqSwIRjnCJ4WBuF1oyOUVVhkxgj6RnGEVrQBsEgw53GyM0eqFpExngFgjgH9U4t1cjKOGjHCeWt7DCm1BupS7IYt1HUbT08Lv+doQZOl7HUbOtdL/9zCsmNA20hSI4yT6KOKJHTQfaKE9EdOv+q004z3DEF/w06UkzmhAz6BaoR42witizgpfx5Gfw6v0Y3/2U9Kudq8GUZ9HIg+E/SmN4pv1WzbH7ogi2U+JEWjqXox8Xwr6TjcHeBK77uVjB8O+k4sEW1rseq0LIvNwpLWcDhWqw46WvPCKWDo7p2HHhWim29YwSraGzUEIb4NNG3Tx5dgpIYQPuiMz68I1FI1QpjBZSRyKFrNgwBSI2AfhSjZqKkBoGMdkWxIbGIItPonjIKJgeiJob6IuEPS4EwZGdOPzRAMkbpMx6J45VoOMR2BgbJ4DR2XQdgi6C7CbFplgtXsnxnPA4RRGDjI2Kf4lLEASdJ7ogxRs1HGeUUhkGDK4NB2yVAlu8YPh08TXe7lDmlqak/wA2Xyf0hWE3ktKi+U1FIYaaJtQ8ckjy/qsh1BWdS3WV0DXiOHs2PbZWzIg04I27J4afVQRbyjFxdKVDiHTRjJ7qwpuk2587QPdadjNRRC3GN8IzI4c5K6ltNLTRtaIxqHdTWMDeAn6fdPjGCMjKhW3ASFurYoj3+FyOVRXbqe22fLZpf5jfwrBXfra732oMNte5jOC5RLJctTGs3t66xoLZmHPiTD8LTwsTLXXPqGr0zkmLfy+ifaemJap0dbWPLpD9RPdbOitdJTgFkeDhFKODNbdK54fRV2fp9lNGwOaMDcD3V82lEeDyiBgbwn5GMZTYvAhwXYzSGjAQ5OydIhPIG2U0VJ4FK0nGFFlGBnlGlkDRnIxjlZa938E/J0Z1PPcFNSyZb9TGiOWHul4ZCDFF5ncbKmLJHO8aQ5Lv2T4aTh8p1PO7in1OA0AJsYnntRqZah8keQAYwhnhddyhS74T/wAEY7Hga47nBQHE4IRsbFDxnuhbyY5yyBIOcrh2RSAgEHPCYJnYl2R3nU8FRrhNFTwF5fgnjCJW1UcEeSck7ABUdVUOl+rf0UObfqItYRFlmkndqkdkdkDSPREJGUxXg5Ntg1McRg7hInIQCTnlCkZnLPAnHJTSBjK6krBcsAjyiRRaiBwuAZOFMghJHCgVcXKR2KPSNwh1lQ2njznG2ydU1EdJGXyHfsPVU7fHrZdTtwf2S5/2NOFnA6ipDVzePK3YHIHqr5gDGdtuFHgYGRhoaBhPyeA/9kDeOTVVVGPKHPnycDskSdJwEwgDuq+5XMUzCQ7B9Emcsjpz2cg7rc4oIXMc7fusbXV0tS/Jzp7BEr6ySplLnHYnhRCGu2KzTlngxXWb3kCHFxRQE0ROPZWFPROkALtsrPJZ5F7c8IixROkeABvlW0FPoIRaajZG0DSM+qmxUrtsDZEuh9NUk+QUUPA04UqOHAzjhFihA5ClxRtGNkw3RhjkixQkHccIlVURUsBkc7BA2HqotyvFLSO0MGogdlla6tqKqQuc84PbKTZZgXZOMViJKuF/qaxnhRjQB3BVXgnd3PdIHK6kuTZhm9zycwFwnK6eE3U1BJ4BGjlI8ridq9kqSyQ6kkuAazhRLJG8HCco9NSSVJwzYeqJFb5ZSC0YC0VvpW00TWNaB6+pW/TaZzeTLbft4OW+jjp4Q1jMHkk91NaAMHHCcwDGQnjhd2qmMFwjDZZk4GhEDQEgMIi0RjgUcXUkkZBJJJKADkkklCpiXRyuLo5UKH4GMphByiDhIgYyoQEkunlcUIJdwUhyieXA2UIDwVxE8qYPqUILBXEXbHCC6UAFU5JEOpIDpwDwmmcgbbFJlckElkOueL6BRDPNnAcuanepWed+SEnxfsl4o9lGyfUpZPqVmna5ExkMZjjZCMxTU1IcmWgnjOXPGPqhnhRiTnlZ5yyGopmvwfRJSn9G9YNHmqIT7BA/2Z6vgdl1MyVv3Xk15zRS/rO1Z9H+Wr/+nkYkiG0dSN5tn6FMNtvzNzaZv0TI+W0kupmZ/S/lo/8A0WcSXRR3Yf3ltmb9wmmC4Aeajk/8qP8A4lpX/WhUvp3yke6Zf9h+R6pKM9tWCNVNIPyXBLJjBjd+iavIaZ/1oD/gfkl3SyRkeqYga5M50OTxI/H92f0VfzaPUgP+Ca//APRP/sGJGEzzdkMSO/pP6Imo/wBJU/m0/sp+H1y/+k/+xzJSS3zwlj2Qy11K9hx8Hr59VsSWCkAeQD+iK1urAEbx9wh/4hT+x6+nPIP+gEuZHqpQpnu/AcH1T220uP8Acu/JDLyVMRkfpjyEv6CFkeqWR6qxbZyR/dOXf4Mf+7d+qH/ilJoj9IeQl6K3I9Usj1Csv4Mf+7d+qRsp/wC6KGXlKkH/APB2v/sVOpdyPVWX8GP/AHZS/hGnfRhCvK1ZL/8AhDWftFZhLB9Fai3AD6EvkQPw/ui/4nUT/wCEdUu2ipLXEbBcLXY4KtDShu2hcNOB+HCF+SrfRa+k9Qv6kVpa4/hK54bjsQrMQN/pC74DRwEX/EF6DX0vcu5Iq/lnnfCXyr/srMta3YtCQDTy3GUmfkMdDYfS8m/uef8ABWfJlObRkHJVoKXJBDdvujClBHAWezyE/TOnT9LLHMSsbS4G7U4QgDZqsDA1pzhcAYNsLNLWSm+Tt6bwFdUcJIheEfT910RuHZTdDf6QuFrQM6Qq/k5N8fGVx4ZGEO2+y54AIUgkjsmudjfGUSub6Kl46leiKYG7lAcwbjCkySE5wFAd8ySfPt6LZXZwc6/SKLxFDXMbnlMwBy5d8KoO/hnCYYnn/wCamb0c90T9I46WEA+fdBdIDnCeafJzgLgj0nKiswxL0k2CAO+AcLjY35zhSHPY0ABqA+oP4dinb8hR0mOx2ggcFDdgZQ3TzE/Vsh5PcoXINaSD7Oue0HzOQ3mb/hnCdsU/AG+ErfgctJH0Ria47Y2K4YJSPNJueVK19g1MJ9kMpZGR0kV2RzATuSmFjWjLWbopeMrjtOCoDKuMOgBf2DUImV/94AB2T3OOeEFzZZT5RgBMJlQHOw33Qsl24RfAcU8Q6PwlKcchbsgDG45A5KZHRvJ822VJL3R8HA7oQqYt8uOVNhauUex4pwzBJBSbGBwMlMM+sgAJeK7HlG6tRwNWogEPiDGsYH3XHOpnDExQS2qeQCNvunmjYcGT/NA0OhbnoY/5M58JpcfRBLZJCAGEBWMMDGNwGZARywHhoCVt54GxZUtpZM+ZqlMpwAPKApeiMDL5Y9u2Ux9RFjDWud9kMq0zXGxLsYIWY+kJeHTDmEJhc92S0H80wNnccSgYWdxC+eL6CaaIfUwD9EMspu0QXDTF25z+qd8t7qtoat/QMsgG4j3QSDnZTfCPcruhg3wq+JsJWEYl/okDIOCpGG8YXdLfRV8ZbtkumA8ao/qyneM4cjKd5RyuZb6qfC2VHVTXGR3iu7hOEvsuBrU3wyh+FD46lvsK2oI7YTjV7cIIZkpxhJGEMqMhvUy9D21pCM24RAZAJPoojYNDtxypTaaHGTHlK+IZHUWP2EbXNIwGpwqdWwCGabvGxNwBsR+6r4sjY3SfbD688clM8GpJz29iuNAHHb3TjUN04ZklV8Y53J+znh4+p7ifQlPjfEzGpwUSWSU8NygmKrfxER7q9hP5D/RbCSDGxyuCeIHLXYKrG0tce+EYWyscN35B9lXxk/kMmCvAGkSjH2SNZFjOoKM20T53IypMdjmOMSx/qqlHA2Nk5dIZ863OAUZlTIBgHZTKXp6Z2HHSQrSnsLCQHRjKDo0RhY+0ULZJXOGHH9VMDagtB8POfdXwsdMzGpu6kxUNHGAHnCCXY9Vv2ZrwKhx+jCPDRVMgxp3WlEVvZvqBx7JzK+3wDB04VPLQ2CivyZQMs9e/8OAe6lR9MVUgBe6Q/ZytZL9RNP8ALjaUJ/VIaMNjAQbW+kPTpQyHotrgHSSuJ9CVYUvStNDjWAfyVXJ1TUcs5+yC/qW5yDeQYVOub9BO6qPRraay2+Jv91H+gUqKKghADnQMxwHYXn0l+uDz/fkKHJWzzOLpJXk/dXGiUgHrIx6R6dJX22EeeohA9lFl6htUQz8xGfzXmslS/GCXH7lQJ6ncZwPzTFpWLn5WUeEemT9bW+I4AzjuCq+q+IUQwIwT7bLzqaugjbmSUN/NV0t6tsRzJUBMjpof1IyWeanH3g9Fn6/qDtHG72OVXVPWl5l+mTAWCqerqCGP+VmR3sq6brOVw/ksOfTZNWnjHpGK7zMn3I38vUN5mcHGqx+Sg1FbNM7VVVbt+TlefT9S3yoOISAD7KNNPe6kZml57I41JdGG3y07PxZvp7paoRqkrQ53od1Xz9aW2nb/ACY/GcOBhZBtvmkIdJIM91IZbTjAw4+wTI1tsyy11suy6l6+uWwo6WGPHGWqpqL71HXyudPWPaHdgcBFgstXI4BsR342VpF0tcnAOLQEx1NiJ32T9melhmlJM0peTuSSuRxebC2dL0m3SDVyD7BWEdjtVPgthy4d8q/iZllCUnlmIitk0wzFEd/ZT4Omri7BLAB7rXsihi2jaAPsn+N4atVlxjgz8fSzg1rqmYD2CmU1joYSC461OkqSSVFkmdnZqP48DUsEltLRMGGxDZODw36cDHCi+Ie4/ddwTvlRJoNdksTvP1HP2ThUEdlD1gEZKK1wGExRQ+OCSKp52IGFwP7lu6EHhd8fI0gBF/gbGW0PqbndLxQBsELS4/mjNiGxKYlknyHRNJ+LBTiyZ+NOAF0BrV3UPXCNRBnNJDmsJ2cQitgpsZ0gO9VFMuFzxTlaIxyZJWJEsNY09sLrZ6ZvO5HoopLjtkpuW5x3T0sGO6zJLdWlrh4eyb475N3FRyQDgpzZGdytEOjPL+4Vzi7lMLc9lwysHJQjWwDPm4TehM4ph9KQLhuQojq8FuY91HNVVzHSzYDuq3iZYRbmVjfqICRrKdo+sKrEVQd5H5z2R2UUAw7Jyr+UVKK7RMNzDtom59Ew1ldjAcGAoQaxuAAnqlMoQlqST4kmrKWk90gfZPzkcKNhYRzS30CQa0HICRaCeF1rADnCW5BqKHYG2yc0rvbcYwhvqIgMZ39ELlgtRJMfdOJwMqvNW4EhjsIbnTuJzKluWAtpZGpYO6C6uiGd91DEcrju790dlOeDhUrBsY57HOrXk+U4C42R8m2UZtKzYvGfsn6ImAaGpgzYDEZfgu3UhlNFEMhv54XGg4OEMySk7v2ChIpD9bI9mdk/5vbGChO0ganEbIZrKWHzPk++6gLnCHbDvkd3zv7puXHyl2yhT323MIHijZRKjqa3NAGtQCWqqj2y5w0YJIKfluQAQsyeqqFh5J/NCf1bCDhkDsdjlFhiX5ChezXgtHYLur2WJPVrs7Mfhc/2sl/A1+Vai2Jl5WiPs2+v/AUzxHf0n9Fix1TcyfK12EVvU929HD8kSWBb8tS+EbIF59U4PkA7rKR9RXQDJcBnspI6mrMDU0FC1yGvIVyNGJJD3TwXtw5ZYdUT/wDdp46nd3aUTjgF+Rr/AGav5hwAyE4VLXbE4WUHUwOzgUeO+QH1/MocFLyNf7NOJ4SD5/2TRPCD9Q/RULLzT908Xen7DlTDGfza/wBl740PqP0T/Gh/qVELtAd8IrbvT53KmCnrYemXIkiJxn9kUeHjYhVDbxQY3eMorLpRu4kQuGS1rIfss8s/r/ZdDmd3KE2WB4DmyNIPunCSPs8fqiURqvTJQ8Mn6gfyUgFuBpxlQ45W54yixuJOxVqAUpqSJokwNinZJ21KKN+Cutc5pzgqpwLjPLJjWPduCisZUYw2ZQ46jGxCPHUNIBwr2j/kwH8G4HdmHD7rrW1o+qlefyXGTEEEPP6qZHWO2ySVWGT5ckYVAGz2ua4cghdbOSdpvyU8VUJ/vo2k+uEj8jUDQ5jRnjZU3gbG3BEFQSADIEdkmQn/AMIt0mNyPzTTZqhn/ZKokdg7sr3tDvkz6FueQf0XMAfhH6IRob7CcZa4eyEKuthfiogdt7IlNsFqE/yRJMLHfVEHD7IM9HbW4MtO1h9cIsd4oWt/nZaR2UltVbKlmsuaR7HdX8so9EWjomuytZQ2158j8JsvT1PUDLZng9sFXTrZSSeZgA9EKa2VjW6qWQZHY9wrWrnHtme7w9dya2Jmfm6Wq42l8RDscA8qNHP1DanZijmY1p5adlfP/jEQ3wfsmRX0Qu8Kvp3ffC1VeQl/k4Gt+k9PbHao4LKzfGfqe1uaZpzM1owWSc/qvRrB8d7Tc2NFzi0ScHHIXlrH9NXCf/eKYAnvwgVfRFBUyeNRV7Y2Hsd8LXXq4z4lweQ8h9E/FHdVLJ9JW/q2zXbDaSsYSRxq3Vpq1b/uvkd9v6s6cqfmbdJI9rfxMceForH8ZeprY4NuIfPp2cx+y1KdfaZ5HU+E1Gnlho+k5Y2EZUZ8MpP8tgP5rzvp/wCM1gurY45nGGZ31Nc7hbqivlDWMbJTTtdqGcZTTlTpnW8SQR8L8fzYG/mMqlrbDSzvMkYMEh3y1aU1DHN4z90MwNmGnGM7qC+jHmG92/OHCaJv5lPgvETz4dVEYzxkjYrSTUdUzPhR62+yrp4KaoaYammHvluFCEKWmiqQH072k+mVBlpaiHeeAhvqN0WSzvpn+Jbp3N9i5HZcamnxFWwl47+hUCU2jNXDpOx3hpMjf5h9eFkq/o69dPzGqtE7ywHIAPC9X+QtFwZqpXmmm552JVZVfO246aiDxI/6huEA6Fm78jOdMfF+92WRtJdw97G7efdew9M/ECy9QRtDJ2skP4SV5ZXWWzXpu7GskPss9V9I3myP+atdQ/A3GCVCWQjP8UfTzZRgHseCn51YXz1098Xb9YZWU3UED6iEHGSNwvYem+tLD1JCHUNX58ZMZO4QyWTNKiUDR6ARlAdE1wwWjCeH6hkcFd1D0SW2gSrrrHS1IJa0NP2Wbr+lpoo3PAa9voRhbknKZI0PGDwpkvdg8juHTkUzThmHehCxt96N8Vrg2Fm/q3lfQNZaqOdml0Yz64WWuXTNTES9gErD6cqSiprDHQvlDo+UerPhZT1Wt7IPAmGcPYMLCH/aTpfNJXU5q6RpwDjJAX2Jcumo52kSQgH0IWGv/QMFQ1wMAOR6LFdpYtZijt6bzE4xULFlHzwem6C9sjutmrXUdfGdTSwmN7T7OC9n+Gf9rjr3oCWl6f8Ai1RO6htDDpbcWj/eom+/eT1/r/VYm/fDKqt8zqq2l0Twc+VVfzMUjPkLzBl4GkvLMtd9wV57yHiIauO26PP7PWeK+oL/ABtnyaeeY/o/QvpXrfpPr60svPSl3pbpQSY/mROzgnsR2KsJaYRZfBnH4m/9F+cVqs/WHw8vn+13wuv09LWHeWKLJEre7X76Xj9wvpf4P/2w+mOsZqfp34jiPpnqKQCIF21LUv8AZxx4Rz2d6r5v5b6Wu0+XXzH9n2LwP1ppdW8WvEv0e+ecHOBt2RoKzThsm3ou+GDuW7+yBURtxsF4K/SSpk1JH0vSauOohuiWkNXqAweVOhqM4OOVmGTywnAOQptPcm7anYWKyr2bOJGkD9Q3KHJGw+YbO9QVCgrQ4Y1co0c24O5SsMrBLjqnuaGv5G2UdkgP5qBrB4GMIrZtGAd0OBbiTkkFkwITzKFQs7URuljLGnBIxlUhq623ymK4QuLB9L2jIIV+053XZYY52lkrA9voVC08FbDUxVDNcTg4JyBU2iSheZ7dgs7w53P2QYK5k7vDLXRvHLXbFGw8omiYxnHqjNmD8ZwobXatvROaC3f/AFTM4IlkVTRZd4kLeeQhR1L4HaXBzCNvupjJ2sA1khKWKGqbwD7qwWkVF3t1NdIdUTGR1Dd2vaMZ+6g0lbLG5tJWxmORowHdnK4lpX0/mGS3/JQ7hRMr4P8AGOD3TqrnBi5Vpj3lkjSx+CCMbr5f/tK/2YqPqyml6r6RpfAu8IMlRGwYFSB6e/K+gaavmgl+TrCWuafK891fRPhrofAm05xgEr0PjvJy08lJM52s0MLo7Jrg/IiqttZb6qa3XKF0U0Di0hwwQR2UZ4cw7Bfdn9pD+zQOqoZuo+laIC9sBe9jRhtQP+q+Ia+hkoKua31cb46incWSMe3BafsvrvhvPQ1MVGbPl/mfp/ZJ2RX+CGyXffsnvw9oKBIws3AOESOTg9gvXqyElwzwltEqZOM1yDyWu0koNVAJG5CNVRZzIOyFDORsQkWQUga3hlXIwxv0kYRWtB7o1ZCXkytH5KI3bk8Lm2R2ywdKi3aySWDB8yjTAAjdG1chRpSdQOUl/wBx9s90cBWdt0QclCjOMIgcO5T4vhIxnE5qakmoUx+47IA+pHJOEAfUrbyXkMz6QuprCMAd05EUzo4KjVHIUjIwVHqOQgkNBDlEHCGOUQcKIMTl0EYKa/hMaTnlAQbOcOBCjuOSjzAkjCAeUuYaCD6gpUHZQxyFIp+ArSyVPosGcKS5RmcKS5aK/Zju9D2r0noFgbb5H6fN6rzZnK9N6IAFBstNEcs5fkuasF9KdnE+hV90zH/uQeBv6qgqB5SM9lpunY9FrYPddCKyeYve2GC6p36TnGUK9zNhtVQ/G+k4/RKnOg5zlVXWNZ8tbCzONeQnSWI5McPzSKPpTVJJ47hu4rbN3r6X2I/zWT6WYBFFtjbK1lKNdfBjfBH+aXD9jbe8l5cf5mlgHfKJdgGWtoO2RhAmcXV7QTsDwn3+VwhgiYcF0gH5JyjkxtZJVDHotsTc7jdVHVVR8pZJ5M8jCuWNEULGjjCxPxLuYis8kA5KnXZdEN9iSMb0e0PndMRkvlcf3XoDHhrcdsLHdFQxCmEhZg4WmqJmsHKE6Fsf9TBm71Un5hwGO6qIGeJUtOdi4ZR7lKXVL/dNtkf80OKzaqe2pnc8Bpfm1UUvRZVYApy1vY7LlDGMgkJVG+B2Kl0TAADheB8rfmDP0D4fS4wybEMABWMGwaoDBwrGAEaTheE1NvJ77Tw4ROgA8uykVoApjhCgBwE+tGKYrmTluZ0oLCKyHkI7xtlAh5CM8gN3UfYcuiNL9QRYiNt0GfchKM4Csz7sMkawx4JKPKS4NPYqnrZjG4bq3gkD6ZhICCcfZHJMLG3AARMN7BMj4CJgqVtoXJJvkwnxEtRdEyviZ5m8/ZYallcJG6XckBez3eiZX0MsD25y04XidVC+33KWlkGMOOP1XpNBfvjtZ4Lz2hVd3yQ9mnYA4AjB+ykRHcKDbXh0O5yVLZyukefJrNsb5XZWeKzSDhMjIc3Hoix4HKAbB4KaV5pp9hgtK2FpqxVUzH53AwVm7rTAjxGhSOmaktlMD3bHhKlHJsrkW3VNojvtgqreWguew6c+q+W6qH5WpfABnQcZX1tkZAzyvnv4r2KOzdSySQxBkNUPEbjjPcLseIucLNrOB57Sbo/MjEpJJL1p40SSSShB6c0nVympDZEnhlMvrdXNdiKU4J4KtSzAzhZJspbgK8t9cXMa2R2cLo0X5xFnOug1LJPGoI8LsOG6aMFpIQozpcM8LcXTfteGW0btlIjfg8KDBINOFLjOTwodeqwmDcJx3QmPBG/KLnKiNsJnGozGh3dDxnZIAt/NGksDAr2kIUpLSO4RckjJCa9mpA0MOxvdgZTKiniqojDMwOafVIDC6H57IJQUi010yngfcem6sT0JdJCfqicdiFs7B1VQ3n+RkxTtG7H7foqVwa4YOD+Soq6zVMNSK+2TaJGnVgd0pwcWaNLqZaeeU+D1dp9k9YPp3rtzv91uoIcw6T6hbSkr6SuZrppmvHcZ3Cp8HoaddXb/AGJjkmHBSykACRhQ3wmu0FbwnDlMacNCeOVDRGSYccJLgIwuqDFIenpiepgIIGgHICI3lMTxylBhBwiIY4RhwjDQmtAOwR2jAQQDnhGGwQt4HxSQREag6j6IrHb8K8hhYs5GUVNYAG7IreyhY9n2RwMITBnKMrHxjwOT0xEbsVAwjHFu6MH57IbTkcIkYyVQ2MQjPqCMOEyMbBEDgNlYZ1qK1pJwh62N3c7Caato4PChCdHGGjU4gJ76qnYzY5KrnTvfyU1vOcogm8kiSuc7Zgwgkvl3cU3T7pZ0oyxaGjsERMByMp6MrIkklwkDlQW2h7SnEge5QXyCNpJxsFkeoevqG1+SB/iTb407hGzNddCmLkzUXC70dthMlVJo9F55fPibJLJJSWppdjbxPT7BZCvut76lqnNdO7S48DgBajpro5sTGTSxg+ue6hyZauVv4lfQWytvUnjV0j5JHb774C29j6chgYxxiGkck91a260R07A8sDQeAArCOEjYDACgUE5PLGx08cbQ1jQAPREAwnBq7p90eGx/R1MLuxISPCC5xydym7MirGEkfoHHKg1MoZzwu1VfHDGXO7fusnX3ea4SeBSahknUfRMjE5uo1EYrA663507zb6HIyf27qPR0kdO7xNGXkbk7p0FEynGs+aQ8uRHS42DeFqhwcPU3Ox8sdLsNlEkJKOTq3Qnt2KZ2ZG8EY90Fx8yO4jJQDvqRPkz2TGEY7ph5XSMoSJxwYbJcBdgqy413y/8AKYdzuUq25MblsZ82OVRSuklcXPOSe+VZzNRqV0jlXKZXayfZRXkYT3k53KjzHjdTJyrJ5Yxx32KYeUgSe6W2FcpGSdhw8IR5KaSc8pyoS7MCTDunaguNGogb7+ihFPe8D6WEyE7ZU7DYIXvOPL7qTT0opoxqDeMrM3y4umqHU0MmnPKj4NUXtRGqJ5KucuccjOGhW1BT+FEBjzHclQKCic1/iP7DhXEQAbgBKbS7NlUG3lhOBjKAS4d05zvdAkcMEBInLJr6RyaqEY5AwshdrgKuc6Bs3IU69XOIsMDDk+yz7SSSDuUmTwZLrecDX+fhKGFznAFGbG5xAAVhS0ZwHEAIBEIStlhAYKPIBIVnBTAAZHZOjgxgYCmxw4AOEs6dVCQOKnA7KXHGGjGOF2OMjAAUgmKFgMp07ZKhrjWl2A2bzsqi5dQRwh0EO7uMqHeeoRM59NRDyN2LwefZUxOdzylOfow6jU4zXAUkj5ZNb3EkpicfX0XCM90maMWc9nFzU31XHkAboJ3yMoG8F4yOyPVNyU0QOc4HB/VSRTuDc4VdhqH7BLo5Swd9uE4Mcr2uXRHJRE0ZJwp1FRlxDiMJ9Jbnuw5wH6q3hpvDABC3aXRyxukYr7vRykgDGjAwprWkEJU8J22UoMAAC69dGxHPnPPLGDcDdEckdkRa4RESeRJJJIiCSSSUIJJJJQg5dwUhyi5YQMjCgmcsgsFIcp/lTDyoTOQgIwkSMIeSlk+qgwR5XEklCCXXZ9VzO2UKSqa3bGVTe3siWQ3HKaZGt7qK+oL+FHdI5/dJnckM2EyWr7NUaSY4+6Fv3OU4/dZp3NlqODoeeV0ZPdNAwmSTti5Kzzs9sKMXJ4QZI7DKrai8U0Y+rce6rZepBgtbIs1morXsfHTTn0jQmXHZc8YeyyEl+nJJa5RTfKsk7/usk9dXH2N/gWG18cdh+6b447gLE/xyr/qP6povtWDnP7pD19TL/gWG48fbcJjXtOcFZFt/qdg4bfdS4r/AB5iSe+6X/MqfstaGxH10IWt4ITjDrCzLutK0H+dY5v8AwNRI+tWDHi2upZ+S+HbD9Ou6L7L0wDONIXH07MfSFUDra2HZ8M7D7tRmdW2mQYMuMq1uh0RTiyU6la4/3YTDQRHmBv6ITeorOTkVIGUcXy0PAxXwj80XySL+1gnWumPNMz9AmOtFFj/ssf8A5Qj/AMXtTiMVsZ+xRRX23Yiraq+aa6ZW2HtFY6zUedqOP/yhDNlpf/kSMf8AhCuRW23j5lqeKql0+WSP/wAyOOotj7BdNMv6SgNipP8A5Ej/AECX8BpP/kWMfkFdmSnJz4jP1XPEp/8AvWfqmLV2/sn8Sh+ijPT1KeIox+SaenqYcsZ+i0GqAjZ7UFxZnZwTlq7P2B/Bp/RSix0gOfCZ+iJ/CqUbCJmfsrUtYRjKE6AY2er/AJdntlPRVLpFabZDyI4xj2QjTQxbtjaPsp5gc7OCf1Qfk3ceZNjqUvykKloZS/FEB5aBgMChujJOQFcut7n8ZCDJangbOBT4aqP7Mk/H2x9FVpHqloKly0NTHwwFAMVZ/wDI4/VOV6fUjLPSWR7iwBb7oboiDnKlilrD/wDDnCKLfUuAywhF8v8AzSQj+HbY+IFeYgUIw7q3FrqDvhFZa3DaRuPdX/JhAavFWz7RQmEDkIfypcdsBaVtFRMz4zmj2KFKbTCfM8ZPoFP5if4or/g+OZvBRi2vcM+IP0SFtkP4wrV9zawmOCj1N7OKivNyqeI2Rj2CZHUzlxkU9DTX/S5EcUMUWPGIK5K+gibtglONqrHOzJITnlcFjYDmTKNWtPmWSfA//pwwQZaynDsMBQ31ErhiMYVwy10wH0hFZRQDhgR/K2GtJdLtlC1la47tyEVtNP8AjBH5K8MTWjYDCGXMzu1ArcEWkjH8isFG4jdL5Q+qsC9gH0hR5H7YwijPc8k+Kqv0RTB64z90J0HKOXEnZDOT2T08CbFB9IiugHohGJrclSSzclDMOc+6aptcHOthl/aiMXY7IRA/pUo05O4XflvyWmLcjNKuT7WCukZtxhQ5Gv3VyYW75IA+6jvNE0AukGE6M3+jPKqM+3gqfNuCf2QjE/nScK0fV2iMHLwSoct1oACY8uI7BMzN+jPJaer8pEYxP4xuueBUHiNPdXiX+7jx3CGKyvk2bDhWnL2hTuoX4nXUr2AFxG/b0TSY2Dzu0pj4K+c5LtKEKKQPxUzAgIoxyKlqVHoc6sgacB2ShOqNYIDVIENAwbnJQ3Ppnf3LRsi+Mxz1zbI5bLIfKE7BGMomoD2Q3SsHDtSm1i5aqL/JjNOey62ObtHsmmfHCa6qlxgv2R7Mi/5UAuwGXEApjqjy6fF/LCA5+eSd0wMDvwq/jBlrPUBzpA4kdkER5yiAb4yithc7Aa3lVLEQ4SstxwAjgcSPRSm02wOMJ0VJVjBaMAqR4bgP5rw5KnPCN9NOOZIBgNxuiZhaM6S8ohjgHLTlP8oGzQlp5NcFhEUyyAkMAamkTu5kGD7I2QTkNXHH/ChCTeSMYcnLgCiNaG8bLjpWN52Q3VcAH1qPkPfH+pkloZyTuFxzwdy3hV0txiH0u/dRJK+oecN2CH40D80Y9F0ahrBwMBCNxgyQSf1VH4lS/d0icwY55VqGBT1Ul0WclyjJ2YcBCNwDsYYVFDSUQRYxkYRbEXHUzZIFSXcBc8SfGdeyUUfAxypUNFISC1p9UPxoZ803wyM6R+cOG6aA8nDdyrWKii28UBFDKVn92wEq3BIJTbK6GGpI+jKmR0xaMyY+wRwSDsOU4OzzshdaNELGB8Nh8rWYITxHKMeQY+6JriafMNz6JjnvlGKamlz6oHWjRGTY9sMenLwNu5QHSQAnE8X2y9JtDcZ34k/ls91Jp7fRM/7TNGMEg6nLPOG0dCTXZCfLO4hsAyONk9lDVSYJad1YTVltpWhkOmUjYBoQRWV020FJI3PfCW0jTDYxgo5ogDICQuOdBFgyPDVJZRXSq8k8pYw8hSo+nbft4zpJPXUUpo0RjKX4op/nKUkCLzO7YUmNl3mP8mLLVf09Db6NoEVMzb2CO6tawYaz9AqNUKbH+RT0VouVQ7+eGxgd1ZMsMY/7RUEAf0lI10rj/KjcShmS4O/A4Dspg0RhGJNENBGNBi1Ad/VIS26mOrw8FV5iqJB/NeQmfK052nqNggaL+Tb+JZuvlNGfJgbIDuo8eWPZQ9Nni/42o/dBludsiGGBhwgcclrUP2ycbrVyfQeUIy3J5yXbFQP41SH6GZ+yC+8uAJa38iqUcFPUx9ssnSVR3dP9wuHLhuVRT9UGHaURAKtquuIIWnw3anegCJxQiesqjy2bJo32SfpBy84Xm1T1zdJsiHDAq6S/3qoyTVyn2BUjAzWeRq6ienT3Kip86pm5HuoM/VNqYD/N/cLzIfP1Dy6RzsHuXFE+UdnBKbsMU/JS9G1rOtrfCcMOT23VVU9bvLcxNPtus98sDy0FP+X1EADCYq2ZLNZbPpk5/V91k+gkBQ6i8XOrbpfM4A+iLFQgjBYpbLTKXDRHnKJQyZ3bZLuRTuZVSj+ZK8j/AJimijLuXH891p6ex1DsDwxhToen4wcyMwijU2R5fZk4aEDGRsp1PbogcsiyfccrVx2elZjyhTIaSmi3bGAfsnqlPkrJloLNVSH+XCApsHTs5I8Zq0rWgcDA9gieLABvJ+yNUx9k49FRT9OU+AXEfoplPaaGneHMiaXeqM6ugZkasqI64NyfDOSjcFEZlMtNLGNzpaPyUc1WCQCq99xkIOs7KM6sjcSRJlL4AlPHRbuqyeMKNNVkbEKrkrXcROJQGySvOHvQ7sgxlksjWOPol8xIfqcCoTSSMkpweTwrUcDcol+ISckhd8RuON1FBz3RRETur6GpZCmYdgl4hx9KTIs4PAR2xwAD+ZuoFsIp1k5R42Pdsdgi6oY9iQufMj/gu/ZRBpqK5DMhORr2Rw2nhGrSMqEalzvqOcJjp9XO6ZGGSvlRPMzTw1I1DSMYVcat7Nm8LniF+5JCfCGRUr1EsDUZPITBMeM8qEMu75wiAnPKeq32Z7NRkk6spaiOEwNJC450LP712AmKLM0r/wBj/mZeNYwkZiMDYqLPW25jcszI/wBAgCSpq3iOKmAbjOfZOSM8r03wT31DQOQhiriO2vdDbaKjU100waFKip7dBjWQ5wRrgBzbGAyS7t4SbQ1BIOkY91J+Zp2/3QTTVSSfUNlTlkvs7HQ+Hgyub+RR/wDcYwAD5lEPiSEBgyiMpQcF4VlbAjnMP0DZcDnbroDWNIJ2CE6qgZnLsKsgySR0k6gcqQx+W8KumuUMZw3cqMbpM87EAIN4pMuyWN3cQEx1TTsH1qpbJNLjU4lFbCXEZVfJ6GRhuJjqxpP8s5XPHncfqOPblDZCeQ1SGxbcKZbG/GNBB3JqM/snluoDAz90VkRwN/3T2+Gz63YQOQagRhSTPIw3AClR0xIwdl19fTQj6+PdQ5r/AE8Yy0b/AHU49hNwj2WLKcMweU4s91lazqt7XaY9ttlWydTXN5JEmAqMtuqhV1ybmaojhGp7gB91BqOoLfTf3kn6FYoVlVUvL5JnE/dL5R8w3J+6ZgyWeQl1E0lZ1hSxsJpsuJ7BVU3VFTJ9DXAlQo7aQc6QpMNGG/hAwrUcmGzU2z9gZrhdq0aRK/HscIBgr34a+R5HuVatp8AYAH5LpiJGMpijgzyU5ctsq22+pdjJz+aO22POHSR5UsxO1ZBwfunhtQRp8f8ALCLAtpkX+H0u2pob+aK2C3sH1DZddTOOT4m6CaN2frCYsCtk/wBBtVvG2kJa6D+kIPybv6wl8m7+sK+AJKUfQf5qji3awH8kQ3SADIjBKiCEM5wVwaT+BqDbkW7Jx6WAjrizO0eR+iabg07eGU3LP6R+iWWf0hX8bB+aeMCM5O4bhL5iQ/UE/wAp7LmG+ymAMtjfHJ/Cn6n90gGg8J2R2KrAMpuJwSyAcbpCepB2clgeqWB6qYA+RjxWStH8yTCE6reX/wB45J4B5P7IJa3Gx/NTCDjNskCYkZMp/VF8dwG0zv1UAsTizIxlTAz5J/smNr5hs2dw/wDEuC6V43bVOH5qCYi05/1XA1wV4LVtn7LSO/XZh2q3I0fVF3af+0k/dUzh7ro2yoEtRYvZoo+tbqwjWWkD2U2L4gyHDZN/XhY/UfRBdGe2yFvAxau5dM9Ch63hcN24ypcPVkL8aTufdeZtJ9E5r3twWkg/dVvY+Ottf5M9dpL+Zdy0Y9cqfH1DAwYLCvGYbjWwnyzuA+6lx9RXKMYMuVFLPYyOvnE9hj6gpJeWkKdBXUbw3+aBleOQ9W1DAAYhnufVWdP1nA1rfHBb7hH9r6NEfJtdnrTZYCMsnByjQTOafJIT+a8ypes7e8aG1b2n0VxRdSxOcNNVsf8AEqcUbavKx/Z6AyqlwMud+qKytbn+aM49VkYbwHYAqSpzK2R4BbKT91WxGyGu39M0Xg2+ofqfQwuJ5y1R5el7Y+TxYC6LPIDsBVkNXUcBS21dSCCckIZVzXTNtWopf5CHTd0i8tLd2ObnLQ924TW1PVlA4xVNB48Q/wCJHvsp8NeBjV/kp8d2g06NZ+2Utwl7NsLa5fi8FGzqJse1dSSx/llSo6q0XCPTHJFLq/CdiFPfHSVhxLEHA+yjz9M22ZmadphfzqYqSwaY2TXeJIjSWShnZiNmgjfLVFltL6cHRNIce5CdJYrrRDxbZcnF/dsh2IQW3DqSiOauiFS09mt4TM/sXdGqz8oY/wABY57zEzQwlzG8ZKRr6KY5rrWA8bOdp5Sp+pbfM4R1BdTP7teCMKxZBRXJv8iojeR7pldzr6OZqPGae7pFHLZ+mauQvpKh1HMdxnhAbF1DZqj5my3Fz3D8TX7EfZXVR06Mgt0jKD/DPkm5H+a3U6yWfuPIeQ+lFOW6uJZdOfGS+W2ZtNf4C8A4LgCvTLJ8U7Fc5Gxue6Fx4LtgvF56aGoOJm891F/hRbk0FeS/+l52/JdKFsbOGzxGv+n5VywkfUVFeaeqAdFM1zTwWnKmgU0/mdGwk98L5Wt/V/UfTMozJIWD3yF6B098Z4naG3ORoz6DBWjZlZR5zUaC2l9Hrs1ngc8uYQ0HtlVtVapnOwwBwHqh2frG2XRjXw1DXB3o7dXbHslGtjw4HulSyjE049mRq6Z0L8+G6N3qOE6Gulx4c7RI333WqligmaWysa8H1CqamxQyEmF+n2KEkZFTVWOkrm+LRS+FJzjhVkk96tZMdXH48A9s4CtJqe5W9+p8Lizs5u6LS3inkHhVUYc3g5UGRbRQP/gt6iMTo4ZAeRjcKiqelK22S/OWKqkjIOQ3VjC2dZ0faLgDUWmU0tQd8tOM/cKiqaTq+wv/AJ9MK2Bv4mDfCgzvsndN/Fu6WGQUXUlLJNF9PiA4Lff3Xq9g6qs3UkIfa6tsrsZc3PH/AFXiYuVlvIMFZAIpeC14wQVDdYa60zCv6frXROB1AMdgKmkwJ1xa4Po/B7jC4dwvI+nfi/cbaWUfVlI7QPKJQ3lenW2+2m9U7am2VbJmuGcA7hKlHPRllFolnlBRtQ790wnUMKkTDINXQ09QCHMAJ7hUdf09kExgOHotI5qY5vurIpNHmt06ZikBDosfkvPupvhzDVscYoWNce+lfQNVb4aoYeMH1VJX9PvbktaHtPCTZVvNNeqnD8T5YfZ770vN4RY58JOWhR7709031rShlZRNpK1oOmUtGsH3X0bdemaG4RGCsgIA9AvPOofhtXUbzV2ZgqW8mM/3n5LJPTJLB1qfI4+6Lal+zCdCfGb4rf2fZjZ7o6TqnpQjBbJJiWnHbwn48nfMf08L66+G/wAWOh/izaP4p0hd2zyRtDqijlGipp88eIzsfzK+YIZYntdBURbk6XxyDfPoQVmbj8O622XOPqb4f3Z1musBLw+IYDj2+3f9V4rzP0nVqYOVXDPpP07/AOId2iaq1PMT7ufHq7ZKjyxHnGF80/Df+17NaK2Lpv422o2yr2Yy7U8epjuxMjRjJzjzNGP0X0xQ11uvNLHX22sjqqeVgc2WM5a7O+x7r5T5Pwd+iliaPvPhvqPSeTgpUvsJBVSR4a7f3VpTVrSBuqp8eDwhEvaMNJH5rgzocXg9LGe40jZi4jZEDs43VFS3UMaI5gSeMhWLJxsRv9ikbA2i1im043R45NTvqCqhIXBFZIWndLwDsyXEUgCkMeCB/wBVVRVAOATv91JjlBQYYp1snuAJBHIVbX2amrH+NkxyH8TVNjftgomQFXAvDXBnJoK23uAkPiR9nDsnw1bXcEFX0jQ4YIBVVVWoOzPSgMeNy0cORjVLAgGy4wAnOa5g1MCiRTlh8OdvhvHYqXHKDsdwryiwkUwf5ZP3CBVUfhkzQnLeSEZzGkZGyGJHcHhEQraq2U1xZolY0O7HG6oSZ7RUfK1eS0nEci1zo2HcDSfZRa2hhuEBp6gZ/pdjcFOrucWBOG9YB0NbDVRtp6oNd2a4r51/tL/2YaXrCGbqvpCNzLxG3U6LtUD/AEP+a9nLanp6pENTl8RPleOy0tFcYKqFviaXNI55Xd8d5GenmpROZqtJGyOyS4PyIrKOttldNbbnSvhlhcWSxvGCCFBfE6El+MsO4Pb7L78/tRf2YW9bwzdbdFUbTfGtL5YY9jUgegHJ5Xwk+Kpoaqa23KkfE+J5ZLC8Yc1w2X1jwnmo6iOZM+Z+d8NGMnhcMgOcHtAyMKJOPDYXAcKXWUctDLpIOg7tJ9ELU1wwRlevqthdHMWeDt00tNLZIitm1AA/iUWpj8N+BwpFTF4btTAdPOEMPZUxlgwHcbpNsMsODwCY/PJBXHt3QtD43aSDsnF+OyySi+jRnIslPBOUPITwRlHWCFHCSQ4STQBJh3T01QgmZ9dgiHhNBzuE48IyAgTkoNT2RhyUKfkIGQaiNQ0RqFSyGdPCGPqRDwhj6lRR1wBAJUSTlS3fSozxkpcwk8jHKTTfUEBSKcgOCuMsFvosY1K/A1RYjlSvwtT4Mx2jsZI+69N6PGKAfmvOImjIzuvS+lABQDC2aY5XkX9haVZIGAtdZsNtLDjcFZCq3e1vqtdQgtomDgLpVnl7nxgtIRln3WT6/qSWx0w7lbGjA0ZxwsB1dVw1l8ipmbhmzvurnLEGhVEN08lz0/H4dPB7tWmtI1VrXO/CqC2saxrGtGAAAAr+04FST6KRXHBVqwWbpAa4Ab7p11/mVlNB6OBQqJoNe8uGccJ9a7VeYHJpjfZZYwcEryv4n1rmzspQNiefzXp1VUBgLsYxleKdXVb7hfxHIctB4/NKsZt0Ec2Nv0jRdOgQ29paiXOpOghNoyyCkjawYGlQbjUZGEI98zcisqX6psnlTrewAAgKre7VKCFdULcNBIXP8nZsrwe5+kNL8l28c8ky+bsrKmboaCoMbfEqRkbBWkYweML5n5TUPLR968VRiKDxDONlZ0zODhQoGbcKypwA0LyV8t0uD11EeES4gNkrgAKbb3ToxxhcuP8A2X9Vj9m30U9NwiSkjC5BwuT8qATltQNx9Umob00Ow0uJ2TorLMrsxyUnUNS+KVrg/GNsBX9lldJSNLnZ2BWBvte41j2yHZqvujLw2eMRa9WNuU+dL2bjn1aqM7nBm2Zyjtw4DZR2qRE7Sdwsa6Oi1kUjPfleT/EW0fKVgrmM2cd8L15w2ysr1zbG1trcdGS0E5XQ0V3x2I4nmNL81Lfs82tNU44a4gZV6w5aCsnbnFtQIvTIWmpagDDfQL0y5PnzW14ZOiyBgqQBuEKNHOBpwoEgdXGZIsDfZVMcjqGobIBtndX2Q4cKsrqUueHjglAaa5YNQyYVEMc0Z2cAfssP8XrALv0464RR5novMCOcd1qLTVA07YMbgYUqppWV1DUUMoy2dhaQe6bRb8U1JAa2H8irYfKTQQN+V1TrzbKm0XOot9SP5kLyCRwfcKCvbUWK2CkfO9RU6bHBiSSSTsCh6SSSiIPCkU9Q6FwP7ZUdccckJ1ctryKsrUkaigqvmIg5SZIyMPas1Q1UkEjXNd9wtBT1bZmg8ZXRqs3owW0uL4JME7WkayrGOZrgMd1UuaG+bujU8++MbBPUhtOpcVtZbBxwpERzjJUKJwcAVIBB3zwiOpTfkmZC636ggs7IrOyZnJvVvAZmAEpBkLg4XVMF7sgCDlcUtzG4zhRnA4KrGSbsDclLJTXAgriW1kr5CBcLLBWP8aM+HL6jbKg0Ut36fqxUQPc4DZzSSQ4K+1t9UKcB+3KVKORita6NJZeuLdX6YKnMEvBDuFpmPa9oe05aeD2XlMtsiqPO0aHdiFJsfU95sNYaavbJU0uwA7j3CHB19J5TalCw9SAynKrs3UFsvLNVHMNWN2H6grRWlk72n1cLV9o/JTxymJ6s2RlkIOERRxyiDhQepfsKz6gjN2QmjB5RARhAGmg7Zu2EQSjAOFGHKKCMAEqDE/2GDgCNkZrtXZRhJjsiNfnbCW4ZHRbwSBhEBwcqO05RBwiwGSWOxnZFDtJxhRgcIgcAoGiW14wi+IPT91X+IfT90UOKJLI1LKJoOUZQo3HA2RScqxpK1490RkmRnHKi7tHKM0oWshRkSBUPGzdk7LjgEoGQng90W0buRJxkbpoBBTGydsImrI4UwTchw2G6WR6hCc49kt+5VpA7+cBk5B+lEVl54HJpmwcYTgR6quuF3t1CCJ6gDHHujFWWqHZYiUEZxn7KpuvUdvt8ZfNNhze2Vlrt1pI+N0dtDo3caysbVOlqZHT1Mz3uJydR2VpNnO1Gra4RcX3resuDnx0b3Rsdtk91naWjqK6fQ0FxPLipENulqHfyWbey33TvT8EEbJHx7gZOe6PBzZync/uAdNdMR08bZJIxj7blbKmp2gNDWgAei5FC1oDWtwApTXNYMYwijHPY+mrCChuBjKQcG9v3TNedlzBxlE+DUoqI9MTXTBvIQnVIDSdKKMc8gzlt7DF7W8kKsr69kTTqOAOVFuV2jgjLtW52A7kqgdPPWu1OdpC0Rhk4ur10YvbFna2srLsfDpwGRZ3fnf7IkNPHTxhjG79z6olPGIm8JF+rbCaqziX3Ox5YNDJGeOEUnuhZABxvhMjBmac8ieQBkqLLJq7LskudlHkd6J0YCpzOEklCJTydkJz4425ed1MfszWXKKFnAVXcbgGgwwuBPcpXGueW6IjgHlU8gOMo8M5Gq1aktsBjickkoRO2/KTtnFCOT3QtNnInIbKRnIKjP3IRHnPdAPGVHwZZybG8BDc4kblPJymjuijHPZllJsCeVzXtjC6X47JpI9UbWAE9xzLiVe2m2GMCpqW/8oPb3VdZ6E1VW3LfKzzH3Vn1Bdm0EJia8BxCVkfTHHLKzqO9eDH8vSnDicZVLQURc4Tz+Zx337oETJKyq1vcXb5V5FF4bBthIlPJrhHdPIRjGtA3T8jnKCXAHbZNdIB5dXKVNnThwh8smdgs5eLw1odTU8nm7kIl1uwaHU9O/wAx2Lgs8Y3SO3O57pLlgXbY3mCOAFx9SjwQOJBI2UilotRBI/dWMVMBjypcpoTVp5TeZEWnpRt5cKwihxgAYRGQHbAUyClzwAl/IdanSqPQKOD1b+6lw0xJB4BUmKmAwSOEG5XKmtVP40uNX4W+qGU8D2o1Lk7O+Chi8SZ4bjfGVib11JUXGV8EJ0x5wSO49EG43Sous3ivyAM4GVGig0nUQEGd3BzNRfJvEQTWuHZHAOEcNYG7jlDdgBDjBjkvbI6bnSOF1xa13KGG69glylgtLIxzi44CPTU7pSNtkSmt0shzjZXFJQ+FjLQgNVdZDioMAZGF2eANbjCtXRBrdhwoMx1ENARxg5EtcYRK0QEuwG8qdR0ZDtRGCpNLSatyAp8cLWYw1dLTab2zi3X+jlNAGjGFJ0AYwuNaG7BE+pdSuG3gyyk3yxzQGhPJymuXVpSESlkMkkkmAiSSSQBCSSSUIOSSSUAchLuSuLo5UBYvMUsFPGMbpYGM4UByDSXdXOyDJVNbtjKpvA1LIVDlmZGNyoslTIdm7KKZnO3KzTv29DNhJkrSTpjdyopkcTuU3G+c7p434WeVkpdjFHA9p/ZJR5KqOnH8wqtrr/HGMRO3Wey+MOZMfGmUvxLlzg0EuOAFDqLtTR7iTcLNVN5qJjjXsoEkx+o75XOv16j+Bqr0Tl+ZoqvqB7/LE8KonuVVKd5NvTKrH1BB2CQdnlcy7WzmbKtLCPQaeqc4jugCXUOE0jPddAwsll2eGPhBQ6G6ikkuE4Wac8Dhml3omYIPCOS3BwmsY6R2lu5PolqbYUYuT2o4XHBGMobcknAJ/JXlt6crK9ww0gd9ltLV0OyJo8ZrdxyQnQg2dTTeIu1Ed66PoI04PK4aNjtnNCmaW+iWhvovlieej7Jgr5bfR7AwMOfZRH2mjO/gMH5BXD2cboYi1YwFC20Uxs9KDnwWfouGzUpGGwsz9leCDbhdFP7KbQk2Zw2NmctgaFz+Czeg/RaURYGMYXfBOMpbSRIyyZn+EVHoE/8AhNQOTgLRGA9gnGnJVYQzJnvkpBsXE/ml8pIe5H5q/wDkNW+Al/D8b4CvgJZZQtpKg8SkZ9yiCjqxv4/7q6bR4/AFwUhzsMYV5DwyqFNVjiX90QQ1QGPG/dWXgYHH7ppid6Iy+yv01AOdf7p4FSOXqUYyOy6YzjjCnATntRF8WcbFwS8YjfSEQwZOyaYvZRMr5ATpS4bt4QfnAD/2aT9FJLGg5yuvaNgCjzkKVkl0A+bJGRGR7YQzVyfhj3UktB7JmhvOlHEzytkiK6evP0twELVcH5D5Bj7Kbq2whgA8FP3JC90pdkR1OJcePuQnChpRuGDKK4And4Q9BccK00Kkpelkbojbs0ABOy0fiCQpidyUjQ043dn9VorlHrIt/IulgE9+e/HumGTI4zhF8GnbnzY/NBc+kjOfGC0RWejNOU3+UkhoOOAgmVwOA1GfW21o3qQocl2tzM/zgVogpy6iZrba4/lal/1D7keijOjcclCff7e3I8TP5qK7qOhGQNynLS3T6RzbvK6GqW2VqJT2PJ/9E0RkbEqum6ka3aFo3UGa+1EnBwnQ0F8n0YL/AKh8bTHdvyXr4mNGSQPzQHSRNG7gqE3Wd2dTygurXnYuWyPjbfZyLfq3S/8A0y8fU0rf+JhRHXWIOIDCQO6qnVABye6H8yPRaIePkvyRzrvqhWfg0iwnucuf5LeVCmqrpLwzAKE6ukj+gBBfX1ROfEWyOjcVwjn2+dlP8pDzBdH7ufpHdcNJ4n94/J77rnzsrx/MOVHdMXZySE2NDhw0Z35aEuwvyNAN5HYS02sDGB+ijOJd9Rym6R6K3XkW/Jp9JBzU0zPKxmw7rjrg4fQP2Ufb+r9kiWgbHKD417Ey1030EdWVJBy7CCZHOGC5IyAbYQTKTnDeUXxpCXq5P8mOIHqmagDthMLyeyF4ZedjypKOAf5O7oMZhgjIQDJvwutpnudspDaR+MAYS3hdhqFmofBEDnngLpbM8jDdirCG2SHzHGFLZTxRY1JcrlHo30+OnLllTHTPfgY3UmOgx9Q/dWDzG0YYwfdC1ufsUmd79HV0/j4Vvc+xrKaljwXtRH1EAGmKPTjuhukAOOUzLB5kDscuzcoxh0Ee+ok2YRhMex43PdR5K1rDhh3UeSsq5Nm8KFfITnHByShyVcEQyX5KrnuqDzIo5BzkndWlkXK7BMmuPm/ld1Hlr5iBkhDdho+yi+JlxGUWGId0n7DOqnSDcoYOcrh37ZRYonvJDG5KtRyC5t9kZzQV1jfbOFPitVdU4McOR7qfF021gbJWVfh5G7Woi97KMDJwFKgoJJ92xkkK5ENqoMOjxK77Iv8AEGDHgQhpVdkzkgQWWrdgmMNCmxUVNCB4zhkJSVM8zRl5A9kMMe47uKKS2jYp+iUJKSP+6hY7HqFw1LsENAAPoENsMuRobqRxTOABlbpBQ5RrqhOXoCXajyEmQkb45UiT5GEZdyozq9hIbDyhbRohU8hwzbdLTEPrGfzUcTVrxhrdinNoauQ5lOxSpzNMa5PpHZHwtx4bR+qb8/URnEDsFS47XSAgzzEeqnM/gdFh4eC73QOw1104/IqHG71wDHag32Umn6anqHNMoJIGN1Pf1LQU20b2/ooFT1pA3JjeSfZZ5y3MeoUp/cy1h6fhpmguYAVIEYi/whZOXrOV+41H0wVEn6pq5BpEjigGq+iC+03DqqmYMOk3UY1tM0/3uVhjdKyc5DzkrmbnNydvultZLhrMfibR91pWjImG3uoEnUdMwnh2PdZ1lvqpXZly0eqL/DaZo8zckIdvJU9bZ6Lb/ayKPIh2P3QP9qrhMS2I7BVo/h0BOtnCG66UUBHgR7osC3q3LiTLN10vkxznGUIwVrz4k1QcnkZVdNfarGI27EbKvlrrnK7UJCh2gfy4Q95L8OhiB+Ymx+aj1NztMDcsLpHegWfLZpnfzHk553Tm0hJ27otgmzVzfRZTdRYbilg0n3VVVXa8VPlY7APspkNCNi5SI4Q0gMaMqKszu2Uu5FEKK5VLszuKLFaYi4Ol7chaKOjqJhgR4CIyyP8A+Kef2RKpsVKcI98lH8jSMAHh5T2wB+BFDjStFDZ6aI5I1KV8tTgAMjAwnQ05nlfh8GYbbqqbGmLZHjsUuBqOAtC1rRsD+ydsBjKfHTr2T5slNDZIAfNjP2UxlopQc7beylgYJI7rhLncAhM+JFfKwbaOlZuGjIRoxFEMNATdLvUputoO71Pi/sU78EkTAdl0yZ7KMZWDuguqOfKFWxAvUxXZKMw9Ew1bhwAoZqPZD1/dXtJ/LgTDWznIBwo73TE7zDdDLw3gc+yDM8nglTaC9XH0SNTQNTnKO6sibkNdugEvPJTfB3zhTJFdKx8DzUyPPOQVwDO+eV1sR22RmxdjsgbNUISmgbG98ZRAQNgpEVOOSFKbTwjcMSW8joad+yK2MuRo6UvGcDCkeGxuNIwlpPZyvDZqhSvYo6WEYLhuPdOIaOBjCa5wPDkJ0x4DUYzhBtk3y+oQS9x5TcI3EVOwJLKOMBDLnN+k4TgwlItx3RxrbMd9yj2M1PPKWXIjWjKK1rcfStUazHPVwiCawuOO6MIwzckDK4HRxg63YUeevgaRl3CfGGDLbro+iW18LRu/j2QH1gORCMkKM64Q4Aa0kprZa5+PApj907ajM9TOXQfVdpjiF4YPsjw9Pukd41bcNWeQoZhvbsfyy0fdPNvujyPFn0N9yqcUhTsbf3FmyhtFLjDgXDujfMUMYxHKBvnZULqaLP8ANq3Ljv4exuxe8/dTGA4Ta6LeS4QuJa1xx6oPjUJOZXklVzKmlA0iI/qm/MtyRpwEO/nA9S4LcVNA36WpproB9Iz+aqwC7cDCL4efZTKHQngnfxMNGWtzhQ5bxUPJa1h291zwinQwt1bjGe6W7MBNuYH5mve7VwF0xzTkajnHKtGR0oaNZ/RPb8uBmKLKpTJ8OeyFHQuIGofujw0MIOSMFSCJQNo/zTS/G7n4KFyGLTxOsga3huFIZCMfTz7qG6pe0Y5QH1dQ7YOwg+QYobS4aGNGSQAEOStpohnVn81TOdPKPNKceiGNuSo7MkLKW7nJEI7KFLXVEoOThcIHOOE3b0wgyyn0Qqn52Y+V6EKSYY8RWekdktI7pqbMttbmQBRAkagEcW+DSMhHLcJ4aB3TEZHVjsFHQU/IaAiNhY3jZI78JzUe4B6bd0IRM7JaWt3C4uHhE5pALSTHa2g/SuF7T+FCPK4WkhD8qRa0zj2OkcG8JrXJukk59U5rCq+ZFfxG+hayuavZO8F/YFMMM5H0beqP5YsJaWeOEcyOMpHB9EhA93ATvlJTsAf1UVy6J/Ck/QI7890EkjPlUw0dTjZqb8jXO2GP0TI3RXLEWeOtn0ivLnZ4S1O9FP8A4RXHfwR+qX8Hrv8AuR+qP56/2Zf+EXvqLIGp3v8Aqlrf7/qrD+EVg5iCY23VAP8Ad/uq+ev9in4fVZ/BkPz/ANS5/M/qVkKCXT/dBBdRz7nwlfzQ/YEvE6pf0MhZf/X+y7l/9f7KR8pU/wDdLnylT/3anzQ/YiWg1EO4ME1ztxqTcn1RjTzNGXMwgiQcOyPyVKSYv4Jw/JCyUslcyDwUi9rd8j9UfALWOwms44XNQ9Ezxd8aU3RnfOMqiBicri43uu5CmQBYCWAm4KWCq4IcwEsBPSU4Lywen3S0+6IUMNV7SZGafdIszyf2T9Pulp90OCuxojAOQMIolkYMtcQfuubeqGZQDjCmSyXBdbpE8eHWOA+5V1RdY3elxqlDx/iWcHdIv1Ej0Vbmg4Wzh+LN9RfEaRjm/MQl3/ItFb/iBbZyA974yezl5Cx2nddMvfHCYrOOTTXrrIHu1P1Db6sfyphn7hT4J2PILCCD6LwKnuVRTkeE8j81b0PVlxoniSOodnuC5TcmbavLbeLEe6Crexu3dOZdaqN2nIcPReU274i1TZv96GWFX9L17a55hG8FmeCTso4pnV0/la308HoUV0jOPGGklS46ujkaA6XlY+mu1FVtaY5mfqpkby3zMdlC68nUp1qn08l9UWqy1Z1ytBd9lU1PSsocZbTVmJ43DcrkVdOw4LhpCmxXaIYAcdQ90DhtNSvqs4Zn3P6wtNQZHNNVGOWndTaTq+CYiK40T4HHY5GyvYrgZvrw4e6T6SgqXa30jCfXCJPBUoPuDIbKyz1v8pk0er74Q5bQ4uDoZAPQ+qj1nR1HUSGWnmdC7/CqmtpOq7S3TTyGoiB2I3KarpR6MN+njdHEkW1RBI0GOrgEjPXGVXS2WjrCTB/LJ7FEpOtKcNZTXWlfHKBguLdirWGpsl2GaKpY2Q+hWunVz6Z53V+BpmuEULIb9Y5BLRVL8N4AOy0/T/xhvNpkZDdWGVg2OBuAoT6C4Rkta4Pb2VfMync4srabSe7gF0YWqfZ43yHglW+IntFh+K/TV5kbD4/gvI3DyOVsqepp6lgkgma9p4IOV8ry2alqnF9uqhHIN/Qqzt18626cax1HX+NGz8DieE7avR5rU+OVb4R9OFoPlO/sq2usNFWZc1nhPP4mbLzXpn4208uikvkLoZRsSRgL0a09VWS8sBoq+Nzj+HUEto5s6Zw7RTVFqutqeZYXmRg4LeUei6pY3+RcstHG4Wkkw7jhVdwstDWjD4Whx7gKgFLJDrelLD1GzxafQyQ7h8exWauXSPVFkOuizVQt7Z3wrSosd5tDvHtEjpG8lurGFOt3WbgflbvHJE8bEkYUCTyYoXAzH5O70PhP4xKNkamFVa5fmrJWSU550h3lW/rLdZ75DqdHHID+Jo3CzF06Jkp2+Jaql2R+B5UKaTLmwfFKRjm0XUFO9p4E7fpH3XoVFcaOvhE9HO2Vp7tOV8/V7amnPg3Clc0jbJGyPZr9cbLKJbbVvaP+7LvL+iWD8aZ9BuJPIwmkZWNsHxKtVwayluX+6VeN9R8jvsVsYntmjEsRDmu3BHCETKDQ17TyEEvJOD2UsYIwRwo7mYPCjAIlZQRVTMYDXdiqiotj4ctfHkeoWgeS0ZAyo8jjL5SMJWCozZ571N0Ha783xXwNiqmDyTsbhw++ORssDcLReOlpA24sbLSuOlszR3917vNSbghuECemilidFLHnVwfRU4odXftfJ8/Xaw2LqalMdZTiQ4Olwx5crO9Nz/FH4LXI3DoS6fxCzOOqez1GTC8D2zscE8YXtV6+FjfGfXdIhsBcS59I44jP/L6LFsqJqa4NtVxpX01Xg6o38fcHusOs8fTrIbLVlHoPGedv8dYrNPLC/R6x8K/7QXRHxJY22T1Is3UDMCS3VOweT3ifnDgvTHsyBvsvj7qPoK13r/eI2imqm+ZsjBpOexOOcLTdDfHjrL4eyQ2X4hUT75Z27CuDtVTEPc8v+3/VfLvP/RlkXv0q4/R9t+k//EiF8VRrXiR9JyREbgITKualfz5fTKB011T091naY7z05cIqumf3YfpPoR2U2ppmkj3XzjVaGenm4TPsmh8hDVwUoE+lucMjQHuwfVWDZQ8AjgrLGNzN2jBR6a5VEIax+49Vz3Vg60ZZRp2yluFKp6jGBkKkguELmDW45R21LQQRwUlxwRmjiqAW4OEdsuv2VJTTF4yCpQmLSNkmUci3Etcj1CbgBpw4FRWT7AFEa5DgDaxslPFOS57d8cqM6B8Z8jMhTEi0OG6v/JeCMx+AWuxk+65pHYpTQNB1NJyhxlwIBCMPaPI09kMnO6NkOao+CD90eAWR66mp7hC6nqGZBGx7hZQtrOnaoRPBko3HDSN9JWxxhClpoaqJ1POwOa4Y3CdXY4sCUVJALbd45cU858p+l3ovnz+1H/ZhpuumT9c9D07Ir9py6mjbgVhHb/m/zXr9Qyp6eqtEoL6d58j/AOn2V5bL8wgAPDmO2IO4Xd8fr5aealE5Gt0MdRHZNcH5NTZpKie1XJv86FxjljdnXE4ex4VRV0r6R+fqjd9Lgv0B/tO/2WqD4h003XvQdOyDqhjdc8LBhta0b7j+pfB87amlqp7PdqV9LUwOMcsUg8zHDlfUvD+YhJKaZ878v4TOVPv0ylfIJBpI2CgTMdBKXtHlO6sayB9JJpc3LTuHdiFFdpmc2Mj6hyvXO6F8VKJ4edE6J7J9oCXtmGsHKEXB2fZCeH0tQWEnGcHKJq1ZSWixpJyngnKYeU4coFNJghxwuoY4SPCcmmAFaR6pjkwE55T38KysjoT6lEJGFGaSDsn5PqUZZ0clBqfw/mitQqn8P5oCHE5NTkAYk0cpyaOVCmPP0qJJypbvpUSQnKGTwSKOfkjwnzBBRYvqQBssYDnBU5vAUCD8P3VhGQW7J8FlGK0Kw+YBel9MN0W5rscrzOM5dwvTunWk2pg91voWDk+R4gT5n/7zCPUrbUoAo48LDEaqqMZ3yttGdFJEO+F0azzOqjtx/cuKchsWSdl5fdHCTq1xHAdx+a9FfMW0D3cLzalxU9STSc4P+qqXZejXMs/o29DjxWtHZXNrOZp/ZU1qZmsb6BWdmf8AzaontIQnxwkZrXlF/b2gzkn0UaZ3iXkDsxGoH5lJxwFEgfru0hxwibwZY8Nhr3U+DSOdxsV4vM81vUQk5A/6r1DrOuENH6bFeVWXM10fIRnIWeUuTqaJbYuZsSdLcB3AVTXyE53Ut7sg4cq6pGTuhlPA2mtylgBB5pm/daGJumMD2VFRNJq2DC0I2C8/5e7KaPq/0jo/jhu/YWjjBlBVlGzzYyo1DG3Rr75U9kWCCvmfk5tyZ9s8ZRtgpEqCMEcZ/NT4YtlGgjOnHCmxDAC81ZPLPQ1wwSIY+5CDdQRCpcYPKj3jHgDCBD3HBTs4TJE9nCY9Qz29AyM434US6TfK0Ekmd1MVF1NOflnQD1wtdPZz9RPZW2ed3WqfNO86s5zup3SF1FDVCEnBccqLW0urJwq1oNO7I5C6exSr2nlVbOq9Wo99o5PFga/OchTIzg5WO6EvQrqMU0kmXNG2StjGcHK49tezg9hTZ8sFNEppy3OFCro2zwPjewHIOymxu1DGFyWAEZxyqqn8bywL4qyO08I6goXWm8vLW6WPdqap1BN4jgeMq0+I9ukD/F08cH0WWttVrhGfqbsV6rS2/LWpHzbyFH8e+UDYU+SwHlHG4wodtqQ+AAt3wpjD29VoMqHxuLTumVLctx2S3bJjGwUhzNbGuAygY1dEKhe6Cqa08FaIublru3KzlUPDIeBhXMBMtE2TO7UqeY8j449nkHxg6ffSXUXWNuYpxnK840+699+JNtluvTfjRMBNOdTvtheBaTk7bZwvW+H1HyV4Z4rzdOy7evZxJPSXb3I4O8Yu4KQ5RgBhQsDgriMWtwdkLSSdgjCYQkgg+in0VY6JwBKr3JzvKQQijOUXwInHdwammnE7RuEQkx9uVSW24MhLWyK9EjJ4w5oGF1NPL5Ec6yDrkPjqJGHIOArGCobK0Ozv3VQRj2XYZDE7nYp+cGii/Z2aGN+oZR2O34VVS10IADnZKnR1DXcd1f8Ag6VeqjJYJw45TUJpyeUVuMBXk2RngJkEJuAlnK6oOctwKVu2wUVwIO4U4gHlMkj4wFZRD8/ouE57qQW+yjPYTlA4i3PAWF7XHdSCWlpaWggjG4VWXuieCrCllEuMchJaKjLLK11rrrbWi5WabSc5dGTsVqun+tzPMKG5RGKU7DVsCfZQw0kYDUCqoIJxmSMEjgjYhUlg6Okvnp5b4npIOQD6p6xvTnUsrGC217tWg4jeTvp91qo6kO7cqj1el1sLobkGHKI3shBwyiseBhQ2q0KOAnBxGwK41zSAEiQFB8bM9hUQHshakQEZ5Cg6M17Ct7IreOUNg3GyK0DChojNIc0jKKOEIAZRWdlWBnyD84RQ4numDhHHKEtMQByjsG4K4AMJw5UDjLIRo22RMFMAcGjAKLg+ihe8az6gjN2CGAcgog4UGKSwOBJPKION0IEZ5XRNEWZ8Ro+5VoPcw+Qitd7KC6rpY/7yqjH5oDr9RMyGEyH/AApyQDmW4IHcLuR6rOTdRztP+7ULz7vao0txvVQ3OuOL0ACpIpzwaeaqggGZXhv5qsruqKGnZ/K/mO9As8+kqpXF9TKZCfdcFC3u390zZ7Fy1DwFrepLhXNEdPiAerRuVRT000xMlW5zsnucq9bFHGw+UYAVPc7vBjwadnjTE7NBVYOddqHJ4ZXVgZE3bk8BMpbTU1YD5T4bDy091bWu2GST5i4NDicENB4WhgigOklo9gnRghMcyZ2zWqCma1uBgAK/iYxo2xvuq+GMjDWjAUyJhbjJUwkOhEkoo22BTWDDUxXjPBoWIchh6p5fp4GUB0gjB4391U113c1xjh/VNUM8ma/VQrjnJYVVXFEC6R2nZUFwuvikshdsOVHnfNUnVI7KDFFoO4TlWcPVeQlbHEWce3x3B8zdRCM2MN4CeNOPpXS7DcYToxwcdt+xDYIZIxymul34QXS7FMSFzlkc9+FHkkyMLj3k5QS45TYx9iJSwcL8koOSOSinjKhVVYyMbhFHCMt18UEnqBA3U78lT1VW6U/fsh1M75nk6kFzgBklHt9nH1OpcuEclcSNR3UOSXHZGklwcBR5SC3ZFtSRzXL2wRAOSCgOI33RHd1HJOeUtpC5yyNdkpv5IpxyUM8qJZM8ng4BjugvIGwOUp38AIIcO5V9Gaw6/B34TaajnqpxHEDjO59F1w1kBu5Oy0dBC2y0D6moxqcNX/oglIlUd0h9RU0dit5AAEhGB6krDST1FzrC+cnz5xnspdyrZbhUOe92QOAmU0Oh2SEqbNcFl8Emkp4qcYa3J9VLd9GEJuANymzVMcbceqyyeDfXFJDZHYycqluFxcA5rHeyVyuGTphf2VUBLI/JKTKTY5zeNqB6A52fVS4KYlzTjCJBTZAOlT4YcafKls0aehyeWKnpcAbcKUyEBEhiwFJigJPos8nydKukHBBqOAFOhg8LzEZT4YWxjcbqBeLuy3N2cM44QjpJVxywlyvEFsh1vAc7sMrA1twqrjUumnd5T9LewCVXV1FdUGWV2QeB6LkbeNuFH0cu212CjhOQcIoAb2Rm6Q3ccIM0wxgBCnkySSXLBTvI3CjSTEggp75AcoQY6d+lgVTFPM3wD8z3qxoaIkhxRaG16sOlariCnbFgAJeGaK6wcFMYGgAKQ3ARSG6eMYUGon3AamVwcmFbONUW5Daupacsa722QqeFxcHH/NdhpfEeCeFYMYA0ANxhdPT6f2cS/VOYoGBrQMIyTG47IoGF0q4beEYJT3DQC0p4dtwkQNkUDGwWhIgxJJJWAJJJJQgZJJJQgkkklCDkkl3BUAeDi7jK5nC46drBuglNRCSyPcSOEF9S1gOSo81Zk4iKhGZzyR6JM7kug1DJKlrCSRE5AL3HkoRA3TzkDOMrNO2UhkYpdj03SBkhClqRGCSAAFSV1420wO3WS2+NSzIfCmUui4lnEQJONlT1V52LYXfdU9VcaqQ/WcKIZDkuLsk8rlX+RzxA31aZdyRNmuFS8nL859SoT5NRJO6GXHKWn3XOnqJyf3GuFSXCFqPZcJJ5SwUsFJlLKNUYDEksYSSJPHJNuBJYKYMg+qOAMJU7MhRjuBrgYXnDeSihu/qtH0/0lV3GRsvhZb6EJfM+jbptDbqpYrRR0Fmra6YRtaQD3wt9070CyFsc0xGRuchaqxdKRW9rDKwEjsFu7H0nLcnAfR3+y001POWew8f9PqElLH3GVoOno3+WkhBkGMDHK2li+HlfVsa+rDY2kd1tbL0dT0YY+QAub7LTxQDAaBgBboxSR7PR+JUY/ejwn/2o4+rpyoA9p2FEZ8VbRxPbqyI+4CypiaNw1DMeey4k/pnRy6TR8Mh9f+XjzKSf/Q20XxN6bkwJPmWen8sf9VJi6/6ZO7qp7Af6mrz8wNPLB+ia6miI3jb+izv6T03qTNNP/iR5GPEoxf8A0PTo+tulXYzc2D7qU3q3pV4w28wgn1K8iNDATvE39Fz+FULtzTjKXL6Spl1Nm6H/AIl6tfnWn/1PYW3/AKfc7U290YHvIiNvdgOD/HKLP/0xeM/wag/7gIZstBk/yAlv6RrS4maIf+J9kfyoX/f/APYe4C7WAjy3uiP/ANtXW3K1k5bdKIj2kyvDv4DQf9yFz+A2/wD7kLM/pKzPEh8P/FJN/wCwe7i5Wz/5OhP2cu/xK2f/ACbD/wCZeEfwGg/7kLn8BoD/AMLH2KH/AOE7f+Yev/FNL/6H/wC//Y91/iVs/wDk2L/zJfxK2f8AybF/5l4Oen6A95h9npf7P0H9U/8A51P/AITt/wCYL/8Aiov/ANB/+/8A2Pdf4nbD/wDGxf8AmXP4lbP/AJNi/wDMvCP9n6D+qb/zrn8AoAc6pvzcp/8ACNv/ADor/wDip/8A6D3SW7WuMYFXCc+6iG+2ncm4U7cc5fheLfwakbsGE/cqRHbKcDBDsemU6r6Ssfcv/Ip/+Ki//Qf+Z6y7qWxNODd6P/7r/wCiG7qiwNGTdqUfd+F5QbbSZ3YT+aH/AA2k2/ln9U7/AOEYv85YEz/8U5Sf20L/AL//ALD1GfrDp6M4Fzidj+koEnXfTMeM12fsF5r8hS/92u/JU/PhhHH6Rpj3Nmaf/ifqpfjSv+//AOw9Dk+InTLMASTOz6MUSX4j2Rv0RTu/8KxQghAwI2/ol4MX/dt/RPh9K6aPbZks/wDEnyMvwhFGsf8AEagwdFHMT9lG/wDaGMHRbZT91nhBEPwhPdG3GGjCbH6c0sf2zJZ/4heXn+LS/wChc/8AtCqnZDLaB6ZYgt62u0pPkhZ6YaqfQd900REZ2T4eD0sfRjs+uPM2f/Ux/hItH9XXnjxW49hjCjS9QXWYb1GMqG6J2yaIyThPj4nSR6iYJ/VHl7PzuYR1zuz3b1Z391wz1jh55yc87lObAMZwloI20/unx0dUPxijDb5fXXP77X/3BF0h3LiT9006u/8AmjeGfRLwz6JypgukZZ6q+z85t/8AUjjV3H7p7cY7LpHdDJOVfxx9C3ZJ9s7kJaiQd11cPCpRwFveMA3OIOxXA4nkpOGXFIDCLIOTji7OSV1c1eyWr2VZGI5hCRAcoavOS8jELzAnblG0lcLd91UnjsZwCTS08KUKdzhkBd+VedsYSHajRXCcl9qIYLz3THNc7k7FTxQvO+EWO1y7OcMhC7ox5Nleh1FvSKoROzuuiLVwrf5KEfU3dIwRg5Y3CXLUL0b6/DSlzYVsVJnctH2yjMo4huG88qXoaAcBD0uzlZp3yZ09P4umrtDDFEMBrAMLrY2+ieWE7gJrg5w2CXKbkjp1aeFf4oZqI7rhcDvyumN+cuGyaWxt+kYS5RyO2JDHOOS0DdDMcw76QinPYILhU9njCtLIMm0I5H1O/JCc/Iw4ZC65rh9R3QnO7K8ejPNs44Qbnw9/ugmYDIa3YJOje45AKcKR4A8RpwfZW1gU5MjPqDnGEAukfw0qyFNSD/mKOy3yctjAHqiAw5FEKWrkOTwVIgs73uBlIwd1etghjGJXNJ9GlClkiZsxuPzRqYLrS5YGG20kWC8A49VIfLQxBvhDDggOLpN12OnLnYOyvKQ2MHLpBP4jUAFsZABTHGaTzSP1ZUhtK0chF8JoGCNvuqc0h0NNJ9kARZJGE9lK474wEWSWngduN/uhOuDuIWY/1QO1I0V6XL5DNp2tGXHAHquSVFPDw8OPoojn1FRjxtmegXWQQsOdCVK7Jsr02H9qDGvqf/hWZ9yh5uVTtUTaR7J+trBpaMYQ3VWAh+U1KvjDHNoomOBmldJ9ypIfb4QCx2Cq18rpAR6qN4Dnu3KCVjC2qP4lxPeqaNulhGeygPu9Y/OjjtuhMoo3eZ4yQi+EwdsJMptkTn+wL6m5yfZC8Od+8smVOJ0BBEjAdyoHLOCKaZzzuNvuiCg3BjYB6lSGzwN3Llw3HAxCFBG+MexjKFrfrAGeVIbTUMTRrIUQ1Uku7igulc7YnKor5Yv8SxZJbojluMoT7xEwlscI+6rywlN0oQXZL0SZLtVPdiN+kfZRiZ5SXPmdk+66GorWhTGQXOT7ZHdA5/1OJThSDOcKSQAmCU5OkZIRxg2RygvzGmlAxlq6KePOCcBPDquQ4OzUWGmDj/N3RKoF3RX4oaxlGwDbUU8QMkO0Zb+SlMp6aMA6EQujA2PCZGnIieoS4YBlBgZPCkQU8MRyGAn3TTUgZQvmXH6cpsaMciJ6mMfZOJ0+gXDL/iUDxZSfO7K46Q43cmKnkyy1cX0TjUNBTDODthQCXZOCU7UmxrwZ5ajJLMxzyEjMfUKHpPdxXfzTvjAepl6JPzRG6785NjAd+yBkeqYTgE44U+NAPVTCuqpjnz8phlf3TNRPZdHCCUUilfJ9jw9575XUMSaBjTldbOTwN0otyb7Hnblcdwhuke/lIjcZKpvA2FTn0cIcSRhJsRJ37og0jC66QNGQEqVqN1Oky/vGOg7pMiHqnEk4RmMxuVmladWrRpdDGwAb4ynNjIPCkBoxuueTsEO9s3QpjBdiA0jGEXI9QhZAByhF25wVe3IWUg+T35SzjdRzLjskJSd9K0RQuVgXU71TcZTV3SUUYmWy7B0AduUvDxvlLQRuVzUO5T1HJz7tTL0OEmkfTwuCXPZDkIxkqM6UN4T4V4OVfqmvyZKfORnAUV09SSQHJrqlnB2QJqqYY0nb7J0Vjs51t25hvCq5dnyAN+6cKWmH985RDUzOG7yPsk1znHDnZR8C0nMnB9HDvG3UU03eWPaJmPdRw0JxazbBUdiQzbP0x8l3ur9mOyEwz3KZumWQ4KeCwAABE1Ab5ylueRsK5S7ZHMMjt3nf7ojadx/D+akjA7Iglbj6Qhdhuqq/ZHbSd3I7YGDkcLvi+yWT6JTsNcaooexsTTh23onhjTgArgH+H904BT5TRCr9D/DaR/6roa1pyB+6FpPYpaSO5S5WZGxqyF8YDbSE3x3g5ZsU0jC5kIPkSGqGOh/jzO+ty455JzkJgY49k4QSen7qpWZDVf6H6uxCFlv9P7oogJ7J/gOP/wA1VkH4ZS9Ectdg7IA1ZVgIHD6wkIGjcNUzgr4H7IoBxwuYwpugY2Cj7k4R70F/HB5JSA3wpDYHOxhn7oraV55GFSsSItK30RQzPG6RjI5arBtIT6Iwo243Ulfgi0M5dIqiHDldb33Vp8mzO4T20NO0e/2Ud+Og4+Ns9oqHU7iScJhgf/Srn5eNp4TxCzGzQq/kZGLx0vbKMUsmc6cIwo9t1a+A3kNC6IgDnCF3ZGx8bD2ysFvPof1RI7dKBnGystOB9KaM75Q/LkOOggvRCFEGnfkJ4phndS9Pslo9lFbgfHRQjykRzSxADDcJCGNu4HCleGV0ROKv5Wy1pZPpEUYZ5cJayN9Kl/L7Zwl4OOyNyz2X/FmiN4zxwwrnjv8A6CpPgtA+n91wxsA+lBkp1YBbuHCYWOH4T+iJ4rYzsAifNS6cAtx9laYEo4IpiI5/yTgG9sIh8WQEnHsginndnLcBGpEcZNYSE57OCAh5b/SEb5Gd30tKd/Dqj0UcsCnROXohSxxyYy0YQZaOjk5jAKuBa3FuXPA9QuG2UvB3To3RXsRLRSl3BMoDbKQ7Yxn3QjYqQ7+J+60JtlJjkhD/AIXT58rse6N6j3FmOzxSn+VaM2bIQfJOMe6a+1zxt1NIf9lpxasuwJgGrrrO7hszTn2RLV/tmKzwlUv6cGRNLUf92UMU04dkxla02GqO4cwj7oTrDWAHdv6o46mD9mWfg8fijPCBwHmaM/ddEHq0fqrp1iqA7fC5/A6golan0Ifhpr+kqPAz6Lho88YVv/AKkHIK4bNV4xhEreRFni5xX4FO+jLtxIBjsheC7OAMq7NirDwUw9P3DGdIx2TlavZz7fH2p8QZT/Kzc6NvummJzeQrd1muQ5Yhm2VTeWqfLEzT0l8P6GVBD+FwscOysv4bUD/h5SNPO3Yw491FJMFae1rLRW+f+j90sn0U8wgDdijljc8hRxMzk08YApZHqjmLZRjCc8qsETO59E3xXcal3w3D3/NN8J2eCpgdFndbyfqO6eyaRhBDycLgYRzuu4wrwy5Ilw3OrjcCyd7cehwru29Z3iheHioMjeNLnZCzOcJAnkFTlFKyyr8W0ej0HxKe2T/foAWnjHZX9B1rZa6QRiXwnH+rheNaj6rrXuacglXnJpq8jdX28nvwq3SNDqSqj9t1LguNwhIL2hwHZeCU14r6cARVMg/8RWioPiLfKWERSvEwHBI3UOlT5mS4keztv8Tf7+Fzfsp0NdTVbQY5hv2JXltD8R7fUeHHVwFsjtnEBXtLdrPcX6IKrwn9gTjKOMdxvr8zDts2c1uoagZnp43/AHaFma7pBniOqLVK6nl5wDgIkVfWwt8NlQXNHGd1PhvxjYBUQB5HccqSjtHfzabf7FLFcepLM7w6qnNQxvceim0vVNuuJ8KvpTA7jf1VvFcqCubpcQ0nkOUKs6aoq0l8Za0+rUcLnFipxqt6HyWyjqW+JRytB7FpwVBeLlQEiUGVg791CqbHdLa/xKSWQY4IJIKfD1PPT4gudOSBtqwt1eqfs8/5HwcL3ugGbVWiqd/vTWxv9wuwQVlLMKm015jHI0u2/RPjdZrnvGWtc77Jstmq6QeLRyam+gWuN8ZHk9d4Wyv+5rLJ8Vb5ZHMgvDDUQjbWN9l6bYeubFfmMMFS1kjh9DjheBvqJo2htbS5aedkyOGmk89NKWE76cp2Ezz2o0El6PqFkuQAColwtVDcG6Z4Wkn8QG68VsHxA6gsxZDUsNTA3YEHcD0XpNl+IFku4a1sximPLHnG6GUcHPennW+Rslnvdhm+ZtM4li/FG7uFYUHVVLK4QXGEwSjY6hgZVoKnxACACD6KLVW2114/3qE6uzm7EIBfPTJ1Vbrdc4MTRMka4bHCxt86AeA6a2SY76SrM0V8sR12+o+bpRvocfOArG39T0FW4QSv8KYfUx40qFOWw8tkhraSXwK+HGk7E/6Fajpzre7WSQMErp6YjBjcc4+y2FzslvvEWJImEnh2Fibz0fWW4mSly+P+knhAGmp9nrXT3VVsv8eKaTTMBl0buVcObsN184x1FVTSh0UjopWH1IIK3nSnxIqqYikvjjJHsGyHkfcqCrav0enPYDsUF8BaMs5KbTXGkuETZqOYSAjfBUgFB2JcWiC7x2nEjchDfHrVnhrwQVBnhljHiR7gchQojAug2A5UK8dOWfqmnFPdKWJxH0vxiRh/wu7KxJDmjVygubnhUHF7ejybqTojqTpKcvo3S3i3NGSQ3NQwfb8SoRNQ3WnDpImyRPHcfsfde9xyvc3wpcSNPZyyfVPw1t18JrrbI2irxnErWbOP+ID6uO6XOO4012J9s8bgpr30RcmXzoCvFHMDl1Of7t/3HB7r2j4dfHm0dYeHZOpoG2a+NaT4bv7qb1w7PI9MLy+vobzYaxtv6gpBTudnExB8GTH9LvX9OypbxbKS4s8zQ3BOHgbgjuCvKeZ+m9N5JblFRl+z3v099Z6vweFndD+59bEZ5XHxNwvmzoP4vdVdDyxWm/tN3tA+h3M0Y79919C9N9TWPq62NulguMVTH+NjT52fcL4/5X6c1XjebVx+z9CfTf1povMVpQlz+iSGuY8OClx1Ti0NPZDczO6EQRgg5Xlrav0e7jZuLKC4yUbjOTmMfUryjrYatgfE4EOCyjHa2kHhDbNNSvDoXFpHoVl2bWOWGbkvcMIsU5I4VLbLzFUxtZM4NkGxVo1459UHRPjJYkGUTILcqCHe6e2bO26GS3AuOAzjk7phbtsN13O2UshQsjO8WI5e3DDyU9haccIpGxBOcoHhlpyB+6LJFHI9zR2UeTLMbIwlH0Ebrrog8JhJRwQaylhroHU07AWuGPssXLT1XTsphdG58Octd7LcyRlp2GyBU00VXA6CZoLXeo4T6rXBiJw3FZY+oIZ8ROd/1C8N/tRf2XKL4h2ufrv4f0EcfUtOzXUQxHHz8fJGMf3m2/5L0e6W+fp+t8Quc2B5/lvHB9loOn+qfBmbBU48F3BB7+q7uh8hKiSlE5Ou0P8AIjjB+VLHN8aW1V8RjqaYmOWORuHNI5BBVLcaCS3h9Q0F0YO2O2V+gn9qz+y3B1xTv+I3w9oSbzAzxqmkY7ArhjOpu395zt+L2wviF7BG99JUNBdjD2EcZX07xnmI2QTijwfkvDu9OuS5XTMcTFXQajgPA2PqoLSWu0E9/VW17tjrPVianz4MhzjHCrquIOY2ojGM84XqVLfWpHg9RppaWzZPsXLUxuxx6prHAEZKKCDwkc54FD0kshJNUngAeuHhdXDwmN4IcHKcmjlOVqWQW8DRylJwEhylJwERIxyhicmpygQk1OTM4QEHng/ZQy05KlIZA5wktZLTwCAwixndCL89k+MgHdHGJbLCnO4U+HcBV9O4ZG6nw8BORmtJEX1D7her9OAfwpn3/wBF5RF9Q+4Xq/Tf/wA6mff/AEW+hHD8o/sQRn/z2ib2ytwPoaPZYdhBvEX3W3P92PsF0ajz2s7j/gJXS+FbnuPovObG5zrzNKfxHb9Vu+oZvCs8mOS0/wCSxfTOh0rpSzcjYoJ9ovTrFTmjcWZwE7nEcBTbI/UavbGZCQodvDRSOkA33yVLsY/lvce+SmJ8GGbyaKha1keoc4UGkkHzU7gN+MqTFLiPTjsVX0bvDEr88uKN9CIrLM115VuFO5gH0hYvpqEue6pPACset62aSpdCXeUnf9VX2MFlMcdys/s7tMNmnLvVkHf1UKfujNzvugzDbZKtmdDQaVyW6R21gGsGeyv38jCobV/2wK/5cF5Ty13Z9k+mtLsqiWdFGPAzjO6sIGEEZQaKMiAbb5U+GMA7t/dfN/I3fcz61oobYpB42cbKTGAMFDY0HCkxenouBZLLO1CGQ8TcjOFDugd4PHZWMQwNwot1aPBwAhjLIco4RQ9kM8oxHlJQTynxWTDbLJwnA5WRvZfNUuYX7Bamqf4cRf6LLSfzamR5C30R9nI1cljaUNXSnuN1SVtI4H0WyqaTW7VjlVVXSZ20jdbXLBxbaNyK7pi7SWa4x6jhjjj7L3C2zsrKdk7DkOAK8HrKQg6gMYXonw46j8Zv8MqHYkjG2e4WTUQzHcjZoLnT/pPo9EjGNk9+wSYiOC5x2088mJ64tpqaRzyzOoHHsvHYC+33F0Mgw1xx+a+geoKR9Rb3tjG43XhPUFJLS3IukbtqXoPF2bq8M8X57Tf6jtRf2+bSNtwd1cwy6g3ZZa01W4BO3+i00Xlb67LrHm0SXgAZxvhHpXB0OCdwUCMiSLPcpUpMc+CdkBoXR2tp3SQPa1n78J9hl8eJ9M93mbthSwAXhh4cqiHVRXt0cZwDuQlPDDzjotXxR1tHVW97Rl7CMFfO/UVq/hNznpSzSA84X0XFiOr1P4kBwvJvi/ZJKOtbcomZjk5IXV8XqPht2nG8xp1ZS5rtHmyS7g+i4vZrk8KNTkk1QaOXdAXWrhOUSWSDklwHK6rINLTnIVzba/ZsDv1VQntdpOc4T6bZQfAm2pWLBp3YcA5pyE1zc5GVEt9VlgjdyrCRmQHDuuinuRztux4IxcWODgMqwo63JAPZQ9AwhtBYSW7JqlgKEnF8GkhqQ4bo8dRkYxys7T3Asw2UqypqkSYwjSXs21aqUey4jdk5JRshQYX5xupbSMI0m+Do137wmoJ+A7so4JyisOQi2ezQpewb2N7IYh1HKkEYXG+VU0TCZXVUAbwMKI6OWJwcx5afYq4mjBwcZUWSn1bAYSJwz0U1jkdQXAaxHUkb8OVi5gkGO3qqGalI7rtH1G2gkFNXRuLezwlNYG13KP5GioLbGZxPI3dvZaaGVwA8qqrPPT1bQ+Mgg+iuWgNI24UO5oZJr7RwmeeyIyct5jkP2C6zAxtwjZKh2ISyNFUeBDJ+iK2abb/dpMeuEmk55RWudt5j+qhsrkObM/GdO/uiCqqc4AiHuQuNAIyeUUAZUNCONkqT/wAaMfmnAVB/436BOAb6D9EUlvZQZCT9g9NR/wB9+y60VGf7/wDZGSUNCkvY4NqMf3yK1tRn++/ZNTxyEAxSyh4FRj++/ZdAqP8AvyPsE8cLo5UGLgZ4c/8A8lyj810Rzn/4uX/zIw4XVAgIpZyM/Oy/qnCkn71s36qSkoXkEKQ481TKf/EnGkgedTw4n7lGSUL3cAfkqT/uv9Vz5Vg+loH2COkdk1LJUpAS3HsuBpKU1Q1mxBJPCrqh9znjLaSMsz3cjjHIDn+ie4Du5VdZe7ZSSGP5gSEdsKvFg6gqnH525eG3/wChu3Umm6LtTTrlfLJIeSXbFMRlk5SfRmr11JX1zsQvbTwk7Nbs780y2mVmqSCnkle7iQDK3DelrUAP93afc7lWFPaoaYBkMbQB6DCqMTP8DlJtlBarRdqkiaoldGw9vVaWG3tgILTn80ZkekYyisd5uE3A6FezsLGzSBkIyaHNDdR2woNVeKeIENOSjjHJVuohV2WgcGtJcdlCqrtDE3THu5UlRcp6nIDyG+xUcZOSe6ZGrLOdqfI7o7YE6erqak5EhaFFIOckpzXAdkk+MNpxbJyf5MQGEsBdSRoyykcQnS9sIjnDB3UOWZjCp/gU7Uh25OSo0jwO6ZLVl50xnhCcCdySnRiInZnoc5/qmB43JKZLVQRt3coMtUyQHQSmGG/UYQWevJcWx8cKtneZTkp0hLHeqFI8AJigcq61zfIJxDe6A85Yuy4JO/CjOOO6sxTn+xrud0J7jjBXXHfI7oShnlLJx2xKHkeq6SMFRi8hxQMBzwwsgJxhAdJschFLgGnKgTyaTgKlwZ7Z/oe5+SUB5IGcpGXR25VtabZ8yTWVbS2niGo5/EfZDMU5bmSbTQx0sJuNxAGBljT/AJqnvd7muExYwkRDgI19vDq6TwICWxM2CqmRFxBwss3yMrWeh8EROHOCkhuFyMBoxlcmmYxuRv7JE7To0wwjs0nhDBI4VNXV2s6Qu1VS57+ScqKYi4hxWeVmTSoNgWs8Z2pS4YAwgkJ0EPGGqwggyRkJXyejdRp3PkZBBsPKrCGnBx5cIsFNnHlU6KlIAICrKOrTp9pEjptJHl/dSmUxY0PwjGNrSMqtvV5jo6d0UbxqxulSltHyapWQd4u8VvgLiRqOwGViaieeunM0ryc8D0XaqaaqlMkr8g8eyG1uElyyc2+ydryxBjQMAIrWjPCXJwExxwiRgk8D55NAx7KukkLyd0Weoa7IH2Q6ankmdkA4KsQ05sUMDpXjbIKu6O3xxgFoXaG3lgBIBVpFDjYDhUaaqnHljKeHA4RC3Az6Igw0EYAx7qrrqxzyaeB+PUoow3FW2qhCqq3WTHFx3Pqm08TnOy5MpoCcEjspzGacYGy6FFGOTh6rUysllj4YQ0Db90UAZSjHARRETuAulGKijBJ5OsAwnE4XGpOToAHEVBThKT2TAziSSShDrPqCMOEJrSDkhFHChDqSSStLILeBJJyRQt4KOjlEOkNy4YUOSsZHkHlRZKmWbbVgJM7Ui1HcSp6po2Zuob5XSbFMxhDMu3CzTuyMUTuACSmloAyXBD8QA5dwoVZcIYBkSZP3WS21RfJohXuJuvB37Ktr71od4cGNuSqitvUsh0xv2VY6d79ieVy9T5DGYVmynTLtk6uulRIdpNj6FQjITlxPKESSlkrkztnP8jZGCisITpCScphc5PG6IIspTWTRCLfQJFawn805tO4kbKS2HSMY+6FvA+FEmRvDHdIMClmLAygFxyQEt2GyvTtkcs9FzQVILQVyZwa3hZ5SyaIaaPsi6Md0algnq5hFTs16u4VrYOl7r1FI1tJTksefqXuHRXwqprLSNe+nZJUO8x1DOFUa3Nnb8f4Oepak1iJhOkPhdWT6au5ta0PwWNPZetWXpRtFGyJlM0ADc45Wmt/TgiLXyOBIGzQNgtNRWzytLgtlVOzlnudB4aFMdsUUdq6Tp3NEkjG59wtdRW2GnDfBYBgYRWRRxMA0YXTK0DDQnqSXR6KjSxpjhIPraxpGBuPVRjNKT5DpTSS85KRc1nKrea9mEfOugnsueFnkIqS6mD8UbmwOgNGEzQ30RyzPdC0+6WkgGwegZzp/dO8P2RGgJ2AiUUTcwGknsuaWqUWjGMKPjc5UxyHu/Y3A9F3SOy6Q7nHC4eVbWAlNo5o9ksBdAyln0VpZCVrYPASwETUkTlXsDU9wMgeiHgqRjOyHgIXBILORmkJEYC6kraaJkG5pzwm6QeyOdOEE8oXyVhDPD90vD909LBVYJgCkjYKSmCmsEfBXQ3fdPwF0MzuAhJv5wN8M+i5gIwDu654Y9FWSYz0B0grmj2TyMHBTy1o7KN4IlkFp90tA5XTsml23Ctc9Eawdw1MIbhNdnKGDvjKpvBaWRHlNwUURgovyxPZZ5TUTTCmVnREwfRItKl/LH0XDSyH6WZS3ch/8G71HJCJwuZ/+XKnNoJHO82AO6MKKAjdqU7kujVR4bVXLOMFVjO2QneG88Nz+atPkoBwxdbA0cNQfyDpV/Tl7/NlQIKnO0W3qitonHGrYlWgjLeF1zBshepl6OjV9PVw/N5KwUPsiNo4x9Q4UvSPRMyR+H90mVs5ds6FXitPV1HIIU7OAF3Qxu+E7STwEvBcfwpTkzbXpoV/jBAwQ36W79iuF8/8AXsjBhcc4XRF6hC7MmmFEn6wRSHd1wxk9lM8OMbaUjoxsEG8Y6Yx/Ig+AdWcLojA7I5Lew/dMOPVUpZFyjBfiC0j0TS0FEOyYjBI0oe7ZrsIfgtH1KWWe6A8asZ2wpguTwhpa2Mcfuoz3yE4jZlSXyUzcaySUIytO8LcFRGdzywWh/wDxG4BXMUUXMoc70RhS1tTu7YBHpbPEXCQwh0ndzuFbWAGslY8PkOIIjj1C7FRn66mqmJPDQVeClp4gTLUhv+FjlDlraOF2mJpJ9SFbeClVkFG0NGKelH/NIOEx4G3zFUAP6WHhKWqrH+WP6TyhNpycOdyUG9BLTyfR3TG3/s7S/wByuCnklwXxYwjMaGbjbCZJVxgYc7GELtRor0+fyHtha0Dbj3XXPp2D+8x7KulrHSkindvhBipaqZ383hKleaK9Jnom1Fe1p0x7qNmuqNj5W/qpEdFFH5sZKPGMDA7JcrGzbXpcfkRG0byQX8j3RRE1gycZT5JQNu6jPcXHCHczSqYQ6CGQBCNQOFw08riC0Z/NPbTOBGRhVKeClXLqILW552GyaIXO3OymFjI2jKC+oibszdSMskVbXLBeEB3XdLG8uATHvkecNOlL5eWQjGfuo5E+OT6QQysA8pygS1Dj9I3R46NwySispD/SFSmmE9NNlfqmecOOVzwnnn/NWXgY7LhiHoEWRctJntlf4R7gFc8L/DhTTGPRcLWt3IwrFvTxRDELgcYSMJHZS5NAGT2UWWrp/p1bjtlRciZOFXY3w/ZMcMcrjn1Dv7huQdk5lHUOx4x5TFXkzTvjLoFrzkJpFQ44ZGSrKCihj3cMlGcWQDZoTY1CJ2pFZDTTA5kBwfVS2RxxgEN39V11Qwn7IEtU/YMOExQRms1Sj0SS4AeiZ4o4UXVK85e5EbGRgp0KsmWesk+g5fK76W5B91zRJ68podpGAF3JWiNSRjlqJy7HnSB5xq/NNLmngfulodyR+6a6RsexKPakLc2+xvmLsBpRBA8DLts+6D82SdMWMruuV/1uyphEy36D642fUcIZqRnYbJphLhnfP3XRATjbCFlqMn6F42dtKGdROUfwSN8JwDR7qt/oZswD8ycw5dhNMrRtpTA5zydLcnlC54KjXkk6W7cfquYHqhx088nbACKYhGPOkytS7NNWlnPobo900DTyUn1ELPxZKiyTuccNCRPUpdHRp8e3zIlFzRyQhunb+HdCYx7/AFUmKkBwTsVmle2dGrRbX9o1uuQ8fujsp3fiOERkHh42/dSQABgBLcmzoQpjBcgBDjt+6INLBtuukEpgiJOxVxjkNYXo4XJms8I5YGjdB1Mzu7CaoYBm8+xpc4nJXNJPJXfEgB+rf0XfFGNmpsI5MVl8IdsQj7kJ4Y0en6oJmHYITpu+E9QyYLtdFdEvLQOQmmoYzfZQTMdxuuOz68pkaznW6ucuiU6sh41boDp3YOkoOgZyu5AC0RijFOdkn2cMspJBOUjHId3d03Uu6ydt/wBVPkURUqnPsaWeoXDxwnBrj2ThA/P0q/kyXHStgATk7Lv5qW2jc4fThGjtxcQCEuV2DXToZvogZJ21Lpa4q2ZbISPdSWW0AAgYCS7jbX4ybKVkErhnCJHESr1ltH9I/VHbboOCxB8uDbX4xrtFHHGXbAZRRRTc6QArtlDFF5msBXTEfTCF2o1w8fH9FOKV+dwjtpsDOAFYGAf0Lop8/h/dLdqNK0EUVzovRLwyFZfKAkHH7p7aNo7KvlQa0RViN2eET5Zx3LVZClaD2RRGxu5xsgcw46RIqo6JzvwovyJaM+CB7qwL2NGGDJ+yXg1cvbIQqznkd/D4+1clYadrTjGE7wmjgKzNsqTgkfsnttE2QX8fZXO1LoqOhtfSKfSPRIA8NGVfMt9MB5+3KI2nt4I0MOUtXYGrQTX5Ge8GocdoyUaO31L8eTGVoW02of7vEutpZh/fb/si+cOOgUiiZbXsH8zG6K22sBBbFq/NW8gpIR/M5+6hyV0DNmbqSu4Gfxq6+wIo2DBMegD3TZI4GAEPOR2wnyPml+hpOQgilq3nzNCD5AXFPiERpkaNmjIQjOCNgFMZbJfxjlPFqgackKnZkuNFv6K3xiTsijWdiFZNoIQPoKI2jGdmKfLkZHTSf5FY2F5OcIradx3Vi2lJGzQiim0ndV8g6Oji+yu+VPoP1XRTEHOFaCFoH0/uu+C0/gU+QdHSQiVraccYRBTNIzpappgHYJGNwOP9FPkBlRFPgh/LD+kJfLgb4ClhvPGUNzQ3+8mCtTyUqYoiGFo7YTNLWnPKlF1H+OTKGaihbx2R/ISUUuAbtYxojz+aY6Oc4/lD9Un18Wf5e+EKS5kjZF8wlqP9TCCknIyW4XPlM/W7HqobrnOSQ1yH49S/fOxVfKmKkqn6yTxTULd3Sbrjn0EQ2KriHvOXE5XDTSP+gKfKgXlfhEmitpQ4kBcNxiA8vKist9Rn6FJjtkhaC4gfkiVuAZK19LAM3Kf8ITPn6rnOylNthG5GfzTxQjjYK/lyK+C+b5ZB+bqjsXFcHzTjs/IVh8k0dh+qcKQDjZT5EF/Gs9siAS4yQkGk891OFO3unCkh507q1YGtM5eyFplxnIwuanDup/gN/pGEjRQHlinyIB6OUnwQDM7u4/queKfVWH8Og/pS/h0H9IU+QNePn+yE2R/Zx/Vd8R/9RVg2mYMNDGonyjSPwj8lfytgy0E0VwlIOPVFBGNQfpUj5EF2+APVOFvb/WEcb2gHoZsi+IM7Tj7YXQTznKl/IMz9Q/RL5ED8aP8AksTPx80AEv8AUuGSn7vjUj5Bp5eufw6P1H6KfyWIfjpsB41KdiWfokI6CX+88M/kpAt7Dw1v6Jfwlp3yP0TIap+zNPxU5cuJH/hlqk7R/ou/7NWV4yGMyfZFdaAcYkx9k02qXHlnI/NOescTLZ4qXXxoA7o2gnP8lrQok3w7lc4uhmbv2KtW0VfG3EdTxxlKM9QRHabbtumx1ta7MN3h44+6v/sZ6boC6xbiMOChy9I3KLZ1Llbll8vsDAyVjX474UmPqhzADXUefyTo6yuRzbPCUv1JHl0trkhcWyUzwR6hQ5KctONOF7JHfunqnatogAefKE99N0HXt0tYI3nuBhNhdGXRis8Ns/Gf/c8TczHsuBhPC9il+H9grRqpauE+22VTVPwrqmPc+llY4dgSm7q5ezHZoLo/jyeb6CuEY7rUVvRN5p3EGmdt6A7qpls9fAcPicPXZT7XwY502QeJRwVOSDwiBxHZSjSaTpcN0M04Hp+qnx46Ep57Gh+N8bp7Z5GkFriD903wz6ful4Z/pRYaJl54Lq29SXejkErK4uHdsjshaGi+IcolxXwMdHj8HZYbw/f9k1mx+ypjI3WR9nrdu6nslwIzUtp3HjxDjKvYJ5YtMtJUk53a5rsgrw3VxtwjU11uFvlE1FVPhd3c07quTVVrpQ7PemX2tbhtQG/fClh1lusemqgYx5H1AbFeO0fxBurGhlwgZUY2yPKStPbOtbNPCHyyvid3a7sVecG6HkoTeGaC6dGSNPj2qfHfDSoTLrerGRHWROeweoVjQXeOUCWirA4EcB2dvsrFlxjnzHWwsmY7sQNkUbGmaFOq5crJAo+orVc8Ry6Y3HkO4UmexRSjxqOUAncYKr67pqy1z3SU2qF/IwcKofT9R2F+unmdPCNw0nOy2Q1bXDOfqvHVWrhF7MytoDiVhcPX1RKd9DUYLHOp5x+LON1AtnxApXOFNdaYtJ2OoLQimst4j8WhmY17t8ZWqOpjNHl9d4eUX9iLC2da33p8tbM51TT+5zstxZev7JeWtBqPlZnbCOT6s/ZeWOprvQOPiAVEA/CRnZFiitFef5khpZu2RjdGpp9Hn7/F2L0e5h9WBqZiRv6KNOyz3A+DXQeDM3/ihuBn2cF5rbLx1X07pNLMa+lH4S7OAtda+ubBd2CmuuaSbuHtwMozk2aadb5LRgv1reHW+obXwD8BOXAK5t/UFvuY+WrIzBK3ZzJBhVsducW/MWWuczO4OctKjTVZY7wrzQ59ZYhgn80AONpKv3RMVfmqoi3JGdliK2kloZDBUREYOPMFvKK5Rtbi23IyMH/De7Dgpk38Ou8JpbhTtcSMHW3/ACKgO7LMFZr5X2qQSUVS4N/p1bL0vp7ru33TFLWEU9Rj8R8rj7Lz29dD1ttc6oscviw8+C47j7FUNPXuE/y9bEaeVv8AUMfogKlFS6PoVshcdTdx2KIJAQBheUWbrC7WcAvc+ppf8RyQFvbRf6C+QtmopwTjJZncH7JeREoNFpUUrZW5jIaVWATwSaZW7dirTxCwbhN8krfM0H7hTJT4IrGxyYwQCVxznxnSQmVNLLA/xYDkHfTlcilZL5X5a4eqsmUdq7fb7vRy0NypI54pRgtkAIXk/VXwpudmZJW9OyfM0jRtSOOCz/lP27L15oI7rsm+MoXBMZG2Uej5kBZM0iRu7SQ5rhu09wVGpqy99K1gu/TFU+nkJB1tzgkf1Ac917x1b8PLJ1VK64Pb8rc/w1cQwfz9V4t1R031J0fMyK+U7vl5yRDUsGI3kc49CsOq0kNRD47FlHa0OsnTLfRNxmj2XoD47WnqIfwvqaSK21zMBj+IZc+np/6r09rfEC+JKpjJcEtGM8jsV6D8PPjTfOkHQWm9VL7haCcOEzsyRD1a7svmPnfomKg7dE8Y9f8A7T7b9Lf+JMotafyX/wDcv/ufTejTnbhCf5zuMYULpfqay9XW8XCy18NRFjcNdlzfurMxgHAC+VarST089k1ho+36HX1autWVSUl/YiHMeC07q4t19cGthlGcbAqufFnGRlBLCwgt2WGcDpRlk18NT4mODlTGYdhwP5LH0tbLCQC7ZX1NXMe1uHb4S2muyy3yAOUzJygNeXdyig53CFosJknunnSWg+iHkHuhmQsPqqSIcnhOTM36hwnQyk7OG6fHMH+UhMkYNi1ETGR7dLuUCaEkl0YH2KTXEYBUgN8o3TCpRwVNXS0lyp30FbECHAgZ7H2Xm92t9b0vWeDK10lK4/y5PQei9Wq6IVDRpIa5vBVfPS01yp32y5xAkjDXELRXY4sUUfSPWRoGGCrzPTuxwdwvHP7VP9lOk6wt03xQ+E1KW3bS6e4UVPHq+cPJexu380/utjfLXX9G3Z0Lg6Shef5c2MB3t7LY9HdbutrmRvd4lNLs5pOwXc0OvlRLMTk6/Q/L/qVn5bup47pSm31MrPHDQc+hWNkD6aR9HK3BBIwV+hn9rr+yzQ36Cq+NHwliaZ2t+YvFDTtwXnl0zWDlx/F67L4Vv9tNwppKoMEdZS/WzGC8f9RhfUfD+TjOCjJ5yfO/NeM/lxc1+Rj5mmJ2x2TmSk4GF0uMzNTm7jt6KO3LXY9F6LKXK6PDSj6ZNyfVOUfJAG6JkIoyyLwGTjwhpyZkDAhyU9MyE9QoYkeEkjwoQYzlPTGcp6hYkGTkIyDKM4UyQew5CY9JnKc/6VCEZOjOCuHlIcqBE2Bx8pyrWD6QqWI4IVxR5wMok8Mz3IlwDMjfuF6t06P/AHWzf0/yXlUW0g+4Xq3TpBtbMe3+S6GneTheV/BCpiTd2kngrds+hv2CwlPIBc2/dbphzEw+y6FfB57Wf0/4K7q2TRaXNzy0rK9MjS0e4Kv+t36LaB6tVF039DPsgk8sbTHGmZuYCI7Y491Ks4xDgeirp3eDbR75VlaD/IB/wpno5c8lrIXMpHOzg4wq58wjgHbY5Uyd+aQt9FS3WXwqRXZLBdMVKWDzfqesbU3FwYfpKlW1vh0w991TV0jZ6972jAL8fur+ENjia1vYbrPk9DVDfFQDtOSmS4xuU/gKLOcEYWO6zDPT6LT5SiSrW3/exhX8Ok1EYduMqps7WmN0hHmHdWlAddQ3P9S8f5W3OT614Oj44QiamnhwAA3bClsjIIwFymjBwPZS2RHPC+ceRnmTPp+krwkdhiPOFJijPOEooxwjsYMLjynk6sFg6wENwB+6BXtLqcnCnNYG9kCuYDTPwrhLJdyeDMO2BCiHlSHclCPdbq+Ucu17WQbq/RB91RNxq1dyrW8ygsDMKmZIGuA5XXoqxBHA1d2bcEks1gDCiVNASMhWUUesA42Uw07XMxpVWvBFDcjG1ltDTnTwq+CSW0XCC4QkgNdh4HotfV0WT9PZU9bbdsac57ZWaUsrAM6/j+5HqdhusV1oY52EZLRndW3YLyzoW5SWyr+Rmkyx58uey9SidvkLJOOGb6LPkhljZmA8jIXj/wATrU6nl+ajZ5M5K9mlaC3YLEde2c11ve/TnAK26Cz45pHP8tR8lLPIbbMS4DVjHC2lC90lM0uO/CwEeuGoDQcYOFs7FM6WIsJ4C9IeBxhl1RnMgYeCnzDwqg44QmeRzT6otQQQH90uwZEkh5cGuBGQq29AMfHWMGHjY+6nU4zFrT66lFVRHI3HCS4vs0RjuQSGVtbRMmj+oAFZ74h22S6dPF8bQXQ7u+ysOm5HZkpy7YdlbSwMmifBIAWvBaQrptdVikI1Gn+WtwPl9xw7QW7gnZNVr1NaJ7Te6mkqBuHkggYyMqsc3AzlfQNLcrq1I+b31/HY4Akl07Li0lD09D1eyIiIJJJJWQYuE4RElF2R8hqed0ZaQr+mqY6mEFh3GxHosyMNznupNLVPhlDmnHqPVbKrWuGY7qucl+WnK5p912CVszc4wiEY7roRe5ZMjlh4ZHkjB4SZNUwH6cIpcc8J5ALcHsiTwB8jzglUlyLcCYq3gq45QAx2VlpYDkEDhHpaqWI4A2CdF4NML3F8Gqa4ORmHGVRU9x4DtyrOGoY9oPqjyjoV6lSJucrhGVxp/JO/JXjJrUgSa5oIREkGBu5ESSM+mVAqLbFUsc14wT3Vu5gKCY87BLnXu6Kws89Gcorrd+mKksYS+IHfO+QvQ7H1ZbL00RQSYqGty5jv9FmZqVkzS2RgIPqFSVPTTo3GooJjHIDkYOEhQaY6q+Wnf2vg9fY/O+FIa7OV5Jbut75ZHNp7nE6eIbB2N1uLN1jaLs1oZOGvPLXHcK+js6XykHxI1AOUePY7qDDNHIMseCD6HKmRAH81DtU6uM+iQ3hdOc5C43YLqo3wuXsfkogJyhp45VjlNElnCcOUNrgAnB2/CocpBWfSEUcoQlwOEXX6oRyCDhdXBuF1QapBmpyaCF3IUDHro2XElAx4fjsuOmjaPOcJmn3XAzHdElkFoY+qaDiNjnk+gTWmsncOGj3UgAN4HK6MtOx5RlA/BP4xunB5+nCODqH3XWsbnhTogwN1DcJzYADlPaNuEUgDkp2Bb6GBgCeAG8nlClqYIG6pJA1VVVfoHHRT5JHJRRjkyz1MK+y6LmgZJwFCqrpTwNw12XFU0lZUVOxeQPQIJYQRndOjEwajX7uIEye41FRtrIb90HZ43K6GbDbhdTIxwc+dkrOZCaMFHHCGOUZpBGyYuDJOaiNdnIwU5qZNMyIannAVfUXyliYRGS53smf5Ms7Uuy1QKmqipx5jk/dUX8aqpCdIwFBqrgyP+ZUzYz2yiS3GayxYL19x1Eho2UaSUu3ccBZSv6uoaTysm3KzdZ1rV1xdT0OQ7O3uiSyc+3Vwi8I9CqrrR0gGZAq6bqeOd3h0oP3WQo7HeroRLVyGMHc5K09HaKahaNABONymxWDHPVTk+AollmIfI7ITwcDZLA3whl3OCiETscux75ARv2UN73OBwnukyDnso2o5OQjMNkxPcckZ2QHnYlFPCBI4bhQySnnoEeUMkY5T3kbqKScqGedgnE5OTsgktA+oLrnAg4PZRDk53VN4Ftth5Zuwwokh35S333VpZ7QZ3fN1jSKdp3z3SpSBfIrTaPmnCqqhphZvv3Svd58YfJUWGQs2OO6fd7sJM0VEdMbdiR3VMGZOSkzmXFbmDaBwEdmMbBN0ehQ55xEMLLOeDoafT45CzVDIWEk5PYBVE1a+Q+YcrtROZDjhBawkrDOe46ldWeBAlzs8qUxmQNk6CDUBlqnU1KQ4EhJcjbTpm3lgqenyRlqtKWmAIJGE+GmGB5VNgg34UOtRRsHQxAAeXhScDCe1mG8KuutyioIi5+D7KnLBpe2tZYG7XKCiiMsjt8YA7lYSrq5KuYyP4J2CPVVs9bO6aZ2QfpHoFG0A7jZKk8nK1V26XA0AYSAw3ZcALjgJ7vKN+ykVkwyfA0YA1E7KJUTsIw0gldq6hzm6GnHqlQUvjS+Zv5ozK+WDho31Dxzg91oqWlaxjQ1mMfulSUjG4GnYfurEMbpAAUH1wGRMa0cJ75WRNLnHATtmDJKqqyrE7yyM8bEpsa9xd98aIZY2vrTMPCp3YPcoUcY2zsfVdjpznVhSGxEYOn91vpoxyect1MrZNsdHHgjbAUlo4OExvZGbggbLdCG0y2PJ0DAwjAYQ2ohOE2KyKGpyWcJhIHKPKIdTF0jCcjDGgHKM0YGCkGgHICeoQWAupJKEEuE4GUiQOUCoqPCacFU5bQUskjXjnZQpq0vcWR8BRZaieY6dW3snRx6Rvys9lmQ1E67Ljlx3XNWBwk4hoJJUV0owSAsk5e2MjBvokeK31CiVVUyJupwwoNRc42ZBO/3VJV18kxwXEj7rnanWwqWUa6tM5fkiyuF3j0Fkbt+NlRTyl25zumOy45JSIyuJbrJ3PLOjXRGCBk5OVxPXRysr5eR8YjMFPDSURrMjYZRdGPwqh8KXICIicbcqTFCQRsiMgLiDhSdLQPpGyHcb6NPjsCImgDASOB+ScZN+EHJSJzZ0I0prgT352Q9PuiYONgrK0dP3C8TR08MR1ycD2Qcs1afTO2W1IqNJcMtOVv8Ao/4UXS+COouUXhQkglp5PsvSvh98FYqYwXC5QhobuGEZyfVetU9pp6NgjhhYGjjATK4ZeT13i/p9J/JqF/gyfTfR1DZ6eOnpKKOMMH1Bq1VHQgEeTlWMNOMAaRgI8ehnbhaYxUT2FWkhFJRWEdpaKGMag0Z75TzIGfQACmuc4jS3YLjYCeTymm6utRXA0vke7nZODHDGyIIfDxqSfIAMacoJSwG3gY+SOMYccKFK98p2Cc5j5ZNTjlSmRgbaUDZUpZPn1JJJdy1fo/Ewk3T7pySSQYkkkiIJMc1PSUIDICYQcoiWAoQHgppGUUgIZ5VkEuE4XUkQYlw910nAyVDnqMnAGygcU0EJGeQmZHqo+Hu33T9D/VQND8lLBXQDlPDduEpyx0EMAOU8AYS2CWoKk8kEQEM8pySCU9pe1vpDGtIOSEUAYSwEjwk/NH2Mho77X9sWIgIRaSSQE/B1JwCB6mCN9XhNVP0CDSOyRa48DJUjSPRIAA5wkz1SfRsr+n7/AOpkXwakcRgonyzgB4mMlTWl2MZSc3VykS1kl+Juq+nf+dkQUrfxDbunfKW4ckl32RNPukGDKTLUWS9nRp8FRX+SG+DTg4azK5pHZqkBgxlc1NG2EPyyfZ0qvHaerpANI9F0DHCLq9ktSrezXGmuPSBJgbk4R9PuueH7qZGqK9AwzvhLYBP0O9E3wzlQds4yMLsfhSOXjOEYMZjC5lreypvBEl7ABpGRhOEI7jn3T3SN/pTHT7YCB5kR2V1nfCal5ByUIyoIcTwVW1tC3qk/xJJlpxnzboDpgQcDZMLQVzA9UOwW9RNjXOflNL3HujFrd1He7RklWq2xbta5kJc8yZ8xG3cnCYawYxhHGiTFS1lUe2EyB3THzxR/U5BJdI4BucosNolnIMu33R7Ix/Jg/wAp2cwQCSsa4Yi3KGyKsqvLjAVsy2UdMQZJoh7ZQ6ivpoSGU7SSNsjhA5x6Qa+Sf5EaK1vbh0m/sjfL0kOCX6SFHkr6mTbXsfZAllLgNRygchsaye6ugiaQxxcVDmuFQ8EA4CjYOc4XHODRl2yGU8DlVkQc6R2XD909jGt/CFFlro2HDN0J9dM7Hh7JUrcjoUYJzpGxDJUWSvi/C7BCBiqn3O6fFSEEEjCzuw1QpfoYampkOGk4SFNLI4GUbKY2JrO2crr8MAyq+VmmqiPsbFRxMaMNAPKe4ho9MIUsxGMIWuWXZxQbzRsilwEdO3hx37ILnyuOI+E4Q5IJRsNY0EhU5YLa55Ashmd9YRmxCMjP5IUlwhiGkHdQZq+SXh2PRXktNei2dLDC3zHCgT10hOIjjKCyGsmI/FlWNJbD9Uzd0MrEg1VOf4FePnHnfzZUqKhdtkY91Zx0ZbgNaAFKZTYxkIXYaa9J/wA5WR25pALhuEZtKQMBuArNsLcfSumNobsEr5mao6eMOUV4pO5G6d8uBwMe6K+RgJ3QpKqJrSXHCZGTYqySiDMTQd8Ib2Abhqi1FcC7EecoA+el9gfzWiPJhssj0uw1RPFGd1CkqHPIDGcqYKR5+sglFZSxDdwT4x3HNucvfBX+FM/Ae3Yp8dsp2YeRuprnMZsBkKPNOewxhOUDn3L9jmRxxjbAwhyzt9tvdRJa0R/3sgH2VbUXRmT4WT7psYYOdZqK6y3lqSOAoU1aCMSS59lVyVtXMcA4BTPDkcfPvlOUUYLtapcRJ4qyTsRgp7JvNkqJDTOJGf8ANWMVOWgFEoozOUrOgsXnxtwjaUNrQ0YynPkwNt8pkZJEjFvsQaGjJOEySqhbs12CmubK47AnKfHRtJ1PG4R/Kgtjb4QLx53nDT5V3wXyDDiprYWMwA3hcdJGw4IQysz0MVWAcVK1jcEfmjeC04wE0Sh4OgEkLgFTIdOnSPXCBzwOhX+kdcWs2zwhuqwP7p26M23yvOTnB5UmO3QN3fgJUrkh8NNOZWmomkGnP6BGipJ5gC0ZU97rfTjfBIUaovMYbppmAY9EmWqxwbavHN/kObbABqnHCc6Wip24aBkKqkrq6pPlOAgmJ7iHSOJKzz1LaN1WghEnS12Noxsoj5JpPqOco0dO7AyP3UlkIGPKFldkpdmyGmiV8cDnHOFLipsEEhSBE0cNwiNZ2GyBc8j41YBtha0YCKGHCJoABJ3QzVRs+s4RDsRgjqcZG+oUKouEOQAd1EdUOftlNjHJjt1MYdFo+oj7uCjyVjwP5ZwoI1O3KM2MkA4TYxwYbdXOX4s66oqHkefC7mR2ziuDwmHD34SdURHaPfC0wiYrLc/kx2nBG6eAO7gFHLyf/mrga93ZPUUYLZ+kHc4Y5CEeU0NJ9UVsJeMhFnAprIzOV3VgcJ3hlI0zn47K5TwXGmUukBLym5d6KWyhccKZFbjtsB7oflNMNFOfoqWRvcfp5UmKkecZGArqG2jA8imxW47ANwhduTpafxb7kikZbyRu1So7dvnBCvY7Zlv0j9VKjtpH4UHyYOjX45f8pRR20AcI8VuaCMhXjaPSNmLoiDTwkWWm2Gi2eiuFshxnByntpNJ2bsrDS3sm4zthB8rZpjSokQU7QE3wcHhTPAJOcJ7abJ2G6GVmDQqE+iGIPZdFKAcqcKZ/oiiin7DlJc2xq0uekV3gADGBx6ITYRlW7Le8uAfgBSW09JFgyNAKp24Hx0iXaKRtIX/S3KO23TnhvKt8U5wIW8J/iS48rAglaH/Fg+0VQs8jvrajRWinjGqUgeynAVkh+oNA9Vz5LW7Mr9X2Kv5hsdLF/iuSKY7fDsGgk+y5GdOfDjx6KxZQU4GSz800iKPGAMfdLldyEtI4+iD/AL0848Pbsu/Kzvx4x2KmOkyP5e/5IMkdZL9ALUDuQf8AHS7QI0EP1PyMBAdJRwDyAEhS22qd5zPUSY9AUQW+miwWMOfUqfMvQP8AFk+SqdWVbDpposgppguVYPO8sCuRCGDyMAXSHNVfKEtGn2ylZZGnead7z6FFZbKZhyG7hWnh52yh6D6qK1vsZHS1ojNpWsGGNACdoHopjYXHfCQp3ZyMK3ZgP4EvRC8MnIXPlpBu7bKsBDpRHRF+Bwp8jKdS/RWCAf04RBEOdKsBTDu4A+6ZNJDTbvkYfsUPypFOuJCbFjbCeIC7AwfuhzXWBu0bNR9AVEkude4YY3SOxwp8yFtRXGCc6Es+rZDM9NEMulGyrnvrpd5Jue2EL5Zrt5iT+av5MgNP0TZrxQM2DzlQ33t7xiIZA7lAkFBF9WMqO+shA/lx6vsp8gqVbfbCSVFwnP8ALQyyrB/3g5yhNluUmflaGbHrhTG2i7VEYdPK1mr8JO4RfKKlCXpEJxHOpNbM07K4i6eYQPHm1HvgKTFZ6CH6WKfKgP49k+yhjje8nS3J+ydHb6iU+ZuxWi0UrG6WNbsk6bSMtaEXyB/xkvyKeOxPdgubj3UhlsjafN27ZUo1s24ygmoceQic8BfHCPSHiipQNwMrogp28NA+xQfEJ3Tc5G5KpzwBhLkk5YNgAhF4zwhZPcpameqL5WU3kNrb6BMLgUMuA21ILiN87/mp8jAbSDl/uFzWP6goZdvyuZ90UZti3YTfEH9YTg9p7qDk+qZqPqmbkDvf6LPWznUF35mAfi3VdrJ7pDZVlFKbRYfNNynCrgPfdQN/dO2224V5DjY2WAqMnYbIzX7bKs8XAwNimB85OBJt6KZQeWWnjj1S8f0KgiOcjJwfzTtJ47/dTKJkmfMD1SE4JxkKF4c39I/VLwp/6f3V5RRYeID+IJzXZOxVcBODuwY+6KM43RbkTJYtLNjlFbodhuQCqsOf2JTtT+MlTcGnjsuGU0b8EOA/NFFtdIB4ZH3VN472cPKIy5VUZy15VuX7C3Vr8kW4s1Sfp3/JEdaq9rQTCcBV8V/rowPPlTYOraqM5lYHj0KrKJ/oT7OOpKhpw6FcFJC4/wC8QqfF1dRS/wB9SgYUuHqGxzHDowD3yEUZpBPTaef4tf8AUpn2m3yjZrR/4UE9LUhOWTNGfZaJrrDVSHRUBhPYnZHFppeYKtpynxvkuEZb/FU3cNJmTlsFXTN10U41DtkpQu6jiAzI4gcbrVSW6dpHht1rjoqyEDNLkeqfDUNdnKu+nKpcr7f8FL/tLNGwRVlCXPGxOnlDZdrLUHNTaST9hurtrqJxxVwDP/KoptFjqpCS4jPbPC0x1WDk6j6am/wln/JWVPTnSd1Y6Zg8Nz+2MFpVNV/DehnjxQ1rGu9XHC08nR73O10le8MPGDuq+ay3+llLQXStHHutNerz7wcLWeAvhw4Z/wAGNrvh5cqTeN0c4POg5KpKqwXKn3fRyAf8pXpwq6ygx85STNb/AF42CcbnT1IDZZWAf4k9ajPZw9R4ydfG1o8gkpp4TiWMtQxDqOcr12S222v/AL2nhc31aN1WV3Rdvmi/3fyP5BTdykc2eltj6PNnMI7JrmkY2W0l6Fq2j+UWuP3VLVdO3CGUxuhO3fCZtyIdVntFMSPT909uApMlC+MkTxkY9kEsDdhwhlDHQtraGpK6sopBJS1D43D0Oy1FB1vWQMb83EJcckHBWRDd0VvBCpJjI6icOmeoWzq2z3ANbHUhk3dkm36FXLJxKMtJIPovEwNJyNirK29T3u1OHgVJdGPwvOVT4NleukuJnplystBWtPiwNa/+oDBVIbNd7a/xrdVOLG8DKZafiHRVpbDcY/Ak41ditPBV09S3VTzNkB/pKYuOh61MJogW/rWtgIp7nGfLsSQrxtTbbpH4sABd7chVVTa4KnU7SA4+yo32y4W6QzUcj2YPAOybC1pibao28m6obhV22Tyvc+Luxx7Ky+Ys93GJWCKTvnYhYqg6rG0F0h0kbawFdwvoqseJTStdnsDutULs9nC1fi42PdFGpttTdLIdVprZHsH4C7UFpLX18yQiC+UBjzsXNGQvOmzVtMQ+kqCwj13BVky8u0D5mFjndyBymppnn9T4yyLzg9LipbJcD8xb5WAu4DTgo8dNV0xLRO71y4ZIXm1JX2yZ/krpqWXtodp3WopL11XaoWufHHc6Mb62HVNj/wC9ciaOXbp3X2auK4zwOaKlo8Pgv7IF56bs/UsAd5Wyt3ZKzkH3XbN1b03ex8v4zYqjh8UrdJB+xU+a0hp8aglLDzhp2P5KjLyjzytsvUvTkjjI356j/wAPICHbrox0vi26pME7N3NY7BH3C9Ihq2vaaeqADxsQ4bFZ6+dAUNxPz9ucaWqYch0ZwHezksvdnstrD8QCHNor45rcjDZD3/NbSKYOaJYnBzHDII4wvBJ31dBO+09RUwBccMlx5D9irCg6s6h6TczR/vlqbxg5cweihUqdyyj27xwSBt+q5LTNlGw0n1Cztj6ltfUFKyst9W1xcN2k7tPorymrtJDZnAqGacXFjf8AeKd4E2HRngjkfdEcRIBpcFIEkUoxjITJKZmMx7KZKBMGCiVFLSXCnNPW0rJozyHDKH5GHEhI/JEY8b4GQqnFSRcZOLyjxrrr4ISQ+Nd+lZxpyXfJY/ZoXkMkb43up6qMxysOlzSMEFfZcb89lkuvPhlYet6cOlYylr4946ljBn7O4yFjnSmdHTa/ZxNnzf09frv0ncW3WyVJhmac5aSMr6O+G3xssnVkjbZeGfw6vDBlznAslP8Ah439l86dVdIX3pKpdDdIvCjBIjlcSY5B6td3CpI6gsIcSQ4bhwP+RXk/O+B0/kYtSSUn7SPpH019Xazw090Hur/ufeb4gCNsoLox6L57+GXx3rLY+O0dWTCoo2gMjmziRg+x+r9Qvoajrrfc6WKuttW2ogkaHMe3ggr4t5bwOp8ZbstXH79M/SPg/qXRea06tofP6/RHkicBkBOo610LtOnOFMkjGACMqLJAcamt5XBnDHZ6OM0y4o7kJMAkK0jla9uc8rGNkfA8YzhW1HcsgBxS2sBGhBz3ScMhQ4KoPAUpsgKhY1rnRuBAR2SB3PKa0BwOQgkEHOP3QdkJEsZIy3lBjmcw6ZXZ9EWGUEaSF2SIS/TgH1QkHNmDuAmVNK2cZGzxwVGjlkgm8GcYHYjhTWyhwym5BlHgraikg6gpH2m7RNeMEMdjcH1C8mv9srui7q6kma59M7dj/Ze0zQh7ctGHjcEbbqDX0ND1HRvtV2iaZAN9tz6EFaK7XBin9pmOhOtv4e8RyPElNMNL2O3BHcEL50/thf2WhZ3yfFn4Y0QmtFSC+40cLfNTO/rAH4dzleodSWK7dD3Y0tQxxpHOzDLnIPsfRbz4edfQxxus15DKiiqW+G9sm7S07br0XjNfKiW5HH8h49WL5YLn2fktdLfFHK6WNuhzvrbxuqSWIxOBA/dfZ/8Aa9/sqTdHyP8AiL8O6N03Tk5dJVU8YyaQn8TQP+F/kvjqpZgnUNxyvqvjtbHUUJo+W+Y8a6ZuaWERWjISa85TDjOAn5K6cZ4R5hoOOEjwhjlPzthFGfPIvA0OOpHH0qP+P7qQD5VpTyLYw8pPSPKT1CDWoiG1EUII8IRGSinhBfwQhlHJBMOcLr0NmziEZwy1UW1gipDZdPK4jLDxnSre3nLMnsFUNVvb/wC7/JWhNnWSaw+bI9l6l0y7Nsbn0H+S8tZyvTumzm2swt+mOB5T8EEhJFzZ/wAy3sO8TB7BYLGLmzH9S29MR4bd+y6dR57WLO3/AAUnXj8ULG+oVX039LPsFP67kApWe6g9NAlrPyQPmTRorX/yxrbgf90ZHngq2tRxA0ewVDcMmNrPfKu7aM07PsExdYObOOCfVACnO6zfUMwjoxvyCFoawf7sTnhY3qufFEBnsf8AJDb0TTwbtRgWnXVnb8a0LA4ELPUb9Uzds5K0wGwIWSbwes0NCssWfQQfSoc/1BTOBhRZtnhczUWHttFplvRbWkYpnZU+0kGqZg53US3tAt0hxgovT5JuDAeMrxnlLOz6h4qpRUEehUwyQD6KdG3P5qLSgl2R2U5jSBwvnusnmTPommjwgsTPZGY0jslG3GwCM1mrG2Fy92WdKMTnbGMIMkeY3McMggqWY8YOEpIxpx7JkXyFOCksGIkGl7x6FRZX6WEkbBSqx2ioeOfMVRdT1go7RLLnC6mkh8klE85rrI1KTl6IdzmbM3UzBDRyqYyuBzjKkU1Q2ooGuBzkZyozwN/ZekjVtjtPJvVK6W9F/b5NdOwkK0pm625VBa5h4AbjhXtumA5XL1TaltOvpZb4pg6qlBOzeyq6ulLhsNlqHxCRoOnsVEkojxjlYnPk2OncsGKq45KJ7JogdTXZyvS+lLsy5UMZc7+Y1uDvysvX2rWPoG/uoXT1ZLabkYJCQzUhlLcBCDr4PVD5goNypRPSvhc3IcCp9JPHNE2RhDg5uV2aMO7KVWfG8laiHy17T5sutBNQ3WogmZh0byfuFNsFY4VWguw3GCrv4i2yelvT55B5JRsVkaGQwVJa4bjj3XqaJ761I8FqtP8AHY0egHJiyOcbIkAMsB1bkKJbX64fDcckjIypNIdMpidyrk8GZLA+hmy90JP2CsoiHAxn6XBVj2+BWAgY1KfFJpe0EbFApZNVfRnHPfar0xx2ie7BH3WtbvuBtyqPqCi8dmtgw5u+VPsVZ41E0SbvjGkpM+xuDzX4w2J7aiG8xMGlw0P/ANF5ngr6H67tBvNgmiY3L4vOB9l8/StaCWjsSF6/w+ozXtZ4Pz+mVNvyRXDIZBHK61Pcx2r2QyCOV3u0cCMsjE5qWn3XUSQW5D0kkkRYkkklCAsp0btJBTF0bI+gGsl1bqsjDXK3Dst1LLxSGM5BV1QVrpWhj+F0dNdlbWc+6tqWUS84PCe1dDQRkDlcAwtqRmY4tBTTGMcIidgKwd+1kRzpIzsMqXSXGSPGQuaAeVGmh1DbZWngOFuHwX1NdWOx4jwCp8VS14y0g59FicVETgWAkKfS3N8OBISjVq9nQq1TXEjWZB7pKqpbrTygAv3VlA9kuSCEWU+jbG6MvZ1cxlFAIJBS1eymMmmOe0CbGD+SY9gwpGr2TXeZVtI+eytqaKKo/vGAqnqum3McZ6CYxSc7HC0rmAEFOfGNP2S5U7gOujN27qi/2OQR1YfIwbZ5WqsvxIpZpvCqg6PHc8KG6kD86mBVdZ05S1J1sHhP9WpcqWjRTqran2eqUF/pKtrSyVrgeC0q1bMHYIwc+i8HMV7s8gdBK50Y4LSr22db3Cl8NtSSfug2s7Gm8p/zs9hDgU9YC3dcsllw7jHYrT03UVDOwOL8E9lWTtU6+t+y6bn1Rm5GVXxXCCQZadipIkD9wodGvWRl0TNQ7rrSM7FRw/A3KQe0nYqGuF2SeCMcruQooJxyU9p35UHxnuJeD2KTXHPKYx4wnOICjWB0ZZJDSNI3CdkeoUfKdg+qg0Mkh4HqugYUwyN4DJIBqY2AkkDCh1N9pYhiNpkPoEe1iJXxj2XGfRMfI1gLnu0hZqe+3GaPRSQmPVzlR5KWtqxqra6U6uzHYRxiZrNdFcI0FX1DbKRu0pe88BoVTP1Hc6k4pKbEZ4c9vKjw0kEIAYwH3O5KkncAdgmwRz7dVOfsj5rJiH1RyT2BR2U/fACe1pcRsSEYuEbd0SM857uwXhuaBhEjj34XPmoW7POEB9xLSRFTyP8AcBMRlnhE8M2QyWN+p4ChE1k+75XRA8NBVZc+obFZcx3O4xiUcNDtymGW/VRqX3F1LVxNHkdkqJPXTtGW5YB3wsJWfFOGQS01otj5iOHkZBVPLfOqLxGZJ6z5WN3IHZHCOTlXeRh6N3XXunjz41Y07YO6o6zqe3RM1QOL3ewWFqflqd+qprvmXO7Ndlco6HqC6VAhoqAwQfgdLtlN2mC3XuXSLur60q2u/kuawe5VHPeLrdqr5ejc+WVx2Gdlqbb8Oovru8wl1csbnZaijstutkbYqWHyt4BTFFsxyU7397aMJRdB3CtLZLtMYyd8MctZbunLdaw3woGFw5JG6uk14Dts8JsY4IoRgM2DccY90JzjgnlddyRlBcTumAWSS6BySEE90FzzlPLtZwUEtLVDLZZlDST24TeN0Q6AOcoDnAbqGOTyDkk7YUd59E+SYcYQHHKhknMa55UWV4JwiSygDHsoEkh9MqGeTyEc/Tz3UZ7sZ04JPZdc8v2A+yuLPYCB87ciImjdoPdKnIB2RXYyzWgvd83cv5MLfM0H8SJdrz8yDT0nkiG23dcvV1NY/wACF2I2bbcKqAxn3S2w4feNDDyTuu6fdOQpJhH2yslszpUUpCmnZTs1PP2VXNOZHZHHZEnL5ZNTjn0HohCJ2cZWCduTr0U5GtaTwpNPBkg4ToaYnBwp9NDg8JEnuZ1KaMHIafGNv3VlDTYAJC5DT4xlqsoYsNadP7pZ0aasAooCMZb+6lsYGjGEmsDeFypqI6WIyPOMDj1R9GrbgFcbhBbqczTO+w7krAXG4T3Od0j3ENzsPREu1zqLpVOLnHQDgDthRQ0MGwSpSyc3U3OWYoHjCaG5Ce5pcQMJxwwZ05VJHNnlrINrQwElQ6qfy6WgJ9VUHcNCix080zsAc90xLJksm28HaaB9VNsNhuVfUNCIsHHCbb6Hw2taxmMDJJ7q1DA0AYwU1VjKq88sUUII2XXvbF3G646bQNuQqipqjO8taTgJiryXdZGmOWduFxdUP+Xps4H1OTaSF3Lh+6bDDpdktByp0QAxtha6q+Tg6jUSs7HBjQMYRMBIcJ63xikjA2MRWroaV0DKbtKHtXcj1TXEYQiTnlVnAAR5J2ahEEIjRsMhEawDOypZbIDb32RRylpwugY7pgY8cLq4NkiQOUTeCHUtvVCmlEY37qqqK+UvLYBn3SLL1HgJRb6JdfXxwu8Njsn2UKN08+HSHY8LtPTNf/NlAc/uUfU2MZws0rZSZaW05oGx4KTpA0HG6j1VW2MEu2AVJXXYO8sTv3We7VRpjmRpqolZ0WdVcYYQdbhwqKtuvinRC7ZQqqofKcu3KjjuuJqfIOyOIs6Fen2cs7LK6V2pxQsnhP8AyTFyXl9mqCEkkuhpJwq4GpMTUWOIk7hKOMjchSmNACpvBppqb5Y1ke24Ri0NwVxPHKW554OlVVgfGdsY2TiBslgADHddbETykuRshWkDDSdgEmQOftj/ANVPoqCeonbFCzUTsfZev/D74N1tXJHcbs1ggODocOR91FHLOxoPG26yW2CMH0X8OLt1FPG6GElrj3GwHqvonpH4a2jp2nbPIxslXt5gPp9lo7Va6GxUbaK3w6Iwc/spgdlpOFohXjs97oPEVaXGVkEBpIbnb0RG42JTMFzkVkZxhOUVFHZjWO1NxiPclIQy8uGAUengxklqNkO2xwhTwxyWAUMQPO+F3RpBx2RWjAxlDLcclEECkcXn0wmFurZP1YJGOF1zg0bnhBKO4XOSXI0Qkb4z9lUdSdX2npqmbLI7XUH6WtPCperPiDDb2GhtDy+rd5Q4fS37ledywGsnNbcHGeofu5xdkfkiVeThazye2e2srkkkl2z8iiSSSVYIJMT0xUQSSSShBiSSShBIYce4RCcKNJMGggDKgcY5C4Hqo09WyHbO6BI+V58pwkyBp3kGT91MhqIN9RVTOGgYaiMjOxPKI3DeG4TXPDchQIfpaB2XNY9FFc/JzlLxFT5CQfxR2auePMRjIwoxkyeF0SDO42SJPAxQyHLid+U8Ek4yhNOUQfVhY7bJf0nX02kqktz7HhnsuhmDwutcMLqwzsnJ8s7dNVUUlgcOMJJZC6ltt9nSq2xXBzASXUlWDaprA7WUg/HZLQVzQVWM8ET5HiTfhLxD/SuAAHOMImpgbnKXKLQ3dtOYKbk+i46oiBwQu/MwAfUiUGylOMeWwre+yWPdRzXxZwChy1ZcBp2/JE62iv5FaJBBH4v2Tcj+pQjNUH8aXiOxvuq+MGWqiuiZkDuP1XdYG+Rt7qJk85P6pvie6bClyAetUSWZ9uEwzZ/Co+r3QzPj8KY6G+jNb5SMeGyUZCd8IZlJOFGNQcHYIRnJ/CqWnmzn3eahD2SzJ6kfquGQex/NQTJvvlcMvof3ROhr0ZV5pSZOD2k4ThlQDKTxshmrqGbAhFHT7hn/ABmMFyWRPdCkqI49y4KuM9TLsJP2T4LfWT/UMg+6N0Vw/MFeYnfxWuQstwY4YiOSoplnrHafRW9PaKGnbrqpB9k6a42ulH+6w6nN2ylWTrisQHR+azm6eEVsVpq5naiMfdTBQUVK0fMy5eOWgKHUX2pkOlrdIKgPfJKdbySfussrJv2bao1L8eS8NwtsGfCheTjkhQJ7pPMSAcN7KC4H+pJp2Jwl5z2bK1npBXOLzlxyUxNM2M+XhD+YwdxgJM5KLN9VbZJQJJWs5cgz1pxiI7qORI/nZJlbk3QqfokSVxbtEVFfPNNsd1IjpC4A+qkRUzWEbZKVKz0zTXp5eyAyje92SOVMio2x4JUpxZGBhgQpZm4ycjCW5M0xo28jmRtYMNCY5zGjt+qjPqzu2N6il7sklxSm2HF7eEiZJUnsgGV7zknhDa7PKUjg1uSiDClw7kJGVjCO6r3zEFNYyepdhjSfyVFN+l2S6ivDB5SFDdVVdSdDXbfZWNL0/LPh8w2Ct4KGmowC1jSeN0Mp7TRHTSl+SKGms1VO7W/hWcFrp6cDIy5WelzsaG4ypEFuIw+UJUrc8G2jRxXorYafQQGMwCp7aTy5P+altp2t2DdkXSB2QOTfZshSorgiNiDSDj8k8gHAA4TpJ4YgdR7Kvnr8bQlXGW4qSwTHuZH9bsKFVV0TWYa/lQqipkeRrOcpkdJJI4aQmxhkzzs9HH1Mj3eVvKb4E0pBkGFYMoQwA6RldcBGMublPjAx2/cRoqKLGp4Ce0NYNsJslRoBCgzV8cQPiFaYQycy+2FXZLkkDTsFFnqQG+bACqqi8lxIgVXK+qqD5pTj0WqMTi6nXxjPCLaqukMeQHZPsqmorquo2Y7A7JNp3dx+6kNphjOkJpybr7bZZyVvgVUjgZnZCMykOAccKcIhnBH7orYQPw/umGV1OfZBEbWbFvKK1nHl4UvwAeRwnt8KL6sInLIK0zzlg4ocYwN0ZznAAOaBj3THSyE6YQMIsdIZceICSfdDuwPhp5PiIIPBOFIEJ2JRm27bU2L9SutjlB0yYx2whdjRohorPaGtZpCbl5OzFKbCTvhOMbWDLgEDuxya69BJ9kQsqHEY8oRYqF0hBcMkd0R1bRwDD35KiyXoDIpwkvUo1w0MY9lhHRsYBqwNK7JV0FO0F84yOyopq6rn/FpB91GLHuJc4ZJ33S5ag0x0sP0W9TfmR+WkGR3JUGW4VVVs4kD2UZtPupUEXDWtWeV+TVXpYtfagbmOd9RJ+5RIoFNit1RNg6MBSW0kcO734PolSm2aYaVrsrmUzyQGDZTYqVg3e3dGBaNmhOfgDcqZyO+FLgHojHATxE0cNQ3EZTXTgDCgMoKI/S0fjCHJLHHy4KJUVrGAnf2Va+aSY6co4xyZ527Oiyqrh2iOVCfOZMF6bFQVDyHAZCmNpWQNDpwnRjjsz2XOXZEjaX/hUqOmYAHOQ5a2ng8sIwf1UWSaqnI0nYp0I5MF0k+uyXNNBF3wVGfWyOOGDZdbTOkILzkqZDbZJMCNoTlDkyyU58RRAkLpCNXKkQ02rHZXlB05I5wfJHkK9hscLQ0CLP5LRFJdkhobbX9xlILZNNgxhWVPYpjpL27fZaeOiZC0NbGAnBpZg4/JSU0lg6Ffj4V/kipZZadrQXtGfsolbQwx4bEAFczz6vK1u+FDNFV1Ds+HgJe4f/CjL8YlDJBoIyEamg1HYbrQ0ljJOZ2/srWGy07ACGgEeyCU8D6fGzXSMzBbnncswFYQWvceXC0DbewYaADhHbb9ONLQgdh0q/HuP5IpY7bpxtlTI6AMAIb+6sPlS0jZSPDbGzLhgJU7MGuGnjX2VzKYNGMIuhrBuOEyruVPCPJu72UJle+odpdwh3Nh/auIkiR7W7AIJbr3GwKkxUTpMOPf3UttAANwlyngYqJT5aK1lOTgo0dLnbCsBTRsGw3XCP8AAl/KPr0y9kQUeBvx6I3yzGgaWIjm5c0on1AYGT90E7GOjp4p8EcRNCTcgZ/ZS201Q7cR7I8NBjeTGfbss8r8GuvTT9dFe5r3kBrU5tFLIRqw0eqtm08bfwBLSBtlLd+TQtKn+RXikDBjGU8U5z5W5U4xEkHlOEDiMAJUrshx0sUQ/BxgEJhGgfy2b/dWHyzn42RGUjicYwhd2A46R9xKhtPV1DsatDUZtrizqeST33Vu2m2zsEx7AxB8zHw0y7l2QRSwx40M3XTHv6eiOd+AhvZK/wArI8qOzcX8ajxEFIAcHKjyAEA91NZQVDjlw2Tm0MIPByo57Rc6JS5K0scfpalHS1Uh82MK3bTsaMhoSDQNgi+VgfAl2VnyZ/F/mitpI2jLm5wpbm+6Y5zW8uRKeQvjS6RF8MAkaUg0YJ9E6WpjJ0sH3UOeZ7sBpwFN+ewJQ/QSWWGL63Ywoc1xyNNPuV10UcuPFdkoThTQcc/dT5Bbo3ESapr5DsCAheBI4gzd/dSp3vONLfZBFHVzfUCQhlZkD+O/0Ce2jg8zwM/dDkuMBAbDklWEdgc86nsz+SnMs9JEAC0E/ZVvB/jTf9jMv/iU+8MWye2yVcwBnqC3PZpwtSyFkYw1oH5LkkbecI424LWkzxIzzemqM4MrpHk+rlY09tpadgDIm4HfG6nBjRlAcQARlX8gEtPGHQ3WGAhjQ0eyEZMkpPlGcIRdlT5QFBR6Hlx9UJz8tKa4nBQCTnkpikLlBoT5MO2S16humvz2Ca5jncbJqkhM4tsTnDc5Cj+MAeE7wXE+uU35U85TMiNrOmcY+lB+YfnhE8I+q54KmRUojPEPomlz8H0RC1gzt+6GS0AqwJJIZrfnGVwlxGF3U3PskaunaMY3Vp4FNexml2cpwYTzsgvqm4OkdlFdXzkkcKKYqU1Esgxo3dwuPfRsGz/uqt1RUO5kQCHE5TMgO39Fo+tpWnylAku0LR5QSVXEEcphbggq8syzum+iabzPwG4H3S/iNQ4ZB5UQgHC7kqZEudiechjWVOfrS+cqP6ygEpofnsplhq6wm/PVH/e/uufOz/8AeKFrK4XEqZL+awn/AMRqP+8/dPFwnP8Axf3VVkk8p4BPdE8or55/ssxc587vH6ozbrMAPMP1VPg+qW4HKvLJ8817Ltt5mGM4/VGZeX7asLOmQjuVzxX+p/VTLC/mSRq2XikGBI/BKltr7c/GJ1itYPKZ4imWHHW47PQY5aOX6akHPZSBTsduHA/mvOBUSN3bI4Ee6dFdK6IktqHbe6mWPWvrX5I9GbS6uGJk1P6NCw9P1ZdKfH84uA7EqUzr+uLgJIY9u4CikwlrdLPs1Qgc48kEIzZKumIMM7m4/wARVFF1/b3AePSYd3IUtnWdimHDmn7Jis9DlqdN/RLBewX+7QEZnJx7qyg6zrIgPHi8QD1Wajutsla2QVcYDuMndSG1NDKAGTt39CmKQyNzl+MkzXQdYWqVgNTCyN/cFqkRVFgr5MxSta8jJGcBYl9E2TBAH3Q30bozhriD7IlML5NvfJ6Gy3Z/uK4tbyN014vcDtIMcrR9LvVYiCsvEDAyGoc5o4BOVKp+qrvSvb8xGXs423T4ywKcovtYNgbi0ARXK3ksdtkDUPzUWak6WrniOWAs/LSquPrGnnZmQ4zsQQpVPdLbXfy3Oi/PAwmq5oTOuiz8kmMquiY5H+JZa8sAGdLnKBPYuoqJhL4PmN8Dw+VfMp6Z2BDUkY3wHI+LhH54ajXj8LiVpjqGcjU+E0t73LgxjKyNj/CqjJBIOWvBBR8ySgOhayYexBIWndJQVMg/jFtDhxraN1BqOn7W+Qy2Oskppc5DXOwCtUNThHC1n08o/wC2ZurihDNFwtw0O76eFVVVmsVUzRG10Z9VsZqHqGli8SsiirIiN2gZIHqq2U2auaIamIUrh/hIKfHUKT5PNarwVueDIT9JMdHmhqWuf/S5VtT07dqSPxZacub/AIN1uJuk6vR41rqPEwM5a7KrJJ7tQfya2N4A2yQcJ2+Ho4Go0d2lbdkXgw0sbm/U0j7hMDwdsLayVNDPGY5qZj8+gCgz2a0zM/lSeG4qpR3LgyOa9GYLGnYhSKWurbdIJqSplid/zbH8lY1HS9xjYZaQiZo7hU0wr6V5ZUwEgdiFNrGKeFlGxtvxDdGWx3ODI/7xn+q0sF/t1wja6GoZv2JXk3iQPGTt7FdYHM3hkIHsUQ2F017PWpqOlq2+dg37hV5tdTQP8Wgnew/fZY62dU3G3kRyP8WMdnnhaig6xoqhwjmGgn14RwmaI3KSwy5oupJoiIblEQRtrar+lrqaoGuKRrs+6zxbR10eWuacoLaCop5NVNKWf5J8bPQmypW9Gte6KQYLRt7BSbdeLraJBJS1DnM7xuORj7LL012qYD4dXHkf1BWkFbDMMxyAexT1LcjlanxqkbMT9P8AVD9b2/w+5baZGeRxPs//AEIVzRdR3/pOQNvYfX0h2FQw6iB/iXnYcxxB+lw4IV7aOpqihHgV7TVUx2LXbkBMODrPHTqjugj1ylq7T1FStrbfO2TUM7HcJpkntjwX5fGdj7LzaCKFtSLz0dViml5dG76HH0LVr+nOvaC5Zt/UPh0ta06XNIw1x9RnsocmVbRoqmhtt4pi2aGOVjhu0jKydd0qKB73UspdA76oXnI/Ja6a2vjcZKEuHqOyayYSkwVUY1DbcKCt7i+TyG40V36Xrf8AaDpkluMfMUwG0jB6D1W06O+Klo6lc2iq2GirAAPDlO5Kva+zU0uXMbjKwXVfw1pLq0VtFI+krYCXRyxeUk+/qoHF1z4meuRV5Z7hW1LUsnYHtdn19l889MfEW+dL1YsvW0J8Np0RVh2a8dvzXrtrvNBdIWy2+ra8OGcByWZ7anWzXuY1wyWhRzEW5Pb0HJQbfcBIPBmOHDYFWLC1pBIVIT2Q4pQTxhSNeoBMnp2B/jR4GrlvcILZNJ0uBQdgA71ZbX1BQvt12o4qmF4ILZGBw/Qr50+JHwbuHRkTrr09G+utpeS6IZ8WAdtvxDnfbC+lQ4FOD2gbpF1EbVya9Nq56eWV0fELZw7crb/Dr4q3n4eXDx4Kl0tHJgTUryTG8euOxXo3xO+BdJfNd56NZDR1+5dTE6Y5vQD0P5L55rG11ouUtovFG6nnhcWPZINw4dl53yXjYXR2XRTTPofgfLWVzV2lntkvX7PvDojrbp/4hWn+JWOc+IwkS07xh7Mf5q+DRjdfBdi6nunTVwiulmqTDPGdnNdgr6p+Ffxvs3XMLLZcw2ivQbgQh38qcjkR8YPGGr5B536bt00/kpWYH6F+nvq+jyCVOo+2f/qegz04J2ao7GuYRjsrYsbg7cqM+DUSQMLx0q3nB7uM0OpKsjYnCtIKrIHBVE+MsOQESmrdLsO7JUo4Gp5NIyQOGfVEVbBUEgEg4U6OQEZ9UJY4gjcFOZIeFwkJnKhAz2CXGcbKO2V0cmh7fzRdWnAXXBkow4KEJMLg5gI3QKmgNTh8b9Ejd2uHKixySUs/lcS07EFWEdQHdlF2BJZKuvo6XqCjksl9haZMEMkcP0OV4r1FYrt0Lc8Tse6iLvLL2A7L3ysp46poP0yN+lw7Kur30dRTvtHVEbfAlbpbUOb5W/crdRf8bFyWVgy3RfWlFX0LrFfGsqqCpZoLXjUMHuf8Pr6L4r/tcf2U6n4cVj+uuhYZqnpipcXyxg6vkB2Ge0e5X031X0hdfhncvHpC6eyyO1Rlgz4Oe+e4W16X6ror7aZLFeHRVFDVRlj2SN1Agheo8X5CVct0Tz/kfHw1EcNcM/IDB74RGgr6g/tW/wBkyb4cyVHX3w/pHSdLvdqkgjGo0ef/APnzv+y+WI5s8D3X0rSa+GqhmJ8e8l463x1uywkJZOMJoIdwuHZbovk5wQHG/opDMkbqO1GaVsjLAuUcnTykmOPsmk5RgYH6vZEQE8HHZQJrA5cduF1JQEjYOpF/ClgJHhQIGeUkjykoQ61W1ux4f5KnbwT6Kzt5OnGeytAWfjgtWr0vpKTXbBkei8waSOy9H6MeDQBvfC36Y4XkV9iTJtTtUtcDgg7fqtlREuhYSfwhY2vZpqWH1K1lDLqpo9vwrowWeDzl6yUfXjiYIxq3KXTONLPyQOuXbwb7FP6az5Bn0UxiTRoiv/lzQ3B27RjdX1uOKdn2/wBFnKvJrWBx2wtBSYMLADjZGjm2J8Eytk/3YrCdYSltJj7ra1/lp+V591nUjwQ3HCG4bo1m1GYtXmmafdanIA3xwszZ95G/daFrt9iVgv6Pb+Kq3WZDg41KI7zO44KkuIDf1UYeZ3HdcTVSwe30NeLEaEFsVBpa3YsyUPpp2bgM7Ikw00LNvwoVgbpr2Ed8LyfknmLPoGi+22CPUaIAMBwp0YyBthQqEHw291Y0++Nl891UszZ9H00ftQZjONkdjMAHG6cxoDeETT7Lntm3samu7ouClpKuDwy2YW8xMir5AzYHfC8/+I1zFPavAB3eV6P1HAW1xf2wvE/ijVvfVQxN4zuF6Xw9XyzyeI+qLP4+lm/2Tuma0TULIy7PlU6UaCQVjuk60sm8IvwNsLZTHWAQN16a2vYzxHj9R8lKQ+31QbMIeAVp6LLHANIWKDzHUNk9Fq7ZU6o2zcri62vnceo8fdxtNLCC5rT91I+XDsEjHuhW57ZIg5T9OAFwrng9HUtyIFRRADhZ65W7DjPp4WydEX/hz+ar7lQl8OA3dJVmA51Z5Q7pmvxCynd3AWocwEeqwtvBppmvzgLZ0E4mZnKPclyJVeeDDfFS1eLbYbg3bwXEPHcg8FeQVzdDWTRjdp3PsvpO+WyO6W2elezVrYcBeA11uEkVTTM/CSGn2C9F46/5K9p47ytDrsyW3T05kiaXOB2VtnwpRNjIysr05VNYPBcSC3yla57Q6jaAMkrfN4OC4vJ2v2MU7d2u7qUzeON43KAdMtFoI4Gy7Sv/AJQjceOEpvazRVwGqmGWBxaM7KutOuGt8POGvG4VpEB4RYdyVT1T3U58dow6J2T9kPZo7NY2AOGhzchwxhfOfW1nbZ+o6qnjbojMhLR6L6Pp521NBDUx7kgZIXlfxussb4IrlBF/MAAcR3XU8Zqfis2s8957SfyNPldo8sbEHsyN1HmiI7YUqjdiMMIRJafIyAvc1/fHJ86c9stpUytPouavZSaiF22yilpbyEYammFSSSUCyJJJJQsCkkkiCHbg7FTqOcsIChJzeQ4JtU9rF2Q3I01JVa27o4B32VJQVWggEcq6jnbKwYC6ddm859kMMKiavZARQMLUo57EDtPuuFgKROV0NJTdmSsiMQAKjOpxgnbdSdPuulxIxj90EqdxFPBWSQ1LCTBsAu0VyraSUOe44HZWAb7IUlIyTloVfDL0x0LthZ0vUUUxAlcMlWcVdDN/dEH81knW+NpzHyhE3CjcDENvVGt0PyNcNc17Ny15cM4XdSylL1DVwtAqXcq1o73SVIAc/SfcpkZxl0bq9RGS+4tCD3S8Ny4yZjsOa8HPujastzwr7CVkX0CGy6WsxhJwwdkiCpjITltBviDgVDdb4ZCTIwElT13SMZQSrTAdpRz2Q5DqScxEdwk0XSkGTOZB7K6DCdguiEk4Qy06fQcdTKHRWU3VFxpS2MibA3OeFeQfECONoE0uD/zKO6la4eZjSCgvsdBK0h8Ld+fKg/jP0aa/J2Q9mqt/WdHLG1/jtfntqVtTdTUchHO/uvNX9MUYdmJ0kZ/wHCY6zXOM4oqyQ47Ocly09kfR1NP5mUfyZ6/FfKN7dnElSG3EScDZeLMb1XRSCRp1gepUqn6l6oppdc9PqaOyiqaOnV5lP+o9njrDyi/NasbBeTU/xCnp5M1FPI1WFP8AEO3ynzvePyVNGyHlk/6j0v51vc/qnm4U5GNW/osFB1vZXjD6h7c+qls6rshIIrYzn3VxQ2PlXnhmxFaDuDhR5qyd+wft6LPjqe1OA01AP5pzOoLef+KmqKGPyEp+y4e9suPGy7HumFkAILGYwq8XSlcMiRd/iNP2eUWxFPVxf5MsxMG8ALpmzsQqs3GI7tcufxWlH1ygfmrjFCZX1/stQ4FcEuBwqGq6pslC3VUXCNvoNSoLh8VbHSMLqcunI/pGUW0y3a2mC5ZuXVM7dodl1jap/mqj5SvIq/4tdSVYMNrs8UDD/wAR7s5/LCzVwud9vGX3zqKdod+CPYfZUc63y9ceI8ntN36w6Lsuv5u5MdNHuY4zqd+iytV8b2PbjpiyT1Q41ObjH7LzSKCw0x8RsZnlHfBJJV3BU9Uyx6bfYnGLHlc5oTVBs5l/krbvxLC533rzqWMmtrIKSJ25Y12k49yqj+H2Om/mXKuY+Qdgc5Kuoehr9dI2z3CtMJfuY2OxgK8tvw4slERNOwzSY31nUMp8KmzBOc7H9zMhTV9fJHosdqkeTsCGjdXFJ0f1Jc42uudWIY3buiYd/wA1uqOjgo8RwRNYG/0jCnsOx2TvhwRV5MzaOiLJayHinMrx3lOpaFsDI2gMYABwB2RHDfKcCB3TIxwNj9qGpYykuEjCYooGU8CJGOUDfhdPJ3XFYmUsjAMILuEY7IJIxhQz2PJHP1obzgFFI82UJxGD7qGax8EWSQtKHLu3YhFlAGTnhVs0wChzrbMcCkdvyECSUEbIUkxJQnkqGZyydkeSgh3iHSGk/ZGhhkqX+DGwuedgAFsbN03T2ukFXW6TIRk57pc5pGey6EI5ZU2ewthaLhXgBo3a0qPfbu6sk8GE4jZttwi3y9GdxggdhjdtlQ+IHbLPKXINcHY8jOQupZCY5wAJ5Kzzswjs6XTsdLJoCrppHPdnV3TqickoLGucTlYrrMnYooCNBJ5yjxRZISp4HHgKwpafBGyyN5OvRTgVPTEgeX91PpKQ6s4RYYABs1To4Q0AhqtSwdSqnAxlO0YOFIDQAupOkyN8KzVCGBkkgjGSsZfru+slMMT8BuxwpnUV7aT8rSvJI2cRws2PU90MmYtZqP6K2cDSutByn6R6LhLW8pZy5yx2ce0MA2VdU1RLtLDsESvrA4+DCeOSo1NA6Z23HqjjFs59tu7iLCQUz6qTGcY5JVxSUQi3ATaKl8MZI/dWLAG4wE6McFRXthKdnhDjZKeVsfpumT1TIIw489gqiSeSoeXZIymqOSW6qFS4OVtc+of4EAIA+pyVPEWAEjdPZEBvpRGjBC11V5ONqdQ7JZY8NBAwEdowMYTGtJAyNkdvbZaYwwZHLIsFPHK7sQNk5qYgBwIwDhMLgUnYHdCJOeU1PgpLA/JSA7pAd0QD1UKHNxjjGF1cAwuqEC5HqEsj1CD+fC452kauyFySIHOwyoVZWNiGCcFR6m4OB0w8jdBgp3znx6nk8DPZIsvT4QSRzxp6h+SdlIip2saHHldwyJpIaoFZdWQtIJ3+6yWWR7kx9cXPhEyWdsA3wAqqtvMDRpa7JVVWXOScludiqt41HVnlc2/yGyW2s3U6ZZzIm1tylldzkFQtZJ1eq4d13nYrk3znc90mbIxUehOHqlqXeVwYJwCsjTQ0cdhlAByeEbW31TdGk5yrCj2dazKIxgCTRgYyitZ3wozXXDJxoGAcIiQ2RAC4pTe46NVbGIrWE8jlO8PHIxlEaG8cBLfB0KqzscerBwrmxWCsvtYyioWnxHcK36N6CufUNbFoAFM4ZJxlfRXSHRFF0xRCCONrnE6iTzlRLJ6XxPhbL7FOxfaZ7oL4VUdjENXco2SVDNz33XpbGhowNgOy4AE4b5WiuGOT6BptNXp47YIa8B3fhda0rrKdzjjnKkRwlpGdk6SWODUojYabONlJZAGDhPawADC6eEE8+hsEcw1oOMZwh4wSkfKUMklDGLZG8HZM7dlx+SMApGYY4VdcbpT26nfUVLsMCZgz22xj+RJmnhgGZX6f9VgOqutxWsdb7PIA0gh8oOc+wVN1D1NXXuV0cDnR0mSMH8SpY4gzYAAJkK3I8r5Dy27NdY8QZIe/BJ5PqjBmBwusBxhGEDyM7BaY17TjfMZ5JJJdGMT82iSSSRygiCSSSSGsEGJLhIHKTvpKhAaYdk4t3KD4sIB1vwoHGOTs0jicAIOgjc7JklwEZ/k7qHJWzSnc4VMcok15iZy7CC+pP0sCjnU4Audlcznsh2l8hTLMR/ebeiEXO7lcz2ykgnLaRHclcTM4XNXsk5cg8jlwnTumEgcpZGcEqmmxgeOU5wjeNjgBQ2ZaCSuNk3SJ17uEbqLnHhk9shG/ZEEigNlcSBoR8TEeVm6S9Ozq1a2uK+5krxE7xWhQcVjjgx5CI2mqj+FLeml6RoXlKIdyRLFWxmzk11WMZ5QfkpzuWhOFKRsf80X8SXtB/wDGtPjhiNYQfKE011RwCAE80pJzgLnypG4GFf8AEl6QifnK4vg4J5zu45XTK8jCf4RSbFuq/iS/Rns89H1kAS9x/wCido24ypIjGEzR7I1pnDszS83J9APy/ZdRMHOEi0lMVUfYiXlrZdPAMy52whk77hGMe+SE4Rtxwr+KBnl5G+X9QPfHGEMtPKOSAgvqGgEYUjCKEy1Vs+5DCSEMlcfMN1EMp33KJRj6K3zn2yUZRvso5mGSMIRc475K4jwTAbJSyVzJ7JzInFwJSXJIITWnOBvlSYKEHBmwAV1jGgDK5M/UMAkJFl7XCNlNG7Epr/oHe62UbdhqeoU93mG1O3YqPK3Lsn9VxzRttwkOSl+R1Ka75vbBbUDlqK+oOZG5H3Q2tIOTsVMYDgjKG5gHBSJyj6OvR45S5m8sDt6LoIHZP0+65j3WWdqOxptFjpHCMpjyG+6dqzkYQnsJG5SZXYOtTogb5C08ZQyDIcBuFMZQvkOdO33UyGjDMEgLPO1yOlXoZekVbLc95HZTPkPCwRurEMa0cDZRpq2Bg37JLkaI6dQ7A+GAOEOWVkYySgVVxAy2Aqukmkl5z+qkuSpPBLnuGk4iOVCfPJKfOUwD3ThjCgDY3JacHunteMElcLS/GAnx0dTOcBpHuhbwFCMpvhAXyOOcbEJjGVU52BcPsruisJJDp+yuIbdFTNHhMCW7cGyvSSl+RRUNjErPEqDpJ3wrOlo4abaNo2U50DiRgIsNHuC8beiVK7J0qdHGHKIugu2CLFQtkOuQ7hWBihiZkNAUd1SxmdIylSnuNcKYr8jrKVjMbcJ2sNB1HYKNJWEfSokk8zvq3QJtjdsYdE6WsgaCA7dV8tdMdg7YrkcLp3I8dASQTt7p0YORnnIiOfJPguC42jc85xhWraNsYBLfyXfKwfRkp0KsGOyWCBHbWbGXkIhjbCPLhFllDRk7AKnrrvBFs12XLZXAwajVQqjmROlqdLTgKpq7njOqQZVfUXGoqXYDtIUJ4L93la41Y5ODq/JZjiAWouFQ52GP2UBzpZHF0jic+6kObwnaRttwnwrOFbfKf5AGw7jZGbEB2RBp4ATge2E5RS7McpZGCIDsnCM+iM2AnBwiiIHkbqZQyqqc+iO2Anf0Tmsc7ysG4UpsXqNiitijABa3CFywdCvQyfZBEFU7luyPDbi7eZoUxhGVyeRrWgvfhC5JI2Q0kV2KGjp2cMT2wtactUV9xp4RgHJUGa6Sbhhxn2Wed8V2aYaaHpFw7S3dz9lGmraSLGnnvuqd81TMQTLgJnhuduSkO9vocqixmu7icQtxhQZamqnzreQPunMhx2T2xAYOEmVjfbHQpIfhvccnJR46YDByBn3VhFRSuwGR5yp1LYpJcGRqD5F7NVeklNlM2EkgNbupMVuqHkDw8ZV9HQUVMMSchcfWsjGiDBAQSsyaoaOEfyZDp7G0DM7gFIEVHSY0EOP2TZamY/iCC075cUrLbD2wh0GdVv8Api2CG4F+7jlNLwzZCdJgcJsE2LsYTDQPqCFNOewUaeqDOVX1Fw1+WI59RlPUTJK+K4Js9aG8FQJat8vlaM5Xaehq652dBwrels0NJh87R+ZRKOTLbY59PBUQ0lVUkOLNvVT2UVLA0PnfpI7LtbfIaUmCkYNhuqWarmrHnWVeDHZbjotKm5iEaKY5Vc+erndg+YFKnpyTlw2VnSUM020LMp0Y5ZmW+54K9kJy0vZuVZ0VsmqR/KacH2WptfRsksTJpgMHkYWgpbRDRACMDP2WhfYb6fHSs5kZa1dKyvOqYceyvqezU9M0eUZCu2M0twBhMcz2V/Kb69DGvorvD0/SMBFaQ0HAUg0+ojyp7KTfzKfLk116ST6IOXSnDW5ISZSvk2kZgK3jo4mDyswUVsW2PT2QubZuq0Me5FUy1wfURupEdMW/S0bKeIvZHZTkHgKtxrjpoQ/Er2wnIy1GbFsANlOZCARloSmfHE0EhqtvBJRS7I8dMTujSeHE0Fyqq2/R0/kjduqeputVUg4OyTKWRU7oQ9l5UXOli8pduq6e6TVQMMR2J5UahtNXWjxnt/JaOjstNTtaZQCfslOeAlVO/wDwUFJaaiqk1SHSB3Ku4LTSxAHup8jaWnaA06VHdqm2HCU7PQ+vRwh6GkMh2ZvhcMkjzhhwEVtK7knlFipSSAG7rPZeo9m2vTSn+KACJ2ASOV0xZ2aMq6o7LPKQS3y99lbR2umgAJb5hysdmrS/E3U+Nm+ZGXp7TUTkEtw1WEdpggAJB1K88N5GiKPIQjRzNdlzcZWaWsmzfDx8YrorfCDRpa3ZCNNIfparhtMHcNyntoJM5LNikz1DGx0rXBTMpi47j8kZtAefA/NW/wAnGwZDcELhGDhA9RkfDSR9lWKAEbtwnspRnGMKfp90zA9UPzsatNCHJF+WDOQmODIxnlTzG54wFxtvYRqeSMI3a2A6/UUV2ZHbMZym/JyuP80YCtRC2MYaEwhzlaluAdK9kA0cbMYak1ojGwUt0eRkhMLASi3OIt1xXREJcTxwmeESMEqW7QzsgSSsbvnCnyZBlFDBTd3IEpgiG3KZVXDHlEqgzTnkHJ9VbmlyZ3DkPJUdsKJM/V3TfGnk8rTt9k+K2VNTy04Vq4qVUn0iJ4jcncfqhF5ftjhXcfTmPPIMDupUcNopWgyOyfRX8rKjS32ZyKknnOGNOFNhsLtnOjwfVWElxpQdNJHj1KBJWVM4068BV8mQXDazkNtpIt5XjZPdJRxjEXIQPBe46nO/VMe+Jg8xwg3MYkkh8lQ/OGbBBfqduShPq4gMNJJQS+qkIDMEFGrMrkBrJJ1taCSUCWshzgHdc+WncPP3912OgcSqdqQG0CahxBACC4vdnblWTaIDGWojaMAbNV/KhcoplQYn84TPByrjREBgjZDMtC3lu4U+UW6kyt8B2MgZXBR57KdNW0wb/JiOfVQXV0wJ043TlPJntil0d+TA3cUwtgbkOeAgyVM7/wASjOa49yUxSZjkw73U0ecPz+SjPrIBs07pj2Ej1QTEc50pymZ5zl6Hmp2JAUc1VQ7IOyOIsj0XHxegRZYhqT7AFzzygkuOVM8HPDf3SMBPDP3RxnkCUHPgh+Y8oD2DnIVj8lN2b+658mGf3oTcoH4X2V/hnGwQHRY3x+6sZGtZ9PHogkeJy1WLlVkhacFdwPRSDARvhN0b7DP5ojPKGOCM5oHCY9mcbqSWHZPFM56LIp0yb4RALCBlC839KtRbJzw3ZP8A4ZMOQApkj0snyVOh3ouaS3lWxtkjRk4Q/lcu0loKsF0tFdod6LhBHKs/kDsGtyufwuo2PA+yYoAfBP8ARW+E70SLXAZwrVtFhp1YyosjI2nDuFeAJ1NdkAnHZLPfClOfQgb4BUd0tPk4erMs1gHv6IeTjOn9090w3wEEzjJ8qoS36EZCOy54p9F0ZeM6VxzHHhqsFt9iL++d0x02xGEPcldERO+FOwZOX6GmQ54QzqKOItR+lG+Qc4KNNAODfJCz7Lodg8KQbe87gIYt07TnsoDtf6E2QjHKOysqI8GKZzcehQvlpAMFv7pngS+imWMhKcPxZZwX25MLf99l29XbK0Z1fcYQMuDvfusvod+iI1ziAMK1JjI6q2Ps29H1q3A8dgJ7gbK0p+rLa8fzQQD+a81Jyc8I7Zw0DumKz0a69fYuz00Xex1TNLsAfbCOygtE7A+CUtJ7hy8yjq3AeVxUiC4zsP8AeOA9imKXs0LWQn+R6O+03CIh9FXHTyMvKUdw6rtLhNrEzBtjlY6n6ruFPGI/EcQOMlX9t60jkj01LMkcpisQ5X1eng0sfXMT4mi4WyXWdiWNVjS3/pqvGgvdE8cB/lWdpr5a6l2gxtb7lFqLLbK7+Y0YJ4LSm/Ky5zU+nk2DZIgPGoqoku3+rIUeanpK5xjuNNGS7YPa3CxwtNxtoD7dWuOPwOOxT23e/wBE4S1cAkj9BvhOqtETphZ+SNMzp11KTJaa57CN9BdsVx4qgxzLnRsnjOxAGSFVUfVkDyHOcYz3B2Kvob9TzRhxcx3vsnK1mG7QQmuEU8ti6XrotDHfKS+vG6o67o25UodLTgVEXILd8hbZ1JYbjh9TiN54LU7+G3ahYZLVVtmh7Ndumx1M4s85rvAV2/04/wAHl80dzoMtlZLGz7lNNZTys8Osp2yA/iA3XpTnxzjTfbZljti5g4VZWdDW6qBqLTUtw78B5H5LXHUJrk89qPpmyPNL/wC5hpbFaa6L/d8NcePVUVb03cqRxdSxmVo7ZWyuPS1xtryQxwI7hRYa2oheI6hh+6NWJnClprqPtti0zCPe9h8Oogcxw5BCcwNd7L0KWnttewiqp2nV+IDcKiuHSFO4F9HWgO5DHbJqWRexsqaa511AWuhncWjsTstNbetGO0x1TcH1WTfb7jTPMckWpo/RdZG1pORgouUDvnDpnpcNdSVzQYpWk+hKK1mOD+i82hqZYHh0Mrmn2KvLf1RU04DZ2eKP0KbGzHY2Ooc+Jm1grZ4Tgv1N91ZQV0cnfB9Cs7QXm21jBqqBG8/hdsp423G4O4Pqm/IXKFdkcF3FXPpHh9PIWP8A8J2Kvaavtl7IjrIhHVacCQHGfzWLa9wxnsiR1DvTB9U6Ezk6vxUZ8xPUbL1TeelHhr4zXUQAGkO/mNHrk7H7L0G2Xaz9X0Iq7ZJpkbuWkYc0+4Xhlr6kMcbYKvLgNg7vj3VtSvLZRWWisdBMNw6N2N/dMyeW1WjnVJ5XB7FNHPSNb8yzLDsXeijVVOxzdTB5T3Wf6e+Iz5HRWvqWENl+ky4zG/0OfVax1KxrTUUj8teM4By0j2QmGVb7RlL707b71SPo62mY9kgxktBwvKay29X/AAluIrOnvEuVpJxJBk6ox699l7m5zXk6mjJ9lCqKcS4J4yoaaLtixNZRTdE/Eyy9X0rJaKdomI3YT5h74W5p72achs2pwPvwvCuuPhRmoPU3RksltucGXhsJwHfbHdV/S3xprrfVGw9fU3y1ZGQBUZ2kz67bdlQc9DG7/VofH69n1HT1EVTGJI3ZBC5JGDuOVhrL1I1jY6umlEkMoBIB2IWxoLrS3Bv8p2HDlpSzl2Q2PANhnhm0THLTw/v+aOXk8ORi1rhg7qLJC9rtUbT+qsBrAc7jBIWO+Inwn6d+IdsFPVQimrISfBq2NHiMP+rStU2UjZw5RTIHYIJG2Ei6lXLDG03WUTU63hnxB1h0t1V8OLlJbL5RCWJrtMNUx/klHY8bKJS3VuoPpZCHDfY43X2p1N05aOrbRNZL5TCelmG44cD2IK+Ufip8F798PKp1wsIlq7PnZp3dCPf0XF1mg2/gj3XifOxn9tzxL9ntXwi/tJMdHB098QKhoLAI4rm93mcewk//AIsr6HhmiqImTwSNkjkaHNc05BB7hfmpBcJCNL2gkBexfBz+0Deug5xaLq59TYn7mMHzwHuWZ2P2/dfMPqD6Yc5fLplz+j7b9MfWvxf/AC+ufHp/pH2RJFnlqiPpnE7bYXemeprJ1ja23exVTKimecNc12f19FPfHjgYXzbUUTqm67Fho+sabVwvgrK3lESlq3wO8KYE44KtYKrUBghV00BPbjhCa+SBzWzMIa7grNKODYpZL9sod+IJw5VTDUFu5OR6qwgm1gBAGSgdtyuZKGHZ4KcccKZIce0O3PKUb3AgYyB3TXAg5yugghTJEskyGXJGe6NV01Pcqc0lVEHxP2Ixuq0SFh2GVNim1D3RRYE45M5/EH9ISnpzqhrZrDVYZHVSjXoJ+mN7u3f1XmXWnQ9f8N65t7sMs1Z03UnUYwdToM9wfRe41tBSXi3VFsr4myQVLcPa4Z/P7rHwTu6Smd031RIamwVeY6KoeNQaDxC/09/yXV0l+x4Mko44fRV9K9TW29UDaC6eHV0k8Zjb4gDhpdsWkFfFP9rT+yfP8P56n4h9BUr5OmHu1zU0Q1Ghzvgf/QufsvpzrTomu+Flx/2h6eY6WwTuL6hjD5YW9i0fr37LddKdTWnqi0mgrxFWW2tj0ecAte0jcEL1Hj/IShLMWcTyPjatdU6rF/h+0fkE2TOxwCOyNq1L6L/tWf2Waz4Z3OXrPoulfL0rO4l8bPN8i7nwx/gHZfN7cDbPC+gaDVx1UN0T5D5Hx1vjrfjsCowOFGyEaPuunCRzmgqSGduF1PjLIA0corRkcpmQkmkHpJJKADE48LqYoQaeUxPwUxQtdjmb5VlbTh7h7KtYcZUylfpcCpFclWrKL1gBblbroh/8prCVhYf7seq1/RsgbNpJW/TvBw/IRzHg0dy/7SxaO2vD6eP2Czdy/wC0MV7ZTmJuewXTqPO2rEclN10cvgA7I3TRADD9kDrUgyR+xAXbCR/L3S22psYv/wAOXddNiqjICv7fMXQx/ZZqvfioZhX9tIMLB6YRx5ZhsXBOr3E0+F5v1o86nNz9l6JcCBAM+q806wOasDO2FLOkN0CzaQLIMklXkRJdv2KpbNsT+iuYuT91hvWUe78QspsM8+XCHHu4BPehw/8AaGhcLVPMMntPHrM0aGp/7Cz/AJVCoHObVRFhwdQUy4HFFGR/Sq+iG7JTtgheU1q3RbPc6Z7bIyPXbVvTgnfYK2gb2AVNZHB9viPchXtKBsfZfO9W9s2fSNJLdBMksBypMbQQchDYBsisGThYlzyblwc8MBJ8Q08owZ+aRhONgiSyGluMl1LBnzAbr5966YJ7s+M4xGF9IX+HUG4bnYr5z6kz/G6px/7wr1fgH92D5/8AW6cdNtXtmSpZXUNW1wOAMBeg0VS2rpWvG5xusFcYS2XxgNjstD0jcAc00h54XqtRDd0fN9Bf8U9jLepa4OV7aKkGlAbyOVWzxNceMhCppn0ryWu2zwuTqat8cHr9Lb8ckz0iyPdLEGj1V81gysd0zVvfMNLvKRnC2EJJ4C8pqouE2j2WkmrIqRJbGCOEOem8RunGMqRDuEUt9lhydHbmJkaiB0cxZjdpV1Y6nUPl3HBAyEK60ul/jBux2KDbZWx1LXO7o4SyZ5V4NZCzIwRyvFet7SLN1JPE1uhk/m09mkr2iF2cOb91gfi9bQ6OnvIGMDw5CBkn0K63j7vjng4XltJ8le48kp4nUVxcx3d2c+oW0p5vEpmjKy1zheBBVYyG4DsK7tM5dCM9l35feeMshslgs4d3+GdgQmMcW1Hh429U/wBHBMeNw4DdLfAKeSeNuCotfTiSJ5A3LUWmPiN5OQnSHU0tQylhGiPRM6PnfLQyQv3EZ29lC68tZunTVXG1gc+MFw98JvTVW2ku8lM52GSduy0lTTePFPSuAJeD+iuqx1zUjNqafkjtZ8oRHw5SD+E4U9rw9o2Ujre1/wAGv89L4enzF2fUKtpX6wAOy+h+Nv8AnpTPmXmdKqL3tJToWvB2VdVUuncDZWbTj8l3wmvGCNl0TkKeChOQcYXNXsrStt+GGWIZxyFWlhKodGxyEkljCSg8YkkkoEJJJJWQkxOLSMdlbUVTsG7KkL9JxjlHpZhG4ErTTY4szXQT6NJG4P3UhrdPdVtNVRuADSp8ZBGQV1oWqSOdZW0xw5RhgjhC0+6dqDeO60qSQEjoGE/A9FwOBSAPICITzk6GD0SMe3onB5/pRQ5pAHCZBZC3YIRaWnhPLC7Y/upfhtO+Ewwu/C3ZG61Ivd+iDLQh2SGg5UV1tePM1pyPRXIBGxblEYzxDjGEuVK9DI2STKDwq5pwJHtH3KlwXq4UoDJQZGt9VbGi18FM/hoOxCFwlHo1xta5OQ9UUzmjxWuDu4VjTXCmqmgxyjJ7FVkljhkGdIyorbDVAnQ/T6dkUd0e0GtRN9mlaQfpcD9l1uCdis/DbrrTP1Rzn8yp1HV1ok8OeBxPqOE1R3Fq6RbgZ3KcMcYXI3lzRluE8YPdMUUgvlbOhuUVrcdlwNRcYx2wrUf0ErMnPCYey6xgHCcHgDA3TmvyeFeBm72xFpK54YP1NCOAMLrdOVSpT7C+bHRGdb6V488DTnnIQjYra7/4doJ9lZaQQNsJafdX/GgUtZOJUS9NUL/paB+Sj/7KUW5JIPqNlom7nBRcAgYGFX8aAyGssZlHdMRtP8uSqP8AynYLg6cqG7x11QPueFrAdIwBhdHOccq/48DR/Ps9MybrJcmbR3Cc/nwhmzX7G11mH5rZCMDgJwbvwp/GgT+dbLtmHNk6gds26z7+6iv6S6ll/vblO4f8y9G04AyF1T+NAF3Tl3JnmZ6CuEpzPI+Q/wCI5U2n+Hda5oDXQRj32W/Ayn4A5V/xoMXtT7eTGxfDaN7R41zfkchuwU+h6DstO4eMwzkceIcrTtOPyXMgcI4aaKGKMYkCPp+0wAGO20wP/IFMij0ANYA1o7AbI6cxoB3R/GosOKQwDH3XU9JHFqPoZhAw1FDMLiejS3Lgt9DE3JTkxALbEUw6sp64QMZViZsGuE7LpwE3Gd8qhU5A3HlAJ90STO2FHmdpGQrMk7MdilkAChSzNG2QlVVekEHZUlRVOLiASqMd93GCRVV5cSxnbuobnvfyuRtLnZPdSWNH0gbhDKW05llmWRXAt3dspVvtlbcphHSxE45Poruw9G1d8cXTM8OBvJPdehUtvtnTtAAGNy0ckblIdnoyW6iL+2JQWywUVjpW1VU0F+O/JKzXUd+dVPdDC7DR+gRuqOppKuV0UcmANhjgBY+pqTnbcFIcmy6apWyGyO3yDlDBIzk4SjOTldfhrRhItng9Do9HhZZ1xAChyynhPmm9kFuSVmc8nZpo2gg1znaiplPDuDhPjgGN2qbTU5JG2AkTeDpUUsUEGwAb+6saamIdkJ9NRnSDhWEEIaMYwlpZOtVRhA2QhuNlJa0BoXfDwc4SG2yvo1xjtFwMnhZ/qS7Npo/lI5dL3DJx6Kfdri2khkZ6LB1U8lRMZHuyTv8AYIW8GbU6hwjtiMOXnJCcB6JNHZPeWsbnCrs4r75EXNa0lx4VTVVpBLQi1dRnLWnGVCZTvkfnKOMNxztTqN3+nAUTHzv0huPUq+oaMQtBwm0lNExrC1nHr6qyYdAGRlMUdomEcLLONaG9sIVRUCEdkp59P0hVx8SSTU5ydGOQLb1FYOPMk8ut5z6eykxQAAErjWDHGMIzRzunxjg5ls9zFpGMBwSazJymNaScZUpjAAFqrWDNI41oA4RE7T7rucJpQkzXnZJ8mkZ5QdZc7jGFRAupzjgd0QHvhNaNhkIzW43TUslZGgJ6WwTPEa3jdRvAITXp7AIZm2xhBllyQgyzbDZLlZgtLIZ0ujfIUZ8s85A1YCRaXkElFYGsGTthZpS3BpYAtgwQXYRZp2wMy7Cj1tzp6aIuDw53AAWZr7vNVHRqIA9Cufdqo1y2x5NVNW7ssLreyGGKDYnvlZ988spPivyER0jXclDw0cH9lyLrpWyy2dGFUYLhDM++UjuuluO64RhZhqwujic1NThtyo+CM47/ADQiDjlGcmpTXIwF5tSO1pwBhcaGgqQNGBkj9VB9ceRBuRyn6fdIAHgonhlLfR06YITGayjxNwckIUbSSAOVa26y3C5SeDTxEuKUos62noc3iKIunUcAZx2C9C6A+GU19mjqri0shJ1NBHZajoL4XR0zYrhcWAvG+43J9l7JbLV4FOBoawHgAbpkKsntPE+DksWXIi9O2K32SmZT0kDRpGNWFeNIxl2wUOeaGhYXyPAd2CjSxXeqifKxo8PbTtzlM+PB7KutQW2JYTVMTcMhPiPP4Qp0MB8NshG590Oz2iOjhbJMNUrh5nKwDNttgrwPjHANrA0cJ7QARhOSUHQSOjhMPKSGThTGSSltHoby0N1OdsnkgEtPYbrF9Xdc0VlikpqV5kq/whpzhMgjBqtZDTx3SLK/dR0FopnzzSjLRgNHJK8ruvUFyv0xdO9zabPlYNshQqmpuV3l+ZrpA57t1IpaR22RsnQryeN13kZ6nO1jWMLRgDA9FJjiLnAkIzYWtA8qKxo1DC1QgonL/wAnGQtA2ClBoAxhNadI5XfHarLUsmPSSXMgclbco/Op1JIb8Ics0UQy+VrfuVTmWlnoeSB3CaJM8DKr57tQxA4Jkd6AqvfeJ37QDSPQoW8hKEpdF3LKOTsAoklwij+k7qoknqZMapP0TQMDc5QjlDBNnuEztm8KM4vecuK63HcbBPbLTN3Mm47KZDSz0MDMDPqlp90yWuhGzXa/smsqZ5jpjopj/wCFLllkbS7JDe6TiAEorRdax+GMdA31ep8HS9UD/vNU17fQBTDJ8kPbKd8wY7AwUhU74xlaWLpuibu9mSpcVnoI9xFghC4bhUr4royopqicBzIyjw2m4OOBCN/dalkEEZOmMNwuhgxyoq8CXqjO/wAArHAFxDUaLpwbGWb9Ar4jblC157K9ov8AkTkVzbDRgYc95/NdbZ6JhyGk491YEjhD0qtsfRe6T/qZG+SpW7CNdFLG3hHTVW1Ez/cGGNbtpCW3sunhBLjk7q0kiYQ88IGluTsjnhBLXZOysNcCAb2XNAXElAlZgdpb6JYCau5woWrMjFw7p6WcIMBrlDPDHouANGyTngDlRn1LQO6p4RaWQ7g0cOCFLI1g2IJUOWr7+ihvqXSbZIS5NMuNWeSXNVAHYhQ5agv2AQy1ziM53904ta3CVgfFJDC9x7p4GFwOwcJmCg4Q2Mf0EJB7pBpJ2S8FzyDhSAwMA23S52KKNdGjsvlhIYxnBUgFoHCamrHO7J2qPDNd9jy4oL3EgjKKeEI91mldg6tPiWmngCQ4lOGE/DeUzKVPUYOxp/GyF+yW/YpcnA5TvCc4bd1ks1OTt6fQKPY04x9SEG5OMqVDRSSvAOw7qcyiihOoMBKzTsbOnVo8dIrI6GaQjSMKbDQCPBlAR31DIBnAHqoVZdYWDDXb/dLczVGuuv8AIm+BExp27KDV18VOcd1VVFynly0OOCoTtbz5iT90G8t2x6RNq7pK/Zh2UKR75jlxS8EuHKe1oHKp8rgzTlkFjG+E7ARDGXYICLBTZweFI5AhBzZG8Mp8UBkdjj3V3R2syAEtwFaxWqlYASwEqOSRrq0MrHkoKK1a3g859eyuoaEMaMABTvlWtwGMAA9EUxNY0EjCRZblHVo0e3oixxaeQitg1DOFyWpp4xs/zKDLXVLjhrsAcLM7Ms2xrhBfcTSGQ/UMIEtbGwYi3Kh+LO8gyHK62Ik7DlV2TKXQjWyud7FDJleRgcqVDRaiCR+6lxUYbg6UcYti5lcymmd9TeVIjtkrgC4ZCsREAPslrlds04WiFYicyNHSxRDAbuk92PpGD6ohGD5jhV9yulNRh2l+ot9FphXgy26iFcW5MM5zwC6R2wVdXXiniBDTk/dVVZd6mvjDB5GnnHcKucQ3c9lpqqbPP63yncKw1bdKmpdpYcNUIMI3duSjOc12xGMIT3N23IC2QrOBZqZT4kM2bthcwP6guuezGGuzlR/DL3YDs5WhJJGKyW/hBnAeqGHaiQpFPb5n4c4nHup8cNNE3zN3UjJIGGnnY+SBFSSzEY2BUyKmZFu4ZP3T8jPlbgLji1gy92B+qGdiN1OjiuzuAeGpY9kGa4QU428zj2UGS41MpODgJLviuzoVUxj6LTU2MZcQFFmucMZ0hrnH2VcX1D3Zc4n809kTtikSvbfBo2foO+4Sybxgtz2KAHzybvflEEYxx+67px2SpWSl2HCPIGRmfdNAA74UxlNNNjw2ZUuC0FxDpxhJks8muFMp9Iro48kADJUqOhlkxhqtobfTRN4yihzItmt2Q7sGiOl2v7iBBapdshWEFDTxbuG6a+rwMjlRjVyyHHKp8mmPx19LJZNfT0wPmCjVFxkPlj4UfQ+bBKKyNkeMnKXhsr5P+UG98suA8LoiA5xuuS1RDtEPA5KC5znDJBTFXkCbb7DPeG8EFBdIX9sIbpYo2kyyYwqqsvLGksgdujUDLbfGv8i3klhY0mSUNVdVXOL6YXgkKupqa43aQ+Ulo5K0Fv6dt1E7x7g/Psn11nMt1Flr+3op44a25OwAS07HZW9D03HSYnqRpbySUau6moqBnh0EIBGwwAszWXytriRJI4NzxlHjAmVjjz7NBVX2ioBpo9v9Vn6641ldKXGVwa7sCowiL3AlWdFbJqjT4LMn7Iox3CVZO54IMFM5zgXknPKtaO1Pmx8tESVrLH0FWVDWvqWNY077rdW6w0Ntja2KFuw3OO6PG1nU0viLNRHc+DE2XoSrmY19SAwH1C2FLYaO3sY2KJuW87clXIA7dkOTOwwiX9jvUeNq08cJckTSQ3ACFjfJG4UwRF545ThRY3wP1UlPA7+O5fiiGItQXfBx7KSWtaNkwNMhAAwhUt3AcKUuwDmBidEyd5ALdlOipWHDntyQpLY2tGGjCtIbGva+CIyncAC5FbGBnZSA0YJPZRZauKE+cj9VY2WIrk54Y7FMlrIIDiR2M+6pbp1E2N5ihO/sVR1FbNVHMhKjeDLPVKPES/r+pYonmKI/mqSqutTUE+c4KHFbpqpwLBytDaOlHuIfMcj7JU7AYQs1LKCnoqiteNAyfdaC09MzNeH1BGkbgYWlpbVS0QBawagEpZy0kBqzSt/Rvo0CfMgAjipRiNoCjy1Bk2A2UgNdUEBoO6nW6y1BeXGPO22Vks1Kj2dKnRN8QKqGF87/ADD9VZ01nkkIMYWipbLDEA6YNOewCnNiZCA2NgH5Ln3axp/adTT+OXcijprFpx44VgyhpoQNMWSFO0l+2EVtNqwSsc75T7OjVp4V/iiEGTN2hGGnlOFLqA8QbqdHGc4YMIwonbF42KR8nodsK5kGnAaEY0bpQCQCFN0U8I5wVCqapoOBwgc/2EoJDPAih4xkIL5xwAnO1zbjK5HSSZ845UywtqYCQucfRMELzw0qw+UGAdPCcREwbjdTJMIgClk/ENvuiMpIBuRv91KJ1DACEaV+cvOFMkePYF0bWbhqE7U8YAwFKcGtIB/zQ3VNPGOd0aeRUkiMYy0+YYymuLWBDqLjTk7Ht6qDNWashNEzkSZahjcgYUKSqA2GEB7pZT5MpMt9TI4AjZFuM0230cmqye2FDMr5cgBWrbUxuk1DlIH8NpQNIy5C5YA2tlA21VU7gQxT4bE2MB1U8Y+ykz3J7dqcYChvqKib+8eUO/JFElabXRDgOKjuumdqbYD2QCwZyVzy42AU3YC5XRyaeqqMNdKQPQFD+Xx5jvlJ8jmDyhR/FqZTp17fZR2FbWw2YIvqwEKStj4iblyLHbqibBdx9lKjtbIyDoBJ9VammC6slO+SulI0twEVlFUygEgZV58sBgFgCMyl0jsELtSK+MpY7c5v1tBRG0WDsMK1fLTxbPIGFBqbjERphG47qO1FOGORpoxjzdkMuggHmI291Gkmq5T/AC+EEwSP+rJS3bgW454Cz18DdowSQoz6+aRunGAjfLH+kJhpdJzpRq4S4NkRzpHncoBZ6qw8LPZD8IBOVqAlW8EAxlBdFuclWZi2Od0AxHJ2TY2Z7M0qskAxHuhuiON1YeGmeGnp5EOn2VxhOeFzwfZWPg5/D+6QgAP0olIQ6t3RA+W/w/uuinxwMfmrMUpxnGEvAA+ogI/kBVCZXikIHAH5rjoA3c4U6V8bBhu6gTSF/sjjMCVSQKR+geqhyOfJtjAUsRuecAEkokdtl1AkbfZP38CpUyfRW+C4nJTm0z+zCruOgjaBrG6dphj2LQFPkQS0r/qKZlsmfjPdPFtgbu4EnvurVw1bBAmik2LhhH8hJaeKI4giaMaW7eyRZCwEhrfyCJ4RdjPCe6CJoGNz91fyi1T+iGZHcNYmCmqJju0gKcIxnLWJOFW4ARsx7oozyU6F3IifI6RqkOPzQXmjjBAfghTnQT/8ZwOR2KjG2B58sOrKYpfoz3VP+hECWvgZtFvhRJbnVP8AK38ldiyM+owpCloKf6sAj2TFMyS098vyeEZ50VyquSQEw2uqIw87K+nq6eMaIvMccAKHLIXDjlXkzy00f6nkrDaYRu9wyAuCkpxtoUp0UzjkAn81wwvI4ViZUx/pRG+Wp/6P3TDT0rRksUp1FM4+UFdFonIBP6KAOmT/AKSA6Sm2aBjCY3wzy3IVu2ywtwZD+ikw0Nshbqe05+6MW6JR7KWKGF3/AAcqSyCAHeD91OlkoWHyYGFFkuFM0eVufzTIC2oR7HCCmxtGAUExRjgD9UB9fuQ1qEalxPCa45M8rILoMWNB+nhDDhnShmo7EIRqGlVsFO1EnREeT+6Y5kB+goJdnumF2BkIXAH5UwjqeNvcFB8BvGPzXDIXHHoiNd7ItqA+RATTnOQhmJw/JSjK1D1lVsQakgOp7TwntqSPwp+kHbCZ4B5KpwZUp4HtqS7AIwnieM7CQqMGY9k3QVSyilNssYapzSCJT+quaO/XGFoYyd2B6lZTztGxXG1dVG7IfsnIYrpQ6PS6PquXQG1Iacd1dUXUVHM0NcQQexXksN58PHzByrGmv1KPb806MsGmGql7Z6lJTWytjxpj3/p2IUP+Buidqo6lzAOxOQshR3WF3mZPyONSsGX2rhaGiYlvY53To2JDfnTXJeN/jNJNnAkaOMcFW9D1oKLAqWSRY2I7Kho+pWENZUAfdWJqrNVNDjMwk/1DKPenjAqU89M01D1bb7i8wzOaWn+oKx/hdK8mWmfpa8fhOywc1ngqQH072s9HMOCiUn+0tqkDYajx4xwCeU2L4M80bbx7nRZjq2NrqbjS4btUSssVhvDC8t+Ukd2IzuoNv66NO4Q3i3uiB2Lwcj/JaKCWx3pmu31sbpHDOk7I1JmayqFn22JNGGufRlxt+ZaOQTxcgA52VCzT4xjrYXNI244XqTmVtCcTU72s4y3cFCqun7Xeo8uYxshH1NGCtldu3s4mp8FGfNGDzyotDJoTJTPDx3A3KoKuzMGfIQfstvcekLvaJDNRvdJGN9kCOsppP5dfTtyeXAbrT8sWefv8TZGW1rk87qrdURu1MGW+ndAbI5pLXNIIXolRYQ95np8GIjIKpK+yU7yQ4BrvUK2cq7SzpfKMuKgAg4VxbOo6yiLW+KZIx+F26rqyx1dMS+LL2+yrnvlhfh4IKtvBnTceUen0HUFvr2hgd4T+4dwrBrNe44XldNUkgOY/BCvbd1JV0pDZHlzR6lNhYM+aUuGbcl0eyl2+5T0z9UZI/NU9BeKS5twxwEgG4J5U1uGjBWhT4M99ENQsTRr6e6013i+WqMMcODnG/qFoOnuo7r01LplLqyiOzoy7do9QvLiHt8wJHuCrq3dVmmY2mrmEgbB45x7o8o4Ws8aoLNXSPcKa52y+MFRbKqMnHmjJ8wPuFwSODtEjS33wvMrdWtgmZcbLNqdy5reHD0K3Nj6lprwz5er0MqG/Uw7FWcOUGmWwpxKMtI/VZDrn4bWbqu2vir6TUezmbOB9crUPlnopMgF7D6KRFWRVDf5Zz6hBKWCq7Z0zU4cM+WhXdb/CC4GjEstVaGHIcQSQCvZOjvidbryyKptl0YyUAamnhx/0WpvPTVuuwcKiJuHjBBbkfovn7rn4S9R9DXGS+9CtldA12t0MZPlz6eyo6SdPkGo2pRn6fp/5PrSx9U010ia12GTjYgnkq7a/OxHK+TehPii25QRwVUvy1fGcOa52CccFe1dL/EuJ74qO9ytaHDS2X1PbKnZydVpJ0T2yPQJYy45CGdQ2wnQVcFS3XC8OaeCEQgK3EyOLQAF2c5ynyNjqojDUDUx3IK64aeyHnByhaT7Jl9o8F+K39nuMPm6g6F2e8l8lBp5PfSf9F4AWz0sz6epicySNxa9rhgtI7L79a7AXnHxN+Dli63iddKKFtJdm7uqO0p/xj/Vc3VaSM+Yo72g8zOvFd7yv2fPnw9+JfUXw8uguNkrJGBxHiRF2WSY9W9+T+q+0/ht8Ven/AIkUDZaImmuETR8zSybEH1b6tPYr4Y6m6UvfSFwdbr1R+E4HDXg5a77FCsnUV56crorjaa18MkRyBnYjuCF86854KrVSe+OJ+mfZfpj6tt0cYxzurP0iMecIVTEXNxp1ey8a+D39oS19URQ2nqaYQVgaAJXHDX4/zK9zfGxzQRj7hfJ9f467Rz22I+46DytOvqVtT4KVraiF+nSPD7NPZGhncHeU/llTHxDGHd1Glo2sBdF+YXNlHadmE4tckuGUPG7gjPIxkHZVLNTCMuIClxz4A3QDYxT6JbZM9l12/BQWvGCPVOwf6lTQxcBm4xgrmZIHh43HCHJkEEFOjm1eUjhWA1uLGnma5uWptfarfeKY0lwh1sJyPZQIi6KXWw4B5CsYKjXxsQmwswZ51Z6Mfb6l/TM46H6waK21Vvkoa6Xfw2j/AIb/AF5XlXW/Tl7+D19N3t7H1PTdW8uLWnIpx2wvfrxbKO9Ub6Guj1Mdwe7T6hUFCwR56K6rAq6KpHh0lTI3UdHaOQ9wulpNW4yyzNOozVDWWfrjp19JWRw19BUx6JY3jIc1w4Puvz2/tMf2eLh8JLvJfenaWSfpusefBxxSntET2G+w9ivsS80N6/s+dRaZTLU9H10n8stBPhb7/luFvr9Zunevel3xSRQXK2XCI5YcHUwjY+xXsPGeQVMt1bOD5XxdWvqdcvy9H5Fxyl2AVIa7PZemfHv4LXH4P9QOaNdRZauUMoqnGXNzxE89nD/VeWxzgnBX0LR6iOohuiz5Dr9BboLXVauSSunfhNBB7rq3xlgw9BATlPHCEDlOBOUZAy6mNcAMErutvqjAHJJJKEGlrcHZRjypTjgFRTyoQ61SIjg5UdqPHyrQMujQwS+Ru3ZaPpSoLavGcbD/ADWXpsOaMcYCurHIKerafXH+a10vDORrFmLRvrk7ErD6hXFoc4NaAeQqOqeJIRIRwBgqws0zy0b8YXUg+DzNy+0hdYPPiNPumdPyF2nfgp/VOHPb91GsfLSD3UeM5HJf6Bd1r8zsJWitL/5QyspWyH5howtHaJMxjHsiXZgujhFpdTiAb915p1Sc1OSey9FvDh4DSvNuqj/Pbg87IbHwHoP90FZ9iriE7n7qktZLYiQrajOXHPZYL5cHuvEfi/8AJJl4CHTf9panycIdM4fMN3XE1jxBntfGy+80Fe7FGwEfhVfTO2GNsKdXb0rfsoEIyMrymolug0e5q5wz1Ppacz0MYHYBaymbhYv4fv8AEpCHfhAW3Y0jGRwvn/kI4mz6B4yz5KYklnZFa12obIcX1BSwBhc7pHUOjhOIGOFzBT8FX7GIpbxB4n4exXzR1aDF1BWRaeHlfU9VEHDcZ2XzH1/GIupqvy485XpPp+f+u4nhfratzoT/ALmWni8aItx9lFtFQ6hrAScYKtGtyCMchVFZEWu1jZe327kfJJN1zUkehRSiogbIw5yMqDUNcwnAUfpO4snhNPKfMBgK5qIO+nlYNRBxPW6Kz56lMm9PVMsckeH4wvSrZUMqImuB3wvJKacwnA2W96ZuIkawaudj915XX0Nvcj2HjNRmKizZwEDClmMFowocIwM+qlxknYrgz4Z6asi1lMJoXDGVn44XxT4c3GCtgYssOR2VNXUh1eI1oG+VcLEXOtMn2mZsjfCcdxwo/Wdqirunqhkm2husd+Fyzj+fstIKZtWwxPYHNcMEFaqrvjeTBqqd8dp813ciKjDQ3thdtFRmIDAWh65sJtVwqKYs/lvJfH7ArK0f8l4HAXp9Jb8sNzPBazTuNjNNC7IyiloeMqNAD4YR48njdOksnPcWjsB8N+e3dSpmBhDsjBGVE1b4wpJ/nUwzy3hZ5odAr3xiC8QVQHlOCtuJGyOZOOHt2WKqCTo9QRgrSWeqknjfDKMOjxt6KgrEeXfHGxMjkjvDY8axpyB6Lya3TAv0OO5GQvpr4gWk3jpaqja0OexpLfuvlnW6mlBA+kr2vgdR9qrZ4Tz+my3M0ce5RuMHCBTEPiZJ/UEYcL1MUjwklh8hXNDxpPCh1NsAbqiU0bIrTjsqBjZKHRm5aZ8TtJZ+6Fp91pZqSGceZu6qKu3zQOIDSQFDVXqU+JFekunlcUNSafQJJJJQsekkkp0U1kk09Q6IjKu6KsDsDIys6iRzuiIxv+a0VXOL5EWVbjWMma4bYXASSclUlNcsYac7q0hmEgyO66Vd6kjFOpoM17mkd1LjlBA2UZvrjhOBz2wtULEZ8eyV5SFzSQg5LTnOURsudsJ8Z5KxkKHngoweMBRwM910NyeU2DBJMYaTuEdlO0jIPKh6Zv8AhH7ojDUMxpcmlpEltPPnLDsigkbFvC5T1haP5jdvUI7pYThzSDlAjTWzjAMfSnjGQScLoLCcJwYCqfI5BA6HG7xn0S8vbCb4bTyEi0EYzhNgibkOwPb9V0M35H6rraYu3BSEMmfLyiInkK0OA9cLjnuO3omCKtHBCc2GrG5GyYkkVzkeMk4JUhuMDBQAHAebld0u5yoooP5GS291xoIO5TGagAusdIT5sHCNRSJvYcbhd0nsmMeQfpRRIMcKwoxydIyitTQcpzVaDUcHPE9kQYzwh+H7p+B6qgwmQkSEwBy6A7KhAmo+icuMaccJ4jcVA4ttnNXsup4iI7cp4iIOVaeBiQ3JPCIntj24RWxE47JkXtQxJgsFPARhCCM6f3XGxkcBC2mMSYDBSwUcR+gXMBAMSygeCiNTtIxwuAHJRhMEmIqafRAJseBiG4ZGERMUMkp5AOGSQukho3KReG52USpqByBlQzXXKPY+aYdxwqm6VzomeXCZXXIgYYMnCqiypnJdODpP7KHOv1K6QF9fNUP08hFipjINR2R4aIkgQQ6yVrrD8OrjcJWTV2YYRuWg4ylysUTk362MVyZWjtNXXTCCgi1vPbK3nTfw8dERUXZzCTghg7FbO22K12hgFNTMa4D6iNyjPqWR5cdkic93Ry7NXKziIAxUtupgxgDGNC846y6rjmldTUzvKBhG6z6wdIX0lM/ABIOO686qah73FzyXFyWP0WnlZPcxtVUOc7J7qOTkrpy45IXMHgLPOaier0uj2tSZ0HGSmyP1jHCa/PqmBpkPoss5NneppXoYWFxCkQUxcQeE6KB2RsrCngOx4SXLB0tPQzkNOXYGlWlHREYdhGo6PYeX91ZMhAAGOEMlk61FG3kBDEGjGEbRhOYAO2UVwGBvjCE2qKQAjHdRK6rjpoHSvOCOAi1tVHSsMkhxhYa93uSqkdFG/A/yQuWBOpuhTDkDX3KerdJqds87eyixx5AJCUbC4DuSjxs8MbqLk4d9jnyDMekblVtwq2uPhRnYcn1RrhXt3hhd9yqsMLnZymKGTkanU5zCsdGx8rxlWdNTAYKHR0xIzp3VgyJ0ZBx+60Qjgx195Hxt0hoxsiPlAbgAIZlAGMIYducpkYZKttwsI45xcVwANOcbp+cLmcLRGGDn22OTO6vZdLXHskwHIPZHAGE2MMiRgByitGcBcwE/YJkeAWEaO6DI/fACT5DwuMZq5Rt5KOEkp7W4IOEmtJI22RMA87K0ih7MY4xhdL2juhGQMyor5i44AzlSU9pWxkmWYDIaQVFMjxzwuBhJ1H/NdmA04CRKbkHjAnPz6IRGe6fHGXHdMqZRAMkfklzltGRhkIDgEnCqbrdw1vhRZ9CQh19wlePCiGM8lVkkJeck8d1zNTqJPMImmqnHIB0hld7fdNMRO2MI4DIsbbrrn7bbFctR55NajjojmBwOcYSMJOxKc6SXONWyWr1VuK9ob2NFOO5/dd+XHqP1XMn1XcORpxXopJnPl99sfqkKfUcagF3zep/VCMcg37fdVsjLtBBhRsP405tA1xwHhRwJM/UU/EpbjUSq+OH6HQlhkhtuY78Q390/+BuG4BKjxNq9Qw0/qp0Da/YHceizWxS6OhplGcsNDI7bUath3VjBaJZSA/AHuj0lNVSkAtWmsnT1fXStijG3crL7wem0Wki5KOCDY+kzW1Ajgblx74yAvY+jei4bXEdbGPlOMuI4UvpzpSG3xxxQsBkwC9+OF6FbaEUsIBYMn23Tdh7/AMZ4WMErJdkS02oxua6TDh2HYKyrar5eQwRs1yH6R6osr5WN0wYGfZOpaF2fHlwXkd+Qp0eoqpfRDoLH40nzd0GqXs3sFeRsa1ulo2HZMawjuSiNVZHKrAm9gn7Y90NLJVEwI87JiemFWlkpvBz3KZJMI8EjIHK5NJ4Y3HK8q64+IL55H2awTHW3IkkB2cfb90+uGTl6/wAhDSRyy3636/8Al5X2+0t1TPy0kH6V5tDT1M87qmqkMkkhySd8J9uonjVI/wCoNACtoow3GwWiNWOTxOs1s9ZPdIHFTAAZCls0sAGEmgAbBL6inRjgxLA7lOXARhMJGEQYRz9tlGklIThqzhJsPJ9VC+jMvqKSH++rIG/+JVlV1FTRP0U8Qlx3cNlnT5ud0tJHYrWq8HwOOniuy1nv9XMMRtbEP8KhOfLMcyPJz6lBDgN8ogEkwAp43Px6IXFF7YQOeGc8IgaIgHORILPd6yQMbC6Fvdz9laU/RztWqqrJHD2coDKyuC7KV1ZTjYOJPoFwSVk3/ZKCd/odK19L09bKfBMWsjuVZsjgiaGxMDQEElkS9TH+kxVPYL/VAGUNia7tncKyp+h6TTqqqiZx7gOwtM0jfddLgFW1ipamUuuCrprJa6RgZHSN27nkqWxrIsBjAAi5yeFwjKJJIU5SfbO5zuh7FETMYRYWBTbZzBPK6NuFxy5koVhEFkrmD6pLmr2Vgxjnk4uEDBIXUj9JQYDigRJyuLp5XEIzA1JJJQgLJTM5Tk1QglzAXUlAxiS6QByVzU3GQqygtrYxLUG9wo8tW0ZHdQpKp3qglNIOMGWElS1vOFHkr4TsDuFXmcvTMD0SXZyOUCRLXOJwO6jyzOI+6bo9/wBl0DHdJlPI1RSBEPeV0NwM4RAA3tlN8zvLjCGVmBijKX4oG49gE1xccDCkR0znb42KlR0pG+AlTvOvpfC6jUfksEBsDzg6SpDKbgkKaGRtx5cLjnMA2WOepSPSaTwUKliSyCETWhDLRlJ8wBIQnSggrLbqNx2aPGxj1EJrA2/1TNWeQo+t2cj/ADRG540rLO86lOha9BchLI9VxsRI2XRA4nus1lzZ0a9NtXCOrgiLjjOEeOmJIOOUcRMjaC/b3SJ2tmiunBFFOSRtnKlMpw0AkIUtxpacHzAkKpqb9LLkRHhJcm2NjOFfZdvqKekb53YVXX3nIxTuH6qlmnqag+c8prKc53OEWf2E731EkPr6iU5cc5CieG+R2TkZUsQDGe66Bp/DwqyJlPPLBMjDRuMJx0O+jdGMLpMEDAR6ejc4gtaCVT/ZIRlN8IisjceykQ0geRk4VnS2uaTGY9u6tIbZBGAdO/dRtI3VaRz7KmmtDpCNIyO6uqW108TQS3zfZSooRGMNGPsiu0RNBdsClSuR0KtJGsC2CMO2GEQxiMBx2CjTXGFgIYSXKunqqqU414BWec3I21wVa4LGor4YRhoy5Vs9XPMcZwCuNge8hzu6MIGtG4SnmQblkjsgL/Me6cYw3GUcYG2oFFhp5ZnARtyrVbYuc0uyL4QaQCOVNgo9eDpx7qxprRluZhhS4aRrNsDZaq6sgOaaKyOjLCNsqQIeApuiOP68AD1Kqbl1Pa6PIa/WW+nqtEacGPUamFUcyZJdDjlVlbc6S3l2HB5b7rP3Hqarqn6o3aAfRUssz5CXSSFxPqtUKcnBv8q1LECxrbzUVshdksHoCoT3h25dn7qL4g3CE5x7u/JaY04ODfq5WyzIO6RzciNwGyjue7uUwynOEtLiM4T1BIxTm5dHXSZ9kMeJMdLRlS4qRrwHSNUuJkEQHkwmbkhSi7GQae2uccuYp0VJDAMhoynSVEAAGvCjTVrHbNBOEuViNVenySHPDTygSVEbBlx3UKSeRx37JjyXcpLtN1dGCQ6ve3IjGxUYumcSXvznsu6An6fdKk3I0KvAB0eo5wnthxjblGDGjd3ZNdIzOI9ykuORkUkOjjYD5tgnfyztGdRXYqSefBLCArGmoooQHFm6pcD66ZT7IEVHUSuHkwPVWcFDFEAZAC5J9VG3ZowFHluDf+GTkKpLJqhGqrvsneSI7DAKa6oawZyD+arhVSyOAcnBsjuSQhSDVqX4kiStPACa2R8uwG67FAw7vblPeGRgeEzBVYLc5PsQp35BkwAnu+UiaNDslDcZ3Dz7BRjPSUx1VL91ai30JlaocskGWoBxTsyDyVx2tozIeeVV1fUkUbdFIfzVTJW3e4Hw2SOIPAGyNVP2Y7PJVweIcsvprlRUg1PlBd2GVVVF+qqx2imZkDvlNg6ammw+rfpHO6smCx2hgAaHuH+abGBlnqbbeW8IgUdpvN4nDTE7SOSr+Dp6x22MOuc7Nfceiqajq6sGY6B3hN9R3VNUVlRVPMlRM55O+5RRrMf8mK/F5NRVdTUlG10Nqg0hu2rHKzdbdq6veRJK7BPGUNoODsnQxB2wGSmqOOAHdKfDAiFx3O+fdSqW3zTn+S3JKv7L0dcbqWlkZAPOy9R6c+H1DbWsfPG0uG+B6qNJHT0Xjb9VJNrhmH6b+Hlwrw0zw6Qd916LaOl7ZaWBscDXOHchaDwwwAR+UDbZCLSOVXR6/TeKq08Me/2D0NA0gAAdgm6fdHERKM2lyAcqnnB0I1SSwiI2CR/0jZd+UMeCR+6nhojHoodbWxxt33PYeqHL6I4pLkE/w4tzhRJK2OTyx9uUGWaSYnIO6PSULmDW/G++3ZWk+2J/shjY5JTnHKlspwwDI3UiNjW/h4TZ5WwjLkcUsAP7eRuhMkqIYf7x4Cq7h1A2mwIdyeyzdVU1NZIXulIB7BRywBK3PRb3PqZrHOhp2knGMgqglqa6rOZiWt9MpzYgXAAbqfSWuprJWs0YB9UDkooTstt4RVeE55AAJJV5aenKmqcHuGG/ZaezdKMiePFjzjckq+c2no2hsMYCTK46Gm8apc2FTbrFTUkZ1gajuNlKfiEYaNvZPfMZThoRqO11VWfNGcLDdqlDs7FWjUeK0QDK9/lAR6O01NS4FzNloqCwxxYdMwAq2jhjjAbDGuZdrXn7DfRocPMynt9kiiaDLHgqcIiwhrGfkFO8J7N5G4z7rmloxpaCVgt1MpfkdKumMOIoimOR27m6UgI8AOdgqcyllneAWlrVNjtcIALmjKRK7KHxhgq6en1/S3PopkdG5u8owEeWWkox5sDZQprkZjop90v5XLgtJIkTPpIW7EAhQJ7gHeWI7LooaipOpzcKRHboohqxug3vJaRBeHTc8pwoo9nPblSZXww7Hb0TGSVEnljaNJ7ok9xbwgWmFhAa3ThPDwQCwak80YyHyjJT9DGDyhGkA5YI5iqHDygNH3XG0xBy5wyF2on0D2VbU3eHgnCbgDciwfojb5eyr57gyPIcRyq6oupk2hcob2zS4OTui2oVKeSZVXeJx0g7qE+pll77FOioATqmZlShFEwDQ3GFBM5Z4IAp3SHJ5R47c3YzFEkkY3YBCfMX87Isi8Z7DaKWEZ7pj6lzhpjOkIBJPJQ8+iqU8F4HudK4nW/KAWb8JxIHZCOo7Y5Q/JkHDHOc3ByBsgGT0YiGBxOCeUZlEDvuq3INQbIeHHgIjKSR+DjlWcNseSCG7KfHQBoB07j3QO5BfGUkdqlfgnj7KbHbIWaTjf7KycGRDzHZQ5rjTxbMdqclTt/RarwO+W8MDI2THPp4t3uAUOesqZiA04ahmJ7hl3JS/n4wW4hJrqyPyQU7Xe5ChyVdTON3BoPZF8DBG2c+yJHSDIchdgmUMkExPeNwSm/LH+j9lbtpRjYBI049Ah+XLwD8ZWNptH4P3SMIG5CsfCaNtKY6MeiJTLVZXmHGxTHQ7eisPCJTDD+SL5GKlWkVjofRmfzQXR47furN8W+7c/mgOhzjy/umxsaB+Ig+GT2QzT9y1WQonOOdOPzTmUGvYZC0K0VLT/oqfA3xpSbTh34VfRWknckIzYmRDdjRj2WiNzFfxn7KGOg1b4Ce6mbCPNghWVVO3OGM47qtlbVz+Ud06NmRUqlHpEaWSNuzdyoUji4+itIrUTvOCjfIQM4TcoROiT5KB1JNOR4YypNPZjjM4VsQ2HAa0fomSuLhjCZkV8RD+Vo4BxumPkABAbsiSANIJQ2Nc/ZmyvLLjBLojuducjCDgZycKwFtqJyC44H2T222nhwXkq1LBbqnPkrmscfpGU8UVQ7ct2U58lBCQGuGUJ9dLI7RT5A9cIvkA+OK/IB8npHn2whkUMYzq3RvAraggSPw0p7bXAzBfue6nyL2VKnP4kAyAnFNGXFdbR19QQZPK09lagwQNAAA/JAlqZSMR7I1Zkp0xjzIj/JRQDVJu77qM+sjiy2J2D9lILaiR38zvwmClYNy3JWiuWDJZF9RRAnkq5j5HbFANI4gGcZx7q1EQb9IwgyRnI2/dPUsGadTl2VT6OPhrE35EnGBurZ0bAOEGZ7G8BWpGSdMPZBZQygE4AC4KdrXajhGdVAZA9FCnqDkYCMzyVdfQdr2xAhoCA+twC0HhDdI4g7KK7UXH/qjM9k5f0j5a2bP1bIEkrpOV1zMoErvDHGU2KT7MNkpS7OFgJIQnQHc4CaZX/hCCZKjGNey0RiYrZP2PIAOFwkYUdznE7krmSeSjMcpYHnOdnJhaR+L9kgMfiT8D1RJZEttgS4g4SOofi/ZPDBnnKXgbZyrcCsjCcompv8AUP1TPD5GMJnhEHO6XtC5Cas8rg0hcAA/EnNYXbNU2l5aOiTAx/ouuSIcN0tIHZCWpZGpYC5gei7p9lBu/HoaWeiA+PKNP8xjEIUbwbgNwA4KCpTyDfA5xyhGN3ojn5xvMWPVc1uHLUYPytAsyt4kcPzUpl1r42BgmJDeMoIIIyAuOOFfJUrpYLKLqaaNobJHkhSG9Uaxu0jHoqB0fcJoGnOUcZNCXqZx9m1ousRExodUuaB2yrql64YQAKkn815ecDcp4fgYBT4ywXHWST5PcIL3RV8DWz6JAR3XCyFmJKKQwPHBacLxyG5VUTdDKhwA91dW7rGqg0x1B1tHfujhbyO/kRl2ezWrre5ULRT3ICoh4yRk4Wgo62z3T+Za68RzHlhON149Q9Y26YBs0obq7FXMEtNNioo6gMdyHMdhaFPKDVqPWI62uofLcaMuiOwe0ZCiXLpyyX9niUxZFKR+Hb9Vk7f1jdKICCteJ4W7ebfZXlHc7RXnxKGtEE3JaTgIlLAM4RseZFVNabr0zJq3lpAcaHDLR7lMkhtF9j/3eVkNQOWnYZWvZXTxt8OvhEkR2zjIKr7n0n05d8TxvkpJeQ6I6QD6p0b8GO7Q1X/kuDCVNBUW6TTUs8h2DuQVV11roKwHMYBPcBbsm52jFNd6WK6UQ2ErG5OO35qNUdP0F4b4/Ts7Wy8uhkOCFpVqZ5vXeEnBbqFwvR5Lc+m66hd49ITIzsBnZQI6+SI+HUsII5yF6NWR3a0TeDXQ6N8DLdlV3G0W28M/mRNjlP4m7ZKNSPOSjOr7bItMzUVwMRbJTykH2K0tn6udlsNZqf2BHKyN06fvNn/m+AZYM7Obvso9NUtlYHNOSNiO4TFYyYfZ7HT1lPWN/lHP55TJ4wdl5rQXetoXNdFM7HplbG2dV09ZojmaY5QNyeCmxsyKlDdwy2pKyttsmulmcwc4zstVb7vBeIhKJPAq4xg6HYc77eqzBLZGjYfcIIa+NwfES1zeCDghaFNI5uo0UZrMUex9O9aMhjbb720kjyiT1Hv7rSyUcbA2sthw4jVjOzwV4rbb/FVaaS4BrJSMNkzs77+62Vl6kr7S1tPI7xoM5bvkgegVtZPP6jTyrfKNrT3FkjjHVuEUo/DhSp4YqiEh41NcO/dV8b6O/UzZYHM8XGQRyPYrkNwntswpLgz+T2k9FZim5IwPXXwUtPULPm7HI2217cnxGDBee2SPRec2q/Xnpe4/7MdY0ropmEsiqHbNlA4K+lg0Obra7LTwQqTqrpOzdV291tu9MJGPBAONwouHk6Om1u6Hx3rMf37M70v8Qq+yPZ4zTU0hAADXYI/6r2Gz3+gvcfi0UzXtLQ7Gdx918p3npXqT4Y1TcOkuFle7Trccvi+/stN0v1oaSWK5WWpMjPxsB59QQrbyKv0i/KLTX9v/ALn0uRlCe07YWd6S67t3UjRAcw1LRvG84JWneMhLxk5k4bXgDnCZqPCeQmJQC4KDrHo209aWp1uuTADg+FKBkxn1C+Z/iD8M7z0TUF0pbUUbnYZOwcexHZfWpAA32USrpqWshdBVwsljcMFr25BH2WbU6SGqjtZ1PH+Vt8fPMOn2j4cY+ell8SGR0bgdiCvpr4Jf2jZaU0/TvVkofSYEcdQ53mi9AfX7rBfE74OSWWF926fBkpQ4ufEG7xj/AKf5Ly2je6jna8HAJwvB+W8NDHx3LP6Z9f8Ap76j2z+bTvrtH6Y0dTRXOmbW22pbUU0jQ5kjeHApsgJ2/dfIfwc+Od16JqY7XXzOntkxAkjJ4HYj919YWS/WnqW3R3Oz1TZ4JGg44c3PZw7FfJ/LeGt0bzHlH3Dwvn6fK/b1L9DpYtW7QozXOYd1YvADjkZQJ6cOAwvOyjg9ZXLbwcin4BIUlkgIyqeV7opNJ5Umnn1NGBwlSeDQpKSLVrsjKiSiWOTxmDYcj2SiqNwCOVKAaRlCCsp4ORSsmbqYf/RDMs0MrXNdgenqor4pKSUzwEkE+ZqnMMFZFluP9QU0LCJkNUXtBxymXC30l1pnUtXHqY5VxM1K/YktU6Cra9iuFmBFleeiqNrtnUNml6B65gbUskiEUFTINnjfG/YrwyhHUPwJ6tf0p1LJLVdP3F/iUMm5+XGdiT3G/mb9t19DVlNFWReHINxu1w5B9lSX3p63fEGwy9O9RRtdUQamwvAwWHsWldHSav4p7jBbS28xMN8S/h7YPiR0tU2i8MFXQ1sethYcFm3klC/Mf4s/DK9fCXrKp6cu0LnU+ddJUjeOaMk4IPdfpJ0JfLh0Tc39CdUSAQU+llLKGbYJO+c7tOFC+PPwUt3xa6WqKCbw462L+bQVgbkxSb7g/wBLtv0XuvGeQlQ1bH8Wea814h+Rqy196Tx/c/MCOQkAI7TlSuqOl7x0Vf6npy/Urqeso3FsjHDG/r9lXxvB2X0DT6mF8FOLPkmo01lE3Ca5QdJcDgV1bU8mYNkroJymro5CMgccJJDhJEAMlaTjCCR7qSdwR7KMW4yoQYNipDCNI3UY7JzCc7FXnBDQW45gBJ3CtLc7TUtJPCpbYe2VawkAjBxutFcsHJ1UMyaPQmu8W37c4U+zbNH3VVaJPEt/hZ3AVnagGnSfVdKueUeau9xI/UWXHdR7CdwPdSb63OrdRbE4a+UUhiWaSzrRmZiv7Ecs5WfrXDxm79lcdPyhoI5ymRMtv4FtdifBbuvOuqP78fkvRLqQYW4XnfVH99+ilhWj4sQO1afAcSQrOj3Liqa3nEJVzayDHzv/AOq5+ojk9n4t4TSDTEb7qNTOPzTd0Sod/PIyo9McVLSey4WuX2HsvGyfyI1VZvSMx6KDTcKc7ekGfRQadeWujiOT39D4N38N6kirlpSdjuAvTg0A5Xj/AELUimvseeHNXsTTk5Xh/LxxLKPb+FlmrA9jTsApLOyawDTwiMByuF2d9BGt74RA0aQuxjbK65Eu8D0iNUwl2AF86/GCkFN1E1wZjW3Jx3K+j5XYxsvDvjvQBtRS1wby0g/su34W749Uv7nlfqvT/PpJY9cnlURBIdjhRbhTHwC4BFifuNlKnaHwFgGcr6NB+z4lqEU1oq3UNYyTVscAr0lnh1lMyVh2cMry+SB0biFuOka/XAIHuyRssupWeTq+I1Sr/wBKRJni8B+QrrpurMcwBdgKBdKZzfO0bcqPb6gwzNOVw9XSprB7DSW/FNSR7Vbp21UDJGcY3Vi3GBgLHdLXMHEbnbOC2MRHK8nq4bJ7T3GmmrIKRIj3ag1dO2WMtHJRo/pRBHkbrnyzFmxLJEtVsLpfKcY3JWmo6cR4e5uw2+6qqD+VUDbYq9blwyOFfzAzp3IwnxP6birLeK2NoLtWAe4HovDa+impJC1zfpOc+oX1NdKJlxoJqSRudbTj2K8G6jsz6eslgkZuwkbr0fj9VitRZ5PyOh5ckVdHKyWna9u+W/oUankw4jHKrraySCaSA/SDsphzHJqauyrE0eXtqWQ8rOCBsj0RDmugJ3I2XfDD6cTEJkB0SB3OUM3yJjHayJWRvDXNH1A5VpBV/J19vq9X8uqIgmKi1rdLnOx2TauM1nTr/D2lp5PFae+xVQXOS58I1dbTtBkp3gGKQEexB4Xyv8R7WbJ1NUQNI8KVxezAwBuvqS2VTblZIKku1yMaGPPuF458denIp6WG5QsxI1+A4Lt+IvdN2DzvltP8te5HmNkqtbTA52S3cZPZXB3wsja5vBqg4/ZauN4ewFvC97VLcfNNXXsswGHKKOUIcorRkpzMNnAePgI+A4YOCo7PpCWS05ySqAbaeUV10sYeTPSkAnct7KjMbmuLXbEdsLbRbYDhlBuNpprgzLQ2OQcOA5+6nZop1GOJGP0+64Rjup1XaqujdiRmpvZw4UI8IDpQtjZ0CLcd01PcDnK4R7I3BljV0HHZcXdPugIFy4EEHhSYK6Vhbh2Aoqa8ZIOU2uexgTqUjR0lyZJ/ePGQrBkjSMgLIRuLDkHdTaO6Ssdh52W+rUL2Y7NO3+JpsFyW7DwodLdYXANdz91PDg4AhbYWp8oyOuUO0Oa7ARMoOkOI3T2tLVojIANHKR9lJjnp+7t/sosbmcOOFJZG1wBAG/snouLwHJhdgNdkJzaaIeZp3Puo/hnOyKA5mDumReBySfoOGkJ4OOTsgiV2PpXWzNOxOCVYZJ+Yj4Lzn7JRjU7Y8qMHNPBC7q22KsmSxYx5xolAPojNircbOH6Kq+ZeNgnC4VDeHIg96RZiOsZ9Q1J+a70/ZV4udRwSii71DANs/mo5ZDjhknwqhztT2lE88eCYyfyQIb3JnzRqyhvUOkFzRnvkKlYHsRFEru8R/ROjkxjyqc250kmxa0fkiNFA/wDmAN390amWq0Qi9oxgJ0ZyQpzW0Z/CEUQUh+kJm5BKOCIHDC7gZBypvykHokKeIHIaEWURLBHDThIRuBypgjjxgBdELc5wqyElkCyLONkRkOCCWogAHZPDwOymQnE42FoGE5sQ5ylq9k7xPZTIyMUhwiaE8RNzt/km6z/T+6d4nsryH0PbG0bgfuuuaPb9ULB9U5rHHbJCJhKQ/hLxR6Lgwed10FrTknCS2MU0O1f4UxOMseMN3Q9zurJKaQ/UPVcIB7fumE47ppc71KMVK9IJjAKASMndOKjvcWAlXj9mS7URXYUnCjTVAjG4UaoukURLCcOHumUtBdrsBNEwNgPD3HAVvCOXqPIQqWUCqK7U7Q3Gr0UGWhr6l2twMcfqRytLS9PMicPlKb56sH1GMZYFqKDoaquDGSX2p+Xad/BiPCU7cHC1Pk5WdnmkdnbMdFPEZZidgO61No+GlXWaRcpvCjIyWMK9Jt/TtmtjWiipGDT+IjJKnPY0jCTba30cqzWy9FDbOkbHZmN8Cla94HLhlWgbgEcBEc3fcqPVTtp2+cj9VnnJsySnK+XJHrHhu4IGy876r6tiY40lM85GQ4g913rLrF3noaGU54e8H9gvM66vdO8lxJPfKpnW0Wkzycrq9007nkZzlRS7VklCJLySERpwlTnjg9V4/RYakE0j0XMD1ScRgoTWOcc9islkmz0EKl0jjm5OyLFD6bLsVO4kd1Z0lI7IJCo6enoGUlEX8tVpT0WCNsKTRUmB9IVlT0wbjyhLOxRRt5A01MGgeXH5oxapPhhoGENw91WUblHAHT7oFbOKeEy5GyJUVUVPGXyOAAWB6jvz6x/hQOIA90ub/QnUamOnjmXYO+3ySqkMUb++PYKlZGQ7UdyeV2KMuOp+5Uloazc74VRjk8xO+V090h0TsNw7ZQ7jX4Hgwn7lcqq1rDt2VSSZpC4bDKNL0ZNVqtq2QExpJ9cqbRwnIJH5ocEJcRsrelja0Alq0wjg5i57HU7AzGRhOmlBwwYSlmDRpa1AjBcclOjHJJz2oecnBKLoLuy6GEkbcIpAa1PhDBknLIDjO6Y3JcCAuvaS7ZEA04C0RiZ5SwPA7pwGUmgnfCccAb8q0sC3LB1oA5KHJJjsmOeXOAbn9U9jdslQoY0kndSWjI+yEAQd0YO0hMiWOaRsSEOeZsTfVBmqQztuoLpnzPOSUMpYQcVjkO6pdI7A+yJHHtqKHDFuCQpQbnAcNkn8uyNgwc5AC6G75ceER8lPC3JGCoFRVtlGmI4QyltKjyw01VFGP5ZBKoqiokfK58smx7eiJVyiP7qqqKjUSAufqL4pG+qtskySw4JL9yoj5nPyCcgcIQBOSnsByuVZa5v7TVGO0Y5zy7CKOE8NAG43XQcbAIEn2QFp90tPuiJI8EyN0ey5gJ6Wn2RKGSDNPsu6PZFw3+n90nBred0aiol5ACL0CkRRgO44QzLI12GBSqaCWRwOnnuk2SUTXpoOyWEEjiOwa3Kt7fROdu5pRbfQaWgubkjstLZ7RLWSiOJuPVYZz3cHsPGeNX5S9h7DY5ayVsccYz69h7leq2Dp6noomhrAXgbnG5KF05Y4aKnbojGrAyfUrcWq2GPFQ9u3YFLUcPJ9B8X42p7XgNarYIWB72j13/zVhLh50t7LskznYaAAnxR5IymJnsaqvjhtFFAT9QUxrd02PAGcIiGbHwQQMZp5QDylk+qSoLCEkmLmoKCZYigij1lbT0ULpZ3gAb4Qq26wUELp6hwa1vqV471p1hUXqskgoZnNjGxwUyEMnF8hr4aaD55HdadcVd6q32211D2QNJa4g8+qp6C3eAQ9zg4nk43TKC3RwYcRqJGST3PqrOPGnYYW6qGD5/qdRZqJuU2OZG1g2HPKeuZC6tcYrAliSSXQ0lCXEbrK6GnO5T2xk9kcNaBjSFBoENHouo2CuOcG8qEPHGUNzlOIqU591Z0vSdwqQ19XP4QPZq2mhvYAfkkcDutUk0fnuerk/wASipelqGE5lJl+6s4KCjpQPAhDcI52SSjPK2Uuxx4whknKIeEI8qFCXclcSUAO5KWSuJKEHpJJKBiQ8BETEYGBJiemICCXNXsk5cUCSyJcJGEiRwmAH1ULOHlcSSQBjUklwkDlQg1MT0B8jQMkqm8ESbH6h2KbJJoHHKhT1TI/xKvqaqebYOwEqVq6HwhnsnzV8bCSVXT3F0p0xcIJifK4FxyjCmDQDgJLk2aMKIMvkdyuomkAYwmhpJQNt9l4zwhmn3S0+6MIHHgIjaN70mVkY9m6jQajUSxCJFDCeF0QucVPioiN3IzYmNPGMLO9RA9Dpfpu1v8A1SAyicR/6orKUg5wprtDADhAkqYwMBuVlu1UD02j8FXTzg6ImMHIC46SONuBgqHJV5PJUR07pNskLFPVxZ3KdCorCRLmqRnbCiS1LneXCHpc4orYvULJZe5G+vSQXLAedxRGxucpLYgANkRrG9gkObfZqVMF0AEO+ot3+6IIcfh/dFGlu5GwTTW0zBg7kKs5I1GPY+NmMZHKdqjj8z9gq+e4nin/AHUV81RNs95VOOQJ3wr6J9TeI4PLG/BVRVXSpk/FsfdPFukncHDspDbfEABKAShUGIlfKXvgqw2ed2oNz67qSyjwATgFTtIiAaxgH2C46mnkxoYiVQv5oJ5bIb2Mi2xnKaCH7BuFawWguw6Y7lTo7bBGNm7qnHaNhP5eiibSTP3aNipMNE7IJGFbtpgCTowEZkDdvKhbwbKdPu5ZBgt7MAlToaSKIgsbghGijLiGtburKjt0znan4aOxKzzsOvp9L7RGhY4DGnGUfQGAOOwT6iop6UFrcl3oquoramfy5wPZZJ3N8G+NXxkuorIIoi5rsu4A91WGpmmOl52Kf4XiEEruhrcHGEvLkFwDZTZwSiGNjcEALrnADHC5HG550jcpig2SUlE6HNGAiNp31BAY3IUyjssk5a97MhX9HbqamAIblwWiuoRKeUUlLYS4hz4lbso2QNAa1oUuR7WjA2AWeu/U9BbSSZQ4jjBWqFOejFqNRCqOZsunNDB5nYA9VQ3TqaitmsNIkLfQrE3rrKtucpDJXiPtg4VMJnyYLnE5zyVrr0x5rWeae7ZWXt36nra4kMOgO9CqZz9e7v3TXSD9FGkl1nbstEaEjjX6qyzmTDvl22QPFzzumOLnrscBc7zcH3WiNSRglqHnCFqLjsneBK/gbI7YI2gEDfvunCoZGDvgq21EuDlMbDSNP943dFAjjOcgYUSWqmd9LtkMOf8AicUmdq9Guuhv8ia6rj4ZyEB80j8gnZBDSN09Z5XNmyGnjHobgpYKKWgdlzAVZch0YKIzATU8tbyhulABUHKSR0kDumumI4CjyP1HbKQODlTBN6DMNRMfKMhTKaiZAfElcCfRRYZpW/QMIwZO85JO/O6phx/ZNfXwwjDXEk+ijPraqc6W8dk+KnyBloypUVO0HOAPVBjI5OcumQxHUu3kHKM2kGxU0hoZuOFHkqoYh/MdhGosN8fkIRCPGUTLQPpxhVtRfKaM6Qcn7quqLnVTeWM4yq+MzXayEHtj2XzqqGIEyPx+ag1N+p4vKzc/dU/yVwqzqdkhTKaztYNVUFWzngzT1F81xwgNReKypIbC8tB7ITLbXVTtUkhwe5ViZLbR/SASq+rvTn5bAC0LRXVk5+ovphHN08v9EqK2UdPh1U8DT+6K+82yjb/ujf5g2BCzs1RNKSZHk5QGx55CeqTkWeVwsUpIsqq/VtUcSSHHsVGMhk3dkqPo90eGPXnZX8aM/wDKtvf3sc0c4RG7Ee6fBA6R4DBueFtemfh/XXSRskseAhwo9HU0Olu1MsVozdvttRcJGxwRl2Tg+y9M6V+GUkbhU10TQ04IyttYuirbYYW64GF5Gfz9VbPqG50tGwQSake78Z4GKxZqPyA0NBS2+IRRQtBHcBPd3JK74o3KC7VUHDQkzyj1MKFBYj0J0zj5WjJKfTU1VM7MmAEekoSw+JKM59eyPK8MAA4QDYrAhAI2+bH6oElQ2IbYPtlBqazRtk5VTUTukOxKtICdiSwSqy4OcNDFBZE6V25/Up1NA+d2w45JVpFSNhAcR29U+MUjHOe4jQUWMOHZStDWNyTgBEkkZEMYA/NZ653wAOpqc87E5UFKWCxr7tS0MfiB2s+mVla+8VNY8vJ0tPbKC7JyXOyhshmmOIoyUtvgW27HiIN5Lzlx3Umjt81WdLGZCv7P0hPVsbPK0j2IW1t1gpaGMFzASB2WSy/Yx9Whst7MhZuk3uIfJH+y1dLaaeia3yAnCsJaimpG6SA3ZQNVTcHkU7P5fr6rHdq4xX3Hd02k+OOEh8tV4bdEZG6DT0VRXzaWDbvkK3tfTrnSiWZv6rQQUTYto2BuPQLk6jXNv7GdenS5WZIo6Lp6NhzK05CtYaZkTdMceMKxZTZ3wuSPjpxkY1emVhlqJz/I211Rh0gDKRrm65xgc8pGamjaBGAT6IscVZWtDdIa3ufZSI7bFC4P05I7JMrcDlHJBipqmpfqcDj0U6Chp4t3k6lKfKIQNhhVVZci4uiphqcP3SpTcg1DBNnqYaZpBOPRVtRXz1Xkgkz+S7T0lTUNEtUeeynxUsFOPK0ZQ5L4KplvlnfqqzlTI6WlpsY8p+yPLUQxnEjw37qsqayarm8GiZqGcElQAlzVbIm4jIUMur6p2GcFSobQ4kSVLwXegU1kbY24aMYTFDPItzK9luOz6kZKNHG2IYZwu1FfDED4j/3VFX3UPy2B233V4AbLOor4Y2kOI291S1d3Bz4T98qDLNJNnVk7eqBHTOcfTKangCUh0tdVTHGrAQjC+YgkY9SprKZrBkhPBY0YwjbyDtbIcdDHy/AIRmxsj3ATZZmg4CA+XI2JUywZRwHfUNAI2UR8xdkEJulziniBw3wqA2sCS4nK5ghSdLccJaRzgKOWBihkAQhhhKnR03ibDlSYLRJkF/CXKxInx5KpsJkPlblHp7bM52Q3GVfw26OPA0DIUgx08Lcubv8AdLlekT48FVTWgEfzhlTWUlNT4IZjHcodTc4YRpjBcfRVs9XW1ZAYMBJlfwGopFjLW0sJxqH5Kuqq+WY6aYEJjaSR+7xupLKTRjyrPK/D5LwivDax399uCntpCdyMK0FOT+FEbSd+EEryYRVihH9OPzRRRgYwOFZilGPpT/ls/h/dJd3omEVjaZreGj810QAfhCsvlP8AAP1S+UP9AV/Lkp15IIhAGdIQzGO7ArE0/sEP5b7K1ZgnxFf4Q/oCDJGAPoH6qzNMfZDdSuxsAmqxoVtKvQEN0Y5Vn8o5xHlRYbY9x4TIzyT4slKKcux5U+O2eIdhhaKntrXFvl27qebfDC0EDb1T4vIOxLszMVqIIy0o8sFPA0E4aVIr7tFSSGOmIcfZU7xVV0pkm2aeydEktq6FUVsTR4dONb+wUB3zVQ7+c3Sp8dJHCctG57ogaNgey0wlgTKO4rhRZxqKTY2xZ2ClyOa0YHdRJRjfKemInAHI4OO6iye26O6KSTYNSZbZ3ZLuPsmqYmcJPhIgPl8wAC46ComwGDGfZW0VthYdThuuvMETcF2MK/lFfA+5FZDbHkh0wBG665tLT84bhGmfPKcQN2TY7Y+Qh0+cqfKi/ha6REmrCTpgchNo6uc5l4Ku4aCniGdAJRNmDYKfKg46aT/Lopf4PAMF4yUcUcUbQGgDClu8xwBugvic8I4zyM+GteiPIQ0aWgKK5srj5jsp7qYgg4/dOMIIA0oxM6l6Kt9M5xy4rnh6O3KsXQ44CDoHJamR74Mk60uyCWajuFwxAtGThGmLG7EqHNPFwHEla4dGOxKPQ4xtGds491Dme0EDZOfLUE4iGQUJ9MXbzBPSMlryCnf/AE7qBJ4sm2lWggjbwEMwtcNhhMSMk4ZKk09Qdy3ZCMB5PZWj4DnlDEBCYjJOuPsrjF7IToRucfmrTwR3GUF8YGfKmKOWZbEiv+XL9gmih0jMuPZSHStYcIL5y8EALRCD7OddOMSNLBG3OQAoMrWgnDgp00b3HzZGQg/JwjBLy8+i0xjg59s93CK88pAA88KyEMA28P8AdNdHCfpjRbWZGyKwUDR/Nfg+6KJLYNy8JSUcD9y3hNNHTY+nn3V7SlKSf2hRV2YbF+6Xi2vs4KM62UueEvkKUnABRl/JL2iT8zbO2P1TPnbaN/DafySgtNI5wDnEAq4pum7E7HiTy+41JcnguEJ2P7GkUZuluzgU8f6IMtzik8sNLj7DlegUfT1gdG1jaNr8d8bqdDarTTY8K3tz9kDmalorcfdJHlRfVuOW0bj+qZiuxvbp8f8AKvYBHbmgYt7Rj2RRNT42o24+yVvGLQr+pnjYZVHmkkH3aUiyYcwvH3avZddJt/ubM/8AImE0X4qGM/8AgCm9hw8apcxkeO/zG8tcPuuh5G2r917F/DrJWDEtHED3GkBQKrorpyqJxH4Z9Wqb2SXiJtZjJHlge93Az+a5gAklnPqvQ5/htb3/APZayRn3VVXfDW7Qt10lTDUDktad8I1PkyWeP1EP6cmNfAHbhuCgyUshGwV7U9M3umGXUUhA9AoJgqICWzRFhGxBTk0ZJaexPEotFU6KrB8rAhfzW/3jMe6uNWeyG+MO5CiwZ5UFY4QH6icpjou4cFPfTNeCQOEFtO/1wmtIzzrsj6IuXDZO8RyKac+iZ4JzjP7K9qFvcuzrHNHICnU9wq4WhsVQ9o7AFVzmuynt1MHqieUSFko9GxoOsXkMirYy4gY1g9loKS5UNWAaWraH+hOCF5kJTkbI8TyN2kj7FX8jRpjqH7PZrb1bfLWQ2o/3um/pcMkD2WttXV/T90Gl83ysp/C7jK8JoOq7pQtbHrEsY7P3K0NN1LYbkGtqgKWc98Y3TVI0V3rJ7e2ASMzDIx7HDYtOxVPW9Pt8T5imLqebkOjOFi7Verra8SUVZ8zAeBqzstnb+sqWqa2OqjLHnnIwE9SHOSl0Rp7jVQs+UvdG2shO2sjdU1f0ZR1rTU2Gs0v58F2y2+mhr2fy3MdnsVUV/Tz2O8WjeYnDcb7JsLMGPV6SrVQ22I87FXW26V9JXRkhp0uY8bKvunRVFcg642GXwnu3dFnh3fZb+pnnwYL9QMqYgMB4b5mj7qlqLVCHfM2SqLSd/DJwQtcZKSPJarxEtP8Ai2zyetiutmmLKuF47Z7FSqa4RzNAD8O/Reg1cNJc4XUV9o3A9pGjcLH3z4eVtAPm7PUCpi5DQfMAr3bGc11tcE+zdS1Fvdpnc6aI9ickfZbChvFFXsDoH792nkLxyG5vpnmGsJY5pwQRwrihub2kSUcrQfunRtT6YmVMj1J8DJdy0H/RSbffJ6B/ylfl1NJs17fqZ+ax9o6qcNLK1p9MjhaIltQ3UACHfmnKwy26aNkWmjdW25VNrljq7TP5D9QJyHD3Xodp6jtfUDflaljBLgBzXdyvB6W41lqeXQnVEfrjO+3qForddKSvAqKGoIlbgkNOHAq8o89qvGTh0etPpK23SF9uk1QE5MLzkD7ZUqnrIqhwjDgH+ndYywdcmD/db05zoxs1w5C181HS3CJtXRyBr3DVHLGf8005Dg4cE2elimjMdRE17HDBa4ZyF5B1p8Jqiy1EnUHw/Iha5xdNbSctd/8AS/32XpDLtV27+XfGhrScRyt3B+/oriFwmY2SMgtcMgjhQuq2dP49f+R899OdXzzTscHOpqyndgtJwWu7jC916H+J0Vxay33uZragjS12PqWT+Ivwtpb/AAm89PtFJdYAXNfz4h7545wvJaS7VtBcZLNe6d1JW050kk4DiO4UNsqq9VDdV2fYpLXYLe4yhPOleQdDfEyaF8dvu02sbNZITvj0K9aiqYayFs8Lw5rhnZAcq2qVUsSOyHIzwobnuJU130lQ3sdqOygvA3AflrgCDyCvKfiV8EaW6PkvnS0fy9Q7Mk8OMsPqR6fZeq507rhncRg8JGo00NRHbJD9PqrtLPfS8M+ONNZbqt9FVwujlhdgg8hekfDj4p3vo65xVNDPhhw2aMnIlbng+43/AFXpfxB+HFr6wozKYhHWRAujkbtuvnq8WO8dK17qS507oyw4Duzl4fyvhEk9qyj619M/VEbZJzltsR999G9Y2jre0x3C3TsFQGgzU+d2FXun3/ZfB/Q3XN76ZrmXG11GJGHI8xGF9dfDj4o2zrukZTytNLcmsy6NxGmT3afX2XyjzHgJ0/6kD7x4T6hqvgo2vk1s9NFJ9Q3KpKl89skBcC5mcD7LQEAuOFHqaaKojMUrQ5p9l4+dbiz2dVn6IkU5cGuwPVWEU+WgFZeolqLHOGTgvpnHZ/8AT7K3gnjmY2WJ4c0jIISzQsSRalwcMbKOYpaN/wAxBktz5mobZHEjKnRytLQ13dMJyjuplZDlhGcfoorC+nf4bhuCpRha3+ZT7O9PVdcyOob5gA5UC2mjsNRqG6e9pD2VEONbDn7j0UBgMUmk52UqKbYBHGWGC4ezP/ETo5nVtodXW1gZcaYF0ZO2/oVm+kupTJTGy3WJ8c9L/KfrGDge3ovTYXBnsDysd1t0n4s0d+tUeiqjGXBvDwurotY638cumZrIe12eC/2r/wCz1S/E7pl/WXSjMdQ2yINaS7zVULR9AGPrbvp9dRX51zNqaOofS1EJY+I6SD6r9ebNeWPa6GZvlPlliPY+oXyv/bV/sy+D43xf6GpWSRFrpbzBAzsMEzNxzjfV+S974TyPwP45vj0eD+p/CfyV/Jr/ACS6/Z8ZxSk4Uhrs9lXxPAcApUbwQvdwuTSaPl04NPBKantyHDZAG6JqWuExWMEhpGkbhOUUE55R2uAGCUwAKeFFPKlHhRiDlQgNObyE1dacHKprJM4Ra2l58YAjGyt4yc5zwqKgeGzNPCuojg+qdW8GG5Zlk2XT9UDH4ZPIWgpn+G8OzysVYajRUaS7AK1zeA7OMLpUvKPM6qvbNodeTqa5w4IVfYXHXz3U6vBNNnkqvsxDZAD6p0iQx8bRbV5PitOVa2B3l5VZccOaSO2FMsDsDTk5RxZju/A0VaSYt1591X/ftXoFZ/dYXn/Vm0wKuzoHR/7iIdv/ALg/ZWlqeQ3SCqahmHgOGPZWFolxK4FYL+j1fj57ZtEqYnxnbpRbPBzvkJs7wJne6Y7fgrg6/wDA9r4+z7zXMHiUYx3aq6E6agxKyoBrtrSecKrcdFcD2XlbnmDPoGmlugi6sdSaS9UzycDOCV7pBl8bHjgtBXz7rwQ8HBHdfQHT8oq7PTTHktH+S8r5irMFI9d4W1qWwmsOcKTCOChDlSIuF5ZdnrFwGaABgLq41dVMcnwMlbqXmfxptbKnpkzkeeJxII7BenkZWU+I9EKrpesYRnETitmhs+PUQl/c5nlafn004/2PlNvIKnQ4ewAkcKC7yOLDy3ZGp3DVjUvrFK3JNH5+1axJoBcIgCS0dkTpq4fJ14a47FSaiDxG/kqAOdFUagcEOQ3JbcCtPZ8c1JnsbWR1tHlu5LchZwtMFQWvGNJVl0pO+aiw92cNCfeKBxd8xGPcrhXpo93pZ/LBSRY2CvMUjWl3B2Xp1qqRVQtdnfC8XopiG8bheg9J3Zrmsjc8enK895HTZ+9Hr/GarMVBm6Y3blFaUKENc0EHYooGF525YPRQfIaPZ2odlf0DmzQgHkKgj5wrS1yeFMMnYrLzk0YWCwlYWkDC85+Idmb43zcTMHGXL1CaIOAcAqTqG2tuFvkwzztBP3C6GkucJo5mrpU4M8EloNM/iBuMhDlgyc6f3WmqaHDiA0YBIVVUUz4yQW8L0leoyeR1mix98EQaSQmN9Oeeye1ukqMwlk+Qe6mPZnBC2KeTiSrYGuJe3PsplgZT1dPNQSjzOBwokzSBjGU+z1DKO4tdIPK44+yOLFTXA7oCqEVXc7DU7GKdzowT9QQut7Sy52aspZIw5zQSzPYoXUIf011/Q19P5aWtaMH1PfK0dzayXW0t2kyf1WzT2fHNSRy9ZHMdjPjqohnobhLSysw6N5Cv7ZVa4hGeQp3xPtE1qvz53sGiQncBZy31Wlw919A0Wo+SCkfNvJadqxmoYc7qQzG2RlQaNwlYCFMaF0U88nBujh4Dog5Q09QUGZjHCM1R2orVaTA4CFjXjS8Aj3VLcumy9zp6JzRq3LD/AKK80+6I0e6LAUbnW+Dz+alnhfplic0j2Q9PuvQnUkE396wO/JVld0xTzAvpyGvPbsicvRsr1i/qMhp900s75VpUWW4QF38kuDeSAoTo3DILd1Sjkf8AyIT6IpbjumqUWAn0XPCxvhRxaGxnkFgpAEFP0j0SwEvlDeEdY4g5B3Cm090ni8rnZaoSSbG2cX9oqyCmjR0d4gfjW7BVsyeGYDwzlYVuxyDurKirquPHlc5o9At1Goln7jFOlI18TGk5OEbXowAFQ0l5ZIdOrzKzgqxLwOF1ITUlwZJQlBk9sgcRspcbWOxuMqvbMDgYRQ7UMgrQssOFv7LBsMZHOU7+H+Jjw2KG2VzMYUiK4zxHY7IzVGcGF/g7iAdG/wB1w2mo4BGEVt2IwZlIbd4NstKg+EaX2RP4TULhtU4GdlYi6U5G+BldbWwE5DlA3Ct9Iqv4fUA/SniimGMtxjurhtTG/wDJE1sIGDj8lC1CC6RTtonDfR+6I2kdp4wrPyc6QujT/SoU/wCxWikdn0UuOld5dz+qlCNh7IoaOVWReWmDDHMG6KJXMwMZTtk/yo8sNTzwcbUvOMhSA7IzhA0j0T85U+RhPAYPOU/UQMkfuo6fkqfIUEEhP4U8EZQmZOUoyc5J4UVmRgcSeyID3UdsozjCKN0zcGP8Qei74vshro5VpgSntHeK7OwTw6YjeTb7JrQBg4RRIwfhTED8g3S/uP3S0O9EXV7JZP8ASUOGR3Y7BgegXQfQJ7iADqUSSZrThnmPYZV4x2Z7tZCK5ZIA3Qp3DnIRKK3X28y/L2yjke/jyjOFfUHw1hpZRU9UXoBpGfAp8ud+fohdkYdnI1Xl4Q4Rkpa0sBDG5PCnUnSPVF2YKiSM0dMRkSSjAI9lvGRU1qDGdHWCMPHFZVN1Efl/6oUvTFZe5Pmeo7nNUk7mEHEY/JBK7PRwtR5Sdv8AgyVvsPT9JUj5CCW6VhH1vbmH75WrpemKq4v8S6VRjY4D+TFs0K9obfRULGw0lOyNreA0YU0hpHCXK1s5dupnLoj0VrorZEGUcYaT9R7lOnGSPVOcTqO5TTvygy2Z5WSfY1vdMOwyUQuaBknZQLncaemiD3OzztlBOWAYpzeGMr62KmjMkjgAPfleZ9W9Wvme+KKU5Poo/V3Vz5nvhil34GDwvNbncHzSYDy71OUOcna0Wiy8sNcLm6Rzmtdkk7lQNZkOSg7uOSERoI5S5zSPTaPRbmkg2NAGRyuHnfZI7c7pzQH4JWWcz0tFCgtqONDnFSIo+E6OAuxsrGmpfpw1LOpRpmxtLS5Iy1XNFSgEHTjZPo6TYHQrenpgAMtUO1ptNjkDFBpGzUXTpGFJ8LA4Qy053QyeEdGMElgR3GFDqp4adp8V2EasrIqOEyyuxjgeq87v9+lqpXRRP2PdJbMuq1UdNHLA3+/vqpXRRP2BI2KowSXZPJXNBO57pwacqjy19srp75MKAAMqPV1ALNIKdPUCNmAFVuL5H84RpZ4MV1qisDJQ97991JpockZCUcWe2fzVhSxDI8qdGODD28sUFOG42RpXaAGtRHBrG4CGyJ0rlqjHIuyeBoa55BKlRwgY2RoaXABcEOomDSGxnjutEYpGac2PIDGqO5xf9k3XI/6iigaeyPsRKWBYxyE5o1FIAkp+QwZwmYAHgBjd1FlkL3aQNk90urYArkTd8kKAiiZwXd0dvlTXMJII7J+oNG6hB7gAM+ihVVUBsFyprWgED7BVx1zOzlSUv0MhH2wrpHSuR6eAly5BTuxkqRqEPAz7IVzyXOXpBmxhoHZcmkGA1qjvqC4jsoVVXeCMg5IQWcErg5MNO8O8ziAqWqrSHFkLgAO6DV3SWQ4JwAoLiXHnC4+r1n9EDdRVFcsK+WZ5Je/KGOUsFPHKwN78ZNfEegjWNxnC6WgcBJnC65RcFo6uHhNSTEKOEHKQByn4CRAwrLOjGMEhdyB3QTzyu4ciU8FpZEXYSAc84AwiRU5cd1YQU7W42S5yyaadO7ZJAqOhMpDnDhXVvp2tOkDCFTNEYwGZzstNY7GJ8S1G2eB3WO55PTeO8Y1LhDrRa5a6XRGMY5K9L6dstPRwNIZvjc9yVW2C1QwvIijwTsV6Z090+XBk8zMNbwClQie/8V46TSJVktLQ1ssrPKN8K9IyAAMAcLpHhgNA2T4mE8hVM9xTp40xSigUUWTuFL0DAA2wk1gaMBOQmkSSSWcKtyYzIkzxD6LhcByhiQOJGlWVOzaG1Ag52UKtrYKGB007wAO3qnVE4HA3xwvJOq+p5rrUOpqeQ+A0kEg7H7Jlccs43kvJR0kcsF1j1bU3ipfSUshEbTgkKhpaIHd+xRY42cuaF2WqYwANC2Qjjo+farUSvnvkya0NY0D0CeCNxlVzKgu4R4mySH0WqEcmVNslajn1RGku7LkUJOMhGiiwc44T4xyMwxNZ3IRmsGEgA3f0Sc8EHCk44IkIkN25XAS7cDhM0ue4YR8iJoJHCAcoZOtGkYxlVtdViOTSCFOkdUP8sLcbKO21RvOurbqce4Kg1VsrTwo+XA8KQuYC1NZPzQDwUkby4QTyltYIJJJJUGMSSSUIJJJJQgkkklCCSTElCCSSSUIJcLhjlcLgRhDAPqglLBDhJyuJJJMpZIJNTiQEN72sGXFQZhjkOQj1Qn1sTAdSgT1omOI8oZSyXGOSW+qiiB1Hsq6prRLtGuFr5TnCLHRY3clWT45NNdbfSITg6R2XbpwiOOP3VkKEkZwiR0BfwscrcPk6Gm8bqNVLbXErWRjchqe6N5xkYVvFbgPwqSLc1oDtOEqepUej0FH0vbN4sKRlG9w3aRlFit2HA4Vx4UUY3GMKLNW0kGRqyVjs1U2+z03j/pamnDksgRRBnbKc2JrBnSo813A/uD+qgzV1VMcB2Fku1Oez1NPjoQ6WCxmkYwYHZV89UQfKmBlS/eQkgp4pDyXLK736NcNJGBHNTMdjumlsjhupgp2A8Bdf4bBu3P5pMpOXY1VKJWmB+SkKYg5KlOkY08IDq2HdozlL25K4idbENtuEtTR6ZCjyVMmf5bdih+HPNu0Ivhm/QqV8YkmSsjZsSgOrHu+ggJ8VBk5nAKOyjgZw1Mjp/wDmM1mql/SQy6rdw7IK6KVx3ccFTmta3Zowu4HomLTSf4mO3WbfzZEbSDCc2FrTwpKc2InlOhorDl3eXqr6YAMOAAMfmnMp3PcO2VIbBpIyP3UlgawDATloZds51nm1N4gAZQA4JH7qTHThg8uE4TD+ldDs8FItqVUTboLLNZLGDoY0JacJyWCeAubOeT3Wm0ihFJDDg7YUqlo3zHduxShp2NAfKNylLcDEdEGwHdY7rccHY0+n2YlIsWRUdANUmMlQay6GY6IchoUJ8kkh1OcTn3TRsszk2bFLH4jna5Han7ld0ADhIvAHCYXuOwGVSi2W5fsQOCdk06nuDQN1Ip6KqncMRkAq5o7aKZuudgyU6uvkTOz9FfQWp85zKzAVvS0FPSnLWgn1RDK2MaQAB7qnunUdDb251l8mM6WrXCoyX6mFa3TeEaRpaxp4AVNX9UW226/EmDi3j3WIvHWtdVReDTAxDfJWcke6bd7iT7nK116ds83rfPRWYUcmgvnW1XcJHsonuYx2xJ7rNFz3ZL3lxPqU0NDdspj5dHAytldG08rqNbbdLdYx5Y3OeEx7gwbbofimU4HZEZFn6u60xijFPVxXQMSukOAEWKklk3HCNE2mjbl2AU2SuaPLDv6qpYQMZW3SwhzYWsPnIymumDNgFHfI95ySutweSlTtwdSnSpfkPM7jsm4J3XF0Dus8puRtrpjF8HcBdxhPH0hNLggwalFHcD0SJwuOqRuFHdMDtlDkvKQUvA7hDNR2wo7sk5ymjUTwqB384DmYlBMjvRFZSudggKXFRnbYBGMhByIDY3u4ClR0z9naVPZSN28oUtkDGAa27KdmmNHtlfT0wdtjJCmx04I3GF2WroaZp0/UqyW8SvJbC/OPZC1uLlOur2WrRDDvK8NwolTdaeAERnUVVOlnqz53ZThRySkAMyExRxyZp3zfEDs13qZgWswMhQmwXCpeTICc8K0jpKWMBzxuFyS400I0sdujWfRjtksbrZEeGzA4dUjAHspZFspMEOGe+VXVN4mcNLXbFVU7nuOSTk7p0KHP8jm3+Up07xUsv9l7Pe2xjTTkKoqrnVzkgv2KiOBPCanRojHo4t3k9RdxJnHF7zlxP6rmnHZEwEsBMdajwY3Jy5Y1dantGoqRDCw+ZzVa6Dqqc3n0DhhMjsYVtbbLNWysp4Bqe/gK46X6Mul+mjFFT+Rx+ojbC9w6S6BtvTsAlmbHNUO3LiPpSLJYPY+I8BLU4lJfb+zK9HfCzwXxVVyhAawZ3HK9DAt1sYI4mMYG7bBNr7qY3GCnOw2JVU4ve/U85ys8pZPpGi0NGkhtrRKkrJZpHSOPkPBUczt/DvnlNe0uZgdlJoLXPOPEd5Akb2mdJROU0UlTKGgbDkq0bRQ07QQd/fuuvfBSwhkfI29yVElqZJPrdsqb3BvhBpagFxDOAoFRU52Q5al2otjO3qgwU01ZKGAHCOMcmeywbI4zHAIKNSWuTUHzDYq0pbMyBwllb9KdcLpR0UJkdIHOGwaOSVbeDLOeewUkENLD4gbgtVLcL5A1mlh3+6rbj1DU1cj42NLQfdVjg6TAxv7o8oDDlwg1TX1FSceIQ32KiRwOmcADz3U+js1bWyBkUZI7n0WvtHS8cTWOeweXkkJM7YwWWFXpZzfJnLZ01NUEGRpwD32Wrs3S8dO8SSMAA9VeQ0MMAbpb9IXamvipxpc4NIWG7V54idXTaLY8tBNDYGHYNAChG4M1FsZ1IdPDdrvNpa0Mpxw4nlaa29PUtOA6QBx77LjX67azsU0vpFPR9PyVp+YrnHS/cNx2WgobbBTMDYY2tA9Ap3hDAaBsOEQQOaASFxr9RK2WWb6accggwBEaxgBLjjHdBnmZC36gXdh3RKWkqqlgfUO0xn8Pqs/yo1YI0k08jtFGM42JR6a1YxNUEPkKtIoIqVnkYAFBqrnHEdLBk9lTlksksa2FmxwAq2uuUfERyR6JZrq8eH9EZ5PqpFNQQUx1BoLjyULYcW0QYKWtuDWvqHaY/wClT4bdBT4LQMjupJc1gAA2Vdcro2lk8L8XbCtPJeSQ/SzdzgAqye7CSQwUkDpnj+ndOp6G63PDqkCKI8gnkKzo7XS0JzEwA+uEwXKWSuprJU1eJq8hudw3OcKwbRMpWhsbR+Q5UqaobAMuO6z11vrmOIj3xycq0AWNRUiBpJ4WfuN9/BEPvuq6ruVVUO2ecFQ/Cc8guKfGPAASoq5Kl+p4TGAv2IwpEVNtktSkaGnACIgNkWOQikNjAO32QzIwDJPCjTVbeGHOFBbx7JE1QANsKHLUnBGEJ0jnnBRI6ZzsOzyjyECMj3u4RmU7uSjxU4Z2RQzsglNRKUcgWxtbwETQDgKQykkeRpGxUyKjY3BcNwlSvSL+Mrm0j38NUumtWreUDf8AZT4mRtBwBsgVFxhacF2ANkiy7JNoeChp4xswErk0sNM3LnYVXPdp5Dop2HHqhinqajDpng57eiRK3ISeA1ReSHYpxkquL7nXVB8Q4aeFcU1mb9RDVNZREEYAASZ24DUclHFQvOzxn3U6mogzYK0bRtH4d/uiilDTnCXK3KI44K75M84/dPFIQcq0FNtxn3TxTeyzysyWoFWKbAxpThAfRWgpwPwrogH9KHcWq8ld4A7t/ddEIBzp/dWYpsfg/dI04/oVbiOtorxT4/D+64Yf8KnfLHsNkvBI4Z+6JMHaV5hHqh+A31/ZWRh32KYID3P7JqbZMFaacdgnMo8nhWbKMHkqdT0LcZwE1Jsm1FLFbm5GQFYRW2Jo1FowOVJq56O3Ra53tB7D1WYr7/U3F4pbc10bPxvPotEIsGWIk643e127DW+d/o1Z6qrrhdHO0OdHCeyfHamsk8V7tZPqpbGtY0MwBhaYIzSW4qYrYyM6tOXepKM2PSNwprg0HZRJJQMgBOS4B+PAB+BvhRJJBjACmiN0mRjYpMtjS7OEzKyDtbKmTVK7AR46HXh0myt20MEQDtIyEOR8DRudOPQI/laL+L2Qm0scZyQmy1LWDZPeZql38lmWdnI0NrGzpTur+Uv42uCqeamZ2mJuycy2vJDpufsrxlG2NvlACYQDyi+RgLT5eWVrKER8ABdkaA0eylytJA0oIhc44cFPkZezb0ROTgBMfAX7cKybSMaMtblO8DJBwmJ5BZV/J9yuCADluMK0kia0b8BVlTX0tPkSH7D1WiCbM85KAJ8KDUPZHjUQo1TdJn/9niJBUXw6mcapTse2VoUPZjstUugk1fTs8o3OFCfUTSf3bNlKbQwDcjJCa5jWbDATYmKeZdkN0Uj93nBQ/AA2wp+gngJvh45WqtGSxMgiLTlrQmuidjcfup/hj0TC3C1JGaXBB8NBI3Iwp7mtbnVsFBqa6hpW6u/plOhHJivtUewZjIKFMxsTNTnDCiVN51ginGn1VW+onlcTJImwrbOZdq4LpkypuMEZLWnJwq2etmmOM4BTTjOSutiDsY/VaoVYOXfqJS4TBnXkEnOU4A44R/BbjcJxfFEPNytEYYMM555ZFcXH6gh6d0aWpYD5WhRJZ9saU2McmZ2YCkt33CCZsbYQDO4lNzlpKbtSQiUsh3zgDhAM540hDcTq5XRwlNAOZ35hy4Zj6Jp4Qi3fhRcFb8hvnH9sp7a6oxsVEGy74rf6UMobhMrHF8FzSdS19IRocSB6lXtH19C0D5ul3HcFYrxW+i4XAnOlB8QyvWWVPKZ65b+qbJWRtzLHG49nBXlK6llAkYYi0jY7LwxpA9lYUl8uVK0Miq5A1vA1FL+M6+n80oL/AFEe4QxU2caYv2RHUtI7bw4j+QXmFr670uDLi0kcZb2WvtvUVqr2tNNVtzjhxwVXxnb03kdNdHKL4Wqkk38JufZcFkjHDAM8IEc9Qd45AW9lIbW1GMFyW44OjCVcuUgbrLJnIwR6YSFt0b+Fg+oKkR1kxOC5SRUAjzHChojjHCK40TDsWk/dR6ix26sAZVUkcjRnAI4V0ySkOxl3PbC6+nafp790XJbrhZxJZMZcOgLFWQ+HFEYj2cFnq/4XaGgUdTk+pC9UFICM/wCqC+AtKpNmO3xtFvccf4PCbp0VfLUXOqKRzox+JoyFSmlfE4h40r6RdC5w339MquqOnLNWHXW2+Nz98kDGUXzYOfd9P55rZ89lke/mCD4QXsV3+EtnrnOmtznwSHcNzssjcPhX1JRhzqYMmDeBlRXnG1Xhb6nlxyYZ8QJ2CcWYUust9ztUhjudvkiI2zjZRRNG84bt909XI5V2m+PhrA3QBxsu8IwaCAQOfdcMbsbA/oic0zK62uhuQuFoPPZMeHMIT2yb5worMC/uROob1cbW4GCYlo/CTstRZ+vKeZ4Zco9Hq4DhYzWH7acLggAPHKarhkbJpntluu1LPpmtlcHDGRh2/wCi0lPfJsNZVNB9188U7quje2emnfG5vGl3+i1ll67qYS1l4BmA21jlOhblmqFyawz2kmkrWb6SPQqrqumIpsy0rtDuRjuqe0dVW2ua0QTDftncK8jr6qIh9PI10X9Dtj+RWqNnAaipGXuVurKZ3+8McQDsfVRGzui+g/cL0ZtXRVcXg1QaxxHD28/mqm79G008QntxEbyM4P0lOjPPZyNf4hzi51I8/vHTFi6jhwImU1T3kDcZP3Xn136VvfTEvjRxGeAnBc3cL1Genmo5XQVEZY5hxgjlNbVh7TDM0PYdi124wjzjlHmZVWVcTR5ZR3mOU+G86HcEOV/brrX0eH09QXs/occhWl9+Hdru7fmbLK2jqgclrh5H+3ssTNDfOm6gx3Kjf4YONY3afsUyFvImVWeUeoWu/Uty/lPHhTAbh2wP2Vg2JkL/ABYS6KTkOYcFeZ2+5UtaMxPDXffdaSi6jmo2NhrWmRo2Eg9PdaIvcJlGM/tkj0GiusdWBDUtAmA57OV3aepbtZ5QIZS+HP8AduPA9lhaaqiqY2zQvDsjY5VhS3CUODKp4cDs1w/1WiMsI4us8WpPdWe1WnqK29QRGHA8XGXRSgEH7Jz6a62gmotL3SgnenJy0D2XlNPO6Nwlglc0j8TTgraWLrcxNbT1jnHG2opkVk4N2isrfRubXfqatjAkIhmGzoycEH7Kq666BtnXVAKeoxDUR+aKoY3zNPv7eydPSUV5hbUwkMmAy2Vmx/PHK5R3+qs0zaW7OBids2X/AKo3HBjrnOiWY8M8DqWXrou7ix32CQlh8k44c3sV6X0P8RprXKA+Yz0zsBzNXHuFvb/03ZusLY6mrI2yRvGWuaR/mvBL10tePhxX/wC94qaCUkMlYc6R2ylYZ0IyhrV96+5H1Pab3RXinFRSvOhw4PIUh7W8hfPXRPXj7ZKHwz+LCT5mZ7L22zdQUl3pWVEMgIcOM8KGC2jYywlB7KNu0+6lnBGUCVueB3UMrWBpGFS9T9K2fqekdT3GnBkI8sgG7VdvcGjdB8TVthJsqU1hh12Op7o9/s+Zur+ibz0LcXU1QXPh1eWZrcNPspnT/UVfb3skjncwgjBBIIK+g7paaC80xpLhAJGEHHqD6grwvrDoev6VrXTQRuloHnOsDOj0Xk/LeH+xyr9n0j6Y+qZRnGnVPn9n0h8OPjFRX6CKjvlQ1tYQGiQnGv7+69R16xkdl8KWm6SU+l0Z3G7T3Xunw6+LFTSQx017frhIDWuzwvkfmfAY/wBSs/QfhfqSueKrGe31dJDVwugnYHNcMbhZOR1V0xVCN+qSkefKf6VpqC70typm1VLI17HDOx4Tq2kp6+B1PURhzXD9F4W6Dg+T3tM1PlA6SqgqoWVEDg5pHqpYcRj2WK/33pOt0nMlA87d9C1VJVw1UIngcHNcM7FKxg0NZLKKbSd8KQ0tfuMKrBJ/JSIZtOEfYDgFqGAnUOSECN5a9STI14wdlGkiPICsvJLa8PbsRnCLDKJIxDUDW0KujeWHCkxuxv6q4troXOKaMR1PYHWW4G6xOzTSnJ0jj7qb05drdVH+C3uFs1DVtLS14y0Aha2eKnq6d1NUxh8bxggrz69Wd1rq3RRZMXMee3suxodW01CxmOypSPhL+2F/ZkqPg51V/tH0xC6Xpe7DxInNbkUz/wDuyffO32K+dYXnYFfsN8lYPip0bWfDPrpgljqo8Fzz9Q349Hj8P3K/Mb+0B8CL98DOtpbPXAvt1SXSUFRyJYs7Z9wvovhPK/I/jsZ8x+pvCxpk76VhezzwHbcp6jtcMjdEacjnK9nCWTwUo5JOpEB7KMiA4WiMsi+iQ1wxuRlccG4JGMoW6WT6poAjzskkkoUyVC7Q4EK9j3jz7BZ5pxur2CRskGR3ATF2ZL/RYUz3RPEgK3FFIZaJpdu4gLBQgnknZbOzzsmpGsadxsVuplhHE10OWy0qC19Gd+Bgqnt7tNRpzhWXDHsPdUsbtFwI7J7kYYReDRz+Zoz6KRZHYqC3IAUZx8v5Ltqdpq9yjizPZ00a+Uamj0wsB1Y3+byt82XLRt2WG6syZDt3TJvKF6VYtRnqRxax33VhQT6JT6qsp385HdHidmsBzgFYLnuPR6SWyWS2mlDpNQXWvyPVR5nYI2XWyADdcTXx+zg9j4y7dYkbiynxaEDCh10Ph1WyL0zN4lIcdgn3SIZ8QjjheTt/5T6RpPwRFmLhTuwd17V8NbkKzp+Ma9To8NI9F4iH6mluOy9M+D1axzJ7a0fzM6vyXB8pDdQ3+j0fi7fj1Ec+z1KPcqUzhRmAg78qVFwV4rOEe5T5yOAwupw35XRs4YS9/I5dDdJ9FBu8LZ6GWJ7Q5rmEEHurTAI4QJY9eG4zlOqnsmpA2wVkHH9nxhf6V1Deqqn/AKHkfuosUha4FbD4pWo0PV1aPB0Bzy777rGatyMcL654q5X6dSPz15yh6bW2Q/uWkc/iMAIyqSvp3RzEluxOcqfSSBrgCEe4QiaAADdbLoZRyIPcF6TvFRS1IhdL5OwJXpkgZVUYkYPqGV4tSyupqlrgcYK9a6XuLayibGTvjZcbV1JcnsPDajdHYyrMfguIxyVa2OrEVSNRxnhcvlD4QFRG3buFVxTEHZcbU1qcdp6vTWfFLKParJXiopm75I2KumtyAfVeadJXctLGvd/hIXplLplia9hyCF5LWUuMmet0t8bopoJG3vlSqeTwyHac491HZs4D1RxHqXOaxydBdGipZjPAHnvsnCNpyCNjsR6qHapNQEGFNkboI3xhSE+Rc45PNOpLKKKvka0YY8lzVm6ui1bH0XqPVlvNVCKgN+nZYSamyRsu1ptRjlnG1NHPB5/UUr4ajBHBUhoJwVcXehw4nSN+FVMaWdvZdqqxTjk8tqtNKqbbRyWMFowFVPfokyOQdlfNZ6jKqbjT+DKXAeV26dGRzra8In9WUjb10nDcWeaotx1AjkcItiqheenYaovzKwaH452T+mZmVVPU2mcgsnYW4KzfSUslku9X0/Vu0tDzgHhPrfJzdXFSe5GZ+LdgFwtbqgRZfGCc/ZeEsldAcHkbFfU/UdGyshmp3jIcC3C+Yb1bp7Xc6ihqB54nnO3IzsV7bxFyde1nhPK1Ys3F3Za5rmiNxGXK7bvwsHSVLoJA4E4BWvt1wiqIxp5K9FVI8rq6tv3FinjlDByMog5Wk576JI4RByhjhEHKYksGdsMHbcJ+r2QhwjsBzsrUEyjur2Tmk5wujhdV7EDJ4HgB7cEbKPJa6N5yYxv7KU1p3OEXRuBwqSxwUrNvRn5+lKWd+pjtOeygVXRtwjcflsSNW1jjaOQjsOB7JmzIS1tkDzCpsNypBqlp349cKIaSoHMTv0XrmgvPmaHffdHjpKaRo1U8f/lCF07go+TkvyR462iqXHAhcT9lNpem7pV7NpXEfZesNoKeM5bTRtPs0KVFC1mNLAM+iZHT45Kn5SWODC2n4esjxPXObqIzpHZamjsNupmCMUrT65HKty0ZGG7ohj2wBhNrqSOddrrbfZRXHo+x3AEw0rad54dHsVRVnw+uVOwS2upMjx2JxkLdMYWlS4iQAAFpgtvQFersr7eTyaQXq3v019sm0t21BpR4rnTubu7B9CvWHNbI0h7A4ehGVVVXRXT1yaRU0YjceTHtumwunH2PXkIL80YaOobJjTg59FIY7O+FbVfwrlY/VaboW+jZHfsqmo6R60tzg11vfMDnBZwQtC1C6kaoaiqa+2RIika7YtCK8tdjBCon1lZQv03CgniGcai3upcVfTuaHCQJ0ba37C329xeSybFGfqb+aJHSjlp/LKhMrIzkhw/JHZWxE414R/awlqLY9k1kVQPpbkfdFDagDGn90KnqmEgB+VJMoODn91bjgZHXTQzRUe/6ojXVAGC0p7HjjIP5o8ZHdAxv8yXsEJJwc4Kc2efu0p4cD/8ANRQ1vY/upgn8xoa2Z55CKCTukGsHYIhliYPPgKYYz+WkuRNPqnNdEf8Aib+mFHfX0jP+IP1QZL3bW8ygforwyfzosstjwiEjkKnbf6AZ/mfui/7QW/8A7w/qphgf8QgmWgBzzlE0A9sqpHUVADnUf1RB1HQ8av3USYqfkix0+/7IjVV/7RUXum/7T2/+mQpiiwX5CTXBbkgcnCXPCopOq6fIbDRvkJ4yEelqbzcpRFb7XOXHsAiyo9mafkZR5ZdNxvnCbJUQxfW8D7Kwofh71dXxiSr00kffWVfW/wCF9npXNmu93fKRvojOcoZWwj7EWeZ2dGN/idM46Y5AXdgFJoYeo7iXC30L5g3nQM4zxn9F6RS2Dpegl8Wks7ZHY2c9WrqyuMYijaIY+wb6Kv5Cxwc2/wAxZZwjDUHw2u1a0S3S6wUWoZwfMftgFX9t6W6Ztbm6qR1wnbt4khw38grhrHyY1nP3TmxNHbCTK2Uuzn2ay2ztnGwCQaAfBp+0UQ0hO+TpQdQj39SigADAXULeRDbfZwNa0aWjAXHNGOE5cPCoXuYPGNkLJxjsinlByrQIk158uy6SADkqhvF/jtrC4uH2KqUsDa63J8Eq5XeC3xGScj0A7leUdX9Yhwkjinx64/yVd1X1rLVSvYyQkn0OwWDqJpqiUySPyD2QT5OxotFiW+aDV1c+d5w8nPJUTGcZ7LgO+wTxylSkkeh0+m3vg6GgBPA9Em8booB4WayR6bSadJLAxrCVKgpi4jGy7TQ6zwrWjo3ahsg3Hb0+mcmNpaJzsDSrmit+ADjhHoKFoaCWjZWcEIaRhuFDuabS7QVNShmNlLa0N4RmxDSPKuhvuo3g6EK1FAlEraqCihMsrsY/dGuNdT26AyzvAGNh6ry7qPqOa4TPiilIH34Wec8mXVamGljlneoeqJa2d8ULtgSNjwqEOycncpgG+e6expyqPH3Xy1E3KQRga4b7JlRI2McJ0jxEMZVdUzmQ7BHGOezJbbhYGzzlzsDdKJgcQmNYXcqdSwEeYhPjHBgsm5MfBDqIyFNIaxgAbwmxhsY3T2tMpG2E6Ecip2A2skmk0gbDlWMEIbuW7hMZ4cLA0N/NBlrHuJbGFpisIQ7cjqqsa0eFEFFY0ychFip3OJkl3J7Jzi1g2Cb2Z5y3DANBCM3zKPoc92eMKQDpbhRAj/KxqCCXlcc7UQScJ4b2CZ2UItGxRGM/JdbEecJssjWjdQEedMTckjhV1TVjjITKmrcTpB/JRfCdM4HOEucvQ1QxyLU6R/GVOpoBsSFympRgZajOIDdI2wqX7Cb9IJhrW4BUWR+M5KTn4ydRwFVV9wjxpY7KC7URqLhW5MNV3CKIYyFSz1T5jjshVM5ldlwQ2nSSuNq9XOxbYs211qKOucScrrWkFcacnKOAMDZYYrI5cDQPVdSSTCN5HJJJKyhJJLukjsjSyXg4kuritrBP8CRGAauEPO+EVrS44CEOEsB4yMbBT6VjpDs0k+yDS0LpdxstNa7WIw2QjYevdKk8cHqPGaKVmJIl2KyOOJ52jf6Qey21otTTjgYxgKHbKMvLGhvK9R6T6XIaKqoiGnsCN0ixZPoXivHL8YErpvpqNrWSysGAByOVrvLE0RsaAEJoaxrWRs0hoxgJ4ztlLPZ6aiNEdsR2MnJCMwYamsA2T0B0opNCSTVxxwEDBDEgID5c7BNfJq2HZAe8k8JSWS5S2oO8YwQUCaRsQ3cN/dcdOI2nftyV511r1ZHVarXQyZ0/3jwdvsnwjuOTr9fHSxzId1l1aKoPtlGTpJw97TyPRYwFrcdknPGBqO6iVEr37MatlcMHg9XqZ6iW6QSoqxnQzso8bJZpMA4HdPpaGonk3bpB3yr+itgY0ZaFpgjCouRDo6FxwXBWTIAzGykshawYAwnaQAPKtEOBsYYGNY3SMLugJy6xj37AI1INQyNwDtlC0kHdTIKF5Ic87KZ8tTRgZG6tsZGr2QYIuBhH+VbjL0UiNn0hAlmbj+Y/AS3/AGHRidwxoIaAgFwzyEx9RHuWvyFHNTBneTdUNSRVLh4TUlrPy7kY5ztR3TUklCxJJJKBiSSSUIJJJJKIMSSOybkqm8EHJZCaXJpIwhcsEO5HqkcHugOODklMMzQM5S95eA+/quqI+vjizlRZLhJJtG/ZD8mR0KJ2fii0JAGSUCWqawbYKrC+ofy/b2TmtecElC5pG3T+NtseGGlqn8Duocgq3n6sgqa2HUBlu6O2MDYJM71E61PgLpPLKwU8kmC8ZKkMosYOMKwjiGR5VJZG1ozpH6rLPUNv7Tr6f6dj/UiuhotR+lTGUGRsEQ1dPTnD8fqo098hjGI34/dZLdTJdnoNH4SFb4iTo6FgwXFPeaOnbvhpWaqL1UVDiI3kBRXNr6nYPLgVjt1WfR6PTeLjH0X1XdqSnPlOfdVc1/kmOmJ6FDa6nHnbkd8qVDa6cYcW4cFis1DkdevSVw9ESSevnwWu2SZRSyfUNyrJjY6fYbBNkq4I27jdLc2x+EiLHbWjeYgI7YaRgyG7j3UOavy7DeCo753uHJU2uQMrYx7J0ssY22Ud9U0DbCiP8Rx+opvgudjKGNEpPgRLVQj7DOq3bgKMZZiTr3HspDaf/wCXKIImtG7U9aZ+zJbrW/xIWHu5TxSg7nCkaWDdM147JtWmcnwcvUeQ2fk8DRTNbjIRQxrBtjdc0l2E/wAInHb810K9HZM4es89RQsuQPcpYKLoPouYC2V+PiuZHnNV9U3TjingEujdEx7rmn3WmOmhDlHBs8nqbpZnNnWs74RG+XjdDJDeUJ1QB2VTnCtclVW3Xy2rkk+N2IS8QEchQfmMnYcpzQ93fC5up1Mcfaeu8X4ac5KUyZ42dgEWEEndBghJIJCmYa0cLham9yeD6X4zxvwxUsBWBu2Vx8kceDnBUdznZGAuNjdIQXBc2csnpaoYCOnkd3yFxkRJzhEbGGjcJPla0bNWeUXI0J4XIi1uN9kNzg3g5XCXO7KbS2svaHyHB7BEqWwXakRGwTVBAiblWtFaXRHxZ/yCmQRMgj0saBgcqPU14i2qJceifXSKtuS7JrZBCMtA/wCir7ne20kRkmmbkcDKzN46yZGH01O0k+uVkpq6pq5TJNISHcD0WqvTZZ5/V+chTLbU8s0l16xmqYjHDsD3ys5LVvneZH7ucSTugF7W90KScRjLSM+631aXB5HVeTnbJu2XBJcO+VDnrBGMDBUd89bOcRbhKOkkBD5H5PotkaWuTgX+RgpNQYhPPI4CPYFSIaeR2DKNj7rjNEWMN3CdJVZAACKTUTJCeo1D/sHIpYW74BQXTg7NxhR3S6+eyZxnfKQ5+jpafS85kFc/UeVzCGGuRhws9kzvafTqJzBXWhx2T8BNJalZNuzCCCMHzZH6p2pre2SPdA1LhfsUsJPAV1QdxgIDpDgobnnVhdEDjwrwTc5dDDK9xyF0an7AqTBR6sEj91NbQxtA0gZUG10TmyDHA534eVJho+5UyOJjMeXhcfVU8Q53UNSphXzMUVMz04T808QzJIBhQpbi76YFHc58py4qFOyMfwJ01yp4xiPLioNRcqqYaW5DVxtIHb4witjaxo2yrw2KslOXvgixxPlOXN3KmQUbDgkDHok2VjAcNCiT15aCGnHsmRrbMdl9dfMmWDzRRDchpChTXJjBpp3DHdVVRWOcd98KHJM52wGMrVXRk5Oq8socVllNci/LcjcKHKdRz6qOI3v3KKxnvwtEdPjk89qNVO2WZMbl2MLqMWNAOyEQcp0YKKwZU88iIGOEzBRF3QFWMhpZAp7YyRkp2nui0sMtbM2GGMuPoEE5KPY6qqV0tsPYyNm/GT6L0boL4ZV9/fFV1uIac7+butL8OfhPDGI7zfIhr2dFH6e5Xqc01FbaU+G1sQbwB3WeyeD6P4H6Z/01Zqlx+hlJbKKzU4p6KMMaAQPYKrr7qXkwQbdi4KPPX1dZgasNz2KdBSnIcQsllm499XXj7Y9A44nOw53b3RiwABSBBt5Qp0NNFTQmoqsAgFwb3Wdt5HwikBt9BqHjT7NHAUiuuLWtNNSYDMYyok9xM0fhRNLGnn1UCaTQNnYVDnJRQV8hO73KLLUmZ5hizgcuTI46ireQHHA5Wgt1pZHCHTRg53x3RqIl2EChtksoD8ZHoruKKKnGzQ0jlNq7rQ2uDVKWs22A5KxV36mlr3PZAXBp2ymMzzkmXF+6riponQxEE8crGTS1dbN4s5LQeAnMo9RE0xLjyAVJp6aWsk8GNmc7FKcvYlx3Mjww5Or6ifRaSzWDLWzVA3duG+ysbN05DRxN1Na5x33V/FTiPThoWa+9xN2m07k8sbb7bFTt/lDGrlWHghgG6C+eOmiLnHT7ZVc2avvEwjom6oh9TjsAuVqtWzr1UJLkLWXNzHGOlOp2cAAZyVNtHTD6v/fbq4ue85wFY2np6npZBUSt1uxwfVXsYIIGNlxr9XLpHQqobAw0sUEbY42ANG2ykaM4DU8jhddNFBjvIfpb6rBO1y5ZurqURzWtiGqQ6QPVBkmnqmFtCMsJxqRoLbV3ImarGIz+FXEUMNPEGMYGNaMcLPOWeg1Eg0dqpowJ5Yw+XG5K7W11NTRnxHNaWfhCrLlfg2QxW8l7+PYlApLPV1sgrLmSD2aloPoU1dV3Vwht0fkPLipdLbWMlEs/mLdsf6qwihjgbpiaGj2CFUTRwM1yOTSh7yBsBsodZVQQgGR+Aq2rvj5nGG3RPmfx5eFLtlinmPzF3w7O7WZ4URHLBHfNW3H+VSROYw/8R+ynUdipqd4nkLpZe5echWbY42N0MAa1vAUeeq8MbbI4sW2wzn+G0kjZVtVd6WE/UAfcqmuvVJbqp4zqPssxUSVdwl8R3CclkBvBZ3W+zVdQ5sMhw1VbWzTPy5xJKLT0bwfM3lWVPRkAHSAmxiUQY6ZwILmqSKcNwQFM0RxjJxsq6tuVPGzDNyExECPe2IZKrqutjdszdQqismqHYyQPRNiie84/dQg5075Mj1TqelJOTspVNbySCQrCOlwANP5oW0inHJCjpIxu5qPHCBuG7BTWUT3bgKVBRub9bEmdmC4xK1lLI5wAGymx07IwC5m6O5rIhkgNH3UaouMEbfLJl3YDdZp3buBqWA+GsGT5Qo01xpYgWl+UFkdyrHYI0t9lYU1ghZiRx832WeVhCndVVlY4/LRkMPB9VIisskpD6jclX8Nv0DQxoA9gpTKTSQSEErgdpTQWmOLGqNTY6KEcMIPqrJtMT+FG+SzuNlnlbkJIrmUgA8ox+aOylBGNOMKdHTDH0ovgZ4CXKzcEkVooyTjH7ojaQjfKniDUcaf3RBCO+xSnP9hqGSAKcen5J/gAD6cqcKdPEGOyrd/cvYV3guH4P3SERz9GPzVoKcAbtyl4A/o/dXlhYRWiHH4f3S8LG+n91ZeA3+j90vlwdg3CmWXgrTGP6UzwR/T+6tTSN5wm/LAnAbhMSJKKRWtpQ78OEeOhP9LR91YRUwBALQo11vVutAxM8ax+ELTWhEsIGabwwXPaMc5wqS8dS08EZpqEeJP6NVbVXi8Xpzgx5hpyTgD0XILdBTnxAA5x5JWuERcm2QDR1tzkNRXy4B4YDwpkdOyBmlrAPspWoDOyBLPpGMLSlgB8gnkYI42USTb/AOaiuLpXYaF2G31EzskYCIFRfRD0SScNyiQW1xOZB+auKe3iNuS3ce6fI0MaNsq3LAewr2UbIx9P7oUhZA0ucDhGqatsbfLu47ADlMgpK2sdmY4j5x6qKzJfxldJUPqCWUsetw7IsFoe8h9S3f0V9DQxQkGOMNI7ojmho4ySqlLBarKqOhgiZgR4TXxYOwU+RoOcDsorYnknIwrUshOCjyQ5WnAwh+HIeGqyFGx+7xldEQZ9Iwm9i5YKv5Y/iG5Tm0YxnCsXRDZQbhdKGhBa5+SOwPK0Qhkz2Pb2N8JrGlxGAO6rq2vpaWMvbJqI7BRay41lawMZIY4uzQoUdIQ7JOfutMazHOwZU11dVH+X5QVENLrdrn3crRsYaMAYQ3x5GAFohH9GWz7iE2FrchrVwsPYbqVoIOAOU/wMkHGFpjHJmkkiAInk+ZuxThSw86TlWHhjG6GYP0WiFfsy2vCILomg+UITojt5SpVVJFTsLpXaNKztw6tigaWwTancAALXCGDn26iEItyLCZ7YW6nnAHKqarqChgGWEveOwVDV3SqrTl0jgD2yoegk5ynxgzjX67cv9MmXC91FaXaSWA8KESXYz2Tgwk7blHit9RIRqbgLXVX7OVZbOx8kUADjCe2FztsKyFviYNTm7+iY9rQMNbhPUUjI1zyQhRDYzDYIhFFA3YElFf3QtPsmp4M80AlkyfK1RJ8uGSFOfG09kF8eVog00InHcsFa4OzuEINd6KzMDezUEwtH4QrXBmnXtK90R7LimOhwR5f3XPAO23KMW4sglvG6RBxwpvywdgkj9V0mGMZe4BLaES4K1wdnGlcIceGqVNV0TPqduPQKFJdIQcRsVqDFStjHs6IJ+fD2S0nuo81xqHDEY2+6hOnr358vKvDMll6fRaaR6fuuFoPp+qpz/EScpBtxPqpgV87fouBlvZd1O9Cqnw7jjbKWm7dpf2S9uQ/ma7Rbbv23UmESxjMbnNz6Kha+6xHOz0ZlyuQ2dHjCmwbXq1A1tB1Xf7YWtiqPEjH4X7lae3/E+DUIbnROjGP71pyM/bsvM473GWDxmEO7qQyuo5mg+I3fsUDq3dHTp8vKHs9pt/VtirI9Yqy32KvI5Y5Iw9jw5jhkEFeARv28jsD2Kt6a9XaliEcVdIGdhq4S/jZ3tH53dHFh7SGAPypkT8tAwvLbT8RKim0w3BviN41d1p7d1xaK2QROcWZ7koXE7mn8nRZymbFsrfUfqu4BORuqanuluqH6KeoaHfflWDTJt4Uw/LdL2s6Vd9dnMSYGNxjCcKeN+A4KOyaQ4Dzn8lIY9p74SpRyaYPPQvlseyaaZwG/+alNdqOEVoAHCXKLRoWH2VMluhm2li5Wcvvwu6ZukRc6l8GUnOuPbJ+y3TmA4wF1sfsl72Ju0Om1C+6CZ4fePg1UU7TNbLkSB+F7OPzysZculOq7YXh1MZGs3y0chfUjadrgcNHuhTWyKUeaFv6BOja12cjU/TOnt5r+1nySTNzURaCOU0SQnaOTJ9F9P3PoeyXKPw56OPPrpCwd8+CdteXy0LXxu5Gk7I1dk89qvpm+nmt5PH2Z9EQO0jOFqrl8LuqbewyUg8Vg9RuspV09db5zBXQGN3Y+qfGf7OHd4/UVPEosIyoJOMLry52CozJ4CD590ZrtQy3haIS4MUouD5RLp55YHh8MhY4dwVr7F17V0b2MuTBPENvcLEh2k49U8vJ3Rq1xYyFkl0fQNmvVhv0IENQwPP4XndWnhV1E7XDJ4kZ30ncfkvnSjrauikEtK8NeO69F6Z+K88LWUd7j1AbeIBkH7rVXeaY2NrDPSZm2m7x+DXUzWvxjURuPsVjr70ZWUeqot8jZ4tzpH1ALW0dZar5CJqKZr3EZwDujuppoQHMc7bsVphPcZ9VpoaiG1o8oZM+J2l4II5CPPPRV8Py1wjZJGRghzcraXezUVyZiSFtPP2ka3Y/dY259PXG3kvdGJY+zmbpsZJHltT4+yl4XJi7t0BLTyG4dOTNLBuYSVTtvtTSS/LXWkMZbsdQ2K3VPXvpJeCBwQU66WWz9VUxilYGTj6HjYgp8ZOPKOY4J/kjOU0tYWtqbTISMZLc7LU2q+0VxhDKh3hSt8rmO23WOksfU3Sbi6D+fTj03OEehrqa6R+I0hkmd8/UCnwnl8i5La+D0Gnq5aR/kGqE/h7q3payKpGpmcjkHkLAUV6q7fIyK5ESUx2Ew5b91r6GSCopmVdFO1wJ5ac/qtMXgy20/KsGus3U1XbJAA9xZ3GdluqO8Wu8wCIsY52N2Pwf0XkkdU0nTKQD6qyoKkwPEkT3AjuCmxnns83rdBNNuK6PT4YprLL8zRl7qd31xEkgfZW4faeo6OWhnijd4owWyNB/ULH2Xq10jBBc26m4wHt/1WgZRxTFtXa6hpeN8D/VW0cZNwfHZ5j1h8MK3pOqkunT8T30Zdl8fPh/+ig9OdUyUUjKgOe3JGdLtvzC9sobyXv8AlK7GeDqCxXWnwrZXSTXrp12ioedb4c4a4+3/AEQpDI3fJxNmz6d63oLvFHGARIAA452Kvy8P3xsvnC23GttVQ6KZz4JYnYe3ggheqdKdcxVwbSTnDwNi48q2sC7aU/xNzO0kZHoowzvsiw1kcoGCN+ye9ocMho/JLMrTQNrvZR66jgr4TTVLA+N3IKPqIOCF1DJJrDIpNPKPFOtuiqnp2qdcLa1zqN51Fo30f+iqrZdXMA82Wd2nsveKukp62B1PUMD2PGCCF4/1p0VU2GSS5ULHOp850gcLx/l/DK2LlWfRfpb6qjTJUap/4f8A7m96N63rLPJFIyQvjOz2diF7b091Vbb9HpgkxKBktdyvkKw3wANDnZb6d2r0TpzqKegnjngmLXA5BB5Xyvy/hoyi5RR+hfAebzFRcs5PouspYayF0E7A5rhjdZqGKs6crCNTn0bz/wCVP6S60pL+BSzkR1DW7ZOz1oaikZUMMT2gg7LwOpplTPbJH0SmzegtJLHVRiSNwIIzyiE6N1nY46q0VGWOJgJ49FewVEdQwPYc5/ZIHElkjuEdrmvGCQPfKjNcANgmseWuV5Kkshpo8OBAXY/vwkx4ck6TSRsoRIJqOFHr6WK5UroJGgOPDvRFEmocLrTjsjXIqcDzmso56Cq2cY5GHLHjlW/xB6A6a/tK/Dao6Xv8UUF3hjcaOqLcyQTEf3mffA1H2CuuoLSLjBrhwJW7j3WSoqyusF1iuFMXRyQO8wG2Qu7odQ9uP0c/WaKGog4yR+WPxC6A6k+GHVtd0l1PRPp6mildH5hjWB3/AMlRRuJGML9UP7UXwBtX9pPoD/anpijY3qu3NLoS1v1sA/uHeufw+m6/LW62qvsdwltlyppIJ4XujeyRukghfUvDeTWogq2+T4753w89BPfWvs/+5wHKeo7SSfZFacjK9GmeZ6JGpPUdEBTYy3CxyYnpiaU1kMO6tqA/7uB3VSx2/CsKN+MBMRlvjxkt4iWkD1Wj6ZqWNlMLjudwsux+SNlbWadkNYwv77LVUcrUx3xNpJgyuA4AVFISy47K31at8qmuJ8Or1+i0y9HNhH+lmkacx59ly3k/NjHcqPb6gTU+CckBDMhiqG4PdMRmnDLwbiMjSN+yynVUepxOFo6d2qFpzjyhU/UbWmnDuef8kcuhNC23IwzXYdtsi6i2djuVGdtJj3KNLjSMFZLf7Hdg9rLKY8OyOEzVnYHlCDw6kAHPqhseG8nhcrVxzA9B4y/EzYdKVT/F8EEYAwQry7N/kg47rJdK1OisOeNluK6EVELQ37rx2qjizB9V8bZvqUjNwyaXbha74ZXcUHVcbCdIlaQse7AeQdsHCmWiqZQ3WlrH/TFKCfsuRq63bBxO5ppuNkWvTPp0nVv6o0XJUSgl+apIpsfU0HGVMjGCvCXw+ObifQabFYk0EZwijlCZn05RgDlY32bEPHCG/kIrfpQpASNkUZcEmjwH49UOm/QVIb9cZ3Xjb2Fj3NcF9J/HS2sqLFDWBoDo3YcRyfRfOlcwsIfpxkbr6b9OX7qFBnxf6z0fxaxzXtZI7ZTG4EK3jDaiFvuOFSAZOcqxoJMkMJwAvTzjk8HCe1lRWwOpZ3MfznP3Ws6MvOl7YycYwqy90fjQiVo8zRv7qotFW6jrGnOBkFczUw3RwdjRaiVU1g90qIo62j1NGdTVkJoTBMYztgrSWK4wV1IxsR3a0EqB1BQ+bxmDAK4l0GuD3Wnv3JMFb6t9Npcw4IOV610ld21dKxusZwMrxajlJd4bzkjharpq6uoa9mXYY/yn75XF1mn3RbPQeN1Ea54fs9iB3yEVpx2UOjnFRAyRpzkbqY1pXmLYuLwesTysh4ZXxvD2HBBV/nxoBKNys63urq3TD5bS5ZyiQWtlppIpBkOb+688vFAaSsdGRhpOQvRGjJ9Fn+rLa6WMTgcDYrVRZtlgy3V5MHdaEzUpcB5m7grKujLX7jBC39PiVpifyBhZ272xzKhzmNGDuF2qbtvBxNdpvlgVEIGQNKh3mkdo1gbEbK0iiLXYI3UuqoDU0eAN8LfG32cW3RuVb2mEp62S31UU7dtLhlO69pXNrKPqmi2bI1okx6rtypHMe5hbgj/NTLaxl7s09ondlzQSzPYrZVZ9yZwb6WotMUr211uhr4sOy3D8eq8P+LtodDcGXiKPyyNDXleq2eukoIai0VIOqN5aCe2FTdeWmO5dPTeTU6MFzV6Px2ocJrHR5DyOn3Rf7PAWnJGys7ZWGleHDgqvOmMlncbJx34OF7CueDyV1KsjtN5STNqIRI0jdSRysnYrqKeTwJjlrhjPoVrWnVghbq57uDgait1PDJEfAREMcIjOy0weTEwsfdSGfZR4wf1R2pgLeAydH9SY3dSI2YwUYmUgjGDG4TgAOAlg9gugHIJUjHIltsTdRIwNlKY3ygoTR6oo4CbGBaDNY30UiEYdt2UdhzlGaiXYiSyTGtBAyusGSAUxh4R2dkxdCZscGnPCM1oK4AMJ4HdHGIrsdHEDvhFY0N4SjBxwisZ7IsNlN45EG+gRA0g8LobtwiBhBzp/dHt4EzluONySCeQpjfpCCGE9sYUlo8oQOJOhvgU02Wz00cgcMHU3soVV0T0xWNJkoRETyYxhWIODsEeNx9P3UwD804/i8GPrfhXZ5vNbq6eIjsXbFVU3wtu0W1NVwSnfDSTlemMOOyJGMb4ToykhsNddHt5PHJelOp6Tyvtrz7s3VZMZKZ5hq/FheOWuBXvEgcceYlJ0FPK3RPCx7e4ICJX2RY+HkZf1I8DFS5pwyrLf+ZSWTV7t2TtcPUL2ap6P6ZrgPGtkYPq1oChO+GXTTx/K+YiP+F+EbvyOfkq5cYZ5PruZ4ef0RGC6uPle7916c74U2w5MNzq2f+JBd8KpWn/d79O377o/nK/nV/swDaS8PGPEcM+id/s5cZhmSsnOffZb1nwru2Rp6lx7eFn/AFRf/ZZeMDPUxx7Q4/1VfOinrl/zHnX+ytbnJmJHuk7pyKPBndj7L0dvwurifPfpj64KmR/Ca2uANTcat57jUr+cD/iC/Z5YKG2MGkyZKeKKidw0L1+l+F3TsRBcJX/chWtP0R0/TY00Ebsd3NU+cXLyFaPE2UbiA2ClD/yRobJc6jaK2k9s4XvNNYbRAPJQxD3DVObTRNwAzIaMDPYKfPjkzz8gn0eEUnQN+qyP9zLQfUK/pPhFVFofPNE3PIK9dawN4aMImkEfSglqJvoRLX2/0sx9j6Fs1tDPHo4p3NHLm5wVphG+OJsEQbGxv0ta3GFMYxo/CEnRjIOEDnKXYmWolP8AIjinfIP5kryPTUVwUMLHBwzlSx5QBhL6kSFtpoCyFg4Ccd9ikugZUFJNsWkDukRjuu4Houamqwvj/uOXMhLI9UMbd0RQ5LI9VwkAbqNk5VpZISXYwQT2UbHOdk5zttzwsj1d1lSWmmc0PyRkbHkqm9oyqudskool9S9RU9viIEgwOcHn2Xi3VfV8lxmfFHIdttjsqzqHq2pukz2slIB9+As66TJyTklBk9JpNF8XM0GJz59eTyha98IWs5witbnBwgnJJHcp0zs4QRjNkRrMrjG7cozI+wWOyeTvaTSqKSwJrc7BSKeAuIGMIlPSl5Gyu6C2kaSW4QyO9pNKBt9vJGcK8pLeAQdOMI9DRAD6QrWCkIxsElJtnoNPplDkjQUhbgAKdHTYAOP3RGRAEDTj81IDQOEZ0YwUVkjluPZV92ukFrg8WUgnGQMod5vtNbWSOmI8vAzuSvKL/wBSVN3qi4vcGAkAZ2S5Tx0Y9VrIaeD/AGO6h6kqrtI/S4tbk434CpW+p5Xc6uAnNacoc5PHai6eom5THAZ5CI94jbgBcJaxue6hVE+oYCOKyYbJ7TlVU42aFGiy5265gudhSqeFwcDhOUWjDbY2w0FOCRspsbQxqGxoY0bcosbNxqH2T4wyKlNYO+E55CNtGO2V3WGNwBuglrpD6BaIxxyZpyE+R0jgAisjDfMQlHEG+Yhde/PAxhH2Idno6X9kwsJOSknpmARNa0BDce2U5x22KBHkuA+6jKHFpLgQplNCTgkbLtNSOkIJGAN0asl+Xh1NxsjDUcnJ5I4Y9+fRUFXXan6QDhEqat87cA88qMKfWQSgk/RcVhjBqkeCQrKCBukEocNOG41NR/obshX7LnLjCHOcIgMBR5Zw4EbJlTUN9cKjrbhkljCQO5QXXRpjukFVW5PIWuuQdqhidt3IVS8knZN1anEhEXntRqHdLJvrrUUMSSXQDlLH8IQHdEHCQHdPRRWQJSwJJJdweUWAMnF3ST2TmtdqGyNpBARqJeUD5XdATgMJjgU5RRMnNPukRthInK6z6lezKLBtiJcNlaUlJqLdse6FDT6nA4V7R04bg4HCzWPadTQaX+RLGCVbKAMwSN1orZRSyvDYwSQVX2yD5iVsTRher9D9Nh+mQ0+W5xkpPZ9D8ToJTxXAsujOlsBlVVxbDdoK9GiDI4wyNoAGyjU8DIoxGxoAAwjgD7JTawfRNLp40QUYjtIzyiADbbhMJXSdsJO43xWAiaTnhDJJcng4aEMpYHIcBjlCJGV3JIO/CCc7jKU8yISMj1CjT4YMng91zJALs4wMrz/rXrdscT6ChnL37hxb2RqOTDrdTDTw3MB1v1oXOdabTLl/EsoOw9gsM12Dqdue/ugh+TqIJc45JPJKI6Nz8YWipHgdXqZ6qe6Q6SRzyAFMoqF0jmucMI9ttEjtMsjRvuAeyu4KZsRGGj7rXCJmVeQNNQ6Gjb91KbHpGMo7RsNsJBme6fFDI1YA6fdPDSeEZkWocIzIdBzhHlDFXkjx0xJy4bKWGQRNG2CnYA7LkjwBnGVGw4wSBukwmPnbjOxUeqqdO2MKsnqpCMNJQNsvGCdPVBirZ6suPYoBbVTO5yPupENueTlxVlLngiySVEnlhjyDyj0ttqJv7waArimpGsY0AAKUGDbthQZGsxKS7p90sD1Wzcj8uA13BXQMd13uUMp46IJJDByu5CAMSSSa84GVCDshLIUN1VG04JQ3V7Ds0IHPAcYORO29QkXd1WSVpG4ygT1U0oALyB7JblkfHTWS9FjNUhpG4QZKzAGCMqty87aiuhjzjJQORto8ZOyWGSH1crjg7hDJe888rrGbbozGcEt4SpWYPSaXwMP6kBMJduUmwYO2ApWFwnKQ7cHZ0/hoQ9DWwgAbfunCMNOdP7pfdI8YwkzvOtp/G156Hh4G2N0jVRR4DyglrvVc+Unmxhix235OxToI4CS3A/8ABQJKqaQaS/8ARS4bRKcasYUxltgjwS3JWOeoaOhVosdIofBfMdySfdGhs0zsFw2V480NM3ztGVBlvdNGDpKRO52GqKrq7GxWaBhBe3dSXCjpgOGqmqb5JI7ELtlDdVTTf3jicoFFy7D/AJVS4ReS3KlZ+PKrprzDu1mcqIynlkOWtyCpLKI4BLQCiVLZnnq8fiB+ZnldkkkJj4ny7uPHupojYzAwukADhOhpmzNZqZvlsgCF3onth3GUd2nOUJ0rR2WmGkZgu1sFxJhBAzGSP3QyGN7g490zxnOyAOUMRvcVrp0jXZ5/Wee02nzlj3yjIwhmVzsDCKynJ3JRI4QMZC0x0SfZ5zU/U8pxxQBEbnDK62Ig8KTpHGEtHstMNNCHR53Ua/U6iWZMa2MAbp2F0A+iWkrTGODM25dnMD0TU/GEI5BzjKpsB4OHYZKHLM1jeQVHq61jBzvxsquaofKRg5WS/URqjmRt0egt1ksQROlrN8NQTK55QoYXvI2JVjBQHLSVxL9UrOz6H4bwEYJZQyCBzyHYVpT0owM7bJ0NM2No2UhjCRt2XMtuT6Pe6Lx0KVkFpEewCW7sIpjzvhOEYG45CwWTbZ26oKKwDEYPPfujANYMjsmmTkYQtLn7eqWotj9yijk02OAlCx0jk9lDLKQd1YRxMgj8zQMJsaciJ347BQUoBDiNwpz5mwDzYwFUVt8pKGNz86nDgZWQu/UFZcS4NcYwfRaK9OczV+Tr08d3ZpLt1bTxEspXFxbsT2ysbWXaurHudNM4gngHsokrgBnO/dAMxJwzYrdTpMs8drPMyulmTwFeQfM45QXVUbAQ48oZbUyHY6h7dlIp6OJmHTHf1W6GkSPMajyyhPEQDTPUbxN2PdPZRgO1VSkSzwxNLYiPyUCWqytSrUDk26iy+Wck0y0UIxG7fCgvqwTtwoz5T2HKYI3OISrZpLAVFE7HlIleOXJNySSUxsJABIRo2jO/Kw2WI9TpNJKUcSOaSThEbH3wn+UBDMucjCyTnno7dOnhXHGB+GjuEzxgNsIbmueQnCA8pDbNKil0P1eyZuiCMojYNRwUQahkjjJOAM5RI4Hv2xypkdJG0ZARRpHDVC1XhkSO36nAyDjupbKdjB7rkk2jbCBNUho3PPuoM+yBIwxh5AAQ5K2NgxGclRC+aR2GMyD3T4qEcvUSyWrZdROOqZpdg7ZcZTySHIClNhgbgMG665wjGwRKLYqUvcmCFJgZdgEJaQ0cZwhTXGFo87sYVbVXvJ006bGlsy3a2miOW+S2dPo5Gyi1Vypmt+vJ9FSz3Gpk/HgFRnuc4gkrTGjHLONqPMNxxEnVFykc7EfCiyTyyc7Jjd8AhSoabJBIWiFJwdRq5WPMgGl7tyitgOQSFJEbGtxpTM42wtCrwZd+RojACEGuz7Iy5gJmCm8jR7rmAupISh6aSQM4Sycq76e6UuvUUzWUsfkP4kidiidHRaS3W2KqlZbIFotVdfKk01DCXluNR7NB/wDmL3Ton4Z0XTzfmK2DxJX4cAduO5V30j0ZQdP0sTjAHSNGd+SfUq3uVxFNFrMeoj8OcZWSyzcfWPA+Aq0MFO5ZmOmrIqOJ0j3YAGA1UBlqLnUGR2QzsPRMY6pudQS76fTsFdU9MyABrWjbusttm7g9elhYQOlogwDUB+qkiEbAbIhALRp2TZKuGljMkvbgeqztjYpI66WKjZ4svbhVVTVT1khe8kM7LkkslbKJJPo/CEGqqg1ppqc4PcjdUQUlUyPAYdRUqltz6oeJNnPIC7arK+Z4kl+/2WgBp6UBshDcfurTwLlycoqOCkZnQCGjP3UC8dQQ0EZfG4EnIxlVt66njYDTwA+5B5WTEk1VM6aV2QeB6JmeDNOz0drq2puM5mlyR2C6yIRDU4YRWgAtjjaC8nA+6uLb0/LXR+LXZa3sgnPAMYtsiUForbmGujAZF2cVsLXZWUMYEbA9xG7lLoKERRNjYxoa0YACnBzYtuFgv1KidHT6XdyDjhxuW7qPVXGGkYXOO4PAQK+6OL/CpMuPGR3KsLR0+XFlXX+eTkNPH3XI1Gs/Z16NJtRDoLbV3WY1VTtE7YNcOy1dvt0VIwMiY1o9hyjwU2kAaQPspsVOAMnYLjajUufR0qaNvI1jMAAopLQM4Q5ZmN/lwnW89lLore6XTLV/QfwrDOxmmMEuiK2OoncBDsO5VrRW1sbhNM3WWj0Uh0lPBiOGMNaNtgo1ZeXQB1NRjVI/hKlJsPAetuMFGwl+Af6VnZ/4xd5iIpPCpjuDlT47U+eYVVfKHuxnCmhjWN0sGAOwVZIuCHRWynpI2jS1zh3UqSQsHr7ZUO5XCKjj1PcATwMqgNRdr04w0rCIz+P0VojeCxuXU9JRO8EAvl40hRILddrw8S1I8KF3LSeyt7b0zQUoa+piEsw/E7dW7iGABo27BGnwAnkhW+zUVtaPAj83qpU8oibl3Hqo1bXNhZqdseyy126pdIDTUrtb0SXJRcXS+U1HGTrBPplY24364V2Y6UljTyUEQVFVK6SrHPAzwptFRZOGgBMSwC3kroqSV5a54ySrSmoJNg1vKsGUDQNZbjG6bV3Kho4QNbjL/S1Oi8CxNo2wgOf/AJqDX3empnGGM6j6qvqLtU1LjpdpCrZI3udvuSmLkFvA6tuM8xw1xDfYoMTDIcE8qRFbamcjSzZXlusRYAZRupKxIop4La5++klWVNaSMOwr2noGNGNIwpsVE0Y8qU7cB4yUsNtI2DVNit4bh2MKz8KOMFzmhoCh1NxhazEA1u9kmV42KQ3wGRAknAHdRKi5xN8sLfEfngFNbTXK4v0vBij9SeVcUNno6NgIga5/cndZ7bslpZ6My23XK51RNQPDhI3CuqHp2gpn+JHGHO/xbq4ZDuRpwEZtORwOVklbyHsIcdKI9mtCK2mAwcKY2mJ3wispj3GEmduSlHJEFIAMhqIKbSeMKe2mJG7f3RW05B4SpWZC+Mr/AJc7eRGbAMDAU7wm4AwniEdm/ukyswEoYIIpwOy6IB/T+6sBAMfT+6Qhwchv7oflYe1EHwPZdEGMHCniHA2XREULlkjIYhwNwl4Sn+APRLwQOyPc8EIfhN/p/ddEI/p/dSvCb/T+6QjA7Ik2yZRGEBx9P7peCf6f3Uzwx6LpY1g1EbfdOSbKbwRWU5IIwotTLSUMZkqZdJHA9VHu/U9LSRmnpDrmdwAsrUOr7jIJquQY7N9FqrhkVZZknV/U8ssggtsJ82RrPZVgtxkk+YrJC97vU5UiKBsWHd12R2RhaYxURb5AuayEaWAY9AgvlPGEQAuT46N8xxjC0ILGURi5xGzcpkdvnqHANYcK7pLVndwz6KdFTCIYDcKb8AqJTwWbw2hzm7qW+ARNA2UyV2gZ5VTXVrg3DDuFN41QOTSiNpJxwqt/zFZMIosYPJVjQUU9dmSsH8rs08lWkdDTwkFkfCjsyW4IqKazQtdrk3cp/htaABthSzG0cbYQXAeqDIUYAHMb9kCQDTypErS4jbCayE8lGpbimkkRDCT+H9135fG+n91N0NG2EN2GDUQnQWRMmvZHbAAo1Y6npojLM8N0+vdRrhfWxSeDRkSSY7HZUzqasrZDJcJdbXcMHZaq622Z7JpfixVl6qKlv+4M8h21FVzaNr/5lR5pO5VsyAQDDWjB7JrIQXccLfXHBjk5SfJXilzsG4A90wxFu2FaOiY3bOMcqBOJJZPDgdhvckLVsyInhEd7o2bOduhaXynDHaQpnyLc5kGSE4xNAAG2E6EDHbMiNp8Y1IpiAHonykRDLth7rN3rqylpmGCmcXOzvhbaqsnOu1MK45ky5mkbDu44HusteOsIIXmOjy8t2JHGVm7je7hXyEvqHBh4A2UB8ZOA7utcKTj3612cQC3K63K5PJlqSGn8IUDwzkZO/qrGK3VExBjZkFWlJYuDO3CfGrDObapW9lFDTSvHkblWVNaJThziPsr+Chp4G4DMrsrQ3GkLTGCM3xFV/D4GgZZuEnNDRpUx49VGlWiEEhc4pEYtPcoT2YGc8o0pJI7LhGW4ChjtWCE5hBOBsuFuoYxhHcBkoL8gEg4R9mWb2gHMO6YQAhzVTYt5ZAAoFTeaRgw12opiTfKMk9RGPZP1c7IbtABLiACqSe9lxPgZCrZqipqPqlOPRN2sxW6mL6L+puFJCf7wEhV9ReNX9wVV6I3f3gz9yuxxOcSI25RqOTJZqZf0hpLhUPOzsKO+WSQ5e8n81Jht1XNu2Pb1RxbNBHjygfZGoCHKcvyIAwTvhEDPLkNViIbdGMvOSEJ1wos6I4iMItoicop5kyEWkEDQuOeWjOFKNQx24Zygkl5+lL2lKcH0BMzh+HCEKuYHYqWGM7n9k4RU2PoU2gSmpEYVs39Sd45xkhGMFN/RumaYxwqcCbkMbUOaSQEQVurHiMBA9ExzAdwEB7SdsodoEml6JT5rdKNMrG5+yC2gtr8lr8ZUR0Wo5TcOZsFS4FStySTRVLDilqyW9gSutqrrRHXMwuZxkHKjsmcD9R/VGFaCAHEonBBrVOHsMy9tlcBNGWE8HspkFWQ4GN2D7FVj3Uz24wHZQ5ImtwYZHMI90LrQ2GvnF9mnpr3XUsgljmcT91f2z4iV9vnD5i5zT7rzVtRWQO1Z1BFF1kYR4keQlOlM7Gk83OnqR73b/iXaKmBsk2Gv4ODhaa3362V8YkgqW79sr5ojr6SRuWuwT2yp9Nd6uNumGpeB90p0Hf031Zt4mfT8Lw9uph1D1RvE8PAdx6rwKz/Ea924sY6oLgBg6twVuLV8WKSoY0VsRJ4djGEiVbPV6PzOm1UM7kj0plRE84DsqTsQNlnLdf7Bc4xLT1oaTy0nBCtoHvH91LrZ+qxyreTs03RlyuSc0FpRNiBso/zDB/ebIrJGuO3dTrs2VzjLo7pzyF0sy3GEYMBGdKRj9Aq4LcVLogPpg/ykbHsqq49LWuvhMNRSteD6gHC0IidlE8NpGC1FuYqemrs/NHkt7+CNnrIXG3AwS8gjgrze9/DLqixyPMdO6eJvdu+y+oPDHAQn03qA7KKNso9HG1v03pdSm1wz48kFRTyGKoidG8chwwixPBG2+V9PXjoKwXjVJUW+ESO5cG8+68z6k+CdawvlsGZHHdsedk5XPpnktZ9LarTx3VPceZiRo7j9UUOaU26dPXizzOgr6SWF7OQ5pA/VQwXDk7haoT3Lg4EqrKeJxaZf2u93G0yiWhq3sI7B2y9Q6Z+KFNXNZS3rMUgAHiDgrxZsxbgEFHbMCnRucSlPJ9OsFPVxNezTJG8ZDgoV06efV05ZTzFvfC8PsPWl7sL2inqnSRD/AIbzkL2Hpnr2232NkYe1k2MOaTvla67c9i5w3Lkyd96enhB8aHQ4fi7FZz5eWI5ieQ4dsr3GqpYa6PRPE1wx3CyF96PhlBloXBj+cEbFb4yOFq9DH+kxtJeC1jqa4xmSNwxnuFW3foamq2Cs6fJY93mOHYBKnVVJJBI6CojLXDY5Qaaorrc7VTvJZnOnKdFnJso2mdprhXW+f+H3mn0tJwC8ZBVnB83aphW2SoZpd/eQu+hw9h2Kva+ht3U1INZbHPjk9isnX2q79NyB5eZICcZ5CdCzJlccG1tV6o7tEH6mwz8GNxwVaMnkgIPb3Xn8D6W4HxIH+FMB22OVe23qGWLFJeS0NGzZvT7p6aEuO7s21FXgP1skz6tK01pv1Vb3ielf5fxMKwbG6GiSN4cxwyHNOxCsKK6upsawXY9O4TcnnfI+Oak5RR7FRVduv8Qm1CKXGCPdTIZ620OxI4yUzti4buaPZedW6vbNG2allLXegO4WptXVD4B4Fxj8SJ22RyFZ56dTiTeoujbH1RTmogjayp05D27av/VeXV9ru3S9Z4dVG6MsPleOCF7GKOmqWNqrLWgEjUBnb7Lk8FHe4TR3anYZWDBLxyjIpNcMyPTHWratjKedwbKNgSeVtaK6iTDdXK8s6m6IufT1W6st7HSU+dQI5ai9O9WGGYU9c4kHy5P4T7oC5V7llHsIw9ocNspr9tlVWy7h0TRkPYeCrRsglbqwhxgyyi0wYB1ZJTpooamPwpo2vadiCMgrp3yExoI7pU4prkD+55F130HNY6l97tEZ+TJ1TNH/AA//AEVPY7/oeI5D5TxuvdyAQQRkHYgrybrzoB1rnferLCTTuOqSFv4D3I9l5TzPiY2xcoI+k/Sn1XPSyVF7/wAMv7RdpKaWOro5iHNIOxXtfR3XFLd6dlNVvDagDGSeV8r2i7uhc2WKTcbPaVurTc/GDZqWYscN9jggr5P5rxPf2n6F8B51WxScuz6UniEzckDGFU6JrfKZ4SXMJ8zVQdEdbMr4W226Shs7RhrydnLZTRDGcbFeDv086JbZI+hVWRsX2vI+nqop4w9jue3ojAhwVFVPnt7hNT/Q4+YKxpKyOojD2H7hIwPaJrHYO5UiTD2A/wCqhas7hHikLcKAiD8O0lHa/UCFHmaCdQGFyKXSdwoQN5hkrNdR2xz81UDMn8TVqQQ4YwoVbE5zMtG3BWmuyUHwLx+zL9GdVu6auhdI1z6OYGOeHOxB9l4b/bj/ALL1J1DbT8afhxF48bmOmuEMY88hOP5+Bx7/AGC9outrY2oMkTdOvke/qrnoLqaKkjn6VvhDqGrf4Z1cBpyMfuV6Xx+vlXLfDs4XldDXdB8cNYPx4ILSWkHI2OURvJX1T/bO/syP+HN8d1p0pS+JYq14yYxnws77r5Ra8BfVfG62OuqVkf8A92fFvLePn4+3Y+U+n+w6chJ66UXycp/aSOThJciRBvlaU+BeRNI9VMpfq5UDRjfKlQPDXAlHGWWItWUXEXbdTYDpka/PCrojsFNYct2WqDObZDdwbOlkc+njc474UC6/3hKdZJzJTaHO3ASuQOjOMklaG8HMx97RKtFRgNx+al1xDJmuA53VNa5g12khW1X/ADGeJxpCOMssz3x2yaNfRyl1K045aP8AJVl8BkpDtwU/p+Z81CQ450jCbcj/ALo/b3TXyjFH7bTBTjTJx3K6XamH7LtWMSn7po3BwscnydqLyshqd5NOATuExrjnlNj2yPZMBwTlZNTDdDg6Oiu2TLqy1HgVgweV6bSOEtG0k9l5HTShjwc75Xp9km8WjZvjDQvG66OLT6z4TUb6EimuEZhqSO2Uxrsgeyl31uH5HqoLCNGM9lyrksHpapY5Pof4c3Ftw6YpyH6nR+UnOTha2P6l5J8F7owU1RbQDqaQT+//AF/Zessc0keq8R5GGy1nufFXK2hMlhowEXAwNkBjtuEYHPbhcew651q5gFFTHbhSHAxLgxfxWtsld0dVGIajD5v2K+aLjQmopXujGCzlfXF8pH1trqKWPcvYQP0XzE2ED5uLYF0rx9l7X6f1LjhHzz6r0X8izd/bBgRkZB5CLSVhik16Rsi1lHJSVMkMg3BKgzMwR2Xv4z3I+NalOizb+jUxFtXSZwDlZa40zqWoOBgZyFd2WrA/3dx7JXujEkfiNHus9qyzdp3uimW/RN50OYxzvZehVUTKymONw4ZC8Rs1W6jqxvgZXsPT1e2rpWtJyQFx9RX92T2fi7/khhmaqw6jqN243wVa08wIZMw+hUrqa3CWHx4278rP2mp0vdTSHvtlcy+GY5O3TPbZhnsnRl5bPG2NzuQBue62rXNI2C8V6cuLqGqaNXle7C9XtFa58GZDkjheU1lD3ZR7LRalyioyLdTaKUsIb2UGM+JwEUDS4HK5LWDpL9l+1wc0Fu+UyrhbVUzonN3xsg0EgcNJU0bbKReHkua3o83rInU1a5uMbqPc4BLHkjGQtN1RbtLxURt2Jyq404mDRp7LfTec+6nKwYnwdFQNvyVpG0taBp2XblQfJVbJtPlccHCnSsa1rXNG2P1XSr1CfZz5U7ODC9TW4w1AlDfI9ZOlrXWe+aTsx2M/Yr1e728V9r1ho1DOF5ffaMsIn0Zczyn3XRos3HntfpNqc0N6zovk6mG80ozBUAZcOMqAZo622ObKAQWlpHqrukcL10tLb6gfzoZMsb7YWLjqXU0r6STykZ2PsvS6CaWDw3kqXncumeN9XWl1rvMsbRhkhLmKrZnGCtp8RX09RNCdH8xpyD7LGk6eV6/TNyhlniL0ozaR1hLTsVpbFe//AIapP2KzIIyjMdp3XQqlgwX1RsWGj0eBwlGRuEZoweVjLZfJ6RohlJcD3Wrp5BLE2QHIcMroVs4N2mnTLDLCLGkIqiQkghSmnITcmZ8BW7KQzs1RwcI7SDwmCmiVEQQCUVsYJ2H7qIcjglFhlyQCnQeRXBLEXlyuHlPY4OGCneEDvhH0LdhxnKkM5UcDCkM5V+xc1uDs4UiLkqOzhHi5KMzTWGS2dkaMDIKCzsjMOME+6NABmAIzOyEw5RW9k9IVYGa0EZIRQBlDZ9IRRyrFBGNGERqYzhPaptTeCBA0ZR2gAbIbcuOfRHHCtQ9i28Dm7EJ44XByiDhDjAOeMjs57IjcZ2TUVWkmA5DhwiDlMTwDnKAU5NhQc4yiobdgPdFaMlHsyVNj2k8ooc4DlNAGE9A4kT4HM+pGGDg44QEZqJRyRBAANgnYCanq1HDFj11n1BcSUCwGGF3I9UDJ9Sutcc7k4UKwHSXARjcpZChQ1JLLf6v2Sy3+r9kZbjkSSZkLhIwqCCkjB3CjknKRO/KbkI1wW3kdkrmo+q4SByh53RN4JgO85xgoZAaNTnYHqhz1LKeMve7GOF5j1/8AEqno4Tb6OoL3uyCW+qFS9B06ed8tsUWvXXxEt1oiFPTy63HIc5v+S8OvN+rLvUSSSSnQ4+VueAoVbXVNfKZKqbUckgeijZGOc5QN4PV6XQR00cIWe4O66C4jjKGBl3KkMGRlJlM6temlMayP9lIa1JjM7KVFCXHASJTyd7RaVpYBxtycFWdJRasEp1BbfEfqeOOAtDRWnGDxslOSPQaTQuUlgi0Vty5pLf3WipaENDSBjCNRW4NaMNVjDSkEABLc88HoadLGv8SPFTaCPKpzGANCK2EAbhIkAfbOUCZshFRQPSBydgs91H1bS2pj42EOcRjOVD6t6wgoI3wwOy4ZBIPK8srrlPcZTNK4kHgZQOzPBy/JeQ+L/TqH3S8VVyqXyvldpJ2GVAaCTjCaIy4qTHGGgFw2US9nlp2zs/JjoowcErrtLQm5wos8pAwiMtssCqKjHlGFEILjknlIgudklSYYhgHGFohHBzpzc3gHFEQ4EjhTxhoaA1JkQAzpTXyBpwVrjFGebwGB4JT/ABdQHlwhNY54BAUlsYABwmxjgy2TE0EnzIzABx2QxvjA4ThsN0YpzHJJLh4VACyPVccRhAcTqO5XM+pTMkHanEk4yp1vt7pMySYbtkAolst2r+dKPcBGr66OmjcGkDtt3VDVDjcNrKuKjjAbjA7+pVBV1ktW7LjgeiU8xnOd/VDbGcqOfovKSOMicSCeFLjjAwcfulHH3wnTOxgYVZQuTbHPLQAQQFDqalrGncIdTVeG1UlXXOkJGTulX6iNEdzH1VOTywlfXueS1qriXPJJSJ1OyU8AYXEttldLdI6FdSiNSXcFcSB2UkdaMlE9Nk1hAxlEyAEQmcmzicuNY6U+UKQykczBeeUyMMipSwMMZkwQEZsQaON0TAYOEk6MAHPcC2HZcyfRPII7J2AnfGEmxmr2XMj0RUlPjLyBxlFhiLnABdAycKdR0pcQ4hBYnFD9NTLUWKC6DU1OMAlqt6aPWQxo9gokTA3y43K3nSPS8tTIyWWIYOCAVhsy2e88XocyVNaL/orpAyBsr4wc4OSF63bKKKjgayNobt2UC1W+K3U7Y4274GVZxOOwJSbJYR9P8boo6aOESQSE/JQxunrO5HajHA9Oz2KbqA4K5kJMpDjo2TvG2xhCL8dklM5CHA5SJDRknA9ShukDGl2fzXnPXXXjYGOt9vndI/hxZ2TPxMuq1UdLDLC9eddiAOtNpky85EkjTx7LzbW+dxe7JJ3JTYmPqMHCtqO3udpGMe6bCGTxOr1M9VPdIj09G6RwOlXtDaA8AuGFJobcGYOgbe6tWMawYAWqMNpkVfsFHGA0DHAwnNaE9daM5ThqijmewC7DGdQ2T4o84JCkAAIglWJseBwkcNXdeBwoFdWsgZrc7BHAUcsBqOOyRLKACfRVNXcTwH4QpauepboHlB9E2Okc4glVvIRpH1k7gWHI7qVT0riQHDBU6lpgzsEUtaMKxYGOkazBCOI2jsm5CRxwoTAQYHcBc142QC4Z+pc8ZqhN2DKpmsphrKYDPij9VFfdIGjylP5PzE6miZuRwuHZVEl3dxGchAfW1D85dsfdHhjVpbZdIvH1Ubc5IUM3SEEjuFVume7OXcpmW91fRphoZvsny3k7iJqivr5pRguQdPoV0RuJ3UckjdT47+w8yyk+Z2Ug/GwanthceyI2kccLPKaZ2dN41yxhDASeAnBhKMKfG5/zRmxEb4wkylg7NHiG+0RhESfpRmwbZLVIDQBs1dx7LPKw61PjVDHBG0AbZS0k8FHMfsnNiLzws8p5OnDSgAM7BEEWcDCkMo3PUqO36MOmcA1InPBtq00faK9tM4/SOfdHit0rzlqmzPt9K0HxBke6rKnqaCAaYjj7FZ5ts2wrphyyfHQQsGZt8J756Cmb5HDKytX1NPOS2MH7qGHV9WctecHslODkW7oR/A0tTf6aLIac4VRVdQSTgiN2yFDZauUh0g+6soLPTxgBzRlUqE/yQqeoslwikE9xqXnSSQVJitdS/d7cAq+bDBA3DGgfkhPqWt4GU2OlT6ETsb5kQY7VGwAubupLKSnYNmjIXJarI2ChyVZBxjunw0WejJZq4V9ks+HHnSQEB1Q07YChuqnHIHdDMVTIQGNyCtFeheeTh6v6j0+nTWSS6dueQh/MatsLsVumJBkzgqa2hY0DS3B7rXXo1H2eX1n1XZYsQ4K93zDz5GZyuNpJzu9uMqxEYb9IwiBzWDURlO+CMDzd3k9VqJZnIgspg36gnObGzHCdNO3cAYUMOMj8Eq0hLk5cyJB27LmpObGTjb90ZseANk5IUmkMDTnhPDRjhPDQE7IxwrKc2ugbWBIaRvsu+IOFVV90igcY2uyfulTtjHsbFb+ibLK1h9vuqOvugkeYoTsNifVRqmtqao4DiGoFNRzyyhrRjuSeAuVqNfte2B6XxPgLdTJSsXBw+NK/J3yp1NQu2LtlMprbgjbOFZx0wbw1cm7UO38j6b43wkNOkoxAUVC0AEhWAgazcDddjja0cYRmu2XPtnk9NRp41rCB6MbcJzNLRnGSE4uABycoLHHOyz8yNaaQXxAdkMvcPddaXZw0co0dLLKQXtGlSNeSStwAZl/0jhSYKbHmKK9tLSN850rOXfqVjGup6fORtkFPhSY7tbGuLci8nuEFE05cB+ay936kklDmROyMqhqblUVOz3nH3UV8wAwtlVGTzGv84nBqPAaesdIXF2+QoTp3HbSntY95GByjiiaG63DZb6tN7PGavys08ReSIGySkaRkd1Jjo4426iMJfM00Qww4Khz1krzgP2W6FcYLg4Vl1t0syJL54ochjs+qiuqtYKiuc4nJKarl1wSMeTr5sOIA5QNRccZROSutYAQSs9k8GyjTO1pIQjO2QpAAwAAma2twOMJjp8jAC519rZ6jTaaNCwh7psY7rkczuMILWPe7jlT6alwQ7usMrG2dSmDfQ1ut3ZObGc7hSg1jW4wFzWwfh3Vd8m5JRXIxsO2cJ+kDbCHqycAJ7RqODsoXv5HMYO/ZE2Awlpa1uo7BRZa6Jvlad1eCTvjWuSc3yglRZK2OLI4JUR76mfZh8v3Raek0OEk/mPYdkTizO75SfB3NRO7IGQjRwO1AuC783TQg5cBhV9Tfo25bEd0Uam+wbNZTXDdJlv5YWAHhRprpSxbF4JWdnulTK768BRJHl+5K016fJzLfMrH+mXtRfYmHELsZ9lXT3OonGC7YqveRkHlPYtEdPtOXd5C23tjpJXynLzlM2S/JODdSdGtIxTuy+R2MokUReeEWCDO7gpbI2sHCco4Mltv6BRU0YGXDcIjiAMAJr3b7IYce4TYxSEpuQ8knum6fddSVhgkkl3BVBjk3cnAGSeyJHE6YlrD5j+y9E6R+H7YY4a+6gPeeBjGVlut2rB0vF+Ku8nbsr6KzpHoCruz4qiqxEx/Ac3O36r27p6x0FjpGRxxNBaNz6p1otMVJC06ANthjgI1wrGwN8oyW9vVYJz3H2TxPiKvGVbK+/wB+wlyubYI/5T9zsAFTt+ZrSTITgldhpZ66oBPHOewCvKelZE0AAbLLOR36632cpqSKCFrGNA23PcogjHc7Lj8kbbAKLU1r4W6WYKztvI7GAtZU01PFlpOs7AdyVXEPlaJKge4CExsjtVVVbn8I9EJ0tRVPEbHEBWC5YFPM7RohGM7ZVnZLM53+81LRv9LTyiWq1iN/jVLdWOAVOrbtT22EvcBtwMqE49kp8kFDDk4GP3WHvnUxme6GH6htnPCiXi+z3XLIZC3JUGGm4c7lC3gzWy3PEGDZFJM7W9x37qfFBK9rW00OrtsjUVulrHiKJh35ONltbLYhbWtcAHOA390udqiMq07k8srbV0xDSsFVUDM7xnHotHRU0j4w6UBjD+HHKlNoyWtnqBpB3AQrhcI4I9TcABc7Uaz1FnX0+iilljpJ6ekHnONtgqeqlmu0ggpAQM4cUqahr7vO6V2BF2cT2Wrt9uipIQyJgz3OFyNRq16OnVpkuiHa7JFRRNDmBzvUrRUtMdiR2RKaiEQEsoB749EX5mEDEIL3DgBca++UuzdGtRO6I4xhxwmMZV1x8KkZhh/EpFDa6irf49Zsw8tVjVVlBZoQ5+ljezRySsjsbYzHpA6a1U9IfFcNTu5KiVFfJK4xUkes5wAO6AJbpf59NPmGnJ9eytYaent7fBbhz8blTcmEk0RWRVDSPHwc9lKbFE3zBgB9V1zhk6j+Sh1teynjJc7SeynYRIlqNPsPVUVdeyZTBSed/Yeqbqr7w4xQksjP4lc2qx0tvw4tEjwOSFYMngqKLpma4SCtu7zg8R+i0dLT09FD4UTA0BElnBxgKtr6+OCIyPkDSFAJLJOkmaznGCqG83+KkDhG/VhUl06hnrCYaYnQOHKuZDK465nZJ9UaWQTtZcK25PDnPLW/0gp0FEcgsZkqdSW18pGlgAVsKWGjYHad1ojEpywVtNQPfgytwEaaalowC3YhDrLqBlkJxsqaeoe85cOUWUiiVX3eSQ6Yn7KokJkcXOO5RSNRyB+isqC1CZofOMZ4CjeACnhpJpnYjblXFDZtgahn7K4prXFDgsCm+FsBjhU7URRyQqahip92BSxg4BC6WY3I2USouFLBy/J9EuUy8E+OA7OxgHuo9Zc6aj/lsJdJ6BVk1XdbhiKkdoh5zwp1BZdAElQ7W/HJWadgWMkV/wDELq3w/wC6aeSO6nW6zx0LACA4+pVlTQNYMBuylmIHTpCROzIaiyLHCeMKRHBnfGFIjg9lIjgzvjCzzswOjEisphzpRY6fzcKW2n2OW7/dFjpsHcLPO0MjR0w28qOym74UplPnHl/dHZT+oSpTbFkTwf8AD+6QhH9P7qwEOPw/uuiL2Qb+RhC+XOQNP7p4gPopZYNlzSfRXnJRG8E+iQh33Urw0vDUIBELcbldELQpGgpaCoQCG42C45vujaVwZJ4UXZCPp090tIOC44HqpDg1oy4gD7rM3nqcRZp7Y/Mv9S0xiW2W1ZcKCgj1zT7/ANKx1xvNXcJ3thldFT9lFeyapl8epkc9x3OTsiAtjAwBstVdeRMpNgmU4aQ4gE+qdI9rBtgpslQcBoCGyNzj5jjK0xWAcHDI558oRGROfthSae3kkEjlWdPRFuNsIpSSDUCrhoHOOSMKxpqNrMbduVPbA1oHlC4cMHCpWeiKAwQNjGyj1lQ2FvCFW1xiwGjcquAq6yUNzgck+ivOeRqhjsBUz1U0mImkjuplJbY2gSyN8x3UqnodG+PzypWkNACNvAxL9A2sa1oaBgBcfpx2Ti4YO6C2Nznb8KoyyQE5/mIAyhaXA5KsG0zCzIG6Y6Jo5aFaKZELARuEms0go8ga1uo8KhuV9cWupra0SSHk54WiqDkZpyx2Ta6tgoo/EkcNu2Vl665VlxLg0mCA9xzhGjpZJGiSvfrlO5bny/miSRgDAAx7LfTTjlmS2eOCDBQxU+C3cnupDQO6JoOBhMlkhgY50zsEdvVbIVmZySEYwRnso0k0UOzCXn0CRlnnIEQ0xcjKJHSxjzNGH+q1QrM9lmSKIpZ/5sg0tPZdY1uThqlubgbqNUzU1JEZJSGMHJK0xqbMF9+1cjHNB5PCpbzf6S1Zw4Pc0bb43VLf+r8l0Vsdsdg/1WQn+Zqn+JPI55PqVsqqOJq9bziBPunUtyuz3F0jmN7AFVJjL+QpdNSODgCzOVa0dnfI7MjMBbq68HKnKV3ZRR0PiHBVvQWmM4c4bhXkNopmNBLM+ylsgijbpawBalFIGNWCuioxCAGtTzGANzwpbw0d1DmfvgBNjHILwgMijyEjsivyTlMkGWpqrZktn6I0nCjuGchSnN3ySolTI2NuokJm1ox2WKPLBFgHflAmc1gy44Cg198p4fLnLsbLP1V3qKrLQ7SE1VNnL1OtrhHOS6q7nS02cPBJCpa2/SSsdHE/YqvdqeSXHJQjHpO4To0tnDs8lOQOWSpmwHzEoIbp5U2np3ynSxpJU+ms5+qdu3ZMVeDLZc7eykBLtmt3RqahqZ+WaAe5V94Nuox52hRaq8xNbin29gi2CVOMe2DhsjG+eeVhxvgJzpKKnwIcAhVs9xqnEb4BQmsfMc5KtQFWXZ4gWE90fjTE4EKGJpXkj13RoKT+oIr6ZrRwAjjHBlnZa3yR9GRlMIYzfZckmZG7TnZRpZ4x9L8lTGRcrEvyDPmaDjCG6do7KO6obtsmuqoNsuKnx5A+X9B/mPQJpqHEfT+6A6eM/S7KGZvZX8Yt3Sb4Jfjkn/1XdTvVQPGdnAC740/aTH5KOsYrXjkmOklzkEgfZc8XbcKHrnz9ey6JXeiCUcAu9+iT40fDiQuPa1w5QPEH9ISyfVCqwPkk+xFm+yGWnCInHhSVTZW5MjBxa7ZEFQ7OTumu5KZrOfpStjLy0SfmMjzDZL+S/wDFlRTjukD6KLKK+TkMIYm7sGPzTXPnGND8ALmrB5T/ABB6KYyWmNFVVg4MikxXKZgA7+xUZwB42QMEbZwr+OLNENROv8WaOh6pnpRoMxb+a2PT/wAU7jQOa1tXkD+rcFeUGM5yiMdjsky0sTsaP6k1mlaxLo+lbT8VrXXiNlY1sch5cDstrbr5a69jRSVzNXoSvj2GulhdqjcWkforW2dWXekqRIKsgDsslmjyeq0X1rultu4Prts9cx+Wva5vZSW3OlaA2qJid6ngr5/sHxkrqBjWVIFQ1vYu3x91vrP8VumLuGx148Av7uwQsk9O4nr9H53T6iOVNJ/o9NidFIMxva4eoOU8sA3BVHbXW6ujE1puDCeRodypxq62nIbNBrH9bUmUXHs7FerUuOyXp910jKFDWQTbF2l3odijY9DlCao2xkLw24wmGMjjZGZ9QRNAc0bYQTeBuEypuVjtd4gdBcqOOYEclu4/NeW9T/BWCYyVFnfp7hi9kDM7BcbAXcBXG6cXwc/V+N0+qjia5Pku89IXqzSOZU0z9Le4CpSJIz5mnC+wq+x2+4ROiq6Vjg4ckDK836m+DtK9j5bW0EHLgw8hbK789njtf9NTqzZRyeGRzB3JRmVE9PI2ammdE8bhzThWl66PuNrmcHwPbj2VPNT1lI0PfGS1a4XZ6PN2aadfE1g9E6U+K1Zby2C+66iPGPEB3C9UobrbbzSsq6GZs0cgzkdl8zxVMMvlPkd6FWNrvFyskwqLZMGO7g8FaadRLOGYbKlI95udkoq9pEkYye+NwsBfLRVWeYskZqYd2vHBCvekviVar6RRV5+Vqo2+YuPlf9lq5YqatYYpomSMcNtQzsulVbk5Gp0yTPImvyCWnH2KnxXSnqaf5G5R64yMB2MlaK+dBS4NVZAC45JYTssJUCRsj4J4zG9hLXNOxBWmE8nJt020fduk3wxfP2V5laNzpO7VWU9xma75W4Rj087VcWm9T2l2n64OHN9lb1tssnU9KJaGdkc2Mjtg+hWhSMUq+Sotl1q7bISx5npXjBi1fT7j0Wmpq+lq49cDjnu1w3Cxj6OttMvgVsfkOzZBuCpVNVPgkEsL9/vynKXAiyvd2belrZqR+uF5afZaqz9SU1RiKsbpPGcLz+hucVX5CNL8cHupzHjVseEZxdb4+Mvvgj1eimqqR3jUMuWHzAA7FayhutsvkHy9W9sFYBggnBXjVq6grqTAD9TR2JWvoqqlu8bZ4naJ275Bwco8o81bRKPLR6BNFJTxCkubWyU7vKJfb0K8/wCsPh62AuudlHl+otG+QtdZuqw9os97a0ucNMUruB91ZGmkoG6tQmpZNiBuB/6K08GffOs8js3U9XbcUtSD5DweV6LYr5FVRtPiDDx68FV/V/R8NxpRX2mNglZ5iAPqHosFHWXGyy+G5j2EHcHZHjcU8TPbGvBGR3T1hOmurhM8RTOznbBWyhqRIduDuglHAqdbiS04jbATQcjKekyipdgJtPKPIfiD8Oam1yv6lsDSadpLqmFo2aPUD9VnbRd3QvbPTvP+Jq+gtJxleQde9Ay2iqffrBERC86poG8A9yF5PzXiYWxcoI+mfSn1PKmSpvkX1ou0dTEJozhw5wdwvU+jeuvEiittzcHEbMkPJHoV86Wy6u8tRSkhzPrZ399lubHeIblH/Ldoe3t3BXyjzPiG28RP0L4P6g3qPJ9Iup4aiESMw5rgqWopprbN48GdBO7VlujuspqN7KK4SamEYDivQnmOqhEsJDmu3Xgr6J6ee2R9B09qthuIdJVNqmam9uR6Ke0qiqopKGT5mlacH6mKZQXOKq8h8r/QpLHNFsDlDI0nICa2VpJCcXahhVgrskU8uryo4xgtIyFWOc+mla8AlrtirCN4xuVaeOQJRyU18oBpE8LTjOCAsfcoPJ40Wz43ashelOYHAg4OfVZLqG0OtsoqohmKU+YY2C26bUbJoz2171hhra62/Ffouu6A6lx4zIPKXDOsYIyPscL8zv7QPwSv3wp6uqaKajIp3f3JaCWubk9/ZfoFVips1RF1FaXObJSnVhhwVO+L/Q1k+P8A8OXVdPHCbvE5uPLhzHY9V6/xWulp7lOJ5TzHiar6vis69f2Z+TTM435RMjsVfdbdI13SV4noKwN+sgaeFmwCN87L6dpr43wU4vs+R+R0ktFb8M+yQyTfGOUdrid8KG3ZHjOOy2xnjg5koh12N2lw9kmnLUNv1lNTFyjlYLunILRupkTzxhVdGcDnKnRu34WiLMNq2mgslQfELSdsKyrXB7cYWdtkxjnbtytE4tc3OeyepZWDk2w2zyV9PII5titG0iam8p5Cx4eWVB+61dpk8aMRgdlpgxN8G1uLTpuR7JnxB2W+isblEXxSNZ2GVn7c6SnumluwJ4WkqnHVjHITnyjnz+2zKPPK4ESkH1QY3AcnlS7u3TM8Y5cVWwkg8rJKPJ1KuYJklgzM3sEyc4P5p47FDlGcJUo8DqW4S3BIpS3BXpHStYJaPUzfAAK8yaRutp0fWN0CNp74cF5PylXLwfSPp7V4ijQ3holjc9zd1Rxu2A9FpaiNrxgjIWYLdFU9gJwCcZXnrOD3dVmTZfDC6/IdTMiMgaJm4yV9BQvJcD6r5WttU2gulPVPB0tdgkL6ctFaK6hgrGtAZKwOG68r5anMtyPW+DvynWXcJyFKj+lQYiAcKXC7SvN2rDPVrgNgpp5KK3BHC5p83KGPYbWSO9vbK+YepKb5Dra40UW0b8SBuPpPfC+pXM3zlfP/AMW7e2j63p66LAMzAXYGxyu/4i7ZZg839QUZpVn9zzjquhLWMqmt3Aw5ZGcHYheo3ulZLQvLm9l5rUx+G8j0K+haHUOa2yPjn1PoY0WKyPsBT1Pgv1aeFqafRX0w04OpuVlAzfOVa2Wt+XqhGT5HbYW6x5Rw9LY09rKm6RuoanOMbrddF3tszWN1bgfsqfqG1iqiM0Y3AyqLpuvfb64ROOBqXP1EMnpfH3Omf9j3V7W1dKWc6hsvP7nTy2+v1DIGd1sbDXtqIG4dnbIUfqS3NlY6ZreRlci2Po9fGScPlRCoajxYmvacHn816V0fdvmabwZHjW0YOTyvG7XVvjmdATgtOwPotfZbi6gropg46DgOXH1Wnz0dnxuqy9zPaaKYggOCtGMa8B2eVQUVVHVwRzw8OAPKtqaUggHsvMamvZLCPWVz3LJYUj3RSjPCtmO1jIVQ0Z0kbKfSS4GCsbeB8ejtxpRU0zoyMnGQs1TRYe6J2xbstfu8Kir7eaet8VrsB4yjhIXZDLwUd5tpq6YhoAczcKqhhc+kY3uNlshTCQDKpJLe6jq3xv8A7uQ5HsfRbq7OTJbTlFLh1PIGuA0nYg8LLdV2dul7mNGCSdh2K3l6t5jp2ytGw5VJLTCupCTgnghdOi/BydTQrI7Tye1TGhq3wu5zuPULMdX0MrHC4R8eIc4W06mtUtrvcdd/wnnS7AVJ1IwVFA4MH4sr0vjtTiayeJ8tomouK9HhnUta6qr8PbgMGFRTAYBC0/WdtNPKKpjNjysuHktyQvfaWxSqR8o1dMq7XuAgnKkMcNkBwI4SG+CStanyZGic1ytbdeZ6MCMkuYOxVNGNgitW2uzgTbBWRwz0G310NZG2RjhnuMqyjdtjC84oa+ajkDo3nHcLW2m+U9aBE86HgdzytSlns4mq0sq1mKL8k52RGHCjteD+aK13sm5OZ7JIfnsixcqKTlFiJBAT4PBWGT43H1UyPfuq+MhSopAAMpuTPNZJehINIXGPAOCjamuAACIA41Gj+pCRGAnOEYiwmxcIiDGiDlGgCTGcqQHY4UZnZHYdgSmoRNZDx8hSWcqEzlSI/pR9CyUOERRxyiDhW0QlR4yMhHURpUhj852RABkRqEDlEaQgACoqDkIoIPCgGAg5RmkEcIKeDhQEOjM+yCisOCjQDDJLgIwuogR8ZGQjNIUVqIw4xkqsFpkpPQchPUTyRrA9JcyF1WUJJJJQg/JSyUxJQg/JTclcTMqECZKZkriYTsVTeC0sj8+6bkoW+vkp+QG7nCpstI68j1CiXG5UlsgMtTNoPI2VJfurLdZw8vl1Fo23XifVfxBuV2qJI46jybgAHYBFlGvTaSeoltRqevfil81G6gtrnNwSC8ckLyepq5al5klcXO9SUOSpc53mGSUwODhwkyng9VptIqYqMVydMpOy63U7YrjIC52VMjhwB5UqdmTsUaacu+gTISSHKZHHk4yuxwn047KbDSPecjAyszmdrS6TL4GQ0xdwOVaUNE7UDhHt1sccEszn3WlobaG4OjGPdR8nodLotvJFt1tyDlmNlfU9DgNPsj0NGGk+TGytI4GjHlSpJo7dFWxYRGpacAYIUoRD0wntYGjIGyiXK7UNth8SafB9FTew1OUa1ulwPqqmKmYfEdjbuvPerOvY6fVRUO5Ozngqm6u69nrpnU9JJ5QMbLF+Z5y4k53ykuw4PkPKx/2qWEqauorZ3zTvzngeia1dERHZcxp5QNnAcs8scCByEnybZA4TXO1JpdgcK08i5SSOvmABHsouNfmI2C6Q6V2cKSyDAG260QjlmS2W4CyDUBspLYi1oOMrrgI8ZTXVEjhpZwFrSME5KI2Sd7CGtxunQwvkcHnsiU1KHjXMN+ykkMiA0haIpmKy3LHMYGNAS5S5TvpTjLKWTn0pZ1JPOVwcKAnUsFc/EjNaHIQ8AdOTyptHbzMQ7T+aLS0PiHUW8eqLUVsdHGQxwBATHwHCGeZdCrK2Kkh8KM4wMHfkrO1MslTJrcduw9EppJJ3Fz3ZycpgByqUshWTzwhzWeyOxjdIQm7Lpn0txhADtywxe1o3IVbXV7WHAGcINbXtYCQTlUs1Q+Z+ouKx3anZ0PrpzywlTWOme45JQCMpqeuVbOU5ZkzVCKiMXRylgpYPoq7G9IJsQNlwjHddjaXZDRlSIaSVxy5uyKNcpdAOfJEa0veMDdWFNRbAzDlHiipox5xuFySXVs0bdlohWl+QErN3B3w4o/oaB9kwlz+y4A4lGawjcBOjBCnLAPBK6n6QO2U3BTYxwUNwEzBzlSNDvRM0eyMI4OEk8Mz2TmM83CpvBFzwdgiL3jZXNPGGMGyjUrGsA2VnR001XKIomZzysN08nrPEaL44pLtlx0tYnXOoEpjJaHYC9u6YsLKNgdKPpGyzfRNhFHTRF7MYGo/dbqAkH0CxzeEfVfD+P+CtSkuSbpB4Oy6HsYfO7C4zjdJ7GStLH91isnyenrjtjklwSMmH8t2UZUGqotNQHsJc0/phXMFXFUxiSM88j0KXwxldinw+wmSlkriSE0Yz0JKV4Y3JIx6pkkgY3O2PVecdeddeCDbrYS542e5p7qCtTqY6eOWF6665bAyS2W+TMh21N7Fed0sM1TKZZXZcd3H3SpqWavldNNkuO5JWjtlpMbWuc0DPCfCG48hqdRO+TlJkegteohxatBR0DWYO3CNBStaweUABFAaM4WuEdpkUUPbC1gwEMuA7JxcScIrIinBRhkZFl5xhHbGF0ARjhN1tGSSoM2DgMLks8UIzI7ChVVw8Mlsbtwq189RUHSQpKWCEusurnO005wq8eLK8ukJKPFDg6nNRwxo4CDO4BxyDhiDRuFLjDQhjA4XN+yhTD+PowAEN7i7krjnBoJJ2Cr6u5xR8Hce6MXKaROaXck8Jk0+BjCo57vMdmnA+6hyVdQ5270WRTswXc1xaw4cf0UcXB25B5VS6cYBccofz0ZwOFUpYFymZXxH+pXNR9FK+XPonNp91vbSPikPGb/RHiaecI4ACkMp8Yw1FbSOPKW7Ujq6fxU2sYIRY4kDC62B7iNlYso8YJCMyBoAy0bJUr8nSp8Jn8iCyjdgHGEVtPjGQpfhdsJ4hHOFnnc2dbT+JhAA2EAYRPDGMIojIRm07nY2/NIcm+zpV6SMelgjtj7AJ4iHPCktgdkEongxcyDhBKeDXGjCIYj1cbrohJOFJlqqGBn1AEKpqL/FGS2EjKrOSt0IfkWbKXUAXD7rsslJTAOJDT91m5+oK1/lidpBUX/fa075eky5Irl/QaCfqCkg2aOO+VUVnUk1SwxQ534TI7JVSnLxgd9lZ0djpmEFzd++yTJZYanbPsoGtuFbjUFJhsNS8hz+PstPHS0tOMtaMgJpqmxjYZU+OUukSX7ZX0ljhjwXNBP2VjHS01NuxgyEE17WnfuolRW529fdNhp2zPLVVw9lhJVNbxjZRZKxvbCrJa0nuor6pzthutVelyc/V+UrqjlzSLOWv7asKBNW+6YymrZztEcHup0FjLyDUjHstK0qR5HWfVKhLEOStfVzvdiM8+yNDR1UuNcZwVoKW108A1NaD9wpegNGwCbGpRPLazzupvbwyljs8IAc4HKkspREPKFNLRwuODQPdPUV7OYrZ2czZGLRxhcIGE6RwBUSeraG4IQyaiRLIp5A04GCoM1TnyhBmqJZHYYcZShpnEhziktuQ6P2nDrkPCPBAQQSEeKmwAS1GbGAAeEUYlTlg4yIbZCINlwu9kN8wbu7YK8illsI4j1Uaoq2Rs8xACh113gjbpad8bKhmqaqokOMlpKy3XxiuTdpNBbq5bYIn3K6jSY6d255VM6KWpkD3EnPdS2UT5cFzeVaUVDpwSB91xdTq3LhH0fw30mq4qdqINLbztqB/VWtHSaONhzypTKRowQ3hSxC0AdlyZ2ZZ7/R6CNMcRQOGJrQNlI0MahkYBTZCBtlJcmdOMdqCSb8IBk07YTHztjbku37e65FDNUyAHjkqks9gSt9IJ4heeUeGjkl3GwUqnoIo263hQLl1HQ23yk7jjdMhVkRZqYVrNjwTfAERGsjblVVz6shpJDDC4HHfKyl26sqq6Y+BK5jTyAqaSQzODnO3WiFDZ57Wec2y21lzX32rrpDqldpztgqCXYBJO6jsYDhF8IPIzwt9Gn/Z5XW+Usm9+RmdZw1uUWGm21yDcpa6enBzsVGqLp4gLWuz9lujVGPR523VWXP7nwSZHRQM1d+wCgy3CeVpYdgUNz3vHJTAMJu1IQkCJyclcwfVOIA7piBprotI4uHhcfvuCgOlOQMIZPgdGIYcldeduUxh23TXk+q511nJ3tHWlHItTycKTBASQ4lBiAzkqU17QAAVhm9zO7VGPsOxjG4RPFw3GFFD+4PHuuiYnygJahk1qyMV9oYzEuxhJpLu6F31YQ31bY2nfBHdGqsgS1KX5E0YjGpw2UapukEA0sdlxVdUXB9RmNjtu+EyGnjJDnjJTY0sx3eQS/Fkv5irqyAwksPujx0wjw6Q/dA+Zjp4vLsewUSorqiUY17eiY9O2YrfJKPfLLSWspaVuGyZcq+W6VEuWhw0qC4l5y45K61Mq03JzrvJWWcLodJNJKcvdug4HoiYKGtCoSMUr5WPLEknpJirSIhhGUgMJ4GTgIkUReUSrI3gEGknAClxUoGHHlHgpWjsnkYGE1RM07MjGtDRgLpO2E0kE4SRxQL57BkEldxhOwE1WV0NTkkw+ypvAxvA9GpKGruEogo49byjWu2VF1qW0tO0lzjuccL1jpzpihsVOBhss7tySNwst1yhweh8P4a3yD3S4gQukOjYrRHFWVcTHzn1Gd16Tbra3y1E7QMfQ1K0WsRsFXVtG4yxn+qk11SIItY98Bc623J9e8b42rQUqFaO19bHTR4b9R2AHdVUBmrp/P8AmmU9NU3GoySRk5z2AV9FRw0kbQBv3WVzz0dqusVNTtphhpynl2BjK4SAFDqKlrMhIk89GjG0dUVLm5DCoJmYMySnJB2CU0pzk75TaenfNIGt3z+ypIAZIZqtzWNGGlX1qtcUJEkmHEDb2912joI6U6nlrttvRV3UHUkNFEYYTv3IVi28Eq/X2ktoIY4PI7BYKsrqi5TGSQnHYZTHyz18zpZXZ1cD0U2jpAActVdCpSc+ERqamORkbq+tVkluEgjj8oHJwrKw9OSVDmPki2O+/C2NHb4aUARt0++FkuuVaNOm0zk8kOitUVDG2OJm45OOVN/u8YxlMqbkIpDBRO1v7IOTENT/ADSO3cVx9Rrc8HZo0mBtbXSMbh7s54CHTWx1xAkqciMHOOMqVRWt8rvm61xwd2t9laU9LLVS+HEP5Z21LlW6nJ0oU7RtLCWtbBTxDSNshXUFMKeFvi7HuSnxU0FshwDuNz6lPp7dVXF5mrRohP0t7lc+23JojHANgq7h/JpYz4Z2Ls9lb0FrgpYw0NBI5JR2tpLfSbHww391mK29XC+VptVgZlrR/MlJ8oCyt5DwT7p1Myme+goMSSu22KFbumq24N/iF9kDdOC1h4wrGxdNW2xxfOVpFRUu4zzqU98s1UQJXfy/6UttFrd6F4kQiEFFEI8DGoDsgu0x+d5zg7ldnmiphvjceqqZ6ie5O+Vozpz9bjwAh5yE1hcj6+5M8XTT+Z52DfVNorBU1MorLi7SD9LVY2600lE0PeBLIPxEKVUVDQB6BMQLbkOEUFOzETA3bsorptOSRsVGr7gyljLnu3HAzuVmLhe6irZ4bcsCYTGC0uPULIHmOI5I9FnKmomqpHPlfkHt6IYic4jO5Ks6G1yPcDINj2RRjnsjZXU1OXOy1nHor6it4bG18zdzwFJjoYYGhzWjZV9wu3gkxwHOOSnpYFTJs00NDCTnfsPdZ+tus8zi1rtlFqq6epOHOQY2Fyty9CsjiXPOc7lEhgdK4AjZSaake8jIVtS0LY8OLUEm1yGRqK2RY1FgyFaQwMYRhqdG1jBgBLUAcoZSbQSiHLWtAxuiBuRlDhaZIw5PeSBgDKzuT9hbSuuzax2mKkeACPMoFJYXPnE9TJqI7eitpI5XPzg+nKkUIaZBE76iqbeCOIoaMMHlACmRQk42UmKkJxspccIGMtWSyzaNjEixU3spTKc5yQpEdPxlv7qVHTYI2ws7uGbUQ2U230/llHjpt+FMZTjH0/upDIN84Sp2OReUiE2Ag7t2+6MyEbFTBDgcJzYUmUiN4Asi3Awith2R2R7BE0DSqyKcyJ4Q9V3wUfQc50/uiNYMKZRWSL8uVz5fG6l7eiW3opksjeGPT90vDHojEA9ksBWUA8M+ibgKXpGOFGPdx2HqjSyMQ3GN1BuFxgoI/EfjPplQbvf4WNNPSP1OPJCzk0sk5zK4n7rTXU+wZPArjdKuvLix5Yx3ByobY2tIcQCUVxa0KPrc4loHK11wBXI58gAwGqPlzzwpMdM92/OVY0dsccFwCeopcEwisho3PIyMZVpTWwNwX/rhWUFBHGNwCVIhi2VOW3omCNDRNa3jZGMLWlSA0AbbIU7wBsP3Q72xiAvOn3VZWVwzoYPzTay4ZJiiz6EoFPSvldqd90UVktLJFZSz1E2oknO+/GFZ09O2EYwpEEAiH04RDho5TMDlDI3DWjPooszidm7o4zO/S1uw5R4qWNo2G/qoRtRIUNLqAfL+QR/BYBspDm6UIyAZzgY9VaWQXLAPTjOFX19xhpWa3kEj8OeUGvuxc8xUuSRtkdyoTaYOe2erGt491qpqcmZ5WLor5Za+7uL3F0MBPlbndc+WipR/LaM9ypr5Wsy1o2UR8mrtwunTQkZLGCOXuydihyu8NuTwm1E7WDY79hlRo21lS7Dxpb7rVCDRjtlk6+uIOmDd/ok6kfJI2eqIJ7AdlJipWRYOBq9UXGd1shHJknJkcRBowNguhuN+3qnyu8MZJGPdYvqLrLS91HQEkt2c4cFbK6zFqNQqottllfepaW26g3zuHG6wV0vFdeXnx5XBh4AKjl9RXTulmdqJ7HspApHDTpat1dJ57UaydxCjoNWNlOpbZLK4BrFZ0Nrmc0O0jAVxTwiJoaGgLSq1EyKOeyuoLM1gBmbxwrIRNa3AHCMxurOU15aAcJkUscDYwUQL9LQocr2HZpzhFndvhQ35cdm90+MciJ2KPA18pdlDLdQweyLggZPCj1FdT0+NTx+a1QgYb7owjmTGOb3UWqqoKcDxXgKlvnVcbGOgpeeMhZOpu1XVDTK84+60RqycHU+Xqh+PJorr1PA1zmUri4jbKzVddKqq21nBQXEHsuiIuI/6J8dP7PP6jyMrZZyRTrccuOSugEcqyjofFxhqnQWhgAdUAYTY14OfO3eUsMD5ThrSrOms7cA1GwKmVNVRUcPlwXDgAbqjqbtUTjTkgegKbGOBKmWNRLbqF/hscCR3VZXXx8o0xOyAgCjmqnAkEgqXHaadgGpmT3UcAZOT6KoOq6p3dyLFaqhzgXt0hWhfTUjRqc1mO6hV/UtNHFpZKXn0AwhSQG+MfzYeG3wsH87DsLs9Xa6NupgBKzUt/qJiWt2B91FL5JvOQTkqZwBZqUvwLurvlPv4TN/ZVk1wqZPxYBUMtxuU5VkySvlPsM6aR/1FByknq+xMm0+QZLjymlpPZE8q7gJgSQIMwcgJ4bjsnEgIfiMG2UqViQtIJhqWQBsgeK31KXjN9Ur5kHtbD6t+FzZC8do2wuGRp2yorM9k2tB8j1SUcSb5yl4uo8I8k2hk9RvH9k8zA9lWUisMeuYCYXt9UtQPdV2Fgfp91wtz3TktQBUwimhnhnkBNLSj6h6LnlUlDJRHbqzuU4bJ+Bnld0nGUO1kwM8RuMaUzTg7Y/VdMZCb4bvVQZlDXNLT6pbjg8IqSrbkBCZOYXA/qrCmusAI07FVzmEhB8MDJSnUm8munVzqfBtLP1Vdbc9z7fWPic7G7XEcL0bpz423Ci8OC+QeNHwZGnf9F4SyWdnmjkxpUulutRnEpBA7FZ7dPHB6LQfUGo08k1I+r7F1/wBFdROaHVfgyO4Djpd+i1jqO4UwD6I/MQuGpu/ZfG9LdoPFaY5dDvUHC3fTXxH6j6akbPQVvix/93L5h/mufZpmnwew0n1RGfM1z/Y+joq1rjonY6J/+IYUuKTVu0Zz6LA9P/G/py+iOk6lgZSzO2LsbE+xW8hoqSqphV9OXAyB4yADqCy2VtHsNH5GN8U8h84OCE9pHogA1lO1v8RhbHnbVxlSAA4ZByCl7DqQmprKGkdwEgPZEAwkhy0XhPgo7507bLvHoqaZuSPqA3XmXU3wpqIQ+e0F043Jjcc5+wXs8jQ7lDY0NKdXe49nP1fjaNTDDjyfJV16efTzOjqKV9PI04IIwqp9NVUxx9TAvrW+9LWe/RFlbRsLz+MAB36ryXqT4UXW1PkqbcW1dPuQwDzNC1wt3HjNd9PWUx3VLJ5NG8A6mt0u9RsVt+l/iPU26JlDdQ6SNmzZR9QHuqCttbGucDGY5Gkhw4wVAfCGgeXccrZXqJRfB5e3SJ/msH0Da7wytp2VNNKJGOGRgqDfekLb1DmpiAiqnDGW7ZPuvGbNf7rYKls1FOfCP95E47O/9V6z0l1ra+oYGxR1LKetaP5kD9n+2g9/2XSr1PHJzNTov0ecXiz3Kx1T6S405YAfK/GxCqPmqi3yeNA5ze4LeF9A1UNtvEQprnTNkBGkOIyV5n1p8Orv04Za+2xtq7YPOW48zB6LbCzJwb9JLtES332ivNO1kob4mMOY7fdQKqy1FO901G7WzOdB5Czb46erHj2yVzZW7lrdnBT7T1lPSOFHemnLdhIByFohZnhmJxxwy1oXl51ZLXsO44IWgpapsjRk7jlQZKWlqo/n7dI2QPGX6V2CJzCCR2WhSFOtT4ZdxzPBDozwrSkrXsIlp5Sxw5wcKhppdA826M+Rww6MkH2KvcZNT46FkMJHoltvMF1YKStAjmaPK/OMn/qtVYupprU4Wy5jxKR/la48tXjdFdXFwZUyAEcEbLUUl0mlhYyR7pG48pd2TEzyOs0EqHyexOJpwJ6QiankGcA8Ki6h6Xpr5TOqKcAPAyRjcFUXT3VM1rHgz5mgP4e4+y0kFyjlm/iNql1tP97CecfZNi8HM2uDyjyeqpK6x1pDg4aStf0t1frkbS1L8O2AJ7+y019tFBfKQzwRjxHDcdwV5ZdrTUWydxDXDB2xthMf3jFixYZ7hTz6gByCpwaBg+q8r6L6316bbcpAHDZkhPPsV6RQ1jThkjtQP0nKROOBFtTjLCLLSCMcKNPBHPGYpWhzXDBBCktdqXSM434WOS9MFNrldnivXPQ9x6ZnHUdhaZqPUXVlOxu5/wAY/fZVVBVOnpo77aHnB3fGDuPVe9TQRzMMUrQ5rxggheM9XdJ1fQldN1FZ4i62ykGqiHDfcBeY8n4tTi5Vrs+kfTP1TKuUaL3ho1vTl+p71Tgx+WWMeZp5yvQ+lusHUL20VY/XGdgSeF4NBMGiLqPp+UmCTBe0fuMLZ2i8U10hE0T8OH1NPLSvlfmfEZz9p+hfAedVkFFyPf8AxIqmNs0RDmuHIVZV0Rjf8zTggg5ICyPSnVUlG4UdW/VGdgSt8x8c8YkjeC1w2IXgNRRLTy2yPoFFsbYJp5AUNxbM4ROBa8evdWTXqiq6N0Uhng8r+QeykW24tnPhud/Nb9TT39wlZHp4Ln6uybFKYn+G4+Un9Exr9s45XJmCQYUfQRZRvzhPqqaOvo5KZ4BJb5T7qvo3uxoceOFPYSPyQxlteRMo5MNUUTqKSSkq2eSXLQTwqW03Cu+G17NwYx81uqhpnY08NzyF6Rd7ZHcoCC0eI0be6yclG27UdRZa+MCRjTpB5C7Gh1TjLLEW1Qtg4yR45/au+BdN1RZX9XdMUkUpewucIhjLvX2Pqvz2u9trLNVvoq2JzXtJG4xwv1c6JusVprZfh31awyUVVhlNJIMt3zt7dl8uf2qv7Pr7XXVF0oaQOBBfBOzh3r+fC9/4Pyvxy2T69HgPqLw68hU3/wDVh1/dHx4HhHjdg8IDo3xPdDKCHMOlwPqERvde7jYprKPlM4OHZJY7bhObygBw3RmkFaYvIh8k2lk0bKeyQH81VMcA4KdAMgHV+S0RfBjtWSyp5dDmkLQQSGSFrs8hZmIcbq2oqgNiDD2ToPk51seQc+WTE+6ubHWETty7AIwqirw45T6SYw6cHBBT65CJw3Rwaqoc6KqbONt8rUO0y07J2HLXNCysmKihZMDkgK+tE/iW3T/SFpUuOTk3JJmSvjcVDjj8RVSDjOyvr+zyvON8lZ8HCVYdDTPdAKTnsmuGQu+4KXYpTeEaMegLnYJ3Wh6TqtM43G7lmpsjceil2WpMUzSSRg5XB8hVuTken8HqlXPaz11jiRqKpbtTGGcTsGxU22VZnpWOducDKV0jdLBkD6TuvJ3wPp+ms3RUimkcCM+m4Xv3wzuv8Q6ep4/Ez4TQF4AGjBGV6B8ILxPS3SS36i6J2+PRcDyNe+ts9D4m747f8nvUJI2UyHlV0T26uVMhIwF461cnvYy3IntOy6hMOe6ICAEoeOyMYPC8h+OVscKaiucDMeDJgEdwexXrqx3xUt5uHSVU1rdRjaXDbcFbtDb8dqZz/JVfNQ4njhiFVQN1tBcWrz3qugbSzMexunUSCt5YpXyUTWyHJAAKreq7c2opX+QFw8zSvdaHU4mj5z5vRfyNLJ4zg80z2ATGSuheHg8I8sbo3kYQJsYC9LFKSyfK5N1Swja2mojrqMMeQSW4WQv1C+315kaMAnOVJsdwdBOIi7Azsry/0TLhReOwZcBykXQO/pbPkgsdkvoe9HyxPfkjbdeiva2rptPORsvC7HWvoK0AnGDuF7B03dGVsAaXAHHquTqIbeT1njtR81W1mYvlA+21gnYMAlWdsrRVwtI+pqvOorOKyjMjRuAsPQ1brfV+DJxnC500pnUqm6XwexdDX4Ry/J1DstePLk8FegtmEeHAZXh9tqdGHsPODlem2K7OrKdsMpGQ3IXnNfpcPcj1vjtU3DEjbU0zJo8sPHI9FNheMgrO0Mxp378OVvHIHEEnC4lkGuzuVyTReQEPbyMplZBHNFhwyRwfRBpXbBwKljzBZ1LHAyUSnEWl2nPCFW0jpWa2jOnfCsJowyU7bHcJrm69s4ToWNCJRyilfTunpzTyN2IxkrGzwTWmvMUoxHJsD2z6r0iWnI3GFnOqbX83ReLGzzxHOy2038mK2r2YfqCysvNHK1oAc0ZG3deZCBwfNQ1Ddxloz2IXrdDKY6pkMm7ZPKc9ist1xYjbq8V0TPI874Hdd7RajDPPeQ0fyZkeK9VWb5mjmp3M/mRkkLyCaF9PM+F4wWnC+jOsKEmF1wib5XMDSB6rxbrG0ugkbWxs8r9nY7Fe98XrN8VBny76i8U4f6la6My4NOT3QG51bJ7iM8pq9BF/o8RhkiN5wM91Ia72UVhznKK0haYWYFSWQzSQeUWNxBBBwVGyOxT8rXCxsTg1to6h+mnqfsDlaWKoil/u3asry9j3MOQrm03+WkAjly5vqtEJ5OZqdFnNlZ6Ax2VKDWkZyFS2+60lUwBsoD/cqzjeRvyFoTOS4Sh+SwSmkggZUlhOyhCTg4R2TZwMJ8WxMopk1sjtipMchIAyq9sgP5osTsHcpq/YicSxBypMHOMcqtEzmtGBukysqo3jWMBMM7jkvBHtnhEHKgU1yikAa7YqfEWyjIRlYDMI0gImfRRgCDgorTluSmRlgVLokNR4+6itRQcJhnfZLaitIUdrgc7p5O/KsolDlHjIwBlRG8cog5RssmDhOyVGY7BAJRmuGOVQmSyHDnOIGVIaMjlRQcHKMyQYwoL67DojSQdkDITshXnJZNBGOU4HCigkHlSGuGOVTWBTWAweQnA57IAkycYT9YV5/YOP0HyF3Pug6vddB33KsoM1xzypIII5UQcLuT6qmWngkgnPKIDtuVFRclTovsKkmZCWQq3FYHpJmRnGQmySMjaS5wH5q8kwSNj3QsYVXUXumpjhzsk8YSgqa+4kGnizGe5VSkl2TosH1DQdOyTA53bnhRagUFoY2uvdQI2N7BebdWfGShglkhsrniPgZwl/IaKdLbe8QR6JdLvR2gO+blDXNGcZXlvVPxUaHSR0kxydtivOb31pdr1K8y1T9LvdZ8uc9xcXEk+qCViid7SeMcebCxvHUtyukrjNUO0k8ZVVGSN0/QSiRwuceEDuOzp9I0/sQzQXY2UiKE845R4IMkZGVLZSk4w3CRK3LO1p9I0+QMUPGGqYyD0CPT0TjjbZWlLbnEg4x7pcp7ju6fRSlwQqW3l/4Vd0Fr3B0kKXQW04+kBaCgtxGNkB39JoYR7IlDawzHlVzS0ekgqVT0gYBsFJih48qM6caFFcA4oWx9kUENBJOAO6FV1EdLGXveAewyvPOrevzBTyUlNJ5++kpcrFEG3UQ08MyNJ1F1lS2uCVjHjVxzyvIb91PX3mQgzODeyq6y41lxm8Wpk1eg9EyKJ7jnCROeTzWq8hbqFsT+0ayMkg4ySpTIsYJanwRgDJHCbPUMxpAxhAc7alydfIIxjYqO5xkOcYTd5Hd0YMEYBPJUFZwDPlCHoLz6I4aXnYIga1nIytFcBc54QJkYGDhKR3hjYokszYwNvyUTLqh+2wHJWuEDm33nMyzOwTspMMON12KEBEG23qtFcDnWW7uBzZCMABEa0nBcOFxrODj80UHHZaoxETlg6BhNT03BRgDQDnJTxwlgLo3VEOBmVMpqck68LlLTuleABgDkqRV1ENPDoGAR+6g6MG+fR2arjpICSRvwAVRVMzpZC89906oqDOc42QyMqmSbzwNwCnYC6hPe0DB2S28LLBUXLoc+TwxsqivrsgsGEy4XIOcYos+hKqwXHklc7U6vHETZTVLtnZpHSOySmAJLoBK50puXLNkYqJxPGy7o9kSGIvcAP1UUWwdyQ0NBCPDSuefoyCpMdLGAC5uTyiOkbG0BjU+MMci5zzwhjaeKADAwU18pGwamyOdIeDv7pzGbAYRx3dIDI3LnnJCKxu/CfEzB3GUYMDsYbjCbGLzyLbRxrBgFdw0ooaQlgp6QMp4A6R/V+y4GNBzlSNPuljHdECrMjNIxhMMQzs390QuDeUJ87RsqbS5GJNrgdjT2x+adTsJOR3UUyiQ4zhTqZzRGG4WK7UJcI7HjNDK2e6ZLiGcNxuvU+hunmiJtQYgRkHLljukrKa6YTSREgnDche2WK3CnpGxNaAGjf7rBO3cz6p4LxMXNWWLon0kIjADRyrKJuAMBBggI5GymkCJo8uchZ7LT3VVeBDyhJpOchDOXO4UhoDWg4WafLNS4R18QmbpcNim09MynJ0I7XeyR3Q5KWE8hGkJssjY25fx3UWScQsLi7hYDrPrOVwNuoZdTuHEFGlkq/Vw00MsZ1l10TrtVocQASC4HhY6hoZ6lxnmd5nb790+npJKgeI4AEnfPK0tDbS3c44WiunceUv1Er5uUgdNaWsYwNI9VcMhDQ3bfCdHG1jRnGwSDvZaYQURBzgbJmHE4RERrQ1wLgjIJkDjgkI5kbG3cA/mhmpjYMFVlXco4suyXEHhGTOCwkqAMhVs9c5zixvrvhVxraiomJa7AUmCJzgCUG5luWOhFpc8vPdPa3A2RBFjA/dO0tbypnJXYwnKI7BGCcIc07Yhk4UGoucbgQ3kKidE58zISS9yg1N3YBpidgqumkqJznXgeiGIz3AVOW0VJuQaasqJhgyED2UZzScknKOyFz9gEVtDIfrGyLIv43JlbI/V7YQXSEjAard1uh/pJ/NOZb2DBa0K8l/A8FG6Ook2a3CH8nOPrC0D6URjYYwoNXIyIanfkglPAD02Ss+Xb6JzadoKkYylgrVKbaPLQ0kF0jjKcAbNTgwBPDCUVsR7hJlI1wpX6BBm+AnCNyMIz3RmtY3c4CS55NCrUeyN4Wfw5RGQEEFNqbhRwj6wSOypqzqhjPLCMFC3+yfLCBoHQtYA4jAQZrlQ0w80gOPdZWa7XOuAY2Qlp9NlxlpqKlwMxcM98lLlyT5JT/BFvVdTUxJbTO3VXUXStqMhmd/dTKbpyNuHasqwitNPEMuAOPcoN2QZV2v8ngzJpblVnzvICm0linJHiPBGPRaEmmhGCAPuEN1UG7xgD7BXslLpAv4o8zeQMNkpYmh0ilRMoqb6SG4UKWslccE5UWSVzzk9kSoln7gXqKYfiW76uPGIyCob62XPIwobp9IGyFJUZ35/NaI6VGe3XpdsnGudpxtn0UWSpdkkqKBUTHETCVIZaq2fHi/T9lohp9vR5/WfUNFOU55BPq9R2IQ3sqp8NjjJBVtBYoGYe4Zd7qxihbCMNbsmqtL0eR1n1NOX4Gfgs1VMQX+UFWcFmp6fDz9X2Vk0nnGMJxGUxRSPNX6+zUyzKQNkbWN0tGy7jK6kiM2W+RiSS45waMlUHyzgIwd1Hnka0crks+hpwqiprdRxlLc8DoxbCz1e/IUF73SkhdijfO/IBUyKj04OEtvcNztI8dMXEEhTYIWtxkIzImho8q6QGjhRPALk5dDhGABjsmkYGcoNRXNgBc7hU1ZeXP2gdjCk7FEbTRO54iifXV7adpcfy91nqq51FUdI8oXXmpqjh7sqVR23S4Pduf8lz9Rq4w6PZeJ+mJXyUrUQmU0kjgXtyT6qfTUBbp2wrOGja1oOgfqpDI9IGGhcXUanez6Z4zwFGlWXEhspB3apbKUAZGykBrRwF04xhYpybR6CMEuAIaGp6YW+pUeeck6QEna2xrSgHklbGOcqJ4jqjPhjIHJT46SoqBk7BToooaWIANAxyUcazPZNvldAKeibKczNyRuAiVNdS2+nc97wzTws9fOtaK3FzKN5fKNgR2XnlyvFwuz3fMTODCdgDha69PuPN6/z9Gj+2v7pGrv/wAQ5ZM0tukyB9RWSkudRWyl07ifzUFsRzsMZR2Q4wVsr0+Dxes8vfqJbpMnQvLlJYC7AyosLPD3IRfmNA8o3WuFSRyrNVOb4J7XCJuXIMlYCMDhQnTyykNJwESJhIBKdGG0XKcprke97pzlw4QwwN7cIwLWoMsu2AEb4EnfFaNsJhmBGMIf1HJQ0veQ6XElNO66uHdDJ8BRjkaTyUEuBO/ZJ8gYfVRpZjnYLPZyjZSsEkTLok3CiBzsojXYG4WV17+TpU6hQWCY14xsl4hxhRQ4gp4lwNmoPhNf81dIktee6I2aFn1uUA1GMjGEBz3SHfsijRkCzXOH4k2e5HdsIwobZJ5SQ85CcyEkjZHETcAYToaf9mC7WWWcNg44wzcjdFLgNhuu6UF5LD90+NaiZXOTOPcXnftwhJ6a3Yo3BF9i0k9k6M4KfkEDZN0+6tRwQLgaVGPKe54xsUE7qBJZH5CSG3JPKmQU7n78K0sgzltGQQl5GynxQiPGQnRQCMbjCc9wI0gcJsY4M7s3dDxpa0gEKM7uul2/KSsgHzakT8K7gJHhVjBWAZ5XF13K5jfKFvBTESrCyWSsvlWKelGG/if2CbarTNdZvBiGAOTherdOWWGghZb7bBsfqceSfusd92OEek8J4SzyNinYvsO2C001kpTT03mc7Gt5GMkLc2WxNAbXVzcu9MbKV030pBAxtRUgGUDLj2J/9Ee/3yC2wGCEj0OAuVfe5M+w6LxtWngljhdHK650lM0RjBONgFT08dZXVZPLHfsg26mnudR4zxsN8ngBaOCJsYw0AFKcso6sY56BU9K2mBaD+a7I8uTpXDGT2UCpqOzQgi+TVHCQ+epLQQMKE7XM5d0ukcFMpqXjI3VYKb3AmUhkwSPyVpR08dO3UWjPO5XaeFsfmeBx+izvUXUMe9JSk7ZBIOymBUrNpJv/AFGxjTS0hy7guBWTxLWyZeTv3TqeJ9QcnfJ3VvSW8N05buo3gBJzZGpbaA3OFrunOlHVOKic6WN4BHKldP8ATT3FtRUgaTuG+gWmqqultFNkYGBsB3WDUajHBsp03OQ2mjt1CQcM0/uqCorbhepnUNvAc1v1u9FFijuvVlUImO0044cDhaLTS2GI2q3Na+oxlzuSSuHrNWdnS6XBEbBBaIGQBmupdsW4yco0FHpInqm5edzhSKGifCHVdadU8nGeylU9NNX1AiYwhuckri2XuTOnXWoHaWGStla2NvkHJ7AK6jomQtDYhg+qlQU0VPG2GJgGOfcqVHEGYJHPdZLLMjcAqakjP8yZoc/1KbcrnS2uHxKiTTn6QoN66korWC0nLhwPVUFDb7n1RP8AN3BhZTu+kHsFncmyJ4D6bx1XVCGCXRTjcvHGFp7XbaOyRmOmYNTvqdjclSKaGC20jaOkiDRjBPcpjTg6nHlBOWByW4c8Plk1v39PZR57lDSjSSC4dlFuFyLXeDS5cTtkeqLRWjJbVVbtUndAssk1hESnp6u4zeNVNxGfwlW8UEVO3TEwDHoivcG4a1uyh1NQ2AZecD3RxeAO2SJZ9PZUdyvccLtIGSPdRLlfC55ig3xsTlU8hdK7JOco85GqKOVdXLVT+I52R2CJTUE1QR4Y5Vla7EalwdIPc+wWnpLVS0wGBx3TRc8eiittjELxNUDURwOynTy0tM0BwDSu3m+UlAC1pDtPusRcLxU1sur6R6JiFFjdr94pNPTjGOTlVAkcRg7oQdq8x5RYo3SHDRlMQAgCTgKyobe8uDnNwVKtFme8iaUDcZA9FdOhigYBpAwhcsAkKCiZG0Z7IjiAMBMlqMO0gJrMloOP3VZGKA4vIQtZ9UnADuhgFzsZ7oE0MXBZ0FTGf5L9s8H3VlHSA+bPKrKKmOoHHCuInODWjCz2SDjhgnUrBtpyqlkng3qNuwB2wrmpcdsDddtXTviTfP1m7ictB7BIlYkU1ktY6f1b+6kR0+dwFIjgH0gZ91Ijg74wsNtmWEljgjxQEH6f3UmOLvpx+aNHD/h/dSI4gBu3dIlLJJT2gGQc5b+6M2LT2RxHjsnmM+irIlzbAhm3C7p9kYMz2TgwA5wlSk2HnK5BCMjgLikgDSgFrsnZA8kQ3G+UkbBSU5JkCkkkrXJbeDmn3S0+6cq65XeC3AiYZPYeq0Vwcig9ZUxUkRklcA3Cx916iqa3XTUrtMA/H7IFzuVTc3eZ5ZHnOkHlV0j2xNwFtrpLlLAxmGnOc+5SklDQGhRpZ8njC6wF+Od1rjHaCOdqedlJpaNxcCRjKl0drlc5pcB6q5hoGxgYARZwWlkr4KDADsb/AHVlFAGtAxwjsiaMeVSmRtAG2FSm2E4kVkWdsJ4YMIpaGg77BQauqAGAopbgthypkbHkhwVJW1sha6NjgMncolZO57tiUGkpHTZke3ue6KCRFFsBT0plcCW/urWGmEYGyfDCIxsxFd5gABjCY5bRsY4GP8gwN8oLYnS87Ka2Evxq3RvAY0Dyqs8ByljgjMjYGhrW4wnbMG5CdK9sIye6qqiua4lsfmRqOTLKWex9XXxxnGdwFSzGrrZSXOLWf5o7aVz5DLPlxPHsn1U0VNFl23oPVa668i7J54Ihp4aYAjGVGqJi8aQmVFU6U7KG6oDTh3bddKivBlcmxz38uc7hQ5ah0n8unGpxXCyWtnyG4h/zUyOmZCRobghb64meywixWzS4SVLS5/3UxjWtbpA4RidXPZDd5cZ7rRGGTLY/YxzQO6h3Cvp7fD4kzh9vVRb3f6S2hx1ai0cepWAulzrL1Lre8sb2aDthbKasvJyNXrPj6CX7qWruU7oqWV8dODgAHlVUVKHAOeM53RoKMZGcKypqHWBkYC3wqPPTc7p5kyHDQ6iPCZ91a01CxuHPbupNLC2NugNClMhDdyFpWIoKNeOwDIi04aP3RtLWtBJ/JOL2xjGMqO97nnKNNsjikJ8mnYKNI93c5RScocukDLnYCbGDkLslxkE52rsgOlgh/vX4Ue53mhoI9UkoJ7Ad1g771RLXB0cOpm+M5W6nTuXZwvI+Tp0sct8mgvfV1PRxvigIJ9crF3K8VVweXueWg9gVWue5317ojQSNgulXpsHiNX5ezUyyMy5zv9U9sPtz3RoYCTnSp0FLw7C1Rp2nKldl8kFlIdiQp0NI1uHE4RjEGYOMKHWXSGncY4yXu9kxQwLlNEp81NTN2cchVVXc6iof4cbshEbDW17WySYY0nhTPlKWkjDyBnuq27SRmvZWx0FTUOEjxt7qbHR0tMA57d/UqNW3eCnBw7BWcrb9PVNMUL/0KCTQfywiaie5UNM0hjxlZ6v6klc7TE8EKBFT1tUQBCceqnwdPAYdVHGUPAt2uXRVT1FXWnu7K7FZaqQ5cNlbyVtutrjHBEHuaFW1t/qqyMwtYyJvqzYkJcp7RU3X/U+RzqOgpAGzkF/4h6IE9YMaKZoaBtlQtWd3OJ+646UMWeUsmeTTfB0ySF2Xu/ZP8SHH1n9FH8YngJgl3+kKKbKRJM4zsMrhn2+lDaxxGQu+G70U3Mm0bJUvzsEI1NRwHIhjcd8JpjcdtPCBub9kTSB+JPnJk/ZN8Rx5KIueG/0S2pPstPA3W9LU9FELj+FLwXf0oNkmEpoZqPqlqKWh3ol4bvRFtkkTchCUhOEuOyZpKbpKrNn7CWAusLviH1QtJS0qsz9k2oL47l0VBBzhR8H0SRKUol7ETRU7Ywu+IfUBQ13J9UcbsdgyrTJ2pv8AUP1TskjdQtThuCVwVsoOCdkbsyCo+iXqdnBCMH7fSojKyI7PdujCdhRqYEo4DYHouFgISD2nunItyEvOQXy+DlIAt7I2oZwuhod3wpwX2ByHbFq74MZHk2/NOdAH7jZNbG5v/wA1XgiygcjNJ2CE1uM4KlZB+pqa6Jr/AO7GCglBMNSwRHN3yNlIp7jV0xAbKXNHYpOppGnzt27IZaM7lJlUjRXqZw6ZeUl8pJAGVbgwn1C13TfWHUVjmjmsVzmdGCD4bJtsfZeZSR7hEpqmqpHa6eZzCPQrLPSqT4OtpvM6jTyTTPq7pX+0FA+QWzq6342AMuMn8/Veo0Jsl7hbV9P3anl176GSamfkV8QUXV3iAQXSESM/r7haeyX6+WKobcOjrw5sg8ww7b7YWa3S4PceL+q2/ssPreWGop3aKiItPqOCmgg8EFeS9If2moH6bR8QbU6GQ4b81HwT6kL2G3MtXUFKy49N1LJ6d2/iMdqaVgnS88HtdH5bT6iOVLkAuafdFqaaemdpkiIz+L8ITQz0/ZL2tHVjdGayhhAI3QyCc7IqWAmReC3zwZnqDoixX9jnT0rI5sf3jBg+2V5L1T8Nbhay+Wmj8aIb5A3AXvxbsd0EU4fkOAwmwsaOZq/E6fVwxJc/s+T5qDQdON/RRH0oY9srMse05DmnBC+jup/hpa75E6Slc2mqidWvTkOPoV5N1L0NdbG8mrgIZwJWjLD757LZXceH8h4azTt8ZQ7p34mVFE+Og6jjD6TYfMxtHixf6uXq9tuIkhZLQ1raylkaHMdyHNK8CmoQwBwwcbZClWa/Xjpaq8e2uDonf3sDj5X/AG9D7rbTqZReGzzd+jj0kegdZ/CVl5fN1D0lMKSud5nx/hLu5AXlNUxzp32jqyibSVkRLCdOC4+q9w6V64ob8wGln8GpaPPCH+cH0A7qd1X0tY+urcKK8waZAcxVDB52n39fsuhVdu6OBrdIo9I+d6epvvSlTop5PmKJ2+nnU37rZWi/W68s007jHM0ZdG/Y/l6qg6l6X6l+HM7IrvSyXK1nIiqmNPHoR7ZHdVrYKGvZ87ZKpwmb5iGHBH2WuNuTjThKp8o9DILDjg+iLFVtadEg3Ky9l6qkc6O33toaQNIqDyfutU6kZPGJKd7Ht5BBzlM3BRtT7E6nEo1N4RaC5VNtn0TOLoztg749wo8b5qc6Ht2UvRFOzs7PqmqwlulhqI4kjSUt0bNG0sdnKvbVXvicHwuII5AOF55B8xRPzGdTCfp7j7K5o612oPikdkctzgpsbUzyOv8ADyqk5Q6PULZeSJQHbZ5zwVNu1ppbtAZmMaXY3Cw9tusVViN/kkHr3Wgt12noZMuJdH3BWiMjz1kHBmJvthmt8zpYg4DORjsVe9HdduaW2u5u3+ljyVsK6hpLzS+PAGuJG7V5nf7CYZjJCwsIOxHYopPcWsT7ParVd2F4hnONX0uyrwHVwvC+nerahkQoq4Fxi2Du+F6l0z1FDVRNhmkDsjyuz+xWeyrPQm2pxlwaIjPKbPDHMzw5GBzSMEHgooOUlklH0zMm4vJ4N1Z0hX/Da6yXuyROnstUc1EGMlp7uPv7qJT13yro7zZ3+JDJu9oP6gr3ytoaevppKWqjEkTwQ5pC8O6o6KrugKh92tYNVa53EzQgbxe/23XlfK+J+WLlWfTvpX6pmpKm94x0zbWS9Ut2p2Swvw4DzNPIK3vTHUslG9tJVO1Rk4aSV4JbKl8ETL7aJNUT93xjsvRen75TXymD4jplYNx3BXy/zPg++D9EfT3nVcoxzye1CpbK3doIKraqlIeKmny17TnbuqHp6/Pa0UtU/ODhrj2WnZIHYONivC36Z0y2s95C3eEobmZiGyEBw2IOys46howDhUtXR62iogwHgZTaGua92h5Ic3Yg+qzuOENLyeJ5aJIiR32UuiqDNHh58zdio9NURyNEZ9P1THtkppPEZ9JSimsouWHG6qL9bBIz5+lboqIt8t/EPQqdTzsmaHNP3UrPIwnVWODM8+DEdQ2in6wsr5YC2G40gy3tlwQKRlF8WejJ+lrzFi822PX5xhzcDGvHcH0V3cadtluDK2Fn8mc6JB2CzfVlHVWC60vW9gc1r4jmbDchw9CO45Xf0GqjKW2Twc3VaeVmHX+SPz8/tB/B64dGXie6U9A5rnzPM7eA0Dn7rxgbghfrN8WOiLN8WekpupLTFE+VrCKpmnDgcen6r8zPij8OqzoPqGWEUzmU0wD2nsCSdvZfRvD+Qx/p2P8AwfN/qnwu+P8AxHTxwv6l+mYwF3OUdjzgBR9YA25RGu9l66qSl0eAaJbXEvGNlY0zsYyRuqljt+FMhl4WhPBltjkuGEbbqZTOIwchVUT84GVNhdwNSdF4MFsck6Y+I1DjlI4SDw5vKG0BjspsZ+xWzPBr7XMJqHwwdz2V3YpmsD6Nxw7GQsfYqkxzhpOxWkic2GvZP2cMLVGaZxtRX9zRy+058N5I2O6yL9nDB5OFurvh8JOMrGVUbRMQOxypYN0z2x2ghwiH6EzhOSmso2AJAEynd4b9Q7I8nqoh55XP1Ve+ODXpLXVapI9G6crhJSgDdaHHiRuwRuOFgumq8McIOMcj1W7pHAN37rx+sr2T2n1nxmp31Jszz2lj3NJwATyp/TN1ktF7pqhr9LS4Bxz2QbvGGVBc0YBVdK4Ag4zhcPUV704Ho9NbslGSPquhqnyMa8jkBWsE52WG6BvJuVjgmc/WdIz+i2cLgQHLxOppcJuLPoejvV1akWsUhIGUbOQFFif5Rtyjtd7LG1g6CeQ7FAvNM6stlRTNxl7HAKaHjdDIDts8o657JZF2w3xwfO9NTNoa2roeHskOV24UomgIIyQrzq+3i2dUSO0YE2XfqoMrW4xjler0VjcFI8rqqk91Z5H1BbzTVLnAYaf2Wflac8L0Xqqgxq8mzslYGqiLHEL2uju+StM+Reb0H8e+UkiF4nhEEc+q2djrG1tGInnJxhYh433Kten6/wCWqAxzvKStd0crJztHeq57ZDL7Sut1brDdicrQ9O3aVjGOjkwW7o/UdBHcbd48Qy5ozlZO01jqSfwneuFzb4blg72nv+C1YfB7/aqyO529pyDqbg/dYbq+zuoan5hjdicqR0RePBn+Xkf5X8LYXy3x3CicNOTjYriTr2PB6yuz56+OzEdP3YSMETj5gvRrJVF4hdG/BBHC8ikgls9wLTkNJyFt+m703LWH7jdY9XTuhk6eg1U638cj2CnuMUzYy7ZzThwyrkTOLGvAGPVYOmm1hssZztlbK010FdR/LtOmQdie681fSes0upyi/oKkOYGHlWMZ1HHCzEUjqeYF+Rp2IV/DIHtDxwRlcyyvazqwlvRLqWaos9wog5U6NwezdRH+V+yAvaPc0OaMqO6ma7ILQQeQVKjOQAu+F3wmVz2sVZDKPKuqrXNQ1MzYQQc+Iwjt3T/Bi6k6fdrH82NmHfcLVdVWmeR4qmt1NaMELD0VbLYru2IjEE7s78b9l0qLm3wc26ldGNrLXHJTSUTxqLwWhuPTuvIOoLN/2m2ys8wzpJX011B0+xtU6ogbmKb+a0jlv2Xj3xH6fkobgK5jCY6mP6scOwvXeL12ySTPIeY8e5VSlFHzXWUMlJUPp5B5mEhRi3jdbfqu1B5+bazcDDseqx3BI9F73S3K2O4+M+S0k9Nc8r7QSdqJ4KautW1HNfQUEkojT3QxyngjC0xlgW0shA7jZOztlDGycH47LRCwBp4DwVMsUgdG8tPstXaepJQ5sNS4YOwJWPjxndSNeQMHhPjcZbqY3R2s9NgrYZgMOG/upbXZ3C80pLrV0hGl5c0ditFbep43aWSu0n0JWuM00ce7RSj0bAPJ/JFZIQQFWUtfT1ABa8AlTmEuIPZOUkc6dbi8MsGPzglSAA8YJUFnbdHjJx9k3KQlxJUdKOW4z90cPqoCBnSOyiCUtwpIl1tGpGhLJkVaQR4xU2GQOAGQqxgBOSpEeNt0xCZRyWYcD3C6D6KHG7flSARjlNQqUcEgE55TweFHyPVPDgO6MDBOa7ZGY/GdlDa5Ga5MTLTJLSQeUZr9hkhRA4cogcPVTAvslNkycYTw48qM14BBRBM0dlSYpxySxKe6IHnKiiQFEEoxwoU44JQeiayoYkx2ThMBypkHBNEx4witfkbFVwqYAd3rpr6doyXlRlKOS01e6dqAPIVM690TOZDshu6moQC5jHSFv+FU3gjqb6NA2XCd4o9FlndWNIIjoZfbZQH9SX95/wB0oQB6yBA7Afgkjdh+RnCbJcIIf757W/crDum6kqWB0lW2LVy1m2FyO1XCYjxqp8p75PKpSyWq/wBmum6itsWQapjj6NKhTdVw4xSwOlceNtlVwdP6SHOh1K1gt1PTgYjDT77IpNFtL+kiOvN9rXAQU8cTftujQ2eurT4tbWPBd6cKvu/W3TfTocyprGyTN28OPc/mvPuovjjXyMMNkayna04DtOSlyng0UaK+98Lg9hmksPT1GJbq8Bm/mIysF1J8dqOhjdSdM0wOMjxHgb+mB2Xh936gul8ndPX1ckrnHPmdsPsoTMgBLlPJ29L4iuPNvZfX3rG+X2UyV9ZI8uJONWw+yosucTlxTw0ynACkMpHHBPdKlaonf0+iUVipAI2OyUeOmc4ZUqOmAH08qUyn3AIwglZuOlToHJ/ciFHTZxspUNMNhxlTqehDi0EZz7q3p7QcNIg/NJdno7em8V/Yq6Sgydmqxgt+CCQraltjmNBIH2CsKegyQHMGFWWdmnx0YlRTUbQQMZV5RUGCDp7KxprVHlpbDkq2paFrcHGPZEuTq0aVQ6IVHbRgZareCjZGBgJzI2sxpGE6WaOBuXSBv3RuKXZqUVHseIdI4VNdr/BbmOcJMafflZrqn4hwUf8AIp6gkZIcQvKL51DWXeV4jqHtaT6pNk8cHN1Xlq6ZbY8mn6q63mrpXRQOO/J1LHapJ3F8jy4nuVyCB79nbk91Np6XScuWaUm2edvvlqJ7mwUVLqI2UxscUTcuwEJ8zIRgKJLV+JsCoJclELVVYjOmF2VEYXyndcERkdlTIogwA44RxjkTKWRRx6dyMLjsudgJ0r+wbhMjGkgnfKdGvIic8B2YYASEyonEbCR2XHzhhACjGJ0suonAK111s5+ovAtbNVSZcef0ViyBsbQ1v6+q7BEGN2GEZaoxwcy23LB5xwlod6LrWu1DZHAGFphAQ3gYAcog4SwF1MFSeRyWAku4yoQQ3RoqcyEdkoINZy7gKbNNS00YLdz6BBKeOh8Ibu3wKWWOkh0twDj81R1MjpTgnvlHmqHSyFzj+SERlApZGzntWER9PuiMZqTzhu7io1TXwU8ZcHaj6KpS29i4x3M7USNhGSRv2VFX3EOJawbDYn1Qa64Sz5wTuoYz3XK1Oscs11m6mrbyMAOr1RGg44XQzcHCI1g2zsscYuRo3YBgEoscRf8ASMlSIaTOMjlTIqeGIAjujjXyKnPPCIcFE8nLxspBZTwDblNlqyH6Ijt3QzmTco8YFNscZ8nDRlda0u53SjjJwpMcJBToRzyRvHYFsJJ+n91IbB7KQyIbbI4jbgLRGtCpTz0RmxBvZFEeOyfp90/T7o9gtzwC0j0SwEQnKa9zWjlU+C+ZDCAOSgveD34Q6mdrO6qaqv7bpVlsYdjK4bidU1TQNiFXy1TnkgKDLVPkdynNz3C4uq8glLajvaXxrsSbJkMrg7POVoenqc3CqbCQdI3JA/ZZ2kgdUP0tG69p+HnTEfgxyCmJLsElZY3fJyew8R42V9ihH0bTo2wxwUjHmLBAGNltqen8MDyfuhWuhFPA1unGFY7EAYUnPafVdJpvhionGYaOOFxz9ZG3CcThNYclLU93J0YxwFa0ac4XcZ3XQMbBMcW+qqSLDaw0pskrQ3OR+qA44BJPbO6xPU/V0cOaOlyZNxseUHIjUaiOnjljetusGQA2+gfmT6XOCyNttMlS4zzSnU7ffcrlFa6iqqTUVPmc7ffstTRUrYWgBoC1VR5PL3Wz1E90mMobaxmHOaDp491YRtDc4TmljcAJ2oLdCOELxgZqK6mE6yBhO8WOIZkdhHkpvBwZ5xsEOsroomgPwPzVdXXzRrgg/MqjnqpJzuS4+5QZyLyWVZdXOyI9+ygwiepf5ycJ1FRyvdl7dvdW0EDYcHT+6tAv7hsFHoDSW4UtoDRgdl0PyAMKM+UMz3RYReGw5e0DchQKyrd9MYyV10j5DjhNZSueQSg4GbZS6IOuqe4+LwU9tO93DFaNocgZH7orKTSRsFTaGKl+ytbQSkZDDhEbRhpzjCtmxYbjCGWY7oNyGx02CA2nDN9tkiQBujVDgOCquoqDnACjkipVJEnWwuxt+qM0taAcZVXqdu5DkrpsaNeELmkR1km4VTYW4xnKqRFPcp2xRt4JyVLpbfV3KcRMJcT3xwvR+m/h9Mxscs7WNHJJ5KzW3rOB+m0FmqliK4PM2xEkagiMgGeE2WqpWNLtY2VbPfmAlsXI91vk2zxCshEuWxsYMnbCBNcKSEfXnCz012qJjhp2KCykqZnZIxlVlE+b9FtPfgCW07e3qq6oq6+r2aTgo8VscAC7spsNM2nA22Q7c8i3Ny/JlKyhne4Ofnf3U+ns0BIdMAVOd4Y30obqj8IHCqVbkDGyuD7DwUdHBuxrchPlkjYRuAFDfK4bglDdITjJKkdO32VPUOP4kw1e2InIHzEhJDngqMXgZ3QjPg4/1T1p1HkzW6uX9TJrnlxy5DMnhj1wo4lLjgAko1PbqqcnV5B6lNjV+jiarzum0+VKWWDfLknshBzn7M5Kto7GwkGV+fsrCmoKWIbM3Ceq0+zzGq+rJyzCqP8A3M7Hbayd3nPl+ysqewU7QC85KtywN2bsEgMI9qR5rVeW1WobUpNEeOnjhAaxo274Rk4jK5p91Zhy32NwEsBESUKwDICYQcoiacKEwhiCjH2QxwqyWkdJAGSoNXWxMHmPCkVJOnAVPLRS1Em+SEEpYNEEkDqq01BDIj90xlE+Qhxzv7qbBbI4sHG6msia0YwlSWRu7HBGhp2MYBoAwj6GjGNsJOeBx2UCtuccIxndC3gpRc3wTZHCMZJ2VXX3iBjdLDkqvqbhUVIMbXYB791EjpHyOGePVZ7L1A7mg8HqNVjKOTVVRVPO5IIxhOo7e76i07+qn09EIxu0Kyiia1o8uFy9Tq88I+l+J+mq6IqWCBT0bRjy4U+CmAA2TxHg50ojQMYXIsslLtnttPoo1rOMHQ0AYS2BXTwgamjJyszbk+TakohycKPJLlDnqBxHuUOJk8hzJx7I1ETZNf0hdTn7BOipmh4keM44CKxrI26n4wO5WW6h62pKXXS28mV42JHqmwplJ8HM1fkIaOO66XBpbhd6O2Q+NVyhgA7nn2XnN/6zrq6Z8VC90UB4z3VHW1dfdJfmK6TU49kLwyMLfTpvbPA+V+oLdW9tMmoHPM7zP3J7roZgg44TwBhdDfQLbGrHR575HJ5ZzRxspEbA0ak1rRjPohkknCcqxUnkK+bhoamgOO5XWR8Eogc1oON8KZwCmdBA7JOlyMYQfFw7AC4N1N/ISQ4vcTlczlcSRIoSSS454agbwRLJ3YDlAmnwMYCZNUHOAFHLS8rPOTkPjHA1xc5y6I+5T/Dwd0QeUeqqMN3YyMsDQ1oHC4CAMAJ+r2THInDBHJnEwZHdPXcEpbhyRSaBafdEbGARvhEEZzxlEazHKZGCQuduehNbhqR3T/KAglucjPKMFNyOk490Fx1b8YXXEtOecobfMccKDEPLzxhcazfJCI2MAA90i8N2KhM/o6PK3dAml7JSTeiATlGOSEST3XW75XAMnCnUlKSQSMKJZKnNQQOnp3PIJGArWKJrWjthdjha0A4XS7O2OE6MUZpT3HJBjgoUn0pxPclBlIJGCj6BQE6teyMOFwAYTkpy2kEkkutaXIXJJZCWZPbHsaGE8KXQWqprphGwEA8n0RqWiOWufgk8Bb3pjp+pqSGxtDScErHddjg9R4nwjusj8q7C9PWJrGsoqKHzfjdhet9O9MRW2Fk9Q1ri4d0XpfpuC107ZpoWkkdxufdB6k6oij/3KkO42JHC5112WfWNDoq9JDZAb1H1BDRRGmpXYxyR/ks5baGpu07qqqd5Bgtaf806goJbjVulnJcBuB2V+Gw0kYjjaBjkrM+TrVRyOYxtOwMa0DbGyWsgZTWkyZJUWomOMNGUtvBpa2oVTUkHS3CjRsfK7J7o0dPI92qQbfdSWNa0ABqoU5MbFTtGPLupzI4qeJ0sztJbwPVdbDDBB49TgdwMrK3rqGSqkdBBxjCjeCpTxwh/UPUJ8P5SjOC44JB7KigpnVDhqaQe5TqWAzEOIzvjK1Fqs5c0OcQ30VRlklcHY+SLQ2xjWAaMFa+w9NuJbUTtGCfKCi2qzxRvD5cHAU+53eOgpzDC7BA7LBqtV3CDOlTpsch7hcILV/Ie3MgH0jsqWhtV16jrXveMQ/hPbC7Z7PW3ur8acuLXHJJ7rUVNY22tbaLQ0F5GHvHquPfqM8HSpq54Bzy09mgjtVqja+ocMOcBwhw09FaCZptUlU/d2d11gpLTFx4lW7dzic4JUi02ma4zGoqXb8jK4mpu3HTpioo7bqarutSXkYZzv2C09Hbo4BhgGQpNJSw00DYomBuOT3KINthuVz5S3Dc5AmPSfRZ/qPqentX+6wu1yOHZc6r6qjtcZo6YeJVOGC1v4Sqvpnpeerc25Xtxc/Vq0O/+XhKksBpisHT1Te6k3e8EluctYe62sbHRtEMTWtY3sAiRtZEwMY0Na0bAIVTUMpovF1D1SnPkOMchHAY3PHqqioqJa2b5SmYccOcutNZdJzI1+mId/VWcFMIfTOMZVPnkYsQOUdvp6VgaGguHJKO/DRknZNc4DfOMKlu180A0tL5nn3VqWCPnsmV1yp6SPUXZPos1WVM9wl1yOwzu1ObDJOQ6ckuPZT6W0TTOG2gDur7F4wVUNpkmflo2791e0NhhY1rnA5VvR0jYWBjGDb90eWop6KIyzYGP3RrsKUsAxFHBEGtaGgDcrM3/AKrhiaaei/mO3DiCqnqXqyornyUlE4xx5xnvhUEQ1bkpq6EN5HyyyznXKTk+pQ9PupDY8n1UmmtstVK1kYO/JTMlAKOjfVSaWg4HK09ssLGMDnODT2yrChtUVFE0lo2GfuVysuMUIxHhxVuWCD5Xw0MOARtx7qqkrZZzh3CjzzyVEmXOJXWREEZ7oW8opJhms1bn9UTgJM2ACLHBJPu0bDlKbGIjmOWU4Y1TKGiJcC4cg89lNo7eWgam/up8cDIsHZLlZjgOMcgIaYRAEbok0zYcMa3U88D1XJ6kAlsYyQp9mtDi75yryXE5APZZbLcF9HLdbZJHCpqG7dgVcRwnYYwEdsRJClNhwB5f3WOy1sWBjgIO7f3UyOH/AA/unxxNA4R2sCzym5F4BNjAGMJzW78oun3S0+6AW7DrQ3TwkQD2STmqN4QLlkbo9l3T7IqSX8gaeRi5gJA5XUQRwgJhByiLmApggBcJwMohADSSeyy95vjfNTU7jngkFPhW5MtskXq+CkkEMRySNyFlaqeWqlMkr8+nsuPdq3c4n7qJPUaQQAulRTjkh2aYRjAA4UCSV8pxwk97pnZ4UuioZJngtAWvCii9oGKke/zYOFfWiy6cTzY/wtKmW60SNbqc0bKzEWgb8hA5+g1D2Djp2xjSO/dOa0O2Gyfo1HhGEeBxylN5KyCERA45TH4bjzI0rxGFT1VYHHSzKJLIcU2SKurIGG4VRJK5+S7hF1OcclDjiNTOYwf5bRl/3RxjgNA4qd0zgXBWlPThjQCOF1kbYsaW7YRuQiRUXgG5mNsZylDE4nhGjjLjwpI0RtxgbBQLfngiloaN9sKPUVscTSNW6FX3BuTHEDtsSq3zyO1OOU6MMipsU9TLO45OyGIgzDscopYA3OMKvudzio4w94yTwFsqqbM0p5DVdbHTR6n424Hqs/VVMlVJrefsPRcMk1W8zSHY8D0CFIceVm7zwPVdKigROZ10ug6e5XaeldNIZJWkDsiwUg1Nmmblw5U3YjjhbYV4Et5AsjaxukBdw1deQM5UUyAZcT+pWuEMmWbQWSTw+Vmuoup4KOMxQ4dNjYAqH1H1Y1pNLSNJcNi4FZVtJPNIampeXvfuM9gttVGTh63WZlsgCq5am4zGaY59B6ItLSk7acFSoqfGBpUyKJrO2Fvrr2nKtza+QEVHG3BcM+imQw9gMJ8cD5XjGwG5UkBsTM84WpYRUa8dgomBm5CbJJnYBOc2WUjS3Yrvg6W+blTZuYM3tAnJ3JQg8ZwAjOZjPdQa240lAzXJ5T23WmFLZivvjXHdIJNMIdzgfdY7qXrOGAimiZnfBIPKouqOspqqd0NM844JB4WPdNLK/XJIXE+q6Gm03J4fy31Ko/6dLLS5XOe4SF7nEA/sojMnZDZlwUqmp3vO+3uutXp9p467Vzvk5TY1sIcR5f3U6GiDQCiwUZ28u6nMgdFh8mAwd8rVGrAjewFPSAnYIkskNC3L34Kh1d1kLXwW2PVKDgOzwmU9sd/2m51Bkcd9PoiaSJnIJ1bW3Cbw4mjwj+JEbb4KV+tzQS7kldrLpRUMBMTA3HACzNZd6q4HFOC4fdA8LsnPot66+0tM90DXbgYCz1ZdayqkLIZCRlSKW0yVr9VVGRjfJVnFT2+37vDc+6TKaQarlLllLS22vqyHTk6T6qxitNtoMPncM+iVXen4LKZmkeqpZ5ZqlxdPIQFntkT/AG2WlRe4KTMdHFj3JVRUXGsqs6pCB6KNLJRRjU95e4cAKI+vc86YW6R3ys7m10LlLPQR5cH6nHJKbrLkiC8anndITRxHJduo57hLXJzwpn/SCR9k75UOGXnBCXz030txhMDpZPrchyUE8OPONsfdFb8u3cMGfuo7Y98kp4aAqTwVkNlg4alqb/SmZHqu5HcotyI3wPw30SAjB8zdk3xoePE3XPFaq3pAchg6jA3Zum+T8I2Qtl3IVqaLH6GJaGJuT6pZPqrckijgiblPMDMZ0pBwCe14QtpkakA8Fo2wmmkaT6KScDulkeqjhkrLIwpfdNNNjupSZq9lXxhqTIjocdsoBiO+yn6RnOEtI9ELqyM+RkAMcF3BUxsbfRMdECdlWwnyEVMUsxYTPC9ApsLUskfA9E4OITyxw7JaSh5RbwxGd7OCiNqpjsXbIJakBhTLBaiyU2oJ3JRm1AOMcquw5dBcEW9lfGkWrZMorXNcMbKpbUOGAjtqjjhGrQdjJ/hBwyMD80IMkactGcITakAjCO2drsZCPcmBtY7xsDTI3ZNfDS1A0xv0uKK2OKUAOG5Qn0b27xtyFbBzgizUs0XPmb2IQAcKc2smpz4b25b3DhlEEVFcNopGxy/oFShwHGWSuG4OVIpqyponiSmmfGR/ScJtTRT0p/mNy3s4cJmr2SpRyPhY4PKNJT9R09dGKe7U7XZ21gbq0sl6vvSNU25dJ3eVjc5MbZMYHf7LDc9lIpa2emOY5CB6JEtMpHQ03k7aJKSZ9TdEf2nrfcQ219f0Laad2G/ORM0wH7+i9bhhtV4p219jurXMcMh8fmA/dfB7bjR1IDastid6gbH7rR9J9ddV9D1Iqem7kY4TgmKNxMbvu39f1WKzSbOUe58R9WrPx6h8fs+v6hlVQvAqqeR0Z/GwZCcJ4HnET9R9O6wXQn9oCzdRNbQdQ5pK52AC7eOQn/LsvRqm1UNXEKiJzoag8vacA+myxyqkj32i19WqjvqkmgA34SAwodTPdrMdd0t7paUf/EUzcgfdSaKspa9okppQ9rhkEHkJeDqRmmPUappoKmJ0VTG2Rjti1wyCp7mFpwRgoRbtyrUmip1xsWGeZdRfC6nqHPnsULYicnwifL+S8wuNpmo6h9NVRGOSM4IIX0wG6Ttsqy9dP2m9QmOupWudjaQDDh+afG1rs85r/BQnLfSsM+Zn0Rp6j5ilkfBNyHsOCCvQOlPid4kkNr6jy2ceUVGMMcOxPoU/qb4d3O2udNbwKuA7/wD0Qff1WDrqMntjPC1V3yi+GeH1/irKJYsie9SSW25U3h1cEdTBIMEOAc0j7HYrxrrz4SVVkd/HehZpHNJJko8as+mn90TpbrWv6fxS3EvqaHg5dvH7tXp9svNDdIWz0c7ZGO30k7j7hdKu9vs8xq/H7u0fNsd8p66PwK+IRVDSWvGMEOHqrqy3urs0muN5np3DeMn/ACXqHXXwo6f60jfU0oZQXIjy1DGebPvjkfdeD19H1P0ZXG19Q0rmFrsNfjLHj1a7utsLc9nBt0cq3mJ7Narnbr3TB8UjWSHmN+xCfNE+jcHhpLV5bQXI4bPTylructOFvbB1hSVQZQ3R7WPxhr3cO/8AVaE8krmocTLqN7ZWhwPKdiem/nRf+ILs1tlj/n0bw5jtwEoJ9f8ALk2cNt0Sm0OcIXLLJ1NUtlaHsdh333CvKG7zOLYpTqA9VmBA5j/FiOPUIzKl+cOAWiu7PDPO+R8LG5NwN3SXKopnCSCQj2zsriRlJfabWwNbOB5m+qw1uuYeBDMcZ+lysIqqSF/iQyuaR3BWmMkeS1GlnpZ7WiJc7a62VJk0YB2KNbLxPQvbUQ7gctzytB41HeqYQ1RDJsY1Y5WYqaKW01LoJx5HHLX9k5YksMS2n2ew9LdWU15pmRukAeNt+QfQrTGPAGy+fqS4VNoqG1dKTjOSAeV6x0l1jTXqnbHLIBIBjc/ss9lKw2ZLav0apjdt+6DPRU9ZA+mqIg9kgIIIRGPxnZEIA7LntZ4YqE3W8o8D606FuXQNxfdrO109rmJM0IGQ33Cr7fdjRSR3e0PJY7d8YP6hfRkrIZoyyVjXscMEOGQQvDetegpukah1zs8DnW6Ql0zBxH7gei835jxe+DlX7Po/019UyqsjVc8NdM2llvdLeqZtTSvw/wDGzu0ra2G/Hy0tW/cbNcV8/Wi8yWioZXULiY37uA4wvT7ReKa607aqleA8DzNzuCvknlvDzjNo/SH0/wCfjqK0rHl/s9fhma9g0/5qHXUWt3zFP5Xjcgd1Q2G9hwFNUP34BWmpqho2IyvJW0uuW1nuYWRnFSTI9HcSzDZNnBaGCZlVDscnCzVdSGOTx492u3+yfRXCSlcDvj0WOUMht4L5niU0oI4PIVtDKJsDIBUBssVXTtkDRuM7JsDzBICTsEvmLES+4tpaaKphfBM0Oa4Y3HHus/DTsoKh1lurNVNUghkh3Cv4akP7YXLjRQXKm8KQbjdpHIPsnVzywemefWyef4XdS/ztbrLcDiRrdwMfiH6rA/2k/gbbeqLG66UsEckFXiaN7BkZHp6cr2SekF4oZLDcnCOVuDTzOG3fY/dVvTNe6zynorqaEPt0pLI3OGdA7L1PjdbKeK32c3U6bYpWRWU/yX7X/wCw/IvqPpu4dLXaa0XFhbJGe491XM2zlfc39rL+z3hk93tNMWlhJ1NbxnJH+RXw5JFJBK+GZpa9ji1wPYhfUvF6+F9W32uz4/8AUHh/4F/yQ/258p//AGCs7KREd8+ihs+pSYT6rs1zbZ5ecU+i0hccc5UuN5wFVxSDYKZE8HT+a1KZitrwWEb3cJzjjdAjOSnuJwN1aeTNjBOoasxyB2OFroptcDJyMkLCRu04OVqbFWtmh8CR2+MLVXLDOdq6uNyNJUky0Ot3fdZCtY4VBI2Wpp5DJTPpyclvH2WfrmgTnZaJ9GOkiDhccnJJJtAvBDTlRHbHKnyAEbKJI30Cz2rLDjJki11Dm1LHNON16ba5jNTNOoE8LyiN5icCOVvulqvxIRG925GQvL+Ro5cj330/rpTgq2XV2p9dOXgbqhew8O+y1H96wsIzlUNfHonLcYXm7I5Z7qmzCNx8I75PT1b7U9xdG7duTwvcKZ2O+V8vdP3CW3XaCaF+Dq3+y+irDXmogifIQdbR3XlvI6dqbkj2/hNS507f0aiGQ7DCmMAIzlVsUrdtwpjHNO4euHbHDPS1yyHyUslcH3SSsMaebfFKiLHR155BAaQse0uexpPoCvVeuqJlbZJIycEAkHC8soYnGENcc6dl6DQ2bq8M4GrqxZkqr9AyWkJLdwvNL1Qljy7ThetVkGrkbeiw/UNu0PeNGe4XqPG6vb9jPBfUWglanNHnNQCMhCieWnOd1Y3CnLS7bhVUvkIGV6aLU0fMNUnTZwbvpqvFXSmmmdkgaTlUF/t76GuMjG7E5UWy3J1HKHjcdwthcoIrnb2zxgEluUm6nJ2NFf8ANXn2Vtnr3ljZGPIexesdH3Y3SmNPO8F7Rt7rxGgkdR1RidwStl0/eH26sjeHHSTuuNq6Wmes8XrMNRkazrGxmVjqiNmHM3WXsdc6OXw3HDmnuvUx4NyoRM0AiRgyvLOp7dJarj48TSGF2dlzZrKwdyzMLPkj0ei9M3giTwXvy13qtxTTG31MdQz6H4yvF7LcTLAHsGHAbr1bpi6Q3SjFJUkMkaAASeSuRq9P9uUd7x+p3x3G8lnjuNI2ohI1M5+ysLTM4wgE5xwsvb3S0M3gykGN4xkcFWFHVugqPKTpJwQuDdDPJ6bT2muZIcbd1yVhyCEGlmadxg/ZSiNbNlhawdBYwDZgYUpqg4LXlqmRnZUKmhk0DZWGJ41BwwvN+qrC4vfSvbhzcujeOxXp2CeFTX+1OrYvFYB4jR+q0U2bHyZLq9xgKSonuNjLQ4fNUOWuz3AXL30zSdV9LyR0rQZCCdJGXA+yiRzOsd9DpGnwag+HIO2VeMeemL4yocfEoavBZ6DPZdnT6jHKOVqKN62nyff7XJQ101vq4chpIyeD7rzfqG2NoajVEzDX7r60+P8A0PDH4fUNphDYalgf5BtnlfNt7oH1lO5rQNbB35Xv/E66M4rDPmPn/DycZwa/wYFwOSV1rT6Iro5IpnRSx6dPf1S0j0Xqq5qayj5hKLhJxfoaug9lxJaELCAjG5Xcj1CFkpYRqeCsBmnBRQds5UdPBwjVvIDiSPFOOEvE9kLV6pavZaoW8C9pPhutXSkaHkgdiVobZ1mWaWTZ9DlZIuyuJ8bX2Is01dq6PWaC/UtWBokGT2yreKojfx3XikNVPTv1wyuaR6FXFv6ruNO4FztY7glaa711I5uo8bnmB64Hatx2RozjZYu1dcUEmltU8xu9CtHR3q3VjiyCoaSBncrTG5ejj3aW2t9FyxxxsVJY4+qgxnONJypTQR6piaMjTXZIEpyjNedlDa/zYAUhj9uE3OFkVwShLsiteSVD1eyI1+OyJTQtpY4LBjhjlFDh2KrxIQiCQ5RqYtxJus/1Iur3UESHCL4v3UcsE5JYkIRBKQMKGJMnGETWFHIWTPGPoiCQ5UIyA9k/W31V5AJwkGF3V7qHv/UV0SHO6mUTBILR3wloaeQCEIvJxhPjeDsSP1U3g9D/AJem58MEpgp2agQ0DHsitaSMjJA5Kc0MJHmA/wBEEp5LWX0JlPqBw0LsdO7JJ4UOv6q6dswc2puUORwGnJWMu/xkgpy+Cz0YeDzI/v8AZBuQ6rS6jUcRiz0YU+Rk7Y7lQ63qPp6zwaqm704kbnLQ5eH3r4l9S3HLHVjomO7M2WXlq56pxfPI55PJJS3bhnRq8TJPNrPZ7t8cKKlLo7NT+ORtqdsD9l59fPiF1Jfi5lRWvZET9LThZbOOBhOZ90ErWzpUaGmnqIZ7nPJL3Ek9yUBzRnkBSoqaec4jYSrGnsHiYdUghVO2K7Z2NNobLv8AbXBTRRGQgN3U6K1zuwXN2VxFbqalwAzJUkxl+GsBSnYn0drS+I5zYioZQMiAw3dSI6YOIAKuqWy1ExBLdirikscNPh0zEpybO1T4/C+1YMzDa5ZseE0q3orKG4NQ39lfshgh8sbAEZlI+Qgce6vJ1adDGPLRXw26nbjTHuFPgp3ZAxgBTaa38HH7qwZSMZgYUNtdCj0V8VEXYyOVY09vDdLsKVDS8eXhT4oAwBztgFDTCsBTU+BoAUpsOjcqHX3m22uIyzSgYB2yvMupvisGvljo5HZO2ytzSF6jVVaSGZm/u3VFstOvxpQS3j3XlXV/xJmr5XQW55A3DjlYq63q6XecySVB0ngFBgonvOTyeUmy7PB57U+TndHbHgY6apqn/wA1xdndS6SjJcCQpVNQhuMhSnubTt+kFIcnI5Si1yxrIo4Rkn80Oeria3TGclQqi4h5IBULW57s8ZRxhnsB2Lok1FU55wO6FDG97slPjgLiCQpscAAG2E5Vi3LJyOMNA2RXPDcAbrriGDA7oJOk5ynRrETuSHlurchDlcBgJeMd2tGSuRQSOdl4IytVcMnPv1QwRukIUxkIABSawRgDGcp4Bzla4QwjmzucmcAOoEhEHCQGE9HjAtsWAupJJomUsiTk1ORC2JSKVms5TIKeSpkEbB9z6KbVGnoYWsAy7/Mpc5Y4NMIZ5FJJFSRajuTsAFUyy+K7K5PVCY78dkwEHhZ28hvk47ORgpwOASVwkDkqmuV3O8EB45KCy1V8lwrc2S624RRZafRZ+omfPIXOO3ZNfI+Q5e4lNWC6+Vns3V0beQeM8lEaPQJzY3u4CmU9GTpL289spUYZ7GOSj0Cig8QgBm6nxUTGAOc3hFYaaBnGCotTWySAsBwPVHlRE5c3wFdJGzZoCiS1LjthDbqJ+rKe2Mu5Ci5JjA0Eu4HKkxxE42XYaYkg4U5lOMDbhPhX+yp2JdAoacA5IUpseDnCc1mkDCKWEgDTx7rRCGDNOzKGgNA4TtXslt6JafdM2i1LJxdG3Oy5kDcnhRamqDBnHCGTwEothpZQBnZVdXX6c4IPsgVl1Ay0KkmrHOcdyubq9bXTnk6Gm01lsksEysuTj5Ruq5075DkhcOXHJCPFEHb6V5m7XWXSzk9HpPGRrlmSOQxk7kKXoGE1rQ0YAUyhoZa6YRRjvuVmy5PJ3KNM84gjR9GWB1wq2hvfGV9I9IWZlBRR+UB2N1gPhr0uKZrA+PzbEu9vRev00QhjawDGFrqltR9G8L43+PXua7JTGBrRsmkgDGVyR+w3USR+eCUU5bj0cVgM5+TgLp2AKZC3LQ53dEc7jZTOBjeBCTse6FLKGb5GEyaaKLd78LGdUdURxf7rSkuO4JB7ozJqNTGmOWP6q6ucI/kqI6XE4cQd1kqOndPL40wL5HHk9kyjp5Z5jNKdTycnPZaGjpdABc0D80+qvcect1UtRLdIPQRhrdxyph2GxCE0BowNki7HdaYpRE78PA/Uc8p4e0N8x2UR9QGAkjYKmuN3z5ID9019AOe0up7rTU2xcCVnq28fNOJY45B2UGSodMcuTIYS52w/RLeWxTk5dD2vmmfucq0tluL3GWTsNgi0NsLA0vAJO/2Vs2BsTRgIopjYwYyNgx9kTIHcIbniPIG+VGc9z87KSlgZGps7LUODi2M7dyhta+QjJRoaZziNTVNio8AHAQ/KaKtPnsBDSasHCkspsYICkRRAY7Lpb2ylytwb6tMl0gOkBEw30XeE7IIIys8r2zXDTRfY3IwQolQVJLTvugvBk2Q/KH/Fi+yuqC53dQTAXOydlbvgMo23XKS01NTN4Xh7FLlqNpS8epdFNI0t8rW5J4V7090HXXb+bUARN5ytp090RSRD5mtj1E8AhbWmpIqaJsUUYDQs9upbNml8XzmZQ2fpS2WiMCOFrn43JHdXTRoAA2HonySww7SOwgtc6pcXMbhn4T6rLK9yfJ6DT6RVrED5IbFWTEB7Tjvup8NqYACRv3yrQfLRDIAbsgSVjRtCvVrMukfnltReWxrLdTx4c5qOG08A1NAz6KK6d8n1FMcNWN+FSreSpXLH2kiWqLTlmEI1Ej/qOUxxa3lyEZgOAmqGDPK9+w7pSRygFxzuhyzOJAa3KLBR1dXuItI90aikcjV+X02nzvfQnS4xkpmt02zW5PsrOGxagHTPzjsFY0tBT02C2ME+pTIwPN6r6tlJbaV/3KGO3Vk2MNwrKn6fa0B08gOeyttONwMYTxsMJjgjzeo8rqtVLM5EWloKWA+WMEn1CKYweNkcDHfKRGUyMMGKUt3ZHxhdRGrqghiSSSUIMSSSUINSSSUIMPCESeEQkcIZ5VMJAicnJXEk7T7oW0iDZGg4JSaxjRsQk8F2NlFqZmwtGo8rLNja22GwPXhQ6qsZG0jIJVfVXMvJZC4j1VfIZXkEuJQSntWTuaLxVupaD1Vzm1Yj4IUKTXUEFylxUjpCNQUuCj0EHCwX6vB7bxn00lNORDpKEuxqap0dM1h+lS2QtaBgIulu23C5d+p3n0HQeOq06TwAbDxkIoAHZEwMIbjjJXPsm5Hail6HaQuEY7pnjtzgqNNVue4tj4GyUotvkOViiuQss+kEY7KCXSTu0tdpARY4nTOy4qW2niYBgY906NbZjsscuU+CJHAW87kodddKO1xGWrkx6N9VT9R9Y0dvMlHQOL5hsHjgFYKetr62Qy1tQ6Uk7AnhaqdNJvk8v5X6hq0sHXS8zLi/9WVV1eW0j3xU+SAM4JVE2PB1HcnkpxAwANsLq6FdO0+f6nW3ayW61nQBjcbpYC6nNWjZgzNYWBhi9k52GY7pzjkIekuOcpyiF0dz6J2Am4xsnoiIcSQENziRuioKS47ihmd8J4b7J3h43Ts7YQyjtDG6fdcx7rnGShySgj7KOaQS56HyODBzlQnzFxIxwnvcShNZk8pEm2y4rAg0uO6IBgYKc1oATgMbBWoh4yJNTkPV7K8EYhyu85Q8FOBOeFbWSNCA337ojcAZC4wDAPdOVqKI45HEgY2XJHjTpTXu4QXuI91OhW3LHOkOT6rpGAd0IHGVxzi844UHqKwLTqcR6J5j0YKQbpGccomxAVJYI3gZwECQ9gUSU54QCfVEFGORu6Q3TkehpJZZRgbKJZLb2o5S07nyAFuArmKJsQCayFsTRtghdc7Vt6J0YmSct7CEjHKjHlLJ9SmuOAj6AwNJQXnJXXk5IS0u7BBKWA3yEanJrUaNhzlA5YGV1yskoxQ1rHE4wrGlphHh2EGJrW48vC2vRfR9bfJ2vdATDnGD391iuuPU+J8Tmz7vyOdI9MT3Soa9seoasDI2HuvdLD05S2qmYNDS7AJcQi2Hpejs9KxrI2gtaol96iZTtNHTnzHYkLBZbuPp/j9BHTQxJcjOpupG08RoaN+X8OcP8llbfRT19Trd5jnJz2RKejnrqg4y4uO5WgEFPbaXSBhzRl3qSslksnXhA4Ay3R4B1E7LsUXifzZxueB6J9PT/NPbI8cDIygXS4siIhjBPYkKjZCOEDrKpkY8OM87bJUcEkh1uHKbQUL6mTxHjYb7q3EIYBhoCWFjIARYGAn4go4jU1JGQPKEqiaOmjMkjtgsfd7tLXTHS4ho25VSeBMnwdvnUE1a90EBIaNtlX0kPiHzZyuwQGR4a1uST2C2NpscTIAZowCdwO6RKZKqnYwFotDWhsjoxxsP9VqLdbgBqcAMDIBXaWmawBoaMBFrK1sLQxh3IwViuu4xFnVp0+3DOXC6R0kRjYAXu22Uagtjq0GWpfud8FcorW+ol+ZqTkndrT2WgigZEwNYMY/dci63B0q6glO51FTtgpnadsEqOyVtIHvaAZXZ8x7J1TP4QwBuUO3UFRc6kMjB053PouZfca4QUVkLaLdLd5mzvGX58zjwtzTU0dLG1jGjIHPqu0dDT0NOyGFgbgbnHJXXuz3wuZZZuY9BQ8YwAst1T1XFbGGhpHa6uQENA3wl1T1THa4TTUrtVQ/YAKr6S6anqaj+N3d2p7zlurslPgJHemOlpJZxdrtmSZ/mAccrata1jcAcLgY1p0gjHbCZVVMVLEZJD9gglPdwPjH9nKmrjgYXSHGP3UGCnqK2UzSAeEexTqalluEvzFRkRj6W+qt2tDQGtGAEG0Z0DjYGDS0YAXZpWRN1PcAD3KFW1kNFF4kp2WbmrKu6Tuc3LabcBp5KFywTvlh7jdX10ppaE+QfVL2QY6NjSPDbqKLSUWwjgj8vdXtDbo4QDjJPKtLJTZCoLUQRNLz2b6K8gg0Yz3T44m7bAY91SdS9W0FkjLD5342AKNPAtvcTLzdqSyRukmI2GwzuSvOLrfrheqpztTo4uwyoNdcq271DqqpcdLvob6BMZlqZGOQXI66PfnJRIonk7BEihMh4yr232pwAc8AEjYeiYCRaC2TzTNbo25JPYLU0tJFStGgDI7rlLC2Bn04wq26XjGqmgP8AzFGUSLleGsb4UZzjYkHlUvnmOooLGue4FxypcYDeyGUsBRQowAckKRqBGAE1kWsjAV7arQSwST7E7gY7JUpYGRwQ6O2TztD3ENCuoKRsbQ0AbKTHFHCAMbBDnqYA3ynhZ5zyWNfoibnsoMle2UmOnJdJ2AQpKie5y/JUbSST5j2P5rT2fp+C3ND9IMjhuSM4WaUys4I1osHFXWbuO+n1WgihyQ0DAT2wOGMjOfdTYafYHhZ7LMi3MCynDQDhGY3J44RjHjGycIxgbrNKeOwN43w8AbJwaQnhhC7gpUp46CRxJPSQgDEk9JQgxJJJCNHpiemJpDhOEOWQMHZKeYQty7A+6yN56gFQ51LSkgN+p2eVqqqciBL71CZC6jonEHh7x/ks68jknf3TnOby47qsq6sPfojGcLoV1JED1FTpOG4Uc65hkNTWMdIQSCc9lorZZ3YDn4yVpyqy12QrZZ9bQ+dnO+PRaakoI4gMRtAA9EelpmRhoLBkI8jmsaAAlynk0JLAx3kwAm4Lt1whz3AqREzTyEIQGNmjchKedkLckhKomZTt1HvwFTVVW6dxDSceyFSyUona2uFR/Li/NCgpi46nclHpqBxw9+N/2UmRjIGj2TIvBMYIM0TWvMaJTxNjGlgx6n1TDqfIXFSqeMjchMRY4Q5GeE5rNRBxjCJkZxhDmnbTtye6mSHXvbDgEgEqnuNc+pk+Xpzho+p3r7JtVO+aTYkBJkIIGBymQjlis4I7YyfdFDAzzHui6RGMlZ283sOJpKV3n337LpUUbhE55WAt5uzYmmCnJLjyVRxtfK7VM/P3KaA8+aQ5Kc1kkmzW7LpVadLkzSYV0zcCOJuw2JRYafHn4d2PouQQMijDdGD3R2j0W2ENpnsmLT7pwOASuEgKHW1sUEZfKcD7p0IZZndiG1tW2IbkDZYq/wDURncaOkJ2+twQOo+oZKyY0lA4+jnDsFEpKEsw5zge+V0KavZxdZrN+a62R4adznBzhkjJVgyLAAA4RWU2QMNx+alRRDZuNwt9cUjmbWyM2EAgYUqGmY7BcE8QjY8YXHzObiOMeY9k6TwhmzHLHHEYwBymiN8jhq3Z3HqiNjJGp5XHTBo0wv45Ugm2LsmkPe5sTSGjKiGUk5IwlLUBhIJGcd1i+res4KBhhgOT3wVvpq3M5Gu11WmjvteEWl+6jgtkb3CUYxjOeSvKeoOpqy7VB0yubENgAeVDul5muU/iyOODwM8KCSCPRdajTZPmfm/Py1G6Fb4E9+eeV2FmojbKdFBrcARyrejtuMGKP7krpVUKB4+Vm95A01M5xB0q3pqXSAdOUSnpmxjztAxyoVTdJTIaegZqeNlrUUh8cvol1dXT0UY8V+mTgNCrnxXS5P0k6IRwc8qRT2wOe2prpQ88lvoVGvF+hoRpgePLtgFVKWwNJ+yW5tJa6cOJAe3v6rO3DqSWolMMAzhRM3C9TkscdHJ34CtqCw08ID5ufskSsGwg5FTHSV1e4OlGWq0hoYaEAhoBIU6Z1LTs00/IVRPUySOPiSDAWeyzI+MUglTc3Nd4dO3YbEqpkL3Sl8smcqLW36GmJbA7UVQzVNfXTF7XYB7ZSG3kqUsFxVXikif4TDqIVXPW1VVJ5W4aUxlFJHh85T3VFPE3S12Sk2L3J4ENtijpQTqkdj1T5XUzGjwfqHJUOWsJ+k7IDZcb45WeV0V0Wo5JUlU/IHKUb8uBLVEM+DjCLFJnchJVuWRwJjdIAwF3xRjGlAEgwu4HqnK1YENYYfxR6fuuiXJwVG0n1SDHHuq3lYJGfdInIxlBDThcw5TJWB5YCugH1Q8OXQDlKlPkmA4J9UslDHG66iUmyYDCU+iRkyMf6IWn3S0+6PLZYUkncrheQlgpFpKJAiDynaymNXUxEHCf2XfH/wAKCujdQIKJ/ZdDgRnICEIjjK5gqFh8j1C4dJ5I/VCAcdwm591CYHpexC7p91xQnQtvRLA9EklMEyCc0dtk3T7oxGUtPupgmQGj2S0+yPgJFoKraiEVMLnBTDFk5QzDgJbiGngGx5H5IrKk7ZCFpd6Jr43Hg4QptMvCaLCCsOcFS46rOFRNec+iIJ5AQGlNjb+xNlXsvHPhl8sjR91GmoAPPC7B9kCCoyAHFS4524CfGaaE7XHoZDW1EB8Gpw9n+IJ7qJs+ZKZ4wd9JR9Ec4w4AqO6nmgdrgzt6FSUUWp/siBwjm8OZpbj1UpjKWXAZyimrhmHhVsDTjbUOQgzW90Z8SmeSzkKJpBZWexz6EPwQ3OEMOmpCPDeW6U+CtlhcGzDhWMUlFXM0va0ED9UMq0xsXjpkQVjpQ1xA1DuF6F8P/jN1H0nIylqHmst+cGnJ4HssXLZmaMwnBVbI2WB+JGkDjIWW3TJ9HW0Gv1GklmuT/wCh9q9FfE/p/qeIfw+vEUhHnpZsBw/JXVf09R1rvnLRMLdW8iWMZa4+4XxDQ3Cso3tnpahzXMOQWuII+y9l6F/tBz0U0Vv6qZ4zXbfMtGJR9z+Jc23TOJ9O8P8AVlF/+lqftl+/R7S273O0u+W6jpAW8Nqom5Yfc+itIZ6Wrj8WmnY9vq05CVsvlq6hoGT088dXSyt3djIz3GFXVPTUtJUfP9OVTYn766eTPhSf9Csbi0e2rs/qXRYFmE17R3Kr6W+j5j5G7UzqSpP0g/Q//lKtcAjIOxQTz6HuSkuCE6MdgFlupvh5br1G+akIp6p+S4keVzv9FsHR+6Wn3VwscWY9XpIauG2SPnHqDpG5WNzoqmPVp5IGxHqqa0XOusNZ81SPJb+KMk4IX0zdLJQ3eExVceoY7cryvqn4Yvoy6ppWksPGnc/mt9d543yf0/ZCGalwTunurKO907XMzHUAeaNx/wAlZ3i1Wjqq3utV4gD43jGHAFeOyw1lrqDpc+N7DkFuy3vTHWcFzhZR1pEdS0YDicasLoVW5PCanRSzwjyrrz4ZdQ9AymsoP99tb3bPaPNFngO9vdUNvuMdS0B+x4OeQV9RwVr3t8CfEsb9i14yCF5V8RfglE90t/6KcY3El7qHTnJ/wn/TC6FduOzz2s0Lzkq+metKy2FlFVvbJS5wC7ctW1cKS6NFXbpAQe4XhUVdPGTRVTXRzRnS5pG4IWk6c6krrS7xKaclp5aTsnZTRlqm6/tZ6hFI9h0PHmGxRtGsAt2+6hWm9WzqKAS08gbUAeePgg+ynBr4HAOzhVGTRri1JCik0SBsgwRx7q2iqnbAhV5hZO3B2PYrkUj4neDMOOD6p1d5i1Hjq788dl5FMdi04Ks5J2V9KKaqYHYHld3CzjKkNxhToazblba7keI1vibdPJyXJ1rHUchgqBmN30OPZPp5qi0VQrKNx05yQCpAdHVxOikAzjZV7Z2QE01U/TuQMrSpp9nKWJcM9e6T6sp7vTtilkAlAxutSHZB2XgFNLVWWobV0zyWHB2PIXq/SnVlPdoGwyyASgY3KRbVH0jJdTzwacuJXJGRTxOgqGa43chcyPVdWKcH7M2XF5PJesegH2KolulqaXUEpy+MDPhnv9gqKx3g9P1wkcC6CXAcM/T7r3rAcNJAIPIPBXnPWvw8ERkuVqaXQPOXxBv0n1HsvKeY8XG2LlBH1D6R+qpVzVN7xjpl1bK+GqbHV0zw5rt1srfctQGSOF4HYr1V9PVghmcTA4437L1S3XATxxzRHLXN1DBXyPynjJVWNs/SPgfLrVQUcm/hqmyN5BB5yoz4suIbwSqqgrcgAk7q1BBYDlecup2M9ZG3cSaGsmt0mCS6I8j0V6ZWVDGyxnIIWXZM3V4ch2KmwyT0eCx2WeixShkYaCKd0ZA5VlDUkgZwqWCpjnY17Dn1HopMchDc4490KWGRom1tFHVN1sGHjcH3VHcY6W6Q/KXJpjnj2ZMBv7K3hrMkNO65XW6O5RZGGvH0nC0U2uE1NC3FlVRx09xpB0R1XGyTW1zYKhw2c3/VfBH9rL+zxX/D+8m/W+kLqeqcfOwYae4/+X2X3fZqj+MOPSPUDvCq27UzjuN/fb2Ui9dP2r4hWSr6K6tpGCpEQiaX7+LGAd2j1HPPdex8dr5QkpxZ5nyOijZCWnn+LX/Z/tH41tlDvRSWSDkL0n+0J8Gbl8Juq5LfNHmldnwZGjyvb2/P1XlbJAMBfS9FrI3wUo9nxvX6GehtdUiyjkJIU6F5ICqIpDkKxhlBAXVhPJzLYFnC/hSGuGFAhfkjZSNyBg4Ttxz7Ihyd8gqwtE/hVG/BCrGnA3KNTz6JA7COuXOTPOr5Fhm6oJ9U4II91GvMbGyEtGMqFaawZBcVZVmKin1Y37FbV96OY4/FLBRHlOJwuk90LOr8kDxjk0Q+5ZHtOrOUGRoRY+6Y9KmglwyHKNJ42K0fS9Y4uEZfgtIws+/fkcI1tqzT1TXcAbFcjX1boPB1/F6p6e5PJ63Sv21FVt4p3HFQBgE4KVqqvHiD9WQQFOrMTU3hheQuhjg+r6S3fBSMyZHQvDwdwdl7P8Ob+KugihdJlzAG/mvG6iLQ4jHC0XQd0dQ3JsLpNLHkLi66nfBv2eh0GqlTNYPoyCTUGvBzlWEMhOlZy0V3jfynEcZHurmKUagvKWww+T3lVvCZbsO3KId1DilyACpIeCCsq4Nae5EW407KilkZIM+VePyMZSXSophkMc46R6FeyyN1Dn8l5X1bQvo714jgAJNxgLoaSzb9pz9bH7dxXzxtJG2Vl75RF2oln7rUg5UC40zZmfTnI3Xa0trhNM8/rdPG2t5PI71ROY5x0YWTr4i3JHqvUOoLXhmsM5OOVgbnAGzvgIwQMr2ugvVqUWfKPNePUMtoo4qgxHGRutj07d3SRNpJMYHBz+yxNVE6OUAqdbat0ByxxBHddaVe5HltLqp6a1I0l8ozDMJ427E5RbfWMmYI3HDgrCmfHdLYNgXBuD91nSx1FV6SCADsuNrKWz2VFjjPej1f4f394qHWurky148mTwVouqrA2rpnvAGcLyWjqpIyypheWvaQQR6r2Xp68wdQ2xjch0jIwH5Pf1XEtrcWev0OojfDazyiOWey1ZiOQA7v6LeWS6eFNDVMf5Hgd+CqjriykEzxs3ac7Kk6cuwgHyk7jzgH0KxW171hDtLqP4lzrfTPoa3VrLlRNe3GtgzypjHEb53C8/6avboGtbr4PqvQKXTVxCRp+oZK4Gp0zzhHr9Jqk8M0NiqPGj0eivaOTXKIysNQ1T6Gvbv5DsVqHvl8lXTnIG7gO6419W071Nu9YLSspSyTWBsmRkgYG6lU9RFcqQmM5PBHcFRo3CJ5jkGDnCz4wOJLHD0XdGe3K4zlFLmlowOELs5FtZPPOt+nHkPqYGAtfvt+EqlsE77vQydM139/CDJA5x3wOwXq08LKmN0MrAWuGF5T1RaKiy3P5inc5j2O1Me3Zb9Pd+zHbHnJdWA01+tNZ0PfZN8EQB3O3Df818o9e9K1/SnUVVbquAxhr3aPcZX05JVRV8EXUtHJ/vdKR42jY4HLlF+LfS0fxS6Qh6htjIv4lQR4lGMOkaBt916XxWtjRZiXs8z5jST1C3RPh3qSgMM/jtb5XcqjyPVei3ag8Rk1LLGQ8Z2PZeb1UD6WofE/PlJX0XRardFI+Nef8d8Nny1rj2PyPVMIymEkjOU8HK7FcuDy51JJJMIPTXJy5jKvOCD0kkk2LAxkekmJJ8bEiSjgIMZ5RGnHdCXW5zhFKxMEMfNvhPjqaincHwTFpHdCacBOwRwmwsa4BcVLhl3b+sb3SnHzRcO+VoqD4lSABtS0uxzvhYNrQmgNBJ9VohZOJks0FNnaPXrd1/aKk6ZXGM+/CvqXqK0T4DaxuT6FeDMwD6I3jStAMcjmH2KctRL2c+7w9cumfQcVwopB5Jgc+6OZhtjBBXz9TXm5Qkaap4/8RU1vVd6ixmsefu5EtQ12Y5+Fln7We8tkyMjCeZgDwvC4+uL7H9NS/wDMqQz4iX5vJb+SNayHTEy8Ncumj3EPyM4T9XsvEh8Sr4B9LU8/Eu+9g0FMWqgwP+Daj+x7g1/fCIXZ7rwn/wBpPUm+JWj8kw/EfqZ23jt39lP5MGB/wPUftHvWvtlPMgYMuOAvn9/xA6nk3+aDfsgSdWdRVG0txlI9A5T+SReFt9yR9DNuNGAdUw25UWbqiwU2RNXtaRsQvnmW53Gdw8SslP3ekZJXganOP3Kr+SNXhkuJM92qviL05TZPzYeAqOt+MlGGE263skwcAkYyvJhvnO67HAT2wEuV8n0aYeHoisy5N9XfFrqCridHSMjpg7nTuszX9UX24M8CqrnlhOcA4VY1uk8p3KpWN9ja9JTU+EPaC5u5ynAnGAiU8bn+XTk4UyntFXIc6Nj3U+RLs6FdEpcQiVUjSeeUWngfJsGndaCm6dGQ6c/krSnt1JDgeGM+qF2J9GynxFtrzJYM1T2SplI2wCrqm6cigAfLyrURhuzE9kMjz/Mbt90Dlk7ml8PCrlrJCEcNMQ2JgUhsD5wNLeVNbS0o8zmbhHbNG3aBuSEL5OzVp4x4SAUtj1kGfYfZWkVDQUmDyUGI3Gc4Aw1WMNv1gGXcqG+vTr0NbLgYib+idHT1MrgZzt6KYyiEeMNUuOIkDKhsrpyBht0IAJG6lR07GbAI0TAdgpcVMMA9/ujNHxpIiwRbjy7Kayn4PH5plRUUdvhM1XPHCwf1nCxHUHxettBG+C0tMkwONRGR+SFySEXXV0R3SN3VVlDbIDLWS6MDYeqwXU3xat9PE6ntrnOfwcLzK99X3i+vJq6qQgnYasAKhEL3uz3PdLlYee1PlpWf7XRdXjqq53iQmSdzWHtlU/gOleD+6kQUbnEZHKs4aNsWkpbk2cyc53PM2RKS36sFwVpHAyIBNL2xsGANlWVl42LWjgqkmxM5qvsmVdbFTt2/L3VPWXOaZugnY84USaaWofqJKTIiCDjlOjWYrdTl4ixzA9x3Cm08eMHC5DBxkKfFGMA4T4VgfIlzk7HGMb9k578jGEmuDcgjCa8t5ytKqM9up9I4STueyjSzbhoT5pDjDV2mpcOD3jJ9Mp8KzHbczsETickKcNgB6JNY0NGBhO0+6fGDRhnY5MYAe6eB3SwF1OSFjl1JJM2kHJJJKACRqeAzHAXIYXyyNa1ucnCk1csdDGGjGvuEqcscDIQ3d9BpaiC2wBse7jz6lUtRO+pcXvP29kyWodOcuHCRbgZJWeUs9j288R6AlridkKaoEDcOOCUyquLISfDOcbfdU1RUvqnFzkmyzC4GQqz2GrLhK86Q4hvsVXk5OSukdyV0sx3WGyUpPk0xiodDQMnCkRUskhBaNkentsrmCV+wUw1EULNDGglAkXKzPAKGmZEMvISnnYAGtwhSTeIcg4UUhzj3/VW3jgFd8j3yl5zyub44XQw5Ckxwk42RRg5FykooDGwuO4U+GnxvhOhpwADpUmNuOy0wrM055GMiDcYb+6kNGw34SDDjONk5rAVpUUkZ5TyPDQE8gAZwlkAblDJDOVTlgX2xB+ScBI4A3IQXStaDthV1bXhjSBulytSNFdbfRIqatsIO44VHcLhqaWggqLWXBznbE7hVxkfM7JK4+s8ioZUX0dTR6Cd0sD5J3SOO/K62MnfC4GozTjGy8pdfK+blJnsNPpI0xUYiYzjyqWxoAGEJrQSDjdGHCVk2xrZ3lehdBdOmYtqJGHAOonHPoFQdIWD+K1jZJmExg7L37pHp+OKICOFoY3G2B7LVUeo8N41zfyWGj6ZtjaOka4tw5wyrsnAymRhkTNIGAEOapawYHdalwe8qjtiMmnIwCuR+Y7qK5zppMkbKWwANBJ4VjW8Eg7ADOEOSURjOx/NDllz3xjdZHqLqNjM0sDiSMgkHujSyZrr41xcmwfVHVDG64oD5vp2WSpaeWqe6eZ2S45AKdDSvrKh0kzicbhXdHQ6cEDGy1V17meb1F8r5ZY6iowxoAaFZNaGjC5GzS3AbhNlkDB2/Vaox29GboeXAAknhV1bcomN0tO6g3K6kZiiz7lVYL5Tqd3/ZVv5AlPAasrp5zp8Q6fZQmtOcEo4YTwjQUMkuDjZEL5mMpaN878N47q/t9uiY4SOaDpGAP9UWktzImNDR23U1kYaMYRJ4NFVT9jRG1nAwhVEmwATp3gkBMZC5xVOSwbYU5ABr5DwpcFKTg4Umlpdt24U4QBmCAs07MGunTpEWKlDcEhFDWhuEaQBg4woMlRg4A2Sd5rjUohSADkFLU0bZUaSoc7GyaA92MJU7MGiESZtg4OUMl2dilDE44z2U2Clc4gBqVKaia4VZIgjeeGqRBQl2NTeeysqag8XZrd/uru22jBDpW4/JKduDRXp9zKm32EPc0mD81qbZYqaBzZS3cdlOoqZsYAAGFLIaxmvIaBySdlnstOjTp1E4YwMY4UOqusFLIY2fzHegQZK+atd4FviL8nHidvyU2ktkMDhMWh0pHmJCzytN1dGQFLRTVRFTV5AJzj29FZtjYGhoAAHZO8UYxjhBlnAwkykbqqdq5Pk8vLgdSH5WnO2VFNXq2ARIaG5VTiYYPIeHEr6TClRPyDq/Maaj85L/AKDnzNA23Ud1Y52GsblWkPTL3EOqpsY7NKtYLTRRafDi3Hc7qSjGPZ5vWfVNaWylGaiir5txAQD3VlTdOiTElTM4E8BpWgZG2NukNGFwtJQKOejzuo8xqdR/U8EKmtlJCMBhcfUqaI2geXYLujT7p+CmbUcyyyVvMmDOD2TsBODSdwERD0CNLW4OyEeUc8H7IBByjRTOJJ6SsmfQxJJJQoSSSShBqSSShBi4eEshIkYULSGEnOEHlFdygOka3k4S5T2hY5wPxjfKHLM2IZdjdAnrPDBwqqWommcdbtllstOho/H26ueIonVNy/DA7BVNNLNKSHyZyjtY4n7oraUnBwsdt57bxv02ozTkskKOmOQ7G6lQ0pBBwpUVNjAx+6kxwBoG3C5+o1UvR9B0HhoUYm0RooQ3AwjsaAMhPw0bLi5tl7m+T0NdUIfih2AAhnlEJGEB8gbnukNtmjKQQHnJUaWbbA3TZJe2EBu5O6kYOQuVqGyPe9wA7qXBTZAKHHEAQ5w2VZfOraS1AR0xMso2LW9k6NEn0jDq9ZVpo77nhFpW11Ha4zNVSCNgGclef33revuE7oKF0kFN6Zzn81VXOvrLpUuqah3mcOBxhR2MI5HC6Gn0+3lnz3yf1Fbql8dLxAZu86ncnkp4DQ33TsDsEMA5XQjXg848t5Yi05SDXZ4RmMxgkImkac4V5wA3gE0YAz2TkjykqLApIml3ouJoWBJJiShMiT0xPUIhx4THHAXS8YUWebIwEm18BHXTDJCAS4pBric4z+aO0ABZ3lsKLwDwfRcLXHspGkei4QMJsY+yKYNJdIwuHcKwhqWCnCLJzhFDO+FNpAWn2S0+yJ5UjpwrwTINMOy6eUJA3gsefMhvI7/5rpdjclBwZMIHLBaH6i84HdEDcALjGgb4RGu1fkqLk9vQ1DldjGO6eXNwVFe/CMKJ0vOd01x1YKGTk4Ro4jIQAOThWueENeEjtPE+aTQwK/poBTwhpO/dDo6SOCJuG+bklHcQBumxRitnzhA5dty5R3O9EqhxLguNaO5TOhKE0gA5KFPNgjCU7txpKa2M5yR+6TOeeB1aHMaSc4RdAXGABGiYXFRvHYaTfEexjY3agpjYg3AxunRxgNGQtF0l0xP1DXsYyEuY04JWS+70el8b4+aa9zYfojo+a/VYf4ZMYdjGO6+henenqWw0TImMaHAbkdkPpjpqj6eoWRxRND8DJUPqfqSOAfKUziXHkhcy2w+o+M8dDTVKUvzF1N1G2MGion5dw5wWWggkqJPEkOpx9VyOKSaTxJdy7fOVfWi3OcRKWgNHr3SHLJ24R5JlDSw0FIZsebTz7oVPTurZ/EeMhu5zxlSagGpmbSxnYbJtzqae204giOZCMEhJNUYJIi3OvZGDT0xx2cQotutprHl8jsBu4yuW+hlr5httySVqI6eOCNscbQMDc+qoMZFBHFGI2tAwNz6qHcKmKhi8SQ/kpNdWQ0EJmmd9h6rCXW6zV85cXEN7BRvAucsDbndpa1xa0lrVCghdKcNGU6CIzStja3Oo7rXWqwxsbqOBg9+6TOeA4Q3sZY7O2FollYN991pII/MDhDjj0ANzwnSTBrQ1vdc7U3pI6Ono2vJ2qqTD/Ljd23T6O2ySuE9Q73Awi0ttGptVU753a0qzjZnjgLkWag6cKzkMIaN12WYMG2FyebwxjG6j09PNXTiOMHc7n0WG27JpUcBKOgnulRpa7bO5W6tlFT22ARRMGe57lBtltht8DWRtGojc9ypEjsEYXOtsyNQWWXBGyouob7DboHNYdUpaQGjlSbxdY7VTGplAIHAzuSspardV3+4uu9S3TFnDWu9FinLI5JDum+nJ7jUfxe75cCctaVtWtaGhjGhrQMADsgscyGNkLBgNGFySpawaSBkjOFQUY5Y+apZTsL3u+w7lQ6enlr5fmqoERg+RiLQUMtRIausHl/AxWbg0DjGEDWORwmBrWhrQAB2UOvukNEwl+C7s1NuFxio4i8nLzs1o5JWe3qqj5qqOvHAJ4QuXoKMcikfPcp/EnkxHnOMqfT0ssr2Qwx4aRz6Idvo5aqQ4bpg757rTUlOGcNwrUWy30MpaNtM0RtG3c+qmNjaxuSQAFyYiJus4AG+SVgeq+tXea2W45JyHuBRpGdv0WHVXWdJRt+Von+JKcjLexXn7nVNdP8xWSGQ5yAeAm01LLI7XKM533VgyBuA0bYTYxRQ2NmoDyqTBRukOQCpFJRucR5dlc0lI2EAlqPorGRlutrWYke0cbBWWpsQGnGUN03hjGOFBqqgnLVAmsHbjdJMGFj9zzhVcbC45d3T3DU7UV1zScBuQpkE60aeFPt1HJVzBjW7dyj2qzvqHtdKzA5OewWop6KGnYBEMe+EDntLAUVnp4Dr+pwHBUt0jBk7Jsk7YWnfsqirrichrsFInPJETaqs8POcAKFTUtbeZTFSs0xHl5Uy0WKsusgNWCITvuMLa09BTUTAynYGjHosllqLcsEC02aG1whjWBx5J7qzYzBBxujsZ7IjGYPCySsyhcpYGBm3CK0OBwE/TkDDcfmn4CU2LyJozhPTgMbBdwUizks5gJYCS6OUI3oWCuIw06UI8o2gDianJqogkxPTFCD0OWURN1fnlNqqqGjhMszsALDXW91tyncyle9kAJwMrTVU28l4yOvF6rK+d8VOf5W4cfX7KncWxtJwAUZzmUzCZX6SRwqmasZM4tjcfuurRXgM7UVT3Za0coVLTuc/cH7qRTUbpHjG5WltFr0YfLHwnSe0KMckay2pusyPZwNgeFoqenbEDsiU8McYwyMD1RMhmyVKe4JJjSAAd0A5c4BOkJecBHhgIAeQEvLGpYR2GLSA4jhBq6psQGGj7I9TVRU0Rc8b42CzslRJUPOe5RhxicqZZp3nzZyiUdI4OBIwjUdEXODnKweIqdg23VFt44AvxEzcY/NV08xmdhEragvcGt77JtNAQcnunRWQZcBIYBsSFJaA0YCQAA0oL5REcHdGUOnlZTs1vKpZamaqmL8+VOq3zVc+knyj9kRsTWNDQEcI5KYLQXEbboxAhA1YH3KTnth3djbuVlL5fJaqV0MMmAPRdPT6dt5MdlkY8Njr7fjM80NAdxs96psYIJ5ShGnncnlHZHqXXpp2mVz3DGCSaRrGt+5Uhh8IYATQQwjSMZRqeM/UQtUYipSwPbk8jCfkMGU4tACrbjXR0keuQ/llaIV5MN923k7X3COkYZJHBo9+6wN4vsl3qvlo3ERcE52KFerrLdpjC3VpzjY/sn0FuEEYLhlx9uFurpxycfUat2LbBnaWjZE7ZgOdlZQ0m2oDCNT0WBrfjft6KQcRgaRv2WmMcGNQ9kQQkHSG4IRBG2NuqT6u5UzwWsa1z8F7huVAmf48nhRZwOSmpZHJKPI18gdtFuQix0wgaZZHBzzv9vZGihjpoxkDOMhR5nOetEINibbV0Mkn1O0gcqNPK2njdM4gY9Uyrq4qKF00rwMDZeU9YdfEGRjHnfYAFb6NO2eZ8v5qrx0G59ln1n1zHEZIaV2OxOV5nW109fMZpnEg8BRpauorpjLLuHcD0R2QO22XY0+kxhnyHy31Bbr84Yo2ufypVPA9x2aiU1KXYOFdW+iHlJH5rrVUqPJwo2uYCjtsjyARp75Vk6eC3xEveA5u+FGudzp6Fpji8zxsAOSVy12WouDmV1ycIw7doPojykaqKpWvgjNFfep3yMkMcI4Kl4orZDlzhr7uPJR7lcaK3O+WgII48ows+aaouU3iEktUckjpRocTldc31EnhUbjvymUViM7vFq8777q6orPDAzU5oyNz7J1ZVxM8sLskeyy2TyNVDXYOnpIKNmIhhArKoRsyRsoVddvl43OmfjbIWMunU09UHQQuOM42WK27Dwi2lBYL259Q0tK0uBDj6ArL1FdXXCbW06Wu7ZQWUzXND5zk8ohqI4m4a1IlZnlipTY5lNHpLpiC4Ickwi2ZgYQJalzieyAHlxyVns1UVxEF8hn10jstduEE7nK5qPGElhstlY+SYHAJLqSEsCiALiYoEGie7bdSGOzjBUFSInhp3RwbYE4YJYIxwn5HohByIDnsnoyyR1OwEhumHhMwTI7DUsNQiHZXMn1QYKwH2xgIYG+UzxCneIPRQmGEHHKcCBug5KWT6qm2uiYJIc3/5Sk5ze2P1QMH1SwfVXGX7JgLqH2XUxdyQmKa9lBUkPV7JB2DwjyiLhhdXsuDBJ2SBwMJawjyM3JhY4wdiOU80kJbnG6YHYT3SbKw3KMVyCfBgkYQzER2/dFLwDlPEzRgloA9VRScJ+yL4TvRNIwcFTzJCR5QMoBYDwoR4RGSRvCHol4O2cKFAUl0tIOEsFQAcl+SSShBYaeQloYeEl1qppEba5AOjwdghuYVMIyuSMGAEvHILsz2QgXN7oral7CM7rpjydgmuiOM4V8oNYkToK0nGdip0dQHAYws+A5p5RoZ5GkYcjVr9gTq/RcSUsc/nadJP7oWiqo3ZYdTfRNgqthknKl+I145ToLdyJaaZHfPBK3+bFpco7onN88Mm3YZ3R5Ywfw/ugOgfEctKMuMyTS3arpcCUF7ON1eU9daLm0R1MYDiMLPQ1D2ZE0Ye07YRGUXju10VRG13Ol7sIWkx0bJRfBZVtgq6I/NUIMkTvw5Vd83C93g1UWh3BDhwpcF9utvIhrmP0t78j8lcn/ZrqSEMqQKep7St7/dInWpGmM89nenOqeqOk5m1fT9fKWZGqPX5cfZfQXw/+Pli6hAoeoY/4XVNwNWMxOz/AJL5pqunb1ZyZaKQ1EHbQc7KFDdonPMU7HRPHOod1kt0meUel8T9Ta3xf2xe6P6Z94zx0VzgDZ4Y54XjLXcgjsQVTutN0s/ms05mpRv8rJvp+xXzd0H8WOpuj2Mo/mDdKAkYp3Pwcf4Sc6V9B9HfE7prq6Lw6WpfBUsGX08ww5v2Pdc6dEoPDR9S8V9RaTyS252y/TLigu9HWu8GQGCp48J4wVP0Act4Q6u2W+5t1vY0u5EjNnD8xuoQZdLSNmmuoRySf5gH3SFBZPQ78FkGN9EOaNhAJaCPQplNXUdWwSUryfVp5CO5pVv7Sm0+zB9WfD6luxkqKFrYpHb6e2fZeR37pivss5kmgdHg7ObsP1X0k5qr7pZ6K5xeFVU7HtPq1Pr1Di+Tz3kPCVahNx4Z4X091XNTyspLjK5zXbMeTwfdejUFy1MadiMcjgrK9Z/DWWgZJXUJ8SnJyWgeaP8A9FlrddbtYpsSl80HdpJyPsuhXfuPnuv8RZRLFq4Nt1t8K7N1zCK22E0lw0nL2HDS73C8AudqvfSl0fbL1SOgljJbk/S8eo+6+i7Bf/FjZVUkmoO+puVaXzp6w9eWp9uvFOHE7sfw6M+oXQrtwec1Xj1/Qj5lpa6enlbNTSOjeDnLXYK9L6Z64pbs1luujRDMG48UnZ5/6rCdffDi/wDQNaX0mqrtzj/LmDsgD0PoqCiuHj4GrS8c+oK0RkpI48lbTLno+hWt8MgAgtIyCOCFKEbJ49JaHFeZdL9bSUsTKO6B0kY2Eg3IC9FpJWPibPDIHxvGWkHlBKLT4NdUtxx9PLA7cZHqiQyEEDlSYpIpPLMUKropGYdTcFMrsbDnUprlEmCpLHAqTPTwXCHRIADyHDkKmZK5hAcdwptNWlpytkLzy2v+n65/6lX5ChlkpCaCtOWn6HlEoqurstWJonnTnsdiFMmp6e8waPpkYNsqsY6SJxoa4cbNcVshNTXJ5XU6Gyh7Zo9f6V6rhucLYZpB4nYlahj8/mvAaaqqbLO2WJ5Lc5BBXqXTPVcVyp2MlI1jYnKllSfRybaGujYAjPKKHZbg4I9FFa7g9iiNORysNlWOGITcHlGG636IjmD7hbotju+Mdj6hZ/pq91Ftm+RrHOMWcDPLSvWnt1YCxPWfSGxuFujy87uaAvGea8NG6DlFH1z6K+sHSo0amWMdMv6KuyRjdX1PVFzQOV5NZL/PARR1Tj5TgE8j2W0oLjK4NLX5C+SeS8fOiWJI/R3i/Jx1cFKJqZDqALThSaG4D/s9QfYEqqpKt0mGvxhdq4na9bOD6LgzpcXyeghdk0J8WB2uFxx7K1oq1k7NLj5gs3Zrqz/stUQQdmkqdLC+lf8ANU7w5uckBZbIDt2S7e50WZD2U6jrGnS1zsehVRR3anq49L24dx+acf5L9UecHtlBDKZHysneqrC6siN3oiW1VOMtLTh2R7plsrpeqKA1U7vBu1ABqLNnD0P7K6parVEAXArOXqnqen7jF1DbWHwmnNSwfib9u/ddHSalwkjHdUrOfZQ/GP4YWf47dCzWmupoor1FG7wZcb6scgr8rut+jrt0R1HVWG70r4ZIHFoJGzj3x9tv1X7AOkicIOorM/WwbvYOy8K/tWfAGi+LXTsnWHS1LE28UrdTogMGZgGzfZw3375Xt/F+TUbFzg8f57w/8mrPtH5txuGRjCmwTHYKumhmoqmSlna5skTixwOxBUiF+CF9Ao1CnhnyTV0uqbgy4hk4ypcbgQAqyKQHHqpcD+Mrox6OZKBNacjPqnNODlRwcp7dk1PAiS9FzQVJaAMrSU1S2WIMdv6rGU79LgVd0VUWAeyfCz0czU1c5C1mIZS0N2PCi6sq2ukDX07KiNuTtndVI2G6uWeyqeYhl1wyENOJGFQwA5owdlH2BJCknk/ZRiBklZboblgbCWx5Nz0zVskpmtYcEBaOOQuaMheedN1ToqkR6tj2W/geHDHqvJ6ynE2fSvDav5qU8kG4wBjy4cO3UOjldS1LJmnGHBW9whLmascKne3Bwdlxb4Lo9Tp7G+T2rpK7uliieZc5AW+p5s4eN8rwnom7mNwpnv3bwvXrZXiWnbvnC8nrqds+D2vjtU5wSkainmwBuFM1kgEHlUlLNq9VZxOyOVy5xwzv1SyTFievaDxWeOeW7tI7LaMGMqn6mon1ducGAEt3RUPbLJWoirI4PNISXMBPOFyZgc3GV2EOhldA4btJBUh7BpC7Fczj2QzwzM3ykZ8s7IyvMuoqAxvE4bu3Y+69kq6cPwC3IWE6jtul0jCzOc4+y9J47U4konifqDQuxZR5fcaYSxF7R5huqiCVwOFoasmGV0T28HCz9wpzBUFzR5X+YL2VU8o+Ra2vZbwarpi7mKTwnkaSFddQUQljbVQt7Z2XntFUOYcNcQfVb/pm5sr4HW+fGoM2J7pWor3dHY8Vq3P/AErGQbfWaQI3d1ruj+ojY68PlJMT9nBZG42+agnL8eQnIIUmCYOYCeVwtVQeu0N7qZ7nXxUl5oPHpyHtkbleT3m2yWuvdgHSXbLYdB9QxyxG2yncDbJU7qywNqIXTNAzjK5Eo7eGd/aro70UfSt48QiF7vM0Y55Xq1hvQip2se7I4Xz+x89BUksJa5hXoHSvUHzjBG54Dm/UCsGpp3dHS0Or2PZI9fe9lQwSxnJO4KurFdW4+SqSA/GNysdaa5rogxzueDlWbpCJI6qLZ7CA73C89qqOT1umv2yNfb6l9lumiTeKY4/P1WhuTGTRNq4NwPqWXpaqnvFK1pOJmNxzup1huUjZXUVQcgbYPcLl2wa4OopKXJaU8rXs2O45yjMznlR6mA08viwjyndEjla9uR+YWVx5yEScA4OFV9TWRl3oyGNHisG3urJrvZGzqGOEyubTEzhuPFKN/wDs9dnPkiL6Z4MU8X7ErRUWOm6+CsgOu3V27Wk5aPVpVl190vE6n/ilNHh4OJAOD7rOWO6xinks1x3il/unP/4buxHounRPPJjsrxweQfHn4ctsVw/2hstORQVTNYa3fSvnDqakY+XxoxuBkr73rqWGst83Tl8YJqaVpEch30+hBXyf8Vvh3UdK18hDM0surwnDghe58H5DMlGx9Hz36m8U51SVS7PGMFdGxTnNIcceqaBlw35X0GuyM4JxPjN1E6JNSDDhdXAey6nCRiemJ6qba6IIchFbvshJZKFWlokiPVjA/dd8E42CBHM+P6SpEVW3OJEz5TRUoSeJC+Xcey6aZykte14y0ZXeN8K/mZs/jVyXBG8Ig/SnBpAwCpAOfwp7WjI2TI3sn8OBFETuzV3wJedAwp7WtxkNCaXFM/lSiwX4+MiGGOb+FdLD3CneGP6V3wWnYtTI6xf1C5+NXpldgLuBkBT/AAIjv4X7rhp4iP7n902OqrkZ5eNnjgiBoK6GAI76J/MTE35Oo/oTFfW+jHPRWRfQzS1E0x+q4KGoPbH5oooZfzQ/PED+JZ+mDDGjvlPDWcJ/yVS3bw859Cix2yodjtlMVsfZFo7W+Isi4YiM0j0/VT22ic8hTIrLgZMYyi+aP7C/4ZfP0U4BLgpDRkDZXkNlaTvHwpsdvpgMGMKfNH9jq/D2v8ngzsML5XYawlT4bbUuwBHhXbIIm4AYNvZSBjAwMK/mNtfhof1spYrFO8/zHBoVhT2SlicC7c91OaSnaj6qOzJrr8Zp4ehQ0dJE3+6BKIxozsdkmZ7IscbnHytyUDk2ba9PCHEEdDTgLuB6qRDQ1Mo2YpVPYwTqmfk+iJTwbIUyl0QWPAxhuUZkNTPgRAgFXNNb4YcaWg/dTBCyP6WAZ9FFLJqr037KmntEj8GY5VpTW6nhAw3dSmxkjhPjj3RZNddMYejsUYbwNkdkOfZEjixz3R2MbyTsOT6IsjlBR5BMj33HCkMhYMB4/dQ669We0Q+NV10bCeA44ysHf/jBE1rqey0gLwceK/cfkEErFERZqq6uz0eprbdbIHVNW/wmN5JKwXU3xepLdE6KxtE8xOA4jOF5leL9dL3L41bVSPPIGdh9gqwQEndA7cnL1XkvkjtrLO79U32/PL6+tkdqOdOcAfkqoMkc7O5PupUNK7Y6dlOgpG7ZAygcmzhWSnPiTyQ6emncR/L2VjBRg4yN1IaAxoACG+obGMnCIU8QXI9sLYht2QZ61jfLsVCq7oSC2F33VRJPJKTlxRRjkzz1UY8RJlfcZXHEZHod1BL3uOpxzlNaC477ozIz25T4wOdbbKUm2OjaTjKkwQl5SghOAS3KnRMEY4WuuoxzuUR0MIa3fZPDhuMJO342QHuPotMK8CZXt8ILM4AZBUcSPedIb+acAZCFKgg04JCcoC3ZgHFTOID3YUqNmMIgAAGBjC6mqOBU57kOHC6kkm4EMSSSSgQkkVJGQS7E0yOGkZykyMykADk4Uud9Ja6UHOZuyXOeEFGOR81RHbYgYiPFc3fPZZ6aeSaQvkfkkrktVJUPL3kklSIaeKBgrKrYD6W9yVklL9jIr0gUTDnLtvuoF0u4ANNT8/iKjXS8TVEzg3LW8Y4VadyT6rLbbHpGquseHvfyc4S2aMkpheGHGOUemoZq94awEA8lIbcmObUAHmlI0jP2VjSUMcAE9UcZ+lqkRMpKCEt0Bx4USqqdfbZDLAvc5Pgky1bOIzlVzpC5xPC43Lu6eBkoEtwaWOWcAOeURsBzqxynsgLiDhS2QYxsnRr9sXOQOKEY3UqOMDjZdZGUdjHAggLTCszWWM4xgOyM1mCDhcaATjhFy0crQo4QlzO4AHCETgnZFcQBuUB50590EpFJbmOcMYw5Bnl0+m6FJU6M59FW1lcCNlituwPrqywlXW6MgEbqirq0v8uU2urSTsVXgl7skrha3yCjLbFnc0ei+TseS57slPY3G+FxoGyMG4AOF56+6U5tvk9Vp6Y1QxEQaccIgaG7roaMYRACeEj5DZCOTisbRb5rhUtjizgEZKh09PJUTsgYMueQF690N0pEGsIgzj6jjkptUdzOv47RS1lmEXvRHSwa+MNZp4/yXrFFRMpYst29FX2W2w0cQLWaSf8AorSSQYAHZdCuOD6Jp6IVQUUuhssmnuN1F1ue72TJn63AAp8TcDJ7pno1dIIz1xuiuOBjOAExZ7qTqGKkjMMTzq7keqiE3WxjFtkfqbqLQ00lI7BOznLJgSyyanZJPdOAlqnmV+5duragpA3Bc0bLXUuTh3XfKxUND5dRGFZR4hACYXsgYSBsFU1t1/DEcrTu2LgyuKJlXdmwZ0Hj91RTVdTVS6y/SD2THiSeQvkOR6JwjaOynyZETWThYCN+6a1hPlajthc44CnUdvMhBe3Ge6oqurd2RaKgmkfhwwOcq8o6FrCDjCkUdCAAOFPbC2MAhE3g21aX2BEIY0eXhBkkDtgj1MowGgKLHEXvBKU7fRsr0+DjYnSOzjKmQQhm5CLTwhjckIukDfKV8mTVGlITA1nA4SfUFg22IVVc7uKVpEbs52H3WekvdU52rUUqUmW5wjxk1bqmWUlp3yoxaSdyo9uuDaqIEjzAYKs6eB0rgQOUt2YNNUPk6BMgLj9OVPpqQ7eXHupVJRDLchXcNu2bgY90mU8nSq0zZUQ0A2AG6tqK1u28RuxVnSW2IjU9vCnMhAwAM4SLLToVabaRaa1xswWjGFYiMnAATHTwUkLpZ3aQ1Vf8Vrrs4U9ogfHGfrkeMDCzzt/RohTgsKu5R28uDm6iOADuVHgp7ldHiesPg0pOpsOfNn39lIorFTU8gnke6aTuZDkforQlpGSs8ptmyqs7SwQU8TWQtDMZ4XJ5cYAam7g4zwloLuQkymbIx2jcuO4TmwlwGVKhpScEgKS2BrQNggc8jj5egs1vp3644G59wpga1jcNaAPQLqS+qLJ/NudjmCDBnOEQAYXcb5SQy45I/wBixhc0N9F1JXFhnNI9Eg0A5ARElUm2Q5gJqemKMsS5pb6Lq4/6SiKBpJp5XEQIk1OTVCCSSSUIMXDwkSAhF3KpvBaWRxJzsVzV7oLpwNgoz5gchInMdTVO6WIEieoAGBjhV087jsAuuLi7OSmhuSFktuwex8Z9NStxO0E4OfuRn81zwe5Ck+GF0RbrFbefQfHeJrrjhoAyHONsKU2MaRsuiMc4T9gOVgttcz02m0kKcJHGsA9knu2wEx79wEmtKxTbbOiooaS7lInCIdICiyOx3QJZCfB2SXT3UZ8meEOd7nEBoXYqeUeZ42RxryZ52fofg8pj3wU48SqlEcY3Lig3W601qpzLK4Fw+loO5KwF2v1ZeXFtS7+W78IK10Ucnn/Jeaq0q2x5kWt/6vkkDqe15aNwZD3+yzwe6TzPOXHkobmZwB2Tg0DkLfGrasnz7Xa6/Wy3WP8A6eh+gJBrQu9kPdx9kyMDmJPoROVzARW5xvyupmcBHA1o4C6kkoQYu4KQ5RDp0qFt4BkNAPr90E8lOcd9jsmAYRFpZGpJJKFj1xzgG4yE3UMFR8nJ3S5ywGlnse55yQEPS7Vkp4ZgghPHphKw5dljQ1dEXsnhnfC6NkcYYK4GAYSJTiRgoLCXE7I+imxPkwcAJRx4IJCeyIc4XSTwAqCUsjgE08JZQy4YQzltCEScrjicJp5XNSTvLOHlDeQGnPdddloyeyE3VK70VSZZzdzlIaAxoSYwAZI3SQovvgScSMcobnDcZ3QiTk7qy4rLE4nJQTyiE4CGeVaeRiwhDc4VvbaZ0f8AMcBuNgVHttGJCZnt2GwBVvgNbgJta/Yi6znCOZ90Gd2OCnEnKBI4OPK0tJGdc8i+vtwhyP2KfrDWnKjOyTsUqbxwGl7Osy5wycqSAAAUKJo77lGCV+PIceXg61uXAeqnQQaMEhMpafH82QfYK3s9oqrzVNpqVu3d3os91uD0nivGucszXL6JHTfTlV1FXtpaZh0gjWcbAL6H6S6Soum6FjGRN1kbuQfh30RFYbc10sbfEIDiSN/uSidWdTxUo+UpnEu3yQubbZk+l+J8XDRxVk195zqTqSOkjdTU0mXnYkf5LHxNknm8eoJcXbgHsokHi11S6aU6sHPOyu6Oimq5WxxD/mPosVk2z0MIZJdrohUyYLchvKvpSI2imhIbtyF2np4bfABgav8AMoTXiMmrm2aOM90GTVGDQpHst1K6QY8Q9zyqGBlTcqo6jq1cn0XaysnuNSGjOnOGtWktlsZRwAPAMh3J9FBw6kpI6SIRx7ep9USWeKEZkeAnSvDASVi77eBUPdDG4jG2xUbwBOe0i3y6TVtQ8GTLQSAB2CqGlziAGndca4l24JJWx6dsfhtbWVcQ827WlInMCtOyXA7p+xiFgmnbu7fcLRtaAAANgk30AwBwnAHO2x7LDqb0kdfTUcZY0j8I5PZSaO36CKipGccNPqplLbY4WfOVbhkD9UzxX10pc1x8PjGFxNRqMnTpqQRpdUP0t+kfsiSytp2gNaCnPMdJD7+nqVBjbLVS4zyVz52ZNkIqI6OOe4TiOIE55PotlaLRFQRBxaC8jlMtFphoYWuLQXEZyrF0mkHAyslluAm8nZJAwKDU18dNG6STtx7rlTPg5wVm6qeS4Vnga/Lxssc5ZDjEjR/MdR3MyVBJpo3Ya0cLTaoqONtPBGM42aECOGC10uI2DIH6lDhfhpmmzqO5z2QDVHJJfViOMySnGO3uu26jqK+X5up2YDloKBT0U10qW4I+XYck+q0zdFOwMY3YKglwMA0jCgXKvZTREZ/mHgLtzukVDHrk3cdmtHJKz8xml11c7sk8DOwHolybYY6d/jYkfu88lSrZbJKxoleSyPP6rtotr6yQVErSIG+v4itPAxrcNaMNHACFLktywcpqVjWNY1oDRxhEnfT0EJnmcAB6lOmnho4jLI4NAXmfV/VUl0e+kpSfAGxcO60RQqU8C6r6yqK+WWgt8pbAdie/5KgoaEPeZJB5mjunW+h0gSyt54BVhGxrdm7JsYLAtSyc042AR6Ole5+dKdDTOcQSNlcUsLGYBABV428hqWDlNTCJoyN1JztjGEXwdIBwgSuDdglzlktg5nYxuq+V2+++VKm82N/3XIrfLK4ae6rJZGZE5/AV7abGdp6jGT9LSFJttrZEQ+ZoOOArUuaFTn6KGsg8LBAAyuTTeEOMps1S31VR4tVcKk09GS5x/RIlMgWtrHPxHHu93ACuun+lTI0V1yB8xyxnorSw9JwUULZqoCSd2+42HstCIi3AAwsV1vpASlgFHCGgBoAA22RmMOeERrBtlv7orYwQCG4/NZJTyBuycYxpaugBuwCMG7bBLBSnJ5FSeRoa0cBOwV0A5TwPVD2DkYAcp2NsruAuq8BAiPRLBRMBIgYVYJuB5K4unlcVBDUkklAxINXVRUcJllcBj1SqaqGlidNK8AAZWBud4quoq11LSHFKNi8nn7LTVU28kO3S81F/qXQQOLaZhw4/1fZNPy9FTnJAwNvdFMVNaqbBwAB+ZKz1bWSVMmojy9guhVVgbDAGrqXVMuouJ9ESmoy9wcBhDjhL3NOOfRbCy2d8UbZZgAXbgei05UUECtNlly2c7D0K0jIgAOMhKOnMbQA3b7on0glJsnktIHhrPyQZCZHlw2XXOMjtuyKyLPJSXnIxLHLG08Oo5I2CLPKIG8BO1MpmFx9Fn6qrfUvJcTyiXIyK3Aa6qkqJSNRwiUNK5zgS1cp4A9wBH5q5hgELAS3KagpPPA1rWU8WXDB7e6qq2rJdhu4Uq5VRLQ0bDuq+CF9RJkHHuij2ByOiidKdbgpjY8DGERsTWNGG4Q3kYJynJ46BeZDZX+GMghQZnOlfkJ8pMrvsuOGnYJkI7inLAEMA47rkjxGMk8boj5WsaXOcBhZO93sVDzS0zvp+ohdDTUSsklFGe26NXZHvl7lqpXRQyYA22VQxpOSQn6Cd87okYDDkrvU6dQOZZapyyPiYXdkQu04AGUPxSSGxHHqpdPDjDnBatmBTsR2GmBbrlbueEZpDRs3ZcLs+Rp45KiXC5QUEB8UgOI2TIVuTEW37eWduVygoYHTSuGw2HqvOrtcqm7SHQ9zQTsMpXa6VNznOHHRnYeyPbbc7Z0pGXcey6FNSORqrZWNqLwKhoWNaDgF2NyrmCl04JGCi0tGyEB5GcfsiSOzhoatPETLXV+xrmlrdLRlMbE6HMszPtlFAwNR2wor6qSud8uPo4yolkbL7TuqWul8ONvl7nhdEMVNsxu6WRTghv6pjhr8xPK1115M1tvpHJNTiNlBu1zp7bT+LNgkg4BKi3rqOKzwGRzxjBAHqV4v1X1lVXaqfHHK7G/B2C6el0zk8nkvN/UFHjYPPMv0Sureupq50kEDi3cgYPZYYtlqZA6Qlx9SjCJ7yCRkqXDCG42Xb0+mwz4x5Pyduvtdlj4B01KG4yFY01OHEbfmiU8AOMhWFPC1hHC6MIKKOOlulgVPSacbJlfcDSgU1MA6Zw2aEq24sicaSj88pGymWi1RULDdboQZ3DLQd8fZXOW1cHV0uhnc0kCs3TxJFzu53G/hnsi3O7OmcYKUDR9LSOAiVlfLcm+DASxnf1I9F2itj4CHPxvxnsszmeho08aI7YlZTWeWoeDNHn3Kt2wU1C0Y8p9EWe4xUzvDhAdgblZ663Roa6aeTGOAlzuXsOUUuSxuFYXR+HEdI/EQsddupKWgDmgh7hkcqivXV89UXUtBKRj6is82GSR/jTkkn1PK51+q+7bARZPHCJc9wrbtKTJKQOeeAiQNhpxqc0EjhR45GN8ox+QXH5ePqwssrmuTM3u7DS1G+GgKM5xPdMwfVdSpWSn2C0Ox67pAYGF1JZiDsBNTk1QgFJJJQg9JJJQMYuhxC4kouCmSY5ScZCkg5GVXA4OVLilBABT65iJRyTG+VOznshsfkYwiNWxYwANc0AcIRGN8I7k3AQNFN4AN3OCu6fddczPCTRgpeATmgpaCigDC6WgItmUVkHgpDlPICCeUiS2vKL7DAjHIXVGBOeUZpHdFGW54Jg7gpYKIMfmuloCMrODmr2TQXZ3XRkEIrQ3GAiU2yjgdjuu6/dcbucAJZCLcyPnsRGTkpIeR6JZA7Kt4OAucJZOULI9EsgDj91amXlhxLjsn6xjGFEMh/pTxNk4wiU8hf5CkA9lzATNbfVLW31RN5AY4w77LhhwMp+QkdleRgHSWnhdEpAxhP8UZxpSDWkZwoQ4upJIRRxcLc905JUH0R3RBc8IgZ9VIIykBhU45DU/2R/EdGchS6erJwMhR5I+O6Boc0kolKUOgWlIuRKJO4SIz3VXBO5rt8qYydvBK0Rsz2KlDaHdG08bIQbjcFHa4HuukYTSk8BKe4SRt8OZrZmej+yf8AJUVaf9znMFQeAdmE/dRtPumuGACDwg2hqxl1R3W/2E+HKC+Mc5GWkKyYeleqmlk2imqsbuA0glUFH1DXUg8F4bPEeWyb7KziprJe/wDsEzKecf8ADPlyfYoXyaI2cEG4dMXvp5/j0bvmoDuC052T7V1C7xmOke+nqYT5Xent7q3obr1T0lM2SWF01MOxOchWD7Z0V1nH/ujGWyrA+jGMn7/+izWVqXDHV2Ti8weDe9DfGq62l4puoA+vptgJQf5jfXPdy9wsPVdl6hgE9orWSuxl0R2H2c1fFtws1+6WcDK4zQg9jqAH3VjYetqihmZPS1b4ZGnZzXYWK3TqPMD2/h/rK3Rv4tXlxZ9lT2+hqZPEYx1FUHfVGcNJQTW1tA9kF0gDWSbRyh2QT77LzHoT41Q12mm6kLnBmNM4xgc/UvX6Wot91p/EoqqGoikG7dtx9lgnXPPKPpWj8rp/IVK2h5/aAhwmaHxkEeoKWnfBQJLbUQSa7RLsMl0Dz5T9k6luEcrjBO0wVA/A/YH7KnE2q3I2aIPGMZBWN6l+HVLc43SUBbFLzg8FbpzMpaCihNwZn1Onr1Mds1k+bqqlu3TVdJD54nRu3b2K1vTXVUde1scjtEzNiNWMr1O8WG2XiExV9Mx+xw7G4/NeM9UfD282SrNfaWufGCXN0+meFthqcdniPKeClp/9Svr9HocclLcITT1MTZGuGC17QQQvDviP8E661Pm6j6Ra6eHVqlpWt3YPUH0Wu6Z6xfJL8pXExyMOnfYgr0m3XGOeMO1g4HbuttWoyeSv0UbuJdnyHbLq9pAecArX9OdZzWapyMvhf9bC7Y+49CvRfid8EKbqIOvXSw8C5bnwcZ8f0avn6Rt1tVVJRXSmdBNC4tex+xaQtqsUlyeZ1FF2lswfS1qraS90rKuheHBwyW53B9FaRS4b4cgwW7br5+6Z6rrrNPHNTTO0tIJaDyvYbF1db+o2ARHwqlrcuYTjV9lFwaq71jEuy4q7e2c+JC4Nd6dioDS+J2hw3HKso5ScBwI+6JNTxSt1uaM+qOM8M1fFu5IlNVmPdWb2091pwx5AkA8ru6p5IXRv2GyNTSFg4wtULjBq/Gw1MHFjHxVFukMNTl8Z9eyn0NTNTStqKSXYbkA8j0U6kMFwjMFSGkgYBPdUFRQXCxVbnxNdJAd8dsLdVdu4Z871/jZ6aTjI9b6e6wimgZDVO8w23O61MNWHgHkFeK2q509U1r4zpPp3BW7sd6LYmxzZd25R2QUkefupceTcskDt0XIc0AgFVFJWNkI0nKsmbtB9Vz7qfWDMpSj+LwYrrPpQZNytsWHcvaP9FSWW8VFODHIMlmxBXqbsbZWG6o6YFI51yoItTXbysA49wvF+Z8JG+LnFH136J+tLqpx0d8v8MurVdYqhjXNkB/zCvYp9bACcry6lmmgiFVRgnT9Tc8rSWHqSOoeIZMskHZ3dfLfKeLnVJuKP0Z4vykNRBKTNTUQEnxItiN8Kwtd2y35eodgjglQoakbZA3QqyHWfHg8rhvhebsqZ34WFzOXx4raE5Ld3sHp6q1t90grIhn6uCCsxbbrok8OpGO2/dSKuKaGU3G3yYH4mjuszjgb8hrYphG7U123cZVk5kddSPp5QHNkaQQsrSVzauESRnc8hWlqurWyeDKfsVFlMje4rLNWusF4dYKrajnJMfbGVctLLbVzUc4zTzfpg8FD6ns8NzovHY3E0fmY4cg9lHsVVFfrW6nqB/vVO3Q7J3yO66entaaZl1Fe6J8gf2zv7OTv5vxK6NtzXAtMlZFF5cAcvwBzv+a+MKckEAnJX7LYpLla57Dc4WSMlBjcHjII/+Ur87/7VX9niq+F3UM3UdlgLrDUk4DG5ELuzcehyf0XvvC+Ucv8ATsPmf1P4PLepq79nhUR754UyJ2MBVkMpIAIUuJ+MHC95RLdHJ83tjjgsGOyEUHKixuwpbJG6cLSzDJckiNwyp0E+AFUtJBByThS4JdBAUhLDEXQyaymm8SlDHOzsq+eLDjj1QqOrIAA4UuYh8ReBuFujyjFjZwQl3J4ymH3XEEp44IuQjjkIJ5RCQhnlZ7FuQaWRRSvp5mSsOMHdeh2aubVQRyZyQMFedkZWh6UrMSmBz+NlxNbp8pyPS+C1MqrFBG4m87MeypKsFryWq8GC0fZQLjTZaJGN74K8vqK8n0bT27WDsNaKeuDztwvYenrqHsYwEebC8JEpjeCOxXo/SdzbhmXHgLia7TboNnp/H6nbJHsFG/JwFaU0mCB6rKWqvL8N15I49wtBA8OAdlebtr9Hr6Lsl2x4LU2oGqncPVApzxupIw4YO4SI/a8mt/esHld6iZDdnBgwHZymsdloV71rbPBkFVEz3ys5Tu1Lo0yzFM510cSwPljBHGVk71D4sr2kZwti5uxCprtStdFqDfNq/VdTTWOuW442v0ythyeN9T24wymVrFm3sFVA6IjzNGQvS+oaJlRE9rW7gLzqpaaaXBbgtO/2XvdBf8tWWfHPqDQrT2uSM+0ugmLSN2lWtDXy000c0Ty0g+qi3KANeJ2DyuCBG/BAyug4bkeXjbPTzU4dnqjZIb3QtLHAyaQT91TtgkgkMLhghVvTV8FJM2KY4HAK1FzgbKG1MY8rwOFy9VQ0e48frY3wUl37I9HUzUU7KiCQtc052K9hs92g6gtjWjBe2MavuvFACDnUtP0Ten224tZK/Ecm25XE1NOOUeq0Oqy1Fll1b0++B5qox5SewWZtd0fb61soyBw4eoXsNZDTXSkLAAQ8c+i8r6isc9BUuOjyk5aRwVzZLPDOnZU6n8qPT+m79BXQxujkGdsjK29BUNlGD3C+f+lr6LdOI5SQMr1mzXlk7GuEgOeCuTrKHjKO743VRshlM3FJUG3Vccrc6HndaappjMwV9IRnSHbFYynnFXAY8gkDLVaWS7Opn/J1b3aSfKSdvsuHfTxk9DTdk19puzauHwKgjUNvzUrwgx+W8LOzxigrBWU+8MmC4DsVoWSCaJkzDs4ZXPlHBvi8h2HvypTSHjZQ4iMYyitJbuCk55CkuA0zY6iJ8MrA5jhggrynqbp+e01jnAZhedUbh/kvVWPxnZQbxbI7rQPpjgP5YT2K0V2ODMtkdx59b6+C6QNoaoaZ2DDSe6zHV1ho7vFLY7xCHNLT4byNwfYq0raWqtVaWSRlkkRyD6hWz4abqy1O8JgFwphnnGsey7el1Djyjn3UqfZ8LfELouv6Qu76erixHKS6Nw4IWTLNsZX2H8QOkoOsbTJa62nDamEENcR5gQvky92ersNwltVewtmh522I9V9I8P5J2QUJdnxr6m8FOmbsrX2srhnjKIgkOa8gbp7TjOy9PCzceAlXKDwx6SYkmYyAPSXCcJA5U2Ih1cXUlCBWTSR40uUqGu1EeKcKEkd0I2u6cHnJcwOhlHldlF0BUMc0kRyx2FOpbkRgTHCXLKOjXq4y7LEjPdOHKZHVwSD60UebjhXls31yjPoIAMJ+kBN0eyIIzscKdjlFZF4bfREZG3PC61jjthFa3BUXA9R4ONiaPp2/JF0A7f6J7GZCM2HOM/qnRyV8f9iP4II+kIjaVmcgKY2mBGeEUUridke5oL4s9IisiDW4DURrCDuNlMbQTuGwCJ/D6j+kI/kb7LWnmyKB2Rmh++M/qpX8PkGMkbqRFb3EDLgFe4v+NMgYcnx77K0Za3YBL2kI0dtgzktCNBLSSkVQjJwANypEdFUOP0K3joqdmCGDIUtjWtGANgmptIJaGL/JlPFbqg9uVJis+rBmP6KxGQeUUDAwrUsjoaSESNFa6ePndSY4I2YDWgY9kRIcohyqj6QRoAA7BPac7JN4XeNymZRaiokhjN0doBxsowfpHmwPuVEr+p7Ba4tVVc4RJ3aHZwq3LJTuhUvuLlobgb4Kc3MZyV5vcfjJb4HOZa6T5jGwc7YH9lj7r111JeHOAqnRMdyG7KpWNdGazyNcfxPYrp150/Z9TKip/ms5asB1B8X6yvkfHaofBYdtQGMrBCCpqX+JO4vJ7kqVDQBu+AFTsb4Obfrp29Pg5UVtdc5HS1cz5HOOTqdlchgyeFLZS7jDQFIihwRthDtb5MM7JWP7iKyDgYOykx0wyCApQja0fShSTRwYDncq0InNQ7OshaMbJSPZCPMdlArbvHCMRvwVVPr5Zz5zkJkY5MV2qjH8S1q7o2MEMfuqmWsnmdnXshPy85KQ27psYGCzUOXYRpJ5PC60eifDA53ZSoKXBBO5WmulyMsrkgEMJGMt/dTYafSBhv7ojI2jBDdkcaQOFtrpwZrLW+ENY1o4HCJkAIerORhNLSTytCgZt27s6X+i41r5CNRThAXEFSo4wMeVMUc9kzhHI4Q1uSFJwNtuEhxwknxjgTJ5Y5dTElCx6SSSgIkk5dxhQhxdAJOAFzIRIMNf4hOA0ZQyltCSJuuG2UxmmAMjh5W+nuqMvluFV599XARHPmuNQXvPkH6AI0s1JQRGRoBdwB3JSLJZGJeh1RDQW2LXOAZP6VmLlcn1j8AkBp2AOwT6qqlqpTJK478KC8hh1Y5WScsmmusY4EkEuXAzV9JyUaKkmrJWxxsJHdXVHbqK0MdV1Tg534WDklZJrkcnt4RDtthklkE9Y0MjaM5PopFbWQ02qmoAGsKi113nqZDglrDwFADiSXE7lBKRT5Hulc85c7dN5zuu/Zda05BwrUWyNqKwdbGTwEeKI5zhOjZkZKkxtAK0QhgCczsceMbKQwDZNa3vhGZgYJWmMDPOY5kfchHa0Y4XG6QF3ITYvaZpNyG5CYSey7qCG9waN98oXYSMcj3uA31DZRKipACbUT4VTV1IA3JWG+5I1007mPq6wAHjj1VLVVury5CHXVZc7AKgAOLgSSvO67Wc7YM7mj0afLDFznuynBpxwkxuUQNGOFwbZ73lnf09KrXAhypA8wQQMoqXjJ0YI7p91JiyHAYJJ7BBaDnK2nRnS0lzrIppm6W9ge6qMcs6Ok00r5qMUWfQfSdRWStqJ4ANXG24C93sllgt1O1rGAY9lE6dskFtp2fyQCAr5rgNsLbVHB9E8fpIaWG1LkKDgKPLOTsuSzgeX1QGuwcrTE6cUFY0ucMqUACBuozHAbYTZ52QRmR78YTGBZLauQV4ucVup3FzhqcDhYGad9wqjJ+HtlHvFwlu1YS3UI27AHupFDQBmHFoCOETj6m5yltDUNIA0EtCPO6OBm+AnlzYY8NCpq2rMpLWuWpLCMTGVtzc92iE8qHGxxcHEc5SazLgfXupDCB24RqQhvLE1vsixROedhldZG55wArehoS1up2MlRySGwrcmBpbc4kFwx3VvDTtYBldiYGjA7IrWElLlakbqdOuzrRjjfC5UTaAByiEhjclQ5C6U+iVK7PRuhThDHOdK4ZClQxhoDsbpUsIG7mp9RI2MAAcpLk2F+AZpDQSSNlT3W9NgBiiGrOxIKiXa7Hemp3kn8RyqJ+t5xqKnIm62S/E7K+SeVz3uJzx7JRxEuwP/mo0ERdy3K0Vj6bke9tVOzy52B5Qzs2iqKJ6meEAsltlIAI0533Wxt1u0EZBGytKKyQs0OZG0bDlXkNG2EA6W8eiyztPUaXR/BFRZXUVqiOC4cbqzbSsjAwEUMDeG4Vfc+obdaj4cry6bswJUptnRgoQXJMBZGDlwAaMlVlX1HFFJ8vQtfLMOQ0ZAUJrr11FJr8MUlPyRjBKvbdaaKgAMMI14wXFZ5SZoUVPoraG119dVirusmuPkQ9vzWkip4YRiGMM9gmxYaScKQ05CRKzBpqqBn7pvmJxlF8LfOFIZCAAcJTswaoVgo6ckqVFCG4JC6GhgACeS1m7jgFIsmP2hAMDA7J6EKiPGG7lJrp+fpS3YQ+bEkxJfXT+auR6SSShYxPXMhNVdDhJJLmpvqqIdSQkleCCSSSTABiSSWQoQauZHqk5zQNjyhF2/KX8nOC8D1wkY5CYXAKK6VreCqc0gsB5HkHIOyjS1A04Q5ajsVDke4nYpE7sHY0HiL9Y00uAzpslDBcXcrgDjtyitjPcLHZefQvHfT0dNjC5EACMomB6LoaQMEJywW3M9np9H8aWBnCdsm5Cbk+qyTscjp1wUfQ9NBJ7ricd0iUjUkjujj3TcY7pZxuTwoVTXsYSM4wgjFthzsjCOWGqJjH+aguqDIdLRwmtNRWzafwjkqS9lJQwmaY6WN5KdCvJzr9W0tz4Q2GIkh724Cp+oeqYbdC+nppA6Q8BVF76wqJmmmoHaYhkAlZnUXnU7zH1K11Us8d5Pz6lmqh/5CT1M9XK6epkLnO5yghmOCi53wurVCG08hba28vk4G4GF3GE9JPyKcmxi5pGc43TsFLBVAnV1JJQgxJPXDwoQah6neqTiCSULIKJIh1NwU5sbjvhSAxujhWXJ44I6Y7hE2DkMnV3QTljgifOQRBzynBq7p3RBHtzhCl7Yxy/Q3ASwEkkQPY9NfwulwTM61AgR1F3GyK1obykQGkJHzAEKEOrhxykXDhAcM5GeUMpbS0simlxsAhZLu645ueTlcdvss0pZGndWclDc8k7bLgB9U5uRvhCGko8sawSSHDjsjtYIx6rjQCAAMJpznlE1gF8jjumvI0kZXTwfsgknPKsiQiTuAVxJcJB7oW/Q2A1+/CkUNN4soznAPKFT08k8oYwfcq8gp44I9LRv3KdXDPIq2WB4a1uzcAD0Xcj1QSSTjcJj3YzunuODO1ns7LMGbAZQWtLt0w5c5E4arbIljkDJqBwEowcAYXfxIzWjHCTuCGt3UykiDn5cONwhQU8ksga0fcq3pqXWQ0N3WW23B2fHaJzasmh9FRTV0zYIW5ztle+/DPoGC1Ujayphb4jgCM8/dVfwz+HzImMuNfANQAc1rhx7lehX++0nT1CMDcjAwVz7rWfUfG+OUYK6ffohdXdSttFOKKnIa5zcuIO+PReZfNPutY4nIHumXCvqr1WucXudqd3PAU+2Wx8j2w07N8+Zyxznlnoqotsn0VBrc2ngZ9ytXbqNlBBpDRqPJ9Vy2W+CnjDQMuHJKlSODcYCS2b644BSu8V+p48reypLtVzVEngQ8DsOAp1wrhE0wxHLztn0T7PaXvPzEw990tyyzUsYCWWztpmipqAHSEZAPZW54JXNIbtlUfUF+ZRQuijdueSrzwU3grupb8wZpaZ5JGQSFkm5JPcn912SR0ry9xyXHK0HTXT5rZRPUDS0bgFU54Fpb2SumOmS8tuFezy8sYf81rHNGPQBEGmFoYBsBgBCEmXHblYbrUdPT0RSG6t+Mq3oKFkMfzlXgAbtaUrXai4ipnYNI3AKBX1E1wqfk6Z+GjY47Liaq/MsHSqrwKWpluk3hsy2Jpxt3U807KKn1MwSAnU9PDb4MuxsOVDmnfO85dpaeAuVbPczZCOAGt9VJl3fYBaOx2oU+JqhmTyAR3QbBaWvd81MzbPlBWkLQRj0We18DDoeCCOFDqqoU7SSQU6okETC4nZUdwrW1A8KI7g7rI232FFZG11fNMDHFtnkhHttJFTxfMSN1PO/wBkGGIYBI4C7IXOwwnydwhGJD5JXTSapMaRwAdgnwQPuM7YI8tjafM4d0COMyPbEwbuOFp6GjZRQgEeY7lUFJ4JFPDFTRCKJoaGj9VDut0io2Zfu4fhXblcGUsWtx37LMOdNW1QqJnZUZIrPI7+bVzGurXbcsb2aFYW62y3CQSSNLYGHYHuu0tv8eVpk2Y3fHqr+GPSABsPZKaDY+OFrGiOMANbsAF2pniooPFlkDceqVTVQ0MXiykAemV5t1N1NLd5zBTuIhbkE9irUci5SwP6r6qqLrIaKklLYWnDnA/V7Kjp6bODjASgp9xkKc1mkYAWiCwJ/Icd2gAYwEajgcTrf+QTGNypkewARt4GxjgkQsAIGOFbUlLjE8rPsE6124taJ6hux3aE+sqQD4bOAkTnnoMZVzho0sCrnOO7j90WR/5rsY3yhKOQUzZmiR447Kzp2BuABwgMaGtwG4XfmACAFcngtliJvDbjIP5qNUVpaDkbKJUVJA8nJ4VjYOmq68zCe4OdDA3gZxqSLJ7VyU3gjUtJcL5OKelaWxOPmkxwFvLJ05SWaBjIw18vLnkd1MoqCGhiEUEbWtG2QNypLWkbrDbZkTKQ8AgbhOwPRdGcDIRNB9MLHOWexcp5E0dgiAd1xu53RQBhJeci94gPVLAXUkeCx2keiSSShQkkklAxq4eF1cPCjKbyDPK4unlczhAWJDmkbGwucQG9z2Ce4jByey8/6l6hlutcLHapD4YyJZAeT7JtccsMjdQ3eo6hrv4fb3ObTxnEjx+L2ClQw0tqpNyAW8Ad06hoae3QYbjIHmcqu4VTquQ9mt2AXSrhgNLJDrq2WtmLnO8vYKPFE6Q4I5TnMw/7rVdP2EuAqahgA7ArRnCGtY6HdP2IRxNnqmgnlowtGGNaRgYwu6A3YcBdSpSygkhwAxwok82s6GHYd12qqTnw4+/JTYo9g4j80tvLGJY7HQx43IRc4bkBNaR9gq68V5ij8GJ27uUyMf2EsyYK5XIO/kROyRyolNE6U8cqNDG6STA3zyr630wY0EtCNLIxvahUlK2I63tBITLjcGwgRx7qTPKxgwBjZUEglqpj91ZaWRB0tZLgf/MVrBTthYPLulTUkdOwYG+Nyu1LwAAFCA5nb8hRHPJ2XXv1HlMWiuOexfCEAhzPDRk4x909xABycbLHdRX5pcaeneTyCQuhpaHZJGW+2Ncct8jeob42cuo6Y8bOcD+yoYwd0xmZD7nlSo2hgyQvSUaaNK4OJbbK6W5nWkDlca4SbAJjnCRwaFNpqaOI5A3WtRyLb4OU9Lg6i3ClE7AALuoNGwUavrYaKLxJPfATIQ3PBnss2jayuhoIXSyv37DuSsFc7nNdJ3APOkFNut2qLjO5rXHBOPsErfSaSMt3K21VKJhuvdjwh1DQ6z5gr+ko2sAc4ccBcoqUNAOkKZKAMNCfjApLPYwn8ICXhgAErgAYNRVdV1TqiT5WnOfUqJuRTewdWVPiHwITtnDj6p0YZGwNa3zHkrghEAHl8yeIiQHH6jyVqqrcmZLL88HHtz5is11F1XS2eJzdQdjOd8JdVdVU1qpnxslGoAg4P7Lw/qC9y3p7tTnYzkbrs6XS5PE/UX1HXoa3XW/vCdS9V1l8mdpcWNJIG+wHsqiCEggkLkdOTjbj3VhBEONK7mn020+Na/X3aqfyXPLORQA8tU2GkGcgJ9LSlxGysqalAwXtyFvUFBZOXulY8JAIKMbHCFXTDV8pbWh83BOUavr425o6IZednEJ1BQto486Q+ok33S52ekei8d49tbphbVaoLNGa64FskrtwOTn0TyK251JdLGGRj6QfRS4LXJNpkqXcbgc4UmSanijwXAELPO09DTSq1hAm0lPSgPBGyhVt1aWFkI3GxKbV1wdkA7AbrDdQ9XUsINPSOLn75IWW6+MIuTCsjtjktrpfaK1QulqZBk5wAdyV59d7xV3dxxJoa781CrZqi4S+LM/I7A9lyLDW4IXInq3YYLLGzjI/BwSAT6pPye6e5ue64OClKW4zOeeAWo+qdnKa76injlXnJBmCE5EkaABgIbUCBGjlEHCakOVa4IPTEdn0hDUIMTEZc0FTGSAxyjM+kII5RmfSEPoM54fuuFmBnKNo9k0jHdTJbWCOdl1pOQF07Lh4RLjoXjJMppNOMqUHalUxPOrCnQyAjdaap5FWRJI5RBwhjlPAyE3GRMo5GFuUxGz7Jh5Qyjgro4kknNQx5IzhGEIg8qRnOyEQCOFJRIngAug4SPK4kpY6GKXoK1/bKOx+RhQQ4g4RQ8YRxZJRzyiU4tx5e6Y3J2JXIychEkbsmJIW00diAHJTlHZkOG6OCCOUSwRMWB6ocrDsRunYPquvAOMnCigmRAgzHdcRgzHdIxnnKkoYKbwR8j0XdPunEOBxhLwj6qsEFpICZk+qJp907wgRypgg3xCueMf6V3wTnK54eFMkEJST9KeHN9Ui0BuAEMxkbqN4IF1N9Usj1UfDgU5ry3gZQ7y8BElwOBCcBkZBUyUEJGEPBXA45TwW43R5J2JDe0coiSjJ0RS0g7DCQe8bdlIyPRM0tIIwrWVygsZ7HxVJaQHYVhHMHgbKlewghGhqXRkH07JkLpJ4YLhktiELHIyhxVbXbeqeM8laoyU0L2sYRpI2yuaWHLgA13qFIjbqO7cpSQ8OiYfdDJEUmidbOqq+hxDcdVZTnZzXnOB7K5bbbPfx8zYqn5efkxvdpIPssuG4A1s3Q2MqIZvGoi5rs52OEjGXg0Qnjg2kF3vNlPyd8pTVU3B1jVt7FBuXS1ovTPnOn5BFnfwjtugUXWcdZTi39RQl2BpbK0cfdT2ULMfM2erDm84af8wo6+Mjk0zJR1FfaJ3Uk7nNIOPN2XoPRvxLvFge11PVv05GWF2yrS+nubflLtTsc7gOIwf1WduNrqbNUeXL4HHLH+iy21b+DoaPU26Oe+qWGfWXRXxPtvUminLmw1gGdzs72W0nhobngzs0TAfWP+q+ILddauilbPTzPY4HIcDgr2HoT43T0umjv+ueEABr8+ZvvnusU6NvR9F8V9URvxXqcZ/Z700zUOmKpIew7NeP9UQODzkKLZ75RXmjjqKaRk0EzctPI+33RpKJzHeJTyHHOnOyzyjjs9pXZ8i3R6CSNOPVRJotTdJbkKWyQgYcN1zIdkaeVW0a47liR5p1b8NKa5udV2fTT1A8xP8AUfdYKg6kuPSde63XmGQuYS0/b1C+gpYhnYLP9S9JW7qWn+Xro8DGzmjf9U2u1xZ5ryngIz/1dPxIrLJfqa50sb45g9rhs4HcexVR8QPht0715RMbLE2mrYh/Kna3k+/qshWWi89A17mUzJJaTORknBH/AFWv6U6xpbsTAXaXgbsf/ouhTfuPF6nS781XRxL+580dT9MX/ou4mjukTWszhksbiWu+/oiWi9z00sdRBKWSRnIIOF9SdR9O2vqa3yW65wB8cn4gNwfVfOPWXw5u/RlfIGRunoicxygcD0K6EbE0eS1/jrNPL5II9G6U66p7k1sFynayQ7Nd6n3W1il8QADg8FfMkFVLE7LHFrgexXpXSfxFMdPHR3Il2nYP74VvnorR6/c1XYeqPgBGohAEOjjuuW+4xVkLZY3h7HjIIU1mknhCpNM7ca1LoijWwghxBCsaWv8AEcKerLXNcMDIUOeMEhD0+60QuZz9d4yGqhhka82GooHOuVrlOgnLmt7K46V6kimLYKp2mQYG6ZQ1xpnFsg8SN2xB9FDvvTjWt/idsJ0u8xDTu0roVX7uGfNPJeInp24y6/Z6ZDVnSJIpCPsVobbdPHj0OILmrx/pTq06m0FwOHN2a491vQ7DPnKE5afqbndaJwUjyllUoycWbMT6+E4tbIwse0OBGCCqOz3GKZgDnnPGD2Ku2v8AZZbaPQhTdT3R7Mle+npbc91wt3mjJ/mRY4Cpn0zqtvj0LMSs3IBxheiTNLsLP3GwSU8huFucRjd8YGx914rzHh9ybrPsv0d9X2KUdPqHhkSwdRn/ALFW5ErdgStRBU+MME4ysfJQRXEGogHh1DeQO5R7ReZKSX5OtyH8BxXy/wAn43bJuB9/8b5aNkUm8mkrqd0oyARjghFtF4dE/wCTq/sCeCEqWr+YOiQjOMhDuFubK3OdJHBHYrzFtSR6ONmVwWxnNrnFfTkGAj+YwK3fGyrpW3a2+ZrvqaCsPTXZ9G9tBcQSCcNeeCFPtt5d03X6ZJNduqXZx2wUlQGQa6N/ZLl8w3wJDnHYqj6lo6jp+5R3+2OLGSOAlaOD9wiVGIZm1dGSGPAewg7EFXtPNDdaExVEbZGuGHAp0colkeAIfDdKGO5U4AeQC7T6qBfbBZ+t7FP0/wBQUkdRFMwx+cZVfDLN01ePk9ZNJMdg7gZV68eFMJGHyu3C3abVTpmpIwX0KXJ+Y3x/+Bl4+DfV07DG6Wz1Ti6ln7NPOn9P8l5lG8ggYwv1q+IPQHTvxU6XqulOo4y+OoYfCeDgxu7HK/Mz4qfCfqP4X9T1FmvMZexhzFO1uGSMJOHBfSPC+WjbiEmfLPqPwNkLHbUjKROJAUlhJPKhRZG3KkxnuV7NdHgbK8dkoHLclFYSHKMOEX6TnlUZ5xyWNPOQRlW0EniR4yqCJ2MKyo6jTgFaK5ZWDBdW/QeZuk4CEjy4e4u04yop5VzTyBBD8lJJJA+g0cTqGsfRVbJM+UnBTTuMIBZvgrHfBTi4mii2VU1OL6PVLbWtqaRjwc7KU8B+xWP6Rue3ysjvYLXg6jwvJ6qvZLafSfHayOoqViKOtpjBM7A2O4Vr01Xujl8MuxjZMuMHix6wMkKrpZzSzeJ6LkaiOY7T0+j1Gzk9msdfmRpLuwWzoKzLQM52XlXT1xD2xvyd2hbSgrwcZd2Xm9TRjg9dotVuimzc01UNtwpzJMgLMUdUDgElXlLJkBcycdrO7XPcgXUVI2rt726cloJC82gBbIW+5C9XcBIwtcMgrzi+0Rt9zfhuGPOQm02AXR5yDcw7YUOraPDyRkBTIiD3QqqLVjHddCuw590NywYu80OiQlrctcMj7LzTqKixM57WYXsV0gOppLdsYwvP+oqFrzIGs+nfC9d4zVbYqJ8++oPHRtTbPPhocwwyjI7Kqq4XU8mwy08FW9bCYpiMY/NAn0TUwiI8w7r1dElI+VaqrZJxIUMpwD6cL0Hpa/U1dSi21TsSAYBJ5XnOkxnSdsKZb6t1HUNnYeDlTU1744QXjtZ/EuW5/aegVdFJSSbjyZ2K5G7G7diFY000V6tTcEanN591Ww4hkMMm2Dj8153UVuLwz6Dpbo5Uk+Geh9BX01Bdb6yTLgPISrnqGyC4MdGMNPIcV5nTzy2+rirIyRpO+F6lYLxFeaXS4gyNC490MPg9RpdR86+KbPKbtbKm21L2SsILTsfVX3RXUUrZX0suTpAI3Wh6rsRr4y6IDxGD9QvM5o6u1Vnixktc07rJOKtW1lJz0VinHo+hLPeG+Q+oWg8SGsjL2fUBleNdJ9URVkYhlk0v+/BXpVmujMtB5xhw9fdcfVaRxe1HqdFr4XRTibS21hnoTTuOdPGSrq0XJsY+UnOAdmuKx8dR8tK2pj3hds/B4VrK7/d/mI9wBkYXGtowd6m7fwbAyGJ4zuDwVIZLrAKp7Ddae7U4p5XBsjRjdTWSPoZvAqM6XHyu7LDKGDXnJYtd7IgODnCCxwIyE8Pz2S+UC1kz/V/T5usPzVMB4se5HqF51BLU2isEsLixzXev7Fez4B3PAWG626Wc3NztrNTM6nsHIWqq2S4ZnnDCM91HbmV8MfUVq/mNmbqljA3ae68W+L3w0Z1hZX3a0tbHcaYZGBgytPLc/kvZLVc32yoGkAsk8sjTwQo92o/4NXu0jVSTedruwaeB/wDL6L03jtdKlpr0cLyGijqanTLpnwW1mHlj2lrgSCDyD6Jsv8vsvdfjv8KBBOetelqUfLSguqomfg/xY75z+y8TZGyobsQHN5B5C+jeP18dRFNHxjyvh5U3Op9+v7kUHPbC6nPjfG4tI4TcEcrv15ksnkbIOqTjLsacnslgoiSYJ3DUk/BSwUorKOJImClgqBA0sD0RMFLBQyjkmRjCWHIO6lRXOpiwA7OEDBXNJQ7Bsb7IPKZcQXPVjx8KxiuFMWjf91mRxgpaizGN1HW/Rvp8g4/ma2Krp38ORmuaSC1ZJlXNF9CkRXaeN2rB/VUoPJ0IeTrZrGHKlRnIG3CycXUMjDksJUmPqcj/AIRTMPBoj5Cl8Nmrj4ClsHdZKLqlu2WHClx9XUwwdTsqYZphrKV7NUNWRyjRZPOVlG9aUuMb5RR1rS85KYa1ran7Na1mRujMbjG+Fj29cUg2yUVvXVIBq3P5o92PRf8ALr/Zs28bLu/osb/7QaUD6SV3/wBoVKBnw3fqiUy/5tKXLNq0HdFaCc4BWDPxFZ/wYnKO74h1ecQRnJ90amB/xCj9npOl3oiccrzE9d3dwOlmM+6h1HU/UVQ7AqMA+hKveLl5KqP48nrZLeScBRZrxaqX/tNdGwjsSvKjcbzKMur5s+zyohgqJXa5ZHPJ7uOUSkZ5eVk+Ixwen1XXlho9mTOlP+AZVDX/ABTqnNdHQUQI7OespFTjGC0Z9URlE0HICvc3wzNPV22+8D67qnqm7amPnLGO7MOFAba31HnqpC4n1OVaxwZ2CM+IYGyrDbM890vyeSrjtVPHjDQpTKRgA0tAwj6D7/ontIZu44TlHIiUlHsAKZrMDSiiLbYYQp66kjAGvBUGovkYOmJ26pJCLL64ey10tj3IQZblTQjzEKinulRLw/lQnSPlOXOKZkxWauX9JeVN+j04i5KrH1s02dTtioun3TmgkFEk8mK66cu2Okw/BPZca09k+OBzzuFNp6TB1FaYV5MkpeyOyBzzsM5UynoCDqkAz6qRHE1o2Cf9K011YYiU2+BrIms4CeCG4Tc5RA0laYxwLlli1eyQ1OIxwuhicBhaIx/YLeFyIMRWR4XWM1bBOAwmYwJb5EABwjjlC0O9EUA5RpAhBwurg4XU0gkkxJQg9JJcc4NGXHAQA4yEaMd0OWZv0hRZ6o50xvTYGue7JKGUsDYIO2RznIzh40Xh8BcjiwOE2aeKKMlx3CVKWCnHISSeCjpsAAHgAckqhqqkudrdv+adV1niHONlXvf4iy2WJmmuGBslRqdsFIo6GaskGkaW93FMp6cOIL+B3UioryxroKd2lv7pEuFljuiRJcaSgYIaN2pw2c7HJVZUVslS4lxJ+5Qy0nBzufZNIz3WWUsjEsLLOZJ7J7GFPjbpO+6LgEDAwrjFyAc8cDQxPY0ZAXWsJ2CK2PcHGFojFIVKQRjRgAKQ1nBQ2sOOEdkZOE+Mc8iZSyxwAAXdPsntjJHCdhNEykcDiNkiXHbK5nfKdhDJ4JnAM55yo08pA3/zRppNlTV9XpB2zn3WK69IfTU59CqqzAOSFRV9YXZa0grlVX6jgKtLy9xyVw9brU1tidjSabkc6QyOyUZoJAOEJoyeFJaBpC4Fk8nodPTtHM+yOBhBapAGVnZ0YROAEnARo4jnOOUo2bgkKytdDJX1TIomq0s8G6ij5HtXZL6esFVc62INhJjDtz6r37prpunt0DB4TS8AHOOFV9C9Ifw6mZLUtaZCAQP6Qt7GxrWgBoGFpqrxye+8T49aWClLsJDszB7Jkk54ATZX+GDjbZRI5TMTjstGMHcwkGc5z3BHb5WhAYNPIRM6sI0ww+zQTlZm+3Qyn5WB+OclWV5rPlKU6T5n7BZaFr5pS8nJ7lGYNVZxhBqGkGrW8b9lZnTHFgDhCjYI2cYKiXCs/lGNuxK0ReDnTklyRbpWvc0xRSAZ5wq6MufzuUzDnO05JU2npjsSmbzNLMuhrWkqTDTuceOUVlKHHjGFa0dO1uMt4QuxIZXRKXQKiozrbqbsFaaBGMBvKblrMANRcl+DhLlbk6VOm28sbGCSDhGAw0nCdHCANwmzOzhoCzym2boVJIDI4vOAiQ05yHELkMJJ1EbI80zKdm/5BUW2l0clcyCPJKzV0vQ3hiPm4z6LtzukkrnRRP3PJ9FVxUjpHAq3LaZbZgWtc859eSptNAXuGBlTKG1PnxoYXDvgLadO9INL21MjAPYhLnZtGU6SWoZX9O9KanCpqBloGQ3C3tttDYmiWQN48rfRSYKVkLQxrQA3hHdKIxlxwEmUnI9DpqIaeGEN8JrTkNwh1twprdAZp5gzSM7lUN861o6NxpqJxmmOwYO6ztNbrtfagvu7sQncMys9j6G/JGX2x7LGt6tuN9PytkaSzOC//VWFo6Vpo5G1lxmfUz8kOOwKk26201vYI6aFrBjGQFbQZ28qFM1Qoy8yDRgAAN4CkN0jdxwhMCfGxzj6JMp4N9dWOgjHNd5WnJKktbjdDZGG9kb7DKyylk1RrH4HoiNxuScKHPWtpxgtJk/pCUENbWNEk2I4zw0/Ulzz6GrgI+uZrMUI1P7I8VJLLg1Dtj6HhFpqOGA6w3LvVSctCRPIQxsDGABreE5LITXVEMYzLI1g9ScISHzMkkkvsR/NISSakoNG63eqTPqC4uZCgZIHCjEnKdk8ZSUIMSSSUIJI7JZwuEjChBpOOyYXnC454GUF07cbIXJE7OySEFCll+36oUswJUWWRJkzVp9LZqJbYIO+oPA4UaSQnYFcGSN0mRHOT2Wey3HB7bxH0zukpXHAHE5x+6e2PgYRmxH0RGs0n6c4WSdp7/R+LhRHakMbF30/ujtY0AJbNHHCa54x7rNOZ26qYwXB0luMadvugufnK4+UboBcSSA391ns5NEVgeSeyWMrrIy7sitiwM44SR0VhZGtblMfKGcplRUshaTnfgD1KriaitODuFca2+Rc7tvQ6uuOr+VD9iQmUdvdKBJNkHkBSYKGGn/myDcb79lRdQ9ZMo4zDbPNLxqHZOjUcjW+QhVHdYy2ud1pLFSOkmI3BDWg7krAXi+1t4OmSQshHDGlVz6urrpDNWSukJOfMeE9rMHlaKqscng/I+at1L2R/EE1rsgFGa3A4RAzbOEQAAHAWuMDhgkkjzskm7EQSSSSsgTQ30XMMSJz2XFAXLAkklzIUKOIcpwEnSY2UV8hedkpBjic7J0MTwdXZdhizgkbBH1Na37K2yHQGgcIT3jBG36rr5ACchRw52TgZ/NRBRjk495J2CaGnuURkedyn6SCMBB0ToZod6Ii6NxuF08Ks5LI6ROER7w045QsOe7OEWSDfMSEQDQAMLoAAXcZUCGHfdccRhIkboJzk7oZS2hJZGveQUzIdyUicoLncgFJlLCHRiPLhgoIeScYXNy5GjZjfTn80p/cV0Jre6IGgDBXQ4AYAQycqEbcgiauFwBwShoyYyEJGDuEA8pZPqmIW8FpCXBqds3lOAJ4U2jo92yOCOEcvIU5bES6Gl8KEE/U7dSQME7rrSNO2yE5w0la0kkY5S3Mc8ho5UJ7tRwHBcqJXasDumxsdscfuhYXQWHkLs2cjC4NksZVt4QWAQGCFLpoy44TIofEKs6WnAGABnCxXW4OlpNEptTkFo4wzIxztheo/Dboc19UK2rjBaCC1rh2VN0B0bNd61skkOoNwd+B7r3iGkounbc1oa1paN8dyufZZln07w3jMVKyxEmtraCwUG5a0MGMd3H0Xj/Ut7kvNc+TW4MycNzspnVl/qbnVmLxctzsB2CidP2R9yqQ98ZLWn0WC23Lwj1NNbfC6C2a0y1QjZTsILt3OPYLeW23xU0Qijbv3d6o1DSQUkQjhjDdsEqUA2JuSOfdKydKqrAwt8IY7lV9dW/LsJ7lGqasNJ7Y5UKgo5bvXeI5uYoylSlk0Rikglnt3zkhqZgdIPBWhJaxgZH9ITXFkYEELcHGNlHrqyK30w8Q5cM/qgKkyPdbjDb4fFlcONgvO7pXvuFQXgYZnICl3W6SVc7i45aM4yo1uoJLnP4UYxvuUTB5m8IPYLRLdqsMYPIwguK9EipoLfE2NgGQOU222+ls1G2CBgDseZ3clDmeZpNuyyXWqPBvo077CPeZHABTrXQfMTDVs1u590Kgo/F3wryZ8dFRjwmaS0c+pXK1Oo4wdGqvaRb1XPiay30hw9+xxyAi0NHHRQA4zI7dxPKDbaMHNbPl0jzkE9lKqXYIC4tk22b644I9a8yYYOMqRarf4tSzxAQBvsUKlo31c4A4G5K00NOyLGloBws83gdJY6DtjDG6WNw1NdKGNx6J2sAYwqm5VmC6AbFZ23ItIZc7hGWGFh1OPoq+lgJ87guRQ+I/JGVLw1jcAIAxr3aMAIT35w3HKc45z9lPslB4pdUyZwDge6FstPBY2e2CnZ8xOAZHDYegUi41cVHD4kh7bD1SqKqKihMkrsAcD1WaqKua41BlkJ08NHolSlktcgHzVNfOZZOD9I9ArKho3AgluNtkSjt5bguAz2VtBTgY24Qt4CXA6ipwwZ0otXVQ0MLpJXY0jIB2ymVdbT2ymdPO8ANGQPVeadQdR1N6qHeHK5rOAijDcVOSQXqTqOousng0zz4eSHEcY9Aq6mgJGSFyCAEAlTomtaANKdGGBDeTkUekYT2+bbCIMHYDCmUtGT5sZRtqKDgsgoaVzxkDdXtlszyRVVDPLy1pStlD478NAAbySp1XUmnxHG7I7pMm58IaKuqw0GNh9tlUyyZOTvldqaoHcjJUF0+rIwqVftlEkuz3Uin+oFRIGl3mJXKuuEOaeF2c8lXjBZJqrgWP8OA59SmQzPl8rG6pOzR3QbRQ1N0nbBTxlxdtn0XpXT/SNNamNnnDJKj1HZZ7bVHhFSeCp6c6TLmNuF4ack5bF3Wwgpw0AN2A4CLoJ3T2RkEey51trl2JlPI5jQ3G6MyM51LrYyBuUdjA0BZJyYlzGho224T8AhFLGkbbLnh+6zOTYLyDAOUQcJYCKBjYI+iAkkkkwgkkklCCSSSUDGrmR6pEjhDJOeVTZB5GO6E7LjtsnOBPdZHrLq4WqH+G252utncGgN/DlSK3MJLJC606okMwsNhcX1LziWRp2YPRAtVqgtkGp5DpSMvefXuudP2IW6J1ZVkSVk/mkefVcudUx+YIX7jkhb6a+chJZIldcXTkxR7MG2fVQjsnFoVhZLY64VIc6MuiacH3K242o0QiSLDZjO9tVVR+UbtaVsIw1jQxrcAIUULIWhjRgN4RWpcpZYw6o1RO0HAKdWVcdLHqfvngKDSh9QTM7jtlCGkkHjjDiCW8oruy6NsBBnna1uXcBRcsjy2DrKqOli8R7vsPVZwvkq5y8nZxyn3CqfVznGzBsApVrpNQ1ub+ZTUHF4JNvow1wkcFZmQRgYCYyIRtAAwoNwq/CeY8KyNZB1dcHv0N+yfRU4EniOCi0VK58he5uQD3VnhrG44UCHTuDG7dgq6aYvdhPqZy4ljDt3KBhMhHLKbwhac745XSANy4Lp2as11DfGUcToWygOIycFdHTaf5ZbUZbLY1puRE6n6jyTQUD9xs94/yCypGo7ndLWZHF53LjlEjb+Ir0ek0nwrD7OBqL3dLIWJmBuMfmk9xmf4TOO5XHvJcIwNyplHS485C6KgI384HUtLHH5y3c+qkluAuOHYbINTVR0sZe/8AREotlSfGRVNbFSxOllOAP3WHvN3muczmNeWsHZGu13mrJHMY7DVDhgLnAgLVVWc6+bbwMpqPLg4hX9vpWhgk0+wQqOlGNwrNrQ1ukDC0C4xGgBmzd8pzmHGopMbk7lBrKnQQ1o3Uxkao4I1XVZzCzBcUOCFlGzIALzuSU+ljZGH1Eg1EnygpM1TPzn/0Wqirnk599m54Q5jXSO1PWZ606wprLSOjicC/g4KL1h1TTWCkcxkg8RwwADvleDdQ3qe81hnmeTjbY7Lt6TSZ5PCfUf1DDxsHXB/ext+v1VeKlx8Q6M+qhU8LnEZ2XIYMkHCsYohkDgrv6fT7D4vq9bPU2fJY8tiipctzj91NpabzcKRRUTpsEN2HKsRFDC0aW743W9JRMcm7AMTBCRkKPXVkjwaeiALhs53oh1Fd484o6fk8u9FbWqyuijyXAE85G5Sb57lhHa8V4/c99hFs9nwPEfgvO5JV7BRinIldpccc+iKHU9NHh2AR+6qbld/GYYqd2PUrDOzHZ6ymnag1fdtLXUtMfMeSqasqooYXS1MmkjjKh3G501shNRUPbt77krzm/dR1t5q3Fsrmw9mhczUapQXY7GCx6k6wfWF9vtgIYNnSg/V7BZyKMndw39UWGLbcAo5ZgYDVyJ6iVr5AcXJEV7QBsFG7qVPwVFPJRxjk5OoWJiST1w8JplGpzdkM8riLIRLBGMFAe0h2w5XQSXDfCKW6hsrA/EFnITAN8pcHCcAMIOyzo90ZR09RrJAq4QMLq4RlHBZRAbmkprdnBGIHKC76iqkiBgcjldQWE5AyjtIxylvgMC9pOMBNxsc9lMEYxuEGSMZ4UyQjEYKNG5wPlTNDvRMwUcXtfBTWS0p5Gu2yP1ReCB6qtgOnfKmxyNc0YWmE8ozziSAcpEZQQ7BG+ykNOQmdiMbWC0+6Wn3TnLivaRD007kj1XGnJRRwhayTBEc3uhk9sKXI3AG/qo3c7YS0gk8AeDxslktx6J6WcKh6llBGOxjKkNe1xxkBQnD3XY3FpySpCQucckwxjGxQmvLc7IscgcMJOZ3Ccl7FPg6HZXZPVDa7BxjlEDg7O6tMpMZHJh2McqSCHBRcb5XWPLDjGVG8FyWQ5jHomlnsnMkzhPAz2RrDAcsEZ8WOAutLgdypAae4TTGOwQ4KUt3BzYjhMdGO2yIGkJ7FWCpcEbQRzsml2O3KmeGHZ0hA8B3ohccFxlnsEGtKYRlPMbgCnZ33Q4yMA6XBc174Uvwm44Ud1O4E7IJ5ReDnK7kpoBBTs7YVKTIIcorSNI3CAedk46m+v6olIiDrmn3Qmy47IgOsEYV7yDHMBO+6DLDpAxwUbTpK6TlFnJMkVrnsIOVMgrCXBsn6oXg5QyzCm6UeicMuopGEYRW/dUsFSWOw7hT4K2MkY/NNU2+yl2TXQh42G6F4E8G7vpUqIeIGuUxunZrmg/cIjRGpT6K4UsFS3Dm4d6rlJV1lkqS6PLo+7TwQrB9Axw1wP0n0SMOpobIAT6q5PAxVNckiC9UFy2LjFL/i5BU4vc6Mw1LRNC7bI3ws9UWZknniOl/tsh0FzqbdP4FYS6M7bpb5I5uPBPr7e6mIlh80TuPZRoJ3A4IVt8xBUxEwvyD2VRURGJxOMKnDIt2yi8xZqulOt7101UtkoK6RjSd2F2Wn8l9EdC/FWy9URspKiVtPV4ALS76ney+S8k43Uyjr5aJ7ZaeRzHjcOacHKy30e0ep8P8AUt+ie2csx/TPuMRBw1NII5QdLgSNK8P+G3xqqGObRdQSh7TgNevdqGttt4pWVNuq2SBwzzwsE04s+s+N8lT5GpWVsA4ZQ5GjClvh4zshuiwRsltZR2HHgqa+1U9wjdFVQtkYRghwyvL+pegqmySm62MlrGHJY3t/6L2UsBwMIMtK0tLXAEO5COubgc3W+Mq1sfvXJ5J051bK6T5S5ZB437FaOvgpbnT6CRIDwfRd6m+HsNaPm7STHUty4js5Y6gulfZK40dxY5uk4IcP3W6rUbjwes8Zbo5YtX2/swXXnwxqKOomuVnaA0+Z0Xb8l52xzmkDOHey+qXup6+Frxpe0heYde/DWOR0t3s7AyT6i0cZ9VvhYeL8j4nbm2ozPSXWdZa3NpZZf5ZOxK9ds92p7nA18bxqPIXzq9stPIYZ4yyRhwQQrqy9RXG0vDoah2PQnZMyn0c7Q66VD+Ow+gyckeyb4ZWf6V6spL5TMD5GtnaMOBK1DcEDZC24M9RUoXRUosj6CpdFWvpfI8a4zy0pFoLdggeCckhNr1LizNrPHVauG2xAr5YYp2C5Ww4/EQOQVYdH9V+BJ/D7k4jPlyVFp6qWifqaNTXbOaeCEO42Bl0jNxtr9L2blo5BXX09/wAp8v8AN/TVtEnOpZRvXa6Z4qYHZY7fbhX1qvHzcYY7lq8t6V6tkgk/g942I8rS7ute+N0RFTSPOk7+UrXOG5HhL6p1ScZo3jHamgpx4VDY722pYKedwD27AlXhcHN3WC2r0Si+ensU4lVXWkmQ1lHhrhu5o7qorqKOvYSBomYtRqfG/U3f1HqgVFDHM7x6fAJ5b7rw/mfDRsztR9l+lvq6cVGFjyZ6011QyQU1STriOxPcLWUNYyqHhvxqA/VUNbQCdupnkmZweMqPb66RzzDL/LlZ74yvm/kvF/E8YPuHi/NV6lLay/utqiqonNIz6EchZRtTLRPdbLiM07siJ530Fa6gubJ/5E/leNsngqF1BY466AuY0HZednTteD09Vwukur4qWb/Zq7uzEf7iYnOCeN/Ra6nr5rVVacksJ/IheIVjJqGT5arB8pzHJ3H5re9C9bU12i/gd7eGSNGIZjz9iUtxwa4z3d9HpV4tkN6oxMzBdpy0jlZ+z36Smn/hN02AOI5CiUl2qLHVimqgX07zsc5GEfqvpltyibcrU38PiADfKtJoGSzF46LxgDBrj+sbtd2WF+Mvwp6f+MvSFTb66GOG6U7CaSfG7JMbH7eytekb/JNqttxy2SMhoLuVf19HNA/5iA5A7eoXQ0GqlTPMTmamiF8XCZ+UfWPSF16Lv9RYLzTPhqqd2HscMFp9FTjy78r9C/7RvwTpPir0/Nf7M3Re6RhOnvIBwB9t/uvz8ulDU2evmt1bE6OaB2l4cMYX07xXk43xUZM+S/UPhJ6Se+C+0GyTJxhGDsjOFEY4co7TjsvQRf6PGTSfRIik34U6kkw4BVzDjKkMOCnReDLZHJeMcHR87qLK3JTaZ5OAXKRMOCAtEXkyNbWBJx2SByh7d0tQHfKp9BqGUHJGOULufumHODuU4jJzlZrY54IkSrdUupKpkgON916TbqptRTtlG+QMry5pyCtd0pcgR8u93suLr9LujuR6PwmtjTP4ZezWOAI34PZUNxp3QTHH0k5Cv2+bgKLXUwliAdyN8ry18c8H0DSXYJPTV2aC2E/U1bygriSADnC8hpJnUlW1/GDuvQbPXCVjJGnIIyuPqasnpdHqHg9At9wc7BJC0tvrMhucLA0VRpwVpKC4NGkkri6ir9HpdJqM9mvilBH3We6woPGpRURs8zd9lZUtWHNCNUNZVQOhePqGFkhwzpv7ked0rzkbqU8Zbuo8sJorjJTPGBklvvupPK6NLxyY7IbnhFTcIsgjCx99pA2PUW77re1MOsbDss3eqEuhcMeq7Ol1Px4OH5LRqyB49e6UOe5zW8bqhw5pwVvr1bj4BIb5m8/ZYqrgIdjHC9noNRvSyfJfqDxzg8wRXVlOceM1RGucBhWobkEHdVtXE+J+dO3K7qSaPF7Gnhmg6Wvs9DUiB8mY3epW6rqeOqpxVRgasZJHdeQtJHBII7rb9GdQyyH+HVcgIAw0nuFydfo5TW+B6DxHkPimqbHx6L2lkMrHQSHJA2V70teH2uuY1x2JwVSVlOaKpErPoduEZ7xK1lREMEYOy85bV6Z7zS3OElI9gZJBXxeNC4HUOMrH9UdMibVNEzDt/wA0PpW7yhwaZNvQraAx10JBaM4XOlDZI9HCa1FWGeKRie0VetuW4K9H6cvplijc9+/qqXqazhsr8xn74VBb6iqtkxaCSwb4KTbBWoHTt6SWT3213GKrhERdv6ZV/Za2OCd1trHeUjDHnjC8i6bvhl0mOTcdluoK1tdAD/xI9wRyuFqdPKEsNHqtNq4yxJGprYKiz1DaulzpO+3BC1VovVLeqQRTEeK0c98rOWKvbc6T5Ksw4geU91ClbLaazxYHFoyuRdXg60bc9HoUEgZ5SRhHL8Y25VFbbpT3GBj2TNEmMHturZs2WgOHmGx91iksM0RluRKa/PZdc1r2ljwC1wwQUEyaey6J8q+nkpxyed9ZdOC2TfO07SIpDuBwCq+3zR3Gndba0h4wdBPIXqNXTQXCnfTVMYcx4xuOPdeXX6y1XT9WcDYnMMo4HsVv0+o2PBkupyVNTb302u110bZYXggAjIc09l8ufFX4aVHR1+nr7fGXW2pdqjcPwc+U/bPPdfXPiMv9IB9FfAPMCfrHqFmL7YaPqW3VFmuULfOC3zNXpfG+QlTLKPNeY8VHX1bOpLo+LqjAI1coGlaHrzpC4dH3mShrCXNJ8jhwR2Wda4b7r6xoL4X0pxPhXl9JZpdS42dnEQcoaIz6gti5OMwjWghItASA2C6DhXsFcnMN/p/dLDf6f3RQcrqmwNdAcN/p/dLDf6f3TtXslq9lNhY3Df6f3Sw3+n907V7JavZTYQQOVwgH6l3V7JY9CiUQZPA3S1dDAeCn5K7g+qmxC/kGiIY4ThEAc4wurmAp8aQcZuPI9rBkcIjY2kcBByfVPBIV/GaI6qUfQQUzc7tACKKGnxu390ES44CIJyEXxo0LyCXEoj/koP8Au/3RPkoP6ChCox2ThVS8a9kPxjo+Qh+graGB3YIraWNuwY3b2UcVWSMhOFZj1U+Mn8+BJEEYH0N/REbSt7Rge+FFbXaRktOUjcnjYFTYT+dD9ExtOAcYwjsia0bBVP8AEpPUrn8Ul/qKJRwWtfBei60BPEYHZUP8Um/qKGbrMfLkokT/AIhB+jRgMG5IC6JqZoJMu/oss+sqH7h5CjOmlccucf1UFWa/H4GtNzo4iQ6Qfko8nUMAJaxh9is1uTuU/U0bZUyZnrZstKi+VLz/ACvKFEkr6yTZ0uQo+R6roaTumJNmeV8pds457zu45KbkZycFEMTj2XY6CTVl42PuiUWzPKTyMaDwN09sbzw3Kmw0cbRkNwVIbE1u+FohVKXYErcEBlHUP/CpkFC6PBcRn/JS2AYwBjCcBhaY0i5WbgMcTQQB2UhjQ0bJgcAuLRGCiJcmwy5k+i7gnddAOeE+MMim8CAOUUAYSAGE7BToxwU2ID0TmtyiRsGMkJ7WhvCJC3MZjOA1FA7pDlPAGFoSTKb9iDRjhd2CR4QyjawCnkJkeqagtJ1Dcoo3CFvAWDuQko+to3c7hR6utbpOOyTOwOMMk6WojjYXagT2CgOqnzbEqIHyTkZJU2mp3EjIxlUpZGKCQyOnc54KtYKTSAVyKnDADhFmmbHFpCtvaDwgc8jImkAhU9VPqO+Dv6olVNrJ3OFVVEhLy0du6yWzGQQ2plJwAmwN0+YpNjBJLt0nvzgAYwsU58jgpqgwFoCj6iXF3qlp9khqyNkDm5LAa45HYJwcImCkAMImApGGSSlkYB6IgaXcJNGThGaxxIOE+MdoqUto5jAUaNpyuRsKksZgA4ToxyZ5zExgOAjNbjhIMJOMYRWtzyE9JJCHMC1ERBF7J/hoXwA3kjg9sJriA3BIH5p88giHHZUdyuGjy+vus91saY5kOqrdssIbc7hG3LWuwBz7rLVte6Uu35TbjXGR+zickqCH5JJGV5fXa3fJxgd/Tab41gdrc92SnM790mhEbtlcWyTZ2KKkmPaEVoXGhEYFlcsnWrhwOjaSpTGDYkbpjGAjJClU9M+qkEMQy49kRvoqbYShopq+dsMDck8n0XsvQXRApI2VM8Tex3G6gdAdBiNrKmoi9Hb/AOq9VgijijEbAAAOyfVHB7XxXifi/wBWwkQhkcYYxuAAuz1Yh22JPZRKisZTNy7cngKqdUS1L8uyAT2Wjo9FFc8FgamWtlMcecZy4qxp6fQwZGEOhpWQxDyj1J9VIdKG7NCM0JcC04TJ5m08TpSRskZ8jhZ29XITk00LjtyVWcCbntiQqyrnuNQXPdtnYdgFLpYREwHSFGoYGtOp2/8Aop0krY2ghuSExNZOXOblywNXUCKMnGBhUcs7pScqRWyyzyb/AE+iaymDxgbJymkhDi5MbS0xeRlv5qzjhbGAu00bY4g3SpENMZTvsEuVo6ujk7TQOmd5eG7lTmt0DCfGxkMYDBwkxjpHDZLc8nRqpwOawuIKn09PkA4wnU9GSAcKU5oiYBhTJrVRGm/lN0gcqNG0vdwpLwZX7BNk007QSFRBkskdPGXu7cBZuvuctTqa04zt+SkXCtfUSFkbjgbKNFSF+Dvv6K1IVt3dEOKAvd5h9yre12iSqk8NjTjucK6tXThna1r2DJ34W4tdhgpacAtAcO4CXKWTRRpot5kVdm6fFvjifpG/ZaSGMMbuMBRaqsp7e3MsgAHAysjfuvCYjT0YMjuNjjCRbI6MNlKwaq53+3WsO8WUOLRwDysBdOqrnfpjDbcxQHIGVCprfXXipbVVbyGnfGeFrrfaYIQAI2jHoEn5OcBJSvf2lbZemGQSRzS/zZvqc93A+y18MGQNgMD0Q6ekxjSOFPihI5Cjeezfp9Io8ijgG2W/upccbcb9ko49s44Ro27bBZpywdOun2zkcWUdrWtH2TRsCTsFAq7o97/lbY1ssx5JGQ1JlLJpjFImzVcVPvKdLe5Udnz1yeYaZ3y8XJleMHHsn0ljLpBUXGTxXEeZmfKVeEtYNgMeiU7CnL0RKOz01K/x3PfLIRu55ypj2jlCfM3O22PyXPmWNGXHA9Ut2E/uEbKCcY5TJqmKEapZA0e6guuFTOf/AHXA2Vw/4jvpCJD0/wCM8VtykMsp4ZnyD8kuTwGpZG/xOoqctt0TXE/S548qY2yyTv8AGuMvivP1MGdCuYo2xANaxoaOzRgKQ0NP4QhyEfLCSSS+xn80msCSTElBoQkYO4Uck5Tsn1XFFwGJJJJQgklwuAQnyAqZwTA5xwgyzkD1TZJwAfZQJKjUlzmkHGDk8IO+qJzworpycghCLiTnK4s8pnpfG+Bt1OHNDnOc7uuAZXQ1x7KRHFjBws07j33i/p+FDwkMjjJ7I8cJ5T2RjGQu68ZGFmstyesp0cYHfK3G26Z4gGwCGXnJQycpEp5NcY7Q7pAFFmkLeE4AknflPZASQcIAyLqkefpUmOHLRlHETWj6UOapZEP6SgcdwTe3ljmBseS7bCg1lZrzFEOOfdMlqJJiQHbeybDC1jvEkGcI66l2zPZqsrEQIinmdmVuPzRZ6ymtdMXvcG6Rt6lAu18obbTmSR4c4cNHOV57dL5V3ebVMcMGQ0egWhVpHnvIeaq0yaXMy2v3V0l0j+Wo3lg/E7glZtoJOSclcYw8gBGZGSd1ohV7PCanW3amW6ZxrByO6KG90QR8AjCI1gPZMjBGJtvsYMAcIZ5P3RDwhnlG1gsYknLpOVUlkM6SMJq7grigqUsiSSXMg7ZVEO7eqGXBoyTsmSSCMgE8qFJM+WURxglpOCUE5DVHIWWqY8hkW7z2RYabGHOO/dFho44vMOUTGAUKTXJGNDQ0YHZRi5wJ3RnPbkjKBjBKJBRRxzy52kbJ7GloB0/uk1hJyj6dkcY5ClLaNwB2TtDfROTDurcMC5SyINa3OCgSu1cdk97y3b1QQHA5QYwwkhmHF26OxrdIHdcLQANk0AjlUFgc5NkIIGClI4Y5UZ7hncoZy2hpZHudzuo7jyuF+e6GXDuUpv2NjE6ZuRhBBJKWMlHbGW4OOUl/cHkUce2SiE4ACROBjCa1pyd1BY9cPC6mucMcqyEck5XF08rioIYkknNjc5UlllN4DUkTpX4A2HJVxDEGt0jhNpKdjI2hreQpOA1uFsrgsCLLc8AZCQFEe4nZHlcOFEI8wPoin+gUt3JzSXEFwRgBhdaG4AwuOcCqa2h4GpzWlxQgCXYCmUrM8rPbYa9Ppp3SWB9OzTuQtZ0f0/Neaxo8NxZn0VXZLS+510dO1hOpwGy+iei+lKexUkbnwjUcE5C5t03k9/4Lxf8AImm19iLax2e39J2wZa1pwMnuSsZ1t1aSHhs23AAVh1/1RHTv8GOQeVuAAe689tNHWdRXZpecxN85zwPT/wCX2WK2R7lNKSqXbJnT1qqrvP4rgQ0HLnH0Xp1BSMpYgxjQ0ewUW20MFvgbHDGABz7lT/FGOOFjf7Z16Kfjjhhw9rRqJUSorAPTCFW1OmMtGxKrYhNXTCGMbdyglLJqjwGiinu1YRE0iDhxPdaWARUkApaVgaANyO6iUcbKCn8NmC491NgblmtwwqSyNSyDfIynhfM8/SNRJXn9/v0lTIcOy3OAMqx6rvUjpHUsUmI2847rDv8AGr6lkETvM4/kFZlsn922JLp4J6+qZBE4kyOxsvTrJZILVTjyDxMbkqL0x01BaadtRM0OncM5PZWFTWBx0jskW3fGbNNTt+59namcvOlpTqWnL8E9/dBghdM/091e0dMGsGABsuLqLcyydemKRLp4I4IwG4G2UNjJK6cud/dMOMeq7jJ0hS4g2nhDWj3K5t1mTXGP6OSObC3sAOAorWuqpcDOEyUy1UoaCcA7lXVsotDA4gZKxzngfFpEugo2QRNwwep91M4TYxpGECurY6OIveRk8BZZy3MPsFcK9kI0MOXKlc18z9TjklM1yVcpeAfU5UprQ0IQooa1mgZ9E17ydk98gamxMkmlbGxucnc+iqUsDFENR0klXKGNHlG7j6BX5fFRwgYDWtHZcggjpYQyMY23Pqqm5Vom1QQuyW8kLNKQPTIVdVTV1QdR8oOw7YVjbLcNpJG4PICHarXI8iWVv1bgFX+hoAAaBgYQBPkY2EMA2wu1FTFRwmaY4Y3kpz3tijdI84a0EkrzrqXqOa51Bhp3lkDNgB3RxjkCbwA6i6gnu1S5jHkRA4AVVFDp3SDd8hSaaHxMgHjutMYqKE5cmPp43udsNhypgbjAOykQRMZGAG4wFYW6gbO0yPbtlU7MDYwyBoaASN8SRuPRW1LROe5scY2PPspDafLQ1rONkZ74qGEE51H/ADSnLcaIRwEmdFQQiCLAJG/qVSV9QWjLzueyVXWiIOnmfvyMrNVdzkqZS/UcdgmRgBKeGTpawudgYT4Gufv2VVTyOmmEXOVbmUUkYYRujKyFq6kUsIjafM4LvT9irL3VaIhkH6j6INqt016uHy4y5x/PAXslhsFLZaJkFPGOMknklY77/iQLltOWGwUdjpGxsYC/knG+VZDun6ds5T2REnB7LkXWuTyJlLJxjckZGUeOPSc4SZGBwFIY0ZAIWSU2wDmkYG2F1OSVgCSRkkvJAKMkkqbyQCkkkmkEkkkoQauHhdXCRhRhgyTnC4unlVHUnUVJ03bzXVI152jZqxrd6ZVRjuIA6s6np7BREj+ZUSeSONvOTwfssrYbBIJRd7uRNWyeYk8NXLJZ5+oa0dVX6MhxJ+XgJzob2yr65VAo4fEA+y101DF2Qb1XGICnhPncN8dgqOU6dzyU50xe90sji5zt8lDZHJXTtggblx7LdBKI5IPbaGa41AijHkH1H2W3oqaGjgEMLNIHPug2m2xUFMImN85GXHupobhVKTfQ46hTTeEON06STQNhlQXPdM/UUqUsFpEd8ElXU+JM/LRwOwU1rGsaGtGAE0N09kQnuh7JzkTuMKjvFY5pFNG7Gd3Ef5Kbc651PCdGznbBZ0uMj9TySXFPihqDU0TpScDK0dJB4UTVGt1H4MIL2jJ3U8YaD6BGEMrZPBh8Q4yAqKndNVVOQM77ko1fVPrJRDvjOAAp9LSx00Qaxu+Mn7qyBGMEUekdlCqJyXYDVIqZtOGqEdyijHLIM759UicBPUOtq44IjI84xnHutddeeEJlP2RL7dxQU/lIDnLzurnNVUOlLjv6qZdbjJXTOBeS3OwVe2M5XpfH6X40pM89rdRGc8RCxxZwfVElcWYDeV3WIm+uUSji+Y/nOGf9F2Ixwc/eS6OlbpE0zcvcN1PYAOEGMaWgeiU0zY2HJCYlngvsbV1EVLGZHu+w9VirxeH1T3RteVNvl5ZJmCI5cNlRx0rnu1nunRjjky32SctsRU0Bc4bK3paXgkIVLTgaRhXVPTAAZC0ReBUYuXYyniDRsMI4GE7QG8Iep39KLsao4GyP09lXynxp9WfKzZGrpiXCJhwTyht0xt0gYWmmvLM91uItIaXZ8pbsFS9RdRwWKhfI52XngKReL7TWaA1NQBpwSBqwSV8+9S9T1d/uctSXubE44a3PZdrSaXdyeB+pPqOrxVO2LzYznUl/rr7VOnmedycDPAVXTxEu3Cc1rnYyFMiiAwdOF39NRtPh+s112un8lzyx8NN5Rhqt6C3ggPlaN+E220b53DAwBuSrWQNhZgDhdFJRRhWZyE3wqdulgA/NVdZVy1M3ydHuXfU70TKySpqpG01Lkl5wXDsFprJ09FQhskwD38n7pE5ej0PjvFuzFkiJZenhB/MkILzuSVeSvip2NDsDZMraiKiic87E8Ad1laq6T1b8EnCx3WYPUV0wrXCJN0r/AJmUsiOGjYlZ673mltMIfq1uPbhRuouoI7bCYad+qpeNsfh+6xM01VVuMtTIXk77rh6rW7eDQuBXO4T3KUySuOOwUKONodlH04XGjDguNdc7Xllok00Yc3YJz4w0cJ9GAWp07PRFWMcMRyVswIB27KK8jPKm1OdBBG6rDkd1srZw9VF7shUk1qez6gnGRcjMFcUkNGnGFHIIO6pPIUlgcisQQc9kVhwVYo5LHkg4XGMwOMI+Q5uyA8mN2FMEOELg5RMZGcIZBBUIEHC6hDlEHChB54QSDlHTSBhQhGTmuIcCuHlcG6gZMY7UBvhdkGwGMqO1xaPujscDyULCisg9PsmaAN8KUQMIRAygJJYI+C1GpXnuVwj1QvpdtsrjNiWslg5xdghEYc7KLDIBjKlRnJC11PIhrkODkZSTWkAAZT8ZWhNAZApI2MLjSM/ZRxwVk7pJQpIcDUApIxgbLjhkKnXxkDfl4K8jBwhyA7YUuVgBzhRnOyCs04YY5PKBrhOCCF08rh4QJMMKyQgqZG4Pbg4/VVYc7PGEeJ5zlNhPHDAnAlyRgAad0JmQRlHhLcYO6e+MYyAm/wBxEeGNacjJQ3DUAnaR6ImMqSeRnYAPLXcbKVTygYUd7MoR1NOWkhUm4sHGS3axrxkBB0EFR6epkacOOQpYnY877I1JMFrAnNB7YTAMKUW7ZQgC7kYwm7U0Buz2cjxwQnaGkHdO8PA22ynNbjvyhxkGUkiI+Ib4HZRDG5p1BXPhtI45Q3U4IOGoZV5LVpAjkwcEJ+A/hNmpZQcsbkJgc9hALUlxGb0zrohyBuo7g/cY2U5rw5mCUJ0AIOyBxz0X0RWY2yiyY07JssJ5aEJrznBHCmAzuk6uEVh2wnNAxwuYLhsi28EEThcO4ymEEcriHlMrAXOVwjPZdwFwjCNSIBfGRwNk1rXtzp5UpmDyE18YKj/sRyxwSaC5SQs0v8yvqWaKqjEjHD3HosmQW9kSOWQcOI+xRRngdCew14cWJxeHYy1UtDem6WxVQO22pXkTY6lgdG4EeyNSybIWp9i3KHPSRVDcSxA+/dHEZDscIuWjCN8GhVQsXKKGShqKOQvpXuA5wrCkrYqtvg1TGh3qQrRrGkFulDNBTEk+GMlLc8A2aDCzAqKyjdTu1MOYzwfRRckHdXr4HR5bu+M9j2VVW0TmESR7t/yRP7zHOidXLQ2KRzXAsJBHoV6F0D8Tbp0rWNfI509McB0ert7e6808Qx423UqGc4CzXUpmvx3lrtFLdWz7U6T6ysvWVC2stc/nxlzHDBV29o9V8VWHqO5dP10dwtk/hyMOV9H/AA++LVo6oiZQ10zYK5oAwTs8rnTqcWfWvBfVdOuUabeJnoR5wuEZSAz9K7jCW1g9pFpgtHm1Aqsv3SlFfacslhi1kbO0+b9VcDZEHGFFJx5FaiiGohssWUeIXK2XjpKsdC8udBq8ru2FZxVUVbC3U4bjcdivUa2gpa6MxVcLJWHkOGV531B0XVWucz2kOfT51aDuR7LTVqmnhnjvI+DlVmdKyv0efdYdE0Nc91TFDhxGct9V5Vc7XVWqoMcjTpB2K99ZOc6Ht37j0Wf6k6VgusL5YmAOO+MLpQs4yeA8l4NWpyisM8ltl2ntswmhJz33XrXSHXENXCIq+fJOA1eWXSyzW6ZzCwgA91Gp6ieAjwn6UbeTjaeVuill9H0lDUiQjHB4UprAQvI+kuu5opmU1wflhGA70Xp9BcIq2Nr4HAtI9Ut8HpKL4Xx3INNECOECJ9RSvD4XuYc9ipxLXDZD+WD9zspDUThLMRt2mhdXsaBXSzw9Q0/zVJiKriGSBtk+oRuj+rJaGb+DXrIcPKHO7psRlpJRLEcEJ1ytNJfmCeF7YKpvf3Xa0nkPkxXYfM/P/S7bcqomqqIH07xW0b8sO+yv7F1BHWtFPOdLxsCe6876b6iqLfObNeQRp2DjwQtDU0roiK2idlp38q6E4r0fNdRpZ6aeyaN+TlClD2HxI+3IVBY794oEFQ7Dhtk91omua5oc05WS2hTD0mqlpZ7okZ7vGxLG3fHHqVFrrOLlF4tO/RVwjLmDnCmTwOYTLFse4CB4z3yNqaY6Joxg/wCL7rxPlPFK3dk+tfTn1FtxyVdLVOL/AJaqBZMzbPGVfWy4CKQRVhL43bAnsoddRQ3eL5iACOpZ9QG2SoVHK8uNNUjS9u2/dfOtf4/4ZYwfavE+Zjqq1lln1L01BXwGaFoc0jII7Lyy7UdZZ6gSM1BzDkEbL123XF1O75Wq3jPGeyidS9MwV8DpYmhwIzt2XCu07iz1Gn1G4ifD/rmj6gphZrzIGygaY3uO+Vv7bdKywTilnd4tK5wxncY9l88XW0VdpqBUUhcySI522yvRugPiCzqCnbZro0eOwaQ5xwVkawbWsr+xv+r+lmvpz1V044ujB1Oa3kHuCpfR3VUF3pxR1paJWeUh3KVmuc9hlMEx8aim8r2HcAFU/U/TzrLWM6n6faZaWTzSRt5CGuThLImUY2L45I090oTQSioh+h/I7FfL39qj+z7TdY0c3XXStG1t1iBfVQs2+YA/15X1N01fKLqm26WjL2NGpp5ChXO1uppdOfKdwu7oNa6p7onJ1tENVU6LVy+z8iZGT007oZWYx39URrzjhfU39qP4Dto5JetukraGt0l9bG3lzv6h78r5YAyCF9L8Z5COqioxPkXmPBvQScl7JDXBHif7KC0nOSjxu3XaR5ecSzglLSCrBsjZGjOMqnid5RspULyHDzYwnRlgxzjhhphgjTwhtJzhSHaS3PdRjyj7QKYcHbcpZHqEDJ9Slk+pSpIskNGMj1R7bWPoqpso3GRkKK052wu8j7rLfXvjgOEpQmpr0erW2sFRAJMdlJlAcM4ysd0fdSW/LSuyW7LX6gcjGF5DW6d1zaPo3jdUr6VJFFcaMwSGVm7XH9FcdMXAsd4LnfZMqIw/YjIVRTymlrDgkDK5F9XB6nR34WD1GlqiCAMK3o6xwcCshaasTxNcXbgYV3TyBu/+q4uopPR6TUNcm4t1w1AA4V5DKC1u6wltrMOAK0tJUhwAzlcqyva+D0Wnt3x5IvVdv1BtdEN284VXSnxmah+a1cjW1UDoX76gsf5rdWup3jyk4RVzCtWHkkPjBHCrK6jEmdtlduILc8jCiSxCYaeFuqsxyZLavkR5peaF7Kl2G+X1Xnt6pTHUOIZgHde3Xq2sdA8tYNX3Xml7t7Tr8m/K9Z4vV5weG83oNyeEYQsIdn0QqtgmhLSFPqYHRHJCh40nJ9V7Cm7dHJ8i1ullTY8lRIx0J0kbrscjmOD2OLXDgg7qbW0+t+towCFW6SDg9k5vKOflwlmPaPT+mL7R3qhbbqp2KhgwC47lTKdpglfSvOACcZXmVsuEluq2VMW5aeF6NS3KnvEIqIxh4A1YPdef1mmak5I934byL1EFCf5FpTSy0MwkaNvRbywXqKoY1zTuORlef08niAwykEgeU91NtdZJQ1PlcQM7riXVnsNHqHFqLPTZ6akuUWiTB9F591DZZqKdx0eQklrvb0Wxt9SHxtkYchwyp09NT3GA087RuNvZc+XDO3Kv5EeWW+uloZQ5jsYO69E6b6gjlLXF252IWKv9klt87iGYbnIPqq61XKWnqBpdpwUm+r5Vkqq16aeD3WmrpIJWyxOIwc7LXMqKa60wdsSRv6heWWG8CohY2Z+c8Fau13YW6o84yx4wQuLqdLjo7+l1e7st8T2uo8SPOjO47LXWi8RVcYaSNSoXiO4U4dEQ4OGyqhUz2qfIBxlca2rDO1VZjk9MacjnK6dlS2a8w1sTQXgO+6uWu1dlnawaoyTQ4S4PHKjXW3U91pXU1TGHNI29QUYjCK0tccZQqTiwZLJ5VcLZVdOXNjzktz5XerU+6xw1cDblSgBzf7wD/NegdQ2Rl3oHRtAErd2krzMtrLJWOgqGnTnDmnghdLT6jDwY514Mf8Qeg6brmzPjDWNqWNJa7TuV8i3myXHp65zW64QGMxnyk8OHqvu+ohZG/wASHPhyDUPZeY/F34XU3WdsdVW+NkdfDl7Tj6x3H34XtvDeYlp5KDfB4P6m+nK9bU7ofmj5TG/CeOUqymqrPWSW+4Uz4pIjpII4Qxg+ZrgQV9D096sipfs+KaulUzdbXKJTOMJYwhAorHDG5W+EjBgKgruAfZERp5KcsDUl0jC4rKyJJOx7pqtrBSYl0HHZcSQlj00/ZOSRRlgE5+S6kkrbIJJJJQg5JD0+66BhFlA4CZKWSuLuCh3EwheIUhISVxJTJYXOyGScpLimSYEm5KScoVwhJaCugd0QYwNkyMMkbB6cdlwQj+n91Iw0dktY/o/dN2C/kwB+XI7JwpcHzFH8TPZdDMHOVPjj7Bctw1lJDyQco7adoOQAuNdtjC6Hk9k5QXojTHCNreAi4yhF59E7xHeidGKXIDyPRNKDgogYc7rTHkWwur2XNZ/p/ddDCcFEa1vOEyMclAPMiMByntAzgBGDe+E1QFylgTRsMomAugHCctEYpIW2NHKMACAcYQ0ZExMpZEOUQcJgBynjhRAnU9MT0zOAhiR3THSsZnUeEB9wgaD5hkKpSSXJcY56Duwx2onCi1FdG1mDv+ahz3AyEhrshRwHPdk7pE7svCHxglywklY9zsNGxTCHuxtyjxQgYOlTIIAMeUIOXyRvb0CpKf1araGnw0EN/dcggwAAFPDA1n2TvxQcFkjOaWtJ9FV1dTq2HAUitrw8mKPYDYn1VRPK0DGc5Wa27BTg2wVRMdWyjFpccnumyeZ2Q5cJwAAsVlmR0Y4Q5xI42TCCTgLqe0dikv7gmjmkHsn4C6nJsYgNnADlPHCc2PO4RGswcYTFH9At4ORxkHhSYosbpRxqbFFwU6MciJyBsj9sI8bSANkQNAHC7gLTCOOTPKWTgaMcLq6khsf6AHJzvpJyNkxzgGk+gVBeLuYYHASaSf3WW66Ncd0hkKp2SUUjt3vEMIJG+NgPUrG3C4Szkku+o9jwhVdZLM8vc4nKjEk8leS1uulfZhM9Hp9NCtJITiXfUuJJzWnI2XOnLHLOlXAIDvsjtBQmAhu6kxjJCyyluOpRWcYDlS4ozjcJsTAVOigc/Aa0nPolJZOnVX6GUtLJUSiKJpc5y9Z6B6Ba1ra6taNXIyEPoPoXDWVlXFyNQyF6fHHDTRCKNoAAxstEIc5Z7LxXjNq+W1EimihpYRHGA0NHZBqK7wxhoB9lHkqXZw1NiilmlGB75K1JKKPUKWeEhkcc1XMS4/r2VpRUgjOcdk6GnbG3GM4Ro8DvwhcssdBYJDQGtxnhBcXE7pb+qG92GklRywHnPQOrn8GEvaRwsw46pS7uTlSrtcXOkMEZwAosBy7hDvyYbpZe0mxHSAAMLkwL24ynwwOeOFMjpdhkI93BnVOXkpXQkO3CJFHg7hWNTAGDGBlCp4S93orU8h/xx9OwuI2U2JgYNgmxQhg3GPzTnncAIJM0117QjAXOwrKjhAcCQolNHnBIVkxoAACtNmutE2IMjb2KA/z7ArjiWjY8oYfp3O6I0tLB12iJutxwAqa517ql7mZ7ItzrHSANi7bfmh2+1zVLwO7t/siyI25ZDt9vknlDdBx3K2Vq6aZqbMWDHuFY2qxx0gaZGggDOPUqznrYqdhzhpHGSpkfGqKXA+Gnp6KHUAMgblU196wgttK9sThqdzus11P1mWn5aBxJ9iszHTVNxJqKzPm+lueB7pFk8LAWcPCCVl8uF7mIaSwffOArG1WF8jhK8ZH+an2SyMa1rnMAb6Y3JWwobVgDyBo9FklJtmynTux5ZCobVpDQGYAV1TUAZjOylRUzGMDWsGykQU7nFVuSOxRpYwWUCjpRthvClCJg7IojDRtshSTMgaXPIwlzmbI1qI5rcEbbKPWXSmonYAMjuzB9ShyV9XXyeBboHjOxld9I/NWVv6dp4nfMVBMsx5LjkZWeUssYuCBHS3a8DxpHilpzxHnzFX9vttFQsHgxDXjBd3Kk6GjsBhdLSW7d0qTWCNiy0bjG6BLJ5S5xDWjknhRKqtEbjFEPFkGwDdxlMhtVZUtDrnUnB3MMZ8v5pG7DKwckrg86KOEzv/qx5B+akUtukMwqa15JPEbT5QpsdPFBGIoWBrR6J45VylkJI7GxkfljYGN9AMKU0jG5QBwnDlA2iwu2+OSlnGyXA2XEqUshnyqNk4bpiS+0H82pRTHpLgOV1QAYkkmueAFAxLhcB3CC+YDOyiuqAM53VNpFqLbwSZJsFQ5aokYCHJU52UZ7iSk2SOtofFX6uWIoK6oJ5CETkkroYT+aI2HuVlnYe98V9NQqSlNZYJjSSBhGjhJIKkRwAYJH7ojdLQNlmst9Ht9NoYQXCBtgGMkYTy5sXA/dcdNscBRsue7JWWdh0oV7Axm32bsuY2ykI+6cGHKTJuQ7gGWkJBpKktY0tyQu6G+iooCyEnB2RvLGBgZXH4BG+FAq6sud4cRzjkpiWRdt0aVlhaqrDTsoDg+d5e8pMDpHZcclKeohpm4kONk1RwcfU+Qys54OxhrMk4291QXzqmGl/wB3pyMk41KuvXVJfrpaTbs5wKzMo1kOO5TYJHlvIeabzXR/1CVMslTK6eR5eX9ygxxkOGyNG3gY2RSwDGybBcnmLbHN5kNDG4RBEM4BT2MKKBhaYrgzym2DxnfC4XbYRC8BpGOyAW78qijjnZ7LiSSsMSSSQ3VBCz7JaQnEADKCXHcKAiedPvlBfLoGdilI/G+dkCKKWeQNaDj1S7AooYWz1czY427dz6KVHTNhOe6PHAIhtsmP5VRjl8jGwmcIL3N0ncJzjgFRSC5xGUcl+ihjnEu5RGQnOohdZA7IcVKazYbKootvAxrcBEPCSajKzkGfrTTwkuYJ7K5LJDgG+6eQOyThgJjeUBMuTHkYQJcAYCM9zcYyocjvdKzhZGRWRsjvdRnuzy4J0jgTgFR3k55WebyaIxwd1H1TRkrqJFGTv6Kg28DoYxscIkkmAAAkmgHlCLzuYk9JDf8ASVCCJ2O+6ES4nKW+fZPwNGe6gXQJJI8pAZOELWSHI2lzw0K1o6YDDi3dRqOmIeHkZVs1oA2GE+EBFszuzQAAhTPw3HqiveAFEe/B9U9cdC4rIFznF2V0BLHdGAAGArG9HHcFRiTnlSCcgoA2ckWySGVV73gNTs1HdW9rts1dOIoAedyq+3wSVUzIIWkueQNuy9x+H3RDqbw6uSBoaOdQ3JXPut9HsPBeNlq5bEW3QPRUNvhhrnRtMncubwtR1Rfo7XRuAma15bsCeysKiamt1NrdhgA2HqvIupru+710rQctDsN39CsN8+D6TCEdFUqqyrnNRerkSwF5edyTsAvROnrPHaoGu0ta9w3VN0vYTTAVM45Ofv7LUSPGxzssMpNm7Q6eSXyT7ZNa9mnt+qjTVPhg8KNJVBgwoElUKmXwGkjHJSpSydVBJny1M2lmXFxwFeW+jFDDl+HSO59lFoKUQSNkeMnGytGML9yqSGQDQQH+8l+4yqXqPqWOjY6jpn+cjchTLzcvk6JxacOIwF5pcK19XUuPJJ7Im9pn1GoUPtQOqqp62fwoyXPceVuekOk2ULG19dGHSuGWg9vdC6M6WbE0XCuiBcd2tP8AmVr55hA3YJU57Rui07k/ktQCtqCweG04yN1EhjdI/K47VJKTnKn0sYaQcbrl6q7J26qsdEqgpgACWqwc4R4j2ymRMEbM9huiU8YneKotJaeFybp7jdXAJCzJyV2aQkaGnCbM7Ts3hS7dTMlb4rlgnM1RiFt1Cctc5o9d1choaAAAo8DAzGOydNUMpxlx5WaTyC1kfVVMdLEZJD9gsvV1b6ypAduDwu3OvlqJjqO3YLlHEzImeMuCSMRMgayJgaAAmPcG5wc5TJZsnYIecgqwwgy949Sry20PgtEkgBJ/ZV1ppA8molzgHyhTq2tfDGDHttwlWBgrvdcZpaZ252cVHtlBJOdzvyT6KPQ0ktfU5aO+XFa6jo46aIMZ+Z9UkiORt0NDfQAJx2aXHYDko+kDdYzrHqXw8263y5J/vHDt7KksguWCB1T1O+re630Ly2Jpw9w/EswBnYLm53PJ5RYgQc4ytMVhCZS3Do48425VvRUemPUQEqCh0/zZBueB6K0gpi57YombHko5y2hxiwdFROqJMcNbyr5sTYmta1uAAlT08dO0Na3hSHAEbpDeWN6QxrmtGojYKmr6/WXTuAEUe2SUO8XeNpMEbiGj6nDv7LJXq7GtBpGZZEOADufcpkINi52+hXG6yXCYtYcMHCBE1xwxu5UVuI8D1VxbqctImlbt2CfjaL3NsnU1PFQw+NLjURlDHzdzq2xQjW+T6WhdrZvFb4IG5Oy33QHRr4g261w0ynBYPQFKssjXFtsZuyX/AEj07BZaVriwGpcAZCRv9lqQXeiG1mHZKkswcHG64F1nyNsCUhuDnblEa0jbCI1oxwn4Cwzk28CxADCMBjYJAY2CelkGJJJJoAkk9JQgkxPTFCCTE9MUIJNTk1QgkMfdPKA5wZ35UUdwYO4XGitdLJV10wjijY57ifQDJXmVujrOuLo2+3Fzm2yN2qjgdtt/UQjXC4/+0W+spqQvFkpHZ8TOBUuz6eg/dapsUNPG2CFjWMYMNAGAAtNVZa5COkbCzDcBrRsFkbjcZa2dwLvI04AVhfblHo+ViJydiQf2VG3AHK2wW0fFcDZC7Ia0ZJ4Wx6espoacVM8f82QZyewVZ05ZnTVBr6huWxnDWnjK1yCUwznCWR6rhIUd5JyMoHYPUcjamUyHw4+ByUoo2hozhJgGrK43PqhTbYTeAnh+6j1U7aduXboz5NI9Vm7xWiZxhbIc98J0VkNYZHrKiSomLnuyO2OFYWWgbJmqmbkA4aD/AJqDbqT5idoeCWt3K0rNDGhjGYaOyYuCxyr7nVviiDGbajgqXPO2GNzzwAqyCCStlM0zgB+FpRkD0FOGt8eQZe7jPZTJJRG3jK40COMAngKHUy+IcBRLJAE8pe4nKTUtPuuEhoWmEfZTOSyCMZPCxHUd7+YkMFOfK3YlWvVF3ELPl4n4cB5sFYoyEZLt8ru6DSSf3yOJ5DV/H/pwBDJOeVIGGszjhDjxnJTpSZGeDGNyvQ1wwsI8/l5yObE+skDWjDRuSrqCFsTA0AABBt9MYIRrwSRlS9gnIbGOTkjgwZA7LNXq6xOa6mYfN3IUm/XV8bDBA7BOxKzbIXyuJcck7ptaBseFgE6PUR3U2KINAACTYNGNQU2liMrgcbBNM2xyeSRQ0WB4kg3PA9FNADQnMYGR44QcEuRjowSHZJPHCHPM2EZOEfZjc4VNV1JqJ9DeAnwjuYq6yMI8nQDK8yE8qBd7nDbITLKeM4R6ushoad00pxpBXinXfXE12qX0dNMfDbsdJXb0Wmb5PE/UvnIeN0znnl9L9lb1n1fV36sfEyUiJpI2O32CzUUeeyc1moj91NZTbDbleg0uncT4Fr9ddrrXbdy2DjYMcK7t1uOnxZRzwEy02wyHxnjYcZV0HM+lo42XSisI5+cvA6LRTxhjGAevuqm5VUtTO2hpmkk/UQj1tY4u+WpRqldtkdloOmenRTs+cqm5e7fJ5Klk9p1fHaGWpn/Yb09YIqCASyNBeRndWU9bBSjEu2yLXVMNBE58jhvwM8rA3W6urZnOLiADznYLDbYksnt4wjRBQj6H3K7mtmcBJsCR+Syd96jipw6lpXtdJjBOMgKJ1BfWt1UlE7Lzs5w7LOxwOcQ8nc98rg67WxXCJGWQup8zvEeS5x7kqQGYaNkOOLGFJ04bwuNO12PLNCi2QZ2hpACY0EOCLUDzBcwA1Ka5B6Yel+lSJRso1MA0qZNu0YTYND09ywVtUANh6Kse054VrMCSVBqGcYC1we05mthhZQJJcyR7rqYcgM1DlZtsF2LsjyNaWAYVt4HJFe5pBOy7nCLo3OQhEY5UXIixY4JEb9xldqG6jqAQg3BBzwpDXDSAeyegQbe2UngchMmB1AhEjIc1VjJAKeOV1wOeEPGEJA4IxyuoAJzyjDhQg1zfdc0+6IuHhQgIprC4OXMHUntAIUDzgkxnI5SPKBG7wypA8wCH+wSlv49g5WcYUbT7qaYyo8jVaiVJYQJkxBwrCB2tuPVV3hlu+VIgdpxuihLbwzNOOSduDyjRuG3uo7ACPuuhxidvvlaoCZxySyARshtB1eicx+QnachPf3ISm0zoIwuoBDmu5RQRhXGXopjXsyMKM6nIyc8qamuGQhnDIcZFc6PSVzT7o87CTkBDAx3WZrA9ME+IdhhDa/GxCmuYCMYUWaEjcBAMTTCRylpG6mxyB4G4yqppdkbY/NHhk0kK4yfQqyC7ROLdwcpzT7LkbxI1JzS3fHKYkLT/AGdIyhub7pwkycEJzwQBsixlAgsY3CYJXtdscYTiTjhDILTwqxjkiwydT1LyQHuypoa0gEFUwGDkKRHVSQkDVkJkbOeQJwz0WiSDHWRvAGd0drw4ZWiO2SM0kxAHKeG52TtAT9PupsIC8IZ45USqoHSeZuFZafdckGd8oJVLBN+1lG6KSEgEJ8eHDc4VnLTtlH0qulgfC/YZ/NI2YGqakNfEDw391FfCWnYKU2oa4BrhuiMaDvpS3Bvoc5NFdqczYtwixYwN1ImpdW4aogY+J2cKvuXZNyaCOj9E3R7ojZGuAyF3GobI+GE3gjFmO674fujFnqFzR7IJLBaeTmn3S1eyWr2S0+6hQi0YQi3c4CMuaW+itsJoApdJXVNK7VFIQB2J2QfD90wE+iieC90kbG33Smq4xrcGyYwcqa+im0eIzcLDteQdjgq7tHU1dRODKhwli9HdkUZHRp1WIqM2XdPVeEdEzTspow5oc3cIkQtt5g8WleC8jJA5Cr5obnannwWGWPuPZFwzcrpVNSfMf7EqRmnGSmGmZICcD391Ko5qSvYCSQ7gg8gpVVNU0RLo/M329EfRpnCF1fyReUZ+vtDt3xEDG+CqtzyxwGFsoJIapmDpJ7hVl4seGmpgHuQqa3cHF1Ohx/qVFPFPsN1Mgq3wPEsLi143DmnBCrHxluMbYTopgDhwWedSYim2Vb/ufQXww+N8cbYrL1Qx5AAa2qb5jj3b/wCq9yikhqYmVFPK2SKUamPachwXw1DK0jAC9G6C+Ll76R8CkrHmqt0ZOtrjuAeP0WO2nHR9K+nPq+UMabWcr1L/ANz6fedJHdJrshVnT/Utm6rt0dzs1WyaN7Q4gHdvsVZdisrWD6jVbC6Csg8piJyU7Y+hUfJ187IjfpCVNuL4D2p8GY6h6Ipbm91ZRP8AAqHbkDZpKw0gqaCodR1kZa5pxkjlewquvPT9uvlOYquLDuWvaPMCtNV0o/kzheT8HC9fJV+R4vfunqa5QuljYNRC8vvHT9TRTOxGQ0HuF7lc7PcOn5MVTC6lycSAZwO2VX1lDQ3SDzRxysPB7hdGu3cj59r/ABKf+nYsM8FbJJBJ5jjHK1nTfVlXQBrXSuLWn17IvU3RU9PM+SmYSzkHCx8bpKeYteS3SSCmbkefhCejnta4PoCx9Q0l1ha+OUA4wQTuCrxjuF4HZ7w+keJaZ5PqF6h071dBXhjZngZ23PCBo62n1EZr7jWObkIA1RP1tJBUjU0DPY8JpAOMFVGex5RrnUprLDVdNT3ylDXYjqox5X9yl0/1BU2OZtrvDC6F50teTtlAALTkHBR5ooLlTmGoaNYGxXV02ufUjxfnfpqrVQcork0lXRsLRXUDwWO38vZTrL1D8tIIazO+wJWJt1TdenpjguqKYjDmOPAWrppaC9wAgNa48DghdWL3o+Q63xd2hsxYuDdxSwzxh7CCCq6roZICaiHduckDkKgoLrVWWT5eqa58QPld7LX0tVFWU4lgeC1w7LDqdMp9gaPUy0090WVTJSCJoziQdvVKoZHdIfwxVUe+2x/9UevpXRNEjW4GcHCiRh0Z1jn1XlPJ+NhOPR9V8D5tpLkFSzPe40tX5alvBPDgrmiuL6XEFSNUZ2yeyrquKKvYJI/JKz9cpUU3jg01VtI3bJ7r5z5DQuuTbPtXhfJLUVrLDdQ9PQV8BqKdoIIzt2Xlt0tNZaK352iLo5WHJxtlew0Mr6fMZdrYdsFV1/sMFwhM0DRkjO3ZcC6lo9XVZngB0J19DeYG265PDaho0+buvT7LXxsYbZVtDoZMjccBfNtbaau2VnzVMTHJGc7d16Z0V13FcoWUNc7TUsGAT3WKUTRKrcso0ldQXLoa9m7W/LqOZ2SG/SttBXUfVNuFRRkCUDUWjsVBoqunulA+03DS9kow1x7FUNPT3HoK6eIwudSvIwewCZTN1vL6MV8VLr8w12tENwhkpKuBsjJAWPa4ZBC+CP7RHwVqehOo5bpa4C631bsN0jZuNwMduSv0jrqKKvpWVlFjDxrGO+eywfW3R1D1lZJ7TXwsexzTy3JB9QvR+O8hLSy3R6PP67Sw11Trs4Z+Vhf5i3b9UVjs52W8+MXwtu/w/wCpamnnpyIictLRtjK8/avpOh1sdVBSifIfJ+Nt0V7hNf4/wS2OxjZSo3eygNKkRnOdl0ovJxbIYLJkhLd0w8lCjeO5RM5TkIccCT0JOUKCDlLGCuLucpclkjJVurXUNS2YHYcr0G2XL5mBr9jsvNO+Fpel7jo/kPd9srja/SqacjseG1cqLVXJ8M2weH8hQrnQtLBPGMO74R4iDuEc4e3S7heVurfR9G0t2AVjrXMc1jncHBC2cD9hkrzqVr6Kqy0kNzkLXWuqdVRtdqyMBcm+vDPR6K/c9ppaechzSCtHbKw4AWQhfpxurGjrXRvBBxhcq6vceh012xm5gqdWOyr79bvHjFXGMFq5TTNe1pY76hnZWg0yQ6H7hwwsahhnW3fIsmfopfEi0OPmbsUTSQC1R543UNYRjDXFSyQ5ux5TVLDFyRX1kHixnbIHI9VhOpLSQwzRtOHE7ei9DeBuqa5UglyMbei6Wk1U6prByPIaVWQZ4jdaAsySzGFRSsLXZAyvSepLY1viaWY5WCrKbSMAL3nj9UrK0j5Z53xrTK92HMIIVVVQkE+XAVk8mN+CE2SNsrctHK7db3o+f6it1WPJTYc05PZW1iu7rbUg6jpccHdQqiIMOA3CiaSNspV9SnFph6XUy09inE9a8USxR1kByCAeVYNc2ZrZW8kbrA9K9QCJooap3GwJ4IWvpqoxP1M3Ye2V53U6VxPoXjNetTHKfJqLNeJKJ4ildlhON+y3FJM3VHKDljl5nG9s42HCv+n7y+nf8nVvyz8JPZcW+pro9hodVxssNlerTDcqYkNB2Xll4tslvqtWjSAefUL1akq9GMnLHcFRL/YKa507pI2AkjOAs2OcM6FtW/lGAs15fSAZccZ3C9BtN4jrYWhz8nsV5bX0c9sqHROaQ3OxU+y3h9JIPMdOdwl2UqQqnUOiaiz3Lp/qBlK8U0pBa7grSVtPS10Ye0jzDYryWhuMdRG2eJ+fUdwtn09eTO35WR2SBlu64Op0bUso9NpNXlbJsl/73aqjUwktB7dwtvYLyy4weG53nYFl5sS8hQGvq7bUNmgcQAcjHp6LkW1NPB04TafB6gHjjPKRkLNxuqa1XWO5QNIcPFaPM31VpG4AbrPswOUskhk5J0uGFV9R9OwXamMrGgTNGQR3U5w1kadkSKfSAHDhVFuEk0RrJ5g0GCb5WoBDM6HD0Q6qlMLy36mO3BHotz1R0+LjF85QxtEzN3NH4v8A1WUcBM0RO8kjPKWu9V16LnJ5Md1WTxP4wfCOl6spH3C1whlyYCWtaMeIvmOop6mhqpKKrp3QyxHS5rhjBX33V0j2uGQB6FeNfF/4PRX6B97s8LWV7AS4NH94P+q9v4XzHwyULeT5t9VfS61UXqNMvu9r9nzQD3CcCcpr2TQTOp6hmiRnISX0OFqmsnxy7TzoeJBxwnjfKCOUZn0hPRkawdSSSTAhJJJIwQqEkiqF9gkkklChJw4TV0DJwhayQHuDwiNkIGMInhAjOEMxnPCoJPIQHIykhJK8kJGR6rpDSo2H+qfkq1L+wA8t9lzR7Ja0tfsrLHafdN0FODsdk/UMcKFAl0cpyWCrj2JlLLHAd11JJaorCL7EnYHKanIgTgByitJAxhcLQOAigY2RxjkhzBPsugFpSacuCJpaQNk5RwU5jcDA9UYNGdkwNI7IgaSmwjkCTCCMIgYAcofKK1u/KcomebO6QCAOy6AcjbZPbwiADKfFYKc8jWtzjJRWtxgpBuy6BjujESluHhoC6kNkkQwS6Dg5XF0NJ3ARN4EhGyA7YRQRhRCQOU19SyMeZ37q3NR7LSb6Jhe1vLgolRXMYCBgqsq7lglrXFQTJNUH6jhZ7L93EB8KWuZE2ouL3HDRnKiCNznZIO6PT0xOC4Z+5UsQtH4UEHZLmQyThDpEWOmwM4wpkUQbjb912NvoEaKEkrRGC7AlLPQmR7gAKxp4AMHTgJkMQ22VhFHpAdjCjaiRLPIo2NYBnbCrrlcdWaendsPqcP8AJDul1D801McafqcqSWYMGOcpN1uBqXpB55QwbHchV8khdyUyeYvKaN8rnWWuTHRid37nK6B3SaMlO47Iey+jucBPH2SwnpsYipSwJPa0532TmNJ7I4YDjIwnxjkBvB2NoIzhFjjAPH7pzI9uEVrCDwnRgInYdhYPT91KjaMDZMa0DcBFZ2RGeUsjsbYQ9KIkrk8ADVw8IhxhZy8XptKHGN/G33WezURr5kNqqnOaSQ+9XiOnjc1r8AbH3PosTXV01VKXyE4PA9FytuE1U7MhyM5ChkknJXldb5CWok4xZ6KjTKpDycriSc0HK5T47NkINsYAcqUxuw9UmsGNxuigdkmyWTo0VNcnPDBAACkwREn0SiZkjKnRxbABuT7LMuztU0vCaFDS5IIHJXpvQvQ8srPnazS0HBa0jdROh+ipZnx19wi8vLGHt7leqxshpYmxxtAAHZaa445PXeK8XjFliDxFtJTshaB5QgSzSSO0tbym5MrhupdNTHILgnZ/R62MVjg5S0b34fJwrBkLWN22ykyMMaBhdJGFHLI6MEjrn4/NdjDiUEE6keN2OyAZgIWgA5cqu617IYdGRk5/JTayojhj8V7sALJVErq6pc9hIYDkk8KpSwLm+MDMOkcXnJ1HlWtHQv2c7bPHsn0FAdIe5o3GQreGnbGBlVkSq97yAhpsY24UoNEbQcZTjgDYJj3bYV5Gxgo8kOcGSb2PZHgpQ0A4wnMgLnZIXZZGtaGjsjSySQ2TSMAFDZkuTCSTsjwtOQcI9paeSbTeQDZSvEHp+6hRu42RjkkdlQ+AYP1IEzz9I7pz36Gp1LTukLT6qDlzwNhoTMQ7Tvlay10ENLG17owXAKPQW5rAMt2+6bcrzS2xpGrWW9sqZLliCyyxuN2iooC+UgDsM7rzXqDqmquEroad5DW7HBUW+3+qu0hZG4taTgb9kK324aBkZz39ShlJgxk5PArZbHVDhPOMkcArY2mymXzyOx7YXbJZjLjyacDbK2dBbvlIxsN/bdZbHlnS0+lcnlka22uGA6tOccBW0ULewwnRwejcIrAGHcJcmdujTqCOww5OcI7WhoPdR6iqjpWFxIz91UyT3K7SCnp2+HE7cyHsEhybNaSiTKy8U8LNDDrnJwGD1TGW2qry0XDDYzvpBU6gstNSzCd7fEfjAJ9fVWZGXbDJKCb/AESSyDpqaKGJsULA1jRjZHAwMN3PZMlnhgGJHafZU8tVcLhqhoWuhjPMrhg/kkTe0hZVd1ho4yZRmQcsChRQXK5/7w+d0FO7iIHDvzUqkt0cDAJB4jhy52+VPaQ3ss7k2XGICnpYadjQxnmHLu5UhJJCEPXRyuJKmWlkK0gBO1eyCOU/IDUDZYTI9Usj1QCTnlcycZyqIfLiSSROF9qP5uDiRjlDJwcphlwgunGCo3gELJNgYwo0k2BuUGWpycBR3Fx7pUrMG/SaC3VTxBBX1GcgFRnOc4nHBSAcTueUdsQwDhZ7LvR7rxX0x/XZyRwwkgkIrIxkZCIGDOyK1gCyzuye30nioU84ONiGNl0ANOe4XTIAMBBdIcHGf1WWdueDr1VRjwgpqO2lCdKX4HCGNTjwitYUpts0xjg5jO+U9rACnhm+AiiMY4yhCGta3SNk4NAOQF1ccCoQRIwmPcI8ZTZaiOFhcXb9gq2apfPs48JkIORk1GqhSsyYSvrNZ8GE7DkqPEMYzumsAByVWXO9xUYd4b92/uVpjVhZZ5rW+Ti/vkyfV18NBGZJCPYZ7rD3u/T3AOawlhJIz7eijXG6z1kplkccHgeird3OJzyhaweV1fkbNQ2lxEaxjtXqVKjYdlyKMbe/dSo4xgbJkINnJlPA0Rgb4xhEDMu5RBG4p4b7J8Y4FSk2cAGEMkhEJGEJ3KaUo5GveTsNlx24SITQcqDNiRzB157Ig4XBuc4T8bYUKazwNTXuAGUx78cd0I5zlQJIdJIXcBCe4gYaMkrs0zGMyeew9UqSlfJmSQ4zwChayW3gEIJZnDxNmdx6qWxrYxsugadgUx7y4qbcdlKWTjnHJ3TSQE4kYQsEnAVYxwMGvcXHAXY2EnhFbASM42RGRd+MKkim8HGtAARXNABKQ22wmHZG1gpSyNPKYnJqEISbpHZNDXA5wkTgZVylggiEF0oAOAkZORhBOOcpUpYDjHInSHhRp37YHdKaQA4CjalmlPcPjHAi4lcSTmg5QDujgBypTQAwJMY3GcJoGfyUA/IbjfKfhunPddJZue6EScqEEedlxJJQgsb5S2IIyEicBAycqMgTv90aGMlwKFGC5wCsqODTjUEVcMsXOW1B6eINYDhSHYASaAAMBBmcAFo/Ayt7mBnkwdiuNdq7IZOSU6PurNEFgakkkhl0WPSbDrIDeT+6XJWw6C6YN1uLKiRrtDTgbLBfLJ2vFaOWqtVUVyzUfDDo4yPZXSQ5xjJcF7ZFEymiayNoa1o7KBZrXDQ07IYowA0DV7lQutL7/DYfl4CNRbl2CuZOXOWfXfH6aHjqlBLkzXWvUE0kjqeOXfjAKpenbaKqX5uoGRnYlVxEtdVAOJe+V3K2tHQtpKdkYHAWayW42KDts3lh4gY0YwMdigT1mkdv1QZnhgOSVXy1BcdIHOyzTlg6kGyTJVPncA0YyrWgomDTgZedyUK228wQtknaC47jPZXVBTujcJns2PAKWaoLgNDTHSMhPqquK3wmSQduMoxeG7gLFdS3aSWodBE/ygYRFW3RpjllTf75PXzuY1/lzjbspvSnTktTKK6fAazdrXDP5qFarQ65VbMDZhBd7r0qjpWUsLY2MAACXOW0TpaVqJ/LMPCfl4Aw4JAUCqmMrw0cBHqpseUBR2DfJCxX2po79UAlNEcjLc5V9RUehoke3c8D0US2Uj3ESOGAPVSqyqMbgxhztuuXbPea4rYOLvHqW024YT5sd/ZWehsTQ1oAA4A7KNaoA5nzbxyEd+p52BXKssbk0Phwhjaf5mcNzgK5ggaxgY1oACbRUjYWanbucjueIxhZZTyPTyDc/wAIZ2Weu1yzJpblyfd7o4EwtOMKkj8Wpm1Z/XsllkyHMztZCljDW4QYQ2NuwTXv7lUEGJ5JKk0EfzMpaW5A5UKNrpjgArQ0cMdJACGjJ3JS7H+hyW4LLNFRwZdgADYBVUBqLjUFgb5T+yHUSzV1UIxnc4AWqtdrhpoWgM83JJSnyFjAWioYqKEMY0ZxuVKJx2S2Gx2VLf8AqKC2QOiEmJXjYJclnopvBD6o6obQMdSUjtU7mkf8vuvPXvfI8ySO1OduSUeed1VK6WQkuccklC0+6bCODNZPdwNaCSMBWVDSPkLfLjuSUCipnzSgNHHJK0EUHhtAAx7preCQg28j44ywBoGVc0dMIGa3Y1OQLdTNcDUSNzjZuVO2CROW41pcCJwqy/XL5WmPn0aufcKVXTinhMvovObxd6i4VTi5x0g4AB2WiqvPIi+WB1Vc/mHERjA91Akdl2cblDLtPZTKOne45IWlRUTL+TC2+gMpE02zRuB6q2c/U3AGAEOCN+A0BaHpnp991qml7Mwg4Oe6XZZGuO6Q6KwTeielhcqgXGqi1xsdhgPGfVeswxMhjDIwAAFFt9FBQwMghia1rRgAKewEnYLz2q1HySyEPDcbojQc8JzGcEhFaBhc+UxcngQ4T0k/sFQDlgSSSShQ9JJJQgkkklCBCRg7hAPKWT6pii4IJJJJQg1JJczhQsRXnPxFvdVW3CLoywP1TVA/3uUf8JvduVpOteox07bg+JmurqAY6ZhP1SHYfpkFZnpKzPttKam4HxayoOuSR+7ifcrRVDIRbWW009ht0VBC0EsG7h3K7cqxlNFqcRuDhEnk1Ak7Y3WSulwNVVEA+RnlAWqEeRkINgXymWRz375UyzUU1VWNcM+G05cQo1JTSVkwijHPJW4t1FFRwNijYBgbnuSmTxgaSqaNkTAyNuGjhGdwEmAAbJj+VlbGx5ZzJQtPuujkrpOVEsjnLajgGE1xyE8lRKupEcesdkyMclNlde7g6FvgRO87hv8AZUlPC6Z+c7nuu1c7p53PO+TsrS2UfhNBeAS7da4rBFLJOoImQxtDWbnkqa4NDckj9UFrWsZn0UGtqyY/BjyXu4Cg07O51dKIIvoacud2+ynNYxo8rcYACj0kPgQAEeZ27kZ8gaCoTAKeQjYFQSS479iizu1HYoQ2RwhllN4HqBd65lBT+I52DjYeqlTTiIZ24yvOr9daitq3gyHS0kADhdnRaR2ySZh1eo+KOSLWVL6qZ0jnE5JO6ju3IOUzPOSmZxk5yvXVaeMIqMTy1lsrp7pBXyeG3bZS7bAX4lcNlAijdV1IiAOARlaSCAQsDQ0DCa4qJcY55HNdzsoVyrHQQksxlS53thidI87AZWWqauSomc4nLeygzoBO99VKXuHPZPiiEYzhEYxoGSN00v1HAGyfDgRNZHaNWwVtRxtgYNMY3G+VGooHSO4VnI1oiyBxsilLAdcMkeVxf5WjCc1oABOy6xgO5UKvqmty1vZXD7pJFXPZDIG41weTBA7jkqA3DcuOAU10uXE+qxnXfVYtMHy8J/mEHYFdvSaRzkjynlfK1aSp229Iovib1lKyX+D0D8OLfOQey8xALyT3PJRJ5Zqyd9RM9znvOoknJRoKcuI2XqdNp1FJH57815e3yeod1n/RekjkEXmGQrmkoXzgFoGEO320zycbD9Ar4sihY2CBvG33K6ddaijz1lrfBwlrI208W2NiVBuMxpGiGFwM8o2Hopdwlp7TTOlmkzUHZseO6J03ZpK3TdK0Zc85Grt7BVOW3g16DRz1c8ImdL2ABvztZH5ucHur6vukNFTl7wABsAlVVcdHTE40sYMled3vqB1wqXsZJljOwOAFkvsWMs97VXDT1qMVyK8XiW4yvDZSGt752AWGvXUBm1UNH9A2e/8AqPsgdQdRCdxt9vOGtOJJB39gqumi8uSF53yGrz9lbLc3N4ONaS7OFNiaB2Q42gHhGZyuI032aqYh42AhPlaA3ZOiB08IhGVMYNyh9pVzAZwhtRKjPju9EPOCl+sGaawwkR3HupZOWDKiD6gpsGSAFcHyOqWeCHKzzZIUWpaNjhWE4AIUaYAgFbqn7MeqTacStLd901HcN9gmPafRPbysHClHDwNZypDTqGFHapUDdRVBVvMsDTGMcKNLEc5AU8xkd0GaPIGFf+BllWSKMdk5pOU0swcpJif6MsljgOWhzcoLCWP0FOY4t2O67I0F3iaeUSAwELQ5uQo5GDjGESJxbsd0pmF3AUSJ12R2fUFJBGOVG0O9E4B4OefzVhskJJjXY2T1CjmAhkHKOmYCpkAtUiI4wAEzHuuatB9UnDyRcckwEOaQAgOjOeEamc12xRZKcOG3dGnwOS3LkhFrcILTg5Uh8J3KjujcDsgTwJnBok09SSQCFLlbloLVVNJ1A+inwTgjB7LVCe4TNYCMkGQ3hTG4DQQcqA9p7IsEucMPKfCX7Eyj+g8pDjsmR5zyn4yuacIwQw4SIymNIBxlFHCaLXBHfGCc4UaQFh4Vg5vuo8jMjOMpNlYcZEVqc8NI2TJGlp24SYdkge3gE+MDcBDHlPKlO8wUZ0Ryga4LUskinqMHBAwpwc2Ro4VSRjCPBUluARsrhPkGyGeiXNHpwQOEmyh+BhPY9rhgjKBLC9j9bCcHdOxxkS1wGfGMbIIOOQjRvy0Bw5TiwKJgPMeSO1M06vKThSCD2GUzDu4QSTCjIawFmHAKVBWgEB36IKQjaRwopSiy5VqRbU8rZgSFLG/Cz7HywuBYcAe6saO5iRzWOOfVaY3ccmWytx6J+CE5OBa/gcJaHN4CankRnPA0DOU2WkbK3Dht3RmbnKLpGMKsZAU2nwZ6vtr43B0A43Q6Wq0ENndx+S0rWtzuFArrPBUPMsQ0n0QSrxyh8L9yxIjNdHMPLuEGemDu3KGHPoZND4yWhWMLmVDAWpTipBqW3lFNNTPiOQF2E42cFbSRNIIwoFTRSDzRjIS5xlDlDFYp9jMA8FcLMjGUFkj4HYeFLbK1ypS3dhKWOiKYgd8IJ2KmkbfdMMR5wi6KyCTA1wOcZRCMLuAhayNTOZ2xhNdECPKN0/T7pB2/CoYwGmWN2SzZFa/UNhhG2c3BCGYN8+qgCYahqqihkEtNM5jvY4W3s/VdDWMFPcR4T8Y19isHjCcQTwVabXRr0+plp5blz/b0en3Dphsw8Wlf4co38u2VAorw+3vNDdYydO2SOQqXp3rWvtDI6apPjws5zyR2GfZb59NZeqaJk8RjOsfmCic5f1HYo2WP5tHJQs/5fTKmo6cjrmfOWU4Lty0O7qHBcGQuNFcjokB0+bunyMuvS9R4XiOMOctd7K2ko7R1VTeI9rW1QGzgcZK0JbefRcbFqc1pbbV2n7/wU1ZYqWpaXxgAkbELLXG3yUU2lzCPTK0xnutglNLcqV7omnDXjc4Vu6noL3RYOk6hlru4KlkP0YnTHUfZ+M16Z55DOWuweysmTB7BgAgo936alogXaSW9nNWf1VNLIRrO37rNOJkj8lDxNG46V63vvR1zbcrTPhx2fGfpeF9KdDfEyyddU4dTNdT1bWjxYZNjq74C+SaeUTRh/wCqnUNbVW6rjraSd8UkW7XMdpIKw2V55R7bwH1PbopKFvMP/Q+03MwkvKfhz8bKW/MitfUsrYKpo0iYnZ/pn3Xq3O44WOVeWfWtDr6fIVK2l8CSSSQtG/KkCmpoaiMxTxtkYdi1wyFkLz0SdTqizuZGOTCdh+S2hICiySF54xhEpyg+Gc/V+Pq1UXuXJ5TNHpc6nrItL27EELHdQ9DUtxc+pow2N7uR2XvNfaqG4sLaqBpd2eBhw/NYm+9M3C2jxqeP5mlJ84b9QC11254Z4/yXhXGt8ZPnKrp66xVLqeZhbg4BxsVY2u7DbGWvb3zyvSrtabbd4nMfCH6eWvHmavML/wBP1ViqHPja51O45afRaFJM8TZpbKXwj0fpvrgOxTV79tg05W5p6yKox4TtWV860twjJaHOIcO63nTHWjKJzY6kFzSNOcq8o16bUN4hYestAcOQk5pGHBV1vuMNXE2WJ2c74yrNkgfjZRScejpRiphoagSjwZ+eAUwMqaCpbUUziWg509ik6IPbkDC5HNIw6Scgditmm1llUstnnPL+Bq1cW8Gmt17p7w35OrbokxsT6qwop6qw1GC4vgd29ljHeFJhwGl3qFe22/tkibb7gNR4Y8rsV3xuXJ8h8v8AT1mkm5QPQ6C4Ul0iIixkDcFQ62AwOwW7HghZyGWS2TtqKV5GeR2K2Frraa8wZIaXgeZpWTV0J9GfxuqnTNRRSEYOW7ZC48a8ODg2RvB9VZV1uNNKQB5XcKslhc0ryHk9DXNZSPrn0/5xwwskumrWuwybZ42yp0czSMAjBVCMA41blSoKpsLgJCvBa/QSrbbPs3jdZ/ISYrzZ462MyMaA/HbusNU0U9sqjNDlj2nOQvSoqlr2juq672mKujc9jQHLgW0PB6Guz0O6X65jMUcVY7EjTjK9XtlfQ9SUPyFwDSC3DHk8L5ymon0c7g4YwtZ0z1JVse2nEpa5oyDnlYpRcHyLv0/yLdHho9VpZ67pCtNFW6pKF7vK476VZ1lIx4FdRkPhk327KLaLrR9RW8W+4lplAwHFNop6npmrdR1QMlHIcAncBPpudff4nBtju4/qPN/jJ8LaH4iWGSIQs+aia7Q7G5X569f9D3Toy7S0lXSuYA4gbcr9Wq+hDP8AfaMh8L9yAvFPjp8FLZ8RLM6qpKZgrIT4mAN3EdvuvX+P1stJjHRyfJePhr6XW/y9H50sfkcI7XeyndSdN13TF2ntNxjLZYydiMbKqc8sIwM5X0DR6iOohuifJvIaCejnsn2iaJNxujMfkKvD9WCpML+Mrcnk41kMEtJNDhhdyEwThj08HCEnKNZKCg5/JPpp3007JWnGDuhLpHO6z2171gtPa8no1qrW1NMx4IJxurKOQY+6wXTdwdBMKeR3ld7rZRTHYFeT8hR8Uz3nhtb89SZIqImTMLHj7FR7XWzUdSGhx0E4wVJa4HcqNVQ6neJG3GTlcW6pTR6rS6lxkmbaCQlod6jKmQvw4HCynT90e7/dZn5x9JK0cbwCNlxrq8SwerptjZFOLNLbKssGnIWjpZy8DcLD0lQGkEFaC3VzXAAlc+2vB2tNdxhlncqP5pmtg8w/dVbCW+R2xHYq8ppxjcZVbcYNDvmGDZx39kqOc8mubWMkSVxGMKNOARkjKPr1nGEJzS3bHK119ma37+zJX21GfUG7Fy84vlv8IlwYW4OCMd17LV0+s50rDdTWw6nnRnUV6LxutVUlGR5HzPjndHdE8vrKYndo7eqhwu0MDHdloaylMTtL2/ZUVVTaJC5vBK9no9XXOW3J8k8z46yEtyBzQNlGRsqyaExuKsopCdiE2eAPwQunKKfR5lNp4ZXRHQ4EcrW9PXZ8+aWZ2XMGW78rKyt0cBNp55qeUTRPLXArnanT71wdLQ62WknmJ6tbK6NswilOM8K6qYnA+PFnA32Xn1uvTKqFrnbPGxWxst3EkQjncCOF5/U6WUOWfR/G+ShfFRb5NhYL42Vgpah2CNmkrSQ1UkR8rtvuvPJoXROFRAffZaCyXoTtFPO/DhsCVxranzJHrNLq8S+GffouL/YKe60xniYNZGSAvMqylmt9SYntIAOAvW6WpIaGE7Kn6o6bhusBnp2gStGSB3Sk/wBj9TS2tyMfZ7tNTytAf5e4ytvbrtq01FO7BHbK83dFLQ1HhyNLS3ZXdFWmIB7ScHfY4SrKlIDS6t1v72e02e6irgaZXDWOVa64agGF/pyvJrXd3agYpXMkHvsVvbZeYauBr9w8bPB9VxNVpGnlHptHrY2rlls11Rapm1FO4lud8Fa23XmOugbIweYbOCykNS2QAO3+6JDrpZjJTSFgdvgHuuTZU0zqQsRu6ao8Q4I39EeRmwcAstR3SVzR4mAR3HKuaa4Odhkh27ZWWUcD08ltTSaSNwSFn+prKDObtQwgbZmYBye7lbAnOpjiCisnP0yDI9UVdjg+wZLKMXppa+DQx2Tj8wVU1FKYHFjxt2z3WlvtsjttR/E6RhbC4/zmjge4TGQwVkYdgOY8ZafZdOm9PlMy2U5PnP4yfBSHqCOTqLp2LTcW+aaMDeo+5/8Al5XzVUUlRQzyUtTE6OSM6XNcMEFfoRcLc+meRjLDwfReO/Fz4PUfVtNLeLLCI7kwatIGTL9z/wCi9r4LzXxP4rD5p9WfSsdXF30L7/7I+WEVhAzkrtzt9xs1Y+hudK6CaNxaWu9kAu1EY2X0aqzeuD43fp7NPP47E0wyegjhPWuMciR6SYkp0CPSSSUIJFQkVQtCXRyuJKFhhjCEeUsn1XFbZSWBJLnij0S8UeiovItDfROG64ujlTBBwb7JafZdBGF3IV4QvIPG+EsFOHKM0MxupgqMsgADlGa0Hlc8qf8ASmRiBwDSTk7S70T4xyX2NXWjJxnCKGkJYI5TYxbKzgd4eRlNa0gojY3HBxt908Mx2TlD9C3MY0OONkZm2F0MPYLoBymxgBuHgDA2RC0DskDgDZFGyalgXOYNsZyjNbsNsJA7fSuhxJxhOWDNKTY8NRQzBzlCDcovhn1/ZMLY8HHZLV7JEYHKadP4nqm8FJNjsFIDJwgSVsMexfkqFU3bIxCVTtiuwlCUi1JEY1HZCkuFOwEA5P3VI6pq5js7lBFLUvdlzcJMr9/EA40qL5LCouRJ/ltUNxq6knDchSaeiO2sFS2weFs0IYxss/IY3GP4or47c55BqG4IUmOBjeylrgYStMKdvIuVkmMa0NGAnYOUZlOXFSGRMY3zMBKZn9CW3kFFTkjUdkaKIZxnCNDCZH4A8o3KNNPQ0LdeoF3ZBKW0ZFZE2JlPC6aV+kjj3VVXXh80ZiikUa43aerOguwwcAKsmma0ANAJws1l8V2PjANNO2FhzuSoTpnPOo8LrsvOSd03w/dYp3bhqjg6fuuJYKI1pBAS0shuSQ5owOEUDskGAAJwatEYiZSyd8PjZGbFpOUomFFa3cdk6KyA5YOhgwitbgp7YyQMb5RGMyU6KEymPibgIzQMJNAA2XU2LwZpSyOxhdSSVtgDk179AzhcfIGjlZu79QiEup/F57rPddCmOZGiiiVr4JN5v0cMb4434A2JHf2Cw9ZVyVchc/6ewXayrdUyEuO2dggEryWt1ktRJqLPQabT/EuQZ3SSTmjJXLbwb4R3PCOxtLjnCM1oG5CexoaBsnDdJlM306dvlnOEaCEvKUcLnnYKwpacsxkLO5bng61GlcuENhi04HdbrpHpaaqkZPNGN8YBUTpjpl9dOyWRm2dsr1u322ChgaxrBqARwr9nrvE+N4UrF0SKKIUlOIdtguOldK7SNkyR5JwFIoIS8k6U49VBY4QelidsS3CsYxoA2TY2tY0Zbwul5GAAjNUVwFTdzsuA5CdkIc5GjmxgdkpCGNxkYXS/SqW5V/iONPA7/mKqUsdEbwiPdKoV0ogjcQG7Eo1BRsiLdTcgcD3St9uDnmSQbhXkbAxoGgbKLkTjcxsceBnGEVOwAm5woGN37lJuM8pjngbLkYcSpkJ9BXENaoMz3HtlS5hsN1H0+6dEVJZBwBxdk91YMa0NUeNoBGyICc8o5SwFGOWSI9sp5lzsGprGOcMeqsKK2uc4H1QdmqESNT081RK1rWLQUlAyFgyMlqfSUrKY68AZHqqHqbqmKhjMUO57kFXJYLnZ8fJY3jqCG207mtcNXGxWAqq6e5VBe7IaeEE1E9wkMkhyDuArKgoyckM4VClKd7wDoLUHuDy0lbSy9PNw2aQDAHlaQu2WyOaxrngb749lrqKgMbQ53fj2WeyeODraPSSzmRylpGsA8gbj0Vi1o29k1kQAwClLK2FuXnbusspZO3VVsQdunG2FWVt1iZJ4EA1zD8KA6snrJhHSAljuXKyobXBSzGdzQ6R3c9kqVmOzUuCBR2uorpRU12dB4bnhX1PTtp4wxgAGUUYcM42CBXXGmt8JnmlDWjvlJlPITZMw1rd9lV1t1cw6KEa5+2OFCZU3DqAFkREVFwZOHu/5VZ0lvhomBrDqPqeUpzI+SNFQVUpEtwkDnu3wOytIoRG0Dsu6RkH0TxskzluDSHADCGAdRPYlcaTqG5RQBhAGdHukklyCRvhQg9JBkq4If76QMHqSor7sZDpoKOWpJ4cweT9UMnghYYOM4QJq6mhOmadkZ5w44QI7beq9wdU1/wArGfwRjLv17KXT9OWuJ4me01ErTnVUfzN/zQEIpugkyyhp5KiQejfKfzR46K+1zA2oZFS5/p3cB7/hV3FGyMeRjW/8owiNJHJKhD5BfNnGyFJMMdlHfUNxsoz5SSvs7mkfzhqqlc9sCQ6Y5OFFc9xzslr9khk9lmttPVeM+nZWf6lqBEOJySjNYMDZd0d8Lug+n7rLK79n0Txnh4URUsDdDQnAZXEjwUic20d6FKr6HGQc4/dDMhxp7Jmkk8ojYieyQ2aEsnGkn809keNyERkZAzp/dEY0tzkIJRyNUcAgxoRg0DgLqeqCGJx2SQnTAN4RRjkGUlHsc6UDKjVNU3TgINTVKC6UuJJT4UuTOR5Dy0NNFqLOzzOkd9k0YGSTgIUs3h/5rN33qNgDqSnccjZxHqtUalWsnidZ5h2Zw+WTLvf4Icwxu+5BWSqKp0uxORnZAMvinJ3+6a1pJ9kM36OJdbK17pM6DlPY3JT2RZBRood8kK4wz2JlLByOEjfHKkxjBT2sAAwu6fdOjHBnlJseA3ShOI33SJ7ZQCTnlGRLkTnEJi65cUHx4Qk4DCfjCR2UBnMHp91xzsDhdJx2SIx3ULAhpJyUOpcGtwMJ75cZDQnU1MJAJH53V4yE3gDTUZkLZ528cBTn4YNgneVgAHCE857Khb+8EScpp4XSMLh3VyWQgHmc4gFHiixg4XWRYIcRsijAGMKlEtvA5rMdsLrgAM4XdXsuOORwrwLk2wThg4CGiP8AqKGqLQk1OTVTeBiFkeiA5+QUUu24UWR2cjHdZ5vc8DEsg3HdAmd5eU5zhnOVGmPG6TOZojHANxJO64NksFdAOUAwcBlPwGpDyhNG/wCSogRJIbJKEG5K4kkoQSSSTvK37qN4INeM8IYbk4ylk5KkQREnJCFJzZTeA1HBl4yNgrNrQDsgwRaRwj4xvlaYLaZpvcP/AAqHOTnGUeZwAwCoZ5Ka5ZBhH2JJJcO6pjuhZC7jKGAc8qbRwOnlEYbknhZLrcI36PTK6WSZYLRLebjFSRtJ1OGfsvo/o7peltlGzRAA4Ab4WN+GfRDqNra2oj/mu3z6D2/deuU8Ap4g0DjkrnW2ZPqv0/4mOlrV0l9xFulbDaaB80jdx7rx+73Se6VkkgzpJ7nstF111DJV1poad+I4xh2DyVQWmkE0gBbnUVhskduTcrdpb2G1xxMbUyNzI4bZ7K5mmDG7nK5ExsUQaBjAwq6unIeGNPus+TfCO1HKmpL8taVPsNt8fXWzsy1hw0H1UO22ua41LY4gQ3l7uwWze2Knp2UcbAHYAwOyRM30wzHIOCJ1TIA1uA3k9lZybNGfwp8ETKWnADcbb+pKrrpcY6amfrOCc4Qjm9hVdSXn5WM08DwJHDfHZY2MOqagNeSS47lOqqiSpmdI9xJJ7q+6dtOrFQ9md+SrlLBkad08l9ZbZFRwNexu+N1aPm8MfSFyJrWRnAwAFEnl35WS+R1NNSorAnOdI/UTlS6OmNS4NaOOSgUzPEI99lp6KjipoWgNGojJK5d88nWqh+wUsgpaYtGxAxlRLXTPr6rBBc0blDnMtZVeCCTk6QAtTb6CG3UrY2Nw8jLj7rnWzHpYYjE2NojY0BoGAAn0sPm1Y4S3dMGAbFWEMYYAcLnzeRyWRNLWsw4gLPXu8sizBC7LuCVKvNzip2nDt+BjuVjZpzNKXZJz6pPORnCQ90ksj8uy4/dToWeGwDudyo1K0OaDhStmhW3kiQQux3Q2F0sgaBsuta6fBarChpcyNaGjJylSe1DoxyTLbbyWa3kD0CVxqnNxTxu3POFIqp20FLsNzndCsdB85I+tnBIztlZ28hlnY7W2NjZ5G5e7ueyvwGsbhoCjsI0kAYTKmqjooXTzuwxvJVSZb45I14uTLZSuqH4JA2GV5dX3CW41LqidxcXE49h6KZ1Bfai71LmteRC0nAVUG4GwTK455ZmsnngI1SqamMxHKBExznYAV7bqZ0bQ57Rk9k3oqEcvJJpKZkbGhrAMfurGnpmyvAdwN0GNuSGgYyremgbEwHG5SZSya4pRR0AABrRgDgIU8mgZUl52KxfV/UDaXFHE7L3DJwUVccsk7I1xbZWdUX+eeX5KCTGedJ7KiawYGShRed5lfnPupVJSy18ojiH3K2L7UctTlZJyY6hpHVMwaG5x39FpIKJrGNY1vA5CPbbUKWMN0jflXlrtL6uYMY3bO5SLtQodGquGSLaLLLXziGKPA5c48AL0+z2iC207WMY0EBBt1pjo4gyJoyeSriCM4GVxdVfK6XI3GA8YGRkbKVC0DshxNwPdGZkHhc2yfOAG8BQBgbLo5XWnI4XVSM83kcOF1JJQEekkkoEMSSSUIJJJJQgkkklCDEkklCCUS6VsNupHVs7gI2cklSyQOSvMeuLzJfLmOnrdMfCaP5pB/EmVRcpYGwWSttfzXVl6d1LcCfAjP+7xvG4HZa1jyVHoKRlvooqZjRlrRlcrqyOkp3SvcAQNl0owS4HfH7K7qO5uhaKSB+HOGXEenos7AwyOGNyVx80lbO5+5yc7rUdOWRxAqJohjsCia2oKLUSzsFoFDAJJgDI/f7K4H1Bc+kAAJNOXBZ5SyGHb9KA7lOecDlDAJylMOK45HrjV1NAyCmQKl2ckeGj1WRvNxm8wBwM4wCrK83N1PqiacH1VDBG6rmL5fMBwCnxiMJ1sp2vAqJW5/pHuruAHOVFo4PKMjAHAU7aNuR6JhEhtZMyCEl7senuotAwTO+Ye3jhQ3iW41WS7yRnjsraNoaMAYVjUghIwotS7GN0UnA5UGY6ttRVoN8DC8k4xlJxABJOFxgIOSOVCvFwipYS0nJwtunodssIRZYoLJQ9UXnYQU79xsTlZBzi5xcTklFraw1NQ9x4ygEjC9jo9Kqoo8lq9XKybTBzv04wUNjnOJxyhzEuPKsLRQSzSh+MDldL8UZK3llrZKMQw+K9vmcrGV7Yxk4ATQA0Y4VZd6tpAga7DsZKD8jUuEQrpWyVExia7EY9O6iNhAAJT2R6jlJ4DW4TFHHALe4DJtsEekhLnZIQGsJeMK3oafABI3UlLaUotsLC0Rt2TwdWxScMn7JsrvDbnCizYxnEUDqpWwx5LueAqCsqdT8NUq51JfpHoqOsqYqeN0szuF2vH6NWy+4835jyEa1hMj369QWahNZMNXZrAcFx9F4Zc7pU3aqdU1Dy7J2yVa9b9Uuv1cGUpc2nhy0b/AFe6oKeFzzuvV6XSKHB8C+qfPT19vw1/hF/9zsUWTjBVpQ0uv8PC7SUWsDbCuWMZDG0NYNh2XXrrweIttyxROZTRBjGYON/dTI5Ka2UxutzAaG7xtPJT6KmjDXVtY3TFC0u39lStbN1leT4rnCghHlaBgEBObwN0mmnq57YhrPa5+o7g+8XBpbBnLGnuOy2RMdNGI4mgMA2ATWNipaT5WBga3AAwsp1b1I23xfLMeQ8jfCx3TT4Pe6TTQ0sMRK/q+/zVNSLdSPx2dg8Lzzqm9sjb/DLdJxtNKO/sFI6gvbLZTGNs2ayq3Odzg/5LKMhkkd4rjzvuuDrdS3mCDstbY6nhIbqcNzupse2AmMADQ3HCI05K4jjnkut5CHlSYeQhNHCkREDBHO6VN7Tp0kyNowNkncLsfAXdJIS2+ToJcFZWjcnCi7jfHKsa6PMRPdQWnbGMYV9mW3sQ5VhS4LcEqvHKlUpwRkoI9l1hZ48nKgTjCttOpuCoFVFjstUANVUnHJXubwcrkzQWomcHC47jZaDg2QILhhyl0r9BCC7lIc84RZMkZbJbixcQQMIWMjGEoTsN0TlRvBvz8kU0Q5o8DIUVzDk7q1MQIOWqLNEeWhCpYYm6nCyRQMOCkDBGMoGnB5Tm88p8HhGGSyOc3BRRhwxhNwHN5TWnS7fsmRkLbGyM0kYamOwRwpTsOAOOEBxxthWWnkDggqUzBaBlMLW4OyEMg5UGkwMB4SdHgJkT89lIjPGAoWkRHMLUPRnzKdPHkbBAZzuqaJhg4nujcB2U+OpD2gKFO0fh2TKd2l25S2sMbGW0sHx+IchBkhwMgKTEdTQU5zCQhfIxrfyVhZulHlhUiSLfYKO5hBVp7GZrIZJQk1AZCaSWSNcOEKKTB4Uo4kblaoy3cmWSwSqeQSDJCI9gA2KgMf4Tvupkbw5ucp0JZ4AksDMuD8dkVvCZMzgBKPIHmTuhAdMe3PdOyF1RrJaeCHLEOzc/mozmlhxhWTmZCjyw57JNlf6GRlkjg5XHNBCbpIKeOEgNcMivBYeENrjklTnta9pOOyilgafpQD1JMNTVDi4NI4VkcPYFUM8pyFKhqsYDk2Fi6YmyPPAZ7XNOQNk9kwI0nCdqa9uMKO5jmu1Bv7o29vQt4fZLbgprmBMglB2IwpAAOMd0XEkA0R9BTWgg4ypOgIbmZBGEE62uURy2nMAjdDa10Z1tGFzS4HlFa5pwHBLTZHLBLoLnolEUx57q7DmyAYHKzL6aN2HRjBUm33CSnkEFQTgbArRCTXDM9tak90S7eCzBATopA44Oy7FM14B0ghMlptTtUYwtK/aMUouPZI0ehyuaR6oEdQYxolHtlS4dMgy0g5RpqQDbREqqOKoHmaMnuqOalnoJdUbnBv6haoRA8oEtL4jSHNS51foZXa1w+iriqY5wMnBRdBIxlBq7a6IGSHPuFykqtxFL9Q4KTjHDGqSf4g6u3MkGpw3VY9stO/Dm7dlpfK8Ywgz0DZh5sb+yXOteg42tPDKeOUvwMI5ZkKNVQVFJKRpw3sRxhEpaprzofs5DgbnPKGvhOdm/uguBaQFZAMJ+yBPFkZAVtDITwRdOyWn3SLHNO6chww8jdwnMk3wQnDSTumyxcaQoA3ydLA8bEfqmYKb5mYKd4g9EOQk8jlIorrX2uYT0Muh3vwUAHKTm6laW4mXHk9e6Z6ysXVEf8MuhbFUhuwe0EPHsm3jpKotbv4tY5dTGnL2N3yF48WAcL0bo74mOt0TbXfGh1IBpbKXbt9j6q1KUeEd/T6zT+Qj8Wr+2S/GS4/7l3b7na+p2G13in8OoAxG9x5Poq2tslw6Ul+Yjk8ejc7sN2/da+v6bs/U1KbhZ6keM5ups8e3ieip6Srr7Gxtm6jjM1JJlrJSOPunRnxyabob8Q1D+5dWL/wBGRqG5UlwYWuc0+oduFUXfpLxS6eiLXNO+j/ore8dOspdNys+8D9wR9LkO23YF4inGAqcclTanL4dSufT/AGjz6WGqoJizBGk7j0UqnrGTDw3DDl6FcrLbbtGZoC10gGXADBWBudjqKKd2hpwDkHCzyjkxS01lL+3mPoewaTsvUvhz8aazp5zLZ1Q+WpoDhrZxuYjnvk8LySCd2rw5hh3r6qRqyNis8qf0dTxfldR421Tqf/Q+16C42660kdbbKttRDK0Oa9vGCjnhfJnQfxKvfQs4ZBI6ooifNTuPlX010j1lYus7Yy42aqa8EeePPmYfQrHODifXvD/UOn8p9q4l+i1OfyQVKI9kF4WWUss9H3wAeNwnRyQyZjyHDuE17S3kIEkRB8WLZw7BOTaM84r2VHUXRdFc2Ca0RNp6tuXHGwePReY3yyVVKXU9zo8N3HmbkFe101Vl+mQaXdilc7PR3mDwK5mWfumRsaPOeS8PDUSzA+UL/wBHwxh1TQtLTzgcLNQTT0s3hSZ29V9BdV9C1VmDp4f59I44GAS5n3Xlt/6UFS50kADXcrSp5R4rWeOeknjATp3quWg0F8mQP3XqNm6gpa6ESA4OOF88yfNW6Z0UmRpOCCtR0z1K+me1j35Yex7K1PdwLqu2cM96jqg8ZAGCulvfgFZTp/qOnqgIXSD23WrhnbM0aPzRpY6NkLFI4A4H7p2MEOO5HCKQ0AbZQiQ3stdGocTHrPGUaxPci8tt0Dm/K1ZyOGuPZWMF0daJ2zskI3/VZZjsnhWtDWQTsNJWYIcMNcey3K9WLDPmXmPpadE3Zp1yj1W23Gg6ioAA5viY/MFU9zpn0T9Erdux9Vhoa+t6cq2SxOLoic7ei9Ft96oOoqBjXlviY2OdwVg1Wn3Iw+NnOmf+osNGXrhrYZqUapI/2TLdXNrhpfhsrNiD3Vhc6CW3TeLGMg8+hCpa+ic8ivoDpkbu5oXndfpI2Qw0fZvp7yexLkvoZjDj3UtkwcAdslZ+guLatgY/yys5Hqp0c5BC8TqdI4SwfTtJdG6O5B62309XkuYNR7rNVdK6hm8SElpaVqGTeqHcbcyujBYQHYXF1Gl/RuWGsEOx9T1EEzHOlwW+69hsF+oeoKIUdaWl5GGuK+fLhR1FJMRggsP6q36e6knppGDxSHM91z3BwfIq/SK6L28SPcfFqLBP8vO0yUkh29k+qpGOZ81SkPieNx6KJ0x1LQ9QUYoa5zC8jDXH1UueGp6fm0kGWlefyC2U3NddHnLa5Uy2z/I+d/7RfwEt/XVtfebPStjuUTXOy0YLl8J3m0V9luEttuVO6GaF2CCOV+u0lPBUR+LCA6OQbj0Xy9/aS/s90vUVK++2OlaysYC46RjUvWeJ8i6ZqMpHC8x4uOug5Rj9x8PI0bsHPoh1lLW2ytkoK6B0UsZLSHD0SY/Izjle8o1UbOj5Zr9HPSz2yRLa4nuiNJPdRmcojVtTyctxwyTkeqWQh5KQzkbowGg66uDhdygfKFx4fIRjnMIe04IWysde6WnAmeC4bBYzB47KfbKowzDznSVzNZpo2weUdPx2r/jWpZ7PQGOyNiAjxhr9n43VbRzCRgdnlSml2Rgryd1TjJxPe6bUZ5Ix8ShrC9h2Bz+S29tqW1VOyVh3IGVlJohUx/4gOUrLcpaCXwJHbB2MFcrU0Z5PS6HWRg1F+zdNeWAHup9BWuY8dlUhwkDTkDKI12BsVypww8M9RVbt5NvQ1peAD3U57WzROa78QWPtlxfC9sUjsgHAK0tPViQALLZHazo127lyV0kZgkLSNkg4OGFLuMfiR4AwVVh5adJ7IqpZQT5XISWIEKnulubNTvGnzcq7a7UMIMrMjjK1wswzLdXvjtPKL1a2jP8ALO6yFwoS1h1DC9evVs1B0gaN8rD3S2E8MAXo/GavE1GZ4by/ioSTZ55OHQSAYT2SeIAM4VheKAs84bsAqBspjfjndezp1CkfINfop6e15Jk9OHAFQpIzGeOVPglEjd+UOph1NyGrTKO9cGBPa8AqOpMDsDutHb7kNIOrBAWR3D/spkNS6MNwSCFzdVRvR0NJrJ6ae+J69Y7xDWQNhe4agMKTVMfTPE8Hrvhed2m6gBrmP0vbyt/bLnHV048VzScYOVwNTpfiifSfGeTh5CCWcTRprDfWVLBFK7DuAf8ARaGGpc46TwvOfDkt8/zEOdLjkrUWq6R1bAC7DguPZVhZR6zSa1Tapt/Ik9R9ORXKB1TA0CUDJx3WCa6elm8J4PlOCCvUqOqGMHf7qm6g6egrWOmp2aX87LNGeXhmjWaVS++CM5TVmjBYd/utVZOoIocGXnjZYB4moZTFM05ad1ZUcwOHsOfzVW0qaMWl1Eqmex225x1LA+N4IPuriGoDwAV5PYrq6nnAD9IPIXoFBWsqYw5jvuPRcfVaPHR6vRauNkco01LM3VjUFawTPa3DtwOCsrFIWEOBV3brk2VgimcARwVxrqnE69VqkaCmuAADXFThUsc0OaQfzVGHZyccIlPUaTp9FkccM0/3LCpnE7fDeAW4wQe6yNdNW9OVoqHAvoJD24jHoFpXPBAIKY/5WujdSVbAWOGNwnUvaKn9y4BwzUF5pddJMJgRk45Crqq2NhOWjA4yqW8Wi7dFVZvNhc59E45li50jutJYr/aeqKUTUkjfFA/mRnkH7Lo1W7GjJOMbeH+R478YPg5QdcUTq2ijZT3KMEslxtn3XyTerNcunbk+1XSmdDPGAXBw9fT1C/RipoXsJLBkf5Lzf4nfCW29eWh7JGtjrYgXQzNbu13+o9l7LwnnJaWarm/sPCfU/wBLQ8kvloSUz4mY7I4RQc+ysequkrv0fdZLbdYHN0uwyXThr/cKt0BoyThfS9NqoXw3QZ8V1Oiu0k3XdFpnByiDhDHKIOFpbyZTqKhIw5VC0LBXETLcJEY7q8A7wKcu4KcqJkYkkkoXuQkk9JWlkrfzgYujdOSG6PZwVk5pOEvMnBq7gKYAbwNSLiE9JM2Eyges59kZs+R9KFp3zhdAOVReAurPZFDhnOEIO24TdXsnRlgElawNgF0DJBAUYOOeSn6nkcJyl+hbJoLccrrSwnlQf5i7iUd02FjRTiizADgu6AqwS1WNnJwkrDwU1W4F7Sxx7ompoOS4bKpLq88YTfCrnbF3Knyv0ifHn2XBqKYcyDKYblTAZz+6qPkKh25KeLbKdncKvltT+1FfFBdsnuvNOM/9UB9+PDd0orTFjzDdGjtsMbtTWj9ETldLsvFaI38UnkHcFD11knJICtRSRnhgGEZsAIwGjZHGE5fkwXOK6RUeBI/6gco0VC4HJCsflmg50hFDGgYwi+HPYDuS4IkNGBj1R9OMIrQQcDuu+GT7JsIRh0hbtyDAASxlODMHhGbFgAkJ+SN/sCGkojWAdt1IZGN8NyjQ08h3c3ARdi3MjsjdwApMcGnBmOjPtlNlqqelafEIB7bqiuF4fNlrJMjPqk23Rr7DhBy5LGtujKVxip3ah3VLPVmZ2Tg/moM0znOyuNb3JXOu1OeEa4QaOumJJCYSSST3TvD90tH+JZG93I5JIScMg8JNGUVoG2yuMckk8ITWbcImn2TmgbIzQGgHC0wrEN5BhjieEZjNO5T244LUVkZ2wtKgLlPaMa09hsjtZ3IT2xZ3wjhrQMFMUBEp56GMAOMhFj4CHp90UDujSwLydAOU8cJwAwm5wrBOoU8zYWa3bhclnaxpOVlb31I0aqaDJI5IKy6jUxpjuY2mmV0tqJF5v7WNPhvwccBY2aofUSOe87krk9S+d2SUNq8rq9XLUyyz0en08aI4RzJTsj1TUmNcSubOSiasZ6OhpKlQx4wSN0+GDyglucIuMbLLOeWdTS6Vr7pHCcdk+KMl2yUcTpHAYVpSUhbg4/NL7OxTS5M5SU3GRhaXp6xGvqR/LLg1Ds1q+fmETIid9z2C9VsVohtsDWMYA4jcq4Qyeh8doW5JhbVaYKKBjWsGrG5U8yFmAN09zxE0ADlCja55z2Tj1dXHAaGHxnAHuriGONkYAAGFDp2BmCQpOCQBnChthEe52+AntbtlMY1Pc7GFcmaFHJzV2wugHuutb3IUWvrmxMMMZyTzhJyWBr67Xmnp3b/iKFSURc4OcN0Sho3DEsjRk77q1hiYxo2VxfIMlk5BCIm7I4cB2Q3YHdCdIMEK3PHRRIkcOzgMKM+TXshlxcVyMHKEg4ai4ZUuNowhtZtwnHyj7pqQTeENmI9VFLdzunzuy7YrgGThGKk+R7RlS4YiSNkOmjy7hXdHTAgHTgo+x0XgbRURkwS1XTI4KVgdI4NPuooqKeib/MI9VkuoOpH1MjoIDxkE5VtYJZeoE3qjqlrc0dE454c4LKRF9S7Mji4n1QMPmfqduT3VjR07m4OFJLJnU5Tl2Go6IZGds+i2tosWImudhuN8YQOnbA57m1E7Ac7tB7e62sFOGBo0gY9Emc8HotFo8RU2No6QRNDnAewU1q6GNY3JUWerjb/LgJdIeAsk5ZO1XFJYJNTVxU0Ze5wJHAz3VfSQVtzk8eow2M8tPcKTBQOc4S1LAXqe0aBsEhjsNhaelhpxiNoGPZF0gd1CluENMD4rse6qX19xvcvytudohP1TYxj7JFgZOuvUEcDflqH+bM440hMpLTLPUNrri4lxAxED5B+Sl22w0tA8zv8A5sp/EVYuYMgoAxrGMjYGxsawDgNGAFwatSeNkTQ30S3wEdHCemccp7iGDLiAPdAWc0+67nnGNlWyXlj/AOXb4jVSf4N2j80yO33WudruM3gNP4IjjI9ygCJc90oqZnmlEsv9EXmKC2W63JmmkjjpIj+KQYcfyVhSWyjpMGmha0nlxGSfzUkNHcBQhDpenqIuE1a59VKOC8+U/wDh4VnHEyFuiFrY2jbS0YCTDjtwnZCAhzJXQTlNSUIHBGE4OxwUHV7pavdQh8Xhzyd08A4SDN+EVrMAHC+rys3I/GfjfCQhDKiDDTnhGawYzhdwANgu49d1lnNnsKNHGuKwMOOAk44GEjtwlg8rPKRthH0CO52S0k9k/QchHDG44Q7h8YANGDuMo4xgHCRAHIyuKDYxCgAbBIADhdSUCykJcJAGSuFwaos9SPRHGORF2ojTHMgj5gAc4UCpq+wwg1NZ+SgunJJctNVWezxnmPqGEY7ayQ+o1HLsKHPcY4R5ggVVWGDJ2wFmLxefHYYIDj1Ke/8AS6PFS1tuq7YW+9Rh2umpnEk/U7/RUGvXuTv6pjmF+55RI2EFJlOVgPXY9rCitjI3T2RZ5CkNiwAMK4rnIuU8g2NIw3CktZgcJNZjsiADC0RQqct3A0A5XT9K6cBDc7nBRApDHHdNXTyuKBp4GJwGF1PULUmhiSWMLmVCm8nCMd0F8hOwCeRJMQGDj3Rm0hbglHGOQ3JIjxU5ccuGykP0xt0gLrnCIYA5QHOdqRtYLb3HHOc52UQfRuEmtBGSE5B2WBIyV1kee6eRhda0pmzjJTeBBrRwF1JJDjBMpnCMrhbtynJKYJgA4EE7IamOA0n7KGSM8oCxuCuHZEOlAckWSwGlkbI7G2FCleiyyjdQpJOwWecsLBphE4525OULcnJXMku5RA3bhIw2OOADHCfgLqYrIJJJJQgkkklCCSSTvpUbwRvBwDG5Q8j1SPdMG7uUtvcyuwkbNTlZUsRGDhR6aHgkKyiaGjZPhHAq2WBzWho2C5UfSEUnCjTuBA3T0I7AOe4ncpqR5SVh5wJdf5iACuLsbS4gJVliijRXW7pbYnWxbjK3/wAO+l3V9V89IzyRnAyOSspbrdNWzMgp2anu4C+guj7KyipaanZGQWgFxA74XIvt3vCPov054iMpqyS4RpbLSmCmY0jBCret+oHW6idRUcmJ3NydPIBVtcq+Kz0bqh4Bxw3O5K8suFdU3OukqtJdrOd+w9FksnhHvLJ/0ohUlNPWy65QS5xyd9ytZb7fHSxhzgC4j9FW2yFzcPcMFW5qQxoB9Fkm22FXXzuYKtrBGNLTuoFNDJV1GkbkpkznSykjutP0zZCG/NzN5O2dkrLN1cNzLS0W4W2l0OwZH7uKtLbS6nSV04BAOGg/5rjotb2tA27/AGXKydzGimhfjbJVG5R2RwjlZWxta+Q7NYCV57ernLWzlvieUHYeyt+qLmIovlI3b4y5ZSBjpiCe5UETlueEWNnt5qalokZloW5poWRsEcbQ0DZVVlo/DiY9zBkjlXZcIhjG5Wa6xLs0aen2dkf4bcDuFCjjM0hCU8+pw5VvZrTK9wqHEBvoVz77cnVqrwT7VbBC0SzMGcbBK41uomngdjsSplwqBT05wfMRgKroITWz4kyfXdc+yXOTdCJZdP24mQ1koyOBn1VzUTGMgDulrjpYA3AaGjAAQKWKWuqeC4f5LmXSzLJoUcE6ji8T+aW4xwu3KtjpYHFxwcbI8r20rNIAGAsTdbjLWVDv5nlHAWaTyF0Qa6pkqpiXvPt7BBii8Q/6rjvMco0R8POpR8EJjAyNga1oGE1zi/ytCjSVO+AFb2u3ljBU1I2O7QUDYyPY6lp3U1NqkwXFXNGyOKESnYnfJUSkg+Zl1OB8Np2CNcJMaaaL6j2Cz2GmHQOOGS8XAMfnwmHstWyKOJjYomhrWjAwoVotwoYQ5xBe7khTycJQXXItmgknZefdX36aqqjRRS6YmbEDurjq/qN1EwUFK7Ekgy4g8BYQeJI/W85c7ko4QyZrbBzGcbI0ceTnCcI/KFJo4hI7daElFCkshrfROe8P7D1VzGzTjZMgYBGMbKdSRa3B2OEqcsmiEcBaOEBwe5mfRTxxwlBCCA0DhBvNdFa6M1D+WjYeqBLI2UtvJUdVdQMs9N4TT/NkBwO68zfPNWzmomJOTtvwpF2r6i7Vjqid5dknHsEKNgADWjcrXUlFZZzrpfJIfHE6R7YmDJccLa2SztpYxhvmxugdO9PjaebBeRkZ7LaUltfI0CJg29Eu+1RWBldXsj0Npmq3hjW4Hcra2u1wUkTGsYNWNzhDtFvdTwBrgNTt1bwxlpxhcbUahy4HrgfFFx5cY91MhjAGVyOMEbozGYzuufZZkqTwdHKO0DCCAcow4WRvLE2P9D0kkkwWPSSSRkHpJJKEElgpDlOQSltBbwJCRUJVEFDEkkkwYJJJArJ46eEzSHAaMq0slpZM9111H/A7ZMIv76QeHH9ysf0la34fc6oF005LiT/kh3Gpm6x6hBaT8rTuwR2JHK1UUTIWCOMANbsFvohjk1QjjkcdhlY6/wBydVzup2bNZsr6+3RtBSlrd5JAQMdvdZa3076uowRkuO62JD0TbBbHzSsBZtnLit/BE2GEMaMYCgW2gFHAGAebklT2+UYzlJtkAhAEuyitGBhLAzlPPCySYUXyAcCcAHZOjbgbhOxklOIwqSGPoadhlQLnWOgpy6MDPCmyyNijdI44DRkrFXW5vrJiGOIY3bZPh2CQ5pZaqcvkdklWNugDcnHZQoGGQg8hW8EfhDfutDWOQidB/LbglRq2d7yII3YJ5wlLKWN/dct0QmcZ5G5wdkQyAekgEMQaDknclSRvld0gcbLhOgE8qDQFQ8MYSDuoQcXO3RKjVJISDshuIaCE6pC5zwKadkLcuIHuvPuo7u+pqHwxHYbErQdTXKOmi8EO87h2KwUtQHE7br0/jNIn97OFr9ZjMECGoHfddc/SMnfKc3fcoL8lwwvSxjtPOzk85CU1PLVyiKNu61NNTikhEY3PdRLLb30zDNKAHPGw9Aps8g4CCw1014jlgKmqMbSQqZsfzEplkzknlSqp2t+kfmhub4YAxyFSY2SyNfG2MYaopJLsI8vlJBKZSs1O+6bFfsANTU+pzcjOFatAiYNuUOCARtG25T5MndRxyy00hY7qquteAPCiPGxKNcKt0MJDDjKzs9V4jj3XR0emc5I5Hk9d/Hi4oDNKSSMkAb8rzr4gdRyOay20kpa05MjgdyOwWm6r6hjs9E522uVpDd915BNUS1kzppnklx7r1+i0ir5R8U+q/qGSTog+X2RRFlwwM5VrQ0TtQOnGy7Q0BmOst2CvqeBkLANPAXbqp9nyqywZHA2FgAYBtupdtpWzzh020Q5d6JQwmpdoaMNbyT2VfdLnLUyCw2HeU/W/sPdaJYghMIO2eAl0rZOqrmOmbO8mnBHiPAwPuVrKKigs1vjooWjyjzH1KjWK10XTNCKeBgdO8ZmlJyXFNrKnx5PKScLDO/DPdeL0Maa8xGXO4x0NNJVy4wwbD1K8kvNzlrp5ri7SGt3aHHgLQ9b3oyyC3QP8rfqweSvPL9VCKn8HVku5C4es1f3OCO1OrbW5MpZnOuVz+ZmOrO26tHtA3AVXR4yD3VmRlgIXMk3J5ZzlPLBOGDgKRC07FB0nVlTado0jZJka6Fulg6BgFKDUHbp7gABgcpR4BWWxZZ06+CYzspAA0qOzspTfpCE3QWUQqpuW4wq1wxqH2VzM3LTt2VRM06lSYq6PsGeUeB2lwIQk5hwUC7Ew7LSM5HCiVbcjKkU78gbJ08eWrTCWB847oYKVzck4C44Zbj0R5W+fJCCdinxZxNRXjghztOUFpLXKdIwYzhRXN5Cajl2xwyVSPBOnvhS8EBVNO4tkBzwrhjg9ocByhkjVpZbltB4KZJGCN9lKwEtIOyDo1ygpLBUSsLHbBMVpNTjBOlV0sbmOO3KOLyc++r4+TjOdynuaHDIUd+cjBRmHbC1R4MMlkew42K5IzHCbpOc5RQcjCNSyUiO074xynhg57pTMA3CZG/seyoYmFAwpVOAc5Kig53CPG7TuoWnySXsB5UaSnI3apAOUmqGhLKITozg5UNzXAndW7o24ONtlDcwDKCTBlHHQSjqvKGOCssB7A4bKhJwdtsKyttWZMQSOyQMhBwg6pZe0M+HbGn91Emi0/hVq/GPpQJIwVB06d3RU7g8I0buAE6opzyBhRBmJ3G33TKpYOfbW8k141DYpUszm/wAsprJtTQCE6UbhwC0RliWTI01wWDMPATXtwdlFpZ9TtB2OPVTQM/ktakprKEtYBsJyjngIJBBCNERgqkUL6U1zQQSnE5XEzblF9ESWIZ2CBICzGysJGbZUSRuocLLZXyOTwCac5THQh49F0NLXbcIoIHKQ0UnggyNMZxhcDyDkKW6LxBkb4UcscDjCU/tY9NSC01SXOAKnkBzQc8qqYMHPopVPUZwDwnQnnhgzr/QVzC3GlHimdgArowQhhpDsp6WOjNKOSU3cLjm7YTGuA2XdWU14wUhjo+ThB3BUvGyE6HOdlnnD9EaOMftunmLxMEfqgaS057IjJOxQKRW0JTVk9DP5iSz07LTQTxVUQkhOQefZZshsoIc0INPWT2mYOBJjcdwnV2NCLKt/XZqnQsfnP+Si6JaR4ljOW9wjUtXFWQiWJwOe3oUduDsQtEWmY5pxeGOpqyGc6M4d6KQWZyqyooHMeamlOHDlvqpVuuDJh4M3llb2KYmLkuOAjodRxpyFCr7S17PGhaA8eiu2hpzshOZhXKCYCnKD4M7HK6NwZK1wI9VNEjXgbBTaijjmYctGexVc2mmhfgtOOyVKLHxsUux74myN0vYCD6qnrrSYh49PnbkK8aQdsIwjGMkc8pWxDY2OL7MrDUPJAcN1MLA7GUe62nBNRTDB7hVkNQ6M+HLnZVtNKkpLgkTQjGQ391Cexzd9KtWYeAcbLktOwN4CFLJFPaU/nBRhJnYhGkpyM+XsoxacocBOW4K5rXDI/TKjujc08IrHFpCO1zHjBCGUdxZEa4j6gih7T3C5LFxgKOI3NPol4cQyQlt3Ge6aDgbldVx+4jL7prre8dLVwkhldJRPPniO+n3C9ms94sHXlrcyMh0hGSx31N9wvnsjKlW+51tlrIrhbp/Cmi4PYj0TVFo6ek8jPTx+KaUo/o9r/hM/SsrXhvzFASRJH6A91X3axwyZuds80Lxkgblqk9F/Ea3dTn+G1WIa1reHEaZft/0WhNB4G9NH5D9QPBCYp54O5DZdFSrfHowdLNLSyiSJxBHPurVslDc2mOrja1x74Ui62Y5fV0bP5Z7Kgmhe7YAg90Eooji48Fd1F0pLRtNXTOEkROfLyFQMzwTuFtqK7Op2mlrWa4ztk75CHcLDb6+M1Fv2djJA7IJQ9GOcIrmKMerCw9RXnpa4MudlqzDM0+5a77juotXDLRyeHKwj3QT5gs06d4yi6dU1OttNH1T8OvivYuuIBSTTMprqxoDqbOXSnuWj9P1W3LPRfDrRJG9ssT3Me0gtc04LT7Fe/wDwz+Oja8ssvW1S1tThrIKx3Mp9Hn143WCynY+D6Z9P/VHzy+HVLD/Z7A6MEFRjGRnbCn6c74TXRAtxhIcsHtZWKXKKuWFxOpmNQXaate1/hVR0u9MqU+HDsgbFAqKJlVCY3Dd3fuFSbFMlOY2Rha9jXtPYjIK88606DBa+5WtpySS+MDj7LWQV89vd8rWtLmt2a/1CtY5Y5Wh7CHNKbGbRh1enr1MdskfL9/6aDnOdNCQ/G+24WCq6aooZ3ANIbnYhfXXUXRdHeHPqIomskI7bZXifVPRstJVyMdAWjftsnKR4rX+JnTlwRgrP1LUUEzXOcSF6v011rR1zGsdPpeOcrxy4UHytS5oBA/yQqeqnopGyQvLT7FH8zyciubg8M+maatEzBhwcPZTWvD+F5J0n142d0VHUtLX8Fx4K9GpazWAQ7IPBBToWJm2FsZIuA0AcjdcDC7v+ajR1GcKVFI13PdaIWbWHOmN0cSJbazx4Pkqv6h9DihRXKssM7JY8ujJ3AKY6PJBRGPboMVQ3Wx37J7t3rDPL+R8DF5sqR6Hab7T36jY4PaXgbgndQKylkopHPbvG4527eyw1Mai01YmpJz4Z3AW1tt8p6+ANnIDyMEFYNTWpIy+Nd2lmolVW02JBW0R0uHIyrGiqxUwiQ41DYp9TQiNxfGQWO3VHO6a1VIlZnQ8+Ydl5zXaL2j6d4vyM44yaWF5k47KTFOR5SFTsqHgx1EL8NIzj1VlC4PAcN8rzeo0rXaPaaez5I7hXKgbWM8Rg82FkLhRTUz/EjBBbvhbuKTw8AjKZcrbBcKczQgasZx7riajSbujaujG2Pqmqt9WzL3MwfVe9dFdd27qCAWm5uHiFuGvcvn+52hk7QxkjY6luTpO2UCw9Q1NtrGwTuMUsbvKeMrBsdTwY9Rpo6iPPZ9O1tmrraTLb3iWF2+nPCivZTXandDPGA7BDmkcKu6E6/julOyjq5GmVoxl3daO6Wvz/AD1CMEjLgO61UtvBwbFKmTjJHx//AGm/7ObbjHVdX9O0wbOwansY36uV8YljonujeC1zTgg9iv17lMdU3wqiPB4IcNivj/8AtQ/2aZRLP1n0nT7Oy+ogjbtn+oBev8X5L45KNh5vzHiK9XW5wX3HyQxzc7EKQ1VbS+GQxyZBaSCD6qVFNsML3mntV0NyPlGqpdc3H9ElGHKjAg4wU9aTL2ShwuoQ5RBwoZ5rHQ9Oa9wOQd01I7pdsU+ClnJorBdyx3y87s54OVrYZtQDcLzGF7o5A9p3C3FquUdRAzfL27Fec12j2/ej1niNdu/05mhieNiQoV2gwRURDBB3wiwvBH2UjZwII2XnbI5eD1+nt4wSbBehIBTVDyHdiVp2t2wSF5tNqoazLR5SchbS03NtRSx6nZcBgrm3afnKPS+O1m7/AE7GXTDpOSry2V+SGOIWb8XVjCkwTeG4En91zraj0FNyXBsnOEseQQchVdREWvyAnW2uyRG48qZUQtk4WbGw3xlvWUQ4D7ojwCN1EBMdR4Z4Uku14RxkB+XBX19O2QEAbY9VkrvQMwQB3W6kiz+HP5qpuVA2Q62jfuujprtkkzma7TKyGTyu82rMLsAuK8+rqcwVBGMAnIXt1xtoJwWDC856ksj45Hv0ZackH0XrNBrk5YkfMvqLxUrYfJH0ZJkpjcMKdG5szN8AqslaYyMo1LN4Z3Oy9PTasHzacHF4CT02k6gFGJOeFbRaalpwNwFDqafweRhMnDeskO0c/hvBK1dnufh4GVijkEEFWFBXFp8y5up03yLBv0WpnprN8Geq2i5trWmCcjYbEqVploJhLETp52WHtlxxjcg7rX2+5mWERzYdjuV5/UaXbwfS/G+Qhroxbf3L2a2gurJYxI0/ceiuqKtin8ucHHBWJh/luJj2BVtSVbo3NeBuB+q5F1UY9HrNLqsvZYw/UXTzZw6ogb5uVjmtmo5iwg87gr02lqWVkehwwQN1T3jpplbqlpyGv9D3WZSw+R2r0inmyozUVRqwW7ZWmsF/lpnsjlftwCe/sVk3wS0kxp5mFrm/ujxyHAQWVqxHPovnVNNHstLVioja9pBDhnZSRMWjLR+i806d6iloZGwVDyYzsCey3MFUZWCWCQFpGVytTpD1Om1imk0zUWy76sQT/kVatkD+FjYZi0guG6taS6eG5uokjuuRbRzwdeq/cuTTMLiN0N7dKHT1TJWAsIIKfIdZACzYaNK5JFPVysIjc4PYdsO3CzN96Rntta7qTpiYRzHzyw5w157/AGV5xuiR1JyA8EgFMhNx7E3Uqzlkbp3qalv0PgzN8GsZ5ZInbHUOVNq6CUglmFTdQdPR3BrrjZyaavYMjScZK7011c6QNtfUDPlq2Py5dxJjutsLtyM2yS/JclD158PbT1xapLXdqcNJ3ZKG+Zp+6+QPiJ8Lr/0BVkVLHzULnHwZw3ALV9+1lNrZ4sYGCFl+oenrZ1LbZrRd6Zs9NMMOY4ZGex/Jek8X5uehwm+EeX879NaXzEPv4n6Z+e7XIoeF6j8WfgZdei6mS4WWIVNsLs+V2XxA8Bw7d15McnGF9Q0Pk6ddDdWfD/JeH1Hi7XVcv8P9kjI9Qng4OQVFaTnlFaThdFM5E44JOsp+r2UcSdsJ4kz2Vi2g+R6JavZC8UeiXij0UyB8bCJJiShNrYTT7pafdN1eyQdjsjjJIOMMC0FO0+674u2zUzxHE/Sn9gSQ/B9UgMd10PyM4XQ7HZRJFCGR2Xd/RdD2jsuiRo7I1go5oC6I907W3HK61+DwrUUVJ4EKbIz/AKrvy2P/AJqOH7cLokwc4RqKFOQNlOc4wiim4OEm1LB22TxWQ9jumJJA5ZzwMbYT2QM9F35ln4Qmiff6QmxaRWWPFM3nCIIWBcbMHdkQHbKJSX6KyMDcDCXlRMFdDSSmpICU8DNJKc1h9EdsI5IRAxuMYRCpzyBDBhdDBlP0+66G78oilNCDU4NARB9P3TQzJxhFkW5DkMMceyOGd07UAMaUeSsgw3PKIGDCQbuihoA82yNJdspvBHMW4wEURkDOOUyWspIBl0oJx6qprL8BlsHqlW311+x0a5z6LkVENNvK4A9lXXK+lw0Ux/dUc1bLUEmR5+yih5OxXPu1ueIGmFCXMiTJPNM8ulfq/NMBHqP1QtzuFzJ9Vmdkp8yY1JJ8DwMpLiSXjIx4SDJAZK4MngIkbcYyE2McAOQgMEIzWHAK61hJypDIvfC1QgLlLANrSPzRoIjkHGyKxjcJ40tOy1QiIlNsIyGPAJHCeAwcYCEJdsYTRknKYkIbyGT26nEHGya1hICO0NZjARgnWtPcJ4wltjKGXEE7ZwoRxciRkKFWVQYMbJlZXMpmEuP5eqxtzvrpXHDXA9t1m1Gphp45Zr0+m+Rkm+dQA5p4XHPBIKzb5fEOSEiDK8n133TQ3cheR1GpnqJ5Z3aKI1rg4uEjCfpz3Raehke4Z4WGx4NsKZWSxEDFGXu4yprKcM0khSm0kcTAdO/dDlkDsNaNgsc5tnWp0vx/n2dDgwYx+6fFF4jvRcpaWSok0gYxySrujtpO+MYSzq0UZItLQnbZXdutxnlbDpO6lW2yz1EzY42fc+gXoNh6dZA1kj4gceqOMcnodD4/dyPsNjht0LT4Y1kK/bgMwBhFZHG0aWsAATXAt8o7pmMHotPplSsIF5nuxjlT6WmDWDPKDFFjzFu6lR5BAUfBtqjyGa0ADC6lnbK6Bk4QqWTbGKQ9mTnZGDc7oYc1m5QZagyeRmw9UMpZYZ2qqtIMUW57lCpqYAiaVuT2BXYocnU4KSX7YwgTwQfqHom+JgKMZDlN1E7ImwZPAeSoPAC4Mu57obGEnOP3UhrcIQGzrWeqLEwasrjG5zuisZzuiIEaBpBxwolQ/IwjvkETSVXSudI/bZNBmxOLnPCkxRE9kKni3GQrGJrQNgjEuaiFooQCCVYuq4aZmZHYwFVy1cdIwvd+QWWud5nrdTWktySPyRFS1CSJl46gfUFzYCS5xIJzwFVQMMhJdymU8erluVPgi8wDW7lRvJn3Ob/Y+lpDtstt0308GYqqoav6WkbIXTnTuS2qqm7AZa1bOlhIwA0ADgBLnPHB6Xxvj9uLLB9JD4eCGAKYMDGdkmaY250grmg1DtOnA7rJOe49FGHpApp3SnwITn+ohHpLcyAeI46nu3yeyfBFDCctZkrs9xghGJHAJDZpjHgLJK2MZJVdV3hjRiA6jxgbqNI6queWwAtiO2r1VlbrRBRRjU0Ocd8kJcpbQ4kOjtctfIKiuBLD+HKvoYaenYGU8TY2jsNl0DAwE4sc4ghZ5zyGkdc4uxgYSwfRGa1rG5chy1lPCzGS6T+kBA5ljg054TZqylpv7+XT+6iGW5TnctgYf/Omw26la/xZA6WT1echA3uKE+51dU50FupWhp/4k2zU+GxySOE9yrppnH/hteQwfYKcwNaNIaMeiKTlWQbFBT05ApohGPbZSQdhkoQXRnKrIYVcXAV1CQMlkpJICCSTdXslq9lMlpZHZKWv3TSc9kuUEp7QlH9nx+Gb7j90QhunPdc8vZM37L6fln5ojQoficPOyfg9guNB1BPBGOEuZojHjAxrSDkhFAGEsBdSgl2NwD2SPoutXVbjkYh6SS4cFXGOS5SwdTZDhq4XtaNzgKvra9o8o3TYwMGs19Ojrc5sJPVBueOFVVFeckcoU9UXk4yochPqn11HzLzH1FZqJONXQ+Sd0p9EGethpQTK7Gd0Koqo6WMySH7D1WTuNykrZC52fYdgilPZ0efhGVzyzt0vE1VUO0POjOPuoWS45IwUIgl2pSY8OAwOEpzlN8m2MfjRxrPVSI4gDlKJilRMPKZFAyYxrSCAApLQNI2SaweiQBBToxFSlk7gJEgJw+lBJOeUYIyaUjYBDY8lEe0OxlN0+6gQ5JDJwlhztwExQyQIkuEgcpHdRrBAbnZ2ASbG7unxsOckcqQSzA2VpZJOWAcbNODwiySN0AIL3A534QWuJOSVOgY5bE/JdkruMHICIGjG43TSCTsqzkJy2nd/RIDC6koogqz+wk7ASQ3JgLeTucrqa1OUCTYkkkCeYRsLhuUEpbRiQ2onAGlpUYB3JP5LrQ57tbynPIAACzzmMSyNc7HdRpHjGM5XZXjB3I2VdLJ2ykWSNVcMnal5JwFHIz3Ti/KfFHnBwkS5HrEQbWkHhSAGtZnGcp2hoGMIbvLsVaWCMYeVxdO64gLHpJJKEEkkkoQaOU1x2TiMDlCKXNldjNW5UiBhLgcIccRedlY0zAzGoI6o5YM5YCxM0gZG6kM7LgA2OF1bUlgRP7jr3AN5ChOcSSMos5O25XEKDhEEnnlMTiVUnhEZ0DPdS6WnI82nJQYYjIQ7lafpayS3W6Q04/u/xhczVW+j1HgvHfLNWWezW/DbppxlFynZsR5Rjhex0cDKWmDneXO5Psqi126CigZBAwBrAAo3VnUDaKkNAHkSSNztzhc5yy8n1nS0R0enUImf6wvzrnWCCmeRDHlv3Kh2ukeQC/bPCiUVK7PjT7l24BWioYQG6w0bJM5pjoRy8sLHAII9TlXVlQSdLcYU+4TYh8MDCq6OmlrJhGwZ9SkPo1KO7hFj09b31lSJJG/y2nP6LdRODAA0YChWyiZS0rI2tw7G6n+EWDUQls6FcdscHZqlsMZcThx2AVNXV4oqZ8xI8R3055Up8gneXfgYCshfrh8zOY28M2Cou6eyJWVLpaqYySvLi455V1Y7c14+YkZlrdh7lVlvopqqUNaNu59Fs6Gl+WhZGG7AJc57ULpi28smMY2NoDRjZMqZNIwN8rskmhuUOKCWunbHGNs7lc2+zJ1qIYJlmoW1dQZJmEtaNh2WmD20sflGwUeipm0kQaG74Ue4VrXgwM5HJC59thvriAmkqK+qDW+bJ29AForfQw0UQLgC4jclV9opRDGJ3jJdwpdXV6RsP0WKyZojEDWSyVFQyFhy4nAAWgpIBb4A07vdu4qn6dpDLK+ulGQ3OE+/3kRNMDXYcQeFhseRyWSv6hv3iudTQSH0c4f5KgBJJJQn51Ek5J3RBullj4xqcNlypkETtAGcJOeyJmsnGEO300tyrRgks/ErksIpssbHRCrkNTM3LGcehKu6iYSj5Zv1HA27BMmLKKFtNTgNOMKbZ6BsrTUzNyAdvdZ5SGwJMbWU1OAcZAQrfTGqq21TgctdsiVZDx4LR9XCtKClbBC31wlSeB5MyAOyq75d2WyjfMcasbBHqqjwRq5wMrzi+XKe61j/ABZD4bTpaAVUI5JZNJEOqqprjVuqpvxcD0RI49ODhKCEDfCOWjYDZaYx28mOTyzoG+FaUVNpYPKB3UeipwXeI4ZxwrGEZdpG2UMpZH1xyGijLnBg3yrulpmsaABj/VRbfSESanDgK2a3TvhI7Hg5iKandMRswZXl3VF/qLrVFglIhaSMDutB151C5pZaqSTScapSD+gWFALimQhlmW6zHCHMaPRajpvp3xnCrqmgY3Y0/wCar7BaH3CrZkHQ05PvhelW6hDWhjW4ACl09iwKgsvJygoQHMiYzc7LW0FGyJrWsbjHPuVFttA1h1Fgz3V3T0xBBIXK1F7ZsikkEhi4OFLijA7JRxjGEdjcLmzs5AnLDHNbgYCIB3SaOyIAMLPKWQc+xBoxwupJIUZ5PLHJJJJhB6SSSMgkkklCBUkkkoUCTE9MRBiSTVw7owh+Wjk4WA+JPUToxFZaGQiWbdxB/D6Fa27XGG10cldUOAjYD33yvMrRG/qG9SXqYHwy7ytd6LRTHLH1xyW3T1uFut7CR/Mf5irjsSeF1zQMAfZVHUVx/h1GXB2C/ZdGEeMGgy17r3Vtyc4O8jDoaPstD0nbXyvNQ4YaDss1a6KS4VrG6SQ45K9Qt8DKSmZA1mCBujm9qDJAYBjHZcLM909JYrJewBJJx4Qjys/5EHrryQ0nGVxUvUF7bRQmFrsOcE2CyMIHUt10uFHDJjbLiD+yzgychDleZ3asn7qTRx6ytcYpFdFlbYS2EF435U8PGAMJkQEcYHoECSYk6WjdMDDtHzUwiH0jkhWjGNjaGMGAFFtNLoiMrx5n+qnFqHvoYNUWomzgYRpnhg5UFzi5xJTIR3MtvB0dyd9lArqnwITJjjKmue1jS5x2WF6svvhaohKBzsCuno9N80sIxam+NUd0iivVxdU1UkjnZBJACrYWOe7JCC2odUyjbOVYBghbxkr2em0/xxUTyl1vyz3A5D4YGApdnovnaoF2zY/MfdRNBqJGgAjOy19JSwUNKNDBnG59StcltJVXu5OTOZC3c+wCgPcXEuXJ5XTSZzwkxpzwkfkbYrasA46fJMrxsMlQ3SCR5PYHAU2vnEUPgsPmcq/T4TADydyrwDkFK4zTeQYCsKGmAIcRk/5KLTQufIHadirqJghjALdzymgnCRG0Ad1ErahrRthGmdlpcNsBUVdUlxwtNMHKRi1GpjXFtgrpV6mYGDus9X1kNDRy1c5zp3DfVT6h5ecHheZfELqBz5xbKaTDGjzkHkr1Pj9Lhbj5Z9TecdMZPPJmeoLtLea99RI9xbkhrc7Aeyj0NOJpAMIUUDpMDC0dsoRDDnSASMr0+lr2nw3WauWpsdk+WyXSQRxwtDWgYG6eyKWombDC3I7n0XW8loam1de+0UZdFvNLtzwCuglsRzs72AvNyfBps1oGuaTZ7h2VjYLRBZoNRYHVMm73nc5VdYLXJBI641e8su4HoFevlbG0vfsFk1NnB1/G6ZzsOVtYIhl+5dsAs1fr7/C6J2hw8WQHSO4Clz1sc0r7jUnw4KfIaD+I+ywF7uZula6YDDBs0ey4Or1HxLJ9E0VDjDBAkmfM90sryXOOSSVlLvI6Wqc0uC0lQABnPZZGqeJKp7gds4Xn5WuybkXrpfHXtQWkGkjCt2/3YKqKc4cCrcAvjaQESeTjaf7mMIBOcKVTdkJrQN+6LEozqURw8hpW7DCFESHhHeMhAZs9Jng6CjyT2fSFIjUaL6ApcI9Ehrk6FMeDkjdlU1QAkwPurpzdjuqytjAOcYKXLhlXwzHJBeMJkf1J7+UxnKowLssaQ8ZKlyDLVXQnDhurGPzNG6dGWDXBqRW1cWDlqh68E7K5qYtYyAqedpjfpI5WiueTn6urH3DSARgqNPH3AUpvn4CZMzIAJTTkX15jlFc1xaSMK3onh0AyVWuiAdtsj00nhOAJ2TGZtPNxmWeCUsFEiwWAp+AlnZUW+UM0BwIKg1VLn8Ks8H0Sexrm4wrXYuyqNsdrM8+EtPC40YOcqwqYN9WFAkac/ZOi8HGuh8ctoQ4xsmDPdJnOCU9wwE6LyZ2IjKA5mOApC44ZVWZ9EGRn1RWHzDCCdiiwnDgSgQUeGSm7hdXWEOGydgphrh0DPBUZwO6m6T6JpY30CDsJ8ldJGeOEAGSN4e3YhWUjG7bfugTRAjYIJIWuOUWNJVCeMEuGUct1DPYKhgkdBJkcFXtNO1zR9lMmyqeVhg5I89sqDUQY309/VXDo9W+FFmhOPpULsqTRVsd4btwpDXNc0AlMnp3E5A4QWO0HG6ZVP0cu2lw7CPBYPEbsQeQp1HVGQAOxkKOMPYQe6AC+KQOYcLTXLazLKvJcmMOGQhaiwrkU+sDKfIA7f0WrOeUIaw8MdnUMhJBw4HlHPARReSCG+3qgSMARl0nKko5IQXN3IIQZGOzkBTZYsb4Udzc7FZbIDAbH+qfLE1zchCcwjcFPZJpG/ZJx+wk8EWRhYdhylE/Sc4zhSnxteMqPIwsPCrrodGe5YZKhqtwHYUoaXtyMfqqkc7FTaeUDAJT4T9MVNchXBwKfGd+U8tDhtuglpY7OOUzGHwIz+yWzzBdLTwgxybcIweDzsj4kimCkjwMjuojctJOFZgAgghR5ID2akTrz0Du5AxTZOCFK8krSHMBChyRkbjZPgn0nSQqQTXsWqot0niQOd4ZOcA8LS0FdDWRBzD5uCDyCqUPEg3AI9EGWCWl/n0zjjkgdkxTcDPZBW99mwY4nYIFVa46j+aw6JPUHCr7TfoZmCOoOHjbPqrppAwc7LTCe/oxyhKt5ZEprg+AinrGnU04DvUK1aA4agcg8KJVQRVMehzd+zu4UFk1VaJQ6XMlOdic50p6QppTXHZeMjxyEOaASDBRaephqYxJCQWkZBynkZVuCYrLj2VctGWbtGyHE87D0VwI2u+oZUWqoN9ULfulWVh/IyMQHDhQa6zQVg1Boa/1CsWxOZs7ZFDA5oS9jZcbJQeUY7FRQSGGdpIB2KkxzCUjAWlloIKtpZKwfdZauoKm11BBBdHnY+yWoYZrhb8nYZzWvGwUSSmwc4UmlmilPP5KS+EOAwq2jm9pSvYRsGpm4wrZ8H+BRJYcfhS5RaHRmmAaRjzD91x8bcZyuuYeyTH4OCgn93DDbAFrgTuuNJyAQppaw7oMlMeQEKjt6K3HAQVxwyELDgd0UEYwryFgA4OY8PjJa4bgjYgr1Pov4pySsjtfU8oy0YFWTgY/xD/XK8yc1NwBzg/cKx9GonRJOJ9MN0Oa2Rha+J41Nc3cEFVd3scVSTPTOYw9wV5R0l8Qq/p95hrNVTRu/4efoH+FevWy6W+8UrKu3VQljeO3LT6H3RnpK9ZXdBN9mPr7eWtAc3cKva+soJRJBJpHcHuvQ6y3xVDC5zRnGyzNdaXseQWDCgVkMrKIbay23hny9dSsbKRzjGVmrtZprZKXMaXwndpHb7q1qKB0Tsj7j2XYLhPGDDOBLH6PGUDXBmawZkPB7Jkg22OFo7haKaqiFVbwGvO7mDhUUkL4jolaWH3We2rcNrtcXwei/DT41XDpNjbb1Drq6AABoZ9TPcZX0fabtQXughudsqGz08zQ5rmn9vuviYMA3Wu6A6/u/QFV/7veZaJ5/m0rz5HLn2V7We38J9Qur/T1L4/Z9ZuYDjKH4fuqfpTrG1dX0QrLZIDho1sJ8zHdwVeO3Cz4wfQqLIaiv5K3lECspY6mMskH2PoqlorrO/LR40J5AV69nm9EOSHUMKZxyBZHPR2lq4quMSROG/IzuFFu1kobvEY6mnYTj6sbqDJTTW2Y1VLlzD9bP9VY0NyjrMgbOHIPKOM8mSUM9niXW/wANJ6aolmp6Yvj5BAXlF2tnyUhY9hHbBX2dNDFMwtmjDm+hC8z67+FdNeWyVFtLGSHJ0kY/RGec8p4bK+Wo+bWiWF4dE4gjcbrW9OdfV9FKynrHtMPAO+yq7509X2OcwVcRABwHY2KpZonHBCtS2nkm3TLo+hbXdqeup21FPIHAjffhWcNXwRgr5/6b6ouFlqNJlLonYBaT2Xqtm6ot1wY0Nl0u7hx2WiFv7N1Gqj1I3lNWROw17hk+6k4jeNiMFZmGoacOa7I+6s6WtaCCSStCl+jcmmidJC9o9Wnj2TIJpKaQSMP3Cn08sT4wRv6oM1GJHF8O2d8Jj5MV+ig38kTRWy9sliayTBHG6lyRw1AIMYc09iMrEB8kD/KS3HZSI+oK2AtY1w098rHfTvG6ayVReMiko53RNOqI7tB7KdFUOg9weypYrzFU4I545VjDJ4jclcLW6Rz6PeeL1cbK8IuYakPjycbqVTVPgnnk7qjjeY3AAnCsIXagCvO6jRyid6Fia5CXqyw3GL5qlAbKBnZYS92l1W0gt8Opi78ZXotJPoOMbEbhVd8tD5c1tKMkfU0ei5N2lzyMfRg+l+q6u01raepe6ORhwCTyvoroH4jUVXEykuMwDn7AnuvmrqSxST5raX627lo5Cb0p1dLTTtoqxxY5pw1xWT4nWzDqtNHUR2s+yLta2SD5imGzhqGO6qAynqoX2+4Rh8cg0+YZWY+HPxOhqxHZ7rKHA7RyOP7LeXS2tefGgHIyMd1speTzttc6ZOMj4b/tT/2YH2n5nrfouk/3UeeWmjb9JPJC+St4iBlfsK9lPXU0ltuULZYpGljmvGQQviD+1F/Zgm6dfVdbdHUpfREl81OwZ0k8kei9F47yc9M1XNnkPOeFWrh8lX5f+p8wRuzjdSWHUOVBiOj7BSYyCBuvbafURsgpI+Z2Uzqm4SXRLT0Ak7boo5WlSyZ2gqS4D2XVYvODrDg5Vjarg2nqQXDZ2yrmkDOSntOh2eVntqViwzRXZKqalE9BoqxsuDkKyjfkZWGtly0OALitPSVzZWheR1en+ObPfeN1MdTWpJk6sgbUMwR5hwVDtVe631JZKTpJ9eFNZIXdlBuNM7UJY288rn2QysM7NcpRkpRfRuKaqZURh8ZBBUkS4wfRYKx3mWnnEDnZafVa6OfxRlc62lo9RpdUro5Rd0tcY3B2RkLR0dYKmMOJ3WJY7B2PCtrdWaCNzsubdX+js6a/C2svKyLS/wAdvB2QY5jnGOFIilbUR6TyoT8xSFpHBWVcdmx/snR7jdAqIw9uAE6F2poRZADgFMhNpi5RUzO11EC47dll7rbRKXxvjyCt5VQ6hnHZZ6vpS8nbuuxpbn6Z5/X6TdmJ4l1HZ301RI1kZxnUPsqB2W4wV7F1BahURAFgPK8nvFC+kq3x42ySF7HQa1SSiz5J57xMtLPfFHKSqkgkDmnb0Vu5kNXT5IyT+yzrXFpAwp1FWS00gc05Hou/VbuXJ5ba+jlTEYXaSMeyDG4tdlXtTRCsh+ZazJA4VG+Pw3HA2V2RUg9jguS2t9a5haDstXarlnTuDysA2QsweMK1t10MJbqycLnX6dSOj43WvSzUcnqVHcA5ozhW1HKJnNDeSsTbK+KaJpY/JPvwrqlrnw4cCQvNa3RTWZRPpXj/ACsJJb2a+CaakmDnA6RscK+pqyCrH8s4cN8LN0NbBcIBuNYABHujtdJTvD2EjHouJdXtWWesqt3x3Lpk692SO4RmSNoEreD6rGzxyUkvhSsIIXoFHWMqWYOzxyFGudopq1pe6MasJKk0yWaeMluiYuN+cLQ2K9VEBEBk8o4yVR1lDLQTFjgSzOxTGOONirsirEBTJ0Tyeq0VW2rj1NO45VjC4jA9F53Yr1LTua2R+42+4W0t9yhqyGh2l3ouTfRhnf0+rjLo0NJVvhwGuwCVc0tWHgaiMrMgEYKOyofgAEhcyyvB1qrzVB2oeiE8Y4Cg0VxHhhk7txwVPZKHYPYpDWDTlTOxzlhyQo12tNJfIxgCOqbuyUDfKkSxCUDRsVFcailkDnN8p2UhLBUocEag6iuFhrBaOogHwkaY5xxn3WmEdDXxiWnex2rgtPKp3GhuUZhqWNkB2IeMqnIvXSNbHNRRmqtpd9PLo8rRCzkzzrw8vovrhbInDwalgex224zhfPnxa/s3srn1F/6Fgc1+dUlEBkNb/hPovpi13i1dQ04fTyMc4jJbjcfkm1tEaQa425B5C7Oi8pbo5ZrZyPI+N03kKnVeso/NyustVQVUlJVMdFLG4tcxzcEFR3wOh3cQV9xfEX4M9L/ECH5uN76G68mob/xD/jHf/RfKfWXw7vfRVwFv6jonMcRqa8DyuB4IK+ieM85DUfmz5D5v6W/iT+Stfb+zB6xxsjNdpzlW5tFI8DS3B7KLPZqho8g27L0MNVXL2eT1HjLao7oLP+CJgHulj3XX0FXCclhKY+KYHduE1WJ9HO+CftDvFPol4p9ELPbCWoJmcigiMNlGTwMjIRg9BRKPTKXiD+lDwUsFXvIF1hLWEPCRaew/dWpNsEPk+qWSham+q6mqf7KDZKeOUFOyEStAJQJS1Y5UbxD7peKfdGrQMIOAT3ThG3GchAEmeyJqTFZnoXhBY2kbZR2Nz3QI45CcMGpHZHM3dzP3TYywU0SAwDBCIwbhMZkDBTmuDSclMTEzeCSAMLuAmh+OyXiYTk0zPJtskbJ6jNJzuThED245RkwFSTfEZjUXbBCNZTAbyboZTjHsnxuXRI0+6WgqHJdqePgg/moU/UHlwxyCWojH2SNFjL4HGUB9VFEMyHCzMl4qXk4dhRpauplGHyJM/IRj0Ojo5vs0k96powdJycKpqb3US5b+H7qqLS7krqx262yzhGuvSwissK+V8h1OJTclLBXcFIbcuWNjFR6FkpyQZlEbGCMkK0iA08NJ4C6GkndFaAUxZA6G+66xpTxFkgozYxgHC0VxyLdgMMyitj3ynBo4T9IWmMMdipSyOZGMb4/VGaWjjH6qPk5wihpA9UxIjf7CB3YFdGo8prYnFwOFLEQDR6rRCLYlySARxHO6kxxA42XAwgkYyiMY4bpywgHhoKGAcJoYcg54Tw0p+gIHYkFVTKfQJ+w5woFdcoqSEvkx9vVcu1yhpmFznbD91jayvkrJi9ziR2HosWq19dUcnS02glKaTH3G7S1jjpJAz+yrXDVyUUt32G66Q4cDJXlNRqZ6iW5ncjo408IAG4BA7obI3SO0t3Kn09BPM4eTynlWbKGnoQHloJPKy2TUUb6NDOfLXBX0tu1DXK3jhSHuip2ENdgrlTXHOiAqOyCWZ4DmkgrJK3J1KtNs/BHDUPlfpJyCplJQuOHkc7qdQWZmA7wxn7q/orU1zmhoSTqafR739xWUFDpw0t23WktdmldINLCB+qsrXYWggys/Za+2WrwQMNAAV4Z3tL4+OE2RLFZTTsJ9Tk5C0zIwxjW+i5G1sTQNK6Z2jtlFnHR2aqVVwhDuF1rBnKA2Qvlc4DlSIwcg8KOznBurjkMzS3YNRGNHI2Sa3Yb8IgOOymcj4Rxyd0+64XY7Jur2S0+6mP2PE55ccBda0NGcJBobymPfqRBDvFxthDM4O2OUJEIyMKs5KTyO5KLHGdjhMii3yApjWgAKmwRgaAn4C6jDdRLJYyMHcpzpPCG4Ti5sY1EKFU1TJW6Ixv65U/sBN4OTT+I/DRsuNZjchMj3I2wVJwA0bphknMazZOkq2wDcgqLW1sdJCXPPmOzR3Kzs9wmlOXO2Kangy2WEm4XGaqkc3OBnso8bCSmRMc85O+VPhhOQAN1ecClFzY6miOdIG62nTnTu7amqb7tGELpzp07VNSzOd2tW1o6Uj0wk2Twem8d4zbiywkUkDQ0DGwUxjQPpGfZBA0tDWjGU9jSzclZZSyemrjjoJ4T3Ea9m+ie5wiHsUCeuZBHl/PYd1X66yvf4TMtYd84WeUsGuKWB1ZcnmUspznG2R6o1LZ5aseJXEjO7QrGitUEXm0AuwpzYyOAl/JgaNgp2U8bY2NAAGNkXSXkADGEmnC6XhgyEiUtwUeAgjDRqOwSMzfwHJQtb3fU7KSAYhOlked3JrWjOSN05LIHJQkESTuV1qaXtBxkBN8fT/djWf8KhCaEnzRRnD3fkFFaaqbByWD3CPHTtadUnmf6qiDxU6ziKNx9yMIodI4DWU0ADgJJck0QICitI0jcKMiDlUQOuOSb9IScoyDvpS+pc1Apa/QrO85GLCFlJM8TfGEtZ/pRNNlnyCNWUUAYXcBO0+6+on5tFgLqSSAISSfgpIcEAruCk1Jz2t+pHGDZJz2BDjuUOWYMbkbqNWVYj2VTVVcrj5XHBToVnmvLfUVGli4Qf3EqsryCWgqqlmdKTn1TySTl25TRGB3T1DB8y1vlNTrrHKb4AEk8oFdVxUkXiSH7BOr6yGghMszvsO5KxVxuM1bMXF50ngIZySQmqpz7HXO4yVchAccKKzOokpgaSeFJY3UBthZ3mTNsY/GIM1EeXdGjZhdYxEa0kpkIFTnkexunGBypETdhkJRNG2oZRQAOFojEVKWRDZdfhoyuIUsueAjKGOmIOMJmc7pHnOEt/srwGkjmr2SOT2Tg0hdAORsjUSnJLoYAcp4xjdEw0N4QQ0k4RYIdcwuIwnNjxunsbgbpPeBsFHxyyHQAAgknhIklJUnuKf9xuSV2MH0Tox6ovl7K0i+gaWAunlcVYwRrIkkkkyIoaknJIiDUk5DlkDQglLaOSzwNmmDRgd1GaDId0nHW7hdJ0gLPOWR8YjXjGAhyOw0klJ82nJIUKefbus9jGQjlg6qU5wP8ANQX59USWTJyQhsaSVmlJyNkYqKHRxklSGnSEmNawcLgdudlaBY1ztRXEklCCSSSUIJJJJAEJd/CuLjnADCqXRTOSDVuELT7patyjxN8w25QRg5spvCH04JO4U1nZMiiAbxhFa0laIx2mecshoxtklckkaBjI/VcGzM5xsobidWBvgppIrIbG/KS436QkTgZRBCPC4I/HeI2u8xTDISMYU6ip208Wt+S9/mOe3ssups2x4Oh47SPVWYXokUNK+Qx00bS57naRj1K9r6L6djtVBG+SMGZ4yXEbhZD4edMOqJRdqkYjb9LSNyvVoWeE3W4AAbriW2OTyfWfDaCFaUn6CVtdHa7e+oOA8Dygnk+q88nnnuVW6eZxe5xySeyn9R3l1zqfChyIo9vuVEpNJ0xtABPKQ+jvylueCbQ0zp5AOzVcktpowMbpUtOyCFoa3BxyVDuE5a/AJKQ28j4xwiHWSvll0askrTWC0GmjEkgy47lVFlt3zdR40gyAdittTQEEDsqk8GvTVZe9hIvJgkZQrnVOETGM21bFSntDW6j2GVQzVL5RJUE5Y36Sltm3gj3u4OoqUQxEN1jJPdZSCM1M2lx3K5c66etqiXuOAcAZWgstsYwMmMeT7oJSSM0c3Sa/RY2S2iniDtO5VwQ1jMkLtPAQ0eXAUO4VII8Fjt+6yXTwdGmpIHNIZpgxnfYALS2m3Cji1yY1u3VZY7Q9721Uww0b791c1tQIxpC5d1m7g6VMUjlXVBg0g7lBt9Mx7/HkZkZ290GKJ1ZKC53lbufdWbdLQGtGAOAsU5YNkFxwSnThrcNaAFXundWVTaaJudRwnVk3hwkDk7BWfTlDBS07rpWDzfgBHZZ7GGSqqrp7LQCDI143x6rE1dW+pndKSd1LvVzNfUuLfpzsqwbrNKIYuSnyO8JuT3XHaGbuOFFllM7hHHk9gqSBbwP0zXCVsEY77n0WroYYbbAI4mb/AIj6lQLPbvlYvGkGXu3U9zvFOAPZBZwHDkk0NM65VenPfLvsr+rIpYRHGAGjbZK10cVDTNDB5nDLieVX3Od9RVsgid7FZH9w+MSTbqbx3mqm8wB8vorTOGnbhDhiEMLWDhoVL1PeWW+HwQ/DnDdDgN8IrOrr0/WKClfuRl7mnt6LNRREYc4JazO/Udyd8o7TkYxjC0VxwZZzbYmjbZSYYXSPGAmRNOfpyrSmg8NvmAyVcpYJGOQtPCGM4xspdupw+Vxc36eEqendM/Qwbdz6K8paRjAGtaNhv7pDeTTBYCUkOO3ZUvV1/ZaKV0MMgE72+X1Hurq4VcNro31cxGlo4zuV5DeblJeLhJUuyGnZoPYKQjkXbZt4IUkstTI6aV5c95yXHlT7Va5rhOI4xxyVHp4NRxheh9JWN9PA2flzvMcps5KpGZZkyxstlZSRsijYAceZ2Fp6OlA04aBjlMpaZxOQ0K5o6XSAS0BcrUajI+EcDqaDTgAKyiYMBMjhAHCkRsLTnOy5VtuWFKTXB1oOQcbIo4SAT0nOQG8iRWISNH3QByERhJdcuIkJaCp6YuuQEFgpYK6ThIHKv5ADqSSSogxJJJGCMSSSUIJccCWkgLuoKm6mvP8ACrVLVl2GsBz7p0I5GwjlmL+Il2/iFXT9P0jyXZD5ceh7Kxs9rZbqKNgG+Bss70nb5LnUS9QVZJMzyWg9h2C2D5CzgZW2qGDRt2gpnd+MDKwt+rn1tX4TnamsPC1N8uQpqJ5bs9w0tWLpI3Vta3k+p91tSwsk7NT0fQktNS9mOzVsG8f6qHbaVtLSxxtGNlMaNyPRZ7Z4GdBU5NTljk8kQ1MT0J5AaSThRLJZyqqoqWIySO+wXn1zrHV1bJId2g4Ct+pbl4xFPA/YZ1HKzoLv6U+KwEPii1kADOVdUdI2BjXuYONgodspH6vFcPKrR5w1aCzk82kaQEqCBz5g/kdgoxzPJpbyruig8KNoPOOUT5CJbBpGPRckcANyujZRawkYwUtvA1LIKd5JTEkpCBjK00xbfAuySRW36tZRULpHuA2JXj1fVSV9a+TJc0nAWp69v5nqDQRP8g2OFmrZRSTSifhrfXuvY+J0Mq18kjzmv1Km9iJdJRtp2BxaMkJSyFpUuoe0DACi08XzNQI/Ur0fEeTk7N3RcdP29rwa2ZuQNmg/5qZcKl390x2Pt6KSdFJSNibtpaqxxdJIXHclZ7JbmbKo4jg7TRnTk+qkhoY3W7ZcibsFHvE74qYaDjPKWlhjZLCK6SZtRVOOoOwUpyC5ozso9MRkvO2QpEUZkeBn9UyKyIbeSxoYQMOIwAEeWTz+wT2gRQgDY4QJ3aRnHCeoFSltId0qnMjDAdOefVZupqMHYZR66sllkc57u+PyVPX10dJE6aR2cZK7fj9M5NM8h5nyEYJ4ZTdYXyS3W8+A4NkfkA915MHy1lSZZnlz3HJJVn1LfJLnVyO1HSTsPRRbRQTTSCbhrfXuvZafTKpYR+e/qLyX83USa6TLG328EAvbgq0P8sALg/lDhMyXuC6MI4PJylvYdrmRROneRhoyodtpXXWpdW1GSyM4YDwSmyl1XKygiydThqPbC0TKZlJE2KNgAaMK5zwsGjT1t8nI4i5wPGNlBukxfOy3x/U/bI7BT5JmQRPlecBoys1VVrKSlqbrNIdbsiMejVx9ZqVFZPa+H0XG4oOtbmfGFkpneWIAvIPdZkNIAGEaLxK2eWsmJc6RxOT6IkzAMNa3leY1NsrJNs9xp6PjjgqLlK2GFz3cAfqsnjJ1Z5Wk6hIZTYx3WbBykQOB5OeZ7Q0e3CvKbBp2n2VGzgq3oDmnbvlNOfpeJhyE5nZdOClGcOCpnXrWAwBCWgAg55RQC4bBDkaSWkLPab4EqL6dypVLjcH1VfHtjdT6THityeyT7N9TwHeCBj1VVWsOMq6Iyd+ygXCHMeoBLyFdHMCmA5QTkHKNvq3XHjYYChycHYnEEKzopCWhVLOVNoXlsnthWngdRLEsFk4Bwz6KnudP/wARoyrruFFqoPEGlaosbqa90eCkgeWjBanTNyAQE12YpSwtxg4UkgOYCOU04coZTiVz2kHhAcHNOQVPkwCRhRZG9wEZi+PaWlBMHwNG2VLVFQTmKUEnb0V+x2pod6qHR09m+OGLAXcZ2SSUH9AZoARnHKrZ6cDJVxIMtPsoTcPeQ7bC01LdwcXyS2tSRTvaY3DblFaMjlS6+jawCUN2P7KG30TVHBy/k3HUsFdHKNp/l7K2WRUk5w3TcpakGmSKeQNPm7qfgEAhVGDkYKsKOpaGiJ5391eUzRXZgkOYEPT7o+QeFzT7q2smmMcoiub7oDzqyCFLkBHG6DoOSQlOOC5QZCkh7gI1DW+FKI5Bj0Rg0d98KHU02p5c0DdV0D1JM0LZGuAICZI0HCq7ZVuINPK7OnjKtGjWduFDo1NW9Ed8QLSq2eAtcSr0x5GCFFqabIyAEMeAbtOrCpY85wVJcxrgMYygTxFjj2wmskOfstELM9nEvr2SwSI3mNwHqpsTg4Z1BVziXj8l2mlMbsOWuE8GOcclo77JofnslE8PGEyRuON1pi88oVjHYYDOw3yuIcUmNiEbOpM4aKG4ycKPJHjgI2lO3S5w3FkJ7d8EfZAkYc5AU6SLPA490BzCdlksrGAGSFOkAfuuPZgZCGx5Y7OFnkgl/YZ4Rac42XWOORhHOlzfdBMZHZXHgvOSfTTjGDj9UV4Dt+FVxSFjsqxhqGvwCU+FmeGLnEWC12MIrHZCdpDuyDgtKYm4gMkx7E5RiA4bHCiNfjsnRk554TE1JCpc8ilhGNhkKLIws3Df3Vq1oI3QnRNwdkqcS42emQqapLHYcMKxje17c5G6ramnLTlmwXKadzSGO7Ic57GPEuUGqaNuvXFlpPYKZbb6+kxS1zXOAOzvZdiLHjflDqaJkjcO/I+iOKdck4gTUZx2yRqYJ2TMbJG7U1wyCpWGPZ4b2Ag8grE2+41Nql8KVpfHn9lq6G4UtawGGTzAZLTyFuhYpdmCdGzoD8vU2uYzUg1wO3LPT1wrSlqY6locw7nkdwmuCE+BoOpmWO5y3ZORjmtzLEM2TuxQ6WfxAIpDh4G6lhgxnCjxIVKW0hSU+ok44QRGWv3VqYgRsFHczUdm8IZRSBVmQDWbcJSU8c0ZZKwHPCK0EEbI7QCOEDryMjNx5RjLn07UUspqaAgtO5Yg0VW138qXyuGxB7FbnQBk4VDdunBUyGroiI5OSOxS5Q2s1w1O7ibK90OeOFElp+4C5T1ckMxpqsFrgcbqf4IkGR98odqY/ftKZ8GDnT+6jSQkYw3H5q5mpt8gKHLB/hSbKv0Ohb+yAx7mHDhwpLXh7d9k10O/Cbu05/ZKawMzuOSU4O7QortcZ3aprJwdiE6SESAEDCFQyXGbXBCbIHAbLpYXbhOkgcw8YTWP0nBCrGA8oaWqxsN+runK1tbQu34cw/S4KIRluQEEvycY4UDjY4PKPb+kuubf1ITTvHgVLRkscdnfZaCqpxMNPHuvnOOWWF4khkcx7dw5pwQV6V0h8TIxFHb7+x2puGtqGnOR7j/VGmjs6XX78V2GnuNp2Ja1Zmst8kJOoYHZegiSKoaHMw5pALT6hQbhbmTNyRumtLBunFS6MJFI+nJ5wUaVlvuTAyoBbIOHKfX2mSNxIbsAqsNcxxxyEqSyAoODyVlxtk9Bh2z4zw5vb7qG06lp6ata7NPWNDo3bfZRrlZQ1vzFvaHtH1AFZLatw6M8kOx3659PXCO42ycxyx7ggnK+kfh78UbZ1hEKOdzYa+NoD2k/UfZfMZj0kAnBSp3zU8zZYJXxyMOQ5pII/NYp0uPR6XxXmrdG1HuP6PtTGdvRcLNsHuvJvhz8Yoq6SO2dTzNim0hrahx2k9j7r1svDwcAhZJRaPo2k1tWsgpVsAWDckKpq7UfEM9G8sdzgHG6uNO53XC3PfhClt6NTgmVttugld8tUjRK3bfupr2gqPcKGOcBw8sg3DwMFQ6atqIJvlqwE42BwjjLLAlD0UvV3QVD1JC/S1rJXDuNsrwDq7ouv6eqpI5IXaWnnHZfVQeDwq2+9P22/QiC4Rah6gbojha7w9OqTceGfHb4cYw1TLdWz0Mwkjccdxlegdd/DaosNVJUU8ZfSu3a4Dhefyw+D9kaeDxN+is0s8SPQum+soZi2mndpd/iK2dPXxSgOY/n0XhLJTG4Edu61dg6rfC5sEpGOASVohbjslWpcHiR7Hb6/QNJIOVd0lTkAkDdefW+5sqmDRLur+hub2ARSnccFaIyydKq5TRqZKeKqb2a71VPV0z4X6Hjjg+ql0dWXAOG6mtkgqW6JQPzCth7Y+igAc3dmR9lc2m5lpFPUH2a7/QqLc6Cqo2mam8zOcY7Ktp6tr5NEmzj2WaypSNWnvlp5ZgbiOQPOxCsYHBoAyN1jqaslhxh2wV3SXGOQN33XI1Wl3dHr9JrozjmRel5YzUFLgq2EAA5yN8qsp6hrxpIyCj6e7QuJZpVng6kbcrKIF3tscJ+agb5XnDgOy8+6o6aBea6gYWuHmcB6r1Js2Rpe3IPqqeppWsqHROA0P3asV2iz0W7P7HnFg6llieKSocWSMOAScZX0T8LfitHXxR2K+SjWMNhlcdz6AleCdZ9GPANztoIc3zOaFS2a/vlIppiY5o9ucErn/BKp8Ga6qOojtkj7hqKGF8hkHcdlHqaOmqaaSmqoGyskGMOGRheQ/C74yQwiHpvqioAiwGU87uR7Fe0ERzMbLC9r2PALXA7EI8bjgz086ZuLR8Ff2pP7Lk9gq5+uuiKYi3uJfPAwZEQ9AP1XyyyUsOkj7r9lKu30tdTPpaqJsjHjBDhkEfZfEn9p3+ylUWyep6z6FojJSPJfU00Y/uz6j2XoPG+R/j/AOnYeI874OWql89P5ez5Qil1DjlSWu1DKroy+NxjeDkHBz2UqJ5xxyvaaeyNsFKLPnOopnTNwmiSCiAjCAnjlaDK1kdnCcd0gRjcpqXOO5EQWCVzHgg8LS2i4YIa4hZZpwpFJU+BKH5JA7LmanTxsi00dHx+rlprFjo9IpZg4DI5Uota8bjKz1uqtcbJCdirynkDmg6l5y+n43g+h6a+N0FJFXdKIQOFTT5GTuB2VrYb4HAU1U7zcAldnZ4mNshZ+ogkp6k6CQM5CyTqUkbK7p0zUoHobZc4KkU1Q5juFlrRd3SQBkzsluwKuoKlrt8crl3UYZ6jS6uM4qSNXb69wb9QVjWNbKxr286RlZKmqnAg8K9t9aHnRIdiO/Zc6yv9HYpu+R4ZLp5jG4B3KsG4e0OB5VTPGdQLVJoqktADlnaNOdrDyx6hgqorafB2CvjgjYqFVQB4wAtNFu0z6ipTRk66ja/YtwAvOuqbAXyPf4ex4IXq1dDo5Cp6uhjqoXRvYCCu5o9U4STPK+T8dHUwcJdngdXBJRy+HI3fsU2N2QDhbrqrp1sQdqZkblrgsS6n8I6SV6/T6tTij5F5Hx89HNplna7m+nf4Upyx3qplxtTZgaqmAwRkgKgAWgsleC35ed2AG7FdGN2ezJDE4/FayhlbpOF2JxYdt1eX+yuYPmKdvO7gFQt8pyrbMttUqnyXdouAp3iN7tOrg+611vrTMQx7s4Gy84JyAMq3t10nhAje7OOD3WO+neuDr+N8j8X+nYejQzSxO1xvLSO4K09qukdbGIpsCQDH3WDt9yZNC3xHAuVrTzOa4SROwV57V6KNiwz6H47yMq4pKWYm3Dn08mthIwriirGVLBvhw5CyttvUM7fCq/KRtq9VZsDoyJqd4cORgrz91Uq5YZ6qi+NqzDos7jboqyIgtGVlq+1S0Y8RoJZ/ktbR1rKluCQHjkLtXAyojLcDP2SU3Ee4bzCRzuYQMYWjs94EcjA84PCr6+2CnJDd++VAi1RSZc3IQW1qxBQk6ZHqNvurXuEUp+xVu17SMggrzO3XF7XjLj5ec9wtXQ3dj2gH/Nc23TnX0+pyuTQl+eOymUl1fHiJ4LgNgVURVGRko7XA7+qwW1YOnXPKyainrC4ZBBRnaalulxGPust85LTloadu6sKO7wEYLjnus2x5NEbU+GT56Dwv5tOfMOR6rsF08SPwJzgcEFEiqvFGQuTU8E25jAPqFa4G7VJFVW2GSmkF36ck8Kpi3LM7OHcK0sXXUUzxb73pgqRsQ8YB/NQ3yVNBIHeYRjlybU0Nrv8AGG1DIy/tI3Z36o42+jNZDabOpt8MjfFhbjIzss91D05aOp7dJab7Qw1DHNwDI3JCzlL1J1T0O4UdcZrpb2ned4zknn7LeWq6WPqqiFVQVkYcRkjgg+i2UamdP4MyzirPtkuD5L+KX9ny9dGNfeOky+7W1zj5dX8yIdg7nA5XlLKojAIX6Evpp6LyzRZZ2cAvJviX/Z36d64ZPe+mC223s5dgN/kzvPJcBxwvV+N89J4hf1+zxPlvp3ObNL3+v/Y+VmkTYOAgzUMTsK7v/Sd86PrjbL7SuhnaTjI2d7hQWxmQ4HK9ppNbXbHKZ4bU6OT+22OGVptNMRuEJ1pgwdLTlXPysjd3DZMLdOxaunDUwfRy7fFRfoz81onLst4QTRTR51jK0pYShupg/GoZT1bE51viX/SZoxgcjCXh4Wjfb4SPoGVDktwB2ajjOMuGzn3ePtq9FNoeeyXhu9FYupS0fSmYYDggJ0UmYpqcOJIhtjcniEu7IvlT9TfVN2YF7wXgE/h/dd8J/opBLe4XPJzwi2omGwPhO/p/ddETs8YRvHgG2rdN+YYDkN/dFiK7AwdbCOcIgiwhfONHbCYazG4P7JnyVxBcWyYzLUQOII3O3uqqS4zN8oQ3Vk55dlDLURXRFU5F58y0bHCaKpuVSGqeeShmaQ9yhWqL/j5NI2up8HL0Ga6wN4P7qhDic5KR3UeqfopaaPsuDfAMjUgvvZcCA5VZYnBgHp+iW9TYw1RWvRMfcqh7i7WcFAMzn5JzumBjs8YT2x4O4Q/LN8NhfHGJw6zuSuaXeqMGjHC7gIXFsHKXQDzNXGgk7qRgJYCKKSL3f3GhvskG78KQBjYJItqLyNDBjcLoaAcgLqWCiKEu6vZdwXbp4GESWSm8DQ3fOE4fUFwnCTPqCNIVKWQw4T0wcJ6dB7QDuSn5c7bKRBO+EURk7ZWmMdwJ1jO+UVjDlEjp3HfClxUZTo4QMq5S/EFFECOEZrHHbGykMgIG42R42ZGnSilaoIdXobLOyKIhzhPDAFJ8IYzhCJA7jZInqkuzo0+Lz2M4VTeLzHRtDGnOdiQuXi/Q0kTmt3PG3dZGWSeukL3EnPA9Fydbrn1A6NOihAFX1s1dMSSdOdghsi0gZCn0lmq5SD4f6q4p7I2NuatuFxLNRl8nTo0UpfgZ6KlfKcNaVaU1pDQHTj9VPnlt1vi1RkFw4VJNdp6t5jjJwVhtua/E6kNPXTjfyyXUVVNRtIiGSNh7qtkq5aw4c7bspEVqqqp4dIdgtDa+mKfSHP2Pv3SnJz7N1enst4iuDP01tEjgSr2jtLRsDyFpqDp2nJADBt7LQUnTtMMAsCVhnT0vj7I9met1ha9rW6dhvstJbLFCxoc5uD22VrBb2xs0sDQB7KyZEIWhzsHZGuDt6bTRh2iNRW8NeDpyB68K0a6OEDDQcKM6qjjacD7KM2V8jsZO6PejaopdEqaqzs0ILdchwispy7BIUunpgOWhQ0QjkFBCGbuG6mBo5AXBHghGGCBslmuEODjV3ISQw0g7lEMCLuCkNl3WCBsoGceMoRGBklG15OMLnhF5CMIAC4nGlHjhJwUZlOGgOITi7GAG8IcgnGtDMbI7eNghCMuwcIglIAGlREHZA5XC4N5OEyV4cAc4woM9RrOlnCvILeB1XVOf/KY7buUOCP1C5HFk6j3RhhgUSMtth3AG5KFXV0VHFqe4Z7BRrhcIqSPxHnjjflZqqqZqyUyvecHgIzDZZ6D1tbJVzF5OfT2Sp4XSHdNpItbtxlW1PAGEEjCakLhGU3wKmo3EZDTlazp2wP8ALV1EQxy0HlNsNjlme2cgNaCNitvBTeG1uwxjYDslzs2npPF+P/8AqWIfRU3hsBeBvwB2Vg1oAwFGaCNiuyTNjwDssllm49LGGOiQ1w3LuyjVNzja/wAKFut3ohmomn/lwtw134lLo6COE+KWDUfVZ3I1QWAdJbHzSirrOPwt9FcQwsjA0tA7pgOe3CKx3IxwkSnk0Rg2w7diEQvAGdv1UfUPVcGfVJcsDtg7XvgBOzncpBgO+E7Zo3KrJDqWR6oElXCzbOT6BR/98m+loY09/wAQQby28E10sbDh7wEF1QZHBsTAR3LlyKkjGPEBcfUlSPDYzAa0AKEyD8EPHnCPA1rCMALu2NgnR91ZYZJMXHODeVCBsj1SyPVRvFPqVwyE7boCEkuA7hLxfZRCSTzxymVFTTUkXjVVQyKNvLnOwhayLnbGvssGz57JGp/D6rE3P4qdG2l5Y+6x1GO0B1HP2Wdrfjk7IfYrBk5OmWqJH5gBUZp6yqv2etMeXY908mKNuZZQ37r59r/iv13cTJi5tpg//umY/wBd1nKquulefErbtWTPJy4ulJBP2UwZZ+ViuII+ja/rTpC1Mc6vv9Kx7fwNeHk/oVn6741dHQBgpBWVRdnOiEtDfuSvC9I5O5PcolFQVlfMKehpZJ5D2YMosIRLyN0+iIAn4K6B6pwx3X0nGT4n+IxIcp+n3TM57K8MFySCbEcIetMfKI+VDqKxmMFHGrcY9Tr6tJHdN8EqWQMbtgqqqa12SG4OCo9VVSuPkfgFR2EnOTlPjVt5PnvmPqqVjdenl2dlqHyPJcUi3PKbo904kAZKJLB4my2d0983ljS0AHdQ6y4R0UJe/nsuXG4xUkfiSHGOBnlY243SavnJLiGDgIZzWMGnT1OTyPu1dNWPy52xOwVYOUbXrABC61hyszbkdKMdnQmszjbhHjaMAYSiiJ3KMyMgbdkcYMqc8I7G3PCkxQhMjjwpccewWiMcGaUs9CbFsCAkdgupr58jGEYHYx3dRyTlEcd01WkM3YEku4KQBymx5B3M7gJ5AHZcBGEg0lEQbuTjCfoAGU/S0DKGcnsoQWdsYQiCUUjAzlBL+ypjROdpGAFxrS4hy61hcQT+iOcNAw1FGIEpYGNGBhcyVzxDnGlPa3g4VAjcFcR9IxwgkHKtoM4ku4KWCoQ4uhpKQ5RDgN4RdLIIKXDG5PooTnl5GEapJkHhjuhMh0jdZ5vLNEDibNjAT3nSFAqZtseqVLo0JZGVU4Gwxwq18xccJ0z9ROCgsaSVlnLPA+McLIQNzvlPDdtgutjzwMJ5Axyoo45LlL0hodldXAMEhdQPsIYkkkqIJJJJQgVJJcf9JUCESMHcKISclPJOeUwDJwltZIdY0lwVhTxZwcIEEQyCWqezS0BMriLsHgAAYTxgAnC40LshwEZmI88pHlAQWDJyQuuf5sYTgmYD6HppIPC67goTRuBlBZPYg4x3PAaGF73jA2G5JV5YrbLd6+KmY06A4aj7Kucz5WEbeaTC9V+H/T/8OoW1ko/mS+bcdly9Tbu4Pf8AgtB8TUYrlrk11lt7KCkhpYm4DQMoPVF2+TjbSQuGtw826sZZWUlM6okdjS0u5WGqHS19W6pkds45Az2XOlLB72uv4Y7UNZxqI+paDp61Ag1s7cjOGA/5qBara+4VIA2ijxqP+i1NQWU0YhiAwBhLlLHRpri3yMqJGsAbgBUzWOqpyME5ONt0+ple+TYnAVnYKZ2o1BG2dikyluN9S3dl5aqVkTGxtYBhXLWhowFEpmiMl+nlHmnbE0ucNggfRtWIxwV98rhDEKaM+eXY4PAWbu1c6lpGU0YGHDCJUzunqZKiXYAnG/AVLqkuN0BjJMcflGElsXucngkWS2tqqkyzNyG7rcW+kBHlYNLeAq2gojE/AZguG6v42tgh32wMlIufRroq+OIGunFNTkj6jsFW2yhdW1Je/OkHJ259kyZ1TX1YYATvgDsAtFBTso6dsbR5hyQsVsuDoVxZMbLHBEI2gANGMKqfUPqKkMPc4+yZPVOcdLVPt1KIGGWVoc92+/Zc2cucm2pc4JMcccLAxo/9V1xLMH1T2s31vH2UOpqQ86WjjZZbJGxcBbdTyXSuEe5a12/sFP6qujIIm2ymwNLcHCk0zW2KzOqMtFROMjbcBZGV0k8pmlcS5xySVnctzKlLABjScZTxHjc7JzAAc44QKqcDYBFIpDZ5W5DQMqXZ7a6eXxnENaPVRLfTGeQySA6QVdMcGgADGEqTwElknSytaNDT7KzsVvla8VMrQc7tae3uqmgopqyoDGDIG5JWxhi+XiDCcuAwSs9jyHGIGuqxSRguOS7YAd1FtdMZZTUvGcnKj1kj6ys0s3AOloV5BG2mpw0jgbrK5YNMVhZBV9dFRUznycnhed3WqkuFWZ5OOAPRWXUd1dV1DoWHyt22VTFGcjKZWsirJ5ORxacZCK3AT9OykUlN48mkjICe8RQnGWSLfTHImc3bsrNjNRDWpCPQ0N9FLoaZzneI4bdlnk8s0RiSrbSuY4uI5Vu1rY2ajsECBjWDhUHXPUENst7qZsgE0jSQ3PIUSyFKSjHJmOueohcK35CjmPhQjDsHkrN08Zdk4yo9PqlcXkbuOT7q7tlJ4srYgOU6K2mFzc5ZLXpSyurZDO5mwOAvUbZQilibGWjGFW9OWZtHE3DOVqYox2aFy9XqG5tIZBDqWBoxsrKIAYwhwRaQNkdrSFybbcsaGY0EZKNgJjPpCIs7eWTsckkujlUQQHdEHCQHddRJEZ1yIhuREsWxLpOU08J+PQoZPBRwnKaBhJqIqSyAJJJJEQCkkkjINXDjjKR4QyTnlRsh3B9V5d1dcKnqS/xWOif/ALtTOBqCPY7rZdadQCw2aSWPeeYGOId9RWQ6Qt0sNLLWz58eqdreT3K1URyaIJl/SUkNHAIIBhoTpHBw3GwTmjHfKo+oa90DPCid5j9W/C6VccD3gzvUNyM1S5jT5G+UAeqsOkLaZ/8AeZGkZOQss58lbViNmSS7C9P6YonwULBIN0637INCy3aNIAARI2kE5CdpGxRMD0XLlL9jMiHCRxxlOOwQC7flAWjuFXXWsZBTuDjjIKsjwVX1lFHUjDxsrXZGYRzzNISB3UqnodZGRgK7msTQ8OhbsjxUHhgZaNlqhLgIjRwlsYGMYUSukdGwNbtnlWzgGDcKjqZfHmIB2GyaWSLRTSTSmT8LVoGDAwg2+lENO1gG5GSjnDQTwpJ4DSyNe/QoMxc95LinzyanbHhNyBylxTk+Rj4Qw7Kk6muraC3vfqDXOBAV1NKGA5xwvJeuL+641j6KBwDGDT+eV3fGaKd1iaOPr71GJn5HzV9aXFxc6R2FpIYhBTtj2BA3VZZqMN/3iRu4GynTzg87L31NXxrB5p2ObywdXJl2M+yubLSRxxeO5mXnuVSUtOayrY0bgblanSIYmsA7K7XhGnTwzyBrZMgNCBEMDOE6XLnZwnMaTsBwsbZoxgJwM+izlzqpZagse7IHAVvdJ5Iaf+WcE8rMl7nSFzjkoksi7Z4JsQONlc26maG+K4ZPZVtujEjwHjYK6jw0bcLRGPORKY8jJySqe81hb/u8TsHHmU+uqo6Zmtzseg9VmqiYzSl5O5K6FNTmc3yOsdMXGJEnB8xO5Xm/X3UJjeLbTv3AzIQf2Wt6qvbbXSygOw9zS1m/deKVlXNPO+SV+p7zkkr13jtLiKZ8V+sPNOqL09T+59joI3VNQ1gydR5Wwo4BFEGhoGNtlX2a3xwwtl05e7kq2BGMAYC9FXDB8kvsbWGMlYCRhCeNAx6oz2kblDgikqaoaW5HotKxFZM1acngnWm3mN/zUjcZHlCtHgHGUg0wsa0+ij1s/gxeIuZqrMZZ3tDQ5NRKi/VPiyR0UR3OC7Hp6LI9ZVIY2G3McSQMvx/kr0u8eslq2/S1Y26TPq62Sd5zl2y83rdRuWD6R4zR7YJjqSDRCMDkIcow4DT39VaU9PmnDyNsKBLHl+Vyuz0e1RRk+pyMFue/Czcavepj/P2Kz7c6yojxPknm5slHgYVvazmDSTuqhvAVpaCPG052xwmoxUT22E7BB3KfF9S5INR27JR8qmdqvlk2MAhNenxfSmyDCyzllnQgJv1hSodpWFRO4+6kRu0uylyNlbwWgZtnPKBVx6o/spbG+QboLmpHJrlHfHBm6hojk0gLj2gtGQj18emQk8ILeMKzk2RSk0DYMHCk05w8HCB+JEZ2Ri4fa8lxA7xGrlRGHNwUOikGwUxw1DCYpYOlGKnHkztfTkP1Fv7psZAABKs6+EOBPoqoDQ7crTF5OJfT8c2cmjJwQgOjDmYypjzlo2zlRS4tJ2TTFdHBCeDG4EK7t0/jwAE+ZuxVZJHnflPo5TTzg58p2KgqmfxyL3RsDjlN0+6kMcHMDm7jCFq9lDo44yc52VZO4wVDiG5B91aqFVw6nA43WmrhnM19bnVx6JEMTKmENxkEKnq6UwSkNGysqKUwO/wlS6qibVMMjWjJGcrS1lHm9zhLDM3wiNdgYTpY9DnNIwWoGo5QmhPdHI97M7hALSDvspYIe3ccIbm9wkWL9BReQKfFnWBlNIwkDgpcG/Y6L2vJaxPy3KKq+jqfOGFWIBPC0HQompIdpDuQo8kbQMgKQw5ylIMtQNZNTjlFeRgrjmjG4RntIPCFjCqSyIlEiOh8ObxGjvlWdFVh0gicPzUV4yEJjjC7UBlLk8F0zlXPMTRNbn6TlNkYCPVR6Cra9oPJ7j0U0u1AbITpwnvWSoq6PVqIHPG6rTE5pII4WlmYCMYVZU02dw1FGWGY79IptyIUR3wRylNFjDm8LnhlrvspEeC3da67NyOPfTsYKnqXRuDSFYag8A5Cr54PMHNGE+GfQQ09lpqsUeGY5QbJbmcEJzDjK6xwkbshkFpGVsX7QnAYnCWC7sk3DsHKccadgmYyUDcMKO5uM4ClHc4ATHDy4ASbK8lkJwBy1B0d+FLc05OyCW5B2WK2toYRwSDhF2I5QnAg7pNJykBYydLO6ayR0bxhGyHD3QHMyeFaeOSLngs6epDwBtujviBaCN8qmje6Igq1pKuJ0Ydn7j0TY2buGKtTSyMc0sPCJE8Z3RZIw/do4UYtLDwmJtcCc5JzHZCeobJQBxypEcoJV5AcRPiBByMqBNDo3a1WuA7CHLCHAbbqpRLjPBAiqXRuAcrCCVsrc6goE9M7ILRwmRSOgdghHF4GyxJFhUQ6hsM7KG11XSSCelBy3nHcKXT1If5XDOQjmA4BaOUzP6E5w+SfZ7+ysxHMdLuN/VX/AIeMHnKw89E1zvFi8j/buraz9SPhcyguTDngP9k2uz/nMt9OczrRqom43I3KlxHcKLEWvAcw5B7hSouQVoTz0cy3+4fAIUcs3OymDjCWlvoiwxXRF8FLw/dSNAQDEcndTDDyOXAwDcBOAOU8D1VbMl8roorx0/Bch4sREco7+qzrJKm3ymkqmHLTjdb/AE+6gXOzUt0YGztO3dvKF1Y5HV3bVibM6wtlbqA2PdR5qfPbCbU0dd0/UfzGvfTO2DjvhTKeeCsbqiOSOd0qfPBp3Ncx5RVyQY4Z+6izRnHC0EtK2QYA4VfNRvbkAZSZwyaIW47KbSWnZGhnIwMcI0sGDxhR3xn0Sdm00KakHdG2YAhQ6iAtIIThJJCQAdipLHtlAyN0LWAnx0QI5ZYZA4cDkeqlSwR1MPjUwGR9Te6dNBqHlZuosfzFJJraOe3YpfZM5GHIOHAg+6aeNirMGnrI8kAE8qBUUr6Z+N9PYqmnkKufPJoemOvbjYJhHUNNRS8FgOCPcL1q29QW68sZJRztc17cjfcH0IXz+FYWu7Vtpk8aik0P/ZNTeDp06yUHye9TUsdS0tOMKlrbD4mfAbv3VX0n17T3V7aSsAgqA3ku8r/t6FbJjmPbuPKVR1a7Y2rOTzupp5qeYxyMwBwV2GZzCNLz+RW3uVqirI9DYhk91krrYqq1nxYml7e4AVNZHEert0FwaJYXCKYcHtlVJa+kkMFYzD29wOfdXdHPHJGNOx7hHmgp6tnh1MYcRsHdwlTryMhPaULQ04dG5el9B/Fe4WDRRXSM1NEAGgNOHN9wvOZqOSim04LoyfK5OZIBjdY7NPnk7XjfIW6We6tn1vbrnQ3aBtXQTtlheAQ4f5H0UwHK+Xumeq7p03U+NQylzXbOYScEf9V7l0l8QLd1BGynd/Jqg3djzglYp1tcH0HQ+Vq1CW54ZrXtDuUF9NE/dzQfyRg8nkYTwCeEtrjJ1+GVD2S0cmNzGT+iK2VruCFPdHqGHcFQJ6RkZ1RhUp5eCpR4I9bTQVTPCqImyMdsWuGQvI+uPhQ988tZZmDw3+bw/Q+y9dc7BAcmOw7Hf2Rp5Obq9HDVR2yPka4UFRbqh1NUxljmEjcKPG4ggr6Q6w+Hdp6la+dsYinxnUBtleF9TdHXbpmYmphLoHOw17RkfmmI8NrPE3aebaX2g7Xfqu3Py17nN9CeFuLV1YydrRMF5hFLvxyrCmrHwEFu4HITozwc5XSr6PZ6C9A4fBPkf0krS0tY2ojD2nfuPReO2e8DDXNfse3otZaup2xSAAH3901TT7NtWpb7PTqSvcGCOQB7fdV91sFLcXGron+BUAZHbdRaC7Q1LgwnScbbq0bUCPBxn80b6NsLEzOU90fTzfI3CPw5mnGTsHe4VzSVGnDmo9fQUF6iEVVE3UOHEYI/NUEra6wSeBUNdNCD5Hj+n3Wacc9nTo1Di0bKhuTdhJsVeUtSJAAe6w1HWRVEYmheD+fCuqGuk2DzkBYLtPF/ieh0euTWJmlfHqALUCeIPbh/5H0TaSta5uCjuLZG7bFYJ0nXhYpogOOG+DKA4EY3WC6y6I05ulnGZfq0N7r0CaLfYKC+WakeBIzVF+J3osdukUiZSPLbVdTL/u9SCyePYg7HK9c+G/xjq7FVRWm9PMtI/DI3uP0DsFkeq+i4bnGbvZ8MmA1EN/EsKKieKU0de3RIMgagufZpnHozXR+Xs+7aC40lzpY6yikbJHIMggrlRSxVkZilbnPHsvlL4c/FW6dDVTKZz/Ft0pAnhBxkeo+2Svp3p3qWz9S0Mdws9WyaOUZwDu32ISHFpnKtp29Hyv8A2m/7J7K51V1t0HDon+uWjjbs4b5x6L4vqKapoKmSirYXRTROLXNcMEEL9kCWlhD2gj0K+a/7Q/8AZa6d+IMEnUHT8YpLxEHO2bnxWjseMrveP11lKUWzxvm/BVaqDnVHEz4GY70GUYHKNfbDe+irtNYuo6B9NUwuLS13p9+6C0h41N3C9TRq42RPmOo089PN1zXKO5K4kN+F3GFrTyjI00LJHCWT6rgOUkM4ZDTxyi4s90MDhBM44J8p9FsKCqZIAGvHHqvOfEDfdaKx3WF5aM6SOxK4Gu02fuR6jw3kMP45m4icCNyN1Gq6ZswwW5TaecOaCDsVIc4SDGfzXDnBx4Z7KMk1kooHTUk7mYyMlaOgrdYa0ngKuqqQHzDlRIZnU8ulyy2170aKb3SzaU8owHAgqypZ8OBOP1WYt9WHgAn1VvE8DDgVzraD0mm1CaTNbT1TZWDVjK6HmN+oDYqkoqsjAJVr47ZGBc+yvazrVXbuy1gqS5uDunPAcFURTvik1A7d1aQyiRuoBKb28mpNS4IddSCaMhow4bhUmnS4tcNwtQ7nlV9fQNlzLEMO747rXRdh4MGq07f3RM1c7bBXwujkYCCNvZeT9T9PT0UzpImeQende0ujLQAQqa/2VtfTkxAahk49V3dJrHXJZPKeZ8UtZVwvuR4aGlSYmmMhzTupt6s9Rbah5cw6CTj2UKM9l6anVb+T5nrPHuqWya5NRZa4XGB1FVYL2jLT3IVHfbY2mkMkbdIPI902F0sEjZYXFrhvstJE6C70g8XSJMYP3XRrtTXJjlRKcNkkYYZPdGY/w3ZHfsrG8Wk0Z1NYQqdyLtHOtplW8MvKC4GN7c8Ba22XSOUNa1y89hJaBurO3XJkDgH9+yx36bedPxvk5aeSjNnozJGuGWuV1abq6AiGV2WnYFYe3XLxgNJVzDUh2FwtVpVPMWj3+g8ltSlBm6afMJoXc+hVpR1pcNDgdXv3WKoLy+DEbzlq0UU4cxsgPIzsVwrtO4Hr9Lq1fHMWXEtPDUNIc1UVfa/COpo2VlT1ZJAKlSiOeMAtAWPlG3EZ9mUDnQPHlwrOirXDAGM4T6y35JLW8BVul1K8ZH7pUo7g9zr6NlabtnEM5xng+6vYpDt6FYClqg4AY4V3b7o+B4ZI8ujO2/ZYrtPk36bU4WJM1JcJBjH7oL4nwjxot8chBgqopcOY/KlseCMcrFKpwOhCxS6O0t5fA4NLiPvwryjuUkha7IcCs5VU0cvIwfUIVNVVFHII3AuaOCkyhk1K1o3sc8U7NEjQQfVV9x6fL8TW+QxP5wDgFVlJeI3gHJBV5Q3JjwGzvwOyUk8hznvRXQVkrXCivMAczgahkFVFd0o2Gb+J9NVDaadvmxnb7LYVdJTXGAta4OI3BHIVM+mq7ZIHEl7DttymJ4E7f0Lp/wCKkcBNo6yhfEG+UTBuR91sDRfNQNrLHP4lO8ZDO6xtTbLTfISyphYHYPmA3CzlO/rXoWd1RZKySWmccmNxJyP8k6E+MCZ1m9v1m6Y6ytr7D1VbImzEYzIAXs/5X/8AovnX4ifAG8dIxvvHTTH3C3A/zAD5oR2/LlfQtn+JvS/VjW0PVsT7dUt2D2jGT9/0WkbR1tvDpKGV9TSnYahvhb9Hr7dFLdBnJ13i6tbHbZ/3PghpLhhy5JG36sZX1t138EekPiE01NFMbNdWkkyAeSU+jgP81869bfDLq/oCdrbxRCSjJIZWRHMbvYFe28f5iu2OZcM8dr/EWaWeEsx/aMeQPTGO6WgeuFJa2CTnC5JTBw8uwXfr1MbFk4s9K+49EUtaUJzADuEZ48I4xn2QyC/stCtUjNLTt9kaWFpwo8lDC4eh9VY+GXBMczstMb3E59/jq7O0UklDgnSeFGdFICQWq9dFk8cphp2Ebs/dNjqm39xzL/DJ/giiOod0LxXHbZX7rfCQSW/uo5tsIzgJ61CZzbPEXQ5Kch3KRcQ3GVPdRY4CCaN2Tsqla5GOzSWVvlEPxXZ3K54pUn5R/YJfJyHkBRcifjku0wC5nPsjmkcO2UzwHZ+nCsNVPAFOwEYRdsIoiJ/CUaTKcZdJEUDJwE4MJODsjeGfROLR6IsEUGN8MHld0LmfdLV7qspANZHYaEtvVDyfVLJ9VeQJJsckmLoBypkDYwqcmDhExjdMSbJsEBnuuJ43OF0sPICJrBBAd08AbFdwElGRjsBdSSxlMFPLYkk9sZcjR02rfOEecFquUugOEeOF7uylQUbDu5uVOZTtZghqJWJGmvRznyQ4qF7/AKe3upMVGW4JUtkZaBjYIgYOcpqvWMGuvx+e0MiiDRsFJja0Y2TWNDeQiNOM52Qy1SiuTpUeO/sOa3fZdc0RjJHKa4yNwWHCGBLUeVxysl2uTXB16PHpLrka+bGQBlVldLNKwxwnGecK8gsdTN5iDp77KSLdQ0YzO8NPuuVqNU7OMnXq8TJw3SWDFQ2CWqcDLCXK3p+nIKcB00RYAErn1da6BxZTkyub2as7V369XyQiPXpPABxsuZZc0+CQp0tPD5l+jQ11ws9pi1eK3bsDysnceo57m98dNqDXbAkKwpOjqmsc11U7nffK1Vo6GbGA7wM49kiU3M0V6e254UcIwNBY62sIJBwOcrVWzo8gNJhyd+y31D0xBTNDtDQfTCtoKOCANyxp/JVJYOjV4yCe6XZjaHpl8JyIAc+qvqGyQRAOkYM+yt5JY2ABrAEA1IxjCLGDp06dVLCOigpmAaABjsujQwZDeEF05zymGTIyphGpcEgVIGRsuGqkfsd1FDHSO2Uunpy3BcoPr5HtgfKQSMqbT0wjwSESmY2McI2WncBQ0KJ1jQMDCKPpAQxyiDhRGmEUkPAwnoZe31TXT9gEI0Lgeq4ZABnY/mgeI535pCNx3x+6hA4flEaChRRb8KYwNY0EhWwwcceTghG8jB2PtlDfLggNCTYy8jdT/IY/zSEBowiRxaRk8p8TGtamPwByp0QRc0YDR+6FJI0c4CZLKIyoj3ul5OEG/ILeB00xlPhxHbufVNZFjd3K7C1rQNk+aaOFuXFMSMdtiFxndVV1uzI2mJh39QgV911EsgdsqnJecuOVMmG21NYQMyy1MpMji4dlIgpy8gcI1FRiQ5A2CuKG2h+Njt6IxMIucsEe3W98jw1oxnutdaLCGStkqRkdgQpFqtMdO1kskYyB5R/qr2CFxcFU57ejv6HQ/dlkmjhbGA1jcAdlaQNAGfRRoWCNnmGE18s+SIXYWaU93Z6mmvag9XUsjZ78ABNpqGaoAfPwd8J9Db9xPUDU877q0BDMEBZ5M0xiMpqWKAfRuEcnPZc1Z7cJnieyS22aoxSQ/OEQOxsN8oLQXuCkRR4ASZ8DYvAtLiQcIgI05PHqhvnazbGVCkfUTu8MDw4/ulh5JslbFGMM8zj2Ci+JV1TsOAawevdEgo44/MRkqUoDvAMpGjB5PdSmNwuNT2oBc2dSSJAS5GyMJNjshd1lvA5Q2gk8qBduorLZTpuFwia4ctaclQtzhH8mWzXh3t+aHNk8Lzq8fFuDz09ltT5XZ2mn8rf07rIXbqrqW8k+Pc3U7DzHTjQ0qGaesjnET2C5dSWCzxF1zuccEn9LvRYm4/Ge0tldHZqeSqLTgOzpB9+CvPRA5xLpHue47lzjuSpVDbKuumEFHRvnkxsGtyoZp3WT/EsLl8ROs7sSYKhtADvqjG+FnqsVtymNRcrjUVTzz4jyRlbe1/DPqWvLRVU4pI3cuetRbvglahkXG61MzXcsj8g/zKiMkqrre2eLst1PC/WyLfk7KworLermHi22qomx9PlwCvoa1fD/AKUs8YFHameI3h7zq/zWhghbC0MY0ADgBVJYItFns8GsvwX6yuEIqKyOkomuGQ2ScOcfbAWtt/wHtoYP4reJn5A1RwN0D9cnP6L1EMceAiMjcXEEEfkgyPjo4GSofhh0PbmNaLHHORjLpTqJ+5IWhjpaKnAZR0kcEbQA1rQNlNkY1o3KCS31UyNjpoxPkXZDJI4XM9spE4GV9PhHPZ8DlMIDjKE6VoB4z90GWrY1VdVWNkyyM59U5V4OD5PztOii/wBkqpqxw0g7KtfIZHElMDnuOSSV1NUUj5j5DzGo1+dz4G6SeQlpx2RMBI4Cs4u3kETgZUC43GOki1v59Molyr4qOPW87jgLGVlfLWSF7+OwykzmkbqKNz5OV9bLWPLnv2PAVe5pBC7I4udpATmMdqWSUss6dcFWh8TTx6qRHGB5iEooeMhSYgSfsm1okrMHWR47IrY8HhFZHgbogjxw391pjEROeRrYwAnafdOLm4IygOI3Tdoke5wIO4UYk7rpzlcwVajks4ugHKQByibEDZMjANIQHqlgLuMJzGlxVFNjPDJOQi6Q0cIoaGBA1Z/JQFPI173ZAwn4AbldIaNyFHmmBGAqbwGlk5LJggAJrWZOUxmXOyVIaMBTmTD4Q5rQBwmukzthFbu37ofh75wmRiBjIPTl2cIg4T2tbjGE1F0WhLmAupKFnMBLAXUlCDdPuhzvwMBPkkDNvVRiXSH0QTlgOKyDIJdlOeQRjUE7DWtP2UOV+O6zt4HRQqiVrGFxOfQKnqJ3OOMco9bP2BUR243WWyw1QjgCSXFHiaOSENrdxsjsADdlnTyx2BJZKSS0FDEkkkBAqSSSEIS7gpAd084LeELWQZSwCHdcfwuk4ygSk9iULKzxkY5u/KJEzcZCY1mTypcDCMEhDHskpbQsbTgDCKwOJx6J0bRhEYAADhaIYM85ZHjDGqLNKXbYRJpg3YBRc6jlRywSMciGScp4IwljZDJx3QOW0LH7CnhSbdA0A1Mo2B8ueFDDHSPbG3klWhORHRRt3cMbBZNRbmODveJ0qnJWtFv0daX329tmkbrhiwWg8cr2+jjjiGkMAbGMADhZzoWxR2m0xvdGPFlGc+gV3X1go6SQgbuXLtb4PqfjNI6qt0+2VHUt1NTK23wnbI1Y7qLBSmQsgaPM4bn0UemY6WV9VJu5x2WitFE6P/epm4HbKSdZRJtFTxWmi0OILzufcqO9735c/umVVYamYFrSGt2CHNI5zQ0eXPJ9UmUsGiuJxsXiuwAtbaqVsUDA0YAH6qqslA2TEz2bDYZWlY1rWgNbgBLNtcccj2gMbk9ln+oruGFtDE4gndxH+SuLjUspqNz3HGN1hvH+cqX1EnGdkEngOb4OV07mUwjZy/Yeqs+nbZohD3My525JVdTU7q+uGATHGtvQUQhjaA3skzngdp688kikp/DbqcNyot1rHAilifguGXY9FMqaqKjh1yH7D1VPb6aeurTUO+nOd1ksnuN+3pItbLROYHVUgxnYAo1bVav5UbvuUeolENPpbzjAVSA6d4YOSsVhsr4JVup/HqQTu1u5WgazJBHZQ6CBlPE0MG7uSeSprj4bQcLm2s1wjjkBXvc2Pw2nHqidO201lT8xKP5URyfQn0UN7ZKibwxlznkNaPuryumFjszKJjtErjh/qsk2zTEqOpK/5mqMEZ8kewAVOG7J0smXFwJdnckpvitwSdsIY5E2SyDnmZTRkuOSeB6qDC11VNh2SCUypmNTNsMAbAK3o6VtPH2LjuSrlLBSeSRExsTAxoAAS1lxwFxw91cdO2s1BNTIwFgOBlZ7JJdjoovbFRCkoxK4ed+67dKtzMU8bsEjLvsplRK2CHPAaMAKniY6sqjqO7is0nlmiBKtFKXPM72+UbDKi9VXcUzPkopS17hk49FbV9ZFbLeX4HlbgfdefVVW+tldLLu524+yCMRk5egLfMcu3JRowAQhsacDbCKwHZMjwzO+wrGFxAxnKuaWmZBG3A3I3Ki2qm1nxXjO+GhWr2tyGq7J5GRj7HU8Tpn4AyByreBhADcIVvhDI+Oe6nMiDd8JMpYGdIi3SuitdE+rl3AGze5K8fu9zmvFeamX6dwwHsFpuu766prfkYJP5cQw7HcrJxRFzsgJtaMd023hEmip9Q2bwvQOkrNG1oqZI+cLO9N2aapma7Hl916la6JsLWsDcNHYINRZtQCRZUkWwAGwCsqaLfJCFTw7A4U+GLHZcO6zezRAIxo2R2NGAcJrPqCMOFgm+Q0dTk1OVAiTgDlcHKJsQNlZBDhdSSREZ1yIhuREoWxiKMjshjlFQASltGLhGV1JTopPIxJJJNINXMj1SJHCGSc8qmyBUKVzWDLjtyU7IAOVlOvb3/CrFJ4Tj49SfDZvxnujhHcMgssydyqZ+rOsA1pJoaA6fYuHK1TI2RjQxuAOFR9JW00FvbJKP5s3mcT3yrqWTw+3K31Qwa4xGVVQ2liMhIWA6juRLngO8zslaG+Vx3hJx3WDqXGqrdJPJXRojnGSTlguOlKGSpmimDdycn7L1Wii8GENLcLK9I0MXhN0twWjlbADzADgJesnmWELbyGG6S4D2XVzJvIYjwVGycoxI4QzyoEOHCWAUklaIwLwNkJzQOEWTkIchDWlxOMBPrLRR3ur8LEEbsHG6g2mldUziRwy1pz91Hq5H1FWW7nU79lprZTNp6cDTgp64CJbQGMx7KJUP2xlSJnho29FXyPLzyrxkdHgaTuSmOfqIGE9AqJhBEZM8DKZVDMlFC7bMLJnOub4LfQOpo34le3fHOF5XQNkqakk7kndx3Vp1TdZLlcpfPlodhdtdIyODxSPMSve+K0cqK8v2eQ12pdljSLBkYpoy0EKvq5XZICk1DyAo9M1s9Q2NzNQPO67Wdq5MMczltRedO0jmQePKOeCrKV4JOEm4jibGMAAY2CEB7rLbLLOzTHbBI4MOcPKiO0QtyQnRx+qg3mfw4MDZKSyBZJRRRXWvfJIQX7ZxsolP/MeMKNPIZZC47q3tdGdpJBj0C0RjgxOe5lnbafQA7GMKVNI2Juds+i5GBFHnHZV1bOd2grXXHcy7JbYuRGuk3zOloP0lU9bMKWEynZTn5JLiV5r191LLAfl4XZ2IIB4XoPG0/dyeB+pPLLTUytZmOsL2+urZcSZYzyge/qqC10bqyqBccBh1H3UWSaSaQucfqK11moGwUrcjzO8xXr9LUorCPzz5LXS1dztn2yfTsa1gAaR7FFA3z6Lv0j3XYwXRBxG5XSjHCOPKe5g5+AAFY2ilMcZmIALjhRIoHzTBoGw3JVtGA1gb6LPqLdiNWlocnuG1RHchZnqK4kNEEZVxdKmOCEvc45OwHusZcagySsJ3yVwtZf9jPaeI0W6akSS50NnfLHs5wxlZh0XfGcrRXVz2sip2eVmgEj3VQ6Jeauscz6Hp6PjjwWLGBltaSN1US4xu391fyM021gz2VDV4jjJJ2G6CJrujthkwfULs1BVKG75VpfHGSoJA2VbjBCv2eB12XYw7fo/JSbbKWTgeqjM3bj2RaRwjlDspiMUHiRoDuMpjfqXWO1sDh3XGjzKpPB2qHwibTnyp0rcgYTaY7DKO8ZHCyzWTpQlkjjlEHCZ+JPbsly4NUXh5LejeXwN1HfhEkblvKiUT8AD0U5Lwb63uiUt2gxFqYN1VxEgYK0dXDraRjOyoHDS9w91Zivr+7Iw7lOXcFMUM23aTKVxZI052VvFiQA7bqhjdhwPorWjdnYnCJrLNlUsLA+rg1jCz9TGWTEcY7rUujLm7BU1wpiDkNWitrArVU7obiFEA4YPKBKzfICI0EOCfM3YYC0HGuhuRFznkKNMCDspLhg4Q5cHsoYJxa6LW01fiU+k7luym4J4Cz9vndBNn8J5C0cUjZWAgdk2CyaqLZNbZDQMnAQalnlGylR8BOIbnBCfHsKyO9NFOA7WGgbq1oXlrPDfuFAfGYqouIwPupsbg0ZG+Vqgso8ZrYzrtaZGuNvbh07FRuZg8LWNkBGHNyFWXO3BrvHgbsdyAl2Iuu7CwynTyMrjgW7OCcBk4SMDoy9gHtHI2QdO6nSR+XYKFIDGeOUtxHRnkTCWODmncK0oKoyv8N5GcbKqBynQSOik8QHhEjTVY63k0BZnuuaPdNp6hlQzU079wjYKI69c98cgJYh2Ciyt0nYcqw0n0QpYdXZUi7I/ognHdMMDXdkWWPJCawYJ34SpMVFYGslNK4aRsVb0lSJmgZGVVPj19sp1GXQzBx4HbKFcmiqbiy7c3KC+IOBHCKyVsgyE8s25UwbMb0VFRTBhyAog1NdgBXUkYcOOVAmg0HOFcJuJg1Gn3IGAHt3UeeMtOWou+ccIvhh7duVpjNSOTZRtQKlnLdnBSCQ8DbChSxEHU3ZOpasAiOXbHBWzT6jH2TOfZBokFxjl0KQDqAIQ5I9Xm7prH76fRbVIUSsBMLcpNyRkohBI2RdlEZzBgn2UYtOcdlMceUDRk8IJw3FkWWHbICjEYVkW+qjzQgbhv7rHZVjobGWCMCc4TxjG6YRhcyVmksBYHOYE2GQwPyeCnrkgDm7IE2nwWn6fRa0lXHI0AHJR5YRIBhZ0GWF2phwO6tbbcoZXiNzt8d1pqtjLiQuyvjch00T4yMBOjfuAVPkibKzYKvnppIzrG4HICdKHtdGdNSWCew+XIKdq1bEKDBUNGA7IKmNe14UixUojjE0tyVAqqf02yp+CDuU1zQ5XLkkZtFbG98Lxlv7q1pK2J4DXnBUSWAE7N/dRgySJwIVcph/kXkkQdhzRkJktDFVR6JGgOPBQbZcHF3hSjZW0lOQQWjP5pq+4RLMW0V1svNVY6ltJW5dTnYH0W4oZ6arYJaaUPHt2WPqYYquIxSsB9D6Ktpqmv6eqxLC97os+ZudiE2M3W+ehU6FeuPyPUo4y7ZEMf5KpsfUVHdWhjH6X4yWlXbTkrYmn0ca5ShJxksDNBH5oZjwpoA0oRY3fZF0BGeCHpxwE5SfAB30/um+B7KZC+QjgHKeAnacdk4Y4CsFvPLI9TBHUxmOaNr2ns4ZCyF06dntUn8QteS3PnYOMfZbjRnumujzsRkJU6U+R9V8qv8GFornHUu8ORvhyeh7qc6NrhhSrz0yyqkNTRERSc47ZWfbV11qqBFcGENOwceFnknHs3wmrVwSaq3t5aMqqqYPCOC3BWmEkNVG2SIgg8qPVUUcrd25KBxyhkbHF4Zlnxg9sobHuidjGVZ1VHJC7duygSRg7LPKv0alamGjnacZ5TpoPFbsM5UJ7C0ggqRFPgDIS0uQnzyDFNLAc4U+nqIZ2+BUNB7AlLWJW4IUeSlkDg9gyPRXjAClgVba2hpkpznHIVfpxsrilnLfK5KqpIqhuqNoa8eg5VJhwsaf3MpWvfG4Oa4hw4I7LZ9M/EOrtzWU90BmiG2ochZOWnkidiRqFp91DXXe4PMT6Atd3prnTsqKOQPY4Z2OSFInxKPM3PsV4RaLzcbNKJaGpez1bnyn8l6r011tbrxTsbUzNgqAMOaTyVE8M6+n1kWsTB3TphxkdVW52gncs7Z9lVMqXRnwakaJGnBz3W+IDyAOVW3WxU1zZiRjQ8cOAwUbxg3KWeUZw6ZW74IVfWW8Rkzwt2PITpXXGz1Jpq2EyRD6Xj0VrHIyRgIbkFJnHJprtwUMUuHDVsVZU9Y+NzZopXMeNw9pwU6qoYZQSG4J9FVup5oJPI449ysdtR0qNU4cnsXR/xWnj001+c+ZuwEvJ/NesWm7W26xCWhqWyAjOAdx+S+U6Cq0OGsBa+y3mvtcgnoah8ZO+A44WWdGT2Xi/NRlFRmfRbmAcIEkOvCyvSvxFt11Y2mupNNO0AayfK5bVjQckDICyOvaz1ddtd0U4Mrpbcxw83KrZ4XwSFrxt2K0UjBnjCjy0rKhpY8fYpe7a+QpQRQHcFVNztFFdInQV0LZIyDyM4K0FVb5afzDzN9lAe0nunJ5MV1CsW2XR4d1v8Kai2slulolbJDku8LG7V568PixqG6+sTG07uwfyWB61+G9LfBJU0GmKc5cAe5RZPKeV8JH/AHKDxKnnexwcwlv2Kv6S4k4IIyqq5WWts0xp62MteD6KLG9zTnJ2TYSPKYsrf3I39svtTGQ7XnHutpaOpmTMYZXZ9RlePUlxMflO6uKa5OYQ6J5B52WqMk1g106nb2e6U9RHNE2SIggqV40E0fg1bGvbxuMrzKx9TzM0gyjHcErY0N1hrB5Th43IJ5+yKUEdSjVRmNutiqbY75+yNL4ScvjzwpNnvMFa0NHkk4LTyCp1PVEDSf0VddunY61zq+2vMFU0ZGnglZZx/R1KbeeTR01S5isYasOwNivPrfe7hb520d9jLGnYTds+61lPLHIwSQSte092nKxWUtej0Gj1KmsJl8wNlGdv1Uaph1jQ5oIPYoVJUkdlNdKyVoGMELLKB0VPJQTGqs5NTDmSEnzR84ygXey2PrG3h0bGxVPLHM2eD6K+lh1NLXNyCNws9W26eikdWW3+97MxskT06kW1k81udtufTtWaa5xOEROGSEc/mtD0b8QLz0fWNq7VU6o+XRl2xWoZdaa+QPtF9pWB7xj+YOfssX1D0LW2Vhq7UHTU2cnHLR/0WKelw8iLaz6t6I+JVm60tkdRHM2Gq0gSRE76u60kmJMFfClov9xsdcytpJ5IpYzw04K+kfhr8ZLdfqWGiuczY6sDTufr/wDVLUXE5dtfOTvxq+AvS/xWoXCeFlNXY8tQxuHA9t18C/ET4b9X/B/qF9uvdJJ8sHkQVOnDZB2+y/UoSR1EYkieHAjOyzHWvRdn62s01kvlKJqeYEYIzhbtHd8T5PN+W8NVrlu6l+z8xKQUdwY40vlkbuWn/RCkhdG7S4EL0742f2er38Ma2W72OKaW0N0iKVuzmDfGodgvMqe8CsZ4NwZv2kaN8+69JpdVGzo+X6/xtuintsX/AFBkY7pmrOQpstEHM8SCQPbjOyhEYJB5C6CkpIwKOOwe+ckp1NL8vJrB++F0jIwhBuCT6LNfUmiV2SrluRtLLdnui8MnUBwfRaKnm8QDK8xoq2Wkma6M49R6raWm6iZpHOMLz2r03OUe48T5GNsVGTNG4Bzck5VXWU/8wyNGylQ1eoYwnOw/8lyJRaZ6Hhog0tc6B4B7LQUNw8UAErN19G7+/gG45CVFcWwuDZAQR6rPbXuRr0uqdclFm5gqNOCCCrajrdRAyFlaGpbKwOY7I+6sqep0EHdc2+nk9FTqF6NHJJqALVJoK5rB4b+VU0tUHt0kKQDpcCsNkMnRpuy8l+x4e0Fp2Tn+pUCiqdOG4yppJkwQlr7GbcqSKqvpHAmWIZA3IUKKQOIbhaHww4YIzlUddRS0cxkaMsJ7LVC1s5WpqlF7kih6k6ahuNO6WJgLsbjC8mu1pmtk7ssOkFe9UMscxLCcH3Wb6r6VZUtfLHHuRuB3912dDr3U1XYea8t4iGqg51r7jyCCfV5cbKXT1EtFIJWbg8g90K4W2a11RbIw6c7FEY6OZgC9NXeeAv084y2TWGjTAU92owHtB1NyD3CyF2tMtFIXAZaVcW6qfSO8Inyk5HsrmaGC4QFrsHIW2Fv7MGp0zsWGeea9O2OV1r9w7CsLvaJaOQua0lqrk9PPBw7qtktpa0NylhIDTgFae3XEyAb5wFh9wQQeFMoa+aGQOY7jkHgrPfp1LlHQ0Gvlp5KMmeiQVBeACFd2q4yRt8F7iR29lg6C85cMjntlX8NW1wDgcrianRNrDPd+P8im1ODN7SVPiAEEFWcNRxuFg6O5SxOwCd+VorfWmYA5XAv0rg8HsdD5Cu94fBow5kgAcBuo1RbY3s1ack8Iccodg5OR2UuGoBaMrnNYeDtKdcuJFHLTzUkn07I9FVid5iIwQM/dW89OKgcAqmrbbJA75inzkHcBKazwwJLa8xLyhqDC/UDgFXUFW1+NwsRS3QtIjnBHuFb0taXYcNx2WeyrcaaNSlwapsocMjCbJEyUYdwqmnr8fUVYwVMUoAzglZZV46OhG9ME6N8DtVO3nndSqKtnB853CRiOkkcKM6Twjgj9Ut1j1YaOhvUlO8Occt9lpKe52+4NG7Wu9HcLzyGcEahlHhqXhwAylzgPjho2lfZ5Dipt8Q1DcgcEKGyYSg0tXEWOA3Dv9FFtnUtVS4a5xe0evZXZrLZd2AShrX+vBQpFYyZa79EUl0aXRNaHdtt1U0d6656AkEdHUCSnHNO7ONPtlbp9BV0vnp5PEZ233Qnvpqxpgr4A7/mG4TFLHIudOeQvT3xK6N6o00tfm2XEfUTs0n7rV1FI2rpHQTxQV1JKME4Dsj/JeVXv4f0NaDPRYa/kEbOCq6Dqrq7oqUROdJPTN20PyQAtdVv6Ms6s8YJvWv8AZw6TvxkrulZDaat25iA/lE/8vb8l4H1V8P8ArLoiZzL1aJPABw2oi88bvscL606a+I/TXUuIZaltNVDkOGnJWpkoqatgdDURQ1UEg3DgCHD3Xb0nl50La+Tka7wtOpe+tbX/AGPz8bUQSHBaAfXCYGAu2X1j1p/Zn6S6k8Sr6cP8IrXb6GjMLj9uy8E6y+DfX/Qj3vudrE1Gz/4indrGPXGF6HS+Whb2eY1XirtPLMo5RihFjtnKE9hO2EXx424D3YRGmN4BY8HK7Nep3rKObOiDILoj2aU0xPAyQrHDWbAcroaxw+lMV+WKemyVhaRywproyRwQrPw29lwRNH4U+FgmWlbKcxDJBCB4QydleGmiO5Z+6XysXZgT1cZJ6OL7KP5XO/hrny4G+n91eGnaBs0FANOBy3lOjY/Zms0Cf4lSacenCF4Qzwrk0oP4RgoRpW+gRxsyYbfGtPJVhjWfgH6LhlAGNA/RWTqePfjHookkcIGByj+RezLLSSr4IuGuzkAIMuGtyTynVDyDhoxhQ3mZ587kSlk5moWHhHC7ckFDJcd00ZzgorWgjJCN8mB9iSSSRADxyiDGBshIgOEyC5BY5OTMhPyE9JIrsKDlcODtqC4QMcoO+VWUDhskLuChta7Hqi+E55G+FMhxrlLpBE+MgkcJ8VGTz/mp8NviwDpwlO1ZNdWhnY+SPDEcg4U2GncUaOkDceUYClxxgAbKStTOpR41R5YKKINA2UjQdtuEaGB0mwapcdvmJGQAEr5kuzq16CX9KIAaG8hGihc45IVpFb2af5jdwjQ0rQfK0D80MtRFezoUeLsf5Fe2jcRwixUTc+ZqsC1se2nld2ecgYWO+9y6OtToIQ7IjaBjyM7BTmRUdM0OfgHCcKeR2NA/dd+QhlH88ZI91klM3xp24cUZ289U1zA+ktFLI7+pzBlZmKw9X9QPBrC+FjuS842Xp1LRU8Lv5UYGfZWTIcAZGyU+QZ6KWplm5vH6R53bPhlHG7/fC1+e61Vu6Po6VrWiOPA9G7rRCONgyWjCbJWQsbh2BjhJ49mmrQU1POCKy10UAHkBIRxUQwAAEDHGFFkqtZ24QHHVugwl0a0kuia+sLvcKM+pc7IQdfYBMwSVMlhHTuccFcGU0Bd1EdkQYiDkIrIjt7pRML3AYU9kbGgKhq5BxQDbZTGRNbjbddja0DbsmPeG8vwoPi0g445SBOeVG+bgGxk3RGzMecMOVY5Mkg90/wAXbGEFu6IxhJGBlD0OrbbFqcTwniNx3wnMYOUVowNgqHroY2LglGZGNsJZHoug57KFjwA3GAnblcbuiNAwoGlkbHHqO6IG49kmjAJ9EwyjCvP7HLCHmQjlyjyz6u4KHPIRsFFyfUoZPHAqbHSvc9wyU+PcccIOVCqrs2B2hh3UXHJjutcCfU1kVNGXPP5KiuFykqhojJAPJUaaSSokMj35HYJgI4xwm54Obba5A2txnfOUamgmqZhFEzIPJ9E+KnfL9IWmtVtbBC1rR5nDJKJBUUObBUlubG0MaPYn1K1VooPlYgSwAu343TrVQRtd4kjQT2VoxvmznCqck1g9BotFGD3SHwxl5AAAA5VhE0MwRsQmU9OXAADCnQU5ZhxCyTkd/T6dR5QOOOeVwB4U+CkYwAhmCnQtDAdsJxlDeN0ls6UYYCjDRgBN15QfGTWuJKFvBEiSJc9l0Hugg910Sg+XCU1yOXRJdOIx6oD55ZNmnAXQ0uPqitjaO6TOORgNge45dupOjygZxhJrGjhODUPxlbvQmu9kbBTWR4O3dEfLHGBrIB91JRwU5xj2canAgAkbrMXv4idNWQObLVeNMDjw49yvPbz8XrzWvdDZKMU0Z/E9m/5FCZbdZXWewVNdR0p11tVHTxjlzysVe/ivZ7e9zLfrrNJwDGM5XlVZJeb7/NuNTJMXb4c7hSrb09M5gZTxB7zw0DlQwy1c7HiBdXP4g9UX9r4vF+UpXbtZHs7HuVTRUr5Xa53udk5y45yVubH8K79XNbLUtjpo3Dh27h+S9Asnwys1uY11Q0zvH9e4ChcYWz5mzxmhsdzucwp7bRyTyf0tHC3Fn+EVzqIGyXKWOAu5aPM5v+S9Xgo4aZjYoY2ta3YYGFJja4DKpvBohpzG2n4YdL0MYFVRGqk/EZXZH5BaqnoKKihZDR00cLGjADW4UnRvkhKSWCIZlkDf3QuaQ+NOGNLRwQk2LHDUN12oohhsZlPrhR/4rUyOzF5Ah+RDFWWTIWgZecBIyU0W/iZ9lU+JM92p8hJPuuEE8lVKeSbE+y0+dhGzBuo01wqT5WPAH2UZoTtOQN0qVm0NQS6O+NM7d78pa3HuuluBnC5pP9JQO7AWD5K3G5IUaqqmlmkEKPPWahgHlQ3FziTkr7NCHJ+O/M/UcKU66HyOklc5x35QsD0TsFcTXFej59fqJ6iW+x5ZzAXUlwnCDIpHScKtud0jootbtyeAldLpFRR6nHJPAysjU1MtTKZJHZB4Hos9lnpGmmjPI2sqJqqUySOODwFCe4MGD3R3yhoIAUMuc922yxyluN9cNg6Nmo5xsVKij4KbBEfVS4oycYGEVcG+S5zwdijKkRRgHdOZGMZRmMxsO61wgIlPA5owFx249F0nIUaWbJAwnxiKb3HXE7oW+U8bpYCYQWPVLAXUlWSHMBdBwcouFwAuOAEzORjlg4TrwAEVoaxoeRv911rQ1uohBc4yHAUFt7h75C86WjhMOB3RGNDW5IwotXMwbN7IZS2hwjuFLMMbYUQOc8gpEOkcpUMWQPLulp7mMbUENjaR2UhrcgFJrW+ietEYpITKWRiSSSIoSanJqg4SSSShBJO8o3SHKDWzt0+E0790EpYKAyya3jBXW/SmsYTgkLkrw0fdZrGHFegc7i3OCqurqN9I3UiqqBwqqR2o5WWyw3V1jZHFxyV2NCwchGjHAIWb8uzQ1ge1oAG26YioSotj0kkkZQ5JJJQJvAl0A5SHKJsQNlAZS2iASJGOUjwhOJ33VSltAGPOFHYC52USXlca0FyVncE/2FijycqZGwAcoULM8o5HoUaWAJSyPHKcXNDeVwHDVHncM4BVylgTjczkztZ5TWMyh6cknlFG3KFSyG1hDth3QnEuOAuPBJG6kUEXiTg9ghsksYNOmqd01DBIpITA3xpOSMNHda/oGwvuVzFxnjJhgyMkcn0Wego5rjWw0NOw6pDuewHqvbbBaIrNbYqNgGQAXEdyufe8M9/4Px0rLVx9kSxjIjjDWtADRjCzdwqpayoLHO/ltOMBW10rRBCWM3e/I27KpooC52p3Kw2vJ7hPHCJtqpY3yB0jfK3cBTa6uD/92gOAOcITXNijAaECmjzUGQ8ZQ5HQ5JEUeluXjBIXaRrZZw1w2yuz5ePL9lb2q3taGylmfcrPYb6o5LejjbFC0NGMKQZAweZMbgDYYwoV3qjFTEjbCE1Se1FF1Nc3VEvykTtuNlVv/lsbBH9TkgXSTOqJNznZWdloRUTmolbnGdKRYBGDsZbWS2/LQjXu52CVo4yI2DUfZRKSENxkbDcoVbUhxLIySAstrydWmCjFIj1spq6rS0eUeUBW9HTtpqcDhx3UC20ZL/mJht2Cm1FQ1pwFllLJpggFZUh50NOUW00z5ptfAaoBjc9+GgnJWrttI6mpgHgE87LHqJpcGyqGQkNPpO4Q6mXzOYBs1HfNp2AUYRGaYRj8S505ezRjBY9O0DXyvuMuNEX059fVU3UdydWVzjnU1u35rQ3WpjtNqFHEQHubusTK4ySZ5SYvLJOW1A3HKr62d+fBY7GecI1bVeCNDT5iotuimqajxAMgcn1TOEhG/LJ1ppM5qJm8HDQVZucG4ATGNDG6RsAk1jnHIPdZrJZZprWSXSQ/NSiMd1t6CnZSUrIQMaRuquxW6KCJtQ9mSeMqfcqn5aLWslj3cGhQINbVOmlLNXlG2FYWqlEUJmePM7j2CqLbSuuFV6NByVK6junyMIpoCNWNxlKcsDF0UfUd2dV1DqeN2GMOMepVRFHk5K4Q6aQvdy4qU2Ixs3G6OM8ASyMwG4GEenh1nhCB1HGFcW+kdpDnNwrkwYPLJdLGIoQQMYCkU0Rml1EeUblN0HAbvhWlNCGRt2ASpPLNUUsBmANAAGMKr6nvjbNbnacGabLGD/VWryI2l7tgF5b1Re3Xm4mRmRDENDB/qpEXbYl9pUSeJLKZJCXOcSSSVZ2ygNRIIw3soUMRefpzjdbbpayTt/3qVoAPAKY7MIyKOWaDp22imgYS3zFa23xEAOI+ygUFLw0N2CvaaPSAcbDYLlau5sZGJJgaANgpkbdtggRgjspkf0rlym+xiEnpJJRQ5JJJQh0cog4QwO6IOFaIdSSSRAyeBJJJKADkkkkAAl3BSHK7jJ5Qylgh1BPCN+aCeEBTBknOFxdPK5lGENncWj2PK8ruFTL1V1Y+Ak/K25wBb2c4Lb9a3f8AhtklfGdMsh0NP3WU6MoJIqc1s+8ko8x9StlMMj4I0Xla0YGkDsq+sqg0ZOApkzvflZm+VYDHRtO4XRrhgeyivVc+Rkzw7fhV1jpfmp/EcC4jlRblO+R/gBx5yfdarpGgA8PLdyQStb/04Ni/yZurJQto6Jg04c8airAcLjNmhoHATm7YXMunueQmsI6M/kn5GlIDbKHlZwxpJzhOTcFOUIJJJJWiMa8ZGfRZ3qa4yU0LIY9hIcE98LQTP0DfhYK71TrldDpOY4jgDsn1otEmyRmeq1OGdO+61ZwGADYKBaKFtPTtJaNTvMSpVS4YAT1wg49gKiU5wEBoI3K64ZOSV0vaG4CKK5GuW1HNW+McrIdcXd1BRup43Ykl8rT6eq1MtR4eXEbBeOdZ3h1xuryDlkeWgdl6Hw+iVtinL0cjyOshVW0yqponVVTlxzvlxV3HiNulvAUK0U2iAyO5d29lLleGDAC9zCOw8i5b3kbUzb4wrWwUQ0Oq5Gg5OGZVG1pqJ2sxyVs4Y2wQMiAwGgBLvs42o2aSvMtwKcnUAOF2PI3KT9zsixNA5Cx5Om5behOmbCwkgDZY+7V0tTMW6/KCr6/VTIofD1YdhZTOrzeqbWsmHUTzwNZFqwtRRQ6WNyOyrrZQtcRK/fHAV0zDVpSyZ1xyxk7y1u3oqh7i5xJKl19UHu8OM8bEqvnk8GF0v9K6eiq3yOZ5LWOuDS9FF1ReW22jeBIGkNyd14ZdrlJca2Woe7LeAtH8QupHV1U+iifwfNgrHRxGaVkI2zsvXaHS7eT4D9V+bnrLXXB/Yv8A1Lfp+3MqZPmJWZDT5QeMrXRxBrcAAKHa6RtNTsaBwFNmkAaANl3qY7UfOr7My4AnU+YMaMjuVKcBGwNA2XKaIBusjnhGhjM0wHKfJ4WRdcXZJJEqkhHh+JsM8ptS7SwlFI0NwOyrLpU/y/D4JXI1l2D0+h0kpYiimvdZnuCB7qgto+duJ8TcR4IHqm364tiywE5CL0pGZpjKR9QXnNXqMrae88Lpfu2/ol14Mk5B/CMAKAY/5gaOcqzqW5nd91Xxj/fy3OwxhcuUsdnsoQ28E6taW0rWD0WfvDdFMQ7bZaWsc0lrPQbrLdTyhsEmPRRSwiap7amYO4kZ9d1XFoU2tB3z65UVrdSpWcnhdVXueRNzuAuAujI2RmNw3dNcxpIyE9dHJnHa8ov6JwNOwkjhPafNwoNBLhgjU0gjlRrJ1dJLdAlR5BAUs7sChwKdBuEmawdapZIj2nVwnDbJRJWaTxlMzhZZrLNsVgNST6ZtPbhXA33Co4vK/Ur2D6B9lRoreeBj2ahuqGohMUzmn1ytH+Sp7tTvdIXgbFTou+H28EF4DmnCiYwSpMP16D3XHxEHZQ52G+xrDgqfRvLXgBV4GFJjODwoOqeGX8eHMB5UStgDmHZEt8ocNJUmWLIxhEpNG/arYbTK1Mfhv+nCaAHhWVygHIaqpp0OwVpqnns4l9PxvAGZhBwhub2KmyNBA2QDynZOfZWiKG4yQrm0VIli8M/U1VxjJC7ROdBPracY590yMsCVFwkmaEA8omcNymRSNkAIG6IN0+PIz5PZHlhbIcubuPdCjHYHZTywFp25UUxlhOy21nn/AClW77xR+UqQGiRmM4yhNBKLH5DyinHccCTx0UlwoXxSkFm3Oe2FD0aSCtZURCph8PG6zVdTmllMWEiUMGmqzIPbGMqNPGBuijbklJ7dQ5S9mUa4vBALSDwmO4ypT2EZ2QCDlJb2M1RkmiRb6nwqjBOAdlomhj2BwOxWTAx3Vvaq1+rwJDkdiopKRu09yX2MtNHsuOjy3GEYtCWkcIsHTjyV8sW+QFHLVZSMB7KG+EtPCXjJJ1pAmgd02RuBkBEAwujBQ44JFYHUlS6Nuhys45tbRgBUzm43Cl0U4GxVp44Y+qzLwTi0lR6mMEZwpjC17eOE18YPuhZpnBSRTPiLTwlESNirGaEEYwoJhLXFVGe1nPt0+TkkQcM4/dV9RTv+tg47KzxhMdGQdwtUZblk5V+leeCNb6wyfyZHbjjKkyxgHW04+yg1VIQ4zQDfuApVHVsqIwx2zwMELbRe87JnLsraZMgIkjz3RB/SdlFjL4ZNt2+inECoYA0YPZb8ARinwBdB3DUNsO+4wpEEuHeHKNwcBFkj1btCpjFAhOgAGQo0jdWx7KfuTjCZJACOEqSyG4NFTJFp3AUeQFWUsJyocrNPZZrYfoHDALoOSkR6JYKz7eSh+lrmnKhvjfGfEjGDnspLk7bSR3Spw/QUXjgnWq6iQCGY4cNt1bDDwRgLJOjIJLRj3VpbLofLTVJ9g5aqL8R2zYq2mPMokupgJOtrUyKocwhrmq0DBI3cbEKFU0JOS0Y/NPkkllGXrhhY52vAGRunFh5Crg10ThsptPUgYDhwpH7uypLA/wC4TJIWuCklglblowhBsjDh7ETjkD5MMhFjonZaNJVxarm06aapePYqBIxruUB9K1u8YwfurT2sJpTWDT1FMG/zYhkHfAUYGGdvhvYD6gqPZ7sQ0U1ScgbAq1mga4eJG0euR3TYyU1hGWzdXLgz00NRaKkVVK4hmc7dlrunuqPmSI6lwydlVyxBzSx7cgqoqaGe3v8AmKckt7gdkcZuDKnCGphiXZ61E5rm5acgpwGO6wfTXVr24p5wXY2C3NJUxVLGyxOBB/ZaYWRn0cm3TTqltYYM9ktGeykMaMbjldDWnsnqOTI5YIj4NuFFMJBVo9ueULwwpgnyEVu3ISLQUSWEkYAUcxzRnynZDgtSyJ0YHChV1spq+MxTxNdt3CntOdid0UxnGQEuUFMbCyUPxPPam01/Ts3ixEzUznYwNy37o1JcoKs6WHS70K2s9D47HNcMtIxhZG99My0pNbQHzNOXNAS3VsN0b42fl2PfTtnA1AY5VTcrSGHVA37olJc5WvEVQNB9SreKVsrQTvnukuCNEZ7GY2WEsdocNwgEYIK19daYqxuYsNcO/wD1WcqqSeldiVm3qOFlnW88Guu6M0CZIWYBClxva8YcoJISbL5sY4Q/j2NlH2ibJEweeNNime12MJRvyMHuieG0jKguT2kjRFUM8wBPZVlTRSxOzo27KSJHREYUqKpZIBrCjRcZ4KXTvgpheYCHRuLT2IPCtqm3hzjJT4AdyFUSxuicWvGCkyTQ6NqbyjcdMfEaajDKG6jXHs0Sj6s/delUlbTV9O2ellD2kb+oXz61uRuP1VhZ+orrZZg6lqX+GT5oy7Yq1LPZ1Kda1xI9tqqaGqaWTRtc0+oWbrrJV213zVuY6WLPnjznA9lJ6b6vob40QOPhVDRu122fstDnkZ+6PGejoQ1MZcox8NVHUtGnY8Fp5BSnpWyN9MKwuvTQqZXVlvk8GfnH4SVVw101O801ygMUrTg+h9wqlVuN9N8emRJad8Ltmo1DcJ6R2HEvZ6Eqe9rJm5AB2VdUU5a4bLPKs3QscOYmnpJ2VcYfE/nf3C2/S3xFvNgYykqtNVSN20EbtHsvIIaiancHROLSPQq/ob7BNiOoyx3GexWK2rk7vj/Ky08stn0xabtRXukjrKGQOa4btzu0+hU0wEDK+frXdLha3ipttW6M84a7Y/kvVOlPiNQ3fRQXIfLVeMNLneWQ+3usdlL9HuNN5KFrUZcM1fhhzS1w2VTcbdjzQs+6vWESAlvCC8fhSeYnTlFS5RlXxOZs4YUWRmMgHlamahjmBJG5VPUUEsbvpwiUjJZXkx/UfS9BfqR8FTA0OO7ZGgagfuvFuoui7jY6mRgjL4uWuA7L6Kkj2OyrLhaoLhTugqYwQeD3CbGWDia/xNWpTxwfMxc6N4GN1NpatzTvutv1n8PZbew11viD2fiDRvhefFj4pNL2kfdPjI8PqtJZpJ7ZF/R1uDu7BWhtN8lpTkzYHbfhYaKVzdwSp9PVg4DlqTbRVNjiewWXqKOqxFJIMkbFX1PcnQyA9u68gt1wdHpLDgha+1X3xC2Gd2knhxPKWdSnVNdnoNRR0N5pXRSMaS4bH0Kzwpbj0rJmmYZ4Cd253wn0tbJGQ5jiB7FXsFTDWRZy0k7FrkDi5HYo1CfK7GWi/wBFcToY4xyjlj9irmOdzHAHcLJXPplkzvmKRxhkG4LThDt/UNbbZm0V5a50J2ZKex+6x21cnoKNQuNzN/A5tQ08EoT4GnII5VZS1cUzRJSVGfs5W0E4qBh3lkHI9UmUcdnShYpdFFe+nYLhDrZlsjN2kcqot/UVXaXOtl9Z4lOfIx5H+a2c3kx7qoutrprlH4dRGD6HuCkTrRJLKKHqDoagv0Dau0PjikcMgjg+xXnFdTXvpO45np5GiIgiVnBW5bWXfpOpMRcZKNx9M4CuTJaOqKF0LnNmjeMuA+ppWd0psxWQTeF2WPwv+NDzLFS3KcOyA3c8r3u1Xy2XuPVSyDWBktJXxl1D0BcLJKLj0/Lra3LtGd1pvh98ZDbHx090EtPPGdJLtgcIJV46MFjj1Lg+ob/0/R3ekfTVMeuN3LV8R/Hv+zLcum5p+qOkaV8tJM4vfTsH92e5Hsvsnpvriku0LXPlYcjkHKvbhb6G7UjoZo2Pilbg5GcoqJSpllM5PkPHVa6p1z/7+0fkpDV1NJKYnao3tOlzXbEH3VkyWmq2DxGhrj+IbL6p+P8A/ZjlrX1PUXSVP/MHnMLW88r5KqaSotlVJRV0LoZYnFrmuGMFdzT6uLWD5j5Twuo0D3NZj+w0sT4icjI5z2UbxM7YUqCqdH5XjXGeWlFqaKF8fzFKctO5HcLd8imjiKvPRXkDnuFOtlZNFM1zH4HcKAY8HBOE5p0Ozn8ljtrjND6LZUTUom6oLh4uDtureN4c0HI3WCt1eWOaCT3Wnt9dr07rh6nT4Z7nx+r+eOS40kqsuNG6J+trdjuraN7XNC69jJBhwBC5zhyddPdyirtddJTyhhdsTggrT01QHkHKyFfRy00vis3ZnIU6gu8WoNfkHjfus9te436PUOtbZs2dLVFpAGFaRS+I0ZIWZp6gZG+Va0tUNsrmXV4O7RqPZdQzmNwV1S1AewAkLNRyhym01WWELHKGDp1X7i+0Ab5QqqJtRC5hxwhsqDKwJzXmN2+4KGDcWNtW+PBmKkz26fDgeeexVzb54blDoe4A4/RSKumgroTG9nPBxuFmA6e11hDSQGnB9wtEZ7uTlyfwyy+iL1d0iyoY9zY9+dh+68orrfUWqoLXNOnK+iqeWC5Uwa5wLsfmFjOrekmVDHuZGM+y62j1ri8WM4vlfFR1C+Wn8jyyKVszBg+YKVRV0lPIGud98qJXW+ptdQQWkAH0XBJ4jQSMFegp1UZr7TxF2knGTjJco1M9JDcKbs7IWMu1pkopSQ3yeqvbZcZKZwZI7LTsrytoIa+mL2gOBGT7LbDUY7OZqfHxvWH+Z5vkHldYMKfdLVLRSkgEtKr2uDeVvhYpnmr6JUT2zXJJiqnwvaRutHbbrkNDiDlZUjVwV1szoSBrICq2r5Bml1c9NPcmekU9UXgObv7qypa+WF4Dd/bKwlovuQKfxQT7rSU9RqaHO7riajRtTw0e60HklbHdFm4t9zdKzLuVb0tQJMbhefQVksbgGuwFoLdc9m6jvgrg6zQ4++CPaaDycbcQmbKGojbgPPKktEThkEb+qz8NY2QAgHUPVTaetLCMrlWUtdndjanwxtws2tzpYABnke6p3VFVQSeZrsDstbDO2Zp9cKFWUDalu43SGscMaoLuJBo7vDKAHEtd7q2hrgwBzXbrNVtrqIP5jGZHbCbSXVrR4U4II2+yW6nLoartnZuKW9x50TAlvqFNfFS1kRAcHA7gg7hY+CoifuxwP5qZDXuhcDG4jHukW147NNdrkiwqWVdG7WHZYO4RKS7U8pDM+bvuiU90paoaX+Vx5B4UWsskE+ZYRodzlqzuGTRC2SfBatmkwHRs1j7o8VSQcZwfustR3qotkny1axxDTgO9lewTUVxAfBIA49kt188GqN8WjR0HUFVSYa5xez0JyriG72m4DFSRE/1WGd8xSvxIC5nIIUuKqhlADSAR6oZQY3flG1dSSxt8WllErORgqHI+iqgYLhSg55dpVJBdqu3uBieS30zsrmmvdqr26a4iF/8AVhSKcQcJszt4+HlFVE1dpl8KTkFhwVFtvVfWfRTxBMHVVFH/AMN/IHqCtr8o+MePRTtkYdxg5Uepkgmb4VdTg+5CYptFuP6LHpn4udI9QOFNNWmhquCyX1+62gMg5OoA7Lxa9dAWa7jxqRrYpTwW7HP5KBSVPXnQz82+s8eBvLAS7I+yfHUbehUq3I2nXHwP6B62L5p7U2grX8z04AyfUt4K8J6u/s29X9LmSrsg/ilENwI/7wD/AJV7r018Zunro4UV9d8lVDYnTgEr0Gkq6eqjbNQzeLG/dpPBW/T+UuqeM8HK1XjKdQuYpP8Asfn9U0lVSTOp6yCSGVhw5j24ITRtlfc/VPQHSPWcTmdQWiN8jhgTMADgfv3XivVH9mKtp3S1XSV1ZVNb5vlXtw8D2OV6HSeXqkv9R8nn9R4a6HMFlHgWSOWpvij2V7ful7907O6C8WmaAtOCS04VQI6Jw8zCD3XZo1ldqzF5OVbpLKniaIxla3kjZM+dgHLuFMdb6WUEsKiSUDIjho57rbC9ezHZROPKGPuEHABQ3VQ5CT6Q44CjPgcCtCtTMdkLV2h81ZICAwYyob55n4y7ZSTFkbjhMEQB43ToSwYLcsG4vIG6jSRuPJxlS3g8aUGSJx4WhWJ8GGyvd2Q3wg5cd1FkDQCNtlNfBK7ZvdAdQSHgJiaOZqdK3+KK14BK45x9FPNtn3dthcdROA43TNxzpaG79EIHAOU4uGMrs1LUAgiPZCYyfOHRFHuRmlpbV6O+Ic8bIgk2XBGeSN0Zjd9lHakHDSWy9A26yfX8kVodhHjjA3IRmhgHZT5x60Ev6gDInnbHKlQ0uSD37p8bN8AKZDTTOH0KO/Bto8bHIEUoOMd1JjoRkEf5qXBbZ3Y2Cs6azVDiDxn2S3qMnVo8d6SKxlIRjy/up8FI4hoA3VrTWaRpy4jHupbYKeHGkDbukyvOtT4zKy0VcFtlcRlm33VjT2yLYuYAe6lMqYGNIzuhOqSfoIASpXs316Kuvsf4MTMANDcI3iBgAACjaJHkHco0dO84JQSuNkK4/wBKHl4P4V0NHHCK2A4AIR2U/B4SXajVGpsAIA/BIRGRNGzWY91MjptskJzRGzsku0dGlLkHDTuOMDCPFQgnM2wQ31ToziPAUaSrqCQNWQgc9wyMcFnijg4OShS1ox5Bj0VeHufudynEayBwgdmVgvaG+Yke7Jchy+YglPbHj81wjKFZkEkAwfRLBRg1p7LhaB2RhYGYC5gI2PdIcKs4LlHALQeURgA3XNTeyFJUYacgIm8g5RLY9rdhsuyVLIW6pHKlfctyGqK51bVOw1+yEKTa4Ra1N+ZGdMbuyrJ7hW1JzHnHsnxWeV/mkblWFPRBgDGNAUChGcuwVBS1T9Mk7sl3ZaKmZpYMhMp6QANOOykOeyMADZFFZNlaa7DMZq2CMNMWCVDFS4bRHdNjfK9+XnKklg1QeETxN3wiCUE4wozeE9AuRxKByuobUQ7KiD08OA7oPiDhAfMQVAyU6bAO3ZRfmDnGF3JIQDyVUokbaQcnVjIQpToG52QqutZRsLnnfsO6ztdfJqtzqaE4A5KoxX6hRJVbdNUphpzkDYlRfK7zzDUSgU0eganDJTnv3wrxk5s7ZTfIRzw3IaOU6mpnSu9iu08DpiNuVoLbazgZb+aMdp6fkYW1WweGHFoC0NHSAEFNo6UsYGhuw2VxTUrnY0jCps7+k0e3k7Tw4DQG7fdWVPSnIJTqej2acfurCKIAABqROZ3tPRtQqeFrQBjClADGQMKO57W7ApklQXDhIlLJvjHaiQZAO4QXTZ2IQQSXZyURo4VDFLI4F2corNsAhca0YB7ogGNgkyk5dBDmfSF1JdwVYeR7U9x9CmNOMk429VU3brGx2nUyergdMz/hsO5S3NC7NRCH5F4zLhzlDr7rbbTD8zca2OCP1ceV5Ve/i7fqs/KWOgbSMbkeI5vZYesjrbpVOq6+rkmkdudRJCB2+jDbr0uInqd7+M9LTiSmsVH4zs4Ez+PyC88u/VXUvULnNqK6Uwk50B2w9lFgt4c3AGSPRb3p/wCGF+ucTT8u6iZjcysw79FW7JinK7UPHo8/hoHSEGTZ3utNZOir1eQ19FT6oz+Ir16w/C+wWhrZq6L5uoHd+4/Ra5jIIWNjghaxrdgGjCpySNFGgUuZnnNj+D8TGMfearbksYcLcW3p6z25jYqaijaGbA6QSfzVkA5+wRo4GtGpxwlu1I6ENNCH4oUYLRgA7e6KDlAnraWDYvyfZVtRdpJTiAFo9UuV2Ohvx5LaSaGP+8eAoM99jjOmnzkKqd4shy9xOfdOZTnY4SZW7hsY4JEt1ralulz8D0GyG0veQHEnHqniHBAwpIhAAwEiVjDwgTYsYIRAAEbwSRwl4TlfylbkhoBPCWkqRHAdst/dGjpwCDhVK5i3akRmxEowiPopbYgNtKK2MDfCB2ZEu9EAUxPIIS+TkP0vlP2KtAxoGMBdAA4CBybET1DXR8G+YndOHCfgJq+6H4EznkdgJqSE5wAV9FdhMgclVd3usNIw5PtyuXO5x0DNT9yeBlY6qqJ6uczSHIPA9Fnsng1U0uTyx1TUTVchlkcSDwPRDkxpxlJ0gY3GFGLy8rHJ7jbFbDhy53KJHFgg6f3SijII2/dToYsY8v7q64ZY2UsIUMeMDCksZgYwlG0AYwjxsxtjla4QMs5ZOAFvvlFJDRnlI4aFHJ5GU+MQP8nZpskABRwCTlPIyclOLQmFdHRwkkkqIJJJOajjHJB4cDlOiaCSSmNbpOcrrjsAixgGUsnZXHOkd02NgAyV1jM7uTZpmtGwQyltRcVljJ5sZ27Ku1GV/wBiU+WV0riMJ0bANiOEn8jR+KHwtGBspI22QYxhGT4RxyKlLIkkTT7pNTcAi0+64u53XSM91bWCAkkkkI4SR3SyAuSEMblU3goFMfDYXd1EGXu1Aco0h8Ulq61ojHCTOQa5FkBpVdVT7YR6qYZwFUVU+rYLHbM01wBVM5J23UYZJyVwnJynsxtkZWOeWzbHg6B6owGNgkhKi+hJJJKFBUkkkYTeBJp5Tl0A5UXAEo5EB3RBwkB3TjwrSBwMchyOb6hdlPuob8lyVY8l4JGx4KTWZcN0yNu3KlQt3yVKydBYxho2T2nBXCMYC47gJwscXbKHK49j3RpnD1QGgl5KROWSYQWMeqUm2MJwIDUI8oM4LXY9rdRwrSmhZGxugYPcqFTMyckK96dt0tyucVO3dmfNskWWHqPF6LlJ9vo13w8sL3yuuc8eGDZuRyvQpZvBbqxlCo6WGip2QRN0tY0D81DutWwjwGHJHOFhsnvPpui060lKrXZDqn+LOXZyCpUDNDc43USnYSQSOFLkdoaBhIccmr0dc8khqJE7wxnHKDCCTqOyksYXu0hJsz6NFEeMsm2uFtRUfzG5AWmawMaGtGAoFrpWQwtLW7ncqzGCOOEnOTpVxa5OFwa0ucdgsfeK+WpnMevytPAV9erjDTQOZq83ssmX6su/NBKWA5c4Q+GMuOlgJytfa6VsUTNsbKkslKH4mc3IWojGhg2xss9rNNMcBZ5mwx5424VdTa5pQGNzufyTaiSSV5B7cKfQUwjhBP1O3WOTOhWiU1pZGW6uyrp5sO05Ux8vg7c7KuhYaqrI38xSJz2LI5LJcWagmnmE5GGt337rRyuEbNPZCpIBT07WcHG6DUzNlk0RnjuuZfPdLJuoWDpfqJOFaWiEMJq5G5A2GVVxwOJG3KmXevdRW9rIsAY3WKbz0NbS5Ka/V7qmqfg5GcBUlXUNpacyEAk8Bcnr2ueXuVHPPLVzEuOG8AI6632ZLrM8Di+Wol8TffstFQ0zYadvZxGSqq2wA7kK7OGta3vhDbxwXTHLOPyXaQrS0UPzEmkjYKvpIfFlDcrZWuhbT04Lh53b/ksc5YRuisE5rRHG1g2DQs7cK2Son0k5GcNCm3ivMDfAY/BIy7Cj9O251xqX1s8ZMMAODnl/ZZm+Rpc29jLTbjUSjDnAvJ9vRYyvqnV1W+Yk4J2Vz1Ld/HAooThoxnCoo4i4geqkY55GZJFvoxK8kj6eEq1w16GnfuraoZHaqJr2jLnt7+qo95XFx5KNIF/cFoaWSeQNaNuSVpYY9DQCOAo9tpRDCDjcqyiYSUmcs9FxSGww5cHYVhFkYBGMLsUYa0bINdWR2+ndVP8Apahi8sc5YKPra7tpqQW2B5E0o1Eg8BeeMZkhvGFMuVdJcq+WrJOHnbKDFG55w3OfZNjwY5rfLJbWG3Oq6trWjgr0q30ojY1mnZo3VL0zbBT00fl87tycbrXUtPnDWjG26y3WYXAcYk6gp/pAHKuGsAwB2USkj0N2G6nxDA33XJus5IOAwjJJ6wzluLEnJqcoEJOAOVwcomxA2RgCAXUkkRBJJJKCJiSSSUKHJJqShBydq9k1JA1kh0nKGSAkeEwgquiHNWcjCH33KegVcgihdNn6AUdayxkFk886yqJLreoLS15d4b9TscYV/TwtpqdkLGgBo4VFZKcVd0q7nKS5znnBPor+aTQOMrdWsGqMVgh1c2jG4CxF7qnSVDmErQ32qbFC7U46iD+iwlbUF7iS4knddOlMkmiOxnj1zMnvhepdKUEbIBL6LAdP0cU0rZJASdS9XttPHDRRhgxndVqrPt2gQ7JvsioTeUVcqbYxnX8ILc5ynuSaEJZ3AXUklCCQ3HC6uvLQ3LjgI4rJRnuqbo6ipBo+p+wAWf6bpfmpjI8ZwdTsoXUdxdcLiWNd/Li8oHutN0/QijoWuLfNJ5iVrgsIMshhkecYAHChSyl/2RqmfSC0KITkIhsDhPuhaiTyk4lCc9rG6nHAC00VubwBdNRWTPdYXZ1BTuY1+Nl5M6R9RVaxlxc7/NaPrm7uqq58LZMsacKotcGhpncNzsF73xOj+OKZ4fyep+a3gnw/ymBpOEOV2DzlKU6zkIcTTLM2LH1Lsye1ZMlMt7wXnTtD4jzVyN8jeFdzEO8oK5TxNpKRsQGMN3QNZB37rnWS3SydumO2CQ+IHJcd06onEMev0T4wMZVPeKosa6MFVGOS5vCKW71Zqak4dnCFRRFzx3QC1znlx3JKtLbD4ZDi1aoxSMUnllnSRmKMbYT6qRrGbuxnhPa7DeMKsqJXyzHO4B2T4RyzLZbtGuaXHV6rH9edSR2ijdGJPPpyRnla2rqRTU7pSPpGV8/9b3mS9XiVrXkxsJHPJXovGaZt7j5z9Z+Z/h6eUI/lLhGeke+WR00jy5zzkuPKvunKAFprJY9W+GD/AFVPT075pWQNG7iAt3SUXy8LI2t2aML1+mr2nwDVXNJxfZIjYWxlxA4UVpdUSaAO/ZOq5HMYGMONXKn2qjEcXjSDJK6UY4Rzm8nQwhmkjG2FJpYvCj1kblLR4kgAG3dEmeGNDcLNqLVGO07fjNIpvdIFPUhgOw4WXuVXjXJJIMDPfhWtZUDVleadY33wZzTxSHLs5C81rbz2GlqVbKq63X5uqcYxhoJC2fRp8udPZebQHxPMvTek2aqF2BvgFcK6e9nrvCRzNkuQap5M7YyqyNhNfn1IVlM3DnEFR6KLXU5075WSb5R6dR5CXEYn8qyPVTv5LxlbScAzyZHAWG6nOZNP3TI9GTXyxWZCuGcdsgKOBoa3A5UqsblzQOyE5oc0Aqo9njrllHI2mTbCZLERg44UykiLgXkYwuVLctwBuFpj0c2yvhyB29x+YDSeyvMbDCz9OdFQ1y0MLg9gIVjNFPCwKLYjKnU5GnlQjs5HpzjCXYdumX7JMwB3UN5LTwp7/oUSQYKx2G2LGtV3SyNfGC09lSt2U2gkxJpzsgH1ywWrkCsjEkSk+H+ScxgPvhWbNu+Jl3tDJDtjC69ocFJulJ4VSS36XbhAhbtwoc2cOWiK5paUWI4C7OzjZDafNhTsBfbyWFDNplB7K8w17MhZyM4IKu6OcFgBUNtE8vBHrabV2/dZ+qpzHJwthNDraSB2VHcKUjJAR1PAGsozHKKlm7cEcoL/ACv4yik4fjGE98YeAVqyzhTiBGHN4QgNLtXojhqaRjujTwZ5L0T7dOHkMc7srZrcYKzkMuhwOOFpKNpmiDvZbKWpCZPAQDIxjCjysw4bcqWW4wmzNyRhq3QWFk5nkHurwR2gALqeuhpO4CM8o/7jozv9kOut8VdCdgHjg905qM0FB2SFjizGTxOjeWO2LThcj2zlaS8W1k0RqGR+dvOO6zgy3OQl4OhTP5BzmBw+yiyRY30/upsL2u2KUkQfwkWV5Nsc4Ks7HBGF1ri0hzTghFqITnIGPzUfcZBCytODGKRo7XWePHpe4agpzuFk6SodTVDX58p5Wsp5mzxteOCExcnb0lm+Jwsz3QZogRkKZp9017NicopI3PlFU9haSCggYVjPCcZwoXhkE52SehTQ0+YJjCY3ZARPpXCA72V4Cj3ksaKfUMuU8N1jIKoog6N2dR+yt6WeN8Y82COQhyjVCz0zssQ4I/dQamA4yArYx6gMHKE6LIIIQjZQUuSmwQ4AhPLQ4DsjTU5YeOUM7c7I67NplsoTAOYSPXKr6mikgf8AMQc9wFdhgI4QHsyTtsVrjNPk5Gr0mPuiiJTVgqGjI8w5VpQuaeVQVEEtLMZY92ndTaCua52ADkLfTf8AbtmzkKO2ecFxVQF/82MbjsmUtQyUeE8aXDbdHppxK0ZXayjbIzxYtnjfZaE0+g1+xny4achufzTZI/LgrtDVeI3RNyNgVIfDq4/VWMTyVrogc7cqvqqfG+FdPhOdhlBfDnthBOOUScMmfczQdwuOaMZVjVUZOSAq92WHSeyyShgzTjtYEtIOMLikbYxhAI3SXEo6QN0DSc5ARsFNwEmUecoJSwS7bcpaaQMkcXMO2CeFfxSsn2acrK6cd0SkrZKaUOaduCPULRXbJcMTbXueUaKopQd8dlCIdE4ZCmUtdDWtw04cBuCuyQB42G60r7llGR/a8MbT1PGQFKfplaN8ZVa6OSJwBGAnxVLm4BRRnjsm3JIfCWkLmAeQjRyNeAHblKSBzhqYNkbWQE9pXyxPDjLGra0XcDEE5291Dz4bg14SnpA8eJFs8b7d0K3R6JJKxYNQ+Fk0euMD8kJ0bcaHt291R226z0UwbPksPOVq2/L1sAkhxunp57MjUqpYRna+0wgGenBY/wBW7I9p6inogIZnuBbtn1VhJEWHS4be6h1Nvgn/AA4PqEUeOUDOasWJG7s93hroW+calagZXktLUVttl8NshDQcg5W2sfVPjBsVSR6brVC3jk52o0rS3QNMYiQCAmFhHKkMka8AtGcrujPCbnJz+SN4J9EhTt7hSvDwu+EPVTGSJtFXUUDyS+EgexUQTVcD9MjchX3hITqMSZBaCPdCotMJTIcErZRgt5Tn0zCCCMgodRbZY/NA4j2yhxVM8LgycbD17onHJbfspbv0xHVg+G0AnghZR0dws1Q6FwcWjs7jC9SYY5m5bjJUG52lldEWGNmfUjdZ7K2zXTqcfbIyFHcKeYDUdLu6lTU1NVMw9jTn2VbdOnaugd4kLSR7JtDc3scIqjLcbbhZ8GpSz90Cvu/T76dpnpRlv4gFSBujY9l6MwtlYDkH/VVVx6fpawFzGiKT1HBQThk2U6ra8TMnFLkqWyQOGVGqaOehmdFKwgjv6ocb8YBO6VjBryrOUTSMpgzHuE2KcOwjE5wQoU1+x0VW7Ia4co01PHVNBIBKhc47JzKh7CAHYCW1kBccoFUUb4XbN2UNwGRuryN8cwAJ1Huo9Tb4XuMoGCUpwYyNvOGVJfJG5r4pHNc3cFpxgrd9M/EYwsioryxxLcNEzd8/cLFSxeG7SNj6Ib2twNR2VxltNtU/0e8UtxpqgB0Lg4HcJlxtVJdW/wA5gDsfV3XkFl6orrPI1pJkhG2nO4XpfTnVtuvTREx+mQD6XHBTYzUuzXHUtFPLFXWOd0M7HSQj6Xj0RWzwVrcxPGRuR3C1sscMzTHMwPb3BCzF06UfDL85Z36cblhPPsrnXno30a2S7IslPpGrCj55GOE2K6ljjDWM0PbkEOUpwjlGWs/MLPOhyOnVqI2dPkl2y+voyIpgXMHHqFpoqiCtaH08rS7HB5CxD4i3dGpqmSmdrjeWn2WWdJ3tJ5D41tsZ690p19cbBKILlmalGGta36mj816zbrnQXiAT0M7ZDjJAK+ZqK8irIjnIDhwStDZ77cLLMJqGpewDfSHbFYbqD1/jvLKUdrZ7+95jIBbygSsZMPMFU9L9aWnqajZDK9sVdjGg/iI7hXcsfhjZZHW0zv1Wwu6KetoBzExVj6cszqGFpHOyMYUKqo9W7dkSWB8qoyXBQS08cjDHIwFp2IO68560+H8E8Tp6CLS/6hgL1WWkc3sor4exbkJ0ZYOXrfHw1EdskfMlZa6u2v0VMZaOM4Udji12QvdOqOiYro18kDQC7cjHdeT3vpmrtDyXxHQDytUbFg8PrfGWaSe1coiUtUWYV7R1ocRk5WZaCN8YUunndG71CJSyY4px7N9bb9JTjTKdbD69loIalzw2oppMZ32K82pazUACVfUFxnpmgMfkc4KtpGqu+UOj0e2310jhBVgA8AnurWopKSrh0zwNkY4bZC8+pbjHWDS5wjeO59Vd2691ttqBBXvMtO7YH+n3WeyOTsabWf8AOHFqq7PUGot0hdGeYnHb8lZ2/qanleI5muglHqpcU9LWR6oZGuyO3KrLnaY3+bww4ngjlIccdne0uqUujVxVMdQAHAbjYrkjB65WNoayutb/ADF00X9J5H2WkobvTVceoOwfTKTKGTox1EZHaikhmYY542vaRw4ZWHuNgudgrDcrLOBCcufEf9F6CTqGRwUCSAOGlwyDylOBLq9y3R7M5YupaS8s8N4Ecw2cx3cqj6z+GcF5f/ELIwU1Xu54cfJJ+nCsr30Y5sor7JKIahp1YOwd7J1i6ymhlFt6jb4ErfKHHYEoZV8ZZjsjCcdti5/Zhem+vepehrx/Dbm4hkZDTnfZfS3QXxTtV9pIzFVNydi0nuvN+o+lLZ1VSaZ2NOG5ZIwbnPuvKai09UfD+uFXQzSeCx2Rp7j1S1XkzTq2JP0fcsNRTVkYLHtdnsvEPjf/AGaLF1/Rz3CyQCluGNeWjbVvnb3Vd8L/AI4QVIbT3h7Q52Gh2cb+697tt1p6+nZUUszXNeM7HhBh1vgx36evUQ2WLKZ+WnWHQ3UPw+uj7deadwa04DuQoNLOAA5hX6Y/EP4RdL/EW1vhr6FvjAEhzeSV8L/Fv4AdU/C+vkqW0zqm2PeQ2VgOI/Y+3ut2n1KfEzxHlPp1VPfplx+jziembVvMgeBKeAO6rZgY3aXDcHcKxglDSM8qVUUkNYwZaGuxyFs3pnnJ6F4zFcopYZS05zhaC1V+ktBIWbnhdE/Q7YgkKRTyvi0uAJA91k1MFJB6O6emllHoVFXeIG5IVpH5hkb5WQtVUDEHE7rR0NWC0LkW1tHrtPqVOKZMkjZI0scMgqhrqM0coka3LCchaBsoTJomTRmOQZBWNo3xkpckO21zy0Aq8pqt22yxtXDJQy/y3uaM7bq4tlcZYsnBLeVktr3dG2i/a8SZsqOp8QDJCsIpcb8/msvS1ekg8K5gqWlrdysM6zt6e/KyX9JXNYQH91YEidnl2ys212fZW9FWNc1sUhwQMArNOv8AR0VblcjvmZqeXSPXG67cKGG4Ram4EmOR3XaqISNL27kKNFUSMODthDF7Rc1GcXGSKenqKq0Vel+cArVQTU10pwcjP+SqrjQCvjEkbgHYVVSVdRa6nQ/IAO47J2N5m/A51X0lFWxPfHGNQHZeVVltmt1Q6KVpwDtle/Q1ENdDrac5G49Fluq+lIa+N0sUYDuduy6Wl1HwLazjeR8crV8tZ5O12eytrVdH0zxFIcsO26jV9tntkxjlYT74QYxrGwXZr1CkjzVmnk+fZqq6309xpsaRkjIKwF3tMlDUFrm4B4WrtN3fC8U858nY+itLja6e7U5GATjId6LdTqdnZytb43+RW21yeXjLSQU9zdY9FYXexz26Q5aTj25VcPLycLr12wnBNM8XfRPTy2yQo26CSDury03cwARTv1eipScAn2QA853UtgpkovnRLdFnolLcIp2gxnJUsVbxgAnHsVg7ddJKV7QScA/stLTXSKpP8sEFc67Tbej1mi8p8kU92Ga23XqVrmxyOyO2StBBXvdjhYGKYkgjsragumjAmdwuDfo+co9d4/zOMQmbekr3tOMjBVxT1QlDTgZwsZSV7JQCw5VlBXPYRgrj3adxfJ6ijWOT+15RppMS4O2FAuFip6mMvEYa/wBWptJcQ3AduSrD5psrdu6yyg4nQUlauTFzU1bbpjoL8Dg+yn0VxMrQJC3K0D42vzkA/cKmuVkZIDNTNMcg38pxlDiM1yE4Th+Ifx9OC0q1oL2GtEcp/NY9s9bRnTM0uaPZTIayGcYDtLj2KRKpPoKFsovk2cjaW4NzhhOO4VFW265W2Qz26TYnOlRIK+ooX62Elp91oKK5w10fhvIyQkyq2mqNyfsjWvqyQn5a6R6C3bJGytXQwVTfGo5hnnYqsuFrp6jZzfz7qqdFcbS/XTSF7B2yl7DRCyS7Zp4a6eB/hVAy31KnNfDMMtwCVnbf1BBV/wAmuYGuHcqzbGCA+lmDge2UmyDHRtjItoK2uonZgmcAO2dlZwdQRSgR1sQyfxYWbZWSs8r2Zwjskp6j2d6FBtbNUZccmmjDT/NpZwfbKL8y8DEkIJ9ccrNQa4idD3AexVlT3KRnlkGsD15VOLCTXQO69K2G8tLpKZsM5/GwaTlU0FJ1x0hIZrJdpn0zdzEHZDh7hapk9LWMDQ7Q70cuOmnptmeZv6qy1WmdsPxmgc9tF1NRupZePEbs39Oy3lHeLVdIxLbK6KfVvgHdeZ11pt95afm4IwSOQ3BVDJYrzYpTP01czt/w3FHnBUoYPa6+iorpTPorhSRTRP5bI3P6Ly3q3+zv0deS+ptMk1tqDuGsOW5T7P8AE652tzabqi2yNHHit4+631r6is96jbLQ1sbyfw53C1UaqdDzFmS7SU6lYsjk+YuqPgv1h0rqkhpRcKZu/iRbHH23WCkYQ4te0tc04cDyCvueZuRvwFluouieleocurrJTCX/AL1jcOBXa0nm8f7pyb/AwfNJ8dOixyEyalBAIHZe4dU/AaRniVVirARz4crl5pdej+obCC64W6RjQeQDpP2K9JpfJU2xymcDV+NupliUeDLfJHsChGjI3OVba2jlmE1rg7hq6UNSn0cSelrkynNOG8t/dMNPkfThXhhix52DKF4TCdtgnxvRnnoItcFJ8s5ufIueA0H6VeilYdy1GZR05OHNwPVPV6M38H9Gd8P2/ZcEbWHVp59lr4bbQADBH5hHdYaGpZgPDfcBG9Qo9lrxs5dNGMD4cYkgDvyXC2iP/wAKP1W2HStEBvL+y6embUBuCSqWrg+MlPxk0/RhDTULuYOfZD/grJjqgIHoMLdusNujILY0ZtspIiCyJufcKpXZ6KXjZezCR9NVBAzI391Mj6aGxcB+S2Xy8faNqeadpGAwZVK1jI+Nh7MzBZKeEDUzJVjT26lP4FYGgOcuaAE9tFjbOEbuWDRXoYx6BMpqWIbRglddPpGGgN/JFNK5uP8AqkaYbbpTsNVen2LCIj5pCcOflCk1O5PKtI6Om/EDlSmQUbRu3hB8g+Onb7KaCmc8505U6C3AkaIySphlo4tmt3Q5K1zABGAAUEp5GrTxXY9tvkAzpGB7p4iY0bkAhRvmqlwzr5Tdb+S5U3wNUFHomeLFHnUVw1Rx5VFJ189k9Kk3kYohPmZ9xq2TfFeRgpufZPDAVSCSwd3duSutYCclNa1PYAOSoMjHJ3SPRdXSMListjycpIeoBc1hUQIm+IEOSoDdvVBeJnY8NqJIvBJdIMHKjPqo2DcglJlJUPP8zIBR22qHYnJKVOWS1Hcisnq5XHERx6ILKeuqBhztvYrQMoKRmNQ/ZGL6OlbmPBdhQnwlRS2VpIfIN1ZNoqaBg0jJTXVc0rsNAATgWtaHSP3Rhxjg60nONOyPmCIA6cFRDO7OItvdJkUj/M+TKmRseCaamQgCPYIrI3PA1FR49LcAhHM4GMBWOiGAbGBwuMeC7YIeTIBjuiCPBzhTI6PRJZwiIDOEUOLTs3OUCaHRjlBy/ScY5XXSkgYbygmQEZcQ0D1UeeuBOmA5xyrLfBO+kancJhfG7Gl2VADK2c+Z2AjsxA0NdyeUMpYJuJBw0ZccKHWXGKjiL3n7AKFcrs0SGOE5I5Ko5JJqh2ZDkeirsx33y6Q6rrJ66YSOyB2CdTUzQdR5T42MDRsuOJOwVrkwTzJ5YVzg0aWjP5rkVO97vpKLR0r5HAkZWjoLW1wbloVqW1DqNN8nYC1Wd4DXv+4C1FDQgBrWt3wn0lFnSC0K8o6IMLTjdB8nJ6LR6SMUkgNJby3Bc381bU1K2PBTw1oaBxhOD2gZyglPB26KFEKCGAbJSzANwo0tQSRhqTXlxwQkSlk3RjtHF73OyRsnD3SAHOEQDOwQBN/sGxpyDhSGnI4TWYHITstHfhGBOagPRe+FV11+tNui8SpqQD2A3WTu/wAUWMY5lmpg9/Gt4WaVsY9ip6mMez0N0sEO88mjvusteviXY7ZllO01L27aQcfuvMLnfr1eyXVtbI4HfSDsq1lO4uJ7rNLUJ8GK3V2S4gX99+IfUd81QMqflacnZkYwf1WdbBI94llc5xP4nHOVorP0Hf7yWupqTETuHL1Hp/4MUdPFG67zeKMZMZ3SnZkTCNtr+88itVrrbpMKWijMkh4GV6DYvgzdrgGyXCY0rDuXf+i9cttmttnhEFDSxxsaNsN3KkOqSBjOyVK3Bup0ifMimtXRnS9gDfCoNcjeJHNDnfqrn5l4GmPZvbKZrL9yUCSpbHyFPnOhVQodEhznP3J3SDgMlxwq6e5Y2iUSWoqJeXnHslz1GR6gkXUlzgp27HUfZV9TdZ6jyh2keiiMBdsVLio3uIJ2ys8r2w0kgTGuecu3JUiKA5G2FLhodvpUqKkxjsqdrfYEpqJDbTA4w390VtKfTCmiBo/CiCFoOcKt4PykFtMTvhHbGduwUoRDnCI1no3Krc2L+TPCI4hGOEhGAdlNawlv0JCinPLCArwxTsIzWDKKxo23R20zu43RBSPAw9gwfU4USb6EWXRS5I2cp+CeVSXjrv4e9PZN46wtFJp3P+8h5/ZYu5/2nfg7a9fhXaquRZ3pYNj9tRGU345MwWa6iv8AKSPVEl83Xj+2ra6eTT010VNKQdpa2XQMewaCsVef7Y3xQubnR2lltt0Zz5WU5fn7l/8AooqJy6RzrPN6ODw5GXTU5MLgF9vPxLFYETgFVdwuMNLE57nDI7I9ZXxQNLnnGFk7hUCqmLxnT2BSrZ4NNNeXki1VVLWymWU+XsENxDWYwnOAYFGlkydIWST3HQhFYwgUriTgJ8DDndJkJecqZDDjGyGMXnIbeB8MWMKXHFsNk2KMnCmRR6QFqhAz2WYGRxY5CMQAE/ZoQJpcjAWmMRKeRjyckIBO6ed1xEENTkklChJJJK9rIGXQO64OU/G2URDoxhCLSSSB3Xd9eMnCf5Ryo3tKSyDaQAd1Anl1u0NPHddrqrW7wojsOSgwsOcu3ykyzJjoxwEazKOxi5Gz1UljMblNhHCyF2BDcHhGZwm4CMBjYJy7BYxJcclq9k3bkEYTlIHHZcSUwFgekdk48IeMkoQQRznbsmzkPGAUSQCJmT6KHlxdkrPY/wBDEsnWt31Eps0gDF2R+G8KuqqnjAWayeOxsI5YOomOTt2VXI8uJ91IlmJdwgPOTlZJveb61wMantBPCTUVg2ykdB4BpLrhg4C4oQKkkkoEJNPKckjXAEo5OjlEGMDZDwU9qtAjl1/CamSSatuMIZy2lgpTgoLQiSdlxgOEnssewHsFMjbhoQYWb7hGPZaIL2Lsz6DObq7oc7sADCcwgZyo08mpST2gApXEuCfG0FqDH5nDKkHgJL5GLkY7PYp8LNbsJAZUmCI5yQkzltR0tDpFZLfLoLHHpaABglesfD6wsobd8/PGDLMctJ7BYnpOyi61zWluQ0j7L16OBsFM2BgAEbdP6LFZPcfRPC6RQ/1Zrn0crallOzUTk9gqESGWQuI3JRa6pFRJoY4kN2ylSxYIOFmZ6XO4kwAMaDhOjcZ5tKHM/Q0ADlPiYIIwSCS7f7IG8BR7JDg2MgNVhaqcyyeKRsD+qrY2PmcA3fJwtPboRBE1oaP/AFSpywdGiGeiyp4w1ow3ZdmkELSTwiRnDPpVN1LXGCmGnYlJl0bZfZDLM7dKl1XWOAOWNP6rtHTeM/BBx7KLATJl57laCzUerE2NlmmwaE5stbfSCONoLA3HYKVWPbE0DGPZdY3AGBhQZXySzEvOeyyWyOnGGEHgiMhDi3OVaMGiMBRKZmA3KJWTNZH9lkcss1QWCNXT6TgYKt+mbdnNXK3bsqi20brpVtZ2By77LXuDKOn0RYaG7DAWW+z+k11RyNrqgNHhxu3I3wotJG/WJCMNCjtLpZc+pVpAwhgyNhwudN8GpLHRIja0DUdllep7iaio8CN/lYMHdXlzro6OmcHnBdwsBJUmWV73bkuKquOWJvsS4OTyvB0+qbAw6uN0xztTwCrG2w6pA/GwT5NQRmh98izttO2KDU8DJ35RtWtzgOc+qDJLpw0KRZ6fx6sZ7LBdPJ0aK8ou7Fby54le33WlkeyCPLjpAHdQ6CHwpCBwQoXU1whp4hC53mIzhYZ8mhrBW1RkuFcIoiXF7sDC0tTMywWdlFG0eI9vm+57lQOlaNtNC+71TfKAdOpV12rnVlU+XlpOGpZZAly9+skEk5JV7YaKNkL6+paNDPpz3KqbZRurqxkLR5c5d9lcdTVgoqdtHTuAbsCAjZcpYKi6VstfUkv2a04a3sFItFCJpsyD6dwq6jYZZC52Sfdaq10r4G+M9o83AUlLaXFZJLYdHlaNlKiYAAUmN1ncKQ1gIwEicw0sCGwKxXWl3BDbdG/zfU/B7LTXy5stNC+dxGoghv3Xl0s8lbUSVMpy6RxOfZVB8gXS9IGCAAFpOkbYZ5HVkjcsacNB7lUdLS+PMIxndenWG2tpKRkOgZAH6pls1FYEw5Zb0lO2JjfKM4/RXFFENiAo1FAXjftwrmmiDGjAXLvtyPXQeFgAAwpLPqCGxuOykLnzlkAcOF1JJIDHJJJKEOjlEBGEJdRrgAJkeq6gAnPKMOFaZUujqSSSszy7EkkkoWJJJJQgkkklCCXCBzhNSQ5IN1chQbix0tLJC04LwcKXIM8FDezON1cXhjoLky1stUlvY5r++6VY/A+yu6sANI9lnLiHMikI7DK6WneTXHhGV6nnOMY/D/qscdUr9t8q36grJXPDZH5y1Qun4BVV7YjwV04NQWWJl2bHpC0h7GF0eO63ga1jQxowBsqu0UbaRjWNGcDlWzATvwsGonukHHhBGdk48JDhNefQrBMtDc5fzsiDhCYDkHsijhUUzqSSSMISqb9XfLW+R422wrUjOywfWlwc+rZQwPy1vP3ToopFfYKF1xuALxljDrd7rcvc2OMMaAABgBVPTdE2ioPEe3+ZINWfZS5342zytMVwGMqHlxzlDzhNJyVyXO2EcI5fITltHkgDJKouo7kKKhc/YbHlWdRLp2zwvNviJdZTKymacADbC7/idG7bEcryWq+OpmNrqh9fWlwzlzjhXMGqCFjCN8KttUIfMZXDOn/NWUzx6L3tdSrWDw87nN5Y8yAj0Vr03RCeZ1VIwaGHbPcqjjZJUTNhjyXPOFtKanbR0jKduxA3+6VfPC2m/RUuUtw+ok1O0t4Q2xl+4KHnLjlSo24asJ2ugcsgghc8nhZStnfLIXOOQVeXmobHCY87lZvGpw3TYoRYwlPFqdnCuaWNoAx6KBSx8bKxa3THgrRFGSctqHVEjWNwCAceqgMAyXuOyVSS5+zjj7qLc66KgoXzyH6Bx6ro6XTu2SRydZfGqDnIxfxK6lEND8nSyFurIc4HdeQQRmUl7jknfJVx1Jd5L5cXGPIiaTjKj0tIX4Yxq9t4/T/HHDPzX9T+Zn5DWylnMU+Cd07b2ul+YLeAtOXBjONkygo2QUrGAYOASuTOPDV3KoYPG3WfLLJ2hpfmqvVNktG49FcS6WDw24A4wEG3QeFTanN8x3RGtL3bJ0p7A6KXbPCCxNZHEXuGNlXVb9WSp0zsNDfZUl8uUNBQyTy9t1xtdY28nt/G6VQisma6xvsdpopHB48RzcAZ7ryCaplq5nTyuLnO3ySpfVN+kvtc7QSIWHbPdQadmlg1d15nVWbng7MEkywt++y9W6Tj00Ds92/6LyygblwaDuvV+mWH5D/wrmzPV+BjmWWJ5yHbeq5bgPH47pO7p1vBE2Tws7zuPUYR2YYmkC8/6jyanGeMr0KdpEkjvuvOuoATVn805Pg5fkeIGdqQNQQUep+oILQSdkSeWeSuWY4J1KP5IUeoBBKmUwxCB7KPVN5wOVoXRiujirBAeN9ld26TxKfDiAQqYkasKZQTeHM0E7Ioxyc7S2bJ8lm4HWNkan7J7mgjICDGCHHPqk2Ho6Z55RZMOWFRXg54RYDkcosjARws0uTpV/ciEiUsphlD+UM4BK47fBBSmNisM1MQD2DfOQuxt05US3T642kb7YU12QAccqHQh9yIF3ia+HUB5gdlSscdshaKpZ4jDtnbhUU0Xhv47qYM18EuRko1AHHKjtBCk41DhCwMqYZkaydHKn0Mvn0lQACUeElrxsoOq+1mhifqYAd1DroA9p2/NOopdQxypU0WtgGFaeHk2uPyIyFdTGKTIGAhgEtwSrm40xGTpVG8+HJuM5WmLycHWU/HMY4FvZLPsiEh4G3Cbp90050lhkd7ire0Vs39w535qsc33RKaTwZGvB4TqZ7WZrFk1Ya48nJTy3I3CZQSNnia7nAUktwF1K3uOXrfwZELQ13CfoGMohbl32T9O2U+UTyc5YeCMGEOUmMDATdHsiRnBCHDBO+GADkZWZ6gtrYcVMTcNJwQtZs4AYwo1XStmjMb2ghw7qnHA6m2Vc8owYLmbqTC7PlKLcqCWkkLS3bsRwQorSRyOElrJ1q7k1kNPT6hkBVs9MQcgK6he17A0jthAqqYkamhZ7ILs2RgpLKZTFqtrZWujb4R4VdUROBBKYx5Zsk9DYWSqeEa6CUPZqG+UZVFsrGmMRu9VasdrGQETZ2qJucUxrgJAdlDmhLXccqcGlv5rksQcAlzizS45Kt0R2TNwcYzlTJWaCNlHe0O5QsU4uJzGQlHI6ndqaM55XGnO+OF0tD8ZCTnkODwy7oahk0eRz3HojvZnfHCo6Oc0kocBlp2IWjhMVVEHxnI/wAkaOhU9yK+aHUOFXVUJaRgYV9LAM8KJUwhzcAfmoHOCaKqJ5BwUV0YeMgLksTmHIbsnxP9dsIq7cMyWU54ZHkgD2lrm7FUFRT1FvqdbT5Cdj2wtUY9W6jVFK2eMxSNBBC1xmpcnH1Wj/5SNb68uxgYVxFOXt3HKxsjKm01HmJMZOx9lf2+uEjA5pzjla6rccM5cofG+SXV0r2tdUU7TkbkDhTKKds8DXdxsU6nf4rMY/8AVVtbHLbahtTDkMcfM3sVshMmPt3Fo+MHcBAfCMfTj81LpJoayISR74G4zwuyRAHhM4YaZWS04II0qprKBw8wacBaN0Y9EyWnZLE5hHOyVKvcDOOTIYDSRqBTXNVhcbYaZgkj3BOCq/ZZ3WZnFoRAxwhHlFPCEeVnsrAQk3wyeyQBHZP8QDlqV0MFHM+nkD4zgq8t9w+YyyUgOAyCqJ3mXYXuidqadwm12ygxNlUZ9mnkaJBkDKhzRFvmAwmUFwGQJ3ZViNFU0aBha4tWdGWX+myDHM5jgDspsFVt91FqqCUnXGNghgujwH7Jy+0B4kWojinbu3JQsTQu3b5UKmqREQSpwljqm+hHOVG8gY2sBJCyobg+V3qm0VfVUMnhh5ABT5oXQ4cw7HZMdHHUMOdneqi4BnhmoimiroGubu/G/wB0wwyR7uasvDLWUTtUb3YHutLRXCCsha7XpPBB5BTovJlsrx0KanilGHNCrJKWemlzE4gcgq8lhdH5tOx7qNKwOA7Ims9CVPnDJ9j6hmgkZHUP2HBJ5W1t9xpqvZp3XmEtK5u7Ue23eqt0wJc5zR2ymxlgzXaVWS3QPWAz0SLD32VTY+pKSvaIi7z47q7Hm4C0waZzbM1y2sZ4bUvDaipI8C20iM9pI5UWSBkgIe0Ee6sXRnZD8I5yrccE3lOKOSmcXwvP2ynwVbZXeHKA1ytHQggYCh1NuiqOfK4dwluPAW8ZLSsmaQ5gcFmLv0kybMtPs72WjaKm3vDZD4kZ4PopPjQTt1NGD7JDryPrulF8HmLZKu3ymF+SGnBBVvR1MdS3dwz6FaK52Gmr9Ti3S4jlZC5WOutb/FjLi3OxblK+No1fIrOyfVW6GqYWyxNeCsxeOmzGDLSnHfCu7ZeXhwiqCCDsFdujhqBksAJHZJlXuZrrtlX0eWsLoyWuO47KTTTFx0kBa+59O0dQSdAY/wDqaMFZOutlRRSuYWkgcEJcq3E3Q1MbEG8LWNkB0Wn8P7pQ1jmN0uGcKa5jamEOjIyN0OA5PBBaC3OCjwVrW4bM3I9UMtLTpcMZXBEHDOcJU/tKkkyf4VHVRhpAz6qtrLRPFl8TtTQiBzoHBzf0UuKta8aXOxlKayXCcodFC+JzPqGCmw1E1PIJIJHRuHDmnBV5PRsnaR5Rng+iqamilpTlzctPcKnmLyOhY32bfpz4ixtijpLwx2powJm75+63dHWxVkbZad4ex4yCDleCkK1s3UFxs7w6lqHae7Cdk2F3PI7fNdHrt46co71TkOjayXkPAwcrG1NFeOnJQKv+ZAdhI3t91e2DrOkuEDDLII5OHAnG608ZpbjF4crWSNcOCMha0lJFx1Lg8+zCQ1sdSzYb9118RAB7KzvPR0sLjVW1+M76WnYfkqKKrqIpfl6iM6mnBBCRKnJ3dH5D5OJh2vMZ3KtrZdJo/K862+hPCq2ujmGQ3lDfHNA3xIiftlYraT0Gm16r/Fm1oK5kjg+GQxyN/Igr1HpP4jNxDa78x2fpbUtOdv8AEP8AVfPlNfIo3htU8xns4LQ09ymcB5g8DhYbKPZ6XQeV2y3RZ9POIJJaNvshCWMnEjtJXjHSfxGrbG/waqQOpDsWD8P2yvV6C5W6+UrKu21LZQ4aiM7hZXXhntdJr4XxTRNngZIAWbqumpsdsKwimEezgnFsU48jt0KWDc8SKbwS3Pl/dU126fpblGRJEzO/I5WpmpwOB+6gOYdRACLODPqNPC38keL9SdD1NNI6aCAuaezRwsZLTvgeY5GkEL6VqomSDSQCDsdliuougKSsikmpRpJ3O3dFCzk8zrfC5zZUeQQSujIPKtqSvyQCh3Gx1dvlMRbkN7lVoeWPx6cjK0JqR5qdNlT+9GngqQcEEK/tt3bJimrMOadmk9liaepLMA8Kzp6kZBxlX2FCbRuaOukoJMwu1Mz9OVpKC8U9wGjOmQDg915zT172YPIO2Cpgqy5wexxaR3Bwlyhk2Va2VXR6KWMIPlG/sq6a3gO8WncYn/4eFW2zqhga2CuadtvEH+q0MTmTtD43BzTuCEqUMHodLqI2RUosHQ3uenkbS3NoIdsyQeqvmFsrQRwqKooo54yyQZzwfRRI3XK2uzDIZYx+EnOyzyidOu6Xs0krBkbZVNd+nKC7NJnjbrxgOxurClr4quISM54IPIKkB+eyCcHIdiM+WYuKtvnRv8qXNXSE7YGXNC01PPauo6JszWslbIPMx2Dj1CPUwNkHmaHDHcLJVnTlwt9Q+usNV4eo63QE+XPfCDawIR+PMX+Jnur/AIXy01Q649NSOjBOoxA8FTuhPjDdemJhb72ZT4TgwnJBAH+a09l6tpa1gpbg3walvleHeqB1d0LQdS0vlDYZQMtkA3PsfZL25Ms6Y/8A0z3LpXry33yjhqqOtjkDxnAO60VbSWvqegkt9yiY+ORpa4OGeV8S0lf1b8LrhG573PpNflLScfmve/hx8YaPqqJkckrYp2jcZ5SbKn6Mko7eJHlXx1/sny0RqepOgKdwha7W6lA1Yzzj2/6r5rkgqrdUOoLhTyQTM2w8Yyv1Bob4JdLJHBwOx+y84+LX9nLpn4j05rrRA2iubvMJ8bO9iAqhbOvhvJxtX4qqyW+tYZ8By0kNRkyN39VDfQiM5atv158N+q/hxdHW3qS3SQtJxHNjyPWaaARuFpV27s81qPHxrliSIkEr6chqvLdW5IBKqJIweydTPMb90qxqRKoOp8Gxp5tbRvlTAzLc55VBb6k7D0VxFUHHCw2Q54OtTPKOzU8coLZGgg+oVFNBU2qp8SIkxk8ey0LX57Js1I2doB4KyyiaWtwChrhOwPac45HorqjrHAhYqSOqs1UScmJx29MK6p69ksQex3PPssttWejpabUbVg2UU5IBxjKmRSEkbLLUNdpeI5HnB4V9DUtLRgLBODTOtVfuRf0lQC3S4g5TpoG6cgg5VPFIWkEFWMVS1wAJSZLBoUshIZHR5YTsgV9uFY0ysG4G+EeRmcOShlcw7FUpYI4xaxJFLSVdRbKjQ/OnK1FPUQVsQc0g5HCrrjb46uPxGAaiFSxz1Vvk0gkAFGpZEOLgsLomdQdOQVkbz4YyRz6LzK6Wuotc5BadOV7Lb6+G4Q4cRrA3HqoV5sdNWRkPhadvRbqNQ4vDOZqtNv5R42BrOrSrmyXfwHiCoOWHYE9ly7WaS1VLssPhOOx9FANOT52HHddOF6lyji2aaW81VytsFzg4BJGxXnt/6fqLfIXtaS3vstdZru+ncKepOW9itDWUNLd6TSQDtsfRbadX8Zz9f4qGuhtgvuPGGe5TdGd8rTdQ9PuoiXMjIIPYcrNEHdhGCF39PdC+GUfPNXpJ6ObrmuTpI5BGU+KrmjcHMcWkeij4PqnNTJJTMybjyjVWy9RSsayZ2Hcbq4jlDwCNwVgA4tOobEKzoby+F4Ekuyw26fJ2tN5TGITNzT10lM4aTsrqjuzZAGg7rHUdyjqWDQcqfFN4RBYd1zNRpVLs9fofJuqCw8m3grXEg8K4pa7IGcHZYSiuL8hryrinri0AuOy4+o0qiew0PkoWRTya+Ot37I/iCQAcLOU1cNgSrGKpyAQuXOvB269SrFwSpqSKQYc0EFVNZaPCzLArVlRnYozZGbEpDW3kb9szOxVTo/5coyByCjtIkw6nk0O+6tKy10tZuRod/U0KnkoquheTp8SPsRuVTW8XKMostKC8zscIaohw4yVbtkgqW+UjdZHW2X6Tg+6k01dPRu3yQEmdeOjVTa+pllX2QS5fH5T6hVjam7WZ+cuewK6oLxDVO8NxDXYU2WGGduHsBylyjg1fa+YEO39UUtWBHUjS73Vs0xSjXDICs3W2CGUl0J0OVYJrvZpNtT2eyX8aHRtnH8jdMfVM/uskd8qRHWBmBNsfssvbur4HlrZxpd3WgjuFFUxhwcMH80Mo4HK6L9lkythkwGndS4JnkjzHdUYhjdh0MgGfdOIuEBBiHiAehSto+M2jUMOpvm3/ACQZPKQTsPVUUN9kiIZIC1w/qVhDfoZdIlbn3U2sY5phqiKlqmeHO1soPIcMqnl6TEUvzFhrJKSUbhod5StDE6jqQDsfsmyUs0Z8SB+pvbB3CopYZFoeteorA5tNe6V1RGNvEaM5C1ds6ust7YBDKI5Dy0nBBWd+acRomZnHqMqvqrRaq1/i0cnytR/UzyglVnAxL9G/lbqwW7j2UGtoKWtgdBVwMlY4YLXDIWNbV9YWXSISKuEd+ThWtv67t0umC6sdSzcEuGBlHGcoPMSOP/Mihv8A8JLBcoXfJRinlO+3GV5ne/hR1BaJHvpqczxt/pC+iIpqeqaJKWeORp38rspxYTs9hI9F0dP5W6nhPg5mp8VprnuUcHyZJSCneYa6mkY5uxBGE+GloJDhuy+pK7pvp68xeBcKCN432IAx9isPevgVbpYnPsVQIHZyA9y7mn82msTRwtV4SSea+UePxWimfu1+Puii3Qt2A/NaG7fDvquwyO1Uz5WM/E0bEKlDJOHOwe66lfka5rKZlXj9vE4ghRNGC1oT/Aew+Vu6NpqGbxD9U6Kaoc7TLHjHdM/nNiv4MJdIBorQDpAwh6KgbyhWDauE7akXyy9h90yOsS7Aeg/RUO17+ThCdOQcY3Vy6nj50coEtvgI2GCtC1sGsC5aGaK4SgjPCXjDsn1NDID/AChso5p5/wATSPzRx1MX0KWmlF8oeZznlcFS4fhCCY3N5JTdQHKOVjZSgkSDUk42TXTE/mhpxGUHyMOMMjxK/wBU/wAVxGChImArVn7D+NnCNW+OE3XnbHCImeH7qnMnxhA4nskQT2SaD6ruPXdX8gahgenoA+yfrb6oG9w1RSDbJEgIPiDOMlLWPVR8dg4Hl7yRpOETfbdBEjRyUx1dAMguUckXgk6/ZcL89lCfXZP8opNq3Dctyq+QhKc9/ZuUmtediUyOqHBajGZpAw1TcgoxyPbFG7DpP80Zr6dg2fj2womSlrHom7sBMluqmcM3Q3VVUdm8IAfg5wiNlDRjSl5wUjgfM4+dyK2BpGp5/dC8Qei74xxjCmUMDB7WnAakYmuIc9wwo3i+y6Hl+CEblgvBLxA3aMAlISnGNKjtcAco4lGMY/dDuSGRaYRrynsBJ3Sijc8jZTRC2EBxGyuU8dDowbOQt2GVIcOMKLLcKSIbuxhVdZfC4aKYZQNhxlGL5Lp87IhlxGFFnuzQNMDvMoVBbLtcCJJ8MafUq+ounqakcJHOD3AdwhzyG5uXESrjir61w8Vp8PuFZ0lrijAd5sj3Vq0x07MBox6qhuHUUVNIYogD75RrkvKjzIm1NbBQt0vH2VBX3b5kOZAcZ2JUGoq5KuUyyPLs8b8JoIA4V9GO21yf2sYGnvz6p4IA4QxICcBSI4y4hQTzLsaA47AKZTUrnOBxhEgpTthm6uqGhdlp042RJ4HVUObOWy35wdBGFp7bRZIyOEGgpAzGWjJV7SQNZgjugkzs6bSqIWmpWsA8qnRjSBgZQ24aMBcL5Ds3ZKbO1p6lFB3zb7IZLuy6ynkdglSG0zfxBJlLcbYyUQDPMeMqQyPbhOMUUA1bD7lVtd1LbreP5kwz6JMrYx7LdqiWJdEz+9fpQnXSjgPmkCxlx638SUilhDxxl3CoKqtqax2uSV2/bOwSJ6uK6ETvTX2m6r+ubXQuLADI4cALIXTri6VbntpmNga7uByqmWFzyMNyTsFOtPSV2vExjpYS4N+rY7LNLV54yYp2Sl2Uk1TU1ZAnkLvuUSltFdV4+Vh1Z7L13pz4LyaxNc3NG3HK9BtXR1hsjWmKnYXjuRlZp2qQUK3N8ninT/wku900vq3OgaRnK9N6f+FVntOiSaATOx5jJuCtnJU01O3EeMjgAKHPdJqgaNwEl3JGivT8hWw0NuYIoo2RBowA0YXHVeeOCqueshiOqeYD7lQZb5TkaaYh59wqd/Btqr5L8zawTkcKFLWRRZL3b+ipjXXCp8hDYm/4RglFjpaiTSSSfcpEr8mlJQJElydIcQ5CHpnl3eeVLp7c4AagAVYwUIGCAq+QJ2qJUw0D3HOnn3U2G1yHGRsrSKlYBs1HAx3wq3tgO5shxWyEDcb/AGUhlK1uMBGY05wBkqXBSTTcR4RR5AldhckRkbWjHC7p9CrWGzOeQZRsszfPij8JOkozLeOsqBunlsT/ABHfkG5KdGpy6Md2uqr7ZZCNx4GcKQym1gHOMrxbqH+2T8O7e4t6e6cudzLTgGRzKdrh675P7Ly7qH+2N8RrkdNkobfZ49/7lpc8j01E7fknx0rOXqfP6WjuWT7BbRAjc/nlUd0636C6b1fx3rG1UZZy2Wo8w/JpXwR1P8TviB1g3w7/ANV3KqZnIjfP/L/8oOP2WWc6WV2qR5JToaXJw9R9U5f+jE+3r9/ao+Fdndots1Zdnk//AA8ehgH/ADvICwd8/tvV4DqTp3oqkjDfplq5XvOP/CQvmIRYASdGTp9AtEdGv0crUfUOqu46PWb1/aj+MF41Cn6g/h0bs4ZSRtZp+zsav3Xn9465616jcf451Rc6wOOS2SocQfyJVSGAY2xhEwCBgYTlporowT11935zf/cEGnG+T7roB9EXASwExaeKM8puS5Ywx5+oJeGMYwnruMpka1HoQ8ZN69+lRKicR4y4DKUtQ1g5ys9X1xmkIbnY+q+mSng/OEI5YO41XzM5IzgKA8BoyiOdncqLPONgs85bjbXHAGabB0gITGE7ldc0vdnCkwx7DbGEKWTTnahRRluymxR4AJTYolOijDQnQhkz2WCji04yjYDQkAAhTu22WiEcciH93I2WTOwQkzfOSU9EEJJJJQgl1q4utVogvqS0+6TURrfZaElggxrXahsijhPDQE0kDlA2WNIx3UOsqwwY9dkeplbG3U44HKrRmWQyEbHjKRJ5DgsHWt1HOOUVjE+OPgAIzGbcI4QyHOa9DWx7eiI3AzunAaQm4K0xiKlIenJJqgIkkkkQYFFJwMrqEqbwX2OBxnZdAaPO47BMaM5BKHUSks0N2ykznhEwRaqczTYZkAbJwaAMkpscXdwx+aZNJtss02MSyBqZNPtsqiol1OACPX1AIMYOSq3cnJKyWS3cG6mv2w+2EItK6CdjjZPa0EZISFldj+hJJJKFiSSSUIOSSSUCbwJdAOUgO6ecaeFAJTx0IAJyHg5RhwrQEXkYeFGed8KTIQQovr90ix5CRxxyASjRMAOwQo+6lxNwckKRWWW+B7GgBEamrh4T30KaycldgYBUN5yUWY77FCYCXBJk9zwUo4Otai5HqubY9E+ngMhJHZSX2ofTVK2W2I+IEHOMqdSxeK4MA3dthMjjDBjC1PRFjfXVja18WWRuwMrHZPJ6zQaWVk40xNz0bY22egY5zAJHNUy810scIij21kgnvhTJ5mU8GfpDWrOPnlq59bjkZ2HoFisf6PoMKo6eChEdSsPJCsI3Bg4QomADYYXXOz5QlDo8BomGeTJHlG6NJ53YH5BOpGCKmJfsSFymHj1A2VN4NNcc/wCSytdOWxtLhvytJSMLY26gq+3RMLtJbsFbEho2CzWSydfTR2rkdLM2OPUcDAPKwVxrp7hXESOJZkgDOwC0l+uLYYAw51O2ACzMUeDrcNykSlkK6WXtRJpKcPlZCwcla6khEUYAaBjbZU1ipC5xnc3Y7BXz3iJo2yslkjXp61GORlVNoxEw4JT6OlOPFkG/ZRoWGpqMngHJ+ytWkfSPyWWcsm6KycaA0HAVZNO6pkLWDIbt+al3CpEMDgD5nbBKw26SR4kftk5JKyWy2ofFNtJF9YaAUVEZntxJIM/YeiVZVF7jGPzR6upFPFpbzwAoVOC92pwyeSsEp7nlm+EdoakjJfnHsrF7hE0bKPHiMZ04VV1FcxT0u0gYTlJxvfBdktkdxRdUXj5ioMLD5WbKia44ye6A6Z0sjnvOcnKJrDgE+EMHIst3yyHa4lwa0bnZaCljFNTgEDU7cqrtNL4kvjOHlb3VtK4ZABS7+ejZpYf1MWTIcBarp63CKISOG7t1QWilNXUhh+lu5W6o4Qxoa0YwuZdLB16sLkMB4EJlI+lZOGml6ivROT4bXaVddSXD5em+Uid/Mk2AHui2SiZY7X8zM4CaTzDUFjc+S5vIupKxlPDDaaYgCNoDsd1m3kudpbvhGqXvmldK55JcSSSi2uhkqapoYMhvKiZC9sdKy2W59dMBreMhZO4V77jcMNOxK0nUlzbTUpo43AANxhZq2Uge4VMgOx2wjKTyW9vovOxjRuTuVpoQc49FBtdI9gD3N5G3sFashDgEq1jVx0PZGA0Jzn6BkhODMbBZ/rW6C2WpzWPxPKdLQk8yZJy2LJkusb2blcvlYn/yYPLsdiVTxx4GwUQOL3anck5KtaCAyyNjAO5T4rYssyubk8mh6PtInqBUPGWtGSvRqSnDcaRwqqxW5lJSxs0eZw1ErR0sZaRtyseos3PI2AekjII2VtAMYyo0DAOylxAADC51jGrkO1oHATxyuYwu4Kyt5YAQcJqScqKEkkkoQSSSShDo5RgRjlAXQTlWngCYVJcBGNylkIsijqS5kLqhBieuZCad1XRB2R6pEjCGMnuk3PqqyQR5XDwkkqCSBuJJ3KY84aiHhAPJ+6KPY6HZEqRkE+gWV6kqDHSua06Sc7rV1mAw/Zed9a17Ix4THbg5OF0tKh7fBg7pNJLUYc7gYWy+HluidHJWyNy5jsbrCvL5qjGCS5wAXs3T9tFutlPE2MNLmhzj3JK32z21C13yW0DNxgcqaAAOEOnYABsjnhcmyTYw4cAEKLhxdhHPK7gJZWRAd11JJUQSSS4ThMTwE+RlTJ4MD5v6RleY0wlvHUTnPGYg7UCPvwth1jdfk7VI1r9Jf5cqk6WoPCpPmXjD5OPYLRBlGhwGjTwBthRJySeUeVwAxlQnOBPK0qOQwn0jKaX6sjHC7nugueCNJWiupsVb0QLvVNpIDM9wwF4zea+W5XCaVziWh2Ghbz4g3cU1J8uCdTzgLzikaZ5Wsxse6934TS7I72eP8rq97+NFvQM8Cmy4bkbLrpM5JCUjw3DAcADCboMjg1vK9C+Fk4tcfklgt+l4WyVBqHtzhu33V/UTnVjCHa6VlJSMy3D3DK6/zP2XLte6WT1GjqUIYYowS4bKY5wjYCeMIbGBrc4UW6VJjgOEsbZLaihuVS6eodvsCosYy5J2XEuJ5Uiliyd0yBjn93JMpWZAJCJVvDIyQUmDSAAOFEqHnIC2Ux3Mx3cIH4ms5I5XnvxK6l8OF1vgkAc4acd/craXSsNJQyzMxlrCV4Xea6S5XGWeR2dyF6bxmn+5SZ8v+vPNQ02k/jQf3SINO0uOVoLHSOkl8Qt8re6rKKlLzsN1srXTCmpWjTuV6+mOD8/amfoLK/QMAdkOlYZpwMd0qqQOIwFOt0YEIk07la1wZY8skFugBoHZJowMnunA6nLjxnjss19uEem8ZpFxNkeeTTnjcLxv4ndUPnnbb6WXTGBh4Hc+i3PxB6op7DRiNkn+8vaS0DleC1NVNWVL6id5c5xJOV53XannB6WMlBLAxgOQccqS0nCYwAjJCI3Yrizlu5NEZPJZWfJq2tI2Xr1oj0WjLdiRheUWPS6qbsvW7X/851nme68FD/T3EQDHKkUTcO1AIQGVYUTBjICT0z0kY7mCqo8Rvlx2XmV7OqqeccEr1K4jw6WQd9JK8ruut7pHA75OUMm3wcnyvEdpRVX1DCbSgEpTDBGU6jBySmwPI2InRDDcYUWtADfVT2M0t5UKseSOFpRk1X2wZVEEPKNDs8Edk1xyeEgMJylxg4G7a8o0VukMkLtRzjhOdscYwoVpnOdJPbCsXtGMgpM1k9Bo7d8OTtK7fcqa5oc3lQIvqU2D6Qs9kTt6ef24INS0tILUxue4U2pj4OFEGR2WZ8Ggm2uo8KTQ4+UrR4a9rXDghZHWWEEDdaS01Qmia0ncKI00Sy8Mk+GS1wIVJXQYJdj91pC0FuFWVcGo7BMgN1MftwUUY8xYeU2VhjOccojWEVuTwnVJDsYCtrg5yWGDjxncZyu4whNd7Iv5JeMBxJNFUGGcajkHZaABskYIPZZcDJwr221ILAz0VPg20SzwwdbAHDjlZe5QOhlwG7eq2szA78PZU1yoxJG4ad06MsGfX0/JHgzsDhjCYTpP3XXQugdpJXXDJTkeenDHA2Qlwygx6s7lSCBjCFjBKYhM4FzZax0bvCPHutE3BGQcrFQS+G8OB4WqtdXFLGPPvhdPSW5aicvWQ3Q4JWndE8M+icG78ozACAMLprB4zUrbMD4Ixwh+GR2U3w89vzTPAQpIzuzAGI4JRXND254TNBRIzjsoynN9lTeKCSpg8g+nf7rLzQmI6SMFehCHXyMLL3e1ubOS0YBSJV5Nunv9MoWyFhGApokbKAECSDHAQY3FrsJNsODs6e/GB9ZStLctCpnRkOI9Fo4x4rVCr7aSDNE3B7gLDNYOjKG9b0VsNS6BwI3WntVSJ4gdsrKPic0kEI1BXTU0wLTgdwgU8M0aa7a0mbJ4xjASdvyEGirG1IwRuFK0pje5cHag8rJEmi1DOMqC+LG5CuQ1pBz6KLNTasloS5RDccorQ3GcobQQ4Z91JkYWnhCI9EnAtrBxSqCtkpJBg+U8hRSQOUlQcJuLNgxonjErOCMqPLFk7jhVNpur6Z4ikcSw7fZXxDXgOHB3CM6FUlMqqmmB/CoL2GJ+wV3PGQQcZyoNRBq7IQp1ZARPDsDCc+AEAgIRY6JwIG3opLZg9oTa5GadXBXVlFHURmORmx49lm8zWuqLN9IPfghbR8XfCgXC2x1kBY9gDh9JHOVqjLHJytXoYzg8gaCtMzdbJMfmrNkrahng1ABB7rIN8a2z+HJkDPKvqSuicxrid1srt9M4eNsdrCFlRZ6jxI3F0R7dsK9pJWVjA+M88j0Vc9zayEs742UOiqJqKcNxgenstkZA4cWaGSDAzhRSMZBU2GRk8escYQ3sDd2hPxlBp5K+aJr2lrhsRhUF1t4hZ40bds7rTPOdsYUaWJj2ljm5B7JM4A2JejIk5TdPurG7W5sDRNADgnBCrsYyCs0oZMrR044Ka5mF0NyV05aMeiRZWEAI0lOG66WknYJuktPCS1groKwgHdTqS4PjeADgfdVpOpLf1RQscHwBKuM+zXU1ZFO0BpyTyuT0UMwG43WahqnwEaXYHdXNFc4ZyIy/cDuVurtjLiRjsrlB/aR5HPgkLHN4KkRTHLcKfNSx1Uelwwex7hVcsE9E8F27OxTWscoTnPDLWGXW0NfwlNQud/NgeARvhRo5I5GBzD+Skw1GcBU3krGOQHmewtP1BKne6F+W8qW9jZBloAd6oJiySMYIRJ4F5z2aG13uKeL5WuHGzXd1KmpQ05YdjusnHkkDOD2OVd2y7yUrRFVN8RvGe4TYTMtlUk8omGIO8ruVFnoQPMFevpYqmAVFMQcjOyh6cnS4YITlHIlSa7KmOaWilbJDlrh7rXdO9XukeKepdv7qgq6MadWnCqSx9NJra7golLYwJ1QtXPZ7TDLHUMD4yN+yfg+i806d6snoalsdS4mN23K9LoK6nuEIngIxjJ3To2Z7ObqNLOLH+GfRcMeOyOGYPCWkHstCOe8p4ZFMY9Ezw/RTNG2MoWgKSQSaIzoRIMOGQq+e2uY/xaQ6TnJaTsVchpAI9UwMSnDIxTwUzZsEMnYWO9eyOaZsrRnSQfXdTZKdsow9gIUV1FNAdUDyR/SULr4HRuZnLv0hT1BdNDGIpOcs4/RUDqi42ciGrhc+MbB7eQvQW1Bb5JW4/wAkGtpKSqYQ+Jpz3ws7rw+DTXqHnEjL09bTVbQWSNcfQ8pVdvhqm/SAT6plf0m+F5qLe8tPOAUCkujoHfL3M6C3bJCXKO54NKtjHmDM9dOl6iJ7pacDB5CpYpp6KfzA7bOaV6gGxTMDonte0qnvHTlPcI8taI5Bw7CRZDHRoq1bbxIoG/LVsXiMxn091Dmpyx2Fysttws7wZAdGdnN4U6krIaxgZK1pP7pUlng1qzjgrHszjdRnsJOyuquh0DxIdx6KA6EuwgcWg4WfsHT1ZYNEu47FTodFQMDDgexVbIzjKbFNJA7LOEnHpjGm+iTWWdr/ADQ4Y707FUzqaogeWysx7+q0MFYxzA4nc8gos8DagAloU2hQslF/cZwOe0+Ulp9QcLVWLrqW3sZTVocQ3YPHOPdUlXa5YyXxAY5wqyYODsPGCEUbJ1vgKShauT3K1dS0tdG0sna7PbKPcLVQ3aI6GMY8/ixuvEbdcKu3vD4JXN9s7LfWLrmOYMgqYyx42LidlrqsjZxJgudlDzHoLV9P3G2SmRgL2d8bobZM/dbKmr4aqIDW1+RwVBrenqeqzJANDj/SjnQsZR0dD5SDe2XZlKqggqh5mNB9cKIZq63OacFzBt5T2VpV0VVQSFkgO3dDbI2QaHtG/qFitoO/p9V9ylWwlFeqWqw17tD+4K03T/U9x6fm8e3SjBO4JyFhqq0NJMkBwedkKGurqB2mXLmhYbdNg7+k81OpPnDPpzpj4g2zqNjYTpiqg3D2E8nuQtIyUsdqacEL5aoq8nTUUs5ZINwWnBBXp/SfxSjZFFQX+NxLcNFQ05z9x/qsM62j2Xi/qKu1Ku18/s9e8WKYYJ0uPrwolRAW+49lEjrIakNkppBJG5uoOHdTIqjIwUprB6iGohZyQpBpPGCmFuRyp8tP4o1NGfsoL2SMO7MIMPORqaa4Kq62G33BpZNA3UR9QGCvOeqPh/LSMdV0h1NBycDfHuvWHuDsZCDIW40uaHA8ghHGbRh1Wgr1UdrPnzwHRuAJ3HKkxTGNwHK9S6i6JoLuwyUbWU1RzkDAP3Xm9ztFXaqh1PVRlrmHGcbEeoT4zyeO1fjrNNPallEimqSQCQp8U2cbj9VRwuIAKmQ1BBGyZlGHDXDLlsu2SrC23yrt7v5TyWHlpOyomSl+AdlJaBgFRrI6m2VTzFnodBfKWsDNTgwu91YEZ37LzBkrmkFpIP3WgtfVlTTBsVXiSMbJMqs8nZ0mv+7bYaSSkka/xqd5jd6A7FT6GuEg8OXyyDYg91Gp7hR3CMSUrwQfVNqKQTHUHYcOCNkpxweghbD0y6A1KPLDgbDH5qtpq2ajeIqpznN4Dj2V5G+OoiDmOB9UlxHRlGfBlrzYoa45DRFJyJGjBB91XUXUl36emFvvbPFgjOBNj8PZbeShDxqwoVbaYK2MxVETXtIxuOEvANlWOV2Bnp7J1VQ4donicPbIXmHUfQNz6bqRdemJ3MAdlzWnsPZag266dJ1Rq6F/i0zznwhucLQ2rqG3XtphLQybG7HbIGsmZwU+0UXw8+PDqWaK0dUNLZWnR4hONuy+g7F1Y2rhbPRVQkjdvp1Zwvnrqj4b2e+NMscTYpxkh7Rg5WJt/VHW/wAKKsvqp/FthcGtIyQ37rPOG4y3VuDWVwfZfUdjsvWtnfbL7Qx1UErcFrs8fkvj34uf2arx0aJLz0o+S427cmnA/mxY9877f5L3X4e/GWxdUQsbDWtZNpGWk8nuvUKStpLhHplDHNdse4P3SmnHoxX6SN6yfmW5mwyMobYyXADZfbvxY/s0dL9cyPu9ocLfdCCWyMaPDcfcBfJXWHQnUvw/uptnUlukhBJEc2PI/wCxVKeezh6jx863wihZI+nw5quqCsjqWABw1DlU7gHcjZMbE6lcJqY4cORnYhUzHDMHg1ROjdEbIdlT268x1R8CYGOQevdWYaXYWecc9Gyu3PY6phjqozHKNQPf0VG6Ca2ylukujO+Qr4eUblClijmZoeMgpDjk0xljki0lY1+CDlaGirHYGVkainlt0okhBMP+RVpQVviR5BysVtWejdRqMdmvgqw/G4UyGoIIOyy9LWnOCVa09UHYWGyHo6lVxooqrUADuUUbZVPDUYICsoqjU0bJDi0zYpJktkvbCBWUMdUCR5XJwOMpzZAdkUXjkJpOODPvlqLVODgjB7LS2+609bC0ucNXBBUero4quIskHPB9FnGulttSW76QU3cmZJ1OPBqbrZKS6QGNzWgng4XmtzsNXaKpzHNPhg7HGy9Dtl3iqR4TnYONso9bb4LjC6KYAg5wccJ9Vrr4MNtClyjyaopTp8SMcb4Ck2S/Op5RTznbOASrq7WKW3yODWuLf2VBW2Z0mZoDpfzhbYXbjmX021f6tXaNbJT0lxiy5rXAj7rD9T9IywNNVE1pHq1uEez3uot9RomcSwHBB7Ldwy0l1pdtLmuHHotun1MqJpxE36fT+YpxZ/uHhT2PieWvGCFwbZXpXUnRTZ2F9M1odyCAsFU2+agmdBURkObtwvQafWRsWUfO/JeFt0M8WcIri0jsg+YvyVPLW4OOFH8MnstDsUjjfBJPJJo66WmxodgLRUF3ilw2RwBWQeDsl5j+IoJ1KZpp1Mqej0iCbU3VG5SqeulYf5jsgLCW2+y0obHI4lo7rR0l0palvleAT6lY79Kn6PRaDyeMTTNZTXVrtOHbhXdHcmu+ohYaOTQQWu/RWMFfpwCVyb9FF+j1mk8w12zdw1kZxh26MKggjG6ydJcBt5lawVwfjO65d2jwen0uvhbHOS+bVu74T2yh+xI3VUypyAEVkud1hlS4nThcpoJVWlspMtO4AnsoL454DplYSArKOqLcAlPMjJRh7QQlNNDI4KjDHeZjtLh6bKTTXKtpHAPdrYizUEb/ADRnBUYwTMOk7hLktzGqWx8F/T3KmnYNwHFKQB/ICzwGDqacFWVLWEsDJTx3S3HHQ5WZBV1opZzqawMce7dlAEdxtztULzIz0V+10Uw8js4TXQtcNLglNZC57RBouqWscGTNLCr+juoqcPiqAPbKz9XaqaXcNwT3VeKKoopNcbnOb2weELgh8LZL8jemogqPJVRD/mAQ6qz1GjxLdUtcP6SsvSXyWPyTNJb6nlWtNcjs+nqMe2dkOwerk+gsNxr7fJpqGOYR37K7t/UR21PH5FQWXCCrb4VbED7oMtngkzJSyZB/DnhLayOjLJqYbzR1DtLw0E90aSnilGqLQc+iwj6WppnF0bng/dFgvlZRuAcTt6JTgxsbor8jZCWspnEgkt/pO4Q5mUNxBbW0sbi7uG7hVVF1dQyYZWHQTsrhrqOrYJaeZhB9CheUMc4z/Er32F1K0yWuvljcdx5zj9FLg6g6jtUTRUQsqmgbkDzKQKWTs7lNPiQnBBKiJKOeg1L17ZZsMrWup5OCCFoKa4U1XGJKSqjladxh26xlZbrXXAiana15/EBgqlqOn62gBktVXK3uAHFMjLItto9cjeJWeHPGHtI4cMhVF76G6TvsWmptvhyf94zY59V57Tdb9aWRn+/UYqII9iQN8LQWv4uWGqe2CrD4ZPxZHBTVZODzFme2Cs7Kq7/Bqspw+ayV7amMbiNzcO/zWFuNjvdje5t5s80UYONQGV9D2u+2KvY2SkucbtQ4zgqxNNHNE6F0bJY5BuHNzlbKvIWQ7M0tND0fLrae2SjUO/uuOtmd4JyGHjde+XP4YdLXKMkUTKaQn64RpGfssbdfhFfKLVNaiKqEcDut1floPhip6TB5ZNT1tOdwXN9RuheLKD5wVtK6wXy1ktrrXLGAdy5uygSU8b9nsa3HOy0x18ZiHpmzPMkzzsieExwGcBWstnbJ5o2ZJ9FHdZahpyCcemE+Oqa6B/iv2isdRxO3LMoMtuhAyBhWclJVxHYYwgPeRs6M/onLWvIuWijL0VL6ZzThrSUMsc3kK1fNTbakNj6V2xG60R1qS5FS0WPxK4tcNyneb+lWXysUnm0lIW+WX+7jP6J0dbB9gPSy9FZkjslq9lLqbfVwM1CEkewVW6rcSWBhznjCbHUKXQmdTh2gwdgjZPL8DjlQXOq3bsZgIRhrHnGvPqE3Jnk2iwM4J7LjpzhRWwyDd/P3RRGQFe9+ikt3Rx1S8Hhd8Zx7J3gH0T/AcDwglLIarbB6nH803wv8IUoQDkhODA3hVll/ERBF6NRGwnP0qW1jQeEQNGOFWSfER2Q7bhGEe2Cn4CIB6K1JoOMNoLw/ZLw0bI9V3I9UfyMLaB8E+iXgn0UnDPb9V0RE/S0oZWBKpsieAf6f3S047qyhttTN9MYwpcVjeXfzWgBV8y9jFRKRRaUSKmllzobkLRttdLCMuxt6pj6m305HnDSPRErl6CVS9lXDaahxBecBTW2+CFuXYGO6jVPUQbltPGfuVUVFdW1bsb4+6pzyFiuHRb1FfSUg8rsn2VZNfJq0mKA902jtdVWyhhacHnK0du6bp6R4lkAcfTCtSyFhy4XBn6ax3K4ODnHLTyVpKDp2CliALQ5w52V1DGyNumNoaB6LjyWclFkNUY5YKKNkY4AA4CDV18VO3U54aQq+69QU0EjoWOy4DkLM1FfLVPJeSR23UFTls4RZXe+STt8KGTbuVTEFzgXclNLT3CdglMRnlKVnYQYAHZNe0vGxT3RucQQFJp6R5xkIuhcanJkaGmfqzjJVrR0jiW7KXSW8HHlVxTUGgNdp491WUa69O2Bo6EAAuburqjpmjHlUaN0MeA84U6GoaSNGD6IZS2nU02nwTWRBrQBspkTn5Aa3KZS26sqQ13hkAq7pra6mwZiB7krLPUQXbOpXDBGgpaqbB0YCsYqEgB2FErOo7TbgY/FL3DsFmLj1zWSNdDRgsZ2yslmsj/Saoy2mvqamkoW6pngYVDXdaW+Fp8EF7htgLFVlbV1btc8z3E+pTKO211wnENHAZD+LA3Cxz1svQFtjJdy6iudyeS+dzGngNKq36nH+Y8uPutzavhL1FcQyVxZAHb6XnzBbW1/Cmy29zJ7hmeb8QJyFz7dZnsQ5OXZ4rRWuruEwpqSnklkPZoW0tPwivVyLTWl1Mw7knZe0wUtDQwMho6RkbG7ABqMHO2yDj7rK9U/RNrMdY/hdZbS0GcGoeB+PcBa+kpoKWNrIoWNDRgADC5PXU1MB408TO/mdhZ24/EWz0Rcyka6pkbwGnAz90qeoChDJqHVUrMiPbbfZVNwu0EXlnma37lYmp6s6kvTzoEdJG7+jk/moraSWWTXVzPkdzkk7ofnkzXXDbyX9d1PSwSGKnilnf/UweX9VD/ilyq2nSRCDwDuUOnodWBGMK1pbRPs4gAYV72x6kkVTaKepeDUSa/1VnSWlrcENAVlDbg0AEBTqeDRjZTLZatIkFtcMZIwp8VJoHACkQs1cDdS4aQtzJPMyJg7uKKCcmLs1EY/kyLHDjtlSIYHHPlIWav3xa+FvSuBdOsaR79/5dM0zO29gvMuof7Y9ip43N6Q6ZqKw5w2Wrk8JpHrpAP8AmtX8eyX4o59/l9PR+TPe4aGaXGgZCNUusVnhFRfrvR0EZ4fUyaGn13/RfFnU39qH4v8AUMfgQXxlrgO/h0LPDI/8Wc/qV5dcbjd71UvqrvdKqsledTnTyFxJ/NaatBZJ8nH1H1LX1Ufa3Uv9qD4SdLSPgoJai7VDNv5DcRk/8x3H6Lynqf8AtndYXISU/SdiobTET5Z3gzS47c7fsvngQ6RsMIgZjsuhVoYx/M4Wp83qLuE8Gi6l+JnXnV+v+P8AVFfUtcc6DKQz/wAqymZHSZeST6lSNPuuxxEnhalp4R6OXZfZZzKTYxw2CjPaBhTnhoGFDed9k2NaRhtlyd0t9AuYaOAnJFpKNQS6AjPKO6vZOaQe3Cbp905gxlFtLyOwEkklNpe4SZk+idqA7poOVMAfJyFa3UnsamsRxHtypgNPJNrq9wkMbNwO6rXPA3IXWZOS852QZpBjAXv5Sx2fnuEMDJ5sbBQy4yORdRcTgLsceDjH5oX9xq4ijrYsgeXP5qXFFjG2PzXWQHA8qlxRYx5f3ToRyLssORw47KS3YYXQwYyhvkxthaIxWOTM5OTOk+6jPcSd+y69xJ5TUbeRi6Eu6fdJqROVcY5IOSSGTvhdAOVfRDmCkibEDZINUI3gZHGeSEYDCc0D0XU0Df6GHZRaip0NzgI9RJpGfQKoc+SeXDdgO/ok2c8DqxO8WeUufuPRSIo9wAF2JgbyMorWc4UjWw28oc1gxhE0gdk0NIG266tEYpC5Swca0g5IRQBylgLqMESYnpgIPHZQg1JOSUDGrnG67g9gmv8AJG6QjcJcpbVkrIOaVsDNbuew9VAhkfNLgjb1SkdJUP1E8/sjtjZHFszfklZbJNjI8DZ3iMYCrqqUNZv3RZ5NTshVtZLnYLPZPJsphkhzO1PPumDlJxyTlOaDn2WOfeDZxFYCAA4KGiM+kIatFD0kklRY5JJJQIS6GnVlIDuibEDZFGORdggEsj1SPCYM5R9FZH43ynu7roBDN0J/CCctqBGOOc7oJBJ2C64nXjKIxueyzJbmGciacgYUsgBowmRsGE/OHBaYRwgJcjzwhSP0jHqjFw05KgVL9T8A8IbCJ4OOJc5GY3G5CFEckAo5wGpQUpZQN2XEAbKypYBFHuRk7qHSweJNqI2buVPOM+yzX24eDv8Ai9LtXzS6fQelpJKqojpoRl0jg0L2Gy22O126GmGGvxl33WU6F6bLHtutSQcjyNI3HutfcpjBD4g+yxznk9/4fRqmHzTXLIF4uDXuFLEc7+YoFLARiQhRYWCaYPeM5OVaN4wBwkS+460uWOBABTKUGacZHlBTZnY2HfZTKOE08Q1YLjuhGQjkJUHDCxWdtpWhgwPMe5VbFEaqpBx5StDQQAFukbDZKsZvoqbaZY08bImDSN+6fPKGN83CR2aqu+V4hpyAcFZ5s6L+yG4prjUOrK0uz5GbBcp4jNK2Md1Da/VuNiVfdP0heTUPb5QcBIm9oFLc5l7RQNp4GtAxgJlRJqIaOUVzgxjiSgUrC+bxXbgLHZLcdaMcLBNpIhDDqP1O3KKwkDUTgBCA3xnZNr5o4KY6zueFnayaEtqyRJXmurgxrfKCtXSRNpKdoDd8ZKoOnqQvkNU9uW52yrysmxhoXP1MucG7Sx43MZUOM0v2UqlYG4USnbqOSpZd4YHdYHlvBsHV07KeAyEhebXq4uuFU5+TjPHYLR9UXRzIjGDhYsOzvhOqhg5Gv1H/ANODFrLOByj0cT6iUNGfdRS/JxjhX1ophBC6WQeZ/HsE6bUVgx6fNjLOEMpoRG3GcJoJedjklRy/XJgZVjbaXXUsysF88cHd08MI01ht/gxNcW+d+59gtGCKeDXjhRLcwDluNIUe/wBdLBTCOLmQ6VzLZ5NuMIhUVNJer+Xv3ihOSe2ym9S3FtROKSHAZEMbIlPG3p2xNfIc1FQC733WeEpedTtydyVnwUPAJGwWms0LaOiMknlc4aiVRUEQmnDCMhWN/rfk6IQN5I3RklLaZy6TvuNxLGuyNSurZBh8cTRgD0VPaYNZM7xuVr7TTaI/Fc3d2w9gibwRclkxoa0NGyNnCG0Z2CedlnlLJphEc+QRtJPovJ+rbw+6XR2T5YvKB22W26yvH8OtjxGcSzDQ32915fHqe7zHJO5PumVRyzHbPMtoenjLnZwt10TajI410keQDpYCP3WXtdFJUyCJjc55XrNjom0VHHGBjDQpqLFFbSRiWlLABjU0bq1p49OCVCpmEEHCtIm4AOMLjzk2Ni9oaMAYwpDAdI2QmdlJaAAFmm8sP0cYDkHsjgDCbgLqUAOSSSVEEkkkoQSSSShBJJJKAHclLJXElARwJynfhQ13JVkESc7FcSSVEEkkkoQakkkoQGeD9kB2xKOXAg7oDnDJKZAfBEC61HhR615N1hXwzVD9K9M6kn8OmA+68Wv03i1j8HY9/wA119LD7cjLOCd0PbZrrfIvLmGA+I/I5wvZmtOQBsBwFjPhha/Btr6zkzOGnbfC3ekYGyDUz4wLSCRjAXXJNGAk5YGM59nEkklRBJJJKEEhyHAzlEUGvm8Cnc77lMj2EzFdXVIud0htUQ1AOBf6K/poG09OyJo+kALN2JouV3qrjoIY12lp+y1MuzMLXBFEWd5HdRslOqHZfsUxaoxDDNd5XAqJVO8GJ0vojvHG6zvWN2bQ2x7GvwXBdTQVO6xRMWstVNbmzzTrG6Pr7q468xxktA90C2RER+M5vfZVzy+sqtt9RV6A2GJrOMDC+i6Wj4YKJ88tv+exyZHlkc6YgBW1mpDLO0ubsFVMbrl2G5WutUHhUzS5u5ATNRPatpt0FDlLcTnktGAdhsuRtJIOEMOLpGs7FS2MwBsuZJ5eT0qxGPB0d1n7xWa5DG07DZXNbMIY9eVk6mQyzZHcqRWTJdL0cYS5wGOVYwRZAONlGp2A4yFPjGOG8e6fFY4MzeBv0tJyq2qmGcKfVytY3JKz9zrIqaF00jsYBXS0Wnds8HK8hrI0VucujE/EfqCVoit1HMWtdkyEckeiwEbCTqIUy81r7lc5JicjUQ37LtPTmRwa0ble50Wn+GKR+YfqXysvI62d7eVnCLSw0fivDiFpJHCJgaBsBhCtlIynp2O04cQCmVbjrwF1oRwjx9s98jkbBNIAeFctAija0ADbsoVrp9jO9ud8NyppBJySisltRo0lTssRxvdRrncIbbRvq5nNDGDJycBSsbEZ3K8c+KvVsstSbDRSNMYGZe+65Wq1G1ZPa6Wr4oIxfVF/l6mu8tYS4R7hjT2CpnQaMFOYwgg447I2D6LzF03ZNyNqa7GN8o3XQQTynnhAB0uyPVJYUbOS/sG9U38l6/b4yy04PdeUWGECSFwG5duvXoQBamY/pSJn0XwK/wBFkONnsrCgYA0DHdQ44zoLs7Kwt7P5GT+qT7yekhEiXzIjmxxp5/JeX1/1y/mvUr7gW2YnnHK8sreZEL+7g43lu2UFVsQFIt0QLMoFVvj7qxoogIm4HKbUsHlZRzNhwzDVWVrdj91cGLDM4VXXj+U9a8ZMWuWIFWeU7GExPTEeakGppvCeMd1eRyeJECPRZ1XdrkDoNLuUEouR0NDftltCx7O3U+Ajy/moEo3GFIpnEEZKzzR6jTTxLBMlaHtGyguaAcYViDqbhRZ4CSCAs01g6WE+iMW5U22SmKcb7HZRdPukJDE4EJYUXtlk2kQEjQ4b7KNVxZadkyz1gljA1ZyMKyfCHcDlMT/Rta+WGTK1EIbKSG7qG52xyFcVUWirJI2xhVldF4LfEwmo59kNrIgPm4UljtTeFHDgd8IzH5zsqkkhUOwikUMhZKDqUcjIwhxvMbt90qUcmqrh5NRCGzNyCECemB2wgWyrxhp7qxmiMjAQpHs2OKsWDFXemMU+QNiq9rvZam60fiRkgb4WYkY6N2khaU+DzurocJjsFDdsEQOJCGd0UZZMMlwDa46gFbW6Q07tYOMhVWMHKPTVB1YwtWnlslkxXV74tG1pp2TRNcHDJUyMEnKzFBVFpG53WmoZQ8DI7LtVzUuTxXlKfikSg3ZP8MJwZkZH6IgjIT0snEbIj4wOyZG053CmujI903w98huEewnIwNwOFErbe6pZhg3I5U8DHdEa0EaRshlFMZXa4PJ59cKOWjlMcrduxVdIzHmAXoN6tQq6YuDMlqxFRSyRjD24wstyOpp7vk4AQT6HAYVhs9ocByqc5jeDjhT6aoDmgFYbYHpNFcmtkivuFGG5kaM/mql3kcHAZWsmgD2Yc3IPuqWtt7WnUwcrFJYZotpcfvrO2uvMUjdR2WogkbMzUCFh/DfGTnbCvbPd4ARA92/qUcZpGvRanP8Ap2F9oIPskcEYwiMc1zMtGQUwtRnbUcEOppvxNCheGQcEK98IEHO6gVNOdWWtSmkBZX+irladsbrjW6e6NNGTjbKZpwgFYONG5V3Zq94d8vK7IA2JVKBhEBIOQcFC3gbTJxkma+WNpaCNxhRJIh/T+6FZbg6dny8xDi3gn0VlLDqGWBV2dOM1Pop54B6KG3VE8bZVrNEQeOVGmp84wFM7QZQyKMtkb2BTXxYP0oALongY5U6MtkaE1TbM8689lHeLWauHVHgPbv8AdUVNK6nk8KYYLdt1uHxgdtln79aRM0zwNw9u5wtlT5OLr9Bu/wBSsdQ1jQ4HP3VlLTx1cXl55B9CslTyyRYDnbhX1quJacPGQVuhI4Kl6ZIo6mWjm8GdzgCdiTsrhkmsD3VdXU4qW6oxhw3CDQV7oX+DPsRsMrXCeCfjyW74cDUAobxg4IViHh7Rso81OXbgLQ4qSLbyitqYjI3RjOVQV1FJTy6XDY8Fad7D37KNUQMqWFkjfse4SJ14ETjnoy+jC7pypNXSSQPII27FRz2WaSAb28A8DuFxzRjICdpJ7Luh3os8q8gkZwLTsF1p1IxZ675CF4bgScJEoNDDrmHGyawEHbb3TmvxsQnbHBCpN9oD/Jd2m6bNgqXb8Ncf9VeGKCqhMbgCCsQ8Kztt4lpSGTZeB39ltp1HOyZkvo/+pWiTUUVRRSEx5LeydT1WT4cnlP8AmryEQXGHLXAgj9FS3C1yxyHGxG4PqtMo/ozKalxLglRvew6uymROY/BKqaatAAin2cNsqYHkYcx3KpMkoP0SaigyTNTkA+hQGPke7w3ncKZSVA+mV+xRaujilHj0bsuG5b7JmMGeTb4O2y6VNrk3BkiPIytXTRUt1jFTSyDJG7e4WIa8k6H7FGgmrLa8VFJK4E74BTVIy2V55Rr3Q6D4Ujc42wVHqrPDLGXxkNPoVYW26UfUNIASI6powQdjlF8KopD/ADGEtTorcZ1Lbw+zGVlF4LiCMEe6nWLqGts9S1we4xj6mk8haGaipK5m0Y1Y5AWar7bNSyFj49hweyNra8oY5RsWGesWa+0d6p2yQuaHY3bndWWgrw6mqa23SCanlfG5u+WleodJdZU18gZTVTmx1LBg5P1J0bfTOZq9JKK3Q5NBp90NTXRFoBIQtO4WlJNHNWQZjyEHwcE4U5sYI5TCz0VNIJsjGJpSEIajaDqRNA0odqLyVlRQskJIAGVXyQSwHD2am+o3V++P0QTTtcMFuxQOGQ1PBR4a7g/kVEr7XR10fh1EDHg8HG4V7UUTGEOiGCVEkiOfMMIJVIbXbhmKlstztOX0rvHhzkAfUAjU1wbINMv1dweVqmhQa+z0VV5vCDHn8TRgrNKrk0xt3FLVQQVMelzGvaex3WXufTE9O/5m1j3Lc7LVzWyspPNGfEZ+6EycZw4FpSpVGuvUOLMdTV+/y9ThknBaUV9M1wJDeeFf3Wy0lzZkMYyT+sDBWbqKeuskgFQDJAdg7nCXKBthbGzp8kaoo3x7uGxUJ8buMLQtMNXCNJDgf2USehaMaQEmVOeujRG1rhlK9r2cd1Lo6/S0RTHJHBTp6Rzdy3ZQ5YHDt+aRKLQzKmuC6bIycZacqNUWuN7eMn7KsiqJYHAsdsPdXdNWQ1EIdrAcBuDygbyFhwKGejfAT5cBR2y9twtRNC14w4Z91VV1s0+eFnKNRceUMV0ZLEiVZeoq+3nDJi5n9LivQ7H1TBVMYXubqPvwV5E4Pifpc3BCkx1DmAFryMehT672uJGS3TRl91fDPc3fJV8YbLG12r1Co7r03HGDNSuwD2Kxtm6yqaPTFUOc5o2yTlb603ulr2DTM37FadsLFlMKnV36Z4lyZowyxHDgfzXH08czSJGjdbWe3Q1ozgA42OFR1tongJOBozsQs9tOej0Gm10Jx3SZj6i1ywkzUkzhp3ICfT3KeEBtQM+6upKaRpzp2Ud8NKWlk4DR9lgsoOpRrccwZoOmviBcrRK0RzeLBwY3HcD2XrvTvWVrvrAyneWTYy5j+fyXzvLbHN/m0r9Q9inUl0raCQOD3Nc07EHBWC2jb0ev8f52dMdk+UfVbX1DQHwvG/ZOdKyoAjmzG/1PBXi/SnxUrqYshr5fFjG2TyvWrT1PZr3A0NkYHEcFZth7nR+Rq1EFKDDVFuqgNcIDwN9iogZr2cNxyrXwqmn/AJtLMXs50k5Ud4p612tp8KXhze2UB042buSEW754USvtlDcYzFWU7JARjJG4/NWUkMkZw9uR6hCcMDIUyVZWrOzy+/8AQlZQOdUW5wmhOTo/E0LNs1NdhzSCOQvbJQXkAt2WevvRlHcmmWiAgl534KOM8HA1/i85srPPonnZToZC7CHX2avtEmmrhIbnAeBsUOFwdsOyepZOFKidTy0T8gjlLQUNkZO/+qktBbhEg4oUVTU0Lg+nkc0j0K0Ns6uJ0xVrf/EFQuaHDhBNMJCMHCCUVI1VXTqfB6VHLS1sWYnseCOCq9pqrVP48LiY8+ZmVkIJLpQYko3F4B3bnhaO3dUUNe0U9V5JfpcD6pEonT0+rU3h8M1VuvVPXYZrw/8ApKnOblY+pogf51I8skG7HAo9p6mmilFHc/qGwcdlnlDJ04X5aU2aJ8LCcloO3dZO79K+JO+ttjzDIdy0HG/stg2RkzA9jgQfRCewZyUH9jQ6k1mJh7d1HX0M/wAjcjqDTjLhur97bXeYDHKyORrxgggFcu1ko68l748PI5CzzaK59Oz+NADURH8I5ASmhLrzwzJdS/CastM7rr0fWviI83g6sD8lougP7QlxslaLX1tBUamkN8Zxz/8ANWkoOoqKsAY8+G/gtcq/qnom09UQbxRNlxs8N3P5hKccmayiS/2z3/prqy0dSUjaq0V8dQC3UWjlv5KTf+nLF1XQut98o2TwPBBY5oI/dfGLqLrD4YVQrrXXVDYA78LjgL2T4df2lLXcyyg6qhNNLkNEzDlhP2Sp1+0ZIyjP7bOGY/4n/wBlG7WyOa8fD97aumZ5jQE4eP8Al5z3XgFVDU2+pfQXGndT1EZw5jhwV+k1sulHdKaOqoaiOaJ+4cx2VlPiN8G+i/iLTg3m3iKraDoq4GhsjSfU9+Bygwzn36GGMwPz/fBHJ5sYPZw5Raa6VFukEdQS+I7AnsvSPiT/AGfevPh691xpoxdbTufEjGZGAerV5tFUU1SzRIwehDhwlNYXJzHROD6LyOqjqWCSJwIPokXluO6z3ydRSuM1BMcf052U2jvDHkRVhDHjbcJMkSMm+C2BEjdxkehVZU076SbxIMhjt8Z4VgzSW6mHLTxunODXtIc0FKlHI6EsEekrHbZKt6OuyQM8LP1VE6M+LAT5eyVHWuYQDue6yzo3G6nUqL+42sNWCBnCn09buBnKylLWOcAc5yrOCcjBwsdlWODpV6lGqZN4jctPCTZSw5VLSXAtIaXYyrNsoe0O9VknDDNcbdxOjqdWAcBKtoYKyLQ8AHs4chQsgEHKkxVJdgO4VxTQ3iawzP1FNPQylpJGOHBXVrvrCwRVX1DbV6qRU0sdTHoePsVnquhmpZMFpIHBTUjNZDY8o2ThRXGAxSAEOGx7hZK6WKejmcWNyw7ghEoblLEQzUduy0lHWw1kQjlwdu6dGTiIxk8yr7JHUuMsfleeVEt10q7JUGKUOLQdwt9erI6B5qKcZY7cgdlnbjZWVrMjDXhaoW/s5uo0n3fJSuS7oLjBXwtkY5p1DhVl96Yp7kwvaA12NnYWXgqK2yVfhu1aAdwt5a71SV1O0uIyR+a012yi8xYixx1kHVbH/J5HeLFPbpHEedgPYcKpa0AH1C9yutopK+EgMbk8EBef9Q9ISUrTPAzcc44K7Gm1ifEmeX8h4J0x3V9fow87SDsMKMrWame0HxGYUIwHGQurCxNHkNTpnXLKQDJRYquSFwcx+nC4YsdkJzdsJuTM1Kvk0Nt6gZqEcri7P7K/hq9eC05yvPGjB1A7hT6G5VMTsOflqTbSpm6nyM4rEj0OCuc0jcK2pLn+ErC0V4gkAD37/dW9PV6sHsVz7tHk9JofKyUVhm2p7gX7gKxhquCQFiILjIw4Y7cKypbrj+/eubfo0lwj0em8y4rlmyiqIHjDyMp2octOQs7T3GJ2MPzlWFNVEnU3cLk26WUWek0uvhbHOSzbOc4xwjtLHDzjZQY6uIHD9ipLJ2HAB5WPYdKFyYSSmhcMxu3xwohhczjdWDWADOEN0WrgZSmjTF55RFikfGRoOAp8NU1wAed1DkY4cBc37hKccDI247LFxa/ByNkzR2z+yhtlLCAjsnaBnHKpwb6HK1MbUUcbxkNx9lEFLo3aSPzVm2Rp5CG6Np4OEO1F5REZLLEQMu/VS4q+dhDmSEEe6F4WcnCGYiSl4QyNkl0XUN71YbO0ffCmMNDUnUQ3J9FnBE4DjC6A8cOI/NVKrcPVn7LupsVPUHUwhufZRpLPcKaM/KVbiP6QSEClulTT4BdraOxVhFeongF+3qCkyhgZGyL6BQXnqG2MaJMysHqMlXVH1nRSxhtVE5rxyMJkckUwDmEOHdcfbaGc63U7NXfAS9rGfI49FxDU2uujEjKhoBHc7hPfQz7GJ4czkLKzdNuc4mlqHtHomMqOqaDMEcxkY36d1W0JWGimL25jniJHfZUFd07aLgXObE2KQ/ibscqVRdbGFwp7pSaXcay1WkNd0xdH4mlEMjuC3YJhJNTMLN0z1Dbsuttf5QctOSi03xD63sMoZUzSaWbZOSCPut1NZLhTOPyZ8ePGoDOct9lVTTUoBhvlskhYe749v1VPADqbWUS7L8eYWYjvVvDYwMa2Hk+pC3Vp+KXTNZH4sNWNJ7F3C8ol6K6duuXQSNLH7gNdwqet+HV1oJSbRWERnfCGUN3Qpxug+Vk+lqe92OvibL40bg4d8FQ6z4e9KXSMyCliaX7lzNsr5tA60sDNbpJJY+/hk5VlQfFq80EQhqDUtx6uTIN19Fxsjn7lg9XunwTicTJablLGOQzkKgn+F3UtCT4Ub6nH9O6L098cmPjijnqW8b6uVqqP4q0NZMIm1bRnvlEtXZF9jFKEvxZ53VdNV0LSyutdVG8c4iKjNsNO/wArmBv/ADNXsw6pttxZ4U4a7OxPJKDJT2CqAaIoyT6gJsdbJh/FHs8dk6PpJPN4tN+i5F0hRsdvJBj7L1CtsdqwTDTsd6gFUtZabcwHxLdKG+rDq/yTVqpMnwIy9P05bIyCZYDjkY4U5rOnaUhj6im1egUa7WXpWvb8rO2eJztx4jXNH7rMV/w16XmH+6VlVE/1E5KJaiUuxcqnD8Vk2uiwyDZkZB/whV9R0d0zcTllOGSbnU0YysOfhjd4v5lh6qnif2Ejj/1TnWP4rWkiSOpZVD118/smPU2emJaiv9yBoqn4W22cjTVvZj+lUtd8MrnTSkUsrJI/wnuVFb1f8QrRI03Pp6apj4Jibx+atKb4s0sIDbha6qH/AJjlOr190PYt0aa31gzVb0Tf6Yg/JGQDnRuqqW31FK7E9PJGRyHDC9Npvih01UkNfO6LsfEOFbw9T9NVrQ1tyo3g9i8LXDy9sewP+G0z/CWDxlrWtIDm4Ke4MOCCF7K+19J3QZEFK8+sYGyhz/DfpyrP8vMZPGXYWiPmIf1IW/FNfjJM8mAHYpmPdenzfByklwaermZ6ebZQJ/g3e4d4rhA4fh1cp0fJVyEy8dZEwAYUdsJONuVrJfhZ1RDkukhcANsZVfP0V1VDjELZADjDeyZHXVP2L/hWJ9FSylzycI4o43jS5yl/7M9TMb57a/8AIIRsvUbTg2yT9Ci/m1fsNafHaZ2K0xO3DwM+6PHZYScukGEJlpvjPronhE/h13A/uXtVfyYz4iy/gS6iyUy10EbcvwfzRRV22laG+XbjZVUtqvMw0hxI+6B/s7czuR+pQuXvJPjmukWk9/oojiMb9lAquoKmX+7wAgSdO12R5AU9lhrwM/Ly/k1NhKH9TBcLnwV9RW1kzv5kzsfdNawvG5Vk6yV5P/Ypdv8ACjRWSvJ2pZB+Sar6l7J8E32VcVE6V2A32V5bbCGYdP8A5K3tVjfCBLNG3OPKPT7q0+Sf/ThF89f7LjpmV8FJDTjDGgIhaBwclSnUrmYyFV3KesgdopYyXAc+inz1+mOVLXR2suEFDG50z9OB6rHXLqWqrAYqV5a08n2RKm2VVTIX10z3EnOOyE2hbF5WxnA74RK1MXbCzqJW6Xu8zwSfVEjBzsMqzbSjuzARm0jSR4TBtyo7UhT005dlfHC6TA0o0dJk8q2pqIAguZ+StYaKAtBZCXH2CJamEe2HDSMoqe2klp0/uremtzGNDsYKn09puVS7RQ2yaR448uy0FD0D1JU+araymYBnVIcJV3kKYdsfDRy9GYa1lOdORlSo3TVDQ2CDX9lt4ukOmrbpqLpVtqZeMRZKP/FIqUiHpnp57Xt/4j4x+qwWeYqjxE1V6Rr8jPWvom8VgE1cxlLHjJLvRXsUPTFgYA+ITyM7oE9p63vjiZnSgOP050gJ1P8ADS9SEOrZ42tPPm3WG3yu/wBm2qtRINy6ykkkc2iiETfbCoqi63CsyHVD3ezSvRKD4aWiIg1b5JHemdle03SnTtC0OhtrC4dysF3kFLodho8Xgsd6u0wZS0Mp/qc4LTWn4RXetcx9c807Dycr06KaiogRFCyP7BAqeozHtJUhjQsktZP+knRVW34WWC1uEk73VDgP+IcgLRww2ega1lNA3Lewas3VdV0ETsvrC4nkKpn6/wDDcW0dG2QerxykvU2y9lYyegurZHDVFsPXCjPuVJAdVZWxR+pc5eYVvV19rcxxziCN2+mMYVbiqq3/AM6Z7ieSSSg+dvsJQ9no9x+JFjoCWwsmqXNOPK3ZZy5fEDqC4uIoYo6eI/T5clUtPaXOIJH7q3pLTpAzsrc9waiipkgrrm8yXKrkkJ3xqOP0VnRW2NgGIwNucK0gtjQAcYUtlOyLBARJNlLCZGpqM8acD2VjTW+A7yb+y417GDOnZQq7qKz2iPx7hXMhZ6uK0QqcukFO1VrMmXYjp48BjQMe6ksGoYLtI9SV471D/aM6UsrnR2yjkuUrTjBOgfcHB/yXl3UX9oXr29NdT22s/hUJP/APnHtq2WuvSWzfRy9T5jT0rGcs+rLhebFZYhUXS90lOwd3vwvPL/8A2mOhLIZIrXT1l1mjOMRsMbT76nDj8l8oVtbcLnO+quNXLUSyHLnyOJLihCHGCVthoP2cHVfUdi4qR7Vf/wC1Z19XOI6doqG0M30v0eNLj3Lv9F5hfuvus+pnPN9v9XVh51Fj5Do/RVGM4ynOYNhwVuo0NcX0cO/yN+qf3yI7WEkEtRWRnbZFbEMjbKKIm4+n91uhQo9Gae6ay2R9DSNwu6QjFp7rhGE/ZgW/7g8BLARQcrmpQvILSnEBoTy7bhR5pA5uFBdk8IDNNp4UYZe5dcC9+Mo0cPBIUSyZHLJ1rNgSE7ATg08J4j74TVEMZgriPgAIJ5RYI5YOJqdnfCapgX8mXgHv6p7Rg8rqI0HKDBa5HMBwpDQ4bYXIo/ZSGNAHCLaOiiC9waDuOFDfl5xnCc/LyN0nNJxsvcNZZ8FSUVyJkYP/AFUmCPS/ITIoyp0MenlNjDIucwsTG4T2hc7BckcMLTGOFkRJuTHvfpCil+/Cfr3x6rgAHHdWFGIJJd0+67oKvAQ9NHKWCnIiDgBhLAXUhuoQ6BlFZHtkpMYOSEVX0KlLIPT7pkh0hEcNIzlU1xrtzBE7fuQrnLAVUcyBVtW6pl8CA+UfU71T4o9GMd12kow1oc4DPKkFnbGMIYrPI9tJHGdkdoACGGkEYCf2GU9LIt2egmAupJIyD0xPTFCCQQw90ZcPChAI5SxnddP1pM3I9kuxtdEHs8oGpQK2p8QmKInA5IUqplayMZ5PAUAM1O1ELLOwdBfsJTxjYIVyqPC0wMO55RTKIWknhVUjnTymQ8ZSrJ4QyMOUzszgyMuJGVTyOLicnKlVk2CGA5BCgrLKWToQjhJnMb5R2AYB7pmN8pIA3yJJJJQsKkkmoUsklLaOXRyuNBO66Aco1HIHoIB3XVwcJHhEltJ2KY7jBT4W9yEHBLlKYMNCoHJxwAGyiybjCPIR6qLIUiwJLKGD6ypMQ2GUFm54UmPAAUrQTXGApAGwTBynHdcefKtD4FSTQ2d+AMEcKHgk7p0rjq2KewbAhIlLcyLkTQW5XdZccYwn5AbwnUUXjzg42aUm17UaKKXfNQRYwRtijAAxkZJVl09azc7myIgmNh1OwOfZQJh5g1nPGF6f0VYXWqifJUAePOATtu0f9Vz5vLPdeL0ktRbCtr7Il5RwMpKZsTQAGhUlzqJpqgxl2WjgDhWtzqRBGWsd5sYCpo2OkfqO57rNaz2cpcYj0HghaxoPJUkHAJTIxthcq3+HTkjkoSxRN+ZqWtaMhm5VnIdI0gcjZBstN4VM6Z4yX7hTIWiSoYccIJy2mqmO5h7fAYogXjzFX1DG1sQPc7qvjZqkawN2VuwNYzZJbydamO0c9wa0knAWNvlZ8xVCKN2QNytDd6xsNI7JwcbLHA5cXnclJmy7p5/00S6KndUTsgaM6juttFE2CJsTGgYGMBVPT1vEcfzcg8zht7K5dws1rwsmrS145AVLzoLB3RqQYhB7qM45kClMI0Y4yFik8nQisskDPIVZczLUV0dOwagAAAOysTK2Clc4j6AoPTsMlTUS1kgO5OM+iRY8Iclu+001LE2mp2RNwNI/dAc58khLiizSY0geibGBnhc657mdCCcVgkQswModxq20cGsuCIHhrHEjZY/qK5SP8SPVnHASoRyS26NMN0imudfLV1Li92QScKHO8Qt3G5XYjqJkc3jhQnPdUz7774AytkIbVk8zZZvsf9ywtMZrKjBHlYclaN7gxoaOECip4aSlHhN5GSe5KYCZ5A1uQs1s8PcdXRVYWCbSN1vz6LUWSjw5sj288KooaZmhoA+62NppwIw8swAMBcnUW7md6qO2OCxgYGRE8bKot8L7vexO8E0tL9WeHEdlIvtW+ko9MQw5408pznx2Hp6GMH+fWHOO/wB1hsY+KyVvUdwNdcDHGcRxeUAKCG4AQBqc8lw3J5yp9JTmWVrCMg+6OAJZ2aNjIzPjLs4VFe6t9ZWGNpyAcFXt1qGW2gLWEBxGkALO22Lx3GeTkHP3Vimslzb6baOFjdzjK1EbMNbGPwjCq7LTkB1Q4bcBXcIxjbKVZ+hsYD2AMbv3TJCIwXO49V2Y5xhZ7rS7/wAMtTsHSZDjlKjHLClP41kxHV96fcbq5rXZhi8jR2yO6rKR3maSFGYDO/Wd8nKurXRtmnjYWbZWmK2rJkxunuNd0Ta3TPNRI3DM7ZXoVPGHOAGwCprNStijYyNmnYDZaGCPwwNsZXP1Um3kek0S4GjbbCsGgABRKdpGDhTm/SFzZ5ZcnkcOVJZ9IUYcqSz6Qszyy0dT0k5QoSSSShBJJJKEEkkkoQSSSShBJJJKAiSTUlChySSShSWBqSSSgQxcPC6mlwOwKtFx7AOJzjKHI4hPduUKZwa0uzwnVrdwaI4wYnruukiBjD8bYaF5hJmsro6Vo1vkcG7dyThavq25yS1sxc7YeVoUPoC0G49TxSub5IMvJxxsutW9kMAS7PVrHb2Wm0U1IGAOawE/fCtI260GQ5fpH5IsZLVjslljIpYOvGE1OeQU1JDEkkkoQSSSShDh4KzHWNXJDa3tjOkyeTOVpi5uknOywHU8slzvdPb4nh0TCHOHumQKJvTdG2jt7GBuC4ZJ9VYVbsMDcp0bWxRBg2wFDqZMnC2VogEnLspztkxpyUR5AAW2pZZTeEMM/qMLyr4iXdtTWijjefJ9S9Iu03ylFJVDfQOPVeH3ipdWV0krnZLnE/uvUeE03+rvweY89q9lWxew9npzl1Q4bcBSaqbTKGD0TqdhpqDWeVBDjJJrznJXuIYSyeHhN5wXNsgEtQwHfda0x6W8qm6epW6fFcOFfg5GQuTqrMzPYaCrZWmwMLMyZxwpmBjHGEJjAAhVcwijyDusxvlLaVt2q8hzAduAqYjJB7o9XJreSTzuhtGXgLRAxze6WSTAzGFLcQGccIdOwgArtY8iA45WmuOWY75bY5K6vmDiACF571/fG00baCN3817STvwFrq6p8KF0zj9AzjK8Yv1e+53WWocSfMQPYL1HitLxvZ8k+uvqB6ej+PU+Zcf9AFLGXP1Eb+qv7LSGSoaXDyjuqikhJaMclbK00nhUrXOb5iM5Xq6Iez4PqbfRNOGN0jGygP8A502kBS59tieybQw6pBtytnEUZYR3vBYwAMhaA3AAwudyfVEOB5QMAKLca6G3Uj6yf+7ZysWosWDu+OpxJIz3XfVVP0zazIH5qnf3TB/mvn4vlq5XVEz3PkeSS5xyStD1jeZupbs+r1OEDfLG0nt6qlZGGjYYXndVfvltR61R2oEGgJEDC6RhLK5uCsgyEPhwRyByh9/zQPoOC5RrOmmB8kAPqF6xJgUoY0YAaF5V01/fwD0IXrL4SYGtHdgWaZ9O8FDNJHawCi1d1YUTAKZqiCMiiweQVYULHFrIscjlIfB6KtFL1O4xW94x9WV5jWf3jh6r0rrOoZBTeC7knZedTsJfqwrhg4Hlu2Z2ty1wGO6tqZv8lm2NlWVjQ+pcPQq50mKjGR2C0RWDzcFmcmOIJB2VTXD+W/7q90gsG3ZUlxGI3/daocmLyMc15KddwUhyjgNDM4TIpM8pJAwCeymUMzo5msxsUGBoeTkJ+nwnBwGSi2fbgGux1zTLx8YIyE2J+HjZDpZ2yx4Dt+CCnnykLJZE9Vprm0pllAcgFKobluwTKI5wprm5ZkhZJxyehp+9JlQ9hB32XHt3ClTw+YYTRGCNxlIYzGGGtcz4Zhg7EYWwpZRIwEnOVjIvK4EdlfWqtALWFSPLNVE8cMfeKItBna1VDqcVFIXu2/0K1lTG2qp9GOVn2MNLUugePKdk8DU1f1GeMZYS07YTmqfdqMNd4kbceqronYduOVRha2MltGQmP8pzhGjwQmvHohfI6LygtLIY3A+i0NJJ40WPZZhju6tbTWlkvhvdtxugjE1VWc7WSqymDvw7LL3ehEZMrQtpK3xG7DsqWvojKC07JsGJ1dO+JkQfVddsi1sBjmLQMAIDe6OLS5PPWVut4Y0jKG3MTsgco3O6YRkrRGfJlaJlLOfTC0tqrtmNJGcbrJxZDgFaUzg3G5XS092Ozja/Rxui8m9o3NljyN1Lc1pAAWdsdxDj4BK0Me+2V1q5KSPn2ojKibjJC0BcdGCMZUkDbjK6WZ7J4lWFcYiHZA2T2qQ6L2QywoJLIxcixnY8FUfUFgE0JqKYbjchXoBHZPwSMYSbK8lxvlVJSR5TVweHnUMEKNBO6N42W36nsLPANXCO+4WHfHg/SsdsGel0WqU47olxTytmZg4Q6mnDu2yhUkhjcBlXTAyRocFgtryer0dkdRXhFDUUfcN7KvMZicMNx9lqZoA4Y0jhVVVSHkBZJJpjXQk8osLRdPExA4bq6a0O3AWG8SWllD4zhaq1XBtRC3W4asI65Z7NdNssqMiURg4Q3AEI553TE46DWSBNTjOQFFkixtjCuTGCDndQ5YCDskSWehc4FWWELo3yFLkhGM4UXwi0pb4AUWmMZPLSzCWN24/dbO11sddTteCM4BWNczOM7qTRVklDK2SN2AOQqyaKbNsjV1UAzkBV7mkEghW1PIyshbIMHUEKqpNsgbq8ZOlFb1lFPLTatx2Qo3OYdKsHDB0kKHUU55aFa7FzrJDB4jdSjzRngjhCglljeBq29Cp5DXgH1T4T2meUfTMtdrUQTUU7Mf1NCgQTOi+62EsBOBjIWYrqF8NS4Nb5SchbK7TzWv0Man8kSxttzbKBDK7ccEo9dRiobrj2eN9u6z8eWcdlf2+tZPGI3HD2jG/daoWfs5di4wOtlwcxwpqo7jZpKu9TXjAIVDV0T3PE8Y43wpVBXNkdpccEbEH1W2u30I5jLBLmhxuAo5YB2VlgEboMkId9IwtTxJDNu4pq+mE0BwMlu4VA4FpIPIWvkiI20qmutA0AzRjB7rNZX+jNbAp9IPZcLARgbJ+l3cLizOIpsAQWHjlOABGCilodsmlrmYOEqyBaeSM+MgjC41HIB2KHp2JyszgEdyEPBzsu4IPsnAAhD0G+uQ9FcJaN4ex7vtlbG319Nc4Rq068bg8rDlmO6fBVSwPDonFpHoVqptaeJMyXUqbzE1Nxs+HF7W7cjCq4JpIpNGcjjBV/ar5T3GnbBOQJQMZO2UKvsxe8ywAAkZI7FbftksxMnyOD228AIZBJwpdLO6mk1YyCMEKnzUUbsObjH7qdTVTJhp3Dvfuhc8di7IZ5XRbzU8NXEJYiA/2URkjoz4Uw9t06KcREY47qS/5arjLQ7zDfPcI0xD7IuiaGTxqR5Y7kEHC1Vk6uhq2i3X14bJjS1+MZWVDpIHeHJuPVFdTRVcezWk+43TITcQJVRn2b6ot9VSAVFA5skJGRjuns+WuMOh7AJBsWkbrJWfqm62B7Kapc2WjzjDhnStlHHRX5ja+xztbOBktzwVphNS7MFtU4S4XBnLtYqiN2Y3NLPfkKi8GWklDopCx7TnU04IK3cVdiQ0tzhDXjbXjYodxsNJUMMkbBnnIVuLTyiV3buGSekPiE+YMtfUDgC0aWzn9lvWxa9+y8PrbW+F5ZpJ9Fd9JdZV3TxFHWx+LSDYBnLftlPrtfTM2o0ilmys9W0EcjCRbnYolvqKW6UrKukna9jxkYO49ii+Ec4wmp7jkPMXhkbwR6LugqT4WOQueGPRWWRfB91zwh2P7KX4Y9E0xn0V4YWUQJIw48IEtHG9uCFYPYcgkLjmA4wFGmWngop6F7CSxuQoTwQS1w3B4WoMY7NUartTKlmpgax47+qBwyHGxmfa3Krqu1QySmQDTq5AV1NRT0rsSN27FLw2loOAcpLgaoWezJ1FHUUpJaNTfRR8w1I8KdgOeQ4ZWskgY7ylg/zVdVWeKbJYMFLlXk0RvUDIV/S8jf94tGWu5Lc4Cq2TZd4VQNErDhwO262ggqqF+cFzfRRbjYqK7j5iPEcxHI23SJ1tI01ahy7MvJTNe0HCrqijxwNlYyGsttSaS4ghucMfjYhEDGnnG/BWWUM9m2E2uUZmopnsOdKj5c3ByRgrTyUrHg+VVFXQSNJcxqzyg08o0xuT4Z2ku+kCOpycbagrhro5Yg6NwIKzIiJJa7nuuxVVZbz5DrYqjJ+wpV7ui5qaCKUHLRnGyqJqOaMnLdlZ0l4p6kBsnld7qU4CUYPCjW4ibjwZ8tc3lSaO4VVE8Pgmc3HbKl1NvDwCAoFRRSNIATISdb4JLFnZvbB1244irDjHdbOlr6S6RaWPa7IXhcbzFsFb2nqKqt0gdHI4DPYrVXfF8SFqtx6PVa20ta0vY3ZU8tuimyHAD8kWy9eUtW1sVYBk7ErSGht9xj8WllbqO+xTHTGxZRsovnX2Yee2VFMS6Akj0CrXvBcWzswfUBbyWgnpXYezU31Cqqy0U1Tkhoa4+ix3aQ6um8i4v7jKOp2g6mH3wCrizdR11pkGiV5APBKi11kqoSXROOBwq0SuYSyZu49lzLdO48HotD5XHEXg916O+JsVT/ACKxxOAt7T1lquzA+GRoefTYr5VgnfG8SU8xafY4K11g6vuNEWCWYkDg91jlQ/R7nxXm84hYe/y01RE0587Rx6qF4nm+nus/0/8AEeGoY2KqcCODlauKe2XRgfE9rXHuCl7Gesr1Vdn4sjOia4ZAQ3R4GOFKko54N2+ZvshF2NntwUqSNTW9EGpo4aphiqImvaezhlY+79G+A81FsAIO5YSt25md8JgaEKs2mK/RRuXJ5Zpkgd4VRE6Nw5zwVJjYJAMLdXKyUdyZh8bQ71wsnU2Ost8pdEHOj9OU6u04t2gnW+ERhCccJnhvByGZ/NGExOxACK1gcMgZTspmf4mngjxVc0Ozoth78o8tLRV7BJpDXn8TdnApSRgDduUOMgHDcDKBjY8BIKq62s+WT5iH+knJCuoaihukIdI1uo89iCqgOyN0wwhzg+J5jcO7UqUMj6rHnE3wXzZrjaXB1LK6SP8Aoccq+t95hrYhqwH8Ed1jKe+Txu+WuIJI2DwNiFYimjq2iWnl0nGdTe6U4YN0dRs/B8GqkDXkad0OSnDWgkAqipbpV26URVg8SM7B3otBHPFURh8bgQfRJcTZCzeuTM3Xpps0jqikOh530+6i0F6mt7/la5pBacZWsc0dlCr7TS3BmmZgz/UBul45DlFrk6RS3GnxJGyWN43a4ZGFgOp/hfQzF1TY2thecnwgcDPstA6K4WNwbq8SnJw0jt91Mp7m2TGog57qSh+jPZXGz8kebdPdbdb/AA1rQyGpmaGnJhe46cey+ivh3/aS6T6qay3XuI2+t2ADjlrz9/07Lzm6UdsvEHy9fHrYe3ofVecdR/Detoiazp2q1DkNJw4JMq8GO2iUOYo+6fBpq6n1x6JoZRnB8zSF418UP7MnR3W+bha4xabkCXeJEMMk9nAf59l4V0B8feuvhvVC33QTzUeQHwyEkEey+pOhvi70t8R6cCzzaK4Ny6leRr/RZ517jO4KfEkfF/Wnwn63+H0xZcre+opcnRUwguY4fdY17aao8k0el/uMEL9JKuOlqonQ1cDZGO+oeq8P+I39mHpXqeSa69OD+G1z9/5ewd9//mJO1ma7SRxmJ8m07qmgfmNxliP4SePsrOnuFPNsDpd3aeVYda/DfrL4fVGi6UZlpi7S2YDYrPRRw1jdQw13cjkFBtMTokmXGA5Q623YBnh/MBQ3zVducC4+JGds+itqOsjqIwQ4HKVgHa/ZWU9VLGch/wCqtKW4PdgE/uo1XbmPfrj8ueR2VaJZaaQskB2/dZ7Kt46Fvxmrhq9WHZGVZ0dfhwa92ce6xtPcNJG/Ks4KwbHCxWU4OhRqUzZsn8QAt3Ro5Sxw2Wdobi5hDdXKtmVLXjPKRtwdCF+S6hqg7GSEaaOKpi8N4HsfRUbHlh+pTqar3GVT4H5UysrqCSmfqAOOxQqWpfDMCX4WkeYqqIxvZnPdU9dZyTmMhWpZEzrT6L2lu9JUxiGYjcYJKFWWiGQF8GDlZQGemkxv5Srq2Xt5xE48dijy0Ka29lXcrS2VxEkY1DuQqOahrKGTxITsP6V6O+GnrWawBnCprhasg4GAPRNhc+jJbQpS3oq7J1E4vFPVADtur97aKrjOdO/6LKTW7wZNYHupFJWGAgEZC0xs9gpY4ZDv3SNPJqfDFgnJy3hYG5WmpoXnxGeXsQOF7PS1UczcO7qNX9PUlwjJ0N1H25W7T6ydbxI4ut8LDUPdA8OdF6DlRpIi3cD91t790nUU073wM8vphZmekMf1DddvT62Nh43XeL2NwkioIOTthN1aSABlTJWD0UYxEdlvhbF9nEu0k6llHWPOdQ2U2nuU8ZAdJ5VB47rjgT3TIwUzOpyj0zVUd8iwA52/3VvDWCUAjGCvPgS05B3UynulTCRh+R6Jc9MmbdP5Cdbwz0CCoMbsg4+5VrTXR7ABnYe6wNDfRkNqCfurqkusU3lj7e651+j3cHoND5dRklk2sN0gl2c/dT4awkAsKxcNQNnKxpLlIwjB2XIv0C/pPV6PyrX5GsguUwdgu2VhBWMkAHdZWOvZJhT4apoA7LmT0riz0Gn8kn2zQtMb/wD5qG9gI2KroqwNIOVLhrIT/eOwsllW06Neprs9nHxEEFIPKkGSGRvlOUPwsnYJDW01xftDmvKIx+Dyo7mHlMDznvt7oGg/kfsnkghJrByAoTag5+lHEgwlODfQ1Tx2S8NxnZCc1p2TMj+pNaSCh6GKWTpi5KC5pG5UoNBGdX7JFoPZAEngHT19RTO8rzj3KnUt/JkA8TPqCoBhDxwo/gFp2AVbUGpvs10F3Y4DO+VLbWNIzjKxHizwbtJIUuG9BoGpxyOxKrYhiuNfooKoAzRsJHqFAqumKSZ3i0svhZ3USiulPLjL8H3Kt4pg5o90LTDjYmVxtV7t0bpLbcTrJyQHc/kpUXVFe2L5W92l1ZgYJDMg/qpgcRk5TGyZ5290EoNjdzQFlB09ez4tDXttsw/4RfowfsmPtHW9sc6e3zNrYwMjPmDguTUFvlk1hrdZ74wV2J18teJrXc5g0cMLsgIUgla2Qp+s7zQ6De+mJI2cF7Isj9Ez/aD4bXSTxK2le17hgkMx+y0FP1d1A1pbXUsNS0j6Xs4RJZ+gLxTf+++mH01QdnFjiRn12wqnFsPKfZm5OiOi7qD/AAq4Mj1eZmX7/oozvhVe4AJLPcmzEbhudx+fdXTuiPhlc2+HTXieheN8ybg+3KCPhz1rRt09I9Z/M0rQHN0lw0gk4G2fQoNrBca36wZ6a3fEmyue59PNKGb+XP7p0HxEvdCWtuFNKztytM5/xktjBHNb6e4Fg2eG7491Xv8AiLcYyG9U9D1GBtJowf8ARHBteiKEVzuHUnxaomgNqDIw+5VxSfEi1VAGK9gz21LOy9WfCi562VFlkpX8EOaPL+ahPtvwwrQDTXeOnJ9XaSExcltuP9SZ6DB1HaK/zPkjl9M4Ka+lsdU8vLCwn+k7LAxdHdOTHNu6uaD2AqCP2Uk9G3mIA0XVgI7A5d++UwFXLJrprNTPdmnqpWH0BKiS2i+w+amrHOH+JURg67oR/LqaepwOcHJTP9rOs6HDa20PcB3YCpk0Rvjj7i9+d6ioNpoI5R323KizX0u2q7C4juSwEFQGfEGoBArrPVD308KdF1xYajAml8A+j9lNwMpVzZHdV9JSnFw6eiZn/wChALsVn+FNTvJE2ncf6fIrBldYrp5aeppnnHBwmSdPWqfcwRb77YU+QpVxfRG/2U+HEpBpLs5h9PGUmPoixvA/h/UNSB7THCg1PSNq5bDpPq1Qx0xDGT4NZVM+zyiQEobekaZnS9waQKXqirx7yEhSm2DqaIBzOoRIRxknKyH8Ir2b097q2Ef4yuCHrKAZo78HY4EhRlJNejZfK9YRbGuY8D1T2/7T/i+X29liP4v8R6Z2DVU8o+yKeq/iHGAZLfTStHo3dTJHP+zNt4vUOPOISPZD8e6n64WfkFkWdedZRf33TwcByQwI8fxJuGQJ+m6oeuGBXlkUv7GmJqXfXA39AmO8M7SU4J7jSqZnxIpnY8WyVzT38imxfEGwz4zR1TT31Rqb5LphJ5J0dNRPxmlaD9kUW2idj+SEKHqqxytDxDMAR/QpUN8tE30+IM+rUDvtXsLCBGx0bhlrBn7JzLKR9DQpQuNvO7JcfcJ4rGOaCx2odsFV89v7Jgh/wmccYx9kv4VUDjT+in+JVHiHI+674tYNxDv/AMyr+RZ+wfiX6Ks2Socc6T+SX8Fqm7hmSO2FbeNch+FuEvmLj/w8ZRR1Ni9kVaXSKoW6uaNJowR9l0Wiol+qhZ+bcq0+Yu/cgD7IjJrljJna0n2RPV2L2XsSKg9N1Dv/ALGU5/8Atab/ALKSnmzx/srkTVgP8yvkH2KXjY5r5j/4kP8APtC+NIpv9kxkZtTPtgKQzpKnI2s0DT7ABWDqjj/fHn/xLjahgO8/6uQS11svZaoRGg6RhBBFsi/PCtILLNSEfLWygB9xuhfxCnjxmui/8667qO2xtDfm2O/8SW9Xa/ZaoSLBlFdZmBhfSUw9YgAVJj6fhlH+/wB3Dh6alnZeq7ex+84P/iQZeubVE3eRoP3SndZLthRqx0amntnT1BKTHA6Yju8ZCmitttP5oqVjT6gALzmp68pj/duyO3CgSdaTSj+WCD90uUmw9mT1F95pfthV1X1JTRD6sfmvMn9Q3ad38s7ILjXVLtchcc7ndUl+y1FI3lT1nTMdhs5VTWdZ1Dh/IkKzwoXOA1jdHZbycZ2RYZfCJEvUF0qAf5uMqFLLV1OTK9x/NTYqAZzhTI6VjQNt0eAJPJSMo3vcMt5UtlqkdjQ3f0VsyBg20gI8RxtjCvBSK6KzEN8zgM/sp1NbYYznOSFLa0Hf/NV1z6x6bsAd/FLnTRaRvg7pkanLpEsuhV+TLaGljjA8pR8RxjV2C8jv39ofpyja5topJqx4OMatAPvnBXnV7+O/Vl1c5tIxlJGeGtOcfngLZVobZ+jm3+a0lH5SPpWs6gt1uhdPV1UcUbeXPdhYDqL4+9H2zMVB4lwmB+mM6Wf+bf8AyXzjXXi53eV09fVSSuccnLtkBq6VHi/dh5/UfU8m/wDQjx/c9G6h+OfWV5c+K2iO3wu4I8x/0WDq7ldbi8vuVxlqHuJJLjt+mUBwJAA7JAHK6dekhV+Jwr/IajUSzKTFoBG4yutYAeE8N25TgzPdaoxS4Mim28s4GjuE44IxhIjC4ijX7D7EugZOEsFFihcSCU+MVEnfQ9sY5wiY2wjNjw3JCYiCf9wTm+65p90UkeqBIdewOEYLwhrvKfVDyQd907Sc8oUhDNuUAiUh0sga3A3yq57y4kosshccJsYJKsVKW4TIt991KY3ZcjYMIrWpsYgHMBI7JLhIxymdBN4GPf7IbjnsuvdkobnH0QipSy8HAclP/ChhriQcIzGkYCstQ9jGtdqOymRR7AkJrGtxuFKYBtshSY2AmN4yEZrdtghjlFbsOEyKyMyiiDSThSIYhgZXGsJOyl07Oy9wq8s+ASmchixypWkAYC6I8AHC6QAMkp8Y4ENuTwcJwCor3ElPmlxjCa12rsiYUYnR7lDaiJjOVEMZ1oJIPZEAGEgO66tCSwUcwF1JJAUJEjZuCQuMZkjIRmt0jYq0gZPAQcJEgJKLUS+BGZCcgKN4WSktzA19Z8uzUBv6KrpacvlNRI3GrcBNlfUVs+pwwz09lOiZkc4wlL7mOcfjQ9owAAntBGNtkg0gjA2RAE9LCFSnuEGgDGF1OXVYAkkkkYYkkklCDEjskkhlLaED1ey6/wAkbnnsnBozyo9bM0t8Jp37pNk1gKK5IkrnSP1POc8JwAxhDA3TnvEbC4jKxyY7GeCHWT5cYARlRJMQ05BO6ThrqxKOFErJ9chYOAkSlng2Vx4RFkdrJckmnjCchNcVhCSSSULCpJJKEEujlLBSAOVAB4Awu4CQ4XVCmJu3Puhk+YD1T3kdkyPJOcKplPoKwcZT3/SE5o8uEOU90L6ASAuJzyhp7jgprRkpHLY0ewZ3Rm/h/NcjGCnn6h+a0RWEQeOEGoO2xR3EBqhyu9CqnLAsG76kccBR2jPdHBGnISGQ5IM43VjQ04ihDnbOduoEMZqJ2twcDcq3EXiuETBzssts8vB6HxGlf+412XnSVsbcq/zs1BpG69Ty2nYGgcDCpOkrRHbrfG7R5i3lT7nVtgjJG5WSXR9D8fT/ABav7sq62czTu3yAcJU+W8hRosyO1+pU1jNhgLPLs2/4Ch2RlRmaq6ujpQDpG5KdO8tGysbJR+FE6qePPJx7BUPhHJYSaYYhE3bbCJQxkZkI52CAGmaXG5CsIwPEjhaNilWcnR08SxoItR8Qjbspr8Y3OE2JgjjAA7KDc6kxRGQHCU0blLYjPX+uNTVeCx3kj2x6lQqaF8srI2gkuICa5rpJS87lxJWk6bofK6pcweg2/dZpioRc7cl7BGIoWRgYwBlKZ4ZEXd/RPI0tP2UN7i48rLZLJ1q/t4HRM1uBUmQbtY1coYvEkDjwN09xAkmlG4bsFlZoh0V13qXNYIGndxAP2WgtVI2lo2gDBIBWct8L7jdhrbqjjOs+617sBmwwOwWW000d5ZGqHnUBhSadmcZURztUoaByrCJmlqxzWXg3N4QC5TtpaV7nHnuvOrjVOqKlwYcglaPq24vYPCJw3CydC0ySuncMtbwm01bTia6+Nj+NHa2WOnh0tODjC509Q/PVfiOPli8x91XXCR1TOWg9+Fs7ZSR2y2xxhoD3tyU2+SrhgyaSCtsU5ejtTIGAsaeUaz0jp5TJjytVY/L5Mk5yVrrdTNpKIFwxqGSuPfbhYPR6WrL3Eilp9cjIY27k4WuhjEEQB7DdVHT1GXudVubtw1T7tWR0tK8POCeFzpP9nTINJqv3UcMZH+7UzvP6HHKhdS3H5q7ytjwYoP5cYHACtYjFZOmHVB/7XW5awdxnussNT3Bx+rus7+9lyltJEIz5iFdWhgwJ3Dgqrp2Fxw0bq/n8Oit3IDsZWmEcICT4M71NWiesEMZzjlS6Gn0xsjbjJxlVFNC6ruDpJNw06lqLRCJKoDAwEE5bUDXyy+poxHCwNGABwpQHht1Ec9l0tBwfRNfIG7crJJ5ZtglgHJISdhwF5X1zd3XS6fLh38uHY47kLd9W3gWa0vqWnEh2avJo3vq53Tv3c86inQRz9Tbl7ESKZmjchbjpG1aQK2YAtP0t7rK0FKaiVsYHJC9PslGGNjhxtgAYR2y2rBdWcGltlNpDTpwSFbNaM7FApmNhh1O2wEG1XCG4vmEZ3ieW8rlX/caIyLeIAAbKUOFHYwtwMKQOFjYU8D0RuxQ09KeBYccJ6jtDgd+EUcJZB6SSSogkkklCCSTUlCDkkklCDUkklCCSTRyiDhQgkkklCDUxPTFCAk3JTk1qMs4qq/VjaC2yzu7D9Va5WJ+IVx0UzaQcly1UrkZFNHnN4q/mJXygbuJK9A+GVqlpLXLcKhv82oOWn/CvNKl+uT0XuVkon26009NLu5rBnC13ScYgkxg7FGPCZHnuF1YW8h5BvJJwmpJKxoZJJJQglwjIwhJYzsoQjXOoNNSSSZzsT+iw/TcTqyrqLnK05e8huewVl1xdJGUfyEOfEncGjHp3T7FTCjoWRhuDgZWiuOSidI/Swgnsqx7suO6k1b9yMqvOcnzFboxJkO1OeM4wlCB3OEsYyttENzF2z2oxHxJvElHRMoozh0pI+682oYXVFQC7fSclWvWl1ddLzI8Sao4iWMHb7qLZoyMyOGx4X0LxOlVdeWfNvM6t33bfSJlznZHTeENieyhW+J8mDjOTgLt1mbJKGN54Vn07T+MASPpIXXufx1s52jg7r0jS0ELqaFrTzyp0Ttzsh4xt6IsLMjK4Vjzyz3tcMRSCOfhqqLjPlunI/VTqt+kY9lRVchJUj2LulghyuLncqTSR7h3sopBLwFZUceMHHZaoLgxSZKY0NbwoNwly3TjlWJcGs4WbulWYmvmJzpyuloqPkmjieS1sdPVJy9GF+I18bSQC307yJpRjbsCsBSRk+Z3PqpXUFe+63eWdzs+YgewT6SMN0he50NKhXg/M31J5P/iGqdq6LGy0LqipYzT5WnJWwqAyGMRtG4CD0pbnNjdVubgcDK7VuJldqPBXWrjg8ddPcyHI4yHA2wrKijAiDiN1AgiMsoaOM7lW7WhowBsqs6NOmh92RZA5IC8z+J/U50/wWkfyPOQth1Zem2e3mRgLpZAWsaPX1XjNWKmqmfUVLi57yTv2XE11+E4o9x4fRRlF2SKbTpG/KA7AJUmqbpcANkCMg891wZN5yzpXRS4QInOQdkDSpE0e+yFj3VMz7GcTInAzsa4bZRNPuhgD5rI4KTJD649L+5rel/NXsaOzgvYnAaGN9GheP9JNJuLMeoXsBzpaT/SFnl2fTfBLFLAub/Kc0eoVlQNxocdzhQizbcKxpWEBv5rNYz0VZiuuj4jhnsVi6nGMBbXrIZkwOcrGVUZIwVcezzPlE22Z/wAIPuA1DbKvK9obGxjRgYCrXMxWR45yre4jyx+4C1wOFCO2DZxoOgbdlQ3YYjd91ogBoG3ZUF3b5HYHcrTWuTD5Lij/AKFKOE9cC5gp7jg8ZLL7JFPsU+oGwICDEDqypLgS0bbpsVxgXPsfbpQJXAjGytC3LQR3VC1xbJ5dsK0opy7ySP7HCx2x5wdjQavb9kywpZPCI3Cuo2CaMFp5GVnpWFp2Kt7PU6miNxWScT1+iu5SH1dPpwQO3qoRGTj0V/NTCVnuqSaLS8geqySWGdSyGegYGESjqXxTB2OEPOF2PyuyqKre1m0oJ2zxAk7+ir7vSGnnE+MtcotmqyyZrXHZaCsY2spnNxvjIRmuT+Wsz1XCJ6QuaMnGVmy3SSPTZaalk8zqd44VLdKQ01QSBhrtwjZgtjxkZTEkIjhtuEOl7Ka1g0jIQzfolb3RyQNJ1EHuiwyGEh5Gcdl2ZmSCAmsOo7hLzgkW4yyai11MVVDsd8YIPZcrIh2GFUW+p+UmDvwnYhXpLKhgex2cpiZri1YuTKXOhBcZA3lUL4yxztsBbeuozuC3ZZutpHBxIbwjOTrNN/UirAylp3+669ul2EgSjUscHIawx4aMemUeKR2QCg54aiFnBC1VTwxNlSmizoKk00olytraa2Kti8Rh3HIXndPONQY44+6uqCskoJWvjOATuF2NNbjs8p5jxkbYuUUb8Au3XQDwUK31kVVCJWHJI3ClhuTsurFqSPDtbHhjNAIQDFvyp2jA3KaYxjhF0RT9EMMAXNCOWHK5gpeC8gXxtewskaHNPIKxfVXTjYf98pW+QncAcFbkhMlp/GGk7jCVZXuH0XyoluieN7seO2FZUdUdgcKf1VZXUUpmZHpaSQcBUFOS1+5K59tZ67xuszJOD7NAHB7eOVGqacOHCJSyDSAfRTPDa5uy51teD2Ff3rJmauj32HZBp3y0suthwO4V9U02s5DRwq2akLdtIWZ/axvx7Wmi/pJxUU7ZAeQEVZ+grH0x8InABWhpsTx6gU2MzTCeVyDXHx+XcI5hAzsuJjY9RyV8sZDlHkjACtHxtKivjOcYSJLJHBIrzHvgocrTsQeFMljxgtQjF6lJmnngCSwTrJd/BcKaY4HYlarwxURgtOc915/JH3aN/Vafpm9sGKSpOHAYBPBRQlg36WzH2slVdIWkkD91DLcgtIWjqYWv3Dc5CqKmlOdhymSw+jdKG5FVPTlpBaEoZ3Bwa4KW5uDocN1Eq4DGBIBsTuqbwZLKvaJWWyN2Crq6iM+Bp35UikmwNLu6k4a9vC0VySMVtUbIuMkYueN0UrmObjBwmNc5jg5pII9FpbhQMqIyCzBHBHKzboyx5jdsQcFaYT5PK6rTSplhmitlxiqmCKXGsDCBV0slJP8AMsHkdzhVEeuJwkYcEFaSirIa+Hw3fWBggrZGeOTDKPIekq21EQ0nzNHClNcMYKpxG6jqCWHDeVZRnxWB7TnK212kUQkjGu7ZUWajE7HM04ypTSQcEJ5ALeFpxuWQHHcY6uo3Uj9Dht2Ki491rqyhjq2Fj9j2KzE9M6mm0O/JZpQyZbK/0BDE+SNukEbp4AIxhcDSDgnGUqUMARlggyMIOw2XCcYVg+NhGwUSSE5zhZZwD7BY3yuavZc4XEpRGCTUVMUAONldEQW8+y1nTvUkc2mjrSAQMNef8lkyA44ymhruWnCJXSr6E30QvjiR6HcLcyZhcxoOdwR3VBPSS0rg8AkArlg6pfRMFNXtMsfAd3AWlqIKetgFTTEPjeM7dltqcboqSZzZRnTLZLoooKrxNnDDlKhm0HIG6j1VCYTqYCPsgxykbIm9vBTSfJdRubOCHYTBFLTu1xuyPQKJHLjupUdQT5XcIhTRIEkdSwxTNAJC5TPuNol+YtdS6M5zgHYpj4js5qcJWNGl7sFHCTT4Bkk1hm2tPVNp6hxSXaD5Oqazd5I0yH1HofZTn09bbGh8RFXTO3aWncD3Xm8oDiHMOT2PotHYOsqm3sFLc2meHgOHIWpW8GC3TbP9tcGikpaeuZ4keDqH0nkKluFicclg0lXMkVLXRGvsdWPEHmLM7t+4TY7lKzENzp8H+sDYok93RmcpxeGZ213689NVBNJJjB3Y7dp/Jeu9LdVUHUdM2RjgyoaP5kZ9fb2WErLZTVTciMOBGQQqGShq7dUfMUM0kT2HIc043TIz2sXdTHUJNrk91MWD3H3TXMKw/SPxEfUSstvUOGv4bUE4B9ivQWQh58oT1JdnMuhKntEXBHsueEp3gdsLhhGOE+LTM+/9lf4Q7BD8PfKnmMoJi3yFMDN3GQHgjGQhGM5zlTnRghBMYypjJN5FfA2QEPaHZ9VV1NmewmSBxHt2V7oC7oCGUEw43tGR76XjDhtgrugZ+laGstUFW3OAx4/ENiqSeiq6B2mYeJGTgPA3/NKlDA1XZIstPFJsWjdQprPgeJTuw70Vq1oeuubslSgpDY2tGXqoIKhhp7nSB7Ttkt/1WUuVjntRM1NKKinJJDfxNC9KmgZICHsBz6quqLWx4PhgYPYjISpURkbK9Y4nn0BZMCWncjceiHJDjfGyvLz00WRuqKZpje3fy91TwVLQfCqBpeNiVktqS4OjVapxUkVFVbSXl8TcZ5UJ7GtOiXutY+kL26mEEY7KrqraHklzcH1WaVX6NVd79lDPQN0eLTnDhvj1RaO6mPEUzSSNkeSN9O/S5uw9E2Wnp6obgByU4tGpNSRNZUtlbqByF0x09TkB2/oqUMqLZJrDi+I8hWVLNS1YyMB36KKf9gJJp5icnto5jCgugdEcHsrFzp6V+MlzQuGsoqjySgB/rwiSzyXGTXZXiV0JBYcK+svVNfQyNAnIb7nZVj6Bjt2PBB4yo8lLLCeNk+E5R6DbyetWrreCqaIq3AztlWhp6arHjUkrd99ivEo6+amIwSQOyv7R1ZPTFuJCMdiVpUlJfcUp7GejTU725bIzZVFfaKOpHmjAJ7gKRbOrqaraGVBGfdWjm0lS0SQkHPokTqU+jZTfjmLMBV2Gto3mancZGj05Qm1z24iqAWOHqvQDTRn8GFX1tgt1aD48G/YjZZJ6ZLo7Gm11lT5ZSW25ywHVG/I+611l6ykgcGvkcPzWHrOn62gcZKJ7nxjfTndRIbxHE/wq8OhI74WR6c9NoPOOP5M+ibD1nLUR+VzZg3kZ3Wmhu9sr2hkjfCkPOpfN1DWVUBbVW6tJ7+R62dm6/wA6YLtEMjbWFkt0/tHsdD51TWGz2V9ueG+JC4Pb7KI6A4xhU1rvcwibLS1HixEZwTlWtPdaapIDv5bvfhYJ1s9PptdVcux3hlmcjKiVEPjDTjCsjokALTwhlg7oVx0bE1JcGWuPTzJMOiZv7BUssNVQymNwwOy3z2jYhV9bQxVAy9gKKNmDn6jRJy3RMkxwfgPHKbLRtjGqM4J3U+ts0rHkwOOOVXh9RTnTUcDjZNTTObOiUJbWgJbUNJGNQQxUOYcOCneNFIBoO55QZKFkzc5wUSa6M0sxfA1k8LtpACD6o0euE+JRTkf4c7KvlpKmI7NyEoqh8Lgc4xyFJpdhKzGM8F3FehJiKtj0kd+ykxulaRLRT49gdj+SqGVFPVAB4AJUiGldGQYKjGfUpDRsrnN8xNLSXlrsRVbDG/jV2KswWOGQ8brJyGcNGtuojggKVR3hjXBkocDxuluCNtV7j+ZeyxMe0te0OaexWcrrRPTvdUUMZc0HJZxhX8VTE4Ze7nhEcWuaC3gpb+1mnCnyjMUdZS1DjA+Rscw5aVJlhewZG49QuXXp9lU7x6V3hyg5BVdS3Oa1y/LXgFrHbMk7ZVyimgJccEe6WCyXphiulCHZGA8Ddef3f4f3vpaZt16br5WNadUYY86mY9Mbheuvip61muCRpyNiCoVTSTtGl2XNHHos8oroyWVqXKIHw8/tN3zp5kdl+IFI2qposNbUsZiUD39V9DdPdX9P9W0Pz3Tl0jq4XDOeHNJ/qHZfMd86Ut13jImp2tf/AFALEtoOsOhq/wDiHSlVNG5pzhkhA/RJlDBllFrg+2K+3UVwh+Wr4RKw8grxL4h/2bbDd/EuPTTxR1hy7SBpB/P/ANFD6C/tPRzPFs+IlI2lqAQ35yFux/5xt7cL2ygvlqvlKyutFdDVQuGQ+N2f19EqUOANsWfDnUHTXUnR9WaC/W5xhedLJuxKpPlpY3GShefUsX3peunrP1BTPpbpQxTMeMHU0FfP/W/9mq4UDprl0PId8uMQ4+2FmdTfKMltGejw+G8uB8GrYW9sqRNDHUx5BBB3Dh2T7lbauieKW9UbGS8a2jGSq7EtGdcD3af6Tug2syyqa7B1EFTSEHTqHqFIo7jGSGO8rvQqRHX09S0RzMDD78IVRbIpBqiIz90qcE+xW6UH9pZw1LxgtOyuKKscQAcbrENnq6N2l2S0eqtqO4Ne0En8ljtp/Rqp1TXZtGShzQQ4IkVUWHCz9JXN2BcT+asGS68HlY51tHUpv3GipKzbfCmNlbLtys3FNgAZKnQVekjKXho1xmmSbjQa/wCZE3tuqSSN8D88Ee60UdSC3B7qPUUcc4zjdNiyrIKa4K6mu80DwHkgD3V3S3OGsZocWhyz1ZQSxO2bsFGhqHRO8vKLCM34vk0dVQslJc0dlR1NG9jtmqfQ3ZoAbO7IKlvfTVIDmEFFGTQMoqRSw1D4HAK6oLhHIA17sFQai3t1F7O44UAk08m+6fGzIG1o000EFS3D2tcD6rNXnpNs+qRsTHtP9IwVOp7njS05Vi2pD2gE8rRXbOD+1me/T13xxJHkl46dfSEkQuA7bLPS02k7jH3XuVZQQVO8jQVmLt0aycOkg059CMLp6fXNP7zzmu8Kmm6zyuWM5wAhFpC0l26eqqNx/lnA5yFSSxaBjG/ddnT62M/xPHazxjrbeCCW4XQSNsJz2nPCaW47LoK3K5OLKmS7CZyjR1s1K4GNyBkE4yuuLdslXtjIBbk+C+t9/e3+/wD81fUt6pZQ3DwCexKwL9O2SnBzmnIJ/VIs0sJo6en8lbUsSPUYK2MYcDyrCGvBAw7K80or/U0wDXnxG+hV9SdSUUrRkua48grnXaGLZ3tH5hPtm4juW4yePRSorjG8jSc+yydPWiUAtOx91MiqQ0DI4WKzQxfo9DpvLLPZrqasG2CFZQVPqFi46x7cYOCpMVyqAd3ZHouffoF6O/pfLr9mv1seOUxzQeCqalubXY8R+CVOZWsPJ2XJt0s4vo7VHkK7EF0aTwngu4yl4sLhu9dDWyDylZpV4NkLYy6Hh/fK6JO2EPQfT90iw4SZwzgYrcEgOBH1AJ2R6hQjqHdODvVA4jXZglal3XvnT+6j60tfshwGrMEh2gjGNvugupYDk6RlM1lLWVMFqWQUkDhkx7Y90yO6XKmGgTP0j3UxhAG6aY2k5IH6KtoSbXRMouqJg0R1DuO6uKTqC31DvC8QBw5WUlpIjuBg+yjPpalu9O7GFexMnyyj2ei4ppgHAtPpgpksc7t4pdOOy88jrbtSu2lIxurSj6vmja2KqGcdwh+LHIUL4p/cak1Fyh/4bJAPUbppubdxV0pj9S7hQIOp7eWB00paT7qyZWUFYxrxMxzTxndBsNMboy6YAPtE7sMkjLu4ypDYwY2tp5C3TkjST3/+YnC122o3MLM+rNlHk6eLXaqWuniGcgZyh2Bt+yZBW3qnGKe4ytHcairJvVN8EYZK2nk0jAcWb/ms54N7pX6WFsrRwRyUMXeaB2iso5IznBPIVbUXGf7RfTXK21+P4r0/S1GxyTv+mVDdZvh5WZ+ZsTY8/wBDcY/RVb75ScOyAUWGqgkAcyRu/uolgtyg/QSb4e/DOuP8ltTAT2bK8f5qI74R0Dd7J1jV0uPoHiF2P3U9mDwcp/guAyARlEVtrl6KeT4c/EKnGqh6/NTjtKCP9SoU1t+MNCdB+QrGjYE6QT/ktMJKxpzFM9v5lFbV3cDd5P5qC5adTf2yaPP5+peubfI+K8dF1UxbyYY9sf6qvm69sb2GG7dL1tOe5fGBgr1uK51QYBJAHEd0yonoakaa+gMn/gBUyWtJal9sv+55LSdW9FPcGx+LTn1d5cK2ivlgcAaTqJ7T6GfK2FX0z0ndDpltMDSe7owFUVfwj6JqskxaCT2cBhTMV+TAlXra/wAcMrI+pNBHy16EgHOX5UlvVLzjMrXH1yo1V8ELE85oblUwn0Ehwqyb4N3OA/7repvbLiiW2X4sX8uuh3E0rOqyAMRfdFh6oDjhwH7LHSfCvquH6Ls9w9NZUc/DzrOLf5nVj/GUXD4L/l6ldwZ6FH1LTj6mZ+xRP9pqbswn8154Oi+tGbOyfTzLh6S62b/wiR/zKnHHJf8ALt9wZ6L/ALVUvdhH5pHqu2d85/Jedf7Idbf9yf1SHR3WhO8J/VEWtRZL+hnon+01r/pH7JHqGzuOXRtPuWhYIdE9YkZERP5orOierjzE79VBkbLF/Sbn/aCyZ1B2D6YT/wDaq0M4eFimdBdWOGfDP6pN+HXVJfkxuQuORkZ2P+k2Z6xtI4cmjrq2xg6HFZhnw16mdjVEUdvwu6hOC1hahcMhbrl0i+PxDgBw2VwH3TP/AGkQ7+d5x7quh+E96f8A3wapDfhLUg7zM/RLdYUZXsk/+0yDBw6T9UI/Et2+iR+UWD4Rtdg1NUG49DhTovhfb4RvcoPzcpt2jIxufZUf+0u4E4GohCl+IF1fuxxH5rRx9CWmI+asidj0UhvS3TMX1yEEdwFWUGuOzInrO/T8Sn9F03/qOXHmIC2Mdq6ZiIDZDt7BS447BFu0ByVwUYRty6llIxKQfsjth6sqcAyED7LcNnsbD5YRsu/xinB0wQAY7lQvcjHR2XqWQDU4nPsjRdJ3p5Gondal98qXbBjB9hhCdcqk7h6vDI5JFPH0ZVnHjvP/AJipEfR9LER48m/3U11wqXf8V36oXjyuPmkccoowbJ8oh07aovqAeiC32+Ijw4gmeICNzjCYaiHu/f7q/jI7v0Sm08DMaGgIrI2s3A5UETOfuCUTFXJhoJx7hDs5B+b9kl7I+dtuUg+I7MOcKsr71aLPk3G6QsaO+rcrMXb4s9P0TXfw9r6mQcAbAp8dNOXSE262imOZM3zU98sTf72TQvEbl8ZeoKlhjt8ENMD3I1n/AEWMunUV9vEjpLjcpJi45xnAH5LVX4+yXZyrvOVQX2cn0DefiH0lYtTau6NdK3lkYzj7rDXb4+lsLh0/bdJJwJZX5/QYXkjid8uKjPkDcgb5XS0/jY5+44ur87dLiHBpr18Tusr0HRz3QxRv3LY24z+ay09RPUkvmnc9x5JOUwy57IQyO66teiqgujhanX33flLI3Tl3AwiNaB2SG5yBuitCfGtR6Me7f2cDBjYLoByngDC7gJ2z2N9CA23RdDfRDRDvhDj0ELV7JavZEEf7rpjx2TNiL4OJLgOU9jHOKgaWR8MIceFLZGG791yCMsbkoyIao4QOU4GAoxPJT5TjAygoksiZyGuceEwNPdFDR3QpJGtB2RbBbaQNxDRkkKJPKXHCU0uTgITQXOVGecjrASeFIYzbhKOMY4RWco4rIIg0hdG2U/U3A2QpJdIIATOim8Cc7GVGMhOV10hJKGCc8KgJzHbk5Ke0cZSDe+E9vKoGPZ1rR6IojSYdgMI2nIBKbGGRqyCAwpDU1sQPKfsEajgPJ0cousADZRvECa6ox2RYSL3HI6f1UuKLGAAuiMjgJ2cAle4gj8+OWRxbjuo0snYLssx4AQMOJOU3pFwESSclJLBSwVQwSWCkOUYAYUIDT0k9M7LbEutaecJAd0RrQRuFYveOaMDC6hg5yuPOFHwTsMTtn0Wfr6t1RVina7yjkKRdbiYmGCE4e5R7fQaMTy5Ljvukybk8eh8YqK3MksiLRgD7ojA7UjYHolgI4rAE5bhAd09JPTgBJqScoQanJJqIgkkklCDEk9cPCXLoNcgZZRGCqx0mt5zySi107STE05J/ZAae3osVkh0Y4WR6jVlSGxFuN3KS44B+ypJpi55c45wVnmxtUd0sjjL4UGrHmCgOdqOojcoj5fEIGFxIks9HQhHCGYwupJIQhiSSSaEFXRyuLo5UZB4Awu4CQ4XVBbEuHhdTH78KERzJLkeJvGQhRt3GQpLdIHOFALM+jrsDCizfSjO+kqNKcBKsJGOQZBB2RKcEu3CY0ZKkxgDsqgg3wOeAGgLsfAQnHD9PojbeHumt4F7+QUjiAo7SS45RJTlwCTVnlLLING5wnZ0YymjI912P+dI2NDN8Dqa/kko+ywt8ZDDNjGrYZWs6PsrrjVid4/lRHJ9z6LPRQlwbEwdsL1bpK1toLdHkYLm5P3WCfLPoHhdM1hP0W5MdPB6Bo2CzVbUuqJzv5R/mrS8VmlpiaVSMyXZPKz2s9VJr0S6Zg0jDcYUzIa3hApxpaDhdqpNEZKSF/cGP94qWxY5Wlc1sMTWAcDACrOn6QvLquRo08BWEzxPO2Nv4d1TNlCyssJCCzLj33VrbI8gzPYD2GVTsa50rYgM5OFpIWiKNrdO2EhvJ0qlgkB4IOdlkL5VSyVHhl/lB4C0lfWRU0JlkONth6rF1c3jTmXs5C+UFYw9DE6eRsTRkuOFu6CmEFO2PAGkLOdK0DnOdVPbtw1avZrceyyWm/S1rG5kGrqcHQz80Ng1R+IUJ/wDMkJx3KKG5b4Y2ysM3ya0skym8kDpDtkEBQayctidExwBcMuKmVQMVJHtyVVVIMj2Rjd8rwAky6Hx4LPpmB8TZKpwyH+UK5nk8mcbIdPE2ngZC0YDGgfmh1suI9AHKyWM1VxxyOpf5kweRnCny1McMLpHnAAJUa007nRmRw2zgKB1PUeBEYgOEtLLJdf8AFBtmLvdxdcqx5GdOcAINRKykoxGw+Zw/+UoEJD6hxI2a4lRLhKaifQ3tsFqgsLJ5Wdsm3Nk7p63GtrWzSDMcZ1E9itLcJQ5xiY7G36IFnp22+2hxHmcMpriXuLjuSVg1dmZZO5oKMQX9yfYLabhWtafpYQStTXBraiKmaMtzuAm9O0IoKISub/MkGrPoFItEH8Uvet2dAOB+S418nKR6OiGyODT0ULaanYwNwMKhrJTcL4y37aO60F1qGU0R07BgwsxanNigqrxI7+YXkRuPphIlLA98DepLgKiu+VjOGUzRHp7ahyVXQA5Gyj6nySOlecue4uJU+n2A8qCKyL/IsrbB5xIW7eij3+uMjzC04aFa07WU1I6V+22crM1shnnOnckpoMv0SbZEQ0yY+rb7rXWekEEQme3zO3VBbqV5EUAOSSAtawBrQwDGAEqwdVD2SC7Yn2UcSAnzEAZ5TpXA8FVN8uEdttk9Q8+ZuwGUmPY22ahHJgPiBeX3G5iihfmCHYgdyqiih8OPjBKCNVXVPqH76nEqzp4vElbEO+y0JYRyYt2T3Gg6WoHySmbSCCcDK9PstFgiZzdhws509b2QRRAtxkBbGRzaGl1AcDKz2vPBvrjhFN1bdpIWCippMOd9ZHO/ZWfR1B8jQte9vnl8xJ5WKfLNdbsImDLpJN/1/wCi9MpIvCbHE38IAWO9qKaCLFmC0HCcuMGGgJ7PqC5Us9DEPA07ogdtwkRwVxC2CFwF1JJWQckkkoQSSSShBqSSSAASSSShBJJJKEEnJJqhBJJJKEGISKgnhEiDUw7Lp5TFMbngs5JLgE/07ryPq65/N3CaVzstBIxnbZei9VXH+G2eWVrsPf5G/mvGbhVmSbLjkZ3910tNX7JKWCz6FoZLp1RTSgeSmPiOP27L2t3OchedfCW2uFLW3KVo0vkxGf8AP/RegaT6qaiX3bQ4fd2HAwmpJizDRiSSSgQZBRkFQglySQMb7Y5ThwVS9R1/yNA+USaSR+qOCyyjH1tQbl1F/My6ON2lvplalgDYwAMDCzPT8TJ5vmHjLnHK0r5Az81srWCyvrZcPDQhsZlwPGUx+ZJ8u4yjtG+y3QQOcLI540gYVP1TdTabRLVxyaJG/SVcktI3OF5x8VLuHGKzUzxlw1ud6b8YXZ8bp/ltRzPJ6j4qGzzt5dLLkHOoq+hj+TpWueRx6qkt8Dn13hjcRgEq4uTwyEA9yvolFfxpJHy/UXOctzKuV3iSl+63HTtPGyla4N3IysjbadtVWRsf9OoZW/iayJgjjYAG7JWrtw9p2vCafL+VkkDDgjAgM4wgRgl2cJ8xzH6LlWcnqd2ERK6TnccKiqnZKsKyQ6vyVS9+pyOCMNtuWEh+tuyt4GHSNuVAoIQX6nDP37K20hrFrhHJlslhZI1TIIxpz2XmfxFvQoaQ0UMn86bPB4B7rfXiXw4jMPwDK8C6ouj7pdpZi7UGkgfZek8Vp3ncz5P9d+X/AI9DpT5kV9LE5xyTkk8rQ22ifPMyNo3JAVTRRZaMclb/AKOtkMmmZ+ctdn9F6+ivHR8F1Vrxgvi1tDbxC06XBv7rOzOc5x7lXV7qcu0NPKqY2nnG61qW1HPh9zySKKPSzXjc7Is0gjbk8eqJThpiG2N1nOtLy6jpfk4D55Bk77gLHqr/AI4bjueO0075qMUZDqe6Pul0eQf5cP8ALaFnqyJmnJClayfM/k75QKo4K8zdb8snI+nUaeFFSijM140vIUHOFZ3IfzsgbKqkOMLKzm38WNDzuCg6d0Rrl0DIIUwLQM8FNgbmYHHddLeV2lBEwSpD4L74pfs1/R4H8RZn1C9hIAa3/lC8f6P3uLPuF7CeG/YLJM+meEjtqY0jCsado0N27KB2Cs6f6G/ZZJZbPQwML1W0Gs09sFZatpwBxytX1P563AVBWwkNDiEaycDXV73JmepKZslYNQ4ypVwGzMIlDEfm+PVEr4S4NI7LXWcOyv8A0mDZ9P5KjuoBa7PqryMdvyVHdti9uOCtdfZyPJRxRn+xSk4P2Sa0cpBd0+61qJ4mTyEj3wpB+lR4uykH6U6tIBkSUYfsiRPwckZwmyg6wUmbArDOG6TD3Y5RdwyieMFxySj0zzBM13bO6pqWbw5mlxOlXDSHjLTkLNZHB6fxWrlNLd6NVTETMDxwQoFdSAPLxwd02y1el3guOx7q4npRM0BvdZLI/o9nTONscoy8rCDwmt2Km1sBikIwoWgpAE1hkykk8ORp9Fp6Cp8TAJHCx8bsOCubdU6cHfgqDqp4WAlyiEVdrYMd0K5RNrKYuA8zBn8ld1dPFW0rZgPMGqqps6jG/t6oyrIZ5M3Dlp/ZT2v1NGGpt3pTTT+IweQnOESk0uZkeiszVrbJoTmBwOVEc0sPCnvZuMIFRHsCAltYGSjgE12eyt7PUgnwXH7KlBI7I8M/gvDtOVEFCWDUVNOHjYchUVbQjfZXtul+cp9RO45QK2DHDc/mmoOcPlR59UQOjccjuhs+yv7lQZy4DHdUbotBIxwmI4Gq07rmOzjsig5aNkAnKPG7fKYngQoprAF7CJA7HCnRzmVgb3AQ3xeIzI7BR4C6GYOwcfdb9PbtZi1Wm+3JpLJeZaGVsb3EDjfgreW+tiqoxJHv7LzJzJKka4WcK66YvT6Wq+Un3Dhjldqm7PZ4Dy3js/6tR6EGDAwUvDz3TaSRk7NbHZ9R6I2n3W1LJ5nrsB4I9UPQFMLcdkPTud1bWCZwQy3CWPdSHMCZp90OMhRllldX0UNdC6GdgcHDb2XmN6tb7XWuaGu0Z2yvWnNyqm8WyGvgLJGDI4KzX1YOho9T/Hlk81pas5AOFbQVOtoGyp7hQyW+pLHbDJwi2+YyODRnZcu6o+geM8hGcUpMucCTso09PnkKRE4HbhHMTXjZc+UD0ijlZM7U0pa4uA/dHtldNFJ4bvp9yrCppQeGjhVj4DG7ICU04k2uLyjQslDwDtuuqroqog4crNrg4A55TYyyaap7kNQnNBBGFITDwpJZGYIjoe+FHkZ7KdpOrHqmTQ7AtCS0U4lY9mQhRl0LxI04I3BUx7cHjZBewYG/KVJNFrjo2tluDbjSNz9bBg7qVUUw2cAsLbquegqBNA7GOR2IW/oqiO40rZWEZxuEcLM9nV08/kjtKOspC0+I0bBDa1srdDwMYV9UUmWHy8qnkhdC/OExr9DbKyplgfSycZb2KPBJt6qcQypjLJG/mq6SGSllxy08FVGTRz7YY6DlrTyFT3i0ukHjwtGocj1VtG/ODjlSCGyNAwtEJezDdQro4kYTdpw7YjlEiqJIHh8fIU+92qWKU1MQyw7nCrYnBuMrXGZ5fUaeVUsM09NLHXQNc/BdjdcBko5PWMqjpKiWnk1s47j1V/DURVUO/PcLZVbgTsbRMZonaHx8ALrAc4woTHSUcnOWlWcb452B7P0XRrt3C3DaDdEQNxyq+ut0VREWFuCTkH0KttIxhCewHsjayZ5xMS5roZXRPG7ThPeA9uy0NwtkE7XSluHY5CzkrHU7tLgd0mSMs4DRlpyVyVrXNwNl0nKYBvyktIp8EWSPfhBd5T6qxfDgZUaaEnfTnCTZWSMsgQcpO3C4CWnBCckFgslrgUTI06sfukQCCgkEJbWQsDvE3VrYupZ7XJ4cgL4XctJVQ1cLcb5QxlKt/aBZCFkcSPT4pKK5UzamEgteN/b2VVcLcc64WrK2q71FtlBDi6InzNW0oLlT1zBJE4YPbuFurnvXJzbKXDopwXR+U8hSIn4wcKdWWxkzjJEdLu47FVul8Lyx4wQtAnvssYanIw5PcwS4xhV+o9k+KeRh2dsiTwDOJLP8rG2cp4DZMHC417ZQASkGlmMI8gkigrqu2VLaimfp7ObnZwWuorzR3php5wI5cd+PyWMadXbCPG3BBacH1TITx2ZraVI1+irtjtcLzJGe2cqRFXW24fynuEcvcHZUtFeCxjYqnJA/EFMfBRVjdcZAd2c3YhPUovoxzht4HXLp90rdcJGRuNuUSxdYXzpaoZT1RzS5xjfA/wCii091udskLKxpqqc7DH1NVwz+G3eL+W5jifwP5TN21CJ1xlxJZR6fY79bb9TNqKCoa92PMzO4KsywnleFClu/TtR8zapXhmc6QcEL07pHr+3XzTQXE/K1rGjAdxIfb3TIzycu/SyXMTSmEeiEaY84/dWADfTb1ThEHD0TzHLMeGVToyNiMILovRW0tJuMDKjPpXDgIyKeWQPD90vD91IdGQmlpCgYFc0B3lcAR7hEIwuJeMhptdFHcOnnucaihkwefDPCqNbmOMUw0vacYK2yjVdupK1hbPECezgNwo4jIWN8MyTm57oegKwrbHVULvEpyZY/TuFBY8uOlwwUDWUaIsYYWOPmaCqS/wDSVNcYvFpg2GbkEDYrS+EcZwuOjKVKqMuxtdrg+DySpp7nZZtFSwhucB3YqRFUw1DRrwCvSa20QXCPw6iJpGO4WIvPSFTaXOqYcyU+c7Ddv3WadG3o6VWpi+JFVUW+OdpIaDn0VJV2eWJxfGcK/hlMflR2ASjzAbrK4bjUrnHpmRDdY8OXBB2Ki1dtdB/OpyQeditFX2cl5fBtnsq0MqKd2idhc0JLr29GmFzfTAUdzaWCGrGSNslHmt9LVDXGRn1HKZNRQznWG4z7KE/5q3vDgC5h9CgxJ9mhcrLCmGspCdJLmjsususedMrMZ5UqOpZVMEjHDJ2I7hCqKSGYeZgB9QrTcXwRPLwdEVLUDLcZPZAdRugdk7tQXUtRTHXC4kDhPiuckeGVYDmj23RxsxwypRfonUkmjYK7t14raTGiQlo7Eqopamkk0mPSc/spwiwMgbFaK2pClJ1s2Vt6oppwI6lul3qrhj4KluYJWu+x3Xm5jOdiiwVNXRyCSCd7T9+UyVeTVTrHHiR6F8uRvpG6hV3T1BXsd49KzJ7gBVdD1e5uI66MHtqC0VFcKOtbqimb+ZWSdaTOpp9RXZJLODDXDpmvtD/Htczi0/gzt+ijsu7y4Q3CExOG2ojGV6TLThw8zQQfzVZcbJRV8fhTQMPvjdZ7KsnartlWvsZVWnqC42stloqtzo+7C7IwvQbF1vbLniOdwhlGAcnuvKa/pWtosuoppDGPw5UOKolgdpqGFjxtqwudfp89Hb0Pm7tM0nyj6Niqpg4SRzZ27HIIVrT1cU7RqcGv7heE2Dru420hs8njR8ZG+F6LZur7Ndg3xTpefQ4XPnS0z3fj/JwsjujLn9M25wdwd0B7QRzlQTLNE0OieXxjsd0eKsjkwCSCexSXBnfhq4yj9ywNlj4AGQVDq7XTSMy6PJKtcNIzyuOaCOFMtEshG1GMrrS6BxdTR5UBtW+A6KhmgjZbmSlDgcAKiudlNUdowSmJnNu0ri8wRXRTNqB6hcmtcEv0jDlAq6Kut82iMeVKG8eG4MqT+6NSyY7Go8SG1FFU07ssZkITZ6tpwJBt7K4jniq2jQ/KHUUMeA5gwqwLU5R/Fj7ffnweSpj1N/VXQdabkzLHtY89lmPALTgNykKEOIk1uY4ehQNZH1aiWfuL8srKJ2WOMkfod1Y09U7SHNOQeyzsFxrqPySnxY+3co7a+JjvEgfgncsJwgcDdG9ro0TKguOCOUp6WmrYzFUwMkaf6hlQKKvgqWAtcA7uCd1Pa4gHZDOLZoVm5GWq7PdbI8y22TxoMkhmfMB6ItB1TS1BFPWROhl4IdxlaF8pfyFW3Ky0Fe0+JCGvP4mjBSdryC4vs7JFBOMtbz6KtrbV4g23UZkN7sQwHfMwDgjdwHupdLfaSr8jiY39w5V8eQNqk+TI3voqir2uMlMGv7PaMFZ21VvW3w9rHVXTVzmZHnLo8ktP3C9fZG2XdpBCh1tipaxrgY2td6gIJV46BnRHH2lh0R/aKtdxcyh6ppPkKr6TKz+6cft2XrlHd6Oup21VLPHJG8ZBa7K+Wb90Bq1SRsH3aN1R227da9C1Alt1bKYGn+6eSWkfZKdRlnGUX9yPqTqvoTpXrSF0VyoYvGcMeK1oDv17rwLrb+zr1H0/rrem3G50+STFn+YB6Ad1tekP7Qdnrgyi6np2UM3GtjcDK9Ts98orpCJ7bXR1MDuAHZP5hIcORM64WLhnw1V009LO6mrqOWmmYcOa9pBBXI5ZocFrtTecL7S6t+HvR3WUDm3i0xulI8szfK4HtvheB9d/2fuobJrrunJHXKhbuA4Ylb/1SLKX6MVunkvxPMhUQTt0ytGVDki8JxdEThdnpquimdT1lM+GRpwWvGCFxkhzg7/dZ5VsyODj2Hpq2Rjhnsrujr3PALX5HoqEhrgRpx9kNjpInZY8hInUmNqulX0biCp1AKZFMSRgLI2+7BhAnctDTXCmkaAH9lknTg6NWqUkW8dU4YU2OrGwBVK1wIyCcJwmPAStrNit/ZeP8OobhxBVRcKFkfmjHK7HVlpaATgqX8wyRoDgq5RG1MoJHOheA5ql01YIyCVPmo4JwQRueFTSUc8EzmFuw4KNNPsHmJeR18UzQ0EZPKbPSRStzyVSRyeGdjwpjK/gIlFgOY2enliOQNkqWukjcBI/ZTmztkA1jKhVVGx7tcW2eQmxlgGSyW0NZHMBpOSpLQ1/ossyaWkf5eO6s6W6xkDfP5pnYmUckmutkFQfOwHIWYuvQtNVNL6Uhr/tha9swlaDhI7p1d06n9rM89LXb+SPHbr0jc6BxJiLwPQLPTRFhLHDSRzle/PjD/qAP3CoL50labiNRgEUh/GwYXV0/kZL8zzWv+n4TluqPGsEOXX8DK1t06FraUufB/MZyMcrO1Vvq6bIkgd+i6levhI89qfC21f0kDW4J5djfhMcTqIA3QnPIOCF0Y2po4llHxvDRI1n+pdEhByDuouT6ruSgc0/QjO18FtTXargIAeSPTKurf1JhwE/+ayQkLNvVIHUQUuSi+jTTrLKnwemU19pZWg6h+qs4K6nlOGvySvJo6qWLHhPwp9Nf6qBwcf81nlp1I6+n8vKC+49UZJvnnCkxV8jAMdl55RdRGUZM5afQq6pb49wDXYcPULHdpM8YO9pvLZju3Gyguzy7EhGArKG80wABcsTFc4XO0udgo/zsGRhy50/Hxn2js6fzLj7NxFc6aRwaHD9VOEkT2ggrCRTggEKwpLjUQ7a8t9Cuff4/D+07FHmYv8AI07mDOWlLRnlVEN5JeBINlOZXRSNBDxv2WCzTOPZ1avJVW9MkeGPVMDO+UhKD9OD+aIHZWeVaRsjfF9M7jbCHg5yjZGN03AS5RSNcJqSENkk1cyEPAzKHnhAJdq3OEfIXPKqks9EGOaHtw4ZQH0MDs+XBKlpKsEcUysltw7bD7qHLDcaQERyuLOxaVfHc4ykB67q1wUljoqaTqa70TQwvc4D1Vxb+vapkgFWzUzgphiiPMbT+Siy2ykkcXeHgn0QSxIpStjymaan62oZ5PDd5M8EqfFeLfVP0CRjj7rz19ibqLo5iPZAdQXGnlzC92RwQeVShkP+TYvzR6XNDbKlhjfFGfsAFE/glE7AZlv2KwcVzvdvk8WVr3N9t1MpeuJo5h48bg37KbBsdVXLtGqfY6oDENzkYBwFHNN1DS/9mrWy/wDOq9vXtvc4AylWdF1Laqo6WVLQSO5QtNDFbTPp4Bi59T0+PFpRKP8AAE49VV0W1RZ6oY7gKy+dik/u5QfsU8O1e6F5Q2MW1mDIMHV9Kdp6WeM+7VMi6ltkv/HDfuUyWnik2fE059QgOsdA4ajC3f0CmMjE7Osk8Xe1S4HzTN/dGY+3yEFsw/Iqjf07QOOWMLT7Jn8E0bMEmPZypwCU5LtGpikiaPJICjCsyMCYLIC3TM3Ek4+7yu+BNGdpX/qVSWOg/kZrPmXHmUY+yXixn8SyuawD++d+qQfXg5ZVEKZK+Q1OsO4JXXajjDsLMCquQGDUZRG3K5tAY3SSO6vLJ8howKjtNgemF3VU/wDen9FQ/wASuw50YXReK9p+pn6KyfJkvgav8Mhz9lwPuw+mX9lUC+1wGDoP5Lv8cqe7GlXJ4L7LoSXfH98uh1271Mo/MKk/j9T2Y39Uh1BXZxhmEtzwHkvddxxvXS/qEMy3HH/zwmVWL3UFuS1mUM3qoz/ds/VTcTJaeJc3bfxCbB90vBqiMuq5v1VX/G6jP0MH5pfxetd9Tm+yDLJuwWojqxzVSH7lN8JxOS5VZu1WdtTUz+IVB+qQfkrSb7LcmXLI8c4XXtac8Kk+eqMbyKO+qqBzLnKpwcipWJF24xAknSMeyH8zTD8QBHsqY1Mh5JQSSTnKtUNoCVqRefNUv9QTDcKdvDlSl7Bs5+6Y2UOdpARRpwKdrLh91hHqufxWI9yq75d7hnAH32XJKm10UeqquMLHDkZytENO/SFzvS7ZZi6MccAn9EdsskzQWjIKxtX8QumqIEQOfUFu2zcAqir/AIsXSdpht1JBBH2yMlNjo7JPhGSzyVdfbPUmxfiqZfDb6qnu/WXSNoBDqz5h4OA2I5JXjtxvVxur3SV1W+QntnYfYKs0+YuPK0Q8fL+o59/l/wD9Gen3P4wsEToLLa3N9XzAbrH3PrfqW8BzJ7lNG08tjdgKlYRgtym+UA4K3VaCuPODBZ5Kyw46SV+fFk1Z9U3DfZDccHlMfKGjcrVVQodGC29y5kGdgA+YKHLOGZGxQ5qrB0tzuokxcSCCtMaTBbqV1ELLVuJwAhOeXfUuNYNspxGMALRGrbyZJTlN8nR90/GE3B9E8co+iLL7EAisaMZSYBgHunIWECT0k5MCGjlFaDsmgHOUYFgAyhDHjhdJwMpmV2Nhe7KIYlk4yNxcNuFYQU4ABI3XYIQBkjdG59sKzRGODmkAcoTn5B24RJAcbKO7LjvsmKGS5y2gJnajtsmIkvlUWeYYx3VmS2Q+R2BsQq2acu2amVdU4eRvflBhDnHUeEZlnYPaHOdkqRGOCuRtAA2RWhALbyPaupMGcpOw1pyeVaeA8jC4+qY4pPOShu5CNRbFSlkSc0DKTckZRAMnCKMM9lJHQAQNkRkerkJNbuCjABqPbhkbwcYzJ4RtOAhlwaMuOyjTVhJLI+AmcYI7EiS+YN4I2UaSrJ2wganu5KcyMF26qKJ8rOl7icoscbn9sp2iNoBOPfdQKu/01GSKdxdIO4QuSiW7ors05a3uFHmwMbo73tDTv2UF7snle8XB8FjHIsZXMBdSRBHMBIgYXUkUY5DI+k6sYRxwlgJ2CmqOeyN4OIgHdcARABhWLcxALp3SSUKB6VGq6psDC52x7I8kojGSMqsInrKjcDT2HolWcjYr2+gdJSOkkNZUj6jloKsQDkbLoYRgE8bBEwCArjHBUp5WEdHC6uLqYUOSSSUIJJJJQgkkkkRBqSSSCZQlHrJmQxEuP2UhUtxqhK8tzs3YLPdNRiNqi3Ijuf4jy7jKNGo7d+FIaC38lib3cmp88EWvqDGPCY7BI3VS/J7o9TIXyOJPdRw72WebH1x2nEkkkMOzUJCRUJNDEkkkoQKujlcSUYEp7Qo4XUIZRycRqFdjEwDdc1blGjYSQccqEfCHNZgZxuF3f1Rg1rWYUd3dVkVnIpCMcqJLzyivdk8oT9yMJEp84HQ4CQtB7IxwAmQD1Tnq0/YE36ONBLsokzvKMFdjbsThBkJzyrk8cCxmcvG6eCAMoKcMgYyl55yNisiLxuFLt1Nv4zh22UNzC4ggK8p49EDGY3/6pdr4wdnxunUrFJl103a5LhVamg6WkDhep4bTQMj2bpbuqHo63NpKFsrmYcRlT7vU6W+FnzO3WGT5yfRNHSqK0/bKermM1Q7fIyi08OSCQosTXPkAxvnlWUbdIws03k1xywgAaFBk8SpqfCHHspNQ4tG3oiWmnDz47hwUBpj2XlMwUlK2NoHCHEPDzK7cuJI+ybO8gAJQgnS3BPblLsbRupXpFpaomvPjuHHCti7ZAgjbHE1rGgbDhcq5xBEXpPZ0IcIq77UsfinyMjdUkVO6Z4YBkkrtRI98zpHHJcf2Vj05Tieua8jZiGb4JD75pGvttK2lpY42txhoylV1AY3cbnhSQQG4wq+pcHS49FhukdiuGFgGxpcc45R6WNrpm6zsCmxYxsE7xGsaXu2wsTYxir6gVFRoYfJHsECkgdUXOLQNojqcf9E2kgkk8WY8Ak49lZWSF+mWdw2e7b7IX0Nh2WUpHPChPBleGjckqRVuAbjPIQ7a3MuvGcLHYss2x6LdhbTQNAG2N1geqLo6eeRjXcZAW0ulT4VC9zRjYry6ondPW4zsSd1dUXk5PkrsLYhjcQQGR31EZJUS2RPra5ukbZT7rMGtEDSM91bdI0To4Za6RuzvK1Osltg0ciqErr4wXRdVeGhsQ2AACkWKg+drWhw8kfmPv7KK9rp5CVrenaAUdGJHjzyHUT7Lh6ibXB6zS1tzX6J1xeKen8OPILxpA7gK36WtopKX5mQed4w3291m53S3K6xU0JOS8fkFuSRTRNjxs0YWCyWDsReSg6gqnuf8rE4ZeN+6p7475alo7VG/zg+LJj09FYVU0clzdISD4Y1KgqZnVNVJUScuJA9gkvkk5eh9O3W8ADhW1HTOe8NaP/RQaFhDPELduyu6JhjZ42OQVEAl7I94rNEfgNIAA3VTQQumn8Vw8o3+6VZM6ed2+2VZUUDWRtaNiUbYUFllzbIA3TMFbtOQMqDRRlsbWkcKa7Zo9lmnLJqSSRyQknJK85+IV1E9Qy2wvO3meAtxdrjHbqOWrl2bEwu55Xj/AMy+61Ete/OZXEj2CbVDPJh1VmPsRKpoQIwGjstP0tbxJP8AMFurT2Ko6CLxXthA55XpFjtzaeCNoaAcZJR2NJYApj7NDZqMFwle3Zqh9W3YRRGlieNRGMZVxSjwaQvJ4yV57dal1ZWyPJzvgLHKXOTWui+6Eo2z1D6tzclgwD7r0Kn2cCRlUPS1vbb7bG0sw+QaiVoqZhA1EfZYNXLLyCSQcjKL3QkQcrnOWRjCDhJIcJISgySSSMg5JJJQgkkklCCSSSQADUkklCCSSSUIJJJJQg4kY5Qjylk+qErSyQSYnoZIxhEQ7kYO6F33Oy6eVBulYygt01TJw0I61ljI9GB+Il3M1X8rDLmOPbHv6rzupc6V+huSSMYVxe6t9XM+cn6iSFDsFMLjfKKjcDiWUNOPRdSv7I5FSeWeydH2/wDhXTFFSkASPb4jgO2VdM43TWxhgaxvDRpCc3ZY7XmeRi+0KmJJxIxhKcsDRZCWR6oWTk7ruT6qgsnEkkshGWOd9Jx6Lz/rm4CWqitzMnSNT8f5LezyiJpJIGxK8vc+a79QSztblgk0hPgCjQ2GkbFSg6MFwCPcCI4tWVLgY2GMNxg91UXCp1z6B9LdlurRYGLLvMTuSpQ8oQY2YII7Iz/MAtVeclPoHNL4MLpcZ074XhN7uLrncay7OflpcRGD6Beo/EO7OtlgkbDJplnPhtxzv6LxyeIx08FDqzJJgkeg917Pwmm5U2eN8/rFCGxFvYKYtgdUSDzynVn2QrlUGWTQ07DsrPSKWh0MwHBgCpADJLvuSV7BfasniYL5pqJo+mqMDFQ9n2WqY3BBVZaqYQQsBbsB+pVq12ey4+plunk9p42tV14JLGgNKi1E2fsj6hoJPoqurmDThIjHJ0LpYiV9dOA1xyq+DW94Ge67O5736RncqTQxkSYA4TEsdHNlyyypGhg1acIss22lJoDQduFBq6jQSFsog5PCMWst+OpmL+JHUL6C3Op4naZJSWN9l5AzU9+TuTyrzre9Put/njDyYqc6GjPdVFKBnOM4XufHU7ILJ+a/qvyP87XSWfx4Lez0xmkEYGV6ja6VlutzfL5iFjukra2WQSY9O621e8R0rsbYGF3a1hHgdRZulgoqxxknLiQQfRdjZnACGjwg7ZVzlhFUj5XCmgdLwG7ry++17q6vklc7IBIWu60u7qKjdAx2HO2BXnDZSTqJyuF5G/K2n0D6co2t2P2hzxnjZBqG64yD24UgbIU41NXBWWewUSgr25GpU0jdyM8K+uPdUb/rKhydXHEwTBgo2nCawgHCK/GBhQzxWQJ4P2TaMfzR+aceD9k2j3mH5pcjTVjfH/Jsejh/7wZ7levkbNbngLyPo8YuMZP9Q/zXr4Gd/YLLM+meG/2jjeysofoB9lCY3ON1ZxsHy533wkYPQRXBgL40vuJVbcYgKYbdldXCMPuTtW6g3Fn8nACLByb4ZUihoYR4+S3t6ptSMndToItOduyi1Y32WiBxra8QZFaz34VLf2BvmA3IyVesGCq69xNdEdQ4C1VdnA8is0NGTZvldck3krrgVvjyjwL7H04yFIQqTgqRgkIoMTNkaZnBHKGIyN8o8rDqCRYNKTOOXwWmRu5B2VrbqrGmF36qrkG6UdUY36g3j3WWyOTdp75UyTialkvhPDgMrV0EvjU7STusNRVHjMaSd1o7NW+FUBjvpcMfmss4nvfHamvKeeybcaUPOcYIVLPFpzthaush8T+Y3BaQqeppcDgLNKB2LIqSyijGWu4Uummc3GEyWHQcpReVwJ7JL4ExzFmstEniRFjnDGOFFu1JJRTtnbs1xwVDoal0TtidwtNPE260DWYAk08+qtSyakt8cGbroW1lJqbgkBUtE98LzGeMq3gkdSzOppgeS3dQLjT+BMXgeV24RxXJlsWzkk4Ejc9kyWMOHKbQzNki0Z3aiEYRTWMYDi98UyFKzQRgJh2UiTzEZb+6b4eO6SDJYDW6umgmaGHA9FpMtniDu5WTj8rwVfWusGnS4q49ja5egVfRZBGOyy1yozE4kN5K9BlpvGZrDeyz91t5dnyhNXInV0b4ZMaGlpwU9j8LtaxzJizGMIcYIIzymI4MoODwTIzny+qFMwtIICLFuEVwDm7p8JYJKO5YBU1dNCcNUogCZlRC4DPmHsVBMek7DZFY5wxgbD3XRovxwcbWeP8AkT2ezW2LqCWklDJH5afflbimnirI2yROGCvJGP8AEA2wRwr6x9RS294jlJLc4/Jdmm4+e+S8fKuTaR6Ro2ymFqdQTw1sIkjfnPb0Rnx4wtSkpHBknF4ZCdGTjdN0Ed1L0BDc1XgIhObjCjyxg8jKsHRk4yo74+xSZrIcZZMl1LYo66nL2x+YDO3K88eJ7fUbE4B3XslUwAElYbqqytMXzVOzfO4AWC6vJ2vH62VWISZXUdW2dge0/cKfDKXYblZujmNONDhg5VzBMCAVzLINM+keM1ytiotlk+IOb6/mq+opuNlPhdnAPdSJoA9o0tWVo7u1SXBm3tdC4EDGFNpKokhpRqmkychoUQMMR4S08EjDY8lxHh7c7Ljm4UOmqAMAqeMObnKauRvYAAZKT26hunuB1ZT4w0geqANRyV0sOD9P7oD4yRwrWSIOHCiyQ4H0/ugJKOCvcwjtsptlvUttqAC4+GTuChPbnsok0ZJy3lJl/YkJyrkpI9OD46iBszMEPbnlVtXTA5wqTpu/ln+6VJ22DTlawRCVocP1TYz4O3XJaiK/ZnXxPhdkNXHRtnaWvCuKqlBH07qrdE5j+MKxFtP7KrQYZHMI4UmCTA37qRUUrZmam7OH7qEA5jtLhghHCWDHOrBJkYyZhY9oIKyd2tzqWcviadPOFqo3g7HZKso4548FvKfGZzdTpY29mKjmzjIVpRy4wA1RrnbjROErTlrjj7LlDMMtHrlaa7MHAtq+OWDQR6ahml4CE10tDLydJTIHloDuymvY2rp9LD5h+y31XYEzrySWvbI0Padikq6nnfROEM7djsCrIHIyAt9dm7hmV1ZGuiDmkE8qqr7SySIgN9891cJpaDtlSSyInV+zDyQyU0hjkH5+qS0tytjKmMuYN1mZYZaaUxyA+x9UprBlnBxHcLhja7ZPb5gEXSRj3QtZFlXU0xzloUYEgkEK8MQcDtyoMtEWnUBys9leOgsZIa4WghPLCDglcZ9QSGikAc1zDwmqaWt0HbsojmlpSWghqlUNwmoJRJEfu3sQo4OUiMpkJOIMoKXZuLPf6a4fyjlsgHB7qfVwRzswRg9iF53C98MgkjcQ4bghaO19QSuc2GpcDnYFa6789nPu00lzEmvifE4scOOCmqbI5swHCiPic1xIHKejOpPOGdbK5ucHCNTVes6ZHKG8E8HCaGY7q8lShkumFrhqachHgOs4JwqNlTJE4YO3dWDKyEgEv37olLPYmUWy3YzuFJpXvhflp+49VEts7Jn+FnPor+CxyVABiOM7+qfWYrcR7AmaN487sKGXOhk1xEg85BwpdVbqmnJbKwkeoCivGDjCdnIiLRe2jqMPcKWva1zCMBzgplXYqWsBnpXAO5y07hY14zhTrZe622nyPL2+hRrgCyvJv+nOvaqyuitF7aXQt8jJNO4HuvTqGogrYW1FPI18bxlpBXj9uuVm6kZ8tWs8KTHOw/dTbfJeekK/5iidJUUJ+thORj1Hunwnjs5Wo06k8R7PW3MzhLw24wq+wdT2zqGBslJIA/G7CdwfRW+n3TlhnNdc4fkiDJRA47qHNRSRb4yPZXWn3THtyiCzxkzz4y077Jun3V3JRxvBy3BUOSkcD9KmSfJyQNPulp91IfGW8ppbjkqdjFNAsDvuq25WWKsGuHTFJ6gYyrjw/dLw/dBkYrMGOfFUW9wiq2bHYP7LuA4ghaqSnjnbolY14PYhV1R0+GZlpH4P9BOyocrMlSyHHuiCFpGkjIPKkNhlYAJI8FEFOcA8KnFMJyMZfuiYqhpmoHBkvOD3WMqaOutryyqp3MA/FjYr2YU4djthBrLPT10fhVEbXtPqOEidKxmJqp1bhHbLk8b8YSbpT0sVXGWOGD2Wrv3QNRSOM9s8w50rMBkkMhjmYWOacEO2WOVck+UdKm6M47olS+11EH4chRpoY5WGORv5+i0msEAFQ57fHO4vYdLu/olTrwaq7pLsylRaqiH+ZREuPcZwmU9cSfDnwHDY59VoKiknpTk/T2IVfVW6lq3+I5mlx5x3SHBmqFu7gF5XjylQqugfIC4YXR8xbZCx7HPj7OHopkdXBUDkApckOUvZSsZU0zyWtU2lv1TE4Nk+kbKXPEHDYA7KumpRnYIW5xeYluMbPyRpaWtpapoHiAP9ypgYMZwsK5z4XtLc5+6taDqGWBwbMCWn81phqE1iQi2hx5iX74T2GVxvis+lzh9ii09VS1gBilbqPYnCkikc1oIAKdGCn0ZfklWyVbOprlQYjleZox2dytNSdQ2+tABIY88g7LFvpy0/T+6G5ukZBwqdeTo6fyc6uz0bRFM3LSHAqBVWmlkdl8Lcn2WQpLxX0DxolLm+jitBSdVU1SGsqBpf7rPOk7On8pCfZDqunWiUmnJZnf2UM09dQSam5Ho5q1jZYphmN4ORnlDlia8Yc3IKxWaXJ3NNr16Y2xdeXW3FrJ3GWMch263lr6qtV2aB4gikPOV5xNa4icsABKjxfMUVRqZsWn9Vhu0rTPU6T6gnCKhN5R7LHLURYkifrZ6A5U2C4Mk8sg0lec2jrB8WlkpI+/C1NLeKKtZ9Ya4+iyuqR6rReQhKO6mfH6ZpWuDgcDOe6E5gwdwFUNq6qA6oJA5p/NSYLpG7y1Hkd6jukyWTsValTWJIdVUEdY0xybHse4WXu/S03mexocD3C2DZmvyG74GeVwS520qsuLF2013HmBhr7a/ylwA7KwpL9nEdQN+62FztlLWDS6MNJHIWOuvTM9KTJTjWD6cpqsOXfppQ/FFiySCUB7HAj2Kc9hwMArK+JUQHS/U3CnUvUEgAilcdtslMSTRl3Sj2XLiRjbK5phkAD49/UIcFfBOAXOAKkBsLxnn0QOOQ1e49kWS27+NTzPa8bjDkejvV0tu1aDUxe31BckNQw/yBkehQjVQs8tS0g98jlDKODRDVN/2L+hvtvr8eFMGuPLXHBCsPq3AWP/hlrq8SwudFLyHNOEWC6XSzHTM01EHY8kBJcTXDUP8Aq6NPIMqsrrJR1gLtAZJ/U0YKPRXygr2jRKGP/pdsVMIOM42PdXg1xshP8WZEG82ObVHEamHuM7gK1t3UtvrHCOTMMndr9iCrN0bXZB49FUXGyUVV5tGh5/E3Ype0trHJcuayRucBzSoFfZaKvi8KSBmPsqBovlkfqhlNRCOATk4VnSdVUs2I6hhjk752QOOeAZpT7Mpe/hpHMHvpR7gLMQnrfoepE9FJOyNh2AJIXs7KynlYHNkGD7pk9PSVjTHK1rgezkmVeHwIlRH+koelv7RFdCY6fqqg1tA0+ICvVenfiL0tf42vpLgyMvH0OI/QheRXL4e2qrc5zWaNX6BZGv6Gu1hmNVb5DIxpyPCduPyUlUmLdThyfQ/VPw26U6zp3Ono4fEeNpogMrwfrD+zz1HaXST9Ph1YwbtYOcLth+KvVPT0gifO4sZsWyZXq3Tfxvsl2gDLnG2KUbEg7FA6MmeVddnB8rVlHc7TUOpLrQy08rDgh7SELUHr7MuVl6K68oi2qgp6hsg82CA79V5B1b/ZubCZKrpOsETfqEUz8AfmstmlMl+llHmKPD9xuOyfS3GemlzK7Uw7fZWd76T6l6endDcrVKzT/wAQbsPuD3VM5gx5iBnlZLNOzFtlUzVW/qCB7QyQ7dj6K1bMHgEcHusAI9I1sOPspNFe6yidp1lzR2JyskqDVXqMfkzcteRv6IjKpwO4VJQ36lqgGuOlysmnxAHBZ5VNG2N0X0WMdae6NqbNjVjKrG+U5T/miMbcJOxj3PjkbXWxwaZ6c5HJaq7xXQOzIMK3bW7EFDkhgqRgs/JMTwLeHyAp7jG4BrXBS2zax91W1tqkgZ40AxjsFDp62emkHjElhH6I44aygXL0W80bTxuoUscrDqiCLFXQyP0h3KM8ANyEcX6AfIGlvM1NiOcHHqryluUdSwaDk91nJtH0vjGCorddK/XTyuGfQo12LUmng27ZNXZNmYHc8rO0fUEkZDKluR/UFbsrYqpgdC7PqMpq6C7OSxdlEloYZd3xMP3aFPJym4x3RRk49CrK1PsyV16Lt1YHPjiEUju7dgs1X9ATsjBp5NRzvleoSNYRwo0kY7DutNestr9nLu8Vprs74ni9b07daJxHyzngdwFCfTVUQzLA5o+y9wdTteCHsBHuFAqbRQzAh1Mz9At1Xk/Uzian6bqk81vB40TlOO4XpVV0baZzkRFh9iqer6ABJNPVkA8AhbIa6qRx9R9PamtbocmMB9SkT6FXlX0TdYjqgcJAFWT2a6UrSZqZxbnloynQ1VT9nMn4/U1fnAjPLjgh36FEpLhU0UniRSv/AFQSx4JyD+YTfZO3RlygVGdfrBoqTqwbMqqdvu/GT+auqS+W2qaBFVtY88ArBpjQ4OzGcFLkkzVVqbInpbamtDv5EgeB2ypLbxWxEeOwgD3Xm0dVdaRwqIZnjHvnKlxdVXGF+ahviNPIKTKmL7R0atdKP5M9Jg6igOGvG/3VhHc45APDed/dea0/UdHO7S9piPYnhH+auUp1UUrZGjjBWKzTVv0dHT+Qf9LPUKetfyHn9VOhu1QBpG+F5TDWdURn+7JA9Cp0PUV5piPmGELFbo6/0dWnyk4/kepxXJ/MikR3Smdtq39F5lS9cx4xOHOP3V1T9Q2ydgkEoBPIKyz0NbOpT5j+5um1cbtwQiCRjxs4BY6G7xSuLYpQdKsIq52kEOz9lls0SX4nTo8vH+pmgxnfVskQR+LCpWXKcEeZSGXNhwJH5Kyz0s49I6tXkq5otW9108KHDWwPOA7GUZ8rHcH90j4ZrtGmOprl0x2rzY7J4Iwo2fdE+xx+aXskh8bFLoInIGsA4Ty/CBRkhiYRPwPRA8Ydgn+L6NVbWH8iXY4sBGDuhvpKd4w6Fh/8IT/E9l0PHdRJ+gJSjIgT2a3uOTTs/RAPTdvf9Icz/lKt+e6QGFW2T7BddcvRUHpx8e9Pcqhp93lIW/qCmINNdXOHuSrrIT4xkocf2GKlLptFSys6sp8aXMmxzlSHdUdRU7R4lqLsckNVq1mBkd/dNLXn+oK+f0XGqUXlSZAb14WACostU13ctbsjs+IVqcQ2WmqIz7tRjFnluf8Awrgt9JJtLTsP/hCra2NzZH2Hh6ysM4GqqEfs/ZHdfen5XAsuUZOPVVUths8p3pWZ9wFHk6Us0g/uMZ/p2U2r2Fvu9GgbV26YDwaqN3/iTonRnGkg+4KzP+xtOwkxGoaPZ5XG9KVDT/KudVHj0kKrYVvtXLiaoxDkA/oh6SOxWcHTVzBwy+Vee2ZEUdN9TNGpt7H5v3V7Ale0ui/w/wBHITmY3VILR1U04/i0Z+5XTZ+qMAm6RfqrVeQf5WPRc7/0Jb/0ql/hfU42NxiS/h/UA+q6Rj8lfwN+yv5ePRdaPZELQ0btKz/yd5Bw68M908UNw5ddsj3OVf8AEb9l/wA1/wDKy414PCeJG8YCpPlDjz3OXPsmiigJ81fMfzV/x0T+b/Yuy+MDJcAAmiqp+0gVWygogcmomcR6uKeY6CEanvGP8SKOl3AS1mSx+bpzxIE0VkZOACfsFXvvlhoxiWelzj7lQZuu7BS5LHh/sAp/Dm+gHroL8pGhFQHfTDJ+YXS18mDjH3WMrfiZSluKODJHCpaj4g3ifeEiMdtk+vQWCLfK1R65PTmxaTh5A/NRqu52Wi2rK0NPcYXkNVfLrXF3zVZI8O5GrZRS5xGC4kfdaY6Fr8jHZ5mPpHqVb1v07RM8SmDqiT0wqas+JsjmD5CijjkHDi0ZWESwOVqhpa4+jFZ5O238eC8rurL5XEvkrHjV2B2VPLPPM4ullc4n1KQOEvyWj4IJfaZZ32T7ZzSB2SAASSRxrwJcv2dyeMri5qC4940o1U2BKSQtXuuGQY5USSYZOCgGoccjdMjDBnsu29B56nfyjOFDmqXuGE4EkklMc33TlWuzFPUyk8MAXPcclGZ9ISDGjsnAZV4wBnPJxEG6QjyiCPBzhEEkxNiyuhmDnKJrDW4whOcTkIdrDXQUYHddUYEl2clHDtuFW1lnE5rCDkhNJA5XfFDhj/RNSyEGJGPf7oHiuzxsuEOO6NG0OdgBVgalkcyJ8pAAVlTU2kAkdkSkphHGC5oypjQ0cDCPZxkfGOOSMG4GwSRXADKjk8qhspbRPcAN1FklAG2P1XZpQAR7KtmqAAcf5ozJZaFnqBySFV1NVklo7rlTUOLsBCjjdq1OChiss3HfCdIQ52EZrQ0YCe0DHHCcOUQlyw8nQDlPHCcNIbuhOcAoWnwGYQAcoMkgd3ATHzZ2CE1pyCc/qmwhnkvPofvnfuiiMuXAwkDIRmp6iiYGsaO6cBjuukgJj5mtGOUPRTkkFyG8kIFRWaT5EKSQuQQxxdklDJ7uBM55Hmpmldudk6Nu66xjWgk9kOWtggbnxBlVF4QiU8Pkk4axuXcKLUXKCMYa/wAyq6u8vflsbgQqp85lO/dC7E+BcrsE6vulQ92GS+UqFkO8zjuUIklcyUpybESucj0qd57HKDvndIEk7lFGnC+idnyEaOF1JJEQSSS60HKNLITeBydgJAHCemipSycwF1JJQAYuE4GURR6kgggFQMFMfE8oKUcQZuO6UTDnJRtPugDOJ6bp905Hgg5JJJQgkkklMEEkkkoQSSSSIgk1OQ3vawanHZLk8LLLisvBEuVUYISGuA9VnwXPdlxUm41QqJi1hOkFCaPQLm2vfLJtrht5Dwgjcp9VMIoCQME7BcjyOyh3GY+JoxsAlSe1Bx/LBXPLi7c8pieTk5TErOTVjA5JJJCECRUJFTRokkklCnyJdAOUgO6JgYGypoS45EAkeF1cPCgQzGXKVEMAIUTfNkjhSWjAG2FAXwNeSOO6DKRjlGk+lQ5CfVBKW1Eisg3cldj5yUMnJRot0tLIzoM0gA4CYHZck5+kHZcj2P3RMAO1+GkY7IGckp7/ALoWr2VMg5JJdAyUpvBo08d08BIANbchaiwUIrK6FkgJaCCQqO3UzXSBzhk9gt/0paphN84GjS043WacsnsPF6TM0zXsayjpg1oAwFnblVOfPqznP7K3u1RoiDQceqzwJmm1Z2CS+j1/6iiTSA5yRurNuNIPqolPHsNkWV/n0Dss1mB0ftQ2fL5A0b9lbQMbFBG1rcbbqso4i+Yyu+lW2MsyOAlmqqORP82Cp9sg8STPZqrG5c4ALSW+mEFO3+p25KVY0bqoYeSS0dlTXqt0HwAcq3ke2GN0jjsBlZGsn8ed0gzg8JbNMntAySYIGnOVtOnLcKWlbM9vnf5lkLdTyV1xhjjbwd16NHGIo2sHYYWe58GjSQzLcMmeWEDjKhlpJ1Hui1ZPiAZ4XGvyBssE5ZfJ1ujjOUGskwzwx3RnFrc5KjRxmorGgOOGDJ/6JQDfJN0iC3gsHmfsraijENHHHpAOMqtqSXyxU7W75yQrWocI6UYHZKlLBppXOSsqJnF5JOd1ZWyNogzjkqqaRLUNae53V7pZHGA0YGEjtmttJZM/1lc/lqXwGOwXbLCxABvjvO/b7K06vuTKiqFOzJIKpZZ8QeFjCdGJ5fWXfLYyK2KWurmwt3dI7H5LdtYykpWUzMAMaB+fqs10vSNkrHyEZdG3ZaSTU6TCRfLEtpq0VbS3e2SrXSyVErI2jJe7H5La1jPlKXy4GG4VZ0zQta7xngeVuy51PWS6hBGeRhcHVS3WcHq9LDbBNlh0ZbzWVslylZ/LjyAfUrRXGdjA45wMFA6To5aCyxsm+p/n/VV3U9UY4i0fiKxzWTbHgz81RgzSMODKdLfXHqo8TS84yu/3vnHAH6KRSR53AVqPsTN5LGkjMuiJg9lPu07KSDwIz5y3CVqjayMy48wBwqu61JqaonbDRhU+CEamYHzt1b75V9Rw+JKDjyt3VVbockyuG3ZaG2xEt18BDKWA12WUQDRkBNMxB0kIow1qhVtTFBC+aR2nQMj3SUtzG/JsjkxPxLvTXeDZIHed/nkwe3os3RwCNjYwMYChVNVJdb3U1UuXYecHPZW9ujL5Gj14W3btikc5P5ZuTNB03bGySCV7STlei26n06dsALP9N2t0MQc5uQ45HstbC0RtH6rHdLk2Vx2lf1VcTSW4QxHS6U4HZZ7pigNwusbZBlkfnd7oXUlwdcLnoa7yReUBaToa1yxtfXv2ZwB6lZrPtQ01ukh7Q0bBWsQxG0eyhQRl5DiFOb9IXKvn6ADAYXRykkOUgMIOF1cHC6oQekkkoQSSSShBJJJKEEkkkoQSYknoABiSSShBJJJKEHEjHKAeSlk+pTM5RJYIIoRJ4RCQhnlR8liWH+Il30sZa4X4cfO/Hotu46Wl3oMrx7qe4m43ieYbsafDH5FbdPHLLbwZ+teA3TlXvwvp2zdTNkIBMcZLcjg+qzVYHF2Vv/hHSxh1ZVuYC8ta1p9MZz/mFvtSjUwISyz0rSOwTPxJ44TPxLlyeUaJLCHnhCeTwikhBfylrss6ujlcSREHgjRjKAScpy7sW7nCYlkMper66Kiss0pOJOGrIdJ0z3SGo7EZKsfiFVxnwLdGdT5DkIlgpXU8ALhjbC01rDKLGd5jaTlUjyXznG+6s7nOPDIHKhU8Y1BxHZb4IgVoIGCiJwbsg1lRHR0z53nZq36av5JYEamXxw3HlnxMrmXLqWnt8D8Q0wbJpz335WRt7DV9Rz1Egy2DkZ2+yJHWy1punUUoy+XJjyeAOE7p2IwUZllbmSd2tx9V9F8XRsqTPmXl9Q7ZuJYXOchmG4GoodigbLWa3DOjcAoFxlGQzvyrjp2Bgh8THmJ5XTvlsg0YvG0udqkaSnwBgdlKagQDupbTgEriz5Z7emCihksuGnsqK5TEcKzrJMAhUVW/U/BRwKvniOAMf8yQDCtLdEA92VDpICXj3VtHDoAxt6o49mBvCCPaGtIBwsf1pdIbVa5Zyf5mCGnK1VQ7Tydl4v8AFu+tkrKeyUr8uflxcDt67/lldjxtLnYjyH1X5H+BoZzT9YMMXOlkfM85dK4uJ+6tLZRulOwVbFGdTWkgnjZa/pugPjgubsMZ3XvNPTtWD8yaq7PJs+mqAUtG17mYcRldu9SXvEDHbN591axRsgpNR2DW5Wce4ySOdyXHK2OOEcly3SORt8ykB7WNydsIcJx2UHqGq+Utz3juCEq6W0fpo7ngwPVtyNbcJMSamMy0KggyTkpwlMoe4jOXk/umRuOrGF5TWWOVjR9Q8NWq6UiU7YLkm4XCcgFOe30XPTwz0USiuIyCqKTklaG4xuw72VBIDkjvlGjka2OJ5A5IcpAOQo34lIZ9IUMMDh4Q6UiKo0u7lFAycIOkipH5IJGmDxJM2vTG1xgx/UF6+OG/ZeP9MkC4QZ/qC9gHDfsskz6Z4R5pDQqfGfIR7KBApzPp/JIbwekr5RkK1ubk/wC5UKvYQ1WFWD/E3/coNwizBnCtSyc2a+1lNHGCTjjCg1jQJMeitoI/KSR2VdWM/ncd05HK1MfsILGedzvVVl8diJwA7K7YwCZ49Aqq+w5idkdltpPN66GaJGObynuATG8/mU9/C6Eej52+GEo+QpZA2KhU2z8qxjGWBWkZp+iPM3GNsoZUuQDZC0Eqn0RMhyN25wgPZk8qbIwjZR3tJWaaGxb7DUE5ikGTsr6CfOmRqy7GkHlXFBONIicVmlHJ3PG6vbLZM39oqfmaYtcc4Cc+l8TbhUtjrBBLoJwOCtMA0gFvBWeyJ9E0tsbq1gzVbAI5CMdlB8JwOcLU1dJHPGQRvyD6FUc1Lp2xusU1gZOsHA8sc3fK01nuPnDCQAB3WUIMT2nH5ZVlS1IbjAwR3S+gqXh4Za9VW7dtfA3AO6ppmirpM8uatpD4d3tggcRqxt91j6iJ1rqzBIPKSQtNZV1XbKeBzqeo82wOxVsYsDOVGutMMCaMc75CLQVHjQtDj5mbFXKOTPD7XtOGPHIUeWPjAVhLHgcZUcxnulSbiNlHHRDDC05RIahzCMDhPc1MDdOyBAJ4NVbK6KoptIHmbsU6ppGz/hVFbKk01Rq5DhghaeKWOojGNk0enuWGYG8WwsmcWtKpHgxvxhekXK2iXPlG6wt2pDDORjG+yNcHM1ml2regEZ2RgMkFRWbHCkxcN/NNRz4LgT2A7lcjO+MI2MpjGEEhPjJxKsh+hxaW4ICex5k9iEhjTjC5pLHAgbLfp9S00mcTyXjFqY74rk0nT9+loZWRyyHT6r0akroa2FssRB23HovGtWQFoOnuoJqCVsUr8s43XZhZk+a+Q8fKmT3LlHpGMJhGMbptJVRVsTZI3cqV4YA2C1p5RxpS2kZ7BhQpo9XbCtCwHlRZI/QK3HJIzyU88ZwfsquaIO2c3UO4V/PDjP2VXUR4PCzXVpmqqWTzvqOxzUUxqoG6onEkY7eyh0NSCR+hC3lfC2phdA9uzhz6LAV9DJbqtzeBn05XNuqweo8Xr3Q0XtNK04GRv7q2hwW51ZWapJNg7KvLbO17vDJxtkLm2Rw+D6VoNZDUJYCTwh+4blVtTBgZ0rQiIEcZUaqpMjAACzNHWlBYyjN5cx2ym01UThrl2pptByG4UTGkhUpYZnw4suW6ZG5xlDxpOEOjmGMFSizO+FaeR0Xk6NxkhBczI4RXDGAnaQeBhRlqOStmg5wFCfER2Vy+IuGQFDmhHphLksgSiVrG6HEg4Ws6bvUjx8tORhuwKzE0JJwFyGd9M7LTgpT+1mjT2uqR6VIwPGexUCqpmkbD80GxXY1dOGTOGWjZWb49YBCYnk6W9WlJKx0ZxjlRqmAPbq4cFcTU+dy1RXwngNRIG2nKKdodGd1KZLqw0pVNOcggdlGGqN2CEyLObbXgfXUENVD4T27Hg+6x1fQyUkjhEXADstuyQEAFR7hbYqpuQMOPdOUsHL1OkUluRlrVVzGTwpHZGO6vIHOY/LXLOV1FPb5iNwM7EKyttYaiLDz5m7H3Wqu3HByJV44ZdysZUw6XgE9sdkClqXwP+XqCcA4a4pU8xZt6I1RBHWR4Iw4cFb6rsCJU55Jnh4GQM5QwxzTghRKC4Pif8pUHOk4BPKvHRRuYNhuMrdG3IiVeSuczLSqyuoWVEZa5gHofRXj49OdlFfHvjT+6trcInTu4RiXNfTTeFKMeh9VYRtErRsrO52ttRGXtG6pIJJKOXw5skcZSmjBbTKuWGSHRnIBGF2Wn1MGG7qU1rJWBzd9spEE7Y4VbckjEoKyge0504CgvbpJJWpnp/FB23VPV26cEkM5KTZWC47SubL2xyutjDwfdN8MtJBT43Y7cLLKIOSPNEY3HA2XB5wFNLRIMYUWWEx8d0HRSlngbp90mOcxwcDwkCF3I9Vak48oYy4tt004bK7ftlXsc7JmZG+Vis4cHZ4VnSXF8RDc7Baa7fUmc+/T5lugi5nGHbBMBwnQVDKpvOSE2UY43wnZT6EbWlyOAB5TdOg6lxkzBs44yiBwcdkaYDiHpLhLTSagOFtLP1C18LDrJH33CwxDSMFOhllhdrheQtFc9pivo3o9dhniq4g/IdnkFQq6ztmGunIYfTsVlLP1QaZzWVAI7E9lt7dW01ewOilaT6ZTnNM5rqnU+TF1Zkp5jHKwjGyY2UOGRutvcLdBOwtnga7I5wsNeLZNZ3/MU2ZInfU30UcsdDISUnhhqepLX7DBWosHV9Rbj4VaHzwHbBOS37LCQ10VTkxOLXt5aVNp7iI8Coft2CuFuRk9NFrOD1WhitlymNfYrgaWpf5jGHYBP2W8s18qSyOlujGiQDT4jeHFeB0tS6PFTQymOXlrmnhaq0fEaqt+mK8wCVnHiN5/NaI2vo5Wq0k5v7Ue4xObJw4InhH7LOdM9QW690zZqGoDiRlzM7haeN2sAaeFpUso404ThJxkgBjA7pphaVM0ey4W+yvIpldLQR9woE9M5rshuyu3Bzti1J0DXHcKFplDpKWn3VzPQMc3LG4KrnUkzH4LVBql+yH4R9U7Q52xCPscIrY2jlWXvIMlHG4anNycKFJRu5aMBXTmoQZhQtTKYwuZsUtBVs+ma/twhSU2fpGFWBnyFaYgdj3VRd+k7XdG5kYWyH8YAytC6Ej8K4YidsoJQ3Fx1EoP7TyS9dEXW3EyQgTwjgtG+PdZ+PLXaHDBHZe9mm8pBGxWdvfQlsujXSxxthmP4mDH6+qRKk6NOu9TZ5eBHI3S5oI91X1drb9cDcA8hXt66QvdncXNY6WIfibyAoEEpDQHndZZVYOjC9S5gzPz07ozpe39VU1VsacywjS/nZbp9JDVM3G6p660z0zTIGlzc9gs1lRuqvx2zKRzz07gybcepUlr4ZR2yplTSsnYWkYcqySlnpiXNJOEiUHE0ws39D5qJrxlrQq+Wkkj/AA5U+C4tBEcg++VKHhTNy0g59UDimOUpLsoY5J6d+qN5afZXtt6pqIiI6jzDhR6igackDCrpaYNJ2V/JOvop1wtXJ6DSV1JWtDo5G5PZHqKVpaMtAyvNoa2po3ZjeRjtlaS0dXgYjq8kf5LRVqFLiRlu0soLdEt5aRw205UcxEHccK2pqyirWAwyNORxndcqKBz8ubjC0cS5iZd7iRaWsnp8BkhwN91c0t0kcB4p2VG6hlj3BB/NMjrXQksezJCVKK6NVWssp5ybGCoinbkOCUjWOHIWfpLhCRq1Fp4wrCOcyY3yCkToUjs6XycnHMmSDE1p8o5RqWpnp3AxykIDZNt11so1bhZp6ZLg7Gl8w65JpmloOpJYy1s4yOMrRRV1LUsBa9pJXnhcCMZwnU1ZU0zsxyED0ysdmij6PX6T6qe1Qnyj0cSGIaonlpG/KPFdGbCYAH1CxlF1O4ER1LDp9QraKqgnAfHK12exKzT0uD0um8vVdHMGamOogmGQ4Lr4WyDSeCs/HI9u7CRhSKW4TRu/mHU30SJ0NHSr10ZLEglwsFJO3du57rMVXTRE7oxhg7OWybXwyYEhweye9lLUAeI3IQcxKlGu3mLPN6u1V9IDgF7BwWqNHdq2ABjy9oHGQvQKy0VTAZKKQEd2uCpqljJB8vcqFhb38uP3VmW7TtfiVVL1E4MAkw4j0KtYa+huDNMgbnHBG6pK7p+gyX22Z0bvRx2VdNQXSgAlYRJ/yndWkIk5x/I0kttewl9DU4I30kobLtX0n8uvgEkY24VJD1HNG0MlDg4c55VnBc2VAGpzZB3aVbhkpWNrEWSHiguB8Skk8CX0zjdGpr/fbS4Mq2iqgH5kBRpIKOYamAxu9WoLhURN0ioLh7qvjG1Wzg/tNlbrzQ3ZuIHaJAN2O5RKiN7PMRsFh2tOfEb/AC5B+NhwVZ0fVdXR4ZVNE8beSeQEqUcHSq1bfEy5kdqOk7YUSts9LUty5ga4/iAU2K5Wm8Rh1OdH35yk+mqIN43629krBrhZGwzc1qutA0SUNSZMfgccJU/UE0REd0hfTkd8ZCvn1MkeDIxMe2jrRl7WavdA0mE1/wArOQXSKdrQ2qDmnjBU4EFu2MHv6rPVHS0T366aoMOeQ0nChma9Wg6ZMzQjg87K8ANzX5F7X2i3XGLwKqmjezfHl4WTuPw0i801nqHxP5AJVzD1DDpBe7B9DsrWluUFQ0OY8ZPuoJ2xs7PPIqrrHpR5j8SbSD9TckLb9NfGWYCOlvODjbJVnMGTga2sd9xlZ+7dFWW56pPBMUp7x7bpbW4CdM481vJ6QL1ZuoqQRAU88cg3Y8ArG9TfBXpa+NdPQ0raGd248IYZn7LESdJdR2T/AHm03SZwaciMHG337qxtXxT6gsj2099pzNENiS3cIJ1ISoRfFqMZ1J8H+rrBI+akiNZC3szdxHsO6xkjXQSGGrp3RSNOHNc3BH3X07a/iB01fgzwrkxkp/4chwQUa/dHdO9SQn5+hjMhH960AO/VYp6dSFWaSuXNXJ8taG51RuwfYqfR3qsoyA9xc33Xpd++Bj3vc6yVjGAbgSO5Xn906M6ksYca2ic5rSfMBkEfdZrtL+jM6rKn0WFL1JSzYZJ5XHlT2zMkbqY8OB9Fg36dWHsdG73R4quqiaA2U6fusf8AFknyiv5ElxI2rtQ8wdj8l1lSYyDhUFH1E9hEdSzU31VlHdKOd2lrtJ9+EDoGx1KZatqnPbhx5QKimhnYWEAEnII7FR/Ea/6SuiR4IwCUvZgZ8iZBloaildqA1D1CJBXSA6ZTsp7ZyB525XXw0VW3GA1x57KbSpZ7TAGSGoxpdv6IEkGlupAnoZ6dxkiJI9QUxlzkZgTtI9CjwL3JfkELSCQQk2pkpiHRuIPsjfMQTNBB39lHlgcRqbgj2RF70W9Ffw7DJ/1VkKqKoxocsW9rs4byE+KtqYTku2CgLn6NeS/Oc5TlnKe/bhr3K0iuUD24Lhv7qbwdyfROL28HCEWNOwcAgCUOPlKIQQM5RrkptMGYmnt+6E9h5xx7opO+MoTgcHIKagOgRJBXNDHbPjDgeyc4HKblXlroppPsFJbLbMDqoo//AChV1X01Zpz5aYRuGd2q4acZTXDON0yN1kfZnlpap/lFGVd0Vbjn+bJugHoKAn+TKTn1OFrdPuu6cbZTVq7F7MtnjNM/6TFu6Ir4D/KrYiz+knKFL0XXSf8AFiH2C27gD3TS3blG9bYzM/E6Z+jAP6Fqz/xWfopNH0lcqM6qeo0HPqtjpIJTHOc7OARj3RLUyn+QpeMphzBGZkd1NRPMbMv9+yC+pu53rKUPH2C1D3l/KFhXKxSKek/uUAmpsAVFE1h52CQFvk2blpV4Yo3AgsG/soz7ZSv5jwqyiv47XRWva+MN8OpOBnG+Eo7rc4D/ACqokD1yVLks1PIdiRhCkszBjTM4fZDtiHBTiGh6ou7ANT2H8lZQdajwwKin845I7qgfb5WbRkv+6Z8hUAZLQhdSY6N9sejW0/WVHkaw9n2VjB1RQzYxUFufVeeupXgjLN05kT+yTPTJmqrX2x7PUKa9UZw7+Ix/bUpjLvD2qA77OXkXmG+ESGocDvI4fms/8RejdX5W1HrzbrA/ADs/mpLajWAR3XkcVyEW4qn5/wCYqRHfK7I8OseQPdL/AIiNUPMSXZ6sJsnOEQTHHC8uZfriMH5l36o7ep7gzfxnbe6T/D/Roj5dPtnpgfn8K74rt/LhecR9YXBuAXOP5qRF1tUs+prj+ar+Jxk2Q8pCR6AKo9wu/Ng7YWGi65w7+bCSEZnWdDJthwz7qlpWx8PI1/s2hqiBsh/O1DckPCyP+09O45Bd/wCZFbfonkFrzn0yotG/ZcvIp/1Gn/ilW131ZRxe6hozjOFlm3Zx3bg/mu/xp4GDHt65VrRouPkGupGpHUcjdpAAEh1JQt/vHYWTN3jP15TXXGhI3Zv6qLRhf8Qn+zZM6htEmz3lHZcrbIAG1en88Lz+SopXnLXY/JCfUxHh5Qy0SJLydkT0kVFHti4k/wDjRWkSD+VUA5/xLyx8pd9Mjh+aCaqqZ9NRJj0DihWjIvLWez1nwKgnU2Qf+dIxVWNjn/xLyf8Ai1a04FXNkf4ymm+XXGBWS/8AmKv+E2X/AMWh7R6qWVQ3z/8AVJmp/BlP6ryg3+6Z/wC3S/8AmKH/ABm5O5q5D/4irWjZT8tWvR62ZTg/z/1coslVHGf5tZCP/trf+q8qfdKxx3qpc/8AMVFmqXOOXuc7PrunLR8CJ+ZivxPWJb1bYhmSvjz7HKgTdWWmPI+aYV5j459/1Tcg7lFHSrozWeZnLo9BqutaCFuuIeK7sAq2X4g1jvLDSRN9DpyVkElojoq+zNPyNszQz9WXaoz/ADdGf6dlAnulwqAWy1Ty30yojV1M/iwXQt6i2XbHOOR5jk+6DjfOE7kjdPa0YUjWolKTl2IMaBjAXGhwO/CenYCKS2lpZEBhdSSR4yTgSSfrC4XAodv9iZwNTiccJh4QyTnlNUPZW5hTJnsmukGMIbpANkAzDBR7UhdloV0pycKO+dzhjCYZXHIwmK8GaVzfBxziTlcTc54CciUWxc58CSTWtIKKwHbITVEWop8jMFFY3G6dgEDbCWcK3EZFBOBgDCQcO5CWoEEeyBgkql2HnASXBxgoYJJxhOawjBT9AR7eCHY4gQCV1wDRykCGhR5ZdWyW0kym8Cmm32C7A/fdRyMncqdbqKSqkAZwOVAoZkyTBD4uny7Kyp6OGIiTTv6I9PSNgZjSEXThQ2wikjoGBhPO65p90OaUNGOUZYOQhvdQ5ZNA5BylUTt3yeAquqq2kEDdQz3WpI7V1enIBCq5JnPyFyV7pH7HZKNhGHKHOnc28HI2F7suUoMAAA7JjQBsAiIoxyBnPIk4kJqY5+nkq8EYR0mx3UR8rjt2K7IS5wwiRxjIJCZCDYOUdgjJOXBSAwAg+i6xoA9F0hoGdX7J34huWDuAk5wDTuEJzsbZQzk91HLAG5HXzkEgBCOtx3OycG78J4AAyFWULcsDGswMkbrhka0YABx7oVVVxxtIfseyoau5PLtLOCUmUsGedyRb1tyEMeAefRUU1QZXZPdMMj5N3nK4kTmzLbZnoZ3ykkkhi2+xcXnsSSSShZ6Ku5KckvpcY5Pk4kjuku4KNR/ZQ1rd0eNh22SjjzvhGaxoGCjUtoMpZG6WjhdSSRADEhunprjgKFjZnNjZkn9FGGXnUU6cF5XW7DCnYR0ABdSSRxQYkkQDCWn3THEg1JO0+6Wn3U2EGpJ6aRhRxJ/k4kkkltYIJJJJUQSrbzUtZF4TT5iplRIGAb9lmKmY1E73k99lkvs42mmiPsHGDlTYm8HCjRAHGynRAaRsscY57NE57UckIibkDfCpZXl8jnOOclT7nPg+Ew423VWH5JGOEm184GVR3LIxJJJANHJJJIQxJJJJo1iXRylgpAHKpmd5bCAd0YDGwQRwjK0EwSS5kJzPqChYWNoByAjnAamRjYHC5KMhU+Rb5BzEeoUObgp0pOrlCJzhZ7BkVwDaHF+eylx/SgtA2RgRgqt+0JjHokaHg6kbYNUi+QHLByY4PKYOFx253TWq1LJWW+giJECSABlDxhTrbBrd4hGwOEqZ2vH0b8fsu7NQkvjywnJyV6Va6Y0lK3Ue2cLO9N20PeyQt8jBlaKtmMMLnA4AWd8HvNHQqa8lTdq0VExZHxwh0MJc8D91DOZZRpG5OVcUEBLdRCzzlk6NSzLLJYa1jc4AUVjfFmc7sUSrfoZsnW2AkFx/CC5ZmbFzJJEloaxjWNbpx+6nNj00uHc8qCzM0rWtHJU6Z+BoHZC+jZVE7QU7pqhoHA5Wmb6KpssBax05H1bBWcj/AA4nSeiyzeWbKotLJUdQ1Lg1tMw/Ud/sqCYgENUmsqTUVD5icgbBQdPzEsbM/W8N/VRvgtre9prOjaBwa+ve0Yd5WLUOcAColvpm0lJHC0YDWgFOrJtEWpu5WS2WDr6ev44YYCTMkhJSA0jVyE3nSM+Y8j0RJtLIiT2WRrcx85YRFnlI2Ck2mEsPjubycqDHmaoa31Vz5YItIHAQyjgqv7uQtNiWtc4t4GyJc5i0iPtjOErZHqzORjKiV5dJO4k53Waw2VdHKKJ0lSCN8HOVaXGpZTUr5HuADWH/ACUe1RlrDMW/VsFUdZVxhpnQDB1jSB/mUMYtgau7462YaV5qKmSpec6icfZDe0veNJySkNhglSrRSGorGkNyB7o3wjzcIu2aX7NNaaSO224Oe3+ZL5iVMo4XVL843J2Q5w6SWOEDygDYK4tlM0VEcI775XO1VnGT1NGnxtS9F9QD5SiJdtkKupWOul8ijc3UGuDtlYVUrIo3FxAaxqP0LReNNUXWQeRp0t9T9lxZS3PLO3Xwaypb8vBhuBpbsvPOo6mWorREXYaAtnf6zw6dzg/B4AWA81XWumLshmcoIrIc3hD4/wCVSub3UqgY50Q2zkqFNKDsOFe2OlEjBq2xhGLSyT3yR0VCXkbafXus5E41DySNid1O6iqzrFNG4aRyPdDoIA2MFw53SpywHGOSypo2hrW4wPRX1IwCJpaFV2yFr5f5gzjhXflYwNAws9nIzG3kaTnYLEfEa8uorf8AJRHEs50tPoO5Wylk8IF547leN9TXN17v7/N/LiJY30HunUxyZtXbthtXsFbacwwgyeZ7t3H1WtsFEHzxPkbsTt9lnoI3PLY2DfYL0Hpm3ObT+JKOMJtktqwJ0+UsGsoog1jGRjbbZE6hqv4dbHyNd53gtbv+6NQgBokLOOFl+sq6WavZTE4jYzOB3Kwt5Z0I9FPQQOrK2Njnbvdz9165Q0rKOjjpmAYY0A+59VhuibS6oqDXSsHhs2H3XoUfIwseps52osmUjG+CM8oqHGMNwiLlzeXyEgy6Acrg5RNiBshBOjhJJJQg9JJJQgkkklCCSSSUIJJMSUIJJJJQgkNn1BcRNbfVV0AOHCCeSlk8ZTDupjBBPfpQwcrpGe6QGFTeSDclJJcJzsOUUVkbAqOq7gaCy1D2SaHvaWg+i8fkcXN1OO53W3+I9c8Sw2wEgga3+/ssJOcEABdPSxwDPCI0wDuV6t8M6BtP094wGTLITleWBushufq2XuHTlI6hstPSloAawbD17puqliG0XVHLJ6EiucAdyhLmdGhD8lcTUkJYxJJJEGPXcDG/C4o9yldT0E0reWtP+SZHspnn14kir+qCWjLIjoB7ZytFGPDbsFm7A1tTVvnkGXayVpZBhhW6C4IV9U50km52KJANIGyA/wA0qlM2aFsgslhDsMrFfFG+OtvTErGO0uncI8jkAnG36raEgDdeSfFaqZc7/bLPHJiJo1y++OP8iu34yndM5PltQqqGjG3Boo7HSW9jtpHNL8c4zwrmANip2BowA0Krr43T3ttMQDFA0HCsZ5wxoAG3ZfR9CttSPlmtucrWRCDNU+bcErZWeBkcLNIwAsvb4vGlBAzutpRxeHC1uN8Jeqll4O54en7NzJrQNiiyEEJkXBQ6l5DQsG3ng9DnaiuuFQGh5z7BUwLpH6ieVKuDiX87IMAy4bKGS6zJOpGEEEqxAwMKJTN0gHClHzZCbX2ZZ2bFkh3iphpKKSpmfgMafz2XzRcqx116hrbg86m6y2P2C9e+L99Nu6fkpYn4lndob/qvF7fC5kILt3O3JK9b4fTZkps+Kf8AiJ5TfOOlg+uWWtspjU1TW4yG7r0Sy0QaxjGt/mOOfsFk+nKaPAfjLieVvLWBHGZCMnGF66EcHxjV2c4LKsk8Oj8PYkcqkjYXHB2yps85lidlAhbkDARt4RkhHLOmPSN1598RbtM3RRtOA4LfVbzGzUAcALxPqi5OuV1llLstYS1u65uqnlYR19FTypEammx5MKQ3GrjCqYZyydrjxwrPUHtDx3XndUsyyfQvE2b4bSQ0jZFABac9lGbkd1Jb9B+yxez0VZV3Lh32Wck5P3WjuIJDseizsrSHH7ozma3KmAwNeAijhC/4iKOFb4Oenhj29kHA+ZRxygP2qAUqw0weTW9PbXCn3/EF7DHl0bD7BeNWT/t9Pv3C9opMOp2Z7NCyyTPongJZhtJEGM7qwiH8vJ4VbpIJVuxv+5DHKS+z1kVxgx1aMXN3uSh1oJpipFwaRcCcdyhTjVDoxyqOfZ20VcTdiq+rZmY7d1cMYACFX1UJMxIHdPgznaiOY4RXBv8APfuq2/MzE7f8Kti3E791W3+M+E7B/CttXZwNdDFEjCN+ooko2b9kN+zvzRH/AEBdGHR8ysjtY2n2ePuraMZaPsqin/vVbQbtaij2YrBz2rjYxjhFLchOjiJ7InFCPlwQpYe2lQpmaT9P7q2ezOxUSeMEbDdIsgPhZnsrcAOGFJglMRDx2Q3gg8JoOO6z7cGuMv6i/t9a2TS5uxB3ytnabgyUNhldjPBXmtNMYXg8LW2WvYXNBG4Cz3Q9o9l4XyPSya57BwNwqy40waBKwfdWNJP4jQDyiSxAt0uGQVgsie1ilYsmTmjB4CHESwnJVlcKcQS4aPKVXSsxuEn+wmS2M0nT1foeI3OwCpnU9pFVD85FyOcBZSmqPDcPuvQrc5ldQeG7fLUfQz/cjtMHCfHgdC8ZcxQKdzqOrLTsCcYV5dqF9sri7HlcVXVlMCfHY3PflGjLKOJ4ZO1axs1AlbpOMcotE4PjBG+36IksWcHCk1lDu0V7mob24CkSRkHGENzCkCWgAeWuBCvbTWkENceFSFuOSixuI2zhQuEtrNg4MnaHLK3+2sJe4t2PB9Cru21IkiDDyEWogEzCMJiDtj80Np5jLC+CTD27990+J+QB/qra+W6SAyue3GeFSRgjG6dE4c65VyaaLKLzAHCdp9kGmcMgZU0AObgBaE8opckcd05wBXJARunMIyrjLawX+geD6J4BBzhHawEfTlcEe+CMLo6bWfdhnD8r4yOoW5Lk0HTfUbqeRtPM7bsV6LBK2aJsjTkOAIXjL2Ojw5vIWt6T6nkjHytS/LRxld2u1M+Z+W8bKqblFG9Q3R57okD2TsD2HIKcWrUmsHCzgg1NNtnHZVE8WMjC0skYcN1XVNN6AJdkcjqrcGXq4MnYYWfvVqNbTEMwJGnI91r6uE5xhUlU1wcsN1Z0qbsGDpTLTTOpZ9iOMq0hlLHB+OPdN6itzn4r4di0+YBBopBUQgjkbFcy2s934TWYwjU22pZUNxqyccKY+PxAsrQ1ZoqgPP0nYrW0L46mPWw5CwWLB9D0t0dRXwV1ZR5BON1SVNI5jtlsJoA4bDsqqroyewWSaY6dWejPxPdE4bK5ppRI0BQJ6VwcDhcgnMTtLtsKKWDPhwZauZwQuZxthKCRrmhE0FGuRsY7gYAPIUaoi7gcqZp90tI7qBOvBUuiG+QoM8OdsK7qKbbICgSxE4yEqS9gOOOgdDWPo5Gu9Ft7ZcIKyFpY4asbhYGWM8qZaaw0swfkgdwgUvQ2u1wN/JCHDIA3UOanxvhHttfDVxBzSCe4ypckIcMtTjp1yVkMlDPBntwq6qg08DBWjmp8cN/dQKimz2VrIi6pN8FFqcxwGMKbE9rwAUOppTnICjtcWnfsmJ/swzrxwEuVqiq4DgA/6LGSw1FpqsPB052Pqt9TyDOlx2Iwol2tMdVEfL/6J0ZHK1GlzLKKWlqmTMD2EKfBKcALOPiqLVUFrs6CVbUtQ2Rocw59QtVduDBOvbwyfUUkVQPELcO4yF2guE1JIKWqJc0fS8+i5FLnDV2ppXPALQCt9VyRlsr/AEXLXwzjLSEySmA8wCooKiWhmDgSWnkFaWkqoaqMOYQfUei3V2ZRjlHBAkixthU10tLZ2OkY3BC1M1MHDLcBQ5Gb404RNLIm6vcjEUsstJN4Lz+qtowOSj3e0NnaZom4cN9lV01Q6J/gVBwRsCpBHOl/pvDJunbIGya5uppb6o4+nKYQQTsqshkm7Jn7lbCwF8LeN1VgYz7rYkA7EZVNc7XpJngbseQFjsqfoWVLHbojmNe0bqM5pbunRvOwWdxx2Axk8B5aNlH1HO4VllrhjCBNTHYgIJR/RalkG05GSmB5Bz6JOYWp4IPHZL6L6JNFcnwSg8Dv7q4iq4pxkOWbc3HdPgqZIHauQnwtxwKsrUujSOi1bggoEj5oCNIyEymrWPaDnlGkeHjyrRGW4zODQ+CobLs92l3vwjgysOWgH/VV0kR22RaarlpyGu849CUyM/2IsgWkMkZALiAe4KvrVVSwYfDMR7ZVC00dczAcGP8AQ7LjRWULtUbyWj32T1LKMt9e5cnqNs6iEwEVW0emVYTUlDXRksLTkcLz20X2F7gyoBafVaumly0Pppd/YrRDD7OZZVKEsxM31L0lJAfnLezQ9pzgd1nG1skR8KthIPfIXqL6mSRobM0ZHfHKprnZrVdwWeVkvqBhU445Q6rUvqZl6Gt+Xd4kD9TDy0lXlHcqOvDoXM0uA3a5Z649P3Oyu1sjMsWcjHoosNVBI7zao3jkcIflwzQ4qayjXxuuFmlFZaaqSIg5w1xwvVehfi9DU+Db7/5ZfpLxsPuvEaO61dP5S7xY/Q8hWoFFXN1MIjkx9lqquyYNVpY2xxJH1fTz0tXE2ajnbKx2+WlP0ZXzl0n1xfuj5GxF7qml4LSey9x6R65s3VDRHTv0VIbl0btj+S0qSwecv0ltLyllMuvCXNACnmIYyWqOW4OExYZkw12R0pImSjDgjmIjfCHo9leCZK2ptgeCYCGu91VvZWU8mioaS08EDZaYMITZo2yDDmhw9FCZM+2YH0Kfq9lJq7LkmSjdoPJaeFUyVE9I7RUREDPPZQYkmTMLmkEJsFXDIBh25TwN1YWARjGUzwmqXoOM4Q9KrBMkcx5GEtBR9AS0BVgvJGMTXcgH8ll718P7Xc3F8AZSn1Y3v6rYaCloKXKrcMhdKt8Hil06VvdhkJfTmeDs+Pc49woDJmSeQ8jkFe6zQtkGktBHuFmb18PLRcw6WlYaWoO+tmwJ90iVJ0atanxI8lrrPBVDVEGxv9QNiqKqttTTkiWLLfUbhby7dLdRWIl1TSGaAcPj32VfFLBIfDlA32IKQ6c9nUp1axwefVFugmzpABUB9LU0rssJIHC9Grekaerb4tu8kh352KzldbKy3vMdZCQOM42Wayh+jdXqlLopaarL/wCXNt90aSmhmbkALtRSRHdux9lHBlhdjKRKD9mtS9kee3jfDcqDLRPaTpBV0JNY3CHIzIwkuGOQ1MrKauq6J+WucMe61Vr6wZIGxVf23WcnhyPp4UKanfkYCONk63wC6YWdnqAfFOwSxOBa7fIQpqSKYeZoz6heeUd0uNAR4U5LB+FxyFqLT1fTvxHWN0n17LRG6MliRkt00k8xJstA+I6o98cJkdZV0zvN5m+ndXMU1HWM1wSNOe2UCelY4HLcFMx7Qrc4cMVHd4HAB+oFWDZBJhzMEKgno2tOWHBQGS1FNJkOdt78qrI5Y6F+3o1PijGNQSbMCceqpYrpG8DWHBylRVAlxpygdSaH162cWWfiAEd1JhqjHgtOFVePjGQuibI5KzzoydOny7hxk1NDe3tw2SXA+6uaa4U0gBEgyVgY3ZIzupcM5jIOFls02T1Og+pdqW7k37JmybtIICksqXx40nhYulvJp8AuICtqe9U8mATufdYZ0Hs9F5miyO5Pk00V0nYf5gDmohloLiNErBk+oVRFM2RuRjdEYB32WeVUvR1q9V8v9yTVdJU8rddDLh3plU1XZ6+jJEkZOO+FdRSzQkOikcD91LN0c9oZM0Z9Uv7vZoars46MBV0FLVZE0Phu/qxhV01kAbmjqMPHuvSp4KOrjLZYY3A+gwQqms6ZhMeaN2lw9d8ooyj/AFCpaTP4Hn7qq5UnkmBIH4gptN1FENLKiMgYxqV7JYLgNvDjlz2VJcLO1jy18Do39xjZMco+mZpUW1smQ3egqHaA8A+6leFSvAc3b9wsrJRRxg4d2QmS1bAWsqXBo4GUiWGB88lxI1MlE3WJKaYwPH9PBU6jvlxoCGVQ8SP+obrHwXCshfqMpd7FWkN/pMBtU7Rn1GyWPq1Movg3FPdLfXtwXNa48goc1sxl8Lsg+iywZT1IEtPKN/6SpNPcrjREAPL2Ds45QpHRr1Lf5Fr/AL1TO7uaOx5CO2qglbpmaPsUCPqChfH/AL0Cw90YNo6lokgeHh3p2VG6NkZoBUWi1VxOqPS71aqyXp6voy6SimL2DgZ3Vs6DwzlhIK6K2SAgPBI9QqYyVUJLhFAbpW0hEc7XDHdTKPqOCZwhL/N7q1e6jqQHSRtLu+yrazp6hnzJAAx57t2SXLDEuE1+JZfNlwG+coNTR0Vwi8KspY5Gn1G4/NZ51tvVM4xxzlzexynQXuWm/k1jHc4z6K+wJJy/JAbh8PqWV5ntM/hSA5Dc4/dQBP1p0uXNBlfEPwnzDC1NPXRTAOilBB7Z3UoSh483m9iUsyuldxeGVlr+McDIxDeaBrC3YlgwVp6bqXpbqKnbmoiIeN2PwSszc+n7LcmnxaZkcjvxNAGVmqno+ro3OmtspGOzUsXL5YcNZN9cvhv0neYDimaC7cPjxsVgbz8F7lTve+1ytkiHAd2USHqHqmzgwOfOxufqc04K0lu+KFc2nbFUxa3t7juqnBSFba7OJrB5ldekb5Zi51TSFzG8lgzhVDZd9xjC+hKLqyz3UMMgjZIRuHBR7h0l0veCJZ6Nms8uiwM/dZ3RkTLSPus8ObXTswWSKXFdakYD3jC218+FFNGHT2mqc3PDXbrH3HpPqK1El9E6Vv8AUxInptvQuddtfaCx3WAjS53mRIpmyeYOCoTzonhfG8c5GE4PAGBK5Z5aaSB+aUezReOQcYzlMMUU4LZGNIPqqaKtnA06yQPXlSWXGNoHiFL+JoYrovsJPZZWZlo6nB/pJQBPX0rR8xCS31aco/z7JceG47Jza2MDD+6vayOUX+IBtZTPGSQD6FNc+Bw+vlPmho5nawwD1xsoc1E/mnf/AOElWoZEzlMKY2E5BC64OBBaeFAkfXQ+V8B27pn8Tx9cZVbEL+RR7LcV9RCANWUWO8y5w/hU8dyhkOk+X3RfmoD+MfqrccFfMvRoornHpBcd08XLH4gR6LOCrj/C790RtQcbcK8Mr5UaA18bhjTumCQEZG6pmzHPKlsqCMA/qiCU0yd42Tt2TTUjghBZPAOX4TtdLJy7JUGbkE1g7pawh+XPlOy6WlQCSyOLvdcMvbCaYzzumnZQW8oed1zAQi8j8KaZiPwowGkP0bkg4yh6fddEwdtjlMcCM7q1JlbUc2CRxjZMJOVzJ9UTm0KcdrEedlwgHlLISyEakw3FMamage6dkJjkaeTPKCXQIsY47tTTCzsnZC5qKjBcQHhN4xskaaAjBZuiLhIxhDjJeGRzR05OQzC4KYNPl2RTyuItqKw/Y3DguaX/AIeU9JVtXYSA4rPyXQXfi5XfEHqueI1VsSHKWDhc89lwahwMJ3jM9EvGZ6K1BLoLcN11HZ2EvGqW/wDE4S8VnokHg52RTgsEVjYT56sbtrOfuni7XAcSnCAXnGzUMuqBw8folxrWRkbJ+mTheK0bOcSixXiXUBLwfsqwNmPLgU9sEhx5gjdaQSus7yWhubCfO9dN4iPdVzLe92DIQnCjjadxhLdaZctRZ+ywN1YRjJ/VN+ezxqOfdQs0rOCP1SfUxsAEY3VfHguN837JprHHcAobqiU/VJgKH4kzz5XABdbHKd3vyjUEgHbPJI+aZnBecrhlkI8p2TGs3GQEQN24UUI5Cbchpc88nK5lx5RNA4XMBTYgkhwG2/KQOSnEriWkGkEZ9ITkFOanLoYgicm4KeOVY2PPAsFOG6dsQNlwuAQ7VILocGZ7JJnib8JNGpC4ZZG2gpcCmF5O2EmxklP04GcI4wx2T/IMtPK5hKSoa3Iwob6gkkY2UwKsmlwSTIBzj9UA1BP4QgF5JykBvnKYLdjaOySudwFxjSU/A7rhIwrwxLlkRAQ3d108pAZKNRAbx0CPKeAcowptslPDABwmqJMZBNYMIgj7hLOOQnlwxwjSDUBqZJnbCcQSeE+NvmGQoEkCAcTwnsA57qSGt08IOk5OyWFjB3QMIZ2RSRv7IDiMJmST4GPfnbhRxjguCbUSEHA7qbabW+peJpBsN8FLFJOyWB9utzqxw8n5n0WjhjipIhFDGBjk+q7DSsiA8MaUdjBsTuoba4KCBMceSOURzvZceQzshGXbGFBz4COc0NO44VdV1AaOQm1VcyPIyqKrr2yuIY4ndQzXXKKH1tY7OG4UEukeckp+nW7JGU9sYxwoc6y1yYNrOCd0QAYXcBdUEjRyn5AblB1IbpCByU6MtqCckEdMGnGB+qGHmVwbwgkOkcNlIbCQARyjitwtzyPDAOUQEJun3XTunxjgXubYTXgcpjpcbFCAJOclE0Z7KBN5RwlzkhsTlLVo7ZUOqr2wjfYpbaQuU8EqWVsQyVVVd0duIio1VcXynBOyj5Bz2ykynkRZbk5LUySu/mKOBk8oxbnuueH7oDLKTbOAYahnlEJCGeUsESSSSFIgkkkkf4lt4PSEkl0cr6b0fKRye3AcCAlpOkbImMd0SWQZPAhwm5wnkYTFYA9MST1ChIE0mHaQiPfgbKPpJdqKgyI7nldThwkmxiEDAOUQcJYCKBhFFEEBhdSSRkEkkkoQSSSa5Qgzb1XEkkmTyQauEjHK6o1bIIojJnhJss+NZLjHc8FfeK6MMMTTklUsYcTgp08jppy4+qLEBnGOFzZy3yydCuGyIenjORspJeGNShADeFFq5vbCp8IpfcyuqyXSOOck8qMpLhqLnFA8Pc9lnk+TTFYQ1JJJUWOSSSQhiXRyuLoHdNY0eAMLuAkOF1QUwoGNguP+krqY5zdJ3UCAknOEeFrsjAQPxKyga0RBxG6oROWBAADhRqg7KU8gAqvmdk8pcpbQYtsA76iUwcghPlwSmxg7ZWectw5SwggBxwm5Pqi7aUBmS8lVjJUXlkiMBKQ4xhdZ9JQ37kd+U38UQZ+aewEdk1n1BFONPCEZSnKeEJ5zgNHK09kodfhjHlG59ys5QMMtW0AcL0SyUQLGADGMFJmes8RTve40lrphS0gAGMjKgXerMkvgsd5Wjf3KsayoFNTEA74wFnyTI8kncnlJb4PYPhJIPQR5cXkeyuoWhsQwMKtoYnHfCnSPLGgBZ32aa+iNVu1yeG05VpA0U0HmO7hhVlIwSVbde4zlXcrGSkQjnlImjVUtzOUEPlfOR2wF3Blkw3cnhSJj4UGhoxtwh2thmqQAOEqUsHRqTykXtDEYaZrCclRr1VGCm8NpwXqyGI277ALKXqrNTVENPlZsAks2SkoxwQDwd1Z9LW8VdwM0gy2HzY91UPkLNsZyt10vRR09tEjR55DlxSbeAaE52plu4gA9lBmeXEDO2VIqT5c5UNp82Vjt5O236CgYGpAqpjjThSHPDW4wojm+K7SBlJSxyJsbxhEyz02oOne3Y7BSqhpcNAPKPCxsUDWM4AQRl8rW45SpPJorjsgiXA/5ejJA3aFWyO1uc4nlTqxzYqYsG5KhNjBDeyU1kepYRbUBAo2knA3Xn/W1eyouDKaJ2Sz6lt6mrbBQOAGnAXlVbVisuc07B5dWEyCRzPIXfZg7ISAA0LTdOUJp4RUyjOrhZuIePM2PC3MbQGQQM8vlGyTfPbHAjx9O6SkSKWMGQzP7cLQWiMlrpdIGdge6oxGTpp2jzSOAWqp4hTwNYBwFw9RZlYPX6WPsqr7MC0QDkkZ/NbewULbZZYwRuQHkfdYWCF916hipR9GQ523ovQ7nIKana0bNaOFz2svBt6Mh1ZcpG5Y3vsFTUzPApcfik3KHdKp1fcS0btacYRHnYD0GExcAOWeAWklwA3OVr7XGIKXUdshZe3R+LVtaeFpriRT0Ja3bZQpIoKh3zdxLBuMq5gpjGGtxwqW0RGWsyd+60rWnbbhZ7BtawTLdBhxcOMKcDlCpWBkWw3Kd9A1E7BLHcLsz/Xd1Fsskr2yaXHbHdeVWmFz9VVJuXnIytD8Sbsy53WG1UzjrjcHP32woEEQa1sQ8q01o5N7+S7+yLSzU73yCUNJwdl6fZ6N0VPGx5B77LH9J0ZqKhrWNAEWHO916DRRObIMBI1MsS2mulB6iZlFSPmk2bG0n7rAO8S6V7nvJzIdvYLZdUVEcNE+nP1SYAVR0rbo57gHyDaNuQsU3g1YNnZLe2hoIqdgxhoJ+6uaNueQosRz5WjAU+mZoAOFzrp5ZCSBgYSSSWBvkMMiNQ08d0wAdkJJmD6p6hBJJJKEEkkkoQSSS5kKEOpJiWQoQScSMJhIQXOIJ3PKrJB55SyVwb8JKwB6GeF1MVMg08pJJISCQs4OS7Abuiquu0/yltqagnGI3J8Flhnl3VVwNffqiQO1MadA/JUk7gcBGmeZZHyOOS4k5+6ivdj3XVoWBdhIs1G+vulNSRHDnyDfHA9V7zpbHGGDYNGAvJfh3S+NfRPt/KYT916tI7U3OMLPrJ5nhB0rAN7iHbFMXXDBxnK4sZpQkkklCCSSSUIEas51vWSU9qxG7HiO0laMZOQFhOvqpzqmmtpyNB8V/pj0Wivvkr2BsUTIoY3gbu591ZVM22MKPRsaKdhbsMJtTKC4AdlviiCj3cpQ4UaI8e6JnC0V8MFrgVXL4Tc5AXg9wr3XjrKsry7+VR5jOfUL17rG4xW+zTTyOOWtOwPOy8StLHRWmprpf7yqOXE8k5XrfDUZe48h9QalxarRJt5dUVFTWE+V7zjPoiVT9bg3hNoB4VINuSU1vmmy4k7r3lMNkT59ZL5LeC76eg1HOO4Wvj8uMhUlhpmRnzNwOVegDsVy9TPM2e28fBQpQUO9lEr3YbupI7qrrXukJyc4OEiHJsufBUV0up4GOVIoGFw14+ygTu1VOM8K4oW6YmbJslgwzZLiADdgntIa0k8BczgBV3UVwbbbNPUl2C0bLRpYOyaic3yGpVFEpv0jw34v3Y3PqqOjiP8qJudOe+VT0sOoBoHsq81Ml1vNXWz5cS8kHPbsFf2GIS1eCMhe/8dT8cUj8x+f1stZqp2S9s1FloBHEwacbLQOmFNRvxzwodHG0ANaONkqrLqyGlJ8pOSuyuFk8nbLdIlAk08eeXcqRTjABIQ5m6JPCaNmqVC0NaEi2ZdWUZ7q65MoLdKS/SNJ/VeIPkEkjn5+okr0H4qXWOFjqXkuOy8xgy7clcjUzPRaKH2biQ5uN8qyo36oBnlV2ny7nsnUFQWT6XHyu2XJuW49F429U2pMtBypLSNI3UVEHKwtYfJ7CDWMg61uWnbss5VNDXEe608u4GVm67acq0Y9ZH7ckCRu+yKxJ2MpzfpVnKS9iQ5G6nNwnf8ROOAQSOEscuy4tc7vHh07EObuvcrUS6kif6sC8CopdNREAPxD/ADXv3T2JLPTnuGgJM0e9+m7HP7SYWj0VnAM07R7KDp91YU4PgjHoszR7aBlbqA2sJAUR+7BkKbd2H5sk+pUbSHM2QnPs/NkIc4wokgHiHKnsA+YaO2FFc0umIHqmx7MN0c8FTNHipcoN7j1QO2z5Vc1MWKguUK6x6oHbfhW6g4msjurlA8xOzyPdEkOGhDqvLWPadsEp2oFuy6dfKwfK7+JuI2Iebcq3gaRG1UmrzYAxgrQ04Ba0+yJLBgueEPa0nfCNEzI3SDduFIp498cJkY7jBOeWQpovbsoMseyu6in4ICr54SBwhlEZVZkqJWDOVFxpfzyrCaI5yoT2EHhZLFg6NcsodyQVa2qocyVpHZVI2R4iQQPVZ2smvSXvTz3I9DtlbrwQdlfnEkbSNtl57Z7oGFsRytzQVjXsA7LLZA+oeM1q1FSwCuFCZ4sNxqG4Wfmic0mN4wQtk9mWaxwqm90IMQqYxuOVisjjk6Nsd0cmZkzGQWrX9L3TGiJ7huOFlHODjghHo5jTytfk4BGyXufQuuWGbXqKibW0xka3zNHZZCnfrDqd4wW7LaUNYyphBznIws7fbcKSoFTC3AJ3R59l3V5XyIgUf+7TmNw8r+PurN8bXNBVY8+K3U0bt3yrGjeZovcbJgEGyNJEM8fugPhyPpx+asnw5GwUVzd+EvIyUCtniI3AQWOOeFZyw5GcZUOSAjhqBrgQ4NEijle1w0yY9le00wfpyR6rLxZY8Eq1o6gbEqRfI2t4JV1t4qmOkLQ5p2I7/dYO40fyk5AGGleixy6hjlVV8tUdTC57Y8O9k9MRq6vli2jEwvLDyrKkmydPqqiWN8UpjccaThSaSTS4d06JxFmLwy1nh1t1NChsDmvwdsKwppA9oBHCZV0mA6UBMaGpChwQnObuMBRackO3Uxg2RxeHktxTQtLX7FQ3TPoavUwbKa9pODlNmp46hha4b9iurpdR+zynmPGOcXKBsOkuo/EDY5Jfbf8AyK2sb2yN1tOy8Np5qi21AcCQAV6N0t1NDUNbDO/nYHK7FdqaPmXkdG6pNwRrkGaPU1Eje1+44TtOe60fkceEmmUdfSZyQOFn62m524WzqYQ5p27KhrqMgnASbYG+m0yc0TXSCF7Rpfkb8LMVdM+y3DAB8GY4HoCtpdKMvjIYNJws7cmOrKQUsjdUjD5HDlc62vKO7otXKt5RDJa/thWVjuhoJtMpJjft9lS0glnie0YM1Ps9qMSZMAbFcu6t5PpHidc7EtrPQA+OZgkY7IIyo08OvhVVhuzNIpJzgjgkrQth8UZHdYZ8Hs9PL+RHJRVVAPqAVRUUzmO1Y491sJKc4OWqqrKLVwOUprJJ0ZKilnIeGu2Vu3S5oOVUzUr2ODwOE+krWmQQvOPQq4zxwxShtZZ6fdCmbgZ5RgEx2+yMc0DBDvKdkCopCW62DjsjOjcXAhSWN1gNOyGSyL2ZKCWH/D+6jFhZnAV/VUYG4VXLGM8JEo/oTOtnbZcZqOXWw7dxlbu03CC4RB7HDONx6FecvYWqdZLu6gqQX50HYoq5tPk0UXKEVGR6E+NpGwyoc8IcOMKTRTx1kXjQv1AhPlj9lqg1I3KSnHJRVVLnt2VTUUxafRaeaEH8P7qvqKXjIVyRnsqz0Uw1McNt1LpqkPxFL9gU2Wn/AMOEFpLeQgi2jHbX7CXSzw1tORgahwe4WPfT1NtqdBB05/IhbaKoJOD3Qbnaoq+AkAascrRGWOTl30b5ZRR00wdpIVpTztmcI3DHus0BU2uoME4JbnYq1pqwB4IAP5rVXbgwyhjgm1NE17SMYzwVXRVVTaKjuWk/kVcRTtmABSlp2St0yMDgfULfVcY7KvaLCgrWVsQkYQfUIk1MMZ4WWMtRY6kSR5dC47haiguEFdCHNcCCP0WyM8mOxNAHwgfhVBerJ8x/Mp8B43wthJSEtLm4IUF0e+cIzLbSprkxVFVvif8ALVWQ5uwJVrs4bBFvdmbUNM8I0yDfbuqe33Etl+Vqhpc3YEo3yYJRdZZ+CDwEM05PbZS2jZcwFbgmXt3GcullaM1EA53LRwqN0WlxGMFbx7NWx3yqW62oOHjQN45Cx205AcNpnA7SRvypAeJAARhcMJJO3CHgtPCyyrdYtvgc+nDgS0fkoZhlDiHN27KYyU8EJS4eEtRyCp4IqaQHbZwiOhOSRso+ktO6XLgYsPkMx5YcgqxpKzIw7Cq05riBspCySZJwTL4FrxnCYW4UKnqnNaGSHOOCprZBIMha1NNdmSUGmNBLTqB3CnUNyxllU/LO4UF24KEBl2SjjOSYDrjNYZohBBP/ADKSXPfSTuFY269VducGyaiO+VkmVD4SHRkg+yuKW9RTNEdUwHtkhaq7E+2Y7dK3+J6La73R3JojOGv91Lnt8UvmaNLhw4crzyNgBE1FOWnkAFaqzdTsMbaevJa9u2r1WjOTlX6acHmKDT11dRPMNbGJ4cd252VTPZLHe3ONHO2KbktO262RgjroswsZKCNxlZ6ustNI8viDoJB3bsQUMogVSafLMrV2a62l5JYZYx3G+yfS3GM4ZICx3fKuhLd7b5KlnzMI74yUx7LJeARoEEv6bqQW1mqUlLgfDM57AC7UO26kMuFTQSNnpmgPach2dwqiW2XK2nxKdxljHoc7KTT3KkqP5NQ0xP7hyb8zFOtNYZ610Z8aKyLRR3c+KwYGXbn9V65aL9bL7AJaCZrnYyW53XyobVxPRvGrnnYqVaOsrp07UBzHyxEHkOOE+F5ydX4/Mt1Z9XlpJwdimaCvMukPjHT14ZDc3NJG2scr0u3XWgusYkop2vyM4B3T093Rx7aJ1P7kGMQIQjEcqaWHH0oXh7nypnKEJ5ImgJk1LDUMLJo2uB9QpmlcLM91MhZwZS4dJu3lt0+l3Ok8KpFXdLa7w7hAXNbtqAXoDmnHKh1FJFOwsmjD2n1VhRtw+TN090pZW5jeCT29EVsoeMjgoVx6QaA6a0zGCTnBOxVE+5XK0yCK5UrgBtrbwVBqcZLg0ySrqK8UlU0aZW5+6sGuB3achTOSOLR3R7LmAjJKsgJ5I+AUh5TkJ4GV3T7q3gmRkjQ/DTuPRZvqD4cWO9MMtNEKSpP449tR91p9DvRFaEqUE+jRC6cOjxO5dK9S9NyE6HTwt4czfZRW3GlrW/L3GBpxsdQ3Xu5a0jBAP3Wbv/w+6f6hzJLE+nm58SE439SO6TKGDbTrkuzxmv6Spahpmt0gGfwlZe42Oqp3ESxluO+Nl6tceiepunSX08X8QpW8Pj2eB7tVO2vttwJpqhobINi14wQUmVO7o6lOtf8AUzy51OWdwfzQyeQQvRrj0VS1bTJb2lrz+hWTuNiqLfllRA5pB5xykz0skdCrUwl7KFwBQ3RNOchTDFjhDI0HBWaylo0q3BWy02OGqLJEQeNh7q7e1rhjAKjyUjTlZ5U5GwtTIdJda23uBjkJHoStRa+r4pw2OqGD6lZiajOfp/dAEBaeN/VHGc4dFyphZ2emQT0lUNUT2u9srslLCTqLV5xT1VVSv8SCdzSPdaO3dWuwI61v/iWiNqa+4yWaaS/Et6iiYDlmxQg17HAtzt6FSae50dUMse3f3RQxpyQOeCi3IzNOPDBtq8YbId0dsoPDuUEwDc6ULD2/SFBeWmWLZi3CIypOQMKs8SYbSDZFEwI3CGUMjq75QLds7SN8J7KjS4Fp3VUJ/uE4SnlZp0I6+k8o65JZNFT3SpYBiTb7q3o77ggTn91joqstGCjR1gyMhZ56XB6/R+clXwmeg095ppRjVup0T2zDIXnkVdp3B4VjTXypiGA791ks0zS4R6DR+d+SWJs2xBbjScLoqHxjc5CoKbqVvhjxmEnurWluVHVAFjwD/SSsrplF8o9LT5CMuEywFTERlwASfFTTeZzWO+4TGiJ4wdimPgc36CceyTKuRvjfv/LkgVfT1sneZHQAE842VNU9IQOkJhlxnsQtNv8A1FMc3OMlJeUH8dU+0Ymo6SuEbyIdLm+qpauhqIHGOppjjjJbkL1DG2Agvhjef5jGn7jKHDBloov8DyyOSajfqp5XM/wk7Kzpb1IwgTjI9QtZVdPWqokMrqcAnnTsqSu6Sxl9FL/4XKdGaemurfAaKehrGYOnJ9UWCkmgk8SjqC0emchUUlludG3xAwn7JQXOtpjpexzvZC2kPhY6/wAjWsr6mMgTFsg9Cj/NUsrcnLT3BWepbpBUbOJa70cpzZGkZBG/upk116mXpll4MT/Mw5+xTXNlZ9B/JQmSPjOWOIwiNumR54849CgkscmiF6a5JbanPlmauSx0E7CyWBrgfUIYqKaZu5wfQ8pzYmvOWPGCgyhilGRU1vTrv762zlpH4SVFxfre0PdAZm98chaDw5mHyrrZntOH+b2VgyhH0VVLfaWf+XUgxScEPGFNaTjxIZAWn0KdV0VurHB9RStLvUBVwss8Muugri1nOh++EvojzHpEub+dgSMa7HqAVU1vT1BUZkjZ4Mh7s4/RSvnaiB3h1sBx2e3cFP8A4hTngn81BbhG3iaMxV9M1cP8ylqcvb24UZlV1FZnioY+R3qM5WyDo5W6g380OSBj9nNBHoVMGeejT5g8FJRdeVTZB80A4Hlrgr2DqeguDR5mDPLScKvrLLb6lmDEAfUDBVZN0xG1uqnedQ90GMsS4W1rlZNDPS2ms3+ThcfXSFmrr0Xb6lzpafMDiew2UdsF7tspkLZAwehyjs6hrIHZnYXNPqMK9iYhyr/riyhrOjqunYTBKJCO3Cpai13OB5bLTFb4dTU5zmHC7JU0NU0SB+CexSp0JCZQrn+B543XAfM3BSfLq3JC21TbqGpYWmIH3VTV9PUMg0gOBHcIFQhcqZr8ShbUngEJ4kcDkOzlSanps+HmmlIcOygSWe5RDOvKXLT56Ey3x7QczOI3BKjvjgeD4jM5Ud0dzYSC3YeyGZpGuIe0jHKV/HYDlH+o7LTx5JjbhQ3REZO/6qX8zBjzOP6JjqiAjEZBRqkzydb6ZE1PDsFxH5o3jzBgGs4Huu+HHJuW/unNpDvuqdeSsHGVcrT9bv1Uxt0lAAByobqR226b4TmjdV8RSbJ4uMrjyAisq5c51ghVOh4KeJHDtlT4mM3svGXFzRxkpwuko4cVSNqiNi0p/wA4w7aSp8TL+f8AZeC8v4OURlxhyCVnvHXRMT+MqfGyfMjSippn48+F3DDuHhZsF44eUjJIB9ZKnxsnzGgw3+oJbf1BZw1E39R/Vc+Zl/qP6ofjAd5ocD+oJEDH1BZ35uT+o/ql81J/Uf1U+MCVuS9Lt9iuOfgcqj8aT+o/quGZ+PqP6o4xwD8hcmVMLgVTeNJ/Uf1S8aT+o/qiwR2ZLf8ANIuHqFUmZ+PqP6oWqXP1H9VMFbi1MzOMhMM7O7tlX6n4Tf5hOAESiy939iyNVANtW6F8yezQQobYZj5gxFDCAMqbWyP7ug3zXfH7IZqXEYwmiFx4aniA54RbCsDPHeTwlqe4blSWwtG+ldDWhRrAW1gAx53K4Y3AKRt6LoAPZUGotdkUMfqxj90Vpw0BPOD2XQ0N3VhxiMEed08RtG+N13Vjshkk53UG4wFaIwOQkZWjjH6oXguO4XW0jjuSoV93oT6qbhuyF4lTN5MqXHRjGSMp/wAvgghuFQOyT7IApJC4FyO2m4JKmtgJG4S8PSeFA4VsjsjDdgEZjcJ4wNgEiVBihgW3ACWSnk5XFMDFFDScriSShQkkl0AngIMJFpMQGTgIwHdINOeE8BWNjHIgPVdT9J9F0A5UNChwc0lDDCSpHl0gnbCA+qp2ba1WRMpRXbCCLOE0uaw7qLJcMHEQOFGkqHPxlQCWoXosjVxhpyceihyVsjsgEYUc5PJTGhwIyU3DEyslIKZHP5XA4k4Tg3Zd8Mt3IUwJcn7EGd8Lo2SSdLnYhGohDShnVlFwTuntjJPCaolOO4G2MuRWR6cEozIRgdinvaCMcIuEMUQfHdcOOUwk5SyfVEVg5n2XRykAXHAUiKLbJCrOBgwMAG4RAAOF07JiotrAlwsBTAMpwiLtlOisZAOOlBcHHg/sp8dvlkcCNwrektrIdLnMGVAlW5lVQWhsrA+oGM8BX9PBDDG1sbMaf3TixgxjZceQ7GCrHQp2vITWBsAmZTDsMoDpwcgjhWMyl2OnkDeSq2vrPDZpxyo9xugDi2MEkd/RVD6qSXJkOQOyEy33x6Q+qqXzOx2OyjBmDnCMwk7FqeGeyhjsblyMA8uCiJITsEYyolkQ+B+pvqhOlznZDc7B5TC/KvGBbmPMmE1rS4rjWknJCMAGBFGLYpybHtia3fuutfgY9EwOcRs391wNIOVohwWFT0IHHZPcUzJDp2C54gIQairjhaSVTVNf4pLY3JM7McATviuGS664OjdojPZVT5ZZnEyOTslxLnHJXCMd1ncmzJOzc+AQGO6dnCR2XEIsSSSShAep3quJJKEEkkkhIJMT84TFBMpbT05dYDqC6GOzwntYcZwvpp8rbwdAGE5cXUYPYkkksZUxksS47hdQpHbgBQg1xyV3ASG6emKJBiSekjDEug4XElZB6SSSIgk5NTjwoQahuTjyk5RkBpJJJDIxLPXyuc0/LjvlXFwnfDTOdGQCsbJK+aYvkcSSVz9VZxtRq09WXuHs1O37qZTtOpAhbjkKdStwM4WWH9zVY9pILhGzHqqmrk1yEDgKfVv0jA9FVPOpxKk2SBxMTshNSmaRiSSSsASSS6OVTeA5SwIDuiAd0gO66rLbCgY2CSSa8gN3ULBkoZJykeUgqbwBKW0PTR63AEZU14LGgAfkuW+EBvikdkSQgkqCHLcyNOSBnPZQHk4JU2pILCzO5UF+zcJVnofUkDJJk3RGs2BAQy06s42R9tKQRsG/sMrtO084QZD5xhS4G7DI7JkFktrCyPOA0oLQdye6K8rhAARPkgMg9k5daMpkmc5CVM00L7slpYacS1RzvhemWOFoaNuwWL6YogyNjnt8zznK9EoadtPANt0pnvPE6bZSpP2RLvKzdmd1WUkZkkGdgEe5StkqMNP3R7fCQQ7Ss05ZO1FZeCfBGGgHCFWP0YaBypLXBreMYVVI6SWYucc4OySa4LBYWlofI6QN3A2yrOk1SV4B7eiBbKYQ0+fxO3VtTxtpKcyYGt/cpUpYNtUfZEuMmmbT2Vl0/S6WPqXDY7NVBM4z1WjUTkrX00TaeCOJuw0hIs5N9CzLLAXWoENKSO6x735cXE7lXV+q9WaYZWdnOAAPTCSHZPDJtoo33C4xxY1MB1O+wXo0bWRsEcbQ1rRgALKdGUUsYNU8eXC1AOQSs8zfpa0luYGqfiMnOSgxbNDuUypJc8MBT9Pg025yQsk1k2N4WRTSavQYCZb2OmqduBuVGdMfq9Vc2iJrITJjcndVNYjkXW980TJHBjNIQqEeJUBxGy5VyDsM7IlGDHTh5G4WWUsG4HcX6pDGOAmU+xDe65L55S8906nw2Yynj0QAyltIHVNZHTW5wJwXAtAyvN48BpOMnlabrW5RzPFK3OrOeeAsyyMnHumLg4GqsdtmDS9K0LJpvHkA0sGTlaWj/wB6rn1Ib/Kj2AUO0U7ae0texuHP/dW0DG01OyMDd4yVy9XbmeD0PjqNsUTbTT/MVPjubs3hW1xkEVOXE4XLdTtggbt5iMqv6iqcBtKw+Zw3XKs+470IqCwW/Q1Caq4PuLTmNo0klXfVVfDFG9oPAPdE6TpnW+yxte3GoZ+6yPWNex0j42HjYpKiMlNIpaAmV0tTpw0uIBRaiXQ3A3JT6On8C3tgcPM4alHmwaiOI75O6PAtywaCxUYiY2pkbkncJvUNY9z2wN2BHCsYg1lOzAwA0FZmWd9VWuc7ducBRlrk0HT1KwU7pSPMVb0w/mYAUW2M8KjGRgFT6ZpDi88LLaaYLBMZs3GOFXXq6R2+hkqJCGtYCd1Pa7IK89+Jt1fDRMt0JBfM7Tz7qQWWK1MtscmPpQ6uuFVd5Ml0zzpz2CvKCEf3725xwFXU0Pg07IsYw0Z+6v7bTl/hU55ctOVGOTFCLk8s3fSVA2noBUlmHznJ+y1dJFpGshVNrpXUtJFA52SAMlXE0gpKQyYGoDYf6rm2y3TydCuGEZDqGSaouZjc7ZuwC1PT9EKSja7SNTtye5WVpIZbjcQSMl7/ANAt7APDa1mNmjCyaifA0lwA7bKyYMNAUOADIU0cLmWPJQ9JJJIDDLo5XEhyjACjhJcB7LqhBJJLmQoQ6kmJKECkjHKCScrmT6pKEEh63eqIgqmWh2p3qhvOE5Ncd8KkWwtPnfKeeU1gw3ZDV5KxkSSWQkhCGpidkJmr2TUsgBFlfiLXtpLEIwTqnlDBg9lqXZwcei84+JlaBUwW87lrBIRnglOojlkMYSNPPKjk4OfRLJ9V1rS4ho7nC6kftQp/cek/DGjay2T1jmDU+QgEhbR/0qq6apPk7LTR6Q3ygkD1VoSHZ3XP1HMsj4RxyDf9RXF1/wBRXEgchJJJKEGJJJKEbwFYcZK8zvEsty6nm8TdsJA++F6PUTNpqZ87uGDJXmlvd85cqqtA8j5Djfnda6Y5KLxkobGGhuMBRC4vkRpj23CFAzLhst8FghLZ9K494YMrrPpCBM4B3PdbKobiN4ML8V7iyC06Xb+M7wwB6lYGUeDbYKL8ZaM4V38Qq6O59QQUjMuipMvkGdi7sPyVO8iQg4xjhe68Np9sUz5p5/VKy6X9jokayINIwQMIluZ4lU3UM7hQaqXS4NCuenaKWolEoacZC9XZLZUzzegi7tSkjXU0bYwNIxspsOc7oLW6cDClRgALiSlueT3NC2rCHPOGnfsqCreWB2e5KuKiQD9Fnb3UhsJa3YnKkVku+W2OSPTQGoq9f4ecq8jYG422HCrbOzVTNcRurfbAOEeNzMEpcZEG7rzD419RPobF8hCcSTv0j7d16c54YMk49184/FK8G7dXuoi8lkJyu34rT77MnhfrLyK0mhlDPMijtNO6GlBccuk3JW36co444xKRlzt8rN2ymNVO2IDZuM4W5oYG08QaBggL3mnr2n501t2+WS2pmhsYxyVHpNdbdS9o2hO5+y6yXS3HopXTDQGVc7uHEhaJPHBz1mTD5EtS442RJ5mxRhzjgAJQx6SXDdVXVFZ4FrkOdJwd/wAlivntWTRRDfLB4r19cxcr9KWP1MY7ThU8eNIwFHuEhqK+STOQXFHhI0gDsuHZJym2eoqrVdSQTPlwmh2l2rC6PpTHDIws8llDa3teS5pzria7PKMqmjqTH/LeTjKs43AtyFhuR7PRalaipNBSMrPXBh8YlXxkBBVVXjUMgJa7H3ffBlM/ZyI36VyUYK4zsmHH/sNd/eIjs6m4QXI0eHsDils0VvDJFOcVERPZw/zXv/SDtdohwc+UL58GQBjnUP8ANe99AO12dmTnyhJkev8Apqz/AFsF9LkOAAyrChcPC3CiyMBwcZRqQ4foxsUmR9BjLBQXsBs7nAcFQoRqYVY30eeRVkBw1KxyYLY4mwOjE2cIUTQ6R4PYqRIDrXI4/wCZsN3JsXyZZxyyur49LgcclQa9g+VcT6K4uEQ0ZcN+FAlY2SFzTvgLdS+TkamGZNHkF2yy5yALrR5eVJ6ghay5yFoxvuojBgYyunUfJNXFwvkv7sRGCr6iOYm/YKgV/QEFjceg/wAk/GTBqY/bknMb3wpMAAdgIcX2UmJpE7CeE2MTkTYWWE6dwq2aLkLRVEP8vOnZVssON9P7qpxwVC3DM/U0wByGqtmbuQBwtHUQbY0qoqIME+VYr4ZOhVbkrNJ1cIwHk5XTF5uEQNOBlIUG+zUp8CppTGcg/ZbWy1v+7AuIysQWOBDuVZ2+vdE0NyQlW1no/C+SdMtsmep0ssc9BoHKZJC2SMwvGxGFT2O6DQxrjnUFfgZwQufZXln0rTS+eGf2Yu5UDqSoMZ7nIUSRhYNtlsrxSNrKXW1g8Rgz91l3xF7cEcJEoYKtr2Swi16euQj0CXjKv7pSNqqYgDORkLDROfTyAtO3ottb64SQs1caRlLUssOuW+vYzKQtMc7oZNiMhSoCaeX/AAuR79RGKoFRCNnbqHE7xGYcdwm4Exj8c8Fs1oc0qO+EA7M/dPpZwQI5NnD90Zzc8qsYNK+9EJzAdgFHmiwOFYFvCbKxrm4Qyjkp1ZKWSLSdk6B5BwpM8JHZRASx24S2hEouLLaklwMFTQ5rxggYVPBJkjthTqaXThEsoLCawZnqaxSxSOq4W5Y7JIHZZynmLX4I3C9TqWMrKV0RbuQvM+oLfJa6s+U6XOTISOPrdPs++JYUc+wIwrUH5iLTxkLM0MwOkhyv6SdukN591qjMywfGCLMzwJNAGQiwSAH7o9RBr82N1CaC13oiGLgn7OGwTBlpweV2B/BIT5Wa5NYGxTa7NrBtqVkcEO4wudD4gGw2KrKWunoZxIx5wDuFf48ul4yDss7daZ0MhIG3ZdSnUfs8R5Xxe2TltPSelusYatvgS51DuStpTyiUAjuvnanq5aSQSRSuafUHC3PTnXOkNinlcwt7uK6tOoj/AFHhdb41w++CPVHtyMKBU0oe0kjAT7ddqauha4SN1EeqmLTxNcHI5rfJl62h827NljrnSupK4SaToJzj0Xp9XA1zdmhZa827XHp0jc+qy21G3TXPdhnnNc82q6srmjMM3kk9890VxbBI2qYNcL98jsplxoPmqSS1zAMl3dG88FVFjrWBkvT9ccSA+Qkc/muTqI4PZ+M1Tqa2k+rZ5W1dIcjk47LV9MXxtbGaaY/zGjbKytMXRa6OY4adsnshaai3VIlhcWuac5HcLl3JZPomg1bSU4M9KkaHdlCnhDhkDCj2O+RXOERyHEzdiPVWjoy7BST0tcvljuKSajAOcKprqJsL/GjZkE4K1skDXjjgKBPSgjS5gIKU17BlVllTQzgtDc5I5BU7whyByqmqoaikkc+IEszkYU+gqTNHpedwrTyA0H8JNa1zTwpGAUwtBGEREjmjWME5USptviEvjwD6KS0mM+oRhplb6KmibNxl6iB7XYLeFDe3A9Fqauh1hzgFRT0+hxBSmuTHdS0yT09fJ7bUBj5D4Z2IK9BpKuGtiD2kHK8qkjI3A/NXXTPUJoZxTVbsMds12eEyiaUtshmnvcMQZv3wtIJwoE9P/hVrDiZgewggjIKaYhxhbXydSUVJGdqKb/Cqyop8cLVVNMCPK1VFRSOQSjgzW1lLksO6mw1PAdjCBUU5DhtsggObshXBhtrCXW1RVsRcGjVjIKzBimopTDI3jj3Wup6kjEcm49UG52qKuhLmjzDj1TYyOVfRJ9FPR1TsgYVxFI2VgO2yzbhNRTeHJkY4KsaWvjGxz+q2QngxyrfTJ88Uc7DFI0EFUxbV2epD4SXR54V0xwdhwOxTpYmzMDSAtkJmK6onWq7RVkQGoZ45Uyam7jusTU09Vap/mqbJjJy5oWqsV8gromxvcC7gZO/2WuqeezFKOB0tOQMFuFQXmxsq4jJEwNlbuHDuthNCHcNUCppSQQBhaDHbVlYRiKS5yUx+Vrmu1NOAcK2aQ4Ag7FOulqbUxnLcOG4I5BVRQ1c1DL8pWbtH0uTDIk4MuTHjsgvjyOMqW3ROwFhXPBPdDJLHIzG9FBX25heXRx4JVFPA5jiHNIwVtZowCBjlV1Zb45BrLQCkTrUkJlVgyToyMEdl1ucYJyrOsovDJ0NwFXOhcwnZZJ1uPRnawzpaCgSxd8IrHkHcIuWndZpR3lp4K8scOQkBypssIcNgokkBaThKde0NS3HHOIILSpNNXNZs8KIRjlc4OUKnhkcU0XDKgPAIHKcQMZVbDMWHBGymMqG43WqM9whraOIKFwpOxGUMrRz6K3Z7C01fUUpBa8kDsr2kudPWk48kgG4KzZA9EIFzHZBI+xRRscexThuPR7Nfqu0zCRrnPj7tJWzoam1dTP8A5M/y1TjcHuvF6K/zwYjm/mM9+Qryiu0L3NlppjHINxg4IWiF2ezkarQtS3x4Z6JWQVtpqXU9dCJIjw4t2I9cqqrbVba1xfB/JlPBCLZPiHJG0Ud7gbVU/GXjJA+61FV05brrBHW9N1Ake8avCB3T1yYk7K3yYAPvtkeTK0VVP7bkBPebRem4IEM3odlc1RrLdIYK6le3Gx1NUJ9ot9y/mQuEMh7jZW1gJXRfZAjiudocTFIZofQnKtI7la7qzwKyERyYxuFAfFdrWdMg8aL9dlz/AHGu5b4cn6Khiaa4FU9PVNK41NqqCRzgFWFi+Il5sMzWSSva5pwdyFGpZ662nLHGWP0VjKbNe4/Dq4GxyEfVjBRKc4vhipxrlxJHsHSXxipK+NkNdK0njPdeiUN5t1xja+nqGHV2zuvkCq6Zulream11DpIxuADkhWvTnxJuNnnbFcRLhu3PC1Q1KXEjm6rx0ZrNR9akZ3TXNyOV5h0t8VKOuY0fMteCPpcdwt3b+pLfXAaJA0nsSnKSnyjk2UTqe2SJzmknIC4WHGSEbykZzsUgAdwi3GbDIjoyFHqKOnq4zFURMkaezhlWEjBtlC0+6jaYabi+DC3foA5NTZqkxSDfQTgLO/xu9WGXwbnSyaGnGvGy9dMe3Kh1FBS1cboqqmZK13ZwypFexytz+Rj7b1NQVzQPFAd6Eq5jkZKNTCCPZUt4+G8FQ509nnNPJyG52Wckb1j0s8tla6SNu5dpyMImgoxjZ+LPQElkbT15Q1bhBWHwpRsSdlqKaspqkB8MzHA+hyqwBOqcCRgLqcOElMCwS7q9kRJBtLzka4ZIB7qpvPRfTnUDHOr7eBMeJozpcFcIjVe39FqTjyjyu5/DrqKzOdL0/VS17fwwyO3ws6btiR1B1NaTSSN2Pij/AFwveWnHdQrtZ7ReoDBc6CKoBGMkDI/NC1k2U6yX9R4PW9EW66tNTapmkncBpyspcOmKqgcWVdM5zR+JoXtFy+E89KXVfSF1kppeRBJu1359lnJ6+72ouo+sbA5rRsZ426mu90iVW46tetx92c/29nlD7a0j/dm/llQnUs0ZxI1etz9EWK+U4uFhrRGXjOx2+yyN66YutqcRUU5lYPxtCTPTfo6VWshIx7o2u5CC+jaRnhW74GSHDW4PoUN1DJ9UY/JZZ1bTZG/JQzUZB2CAYXA8K9khmbs6IfdRpIAOW7pMoYHxu/ZXtLmDYkfYqyoL9V0mGPeZGehKiPiaMgBRvDcDg/5quUFKEJrlG1o73SVQALg13upbXtJy3f7LBNLmkEEhTaevnhIc2VwPuUyMzJKjng2LhloUdwIKqae+FpAmG57hWUFbBMAWvGfco1JMzzplFhtTmYJTxL7Ln1jhD0+ygvBKEg5yM/dP14/GP1UHB9UtZ/8AlKjSY+M5Q5TLKOocDypIq8ABUrZy0hPE5I54SpQTN+m8lbS+S9irHHADsqWKp7MPY8tPsVnY5Dg4dunMrJm7PcSAkTpTO9o/PxcsSeDVw9Q10bdGvIHfKtabqxwiDZM6gsNHXMGA88qUyrY8fdZZ6f8AR6XSeexJbZHpMF5opow58gBKl5Y9oexwLTuF5Y+VzeHO/IosN5uUDQxlU/SOBlY7NJ+j0NHnU/zR6UWy7mI49vVC1SN3lZgeqxFP1hcqfAc/UPdW9L1xSvw2qG/rlZ5aeUTrUeXqn1LBoQ9j9gd/dMMbScAqHTXyz1ztPiBp9zhSXNbn/dJMJMqmzdXq1P2EdEA3zAcKI63Uk+5iAPqpTJamEfzmRvB7lIVUX4m6c+iU6mzRGVb/ACKuWxUjjkMAI9lXz2meHLqaU7fhcVo9bXZI4KUkbXEFrUtwaD2xfRlRPWQgCalcQO4Tm1cT8DJB9CtDNAHtwACq6azxv3fHhR8gSWGRGys5BG/ui+I5rTgnH3THWYtBMLtJxyo7ae5RuwXxvb6ZS3EOM2ia25zRjQfNj1RG3ZuPPBkqsE7t9cLhp5SFRDIMMJz7qYHwtT6LptXRyN1F5bnkJCOGQZgqGu9sqi2JxlNxK0gxSlhHdBsbDduC7fESMOblRamkilbpcwfcDCp5pr2H/wAuoaW/ddF/qoGiOqpiXDkjup0C7IP8iQ63Tx5EczsHflA/94UztRJcPdPj6kpnjzscD9keO7UdQ7SJNJ91C98H0wRrHDBdGV1txpQQHv0lEc6ld+Np/NAkpaeQ5MQQdlSbXKeSUKyleN5c57FBlipKtpZJCxzT7KJLSsaR4bcZSdDUNAMbtgjUWxVi3fkhlRYaGWPTG3SfVVdT0zKP7qqACtTUSs2JOUN9RMDypjPZknpq5/2M+633mmcYmuLmjg5TfnaqP+XPCdTe+FoBVPPJTJWQykOfGCVMYFfxtvUijFcPxMKRmjkGdYz6KwltkDySARlQprI0nMRJUwJlC2D/AGB0sdxhCkghDdJY3HqQnvt1TFgsyCPdNdDWDluVW0VLcu4kR9topODFv2ygGw0HOnf2KlaJBuYwu5k7MP6qbUJkot4cSBLY6YjETiw+oQ/4K4cVBKniXPZCkMvEblXxoH4oP0V76CaNxG7vdBNPJ/Rwpr4K6TfVhBFNXDk/uqcEKlDHRDMTx+BMLH8mMqW6lredSEaauHqqcEIlPHDRGMRJA0ppiI7IzoqzOC1NLZm/W1DsQltyfCG+A5LwXeoROOVzVkEYV/GUsiGQkSQM4XPCenujfjOEG0jmwRcM/Sm6/wDCkZBndqd4jf6ApsKGcpmCjDBPCK1gwDpwr2FpZI2T6JZPopOgf0BdEf8AgAU2DNhF0+yWhTBGMcLojHopsK2kMQOznCeIT6KXhoXM+ymwOMUBEAB3RGwtxsE4Z5wmkzfgICLCRNgTRhM8OIHJdgrhjneMGRPZROdu6TKt4QcYv0hF0LB5nLgcHbtGyK2mpxjU1P1U0Q2bv90IaqcewWmR+zGZXPAezBeOUQ1WgHw28oWuaR3nJVN5CjHA7A9VzJ9E4M7rugIQ9m4CUMudlTPAd6IjaXJ4woEq2QRG70RRTuOFPbSjnSitiHGMKDFVL2Q46fA3bj80RsQJRnaWJviMb9ByVAlDAhBjfCcI2jfCb47jzum5OVAlFIJkcYTNXskBnumafdQvCHJJJKAiSXdJXAN8KF7WcIzsEvD2zp/dHEYdyMrun2QyWQ9n7I3hH1RYmLr3sj+pBkuEEAOk5P3QMpuEOyTox2S1Bu57KofdqlxIbgBRzU1chwZNioD/ACIrou5bhTR4BO/3UOourOInYKr/AJd827iitpA05KJRyJsvnPo6ayqefr2KZoc46jvlEEQHZOAOQSEWBXMuzgZgYwu6T6I7YzjhODCDnT+6NRK6AhpKfoxjIRmgDlqRCdsSQZxo25S1j0RA0jsu6fZKaSZCOQfRJsWXKUIwOy6I+6MJLIPwWgDZGa0Lun3XQMKDFHAwnHCY4lPchyODRuiCGE4XGkuOMJBjpCNlKiiDQCQiySMcjWR5xkIpaNIwV15aOG4/NADychCE1gR5S0n0RYoS4jZTYqfgloVlxg2QWQvcRlp3VhDRAAOx+6PHAwb4Rg4YxhXgZGGATIgwYCJk8LmoE7FJWGkl0cGT3TScbkpzeCfRVtwuUcWWjYqmSdih2SKiuigafEOFRVd2bMCyIkA8oVRVSVJIcctURrMEqjBda58JjzuMIIadWMI4BynhoxwoZJZzyMaBhEPCRICC94A91ajkGUtp1zgM7hAc/PdCcSTyubp0YiJWZ6E5xzgJNac5KcGjuUj7BDtByEa7T2T2sweU0MyM5XQ/JxhWkDKWAgY3HK6cHshAHlMdMGtweyYC2kSCWjlwUCrrmt8o3QKmu7A4VZNKZDn3QTswhM7fRIqqh86hAYRMldckqW5mWTyxqSSSYXkakkkgJkYknpZb/V+yhYxJJcJCgEp4Opi4ZcdkJ0+30qRhkU7UuWGecd0wkDk4UV0xz3TZZicYCYqzLZqYdHsoYAc4T26cdv1XSBgn2QSTlfRlHJ82HJJJwGEaRBoGU78k0jC45+lFnBDkkg7BBbknJSdJuNkWNoIVpZIcHCdgpDlFw3TjujIBSXTyk1QMWn3S0+6ROVxM+Mg9JcByuquiCSSSVEEhuREInKpkOJHjdJQ7hVmKncQN1lts+NZDjHfLCKW+XCR7xTt2A5IVbEwl2ShvkdLIXvJJJUiN2G5wuPZLfPJ1a47IYDMbpVhG1rYmnGCo9FGJnkuGwR6uXDMNbwijyhMpZZXVD3yE5dndRS3blF0k5Q3nGwS5jIrgCScri6QTuEsFUNOJJLo5VlCwVxF2IGyQGO6oLAgMLqKAAMAJKw8CQ5N8YOU5zgARnfCjh25UJnJ3T7p8TNbtKapdBAZH6x+FCuRNjSRMjIip2x4wo8h2IR5/McDsok+3dWLisgp3EnnKiT9sI54Q/wASXYjRWca3vhMORndScNDVFncAeUuS2hcSE3BcFMjGGqHGDkKUT5EdZBj8kjCUhw0JNGSnPO4RC3LA1u3IT42GaVkbRkkgJj8Fu22ysOn6UzPMp57eyzzOtoqXOUV+zfdO20OMZc3ysAWir5hBB5e4wPZQrHC6KmBPcLl1qNtOMY3SJy2n0aitV1KCKxgL5gXHOSrqjAHZQKKDUdeNyreJgjaCUh9GqmHsDVSAAtCj0LA6QE9yUKre41BA4UyhY7xmNA5SZGmDzJIuYIzpG2wUiqedDcO2wiuY2no3bbnCgTT5iJPos0jpVxwNs8DZK4Oe3Izlaad/hj2CgWSm8Km8V7Bl24Kfc6j+ScfqlZyaIL7clBcpfEqn57KrbqmqRA0Z3AGEarkBkJLt1M6XpfHuBeeW+qVPglf32YNvb6dtLSRRNGMNGfuiyuDGlxOE9gwA0En7qNXSsY0Ncd1lnydeC2rAOGMSzavzQbnOyGEsJ3Kl0LSG+JjbCqq6YT1Wlo+nZKUQdRPbDA+nidKYYG7udhad8bYYGxDGWjdZ62DTWRu9Fc+P42T2yUFv6GaXkE4F0vqApuWtpXDGCgQM1OJ5wuzuP0gLFM2t4WSNISNwkZRFG6Q/hCZrL5S3GzVBvlSYLfJj8Sox6iWImKvtSKi5uLQCMcp9upXTzxxY5KhNBnkL3bnutL0tC2St3bnTurnxHJz9Ot9uTUPa1nhUsQADGjP3U6ljElTHr3aN1Admatc5g2HlV3b4cjXjjgriah5ket0lWFwWbTgbDYLOtinuV58JvIfknsAFdV8xgo3vGxAQeiaZtXcXTu9jlZDoNNm6rJ4rbZsyuGWxheUVUpr7g0Ekt15OO63XWtfBBRGnc7zEceywtowJJJMZ2yEAqxss6h4D9hs1oCDaIGVdz1P3A3CZUyFsBf8AidsrPp2k8GnM8jfPIds+igOSbd6n5WmLWHd/lHsFRUbC6RoAy7KlXqV76vQTs0bBHtVNpLZNOS4j8t1UuhsezSQNxSNjDdypLdmgIcbQMDc/dHHCxz7NcTkkojaXHj1XkXUUzbv1MXh5LYTpDew916dfKn5O3SzEbNacryqhaZqmeuAAYSSMo6+smTVrc1FE+JodUiLGQFrelqaOa4tMjc6dwsxaotT3VBBIztlb/o+ic5j6x8YAJw1VbZtrZdSNVRR+JO3I2G+EbqB4jpQG+iNa4j4mtzdjsFVdQSyS1bYgfKBwue2bcpId0pROAfVuH1HDVqGMAcq+zxtjpmNY3AwFaNjxgrLbLdwCSIhgN/NSRyo8fDfzUgcrFMjCDhJIcJJTCQZJJJECdB7J44Q0slQgckY5QSTlcyfVJQgkkklCAUkkkAYkk1JXgi5HZDdz2QYZPEkfIRtnATKx+GtaDgu2Sp2aWj2/dHGOURrBJTV0EYXFaWAWNyV08JZCarKOEnKakuO3UIEDmtBJPAyvGuqa0XS+1VUCcF+B7AAD/RepXip+TtVVWD6mRnBz7Lxpzy9xkPLyStWnh7ID0+6sem6H56/UcDnYZr1O25xuq9bT4d0GZ5q2WLbGmM/5la7HtjkqPZ6CBpAY0eUcLpye64ONl1Ym93LNMehiSYkgDEkkkoUJJJJWkJlLcVvVFT8tZKh+cEtIH6LD2GINp2kDbk/daL4hVYitLKcZzK/CprW3TRtDR2C10ohIneSd0embiMOI5UN/mlaMqyaBHCCdsLdGIYuQR7KuuUwpojMcYCsXnAAPdZHre4GltU2DwulpanKaiZ9VbGmtykeWXCY1N+rJwPK52ycdkGmaXuMhG7jklGmGhuSV9G8ZVthE+R+Wty5T/bINQ7XNpC23S8boom6hjO6w9I5k1cBnPZejW6LwIY9uy36ueI7S/A17rPlZZNeTIG6eUcNwMIMOHbopePDc8/hXJPXw7I9SSBnKyNyldNVmMbjOy0txqNFM4hZWnLqm58bAg/umJ4M98i/oozBTsYRvhT2jO57oGN/sjY1ZCfUtxz7bMIqeq7rDarTNUyHOGk4BxnZfM8cklyuEtyqDqkdsXeq9Y+Nt7dR2gUMTj4k50sHr6ry2gh0wRMAwXAZXsPEafEVM+GfXfkvn1OzPETR9NUsplM+MNWtaCB64UK00raenja1uCRurCcBjAML1MP2fKbpOU2MdI4skkx2wrq0xtgtHitG7s59yqU4FGMDdz8K+gZooIIc7at0EugIvAaLAaARyF598T7w2nthpc4dISAQV6FMQ1ocTgBeH/E24NqLl8v3B/Zc/Uv7Gjo6GG61GEGcnKNTuzyUxwAGyZE7BwuGm0+T0zXCLADIzlcXWfSF0clXJYQOQbjoORurGkk8SEOzv6KA8N07p1FNoOOyyTjk6nj9Q4S2oso3EkhR61o0o7SDv6oVSM4WaUWmemX3RKWoadWAE0cKRUAauFHVpnIsWJsEnwk4x2CYnREDGTyhYUXiaDL3P4ayl9qAI4aF4Zxuva/hbMJLfoA3wks9X9OT2an/JtSDkI9O051BNcBkI9OASAkyWT6NBZKy+QscNWncjdZ6DZ2n0JWougBYc+iy4w2pLWjbKWngRfHEsj5Gt1rrAPGjPYlNmBJOERoxFF6hybAyArrGNAwOVSxnMcmR+Jaevia6mJO+Fm2sJldoGy2VnK1MfubPMeqowy5OdjGVVNWh63a1tcCBhZ5q6NB8n8tD4tVKP9xHsrq17sxnjCpsEK5tJAB39FqRxtTLMcF5Tx5xspzIgHsOM4QaRmoAqcG4Lc7J6OJJ8cksN8SHSQoUtP6hWlOwmMJktPngK8CN2GUdRTeU7KnrafSdgtTNDsRp/dVFbATw3CTbE11WmZljAfwusZkjZSp4P5m7f3XRHgDyfus239G9T4I7ohpzhAZkOLQVO07EKLIzfOEmaG1WuMlIurPWuBEZd9O4XoFoqmVNOASNQC8rpHuZM0tK1ljuLoahrXOwCsFsMM+meA8luhFtmzLPDO4yCs3dKM09S5zW+R+4/NatjW1EIkiOdtwolXRtmYWPbzwsslwexlD5OTG1EXl1MG3dWtlqs/wAlx3AyEKSARSvhf7gZVdl9LUB4JGk/ssz+xmdx+Pk1FVEaiPTjOdlnHudS1Bje3g4WooJWVMLX87bqov1Fpd4zAri/ZVkdy3IYMYjkaeSFYCQPVLR1GWCJx3B2VhA4jGUxvIFVjJErNhgIbQScFSowHDB/JBmiwRgKlyaV93IKan1sy0ZwqmqhLTkN+6uozgY5yg1MGRkNGSqksFWQyVMJLHDKlxzFpBG6BLCQRjZdYC3ndAxCWC1p5s4KjdR2Nl2oz4ekSAbJkMuggFWEMwIAzsVa7LuqVsHFnlJhnttSaapYW4OM9ldW+oyRuP1Vv1lY/Ej+eibxysjTTmLYLRE87bW6JYZsIsSswR22UOopiHZCfQVIkia7O/BUqdgc0EJwcXuRCjGD9lOjIc0bKEW4dlSqV2g7qDsDnREcKuu1OH0xdjJCuzh4wGqPLCDzwn12OLEarSxvhtZ588Oa4hwwVzURvnhXF0tjm1D3taNKp3tLCcrb8rlyeC1Glenm4yXBorN1lNQubFIXNA21Ar0mxdWx1bG5ma4fdeHF3sj0lyqaN4dBI5pz2K01aqyBwNX4uF3MUfRzKmKqaDG7KhVtO2TkLy6x9fTwFrKlx27re2vquguDQ172kn3W2Oo+RcnGs0FtD6KPqG2OhPjNGcHIK876jbJTVUV0gaGg7Px6r3CpgpK2EtBDmuH6LzPqmzOpfFp5m5jkyWELLqoboPBs0Gr2WYmVzK9lbSxVTAMloDvurFmirpgTucLH2usFBM+hqCdBdgH0Wjo6oQP8Mnyu4K4sq2z6T4e9bMB4DNbZxPG7GDut1abpFdIA+PkDdY92mVpBGxQ6SpqbPVCaAnwyd29kk9fptRJcI9B0qPLFnsm265QXCESRuGcbhSnNylSWTrQe5Fa+HsW5Cz9RFLRVTjGCWk5C1j4x6KvqKfxWmM455QPgCyv9EGkqm1OW7hw5CllmBnCppGzW+p8zCRznsQrSCqimaHNdnPZRSAh3ydc0HldaTGRtsnrjx4jNPqjDxgJtK3GFBrLcHxkgZU2HyDfujEa9glvoGdamY+opnscWvaoM0JB2b+619xoTINWOFQ1FOWndvCW+HlHO1FXxy4LPpHq6SmeKCueSzOlrj29l6LGBMwOBBDhnK8SqaZ8TjLGOD2Wy6L6se0ihrpdhs1xWmi/Mtsx+lvwts2beaDPAVfLRh2eyuCWStDmkEEZBCC+MHg4ytbWTotKSMzWUGDnSq6Sm0ncLYS0Yc0kgKpqaM5+n80EoCLaVIoHMLeRhPp6vD9L/AKeFJqaY8YwoEkbmbIMtMw21OPQe4W2CvhOANWMghZWopZqSQseCMLSUtS+F2HHLUesoae4x7EB2NinRm+znW1bikoapxa1jvsrMZ0g5VFVUs9DKWnUMKbQ14kaIpDuOFsrs9M51lJOfEJcDIVJNSz2qqNVTHSc59ldMdvscohayVul7A4e62VzwZJ0RmmmTrJf4K6NjJiA87Ej1VtPTAjbG68/r6CegkNTRkhmckDstH05f4qmMU9Q/DuNzwVrhdns5dv8ApvaybLSDcFmQqG72Vs8bnsbuN/dbDDSDsodRAHcbH1TkzNKCkYGCSrtUo8Ql0fG60EU8NTGJIiCD+yJcrW2rj0ceiy8b6yxVpjkyWE/kQmiGnW/7GikhG2yjTRZbghT6WaCugEkBB2334XJYC08IlHJTxIoamlBz5eyqKql07gbLVPp9WduAq6ppNtgAlWVKQmVWOTKyxaTwgsc4FXlVQnOQwDZVktK5nZYbKdvIprHZyMh2y6+nGM4591FcXxuB7KdDOHtAIWaSb4ZWcECeA8YQC3G2Vcvia5p8qrp6Z2eEqVO7kr5AA8uSBhOY9wI/yQ9Lm7FdIzwh5rG8PksIZwRjkovdVMchjeCSrKKqjc0AHhaa7dywxVleOjpYUzHClYBCYW78Ju0BPHZF0+6ax74namOIPspWn3QXsxjdTDXKJhS7LKkvpbhlSzI9QtLZOpKu3StqbVXOje3gB236LB6vZOikkicHRvLT7I4XSXYi7QxsXB9A2r4lWa7xNoerqOMOOwma3n7lTq/oOGqg/iPTtU2WN41ANdkheCU16c3DKhocPXC1/TnWF16fe2e11zgw7+GXZb+i0K3d2cW/x06nuijRz/OQSOp6xrg5hwdQUWW309Sc4DH+oW3tvXnSXV8TKW+UzaSr06S8/Q4+oPIQLx0LJoNVaKls0R3GHZT089GbLr4msGIdBXUZ2/mx/qm+Pq2fDj8sKXVtu1rfpkiOB6jZEpa22V48Os/kSeuNirJlPk5SXSej4Jc30cpUkdkvLS2ogbHI78QACm03Srqw6qeRsjOdTTlPn+H9yd54JBt2VQFytgveDMVnR91tT/nLNVFzeQGlWVk+IFwssjYeoYZWMGwe0K3FF1DZWA1EZliG2OcJkzbVdWeFVRNa47EPCdia5iwZThasWco3/TXXM1wjbJbK5lTGOWOduFs6TrKnjLWXWJ9M38Uzh/KH5r5yrOi6+2yiu6erXwvByA1xAVxaPiT1DZXNo+raFlbTjA8Rn1NHrumK1x4mY7NDCSzS/wD3PpSmuFNVtbLTTxyxuGWuY7IIRsA75Xkdl6n6eumKrpu7NhqXbujB0b+hadv0WppOsbrCRHdLeZox/wAWmZx90zejnW6Zw7NkueGAFXW3qGz3MYpqturuDtv6fdWQdkcI8macGuQOADsk5rXjD2hw9108ricLTxyjM3r4f2K66nMhEDjvqaMHKxtX0J1LYWCqtNS+WMHZuonZesJ7N26ew7KjRHUTXD5PJqLrW521whvdBKwDYu0nC1Fq6ms92A+Vq2Fx/CTutJWWi33KMx1lMx7O40hZG5/C+2EOlssr6SbJIIOyGUsDYyhZ/Y0DTq3Az9klhHjr7pt/hspzWQt5cBnZWNr68ts7vl7tqo5xsQ8YyVSeSp1tfjyavGURhQqWppKqNslNKJAfRGwRyE5RyhWx+xmcLpJPK4khxgEc0plRT01XGYaynZOx3LXjIT2DOU7T7pbWGRNp5Rj7l8LLLUTOrbDU1FpqTvphf/KJ92qhrbZ1PZCY71QC4QY/v42/h9SF6k0Y7pzJwRhwBHuq25Hx1DX5M8RrOl+muomCWhkbDK7chowQfssleOirvaSXxsMsQ3Dm7lfQF56RsN4eZnUfy9Qf+PAdL1na/o7qqiZi2TQXGJv0xyHS8hKnWpdG2nXbfxZ4FIzcsqIy0j1GCguoGuOW6ce69ZuNntFa4014o30FWOdTMA/YrOXLoySnBlpHNnj5Gk52Wd0HXp16l2YKWztlGWkZ9lDntMkPLcrXOtMzSdHlcFH0Ttk8OSMEhJenZrWrl+zFS0r2k4bj2QXBzTuFuZKSkmGJYw1x7gKvm6dD35YW/dA6maYapLszIzjdda97foeQrCstFTSuJ0ZaPRQzGW8jCTKLTHKcJkunutVCAwuLm+6sobrC8DUd1Q6R6pgc7OQNwqbaKlVCXSNUyoDwMDlEyDystDWVDRjXsFPpLrkgSnCsTKlrouHNQjkDCZHXQv2Dt0cnKuXIrrhgzJKwgsKMKxrPrG5Qy4N5GUORofgcKikH+ZbIRwjCR2nyuUBtOScg7pw+ch+luQqcUzTTe65ZRL+bmidqBJ+6cLs0H+aMKKyre4gStGyKZLZKAJToKW6kzrVeSsXskfxGmlwA/BSE0TnZDgVBmpKV+9M7OUB1urOxOO26TLT5Onp/KvOJF0X6gCx+PsVPpb9dKRojZUEgcat1lI4LjA/UwnP3XJK+6xnGgJEqMcI7en8tlJZweg0nWtwidiqijkZ6YwVPi64t8n1wFpXl38WuDT/NYMIgvJGNcGc77LPOjB1tP5ra8OR7BDerdUsbIydrc9lMiraWUYjqGOPoV4qOoGN4jePsVIg6pjhO5fj/AJlknp2zs6fzcXxJnspqoycHwxj0TnSxvx5gvLaLrqiZhrnv9dyrWHrOglIAmIJ9wl/xmdGHlany2b1rGEHCAYhk+X9lm6fqAzbxTgj7qfFeagYIIP5oHpX6NlfkKZFo+lY/Aczj2Uc2qkOcs5Q23mpx9GR7JC9xN/vaeYfYJL00o9mn+TVLpgZbEwnMEpYQostsr4m5hDJMcgq6ZXUsjdYkA9jsU5tVTTENZI3KBwkg4yhLlMzrmVMQ1VFM5o9RuEx0bJR9IOfVaaTQBvgqOKSmlzqib+SCVcmM4MxLbmOORTjHsVGltEBH04K1U1vjbvHkeyiPou6Fxa7CcIS7M0+2Oj80cjs9suK42G7M+ipa4emVoZKdrRhzRgoZpo2jIA/RVjAKpT6M+6S7RkawCfunC51IbofE/I5IVw+lD+Ah/LFv/wAxRcgupxKs14d9TX59wu/OMdsWn9FYOgaPqa39EKWnhc3S5rfyUK2Mha2vIwcJ7iRw4Jr7cxxw2QhcdZG4z81MP/EqFfFZno6185H1DHphMNQRsQu/w6dow2sOAoUkdyieWgNePUqZBk3H8kSHVJzuAmmXVtpG6Brrz9VLGffCWqoG7qfb2KgDl/YeaeN2+EI00eTkbLpqCAQ6CTPsFHdVg5zTyj3woK46wGNHTYOW/ugOo4mnyJhrYs7uI+6585D/AFlQTZ8fo5JCO2yAWY9lIFVTux51wPhf+IEKGZ4I2fdIhvBAKk5oRsSM/dIut52yjUcgOKIhEGN4gT91HLICf7oKfm3Hv+64Tbh3/dA4MGSTWCD8vTEf3YXPkoRuGYUrxaBp2P7p/wA1RgYDgoLUIR7ZANE0cBNNG0jBClPqoi7ZpICH8x6NKWA/jXXJH/hkBPC6bdAB9KkGR5GwTNc/cjHZWWlF+gBpIW/8MphpxnylGlFQ7AYM5TBSVJ3JwCoE63/Shgiib9bsH0TPL2CkClJxq5XflSFCfDKXoiaTnYJaCdsKa2IN7J5aMcKA/DjsgCBxKKKXbKIXRtcumWHs/f0UHRhBDBCPTC54TQdlx8+NgNlwVBKGSyTCXQ4tAHC54h9EXS4jIG6Qp3cuA3VDFHPQF4LiMDldZA127xuFIEOPNhIRZ2BUL+Ngfl242wueFjspTacn1RCxjGguQBxqXshNgc87hFZCQdhhEdPDEDk8KJLcT/wAoX9lfsmiMY4XDJDF9bseyrjUVsp+kgJwjfsXqFKe5/aiW6twMQlANTO44J2TmxDCQ0nhuEKlkN5l2zoD3DzHKcGN9Auamt9k3U47hu33REHp2w3CC0Pzvn9UVrSVCDNfm04TwCey6IzzhPDcdlCA8FdY3URsuukZH9XohPuEEXDt1Ct8Y9ktrQBjHCGXNzvthVlRd3u2iKgmtqJDgu2UAepj/SXsldBEPqyVCkusjgWxOCgN1OByMp0cR1bjlXjImVs5dD/mJ3OJc7IKZ4TjuRypEcQOPL+6kgANxpVKOSPL5ZEipvUIoiA42Rw3HAXQ0k4R7GilyMjaByF3HZFDPZPZCTyNk1QwitqZH8P1T2QgEORxEBvhMc7AQygkxm06GgDBb+67hv8AT+6aNhldOfRN2i3wLGE4NJ3AXWjDgiADCpvAaWRuAup6SWElk5gLqckeFA1Eahk4XXd0PBO2VCxF4CYGOlI7JwgOc9lIDWsbxujCjHJ2KAMbnCa+X0CY6WTVpZwi08TpiCoEovoFqdIdm4CPDSF5B4ypsFFgAkBS4og3sNlByg+wNPRANydkQtDRsiS+UAN2QXOGCMqwniCG68E4GE3UmudgrhkAVAZCA+pRNbfXZQZamNgy52FV1dyke0xxuIB7qLgVO5QROrrwyPMUe574VHNK+aTxHklcx3PK6oYbbXM4OF1JIbKhTkOwEicBN8YDy90B0mdt0cY57AlJRHySZ2CjuJ9V0k8kphfkcJ0DNbZkbnfKXiD0Q3/UkJgTwiE5yEBzhPA09kweXCf9SgWQgOUicJusAEqNPVAbYVN4FyngPLUtYMZCr6mpLh2QqicuOUJhJ3JQSlhCZ2ZBSPe85TUUgcoZ5SW8ik8nE9MT1RGcJwhp5cD3TFYtsSSYkqKcsCTclcTUTjkreEJGOUMkpZPqh6h6ooxEzsyOLgQcFR5SB3TtQ9UCU8YKfGJnssysHFzGV1JPSOe1ye0Lun3SauE5X0BI8SFSXAcpfiVvgg0jQN9lGkfqOyNVvxgeyiRAl2SlxeSBGtJOSisGMpNbsnp8Vgg5dz2XEkRBqSSSgYxJFPCam5BbwMT0kxQoekkmuSgxpIwmpJJUpZII8LMX24BmYWHur+ul8CEyeixNYXTTGRxyCVzdXZxtNmlr53M4x5ccY4UuMlwDWjdRom74PdWlvhBlBI2KwRi2bLZk2mjEFOM/UdyolTJqfgHYKZVuDGHB9lXEknJR9GddgiRg79lEeclGn2Gyj4OcpM5ZNUBwAwkQF0fSmEFQM4edkgO6Q5TwBhMCOjhGQkVQrOORLj/pK5krkh8qgKlu4Bk74yhrjs52TsFQJLkdyrmlhbBS5P1HdVlNA6eVrG9z+itJ3AEMHYYVJGa2XOABOTlRKjlSXHDT9lEGHZzuoi6wcmce6ZECOQiJ2AEDWRgN5wOVBcSX8qXUuAGx7KHGCXBJkssdFY5JUIyASEWQ7BciGBuFxx8ydBbVyDuywtOBgk+iGeURuzEM8qrHhFRhve04ASCFqelqMlmdPZZtjQTj3XoXSlMGxgloxpWOUj1XiKfksj/Y1dLC2Clax2xxlU9XKZpjvsNgraaQMhJOwAVRFH40+SduVmnLLPaR7wTqGI4Duyk1JwzlKnwG5Awo9VN5tGEMng1QWCOW635I3CvbRRay2ckBrf3VIzJOMblamnYaOh1HBOOyU2aqkuyLca0PlEUZJa0/uuyxlwjjaMueQoVMW1Fd5hsHZV5TQ+JWDSPLH5kmb2m+h7o5LVrRHC1mMYbjCo7zUtbH4ecuKuJ5N/RZC8VAlqXAHYbJTHTW1FfM5zn+XclbrpK1tpaL5mRvmk835LGWulfWV7I2jO+69Lp4/BgbCBgNGFlsfPA7R1/duHDaTWB5QqyVjqitLXHyt3U+eXw4XD1UShiLmGU7lzuVmsz6Or2Tp5WU9E9wwCBhqzTZNJLzu4kklW18k8Gk8Jp8zt/dUwYHFrNWDjlFEw6if3bUT2ziCglqiPMW4HspFvuXi07QeXcqqvs4prfHTgYc84wEzp7XPLkcMCz3LJVVko3KETcU3htaDsFFqpB4jvRMa9308IEzjkx5ySsU0ddsLCzOXkcrJ9Y1kjXinBw0jhaZ0/hMyRsAsBdah9xuEjictaSAEUUc7Vy2xBUkbtGrHPC3HTdG2it7qiRvnk3BWXt9O6ZzImtySQ0LbaNEEVMTgtaMpOps2x2haCnc8h6CInMhbs4rQUjB4bdIVZRR+Ru2BwrykjxEDhcS17pZPV6ZbYYZUdSTGOndTjYu4Wj6Jo4aW1/MNH8xw5KyFzl/iV4hpXEg6gdu4yt4xrLZbQGjAY390ge5ZMj1xV+NV+DjzYwq23xtbTZGxdyVEu1XJV1r53HOXHCn0QLaTUQrawJYOQ+LM2BgJ3WnhApaRplIGluSVmrY3x60nHCvLzUCGj045GFRUeykkLqmZzzvqJK1FnpyI2l2OAs5Rs1Y2ytZbGkwDbsEm1mmtE4clEKG1E7hZHyzTEyPxFrXstkdDC/eZ+4HosuyDwKSNjRgYGVa9TzNuN98FmSymGHHtlRHR+LMyEHDRynwWI4Mtkd1hOomNbHHG0fVgL1S00jYKOKIDA0j/Jef2ChiqLpBE8ZYxwOPVepRQtGGhuwWS+XobGOCZC1sMGt2wA2WdqW/M3MbZCvquYR0rmu7jAVXbovEqA4jKx2S2oaXlJCI4wAMYCljlMDcDACIAcrFJ5ZaDx8hHHCDGDkIw4SJFD0kkkkMMkkkjAEkkkoQSSSShAKSSSAMSanJqJAsSWM7JIc0wgbrIyBuoxkOiHVPL6pjBuGuyVPGO3CrKZpc58p3L3agPRvqpw+6YWEyVxJJQobkriSShGsjjjB3QTyV3B/qKGNyASpFAJYM717UCO0il1EGV2dvQLzMxkADGy1/V1aa2qrJGvzHTk0zR/jHKy7AHYHsuhQsIEHFAZXBoGcr1HpqjbRW2Jhbhzxq/JYey2uWrrY2N7n9l6TC0RgMH4QAiullYLXZJbuk4jSdwuN+k/ZAJOeVlNGcIM0+YFcXGHKR4V5KUsiyEshDJOUsn1UyRSyHyPVIgnYIAJzyjt7I4YBwmYH4hVLqi40drjbl4IcfQKVRwCKENxjAVTd5v4j1c8Qj/s+z/urpxOwxjC11LDLIMX8yvLRwNlaSHJACrrWwvnmnI/GcKZkmo9mrfWiPhD3bDJPC8t+JNdJ4sVIHYa8lzvfC9Jr6kQtDjx3Xi3UlW+53aWYuJYxxYwegC7ni6d9h57zuoxTsI1FFhmpwx6IF3PhweU87KxjGmFox2VHdZzKXQD8K+i+PhjCPlnkrMpxD9KQMnuTfEbqxuvRhhgGBsFjehqZofJO9uTjZbIkEDCRrZZswjveDr2UJkqDJjDiOV15JjLB+JPGBAwD3ygncgLBHs9GksFVe5BDS4cedgqqx05kndMdgP3UzqiUBjYhyErMNFIMjlO25MNzy8FhwTvlKaRkMLpHkYHZM7qq6nqzR250uThbtJTvng4Hk9ZHT0yb9HiPxHvAvnU7YIyXRwZHOw33UWihDqyFjBs0gKA2VtfdKuua3yuedP6rS9MQtfWFz25xwvf8Aj61VUj82+d1ctTbOcjVRMLWN23ATK2URRalLeQMDCr6yRjp2xH0yug3lYPMvkksYXU8Qx3ytEBppId+/+ipIW4fHERlX5b/LDfRJsZUFyV12qCykeRtgcr576jqn1d2mkldkteQPsvbeta4UtomxtqB3XgM4e+Z0rjnUSVztQ8cHf8ZXzuBycILNnkosnCCO65FjWTu9lhAQ8copGO6h05PqphOkZ9VHyLYGUk7cJrXaHDG6K4ZBKjOakzQVMtkslnTzF+EWR2tu4VZST4fod+SsWPBGw5Wdx5PV6S+NkP7lfVghw+yhuVlVAYzjsq1/KWhF8cSbBHhOj2eBlNPC6w4kyUuwCPZJkadGV658I6jMAYeMLyeXAZx2XonwkqSDoxv/AOqDGT0Hgp7dSj1+TlEpP74Z4XC044RKTGrOOMpU/tPqMJYIN1Gcge6yj36KgnHdbWsgD35IWQuMbYawYGAXJQF/WQgGp4bjkLuNDC4Nzp4CdGWmdrR2CcRyE2LMb5QdzfFoS4DJIWfLAwkYwVo4MGnDe2CqG4s/3g4C1VnN1cdq3GG68pYDEJg3f1Cw7BvyvROsoDJbw4DOCV5w0YK6FMsM+XfUdezV5/YdwACmWtxwd1DHClUJwMH1W9HmLI7uDaW0aoBkKc+MgtPsotmaHU4yM7KynjHhA43TorJwr3iTiS6JhdHnCLLHhEtIaaX1R3xk8BN2rBjcmnyVckORjCqK+DDfpWikhzuq+th243S7K8j67OTIVUIDwMYCE5nlVrXwYOoNUMx7LLOCR0I2ZRDZHyMqPJGf3U8Mwd0CWMLLND4SIYeYjqG6uKGUSxteDhyqpGgjJGUa0yEVIaTss868o9B4jWSpkoyZvemry6F/y1Q/Y7BxWnqGAAOHdeexEtIIHHC2VkubKymMco1OZgDdYrK8H1LxWt3rZYyNcKIPJma3jkKjq6UyMJaNwtfUMGDtsqqso485YN1knH9nZtrUo8FPZriaZwifuCcK/q42VdMcDkLL3CmdTvMjdg4/oVd2Ou+YpgyQ5dGNJSeuDHFbftZQSRmmqNJ4yrKF3lDinX2iwfGYFBgl1RDPLdimCN2yRbwz7gEYUwxiRoKpIpi0gEcK3pJ/KARyobKpJjTEWO2C66MPGAMYUnRr3wmHydlDQ4ZRVVNOWOyWqGBzsripiLhsMqD4YBILeCgwZrK8EUgghSqeXGAhyRgcIIJjOVFwwX0WsoZWU76eQAhzcLzm92ma01RJHkeSWlbplUW424XLvaxfLXpbgSs8zSmxeTm62j5INow9srzG0g8ZWjieyeNrg8YIysZNDPRVLoZmFrmk5BVzaq3QWguOAm5OTU3W8Mt6iPDguR+UghS3t8WIOAUTSWuOUw2xaayT4PME98QPZRqabBAIU4eYDCtPA2Mc8sq6+kZLERjcrJV9AYidI7reyw5GCM7KnrqHxMkDG6bG3BzPI6CN0W0jDTQOafpxn3QdOOdsq/rqLSchoVZLSlx9FoVnB5G/QSg8RIzMb7o8FXPSu8SCZzD7FCfCQQcH9V1jHA7p0LcGOWkm+GjR2zrevpCG1DyWjuCrqfqSgvtGKeocGv5a/wBFhxGXbhqJHAWb8Jj1PpmaXhoWfclhgL3SmGfxWbjgkKZbKozQAOd5mbLrvPE5ko1DG2eyhxNETthhZbJLHB2NJGWmwjUW+q1jw3uGRwVZaGzNA24wszRTkOC0lskDsZO6xS7PW6O5SSY6hnntdSGjIbq7ei21LVR1LQ5nGFmxEyYaXMBRaCV1qqMuLjC/YjPCo71NjNG9u3Kivi32GFKZIyaMPjcC0jYoTm7pUo5NixJFbXUYqItHpuFn4mzUFWWybDsT3Wvc33VTdaFtRAQ6PLuxCVJMTKOOhRy626scorQqKiqpKSUUdW7/AJStDgaQVFLIKeXyMLSeEWnlP0Oxsmgn05QpmO+uPYjt6oh7iTtDZARjCqblbQIzK0bqwopRMNLjghGqIvEGMoUsgzrjZFqSMXLBjbSqmogmgf40BILTnYraVltBGWN7KgqKYscWuaFbhno5F9LrfBpei+qxM0UVbJjGwJW52cA5pyDwfVeFSia3yiogzsc7L0To3qplbGKWpkwRtv2KfVdJJRkadNquoTZsNJKiTUrXgqYHB3CRGRhanLKOnhMoauiAPHZVFTS+y10tO2QE47KsqKI9glGe2nJmJIC040/umRyyU7g5vHcK4qKPPDQq6amIzsoYp04COjpq+LL2gnH5hUNfapKR/jR7sz27KzjL4JNY2HdT2y09ZGWaQcptc8GC3T7uDPU1QSQHY3ViwZblCuNnABkgyCN8BRKWtdGPBnBy3YFba7P2czUV/G8FmQCMEZCp6y0vbKaijcWnnA9VaMna9ocOCiNIPdalNHOvpjNYaO2DqAyYoq46ZG7Bx7rQOAcMgrIXW0ukb81THTK3fZFsPUb2PbR1uQ8bAlaa7Tl2V/EzQSwHO7P3VfX2yGticyRgyRsfRXPitlDRgb902SH0HK1btyAlFTWDzpnzvTtd3MRO/oQtXTVFPcqcTQuG/I9CpNdboauIxysG/BWTkdWdM1oc0F0LjuOyfBmOadTT9F8+AtcQRyo81LwQFa0tTSXalE9MRqxu30KD5dXhPGnHBVhKSkuCkmpmnOWbqnq6TfYYWqrKV8ZyRkeqqp4A7tulzgpC7IZMrU0hachv7qL5oiDhaKppf8Kqamn7ALBbTjoztY7GQ1GcAhFcxsrcjZQXNdGQUaOpIIBCz5ceMCZLIOel08BQjG8FXY0yjhRZqbbYIZwUllBQs2dlY9uQkxxYch26NJCQeEMx+pWdpxfBo3KaJUFSdQEjshTg5ruCqfPYBHpqgh3m4T67f+Zi5QLHT7ob25GMo0L45hhpyU98DW7sbv8AdaE0+haiyCITjOnP5oRadwQrFrA46cYXZKUEAjCHA1Rk+ipIcCjw1L4Ts4/qiTQaD5m/uhiMnuqTaJOD9k+nukjSDqOR7rYdN/EevtQ+WnlkdC7A+rIH5Lz0jS4YPCPHVDABCfDUbezFdpI29nuEXUUdzpnTiNlYzG8bQMhUlS6yVRJbqp5O7HjBC83ortVW+US0sj2+oBwtLR9R266hrLm0x1OcCfGG/Zyd8ymcu3RSg/tRpKa5XmwuE1sqdcZ3wHZC3fTXxJo64tgusfgTDALsYBXlrpK2gc2QSsmgfs1zDkLklxgkIJj0u7kJsJpGG/SqXa5Po2NlLXQA6WyxvGQeVW1/SFnrGES04BJ2LdiF5H071pc7K8fL1Tnxf9245A/Jeo9OfEOzXUNir5BTy+vYrSpJnLuptqeUuCpqej7xQa3Wyfx2D6Y5CqV8kDXuob7bzE453fHho/8AEvZRR925USutlLVwuhq4mvzxqbnCP493YmOqdb54PE63oKhlPzthqXU03LXMdsf0XKDrjrjomZsV6gNwpR+NuzgFu6r4dxse6osFaaGbOfCxmJ3/AIeypK1l4tw8DqWzltPwZ2jW322QOlLmJrhqoWcWLci7stR0j8QGfxOgmjt9wGMiAeHPn23w7hXcHUvU3SMmrqEC528bGqgbplYP8TDz+q8sk6Xoq8C6dO3U0Va7zeJG7yv9OOFdWb4o3uxu+R67phLH9PzY31D3GEULEvyF2aZf/SeY/p9ntFl6ssXUcIms1eyowMubw5v3HZWjZPZeUVPRXTnUWi99OXP5apeNbJqGbTk+4CJD1Z8Q+jniPqKk/i1vbsJYxmYD1x3TVb6Rz3pYt4jLn9M9WwVxZ/p3rvpjqVg/h9xaJvxU8nlkB9MLQA6j6IsmdwlCTjNCzhcwE7BSIwoLGOGeSqa7dHWC8scay3xF7vxhu6uxsnt8wIKJMJSlH8Tzip6AutoBn6bukm24hkcSPyQIOrb/AGJ/g9S2x5j48Roxj3XpwZjJDd/uhuo4pxmZmrsmp8ZHK1v8jMW3qaw3YBtJXs8Q/hccfkrMggZPCq7p8N7FXZfTMdRT51eLT+VxKpJrF1707g2+R12pwfK2Y6ZCPtugdgSxP8Wa9JZSl6/oI6gUF8pJrbUbA+MPJn/mWmgqIaqNstNI2VjuHMOQUyLTBlW0goJHHdJIgjkJKYQtwC7N3xwnRy52wmrjW6e6UAuBVVNTVuIqymjmj3Ja8Z39VQVvw9sVS50lPJU0pO48N/C0CMDhD7GxunF5R5bdfhTdADJbauGrzktGND8eh7FYW52e62yR0Vxt0kWDjVo5X0a0aTkbFDqqeCridBVQMlY/6g8ZVOOUaqtdKL+4+YXU0ZyBggoXypbnS44/yXuF3+FFkry+W2E0kzvTcH8liLz8M+o7O5z2wCoY3fUwchA6jpU62uztmDkYSNL2agVDmoqaoYWPp2j3C0L6V0flmiDT6ZUKanw76MLNOjJur1Cf4mbqOn4tBMTsOCrXW58WQ+M59crYuZjYoT6dk3lIBSHSa43tdmMNONwWn9UEwjfutjJaY3DLWAqFUWd43bHj8kmUWNjq49MzbHyxnDTjCPFcp2YD3EgKfLbw3bQoctFjgJbTGQlCztEuK6wyAB/6qWyWB7fK8HKohTYOwC4HTwu8oKpvBU6o/wBJfgSjeMalwyVjfrbsFURXWpjIONh7qfT9Q0zsCpUjJPsF1SXoK+YH6hhM008u+ckKYyvs84DTtlP+Ut794nA5R5QCzEhx+Q+Q4RfFna0YkRBbT+CQnPGSo8luuwPlaCOyJvIxXST+1hhU1BO78hdJL9yoOqqiJjlgdqHcBI1ro8B7XAepQOCkbK9fZHhh5Itf1BAfSdw1EZXRE4LgjtqIiD5v2QTpRsq8hjmRWvpWnluFGfQRYzg/qraTwcjBXBEHjyoHpkzbV5VZ4KCSiIPlH7oDoKqPdo475WilpxjYKFNSOKXLS5NsfK/3INPca+DbxiPzU2HqS50xBjqX/qoxojygy07wNhlJ/jYN9PlcezR0PXF0iwXzasepVtB8StRDKuEEDktC8+MNU3iMkJoEncLPZSzqVeWn6Z6xTdb2KobiSTwz6K0jmoqpoko6nS/GRh/K8SYcHAblSG1VQ0YZK9v2cUl1fs31eYl7Z7L49SNvGcfzRIK2rjfkvP5ryGnv92pTtWyO+7irOj66ukD/APeAJ2f0uS/jibYeWwerfxWXbLgntuMDuZhn7LzNvxAc4jVRMb9gpkfW9CQPEiLD6hKlSn0ba/MHogmp3jDnAg+yYWQE5a4rCt6zonfTMfzClU/WNO1w0VQb90idJoh5bca50bQfKEySMAA4VE3q+mIGqthx7lSGdR2x41GthyfdLde00x16l7J5bEdnsyPumvhoCNyVBPUFsJx8ww/YopuFCWNealgDuCSg2DFq0/6hSxwA/wAoFMLRjlO+bozxVRf+ZL5ul7TsP5qbC1qk/YB7HA/U0/YoL2HG5Ut0tMdhID9kF0lOOHhBKLZf8mJFcCDwgnICmGSD+sIZkpzsXD9UWzKKnZH2QDPg4wmmYHYtyFO/3E7kBcP8PA3AVYwL+aBXGOlcd4QnGlpcZ8EI5ktjScvXDU0Dd2zgfdTgj2e2iKaSDjwB+SGaSDH91j8lM+ftoG9VH+qC652xrc+OD+SmRclR7aIpoID+AJhtkHdoT33u2NJxIhnqGgH0O3UEyenXLY3+FxE40DK7/BhjPhAoZ6iiBw14whP6l1ZHhu+4Kgp26ddBv4Nv/dD9U4WqAbloUF3UUv4Q77ID79VuyBG5QCV1C9FwKKnbxGNl0wMA2Df0Weddqxx+l26Ea6udyXpYD1EP6Il8+FgJ2QdUbTyFSiaqJ80pRDrcN3HJUB+VvlItvmadm2ofquOrKcDOr91VtoppXDG6PHbZ8KBxna1wgslfTtONSjPuzs6WnI+yNHanO+tgK6224dkQge6hX+syMauod5hx9k3x6p22rIVm2iYB9PCKymhGCGKFqqUu2VghmkG43RIqCfkgYVo2FuPKxPbFUEbQ/uoOjT+0QYqBh3kGcIrIqZmwj3CnMpX6fPgJ3h0MI1PfgoZvA1xgkQnQg4LGpCnII1Ls9zpac4aA781AqbwZBiAYyllKdcPZYFsUY85Ayo01XSQ/QMn7qtMtVMcyHC4yl1HBPKguV0v6CQ+5y/TEOQo2usmcSdwVIZTtYRndSWhrRgDCgKcpfkQTE9+NY3T2Qb5AAUkgOTCMDOUOAcpMc1mluEPXvwmmUA4TPFycaVMFqzA9dG65qB5SOwQYYxWNhGwsO5G6IGjgBRzOG88IL7hHjZ+PZHgp3RXZNGhvJGyQqIGDcqplrwc6HZKjPq537HGEe0RLUxT+0tai6RxnTG/Cim6TnOFXuaXHJTmt1KYAldKXQSSeV5yXlMDT33XWs3Rg0HGArcRUpOXYFkfsisg0uGRyjNjxjARY4nOI25VxjkiQOOIY5RGw44UmKnLuykNp25GyNRwaIJkZkZ5x+6dpI7KcIGhv0pvhhp4VY2jAAh9kQRjHCJqaOyYZGHZpypKWQcpDA3Sc5zhIzgbaUzfK6G55R4yELxyeyYGnKM2LuiBoHZFGJATWEkE7Inhtxkj913UPRdMmRjCuSyQYkkd0krog9cOy6kqDicBTXvA7hNc7GwGSuxUznnVK3Csalng4GyPPlbsjNi0kFw3+6ecRDAQnudJ2woRQx0de9oAACY3VJwESGinlIICtaS3lgBc3fvuoNjW32Qaege7Bc1WkVLHGAQN1IjjY0YDU7T7qGqFWOxgYAAB2TDgDOU97g0cqHJJqKhJJRHSTdsKO54z9QTZJAByoMkvOFDLOaJE8ga4bqNNXMjbgqLUTl2wJURwLiDnKhmnYKpqJJH6tzlD3JyUdunBy1DOD2UM05ZfIhwmrmQmqhI9De8N98pPkLRxygEknJTIoROZ0uJXEk1zgAiQqyQ58gKjSP9AmySjVjJUaR5OyLJlnZnokeLnbbdNjjc52yHBE9z/ZThGIwPVGVFtnWtTXyBo27LkkzWg+ygOqMhwwqLdnokTVBGwIUGWZzzsmvcSc5XOQlTbEt5OF2eQlgroGO66rAcsCQV0jCKoUBXXDA5RUGQ5xhWo5IDwc5XNW2EtW+MLhCHYLbwcO64mnlJTAqU8iXMj1SJHCESQeVYErNoTOyjuzg78JznbbnKEeU2MTLOzI0k5XM5SST0sGeU2JJJJWJbwe2cpOS1eyTV9ASweLOAEHJTZXiOIuRGtBGoqvnmdNJgbAbYQN7nghxpklfqceUYABDZsMYwiI4xxyQMkkkmkHJJJKEEkkkoQakkknEEmJJ6hBJrk5NcksMTlzjcrrlGuEwhpHvHZZLZ/GshRi5PCKC+Vkr5fCEg0g8BVBGUp5HTSue48rjVxrJ755OrStscBImHOwzlX0EDIIRjkjlQrXTbePI3OPpBUuqlGA0I0sITOW6WCNWSlxAUZ/Cc4kuJQJ5A3AS7A4oE85dymYHK6kgGCTThdPCjgO1KBBcb7cJ44SA7rqMY2FSSTFCpS2hlHnO4RAcqNKRsoChAZKJsQNk1n2RKaLxpgzPKgcnhZLC3xmKJ05GNWwSky459VInLWtbE0YDQorn7HZFJYMb+6WQM7tAxlRQc5RJ5Mu2GUMHKAfCODqdJwmrkz8BVN4QzGWRKlxJAyuwAZQZN3KTTjbcLKuWG1hBsYACbGNyuOT2psWxTOuOwXW7vDPVcyF1gyQpY8o16WOZ5J9spGz1kbHfTkL1K1QRRUrCxoCxHS9tD5xK5uQQt8zTFGGNGwWGxnuvEabbW7P2R7jLloYDjuUy3xO3kI2UercZJBj1VrTNDYWgDGyV6O5GPOR2rDSQOFAja6oqtztlS6p5ZA4jnCZRxeFT/MvHIKWzZCOSTa6PxqzLvpiOSpd5qyzFPEd8ZOOyNZYvDpnSvGC86iVW10onqHyAY7JDY+KxwS7JAXMkq3jYbN9yr23Me1rpnDkqst7fDtmMfU7/VXjC1kTWgYAASZPcdSiO2CItXMWkjuQsXXSFsrj7laS7VXgsec4JGAsvpdUzZG5zslvouf3NRNJ0bb5Jqr5jGA0ZK27m4OFVdNUZp6LURjUBhWpfk4xwssnlnRohsgQro8MiDW7k9lIhjbHGwNGMAZVdKXT3HQN2s3VhK4xNyeMJeMj3PCyUN2kdLVEOO2EKhY2SqY124G6BM8vme5zu5Um2Nw90/Iarawc5/fNyKfqeV8lxDSfKwYaOwV30wxsNEZQ3zPO5WVmmdXXNzCckvwtpTxtpKaOFjfw7rJcVoZfLa7H64LGOXSM42TIf5tQHH6UiPDoMkblEo4c0nint3WY7T+4g3mYQ0pI25WFpneJI+TGA5xwtF1fPI2ARMdjJwVQ07A1rccI4vBzdTPdLaX3T0BkqmOxs0rUPBM4we4VTZImspfEDfM48q5oo/EeCd91zdbLLydnx9ShBMt4GElrGhWcsraOkc+Q4DWklRqCNrpdxwq3rKrMFLHEOXkn7rlSeXg7kMKOQXSdO24XSSve0u0u8uewWu6jro6e1vDti7YKn6MonwUomeMB4z+aH1rWxODKNpy8blRdkbyjKgeK8H1KupcR28NA3VTR+edseOFe1MZY1jAMk7I5L9C4Pk7YKdrWmVzfMTygXypcaxsJPkAVpC0UdEXbHG6zXiOqqt8z8kZ2S30FHsubdG0hgI5O61tKWNgaGtws/aoWOLMj0WgIAa0DhYrZZeDVAP8Akh1MgihdIeGhJhxlRrw/FE9g5dss6fPA30YuJvjT1NUB5ZHkhNpox80559NlMMYp4sAdkCnb53EjkJucIDHJreiIY5K2SR7clo2XolIATlZTouhiht3zAHnedytVTtPK59kt0sjF0R7zIzSIW8p9mgZjxCN1Er3iSpwO2Fb29jY4dgs13RCWAMbojQMpiIOVjfZbJDQAE5cHC6kzWShySSSAMMkkkjAEkkkoQSCjIKploSanJqiIxJJJKyJZEoF1l0RtiH1zeRv3U/IHKpXv+ZujpHbxwDQz/mUGEunaWgNPIGEccoMWc7oyMthQRoxlCPKSShBiSSShBKJdLjFabdVXF+MwwucCTgDClFwAWP69qPmaei6dbkOutR4bz28Joy/P7JkYoksJGekhkj6Wpnyu1S1RM73HlxdvlQKamcQtP1tEYhRMBABaMgBV9HSlwGG7lba3hC2uS/6aoTDCalzcOI0tV80kOyd0GhhMFHGwjzAZRkE5ZKj2HD8NIPogB252T3DPdDlOiMu9Ek0oLGcjOV3I9UOn2gGeVwk55UA6HJJJKAnRslJN4Mbn44GU1yh3+cU1nqpjyIyAnVrkJGKspFTdqyqIy6SVxJVrXyGOnfp2OMKu6XieyldUSAan8eqm15aS2M/iW6CwQfamFlMSRu7dFDtJJIySnwjREAR2TT5N8cLZUslN4KDqm4R0tBI+Q48pAXlccZkeXnvutl1/WNe0U/4nO2WUhjw3jhex8Rp8RU2eK83fltA5niGMk8ALOTOL5Hknc91c3ibw4CwclUTHFzmg9yF7OhbI7kfOtXLfbtNz0pAIbeJO7itDAfNhQLfE2Kkhja3A0hWMLMHUO65upe6WT2njatlCRKJOgIMZJIz7ozhhqCzbf0ystfZ0rHwZfqGQ/PeFyrOgj00rB7Klr3GovGojO+FodoohgbAYwtEFk51sscs7p91598Tr0ae11ETnBo0YC3VRVeFTulxuBsvE/ifchPEKV275JNIXe8VTusyfM/q/W7aZQzjJlrNG0UbZBsHnut10tStbAZSBnCx8EDWRRwt20AZC9Ds8TI6KPSMZGV7iiG1YPhWtnmOA8w2B9N1WRAVN3jixtkKxqJdJ2GVD6ej8e8OkI2ZlNZzYLBcloF08MDZoCtjkgjhVlCBLc534zjYKznOABjskTGwSPNvibdo4be6lJ80jtIwvI/wlbP4m1gkuZphuWuJysW1crVSzNo9N46G2sC7OCfZR3fUVMI2KihpBOVzLXydNrA+KUMOPVWDHlzQSFVZHAG6sKZ2qJuo7q65Z7E2ZCkYBKA/uFId9JQXg7+6GYKZGHllaQraBwLBuqp/1BSqOTtlIaOtoLNk8Euduobeiq5QQrY8FV9SzOdln9nVtjnkgHlIeqThgrrcg5whayJi8Mns/mUoJ3cAtt8KZfCu/gnYAA/usPRDU0t9itP8AD+bweoBvyP8AVLSydrxU9uog/wC59CSOGNguURLpHY7FcHmja71aClRZFQWZ3Q2I+qw5wEqGb7LI3xoFRkbEFbWcaXcLJ9TQ4IdG3jcpAzUQ/wBLJX0zzJUhxPZTHg4KgWw5qBnurRzcvcwdk6Kwc2KyNgzo+ygXaAZEjRyrOn8rxHjlDuMILRgcJ0eDNrIbqzEdTQmW2u2zjK8qLS15B9V7NdoRNRSMDd15HcYvCrXsxjC3VHzT6oqxKMxsXBRYDpmaBwhRcFEacOyunHk8azdWM5hAAV3VM/kcKh6beHeGFqKmLVAQBlaYI87qJbbDtkB8HTzurMRNOVW9PHL5IiFcGMApkY5MF0tsyJJCMbBV9ZBtktwrl7MqJUQ5bkNVtemVCZlLpABHkN3VS2PygELSXGLOdtsKjkZpeR7rFav0dKmzPZCewNO2yjTs47qwmj3GN1GlbsNllcW2aozK98Z0ndBpJTBVNeWkjPZTXb7YUCoYC7HGUvbk21WYeTWU7hMzU0g/mpFLVS0k4kY7A7j1VPZKoYFPjtyrSUFpGAk21HvPCa3fjL6N1TTQV9O18bwXEbj0Uaopyw7hUNhusVJVBs5Ia5a5zGzsD4iC07ghc6yvB9I0t0dTDKM5WUXiEgtyDt9lSROdba4chhOCtnJCAd28qmvNpNRGXxDDhuQsko5LuoaW6JIqNFVRF+M7LMMPhTlvbKu7DNpzRznOR3VdeqM0lQ4gbE5CH0cq94i5HHYOMFTqKfBDSO3KpYptTgCp9PIG4OVYentNFEdQ5XXxZGcKJRTZAGFaRAOAyFDs1tSRDMW3GMKDVQ482FcPjHIUWaEPGMcqm8EsgmUud9JCFJCecKVURuilO2yQAeAqSyjJKGGQ4xjkKdTTmNw0EY7hCfEcHZRfNkqJ7RM4eiH1d066qZ/FKLDtIy5o5WNp5nRbZwRsvT7dUCXNJMQQ4YGVgeq7LJabi8sB8N51DbhNi8nD1+ndX3xLWy3Hx2mCQ5cBsp00GrBCx1uqXQyZa7BWwo6ptZTB3cDdNRmouysMG1pa70VjSODhuoTo9/RFp3hr8BGdCEiwLRg7dlCkjyDkKwYctymFoxwrXY2UVJGcr6IOJAb2WfqICwlrgRvhbeqgDhkN7KmraFssbiWb+o5CZ6OVqdMvRmHQgn6VwRgHOlTXwFjtLhkpulv9KOMmzkzp5AtY0fhXdKN4OO66yPUmZbA+Mj+Gf6VHkhIwQ3j3VkGdgEGaIjGQgcgXRl5AQuwQMbq5t1Q6N7VTABpzlToniQac4SJS5NWnk4SSNnb5GzN1BTpIGyxlhbz3Wes9YyMthkdgngrWQAANyOyE9NpZbytoq2S3zeFJnwieD2V9G5kzA9jgQVDqqSKpj0FuD2I7KDT1EtteYp2uLM8oZSwdGGY9l09m3CjnABOlSYpo6iJr43ZBTHNB4KW1kJ8ozt2tvjgyNaNvTke6jWq5uYfk6p2S04aStHJFntys/crFI57p4CPXHdLUcCJcPJctIIwGpFuVV2O4uLjR1By4bAnlXj4wBnCI0QnGcU0Q3wOYfGi2I5HqpEUzZmgjnuPROaDkghR5IHxO8WPjO4RxWQ8ZJJa1wORwqK5UYLy9o5V1Cc7kINRCHjCtIzW0qxGPqqfzfTzyqqN1Ra6oTQuIGcgham40vhvwWbHhU9THqOCMofeTi3VOEjedI9UR3KJtPUSASN2yVqw3I5XhbKiotVQ2opiRvuAV6d0p1XBdIGxTPAkAxun1zz2dHRarP2TZoXNwSmPjBB9kY8IOOU7s6rwiFPTA9lVTUmCcLQOaD3UKaHI4QyeBM6VLoz09Jg4A5UNjX0kwkBwO/utBNSaznCgzUhIwQhTMdmnxydpZYK3MWQHBVlyspL3FrdJ9uCiyRPhcJYhpIVxba+Grb4NQAH4xumwsMF9EZxaaMJFM+mnMUpIwceyt6ebWAQeFbX7pqOpiM1O0axvkBZUNqrXKBMDp4WuFmTg6imVb5RfteXBVV1tbZwaiAaZG77KTTVkNRsx2/opWsErTGWDnXVKaKqydRS0wENYS4sOnJ5wtrS1MNVC2WI5aRlYi62yKTNTEzDu4CJZr6aACGbOAVsqtOe4utmyfGOwVfc7fTVsBhmYDng+isKaoirIhJE4EEJskRYQ7C1qWeUBNKa5MDorumK7LS4wE/lhappguVKKqncC7GXAKVW0EFwpzBMwbjY+iyrPnem6zSSTCTt9k1GNxdL/sX9FJ47THIAcbbqNW205MkJGnnCI5rq1grrYATjL2BSKOqZUDS46XDYg8go2gt6aM5UU34dO4VVUUbzw381uq2gZKNQYAcKjnonsJGEqcMip17jIVFI4HOnChSxFhBxjHutTPRtecgKrqaIg7BY7aV6EyjgrI6h7CAQpJla8b4ygyU+nfTwo4kLHcJG3aIlEPJFq3A2UZ8enfT+6mMlD2gOG666BpAcEtwUiRm4srCXDOWoZG+QVYywDGzP3UJ0Th2ylTq/RoViZ2OWSIgsdhWVLWawGyOyVU5cc7YXY3FpzncKoWOHDJ/dF+GAjU08J7ZCCBpVVS12ggSu2Vsx8dSweEMlaFONi4CVjXQ7woZW4LdyodVRPjGS3AUoiWI5czCMJmyANeMqRjgLdvM+WnJGEEhzTsVoKuhbIMws3VTNSTRO8zVUlkFwkuwLJzGRkKSyWOUbOznsohAccJBhYRgcoVJoGVaZawXOuo2eHDOdH9JOR+itKPqKkqMRVsQjd/UOCs2yTOAeSjugbpBI/NPVuOxD0kZcs1vh+I0S0swcPYrkdVVUz9WSCFlqeprKMgwyEAdiVc0t+inAjqmYPqnw1UOsmHUaVrhI9I6U+Jl6s2iMVJmgG3hSHIH29F7B0z8RbB1DG2GpcKebg6uCV8xFzfriJCl0lxngc10chBG+xwVsr1COJqvFxs5XZ9bSULHjxISC07hzTyos0D9BhqYhLGRgtcMgrxHpb4r3a0uZFUTuliG2l5zsvYOnviL0x1GxsPzDIpyN2u2GU6NqlwcS/R26d5ijPXr4e0VW41VkmNHOd9AOGE/ZZe5WS8UMZgvVtjq4BsS1urC9kqKJn1RA49QoroNWc8j1CvYmZ4aicHiR4NTU9w6dq23Tou4fLygkup5clh/Lst50t8W7Ldz/COqaQWyuGzw8Za7P8Akra89F22v1TQxiCbnUwYysP1D0DLUw6Z2MqNGdJAw5v2KGUHA2xupu/Pv9+zeXj4b2C9vFZDmmlcNUc8JwfYqoZUfFToclkT/wDaK3N30k6Zy33dvwsDZeterugnto5oHV1uYTpicSPD9fsvYOlOvunOqoXfI1vhzMGp9PKMOaPXlWpMllN8XlpSgwvTvxZ6cvMgoa5s9rrc48GrboyO2DwtxGYpoxJDI1wIyCDnKyF46OsXUbDHcKNrtXJAxn3VAOheoulR4/Rd9lDGnPydSS6Mj0U+QxOqqTwuD08xkJ0YwV59S/Eq62tvh9bWKejDTpFTECYnFbCydRWe/wAYltdaybAyQDuE1SyZpVyjwy2AGF3ASHAyup2ULkmJrQhvbk5J39UVq6RlC0Uv7EGstFsujRFcqKKpjGTh47rL3D4aRxSGr6ZvFVbZicmMvzCf/D2W2AwkjXAatkvZ5xUVXW/TjsXe2MuFK3/jUxy4j109/wBVMtnVVpunlim8OTh0b9nNPoQty9odjKp7t0lYbuS6qoI/EdzIwaXfqiyHG3PZHZIHjU3BB4ITlVTdG3m2sL+n7qXtbxBPvt7FRje6+3ER9QW6Sna3Z8wGWhWTcjR5HqnOPoVXUlxoK3DqSqDwfdS2ZaRlKKDpJDhJQDadBIOQntlJ2dlw9CVwbp+gEIsFrjorbp0zYbw7xKighEp5e1oBWLvfwjOH1FpnLs5Ol24/Jeh6HA5GycJZYiC1xQSjk0V6mdfTPn269MVtuLoaujcwjvjY+6oZrPMzLoJMu/pX1A51HWx+BX00c0Z5a5qz12+GPTtz89ucKFx38jc4P2S3XwbqfINcSZ83zMu0DsPpXfkmR3uIDw6mFzSNiCvWLz8OeqLa9zhEK2nbxJEN8e47LGXXpuGfUyppDFIOTpwUiVOejdDVVWdlDDVWesdoBDXe+yUtmp5c+GGuz6FArejDo10VQfEbvyqR1Nf7fMTEZMt98hZpUuL5OhD7l/pyLKrsM0bS9kWB+qrZ7a6JuXtwpVL1bcKc+HWwB+NjsrGDqO1Vx8KeIMz6hKlWMjO2PZk5qYM4aoktKWkEALdPt9ruJc2nmYHehUWq6YcI9Uelx9Ev4jStSo/kZCNmNh2ThNPDvG8/qrWezVTBlsJ29lXzU00f98zSh2MtWVzeUdjvFaw7nj3U6PqaQAAv491UPbhR3twrwOVUJGmj6laD5wD+ikG7UVU3RLA0g/ZZDJXWvc07E/qqzgp6WL6NW2O2TkBrdKf/AAqF5zFVgA9isuKtwGN12OreHZMrwPupv5AdMl0zSmyzg+R+odiCo01LXwkhsJcAq+K41GAKetIcOziQpUN8u8OC2Vp+55RqZFFo4XVrT5onD2wmunkHIVjF1TWsGJqOB4/5Eh1Va3nTV2sH3YxTegop5K5sjXbnH5pEtHGndW0V26MqciRjoHdstRPk+mKkDwa+I57EquGaYSceihfpP4moPgRu5GcrQSdN0khBpnah6gqO/p2WDYvLgeM9kDgmaK9XZW+ykfSRM3aEB8QzgDlaB/T1a8ZjxhRn2OrZyEmVSZsj5CxFMaV7twQh+ERyFbGzVZ2bsgutddF5vDSZaeBqr8nYQDDJy1uyYcjkcKaYKlu8gIH2Qy3fdn6pL0yfR0KvIt/kRteNtOEhLCOZCEbQDy1O+VjkGXMCVLTM3Q8jFAhNB2kGV3xo/wDvE/5GEAkMQXRAHGEmWl3GheQT9kjxmf8AelM8do3Ep3QtHt+6Ho9v3SHppehq139yWKp44qH/AKoja6pHFQ//AMyg+Gf6SlpI9f1U/jS9DV5H22T319d/8kyD8ymi51o5qn/+YqEWOPqm+E7uSEEtPNeg/wDij/ZN/idb/wDJT/8AzJfxOt/+SX/+ZQ/Bd/8AKV0QE7ZQ/DP9BLXzl08kj+JVv/yS/wDVI3KsIx8y/wDVBFE47/6rooc7E/uqdMvaCettlwONfVHmoP6poqJc5dK4590VtrZ3duiMtwGAcEIf47BdlsuWyN4zs5Lv3TxO4fiU1tshIy4BPbbqfnAQSpa4CjvfZA8Vv9CQGRnCtWUULeWhHZT0w3LQMKlSx0U2VAj32G/2RmxO21ADKtg2hbsQM/ZOHyXIH7KKnAyMEnyVbaYnHl5RRRyEbN3U8SQD6QitkOMtYAp8Roj8ftECO3z927KVHby0Zc5v2RC6qfgMAwutp66TYgAH2U+MNTgugXy1M3lgJTgyjbu4YP6ogoJQcyHn3XRQQjc5VbBif/KBEtKwEMcU0SOPDdlJMMMe4ZlP8v8AS1ColpSfsjxsmOCGnf3UgRnABXBPBDjxHAD7oNTfLdCPJnV7FC+AlOMfyZKbTE9uEVtK1u7jj3VHN1PIBiD/ACUOS7VlY3TJIQPYoMBfyIQ/E0j5qKDd04UGXqKmYHNiBJCoCHO/EVxsZzsrwwJaqcuEWM99rZchrtIUGWSsqXZkn29E5sDjuERrdO+Eva2A5SfLYNkbiACMokdOGkFdM0TcZ7Lj66nGNL9wqjDkX8kF2yRo2AKTh3JwoElyf/wnZCE+uqJBgnCbt9gvV1rhFm6WA8y7jthDNdDjAeqou1HJK7rYDucIVFsVLVE99VIQSx3ZRxJUOO7/ANkE1lO0YLuVHmuGNoSqlXgXLUxXbLIPcBuUvmWNG6pfm6hxzlO8d5G4VxqyC9YvRaS3KJuw5+6iTXSc7NOyiuBfuQulpcQEXxAvUzlwOfVzybF64A4nLk9lPnclHbG1oGyr4yt7lyRgw5R2jdOAb2CK2CR3DVaqbImM0gjhca0qVFRTybluApcVAW4JGPzV/Ex0XkhRwuJ3Ckx0ziBtsp0VO1v4VIjiA4HCYoGiMckJlEe6kRU+ngbqYI2gYwnMi9Byoo4GRjgAyMHsulmNiiZbGd1FqKkE+UcIXHIe5RDmYM9P1UaWf0CFqL3bjC6WZ7q3HgGU/Q0yO7hcD9/pTxCMozY2gZ0oNuOwE88jA3I3ThGAchd1AbJhfjsmQX7GcBUzI9VwkIZRh5C5HqmIIJznJRmDYBAWJPTSAGnPomGdvCVKeOiByQO6E4zSHEQGE6OCSZwI4UsMip2AtGCeyAbFZAxUhjxJM8F3Yeie6TGwGV0h0uMbZUmntzyQcfurHwg5dIitjfKRhqnU1vOziFNp7a5uC9qntY2HGGhQ1VaeSeZEamovDG4RwxrdwjhzcZAwhiTnZWjQq1EDp90F8ukcIz5AAceiqqquEedIVcAzkoILNKXfkq6oqgfKMbKLUVszzkHAUZxc7cuV4OfbdklPqCcnZRHzF2RhcyfVcUwZZT3DHZccpYynYb3TSdtlTEzngRIHcKPI8cIc0pBwELDnHIUMs7Mjy4g7OykBhcGQunbndMisi3MeRkhcIx3TkConZG3dH0InMTpNjsq+abxDgcBCq63UdEZ+6C3OxJRKOTPZZngKXH9USCMl3C5FFqOCpILYwMBXgBPHLCsDY288KPPUZAAwhT1GSA1RXuJBOVCpWekFfMSN3KIS7KWTq5Xd/VC3gQ3kaM5SwUxdbkEFA5plN4DpLg4SJwrSyVnPIzT7pAYS+pNd9KLb7LcsD3OBCASd0iTnlcUB3IYu57LiR4RCpzwCwkRsmOcc7Jpdjk5Q4MzswIvOcBcLxj7+6Y544QMklGoiJ2OXAQk55XFwbrqYZnNiSSSRlCSSSUI1k9qTwMkNQ8YR3eHT0/il2JXfSF76yWOPZ4yMdxGrZnM/kMOAeSokQxud8p7nOkOTyusBG6kF+yxaT6JydsQNl1NIPSSSRADkkklCCSSSUINSSSTiCSwUhykglLaQSad+Etz+a4UmUsBnXEY5Wf6grdLBTNdudyreumEEReOyx1ZO6ondI48lcvWXcbUbNJXmW4BjKPTwmU6QExgxuQrW104OKgjb0WCuJrtaUeCdExsNNuNIaMKtmlJf91PrZsM0gYCq8mWQkHhPaEQXthDp0Zxuq6UkvUyZwaAMqGd1ns5NMEjg911JJUWJcwF1JQgkkl1gJdsjDDNC45PbsN0CQgnZQEedxhRJAdQ3Upxw0qL9TlCBmNyzOVKtcJMpeRsAosbCcAd1cwReHABnB7lFFZBtlxgFKd9lGm+lHkIJ2UWoO4wrmhMAD+cFcSSQGoI76SodScjGVLkIDTlVszsu5Srf0XBZY3Pnypkf0AqFGDkKaNmAJUY45GzGb6x7I43CAOUVm4Rp54FMQBzypFOzVI1oHKjacOyrWy0zpqgHGQCkyZ0vH1qc9vs2nTdI6KIOx2V3USaR90GgjbFStGMHCHUTYICyzllnvtLF11KB2lb4s5Lh5QrZjgG4AwFW0Qw5TnuGn0QPo6ECJXPMk0dOzvu5WDm4ZDRAeZ2D9lApIjNXPkxnR/mrijidPXNe1uQzbPus7ZqpeVlkqrmNHQPYwAOAxlVEbTJgnujXmfx6rwIycA7p9FF/MZGBuUBrrWWX1MxhMMeBpwDj3UqpdpwwcKNSRlsgJ2ATq14c7bsls6MeIlHfZmOIhGM4yVCslKJaoDGwIQa9zn1LnOOd1edJ0jzIZi3Zx2Wex44BgnOxG0ha2OCNrcDy8JsrQY3ebtlNIdqa0H8lDuc0kLXRMO/G6zM7PSO2ppnnMx77Il6mEULmt3wESgiEdK1w2dhVF7n1FrNXdWkZrpbYPBUyEnfO5U1rm0lmlm5JzlQXM1uDc8p3UFR8nZDGBuVJowxs2wcmUHTzTVXfLh9btS9B06tLRv2WR6Kpmu8SrcwZczY+i1tI3Ly4En0WG40+Ohtg3+2SKrGiKmPYguU1xZDTaRsMKHSRmpqZC4ZDP3R7hJ4VM844aVmOq3iOTz3qOqkqLkInHyN3wlTtMkjI2jckBQi91TWSyyb4ccK4sUQkqsY4x2Uk1GDbOXDNlxr2RtpoI4mt4aP1VvQU+iMOI3O6qAcyNbyMgbrTUsZY1u22FxdTbuPU6OvCJtJEI2avxFY7qJ01w6hhoxu2PDsA9lsZJPl6d0xGzBlY/prTcb5UV7yXZeQ3PYLJnJtlLDwje0DW09MyMDThvCxV+njqbjI5h2b5VtJ5PCp5CBw0/wCS85qn6pCc7kko4rJUrOEWdlga+oL3DOkbKxDvFrw1w8rOAo9iaBTuf39VOtcTXukndu4OIRgZxyCv1U6GlLWP055VTaITKHZ9eVzqKd0lQIQdip1oh0xg45SbJcBwluZf2uLDmq57D7Kst4DHDsrQcDHdc63k3QWRNUO4jU3TnnspzW+6h1bXGpznIaOElIYZ6uj0DHGFFpI/EnZGPxFWN3jzFtyndLUXzd2hy3OndMnxBsA9JtdKylo4YI24w0Z+6sXERRF+OB6ocDMN3HGyDdZ9FMY2nclc2TzyGQYGPqKgEHOXLRxN0MDA3hUdkhkfIJMeUFaMtGFmnLcQYOVIzkBAAwVIZ9ISJPBbCMGMp6a1OQPkockkkkhiSSSUIJJJJQgkkklCDUkkkYAkxPTD7BUxsP7gq6UQU7pjw0KpoG4Zk/8AE/mfqpF5ldOIqJuRl4kd9ghRYDuNgii8BE9vCIht4REQIkxPTFCDiRjlCO+V3J9UPIVpZCSOOO+52KyVDIy99a1VcQJae1RfLRg8CR2C7/6jK0tfPHSwmeZ+hjRu70Wd6MhjhtArA0+LcpHVkh9C/t+gATYRBksg+rQairpW8hjNh75RbTQvBjJblSLkxslxjJbw3ACn0bGsbnSn9IFPHZMTEk9AUnljkGqla1gjPLjgIygVb818EQ7+ZCPj0TmZDACMYXE5D1eygHY5OQ3J/wBSKKyQ4TlUXXFX4Fo8Ju5meGfZXw4Kx/WswlnpqL1IkKfWuSI7aoDDQRDHIUec+Lc2RuOQ3Gys4Q1sTGtGAGjZVtJia5VMxGQx2kLauiyzkAIA4CHVYZHqJwuuJdK1uOcqt6krGUdte97t98DK6GlW+SiZ9TP44OR5lfquStvEmp2QzIagxgNHHCC0+JO+c7l5zujB2kEn0XvPH1YrUT5/5Ke9OTM5eKlr6gsb2Ua3QePcIWAbZz+6BUSmWvmJ7FW/TMImujMjOndekX20M8PH/V1SSN3E0MYGjgABTaQ5ByogG5Cl0gOCuPY/Z9G0le2CQ+YnGMoD5NETn+gSmc50wY0lCuDxHSkeoKCAV3CM5SxGpuLpWjYOV6924b2VTZm+dzs8OJVmHZOU5LJytVL7GV3UE/y1IMH6l4V1TIKvqRurcMbsPfJXr/XlUaaFkWOF4nPIa69S1bAdDTpyV67w1WIqR8T+tNTm34/0WNBC2S4RwPGRqBPuvRaeJrYmtbsANli+m4GSXEyPbnA2W2OGx4A4Xqq+T5PqpfdtIFWdJOTwE7pqPw4qirJAAyMqJc5CIXY5Vhb2Gn6dc6QAOk3x7I5diYrBYWEsd4kwBJc45JUu5zeDAZcbBBsUTG07WtHO5UfrKoFLaKh2PoBP7LLa8LI2uO+WDwfq6uNbf6h2cgKoKVTI6prJag/jJxlLSfRce57pZPX6WO2KX9jh4Kiy4I4Uo8EqLKM+y588s2S4RGJ82FOp34AwVDI9k+ndhwJKCMsMVLlFu1wc1NkZtyuQOGnGUUg4TmtxnZXTD0XaNxEgOeOU+UZQG7OKz2JmrTz+OWS3YQ4ZBUarb5eE+mdtgldmGW8ZScM9EpKyvJVkHUnbYyU543JQXE7oOTJLMSVb5s1AaRsrzpicQ9SM0jAz/qs/QP0VAVtbHeFd45+BqG6W8I6+gn90X+mfTNG4SUkMu3maP8lyPauOk7YUezYqLPTzNPDRlSMASNcDgg8pc3k+taSWa4sn1QyGn1Wf6nhDYWuA3IWhld5WnHoqu/QGel1AfQlJGzUc1cGLo5NFSz3Kv3NEbySORlZlhLayMf4lqXnJafYJiOJVLIKHacDGNlyrGppB7FdAIqiccBKUYDtt02JdvKwUFXCCCwjYrx/qOIx3WUAYGdl7XWMDnbDC8m61hEd0Lg3GcrfSfP8A6m07dOf0ygg+oI7uAgQfUEdwOkErpw5R85m8M2HS7gXR7jZbd8euBwPsvPOlX4lY0ndemMA8I/kttS4PO657LMldZCBWOA2PC0BaSqClxT3hoA2ceFqHMaQMDCZA510svJDc33UeSPLcZU90eeCgOjJVy5QEZYZQ19Lrzt2Wcni0vI43W1qovbssrXR4edsbrJOO46FE8ldLFtkhRHjOysS3LSAoMkZ9OVnlHBti8kCYBh2UGoBdvhWU0R5woEoByMJOEmbKn+x1tkMMweVqBIJ2BwH5rIMOh2VpbfUtNK3PIQSjuOzoNTLT2faPlj7ha3pi+RPjFFO7DwMAnusw0iUEKKZZKWo1MJBacgrDfVk934ryrqtTkz0yqiGxHB4UN0eSBjbhDs92bcKJrJnAkDnuEYS6dx2XOlXhnvoaiFsFOLKm5235KobUw8B26FeKb56nE7Ry3n3Whhc2uLqacDONvuo1VSy0g0SxjSdilmfUaeMo5j0efYdG8tPLThSqeQhwyeVJu1vdHUl0Y8rhlVbs5xxhQ5Ek6ZYNFSz40uGFeU0jZWAByyVDU6h4JVxQSugc0EkgKHU0uoTReHhR3jPlKkMdrZqxymubvugxk6ON64KuvhBic7GSq9jtGBhXk0evYjPqqiqpnRuDhuMoM4MtkB2Q9vChVLPDP08qTE8HgIz4hM0aWq1+hDRUsfJHIJGnBburSpgor/RmOZg8QMxvzlQpoQ04HZNo6h1JOJQNu4RxRk1EFZHazB3G3TWuqLHg6QTgqZZ7i5j9GcBbHqeysvFIaqjxnnHcFebyRT0VRoeC1zSmo83dTPSzzjg3oc2RgeO4TYsteN9vRU9kuZkHhPdn7q6DTkYTEbdPbG2KaLGA5YiKPTPxsQpQORlWdCHICSPI4yoM8enfCtSMqLURk8BGVbVkytzpdOZA391WjkLU1tKJo9JCzlXAYZgzCbDo4eqp2fcIAEDbCQGO6TXjGDsmhh33TEjBnIZmPRKaIPGwTWkIzXN4KCS9hRaZWTwOa4YGy7ThzXBWE1Pr4Qo6fSeElo0V1NyTJNLqa5rs7t3Wqs9yfM4QyOGwws3TR4B2UqlL4JmyjgFAdrSPY8m3G/umVMEdRH4b2/Y+i5bKmKsg1sO4G4Rywg8JUlk7KxZHJTM+ZoZvCDsN5HoVa08hlaCU+SnimGHjccKBKyeml0tOG9lAcNMnuZlDcw7brlPUEjDtyjHB7KFtZM/dLUS75ukGiQbkDupNnuTqppp59pI/VWj4yRwqivtr2O+cpPLI3cgd1WSsbOi4DARsFx0ZIxnChWe8xVX8mfyyjbf1VsWZOWhWNrlv4IMkD4262jYdkIn1VsWNIxhQZ6V7DrbwTx6IgnDBAqKeOeMseM+h9Fnayj8ORw08Hlagkd1ArIBI3I5UOdqaVNNIytRBk8ZwFFgmntlSJ6ZxbvkhXNXTOB4/dVdRFkYU6ORZB1no3THVEN1hbDNIBIBjdaR8flzheGwVU9tqW1FOSCO2eV6d0t1XBdYGwTyASgY3KOM8m/Ra3fiuxl65rgdwmEBTdLcbBRjsSEXDO4lwAkjB3AUKanyMgKzIyhFgwVWMEnVko56cDPlVVNC6J5cwkHO2CtPUQjkBVNTT5PCuMsswXUNdEuyXdkgFNVkZ4BPdK+dNMuDHOhxgjICpZozGdTRhXNhvjnEUlU4Y4a4p0JnPuqjOLi0eeVVHV2WrIIcA07/ZXFJWx1MYex2/ce62/UPTsF1py9jAJAMheZ1tBV2mpc0am4K2wng8/qNNKjs0TXAgZaqe7W2J7jNEC32CNQXSKZgbK7D+CrEaSNWMrVGRyL47ymtV8ntEojmBLB2z2W8t9fTXGBsjCCHD9CsDdbTLO8ywYGPwk8qNY79UWup8KXLW5wQVrqtMM81s9KfDp3buAoVZSQXCF1POz7H0Uy23CCvhD2uByE6aMN3a1aovIEkrEYqM1vTdby4wk49sKyrKd0knztH9MgD8A91Z1tPFWROhlZn09iqmndPa6jw3jMZ234ITs5MzplF4j0TKO6Q1DBFKdD27EFFmpY3jUMEeqrrraTgV9Cc93NCJaby2oAhm8r27YKguE5KzZZwRLnQeBiVg8rjgj0VPLCCN9lujHHIzS5ocD6hUdyszwTJAAQd8BKlHI2yGejI1NMHDYKqmpsHZac051OY4bqDW27w2h8YJycJU61IyTgUZY7YgYT4pS7yuHCK9gJ259EF8JPDVknBxZnf6DkNc08ceqiuiHYYXGyOacHupDXNcAqymTOCA+HTvpQMn0Vq+DO4CjOpDzhKsqz0HGz9kPG+VIhrJaZw8MobmOamu25GEmMXF8DVJMuae4vqG4lIR3N21NOcqgic5hBBOytKOtGzXEp8LE+GVLK6JrKhzSNQTpGQVTcasrrYGyN1f6oLmuhdlowUUo7uUFXqJLifRDqba2M6owVDkBZ5XDCuRUh2GTnGUyWjgmHH2StrG5UvxKXQ47t2PZFp55YzpnG3ZElpJIJS3TsEi1soGewUk8BQ549hxI2RuQE19OZMY290DUYTwpsUrHsDmn7qOOR8IKXAGOevoXZDi+P05T4ZTWSF1HUls3drjj8lLaMDJCj1NDBIdbAY3/wBTNimxm4rAi/QR3bohY7lXUT9NXE7b8QCtbd1GwPDo5Sx44c04KoWXWponfL1kPzEZ4JG+E99NbrkPFoZhHJ/SThOq1DTOZqNCnxNHr/THxfvljLIp5jV0/GlxyQF6/wBO/ErpzqWNjBM2mnI3a8918fNmuVtdplY57B35Vtb7+1rw+OYxP9jhbo6hnD1fhYWcwPs18Ie3U3BBGQQVV1dJh/C8J6V+LF7spbFPOaiAdnHOy9Y6c+KFhvzWRyObFM7YgnutMbFJcnn9R4+3TvoddbBQV7SyenALhuQF5zfPhtWUE4uVimMU0Z1NLCR+q9snZHINQY3BHYKsqafTg4wFeP0DVqbKvtPMOnfjD1P0vOKLqWifUwNOC/8AEPzXtnS/W3TXVMDXUFdA6XG8erzD8lg750xS3eEtMEbXY5I5Xnlf0VdLLU/N2p8sEjDlroyR/kgGTjVqVuXEv/I+mZbZR1LiZY9Syd1+GNvlqDX2Wpnt9VnVrp36Dlec9N/G7qixFtD1NB87TMw0vA/mgey9e6Y696T6sjabRd2GYjzQy+V7T6bo1wYrNNfTyuUUEVy656YIiuFObrTM28Vo0yge/qtBZ+tbVdQGOmbTy8Fkx0nK07qYSjDjgeqoLv0NZbmXPkjIlfy8cn3V5Zn3qzguWOBGQQc+iesS7pzq3p7y2S4/NQN+mObJd+qNRddeHIKK+0MtHONi94xHn/mRAbTYZCSiUtZDVsa+CRsgcMgtOQVKDtskYTE8ipJro6ljKWcpK28ArIhtwk4a/q3++6SSH5ORmXgoq7o+11TdVKHUUpOXSQ7b/bhVc1m6htB/kT/PxDuecLYrmMcFTGSbzI095azyXCGSndx5htlWTJ2yY07g+6uZaKlqmGOogZID6hVUvScW8tuq5YZDvgnLUbRcZJ9jwcpayz3VXUUl+tspMkZlYOSNwnQ3RkztAb5u4ypyF/gtRKONKcC15GQAoTaphwHbEoniADPZTJCYaWGQZBwfUIT46un3icCExkhHdHjn41cKFChuUrB54nDHOO6DVW3p6/Nc2qgi8Rw3IaGlSXOge3A3KjPpmF2oDc9wlhqTj0Ze5/Bu1VpcbRXmmlO4DtwV5/f/AIVdV2xrpPlvHYD9TBkEL2lrKmMh0BJI90aO91MQMVRCZB3B7pcoZNNWssrfJ8o3G1CnlLKyhLX8HLVVT2ijmbhjWtPO3K+urgLBe4WwXGiiczu0s3H2WNv/AMEembpmptFQ6nLt/XB+yQ4HV0/kl/WfM01sqKch8EjmkcEHlHguN1pHeI95eOCM5Xpt9+EHVtpjfNT03zcA4LN8BYKutdwonujraKSPBwchKcDpR1dUxsHUjnOxOzDT7KW2ssdyBhcWaj6hU09NE0eUaSfVRzbyd2AZ+6DYOcU/x4NAbBaJuHxj7KBU9EOkeTBK0NO4KrPCqIzuXD0wSpcN3uEDBGKg4HGShcSf6kOVIiVvRdfTxmSItkI7DlU81qr6duuWncB9lt4Op5WxgSx6iO/qp9Nf7bVaW1ELQe+QELrYS1V1f5I8vc1zfqaR9wuZHdesPp+nbh/KfTxjHfACh1HQNmqBmLIz7ofik+UMWvj/AFpo8wI7grpfLnLZSCvQKj4ZF7c0suk9u6qqr4c3uDJYWP8ATlC4MfDVUT6ZmGT3FhzE/XhSRd6uLBmoo3H1xyjy2S/0ZwaF+3OAoswqozieAtI9Qh2tcjt9UlnJJjulnm89RQlrz9XlTflrBVP1Q1phJ7HZQTICDlgGfUIPgQSHLwEDnJdh7N3TLttplA1UN5d/91TGw9T05yJzO0f4sqqEEbdo3OafZyMK250gayOukDRxurU8kW6P9y2F2vtMP51O77grg6okB0ztkafsocd/uUQxI4TNPIeEn3eCf/tNCCPRqLK9lbp56LJnUcD9hIco4vAcAcjfjdUZHT8/1w1Mbz/TwhmlonE+DUPaD68oZJeg1NmljuLThxa3HuEpq+jONUTc9/Ks0KOvi2hqw5nI3TH1lfTHRJEXEd+yAm+zPDNH8zbZWlskbQOcgYUd7bU45jqSB6KgbdHZ/mwOH5Ikd0tv/EglBPshby+hituLoR0Gd5119NbRj+aDlVrK+zyDGuSP7tRBLZ3gBlb+uVW1MfC+z2yeKS28+K1M+StjtjOAPVAZFbn7itZ/5khSUBOPnG/qg+NI1V3zXskG02hwyK9wz7pgsNrJ8tyefzSZbqDH/bG/qni3UP8A8mN/VC4pdGyF8vbEOn6PH8u4EfcpzenYe10g/Mpwt1Gf/jR/5l1tttgP97+6Fx4Ntc1P2N/2dZ2uUDvsVz/Z7J/7bGpAo7e0YbP+6f8AL0/adLlWaq5KLxkjCwOP/wAZGujp9wOfnI1IMFP3mH6pCGAcTAfmkuBqjagYsL8Y+bj/ACS/2fPPz37p+w4mA/NIkf8Afj9UEo4NCuwMFjewjFUD+ac21MBw+cD1TNyfrP6prnuG3iY/NKlDIa1CRMFvgxn5lOFHRNOfFBKrzIAD/NH6oXixg+eZo/NRVoatXFLktXNoo+7Sl83RRDGWfkFTSVFCP7yvhH/iQf4lYYt3XCLP/MhlBIr+ZH00jQMuFE3/AIbT+SGblTZJEZ/VUT+orHGMNqGu+xTG9W2oZ0tzj2Q7SfzYx7kaFte1w/kxlOFVcXbeGMdlkpurw9+mkpy30KHJfbpM3HiYCDaH/PqSNXLPU5zLIG/mgT18MDNT6xj/APCw5Kx0lXV1B/mTu/VNZ5d8nKFxbBfkP+Q08nUEBGljHgqBJd5n5AY8Z7qoEu+QiicgboPjbBlrbH2THTTSnMkhTQ0clR/FcfwH9FzJI3JQ/Hgr+U2uSTrbxsnNmDfsoTQ5xzkogDgB5iq+NEWol6JorIc4JOfsnNqgBs1Q9LfRPyPVF8Ra1c1wHfWzjAbhCfPUyjSNwmyHGNl1pefpaVapJK+cvZwmQ/UcpukA5wnObO4+SLOfRM+WrHfW3ZRU/oU7n7HamgcBMfLsfKnCilbu/v7p4p+3Cv4ZNcIXK3JBfLLnLTgJFz3jSSN1PFOzkgFLw6Rgy4YKuNEvaFO1lb4DzvjOU5lMSd9lKfO0HTDg/kk3XjLm4yidLRalkYKVoGf9VwRgdkQZB3RGtzwMlX8eEGv7A2huDsuFzW+6ki3zyOGW4Cs6e1QtALtygcB8K5yKiON8hGlqlR22olxkbH2Vy2lhZ9LAjMGBhVsNUK/2VkFrbGQZGqUyljZjA4UlzdW5KTle3A+MEgYAHCWAn5wua2dygwg1D9HWNJ4UmOIDc7ZUM1cMXfLkGSsmfsDshGRltLN8sEexeMqJNXY2hcohy8guO6JpAAwFC1ZljTNNISX7pY1bFPLAkRjuoE8yONjA4CdwFzVvwuncKAHPEAPCRlz2TDykoXnB0uJTSMjC6uA5UGRi5IQJ9UshI8JZDShbwMjEQa7PCc7A3ccIb6uNgwRv2XKaKpr36Wty31OyVN/oNLdwuwhka/ZjsqTS0AwJJeTuPZS6W1ClOuRo34yny4OwKSaI04/JAiGxjS1JkDnuyQjRUskjttwreit/GyM016dyfBApbe+R4GnTjfKtoaUQ4OFKigbEN2gJZzt6KHQroUUMTE9MJA5UGOSSGvBI2USqmbA3zFRq68iIObE7jYe5WenraqpPmkwD2UMV2pXUSyq7q7JELvuq11Q6UnUhhrty7cnlcJyp2c+y6UuxE5XMZSzlOGOyvoy2TOY91xxDRkpspGxyok842CrIh2YCOl3KjSTvH0nZMyXnOeEhtvzlHGORFk8iIc52XBOAGNwu5aNylkHO6NxwZ5SY7I9U1xCETjlyi1dcyAZP6ZRr7ULlakSqiobGMEhUtVWGVxaDndAkqZqiUu1bHhPjhPJCkXlmWdu4TWF53CmRxY3ITI2gdkbxQBwmoXk5rEY2QJZidsJskgcdihOkyDtwqAnYIuJ5KaSD3Qnk5xlcyfVBJ4A+TnAQDC4/hMSS28lnMb5R2DYFNwM57pE4QxjhkCEj6UMt35TBqwV0keqelwDKW0ceEI8JHhDJOeUM8+hcp8CPK4klkKsCXPAkNzmgchJzgGnfsob3DfdMSE2WhHyAZCA6YnIwhknPKQ5R4Rmdjk8I7kk5TwO6QHddUBckJJOSViXLkakkuEZGEQa5FkeoXUINP9SKoW1g9tiDQ/XIPI3n7oE8pnkLnb+mOAFyodj+Ww7clDaCBgr6BGG6e48TGWDvh+6JoCZg+icn/GEPSTklRTeBJJJKihJJJKEEknpKEBJJJJxBJp5Tkw7pEuiHSeyaeF13JUWrqBDEZHbYWWyW1ZGRjueCo6irdIFMx3mO5VCOd0SrmdUVD5XHOTsmMBJ2XIsnvmdWivZHBJpohI5oxyr5rWxQAAAeyr7ZTOLvEI8oU2seI4kyMcITY8ywQa6TV5RyhMaGR78lDJdI/UUqgkRhDPoZFYRHqXHVyhDhdJyclJZn2M6EkkkrCEkkkoQSewY5CYOUUDbhQg6Q4G3oo4JJOUSXkJo+k/kjCRyU/wCSC3YlOkOCkzlQpvBLoWapm5Gw3VjL9OAfyQaCIAeKfROkIcdtkyMtpnk9zBuwMqHMcuR5yQNioh5QyluCisBVwnAyuprtkI0BK8uBHGyhOGSpFRJgjblRfzWectw6HAaJoLhspD+AmQNwNxuugElQGT3cHU9MPZOkxpG6j6I0dwTwtf0rRZw5ze6zFLF4juMr0Dp2JrIgdPAWeyW09H4WjdNTLZxEbMDhQ3FzpAAVIqnnGOECFoe4ArKj2cOywpYjp1Y7Js0xZsApTB4NNkjcKvyZ52NA5KGUsGtPHCLe304p6Z0j/rk391PpsU9C6YbHJQfDMhhpm/UMBFvzmwxspYzs0b49UtmmK2oqoB4kz5XbknKtrYxrpS4jOAqykaWs1O5crqztwXlw2ISmb6FllnGcDjdQayTAccgYBU5xDGlxOwCpbg7+Q4h3KTKWDZKW1YKTS6eQnnJW36bpvCgjJHKyNvi8SUMHdbmlZ4FNE0jfCz2jtJHLyTtQ8fjZgVZXymWuDWH0Uwv0QOmPOCoFExz5HTv3JO2fRIN8ngs2vEcQGnSAFlblOXVJA3GVorhJppHYzlZEyanFztyiMWos4C0zi+rDMfSonWU4+WZSDdz3YCsLUzM5lIVJfyam6thb+F2UMujBOWa9v7ND0/Rvt9na948zgriieG0xkdkbE7KMX6aCCLHmcAFJP8tjYWjkLn2vk7ekr21pFlamgU7n6MOeckqJ1POKe1Syd8EK4pomxUjBjCyfXNW2Kj+UJwZDgJOTRdxWzExv31gbu3Wv6Zp4xTmbHmyVkmRkaQtvaG/L0DSB9RSbn9u0yaCG+3LLm3Rtkqmhwzjdain3eABtjZUNji1h1Q5uOzVoaVocBlca3g9ZQ9hA6tq30dlk8JwBkBbn0UH4f0rRQfMP3c45yovXVQXsgt7NzK/GFpLJSMobdDA1oB0jKXFeypNysyLqOrfDbnOj2LvKSsMCXkE7krQ9UVTnBlPwMkn3VFSt1VLQmAzluNHAzwLcNI0lwUuMintxkbsdOSfdMlLXRQwAYA5Ue/VJpbXlgw3jCiIZqaSSurdjk6tlqbbC5rWgrK2Nj6mr1NHfK29NEGAbLPZ0NreCbCdJBCsIpctA2Krs6W5Sp6ppy30WGayzdXP9lvE7Vuo8o1TuXaWQODiCutAzkhKNDjgpLu+MEsHYZP3V50BQvLJK97AA46GZVFXQ+LO5v9RAXoVkoW0dDFC1uMNCC+zEdoBZs2G/ZU10qi6oMbcEKyrpfAp3P9FQURdVVrSR3XPl0Q1NojEVMMNwSrJj8Z2UeJmlgAGNkYDCySfJaCY39138SXbKQ5WebyUSRwurg4XVCDkkkkAYkkklCCSSSUINSSSRgDEkkjuoQdkeqRc0bkoDgcg5QLg/w6Rz2nDz5Wn3PZQaQGTGrr56rTiNjTG37qREzdAhjEMDI8bnzO9ypUTckFHAL2HHC6kNkkRYkklw8KEESMHdRiTlPJOeUM6cYdwdlAZGc6+lfJaIbPBq8W6VMdM0jsCRn9lc08TIo2sYwNa0YAA2AWeuU7rj1rS0cIHy1BSGd/s9wwz91p2N4TovAEeXyVdQBJcmM9sqybFpGOFBMJ/izjj8IVjjCkpZLR1JJJQoXKq4nGou5PaFmn81Zlwb5nHYKqs4MslXWY8ssxDfsNv9FA0WjjvuuJe66TlMwkif4EOCujhcHBXRwpAjHP3Cxd5kbUdRtjIyImABbRzw0Fx4CwVPmrvlXUAbNeWrRBlotqh3g07pBtgbKLbGAweJjdzi4n1SvMpjoi73wiUjfCpGNI3xkrXWskJGASCDush1/WsZTilPLjstSHkELzrrWr+YuYhx/djB9MrteNq3Wo5flLdlRQsDQ0ABBuExhpHn1ClxtOnhUvVMz4qLSzknG69/oa8ySPn3k7NlDkZtshD3PPJytd0RG175p3N307eyxLH+UHC9E6OhDLcZdOC84XV1EtlbR5fxMXZqUzSwAE7qXA0AEZUKIkcKQHHfC4c3nB9Jo4FpHzOxUC+P0UxHsVOZtI5x7hU1+kBjA9MooCrehtrY0QasYJKmNGCN+EGiIZStOOQnag1pcTsttMdxwPIWfHWebfEe6TPrHxudsxuy8zt79bpsD8ZWq6/uLKitndEThvlWatrGthBA3duSva+Or+OCZ+ePqPVy1Grm2+mbTpGJmh7yMkcFaSYhkZLvRV3TsEcdExzW4LuSp1y/umAHG67tfWTw90t1hT1nnboznKtK13gW2nph9UgDQqhzXy1McLBu5wCtLhl9XTw/93hSYSL20xOhgYHDfAWX+KleaeySgH6jgha+lI1MAXmXxor2R03gk+Z5wBlYtRLbBs0aWO+6Mf7nksB1HPrupAaDyFGpth+Slt2OFxpyyeyqjh4QPScHZRZhgqx0gMOyr6gO1cLPNmlx4APA5QGnDshHfwo/BSfYiUUWVI7XgEqccFuFUU8gbgZVpTyahwnww0ZZrawMrCoj8g5I7qylbkcKFK3PCqcS4SyOpZtTtHBG6lO4VbEAyXUrAEacg7lZ2ju6W7MdrIlS3DhgKK5T6gDGVCI3SGMsWegkJ84PGFas20yN9eVUMGM7q3pSHUeMZJSJLHBt0TamkfQ3RdQajplmSCQwH9lYuJJaQcrNfC6oNRZnRE/8LC0cgdDGXEZ04CXJH1nxs99EZFs4aoQf8IKi1rC+he7HIKksfrpOOWhCBDqYxYS0sHYlHfHaeZVMgir2/wDN/qtRFIJWRyN4ICznUEDYLg4MGBkq9tB8SkbtwE5I8/VL/WlD9Epuk1g9CFyoaPFd6YXHAtqmIs40vOU1NRHSeSqqoSdwvNOuKRvne5vmByCvWJYsjOM7Lz3rSkMjZSG8LbS0eV87R8lEjzOD6xlTX7aSAobRh+PQqa3BaF0YSyj5DfHa8Fv008trAOwwvWKZviRNx6BeRWSTRWt9yvWrU8uiyR+ELfQzz3kliaZX1jfAukTh6rUM8zAR3Cz/AFBTuY6KoHBV9b5BJSRnG+AnHLt5imPLfUIRYD7KSW+yGQc8KxKZBniBbjGdllrnAWgHT+IrYysyFTXOBpaMNxukzjk0Uz2syhbjYhRp2b8KxqWaX7DCiVMecYWaaOpXLPJXyxagds7Ktlh3II5Kty0Nyq6pZ5uFnnHJqrlyVUwLZdI2VnQTEMxnZQamPJyOcI1vfiHcbqorJr+Rx6Linqjnsn1GHecDlQMlpBzwpcUoeNJ2QXVpnU0Ou6hMfQ3GWgqRJG4gfib6hbOiucFSxkkbs55HcFYien4c08LlLcpKCZrm8dx6hc26jPKPceL8zKlqtvhnolwgqKCaKsjflkgHHZXzPCulE15GTpwVCttTDebIGuwSGgg+iFbpJKGTwdWW52XPlFpn0Km3mPuLKjqChdSQukxkNOQfZZatphpE7G4DucL1O40DLjRP0gZwsEYNFQaJ7cHcboHwYfJab7sxM5FMaeQPxxytDSVUFTA18TtzyFT3GjEEjgG7DOVFtlWyjqjrzpJUOdVKVU0jc26rJd4MjhjsVYyNBGyzUT8ubLG7IO4IV9STiVuHKZwd6i7KOOHqolZDqjcQOFYOjzvhBkZ5CCkzWRs1lFBp0ndSYXeXSd8pVVOQ7UBthAifgjOypcoxvhnaqnJ3AUCZhb2V6GNe3BGVCqKU+nKYKsgRLfWSQS+Gfpdtgqt6rscM7DVwMw7k47qdNCYzkBOFQXMEchyAmpHN1dXyQ2s85Y6aim1DIIK2NoucFbE3fDwMEEqB1BboS8ywswTuQqigqHUVQJWg44IRnDql/Hm4s3cWA4KYxwxwqajro5wDxn3VlG7bCM62ntUiWhPaMbhOb2T5QBsEZr7RXTQ5yWjhZ27UpDjMBwtW5oIPuqq5QF0Ra1oymrswauvesIyWSO6cuzx+FJpISxkpieTzsvtk4jNbvVGDyChpnKFrKFxs2Mt6NombnOdk99LodkBV9tqDT1ADjljtitCwB3bKU0drRzhbHKITGkdlKYwYyQuiLPZE05OOEo6lUAtBVyUcwfEdjyFr6cCrgEvGVjHQ5wQFbWO4zQSinkflp4yhUjdTJrgvDC5pxhCmp/FbzwrDQJAHcpjWhh3VpZNu3JVNp3Ruz2CkMdkYwpL4mu4CjmJzXbBC0TYELW+iGWYGcIrT5UTSg2gOvK5MtdLS+GQ11DkOG7mhWNjvTKhop6g4kG26sn04k47rM3GgntlX8ywZYTnZQFJwZrwM8Jr2atio1oucFZE1pdhwGCp72jlGPjKNiwiouFG+NniwjPqFVA6shxWnec7EKnuFs8Rxlg8p5woJtqwslRLA1/Iz7qjuFJLE8gjI5BV24PY4tdkEcpsrGyMLXjIUORfDcZGWLUeMlNp5p6SZs0Dy0t9O6t6u36SXM37qqe0aiAOFZy7Y/G8npXSvVcVwibS1bw2ZuwJPK1RZgZ9V4ax743B8bi1w4IOCt/0r1pBNGy33WYMlb5WPPf7qZOp47yOX8dhr3RkoJbtypoaHDUDkHumOhJHCI9HCSl0V7xnIKiTQD0VlLER2QC3OyhU4JopKmk3GyrKiAxv1Rkg87Faean1AYH7qsqqQ54TE8HOuoJdhvxLW0la7cbNcVLvViprlA57WjWRsVl5oC05aMH2V3Yr85hFHWu24a8p0LMnOuojNYkjzq7WirtFUXBh0gqbarq14DJD+q9Ku1mprnA7LQS4bFeX3myVFoqXPa06c9lsizz+t0ex5gjQGNs0epiz94tD5o/EiGHsOdu6ParsRhj3e26vsMnaHMxlaYSwca2jfwZCy9QVFpmbHNnGcEFekW24wXOFr2PG4WAvljk88+MhxzkchRLHe6qz1IjlcSzOFurswc+SdM9p6pLQOc3VHgFVtXTFu0kf7KfZrrDcoA6N4O2/srCSFkjSHtBHuFpUsoNNNZM9TlrQGDGD2VddenRKfm6I6Hncgbbq1rLbNBIXw5LeQu0lRqHhyHBHqmiZpTWGuTPW++uhPytcC17Dp1LQRyCRgdsQQoN06dhrCZo8B59FSUtdW2ef5SryWg4aT6KGZfJCTjMtq61CZxmiw09891AkpAG6HN9ir+CohqYQ+M5yNwgVVICNTSl9hqCfJirlaGxfzoRnPZVZjBGkjdbt9KwjDmAqlrrE4kzQOaCfwlBKtSM19G374mUlptR1AcIIJi3wrR7DGSx7TlRp6bPAws1tOPxMq47GRTh2xARcNeMNUF8bmu2BH5o8RIPGfzSk/TKkjstIAcgKDUQObuArQTcAtyhzRteAQqcF2SM2mVA1DIwuse8btKlyU++QzZBMR9MJEqfaH788MNR108bhqfkd1bNninaMO3VEGkIkEpifkK4ycOGBOP6LY02tcLnR49lyCtaW+ZEOmTcJqalyBucBolikIEux7IVRbnuPjUzsd9JTnRHOWj805lVPERrAc0dkE45ZohfF9lfnPklZgjkLj6cxATUhI9W+qs5W0lwblrhHL7qvqWVVFjUMt9R3Q4GK0PT18UjRHKCx3uFKJ1b9lVjw6mPOfN6+idDNUUzvNl7FGbK7W+yZJG14w4ZUKotzZD4kDvDf6t2yrBkjJW62HIXQzPdLcmuUaGlYsFfDd623nwqyHxoz3xlGdFbbqA+klEUvdp23RnRg7EA/cKBJaGyPMtO8wyc7d0UNTJP7jLfo0+YdhmPudtOHAvjHflWVF1BG14LJTFJ6gqlddLtbcRztEsfqRlS4W2S7MBY75eox34JW6rVRl0crUaVYxZE9O6a+Jd9tAYw1XzELfwPOdvZesdO/Eqx3uNsNQRDKRuHcZ9l8q5uNrdkZfH6g5Ctbf1C0kZcY3+uVuruz2cLVeIjZzBH1wWwyt8SCRsjSMgtKh1MGs4I/1Xg/TnxJudpkaz5oyx+hOV6fZviZZLmxjayVsMh/RO3JnDv0NunlwiReekYK+Nz4GMjk+3KwVZ03V26q8USPpZmnySx7Feux1MdRGJIiHMcMgj0UWpp4KlpZPC149CMosCo32R+2RlOmfjF1v0g5tPef/AHtbRscHDwF610p8W+jerWtjp68U9U7YU8n1Z9Mry64dLyFxfbWgnnQ47fksrW2O1zzeBdYn0NUDu7GlpP8AzKipU03ctYf9j6uIyMj0yoFVbaKuY6GupWSsPIcMrwGydVfEfokNNnrzdrc3iGV2S0egO69E6e+OXT1ydHRdRU8lnuB2cyZuGk+xRMxT0dlfMXlF0/op9FI6o6drpaZ+c+G52WH8l1l4v9vf4F3oTK1v/EjC1NLVUtXC2oo52SscMhzTkFOcwP2dv9xlSGcmObaeGioo73RVeAJA13drtiFYh+RnGxUKv6dttU7xfDMcn9TNkBtLc6PZknjRN4B3OE0FPBbAg8FJQYKtriGvDmn0KmNkDuAllhUkzI9UlCsD06MkO2TUk0EJJl4BP6KHW2a31I1GERyH8bBgqVkIhOcEIgzNVXTU7W66SqLnDs4qrlmrKNwZVQv224W41DuhTMjkxljT9xlTBNxlIrlCWjzb+6mQ1MUoBa4bqRW9MUdUTLEDHJ/hOAqersVwos6CXtHoq6CLUbbgp7Xnv2WeZXVUX8t5cMeqmU92BIbIRn1ULLkTEDAC66Rr+WhQW10Dvxoge0jId+6qWMEwwz6Olm3LQ0qOI5qd2YZdI/VPEp7JF+eUppF5CRXKrhGl2HtIxhRaqGz3VohutsiljGdtIBHuCjjT3CG+MO2zhVtQ2FkodMyF8+DXSl2GaKYwSP3B5/ZYe8fBK7UQcKGaOTSvZDEWEOBTtUuMNf8Aqg2odDXXVvhnzJc+guqKFjpKi3P0s5IGRhUUtvfE3NRCQV9ayN8QFkkeoH1CpLj0rZq46pqOMk99IUVWTdV5Sa/NHy5JEAcBqG2LJBC+grv8PLTNvT0jRn0bhZa6fDWAwnwIyxw4IUdRvh5SqXDPK/EMY5J/NSYL7XQgMbISBxkrVz/DmoABLyq2o6FrY9o3A/dL+M0x1NFn5Eel6oqWbSyEfmreHq5ugB/mVFP0jeo9xC135qCbPdYTh1Ln7FXsxyU46efTNm2/W+YB0kQJPO6ktp7BXsDpI4vzAXnbhNCS2SN7XDtgrsdzqYxo1vACVKGWBGpN/Yzey9L9M1LSC2nB9OFWVPw5tEx/kNbg+izkd4GfNUkH7qwgvZwAKx36q1RB9oLF9X4zFWfCyR41UUml3qqmo+GnUMI1N0ux3Wohu9wwDFUOx91Mi6iuLPqeXKnpa10HDWamHvJ5tV9HdUU5/uQ4D0BVbPbbpSDVVUTmgdwF7AOpatvLW/m0Fcdfo5hiopY3f+AJUtKn0Oj5GxfmjxgyuH1MP6J5rImAB4x+S9XlNlmz4luiGefIFVVvT/TFUNTI3td3DUp6eXpjo+Qi/wAkefx3KnYcB/6rrrhSnGZcrWT9FWd5zGXj7lVtV0PTaCYHZI9SlOqcezTDVVS9lMaqilA1O4TgbZLgd0d/R9Q3j09VEf0vXx7sOP1VbB6trf8AUGFBRSbscDlBktUY2jAz6oZst0Z+LH2K58hdIcEOJP3KmyPtB7k/wkI2yVoOkBBfRVDASRspAju7OYzj7peJcWb6CVThAkbWnhshGKbOSHDHuml8jdiXfqphrJf+PFuuieHl8WVapg+maFa+yE6omA8shGfdC8SfOfm5d/8AErP/AN1vz4jcfmk2CyP/AOIQfuhlpt3TL/kPPKKvx6po2qpM/wDMmCpuDs/788fmrN9toHO8tVt2B7JOs0D2/wAuoGUt6Sf7Q3+S2sJ4Ksz3A/8Axz/1S8a4f/Jzv1Vh/AJju2oaunp+c/8AGH7oP4s2T+S1/UVfj3D/AOTn/quGa4f/ACc/9VZf7PVH/fYS/wBnan/vf80L00l6DWsk/wCorvGuB2+ed+qaRXu5uL8H3Vn/ALOVR2E3P3Xf9l6ojJqP2Qy0s36L/mSX9RUEVGfNUvJ9dZCQbI44kndp93q1/wBmJv8A5JC7/s0wf39UEP8AEmRa1+2VwpbeRqkmJPucrggtIPIKnNs1EHYL/wA102u1jmYfogemn7Qz+dF9ohA2poA0BcbUW9h/lNGVNFLa2HOdX5J7ZLazZtEXf/a1FpmMjrF6IrKiIA6GD9EVrpn7MZlSg4SYENuP/lXfkLk8jFE5gPfCr+Mx3/EYw7AiB+MvAakBCw/zXbKa2y1zhuCPYow6efgOkmH2wrWjBflox/Er3OpiB4QyVwP/AKW4wrmK0wsABaDhSmUFOOIt0X8IFeYXsogKo+UY39k9tFVOGS3AKvmW/TjUzARxTsAw7hRaKL7J/wAXl6ZRQUTnHdqP/DXHsQrYSUEHB3QZrpSMGGDdT+FBdDF5X+5CZaiSCQceiki1UsYBeos12n/4fBUUur6x2GvOCg/hoOPkZT6ZaPjtsYwQCfuo81TQs2jZ+hQorVKfNPv+ae40FG3XIRkHAHOSq/jpD1qpP8mNjqHZIhbz6p/h1sm+Q0IUty1bQU/7IBkuE5w4aWqo0pDlqeCU8tH99KMhRZamMbRuynmke/HiOznlFioYmjIYMqOGOg1c2yHrc7fC4YnOOcKf8tk4DBhHZb3OIw3ZDtxyPw5lV4WCABupcVDLKGlowreOhiiAJaM+4RRGB9I/ZKngdCBVxWsDBmGVLhggY4aYxlSJHYwheIwbZCRJo2VwwPdgAY2TmY23USSoG2F1sk5xoZn3S3LLNSTLAOxyVx0rWjI3UT/eH7EJ3hOxklC2Ph/cc6oxnZC+Ycc42XSN907Q3+kKgmhniPPJyunJ7ruB6pawqSC6WBmgE7gLvhtxuOF3UPRcB3VBHMFdGpOGMJEtChTeBugpafdcL8dkx0gIULUshCRzndCMhPZMLsHJXPEadlAsj86iugYXBC4785RxCQB4g2S20hkIZGfUNksEbYSfUUsIOk5KHG2qr3BkWw+yDO4djb6Hh8TdnPwUzw5qg/ymEhXNq6Vmmf4tRvj1C1FHaaWijAawE+4VSlg2U6SVkcy4MpbempKhrZqjA9iFoKa309G0FgGQFOmngp2+cgDsBsqmrqRV+SAnZD2bq9MqoYigNfWsL/DjbnO2Qo9JSVE78vbpHIVtabFJNIJZm8jIB7BaGK3U0P4ckbIexkaJSeWVFHa9EYc/BU2KJsYOylSFjdmNwFH9SojRCGzgFIdbsAIThpG6ZU10dOD4jsHCz1wvL5hpjfkAqmLtvjBclnX3KKnYd8ngBZ+pudTPtqwPTKiTSyTO1OycJqhy7dRKT+047W45ccpNac8J/lTXFuNjup2ZZTwP8ulRcEp553JQ3StYPVTozzswdxg74QnzBo3OUCSqzkb8KKZXO7lX2Zp25Jbpy44woz86uV1gzuU4nCYoZQiU8nME4yMJ54SyEJzgQi6Ezmcc7SfqTXSHTzlRKioYx2C/GFWVVyB8sUn3U7ET1EY9kqsr3NBaCMkKuYZp35kdkdl1kUk7g4nKnw0+kAYVtbuDK7N4KKnGxIwpLYx9kQRaRygS1AaOE2KwC3gJlrATqUaWXIw1DklLs4OFH39VJSwA5+h7pCScLuCkXDBTEEpYBxnkISMHccIIG+UgTlEAGNwpjIDEOEkklBgkks74SP0lQp8BDpwdx+qjknKRJzyuIxEpZEmJ6EXgIAZ2bRxQJJNA5BQ5qknYBAeSd0WDLbbk7JO7OAOUE6iu4JPCeMYGyNIyttsHgpDlGw3GAhYOcqworK5HjhdXBwuqAN8jk1OTVbeQUsiQxj1T8jOEMjCsbF4CrmR6pHhBOrJ3KgfDR7Sn4wmIjV9HisHghxweySSSalgMSSSSogkkklCBUkkkBBJJJKEBJJLun3RN4IdPCEioSRIgsLPdQVpb/u7Rue6vKqoFPEZT2WNrak1VS6QnbOy5est2rYjbpqtz3EZSKSMSOwUIbqyttNmQSY2HKwVxbeTdZ9sS1pG+FE1hbuFW19Q90pa7jsFayyNjZkjGAqJxM87jzutWcIzV5m8j4QHbqNVSFzy0HYKS5wibhQHu1OJSbHk0Rjk4kkkkFiSSSUCEkkkoQczlEfgNTWrjiPVQg1/1FEQk95w1GEyNUjBGCi0jTqAKE7d4yptHH/NbtsjhyLmydENEePZCcc5RJdsBRzwiYqK5BzKMBuUWY5Oya0JT7G/2HpknCMo1U7AAVPoNdkKc5cuM+oJO3KUOzgszNCXBLa0Bq40jGSEnuJw0DldcNEbW4RAJAm5LsgcJ0ZdI4BdJDQCRynQjWR7qmFFZeC6stOXzgacgrfUkLaeBoAwcLMdN0mPDe9oWrOMbFZZvLPb+L03x1qWMEeeQkhHt0JlmyRs3dRXnfhXFpi0xl5H1BZ5S2neoWWduD9ETWN2zyu2OFr6nU9uQOFHrS6WfTyBsArSigNHR6nYLiEiZrhDM/wDBIaHfPGUfQwZVVc6mSqqtLDnLlamoip6PxJOTn7lU1KRLVl/CodLlkxwIDWjsFobdDpgDuCVRxM8eUMwtFFGY4GxkYIGeUmbwdLSRecsU+BC/ccLP3CT+SW53VtVOIGj1VBWuJmc3OyS5bjTYs8Enp2EyVOXDbZbeQNGlrT2WZ6fpSHRnHPKv2FxrAw7hqRYaqH8awK4v8KjcAdynW2PEWXdt1Cr8S3JsJJI5x2VrHGGtAGw9FUTSnkrL5MfBEbNtRWeczDSONlYXepc6qLc7DYBVs8mCGjkqM5uolmZYWvEdNrPKoKbFZfw8BxaHYyBlXRkbTW7W7sCq3pZpFzB/qdlDJfa2ZHl2RiaWo8lXHTgbDGFOhaZK2OMDIZuoc+JbmNvpVjaMGsLjvjuuTc8s9FT0XbsgNaBgBeedeziS4xQNAcQMr0KWUNBwOy8s6nqDJeH53w1Kg8smrlisBSx65o4zvutoxh0NaOMABZXp1rZqrJbnTuFt6eMOeBjCRqbNssBeNhhKRe2yL/dmjI+ytoRpAVbb4i1rQrNxENM6Yj6AuTZLLPS1r7cmEubjcOro4fwx9s7L0FoEcfsAsL0tEy436rrXjJ1nStpXSeBTPf7FFGORa5juZjb1O+WueHOyG7BNtMXiVG3ZQXvdPM55J8zir3p+n1SueeMJuz9iW8ssmAuqIx2VN1fVEmOkYcNHmOCr+nA8XX2GVjL7UNqbg7BJDfKqmsINLJadKxRxQGbTlznLVQNyNZVHaYGx0segY2yVo4mtbEAB2WS01VLAGd50nA7KtZV6XOBx3VhO5rQSeFnpX4mIB7rJJZNOUsGntNW58G4GVZMfntyqK1+UDJ2V01h8PUB2WaS2tM1Qe5cjLXRfOXcam5ZGdRHqt9TAFuAMYWf6dojFAZXt88hySr6YimptXcDJWG+eZllFf68vmFPG7yt5+6ndK0LnB1XI3y8DKz4bJX1ojbu6R2FvqKBtNTMhYMaRg/dIslhCyQAPRExhMT1ik8sJBV0cri6OUsEIOF1cHC6oQSSSShBySakqwXkSSSSsoYkkkoQSYnoROVA4xyO5VVWh0tayF28Uf8wj37KyfPHG0uceAquLU5z5XHOo7fZQILnO/qpMQA2CjKTGEZaCJJJIghiSS444ChDhwByo73Z/JOeTlQL3XNtlqqq55AEELpMn2CKPYEnwZ/pR7bjcLtfA3LJaowRv/qbHt/nlath7rM9BU01B0lbqedmmR0XjPH+J5yVpI374wmPoXHsYxgdVSSY4ACOgUpJEjiOXlHQDAKSSSMgG6TfL26ebONLSUOxx+FbY4yMEtMh+5US/uMlLHRDf5iURuH+HurKJpY0NHAGESQXQYLnGyamggOAUl+iLke5PAyCFxu6YmQiQj3GoMNFM/O4aSP0WQsRHgPkLcue8kkrQdTzeFbXN7v8AKFS2VgZSBpaNytECxtzcZKilpyfLI/LgrB38vYcdlXSEVF7axo2hjypk51OG62VdgSlgdK8Njc7IAAO68or5HzXGaSR2fOf816LfZzT2uUgkE9152xg1EkZPqvT+JpzJSPP+Uu3fYJoBAyOFjurJ3PnZFnDQc4WzeMNJz2XnF5qHzXF4cfpJA3XutHFJ5Pnnn7/jr+MjtB1AL0/puPwrVE3jVuvNIgXFoA3JXqduhMFLTxnljRn9E/VSzHBk+nq91m79FnCMFFeQBlMg239UnksaXc7rkSie9jwjsIyVSXceNUCIH3Vyx2yoajL7mMdvdFWssyX2YJ0QAjbgYAGFGu8xhts8wGzWnJ/JTTjTgDgLJdbXCSmtT2MdjVkn32XY0Fe6aR5Lz2oVWnc/0ePXuqNZWOYDkFxLkehgL3xxxjkgYVU1zpZ9XdxJK0thAExy0HTwvZaSG1YPzl5S12TlP9s21E0QwxxNbjA3Q7i9xkDc7AKRStAYO+3dQbjKHS4HYYXVjwjz75llAqNhfcGuHZSRqqrqS3GGqPb/AOXM6Zw5Ck2VuqaaQnOTz+aVMNGho8h2c8BeJfGysMl7pocb6NX5ZXt1KNLHSHtlfOfxMuD6/qyQv/4bdI/VcvXT2V/5Z0vFQ36jP6RTRqXH9KhxDCmREY+65cllHq9PJOeGFPBUKYAjOFNPBUR5yMYwlM2zXpEKQcqKeVPeDkqGQQd0tmWSwcY4tcD6K1o5QWgYVTgjfClUdQGuAIRRlgzXLJckBzT9lBmacEYU2Nwc1AqW5AwE1vJljLayAG4d6KZTnU0AlV8uztlIgeWpUjqaW37uQ88fdQXgaiFYF2pqiOZvwsth03LDGMycjCs6J38oMIVa0YKsaF42bjfdJny0atNPEz1P4SV88NTJTGTyb7FeoVgaaZ+F4r8PakwXfGcAtXszP5kLhn6glSPqPhLlKhIn28iajOk/S3BXA1dtLR8tIEbTjkoD00HlHmfWDfCr84/EVM6XnMkb2H8O6L1vAGl0j2Dc5aVVdOSvjnYWnZ5wQmxWTzE/9PWM004AnYU6oOXAgLlf/KkY/G3dPkGqATYVtZNs4AjhwxhY3qqjL2TDHPC2cP8AMGcKk6jpHOJeBs4LRRLByvJUKVTR4RUsdT1UkTxgtcVKhGtuU/qCCSnuUgkbjJ2TaI5HC69Lyj4f5CDrvlD9MNTSuiqGuacEFevdOTumo2vccnSF5AWFrvRepdGSGSjAJ/CFvrPO+QhmO4v77EH29p9DlH6eeJaMEnOApdVSiajexwyNGVUdMPcJjBq2OdvzWnBxM5rwaERNLc4QjGOFL0oToz2CgjLRCkjyDsqqvh8mCO6u3tKhVTNht3VPlBQnyZCugDH7hVtQ3A9VoblBlzgB3yFTVEZI44WSaydKiWSnn+pQ6obBTagYeok7S7GAktHRgytmjHomUhw8tHClPbkKPGPDkyeClt4NceiYTkLolMThtlcwUOYZIcgsywE+eCxgf4w3xlBr6Utj8Vozj3UanqhE8agcBXelk8DSDkEZSZpNHb0ep+3bNnOleoqi11AikkPgu2LTuF6PFDHWQ+PC4OB3yCvIq2ldGdTRgey1/R3U7WNbRTOw9u2/BC5ttfJ9D+nPMLK09j/6m9ttXpaYpN8eUhVnUdoinjNXAzErd8tVnAGVTRLG0e5CktZsA8bdwsU4n0FwV0eTzuogbUM8Yty4DDh7rO19txmaD8wtxcqB1HXyNA/lSeYeiqa6iEY8Rg2OxCE4l+lcZYRQWatlbJ8u7cehWqoanQ7A3WVraN8EongBHcgKytVY2Yg5wQNwlzBpsdfDNfHMZG8LjmZ9lHo6gAaSFNaA8bKn1ydmtKcMkCopxIwgDcqjla6N24xpK00keeyrK2lDhxg5yhf29CrKiJBKSBlSXaZGjbGFXkGFw2UmKXI45VxYhr9nJaZsuQByqaaKRkjgRjBIWgagVcLJoyMDJ7p0XgyX1OUcIzlVG2Zpa7k7LNVlDLTyHbY+i109GYTjOVW1EQf5XDITs5OFqdMtjcint9VJFJ4ZPHC1luqDK0ZOVjKiJ1PUHHGchXFmuga9rHEHO2FFL0ZNNbtkomvbwikau6jRODhlFa72TTuxfBwt2KhSRaiQRlWZaCMKM+MeiPoGxKRjb9QSQPErRlpONlWMfjOy2tfAaiAxtAzg4ysVK18Ez43DcHBRQf7PN6/T/HPMR7uEE8ou7m5whHkp23KORY3Dlj9e4GFeWyv1lkL8ZxjKz73Y4RaKo8CYPJ4QOOR2k1fwSyjaiFo9P1THMAOQE2jlFRE2QHlTPBIwcJE4YPZ6ae+CkBY3OxCT43RYlbtgqSIuMDBCeYtbSCFmecm2Ky8ltY7iJW+DKckjZWksRADljo3SUsrXt2wcrWW+t+ahHmBICNT4NlU/2da3JwumLPIwnyxljxIzb1R26C3jdQ1JJkDw9LuOU8DKkOjycoYBaeFRU4Ag0hDko2VMZikGQe6sGMbIAdK4IMbZwqayL+NMxdXRVFmqfFiJ0Zzsr+13SOujDS4B4U+roI6iIxStyCP0WUq6OotFT4jCdGdiqFY+N5fRq3RY3QtDc79kO2V3zlO0l2SEeRvCI0ZhJZXJT3ega8eNE3zdwqHU8eVzSFsJgdsDKpq+3FwdI0YJ3UMGo0+fugUjmtdkEKrr7fzPA37hWcsbo3ZI5SLQQoci+pSWGjNHbY7IYbghwOCOCrSvoA5+uNuD3VYQWuLT2UOPZB1s3HS/WzqYMork1z2bNDhyvQWVFPUNDoHagQvCDqx5XYPYrSdMdZVNqcyjqSHwk7OPIKs6/jPJ7H8dh6hJGD2UV8eDnT+6k0FXBcYBPA4EEZKdNBuCAiPVqUJr7WQXxnuodRTh44wrZ0eQBhR3w4xtlGBOGTOVNIc/T+6gSwgDOOPdaiem1D6eyrJ6IngYUg8cmG3T7h1pvksIFPUZc0bAqdc6Klu0Ja5gBI2Ko3QGM5wpduuRiIgnPl/C70WmFv7OddRlbTFXeyT2yZ0jBlueydbbk4ERvdgr0OopaerjLXsY8H1WHudk0Tu8LYjstcZ5PPavx7r++BZNe2aLTIA4ELP3ewF5L4MYO49kWiqJqZ+DIXN9D2Vl8w2UDIWmuzJw7qPk9GXsl7rbDWhkhIbncdiF6raLvTXSnbJG8ZxuF5zebKZmOniGSOR3UCzXyrsk43cWg7hao3YZgVU6H934nscg29lQ3Cika4zw9jkhSLNfILrA17Xjcfop0jFtjNNBuCfKKijrNeI3nB90W5WenudMWvAD/wALu4TKqiaJPEj2zyEemnkjaGvOcJgqUM8MxlVHcunKhr3Avhzg4OxCvKG509zia+JwHqCdwritp6e4QGGeMEHvjhZC52Crs7xWW4lzQfM0dwoZMTof2rKL+SAYDhuCo74QNi1V9pv7Z3eDUAtJ7FXby14BA/NQ0wnGccooLpZ46uIuja1so4IGM/dZieB8TjHKC1wXoD4yN1CraGnqIz4kQc714KFxTM9un3y3GDNNr3IQ/D8N24V7WWyal8xaS1QJqISsxwVksrxyjBNOMsMh6MjyjKEx5JwQuSmsoHAjBYeO66JoZzqHkeeQeCVnk2heAvlcMEIZpgRkbJBpHdPExG2lXuJyiM+nAPCjStLcbKzw1/ZDmpBtpQOKkEp5K7W4EYKn09SQBkKPJTuB2Ca3Dd88IUtpckpIuIZWv5C7NE14yFWxVRYfspsNW04yplCXDDyDdCWnIH5pMqHYDHgPb6HdTfI8DYIUtGM62HGeyj5CVjRAq6AafmKPAcNy0d1Cjri06JWEeuQrQh0WNvyQKuCKqGQ3DvUd1SiaqrwbJGY1wvwfupEFYS4RzDSTwfVVwglpzgt2CJ47HAMkBHoR2QShuOlTfH2W/KYBhQBVSQkYdrapkc8crA8O55SZQwboTjPoe5kcjdMrA4HsVXVFlpXEvpHOhfzzsrLBKSqMnHlEnTGxYZUsqrjQHw6hhkj9RuFx8dPVOMtNJocdy07bq1e0OBB4VZV0/huBgi3WirUST+5mG/RxhHMTsFRLTODZ2kgdwriluEbgDFJgqkjmEo8CfYkbJOpqlh1U7dQ52PC6NepT6OJZUrOGj0Kw9b3qxvHg1Lnx/wBDjkfovRLL8TaCtDI6sCOQ8nsvAKa6SROEc2ffKtKeujkALX6SVqjqEzmanxtc+j6eobrR1TA6CVpyOxT6y3UdyjLKmCOVp/qG4Xzrbeo7tbJGugqXFo7ZK3th+Kro3NiuMTg3+oJ3ZxdRoZ1/ga+bpGupCaiyVzxp4p5TlhVJW1eB8l1NY3MZxrxqYPcdwtTaurbZcGB0VS0Z/wASu3fI10WirhjnjcN8gFFkwOVsPtsXBiLUbpYnCt6E6hbBjdsBB8MfYZ2W5tHxduNEI4urrK4A7GrpBrYT7jsqGr6At4e6r6fnfRzHfAOxKhaeoLc90V5t3zsI21sHb7d1MYAn8Vqwe3Wfqfp+/RNfbbpDMXDPoPt91ZFgG4OP8l88RQWuWoNZRTmimHDmHS9vstNa+tOp7UGxv/8AeUTfpwcPI90wyT02eYnrpjaTktB/JDfEGnLSR7dlmrR8Q7NWgQ1jnUs/BZIMbrRwVlPVtD6eVr2njByhlLAj45Q7GgPDkQZxvyi6RzhcAzsECkLaOJLuMLiNTKO5K6ZiRghDL8dlw8I+CBC8k5JS1e6jknPKWT6qskJYm+yRkzyAVFGcooIwrRAVTbaGpBLoQ1x7hUVd0tI7MlO/jstLkLviaOO6otPHJ53UUtZSOLZWSADugsuD4Tu8/wDmXozoqeb+9jDvyVTWdNWyok8QxAE+gTA42J9mWj6je0Brm598qZH1BARksO/ug3Ho6rjL5KVwezsBys7WdMXN25dJGljYbH7NYeoad3bCcL7TnhpXntXZL5SM1xyF/t3VeK29W9wkkhlwfbKg2MFLpnqn8ag7tJT23qEcNcvJndaVsfMJx9kal67Gr+a3PtwqWPYX8Sb6PUzexgAO290J95p8+cYXnzetaaTlmn81Lh6io52hxlbj7qZRX8WyK6Nn/EqNwxq2KjSS0Lz5H4J9VnW3Skk4kb+qXiwy48J4/VRNC/heS4lpoJQWlrSCoE9lp8ZBx+SAHvHEh/Vd8aq4M+R22U2odCLSIlVad+NlXS2enbsWAk87K98Wfu8FNL43DzxAn1AVSikHlozUliovxxNOf8Kiz9M2iUYNKz38oWp/luOPC/ZBlponjJYQhwhv8ia6ZjJ+hrHLuI2tz3AVZP8ADi3g6oap7c+63stvhcM6dwo4onHOOFTjkfXq7EYKXoGqYM0lym27alH/ANlOpac+WcyDtuvQX07xwENzaxu8O6HaOWsmn0efvt3UdKf5tGJG/dC1XJuddrnGO+OVvZjcSRlg2Uijhqnf3kLSPdTaX/MfuKPOPmpWHFRSSRj1wuCeEO2P7L1CW2QzD+ZRsP3AVdNYaRzgDQs/8oU2BQ1UX+XBgnVcQwNYyU5sgeNls5+mrU8APpgCfQKsqOkKA7wzzM/NU68jVfV+zOFm+5SMR/pyrd/SBaf5Vdn2c5Mf07XNHkl1AJXxoNXVv2VXhA/gCaaaM/8ADCny2W6xnaMO/NAdRXCIYfTHHsl/CGpp9Mi/J055YFz+GUjuWKSYHD6oZQf+XZIx4Hmy0e6nxYHK9pYK6axW55GWJknTNtkbsMKyDY871MY+5Xfl8DPzMRH/ADKfEifPP9mfn6Po3H+W3KgS9FRndrdK13lbt4g/VJz2Y+oH81fwxl2GtXdD8WYl3RdRnEbj+qEejroOJMY91tjIAdnD9U/xB6/uhenXoZ/PufZhD0xeGnAmI/NL/Z+8DioI/MrdGRvc/uuB7PRT4MlrXWrpIxIsN43/AN4ThYLwTg1RA9QttlncD9EJ08A7jP2Vfx1+y/51r9GSb01cT9VxlH2cjDpioI81xkP/AIlpHVsG+w/RRzWwnOw/RV8CXsJ6m1lCOlXk5dWSH/xlSG9J0hA8WaU/+Iqz+aiPcobq1pJAyijVgjvtfsj/AOy9rA8xef8AxJ7bFZGbPgCcarP9X6oRmB5yj+NEU7P2PFBZIzgUTTjuiFtvjAMFK0EeyiGQDfUQhGcnjKF0xI3KXsnfMRM2ZGwY9kjWvkGl+FXeK73XPGPulfHFeitsv2TnyBx+oIQe0cuUdokkPlBJRGUNU/bGyijFFYftjjUwt75KaasAEt2RY7PO4jOEdtqjiwZMK9iDVsYkA3CcjAcgg1s5ww6h9lcaLREMTHKEbxBTeSjgAA745Q/GOhZkhw2S4TnOgb8k9lJHTtPC0PrqyED0Dt1Hq7zcJWhjZdA7hu2VEGuXZxJPqVXxobG1R7Jsktgt5Aj8SV/bbIUWovE5GmkpImA8HTuuxWyV7suZsVZ09mbtqZtj1QfEhi1KX4meebvVOBfKGtPYKRFavFw6ZxJaOcLVQ2eA4Dm4VhTW2AYaWjH2SnWjbppTsWZMxsdEITpaEcUbtvQraSWahxqIAd9lXVNNFA7YjA7rPJJHcpq4yUAoHYGW8o7KMDHZSp6+hp9pJAFWVF6Y92imjJx3WeUkjoVQSJYhaw7twnGaCAbvVW6S5VJ2bhqJFQTuAMyTKWTZCly6RImuVOSADn7KOa9ztoGn81IioYB+DcIojYNg0bLNJZNUKH7IGa2bkEBFjoXSf33+alhhCIMgcZwluLNEKsEdlHADkhFw1rcNC4ZhwUL5iIHAdlAntNCikdMhB2C6TkIZkHYJmSoUPPK4mpKDRZKaNed+E4cp3l0qEFn1XHEAZQnuw7GSmF+BuSgACCY5wmvce5wo0s2kjC60VE+AN8IG8DIwcugutCdK5zsMCl01tnfhzm7DlTWwUlK3LxuluwfDT+5FXDTVUxBcNlYRUkEYy5uMJSVbMaadhPphFpLPdri3UR4bD6qnPJphp0/xWSLUVMUZ0wkEodPBd7lMIo4stWvtXSFLA4TVLWvee2Nloo6Knpmjwog0/ZKcmbKNE5PMkZK3dFSGQOq4hxklaKktNFRD+XC3I7kKwMmgb8KFVV8LBpjf5kOcHThpq6l0FdpaCRgD2VfU1rAS1hymEXGpdhn0lTqWyysIklO6tvI3bngq/lJ654OjZWdJY44wMNweScK1giZTMPlAHdBluAYcU+CjaGRgP8SKmbh/lOOEB1X4mw4UZ5fM4ySHJ/yVfX10dHGXOdv2QL7QZzUFyWU0obuVQ3C+GB+iJur1VXVXqolOGnAPuoRe55ySqbOdfqvUR9TWS1khkkJz6ZQA0BdwPVIkeqoxTszyweAkSCMagF12wKjH1JVox2TQ/c91wP0gklCmeGnAUWetY0YPKJdGWduCTLUBvBGyrqmqztlBkqtRwO64xmd1cY5Mdl2Rank5Ro2kYOFxrQEQNAblNUBLlkdjynbsgnbKe+YAEEKM+cYJARFSmoj3ThuQSolTXfLjOAVArK0g4acFVwkqKh3mdsoZbLchKysknlOBs4JUtEJHBzwfujU9GXEOIVpBA1oGWokjPJbhtLSiNvCIdk4vDc57KJUVAxwo+AcpBZagAEbKvkkL3ZTJZC884TWqt4M5hPzH6pEjGELJ9Usn1UTyBk6Sc7FcSSQx7Cl0dbuUUAY5QUslM6Qt8hUiRpO6GT6FIgngoc5CbO53TsjSAhpE4CiWCjp5XNQG6Y6QDOVHdPnIARCZzikEfKACobpXEldc4uOcrmAoYrbMjSSeU0A5Tk7ARJGdywcDQOy4nJqMtcgtTvVE0jOcboSMoGxySSSAWNXDwurh4UIDJOVxdPK4mJN9BD2bZTWuJzsjwRazghavof4d37r+8R2Xpm3SVE7t3uA8sY/qcewW3T6GV8d0kLuuhTHfY8I3CemJ690eLEkkkmhiSSSUIOSSSUIJJJJQgkkk7T7qN4IDHKR5SXXJMyCJB2CWQNkjsNkKoOiIyeizznhZCjHe8FF1JXljPAacLNtLlIudU6prHOJJAOAhNwRwvP3TdtjOxRDZAcwFxwAtJbqcRQhxG53VNbYTLPgNyFotmsA4wn1rC5EWzy9pCus7WRaWkAqrpCWv8QjITbhO6apLM7BHIEdOBjcIm8kr+1JAao65CRwVG8P3SlJc7OUo+6RLs1wQ1JJJUEFSSSUAEujlcXA7fhQgUcKLISXYUp52UQAl2yploJGDjPqlJthEYMN3UeXv91ZPYwHLtlc0kLGwB2dz6qppo8v3GVbMGGDfhMgLsGzjcKM4bEKS7uo8pHZSwqBGd9SIhOILtkVLGseOCoNQSXDfZSpuFDkBJ5S7JYRcVyRnokIIOcIZ5Cl0+GtzhIjyxvSONfrmbHpRZiC7A7JlM0Oqy4jZdf8AW77p4A17sEDCPb2GSo4QSA5W1hpGPeHPaScpM3iOTbpKnbcka+0wCOmaQFZBx04PZCghEULWtGAAiggcd1hlPB9A08dle0ZgvOwV7EwRUQJ22VVRN8SVrQ3JJVvXNEVLpIGAs9nLN9SxFshU2qoqxhvJyrmp8rBEBwFAs8YH+8kKYX+NVZxgFAa6HiO9+yJdJWCGOH8QGVGt7HBxlxsE+5ObLVFre2ykQgMY1o29UE3gZDmeSdbG5qc4V9LwP+VVVpaPG44VnLyPskTnk6+mWI5K6vJa1zhyAVn8kvyTk5VndarAc0FV1vjEs4D8kJQ18ySNXYQAxjscDKs2YY8zYzj3UWiY2GlLw3BxgIzpxHQEkbnkpbWTTHoj0ume5PlIyA3ZWjjhpJOyrrNG3Q+Y/UTjKlV8nh0j/dUljkbJf6e4y9a8yTvcSoWc1EYB4RpXatTj2QKMa6oIjkynumg94lIp2RD6SUXpRjfHmkLBkN8pVfeXu+Z0F2zRgBXPTLNFM9+NyMZQSX2sVF79SseidGSa4uJ3wrm0RAROk5cXKigP897uey1NtaGwM0txkbrj38nodLyKul8CF73ehP7LyCtqHTVsz3nJLzuvT+rKoQ0ErBsWtP8AkvKGjU/BO7jlZ19onXTe7YbPouniML5CMuJ5WuoImvqGg8DdU3TdHHT25hYN3cn8lorXATOCVi1D3SydfQQ21ouYBp2a1NvtQKOy1En+ElSqaH1Co+upjFaTGDvJssDOy/tryRvh9CBSzVbxgyuLhlWfU1Q5tCQx2M7FD6Wh8G0QjGDhVXVFQ6SURg4GeFpqWRE3toKaAkg5Woto8ChMmNyFmaYantYOSVqYCI4Y4yEySyIqz7JHimCgdMecHKxNH/vdbqe3LdZ/NaPqaqfTW3Sw41+X8lT9PwBz9XOEm18Dovk1tLEBG1jBgK3YNMQyVX0TfIMjhT3nyN+yxzZtrWUQLgdMJIWXEpfUbdytFd5C2EjustR5krT7IMZDk8PBraIkNbgbkLT00eIo2OGXELN0eAWA78LXWyLXPG32WHUvBrpL6kiEcbGgYOFE6hmkZTaGuwCN1aBjWD0WXu8kk1X4eryjGy5c3l5G+yb0xQl7zWPbsNmrWMOSoFqpRTUrGAY8oU9gOVnm8iZhRwnrg4Rkhlp8CXRyuLo5UKCDhdXBwuqEEkkkgIJJJJQgkxPTFCCSSXCRhQtLI1Df9JTjygO3GMqDGR6p5leIAdnbv+yawAEBowBsEOMF8z5vw40orWkHcJkCDztpUlowFFkBxH/zhS1YaGJJJKEEmSnhdQ5RnChTGFZL4ny6umvkGfXcZoqJu/8AUf8A0WtKwvXbjU9R9L2YHJfXfNuHq2NjimQFzNfG3RGyMNA07J+QGn7LuAgyHDHHPAKYFCOA0AxCD67p6ZDtFEP8KehLElv257JJpeAC7PChCpkAnvkMQYC2Bhc4/wCMghWoIHbhV1rYZZKiuI3e8tB+yn9iiCHZHqguJ8eMD3XCTnlci/vs/wBKtdlpZJG2UkMHJT+RhOXRRner5C5tPTs5c7UfshWuIGnx6KN1DUNqLgxrCf5IDT91LY9sVGNI/CSf0WiBRXWk67lW1R3DcxhS85co1gA+Tll7ySOOVJ/F+a21LImUsFL1ZUsioBCT5nnACxjVfdXzl9wELTkMCoQML2vi6sVpnmfIPNhFucxgpXyA42Xmxf4lQ54PJJ5W76rlMdrfjuvOY5CSF6nSrET5n5+7fdt/Rd2xviV9NGBzKCV6jgABo7DC8z6WjNRdIsj6TlemsHm3U1Ms8HY+mq8VOb/ZOi/7OxKX0XI/pwlKQ7grA+T1cuhoIAO/ZUVKPFuEj8ZDVazvMTC4+irbawh8kn9WUcI8nN1b4LEkY3K81+JVbppntBHB/wAl6FVOxheOfE+4AyGlBOXEgfou742DlYfPfrDU/Do2v2YqlBcdQ7LbdN08ehjnDJJyVj6OPTE0Dnut/wBOxgUzCQvZ0LbHB8D1s9yNAMNi9NlSTEulJO+6tJ3aYHbqvp/5kgGFrOZWsdjs+FSvfjfspVnH8guxuVDrnjw/CAwrW2sayBmkdt0qYwtmao6CSQ9mn/JfLvVVT811PVPzkB5H7r6eudQ2msFQ87YY45XypUB1RcZ53fied/zXJ133RUTteGWJSmGjdk8KVG8kDZRWsxnsitdhYMpM7sJbeUTWvBQ5GhDY/fhEcA4ApE0zZXZvXIKZoxwoUoAdsp03ChysJOyUDMAQE1rix2QiljsHZCwQeFE+RGxstqObLRuDlSJcObuqqlkw4NVs14dGtEHwZbI4eUVlQwh+lJnZSKlvmBwo42QWI0UzxgkMBxyuPbtymxkHbKeXE9lma4OnXPd2AOzt1Lojh4dtsoko4ICJTuDXDJWebwbavyRsOkqvwbzG7gEYXutFKJfDY051NH+S+erXIIJ45hy0r3Hpar+YijlLs+Uf5JbPoHgr8PajS2suFTJEDgY4UuZmHYwolGPDuhafRWNSzfbuUtrB7ut8GP6vpmTQPbI36WZCxlqkc3duxYV6B1NBmGTH9C88pwY6tzGHAI4TYPB5zXx2XqZui01NE17hl2ldazVRY9ECyvdJSFjnfSprGHwnMA5yrbwbIv5IpkWm/ljGFX31pMIcB3VjF5CWkcJlxhMtM4AZI3TaeGZtVHfHaeHddxFlewkdlUUOB3Wv6/oQInVLmjYbLE0b9QBOy7FD4Pinn6Ph1kizIB7rZdCVUocIy/YbYWLjyFoOlKjwa8DPK6NL5PK6yGa2e0RESU2MfgWet4+VvpY3Zruy0dqLZIG59FQ3ZhobtFUPHlc7Gy1S6PLJ8M1Bb+SZp90WNwfG144ICWn3Qit3OCMYwQoFVGNOM91alu3Kh1LCQMeqgXRnK+AbnG6z9XEN9sbrX1kXl47LN1cJ1Yx3SLI5NlFmDMVzCHcKK4AtJVxXwENLi1Uz3YJ2WSSOpU9xEkGHYQCPMMKVOPxKPkA7pMlhmz1glwgGPhR5Bko8PBwhvGwKt8oFPBGf5Qj0de6lkBLvKdiCUGR2rnsoTyScZ7pDTZoqnya9ohqmB7MEH1VXJDNb6oTsB0g7Y7KJbLi+meGPOWq+cWVUWuMgpFteTs6PVfHJSNt0X1LT1EDaOd2l/Yla6QBoyAvEWSzUUjZostLd16r011BDe7fEXOAla3S7fkhcu6tpn13wHl1fUqrO/RJuFIKyPTkAjus5LEY3vpqhuCRgHt91rpInA5GwVTeaMyw+MxvnZv8AkkHo9RSpRyY6to3wu0ubkDv6hUrY5KOrdIweU7rZOjZUw6XDzYws7WwFjyxzdxsgOPZUyfb7gxwaCd1f0js4dlYeIuilBDditJa6zMeHPyOyXN46NVFritrLx7GkDByolRCHDYI8cgLeU5wyMqpSyjdjcihrKTfOFGaMFXVTGHcBVVRTuJyP81SllmacDuQQMELvOMqPDkOxlSXgNDThaFLBnkiPWUviuyByFnqpjo5CHN4OFqDgtwRwq+5UQkiOBko1LBzNXRui8GVradsrC4N3VK0up5SBkAHI9lopmujG7eFV1NHqcXtbkH9kSPNzi4vgv+n7o6pYaeR2XNGxV40j1Xn9NNJb52va4hbGhrBUMZI05DhnlOisnQ0eolJbZFomvGQkxwIC6d0ZvzlEOQHOcLPXy3jxDUNbyFpZ8N7cqBWQ+MNPCOPJz9XWpoybG4yHbKNNlvZTKyLw6gtGyHPT6oS4chaYHmtdDEeCATnfKY1ztWMoTiQd+U9vOQjcDzktS8/4NVYbgCRBIQMBamNwkALdwvNYpdODuCFuuna2Oqpw3k4We2B7XwPk4XP4pluyIEcpzYeeyezBP3UhjBjA2WaUD2MY56K99KJNu6HS1E9FUBzSQAcEeysjD6bIFVT6sYalYwNWU8o0lJKypiDv6m5XQwjA9Fn7XVy0sojc7yHjPZaMESMDgeVRohZlDjgjCA6Ig5RmscCDlPLQ4YIUNClkBEPMEfAOCmeEfVPaiSyEhObqG6g3CijrIjFI3ng+inNXTHrVFTgmsGCIrbBWeYkxE7HthamgqorhCJI3A+oCNcrbFWQuiewHI59Fj4zW9OXAN1HwnnvwQqMGHpn/APqmukj9Qo0sLS3GMKXSzsrYmyswcjOxTZWlpxhQ1pprKM1caAdhwql0bmuIIxha6pgEgzjOyo6yjOcgbqHN1Gny8oqzG12c91SXCi0PMgCv3NLTgqNVQeKMAcq8HH1OnysGcBIJBGF0gHujV1MYmmQDhQHzaSMhW+Tg25qeGafp/qess8jW6nPizuM9l6pb73Q3iJrqeQZ0g4z3XhUcgP3VpZrzU2mpbPC86c7tzyqXZ0vHeWlp2t74PaHxgFCcwKBYeoqW9QNLHASY3Gd1aEZTF0e3pvhfBSiyJ4QwRlRpIBjcYVjp90F7NtlGw5LgppqPVnbbCrp6PA4xvz6LQvjydmoMtOJBxwig8MyW0qXRVUtRNFiNx290eqpY6uIa2tHuE2alcHgtbwjQkswD/mtUZ4OfbQZe7Wd1OPFp26vVVkMzo3jI+63czGvGNIWdu1mO9RTN+7U6uzBxtZ4/H3wAwP8AGZ2VVdbLHLmeJm/cBc8WppHAu8oVvQ1kU7cDc91ojYcO6r5I7WZW23CqslUCCfDJ3C9DsnUlJdQItWmQDgnlZC72SSVxlhxpO4VJBNUW+pD2EsewrXC7BypRdUtrPXJotW4GVClBYchv5KusHVlPPGyOs+rhaWelhrYmzwPbgjK3QtUkU0pIrYpiCNuFJIErd2/koU2aV+HNR4qkOAJ7JwmSw+SnvPTEc7jU0eGuO5bxv7KkpLrVWqo+Xq9TmZxvyFvCeFWXKy0twy5zAHkcqGK2DUt1fAKGogrIRJCQcj1QnNwfRZ2ojuNjmLWajHnIVvbrrHWMAkxnv6qEq1GZbLHyGdE1+zgHA9iqmusckZdLTHLeceivzEDvGc5XQx2cFBKHA+zTxkmjD1FI1zXRStznt6FU9Ra8ZMR3HYr0O42mOpiLo2hrx6DlZ2pt74TiRmPdZ5U5OfZp5VN5Rk2zy079MrCWjupTHwTjLSASp9Zb9i7TnKqn074t9OR7JUq2jN2HIc1OimY44egxVTfolbkeoR3QxuGqMcpLzEHB10LZQS3fChS0xaMo/wDOiO+wT2zROGzgSVM7uy4ywV+gtJBC4yZzCp0sDXjLQok8BGMBDKGOgpNMmU9buASrGOZsjRus01zmn0Uulqyw4Jyl78PkXOHsuJKdsm42UR1O5jtt0WGrDsAqVpa5v+qesMVuceCA8QuGiV2CVEqre5rDLEdQ7jvj1U+eny4EBcY9zMAjb0KrA1WtdFGBjYFEbM6LOjuraWggqWlzBpd7KrloZ4nEOGQkyjk1V3yj0yRS3IE6ZPyVhHIHjU05VDp3B9EVlVJC4aTn80h1nSp1OPzLlBewEYym0twjc0NkOCpekOAICFrB0K3C5cMrJaEPGeDyCg5q6N2TlzfYq40AhMMYcCCdlascHwSelrS6K989rrgGyNMM2OTwSgSUVRT+aJ+pvYgqXUW2GQcYKgv+docBv8yMcY5T46lo52o0a/pQWG4VELgHg7cqbBdiXgeqgG4U07cPBY7g7JPpi4aoyCOeeVsr1Umc27TRXaNHTXSRoAimLP8Aldhaqx/EG72zTHLOZom8Bx3wvL2zTREA5GOVNhuZ2BW2q9P8jmX6CFnDR9DWP4n26rDGyv8ADceclbq2dRWq5MDI6qOUkbtJXyhTXRjBnuVbW3qOqop2zU1W+Mj0Oy0RkpdHG1Hh33WfTlX0tZbjql8Lw3nfUzYqod0ndKSUmjqQ5g41FeZ2L4q3GmnHj1PiN7glegWj4tW+QtNU5oDu3om5wjkXaW+lhSMSOhulEcjiQN3/AFUmhqDRzCS2V8sUg/xcj0V/R37p26RicPj83OUWXpq11jfGpJ2sL98tKoy2blw0OoOq7vA/VPK2duPpIWmoOq7fOwGVrmP7jCwU9gvFFJ5AJGcg5UYXCSkeI6qmc0jvhCop9iHWmerQ3Kim+iTGfdSy1rmggjB7rzCkvlPluHY/NX9HfnFrdMwx6ZVbcCPjyzVuZ6BM0+6qor2/AyMqTFd2HmMj3ypuI4NEnwj6pBmk5yhfxakyM5CI2to5N45cn0wiyA+AmkAYTdPuneNEXaQ8ZXfDzvlMyidjXA+qSeYyOQuaCiID1FczlPxhJWXhs43ugVFLHMPNyj5wuqcFRyihrLS9/mjbsFUzUrmAtlpwQFsnN2P2UOSnY7Z7QVTbQ2M2lwYGqttpm8stIxmfRoVXN0tYJD5WsafsvRqi1UshyYxuqqq6bpZHahsT6KsJ8jY3zXTMDUdEW6UZilDVBk+H8rfNDP8AYZO63j7B4J/7UMdgTwmC2P4bUA/YlA4RfZphqLUjz9/S17gdmEjb3O6Z8h1DTva4MJI7ZXobrZcnf3EgK4LVc85eWH8lTjgp6hyeZHnpq7+1+k0zyRyE/wDjF1YAJKKcY7r0B1ulBy+na5x7hNdQgtOqmU2siuTMG2/VAP8AMgmapcfUtNgB8bwe+y00lvonuxJTA/kgyWO1SDzUoRJNdjVKD/JFNF1BRHlrlIiutHUHyE591Jk6atDhjRoyOyqqrpWBpDqWpdGfVCRfE+iy8SJ/0kfqkGxgdlQyWWtjP8qvZn/mXG0t5gdlkkcn3KHcwnhF34LHHISFO0cbKpbU35uB4cHupLbjdRjVTNJ+ytPJXZONLkZwh+A4HYoIuVy70rT/AOFFFwrBuaAfoiwym8BGxvGM5P5opZlpBahfxGXGHUWE/wDikjeKJTAGUxny0ZOHR5XP4bTnfQn/AMSf/wDISRucuNqI/qphkyAkskT3ZZEDlD/2fJ4GPzUn+LVQOBQH9UaG5VTsaqLH5pe0jskuiuf0692+UA2F45xstCK5xHmiA9l0VLQP7mT9FMFq6z0zMSWuRm3gtP5KPUWZs8ZbJSsx7DC1viNefoxn1CA5rf1QuORkL7P2YaXp2nj/APg2nb0UN9mogMGAfovRJIQ9uCzP5KI6hp3HJhI/JVKI6Oomjzx9npAf7rb7LjbPa3jDn4+4W/qKW3xRl0jWt/NUtVJ05Ef5lWzPo3dXFDY3zkZl1ktOf70fommy0RGGShHr6y36j8k10jh2wq2Wa8zx6GRMjH+Ebq+DTW5y9hJLLA3zCcAD1UWempYWk+OPyK661XCoaG1dVhvpqQ/4FSxnMkz3f+IqcGhSx7Isk1OzbxSoclRGfoBPurd1vtLcDLs/dEzQRNDWxtIHsgyF8iRny/X+H9k3wzzhXj56V2WtpfsdKA2kmlOWwYBQYDjcmU5jKEWP9f2V/wDwaodw0DKezp6pG7wMK8hfNFdmc0O/qK4IyTj/AEWsbYqdjcyOaEx8dsph5nNKX8nOC1bu/EzRo3zDyOwfRFis07hyrd13tFLkta0kKBVdXUw2gh3CvsKLtl0jsNllz5iMIzrRSxYL1UVHUldKB4RaweigTXSvnAbJPsfTZTA1VXPs0b/4dAAA8ZCjvu9LCNLfN+aoWkuG7icrraZzz5RuUGQlX/zFpJeZHf3I0hQqipqpjl0uEWG11RGQ3ZWNPZdQHjtwouQpKqHRReeQgYJKl09tq5CDoWhp7bSxD+7yQpgY1gwGjCKSwKlYvRRQWZ7iPFaMeqnw2yCPGGjKnLrdiChfALbYKOkbnBGB2UpsbGYwEMTBo4UWe5RR/wB4UMpJLk00ZxhIsAxo4K5LUxU41veAs/U3g8QO/dRHTzVJ/mnIWC2+K6PTaDQ2cOfGS6r+o4tJjjOTj1WfqZrlWuIAIaVOp6SB2HGPf7qYGBuzW4WGdm49LTpccFEyzvkw6qzlTaW308H0sBPurBzC7twneFpIKzymjbCiMeUCDcbYXDunyTRMwCos9dGwYjOSlfKaoR2rgOWDGAOUEyMh8xIUJ9XPIcDZNLXuO5KVOeR8eSW6sYR5EB1RPJsCMBcDA3tukXBvZLcwxniOPJTV0nJyuKigq6g5CRI7KiBklFMuDjC6JXnZjd1WUEotkgnA5wgulwOcropq2U4LFPprE4AOqSCPRVKWB0aHIqi50jgGjJUiK31VRjylv5K4ZSW6m+pm4SfcQ0aacDZK+Q0rTR/rI1PZms81Vtj91Ma63UrPIzU4eihPqJ6l2CTv2Cl0dkq53BxacH2SpTz0aaqN3FaBSVznnTTtLco1PY6usY178tDvbK0drsMUIBlYM+4V1FSBjQGtwEB06vHyazYUlq6fpaeINe3LhvwrmOAAANaAAiPY2EZce2VFluD3fy6bkcqG2vTxq4iSfLD5iMYUWpuEQIEbvNxygiCurHDWSG87KdS2aCncJXed3v6qD1W2Vx/iNQ8Nzpae5UqK1AYdIQ4+qtJGAgZCBJVxQNznJUyXtj7HQQCEEkYAQ6i4ws8rXHUFFkrayoOmMeUqO5vhfzJAFBU5JBZp5qgY1kN9EAvZAMuxn7qHVXylg8rcE+xWarq+eqkLjIQ09ghcsdGW7UxgvtLa6X9rg6nptiOTlUb5ZZcmR5P3KFkZyTkruRgqPLOZbqpS7GE5cngjCC7ldJwNyqMcrMDy7A5QS8k+yaXepKE+RoamJGedgd8mB5sbKJNUMG5IUaetAJzwq2etEhLY3FUYbryfLcIj5cqFLIZTkDIQGxkuDjupUbAANuEcYmWVrZxjDzhEaMJ4AC7nCYUJOzhpKDNM2IZceVS3C7kudHDwOTlGJttVfDJ1bWtjJAcFUT1kkpw04CAPGrHkkk4UumoCDlyKMcmaVnyAPCkmcM7qwpaHSA7GCVKp6QDlmMe6keWMDATNgH+QUcDWYXJ5RE3hCqa2IAjOCquSeV53fkKugZTSJU1YScDdR3SGTGUIHO5XEIlvI9JcyEshAXk6kma00zb4AUBc0gqYkN09QNcjcFOXfKuDZGBlHADndFGMbofiADhDLz6KFSltDnAHKjyyknACRye65pBG6glz4ByOzgDZC0+6dINDtl1pyFDNOX7GHbZDT0xNUTLN54EkkuEjCgBxMSPKaOVMjcjWDcFGHC4wDAON05QqbHJJJKCxqSSStLI1vA3T7okcRJRaOkmrZ209OzVI7gL6s+B/9kzW+LqL4pubS02f5dvOdbhjlw7dsfmunpNLv5Zztf5Kjx0N1z76XtnmfwW/s+dTfEyqbUPbLbrUwjxKx7SBg/0+vC+0enOlOlPhzaf4N0zTNa/GJKjT5pPTPP8AmrCa4UlFRxWi0UMFLTwN0tbE3GfcqKBncndduinasHzPyXlrfJzW/wDBej4pSSSXZPSiSSSTQxJJJKEHJJJKEEkkkoQ6OU5MTtXshlHJAY5XRucrg5Thwk2EGndVF/rjBSFjdnP2VuSACXLGXqsNVWOAPkj8oC52qt2QZo00HKxMq9JJyTuntBPAXVKt8LZ5wwjK5EOZHWnL445Li1UghhEjh5nqRWzshj1ud2RWtDGBvGBhUN5qdT/B5wtUvsjk50U7LMgKZgqKzW7jlFqpgPI3cBdgYKWlMh+tw2UR2XHJKS5YNcYjSioSKq7HehJJJKFCT0xOPChBhI4ynMBOMIAyXYCktH8vdVkqSGTHcYKHGO647d+ykRtGkHCnRRyTYbKG/lTJDkH7KJnzqBN4RJo2d8KwG7Qg0jQGbjsiHlOUsGebyMfwokp5yUeUnGxUOTlBKWRtYPJ1KUz6R9lHHKM0EAAoENZx/H5KIeCjzHjChyEhmyRaHDrkGR58BSgdICjRNLnKVJswfZVAuzrgfT/TlNPJRIQBTg/dCYMFMeBae7gbGSXgErX9OU2Q1wHdZIZ2W96bg00LJPQrNdLEDveGq33Nv0X4DcDPogkEkgfmnOJwFxuCN+ywesntaywtEJE2ojGUa6udJIIw7yj0RqQNZTh2Me6iPJnqyGnynbJS85OkorZtLWljZHSta0AbIL36NTxjZFd5I2sHooNS/TE5oO7lY3O2CiR4sSVIJ3ycqwY0agT2UKji8+oqxhbrdws9vQ+jsvLZEBEZMb8I82zTujQtZFTNIGPKq+tnMULiO4WNvk6kftiUFxcNbtkW1R6pwfUKBXS65CPVXNlYC+NpHCMlPNiNCTopmRjkplU7NP4A5dwuSHXVCPsmSAurI4W/hVHS64LWjgFPTtZjcjJUO9yCOlxnlW0jQ2MewWZ6ikyxkQJy4qFXS2VNFLO7TC7B3KVraNRkPZBqHeXGeBhPonOZSF7eVfRwt2Hkg3OUvq3ey09hwyhLisjIQ6b7lbGkDIqKMAYBaPzSLP0XpPutlYPoGF878/1LXUuI2NaAsxbRrlLmjkZWni+nHquRfxLB6fRJbNzMt15VBlNIGkbj/ReeUQMtXE0DPstb13OfFfHknCz3TMQnukYLcgLPJ8Ga3NmoSR6ZQsaynhY0YGkf5K+tsYaQQ3f7qohZhzQBsFeUGzWhYLmjvaaG1JFpFwMBZTrepD5oKJoy4uGy10GANRCwd6LqrqVrM7DBC5/s3y4WDS28Cmt7BxssddKl1RVPOdgSFrKmQw29zB2CxDzlznepJWytPBkvk3HaibbWl9QB2C00ID5WAjYKhsjNT/EI2V9TOGfEPATcFQ6M91dUPlqPkwRpABAVh09TtZTtcBuRyqC6yGpvzyD5QOFrrOA2nYMLNb0NqW7kuKRnl2CO/slSN8ucYwmScrLLGTo18FTfZBGx2fRZ+zt8Src/CsepqgYICj9Oxkgv9EEnhASlm3BprXpdUta8ZAW9ssDM6y3dYmzQOkqhgcL0OhiEUQOFy9XPnBvr4CVL/DGcqrt1EKq5GokGWM82PVSa9+vYKbaafwaffl3K5kngY3gtGgdhgeiI0DCGzsijhJkZ5PLHoqEipTCXQl0cpo35Tg3BBwl/JzggQcLq4OF1RPJBJJJKyCSSSUIMSSSUIMQy4lEQlB0EJQbpO2npXSD+8JDG/d23+qnHhUNe8Vt0pqRpzHD/ALwT+RAUCLGEaYGRnlo3KK1oB2CYBvt3T0+BSE8AloHrlHbwECAHWHHfZSFZYxJJJQg1MIB5TshNUIJYK8xOr/iraAwgNt9ulmdv2cNP+q3q88tchqvi91DNjajpY6bnjfOFcBVno3BIxygSnEch/wAKdk+qDOcQnPcgJgcI5XJKZ9DfsF1cb9I+y6oFgedxhQ6txZA5uR5tlJc7ZVle4vdFCPxv/wAt/wDRCHs4JlvHy1KISMnnPqnk5J91wJIwDjuChQHU4uz3wnnhR7ec07nc5kKtPkJktLJATM74TKh4jp5JD2BTIvgEyFSDPc5GNH491Lu/8i2Skv0ktx+XdQ6JjjO6VxJc9xOUTqh3/u5jRy4tb+61QRRItUTYrTBoGARlPL8ZJ7IkDfBooojyGBRKsuNNI9h0lo5wulREzWvHJi7xUNq7lLK36R5R+ShaAOEWUtMjiBgZTByF7nx8cVo8prLN1jZkOvpntpYomOxk7rEQnHIWk69qHOuLYAfK1uVm4hlek06xE+WeVs+TUs1nQsfiXPIbwvRW/Udu6wvw4aBWSv05GFvW41nZZ9U/vPY+Bjt06JTPoQMklGYQG7oB5WM9DLlALo5raMvGxG2FHtzQIAfVcvby2JrB3OEakb4dMzI3wtVKycbWWfdgFcXaI9XsV4B17UOqb2WDkFe49QVXh0hcOzT/AJL57uUj6i6zSyuLjrIH2yvReOjh5Pkv1zqs1qv+5Ko4iI2hw5XoFpg8OjYMbrGUUXiyRtA7hbqnw2JreNgvVURyuT41q3zgdVuxAd+U23wE4IH5pleQ4eFnflWNujDaYHG+FoMi4KeuY6SvFOz1V5A3Q1rMYwFSMzLdyR2KunDL2tzhKcdwwF1vOaPo+qmG5MbsD1XzZ4RDi4dzle/fFOtMXSroTkahpXh7oToaedlydb+e07nil/pSl/chA5SBPY4RC0g8Li5sk0zrpZHN2R2uOMKI1++MI7HbcIliSwGpSg+DpIOf8kIgFHPBI9FG3DkmUDSrM9nTCMZwo7gMEFSgchcMaVtGKOeiE1xidkBWFNU5ABxwossOM+X90ODyPyf0RQlhibai0lw5ucKBICCdu6nRkaPVR5GYPC0SipLgzwW1goXkEYUsHLPsorRpOUVjhws04m2mZ1wzlChLmyZR8hCIGeFjt4OjXPaXVJK7DSvYeiK7VTxNyOGheLWt5cHMO+ncL0no6Z0TI987j/NCez8JY1JSPXc+FVx1B4d5VaT4275VPrMlLFMBngq1k87WH1aEqaPpFM90clXd2NeyTUMjR/ovM2txXv8AZxC9VrYwY8kZXm18gbT3FzoxpBPCiOV5OHG5FxZZy2o8MOGktxhXzQ3jZY61zGOoBJWqpzqlY7OxTFyDpZb4AJWFlTj+pPqW4DoxwQnV0bhO2QDIGyRO2++RyjreGNthk8368ovFtsntleXUrTG4fovauqqGSoo54WtGS0kLxeQOgnfE9uHNJBXVoZ8l+rdNsv8AkLJzf5bTjYhS7LUmCta/gZwhOLXUsZA7boUR8Mhw/CulU8NM8HqoZjtPeun5/GpQQew/yTuqKRk1C2UjzDfKp+iblDU0bNB3LRstTdoPmra4M3wMrdnJ5C1/HNwFZH+PQREncNCnObss/wBJSPdDLEXEhjtvZaPSVZlseJYIzozuQo0rA4blWJYCCoz48d1TKTyVFTBnbThZ+4QBshGFraiLI2Co7jTZBdpSpGqqW1mTrIwQ5pHZZeqBhkLXDutjVR75IWbu1PklwbuNwsliwdbSzy8FY92tpUN4LXhSI3F2W4QKqM5+yRKOTqRWCTSuBG5Cc8ZBzwodITnlWGnLeFQmb5IMoIKhyN3VhPz+ShyDBQY5HVghhWFvr5IDjUHD0yq6VpOMJsJ0ndVJZHqTXRqGzQ1jdQyCBwVItddUWmqZNC7DcgOHYhUFLUGLcZVrDUxVbNDRh43wVhvq3dHf8b5OdU1zho9jtNyhu9I2VjsuaMOCLLED2XmXTfUFRZaoNLjoJwQeML0+krKe507ammI3GXN9CuTZBxZ9i8T5Va6lKX5GfuVD4EolibhruR7qqr6KOojLtmvA/VbKanErC0tyqOWA09RkDZKOjZVuRh3xODsEEH0KJS1D4HAAZCvLtbJZdVVCzOOQqJ7Gjlu/3QYMUouDNBbq3xAMlWbH5bj1WQppnU0gfnIWjoKtsrNRVNZNlFmeGSZI+xHKizQtAyW5VkRrALUBzT6IHwaJw3IztRTvieXs49F2KYPGM8Kzq4AR5R2VTJSuik1sOM8hEpZMNlbQaQbg5SDQ5uHJgd6pOaTwnJ45Mso54ZU3G2lwcY28qlcwxHSVrjjuqm5W7OZ4W/cJqkcbWaVflEytxge0CQDy53UqyXIwYic7bOykPLJAWPbkFU1TTyUkmR9PIITkcPbKqzemb+ml8RoyVIPCzVgr3SN8KV+TjyklX0coI3TYrcdeq+M4po5KMlRpDtlSX+VR5eAnxiS3kz10psEzAcqEx+W4I2KvbhHqhdsqIt08lPhwec1sGpFRXR+HMcDZBByrKriy3VjKq/xFN7PIXw2TYfUTxsrWzV76SUNDsDOVTtUljkucclUXS081OJ6hQS/MRtlacgjKnxrFdJXd0dQaSd/lcPKSe62sZJ3A2WaUcH1jxHkIarTpokNaHAbcpSwgBFhIwAQj6A4bLPOJ3ILJS1EJByG/urCy1zvE+XmOcDYpT0/soJY6B7ZWDBaUsvG1mtYwPGybjBxjhR7bWsmYHM3PcFTPq3AwoaI8gsBNw7+n90QDBTwBhQ0JA0k9LBUJtBkZVbdrVBcIHMewZxse4KtkxzfdC1kGyvfHaYCkqq3pys8CoLnQk4BPGFqo6mKrjbNE4EH9ky+WeK5QHyjUAsxbp6uy1Rp6gkxZ2UObielntkvtNS9mQq+rp8jhWEUrJmB7DkFNki1DCtrBtdanHKMxV0pacgfuoRb2IWkrKPWMgfuqeSAxu4xumRaZy9TR+ioq6MSsPlWauFM6E8bLcyRjTjCprtbzJA7S0ZU2nntfpN0Moy0cuMBHiqNXIG6iTQuYfTCEyYsdghSUcI8z88aniReUNxnoZRNTyvYf8JXqHTPVsF1hZBO8NqAMH/EvHY5w4Y9UanrZaSQSxPLSDnYqHX8f5SVMk4n0EBkAobm5WM6S6xjqmshnkzkY3K2okbK0PY4EFQ97pNZDVQ3RZHMQPdMMYwd1L0eyZpUy0a8JlfJACd2oEsWgZAVk+LKDLFn3RJibKlIrGgl2CnywNdHjGyKYcHYJNBAwU2LwZLajPXS0QvGprSTjZZt9NV0jyWHSO2y9Ckg1DBGVW3C2+L+EJqsODrPH7vvrKChrmVDfBm+sbfdQ7xZmzNMsQ83qlcKCWjmMsQIxupdvvEb3CnqG4ce57p8bDgW0pZjYjI5mpnlpyCCtX031bNC5tLM/HoTwUrrYWVYMtPgHGVlJI3wykbtc04/NbKrmmcq2qVXL6PYWT09wg1uja52ORyqqoa6nyGhZCw9RVNvnDZnl0Z2OVuqC5UVyblmku7hdKu1SXIrG8DRV4fiKU4PAPqpyrbjbnRONRT8ckeiZS10sfllBI907KEuDTw0Wc9LBUsLJomvB9QsfdenaqindNREmM7gDstuzRIwPYQQVx0YcNLsYPqFYiVUZ9oxdtvGkCKoBD27FX8ZjqGBzHZygXiwMlidPStAeNzgbqhhmrrc4NcTpCP8AIVXZOl7Zco0xhLRugupI58tewEH1RLfdIqtoY8DOOCpE0JZ/Mj3BVSjg0tq5cmTudqfSvOG5jPHsqeehDhqDcL0EiOZuHtBHcFVdZY2vLpKfGD+EoJVbjFdpsfijzmpoHMkJaMFMZK+PDHN4WsqbcCSxzNxzlVdVajgloWSyn9GKxbeGV40zDzEIU1EGeeAZHdKSnmp3b8FEhqWABryVnlBrgT0RmztjdplOCiOa2ZuQpklBT1DdTMAqqliqaWXTg4HCHEl2FnJySm32CiODoyAQrJk2fqGV2WnjmbxugnFS6DzghQzubhWMFxGQ1wJ9wq2SllY76duyECW7EKlJx7K2xl2aATMecBOdD4jdhyqeGoLHBWdNXxObped05STAlXtYg2eB+xwE8kVOA9qJgTbjdMkpnbaeyjiLc2uiHV2wObqhwqp8Esbj4jcYWhjLotnbpSU8NUP5g4VfGNje12Z4HH0ncIsNfUxOBLtQHZTqu1MBzEFWzwOiPmakzqz0a69ThfYy3pa+Ko2J0uxvlSgs4xxacg7hS6eulid5zqHH2WeUDsUa3KUZlo5me+UzRj3SZWQvxodlEJxzwkSi0b4yhNfayHLb6aQl5iGcb42VdNbpWZMEjgP6cq9PbIylIxu2AFUbZR6LlpYTXJnDLPHhsrc49kVuiRucAE+it3wRPySwE/ZQZKBpGGt4WiGol/UYLvGe4kcOcCC1wwiiqe3A5ygupahm4jJH3Q8vGxYtcNYukzn2aKcXjBZ09cW88q0oruWkAO47OWaZUM9cFF8UO3BWqvVPPJz7tLB/kj0Cg6rqaMtNPUke2dlrbL8Sq6j0OM7hjtnIXjUUoaeVLbcJYsAOOPut0bsnOu8ZXYj6bsPxjgqSIK1rXjHdaqn6n6evQYHxxgnjVhfJFHd5mkHUQfZXNL1JLC3zVL2+nmKZuwca/wAK1/tn1DL05aql3jQODQ4cNOyhz9Nz041Ucz8+xK8TtPxIraanwKyR3/jOy21k+MbmwNExDtOxzyrycy3xttHODWGO90pI8Z36pR3m8Ur9cjDIPTlPt3xC6dvRbHMRE9w+pXDf4XV/9mna7HurikzDOE4doqx1rLCf51un++nIR4uurW8gSgxH0dspstDjdjGuHoquusVuq3aqmiZnvgBU/wCwp7G/uRZt60sjmaWz8+jkyXq2Tw9NvlfIPTO6yFx6BpnZmt8z2O5DS7ZVj7J1PZ4/Fo5teO3dDkfDT1z/ABZuJPibcaECOayzSAfiB/0wuw/G6zRHTcrfVQ+5avOh1leYv5VbR5e3k6cZUll9sdc3VU0obIdnDGFPkYxaOH9R6XS/GXoOqODcnQk8B7f/AFV3RdbdNXEj5K700mewkGV4jUWnpS5EOMQBHsq+ToSlDi+31TmsO4GrhT5mEtHUvbX+T6SFVBUND4JQ4eo4RAcAnC+ZZLR1RbR/7our43DghxTh1b8UrRu+t8Vo7uJKnzYfKJ/AUv8AbkmfS5eRyMZ9UF0me3C8Cpfjf1TQxiO5W7xSODjKsqb+0HSAhtfQTMP/AC4R/wAiHTFy8dfHpZPaHvD+3CiyOa7Yn915jF8cun6puHeKzP2CMz4lWOq/u55B+at2Rn0xa0d6f4l/1B0rT3QEtuVXAf8ABJhY6boDqKA6rZ1VMHjgyPKuP9sKKYeSV59N0P8A2iH1AH75UScuh0a7ofkVDbN8T6HBhu8U2P8AEd07/aD4n2zAntkVTj+kZyrJ/Vk0e2s4XW9XgEGV5UcMewkp+4ohwfE7qWlGm59LzF3+BmMKUz4sUgA+es9REO/lwpDOraKbaQNd7kApOu9jm/v6KOTH+EKoymvZGoLuI2D4odHyH+dDOw98gKfD110LUYAr2xn0ecKC0dG1X99aY/choSksnw8nb5rewH2aAU3Mn2Bin2pFs2+dKVZBjuVOMer05z+npwGx10Tj7HKox0j0PIf5Akj/AD2XX9CdNPH8uulb9nYUxJeittWeMlsLfa37xzxkH3Q32ijds1wOfRVJ+HlvkP8AJvdTF/8AbChn4a1Lt4Os5megDj/nlDifpB4h+y4NhjO8bSU02l4GAD+qqP8A2f3uL+46yn27GQ7pjujOrGjydRl33eVFvX9JNsH/AFFqbfU52aVwUFR6Kp/2W65iPkuoeB/iTXWrr6PmeI/dXul7RPjj6ki4NDMfRO+SmG+nKpmQddxjzeAf/Cuaeuif7lirc/0X8f8A+si3+UmB+hLwZgMeGqsM65PMUaQg6yJwSwfYKbv7FOvj8kWfy0x30YXfAkaN+FXCi6oIzJU4z6Jfwy+H+9rsZU3v9AqK6JrmhvOyEZqYDLqnA9MqILNUjzVNbIfzTTb6LJD5yT3QyeQ1FIkPuNBHnM+cKHP1BSRj+WC4+gXXUlrjaQXN/NQ3utMDtXiwfqg3foiRyXqGrG0TdIKiyVVyqhl1VIGn0R33WyxfU5n3BUebqiyRDOsDHogmx8IN/jEjT2yWpAM1VMce6jNskYdlsOs53yiTdc2KIYLgfzUGq+Itvix8tH/khUsD402y/GJYfwSXxS6CiGQOVx9lrjs6PBVDP8TZOIyW/kFUVPxGucjvJuFJSyNjptS+lg2J6c1YdUT7nsuO6eowPO/IWDm63uc3Mhb9lXVHU1ydzXTEemUOR8dHe+2ejSW2xwHL3DI91Fmq+n4fL5SR7rzepvtU8/3zifdQ5KuZ51OJdn3QZbNkNBNr7j0uTqKwU7cfyxjjZVNb1pRRg/LgOIOwCwT5jJyEMMJPP7KbmPhoK1+RsZuuTjDWFv2wq+frKukyI3FoVF8u89ijttsrhsOVWWx3w0Q7DVN+uk2cTnBUL5qebPiyE591Y09mqZD9OR7qxh6dJHmiChSnTDpGdaSXZOSifLuONLeVqYLA1rgXxgfdT2WqnYGgNGR7JgL1S/pMjT22qlH93gKfBYHuI8YABaVtK2MDAGF1rcHOVWRT1M5cFVBYIQRkDZT47dBBgtY0H1UvYBBMoycqIjk32cEDQdsYRQBgD0QDM0dyh/M5B2yqF43MlBo2wV0jAyq2a4eEVW1d5nds1+AgnZGH5M0Q01ln4ovZamKIHWcKvqrtGwEA7qgqKyom2dIUA6jy4lY7tVHH2na03g/ljuseCfU3aoJ/lv2+6huqJpT/ADHakAAk4yjMjA5PKw2amUuGem0njaaIpRQRhOfsreipxKwOOyrYhG3d7sKW24thaBG/hYZWYZ2qqkkW8dM1gydsLklRSRDHi5Ko5bpUSbNdso4kc8ku7pUrcmuMP0XFRdIoseC7UVEnuU0oA4BULAJynDG26S55G7P2F8aSUjU5IRntuuB7WjnKGZfZKchiSXYbSP8A5SlqHoP1UYyknKWSq384KJDn55IQ/F3xhBGScZKI2FzuGlVuQ6MXJ8BA4EZTTJsitttS/AxhWFLZmDDpng+3oqlNRH16Wcyn1vJw0Z/JSYaKqmONGFeMpaKADUNx7Lj6yJgxE0YCD5UaY6Rf1dEKGzNyHVBwp8VNQUwBdjKjvqvEOBt7oLg6TAByUqVuB0a61+CyTxW0cY0M4Hso8tc15OjOE6jsVfWkeHFse60Fu6Fqy4OqHNaPUoflbNVGlusf2xMo+KprHARsyrS29OVUrgZGkD7LdUXTlJRcMLj64U1xhpmEuwAOyBzwdSnx6jzaZ6g6Zp4QHPaCR7cq3bTMjaBgNAQ6q7U8B0M8zjxhQ8XavOY/K08FVk3Qorh/tomy1dBTbSuDneigy3GrqmujoofIeHKdB0/GAJKzEkh74Vg2KCiZgNaBxwpvG/G3+RSU1tr5W5lft3yp8NsijIIHmCNNcaeMclQZ7o+by0wxhQJuqC4J+lkY7AKNPXxsH8lwcVAcyvqyBI8tZ7J8cFPTDLnkFMwZp2/oZNU1U5ABIBTQwtOuV2fdR6y8U9NtHIAs7c+pDISzUcD0VbkjJdqYVR3Nmhq7nTUrCGvBJWbuF5nmBYH7exVRLcfFcTv+aC6cO3QOeeDlXa75PxCvdqdlcyULW0910EHhUv2Y5Wj9XqUi/tlAyfUpZxycJ2DPOYWQDYghCdIG8boT5g3uVDlrG9zsrSyZ7bcEqaowNsKtqa/AxkINVV6xpYefRQxE+RwySmI59t7YWSZ854/dOijxglv5p0MXh4LgjEgYwEWwzNuXZwMAT2riFPUxU7cyHlV0U2l2SXOABORsq6quccYI1bhV9ddXTO0U5KiNikqHDWd1aiLnanxENUV00z9jkHblDgonSYzkD1UyCg4c4bBWMdMxjWjSnKJnm3N5bBU9AxrG+UDAR44hHwOEQYY3PYKFPc4mNIPKvOAHJRJck8cDSSQqeuuLpDpiKBVVbpT5TkITWtwMqnMRbd6Oue6TzO3K5n1XC5o7rhe3HKU3kX8o7OO6WR6hCPPKRGVYDsCeKPVIyIIYS76f3RWxHG5UL3tjQXE4xyjhvBwuBjR2XdW2FCL9j9guEgIeSu4KgTm3wLWcp4cO7VwNzunYA4KMXuYxLASSPCiI5DN+cJoJScPMhF2NsprjlCpWeghwQgu3JXdRwhIRFks9CST1w8IhQ16C5x2yU55GeUFwJIwgkw4rI5EHKG0HG6IOVSBkvQQcJJDhJMKYkkk+KKSeQRRNy88BMrrdjwisrtjFrvh98L+rPiNcmUNhotTDgyTE+WNvqf0XrHwc/stXfqOSO+dbslttuactZgtkfjn7L6ptFmsHS1vis/TttjpaaL+ndz/cnuutpNFjmaPL+U+pqtN/paVbn+/S/wDcynwt+BnQXwpibUS08d1vRALq0ty1hGfoHbn9gt7VVbq2bJzgbD2TC/xO2E3R6HC7FVSj0fO9TddqZ/JdJyY9kDdIJwU8Rk7BMbkd+E99VDTRmWZwDG98p3Qk+I0l3T7pafddHB704kkkmBjkk1JQg5JJJQgkkklCCTU8cpp2QTltIc9kxEO3CFlZZy3EBXGUw07nt5AWHkdrkc71K0vUlb4cLYWnBdsswuLrLMy2nX0df27hK+szadsYdpAefVUQ5RW1Lom4aT9lmg9ryOsjvjg0tRIG437LNTvM9eQBnJwF03GZzXBxO3ulboy8/Mn1T52Ka+0RGtVpsPVgsIZnIGyjJ9RIXSnKYlTQ6K9iSSSQlj0kkkZBLrhkYXEyXJIAULQo2jUTzhPnkGkALsflbugOOpyplSW47Fud0U7obRgLqsHI52SDk8hCgi1ygngIruCD3CVI3z5I9VTLk+Ca3YbJp4TwMbFDdwmCPYNxGTv2UU8n7ojzgndAPKX0aILgfH9SLJgMTI+6UnZWF7AyHKiyfUpL1Gk+pZrHkNBaVg7+6dMM4SiBCcwZkA7q4xyR8hSBFSNd3QWvycYRZs+GAhNGrCKaFp45JFDE2aqjY/gndej0MbIKZjIxgYWK6cpmPrWmRuR2W7aA1oAGwWO154PYeEq21uz9hXDOyVPF4jtISJHqj2yLM2SNlmbWD0tPMkiyL2x0ZaRggYQKKPLtZGTuiV4LWtb7otE1rYScblKZ0qk3YkFmyQMlVs7yZNA4CnTnDTv2Vaw5eSUMlk0WYySoNmhWNC3XJoxyoEO5AAVtbGZnG26RYbNNEuZCRTsHsqW5TkQklXEpw3Cy96ncXhgOyzI12vCwV0mZH59VpbJC4yB3YAErOUgEk7Q4bZWutjAxhPAIV4x2VpuZ7iVES+sMoGw2R7fE+oubn6do90yBuGud2GVY2eEtbJORs7YKjp9h6pw3YD2WQvs+qSMHsStRWOwXHP3WGvU+ZmgdiVaWTJrLNtZFqXEkKa8+DQOLQAS1QC4OcGkbqVc3iKgaPUJrjlHCc90XIrKdhkeCfVawnFGwY7LM29uqRoWlkOzWjYBvCy2o16DLhkt7CwOBJH/DKvov7vPoAqqyRtbDsOQrRz/DpHuXB1E/9RnqNLH/AEzzLrOp1Vc+d8J3Q1C+ar+Zx5WjKg9Tu8StqAtT0DAYqPWR9Tf9VntlwVTDfqDVRABwGFfUUWGNPBVPAwOkaMZV9A06Wj2XNtnyd6mBIOI4y4nYAleeUcrpr7M9zs4kOn2C3d3k+XtU0nB0kArC9PUz5K50gPHmKVXyx9i6RcX2ofFRkNOM8rLg5Vj1TVSCdsIPlA4VNG7Vse66NaRy754ntNFacMgzjcqfLP4VI/23UGljLIo2d+SlephFb3tBwSraWA4S+xyKW35rLg6Y8F2MrdW+NrQxoGMLI9MwNID9O5W1pdLADj2WG+W02aVZhyWcBAGAOQhT+UosR0xZ9VFmmDVhlLJvSwjIdQzGSUxq3scLYqNpa3cjJWfucnj3ERgLX26nDKONpHZU3gXFfdk0PS0AfOXEZWw3YzGFnulKU5dLjbK0rsYPZcfVvMjfWQJTrqGMPJKuqaIsa0dgqulYJKsucM6TgK7Zjj0XOkxknhBW9kUfSEIcoo4CV6M+OQjV1IDCSBhHGfUEYYwNkBGBwlMhxJJJMIPSSSUIMSSSUIMSSTScqDIx9hCRg7hAPKWT6pigxcDnEAebhZ2xsdPPWXN7fLJL4cQ9GNGP9FP6jrhQWuScPLXnaIj+s8IdopzTW6CIjHlBI9yjiUWDNwE48JkfATzwmljoRkoiZB6p6hBiYeE/ITCRhQgJziDgFNXX/UVxQgVeadCEVfWHWVzzkyVkcQdnnAyT+y9LJABJ7Ly74RtM0N7uOcipuUp1evCuAqztI9BQK06YAf8A6Iwf/VBHUO5n+REAeaiEf/5AmjIPgtCMNA9kMclFfwgnuFTD9ieNSgRgPuEgdv4bMNUtxwCSVHoWZY+Y/U9x39kEewvRJHCR2SSTGAyNVyEU7yNtjuuW3T8mwDbO5+6Fdn6aJ4HJSpAWUcI76VEW+SUG4JyVFvEnh22VwPbCMCSVXdRP02/w8/U8BOgAVNuaHOyRwgdSykNo4gPrnbspVuYW8qJeg2a50UDiAWHxN/RbK0DLotJiQwD/AAhVd1ndDb5S1wBdsrKYjSFnupZtFK2PJBkOy7Ojr3yUTFqX/pszWCd0iCAduEUAYG265NiOnkmx9Ayvb6JKMVE8jqntTkeU9Xzma9PyPpaqmJ2kjCJcpXVNxnqic63nH2yo+cAru18RPlutluvlL+56P8N2AUVRIW+Yv2PstkOVlfh+0tsgk0/U4rUsOSsd/Msnv/DR26eP+AocdPKazkH3Xfwn7LkI/ktP5LOlk7cnwVl3IM8bc/jCl4GgN7KBXO13SOPnkqbKSMALbQsHmdZZ95m+spvl7e52Ru12P0XhFO4TVbnPGfOc/qvYfiRVFlt0gkeU/wCS8jtzGtb4h3OSvV+OrSipHxf611OdT8a9IvbMwvrGjGwWzgBa4BZnp1gM7X45WnDt8Y7r0dKwj5hqHmYyowZQByVcNi8Gg8TPZUgBlrgANlobmwQWnOcYBCJ9iihtEbX1D5HbuznKtWY+fZG4ZAOVCscbRG6QDLs53U+Le4h3oqI/2Y/4yTBtrbC38ThsvLNGYmkeg/yXofxcm8ZzQDsMbLAU79cG44auLq/907/jP/w/+WQZItRyGoEjMDBVixnLXchRpmFpIwsE3g6cJlcRpdgo8Z2BTJR5hskxzdt0mMsMYnkMhTNyMBHZxumkZymyfASbQGJxaclG1akCRuSCE6J2kjJSWsmqqzPDCyM1DGFXzxuhl2GyttiA5RaqMSMxjf1SX9rH2RUlwOo5NQwTyiSsHKrYpDA7BVsx3iwgt5KfCeVgybcMhOGMhcYd9yiTDBUcZBQyRcJbXgkZK4uDhdO6zXRyba7CTb5CypbgjDtivQ+l5HxPAzkZ2XmUJLJAdXdegdPVJ1x7eiznr/DXLKR7Z07K+soC2Q/Twrumc51OGvO7TgfZZDomre+R8Z4ytcwaZnRjhu6XYfS9FNyrycqh/LJxwsB1LTjxXTAbkr0OoZiI5WK6lp8tO3dCVrK99ZnqV2jBHK11ueHUzHclYuLUBgnhaWx1TXN8AnzNGQjOfpJ7eC2nfsMjZMaA8DbCM6MSM0+qBp8N+jPCOK5OhLlFVe4C8loHLcLwa/w/L3KYHu4/5r6Hq2ahuM5GF4Z17bX0tfIJG76y4EehW+izB89+r9I5Ub/0ApfPSDPYZTDwU+0ysmpvDHOMJszXRP0uHuurVPJ8v1VfOT0H4d3CBobCfqBwvVaYtlgLMZGN14D0rXmiu8MpdhjiGle92qRuhrjw4LoVyyjxvkavjs3FFZHGlvs8EZwxxO35rYPjG2BhZK/U7rfd4a2EaWPdvhbOMsmhY9vDmgphzrVlJkQsQnM9Apro/QoL4yRhQRGTyV0zBhVVbTeI0tV3JCQSQFEli58v7pbNEJmFroi1+NOOQqK5QOdEXNHbC193gGSQ3G5WfqGB0bmELLbwzqaWzkxLv5Ty3TuhzEPAKkXCIxTOBGNyoZ4KznbqlvQocCQZKsjjwwqgu84CsoHAsG6hLI4I9TyfsoMvJ+6sqgElQpASUAVZHkOAo+ohwR5OFHdsc4S5GpJYJkMm2MKRHI5jg5hwQq6CVrtiOFNicB7pMluFybiy7gqGVbADgSBa/pDqFtFIKaoOBwd9l54wlrsg4VjTT6cHfPqsN1G7o9R4Hy09NclJnucckc0fiRuBa4ZBChVNIJCXYWP6V6odA5tJUyZYdgSt0Hh7cjgrn2VNH2nQayGtr3RKox6CW6djys3fbP8ALv8AmYR5Xc7LZujaTu3lR5qdkrDFIAQcjdZ8OL4G3VbujzgtUyiqnQuA5R7xQfJTksB0HcKrBMjsgcKGWLdbNfQ1wlZggHCkOAeM8LM26u+WlxJnSRhaWnkY9oe12QUBtqs3IFLESNwq2qgLeGq8lLWjGMqLLG14OyroOcFJGanDo3bJ8cwcBkKbWUh5xthVLtUL8YTDn3V46JLxncILiSOE9sgISxjf1RrsxTrUkZ+628xu+Yp287kKBLT/ADVLpI3wtXJGHDB3yqKqgloqguc3MTvTstEJYOBrdJ/VEzNHUSUdT4cjiNLltaWoErGyA5DhlZvqK2HQ24U52zuAn9PXYSxiB31NWmEsHMpn8M0maxjtQymvZk8rkMmW7pz9wtcOTqSe5EKqjDmH7LPVcRY84GFppm8qmrWDcYTDl66GY5Kp7Q5pae6qJoTHMRwCrlwOeFXVrPPkhMWTyGshxuAjAbzunY90EOx3XQSUUY5OW02TYZ/BcHDn1XovS90FZAIZH5cBkLzNm6tLRcX2+pZNk6e4SrKjs+F8k9BqFuf2vs9XA8wxsp1PgDfuqu21bK2nZOwjBAJVhGe2eFjmsM+v6e+F0FOD7CvjB4CiGJpJjeN1YxtB5QqmDSRKxuUlmtx3Iqx41BN4kZOk8haOgnbNG143yFXuiZNHjHKiUk0tFU+FnyE8KYChmLNDNDnDgOEJji3spcDmSMGNwQk6mw4FoVGpLciO8kEZanag8cIpYCMJsTdLjlWNjDAPQU1zfdTC0ObgBRjE5p3V9kcEiO5vuqe72iOric9jRrCv3RHZAcwnulCrqvljtZhaGvmttQaecHRnG60zXNe0OB2cMhDudnp6lxeW4JVNS1M9DIaaZrnsadt9woc/bPTycH0XUsWtvGVT1lNjLgFax1bJAABlNmjBGrTn81AbPvRnHHBLSEyZjZGjIyFOrqTDjKFCA05BKYuzmaiv0Z282cHM9O3jkLMVNI5u2nC9DlZlpHsqGvt2rOBgp0o5R5bX+MjNOUEZHxHQuGQifM8bI1fQOa7IHHuq8l0fIzhB0eXsnbpZ7Wi2oq2SmkbLES0jst30r1q+OYQVTyWnYgnheYMqsYA7KQyudE4SM5Ch1PHeXeklubPoqiuFNWt1QSA+ykLyLpvq/wADQXSYI2O69Htt8iuEYdGQSOQgwz6P47zGn10MxfJaloQiz2ThJ4gGycDoIOFMHWi1LohyQkblv7qOBvwrRwa9vCivhGdm4/NF2VZWmBEYIyhuia7lG0e+EPT7ozFOrBVXG3RTAjCzFys2lpkhPmbvtytxLGHDBGVCkoRICCAPdEpNHM1WhjesMyNvu7qcCGqBOnupV0stJdoPmqZzWPIzxyVIu1jbNGZImhrxuqekulRapfDkaSAcELRXbg87fpJVx+O7r9lHU0k9EdFSzB7ItrutTQziSI8dsrX1ENvv9KRGG+IBnjcLK3KxVFv82CW+oW+u45FujnD74cx/ZsbT1JDch4Ep0vxwe6mVFLnfbdeb0800LxI12CNwVp7T1LLqENS4EHglbIW54ZkkslzBWy22YMkBMZV5T1FPXs/lSBrvQqrfHBXQ5bg59OyhNZPbZRLGSW53WlPIt1tGhfHKx2l/HqolwttNURgvYN+4UqhutPcm+DINL8JSxTU7yD5h7pgh15MlW0DqA+JC92M/orC1XlsmKepwHcZJ5V18tT1g0vaAfsqO8dOOYPEgGD2IRmeash+BaOptR1RHY8IbvEiOJB+aoLZeKm3T+BVuc6PjfstNDJT3BmqKRp9spuFjAddsbVtz9xAqaZtS3LNId6qqrLVI1vIJV3PC+F2NJ/JdLS5vbPuhda7KnTGX5Iw9bZ6hx2GRhUdTQte8tA0uaf3XpFTEMg4VLc+nY6zM0DgyTHHqs86YyMN2n2vMTK0sdTTgeIPKpPkkGXMBTZYq2heWTRFzAe4yE+MskGuI/lnhZp1pcMyyi1yiBVW57SZIfp5x6KEJ3NcGkcLRtLR5JG7qFWWhs5dLAcE8jskulR6AjP1JkEOEzRnuo1TSbF4SkZUU7sPDgAjw1LDhryT7oHDIyP8AYq3kxHSRunxycbZwrGWiin3GlQKijkpzk/QeCglHb0HKW7gmU9e5hA1ABWcVXFI1o17lZjcHOUWKoc3BaihZ+xc6c9GpMAlGsITYnRkqtorxKzDXvwCrVtXFK0evqtHDQh1Sh2cGl2zgmyW+Gdhy0ElEfCeV2J7o8DGUtxyBG1p8FNU2l8TsxsOFFkpntGC1akgSBRpqEPGw3KW60xsdQ28MzbGyRuy3YqVBXaSBM77KTPbpWu3bsoFRSvz9KzzqOhp9Zs5iy2iqYZQNL+UVzct5Wda18fBIU+C6PjjDJWaiNgVmlVg7mn8jl7Zk3Sc8LpYAF2KeGZuY5AD6HlFIwM5S2sHShdGb+0iOGcqO6ljfy1TSzchMLN+EsNxTXKK6S3wEZaN1FdSVDeGZCuHN900tz3TY2yiZrNJXYuUVHiTRnD2EJwroTsTurF8IdyFHfQU73Fzoxn2CdDVzTOZd45v8DkdRkAjui63E51FQpbcQcRyOA7DPCYBWwnQTqb91sr1v/OYJ6GyBaR1ckJGkqRFd3h2CSPsVSfMuaMSDCfHMwkFr1sWri1lGO3T+pI2NJ1FJGxoEnHoVe2/rivpNJiqpRj0eQvOI5QcYJCkx1rmjcFNq1CkYLdBVPtHt9l+MlzpXAzxx1DQMYed1rrf8W+nq1zY6hron/iHYL5nbcHDkqXT1gccjlN+ZZ5Odf4WmfKR9aUfUFhr4hLS10bg7tnfKkiRkw8hDgfTdfJ8F6rKTaGRwz7laWyfEi927Rmtdgcgk7o855OTd4iS/BnvtVQwSOy6njPrloVHcejaGqBmp2iKQ7+XhY2h+MUpfqq4IpW+gdpK1dq+IdnuQaGuEbnf1FR4Mk9LfQ+itqekK6mj1wODnDsFWNivtJLpEDxj07rex3yimy1kzSfZcGioJOxQlfNJ8TRjB1AYhoqoHahzthSqe7W2sAbJKGZ/C9XlXaaSV+t8Dc/ZU9V0rTSSF0bcA+iZGW0LfX64Cihs8484jdn2Tv9kbNUbmnicD/hyqSTpevbnwa+Ro7AbKM+29VUrh4Fa4j3cVeV+hmZS/CReVXwzslWP7lrc9wMKvk+C1E7DqW5TRk77uOFHbcOuKLDvB8YD7lSY+vOpKbArLW849GlAoQf5IJfyo/hJA3fB3qGJuqgvDXY7GQlRH/D34h0ZJZUtkA/xlXMHxWkhIFRb6hh/5VY0/xithIEjJm/cKNVem0V8mqX5JMx8vT3xBptnUrZMepyohi61p95bPIQPRuV6VF8XOnH41zEH/ABYVhB8T+lJ8NNREPuQijGt9SYbvvS/20eQPut8gOKq1yRHndmEI9Q1rDiWlmb/4V7hD1f0jUjDq2kAPIOEc1Hw/qRlxon59mqbX6FfyMfnX/wBjwr/aScciRqeOpyACZ3DPbK9qmt/w8n2MFMfsAoE/Snw+qB/2eEemMKYn6YS1VXuDPKouqSDkVLv1U2HrENHmqXAf8y3U/QPQ0x8p0fY4UOf4YdGyjyzPH/jVP5P+Yt3aeXcWZyPrqnaP+2OyP8S6z4hMBx84ftlXMvwl6YOwq5B+aiP+DvTR3ZcZ8+7ley/0wk9G+8oCz4gRHH8933ypLevnkDTWn9VFf8HLODll2nHtqQZPhHRDZt0k/NxVr+Qi8aJlmfiDI3/4wn80WP4hlvNRn81np/hZCzi4uIH+IqM/4bxD/wCPOP8AmKrffnkio0T6Zqv/AGjgO/vv3Tz8SBox4v8A9UsWfh3Dwa93/nKC/wCHUWkn+IO/85U32/otafR/s2D/AIkjJxP/APVIJ+I5Jx4ufzWKk+HrA44r3f8AnKju6Dkbk/xMgfdTdY+0Mjo9K+UzcVHxHc0eSY8euVXS/Eepk+iUn81k39IPZsLlnHqSgu6cmiGfmWY9VTlP9GiOj05oqn4g1zttZ49VXS9Y1jgSakjP5qodaS06XSZ98pCzxZ/vP3S5Sx2OWl06JcnVU0uQahztlXyXeV5P8126P/DKFoyZhlC8K3x/jzj3QOQ2MKY/iiO+sq38PKjPdVyHd6sTJQtBwwn81FkqI3nEMZ27K85L4iRflql+P5Q+64abAy86VMHz7too8ArrbTcKgjxAoMjbFdla9kPaQZQjpHCvGdNv+pzVOi6fjaBkjKop6mEXwzKhrnbNaSSl/D6t/wDwzgrZR2aJn4AiNoHg7YACiL/mfoxbbHVOOS0qS3p+oIGW5WzbROxy1d+UeN9QUAlrZvoy0fTTNILgMlTaewxN5Y381duiAxkIgjAx7KGeWrskyobZYQdomZ+6eyzhh1eUYVmHNAzhNMrQMZ/ZTIt6iUuGQ202jYgbIobjvhPdgbkphdjsrCUpTCFuO65pzwVHdUYz5VFkuLI9nPLPuglPb2aqqJy/GLZYSPDMZKFJK1nuqae90zXeafJUCo6haTpZG4j1ykz1Nce2dGjxWou/pwaCWqIHYKFLWMaPMcBZ2a71Lz5XYUV9TO45e8nKTLXQXR1KPp+b/wBw0b7rCM5kVfPdCRiGThVO5KaGu7bLBbr5/wBJ1dP4KmqW7GSY6vme7DznKEXPfud/zTAz1RQ0AbFZJ6idn5HXr0ChzFHCTwn990t07Le5Wedpqjp/2NyAkCeyWWjukXDtulSt4NMKdoQnO57LmWoXjDO4S8YeiRK00KOCRkLoeG8BRwXOO2clEbSVTnY0oHYaK4SfSHOnxthNM3ZS2WqoeMlqkwWSJuHP5VOZpWmnMqzISntBccAHKv4rdStAywFSI6ekiJc1gyPZLcx0dE/6jPR26slIDIuVPhsNSQHSlrQrR07R5WgBDllcN9/1QuaNEdLXD+4Jlsp48ZIJCltbTQ6S2NpPqoYlc84aCcKRTW26V8gjgpifugz/AHNddT/+mhz52gYa0KO+p0+UrRW/oG9VMumcCJn9RKvaP4bW+KYSXCo8QN43KCUsG6rRX2dowA1zuw1uo9gpdL09eKjdtLgHuvT6Sx2K3yF9LSNc7GMuGcKYWA40sDQNtgh3s3V+HU+bGzB0PQLi1slXUNBO+kDKvKLpW10ZDjCHuHchX72Njbqe4NHOSVW1t6oKVnknbM87BrNzlDJ7jbXoKNP0uSRFBDCA2KNrQPQIdbc4aAfzHgE9sqqim6gvmY6el+Xa3l5GlWFH0YyRuu71fjPPvwhGqtyf2FVU9S1kx0W1utx7JtFYbzcZBPVvLAdyHFagN6ftTxHTMjJaMZDVHqL2ZMtpmloHfCJPIWxr8hlN09SU41TEOI74Rpqi3UTQIsbKDJLWTbOk29EN0IfjWeOUwJzSXA6oupeS2nbnKieHVzO1P4P5qQ4UkA2O6iVF0bEMNdpHZUZbLk3yx5pM7uxt6ockkFNjWQPsqiuvuDgyn8iqCvvjD/xHfqo3gxW6uEDTVl+ZEC2I4AWeufUE7sg4IKz1bfM50P3VXNV1FR9ROFHM5Wp1zf4stKy5+I7POQoPjOccdkFjTnc5T9IQrk5lmolP8g4IIzlNLjwh5PqnK0sid53Ls5yitd2KCmTytZynKAqVpKLgO4UWpqiOyiyVzYwck+26r5qqSc6Sdle1szW3+kHqq5xOxHCgiZ8pwU8U73+YosUIY4bI4xwYpTlJ8ihhzuQpMcI5A4RGRAAY2T8sjBLuydgFv9gywj2TSABkkKLWXmngBaHAk8bqknuFbVu8mzVG2hE7UuIk+tu5jcWw9tvuVXOkqax2ZCUSCme/BkG6saenaMbKorkzuUp9kKGhzjLcKfBSCMg4/dSWxNaE7UBvx+acopAqSj2cEbRwmy1McQ3eMqFU3I6iyHgbZVfLK6U5ccq21gXZYSKyvkd5Q7y+ygveXnJO6IQhh2c7JLM0ps64N5KF42TpwnEOPGyb4ODkBUIbcmcOTuhmR/CkeGcbDKe2nAOcKEcZMANWxI5RGMJACkCIADypaWjsoNjH9jGxt5wnYAC74g4TVAlJI4Sc4XUk9QFzGJ+nG+EkxMS3E3Y7Eukk8riSPYBKY0n1XNTfVcJA5KjlxzyUagZpWMOeFGOolEyVzARJCpT3DUkkksjeTrkORwxyF1zh6qK9xygkw4xycfIS/AGURjNslMawbEhHJAAACGOWE3t4RzSPRdSSTFFsW1kckThdAJOAvc/hF/ZkvPWnhXjqkut1recs2xJM31YtNOnndNRSMWs19Hj4fJqHhf8AmeYdCfDzqz4g1wo7BbXSjGXSfhYP8R7d19ifDD+z50r8PBHX17IrneGYJmcMtZ9mlbzprpWxdF24WywUMVPE0YBDfMfue6sWyHPC71GhjT0fPPLee1Gue2v7Yf29/wCQ3ictxzsmaS7fC7p2Tm54C6EIYOBnB0DC6OcJsssMLNczwxo7lRsXC4vNNR0xbEcZmdsMeyYD2Eqq1kDzFTsfO/sGtyEehsBrJPn7pqIf9MIOAPyVhQWptFEG7F/cqa0HGN/shFN4PgvT7pafddSXawe/HpJJIQxJJJKEEkkkoQYkkkgIPQ+2URD/AApMuiHHclCLSBk8IpUOvqxFTOzscHCw2vCyFGO54Mrf6oTVmhh2YCoDNhumyvMkjnk5yU9oXEveZZO5V9kEh5IxygEkkgpwJPJSjHiStjxs5Uuws45Cupy2l8TH1cKbTtENCcj6k+8s8OaloYgMaBldrBpjZG0YDRwmpCHLKIPJykukYXEOC0PSSSUDEkkkoQSa05wSMrrk1vZElkg9/GM4TPD9117S7hda3T3QlnU9MT1Cgc+MjCLTtI3UeXJe1TYG4aDhWlkCwchnhEPKGeEQMVkhycpLs31LiWPQ6PulIlH3TZgTwpLop9gHcobOyeeU1mxWb2MDsIDeFynyagEj1TtmtSjOk5AWiPRXaHTf3hHYJg3OAml+okItvhdLUjuAlWMuENzwjWdL0oaA9zd8LTAYCgWOnEcTSW9lYOdscBYLWz6BoKvioUQWXHhW1ubpi1Eb4VdCAXjKtW4YwYSprJ19PDnLASyOkk85zg8KzjAZAMDkZVQAXS/cq0fNphaNKUba3h5ItVNpjcR2UalJezxCMZK7WPL9gOUWmj8KJrT91TGKTlLIen+rjKv7VC7Ik07Acqmpm6nDutNCGwwhjfTdZ7Ozq6RZjkHWStBx6hZK4v8AEnO/CvblMdRAznCzdSQXk5S1AvUTwOoRioatlE3RTj7LH20H5gbLZEYgaFJrA/RLhsltGmhzjclW1HGY6EF222VXaC6mjYBzhXM+mCjbGRvhKN64RUXN+mnc/wBV5/W1AfVEbeVbW9zYpDtwvNpZDJVyOymw5OL5K7C2llF/NqmOHBUq8nVCyMc5UW1NMlU1qdd3ObUgE5GMYTH0cnf/AKTYa1sGppx3V4N9lT2rDW6yMnsraN+ojbuufqXiOTtaCP2JGptMemAE7ZCPcZfBt0hBG/dDohmljA9EHqJ3hWrR3JXBtlveT0lUdsMHldyme+ol1+Yudz+a9I6VgENqjIbyF5vPGZrgImjOp3+q9btNMaa3QwvG4aCslr4wHpI/6m4nUIzUNCvodsbKptkWZtZ4wrho9FzreWdurPZX9TzFlmkAHIKy/TBxK53+EK160mcIIYGuwC7LvdQrTCyOj1t2Odyio7JZMpOopvEumkDbChxNGpuDwV24SiorZJWnYEtCbRNLpm7911K45RyLXmzJpojsw5HCqeo6wNaymG7j2U9uxGSqO8nxa1u24AwpKOBjliGDQdPQiKJriPRaeAZIcAqCz07mQM1cndaWlbho2yuZqTraSOa0Td/BG/ZV1YdIJz2Oynahp04VHfKk08bgPRYjXYtsMmYpz8zeSCBs7/VegiINY0AbYWJ6TgbNdHyyNznzBbxseTseEq2W2WBem5W413TMOihzjclWM7Tp2QLNF4dA3bCLO4uIYDyuHfPMzoRaSDWyIYMpG6sWcqNTt0xAAYUlnKyWMtrIYcImQOEMcJ6WTAVJNSUJ0OXc4XEkBB6SSShBJJJKEGJJJKEEmEZT01QsYmEkDZPTCoEZ3qBorK+goA3UGyiocM7Bo5z+auWEFxwNuyo7e5tZe625Bp8OAto2Z/wjU793FXAdudkfQPRKBGE1NyU9v1AeqIJckiMNDRhJ/wBK4x2BjCU5xEd90ZCM/VnbhMLidiUfy6fyUc8n7qEEkkljOyhAVyqRS0NRPsRHE5x39AvO/giD/sOyUj+9qpn/ALha7rao+U6OvlSDuygmwfQ6Vm/hJTGl+H9q2/vWPk/V5TIGabxbtNooVaNXyzT3rIe/+JTAcqurstnogCd6lv7KxvT4Lc8IR5Rn4DnfcoLu6tGiAGocQ049ClRnFEw45JKbPtDN7sIRacYpYR6NAKAkxJ6YnohZX3rHymPVwCfDgRMb6BAvf9zEPWUBFZkAD0COKzyXJtEkADuqXqWUAwQDu9Wj8nuqG85lu0MHIa3WU+EOQUGo4xq32VJcHeP1VEzRkRQ8591ds2cN+6oWfzOqJnZzojAXQpgBN44LeoPYcLOdTu1CnjxvytA9uTueFkb1M+a7NDnbMGAF2tBDNiObrJf6bIoacgIV4cIbLVOON2H/ACUvHmx3Cp+s5TT9O1JzuRgL2Ojf3pHk/KPbp5SPIclznEnkoLuQPXCJHuM+yFJxz7LvuOIHyybzLLPYOiYfCsMRI5OVexjVsqrpcAWOkx3YFbNGO6wX9n0nxq20Qj/Yc8ENIB5ToPLGD6Icp22Tg/ERwOAlxRvsfBSkumvuceVjSSpsrsAn1USibmunmJ2A/dSHyaSCOy3Uo8rq5ffwebfFOs0UejYc7Lzih/uAfVbL4sVQknEQ4KyNO0NhYB6Beu0MXGtM+GfVFvya+SZsenYwIXP09tirjlpKg2RgbQMON+6luf8AyX7Lv1RW3J4K782SbbGH1YJ335Vr1FKRReFxlQunmNfMSRnGFJ6pcC4RA744UBZHs7fDpiSOU+KTTOZT6J1MRBQZI3IUR8miJ8n9IJSm8LIOG3hmK6ufDdJ6hh3DRgexWDpmujm8M9tlqJKttTVVDvc/5qhmj8OoLgO5XE1L3WZPQaJuFewi1jDDVHScNwhSx+IzUFPqYmy04kHIKhAgNIKySWTfGWGVlTH/AIeECMEO3VhOzOSd9lXvjIOQFnksPJoTRKjxtkooaDkFRI8g4ypLT5U2LUkF/cY5mQSow8ryPdSnclCdHtwly7DjLaw0DtfJXZIzp5UWJ2l43Vi0B7QQlNZN9MlYsFTUxYdkDCkUcvk0o1RBr3AUENMDtx+itPYS2vHJKqY8s1jGyjkeyMyYOaW85QpBhW3kzYOsOcJ53QIjuUQHKVLlGipiAx3Wq6cqZCxnn3Cyp2Vt09UCOp0uOxIWWSwz0HjLfjuiezdK1ksNfEGnZ+Mr01wLKlr8/UAvILbI6N0MkbsEYIK9doNVVbIZpDl+kbpco5PrHjrE4qJKrQ3wRp/NZa+02qN5I4C1IYXtwd9lV3SBpZJqHZAdK2O6G08xj+tw9CVZW7UyoY9rsbhRa6AR1kgZsAc4T4HubxyiOBXmFjX6NtFuM+qFO3S7VhK0PNTStc7kAZUmohDoyzGCVTn6OvDlZIUjRI0LyX4lW+d85nI8oC9dY3QDnsFjeu7eaijMg25WzTM839QaT+Rppr9Hkdgfqc4Yxup1Y3MirKYvoqsdgTgq6qGeI0PaN8LsUs+O6yhqtkaBxikDweDle59JVz6u0xOcc7D/ACXhTSD3XpfwzuUs0clE9+RHuFvqPG+Rq3QybnqWMT24PcN49wQrbp2sZW22MtO7AGn7pngtqrfIyQAktICrejZxTzVFtlGJGuJ+4Wk88+Y/4NRpz2QzGMcKTgJmAoZskGSPbhQqhgB4VvJGCM91XzRaj6KmHCWDNXSjy0uA9Vk6lmhxyO69DqafUCCOyxt0pCNRDdwcrPZHJ0dPYYe/UoDS8N3zkLPv+krZ3OAywkAcLJ1MboX6XDlZZLB3dLblYK92WuUyknJ2UWfY5TYZQ124QG9x3otXgOHChzN23ClQPD24TKlu+wUEr7GV7t8gKO9pIOyl43IKC4AZSpxyaoSyskEEsf8AmrCF5IbvlRJmDOydTPGdyk4w+QpLcWkZyAUeMlpQI3DA3Rmd91Nm4QpSqluiTYKjwy0n1XoPSvUkUzflJ5M4wASV5secqZRVPgO22+yyX6fPR7b6f8/bRNQmz2staQCDseChPYcYysz011CKlvy1U/GNgcrTxku3G47Fcude1n1/SaqGrr3RK6voI6uMxys54PoshXW6S3znLTpPB9V6E9ocBkKrudBHVxGKRvPB9EkuyvJgpW54VpZq2SNvhPOQeFCuFHNQTGORpx2KA1zgNTSQg4ERm62beA+MzUSE58eRjhUNmub34ppj9ir9AdCE42RTRCqYA4cKiroBnjlaabjGOVW1lJ4sfl2cDlUJtryZ0ao3bjlSGyBwGyU0BH1BAbkHc8dk+MsGCyDiSSMqPU0jaqIxuPPBRWvA2T8hNjLBz761NFBGzXHLb5/du/8AmsjXUVTZq5r9wxztiF6BcqUPZ8xGMSN3yO6q7hAy82x7dAE0Y1A905SPOarTOLyg9qrW1VKx4IJxgqeXB7dlirHUzW+q+UqMgO2GVsY9xytdMslUWyktkhkoIJCq6yNwGcK4lbnCiVMQfEWgcrUDqYucdpn3gA8KBVNLhnSrOcaDgBRy0EHZPisnlNXXjMSjmaQ7GMJrVLq4x2UMO3KNRwcayOOCRFyVKadTcAKJFk52UuLbcq3DcjLLKNZ0jehE4Uc78DOBlegRbgH1GV4yyV0ThIwkEL03pW8MulAzUR4kbcO35wsN9TyfRPpTy+6C0tnfo0sJOApDmhzMFRoT9I+6ltOQsslg+i1PIBkYBxjZDrKHW3xYxgjdS9GN09rCeRylGnZkBbKo4ETjuFcsw9oOVST0ropBNGNxuQrGkqA7GpWOrWCQYyOyYY9lLDQ5uwQTtn3VYHg2HBwQlIwHkJw2OU9uJNgFCNfsjFjeMIL4sDKnmB39P7oRaeFCbCqnj1DACprhbQ52sDc+60zqYP3USopSSMhWZrq96MjHMaeXQRjBIVmycSNGy7crcx+Xjyu9lTwTSUsvhvOQp2cyUXX2T6iMPbjHZU1VCYzsFdeO12QByFHqKUTNOyYome6Cmijb59sJlRStLfupU0DoX5xsELWXHSiObdTgz1fbwc7LOXC3mPJAW9qaYOwcdlS11OxwxhFGOTznkNDG7LZh3ROa7SQutzgZV3W28bua1VD43McQQrccHkdRRKqWJDmnHBwtP05fKpgEQnIczgg4OFk39kSmmkheJI3EEIFArSauelnmLPaLP1LK4tjqHj7+q09NWR1AGHDK8YoLsZ4QRs5vKvrV1TLQyASlz2I/jyj3HjfqqEcV2s9TBymuZnAyqS29SUda0Bsu/oTur2ECYZacgpUoNHudNqYaqCnB5QJ0WN8ILmb44U50e2PVR/A3zwqb29jJLPZFMRTDGMcqcYwBhAMe+6i5Eyq3EF8LCd2qjuliiqCXhoytRJAQAQossRLcYRqWDHqdNGyO2R56YKu0TiWLUG547K7oLrS3JppaxrQXDYlWtbbm1UZjeweyy90sNRTnXT5/JPjdg4F2nlp/t7j+ht46aex7pKUeU7hZ0tlgkMcgwQtZauo/DYKO4DJb5dRU25dNQXFnzdIWnUM7LXXd+ziajSRsnmsz9jvE1JOGySExnsStdHV0tYzAcDlYWrtdXRSHLHABEt9xlpJgHk4zut9d2OzBOvb9rNPM19HN4kbiMHOVe2y+RVbBBUY1cZKoYKuCtBY0ZwN90CoppYSJYjx6crZG5CLK8RybGakGfFhJHfZMjqfFHgygbbEEKtsl/EhFLVHBxgE91b1FEJf5sLgDym71IRt+3JVXGxUlRk6cE+yzpjq7RUO8PWGg7HsVqfmpIJvCqwcHYO7I0kMFTHpkY1zSmLJnnUk90FhkS3XGC4xBr9IkAwQe6JUU/hHLQd1U1diqKZ5nopCW5zpBwQpVuvT34pqwA428w3CZjIW/P58BfDbKNLhgqvqWS0rtRblhP6K4lp2j+ZCcjnYrjSJGaCG++QhlHBcqsrJRSR0tYzTIwZWVvFgqba41dI8ujJ3Dey3dbagWeNTjDhuQO6rnPezLJWbdwQkSr3GK2hsx9HXxzkQTtAPGVYeB4RDmOyDwE6+dPR1LDVUDQyVu5DeCqSir5YZflqsuBG3m7INuDnW1MuJqKCqYQ+MByoa+zuiJdE049loIZQdxvlSQGuH0pU61Loy/JKt4MOwzxOw4bDlWDXwVUQjkIyVZ19nZMXSRYBPZUT6WWllIkaQOyRKDQ6NyfTB1Nrc3L4cEeirsaSQdldwVDo99/spUlFQXOPfTFIO+MJbr9jVe499GawM5UiKrkgI0nhEq7ZVUZOWamf1N3UUnO3oiXA+Mlb2W1PdScCY/ZWkUkVQBg4WWPr6KRS1kkRw0qlMRZUl+KNOIJWjMbchda8tPmGCq+iu4GBM7ZWTJKWpb5cEo19xklCS7Q5zWStAOMKJPbmPGxwpToJeY2EhJr3M2e3CJ1ZFwscHlFLNayDkNVfPSGPbHK1WGP2ICE+jjlGSwHKRKo0Q1TX5GUaHsdqA3CkwXCT6ZTsrKptZP90zb1VZPb3tOMYWWyn9G6rWuLTiydFUQy/TIM91IMOwPqs+WuYcjYo9Nc6mDynztHYrO62d7S+U3YhYWhZnuuaR/V+ybBcKWpGD5HehRmlsn07peDrQ1Fc/xYHwz6JpiIG7dvupTYxjhIs9lQ9JEIxhMcwYIUvR6BDLMb+qXNZYqUU+yvfSRPPmb+6jvt8WPIDk+6tfDym+Fp5CNWOAmzSV2eindFVwu8g2ThLOB/MGVaOYXbY2Q5aZrm7s/dNhqZZyjBd4xdxK9tW0HSdsooqJAAWSYAXH0TC7yt/dCNLKfoB/Vaoap+zm26CUX0S2XKZmzjkBSI7jE/knP3Va2nqBnMaTYSORutMNZJcGOek2+i2FRrGWO37IlPXXamkEkRcAOMKpY5zeEQXGrGG54Wr58rkzT06/RrLf1xdKKcSGR2Ry0laul+L9YzSJ42MH+ELy+O5RkDx2tz6oplpZgCJAPbCON0THPQU2flE9qtPxat88zY6qdo1dnBail67sczsCobkr5sAYHYGE500seA17t/dH8yMV3h6p9cH1NB1DaKlupkrCPyRfmKSrOICwkL5ZZe7nSEOgqZBn/ABFWFJ131RSPD4a9wx21cq/lRkn4Sa/22fTOkgaTHj7BA8GF5/mRgrwql+MHVEZHj6HtHKu6P44zDAmo2ZHOG5RK+Bll4vV19YZ6zJQ29zcOpI3fdoUGWxWWb++oIvvpCxtP8bLFK0Cpo52O7kDZWFP8VekZt5/Gbn2VxnB9iZaTWLtFtN0r0zJ/8NEP/CokvQ/Tj/7uJrT7BOj+InREnFSBn1KOzrHpB5wKzGfUolKt9MBV6uPeSvf0FanO/lyFv2JXP/Z9SNGY7hKM+rir2LqHpWYZZc4wfujNuVkn/urrT/8AmRbkRfN0Zt3Qkg+i5Sf+coD+hrido7u8f+IrYiS3fguEZ+zsp2um7VAd+amUCrbUYaTou/N3jvL/AM3OQT0v1RGMR3h//mK35LOzx+q61rHHG5CpsL+RYvR546wdYZx/HHf+YrhsPV7d/wCNuP5lekimpiN2b/dd+WpBv4RKHGfYL1c0+Yr/ALHmLrZ1m0EC7vP/AIihG09dE/8AzxJH/OV6mY6QbeAgn5EEgxH9UUcrjI1anjmK/wCx5mLb1qBh1c4/+IlCdaurnfVXOI+5XqGqgO2goZioucK5JyJ/Jf8ATFHmLrP1Keat2fuUjZuonbGsd+pXpRNENtCDJHRNbqBCHayfyp/8q/7Hnf8AAOoXb/Ou/UpfwO/jmqJ/MrevDR9G4HuobyCMZUaYUdRNmN/g96/FUApSWK6PGHTBamRuD7KPLUx6tJfjCW8sNXzRlZOn7iT/AHoTHWC4d5BhawyQ934/JBkqYuA7KXhjY6mZmP8AZyoP1Y/Vdb000HLwAfur/W7slrJ5wVXIxaiZSNsMbeAEeG1xRHPhtKssj0TdY9P3Rvgjsm+WRxTRAYEQRWsx24XXzwxY8R4CbJcaFo+tWRbp8JHS3gprmNIwoz7/AGyLcyg4UZ/Vtvb9Ij/RDwRaeyXosfDAS0tHcKhqet6VuwdEB/yqqqeuYARh0R/JU2o9sfHRXT6RtNTf6gkHNOwcF58/4gu1Oa2maQO+FGqes62YfyGBo/RLd1a7Zoq8VqLPR6O8tAzqCiTVjIxlxAA915rJ1HdJeZSNscqPPW3CZul9S4g+hSnq60dGj6fuk+T0Sa+UbD9fCgy9T0TOXEFYSP5gkfzHH80dlPI7Gp5P5pEtbjo7NH03Wv8AcRppuq4wDpBeoE/U9VNkMbpVV8q7GAESCn9RhZ56+b4R1aPCaevlIM+7XR+f94wCo5lqZM+NKXZOeVI8AemU10TQcYWSzU2S9nWp0FUPxRHwU/STsnhm/CI1gIWd2t9mr4Yx9ADGRyF0Nz3RyzPdd8MjulysTLVa/QwMJ5XdLR3CcfT1XPAeUp2tGmunPSHAY2C4XADI3T2U7jkY5T2UTgcnZKlaOjp5vpERzzxhLVP+CPKs20LTjU1FZSBpGBhLdo+Ghk+yo8GdxGWYUmOglcPO3ZWhhAwcIuRjCTK7JthoYx7K1tqidguG6lMtlOwbtR9Qj3xldFTn6QChU89miNFcTsVFTNwdCM1rYx5CPZKKjuNUR4FI532VpSdHdQVLRijkZn12UybK6W+K4Mr/ABPZDdUY4GVsrd8Jquo0yXCufHkZLQVoaT4YdO0zR41TM4990DtwbqvG6i31g8pM88hAjIGdlOorLd6/aCAuB74XsVJZrJawG0NGxpaMasblSvEDjswZ+yV8uDZX4Td/us8wt3w7vdY/FS5sDP6iVdUnwso2nNZXvd9nraBxefKU80c8oBGQPVC57mb6fGaWrtZKml6a6ft0YiZTwOx3IySpgjposNpKeMH/AAgBElNro2l1fVRsx2LlV1nVtgpmn5KOaeTOA2NmpEmzV8dNP4osSy4Sf3TDpHJ5Tvlw7AnePfOyz3+0fVdzaYbbbxSsPLnjBQT0xc60+NdrtLGXchj8BQH5OeC0uHUHTdpc4GqZM/gNj8xVU/qa71rHCz2vSx3L5W/5KfT2Hpe2N8aVkU0ntuc+u6l/xMaBHRUelo4AAUJL5J+yiZ09d61wmuFxIa7d0YOB9lZ09v6dtbvGEQdJj8R1YTnx3WufpkaY4+c//MXH0Vupt6t5cf8AmUA/H8jrry5ziykZpCB4VzqjiWUsafdGdd7XTsDYadriOFAq75I4jwmaB/ko0R2qKJTbc2E6pHZ9+U6SejibhpBd9lUVF5GjEs/5KirOoqKM4L8FQy26yuPbNLNWvBJaQG/ZV9RdWNaR4/5YWSrupj+CfbCoK3qN7tvGRnL1HlK4cGyrr7Gw/wB4Tss/X9RR95HLMT3mpmPlJPuo4lllP8zdQ49/k3N/YXFVe2yjyuJKrJJppSCXHBSjY3uE5hY0cbqmsnPnqZzf3DWxk4JajNY0NCCZN0hzglMURTuD68cBdyUwRn0S39eFSgwfmCfknFwHcKO+fRthRZqnZNjHAqVqRNlqWsyAQq6pqi7YboEkj3nk4XWRHnlMijNO5jH6pDlwRI4sEZCOxjQOE4M9ESSEtuXZxrRgDCI6PYOQZJmxbkqtrLy7ZtOMkdlTFu2MeyfU3GOjGH7KoqbvJVNMLJMA8/ZQZWVVVN4k5/LPClw0nGwCNcmedrlwiOyhY8h0mSfup0FLpwG7KTFTYA8vHujN0R7nsjURTWOWMjiDdy1G0hg2UaorI2jEaq5a2d5xq2UFytS4LWprQ3IaeFWvq5pMtLiAmNe527uUgAOO6MTKzcJJdwUsFKkmDyxun3XAwDjupGCcFdDN+eVTiUwAaCcJ4i9kYM3BwkdIbtuVHHBaiMEYXQ3HcJjnhucIJJPb91EinJRJZewDYhRXuc5caD3cntb3Vi3PINoJ5RtGwOF3DeycHAd1CZGJJJrnDHKPaC54C7AHcILiBk5TC8EndMcT6quhMrH6HGYj8KaZsjGExq7gIxbsfTOklcQkkzAIkklwuAVt4IdQnSZ2wmulwcYQ+6RJhxiOLiSmAHKcOU8AYQpZGdHRwupJBsjjhjNSbCDl0hRxaDozobqTr27ss3TVukqp3buwPKxvqSvWfhL/AGWr91f4N56wzarVISY2uyJpm+rR2X1j0z0h050PbhaOm7fHTU7cZOMyPI4LnfiXS0uklLmXB5jyn1Pp9JF16fEp/wDl/wDtPLfhf/Zu6b6Ma2u6lZHdbo3BY7J8KI75wO5O36L2N0hjxjBTpJMDA7oOCTuuxTUqej59qtZdrZ/JdJtiL3SEZ2Ro2DGUxjBjK5LPT0rPEneWt9QtSmujI3xgk6fdAkqY48NiIfKfw42Qv94uILKZrmM/rdtlWFJb4qYAkBzx3Ri2yLFZzWTtrbiS5pG0P4P0V5FiMaWjDQScIQOdgU/UGgkkD7lEESQM8lUHUPVEFsheylcHTn6d1VdQ9XkPdSUB3bkOcsXMH1Ehkke4uO+5VJYGRq3Hzskkku0e5GJJJKBiSSSUIPT0kxAQYkkkgIFJGOUE8n3SBOeSh8pFksEHkchUF/kLIdI75V8SADlY6+1j5akx9hthczVT2wZq0lW+zJUMyXcKRsGhNYBhMkPC5PPbOs1jg6cO2B4RGHw5WyYzp3SjaSnyjTsokLb3EiAyVdaaiTcY234T6p51kZyBsF2jZ4VNqdyQhOAOXHunxWEL7BP+opqc/wCopqvAYkkkkIQkkklCCT0xE0+6oh1vCbkEnBXDwUOLOoZQl4DNBynO2buusAODhcqSC3AKrIDlgjsBklAA7qyaAG49FCpWHUSpY4KJSwDY8idyUFxG+6e7uo0me6IkXyDccuSQ8nUpDPpCWhqfB1MkI04BTnfSfsors7nKqTwiHHcpsY8ya47lEgCQnljB830brrOMLk43ATiQ1iYyhuMlWNkjBqCqtpyStL09TgNEg2cTuT6LPNnQ8dT8t6TNhbmgUrccoz8ADKbTgNY0NaQD6rk5wQsdkss9/TDHASlB1A+qsJnYAGVDpRu0lGqN5TjjChvglFD6ZoMoceylyuGgbKLQtLg45zhGm4wD3Sx0XiOCBI4ukypw+hv2UOJmuTfsVOjGcJbGVywTbUwmoGRlX7wdgqyysHjZxnKsK6Qhnk2yVnn2dqh7KynuhLQ9w91nXuLirG5yyEOGvdVsuHNHZT0Zr5ZZb9OMa6r87c+i08wxPHCOHKn6VgaWGRw3A2OFd07RLWAnfBAHskzlk6WkWIFxC0NkhZ/SQpd4OlsYG2RhNpomuriCNgMqLep3+Ng8A7JcXuZtsxGtsyvVVVJFA5rXADTssO07lxO55Wm60nPhjAxlZeLy4PK1QhweQ8jfuswXlkZhz5Tw0coFxm11YGPdTLU0Gnf7lVswElfuc4KJoyr7oKJcUe0I25VnQBj5mtdg/mq6MARtwNlNtALq+MHcLl62W2B6TQLDSNrTZ8NocMduFV9UzFtMKf1Vw3bCoeqTlo37FedlLcem6jkw9qi8e/MDhnDl60PpH2XmfR1JJWXqSRo2jO69NxhZL2+h3j45Tl+yytjcQ6u6sIAS7B9VEoBinAU1m3CwyfJ14LHRkesnl9XFAOTghcjaaa1ua7ktz+Sr71NJPdi5784fgewUm7yPjoAGnkYWilZZlt4TkZTOXu/5ipdvH81pI7qvDsFxPqVa2wagx4HJXWgsI5G/fItHu0tdIOyoSHT3AOJz5lb1snhwO91VWlpmrzkcnKTZ0aE/uUTb0Q0xxjGNlc0g23VZTDSxg9lbQDDAuTe+Tu6aOI4HyHGMLLdUVBDXALSTkDlYvqao1O0gclZc45Gaj/bwXXRFGPlnVThu44Gy2EEXmbgd1T9L0vy9lhGnBJytBb2l1WzbbKxamW55Lqjsika+CMxUsbQ3kJpafmI9ucqTsGjbgJsA1ztJHC5Fr5NCbwTGgDbCMxCHKKzsslgxhBwurg4XVCx6SYkoQKkkkgIPSTElCCSSSUINSSSUIJJJJQgxRLnVsoaKesedoYnP/QKWVQ9Ty6qeltsZ/mVtUyIHnDeXbf8ALlHFZCOdPUkkFtb45zJKTK8nuTvk+6sNGCRwk2MQxiJvDRj9E8jPdHJFM6nsP89gTF2Bp8TJOVQyHRKxjZDlOwCJnCFIQcYRlMBqd6riSShQkhykkOVCIyfxbqTSfDm+TAZJpiz/AM2y58OYRT9DWaIjimH+ZVf8c6nwfhzcIv8AvnMZ+6uejY/A6WtcBGPDpmBPgZMZtbLlV1az/e7e3HNR/wDulWGQoFYc3S3gdnuP/wBSVJdjkWcmzj9ygvRX8/mhO8xAHKno0ReAE5Pgu99lIZsxo9go0/8AdO+4Upn0N+wQi7JZ4OpiemKBIrbyQXUkf9U4UnRgkcKDeXZrqFg/7zKsXcYTUslz9COHbZWWqpzN1DI3tHGAtKARvlZWhLZrtcqg76X+EFqriAWJySMHus/bHeLfa953w7GVfccrO2Hz1Vxl/qqCFvq7SM9hdl2cjhY+oeJbu/bdamV+khZGF4dW1jzyJCB7Lv8Ajo7ZnN1jzHAV/lndtssz8R6jTY2xN2L3gLTkajk8rD/FCYsp6aMf1Alen0X+6jyXnJ/Ho5M8+06QVGB1HCkO2a7KhjeZv/MvQy/E+Y9tf5PcunWGOyUgI/AFZtUGygfwekGP+GFOGB3XPu7Ppuj5pg/7A5cnCJJtEceiE85kaz1TqpwFO8f4Shj2Nuk0irt2XCdx7yHCfMdj7JlqGKLJ7k/6p8xABJ7Lo0xyeY1L5cjxb4kzGe6NhH1ZVJAwgMjzkjAVl15J/wDXJIB6bKFbAXVceo9167RPFaR8C8/N2a6z/JuaAeDSMGPTb8kaQjw3DjKa0AMwDtgJkjtQI4XYi3g8pNfcX3S8ZdI4/ZBv+p9z0j2AU7peLRRzSgeYDIKrC19XcjrcdQdnKIU+CbVRCOgaO5VNdpPlbZPK4j6D/krm6SAMjpx9XJWS67qDT2J4B5aVnueINjK47ppI83oK8vmm9z/qpM0TXYcQs9QVXh1AceDsVp26XsGD2XClLe8nfnBVLghQ4OqJ24JOFX1DXRSacKyczRUYG2VHr2A4cG7pclkKE+cECTztUOaPbOn91KBwSmyMy07pE45NcHgrwcOwpEbtggTtLTkDZdidxsgi8GjOSUmHhOHCaeFMYBIrtpPzVlTnU0DKgyNJcCAi07sOySqNWmliRY+GDuq6vgLD4gGxKs4htuh1MWsYAQnUshvjwUkbjqwdkaTgYXKmnLHZaEyObGxCo5lkHHsactRItuSuS4IyExhydygmSuWHgkLtJMaaobIeM7oeoNGeVyTzLPjB1NPY65KR6/a6uOpoY54jnLR+S9X6DrXV9tNLK7zNGW59l4H8PrgJ45KB7/MBloXrvw+uLKa4vpJiRq+j2KWfVPC6n5Ixs/Z6HS4c97C3Bbsq66QlzX6Wqzf/AC6nW3bU3ceqHWxZjyG7lAexxuPOb/TNa9krRjUN1TRu0PIIWsvtODE4PG7dwsrNGWnUAoef1Ney1l903VvbUuiLvIWggFaOVvlyViLbUaHslBwQd1u4z4lOyTHKE3aX7o7WV5aQ4hUvU1H4tuJDc891oZG6XbDJUSvg8enc3AOyfTZhgazT74NHzxe6T5Wt09s5VkxpkpQRzp9VK6zo2xSOeW4dq2KrrTVa4vDed2jC62nlk+N+X0uycokXlxx2Wg6PujrVeI5TJpjkIa4dlQPBbI8H1T2uLSHDscrp1yweD11OU4H0lQvLowfwuwVVTOFt6ojmjGGzYaSoXRd4bcLXC10uotaBz3Vl1RRuko2VUTf5sLtWe+FpTyeOlH4pSizXNaX4IGx3RDCQMqP01XMuNqimzl7GhrvXKsDv2TDnSzF4ZBLDuoczN8YwrMsG6izxk8BQNPBVTxgjKzd0pMtcQ3utfNDkfSqavgwwjRn80tmmq3B55W0+lzge6yd9pXNIe1uzSvQrrREZc1qzdZTNmjkaW7kYWaxc8HZ0l+JZZg5eyiy5a4EKwqqeSCVzHjBaSFBkIfthKwd+p71kk0dQeCpb3a27hVETzG8e6s2SB7VRLI4ZHnG4wgvUqXfBUR4wUmYVYJ4zlRoy4PCmOGyiyt8wwEiUWxseixgcTjdTonAAKppHjYFT4zxumwXoRNYZMBykCWlMYMjlP9vRVKrcKdkq5KUSfSVpgIJP2XoPTfU0FREyCZ252GTwV5g4F2CFJpKqSke2Rjtx+65uo059D+nPqKVWFKR7YJA4DZCnZkZws1011KypY2Cd/mGwJWmEmsccrmzrcWfUtLqoauG6LKquo4auMxysBJ4Kx9xoZrdLocMw/hIHC3sjAeyhVlFFVRGKVgIKy2Jh2Vp8mHhkc3JafzWjs1xNRGYJXAvZwe5Cpbha5qGUsDSWH6SoVLVvo6hsoJIHI9kORcJup4N27S4c5QJYwBzyh0NXFVxtkjdseR6KTNHsCFT6ybq5KyOSoqqcYJAVLURO1HZaOZudiOyraumycgK97EX15XBU5OxyiiQ8IdRGWnKC1/r2T4HLnDkmkhwwRsqmohloZzMzeNxzhWLZB6J72NewtcMgp8eDBqKFJdGTv1udUsFfR4y3cgcqd09chXU4jftIwYKPpdTTugf9JPf0VLNFJYroZ2AmCQ6jgcZWqqWDhzp+KzKNZnB37oVQ0FnK7BI2aMSNOQ4AhOdjG5W6Esot8oz1bHpflQSTuCFe3Cm1x6gNwqKXLCRhaE8M87racSbIdU3PHoqx7cOyriRueVBnjBIwExvJ5rURalkFC8cYU1hyMqA3Y7qVFLgAYRwM1i/RKZGXe6sen7pJaLg1jidDzwq+N242T6pokjD49ns3yhtr3IPS6ieluVsO0ey0VQ2ohZKwg5Cnwu1Fed9EdQhw+QnJ1gbZK3kMuXAEcrl3Rwz7d4XycNZQprsstGWghOjIBGR+6bE8aACOU9ww4YKzHo65bkFfG18ZGnfsVBbqheFYMORhNmpwcOwhHqDYakl8QDKMYjtuoUJMZAVg2Vr2jZTISTBFm2M8psA0uwe6O4cIT25IIUHYQbII2Uct52T252ypAjBbxuoHt4IJYUOSIObup/gn0Ud0TskKCpxKaqps8t2+6zN1oCJTI0bLbTQ6gduyq6ujLjnSoc/U0b1hGOZM6F4afVWccokaBjnuhXa1uaDUU443c1V1FXFrxFLtjhFBnHnmuWGT6ukDhnG5CqZYRCSTwrzW17QcqHU03iDACahFqUlwVzXxyDGeFBr6VmC9vflGmikp5TqGx4I4XSdYwSnwOXqKtywUM1OHA5b2VFX0OAXALZT0o5AVfJTNzu0FMayee1+iU6+TEPYWuLTthcAwru6W5jXmWJuM8qqkYWHCCUP0eQtr+OTiw9DOaeXV2cMFWnjaxtsqHfsVPoakj+XIc44KKCwYrF+i2pqmopzqjeRj3W36a66jaxsVacEbZysO3DhgBDewjcNUsj+jq+K83qPHS2xk2j3umqoquFs0Lg5rhkEJ4btzwvFrR1ZcbPIAyVxjH4Scher9OdRUV7pmuZIBJjzNz3WO2J9Z8X5zTeRSUXhk4tQXRj0U6SDG4QHNcOQlvg7/AC+CO5vuo7owe+FOc090F7M43Uyxc68kB0Y7BRZqXxCTjlWjo88obWN4TFw8maemjL8kYu7dPNlkdJG3S70VVSXG62KU4LzH6HcL0Kal8UElvAVBeLQ+ogJY3cFNhYcLV+OcJOdS5HsNvv8ATCWN7WSEbtPqqC8dPyU4L2t/MKK+nr7W7xWFwGeyvrZ1FSXCnFNXANd9OVshazhWUxu4n+RlKaoqKCYOJOAtBSXqGYBsmASplz6aZPHrgIORkH1WUqaGropDqYQAeQtULm+DmXaedctrL6spQ4fMUr+N8BW1l6mdExsNXnLdsrN0V2j0eDNlp4z2UlzBkEYwdwVtrtM7hjg9GjfbrjDhwa4kd1U1dPLRSE0+Sw9ichZ+33WaiIH1ALW0Vxpa+AOc5uSNwVshYkBKC9ECOp8byuGlw/dRbhaGSgzxDD8bgK1rbcC3xafZw32Ve2tdTnRO07bbpjmZbKtywVlFcJ6GbwqjJjO2/ZX0UMVUzXERxyFFqKajuMeGEMf6quaLjZn6oy5zPbcI+0Lhur4b4Lc+JA/RLu31Q6migq25GAeyPSXCC5whsmlr8JSUksJyzOFBjip9FC6CWlkMbmZwqu8WOlusRw1sUw3DwP8ANauXEgAc3zDYqBUU0jDljchVOCaMt1CR5r4tbZKg01bG7DT9WNiFeU1TFURCSJ2Qf2WhqqGnrYzFVQNeD6jcLF3Hp+6WSodJQvc+AnUMdh6JKi0zl6jSZ/Euw0+iFU0cNS3LxuO6g2i9w1MhppnYlHrsrhxc0amFDOCZyZQlS+UUFXaZWHXC0kDthQcOa/BGMe61sEzy7RIQQFHr7RTVjjLCNBPZZ51sZC7dwynhrTpDJQHs9wgVdogrYzLS4bINyEWot81G7Dz5eyZBLLBIHs2/1S3FmmEpLlFJUUk9M7ErCPdR+DkFbQ1dHWN8Orgbh22ccKvr+k8tM9vlDwd9OUDikNjqF/UUDXkA53Raeulgd/LOMIEkUlPIY5WlrgcbriFScehvEzS22/AANqCrEyQVYzE8ZKxZ9fRGgrZodo3EI43P2Z7KE19prhSSZBZgjuE9rcYa4YKrbb1DEWiKpBBG2pXUbqapaHMIOfQpm5TMcqpRYLwWnOMD81DqKBj9yPzVi+nkyPDBx909sYxgjdLnAXCbg+DO1NqicNmb4VRPbJYySG7LavhaeyDJSB3lI5SXWmaIaqSfJhXxFjhkYKM2sngwWlaWqscEmXAb/ZVNRZp2jIbsEqVCOhRr1DpgYbvggTBT2VcEwGkhUlRTOjOCOEGOWSM+UkYSJ0pfidijykumzS7EJha0d+VTNr6lpAc/ZS4K+nk2c/dIlXg6tOthPtksYxgJaRnON1xstO4ZbJldyMZSJxbN8JqXR0RsHZMfECNgioQYSTkqsYDAGEeiCYyDxt91LXNI9Fe5oprJGw7uEIxnnSpeAn6GnsiV7TE2aSNnaK3wsHHC4WN7hTXRf4UMxEdk+Oqa7MNnjlnojeBA7YswkKaMbs2RfDcCmhpG6bHUGSzxqTycLJgPJwmieob+LGEXW5v4f3XA8E/Tunx1Jml479AzU7gTlEE0JILSiNZC762ZRBBRHg4KP+TH2Jl4+aBaxjGFwMbnIxlENKzPlKRt8+Mg5UV8H0Z5aCyIgB2KWr2TPlqpp/ujsmhxGxadvZF8qYr+JZ+gjcNOQB+iO2smbw7hR/FCRlBCdGeBUobe0TWXOduACjNu1SBs4j7FVOvzcJ4ftwmK5ipUws7Lll+rmcVEo+zijN6pu7PprZcf8xVD4g9Fzxm+iv5iR0lT9Glb1jeBzWTf+cqVF19eYR5KuUfdxWRMgA4QTVYyCCq+ckvH1P0bpvxGvIPmq3n/AMSOPiXdQADO79V5344/qcl8xj8TlPnAXjafaPR2/EuvPMrj+aM34mVpGjyfcheZ/Mf4j+iQqR6uRR1GCn4umXo9RHxIrnHd0f6I4+Ita9ukvj/ReSfM/wCJy780eNTv1V/yCv8AhNR60eu6xxz48Q/8KaetqtxyZ4//ACryT5p3/eP/AFXPm3f945X/ACEUvFVM9cf1fUacuq4xn3Ub/at+cuuMQB4XlZqvV71z5hp5LkP8lFf8LqPU3dWsxg3Bh/NBd1jTM4eD7grzHx2+66Kgdi4JbvRf/DKj0WbrqMDAz+qgv67YD3/VYnx87ZKWxwcfsg/kIZHx1Rt/9uxjl2fuor+uqv8A4YI/NZMYPA/Zd45CD+RgdHx1X6NDN1pc3nZ/7qM/qm6uBHjHdU/PZLB9Cqlqn7NNfioy/FE2bqC6yHJqT+qizXe4PGDUP3903wnP4T2UjhjIG6V/KmzTDxLzwiOKmrc45ld/5k57qggZlJBUttvcRsEeO3VBAIZn80uzUz9G6rxUv0VZic7nk+6GKZxdnhXotc39A/VFZQtyNYH6pMtRKSxI31+LUe0UbKbjb8lKjhA4GFdNoKXGXMH6rogpRsIc490p2fs21eNrXJVMpNW4HCkMo99yp4iyP5MK62lqHHaPGVnnNM3V6WMekRG0jGY7ogbG0cj9VMFsqJPworLE9+Mxn9Ur5kao6Oc+kVvl9QkABwrplgJx/LKlxdPOJH8oqndg0V+Kvl1EzgBPYpeC9wwBz2WwZ0wdOfD/AGTh08Q7+6QPUR/qNcPE3R7RjxR1BOdCK2hcdjsVsm2HSB5P3RBZW4x4Q/VIndH+lmmHi2vyRjha3HzCQD2KNHanOxqePyWs/g7R/wAMBD+Wp4ScgbJLuHR0FUezPMtMeOMlO/h4b2wrp9RSRnys/RDJfU4FLSzOP/KglZuHx0tf9CyyobShpxoKI+mAw4BWkNl6hqnfyqUsH+IKypegLpVvAr5Sxp3yDhKlPA+Gitn+MDLOEbeT+6Y2Rj9ogX/YL0Wn+GNoYB4888hP+JXtJ0zaaKFsMVBEQO5bklD8hoj4mybzJYPJ4bfc6sYht07vcN2V1SfD29zxtkmLI9W+nO69Ojp2Qt0xxhgHYDCKwnfCrebavD0x/OTMRQ/C2kDQ6trJi7uGlaWg6SsFExsYoWOLe5G5VuXNbu44Cb83QR+Z1S0Y5VNtnQo02no6Ow0VJS4+XpI2/ZoUgOeR5RhQpOobVDtrc4+wUaXqKZw/930Uzvct2KLJsU4L8EWmmuztwi+A7GZXtb9yqQ1XVVRhzPl4Gns7lMNouVUSbhXlwO+Gnb9EBStk+kXEktqi3qa+DbtqVZU9U2mAllFSzVBHdrdignpy3j6w559SpDKanpWhkMTQBtsEBbc5kRnVF0qD4dHa2wk/ikbhcki6lrcCW6xsjPLWHCnvcMYLUEgDvhQCWY9kAWChZg19U6Z3fUSVIipbTRHXBCCfsh1NTTRbzzgY9Sq6bqC0U7v+0hx9AjM8r61+TLp9fMcNhGgfZDdHJN5ppHYPO6yVZ1xGHGOii4/ETyoE/U11qNhKGtPbChmnrqocI28wtVGzxpSHuHbKhT9XUMLQ2mgJx6FY41dRN5qmXP7IE1wt9P8A3lQAVDNb5JJcM09R1bWzjSw+G32Krn3CSZxdNITn1KydZ1JCx5ZA123DvVVdV1BVVO2MD0yrwYbPKxj7NvPe6WlB/mAke6p6zq9xy2NwznZY+arfJuST+aDnOclW+TnX+UnPouKzqCsnJPiAj2Va+4TSg+Icn1QM+6bgeqLacq3V2TfY10s7nfXsVxsOTk4yn5Hou6vZTBndmOzoiZjK7kNGw4TMn1SRqGQXcdMhCQJ4XEg3fhH8YG9sLqy3dISEH6U3UAN0x1QwA+VHCP7BlaiR4+kcIBqS3OCoktSSdhsmB2cotgt2skOmfJnLkEjfcp8fdPAOQSEcYgSm5dDTEiRnjZdJaG6nbAKDU3empmnLsn2UeIip2KPZPJA5OFV13UEVHL4UTg4/dVtTd561pZHlgPdCgtzZCHycpcm5dGOdzfCGzVVdWymSN3lPIRqemkacuG5UyngbDwAER08DB5uUUYiZPPLOsh2yQieJHBu4jZQ5KubSRDtnhQgyse/MrtinpYAdu3hFpNdMeWHG6gzT1EmznbLrYiMeVFMQwCrAc5SIzA4j7p4jzgkIwiHOEQNAUB2tgBGR2XRGfRGwEsBQm3HYwReqc2MNOU7xPZcMvoEOGHlRHnT3TCWjfUEGaU5GN0LUT3UwKdqJRl5xhBLzwuAEjlLT7qYBc8jUsBJc1D1USEymdSSyFzIRRg2VKxRHZKWrtlM15JGEtJV7cAu1hCRjlBJO6ceFHPJ+6JIVKbl2dLiTklcSSQEGJJ6ShBy4/wCkoaSZgg08obiSE9MyEElkiBkHOU3V7IrgCCUPGMqowy8Brjk4RlFbvwrPpvpe+dWXKO02C3S1lVL9MbO6+o/hb/ZGp6EsuvxFka/Oki3xHIPOdbv07LdTonac/X+Y0vjoZtlz+vZ4D8P/AIP9bfEetFNY7Y5sLceJUy+WJgOcb/kf0X1z8K/7O3SHw5bHc66I3O74BMk7fJGRngHnn9l6jQ0lus1DHbrXbqWjgiGGsp4tDf0XJZS/bPC61GjjTyfOfJ/Ueq8j9ie2H6X/ANx73N3wQPzUVzydiuOcSU3OFvUVg4OMiJJIJPCfgADIwPVCdLGzZzt/RPhpauuYNZxE3huERBrqhxc+OkZ4rgpFHa3vj8a5bvdu1g4aplJDS0UekDS4d/VdfM6Y4A2RJZAcx0bGRt0M2HoiH0yhNHc/5qDcLrBTP8NuXn2VldkuerbTM8SRwwN8eqy12vtRWlzY3FrTslW1ctW/U7IA4CrpA0HOQjGxRFewO3dz6oUsYbjClOgmmI8Nqm09p1DNQ3lQcuD5aSSSXYPaCSSSUDEkkkoQYkkkgIMSTUkBBDlMTxyhuOGlZ7S12DrZxEM7YwsPVSePVySds4WkvlUGU5AO6yzDngLhaux7tqOlpI4WR44KbAxz5E4cFSqGDI16dgdllXPRqlLARlOGt45UecanBjRuFPcQ0cKLTQl9XqO4ym7RaWWyTJhlO2M8kcKM4+6LOdT8Z2CGeFGAkBf9RTU5/wBRTVBrEkkkoEJJJJQgQcph3TxyhnhLmWhPXWAByYwHO6MOVSWSnyFZ9H5FRXkk4Uvhu/oVFefOjawKzyGp3AdlKByo8Qw1GHBQ9AS+4a4gclRanAxhPmJ1cqPITkKeg4oZg6sokfIXABhOZ9QUQ8M76VCl4Up30qFJ9SXaUDkOHKVTDuokoJGyl0hDYBnlKSyMGyEmRKQ6QNsrkh85K7lEy0OjYXnZa/p+Fzo2Bo7grL0bQ5wHcrc2CEMg1Eb4Wa1nofEVZmpFudwg6jJM1uN0YnS3POEGmBkrMgLJLs9jBYJ7GhowF0jA1O7pzMBw912oOwbx3RGqOSRRMLYnPI2KjzSbu+6mRECjIPOFXySbjZRjm8dj6YHO6mAbKNAPLnCmbYCz2cDauy7sceAHEdk64S6XFvIG6Na26aXOOyr6+QGQgb5CyvmWTs/hWkUte3U7OOVXyN4POFYVTi6U54HZQZPNKxjRk5CP0Y7OWa/p2Lwrf42ORwrO0MMlS5x/qGFGt0fh23GMbKzssJc3ON8rNJnY0y4SLiiBNbIe2lVF8mBm47q8oBp8SYjgELJXer/nv+6GvsbrJ7IYMR1LPJNcPCe7LW9lXaSjVr3yVskjzqOo4TW4ONuF0KzxGpszay9om+FSF/oqmmLqi4P24O6s2HFDzjZV9qb/AL9I7sUFjwSLbnFItpnYIa3bAVj02x0twbvwQqup8oyrzo9viVYkIXI1/wCJ63QxzJI2BBD3M/pWc6nkzG/P4WlaZ5GCVkepXeSTB/CV5xvB6OccVsD8MoC988xH1OK3mdMgACzfwxhDLVO7SC4uO/5rUhvnGyy3TxybdJXsqRNp9mhTQQGEk9lDjGA0YRah+ile7PCxZ3M35aRh5Q2S9vDhqw4/5pvUkhZTxtacBdowZbnJIRySo3U8vmjYDwCV0NMjn6mzEGZ2TIA3wVe2ZoEDcnhUL3fzWjnKvaGNzY2jHZb10cml7pphLtKBBvsg9Ox66vVjhCvZJAh9sqf0xD+LHASr3iDNVX3XGrpxghWzfpCpqfd4VpjyhcG2eT0enWFyMq3ho57LCXGR1TcWQ4By7/Va65v0gEHlZS3Rmq6ghjxnzJLWUBe2sJHp1tp/AoooDyGhXVogBq2k4VbG3Aa30GFcWaImoaVh1MftyPSwaSQAAALsLMHVhNHOCpDWj6lxpS9sYuh45RxwggHKMOFnk8sNj0kklY0ekkkoQSSSShBJJJKEGJJJKEEkkkoQYkdkkjsoQY9xdsNlRSRsn6hY5wy6CAOHs8uc3V7HACuzIGgk9lQ9P/73LX3N/wDxahzWH2b5cD82lMrIW3CIDjsuJiYQKjUzdTQ8jcoQ5RozgYAUDFKcYQSSeUaXsgKFDUkklARJw4TU4cK12UzzH+0JN4fQWkcy1kTMfmf+i2lmhEFppIB+GFo/ZYD+0NJqsVnov/ki4Db1wP8A1Xo7G6QBwBwFoXRlrluskOwfVQS0uu9Nk8Me7/5f1U1xGMEqKzzXtmBkMpHH/wCqagZqjHdksHnH5qNG4mfB4RzwgRf3zvbKotCqRiJ2E9v0j7IdRvE4epRG/SPsoQ6kkujlQhS3F2u9UsX+ElWPc+6q6w//AFwMB5ERKsGPA5WiCyFkMfKCfRY2yEvfcJj+KrfhauqlDaaV520scf2WT6a2oJH4/vJnPz+a0wWBbWeCzds0nsAs907u2tf/AFVLsLQznFHM7uB/os900M0Lnf1SPOf/ABFb6I5mZ7ET6w4iJDsbHdZanAAc7G7nEk+q0NxdpgeSdsELOUxBYfuV6TRQ9nK1T+7BJHIWA+KMzHVUEPJIBC3wIyvNPiW4/wAZji50xr0WgjusPH/UktuiZj53YaAO4UWHaojP+II8+D+QUSnP+8R75w8L0NkMI+bRlmSPebSS230zRx4YUppJJCiWsj5Gm/8ApYUtnJK5ty5Pp+i4oiNz/Nag18h+XkJOBpKew5qXe2yDdxpon78oqkHc0oNg7UAKFo45TK7y07yERmGU8TWDA0hR6t2KZ5K6mmXJ5HVTxW2eG9Xu8bqSRzuwQbaP99j+4Sv8gkv07hxqwjWZuqsb7L0+i4ifBPLy36mx/wBzZt1YGVybYbIgAA4QZ+QuxHo85Jcmw6fwy0yP/wACqrbme5yHTwrWib4Fgkfj8CidORjz1JbzsopZFSWSLd3aaoO9sLF/EioxZ9PGW4WtrHukq5NRzg4WF+J8mm1xNzjLgVk1f+2x2hjvvjE8wjOMey1tsl8WBhO2yx7dznhaKzVGcRcYXBgz0+oh9pYVEeJNQQpImzRlh55CnTNyMAKJpwSmmCLw8lDM1zJC1w3GycdlMuMG4kA+6hpUujdCWURZ26hjHZRY/K/Cnyt2UKZhadQbt90prng1QfBMjd5Vws8ucoVLJjYqXjZE0minwyMWjfKDGSH7IzgoztQOT6pTWBkJ7GW0MgLcbZPuiu8wwq+mJyMnZWMb2kAYVHYosUo5ZDqIQ5pOOAql4MTzgLRyxAt4VTWUuTkBBIG+rcsoitcHBCcSOF1owcZTn48PWBuhbyYMYZwOJ2Kd+FMBzhPG4wkWI2VMtumLi6gvELg7SHnBK9mt074LjTzx7FzmrwWIkHI5HBXsXTVw/ilmhlD81EGA499u6S+D3v01rG06ccrk95aS8Rv9WA/sjSDxGABUPSV1/idpYXuy+IaHFX+jUxAfUNI/krTZlrrTEOeHtBGMLJ1dKGRvcDs1ehXSlBYQRkhY2tiDZJGY8p7KZOdr6vvyjORlzPpW4sVSZqBscrsnGyyckAYcYVv0/M5lT4YPlxxnhAI0s3GeDQSNdnBamOZqa4EdlPfHtkt5QAwHt6ooPDOpOG6J5H1tbmvEuIwSN8rAWvDJ3A9tl691dQSB8m2dQOF4/MySirnxPG+SunRZtPl3ntJstcyRXACcuHGOUHG+UWtGaHxRuShM80TH+q7NEtyPmHk6cXs9B+G10ha40Lsh4Or7hetytFVTuiIzqb/ovnbp+vfbrlFOx2PMAfsvf7HWuqKaKR45A/RbUeH8jS6rNyOfD+vjjmqrTK3RKxxI9wtoI9zusBUPFn6rhnjGlk/leccZXojcljSBnIyjwcjVL7k17RH0qPLEDwFPc33QHsyOVBCeeysliH9P7qvrKbU3OMK5fER2UaWPPZUx6eDJV9v1gsxjPusXXUzqWpfE8bhy9MrabJyBx7rLdRWkzx/NMG7diB3SZLJtote5I826ht7S35gDthZGZmkkhelywMnYY3tBHBWKv1uFLKSxp0kpDien0t6S2soTthTKSXbB7KJICCmRynVxhLxyb5YkizeQd1En5CJG8lu6HMDlDJARWGCQ3gEbhETDuktD0CieWyYCtacamgqswAS5SqOpAOk+6pPINkdyLRnKKPrQY3A7hEO6dgxWIOBsMpsmQQQuw8BEIB5CVZDeVXZKqW6Ia21rqOdsh47r0Kz35s0bWk6vdeaub5TujWm5VFDPlr/Lnglc67T8n0f6e87HCjJ8nsLZGyDIOxQ5GjGeVnLXf/mQADsFeRVWtu/BXNu059No1ML4bosBUwiXyuGxGFmbzYCwOqKY57kLXPa1yjTMyMEZWKVWBs4qRhbVcpqOcNycZwQtlTVragDccKhvFkAcaumbgjctUWguYpnBsjXEe3ZDgKmbr7NTPGDwVCmbq5GFLgmZLEHB3KDUN4IVr7TXuU0VNZTDSXAKneCDgjC0kjQ4YPCqayldkysb9wmp+zBfBLojROIO5UtjgVXu5Ron7tB90cJZMMuR1yom1cepow9o2wqeMNuNLPbqgDW0HQTzstDG7cKsu1tkZILhR/hOXNHotlUkjkaqn7sorbLUy0jv4bUjzM+k+oV29mAFSzh9fE2spWfzYDl3rhW1LUiema/GSBgrZXM58k0Dqmfynb8qgrYSH50rSFusFpCgVtLiFxwMrVCRg1dW+LM85pAOygvB3yrUs2OyiPbgnblPT4PJ6ynDyVkjMEnhdhkOeEadmDso7XBrsAKovDObJFjAdTSnsLidPZRYJdOFMa8bHCf+SEPhnYnyUNQysh20Hf7L1bp26x3SkilaRq0jK8rk88LowOVbdLXV9tqG00jvITtvwsd1OeUek+nfKPSajZJ/a+z2GE5G3ClsYHDdVVDUtnp2vac7KxifjA4WCcP0fadLqIWQUosOwYcApekOaAorW91IhyszWDr1vKAywuBy1qUUjmkZHCsWtY5u7VHmh/pb+agbjgfEQ/lJ7ON0OPyeyltGcEKFojNYdQUhrwWjZd7fSmeESScqBZyFaBjGEJ8WBsE9nKLgOCgLIBiGcEYUSppwWq2ljBUdzfUKC51qaMvXU2jLiMBZe5WxkjjPTkZ7gd16TV22CtiMT/LkYyvPblQ1dhrXROJkgdwR6K8nF1un2reyFTzywDw5c/dTmuEozhQzIJCXaRhGhfI04ZjAT4HKwcqKZsrCx7fsqaeKSlk0FuR2K0RcHgZ5UOsp/Hbpwmme2GSnL9QwVCnaQeEabxIZCC36ThdcGytGdirUsnLvq3rBVVdM2eMjG6ztTR+GVrZIiyQtxsq+spGSHU1uCVpgt54ry2n+P70ZkxkHCUeWyAqzmpNxho2USSAtPG6uUMdHnN27snUVRqIY7upjoweFTNd4ZBHZXVIRJG1wPZSMciJ5j0RKiAjgJtJc622TNkpJnsIOdnYU+aHIIxnZVs9M70SraR2k1c9NNTreGj1ro/r6muzW0Na7RM0bFx5Wycxj2hzTsV80h8kEgkY9zCOCCt90f8QZKORlFcZHPjO2XHhYZ1N9H1T6e+rYXNU6zh/s9TLR2KA5vuiW+upLpH4lLKHYGSM7oskeO3CXtPfRnCxZgyGWeyH4aklmOQm6PZVgLCIxjGCo74Qc4GFYFm3CEW4KtPADqUiguNv1DIYCFj7pZHRzmWmBaXb47ZXpb4muBGM5VdW2xkjCC3GdwU1W4OLrvExlmyBjbV1VUW8Ckr4nFgOA7laGaG33yl10zml2M4VNdbG159D645VAyqrrHPmJzgM52OxWmu/k8vqNPKt/eibcenqmmc5zW5H2UeiqXhvhPOdJ4PZa61Xyiu9O3xnNbLjDge6gXXpXxXOqaF4BO+AtkdQc2yh9xK3WSNlIhnkYNLX4VT4s9JIYZwQWnByEdszZMFp/Jba7cmJxafJtbRf2hjYazgbBw3VvLBSV8WAI3tP6hedRVLgMZ5V1bL4+jc0PyW+q0xuBcE+ywqrZPbnieAlzM7j0RWSMnHhvGQR3VpRXOmrxp1DfkFMullPhipoxhw3LQtMbUxE6P+Uz9Vb56V/jUrsjnAOCplr6hfI8UtWzB48ydFUFjxFUnTn1XLhao6iLxYDh43BHdNTyKlVOK3QLCSnimzJA8fZRZYTjBVPSVtZbJw2pyWHZXcNXT1Q1RvGSjygYy3rEivlp8HUB+6E9nAkb/K/EFbSxNHblRnUzidhyo4pklSmYe+9FGeZ1daZBHLnOnjKoqe91tBMaWvaQ5hwQ4L05/wDKx5dlV3bp+2XsapYwyYjGoBIcWuTm6jTKXaKWmqYaqMSR4OQpOot3BxhZm5WS8dLv8VjzJTk7Obnb7qys1/pa4iCchsmO52KXnLOLfRKt5iiyc9s7SySNp+6ra60viZ40WCw9h2Vw+Bjt42kJjS9nlJ27gqSgmZ1dKLwZfScqRS3GWheM5cw8jKtq63Rzt8SFobIPTuqqanw0xzM0n1KzTg2OjJT7J8kdqvDMSxtDj3xgqkuHS08GZKV2tnp3TxTSR+aF+47ZVlSXrwwIqppHbUk7R8XKnoxsuuF2h7SHDkFca72W7qrdbLqwksZqP4hys7X9M1FKS+A62eiji0OjqIv8iqbnfCPFWVNM4Oikc32ygkOiJD2kfdd+pAsh4jYaC39THZlQPzV7T11NVAGN7crBNRIppoXa4pC0hNUv2ZrdOpfib4sJ4SML/TKzVF1NLCWtqBqHqtHR3ihrGjTIGu/xFEsMw20WV+jpjPcIbmjBBHKsNDXDLd8phow/kfZScEZ1Np8lRPb6acHyAZ9lV1NgZu6IA/ktPJSPj5GyEYnAHbCU68mmu+UOjDVdonYdm7BV7qcxHBavQJIQ44LdioVVaaZ4OWYJ9kmypM30a7H5sxXjSwHLHYPupEF2OQJyresskG5a1UtTb8EgDcLO9Pk61HknH8ZFlFcYHfiyUYzg4ws8KaeI+VhH5ooqZYsCTceyVPTs7FHlEvzL1ha/hwRfDwPuqWG4xepBUgV0pAcyUEH9VmlU+jpVa6qzpk50elc0FCbUyjBkGfyRPnYNmk6Sk/FJGqF8Z9D9I9Fzw2+iQljIy12V047kKsNDOGBkib2QhSk5xupYISJwMofkaCVUZdkL5aUf8PZN0Hu3Cn+NvjC4XNPbCONz9i56aC6IOknYhIsaPRSCxpOE19MMZjO6L5s9iXSkCaXDgp3iVDN4ik2nqxncYThqZgkJkbED8a/Q+KrqW/Vg+ykC4tcNMlJCR9lDdKBjLUmPB3R/JJ9A/FF8YLATW543p2tzzpTHUlqfv4j4yf6So22MYCcSD3/ZTfZ+wXpqZflFBHWmjcP92rPN6PTJLLUYHhyRuz6FNPIwiMlc0YDjkd0ausQmXj9LLuOCLJaLmziIEeoUaWmrYvqgOO+yuW1dU0/3mR6KRHdJmABwaR7hEtRYuwX4rSS6bRm9ThkOYQUIvyTstiytpJB/vFvhd76d1IFN0tVxgztMR7jCZ/JfsTLxEZcQl/3MNqHqElvoun+ipf8A4otcUP8A2CtU7i6nujdJ4Duyv+XD2xT8Fc/xkjDbHZd+X9Xcrbu+G7T/AHVwgOfugu+Glz38O4UmOwLlP5df7C/4Fqo9LJjHRBuNxv7pNi1dwFr/AP2aXwZxXUhH3b/0UeX4d9Ss/u4Gzf8A0s5U/l1r2C/EaqL/ANtmaEAPJwuCEHOSFo29BdW5w2zzn7NT2fDbrOU5js05/wDCglrKsdj14fUv/wCmzNNp9XfARG0Yd+ID81qofhb1o46X2iVnuQrKn+DnVxw6SJjM+qzy11a9mivwGos6rZhDRADlC+WPfZeoU/wZvUhHzcsTB7lWcHwTpGYNVdZAfQDj90l+Sh+zZD6U1M+44PHW0xJ3RWQsOF7ND8KemYXDxqud5Hvspf8AsR0bSAamh2Nt90L8lH0b6fo+Xc2keJNp2DfY/miCma9wwvaxbOhYMtNFC4+7U3HRsX9zbYf/ACJL8l/Y0r6SrXc0eNCgPAYTn2UmOy1sm7ID7L11tVYo94bVT/fQk68RRjLLVDjtpZuhl5OXo0V/Temh3P8A7HlcHS92ccto3YUuLpa8drbPn/lXoj73MN2Wef20s2TRe7w7aK21JHu1JfkLWboeC0cFnLZiIej77+G3SfmFMi6Mvjx5qcsWrNz6kccw0kjf+YIra3qp40mKMfdiX/Nt/YyHitL6jIyreh7ySMgBSIfh5WvI8dwH5LSCTqg74hH3YiMl6oO2YB76EMtXa/Zqh4zT+oNlLH8OZcZJyp1P8PoGNBOkE8qwa7qp3M8Y+wSLepCMGoaPslyvtl2zbXo6a/8A6I2PoWnaOGn8kUdG0kZGpo/IIHynUbnf9veM/wCJE/hl7cMuvTftqQ/LZ+zRGqK/GokxdK29vb9lKbYrawbxtHuVWCyXOU+a7O/JyMOnXY890qnHuNeyv5ZexyjJdVonC32WL6pYM+mUySpslOz/ALRCAPsoR6bpXEa5XO+5KKzp22AeaJx+5KjtkHtta+1JEGt6r6fojpdVMyeAFXP6tttW7RR0080h4DWq/PTdjzqdQwnHchSqalsVEdUFPExw7hqU7WxD0183980v8GYE9+mwKeyStz3e1SIrJ1JUYdJDFED7rTSXqlZsHZQpOo4GDLQ7ZXF5Gw0lS/OTZTs6EuVQdc9eGg8hrlPg6Bo42jx3vf66jlJ3VTslrGEnsAg/x2/1ORS0E+D3wpNDfj0seotltTdM2iEBrqVjseynsoLbT40RMYe2yzHhdYVh8lO9gPqOEdvTHVs+DLUNaPTO6XgZBp/7VeDSh9FDvI5jQgz3e1R7mvh+2pQ6boGSVgNwukpceQHFTIeg7BTPHiuMpHOs7IHh9GpS1HtYIj+pLSDhs4d9kM36aUltDRTSDsQOVfR2rpyjGltJRH7p4rqEHw4YmtDdhpbgKJ5LxY+5Gfjl6jqj/Kt2gesiL/CeoakaXzwxA86Xbq9FVO84hacFOEMz+Gko0slqrH5MpGdKFwBqbnO49wHbKS3py3RYyxzz7lWTvBhGqeYR49Sok3UNlpdpblAMf4sq8F4oq5mwsdvomNDRSswOCWhHbFEG6WNaAOMBZWv+JlhpJHMpw+XH4gNis/X/ABZmc0toqVo35LVBU/I6Sr8WeiyR75IQJp44PrcAF5HXfEK/Vp2m8If4e6pau+3iq+qul353UMtnmY9QR7FW9R2ulHnqBnCoarr60xEiN5cQvMPGqZTmaYv/ADXC3Pb9lDFb5W2X48G2qviF4jnNjhcAOCCqefq26VDyI3kA8bqhZJE0+Ypj6yliOdahgs8lOX5yLSWS5VR8SWRzs/4kzwgz/tJwP1VNU3lzcNp3nZQKi4VcuAZNlaMV3kU+mab5y2U7stcCVDqOpdLiKaPGO6zxcXbkrrnNA5TXDJinrZy6J1ZfKyfmQ7+6gGR7zl7iT7lCOSUnAnhDsMstTOXY/WuF4TdB9P3S0lHhCnNy5Yi854S1n0TtAS0BUogOTGMeXImkpoGO6dkDbKcoi3JnElzISyFSghbmmdTkMzNCYZh6JqiDKaiHLgOSEB9QBtgfqo8s7s4QJCXbeqvYLlcSZKs9sIPjukKG1hzwjsjxvhFGOBLtY1OjbqKUj2RNy53Kg1F2jhOI3gFFgB6iC5ky1w2LdxUerulPCwBjsu+6oKi5VM5wH4BTY6Z7vO45JV4yZ56zc8QJFZX1tS0xw8HvlAjppiQZRj81JjbowMo7sYBO6F1tmey5y/JkeOma3cBHDwBjCZlPa4A5RQqyKd6idJkd9LsZTRATgu3TxI0LomH/AMoTlVgVLUrIhEG9k7AzlD8QFLxB6pqrK/kx9hQ1vAC6ThC8c+iXjn0VfGH/ACYDtXsk5CM/sl43+FU4YKWoh+w3ieyZqyff7oXieyHryr2FS1EX0STpx9Q/VDJO4zsg5PqnKfGA7xHfldGy4kgdeBTuOiXHZIy57Ia6rcAHa/Rw7lcyVwDCerjDAMpuQ3JXMlJJHhA5Y9JJJJksBHELxD6IpICCH7nZUiHUkklAxJJLj/pKhAaYuuOChkgclWyDyduUIAruDM4AA/kvb/hd/ZO6/wCufDul5aLHaj5vFqSQ5zTwQ3um10TseEjNqdZp9FD5NRJRR4rBBPVTNp6eCSSR3Aa3K+hvhZ/ZI6hv+i6daS/wyjIDhAQfHcN8HGfLx7r6T+HXwd6B+FsLJ7RaG1Fybsa+ow6QemkdlrTU+IcNHC6dOiUeZHifJfVVlv8Ap6RbV+/f/T9FR0h0R0n8PaEUfS9sjpMDDpRgyyf8zuSrWScyZ2XHHOTnhRXTZ2AXQhBQWEeRtcrp/JZJt/3COdnOSoxdzsk8nkpv2T4xzyxYiQOUyJstTL4cbTt3wrCjtpqWh8zdI5U2V9NSRfyyC7gYG6IqTwAitVNTjxpWhz8bkpfNtJLIQNtsBBL6qp/vCWD2T2RsiaAAoUccyR7tcg590988MDQDvhDnnzsBsFU1tbHH5pDjCPAKWQ1fXSPOInYCqamUAguxkqLWXV0jg2m7IVPBU1DtUxIyoOjEa6pkme6OnBw3YlS6a2ueQ+flTKWmjhaBoGR3UpGWBipmwjy90ZPOwydgoctxj8R0MDS944HqoQ+S0kkl2D3AkkklAxJJJKEGJJJICAkkl32SZy2kOeyFUOA+yK7AGPVVtdIMeGDuVjts/YcI7mZ691Di57VXxHygkI1wl11BHOENvAXEn99jydWtbY4Q6JokeGnZWrIwGAAYwFFt8GR4zxtwFYHhFGOBcpkKrd4bMhdpWAQF5G5OyDUkOlEfKkucYqcNAR4CTwRpCS85TVwuyc4XUtrAQkkklQ0CkkkoQSemJ6hApIxyow3f+aJk+qSAh1oAGyKOUM8J8eS7KnQMngdIMt22UMZMuBucqZVO0Q7HdRKRp8XJKuUsgxXsnNGBhI8Lq4eEsoBMoz+VJmO6jO5RegzqKhIqsYwJ4Uct35Ug8IHJWe0tLKGuAJGUUktY3CFnJCK4eUBXEkk2cBympybjO2VUgoonWwaqlo7L0G2R6acYCxNipy+pBwt/RNDYAMcLNYex8NViG5ile2NvmKdbcGoJPoo1eMuDhsplri8OJ02Mlw/RZ2ekr/LBJbl0objkoz8OqNOeEODc6j2Shbrq9R4VN4RurSySpCWR6eNlA/EplcdMmjCixgE7pbeQ5xzgkwgacI8IMkgYhtGhv35UikHnGNyUmx5GVR5RpIW+FQZbgHCppCXZLjuriscIra098KjnOQMHlIXZ1buMIr6jHjcqFH5q9oHGQVJm/vHHPCZZoTPc9J9QqsltRlT+9I3IcIoGMDdiwZVpYnZZu3uq2WPGn0AwArq0Q6ackDlZJM79cdqRahjY7fK4Dc5K82v0hLn/AHXoN7nfBZtTDgnK8wu1U4Nec5LgiqWWYvJW4hgz8ml0rj6rrQcDCjNPm3dnlWFO3Lmj1XSguDxre6bkTZn+HRe+EKytGHvPOeVyvGKbA7olnYQxwSrTXpYqVq/sOrnkOwtP0S3z7+ix9ZKfGPdbnoWMGlfKW7kcrj+QliB63xsd1yNFU5DHEehWO6iy6nc47ZyFsat4bFusX1S/RAxoHJXmrHwejuX2M1vQMAgtGMcszlXUZy9RemaUwWJjh5S5oRYSQ5ZbTo0rbBRLRgy0IF3kMVukKkQ5wMhQOpJdNvIA5ys67HSajEzFnGqUykc57qo6kcXVZBPDVeWpmKcu/RZi5vdJWSOec7kLoUPByNY1t4K1hPzTG++FrIYw1jcDsstQNdNWgafpOfyWsYQMYK3KRgpWFkqLzKDUAeyuemG4icSs1dHH59wytZYY9NLkbLNqH9uDbolvtyX9M0EhWE2zBvuq+jac5U2Q/wA44PZca1YPQwXoqLvKA0eYbZVR0ZCKnqLWd9PCNfHkeL5j7KT8NKYOkqqhw8w2afRZrHhCZvNyiegMwH/mVe2UfzwSNsKli2wVf2ZuTkc4K5+pm9jN2OS5b9aMzshAEHJCKOFxLG0FJYCjGBsnobURKRB6SSSYNEkkkoQSSSShB6SYkoQemJ6YoQSSSShBiR2SXC4BQhCuVUykoqiqlOlsUZdlRbJG6mtNLG4AOewykemol3+qi9Yyh1tZQ6dXz88dIW/1ayArSNpDQHOyQAOMJ8CmdT0xPVljWfUFLb9IUVjTkHClD6FAjpxjlAPKRJzyuKEGpJJKAjF3suJw4VrspnkPx7l8a6dIW7G01xBP/mjH/VeonheUfGNxn+IXQ9FjIdU+If1avViQRstK6MNPNkwJJzhBpDm+yN/posf/AFQRjucIFCSb1KQOIAxKmbk8E8cqOwnx5CpHfZR4P+If8ZURGPm7DsiDhCmI2KICMKEOpqcmqEZRVW/U7h/TSh3/ANUp5O6gygHqmqz2po//AN5TfRaKwiLeZjBaamb0jd/kqLppubNTv/qBP7qy6vk8Lpqsf/gIUHpweFZaRpG/hgrZDsEmVoxb6nB4jJ/ZUHTZP8NaSQRklXVylxQVm3FO/wDyVF020myQnuV09PHMjLbLAW8SaaN+OcKggb5G4+6uL0cUkm/KqITgD7L0ekjwcrVP7woJyPuvNPiO4PvvIOIxlelN+ofdeVdauLr7UZOcHC7/AI3/AHDxX1RLGlx+2ZibONKh05P8Qjjxy4KZKdwfcKFTn/3vEBzqC9DYso+dR+2aPebTn5Cnz2jAUuLkfdRLTvQwf/SwpTOFz5rk+m6Z/wClH/8Af0NpnfzpSeNRQLyf9zcUVuzXH3Ue8FvycbSM5eEUVjoDUzarZ1p0wRZH4QoN1l/93zEbEAqW0ksaCQcDAVdfMNt8pJ20ldPTPazyGsl/oTf9jwqsmMt1nJ51FWvT7c1g9lRSAi5zvzsXHC0XTAHzZyvTaRcZPhWvlvc5muwAOVHn5H3CLP8AUEOUjAXWiuDgM2Dzo6bdt9TMBDsDAy1ulI+kbo9ZpHS8DfxEhDgApunpXkYKEWuTOTPElQ94OxcVhPio8igiaPVbZmx1HdYP4oy6qaNpCy6v/bZp8d/+JR55Fscq0tchZMCO6qWevqpdM7S8Lz1Z6qxbk0bOFwmj1qNKwsPHK5bJ9MejklSJsEZwtBy5L43hkGoYHxEEZVTg+ivNnZaRyq2qiDHkAJViyNqlggy9io1Q0YClv7qK7PKWo5NcJMjxgteDwrHI0bFQHtOQQjxSAYB7Kf2YUx7wAcYwo7x6BTHjYEdlGkGQlyRUZZ7GRy+G4YU+F2QDyqsswThTaSVgAiccH1VHR0921pMntOQgzwh4wpDWZ4XHs90DXB2MZRQ1UBjlw0YwhhpIwSrWqhDhqxnZVcjCHeiS2YbKdryNxhOxump2cIXz2DD7WdzgErafDe8eFWuo5n4bIMYKxL36BxlHtVeKGuiqGuIw4ZWez0dvxurlpNRGS9n090FXR01wfaZj5J9wvQ2AtdgDYHbdeL2ivDJLfeqd3lOk/wDUL2iCUVFNFUaceI0FB2j7R42/dWkRrmwPmIA2wsXcof5z/ut9PGHRl5GSFj71TvY5z8bFA3g2amvdBtmYq4scBCo3ywztla7GP3U2oGQobm744QTZx3Hbhm9pJxUUzHHBOldMYCrel6kyNdTnfACujGNWPdSEsnYrW+KkZDrGnBpmSAbnIXh1/gxcXPx6r6QvtuFXQPYWgnBIPuvDeqqACN4EeJInHP2XRpZ436i0u5OSM+B4lD4ZUaABrfDPLeybRT5c6I/cJjJfCuBJOxXY0s8HyHzFGXvJIJa7HBXsPw7vnzVvZTySZfGNJXj8zdwRwtZ8P7mKepfFjPB3+66tc8HitfT8tbkewdRUfz9sM8GPGiGrP2Wo6SuQu1igne7MrB4b/XIVFanCpidG7hwxhM6Qqv4Xe6mySHSxxL2/mmuWTys05m20+6G5udiphj9kJ7duFRkksPBXvZlRZIcduVYPG/GEF8YPdQNPD5KmogJHCqpqXlpAIPZaOWIH8OfzUGam3+lAPrs28nlN2ozbrlJC5vkeS5iz9+oRUQFwb2XpnV1n+aovmImfzITnb0WFc1ssJjcN/RJkjtaW/hM8zqISxxYRuFCOxzhafqC3Gml8QDIdss9UR6RsOVmksM9Hp574rI+mlLiAdsKQ8AjIVVHIWP2GysI5QWKhzjgEeUw8IhHdDyEBYJ2+QmxlwfsioekeiXnawksotoHlzRlTGs25VRRVB1Bhdt2VrGcNz6p0ZJmW2OGHh4CchQo53ViRbHuo8gdGNbBv90bSRyU5pHdLnBSBVk6pqUGCt15qaGqa57iGr0C03qGpiadQJPuvO6ym8TdjRspNsuL6QBridisN9H6PZ+E+obapKNrPVWT6mg85T3jV2WUs1/a9wY5+WnsStGyoGM42K5dtOD6ppPIR1UFKI50TcHO4Wavdp0k1NM3c7uaFqgdWeyiVMPiNIB2KxzgbnPdEzNsrnsb4Uj8jsrxr2vaDqCqLlaTCPmKUfTuQEOjryAGuygwVG9x7LWU6dggYacp8crZm5QyzAKIbKe9FbXUwYfEjGxO4UVh0lW0jMg5VZUwuadQG2VOuTFYv0HiIPdGO7S0u2OxUCGXSQCpcbtWCnVvJksgpIrKumfQyCamZjO5A4cPQoVFI2ObU36JD9P8ASfRaCSKOeIxub9vZZyohfTTubuBnZbang5eor+NZRZz+VwwOQh1LPGjLB3XaTVUwHUcubwU6MtwWuW6DRgsjuRn6mF0Li0sVZUsONlqbhT6gXFoKzdS0iRwP2WlM895Cjbkrn47qJJERuAps8eDkBAcMhMXJ5iUJQliQNjiHBT4icZVa/wAjwVJhl4yTsmJ44F2RyuCwZyCnSDz627FCbnGUU7qpwyKg9rPROiry2embBI8amjByVs4XgnIXiNqqH0VWyoY47EZGdiF67Y6+KugEsZ3A3Cw2wwfWPpXyitr+Kb59GgjPlyiwP3xhR4yD+aJpxgrnWRwz6Lp7HLgsmbjPqn6c8oFFK3Oh3plTGszx3QI6MVlckOSI5BaESE4ABR9II3QdGlxKrBMMKWA4SGD2XWnHZdLCeFMF4BnZO+pLn8k3GPdQpDyMoZi1DCK3zZC6AQrZcokTwy3gbKHcrXTXOndBMBn8J7gq1ezIUbwXA8qjPZUrFiR5deLTVWid0bmFzOWn2USiropX+GRpK9SuNthuMBhlAzjY+i8q6r6budlmNRScNOSMchFv2s4Wt0koLdBFgMsz3HKa52oYxwq+13SOpja17sOx39VOzpzstMJ7kcd88MhVdKJTqxvhVMzXQvAIV+ZQdnDZQq+BshJ0jdEZb6srKK1wa8F2d1CmaW52ypBaYnAcrjmtlbp4ynVzOFq9PG2LjJFU5oe4jCBNRhwyjzh0E522UiFweMrYvuPm2rhLS2uElwUj4HMdjTsptv1xHGdipslI1/AQm07o3fSiUDNKzeiWIw9vso9TSgtyBhSacEAAoj27KThuQlPDMzW07o3bN/dRi0DvhaCsptQ2b2VHU0szH7twsk6v0bqbeUy66a6vruna1j/Fc+I4BBPAXs1j6otvUUQ+XkAlAy5hPP2Xzw4DHm7KbarnW2mqZVUkxaWHjPKySrPdeD+prdNNQuf2H0c5hTdOFj+jviJTXl4orgRHNwCdgStsGhx8pWWUdrPqWk11OtjvqeUR3NQXM9lYGPAzhBdGPRQ2p4IWn3TZIw8YypJjPZB0HJUxgGayipqreyR2MLPXOyhz3NdGDnsR/ktm6POFHmgY9uHMBUTwc7VaKGojtZ5TVW+rt8xfTl2kHIx2V/YuqWACmrwWkbavVXlxsgmBcwgH3WMvFklY3xoc5HIxumwtafJ5i7x8tPLalwbK4WCkujBURaS5wyCO6yFdbZrfMW4Ox/ZNsvVFfaQ2nqNT4wee4C3cbKC/UbaiPS9xbuO63Vag59uljbwuGefh5BDkaOpJIBCm3jp+pppXGAZZyqgZadLhgjst0bNxx7KpVycZIuaaulhx4T8LU2bqmRxEE7sjjzLBQyFmO6PHVEb8H1CfGbQCWD1Kqt9HdYdbY26scgLPuNdapDBM10kQPldyQPRVNq6nqrc8Bzy5notpRXG33qLw5Gs1kdxytVd2QHHJUTQ0lyh06hqVLLS1Nrk8QAli0Vw6ffTu8ejeR3whQVYkHgVTGuHG4WuMjNOleiFQ3aKr/lPOlw9e6sWsD/zVfcung8fNUB0Obvgd1Cgr6umkEc7X+6NzTBipx4kWlZS6Wh4bkd1DbCCNlPgqxK0E+YJstKXHxac7n8PuqxkGdW8rZZG7wVEQcw8hwyCsteehIK9xqbN/Km5w04C2rA0jwatgbJ3BUapoKqE+PRaiBucHGFXxezJZpsI85prtebHUCiu8bgwHAc8f6rT088FZEJIyDkdlZ1MdJeIjTXKnY5wyN275WRrunb1YHGa2yfMU+SQz8TUEs9HG1WkXaRfiNzTlu/smzxQVjBHK0Zx3Cq7R1NHI/wACtYY3jYhwxurtxim4bgncEIHDJy5Kyt4wZyrtdVSHXEPFZ7cqL4TKhu31dweQtU1/huw7ce6j1drpawGSE+FJztslusKF3/OZhtVUUDw0g4zyrikuccrAHOBzzlAqY3QEQ1cQcw7asKFJQ4/mUz8DkDOyW48DWlLlFxVUVFcI9EkLDn2wVn67pmrgJfQgyMG5aTwpNFcpYZRFUAtB2BKv4ZdbA/kEZ5S9iLjbKBgnQvZtIMH7Jugf1Le1NBQ1UZjfCMnus5cel6qIOkov5jOSM7hA6zTVqYy4ZTnB5SDtPfH2QpopYSPFGnUMhDBQ8o2RcZouKe+XCmYI2TOc3tk8K/tvU7HNEdQRkc+6xjXNI3Thlv4kSsEWaWEz0qC4U9WBoeD7ZUnwGygYK8yhqp6d2uKZzT91bUPV89O5rZwSPUI96wYbNFJfibGW2vJ1MCjy07m41NOyHQ9V0c4GXFpKtYK6mqCNJaSfVVhSMU4Trf3IpnUkcnlOyg1FgY/eLcrWS0EUw1sw13qFCmppod8ZA7hU6yoXSi+DG1VlqY84ZkDsq2Shxnxoce63hlaTiRmO2cJjqaKUY0M374SZRN1esf8AUecyUQydLeFEc18J8pXolRZ43Enw2j8lWy9OxzZBDRj2SnUjXVroJmObcKxmxkz6ZCmRXWncwCogAPqFY1HS72vOloxjYhQJbFVR8JU6F6OnV5FS6YSKekmdiGYg+jtlJMDgCWOLsehVBLR1ETiDE4Y7rkVVU0z9TJnAjsSkOg6FXkpF7407CG+GXBI1wYcSRke6rY79Wt2fpcPsjx3mnm8lVAAD3ASZaZ9o21+S/ZPE0Tm5Dxuml7X7BwUQfJPcfCnLQeyXysoHiQzZSpaeZqh5CEu2TMHYp7i7bdQNVXF5nNyPRdjrnBxEjTj7K1S0hy1Nb9ksPOcp5cDyFGFfAU4TwEAiQZQ455HKxMkfynDDm4TTHCBsULW3sUi/0KvBGx5Zulg+qF4jyfMQQu61MuAveExnulv6pviBLxGpieQPkQTUuh5HCb4gXfFb6fuoFkIJnHZNPm3cMoeQu6vdQJpSOg4KM2vrYMGnmLMKPkJviH0VNFxzHouaDq270b8vcyVo/C4LR0fxHpj/APPK1YZwXwjcLBak5rhgjPKTKH6Nen1l2nWEz2yz9adCSNDnSg//AE2LBB+y1lvulrqDqtM9BgjYteDn/ovmphaMjKYJJIzmOV7D6tOFnlRjnJ1tP9QWV8TimfU5kuLhj5ZoH+GRg/1XddUzzOiOR7/+q+Y6O/3+g/7LeKtvsJCtPa/jB1pRMEfzIkA2/mRY2++d1lnBpnTp89RP81g9vmuNWMNJxj/G7/qgOraqT/4iT9V5nT/HO9AYrbTSVB9cYP8Akrij+Odmw35yzOjePqaxoOEpps31+U0s+FLBsDLUO+qZ5+5QJaV0o8z3b+6q4fjD0DUlrp46qFxG48Lb/NWEXxB6BnAxcmMz/WcJLWDWtRp7P6kMdRMdkOccHYpjrJSSY1NyFOj6o6Hn+i+UoJ486eytss5zSXemlHo12VS4DUtK/aK3/Z+2YyacErgtFE07QDZXQML8eG9rs+nCb4cThs9o/NXhsaqaXykVjbbRDYQN/RdZbqeNxkaBkqf8vncfsmeA8H6SphjY1xXSAeGBw0BdDccBSPDdj6T+i4W4HCofGtdpEfHom4KNjfGCnANHZQLCI6aRhTEiDjgqFxyQ/MEtLjwMlGMe5w37LnhzN83g7fdQby0C8Ob/ALvZcEZPDN1IMkoGGxE/mhePVsOWQYUF5aYhSz48sYTfkq4nGrb7IgqbjwIiPyRBLce7ThQYnkG211RG5H5FNNlmdzLJ9g5SfEqQPM85Qg6oJ+shQnHsYOnwT5pJcHnzojemLad5ZZcd/MnDxu8pH5ogg8QYdLj/AMSBovFa9HG9OdOx4c58pI9XbIopbFDjTE049UMw0sfmkqQPuUM3Kyw7S19ICPzKtLAGYJ9pEtklgi3+VZkejVIjvlIwaYaMbcYVK/qjpmn2dXQOI/pCgz/ETpqlyfK/00hRrJb1NNXO9GrN9nA/lU7mj123QxX3KX+7aDlYOr+MVuiOmkt75Pu1VdR8XLu7eio4Ih7jJKtJozT8tRX3LP8Ag9Qkhu07fNsPbZDlpJIowJ6hoHJ34Xj1V8TeqKzy/NCL/k2VLU9Q3euaWVddK9pOcFyvgyWeepX4rJ7hLWdO0hxXXSAHnBduqau+JXTFA8w00T5w3uGgArxwyA8uJXNbDycodpks81KX4LB6ZW/GOOEf+6LYGyHbVIcj9MKmq/id1PUY01DIs/0DCxWG5BBTnzADA3U2syT8nfPtltV3+9VkviVFxlc3+nUoTpnSHL3E59SoZqQEOSs4I2U2sxWa5y/ORN3PZcVa6vl3Aco5rpzycoowyZnrYZLgyMby4ITqmBv41WmpeRgoZcM8pmwGWufos3XAD+6IUZ1wmOQVE1lLV7KfGIlq5yDGskPKYZsjBCEkpsFyucuxJJJK1HADlkSaGklOXRwUwjlgbgLqY5wyua2+qii2BkLkeiZr9k3x24QjMO26JRFO6KDpKOZwDuE01A9EaiLnfFcIk+J7IfiHG4Uf5gjhoQzOXDBCiQmVoc1BG2EMzk8hAJJOVwysHJRqIiV2Ow+srhfnYuCiurIRkZ3Ud1RISdKYo4ET1lce2WJGUx8kcf1EKudLVSHd2Ak2F7z53k5VqLZls10f6SRJc4IxgblRzdZJgRG7ZObSU+fM3JXfCgiP8tiJwM0tW5cMjAVMzsukO6TaGI4MoyVJEoaNmhDLvFPphEq8i53J85Htp6Rg3GD2S1MAw1u3ZMPukjjDAmd79HSd8paiuJJ3xpi3fJiXclcSU+NASscjuSkCT3TklahgFybEAcJml3qiiJ2eMIngj0R4JuZGTzuieGnmLG5CEEi6DnKfo9kTRhO0+6rBeAOj2S0eyJp913w/dRvBE8AdPulp90Ysx3XCMd1WC8sAkiEFcS5MmWMTUVMyhCGpJJIwhJiemKEHrh4XUktrKwGCcXb7bJrUYgcoB25VRjggkk0t91w77IgxxIHdND89kMtLjtlem/Dz+z18RPiK6KW1W5sFHLuKqc6WBOronY8IRfqqNLHffJJHmcrST5RleqfDT+zf198R2x1bKD+H2041VtX5Y8f4f6jtx9vVfVHw8/sw/Dn4cRQXjqepiutyaNmVDv5AI5w08nhekVHUgdD/AA+w2+PwWbatGMenA37rpVaBdyPHeQ+rM5ho1/1f/sYf4ef2e/hl8MYY6l1LHc7qxv8A2qVvkaf8LTn9fZb6ou75T4dG4FR47RVTtE1zkIzuGg8BElqbdbYzHTNGTgHHdb6qlWsJHi9RqbtTPfdJtnGMqn5dPwgyT0tMMd/uoc9zqKh+mN2AuRUYm/mzHjuU3CE5HyTSSn+WcBcjyzzP/MppqGtcYKWB0zv8IVtR2yfSH14bpduGeimETJBip5KqQNiYdJ7q1joaakiMkxGodlyWqjhcYaRpGkd1HLZ6h2SSrKOy1cpGmIYCGGOcQ53KL5Y9nDhMkqGN4AU7JjIQsDWHB4Crqmr0A6uAoVxvfh6mxu4255Kz1TcKiqGlzyAUxQyGoFnX3dxOIXbqnkdV1j8PzhGpqGWZ+23ckq3pqMR7gYRfiFjayBSW4uw57dwrOGLSAMIoY1m52AQ562nYAIxqd6BQgQsDRvsos1xhjf4TA57zxpGUIQ1le8uc4sb2HqptLSwwADTl3qVCEeOGtq3ASHw2hS46KKDGgDPrhSGjHHZdyFCHxwkkkuwe2UsiSTklAt41JJJQgxJJJJICThyU0brpPlJSbmGAqJtODwqWukx4k/oFYVsmNlS3N/8Auzvdcu+WTTp1llK8mWYvI5T2gkJQgHn0R6UB07YyOVhS5ydCTxHBZUkLmwta4dk+V2gbEI7sRtG3ZV9WcbgozNjLG08LXz6nDPdcqn5fpB4RqRp8AO4O+6hvOXk+6g+HIwcpyYnoZDRJJJICxiYnpihBJJJKEGoqSegLbyCHKkwjLQow5UqAZaMKCZdgK7JYAClTR4wfZMlDnzYduOykRHDR5UITWEFXHEAbrqFLg43UBATHzILe6JIcIYOFYbDpJJj+6jeAgb+EMLsvKCAcHdZpvLGYCD6tkR/0hCg3dujSDICKK4KlLANNzggpwOU1pOvTjdVLgOLzyaTptgdO1bYN0tAWc6XpoxE2Qt3K0bjhZbJZPoHjq9tEX+0R6gufKW9grKFrYqNp9QoLWiSUkjlT5SG0wjOxCzw7OvCOOQkTQIMjkp1Js/OOEwv0QAdyEShJLC8t77IbDXBDaqYOqHDHZNhAdI0FBnbqmLs8p8AIeMlAGTZ9oThS7W3VO3PsoVS7DfDPdWdhYXzgkeiRb+OTVpY7rUizur/5Hg5HCpKggADI4U+8P/3jSDsqaoJ23SoG26alMjyeZznZ7KZ0vE11yzjKrqmXw2fdaPo6ljELpy3LyeVLBdMd9qRoqhh2wFo7ZEPlhkYWefuRv3C09uy2BvKxTPQVrBX9WzeDaWxYwQTleY3Ut8IHI3W+66qhgwdydl5tdQ/whv6p1K5OD5S7loqBnWAFZ0YIkZn0KraYZnblW7AAQcLox6PK1vczlbISAzCk2/yxF2OchRKk4e3IUrUYaPW1Zr5YR1NEtsssr3nVO8kr0rodobb847LzHB1l/wDUV6n0W3Tb+Oy4GvszE9b4r8yyuYHht+6xvUwyYR/jH+a1lycXNaAO6ynUWXVtGwc6xlcBvKPR35UeD0e2N8OxQgDHlTKcebOFJgAba4wNhoGEGkGXYwkW9G+EcxRYRjS0BVPVbw2gx65Vq4E6RnCzvVsjnSRxg4BO6zw4YVizHBDpsx2vxBtpYsXX5Ic8fiK29aI6azAZ3kGAFiboNEbey6NPRxtZBqOWO6fg8WoeecAYK0Lh4TS47AKq6TjHhySkZAGCcq5qcfKSuzvhaxdUEqssycrnS1Rc45Jd/qtzZhppmjHosJb/AObOQR9Llv7cNMDG4wUjULgd4/luZc0oGEeb+ooVIOEWocPBPquRb2eipW4xvUNQW+LgLS/DWPFoknLcF78ZWS6g38T3W+6Fh8Hp2JuMZdlZLvwMqWdRk0UX1NC0vT7c6yewWdiHBC1tnY1tHra3BPK5OofGDcnkm6QMY7Lq43OBlPaCDwubN5HD2hPXGnbhdS0CPSSSVjRJJJKEEkkkoQSSSShBJJJKEHEjHKGeUsn1TFTeCHChknKIeEPODlCUyivJbNe7NQk4cZpKlvsY2/8A+wV4ABvkKggLKvryTU4Pgt9AD7h0zsHH/kV80YJGcrVArPAM7J6YnqwgrQNk48JreE0k55UCwI8oKKhKFj0kklABi72XE78KuPZTPHfiYBP8W+jIiPoPiH2Gr/8A1XqLCTnK8t66/wB5+OfTsQ4ZRfof5i9QHBHqtK65MVC/1LP8/wD2OjBI3UW2OD66um50PEY/8oP+qPg+qi2RpDrg496p+P8Awta3/QpUzYiwHKDH9Mv/ADlFPBPsgs4Puoi0MncdBPdFa5waN0CcgHc7IrfpChYdJJIcqAlO7S7qCueN8QwDP/nypjPqCrKbJulxOdwWj/JWce5C0Vhmf69k0dMzgfjIb+pStkQjttM0dom/5IfxEJbZ6aP/ALyqYCPbIUinP8iPGwDQMfkttfYDWSLeX6LTXSekDgq3p7As0H/KpfUUhFirCBywhRLC3/3NT7/hC7GkWeTDc/uwRb7tTEBVcXDfsrDqA4gcFW0TsytGOQvRaaOEmcnUTxMIzZwB9V5V1kR/HajfuvUAT4nPcLynrJ2b7UYP4l2vHf7h4v6qlt00f8lBUfUFAoyf49C0/wBQU+cgvCr6TbqOL7heil0fPN2LIr9s97tBP8Oj9mBS2fSoVn3trD20hS2kFpBHCxWrDPpum/2Yij2afuoF9kLG07OxeFZRDLQVVdQ80v8A9OaEVYGr/wBlkoANAzsqbq1+iyzkHfSVczjDm4We60OLLMM/hK6OnXKZ47yDxpZ/4PEm4kke/uSr/pdv++Hf0WaY7c49Vp+kGOkrHHG2F6bScI+Gal5jI1dSRqAzuo0pILd+4T604qQM+ybNtp9yAuqujhtZNjWkizUze23+SFc3+D09p41lFqQTbKdnfA/yUbqgmK208A2yAgk8ApYRn2bDf0Xn/wAUfpa0ey38jgGtxtkLz74kfzJ2MB5wseslitmjx6xqUzAx8Y9gpERw7KC5pYdm8p7Hb8LgdHrXyXtpqf5oDtgr2duWeXuslSzeGQVq6N/j0zRnf1TlLBy9VFqWSJggkFBqYi5pcBupcrC2UjGy4dLhjhX2DB4WTPuaQTtjdBcwAZByp9dCWF2Gqt3yclAjbVysjXHUeOExnlcCi+H7proiSMbpclkMkCQPbghAc3AJXQC0BEDcjIQNZKXZGIOChB2HZIzgqU8Zzt2UbBB4QfiNhLDLuil8SMOcd1IIyqWkqtBAOwV3C9r2jBVN5O1pb3JbZEWRgIwd1V1lNjfCvnxj0UOoiyMhqzzRptju6KFzS0kYQ3PJcBjCnzQgHhRXx6eyHJldTTBHeMkqPl2dkbjIKHgJFoxZXK9HrfQV7E9mdRyu1OjGW57L3Hoi8vrrS2CQ6nQbfl2Xy10RcpKW4eC3Ba7kL3ToO4SwXMRxnMco3B90DWT6n9NeQd0I7/8AB6wHeI0gjZUt7pg+EkDjKtKadrz4YCZWRGTXHp/NJaPeyh8kMHnsrCDhwwo00WCMD3VvcYdM5DW7D3UAgEFU45ONOrEnFh7DWGjrGknDX7La6dW47rzyQFrg4HBC3lsndU2+F78atIBPqqzg16d/btDuYJGlhHIXj/XNqfS1UutmQ4k/kvZIgARnhY74kUDZYPmHDbTstNdmDD5bS/LS0fPLwyCudjjKDV5inEwGQrO90vhzmVrcAqpqg6SIYGSN11dLafHPLaR/dFlkT4tM2VhyCN06zVb6Sujla/SM4KiWOcTB9M/0yAkSYKotxjdduqW4+fXV53Vs+gekbuKiCM6twACr2/UhpqimvlOMOYQH47heWdD3nAZGXcbL2alMV4tToHDVli0o8hrKfgltNPa6qO4ULKuLdrguv3G4Wb6GrXU/zFlqHHxIXExg/wBC1L2jGyvByrIvcQ3N3OyC5pJUotGeEzACgJDki9d1GkhGk52Vk5gQXRZ4UGRngpailyS3Gx2XmnU1pNvrXAM0h2+ey9blizuG5/NZ7qizfxG3SeXzMBI9UtrJt0122XJ49d6IVVI4EDPIWHrKR8TvDe3BC9GdGQXROB9N1mL9RljtYGyTZXjo9JpNRykjGVEYYeMLsL3DCl10BJzjb7quJMTsYWdrB28qaLHILcqIc5O6LBJlvCbIwoWVjA1CecNRUMjIwlSGDIZiyYE8LQQPbIwODhuFni1urJOFPpZ9OG9lIMXdHJcRkbqQ3bdQ4DkjdTGO24TjE+B2nWMAcIY1McCpAGNgmPYCoLxk6NMgAPKE6kznAwhuc6J7SOFZQOa9oKpxTJJuHMQdJqhP04K0VquxyGzPz7KnfFtsEKOJ7XZxnCy2aXPR3PF/UV+iaUpcG/pq1krRpcCEZ7g9uVjaC6Op/qycdlpqKshqomvjfn1GeFyb9M0z694vy9GvpU4vk7K0OyD3VLX27QdcDfuryaMu47KOTjkLI6zpznmPBSRTviOlw37qWyUSNz6p1fQh2ZYRh3cKrHjwP3JwEGORKsnF4ZPkIac55UWqGRjHK6yoa/k7p0gDhscq3HAbtTRWOaWuUmB3AXJmAZKjNeWu3VxeBEmWzXYA3ylPSw1sOh4wex7gqJFODgFS4ng43wtMZCra96wU2ipt9QWHOn9iESR2S2oiODnzBW1XTiVmSFVviMTiNOQQtFc8nOspwGOKhn5Kgudvk800Yz6j2V3A4Z0nunT0hlbpDsZ7rXCeDn6miM44aMVJHkYPoobo8ZCt7pSyU8py3GDhVkxIGMLVGfB4/W6VxnkiSsJK5FJh+w4Ti86sEIcgwQVN/Jy5L0WUMuRwpAdkbqspJ/OGH9VOOHYwVojJTRmlFxZIacfktR0PfnUtf8rM/wDlvGBkrKNRIZfAcHDn1We2G7g6fjNZLSXKxHu8E5dggbKdEPEGFiekL589S6DJqLMfdbGB42XNtqPunitZHU0q2PTJAzFI0nsrWB7ZGAFwVaWF7fcLtNM6KRrTwVnawegpsbLMswuGMu4RmEPAIPCfgtUbNiXBEPlP3UloGjOQUN8OrfPC5ESDjPCmclKOTjm4Oy5pz2UkNHokQMIXPBHHACPc4PdHIGBhCdHuMIsfAzuhzkHDGeHlCfHtwpmn2Qy1QppMgGM5yotwt8FxpzBO0HbYqzfFncILwWqmJnDPB4v1V0rV2aqdVUbDozlzRwfcIVpurKlgikPnGy9lqrfTXCB8U7BgjnC8i6z6MrenpjdLePEhc46g3srjZtZ5rXaF0N2VrOQr28FDkYC3lVdrvAmAbM7n9QVayDYOG/otMLNxy3h8MrKynyctCgDLSVcSguGC3Cr54N8gJieDm6mrDyiFWU7Z2Egb8qDTyFsgZ6bK0wBkFQK6na14miHOxC10zTPDef0MrIb4+idFhwzkLr4m4BUGlmIwOVPY8uHC2Lo8VyuAeggcIgcM8hI7g7dlHw7KLBQWZjS1VtVB4nlKsYzsQd0KaIHgfuhcMjIT2merKKRjdcY45CgGTSMY3Wle3J4wqqvt5OZom59Qss6f0b6riujmlikEkby1zeCDheldG/FGSkLKe8hz2gBokG+3uvNHgsxtynMfjGQsFlWWd/xnmLfHWqdfX6PqWkrae5U0dXRyCSN7dQLTldc33Xz50z1jdemptdHUSeGSNTCct/Re09N9a2fqKJuJ2wz6RqZnk98JEoYPq3jPqDT+RSiniX6LcRgjdBfF6BTnQ6RkcFCc33Qco9Iv2QHRj0QXMA3wrBzfdR3s91Oy3FPkgSxtI04VZXW+KRhDxzvkK8dEewUZ8DieMqjNbTGfZiLl07C/O2Ce4CzkdTdunaktie4xg5GOCF6lLTA76QcKmuFmhnJJaMHsQjjNxPNeQ8fLdvrO2i/W+80zPGe1kpGHA+qi3npTW51RTdxnAWUudkrqGoMlGXBoORhXth67dTtZQXiJ3lw0SFbK9Q4nHthFrZcikdTSwkiVuCEwjHdej3Cz0F0hEkbG5c0OBbzgrE3ix1NvediWjg+y2Q1CkjnX+PnU+OUV7S4EHUptJc6mkLTG87e6r290QuA5WmFjRi+Np4NxZesHSYiqjqA/q5V1LaYriPmqKQN1DOO2V5cxxDgWnBCvrX1FW0WC2U4HbK1QvxwwZQNOypmo3mCYEFqJLHRV7cSMaHHuEqW4W69RNdLhk2ME+6ZVW6WnHiRuJb2IWmNu4CUcECqt1RQHxad5cz05wu09bK3HGVIgrZqd2JG6m9xypAit1WdWgNc7nGycmgFXkI0Udyi84AeBz3CqvGrLXVGKq80R+l+Nse6kuoKqjkM0DtbfQcqTDcYZW+BVxA52IcMpqki3TJdoivgt9wGpmlrz+Jqr5oa2hkLJ8Sw8A4zspdXajRO+etjtTOXsyiUlxjqR4Mo852DHcFU0mZLdPGS+5GPvPSlPcHOqaNwY93YFUnzF2sOIKyJ0kYOzxzhenTWdhOuA+G/ktPBVXWUzKhvgV1MMcZIyEDgcfVaJS6M/Q3ClrmjQ8Z7juFJdG8eZpyq66dJz0Mja60PJGcuaPRR6S/Ohf4VdG5vbIVNHBv0sq3wi3OiUaJmNcD6hQKmzvg/n0Tg5p5YSrJvhzsEkbgQ4ZBBXQZIjkHIQSgKTnAzsrIKwmCaExytHB2z9lDkbcbY/XE9z4yc6XLUTUlJWtzO0sl7SNVfUUtypMl7W1UHsN0qdQULM9kajvtNORHLmJ/cOVvDMdsA4P7rP1FBRV4zE7w5B2OxBURtTe7Q7zHx4R2O6Wsx7HbIzWUaWrttHVxGOana5riTuNwT6LNXHpOSLVJRP1N50nkK2oOoqSqwyQmN/o5WscgJBxkFC0plqydL4PNZI5YJCyVpa4eoSMpYM45XpFXaqC4M0zwNyfxAYKoLl0bK1pkoZA4DfSUv4maatbGXEjJ/MbHZNDtWdlIqrdVUzi2aJzSPUKOBhLcGjZCUZ9MJE90ZDmk7Kwouoamkdkeb81WjblLT7qKT9gzpjPiSNtQ9bQua0SOLT3C1FJc6WtjGiZjiRxleQ6e6fHV1NI8SQTOaR6FErcMxXePjLmJ7G+np526XMbhV1VapQNVO/8liqbre4QxiOVocR3WktPWdHVAMqCGO75Uc02c+zS20voM+OpphmXj1XGTU7vKXbq5jlpatuWOZID25Qai0Ukp1hulHtUuhbbj2iv0McNTQCCgywsO5YD+SNJbKqny+mn1D+lyAX1cXmng8vtuqdf7DgwDqKKTGY2fmFAqulqGd/iFoaTyAFbsqonHTpx90QnKX8Q5aqcXwzGVHR8rZT4LgWnhVNV0/cGSFnhk47gL0jnukQ3uB+iB1ZNMNfZA8ndR1ULy1zHZCc2omiOdTs+mV6bLaqKclz4mgnnZV1R0zRS50taD9lWw2V+QX9RimXicN0kZx6lPFxLiNQzhX9V0Z+Jn+SqanpiuBxGMgeyW60a4auuXsjuqopB2B9gm6gDklBmtFdTHzgoY+ZaQJWnCH4ofo0x1c/6JE0VTh2RPm3dwq4TuA+lEbUEn6QlOmA5au5dsnCpcd8BOE+eQFFEoxwuCRp7lLlp/0HHXTXZO8b3/dISf4goefdLJQqvA1a2MiZ47jwEjM4bkfuo2pIu24VYKesfphzVkc4XRXRcEkfkoTn4OMLmrPYK1EU9fNdFkK2Ej6075mB2wduqvSR3TNLvVC0SPkrEW3is/C4YXfEadtQVQTIPxFLXJ2JQ7BsfJTfZcZP9S4JHc4wqsTTjcPwEvmqkHOUMoD15OPTRZePONgdvsnNqJXfUVXtrJjsXfsniqB2KRKncPr8jV7JzanHKIyaI7a91WiaI/jC6XxkHD/2SZ6fA+vyFaeS0aY3n6hhSRSU8gGWqh8ZzT5XFJtZURnIdlZp6WT6NsPJ0r8jQi3QY1BoTm0chI0y6R2GOFSMvFSMDCmwXwt0+K7CV/GnHs30a7TT9ltHTVzBmOue38ypLKm/RnLLrL/5yolLe6WXDHOAPqrBssbwHNe0g+6r42jqU3Vz6sf/AHCxX3qqDHh3eTb1dlS4+sOsIxvcg7Cg7HuujA7odpqU5/0zf/csYuuur2O3qmEKa34h9SNALvAJ7+VUnhZ7fsnOhzgYx+SqUGw426hdTZef+0jqAbGOD/yro+I167wQ/oqL5I43S+TwUPxMar9V6kX/AP7Rb1/3EGfsl/7SOoONMAH2VEKPbhI0anxMNanW+mX/AP7RLxpyfD1dxpS/9od2xuB+ioBREkJ8lDgDGyirZP5Wt/Zd/wDtBufo39Ev/aDdOxA/JUHyZ7nC78kfVXKBf8nWv2XrviDeQMMkH6IDuveoDnFSB+SqDRP9QFw0Z41hCqm+iv5WtXssj111ATj5of8AlQndb9QH/wCJH6BQv4a/Vu/n2Xf4bhuS8foiVLFPUa32w7+rr5J9VUQo8nUd6lGDWPx9000gBxgFDfFGz6sIviygJ33L85DJLrdJDk10v/mKhukne4udM4k8nJRZKikacGQAqPJW0zBlsmo+gV/EZp6pf1SGnVnOo5+65l2d3ZQX3CPuCguujMHS3dUqmZbNZWvZOAwnajjGVUOrpiTh2y587ORuco5UmR62stPEameK0DkKsNSTyTlM8Zx7lUq8gPXJ/iWRqsdwl81j0Vdk9yu7+6L4cC3rZsmGt52Ka6pz3KiZPqV3JRKvAp6qb7JBmcheKc4TfEGEA1Mfc4VqAMtV7kStW3Kb4nso3zcAG8iYbhTj8SYqify617JiWSq/+KQZSN0iP07FX8eQXr6yySVV8/K76Tsh/MSn/ibKtgL8hBFv4rRyQuGZvbdVXiye/wCq547vX91NgEvIRfKLA1Iz2wkayED6t/RV3iZ7rniN7hF8TEy8jJE41vOkIRqpj+PZRy844Q/GePwqfExT8g/2ShVOJ3GV3xsjn91C8VxP07LoLvt+auNYmXkc+yV4xK4ZTjHKj+bGTv8AmkC47EFNVS7Fy8jFBDMc9lwzYCaI877rvhNG7hkK/iQh6+PoYak54Cb4zzs1oyi/ycf3QTNbQ7IYp8YievnL2DLa09/KUiyTHmKOJe2E1wBB2UUDPLUSn2wAAzuAnhrQE13K5kpijgS3kcd0juuYKWCi2kzgY7Pqub9yiBpKdo2zhVtz2XkCnMYf0TxGUYsz+H906MStyQDT7robnujBme67owcgqsE+QGI2ld8EeiKCQMJyJPIHyEfwP8f7JeB/j/ZSEkRa5B+CPRIRAHOERJQvBwNAXcBJJQmBJJJKEGpJyShWBh3XPzXTwlgIZPBQzT7rn5pDgrh4VN4Jg6Q3fPP3QSeSunlDSZvA0WvOyYngYSQhjUkk3V7IwhySbq9ktXspgg5JJIAlHGDYZxBc7PbCkxxmQ4aMkr0voD4AdX9bNbVOpxQ0T9xUSjY/YZWivSymzLqdZRo477pJI8uZBNN/dsyvUehP7OnxC65HjRUkdBSjBdPUHSRz9Prx/kvpLpL4Q/DH4Zt8eqzcqtoGDMdWcf0s/NbqlrOrOoiIrDaDQ0X/AHj/ACEg/kt9WgivyPIeQ+qpfjpY4/u//Yw3RP8AZ9+Ffw6p2XK/EXK44GPG8xyPRh+43yvSY+p7/dI47Z0xQmgpyPNIdgR22x9/1U22dB222MFTfKp1ZUu3y85AP2/RXL66OKMRUGI2jbyhbYUKHR5LUam7VS33SbZQwdGx+K6vvNR8xUO3cSdlPkuFFQRCKCFuRt5QAmTiWVxc6U/qq6rMNNGZ6iojja3nUd09RQgdU3CrrDp1aQe2VDdAANUu475Qo7j835aCne/H4uAVZUthq6/Br3uZHzpacKiFeKiniwKWF80mdmtGQp8NluN0PzFY99PGf+Gw4Cs2wW+1NDY2MbgbHuVHddLhOf8Ad2nR2OUABJEdutEQEbhrOw23JQHT1tWdjhqUVE4nxqlwcecHsuVFypqRmI3AlQg4U5Z5pBumTVLIm4BBx7qqqr1NJnBw1Utbe4wNLZCT90ajnstRbLqtu+g7kYVFcLwZCBE/91Wy1k1S/GrIKl0FokkOuSPIRuOB0I45I4ZPVSZaMlWdJaiAHTDdTIaSOmwGtwfRdfVsj2xkod/OC289HY4WQtAA4TXVLI9gd+yGfmJzsdLR+6IynYzcN37os5BB4qaryk6Wf5o8FNFCc6ASPVEaMfknKFBBp4GF1ABOUTI0YzuoQKSMcqMScndJxOdymlzRy4D81CHyKkkkuwe1GpySaoWJJJJDJ4CGLmM7pYBXVmlLJAeMboZIAy44CKeFCrXaYXYO6Rc8rkYuyHUS+LKTnbhUd5lyWwtKs25Hc7KhrJPErR3xlcu2WeDdpoc5ORHQMYU61xtdMXEbgbKGDjsri0QtEJlDcuQpezTc9sQ8wAaTlVjyZH6Ap9Y7AIx2UKkZrqRndRvPQiHCyw8v8imDe5Ve7kqdcXtGmMchQULeR1Y0crpOEgMd007lKmxw9JJJUQYkkkoQSSSShBJJJKEHqTGz+S57uAow3UqYiOg3H1KC59ohtcHuz6qQ0DCixA5GFLHCUyOWRHhRiSSVJPCjeqmcFAJSdkMZTpQS4YXQBhUnlhnR7oj+ExPfwifQxkc8pieeUxIaDQoeEc8IMTTjhGPCsBAzsVymGuqzjY9kn9/snW1p+aGR3Qy6NVEd81E9B6djDKXJarV52Ki2pgbRtwMI8j8YAKxy4PpGkr21JD6duHZUmqBc5wadtkOFulucIhGYtfqUs6EUde7U1p9G4UlgAoy4lQpf7ggcqTMdNuAzhJbHxQBji86j3Ro9nA+6jw/3LfVSIN3BUWw1dgzANPZX9ijDAHEY2WdI11wHK0kP8ukAASLHxg3aJYs3EK4P11ZGcg5VbUjJwpc7tby7KiyDIKGK4Lllt5K24E50Z4K2PSbSyjyRySsVWjXLGz1K9C6fhEdCzblLsHaSP+pknDzvaMfiC18EYZGxoGNgstSgOnYD/UtbnyD2AWOayduuWezB9ZTB91cwjIAWKvEkbWaDzytP1JUeJeZscBY69SfzDstlETyfkrW3LJBpP+0NVqDglVdv3nCs4+Vr9HG065AyapKgAb5UqqfooHM7goLP+0j7pt3lDImx75ecBYdRLKOtQsAIhqDB6kL1jphoitjTjkYXlNJ5pI2d8hev2KAstsXvuvO+Rlties8RHdJHJ25lY33WTvQL+o6OnaMguWvmH++47BZV7NfWVGMZwVxd3B6TUcbf8no78Nt8TeMBDox/Ob6YSq8iLA9ESkA5xvhZpyybq+iY7kLL9R/zKyKL1ctO7gfZZa6ea4M77oV2Vb0Rb7I1tLDTn8IysR1AZGOBB8uOFs7qPEeDzhqxXUDtcjWDnOFvp4RydbLCwaWwUzY7OyZgxq3KLcn+HRye7VKt0QisUAAxkBU/Usro6MBrsajgrSpGecnGoq7I0GpcPVy3dK3SWhYawAuqM49Fu6QHIWbUz4watD/tlzRj1Q6p2AcnAyj0gAacKLcv7vbnK5Nryzv1rbBMx1/dh7h64XpvScJjsdKCMZbleZ3lviTsb/U4Bet2aHwrVSxgYxGD+yyXPCwKivvcidGzOFr7UzTQtWYpmZe37rWUjQ2laAuRqWaYvIQbJ2Amp6wt4HjkkklYIk9MT0A0SSSShBJJJKEEkkkoQYkkkoQSanJqpkOHhRj+JSTwosjtDHPPA3Vw7KZQdOxiS7X24Z1a6tlPn/6XGNvy1LRtz3WZ6HHzFjdc9z8/UzVLT6tc7b/JaNrdPdaY9C4vJxPTE9UNEkkkoQYkknqFt4GJLpGFxQoS6OFxOH0q49kPGupH+N8c7cQP7qlJH/lf/wBV6iG988ryivf4nx0jBH91Sf5NXqbX5GPVaJdGfTJNy/ydTbQ3/c3S/wDezSuP5vKZKcRvd6NJR7SQLbCO5y79SlmoO76T9lHH9y31ypLiACSop32UBI1a7EQIPdSm/SPsoFecQs7/AMxqsG5IG3ZWQMkm6vZLV7KYAKOkGbrdPTx2j/6kKxbzsqy2v11t0djmrP8A961WMTtPvlPrGNcGc6/drp7ZAf8AiVrApVOf5LT7BVnXMviVtqpxz44crOn2iHstkOwEuSp6pl0WKpOOQAh2Zmmzw/8AKFzrLewz5287P/vgn2ja2RZ9F29H0YL/AMyp6h/uD/8AL3VfR48VufRWN+wWYPqq6mOXD2XoNPLKSOLqJZsOnPiHPqF5H1eSb7U5/qXrj3ASb+oXkPVrwb7Uj/Eu143/AHDx31Z/+Gj/AJKNxJduoVIP/rjZ9wpuN1CpCP8AaRnsQvRS6PnbeLYf5Pe7J/8AOeM+yOyXHblRbHIH2XGOEVqxWn0/Tv8A0USo3YGMcKs6hwBSkn/jtU9noqnqU7UX/wC0NUg8MTrJ/wCiyxk7LMdbuzZ5Wg/hK07iNljuunf+7Z8HbSV1dLweM8rLGln/AIPGYTguz2JC2fRZBlzjkLGxgaSR35Ww6KBMgx6f6r0OlPiGo5TL65kCoaAfxhcnB1Rf/TAh1x/39mT3R6gAFuR7rrw5RyJrDNhU4MFM0cYaq/q9xa2CP0AU2IF1JTE7nDVW9Yn+bG0D6GAoGsgMpKg4kh3wMLAdcAy3CPfgLa1k/nhOPwrF9TEGvDneixa3is06NYuTMrcKUMxI0bdwq9pycLSVkDXU5yOyzIGlx+64NkcYPS02qSwS4u2CtBZ6rViErNMJHZWdvl0EO9VcJCdQty4NLVNGC5u+3ZQW5zurGiaJafW7fZQ5m+G84GAU8wp7Xhkepi8RmCOyoJRhxHutP/eDGFSXCmdC4nHflDJ4NFFuHgr2fUEXAIQgCHDKKCCMZS28mwTU9pIQWt0nOVNZEJYduSqBk8AHMDm5CjSxjs3H5qXoLHaHchMkG2cpbBjPDIIBY/bZWdDOSAC5V87MO2XaeUsdv2S2zfp7WpJmib5wCDygzREjOEqCQObgqU5gQtHbhP5EUlTCc8KvqIzjdv7rQ1MILc4VRVR4PCTJZJOJUOa4HcJpacZUx0e/CZjbYLPYhOMEemnnpZ2yxOIc0jcL2vpK7uaKGoZITrIDj6HuvFSBnIK3HSdeamgkpBJh7BqZ9wgPS+B8gtPYoM+oLTU/zY3v+l2MK9niAIOPqXnfQV5/i1gg1HM1KGte7uT/APKF6RA9tfQNc362Df8AJIsz6PtOjv8AlrUjI9RUAgqNTR5XDKzUgLXcL0W6UQraB8pHniGCPVYOqpy2QjShhPPAjU04e5EJzdSvemq5zHGjldsd2qnLcclEhe6CVkrTu05Vvkz1cM3bR+iBd7fHcrfLTvaCcEtTqOobUQMlZuHAFStBzlHF8mmcPlWGfOXWFr+SnkiezcE4+yx0kWpuML2b4nWFzpmzRNA15yvHqiJ0T3xu2LTgrpaeeD5d5/QSpsln2VUExpK4EbAFXN1iHhsqoxkOxkqmuDA1wcNiVb2ycVdtfFJuYwu5ppZR8o8hp3TbuRbdJ3L5apaC7Yr6A+H9wiqQ6ne/625avmGhmMFRhp4Oy9n+Gl7iNRG2R+5AAOeCunW0zzHldNvi5o9HvVLJZrpDdodgHYkx3C2NNKyrp2VERy2RoIUGvt7Ltand3acfn6qB0XcDFDJZqn+9gcdOfRG0eWk02Xj2b+hUeRvCnysB7cqNLHtsEtiiKkRkZXCMORNi1QojvjByopiyCOxUxzd0N8Y7KBRk10eUdZWY0NaahkeGP7gLH3Ol8encMbgZC9yvdpZdKF9PpGvlpK8graSSlqJKaVuHMcWlLZ3NFqeDza4U5Zs5uFR1MfcBbPqKjc0Oc1u2VmKqMhowN1lsWOj0+mu3og08uHYI2Ux2HMCrpAWvG2MKXBJsMpGcm1rKEWgZ3whl2QUaVuUFwwOULKTAEnKJDKWkFNf3Qnk9tkDltYbjlGjpCJGNcDyFNYMDGcqht1XoaA52yu4XB3fKZGeTFZBxeSbF9K6QcrkH0hHwEZlIcsR2OMp9FUaJQ14OFJDBgqLKwMfkBWgW9xbgB4G4P2ThGN9lDop9w3G6sQMjKckZZrDIj4iMaQu0tbPbphNHx+JpOxCkvYDtlR3xjjCzXadTXBs0PkLtDPfS+TV2y7U9xiGDg4xg8golREBuFiPEkpnB0Ti0j0K0Vr6hhqGNhrDoeNg7sVyrtK4n1Lwv1VDWqNN7+8lvcY9iOVBqo9YzhW8lOyUZA9+VAmaYXaHtXPlU0z2MXvRTuhLHZAS8bAwQp0kercBQKqF2QWhDsbJLg452rKjTs22Ce1xbsQuHfKFrADeQEc7mPwVZQTghpByquaPO4CdTS+G4BxJCvOCnLBeCbX5XDlAqqcFoKY1+oNUhj9gtNbAnFTRVvzC/BClRS6wAQn19IXfzWDjkKDFJpIToywYrKschLpQtqKdzsZcFi6mAxyFh2wdlvovMNz+Sq7xZmTsdNC3zDchaoWYOF5HROyLlExTowDsENzT6qbNGY3FpGCOUBzfdN75PLW6ZLohEmJwIGVOp5y7AUaVm2T2QoZND9+Am1S/Zhtr5wXbTgZG+UTlR6aRrm4Rm4xjKe45QmL2stbBdzZ69k4d5M4cF7DQ1TainjqIjqa9ocF4FVF0cZkG+Oy3vw86klcRQTVGqI/SHctPosN6PffSPlXTL+NY+PR6lSVWpwYe6PNHvqCr4Dg5Cs4ZmuAyFisryfW9LenwSqKqcHCJw3VmQHDZUjiWy6w37KfTVeoAOSDpxeSVoKHoIPCltAeBthCcwIH9o6CyDGy6AR2SAwVIa0Y4VBPkBpBCYAWO4Ujj800gOHCsXg617SN2rhYcZxsmtbhykNILRsrBI4Z6oE0QO4CneH7obos+6nAOCvfGW7gKHUwQ1cL6eojD2OGCCrZ8R7qJJFg7BLxkTOvcsM8U646JqrNO642xpMBOS0dlVdP3ttQflqk6SNhn1XvUtHDUxPgqGBzHjBBC8d676BqLPUuutqYfCJ1Oa0Ik9rPLeQ0DpfyVhJI2njdQamPByAo1lvTalgp53Ye3bdWM7NYT1NPpnFe2zgop2FshOeUJw8QaTwp1TESc44ULBb2WiqW1nL1emViaZXSxup5wWnZxVjTSDONkKphMsWQN27hDiJjcNS6VdmUfOPMaH+PLckWbWg8ob2NASjxp5RnN1YwtUWjz+cEXBB2XS3I3RywA408+6eWE+yKMUyJle+LP4UB0OARwrJ8PdAdEcIZwz0NhbtKCuoA86g3Cq5oXMONOFqpYM8Nyq2rote4bhYbaf0bKrv2U7CTndHoa6rtlSyppZSxzTn7oczXQuwAhOlIxtysco8m+i+dE1Ot4Z6/0h8Wo5GNo74DgANEg7L02ndDWwtqKaQSRvGoOB7L5UZJnda3pP4j3npqZrHvM9LwWE749kiyr9H0Xwv1jKuKq1nK/Z77JC5v4UB0Z9FC6d60svVMWqikLJNOSx+x/JW74sb4SHFn0fTamrVwU6ZJpkF0W3CA6Mb5CsCBhRywZ3CrrsY1khGEb7KJNTDGQFaPZjvygPjypj9CpVJooamlB/CMYWXvXTQqQ58ADXc7rdzU+Ts1RpqISD6cEIzk6zx9d0cYPNKW63npx7Y3l+kHkcFbi0X629QR+BK1rZsbg43Ue5WaOp/vW5wsnc+n6q2P8AmqGR7TnlpOyKu1xZw5UW6aW1rMTT33pZgjNRQtw4blo7rIzMfG7Q9pBHYq/sPXDGxMpLsCJR5dXYhaKotFsvMAmia06xs5vZbq79xgu09V8m6+H+jz5rt90UPIGAVKvVhqrZKcguYOCPRVrH5GFsU+DkWVTrf3In01XUQPBY8jBWutXU0jQIqrDmfqsU2THZGZUnG+ybGzAlLJ6IKSnr8y0srQT+EqDJFJTSkYwR+6zdvvE9GfK8kH34Wrorzb7jE1lQQ14GMnZa4X5D2fodBWu+kn8iuT07JxqADXeoXKygcxvjU7tTR2CbT1GRpfthaYSyW8gYquail0SNy07EHghFmoILgPEp/wCXKN2uHcqU6mjnjzhrtu6r9E1BITG92PQnZM3C5w3HY6yropBBcM4OzXqbiGoZ5gHA9wm+JDc4fAqQM9j3BUY0FVbz4lG0yM/E0nsrTyZJUZHSUxpiXQnU08gqoufTVDcWFxiEchHI2yrqKthlOl4LHDkORjEDu3uiMlujhNHmUtBerC8+GDNAD25AU+33mCr/AJcx8N45BW2qKRkrS17Ac+yy906RjkJmpxodzlvKFdnA1nj5ReYDvDa4amEEH0Tcuj2xlvcKmgqau1SmOXMjByrajuVHXbB2l3oUe1NHGsrlW8Aqm0W6vZmPMEw/ENgVWTQVdGPDqovEYNg9ozt7rQSUpA1N49QhlzmjRK0Ob7hLdWQITlF8mUqLTSVXngIY72QYp7ranebVJGPVaea2082ZKc+G/wBlXTtuFMS2phbPF7DJSJ0NPKHfKpcMk2+/0NXiNzvCf3DuFcMbqGqNwf8AYrGyUtBVuLovI/0Oy5E+5WuXxaeR5b7FDHcuwZVJ/ia+eGinb4VXTNdnuRuqOp6NoZ5DJTyhgd2PZHousIciO5URAI3e0K7ikt1c3xLZXMLzvpJwr4fopfLV0zz279LXCiJexmuPsW7qkdHJES2RhB+y9blfWwHTUwiWP0woM1vsl0DgYhE89jtus9tP6NNOukuJHmSa7GMkrY1nQ8hkJp5BpPBWeuVguFC4iSMlo7gLO62dCvU1z9lYH5O42Tg+LkP3TDEWg5BGyB4ZYUEotGnia4LWluNbRSCamqHtPs5XlD1vcIZc1ID2HsskHuYBgZRGVG+4VKU49CJaaEvyR6HR9aUdRJomYWD1VvFWUdW3McrCD2yvLo527AtAUltSAP5c7h9ijjfL+oxX6CP9J6HPbIpfNHsT6KNJb6qFuWkkeizFFe7vAwNhn1tH9XZW9L1VXMIFWxkjPTCbG6L/ACMn8aUOkSdRbtICE8SxTf3bwT3Rob9Z6w+DVM8LPBIXZqC1vy+nqgR3xyrcoegXGS/JDGgkeU5TSJWbvjwlPa7hR+enk8RvZAFZXtcGVNM4e6nYOV6CmVxBBBGEEuDzzhPbX0r8B5wiOjt8rRofue6rCLxJdkN9LBMRrAKFLZqSVuPDx+Ssn2mY+aEoL4rhDs4AhTago2uP4spZ+mqV24GPyVVU9MFoJgd+y1ZmkaPOznlMZPSO+p+AeyXKrPQ+vWWQ9mFlste04YzUAor6esgOHQlejmOkeR4LxkoM9rEnDQUqVTRpjr5f1Hn4kc3AcwjKd4o9FsKixREZkjA98KvqemWOGYx+yBxeB0NZXLhlGJGnkgfmu5B7qY/pupa46XnH2UWS31VM462kgdwgUR/yRfKYNJN/EE8Obj6h+qHCzgZnccSwEgQeF0cq1XnkhzT7JaPZEAGEiBhC4JEzgGRnZLRjsu/iR2sBCiryX2RtOEtKO9mnuhavZT4igOj3TsImClgpU6y8sHg+q4TpHqn6vZdS9hFJsDrOdgkZCeQiFgPKXhgd0udeR0bpR6BhxByHcIzK6rZxKcJpYEIn0SXSmOr11sXwyzpb7VQPBdISPc5VgzqWUOz/AKrOgeu6TthndKlTjo6Nfl9RD2a2PqlwAyApLOrSMeULEGY/0pGocRjCD4jbD6i1EUbxnVkeMGPj0wnf7VU7SP5RK8+Mj/6yl40g31uU+IP/AOJtUuj0QdVUv/dldHVdMN/DJXm5nkH/ABHfqufMSf8AeO/VT4if/E+rPSP9saVpx4JSd1nTYz4BXm/jyf1uS8eT+tytV4J/8T6s9G/20o//AJHJwhSdb0bRkUzs/def/MSf1Fc8d/qUcYQXaFy+pNb/AEyNz/txDnaMgDsUP/b6bUQyijx2OFivGcf/AJiXjv8AVRqHpC//AIh1z7kbN3W1bINoWNCjSdVXKTl4wst8xJ/Ul8xJ/UVW2P6Al53WT4cjRHqO4O5egm4VEpLnyuOfdUfzEn9RXPmHnYuKtQX6FPylz/J5Lo1IJyXb/dL5lvdwCpvGf/Uf1SMjjsSUTgkC/JTZcGqhP/EGUwTDPIwqnBJ5RN8YyqValyLevmy0+ZgH41w1lOB9SqtKdnCN1LBX86ZYG4Q5xqTTXQ9tyq7T7JYHok/HyV/OtLD+If0hCdc58bKInpkauMiZa679hDcqg9/3TTPUOGfE5QtO+cLuCrVf9gXqLJdyYjNUE7ylcMsjhglJNAwVFUB800+xp1OOSm6PVqkCPI4ThTklNVeAZXSfZHDd0QN22COKcnlEbRyHkABTYgVcyNkjgLup/bZS20zBzz910MYN+FNizgt6ua4RD11HAO32XRHId8KaHU/GfywuGRuNmhEqSv5E+0Rg1+UhC484CN4o1fSF0O24TPjSBlfZIaIs87J3gjnP7pur2TNX3/VT40BumxxY1u2F0NA4CaDldQ7ECuR+loGyEdOTslqPv+qbq9kWwPBzJS1Ed13V7JavZTYTk5k5ylkpZPqlk+qnxl8iyUtR4yu6vZLV7KbCuRmn3XQzPdO1eyWr2V7CcnNLRyn4aENPRbUWLS09k7nnsmpwOVTiU8jtIHZdwENy4qwKbeQqSSSpILP6EkkkqCEkkkjCEkmpKFZHJJqb9SpvBMhEkM7cJB47lBvJk4kmZC4SMKygmR6rhIxhBJ35XMlQvA8kZ5XCRhDyfVLJ9VCYEeVxd0ldDHHslODkwxq7gozYCcHCd4bcA4wmKrJcpYI2gp2n3UgxtAxhM8PfdOhSwfkBafdcx7o8dNNL/dtyvT+hf7PnWXVobUV1OLVRu5qKppAx7DO6bCjcxF+uo0sd10sI8q0k8br03oP+z/111oPGNF8hS7ZmmGR34HfhfQ3Rvwd+HXQxZUut77zXsG81Q7yZ9mkFbRrr1fJvlqRoZENi1gwGrVXptryeW1/1Q5ZjpY4/u/8A2MV0n8Ivhl8NYonTxG6VzeDKdWT/AIWf+q3NIzqLql0kNqoPk6duPO8bAHPA/IrR2T4fW6jd83c3SzzEA414wtQZ4qaFtPTxNja30G5W6EVFcHk79TO+TnY22/2Z2z9AWi2tbU3h7Kmp/qIyP0V8+5NiaIaJgja3bIHKizv8Q5JJ/NRX1EcIzqwUZkbbDSCSodrmccepQJ6ikpx/eglBnqaidhiY8Bp74UdlLCd590ZYKprq2paYrfTtdn8Tl2n6Z+ZjEl2cJXenopTJYohopwM+wThHX1mGvy1ihAzX2+2xBjWsbpGBgIDbhcKwn5dnk7FGbQUUADqt+sjgFQqrqBsGYrbCDg4JwoXgltt+f5tVJkn17KLU3SCkcYohq0+iq6murJRrnlIB3IzwqO4X+gpI9T5gXD0RqOQlBs0FTdaiYc6Wqir7rBBk+JqcVTOu1yuY00kZbH6+qkU3Tsk7hJUThxO+D2V7AtmCNUXWtqHFsDMgo9BZ6qpaJpBjPOVd0lrpaVmS0EjujuuFJAAwHLhy0Kui1LAOktUEDNTo8kd8Ij7hHTjQwAngKO6oudY0sBEUPZmcO/NHo7bHTsBd53epVtZDyBzX1zsZEbP6sb/kpdPS+F9R1HjKPsNhsu5CFxwQ6WNxwhYKNrb6prtGDjlWLBjlFDgGoR5XMlQh3VnIwuai3ZcLgOVErblS0URmqpBHG3lx4ULSySpHasBvJWcvfU1PanGCKIV1Wfpp4vM4qqrb5deo6htFYWuip9xJU9vbT+6vbH0vb7QW1JJqKvGHTP3JUGNVr8z5hSSSXYPYjUkklRTeBJJJIH0WpZBtXUg0jkJLMwjhI0nfsqavlOrQ3f1VrMQG5BVC+TXKcjOSsl8vQ+AOaXQwn2VDjVO957q1ucoZAfdVcLS8AkLm2flg6dMcRyFbH5sZWjpIWspWtG2RlUVGzVUNHK0j8Rxg9sI4C7pYeCluLyH4B24RbPGH+I8jcDZQ6qTVKQPVWlMBBbi5g3cCSVGC+sIrKog1JKEfpCdqJ3PJyhu22SpcDq1gaT2SA2wufiTlmm+RrGJJJIixJJJIyCSSSUIJJJJQgRoy4BGrz4dPHH3KCwEvGPVduBc2pDSdgBhDKWBUuZoZEdIGQpAOUNgGAcJ7UGckGng/ZRs4JUkkbhRnDBU9BJZB4yurmQuoYdstrAVNfwnJr+EbCAP5Q3chEfymHkJL7GoLGBgLp2XG8Lshwr9Agy7Y7I9pbrqgQOCo7gNJ37Ky6fi1yMbzkndJmdHx0N+oiv7noVCwMoW7dsoT5DqGykUwxRtHsobnEStaBnKx2M+j1rCSLJjsRNOOcBEe3+QG+6HKNMGlo32R5nARMbjfbKE2QAHkDspFUP8AdQAVH5eFIqPoaPRLGAIuQz1Ck048+FGA/nM+xUiHg/mgkQdTA/P78LUEAUgz6FZuibqqxpGVoqnajaPYpFvJu0v4tlPnOT91Gdh2RlSBx+qjkb7IYvCI3llXvLcI2H1XpdpaG0MY9l5zRxeJc2Y7OXpLAGQxsYMeUJNksmvQ/dlku3R+JUADkOWonPhUznHs3/RUFhj1Vrdsq1v1QIrdMSMYyFlk8s6j/wBts8yuj/FuEzyeVlbw8GUgblaKol1uc48nKyle4/MnJ7Loafo8h5Oaxlew1sJ8XVyrNp0nKiUMLYow8/UUdzsMLlpfRh06wJp/mawO6i3aQvliaG8blSowTuVBq5BLU7D6VzNS+MHWpQa1ZfXxgjbK9qtQDbfDt2Xj1gjDrgzIzuP817LG0NgjDRgaRsvNeQlmOD13hY85IkhzVudj8KzVKBN1jGSPpOy0LsmreAeAs/aGF3Wuk/gwuRDL7O9e8uP+TfVYwAi0WzT7IFXnxw08IsGWtWaxnSgSXkYWVuJJrC/0K0k5IastdJfO847plXZnvItUS7zLH1g+Zu0MGNtW/wCq2E7gGZx2WSt7TN1EzbOHLdWcu1bpYNzVRiCCGJuA0MG35LJdUy/yo4u7jlay7NLWMAO4WJvszJahsTTks5TY9CdRxXgmdORZ0bbrb0gALSsl080NazIWtphkrNqTboY7a0XkDQ2IY7qvuOw+5VjD/dD7KvuC5dh3EvsRk64a62JoH427L2K3MAoacekY/wAl5EGh14p2kZy8L2WnwI2BowA0Y/RYdQDUuSTTDEzG4zkrTRAsYGrPUYBqWDutEFyr3yMCjhdQWgg8oo4WCwYh6SSSsISSSSg0ekkkoQSSSShBJiemKEEkkkoQcSMcoZ5SyfVMQt5IPVT1DUmjsVdWAbwwueN/ZWuQst8QptPTM9OBvWSxUmc/1vATIMCUsE/puhfb+nbZRyBoMVKxuBwNlZrm2cNGGtGAPQLqcRPIxOyE1Nbn1UDCpJJKEGJJJKEEkkkoQSb2Tlz8O6uPZDxWX+f8dquMb+FAG/8A1AXqLQvLKDf433OXnTCP3aF6nr2zhaJcoz6b+r/Iyqdop5Hf4SpFAwsooMHlgVfc5S2imcBw3/VWzRoYxgGwaAgHWZ9HH58E49UGT6QiO3CY/sqBZXXAkQtJ/wC9Zj/zBXDGgBUt42p6cDk1Df8A79XjUyIfsZp911rfMN+66uO+k/ZXhFFBaR/Nr3etU7/JWMXIUC1AYqSO87irCHYg+6ZCWGG+jGdXkydTW+EfgBf/AJq6g+hU1/xP11TNG4bCSR+qugAM4WuvsVHso+tiBYZcHl8f/wB8E+gGLbAP8I/yUfrY4sj25zmSMf8A1QUqkx8nGB2aP8l29H0Y7/zKO9uOkb91Ao93/kp99/1UCk+v8l3tMcK//cYyoJEmfdeP9VOJv1Tnu5ev1Zw4leQ9Uj/33UeuV3PHf7h4/wCrHnTR/wAlY0juVW28/wD1ynfhuVLdnIGVDtR/+uUn/CV6OSPnFkv9SCX7PdemXarQW5U8DflVXSOf4W8H+sq0xzusNvZ9O0rfwoO0YAxuqnqb6aP/AOnhW0X/AGdpVT1N9NF/9Paiq5lgVrP9lkiVxAO/ZZDrjezyH1BWum+k/ZZHrf8A+dD/ALFdenEWeO8r/wDhZ/4PHI86SD2JW06DAdIft/qsY0Y1D3Ww6A2mI75Xc0rzJI+K6iBc3MFtyA4wVNrWjw2HuFFvBAuYJHcI9eSKRpHsuqljg4lnLNbb5GvoI9uAN1T9VyZ0P5yMKZZZRJayR2A3Vf1BqlpGyN/Ad/srJ21kzlaRmMn0WO6mOK1pWurcPpwTy3usp1C0F0D+55Kxa7/bNWm/3EQ/C105GFmq6n8CoJA2K11I0OjIIVHd6Uh5yPzXFsWUdWif3YKlpyFLp3EEAKCNtlIjcAd+yRB4ZqayzV2eq1tEB4UmrhaTlUdsqdBH5q9a8SR5G60pnOti4zZHbkHBCDX03iwnZSCN+E5wyN1UnkkZbXkyTmcjHCYxpzjO32Vlc4BHO4tbhrtwq4NDT6JR0K5bo5HvZwQi0kpY8A8BNZuN0w+2yhGSKtmMzNGyA4ZbnKnQFlRAYnYLsYUF7HQP0OB22UxkBS5AzNJ5Cj7tdkBTXgEDblR3tGBgJU44NFVmCTQVZacFXbHhzQQssx5a8EK7t9WHYaTug7OrpdRGMtsibKzI4VXVw7Z0/uroYkG6h1MOW7DdA0dNy3dFBMzB4UWUHG6tKiPzbBQahmRgJE0Z7Eyvkyw7qx6eubrbXRuJ8pdv9lBlYAeEP6e6zvsGi2Vc1JHvXQ15Nmv+DJ/uVwi1Adg7t/qvd+n6lsMgaXAxygYXyx0Nc47nTxW6SYNqWH+UT3x2Xt/QfUTqgm2VYLaim9TyM8hKksn2b6a8mrKIpvJ6TPF8vUuYRmOUEY+6w9+pTTVbvLgHJC3bj85EJg4FzRuPRUvUtGKqhEjGfzIt/wAknGGevujvhuRgpWbggYCc0ZGyJpEjScboULtBETh3Vs5qWHgvum6oAupHu92rT4BHHCwkEjqaoZMw/SRlbmkqI5oGTNOQ4K4mmD9lD1daG3C2yeTzxjU1fOF/hZFXu0DGTuvquuhEsJGNu4Xz/wDEewfKV8k8UWljyXBbdO8dnmvqXRSvr+SJ5vWxF4bjfCZaJ3wVboseV4IIKkzYI3KrJA5krZGOwWldrT2Y4PjHltHJ5/ZLmc2muAP4crW9N3V9suETw4hkhGPYrJ3AgxxzY3LclXVv/wB/tjJ2HzxbhdSuw8hqqt8HFn1l0Td219vj1P1amgFRL7TTWi7NulMzy5y8DuF558HOrQ/FDO/Dm7blez3GibcqEuHIC0uZ4XUVfDNxD0M7K+ljqYzkOaCuzRZGD2VD0vWOoqiS2znYE6crSSjUQVWcmWUsFZPB5gQNkMbclT5WBw3UGSFwPCgI3T7pafddAwuqEAPZlYDr2xDT8/Tx4IPmx3XopGVFq6OGridDK0ODxjcKnyOpulTJNHztd4GyQOy3crE1cYa7BbwvWOs7HJa697cExuJx6BeaXKHEjjjjKVZDg9foNRGccozNZCQ7U0bfdMZJocApk41gkhVkudfCwzjtZ3YTyie1+pvCHI09k2FwwAjOblqr8im8ER3CGdkUjc4Q/qSpodBoa17o3ANPKv6CsD9LScLPkZ/JdgrHQvyBnHugi3FgW1qawjcwuDmg5CPrx+ao7TW+PEDnKuGDYOWmLycmacJbQ3IQZBlG4CE/lEgBUjtE4zwVchwc3ZUUrixwICs6GUOAGckp0WIsTZIcHZ4TS0nkKRgJEAdk3ZlCkyDNFnkZUKWF34dlaSN1baf3UZ8WeyROtMfXbse5dki09Ry0QFPWhz2jh3fC1IkpqyASsLXNcNjzhYaaDV2Q6a6VtqfpYS5mc47LnXaXnJ73wn1TZXijUvj9mxmgaD5WqvmbqOCMYUi1XemuUQe12CRggncFFqYhg4GfdYZ17T6DRqoaqCnW8op5YAAcKG4Fp3CtZI3NJyOVDnhyMhZZxyOyRxg5BQHxlu4C7IC059E9sjSMYSpIVJ5G0tQ9snhyHYq0a8DdVErMYewbhPp6zzaJCRnhFGRStZctn1ANON1AqqYwyamDLXbp8b8Hc5CkEtlZgpyeOSpveRqeQjDVILs74UKXXDMMDZSIZ2nnlPjIVKKZSX20OkLqmBvfJAWbc0tyxwwV6K8BwGyz15szZA6ogbg8kBaK7MHA8loM/wCpWjKTR5UOZhbg4491YEEEghAlALTsnJ+zzFtXIykrCHgOwFaghzcgjf3WcmDmyghWdLVgtAJ4WiNnGGc+yvD4LIsDmlp3BTKCrfa7mxzTgAhEiIcMgrtRCyePBbhw3B90NkM8jtPZKmasg8NHtHTt3julFHICNQaM7rQ08pGF4p0N1C6mqBRyOxvjGV6/Tvy0OHosko5Psn055NaylNv7i7YBKESIGNwI7KBQ1Ac/STjAVi8h4GFisjhnt9NLcizpZGvaRkBHc0HuqmmeY+/KsY5QQPdINpx7O+V2JxfkEYRCMpgaGqEH6fdIjHddSUIlkDoK6GkIhx6JDB7KF7DozjflLGUklBeATogo74geymocjeN1AHHJBLNB2QpqWGrgfBOwOa8YIIyprm+6D4fuqayZ5VprDPDuvOgqqyVbrpbGExE6iGqot17jljENUdLxtkr6Dq6eCphdTVEQex4wQV4z150DLbJ3XK3MJhduQOyqEcM8r5PQfx38la7K6VjSNQOQRkFQJ2aTkBCtVc45ppjxxlTZ4tQ2GVojI87ZJT4IjXN22CjVEX83W3hHmjLXbJkjsgBbabNrOH5PRx1FLT7FFIRgH/NTYXgjJVW3LX+mFOiGw3IXRhLKyfLr6ZVzcJdok6A4hG8MADy/uhxkDlSmnWPTC1VtGWawRnNHoo8rQBnCmOQXj0RSWQYzwyC5g32UWSIOBVg5mBkoLmeoSJwNMLMFDWUWScNVPUQOjO4WvkiaQcjKqq2jLtg3Cx2Ve0bYX4KHXp2xynMcSUaeke130oOkt5WVxNkLdyJ9Fc622zMqKCYxvBzseV650d8WqevjbQ9RAxvaA1sw4P3Xi+oeqcx/bKVOCZ3fFec1Xi5p1vhej6qwH505x7oLoyPzXh3SvxLuXTYjo5gJqYbafRe02XqOz9Q04mt02SBktdsVnlW0fWfF/UOm8mkk9sv0wrmFD8LIwVMfGAMqPnkYSmsHfIz4Ad8KO+HYjCnHdNc3I2RexM0mVEtMHZ8qq66iy3SRsVozEDnDVHnpA4ZARLsx3af5Vhnn116WgqmEQ4ZIDkHCpoajqHpqTLXvdG3tkkFekVFHg8KrrbeyojMUrQQe6YpbeTg6vxyj99fY60dT2u/0jWVbWiTGlwd6qvvPSLN6m1kb5JbnYrP1/TFdRSmpt7/fDVPs/WNZbniC4xuLRsSQmw1DfBzLKnLixFKTJE90UrC17TgghO1j1C35pLF1RAZImt1EbObscrFXWw1tpe4SNc6MnyuG+yfGzJzr9PKH3xXBHEzgchS4akkgf6quieCAigYPKfC3BjRsbR1IYGCGrBezgOCvNNDcWmSlkaHEfSvOYqktAyFcW+4/LObNFJj1BW2vUJLkbjcaFwq6R5LScBSGVdPVN8ObyuOxJ4QaW90tW3RNgHgkrlRQRvOtp2O+y1127ugWEkopqd2uM5HIKLDWlnkmBCiRTVdIQGv8SP0dupram23EeEHiOXuHbJqsyC0kdqKaGsaHRkNfyHBQxLWUB01bfEYdmuapEkNXRYLBrZ2IRoq2Cpb4Uvld/iR5EzgmcikjnYHscDnsuvgGM8IUttb/AHlM4sPOxXWVckP8upjyPVWL+FMgV9mpatpEkLQfUBZm4dLywEy02fUY2K3zfCmGWOB9igyU3PlRnO1PjK7c49nm8N2rqB/h1DHOYPVW1NcqOsAGoBxV9cLHSVbTriAd6gLJV/T89M9z4MgD0Kkp4PLanxttc9qRb+ACdTCMLmnGQd1Q0t6raEmOWLWPQq3p71b6wBrh4Uh5B2RJqXZglXKAGqs1JVZcGCN/9TRhVVTba6jB0/zYx6crTYBGWkEH0TNWcghC6ylKcezFSStedL26fUEIbWyxvD4H6SP6TjC2UtuopXF74G5PfCqazpzmSjlw7nSUrYMjOMvyB0XVV0owIp9MrB3cMq9p7pYbq0CocKab+oDGVkZYZ6dxZUwkY742Qy1uctS2uCS08J8xZuJaGrhZ4lNMJ4uxacqM57JW+FVw5HG4Wft17raBw8Kclv8ASTsrym6jgrXaLhA3/maErZyZ3VOv8SNX9P0VfBogjjaecgLOVvRUsURdEQ5w7Lbvo53tEtpma8ehKA2tex3g19MY3jbOOVbqTGQ1NtfZ5tJZKqAZfHt9lCfT+GcFq9Wlo6aqB8owVWVlko3s0OjH3wkSo/Rsr8h/znnDmkcnlcYC0ZzythWdLBzS6mcCfQqoqenq6BmvRn2ASZUSRthq6p+ysZUzRnLHKTFc6jYObx7ob6aSMAvYRlDc0Ae6zSrkmMUYWdFmyvi4kxko8NSY3iSKUgjjdUB5wEQSPachxUTcewLKMmupL7X07w8SF7fQ7qzi6miqHaKqHSDtkLCxV9Qzy6shSY6+MH+acZR/K/RmlpIvk2odZp9g7GUF9nieC631TS/+k7LOMq6Z+CJMFFhrnxO1RyEEe6OM89iHTKPEWXJgvdFF5ZS5voDnCY281keG1tO7A21AIUN5q43Zc7WPQqVFfIpHaaiFuD3wjykL+OS/KIw3u3E4ma4ZTmvtFc/EbwHEZ3RJIrRXDw3RtaTwQFFfYaTH8io0O9QUTlgvbFf2JDrcG7QOAz3Qpaa7QM1U9Q047EKKbfdqeXVFPqHY6sgp7aq6wHLoy72VdkUWDFddICHVlPrZ9kQXmIf/AA7wnsv8ZGirhz6ghSmXKxz4GgNP2CrCLcUvyRFkuFJI1pLwD6ELrW0NQNIc0k9gjOt9qq3k00g1H8JKBN08wt1Q1Gh49EMoIKMox6YOSxW6UbNaFX1PSjHf3GCVIdZLi0nFST6blIPvdIfDfE5zRwUqVcX6Hxun3GRUu6VuQJwBjsoFTbqynfofC7bvhagXiuZs+NwP2XHXfLsTRA/cKbBj1E13yZNwli+uMhNbPk4IwVsPmbdM0F8Qz32ChyW6zzvLsYJ7BA4DI6pL8jOam/1D9URpHqrqTp63y/Q5wPZR5emKpm8coI7IFmHY5amp+yCSCCMoOlTZLNcYf+EHBRZKWriGXwOx7bqb8+i1ZF9Mbhq4cY2QzkckpZx3Qbs+hiaZx2M7JNSwPVIuASyJcnUks7ZSyEHZfKG5Ka5dyEs5QhAwcLun3SxyEgVTiGnwcLRglBPKOSMFBI3Q7S8obp90tPulp90tPul7GHkbpH/ylLSP/lK7pP8A8pS0n/5SpsZMiwPVLA9VzQ71S0O9VNhMnNPulp913QUtBU2EydwPVLA9UPS7+n913Q/+n90GGTKO6fdLT7rug9kvBm/oRKLZMoSS78vP/Quinm7twFceGWNSRfBcOQkI8HKYopgylg5gpeZHaAByu7fdEopA54yR8FIA5UjQEtLfRW0V8gPAI4wuafdGwuA4CBx/QHyZGaP8P7paPUImce65q9leC28nPC/w/uuiNo5C7g+qW/qomSTyLw4c5JGU4eE3jCZ5fQJHT6BWmUE1NGwameK3+lM+lOcmKOSOL9jskJZPqVwHK6r2FcjjI48lNJJ7pJKbCmsnMD0XUklYQkkklCCSSSUIJcIympKEGJLo3XcAbFQJvA1JLb1SzjgqZKbwEwUNGDXndN8N3cKk8kzjsGknaD3CcYwFZYNJEwPVLA9VMl9jdPuieH7peIEMuAGVMkwP0j+oJaR/UEDxEvEJUKJWR6pqZknunqAiSXN8ZwuavZQHcgiSSWQhKEkmpKDMiSTElChx4SHC5grgaQhayQYUw6so2g4S8I5QuOC0wHmS3PKlCFoGMLvhN/p/dWQieHnlLwlKxhcAwqSJkEIfVdEOEQjK5j3TVDJQ3Q0JaR6LpwOSu/8Ay4TYVNlocwDt2XXNzjfC1vSHwo6760DJLNZJHU8nFQ7aP9V7T0n/AGZrHbY4avq+7Crn5dTwOw0H79lphRk5mt8tp9EnveX+kfO1qsF4vcxp7RQSVUgxkNHGV690n/ZovVWWVPVdbDb2OGTACfGHt7L6Ms1jsFhpmUditMNMxgwC0ZcfuVZRWW53Bw8KlOCn/Co9nltV9R22xcalt/8AUxPSfw26L6KjY61Wlj6lo3nldqLj67jlatja2sd5GF4zthbG2/D14Y19ycwAjOx4WjhislngEVPEC8d0cK0jz1187+bJNv8AuY609CVtTpfXBsLDvkrVw0FrssYbC0asbu9UOrvE0uGReVo4VY973u1PeTlNxgTkm1Ne1xxFwob53ObkjhAlaBhNZqdkAcphR19Q4kjCjEnOSpAhcXcIvgQsaDJsoQiBzzgMjT46GolGXNw0o0tXS02zBqd2VdU3Opl2LtLfRGWk2WMbaKjB8RuXfdQau6yOy2DYdlU3O+2u2w+NcKvT6ZWKuXxF+bJpumKOeqmJ2c0bBElkZCqUja1tx8A6qufACyV169oaV5ZQ/wA1w2w1VtP0x1Zf3ibqCq+XjcM+Gx2/5rUWrpGy2lgdDStdIPxOGVfQbhs7M61vVXUWJNXy8Z53VxbOkaSnaH1Q8Z/Pm33Vw+upqPLC0AAYwFFNwmqDikblGpFbmuiYGQUjA1rGtHsAFHmr44xiEFzj2C7HSVNU3NU4gfZS4aaKIaQwHHqERaZWxtuFY4F2I4x77qdFb6dgDizLvVSMN7bJbY5QAPkY1oa7ZGzlvKCeUsn1UKcWh5JzsUslcSULR3JSyUMkDkpEgDJOAoQemveGKsul+pLcx0ktS1jWdysDcOrbx1RXG39OwStzzUHZgHt6qDY1vtmrvvXFotuqBrnTVA28NnKobdZL71Uz5++mSCld9NKH8/8AN+ys+neg6K24rbtirrnbue7cD8lqYg1ow3YBQN7URKSkgoKdlLTQiONgwAFLjO2McJPDdvMuNLW/i/ZQW+T5PTUk5dY9kNSSSS5gsSSSSEo6QEIjn3SBOeSmOO+M4SJyGkatmEUDi5254VNGwuBcTypd0fl7Yj90LaNo2XNullmuuGUiluzyXCEIULRoQ5pHTV51djhSA3TnZYu5ZOnWsRwSLVGX1OSMq3rpAyIhRLJFuZSNgu3Z5aMD8W6bBGNycrcFeB4kmTvkqxrnGKmZGzYFu6iW1viVTQRsEW7lzZQzOytjJfkseiGCNPKA47kJEnI3XDys9hojg4kkklBCSSSUIJJJJGQSSSShBi6OVxJQjWSXRAGcZ4G6BJmerc55yAVJov8AjO9IyobHebKWxS/LBKAA2C4/6Sk36Qk/6SqICc45IzshHhEf9RQzwrfCGdAHEjujRoJByjRHG5SUi5SydXHcLq47hG3hFojv5XByuu5XByksaHHCHOSMIg4Qp+yoUNkzjlX3S7AZo/ZUZI4J5Wn6XgPiMP3VTO54WG7VI2rQBSNx6KDHpkrWMIU4nFPhQqXzVrSOyx2n0Bdk+UeZrfddqiRJo7DC4/epiHunVf8A2kqkaoDGYM7Go1Ud8eijQ/8Ab8IlTvO4JY06wZeCOyKx2RhCpRlxJ7BPbwT7pcyixszQ6ocT6K1ushjpxg+yrLI0mYn1CsLvvCATykPk6NHFLyVbX6m8coejGU5rdPdMqXFkLiDvhU+hbeANlHi3TGOHL0MN4GeAsD0nH4lcXHdb5p0Enn2WaZt8esV5/ZddPR6arVjsl1jLotMpG26kWFoMbpSNyMBVfX8mm1hgO7ikxjmR0LZ7KJM89kyW5z2WbqTmrK0FU/w6Y/ZZokumJcdyV0qo7UeJ10nJIsYSfDxlGzmMRd0CIgN32RR5pm+gG6ObwgKMqWAuQ1mcbgKodkzvee5VnJnS4KtYf5m3quVqZHVq/JIu+mWn+INGO4XsjB/Jj9mBeSdKtzdYsBeuD+7b/wAq8zr5YltPbeJhtryVjP8AtUuewVL04zxusp3kcK6jBNVN9lUdHtMnWFaMfQ3K5iljo6c8ynFG0qP+0I8IAaMIFR/fo8XGEi1cnVhwcq3Yj2HZZOvdiZreS5aur/u1j69knz7M5Ppj0TaVkz3jKshsJJ22KznTbBNf9WPpdkK+vOW0EhHbP+ShdEQNNRJORlxbstieDnSWbUi9vb8SFuNgvPrk/NwfgLd3uTMrhhYCZ+uulJ3ynRMmseJbTV2QAMix6LU031LL2T6IvstTStJcMeqyaro62iX2IvYt4QPZVdwB9PVW8P8AcgeyrLgB6d1yLHlnV/pwZumYXX2nBH4gvXoM+EwkfhC8npAP47Bt+IL12Bo8BmNvKFlveAauyXa26q2Mei0qoLM0Cryd8BaJcTUzyzQkMTsj1TU0E5WGTb7IngKkuArqsIckkkmjRJJJKEEkkkoQSSSShBJJJKEGph3T0xAQ4CT3WR63cJ7t0zbQdXjXHxnN9WxsLsrXrG3QGo6/tbQcihoKipI9nPawp8BMpYNUkuA5XUwESemJ6g0YkkkoGJJJJQgkkxJQgk1+2E5Nl2H5K49kPFrWdXxoux/+gs//AHV6mvKbEc/F+5uJ/wCCM/8AmavVsha88cmXSy3bv8kS4YNKWH8bmN/+qCucZYM84VRWDW6nZjmdn7bq2PJ9ikmljH7EBAeint+aE9VHsorrqQTSNPeob/mrkHDnfdUV1J+ZoGjvOCrwnDnfdGQIhu+k/ZEUarBMJARkRWWsEQPJHMrz/wDVFTqf6h91FoMfLMI9XZ/8xUqnOHZPqrj2MZiK7LuvXb50wFXwz3VFgy9c104xpiYGrQNIduAttfoUlgzPXBP8LiHrUsH7hS4TiJoA2ACh9euAttOwbk1Mf+YUpjMQt/5Qu3ojmX2feUl94/NQaL6/yU2+/T+ahUX1Z9QvQULGDj3/AJsbV7OK8f6uz/HagjYFev1uxyV5F1aCy7yOI+rcLteN/wBw8Z9Vf/hFL9MpHdvZQ7MCb+Xe2FMleAQCFEsLgb2dl6ZvJ81k/wDUg/7ntnSUmaOSI9lbkbHdZ7pc48VnHlCvBnfdc25NTZ9U0ElPTRJcA/kNCqOqdmUf/wBPCtqc/wAlg7qp6sB+WpSP+/CKriWQNZ/tMkynMefZZDrj/wCdj/YFa0uHgt37LIdcPAtzx7Fdip8njfK//hZ/4PI3A+EZccuI5Wq+Hsmqs2OwWRqXkUmAPxFaP4aSaqxzfUrraOWJo+NaiOVg1N/3uDCNt0ap1OtoJ3KBfiPnWE+qLIf/AHb+a7mcnEtWJF505If4S8bcKNdCH2+RhO4XOlpc0xh91yvGW1Dc9lTAeODNy4dRvz2WWvJ8RkZHY4WlJ/3eRvrlZysjJbpPYrFq1mOB9C5yCoN2gZUO9w5ZkBGojiVqkXKH+QCB3XIkuDdW9ssmKmYWvxhP4DSpVbEGvGyAzhZZLazoxeUSKaYscCtJb5BJGCDnbKyg2cCFaW+rMMrRnDTsUyuWRF0M8mgkjHYfuhnhFjlaWjblNc4acJ8llGF8Mr6+ISs043G6ztTGWPwVq5Whx3VFdYSJdTRsgybNPN9EOIk7FEcxRGvLXcKVnICWzZKOAlO4xO1DupNXB48QnYN8bqG1TqKUPBicdirQmcSta/YjHC45hcMcKVWQNhl1NGMoTwC37IJxyXCRCkj09l2jndFIHHsiPbkkqM5noEt8GqEsPLNHSV0NQMA6XDsVIe0Obys3SSCN4OcK+gqo3sGg5PdCdfT35I9TTA8BVdRDpGSNlfPb4gwq6shOCAMZSZLJrlHcjPVQIeMBRicYVpVQ77t/dV0jdJzhZpxMs1tZcWGtkt9TDVxO0ujeDkL2213YNmo+oKZ2A8BsoH7r5/op8S6HbA8L0zoG8CZxslQ8aZGksJPBS2j2P035KNUvifs+o+nLjHWUwcxwPiMBG6nTQhwwR7FebfDW9imnfaapx8RhIYT6L0qRzn4I2SZrJ9k0F8dRSjzy7UTrbcpGY/lyElvtlQJGhrg4LadT2/5ulE8bfPHuseGl7cdxyhfAm6vbYxrS5/utH03W+U0znbjcLNwu0zeE7uptLOaaobID33QxllgxkboO1NwQvP8A4j2Vk1E+URZ7ggLc0s4mha8b5CgdR0j6y1yxRjJAzhaISwwNVD5a3E+UbvSupagtxgZKqnNW864tJhc57Wb5yPZYlzeN106bHE+Oea0eyxpgwS5ulxyB6qb01X/K1jqOQ/y5N2qKW7E5UBz3QVLZWndpByuvVPcj5/rKlFuKPRLRcpenLyysZnwy4E4X1T0deoLxaoaiN4cHsBO6+TgWXK0snYcua3delfA3rJ0czrHVy7tOGAnsti5PG+V00pQ3xXKPWupqJ1JVR3CnGA05OFfWypbX0bJmnfAynzQx1UJjlAIcMKkskz7XcJbdM7yE+X7dkw8znjJfOZgnZRZIw4EZVgRnfPKCWb8IwU8lVIxzDnTslp2BVhPCHMIA3UA+U4KhYihkHlHTMBQvOOTMdW2AXmkcWMAlDf1Xz3faGSkqZYZW4c1xaV9UPYDyvG/it0yaeWS6QR+V/wBQA7qmsnW8ZqvjltZ4jUwlm2FWzR6TkDCvqyMEZ9QquaEuG6x3QPZUzyiEM6gQVJDwW4UWTLHHAXYSR35WbGDU1uCuAySoxbud1LzkIB5Qsi4A4yCgEHKOuhoPZANT9Co6uaklEjD7EditbbK5tZEAHZI7Z4WMkbjjsjW2vlppgQ7H+quFm3hmfUaZyjviegtS0+6iUdSKiFsnOQpYOU5PJy2muwckYd2yUqV5gmaXbNJRVGqGkEEJieBTWS9jkDhkd0RVVuqskRO/VW7XgBaIv0Z5xaGEDCEWc7Iy4QOcI3H9ETwyHJD7KJUQasZCsyMnhBfEClyr3DN5RPjmpJfFppCw8kAq8tvVUb9MFfGWu4DxwVFnpcj6VWz0bwCWtyViv02eDt+M83qNC0k/tNtI2ORoc3B2VfNEW52WbpL1cLW1rJ2Oez1C0dLc6K4MADwHdwdly7NPtZ9L0HnaNXDKfJBmYC44Cj6XNCuKinYBlo7KvmiJyFisi0dpS3rJGDwSQgyw53SlaY3ghJtQQAC1Z12Kkw1LVFjhHKd+xVjDMBgHCo5Rq3CfBUSRgNcc4T4TwTdgvZmNlGQN1XMldFP4bsD7o9JVtI8wTqqnZVML2DDgnqSKyS2O1MBTJGZHqqulrXQy+DO4jsMlWrCC0EHKNSwDnfwzM3uzc1FM33IWYLSCclekSx6hg7rMXqztDjLC3B5WiFmDgeR8dn76zKzxg7gKNTTPik4yrB4DsgjhQqmn0jjlM+T2jy9tL6LiiqxK0bjCnMcCFlqKqdBhhzv3V3BUgsGVprmpx5Mri4j/ABHUlcKiE4I3K9U6H6p/iMfyk0mS0bZO49l5XIA79FIsFwfarkyZrsNd5Sl2RwdzwPk3otVHc8RZ9BQyaXA4VtSyiUNbqGfRZay3KO50rJGHzaRnBVvTSOp5WyZJA7LDZDcfcdBrYWxU4Phl0WOYQ4BS6V+rGThCglZOzPchNw6J+QNj2WOSwzuxeVn0WrN0ntJwhUs+RghSDuNgqCBjlEHCZjBTxwoQ6klgruCoNGYKcnYC4AcqCsHMHlMR8be6YQc8KEwgD25xug6fdSyMoZZnuoJlHJFewHGRlRaujhrIHQVEYc14wQd1Yub7oTm+6jRnsrUlhnhXW/RFTZKt1fQxkwk52HCz1FXasMnfv2X0bU0VPXQPpqmMPY4YOQvGOu+iKix1Lq6ghL4HEkho4RQWHyeP8n4t1P5KkUr2Nc3LRkKvI0lEoa/J8Kc7Hgok7W5OkLQspHmbX6IsowwuHZGpZC/AzwhP8wLcIUMrqeYHHldsVv09v9LPD+f0G+T1EOy3bwixS4OPVDY5rhsVyRrhu3lbos8ZKOeGTdBIBxlBewdwgQVZjIbIefdSxIJRlqYnkXKOOSJIz0CjuB22U9zfZBez2RBxf6ILm+6jvha5T3M43QXNxjdLktw3cVdRRB444VRV0ZZkgLVPYCMYUOSkDwVnlTno102bTJua9pwVzJHKuqu3gHIbjZVdRE5rsYWWcMG6NiYxzi7lTLZfLnZp2zUE2kg53JwoRBCY92CMBJaTNVN9lFisreGj3foz4o2y8QtpLyTS1DQG+Id2P/6LbPa36mnbK+VWSHkc9luuk/ijcrII6O4sFTSM2De7Qs04Z6Po/hPq2Lap1nD/AGe2ae+Vwt2QrRe7XfaYVNulD2OaCW5yW+ylubzuluOD3tV0L4Kyt5RFLRndDc0EYUg8pirIbSZAmgD/AMKg1FF6K7EYIOVHki3OyvIidKkZ2amLeB+6o7l0/FVl0jGgOPIWyqKcO4aoU9HjGFaWTmX6RS6POpKa52SUS0b5GY7A7LUWjq63XOMUd4iEcmNJc4ZaVMq6AyjJAWYuvTD5iZaSQNdzgo1JwONdpZLhdFxeeiGPaK2yyNOrfA+krKPbJBI6GZhY9pwWlHt3UnUvTM2ibVNAMDQ7fC11PWWDrOLSY2RVQGT2dlPhd+zm2aRLiPZiSCcEIkcpjIGMq3vHTlVaXaXsL2jcOA2wqggErQpJmKUZV/kiZDUZwCrug6gdTsbFUN1s4zzhZgZGMHhEE+AMrRGyUOgMnoDHQVMQlhdlrhnZRqmjgf5i3S71bsVlKS41FK/MMpHt2Wgt96jrP5UxDH+vqtVWohLtgyjkm0txq6DyO/nMPZymwSWu7ZwfAl7hQyGbl2yjS0QefEiJY/sW7LUrgMFu6lraLJY7xWdsHKH/ABCB/kniLT7hV9PdLjbyBLmWMfmrSG6WG8Dw3uZFL3zsmxuzwVkF4LD56eTB9Mp/zksPlmZqHqnSWOdp1QS5YdwcqKX1EDvDqI9TR3Iymp5B7JzJIKgeQjJ7FcntjZG50DdR200co8Smk0u9EWOqrKfyyMLgPVX2KnXGXZQXXpmOoBIj0u9QslXWWppHEljsDgr1KK4Us50vGh3cFFqKOlqItMkDXNPsqzg5Wr8XXYuDyKK61dA4NJL2+h7K3gvMErWmRuglaK4dG0dS4+G7TnsQsldek7pbyXNb40Q4LfRHGeTgajxdkOi2FRFKAYnh3snElZEVE9G8ZD43D12U+l6heXASnI9CrWDlWUSi+jQSRRTMLJYw4e4VTU2GB5JheWe3IVhT19PMMh4BPYo4IPBBV/FnkGErIdGSq7VW0jtWjWz1aozarw8NcCPuFt8Z2IUCts9JVgkxhrj3CTOvAS1OeJspaW6zU5D4ahzfzV5B1LTVTWw3GJr87au6pqnpqeNpfBJqx+HhVM1NPE7SQ5pHql4aD212co3Tra2VgntdWHbZ0EqM+Sqp/LXUjmj1wslTXWuonDTI4Ads7LQ0PW0UoEFwiD2nbdXjIM9NOPKRYM+Xnx4RaTzjKZLCQNwpDaSx17fFoJ3QyO3wHYGUGanvlMd2CaMfiA3UlHJmcZQfJWy2ynfqLoxvvwqmosFPKTgYWjE8ZGJgGuTRE2Q+XZIlUn0OjqZw6MZVdOyM3jGFAktdUzOWLfvgP04QXU+Ru0BIlpjVXrrPZ566nfGcFpC6ABnIyttU2uCXGYwoFRYIHNzENJWeWma6NEdVGX5GabtnCIypeNgpktlqWkloyPsor6OqZsY8hB8bQxWQfTHCsqAfqH2UhlY44BCrzG5pwQUvEI/CUvLTGyipFxHWBo3wixVWT9Th+apGv+4/NPFSRjYovkyKdCZp4q7AH8w/qjMrRn6icLNxVbsA5RBWOHcpkLBU6MdGld8jUgOkibn7KLJZaWUl8bg3KrYq8Nxl35KYy4R6QS79ExSyJlCcOhptFRC/VTyEY4IKC511ieW+I849FYR1+fKHIwq2u3cxpVkTf9SK2K51cZ0yPfspAvLuHOJUowUsuH4bk8oD7ZTucS1+PyQ4Jmv2hMuUUmzmNH5IbzQynJjAJ5wmvtrw7DP1QJKaaM4LSq76I9vpkj5WhI7DKabZTgZZMNuFGLy0cFITuKFpPsvD7TJBpZs6ozwmA17O5wEP5qcHaRdFZOOX5QOGQkn7C/NVbdnHPql84OJI8+qH823u3ddEzCd27KlBILldHTJaX/3lMMj2SNJY52gloZn2Tc0D9y3BTDTUrjlsuApsj7JiTecjn9PWaceSow7so7ukQ8fyJg4KR8o3tKntFQw+V7tu4Kv4ofom62PUirk6RuDTiNwcOyjv6aukXLAVfGauYP7x2Puux3CujORIglTF9BfyLV2zMy2a5RfVAUB1FWM+qFw/JbMXaqP1sa7HsifxYOwJKZrh9gh+ANaya4ZhXRPacOBBHsm6RnfC3nztteDroW/+UJn/ALhfkut4/RX/ABwo69R7jkw2keoQnRnnC3xoenJW5LGx57Y3QP8AZvpybcVUn6oXQH/xGD4cWYcMz3XNLf6ltn9JWc/3Va8fcoEnRtM7+7r4sn1KX8Qf8yt85Mjo9CkGnlan/Yeud/cVlK4f82EGXoq8MG7oHD1DlTqyEtTW/ZnTGBjG6To+MFWs3St2iyTGD9jlRJLPdozvQyffCH4WMjbCXsi6WjZcLRpyEQ0NY36oXD8knQPDd2nP2VfGM3peyPjfCe0NxwueGc8EJ4YcIHDALsOeX0Xcn1XdJz9KWAoolqeTpye6cD2Sx65/RD29FSrfYzKCHZdXN/Vc55KpQZOBY/w/uu8dlzbsl+eEarkwZvAwHC7yn6m+qWpvqr2ZAGlpKWD6IuAlgKtrJyCw7+n90sO/p/dF0+y55fUfqr2k5GafddxthPyPUJZHqFEsE5QzB7FLHon5SyPVWC5pAwNR5RDGAM4Sw7+kp5BKPOAt8QScu+G4nhPFNUncRqwd6BpIwo6kn6EQW6od+FQpWR9kLOU/I9VLbaKj0RBZjyW4PqoV80P2Vy5qb6qwNA0HS7b804UlMOeyHBPlT6K4b8JYPoVY4pBgNIBCbqiBB2wouSKxsgCJ3onCF3cKb49M0YzuhmsZwGI9pe9/ojCA5wU8Ure+/wCa46o9GpnjEq9iZWXIkfL0wG7Ql4VG3ducoBd6lN8h7pLQTi2SNbAcNGy4XNH4VH1gb5TfmdsYVE2thHyAHGEKR4xnI+yC+bJzhCcT6qp59DVAIZiCuGYnsuYKWkoORnCO6yuZKL4Tj2XW0jid9kSi2TgDgndPAOVKZSbAlv7orKUDBA/dFhipzUSM1pA3CK1p1BSAxoGMJuj2TVHIrfkQDdKGeUTwjz/ql4OeQrxzgDDY08KMQ7Km+H7JCEZV7BilgieE7+n910RHO4U4RMAxhcIaNwFWwnyEbwz6JCMk8IusDbSu+IP6UDWAd7GinyM4/dLQ0en6rvibEeqBglw3VBdoLpHolpC6OF1DgDLycSXUkcYORcXuQxzfdNLM90Q5xstT0l8Meu+tS02Dp6onjdxLjDP1TY05FW2xqW6ckkZIt2zldpaesrJRT0dJJM93AaF9OdFf2PZn+HW9cX6NjSMuoqTLnfYuz/ovb+kvhH0p0ixtN09ZIqYAY8d+HzH/AMa010ts4Op+pdLRLZV9z/8AI+TOkf7N3WF8Y259QSQWWjaN3VGS/fP4dv8ANe39HfBzobpZ4FHY2XetZxJUjy/+EHK9vg6RoIniSRodjjIVxHS0kAzFCA7GMrRGtRPM6/zeo1vDeF/bg88penr3cpDFVYggGNLGgAAfktBRdDUUBDqgh/2V3UztjOrb8lEmucxGmI4RqODlKbkSKe02a3efwW6h/UMosl2pYRiFu49AqeVtXVEFxynMpvDGp2yY1hFNkqe51NRtqcG/dR3ZJy7ddDmsGNK54moYxyrjEs4SB3QXvLj5RwlKO5KGaiKEYJyUWGQK6MvxhLxIYR53Yx2UOWrkd/dnCg1VTHRtM9XMGMHJccK1EJRb6LKW46fLAVDNXUS5LzkH9Flbl8QrZBmK10U1xmbw2Lg/mqmRnXXVDdNTL/Cqd+4bC7EgHoSjSDVT/qeDR3vrXp6yhzKi4xOnb/w2nJWVm606o6lYWdL2vw2cfMT8Y9grO19B2m1uMtRGKyV25dUec59d1dARUwxDFpzzgqw8xhzFmQovh9U1kravqe6SVh5MTnHS32C1Vvt1ttMQjpKeKJrfRoBXZaskY4Qh4kuzSVAXZKXZInukEQ2yXKEamtrDpiHlUqO0ibzTDZSozT0zdOwwoW5siR2l0ml9WeFMZBBSgCJoCbJWAnZyG6QyYIUB7CyVJAw0cobZDk/9U3T7rqIMNkpZKCkoBF45CpJFwBwU10jQMqEyFTS8diCVHmqAME7BYvqH4jWugc6C0yOqatnDWFQONcp9GxrqtlOzU86T2C886j+JMLZTbLc51ROdmtZ6qJFZOsusJRNeZ5KGn7xuOHH2IW0sHSVo6dj/AN3ga+V3L3DJKho2qtfdyzHWrou8dRztuHU1S6Om5FKHnJ+4XodrttDaKMUdDCGxsOQMIhaCdk5qgDnJ8HXOJPK5kriSgjPOTuSlkriSg0+Uk5NTl1T2A1JJJCAJJJcPCAgMcpkxIxhd/Eo9aR4ZWW3hDksvBVSu8Wt8xyAmVzxFFr9AnQj+a5/OFDukuIMZ9VzLn9m9nQqW5oqIPPVF5GMqY4gd+VFp25Or0UprSXALNXwtxqlLai8tkWim3GMqvuT3OqCHcDgK5jYGW874KzdS8ySEk7rQ8Rxgy18z3k+1Nx/Owote90lS8k8HAU6ib4dE5/GFWSEucXk8lVJYQ2H3TYE8hcPK73+y4eVlsNKOJJJJZYkkklCDEkkkZBJJJKEEijbYoY5Tz9J+yGUsFPomQkMoZqju7LAoEY4Uxx8K1xjG734UeMAfkhz7FrlhWfSEM/SUVDf9JVZLisMCeUxPPKYhseAmcwF0cpJDlUQJ2Qnd0UfShO7obAwB5TxymHlPHKWMYQcIc/ARBwhzbgKAx7BvGXBbTpePLmYHb1WOAIdutp0kDqb9lUz0fgl/r5NPIMMOSoluy+vO3BUupHkO6jWYg1TjjOVksPbr8sEyba4MA9U+fepdhMk/+eIThvXOB4QmlcEan/7eUerI8c7oMA/94n7pVZPzDlAg9Mca/siNH8jfuSo0OdJ3/CVMP9xF/wAqzzHRjkuLDHwSOy7dpHGQt7BGtQ8Omc4DfTsq2umcZfN33Wd/kzeuK0gT/pGSgV5/kOx6IkpyQo1c4eAc+ij6EW9Fh0XGXT6vTlbePzrI9ENAgmkxv2PotdStLzgcrNM6uhWKEai0M8Ombtysx1/VAvjpO43Wttrf91YVgOtpfFu5GfpbhLr/ACD1stlDRkrm7FPys/C7xJwCPdXd2H8jlUlIP55XRj0eL1E8zUSwzg7I9N6nso2zdyVKpdhqUuf24G6aO6YyscWwuxsSFW0wOecqbcnnwwBtuotCMz/kuPf2deqC+RYNP0c3/wB6Nz2wvVwf5TfsvLekW/8AvVq9TxiIf8q87r/9w9v4pf6RXwYNTKfZVnRbdPUtwnHoWqdSP/nTOPZQeg/Pc7nLjP8AMK52MHSWHYjXTjMmrCLGckIbnajnGEWFvmCVLlnQksAq4lrD9lk5na7jrzyFrrhjwjj+krHRf/PBydVHAm7sBemj+Hy/YrvQdLpppJyPwofUBDaF26sukGFluOBy1aEsmDH+uQOpp3NZI5hAOCsRGNUuonJI3Wm6pmIZKMcZWWoiS8/YJyWEc7Vfdbg2lnbhkX2WroACc+iy9qOY4h6LYUEbQwe/K5+plxg7WhWY4LRu0QHsqyt7/dWg/uwqus5P3XKkdT0UtIP/AH/Tj1cF63gCMAdgvMaKNgvdNluSXBeoaXYGyRqOSq1gmWT/ALUfstAqKx7VR+yuzyuDqHtlgacSSSWeTTIdB7Ig4QxyiDhCGdTk1OTENEkkkrIJJJJQgkkklCDUkkkBBiSSShBLGWt/z3XV+qGgD5Knp6Jw5zkeI/8Ady2RcAMk8LC/DdxmF/uhGr568Tlrv6mxnwx/94nwM9nZsm78Lq4CDkhdTCkdbyESRuMJsQBeM8Ik3Oyg4EOF1cHC6oGMSSSUIMSSSUIJMnIEZPOxTyRwgTf3TjnsVceyHiXTzifi5diBxB/0XqrHk4XlXS2HfFq8f/SQPzXqcI8xC0S6Mmi/q/yPkwaimB/7wn/6kqxd33UBoHzzA4fQwuCmN82+pAbGsjH8oT0RyG9UUVtwIdcrewHOJCT+hV08EHdUUrD/AB+lbyCwvWgqyBCSB3RgnBuOcpswBieD/SUwcBNn/uX/APKf8kzBeCFbc/JjPqcfqVJiOHZHqgUAxQQe7f8AUo4OEUHyGYmky7qW6PBziTH+S0EfZZ+zDxbldpv66ogH7BXQBAxlbYegGZnrskx07e3zMf8AmFZj+6b/AMoVZ1x/2WkPf5ln+as2/wB2z7Lt6RYWTjX/AJlBf/o/NQ7fjQw/dSL/AP3ZPuFEtv0s+xXoKeUmcq9/6mBXbZuR6LyjrhobeI8d4wSvVrru3C8r66BF3iP/ANCC7Hjf9w8f9VL/AOTZla04mxxsovT7j/HT90W4HE3PIUXp9w/jhPuvTRWT5fKWJQ/ye09MuHzT2f1MWhPKyvTh/wB/afVi1p5WHUrFh9T8U/8A5dBYRkjfhVfVm1LTYGcShWcIy4Kt6oA+RaT2cENT+7A/WxzSxocfBZvyFkutyTQEZ52WsZ/2dn/KP8lkuuMfIt/+mBdivs8T5XjTSPJa4aWSADADsYV18MZR/EwCRvlU91OmSaJo4cXI3QMpbfWjOBhdPSv70fItSsTaN/1GdNRqxnfYo5I/hwyeyD1E3yRuP9WE0nVa3b9l24s8/csSLHpOUO1AncFGuAOKgA8hVnSziK4tzsQrSpP86QY5RvoQ1tMw0eVzOScrP1hJlc0jhX8eBXSA8KjryG1LvdYdQ8xyaKSsidpmbgd1aVIBp844VZMA2Q42VjE4SUw1b7Llvk1t4M1cGgyEegVYAQSr+6Q6fMBuqN3lJwMLNdE20y3RyMPIUqB2lwIwour2XA7Bylxe1jnHcjT0VRrAGQpjvYrN0FYWHzK+p6qOVoDStUZrBitraY9+2xVbXNBYdQyVauII2UGo52CklklcsMzk2IpAMKRGMtQ7hATJrC5AcADKWzf+SyFzjIXYZHRP15XHsOA5cfwMKims8FtIxlVAHEZyFXOaWOLT2RKKsLGaHcItVFn+Y0bEZV4yJf2SwQSzBG6jyM23UrRvunPiKVKLNEZFacsIwplFU6Dgt5Q5Yf8AD+6CTo2HdKeUaKrXHlGhpalrxuAlUxh7cgKpo6gsIz3VvFK2Vgyo0dOi928MpquDS7Ab29VU1cZzwtPVxNPDc7Knqof8H7rPOORs45XBUNYWuB9FdWm5OpahtQ07t7jsqxzDqxjC5TudFKNX0u2SWsEon8Fis9o99tt18eChv1K/D2Bolx39SvdLJc4rrbIKuMglzRq37r5T6DvB0vtc78tcCG57L2X4bdQGiqXWepflrvpyUiSyfZPpvy0LFHc+z06ZoeMEbHYrB3Wkdb7k8H6JDkLfOOMY3yqXqG2iupjKwYexJsR7W+vfHcjG1kIGJmbEc4RWHLQc5JCdT/7wx8Txhzdio0WpjzA8nLDge4Skc9RaNV09UuewxOdwr1oDsjGQsTb6l1LVscCdLvKVs4XgNDj3T4SwNis8M8p+JlhETpHtj8r8vC8QuFM6mnLCNjuF9X9WWpt1tkgDQXtBLV83dVWx8M8kT24cwnsujVPJ8/8AqXQqL3IzONcbmjkqtnGrLe/CsqcaJcuGexUe707KWcFg+tdWiXB8t8lpVGWUX3RleJKOW3PPnbkgeqnB1Taapt6oJHRy0pBcGnGVjLdXOt1wjqW8ZGoeoW7dIIa+HxiH0dyaAfYldOqS9nktVXh59M+peg+pqfqnp2luMLwXOYNY91Ou9u8cipi2kbvkL56+EnVA6G6yksVdUuFDctog47NeDt/mvpjaWMEHLXDYpuUeJ1+l/i3cP7XyhlprDUQBj3Zc3ZTHRjsVTBrrfWhwOGSHP2Ku2OD2hw7phzwT4w7uq2tg04lYOdiFcEZQywO2O6gRRtd6hPSqo/l5yzGx3Cc1ocM5UIMIyqq+WmC6UMtPNGHBwOMq58P3TXs43UDhNwllHyd1ZZpLLdZqORhDQ4ln2WXqG+XYL6L+MHSMd1trK+hhHzUJJIaNy1fPU4wcHkJVqyj3PjtTDUVLb2VU0WXZIQ8aeVMlaC5RZYztgLDOLOvCSQmpjkh3Tn8JRcuyMmp55Qzwg6DXDEcYKjYDTkbboxymoJfsci0tF3fSPEcjssOy1sM8c8YkjOQV548HkFXtku4jAhe7Bb6902FmODn6nSv84mvBymTNy1NhfraHA7EbIycmc5prshxSOhlBwrqGcvaFV1DASC0J1vqzFN4bk6GRcopl20Lq6xwcMtTlsiuBWAeAhlueykIeAphEBGJqjPhG+2FNLduUPwzk78pdkNyJ10U1XT54G2OFUSw1FITNATzkgLTyRau2VFqaYluA1Y7dPuNem1M6ZKUGNtXUTahjaaqGmTGASeVaBrZRkceqyVTRuY7XG3BAylR3qupJQ2pBDCcNPZcy/SntfE/UDl/p3vBoqmkycgKBPCWKbT3GOqY0Yy7vvsU6eIFocByuTZXteD11epjZ+LyVRkLTgjlNec4LThGngOcgbKMfJ9Wf1S39g7dkI2pdE4bqzo7nCQMndUxwdnFNDdsg79kSsKUsMvbjQsrIvHgxqAzsolDcXwPFNUZzwCUa33NjI/DlzkbJXCijq2GWMYf/AJrRGWeyp55lFlp9YG4UaeIO3xlVFDdJaOQUtXkjOGuKu2vbI0OYcgpyfBFNSRlb3ZMF1VTNx3c0f5rOTtLxjGML0eaMY33Cy96tgjcJ4G7OOCPRHFnF8loF/uVoyU0Ja4EDGFIpasghpHCfOxp2AUSSIxu1BOhNx6PNW1clzHOHAbp5weFU0tQM4KsI36htun/JvMyjhm06P6jkodMT5DgHBB9F65QyNrIWTRuBDwDt2XzrHK+J2thwV6f0P1RinZBJLkjbBKRLGD6L9M+YaS01h6ZQ1zaerEMow3sVdeScam8dlQFrKmn1RkZeMgqytlW1oFPKcHsT6rFZHLPqOi1SX2TZYQeWUNO2VPaAFDfGSQWjCPTyE7EcJLWDp8dhSMpw5Tk5jNSheMHABhdwF0jBwV1n1BQI4Gk7gJ+hvongDC4oXg5gYx2TXNbpOyekoWRSDlcUktbg7KOQcqCnyCcMhRyDk7KYQcIJZufL+6gucACj1tLHWU76aVrXMeMHIyphZgZyhE6u3CtdmaytNYZ4f1t0HPY6l1bSMLoHHJAHCzTJCW4PphfR1dR09fTupqlgc1wxv2Xi/WXRdRY6p9RTsLqd5yMdk6LPC+X8U6c21/iZgjAJUaTkHHCkt7oUjdtlprltPF6yv5IOP7DUdTuGlWTfMBhZ8amSAgq5oqkaRkLp0z3I+c6/TOibCvp2PBLm79lENRNSSBzmYYThWeMIU0LJWGN4yCnnNUucPoNHJFUxB8bh7j0QpGDCqpKeptsnjwuLo/xNU+krIqxgcw4zyD2KMLZjldDXnB4QnKa+LvjlCcz2UxktP0RSzHdD0BSyzPdC0+6BrI1NkCogDhsFUVVJk5AWhezKjSQB3ZKlXk0V2uJlp4TH+HCi6c8rQVVLrzhqq5qd0ZxhYrK3E6FdqkiEBhdD8nhF0HBQJGHbCztDpfcWVrv9zsc7ai3T6SDnBOy9j6K+KlsvzmW25gUlaGgN1O8sp9vf2XhKexxaMjlLlDJ3/F+d1HjWoptx/TPqsuB3HCaRjuvCOj/ihc+ntFJcGCqo27Y7tHsvYrF1TZ+o4RNbZ9QxktOxCVKto+neL+oNJ5JKMJYl+mWRBQnDsVJI74QjygUXk7zeFyR5Ix6ZQHQ69+MKc5urumBuO6dGIixZKuelDhgNVdPQhrsrQBoOx7qNNAH9se6mMmKyvJlbhbYahuiWMbhZGv6dqqWU1NvmfG4bgtJC9MqKAO3AVfPbyOAFTX6OfdpvaMhZ/iFcraRRX+m+apx5S5wyQFoJ7bYuo4fm7DUMY476T6+mFU3ax080hdjBcNxhURttxs83zNtncwg58p2P5IVc4Pk51tUU8TXBOrrbW22Tw6uAsB4djYqI4jI3CvrZ8SaeVoouqaVhx5WyGPOFOrOlLbeIhW2KtjcXjIDXbfotUdVGSwc6ej3P/TMqHHGQeF1srs8ldrKGstshirIXMIOMkbFCDwQnRtT6MzjtWH2W1HeZqchsrzIwdid1d01yhqGjwZfyKxj885TY55InamPLT90+vUNPkU0snoDZWuGHtBQX0FI93iCMA+oVHb+oI3BsVSMEbaleMflocx2QeFrrsUugAsFxvFrdlj/mIP8Au3bkfZWtL1DZ7gPDrP8Ad5Dt5gqsS7jUFyeCiq2YliGr1A3WtWOGAMl5La9vHoZmvadxpOUBlbV0rtFZCJY+ONwqOL+KWx2uhqS9gP0Eq3p+qqSVohvFKYnHbVjZPhbF9gyltJXytquPmb5XemcEIM1DdaJuuEvfGOO5CM+3R1DBU0Mgc07gsO4T2V11oGgD+YzuHb7Isp9ASakRobk1/wDLnbocO+FI/lyt8pa4fqisrbHc/wCXKwRTHnbG6DPYjF/NopiDzseVYLSawyqunT1FcAS6BmfYYWUuPRUg1OpTpx2IW2FZNGTFUt0uG2SOU8v8VuQcooLLObqfH12PK4PJKihudC7S+J+B3AXae7VVOdi4/mvUJ2R5LXxsd9xlUtb0nbKuQzGIRk86dgU7GODi3eKeftKGg6gjcQ2oz7q2ZUU8rQ6OVpB91TV/SNbE4vox4jPvuFVyUlXTO0StkYfzQYOZb45x9Gv2cMg7Jj6SnnaRLE12e+N1m6W8VVL5XHW0dj2VhT9QxPfpnjLR6hC4pmP4Zw/EVV0zDM4mJ4bn1VFX9O1NMSdGodi1bOKphnaHRyAg+6JjI3CGVWQ4W2w7Z5y2SvonZie4aexVxb+ublTkR1uJIxtgrRz2qhndqfA3J7gKouPSIc0yUrgc9il7Wg1dVY8WInw37p+6NAnc2F7vyU11oY6ISUUwcDwWnKwdX07X0o1iI/kEGju94tLwYZ34ad2EnCDLRJ6WqXNbNy+kuFKPEqYHOZ6t3QxPE/Hb7hVNF8RJw8Nq2tc07FpWihvVjucA8QMbnkYwQrjtn0zNKE6u0yMY2ObkHKEYRn0Vgy2QStLrfUnHo47KHLT1cEmJo8j1AUlUKcsgTStIORso7rfA7YsU0TQ7N1HKKGBzctbz7pTqXsZG1x6KWSy07gcNUN3T7SSRHstH4Y7BNOR2QTog+kNjqZr2Y2awVDJCGcehUKa31Mbi18Z27rfH3ahvijk2dG0j7JD0y9D465rswQjLNiMJO+63MlsoX4zA3PfZVtV01BI4ujOAeyF6eXodDWRz9xmA7b1Sa9zc4BVxJ0rUNyYicfdQ5LDXMBJaSB7oPjcexvzVz6Ax1crNgThSG3QbB0Z/VQ3000RxIwjCCXHBGChyxmyMlwXkVyYRu0qSy4Ru2x+6zTXbYDiPzTg9wOS5x/NVkW6EzWR1gO6IakOG7VlWVczdmn90dtfNndyJSwLen/RotNG/zOjGTyuGgpJxhhDDzyqeOv4yjC4t91MoFVSRIfap2k6SHDsVGlpaiMeZiPHXOduHEI7biQMFoKspuS7KdzHtJDmkLpkDeQrllTC44MbRn1CbLT2+XJLQCfQoWskV2O0UzS0nsmNdoOQ7Cs32immOIpvDPqgy9O1QbmKpid+aXNSfQ6N0CM2pl7uCf85JGQSchBlst2jOS0OxxgqPLTXJn97TSY+yptoPMJ9Fi24t/E1O/iEXduFTZkjAMrXDO+4TDWROOnJCHe/0X8UHyaD5ynDNWQfZOjlhmGzh9lnmvzuHp4c4jIduFcbfQLoXo0BEI5eP1TPDYdshZ/xnsJw4/qnCoqGn+9KN2pFfAzQ+DGe4XPBZ6gKlbV1A/GNlwXacbEZQqzID08m+C6NOc7PP6pCB39X7qmF2l75ThdndwUfBfwSXoumte05DiPzXfElA2lP6qk/ix9Cui5kdyl7ki/gmi5+arA7ImyB6qQLnVadJcD91n/4qfddF1P8ASSplMp0TZd/NnO7Iz/4Qk6enOz4Iz/4QqX+Kj3XDcGk8n9VUlguNM4lzm3d6aM/+EJuLaQR8vH/5Qqf59p7pnzLf6ygaTC2S9suDT207/Ls/8qXy1uP/AAW/oqf5pv8AWUhVDs8qlFItxcu2W5pbdgjwh+gQTb7f2aP0VeZz/Uf1QfGkzyf1RJxSwivj/wD1mWv8OoB2b+iX8OoM8N/RVXjSf1u/VLxn/wBZ/VCkk8k2S9SZZfw+g/pb+iX8OoDtpb+irfFd/WV3xXf1lHlfot1z/wCZk51qoCc5H6Ln8KoPUfkFB8V39ZS8V/8AUf1Q9kcJr+pk7+EUH/eP/VL+EUH/AHj/ANVB8V/9R/VLxX/1H9VWEDtn/wAzJ38KoB+J/wCq6LbQjbSP0UDx5PU/ql48nqf1UwibZ/8AMyx/hlD/AEj9EhbKEb4H6KB40nqf1SE0nqf1Uwi1CT7kyx+Socf3bf0QvlKHJ8jf0UHxHf1lD1SOP94VIRyMUWlgt2sp2jSGtwP8K45tL3a3b2VUXPH4ym5kP4yjcEi2mWRdSA/3bf0TvmYWjYBVjAT+I7JxBx9RVbEXtZNNZGOB+yGawdjhQX8rvl9FWMBbMks1zwD/ADEF9ZIRjxMhR0sBTgNQwONU/vumunLhhMyEi4BVwEojHZJzhc1EjCTpA38KjeISfpQZDUUgxZnfK75PUfqmGR2Pp5Q3RvPqqcmi3tDbf1BMMwwduFxsDz2/dPFITyrTcisYAmd2dgl47u7VIFJk5xuiNpWhBtZN+1kIiQ74XAx2dxhWjadoGNAS8EDgKbA3YVpgc7GGIjaI8lWPhNbjYLrmDACYoA/KQRSD0RY6UNOQpOD6p2n3V7EgHOXsCIm4wAu+GBwEbf0XBqPCL7Yrgjk2hmAOyROU0yN7peJGlPCFtNiBz2Twwe36oBqYRtq3QzWDGyLAeGTNLfULhLB3yoTqh3ouh5cM5VZQSgSPFA4wkZvsoespayryTYiSZyhmYnbCahtUyy1HAUnO64h7ruHYyr2sDb7QZJcbknGFpOmfh51p1jKIOnOnqyte7jw2ZB/NFGDYNlkKluskkv7mfS3PC+lOjf7FXV1e6Oo6xucFsgcMlkTRJIPbfYH8ivcujv7M3wp6NbFJJaP4tMzl9WdQcfUt4/QBMVJwtV9SaKiWyH3P+x8OdOfDnrjq3bp3pqtruN4o8t343XtfR/8AYz6orS2brO6Q21rhkwRsErx98nGf1X2HFHb6BohoKOKmia3DY42gABckmaPzTYVY4OFqvqTVXR2U4iv/ADPJukP7Nnww6LMdQ20/xKrZxNVYcP8Ay8f5L0mnpIYY2wU8TIo2jDWsbgAfZSXu7nsoktYIRknC0KrBwbb7r1m2bbJAg0jJ4G66ahrRhhVZNdycjX2VfLW1LuDhPjDBlxguZbmGH+Yf3UKpubpBiEqA1s0g1SuynMaGnhWGEEs0j8vdnKO1obvtuoxeGcDlcy55BAJUwQkvnfHtHshCWV5y53C4SGjLlFnu9HBw8Z9ii2svGSwJ7koD62FoIa/zKhrOoGniTDVUVF+cSBRjXIeBnlEoDFHJqqiscAXOOwVFX9R0NI0yPmBcOACql1uv14cJKqpdBGfwtdjKnUvTFup3Ne9nivHd26Yol9EGTqPqK6fyLLQ+Fn/jSt2CbD0bWVj2y9QXeaszuYtR0j2C0cZjiboYcD0UWpuRDtERwB3UGKbXR2ltFptQaKOjjZjggbostSMbYUBtVPMSSc4TmRSvI8QaQoSS3Lk5PVtBAc8hMzNLjQwuBUkUcRw6XGy5LXU1O3Qx26gvGAUdCXEOnbjCK+ejpxhnIUOStnmOGnYprIHuOp4xlQhIfcS46Ye6Gdcm7gnthaPwhSBGAMYRJZJkjsiJARGtwikYXMhUMQ4bLqSSoYMSXcbauB6qluHVVuonmCHNZUHYRQ+Y5UBUXLouZd8EOCyvUHXVss7TBC11dV50iGDff3PZBqLP1R1RmK7Sfw+ieciOI6ZcehI4VvaumLVYmBlFAzVjDpCMvd9z3UGLbX2smPNl616zLZbxUMt9Cd/AYPMR6EgrU2Lo+wWd3jRUEbpwMeI4ZP7q3xjYbLrdu6hUtRu4SwdfjVsFzKSSgPfIkkxJQsSSSShBJJJKEPlVOSTV0p59HrxJJJIQRiaTldPC6lyeAsjTs059FVXOcshOO6s5d8YKzl1k8SdkGTgO/VY9VLETTTHMg8AaIQ4dxlUV4ld4oYDtyrt5DY2jONlna14lqSW5wNlzrnmtQOhQuQ1K0CIH1yptFHrqG7cKPTtIhbsrO1xHWZiNggrWEkS3iOSbWTeFSloGFnWuLpFbXqqYyMR/iKqacFzgUyUucA0r7dxbB/h2/wC5VSeCM7lWVa8Mo2M91VkZHKlk3jAdKwnIR2TF1y4scnlmkYnpieqKQkkklCxiSSSMgkkklCD1z1XUsZ29SgISK86YqeEcDzobdxlPuBBkjb/SwBMbsFT6FQ6ydQkkR/0lToZ0ATUR/wBRQ0mz0UJOTU5SPRB54QXd0Y8ILu6trI0AeU8cph5TxylBMIOE1+xC60gjZMlOMFQGPY52DhbzpKMCAvLe2xXn7gcgcL0rpaIC1Rk8lBbLB6j6ejuuZYVZIYfsotgJMmTySj1jtIfk8DZBsDc+f1JWafPR7KPM0Tn/APzxCdxVEoRGu4ZRXf35QmhgKd2a9yVZ/f8A5odF/wBuefdEq96jA5yoSI9m36KWN4Y/sojFPhjMgjjaCVmsNtPZd0flpx22VTW4dUZB4Ks5HiKINA4GFRyEunIJ7pEezTLoe45DfZQbs4tix6hTmt4VbeneUfZDOW1CrvwZquh4cW4uIxklay3xaqgDGyzfSbA20txtly1VmH+8grK55OzpliuOP0aKkk8KMRkcLzPqiQy3qd3YDAXpLiGxud2AK8uu0onrZZAfxEfuqq/IR5aW2tIz13diE5Kqbf55CewUi/PeXFgdgAKNado8HddKPR4y2e67BLndggKfRgOgbvg8KtqCCVZtaGxsa3YYSr+uDXpE08sh3Lbyjsh0DcEnG6dWY8Z2TsnUQGMhcq7s69H5ml6R/wDnq37L1KTaD/wn/JeW9IEG7N/Jeo1BxGW+y87r/wDcPceK/wBopoHY8c4/CSo/w5dqluDyOXndEaQIpz/gch/DX/slc7G5lIyufLo6Ef8AcRsH7b+i7T7nC4d2hOpuVnecnRBV5zE7/lKx8QxWv9lr6/aF5/wlZKgw8yPI82o7rVW8Iz3dkPqIE0ZAO6venovCs8eRglu/6KivpIbE0jkrS28AWxmBjyJ67M8Y7rWzD9VSeSXb1VFaGh0hJ9ArHqqTM2hrti7dQ7M06nELR/ScPUS3WvBrbV9bR6YW4o2gNZj0/wBFh7U7VKB7rc0owxn2XK1XB6Lx/wDtko/Sq6qHl9sqxP0qvq/7l2OVzpHR9EG3YN9pv+YL1bA0j7Lym2Ai80zjxqC9YDTp/JZ9RwXHskWkAPkeBurZnJyqy08yff8A1Vo1cDU8yyGDRUJFWdkOjlEBGEJdHKoMKkuDhdRDRySSSMgkkklCCTU5NVMgkxPTEJBiRGRhJJQFES51cdFQT1UjsCNhd+yz3wzpXQdFW10gGqeN05Hu97n5/wDqv2TfitXSUPQlykiPmlYIfcasjKu7VSOoLTR0T8aoIWxnHGQnwM85ZlgmNI9QnKNk6uUdrgBglMCXQeL1SeclKL/RcdyoNBpJJKBjEkklCCSPCSR4UIDJOUx+zDn0T/xIdT/d7eiuPZDxHpQk/Fi8k9tvy2XrMLdR0g+q8m6XGPiffnerTj9l6vAdwFokspGTR/1/5H/Vci0fhgKktzgZKj07f/eEshGwjAUlBg3DEsZSykqIVwZ/7/hOP7uk/cvIVrUHVp9AdwoMY/8AejpQM6Yg390aZxLwB3RlBnkEDCFUf9klx2B/yXSMAJk3/Z5//pZTceiZBwDFFTgD8H+q7nC7CAKeEekYQZRhpJ91eMMsyHT+T884/iqn/wCQV8NmZVLYG6YJyRzO8/uVcNO2MLZV2hRmuud6akH/AOss/wA1ZN+hn2VZ1sctoc96hv8AmFZ8Mb9l3dN+Jx7/AMzO3/8AuH/cKHbhhrApl/H+7vPuFCt7hhi72nf2o5N/+6Ouw+kLy/r5mm6Rn/AAvU7oMln5LzP4hMxcY8nfSF2fHPFh5f6njnRyPPLs/RK33UbpwF17LvVHvRxIAUDp2TRdx7len5XJ8m/+pE9jtDvCrIj6twteDkZWIpHltTTnHIC2zSAxpPoFg1PMsn1HxEt1W0JB9SgdUA/IA4/Ep8H1KN1O0fw4bd0FT/1Eb9Us0SIkW9LH/wAo/wAlkOuD/urR/iBWugOaSMj0Cx/XG8DfuF2YdnhfLf8A4Znll2BFXI47ZaVzo13hX2M+v/VLqHaoOP6VF6Xk8O8Q57ldCniSZ8o1i+9nqXUwIpYz3LsoERP8Ld9gpfUozRU0oGxaFAZvbHn2C7UJcHm7vzYXpd2K/Geyvared49lmen3EXBuD2WiqT/vDh3IRvoyzfJmJMivf75VBcvLVEn3K0FQP9+J91n71/2nb1KyX/izVQiBNl7sqZTyERhnsoWoKRBOM4IXMNU0MuTAYzlUE8YaVo61pfGcHsqGdhGMlBNcZNGmZCOR2XNXsjEA524QSDlZZLHR0FycblpyFLpq58WMDjsoi445OQcIoSy8ATgpI09JWxyxB2vfgplQ4cjfO6pKecxnZWDKgPanJ5RllU4yI1cAQT7KBCcPGFPqd8/ZV3Dt0Q+tt9k8kGIt7qM4nhGgO35FMeCClBoFktxhW9PPHURBoOC0YIVU7jPoE2iqfBnBOwOyOLBsWeSzqIQNwMILSDsVOfpkacDsoL43Nfn1KKcci1LDwCmbjfGVCfGecKyOHj7ID4h6JMoDVLBDBdGckcKZS1x1Bp2UaYH0UduWuzhLaNNU5R5RoA8SNyXBRKmIFvCDT1GAGnKm4a5uxSZRydrTzjZHhlLNAGu4UORoBGArqpiG+AqyeIg5Lf3WaaDlFEu03CSinjnad28r160XQSMprrTvw5oBOCvDS8jYbLY9E30xj5CZ2QeMnhJaO/4TWxomqpez616bvMV6tkU4I1BozurJ7c7cg8rx/oPqJ1DWNopXeR/G69eY7U0ObuCMhLnA+y+L1j1FOHzgx96t77ZXfNM/upT+irq+EhzKmMbHlbW6UbbjSPp3bHGWn0Ky9L4QD7TUHErfpceHBZHHD4Nk4YIMP8wZC1VprDPTNY76o/KVlJWSW6fS8eU91aWqp8Gdpz5JNkyIh/aarAcC124IwvFPij086iujqoM/lTD917Qw4OVT9dWOO9WN2iPMkbdQwN1rqnsZy/KaeOooaa5PlKojEc72t23Xa2D56h1AfzIxyp91p2srHiMZAO+6FROayXQ7h+y7GnsyfHvJaTdJoyz2lzCfxDYrXWOo/jHSslGXZqre7WzffCoLvTfJXKSAfS4agUumroLRfoZXn+RJ5JG9sFdKLPE+Qo+xxj+S5NwP/rl6diraZ2iut3cc9v8Aovof4M9cRdW9HwRTH/faIeHKCdzjYlfOLpD0n1O6QAvt1xGrI4AP+fK0nS3UA+G/xAFZGD/DrmQ2odq2LSf/AJqfGTbPK6vSx1Ne1f8A80f/ALo+o6yHx6fVjcbp9DI7wAH7lOo6uCspPEjPPZca3TwtCPIy4eGTAcpIbURWWRqujbUtI79iqWBz4Z3U8p+knGVpBuqy6Wxz81MP1DkDlQgFI7qPDO5zMO5GyO12rsoQjVVJDVRGGZuQ4Y+y+d/jF0E6w1rbxSMJgqHEOIHBX0i1U/UNlor7ROoq2MPjPYqnyjf47VPS2ZzwfHIbjugSxgj2Wn6z6WqOlbq+lmIdG4l0bxwW5/zWfdkg7cLLOOT3Gnu+aCnHpla5ha4khcD89lIkaD2UN+WnjlZZxwzWh5BI2Q3tLcZHKLHIDjPK7IwEZCU02NZFIHKCQcqQ4YPGyYcIegwZ4Kj+YHOSFJPKY5owQFT/AGM/sX1gvzm4pap+Rw1xWobLqxgcrzPzRvy04IWnsN91gU9Q7cbAlNrsx2c7VaV43xNQTjnfKjvYWSF7e6OxzX7kLjmahnHC07jnNNdk+grA+MNPI5yrLGRlZuJxikGArmlq9bQForsEWIkHZPTOU9O7BGLhAxldSVkBOYCc4QHMaRg9lLIHKHgoXFNYIV0lM076VX1dEyeN0UjRg8H0V4+H2yo0kWeyyW0b1wFGbRi5W11pmzHI/T2Odlc2q/tqj8vUuAd2KsZ6RsjdEkYcPQhZq5WQwPMlPqB52XIv0rzwek8Z5WdTSmzUPAd22UKphyRhUFvvVZSvEMz9TePMrtldHPgM3K5ttLPbaXyVdyAzBzMBcY7nZHkAfgqO8YG3dZdjTNqt3coLnBBadwp9FWnAhmd9iqgP33KKHgcFMhIZ8mOC2rqFlUwkDDxwVApq6ooXeDLkgHupNLXuDdLxkDgo80FPVs1HGSOVqhPAX90ToZWzxh2QcjKFUQRyDBaCDsQqFlTVW2bwn58POxV1BUsnjD2HPqjymV8qfDMndbJUU0zpIW6oySRjsqOdgkGnhekTNDxxnZZS7WcRymWEY1I1I4mu0W57oGX0vjeNPdWFFUZADkKRgyQQgNcYH6wM/mnQlt7ODOv45F212d1JtdfJSVAc1+kFQKaoZJGHN57j0SkJBGnupY8mnT2yqkpxZ7p0X1C2tpWwyHLgMcrXaNgQd/VfP3Tt/koZmN1lvocr2rpu9x3OnAfINbRk7pGD6f4LycdTFRmzYWmrMzTBMfO0bH2UtxMLw4D91nZRPBKKuAnA5CvqSdlbAHu5xus9iye+onvikWUDhNEH7AojW6e6hUzjDLocfKeFO1AnAKA0Pg6kkkoNHJJJKEEkkkoQam6G+ickoQAQPRDLPZSkEhQV2ALO2EF0eN1KIQnNzsoLnAjEEHBCiXC309wp3U1TGHNcMb9lYFuTngoTsnkYTE8Mx20wui4TXZ4l1f0fUWWodPAwugcc7DhZZ7M919EXChp6+ndTVDA5rhjfsvIer+lZLJUGWMZhefKewTYTyfPfNeIennvrX2mOfGBvjhKkqTG7GEeRvIUGWItdqx+63U2bT5p5bQfLlxL6nqw9oGyksOcrPUtX4b2tOcK6gqQ5gwF0YSyeMvr+JuLDvaHDdVNTbXtkM9G/QeS3sSrcHKb4fujayLrmo9lbRXcPIp6gaZG7bqa92oKLWWyGpJkb5X+oUKCsmo3fLVjXHHDh3CKMsD3KElmJZO7oRByjNcHty0ggpuAoRMEgloKkpigRCkha7kKvrKIAagrhzfdCljykygpD4WOJmJYNJxgqLJEAtFPTB3DeAquppnZwAsllOOjbVfu7KwtwmuJZwMqU6I9xhCkj7EJEo4NO5AOSpVJW1tslbU0NS+GRu4c04QAMd0/G2EEl+x1Ns6LFOt4Z6h0t8ZGYjoepIHMcAG/MtPk+7vRen01RDVwMqKeRskbwHBzTkEL5be0FXPT3V176Yl8S3VcnhE5dC45YfXb1Smke48T9Wzq/0tbyv2fSCaRjusl0n8S7F1Pimc/5asDd4nn6j3IWr8TU3LeFD3dHkKdTFTqkmjh2QjGfRFOefVdAHooOlLJFdGCo8tO1ww5uysdPuhOiBIGeVGgHFMqJLVBIcloVPcLQIydLP+hWtMOBlCMOrYtCXOtGS3TRmea3Hp+nqmkSQgH7Kh+XvPTcwqLVUvDc50Ekt/RerVtjEpMkBGT+Eqgr7c6Hyyw7e4SJQfowT0zrf2ldbfiFQXRraLqWia1xGNRZ5Py/EFIrOlqWuZ81Yqlj2nfRnP6Kor7DS1YJDcOVXH/tD09J4luqXaB+E7ghFGconPtgpPEw9ZSVdA4tqYHNI742UdoDtx37rR0fW1tr2tp75TNYHDBdjLQf9E28WS0ut/8AE7JcontPEGf3B/0WiNyZlt00Ix3QM94WnDs5UyiuVXRnySlzR+FxyFXSmopnBs0ZaOxPdOZMCM6eU6NsofiYGmjYUd2hq2A6g13cEqe1xwsMHEDLTg9lPoOoamnAiqz4jW7A98LZTqv+ZgGu8Ut2xymvhiqAPFZlRKS4U1aMxP39CpoOxHqt9dinyhc68gImV1tk8a31LgO7Cdv0VrS9VNyI66HQ/guxsVAyc5yUOSOKUaXtB/JaIz29ithohFariNbdDXnfUxda24W85if4kY4HKy4pJKfz0k7mOHvyp1H1NUU58KujOONQTFfH2A24svm1LKwFtdTjH9WFGqLXNEPEt1Q32aSlBcaWsaDHI3fsjMmMZyBymxsS5RUnuK01Gg+HXQ+G4fixsU7wmEaongg9sq31UdQPDrIdTT6DhQqqwPaPGtVTkdmEq/kFSrwQXMexpGCMqBJSQTEumjDvupD6y70D9NyoS+LjLRlFhuFurG6WkMPoTuFZktoU+zN1/TlJM7VH5CfQKkqOnK2N5EYD29iFvpaRx8zMOB4wVHMboxhzcfdQy2aCEjzlwqqZxjOthBwVJZeayFgZrLgPVbGot8FUT4kYz6qqq+nWNOYRnP7Izl3+OaeURKLqamkLY6hpY/gnsrllZBIMRStdn0KzNZYJA3WYuO4VcYJ4v7qRzP1Qp4ObbpUukzcFuvtn8lDms9DM/W+nbqPOAqClv91oiGFwewdzurai6tonlrKuLwnH8QRYr/qFKqUOisunR0M2ZKcYJ7Kif09dKZ5Yx7sBejxz0NY3NLVxuPoThdNFJ9WxQS09cuYhK66HElwebw3q72s+E58gDfdXVF1y6RrY6jBPGr/qtFU2illJ8SFuojHCoa7oqjljJpj4cnPsl7LY/jyTdTPiawXlNcbNcWASBjHkfUMIpogMmkqQ/wDwlYio6UuNLF4kchf7AoEFx6gtQBeZNDeNW+EKz/WinpYS/CRu3xVUbcvZt7IWojkD9FUUHXQDGsq4dR4KuqXqKx3CQMOI3f4uFMRZnsqlV2sjWwhwBCa6PGxViaCGpGujqm57DPKa+31cbdRaH49FNiE78P8ARW+G7PCRBG6m+G5g88RGfZCcxpKHYxinkjmQjbSm+I07OZlHMeOQglpHZLnXkibQ11NSTDzxDKiS2SimyC0AH2Uvngrjj6lK+JMbG2fplVL0xRn+7bkqvl6XmBJhfgei0e4/EV1snsqlRD0NV9kX2ZCSwXCMnyghR5KCqi+pi2+rV2QzGx23+iVKnPQ6Orl7MQfEjOHNOfskZ3M7LYSUFM/8A/RRp7XSzM0eGPvhB8LGx1UfaM3HXEYzsUaOv33IVm+w0oGN1El6eAd/L/XKW4Tj6LVtcjnz0IH1blFiqGO/Fyoz7FMPpdhRpKKsiJa1p24KFb12i0oemWvjeh59EVs7gMjlUBbcIz3wE81NZCMu3RbmVKqLL5tZPnzOJwntuVTjB3WfZdp+4wEVl1bgapeeVTnFdlKnBd/NQyAtqKVkjXb8bhC+WtMx0upww+pCr2XCA8vCMKqnIyJQonGRJQl2mHls9ud9LmhQn9OAk+FVbeileI152IRWvGk5/wA1eyHokZWR9lW/p2uAzG5rh91GltFwj5iz+avDM4k4J/VFFS/GkycKSqT6LV1hmHwVceA6IlN8w5bhan5lp+pgP3C54lK/aSlj++lUoBrU4MucnkLgLR3WnMVCf/hm/ogSUNFJgeE0fko4N8IYtSvZQam+qWpvqrs2akduCB+Sb/A4j9Lwqdcwv5Mf2U2QlkK2Nif+GUBNNkmG/iNKDE16J/Ii/ZVHPdLJVi601AONTVz+Ez/1NUwyfNH9kDyrn5qZ8hPnSWn7pfw+b0P6K8E+WJDwUsFS/kZf6T+iXyMv9J/RTBW9ETUUslTPkpvRL5OX0UwXuRDyUslTPk5fRL5OX0UwTKIeSlkqT8nL6JGklHb9lMEciNkpZKKYJhsW/sl4Mv8AT+ymCOQLJSyUXwZv6FwwTH8CmCZQ3ISyPVO+UnP4Sl8pP/SVRMoaku/Jz/0ldFHN3bhRvBMoYXE9x+qb+iMLfORnKX8On9UrfgmUMGD3SL8b5RvkJRjzLnyEp/Erm+i00mBNQQfpTTUg9h+qMaLGzv8ANdFvgHqom2g98fRE+ZHsu/MZBAAUv5KH+g/ql8lCOGn9VHllqwhGQn8K4Xk/hKm/LNHAXRTtS3HJfyEHDzwFwQzn8OArH5doHCWD6qnBk+Qgtpyedk5lHv8AZSsgHdE1MUSK+QifKgchPbA0cDGETITS/YjCspSbY0xxjhODWeqETvsuZx3VqXGAuwulvZOamAZ3S8oGXHZDlBKLYRJC+ZgHMnCC+5QN4JKFzSK2y9Ilp+QquW6NI/lu3UZ9bO8gl2yreFGD9lwXMbuXgYTTVU4GTIqn5iTGCShE5OVfysL402WjrhCMgOyorrhKcjGyiLo5VObkO+OEUH+akO+Fw1DyMEJoAwClgdgo8sHCQhnOpEHAPqmB4HZd8Zp2VtAvD6H7LuR6qPqycZXQHO2AymxrbLf9w/lH4gu4HqnU9lutWR8tSSSZ9AtpYfgv15fMeBZ3gHnXsmKrIi3U6emOZTSMaCDwUhuvpDov+xtfrk5lRfaqOGAjJa3ke3K9u6O/sr/DbpmRlVWW91bUAYzIdv03VxqeTi6n6k0lPEfuPhzp/ozqbqmr+Vsdlq6nPdkef1XuPRX9jbrG6mOr6mukVspnjJY1gkd9j6FfZFHabRZKdlPbKCGnZGMANAyuS1YHcLRGvJ57W/U+psW2hbUeXdGf2W/hV0mY5qmAXSoaN3VDPLn2GSvVKOnt1mp20lnpIqeFgwAxoCr5rhADmR4GNlHkvVMxulp1FOVR567VXaiW62TbLo1TiSSQSgvqMjzOCz8lxqZXfyG7IJ+bm+uYhMUMCFD2XM9fBGfNIodReYuIsuKhfKD/AIhyniJreGhMUEgjj62ukzpbgfdDMdTJvK5HBxsAm68q3HIYBsYad07SE8kDkgLhIbkkj81biUotiDMd13QeVR3XrGy2lrhJUiaVu3hw+Z2VTm/dT3po/h9I6jp3b+LLzj7Itoew2E9RTwH+fURx/wDO7Co63q+kik8Gg1TO76Qs8+30kLn1V7uctRMeA5235BFp46upIbaqEsj/AO8cMK0gnDBKqbzW1Rw5/hjuM7qLqkmdopoXOcOSrSOxxRMEtc8OefqwpDquhpWaY2tJHoryCnhlZFYJKgaq+VwYfws2VjDR0VIwMgp2N098blR5KmrnOKYHHqiQ0VZL/fu2KLIxdBn18UflO/phRpaipecRjYoppoYnZO/quumpogA1+T6BWnkhHDJpB5jhPbRRu3kGUjVavoagONSf7x+AeyoAkkUkI50kKFJXtOfCcV0sLzucrogaNwAFBhDkfW1HlaThOit7sh8hBPoprWhvCdgqEwCZE1vZESSULC5HqlkeqHk+qWT6owAhTQCmv34J/JML5jtE0j/mChA+W4yXAD1VZWX+miyyhjdWydhH9P6p/wDD/mXf71UyAf0sOApMUFHStDKaBrffG5UG5KV1Feb0/VW1hpITxFCcH81YUVjtlrLZKWnb4vd7hklSw8HPbKbkeqFIrP6Hl3JyhkkrmT6piIjeTucpZwuJIxYkkkkAYkk1cPCheBZCWQguJ1HcrhceCVC8krI9UiQOSFCqayloIjPWTFjG8kqtivN1vj9PS1kmrGg/3sg0xY/5t/8AJVuRaj+z50SSSXRPWiSTEkvJeBi4OCnDlNwDkJE3hBLsDNJp3ys3K7xbkM8BXdeSIyQeyoKZ2qZzyNwSuffLfKMDdp1kPcZfBjJ1dlRx+Z+ojOSp16mPggYUKnAAG3IWS6WZ7TdGG2O4tIADANla0TS2mx7qtp2/yW7q3hAZRF3omRjwJt+5bSiu7tVWM9hlKhALt1Gq5hPUmQDA4Uu2Fr5A1w2S28PI1LbUFuGdLQSoQ5KlV5dJOQXYDdgFG047qpvc8hwW2OATlxOdsmrOxgxPTE9UUhiSSShQkkklCCSSSUIPToxqkaB6hMPCLRY+aZlQts7cAfmjvwEyPbKUxMkrnE9ynNUKisI4kkkoEBTU5NSLPRYk5NTlI9ACTDwnph4VsaDPK4unlcSgkOYchc/ElHwkeUSWS12KUbgD1XpnTxDbRFtwvM2/9pjzxhemWba0xpNx6v6bX+rJ/wBh1wcRBI8DgJ3TJzASR3JQbj/2WT7I3Tn/AGb9UiUsHrIv/UwS4f8A54ORP+MfzQof/ngUUf3x/NAPRDt//bZPuU9+9dgoFB/2+T7qUf8AtqjGRE0jUdxsVe2ine5pmI8rcrPRbzY/xf6rXPeyjtjWsbu8crLa8G3TrnICWUP1BVDv+1Zz3KsGSeXjlVcTi6qdnsUodN5JA2fg9lV3vhn2/wBVYP2qH4VZe+G//L3SbuhdizHBvOm4i21RZ7/9FqbSMOzhZ6wY/hMOB+Af5LS28D5dpwsLfJ3NPxFIsp5P9wncdsD/AEXlUx87yT3P+a9JuchZaqnHdpXmMzsuT6HhmDy8stQMxfJMynsm2tuIymX44mB90agGIgujF5R46KzqZIT3ZnYz1Kus5aB6BUh/7VH91djgJNvJ0qFwVNxJHiEeyNRHNM0nuEC5f8X8kah/7K37Ll3dnQpNN0USbvv7L0+vzox6tXmHRX/z3/RenXH+7P8Aylee8h/uHuPEPGmRQO/7DVPzwxyN8N2YtU0p5fKSoku1mqD/AIH/AOSsPh5tZG+//Vc99HSh/uI0bxjCLTfUPshydkSm+r8klrk6IK4kCnk/5Sspbhhz/wDmK0d7eWU7sdwVnaFw8LIG55Kb7EzWVki31oc+nH+ILStDWUQa3AHh/wCizl0Gqrpc/wBQKvJ3OFO4DGNCdBi61y2eadRya6sjIOHFdsg8rs91EvhPzpGfxKZadgfcrWllHnHzdI1FoGaluPZb2ADS0jbZYXp8A1G63cH0NXH1rxLB6PQ/7YU/SoFUdsKefpUCp2WJnQIlP5LjA4D8YXrGAaeN2OWg/svJ4nj56Db8a9Zh3oov+ULNeXAJaBh8gVo7cBVlp/vJPurI/SPzXB1P5jDiSSSzkCro5XEkIYUcLqEOUQcIhq5OpJJKEEkkkoQS5keqR4UYk5O5VrkhJyPVNTcn1XTwqKyNTBuFx/1FNBwMo4op9GH+KbvmKSz2nOf4hdaeIt9g4H/RbY8LAdXTR1nxD6ZtRfnwRNWuH5jR/qt01y0RRmXZ08pA9lxOZ9QUHEuDOg55Q3clFb9KCeVAhJJJKBjEkklCCSPCSR4UIAPKbUf3TvsnHlNqP7p32Vx7IzxTpdv/AOUm7kd85/Zeq05yvLOkwD8Srvn1P+i9Th8pK2LlcmTRf1f5DQN/3mU+rUfDT5S4b7IMG8rz/hTJSWlCopmuUtpGtdw/iElW3QB8tOYQc84VgW7crM9AyGoivEh//S85H2Bxhal4yFJRwLUskSlbmtlyfwrszg2dozynU/lnnxzpG6BN5qlrieGgIAuyWDkIUv8Acyn/AAFOQp/+yzn/AAJjDSOMPkaB6BMrdqOU/wCE/wCSLH/dt/5QgV3/AM7qr2iKOPZZmbQ3/dMgbFxP7qxZyolix/C4zjckqb+Jbqe0AZbrT6bf/wDtA/zCs3fSPsqzrT6bd/8AtA/++arR/wBI+y7Wl6Zxr/zZQ9RD/cHnuqq3OOGbq26i/wDne9VFu4jXeqe2tHJvli5IsLrjLPyXmnxEH/vCIjgtC9Ku/wBLV5t8Qd56Y9yF1NA8WJnn/qRL+FI8z6g2qtOcBRrKdN2YfRF6m/7WPuFGtn/bm4XsXHKPjs5bLkz2ODGmmqB6BbNp1U8cn9QCxFP/ANipvsFs4d6KH7LBqIH0rw0/uwTKf6ggdRgOtrvZEp3bA4Qb2Ndtft3WWP8AuI7uqjimRAojm2xFZPrUfygXbDIWrt+1vjHpsst8QBijbjnIXbr9HhPLQ/8AlmeU9RD+dk9wqu1SGG5wPz+IBWnU58zDx5QqOJxbNG4chwP7roVM+VayP+oz2W+HXaqZ3bQFBjI/hb9+wUm4Ev6ahlPJjaoERP8AC379gurXLKPM6hf6hyxSBtwb7haGpd/vrPQrKWWU/Nj7LR1MhNTH9k5nPs4lgrrrG1laC0YzlZa/DEuStTdn/wC8sOOcLO9QtafNjdZb+jXQsmfE3mwFKp93AqqMvhT47FWcGxBXNTyzoShiOSa/zMOfRUla3DuFctOWquq2gg5ClnKBpeGVXB+6a8DGcJ7uVzAWRxyb4zAOPIwhOyDupEgHHqhSgDGFGnEJSyJhwpEMpBGCojl3fbdEpckaTLAuDgos7cHI7J8bzgBdlbqGFecgqOBkMgBCO/DgCAoJ/luBClxSZbnCsNrA16iO8r9RHfKlScoEo4VAotKGqEjdz7KRPEHNBCpaeYxuGFd0UviNwU6DyKsjiWSHI0sdjSkW7BTZ4mu3xwo2c7Y4VtYKiQ527cKHK3TjblWj489sqHURgYWeccs0QkQw97XA4U6CrLgAVEc3CE15LvslNeh9djreYlsXCQKFUsHYJ8UhwMpz/MkTidqq6N0NyKt8WCUSknNHUsma7GCiztAUScEkLJZwx1bxLKPWrJd2zUsdQ0+YAAle49CdQNrre2ne/U9oyMlfJ3TV5noqhsTn+R22CvYOmb6611UVbGSYnAagChfKPqX055PKjCPfs95OOccLK9TUBhkZcoBgtdurq1XimutIyop3Z2GUWsgZVQOge3ZwSWuT6BP71kzdRE26UAnZ9TRuq6jkcAYnbOYVYQl9przRSj+TIMN+6jV1KYKzxGHAdugMso5NPbaj5mnac7t2KsmyDRg42WWs1WWVTYDw9aJ3PKYnh5FzgprDPDPiv0uLVdf4jFHiOrzI89tbuV5mB53Ac5X1L1p05H1L09UUekeNG0yRE/1AL5kq6R9LUvikYWuYS1wPYjYro6eeT5357QwhNyj7I98o/m6COtj3ki8rvdZhzQ8gg4PqtxbXNkn+RkGWztLd/VZK5ULrZc5KeQYDX5HuMrq1zZ8212mSnuNlbahvUXTD7dKP99tzdTHE/wB430Cl0zR1L0i6ik/7fb8gE8nHBWWsFxda7tBWBx8MkNlHrGeVpqn/ANw9QsrIT/ulbg7cYK1Qng8jbWq5OEe1yj2r+zv1w682k9J10uqsoSdJcfMWcD/JewYK+OY7lP0J1dSdYW06WkhsgHDgV9gdPXSj6lslPe6LHg1I1N3zjbj91rhPceP8xpY1Wq6HUv8A19kqPuippGDhOTDkD0/Y7EJieoUZ+50jqSXxWjMbyTt2QI5AQr+thbPCYnd+6y7o5qOo8N48p4PYqBJ5JqYd+U5p1DKaoEYv4hdDUnVdteBEPGYCWkDfK+YrnTTWytkoKhmDGcAnuF9oOGRsvH/i98PILjSvu9tpw2qjBLmt/El4yeg8V5B0NUy6PAX77hRpW5O6mObpABQHhZrYo9fGW5EPBYQeyM05XJG4HPYoUD8Owsr44HD5WADGMqKQeMqbpy0nKjSsxjsgkschoCkkkqGg3Mx3QvPA/Ww4I91JXHxeIFT45C74fRprBefHjbDUP34BWibHtnK8xbLJRyh7D+S2vT13+fi8KR2XNG2U+ue7g5es0+z70WrmcKTRzCOQMdx6oY3C6Dg5WhPBym9xcNxjIIOUVV9LK1wAB/JTAfKVphLPAo7keqSAXEycow4TCzq5gLqShDhAwoxAzwpR4UbufuqZTGSQjsMqNLDnYtCsEwsaATjKzSgnwHGbT4MldenzM4zU4DTzhZ8mopJdIe5jm7L0OQAu9FV3CzU9bl+kBxXP1GlWMo6el10q3hsoqO9u2ZOAff1U8yiZucfmqCvt01DKW+bbhMp6+enONRI9CuRZSkem03lUkuS6k1AjSnMkO2VBjuBlx5h9kYSaiNsLK4Ncneo1UbUmWUbycEKbSyluB6qphedsKbC4jGFaeTqVy3osKiGKqi0PA9j6KrY2ooptGTj/ADU+N5wFypjDxv2RRmE688hqar1fXjKdU0kVY3B2VZgxO2U+iqScA8p6YLXpmbvFnfC4ujZxv9wqOWPbjdejTRsnZoe37FZa8Wh0LjJG3bkhMjPJyNb4/MXKBn4ZjA/SBjKs2PE7Qe6rJ4fMDjhPppy06ccJpwcOuW0mPc+F+pp/JbPovqN8E7Q9xJYR3/ZYtztTc4TaaskpZWywkgj91TRv0eqnprFKB9RWS9Ut1ja+N2MjBHoVZNfLbHBw3jcc7dl430V1Q6lLJtQ8+NXovYLbc6a6Uw3BDhx6FKksn1zxOv8A5dKw/uRoafTURteN8jKkNBAAys7R1ktvqhTk5Y47ArRNdqGUiccHqqrVYuA6SSSA1jkkklCCSSSUIJJJJQg1cIzsV1JQgEhDwVJQSBjKgl9EaRuNghSt22Ul4GcIRGUztCmkQnRkndQLlbqa5UzqWqYHNcNsjhW7mAqJUtxhXHhmW+iFsXGa7PF+qelKiy1DnxtLoXHYrLyxA7YXvlypYKyndT1LA5rh37Lyvqjpea2SumhYXQk527LVBs+Z+b8OqZOVXRiZWOY4Fqm0NYchjimvaHZyMqFO3wiHAfuuhVNo+ZeT0Nck5Glika8ZDgUfAPBWeoa52Qw5V1G8luSt8JbkeVnDZLaHyfVQ6qkZUxljx9j6KWDlcLcqgYvDyZ4/N2eQEkywO59laQzRzxiSJ2QUeRgIwQCFRVVNPRE1NE46c5cz0QPg0L7i6TSMd1EorjFUsAe4Nf3BU1GECOyCRlSExQhFLAcqLU0YwCFZeH7prmAD1QTimMhZtM7PSFp2aq6dh/p2C1U0LDnLVVz0od5sLLKCNNd7ZRmNwSOymyxBpxpx+aA5ukZWayJtjPciKTjslnPZFLBnlLQEgN2MEA1pLw0ZW06X+LF5sj2wXVnz1GNg0nDmD2PdZDQEF0eCN+VDXo/I36OadTPpCydU2TqOMSWuqD9skHZWi+Y6Osr7XIKigqnwvbuC1xwvS+k/jBFOGUPUELYpm4b4zRpY73J9UB9D8X9S16iXx2/kep4KaRlKlqaesgZPA8Pa4ZyCikY7o/yPVRuU+geMpugJx2SUaDGFvlxwFEnp45mlsrAQfVTkJ7MY3QSimC4p9marunM5lp+/ZUNZRTQeSaIkHvheisAOUGakhqGlksbXNPqEtxRlu0sJ9I8pqbXSzMLDE3f23VR8tV21zjSOIb6Hf9l6VcOkQ7MtFLh39JWdq7XUU7iyphIx+IBBswzn3aRw5ZUwX6BzPBu1K0xkYzjP5rlTYqarZ49pqgQd9BKdU21j8+UH8lGbBNRkOjeWn22TM4OfOmPTK2WGuoXls0btu6fHUxSjDxg+qt/4s1wEdbE17f6sbpr7NR1wMtHMGnnBVmOWmbf2kJj5YT4kEhH2Ktbf1QWfy61rsDYEKhqaStonFsjHafUIAkJ+rdMhdOD4ZnnDbwz0GmudLUN1RyAg+6IXkebkFefMlLd2OI/NWtH1TPSAMnb4jB69ltr1eeJsSzXNldsE4uZINMjAfuq+hvtvrwNDw13oSpxbndhBC2QsjPlASrTBG3uLtdLKY3DtnZFZcbpTjw5Gk47hIPdHwSCERtWHeWVuR6rVGfAhwwyXR3xj8MnGl3fKtIqyMgOY/Y+6zr46eU+XYpojqo/Kx5wmRllkNYK5jxh41fdRZrRbKp5lNMGudyW7ZVJDcZoSGzDIU6G6sedIcQnoGcUgTrDX00pfR1vk5DXdlEN0raaQxXGj1M41NGQrgVD3cOyPuuuJfs4B33CMU6txWx1lBUN1Mka32yneGyTGk7HuizWSgqX+J4IYTzp2yoRs12pZM0FTrZ/S7fCMVOEo+iR8mHNw79FCqbDSzA4YM/ZcF1qaeTw6+BzcbZCkw3Skmdpa8g+6hnmq7OJoz9f009uTENsfqqSezuiBbLFkfbhejHS8ZByFGlpGy8tBwiwjFfoYy5rPNfkXtJZFIR+fCPBeb1bQIvHe9g4zuQFr6yxU9QS5jRG/1aqisslZS74DwO+Few5mo0dtfLFTdbUzo9FxpcAba2jdXFHVWW5MDqK5gvd+CQhZKSjhc4iSLSTygS2fLdVI/wAN/YjZV90VlGL4q+pm8ltlXgmGMSj1HCrp6aF4MNVT6T6ObhZeG5dV2lhjirHOYDnJ3Kv6D4hOLBT3qyR1DSMGUcj8sJfy88lSoj3Ag1nTdDKC6DS0nhVcvS1RG7VHKAtjBX9H3QZjmmopHcCTZv5Jz7FWbyW6ZlVGN9j2RKMbfRS3w9nn7qe+0cumKaQY7hx3VhR9Z3+glDZ3BzRsdQ5V/WU1TA3NXROa09wMqrqKWmmBBZnKt6f9AysjLiUUydB1/BKQytpAWn0VnS3CxXB38qpDHO/CeyyklHCGhojbgeyiOpoGPyJDGT2CW6px/uCtPGf48G/dbvE3gcHfnyo8tBIzAljOD7LFiruVKQ6nrpB6DJUyk6s6hpXB0umZvGHjOyW1gW9NL+lmilp4I+SWFANP4mC3dRm9eUxwKy35P+BoKsqW49P3BomjqRETy0nGChURUoTq/JEb5CfBLW5QDDUMO8Wyvo6WOdpFHWB+O2V11uqmjJQNAK7HZn8Hg8pgaccq8fRx588Yyok9K0AaWhqDbktTKwkjkJAggnHCkmn1ZOMYQnRaVewYuQDmnOw2XC12N+EbG+4SLQRhD/kMiFu64WAoxjOeMpaP8P7qpxUglJojeGN9go7qCB+7hnCn6fdM0+6W6kNVzKyW10x/DhRnWSE/ThXYaFwNA7JTqjJ4YaumZ91iOSQ1RzZ5meZucj3Wn1ZyMJunfOVUqILoYtRIzBhuLNm5wEzxrg3dzXFaogYOyDpa52ktGPsh+BvotXr2Z9tfUjZ2UYV7tsq6Nvp5ACWAKNJaad/shdNnoONlb7RAFd7gp/zv2RzYWu/uxlCdY6gDYj9EOy2PoNfC+jgrQfwn9UvnB6FAkt9VEcbFDdTzxjU5uQlOU4/kV8afRYsqmkatZRBXMHJyqfxsHGOUvFI3wp8hbqwXfzkI7fukK2HOyovmD6LonJO4V/Ixfxo0HzNOR9SQqKf+pUzZXAbFd8V3qq+RFfEXXjQH8QXRND2IVR47l1sxJwQrUinUy1zD3eu5g/rVZ4uwI2S8U+pR4J8bLH+WeMfou6G+yrxUOGyIJXnurwE8omaB6Bd0D0H6KD8y9O+Yf6qYKk2iToHoFzQP6QhfMP8AVL5h/qpgDcwvht/pH6JaB/SEL5l6XzL1MIm5htI7MH6IWBnOgJrqt+OAhfME74QSaiRNskhzTtpA/JcLW4yMKL45J4XdZxkIRqTClu+wXMeyAZ5wcBwwufMVH9YVYLwyRo9kJ0ZPdD8Wfs/9kMmtOxbkJeMMm157C50nd35JFzTwVHMVSdy0pGCcjhWMSyuQjtP9QXNvVCNNOTwVx1NLjcEBRsm3AQub7fqua2DnH6oPgOzuV3wT6/ul/J6DSHCUHsmmfBwGpeH+Sa9uMbqFjjPx5U18hxxyh+IM7jhNfVwDl/CGUsFpZ6HZcTsu5d3P7KM64wYIB37KO6vnds1wwgUshqt+yfkppewcuAVeZpzuZOUIveeXFFvGbSwfVQs/FkoEtZxpUZwB7JYQOTfQSigj62obwgGeaUYc7ZH8uD5UAYycDCrDwHFIWn3XNK7q9lwux2QcthoWgLun3TDLg4wuh+ocIg9iO4Hqlj3QiCSMFHgorhUDEFI+TPGN0UY7uim0uxuB6runPBWhtPw26xvBaYbLVjPfw/8A1WztP9nLriu0mogdE13p/wDNToaayXSMd+v0tH5zR5WX6SBjlOYXvHlYSV9E2T+yhUkNqLhUyb9iMf6re2X+zXY6HQ58QmI51lPjppR/I5Go+otJVxDk+Qqe2XKqyIaOR/byjK09j+EXV98wGUXhh2/8zbK+2bJ8JOm7e2MspGtLewWmp+m7BbhmaCNo/wCVaa6YPs5N31TLqlYPkDp/+zBfbgW/OSaM/wBK9d6Z/ssWikiZLNT+K4f1P/8ARe3Pv1it4bHG9jQOAAoVR1tpdooIiccEnYpnxxzhHE1XmtXqu5YX9iJ0v8G+l7BG0uo2AkeYALZRRWC1RNZFGxgZsMDCx03UHUNVvGA0KI6juFW/xKiqOXb4JRKrJzJW2Wfm8m4n6ttVL5WSfoVWVXWkcu0LiVQw2bOPEIf+anxWimwDpH6I/h2gDJeoK6pdiJpP5rsZuVSfM8jKmQ0cERy1g/RTQwNwR/kjjDBOyvbQ1DsOec4UplHpaCQMqUwYGEyd2MBMSwBgjhoZ5RslqHokTyUB0uAdlAw7pMIYOeVEluEUB/mnCqK7q+GB5ZRRCdw5ChEaM8ZwVV3C9Wq3ML6qtjYR+EndZqpr+qLm5zTIKSnd+EHEgQYLDbIXiorZHzzd3TO1D90SWRygTpuvJJyP4PapZ28ans2Ve6g6kub/AJi5XONkbx/c0vkH6b4Q5uq7VRym32iB9xq2/wDApBnKCbb1n1FpdcJ47PRu5p4xqmI93DGn91YxQwuyYR09YWeIGsmqj+Fg1vz90WmkvN6pz8vi3xO7TnDv0Trd03brUwNia6V4/HKdTv1Vlj13REfCI1PYbTTvEtUX1cwHLzlufZTH1lQ5ghpIg1o9Am7d+F3xGD+4dlygiUsg209W92udx+ycIaGDDpNiEiax/wBbw0JhhbnVJ5ihACtr6aLaNufyTH1FRLtE06UwlkewYEM1UnEZ0ogwrmOdvKQFHf4Ee45TXyyyHL3oXiMjIMjlBi5HGV7T/L2C6XPc3JB+6pLv1lY7WCyeXEjfwhUMN+6z6ocYrNSOpqQcTSjA/JQPZ+3g2VXcqOgjL6qYNJ4GV2CskrBrhizHyHeqq7N0XBB/vV3mkrKk9pHEsB+y0OiOnjEcTA1voFAZTiugbc53G6N5Q3OMn7oJ3SyfVQpcjjJvjCbgndJLxB6KFhNPulp90PxPZLxPZGAE0d88Lhm204KFk+pXFCHdRzlcySmJKBnclLJXElSRSQkk1JWFgSSSSgQlzU3jITDwVGzg5UKbwTCQO6YJM/hKpai/07ZjS0sclRUN/wCEzdysLb0d1X1DKXVr5LdSuH0nyyBU3gpywBuHUFrtsRdUz4lbyz0TqWh6t6ka1trtZoIn/wDxVSMj8ht/mtzY/h/YrEGyiH5ioH/Fm8zlp9IDQ1uBj0CXKfoU7WujB2j4SWSllZWXyR90qHDzmU+XPsOy3MVLDTQMp4GlsbNmt9ETT2C6kOTYDsk+z//Z&quot;);\">\u003Cdiv data-v-5bce1a4c=\"\" class=\"view_desktop\">\u003Cdiv data-v-278ca9f1=\"\" data-v-5bce1a4c=\"\" class=\"container-list backdrop_out animate__duration__0_3s\" style=\"width: 692px;\">\u003Cdiv data-v-278ca9f1=\"\" data-position=\"navigate\" class=\"container backdrop_in\">\u003Cdiv data-v-278ca9f1=\"\" class=\"app-item\">\u003Cdiv data-v-278ca9f1=\"\" class=\"item-box\" data-type=\"navigate_system_app\" data-position=\"navigate\" data-id=\"startup\" data-path=\"\">\u003Cdiv data-v-278ca9f1=\"\" class=\"active close\">\u003C/div>\u003Cdiv data-v-278ca9f1=\"\" id=\"v-step-startup\" class=\"el-tooltip item\" aria-describedby=\"el-tooltip-9447\" tabindex=\"0\">\u003Cimg data-v-278ca9f1=\"\" src=\"/static/images/desktop/TNAS_logo.svg?v=7.0\">\u003C!---->\u003C!---->\u003C/div>\u003C/div>\u003C/div>\u003Cdiv data-v-278ca9f1=\"\" class=\"app-item draggable\">\u003Cdiv data-v-278ca9f1=\"\" class=\"item-box\" data-type=\"navigate_system_app\" data-position=\"navigate\" data-id=\"allApp\" data-path=\"/allApp\">\u003Cdiv data-v-278ca9f1=\"\" class=\"active close\">\u003C/div>\u003Cdiv data-v-278ca9f1=\"\" id=\"v-step-allApp\" class=\"el-tooltip item\" aria-describedby=\"el-tooltip-7282\" tabindex=\"0\">\u003Cimg data-v-278ca9f1=\"\" src=\"/static/images/desktop/all_app.svg?v=7.0\">\u003C!---->\u003C!---->\u003C/div>\u003C/div>\u003C/div>\u003Cdiv data-v-278ca9f1=\"\" class=\"app-item draggable\">\u003Cdiv data-v-278ca9f1=\"\" class=\"item-box\" data-type=\"navigate_system_app\" data-position=\"navigate\" data-id=\"filemanage\" data-path=\"/fileManage/index/\">\u003Cdiv data-v-278ca9f1=\"\" class=\"active close\">\u003C/div>\u003Cdiv data-v-278ca9f1=\"\" id=\"v-step-filemanage\" class=\"el-tooltip item\" aria-describedby=\"el-tooltip-4342\" tabindex=\"0\">\u003Cimg data-v-278ca9f1=\"\" src=\"/static/images/desktop/folder.svg?v=7.0\">\u003C!---->\u003C!---->\u003C/div>\u003C/div>\u003C/div>\u003Cdiv data-v-278ca9f1=\"\" class=\"app-item draggable\">\u003Cdiv data-v-278ca9f1=\"\" class=\"item-box\" data-type=\"navigate_system_app\" data-position=\"navigate\" data-id=\"Backup\" data-path=\"/Backup\">\u003Cdiv data-v-278ca9f1=\"\" class=\"active close\">\u003C/div>\u003Cdiv data-v-278ca9f1=\"\" id=\"v-step-Backup\" class=\"el-tooltip item\" aria-describedby=\"el-tooltip-5282\" tabindex=\"0\">\u003Cimg data-v-278ca9f1=\"\" src=\"/static/images/desktop/Backup.svg?v=7.0\">\u003C!---->\u003C!---->\u003C/div>\u003C/div>\u003C/div>\u003Cdiv data-v-278ca9f1=\"\" class=\"app-item draggable\">\u003Cdiv data-v-278ca9f1=\"\" class=\"item-box\" data-type=\"navigate_system_app\" data-position=\"navigate\" data-id=\"Control\" data-path=\"/Control\">\u003Cdiv data-v-278ca9f1=\"\" class=\"active close\">\u003C/div>\u003Cdiv data-v-278ca9f1=\"\" id=\"v-step-Control\" class=\"el-tooltip item\" aria-describedby=\"el-tooltip-5947\" tabindex=\"0\">\u003Cimg data-v-278ca9f1=\"\" src=\"/static/images/desktop/Control_panel.svg?v=7.0\">\u003C!---->\u003C!---->\u003C/div>\u003C/div>\u003C/div>\u003Cdiv data-v-278ca9f1=\"\" class=\"app-item draggable\">\u003Cdiv data-v-278ca9f1=\"\" class=\"item-box\" data-type=\"navigate_system_app\" data-position=\"navigate\" data-id=\"StorageManager\" data-path=\"/StorageManager/\">\u003Cdiv data-v-278ca9f1=\"\" class=\"active close\">\u003C/div>\u003Cdiv data-v-278ca9f1=\"\" id=\"v-step-StorageManager\" class=\"el-tooltip item\" aria-describedby=\"el-tooltip-2880\" tabindex=\"0\">\u003Cimg data-v-278ca9f1=\"\" src=\"/static/images/storage_manager/Storage.svg?v=7.0\">\u003C!---->\u003C!---->\u003C/div>\u003C/div>\u003C/div>\u003Cdiv data-v-278ca9f1=\"\" class=\"app-item draggable\">\u003Cdiv data-v-278ca9f1=\"\" class=\"item-box\" data-type=\"navigate_system_app\" data-position=\"navigate\" data-id=\"Market\" data-path=\"/app/index/\">\u003Cdiv data-v-278ca9f1=\"\" class=\"active close\">\u003C/div>\u003Cdiv data-v-278ca9f1=\"\" id=\"v-step-Market\" class=\"el-tooltip item\" aria-describedby=\"el-tooltip-2791\" tabindex=\"0\">\u003Cimg data-v-278ca9f1=\"\" src=\"/static/images/desktop/app_store.svg?v=7.0\">\u003C!---->\u003Cspan data-v-278ca9f1=\"\" class=\"navigate__content warning\">1\u003C/span>\u003C/div>\u003C/div>\u003C/div>\u003Cdiv data-v-278ca9f1=\"\" class=\"app-item draggable\">\u003Cdiv data-v-278ca9f1=\"\" class=\"item-box\" data-type=\"terminal\" data-position=\"navigate\" data-id=\"terminal\" data-path=\"/terminal\">\u003Cdiv data-v-278ca9f1=\"\" class=\"active close\">\u003C/div>\u003Cdiv data-v-278ca9f1=\"\" id=\"v-step-terminal\" class=\"el-tooltip item\" aria-describedby=\"el-tooltip-1201\" tabindex=\"0\">\u003Cimg data-v-278ca9f1=\"\" src=\"/static/images/desktop/Terminal.svg?v=7.0\">\u003C!---->\u003C!---->\u003C/div>\u003C/div>\u003C/div>\u003Cdiv data-v-278ca9f1=\"\" class=\"app-item draggable\">\u003Cdiv data-v-278ca9f1=\"\" class=\"item-box\" data-type=\"navigate_system_app\" data-position=\"navigate\" data-id=\"security_scanning\" data-path=\"/security_scanning\">\u003Cdiv data-v-278ca9f1=\"\" class=\"active close\">\u003C/div>\u003Cdiv data-v-278ca9f1=\"\" id=\"v-step-security_scanning\" class=\"el-tooltip item\" aria-describedby=\"el-tooltip-9129\" tabindex=\"0\">\u003Cimg data-v-278ca9f1=\"\" src=\"/static/images/desktop/Safety_Guidance.svg?v=7.0\">\u003C!---->\u003C!---->\u003C/div>\u003C/div>\u003C/div>\u003Cdiv data-v-278ca9f1=\"\" class=\"app-item draggable\">\u003Cdiv data-v-278ca9f1=\"\" class=\"item-box\" data-type=\"navigate_app\" data-position=\"navigate\" data-id=\"docker\" data-path=\"/docker/\">\u003Cdiv data-v-278ca9f1=\"\" class=\"active close\">\u003C/div>\u003Cdiv data-v-278ca9f1=\"\" id=\"v-step-docker\" class=\"el-tooltip item\" aria-describedby=\"el-tooltip-4060\" tabindex=\"0\">\u003Cimg data-v-278ca9f1=\"\" src=\"/static/images/desktop/docker.svg?v=7.0\">\u003C!---->\u003C!---->\u003C/div>\u003C/div>\u003C/div>\u003Cdiv data-v-278ca9f1=\"\" class=\"app-item draggable\">\u003Cdiv data-v-278ca9f1=\"\" class=\"item-box\" data-type=\"navigate_system_app\" data-position=\"navigate\" data-id=\"Dgconsole\" data-path=\"/Dgconsole\">\u003Cdiv data-v-278ca9f1=\"\" class=\"active close\">\u003C/div>\u003Cdiv data-v-278ca9f1=\"\" id=\"v-step-Dgconsole\" class=\"el-tooltip item\" aria-describedby=\"el-tooltip-8286\" tabindex=\"0\">\u003Cimg data-v-278ca9f1=\"\" src=\"/static/images/desktop/tech_support.svg?v=7.0\">\u003C!---->\u003C!---->\u003C/div>\u003C/div>\u003C/div>\u003Cdiv data-v-278ca9f1=\"\" class=\"app-item draggable\">\u003Cdiv data-v-278ca9f1=\"\" class=\"item-box\" data-type=\"navigate_app\" data-position=\"navigate\" data-id=\"jellyfin\" data-path=\"/jellyfin/\">\u003Cdiv data-v-278ca9f1=\"\" class=\"active close\">\u003C/div>\u003Cdiv data-v-278ca9f1=\"\" id=\"v-step-jellyfin\" class=\"el-tooltip item\" aria-describedby=\"el-tooltip-9929\" tabindex=\"0\">\u003Cimg data-v-278ca9f1=\"\" src=\"/static/images/desktop/jellyfin.svg?v=7.0\">\u003C!---->\u003C!---->\u003C/div>\u003C/div>\u003C/div>\u003Cdiv data-v-278ca9f1=\"\" class=\"app-item draggable\">\u003Cdiv data-v-278ca9f1=\"\" class=\"item-box\" data-type=\"navigate_app\" data-position=\"navigate\" data-id=\"openclaw\" data-path=\"/openclaw/\">\u003Cdiv data-v-278ca9f1=\"\" class=\"active close\">\u003C/div>\u003Cdiv data-v-278ca9f1=\"\" id=\"v-step-openclaw\" class=\"el-tooltip item\" aria-describedby=\"el-tooltip-7838\" tabindex=\"0\">\u003Cimg data-v-278ca9f1=\"\" src=\"https://app.terra-master.com/images/tos7/x86_64/openclaw/0.0.109/openclaw.svg?v=7.0\">\u003Cdiv data-v-278ca9f1=\"\" class=\"beta\"> Beta \u003C/div>\u003C!---->\u003C/div>\u003C/div>\u003C/div>\u003C/div>\u003C/div>\u003Cdiv data-v-5bce1a4c=\"\" class=\"tos-main-apps\" data-type=\"desktop\" data-position=\"desktop\">\u003Cdiv data-v-5bce1a4c=\"\" element-loading-custom-class=\"desktopMask\" class=\"desktop_icons\" data-type=\"desktop\" data-position=\"desktop\" style=\"user-select: none;\">\u003Cdiv data-v-5bce1a4c=\"\" title=\"文件管理\" dragselecttype=\"filemanage.oexe\" dragselectid=\"oexe\" class=\"tos-app draggable\" data-id=\"filemanage\" data-type=\"desktop_sys_app\" data-volumepath=\"\" data-path=\"/fileManage/index/\" data-name=\"filemanage.oexe\" data-drag=\"/fileManage/index/?oexe\" data-icon=\"/static/images/desktop/folder.svg\" data-label=\"file_manager,file_manager\" data-position=\"desktop\" data-f_type=\"oexe\">\u003Cdiv data-v-5bce1a4c=\"\" class=\"tos-icon\">\u003Cimg data-v-5bce1a4c=\"\" src=\"/static/images/desktop/folder.svg\">\u003C!---->\u003C!---->\u003C/div>\u003Cdiv data-v-5bce1a4c=\"\" class=\"tos-title\">文件管理\u003C/div>\u003C!---->\u003Ci data-v-5bce1a4c=\"\">\u003C/i>\u003C/div>\u003Cdiv data-v-5bce1a4c=\"\" title=\"OpenClaw\" dragselecttype=\"openclaw.oexe\" dragselectid=\"iframe\" class=\"tos-app draggable\" data-id=\"openclaw\" data-type=\"desktop_sys_app\" data-volumepath=\"\" data-path=\"/openclaw/\" data-name=\"openclaw.oexe\" data-drag=\"/openclaw/?iframe\" data-icon=\"https://app.terra-master.com/images/tos7/x86_64/openclaw/0.0.109/openclaw.svg\" data-label=\"OpenClaw\" data-position=\"desktop\" data-f_type=\"oexe\">\u003Cdiv data-v-5bce1a4c=\"\" class=\"tos-icon\">\u003Cimg data-v-5bce1a4c=\"\" src=\"https://app.terra-master.com/images/tos7/x86_64/openclaw/0.0.109/openclaw.svg\">\u003Cdiv data-v-5bce1a4c=\"\" class=\"beta\"> Beta \u003C/div>\u003C!---->\u003C/div>\u003Cdiv data-v-5bce1a4c=\"\" class=\"tos-title\">OpenClaw\u003C/div>\u003C!---->\u003Ci data-v-5bce1a4c=\"\">\u003C/i>\u003C/div>\u003Cdiv data-v-5bce1a4c=\"\" title=\"安全顾问\" dragselecttype=\"security_scanning.oexe\" dragselectid=\"oexe\" class=\"tos-app draggable\" data-id=\"security_scanning\" data-type=\"desktop_sys_app\" data-volumepath=\"\" data-path=\"/security_scanning\" data-name=\"security_scanning.oexe\" data-drag=\"/security_scanning?oexe\" data-icon=\"/static/images/desktop/Safety_Guidance.svg\" data-label=\"file_manager,security_guidance\" data-position=\"desktop\" data-f_type=\"oexe\">\u003Cdiv data-v-5bce1a4c=\"\" class=\"tos-icon\">\u003Cimg data-v-5bce1a4c=\"\" src=\"/static/images/desktop/Safety_Guidance.svg\">\u003C!---->\u003C!---->\u003C/div>\u003Cdiv data-v-5bce1a4c=\"\" class=\"tos-title\">安全顾问\u003C/div>\u003C!---->\u003Ci data-v-5bce1a4c=\"\">\u003C/i>\u003C/div>\u003Cdiv data-v-5bce1a4c=\"\" title=\"终端\" dragselecttype=\"terminal.oexe\" dragselectid=\"oexe\" class=\"tos-app draggable\" data-id=\"terminal\" data-type=\"terminal\" data-volumepath=\"\" data-path=\"/terminal\" data-name=\"terminal.oexe\" data-drag=\"/terminal?oexe\" data-icon=\"/static/images/desktop/Terminal.svg\" data-label=\"app_store,terminal\" data-position=\"desktop\" data-f_type=\"oexe\">\u003Cdiv data-v-5bce1a4c=\"\" class=\"tos-icon\">\u003Cimg data-v-5bce1a4c=\"\" src=\"/static/images/desktop/Terminal.svg\">\u003C!---->\u003C!---->\u003C/div>\u003Cdiv data-v-5bce1a4c=\"\" class=\"tos-title\">终端\u003C/div>\u003C!---->\u003Ci data-v-5bce1a4c=\"\">\u003C/i>\u003C/div>\u003Cdiv data-v-5bce1a4c=\"\" title=\"TOS API/CLI/Skill 测试工具\" dragselecttype=\"tos_api_cli_tester.oexe\" dragselectid=\"oexe\" class=\"tos-app draggable\" data-id=\"tos_api_cli_tester\" data-type=\"desktop_app\" data-volumepath=\"\" data-path=\"/tos_api_cli_tester/\" data-name=\"tos_api_cli_tester.oexe\" data-drag=\"/tos_api_cli_tester/?oexe\" data-icon=\"/images/icons/tos_api_cli_tester.svg?modificationTime=1779634346\" data-label=\"TOS API/CLI/Skill 测试工具\" data-position=\"desktop\" data-f_type=\"oexe\">\u003Cdiv data-v-5bce1a4c=\"\" class=\"tos-icon\">\u003Cimg data-v-5bce1a4c=\"\" src=\"/images/icons/tos_api_cli_tester.svg?modificationTime=1779634346\">\u003C!---->\u003C!---->\u003C/div>\u003Cdiv data-v-5bce1a4c=\"\" class=\"tos-title\">TOS API/CLI/Skill 测试工具\u003C/div>\u003C!---->\u003Ci data-v-5bce1a4c=\"\">\u003C/i>\u003C/div>\u003Cdiv data-v-5bce1a4c=\"\" title=\"Docker Manager\" dragselecttype=\"docker.oexe\" dragselectid=\"oexe\" class=\"tos-app draggable\" data-id=\"docker\" data-type=\"desktop_sys_app\" data-volumepath=\"\" data-path=\"/docker/\" data-name=\"docker.oexe\" data-drag=\"/docker/?oexe\" data-icon=\"/static/images/desktop/docker.svg\" data-label=\"Docker Manager\" data-position=\"desktop\" data-f_type=\"oexe\">\u003Cdiv data-v-5bce1a4c=\"\" class=\"tos-icon\">\u003Cimg data-v-5bce1a4c=\"\" src=\"/static/images/desktop/docker.svg\">\u003C!---->\u003C!---->\u003C/div>\u003Cdiv data-v-5bce1a4c=\"\" class=\"tos-title\">Docker Manager\u003C/div>\u003C!---->\u003Ci data-v-5bce1a4c=\"\">\u003C/i>\u003C/div>\u003Cdiv data-v-5bce1a4c=\"\" class=\"adnanced\">\u003Cdiv data-v-5bce1a4c=\"\" class=\"backdrop\">\u003C!---->\u003C/div>\u003Cdiv data-v-5bce1a4c=\"\" class=\"backdrop\">\u003C!---->\u003C/div>\u003C/div>\u003Cdiv data-v-29022a20=\"\" data-v-e92f5592=\"\" data-v-5bce1a4c=\"\" class=\"popup-wrap popup-fitheight-wrap client-recommend-popup\">\u003C!---->\u003Cdiv data-v-29022a20=\"\" class=\"popup-mark\" style=\"display: none;\">\u003C/div>\u003C/div>\u003C!---->\u003C!---->\u003C!---->\u003C!---->\u003C!---->\u003C!---->\u003C!---->\u003C!---->\u003C!---->\u003C!---->\u003C!---->\u003C!---->\u003C!---->\u003C!---->\u003C!---->\u003C!---->\u003Cdiv data-v-2dc12ca0=\"\" data-v-5bce1a4c=\"\" class=\"x-dialog-user_setting\">\u003C!---->\u003C!---->\u003Cdiv data-v-2dc12ca0=\"\" class=\"tos-dialog\" style=\"width: 1180px; height: 680px; top: 22px; left: 145px; z-index: 5000;\">\u003Cdiv data-v-4e0a48fd=\"\" data-v-2dc12ca0=\"\" class=\"tos-dialog-header-wrapper\">\u003Cdiv data-v-4e0a48fd=\"\" class=\"tos-dialog-header\">\u003Cdiv data-v-4e0a48fd=\"\" class=\"tos-dialog-header-icon\" style=\"background-image: url(&quot;/static/images/global/Settings.svg&quot;);\">\u003C/div>\u003Cdiv data-v-4e0a48fd=\"\" class=\"tos-dialog-header-title\">\u003Cspan data-v-4e0a48fd=\"\">用户设置\u003C/span>\u003C/div>\u003C/div>\u003C/div>\u003Cdiv data-v-3936db59=\"\" data-v-2dc12ca0=\"\" class=\"tos-dialog-menu\">\u003Cdiv data-v-3936db59=\"\" class=\"tos-dialog-move\">\u003C/div>\u003C!---->\u003C!---->\u003Cdiv data-v-3936db59=\"\" title=\"关闭\" class=\"tos-button-close\">\u003Ci data-v-3936db59=\"\" class=\"iconfont iconReject\">\u003C/i>\u003C/div>\u003C/div>\u003Cdiv data-v-2dc12ca0=\"\" class=\"tos-dialog-resize-top\">\u003C/div>\u003Cdiv data-v-2dc12ca0=\"\" class=\"tos-dialog-resize-right\">\u003C/div>\u003Cdiv data-v-2dc12ca0=\"\" class=\"tos-dialog-resize-bottom\">\u003C/div>\u003Cdiv data-v-2dc12ca0=\"\" class=\"tos-dialog-resize-left\">\u003C/div>\u003Cdiv data-v-2dc12ca0=\"\" class=\"tos-dialog-resize-top-right\">\u003C/div>\u003Cdiv data-v-2dc12ca0=\"\" class=\"tos-dialog-resize-bottom-right\">\u003Ci data-v-2dc12ca0=\"\" class=\"iconfont iconresize_corner\">\u003C/i>\u003C/div>\u003Cdiv data-v-2dc12ca0=\"\" class=\"tos-dialog-resize-top-left\">\u003C/div>\u003Cdiv data-v-2dc12ca0=\"\" class=\"tos-dialog-resize-bottom-left\">\u003C/div>\u003C!---->\u003Cdiv data-v-2dc12ca0=\"\" class=\"tos-dialog-wrap\" style=\"height: 680px; flex: unset;\">\u003C!---->\u003C!---->\u003C!---->\u003C!---->\u003Cdiv data-v-67f4a501=\"\" data-v-2dc12ca0=\"\" class=\"tos-dialog-left\" type=\"user_setting\" main-id=\"user_setting\" style=\"width: 220px;\" event-emitter=\"function () { [native code] }\">\u003Cdiv data-v-67f4a501=\"\" class=\"tos-dialog-left-resize\">\u003C/div>\u003Cdiv data-v-67f4a501=\"\" class=\"tos-dialog-content\">\u003Cdiv data-v-71072b9c=\"\" data-v-67f4a501=\"\" type=\"user_setting\" main-id=\"user_setting\" event-emitter=\"function () { [native code] }\">\u003C!---->\u003Cdiv data-v-71072b9c=\"\" class=\"tab\" style=\"top: 0px;\">\u003Cdiv data-v-71072b9c=\"\" class=\"el-scrollbar\">\u003Cdiv class=\"el-scrollbar__wrap\" style=\"margin-bottom: -8px; margin-right: -8px;\">\u003Cdiv class=\"el-scrollbar__view\">\u003Cdiv data-v-71072b9c=\"\" class=\"activetag\" style=\"top: 5px;\">\u003C/div>\u003Cul data-v-71072b9c=\"\">\u003Cli data-v-71072b9c=\"\" data-id=\"setting_user\" class=\"tab-list\">\u003Cspan data-v-71072b9c=\"\" class=\"tab-list-iconfont\">\u003Ci data-v-71072b9c=\"\" class=\"iconfont iconuesr_set_account\">\u003C/i>\u003C/span>\u003Cspan data-v-71072b9c=\"\" title=\"账号\" class=\"tab-list-title\">账号\u003C/span>\u003C!---->\u003C/li>\u003Cli data-v-71072b9c=\"\" data-id=\"wall\" class=\"tab-list\">\u003Cspan data-v-71072b9c=\"\" class=\"tab-list-iconfont\">\u003Ci data-v-71072b9c=\"\" class=\"iconfont iconuesr_set_display\">\u003C/i>\u003C/span>\u003Cspan data-v-71072b9c=\"\" title=\"显示\" class=\"tab-list-title\">显示\u003C/span>\u003C!---->\u003C/li>\u003C/ul>\u003C/div>\u003C/div>\u003Cdiv class=\"el-scrollbar__bar is-horizontal\">\u003Cdiv class=\"el-scrollbar__thumb\" style=\"transform: translateX(0%);\">\u003C/div>\u003C/div>\u003Cdiv class=\"el-scrollbar__bar is-vertical\">\u003Cdiv class=\"el-scrollbar__thumb\" style=\"transform: translateY(0%);\">\u003C/div>\u003C/div>\u003C/div>\u003C/div>\u003C/div>\u003C/div>\u003C/div>\u003Cdiv data-v-2dc12ca0=\"\" class=\"tos-dialog-frame user_setting\">\u003Cdiv data-v-2dc12ca0=\"\" class=\"tos-dialog-content\">\u003Cdiv data-v-532628a3=\"\" data-v-2dc12ca0=\"\" class=\"tos-tabIndex-layout\" type=\"user_setting\" path=\"\" dialogstyle=\"[object Object]\" open-id=\"user_setting\" title-name=\"账号\" detail=\"[object Object]\">\u003Cdiv data-v-532628a3=\"\" class=\"tos-tabIndex-body\">\u003Cdiv data-v-5b7c7069=\"\" data-v-532628a3=\"\" class=\"tos-tab-layout\" type=\"user_setting\" path=\"\" dialogstyle=\"[object Object]\" open-id=\"user_setting\" title-name=\"账号\" detail=\"[object Object]\">\u003Cdiv data-v-12fd7ed6=\"\" data-v-5b7c7069=\"\" class=\"tab-slider\">\u003Cdiv data-v-12fd7ed6=\"\" class=\"tab-slider-item\" style=\"padding-left: 0px;\"> 用户信息 \u003C/div>\u003Cdiv data-v-12fd7ed6=\"\" class=\"tab-slider-item\"> 账号安全 \u003C/div>\u003Cdiv data-v-12fd7ed6=\"\" class=\"tab-slider-item\" style=\"color: var(--compoents-tabSlider-color);\"> 其它 \u003C/div>\u003Cspan data-v-12fd7ed6=\"\" class=\"tab-slider-bar\" style=\"left: 158px; width: 32px;\">\u003C/span>\u003C/div>\u003Cdiv data-v-5b7c7069=\"\" class=\"tos-tab-body\">\u003Cdiv data-v-8439b99c=\"\" data-v-5b7c7069=\"\" class=\"tab-container\">\u003Cdiv data-v-299495c9=\"\" data-v-8439b99c=\"\" class=\"tos-scrollable\">\u003Cdiv data-v-299495c9=\"\" class=\"el-scrollbar\">\u003Cdiv class=\"el-scrollbar__wrap\" style=\"margin-bottom: -8px; margin-right: -8px;\">\u003Cdiv class=\"el-scrollbar__view\">\u003Cdiv data-v-299495c9=\"\" class=\"scroller-body\">\u003Cdiv data-v-55c67e82=\"\" data-v-8439b99c=\"\" class=\"x-checkbox-line checkbox-line\" checked=\"checked\">\u003Cdiv data-v-55c67e82=\"\" class=\"checkbox-line-left\">\u003Cdiv data-v-046dd9b2=\"\" data-v-55c67e82=\"\" class=\"el-tooltip checkbox\" aria-describedby=\"el-tooltip-5945\" tabindex=\"0\">\u003Cinput data-v-046dd9b2=\"\" id=\"4cf446e9-b352-4382-addf-a9192d218deb\" type=\"checkbox\" class=\"input_check\" value=\"\">\u003C/div>\u003C/div>\u003Cdiv data-v-55c67e82=\"\" class=\"checkbox-line-right\">\u003Cspan data-v-55c67e82=\"\" class=\"userselect-text\" style=\"width: inherit;\">\u003Clabel data-v-55c67e82=\"\" for=\"4cf446e9-b352-4382-addf-a9192d218deb\" style=\"cursor: pointer;\">不要在登出 TOS 时提示确认信息\u003C/label>\u003C!---->\u003C/span>\u003C/div>\u003C/div>\u003Cdiv data-v-55c67e82=\"\" data-v-8439b99c=\"\" class=\"x-checkbox-line checkbox-line\" checked=\"checked\">\u003Cdiv data-v-55c67e82=\"\" class=\"checkbox-line-left\">\u003Cdiv data-v-046dd9b2=\"\" data-v-55c67e82=\"\" class=\"el-tooltip checkbox\" aria-describedby=\"el-tooltip-3126\" tabindex=\"0\">\u003Cinput data-v-046dd9b2=\"\" id=\"58c64c54-0439-4265-9e5d-6d3b8dd8d1b4\" type=\"checkbox\" class=\"input_check\" value=\"\">\u003C/div>\u003C/div>\u003Cdiv data-v-55c67e82=\"\" class=\"checkbox-line-right\">\u003Cspan data-v-55c67e82=\"\" class=\"userselect-text\" style=\"width: inherit;\">\u003Clabel data-v-55c67e82=\"\" for=\"58c64c54-0439-4265-9e5d-6d3b8dd8d1b4\" style=\"cursor: pointer;\">不要在重新启动 TOS 时提示确认信息\u003C/label>\u003C!---->\u003C/span>\u003C/div>\u003C/div>\u003Cdiv data-v-55c67e82=\"\" data-v-8439b99c=\"\" class=\"x-checkbox-line checkbox-line\" checked=\"checked\">\u003Cdiv data-v-55c67e82=\"\" class=\"checkbox-line-left\">\u003Cdiv data-v-046dd9b2=\"\" data-v-55c67e82=\"\" class=\"el-tooltip checkbox\" aria-describedby=\"el-tooltip-3607\" tabindex=\"0\">\u003Cinput data-v-046dd9b2=\"\" id=\"72fffb56-c737-4447-8931-5bb75f01ad11\" type=\"checkbox\" class=\"input_check\" value=\"\">\u003C/div>\u003C/div>\u003Cdiv data-v-55c67e82=\"\" class=\"checkbox-line-right\">\u003Cspan data-v-55c67e82=\"\" class=\"userselect-text\" style=\"width: inherit;\">\u003Clabel data-v-55c67e82=\"\" for=\"72fffb56-c737-4447-8931-5bb75f01ad11\" style=\"cursor: pointer;\">不要在关机时提示确认信息\u003C/label>\u003C!---->\u003C/span>\u003C/div>\u003C/div>\u003C/div>\u003C/div>\u003C/div>\u003Cdiv class=\"el-scrollbar__bar is-horizontal\">\u003Cdiv class=\"el-scrollbar__thumb\" style=\"transform: translateX(0%);\">\u003C/div>\u003C/div>\u003Cdiv class=\"el-scrollbar__bar is-vertical\">\u003Cdiv class=\"el-scrollbar__thumb\" style=\"transform: translateY(0%);\">\u003C/div>\u003C/div>\u003C/div>\u003C/div>\u003C/div>\u003C/div>\u003C/div>\u003C/div>\u003Cdiv data-v-1e7cdf90=\"\" data-v-532628a3=\"\" class=\"tos-button-box\" style=\"z-index: 0; height: 54px;\">\u003C!---->\u003Cdiv data-v-569b348b=\"\" data-v-532628a3=\"\" class=\"button-box\" data-v-1e7cdf90=\"\">\u003Cbutton data-v-569b348b=\"\" class=\"el-tooltip button emphasis\" aria-describedby=\"el-tooltip-9645\" tabindex=\"0\" disabled=\"disabled\">\u003C!---->\u003Cspan data-v-569b348b=\"\">应用\u003C/span>\u003C/button>\u003C/div>\u003C/div>\u003C/div>\u003C/div>\u003C/div>\u003C!---->\u003C/div>\u003C!---->\u003Cdiv data-v-25221402=\"\" data-v-2dc12ca0=\"\" class=\"container\">\u003C!---->\u003C!---->\u003C/div>\u003Cdiv class=\"el-loading-mask\" style=\"display: none;\">\u003Cdiv class=\"el-loading-spinner\">\u003Ci class=\"circular\">\u003C/i>\u003C!---->\u003C/div>\u003C/div>\u003C/div>\u003C/div>\u003C!---->\u003C!---->\u003C!---->\u003C/div>\u003C!---->\u003C!---->\u003C/div>\u003Cdiv data-v-0f63345b=\"\" data-v-5bce1a4c=\"\" class=\"contextmenu\" style=\"left: 735px; top: 421px; display: block;\">\u003Cdiv data-v-69edd53c=\"\" data-v-0f63345b=\"\" class=\"x-contextmenu\" style=\"display: none;\">\u003Cul data-v-69edd53c=\"\" class=\"context-menu-list fadein\">\u003C/ul>\u003C/div>\u003C/div>\u003C!---->\u003C!---->\u003C!---->\u003C!---->\u003C!---->\u003Cdiv data-v-25221402=\"\" data-v-5bce1a4c=\"\" class=\"container\">\u003C!---->\u003C!---->\u003C/div>\u003C!---->\u003C/div>\u003Cdiv data-v-5bce1a4c=\"\" id=\"v-step-resouce-board\" class=\"resouce-board\" style=\"\">\u003Cdiv data-v-5bce1a4c=\"\" class=\"resouce-board-in backdrop_in\">\u003Ci data-v-5bce1a4c=\"\" class=\"el-tooltip iconfont icontosboard iconhover\" aria-describedby=\"el-tooltip-2712\" tabindex=\"0\">\u003C/i>\u003Ci data-v-5bce1a4c=\"\" class=\"el-tooltip iconfont iconNotifications iconhover\" aria-describedby=\"el-tooltip-6407\" tabindex=\"0\">\u003C/i>\u003Ci data-v-5bce1a4c=\"\" class=\"el-tooltip iconfont iconSearch iconhover\" aria-describedby=\"el-tooltip-8799\" tabindex=\"0\">\u003C/i>\u003C!---->\u003C!---->\u003Ci data-v-5bce1a4c=\"\" class=\"el-tooltip iconfont iconmore_help-2 iconhover\" aria-describedby=\"el-tooltip-660\" tabindex=\"0\">\u003C/i>\u003C!---->\u003C/div>\u003C/div>\u003Cdiv data-v-22f5521e=\"\" data-v-5bce1a4c=\"\" class=\"resource static\" style=\"right: -480px; top: 60px;\">\u003Cdiv data-v-22f5521e=\"\" class=\"fitHeight\">\u003Cdiv data-v-22f5521e=\"\" class=\"resource-header\">\u003Ch1 data-v-22f5521e=\"\" class=\"resource-title\">\u003Cdiv data-v-22f5521e=\"\" class=\"user_name\"> 您好，\u003Cspan data-v-22f5521e=\"\" class=\"username\">test\u003C/span>\u003C/div>\u003Cdiv data-v-22f5521e=\"\" class=\"features\">\u003Cdiv data-v-22f5521e=\"\" class=\"el-tooltip iconfont-container\" aria-describedby=\"el-tooltip-5269\" tabindex=\"0\">\u003Ci data-v-22f5521e=\"\" class=\"iconfont iconPin\">\u003C/i>\u003C/div>\u003Cdiv data-v-22f5521e=\"\" class=\"el-tooltip iconfont-container\" aria-describedby=\"el-tooltip-3758\" tabindex=\"0\">\u003Ci data-v-22f5521e=\"\" class=\"iconfont iconrongqi1\">\u003C/i>\u003C/div>\u003C/div>\u003C/h1>\u003Cdiv data-v-22f5521e=\"\" class=\"resource-time\">\u003Cdiv data-v-22f5521e=\"\" class=\"time\">00:18 \u003C/div>\u003Cdiv data-v-22f5521e=\"\" class=\"date\">2026/06/04 星期四\u003C/div>\u003C/div>\u003C/div>\u003Cdiv data-v-22f5521e=\"\" class=\"el-scrollbar\">\u003Cdiv class=\"el-scrollbar__wrap\" style=\"margin-bottom: -8px; margin-right: -8px;\">\u003Cdiv class=\"el-scrollbar__view\">\u003Cdiv data-v-22f5521e=\"\" class=\"box\">\u003Cdiv data-v-22f5521e=\"\" class=\"vue-grid-layout\" style=\"height: 10px;\">\u003Cdiv class=\"vue-grid-item vue-grid-placeholder cssTransforms\" style=\"display: none; transform: translate3d(10px, 10px, 0px); width: 0px; height: 0px; position: absolute;\">\u003C!---->\u003C/div>\u003Cdiv class=\"erd_scroll_detection_container erd_scroll_detection_container_animation_active\" style=\"visibility: hidden; display: inline; width: 0px; height: 0px; z-index: -1; overflow: hidden; margin: 0px; padding: 0px;\">\u003Cdiv dir=\"ltr\" class=\"erd_scroll_detection_container\" style=\"position: absolute; flex: 0 0 auto; overflow: hidden; z-index: -1; visibility: hidden; width: 100%; height: 100%; left: 0px; top: 0px;\">\u003Cdiv class=\"erd_scroll_detection_container\" style=\"position: absolute; flex: 0 0 auto; overflow: hidden; z-index: -1; visibility: hidden; inset: -9px -8px -8px -9px;\">\u003Cdiv style=\"position: absolute; flex: 0 0 auto; overflow: scroll; z-index: -1; visibility: hidden; width: 100%; height: 100%;\">\u003Cdiv style=\"position: absolute; left: 0px; top: 0px; width: 427px; height: 37px;\">\u003C/div>\u003C/div>\u003Cdiv style=\"position: absolute; flex: 0 0 auto; overflow: scroll; z-index: -1; visibility: hidden; width: 100%; height: 100%;\">\u003Cdiv style=\"position: absolute; width: 200%; height: 200%;\">\u003C/div>\u003C/div>\u003C/div>\u003C/div>\u003C/div>\u003C/div>\u003C/div>\u003C/div>\u003C/div>\u003Cdiv class=\"el-scrollbar__bar is-horizontal\">\u003Cdiv class=\"el-scrollbar__thumb\" style=\"transform: translateX(0%);\">\u003C/div>\u003C/div>\u003Cdiv class=\"el-scrollbar__bar is-vertical\">\u003Cdiv class=\"el-scrollbar__thumb\" style=\"transform: translateY(0%);\">\u003C/div>\u003C/div>\u003C/div>\u003C/div>\u003Cdiv data-v-67163b94=\"\" data-v-22f5521e=\"\" class=\"createReceiving\" style=\"display: none;\">\u003Cdiv data-v-67163b94=\"\" class=\"wrapper-placement el-popover\">\u003Cdiv data-v-67163b94=\"\" class=\"cusotom-panel-list el-checkbox-group\">\u003Cdiv data-v-67163b94=\"\" class=\"custom-option el-checkbox\">\u003Cdiv data-v-55c67e82=\"\" data-v-67163b94=\"\" class=\"x-checkbox-line checkbox-line\">\u003Cdiv data-v-55c67e82=\"\" class=\"checkbox-line-left\">\u003Cdiv data-v-046dd9b2=\"\" data-v-55c67e82=\"\" class=\"el-tooltip checkbox\" aria-describedby=\"el-tooltip-2845\" tabindex=\"0\">\u003Cinput data-v-046dd9b2=\"\" id=\"b2b310f1-dd2c-48e9-8e3e-759dca403629\" type=\"checkbox\" class=\"input_check\" value=\"\">\u003C/div>\u003C/div>\u003Cdiv data-v-55c67e82=\"\" class=\"checkbox-line-right html\">\u003Cspan data-v-55c67e82=\"\" class=\"userselect-text\" style=\"width: inherit;\">\u003Clabel data-v-55c67e82=\"\" for=\"b2b310f1-dd2c-48e9-8e3e-759dca403629\" style=\"cursor: pointer;\">\u003Cdiv data-v-67163b94=\"\" data-v-55c67e82=\"\" title=\"设备信息\" class=\"custom-name\"> 设备信息 \u003C/div>\u003C/label>\u003C!---->\u003C/span>\u003C/div>\u003C/div>\u003C/div>\u003Cdiv data-v-67163b94=\"\" class=\"custom-option el-checkbox\">\u003Cdiv data-v-55c67e82=\"\" data-v-67163b94=\"\" class=\"x-checkbox-line checkbox-line\">\u003Cdiv data-v-55c67e82=\"\" class=\"checkbox-line-left\">\u003Cdiv data-v-046dd9b2=\"\" data-v-55c67e82=\"\" class=\"el-tooltip checkbox\" aria-describedby=\"el-tooltip-702\" tabindex=\"0\">\u003Cinput data-v-046dd9b2=\"\" id=\"c94e9e35-1c41-4289-89fc-cfd95a32e99b\" type=\"checkbox\" class=\"input_check\" value=\"\">\u003C/div>\u003C/div>\u003Cdiv data-v-55c67e82=\"\" class=\"checkbox-line-right html\">\u003Cspan data-v-55c67e82=\"\" class=\"userselect-text\" style=\"width: inherit;\">\u003Clabel data-v-55c67e82=\"\" for=\"c94e9e35-1c41-4289-89fc-cfd95a32e99b\" style=\"cursor: pointer;\">\u003Cdiv data-v-67163b94=\"\" data-v-55c67e82=\"\" title=\"系统信息\" class=\"custom-name\"> 系统信息 \u003C/div>\u003C/label>\u003C!---->\u003C/span>\u003C/div>\u003C/div>\u003C/div>\u003Cdiv data-v-67163b94=\"\" class=\"custom-option el-checkbox\">\u003Cdiv data-v-55c67e82=\"\" data-v-67163b94=\"\" class=\"x-checkbox-line checkbox-line\">\u003Cdiv data-v-55c67e82=\"\" class=\"checkbox-line-left\">\u003Cdiv data-v-046dd9b2=\"\" data-v-55c67e82=\"\" class=\"el-tooltip checkbox\" aria-describedby=\"el-tooltip-6294\" tabindex=\"0\">\u003Cinput data-v-046dd9b2=\"\" id=\"8205f018-c5a0-46fc-bd6d-0c1d89520c58\" type=\"checkbox\" class=\"input_check\" value=\"\">\u003C/div>\u003C/div>\u003Cdiv data-v-55c67e82=\"\" class=\"checkbox-line-right html\">\u003Cspan data-v-55c67e82=\"\" class=\"userselect-text\" style=\"width: inherit;\">\u003Clabel data-v-55c67e82=\"\" for=\"8205f018-c5a0-46fc-bd6d-0c1d89520c58\" style=\"cursor: pointer;\">\u003Cdiv data-v-67163b94=\"\" data-v-55c67e82=\"\" title=\"资源\" class=\"custom-name\"> 资源 \u003C/div>\u003C/label>\u003C!---->\u003C/span>\u003C/div>\u003C/div>\u003C/div>\u003Cdiv data-v-67163b94=\"\" class=\"custom-option el-checkbox\">\u003Cdiv data-v-55c67e82=\"\" data-v-67163b94=\"\" class=\"x-checkbox-line checkbox-line\">\u003Cdiv data-v-55c67e82=\"\" class=\"checkbox-line-left\">\u003Cdiv data-v-046dd9b2=\"\" data-v-55c67e82=\"\" class=\"el-tooltip checkbox\" aria-describedby=\"el-tooltip-4055\" tabindex=\"0\">\u003Cinput data-v-046dd9b2=\"\" id=\"4038c10e-eb0d-4adc-a6d5-1509a42b8fbc\" type=\"checkbox\" class=\"input_check\" value=\"\">\u003C/div>\u003C/div>\u003Cdiv data-v-55c67e82=\"\" class=\"checkbox-line-right html\">\u003Cspan data-v-55c67e82=\"\" class=\"userselect-text\" style=\"width: inherit;\">\u003Clabel data-v-55c67e82=\"\" for=\"4038c10e-eb0d-4adc-a6d5-1509a42b8fbc\" style=\"cursor: pointer;\">\u003Cdiv data-v-67163b94=\"\" data-v-55c67e82=\"\" title=\"网络\" class=\"custom-name\"> 网络 \u003C/div>\u003C/label>\u003C!---->\u003C/span>\u003C/div>\u003C/div>\u003C/div>\u003Cdiv data-v-67163b94=\"\" class=\"custom-option el-checkbox\">\u003Cdiv data-v-55c67e82=\"\" data-v-67163b94=\"\" class=\"x-checkbox-line checkbox-line\">\u003Cdiv data-v-55c67e82=\"\" class=\"checkbox-line-left\">\u003Cdiv data-v-046dd9b2=\"\" data-v-55c67e82=\"\" class=\"el-tooltip checkbox\" aria-describedby=\"el-tooltip-9806\" tabindex=\"0\">\u003Cinput data-v-046dd9b2=\"\" id=\"b5fb2871-d79f-4169-9480-4db2b2e15e63\" type=\"checkbox\" class=\"input_check\" value=\"\">\u003C/div>\u003C/div>\u003Cdiv data-v-55c67e82=\"\" class=\"checkbox-line-right html\">\u003Cspan data-v-55c67e82=\"\" class=\"userselect-text\" style=\"width: inherit;\">\u003Clabel data-v-55c67e82=\"\" for=\"b5fb2871-d79f-4169-9480-4db2b2e15e63\" style=\"cursor: pointer;\">\u003Cdiv data-v-67163b94=\"\" data-v-55c67e82=\"\" title=\"接口\" class=\"custom-name\"> 接口 \u003C/div>\u003C/label>\u003C!---->\u003C/span>\u003C/div>\u003C/div>\u003C/div>\u003Cdiv data-v-67163b94=\"\" class=\"custom-option el-checkbox\">\u003Cdiv data-v-55c67e82=\"\" data-v-67163b94=\"\" class=\"x-checkbox-line checkbox-line\">\u003Cdiv data-v-55c67e82=\"\" class=\"checkbox-line-left\">\u003Cdiv data-v-046dd9b2=\"\" data-v-55c67e82=\"\" class=\"el-tooltip checkbox\" aria-describedby=\"el-tooltip-3245\" tabindex=\"0\">\u003Cinput data-v-046dd9b2=\"\" id=\"38671f11-8181-4232-aca1-ed2064f75ead\" type=\"checkbox\" class=\"input_check\" value=\"\">\u003C/div>\u003C/div>\u003Cdiv data-v-55c67e82=\"\" class=\"checkbox-line-right html\">\u003Cspan data-v-55c67e82=\"\" class=\"userselect-text\" style=\"width: inherit;\">\u003Clabel data-v-55c67e82=\"\" for=\"38671f11-8181-4232-aca1-ed2064f75ead\" style=\"cursor: pointer;\">\u003Cdiv data-v-67163b94=\"\" data-v-55c67e82=\"\" title=\"磁盘\" class=\"custom-name\"> 磁盘 \u003C/div>\u003C/label>\u003C!---->\u003C/span>\u003C/div>\u003C/div>\u003C/div>\u003Cdiv data-v-67163b94=\"\" class=\"custom-option el-checkbox\">\u003Cdiv data-v-55c67e82=\"\" data-v-67163b94=\"\" class=\"x-checkbox-line checkbox-line\">\u003Cdiv data-v-55c67e82=\"\" class=\"checkbox-line-left\">\u003Cdiv data-v-046dd9b2=\"\" data-v-55c67e82=\"\" class=\"el-tooltip checkbox\" aria-describedby=\"el-tooltip-4677\" tabindex=\"0\">\u003Cinput data-v-046dd9b2=\"\" id=\"46cbe7aa-cd5a-4714-97f2-0994cd2fc821\" type=\"checkbox\" class=\"input_check\" value=\"\">\u003C/div>\u003C/div>\u003Cdiv data-v-55c67e82=\"\" class=\"checkbox-line-right html\">\u003Cspan data-v-55c67e82=\"\" class=\"userselect-text\" style=\"width: inherit;\">\u003Clabel data-v-55c67e82=\"\" for=\"46cbe7aa-cd5a-4714-97f2-0994cd2fc821\" style=\"cursor: pointer;\">\u003Cdiv data-v-67163b94=\"\" data-v-55c67e82=\"\" title=\"存储\" class=\"custom-name\"> 存储 \u003C/div>\u003C/label>\u003C!---->\u003C/span>\u003C/div>\u003C/div>\u003C/div>\u003Cdiv data-v-67163b94=\"\" class=\"custom-option el-checkbox\">\u003Cdiv data-v-55c67e82=\"\" data-v-67163b94=\"\" class=\"x-checkbox-line checkbox-line\">\u003Cdiv data-v-55c67e82=\"\" class=\"checkbox-line-left\">\u003Cdiv data-v-046dd9b2=\"\" data-v-55c67e82=\"\" class=\"el-tooltip checkbox\" aria-describedby=\"el-tooltip-3476\" tabindex=\"0\">\u003Cinput data-v-046dd9b2=\"\" id=\"3cac972c-5b4e-43bc-8867-4d4cf5d79f27\" type=\"checkbox\" class=\"input_check\" value=\"\">\u003C/div>\u003C/div>\u003Cdiv data-v-55c67e82=\"\" class=\"checkbox-line-right html\">\u003Cspan data-v-55c67e82=\"\" class=\"userselect-text\" style=\"width: inherit;\">\u003Clabel data-v-55c67e82=\"\" for=\"3cac972c-5b4e-43bc-8867-4d4cf5d79f27\" style=\"cursor: pointer;\">\u003Cdiv data-v-67163b94=\"\" data-v-55c67e82=\"\" title=\"硬件\" class=\"custom-name\"> 硬件 \u003C/div>\u003C/label>\u003C!---->\u003C/span>\u003C/div>\u003C/div>\u003C/div>\u003C/div>\u003C/div>\u003C/div>\u003C/div>\u003Cdiv data-v-018869bc=\"\" data-v-5bce1a4c=\"\">\u003Cdiv data-v-018869bc=\"\" class=\"message\">\u003Cdiv data-v-018869bc=\"\" class=\"fitHeight\">\u003Ch1 data-v-018869bc=\"\" class=\"notice-title\">  \u003Cdiv data-v-018869bc=\"\" class=\"features\">\u003Cdiv data-v-018869bc=\"\" class=\"iconfont-container\">\u003Ci data-v-018869bc=\"\" title=\"删除全部\" class=\"iconfont iconDelete\">\u003C/i>\u003C/div>\u003Cdiv data-v-018869bc=\"\" class=\"iconfont-container\">\u003Ci data-v-018869bc=\"\" title=\"设置\" class=\"iconfont iconSettings\">\u003C/i>\u003C/div>\u003C/div>\u003C/h1>\u003Cdiv data-v-018869bc=\"\" class=\"el-scrollbar\">\u003Cdiv class=\"el-scrollbar__wrap\" style=\"margin-bottom: -8px; margin-right: -8px;\">\u003Cdiv class=\"el-scrollbar__view\">\u003Cdiv data-v-018869bc=\"\" class=\"notice-body\">\u003Cdiv data-v-018869bc=\"\" class=\"messageBox\">\u003Cdiv data-v-018869bc=\"\" class=\"message-list\">\u003Cdiv data-v-018869bc=\"\" class=\"message-icon el-message-box__status el-icon-warning\">\u003C/div>\u003Cdiv data-v-018869bc=\"\" class=\"message-group\">\u003Ch2 data-v-018869bc=\"\" class=\"message-title\"> 通用设置 \u003C/h2>\u003Cdiv data-v-018869bc=\"\" title=\"设备 TNAS 发生异常关机，可能由断电或系统异常引起，建议尽快检查设备及系统状态。\" class=\"message-content userselect-text\"> 设备 TNAS 发生异常关机，可能由断电或系统异常引起，建议尽快检查设备及系统状态。 \u003C/div>\u003Cdiv data-v-018869bc=\"\" class=\"message-foot\">\u003Cspan data-v-018869bc=\"\" class=\"setting\" style=\"visibility: hidden;\">查看详情\u003C/span>\u003Cspan data-v-018869bc=\"\" class=\"message-time\">2 天前 23:45:26\u003C/span>\u003C/div>\u003C/div>\u003Cdiv data-v-018869bc=\"\" class=\"delete el-icon-close\">\u003C/div>\u003C/div>\u003Cdiv data-v-018869bc=\"\" class=\"message-list\">\u003Cdiv data-v-018869bc=\"\" class=\"message-icon el-message-box__status el-icon-warning\">\u003C/div>\u003Cdiv data-v-018869bc=\"\" class=\"message-group\">\u003Ch2 data-v-018869bc=\"\" class=\"message-title\"> 通用设置 \u003C/h2>\u003Cdiv data-v-018869bc=\"\" title=\"设备 TNAS 发生异常关机，可能由断电或系统异常引起，建议尽快检查设备及系统状态。\" class=\"message-content userselect-text\"> 设备 TNAS 发生异常关机，可能由断电或系统异常引起，建议尽快检查设备及系统状态。 \u003C/div>\u003Cdiv data-v-018869bc=\"\" class=\"message-foot\">\u003Cspan data-v-018869bc=\"\" class=\"setting\" style=\"visibility: hidden;\">查看详情\u003C/span>\u003Cspan data-v-018869bc=\"\" class=\"message-time\">2 天前 23:05:54\u003C/span>\u003C/div>\u003C/div>\u003Cdiv data-v-018869bc=\"\" class=\"delete el-icon-close\">\u003C/div>\u003C/div>\u003Cdiv data-v-018869bc=\"\" class=\"message-list\">\u003Cdiv data-v-018869bc=\"\" class=\"message-icon el-message-box__status el-icon-info\">\u003C/div>\u003Cdiv data-v-018869bc=\"\" class=\"message-group\">\u003Ch2 data-v-018869bc=\"\" class=\"message-title\"> 网络服务 \u003C/h2>\u003Cdiv data-v-018869bc=\"\" title=\"发现有人通过 Physical Console 登录您的系统后台。登录时间：2026-06-01 20:21:18，IP：Unknown\" class=\"message-content userselect-text\"> 发现有人通过 Physical Console 登录您的系统后台。登录时间：2026-06-01 20:21:18，IP：Unknown \u003C/div>\u003Cdiv data-v-018869bc=\"\" class=\"message-foot\">\u003Cspan data-v-018869bc=\"\" class=\"setting\" style=\"visibility: visible;\">查看详情\u003C/span>\u003Cspan data-v-018869bc=\"\" class=\"message-time\">3 天前 20:21:19\u003C/span>\u003C/div>\u003C/div>\u003Cdiv data-v-018869bc=\"\" class=\"delete el-icon-close\">\u003C/div>\u003C/div>\u003Cdiv data-v-018869bc=\"\" class=\"message-list\">\u003Cdiv data-v-018869bc=\"\" class=\"message-icon el-message-box__status el-icon-warning\">\u003C/div>\u003Cdiv data-v-018869bc=\"\" class=\"message-group\">\u003Ch2 data-v-018869bc=\"\" class=\"message-title\"> 通用设置 \u003C/h2>\u003Cdiv data-v-018869bc=\"\" title=\"设备 TNAS 发生异常关机，可能由断电或系统异常引起，建议尽快检查设备及系统状态。\" class=\"message-content userselect-text\"> 设备 TNAS 发生异常关机，可能由断电或系统异常引起，建议尽快检查设备及系统状态。 \u003C/div>\u003Cdiv data-v-018869bc=\"\" class=\"message-foot\">\u003Cspan data-v-018869bc=\"\" class=\"setting\" style=\"visibility: hidden;\">查看详情\u003C/span>\u003Cspan data-v-018869bc=\"\" class=\"message-time\">3 天前 7:40:04\u003C/span>\u003C/div>\u003C/div>\u003Cdiv data-v-018869bc=\"\" class=\"delete el-icon-close\">\u003C/div>\u003C/div>\u003Cdiv data-v-018869bc=\"\" class=\"message-list\">\u003Cdiv data-v-018869bc=\"\" class=\"message-icon el-message-box__status el-icon-warning\">\u003C/div>\u003Cdiv data-v-018869bc=\"\" class=\"message-group\">\u003Ch2 data-v-018869bc=\"\" class=\"message-title\"> 通用设置 \u003C/h2>\u003Cdiv data-v-018869bc=\"\" title=\"设备 TNAS 发生异常关机，可能由断电或系统异常引起，建议尽快检查设备及系统状态。\" class=\"message-content userselect-text\"> 设备 TNAS 发生异常关机，可能由断电或系统异常引起，建议尽快检查设备及系统状态。 \u003C/div>\u003Cdiv data-v-018869bc=\"\" class=\"message-foot\">\u003Cspan data-v-018869bc=\"\" class=\"setting\" style=\"visibility: hidden;\">查看详情\u003C/span>\u003Cspan data-v-018869bc=\"\" class=\"message-time\">3 天前 3:48:46\u003C/span>\u003C/div>\u003C/div>\u003Cdiv data-v-018869bc=\"\" class=\"delete el-icon-close\">\u003C/div>\u003C/div>\u003Cdiv data-v-018869bc=\"\" class=\"message-list\">\u003Cdiv data-v-018869bc=\"\" class=\"message-icon el-message-box__status el-icon-warning\">\u003C/div>\u003Cdiv data-v-018869bc=\"\" class=\"message-group\">\u003Ch2 data-v-018869bc=\"\" class=\"message-title\"> 通用设置 \u003C/h2>\u003Cdiv data-v-018869bc=\"\" title=\"设备 TNAS 发生异常关机，可能由断电或系统异常引起，建议尽快检查设备及系统状态。\" class=\"message-content userselect-text\"> 设备 TNAS 发生异常关机，可能由断电或系统异常引起，建议尽快检查设备及系统状态。 \u003C/div>\u003Cdiv data-v-018869bc=\"\" class=\"message-foot\">\u003Cspan data-v-018869bc=\"\" class=\"setting\" style=\"visibility: hidden;\">查看详情\u003C/span>\u003Cspan data-v-018869bc=\"\" class=\"message-time\">3 天前 1:21:27\u003C/span>\u003C/div>\u003C/div>\u003Cdiv data-v-018869bc=\"\" class=\"delete el-icon-close\">\u003C/div>\u003C/div>\u003Cdiv data-v-018869bc=\"\" class=\"message-list\">\u003Cdiv data-v-018869bc=\"\" class=\"message-icon el-message-box__status el-icon-info\">\u003C/div>\u003Cdiv data-v-018869bc=\"\" class=\"message-group\">\u003Ch2 data-v-018869bc=\"\" class=\"message-title\"> 网络服务 \u003C/h2>\u003Cdiv data-v-018869bc=\"\" title=\"发现有人通过 SSH 登录您的系统后台。登录时间：2026-05-28 17:59:15，IP：192.168.64.1\" class=\"message-content userselect-text\"> 发现有人通过 SSH 登录您的系统后台。登录时间：2026-05-28 17:59:15，IP：192.168.64.1 \u003C/div>\u003Cdiv data-v-018869bc=\"\" class=\"message-foot\">\u003Cspan data-v-018869bc=\"\" class=\"setting\" style=\"visibility: visible;\">查看详情\u003C/span>\u003Cspan data-v-018869bc=\"\" class=\"message-time\">2026-05-28 17:59:17\u003C/span>\u003C/div>\u003C/div>\u003Cdiv data-v-018869bc=\"\" class=\"delete el-icon-close\">\u003C/div>\u003C/div>\u003Cdiv data-v-018869bc=\"\" class=\"message-list\">\u003Cdiv data-v-018869bc=\"\" class=\"message-icon el-message-box__status el-icon-info\">\u003C/div>\u003Cdiv data-v-018869bc=\"\" class=\"message-group\">\u003Ch2 data-v-018869bc=\"\" class=\"message-title\"> 网络服务 \u003C/h2>\u003Cdiv data-v-018869bc=\"\" title=\"发现有人通过 SSH 登录您的系统后台。登录时间：2026-05-28 13:19:17，IP：192.168.64.1\" class=\"message-content userselect-text\"> 发现有人通过 SSH 登录您的系统后台。登录时间：2026-05-28 13:19:17，IP：192.168.64.1 \u003C/div>\u003Cdiv data-v-018869bc=\"\" class=\"message-foot\">\u003Cspan data-v-018869bc=\"\" class=\"setting\" style=\"visibility: visible;\">查看详情\u003C/span>\u003Cspan data-v-018869bc=\"\" class=\"message-time\">2026-05-28 13:19:25\u003C/span>\u003C/div>\u003C/div>\u003Cdiv data-v-018869bc=\"\" class=\"delete el-icon-close\">\u003C/div>\u003C/div>\u003Cdiv data-v-018869bc=\"\" class=\"message-list\">\u003Cdiv data-v-018869bc=\"\" class=\"message-icon el-message-box__status el-icon-warning\">\u003C/div>\u003Cdiv data-v-018869bc=\"\" class=\"message-group\">\u003Ch2 data-v-018869bc=\"\" class=\"message-title\"> 通用设置 \u003C/h2>\u003Cdiv data-v-018869bc=\"\" title=\"设备 TNAS 发生异常关机，可能由断电或系统异常引起，建议尽快检查设备及系统状态。\" class=\"message-content userselect-text\"> 设备 TNAS 发生异常关机，可能由断电或系统异常引起，建议尽快检查设备及系统状态。 \u003C/div>\u003Cdiv data-v-018869bc=\"\" class=\"message-foot\">\u003Cspan data-v-018869bc=\"\" class=\"setting\" style=\"visibility: hidden;\">查看详情\u003C/span>\u003Cspan data-v-018869bc=\"\" class=\"message-time\">2026-05-28 08:45:46\u003C/span>\u003C/div>\u003C/div>\u003Cdiv data-v-018869bc=\"\" class=\"delete el-icon-close\">\u003C/div>\u003C/div>\u003Cdiv data-v-018869bc=\"\" class=\"message-list\">\u003Cdiv data-v-018869bc=\"\" class=\"message-icon el-message-box__status el-icon-info\">\u003C/div>\u003Cdiv data-v-018869bc=\"\" class=\"message-group\">\u003Ch2 data-v-018869bc=\"\" class=\"message-title\"> 网络服务 \u003C/h2>\u003Cdiv data-v-018869bc=\"\" title=\"发现有人通过 SSH 登录您的系统后台。登录时间：2026-05-28 00:44:54，IP：192.168.64.1\" class=\"message-content userselect-text\"> 发现有人通过 SSH 登录您的系统后台。登录时间：2026-05-28 00:44:54，IP：192.168.64.1 \u003C/div>\u003Cdiv data-v-018869bc=\"\" class=\"message-foot\">\u003Cspan data-v-018869bc=\"\" class=\"setting\" style=\"visibility: visible;\">查看详情\u003C/span>\u003Cspan data-v-018869bc=\"\" class=\"message-time\">2026-05-28 00:44:56\u003C/span>\u003C/div>\u003C/div>\u003Cdiv data-v-018869bc=\"\" class=\"delete el-icon-close\">\u003C/div>\u003C/div>\u003Cdiv data-v-018869bc=\"\" class=\"message-list\">\u003Cdiv data-v-018869bc=\"\" class=\"message-icon el-message-box__status el-icon-info\">\u003C/div>\u003Cdiv data-v-018869bc=\"\" class=\"message-group\">\u003Ch2 data-v-018869bc=\"\" class=\"message-title\"> 网络服务 \u003C/h2>\u003Cdiv data-v-018869bc=\"\" title=\"发现有人通过 SSH 登录您的系统后台。登录时间：2026-05-28 00:44:18，IP：192.168.64.1\" class=\"message-content userselect-text\"> 发现有人通过 SSH 登录您的系统后台。登录时间：2026-05-28 00:44:18，IP：192.168.64.1 \u003C/div>\u003Cdiv data-v-018869bc=\"\" class=\"message-foot\">\u003Cspan data-v-018869bc=\"\" class=\"setting\" style=\"visibility: visible;\">查看详情\u003C/span>\u003Cspan data-v-018869bc=\"\" class=\"message-time\">2026-05-28 00:44:20\u003C/span>\u003C/div>\u003C/div>\u003Cdiv data-v-018869bc=\"\" class=\"delete el-icon-close\">\u003C/div>\u003C/div>\u003Cdiv data-v-018869bc=\"\" class=\"message-list\">\u003Cdiv data-v-018869bc=\"\" class=\"message-icon el-message-box__status el-icon-warning\">\u003C/div>\u003Cdiv data-v-018869bc=\"\" class=\"message-group\">\u003Ch2 data-v-018869bc=\"\" class=\"message-title\"> 通用设置 \u003C/h2>\u003Cdiv data-v-018869bc=\"\" title=\"设备 TNAS 发生异常关机，可能由断电或系统异常引起，建议尽快检查设备及系统状态。\" class=\"message-content userselect-text\"> 设备 TNAS 发生异常关机，可能由断电或系统异常引起，建议尽快检查设备及系统状态。 \u003C/div>\u003Cdiv data-v-018869bc=\"\" class=\"message-foot\">\u003Cspan data-v-018869bc=\"\" class=\"setting\" style=\"visibility: hidden;\">查看详情\u003C/span>\u003Cspan data-v-018869bc=\"\" class=\"message-time\">2026-05-27 22:50:46\u003C/span>\u003C/div>\u003C/div>\u003Cdiv data-v-018869bc=\"\" class=\"delete el-icon-close\">\u003C/div>\u003C/div>\u003Cdiv data-v-018869bc=\"\" class=\"message-list\">\u003Cdiv data-v-018869bc=\"\" class=\"message-icon el-message-box__status el-icon-info\">\u003C/div>\u003Cdiv data-v-018869bc=\"\" class=\"message-group\">\u003Ch2 data-v-018869bc=\"\" class=\"message-title\"> 通用设置 \u003C/h2>\u003Cdiv data-v-018869bc=\"\" title=\"TOS 已成功更新至版本 7.0.0612。\" class=\"message-content userselect-text\"> TOS 已成功更新至版本 7.0.0612。 \u003C/div>\u003Cdiv data-v-018869bc=\"\" class=\"message-foot\">\u003Cspan data-v-018869bc=\"\" class=\"setting\" style=\"visibility: visible;\">查看详情\u003C/span>\u003Cspan data-v-018869bc=\"\" class=\"message-time\">2026-05-26 23:46:17\u003C/span>\u003C/div>\u003C/div>\u003Cdiv data-v-018869bc=\"\" class=\"delete el-icon-close\">\u003C/div>\u003C/div>\u003Cdiv data-v-018869bc=\"\" class=\"message-list\">\u003Cdiv data-v-018869bc=\"\" class=\"message-icon el-message-box__status el-icon-info\">\u003C/div>\u003Cdiv data-v-018869bc=\"\" class=\"message-group\">\u003Ch2 data-v-018869bc=\"\" class=\"message-title\"> 通用设置 \u003C/h2>\u003Cdiv data-v-018869bc=\"\" title=\"7.0.0612 的新版本已下载完成。请进入设备的「控制面板 &gt; 系统 &gt; 更新」，点击「更新」。\" class=\"message-content userselect-text\"> 7.0.0612 的新版本已下载完成。请进入设备的「控制面板 &gt; 系统 &gt; 更新」，点击「更新」。 \u003C/div>\u003Cdiv data-v-018869bc=\"\" class=\"message-foot\">\u003Cspan data-v-018869bc=\"\" class=\"setting\" style=\"visibility: visible;\">查看详情\u003C/span>\u003Cspan data-v-018869bc=\"\" class=\"message-time\">2026-05-26 23:36:17\u003C/span>\u003C/div>\u003C/div>\u003Cdiv data-v-018869bc=\"\" class=\"delete el-icon-close\">\u003C/div>\u003C/div>\u003Cdiv data-v-018869bc=\"\" class=\"message-list\">\u003Cdiv data-v-018869bc=\"\" class=\"message-icon el-message-box__status el-icon-info\">\u003C/div>\u003Cdiv data-v-018869bc=\"\" class=\"message-group\">\u003Ch2 data-v-018869bc=\"\" class=\"message-title\"> 通用设置 \u003C/h2>\u003Cdiv data-v-018869bc=\"\" title=\"检测到设备 TNAS 有新的系统更新可用。请登录该设备，进入 控制面板 &gt; 系统 &gt; 更新，检查并安装最新版本。\" class=\"message-content userselect-text\"> 检测到设备 TNAS 有新的系统更新可用。请登录该设备，进入 控制面板 &gt; 系统 &gt; 更新，检查并安装最新版本。 \u003C/div>\u003Cdiv data-v-018869bc=\"\" class=\"message-foot\">\u003Cspan data-v-018869bc=\"\" class=\"setting\" style=\"visibility: visible;\">查看详情\u003C/span>\u003Cspan data-v-018869bc=\"\" class=\"message-time\">2026-05-26 23:33:55\u003C/span>\u003C/div>\u003C/div>\u003Cdiv data-v-018869bc=\"\" class=\"delete el-icon-close\">\u003C/div>\u003C/div>\u003Cdiv data-v-018869bc=\"\" class=\"message-list\">\u003Cdiv data-v-018869bc=\"\" class=\"message-icon el-message-box__status el-icon-info\">\u003C/div>\u003Cdiv data-v-018869bc=\"\" class=\"message-group\">\u003Ch2 data-v-018869bc=\"\" class=\"message-title\"> 网络服务 \u003C/h2>\u003Cdiv data-v-018869bc=\"\" title=\"发现有人通过 SSH 登录您的系统后台。登录时间：2026-05-26 23:26:03，IP：192.168.64.1\" class=\"message-content userselect-text\"> 发现有人通过 SSH 登录您的系统后台。登录时间：2026-05-26 23:26:03，IP：192.168.64.1 \u003C/div>\u003Cdiv data-v-018869bc=\"\" class=\"message-foot\">\u003Cspan data-v-018869bc=\"\" class=\"setting\" style=\"visibility: visible;\">查看详情\u003C/span>\u003Cspan data-v-018869bc=\"\" class=\"message-time\">2026-05-26 23:26:04\u003C/span>\u003C/div>\u003C/div>\u003Cdiv data-v-018869bc=\"\" class=\"delete el-icon-close\">\u003C/div>\u003C/div>\u003Cdiv data-v-018869bc=\"\" class=\"message-list\">\u003Cdiv data-v-018869bc=\"\" class=\"message-icon el-message-box__status el-icon-info\">\u003C/div>\u003Cdiv data-v-018869bc=\"\" class=\"message-group\">\u003Ch2 data-v-018869bc=\"\" class=\"message-title\"> 网络服务 \u003C/h2>\u003Cdiv data-v-018869bc=\"\" title=\"发现有人通过 SSH 登录您的系统后台。登录时间：2026-05-26 23:25:45，IP：192.168.64.1\" class=\"message-content userselect-text\"> 发现有人通过 SSH 登录您的系统后台。登录时间：2026-05-26 23:25:45，IP：192.168.64.1 \u003C/div>\u003Cdiv data-v-018869bc=\"\" class=\"message-foot\">\u003Cspan data-v-018869bc=\"\" class=\"setting\" style=\"visibility: visible;\">查看详情\u003C/span>\u003Cspan data-v-018869bc=\"\" class=\"message-time\">2026-05-26 23:25:46\u003C/span>\u003C/div>\u003C/div>\u003Cdiv data-v-018869bc=\"\" class=\"delete el-icon-close\">\u003C/div>\u003C/div>\u003Cdiv data-v-018869bc=\"\" class=\"message-list\">\u003Cdiv data-v-018869bc=\"\" class=\"message-icon el-message-box__status el-icon-info\">\u003C/div>\u003Cdiv data-v-018869bc=\"\" class=\"message-group\">\u003Ch2 data-v-018869bc=\"\" class=\"message-title\"> 网络服务 \u003C/h2>\u003Cdiv data-v-018869bc=\"\" title=\"发现有人通过 SSH 登录您的系统后台。登录时间：2026-05-26 23:25:25，IP：192.168.64.1\" class=\"message-content userselect-text\"> 发现有人通过 SSH 登录您的系统后台。登录时间：2026-05-26 23:25:25，IP：192.168.64.1 \u003C/div>\u003Cdiv data-v-018869bc=\"\" class=\"message-foot\">\u003Cspan data-v-018869bc=\"\" class=\"setting\" style=\"visibility: visible;\">查看详情\u003C/span>\u003Cspan data-v-018869bc=\"\" class=\"message-time\">2026-05-26 23:25:27\u003C/span>\u003C/div>\u003C/div>\u003Cdiv data-v-018869bc=\"\" class=\"delete el-icon-close\">\u003C/div>\u003C/div>\u003Cdiv data-v-018869bc=\"\" class=\"message-list\">\u003Cdiv data-v-018869bc=\"\" class=\"message-icon el-message-box__status el-icon-info\">\u003C/div>\u003Cdiv data-v-018869bc=\"\" class=\"message-group\">\u003Ch2 data-v-018869bc=\"\" class=\"message-title\"> 网络服务 \u003C/h2>\u003Cdiv data-v-018869bc=\"\" title=\"发现有人通过 SSH 登录您的系统后台。登录时间：2026-05-26 23:25:09，IP：192.168.64.1\" class=\"message-content userselect-text\"> 发现有人通过 SSH 登录您的系统后台。登录时间：2026-05-26 23:25:09，IP：192.168.64.1 \u003C/div>\u003Cdiv data-v-018869bc=\"\" class=\"message-foot\">\u003Cspan data-v-018869bc=\"\" class=\"setting\" style=\"visibility: visible;\">查看详情\u003C/span>\u003Cspan data-v-018869bc=\"\" class=\"message-time\">2026-05-26 23:25:11\u003C/span>\u003C/div>\u003C/div>\u003Cdiv data-v-018869bc=\"\" class=\"delete el-icon-close\">\u003C/div>\u003C/div>\u003Cdiv data-v-018869bc=\"\" class=\"message-list\">\u003Cdiv data-v-018869bc=\"\" class=\"message-icon el-message-box__status el-icon-info\">\u003C/div>\u003Cdiv data-v-018869bc=\"\" class=\"message-group\">\u003Ch2 data-v-018869bc=\"\" class=\"message-title\"> 网络服务 \u003C/h2>\u003Cdiv data-v-018869bc=\"\" title=\"发现有人通过 SSH 登录您的系统后台。登录时间：2026-05-26 22:58:25，IP：192.168.64.1\" class=\"message-content userselect-text\"> 发现有人通过 SSH 登录您的系统后台。登录时间：2026-05-26 22:58:25，IP：192.168.64.1 \u003C/div>\u003Cdiv data-v-018869bc=\"\" class=\"message-foot\">\u003Cspan data-v-018869bc=\"\" class=\"setting\" style=\"visibility: visible;\">查看详情\u003C/span>\u003Cspan data-v-018869bc=\"\" class=\"message-time\">2026-05-26 22:58:26\u003C/span>\u003C/div>\u003C/div>\u003Cdiv data-v-018869bc=\"\" class=\"delete el-icon-close\">\u003C/div>\u003C/div>\u003Cdiv data-v-018869bc=\"\" class=\"message-list\">\u003Cdiv data-v-018869bc=\"\" class=\"message-icon el-message-box__status el-icon-info\">\u003C/div>\u003Cdiv data-v-018869bc=\"\" class=\"message-group\">\u003Ch2 data-v-018869bc=\"\" class=\"message-title\"> 网络服务 \u003C/h2>\u003Cdiv data-v-018869bc=\"\" title=\"发现有人通过 SSH 登录您的系统后台。登录时间：2026-05-26 22:58:07，IP：192.168.64.1\" class=\"message-content userselect-text\"> 发现有人通过 SSH 登录您的系统后台。登录时间：2026-05-26 22:58:07，IP：192.168.64.1 \u003C/div>\u003Cdiv data-v-018869bc=\"\" class=\"message-foot\">\u003Cspan data-v-018869bc=\"\" class=\"setting\" style=\"visibility: visible;\">查看详情\u003C/span>\u003Cspan data-v-018869bc=\"\" class=\"message-time\">2026-05-26 22:58:08\u003C/span>\u003C/div>\u003C/div>\u003Cdiv data-v-018869bc=\"\" class=\"delete el-icon-close\">\u003C/div>\u003C/div>\u003Cdiv data-v-018869bc=\"\" class=\"message-list\">\u003Cdiv data-v-018869bc=\"\" class=\"message-icon el-message-box__status el-icon-info\">\u003C/div>\u003Cdiv data-v-018869bc=\"\" class=\"message-group\">\u003Ch2 data-v-018869bc=\"\" class=\"message-title\"> 网络服务 \u003C/h2>\u003Cdiv data-v-018869bc=\"\" title=\"发现有人通过 SSH 登录您的系统后台。登录时间：2026-05-26 22:57:39，IP：192.168.64.1\" class=\"message-content userselect-text\"> 发现有人通过 SSH 登录您的系统后台。登录时间：2026-05-26 22:57:39，IP：192.168.64.1 \u003C/div>\u003Cdiv data-v-018869bc=\"\" class=\"message-foot\">\u003Cspan data-v-018869bc=\"\" class=\"setting\" style=\"visibility: visible;\">查看详情\u003C/span>\u003Cspan data-v-018869bc=\"\" class=\"message-time\">2026-05-26 22:57:40\u003C/span>\u003C/div>\u003C/div>\u003Cdiv data-v-018869bc=\"\" class=\"delete el-icon-close\">\u003C/div>\u003C/div>\u003Cdiv data-v-018869bc=\"\" class=\"message-list\">\u003Cdiv data-v-018869bc=\"\" class=\"message-icon el-message-box__status el-icon-info\">\u003C/div>\u003Cdiv data-v-018869bc=\"\" class=\"message-group\">\u003Ch2 data-v-018869bc=\"\" class=\"message-title\"> 网络服务 \u003C/h2>\u003Cdiv data-v-018869bc=\"\" title=\"发现有人通过 Physical Console 登录您的系统后台。登录时间：2026-05-26 22:33:38，IP：Unknown\" class=\"message-content userselect-text\"> 发现有人通过 Physical Console 登录您的系统后台。登录时间：2026-05-26 22:33:38，IP：Unknown \u003C/div>\u003Cdiv data-v-018869bc=\"\" class=\"message-foot\">\u003Cspan data-v-018869bc=\"\" class=\"setting\" style=\"visibility: visible;\">查看详情\u003C/span>\u003Cspan data-v-018869bc=\"\" class=\"message-time\">2026-05-26 22:33:45\u003C/span>\u003C/div>\u003C/div>\u003Cdiv data-v-018869bc=\"\" class=\"delete el-icon-close\">\u003C/div>\u003C/div>\u003Cdiv data-v-018869bc=\"\" class=\"message-list\">\u003Cdiv data-v-018869bc=\"\" class=\"message-icon el-message-box__status el-icon-warning\">\u003C/div>\u003Cdiv data-v-018869bc=\"\" class=\"message-group\">\u003Ch2 data-v-018869bc=\"\" class=\"message-title\"> 通用设置 \u003C/h2>\u003Cdiv data-v-018869bc=\"\" title=\"设备 TNAS 发生异常关机，可能由断电或系统异常引起，建议尽快检查设备及系统状态。\" class=\"message-content userselect-text\"> 设备 TNAS 发生异常关机，可能由断电或系统异常引起，建议尽快检查设备及系统状态。 \u003C/div>\u003Cdiv data-v-018869bc=\"\" class=\"message-foot\">\u003Cspan data-v-018869bc=\"\" class=\"setting\" style=\"visibility: hidden;\">查看详情\u003C/span>\u003Cspan data-v-018869bc=\"\" class=\"message-time\">2026-05-26 22:33:40\u003C/span>\u003C/div>\u003C/div>\u003Cdiv data-v-018869bc=\"\" class=\"delete el-icon-close\">\u003C/div>\u003C/div>\u003Cdiv data-v-018869bc=\"\" class=\"message-list\">\u003Cdiv data-v-018869bc=\"\" class=\"message-icon el-message-box__status el-icon-warning\">\u003C/div>\u003Cdiv data-v-018869bc=\"\" class=\"message-group\">\u003Ch2 data-v-018869bc=\"\" class=\"message-title\"> 通用设置 \u003C/h2>\u003Cdiv data-v-018869bc=\"\" title=\"设备 TNAS 发生异常关机，可能由断电或系统异常引起，建议尽快检查设备及系统状态。\" class=\"message-content userselect-text\"> 设备 TNAS 发生异常关机，可能由断电或系统异常引起，建议尽快检查设备及系统状态。 \u003C/div>\u003Cdiv data-v-018869bc=\"\" class=\"message-foot\">\u003Cspan data-v-018869bc=\"\" class=\"setting\" style=\"visibility: hidden;\">查看详情\u003C/span>\u003Cspan data-v-018869bc=\"\" class=\"message-time\">2026-05-25 21:04:49\u003C/span>\u003C/div>\u003C/div>\u003Cdiv data-v-018869bc=\"\" class=\"delete el-icon-close\">\u003C/div>\u003C/div>\u003Cdiv data-v-018869bc=\"\" class=\"message-list\">\u003Cdiv data-v-018869bc=\"\" class=\"message-icon el-message-box__status el-icon-warning\">\u003C/div>\u003Cdiv data-v-018869bc=\"\" class=\"message-group\">\u003Ch2 data-v-018869bc=\"\" class=\"message-title\"> 其它 \u003C/h2>\u003Cdiv data-v-018869bc=\"\" title=\"系统安全扫描异常，发现 4 个待处理的安全风险\" class=\"message-content userselect-text\"> 系统安全扫描异常，发现 4 个待处理的安全风险 \u003C/div>\u003Cdiv data-v-018869bc=\"\" class=\"message-foot\">\u003Cspan data-v-018869bc=\"\" class=\"setting\" style=\"visibility: visible;\">查看详情\u003C/span>\u003Cspan data-v-018869bc=\"\" class=\"message-time\">2026-05-25 19:26:39\u003C/span>\u003C/div>\u003C/div>\u003Cdiv data-v-018869bc=\"\" class=\"delete el-icon-close\">\u003C/div>\u003C/div>\u003C/div>\u003C/div>\u003C/div>\u003C/div>\u003Cdiv class=\"el-scrollbar__bar is-horizontal\">\u003Cdiv class=\"el-scrollbar__thumb\" style=\"transform: translateX(0%);\">\u003C/div>\u003C/div>\u003Cdiv class=\"el-scrollbar__bar is-vertical\">\u003Cdiv class=\"el-scrollbar__thumb\" style=\"transform: translateY(0%); height: 21.4065%;\">\u003C/div>\u003C/div>\u003C/div>\u003C/div>\u003C/div>\u003C/div>\u003C!---->\u003C!---->\u003C!---->\u003Cdiv data-v-5bce1a4c=\"\" class=\"v-tour\">\u003C!---->\u003Cdiv class=\"mask\" style=\"display: none;\">\u003C/div>\u003C/div>\u003C!---->\u003C!---->\u003C/div>\u003C/div>\u003Cscript>\u003C/script>\u003Cscript src=\"js/chunk-vendors.10331b6a.js\">\u003C/script>\u003Cscript src=\"js/app.ba0ca957.js\">\u003C/script>\u003Cdiv class=\"el-loading-mask is-fullscreen\" style=\"z-index: 2000; display: none;\">\u003Cdiv class=\"el-loading-spinner\">\u003Ci class=\"circular\">\u003C/i>\u003C!---->\u003C/div>\u003C/div>\u003Cdiv role=\"alert\" class=\"el-message el-message--success el-message-fade-enter-active el-message-fade-enter-to\" style=\"top: 100px; z-index: 2002;\">\u003Ci class=\"el-message__icon el-icon-success\">\u003C/i>\u003Cp class=\"el-message__content\">操作成功！\u003C/p>\u003C!---->\u003C/div>\u003C/body>\u003C/html>"} | headers=HTTPHeaderDict({'Content-Length': '1906709', 'Content-Type': 'application/json; charset=utf-8', 'cache-control': 'no-cache'})
DEBUG    selenium.webdriver.remote.remote_connection:remote_connection.py:468 Finished Request
DEBUG    selenium.webdriver.remote.remote_connection:remote_connection.py:406 GET http://localhost:58731/session/eaeb57ab0a4d1deb93b3eddb8c40d746/screenshot {}
DEBUG    urllib3.connectionpool:connectionpool.py:544 http://localhost:58731 "GET /session/eaeb57ab0a4d1deb93b3eddb8c40d746/screenshot HTTP/1.1" 200 0
DEBUG    selenium.webdriver.remote.remote_connection:remote_connection.py:439 Remote response: status=200 | data={"value":"iVBORw0KGgoAAAANSUhEUgAAC3wAAAYgCAIAAAAfwTkbAAABLGlDQ1BfAAB4nJWQPUsDQRCGH0NA1DSiooXFlWnUJGI+UAsTNWiZKES7y+UIYhKPy4n2af0R1naCjQipbawEKxEbe0Gwje/dFReQFJlhdp59d9jdGYgtIYunoN3x3Eq5aNROTo3JTybkgZlW12G0qer3Lax9XWF8m2rYXUv5W+G5elxXNsTzzZCvfa6HfOPzled44luf3aNKSfwgTjaHuD7EluP69e/irXbr0or+TcLuHFeVa4plylzIm7SwWaPKOWeYohR7FMizrrwj31CkyUgpkNUuRYkiOa059qXkdZZmN2BV+PMMn+x9wHZ/MBg8RdphH+6zMP0YaclNmE3A80ukRTN2TNcMpLgiZhfhZ0Gt3MHcF8z0pC76xyN6Nf71anBAB4tVUUbdpMn+AQyUTdocuQPoAAAQAElEQVR4nOz9WbMlSZoYhvnnEXHibPfmWllZVd3V0zPT3TMYDAEMMAQpLKQILUbSZKYH6Un/gJLpRXrhb5EZaZLpUS96pEEmyYwAAQOJWTDsmd6rq6urcqnc7naWWNz5be7hESfOvedm3syqmmmvWyfPifDw8OXzb/fvy//N/+V/07RNNilu3b1z597d6XxqLBhrvWkBwHuPnwaLN/yP8WAcf+Jvjx/4f+s256uTk5MXL1/evnXr/v17NsuwEXkcH7HW4qdzTn7KJ9510qD3zvi2dT/6qx/duXvnd77/u3meyUvx3XgdX6R9OLjIK/gLxO/G29iBi9XqX/6Lf/Wzn33yn/7n/6tvf/vjLMvwIvYzfsaXehm5L1pjHeBYHc7L0y+/fPni5I/+/j+cLG83tvzRLz79r/+f/6//77/56Zkp22zqilkDk3x61PgCbG5tjjOBjeQ5ToqloVsqYPkd8S04D1w8TZShy3w3w8eyDCtbm3mddC38zfKI8AZ2m1eFigOuSPNsh1MHpneFmuEFGp3H5MduHReev/Hidy/BTid3ocL74YPejTQ1rNO6/gWrQ6N3eLDaUDobNNOeIdfQenGHPb2s2VTbjW+qqTfv+fyjrPw73/r4W3fvLefTqt5uqqppmiLPZ7M5ZKZt25OzsxcvX6y3Vet9nhfFpJyUJY503TR102LbuKz4srp2F9vm6cX58836lWlPfF1hr8O8mMx6BgYCDZtZAjnLkIOAUxjeirjmAbRwr/luWnxvlXWD4H+8f7FHRTkpJhNugaGz9dW22qzXBDRAOwW8DdAoawK0h3JbTMvZ0dH81tH8eFnM5p73orEZVTKZubRIh2N7V9S8tHguuzV9uKLXdZlH9suNFZ/+wzuUJwWGlbz0m+uAb9x2tT57+fL85cnm7KKta+ygJ8CQWi398LyyLSLypqoqqkDg6hQdSJNgZCIcITRLgDZb4Mp6Wi9CI4P9Fet67iU/6xnaZc6017I8SiJ4mn3rFVXYjHBWnk1ms8m0zKfFZD7N8UuZG8gzhE6DKDHDJ85evfzyk1+fPH45Wyx/8Md/96Pvfy+fTV89efwX//Jfvvjs8Xf+7t/+g//oH5licnx8y9fOZ7ghvGBUfm+v29QfBnJ8dY6tZwxvgsyvABV/CCa7BN7SOTFv0M61ijf+8g1yeEGEcXUlhgVgCkYUnKdaiiABvCJkCb80DI11XSkXwRUmXHDVXGsIU3hYnV588uO/+sm//RNkQpZ3795+773je3dmy8V0Pp9MCYUZZiEYUXWvDkhHwS/F/Ak6CusuoGktbpCL8/P1aoXXZ/M5wr9AiBlbkdEFHVm45HWhZAMia5j/2W42+IffEa8ibBKqTjZdx2ulRSp4D0m9jjziVvOmgMm/+5N/+/mvfnl09+63fue7yCyUJQ4s/+UP//Lnf/rn1ZevjqF4mE/uT8tlXh6V5XExmWXZFGeuqZrVGppmOZndu3VvPi1xzaq62qxW6/UF3i+xoRwniRgy3PqWOZYXF2dPTp4/efXy5ebiZbW5cA0SvNqYyrVtBrVvcY+aBoRV6ZgQbyK0SN9zHr/MH65CBh0dYZQja0p/TksrVxCvdAQ6ZfaIECP4IUGypc3KopjiPDNmx/7bMIV2Z5Jdwpem1NAF1Jcuomfq3700aUy7m7TGeBkh3TCOZm40ViOOjWGXUK9Nx8IVdRYyyJnJU54xY2SGw8mZYBHvZuRxPxhXpJ/d5PiWV8VLgzj7hKC5BlID2pW4H3lA1gSEzkyprJp8wfqZlc7w+lELHoRHRghB0i53aYcyi8CkBaQDOHm+FYIij1Bt77AOMhqzcjrB9cpyvIyskbBVCDVtW+PPusbPRmY9IP9kTxAuMbGTceBxPuUG3/PUONVwvK2UHHMXqUvIQWFFpBzz6RS7VBbIXeGEEL0uIJvNysVivlgs8AuNqdli15yrWtwB3HaRF3gXh2MDp41CTCDDwtW7rns7nG6Eqw750FVi2RIY8zz7iECo8EaLDGCKBtO2fcRlZlCgT/ejpJdWkbYgmW5zQ2UfXfa9XiEsIDXZbrdVtcEhz+dzoQIirwk80Ca/kqq2N0ErZZc4hjciKBdIU3BO5vNFOZ0bxdZATJrMrXCzvPkJUHn9uR+0mc5Xm88fPX789Mt11bZgGySJBlpvne94V9w5JOCxzAwiU4M9mk+PZovjGb61nOVFifiuRKJCPHlGMgECGmIPK4ICvUnl8Q7A2kC4B+OLUw8sRr7eWnvlQsMrWFhodEDKIPIP2bmm5Y61StNs5QCFoo0ztcc/eHW6/fz87KcvX36Gqgb8XSzybJFPZmWJRHxK2wCRGeJ+ByYwJCiMedrXflLYSYYSiUFu4gjyI8gW2eRoMjnOJ7hREetlFqsRfgw7sp1mtjAwRWxkqZeEpIKwDk63QoQk6ChLN3SeVeGFTFLX90VUCPB0SEnQHYMQ4rFBjXZkrZxPNj3hU94tST3LpIGWxPeQjKKalsfTuvbLZ1/i3707d+/fu4+stZA6axSDZgyTTApYwwGZ0Djjuk76HUlThrW7JweCvMx4INMGWcr1dot1kGyhHDEq311S3M4LVbhBplQQoE6bEfIgHLZIWTjnrfIhRIcN88wBNzr+n+kKKQNMLdWdbF4i1Ex4DV0LIlVkAlkwb2UXGN6qQsnwo24aRxTAK7mm/uCPjK9AVhSoI6LNhdxt63FznLf+WVV/sd18sV2/dPUWVQ0ZkW1G9VbkOEaXWeCjHU5p2xCvjjdxT9B+yjPpCfawm94+SyxqhMh+9z5pshw2iZQbL6EaIcd9WBCXR4PHjrqmZU2EzjZWx9dvNygzoCRrw9YIxIb4JK970GrPSSFmWd2RM88ijJAMiSoQiSRJkwgl13E1yiOohGlrZgha4RYYLbrwuhFQtMmQ5Qs9JcRcOxdZOOkbyBemTRmRASv/Z8I4KSOQ5UwgENU7IQ30xci6g9ddLhsEVIjxqXrCGZUatOfKHhNgOFDUQ1DFaBXlsW1TbXCKkcFvqw2+AXdxXpCEleygwIgy+TGqP3GMyXU2IOF5eSqCkKX4UW/32DPPvBx+0oS3qKpwxMsRc+dYU2F2ZlgXWqi84ZXkNSXAzTJdAqaFfQSrDXSvlo3Mu9CYRPkZgBY1tEZbY16VKBVDEMIb83AqIYKookDvRq2Rspn8uPwQoDJZwstZw5vXJxwf7fWWLuQmQyGrsPksn1juoOjphHYS70uaHVLueGH4LW6jvMiKCa4ezokntGXDRoloPMoUKiyraq4jwFnQiijj7EmDpACvI2FEnswmz4dH0QNpj3VuPinuLJZ3l8cTktJ5nVDEwM6AI3IQiJ1MkmpM9WWN96mklTDDAKoGN8I4ZbK1Ca8yCgYWBwmgs7z2blO3tJ+R2NMVovekpZfhWtKL0iLyu2RjOkP7EV9fgd/iH+IEFF3BNPgsdZSWX3vmBN+gxNJsNqtv//737rx/b3a8yArSWTnqByJcxCQt6TMZJFikp7nLiBHr7VABLR6mC3sFUp0bq1968K+yTEcoA5vBOIAAOqxmrOISwiKvFri3wZQTdzqRICB6RqT0YlWttsAomVlP2ma2ZQaydROTzWxha2erOkcRjxa2RaYIOXLbtFlLKKam5qg/DuUgC7PFDLW+KIFnZS4bwTMYSJfJOMQQgYQGebx1XV202/OqOmu36zJrSsTZBUInkkZiulSSzAOKsbLBGDcQ1NtgRrG6v5zOnm/lYlZYsaGIzUVkVtINolYjIyUlS1GZSK0mLI0LUyc8H68cBGsLDygAquAphGgiLnW9XV+sLi4QNLD9cjqdTKfzxXw2n5G0zTzwQESFgWEFwnvDdfnZLZwsk7UTVl6RaLwlSopv32w29RYJLqndWuIZcHkbwcm0DxA6i2yCOhGUsieokp+hrUGmhUbPdBJkgnUaWdHqVXLBz0gDlO1xCRM3FBPCvVQI7cmQwzJk+RJBGFJFfXJ3IOO7yCDJg7hsrQm6I2ZFmgYr1XWDWriK/rYEP2wmia8QyVpIjDzI+nIh5axutjZqFI2a8oReeAhd0iVzgqoCE2hYl8EciMCA4+til6FX81rgQlg2gJLirZxNUXk+KUhZTloywiH6uqynOeQGQd4SVZpk2JKucq9aVu7hXeLecXSt8j/KFNUNf8osUX/yyQTfTqQJ34yMQp7LVgTW1+G0IJjJ6KotshZoFdoITiTYE3IbZFiv1BcsQzWjWF3fLGMC5JJ9QcjF8wygQawkZSn2gReFJqfjgWHAdhIG4J7HHRrmoRUqhBMinARuMtyqtBANMqntxfnZ2cnp5uK85hGR/gcli5xeOlsu58sjZF+RkeQZ6IrzXheXZxKU3+ptcGWJhNwLDyCQwI9qHValKQqSYTL4BV7RaBupgCOj68Q61qcFziRCnewK+oaEqq69c8N95Dp9Tyf9BZ3ALrLq7VA3MJuObW4/wlFfWfzYU273dYc04pPvzEmM4pkRM7H34w1es3S8Yihx3Y3pNDymP59yMRIgr/r/ZL0FwF+3V9ctfr+IrfgwIE8xBBllRZxJwMsYheHsv/iP/z3SgzLUEjmaTKza6II2KtV+hn/EvUERGiE32nbr9QYRFxmqi8LHyQodSqmI9pJ/tk64BOrlZrudoqp3NlM5PNZ/3SJkPvmpexLbRw3ms2fPcTc+eP8BGlfE70QwV1JdZkrUiJ5bc0Ia1usV7lfU+J2dny3mS2zqR7/45WqNLBdJSJ4YoMzoethA+KGTpwLHn8xEB4KKYwLLJaKQVk4aMQZSEqsSqqwPdGMYzsmu08kBM+xHtNZ+8PutlpGBHPLqQ7ak3xVZO41YpFzDKkZRP6SVxcwCZFIlUlfVs4wktCnyD5MCwrsytYgTDVMiHVTJLK4AMz2oVnS2dahZIbUKu2uwQEWqWyeqLa+ssO8sZ0bpnAAPKFWDIJrDJYSgx+exFoypF0EwUURtKuMNIJZAG/ayNwY6SAqKSNkqGQ2WedmgoTFXaFkBUqeTq2peVXbx/uDZiJEObPAmiofd/ZQWXj6hmAQMjByQL0Tm2ShmBmV9ZbGDhG9UPaQqX5NwAqDqK5VVSeoSSSwAynhHete9CdxUejepAibSbxWzie8hv6UgjbNGOuN9wsxlTsylq5vTZy9QY4ptHd+7m89LVBEgo/Tq8ZdtVc1uHd15/z2Ww8Lr9M9FWEpX2bPHA7GteS71LxlgMlJzZbkEPOA6IHSDYHZTLQFcbfvwXWVIaXp6xSaqjeBvqpTcKPui2mFtzjOL7M36/LxarQSP4cKJdkAZadtb5VBsh3GSYvrTmyJAYPM2fkExCT/ReCldFeoPSc/NngUdWbgR9GIHRFYah2AoJZxP6gATr+zDUUPua6fgJkfZb3HrGIr8xZMnF2cXd+/dKydTfOXy6PjW7TsoRZ2cX2w2qGtGsQNRcYl/rE6kDYp6S2wEeaGWFBnA3jC5zBYui0iVivnVScIwMqflQ/1TpzUtKwAAEABJREFUy7ITa2vEQgNO7Jou4U5E42Zh6IjTY4dGlo8/B04dkSKPmwe6+kAGVxbg9E3WJk6+Y5O8e8uPvcIbP7LlYPg1aUywtXKTqY5QmLrRTil/0Y3ZREyvGDB8DWpvZ3YY5gFuhkAYjABocFvxzKGKbckyPo0rsTMWE5cxirhy05s4MXJN5hzUrBURdqd5irXUk4yJUaaav9h/iDPfeSwFfrg3YQpq6Y9RjlEV/z5VhymU6pzTW+Vd3EHL6kJqizWr7LDLmzlTPZ1RVbqI6K2oP5hhCjy+uMaFxRh6zIwWSDa+zjRflSUU30/Vv3hxOgEzgpn6P3cvjV/Z25n9VV637KXL3cUgrjLmbNsIMN0UiSXOji96r9yYhB4IHDu2ot4KJV9akyjlGe2z/GMg2k4hacAztwRkgiMvc6QKzrMXGWMx6NQRJipQdO8RN8hmXSA3LxUw+X4WtrYawSDw3T7YP7QEp6RLFrdH+MxrTFKqqujgOZGptAvBui/gTgN3REO8ysHMLqA2dOvaFarUnSEoQGMhiiFZYcSKgGYJPlUiRjQTPH98kIyt7GR+DPcmGvnIwQ0UQzEB9hEa+bViQVL0CAGT9Qaj33toR/GWNaGdSyYIzE5rV1aWiTM76jPTKXj613brpOvq4XLNYESriNzQnLKttuQgOJt6sToEVZB4AQSVgE6WD4QpvNon35KXwgETEKZSSHDDSlXFv8P5v6LsH21CEjqONWJtz1J2tLQwuESeWXeY0hVg2BeVru/4liCGxybEdcLa6LttgrAS3g/65riVFKXIDZroLJhMWm4Fpxut01tnztv2rKlXaOlgl0k1HyuwKs0PFNyzE4DjE1UgKvCOjAc7XJwKE6c6aIDizHcwKdZlciqgczuk62eWnl4fvXLSRXGNY2sH9gTkzIsJCgsj20mHQJuYp408b4GdTjLxnonmHwiyA6lS4qSREwzh2NqoD4SAUue131NRhksDLgi6DaHyLfSKDSABQXMn3EpwoADlpgXBsC80RLAxwTvZ6OEQ9eGAFGsncxY/pQ1dLnWC07sMSsyno0FyixbeLdrf8HrO1qdo1eihBO/7OKEzpw20Cp3qQIevXK4xA6bRKDPLHieeJT4Za+dxkv7PawjqFE2coVGYtAEZy4u8GUceu5OUsNxxXrTncRdk4tzNi2SFAAj10d0bNoXcVf0ab8RA9CF5F0Q2VwmCVeZNhkielcg+ABqC84l6kIg7AU8TeWezWxb52ouZimYeYX2Ss4c4n9fBFjNPTYEXjxDFSgCxcwmfDr35jV0WgY375nwKVMnUgHjY0TMuJ28vV1q7LMsjPrpBlJhdcZFIkLeAAIn3JtEWQQAt4ZS97/qiOCh8TVAhmGgICLp4JnuASsna+zV5nDR01IBeD+pdBYaP4VnxnXEyN6iS9VjBojRbGai82YDfWtPgH+pgLbmdEjsB4tJBWlni2glcm2ySvffxBw8+eri8cwS5Jd95IEYUjbQixRPCVASk+zzL0m0R4JlBwtpgpxbpiD8CuhjuxD5QK3SRYjDZnt53ZtcoIplEcIr/CkQ6dugXpYt4nDTbmhzjxXvJQeZM1uKfLzygrZUcm5zPGpexK7RlpTTg/FSNqRu04beklGROICMFwnQ+nS5mk9mUHEciwhRfE/bjIcdHsLgW29ad1tWLav2y3p5bV5VFPS9cmfkc+bpM3PbSHarESERFOYibKaoHNsnL/BNBxP8Lwm8ZOWeR0Ro/ySeIlO5kQKeLtOUyuRJcAXnigt+d4gnyd9LXp7Mt3QAGlc1qffry5PTVq/XqAuc1Z3eTW3fu3L57Z3m0nE5LmyyZ79hMs4O9wHX4sCOpELlO1Vax4aBtt5sNmsvp7+Tk/PQU/zarFSltyKmLXF3Zb6EsZ5NyPp0tp4ujxeL4aHl8tFguZgu8NFN9TyYHQ1jKZsU/g1HkSsD75NQBS/bcGemXIp6UsYJRc0n/24El3Q4AsPsFEt5D4JrkKEKcBlVeWzTUnZ+fnZycvnx5fnLKE3VGvgWelH7kR8D2SvrCX+WkYkDzVqqwXkJ8k+SkR84zlkWHEwgyaOwPqaBJomvEFalhf47NGvfbBhEHe80ZYQWwGcSgk2k5o0VZTHFd5vPFcrk8Pl4c4UotcQW5e+TSprJe6loTxi4SAQSeRK7EiZOqspPo/Nt6c3F6evbq5OzVK5wQhFucKOwhInDyNZnPUXm4INCdEqkh6iSsAujhVh4LTiyNaL1eX1yszs7r7Ravu0acib0ax9LFC51LJUwb9rVQWNqVk0mBFK4ssRvlbFaK4wvvU97pPF4z3DoD2IDALxoGZKEEno6s0pGOeltdnJzR2F+dvHr+DL9sLnDnkqmF/LFw8u/cXt66g59Ht28jNsuKXDyBxCdYDkGJg464g0uf/I6nVDr/nd09gAqDX84YCfFUIU7A5AccDnWx3tSm+CKWsMHCdChdZcCPrjD8Pf5Mlds98avf8l4CdGV53ed2i79BXwrfkzVHGvbDIctMRgFB/15rWnYJesqMDbrllUHsOaNAykDpzTCKG5ylS8u+UTAVFjYmONOHiupxEjrdfQKduS08H9hCWrVar8kxczkVpaxhauvGzkL5sAaynrgnS/IWmZ6f07kvJGlWDj3v+J0EbNgjUOIFcnzrFppGVher41vHPXfCG5s5QQ06QQ8/eP/hw/cePX7y9OnTKZUZ8EmE1OMrOfPlWNpxoktYTKcP7t/74tGj49v3Fstb2XTx7//R3/kf/uLnr/7sx5vGtESoJsiOoWRHh82IeNsObozSdpwgS6coO2rdUayuC07EIzEWh1rmqyjxrXFRrDHvCOi/NiUChLCGAqISGUUY7CyblKjSdG61QZbaN8/rTXaGAFB/9N77y8WCzt8Rya7pLGxuZyXyGAvyaFuhNrVFagbsjMm8dN7mvPykt3Emz47npc9sszF0YLnxK1PXYFq1tKU6Az45BOSZ0hqCsUxkGj4EKWotr3uBxzDYkglRB1Y1IvNEFhaWrQyfzSpRojC+2tbkLg+dUlu9avmYVtvQuaJsm+ebArFKnk3oCA6EbfWuAGewofaWiNBG4w28y9LNv0o4iE0QSnAhUERsqk3LIUwURdNa8plWlqtJhUWr3Pod9XMCHrI+uDo1LmvBkBE0IUl9VVk4nRBaaDjQ2VSZK88xChAEERWWFcvbgMYZBG8UWw2LbYbOS5Du+NaD+68ePX/1+MWzzx/d+9YXpM+YTd/76FtP3/v85OmTLz/79Ye//TEZGoppKtF0Osm+ECJslkUlpgTpeSfFJw7CXzEIveVy4J4SNCY1yX2ev9HZGk8OH9YWLBgAqife+/AhnYPMs2e//vXpl196Cn6gB7Esh0Ew4r35utNLTsSdyAMoiqOuDLHTycuXKHjLOdF4PuDtlYyDkODrGnazR7ElyKw9Z5eriyrwgpakyI4Xt/OSzq88/uWvfvJnP/ze7/3g6GiJip/84Ueth3w6e/LDn1bn21VD6iNUHN2elpBnpPS1HnWYeHWFtryzE5TPbi+PM5iRbEVGDFejjn5Lc14iqrAsubUOpcDj+dxnbPGwcLpB9V3N4YfklKZpTNymQcTx4IdstpdISnFdIOoolW31EJk2ZnH5VNkVxfEZu9aTi0BDOlA0TWQxLFJkwuIUpv3ZacyHQHfmkqXwyXdIWGyIPlgs7bPrFZ3TatVmGN0KLwNpjg1C5Nx2bvp8gDwYkbzSXuNTFs0PecVORyGSlNGz1LJD+UxUS5jZ+OiMYhKONHiPuaD1NUL6han3rOnlcDbAcRq4A0yX+PS7MYmSTc7G+lTMCh6uqK7I4zYUgPAc4Y+3Z3KMjw0Gfnhuw4ztINjxJLNySkY7Je0Awxq5MJKyzhLLXtV67tP4ckKKAFSDUqQtU9XuYi3RwaZlTopMPsJLffU5u2qhym8LUyCdZqbHmlkJKNAhIsahSEwASUxDrRzLDtRdNYK9RYYkCFAK429Kj75aeiZDZKVfjqIq6vJyRtoRU7zT/oFPsQgKv/PlvCGjKXH2rErKvIYEM9K9wF5DAAMT7DLkuTeflbeOj+mMYrv2FPNDGbsgAfsgYNB/LvhaooX2fLuh2EKyxywxVRQGCs1DhGtINYnVM7WIiVe6SgopPoOdUGnOJ7E3dhHlgZOUPhfHb8TKFYYGShhSzMk+NqSlt7xVcLeiFL0osmWZ3VvMn6GGE7nglg7eeleAr60rMq/aciMeYKCeEBzXQbzjMzIftb6y+GcmaJX3buvcxHoxMnEICMtWJyMe/WE3WXYMUsHFqA5or7pHV1owV6JbTUNzvXnpKROuKDaJONajEdpUXyc0II7QXYfZlGTVF69erFaro+NjoxSekFIulsIoh3YL0aew3Re/M5x+l8amF1R96JgtDIeGrQO1grxtxrunqAlXRopV11tx0CTNEdqNWTeguuFB/UieiMgylyAGZiWVckazE7F1MwUzUF9u4ylHFFCgJcNa1UbrjPJEJVDpO6uw6cblg66AQvwYiC+8dG4vkwVAG4zK7rj6iWo1RrNzKZQYCYPU8SFCCWW52WKjHndyBeSYdqwJUb3LwRWc+ISqVC18pY/x7AajiNyC2eHMIX6YToPc35LdtYS5lU/QVROUkwCS4jAXLBiDF3bfB3tH/nXdrIX4beq7wkKXayuH5IU8I1tylcxsXBTfW1zfqdqTV0R95D56G0arM9YHFdHaO4l+w9p89qnQ4MGpWABpg2JrER8jsSebxNrGeEAhfHdaRguohNEhRLF5qV5fXZmteGSLE0EwETMHrz4hCfqV7SHOjglakwr9TZEcpnXsJ5kVHEKPxBOOdJIFnRzVJGYYheYQjCfE9iEPlRJtgNkk4xY5Vqhihx5KCpBmlJfoYFTXDoQJl9UUEBdaZ0znKaLIHIJbBMVLIBcylKpMmefzyWSO1nvUVMoOkiin0UUp0EszRnf2lRH0yK0IrhJpiD1I/LYhj5OaBA3bkj8DSp10JAsZcoohxA9y3CkQ166WnE4AK+AfquZrTwFOcLgt2BY0nJX6q5LWlOSC1tU47/c+fP+j3/6OycWbRg7lS/QCPo8Ham6xwTgotmTT0cKABBSqZFW8eOBBjBWk0ATGXKFaCVEEfIiBYQYxz7zvxSIyYXnVKkkHXijOEP6DtudqhQpln5uM58JQqL0WdQQmd1Cg6sByGO2mpggoFJWHDEKmZqUex9cQx2dHoURIEprPZmg7R6BAtXUTXBjEbwg12xlNNS6BpfB14M/q7Xlbn7XVBldpWmSziSmC9KnQakx6CCKCslITz9PYQbcI1IozwMcQAqKJyiQqViZhTvCP3CDDErSdaK2U1ht1S7OBTnk+f5DLT/I6atvNCg3u5/UGNfGkVsKBl9NyNp+yPx+wIKCUV81lvIBxaXxPaA/rFX+HjRhJJ6tkXF1vUXlVbbf4t91s2Pgt3rDMdTByYfM5mu/LnONkkEUb+1aSOZ9HLeiPI5cAABAASURBVMXLkW/tTJQDVEQA/VPwMb1N7HVmIARQDNYyPm/kE5vINYUHSBMsRBjuF1kC8TdS3KseJzQL4g2wOl9XW5olgXYf4jbx1HCsKIISAZfUuS4IXTKZejxSI09Aoq/zykdEZka0zi27m9TkcVLzOQIJ++F18ykAZ907yVhYlsWUgtxT9Br2hAI14ibnACH2qjtlMjpR3YKGHoYI962EQt+u1wg2CELSoOwSDp9VcAeoIChbDRNOrbXsttrU8kf+FhW3gMPEJti5phZnX5P0YRePOQ4ZGS9biqHo6aAE71N2uSj48BGAAnEOKXsKYVx9gIk1RKco8h8LXRqjleIi1HQ05Hy9wk/cNrhvq/WGo+cS8iyQBk/JEws3SU5uapOsKATViCAvgWnCOjp2p5aQZiaSyhSAO0CNfIHtQm4LshIfJiOa4ayz3odRRQpuhpO5syUkMpPE7/Phuzwi32PN2A4kqs3LKc43vcD+n3HcPamzc/gwPfXujXQmCTjXe503CeZJOmDMQIruU4xOfjTvtqTuzHpFOEvvTKpzcC5oW1V4yP7P/+zvsa6s4SBSRIsnxADb7nyiTxo0kfoEBkk2Eb+YXC+JDlbzObKjExfomYnLCdGxWkQs4t8ijfGs+8Yr09k0ZybGiIBorq1KSOoHkS+hKezPbhDDYw8fP3qy2qwevPdgebREnAI8Rzaq4YJ3NXDgXmHYifcEmM/mjx8/xal7+MFHhDdt3kL2k5/+HCcAlc0UJJmCf+aoAQjiShYNaRAk0KHPcuwxhYZTo4usAzPB8pA6lsZGwjgDi8At9fQIg8np7x4AYw6YXqG70Ilb8QXm3ZSRgRwCFYfg0iHCTfikjpp0iyPvTmbOR/kMgt864w0ULk1brWdFPqVDdTBhZ0YJeCVbjGmqYZLNZ9+ZrxWnSqR4hbUS6443iyMaXOROPRgpMFgrnB2/3kcFFLH6Yp5hq6LNwmFjnrLMmoEzNYQn4/oyN2qiABR0EPHsJAvkGliY6Zn4Y3bSrVGmVGUD2jcUzDAD1ThLVGZv9vx500Umv3yRD8QMKWYcfTzMT4Ln3ioSDxZYC31+F9L96FWICllFOAJe7Vo+HpTu24iayC+EhGFD695H2MmgJLOX0AZ2p7UR0CPDGooe1w68uE8iHnUYIH3K+wSQOHAeiAOiZWjPOMyJOEgG/3pDXucF/qg3W9wK6/V6eryclLPZ/AjNOc+++PzlF4+mi+W99x+YKC/puQQvkU7SdbQhFQvuMuBgJwBDvnB8TQ5Y8EOgAg4AoRuErptqCQ6IdGL6EDK4YpJxpUfo1GDsnJ6k0mhMHFnBkmt5UdJRg/nR4vzs/OTxY44UyNFAObmLRr9MhmkTviI1YOzOfIf3whXHUEGJpbxfnZ8jkDCzke0OcLdZM7pwI7jF7hBZ6M1MEGLwTjhDsEetzztqSLAjMPMmQ10HyoDIuT148BCR8bMvHj1//PRotri1OCY5ktLMTPGBi/PNalMhr1JtKiQ+8/liMi34iJvPswJ1UZvtBruE0iaal3KyWZAchHrPqq7JF8FqYF85nQ/UcxKd2dRakSsFZ7YiS2frTJf1T2mRMYluNKho5YbIRlYRRjfFghPDiXUqMfhTj65HLjymF5EUMEb1qD1ZzuyqT5I10sZjwzHan/550RL1Hw439QdAz5UkgG44gG98UKlBZCl6evcIK/y4hGLsMR/cBRtC7YcILh1P7/s+FqDsQefcE5XsoVGJoSueXR7UMjyUZHwQhnzobxfK2/B2htS12kGnt9LAItI/SJp1wTBvNZyBsjDCY5jYQdVTgO8djwYFEUh1lP2QigktM6kkF/CPICNmUEQbH2Ly6LFUr+fpSTDKTCArPiixEMw4+GsOMkrnVUfZiheOJdWm+BtBhO7Qg5DFqAdLSW/jxOvxbZ0PH3knr8F/ZQaihrI7CtzNvzHd3O68cufKSK/MWyp76XKKck2AtahAMxJET+IpJLEE4IquHiIOHFBk0iVTABE4ymjA3g3sJGVDQHno0hLJ8qvfVFQXGCPOW2josviF4mSHYDomYEs92mY0d4nTzSQHt2Q6iIzKcT1OI8Oih9jDXLD8KHR4QURxv0A6/wEDQ8CwNiV85tpFT0uEBjsQlrtqAYcI1REWBRWx75phs5uzDiWmYrpcIClCKrZao90jR1OHsXygleOXSK87ei/OLOqDAnreGfjENh9NpqdyawIa9OAEFYkCm0/aUlR3ngQfT6lb3elGk2L4CJi+T5a4HuxqT3xvhtJ/rpzOqEjhmdwNOLzH96qHBKK0Ch1qDeqh5M92bRqlubQibrVaIYSXyFFoCrX4AqL+XQxLAN9ZeK8eGVw5B2BSqtqKEM3nAfu44uq53N8hMVlBVykwIsaoZ2RCW5VKmTiTCiIdJQrd9pwZ0KlmwOg2gKAH4/3bBUERnRcEimk1X4+HuB8DrVeClWmaQoFJDi2SN8jvufakrS9c01h1NRGbelSBJ2KeHn8P4dnzcHRf9qTdgds4lQFyEjtNnD2vkU44GhPRUGtsMIQ4H5LdaYgFVmfUFHCl7UJfgLCKsZeR0GvsMTH4ZlEnFpLeUEoOwoSgCQANa95bjeYSvB/EASXxejGKLZQ8B8G3oykD8qLcl9AnG904bHiOdDlgQqR0Js22i29ApkF5TXDA5VBqaqNQ62lEmeG9WeLHFYlIzL8g1Kbh6y6kxXENZVugpMgoXFMsCisxaCHMcs9GAkE5G5a8iwnSDTyijxDYVC3oVshiYDVVlyOcvsTsYA9qo3mEUgIB3aQrkuZGiIfSSDY218gxfNxZTjdFVgc66t/HAAFrBJgKxUpv47Jk4jUgSgmGmUzDVjCGiYBk+Gw6dBKoEYdjk1r6w4Fs7lbcF2ocBbblT1gbknP2Dz5DDazW8WjGp21g2obXwKsnByoDsxJNcjafWKJ37MvmA7R1WiRVKCV7W68bSOkvw0rI5QQmrFCjwppy9QHuONayVVcv+kOwXkzKo+l0Ru7YhI45OhH/2fTseuIWHBYhWayI9ExEByroAYSoNrq1cY5broJKUkRoW9eu66aio+sWARrRXWVYf0pRJibsZcJJhyzFO3HklUJJY9DKWlnY4ifOswVyVeE/L+wVwxSHKrdIXrabVbmc3v3gvYcff4SytKH0fWLMayV3CeuxNFqwRi6xPgzNB3hOxZNYTd0iohorQIeJ27DDpSneM4oTjYavT1mPfolquihQ0tHilmzhlEWtqjaIELYo25uGHYnwr/aAf43LGj/xUAIdQYDa5bWZ2pwSseDoN7WvG4uwSYeIfENhtLxDIJ4WU7SILJdHt4/KxRwHWrGahREEwwZ1kBMbWbsy7bl3p759icrxDKqJ9fOJmRWoH5fkrDEmlMi2MQusxrcK+g8NbpWBVceAkMxVglBkGqciI68o9jHIM45qUQTbthj3E/432TfdlfAloHqCAZzAi7Ozs5OT1cVF27TY2mJ5RHFElhwcopTIELL6sgW8pjwTHrWjrWGVjLIKPixumtiipUR1pPvdIPt1cXFGQRpOz09f4U9JCMIk0YorBfkLTEtcDuzP8hYqgeaoWMPv88W8nJVoTAcbOBrdiaLbUSgL/RGMbzWQiRKA4EfSBQCDKIBG5CfMoE/VVmPfBiVOO/Soba9+SqcClqAThhURtw1q83BRVmfn56enp69O1uer7WqDk4ZIAtWIlKemxKUhn6CCssuX4r9XBD8PyrMT4Ia1j7kExtHETBCO84fgxCJ/S+EkR5vtar25WK0v0KK4kpAzTSUuL5raFxvjpaEAHhTMA/EnLsvx0fI2BTWZzWeUJHUiEXiEqRN3h0joUwlDJsd3U0Mpvxitiz8Em1/FHWS72UiXNBbOhpIYGnE3yUnFij3hqAEzmhfOaEPpStlXg+LDUdYomuENDpAyb1/gMCkySsUuNQ2dooqGjBCViJnVoAHzHRsQaYDYRXmOKR4PxXeZzhcItwSlU14XOuoDPkjCETyEqsa9apXKirwFIY+z5GIzyP+iWQE7rHFuTl6dvnp19vLldn1BM2ahnM+O792hrO53bs2Pj8r5nGKNsLOL6uskNDWnuCMepnUxTw0kxExZnaST0KUEFZ7eaPCSnMIv0UJTFBnWH02KjEKe5AJ6JjpCJfsldY2KxACYA+NAJpK0UGiTOj/5pEAYTwpHkFDnQUlZ+sE23FsOq/X2ih9TofdEy1EJeUd42WWf4HWHtvtwROyR0RLoGFyEANV0xfXYS9Of6Tfq32sVQYbpfoydF1znNH2NZ7dtySfYQV5ellPkQ6ytEVS3WwqVNJlO5qhgzWzkb8aLD4iAPjNk9JbLJaK4Fy9enp+fc0ixEKesdyJNu6j7MAFrrD+bzSTSu14UquxfZ0IBIOK3lCeLs4PMxwcfPLx3/86Tp8+fPfvyvQf3RTzorZ/X5XUgYGFCFh5q/L337n358tXz58/vPvhguZz9x//4P/jzH/7k//ev/vumrcAWzM83FKDOa6RMrxr2TirzvmPGI2zLD9OpJJQLERwGb/089m/K9UoEMIjxMw2HasyzBprTbf3l6vQoz25N56vN5tbyWBIxcvoPcuyeMAdUFOu6thQXDnmUvCWWB9kppsyOMzKLmQENsMuyrJitaJxvXI1PSFyT0BdjgubY8ZE9Mr3bqAdhEo1CK2l2HDupywNU0m3SwSc7qmN3RQ2G1BGCkoUS3QHURlTcfWUq7z6Ow1aZDWdqz6D0UCBaoFzR3h+girzZctAr/VdPOKWAnhpnoGqp5zjz0/l0M59JZDerTmky1VZOaeNX5Gc4mZ+DoCT1mtLVRHnCq+hK0YbzpqUjspkES4Rdsg39gFODn2M9F9ylaJblD0PpujeUfdzSEbyGfaeEI5P42ORRvrh7e/rsZfX8+cWrVydPvzy+c38yXczu3Lr3rY8+/9GPf/3jn7730Ye3vvUBn13JBl1IMaoR4CyKinNVkqdWkZvflBstg92UwoxP6si6oASOEg1SdlwOr2cjSDQilwWLeIwzzhf53ffuf+cH38ffL588fv7FIwq9UFjxNzcGJcPM2Bi6PGEQD+C3FDYSUQFffXTrFn6evHyJYjx+T4cGO0qHNyw+JfGBznuJ01hVeSHxhuz4kztTHbkj+YJwLo8jGnjwwfsosP74T/78lz//pK2a9x4+XM6P3F1jfgtnunjy80+fvzpFa1txcUEZ0m4vjsuc8psal6OihNwf25OTk9zA0XyR2TnKPy0d021RstzU9HbLwR8ntHc5nQHSmAXK2xVRLkQnrFxqGWORE0PwEfBOj8H0ODElW4p2HJttRYLziRUqkht+urV81CqdICMsYvw0yjgS+9W2GVEe9rEjKVrRnzCt3vsh2ZIP8CnrCP3UkPuWI3YnvKRXREfDSBt8WL/YuE8lwDjqBBt7Cbcuce/o8AW5XzjO65sCA0AXhMHvHoLpVQjaZ8HT7BfYmFa7ansGQ+g06N0YjdGPmPwbAAAQAElEQVQIftwtzWqeKpcdG9mF2gCHAJdJMElPgrwlNiFi+1UXa6PuQlwuyRLGE4WYvJHgtKH3EP+TS4NRp3OoShADgW6qc+6unYJnmSYVwRqVtKJSmbAe07CBbLPdsiM5xYGekZqmlEVC9MVu6aibRVVgRcfdTK4zA7twcUjpmBKdmi72Jx3e9BwGRoP2q6ufAkDSgjxvrjbuXtaNtLxLPkl3tR5+Yv5ZRXcnx8UjML/VUAdpYajmyASG9wsy8UiwmMRtsA+oRho+MGSbVJNIvn3eTMtyuVycb+ptc076emMDbpJ9KClgjEaQULcvOtePBsY1UpBszRH387ZwDe4hDmDUOh9yLyVeJmkXoIcDwyyPA+lrs8ayB0WB6v2wSRsjGTAX69nWx17zJqeTtxQp1HMsjYk1JcCtcnprUp5P/cuaY0Y2dZbVaHrCnYB2OWfBJowuv10igXs2MuPkQJOjecXXzm1ds21VoWy1L3LKPcP/WgrC5zgHeCRd8SyHRKwZzkof/Hx6L2gj36gkbM9ryk8qHe5SrEsLCYC8RKiPns/niPrOz87u3L1LZKL1+7sKN4wkAhPlWV2OnIh5rVm4cvIAYABDJlnKsMTe+z4/o5I/+M5Lh23AQbASz/tocIojShshlti5QQ8z0qWDxDqKtBt2AEo5S8rrzAl8M85QSTxCG58KrIZRoje+QH64270PSoWDi1cNpIK+zpne6ZrtVxfrhfcuulboXEVHOYDgJRathdDbXOrIFgKfhFE37NEiica9SscjkBCxH1ksMtidmMDmqC+MSXZ9n0tiz4kwBAhhb1Rl6rsAdc4bTfajHvm+x58Zhqde2Ii9M86fjpcpRj6QkAx1hZSplkgQjtMSQRQgErOWLgS/zCcsok9fsFtAjhLtYEJ9UM7dsiZaExCazuMHes3wB28RE2w54Xs4g9TVhoT39v0O7p2nwBCGxsIr1FgdeMPwqbOQcr5wGNLpY4auW0DeNLQ3MwYvsqGzExTy3g5EZUwxTtpgF+JAf1BwIh6SgREqHQS2H8I0JdBiegoaGaENQ007JlTAydYOsdCD67kYEbXr6hsl+VU5zi5OFdnI+GAo50yRR8P0GrXVCQXQK8FDIvbBd9ggrmMKcopIOXSiIlsK4ZsDinUVBe1pa47whu9v6JQVCQk4sy64jdGu4RhwlFjHUzoecjpB0o9WfFSrWs8JgdQdT2GDX0Iegr4pl+Wdh/cffvuj+fFi29aGo3zirNRVwzlnOXIGJ3nhZYJoBtWJY1iRnEqggdvAiAtC30qfgFYCOX2OISEZYe3ErhocTzsR1UCo1k0pjappJc0HRVndbhs2xluyJ/CZs5Zz3rDQk+PiejthVwREYeTOy1H83HYL7HHCobfJouvwDqqqy2K2QLU0mq3LbFKgtbNq60hC1HRNi9g0WbZp2zNoz5H7yqCeZU6O+GfMHAqTa+OIowgIPZmus73yt0xHbDWmpDg4ghxy48MCELKi0CczdCIFSg874Sh8RMqeUmcC0Zo1iquLNWs8yLcPx7w4OsahExcvDuh8tJKD9xtOc6Po0QSfs/5ydeub7g4vcRWYIuCLtpttva0lugk5MTjDNjJHaSULzREjLvik7SSLwhRNCrQeuCK5xKswideLCTPLkah1A0Qq1oX3D6DlAuTJjDnj+7NmOsbMjIH04SVidUhUcHFm0kJ58qo1he7gcC8XZ2eUfb5VVoe2J6q0phP2Ss0oCE0xkYQ4EdvQIXDbpdaLqxKogBbxcKS7fKDThyLOJg3b+DkM+Yp+NE1Ev3zSvFA/FfGPRuU3rwtHtsokQ1Mu3gYcUcMo6TQpnkwnsXchLogyWazQSIoJECuxSVpO4yo+gRRbhYJ55OnWoPOZYaQSZIvCMSPIsScDJQqiaJzkfuE1oEAnmEOcJjPCVukxfmGErAxbNqMlxwtanDghsiU5RgkxDCYGGOtNQoIPlUjoxHDuYU0fRu62m/Wm4qxG29UKf7LqhKS6Yk7eP5MpxW+ccJgDYeooYlbt5DxUWOjWtwn1MpHo9vESByNWTyQOPcWYX49cAp8wV6+lMOHQY3W6QfWbFYbTxPEpbISIJppJR5irEOkkZeoS0mB6QB7GsisPRW8I8/aLf923jD7YF219GMn+p3YYkh6wXc1RXrufQdJJEI83fb7IK0+ttHvk5Spe76Dct1QGrGO8Av0tYEy6SyKbbZJ5pC/Z//U//YdytqphnS9xk+J4Ja7rfRQsTITST56rxPmKZEXcSZsNms/r2Wwec82mvdQueOMCoTK+Uw3L0RkKMlWWfPh4FwquPV3GDDk80VriFyTK6836iy+eFJP8wYP3cOCG1ejdJAX9tLiNMFbSiJSEk/Ls7Hy12dTHt28X5SwnqmY/e/T4xdlFTazahBg2PtEPIoIGcQaEK00lmR6LZdJoSOIPGKWx7nBFYMdiT01kn99CpJOk8fBr8OXgAv1y+FNXXhkph2zJ4b7tcaL9l0D/33QvqU4hziankkMJrbVNm7eUA3VGziV0IJFkGk6fTGf42Feb0/8RbTekMMomwAcgOGiDkBE5Qes4gSgrkkhwp+zmIcONSQAgYATBXjac0vDiaM9qnZ7eZMSg4DT2loyKeRqNSyT7Wihn0N3oYXUbWfmoC4Do5KaenvFs0CVQp/DdA/BLal5dLkHNEXuayCXDCNK44SKaJLNn7wFE4VIwJCccodkl0ZHd8mxQG+kjTiPTEMhQpBNlO/jsdcDioXUTlFsMO2IEBVEgwBjfw8XrR9wZHYqJ38EkGsBOtUi5IKy4FdPZ0pwxWq5qDQZNgksUDJB7unj5ijvnl7fuTOZzrDbJi+effbY6Pbn14MGdhw+MDZ7NrIYFY1McFHtFqSJC3vdcYvRdtaCHLPghUDFC9V6rnQPLTbV0aKQT/hzoj4bDSX7H/ZWJWKVPOUU+QtVIR0BWBApuc3zr9NWr85evthcX5KLEnHqWhxzttuN1ArYF2NmwQzCOHve8TVQQ1cMuOcnym418H/T5kpZ7gx1ehF17S9olEBcTT0KdJNwE0512PaTI7Mvkc/402sEoKiJ2Rg1IOZ09e/L46ReP8W1Hy6P5dFYUpZzYQxns7OwU0QXqn7AHCzSYFzmwtwcSp4wqrFClgmLgbFrKySGRoxoOUkon81hiUs6N8slZOoKDSInlHvyNhoOqaVUxBlGAMek+VZ17p4dXWwIIwerQVTq3PuDF/gHHMLs+4a80oq8c4GEdbZEXgjEjy2o65jYiMDnEA2YvGgyjSBoxqimAjgAHpi48QDc15iDvgTADJvZhCHJ+RNxJ02AoFEGM12ziMKBfZxd6rRx8BIj4HIJQkcUTK5G/DC24rrd65FpGbGN0KxNmQAwsgXgxiMZzMCaZbtWwQNL5DLrjRFZz8kIyyk4vE6ZWwKzrZzgpZ8yA+Y9z27sapHmZGBNObskt0RqrvtxJE0heRcHiRafNkNupM40qmfTEuqA+5pTkdQmY+AOZZ6vW+vAsdBFiTNApB1VMuuA7KGhcGthFaDsXlGFL4Ps1+P7RAvvocmAgTXd4QIAo+Cc5zb1tTQSVMVQ81urNlBANKDA8iP4aVMpR0jQUDQvDvI1UHGzKXiPKwJBBp0KkTNHsWt+9gX1Ggq6r060pgIpTL+mbKOgOB0YGAUG+Ly8LwOGTw+0JlIzARFctvfQaS97bZrzVkzwQ0aTXfzljDj0fqkiDNmHtSPXXeLvaopiUnW2qBi0ZfDcoLK0fiME6Up5FcnMm/MMm+YwFaTrAzecZJfipnG3nL9gUhV5wVCGzqSLCQtxxAZX0xitoM7IQ6cJ3M5FuJHPoxA7AZkTf5PvN7jwOYxhnvL7vMfusBmbbA+6+i9WFM+74+FYgVUYsb0K7w6vs4ZFOYBcL7cpr3P2OPiohMOJuZ/qs4OXF7+0SdExKXCWjKye0W6LYQ7gyjH/uw6QFpSJQeJgQGcvEw9sQCW66yyD6Eysy60YU/BFMN0xQ+BZJ3CQ+lLjKtbHnvn3V1ueuriNpMJ01HXqRToBCjLDKmpdOIgF11j+ZCoAdviidpWSCo0HUCaIWe0uMD+HFz8J1ulc6kNrG47lyXj1q+MNcxNBW5KMe2JQs+JdAxCVy/l3+BH2Qi3tbC9UQWmlM367TUbUEMQYZOxaZMh84BACINFciQYRuSHw9G47eg0Y46LgkHnQ4/ScBy3zHMQSyCOr3YDo0nHYnksjeHx1ykwC4NDpOnEiWpy0aoPCCnP8PPhbikNdH84FBlZhO3SyN7SxIIptCly5EyWIAW8Pr7TjuTavBNdjrxqbYUwKNhEAQsowM3KIpsIFzt6bn9xEVDummTvyQfAJD0Fl3NEwChwEO0JKECwlrH5i37lnWcyVxMXUp+lKw2ATijMpkelC7sKF8OsHeL3ILzU4dPU4CcRFYKYCO5NP5CzouFvIMaRYXSIl1HBwYiB40tgurkFAuXhaJNR6iKjgIYnImimZtgQNMyFF/mlmHAt4ky46ms/mkpOyl5CfgO6rnfRTvutnw4VYit3YKok7WSXqo/1hRVTpRWJG/iKlciyzAluKBG9SLtexVx2kqUG+aNxpNjtgdTweqrLMU2qTy+AmUkdySQsozvfch5jDz+oZzHKGoW81vH338/d85untrfrxsxcEUjEQRdiqtZ3kWNBIEJDYgbYq4wdDLVsgoEPCqaCQkI4aOBFx1dfpDh77/ULdVdJb6GCzeE+jozT8uc8XG47bmBBubratbiv1CMU4MzxEUZLHISshxEif4szUTk0/Ir96geb/ZVK6qEI8Cp8eiY/U5NLnxBWTT8v79++L34NlNnwMtZ0a9jwgh4aKs23bl3blpz43bZKae2KawyGB5CTaiwZ94lnRHSnCsEB4mYFDetVYSUqhxRIA+ExMvcWwcooIC5UpQk4IjCoiGJ5N4SSrcmUALnEyx782aD4idjkihVQuVJxdn5zh7eHG+XC6PjxfLJYVkkEBeWQj8xpiTlatGJUVqu/NhjFZgHxGFIAGnrnscvaMmS/lmc356ujo/X51fbNBqXm9lx5ImlbxL0FRHqaIpRsWMoptwUJPlfLmYzafFdILKGqEw0IFMZDCgi2iUiPP657vvXnLeeR94DtOnBt6M8JAuooMEE17Nm5k+OwRpvymNlOh03fnZ+dnJyenLl2enpzI/Td3gylOGGvyblrg6JYWcmU40dgjFulGtQgwHxV7mHY8XsH+cje43H9gXlkYy5nB+bPIBklQ1+Nc2NYfy8soNMM8zYVesCf9NKdIMqeYozAmaOCcc4qLIxSYypO0huG8kXYHGmMAsSzhNvSDd44NfdIytYkcTBKD1ai0JmMjDjI9iUpdmM4pqMp+z+wtH/cnZ+4QQueexkStPteb4KNjAeoNNcXyUreTTCQsauqM8uUCDT8ificunU0KZe9C8S7FVKKgJzUzJa1RACJbm9BCzjJ/DG/uBRBBIXApYrBEhlpPjsuAmszHBPwAAEABJREFUpcguJycXp6fr83PsP4UPQ2JaFrOjo+M7txcUBOh4cet4MqN8OiYw/4FrJW5F1pqsci7ACI83RqyySYRCr8G89fQUp6I2EkhGvN9iaBObBcoRE/nJSKz6v4YJjO6woHdBQ1843QitdI88n2KAk9al8+9Nz0HM9wkKpGz8sAjZDvN7tRh34P4efdMhrV+/US90fY+RIn17QIr7RhAVMntupwz0NTooTfeGH2mDUeIRS9r/7uxgenGsmDcuu43YncQ6SWUZgUuO0PogzCg3nP2f/hd/F/EOKxQ8blbcNZxhh6Ibib+DMoKgxmMlSSZBNkImUZ7JcpJwkCMkzVk9n89jt4D9NqKPquwF0eXE6Kiy48g05bwYhBRwQNoPEm7HoZpDZmwwcTYJZY+vQNXJ08dPTl+dPnhwf0rEKVM9OEikWNWJi8BtTWosIdc1vPH08dP5bIl0f7U++eCjh7/69ed/9aOfz5Z3nj05mUznRsQDsreBRowUrRqzAoJ3xAIXTkLImRgDHZEW/2PhVoOgqAgwGaPIeNGuYVJOwiTchBmZOO8Hf0NgCgJw2or2wlz/L23bj/VH9bAw7Piw1zDo+B4AuKKdwFn0tmr6zUjg1ugl0Bkl4jwHRsBIyjpWTjGg0GFUT/mrTFtNi2w5KWaWjHkkW5IHvytEZ+Q4RSYHxcpYtMmZYVbRsBVZV2Vpdg0nR12KrLWtKGO0SBqWg1yqQckplEDM6u1ZCsokiXqw6NBa00ELOXJDk8hhPrlyEOblz3qJFGAl056eSab4sd7q0UvFKhB3jR5n59Di+IlDCtK+8Emt5PrdNXjLlS7PagDD3bW7arnBpPTVjLcAHafb2zg3WSDw4TACjYFPSEkIr6UPGhTFj8DyDOnQjA9e6p5PHYAVXh+ECU0OzNl4iAdbYoWJiBGOm8IXyIEAE4WRwPJ22QzkmC3DRFiTLqC/iaTABKOiGptZ4LH0UvKeIkORxpez0bxpRUwGERRRllqfnW3PV7PjO0e37yK85NRO/eyzX63PL+7cub9YLBHqbZFBTgndbD/0UwBs9rkJ7t4cgppD2IZMh90evnTB3gQG4rNxFd4SB/A6GHj0b6i9HPu7ujNjFcKncNtRGc0MoROWOmOJnbICL8nxfFNtLl4+X5+dU0CUTA6sZGLwsfHksZfjg526xxiTao19UOxKiaFEolFa4q+2dJRkg53S8yJh+/sxjc/4kIcE1KSz1oc1FvOtuE7RK+SoRNByQlQDsJ3MD5RTQomSfrHU4iCcTyMskRX2+Pbx8e3bL188e/Tpp4vF4u7tu5TKPfeLW8t1vT7b0qEM8lZsG4v8noFSgtASR1PgdZx8ytdTFNPZxCrzy4Zu8vd3synHKS0mtMMpHU8hPUF1FicZB0HereiXjZGkgqZjPH2rhzoDzZQpkqxYplPgqleaAegHAA9awjAnQTMfOUQlQvqk6AfJNhX1yhpdyYjqCb84a3pWfH1t7zWmS3IDMNgKA6iIKF69L4wYjsUa0ONWxDiwK3SpFBMCk2jCMN+ZneSsCGNWRbmBdkAUjVWrwtNpI6JO/oyeJvTRHJJT2IXI5ECky16ZcHVFdXqQTdq0HZ8kJWXGeCpDBGpZbc9HFuXAcYxILQ4fEDS5pMNjMEHwCfG/nZfzHQIGuhs0cGgYFPQpUey69DvMHlWNQ0imW9W44MLMy24EkfMlgYrhg6rY3zbSF7LlSPLDIrybSTLzgfLerAvJHiE/gArsYUxDlVbT80A4C+0jp2+SpZRig/6fA2GYAbPBAxSK64PFFFLANV3jCfDH7eV7m+xmyo70IVOa/EFgLyMWgZatpKzS7w7y6iYNfxENx9k6pNNdRtoh7ev9Tjao0dlmNLXZUjQvRKTRCGe0pqAt6HZoFHOE1+VjG2gdRNzLJ/akTtZy4noOddBHO3RAwshmYx1UYymoGMeDzmymqdD4gC1RCKKE0Sia4qsB7EGAj7BrereSl3tzVQEl8PyVZ6rtWVH4wH+33AYCV+klNbcIUEzbmhYJCgkgTQONAzQgr+tqVW3I8avIPY8cMggHGWWGM2EUAl7UQCY5yElYOoCLAhOpqnNyO7F0cFdsm4TRiEVB9pJ3rpVJEZkdOuLSgSUEusLv6gszif9MQCmwIzlfUnZnWg7hjdSU3eE0Hq8J1l9rUqGbiULy8j1NmZ5IHdIu4L+kha62qLXOhZsnOORPH7QbrEFIdhuke7cTSvg3Hw/kTe5M9wVMf3qgQzzyAZZO9xk6syiyDAuU6QGMsZncoySIasce1TIJRY0aQs5poAyJ152bPKM5GlyXNYSPnqjQYVPHaROcGGwwfBqvx2r1/DpfdEH35cRU36VcAaHb4nBFRKuVE6hoQzS1tadt/aqpzymDQggowa6QSqvVrKzxjB2nnkGTtyHclYWcNTJ6SOZ9OD/CWHgXlGYC4bQgLaOlms7VZJRHRKGfHEDkQK5445CNlzxOpPNeBMfgNMANBhW9KMLEZpQZhSd2Z+30RYYhASTrhfAiFNCz3eoAJeoGrWYT0XrKn4c9ow6O3Uh9x8PaZMuLoxqPnP3ZOHgCp/XJSECVOEkgbrNZcPTJxECKFcUXw7EGh2zqkUTxJgoe9sZ09HaH7voQTwIFeedMkn+QzjVvtxT2f7PmUyvAEg9lm2BUxdtUQgzIuDok4YL5VWiW135E/jNymCGxu+Izr/YhfYxQaEOuFIYT64R0P2FnhOB3XUIN6KaenXhIbA/5s4SgBcqVJFQykRr7uIoDziekdTUxeQKntCKXQn5dBp0Jz2o+dNLZGvFbiugLYj6UPh6h28KMh/Xj2F7KHIj615IfKpnTJ1mJlvoctb+Ok2d5qDkETcMClqhtOCMJpYTBmpRPh7NT5+LD0OPh1WQcYcSGHEBZFHLDRpL0QHIwX/TqToPQ+ECebMYSpZzRERtkLoYvas4SsDb1xGbH8/nxdIE27Qn3KhP2VH1Fxewo2NxH5V9kLEPiKKtbOITxYSTOEcc0xxNDnDzhTcNwQ8ED0b7g3ApBGwE+z1ABVFOmG/IxEAWZl9DPFEUVKKtOnm2MWXm/BVNnWZtTth3PW1BNEmzmZEGbFK+44Lce3H34nY/vvn8f7cSQW0RP7GtCWtzteoMVcknXwigp+iSJWGmjJ7TgLIhSp2LciEdS6Am+uAFwAzsLSRns+15yPZdEcAzAapRIkQfDtqIQfIhm0ZBcX2xxoAh7mbdZC7YxWQMlslGePE4oYWFrihomNeRb72tis31VIwdm8Sl6E0nLTW7awli0oR8tyNXh6CiT9KNO0sBJRcR4RePtuvar1p95v8rsOoMteZxkvsgco0/htzSvhOgqM42bKWmqGLeK04nJQmiZRJkDIXACJ0FFGayU3BxZIalDSjH08qbOTCIoomxpfWAtgr9xn+NlnSEa4DdrZHnIsQDrI+dDmWuOlrP5jDXhAquBx7NpZkITEYL8irpAcvFyIpzyex1F0EGLPoF6xd4tpxfnJ5Qs5uL0vKb8aChWtDSkCQc2IbN9OV1gT46Wx0tyNFksUHU2m0+ns7Iock5XrruHGdVI6STZnNphLWSqVgarcrZsXAfRvNKxQQl8dVK2jNSrJiP8xSx1OqXJ9KaNxAnXW5JhhPrtlFhXVY2fSMTIwePi4sWXX3756BHOCf5Vm0qSk2L/p3OcC5yBoymljaZkMcWE08SIVjmkRgKIznTeJLsqgoRwkszbq+TOpgrHU0bRPlB5htCAn+TawLQVryGpZS6ADs7l5E1CTiWc4WiJe4MSxyxm+HM6owg0VAfROSfz4c5E6dpF/Q7jT6ciY8jOEzQ2SqhkDSmOGQcwwtlAEJI8OORrsqbUQqw5AAqnMuGsS7M5/iGoTMoZR38p6ZQCM6nk2Ne4GvmF1WZ1sVqdXeDfhtrZkq8J2XUlKR6EZY3LHzlEL0yFU1rvleIzJ4OjnqDWsJwgfJZzisGDP3M2uYacWcKJOhAZQfl4DVkHGpkmU0NIDFETtjNeRaXm6vz8jJyQzs5PT/BvfX7e1rhnCW8UCBXz+dHt28vbt+fHSL6W5WzKKalyFr3Jp7CpyY0D6zcUmn2Nv4Mzqibd46hCuQ3xFJiye0pYRqGP2K3ZsHsNebypi4nhZO7i+VSwxwkDOR8d78TGDsnLPzY4WascL6JHw5Yf9ihqg0MMRVUJmZ50uwZoD1xrQEVD6ac7dWb6Er1PPRqj9uSq4s3VSUn8TjEHlK4z+9+dfFOljxDEwBE7413qRyDtOlFPmMTNTreXwjSkms2O77K97+qmnFbQv8BFMzp1nVuhd4mWSysYo8ktDYTzbyZ5S4+8azLDCPvBmbX3ahhMzeuVlPcA8cKMLvSJoKwsvWnF5TJKARzBzMqmlp2C+hqPOwQ3RV1T/HTcd+v1ppyuigml2hLprlMfKAsZfoWFccpfm2yChorZhsp2tVojFYA0WJYP3JBRb65Mr8k6SHxdkmDJlM6ctjhqedvJfkbFH/PacwesshcIRkT0ve//7l/8ux/+D//9n/zT/+gfI6mQaqqRFggg1VgmJ9o0MjhH90KUfffW7efPTp48+hxJ/3yenzfrf/hHf/ijn332Zz95cvfWcdVWDIgZRQ0nRJCLSOaUR2GTf9wFRkRkbyKER/8P2XFOZs33xhJGJ6q6HnzITEnla04XRJyfXhqp9cZl376A12scrrww9i6/Uw92m0kk2tBpCHcUvG1Xm44x0GUOYOfPm4uX2/rFerU4PTm6dyRh3jhkF9Kpal4uZ9MpH0epWPChULCbDfFLSKXIOChEnF3zmS0yLrctFJyzztnN9pxTjTpOLs89i/FpUbXaCvPC7goZszJibuOTF2JN2ZkdhZl0GjjeGCu3W5u3rAki0ksHAQumHk3r49lK/Zdgkqg4bQIQsY09r2yHxvu0BPYtwDXK4NEu8QrAG7R6+OuvfIv3EXeGC6k9JKBKn4Adc6a2yFAM1gTYdVOvG0lwIDoPL8kXSDDnlLHsrEFqxJi2lPnWznwLqoz2ogh0yNK13kAwQULsrHIw0mefilKxQnclzLZJUZRorImp227zcsJgQUEiUafiJXEGnSVoC2RHbx0hY7o5u3j55PHR3Xv3HtxB1u3We+9Nj4/X5xdPP/3s3v33YDZBbRo9afe6ghryYMiFFUOhEX8WnMRk/+LAnos3SbNvvIB5FyA9/uorx5VUEO5cKC+uC/H0lIpg03C0JyS7eHdCC0SJqt/78ANOY++ef/b5qydP1ALl/HS5KGelMGmcc1Rxkg+OJxw+hF4nKsfByqWk0zPmlUeOb99GaQAFWuTm+XyCZNDz1h4U+uXAMqDY2A3xrMUvKCU2zH1NSF0+if1UpN/1vAsNGsaWSGdeE+3SbBTZ4vbRH/7xP/jkL3/8o7/84Xaz+fjjb9+9d/dscvbR976LRrYvf/n5+ekqr6ri7NwjTr53fG+6NIVx2yZfTHHc66p69up50x6zsDzPOMPggggAABAASURBVFZs7Suc6/P1esaLNeHIcChz314co/qU1IJn56beoo2lzYiz2VDM6MZ47ZR0OTI/gyJ2C5YVohuZD4dHTdB3kK6cLSdqmCKzU5wOn2wHEBxD2kXHUcEki5PVcyVAsXC9j6ytj6sEBvpZJ0wIxZduNWtSNngM0uSpIDd49gcMxEhIpBdDWfeIMSkHaCLPrPeFspPwxP6G4owqwgq9SCLp9UA2oOUwh0JoUpcZbzqBlIYsR24t20LIiKIiGOiDfQulD4id7CWUCKO3rHE9JQtTBuFElWVTuBP33HTSBAq8S8TRlHcFVU4KyFvmo41J5eYoMjLLzm6/lhXeYMD3KS7jEDrj5zQ6mAZyYckvyYBpjEo3ns/3IWyj7tVRiHPixevGrbYVhEz2hk9TocqvlfjK3C+UFGQKSdMUNF9KH70J/ySL1p9G730iakpNG85I82CjVxur6VpKJGVRHS87LfIP3JYLVmEavVhNzQHl8JpvofSc7ILsRuf3q3pLvmQm08WiHF7g04Pbgz533MuVZXSww2cjWyRfEZ/7mZmhIohib1Pc8Z78JJuxpzhQxo+16wgeMJ1ki3mJ+lVEVnUrxlckQ5nTw2MCC+HMglEsQstuzbatV+s1qvIKctAkfJ2HjSCBtcVnXXyo4uMAIwO2/mbWOoqQQphcijoCYCZYgDa1aFwIMTrCRZbNsy15DVN8dtzzSJyOy8npZntUZqcVClZIOklPXSP6cVNWY2dGQsUbox6QqnujnqCsgxa+DRErshitayhsPSVTBQU50zwXijfVeQOFLyLWrKX2jHZEWcjYx0MgGXHEvQ3tA2UGnYtOqBoirSsm8hD13K6k38lZ4a3tMHmLH38fqJXQMQ41HIMKp1bOKKI++9XJK4qrM82NG7bgwrvdGCz5gPWMid4W6ggjlIy/jcwJ9iRX+pggZ37AJSoiefV4iTL8a+iPYtt9HYtPWpPldwHwIZWDRJMVPAlifa3jY+K3Dpz8kC7I5gdxSFFlsFhzhcQBhMPbenyLjXcSNxeEAQt8BSRHaAPb5DUuZsd2XA8NgLInVDobqri7dcySjMx0bIcamNkTu9UT0jFiUWSbu31jk/giCaZXgMolrEpmw6EaPRFKfg8a5iQYuX3gzXZEyHRLJ8ODnmAcOhO6ot4JLNCCVU9c7q2GFVG/ct+RgMAphsCyOotCEsICdZtkz6zzOFthDIWfU1cbMkQheqw8pyNMuqpjSNQvYIxLVsUofuuxwcFCAMJEBA878Sw3EctJ+6q4FXMWeyBplCCebj291EOC8jBPlAbcCOENVLCJXIyHVAshQV3Dz24QAiU6ixxXUicr6WXYcrZ3ajpMDiQJ4k0KG4MVUN/1gNKEyGo/5GJmw+yzsZFDcMgsEQYja1HbhTPTAUu6E3KRJCO8erAaYdJjXztMs7slwqwq9YPuCpModTZRTkDbAfFiZ3Rq9ZSltimkBLkaNJzOyX5IB8ioY54DOjMKU5uk8cl+NaqY8gPZIVhfdgiQbE4T8JQ38TAc+S7VzlQtp+2kFHik3kGRmbwKIHN0Ls5z2BHj6KiDJScV71H7g3qGhn0BNcaOeFqxXwhqJRkdanCg+fHy4be/vbx1jONHVVXTVli5oVQN5KZG5nz2b4imF2C/BJl4H+XUDrLMYFEG3L0xkSkNzINg8x3k6xPiFY1w3ZZU4FM+Q+Q1XEE0hW5ZvYAMJYUrWG183YoLM3vokFMzxTiBjIKaAHFItnZQUzoig18o01NjKCwKsT2t4YTtmc9x/Wfk9IDmHjTbWhbbLLNzpNdj3tVRG27d+rX3G++rImsyaArT5tYX5PdDXbXR3Yu11BAcC3k40fPPqNwEAffTM7qlWCZkXTkJoKRdmhQcWVJ1TTaLbpoKWYEZpNxj4s+YOvBE9CC5jzkxGerjqSZHhpCwGVQUtuWZdH/F3RWXOCwRiSm84RUTgUXNq6JR5+stGr7OyQxAyrGaA1Q49pnA6mi0z9lroUSbdp6xzV4iZkwkXRrBsGIshufeeSXZ7BznNyB8ozu+VxSRp+CXIDTXv2j6XGy/HYjzqR54ZvCmlHiH2RHbP8dscHH+V6yao4gOnCYGb0znR+VyKjlZZHC6KEVugnTNfjMhszyM9Jmd7rq9KUsp4xdLPysJ8aUcl54z6bCXyYaM/QgPDFeUIIYQodUMNYwgcvakKGWxcjbJCE534v3fWxgDSWYD6oNNMG4HMBGeWDNjRGAh69F2u1ltEGRYnwmSyE4qi4uD9CwPysZ4rI5U/q4hpQTu67qlJEWUiWbDM+xaDvQotiFQkdEqY6aISqbKd/NnNEhwiB8m86OZdCal+gDJyUOjJEm1OD6EDXE9riyZKDlCEzRDGkfNiIGJ3GvRmH364uXZqxdkYwI98UO8IM4Cxb+hwCo5J/GQWCNe2uIUSaw3aWuJMtq0nMrZcfhA2mmKcOSBmGKJzBlOwaKt8Tc3PrFyxE3j3lrpbZfVK/ABQtmgO00XgIL/sRzfy6j3ZswWpGl0yNEkpnkKkBO4rgBH8mIha315Z5eB2b2+m+Lz7ZXRF6Wd2duTgRzr4z8d6HivXvXSavjeP33Q0zD1OrCrHkk6E9QxEX0ZCOQgrdyZ3FKqLYqbIfsDELwMzG6BvoSboPHxEhAhvPZS7nK8EIcb+bxu2knaSo6H8G2nPL/nZDpo9sH/8hCrjJxE5RQyxYxC7qSmmOzmsGJ92C3WzmazzXp9XqFtYs15ciZG8Lio8vXYjzLxu9MB4bhYRlxtZm60+H6uOPm8f/+9+Xx2cnL26NEj8kWclri1xxfddGwyaZadw0m7e/f2l1++ePn82cf3vludr77/27/1j/74jz799X9TWXNWN1tSlDHR5Wz0hLj5yJkIJyyUM4HU3nGvrGqrB5ylBNU2IVvqKO7wIUCijNC8YXnjBsZb7WTdb2IRJkY2fE9s5qJuVCBH5sgNl0TKGqoz556vt4U5v7PcLGdT4oUdHWcEJiqczgA3zpa9UGpOp7epJyUztzZrLYfr8tI67qWSPPo5tAl2B79uSBBzhiliFs5YqBTO1hKkPq0X0VuEfQYTYvQlEooQ8VRUNIHxUazCe6LxjTD6lPlTopZkGSelAMkRFFU50UDFbEFjKqBjN+THJjwo+QTAdTJKvGF5E+T7VZZEqiROKM9LxLDLRUUOyDWrmRgVWD1BJJwGn3PxFo1jnMVJlzGupaxOArqOGZqsc0tPe9CrG9FLXFxIDaXpY4m+UJXvLUJ1lW+3k2qGvKDnKyZzrJQA5BtRXkROfXp0VG22p8+ef/nFZ3fuHR0dL/2DD+99+PEXP/nZF598+sHHH9//zkeNFyt1FrxrIe2MfJLDMSdPwS2FogJeYZ9C46/nfmRTWevwMpiTdwbn76xcazfFcznqN87G/5qL+FugaFCxKIX4BGHgwQcPRTF28vjJydMvKZ10295h75LCTlCQM1YZHx+60pvhTtm/t/PKpiP6zDK0o3DSU01wZg/ASzNrFpmZWAnXP6jtB3QBjBlyiHIfH75d0l83mc50c5vIyvTZmu6eOkyoGtcLFxrc0hFXT70py7/zT//Q+D80WseZo4V5+FvmD78jXIWE5NJjBaISlmNiXP/c+DOnZ174iEN3i49U8uucRu7A8sC5B/I9hGP1wZ07sp76VPjUg8M+Rq8IdeL3jv8RCSyoSftcvInMe7yX1Nr913SVhzf2F3/oxf1vNUmvL2/rWoQqoJi+UBIVS91XvQFJhU6hrC1A/660EFWp9NPGhsMb44nczqge0Z4JinwIgTUgXDFRWR6uQ1SGdaMQ2SLvD7bDq8Nx9S4ak4zHmE4c7ds0d+v3Wg59gv5Ux6lDEnsC5jS2HGeDv4Sjp2Hgye1YH0xUNEFXDQwkUl6s2S0TmGTquhnvfTcJBEC39OkCJMOEdAYGE7EPI16Psl2r8v5GSkN/WJrL611e/OjX8NPvXOhQS7iqiKgTvQv84wuN73BSRFRdC0FeT/AcjegDbx7GNju0GK90ndrtTNrhmv9Gjx4FkNFfkMJEAhyQrvwIbEACRuklGH1hGFOYkMEX3pe+m5kkYE2gaRMPOLEL498z8HvJdaOKNSP2a31LCPAfQwf4IUFOv+gkoGy0NSZsoAl+qcCcaT2IyM2A4kCbzIkNrch2t1ot/jDQ7dduv3eoBczotoMwoN2uJ8XvXvDjtXbhxe99yuu44g/kVubG/Jb5blclPOA4jE36oJTWjBefHDobuTd2DfqtRQzQq7ZDW/2eG35ni3vJ5RAekv9hpDUft15X2e/CdteIV7jugDY0IN+VcXMdSIdwSyH6aLyrAQTCFT2W7JNzfIR//JEx3zfme13YJq6jOlGtKUqu0L73MapK4J2crq+PLzUBm4Wx+G5awjCVSxtZkx3427m0hzMyBzJfHSbrXUm/jmGnjjzGKkPiv9PeKGU5lLYN9snulJiRKfPDB7vJ8inEJrX8DoCbsZqDjeCTz0u7v1PGiM34nPTEq906sDPPnReOMQN+LV26/tolFdI2knXuWE6tugtCIyRy+JreG/twBjtfuqqj4zGmowuD1gad61GTkZb1C0BvNlOGH/pdh26kPQZgwAb0OWS91B+G1vGhMR8a9EYNK3q3s8CxL3pgZ73RzskX9unQYLtRfpCgvqEmfwk5FtXXVK8oP93509kwDZ28AUn9KNh4ZQfoMMgE/6XsfpTQ3G9bf1q3F42iYU3OBxJ+QxzoNKyVkv4djb1XdDsqDNq0WlfBdz97143pJGWJH6NWZUO2WNQMoz65Zhe0izV+pwAnnJ8s5+CiOSBnZUtjc09OJR7tpxVWpkQ8WWPk7AZrbIFs33xWICvyxXI5W8752AydEWETLnn0SkgjmqK6rZl9Qr3bxrotNjHJ2sy4HFwmvibsSmETuYd/S27I4E4S4cmnW89o1Hy6Tsl0MqD4H5QcGEhfPikyzQjFGUPike+OOOvvLlxK0GHiFc6pQapsiSjAXk35bLGYSGqMEPrASwaNbmO7jjmAyA5AeK98V180iqygxmBSfXDinvVmtSaTXLXCN7MbEw+MwiqApOeYlHSim0Jl5CW5V0jCIAnhrLTd8pFtr7rgHorttPHGmHegjUxfNK4FTW+JTYWSPjfk+8A5ayjDC2VFoQLhuNqEzJLk9yNODJoTsAMhG1uOxCDitOEMqOukeAb4uEMptg37uNR0DphggE5ISl4fpxwowpgk0BG3hlySp4jjC5tTOS8cWVYR1CV9mTFdNLh0ihReujnpcAVAL8Sv4bjIEhpZksXwvxJiQ/04aQo4I7nlMITiHZUHU0sW4kyrY0/DPhM1nQWttjThLWU5lGmTNQkUQD07waS9YRc+1r1qaI3oyUfW5Dy433AHaE5ytEf4zpNMVsXaHmAIqk8kkY6KyxoRiCMaq9ne5dGMvTq/OD95VW+27BZUievPZDYry6kMv+D0PRLHmk0NIClpKC2HY1ddOtetLh3B3RJ2AAAQAElEQVQyS7SVcogqYpUMNKBIq0sQYI/hkpzxJUmQPCUbU1BEjIzSQ3c6yQqNCnsdVKiviRZeKB++p2aXwS7rQ7L31zxrne4R+R3A8mtdEmLY4+iSG7tucz1acDMl3R9JB6CLYmR8UkbeHQjcZQy4Vhx5ulv6AFdXNXNF+xBxqY5jHB461KBYQ7G6D9iG3bPI56St67wsSxPTfRUTxD2IdxD/bDabgnyZ1TnL747Q90kqzxPQ+d0cTThoNUTEvV6vmSz2A3VeNlDxrybCj2ilmJZy8QZL3FRxbSaT4sMPP0Dj168+/ezhw4fiwWp6tMEoEES21QhdR4bN3D46Oju9ePXixfzxolgulmX+n/+zf/Lzn33y//nXf1rO79VoZwWOKZGJh+kE2TxxZLchdYYhVzjvAggy1wIm8YPjU5NWuE6pYw/AAmDMawCcjwD2lku6N74hpZvR6BTb336BtZJgvyR8oD60qY2zRbmq6sebLQotd85fve+Pj+ZlprpVImLIs5STyWI2wxnZ+hVeYvZ3W1dAWRun5ZYPrAAd8Sb3c4SGwrpp5pYF1LOiRZvspvISYYt8vG1Ks2XvU9xdOdzP8XiVAMshEGM1r6tPRtKXajjnE6VGwE4R71QyP0fx5MmXBfkcT0dOXUPBvmSaXHBz4HAqyA6skRkpJJ16Q58+I1lOENTQu/8GmeOUIJlvSmGEz+7FEA+AMl+OImMxPz6q+RiTc5tA1ZC7lZxONGfizkTIO8uDRMqkwErgK15pWWPmtwAaFpQzTgKqjLrSZCE6VlMcmP6i9IJ8mu6BVMwGdqySeyjKbi/WyAYSC1hOOAsl7g4+YsH5cFCgvfv+e9ini5PTk6ePnz29d+vODxbHtz/+wQ+e/frxqy+fffbzX9y+f8cupo5DvrqAsqQICyxsK2dVtOy2TIkqN7QFDDKH5rUW47Wwqbkuz/c3oQhHjkvMKfygZq8g4cJR44HCAcJ8OZu9/62PUMb+0b/9syef/PLFo0d06KCq78EHy/y4yCmmOvD6CoSZDsuBD94Y8Vbk6dMSOQF8O0Lj8e3bq/NzZFqgrik4Z1EMGDgT6P/twtzK/xot6sGMAhwaYe7SFl+PLxl99Kqmrrj/Bj25TnlHr/kKit9LUf03ida+u/IWpyVt+jez/5vyzSx/fXHlSEk1KHBZrd+U35TflN+UtPwGLfymvMvyZgwlvHGF6z1wrebUOH3ljiJfDVSP5XYB5q7JW2+er+sXVRvCWgeXGFYT0Gl/m3jBQsqde/X0GhGneypQse2G70Fl4TqrlVHLhPea2ZZfRTpYOqa4XW1JSdi0DVpjUPm8bYCiYaPSNiuAtcBADjWlyQpUpTQeWoc6lna7ReO2qdG0CVKHMxB5UtNYn5Wof5zNj5do5UEVL2cUg9xTMBjU5jWtqxqHU3KBpmybbTKoUI9dZA1Yh3OXGUcPePEZ4WQ3SW4Jni7NFWCCG4qaCUEnTePHcDwUTpNIiY4yzqc2ESs7Kvw0i11/zkUnGeefvVqyTBSYGX9hd5OG3U0ouokEsKFQLpwdQ8JnRSNQnH/VLekyyOmawYIG/RNOcKuKdrEic7QJt11vLs7O0ORPb+Rz1hn7DXBkCMrGUk5LCZuB1nN2dOBoSTJN9DYNWiROWqCTF4fsU4gawNgO7I1ugksO3fn+4zu3Ex1aT42WWDTVA4DimNTbzeb89GSzWpGrBz9LKUkmJf9RKpaM3TvIZClGfT4zBuxLIS/p4hP31VXRGE+GD/EjkFQRRs0ihpOqEBhwGGbcONERIQbzI5jlLCmWz8PLGk1YW8gRaALYiftL9E0ONjWf2ouCaU8cKcTQanqeVdxnNtfKp4R+2W4kGEmbDEryIUqIEfU1wZkCCvzDwX4YDNg85MX4Sy5oHEWm2pAZmE/cqet+POjiJRpH5xsRDserJYDqO40b5ATfWU1AQ8FFCHLJCSOzXWZhk2UKNWKAiJPhNKWDGCYgqPT1f/aV8RKSBF+LM0DxZtBCzLOBfzXPCYLEfHkkHZjO5pxlqeT9ojFHaQlahTRZa56WBkImspxD1QoUcaQTkFAiUpP9VGj+aPIplxLt0nxCSz+hGEi5wF6KGcT2DYlLTQTItLK6dghU8C91clJXJ9cGN5ewFmoCjhuaG3GJq0N0TX+D8hUaZ5M3g0n9rsfq+iubElutMYFK+tFnrsmEpPt0Xwu+b32Mjidm1ONkrO7rdQlu8Iy9uF5F3ATdBKZWFR+daH0Aaz7ESzGTaN9UaPujv6YlpxPcuhRKLs9xkyJ41xSqaLtdU9o43L3i/tD3EB1ZHXmLhEiazWZERy8uVqsV4h9sVoh6lmXpQHoEKV7XaAzAXp8VbuluQG+sSt21PCHqOFouv/Nb3/npT3++Xm+ePXuGiKqguPFjjweaTibSppXopdPJ5O6t4ydfPnv29Olv3/6+QXxUZP/kH/6dT3712acvLjJTVpSplp0EyCFYvBVk1NES5jkUSiRscknPOfrU9cyHo8aXDtBHP7jrm8biPhpcNm+h3NiueBclqgfjT8/eAK4/OTYQEC8BIpArIR9wsFuzfoGkbr29f36KlG0+m0w58yUTmBr3xiTPlrMpkhdk/B1HksctixuR0tEVKOHkFN2dc766NlAUoEQGdQ4tTMj7saLcyI3zkpdWuRxxfpdUypS8x2UUjK7gMJ/WK69j2IJL2Uu73djj2Hgw3LJnyYQ5f5QiMo42wR7qlMmAA9VzOgxxeJMYrYYlJcQq7MHGcGkld6cP1GC8+Buw2e99/GtuNwZInDySeLW4cKUlqW9zsaq3lZdgA+IYCBJtviEpseWIdYI8XHRM1pRKTpaIi2dxy5iQi1rjRpoekxxR1c6E+sSFM7XuQ4JKNLkxX8A+r8/OkbpIaESURoGCncjJBQpSd3zvDtKqar1an7x6+tmvb9+5N18e333vwx/8g3/wsz/9009++Je3797+7h/8np1MKhRsi0nobYf9NBBDcEOmaPxVhe+1TOaunzZlsPdfp8Sl3KXWf+2L7w6FdC4guNCUgwBhYDKhjATbLTP9Ik6TEiE3k/sfPPzu7/8ePv/4k09fPn6KyKuYl4B4klAiIx1IKFaKr4xGFWbI4Ary0UstQkwRZ/SkexTvZDZjlQMJM3gFO9OnUHBcmHsTiC7TjbEVh0JtWCz0ficm4SUg4/dU6gTV3jlS45PT9CbyTMpBm5Q90Bnng2EawU8OzDojyQuTGCca4s/F+CVGo5g4jVvP1SSZqwPWlhjJOhAuhpZ9fJC7EUKhaFDtGBnFmxBTRbst7Zj0in4z8d/4vfMU0i/duocZ66t8umr75hx2lyCIKQfseD/2IzkBPfpAr0/jda+FaxS+Ib0SRPaEzIFcD7WhfytwtirsR40dJK3JTtFk7OE0fwgAIFtbdySE1oT/gH4H5AtAv/HwuHYJhs2G61o5GVS6xXtf4vBDBwbrHmqmdWB4MaVn0e+/u9R1SecCIOl2nBDoDxzC8APBjJrW7kEIi9JV7l00prs12kOAVAoNY9Ind6aoDw3hazf1MDq/6a/+9eHPK8u16h9U+apKfufrLqpI9my6V1MmOd6Mep6ArZLnO9EtEeZCVR/b8cmzQb3XowDh0yTdSHDg5TMw3CsBYHpasQ5LRFwB6bMJFJn+btl9dXgozkTS0xihxEQmkfUWnIlMozgY3024SjSuawdcb/LlRRBnycc0Ij7Ft7Cz73tbIt2scXPZ8JSFHn7r0J1WM7vXIcUtitZMwAYmbj7ozyPE/o5fv7QM6WCEmf7FHajpXfDD/XG5vO77m8fvqbT/125DV9XcuburUvBdm363nT5/EOv3BuuTDWvCvz5pPIHqrkY/ugnzUnwrwrxscw094jtQj2FFXHiW73JMy1BBroQU5T5eaY0PG0QTrgjSaLXxLiZKaFZ3k9PO+NBhk+Qc94PwJyYgqE5VkEyPTwXCnVk1Pl2NEajyI996VS6Bf9i5D3v3zeA67GkkIX+7T4G5PpGjsgOE6bU+qHXVff//Pq/brUMyfx2cpq/wO7PuRzu15/vuz8vKDqsRLo9SjUhlRsiU6ZGdjmJBb+0C09rD5wPClTA0w1WEHrcIva4N2aYehRyS0UEFEwhrcseMIPzRMSf83W5lKrYbfvfSjuiEAUJCgLoWEjKU3IJ0FrqBdJQOunojExlOusJwnkL2HX2DQh6/2EXZXDJyJY9wiIAkDgropxJ3G2IviroLQAKW+JRpHn7hpi10yyb/2zgpYFLmmS3cwH4HHIx3gtr83JoH8+LurHi2aU8b16lSNcxGCgtSehtth1T5ATCn1VR6FqOjJKSQ76HOgPMkM0/VVJttva1bVFGsNw51ZR5yk6HerTTkd5I51BVC7k3WeFs701Cgibaq0OpO06CpiiVIg2ktqpqNnRTl0ezWreNyOqVJ52OQll9XV826adZtu/Vmi6rozNYZbDNocmgykJSElGPdMC+VsYLbGvFpick4NGqxFlqEFAECxEC57JaRiQdAzo4mZGlmDxbLht7IZgU9iYpREJfAsxVZjFaOg1ug9XqzWnOqFJhMJqwKzcWnQQOKBMNKp4BITtbJCvo9TBIngqagJpIdg8xb2812XTU4cTVpX8loTblaMiPRIkgfRY4mkwl7XZQS10TDcgTLn4k7hnndLtdGgArdEP4Sq9HIDbmS4k+zp851i4BxK++UvAoc14T+QXClWxxNpODQEeQ6QKkSIKjpgD1/rKR9obXjXNjGSDpN6HTOoveDzu8EAKJDCARNnePjsJK7R1w6RAHYhgDMVoLJcCIjyZkixXKqXGAfCzqcH5JCgDHRY8KAZOUNDCRoxzqtQUw7HnuuMOVcEuKiZo8ciXtRs0MMaec45I4OzGhOF/JG4l7yzYyCMAnMc7B5yZgjmWgkikxNm111a5LUKloKAlHToD4xcr72n/vOX5wENqHERhbEJQiXjKZL1Kf9TeecD/g17powb+G3GAvkhULa2tbVG4ITx6FZ1qvVZrVCtOZFgQkKLeSVNZ1RMHg0OZel4eRHRthpTYpD29yx202MUyLLSBhbaSA9ELJuOdmwCA6u5WBC7HU0mU0F4dDnhMKcaKiCILp3ZDoM3yfiRHfPQOS+SYEs3i267K04mojTSfQ4CVomUFTDCyUq1h3MA3t27s6GvLwc0srNlsDZRnPJKLLZi7d6t6D/AAQ6G1GnNz0O0IS7fuyNPdqdArZe3zmD3e33SDJ0oRJmblS6effTrq+F3peU344JMRNsZgJj6UPGVgLi1kmMk6aShGiUWYeQNpkVHEUfokAabWtbR7gzLyoOeo/0d0pbt45+p+YqOiN8gufYIYvFAu3liMDX63XB4acSYtnVVyoOIXRSuIuIs6FAW9vgdOLtW1gD3t10tHq5WH73u9/5yU9+/stPPv32t76tm7mPE7kXRlAScO7YhtIckp1mPiMP1BfPn997eXLnzj13vvr7f/sHf/GXP/7io2SbxwAAEABJREFUX/ybnLKaQmty09bMihYCd0a1+sxtBwLEb5C061bD2TDiC9wDh4bSHDsjxnh48ylKd+jw1w2Xq5Hd17FE+c7tXIkFAmi3nJ0th8K0jWk9+W8hX/PF+eksy+4h455PLEheBMrhXuTsMVkXVWUrCvtAnCgu83a7cp5C/rBvLXmmC8eVAac+B9NmlrRO06kzVeO2F7jhsYb4ghhuw0AgTi4KJwUEp3Kg4ITkRsoRNTTHpO8DAEMfhH2K/W2gprGRRwyI9JflwHZMoAiMRiNcWq9ewoQZHLEOXneXZD9pTcayzVeEYb/OxXd7EAI3CirzgC3ni+N7985fvmJFozEmoiwrqm92LsHLFPOE8y41IXcdR6yBxIXZM09KeEXTDkpcJSdcInGXI14acLArpVJiXnZOruSr9aZabVGWIojKTXAczgRO8e3T5aKclauTl6dPnj774vFv/969TVU9/PZvPf31549+8pNP/urH7334wXyS22kekHL/jQlPgP9jy8gTs1/0VoJY7EGVQx6iX+w+XmR81AmK9jsxM/56lD7vdVnZrSOiig+8NyVXdpQ+WNQG/AkItQ8++oB9VeHpp5+ePX9uC3JQQhhaHB8VLFeMAkCH9HZQi8JtojWQ6xJObLFcilyHwKLnFnSk5qMZzHP6SWFjDWxXF9V6rQHL31KBy8CNhw4mugT7K5qAsTglcGjwkn6bMMa+m31vNoeMxFz2vgN33UhF5deG15VCHd7OOy5feQ/67N/r13lHxV/Cu37FpevMTreGLBZc3caVVd9eufqtX4tufhPKV49gDis+4YlebynfDgx8U+bv4PF/BVvFH3Dlr0n5azGwQ2Ae+llTvznb5G948Ttfrqr4Zi/6asRQGPx7cy3KD7iyygGtvGYb16j2163AG1GvXZF0zy8wYzXh2gHkOyOKH78zUrwYSzm7BmoHVhe2mMzK+XyW20nuH87zRe2eNl6OwdiY5UeejYf4u2uX9i9VrAU1hUsiUUPi2RAME8mZVa7cVM12tW62NQXLZmPtBFUnYAtvS8hLW+QUcR1y1F7UbYvVNpVpPB1Va2psKisocrVvWo5E3KDCJS/z6XwxO57PFjOOgG8NpWsH2/i29Rwxob5Ak42FKs9qm2/AN1nW5LbNTMuqyJz1e5K5QkKVGI02AeobbKOm0Wt+Y4jTwAZX8uZBPbOVPCYZf9jwBXV8On8y/8GtcUf/w1o8PgYjFvBgV6454rjmBJFkHNFm3PdmUL+AvlqvZdW3G9WJiS16u6HT3JzEhHKasB8AKvl9UeZZyM+Sc3YB7MCknJLxvsjFi8B34NDypwPoHJsSl5J4OhsS3t3HsL87nk7RMcV2QKVj2i+Opr6m+r791qhgcwU2Rzbkn1SJe4c4EFDqc4ZvHOlsMRf3Dk4nVKKK2Ib0K2IhNBJdGwYvAh8cCJLuJf0IuZrUus+PN5JZptI0OuJ3YlgzScd8QzfU7WRCgUwMn1qUY5mQ+kaFHmrkb6/eUY49CYISv/NG757t1s+HjC1efU04nEmaySWaUC274ITQO/guglcJa8IxcnITFPs0XTrMij1peNBbAneKSuT0FLw1NhgZITgMdknGfcIwKNCB+ufRyWNKblXQjBWU91zmB9S/RzTmPoUcHyYgDgdSoBInMDGLaVJuL6GANhcXDTsDVWhF4jO1FNKloHfxti1Ity9BiXLJqwV8rs6rA0eSm4aDJGUm2KwTMNEVZbewRv1y2JzOKKuQwDbsH5ZRvCE0enHIJXb7cqnOHwarHFzXxREptSzzMXKNqSNeJoYjncSlJ9jm+dDGvOkBediL6R700c63U3ZtEHutEl+1VU475hSjajcv7RT0vziXDo39DexAKlI7m4+/pCr0XjZwNwlfd1K4+P2jMAd1+6bK5S8dI0/j7iZJzUhN0qcSv2K567wk7ZIwJw3hVUQ1hPdjBjpCTxoViqg2BfLaYj3XbNfbTbmZ8Hn0zBbRp0cOQAw6LXr9yMch3pnNpsfHx69evVqtVmVZIiIq+GRzHvB1Z+zZmSBFBIiy+QAxOTPeNPRHFIO4Efc1DvH3/9bvv3jx8vPPH//y019+97e+S+Zy8F1olm6HB7rGp7EorgSyZK65c+vWy88f/fpXnx0vltjvW4vp//I/+Uc//fzRj794cXKy9nnu6hyx13RaWqCIFR0yAtORQ4+DDd5vMpngI6cg6FN8B9lUr5YmRFQp/6GjC9TikImLPZG3CN3pc/s3Of+HbMKvfRnuwPDTK3JUH0/K3Uh+RxxjAVepsfDlZjU1ZoZ77cHD5aRw5FxCfhzgKPjIYoE77uj81RlyY5QKy1LIH6RTRE0zyo4CzkwzW5EzGe9hysVJDueEAaeWQp24qjFWkg+SH4HGRGspfwkDBqIFsfIyT02wl+USfwxaArhaI6nolubRSkgX5ZwY6BpXI7gSG4ZdsMLYEq6g3lTCOemxwM74y37F281WvNWZt2Z+GgE7kzRe2BfN0ZgGx3hnJYgUHYIaIOK3U2CPA0fiaSeW+dhLj8j66M6tex88fPXky2q1YZkheMJSLBtebEoLyjlNm5qcT8LT0rLv70SJd2Ip6pUtisxYiDZlFnB819UEHVgNbBjb9jGEZRQAfHImQA7ZIXSgJIxCBcFL1iITLS4pJtClYjq5+8ED5PvOTzaPf/bLhx9+15QFvqxcLsvF8vnnjz/92S9+cP9WbstG8DATJSR2kVEOBFNnEN/FfGSF28rM55PJBKIEJv10Ay7Nw4iG4HUI0cC5wbxlWPp6ll0uRyhgkectHxfwJJNvKOIOmALxZMsICjmPWXn/o4fHd27/8E/mjz/55NWjxwQ/yKE8bI/v3oEpyjlGAmYiLAmDESQlmnKrO4udOc2QjU5z+gLzGyLxGlItEajIT9QJfDSzE/bt25qMTmaszt+uu8loAXNtpfPII2Dixr609JmHqMJIHgwXIBVKRz1g4kMgbOpBXPios0iHmGOTGtRtz7AGdpgDCvQ7cXU3r1v2LspVl95ZuZRxvOzm8J6Kc3DYy3o1E2eyCDtvXN7JpI4O2L/pAC5pYPdWvBJnMakz3pIPoXSvvPjmY/kbUq506evhxUPqveb9y8olwHNI5Tcpl3d7HKO/8Q6Gm8Ine3Cbf50Ao38Nyg3h1es385VRyXdR3srg4Gs8aV/nvt1IufnRvVGL736y4YBbbwOBQvK5//417g3N2eYrKl9PduxagJUoR8Ifz++IjL1vqF2glJ2aNw1WdGJ+ixbQTTVdTOezeeaPCjux5nFDKlHqdrDYx4QIELjBgTkwNWIlENWpl72X5A4u2rPpru+eZcOs5N1Gra9nP5G22lTr83W93ngyT6DGmO2xqOj15HdSkHuJm7Qe6na7qegoICmOfZ4BGhjoNCMqRjjmNqmWM8BHZ8vZ8vbRdDmjNBoUYtsUQLZhOp1cNRuHf34Fpi6yapJXGdRgGtSoAJ2MlKDahs8ZkjXHtCAnHqVYE5xOOmWriSGaQ2gw0upYk03yKR0bE8UmkAMKZ7XgdCdim0ntICZYUOIUO6ORAjJRa0pkCwlrQaqe6VTCrogi0SehTfoAECwyIYJvCBgkB6iNJIyOFSR3z/piizoutGSr+hv8ZFpwqAwOl8EBM3CqLUcNR4uZZCwRI0+Aihhnwhi1FEZDkBkDqlgxzInNtCnfG9aYVbU1O2XX3WT3WbLBJ02LOk7ykjScQIciyqzXfM6RCoU3zjIc+HQ2m5CtMJepk2RG3Gdx4KB4FWFFtOX0LQMTmFrKjDpPgKxCTW4XpNLWuCacLIWt+8DRlyVyiQTqyNl5Qp6VfEYmxNoR1XKq4oZ+CBwBALnL5zjB9ML6cJwfAnAneakoGjeF06CIGpxOJUTjiGGB2SwS9dsSdoUj8Uw0govJGIiKtvE40RTXBJukgDpbjt3CTk51K/iBIYA3XIKUFOnablbVRuDY9gBeTylT5zmwPbm/SHQThFZKM5OuROJQ4uP1+FU/1dFEXWR0GmnT0mygxXqz3mwuLlbn5062UI0Ylsy1+WxObmGMRCTMCa0dByWy5HHCa2G85CRqOFWWNO7iNFoLKWZI1q5iS7mkfceaBbnU5Gwfl7AMuS6o4HQeq5NgzwkoKm5jjCeBHxSfxE1BZ8NpsSlVkOyFlp1OqCa36ATn6/lvSM3/3pgdo7m/jl01tUqMPPh2TLSpMWjQk0GJnk+x4LxA3080hhXpe9sYQRocvNsZPzwvHVJTKA4FPbrZq3J533pticfbnmqj0+ulB5c3fNj8v4khaQAwkBo6x5qFQNqMTpCLdjfP4C/k0FOUqIqS9JGvCWMhtOn4LswvFsQZViIkyflvfI7Q1pYIxHa7rbdVWZZoFDJCwlmDL6kK/R7NKmMtQM4Am1qtVicnJ7RNuQxsPD64tu1apGIdRVICTFFpekM7IlAFGtFiPn///QdPnz77xc8/efjw4WK5pNj7MahaqhyUpGOULMe2xLgYxHJILm8dHW1WFy+ePTu+dRvv/vbH3/rjv/u3n7z618/OtxVQmkDkvSqzyieQT3BKJUhgtM76ODGCYCzlSSMLLEezgM6yK/s2nf30ezqTB0MkjPDr71aK+QZo6Q6DOV1J2h8cxcS3Gj8CKXfuKeaNP6v9k+3F9MQuy+mHt4+X86mrag73QbCE5DtbztGSj0t+fnGBnBHlPGmRapLvl82EGyb3A6S/RJ8QSiyJCqbA5/22aKtts8a9HyI7ixUfhSHyxWZmnxxXwJBLu9Bn4YTE8ZMH0ZpGnlKvTB5YcD+RxRLGwNXMQE+mJQoD7MFOWN4hr0bumq3iJAisjRHvVRRUtjKjHAOp4ESp6oAsDlhw7eMLN1N2glIH7JTkAnvzstuOHw9cxJ/JFRFgVfIgKCiWt261VX3avqCTCpEm0/TRaQLkYoCyspI3EEDjSP5zXt1JOvqsfCC79yJXB1CRUxvifGnQKpLsdRCi4y2k1Oty6qsv5e+bi7V4JdscIYUCbwJzWcTOUtzMbLpczm8dn79cX5ycPfr0s49+73dRsv7wu7+1efXq8SefPPr0Vx/9rd+9tZzKVnNevPFsEOmjBOKZ1yfedDaf428NTnh0hJxqN8tvgce6HFoijTPf5PIa/Q9iiHcBfjS3pfEo8BtOpIpcP0ueBS8e/mtvP7z/O3/4t5C1+eLHP335+RcI8xIAd3n3VlFOgMOhyZRKwBLTk3GGjAokGQpNCpxCZ4Fiq+JFOf2AbX14VE4ycshbe7s+fdVU21B//zi9eWuKQDiEGMFIrd4lrjDWFCiCYWQo/3ZU7fr9eg2nj9RUu3+we+703wdBS9f9AyOLc9CUXlkObuVmXveOy4EQHaulJKO7uIdvHX1L9/0t7qaRco23HVZ1QD2vnIRL3mZ8R7L6bpMHddGbJFHzZRWvbOkazx1abn6VUzxwvfL6W/T6T17+RIoOv1aI49Dluv6y3ugwg8bOvzmTN0RIbwSwVz38JpuYXVsAABAASURBVI37S39+zcvr9/abR1S/XuXrz5dcH5F87cvrzbi/gRqHVX5DiIDXunWz5ZsABl91uZrcwJV3g4oQdq4kj/vx5g5ao3E3lKu6dXPVegXVEdv1mUND7ny5KGCamw+MecwxhE3fpKfeD0FJpv8MRWqdKxey5/ikOBdtNvEMqlhqOVw/26YpmnHdVpxIut5Q8JK2aiglji1mqCVhj5OJs5lDVTFYyvjeNJtts9k4sXRk1M0iR8sEWqjJ7GpRYZ1BOS+Pbx1NF/PJbEJJj+mIoGu31bqmYADb9Xbbuk3mK7Ru5HlV5lVht4bOADk6IMnBX9gwB5I1BtXi9CZW/sipR4594viEkEyPmL1Eg2G5MscZAE2cMZui4pDt5U7SnYhSOlVG+TFoFu2upLLwcizSSxIACrSsJiqy+PQtcF2bPUyYao3iKmsicz1yqeuF7VM8j/VawqLnnJklJ0U/WsSAPBzKsqAcOnjJcmImn7zFxVfEEUH3j98h2kFXE6GlG72PqvvUKWQAlgcUv4eV7nS8ElNCXuhqT74mW3G42XTBG6ylTCxTXM2JBBSRCMc6mUnnvS6nOPFI6my9DaLr43f7EGZG7YxAFg0Xgofgd1RuU1qZahuTmHCyFF13DjNThOzeuXhy6AR1OWUSXX1/FhSoEttlBzwWgquKj1pKE/PncMQXz8me6IsAZghtIq1ZPrSsC2xjlADxOik0NRVFx3fVtiIkQJ845xwapGJPE4p/jzU0nk0cTALiyYaBEJlJnb3YbiSR7fGPTz/zfrQ6bxOcwMKlXhfSLkCvZd/XGEtwjm6lReVotitKtLTdrAlg1gIzjqPLgDhmTSjbVJlxTCByV5L0RiHWCH42wWNDA5xwdJNU2xyMyz74uqjPkKRWj5HX5S3YPsc10bA3wKnT2MwerLepR0g0lIX3EThl1gV48K2mSKOIM5uNvlHMuyGWlQuWcavmYNN3TTRXFhhotjso9ePGmrdgAbnk1VdVNZ0lThRcEdvF0o0PUqdCE4Bassn3He5iDhj+v2cEuLrzZk9HtTNKkzumJz4YbfeqhOiMqmZIs95JUeAPW6DrxhjV6wNSPHTNFzg5mS4rfaXErcR/bCmxX8u+dHgx8j3xCx0TlsxkaBDPeVLKckL5dfC5zWa9KcmijBYgin1GrnlgYdSyEOdbPCKQdk6n0/l8fnpyulmvq+l0xufajQu8RRgPdIMw3YAY0YE4pqmz0ghuvMGC7/rwow8fP37yq199/tlnv/7+978vJ56dG+dyxbbBeSwM5RaE/MOHD37xq8+fPHk0my+IjlrzT/6DP/7hzz55/OL0gtJXoCkX7atbSkiSlcgJckClTEhp6nFHjUcnvA5/h+KCS2AyETcwJR3OHLn4G20OlwNVeV62siyrhBGMBBz/rfPi1XZTXKymL585035gbi8kph4vMxIzJGpztL8e4dcGCS/WoWSbZGY1hc3ZMYNg0yJ5NsSsTIBf2XrczU1RbJE8V5Vllgoli1r7IW4k1nMMSArexcw/O4xzv9glHZlhQfBA/lTetYn9TkNfuG7XemLjnF9hq9NizhiCNkNRQMu0VlJmMoQ7sQDz1kba7uu1s8ZvkXtAVrsskaIz10gICb7hlvi3V8CozRTUMGxmi7lx95C7PN1WGtHGMPrI2FfWZLz4RIQJYtgzwytt9GmzWhDgmpopiC0mFExFFt13ZwhGnN8PX6+I5BGCXdNuV5tyts0oGWSLnJxDKdW0lCDWUv9tkS1v3341fbW5qB798pOjB3fuPLz//re+VZ2dnTz78uTp06effX58/y7zwrRl2lalvhDeVPsmzjTCo6OEI2HrkNsjp5PolTCU3MzbIjN/s8soqAQ2gPyj/KREnkX4GEJRFE0VMZ2tXXPv4YNJ8UdIZz//6c/OX7zi6CaUzmt+fDRjOcyF6G0aKklb7iKgKo+1a36KAnrwLSPtBsuuyLp85xgZF8SesGr96uQ5yjHjY9sV/w8imq9LWWHs0f5F32n7/Ogtn+ovvDDlbrSLEJwGD+svRLZutH/BY019ErXpxLul73cSHr4qbMCVfep/P2wwo+M4+I2XLNHulxst/s0xmE+1BSOt3ewrxm8d4iDhk1U6RB7/StjZwUD2dbU3rt2QCeG270WBea1VGJ3BK2u+yVtutlyv5bHaXwEUdHqP13/59R5+owXYt7Ouwgz7mumKbO2o9Hl7XjWhQd+/eOC0dLt254EDWhgFup1NjZrO4td/WXz25/nqGbRbcMSBm2zisolfvNd8++/6b/+By+x1Xvzuyw0t2lexJX9TXru8IUt2Wbl+s/DaN792xb/W3dd76i2WcV3i3trmpkqiVx62evhL4MBr3RsPvnxYGeJ5uHaF65Wr1Mmjr0s5hPSO36lp9l2Bvbf9zsP+ykEmqp/hl/F617o1UuqK7Oh+ebw0tszhvcY99Vk4/gTiNCBeIkH7EUm5TJ5LXgzRhNOKbT6U1EuA9cmMecUq7eWwdtZUzer8okJj7XrTVBTZusjyaT6ZZZNZXub4frxYNY6O0tB5WajoRDJ4N8mKYEz1+G9bVxebFWoLi5ISvi+PlsfHR9NpKfYY7Fe92W4u8DX4PNp3TWXNtsjqPKsnWVNmDelyfetjJncW+Q1HzM8oaTKfDtNl4fgRLPlrIAmJWuqCXcyyjpptxRknnZkWqDMmM3CYRQpZom/xIQV2p2fq2VX5f542TWMhRmiKvg+QJFP24Vkf9UjRf0hf2rOdC09npQ1euFriK7Rs7cbpRkMaqsoLtKVNS5tN6bzghFLn4NMUp2HCVm32yOGEO2HS0rdABBhIfvJ5rR4VhgBUMLY137yMtwZBscPz0YorhehaK3U3oaRCIHEp6By7ukxwmJccbC8gASQn0vl3pgYVn25qH507qKLTGDamczSh9DFtkp4mfmGnnwm7mOS68jr/4VS8nrSMGGh4+j9VJ4ZHNFS7BjJJfDl0dLSpa3EuCQDYuvDJCs82mvY6c7qnf2xm8+B0Ytlci3UkvQ5ZZr0Rs2u1rfGv5qQwFMKnqWgSWslSY9jjJEySNyax+Ymm1HdjVqVfCEekLi6Utia3FNeEv5DxqEtBhfajgUfLjqTTA5jAPYZ8HE7ifDTN6gzRz8WWAYbCJLA+ljNpZTmHw8FNlFMKDivuHhQuXb3H1NtJnWwEfwbfHRP2smAWtZTTQVuafIFVcVshXxMK30IJgzJOrwRskpCpMGDiGunQFU3YzmYbZs1yQBiOg+J43XlzcB8rQr8UTEWjsAzly95s9SJjjPHch/pzvP2y4wnyJm2N8w5hqLu6QehpEnanpPOC8sNrvUYOn0yvaHkH117iZHMlR/Ju1hLE72bsRP2u05I4y+hdvsDKEdlBgmNbz2BdbymTV9tq7B9I2DnZIbm4dGUhfRYi4ul0uuUNUdcN+QVWFVHFouhmQv0JoactikQxBpcDM5/Pj5dL8lrbbBb1gn2+Msmc4WHMD0vUPKxhsbw9KeNDZgPW7kZ8c0Wbw41/5/adDz54+OtfP3ry+MmDBw+ObqG5qQTNlqKD6+YgjFrQDU7GYlbcPlqcnl88efLFex9+Oytn3/rgwT/+9//ok88e/fLJxSyfrKptnhXOVd4jq5dzE0iGc59mH/Q6DZ09JqCwOFvsS0thC8xN7e0DJkkG+vVBbV/nAlG1rAtEf+RsxSZ8Z6dr254aeFZt5+v1DDnRBaWXIO+qArlOWmncJUhbm2ZOiUia2ogze0NZNHk75MSnZ+TbShFU2NjqLDueFVkzLcC359uqRvnCQ5MzVfSZRkci7/PMSAZBirZG4oDlJCzUW8updhAuiW+laCthFMqvBxc59q9np1zkGKotMW/ZZALMu0Fuo0TK7BR/J+ct8JKezRNrXpvttlwjG4FbYrqYA+UJUujyX5Fm9fqn8t9eCbgg8EvCfOq/Jhhqi3wyn5bLZX52Xm/rmPmPW7CSCMlrfD9cZYqV4ihpq8aE5GredEwoXSFhrK75idyChrmk6DjewUBZkMo6cIlGJlCdhGiRT1JVrc8uyJU4K8FZcJnRtJh0ggEBsURx9/7devvl2cvnTz771a37d3xZvvetj+9+9Ounn/7isx//9MFHH87v3aKQkUUhnlcGFNI4oo963BgbSBZlfyyQol2cn88XC/weoyD+pnxVJc6+40ibhCpaCjfCsVA8Akk2yeumKYvJnfv3fvDv/cFsNvv5X/zFy8eP6qZCmLznXM75Xx2o5Ok5MqdN5NiUhRrIjno9brMgmSAEltbemdh5QYmPVw5WJy+HHieRIfHJz6+yxFQ3MK4GDJ7Nya6HsX7D3sFAEMLVndwMmwq0r+++An10EbUKYLqofdAPKpcslR8i5uixErUzPpE2hkicXxJnYK/apC+Iv8FyHvDsmzR/3ZLQUg7ErKxcuhV6VQZbJF2Hse+7pNqPpHQZbW9fnSvKtR65WU7CB2l2l2r4nX3VXT2gzfFfxl8rwppsx1TlCqOLd1kHzMFdfbO23ry8y3ftlCsNrjeyxVNkBjsE5+aKfws5Yd7W8kBQiabuOymOv365RlcvrxruehNS74ygx3AFNqvpv/tvZk//R9j19Wy3Wbs11dnk5S/cX/y/q/f/oPk7/2tTzs1vyg2W32gz3nE5bL5vCr99dcThGmVE4eB3f/iDHvwGlNQh5JIa8q33T3prl1a9KfW66vFB+7D3x9so74bRGcsVN1yCHclhrF/74NJ3Jp9eNQDjkzt+0ALrG91A9dT7aQ4qcN1b+x/ozxTaK9dnJ3B8G1UO8xyWdXPqM8PODd0Tw1GN718xrrfBOh7dTdS7hDV/LrA9dJFN7a5x5DCCCpGL9WazrjeV9XaSl3NKOzEpfT5xdmIyVNXWF1Wz3rYVZeC2nB1gklOKGtUpOo8mIzp57x3qZWdHi+US9WRzCkiMil3sGBpJt5S4Z7XdrlHxC9blWT3NtpOsyU2dQUvRUajdpqZQFmy6ATIX8584kaj6j98nAKWGW7Zy8G2rFym+AyXvyCcFKiPxj2Njc4gQG/ImQ5hZsGEG+9axZHLVEYYjRXMWF41pwe40LpxWCg/v+Blcbv6QCmR3Y7NZUzdiUWYdo+EALZPpfF5Qqg7LiVHYTyWLqioXwmpLz90Ov9/ziTHdD2uGAYBuEl1EETRmlN61UDJcSm4Qz1l0avmU3C4yM2zIp9AmElCEvRh60U0Gnj1BkRVsB6qjC6Z968XPo3tQnuEOcNQQjgHELgUS6YRTpUy6OCE56bc5tHHnvBKHnPZkYPzqZPLkwdTPQP1PQoPiZMCJnLaSJUZ+UkQNvivzyjKYnJjsIFDz+/BGwGZ9ly1IHFuAPTYIXbQc4IRjnDQc4QMH3gbfHR2EGl3DBGNP6eCezn8cl6rUyAQgsXc0oAlF+5B8OrIZM4mGbsQrrsdNR+k49dOy3Cj2lU610sw7SfpTbbab1Yo8kzYILVXLG4f3ZmYnk4y8kgrcPkWhgYxFAAAQAElEQVRZTjg4esa+ShICibw4qHoTvE3aEErHax6TuEAqNnbKEVkCtJHjL3GSIvP3nLAmB3QhTxcB0zB/faVqWHfZAEmcAPVhMwGsDYeQx6FRvhGOpCIYPjTSmQsDvJm+aHu14TV19TjQSnutyl+TMiT74f9OZxw1j5J4AdK70OHSsJWNEvPXRZg7NMJ0SkL67lyXdynZjF1XUy+Zd1BSxGUSGE6NdLDjZKlYg5PoxN1kxFhH8UkQsDk+kHecTwfNyuRXpzNNvmjyFsPmX5MrXisKidJm8gztN9PptGoo4VlF/iJb3Os555dL0+qEznZuX47DAXGCDCEPMJ2Wd+/effb8WVVXFxcXx/mxhA+5HNQhEBJEm3VVE2FCe7YAz01vEJk/Oift3KScvP/w/W9964Pnz198+ezLo1vH0lFEuaZVQEp0uB4CRtNwLK6+fYwMZ/Py5aujO+/Ny+nm4vQ/+Sf/4c9+8dmzf/7fVRmcn239pES71XZzTgZSKDgCWCuOnJA6S/V9bIWYRY894Wwk5EwmOOtdFbiRKMV/A4rQEq+Mo0Qps5wDzPoCYaC5APd0Wy/Wm6N8fa9cmEnmGvIjEW6aoo/kWVmWKAD4yAszW0ce6RRQ0LJlnoJ1IXTiayaGfE1NkcFiaqml5mxT1Y1H0u0lZw0KQuJxIhKLo2BibD2kDDcUa4QpH8f3I+dZcpVnI5WiikAfgwtUyDZIm7RCEJ4ANlRyIBbgWI30palNG5ifKFpSUBZEx42r19tNscIXcLyTzFprvsICorjucHFy/Sspgf8zxmjMSfCBxLLM1dLlPJsdLTcXy/bliaRA9bpPhfJZTltERnR5sg2IVMX8oAgQRBee8khKbNay/5/yqoSIMn1kxHd4P3LYZW7YrSR3rdusLibzqZ1kpkGgaUiwpU3iKJJfOakaf+fhg/XZxcmz5y8fP3r55Yf55MPZrVsPvvNb5y9ffPnJrz79qx9974//Xl5ONVgiZ40VxCzBdXxgik2gplSBghBuz8/Ojo5vcX2fcmz9+R/wmb8pr1NgTEeYENJuhkW84VzADHOtA/ZUIykiJyxy9/33kDlZrVa//ulPVq9OXiLemBRFSZJkAZQvKSZR3geKAytuGsmMtgDzJ1IH9Rz3+XTBxmfr05eXxTj5RhUYSV+zA+egwSdlZ/uhST2taRIz2lBfOHyfeM9FaQr8UK8CZsfGmjQVxMbOY2XYkyBaHsQq9hqAQyse3OL1yus/6m+IBfR7xK/D2vcmUVt3j+w+HMMHJLeCeunqN/n9qWqu6Jy5zAB8QBM++H7ubV+++cNE2DAQfUAnX7jFjrpqTTPChux0Jb3Q60Zvdi8ZsuLGfo2xlsxOnZuBwGuXr+zFoQxdb/fjnegQeGDDh6GD+MYO+d1AGZ3WPUt+yNZ9jWWCnuLtkFZ2R/+683FQdy/bR1dtDlSUTv/y/7/87F+Da81Vxfp2+vjf+ac/rL7zP6t//58aOqFwWf9uBgTeRvGX/Dr8ud+UMXZpf50rG3kHBb75i3gl5b+JNxx431/54FeupXsDrQkcfHG0Dlx+O/4Iwkl3CcYauerFXy/GR/jHS3rV458P7/sOA5i8sTNDdDVh7+P9Z7WF8F08EoxKed1TsLdDQ0ek/iJ3oWxh51Ho33mjdUSN/Ob8NLO3j0tzOzPntWt8xNB7HmFBGPrJqUn5RY/6gceJWH18ciCedX3itkGW9dXq4uL0bH1xkWfFYracFlO01k5tkbfGNhRiHbW9blX5dW03bdZ6NBdnpDzJWANG/aTQ+HW9WV94cIvlbHE0P7pzNJvP0f6Cmhc0Dju0Lq021cV6hUZiA3We1wX+WYpuUlJwa1JK0rF+YE21K9BSTgZjNt3ajBeX1MOsyvRykk11h2BUNQdiiLVqVM8MHyiaTOdlXrCpW7PAi2U3cr48IXE5EyDjuPCi4YE2SXlDWibJwRKUk8AnoinaRNcSDBSD8WenNQpGTXV0QBs22v03a1StA59cIvWUKXIKmkAhPtC4xoE9IESI0Hwf/F7qbxZi2qX6q8uUFBAVOGndYHsdOAJ0kAfpwC+36cThD4yRqdmSjI+Vuphs+VNs/ziugqNTFEUB6ulBOjWgADMZD9zFNsU1xHSmPt3Rshu6zoBhP4BO0RddDchzgD0JvFgtvMIV5JqKhX19MrUHsw0DyPrmo3I4TnKnFg5aqpiZRXxW4vJBEONlXKJSdpxFJQRYIajgLCpNDF9kQt4NfouN7iV8wYlnjUSDifPM8e1ZtU2eNG0j4T1qt2VHk3qzRaW9Y5WpeEE41yFOr/qFBA/yhDhwKph6Y3233BxPJVPXHDmByol12OmkG7JN7I/xKI5+2nFYcrJYZJuuqc8VQcxmtUboaetG5gRfNp3NCw5nQo5xZYmICD+Bf4pDjzcasqhiNw4fQsWIvYM7ZX3nL6VA1oWPEh+pcOi0nM1ySXElviacTEcCvaQkD/o7Ig4KYnh136EUGmajHcPVrzZbF+NXJQhEQKWvl4ZOk7CzN6PYbczQju4H/g07ZWDs8D3F7Nj365Sk0+NOMDdtPh6hrXHP8ut0O0ciINjDqI3dvwGPKu9PpXxFvD28vTPYYOjvMCrsX6wbL+n23L2eliEgEZ70AXy8pD8QvEZxlYjeNRxRSWM1MXHvGuv4Q/6gKAl0CVFMkYtXDjIqRVlMqkldr7a4U9YbyqGX5QUFU1I3E2M1AlUyEgsxCVnoK+7b+WJ+tD16dfJqtV7NZrOMkbU3w4NVYdjexHAIdNZZ4i21+cS81aIYybm7d+7+7vd+50/+7Z998fmjBw8eSAArsl8miDUBdc0Xwt32OGcI2CeFPVu1T54++dZ0NkWWq7D/9D/8Bz/75Rf/9oe/urO8fYFUp/XVFrKiyMtcmaCEngaKZ+KiWZpXw06OTEi9GOM8R6GI531fv6TMfRjVQRIjvNaWfWcb7IYLuWDHSIn7fCOY3412tJDvhDFdxvNKkSMcuYZM19UGBYVZ42aVuV8uyqygrDeOY/qETJa463DL4K6siHTh3myRKcX9YEOCOmJKnEoo2CzuEsqgRaAyIQYe0UK1bcgNgeMPiXuYadlVHjjJjkE2hZbbNkWm3JJEyECWkB00OUElNdTGCHjKLHcCIVHSakuMPHKDQN7DmbJQ+kStLqfqpKZAgEBcbzd2Ra8ryqnFrZKB18g+JgL2OwCXiLVMn0Dq3cgfjPnEvN4uOLhn4sAXCYAxPcsge/jkxXQxnx0db9eI/TcpoxJGxXlTedqRw0RGsm35fAAnn4VE4I9zLoxR29T5JB8VyiP3IIx4KoqMDMLoNHUVvNEMnI1BORkKWyLIZAj1LvOE9p11FDAHN4CB5f07yJNevHzx6JefLG/fKSbT9z766OzFs/Pnzz/5s//x/rc/evDxt1Aipow8JiN3S04SC+IgQ4WATxy3sORFsTw+Pj89ffX8ORK95dERi6/2K8FLfoxFS8vbha6vrnh2UYW+PA8MFMCL100IAa0EPWspilKWTZbzv/UP/t79hw9+/Gd/fvr0S87ySiBz++5dSvOp+oyIf6+gjpfwwUfQIFQ2AAh9Tb09oLF3WaCPGmGgk+7F+0tvplbKwXWTCvzxoljCTc/E6NNnYeeTmSJINrs0BV1GBTN0e+n1X1lE3wn8nWpl76CH12E4eBiZjeSJK1rf966eDBgqXvaqK5p73TJgTLtpHa8ROM9dBOOvgnLfh4U9j3TXRqvt+mZc+d6bK2DMNfjmsZqw/1byYLIPY316OJ36/qRcoqM2cUdpijAh7VHaNaPGhnGHFdU1mkQndSnPn9a8cvCXg93lJe7Ut13eYPMdsnV361xrwysOMfufGeKq6+qJ9q7Kwct1zf16xcqC2d84BJnUj2UmGgx9B92P3NrfxYP2wHDLJvGjLn9SVU7b9fG/+K/K9TNznYK6yfKT/9Y++0X1j/4PfjK7Fvq65o0bKP51K7zNTl1dvtq3/6ZcXt4Ve/Auiz/gylU39lZJ9QY3Va7VFuz/DQc9cNl9GH1i14tktNrlr/rrBWnXoNSjVXcuHngwOJEoBwJSfD7hKs3gkhne2tVUw9DjZOf7bn96v+GNdkafZ0Z12Xa9rvL5JDO3wDyn/OGpVke1iKkSzKue3xs154AGryaVYy92hWhMWWriQ7DMy1CEBEe28/Vqc/rixer0HJVm8+NyMZuX2WSK6jPUH7aNaRqo2+p85Te1rR2adwpS02YejaoFHcFC7QqqjCmz9rbKjZ0dLW7dPZ4dLyYLsvKixQInfrPZVher7cW6ocjb0OS5W0xcOWkmWTsB6gV7dYhggRNbTtGCq6eVgQ1HTng40YUbSTYfFQJs1SA7h9GgDjlIwAi0AZdTCW/A6TxUtOezSKyPNz3hBcKfkRjPcjTSBa+CoLlmsw3nA0nNon2LPOwz6PYsqeL00LTriy356wTLsVivJW8Oud0UE4lokgcfAlKcAmvXuUFWfeOzli3QtNbSTzOGwZJu+Z6eZwCdHYYEASeesqESO9qhLy/QP68lVgc2PDjxOCHrY/A1wbsSkaIoCgltkk5y4gqgP7s+QDx+0SU3SMwNbLeIZ9LbNngPOHUDEhW2FYel6J/UFfERia/z0RzNfVIgsX0LB3dDktpIhBSxvDCYd3Va18qkNK0WCfESM/uwX5F6ksVRaWaVZGL5Bbkm6emS1+h9tB62FC6DnBgoukdLeYzqqmkquqgTzBNgoA+oRi2qRlsDnU1yKGFQx+5BdKmR038c7YM9Tzylu8+zSS6ZKtiW1JJhyEs8A3bHCQHF01ergcCoU1G1JSv1Zr3ertacBqiWpDhi852UJXm5IOjMprP5LOO8V+Shxc5bRnYuB9mXpDxdciIX7Ny8YwYDF1NDCq4yDxL4nIGUcFVOofp53izHIbAhULwk/zI6YwqWwVircMXITAzouvxkhufucRwaSbYVFlpcglzcEoO95t1IlnNzFRXf3ciX7OuEDEWtUoCTsYcOiqsX6Viy0/fWvGwwGgMruN2EyynXMNYh5+Lmsp20Tr2y0jNQHiLo4bruvS4jkFi+1Hiql7vrJujbYs8TtdtVgQ5vugjWusSuFDFDCptecC6l0NGwVUZc/Jqm2W6qDeXTkWPe5HxF/hKOsQEILlC8HRrP/sv/3T9lCsdzxC2z8pK9PdAg3bpM0A3hAgqI4AXVikm5W1oQF1Zx2eMx2VCPnFMqsoducnZ8pcXmxz37uvB7dXAMtMKLeL3O7Wec6IGiRJjAHOzqk/bMobliEQxlXwjVkD+YzxcnJ6+ePn02nU5u37pVcPo05ZTjPujp+9SRpzacxiKz223z7PnLopjdfe/+anu2OC7RhvqXf/Xj7YacR0ym3M90tjCQt+zmpqGbmF7I9EWyEEAEBN1CRHKQkEar5iGxJatFWfkruEJE6IkG4cLAJUje8drFJ3+wv87OK2+gvI7AHZWWLum3ShAJUztaGFlqWCeX4G8w2KSaOQAAEABJREFU4WkvFx24BlkV5KqR0Fok7t7Vk6zgnWEDCCiHRGRVwN6KEc5xXD6h7RLHRPL1qRQDmmuPopA0rbhMcZAMZGo53IpsXNlNDFS0E/mUP3sncKQTr1udPdwkSFRqJ1Z0KYy94SgrIAlMOAcej4Lz7EgSHqNpTlTWMp1GhBrPJIoZe774HjPnA46Bzi0tnc4h9oQDQQd2vgeqEFpVf72edVQvmh4/GkQD/bgEob9OCYFHFSGGzSl7n/2JPGVEQqGRglo1gsCN0jNdr47v1MuOF0ygLDL1EHCwUasxHyYAyeikdD62Y+UzkfdcOk8mWZrdJeGG1LVfhAaKjkOO1ZK+0hoWq7PJxDVEKxDAVq/Omm29vHPr6O4tB81isXjyy89PHz/FHfH+tz5ClhSfUTEFiRSFbOFjF+SD1TINUlRJITEKEgVX5+c4XfPFnFybKWaQV8FeWXLZ7R6Gez5RnuxZ6EMAYLTO4RffRjnkRf4m9JejjezqR2Wb8W4LsqK4Qxk/XyzuPrg/v3V8fnZ6+uWz7cWK4NACyioFBUUTjGhiYlWI8mSqVrA2RguVtwYHfgJPxEQPCgKJtTPrs5M+HXnrKzKyFLDzpbsA449rnJ9wNXDbAbaDhKZ35VN1W+F7siKJAKBMYne1IyYm3lI82b2xP4dyzikJoWKMmO/SHustRcw9lWOCrrufWrObmYiUzWDKBt/2rChc8uuScjnHNcSPpidMjdQ86I27PFs3F5C8IPrZB2mgXx9MpL5xt0D/rokLMrwYf4Z2IH1drwP9L9rH2OO0A5AMLg4H+hsC0jGkc5JcTD9TQNl56f5ngzxm0nkD05s3MB33LtfjhEAyw6noF76kdDgyQUEciAAfb0V8BvEtsVuxVyap3xtdbM4MBjICjJDOLOzunsHXwY89Vy4vN18/qeGv18CVbcObjzdpBy7FRtdveLgnBgsMYBJg0S8p82YCxCbbogOmBDbgylfvVLnerCdHove/YvgiMIPx9fa0SXdDnJ90s8YtE0WDgH8AengsPpusY6wQ3pefPLn9L/5vk+rUvFbJqrPs0z9t7/2OmS3Na0LZ17XcAGt5Sdtvs/XDSo9hGrs1+D646Pst+P6Xy7+PPrV78ZK3j36/tNz8hMNBd9OdD/sf3YcNBugDhnRw5G3X2IV+72+/W2Pk0qGzegmUHdLaDawdjJMaM04sIL27i8DNgF9Jvg+v9DB5v1p/LTve0piUjA1rQq/Z7uLgyQHVHpAcE/nbtM/pj+7nkHRB7y1mcLf7AulPgD45TAgTJCxr+niok8B0JGQpz9ujdiaZIf7uu6mBtAkDQdxMngwsfvqaTpjwkZNO2VxjRJ0TxtBx2D2+2YIOyfZqQjdaMDb0O7w36UzCxHeTlYyzm4VuOGiHgbwscyitP3GxT+MlsUgFRaNXjxMxnct1nggTpk/M6XIgEC24dbXZnp+enr54jsqxyaSYz2azcjorykVe5mhErlq32tSvzqtXF35VZ63Lyc6awyT3k8yzDwdFhkAD9na93VygNWZ+PDu6vZwfzSwOAyujOq7161MKo7JZb2s0oaKloyiaZYl/7fGsneeU0t05VDSj7ZuCH6ACr8ims7IsKXO2FcUwiAIbwqTI/PIKi4IXnCwWeSqUBQcFIUswe5xkrBuU1fKpIwadfmZHlURRp3YKJ/o8UX4CpMqfABkGgkE8rkiwmEpTYqe0ov9W1aDRxBmtxDWp6y1atlY4e+u6qgw5W+TT2bSclbPZdDqfohVpMi1pFDQVZP/hUYvFzSd4JAqBvts1xvSRQUDgPtXEMmT41FTho5oGOhxCM+37LfIP24GjT0CaAZJgzcoCQmdy42bZjt5QdBMc/nq9uVjR8NlnIqeAERTdhDIzLebldCrhWwBi6hkIYB/DfhixWaqvSYAJAZPgBhES61CgQJz4ho7XU34WMupLBAwyN0o8E3Lu0Rw+6jcRfDjivpPwGDxbYWIBxHIhdUMaHnaemah3An6JBg7pkDiVSN6cmlIKVfIncV8ajbzifRrKQgYI6kZnOY+E+EDw2+h9knyIp1/sJmTOaSqENzSmbtHQW3MynZreosFdTIfkTQSSTvqnn06qsJmJTbh0W7AN3ZWQPPmEhopK9clUf+bcL5tzIHyboMVuZ3mj3j6dViLktaD9Q/OBkHJ+sb64WJ2d4RcJCESjpDgqGe726Xw+Wyznx8vZ0XK6WFBKHdr+JRqG2DNHY4SwcZqjETSNBHcfMixhD8mggU5Nk9sHBeAJjnE0xdNpSX8cf4j9XWh00mfQVtkkYYO+RkBI4VHwWM7QRke6OWcSA0BNSY4qDgLBabYEABTt+B0XtwQvif61RzXELCEeKkkxgxLNPbLD+9bKS/5MUN2+SfE+QUqpVtnAaE0NPtUhKj9AXeljAOOdZE8jGTj0aiuAdh+Rm9DvkfURbxBeizij+n0Hm46NWqqD76HkMDTpsvNJz9m9rM8VXDL1V61KMusQORBnUtMsz7XyS+IR0tcZBh6N8QvIO7svgXSjBbc14r3ZOnJ3Y9iuCBFtENTbunIcsRV0zBCgz4TAAyA2FrJYGp/zP7I1qXOUfw+MZF/DUrktbldsnWLYz6aQa5C0yNkztknIZjiNZOX17MeJbSEDslqvz1frrChmi3kWVp6z2FlxbhScYphv9bF1IPclzvVAQZ2S3I+92DijyxNw7eULJ3xJ3OcOsdDDDx4+e/bi819/8f777yPOYxYhG0odQiSjAUcQN5j5rDw+mp+8Wj369ePb9+/60s3m5vvf++Bv/eBb/+Jf/QLXj3JYgGm2Fvm8yWzSsHsvL5X1MeCP8kvyg917rQfZXeocHXYv5bwQjO/EYcXE2aDEKFcNf0+B/fMW5+FAAyT0V6dj20MZbecSZv2Sp163DN7l91wbXNrtYsvgKQjVDZ6RRmntcL0cMuYGSrNq2pcGPl+vJ5PsvaKYI33Ni4CWyNsbv7bEtzSmbnzk1ghcye8kp2w45BSLm2Tr/UTZWAIKfI2flhQW0VfnFccpyUwDnCfKdEDESAlZmcoKG4XyjJKMjD1MGaoY1DteDTk8Yrs1Gh3t3LY1SNS3zrhKnBmyshBKjcyEm+ROYkG2Rj1Sw6SQ61xNjhKb7ELGVszBFuLTqkEReyTYQ8BrN1uiZrnHdeu9+PLEdSM+F251wvXrvz4pvm99N6F3YQMpgqDMiCgbGFgcHbMzEZy9eNHWksBSTkMLQRemX1x2QdLoMOrr3pGM2nPkDxSotrhqlDWJxLrcBLQThXvpVTctHe/UG1rKYwWWiR1BKKksCW/VeoMdRH7X5szpFwRdCC4ZtJDb6XJ5fM+dPT/dnq+efvrZ8Xu3yyUi2fm3f/C9n5yeffmLT1/83uO7H380XcwNOa/gdOTE00PGDHYrsymUSemTMYvFwt27//TRo4vlfDp7L3EvM0ZDnpr+BOnA/MEreK3yho9/c0uPT4taGNNxFkGcAYmMYoiAWgceJaIPfutjFDt+9G/+5OUXTxBiWdItURKbzmfIv0QdV8hOtqdA75xBLBPEVgYasNuL8x3Hc2VPzNemwJ6D7spFJDvUi1uIYCxxxUkXQRk4MNElJIZfhWRDBGSRfIu3Q5PDPgXFhXqW6NtDX/TJNL8ICLnsdh30xxTI9Pie3HlshxEZ8+iHK1j9A1536I3xe93MvvMyRHe7UO7HwnNc0pBXphh6F/sxTkbeGtmDCIqiawSzp+IV/dlT4Lrz/Fpv0QeVwsJ4U/2f+isMWfQV3GMwYz0K9c1wmtKFSBdOavoxtDh6uRfKIV0/v2dErz1TaQvmOo1cXT/06SvZW5eUAOGXiDQwQF/Q5SUzCRwfANCHLszIdtub1sofmlDKXG/yd4cDA0ozPuTLxhjEBziw/vhOTTacGWzC8Sb1t92c3/rX//ei3Zg3KFm9mv7r/8fmf/5f+Nlyt3PJP9+88o3tuJQb6D58pRzAN7+8IdV5h8WbsUX2+376fTUP2vO9u/7tw9aY6vVAERfGfqaf+xoaqbm33RF6dWmjcFlV2P/42BPXBtGU5LytMtZ2N+oBjwfjz3qzZ81VwoRB5cjVxtpyUTR+iSEppasc5c+EGBkgBxF2JmfHnjforzeXL9t1pzpwAmhbXa/qYjnJYWr8GkaiSnQKMZmE9FCHj8Jvb5qBQxR4znZOMbA9oKW/2dZFVpyfvTp78dI1LVprj5dH06JE6/AE8kltmvNNvdq4Ve0utlntMsPhGTLbohI4cyan/7CRptr4usqNn87zxe3l/PbR7IjMvaifI8suGpUuVpvzC7ItoTatKCpr22lhjmbtNK8LqK3BWjVb3UnWI58DypxSTieBmIGopI1TuR0STlyiCOhJS4pxgoamaTmbcIgU0Um7xIyoc+Z8f7F88r1bYZVjYtL2MWOt72Y4nEpKnYG4cSum7mBRRW032dg4jc5WXQochZ9ZHh8XE4luQsekKXYC6zPDG0wfD3PrCiF9WXYM8gcdVjiBKK85GCJ5GJwT9sEWGXvTG3sUMpzvzJKSogUhjxdO89c4t1mv2cKusRyw5JQPZabJg4KnCLkTcDqVZEp9TG/ifRfzoye8JlEKkp77NrxRQlZIt+ULznacnuQ4thpSILHIpgAQLc1qhJY+cy4ojhSixXL7EgZenCpa18b+t8k8eP6peVvcTmQj0zmBhC6Rrtro717WHgkboplY2MeCA2a0ksNIX6dBVFw4te91ChQ+UqwLwVkrIsbOTi267nyCr85pBRGAxdmGUsxwmBOV8ZQ9jcbf6Ekj6jjV8/TWmkzUFZuot5sNJRhiZxEyIWUZ7nJx6eEVZF+lktzNyArAmMqp1xdEoInNElC1ThGoXg87nCak89CgmsB5tgiySEssLkWiLqYYPN6or4yFeKrXR2NLZGWE0viUtoB4ZLmaUvyIU0sX7IfhtIdwaCDDg3M9jOD3QcwYe9dX1PQxi99HwfyYt8oh1G73wZ4hOCDHeHN/Q3GYgQr4vbxt0Ffv69KwJ31uWD+CbQ+Gr6DWbcQ8sc9qGhsWGB+M3gqUJfEo6rqXPrvDkIxys4G9MZcUsf/vKOt81Oxr+2ncpkDggoZelE4uUGObLKlsIqc7iCM4aVCrzQbRkGAkvOed4jrFaGqlhjRUm77c6sLn2n0u4rqH69Ag4zIpptMpe3O2m+2WMMK2KsXFj+OjRY1LZwmP4za9SaUEXfN5sVpTsBPyXplIfUmuBiFglktof9cS/4doPW8bYO8yxXTmBgukzAd+vvfee/fv3/35zz/94vMvjo6OZtNZXOBupyXPByj1QqmO54s7t6onz05/+bNP/uDv/+2Xq+cfvf/B//Y/+8/Wp//8z376yxqJlkEr/+rs1bO75Qw0+0mgwQ7YG7ZDb4EBkHByXmiHpLjTNAStk1RnoSM2srMH6wJfp1h7aOwTgRMpe3HIOGb96or31548GP3dAy2QKDS4XjnnQTTtSbMpt9WtlZ9P5+NGn8EAABAASURBVOcblCMWaHzHlc4ziTWYTacT5DSEqYnuUfiLdnaOjEFOjgfEBtmW0+s4isTMvhrTCULTpvFVJfTZSFwymxHICZ4gKmgpPeDWbPFKUc4sMwEUK4W6ykjZUXwz8nHX4SSpVfCPURajowa7SbXBlBl7uUoEs5zoeuNrglRhj7wP8dC8I2dVtzlfOb4996ZcLJABAdstgB8c2f+KSkJOAuO+q5u/8ZJyitwLvczXWmW+CQMc3TrGBUOSsDo7Fa9EquRYllABm9aRg18xqZHoNQPuQYtmGWxwzbcES3nhJb2i0ifVCkAgMFgy792VixTelUUZw3PoOX/hytkMwa+1rc1dZjlaHVCKUyg4R9ut42fnT14+evLkV3c+/v3v4csffvfj548fvfj815/+9OfLu7cnswnFC51MBPcJfycxgITuQ5KRFAu2OZvPn3/5FAXs+WKxZx7eVrnyFfC24eprUPZNAgwclZJbMZ1TzUlzP/r4Y9Sw/OTP/+Lk+fPnjx4h/3Pv4QMS9OecLtA44a3GOWZBp9KTeDH0asZuWgjQ9WZtbry8DnxBUEoll8RzOkqXvkdGIfE2UV2Gh36+muQTUhotjLI2GwUfr5ItROq464+SGEfB9B1QFGf44etGum56TJmJDQcflTBAVZfEAHjKHvm+VTZMxh4mY3Dx8p+HMiq7PdhT7ebImjeHcCx+v/wElz0S+f1UPTZ0KOlqX5WuxcN4m4cUHwDUjHf18NKb/tfsTdfUFf3wu4RcGRsdj/67dwKZ9Qpf+xl2/IBipI9H55Wd8fXcBYZv9JerDsYVomD2j/Y1ZvXakPF6a3dwuXS7juIvMDvubnJbsKW/GgOAnMLwu694zbI7SekGv7Ly/gp7Gj60zz76AV5rmLEyjMlsyTQPX3c5gHbU4lAeX7cn7Js07279y//qDT1OpGTNuvxv/+vtP/s/oiD55vBwQPE3UONtV34nE/HXpsDbnLDDGz+kpv+6r+xr07aU4+79e8kjTLXTijdCEF7j1uUFRr+G77Cv7t4r4zVCc2P1o7VoUNl0B4vGX3wdremhNa8DH5eB04Ggdnm1a7JmMPp4EnXXXL6Ewgb57mK8pc4lvoMz2NdC8C9JbqeeJbEbPWt60hSk7UFfu/IGi7gzd3W1adyy8AY1+2seVVBlBONosEQOzKis/6da6n8cBftooxNWhlOZuG3TXGxXF69cVU98Nl8eL2eLGZpsWUlXtLB5dtqebevVxlQtBSkg+671Gadt5/zDGdmwm/X6oqk2qPEtF9PF8fL49vFsMc/zDKs06+3Z6dnq5LzeUmrhbWaawlY5uEmWL2d2Vla+XV2sUNvctBRfmQ26ZUb5VDjORBJVQoygfApOF4t8EdiJBiSeRA5k3i6yspyXJQUewC4ZgQtwMvCgnIG+s0JYXAGy/hoPvqQTHq4Ml1eNJhw3XK5EHwlJ5MGfdAy0ovwmVczQUbK9nKNqAIWFyDRQRnxvX3dzHXxwSekASdp0g+H063o9PdXzJgswGltJlG/B2E95kyisCwfwoHgeHNTEUAqCjHKhUAIhBLFJMSkGesuY0sQYXTifvEveEg1JaiKBkLHdy4MmnXxxtqBX5zlHRydbpJXoFDuMgrodRD+X4AgSYpnw0VkJ5hJiWEhIFODYKNIl9kbg2DaaNUfz54g5tuGfLniZ7I4uVSoq6FuAaNUDDaRh4w2Zf+ed5uih6Bn00rqJk2ASNCIaeBgoOXV/JBeDb4jc5oeSrFTihIEATB4nnLCB43+DblU/mNIITgBdgACxYsZcQvjvdr2OcV8kCrvlqDO4WyiUCqWgKjIOtyJLCRxBxAtRCL47PatrcOvxCWwEA7kXi0bMZ5SuBXmZkBMYWZ/FxYQCnBcFn3z13ZzJMbsuIERP2RgDtwREQx/sfLaRiCYceSVdl35h65fvT6ZcH1Tcl15nWG0X4I2/5O6bFD+2ua68MtqSzIu/3ttuDGUOW42bIkD14ZYX6KcG6z59iB7x2ktwGA/KSm0fFIARf3afXCnrvDbHwBJEBckmQ4327tn4yyZCSXnjOJEOp8FCfgGhveYEFmLDDWd6Jb8K0xTyxTI26YyR1Cvaof/yf/9PZMrlt2DfEHgK1K+wrSkGCmJ5OoxOMYi8WhthdxhihQx7Ujc8+wlShCVEnByuKocQ/WoIXyDWbi7JPfJBpCBUgikBDs3GeMjadc6RRnLpMX9wcnKCHZ7O6D98uQmv9PHdERnyNLCLqBjiM0QaF+fbs7OLcjK5c/cOmk8/ePjtpnI/++Rnp6sLme+6RSaQEj10vLNgbuhoUpjhjl4HE1Cn7RfCZUIEnSgKQM8wfOkM7VQZe2R4JYbS6mYv/O0WE/oXNyJc2qXDd/5bKB2d6V27EuLGYXJ4UaZAQp60SEN9UxiXu3aKlN74Ce4vTvdBuUb4cfIc4HBicfJs2Fo4S0Vk7iVGXeRtpCa55XKuTPoCrVdjhdFaMW4YOEYiEk3OBj5GohCZyDPZzpAR+ackXJ7uDw6MoowdBFcbY0LQjQCfvjNmRmGMtzkjB9nh0Jk8Te+fgF924ARekzqNC5RjFUFfEVBtD5tHrPhWS/IGWjIKTOIcLgVOnbDFjLe9lR3HcWoCLum+9PxwNRWiCl5KiEy3WfXYAURkISKUxiYLYuEV2xZSecYrg0QfHL4Lgqd5xvG0mNGH3FDAEnJ9ak1FQQU3yIMf3bk1mU/LOaHm54+enj57dvvB/aN7t6AsGupWpvoJlq6hg7iu1HVTcCTDl8+eCnkiP6dxejy4NH73xvEV9OHqHZSvFOUOS9hcptv0gSxGPk/ktKPFYjafIxv06umXZy9fEkosS0sueyDMRyoE9hrf91IudwqTW6AYlpsDrUSvMXvXZklHdWUD0j18JP7ju9fKDk6wiDcDjYjfvS5aMNlQPjGl+l71cAHCN5PIdH0u3Pcy7EiVYHKHEYXygM8cH39aY+fKvtpwnZ/73rh3HfbzUnDlwwdCle6W4UsDfwo7F5UkQ/9ut+kiogfTuxsvDuhe14dIENTTz4T/tCl9b+gxQErPEzIUWk/7mVw3/b71e2CSL5BU6M9npFqD9eheNLBOBPpnBlMKKbo2g1a72YaEdzDJle5LYB8g0NXkbiSvyS3YaaFjTaJsEr/HGilU9JBhd6s/lfEmDGsOqvW3qBmW3SuHlOs+Bde+ccOlDxvDmwf3YvTxPfXCtr4aNQ03CnQbJAXYAUhHiIL+O+NG333R4Apc2vvue8/GEhnNtPIOkHVEBSBtM6kN8e7wYjoOk/7ToTGA3vx0G9NEzAYwmIXIFIf3zf/iny9e/twcUoJy85Jim7XbVu7h7+6576+8cHPlZpp+ix18t2WfptEnn6O3BtUGF/2lXw75Pmh2cBF27qZvPxhpvUUkC1ffHaCGS5DPEAPsaWfAU8GeF15z0H7vj53r/opaY+34jiUfQOO72GQpmTCmT2dGpysSriFLD4PbSRUYbTrlWJP39bmZgKhh54oZXA+IPX2XGdDKTvkxGFM6CylZGkDaEAQHUJVOwW59SL/AsIXhz4QkgRmy0yYypb3K6fgT8hfb7Y2sv0D8S+VASCdJI5oY4e5jq2AS3tckCZ7jWyGpxp829Fe0hcO0OzoMiD9Txjppp+NiQh/kbgePAD2ohh1WIllWVCXNJmTXOPfpsUwf7ejREG5MaoXnwPAazpVDOKSuFdxhsvxs63qzXZ+cX7x41W6qMpvcXd46ni2Pp4sZKoMr315s67P1+Rcv/KqGhhOXcz4dMy3oLGDBSkHX+KZZr86qelNM8+Xt5ezO0ex4Uc5Jc+LaZrvarC9W5yfnZ2erde2qvGjmk/Zo6m8tzPHczyaNNaiNu7hYAS8VPlVQKpzppJyQYi3Pu2F3GMgaMXSH7AeeMoNbyuWBz85Qm1dydqAylzAnQPayZFGMiWsJ/U3QmRQGu3BYIJGaFCq8doV64+LplWjaENOVJwU8Z0/ZbtdbSmhSYW20muPcL4+O+AAb95wiQ1CYhmQvROWTh52SgscOzb9iKPuvQ/9L7x0meW+nsA8qskGvxHxfcZiK9cUFfpLHA6cmoQRItGSz6XyOwyd/hWyQDQAkJYh4naiF0piBOk4cPvRPHVAg7pTgwEDOFlKZzAMFpZ8RpxNxYhBLIq+bjWOSuXTB7SUNsQIxtEZRSk6Hgj1m8lySpbCVM3RJ+il6dXE2wgmpJawFu+BI6A4XnCGG68Et2GANCe4u1Di/SlxnikwMqxTgxBCgceocjhHCn1XVUpYW0usH0Sjo1rqjc90bQ5Ib0BVN3VxC2iDLwMq+F1nBsQDoj+aBOsU95M3tfcoAQggw03nwhEVtsYOaYagWmFmdnzfceey3Zf+kkgFmhjrbxQLRBb2OVpNiqojx3AVTp+tHNxm4s/i2cySS7EbpL5fCTEbnD+nV8/l0MUeTwf/E3n9G2ZZk54HYjuOvTf+8Kdvl2vtumG404ZvANEmQAAmSoBnQjoaiuGQ4S2tmidKS9Ec/xPkhajiztKShdyA4oAEIEgABsLvRvqu6fFe9V/V85kt3/b3nnFDs2OGOuZk382WWaTLq1c1j4oSPHTv2/mLvQIzVEM0x6VXAThdpWsmRswCYBUmOu5AGOZcYLKQGghQPh5PRSNQXdfPkRqewBLoub/S21t3N1u8HFqIDvMzbneYeb5EiHTV/Bg8SuIV2eQeky1hNNszlE2pfLZBvTZvwhfqOHb/meWGl0Lo80/RW3OAsYkRkLSNEK5GnyQN+K33b0a4hV4pkCTMU/IZ0ozMZi4mcoj+/WYrTOeUEN1FLChbAI2bM8c6jOTi9buuAoBMqLLdoBjKrrg5YIaVLZ4wUwiHOXyZhnNwrLFGV5ZTZbpAknhbv4WgkKEYk6Tu4HC1TVu49zWFQxXUCGIdIpc5zwQG+SO8WWEMqjKDCgoDdu7cp6Mja+pogljbFAitqMmGqYQUvgsQpzlImOLZ7dzdXVpbDIBYJi6a7defumzdvoEsc9CHiDUYTD4GxITNsruH5ZTB1txblFCPKSGNj+sD0BWPMzqXTBJ0ckGzNx7pQBjXJaj/Ta8ChM/80gzO0mPPs0BG3EOhE2fLBnglYjihSsXxNfZ43PC9iLEbUCYQS+4FjgYO4z8lwBRE0MpyniYRvZp40OokGT0ipKIkC/qcmtY9IzDxTDpqYcrQCEmWMMDJOCkYJL5DgOIPWU+VmYLgQGoPa66EGdEs2QUQX/DklZias5wW6LQhu7Mx6GuFcIQSRxkgfntJ4j9lLgBkZzGEUWM04YcdcytihHeeSO+YSAfNW3Z3+0LWZ+55grrD1c9AAIOxKsS/NxL7ILElqawWmU0FeKxuAGoSo9yJgttSKGkoTKT6xoabuVFOzajuk8IDAXQwR2LEknqTSfhftZxBq7vkElZFlRiC2iDvY2x/3+2Ez7qysiN/20tL2na3e1hb3ePfMSthqsiBm0hcU2vJCS1Dol6zSP9QNAAAQAElEQVRKUoJAAuQ99PO2e39L7DSarbazGavZgOkWd3uBVa/5UaCyBwRWHFdvQXhbSW5NKLEW6ok0zMjI7pd8LrpS7HrF9jedZntb93s7u6LfI7GfiSPwpDmfnJd6qtpxrEJMViIkkP3RWDA/cLRwUs3IKhcYiErXxit+rQ+XsbL42sxsDIp3tddaYs2shWPunMcvxKd9ryPidlAnTvwiIeWgPOyUy12gDMXAKotykeoWb50IrJhI5QErvp0b2KEPqk8XmlBH4KEOTabcpFY4XFS/MNsUhfXKETczN0HmfMWsmF0/ZM5bk6gT0+ThdImzjBP7CjqiWxSXCLilhoK4ACxzYCOY54WvagaELWIpcXC+dYeXXeidLCwZ0dVzE7EPwblQzDu4jWW5eVNIVmg8VmhEgGIjMUe0bqrFSumwUosVximrtLsbWKHaUB+n5qr29VHCUb+aNz1PSCzjdMIRP1z4G9vn5hbmNjs7JIsD5gRYkgkFptYZVeZJOXN28HCpy/rQCLz4vLx2lavNis+KQ7z0pEAw3BisOPvdacGYu6pAYSabaEqeo1Nhloaop96ov/bsP1tk/MVPfejxf/u7wxdenl175eCY3v6t7MpHeBgdEIcfcLfIF8cKJzTJFkrqQfI6wXIukjaf9wLKCA+oyBt48XNe9wTq4lQjm/nF58TUObLa4tG38IDh6E3PForAik/Y/K9rCUI1nTKvzeozXKhBeO2lfcbnRC4+rnLUC93ymqTmZfFAobhrLiwyDsUuRGClWKVFBqC8GFWSdpchVsmvNn51915ZGYtpFh6aO4f7LVbL/azAtRWTql2TyvVnUF6l7PNChHIJmZMgcwQhJf4ZjHLflLyWAwco7rjcdd+RBemX3OlAXSjbJHKHqamQLJPjW8euvWZx1VloUbLz0DLcpececyrMLJtvo4EWaoEzLhizmZomc9rerXyhrzAIKVwzEYsy29Pe7ZXi1tHu1wRLgqWMNMsLeBRtEhgdVQxGw/2+iLa6vLraXeo2Wg0/CXOPD6ej3V7/3vbenR0YZ+ioRohBkli8hMhnsZcxOrU8E7LBdDoWquEw9jornaX15Xa3nbQSdGaTZqP+aH93v9cfDseTKWdZnPB2Ap1m3m1ApwFJOMnTkdBDTcaiYHEUo7Y+Rl8V6JsDLRdYGye607FVOKlfmVJ3eQjO8EJRQCG7kcCFpCFSiDyfujLXjJeVxakgk1Ti6sK8K93Wh6rwB8hbUwV4wZVDGaFrE6rlwViolqd45k1IzZNGo93ton2ZZiNuJFKfpbyjeGR8jnOmxx6zOzi2YCEXCGzOQ/rH9dHUcvAcIAU4o9FpXdUsONYk1mQ0GhLMQnybiI5qtxMJN4mFriIMfN+ARWw6dInYABTqOj3o6gwIe2HaSAfuwAm4Po9K38ojsb60nh4URwQwZs1sKLyCzpeKJf3FBHTiHc3xJInESMUIeZDYD+aAQqgHydiGRJrMlJWX2czY7VBYE2OUgqvj8G4j6Eo79ZWoDzKpYs7eE3CEoAxTMcgGw7HEMaDKZpZSnXSzADe4EyXfsxYFCl3ANOnURg44aCqIdj/QJpGPNnp8hblBwbv4h2c+KTGyY6AJU2Esce2y3OA8UvTTNSGzH2NBOYY4ZnwC8cjWbrbb4p+EKKH3rhC9UJFxGUMuOIfyaDQAF4UkMXZlslxqx7ljZqZAYJnUakVNkXETj6c2m0kTZcIedjRTACnmLEmyZbgmVw7eCP/60gQLVRjrOBITY4RTYzAQdBCRWJWppKYbc9YbsjHFSxO2LhwIXLCgh1PdwczJ9MBIcLTwYITwQUAnUOymQyNXM4VKm0jGBRYJ7Pg1d4T4ithwm6rhS5jGTik3YWTSiYMjy7DVZ8o7Fz5VsxBRXJlkNqaj8VQs9uMx2VxKp1PSvIA0LyTJfs6cbKF4EF26nwLbPjIo5IdSlRFmlKNHOh7kPOSCWIiMZlNPZOiNxrFgLJKUSf0jevIorqHlDmOCcZBOGWTLJM1GO88GuHJPR6MxkX5DsokSasW3UKHmLFezlBIl6o8gRDn3rROhEw20xon6iUX13Plzd+/e297e3d/fb7e6IEkSLa5EnkDDZOlTX6p7xRoritjpJBcuxL3+eHNn54VvP//hT3xsPOidW+l87vs/fmPr3rVbW4L1EyRf9GE6HQmei+tRIBkG1U+uNgf0YoEraa7cWHDpRUKBCKTrFLmAgdZMLer+5sSDO/VKvVQzq/lRadVpB8+xU2fakB93N87cPsTfnMgBcmUs8IUWdZKyfcjvzyaJ57XHE8HIRWiyD0G86OfSQweZgiFhU2yrlLR2XLk3FbQBuBcqDgaQVuSggCUyq5YfeCLdCTJOYrsh2AMRe8YgRQCKR6ySdEWCfA/ZDsQTBJI7MspDAp5LCBpofg67LUMDGxjIZJGHnr9wtySYMzYaMjlExTwXM1uwdgo8C9NsJu03KdZGjlxpyykTTN1onI5GyMqGiIsBMBQgl6ffLU+sJ2uludkp0AWVHz+9xI8RaBwQt4sNKnmQqJG0lrr93T0EfaMvNjJKJYc0bYQQwuHLrsl88CWDbhYcFWg9wB9MFllK3KkiFspDc5cK9aQXPe12UX2rH8IcTkWuzXqnzjTaCOuRj/ujIBzESUOMeTHmEJXFMwQ4iiEe+931pf2d7f2tnXvXbnRWV9YSUZzw6lNP7966efuV7154/KHmyqrPQkGJJQZHlNPneFzE85T3MTAIF1EGMU7FBBPb9kG/19vbExeC+Tbsb8kf6twuOB3a9Y4aZqcXWJ3jm0Lghcj4x7hWlReMSU/Bob98Zv0RuShff/nFu9euiSF7nkF3dQXBnZ7ajBgegzue8rjrhM6RJUnvXkzQMThy4IewJrVka15gNXFLGXCzbSpFZWpfImec8jvjyGu4Yf30/lXGZ8YdJXM2nNzNRYFQmHGdQ3RaXWquiDbhXJMWTjJDrhAn5heYzlfnps2oEA/LjTNajh+rj0y1VMmNCwqm9uN8XuuRyAoOaevCl/Oat5a8FTcGBQfedfGYe1CL10VhCwyXQ8bcYUNyTrz62/If11OOE5Fr6600OoDNTd1Uv6ZA7ppb/L70lZsaW7iGxWBbuhKNlYpUqB3Yyh6Qgd7cFAoDrutAPRQYFFx62MRN6gfkopdv84UhcNzkNT8NHWcOr1Ns5foU7JZowVF3CoEvNm0ODIcn4LL2Lq2c8zlzXJXNS0+3at3KWKRPC7nvOigcRjOKY1BP4jlJnZwrV1tLWgQqnVlsviMOMqY80sEREikSvMoL59eJUqSL7W/9S9yqL1C8tT//X8FiwROihm/8yvTTPwdHDw82ck4hnESBjjYh3jqxwzulsZlzcaQysROug03spDZQbMFn74RQsvZXvnBvuXPHD0zqHTPGalqdlf7Wv2bz7g/M7qCsWeVXL7Huh2wup7dwAdj8VycUFMP2QKvsvEVOa8QV41F5VS6GTc051wCVmNxeMB1L5cJZ8RtmZEJMxwJwcCHyK3XMktOmz9EImnNU3C0uM6UvdVFxNBYGkFvh0otS5aDYEIW3KTqlJnO7Wk6LCniyVy9NhXKHR1Ym6uWzHKSfdMcmhNQ1gzw+mKK+e5pOpsNeT6gnVpdXW1GjFSRsmo92e5O9wWSvl/anfDILcwijOGwkQSMR4mMvwPN7cRSNhv3haCzU2oAn8vPmaqfZSVrdbrPZQNCEkCFmfDpMJz2JNJih7CNvxNBq+p0Ga6H3ajTxgQZOBkIjJSolhI1+jIocNJmAWmQfHKCMMjxj3ATJ7pP6IDwPJnTbcUOI+qIoRq23H/pKy0zeJjiKGNHgPzNoKKATi447Jt2M1R29g6twnhW9Nuvr0l5HisFR2yQaQKiWRY2VAtyDCGEWQoMeS3xMzAgoZVX0mfRQIIusNOmUiTdvIJ1aqJdeWkUjKLkK01YlcnWoVR1EzCX6QTSBGMye9L3SCKVJEPRREtjtaG4tTLgZkRckeiit79vyuKgXCyng1qwFPTe9Ywzqu7UQEmm6xjNl2uoG4RK4EfJyUPAOCQjyNWCFFSAgnrXJy7WNDXLvoIEOZL4iTelwPzevTGHUha6XVRG6GCZ6xRQQhCpFypQ8VygKzEsaUxHNrrzD0FFzrvZ6jDQ1pEvmxqKAKkOGtvCdzgV9wJvrZqfsPRT/o3ZJKo0YHttTNl38QCYs3cAQ2dE94tVp7XgBBYL+MLBZlF0TzxMTJGk2jVkXoe0lFTjJYMkVjhIlAok+HKW4Owxk45MnI+t3RtOAAu5HpiPtxUj1le/HzSRKEhwANFdJ2aR3Csaukekgogs0Tihxo8iYTaZkdEfBj6bargnoNJzppJY0TcMtweG2d0xXHS4GB1gkzoN/cozgQm0W+4K5e2RKQv7JK6KxkwkLNcLxGsrpTQoKGHACzV4RUdhVz3nCuFr6lOOmHE28q1ENmmp6xBnRLNFECWk3uAuStFmAg1VM5YznZLIIESe4Air9HGRKgCUZGOkXS4HPzGCnp+xANE9QeSTXYEmkvYAHWY5AQD+Y5VMEn8h1CI2npdKSlceUEfsisVBNLyWn3OgDGIulaaX9/XQ4HMbIakRELzzt+o45WkwVjIRUarJT6ToOTj+IOq+trp09e+a1165tbW4tL68KLkNUPJcnrY1nCGtjHsl0Jgmd0HamjM/E8ryxsbo/wPDGa9cuXrksFsEnH736qY986PbtX0vTaRQmWSSdqPAMmDKoq1RgjmxSdaninLFnMq6ZL0WTcUBxCTlCp0xAHna4w7+/ncGdKHP2PIVlBt4RQc/5o5WH1a7N5Xor5lrSAiE59IIsDId5ujmdiOHVCPxQ8AHEIIVMLNRi3RNMU0wH2tCFZkpmAJUpIDkE0WSJzyLwMz/g+VS8i6SbKvSrE4kxmYPvpTwV6njxekKclTQsIosowV7Sdw55KaQFG40ZkR0UnONeLgcjjjLMPZe8CcJncj1tRYlzhMor85G4Z2FjYNJPkPIOKD4ilBvatJBrtiF2mALCTsaT0WCIzFAoNiUh85GtRasnRvxCykmuRfPlDgBufIyVe/NBQylZ/g7AoHDpJVHiQHKi/GiKKkkanfZkNMp5io+Qt2VEPCTN8KSdG44uw7BllH9KO1I192SAGvKMBSKe0CYTWgfhyq4OrTEUWI0O1t3dUdBaf+LRHLZY5p3NsulwNO2PcPDlINYL3MUFaB9MlCJqN9cunN3f3B7u7m2+cWP1/Jk0YGsXzp155KEbLzz35osvt5dWzj/++ESwgwytv4iVk2dkLsgDrYyjciEZl3sZMdLWz569/cYb927fPnP+fJIkhst0mTbn2hGYwtxOcat/jPC2DK23nvYeL0eJrrSePrFffS9sJmvnzyA9Db07169vvvkmEqGHsrVzZ8WIFZyD2CpzvctldCyjpOs3KkFn68grRVysV/jcuIfWmM2P4zAbwEv3oKAivJCCMylJZmcjKKEIENqQaVSJxVtjYgAAEABJREFUNp+mJHuaDiivg9zCSgzWBJQKXtEOrnO1hQSLIwFwQSpEa3QWJnEDVdFAGYeyMCg7BWWOlT4ODh6G26t5LVi6LN64FTBPoBCb6Z3rQaHcW4e/OHbgCw3QebHUCNCvq3tA01dQHGjMfq7HhHpipeS8Ek1dc2f/rcbQAlUoaMQXrHclkZqvTo7quqk71QU1ZNT2VC2yatrUfG0b3J3UOpIrRzXSNpuI01k2K2CmY7hKgc0FmBTbqKD2qPZ3pfA1TXzsroIjfnhSc0rn/GDpHZQAYxqCN2dBdDB1cxJiYAnvIaHcAdzdadZ+wF1iX/yqSA2O1d/cGb01c8YNht6ySrH1ADFLi/rWfVvOFCqje+ERxosgs2qR3CnAZuPWzoFmS4SI9qEnosefXP6Zn21//BOwcAjvvzybDnnUrH17ojNg3shaOJOTLc3igddevgvCwTSH1UUrfXLAq0PzrE6utyuc3JJ8euFw0sFLfxUlKz888Ft1xw94qW75QQks+urIYd6e1eHqWO3LOa/0p0axZxNilaRZbSKs7pY592xOZGKBSzVSD53SnE44wkq0YIJVDq82D7WMsgLdoL/ctFahFZxIGoOibtxjTA4/aG45wQdcfZ8iO6wwMbT0W4MPjEUTd5lnxXHk9DAzH9pHlitePPCDO9zdxqCFE99hza1LnaJLa9Aqf55xfVifHsq3XAlGhUpXSPNGw2E6nQpparvZWe4sLTXbYe5lgzEfTXv3tmfDcTac+CmPpMuMuN1CFEggdcm5NIM/GnvjaT4YClEeojwa8cblc0ELz/6HooxCozqcDfaGo+F4LES3OUz9IItC1m36y10WBywSoth0OpyIGLPJWIgSwySKmrEfhdKOPR0G5to6AkipITfqJ2lxG6TjeDzKKNTbYRS2Oq0oRmcppA6Xvne46hbJnRX0psr1hum5IuPm3Fq5jrot9zN34Cb0hBk7GUIGTY50pM2GLJ2J53ESN9stiThB9ZM8P0nLI3HGOXUTgQ1M5xHyg9linNiM1qyyKnm1jiXwQUnD4pBTJk25SAmwdmSTpal5i05JkkQ5tZFGKwwOAKBefIf+X/BbpQcAdci+fmujYR6q5d3Sml/mmFHhFowlpYASsKHMmpAvHxlDAR04ajECciKjbZwoQyZOAA6khaQbUxKCnKTSnAloAI3OAWpbmzlBPdevfOkxk8BIWgGkrHQQvClLCXqSUY3AKR5okgdK3u7qHcGFXFQHtulxnKDYBGgZH0En6FUHvRRhM2k/HL7UbFK2zlJbYDik6igjZAxafJEjRzVOhi2P4JIYIVniH2iMEfUitZHpLDMCoTQkdDsbRzmZBJ0YRJGcbgiesYVjmqprgzhBGAURaosFncEKSx0pHde3Gei5wBxgE7UDNqy0KIPdITtFmnmYUX1T9KSTq6WIjtJxTYNUp3EDWwFOBdZ5QnECA/BCD9pGKIXSw0Plji7lXDTmUQLXanruUIPDk1IEvnBkhhs1kIlxnBIdNxyx+qa09SsLP+2im2bK1UqreSfJPOUGAWWmLzOHM2X5dJc5CxJ60tDERyx/ghpNEOmRTRFlmpPnCsaVSwSltcXvnJXFcHaM1QoTnWZxfO8Ru8fUaVIyAJUF0vNZHGVoPykdj8fROJamC3yJSJWgEo8ZoITNj1QGZJFILy7iq1arNZ3O+v3+eDwRGr7Acf4HxRXU+OxQCnY5gbWxE4/BqQxLIjtUAEGT19bXNje3trbutzt3L1w4L+hpSmsbaK2p+ZATD41qeCRMLBWqsE63ce78+gsvbd26eeP8hQviyzjwPvXRj7z08nd/71svTmEAQXM2nXjhJEhC1Uag1mzuipBLKhzdXfKvGC8SEow4AOa7jBTPFzyv/5YFDlC7+XHDgqwZW2zLt9AgqSETZWHLQnSZs6pxGV5WJQDxDZI+iF8xySLRhdOU7eWTYDJp+6OmH3qECUVvITFORt8Tq6cEEOCylSJKSa9ieqljqHtlSRjiSExTliPPJb1gKUhv1ojF6Iwg25+kuJIC6uRz7pGIVi4hgOMOl3eJNaFE1WpMmP2cIOq4hGcKhC8HGg1ajCdtIMmSCV6WzVLfm/nIo0sXepJTCLxAsBpphs4vkKWjya7GraBx48FA1D73WIM1EXeCJ/q43VwyiSrxFL1xekyRjrpxcWLsvinEoU/eoqDWE4+wz5LsooOizurKZDgc7PXEblbxqdJmiWJfFX0NyKwfDgVIjdie1Mu0dGgbJCwXfcXQjWUUewCG+hZ5XHeDNb9BGJlUVayYXS9AUqtsOhsPhmKcJMBCtP3n2Z2Lx9prK63lzmgw3L+3tXt7c/XiBbFtvvjY4/vbm7t3NzffuLV25jxEQc4yFnhilogCe5FvIFqFMshChkHQaIpN/PLmrVuCvK+fPWusIMrtU2H/U9pyWHkHlBOHEwpv27h6Z4Ta6ivGwO6fJecleifw26vLjzz1pOBXrr3wwr1r10UCYrvSXV1ptFsSb06njCTaTm+GbLq8ZF0Ak0W3oLwi31iUoNQuK4uyLWwRBaJFqNY8NZZHQLN2ruKac15Y5RjTMhRNWLULPw7WNglBHBWXS3SCg4MjUQAUrk1bUD6caRNulLObCIBmg5lj48QWkRVOtnHQZpkUxWGKjChgs8WdKE2uo6ME2wVuGlDqlpLE9fBOrPLdleQO7ktmAEOV/Czbd2x2125KmHOrXplumvsRVEc7d/ELJjaNgEJrsEL0YtZOptVcaAgWG5azor+9Ui4HhwOiLZJCsaYHRaPiGd6EVeri1rZUHWpGbXhM76HUDsAsqXUd6SSgsnOIowPcl9mxuro5qXFrfKhqxMYtyUHtYh9Uy7lgn518OCTjY84yZjF2DArnECz1LSat2tvplHnlAQPyqysqm0fDyuHIs8TM6EoMzubMPz5HK3MQ4StEKJJNZ2DO+9aNwIoGo1TKdipqC1nAinoAVlfeimGm8miu0rnCTOCF4vHo1kvswLXcXz37yC/9Kzh6wLMLN1/OHv5gofiFvzWBz7k+digkeFiK/MEenmyEujgn0iRHDuykM56f4PGzKjBSFeLDKr3P3q7WPJlQQ84WpKR1oSRJ5zD3riCDdxaA0if1TVtSEc3J48S7hdW0DbHxB37EbEz3ouajakJsztsKNsVNlFU/nRPTpHlIh7OaJ8cZI4sxSrWLMmV62KeVp1z5nzkgsMNesZpoTPMtpiMcdpcr+xdul1vHOrbpCwJ2MhBQyocV0qELRwHM6zqmcnVQpOK9ywRX13z7ktyM27jGUYhWpdpEaIbmnM7gmUxIownSAoqIIWRik8EoHU2EKmZlaWW51W0KbSr3h1u7k5390e7+tDcWiUTMj5tRHKJvdhaFIEV7eFhQCHrzVOhc0NvJdCq0sEsr3fbKUmtpKRfa1TRPR7O8N5nuDvo7vamQDTdi3mx6ic+bEeskfqeRCbHcdDKajIeDvtA0C7Ec+pRpJn4USFm1h/JBdRBRtYXSQQpxJCMJM/dDXyiCxbdCsYSljIKkGaM1b19FIPlMTR+DQrI41Ixb1YbKsTpRuGl/k44tmBOoy0j3P51MlJEJlBGxuNMWgvcELbI0seTKmgWx9bo4athqKYYlPubcLz9BxEmllraaB2BNQOm/C22CdinQZ8LM3ObSWgbZAiGYiTl3Wkq8WgAw65Y0CMJ5gSxpPwbgNjvoqcEd28OuJtuW3LmWLrOlaY2c/KpIAiLPkpFRjUBOAVR8+CqQS26lN9TFUPCSXKUpQVJA4BuTkXHWU1Kuu23rllz9FmEoqnbOBpv8NoiBJn1WzAhUoQpEBggIvWXsgKgjcLluUrWdMS3pFoAucnkwj1wFiRYIETIl/ki3RKjEUQaK0GOFo7R1J4aDCPEoa4KbZBpxQnagqb4IN4kjX3uZosGjaJoeJ5SRhQdx7g5Id3iAQeSQ6xzH1xKNJeA6QXlAmqybSDUXAmtQqRbHWFk5JPRXDO2f2xIBadlw4dHjW41931d+lNA5AF5wbftGN6/nqTP/nJnVXm8v1WKnKlKuHVRCaQbVUgp+6LZqscArqhk7GY8b2FFMqhBiQX+pCkA3+sIAF9+5gefl3mSHSnNOMGibHmAAJQqIS3/IYpAyvFQcTjT1ZAW4KS1arcjEMB9PkRwJDgDdhwmlIFIk6UgLIR4cXLZYA1DAaAzoTYESGjJSKn5gV0NdEaVmFissR0MDgkdJ48hLZzyfiFk4Go3DKJJ2mTwkRoK0S9wJ6GPrrKi5USpG4kGFKrHVbE4n+/v7w+FQLOfdbtesRuZsccEGPuLZyO4LWn3JZmnmpwwP3L8Vw3J1dfXMmY1XX33t1ps3V1eWG0lDQy7JfprFMnPE+cnFQrEdYvFORfRz59fu3uve393/zrPffv/7P8zy2cWNtR/+7A/eunf/tZtbQq/KQRC4sR8ngmjn6B8nFFyf0asxl0yotQy9R2Sgpq90q5HJP75m9jhYZYztBTjloMdd6b4usOpn+s1bOXUPDy6EJIeFRhzT2xE+5y1w7buHIRqe8GNZHvrjnO9OR/cns048g2FfrPi+xMsHEfoRkf7vpJlF8mYnE+CaufPkRBEpiwW3wWIcm7OZL4aK56MXHTFyAjbLA0FYxGxNPS7G2ExwOYLdR7YgBy+QI02OGgSEIgckMjfEgEm7iAimkoRBrOtobQxN++Co5AqIhd97aKkFMmVvDW3zMTYSazR6LpHMn/TmQv9yJByZ3q1Qu+UI6s+Q5qE1jsRre0GkdpNahyIZRnyklCIUlEYF3pbgcn68juM/jWA3vEwTWKKfYgx02t21tclwMsvGzEwq2crKUh7zkdsUN7k0kyO6wEsduzGavSPqjaNOWvicziRDH4By7APS0o3hFahYiwDd1JkGRsOOW7RvOpuOevsIlmK+2JiKba06/YBj2OOT7OzDV26+/Npwr3fv+o3ljbP+crRx+eLmrYvXn9u9/fr1K4881j6/lqO5Jy8lkGKYByxwOWkXRCKGtCC23eXlQW9v884twZevrp9BW1YSE82UvQTdfKU6nH5HvzWk+90buNajyvU39+Kgtdy9+tijYrC+9p3ntt58M0vFvog1Wy2FU8PRrk5O5NLQUw1jVk2/QsuVUUU4cnnhgYOW9TM3NW5ley4frApqbJwQOqPo8oUVzZAogmJ2AkqTQHwmK7jDAQ1HUYmQc0gwxk5An44zwA8Grm+dQqmpWLJ8YCAYVpFo9boqJZfXpUws7sQuBgb9Umh400pOczkYmGIzskN67bD3c/Jb/Ovjh1pDI/aOLzCCuYYVQUHECpqVAaefC+mZZlcoRwsyKnF/BasncLRQl1rpwsBd7PNjZFSfn30+TxFf/hpsgzicsjPSC5unKj7EjFZmq1Q0dlK0FA0O4sS0CTdmi8ByVMW8TJcUWCxbjEoucGCzVl8drw/syDt2eJCMjxMUDT7KtC/SYvsQzLpzmEzm2LuouQPckoFy5Mr4OssUp6wAABAASURBVEbyNsxrqvJzdrQ+WSD63KpXaQavWHuqH/96isV3XoQDQ7679frP/xG6Xvtzf7H7mR+ChYN3+0ULOqnnVhYKxx/iDxhOJGN1Lmnx+MfO9UGLy06tqQ9I+QCGhhUfnljx3rbxpAI79ssjBTvr5zIXalLy6kN9yatveF1OUNmF1kZevOn5gU+O1oXljSqrXpcjlMxTVJOsJMvsc+f/wnNWjl26Z4UCzI9c/3WhKqz2u8PSOUao4d7ruCF+9Mz4vHpCsaXA6DXVA+40BXea3UCmnXRsy9ExNlN+UsbqLaTuUKYgJsTVEudBjDM3pjULPccYcwdrCa2i7bMwKNWVlf7OaYb5wWk8h9XmjiaVdKVkPYI7ukfgRtYtv8vtoahc6VnxoZCgTgbD8XAkxLYrneVzZ88ttdr+JOejGR+Mh29ujnb28/GsmyQo/he61jj0Ql/6b0+F3iQUCh4PRqNRf9BD/Efkx8vt5dXllVWRTEdo6YXqYDacTfZGs9542h9Nc55GUdaKs+UWdCNoBBB6Qgw9Hk+3tzcnYyHIBaH6iRtRs90IkxiV0QRLl4p1KwmUNrOpo0lWK8TAYRxE+A9dtMSNOJBnF8mpu9ob0QZJjZbc6Qdiorln5RKOjJH2MtrnqdNvOShbrqrdtd8T6giLJxB65cl4MhmPhXaZYAroSCaOk4ZQ+DSE/ovcszCmTWLIkcvL6lOqKZU2N4Uk1RacflDyk8ITSzwJVKFBFLlxi6MseUhcAtkCAbIUIqEaRlhqEtEZ8TpxqP2VwdMFMDNQ6Su4NiViSk62JcwtFD2bkL8q6jayfAF5plIg3YTnK6BJQCZZQvKQIlEmzBRYzSyZEiYiAWASmqWsaCgbJ1nGHfCFqbKLmzE+dEyxfTQBbnWCGqyj7SWjclSdNEbnFbNsJs1mqKwzgpgw7TVI5eI0riLB3Kh+oGDgxGhaZayclC0eHu8lFAWLk0jI00M6uox28bGHEcuSF8A0pV7A52qoAHmWMf50xCMDMfEDMs0vZkrAimZpbFIyFU+OKi6TBYMyke6VMj0fuR6pme4vV2JvhQ9yGybhUbL3A98YtvGo932vNG6VPhkskSBtCIHJSHMqSjIeD9Gpx3iCeCBDjbWARmtj3f2gRs9wyOsZtJoWrg0q1WMxz4ulfwLcyPGT0iPC+ZWPXc+zXFnehhMJC7TJglwTd0FRyhqGqQ97gB3lwgEbPDdsDNM8oOan1ErI6Ii2D2pXnBOqjJMOj/gpMQ3IxpKccUIZjIf9Z+PpbJqKa871AU6eaz2fhHgw6TwDg6dz1IfUtTasWN56NFJQrpWOg+TS4ziLBakSjEKWElh3IkOUCO4mIhqKcknpacMyYCSVMa1iBqg07CA0QI1mQ+jOR6NxLJZ2wTBJuoDGnYy9I/2LhQA0yECaCnJ5hpAXOMWAzmqk6YUojNbW13Z3d7e3dna2d5rNpiivxFQq2mAoMyNLApqVlDxYKkj8cDq+fPXCeDK78cattZWzq+cuiAXzsSuXvv8TH53+7le3hrNZ4GFvjwZxK2Dor4gr6zCGpXcoLN0qtptrH03SjJ0E5pZbhf9nneU7LxBzzNQBaGKZ0LMMhPk4ze5NZ83xOAySZDzxpS+TENBmWSCX9DziMxkkKldNdqYQbup/wR2LFVi8StEsUh75CAsTKvzUy9LA5ymfejCFfIroFeC++CjIkHsLNLcvyoIQEwm3zwBXbhpZyhsfkRI/RNJBSHzQ5xAkvs64ZeGEOxHjcjIcYkkaDbKvSB58mJxjjKAuOZFyYjez6YR7g6HgIMW/uIlsRFHNouqqFSaKL4S3JThU1TBZ8FZNPdNoiuoAos/E4kK4k6TdRIzSNJX8rt1xyabMCfnNcXBwaRGUDPfpZYy2xpgey7RbDUQ5T2cQIVDarS7XBmYWX3kLSG1i58jKV55NxnkQh1HSQFduMzH+xMY5hACXGTEaO+vLS7trO7fv7d67f//WnbjdEQzm2csP7W1u796988rzzz7Z/kjcbaGpHC6ie2SB0V1W5MgEaRoGsxMPxSJ06aGHX3vxhd3795dX19IZvhILnyzg20w//zMNPzio/STxRmIDkvgt1nnoPY+K2zdffWXn7l3a+K2dPSOEHTm5iALI0L+SMSdmCZgKCt92QK7yp9gth3fSg/KltlR1jDKzHnZMhhaCoXczJMDRTmI1LkBRUiXvA4vqcCa5gYzodBW/WYMpYQVjJ8r6goqjhIbcFgnst8rkCTiOdSz/o1ugAJTWBWWOCwpTM91ojJV2BTaLBXqlGqf4RBfHAtArn1hUQX1+rHhQv5QXQNmnUE04fO9UkpG6b6wa1RgU4WoaFEyS8JLNjgJvWujLSlbOx2pkGDsaNrbbzbo1iqY1DN6LF4ESOh0GNeqfRXrZLeuRggbl1IBEnOTKSSs9PoeCCRMzD8G5AbvIskJadcW1aDGVQ5Fj0gAX5iTAq0525vS0k4v1ZQ5zcEOFu2pRj9XWD/Sh/d6E4yfkjrOaV4bAlF7pXqj/iNmzAgwqULki2KRK0pQHtSPIWeY1pe7P+ilWjmvntYzBFuvpOXPSKA+KRMDe2klu3rlJHUCsa3I8gDA4bQSVcW3nql045yC3AML+XTgwCL3H5Lmv0PX0xk/BUYLXu7MQaTtqWAjEsXDO/IjPjxxOpQ1OLxzlcKD+ZLFBPi/Cwc8XXyLfheGoRJ7VXprA7V8GZcowP7rzxOXQD2l1F03F56ThPuXFj8u/pxQqO1SmnzvXB3xd+qrmDatLHurf6n5hUCkKK2fDnAQK2bP6YjOb/OmEw5bmOYEdmuARAyt+7ralvjfSbrB6A7ch3SvrNwVAH5FidnzwSjR1oXPUMk4Akw6znaTWaBeMUux8cCpWGC2srtyLt5fTuFXWKEVP6LmrPi8VQtYAz99LGbAUf6FKGtVAaMZhlmaTWTqZRRCsLq2cWVldanS9cTa+3+tv7Yx290f392E6Cz2vGUZC7Cs0AEKcyyXCAzW7aEAhEyri0XQ4nI1Xzq5FQvHSbXc6rQht1Xt8nM2Gk3F/MBkKBcR0zPNZEmatCJZbfLmZN4M8ZNlsNt7tjYb96WQihIpxM4niOIyFSij20EKJPJqlqBGn3UauTDVyfeQaraFIqEqcNITCBy0QoLbap91PrrcSjhhR9UGVcFEzHtQ/WhpcbnDqDqZhAaTSFpUSDxFuMkGf80LqLTRTSSMRBRXCIjxcLY2byFKmaucphSIaTlFStXn6bKoHFUEEUwfYTokTcmmmhREw7dpJ+gTJXF2+EZuHcjCQTQiDy3HhJmwxZoU5fLBLPpg1nkvCXgUrMOAMAkaUtkZM+2FRoARlDEjBHQjShN8qpAF6igmkvoDsbKg0KUNtyIR8o4CxYiItEgk1GiVrbK7oynJDFZgOAOD+2gvCM9SBThjazM4UVoO6AA2GqO4AJQD3aNvnivCYs+NRBVL2FSgCr3YATSPGlCGTIIiYciKPlk4ISKQpt4Ri5DlVzgCA3H5GzxLSCgvqpjPV+JQPDRjfwE3kL0NxuwLZuGZ13KBAM0TiSJckWyQ1DnSUnSg1SHSpOA3OTJtOIY9eTJ6FFp0uNK2+tK3CZMGoccgKTmlLZtwb6Y61ogyuipGPhyOy5qLgJu4QpzYqI0tK1MbIlfGnSCJOORx1U/E2hBoEXoHCaMIK76TgIk5oaKqpyU+AGaynrmVZAmXmxs0Z03pk+4Uri1HzALWsuULYMRLPi7tZOhtPhK4VbRdN0eCS+E9wH4jV1FyVqRpzOR2Hk9aMM8n5q9sAcH1/mHeB81ohlo3BEl8qpHkcizKnmTKqRGaHxD8yoaTajOAW4PCFDivmFkUkLahhq90aDUbTqeCGhqEMmWOIyS2SdqOBABuyeoaH17OMOdDIEw/G2Yeo4dLS0vkL53s7vc17m61W69z5swCOoJW5/DL3pW4GxyMatZqJbm4k/mwWL3U7gd984flX3he3OmvLrcj7xIc/eHd77ze//A1AbWo+HQ39MPJjD09fK3cYuucrSkci+llO5k5yafxKLp56Prvdb1AC1QFxusHkxk8i2rssyMUf8nlvmaULOD88P8oEUxtAFvH9rH9nPG55vCHU3l7QCGezJIt9H31T4fLqR1GIVr/SXHrnkVwOKEk1084FJIocR4FYRSOEMeGZ/jwMOMR+higCxG/R0smJIoG1mE9cGnHQLEOWG8eXp1ELqsMQCCLRrzyzMFKZABpUZBIxjZaaZEF9EYeBrxxjMYKX6dbIJSMiXURpX4YohpVuVsT+xPPRaahniJe2WAYAb/WQroTyNrKkuDn9ScfAmF7SW1jR1QhC85Jms7W8JJpxMhsgnFlBIIE6mLCKSD2kQTqgxgfzr7ABkDb6cLkS3T0ZT4ggo3ceXVGr98WP80MXYca0dlpx0LSLI+9RyJNPx6PZtCUGz3Q88dIsQhoXoO2dKIBpvrSxOhmMR/3BGy+93F3faHY7Sbu7cv7cYG/rxqsvrl0+dyF5VEwUuZHypY9Wn7hks5MBZEnlGiJ3pxLln3SWl/d3dra3NpdWVpKkCc7ODexgY1XZwWmHt4F6vxuC6gi9j2Xa7mKQxCvnNsR9mMRvvPLK1o0bQrgwnYzPX7kcRBFunArSq4pEavGmLm09CoKrkwsMahWbRvhSI84grRy3HxMQwGA6GNPqSabjKKvHWoOnndsYsYEtB1PpcwVF04hH7XtHM0cKUMDNnoJBDbjEbOyV6ps52jy64IqntTIpbtEveh0wMhSbk/zh1mXPArgTlXyh0VnxRalXeKmnwKiGWTn+HAMFtlnnfPkggTsbBu5Uo8R2sdrPDoqjYnDr/wVqbSE4w8fAWeYWo5BLTRlqrG5UIkI1JX3LF/y29LAap17JXIljN2ylvUJxp+q2kpmO8kt+DGMntmsqnWGmDHMV5mAeFmvEDWGocbIDMGc8zYlSH23+h4eE+lF7vIQKg2zu1FtgTh4QpfKq/ED1Jq/5EA7Mmc0HmRSluKXZVp6nzN3V2oe8jjaU7CfVzfr5Ja9rpXIKOk79+GCFAoMlQiWEFs0CPf2cBdNJ6JC5XsinOOicueLOI1UK5s4MPxvBqQUvHcNxw2Ej+pQDL/2tfXno1/C21+PBAzvROhQZGn7UxNkpNejCiR5V4PzA68ADJVBZpHnNTX2NeO2TIpvIK7+1rw5Is/iaHxCHz7k+JMzhgthhn7ADYzEov2b2U3XHSjHL8BVw4moBOSwU2NzSsMqTeTEPC8dmfxZLlleaoRSh+pBVuCGo8IPlBRKKhkW41UnYVucmJnNOatI2krQmzOlepnQRwFixCpSyRZYontdJU1WCmU7QA4C5/c9KQ+k4getkCoyV3r/JoE8SF4yL6ohcydw4GE08/maoDcIwnQlVEE/zRpScX904s7Qa5l7WGw92evt3Nvc2t8e9QTOMESERhmjRQIg+fJJdoMlrIdOdoP2OMfovDyFZbcUr7UZHaDAwbCo/AAAQAElEQVRaQkiCxxHTdLI7HIl/Ig7nE6GDiAPeTmCp6S81oREKkaEQmox6/f7OjpCZJO1Wo92MkoSsSFAddD+RGsI0MD6S4mG0Bx+GfpTEQmrdaDXjJBafk8ULaYmEtu0YX9o/8Oih7UowEVSn8ppDYNJbvTtupUIKGDhHUJgskk9udPDY9Ei0zVjUj9TzsmyIpwlCISISCuxQmclQwkxFaeU5JZc0Gu01KNLNPT0quTsiTGwt9DjxBdZaHzFoGBpREmLCqeJGdEmWRaTOXiIRPDWzXNhErZyTO6H0qlAaUtxxM7S5BuLYQtKHymOR3quYrF3vNq6PFfo2jGPf2GYRnUW2aESlPHLEzlz1MCaS5daQhsaBSSwL2UzhxnmKrTU3CxSzWg8JjjEYBaqqL333gDUibts/I1M6EtiEIIbM2JiBPNcNqKiBzNAVMhNxVEVRUAeNh1F0RjWmMekioTtoV15MuCQJw1jadcYSioEtSo+etuRs1Z1CwgALOjEWcRDXI4jQhKx95HKCEn5FOV2ixjcAFJm5D9pEjaTSrCCtoHoQ/sdBPik8kDwaqhoHCqPUBKosuc4hN10S6oN2973AV7gl5kgrQU01pieouzJhebm2vENKB6HVnkxlNylvOqB3jEbUzLR+3Axud14wdYyohs1Sy5kzp/hR2dxDgzMrTXhHKg6YJqqmtIViHsSivrXBbU8DSqNhA+DQBRPYQmd+jlEQ+1dlaTxveAWmVNmk4Hb1RGslCO0COanFIJUYuNlMTG3pIUtiTVK00ZOpwpM5C80iUS1zxaKxsgiWGeWfjg62O+v90QQFRIiM75F2WVZHXEUsEnWYzqZBOhNzcTYVhGgSjkbSDFmgoXnE1NksuZMml9wEFY6IVLvTEfO6t9/r9foE7LBtirFtuS1gAs1hybUkzbLZTCw0cGrTiVm4Imu32hvr64NLg7t37t6+dbst7rsd7lS2yIMzWl1xgApKzmdx3IynQXepk+eTPO1de/W7j4aPxEn7wsb6Rz/4gdfevPPi9RsswbeCAUpwkUD+kWyXuIUpGK1iRGw9s67KieARLZRU0YAu4V0XDM8E7/pAXVaGnqBxCZAWJOSUZLknu1cOpxDZ+/0ZYtlb2UxMvLHvT5NkxuQCC9KSWYjG//J8nNNUzVnGlRNKYlNoVNKCLZIdp1OO9ttYgsj0AL3kAJrCyESEacpnHNFLzNdrcS7hdIzmWk5ORtRcoIFn+QBPwmYzztXarBggJl2AMYQk5Fy6AMTiicjhbIoUQ6LHNTeaSRMbyLYgDIYTIA8h+4IUwmgkXXhhelHSYMTbae7MtqeVNLC3cbHixmo9WNb/9HNVfw0dRswb0WLf664sTQbDdDhW9gLN4GB20yg7UfapaH7BkhJ4iYYBM70KSl/IAftF3geRGAAB15swo6ReyDSI6SgmCV2u1MLEOotyzqajyWgYN1u5z4M8F7tAHHge96MgzaHRbS1vrIpxtX938/a1N5740Ae9Frv4+GO9vbs7N964/cbr6+cuJM1O5jNpakesrOAHkV/sEUJtI0qBqQXs3KVLYm9w98YNcRudTUB1YhGxV2Ec35Fc3fd6sMIbINmNepBx6bUr94KwtbJ0VcgRovjVZ5/dv39fUDkxI9bOnm00G8y3nj4BLF7KEVEdi5Jw80OJFJ6fTCiXyyIVOJS5QS2L0fpMV62NsV3gBivYVVCiPSK2VlNt7Z/IawBtAcl1mkMl1MZOlKFEppVyZiPNmItC0BlZEkUwBYeu1LQuKcO1olHt9xwmWJk/oWSNPZZya6oiWRGAjmU3/HNa31SmGG8OesSYYpk3tljBVkvl5YLDqDIO5sUrWrtw762pEq7HikkbFFgQgLmzkLurr4M2sgnWFVP1MRQi8MUPD1SKQbkzqGsGZV2uNp267PQAXPwL9QLcd3XlsEJKgKKxE/u5mrJgJyVzD+WQHt0BgzFWfKj6wzF2wgrFMezKAWU1E6/eyY7ba+bm4OE3vzWOEx7k28WCO+sOmoGsZFip0JGWnPByypbWFTOFIuGge/vcUJhKmebSlsIxxGIoNqMzPAv9SUOpDlpmer9ELcolqV+mDgtlmmuqMBfFV5OFS5r44QUo131espUPSkAUdeFnMzi14OVTOP1Qtx3nsGDgR/5m4aRVbF7/+PjB5fHhQcKBX7MHS/3on1fZxxqu6JDwYO0BcDpS2bcolIiAwxrNQ6Dy8g13X/C5UenBnKmzyHjnjuLjxOeHCeyAZw4bx+Z/yIp/mf3UvGE1n5kHjJUel8WyrP4zmxerZl9fbFapTm2XsznX9WH+umI4xCqLq/8eI2iWgxVbyE0fCtyeNRnDofiVbkP9FSv+BcV8EpPPaI+m4pN9ZgUrYaqTuASUEFsqzyHJIulonJJmOuvS+GCsprtYEY8wp8UYK72pROOadSgPxTLPo57R/xWVpH2Ya80vGjWh46OcTAtMxxM0zQuQJI1G1NhYWlmJ22EK4539zZt3elvbaW8sGDG0G9Jshqh+DYUSSUjOhBQvBLSrwCfomAdmY5G0lwTxUjNuJY1Wq9loNKN43BtOesNRb5SNRGZo1TeLwqwRs3biLbVYK+JRKL6fDkd7m9tCICbqFsXNZrudtER2oawPWb0nx+hSVID6bFSpS4milGZLw+tCQ62d1AhNcYSGuz38jEnwBqm6SduTK8PtUCKjWgFEuzFGqBSmztnyUl852yhnE268qwih+XA4QpjNmCxPCF1JnETd5WXRkuRthEm/JNrODqeOMgM81wa5S0I/biaDtkBflIJyt4APrtoopUBAFqohKHPRSulA/lts3lR0iRhgzD4pS8PmB3aI1RPD86rIZNCE0C+kKCWjKsBYISluISKcfOhIiIx2gpNbxAO5jUHkgy/kz+RFRZZfasTkFoWwC5my6qKMo5CVEZWHwZdg/uowLR2F5ab1CtpT1W5MB3ykPexQMMdiubajgwrdNCXkmRpvsm1oCHmKGjCX/2LS6D23vqL4fG5JfSXbxSOjL3jY2CPQSYwWiaJEYlDAMzoXVuL4hDYaCo6XsNipdr2Bf1B34xm/RWRAJeCOn3qqMx4/lnclhzimJQluhKacJKaOa7s15NjIjATtRMKON/dWQozCpNkMpC1/6n1p3YQ8aWmJkFcwAcHNiUTQplbERarwTNQ14hdNKUjECdhCF4YBdwKlawqmki2uG1JvyyCv2zs5VXZ71Lwtx1+YWyt9e6rqiQcjZTTy89oXJ8KbPmAoLd9QvJnbrLUynRMJCmTBDc8oH5AVf09FMOywcuiFvrYkM6UmOoJaJeYym06RSKZTJI+EoTHT1nP4TQc3JiYbVz7juPazc0CQWkXmLBk6pcCuh/aHOSQAF2AvR3dgcRzjoXFp72SMHnaSKMsI7AZ0Gr5AhuT/hp9XJA7poyhLs9mcTabj4Wg8Hvd6/RhBeaEgAV5RLGwbkBWweIKWC84IoHC+D8DJ2emlBUK5+bj22SauwtDvdjqXLl7c2tzavn9/d3ddaK3QzEOR7ye9PNVUOfZiOTp3SNM49B+6eunrWy/4QX5/e2fl/nDjwhKfzZ58+PKPf+aT9//JP+9lE1GG2bA/80IvBj9Cbg0Y6fkRqKRyI422ljTT+mR4IwByGiFNHaipAegeBRM6wCqM4RIKvBssEGooDmOHU4sD0zaS8XdcUNL3SoMVLhw1Cphu8Zx4xB5KfLsadJ5c+HOJCWNMzKZmazSGe8N+MJ5mwRiYn4RRLN4gM+HjX8kAIKaEo3klwWUoV4U5EFcEuVplA3kbIe1J0WkNLsw4EtIwEVNa6GBzxHnMIJWw1nwmIfLIFQJ1LrGwZPdHECsmsetervFM2iMjLauS4ZXLvafRJwhBxcwlb4GUDhlGP4hjIw3BWRYEgqqAYsO4RKzIHYPg02acjZggPQEaAPRD6Yer2OzcIYl2Z2i4MQAOsOBgXiQW05vJundMl4wr3vIABv0BWQFuENCGCHFPrQXSvIfkt7y40eysrqRik7Xfn04Qx0jofV0TQuZSw3ty3+hLB6uiMz1pW4rUUoy4c2MpCz32TISk2wtjz9BoaepKLl5mqdZ1rRRev+acFdSVnNaHTAIzp6PhZNQHr8nR81rABD8txnqGHt94wFrL3fF4NBkNtm++sX/5Umt1OW62Vs5dHO7v7bxxe+fKVnt5w4t8L/dEbME+QybtMTrQaYlyzyXQHkecmFONZvfsxUvfff75m69fE3t0sdnnjn0/WRXD+6l57tTN7WhW+Oq4gTkWqtykTpWPfItD7Qp+6CdubLnFAY24k0kxJqQpgl8RooQoDASrde3FF3tb92/Kg0XrF86LYYumUw0n5JkWlpgp72TQyhWRyJEDK6oyq895WdjlwN70F1zH54oDdBqQOTo4zaHp3HjhrVY+W3wJOL9KKU3/8aqxEzOWXXiKZmQ0CWAAVneuV0vmWmDgyn8EFZczt4rq0vkLLgli3KBPKlO1jDsptndd/CPEK3Yc1PvdsAzyQcCUainL4YDVrjJUtPR3ngDbgRoU9wjlZGE+T1R46BzdYXXlq76yi5s6RAJAtmvmJXL4bLPQqqNOzNra2UudLitGcqogL5ieUfXGTvTUZLbtS8osCygpl6zQ6sZHi7FpAg7ezEw0tbjYGc9LKMpC2pVW4xXPR+WCVD+qNn39+Fss8ON+eOzACpwNd6EPpVfuRXHeMt0LdUlrAkG9x4t0wvHgVfzA3pfYTlZczSoikdr+OKD/6FnJ2EkpoiL6cHAq4NaCuGWqiorsUnwOh1BeViFTbsHKn9SH2lHuzGT72BAkwwQ6AC03kbd+fNaGutF2ahkd9uRo74+R5WEv+VvSFO/mwN6S4fLu7IeFpvRCIC1ec1PULnD7ywuRCq9spos06Ak3ennrxqqP2dxPyhes+A2rpMucO1bOppJPJaJbuEqWJo/ahOqqtCBpP/UVoC6D46w8teloVsQkW2g/24MUz2ppNZ+tECemSzkoq5qg9ScUX1/r/KwFFFbkR5QtE66yKw4JJQGg+2rfQqWS856XQ/U1L9oFrA4Pkm2YJlN79rygw6Iz9agPyvDFbJpms0zIYdvN9kpnaanZbnoRjGZ7d7d3b90b7/a8aRoxL4jCsJHkHsw8dM2BtopztGaM2uBZNh2NZjyd5DMeeo1W3FrqtDsdIQ9MIIJhPtufTPvT4f4ItSpCPBILaVoctBq8FfEknGFK6Wg07m/vjno9IRtpi1J02nEzEZkyae0YlJzBR80TpxNj0qJGlssjhXhuNo4TP0CLC4nQEyURGsUnvVeWO0J+rk0TOC1nuDrDWDukkaQGNP4cpkaNRQdt74laGFMKpFfu7e1JgxNpGIWtTqfRTGIsGKqx0VgCia5RgpnTEOSgfY5rCsLN6SSHEOusmVYkFRZPlxOHohFoXn9ijZVJdO1awkvXXCn1NXJDLRLcgCJ88HOFjsAm90g8riEyhdT0WLXsc0mR7VaWvWKWGQAAEABJREFUhjKBJ8zANto6AAUGoOrLa9+gN7j2w6KAJtK7CmERUmWXBT8MwgCtaggtgPiDOgR0wUDoE2owiW4B65eFk71sgn6kubKiodz0cO3ZRwblbqVQvcqtQup4Pp2KdF96eiunTWbgH8KaaDMhmRJ+kV6AZF6qobgiU7luZ9pA6EtQFYJyYCq+EJejziVAVYsQaQYRgXIYGYDxQyKPTPW1MfFC/S4zJ/MHBJEhOEiOcwW9zDBlCAc913gE95HGZaQiQAvGTb/KylMFmSk0M6J9iUrJJfRHdq6cleJJpjkeVUumt1E8J30Gly6UCFpE1cKglM5ob93XQgw1ZPXhByslIn2ubBlfuhxDXyJSlz0jSw9yyKWuzykA48zI/rpLBYeCooNpZBvoZcwAU9Su0t1yO2gGOKEwL6ljZ3EweKWaLJ9z2piXhG00qR071ZpEHJ9NqhTGaeoF9p8m93IPlbqJO8yK/VqJL+z9IgWG2gKbX0+NYJMdUyObWbZK5cwKo9I5WsSJKMvJSNwFOuwTc3yG3vTGY56lQGpbLq2LMNAriGZcmCmSpiF6zWAaPQyGyTEnSBV756kyq6WTuaMgsD6WHK2pyo3TKgWCosVRPJvNyJCRIOFTae9EcCENSfpz6RXGbUWP2DBl0sDRJWgS2Go0Jo0GetgZjfb7/aWlbuQHzLG6DgrEoWqfORNbFEDQCd+zoBN3SnBwJGuHDgJLr2wHK10r3eQ8iaKVleXz58/eunVra2uz0xVs2DJCZJRFFukrhMvKghwNhCqQhFP8w4Uy9B97z9XxdHp3c/jaa7dnWXj28rkwgo8+9djW93/s33/xa9sjocbNB5kftf0EQtHIQruPFigEA4cFRIQBkNUHAmZyNE+QE5/Fc0Uj0eGOp8B1udEvi0JltPY4x3JVp8slV9IAr+Bqq0JialquSncO0R3OYe+Zw4Sa9wscR9PWzA4MDvczNyxCKGRP+7bGrPaixn5zpYhioKRUQc6VZk63veiLECHrUXNPrILTEZ/OgA8Tz2uKsZ6nwBJ00hd4cSMRkSfjCR7fx8Hh5ZJL8Fkg8e66W6X1GzGt5HjkvtSnMhYi3ITlGSrjp2L0MpiKrc9EcEponMeTMDem5g7XjBIG8k6Sk+k8HE3SJhInBkFx6p7kE2RliGUBSCUgRmwBpqOxiJpkWRDHjGw0isLgFJnm0kej2jB6yrgc+tibpZPhUDAbhF710JKkBxZTTKBUYqBpO0tJcKdvF1rL6iJ5h0VkNc+4w6sfexU9aCrp/axZ5ojAKqiPtCuJ8CAuIZB+d2UZZrNtyYIDMZqKSKkyAhqaoU9wnCirNr62ZADE2ylMC00VjUXPAolA58qbpSK8mpl2ti6OjMKwJrly6EPLgfIUpRhXuVams+lk2EMDJT5kPM0YDmAxyAUxhYAlnWY3XZ5Oxv3d+7ffvPZQ++nc4+cuXdm7u7l1/cbN199YOX+pudYVvDLIAxi0Ewjl5oEGGJO+WgUnHMhxJ6ozHAw73aXLjz527aWXbl6/HqH/2TijkalXFLUwqHoVOtkz6+ZJBJpyVdwJYw8wqg4Mi6R8glzyg4SCFs1j+ji/fKVf46ZGUMNGfPGxh8Tt688939/euXvtuh+HK2c2xNYFD9woLg4Xbo/pRPJ5hxaPVVTn+oR7jrmGSYBXAQlKQGNgBZp1lsyqY/GXE9eoBhrXVkKUsRPQ+jQCjSjYiqKzsuG0oVyDKXHYYuvIwxHaaM26ZZtlfIUJMYp7zfFaTpcDs+WjQpqYpmAAugQ0Ww1bbLYIpXbUqbEqF6Lakbn7EVbS6tp4oBrYKSAUszTYGagrhL58ANyJKoHDDhdEo/VDu7xWVe5rTvDbp6aHOZQ8wnCLkVZ7MxeWQFPVoklKrxabL2YzYzOd/2Fd3HlxDkniwMd6R3jA6WeH53VM9BRjmdFjRpJuISOxMpMbFGQENCHX0VgRH2CyNp1njVTQQ170EWgmKC8veKqQvLz5gnL/HTa85j9cJCw+Vk7nezcU5iYrgRdZmS8qDj/m9EIpTbBjgJXoGUAtTYNSyuZXh/o+cX/Bmdn137hfc3ZCTVgc8E73OJShZIoJbNkcOygF0sANOohVWqt2lh5edTObShfufKGMMj/0stOyR5ILpZQp0AKBL/zwdAM/xptjxuVvR/2qYc40PbxsbB5jUpfFg5SnwKnMf87diVmL0H4L25vVXZ4QKVokmOUYCjLimmjmD3ce1EdzkismXbjm9R9SJG4e8ppP4eA+O6D/mBNh3pbRAg/mvGPF1GqjsEp8N1nmfF6JXkmWlVM3z1k5xcogYuU0Dir8iQ88/gBpcrdiFFg5gln9WF21uMN+UFLPvO+VKw9vXbk6ungFOt0ATijs7Wc3brI3by1df/Pscy8+LXc/jPJVGRc7VvG5TC27lSmnwAzmK8Unq4cAUDdLy43lPFZ5VgaH86w6/ZXPGSmuxFOGXJ7jskJTFNXlJLbnMJvMSM0Z+VEzTNbby92w2ebJZLu/v3l//8793r3tpbgRRs0UTwyinWkUa3kskyoGIc9Np+lYyI3H6D0mC1FavLKx2l1bQYcxQSikzun+dPve/WF/jLgQP8libxqB10zCpQ5rxmNIMw/GYyFwHeze3xoPh812Z3ltrb3UpZ0Gl5p7XTtPIk4YCWNzsjYrhNNBGCUNkWHSTNDUQhwKhbW0vkB2UXJSRAAo5IJcnL3imDPzTp9s5OAqehQHyDzqTnP40Wl/D23eiv9mQss2Gw2Hk9FIXIhXQjHfXVpqtpqNZiOKI+WORMn3ZBbWXbky3GB0qby4RSuKwniRZjrjRA8qHZ+bJ0XqaTZvnqx1mZ6bTLlpPCWW51LqTrswTwp6bVuRvXOuPAz4XlHLQ7LeYkaOGtAWrBxFJkl2PpCz1ugQ0GVz2ge1h3R+mwa9lZ4Q3IQMXRAwSPQRz5WNEwIKCA1jEARxkviB8nlE+A+3TNI+hwR1cIUx0nY7lK0ThbIwJkxy7uyTlVDbyHhLslaDOKHgvrWtQaZNcqmwUKANhLmk0xnGlIgy3bRMD2ZFmEii5YwXeVpUjupMag9Nv1NWmlbL055SlE2uc/BfhGgM0dqm1LqPtbjOIEUQZZKTVRksXqYMfogOUGVjvgT6+GEcRVEs1JGYirY3g2lKSpVLaaALLyoOEyWPEx/OENsxIxwQUy2WS+EPjkoD7KB+Qm0DIzPJVBRf+vTxycgKWW0h2q7Bh1wPLpoFlhfgufKtocab0JqNxuPRiKxJ5ZkdbIXCu9TIKloKKmwwB3+5/YjnTuWZ0v27k5xryzY2nWK7PZCAXdHHQmqLJFga+Yd+UopQEIbWUsgas0/ueWle3Vq7HhUWLMbcWM5NdXWftx02Y9Imw5WuTcviXLbzQUKu28KMHsImerZ0asCr4a0O+EOuW5uZdQtoIZGDm8os4iKyairxVYIxmIlFMeXkyionlyie7g6aUaoJmG47+YTWaBVJDmPH9Qo+9dS6jFBUWxapa5NMj2/tQlmukU4MM8qO5CW61uRJR2jgyMwJ+r5K0XJBlKBazkIOi2HejkSSTqE4b7Q67dFk0h8OBv0+8kXNlq/arrDw0Q1BW5h0HoP+tyYTn+eBtrPCDrH6dVgwJeWFwpsJLEjvmY2Nvf297a3tpZXlRqOZJHjMnytYn6J8ugF1YmLhDCR3maXdbvPsufX+6N6dzf0XX3wxaoSCqxRs3qc+8pGt3d4Xv/miD4hORvjAbBp5IdfgI0wo1yoIbrC0DMzqa33R5ei6RS9pnBsNTg1Lp4PytAf/OSwQjkpiFKdQfWb2cviTa3GppiCeN/P9geftZjzJZ0vBdGk0IT1UzH3pFzNE703iwQTXTrEmZ4jzzVxTknK1B8JqJGEofidp6qM/LS9R2xU/B4SlI6s6mbEcrTGmaJEvU3s5XP19uTXy0WUFz9FIkVQ1koE8Try/tKyYW10YV4NVDkNkHH1fOs7JZ5MpMYSJ2BA1G56y0gYsjCbpiJgDnuV06lHwUzSsZ+Mpg74sBsStZsgSURzisN3l26xh7kYaTl4IcIRQ4FFOODC93zVKO/e5UwAPG627siy6dTIYEhpcl0ZasWIES8wldMTP0qnYqnG1PaaFTTFOBYkV+sIUHFsmhiIxW1wyn8yzpw0OpccOlVf6LyZJHSYveO40m47H0WQSxBFtU7HoKfdZjhyo5zfanc7abLjf37xxc2l9Y+PSuQyiS4881tvcvX/z9q3r1x5dflpseqfM80Pf7G3QrKQcdJ5S9nEJH/RpQRTRLl65Muz3b1+/vtntXnnkEfxEoglzOS/ksPac1mamzXMt2TilcAqj6O0MJVb7QWpH5LOiSpIbV99PWs2rTzwWN5KXn3u2v7N388VXR7u9jYsXO8tLYYT2aLlmuayiiJ9KP/IF6ZGsy2ozubrUvrzUbsdBS3Bfvse0QpgrTAc3UBGuWSM3ToEiWwy0BQIUTJc4kcy3+rm6GY3RxN1+f3Dr7tb1N+9s3d+TEhKLNVEMEOguUcfuwdF1u9mSOSVQxzuY4T6JInDlFFYlZbkrCz4Bw/dr1pexC5cvPPX+9zz65KOr68vtbrvVacHbHfr7/f5+7/697e+++Mp3vv6dm9dvgKszLgbN2ut7Xv/+GKE0/NQKzdWieWFt/NTl0eMX05UWbzeg1Xj7qc14DILx2e97d+4137jV2tlr6Y0NMzvWUuCOBlktkBWdstMOczehlbZyb5mbePv8udWnHl9++OF4eSnqtMLW2z/e8tEoHQ7T3u7s1o3xte9m25tQMssAxS2lHgOmYrx4iFMxdOww3ImbTjGU+4vDjpe8wTr3vKU+BFMWTeoxvm9piHnaZtOlfHiF71+AgU9KA2e+LTj3qtEcbr8czcoG6+ITCfSEjPyhx4ONC8nZi/HGOS8M4Z0ahHxxeu/e9O6t2Z2742uv5mienQJ3q2Xi1zZpqblKcVzeUlNLXhJsuQg2urgTrr7euHwnuThk7TRopgyxGmrZoB97ss3s6zmJeJhUDpHeRS9G5i0uUxI/7T4vpPnX0v/pGXYbTifkQWKyM9WHkwv7XrYZ8q1A7NBgyvjscGHgqYcwAyEfSTJYnflrE2jzEyQdJ8b9Nc4vLz1xtvvIRrwiZD1x2IxKHFcOlnNy8LAla2z2eYl5ckpsUyhwdGorrIk3sNFgPOxNdrf7b7xy99Xnbt29uW0SmTcND2iJaiudSLvNeDzhjRlrZWKr50WcyZO1TClaPIKYa1UQFlKa1qejMvTWk/s1z74le9EqvnxrYsrnTMd0tExyY0ebY0+ocyET0rkRH2zxvTsw2i/Vu7Ti8UMnI6+956UH87/k1YdXLp/90Psef++TD62vLS11hWy1CW936PUHe/uDe/d3nn/p2te/9fIbN24X1awlLozZp6wcBeqYinICBWACM/8X9iTystVoPvXYY1fOX7h8/sKlc2eFSp6i2F2Se1194lyrhN1pWnx7aHWtp98AABAASURBVApzU5apCXn7nTubN968c+vWvVdefm00HDsN4PJ09aH6ltumOSiO7gi5jEr2bnV950//hW9eukILwInBTSgsdf2lLjzzVE+MmjS9Oxz+tZxfgQcIQvnbH423+5Pb2/0vPX97c39Yg4qdL3NQL6r2S2oaS3ZaabfA3WRow67FlWQMIcuFHgXLiYePM6EHEtogUcIkbmysrq63l5PcT/eHe73NvXtbva3ddDhOpNkQ4m188X8m9s9SO5tJYdxsNh6Ps8lYcCRh5DfbzXip21zuCH0tnkNL+bQ37u/sDwdDIfWdAh5h5JHPOonXStLIS1k6TqdCGzscDvd3t0V6ndXVlfX1pNGgakh9lFILyx14aiwUEMMj8SVBnDTRbj060wnwSUj6iFTDEmgtclqu0F52htqNWJ0SlCtjJ1p/rwzhC/FdLhVUE/GXIwBgNhY65uFISIEazaaQBojfpIEaK63Aqz+S6vamm/kDyqkWCeXKVvS7XK8AymqF9j5DLmbkSU+LlHAVyaykCdJJHlKAmsCc3rEPaz80mkElbVDQJVvyXAtmjVEQKrPoIzH2hNQO7dBIGxWiZjmhC0Dp+7i0wE4ID0oEbenoxOXh9Jxr7Zjtu+IaZNpKKRUcVabCuKjDs8xsPEiLQeyV8kJDvmkQMSNtq5Dt+crQLQ/m+qPVXBtzKnS+OovLpTF51R7a8kckQSfYUGTv3HymwRaEf1DWaISKh+MhZWluhJxrkI0ZbHapUZVmZUKya4LjyWOmpwqaVrPr4tyoFdQcllpaRHqhCw/lwoZrz0FKVuhK7gCUQomSJdskqlKIq/HRc5D0o8Qsm+Y0ZCUYWIrMYiZV16Ik48Ewk/6DKGuaO7VD94CZWOhHXn1/UFILzC9KtTxyqnFOiha56ZQ75cBweDRepxLhxesFjtG9BYFrjk1Tj2J35/b4PZxYyxdXnxr2xDlYxMgcALaXxmlZcJVOQBPYTPqJkLbTUKE3nUzHE/FHwvByaZPCkbFo0+Sg6SqYV9qug6SCrChqt4V0SqzO/zuNiTGJhngsoCkc2BJ7zGUMVLaKBiD9FZxEQpaR0EhSNplOgtEoiiIiCgDuJ+qmQDTNGTr5UCSYJEm73RK0WTA6/V5fsCrSIYhnWAm3StITHHU5UorpDEL5SFBdIOGOswPhD3BWGWV8nqmJ6g5R9mardXZj4+btO73d/f1OJwhWKGvdZrqJZXwf2byMdrNhGEzTzPODM2fW7u8Md/fHk+ns2muvX33k4W63Gzda3//xj9+5v5fdvD/igWCRoiBGGKAXEKpKVgTVwEzZNCGQkS+vaIPtSeQJmZjIJa5YbNV1T2gFDWMlVhgO3K28heHtJzinE9zJ6LqsYtYwoJl8lpdEKICXB5FgnPdzHnPeHs+6wzQQM5alfpBKwzkeE3xGHiE0NcvJdBiA2V2bPxLD5lKFFF2XhOj5yc+Yl4VI9yTXhuNVLM20CqMHMA8xa5zmFcvFOCMGTuSUkT0TmRtCwdAwhsRTKwsBRPgUk0ccG6L5OYGv0ulEfDgU8zxqJMQgg6hbGGaC59TYPcksoDcVaQ+Gz6Yz5o0FCyJpluA+AoT+qR2hHczclTRU++A/lUBk1lBiL2o082WhhxrNJpN0it6TuDY9JwOdKkGuGv0k4gZ2QoOgkCgaQ6KlQK1T0vvjjEk0PdEWhN5Jj6tmBzlvZhs/qYyEicqaHmi1uBK5ifTFjjFM4ihvchyjTGwmpzkE7TBPcUwura6OB+P9+9u3r7+WtAUpbaydP7tx9cqd167dfPXVjYvn186uMyM6lIsXkx4wZY192uow3OqIDXI0mUwEqy2eXLx6dTwa3bt5c3V9XZB9svQobfohtMuuNNwcnGGOac3DTSsdNZwoo/M9F2oHmUIx4ZDEDUu3denJR70oeOWb39rf3J4NxzxFQ2Xt1WW5juKQneWZFxCyg9r5VJSgZmocEK4sdz51+cyZZlL6kLgirlk0YxCDu0gRx7ilaRhXfgrgwDVKOgw17wziBKzBDfnbiMVcDJe77SsXzn7yQ89s3t/90teeu/7mHVCSXW6MnVhnOsBcuajCizC909CEwwH86PysZRMAcMA0YM6rA9hdL6b81Aee+rEv/MiVRy7BOywIaZf4d+7S+Wc+/MxP/7EvXP/u9X/5D/+X57/+nRKFZHZ4GOMftaP7AMpaIxSFOgiBG56+MviJjw6unHGxdO+IIESsScJXlrKrF3uf+FBv8z776rfXbtxeqtZhkWk1LzhjrpzGQQYcOKw8+cTDP/a57uWL8A4LHvqCb0Rra/DQo0uf/szk7u3el397+uY1Igo0800T2k0ZbRcKL1XgdqbW406c5Jzv67pJPHiDdb4VnN9hb79WrBQmLJhAcN9rvgbrPs/PQv9SvneF7yWQHvxhzYQ0VJXNN0lS+5l5pNuz8ciTa7/vC76U/r/zgxeGycWL4p+4zoaj7X/7r8bffQWOHCwvf5CHHWZ33O4ALIVXGle+tvTxQbRuXhsOs/BErUhmJQVaK0tYT3dd5QYYyRx0ZiXNV1tPPjM8NdBJ5xwsvIPmNVdzwx0/fSlJ++E7bn8+8wFNgAawHaevtqE1hceGwfrs7UetUVh68tylH3uqfWEFbDNzsEwPkeECe2SGsEGK6OAObeBOCk6wmBVWiaOHJMZJWknSilfPdR95+sJn/4sP3X5z+zf+xTde/c6tQloLDQ1+1E8WEWKP82Y/X84gplPstDXVrKGnOF5ekJnIc+GaU6SZ6DnPPfNLuBPznFkWkkgL8yrtzJQ0RrwMYhYmwLqsew4uvI+P9tJbzyH6pNAgrHIxp9143cNyvxfoCBRS5FBM5UPvf/xn/8APPfrQBXiHhU67Jf5dunDmw+974o//zI9999rNv//Pfv1bz72M7yqAkeIdKz1jhTdaRmQSqrJu+tZFnFB47xNP/txPfr7dbFVz5Q73ojdDwJwnRmtZz1IzUyAzuhQPQOPNvQawKYOTMrhYFnnc8cqVi+KfuBZy8n/+S//2pedfBTdnzbYBwIEMMD/ovS5JVcZAzz/5fd/6mZ/fRScppx+CoNft/p9m6Rfy/GfgAUKn0zizlj9xZeNj77nwW99+49996w2neraec0YilGMW26/M2NZtFJRElOdq/GRS/02mF9D6LkNjHNNpigatUcveaXW7jdZKqxNlbLrXH97b2bp1RwgrhIw1QOmckNmi1IJxKSOWG2wvZ1LjLZIZz4R0z+diwISN5OyFC0Eccd9PpemISZrubG2PhpNpmkISQByKf6wbsVaUx1HmsWmeDsejne3tqVDrhFF7vdvudoTWX4iWUU+F/6Wq2kq+wKUojJNEVgil4wQxMUJHFOIBYvKIQfOUzCLoiUTEVgkAa6dsgT4aFSBzZgVjlthKxIC49VKp255JG/zpbLyztSk18VFnudvpLrfazUBK8OTczaXuiM3xCGFXq5rpsJg6dk6yFXa/kgGrnNbL7aFi+osoaE7eZLid98SLamW89GBjLaifjPDQLESuUlYJkQ+rGnPARCjSl4fXM+VDBwNpGMVIEsOHNBoIgPAcc/YacUJtIf3C5Kk2KyJxHgRoyXVB3XZzykOshHroKTvdEl+iUSbM1Et9SMpUxVrJ812k0JUGPBC9IRskV9ATLASTJVQpqA6CRRvZWO9harKRmJ2aXTQNWjSJFOJE/kNwCFVCjhbjwUuNmUxSHnXwUnsdUtZH0owSl9ZEAp8c6ChnNOqcm5z+uYGM2FVHDy0ydo6OvsiWjHYwJE3XqGYx9bFclmwRifLh8iys6Sl05oP2mSL0fuUrBzqqOzjYsWfIAvOcLqNo5CuHe1JPgWRhNhkLRRJ2XG6hS55UbJVnpgs4oD95hWkzoxEczuwBiENteGsk/wXVpDO1F/yKbuj7arTy4K8hudWF4ISbUZdkXqC5wksEzr0tyA1OJvADb02gEW14SmfuGfGwlmYoRUCuMKzSmU42ncyUESM5B8mKEjNssbxgnqGHQFukAqujplWxf4uIFztQGddTlZBzjBxjeeR3D689/6//3GdBT1SZhhlAVjpJqZopmkoIGyrw0MmWWCQiTxJEzeAzI750aZMtrd5FMAkZEWzQeDIWyUYhGnPyyKi7k5CZCVz68MgJ0iihcJ41smKseii+qFCUxQO1ldMapmloURQMzXCEVhmkqadQ0nrPtJ/mAbjqBrlOReijAcQAkBdsa2t7d29/PJr4XrC8vCySjZMoiZPBaLzfH0xTeaI+SNAxBOGLaMONKxgv7mqY3ido+1Sqt/EDTaU97XyEKmWMQ3h6vVA04WD3OrppDmu8g4ljDcP/QGERWnziy8BRA2PAioyyU2q7+qr1VAmIMBKa2EODD+BzIYbxBL8ceL7g6gWTAb4HPsP/crG6Z7me8JrF8RxJFtk7QcwWcTAITsLdgLzJpEwFn5A/HcXQ0nZGDidufS7oEjs8mVq2wZBGNPjmmZGp6k0wKIUX02ua3N+Tl0R5rMijfQxXR96Zw9KSqlJtb4JAUBuPaQNrZhPCSlIIBtV2Pq1Q3jqx0vO6rcVJFYmVE7SZKj6A+FFkAmeSy1eLlxmTDAxbILsNN5NiFHgFKs6UrsnyFtT8KhPPA72f08OjUsJSqblJ2eTjbAbkGirhhQguieIkiMQkYJJvRiOZtMTGSVPws8P9veloIDbscbuJ+3Hu9fd3R7399vJSu9NFdtEjM1/crLvEZ3vYLNLlJ64mmDXtdog137xxQ6xNS6urgm4zWzvPEE8ozGs93oHByfGItTu3U+JBT5u1nZepIVwnFqyJLyV8F1sNQTCXlpfjqDHs9Xdu352MRoKUJK2W2tJonkcv5LCKFnygNxyCeqELDCcWqkmd77Z+7LFLH7uw3gollFZNFOXSRgskCjZOwCHT3OEKdEuA86ki5VCxkmJYCvmt/lXZy/VIAz5sCpy3mo33PHL56qXze/v9Xn9QVnOoEjjVVHMceEVpUQiuBBZ0ecGl7nYZomePPvXIn/xLf+xzn//M0koX3vFheXX5Yz/w8ac/+Mzm3Xv3720fEpvVPqvlpVjdH3XjfmBuHrsw+lM/vPfDH0qXWm/D3D9qaDXh8YeHl8/v7+37/WFMD82oYGD3H1BkNgt7pcovQHG8FW7L6ypR+aVHH37vH//Zq5/7gXjpXTDegnan+cQz8ZWH072drLdvNmAUzG7CbbfKIm5jAiu0s31bGZXVcXibtf5D8NALwdkxe+fa6qAgKF2PxTeFYB7yM3w4j+47C4Ne/AvPCyPPgsJrXpfTEP97rc7aD//B5U/+0DvZtMkBQRS79eTT4frZ6Y03+WxaJVaV6jM4kLIVIjvrQyEas++vJxd/de2Hv7v84Znf1GulgkYa5KXa/zLmyJXMeqPNamkkSlFAprTd5itwdBXcOWAzms0+u/2bsFhoft8PNd//gb1/869m1xYC60we/yxfOrNIzAWlXCJsednXW7PXG9kdgdA/AAAQAElEQVT0HWDX5NAw8+Fukt8P80bGGvlhC9kDCwQO+L7zyMYjf/TjFz/7nrDToC2Mxi4UQLU6nXoLJU4+zP01vBkUU6ikz3jhexsHCrgK6Cw13vvxhx97+sL2Zm/3/oBXKljMq3x9cDseiZ8Y58nObG2UL+fcV3ZHJCnw1LWxdKLlDMpluDpOAADa0omUWmiLJgDA3F9mLJ2AVmPUp++VnxRspfhx01+76i1d4NM+TAYL17J25PGaq0IDc+dRGW701JNX/+pf+MNf+MnvW13uwDs+rC53f/BTH/zge5+4s3l/8/6ueupwCZqvcFdJ5zm4i4bDodQsvAVRkHkuxAE//4U/8BM/8BmhzoLCG8MFATgWR+gJn/NbSsGU2dlOOXuZA2yfVFM2S5Pj7FD8CF3j+z/w5NnzG9dev0l2MiiOKUXdBbPcrKO7cNvLCA5ZgTPR0kTGfvjHnv9Df3RHSEj6g+xbz7Jbt8H8293NhE6g2Tx5wJ/vvcj5lPP3wQMEKY/0kjh8+NzS01dWXnhzZ5LiGXem578ZYk7lbdOYIUaBFUZmNdinSx3cUN0ZZuob6XuGlJ1CD0T60Ol0OhlN0slEKDySRmNpaWV9aWW12U14MNsZ3H/z1ubrN/pbO4nnN8JIVMQPfZTsSlsGAR08FdKuHBX40/EoTadCZdBcajeXu0m3FScNVJcI8dY4HfVHg/0h6qEYTHxgnUa82g1XOn634bUiHvjj2WR7Z2fz7m2RSNxorJ05u7y2hnJm3OZLcxFAsluQinwEbQAOUqG84qGYS0Jt04i1zxpxE0pLxEzL+LTRdtNKTI81xe+5px2seJyVvNiqMWoic6NBlw0wHg76/d7+/s723va2uGyKllhbXTuzsby60u60RCFJjS7VRsq+exGRUJpAzClVfX8vGFwdOTijqHTtPCw8J22XmwInEYpkSHFg+IGnMBO+FqZ5C8vUFmWHZNZKf1Ttl9rAikdtQZqLzuRhRQIlGKskUguWoGkT9Mkk5LsROTFQ/eH5ZqZyC+9ALIUyc6I96rg2VEjh4MxZfeGpYSDRFbTeK6yJ53IOOr7aEZA7GmUUhKO7B6ELHAvV5ZhMm6BoneyFcGWuAxw641JWZv45wTYauFsbTr/oRkeCQsjZUNRIxFzDthJqyIgswah0OB3gVA0FpK6l1pZeNqam8Ql0IlpCzPQoSchAkcwhcME3uQ567HG3QRV3RKWVDoYwI4n9SqWZE8d+pK4wOL9G+oDn5Alq5MWNJGk2G60WWjSQvnXc8hQHJKj+0skpTzoZgfmm0/EU+2g0muKBW0TYkAqAuWOYylaZ9k53lGeJQSTwnNe8cj9fcBZWglEaHjy/4CRCacAfPy/VsYVH7tXJFPdowXZuzTsHrlHG0BjQCdMqAbu7f7B6qNnPHTLAS+SAMjRsmX3MVOmolAorQppTBEYgiHU2mc7Go+lojIbLxmMc9mjXh/w6ISUBbmYgmHVPTh6l52PFAGqTJUsJzje0kCvdn0oClB8BxIagdhfnbyj/iVkcSJMnvv/Xf/azJQ2A0b+As0lm0uAVk640EF0oaQuX+FxcIaRQTNUDDFtrqScrdLOKJ8okKKbghdJZOplOecajUC027nfGpx49l3QsJ0iHr1YOu00tbAA4HG+cV0cVA0YYQFHxIfoIHItlPZFBLAXWroOmTkyCY1Lpso5Je57iFt2uRfFwPBZS8+lE1Jc1m80oDgWftra+Ok2zWzfvirRnU6FWbXhhJFX4WvAlbWTpxQt35qQBcpdGfcfV7Ff21gyvxhxm2Vk4qI3fLtDJojzP0bOj5N9u0ImZkHr7zMm2BFdl487WhqtD3KIvcP57ufTtKNj+0FPYI/STGYeSxeC+BG2I78Q2hhSHTEtIMV89i5khux7xB0ybgcYMPZpSTKE4RGkyRW7NbDIycAzG3pLZeCvsF+pufaaxse78JSkOY0xVmIDb2j8ouZrEb6kJcrkn9MgHChCIVqfnSYNyyGNLyy6eoZrM/npQ4OltMU4xlPkUS+3otoaesBMukpug6hpJ/jzqYFAWESbjiVyBCIHkMTNKtGsnbHlkrzOdpImgek/dykEiWTe12oDGCTHL5au/hT+lMldVBxyYWUqkJ1jxyEd7nQlIszniHxqCkiYAOXppTQb7e6O9bS8OOqtrDMVJ3kTsQO9vjYbD5fX11TPnZtlMWsaRexX0RCU22hJ66eNoQTSoWH143mq3yaiJYMfFtaD4W7duiS11s9Wi03LcKCpU9ej/koUAwx2wBx94pXHCijuo6ib2BPM67XB62alhyuzI8sNALMSCPEmUp08ei2fY6YB2YMMQCRSe4uIeUUkhIY3wV4NOVJFh3s2DBUqqFYY/9vils62G+1xVxHIyjm0SYjfsj47vplyycaJTZY5BEvezQgo6UZrjliukFDRapd1MNtZXrr15ZzqdGYIBCnALmunnBpdtVXP6rc6IQ8VAnTJ2Anol4RwqTMzSSvdP/sWfu3j1HXfQ8+CwvLZy+eErz33tWSEvMw+LVWNw0DBjxeiVwTnngVnSl9qzP/X7epfPvKWz/sFDq8nX10Zv3GjO0oBZmgvuX1bEP5QHldsUzmcO3wCVlO0n0VLnvT//RzqX3mXjzW93wjPnJtde5UJd4XJ2tvol3AmUibSzLStENe/d2O57+WcI4W+HD+167zgDJwcFxu54nU2vdZHvBzBnP3nAFGWLxCqNT3uz9uM/23z4PfAuD6FQYKyuD1/8jrwrEe/SjTteCiOP1ewU6zhK+Ydi7vudX1//kVGyoVQf3LFl4q6W7ls1hs0ZItobqVMBzloFvO4rcMRY7j5or3X2x1//n4PFCO3RQCeMjT/0BeYdig05wi54DPzrzel+8HZvnI8YhDqtF/J1oXozMn8tm6uNzyvveE3MIzRC2G08+kc/1r64DHZsOZxNTbqWa5szvLmbAiuX9pAUWCVOXeqss9K6cHXl5WdvjcdTJ+XCBRypIeqDUZuVH2Y82J2tSgMnQD50mKuSUGJQrXUwYlDzHFwhgBbUWp87yokO6EMF1fQpEnOFu276zN5QBvJHaMmafns137sp5C9weOB1g3FOSxsCUxiSrhEc/F1Z6fzVv/Azj1w9B++qsLbaffShi1/95kuj8aRA743UGEwzQ5k102/0yFAPWYGhY6XkzGd/6mf+8Hsfe7xQGla+ZlUUiJGoQJknLKXAmJt9/a9JjUOJ+yp/645nO4kBNjbWzpxde/abL+hM7Uel3JjzFvQ8AYdNs3F0VuaNebK+vv2L/9V1+uTO3ezv/P1PvPjSRfPv2e9c+uKXL21t9598z9jz3HapD7/1O97mZn7xwuExAafsy1n+UbFVggcOQmDYbkSPn1/64ku3S8PHzGw7cJiza9DDSHWDbaCDsuu00Y7OnRHBW+V6lNMpKpgJtZDQA+XZaDCYDIce+K1We1UiThLuZ3vDnRv37l1/c+/W3TDlq51uIpQiYeALzbKQ+4aekF75mCZauoBZin4jppM0T4WIo73cEQkl7WbYiFBFIzIRmtb+ZNgfCcVrFnpZK4ZOI1jueK1GFnijfDacTfZ7+1v3t/Z3tgUX0Wp3O92lTrcTSa/Z0qiKPT0rDa6TGAyVWEJ6JkoWN+NYKKwbQg0ulOARngn0yIhIDsp0vqx2gcQxaVmKVbS9ln2rSIc8Y/6K7gl5IOSZ/f1eb2+vv4//hGpZCIc7S93VM2trG2srayutVlMovOSqQlWgf0Bm/qWcE+qyc4paoBFQQlEcGkp4kdoPWRFe46rDS9pQo82RuAnwlF0KOkeOij6Jz6C10pwyOqSAdQU2lIMuCi0PUA86qV6AkvMTIiQj6yb0T9yjxQ4h1m00Yol4iAlxEgZ6YQZdU59ypEQywk/gEUoy4qN82RDUpMzk2EXbBs8aNSHkSeDpwNwztIVGYaUCzCYTVREyrKKP0gKRE2ouR6qmdMvFHqmT3xKoS/2jBEXfhuisCieaBGQkSSOR0C6p1lUFpn0NaAU6l540ZLNL/IcCnUjECdkdkcZNgkS2fyh1uKYRQEOdjFedMgeruSXVKCpxCWSZIrSF/OmQSTnVgno5No2ltQaZRNRhBZNmQ/wTdURKEgaerxlAVpiGpitBu0AinJGEvGRC6T5BDJr4N0YF/GSSSbhJnruCR7dz4RihqlesVTVWJ+A8jWSZCCxQLJcYwgOEAqdxWEyHOtW9dotkNPf8BPYPxw1qjSk/LYzoMp01oCInBljm4AGDIRB2GNeOHHJeoVqV5qWxb6FYFIKV4aAX/9CPDmFNBF9BcBPpsAxjeopj4bRVdA71k8rUc6m3W0d1W9yFMWm/hPgkpjGj5ADIIauhT3aY0DZHwBDX4dE5AQSdUEOUllciEUQuIVeqbE+CTsgVgiC9gpiJWkvwXcy0XzRapzQGouB8XfN2dCsXN1l00TT9fl8wEFEUJUkiPZMRDeX2ghkoDRjbbgQEsTvJcu+xuvG2SFD9atIgd7KiUqKygsT2er3BcCQYrVarpVwLWZKq6kcw3Jzj0XxyAySehjFahent9QRZFmouEUMQWHTT44Gguru7u7dv3EmFqjVIxIKMufoe5S/hSQj5BGUQzDOEH8iNk4YdmJHiadNhYKi2HUwOfyAL+zaATh6YDC0y/99+0Akp/TT5lfJIbocLgN3O6Ge4VEsWWY4dQE8QDAIEZ4i12ZOchhga6G7JlygMmg+gtweGjDHHlJUx9S3U7YIdYEotyGk8celmR3yGznYk7sOwnmB8ATm2CK0pE0KOk7M9sBTUcFeGDuhXSoZLZJ2IBplyk442BSlA712aqMpYyNRJixdgyBmx2ujdB5jhj0FdMNXmzExHW+wHXjBqQynVUi5FIn5KJSmuE/RXjnwJJkJSKS0nTUbjPJtRLNtcYMV2ko/M5K4StA85tQajFRp1lI4BKDP76pcpIzcAdrPCTe2LLcR1eQvtQsOTW8kIVwUAuT8Ra0wkqJ88VRFPJmMEZ7eaKaJJgnQ6HvZ6eZq2VtaiZkuwnFHgCy64v7nZ6C6vbJwF6ZETpKE/4pIlzoC2bOhkB9HQk3G70xG3+3t7jWaz0+mIXdCN114XrzrLy6HchAN3rVbT+PdsezOYv+LwA/rr4G6tRZbQDFqcWXxnBlZgvE44WXCIvyATgvcRi+RkMlleWw2TpL+3P9zvjfq9KGm0RL+HPlcHJgl0wlcjvC+CTgqZFP48cFhN4j/4zEMrSUS3StapbZwQC8TKNk6cc9iKTbKBF6yOW9kpL/kLYNpWiokBrqhVp1O0ccKsq0T8FTzMYw9fvvbG7QnqLaxY3KVJ6jk3y12pNYtid10sKEejP0xrANm5C2f/8l//xbUza/AuDN3l7oc/9eFnv/rtYd8OsyKXVNdYUHpWPwZZ4U1huIrf82uTv/JT+2eW35Wko5Hwh6/23rjZnEyR99Zrv8PglpqNFdrI4esLEarxWWEM423r7JmP/KVfzeLAlQAAEABJREFUbG68K8eb32wljz45vvYqH4/N7sa2HiuPOL2+2BTcDcQiuBNzs+vFvxo+PmAxvAtDn8XX/dWNfNAEyTsdMh9ryFaVOau8KH7BWPO9H+1+4JPwPRHClZXZ3v5s825tO5VGUOlarxxFbl5TNxqhHOzuid5uRqv/y7kvTKNltZY4PqTsWT07gOssncg70F51tNSJm3w5166mShoFZ91Ub/0ouPXqk+k1WCAcCXQyWX8iu/oBKLRa/YZ3wW1wz+NfbE+G/tu9az5WmHlwL8rXp17obHytJBGOExb8qnG2+8Rf+P7GWluzTg7HZRD9ZYsmbpxSD7rfWismTox6GyfF7x02rgheYAW/iqzVSZ7+yNWXvn1zNJwAzINCwGK8QmWnc2DslEdb47UcQjl19P6ROTgSubck/lYKABg3+4aCjVUmd2P4lmyZeBpxIn9lanSOWR76oV8tQXPS0UnLtZ8sqTAnF9eGCmNh4q9dTXdvQjo9uEG4vSw8L0cAyya7UYp/8ffShfW/8X/4M+fOrsC7MCx125/+6Hu/+q2X+7i9MttmVqTq+hpcaq37Aiz74TIs5lNnOVAJfvojH/3sxz4B9q0m/8VfvV4415XfQobcpsPn2DhxrzkclrIqoaOhLKUGsL6+sruzf+f2Jj1htg2LbQHgiMagBDph4OynTHPp9mRq9uT/+//u242Gcvewt59/9euXf+onv/oLP3/z93321md/4NYH3v/GbDb8xreeWFu9ef784RTil/7FQ/1B8MH3D2GBgDOTfSXPf3JR2nNgELKdViI0q+yVW7uMOc3taqbtOFRNwZgzAt2xVuyvUlhqo6WTu2NOtpqkTlSqRbMcVdWTiRBPCWoidMhL7aW17vJqu9v2Yt6b7L559/7N2+PdXsMPWlHiSZsieEJYqA8IdyLUBoJqyyP7UoUsVMppGIfNdrOzupS0Gp7U7qwsr+5v7+5sbs9wS85S35s1I+g0veUWNKIJZEKc6sfhzt7unVs3hvv7EXrkubS6ttZut4Wwy0j8yA9QStYpshlBSegEc5xE1rpJIo0uIGIAqy8UycCAzBNw5SuEcyhr2Q3TZNqt2qSMubOYmDEJOMGaTwf9/t72zqDXF0+SZnN1Y31tY31pZbnTbTeaiRAUm6O5KEBmoO3iK980zKwATobF67l9fIDMqhZB4tbdLDMKquCgTKD4rflKr3ie/quk5qTlAyOxL8BBYIEScl5RrzpkAwO1FaFHTJEOUKy4VebS0wr5PEKgxmxGIAZRfqHsQ5yB0KIliZDHkiLPIaGMtFeEFTCADxVmmQm5+acMcqjjkRKEY4zbeNYYiMWdMJMLFdhztGBOLUBaVcEpIIEmEldB0LEsNUpt2kaoHcAc/IHpTaXVZmYrAXrh1x6C5C2iMQJfiL6FRDpu4CxDJ1bSwAlVTcNETF9zMqMkGkPicmZkkWWGDqekMx3ZUCJptBgvTcuIPjCmTdxek3MsS5U1mpw7QxcM9ZSH6lMNZ8lEp0izKrl2xMPV0WFVf6K0XHkgUk0kiIYfhQHK9fGfNNwiVQm06/Ns61LpTE+VzLFI11qyumjaBC3QpJMpYXh0d9SiyucO40MCt9/yIyVyWGRemZKMscPLWVcYzvmhZXOpUGlq8zpsGWhL1bxCvrnlT6l9mIpmnjAnWqHslV3DCSz4priW8BYz4ppWuKW311psrspjBtuDBlYzCstRMF/PYjw8Kr86TqFOkTOFgyOYVypt+UjQCY5/Mf8BbQror3QuzNSFklTmBiornfuAEYNKHKFmksz+S+62ZBNJU1ue8dXlK/MAgrwEPnNsBPj/zc/9kLPXYiXKApycACnj7bRgaCLlCQosiI1MWinwNG9g7XBwXQXQJVN1ZQo+g+4MAMbj8XAwFM0kliBBUnNesYslOVB64qHxA3Q0RmmRxlq5HDNdZhvvyEE3QvkJ+U0TdFaQtX6vL+h/p92OpNU7lzkAVWtaSeTiIRXqtHyKRVZUduf+ntDtT8aC9WSNRix06ELNudxZGfb62zv7PGyifwvfdIeyU6J1sgpKAvPoAjBNlMlfnamOM47MJ7RavrPc67CFAhwejrYenEZgLkvNFO1QvLkeL+qMgAODddGdHkwlWpXMDDHIYoS8C0FmQBNcxCRmznY5ANNuRIBZ7yeKgtE1YaFw+4CGVTgTozPPCOaBiC5ahBiZbtLzmJOJFhLiyAdcJYfQKvmA4mmzEAzIh6Isj3aMSCgZTSI8x6+iT9AurmGSDKS3F+T7GJpzxDRzkjFpqLLC+Sq+jZwJKfeWYIAPpv3hNEIpVduJzDR7+YsHLokaOs4OgSmKqqGCkmGVbetx5Q5M6N3z2WSaKV6Zyzb0wVjHAXJAw2m80NwxPjJdqki0WDW2ZCEJdg1O1VhdTdWiQLa+QHUzc/b8shQAxkwVjgCJOwnCGH1LoY1BaWdrJsZ+1GiI2rXazdlkJOhm0Gh21tZwMuUI/Exn6WC/H7Vay6vLEiiJ4y1FqPcMPbtJZDdI4izyGvZ6YhKh4a5YUGOfEJCNdnv3/v1hv9/udsWqJDh2CXD0ZfFEkoz2exImBY7Jk0KNqabV7oOFe3leZDZndL3DQ22lFqboldTmrycmI49rTk9ySN2VpZX19f3dnd79+2IzLAZSGEeCn/DkXgZl8Vm+FiPQeD7oBErZPkgfCCL8009eXUliNzWackYkWdAT0Gs5RRlUtAq67rxg40Qx0MxFnBTLz0s3zLCp7q/aTLplADQ4FF48d+bFV68rr652JtMyQVwGOHsjsLsTXhDsQfHTMnHVf5jM9Bf/6i+sn31XIgAoJM3GY089/uXf+rI0QFUfCozbUQJj9clEfvaXPr93ZuVdRjfcEIVw9kz/1de6XNuYZAWtRXHTxGpGkTusgc29dRvfD8MP/uIvvEsRJxSEnDs6f3n00nMghbClKcaYvTetChWpbHllLzZuIbaMLPZpvx4+2n93Ik4ozMDfYs1H+Y5XIyCoD9XVrLijrP+cGtzvLq/9+M8x/93g3WSxkFy8NHjheT6buMOtLiKruZ5DAeumNf4/Y8Evn/mpSbgCmstkjk0vBlXlb52lEy3EN1s2koJqgRQwI1S16YCBd7orrCjnqxvv/9Hr/2ARYyfD3/2Nrb/1/1wEcSI2QpNP/0keFtiGaqjdAfO6a8Eif7k5fZciTihkHuwE/PxUntuAE69IfYJ+6D32Zz7dWOs4nFg9X8YKHnBUnIos3H5LVyLC1mzXZ3kgvZLxujhuEY9RhjgJH3rs7De/9F3nQCiA2UDD4eHIzIQUjG2OVxXiROlOXB86SrQpn3hWSmqegxNfbR+Z60mHFT3sqPSBbL4yI3xh9IiB8xD0r7KkwhhzN8DGijALIr97Ntt6vW6a8bo/pZviV2WxvRPfuRN7+f/jX/vj58+twrs2NBvJU+956Ld+9xuZMneviC8AFP8vLwGGy3NeMyeG5uBY4fnG6uqf/Zk/4rvraWWdcbc7bHEbJ7bg+m3xOa/E4cXUqinX7OuLnINI4aGHL33rm89PJzPmtF05fws0seyx58hn3GzM6GbOzcc/Of7Ep2+YrAl08uR7bl2+RPI61mr5jz48/g+/cz4MR+99emJiirVvcwtNoUeRlYoIIeWXv7raSGbPPNX3PFvBwSDb2c1aTY/VCMomef4owHk4iSAGwEY3efHG/f441XIyNdOd9lYPmMMWmyvz1xaU1WTUlZZO7o241KNzqZFNhU5oNByMhkN5O2s2Wusrq2eWl5ejZiP1Rvf37r32Rv/u/VAoQYTqVSpqsCQ+4HHhWAgJWC6PBHLSuqd4PI/7TLzqLi91VlaSZlNyjEJ8Ab3dvd5OT8ytIIyyKMibcbS2NEsC3ojyMMg9JrSy19+4LkRbIp9Wt7t29qxIROTDFdYEc0rR8bT4l6J1+xStU/ihHyVR3Eia7ZaI3+q0pdGFiCSNoFR85Kuaa4MN1v6EFvIo/9RSsCy/sgJG1/s8Pqc5myHKIMUj3VkuRHN729t3b97cvHOnv98TLdzqdtbOrK+ur7XaLdTKR6HU0nGyG0E5eEZk7WisuRUyusSWFf8VQq3wqjbM0/hqEWhB2an0n04wmnv9ka9PGltduxH269RcArBI4HXFZm75Sxro2hq56mpVdNKGak8uhNhAY8PatIa024EGNkh/QYgTXVmTo8K7yHS0lQ7pWIfaRmJLSPRacEMmXQ75BpbB9Hl423aeMmBmWQ1t48StTi5xXQguScXGRciYJ9PxVCJOsFoSNuHJ8UX9wp0OsMmWBoyxzAGSdVPjH7fI+Bkxe6j6C4RMMkRLQo1EzLJGu4mADPRa5ZkZY+aOvBRCfj4j/If8JfgFwk2kXRnasQhKIo2GJwHpAzTWx9NqF+k8SFoXl31IzUJKBLDzVyoKtKck8i4kLTlZMwEUjY4i0xNV8VwND2knKSI/QZEybeIrSwlEBwp2s7iewmrn5UlUCroqy7CPENM0Go8Gw9l4Iq4FsSWcDM+UvRgyNKXGh9PNUKTlRwhzkBm1nQ7O9Dk0M1ZnGXFO1AJbUCU4fDHtJ6uI4utQIO6Kh8PboWAF3kl0lNLqgHLJ5tamhkuuJ5JwIsGoscp94RYpt11Z4O80E8mOPUjqQ7G+TFEwF0TlDh6mAQWqQXOFseM4+6Y44CXQBA2eSbs+OQJKbbMzpjrDXczIbIWiPTqTQvmYU1SmT/VYQuqD2hZ5dNpcYkukMyxBokIywhRqgyC+4rMI+s+8YJFmsUNAN02SJIKyCaoleJfhcBg3YrSiIrXgudJM6y/gkBw86aWs3WkLkjGZTHv7PT/EJ1zCIUEyDm4qtIxkuS9WM6FbTLHCKbWFV93gHX+oFCZwplcRoZ1CE3T9vqByg8Fwe3s7RIBezBy3RKTrYRJqIqjeTFBGPgojHkYxeDyOw8sXz+zc77/++p2cT/b3o2Y7OdM6t7W3d359+Uc/8+m94W+8en/amwiKj46oRVtkWMvAHf+o4vccF6CypQyXIKVhXPJbxHgx7Tcx14nkunVyeOsDf4C37+agZrDZmzJH3CcfGLCypOmSN/W9Gcqa+K4YA+NhDlkYeQ25RMehQvEK/k0stILJ0FSS5FCGD2UFYopGU5ThpkB6gPIEaxX6qbiDbIauesSaEcAsE6r7CZdmT9CQHxBrm0vsiHiK5likpRLJRNBCRenLk0a+NHWX5yZTqjixmCkoDZugITAeExZezA40yRSFouSSb+CKVwDJCHu4B0rZdCLtLtHwDpk0OEWcjXs03kLdcsdj6Pd04MZglkv7EKmjrV55QQzNbnsyHOEWMp9yLScnJk8vNbJPJa7PQ5QhyB5WUrDCkqwQJxntITNEgYg8Sq09h/4yuw+llBV34K6zCOZAKioez8bT4d6e2O4GQoYhgdGC8xcbeAk6EVtsfuHhR0eD0e7dO82l7plLF7MwbC0tD/f7g/3B7WvX1s9vNFqxKKhYthCdnWdigKfHlP0AABAASURBVAluHiTNxF1rqyWqurezLZ4sr6zKyYNOdrrLyw89/p4Xv/71O43GxStXQ6TzTA13TzrKcgz5wEGBfS/Ttbc18IXiSNEH49ItGU6GpY21Jz/6kVe//dzuvTvXv/PcoLd/8ZFHWFOSkyD0vEWIhiEyvDTrjho+dnFjo5moRM1U0JZI5LQo2Dixz91fI6uupEDrCq+xcWLS1zJWswDZs9r2RGx9Crpsa6tLH//w0//x976tD4Gj9ImxnOuDuJKSGE5SH94VZIbl7uFb+V9h78XMCqa5X1prfvSnP3f+8rvMung1XHr40uf/yOf/+d/5JfOEFcaWoZCV3cqhg5+XhyM9+ImP7V9cP8FN1NsT1lfyD73v7le+hW5uzNA1tTINaG5LFeYHTlVuVyYb7aEf/VznwsmMt9s9ePYeu7MP+2PoT1l/DIMpDEYsDKEZ5Z0Ga4W8m0A34Y+vsWfO8DiAkwrRxpn2x76v98Xf0lIYRzPpGoQwpA14wSqwbhE+x3ozTX7TfOLmm965PdaAd3nYZY1veWc/nN2umXdMq6d4eZ4aCc7Bs1WL8tRt8tgzXhTBA4fv3M7e2Ob9CcxQewBausIk4wy+B2mGD3ONAibHnrEPS014dM1/ZOPEmGev0Wg8/Uz/K186OJpZjixPal6VVlyz47YXapn47e7HR/G6EbzY1ZD8i6u1JVfjmNEug7nHmwgQj8/1W71KqlVP/JDKxEis5PNcPgF6a2cV8LR19lc6P/oz/V+Fkwuz8x/IGx33yYIs5rxoL8ZpL6gXCAgJ9tbtm/s723u7273dbWOX/i0OQtjTWV4VLHpnZXX93EUheanGGUT8tUb+2OCtA2yd/dxTrXNLru0QzRMaeyTmqcNNWaYHrPgWGBRTyDi/N9sTEq/tyY3V+GLkNetSULxStQzgUvcDy3Du8soP/f73/+ovfb1UuxPZuhTrqMLutJ1x6ZjbI8rpyXnqWQWS/I7RsRXwjE0XdYBPeRD39B5WK58QWS5tDMhr80vpk36FaRuB9Nz5lemDzd2K9ECRacqFFKso02itBJffn17/RrEHi4HX3hSllZw7f7jTXrpvddw/8oXPXL18Ft7l4eEr5/7wFz73d//Jr9UhTgDK7JnuEcNbLIw4Ebfvf+rpSLqAt11qluuSXZMDr0spmOy4a8tk4dQKKdtSFRSo875KmskHPvzM7/zm78GBrCwvNuncyEX1FegR/6nPHGDCR4XZDGfDxQv75smXvwL/+tc+MJ0iA3PmzP2f/UMvnz8Xjif53/i/flw82dpa++/+L1f/N//1l9bXgu88n/7733rk9p0NkWuSTB55+OYf/C+2mo0C1+F5386yD8EJBaHf/Mx7L/+j33lZ3dc1XKlH3Df6rKczSvncdOQJVY6nn6bo5UIohBBxMpkKXe/y8urGykpHCKG4n++NN29v7d6+k49Fk5EpJ07nfQFPi4VCHSsPAqL9AnQPLWS0KJnLwGdLS93l1dUkibk8WpZL2Wm/PxTS4DTnXhxmQpMSB3noZyKRkIn992gy6vf293d3x8NB0motrS4320Kr3RK5INAB1cd4zizNZmjQHtXL4n7mB14QoV2KKAmFnphwA9K7u1Th8VwdLqQmqVkwXPZNN0/BMzXXEBOLYRD/kymLKTokwqNmvb29Qa8n6ihuG6326vq6kNFJn+v4ozcxyNLWbk1UXjWaXzYn8kKhVq9ZVqYaqUpFy8od0Ib70PFrM29+HzPU6pVrgrMUlZTroIpt/BP5CnDiuLzJ5K+nTUozDXpAq/86cMcmugrKrwtX9vulmiDXDhZ0U+mRgxpNTnoAR19LHEWNBrdcPw6gtj5MA024gkVQDRAwI7QuavhZEx0cjDrHtNXhnUQG7I3pB6WkU88pOVSjimZCiAlqbYVCRLSYAoWovQtNS9UW2NSq5JlE5kwRcjIh1z+pp1ufjqGrxve0+SUxtyC3ja8t2VCLke152ZqgGyVXsz1XznsIbsLViFIsU5GDsVNDWnAR4lU/ipU/nRAl+pGcjuSrgT4gU/dmSWXyxCjXswxzQNyPxJrIw8t4knYqsTXUpOrzkk0JrspJzacYK15CtywWdO8fPImqbyub2gcLx4KY1CXDF4pTJluFO9ktrPgJvBNDqSLOSKhGPLUwV+2uiSFIYYK8pRkop4WeeMqn1WwyFv/EhcRycXRikANth7hiVeQ+iBUIvqaHRHs5QI0cT/O6drHWxWDmjtzlyFO6yvSWjMI90o7JyUrMgCPdwidalsnreHy9gfLcEmtHGtI4U0OsB5PpZDgcIW0MI8KkVCckZ0XWt8AEc7ESdbrdyWgy2BN6wj7SI0GJSOmomGxmu0TuFQM/SL2UVoKJfC4+YQaSA6aSxwu8Qq8Mu89ErZeWlkSn7+zs3r17L240VtdWmVG60zZYKGBRD8x8Dy2jCIIoPkbDWHEwHI/Onl199LHpGzdv8dTrD/v3t7dF/Ga3I1S2D10881M//Nm/8yu/Odrrs8QTavY88D2NDdL2JrjSBBv8ApPwTg2PFT/GYITLCOmmd6t2wtzMA4V3JpE60aC0eDboOisXUmqFVmIRZDp9RIBwGOBKO4XxJB5GzWjUjJM4TH1pYkj0d4CcSZTJRZep1VZJUcnOCCejJXoiS9xJ7uWo7xOZZNzLw4DhTkMyFshAgoewE1ztU46cCZbP86QDHqRsDMRrDx9LXIJ25CTt1hIQTmyBMkYWJoxklggTGVwkBgfNJAKdQ0Lbel6Ajh7F2ylIC3GSZ80Vtpll+NVESntxholRHqI9j1A7OVHVVi2rGvp7elQxwwCpia5ZN2LySGiOovBcCsSTZrPZaadCACA9f1mhObcJ4pKBg0pv4BBjAW4c5XCJyIsUAJK5SzSb40v+2O5S+IEURq9+NBb0M/VVzs0iJwoxHY9H+71mpytyR7xjiFZb+ns77aUu2uoJ/ZVz5+9dv7514832cjeKIy420kvL/f3h7t17d9944/Kjj4gBg+y8oMGcj0aCDI/klj4AaYVMbKSnk+Z4OBqEvVarjfZU0rTV6aTT2calS68/951Gs3X+0iUmR6MIvueXl2puth3F9rL9dCqhuuN9t4RSmTk/vSYCEhiRDBsN/zTiiw9fDeLo5W9+897r1+5de0MwHWcuXUClWwxBFC6etvNrmabFw3Icf/i8tZ2ggRyaaSvbODEnttVpbLPJ48UUmE1BsXGMOSnoRgEXrQJgBOz0rfpVVSvgXcz6AmC0cfD+Zx5/6dXr9+/vyiYQq0JuDiaqRMzM0AwhN4yhRahQhTX3CQy0jsCoSMTV2rn1H/jhT8H3RPihz3/uS7/5xTs37pgnrJZ8sLqd3vxkObiG+9XVmeXJ5z7wdkCNTyG874nhq68Pd/eb7sPqBDxgSnKHWLP5b0VorK8/9IMPOt5e32G/cw2+dZPtD+tLNJvB3szbG4DJ+d/J36sb/ONX+A9c5clJoE86H/jo6IVn010EWRqeSfOMRdxJXbs420gbuRBB7n3o4T5ELwYb8D0RXvQ2Hs12lmBces7sXnnOE+cdY3ZnynQjFyY7g2j9+Ed7v3Mre+ke70145BjWkFvmmsj6YaH/xHZjayD+5f/hNcGD840OfOJKcO6BXXFFG6QoLcw5NmdfShH0TqYcp3ShZJ1yzG4FK68tf9AkwcCsZcYIovGYo1hf5thBoTlgkjNvdY5FSyfuV8BNLpyXxPr46F997H/7gX/31ce9+3ASYRavTD/4E3Byoc+ya3Fa++rerTef//qXp9MJvN1ByHv2tjfFP3EdRfHTH/7EmQuXq9FuNPNzY9bOyrKP05Ajxuudcz/4GA1CwymBgwKhaGb8GEQI02+dMhXIhng7zmfbaV9suAM5pLant7rBRjNYqqRgcimUocidHl6GT/7QU9/40mt3bu3CoeGBG3KWB4MZ2gNQHrMtjgRKCEeucCealdTrjlLLaW6ZuThpMtTvKQwK9rtHSBHtqQdc3TqnQlim1GJxPNVyXJMSna9OH4Ui0fkn0s3XYLiry1xsp8oD94IXbvUvL8W3v+fPrX7+R75H3K59/vd96rd+95s3b29qUTYYmTboB2Af2hfus9IbR9JsehkundUYHYdX4ZrJAYPqgAoWRG/qikPSVkErxlSG9amBI0B2UiukrNJh5tds3bgubSm1c+c3nJI4cp9iKJSXFZ/XsXa2OsA21m9X0oNeP9zcGgECAvjmpve7X7rSbA7f/z6xdiAz8aXfg3/xLz/6wfe//MmP3xeio3/zbx/6W//jR/9Xf/Fra6v+X/7zX/x7/+ipbmf4+3/i+vJS0B9k/+CffOyhq7f+7C98aW2NvfSy/8u/8rHlpdHv/4mRmx1jL8LJBTFbN5aSQvqHfVLkgfUNL7Yer3wi5W8o3kTXzWMhIJsMR+LRyvLa6vJyJ2kGOY/GuTfNdt+8e+vV17P+sNNqC20CeQrxA6kk9jyhfRZJTdMpmoyQR6HIJXrUSoQoq9Fus9DPPKk74mjqYDgY9/Z7mShQ6HuJD+0YGhH3YSZEfVIrMBqN9vd3e7v3z195qLO0HDVi9NoTCGkqquMod/mLFhNA2pX3fS8W+p5mM2miEiMRsuc4QmEwJyO/yppIoQWU/IG7mhHVNno5smywJu2kviBCLdcCqd+ZTEfDQX+/N+jtT0ZjkWB7aWn97NnO0pLQQYGsuMQxoJ2GnHR1SLfVCXKVNzcMY30nV5486ArHKuZMFEogz904pU/cb6U03asTi3GzvpsVs0YrXPpmziGBUqkdbkGLbnhWmxrFUhJ+6TYlM9ZNpGkNWnwlciIijzCk7zTWRwy+QWMelOMVrgErFEEZ21akiUlpNjPXNPyYE+TkhAK0yFF7VuprDJwAKVAIN0NlyCTQSwoNlXKN2oUXXTEsKLrUWwYNq5cO3/HWePqRKJM4aaCmEJ1VeeIXNSBZTthTY0pEzEptUCYjWzLK/dAMvU9Ip1tpIN1yoTkZicqyABRZDNVNTrMUaqG7iZ5zZdBc9YtqDdlToHdRZthoDTCI8pCVFNPvvofWysNIqHkCNNxCFpJkBjnpC/SeyzJGnNpH+dmQhlWQDJIdF9mcnCz9m0bWSahhoZgwNQZMslpwWoFu1Mul3Wgcqh+aJy7N4cW2rV+hTzUcj4zxhZ6rbbw9HAjF4+310eEtDNwdRZbT4gt+dQp9pfdnlL7L77m3csYZcibnCK6FmRznisyK0T8cScRJLqEfOeTG/w5o1yVl+/s0LdRIlJABXZ4ik1gsoRKKKHyefECOJiSbwpTPCeXqi6ppQGIVHAL4f/3nPsvqJgNT9FjzwpZTVw4RpM8OUMRLqJeBRcqrn3xufIdQM5P1SqgJhGYMJSnM8fz6UJC1RoIO+cC37oLKZZNNKdc2qVX1PCRhzpbStBkcPTBWGZSqzqqr0MMiB8G99ft9QYPjBP3jgMInM+P4iLQlaBYvywVZRHeMaCAL8JO4NRzN3rh5W+iq9wMRAAAQAElEQVQyJ5N0MBh2hT5ViDBCX/pNDHZ7e+M8lXQUIcZkHkpqYjgowHVhwKrWppUe5EBQLhVVwXVXyP5ntkqqh99K9zonFBZJb0Fu4NSDGT9qCSydICxQInkteyqXk4ajJlRMk5kEl/J05uUsEmMQWCJRsdSHZM+OGcoFNB49skjBiBvAF0x6iUKzFGLQBjhW/FyOWcERoPHGHAGwNLxy8m3CCRNAnJaqDlO7Vm4UiXLI+6DRJ0zLTirdxAyJcBZ0rqa1ssiEE1rPfUSios0oyfgpboFazJO+To2xE8ell93Vq3oXiPsJB1auX+l5Nd+TLonnlIXrWU1EiBNcnssFCakPQ15wMhohMw0A1pIBOPsNbf7E5ZwKi4D8UMEpuQWgownTgDnIytqa6uGudgZEtszKSw2nhoQCzeD6IYodN+NGqyW234jC9mE6EXJwnrRa0+lMDI3Bzm46myZojbANohg5G/eF+i4X7Gl3eVmsTZxc4eDC5k1nU8E3i70Q07viMIrFWn7/3j2RhdhiE7pFZNTudvd2dzdv3uyurSeNRIxRjexRza7HOzDF2jK3IoVKm25abAAcHI3N2bL+pxVYpaWrURhYH3MOfFb0ppTy8MHe/rDXE4xH0miIXZ9IbaOBuJMD3escUKDK1fzwY49dXm5EzEgRtNwcWPEkK7eH8pROC9SvCdye4DQUlUPRQokjTHVhHVrN7MruoWhJxUmB2bLRDlyJ7sUK0u20Xv7uG+Du0UwZLQjQPCleswop5YaIl8Mf+7N/6Mz5dfieCKLdNs5ufOW3f6/6is35u3hgxfH4p3949+y72bGOG8TS1umMXr22DHatB7OdMVQYQPO87rcOmXbHWPWWGvB9f+xnmmePD574rWvwt7/s/erz3hvbbDI7cvvvDdnzt9m/fsG7NYArS9B6QCsYgnFaWh69/LxtKMur0K9pTvOwvLywEntTx+eJ39+OHuqxBL4ngqBz+yx+hO8sOg0LrSivnbZ2r6EwT6Hzsc/5jSYcJbyxzX/thezrb+abA8g4uoKFBw6B0KcGbJazazv8y69nb+zkZ7teIzxmyjzjg2fJHoBJgUHxvnLn0r3afMsPf2X9x4bRss0UnNVQC0FoHWLMrHr6mr5gytKJ1mdzZyHiejIoSYj9ikrD3CM3pmxSdO6FXz73uU9c/+UWq8d2LB6yIBl+5s/xuFlpEX7UB+b2683poOJYR2wTnv3qf3ztxWez7O0xbXJAEEW6c+P6/u7O6vrZICyghEXHDH1+fuItJjt9oPDwz340We/o3a7muByNh8vFOW9LMqbSt0yIEnezwW46lIdFuI+njEZiFI2zwZSPPCFJYpHLMenvHZ6ugFyYWwa3nGLzvbrR/taXX+dOsdS7wn3NzVHD/fFSloeMDvaTuIw5JtzVE1IbWJ87no6vJJAAymiz/KW3JAb0lNscN470piq9VNNvKV+TMOVIPnf0xoFOY8gUbJomZaHf7WSbr5fq6LK35kHxAortWzc9NbabnvyVP/cHL36v8L1ivJ07s/bbX/6WXf0UcYUS5bc/Towqc+csqYVon//sD7VbTfMFq/vl8yyRmHTML7fpONspszjUp1BNjRfZLeac+4diamC+tSsaDpqvfvlbTtGKogfNe7jX9J/DcwBz+D890A1Hx376D74iNJ4mOrnXuXb93Jd+75L49+WvXH7u+Ut7+51Pf/KFp57AQ03Taf7/+3vvu3B+8xf++NbSkr+87D/91N5v/falINh9/LGs2/F/76tLgmP/ge+biOm5dT+7vwNf+P23Ll4Ik8S7dJE9+3w8S9mHPzAAJzAmNAJfoOtcyMqvX2eNBgsXPxZSCGLyprPsd56/pRNnhfYCKI4cZ6QV1trC+CteYei2cbC9sTOZjtG6yWgwGA/6Qvi2ury6sby60mh3WNzK/P6trZsvvtq7fa8J/nLSisJI6GJBns0TavpmHAuVii8tPaB/GTx4J5bhXGhGGs2k2W42W0JYEUv1jy90MMPxZDAciQsvirpn18NuO2g3WCtJA2+YpUEj6Q8Hd27f2dncEp8sr59dP38ubiToFNvHxQC167m0lTCbZJl0aJJOxUATSmshEGuJjX2n2Wq3xSdCQiL1HSRM44pYFluMSLge14rS2uGpzUswPXkdRQ/+Q+Mq0+loMOzt93bub+1tb81m0yiOVjfWzly4sHH2bAcdXgegAAfkul2ulJy8+eS+hjgU9y1MkwuZKT/APIUp8OHLnJsLr1XhQ72G2y2bkl1zXiwz4zVgEZK26nUSiNp4jlLQSF+hVBhKqrZsFa2ETo1ZAkWRCX4h/S9ZnAN5WiFG0ZeWZ8iTSxRFxsCJwTG4NSoiTtRJfoLmWMJIpcGTfoRgULAV+etT7+vT9mDksWYIzguSb/Aod+UJyPyTGA7tyQIcCXeh8MYnECsCX6oB1KEv3bRqbceTn9J/Vhg34qSZSPdDMTnTEesjKYbRIgmpFjXhyaRKUbQ5lyXHPpAmpxRmSwJ9InnMnXwYUY/Y1k4zt0amXsw4OSKhfq7MmSDqheeExcmNQRTTFEqv6JWoJKrDMV88Go3nonEwJOI/UTBpRoWsy3FpPUaC17TdF+WqSw5j0mOjClWI7EcjPH06GImNCZo5SQkjl+vxqjtBL2fkrqfwVpEA15xYzYwoB9NWHJz9XX1E0OmrW/pnmxhOL5SHHGcOHXvQf1JFU3jCKhfgvHaLZSgSLFb9k2ulIqHLq/vh4hRwLk6ro+QkA6ghF8WS6P5jBF/NZuhAZ4JTAP+hJylBdUHbfQRjJ0h9DbQvcUUTzMwAtZ/SL1xm29Sc9j7M0H8m5Yae8q/hBYRg85Cqk9LW0wgzTw8JeV2wsoDzJyjcQs0ia+YPOG3DpNk3oZkjbOBYGjtpCJqSxHJXp/Ao7krMDljeGcI4Op12OhK8WX88Gfd6vSUEw/mqALpoAJaBFkpEwvYR8IUMebHSAaMjB263FIWnXJqG9yQq0W8I1ePy8gRN2GX7+/tbW1tnz51JmhFz2g4dVDB0WYJwnCCfokPHYRD6jU57JpRbzfihRy+9cu3GaDSOouasP9y+v72+scZ9vrHU/NDTj90RfNbL32WI3415lkIumTtF0AxmXpnJAmd5lgBSUAAjhONIlWphPdCm8LAj89ObXEcLDyTBeHcFw9vV1tmsUTThfeWVwEdmbJRP96bZ9ni8Op01hsNEuooQrEUouTrBl0u8JzcG2CQ5QlJAC7Oy5atNMNGqLIZVIgZJihmmYSQxygymKeLO0fw2iKk1zVPpqc1XCDxKCrkFT/nslJp45oxD8dSX8GdRJJyUOdk7UTtp9FrIWEYOGsUsNigHMU6jSOK6RLUREJALwipk6L5kTRTHlM0mE2RNwiBMYk+izdC0kAX15Zrq5XT84j/NQCOJke0puSMTDdVoNvKlpeFeL52Q40MrcCdCoKgFWTGRRJUrkI8+AKqE95SJPOvgyTMK6QwQVxdJZz62DHAYD5EXENb0P6cFkwy0yAdiQzwd7O0m7VaMHnNFXXyxDe6jf7JWIJaiGW91l3Y37zA0JI9W/CKxK1/u9re3h/v9rTt340bDj0Ix8pAjx1MaCBedjMciFllWFnvpdrcrEtzb2RGFaDSatKcR24BHnnzylWefvXX9muDi292OWK+wvpCp3UNJNV7gY+Zcnyrv+W4L/JShgZrtstdMwvDFVuj8xYuBF4in966/ce/adQmhuCTWaFg9tj8Iyz/wwxbX5SS+utyCgpbA2BEBVrBxgs10d5De2U/7U0cFUJRWcxXR5s/15k2m6X6hmn2j5T91LhYvN/vZv3mhX0iTQzv2HloNP3Q5cYQm1teA4XYNxOXKpfMrK92dnX3tTIdrBzpQ62SHZgJ39CCq1hwNpZgmANdGH+Nnzm088d7H4OBuGN7gey/DZLsodAqheZ4tvxeCuTrd7TF/cTPbHKBle/NQrGUbLfbkhr+azO1SPh7Nrr2U7W7BrGCVmnWWw0uP+OsHeWZ5+kPPnL149u7Nu/arIu1gJYMIhlgfIfCzK9Onr3xPUZ7L59PlzmivV5itVjrvPIHCZGSwwPQ03zY31teeeg8cK/z2dfjl57z9wck0+9eueV+7Bh9+iP/c+/PlB8ByJFcfCZZX091tV/1Ic585qhTVkuaAt7t9tHG4Qa25QXyw7yV3vA6cTojCoJkI3jcIHSMeszSbzNLhWOy3HlS1XxtEdfbzuMsnpZmnxptj/YK56w53/6oWdj8uGTsJllZg4fDKPf47303RkT2D4NS43VbCRin802+IVs1/+n3Rme6Rx3O4vFx5VjMFix52ODjqeVaayMxhL6Vyfitc2W5esalrmyWsYJUEzBEc1VMVqyQFlCexo6YP1TrovtRVAaimyWkdl5Nn2j7/f/7I/+v//vX/ssWOj+HIvaD/6T8N0rFOsfkqi8HCq0Pfy7bCGvNXz33ti/fv3YZ3cNi8feM7ef7h7/uh0vOdmA+8vJk7epRTYDLjjU73PWeL85uV7Jcwx5cNlaMy3cFZr/Dg8H46GOQT5d1AFnt/ut/xFdp4lo93p7cCFrWC1cRvQ5F7LNwVygAG6cLn2FkRTx57+uLG+eV7t3eP3FgO0zjvlQmzPJikkTZTonapoH3lqE2gWlKMxRFu8c1UWscXj4Vke85zz/za9OUTey6FaAc4+YJZ0fCJLqKpm/Hgo+Y4kGfrYOXCtNnlQ+tkpNIOvNocXOVWfMurn6hw4fzaB993CN977PD6Frx4F168zTZ7Vj8jftc78MQ5ePIMPLR68jPog+997MK5jdt3tvBGdTuAKwQHV0tpY0BBHly8Kt6Kv6vLS9yhlXqDpfdKdVZJoHgtPzN52vT1KMKXN7926+Y3b4tBdvEj5y996Dx34nDNcbqpuSphVtLF6lKBWWvMY53m8nK3UOG6xdTJhpVE8MzWpdRwNhevDrb3g9/37Pve26eC7e+z777e+a3fft+t22/+6T9x7+69bDRKLl3cvnZ9ZuKvrOy/8eYawK1SOhfOh3/mT9wTu/A33pzt7Hg3b7W2tpbb7fIxD3n2DdKbNya//M/4134P5JRjn/h06xf/IhwrNEq+KistUM/ZcFfIU2V2oXorhEuT0WQynmRp1l5aajXbK81204+hPx3193d3e717W/neMOasEQRCjplKk7+BDBGytR5LEXshxJ2oR5BKoEiobuOk1WxK5IfvSVvX09lMMLyj8TQTugahsm7GkzBPfZajGDYfp+lkNt28tT0YDMajYdJur6ytCUmXUGvj4Jda5gx9c0zRm4jUuIvKiQ1vkCCopdlqtdrtRquJrLa0TCC14FwJfiWRAFZQQxQDqRjqGxXU4Ff8khJTC4HzdLK/u7O9uSUaSuiGltdXVtbXWu2WEHML6R1A2bZEnpM/Ha71eV51EVTEHFwgAjsCk+QUuPrQVTNr/TR3PzlAxmUaraKALDWaMR5jk3Visnnqc14siXNd31PoSQAAEABJREFUopncjm4npjlAzk1QsJDU2NigYeRLbAEZ1SCUg3FU7ZbNJGOKpG2Zcy1qLqNSjLpUP7f9a+TDzMFL6OygtrlBjjFTF2UsRNbFFMZAKyTuAYyzHrNoM9tWzLaawwdVc+aOZResgy/UHLFQc0pnVVEkZrQ8Om+RHzIYiy9UU9KACLXndDKhMkuzBzNP+piiU7tkeIA6grgUjjZCcmUzhppBTQSHo6KW0T1E+Vq4OSsMY6k14JQyOEgLZk9eCgIiN+fk/QpNEoRi94IYNW3kKJfecVRrUjdqo5K6F0j1ytGZjqBxk0kq6GFKkrnC1ofU28UOUHagOdh9Iq/gbKA2FKNxgxuZS+VU/7rXbmvbhN6dkv/qVGKVWz73W2JwqXdYpfVY/fJ5EqE8Yp3yOHHgkC6h6Cfab2wetyoLRONWGhLLJehNkqjJWDADM8FOZNLLnioUUw1IU4+b9Y1Q8kwfseGKqWM1xbB8DRRYXFs2wvYx5aWLcK5kuYjwf2Zy0OF2QxNs8zttbtkvdnDbMkV33VVE8EZxHBMlmyJBmKRpimBDz64x7LA5plcUQEdmzUYQRYP+oDcYxK1GEKPHHOXfgZYdZkgTiNxTPyXQCc8s+O7BZjWfU3tGvioob9HqSauxtLI8HI/u3L6zvb3dXeo0Gy1anQAdCtLhCXS/KH5DsRIzNFwynUyjeBbHScrh7NmlJ5586GtfeWEymTUanX6vn8RhtNoVQ2yp6X/ig09u7e+9en9/OO57aM0iQeZbAQFB9bJawGwhlRsjvbuQoACPGeGFWlPMGONq0J7YHJ8f3pWU9qjBYUpKz+oiO0SQjAGqxVo+zR3gCYpEcvC570/A2xlPIhh1+v04zxqQC+13uLIUNsTQ8fzUy8czlpsllkmcAcJBiBen+ZFBTsgxHKnyeezLJSHlmR9AhPaNBKET3wvloBioMzmKpZNyolxiI+MBU/IXRbTJ2xPNwYKUQJnRA8pU2cTghJiTRaJtBrJQEvEqrUrGEcJsQoQtp0S3WMBS5T4Qb9FspTcejAJ0LBoQytmATmiSyGJZ7IN5Cf+JBTQS4xlvOLkYD+2lTq/dng5xDUOotbSRyKwEX1IVRU4CPKJJIja0gCc98lCXKRZO9TV55ZYAoqkfRIoAygLoRceqmpliQZy+sBw9MzJEcuTJ6EQFigq9wV4vTLbXmw2JegziRkNsTafjUdJoAc/ay93ZZCBiIo5brlWrG2f62/ezyfT+7bsb584FScIDLu33cLE5n44ngiAnScOTznfFOEoajfOXL19/9dXZZHrxyhXB6aIpFID1M2fGjz323eeeE9vvILxCvuRJQ46OBJjyB2LFWIWgGGz30WmMwkVW2+/lYKo+fzmT+xvl/1VvgGHj/Dk/8MXIvfniS7defVU8P3v5IlxaheMHy0kdzK8qxIljX8R4wGGOjRNBhL9xc/TNW5PeJGPgegdQ2izpcaz83EkZAMxv+dvHz4RPnYvFg+1B9ub9VMV0KPoLt6b/+rn+B680fvLpZrVshtM1tbhy6dzO7r4Gs3kEbKW9KDUG0+rtgmBY7eEJoYLnT9DQl1wYHdwJ5ccORZzkt/4dvPL3QBqGrQ4H3tzwPvC/Eyqj6offuZf9v788HU7rx1AzYn/+E9EzZ2pUu9n9u8N/+j/k9zdrP5z4fvwjP5N86PtgfnjmQ8/cu3W3dnfH3QtW/3ZecPe5z1wewwIhXX4mbz8M/mnBBRYKWc/vvebvPX9oxEvne7sSdKLWo6Jsndc0WOE5B8fFjPPO/XD9WIiTOz34n77qXd88eZr89Wvs2Zv+55/Jf/xxfmyTFtHVh9Pdbaq+e+ydG2tKTjvwA3AnxptOpa1vsFMZQp1G/OOfeubixtIBcd64u/NrX36hPzp5nyBvss4zfNFk7fTUV8xBnBCn7ApBmFKdegum/8vfTnsTSKK3aN1vIeTO/8dfT993kf3g40dz9eTFxj4Pr10SDyBlhmOsbLGM0QhcIl5tXC18RRb+mHQ0KZc0tdKY1TbXexebOddrmXY9CWaKgFqdVZpAnLPZUPOcm69ohQVyBcfNV6y3/tR//YO/8lf+w3/5fnYTjh6mzTOj7/sTkLRt/fWsLUc9/IF9ci+oafg3X3vpHY44obB195Yo6uVHnig9vx9DcwSnGjrvOWNGpmNNBOy4UbJvNi+OjQVslE/HfNbPsNDkWpokPoN09LXed8/2X3zvpZ9U45bnKUx3p7dDL2oEy01/qWLjROVQsJZn1zpWhDYULKA89vT5e7d3D5uMzi2r1+4ckMIoDUk6ofhCT1E9XsSReCoOIUI817oePQGNUzEyB06IEPJlrn3rKA87MmVj1V+pprhBnHiGF/AUP+q0pFH161w8rYlSiBYO/srFVINOSmLtOdegxo57w4sxOXe/+uD7H4eTDv/xu/BbL8Lzb7CpNMBGRmOVuyEU5MK1u/DVV/FaiGOfusQ//Qj/5BU4wfCh9z2OoBNFmJ3Aij+FGHorMe+53VjgVYB2gdUHvGrRZJ6NEwvYcOSmxa/oyWBz9PwvPT/YHgpphdihvfBr3732zTsf/sJTzZXkoJRtmu7B60PKY54kjRjmhfnsQHHprWGNudPmWbYcBGV/cMvLk4sXtKGRi/D0U4JePf/FLz9z+87N7R0cN1/+ypO/99XCOE/iKVSCkNz/+r9PvvqNx0ajuNvtX7q42ekMqtHyfHX0K7+c/fN/Iq5Yp8s+9FF+5xbkx/cQGvheocIUOFj9i72tkZfbD+apSvTFZDQaD4boY4J5ZzbOdpNmxL1wlPHhtH9vu3d3Kx9PUOGB7jOyWZ7mgZ/leRKGSYyeMZi4mU7S8ZhnU/CFPBTpTNwQQq9GFKOOGqTBg9FokgrxqZCORn6cNISUuC/0yz7j6F3Rm2az0WQqJH03X7/WXl1ZPrOxur4uNdx4tA+BA2hGIUW4CZ7qEmrsmRTPMiFZbbRa7W5H/MZxM05CibTLtCkRsIS3osflDp4A5gdrosBTeiXxu7st1vPbg15PKKqjJD5/9Wp3uSPkcgw1REIaKVolJQMVIJEDZMRB58bVqldgsMGBIJQ69aDiHSlwB05B9+BUf57uUyjLqq2nLHtBdQvAzH6Baupsxkwimg6y+QuzLTAv3rpvnUqp7tagE4QETXNp4oQ8noggRL4IlcLDr4gtIBly6RA4XSgnNfpJbnAeusXQGrdLwZ16KeAFSLGSfqjKRjRSx9JvSerNCrUC1R/kiynPlI0TMuPBHf9HTjnt5tbVy6iG5gXxTD3Xo8edUmOSosQHdFUl/0VxSPpcik7qTCZdWHENdKDvcKZmMB6NUQeicSfieYQGRTzpZ0prSkGNAzJ/wgnRZc4GE7mjbYnb4Mq+SUafmNxBGRNyRgK37nWYmc6k7MZjwHhc00PMiTzmGXgS9cXd5pC7InU4xFN+Frmc14IgceoUkPaX0qmgTtNUWnNRPV7gqki7UQ68OA2hPKjAWXYrzrCKiVjCwVht9+ZOXipOjSxv/sL8wIFzVhp6B5PfI4XqbOR1JbAMrNMALkmUr6p+HljlyQkFboRXhqEuFGahJjrJTmNyfmGVPU9RA/VCStAICobqV5oEs1k6maARKQSWicV8Jv3pqFWPc+UuAtREx1EICgfiU27Mci664jZHrWujpnCHJ1NYB7qWlFzaLCIcIX7nG89ZXK9Jhkq7ix2vsGqBO4U0JXDahy6kUwsmLZgAB63nyP0wiCDO0W4uhvF0OhwO0eEF2vZlZoMHSouJVagupD4oVbSgL0LZfP7yxVs3b+73+nGz0Wg2BQ1VJkxAGbTUS6Avcg38MPNxCUzTfDychBGP45hJpzy5FD+bGjA2l78oEpHqKi6figVC9SL2sxgSObrIiVqtRnepIxaA7e0dwaR12m0xUsDnYhGLolCWHEhP3mwkk8lsIhjAlLeWeNIN2r735FOXrl2/dud2f7mxPppMeoNBq5OIdTAWis2V5o989AOzL379zf50MOrFLSHgC/Hor+BQ0fADGZbIShZkiNwraGSekZxYLivS6Y7E/xJp1GhKrJTnM7cRXA6prmXmBjcGrz51Bho78GPOD8+ML0ZQF5LeLrCBWYgKWvbA5efMSuawgyo6yGqbVQ+49PLHSQ6Cen90YUIITpxyYSDm2iRIt2dZ2O/DbBpls5W44c2mXgLJcsia7cEORyG0AqWKRAPOtbEKxH1IVgY4KfOVCFUKXKTBRMzQz8GLxB7H25lOxVYmF7sXwQ5NJmPgU2PJDIUs1hWiOu+DZoAksIArH36Gu2SG+HMasR45OfG9ELxMug7FkqSTGeMDQT8ChJsESOx86cpKvJrNRBw/D5AXkpLiPM1mw8mI9RBW1ZHGNXy0Kg7aohqJg+UVWqTAHPWukkaF7SEObJHhvQDHwOtuaoaqd5zE64uk1hSTV/G9OiImSSF6T8rRp5Ifnbl8TnB7O7fvIefNUzkMOY1gSTbJyZePHZ0LypNJ0ostmNNzQKCUYHJF03JEIRGqFyOlDC3++WGI0BPpForpJYwp0o0ro1ZWc0mvPG5N5HFQcn+Ow5ZkkpxJ6344eAa7+62lbnvF45kvHgmqOx0MQpwkeXd1ZTQZ7u/tt5bXwggEMx7FyerZi7e/e2337vb21k6yvIy8rKiSNMMYeIEYV/s7e2InL4ZZniH2SvDtrfZSb3dvd3u31WmHuNdGK0PrG2d3Vm/dfOXlpJGcOX9RstuiCVgulyWPK2mo1Di4poy4A+AGswoVTI65vVkIeXXklAh16TmRbktQ3sGhwHgwNmfRWSAs9pGbOG4P5C3u3mSzLW2sffQzPyDG8a1XXr350iuC6vBnHqLPTBHhyMEy04YMlsJD3Q43+1a1j9InrbWeYJTBP/n23lafDhxUkSXM3VmVd1mW7ze/OhctMafyMVaJyZgrOvn6tdGr96Z/9lPdVuzV2jhhmpBeuXjuW995hRtOVrqbBJzDxHtowyfG5IlWcuuWYq6AVSvDiW1WTPJ7nj4IdMLv/S68/D8fEAGGm/nX/gb72P+NhW338Zv7+d/83Uk2nx0YTrmI8N98Lrm6VKDgfDwc/N2/yQe9uV9m2eTf/EMm2NOnPzovylMfeOY3/uW/d/dzla0dW3S4zwlPX5kdysjlQStfej+87cHvZEsfYP3XvewQzeHFC8PnXi4/tMJ68wT08u9GO+wJ3a6951E4Yvid6/B3v+Jnx5eNHxIEQ/TPv+l99U3+v/5+3o2PMyqSyw8Pv/lVUJtGcFUOSsqmW9A+PAB34vgrMeF2sAQnHZIo/Jnf9+Gl1iFmXq6cXflDP/Shv/9vv3riJk9us6VnYKs8FfW9q9BloNFyzhJQunATgIOkxDXh33wnHc7AXxSgcmJhtcNeustXm+l7Lx4Nd1Ib6ogaL14TP6M2hrUNKAche7MIOiFJJEkguF5RmF0HVXKsaOmEmzjOW/MVaJwlK6A8nXRUydSf4lf4NktW/p1PnUYAABAASURBVB8/8o/f+8I/+DNv/q01r0YbVxsyLxg/8tnpE59y8dy6gWq4yXnDzL5zwr2gPEeG/d7LyhfSuyCIop45fzkueqS6H+WXR0WLi0cLh3+y9J4zatLX2Q4xJEE/L8cRbNBMaBTz2YSnk3yWE8PPLBcn4u/Ohl/tvSw2Wq/f/9Y0G33g8ueF9t9w+Cmf9WabvdlW5DVjvyF+fRa6hdeQLAuJN2UAW87C2/c8ff4//rsXqPwH0yt+1KbTj0ezWAo5CLEBigFVCBIjEFHPtaUTYHYFNzyhskTCHdw2ONZNuEGceFogWUlfpaPqROlyx8IK1C2B1tKJTACPRPjLF9ObL0B5rPF5zcLLMqIy4oQb7lyHDz1zZD7kgPAvvw3/9Eus11dnnklszV1EhcN6i9/pDL51jX37Ovu7Lfj8+/iPP3EcrqMaPvD0Y//q178IlqY5G0O61tIZIy137lzKx+o/Byvd4WV+RonazXbHJuooK12uhhcASPh8tDt+9h98ezKYckbyL0TL97eGv/v3vv3Jn31vZ6PpplZIWaXj7NaViEQPCIeJrZa2WJz6YAvOig+LTaXWK10W00RZdrkKOqmGtVVk0UcjaDWR3/3pz3/9Yx9hh371nefz//C77/uRz33jU5+YJQlOtP/+b9VglMdf3s7+2T8CIbL5yS8kP/0HWHACLAcFVh1wlVvqrwJ/bGPwOQmoIHTCQuK2urG+ury6Ejf98XS219u6c3+8teeNpkLslURJEHoojkAxE6pNpM16TzrSyfPJbDYeMTQUDULXEzZCvxmHCZq1FpGls3WezvhEaGRFsUJ/hqxFINLlUUhwkzQTzO9sZ2938/at5bNry+vrnZXlKI7lcT4JmkOr0UKlK9KYzqbjLJv5gYe4llZTyL5anY4QrwVRJL1yo/BWNppiPyR1kny/XmqYoz8jUux5LC9K10nBrRosVx+nM8izaa+3f//u7XQ28YNweW2l3e12l7txEktHOeCSQZkm3vpSf5Vz126c42qcea72S048tRCrhXkhqU7hhImqNYDZCHFXf6kZS5OtVglYPIFTPImCLg4e5bS8xNua453cZS6AK4QEs9SDikY2xTU8yCl5IVGtIyidUFJGx7muD5fQEJDqw6lU/GvrFwyxJhJoQoY16MLN0QVwEFzJbS46Vag1hGphBadfKLJXVeJw5XzHtIzCoxQWW9RD5LozpKyJrOkomIuoCM4haUfA9dLCHZwH/XrmUKGBphnejhm5gqewHU4ZDBNGQYLVJR5Dur8J4wDBY+hrxtMRMtCgDWoxeYIYu5OKN5ukk9FIOtZRtUC9EOLWvECKqpk0cAJ6NCqLCO4QtaWSwVPTWcFtNIrINIgZ5ExCVpCzcpAopmDS6gGWGasmahUHCDcJAzU2ZfNIELVVL+q/nv7cz3OpZU+nqaRJs5lENaFN8hTLleU6W+ZMQzhoDjMocNR5+VgmJpXlUJJoFAZRedaULkw05mJx9NSCcuALbUQWiOTQVc9hnQy0gMsBybWhKXrJa8tjBMJqC2C4YB0H9GBXd9zeMsOcQPFcreFawO6+daOVVoRqmRbarvEDhWvcTkU5nrmTejFobpLVFknjh+B4gZfkZeqSFPG56jA8U82l4RBkw9GcyUSs3jgBs9kMPUmNR5QIklmxuOekwcgoQT3BJAdPdheRWOVMHarxbJX0fkJRVE4bI+YUTNeZBoFPFMJDJaynwCwaOcBVR+mWUUOCky6P6wXL5ZwV83RkBs4SYk1ioigiY1vj8XgwGAqdnHR4wRZb0U0dkRDnQRBy3u50BsPR3t6eoF3Ly8sBWoHjtbOdviIiSy7NxBOEDvvWldcJhfKyh1Q+CJrNZrvdFlrznfvbzWar2WhS8Xzpg5dpnBHZuRLlHU3T0WjsR0Gj3RSd0OkkTzz5aL/3Yq+3l8TN0Wiyu9NfWu1mM94Io4fOn/3wU++58+Wvh57PVCf60nuhXIccl2oUzDRTQ0oeiGGSiRGj1GOZ8skFDGqmwdsf+HEn9jsmUFMuXg3PkgEFDvDkmVFJCpDBkY5w5IlzJvh+5Gn8PAqmGd/LZreH02Y2XWs2k0bAmmIO+IJ9CTud/oxNhwh+B+bIkohmYYq5lJRwsMJcBBGgoUaMIPJN8ynSpRkSRS9H+EuKo0iIxXg2w40OuhXxkCKFwIgZY2qhIK+aTDpcUdMa6SCX6Cs8Gihtbhg67vmqALPZlIau4C4EzQ3iSBpuwjTELghkCVUbSTqKK64ozXQ25iN99J+HjcSjOJ5ndovgnOKCo/XO90ywzDgZFhYPokZjZX09m8z2t7ezaeox7TWzwLjTEuPL9YUglNKZjk5TmjFQsXMCM+WAvpIYurAhf2Se4nQ4GDE+r+kLxornfcF0oNrIeRIbxvN0MhgNdvbEXlQw2WKci9Vn2OuLzXkQCM0b766sbW9uZWnWasezsRDoe53llbv+myKF7XubjZVud23FJys7cvGi/YZY5WPPQ/xNlgned2V1VTA0O1v3xVC8+NAV9IXJU7Gheuipp7/xu79z47Vr3aWVqJlIkQP35ArPrOVqW1FQf7ipKVcbFffqhANj7xiCvnDgbxPpd3MVbMPTH/mQWNRvf/e7t19/DeCTxaiF3f7CiyZ3o3Iof7reTtSM0CJPXrQjMsngH31rb2eYcW4OFdXYOFGCMS070G9N2emte+3aRwG7K6Pr3JYEHHnE3iD9m7+x+wuf7l7ohtxo18ypcapEztfXVuS5BXK8xaVnQM5qnewofp/bOUEGTpiZOGpTQ0mYCXPh8tm5TZ6N+ct/Bw4N0x6/9o/Y43/GffY/fmVyKEpARPj/fm36336uoPMe/sYvH4Q40WHyq/84evS9LK7Xl196+JKiq86Oz+4FCw+OFgyxubR++MDlrRM9x/ogQUgpWpe8/VcOjrW+Yu3ZMD2G3XpWHhwxcOhePH+kL/6Hr7Cvvv5WYAFu3Gf/7a/CX/4+/vgaHDWE62cVXWBKFkvLriMusDgS83Au7kRO2JK9k112bCdlc8NHn7pyKOKEwkqn8eEnLn/pudfhRMOu14Q67yjzZqakX4V30kZaQXJD7W/iLxJGM76zkN2iUwntBvvV57MHAJ24TKBi9+wS6xDBIqeoVwqKBrT62G/3woLxKi3IJksnKj0NeK6xSkJZMHU6x5Xf6a9y19KJKqLBmriWTlwRnl5tcwB7LPK5p/7YX3v0p37k6//9H+j9SpMdtOoMuO+df+/o/T8quHaVrrZNYdqmxFoUJUGHh32/XIC7N69bw9rv+CCKeuuN1x5+4r3uw35w5IXyqKF5gTxGmT4x+3nsHyEvH/BUwveNTTh8P0XTdVwoO6R/U6LBZNCR4lhPuK+M7rw8fFPoR1peJEbYzd1Xtgd/+4NXfv9a66oe2yrlSdafityk2iZgoe9FeChAb+t8lojns3yEIiQmtI4tcMpJv7m+Pn/56GvJEUOaB0oJ6Ln4hsLSYrX7ml/ldNoFXDGxEWLQEyklMJZIHMQJaAyKp2yogKMUKNyA5RaoiDYXsPgA7vxSySFor06grLOYc61v7dwt66qMxNz95KErB7loXDz85ovwd3+b3d9hyq6J2wBa/GSunX0EkCnn/hD+4e+xX3+J/cXvyx994MHysKyU0+bmR7WtbXon2Hi6W8CJDZVllDk2QlgRW8PnvFWpcOe3+Fb8jvenz/29Z8f9qWiaTI4WOlEjrtPx7Lf/wbM/+PPvb682qikX5y8zeR1QnvoSyqDLyEuMrhHnlFrjoKDgxhjS7LEYvnlwdLEOfueF843G6OqVYIimXvIXX1772Ee26a3QG/7t/8+VJ5+4/bnPlFeTbz57tt0efPYHU9I0Tyb5vXtrV6+WvfDMfm8X2hfiv/bXw6tX4RSCabFyE5VQR8DtOOOF76GAPjFMCxdk7pFHHhE6DTbLYDDm/engzvZsp8eGEy/LG2EY+D7xBJ6UlCmLH1JuPxHa/clUaET9kKGfklbsNxO/EbHARxWVkMkKhVSGZA5iIdAKciG3CryZkLKGfo5KkDAdTHb29/b39tIsXb986cyF83GzgY6lyUAvoK59Mp1MxiOh5cVnqM9K4kbUXup0up1mu4kneL2AlJeuGl5VVR9ZkRf1rEJJceOmgyoJeT5WRBr094W0bdjvi3Q6y0sb5851l7rirdC46UTKWbsdc5xwhPkwN2hNtjIg4SrpFy1FJbLRzFVjGnJRis+0kEb2lImv9EHOespLmVZy587nBWsWKbnRSVNCOUgzOR6p3jwcnQF94mm/MNwxXmKS1mpIXs7MqR04y3012sGhlKB5QviEXAftGygnmwFSqpzXlqoQ1H6NSkX8HkCB5eamRbnuDy0lk5oP6ZciCCXcRMy0RiNOEG5CXoGoVKAJODGBZk2TBsTRyMF0LObEBBdiPyAHOsbhhbZAYA+hYe0kiIQaRKljTPtQ38qtLPVyrg29cE5AFyh0kAIoWBQRed0IlCufQELmEPsiKhhEAQLOyKq4aj3qVM/pGr3Gyq3TLJ0SpGk6HaczqXcXGxDafJEWO3eBC0VGywJLSpKf8piv6d/SLDDT6YgDzxA3+y0/GBF6KkEfZzW/JIbiB5JK127QvGhs3htekGzUJFFqllPVUJRoDrh9UYlgwluuNNG7B0XugCTtCBMV4x+tU4jZQNQpExMBnRVItJrk1T2pdivWgxU5YYMaKdar7guwkg81zYFMmOBElRg2T7vRAea5NISDyxVwkyqva2S3LxaVGbGKrJFrfINYchqNRi5RkJPJZDQeI+LR91zyB1yRrQNWe3SrIQ1zdbudfq+3u7O3fX+7hbbdYncBM9UWJInILvrZkcuh+GXTqdSURiYynE4Q2QWB32w2RZXH4/HO9s7mvc1ut9tqtpiCfdAiRAIFWaaI5cwXpHSM2KVJ5vlRED75xOO3bu68+tKbeYYWQT0IlpY2ROPx3GuE7P1PPfrSzVv/8dnXls50mJcAGnNAMBOamOO+sw0C7myAVfegpC2Tvg6Z0sSLG8QsO9V4q0niIXm+HcV52wIjmoN9ldln4HO00Ak8d57JsYQqPFzW4zxjg3TCprPGJF/a2wniEKKgEYiFniVRI+wGe/l+fzAQ3JTgSXjmcJnyB+VSubJDzzU35SkKIy5DNC0hVn/pEWfG5TIWAqJVMhhleDYrz4D0hwzto0gzOpIfIXsjkvuk1wSOI6EMYkUQVoOUlBlxC5OOwoTEJiU7e1kmpoZgXKLEBz9QhiM8dKaieQqmnC1iCURak7FD46JGAkwJiGXgugFBcYAF0ZKJ8Z9WoIUiaTW766uCkR3s7YlmJ5sowMAVWxDqxKPRqDZXKomqGg9fCd5Rgv/09iOQBEetf4oFL/GLTl7g8iWS3TTiJ/QUJvnWbJr2t/eSVitpNDmOi0isGqPhsNkUq2PQWeru7+4KntUXO/owEEOh3e0k3XaWzgb7+5s3byfNpL3cBbRglv7/2fs+Hdj+AAAQAElEQVQPeEuO4z4U7p508rk5bAR2F8AiJxIEGMQkilCkrOQkybIsy5Isk5afZPnn9+nZn4NkP33f0/Pnp2A9+VnBipZFSUwScwRBEiBIZGCxWGxON9+Tz4T+uqq6e3rmnHPvuZsIgGxczM6Z6enp7umuqq76dxXSUvQLhdI5+EGFVsaSnU3PzZ49dbrdarWaLbkC9wuBZC6lSuWGO+988qHPvxAEN919p1cq9Hv9gheo2ALg6YflhDO9CTXlyqqrDIbgCnGonDx3zaWoV35y+czuxTsrpUKldOzxJ0bn08ricXvYjAabJKkfRY/UBHq0K/SS9oXO2Xuf2lxtx0Yjz7SfEn2eSnLpAlu/xBK2U48mTFnCCGuSwamoJ9VT+TIpTxSL339485+9Y8pzjSHayM3UCA77Nhzc7qeNYwimRPUaXsfyAIOiHiFXKLpqWsOLLtK5YlSM20F2WKk00uosWidZNJZXfb551P7Zi9nZ9bG4wam1pBvJb5deSU4dHedB0e3Ey+e8PQeG3gXvwap9A5udTJ2pv7P3+HhcTHZ1qSC2F7KSNnvZJJ5sH8dkaOB5M8tUg0VKmG2FJR9xksvglsYFT0QJ+/98hr908dp5n2h3+a98yv3JN8Z37dQgJfXXgmkpUOvVmTrXItpOcCcD/dhnV7gfAt+789Ce8fPfe9PeLz93Uq7l2ZVLsWWlGKbAYAohZxN+oWhb/oSx9DdjA+LDVunJs1fNi854qVJwTq4k+2d29om3bh3fSuml+STLmAJZaniWJppMxAGhPZQYcZJZ/E5rhFlGU8FsE5/6LCL1fWJ5OslVVVgi7kCZqcHAfGr5w69++P5/+ZHof9l38tNvOv3B63svTbLmBO/JexuiIE1tL/kHPrfn20/teeOvzHzOml5UIh+UQawmbp/sXBHP84XN9bXBRw4dOvQz//Q9jz766O/+3paOxL4WabDCMbeEoSuQhhTjln0jrLCMqAdXIiY20U2XSBEnwtAF/CfBZ4E62d65ZZ6z/bVnmyc6cUc9hYFNGQSmaT/84p/M1687vPCWyTJAIVNzlFK9JxHrhTHyzZQupxbrkls3oBPG7Lg/arXi+C7bYdpaAhm8m6DPZNoCoWaTilbjWNOZCSP3USgHxq0Fk/Y4Yl0XGlmiYvQ45piWj1fsuUPT1bGZv0jFUCcj6hvm56SeTmhvIeZxbY13tsX57hHW/5oqWXcted1+olweC225RVprsV9+P3vuuKPUgrpsG/2TLkwtcqgrlj61usl+6a+db7sz+f472OUkD9YS9AJbOUPrZkunmX6vnI5iSJk8Lc1ofzIyDDPojVSq0c/k0AZW1WwNq7wSdqOn/uiJ9kYXtFI4vKS+KsEhg/5fWdSPH/rzZ7/5h+/yC26uZDHokVSk3N/MVmbXjaeD0dbE2/2Wp+NWd4i0V1mmGdZppumygeFbk+QDjpMBt7740lSSrNN5q+UdeXHhzJnFb37bV6UusFZzH3jds1969OavfHX5lpvZ8RPJZz+/99z5ue9510ugV2SsWu2cvzB95uy5hXnv0MGV549c/8RTyeGb+Nmz8V995KDM0O0GYZj4vhpk4ale+8uFMysn6x98/54f/TGvdGVAzFYvbJXy6hk1TbPKFWEO9r9wsmthcapcd0F51Rcrrc7F9eb5ZdHpFR235BekggopjVK9krMhqFaSSItTry8JeBwUffDHG3heseAUfUCcOCRgSsWs6Eo9rOcExVIs3+ZjACmIww6K1ObG+tLy0uqFi+V6dX7PrtrkZLFSko+bYRxhbI4+2C7a0szlBk65Wi1JpVqlXK1XK9WKH9D6VgzgHKxu1Cq7oeom22TD0GJCJ2Qil+q2VqOxtrIC+jqpyq6UF/bsqtQqQSGgbcYyZ6FY1KafTFFGuLraaq68FZmlpmVjy0yUPjq1wNmeOUZgZUYmLScMm8Qp7iQZUVXBUr1QWs8xe4mwX6QRhdg5EEAgMlgEqkCxVCK/GoQ44TzdwJxGb0GAdaJ/ZqpnNJ+jW6dmgf7QyTA/9Hlj6jA4jnUbegXixWDUGNpnCBIVetGADU362+0oDWIVmCV728NDfhDE5rilcqVYLPowwh29l159o3Q8q+gECmGBeukYpmmrjYGwwOwBqA4/SDuBp2ZmVRqNyYTaqCAv3DJFW8M4ERqGg4baIf2gMjsDAw9N4C7YbWHOul5AowKd0ytTQl6TxRUUGK4mypNLjBGOkBxhJBFwvgQQFJG6ZODUwTzz8lwlB6tNFJwNmq23TpcwGF4WSQmRA8wJ02gasC1xGINqjXXp6qYMWTaDNnvx0oq9BC5jv9EIcha7ZAgicRWUS9pjwfAJAXT6vU6v3Y3CiJxAcdwAo+aukf6GuaxRhQ9eEUNEZW5PCi30qwWPSyAyIPGEJuOpoMizUyn9yma9kuWPItMh+vp4oBOMksAMqSKQHBFZECA85jpFUZIErt3udNpd9BwVMNP1xpoohtjYbG5BuJNKuTIzM9PYbK6vb0xOTQGskiAsTEPlLLZEgWaQwALRlMQLYsvFCYU6vwyhRC1VRt7G7wa1rVSiKO73+81GY3V13ff8Ai/IT5VoLgSWfEzSvF4qeJKmNtot2bRCqeIEzvTkxPUHdp88fjoKe0LUm63+6VMXd+/aVShKSs5FwX/Ta+5qdsTRs81CrSrFz27YkbZ413elwDlYO5vxAE6Qo9OHWPm7cUDeA/cDKUUgU9BVpRBioC/58GzXnEx9rVJeS2s2PGhJ0SFVp2U5gcg1gNqQUgiY9Nx+zEKe+CKutDvB5ib33d2FghRp5PcsB+WoKFl21IXwnByU5Ho9g3Klk6DnJVCQ4MyTA8JDKAduegGNjOO5cjZFwpUSS+TE6O4E3itHUALYUyGlUe74ev8gjHH0+ORzyCnIqQ8BeAl+KxfisORAmqXc1DnG8x66M/F92B2C0geAXKUhRV4LyGEGI/2IS4s0CMUTC9oWhuGCIhbS6EEonvwrOtzXyiyM5TM4tgDloyC3r/5RJ1J9A4kl5ORO6hYrtWqv05Wcrt/pIN/x9DZNhdkXitCR5yS8gbTaySiJ4Aoih7DPgVcAXlNe9yHuG/l84tjh25tJLIpNZ+QuDGgX+B5EpVe32W4sr1XlCnVqAtbdXtDabHpewfdZt9UrlsrNxmalNUEelaXqeXbvwur5C/K0ubbaWJkslUqA08IRw+WoglUHhI2UL8NAufA+mWd+964zJ44fP3Lk8B13kGpANmN+7969h285e/SF+tTkvhsOymHNyZuU0jkOjClB3ZLYfaUBJ+Iy2NPwJCyfn1d7QX4F01YrxmuVBBDKpDxVP3DHLVIRM8YDOwUMDVEOUlRHIVLPIsbHibzy+NnO+UakfEKm2oRRPk7su2kdGWNi8NnUi4nGizAtKardsTYeJdPWbph8/PnOg7eULfOcRsngJfQ8x9Wa00i2Dlc7eEG/lggjPwN5UE5Q1DkhUDTihPNUulVeGQTgM0Z2c/MEG/N7dFbt73dqPR5zCMps55vJ9ZMpH0/WV8d7lMUXTo8CnQSBDpSuDCFKZOLMtrCmJwM/tk++u9WIdSb289r1bmk+Ke1mL4/k+Pex7nWicTzZODUqj8ZOWP2Tw0BsyeTFoP5iYOHu+mMtlHoR+98/7ZxeudaEV0r6v/YZ9yfflNy7ewejwXE9RXSRgRmDh8GgqBMLd6KSJidZ4InKrKY+/kz4FQadPHDbdcFObKKB7732lv0PP/kSu3IpNjaLXGdzxsXgNW06zd7jLHWMoCSDHc7l4JpH1cmldk90wsvh2sJq+qAaRRi5wAxGSvZqkqQtzcJg9WIXwVNfJvSMohOc/JQMeDox70OwOzePceOpQns6YSlNNswJPZ2wLH6F6bfQs1aZmuOzxA1OHnjnH1z/LbqGml9rfyouObbOE6UUT5O5yrbv9cE8yYAk09hYH3z05//5z95zzz333/86ef5yw520m5u5K2I7Mnz5Eid5ihj0cWKhFljWi4n6vlr+B3+duM5K0NdI0o37J3srZ3pLrajFtJoNN1gI5QgZds06FzZPXGz8Xq0wtXfq9t2Tt5WDSVpkCW2UMueJ5U1BvdeqpyLlLBPP0R+bwPJL7UM0J3C9EEKRUJD8p3Ehah1FZJIQIRpfwlRHKCSKOip1nyBECCommfZ0ovydYMnkoZkrz3zqvdYRy2fp27UwpvQn5i2OYyiGCvzNXNNvdq+IYa3XS/EhGbboURH4lxVb5IXz7F/9Ee92lc5PZJEleqMc08oTq9Ei5WSZpxj766fcZy6In3uLKPuXOJ+kEjXz2+x72QZxwvU9c1s/YF+xctrtEgNeQ3KtZpYAmXuKrkRh8tQfPtle6YB6nFG4avT5i3h7QbtQpPl/s/fQB55/6/ffmqPV3N7cv119RtV8eNJzfCCgR/oZ2aBMnPa1fbscxT/v839rv+vpZw49/Yw6L5fbCwurf+v7vnjXnWrwf+u3tKLohT/989fRz9nZ1R/+O4/sWlSf+L57z7zvg7O/9puv/1/e84XX3J08/8LJ//Fn98nJFAT9B9/xhOed/MsP3Pu7fxD+w79/HmobJif+Q2t1GTT7K3/9vvWHP7fv3f9s+nX3syuQrDFlfg9LQmSy4r8iw1pGc5mZ2qQfJnG3HzXaYqXZXVr1epFUORWljdaFzXfoqV6gYUeOIanVlJr6qBdH4NMgiWUupxi4BT8oBU7gJTILhsKQVQrjsC+SWKpkPUdejEAJlfSiqFCt9Nu9btg7e+a0tFAHleLidfurE/VCuYS+tRJi//B4t9eXqr9eL4RwNk6lVpucmS5VS0EhKJbkK31tvgA/F3pm2fSep3My35cgriRJrO8qSivVAhgWJJTn0oa+sbq6fOGitNVU6vVqrVqbmKhUKxRnhHii75P/DLS/s5Tw0sk4KqPL1CkZZp07YeYkmwwPukzNm6XA45n3qlcoUdeqJ9eAj8TY+AcrOAjU0HokAs0odzXk0YR8ThC7ZLAfxidv/WDay8bQYbocoaO9mMJFvqMEM1ompgyCA30lmFFYa0lpwOWew/mgDUV/poSbCwTaUH5NEGtCraOqwpwxUd0tw9ngF+RGbGI2fczQUWtjvIrZjbH8pOnSc6VuuijNM/L/AuBFPAwKpTpem1XNG7Bysv8RIqNC/0hLdK/bRRuiVH35sgTybmJbjmW7dA/qrsd1Ctcfa6gnHoSn6Bg+1jATaVxKZT3RvlhUDgM8kq0Dzy2AOwnQmIMNS5cZXC2MsSw0A6FFCD3NgAcdafEJCWUS0hUGO0Aj9VpBe88030/XcXlBybRKWNYe1VgrZy4miy1ipM9nk6E5bEQaSYsujw5cWlLKXUUwxXYSOt/uln4c/nXsC2zIR0ANapatXioR3tlT9JZB4NSlvn1I4Zzt4GsOISBM6/opoJhDRJTL4S+tZVGv3+92on5I4aUSFUlKGW55KiYy9B5ENMrRebj1onwFuF4cpbGpFPwMwLzEUgAAEABJREFUpxflIbCEcpUEVldJYwh0khLGJD8z0mAyepQRCdYh9zQ90+hDoQnkzjydsKysbG7JVCgUydNTp9vrdDrFcknRVitt+/0NI6zVpBBSX1pa3lhfL5VL5UqZ2YyBKdJAr6bwOogIjIBchSESZe+SeH92pm2RD2mrfHW5XJatRlcrjqytFJUmJyY8j+Lg0ORX9h7ysCXFuna73Wq0wEpakLfC3YvTBw/tPXb0/Mb6Rq061+uKjbXW5HSVQyhH96Y9e1r38lbn8YstUEM4YDcAPzwcg5uMakPKD0mrILkAPCcHDrnoYUamzBkpr8gs3VFSM4d93SVLa0/jJAMAwhHjqOCFEPbGwSAz8OWksBR7XldEG45zURpKWx2X8YIXVLxi4PnyMxeCoFQoxULI+cCJBChom0DULXcQw0J972gjJTEr8vcWxuCqMYI/aQeEp0KAdyQq4h9HIFMiB6EHK2yC6SsMiiNwasBudyMZAn1yMEIKtFlOTdCoOpbrC6lapdiZyDPCXp/O5QIIn0PNnYshc8kJpeAqxCIs8eM4ZP12Gxy9uSgJSTMUeRrkW3Q+9fbXWnN/9ZP67po/Cb004bKr5EApl/xyUXI+KY2hiGI4LAFNcIxigCP4AiSrJyIjimTZHir7UEKFFXRMkjfeSbYgyINkR6kjUwMPqBHJxV8Ux+2NRmu9Ua7VvCCQDapOTqCa0QvDvhwzG2ur7UazXKtyDJpTmag3Nja6rbZk7c21jWq9XpuewPnEka86ISCsIwgMJFgBcSeyi2oT9YmZmZXz58+cPDU9MzNRr0vaKxf2N999R2N5+ehXvjozNV2qlWHwOmTtoNBYQ1tnr8+vKYHdVmL+mqdrz3GGJlhzRxH3vfrs9I333DXWM8LSxY7VwZllqlCvZSSb53ycyG754skOsQGh8SJsKx8nwpSqdSPmqN+i38hz5dB11Sa7zGxbdWlfPt558NYyI1OfMM8Sf+Guw7RaWgfZSW0chC/R4XWYvsI4BtZBoImy5RmOZeQZwbQHFbZVGnuoR5kNfI67A16Qx6eMHYlgC2yth8p3M54EExktH7N/8StORryD3+bv/mb2ckt1FdcmPPvx6NhfDc3ijkDSmMmWmXV6ROXOB092msKY/fKn2allxtjXBvD3f3/eefeb49vmx83PwSuyULyJa8fsxrJnfJ9YuBPbUGlGKqXMRaYNI1c07V+YvvfwfrbDdP+t1x8/t3ZueZ1doZRYA2T4PBx0dmIyc0UCyOysHrcWnZyNO/5KPpO2jFr5a8bZL6zHuYD326atZXK7MzkfpjdXZXCW7/mBcrUShFiULi31WcJzfkeyfHPwruJ03Hg6SXGW2hQx8JThody6a5oi8tF5WI6/K/sijwm4PEDHTJde8REgBaFBDIdMX/zil+655x558tM//Y/Zywx3gs75E9sakcfejpeG5B39tFlZWd+Va2mKvj5YIBJLmkK2TnpHtC+IZClsrESN1X6jFbf7SY8UdkZ5KpSlMEbvGthAoZAWjd76s+c+K/8mSrML9RtmawcnSgsY9NZR1gxLX6elylwNDU0STB8hoO2I5tMgFGI43TOLG5F/PH/VYDXwyBS/UAgSe7VCXIVwJ0rI5kzxI0H9oCRkm0+l3k2EFWGHTGiCGRVw+l478DlPeaB6r+KFmnAIhYxR9SdPJ6i3dQZ6ZcjQEXaf5H5ZXyH77BVgpU+dZv/mjzhsBuHMCNa6//Edgt18fXLrXlYvsloRjittdnaDn1lnZ9f46ma690SIDAbi5BL/tx8V/+LtbOqS/LBoJI1a6ZtvT78thsit++YLWte5VYp5VhtqhV1zlj8yPXqzQy/tmYxxCp869tGjzfNN4aCPE4eTBVWgjj/hyusJ+jsRF05ufPUzJ+5+83WmyakRQpfGLIMaH6ztQB0GNOtDmMDwq1YTNAPSN7hdOz1DxOE4eafnfkSe79/n/9K/eZQNSakYIE3S3/Ou5jve/sULFxKpStm7B1Tx5u7dd7q33/pku5PUa3Dxx/7exY3Nc61WsrjgIYqL33z4Ua4LPP5bS8svuWY9Gq6vvPhvf2H1Hd96w8/8LLu8xIeeZ/srMw5F7qoteoyU9Z1O3xNu6+Lq6tnzQSdm3X4BdsS66AoUiBLFEOe0Mwk20sVJCDtYY554hcArFaRWF3EnQUIDDF8nrdBdqdVyXFb0I8cJ5QVwspuwwGt0WqurKyvLy1HSn92ze3HvXvlUoVyWMxcMuqiSA6cCXWnj6kW9UJZRrldqkxNTM9PlWgV8bUqzNjrcTIS91sxZB3QvpFbqrQiUBgRIY3K0ubGxvrIibTTSVj27uDAxOVGfnNRGdI64iYSChQjbTjVQ4Ji4kyuVsC5JxrTJlPnJJJOTXYk0bAnJs39p7djwFe3wZFqB54wQGRR2RqCvccoGEQRwsNI5GSBdvfE910zU9qauTUZ8u+Gfcuf745JUby+sbhc8xVug+ERYE/pw0rZrACjwgEWB7Xra42rAcqyEH9MWpJ8GxKB8ApHWivYzSpVOAVybSOuoHxQKSh4DeVDt2VcVT1/nIOJEqrHDfk/+H5LJVpo2ZV6IXRMUEPTjUqgLNSxND1hzzTSHsczSw/Icg9lEahoY8mVTIoCVwx3+rqfAJi4ODxwl8B+D2Asi1Rxyka7iUMYE6xGgSQTiaRLZQtjv2u/HoHrXiBncIA8NVFKRqb9Va5YfSranwaz8wNg4U3LLDENHZ67Ma0aIhiVNk9N5f2mVSZ8atghyhmW8amlnSzZhjkyN/2uWcsOADQ4WWi6Z6wA2kWs6yYnBo5ScBN2wK3kxzAVJRBn6/kHjKaeQEMwseQaG9tCRmbnIWV5bzvVM18KxSq4JqMO5jtuVEgRNoVI5iBvNg7AWj3KeOpr+2AtYpkkynO4MOD+KOSCeAiK9VSqVGAl9v9fj6AiEWXXd4nE6ETowXqlUmpmdaTabDWk73NwEb+o26MZCGhvcCaFAoiQiOCND8zPbccox7JHMkNgGeqJxZMOnpialGf38uQuOuyZbLesv6TMGRCRoEud68HmBG/hBu9GSjEVaLMNeZ3qycujQvgvn18+dbZRLs5y5rXZXWmJmFiZd4W42m7dct29ptf2Zx59thh0vKOE62mWW6McGcFVcxTUResGl+UvK7dIVlWDiWgpwg2lnIserJxnZ0QC5hEVQXKBNDte6a8qCTlDk1/e8hPvNJLkY9cuOV2o7ldW1mrS3T01L8iEN54Wg3+5LyZ1Gn/qyjkadC6YK1l7wENoimEcLLCHKriPXM7HDY3RwIiIeexAdB2AoMfgNFhhkR6SLfIe5CAKBLYQEL4G4Pk4aa5AmrZKCUGh0DIdQjkxImQWSoZAkGLuFBcWCAz5ONAbBKBIQfUImTQaeKsJus+mCo6EA9iW7CK5yyPnJiO7XaJuvobxwrZIma0q1p3i6lGErE/Vut93vdCIRgjgcax2O0ByL6zPwBhaI1C0h4bStwo3OHgXMJHGlNAlD3PM0zM1A1Lfv8lQ9qlUjXK39YG3R73Tbmw05SNxKSY6rmbmF5YtLkmPDUOGugBCYfa1kFG7Br01PdtttuaRvrK1X6/XqRJ0pN5WcANv9XodWEA5yE/SQw2cXFuRYvHjqlMxaKZdlgeV6bWN15eDttz39+Yc/+T/+57t+9EdgkxMQ4wTinQmrs4f0P9MtGVgWDpVWxk72Gsmcf03l4O2TXb2XSVVhVMuxzfj8vt0sHDPIiF4DifGR0PYoMTueMz5OZI+cbcTNXsL5OD5OaM7lfJzQXfs8s+fVPGvya/aTlsn1jvBsmUJO65eWegdmVbAWYSmhlT4I4wOCdsDa9ws5HdzTC3cIa8LI2o31UOgTLFBhU9RTqhTr9FWdjBwgsleG5Rp+b+evdLzZ+9jLOHmzrx0FOqGke0ykwjYfmW3bi7bqbsxp/SufSU5cdDAOAo5y8vxvWxeGpclqctM8u21B1Avpq4+v82fOs5eWnHgnYWGkJPern3V+9q3JDTNsp0nps7mOtzge7kRkg3zQRSU7XB5HG0y3XLf44AO3sEtK3/fWuz7ypeeOnLzArn4anI60DBvlBMWcM7ZjZyfPnwnvPOAH3tdg/XT0XNTuXT7dGTLPrD4gSWaIAopnmShLNSBpDvQ7knJGKpBbfkfovNe+0GudTeLQK0yV6wcIIJ/3SsJUyE7Lb4oVkcQu03oXw126HHdbhuGpJNngzHfdBdedNpOKa6x/WqbGmmS9sAzpqbFplBj5Y0RyveF6of/227+ze/fud73ruxjiTqSq5Q/+4A/ZyyNJkZ9fSb9KY41tm03n/IWoO3qr33O980vhRiISrUAU/SRsxR2mVHIJV/p6rTOl68pHrVyWkPNOHR3GeL/DVcxGd3mjs3zkwhfkA6WgWvKrGhdFdBvKv+u67ykH04Q+MYxyoM5bpe1zbP246iKlhkJPJ5moLiy7ny21sqcMhzk8He1KBk4RJMoshFoO8Yn/bx5B++AvfA7eSzFxeOa9OXHBQjakmZh+jbIqKXSLjZ4ZFCLYkCsic8v6ZcZR7lkxorQdpKdPs3/9+xwsO7hFiGXgDGzXvPiu14g33sDKARteZybWOuyrZ9jnXnSOnk17m2kyubzp/IePJ7/wDlYvXFo90y9t9A6MWdoFZt1n6Rc3Y0E/yWw+YmXLoGT4aD8i6klhHbN36XzlyPKFr15AxIlQuBPOY7xN28ljHGSJvvLMY+fm9tX3HpwWOROrHmKj6pNWZPTdbEeKbDdswxusHmW2Nsd+Ko5/RIiC731g/EFYq7ryb+gtz+P1Wnprou7KP/tBeYya0Uu/trzyKRXhhWmyCC5PPvpXnTOnb/13/8EtXlaoqbR9difm9tMOPiasWylZyuenE6fVO3vqXNRoJ812kjjFIJAqNMd1pCXZ5awgFZu0FJbLadyMh7v/+1Jx6gRSzV8IykWpy5XWAuGSu2jwBhoL3kuE4xeE74aOCKXOyfdiuC5c1zlx7ETYC7vt7nW33lSZqBYrZdj+BzF8k26/l4B1V1q5ep1WK8Sw5LWpqZmFuYmpyVK5JE3jCOFLkJolZCtyactfYttoTFeZhif6QlbSyGql1ldX11ZW+t1upVabW1yQzYco6lJTXSySHVpbt5SNCmruKEWWEGLQfL6jdMkqJnq7sOLFGNCJCVmSsc8lVybqpe3VxVwbPZkHpOhhHSU03MQY2pJYITPUbkLsZyn+SRsWQQq4cuvl5Prf/ihYVAoxEcKMBGGPgYEGqtAy2wuwwxubnqPUTYYA9VJypCEQY0XBdJJIUDPhjY72M8Az27cM8MI0xGjMzGpAmQxME830V7BDrASOWznCi7BhvuIFnpG7EFnFsM1pB6ohpoP+RBBnI4TwRv2QkYJafguMUw82TcFA7+359qfkSsGuO5+WEBl1X3YcUDbwFc+NVWjg8zG7Z9AfEyQMD+QR2iQ7ONOBYUy0JgONr16ng/7s0eNMCP9rciUAABAASURBVG1UQ9GuIWoQ1Z5iy3m4UHZ3DaHOpWHzO23LpU5/uxO2vpvrt2uYzAYWTFyBo9jOiZ4BFWQFFHwHGyPxoWVeLUuETXDY6MbyK6qGGqxF7m10MSNF4A91xQF2D1ZZ5MRgdwMHP6FUqcPwRsyJWimpxSA9mCo49CKXRM4hC15NoJAs0sjgqVynCI4+p2A6jGCeOMEZxr9jXO8gM6May7D63EiZQi/pwCkR7ZHQNCDhmY5SJGIs0ImgwlMxX5tJNPoGHBU40uacSF5VrpRb7Xar1ZJNQqykl5B/NL791jcyUQvwLSNmZ2fbnc6pU6fPnDlbqVYmJiZkObJ8Sak8xzU+owhxQhzUwegxkrHIPGTqTnSAPbEzHaj28T46qaEAMjRQ3nK5HMVsc2Oz22lvrK8VAl9WmCFkD7ZQk44AKyC/b61a7UXxyvKqrNTMwqLjBa+99452M25uPhFHnUZjbWFhTubttrrV+sRUpd6IxGvvuOnkhbOPHzsZlOZiJtsLDvmYE6OygPa+4JocG5ugt0cEmEdsyMdUUzSVk3RQDWbJiBnnXTtPRgiy/tmhaLF1+ePV7RqzAa7VJNZP45FMezmLM7J4TqZEAYBkEk19VPeRroD2cnmOU5ATOmFRI+5f6HYqzC0325XV1YLrLk5MyiVNpVSQUlaj1Yx173OcrXLcxIK8nsOACYH8Repbk280kfhSvnFEhXkQwEYuWfqwGOEhOjGRf33ZBCnPxX0dzFJedzxfLpBIcQQFAj1MUKRJ2SHFFcTZTYAX8qKB/hOJyBIKz1Gzr9/vQXwol7k8AMdFDJZVDCY4lERupsi9igMAYSbXa71Ww5OLNC7kUq2ALojAURWKgDg1Bml0YnqevUqTtk8zHaBa6/JRGpAS5OyuXfK7rJ29CN3ZC+WXkIsOKa4jbceQXBqqmYC4jsQWfrssIXC3MC9C0ZkkYHA9RScYYwfxnbhkQ316Sl0JWT84nVOFixwuLo4WoT4XEFXXW19ebXVbN9x3D/dcuaKWC2zJxCUzkCvroFxePn9OrqInZ2YixFDL6wJi5UZMNNaXV4q1cmVmkmOgTYFsRZRKjc0NKQH4vgc7dFwnkuUE/tziYqfZOnnkiCz24OHDYa9fLJcrQeHQLbc+curMZz7012/4zgelkl6KDJIrMYrD547EOQlBzIjRjjuSKwyDFUO+HRv7E4/8yUaIZSZbygh2/q5LSINLGnYZsuk49RmvZJwnSJz73R7bMWDV2LvHzk9kR4GrhOXcAo6bnYil6BDTiqE+TkyBzFph8ew52ScYyyJOTMcg5c+XOawcdTy6HF8/q9/KtepUC4dmxylqgyV7SGjmogsAps5ovQ7BdlSjLQ2x+l8p9RCDIlkBSOV8zAXQKzTxrLSU31PMbeHdune5vSLJclBnL+PEg4kt7ooRu6XU0susssz1EefWkzuTCH7/y/HzZzjFqcDd7VxQ3AQ179QCyFTy8K7kjt3s7gUxXx1S2u3z4jtvkv/GT11gj5/nj5/h682xaiNZ7q8+5Py7B0VtPNuPSHFi9HMI7kRn050sBgMzpGsrusj4jvWIo5JUtt24d/72G3bvmZ1gl5pkId/++lvvunHPU0fPvnD6YhRfrl54YJYO+THEjmtd4prr6yv22bipH7GvvBjun/cWp5xrJr+2uuLouUge2aWlESNjkILxjC8YPbJ4ZjEvRpUrGDfxRHKfh6d3WxsvtNefp3th72KvdWZy8U0Yf1ZreTT3TDmUVabFW9MymebUTCFE4273UfkqekucnPeSQ563nx7WRVpVM7zeLlPPKZbtPMEGrA1XOf37X/wleSTcyT99z7vl8eWDO/maJJs5GyQHU+KgtrrIzx9318NNfUGp5Ei5SMdEn5ijzqmjFaRxZ5SXUK1scNKhw51O2JJ/uhxFt2W2KO4pM89oHyeDyWadwyneYDeMkdTcdLgZ/1xFq3HMWNYLQONxJMdqjMcREytHlSOEGAE/EilqxwibSnZ17DlksTgnI9UbfkmeVHjq6UTBWLbrDZG5a/8S6gUi97gwx0tWZZ1dBcRJGKb6aONjZmYq+aE3szfftH0hUyX2thvkX/LYGf5Hj7DlTVUCU15e2FrT+Y+fTP71t7DCJez1Y0pO06K/PqZELSPepaponY0PK4xb+YQRS7JHVcpQHyc8fZceLXCzu9k78v4j5NWUsCZCBSSGUNbgsQKLIw8oFGpHXvn0Xx39rh+8sz6ZhUpYhF1oHIk5Z0bgH6gJ57kyMsfBpCdV2i6WNj3TpcrzXbaYJPnbvf4bfe9/d5w1dpXTxuONF/9jN1z3mTGhGnKGlxpPPf7kP/9nt//yr3ilErukxLe7uG0GSMI65k7x7MJLp1hT6mY95hcJMSdA4xpBwI3Ad31QmCZRmMRhHEbyDyCqvlOWWqdKySsXHWmr9sDSAVo2GFJS5wlr5cSFUDt9qUh1/Rj8VMsyk26vt3LxYqfdKZXLB266uzo7gaE5Yqnw7UrLlrRjR71Oq9nrtHttEEVmdu2anp8vlgvSKF4slaRdXLWRrOMOhAUx9tqcJV6fZFqrrP46A6rdhC+b6Toba2tLFy7EYeL5/vTcXKVWq9SqhYJPVpso6qv3YjEaihBrZycmDruwlBVO5vdlJKFt6vZPOjE4DKYHotCqjTwIQ9bQGKQcZ+SLtqyw/Wr9RmYNOgRDCxMOJq05GCsTpUQ1ZmNTiEHtMI1RME0zAWEcKxGwwHg0YRpbk/aJLo1ZTl+MrVFXb7izkK2TziyGKSSVGkrfYmRP4bqxlGA7pNp1bvk1oRoiItzF3drai67qn1wl7Vaw7KLC1EhY0ru+FKPIL+QgL1XKhDgBFz6wpZF8iCNV5YqWmd1c6O8AHBxRcJkEXbPI+ssv4UtFtFCgH0kuyL8a7Plk6kOYwENm5W66klljgGUSYk04qfRdBRbiaaMIXyKYAsEooAmgwwrovsUjVwJap6Han4gUcI9XsZ/R/w19CHBq0uuDP0JrTmEYU6aCL6ia5z8Baf7tz6QWRFkClGsmmJmY2vZvlzZKNz7qopnyg505ZNiMQ5G2nhDWzGJjJ6xVrDwMcCXuGEnSqvPwd2fQX6pA1VG2ZVgvTTOVtZbhYlDdocvPsI+RdDtDAFN6kjOVipQyumbi2yWM+7pMD+yATFkpydEK2EwJdImTPKgpJ4073HzS60X9vjxKEwO6NgEypRTlQvdw4mjxy8V9m5ryWbAEjHqhCFmuFfQVDAJe2mGReCZpRSiYBSJOXCRQZIc1s4PoAbdse4aBMOtzYM5Y6FFBJEktCdAhAc6HJF2bMsVHxvZ0Iob85HqcaDkY8B+FoCDf3ev32u02RJORpl93Zxox0s7KGtfrtanpqbXVteXllUKhEPi+JGJg2xPCTAZqBvFIALgIFb9NJhfQgZe2AFKNGzOrbKZ8dalYnJicWFtdbbc7rVZL/gwC4XrMHtJgbeVCEnDAnfT7Mlu53SwUK71ecuD63adPLj399DHfr5WrkqzXZd+6btErl2rFIA7Db37g7n7UfWlp0/HrCbqFYAqRkDCNgBlohJuBIRuxaXQjx5mil55EvppX9W0v+yS2YkF67WeRcnTfidQM6BH35O3QFZtCXOj3vDiWAn6pWChLW3u5JIcfyqFOp9OWSw4ECqA9BPDjAMgCzF0C81/olS/nXG9tTQK5WvY9Jaa5MfiD9MCTIyBtHSfpcxHBMikEhyYJ9wSuvYVcTQnSCqNPOOOpz3G9TLtIWHNsBbIW/qBqsBsJw10AGFDeKiSJXyiSSCxclL1gy5i8GzJVabVw7nd6rrcpn/VLRSkcKVqaykaZDh+6Wvx6SCoMElOrDV9S6Vq9XW32mm1YGMciFbA0J1JwIFcSNA8FSUJymCAZ8CvRcqja3wdLXsYU62XofI+Nz9yFORpFCdRHC7W4HIijuLG2Njm/IPk3wJ4QiiRz+EFBsp9epytl3KBYkHOlXK3WZ2Y2LixLsb7daDTWNwrVsuRVLAJcIJi1XYhr2+/IFXrHL8h1f0m2QK4F5IBf3LOnsbJ6/Jln+u3ungMHKxNV+brKRH3PjTeefPqpxz75mdd+y9v9ki/XDXLkSpk8zhO1SxNoLj0N0nCeXVTbcsOlyluXm/KLhJcHJ4Cxm+CouzTBQa0sx889xMcJ6bVDFWPVxp1kHGKJ9C4T9h4+tQLI5OEq1KftN0XrYfVk9xxuVg8DZebeyDc6cUq9RWq7Vt4daJHm8CzWROjwOoyRMwgoQV2xAu4wUuYr0UXvNjEeU17tCbkhSy0u6dURmXciq76ak1DdQeKFGrr27RQtMfpxNpBh26798unk408LhadUFFUwMxfM1hz0rPuGG9l338pmymycdPuC/BM/eJf44mn+50+y1cb2W/nbXf6rD4t/+VY2TlJiE1NrAoMswXmue5MzqzOJZIyHO9kJSS8V/Htv3n/LdYvVUrC62W51+1JoqFWK9XKBXaG0Z3ZC/j3Ibtls9xqtrqSHlWIwXS832/1nT5z/8nMnu7CxbCdpqzmZOaMprSazuc0toKWC4O3Y2UmcsJfOR2dX2O4Zb2HSuarYk42WOLsWrTUuh9ZsseTR0zZ/cXhKe3FovtSXSWK9UY1Ljh68kqjXXj8ir9YnwHa1udFJ4mancaJcO2BYIz1Fqk+uPaDo0JzWfLE9nRi/oVjFKDpDiJPX3rlPmpke/sqJKD7mOHNS6E55d7bMRHthYYaPMwsBZrWajaZa1n3rx5VgE68s3IkY4wpjLKswHfOh9Nk8OUwlFdJZk2/xRChPJ7Z3E7V/mmvtkI6BneaEz4aqQxSMEhWb0CAtSOK0ZDAttCUYU8bkZxnpcYiPE8G2Yo+XlEZ0G9lRmEYxcuV4hBAkKY6E7GwaieJYSEiqJyJRKLCpZQLk6N5y2GuV/UakOBX1XlMazTNHGeh52ieWqZ+rzd+as6v607YgNnJ86ZbbV4yaXfdK7nExusAdpH/9J6zX0zpC1SCwK7/t3uTd72A7TffuEffuYb/9JfbZ51WrzSJgedP5v7+UvPv1l1Jhrg/a1GcPwhQckluwDmRVF1QZOglmrWVGnKun9fC311M8e+X5P39WWtBxqynq1JnydJLgvi7cDIZYE/KDAlp/8IbSD+PPffzYt33vLXqsblMfMVCHXG1zNi/T3swEzqlb01Zq9SL9NsKbviLyn0CmfWH0q5wf4/xRx3nScU5J7SO7Qql/sb/xRKvxZL/xFO+dc5WTMjUfyMhINkp1pXX0+Sf/5T+/5z/9KrvcZJlZ6JDjr9tRQz76otPqBwlgN2ArsQu6zQT2z4HVR/7HpVkUfcJHvb40RMHmUV9aEQpBqehXS27gJziWQCEBoDsHYlNAiHMWerDZVKo+I9giDYvk9Y3NVmuz1+1MLsxOTc0UKiVG2/6kBjaKwdgrbVzdDhqbRbFSnpydmZqdq9argTSqBAXcGAsETSj1mukatXFEWBd4BsVLNIs8e6DXAAAQAElEQVSIairwo5MSJ4r6S+dXNtfX5SNS/1apTvgQbQTccJMzFVOG5kqZwrMGRVpXKeUDuzpJ2EmjK3KrGJ5FnJir7IolMVgr86Kc2dWuVy4nI+2Sir6CcweBJvbj3E6kXrdap79Iqio0R5ExD6sxYFdpR0u/Uc23lkc8WzLXgr1U3zKMyCRnElDZOEKvLbEC1Ch8AxJMbqG3eeZ1YrsKGVnOjECjO9VtR/rk+l5QABRXpVaRJ4wZT+rpOkLzfePIA4J6o18TwJ2AsdYsDnG3p1VBLizPHyIFY9k9k01DhqVgWTcMZkdwtsM1DslVyZfm1yDAcQKVSuLE/hh6SKjZa6zX3XYHwudA8HpsYBiiSEsiMR9CTZhVGcWkxIi5Nfjhsisdln4mu4vGUXcP9qT90Udmu/Qxf6WSMAdmDdF8BpWyN/J15/krugeuFvHNvUxsRVNpyOkgDVuhc66adUPY5XMuWKoLJ2SGUkEi6A2rKe2lYS/s9aVZSvJtgJnKW0icjY4IC85RPM4y0qwC32t5xbHps34gT+CwMo7K7jhe4CuIifJukoremvRYLWSGtnMzBowpmaGxUD+P2dS26ozvIqG8k5CT8/FAJ6O+mxDmlhKjCXdSLBblBaQ2PdmwYqnEdqIMS5T9m9cnJmTDpBVwZWV1cmLCm6hLsU0aSXE9na4zzcAC6hi7KeoEPmriOJfmc5WPL9xQq2WSklWz0ZB2S2nWrJUrUsZKF6NccxDstEq5LBnN6ub60vnzC7v2lqqliYnqHXfc+Nxzz66tN4Kij3oo7vu9kuMGHq/7Yle9+LpbDl1cerQddjwvIHs+artwI0haWcdQatr2QXIH2YFhRjhOSnw16TZSCLu26Vq/7+WUSGTZhlXp/R9CkP82syNHfkgfIon4bleEK3Hi9fuFTnui0642N32XVwplcPbBXQRBC0nsaGkJMBJaPNC4BBwLrEUwwaIDnJEA/pUVHIiPBYh3J4LXETHBZXZC8O444UkSSkGP9mmBwyHPgbCgWCx44Ylw8cMxZik1madxshIlBCi4LtfVYuiEKomRgAspkWF+7gcBwMh8nyY4YFMSV/BYKF/YULM4CXvtDseIgKHMDy4xXGYkTqVaMqgFTV6/5tLC1UxC5OQ2CmytVg+0jC+US5XJibDXE11FqYz+XzM9XIEi9wJnJw76zsI1qbI5GQHRBP8TCn/vSfrj2FF1xpv0AsEr3DgKUn+I9lZbX6J+vHFhqVqb8ItFx2NS6E/AbgRRJ6WU3NrckGOtVNnlyPlQ4pMzc82VjbDXlfR5fXmlPFGruHW9lQQ6pVQqyirL+3KN7gGs26H1TLFUnF1YXD1z7oVHvrxy+vzBW25e2LsoV9EL+/adf/HF448/PTW/6/rbbnKKBaTHkVbvsbEb+/VFBTk6kqVzQ/6uPevJJSWcKR3P5VRmB9gIbu+O5Vo4UF73GcviPBjLrPytI6MjTxEnjFk4FcU+BnAqVk6FSmEsp1EyZXL7qGrCNJVQtgEL4+Kgaz0SOxjRCIZukxJyWQLyJxVDRgS4ogPu4DnXeyeUmxOW6lLFdmqCV26y1+A8XdlkVoumKzK9wBl/FffLGEkYtIQaIbTow3vDsCZb/xx6ZWjqhOy/fjaEjeiWXxNuzwh1ympl9k++yTm089g3Mt2/V9y/l/3Jk8nHn91+OfPSRedjLybvODTGcKD6kdFS405o2tMMp/ltcCdMSQfj4k7GTMXA/4G33ztdV0gceWLOr0aqlws2lqVaDu67Zf+B3dN/+vGv9MJozELsCZifjMzozC7R2clOUy8E6MnpJTZdc6aq7nTtSjLTdo+tNuKVRnLp3k1yKTM2hgyUYQSP2c5O1FDUzzNm9L9pqWY+WizNzEe42+tcpKf/+89/53OnV//Fb3xcnofdC6J2gGf8rqVP6dJQ1rW4p/rcOW9teBpHS/IYFLxf/KE3yJMHv3ICZ90mE0U1fYwpRfNfbmFWMp1h6Fq21yzOuNWcu4LLnH//i78kK/ld3/WdDHEnUnj+7//999nXa+IDvkM0DyIrqdBWGdr+lehlv0gMpsTk0YgTS7YTSsGaYi9YxusJt7yeKOqNUcMpP+ak/W5Mezphw32ccJa5ewlpKBXEkyxhM1gNqqzhNEo3qq3ydF17OmHGRG5JQMoTicj44hJDt5sLFW41X74qR9WXGY5n3qtpj+aMChnDDO6HkbcPpWEY2S0WcRADd7dRBF3y5P1vnxLnLyj1oO5tSD/x7fGDd1w6m/jR14nrZsTvP6zHoS75yVPOF/bGD+zbUWEsY+dmRull3zSDM/tQFoLC7TKyWcXAkVnLF5UsAipy2A6uiPGph081zzYS1Ijg/i8IjSLXKIgv4UGlwFzeavYE10gUvE6+vs+e2Tzy7NLhW+dNacJ6lzXEMueMjTwO9GN6opsy2D3DH0m7gZvZOOQNQhyUf0nyN9notPSL/6b/9BM24TNH7dM4fytRJ76BLtA/CRky8Je5QsfGs08d+bX/fNNPv4ddauIjzvH1+jrf5sGhiZrg96KC6zuwncOBeN8OWCggSDXs7IpFFMf9vjTExuDsJPaKgVcueOWiWypyT8V3lgVJ7apcDUMAHfRb3nflHzgOjYTogf8SyVRYu92UFa1OTs7uWpiZnZVa0lanxeAlMYawkCqvVrfd8nynUC5PTE/PzM2WKmXP97E+Dn2UZKTawlhYSFBJBokVqnAVJ4qlQjiJV5eXO+22bF2pXK7Wa1KHVq7UdHmkObDFt6HGYCKnGWd1V0lNRFZz49ok0cF0bFSGervW2mdqIra0kY6XLB0123qIpe6i1a56BfqhXTpGNYSOKnRKUscmmUYpy6OrQgU5ach7CxXETRcJfdeqzKVypiHtEtlORYEfutbRt5SAbcLKkAob7X3wO0Y3JyrwOzH4hCmnHlrlpFaxTOuvRN5ozS0qykguHwZWQLsafAgwMkgrZ6Ui5xTBTTwfNvNGcnKK2PS541jrCD3YoijWgIxI69aUxRpkIcKyYxvJ5YneOG5/nZ31Med29zLTQnNOA4M8mqDNxSPztJap9CRITLscGlxoskFiDoStD45b+hDMK4TzWDs4SYZ1dK6OTDntICamdgHmU37Fl9OHqY0AmZbmF2hjpys4yK9iIoFWqNk6DiXJPz14bvfYAOLk6hBjSon12gH5WXtA3f67jFPFS/m4isbqnwmtxRykVBSvRiAJTjCAWRxGfWlW6nUhmI4J8mUm/FbfSHFezYKEJQmbv5QtinxkH0GBAYi2owcBRJnQT+PdRL8k2xuqjUJX1RaOFU+JI/Mm/a8S0MzaLxUwoSCY/mN7Osn1hFGtZqc0Jc/zirxItiVJfSCIQeDvCPxBJfuFoD41ObG5ufLCsaWlJc9za1UpuMTAUFyeWcSiCybYte9LSzyPIinJRf0e92Uhvm8ctV09kUUepUhXLhcnJmoihs30m6VSIFsN7JxrMBC5mwcazQGhUm73Ousbm/WJ9sTUXKvZ2Ld/9vY7Dn75y882mmvSui7/SoVit50AcoBHpX70wE03Ll9sfP6ZY81OyylXUvtupiapSEdAZaE4hOCaZdHOKXQA7todfsUTZyOVF0Kwq/LKl33SXtAEeczTsjUlctJpiGqqYiFyom7CQsODrym5vOOGntMQfS8OvU6nsLrsxrHPuT9ZcKXs4zvFYgnFMQikJ9cqAAlJIqBDJIpJGgTbJRNlREAveRSVimLuOOBaRO1JQhEvFr4biyAJgC+4UdSKkr5cGcmypf1elgRmRY9w0wIsjDi0Yk5xwnAhhc6ruQq9jJG5mEZjy9JjoxdTbEVWHHAnEKWFokxGaJCUj3vMZWES9qFeUvBDwHMSdnqEMoTlXcLA5UnArXDL6AKKp34MBNtymL7qElejiBhWQk6lCqVSbWqi22r1O90YdlOQXsZR6CCkIuDUD1FJjusHcqWKAj5yEUFDSRqTmUis3qROThDrhmAj8kQMy7mxeIFelXK1oCXwEKpkMGQbvLy1srFWWZrftycJYyS2KOUnolSprV+86BcKcsFdDSZcx6vVJ6tTE5sr4IBH0ueNlVW/WChVSxBISEdhk0K2HEXdTkf+DgoBydryPbv27mmsrh/5wiPHzz++cX7pxjtv33Vg78z83ME77nrui48+9bmHq9Xq4sF9Apl6lFgcmgtujS2hKbY54fxyXf2PmWyWnZVLrjUZFpa7wmv/9pGJE7mRdObyq2RZh7bLN+jjxCy2hMFwgChF306wDGoks4gyq3TrPH3WXFHPchXgLN2ZnX02W2bmmC7ehOXjxMadsNTOb4XXUUwGrih8CYbNMWcsPUfyI2tIflAyCJVtED2TN7Mx0+Qh+9f1E9yX/CTe/rlKgR+YzFAwvmu/OHeSjZH8/TeMkStlSDwFJI1iU5ao8HXDxS4ziew6T4+scc23dvqjR/utVkLzyMFYgRz3tnJ1rnyf7J9n//ztXiVgl5P+1h1i70T8u1/Y3gvT+57ib9jPyv62A0I53xAW7oRpBAmJnTbuhOkZT521Pe5kvPTO+2+9qiiTcdLsRPWdD9z6/s8+wa5EGpyL2oqZFTh5xpeRcnbCLjFJ2nVhPZF/DiCceK3kVItOrcT9na/yGx3R7IpmJ9lsQ8TFK5qyM81KQzpNGZLzeiGz31uMeJC4m9Yxc9u2YTyIuK5yzn9xo33b/mmcsHIKF7RGNf+U0bTSC4Qyh2TKxG+ofatwogAAb7rx+jl5PL/W1k8HzNo0aTTg9Bbb04mZXkaeEIqrZrrwEgjXZaZ//4u/VKvX3vqWt8jzd/+Tn/7ABz64tnbVIy9cwbTTWTZUM2n7C0kGfIfgCEGnnIxprAnp5fUWPY7g4uHeTTT6RF0XtCJj5IVZMCW5KXmMaQxEQqgL2FlEEqPQnAjxGakMmfFxoltjDatR0sTg9Z3pbLWE6TgKqZDOZGuFwhhLLe5G5sR9MsJSxKa1VRNOaVWGKqNJOnWUDxUmMmb2jNXQaGFT/qdntHmvdaSaMz58Z53QzRH2FaNIH5rZOt8i8/ZppcHe+ykVhsDqZ/Zz3yfeeNPl0om3H2Kek/zu582SVnXh/3zceWDfJaxqdV+qX/pi+iP90PaXSB9n+Uu6JJ6O7BFeQ/L0NHvXnDcvtk988jiFskBfJqCMphU+D7w7v/ngdXfOy/OXnrjw2KdeUhGzaLch5pdPff5zJ647NFUs+HxrHydsSA0H67N1EmnfmXHK8h3GmJbn1BX1dr7dOmtEavzVh/pPgxBluJvQx6fXGx88c+GlVvf6SvHbds3dPFFBZRyz47qa8yON9ofPLZ/s9PeVgnfMTx+qlpiFOMF6inPve+/UfffPve5+dtkpJ7paN9S/mb7I8V2b+6r7cFblPqiPPAdVnqT4BA2aVFUlUT/q9mOAOAvHc9yCX6gVvXKZFwOMD47DBuNZQ1555CJyndhxQlf0kXV4QSBtHM12e3NjXVpDJufnZxbmeAA+yQAAEABJREFUA9/rx/2Eua7v9XrdTrvZabekravXbZdqlfrUxOziQq1edz1powHECVY7AR0w14727KaTZAKHdI4D6jEN8sKNKoCAGtLA3NjcaDY2Zd38wJ9dmJucni4Wi7hPUOhHzIiwtJGq/MS+bgxMV1BNJAYwE2myoAymdZmHNVDjitVmeMUE/jnWO5WXC5XFqjBxRbsNug/VIyYzw+2GqkDt10SfGkiBMiHxdP+SMJ87jcejCYrNrK9I8/U0pMqr68bpDEOxSGgfIdQDcDdhcryhA26VmSl2z8wnVMOYo8bVupob8dS2tB5c6cQQhERABtzfiv3MIICUK5Xn6OCkRJGq5IynPe8YPEYIFXIX9ugK2kjJOMEyADMWxngdlQdK7kgEBemglXaiZDSwXpN7FGap/kyFd5wS/VlTnxbk1wTBJr604ULoDTNg9EZBorwamsIJrkTdIQ0CEXht6YdhCMZ1AMQlYYgnet0EoF+tbGfZsWR91MwcRaE3yVyy+IVFLvLJKN7tu2JgpA59Nlcsv1S0ytcgceVpg+YJ2zET50xrevUiNMvbrlIyE5xM2HBMtuxzrmwonG9Nfcah1pf2cXEYJ7TmUqgO3IlNnv3By1gIHk2SOOx1utKyJn+q3baoBddgOG6mk1B6eS2JWYOQSJnBjPPRaxx9xgh7AAKGi0TexdBpLmH8yUlKVsRTX52RxMbQoRHSH6EqZnLDzVgvTmmw6V3EymJNdQO4mDDAYb3T+BJBJ3azubaUqM+A4G5pgAykAS+BCGuSDAEU0HHYeCoRA0+RtnBJ1GZmplcuLm82mr6/Ekh7Z7UKw03wmJuOSocsQnehryVNT/p9+ngegvUuiTTvIAHUplCYmpqMw3B5aXl1dTUIpNGzIFcjDgT7FJpjUbSzRNZS8qleL9pY3yhXVkulihyfd911w4WLy+fOdTutVkNazAslL3BFFEpziGyy0w/vOXToxPnV0+2wqwmDJQFnV87cum2tJugX6tcybFU/ddXJ6yuFen8Nk3agxC3OTItn0r+gkMJ8sLy7QvhOKEQzSfyoW9gMS3Fc94N6aaLiF+SYkyOQlCH9Tk8OJMDNA6VMXByHHALew4RREqpDRAaHkll4uq6QcxnHsKwPLIFcEbteEkBdEnkhjmXRQIViuTYC5C/JeDjgk5gBtikCWDYHlL+D8jSSZYYX1bgEGpY4HtEmec1FIQtX7pKI8Ch0ekA3wQOFQ4G0QFAGwySIO4y4LfjZi0LWQ1SNQ3KMFpBU3DJ7eH/dj8TUIV6xXJ6YnQ67vdb6ZhwnaYg3LeUq1YfsfOBb4HKK8yhMFExKl+cwo0pV0osI+6GHkZoc4Sqq5IzV85ylWhjFzVSVNNFPeNSJNs4vT8/M+iAl+wkIyiDTM48HpZJkPetLy8VihYFI7UzPzXc7nV67zXq95sZmuV71A88HcAmUDZGnXLdQLEKeTke+DyM0wavkAn3Xnj2tQ6unnz26ce7ik40vbK7ddN2NN8wtLq5cv//kk08/9+hXJPGf2D2XuLRE59bgyjD2gSvXKGWGfUa3O1Jq37acnSZ79r3s5HgFbmIJv0LfR4yz/SXv44QZZbNSHJgjyx51pa23sRQ1wqxnGRvp48R+i82Y+UCZg+UYFWm+nozphlOEHOpWnL1m/YKGEHqVo7SOtMhXtIZbFeH6EaExKFtB1nh5L5u+Waw+x7bt+uu+2/4p6/Eth70PPbO9q4O3HMoHjCy++ds7f/Jftn3QvelOd3Zx6zx6DUW9ZsFJeEYBKrIkJvvs113SvSEsA4MaRkLf1kNr5OQeXJxsu1w5tZZ84slQm58k36GdSTEQt5gZK9pt+9jPvd0fVci5BnvoBJNmiHceEoXtFmRv3M8mi/Gvfc6Nthyn3R7/06fEj9zDtk7CbBBX/SJG4k5MT2IyOuqtcSfjpDtv2HNw9zR7GaRDu2duP7j7qWNnx8yf4/Fi8OoIlsdZFi2RdXZy+cxHSl8bLbHRiiHSM0j4MLoCnxXBceHw4gVsnGX9vuiGoj+ut5crlWzFFh9K3JQeWA0067r9fFbO4tzY44XKlPVK4henHKecJO2LG539s9Xr9s0cP7FcqOxlmU+kntKMzlw2nDRTZo4/glrWW4zjC3ccBNDJufU2tqXi8DpL0aWpXZqn6IG8pxOtQdT62R3iTq44X7jppptec++9dH7hwoV2u81efikVdy67GJNy81ukxI/ZPk4okS+TBFWT5Dvd9m6iNlsoW45IJTyNO5GX5ooLb567703Td8v17PnOiU+c/NOnlj7PyJBte+5x0Lmc7QHF4eTvRJDwRNgpXVuWrafVMj425R6ru6yf6YBXc9NJHRdxFa0mVRJq6zuhuxyWZy/a44h1ncqh67/14RddR2ul1VGo/tHvTVvNM8pJa3o5zMqq7EAUwUfNU0Y7KUbIXmZmixGdY98XAw8OXtlZ+vUPp5/U+Dj53jcnl484ofTmA+zYivjskXS9ILths80/eIR/x007qrA2YuI5s8V/rXhg1ifjzPplX+HWcywti2vWItJ3pIINVj1DNDMv0F5J5DR9/i+fxT3YEEs6ITUc7aD33fu+55bZ6yeo5IN3LlSnip/8i2fJ7kM+HzEnaOA+/anjD37rjcLqMfvcrq1dh1ytUpGM5RnBIPUXg5d1o1iOg1CxfICfjpfCpYuNP/49ZqFDBNEzxl7cbP7QF54Qnnfge955nrE/fu+H//C1txyolmlmkN3VLEOPt7o/8eXnhO/LzMuM/fl7P/ybdxzcXy6yrO8Tmff5/+M/Tv3OH3qlEtthGsoidaszPj+GdMPWM1UnqYANZX09N3GBlAM9RnyhNERFvb40OzPY5gQhdZxSIaiW5FFIY4HnxrFCP0RSeybVrSwJXSd0Wew5sKHPd5Ow3+70lleWpW3b9b3JubmJmalKvRKB2wSpb+vKV3Q6rU672e91Xc+pTtb2HTpYqpQLRanwgt2ISBvJebVSkJIRPd9cC3Gie0nkznHDcyj1rp12p91qRaHUvjozu3aVyiX5R44Q0D7tpLHkMhNvZLLfZZnlLj3lFCnKvq2NR5RsQ3vm4azGzK4Y28nbB9O27cpqrGkPM/mWIHunba2PrTbicEZ0ibD2m+WSaoLuBJF6TeOD3cW+VkmkwjACmCJheToBy4ESogyHUFKGrTMxrMQaVYzbG7dSvZPuFrsKIjEx+PwAMFtBsVAqy78yeARxYbO9oCgLGEsRYSIiZSJCm18TRuCMXrcP3uLR84BaNQjcjMs5SzJDNO17/a3tfbNj92Am6dYBvgVt0uDbxNMJdvfqGZf59Okggcel5SVMwgiAJpH8At12WxouAWWCtJSM1sJomMWgOGSuj54CQgwSCaHwcEMKNK0Vo/HH46QtHnzZ6a4xjaiSGMr/hz1FCqBhtxRr3LYGTFyCmDrAUPDjbluOGHz8Gid7+Am15RJkPWmNlGbIsNeTf+jvRzJk8EpmVGow5VMmo+3vxtzm8JwGSR2zcMccdaIMKjganQOETCrM0fOKa64DeowMXpnPlaN1jOYdJk1a0/WXmq9Cz16boDI95LQrFweD8KA/KuqxSwed5BpMFeS46uOCEQIO96ODMQ/e53nju1wW1t7Zer2+d+/uY8eOr66s1kqVarkMvmtYai1T22OlCRR7B2zSvi8w5lAEQQ+hEElGmY41yK5EEmKIMzr5mSuVcrdWabWaYT/akHbNcrnmuvKG5noObWzhyFwKgV+rVNY3G8sXL+7eI7Vdyf59C4dvuv7c2af6/c5GmFSq1WI56PeYE3iVQqnd6++enX7grtv/9JMP8ZIrEFJloTnNCpOGMdfSQxr1NqPcSJT1Vwh7WX2F5zDPsbtxLHGv4HQpvac/H3084weC649owhgz/XVxridcIUSkod8LQhE3E3c1jEvrmzUnmK5MFUoVkBwQu1oqlpxELmBgRjA1EhRcACzkjoc+E0Fc4kwt6UC2TaTtHkaqcD2NoIaQOZEgaIHM6woY0n1YdCSA+AA3khigIkmQ4yfgeZQC6AD1c3D7lVYtkAPJBMkGV3FfiOgCJEoSSrVPX9YsBCgJ6av8QiAnGqzg5SrM99DXRh8pGvYkLOriqBty0VFEVYUnBB+Xap1len7Esl1/jvyHYq+KZGvumOYPcq1bqdU7E+1OsxXFfe76TMnkQDe1ckTARyEOBB5PfCn9k3cc3VvpRk89XkRMzIYzVwQEt8zL+tslYzFkpDnSqwkwavejzkars9n0igVwNgWvkV/alTJ9bWKysbHWajRo5SWHvrxSrq2GfZAAeq1me7NRKBXRf6DQ3lqAc8lVRLfb7ff6vh/gGx35U460Q4dv2ry4fOGlU3EYnj96fGJicmJuZs+B65qr66eefGZqZubmyUqlMt2PEltLaQ8kC5/Jh7Ty6qd0ATDs+rV5O7tWr9tR0lIYhnNR0+Kyv0hGnh+aIespROfV2jcl3HFL0GMD2BFtV+O5Ix/lHyX1ccIG/KyY0zHKNLoMy8eJ6jejoMEXGBmNOYmyg2TD6yhAiYqQLozsSlp9dR0kJh1zZ+t0+B+xL/9r1m9slWfXm/jUnblrf+Pm4OnzyYnVrbZp7p9yZLbcxeDgreHdr4+++vAWD/JKrfIdf5dtmXiqWsn9ow4j4m/wSxM8XjVJQUyGTtmBi8LqLz6QKz0ZQ1L940e6ZDQEK5T2awKoR2uO3HOIvectIz2cyIn4y590Gi2YDmfXk5+4f/vveNs8+2dvif/Tp92tQ8E8/CJ/1y1iqrhVHqIIZvIqwXAo7oQpaSnbOcLgTpj6lTEMbpumapU33z2O759rlN58zw2nLq5vNK+ABZ2PQIBl4QuIMsk6O7niM1kqQaJYtLrsZUMlRGYwbZmGdiNXi9yMZcjSXSkex1Plu1BXbK8kjldfeF1z+fGTy5uvPTT3ptv3LW3u9otzaRHaoGSe0u9Qd3nWK4nQAeG4du4sj743K8Tht9++V2Y4u9rkTj3wblW7nrV0yImCaZRMkghuIzhTjshSXN32uJOr+K0PHTr0G7/+q9VqVZ6vr6//9D95T6/XY6+EdKU7Jf0Ug75DhDG5clpuJ9q7Sd6LiRbmzHVcFXNxXeW6dx/6IY8rNd1i6bq/e/jnHpn6+HuP/Dpuu9WKAIwEyrRHUqHQJ6TfMXt206jK1mSxZDZmDyvGzOJQtUU/ZfXgJYsdpKZjaWQWBRgRQmTribNMWXqciYngu998Q6p75Xx1s/uJL5/7gbcf1EYmmBq9MPqzT51Sbcua7um9Wt7WKlPVS3pvMVPBqrndM1Y5xC4dhZKxfJzw4QoEa0iY5Y/9U+QWiea6lTlzZcx05Cx7+PE00BANhFsPib/3pnG58zjp779WHFtOzq5l1Kofe25noBOr+2zESU6rbv+bVb9nM2SLJcWFta6xzlUmkdbAXgGx7FOnP3+qvdSWai3YbA+4JZhgGGHHec133zx7/YRd8vz+iTd95+FPfrmr/ocAABAASURBVOD5hKmw2LQBWR5fPLb20vG1gwemBusjBuqQq23uPJuyDHX0R1YbgridjQtuQ3b0rrcdpvX/9lsiDDP+SHB0y/MPn1+RJ/Ovv/ftv/hz8vpfnDz70YsX/2GlZOVMNdOfuLgq62Nn/vSZMz+0fxEReyaWGTzXW1l+8Xd/+/BP/mO2k2TkVfXd7VuZuTlEVZJJxgYzcJ3hdr6IaowboZTuFjztwu5/MAtJy3W56FWKbqXglgos8B3fg35A1IkcObIr+yLpOSzkPJZ0ywX/bFI719hY77e7/RB0XOVqZWp+zvEdQpzI+vT63Y2VFVzkJ1JZWpuamJmfrU3UvMCT1nHPpw3QJCAp3EmCIXFzn5yzbDdZHaLNbCCryLasr623mw35/mK5PDM/X6lW5Is4z7BCsmFp/mMrvVmucOsRwTS9NRkuU3Wk7WgqyB2BFbgOIKK4iDa3M8a2tj2zK5FstdhgkSRFDDiHpq+QIO5ENQq7OFFdqjGGFD0nXdplW2euD9bE9P/QDhBX1P1MtkwTij0VbIVapyr3HqRSVjGDktTzjmkRyRVUfZ7hFSx3KgYqYUtEIs+WyUsKL5aKxXKxWqsVigUIUJWgsRnAFoK2BkOsGfVadHCCYBSZAYL/xFB/jKsVMYUz0XZYYenRRG7oiZ1S5BxlsuYjnIAqHqRCQLmhhxMCm3hcB1oSGCiHChFWbQjGlFCLMIBOn4zrIfgXCPuhIeVa96iYCQ04eD1NOuUOn1QP1PfD/aCTXja7LSbXxOyJZm/ikoiFPfjNlVwG9nJN9ry2zDts6OAh6E6G/dH1bCbGxtG6CvpMA4UN5BpRbZFKAONgXK4w8dlJSucRV5asBKdDQvsLYKLLidDrRT2wS0bo04hiBDia/VkTgmvCxYzMSyI/EWr6hw2wG+qolDkirJMTtUcTG9roAHpA8XRM1RXNH9GDWusgFP00E0FZDvDI02WhWtJmxfFUYULIMynzQCAxFVfoskAnOWmAObQOhl+O5nmSoIUY3Ev2RBAEqt1DylJ3cOGbySF7cWZ+rtFonjpxamVlZaJWK5dKkiLCpi2kzdp4Ig3k0krNIKQbgUukoIahExM3TrR/GfOFhPWpt01Ojm0ZMsnMDFELWnm9Wql1at3VlWUpihUKBVfKekHg+gXZ+RjxI1EvTlgg1V6lUmtzc+X8+Zl6vVitFALvrttvPH1y7bHHnikUasvrpUKlIHhFPuIXuBy5johu2bvnOx947Z9/4YuxF8TS8FuqkjM+GqECvYdpaVp+BQwXoMJeACeWPA94ChiPYbcx52aRoYmTZu2mrzjfMVJntKS2/dL5GpOTbYUnYQcU2KoglX3oVSvlOlNYOgVBe8PV2lIxa8fwQSYQvQFCTSzM/hzY++30/ADIVL/ntDvl9c36+bNF352bnQWnQC7ziz6LA9bvu9LuF8NcZeCSAXb1y1kT4xY7mB2Om+AWWkcODBfolbzlYR7u+uippK9EB9FzZcEicnDky0nXAuoaykngSsml4DEyW0KbHK2xTSByj+MlAClRLabdgErrJGKIxMBj0g67ng+xdeIQFbhybZPwMOZOX5bsQuAqciqYSHGJF1jY60ciEloNB9sIAO9CymX4wH6x4BcAYAPTL4mVc8F0+RRktf2C/FAZ6RNOk+3FPkUcBlJ++6qwH8ALA6PrCsn0uB1n+MjlKpwTTfBEUphSbXKyJU0uySYgqVE2lB9dKHNnzG0MJtYP4H0Yo06tl8D/DH5yjHiG31SgRxQIZRcUkgJ4L3dYkjDj9WCkjcrNSpEGaqLkSYTvSdmXJf3+saefOVy6u1YMup1WoVwVCEXvwyhye+3O+dMnd+3bJyXj+kR9cno67HXbjc1eq9Nc2yzItUOlnAiMbwcSgYuaXGAWAOLu9p1SEdgJT9yiV65MH7j9ppXzZ+UkWjl37uKZ2Yn5qenFuf03HuxubDzzxS/51cId3/QAgK3IdUoUI8eJtfAtEFDF7eWAIbG0SuHbYSIvbZwMPpVh3CPyDE1XfKn5MknE0h29wNXXLr9U+neEgwWuBX/jY5/ZCwR1zVZ/5BQBXDvGyB4F02iS9Fw/pY+mNG7fEGKbMrlVJs/iYNIW6EUkhsjhuiVCC8kOeZsWhD5himBALgi841DoR6b8qaNM6RjGOIb8UJjmr/8/xZmPiuUvsfUTdhxZHlTE1C18zzt5/abBB+XL/re3FR85E3/mpfDocmKH2pEM7dCs803X+/ftGb7FpPJtfye684Heo5+Oj78g2hbeRc7p3dcFt9xbeO1bxpQ21UJQ6HOWUR+MOh8nJWKkTTuO++zlnZJkRNWtTt3e2UmWhW/9c+t0cjX+ylEIPQJjOo61zZj8najzm/fyn3lrYYtCXlplG5uMFOmPn+Ts/rG+540z7B+/Kf7/fWqr3U6Sab3vGf4j925VoNFv5XAnataPwJ2wjGFGmSmFFn52hDt58z03eO6V2QZwRVLguW+558b3ffbxMfMPn4BbTN7xnJ2wr7ukl+N6WA12AR/i7MTGO9mGEaWyEcLq/qwHETr3g+rE4hu+eOTE997Pvvf+Gz7yZCtOmP19Ut7HiTWqr6X4dbZMZnxIiEwd7jp8/XVzNXn9yy/0Cv5rdN1t3xiq6UPLVHxZt4zpHsgABHL9mMnPrqyO9NChQ//lv/y6QZz8wx//iZMnT7JXRbJ62lza+gnDq+nJbG7aPq6UVEK58DSIE6NkVXJXQotRMiHJc58HP33oBw3ixKT75r/55OZzj174BFmbuPZlwhStBqkJSbmj11YpxkLX064/M4RqaCvs4bRVRwyCw8TASZpZYTWUEoOZeqoNgNaTNMzh+nS99BPfdYtdzpEzmw89cfHHvy0jy601e+/99Okff/BQ7qV//ImTuK3F2KXS9yoTHU8lVW69lxn2Jgxnd0z9ydOJ0mAMbbzIXBGZn2JgyIlhmS8lvfeLio/b3fnT72RXPP3IfeKXPpxh+K0u//Rx9pbrxy7CGEl0IdYmK2aPCP3bejSTg2eva3iG7eOE689OyeIcIofn0O5A5LGz3D75mRNC+SzhFFSYtCd3PHho/tAU0/KPKXnPwanXvPn6L37muMpPCBUOq5FPfObE3j11qRW2hpU9xOyqDz+yQT1qRgzO8oVs3/DMie31R/WSngc7S51nn+k//hgNaNvHCV15qQVA3t5mkzJH3f65dpdlfKKkS9ITiJC1M5/v9tOSdTY6O/Wnf3jdD/zN4sws23ky02NUa1M9if1UJseQp+jjSBIPdiDw9Sttt+ClM+p2wGF5HEozhVMOnFLAqyVeKUrTCNgGwEDB4n6M5hnWS1hLJB2PRQWvDxDCxHd8qdpsbjSb6w1pxSnXJurTUxPTU6gdjUh50W41mpvrYdiVVuTaZL0+NVmRFpNquVQug3XC5fZcIl9bdouQATmEXCT0HRqYlVSToO95VPfFsmn9fm91aXltZVnelK+YnZmrT0xIlRr5R9BsxfhvE0ONZ0M6z5xpI4uxzGUzjDVEzRek0AbKPJgQWizv1GSYYW+gfnzs9xpaP6wcMQy3oUMQMPLLrda8Wn1M3k0s0RS0i3EUWpZm4vwO03stae+7tdeaapJYVkiWY0BGQaSrrV2GG35k7QI0edmIZlqJUCN0ll7hPLWUE2NVgjAFG8RmSqMlbSuVtkvwY41O3GLcQM+UCplKJJIsiKdzvWTVc1jYXMG0Q584lvROqF+qG7mpw5Jdp1AsSJXxxNSE50vbm0/gDCglSS3lINyhBxPUoENZYIbudcOwj2KgQDEQ4IjK5QCYdcg9NrQRledCKAmEJZosq65G//CmR+3OzX/CdIbo4BdoP2JoFXY9x/MLvl8kWBJtByUboioiTqhdCROMW3IgGGViwpr0uz1Aukn7ehSRYZFb6yCWWUnZI1kJX0lsKmzqTpF3MhSJHjHqHyxObclm9jJaiHSFxJwxGZgZ57YmPD+eL0cOs9+l6711SpLtoxMqmxof9SL6J78i0WpaM1I549kapeKovqyGQ5JjdWLAXTqZ8LTkJQY9Ug+hD3rZYPP/EVx3II3zUVIiNuSepl4Wc+EDWZgtINiR1wR5D5G/JHFK0MNYHPXkG6O+NB3Jn32KMCX5DXIwx7A/bp2xdBKbD8rNXlDqkJR6a7260jTC/FExCaTVFWK8gAsznMi0ddZhWlli+3NSRn9l+lQyJy3DqGSmvJLgp+BoCKQy9EqIM62fsFgn/GGVsD8FBByAvygEmC2EEgup2CGgk0FGuAUvSYedYoLGWs7J9xd0BGLi+n0guEEQcKp0YjEfnpILelZo7kGFl0qlPbt3JWG0urxy/tz5XYsLUoTiBEtNX69Qog5KNxA9BJuI/k4irgYIz65XsixodMr0iaqqmrhCaDonlNGwUAhKpWKhUIjjTrPR8P2gUq9XpcUb+RNs91WcFSwtnuNUy+VOu3vh3NnFPbslS6sUg1tuvv7osWPtdq/Z3txsNl2/KG3xcavtF8pyTAVJdPeNB589ffLxEycLE9PEvzzXJYaAe4h1V8L/WiVhfU3gfLHiPZlmooxpqMCY0tX2KSslbluoGAfoNuabxxnM4zRzLNyJjVPmAycmORZT1byZmxI4kjbX7iratKcrQsojDQQSDulIZKmhK9pu3AoKF8OotLRUKgTFcqlQ8BD65kCcpsCHbQgReiIB0x+RD4FR+ZR3JpkIRCD/QddrCNrgDkipcirjMgUC2QbCxVcncg0lyZ/jJGEf/KiEcRh3IXwPIMxgIcWEMGw8wQ3BGM5ZiTc0KwU1MnHUykSB1tApJThMgiEcKYfyIIz5XFKuQM4FUOm5uFUUgqRzcLgilGtKLivThZ4Ju74Uq4hw+kHgeJ5mvaT1U8q47FDhWVwwseIrNSqvfRqcBflRT62t1CcW9rHVCxdbGxuSRMiBI5QLRzxBRyZmBQjDFver4YAWeiHHyU242Syj15+QIwb8Bgm+3HTxQOez7GV1EJqzMFqRYAHEMuU331xZ8woFvxjIVRjauiFfUCiGvbDd2Ow05bQohL1+SS4Ypmd7nU4UAhZVXm+tb5aqlaBYILJHJjNESklOGbte5AE79yQFjngyf3DP4dfd/dJXnxadeOnsmeldc8W6LHBqZvfiuZeOv/TkMwt79iwcvA48/0BYKk/NKxy01Em0rBotLY5rrru0NJQe7ojOb0cDX7GJp/9fhRaKVNDnmctM+zghYY4GuTwcmi1Mlkj7Y2E7tE91bZey7vKMJSwRRtejJyAdktSHHO2ULQe48Ejy+XNHrn2c2FfEgI8TJYYp0QPgZTx1wEdzV9L2BH29McKY6DvaGwpP1Dk+jjoUpne4ccbHo8Lc43u/Tf4NubPdo/ftcUchS7ZO3p4D8o9dXtIjgelNCCJzh6drEzHkObOIG56iWNAWryHvba6xl3fqhUOW4iRyGymKq5m2zUcWVj9vnY2NzvPBJ3qglyG/JgiOwvOEghDLapWyr0JwAAAQAElEQVQK4p++rcy2TOcbKky1rHq7zboRK463EeC2efb2m+OPP5uz0mXSl447f+euONhyLOu5q90R2btsNUlSOqLRuBO9Zd2IBWMxst2zkwd2vSwC69jp4O7pm/YtHDl1YazcPKOcGT7zBuak6jozwGjU6lJe1ZiT7Jzbcgba/SNEvncznabz28UqTydmrptBrr2S4HVYjBw5GW+0o4myd9/N/sNPh/ZTXPkdYUpmM0o7y5cJT7f1CCMh0y4PrAP/rvthP3c3FF95rqu0RlQHrLUwqIWcxxT9LnseaYpEwoCC14lBmcJoHcfgdztKhDiZqNfZqw5xcglplI8T/RFIliPjScLUnlzS9GllqFCWMDLUYXYVg+CO6dsDPjwo2+t3f/ujFz+J4AemPGwZrydcYXaFWdim0hrT8WtYlgcKaxxC2lIGFtYxn5PzVKUx8lFsHSoBWOqKxUjCqSLbaAdNDYekQSZjK62zORXeWQitp9TvtbnVd79+7pEXWudWu5puWJJCajSl3hYaN2P5O7HbmVZEDNQxdxySss/umCs8/CTJBmlLv+k1yd6ZK0sPIB2aYXdfnzx+wmFWR37uJect129vO6HE8z+5dZlnbYQZaSd7hWcLTI0FwqA6Rvg4UU+N8HEij0fe/zyiRmCKYphpRM1zvnDL7L47F6g061k1km+9Z9eZUxvHj6/jrkBmSmi2+5/94qm3f9P1/FJ9nIwSr3KK6rRTeC5bKqmp1Ro319W1nQ645vv/gkwWiaZgdKR/rq9ISXh14/Fn/vJHwHmJPFm8fhd60GUG04CMEf7ZXy6wFWZnnt8zK5iGSGgTldCYlRN//t7D//AfsZ2kQZ66TbYtOOlAT9HMjR0UGgTzBXhhB0tEPwRtpiOknsotF3kVo+oEAZEsDl5D0HrVl5on1nNEz+OR7/UZhFCXqd/vdVrtVqMle7hUqU3OzFQnahADWqqU+qLX73Q7rU6rIVVbhVKpXKtMzc5MTE2VyqWg4BP8UYvrVqOGjyKudg8Dhj4hp/XSiCP1qL1ej6M34cbmxurSUrvVkhWYmZ8pVyrFUskHH/OU07H7JZ2KW3Wwyikso6+x0GUzpyPWbs+g3V1FYFE2D2N6T7mMikfA8h2xUzXX4KtHJfvuiJwWHeO0PNQDPqEJIoyyRR7B7beuQ8auSe5b8q0zImQ6l0yHD1ZJpDZgYZXAraJGtjPzXhJHeH5UpDNfVUEasBwViEZfx/hNkKgrIKSUQj7p9QE3FcsstnIqfcqj1rlpf2BsBoqaJm0J6HlOaF+DiBqBF7m+VyyWihWpPy5Lq4of+FQ4RI1IEAeT9agC9Qxj8sWC4aeksrlPUYEYY0ahl5XBGNkjYlJ2YSmJ6YdMAxMyNrNhKZ0yatQwY8uQ/QbvBmOQJ02xYJyVijKm3PzgnOXMRFfDzwOdwtAzI5p0+91uq9HodjpxBA4dyNMM7O2HmB2uGphM6+mFrk/aL1ZF84PKOrVGYX6OpDdyTJ8zS2wYWB2mnZO7kkN42HPhlZUy1RZ6vKh/9Qc1vUJICzh3hkjWAz2gAiPYole+J4VZ76hXKwfVQwjjEIqtKpxZTLDLT5dWnjADN7ewNicAxYpi1GLLBkf9qNdD7yZ9IhoIN4nJkuSC3Z+n/hmtVnMnVd9pyqCqimZKTQCFdimhV4nwkANBLJDCq8kLbgLQ1osrkURh7Lihe8wQElVwYuaqej2BQoznKGYkOKHsC3b/cHuFIoykB7gTcuyUABBNkr4egDyBRCjqd2XC6wxNhvMZHk+Ciydpk8Pt4TB8ilufW1I2SegXdy+uLK+cOn2mVJLUv0wfL50vSkyHNxEyCCC7EBcxAmkjTiASiPnYbIS0NVbDqNLptKGuhPhJ+CGkkbJULtZqVXm52+2ub2xIvlYsVVw/QHdVrnC0HyGoK5dCYaVSXl9dkw9KTlDwg8OHDzz//P4nnjwqhUiI0VOZkiNccC8RvUIJXGAFgr/urtubUXhybR1e7BbipO8q3wA01ByzbDBfIZ3zKOarOBc5LyavTIL7yk4pXXCNQJkVzrTaiCn1AZ5zhbMSLu4Sl/+7ses3fbEU95xur9ZoTTSa86xcLRcBcC9nReDxOFalJQoio9yZKTMfkC3BVOBEeIHrgd8mxn2HKxmR0+vl4OlLwhazKOJO5IAbHkAeh3LZRIgA8O0E1Mulzeu4gEFyDEU6PCWwXM9aKBUJl4acgI8UDwvAuD+SgiU98NZE8F/fLzhIiaVYBIQM6bEQETnfgyO83Yl7vdDxsHvhrR7K6SzRrh6NiLIVU+Kv4mkh1DIGxFjJ6upTk+Bgph9J6ZIChzKhw8xxwyDJA4EcU67CmnPE0nFyP4hUJFaZ4yQxJ44cLBwR1cxREjRTPIvn9CXDOlwvhvXWBwhc5yAQm68tLcnhvXj9PkBBCULLc0lN+0Ev7HXXlpcX9uxBMJNTrlaqk/XN1VW5Dui2Wptrvut5hVJRDn2hjeskhQP3CEMHQVA45J3i9MT+Ww631honnzmyfn7ppaeeOfyauwvF0uTiXKvZWDt74aufeehtU9P+ZBkdqGNfYQg9UlFxoZdZVxdbsrP0ChWyX6nJklgYzyzo0fKk9IkVn1cmg+xzlm1DpMvrPLdg6QrVup7SN5EHUKL2HGHAfBsfJ8ycsxE+TlQJenmjYWOUwdFbLpRrBNUKhptMEiIpFkVWbTTLSZ5tx6sw8aw1Wts9hf6U6sBTU6r9ifkoUdok0HskYug+imRjPCv71y71evHgRYiZh8xJe1/NDBNh2bLoEh+NSTG6fpYOsZFDTSqGvvBcF/hMTDsDkEGQyziBXk/i+G89UKpu5eUE0vlNFkfMzL5Wf1zQiUzfdxv7wrG42XUs7VuGi4YRe+QMe+P+bcoxmgA93JiGtJketfiV6eHRuBNt5dpmNH7T3YfY5aVGu/fCqQvHz63KzxH4br1SnJmo7JufnKqVL6fY1922f1zQSXbW5Weg0bsNzaPOBi6Ml4r+154OVgo7rIPFhQbouTkz/CP3pCGPwt4IZzs7USmllSztVMPLcGRyGz3p+B9+cvVv3j//gw8UHjsq1Ud6yGcHuaUWS8m0zUkNYRbW3ZsPeA/cBFTgk08th6HruTlqnilTv8t4JlM1EdZWeN1TQq3ZdDkZjTezvMGwK5YOHjhgECerq2s/8ZM/NRRx8s9/7mcPHdpqav/qr/3aU089za5BGkGCrlSfcCWVsQEFtxl1ia4E7A5X+jv43/g40Ve0BxQt04m95YVR710s7ZPWAnCayxIrerJgalVlez0xkhsNGjOIuFXPQQ8oY7bd+n8HD2u8ssONGMtVtBrH0IEsx4brQ/euDi5e1Mpw+Hsd+72MGX2Keu8dh6r/4C27/sFb2H/+8JlPPLFOm7xzljMswdHzVHk6YamnEzFQNWHVlqXC/pDK50rYOvNW6fPPs34vxfRQI37kzVeLZXzf7eLxE0z1BqYTS3yty7aO7pdN6qNdMcQJT38ZdT8TWfOr1R8Z46xWd1C/nfvKuca5plTdClrIM/JcwgqTxbu+9QZTmm0FN69/07ccOv+HT7Y7fcSdkMMHyPvVp5duv2VufrZi6iZEpg6jjnbdRnal1S6z60Xf0ltfuZXZfoBbbxo7RZsbva88KvQotT2d0KXv2j37JyfPbUbx8sOPyWt11/nOxRnGtE3DGuDy+ODCzF+cXW7ECWWuus4756fSeD3awmHedfavP7gj0Akf/ClGZriEOUOP4C46ZSSW//W6nSjqS8VSoVjwKxBVxyuX3EJRqpVCCMwhFalJnyXtLvgNENKs7nuR78iToBjIRU6v02mtNxobG/K8VKlPTk9V6xUv8KU6tN/pNTbX261NaeCRU14aR6bmZqv1en1iQloiQObQRJ4SMYuh/stJsZYOYGkCR22qdpnB+71uY2N9c30j7PekUWbXvn0Tk+D1gUg6wk3Atv010SnZL6WWkjnc+DhxLCMfV4pIzgd2k4oruOF250lPBrVKJ3AF+ThRhkkcr1ItbzAluYWf+Ul+OEy59E8qy7LsxLOu5JuvpUmeysWDFc5NoZQ4G3WnMvAPfCaEdmh8hbqinR9hiiBcQizS3ILla5GuCvjQ7cE45HFsx/aaQEdr4drjsCwe3Jfi5kkBqHSXF0qlSq1WqVYN3ESBmTSFwzAxzFjZVOiZMDRudSLZgDBMxxUNPoeZFilPA1owJK9YWyaxNWWS74mNIxEa6VJk9D2GYTj8QuBBWHm0nTDtrAWPNKiEmjKAqEno/zjudbuddrvX7sAGYPW1SJenTzL9PUwKG48sDBmEI771lUrmXUNGzteClG2ftm2/oEGei5rG808KMUZpQ3pgOKHI5KAZJLLrWfXscAah6dsVpb5m0Tx4nedzbZWEzgV8RQEAcW7HYT/CwFIRuDLCZsLUQ6SJiubJLE8nyg2V4UMsJ9Yq25Y2pHF6lOg5bdcXCk/o4rTWuBMkKkqeo07EGc3NUNCNwH8RRGRILmMqRBAECeIavJH9ZEYkoC3fxA2InMF26lihbRKEo4G7NgVKA9cfKYngVxJ0ohS2HHfQqhPLiRlVCEUXB5CZOXeU235y7tTq9YXFhaPPv7C0sjw9NxMQ2VaBOYaMfvooiRaGeOKmMseVGNR5qk+LT4ih45RKxbhWk7960q7Z7bnNprR0lis1cLjCHGV5cZQNR7KxycnJTqd78cJSISjs2rtvourdc/ctZ89eXFmPNzc2iqX1xV27u90wDCPX9z2fe464bmbmvltuPvvQ58DID13hA+tSy5GE9ifCIolnEJHEKeVEwXW2FA4D7For7ivb2eL2G+myE+mM7NHEmbVkM2KKVpXCHEfqAkASDNaUKNyiw+XCuCVneMF3Y3Gi2S2eu8h6dX9hplouSSEjKfiwCur0eCgFr8RBwzgTykcFQ08nHHHTcpBEaJ7yXPScwx2PghyA4sfHV0OEBEAnSIkQPJ0oWJ18sg1+pXoJeNqSkw/0rQKhCTDMlLcSx/MdjLKiFUwkC8OM8JTvUhiWZIgBQpVApKwYMcWRCBUIAJ1JeXiC/jbAqZJwYgclQmyEpP1hv99ycNM9PEeivBcEhEumnfNK3lORHtLvIgyXMd/lVZSESB3zCArxiLG35Bq1OjnRA9d57W637RB4SGQ6B8ehQwY26D6IRQSOyXHnHbEqiMVjGAH1nOJqIOiC9o8bGH5GYc5YRus0kLRuSpXtgGgjSVprc9MNvMnZ6UK1ojeeAoMIikV5u9VobqxtzC/OM3RIVp+elg2MYE9JryOJs6TN1SqMogTu03JPEkcKwwnCuueCOzXPDUVcqJVvuOPWtYtLm5IPnToztTA7t3f37uv3ys7buHjh/PPPH3ls36HX3O5P1uRYdUgLrOQb2sE6vGGKy2eED/aNdC3TVWZ7Q1aJwliMmLYKaF8jXBt+lQkp51nEOueWlWtICcauMFCCNk7pvbCK9W/v44SxTMksa9tIKZXqMwAAEABJREFUlZhmtwNiSihADvIWcNmrr5Mgi+F1yChAOalqDIGLCSP1vsbOf10kvsWAHHmPbz2KqxVP1MRwqb/5O2ybunA2zES8o/Mtjvabhp4Xr/eHXJfCR1OYV+i7RGjHWpizYdlytonB9KWXpGCvIhPDvihEKELo9gT3PSdiYcb95sMB2y5d2FCeTmjmdvqMjY2X8F32XXewP/xCTBEWaPIIaxErjw+f4G/cP3JIiOxGbpHBnWh1BNe2NqauMw3cESJn6uY2Nduaf5UKwa6ZOrvU1Gj3PvLF505dXB16d8/c1DfdfWhxusYuKc1OVMvFoN29AgGn1Fjlmf13zJBKewSaLOPx/YUaq5fZZpt9rdJsnc1cCrZnO23pMApAfWbuqGFGQ3HoG1LCov/lzOxfZJazWdT++n/2mXPfdufMTNX9gTcEf/DJntATgHMKBck0v1O8Ff5JlB8UU02DP+DaZ4k0vvyzd8Eg7EfJ73/sDOdlxXhJ46MYIl0Z8HRitHVqbmoNS9p9wu5QLc7nieEVTO9+9z8hxMnGxsZP/ORPnThxYjDP7t27f+AHvn/rcn7iH/2jd7/nn7JrnsQVyZLNbfk4GZCImFrFc4pWoAg9LTAEylR6+7UwvgGE8YzS6DdHvbef9LXTdZfEKq0TTH2csFTSM1dsLVmmntyKrcPHnp7ZKzvoOkEuozVQUcWmIUSIOpI/EmoFIUKcZJhialDvJ0ZQBeolx0nL11pdVb48/uhbdlPW9zy4JwjcD3951Sgn6GVMLX7RU4uJW0R7MjJb6VJtrdXqwZ+5iqcZrMw7G5OUPvNMCgKlL33DdWL+0vntNml3nc1PJhc3HJvvP32Bvem6MQswiJPsVZ65PRpxYhdkXya+qphFWjdL5uEWppDnruB52ImOf+I4zElHYU0SRMjLJctrv+cWN3BZ5tmMtx6ZymX/bQ8e+sD7nqe9MRgeGxUj3PnwZ078ve+7VQy8cVR9BuvGTDv49n2b6yNzK+XHOgLKGGXmU+uhh4yPkxQdwtQ8kFd2lYq/97rb/ujk+ROt7v5K8W/tnV8oFy0fJ6TFV1bX+YL/63ff+Gdnlk51+ntLwd/YNTNbCDCPonXIKxOh39VdWVp58omZO+5kO0x89JUdsc6hmWOqnXJPITVrzPMCv+AXKyW/WPRKBe6DKhX8RgsHIlYI0WFRUypPpfZMKjMLnvBcr1SU6sr11bX15eVuqyM1UlPTC7XJCamw8nwXAolHYWNzc3N1OYq6pWqlNjVRn5qsT02V0UDuuCS8KKs+VhTHzlbSOQWydbQVShr8ZU19qQpbW7nQ2NiUxRVKhZn52WpNmuGLaIdRRJUQTdp5QIZw8ausz7INmcIkbIFBBmQgGpmgM1e+MuZkKK4ll82+ovEWCnZAeydFag0wXD5G4w6hgXDDs71mGyg/lXiZGPrqLVqTiVDMh4T/GGWqN9Ob5Gdi7nbn0H00eKpgCRp9IvS2e7Baou4/3XNi9s2MGlRbDjYny4h5orvayM8YIEHaKbnn+4ViEcJUTU4W5YSFWPNgTRU4tRORIoGkeYXUxTG4W8dpI+0gWG09FrmmE+oE24bNF0b20z6Bt58rIje/UBfBjS8Z2A6TxK4L7hDgP7AbekAQNHyM3qQXRIIRtJcrh3mwv1f5aIkwfk6v22532m1JDNR41q6Rk4xfhGHVvPwkrkgpw1MqKwydpFfz1Vc4KTZqiT7CGka0glYSJR/6rJWGOhVm6XLcwq2lR7KoDTglzfYqTWlh04GMuEZr9UzFh1eV5y9sl8TYTD1LPx0FwOAEpkUcRQyzS84N9G4ipzqizGJl009oZqVaODgS9kC5ZeapvMjSZYWiDuRQgM4dfctRcSEoWBpQfWmwczk3YBNu1ATYUMTCpwoDjDhB2gmhsWjEH4UWv8jCquRLR4njWqeHTMcS1EhIcEw5ED+sH/UhzgUiTmKMK5Ykas0rmA7iwYaG17m0xPUBF18YP0e7/SQaBw1FCcClje5K4BWqeULJxkPnOJgpXICMLOxaaDWbzUbr4tLy5ERdCj2SkLKUamQkD4QZoSMucskVgZ84CHlglzwepjVlUPqXUP+lNzkVhf5OisViAt5l4iBo9MK40+lsbjZcLyiVyy7Gu0mUzRsM77JOpVJpZmbq1MnW2vLq3NycW3YOHth9+KYDjz3xYqPZ3NhcrdZrxWLJ94v9Xh9soIHrR/2Di/OvvfWWh556lhWZ61EYHTetj24g9Yy2MTGt7+BC2Kq3VxJ1fbkmPg4BFJaxX5OaQU2EsCl1yg61IkHovbv6vRAzFIKMeXKhUuq4zmo35N0eu7hU5CHG9KwUgsDRZcc8hCWOcvIMIhbRM5itruMriQgXKUJF8vLkKltvOuLcowhYkrqEgkUsjGRugAAz9J6TtMEZHujFEpz8uI3XRe8TgDyDUIboAwoxCtRmbgylaknAlEoK/LegZJ10kYTB2JVEPkT3Ex4vOBD6hBzHwchmiZtwcNGiHHAkUdzvdCnwEa40hOuBTyrHcwUzgZxFhumlZ3xsNvWKTFldhtAYH0fK2XLh2m23ZNcpP+FKd5oYuQCT4phCBxQQiR3gg8i8cCz3/vD1wHVK5EDQJ4bGZs4z4gBn2XdYKVXzMRXMTG0QTxhsaGhvbF44eXrvjQd9P4gxMFMYxZ7ni6KQHHF9ZVmukGsTdYj9BPFuO4319ajX73G3tdkoVSoVv456F8a0X0psNTBR+QrPc4Ely0kWePWFmT03HZTX26trp557oT49KRfhC/v2dO+57cVHv3L0iSfKE5X9d9zMgwJTvmEcpd1NlwrKwZD9LZheENInEdvZ7b6RXmlJi4DWr1RmJ+FObxt4YSl89HRHZVQ5jQd0jRzXz3/nbZV6AbSfnznaPrkWCuupzFuUBCCEVc510/5bbyrrkTfKx0nGVmfKsRoljAghzF5t8F2i7GGWiwnCkRDJcZgKr4MFAhWhK5AfnSGpc9ToJ4R7ZOM67X4lptTOqLqYsyHOTlhG1siJHVvIcoQ4EdkFGx9y5LnAASOOQ5+92sdsHSTzr6pIEwZ1bzPtIc5O8vNwyFdg2f4ZTI++1EvQu6aIlV8TYHkxasMxtvHfeM12Tk4wXdzgieXApb1DnMPbDvL3PpZ0ehQsM9YTB/fU4vHoeWCRo+IbEwExw0utboThPkK78tTUgg3BnagMLF1NaSqzVc2LwaWvPY+fX/3Q55/uh9GoDGeW1v74o4++9d4b775xL7ukVAx2ADqxJyC3iDn9tv0S2Xn07E4vpTqXMdLRs43ve03pdz8XJYJd+ySXud93r/viucbt10/s6EFrRonRU3DorZHt5LnbWUKptSpZ2qofkFe8wmS32fiNj576+Xdd/x13Bk+cjJ84GmldOctiNNULqJz0rqmiSO/K8n/qXfW5CRB/f+eTZ9bX+q47n2JWhDUEhKLaPFumzcEHe4FbPSVISB/oNcHGG0zjpSNHjrzxjW84d+78e/7pzwxFnDDwgLK6srIyMzOzRTlHjx5lL6ckmNjq5rjPcn1Mv6y2v2JsnUTF1qEj7fag9TcjmQr+B60c2Sqf23juXbu/eehLn1z9ItJcV5CnE0N3Ka4oLTQykgRtVhniIk1YR6bI1cjExXbdYfULs7rDkDpdHYXVEAT50EyF9n9YmlhqDIl9bCgaZpDLcDbc5kSqSDFQPtYIyj+4p3LDQsnk/8m3LT53pnPyQk8ty7giB0IhY3QrSMDNbKITWY28qWcugxjor8Ero35uk555yTFkhrj/m29nVzW9dr/40JOZK88v8TddN161efaQObJhiBM8Zi+kGgSev2i0HCpZZFGI7F3LjwgJjC994ljYA2d0BnGCunxx+C0H6vNlKo2npWX1yVjC3n0Td96z+NhXzyPUkEoAiP255fYTzy/feXg2rYNV2uDRrhuzhpuwpQ6WVRrk5kGmR3XdtTVJMRSuNGLjKB/ClaVoZc1fXOh++UvW2lB5OjGmVLqyq1z6mcPXpxRQX2eKLJLJVc2duULwEwf3pJmzJeeuyOP5hz43sX9///wFb2Y6mJ3butrZlgmrRwTbpt1iWAn5YukE93ZSk5JQRH65UCgWgqLU3XuOtFEHgVSNhbEImejHSVtqooToukxKCVL6dEpFVpBrGx4mSbfZaqxvdFpt+VC5XptZXAgKAXhi4Kzf7zcbm51Ww/Wd6vTM9PzcxNSktDJIA7O0COD0Vzs9YgsIogUMMYpO6pygFAyCIAyj1eWljbX1TrsjdYOT05PyLYUCLHAccOnvUOhzssxRQJHLxHPY5rpRSVi6cqZHVOYimQy1tw9SETMLd6L1zMJ+aU7xnruyRWXymUc8ZTfKZDYwDhOaimLK65IJLgMVRrWp8m2mtsA71vZIoviGoIjctgAxyEfEgAnM9Ey2kkYiTad5dvlnF8rSKWUZKoZ9IyiDPJ0QBI0J5UeEfITIkyhKjLsatt2o2CJxvT+d6SmgyYj5dFAXsCtIJa/vFopBpVaVthM5Z31f2hmlvQOsy8ZiLqzmC/J6gPsYqbZhGJpq8+EIJ66IXqIENm0K4dl5OtC1WyWh9pAL5vvS5Ohj7ASpEQ/Q8KG+LOHJhO4WehcZgMB83JON6AK4BvAmfTn9+7h7XsC8drHCCYFXhFC4G3u4UKlpI63KDVurilEXhNiaQF3iMBhd4MBMN993DArwNU56jhotjrqsFTiWcMoGVopDaELuii3hsHTg8/xjIqXGuWKtiZ8hAtYruHU01GZUHZklzdh1y93M/R72HfnWHxelPYipaFwYRbD1XZo+pRmy25MTJJFWUNpkgsFGLOqpxCsEhSjsiki44UGO49jVUisXJJiEMVEHPFEPuPiH4WIQUcoIekjvI2QeV14JiKZYU9OQbu1ogOYvSzmOIjs6tyUlK80pbvtMYkLfMKIF6NZJEg3ZM5J8EvHm2BxXbVg1haC+hV3xZC2nbL4OyXUBQYe9DxKAYfbWWHCsHlL3UFwAM4UQ1Vpt33X7jjx/9PyFC4DjC3yXZCtbzteUmngyvAjBhrKX3ezm/nETz+sV1NN5gT5lxnI4EO6kWq3Gm80ojNqtVqlUkixADhdaoArS2xIux2W1amV6YmJ9bX1taXlyfq5SrD3wurtPnV3q9NY2Ni8WVvxdi3t9vxL2o8BPnCiWPK1Srtxx8NCR46dWu6HgEXMCerfqUhIrtaIAx64ByjChSA/BaMmwzK8gHX+1JaUT3Lp/dsyZrAKp8xOt4qQhEg9/jUGcaH/uqUQInh8gwlMvcNZF7Pf6s6325MZGrVyZKhd88KgGrQjlH6yEEAOOwwKgUpoTgInddaRJJU5oCMFam1MG/L/oQKQycP9YLMSAJxMxT5wYnK8I7kuS5PZZKwLaLKTghcHGAE9MSUpjSJb8RAp2AW5vyveJUEocjj7rkNzJSQN1Apcb8F8UyaUaIEfcwKXxjrA/7ASAHOpXJRCyR0pRnQ72mCgwWBAh49YAABAASURBVEWxgo9wB01VBcuuu78ukhgkhvgzSiKXu3JxOxXOd5qtTrOJjpOY+igmKRybi/5iY5E4wIQ4jWHZyySROnoRJOzFGIStjCmqNzcczlQgLT8zoWih5epTVRTxYojC5DmS8y2fOT01P1ebnoZv6iGT9pjPi/LRKOxtrKzJVQSwBIdX6hO9Tqfd6EYQZEcu21uFcgXcD9KslG11ISYTMtYE3QlKkQI89MjFkBMEB++8rdVotFZXW2sbJ587cvCOW4uT1Zl9uzdWlpePnjj2xFOLe/cWZ305JxIc/Vwh/BI2fM+D6RvGjProGg5GMR748hvpCiVh6/8Sy0eI0AiPZhifXgM/n0SStSgPeTRmFAtCot+PSQspllrxqdXIzs/MLmrjE0VL8/RsCbCCGTSJOfJRPk6G+FBJ60+SEELQEmNkgPeleBE0jIPUrD0ogZMh5W2L60hv8gon+Iu6i+aVZNtFgkpSYjwfbixHDds7SpF7e4OZqrON128puq9tRq1u0upArSolp1J0puqe6279HOvErBmxvrW2lk2oeqzmjz+bh6oa7GUj6YTtYEuZnMwCAOWTp3LYuYcdhT7y7JFlj+k4Hnp+mUc2cM5YxkhGJjThGu6hxx7eGunsRF+1C7cZ2zhywLMnexSlEoGxwBkTPMKgdZxyib3t8Higk3VGvifpk20LOgkTacvJXLltj/PIi8JuG1ouHYq8ECbioy+yPVmXH7NltkhXtCjJbViTmuJ6pUjsSPWm2BHuZIsECM5LSl954fSnH3thnJyfeuyFXhTff8t1bOcpimN2ZZM9rRW5JCWROuj/d8D2P/XlYz/0xhv++Av9fsSuZSr67IfeWPjgw0e+477d7FJSdnSkvwTLEhZ7hmLiWjoS1jwVIicuibSs1O8IN55OlH8RhrulURdRdNzC5x9fffjWudffUPmX31n6pfe1nzwWMcNtNRc2RIhbXklo4ca0LltttknET3139e13ABF47kzrLz95jrMyuiNNn9WzVXCNRMl6Okm4xgqoZtnWTd0dbBjxHN3Xl5V+47/85l++730XLlyMR8+Obrf7D37sx3ft2rVFOU8/fU1i61zrZElEKZxMaMkqIVU/V+d0NGKXuS7UMkokpxrHn908ekv9htxrEhF/+uyHFNAfXaNTfvJ0xVO/JhoXpcUnlsUEZuvJbCin/TrO2KCUkZ2VuU7I/ha5E9VgXP2l8V9ISrSXISK1xKvrx05tvOkn3yuMxVD5LXbe8p4PUbheB/2tErLkHT//CcbM/kJcJuoVqdDBcLiRwfHH/Tfm8XP/6G0Lv/AnJ9M5lKrFhXWkmjOeUSBnusLSiTLz0Qc6LZc/c2uLNeNg6oXs4pLah2gk87fczK5qunsX/9CTGRp1dmP0MBlI3Bz0kQ9csnNynrlpnfFsTiWi8PRH+jGN3MVzV/R583zzwlcvQFQdnDy4bwrQJ9W56qHX7WGZZ9PRm5WmoLT779/7/NHVRjvEmMSkaoVF0CcfOXvzoenAd+waDtYnU2b2+tAk7P7kQzpamD40kjDnxkIhlLg38gWwPv3A+xp/9YFwdTlEVxIRqdqkRQFtIpSJaUSIfRRITzJX9JpUqMDvGV8p+ogRxC2SKrC7q4Ff8qUOkBc+/bFjH/urCLSLMZ+YmvmeH9jzN76XjZEMR82y1i1yDv+ZeZROkiimDy3VouCzJPArJamAkh3U60fgLSFOpOAmbdStMGxFYRfGhu9WyjIbL/p9ac3p9Vrrm5ura3EYFSu16bnp2uSEXyxKo0cfXBF3261mc3NddsDE7OzMwmx9ouYXfNxrS9SJhqXZ1zF+EvgRwIi+0WxJe7NUdknmtbB7sVKtFEslssHTx0TnxYrH0ae8IuF1LGGZj7o1eJJJ2v5E/w7NcwW1XlvXyuJrmYtGNWqOtrKUp5vZleoBPi32PBbo2PY1ipMyWC02Qh0wdoeIgZE9+CDPTgiybw2+KNNY/aCWgdAYJUe9oKA06OAEbmGQhsG6aQPtuCNNUxVFY62eT3QnQVyEQqlYq1eLJcBqBAX5P+zmCuM+w5AyOlSToZyqz7uA0ojkTJGmCcJdkReBLHwnWyGxVeVtG7zpu2yfZfMb5Tw5fXedoFD2AG3i45jhZhaohuMPFf4DvzDExYhjSVU6rbZsSAjQk17Yh4ghYOQGfuCQrsMIQhy5oTLhZKs0dF4NGVtbfj0cRWKwZy6bugx7UaZ8xSHZZaZsAfzKVdteAOpLin+ruuutgyzfyQONEmI7OQ0XC/mZaxeQ0q6heexb3BLgVIWsoW4IGh8mvAy+9IokblMvkeq8UManEDEYJiZBP0YQTydCK2QYgZuTiJxIEE1RrVAeSqAciqRDL4C1iRZXzZSkxuiX02fTXk0cc4K79AFxoqOqcfIbxQb81mBXJ4KMdqkiL/3ODrgZiE2wV1K9E5901Z4zqqHIdBFnOuQZRq2Jwz7ib4BMC3SOBEvXxDFCJWVGO65gejKBXY5dnYQv5ra6XwXZiZGfoAcSO8JOjoqmP7H/QazBHvA8b2Jqat/+vU89+UyhENQn6uViEcL14HdRY8W25HMQ9hgu9wVGhpP/SELsYsQ2BdDTg3cc+SNRddKz2U5CfyWqhlRllcvTM9NyuDaa7U6nu7m56bpeXQqMvgeCoCPt+pELyEFIxWJxfm6+3+2deOl4dXrG9eO9exff9MbX/tlf/FVrs7W8wgDWJBVXpYlut1/iHsRBEXy6VHnra1/74Ye/tCKNpnUfA5qgxTQhwCOuHjJ6J2EvMSDMMLnJIW+hoMVwTddZNFdsOf1f/Unx1zSq4igRlu0oCWs2UgHM4ql5uqyREVoDqoJvwYbwmBxCOxiwUJrHvdhPesxdF/GJVrNwcTlwXX92fnqiwmWGwHMxsFY77lAFCDEnMGoOAV/k9PQAoxVxhLYpJxiOXH07PiqmiuApBAPsyOnJ5epI9k0vkTKJtPQHAcZpibtAm/pyRQI+SOUzrkMmDnk5xKBo8CIvQMKe9gInvyao76XeISpIED/UG0P/xFEiJ4vLwV+cJAs0qMGRke/DwrWfSHqoya8sOex3OUH35LLO9V0fXbKAZyAMh6ZdTqWYNxAuszAszq6WM8aXQzLMnpG/GAeC7EzMzcZR3G/3YPQ5Qqs1kZslNtFFGAgNIsHVmFbaQZYYEywus+Uf4Dk8A/lhOvv4NdQTUNbKUyoIRr7Q4+Ti6TNS0PZKZS58R238cxLPkx8Ul+jNUqUE9LZUqtbrnUYz7EPwuU6z1a40pUYAAIMeABllRZEoOpK9gqJXDnNHrj1kz/AYg+xcd9vh5urayokzy6cvSJJ+6J7bHd85dNcdrQsrJ556ZmJm9t53vEVIFYCcKQiTBZbt4SiVJrfEzHEjitm0Q8kJlszwjfSqSSL7w0ZsMGYi16SiRKqV4+lOaHPX2smd8VDCxJASctcH8+d9nOinsksOtSRQCohc/eGaw7XfJKANqSBoxRMXWjpRXUIkAAPxcNIPcG2WSPRdLbqz7dLR7vnfPP9n3agx9O6ByuF3L77L58MhJJvN+Lnj3W4v/UzLa3AsFvjN1xfr1eFPSR3ip84nLw15IZRT8dg79/DZwg7msu6ijLtKW07mbHuaOVgVvs35mD5OviaeTkbUxNbL6H9sqqnXUSQ70bAbLtEKs0NM9wUbxpg2O8mFpRBzaJtxzOnI0PfJm26psPHS2jq3NTbt3jb5fYd9/AX25KkMs3CHL+MoD//TRzJXCz77V9+q+4nsknw47sRIoHqBNDbuBB/cenButru9MCr4O1uBPvHi2UHEie+59UpZ8ve1Rit36+EnjpULwR0HtzKBDyYpETTb3S0yDE69rSfmqCuZ2c2VDDX+pP7i08uT1eBffffBP36k+9TJa+QA6jWH3O+/t/DHn3zxsedWLhV0YtLQWTj8FleIzKwGTfdXNqvuScPL1KjOYCWZFX8kKM52m2d+5X8e+cUfvfWmhcL/+q7y//Pp7sce61s8l2W5ZL5MoTGd8kqlzH/yO6tvuAkQJy+c7fzCbz+Hk3Sa5evPM+u5vKcTIwmkDwiRckK7jwYJ5lZdeRnp7Nlz2+Y5h4m90tJlKzHtL6DFN1ybCNL4YZxvs1ohdR9TR+XdROkFtU+U//bC7/zIDT98+8Rh845W1PiTF39zuXsOyTHa9sgU7tC5I1KvJ2qAw7mOKy2seoq0nnRV+UHJQkyMbDmMLomBk5E5sj2lN5YIpueXilZD+wn4fXfu+rWffbv9yOefPv/r733q9/+3d9gXj5zZ/Nlf+8L7f+md9sXVZu8H/t+f+9gvvz330gd/4bO/+3OvW5zMgEF/5D8/ubLRowg7h+ZLuUdu3VPeM1s4s6yhoEKjt53U04njMEv8NdNZjOgHkf3JRnSRnW3HA/PcmubTmna5Dpuusqua9tQFiesmLTXHfZabgz5aJgeN49C3tbyXHq0zk42zTHH6TRYpFBaeg7IKfeT6/NhHjiZcKcXQ0wkeHX77g4eoNJ6WBpOt3wPnFoWCz+wywQzvvOmN+z740RdJxcYQcSL/Wt3+F5648ObX7LLbxAeOpm7MqluGjQw7T+tGwhrP9aXKTe1VDTf13pJhrP/mb7Q/83FpXI0QcRJiMAbY/xvDjrJqIagFBcEyq05tr0hpn9l3m/NxkqT5DQEVQ6/vqtVmKxWFegnDEOsgNUzh8tLx3/y/WmfP3PSP371FK/jAydbZrP4aS0qT/dGNQu570io1v2fRK8pR4URS9eo4frHY6ki7bhjKMcN5V654CwHs0Ap8t1CSdg6pXQvDqN1srS+v9Fqt2tTU3J6Far3mBj5HbyLdTnt9ZbnTaggWLew7OLc4V5+s40dM0EzhajakoIdCu5FmLHPOtHGEa2cMZDKXP1vNVmNjo9tqS7Xq5Mx0faJWKJb0AEqXB4Y8ZVVVl8lM2VCsif3GjEZixFOmmVzHfjJF5U62eO+OktGQmCs5Fx2D6BMyAFEYII5IaJWbQpsj7sQQAkIO0AmjBWiqD6Evrp2dWHWyWqdKsfWodseOaH4mok6m0+hBg8Kw8oziW3SLoFAg+IAuFIQjcr+BmBP0J6Lj7Oi32GRfffqtP5XIYFgVpaFzHaoPQ0CIBIMUgeK3XC3NLc57Hmxml0dybkCOtEkgV+EQmSNpDX4XCLcD6AwMfQVW2BSMbnMHZg0N/d0TDTnSTExH38gPQtWQzLaFtHsVi0GsLTiq98mvCYbUkQ3RO6VUr4NhGG1F2k0O2I8RbhKhu4JWoyENK5KcQqygiDw+Qq0cFcM3ZSFCRQziqmMznzv77S0p025U7uQaJ8VWjMuHy6uGGEbxePaLs+3Ii6nG9pUxUqYSErlmqqSgwbBH6eDPdDx+NKPZyd1L0uakUw8M9/D90xKUWSeHmrC7UYgBwJChxsrtAo4fglAIXTEthah5nmSYC6fJSz42SH87OLRsFV72LK0oH/gOVuP0LjtGXiSFNFeMWKoGAAAQAElEQVT2+9KCCMAKmBchRNJBTCl4FlHh8yhgKDUoLZ876ZuE/lNNIXnM0co03HOi6IaDFnkwerqw2R5/IgAAk8PT7rCaLoxzLCTISCISjGKqSS6egV8WfU6ylLJskmSqPzhLVRXo2g/oMbgRgKEgCUY/jPoAsEN/J2rPK5GlbI8m6YpAi/RXHnRidbHaM2H0wuSRiQKeuQZ8l62jqRytPoUWmBxaoGLkmsXdu1ZWVi5eWK7X65VSuVAoeGhTzBRmYunhUpbGAcb3S1JBRCgaOnJ+byt+6ImQNkD/AryL51Uqlb5UYSZis9FstVpBEJSKpcChxtHuFnQy4bjyQ8qmzc7MSn3NytkLew9WRNzbt3f23tfc+vFPfYGxTq+30dgse25RWlR7/cgtBJJZlBzvuunZ2/YfePiZ56Tc7fhyRQ07p6WhHft3YNFFdh4nXbuJNBa0zSw54/wyxa+XQxqnCdvSd1PI4EmupHFeN5hF2Htu9DVmExVDVszXMWOWI97ERYpBURPQfZNcGIeuaPnuubDvbqzJRUzdL9SrFQdC4zhCzr5ioRAloaQdcaRrrmRBAMY6jpd4Orgibs8APQuADORwRdyJIzwn4XJBlYTCC2NH2uh57MZcuAVZkBdCwSGEwwkZ4vQKnPxUgYNAIIdR2JMVDQrMwygktPedoi2AmOPg7IQGKSduLgY4Qcyh0oFJXtBjYBsoFIte4JPg6EGcVCqjHykRULjMlRSzL5VLHkjxAnYdul4xUG4GPB3BzPom1rx+xc+CoWkI5aOO1a5LuOtMzs1I0bOxsh52u3pDdn7Vp2iFQ7uBhGSNSYJMCL7bgDs94nNcLwBw91BCjJgLYWlsOdO6eJayP86ZtTpiGszJUm7u8Nb6amNjarLgI8QD3WA5jMCiciQ31tflcgLck3KnUqt3pzqNtbVepysl9OZGQ4rrhVKZpcKTkgDovQmy3ERgGHWHzV+3r9/qdiRVvrC8cXF17fzS9L7FkMW7b7zxhbUvH/3q43P7FhcO3yjr4BFgkFEPqbh5SoOhFydZKkQt51cSGr1lehWQ+ldaSiVsrR02NrChqBHIM9TvCFf7odUiMPusYGa39IgyaTCK1K6W8XFC9cy9kVn4GJ5BnKjEiXKnv9VqgQLu6GtChdcRhDUB8i9gv1yiIQ0UiIfZ53wMdNqnG0+/9+KHEjFyN/ZLref/3enff8+u7531Mi4gZAWPn+2dOh8OfarbE199vrN/V3DdriA3XRoR/8iZZHU0YqAVsfedFG9e5DfU2BiJ267x8QLLui/J3mE5LehIkZZvf76VjxO9HmS2ExFTgVHnYqCS214fca5X1anBTDBNIuk3z6+traMQg7LXAJsfiwweu9hX+9HRrwn5OIE1Ph4lu3jjDcE45ay2WIw+KkzVWmNEdPmx17F/vSo2WpdIsX/4dWJB258UV2Xb4k6IdKT+TtLutLbGWx0sxvGc9ZmvHv2W+3aw/3qj2fnMVzKIk8Xpiftvv/7Armn6KYXZkxfXH3n6xIW1TZPn4488d2DXTLU01heh9LnHX0wuTwNF0yYdWEPmbapBzGQcOXfzqdEGMvXhL5796tHVf/DgDX/nvsmHXgwfOx6dX78qMsO+GX7fQe++6/3nT679y//65MXVrqnDTlLK9bbKMJysUTK0UQ9EfCqvVVPioOaqqacTa5WOPInuul7ZC+phf/Pf/MHzv/yjt+2Zcn/sLcVvOuz/+kc655ZizVUVFU6SQU8nKX7l9bcHP/HOag2tMy+c6/yvv/1spy3VHdMcdvjwrHY+LRNLS5GdBk6naj7QYRbJynbcwPmo/N9IVyINMBnNNJliT4Lg+WjYU/Gt9Ve2vJvQlYScRNKVZLGy5w0LD/z16Y985MzH7pm5c9IPjm0+d6p5dE/l+v21wyebLzCh5SHcQoUjkPYFIPFVslmiz7VsmdbTsNcMiNMoG0YRorFJ1Mh8pE+gWjGhdNAaMeOMUsgMV+sPYzMjqj6k4kIYEdyplYbgid9xx8TDLzTxLVxy57MrPepJxzGzXm8yVitTlntLTg07onUiWyVmyT47TmGcrpqpe2pjiZ2XlQoeq5VFo5N+kG6P9yK4PnZSkiNPRbHUxJW5l8qY9hnXpXC7uLRskRYqLM8izEYWWndXjq5unGmCv105f/EWoMYcvuvWuem9NSEyFlx5PPbc0hc+fkxe/6Zvu2H/oZlcaTfeMLPn6aWT5xqW3xQYQJ9/8vx9d8wXA9eu1dBzMXA+pPPYiIvpCTdXRIr614Uz0rHYvZhPvRMnWp/+WCQ1eGgn78eI86AjGotXW20AnYiU2CXZNakQeR8ndBRiqAcUugJ5EpS6hV70ziDiRNUE65CA++YE/J3Eyan3/o993/83S/MLo3pla25o382rYcaalEKqH6VVKvALM1IdVS3FaP6RC9yWVEQypxn2O9KU5ToyRxKgrRgcujvgNxrMv/Hm+sYmBoCuT89OzU8Xq2XhwTa/JAzbjc2VC+dlpspEdXHvronpydpEPSj4sVS24q5Rsh2msjlng2ZstJg4higJxD24mHrd3trKSqvZlOelSkUaJiq1qlSaMXRRozzZWOR0UHl1OWmQpNuGTCEyA4ONWGykVp4Bpb0YFlCGDaRt7QKZnEKMejBXuDFyM3D3qHxy22st7cGLk43MuDOxijf1F4bdcMvTUjqpsgnzJDy3pWDgRGSS8spGAqpdFh7T32ygT3L9kAoWarc8lg5TlpFfEAynI2cMo6g0mcfTZQEbto4fmYQCpvBMxRSlUQfPlyYIv1wtV2q1UjmgcQ78XWF00Ywml/kx+S9BVTDaWQEhEwNQA1EafV1tZvV2+tKhfcIyC8EBDpZeV3vESQ7BmW28aoFPbsQnuRypSFAoEOgkXWumOr1EbUMXyqeU6EP9exA9pyP/ifpAeihAhhDMMTPd9ARjRgeXyk7ZHt5Rys2da5bEVX5pfv2lOnCrR4YOjy0fsE/UIjVL5VkK8RQpSbQeFowZLm3IaQaFo4eZSFXK5qspyJohGSlsIlMzraBOwXIiK8DkFCEk4SQWuTcTwS7aepeZHEMoObfba4uVdvcJPa2YCouaUHNAogl7YRR2IwybBfCsKMR7OPXQ0sowygKsXBDjwB31FsdNQSeaEDmMW9yH/EJAHocpvBC6KZJPMoqk40q7J2DckWpS1c3nNNfo66l4N8w4cRIUCIfotzD0DtxH4RpQT2qz4EDqwpU6gtwNkFiAhlcR9wFcDCQ6STDGEFMMQhitfHb4CkW3Mh/iqnk6MW+xK4GmSQU6kcmDYB9DuJawH8dZ5Go2LKmhPAuCYN/+fcsra0tLy8VSaX5+jtyWUh57wckJCOo6SaLlqjDqC83RmRpsDhu6nGXbtA0zqJnJBEs7l27ALfmWarXaj8Jmu9VptX3XKxVLki+o+a8MrWqThBxs1VptJozOnDpTqtbn9u2drJdfd9+dLxw9urza6knzaOwVClXHKUgDjF90MJYJd4Pya2++eaPVeXFpuR+GwqXRD7sbaEByS8zSqwyaeZbImI9Fas4dTXrYNxJLSTDnQ5ydcBM/YMsiRl0aW8ZlSt2PjyrlkTLg43Ai4p64ou/7TR6f6/fcjdWZ1crERHWqGHieImmsjGqprojBPwoUhoi9hPzegG2ee0BjATQl/6RmSw45j4ioy8GniRyDseMjRtnnADWQlAki4US+2/WcsM/hacGTXh+f8jnEPIsEYG9hzAPuBPvT8XxEs8CSXtE+IlgO7nN30asbB/oLshL5cUK2FPZ6CjINgHCPKIzM5hOeDGG8GCsSnUCKpN/hKDbCA8Wk6pdLAKahqGPcGfZZBBNfB0OfeCgOYEIvExX1CkF9FkLVNFbWe+0OfhQHlx8KE0iSDEM+K7ha6jpoh9Mk0oS75pllIobp5A64VjLx0fR9pYtkWlDBhMMD9Q+m0pYkwbnWova77Y2lpUq9HrgFiL0ml/EIifF8J4qcTrtV6pQ8DG8ZBMXpuYWwJ59od7s9v9Xuliu+X2COo7AqyNU57cIjI4AHVnMp20NUh8Dbe+PBzZW1448/097YOP7Es1Le9wv+9OLC9O7F88eOP/voY7X5ucndFVxnutgY6hPSA5t2CZZVR/JvUNuvi2SjPRgz7hCVz5K86kAIIyDm/ZFwZpegtXjqKWVdS69ny9QVYbky2RB/JyyFUiuhYkiZVJ7yUMK0DMe4Cbgj9NQmx0nk3YTghsqWDb8cQTELYM6k58wSYoemUMQfXnt4C8QJpbXeuc82nvmeqfvti41WPApxYtLJc/3ZSbdaztgnjm4mq71t2Hcs2OOr4mA1E6NsIKV8PfXxmS4q9f9s+8T5yLW8XmDlji9nHyfb1TN1AJCuu7O2WiGM0CR0/+RlMT60owbT6ZVQGY/Rrwl8qhhX4BDtkAc+O7xrLIjDRpslcfoumVrd7Z+qBuwn3sB++aPsEtL9h8QD++0LavE5Anei9Eq2CQQfAF7Ps7gTZlluTMlbV+bpY+f2zk3dcv0CGy898uzJyArKc8t1iw8+cIudIfC9G/bMyr9PPvbC4y+cNte//PzJt9x9AxsvHTm19MTRM9tmG5yGW09MzpgYnJM8a/7lihSPk5YbCuN2YaX7H/7wqbmp4pvvWvjxN83LBeFjp6Jnz8YXN5JGh11Omqiwhbpz+1737n1ep9v99BPnfv4jF6QkOFiHMZM1JoS16hkFQ1FXLZrIBlRaxsSfLyDD0dT4NEs2w8XSu35xLoYouOF7fuOJH37wpu9+TeWmRff/+OHqhx7v/dlDvU4n5aE8AwnkRnjbv8v9qW+t3LSbUO/sA19e+633vRjDhsiC42DkDmP713VMeTc3KAGW4blcaRJYamdIF+Nm1Az28NAeFVbnfL2lcZjmzhPXR0UXmZGRcGgmKt5NgpeVRVVrUbPeTdARMa6txP0Lb3jn7rcuFOZk7numbv9PT/3qh06+3+UrcmH+/Qd/7N7pB+T1ld7Fj5/5y8eWPkvbTYzXE6iHw436WSm3SFNJq7TtfJwIe1jvpCPS/ANP5smexmrgkSnmoTydjFz+DDWDDwo5nG1hRORDcjNViY32EKHxu++Zln/mZ7uffOml1u9/fm2zLaj+5OnEhMwe1m1i4Dj0lqlk7kou8/aJgl+lEg+XlPzqDP9smqowyXFsArXaYbvGg1mnZ9z8ThEn+hbPZzbHrL1uiFxn8x7bbKn5DzOoDi08H/v4MUKHkHKZwtRzz7n1rQeYTYSRqi9faH7+oy9SHIhP/vXRd/2d0tRMOVMmY29/83W/+6dPk8cUoY/9WHziy2e/4w370rZbR7tuzOhRUu42mpRzttVtnqLG1YThnI2neOg+9SThPDCWjXJwEmVOpBpQ8S+hh7RGk6CK0Rr2qQeUdOib68xee+Y8nUgVTaQ8rBDKBGzWdAIVwLotf/Wr+9754Mi+GdVtYvtsVk2H3sHP5TqTMzNesRBUSon6goA3+NtlbAAAEABJREFUavf7zW5XmiEiaasq+hCt0PcS3BpFbD6MokZjc31lOer3p+fn53cvlKoVqR/tx/1eu91c22iur0vT1/TC/Nzi3OKeRdf3IO6zpV0bT2eJNi61GiIvDqLTbnakNqwDFuhCsVir18vlslRraYNlYpnraAQRibla5MVulDkxJFEMW+LmsCbmohDXggZukcxgJl8yDEEn6QdA3bVtXzASHx5tgsX0bCCVdaw/xAgeNyzlOsT+qeyTytFIol4HkoPLNLnLVEkM6drhva0MpWDBJJRJFJJjE3TAQUZTocYvGu+4EYYHJdrtqFVOhME9+uk2SBjJ3GWFUqlSqxVLhXKlVCqXMRQhsk8utMHWcHUSTvAerEPBu1Kn1ZGTRVoZGLk6GN0DQgx2U2KIr6ph2jI9zUQeYsP1kgis244yS0MKfLJ9eL7n6MiDeeyO2u9I+zWh41sNmOzw1+5E0mDDzNzhKDoqtMrwntZkgItM7YekYY+/HKbkNUj02cdWioxfrjnhTFvM9CVuDf6hTCqNtJ6rqn5C4OC0KY+1Jh04UX6QxBALmrHlMaylGUhqqYuqJy18qNlPddBrEkJHCRPR1dBGNZVJuBsDiGZn0GTNdFxChhjCWsHMV7JFFEmbek8a8HvUXtw7kOiKEPTcVTAD0G/TBmw0sztGY2aANpCLUxQHofcdK5ulo6aewzEYlothQmmGO4mwgFmaXwgda1AdaZypQ4K0znAKrLf2VaW1yilShKn9ZOpzQT3QVTkS6AicHsWhFO4QcQPGXiPY6TFnzHQii+igm3lh5OqCTsy7lbMTBGGoSDdRhBg9d8iq0VoNK4sc9i9+A44RBPnk1NT11+8/e/bcxYsXK5Vy4HrFYtHwbKYDKXF8N100sZbBPU7ogtWRO6Y/clR/zER9z9TMFpZbIHVXVkNWrF6vN1utjfVGt9ttNppFyeKKRQBPMoOFFK4DPeO4bHJy8vy5i+fOnp1amJVVrJYLb33rGz/6kc+12mG705R/hWKNeR4LA98NABrNxO7JyQduv23zkUfPrGxE8kalmoAHh9jCavIBbR0OVPlG2rGRbZcBZ+28S15eSYxxZfw0KMhmSr4MDmopFTOX7Zcx7byH8P6MtP7MEWYNSyKCsgAgKXXdbuIJHvlJ/MLGanmpeNPc7HSl4qK6xPd9WCYCdYqJnNIbJbllSDEdV84QhBDgeOIA7YqJGoLjJsE81y27XhIAoJ+BzymI7SpHVZl7YRAAEq4nuokI5QKwj+RMgNsHScy48v0AOELRFxBihyt8H1I+TowPnkn3EAMG0PV9AbEMoLMdnM7AF3o9x3OJXmNfybe4HmJWYtcN+32iNpKzxGEo70ae1+MUXof7hQKceVuEbFA8hr2qU0oItQyT4M7QoFyqzU6Bo72wn/QjoTCqClNqwriiTdkFqGasuKnQW/54FptJOjr4cGFM4SBd9LFviWY8J51tObFUPZTqCXf/yTX56oWL8/uK6B8LnJ4h7hC84MhWdNvtIChI0Vzqj+Qyozox2etCfNxepyAlb5mnIIdD4JFKUVF3ErkS0jwxFBGY1BsEgX/dzTeef+mEfLy13rxw7NQNd93R7rX2Hr6x12mfe+Ho8Sd3v3Z+0SkVI4ynA9hRThMtRzq4tZj/Rvp6SWLQx4n2ZcItBImVh64IlvVHIpRBU80zZhQccMpZ/jrPlKmyqPUD39bHCWOpmd+yTOsWWY5Aud7AyhIFY6MVs0MoaqLsTAXg0TK30ORW8zdQA9jnW5Pio73zjf4yGyN9pfmcDTqRaoTnjo9h82fs+RO9e24u29iRY41xnmOrPbHU4wvFrXNxa7GXhZhYO5HJGmkWLyKvYuFbEBM+/CiyR84sHyf2UQw8K7IkO3dlR0c2cD5wNPJ2aiozrxYGfYKX8oWbAW9BKFiux210xYgOPLUi12AJVwBZTp5OmN5LtGd2mw9s0nonBZ1QHdrjGfFvmmXvvF185KmdySSzE+KH781fTKcpszfQqb7QCwduyAt14CDuhFn4OdWBY8jDH/7iM3vnJ2vlwrY5wyh5/uQF83PX7GQOcWKnt9174/J668zSGv18+ti5MUEnrW7/I198ho2X+JYMe/Du4Dy1Bh5Pbb2XJGkurXX/7FMn5N/ehfJrbpz51sPTN++rSQnr4may1hIXm8lKS6y2ki1QTbUSn6ny6QqfqzozFWdxgvfD5IWzzceOrrz/U2tnLrbZlUnWzNwig05bEDeeyS0GdnlZPE57JcF+TgwFVds39cAuVvZ2m2fiuP/bH3z+oWd3/fi3zN+04H7X3YW3HA4+e6T/5Ino2RNRtytE6gUdytk1591+wHnNgeC1BxXUbLOV/J8fOP3IExewFgXPW+TqXepVhpjxjPIoxcQQJeHa04lun2GyqSHT7q8cHd6ij+2ReUnD7esijUHB0i4XA75DEsWgSSFLe5oTbjR2SlGr1P94CquLv3nob1W9SqwZw3Qw9fdv/OFHVx5d7r74rv1/e2/5Orpe8arfc/2P3DnzwO8+/yuCxVoOIB2AliFhkCQpghm0wplNWTZwM7HO6W6egg3rDLX22knCR1Bdi2APi4Oke7XZiL4eUtqw7KONkWJYoYppXdzc3s9YOXDeerh2/8HqT/7e6W4v0bgZ4+9EjKiJ0D/z77YfGWUF2GkSNrXAxhV24Ofr0pPr5InOTjxhoXipTWr6N0t/5j80z2VjqYyaL9b8yzO42MwVkT2/+NSF9kqHOZzi3aPRFebIzd90XaHq69LUiO11w0+9/whtgyfb5kc+cOT7fvAOz3PtkmenS3fdNvflZ5Ywtg6VLKUo8cjzy6+/bX56opCr4ai6WXlEto/YVv2rbYf0DBl6hjxiro+YiXG7BRYZgfAOkURxivkI0XxM/hlIMWR7LjGIE2NbMh5QNE0c7ulEaB8nehcDXJHv6mL0hwjj+8QabkKIkz7F/emNtaBjWdFhKEUxh3xvsZEXvWJhYnqK+W6MXw18eAq20dhsR3FXfv9K0S0Fse9KtaZA1aVsVdgLW61mo9Ho9aQmypuYnp9ZmKvUa9zlUQKKzrWlpdbauh8Udl23b+/1+4uwh9DFVXNCW774CCqq7HrWdfLKwMlJcSKkEqzThgDUvW5Xaobrk5NVaYwvFoIA/HrGyh+2k/ZGKmVcEpEaL6VjIB0SfNRAN63jI+3k1yJZ1hPGrMqb8xQKoK8bxIltwzK3Ul0OY3ohS4syEhsM33G24Bc2UkSR2VSeTBMBYkxoGwzQoHfnC6sckfJ+UOeKQQanXqF7g5EDE6YMoBRJJ42no/fi05Z+XTHOtKbZLlbYlR+dBLcW+UIFn1DDVZoHwJYQuNWJen1iwpfGNBetxkmklxPaGYgiUKjhRn8nqAyHbfNypnTaXWmUxV4i/2cOswYts1l43uUKdSYbmD5Z3K3VTqG/OuFBXISbIMrEhw38LoUIcqkmzPqsyhBKcBOGPgtk5TtdqQlvt9DBibQrhxFVD/PSNsskndypSMjMMLjMCXaJws0VSvwqQF5yhNfWx16VJOxXmxM+Ko/SnDFdKz4sn6qzYiUGeiIUNl4YembTNLqeea+W5LhlfNbKZiNxi5QA0SsSFTpHFUk8ynINBY8imeQOV0FhlCDEB+kb3qSGmGoNdQqAlQfTpdAUSZolIwgj0w/l1JBH2DuvfUZSsxxyn08wA4zMABA2Q6wUfMOWZ4VWnWIx2C84W7EtYNp00HMKebpCvBc+lYBFjSVWD2PvMNUutbpMl5UoQ5k/ZRdINOjEqo/1pUgdojsdCksw2haibcDrAAhTMWrt4S0EqlFGWkevf7MrnREJqngVQSfcUj2aASENEFKgibAZGNDQ+BDTorTVJYbcqWGrCb/8WSgU9u7d0+/3ly4uX5T2xdlZKRsZpCExbyrL0UIY3SUTOvg/gHBnMGoSS24f2WH2ZxJD73I9n9OsaAIHk0u5UpmYmOh2ZH2lTNkqlouy1QUXHDPE6FIVJU7iha4fePv27zv60osvPPfswVtukSLla+65+7lnj71w5HSn22k11gulSi0IpHiKYRtgtAZJeGDXwo2Lu5ubnYuNNgsiLk2qaOcxOoYhRFaL9zzr4yEnM72i0ziM8WXSUCFsoTnD6hl9Dj2hUApkWgxnykEFBHVOlIVPKBCKzBo5gfCS1bjzYnPdOxcXeFwu7qvKhUQMpkU5GSV5EQjaBSwIkTEplUTC0TKMEC6JtUJxI1g8OYgGcSVBdLyy5/MSesDgTkz4OMdN/IDDdnC5Iu8LuUAMQwQTStEoEC4KPvAyV6D1Jgoj10NlsBUCTX882lEE112Okc7g/egkKkEFWcLk42G/L2UvmkfUMVB1EhNFQm4MGbVNMhI39IOiCKNesy1ZS6laQXWc7mfGMphlw79eDRNieMqSXJIFcGD5khz58lepXulLITVqCbn4RLFUP2jEBpIv4Muiscol9Cds/45j48nEeFoCn4oQmAm+Gkf3gGllOEsXKinHNklkpXkYmohUUlckWQ97vYunTk/OzMAADgLYBigHJPrWgji77Tb4ICyVJN2TXKM2MSlX2q2NjT4suzsuglEAbOW5LF0yIXw0THjCXalECGOyMkZJXJ+f2Xf4pqOtJ6T25eLps/X5+cVD+0W5XJubWb9w/qmHvlCfmr3xda8TbgBB1KBTAAQmYodzuwmMWShRJQV8I73aE8/sbFY2bELoCpauWHQe+1ywvL8Txhi35T5bDTC0HM4zZdqyoy4znWjZ+uTLtFqE4hZowbBAiKcjjIsSM6zpzcKoMkzYHYGqObU1F6WzhLpJQVUY51vPjGO9C2y8tBmu2j/XN6Pudt5KKLXaicw8PZEKzxv9cWfrSk8sFEcKJblpz1OvMOa6nWXHVEJkSb1htMZg9srzccJMEE/THcIA73lOIre7QowrHA5m6/Ri5Ad61zj4O+F65rLFKZeNlzZaDFeU6nOw8TydUPr+29nT58SZlTHagEkahH7qDayYXfDRRMt6azbnzPSrWcOpNanW5RHuxCoqcxwzfeWFU2++a3tEyMkLq2GU7kT/5tfeuHX+t957wx98+BE6lxLf6aWNvXMTbLv05eczzlR2mvITMqV3Q5eNCuyjh7J2VLizOZ1Ppy+05d9ffu6UPN+7UD64q7ZvrjxXL9y7uzg3UayXRy7515rh0kZ3ab33wonex5daL51tnF26PE8pw5I1H0dNTZX0miOTx5KarELydFMTAsMfuWI2Nl9jgz5LuFeo7O42z0iT1pFj5/7Fb63cdfOev/um+k2L7nfcVZB/DGao2OiItVZS8NlEyZmrZ9bO663kjx9a//DDx8OQtksWPXcBPXqpWpn6K7pu3m5oPbNi6+i7hpXnNL2DVE4M+7l1urzh9mpJl9gLWmpi5pvSVS2JkZNotXQGt8aJ0FgTpvW4yk00qPjvX3zjm+df/xcnP1h0C7tLi1TaZtjYV9lf8lg/TjGJX1l9ZDqYuYX5wvgAABAASURBVHnijgf3/8Bfn/wTxo0CiqQrwgfraDVaA2xjSswVSwAQ9nAb3TNi69s8X4oYyKClREMFVbQaZ4sxO4KPD6vAiLyDZWiFK7z3sZc2v/s1s2yMtNKKOl2KU6A8nTCHDyqScnrYAcLFBnrGvphr2Q4GqNFYbCUAXYXEWf5dfFwZlevMqgCjKFA/7TvMup77f/D92X/zkslQHyeY8finTxAuRCDihFDzxcnSwdfs4mlpiiA/9OEX262ecmeEo3pjs/fQZ0+89e0HRfa9b7pvzxNHV7tRQn5TEk5xdsRHvnL2b7/1gFGED60bMyhqjT4RQ0SMga4ifY0S2cgUkukEui2MLYQpW++oYSNqNfJxQhATG3ECmI84rlcqw/yUpIgTZlTPah+uyiyy1xlLLSlswNOJPC63mhOlEu6bM4gTeRQGfVKcmxveBAtlMnhCWYaesp1Mpom5aTfwQ9wPjVv7RK/fX13fFAW/NDcTFt1QKlelNgk/rVTASv1To9FsNTZl9YNSaXJ2tjY5Ua6WpdZJKi2l8aC5vt5eX5dm8l37980vzleqZZkTSSl6qkaPw0Kk2gOWJSI8a7+X2jAyR/V7/cbm5trKsnyHNFXMzM2VwLtJIDOYMgxMAbGw7FomYztnujlZRVl6srUdnF/leqdm0azXEPvE1D9XYa4TG1Zbm+Dgv2pfjqE/FqPZso2W5tY8lehYNmo3OEAohFVP8PyhsUbCLoiZGarbneVY1EAFwiCzZ4x4B/gnttAnSVqww5XfNqJ6uRHLUnz49mwlrZZmJGSCRdcgTrFcqlSrxVKxALAqnwQwTWMBf2v7CEHtLyegTL8PtoZ+D+zQ0oIpGwRxbSBkRGIZPK2TVFc2MAD5oDTCUMnlWb3MmN4wj7ZPkJSkZcMjFye+70FULpcCcJBzhIzWDo/oUAf6QZp7up3O5nqj02rJv54UYhLY+EvvwoaQjVoYmzmNr0FnJkpzZ33+V1a6StUWQwF/5i5jg1KiPYWz03nrN+WnuhYDcuvldFY61qwRmSpnPqLQKDbitGnpWTo8XJpNCZpVWkbeUNyEp2WooZWgkQ5MdWisE8aBChWoLUSOirTOuYnUoXRTac+LNLLHAF/P9jM2Fp1ORYg1gagxSSw1TQg6QVcfYM9ylNclsunDGXm1QEACIeOU/EQ0z2zNZplpz5EeApcmFyYEFKPucCnwi+4YCrJqmUTFYJ/rrAJ6Jf1ACW5w0RZPoT5oKgtnO8XYDHTEMcAAShonxZEw7CfgwynBwD9AJRwiQXqBl5HOx0ZxXQtPJ2lCqcjwVxpV6DVB8HQIqWS04OkVq9PliRSMdu/e1W13zp07XyqV6hN1ZSomBzmIjDYvYuQoBfcn9TG4D0FeHGtCjEeE6AMah/aDifY/Ocx8a2nad916pdqstpLNZrfbbaxvwlZ7yS6kwZW0AwlGtXCxhrGo1ir1eu3kyZMTs7MzC3sajdZtt95+5sxauyuto5tBq1IoVzxWkNPBl4IjWN2Zz507bjjYaHa6x0705UDxuNCGKK7qzWA3i2IjnHwWabNTQpEgbV4+/hj6WiU+WogUO3nq5YMmEFtu9MmsmAVTLujMrHDwF/ynApHQ/gHH9WMRtbm3GndPbKwVov78xERhYsrDGeF5bux7KK9IRSvGmKSCtTMr9NgmxySoTWGQSu0KLKuhy9DXnpxQkcd4RZrqi8WEOSHKbjyKkEZ7SdkFACALuxCKVK4H5VAVTgFgxhlGhLIn+FURksa5oI9ydTtdkrHJigkYKw8zgKunXqifjgGQGIWOSxRcGFIqqXrACrIYwOvBXyzfDDS105F5PEl/mAg9r+D7jkH6DDJznj97FSdsJIr+kjUmDHau+F6xWgk7vX6rJ3vdwe1pQjljUAI9GLVgiIAIjmpVFWIcR6ryV8W1T1ctjQv4iBhxA5ydcEQIKkZtRJHBlEoYSndg3Lxpf2tyjCRhtHLuwuL+gutBeEspyEjJXD6EDqVEu9mWGmCHoeecoFitT4b9nqxMp90CrAlw8FJQLLq+i/5bmFqVSbmkGwm5RilwcKSDu6AkA7vl3rta6xvHn3gm7HRPv/BCaXpicrq++9CB1ura6ulzj3/2oflDh4KJiWK5xmPkTo5qwihCRYLaN9KrPgljpDWWx4xtjOGan6mFX8bjiPaJop1SUHmmTDITWyvedNJx4x/FvEUxQaPFyL4r4+OEma3XfJiPE5F6T9EPmAmNDk24pcQSiCPBh+CeUFgTCs2DOBSFH6BlBkvPRyc+NomOk4xbic1WzMZOjXYybZmw4/ElCDEOE8loko0gTDoRLjKblflOnJ3w4edC66g5y3g6yZipeNbHyfjnWxzZzs5phaomi3VUN5gFP6ErlriUshS7Iczu6IEuGvWpaPsFjvOENmtDBCg1lPPAji3SOoXXsT5Ue+xwJXJ6/OM3sH/716w33mbi77pLXDc55LrQuBNmzWjOmbWg10xbeavE67qrhfZiqYvKSKnjpJPn19hd22c7v7ppzuvl4uxEdev8c5PVeqW02VKwiYtrm+OATl48vcJ2kgbnmH1lyF3d17k8fJQocHmJACjsZZf0FB0pVwujLxKju5Hpx2z6oH6rbExxukRzNxqz2oOI7emEBFTm+KXa/n5nOQo3krj3ladf+uoz/u7dM/feMHH/DYU79nqVIpd/u6cyWJNnz0RPneo8c2LjK88tRbRlUEp57pTrTnBG3FZvSVL0X6RqG3U3JY1k+08sHy1pm1Izg7EjMjaMaols53ydJzHi/EoUnMIfGY0uZktlgnbIoc923G2GOihS7TNctKjPyUTgFn7guu+Wv8p+qR2l07bR35guTjvOrtVw9aC+uBGukdeTty5++xOrj5xtvsSNrVGkDpzp7UJxKGEWuVad+WArtmxv/jQz9VKpk6UKsoEiBe2c0aBjFYBVWUzheOZi8zf+/MnUMsfZ6aXW6mbnN9//LOPMIBJWG91emPzWXx3h2kYiX9WT+mImfuvDL6a7xrVy9E8/f6ZW8vQVyN/uRroHnMeObFxshPM1n22X/utnlmkWch0nCAvguTbajd9WmZbNn8s87pg9s8IefVE8A5HlaBuGavrFVf7/fDKpl/k3386mK+zKptUOe/gEb/XESlOTdv3ejx9jL62z2+bZ4jbs2vqqjF0q4mS43GGeEZb3F2ZjZFn+/Oxj57uNPijv0btJgnty5ce+7e0HuKvGpFHWHX9h+fTxNUEu9xwTN0c888zSTTfP7d5Ts0suFLxveu3uj3zhFG4PU9KVzP/U8fUzK+09M2UzYMWWPk7ofGiD9ZROGShjud7h6b88/SXSjqHjcL5RPnwz+hEBhEecWF5GMOaO57rT5TJjChdCR0La6X0LcMwgS1Q2gQok67p6Fq/gq0mrj7onsAGvtTsBRFDmfRVbJ4M4kVaXmVtvZyOHhCHRqbSb78dM/h0kyl+eqPXjCFi51Bt1ut1+r9Hu+IUCr5eSoh/5PHIZhCtnTtyLm5ubjc1Nac2WOsxqrV6fnqpNTQalomwr7YZqrq9LpWVtYnLfoQMzc7OFYqC2gVuWPttKl0syH+6lVtZ0F4xnQlrP281ms9Hs93rySmV6ulKrVWtVMEwYg3OibNJor4mt9qWSRc5YcDUMB9aM47nrgz8H7HNbGQuueMq93f5JrbB3R9sn3FLnG+OoEDlDKeVnZGkSwrJDGY0id0fVTD0Mxl0YPDFu6yfcSQQG19gOY0FoBvSdwS0/bhkzqpJm9f4lO6nmJITWQBMuvA51vgA6IXcawvhm4LgXUeiAAdpsbCOo8k3RXTEE/EBQb+pPGsxSyRwUglKlWCgW4aRc9kHtDLVDa4kOppP2NhgSkkTdlBaGXrcr56KU8KOIxAYMhaEgOZGKEsT4wADIElnTc8KwuvQTquAc2oBsjxBJGdC1CTp8RxcJCDrxSHjT6jfC9pG1GuJIYG1j0hZeOHNezvRuuxt2JWWKOVFUagZ9S2q62fiQW2akTWLikvZm5D7S1SAUY1bAnmVX9AXMBhyMfv+Wl3RRY71Q6WNpzFjEUS8GzASTRjCrWmk/CBriasLGlhLYcjGifYUiox6ohBHUWWpwtyz6PJuPWa+myYXmlTjFoIEwIVQsLE4wh0QhPJSUwI2J0DRHeaYgeIqqA0xN4x/N7rSElmZIiBKghkT8JA1U6BM01aDzOjB4uQQOUZh4TjVSDNCs0AU6KbEkV6ZoA/YZp2g5GEyHEVVVBi8t85HTS/oUTAslZqCKlLnrKzxRlEatJQXMSk5jkEi9XpUinVGK4kQoC6km53GYAMIGvJuEZCdFKh2KOGQUGgk7lQCEuM9f0RpFLQRjFsUYGPh5QnFtwuvkT9Ha7Zmwdq6xQNOKhZlTlcQQYzzwwVp9cnHX7uWVp0+dOVOulKcmJ10oVuhHrDdyZYtGJuqC/70o5EDAwdkJLXcZSxfMOVdYItNxJEBTg9LAV3qYOKaCmjECNDEoFqqVatiPNjc2W5uNIvrFY6Io2QZOosTFqE6on4KBu7Cw2I2is2dOV2oTxWL1wIE9D7z+3o997POtzmahWS6Vq7VaWbgcYEiRtHtCA8uOuOfWGzbbrRcuLLHYTULByImMID9GgLhORyRhZ2JphhWq6moQEjTHWspR4wYE70GiavTRI5OeTped0rnOB98wkNNOiW3QNZ9u2zSo0RyenK0ziNSmOOo9WCP1i+dvCHPRBZscV6BBJowS1mGGGsD/LlLNQH7nTuIt9bt8pT1z+rzrl/bOTPGwj/KkTzt0wdOJXEkifURnjcoQ4TpezEInTpRcoq2SyjeIipAgeUDAik4iRcmEO90eDjAYXojC67FeDyiaXJYmie8WYdq5IlEILUkpwfkJ4EoAoEBqMoLOaB8ATGt2wJ2KIxdFUgCLgFyGID3Lcvthr92BvYpB4CgJCmAT0HqXBwUesj4sQ1Emi/qSqnbiMC5WmCecnmiCGFcqMvTMIsmTpL6SRDESyBTIkVpNtIWbTzls7GyxKFK24HHSNRHItFEZjUdMjy+hAmyQ9Aw9EJTLtVnebbbbMSBAtUIrbV26rHI4EXEwDidkieNCg1HxgNGSFE4a5IwQvRpDgCQglXr1xfX2Cls1QkRJ2GsMXQ2h3a2B5gd886yeOy+H7p5DNzgBw51oKCj7AfBTQKn3Ol1Jl30/gOVHVJ9sNjbgkkeeV+Sfp9xwISo1FrADIIJ90BDLSYr/DNmw5NKJyw7deZv899QzR0TMzr/4YsG/eXZ+H7steabdWz1z+shXvnTDa++T+Qt+KUHZyiWoJVN77ETK/XR/0gCD4avFFuqXgdFzpcbJtVyWvxLStekNhThhZnVtdqkqWdPIJBm/Jkyfc3NFid2MmcWHLsEc6Y0i9XGi89N1lpZvL8nEQDnWMe0lM82FWak6CoKrbDCquiB9a9/y1AEKBgBSmNlGpWkGGEuoFC7S86uQmu0drKI3mztAqOwgpcKOVEcnAAAQAElEQVQBZ+k6cMgE5/qrbSFvjHo2HS6a5ohtvJu8fH2ciKynE5aVoEQGYiLskWMp74b3j/1zIIdyvYs0M8blYsxTs8a4BHmjBTKXfUUHhBkrLVTZD79O/NeHtp8Oe6bFd9485LpIFdYixZ0whSMxdCXjDcVwHKUEHY47YWPLOcvrzXGytSw8zszkdiYsyjZRNqCTzdZYcJ6N5lWDaAwdF9yCjKUsgH3dJJGdqVtl5dZybajIk5Wz1bYQbvkLMd2cXsl5OlGoFB6U5l1PrtZXkqgjjT5nzpw7ffrc+z8t1b3lxbnS3GSwZzboh+LsSv/iamd5uZ0kHa2hgxc4TslxpqXUzLQiImXR+h+7JmpVkNFT5+rGsrcyJyy/bMzQTzZA0L6R7HR5e064BYXE30aOUvJYgjo6zIOb15hBnJD6VpmUQAn01l1vK7rgTafoFDpR6mRoM9y8rnpdxS++0HjWXGxFrXqgUHRv3/2u33/h/1KkQ6g1BSOgk/Z0ImzQv1VDZtXfakVmitmMddu05XJEl6+xGqqyTPFN0tHKu2fPN37nL59UCllcgpHd6Pc+8KzS+FrXf/+vjtIVbq47zh9/7ARpn3ErIiFC+AcfPmc9q0+gfc4N+yrf87r5cRAnf/bY+jMne1SCZvgqvp7VCWJow7M/xRZXRghuW6VPPMl+5X/wMLSIghZJ1tbZn38KFDZ/9ln2ez8jgiun9+2E7P/1PqfbZ/oTwRuNo9hHjjmPHGOuK/7BA+K+PaMlVZYufbdDnBhdAMtkG0LhzJOkrmE8Sx8VyVcyT3qUaqITnz0Jc9VBY57yd8In9tQXb5pWBWh5qN+LvviJ4wJ3g6aeUWAvCsy1j3/ypR/8u3c4TrrZRj70mtvmH3ryYqPTF9wgVKD33v/ImZ/6thsZy9QtU08jXzEt8qZdNEDiuXXCrd+cSuNabOZpH3PteYhrU8KwVDpwMDh86+bTj1NgHfJuQogTSeh21Wss64+E5oJy5zRAbbSnE00Nh/k4SUsYKHOp1ZoqldDeK/V5uj74N/fAmwr1+tAm2F1r+tGsu6xs46aBnFiWL5VErN/uNzcb7ajX95yoVCzOT0XVYtflsQdWrBiCVvc7zdbmxhpon3y/Up+sTUyUquUgKIgo6fV7zcb6xsqKJDBT87O79u6dnJ6UpmdUvApUl4EBiQzmqjK2aVHrKhmp+VG/CSa1KJQW9G6n0261pDasVC7UJ2VHlsi/tS7A0nqrzYgOt+ZehkdYsINL1iSN0mVxbnv1SC+OX4KwNIZbpCQxcSUyRWnzkLJrpjXQuIqta2IXyLUSzz6xnnNyq/ZU0Zma88hcJXQJuuczhMCs6/JBlzhuH00i8A8OG0HB7ptQ8AECnVCxCEuSOlBa7cJjup4KRW1q7Rg/SYkeMUJXXXDwXAB2zJCsmgjMSNCGbVaJ1sRDz7jMbg2zu9GcJjztCmxTir0yHzoRKqYEOPXxC4WinH2VUqUKXnzQRoChKyBsBNIeNA3R901A7QqWQcTWQceEENuq1+/2ANcGm2/RAJ52vlAfTpE5rvRduVobPYRumYU5IeGN4jPEOk+C2jJwiQAxEMiviWyMB1s8wTQDm2zJPUmi8S5oVIYA8OB6XhocZbU77a6kMPJrN9cb+DIXDfjQBY6uFje6dqZl0kz3c5aVlPWI4/lLo6egKSeTYTD7GPOUbSsM6bLNpLPfZs0pMebrhiSeeZFmKXqnHzJZxdDGK48mtaLfgmc/AxtYCXJjNgBjC1J4Wk+kBACbrw12ZmbSK3DEo/NFkU5X0yTyPiTU/EzMOiXVUBiJy4wcDe5iqTIIH1A5hZ7yeIJINKAIOEnxGFM4JxV7CyuTYEAFmGtMTTdHA6qUrwpreiUih0rkGY9feq7hFyeUiyRL/TAGf0UhQ1crIMLgLTAVCTUtCClC6wprxU0mMyGoko7+atb34rqf6Ek5hSGIjuswvf5gKUCH672ffFABhCTafCP1yZHaML17JdFgJy3S6K+PXCKFN2BxuNEtUaNH9n2/20UqF+ExBPKnihbUicSllAhtNYrlhCc2VGbKXxpr8cHHECL+/+z9B5wkyXkfiEZkZvnqat893q/3WCwWngYkSNGJoJOOFHmiKD2Sd4+U11En8zudjvcoR0qPv3s6Se90oiRK4onCkaJIggAFR2ABLID1fmZ2ZnZ8T/suX5UZF5+JyMisrOrqnp7ZXQCxvTlZaSIjIyM+H/9vhLgweESZfDfKgJ1YSYZmrkgJf4OeNlxomAuCmdnZffv2La/cuH79erFYLJfLuttIcoonLRJ3wmoPMAFHiMw26nRyUVTQXmpWbnmK2Ta4OmDGjkECo/fHBf0JGSIW3TRnCALdvIlqtd/uNJutzbX1UgHSJSJ2WcCCRsQV6jPa8bmwOH/ujTfOnH310Xe9T4nuXXedvHTl+lNPv9xqbdU31gq5qldUvjZSyAAt3tKP+gfmZx68986XL1yAEIB8qY/g3R7aOshnr4SKX4H8+np+9fuw0hgCKX1pdBTj87FfRg5+WjFOGWMU7qYY/TbrTPyRZBpAJ6GLKZFQx0YUJVyDzLAmDY7cZCWDQsioItNNSBwhA02oLDyH4uTRph1ELzCOA1JK5duYOkxEra+eu6I/dHWiPFcuaqXZl9opn+93UWYUIIaFMCYh/oL2tYudKCX6y5WxasHwR5EFUplpEp1XXiXIhyUfI2BgxIGfXlcY5FQJQvIAJyKKtI4lWp6v1aV8TnjSyAAh4o2GELyIddPgNK8jiYPz0ne9wdQ5JHFTwHZP24CR8BaUyhcKWhKzcjh3un4FyEAE+xhvrZlNqCvULckr3aIt4C7FvPCRtvroFrVQRSxTeOlPmfhQOLOUJwY/pCUEKqURvLklQWKTTAP1EvMTgtIDv1gpzx3avyLl1uq6ZlQBZzISCVGIQ4Zo6DFbBRMU1cYJMsxzeOEdyx/M0ePVSNIIECgbW0HCQXG0H5fW9knzm4Z+t93dWF6ZXlysVAsYnumxKoU2FcJSI6FTS/HViZpuRLPZ7LRaQR6yCgXdnucHXsGzQhvCGgZkY/EjH5kxBMfokVeanjx05x31jfrKpYth1M3ly7UHHpqYmTty110vf+WJs08/XZqo3vXOd2ktAKKtpFEakYkYdqNEOkhUSfmWGCjfKLesoJzoYoSoeAmeOYLXqfhKWtxEbrrICVgyCpUQhjUm76XDLsaJcmwTSiTqSUaf4LzjZ1nFwb5Dsv0JTQBvIBwI4sWEacLyOMdeeyYa2uPwcXJIRBYchYBbkLgIuWsl8e1brKxCtILATmSs+QuV4Z0cVVtyq5JbKRx0E2ebaMmw/V1sxcD+wNZoWiKNcSJYCmd10sg+NEES7+tco2QcmB+Li3F/irjYKt2S81kB4dkaUQZA2o/a3XGjl9YbknGM8DG6gmdekX/919Vf/f5xlyO/+4h4/pr60tlRbELLRT/yUORKL+7bGfFIWKMDfv7MuBMhEvYEZfXOwbgTIcTeztPIGd39/lg9HDnWnhFrQG+yDM4798igkiKHgZ1I8XVC2WiwZwjBiWPKnbgDnRz/oqqcKY0HGQnMIp0wTJak0WojO5NIJ4IZL9zrByXPPxiF2mqrxd2mVl9Ag+ltXr6i/9QzIhXPR3WDICm9qrZMCGvclAZ4IoqvNNTbwTLhmWZWe0hatWz4uIjfz/Bwkd1TIrtHs7r767GoHRwdpzblsK1EKKRDNym+FlJiu+gm5jjCQqoo7+e+89C3UbUlv7TWiXP/bXY2JvLVol/88soX7MFm2KgG7FK9f+qR2dKBlfZVRStqlOVNuJbDkypyJD079kC2SrV51KuO1R/jFQWrvTnkXplAzT/3w4/89EfGwLx6U8uvf2n1t7+8IZgRmnlo8U6wDHhsUsZR5WzF8AuG/cwur18Tf+/XM6Z4LF2gBFCvi1euiAePiL0qZ1dEuyNSaZGUSli5tB/zX3xeHv5j4b6JIbXIdOyIsQEkrxo4lrordSZxpUzsKxu9MbB/7dlrnUZXeRxrQguP9Ex54NtOCJF030rx/JevdDo98uua62HBFKr3cm2j/dIrN+67dyF+CkTkyPc+tPixL12iuxA9WNto1RtLjbPX66f2VUe0LbU/pDMz9tz+UPaXtAqA/QBsBlex1SqjHPypn179Cz/bs0gnivFOjkxPlYKcGx0SMX2LJwJZ5ZNIJ+nj1jUY10MYJ6YWxbxVdvv91WaznMtBGyjdD0bA9JR68Gf/e7FdD7m+EjlwdvS9mUU5k7vdbIftsLXVaLXaYSUnqiW/WujXKt1C0EWvmm5rt9HptZrNza12o5EvVSZn52bm5wqFgu63Truj/zbWVxra2l8pzu1bPHjsyNz8bIRmK+o/+lpKJJZAKD7uNAhdbiEuT9WfVRtL65tb9a0NvV8qlytzM9ofT7nUKeLECPAs8Tuif0puTfZM5sCLe2aXXFYmIk4ywE6EEHtlKJMDkC1GeuTT7vEdVeU2MnVv8jKZPC+TK8XjkSvYcYkDQCVuR+rDMgiLl2CCjQhdDNy7GEKhS7fbp/lEYCQ8WjxrehUUUYMmeQzEYLJgDUG88JI0a4oijScsJK0A7xJGtPQjyt5AQpBLvlhCpRAMFWdaT/ybVN9UqkdkpGIKR/3Zx1QGsDw1lytXKuVqpVQpwc8AwUQAwjtStHCXO0vZV4YpBIk1YE1rD7LpdPEl+oK9vBixIR0qwrPMGLL4e0gpBj5a6hXosYYKm2WTkfmw6NcLfE0QtFND+xA5Jkx7Tjk2yKK5YCUo/UEGEE0ANV1pNRv1ehts2pCdC00WHo4WSe5XIcj1HFoxRqQGLfEblXoNe9LR1qKYbg+WtEQUk10psnSWPSmDjYnZyhjzd5syIJmgrO9Rbiaxk7cYaKeuwy40Tap55gZ+pkHQYS5Aq1jj+5zcNEaBVvGwk8yfjdmWmGpG4xQlkjakn12qnjuHjTjkxc9VNFMi6bSZ4zkozIQwlghmCUNPhAElpQlIr4g6Cs4IFWByBcOJvFhfMW+nzGOSnenSEYVBFgipord9PbEhjKxLuWM40ZcN07QsjzPKIFlkGBXSzJUjOEh7OXUFnCNoE5qosFDZp0kXfwNhA3Kk6SQTypIo8ZJw7FYMQkEIFpabIkaSMy5mZd/XNoy6Rvcv8nno576mEe2OZgR9lCjoK6AXNTR03pO2h2m5ONXmpTm947sanFbpI7c3vc5ITryzejzG5tLU+PCRw61288rla6ViaXZutlwu05eOVGQ9lK7kBNKVlvKRG+ohry8N0BmJwZKxIXWcVgg2KQlh7P4iIZFQLRFZusuVEsRx9gC2sdluaaGvVK3oe3L60XgrOGcFmgw8wGCZnpxYn6wt37hx6Y1z8/sOzk5X3/34o5cuX1u6sXHtunbnF6am4UsHgQj04Ov3YfV8Pzxy4OA7HnzgpXOXWlubQamofIGL5X1BEXcRvV8Ux7kzrpHwAuxV6aiMO/00ogpD3wAAEABJREFUcuTPvSiZ3CJ1xJVmBiavsKZyOo/btKApdjssxynxs0YpjtsWoigQd+IcEemB6zEh1kShL2RHeTnlL3UaL77xRrkQPHTi+Ey1rJ3geaDhAIqipZWO7OlLMS8YOfyACXh5mDRhIBBWTlBwH9bqGVkPAghy0qvkGb0WgqD0NX2IO9FjK1IexA62W9pf0Ot0Saf1cojL0oeTBNYSASo1RjeqkJyXsTyEkwjJLHFIGVDCLH2mg5B3WsJttciSG0AsMwpnSJ+Vr7zI83OBMkVgzhQER4HJkIMoF1nyqn4hz4DXEQloRlIhTVwkuOz4RUk2QL/1StawicUPRaIovHDgVSZrxNma63UEWEU1xsoBkalPou7geYq5fIjj3NffFMm2pxJKEvrPFQ6AyICokVs6dq2GHM2T1mulsJZ6lmaNaQev7bRay1evluZm9KcPvdAPcrrZQd6XkddttyH8vtsFyi9gyBXLZS2bY56mvm601swhqBwjy3XlPkoMIC11+rCmJgCALgr5gkCWKJrftxg9cP/Ta6u9Tmv1ypWlxfmZqamphbnK5Ex9afX0F79y8OiJyQMHI2kIryAdwbAbJ+JEpXi5fCuOm2+UvSj0eZ2IEyFEvJXOARsFIoixSWGclyyqEjPnGOdENcPrsTNRyiyMExHL8Cpdp/MOifgYE8sSCxJGIzNMy+IagxWDgenMISKsHi4VxIQ7lDAOA4YFT/NbMxs0J1zbHBe/RF8sblGR2WAncqhMKpmcuPcMVobF1cAsbXXwQpR4W2Gc0FXWwKqSzEw6h9xqRVZ3iORxB3Yh44pyXhKKreQV5EKx3QZu02qsGK/kffRFiviz6c2zr8g/94/V/+u71Xc8PNZA//F3iDM31Mpm9sW6lZ16Y99EadjtdobvNO5EGG5r+jmWzVVc4falVint9LKNRmucW1Y2Gna/Wi6Mc8tktbwzsJNRczJjP+MamQgZ2977+3YuWRNwG4Ke2ZM017JNnIZdCRtBomJCocxIpStlEk0kZp5GT4S1G8UFcIZF2nzeCsMOoIPC5O+T6KdVddAcIDa5ICiZc8wzhXlKok6HmDtPNxcpy9mdttGZwbgTq0Eqp39ksqsHd75RxilqvFnoDE43IJJkJ0XWTKOycq5ywdKUQj2aDYUnancUvDxVVfILV3puep3NWm7Cl0EnilOp6bp8B0X/fYsf+s8Xfl3SyIDFFSbQCa2faAewJW6nZF4nBmmOM+9GnNq+lzJD6XgWeNIOfL0/M1kUb9Xy6tXW85dbf/ji1vJGnzw2hrYgqoejdbp9Q9vk+6euoSvSp5Iimxi8ZbD85hcHiKsSiVgHIzt3+ntJCULjZZPbScQfPyN/4pHst5DOVqSgTsxJKYRI6v9uSHRmhfZsQhQxVj8ee84+XfnGFy4xZgkndob9fXfOTe6rCJGwQLaavVeeuRrizaEkjJMYGYUclE88eeXeu+dFMtHTu+5f+Oxz17cgWkVxtAoiCXzqpaWT+6oZbbNf04i1UqbkfJH4ptI5kXp3yfYcMaSQ1G3dJ5ll4s47D//Mz53+1V+2uWz0DYenpqr5QiYeCfWbMpElRG1s3EnquL0rs57IOUJb8JlEUQBgtIoxV6Lokb/0CzOn7hj6jiqrq4a+rhjVWcOvbK1stNo9MIxWi/5URVULqqjNRlK7uno9bQTtaDuSdgO0G3Xt9yrXJqfnF8rVaqlSBlbR7bW1y3hrs1XfrM3NHDp+rDZZK09U0OwW4oI/cIMJ5i9ktldu4K2lO1Zz7xN4fhhCio1W0/eDUrk0MVnTW1TEIzlWUMVtFSIGbPv0M0FrBuVANSbzHvLEAatI8mxWF7BVeWS1I34OL2rATeDqYJ5VtexskdxITEVhAqwB3RkNtuDh1fbLbhf/elFizlkbFEdwgGMy6kOgEntPfVrNbXzMMvE+JHwYWYd8yb1uSEOOkjrFK3cdHTL9wiiPSC/VP178+kM0JBzAhIkLZDvIe4ViqVKtFIqYT6dYwPRSuMzPhP8abzt1qQ+N5HZK7ZDutPX/vT72nYHmpd4l+xu1ViWFupEi0SgSE78gLac1uY200ToHmYDyeWlyYyEJpxX7SjCym6fotRDHvdVsNra2GlsbnXYHACQkxaNogdGEQxr6jv3M8HKJ5iQ0mOySHPCjhn/atuncJG5lcQ0W9kO721vwyPjZg0x2jIdK97Ls8cKvYx5C0rsiuiRVYpW9sqohz2unHYwDwsw3MYYpx5PpMWk4jEhIZCpBGx2vubWcsf9dhT1K4IWL1jn0zASdRAQromJ8IyIlViRUGGsiUwKg1VykZARHYcewsoJ3vACSaoxgqTlmBYQcOn09U/Q0j7RWRZ5GxUq/AMu0vtenOpH0eUI53W6/kZEvY58yhRdIz4TuCaaaBj8sMi5FUn+UEo6kY78bEWEvniAxneGMREJRRA/HiThfHLGOcCxgRiBJhAI9/ZzAqI9sQLvAOq2mlgoozJAHg6Fsg2NPmiKyTomx59TtDjqhES0SdiTzCXfiWrN16Ledmpo8fPjQmc7Z1bU1/bNSrVI8ESRZMJY8fjoGWcEp3/MjZFOYyo5GhLAAMjsrxmgY+1LRT6IStlf9AEggVypqLqifvLq2vtWoFzc3q7UJDwIYaYbznNGMQ7clnw+OHD6o2d2zT33lvR+cLJRrp+46+e7HH/mDj3+q0Wysri6B097zy9r/QY56qTllz895H3zX4/VG78zFSwLHkx56EaF/qnhltPkanu0Zcs9j/5h0WbvqjttWTPcm3mfoxbhl8jNQBoXLt0uJ9QRWTS0plDQOmVkEEPrRU35b5Pwod63dfe78+UqpfP+J49VCWYiuPiggm2MkfAjO6Pa0P75P0xWiknpKBhBYl0O3fcTgS1q403TPx9gT4EFeJHKeqgRBVADArJ4mbBDNDyOrn/P7+TzEN3Wjlm6lpvUo7iDCDobWUWY5XN7nYW4WIax6TCvikRUqSRgkNKm1UKalMXprSsnWabX1hSUpcsWCh7BXTLC1+AZ5TSPCD9R36BfV++1mC95ES3h+x8/5BYkQLPhebDiktcieJxKmXZFJlgc/kGWA4m1VHP3THgIaU5mq9boAM9hpdINcEC+hi63gAhFMUOaAFTw+ghdESQHFeKiQRcL/RIcBO8cnEVikzfcsPpLoJGWMQiaNx51t+myrAT1JM9T15ZXptdXy5CRY3SgYMQJzrQ+5MIVWvfKFAmD6hKEeSMVSuRFuQTRiry+9bpsAsBB0lDrED4IcCkx6mOVULsjnMLYJpllQKuw7dviO+iMvPvGFbqv1xssvTbzrMS+fu+vhR577/BOrV2489clPv/8j35efqIXKOBVE/HLJdbpCjqRm3yhfG4Xd51kYJ4bOpHFHpME4sbYkQUYi4c4poZJbadZ8Z9VpapDpZxm/neB1JOZKS+jUAMYJqzMcFWMfh/JzZKY7AZcI+8rmXT2Wo5WNUZEoongRQZwg4lF0iySSSkkLPb0xL65VfHErS2r6W/mEj6fBTqQcT313us5VLWKwHGHIqYz3E/rfLvZTW7GzfRoyOGgSW/s2MnG9Mnog7hgNMTZxmcG3E7CTgZ4t5REIjYDkbP4CCsBQYmlt3FH0zhPqtz8lB/uo0ZC/8hvy40+rv/HDYma7TDLFQPzxe8P/4wtBpqjea7bCbrecL2fea+efHUbCaJ1o+RsVd6KsqZvICp9NKv5jlBMH58a5bN9MjJS+2WhdXd3cP1Mbcf0b19fqrTilzuL0qIttOXlo7qlX3hA7LOMya0dpTQmE0gzT8fstF9yyuLexSym/SzJoZqccecz+UCmrgTnIxYKd0A++3CCd2BrUAL4I8zLXx0AIRuxJNXeB5OgLb8Lzq8LMEBVzQ0qTbDBLEmQMKlVRMiqa5hZnenWRTmwbBlFYRLq37ORVSeqW7tDsna+rMvaU2uV9g6GQbtQiZdjB6EIlHKQTWBMllfn60X3T99kKS36p2Y8D5uaL874EbSXvu5FziS9539Qj//mN/wA142Jm4koQfRJFZuY41DkjfNN5m4SYIIa9s0g2hYe+GnGncw6QTjyjMxIKryrkbq1MtYvy3/7TV7eaaHrAZO24ZepNq96ki3FiPL9YMjtOZZ1S250S4wzF89fSM1s60lgcfSL2vihOXiuEHGUyvLg+ik9SM1nqFK5zwf7KjDjJrEqmdrgmleiHzP3rLy61NzshXhoh6Q9xmJ5810GZxDjR17/wlSvahaFfPsRDcQQJraNB/JJ6s/f8qzceunch8UQl3vPAwh985bJAx4MwItZrl7aurLUOTJe2bafK6BSnw0TGwTR3MKEl5IJkaBNp/AfbWX4Pf9/31+5/8MJvf7S5vLL4vvf1f/uj4cpS5Kx3JydJArlEkNsZtiaCxK7QTWCcuBl2+Ep8aIRKLMnbBKVAZ3thmN9/8J4f/8krn/tsbnb2zh/4oemTp0Y2P+4Kud0F6aLGFfi69XakrVmlkqyVo8lSWMyFgeyG/U671el0mluNbqvd63W1BWlieqY2M12pTuSCgEJD6vWtrY2NMOzOLM6fuvfuickqMpKo1+sRPL8RaUyjyE01qL0I/qDapkX5dHTl2opVmZgolQraGZ9DtHV9NkAchVi+fysVxxq5lyLMoFVWOYPQfbxjljFH6PqI00MZB21Gm1Nl532rrFZqbx2oxJIl2idOBUAjEPkBy+h65PSFhdb6N3pewZAvSM2LKDsMhSLQSkuFriIPc837sCiVRVjrepTkizUNMF5R8i6jTxmSOPX6Bk9auf6w4a9KBn/3wMBFg2o6LeULUeaR2i4dBH6hmCtXK3pOaZMtXsjeWXLHUoINYRplgjYovxBk6tJG7i6Es/URY0mI2LCGonvIeaCTE3BXdn5prdr8TuC2DrDkoICPQ28d2cPCrBINxO/ghf2oB4Ey7VYdAE46rRajm2DkCg0Ko87ECgP2RkKRlCJLCd3Fe70FipkVMfVQe/IiQ4awMwaSawISheEiMms0tqsxGqmy/2dGwFdkCpCOL4b5Me5SABruR2mYYG6aq4QrRlVUwsqYVngz5yGDAWbxIoIDaXQsZ0c6IYwR23htEvEbnMyA4j4Q4AdD3kjeJjARI6jwKyXAXSRp3ZSdAUkTtKTb1bOb8E4A6j6MpHk59irhunb+aWUsab5KIl2RUpxoDIkhqgQw3TCNjmRnU0Sdp5SVgszHYiTT5Jg0ZgX+JEYKEoa8AqqZ+cRSqRSFNIIBjkDU7XQjgM4DJ0CAGc0JOl39vwo5nw42UthYSnDdqUwazZ9C3HS5rUEnyoQrKWW5C/EhM+bGfqWIAH9QcfU9b2FxodlsLi3duHFjeW5+rlqtRkhtE093Pq/2N3NTmM2EmGzJH2OuD8qb1p5jZ6hK/ea392Qun9NynvbYFgr5drezsrYK3s9CvkiYhBa+RpIWJ8ulwoHFhaXry1cvXTh09GS5WrvvnpPnzp19/dy1zc16va0u0gIAABAASURBVL6hPaZBruDD4n30siqR00pQzn/0nrt77c6l9eVQ+IhLBMhHUrA9iyibdEjInpFjt0tuQZFJZXTg7Igb4x2lRjXw9gncN/8gpANWE7bDTggb38c6LYwn8P77XRn4UX6j07q80Xj1jcuTE7Xj+w7ktb6hCVMA4X/6QsgYGgRKdMJOTxl/oxZWNTEloi/6TP88xDuxuNE+EERfE+Cy7/fzQbefBz7Tg6yOBaWqYKHOA73vdzsQHqKpD8x8r+AR0AU0Hla0I7WM7TjC6ss2pMAyVUhWEviBgiViUQcpKcSdtDBSU+YhTRXMdMxPyfxcYGoVhPhCAEAtlHe6nUZLv3Wv0dYvVayW9TyN54OC+JRYTDMel8GPIbLL21NeiyeCMnxSQdYhERYnquWpmmZeBnZSkvBq7el4kBN9Yr6kCHNkIieMQls5SS3k4sKAIz1YBObsYTGDmTxfP6x5UhgLLz+e74AoI1C22q3Vq9d0c8q1GkBaKQQHUlozyQtAGIPUtn7Op1j+fLHYA0RFQEBhiQGhDoulEj0NNHMp9S09iJDV0yDSFDhUfd1eSAZSCI7ffefl8+fXr17ZvH596fKl+cV904uLCwcPX33jjXNPPXPgxPEH3v/+ngF7t6wjJYQazTqVqeR20aVvlNtVTLxUGuPEDOMkdgiZmZTdxn4vKTOPJ7YyRiJJ1enWIJJbFpeTtUnH9iJVRr4eZb3S9j3jywDtzagJxKQ8w0KMp8ZG/yJUVcSqMaXzdJL+ZpbjhQUxXpku7Hd/zk4FxYJsd7an1vqyqVpCcp4viBsdMU6ZL42axdKaXQzZc6XNgR9JWdS6vJIS6iC3igfTSBwRG3HyJm23bVsykYFhAaajFCsYDhhAfN0YZcSV8zWfHcnA+kIWpBn1RF5ZaovxyjtPymOH1LmLpn3J7Quvyp/8R+rPfY/6nke3abJWpNubzdJkOq5Cmxc7jUapKEu57Bpowg7GnQgO8xVx0FHcHbFdmqZ7HH9CosBOpH8tUb7z7sPjXHlofsr9+UfPnP2Rb31kxPVffPG83c/ngoPzk2KM8uidh587fakfjpGLJzmnpMhQC2NhXGWfdee7nadjdt+h2bJ4s8u+6bFQatySHh/KGWNDitu3dp9YxzCl1ciWlvoZcml5n2FTDsekr+CgjyTvEuk6hTCS8eBdo+o0tqchdyXbJu1DhHAilaWdpK5m4hBA92DmzjeKW0bYeZXYpkiRxjgxDAgdhXaIRbQqHbzStPbHLJ8F288903f9zhu/qz/rVH5qpb2qlZCnl5+eLkzPFGc+cuIH6EE/cvi/sQ/dVzqot+cbr+e83MHS4cnc1GL58PXmRdQafEJoh31APVEk+jmWDaeFWZRpbJXVZVo7KDZWA7eChnuz0xdvpfLxF9Y3G5G1XQsjTGB/erb9hHTCq7pcsoA72/WkY4gefo0Yo/R6g1ULl14ZIUXseZFx95io96yndIcDwJHUzzYeIbIiTpwqExEnMqOezOcb6UTY6I2s7YUnLoU4hSJcSoW5cmRt38TMwQnlwD8oiAzuvPzsNcrCIxDjRDDeCZDoiOJOMEb+iS9fvf+ueUhdrqxbWDx+7/ynn19q9fp2ckLbPPlfX1r68fcfjdtpv6MRcKV9STWiN81FLLtJnv2mK5VjV7AdIuxB9LKo7cbK5IkTD/7Fv0L7l8+e2fz0H4oEQolVapVIIZoMHnEoySDGSXz9wBF7fPYd7zzxPd+r/8QYJT2iBk5lFJXYl2PUL/wgN1WNaqX+RLFXzHW0kTXsNVutZrPebbZ7nU7U7+fzhUptYnJupjhRIQN+q9na2tzc2ljT3GHu4OLRUycqE2V9Yy4XQLWAqhtabk8DQ2XljrSyDeFMtFva4dDRR7QDgoATtMFT/+nLtFEL14nJ22f63m0xRoxbVRJ2GPNI3rpWD8fRqZxizzt3Z+8POzL4dpy5FU/y3DYfyrmYrPE+z3vsJYg26WhzZk9/d7Bq4lI62jEmFD3iAk7zJwCO2gM8cB8JGpBAygeB5nPODWGX7EtehsefA7NFKQQvAAs8OZQZXsXpFuUueR5Skn0y+LGlc9xeCdCDAkay9qblENokXyjmiqVCLh+YGyxvDjniHIJUBKW0oUCZLqK/ALoJpNMJTW/H5gjh9rfpwsQ3GHgZMU4xjnXq2Jye6jkInMFJyoYmSH5kH4RpSuhiWDbfgw7f2qw3traa9Tot8wV8cRBOfBoMTs4iabZM5GVKIVODy7q2n3KZs1I5WbHM47N9J7e0uCzjlj5G7LZIy6pNXYmzyTUqro3XaBskDqjB25PeA8mprXiZmZ0ZUimrJsevYmcigdbTdPfMwYgWEdrwFAiECpBBw+Aj0CDtR9HOPkBU4pRwIdbqxdZlQ1yZ+0CcCRMW/onL0mEHwzgwwZdDAVkMyhL5lMFQwLmA3vUwRAKo+iFKEiTcwSwxHcKMnUNQnPiBeImapLgMWBTCcii2zcQPQDA9I51QYB57kVT8deLIb7N2dGDkWHFaWFEqsll1Qke7V9w4wVY8zO6i4jV5kCYM4mz0J1AU9EMeWS12RmYY4PsbSH2Mpxe3tty+oJNBPcwaL2Mr5k6KjWLTt2vSvG/f4tbW1tLS8uUrV44eOwpnQ0h8IJUN4oinJUb90VSCAmwSxzR58cVYRDfJ/HgWK3utYq+LpMQQRHv1EwqFXK6YK3Tz3X6nUd8qlorFcjGfzwthjFG4SIWaqtnJZG3irlMnXjn9WrlcnZiY3Lcw8773PLZ0/fc3N1ut1karVWLoLS09QFf0Pald+f1T+w80NjdXn1mr63FGUwZATjCURQ9fX7LiYZQNGuQIUOaRlMNGCoe2ZfZ/uq/G+IZqrKvE4ONSUp07YCz9SrXSRWlThuXRMQynkCmRyH1cos1KjMV6tzurTM2ZEuq4FdlGwsajmFfzOdhVz9UQhhyq0PCysCZD9nOAsLrZbpy5crVWLvlKHt+/CMEZWgPpg/YMlNLzc8UCDBrtXIdvH2ldR4WYZUQ/yPci5jnM8UiKA0gqWO8RAd5JzlflvMR4AiW6SF19kcsB+ewJ2dFUMAq7HRRLPASpNusEFaueEMHLoGHCWYpM8CUeTREcB562uxH8FcT2ouSrVSyi1UGh4AUA0uLbYaM7oe9FPmaVQklOS2m9dqflwzoyEotlueQxQfDYSqx4auNSFk863G5nZRdD//aUZMPMK4s40AeFE/27WClPzs/q7quvbQqJi4IU5ReAf5TpHBBBuDcJ/Y8RaxWlHuTxb8KlCFQGFWT4tpEXkeWDgQ28gQyFwplDBEITGYIEj8SgQ4o9FZvLK/lyqVKr6o+pxQ8tE0R9NtBrvai+uVEoF0ulUh8WkXilSqWxtan5NGhZMH8izVwKhQJkZCPdQI+AIAe0sh+2G3oAC63f+Lpm8KWrXKV45O672pvr9eXmldOvT0xN5WqTx+67u761vnrl8ouf//zcvoNzx471Sd7xKIOIMBxE2cAAwdqssK/q8pttvuRb3nbwjUJFZWGcSGG0XGTCdJa5lUVGMYqBFUwlZaNxkEuEcUoRxklcm4lTNMeFc1YI6yTBNuA1POzcOt3nuluuUzoEknDUIw6vMfbvBMHhYW+XB3u0bFBIGytjpjbuj5KKTxX21fLzm90bYrvySPVu96eewncfKz7z6vaZO/RlfrIJx2vyxo3tp+Z0Xs4VxjRDWHFEGr6TBDsRKf3dxO9ltCJ9VMZbZbYyuRWOWT+9VQP7u9iKgf2BrUpuExgn7lYkKxdmmblKy+hxoYFshpMQziJgbtJI98yR+SKDUce+YfYug/VnS11e7R6cyYvtir7p7/64+JX/rL76QvbD2i35q/9Rfuq56K//kJybGFrP8xch6ERzKS2z2YN6JjbXNrWEMz85qiXGvmAnK89uGZt3javbXCmMPGCv4XUS7G61liaxbfnw4/dWS2Mlvsnn/PuO73/x3FX6eeXG+n/9ymsfeuedmRd/5pkz+gL78+6ji4E/lipdKeV1k37viRe2uW6MVxODEy/7UPL8m2CUe3NKlvSshsvHrOGp9EEuaTXU4IsYkklhvhb7xER+mPlvuCThGiYwS+iumAsL1usVL1ljVBIpXN8AtUEYzBJhn0iUhTi4QTqJHOoVGU6abGdMl9JxJ0LEHNWleHKgTzPPfl0VlXFEjTmXh1QYhz9GmdghMGQIZZpiTSIbm0BHrIO1lqt928FvLfklU3N0cevi5cblL1//4tXGlVKumC+Xj1dPPj7zuNZLP7/8uYvNN/7By/+LVkf0Ld+y+OF7a/cdrZ661rxkxg/Hnag4UsrjBvF2GMZJYuwMkqtEPKxKdsbw4taDejkihSgGkKaJXW+OixB2e8pHv7Ri5AArgFq7E69kNXEzDt6J86LJ+tTAQZXZgbHJbSdlmLjiStxC3sxgH1qs+uLZp2SJT9vQHKMTJCNOrKgpU/XIgSrtEZm40Pyw8TfD99fOrdVvNBTBnmNyCooguePdB4WwVkeSHsUrz1xHyF/MpyMJE4UkIUU1RLywRG41u6+cXb3vzlm3Z3KB9+575z753HW6hpHihXjuwub6I/3pSqDGaHPqRdNGS/Piye6UVgFjdBNzPN6RO+YQxfse2PjUJyLF3NCGkrjRITbiRDHGiRXpY5STBDIKX4k1mNW4wok1EQ4mysI7Hxu7sRkvN/R11cizI4u/b1ZMl3vFoF/wG91ep9Ptd9v1jfV2o9FttXxPgkl/aro0UQ2KRW1w1dazZrO5emOpsbmhfecLRw4cv+NEuVoOYXUTrFIGy1XUJ/pDModIE5GIHHZ0DBbUdbXjD9AmQgR0L5VL+UIpj6k6yKcG4ocnU0bpW+6gHbukWnI7TFsD7247J1bAzTWU7kQMNMx6KLZt8LZhGIOVKGV4JhaJ7hykvWB+IfAV/cW77TaFm+htv9sP2fMqOIEMNl/0MJSBUbvYHIDBK57yqHKZyxc8RMtgpAFsFIrWilZsK3omglVzEh9Yja8o2gmnOFlolTUcpTrK+cnKuRinsEUZukTb9wvFAg7vQr6gHWK5IO/5AAYZoSfB485StvMEe1cRc4F6qdvGVF3aMxuSgRrt/yzp4IOUAaowH0KEyjrCpKsbD2tyIm2QHTwAbZLLQSp3yKcTBJ7PWCfCjDFpnkhLcmEP8Av6rTZEsenGN7a2uq02xJoIDhVCAHkPXB82RskMNiUGjXBDinLwlEZ8CjY/Ot9XJfxrb5Zaa+ZIxoumXH47rdf+K2NFUghhcgvwfuYTFP6xRQIw9RNVMk1w7lRyxDcgp3McKhDFTVR0byTdZY0WyZaTe6IGO0BhJMEU8CMkhSdhYZscx8KhIgvrbyFJTg9pAgE59CJOoKMnVF8Y2y8+LjK1CiZvfhzyCH43ehrES6ELx6w/5yCOeODasFgDO0S4aZIXbVIaHWgYYC71MadWiOEvposja3GW9ACBE8Z2etwhgqLL4SIfIzWhx3HtFOHKAAAQAElEQVRBu4dZu6RPsfNsCY+QrMSfiDpLCavOu1/IPiP+3KgAEnoUm9CJ1hG6TGxhcMYJ+mOl85Ux7kd1WrBAGvBd+iifCmZhEomPR1nJhHYCC3DsiiipEib8bmZgZNOMlAgxotyWoBOnkaxkC47JcC+IzGRgtXgkt5aGjHJaHCEmp6ePHDmsGccV7Uqv1WbnZsGpbNwfumc1NYdoQUcjIdyGfogTJgw1mU+Bo4z3bta+IJygFhz8NHyjRJv9XFAulzVva0PKuH4b0q81tBSoWY7AmDKi3QJiGEOYRZ6YnZmtVZZeP3NmcnJmavHA4QOL73zkwY/94ZdUpMXXtTyUQj5f0sPOF17U65aCgmaG9x0/dnVl6bXrV7Z62skP2Up8GfvPaYKxNs0/2ELBlpiBII9UMfPB6QtvPFnBuWncG5xmxFxExbwzVa3IPOgcYbLrrnUThgoOXj8uZ5JiO6Xe9uSOpefs6wc6MiXDYY4YMx5BSgulaushhdhtK93W2aUlLecszM1VIXVOQQV91Vfafe7pntF2+kJes5FOX/MPTKCDYUl6iGrJCIKlQ1wTYj67oqAENKtpjTnveZV8Tp+kdI7sydCXF3I9uLffCkNAf+t3wo7080gVZIDJkik8EVopBMUyGHannH6kwWx0Qj+Xy2MnEKacgsSlXcDEhngWEyYpAKoC7/YgXaXso84F7Qt7/U6jKW0YZaQK5ZKuE2x3wlp2x5aG3/7FfU+2XSLPhYgfIcoTlSic0f3W2tzUn0pTUU5alKgAiQnoKRhNr6kT60WhSmIVKEV5b4yzMDL4gdLGtQ6Mf6xaJoiQdJgxiUkK0VJUt9ForK42ZybL01OoT3iMLSuFRVQUeLPmEXnfb7cCgKDU7c7ntdgOuYQKHVnKm6hEocWOnMoB1InWVdp6TOUhCgqDunQ5eufJ5trK2a2t5sbm1fMXyw9M1hYXDt99qrW1tnbp+ktfePJ9swu5yWoPBR+MVe+jfMfxplavFa6i67ic+Q2HEaXdBnGOSeV2TLi+UUYUVxkQCZGU7XFEfvB7KjUQcSLsTfa4co6I5L4bU2KX3zqGANfexzUr62TIqjMzliXWddi5hkgmGN4exUKscgRapdiQ71nnoIdOHIII1HOLIhxJ3xajiybZf2bxe/7JpV8zK3iyy3Rh//dPvyt1sFb1D+/LXbw2yvmhL9CXpQ4+OC3Pb6nRCBea+n3L/u35h0PFhgIkuAdShMDKdJmT2WFgY2KcvCl4J9IsFhfDcE2c/dgExIzadoWymV+SQVBiXC4+LPLkyHyBDOvIpJQRJJlJaRbz5Gv1j7x7RoxR5mvif/1T4tKy+rVPi88/LcOs1cAvvOr9FEGevDO74U+faekp1lhere1b9EzWlfbGhtYFdJv2Tw19XWVXbgshrFfDiTsRhiqk4k6UC7FAPS4ZgNmNOxld3nnv0TsPz4uxy+P3H3/t4lKvz330/NnLV1c23v/QyWP7uKu1df3i0vpTr1687ESc6PKue4+KsYtu0toDx7/w/DmxpyU9JS3ptKqHE24oxi5qZHTUrSpI7HclDKfusj/VwDxO/HB7z+5bU2riNssUJceBxbzJsBpHakwIjXbkp86y5GW1mATXc7RIe5flwkwaEnw5/tCJIcDbzHYq4XC+5Ce31F8m+8/txcFeVqYnv1FuoigX48SwS+EybZM/Qus+WohBLUPF6Cb4rdkk1o96E/k4lZoWe45MHNV/QryXjnx1/enz9XN/cP0P8jK3WFz87gN/fF9p0ROuKCIR14S8s4oUCoJjj+OUtsM4ca5xXzRxxbBixRXlsInsK1mjRCJC886TW43xwOJuS/mdZ1aurbYlreGRiamHLffMDGWkE1JGnQrsfI9/DhfK4lMONRPDb9lBUW7YjNruE+7+MbzcyYpZg4xp5GOJyKelBjcA2v52/ATJ+0cQNKNW83hztsLZf+PJy06sCUeTFCaK+++YtS1jhSxSr714gzLpUMQJLY6J+F6OOEGsFDj79Ms37rtrVjhP1OXxu+c+/cJSSDlFqQa89zOnl//4w/ukG2UiDB9x9oWIuUIGWzVenME+kjGiCR+UkvfdMJQdafpT737PtX+WF92OyVohlFErYzwSE3GizBF7nI6ljwuhHJ00FY9CW7omqEwcev8HxM7LiDccx9WaLslZG85Xe+Vcx5etqF9vNjHopNNqNDvNhq68XJvUPotSpZIvFTVjqG9uhP1eq75V31jLl/L7jxzaf/hQqVzodju5fKAtTgjMzNnZjFSeYbSh4ELdV9rN1u1CihBCntA+bXDHF4va8Ev5OCjzmiT6lbQyfZ0UlcAuUkMvoq25IHK8ie5du7Dt24iTlKtFOY9zi7TNxiHGH40+Oixqj/Cja6MkxlC0232IOeqjyzUU5EwigUBxInsSRtAPBvZtGBiR5weUz0LS8v1iqSylNOEm6M1FmPAIME14dOkKbVYdDDSRFCpBeSdFVi8NKa58KgY6JzHB6PNhMgtP2+qLJQo6yWGEjMfagMrgDISmgPElussiQoPRc6XfwyQU7FzyjCTPrByaweHj0m0tUWnptt+uYBmgwMr5iKRW657VzhjwAObzepLiql5pO5x6laJS0I9Oy4elbrf2HGrXof5rNRr6W+P1ujdyBrQAUE6w2bQM1KIqqKTynujqDM+xEelGfzY1Yga9GcWZtcplGYPX3OQjRFLojaVe6VyTKG5HygGYmUSViePbEBVl/sxzeeiabx4bw6zSSuTDEn/WOpk1kO+EAHXMoObhTlVGtIOzvtcDhKNeyEM0oli0yE4bia4cZWYAD0GM2BCYT0oamB/G+wEu5tsQE/TIJYNAeKwqmbAC4PsS4aH0MQACFFKTlLKXCftKJkLFdJpdQsa1GfqMgBE4DX2YV5hIgXPoeFLG4bDGom2yrlHrk583/b3tFxFOKziijm0BDAfOwrv5LmyOE2ZWR4Y1QDIJAHXRndCBQDTIdIbhaBxf6nsM7kJfQNM8T0qnV93C31yY/h8xa8acUHsWdDKMl5Csj3vUXexXU0okyJgxV8rd2tC0s3lmdvZwu3P+/IXLl6/owTA9M0PgNgF7mqluZcexD2wW4GoiisoMw8C4FdXOJTDlji63O1iz5gOe75VKJc2aIeSkrzSrq9e3tMe8NlkjH6sK9eCiWAEYCVGonZq5O+6445nnXnjhuWfe9e5q0RMP3n/n8lrry0+9sLVxQ4/FICgUC2WtHwnR16KCHmheUJjI5R9/6MHoZf/5M2chN4rv66EnKSOKcJlfggMZC0UiJDXFiowFn0JTdve5dlBcYU7FJr+4qOG3mJ+JfXv39pR8eJ2DZdvRksHRR165/WX8XHt9ZJiT/aISsxKQvsqhvX3fa/elnw9U5F3Y3NBek2OHjh6s1hYq5ZwU7Zbq9LtM3PR0yEHEQA+lSCFif7aZTOw6hKQHOHkjBOrRFNJXYV5T53xOVUsRszhAwoj6UdH3eh7epyTk74m6KvRpioAeBI/C6yWaz6D1Hq7cMnzFMnVnjumDFAoAUY0s72ICs25XV5JDfiZIksNUOxECYSnaxxhtiE5otQX7XxjsDox6frwaS7p9S40Z+aViFLNbPkv2rCQMO/YgvmbEychFkAsqtQlK1NfT8q6Qmr+jnYAXgErhOAago9EEE8FYVDYzgXDpicPg8dOR4CEBt4n9eQOKC42oiO9X5nG479voPVS/mxsbq1evQP4MP48f3zf2TpAj9BM1Hc5hmHk/DEvlMiGRIpcCHKx2s6lHgdbaSUX3WAUAaaDX6TVUvTY1KQOQ1fSRymT16KmT69evrVy6un79xsq+63MHFuePHFq5fvXyy+cuvXL6/PFX73rs4Z6nhQERgXLEar+k6FNpQqCHkwpHbxnQe9EkKr5R9qQMzu691axUCuNECpEUgkUSR0QNnrWzLUYkEkYhJ9wRYQX9JNKJOS6EcPe5USavWrolFjclyY7jp5DODAPao+UPRKkJ78Rc6Al+AOxr0yx5YvhCFpkQ8QhNsnREU5FICqHENp/gZGHxbxz56X994w8vtl5HRMdEyQeVx2vv+OGZ92Y6d48fLMxOBq+cbw/m2SkXvTuPFgYjTqj7vu+I9/SqenldNPvpG30pDlXEexb8iWBbCYFUDKNNSAODZPQB5Xwtd8e5O7PaZMgalFEYJ5YWJ/fF+PuprdjZPmsK8ZDm4R0/wezzXSrr6SK5Y27gY8q8vh28UqZ7dRjTrhS9fQv5a9c76OHzzPoGZlJ6/xNfXRsz6ITKoTnxN35IrHyH+refEZ/4kuj10k9ut+Wv/qb85HPRX/mIPDCdOPXCpc7KKoTP6rlWX16ZWJzXL9KpNztbDaIM9xzIjXo2z3tpHadJg5S1GcYQC8KSK6GSzhiOOxFOzMqwosWr9z9wQuyk1MqFDz1218e+8JI9srxe/63PPFurlCbKxWa7u6ZfeaB84OGTY4Kp2PL4vceefPF8GKkd3ZWcjBnnRl3gVjGerDg/CS91K9SvIJCH5kqHFwoLk/mZSm6yDNklN1rhar23vNm7sNS5tNTq9oFi75/dcXodMfiKid/bvP+IPoxtMMT1IsvvhBCWWxncryhNfpgVO/giMUMyx2M+iESJ6xlEOsEb8Cy3J67HcHzJy2wSUQtCxG1jrqqUSDU0sZPdl4OdOEgSxQ7G2tu4qF2fHKvy1Be0DAs6FuE1yT4oAjDpoLaC+o0Qxj5IRyL1lRtf+faD3z7iWY9OPaL/Rlxwpv6qEZuIVkeSRzWMzJyXtzR5YBI58lsME5YuibE4pGxP4szCUFp8TJZTyk1zaaku3hql3u7/+meXpCtQOMEC1J8erw43GCeK14tjBUxPTMnsEmUMou6h9DXi5opyMU6c/T0uKq4/HmMDTxlN1pMRJyyI2q1wJNJh1SZPSecUt0e5MbUivd9Ybq2eW6eoEcIsoe3xd+yjxa9uDedPr2h5g9afinirzIpUzpWDhi+o/+L1xvJ6e26q6NYzUcrdd3zqmdfXbQ0U6fKlM6vf/cBi4Es5AuNEJcXZwe6gX9wN3HlJLhAfp19kR1S7MsH75fLUt33nyu/+lhBkNeHhncIjUQbjhCyVxl6JHhPnyuT1eISajcybbCXk+6fHHP/+H9Im8LEbmz0UdxNlQmWITaBTgZQ6nbC3ubXV2Kz3Ol3wy/X6vh9UJqoz87PViQk9QnraQdQLm416p9XstOrafHTo+LF9B/ZrC60+BXDPqk+iOb2y8Ww59mTHT6YYuaGPrnT9RFiQrd0DlKoDQBQ89ACiPs63G8nEFdp36v64ReU2+Be2L+TSyzosnI6yfqXtqhMJpWn4MxO3CLK6w42eMbCwdxbDTSB1TqfT1f+1Owht0gOfK8WAkAcUpErGj2ZXm3kOhMNqSz4uzCRhFdCdS/liqZSDJc0B+zTRv0wNg3gTDNqAdBXUPehEQ1+z4rmrrG4Zv7kYXQw94ItVsissAjQ4xcGuy9VokgAAEABJREFUnC/k9VQqlAr5fM4PJMMkoGCmjbSRuZE6gCwF4HDAmBkMzely4iFM/yHIK2gmBRsKDCFDWm6ZUczjlPNa1GTlWGySL6ekOUQeFF3yhUKhWMxhPh3f56fHNjQukUQEGZjVXfAlN7fq2m+o7dLU7CDI8wMUzGtunpJmHbhnzkYq2aUpSSUe6u7oI4KeOJB4O+5ca3yP++LNJCDKmbZ7TsqUHVFxPxjuynQgGvLQmMA601Ak1buMBg/MHJU4LFmtsEOUM+lIlVjia76+tAsheL5hmynww/eQxGg9QvvEGS3e93zO6hTjl0REEQBKS7O2kBBE4m6XwhkJ9v0QOojiSyBcDLMQCPQRSRN0QsoTdZFyXtXtg7jjiLQhtcE0OoJhl7idHPtCsxcKZoZgbd2NhFGmG+l7Soz9ssAq4Lin6DZYOg2d4nuWBCQnDClfyflliaD7Fe0ndlUFoqTsD+KqpK1Tus+h7hYc4aLfNKSkWhhv2m4j9w/ZIqd4qHkxCTISsqRuJtY/OPbM2FaJlS+DZfwpdguRTmjcpY84tEA6vFMkaMRu5AzM4KAWFhfanc7TTz2rh0utVtNsk+r0MPkZDReR7CAg9MibITJDy2RmEYaImzJaHHVUG9IGzJvweGT7F08hSPjkB2WlOhCK2q03enVAOimWyiXNeEJIU+GHAEZP1fk0BoMgd+TQoVdfO/vG66ePHj2+f27mve955PK1K5cvL7da6+ur+u7qZHWODcP9LkzAfm9xeur+U6dWV9eurm9qFUoTBgHJ3T1UkCGWysQOUNuIuzGevssvmTrFP7MMyrv5aGL87+2KdNIBvVAxp49/uq2yDME9yFXyIB2k5zFPVa6lRo3shPF6YKyFjDthkY564MpM/DDFgQ+oDiPyj571fZVvAqaJFk2bnfW1qeee/6YHHlyYni5qe3MUaj94u9chGSuXy+ek19JSbNSlYY3GIkyAgNJNZOQRk1VFeREa2ICeR552xReLyELqEgBU9PGoG3lRzhcYg6iHm5aWlZcTTKnhqV6A8BhRSFAQYLuNiA0ISqZsrLsEDAY/kSnCsUCLwpRADkNJJOtYkpDrFAYpol6tOGKTdFdM7NIzjkbU7uAh+WLBlzl0fyqKVnHwpr7GXfsJ/pg8ojsjVyhMz8/pjtpYWu53uixkEd9SIvbDkSgjqNOBI0oEZsNv5zNEKJohLCukPVKGhGdlAaOHOO0xAz5yhBKJ6DhwiSdYFNYDWutjG0srlcmZ2ty8IshEshP6lKdJ9Tpt3y97OFtyeQgugdSn+Dw9SjvNVi7wMAWuRy30g5y+N8jlZKsF+Ib65mpVSyTA96NwcnHuxP33txudjeXlc8+/5BeCmbnJg3fcuXJldXN5/cUnnlw4uK+yfxYQVnIBSZ82vEqQcpL8Fsp491NkRxnrTPzV3gpa+tdwSXXvzSsz5guS6CCM4EQsiP0ZynHzOkqjMjqEMGNGxVXKrC3r9KYGx08W12mf7m7jelKxJm6dwlqveAqTmKrY8mpkWgxRxKWRIjLRJ8TWSfmxECgYtMIPhegTim2UYxDexdzkXz3wg13Vf7V9NXQQAqe80rHCwuh7a1X/0Xsqa5v9RjtqtODeSsmrFL3pyVE5OnS73zEj3zEjVrui5QS66HdYKAjf6iY7K9JZN6Hsg5zZbrrcOSKHR+Uoc37srVEVb+t2521zQyVE7MKNfWjKsRCZa7YRxEZe8Mgd1d+72iR2g4Y8fiyJMWdeb1y43jm6uLNYh9kJ8ee/R/zZbxf/95eij35WNurpx7/4mvfn/6n4V39ZVZyKf//pusIYTT3tepByc7NQKTdWVvEVYHC868TQZijb3eRxcIiIsSApkYo7MT3oxp0o4whxe3u0Flot7qxzqNx9ZHGz3n7i+dfdg5uNlv7LvP6hOw49etcRsfNSKRWH1TmiyIFJPnjEMS7JFPXMvn5I2Wo0ThyaeP3SFv1UStwk51+Yyb/7rsl3nJi452Bl24vPXGtdXutpu+fsxKwYuygh3DiJ1M/UdakfJh5PiEQXCoeL8eUyxgiJ+9VISu5Z4XJDHuTSjftzeC5FiiSDAm09MuGhkULFXFsolXWWFFUnJibms+k6lWHzsfCR+NjKcOcEiRMDBCzz+C540tdKGfXqaly5zg2LFCrJo31BOW6gtqJfgNyjjl1W77xz3/v/7D1/lm759Vf/9ccvfuxQ9TA9PvUYrXzIXN42LvUW1aD62aVPv3f+W94/B8v913vr/58X/gav00BdS7ehnKtQa7W5dODdLEtMvMWIHhpNpuhs8iUSP2yshiIxEIf7y+e2T4l4e8r/9+NX2u0Q+Z7JJuDIGUgrYqQTknRlEunE3R3YEcKRtQdOiWFdO3pIZp6VSbnKsuk9LExEzQ+ZjO1IXzmkDI84SR1KHEheIBP1DTAV5cZtGFLpbi995XKIb+BEnGjZTh17aNHWIIzF8LWXbjB8kIdRJtJgnGDohhK0tBIeiTgooIG8cHr1mx874D5R1/P4HbPPnFunOpU50e5HT5xf+6ZTM8ooTLGXYDByaHBHpHveWHmN39p2sG2MdL4Dnx3LTumW+Y/8wMrv/TZY9JJmCZMfB0mec2JbjBMlEsfVkOPCD+750R8Vuy07jTUxcvGoiUQ9FwWBdhE3tuqNta1OowUWRhVqS/7E5MzU3HRBC8Ce6LSa7Va72+lqG5I2KM3sWzx49PCBQwe1e6vdbgGdIWOZ4zh0BANX7OGi3dIAo94G2ZW88vpP+7XNCnJpK3FrGMHvxmaFb7OSsqSlOsS9LHXceq/ce92+FWN0mkpb+CyOCFfpXCoEYcQmatc0heKuIJdNpwVZVtqNNsJ19DCZTo/FVmiVx8EGrA8bYRMHljBcDD2p2oxZojCIYrlQKpXgLGiXgrPzsGeXFmlzciEFUS/kknaZoNyxZqOUFY/x4oi7wfjvzQJDiI8plculSlm3ULczyPn4NEMlUKrA2Cwv/jSYowrr8bSXvK19b23tlO2GmAqIm+h5Km6GNLVhLynb/DEsrEoZjWXgHmgnASUAUoI2IOsXKRYLjlWNhxNinID1SX8V7QnpAuC2phbNVr3RaXc00QjRzYG5eDxKVphiue7iQ8X1esMAgIeO2Gy5QmYeSVEk8SaV20CyVDweiIHhngwTF2QUaXBopHM7/2u2xFyIyEdiCGlyzF0iqS2zX8u6dON7aDEGywBYJ/q5PJ9w5lnNlfRQWK0XEQwCzPpeH33KfQRP6oU9jOeAYLcw5NiOkKYbN9isv+LmoZBBDyJQE4AbwhgOEjpi9sQuJKli2zSSLpMCLDb0GcochQhQhOlKlCFJJvEZ5YtRKaKtrAZPz4qlHkngJR4GxEgLEYlBMnDCZ0A/yTj7yn5CQ17MB0p9tXjH+VbC3advbZtnchKSi5VCiJSVQPmrw+sDse9BGFAfAE6AOOt/9E5k3WqQgA1JGII8OSYIIvzuVzNdi1Z8p+3bE72xy21Jr+MUdq2kRsB2q+LGKXr46l4ulkrz83Nz87M3bqycL104cfy4Zkv84WVaGKfjFK2Ciaj63Y7M6cYA4owwns/xm8ZsNSYDw0iflMRsqh0tIIZ6gNTr9TIkeKzqWQg2AcWWApq6GLYpJ2u1ffOz506frpYrC/v2TdcKH3jfo1/4wjNnzl7b2lxZ8ouVI1U/AHcpKD9a5vDCzub6wanpR++468kXXrx4Y8UrlWQQKGKskSKJloab0yOKDHDC+UAuiaR3y3wzNaRTRv4et+x6kIziP9a9nXXc7r71xW7pBG8JVy0RxotnF2DAC/tRkOvJMJKFMCdkt/fitSszk1NTU7Xjs7OyX/BVmMM8aAoQIcDBrnJRC6KYAKTJPJJlGs+QdhqrYNCSkB3BZ/saZDOZyOdEtYKZ0AArI0QxGrJGakbW6wukkkhn82iHYqQSTwXcdg+jPVSsGxuPCB+1X8sHnDqAvieaSwHgPBdxJmteIiDpjm4D5AnS8yryOAYCiUAoEBnFtRTnhG5HAd7X98XXblFjTE3JKzslxgN5QT43MTPVabe3lldDFeq+hXDs0KPwJhIRiNMZEDOECZNohxXcyfxso0lp3hqicVaTc/2hIGzJIyPpUL6HUGzKyRToTlj4sj6KB/12Z+XSlVK56ucR78QhcQqTkDbr9UIRNC4FOaR8EUg8DHxazwUt6EMwisREoeYRQeBP1Cb0M9ZXV7XSNz07Wyjko6gflIv7Tx2v1xtnn362ubF+/dx5Tx5d2H/g+L33nX32pStnX3/uC1+6732PFeen9OjTMhsoIECNAfiEO2QnNEcmTQnfKLevOJRo1zVYC5Y0PiejfStrJ1CDESfK3MsWSdhfqPrNmcD1V0nGJnHvZSsD7c9P+KThlAsyjxFQFstEiDSKiTEKeFNlzz0uE9gn0BybdoSJtMc6j3WpxSTHmvH0ZIholbeJVSHBg6EFyX+yAythXgYPlA6LnRdN6eemgzmxmzKTv5k5mHSJDjst4guSV8a/UjXI2Gc7CuNkYBtXldq/ya0Y2He2Krm1S8lFcjt4bxyKr+ywEsb+Y97Ivou9RZl7pMzo1czP+fhdE7/76esUWxk7c6S0maT+3aeX/vqf2M3YqxTEn/qg/JPvE7/3VPQbn5bLK4nnb26KL74mPvQA/1ze6v/R05uWL+s2tNbWOptbAJcI7fHmZoPZ6lC5RZnOiONOHB3G0DZXxFIs/Tuqm3CCUey6tm3VVN/fZczuu+49WqsWP/WV1zog2o0q3/zoHQ+fOiR2VYK9E/ZSY0kNu8ZM0THp29pm6wN3V66vtBot6IdEbxsBaEx5YHoi+BMf2P9N902NnR9VnNpX0n+w12sK7VD3dtZdWdKmGkMChTLQhyp1WjGWSeQSGOkgnRguFt/LXNKMdnuWZpYktBJTpyFcA0gnlhQxMUhilsRnY6cR3hXZ7++isNi7XF+GJX0xo7Xn3DnrdFRmnyaOjzfe3o5FDdnfq3dOhUKmjqOV1dO2QL1XzZcUu2WEQTeJ3Gb82F0/8dLaiy+vvCBc9mdkqnKuLEsV51tzdO+NzvWtnqb/4q6JuynihAp7F0jRkl7JL1tJktalxC21UpwY6UfNevnhx5X7Qw4seVWEFIIRJ5Z5Lt1o3lhvzU/tBjxpD8vvPbvy5MubsbCQkFTJWsYsT9ilWRbvBEqmuShxKHmBSh5Uw28Z9XEyKb1yezjrQ9x8kSL+gsIFfBmIOxlB3F0HrnBEzfhnIgRCuv9I50i6MuenzMILsfuqH115fkkYw38Ei2E9vT10z3yhlJNGI7P1XL26pQ8oxDJBcF68S9BIgMFNVlTOv4Mc4eJSXcr0tzi5r6oNuav1npLk/qDlgOpzZ1Y/eGoms82JPh/8GLbTZKJXhjJXWk7rdLGRCIUajx3bkp+br33Tt61/6uOGuQllkU4MR1PYchVjMrP+qAYwTuz1fCSKjDHcuRJdsyf++A8Wp3cAK0gvue27DXPwGPsAABAASURBVDBSo0HbKrYrrXpzcxMQCTqtTtjras9PsZAvVStTszPlaln7yLQTGZzfnXa32wly3sKBAwePHS5XKvpzdHsdgelOopEz1rg2JKUJR58ggDfoDs/lcwhTUchBzg7C/U1X9bYwbt+KopxhljgeRWNe6ZY9NLtl+CKE4Ts4J0MAwteX6S+tDfK9TqfTa/c6ELfU6XV6kEgC3JARO18JQsAzcqMJ8VT2vQAODTKma7u5HnilSkn7AXzI8eITwgFBBShGMSHvsuoCsAHHoKBHGlKmq9jRK4YQGzduPP3e5n8nGEdZkxUnq9DiFK4d9XRTy5Wybq3+RRgPSkWGPnvGVRxTQJP6J0T4cz3v9ITDZDoYE2wpqQ3tMhK4UHYJuVUUBts98OFoPERJEY5d6/QKmLpI7xS0vTifh+npfC9YmIupiyjLvP7u3U5PW6dbzaamJO1WC+DbUa7zA3bz6/73XHzrjI8gjTC23VjNFkC2L28dSvLmkLUd0ABrPRl6hdv+TNenYnouE6+b0Gr5c1uDoRVW7XG2rxrG5kkTM4tsFhd7q34PuUqrRcAhIdCWPk44ZdQU9CtCpIY3IKZSDk2clJD0ivLR+Ca+xFA3wDfxqW2mwXEl0pG6kz2jGLMIYVcI4ETZGWskNikp8ATvsqkgbNOFEXwQ4oVmKKKwBBB04jkGbRLCpDGa8SMS38seGTn8lHk8fSC6kkhP5JxSTtuEY1oA+RDjV0PMogdYUyFEmvaARpv19gJxxvU7YeqcuBudFpiWCtO9UsYPck4P3nOT5XYHnaRK6tvwWNzd6yHP02OmNjn58MMPPvPMc5cvX61VJw4cPACZZTT59j3pDBT30RInBfJRAK8LgA34dvRjxrtEM6mCrEbQNGLHvBogRFgni87auwnwelG0trauJdMAc+QExRwI6JSWEaVOGpa6PaVS4cjhg+deP//6Ky9XysXa/Pypk4c1J1q6vra52dxYXVmbmC6VasVSNcjlAL1ayJzukk7vzn0H21vtjbX6SqNZzAeYhJaUZEryJ1LNTAkGMlO5kcmXztwXwztJ7GYQq8SiMZlZ8/iUP9bAY1uOGL+81fy7CZrieAEFDzdllo9jREDgR7IARyF/gVyLuk+ee014offAg7UAjVJ5gMQB6RX4BgBCaBqsXfAU3qy5kAdhgNDfkvQiwvIh7iP6xEAE69HAB2rFAuRCg2e3MKUIkk8PVEkV9pv9PlWgLxFhL1IAB2QEUSkpakE/J/KSFAKnm/PietQXSoEHSCntTrsNwY/9ECd3H4xtPgYqCmIekiK7UdyLWD9GGi67DL2l0GRAxmU/nx+uuI/+Lgn91bb7LVVSAz9rwsfXwBv5EAjSF1G+VJzZv6Ap5NbySr/TE5wb1M5DijMKY58cdruI2JCSNB/RGhf4j0RweIgkCgiSSqahhZglQx05oeJEuiVzcMitrEfthuYI07OT8wtBMY9k1TUgMHohKQMYd+IROiXBn0CSnVZb152DZYeUhY0bUygUm169tQU03JueLFSKetbkJyoHTp1YW15uv1qvr6xtTkzUylOT8/OzB/YvvXHx7NPPTMxN3j39qOr1SqVKpK0EvQjxECSRZI/TQqv4NcegOWovwje/UXZcbJ+r3XA1EYuUcUgGaQox0olwo0aMDVQ50SR47zffURZ3WrHWnbbKUXXUgFYG9Ryezv3N750Z/QbJe/kJ5P8wUSy2bSZbpuSfRASkkEoleC5daJJMx4tKMY2lpGSW7OkjQurtnfz7Fisy/dVcjdIelgO+g4Qso4bXbTpRibccxkns9Bpsjx1AqbbZF4t1JzxiX08MCHcyPi8SSpgUYicM/vF7JgsFqTVxa82z1isFUFvyU19a/pEPzJ88sAPQb7doY9r3PSa/7zHxxKvq339GvPZ63LCjTjDUP/v4Mmu/PBGFdnFGYVcQs1DhB+6tjnqMiTURwsSd0IgTRud1aAbtMRxRfJYJlIxBUBwtfXhpd7cJGRlR7j6yeGz/7JMvXXju9KV+mDYTl4r5kwfmHrrj0PzU9ogdw5vXFbsqQyfgkBNyZ2pHovzyv/rEL/3FH/i/PnflwtVkXiEjBLC9SY76Fnok/9x3HcoHu8Xti3rw5xeEXxxn9ihSDCwzop8J4NbBachHxgI7seKflA5/jKM202F9zFWtV8/ltvxAW5shRDz8bT1pfmrqTJ21dZJcaiM76VLHPE01JIaGfT2ZEXfi9FiKzCV7M2P/a5aXjigqc3dHxWFeRstIVMlsK+flw6in96cKNYoyUezxQfUkOS3vnb5P/4m9KJhJlwYfqFRTxTkrP/kyN/geJsRz8B3VQM3pm80JMUazzI0GTlgJM+8wVOF3P3/2T3/3/eLNK2eXWv/HJ644YpLHFggqyiCdeDHSiec55CPdCw6J2eagSB7cu2lpCIyUmQr0nlTP0S18xDwrleV1zFciqc3KbvS/I8pJ5zKRFPHSPxwzBH9G+zFT+1deWAJdH5QLi1kC73H4vnlhKbl5O/0ryAddbacCzwybiQjaPuJYE6UMAgoxYO3abffilazCrFfV23ecmv7Es9eFiVyh629stC+sto7NlKw+JJxv5w7JrPemn/G7m85ClwkBxkhe3aucDjUmjXjh707LgZ/8MxtPfAZSdJPZBT85RZwM4pcYZ27yyMCWOn3wXqozV5t8+Gf/e7HDMvBmSg4RxNQAXRzsFeWcci9dW16t1xuYuyPU7uFcqVCuVsrVaqFY1E7vUMFy03a72eu0c/n8vkOH9h08WJmoantZt9tFNF5YBec50OyYKj2yogE52MhWRkEAEWrQPuTTyaMjz5ds7Kc14tKxDrmygBjhpn1zPLi3sgw6C0XSK+S+8q1/d2kHDs4ISQ1AE6AJOFZEysBFpQ3aIRoqux0orUaj2+r2u+x2pYQdgJBhJ1SkMOgErYrggO1jtgmFJlXPz/lFAAvRf+VypQKIOD44m9wRJQThmkAYBBrLAaTfOncpNsIG0BoLZJIM47vYH0M5n3S6gAuGkmD0FcCC5PP5YrFQ0JtiLp8DzHURMt1CNkyphOJBTnDr2vILuYe6mHEKkulA4A5bo+0iP/RgE75C7CS08f9W5B/4eDK+InXIDWBCH6LUbfbzOcykA7k69PSErcedgwkHBaVe5PgYXXqQvaS+WW/W691Ol9wp2hsjCccirp4Ru+MmWIUh5l7S2uiEM8ils2JZJge8GX1DeUFsmnorlVs4Z53PbTQtK4Ns/1Sa2+bqcRpJYyPzSnbnmefa4BJlbGEqIUQZoYGHijCuExhyEU4gj6UPAflZIK4hCnudXqfV6nbaYa/L0Ds4mjyjukorNNCfJ3i+42EK4ADhHgM5PAo6wbAwFoFwGsLIx8EvbFcKZQRBM5uYoMWUTRB5wngyjrQQccY97jdDWc0tJAVZGksZhTxEAPEwCQmiBnnoQrScl5oQcjNcwcSWmGrw17DSlyM4Olc7u5ZKuPmYFPWBiGgIwIJ4RRByEWBN6e9C6CaKwukAb6ZHogBl0vJ4XkaeFTnZQmmmufmTLAzTp8fvEqUFnr2dTrcq6EQNJ0MU8Jc6ItzPs6uimVK/04EITSlnZmbuvffu06+euXbtWlG7RWcgDlo6j1ZOoYOUjI74lt4n0Y3fRY0Z8y0jVlI5g9pgofgwqkzznkrF04yw2Wy3O92Nzc1qdSKntZlcoKUE8jgqRFwB0SNUELLsTxzav/jKy68sXb50x8GFmZnqux57ZGW5+aUnnu92mktXr01OhTNzPtSA4Z++HqC9VjU/8dDJu1qd6EtnX2lHynoeMHuF5m2BFzDhcAQtlZrtyXAOlaSfI7rEdMPILlTbVRNTyXT128wHNfK4lEMvsk1K8OCk/J1uj4pp5Y4btBdFWQ1JulgdClOLhxx6KzGeA7gGwJFE/U4vUht+R4adJ8+8kpPRI3ecmq9WPBw+QOD6KMCCeFoIcGD3wx5MFoQVwVi6APNAMn4f+hR9XF0TScLDMxywki9EE5EKvKjtM8nzIIVJvye1JNjWPKMfKj+ijxqxmVhi60OARfEokkoI0/MpIkM6lZ7M+VKRVh1puVyhgE49AxwlR23GxHUkk3sUGW2jPkXY70HjWx58TY/jJPJ6kyNq+RaTsG5XYenGmEsErcj0ZLk2QZEh9ZXVbrNjvpASsZGfb2UhRfc85lkyhgRlE2qAPMS2BUFqD8LcwlDFDHoyo03xQQ8JsDmDtImeCMBVIYz4Tq+/fn25WpvOFyWmvoysjgRamO+HGDeKoegQjITaV8iLbKJIDycczppE5/wcRO8Rt8gF/vTs7Mb6xtb6hlZuikcP6NkSRl6hNrH/+NGVy2+Erc7GlZXpyYV8qTR/+NDG6kprfePc888fvOPE1JEDuhXGs8rePgzgVcIbyhNHCKxKqa/TAfpWKPS9xtZ5lIjtiTy5DAaJNAp8RB/UqPTC4ParBH6JMz3jGqRyTM4qiUcirL/BQShxbdNKpc6OvjeuAc2Xgj3T0nlJe8T8pBs5jIABIY1XW1DIibBHyK5NKYfH7Nxoqx/Vewk3SU76k3lZGO1hVapbF90NEblpcnyRn5T56uinN3r11c5KJ+zETxRyqjA9XZjx5JhuXRlbYBIHzGnz0e11iUXWgnhm3Pepqs33cPFORGpru1g6gtC2+6mt2Nm+EV3ifSWEdF40A+NEmH0+nfC+xuPOptoZHJKK5YhtwE4GS+DLDz4687HPXkc9WwkT7IgfCPmKkr/46+f+5V+9R9xcee9d8Hfmqvp3f6SW1uQH7hen9vOpJ15tfPG5Ok4iNFB6mIyK5h7TDfltD4wKOqF+S8adxEzVqs+WftBdUsZfi0mNtARBxEaYkaXV6V5e3jg4Nyl2VYq54IMPnXz83qNnL6+cv7LSaHdr5cL++clD81MztbK4ubK80Wi2dxl0IobMO+XuS0cDUc4slyPWAmaUVrPzN3/1t37+R79JPbj48a9evbaczgckY9tHdg0/+eED3/nwDvLjDC2a4oU9Uahuq8mJMRXBkReOmpuMO+LwSqxOGo6ZRDohORZcNRFpHoa7SRtr4qCP2BlDJEs6qCQJMmzqJINSos7IIp1YhDPLnRNIJy6ZdAnmqO5Thogb89pgL2ZQyG+U3RT7XeKIDR4VTqBk0S83e4Bw4Et/ujy9WocMMopg6G+dZVwIE3zv0VreueKiR6tNQP8PTPulM57tWyTiv2gsDSlqYDvqSnfOKoVLucxSS85NI71//7GX38Sgk41m73/+v871+spj27kjztjwBO5bRGqxqeW8+KxrT856SOqzG7ljZP+pWDjaZbHxBbdizCkXDsYKAAMxLmOQGmkbG4shMkOgkFkVupfJrBYqp1Wp/cvPXgNcX8+NF5FBIdh/YloM3KX/+e4fuPvFF65fuqxtHk2TYUdStApjpQjGLNF6zNx06ejB2qN3MZ9N1fbwkalPPLeEM8TmZ4Qx9tnX147Nltx2CkdCKwC6AAAQAElEQVS4cuW09AtL84c/HHiUgY4xVypjprMHE0fGLvnJqYU/8eNX/tU/T2GcuPlxHCwTGRuBsjBOXPcOUxlkkGSeRke3eOBnfi5f2UVscSx0uUfifhZi4IKhRQ7Z39yqd3s9qW1FxYK2nhbLRe3Xz+WL2rrTBoiTZoj5CrS5cn7/voNHAeMEPUqhYlNt3A5Uk33j1uKJrH9pB3pk3E4SANSDIMh5uFCbbeaeU4MJOlE2RpxFRGV2hrxg0j8tvsaKSvNi5QzFwZJyV6WcWbsrcceSOZQihBA0CsgIOBPhQ/e6UFqNRqfT6ba1QxjSKPS7PZyuFLJgo70gFQQJgoAuLjH6hLL8Km0MFflCsVAulbXPaXKiOjGRz+dRBo4wCRTimmCICWSoF/yTgk4iGqNhSF0U0Q7F3CVfid9ljKIcSVS7HIQZqBRNood0Lp8rlIqFgp5HBT3GMTWHpCANxTEv7I2SXKFC0BdY9w8JQXQ/dVsEf076MuK7mNx5pCYYxCcTLGJ5PdWc5J1yxLuo+K0IxIGBE/w8tB/Ah8i1be9gEwbQwFA3IwKk9i4EFbXarUa7g/nbtSMG2UuALk4PUSlIzYd+1t+Ns5aIWE9QA0ROJWWwdIPHLtm3OMrs7S+DU/jWUir2z5tfTE7HeSJTYDF2GUGZtylE4flRnnm0tNyA0EpoYTBgmMDM7+v9drMFC871nO8BmJL+10NvuHXC4JgzgoVHRlwcgLioG/1rPiR14Uw6ASKdwH9GMpEioWZYndW02XNGMr0KTA1FXiGm2BEDIJm8pXF3xWPbXGOPUEwJNRhz5vhEaDHHiOfxKVuXFdCTsoKytgJ7hCew/c3EJPUaia8TmreOzEUR94YynmRFcQAKs+f0ox6u+u+DKyrs9hW9OEpP/CmEMou0Lcv2bLcIEZNHfj2mfqFMCom3dOrcMqQTlfEL3ogDETNUiB2+Z9o4pyeGpulUveaO0zMzC/sWzp+/ULh6rTJRLeQ5qSHxJztc+IhkPwlXiiFFzPTU8GEzoNlYryE9wYivTJ2MWZrCXNDXEgjNR8vlkh5SW/XG+tpaoZCvTU6y2M80AvYlOkT1pJidn1tYmX/l1Ve8WuXAkePlfOnd77pvbXnp4hs36o3LftArlb18IeepEiwP9kUhKMhQVYPCfUePN8P+y1cubLZbMheAD98PwBgiHUs87ITYYHT6i4gBWePRqUi4Sb44EzaZuaJOJrtq7K+cKebSsW3uTKnWw5/IOqT70zya3WbmYMxP5bBXcRbPbde8MS4b4yJ2LVn6IR2u55Jgqs2z7hoGoaKX9QMlS9pgvBl1+436i9evzkzXJstHyogw1cOwE9Knpa8CpdWeINLW5R6kUZGaUuVoHLvEOfIUODw8NmIBS4PIXO2E1+NdC4+YeAfcIyHGYEPyRS04A+pdX9O+MDTksi+9AGoCHYzCQgQjejFaELElaxqi8SnIEqTF1EIJXrXbbodQO6Tr9QOI7PZzgQmOJolQs5sIsgBJegLWHUZa6IPUQWwIgPr9Qp4MdoqdMLAMPzniZfL78JfYrchw+wpy0JgM2CgQ4dg3zJVxRK1g+qk0EZuam9ZMtC42eiCvCGO0AOrK8oWJu4WO16Mu4iRKQsRLBeUAF4cEN0CkAkUpaEQUk30e98y5eZ22pwx0grAiOCwAQD+E/taN9fW169eL1YoX5FBuYhUDPHbgJwA8SS3x6/ED0SqBT0G0BHYFnL/b4XBgRMkRRJ99v1jO66Ory73NtfVqrTq7uF8PeRXlDxw/unL18vKFSxur69ffuDy7f3Fqfmbu8L6LG2s3zl84/+Lz79w/14aVLuXAy2PuIRFCj0YevgULjYpEQy+TJliClFKGb1HZK1H+VrfzzSw70b6cucSzhqYX6uFZGCcsxyYjTky0x42tsNEJVXohtzFUqdSD+YQhaCp90v2hErsLtaBWZGXBRKiY+hV9XSuhWVqdTrLD0X5k6DNChkom2WHarkySnZGr9m3pL3caH7um6r3Ms7kT1cqHFhFYKF1Udys8/VuicTW73sp+/47vl/mJwTO9qPsbp//tSyvPZN5Xy0//+D1/7mBl+2Qf3BUJapyOM8kaYY6EIoYB5TNczFsM48Td7qZtIrGvpBXbnJgSuiq10DfB2DLLyCu+/30Lv//pa0qGUpi4KRrSZv/8hfo//Z1LP/u9u8zw4pZT+8Xf/pFEU25s9n75N69EIfq2FWCJaRlGyngu6/07jxX2T41S8ejiRNyJMB70ZK8p4w2xIhYRI+GOzlgqIx68Te8+8dzrP/ytj4ibKNoAee+xRf0n9rQ8+eIFcXNlcP6NEOjH1BtS5dyVVb3d2mz94v/+sTvv2P+Rb3nw2METT762+uQrKxtbY0XM/MSH9u9NxAkXLcjXM2ljVklPxtTZgYnHR9yoHIcaJriPdJBO+FaDSqJUSqOMo/MND+W7DBeOIyktk5bOWcO1peOocCL+nbu4TmmRThz7QDYKS3yX2x0u3csEO1EiTe9Svck/VXZHf62XXUy10dVxhfZruqy74k+syus0Nhari6v1Jfyc9L+6sHHmP535D3aMCmGlayPY8RNUKVf2qjNJUSwVXG7EQyE6UQsj1smRAlavg+UjxAy1liGF57bXCfGko5bJpt6Ln5JJrOKDKu6XEV1tYzVwKwRzH7W61vr4kxc+/K6j4raXdi/66//u7NpWzwqluDV9pYySzLTCs+0npBNO8R6/sRrYGTyY6p/MW4YdSZdgSH4zlYgjF96ez3aHjvPXVDYGN3HhdlhaRMfim2S8lclr3ENSJC+TyQp5z0aZOFthto3l5vrVupLCRo0grK7Yf2IKW8TE2G71XdOz5Q9883G93+uG1280lpeb7W5oDD68XrhcDhZmy4uz5XzecxuVqm1hslCr5NabvTjiBG11z1/eFI8dkG4PSzHs9eOXSRYlnXtlHGNu3Dxsiid/rT0nnH93Wvb/4A8t/+HH2hcvCEPAMjFOMo9HA8fFkON0curu++78yA+InZeYmSa9CJYt7klp9zQdloEXFMrFfCGvfefalBUheEGnrf3JTW0jKlfLk7PTB48eKleLvX4H3xfMTeh+VnaJLAvpNGok4zFE6G/XbkFhfeZo+QxwNaDp/vTy0WQZ+rapi7c116gd9ts41w+7ZvBFdmeVGjOGxo25SR0XVuQzVg+RGOSp61OtlU776WU9FWNOxBHjClZCRv1eVzuD261Wo1HvtDv9Diz+FJTwkb2WkvkzaaHo2CK/FrtplRfkg3yuUCgVq7VaeaJarpZ8bRb3WICmuQX+Z1ioGVESBwBRwagmRjoBxzTm2RGx2h7v0nuqQeldCAe4xXYJ/zZOXMjTA2ZYj1JwAPZA4BeK0OBiqQTeA48c3+R+VojKxCosrhsErytFyPS6fYyhich3jm0GK770TCscqAiT3Yb+dwyt0DDfOIPjxg8OGxIGjIPbfA8Ae/AB2gSTJ0Aqg3w+F/hkMeMIGOoADFLXzvleP2w2mq16q9mow+dutvTbICSKD+fNaBFMBBX5/HmUmDZz85LLnKTbbCtvRjE7Em6Ym3tVrGckKosvU+mdYUWmZdaMa3Y1le2Nlmk4n2jXFSZ/JriDclbh2KmTdburuNmlzW7/2b61zaa5H0UMcDRYr0y1jb62pRf8r4/VhRCtyFOMO0cKXr8HUFohhJVEYQ/nDODqQHADAO2Y2A5M1MLhFB6TJoUzyRAqE9Di+xxcomev5+PCdh99bIEjtXi82sIgfHAopDLSR9zDpjt4WlG8W4S5FkJw6NApnDz0zrrZHjtl4hktpHVVUX4rH4HqfYRc8QiCiFyBFD1jKSHJHPYD8B73ycDYcFdjEolgepiEDbHhD86ciQm3lfTglXnFI7xrH75S2EWUpl4YAS8ggtZn+Y3zN0AwmuAu9FxmJBy65RlXsGRZ1RPJLk8MK7PAzNApsV0ZQ1URt6ZkSSgyDiZMFZW4ZTx3lHJfz8SVC5LatV9Zz7ODhw6urq4tr65OXF9aXFzQB+0HsNEnFOWE7J4/GE4A4LXo5YQ5o0SmFjjQSCM4xBR9oMWSRUBaABVp2bBaLva7ZS2EdnOBFkO3NjcL+XyxXNY+TUB6NGOYYpH0hy+US0dOHO1G4Rc/8/kPfHNu8djx/fPFxx49ubFxtdOtt1qq0SgGuVKx5Af5KsaEhfkgJ/rhfLX6wJGj9a3NM0vNngz1szU7R3LnGfh6q2j0kWBRjhQacvqyIBYahGPfct5NZNsRZXJjZZMdFDdKy61YJdmYlAavVTgNy6ww64KU+1YIthISGRo9Ko3ZfbvAXulskxWYeohYeWYsxaQ5/Tim3VbCcOu17IcjZ5A/esQqpQ2HAPIXaFEtLEw0e62wGL62tjxx1psKgnv2HSzmCnr0d6To9bpCRgghpBVyAIDokySqejkPw040W/OQRyLHRHYcefxUFAejKKf0eFJBBAyplyt5gHBCYZaeVtZJmm1FUL3qRRJSqXjKB7mWBGcIT8HacKFgRAAk6f5DdFMPu07zj3whBwQbpPVOpEU5qbqQSkjkRSHIBch1PGCciodLJEz4Nj5FP0+LrUp0ObcLYq0Uy0VfzyaIGFfGN5MemSr9EXYt89zOkvbGDY4lXEpt3EpMMgWHWHpevlioTk9qLljXXLEXwqqf0OAE8Dps+D4If8OBsVL0Y/+Bhx5ggh4RsQVfDzQhMDudJsWs+PEE58ElOVTQrjeQivdUaOR/5VNUr5Z+tES1dPGN2tz0xOw0AFwp1tUhAkoa8BssenTkMIdUpOJ8mfoFex2BoksAsbEQh0+50KJ8qVCbntSy2uWzFwtap5ud1rqGVyrd845HX5Zeu/nqjatXtMZRLOfnDx9orq2uXrny0ueemJiavOMdD0mGTZWQjTXAcDJCZ1FWrEsF2hspNclQqWPFN8qbXhw1YpsLSbKN7cLOqtM0xonhR4mIE+IErIh/8rXmq1c6QsRrqY3GmD4i4lkm4tDbRJ2KQsoG79VHvveR0ntOldUAxgm1n8as+WXeTZIvmmwSsAaXwImUEDJ+CXcZIE5y0I48CE1kKSUBaJRZOmfqrU9dF+HQzu+9Xt+s9yvfsc+vJARg1bgSvvpR0W8OrbpxNXzh1/y7f1iWE37utc7qv37ln19vXBl232Z37Z8//yvff+pHH5l7VIwqUggVY5XEhxNBJukgFCnSYCfDnUPCxPI4W5HcxjWn9nexFWMcF/FWma1MboVIYpy4W2HujcNN4oN8yIKdmNBH90bsE45UVLFdwGleZrn7SOXOk9VXz2zxPYJwiTAjFMCug8TyHz929aET1ffeNyX2tPT66m/9m0uNeh9MXZHiLXnLPDBXCOQoP/jebZ6LEzLBTax6yR2SdFmJ2IStUr1oovSZAEj73YaXyzfWz11dPb5/RryVyvJG/bWL18WtKDIWrRywE2GtSDSGxrS6aROE3X/t9NW/d/pqoZB7/2OnfuS9Oz87BgAAEABJREFUJ/fNz710aevSjebSWmtprd1oZWQyeuSOie9+dE7saYFR2G/LYHhKKabzaWlTxtM3fSLjKUnSkThMdUUkQ0a2c1WUQjpxnsGDHDmd4X3mO9BdkZG+SHMnO0YCMcVybXqK+0TnTVykkzhjHKGZCot0ImJ0Fn4x0uDILW9qcxRYx1KV1blx6KZ7MEEkxxpvb+tyS99QuYMvua0GUyivQNz7samjr11/sR/1jFwXXdk8d3kDEqdRvLtBx+E1xLiNKKC3Vpku7j/FajveS1tp4n1x/FB6BZKafPQ5gTpzoHIEU+bC+Mz7FbeFyqFDbnCnEAkilMEHk7936idQhBSi2M7BIxuZx6/+xlMffPhQMe+L21i0y/9v/vuzF5fajh1dGOrhzB46a3g92RlUHD0zSK0Guk2JQeElaerd5VA9vl+dvZBBLlPNV7usfnhJRbQotMQ6YoMth6bUdjVZosT3JXVZOWCSkGLglsyihCPGiGTbpLj20g2MOBFxxAl+2pl9E26/xUqJcySX9w8fqh06WLM1CxX3iUg+K7MNev/QXGntjZ5AWxTjo0hP8/dnrtUf2leVRmR12+D2wrBOHOgErslxawtjvpLC2E4Fj/HdWxJO/a2/8+L/+6ejTpsCI0RMzcinC/uRRfwypngbWeJeHx8nuFnsXTril6sf+Hv/UOyqKBXPcJHc2XXJGNy+yOcLxUpFu8wBgARXw/ZanVaroc1IuWKuNjM5uzBfm6oVCgXtSkJjJ2aYhQSdggVxK2BIMrBy72EEQB/TcMAy9HwuTz41sLMRJrRI3C5EwoasdksIBgzRNB6lkyYgu2ibWbIZSmW4alMOIuU8ZWjZ6bu4UThyZF6hzH2R1QkyOdNjc03irsRNRCuVk4+G0laQHG1IRIQJVroAetGsNza39A6ka8L0K4Ltf2bxm53LKDngAAKxFnC7PQg3KVYrldpEqVzWf4VSCSIZ8pyGj1xeBKkS9iETjePijfoYZUL75rk+vR573UQcl4NJoEioTHcbvjLhrygbEoEkDdcFRgj909OeY7+Qy+W1B6JYzBcKgP4PkVQ+mOs9NB8pTgUiYvHVQ1ezIN+59p532h0eYRzb4QUQmMmTIvb5Uk53/ID4TdIWAlzk6lNnChnPpvgz4uU2rY8yCob2MvhBoNsPf/k8oiqA0wFc5vRIdBJjGndYzqi/cq/Tbbc7ja1ms9HsYYJXcFH4FFbi0WihBnjKfuih43/wuAviEvecEkn6Z9iLZ6cJpHBIak2GyQnmeeZZ29JRh12z2TBNBMaczTJjObptkSROk37o6CYNP8F4liLVyJSBQ6WrivvHEAQhBhmFlLEMHocIwGJdM+Dc9qjUjS6WpxAm9Ejx2UgyXjpPF4+1Y0iL1dMjrtXWpEW7NDDcK6QQLVy8RL5ss3hXWp+hxHQ5FJ4BThfcU5xGBx6BSWow1gTGD4Od+Gx5tJoKtMBz5xhq1spBBrX8QdFkQS+iwmiYiF2NiU/OfYCKNU1k5vDQDh/hP2Cxs8+9zavN6bjtc86vxX1LnyxScRvpccNnHJOOeELQ1DJzQ0oWkRXnc2AHFVu+Fcs32BUe0RIgxt1uqwNRJrDUP4I8O9gGAGvyAmcwUCNNbJFdHiZsl8YE00v0fWQHn50y9N3tcDY6mho9k/Ap24gB4hYinSSLIWPbkqSbfEDiSKVavevuO1995bULF97QZN/HQu5DdGL6FAzlkabhyB+MIYZHKF9POB4d3LaRDlmi4aj9mrlKpdJsNjudbqvV3tzY0IxqQTPawMOBpd2iMLUjlu2gnVpiOHr06Orq+ovPPDM9Myn83B2njqyuP/D7v/9pXd/G5kpP5aekduxrjlfUoilMfV/4XmFxZvbBu+5abdVvNDeQqKFvHT9LZECXTOsiikexLefDNI5daUw47zNuN4x32cBoScunYs+eNbwNYujj01eOFTQ93lNj7uQ8nyazN1ZrsqpzOLDPMDaC2JI+oJ3xMgzyW9326RvLNf/1ol84MjNbLRY0TdTcCUQ2cLGzEAcIXF2YPBBlr4mIlub8AJTHkPyUEYqEZF+VyMFM3J0ngkhM5AsESQoxURDh5IV9tNT2+vpJIaqXWnpUklyVkYTwBU95SFApW5ykWTsQ4oMiJsimMLeCXCEfYUardrsd9kPV7pKNWaqiH2BMJslzupoe6XkCaQJ2N+XbkrT6xLC+MCxVK7mcT75YYeVTKcUeffy3TJHDDyQ8JlT08CghzGmv3WlubOGX9/QwAYxHWklNHw9+IJYXhvJgxFvfiDMSOSmxYfMkQBALUZ0GeUHxlKSMBhSnacKBh0xVFNdhFGIYIQ7fMLx67sLE1CRZVrzA60GWJ0oLKglbEhhFLo83YvpuI3qhNBhpcY1SFYLaFngINgkIPcUyIARdXD17/vRrp/L35v1Ay3Uz+xaO33P3+rUba5evbaysKl8euft4/+4TYdRdPffGU5/87L5Dh6cOl5VPGXyl1j9gcPdDHOveqE9jxH156xjrN8rNFLm9lVc51gqjycSE34rfdl8kMU6smkHzgGxA5riKiT8fV05tpk7yW0gbcSKcGuJ60ts41sRtm1GTpCESUhivF8utZiltIrKEiKmyYpgQtFTSJNlRihVJuf1oD1X3q2tiO4ktWmr3ztT9hxJe+ejqk6MiTqj0m9G1J/0T3+see3r5KyMiTqj0ot5nLn3iwdmHfDmO1C0Ti95joSA+kIxDEa6/euAucwPrsW8zjBNhCHxy33l1pwqRjD5J8illFlQ4atRN0M4f+/YDf+u1l/FZpJjTcylAPMQWhf/Tvzj9T/7ivfcc3QUG+NDyP/+Hi+ffaEpENxGMcSIo2oORMlW4OF949x3bJ5qh2UvQJoLnGSknibiT+HqjifAMpUFp+5vJg0x8oeHls0+fOb7/XeKtVD799FmxF2WwA9KDduiFuyydTu+/fu5l/af3H37g6P0n9334oYX7TpyanihfWWktbXSW1tubzd5Wu9dshz/6/j3EOImLDDvCL4rdzynL+2ImOOpxDjW0v5NRkvGRbG5sOKzhwtLhaA5j5pt5fVt8JbdAuvzUaUOimdaTEEeoGAYsMuq0bTPVZgm5xD9dbZmJoe3EZDTEYEd/PRWV+eMmw26SrDn58YSazM+tdK7pb6xVimMzx09ff0WwSZINkxGti8UlGMquzyPLIts3leJYRjNawOUTCXLjmbB7hWqxICmJqTYMi7sm7iKZSns48n7JttOEeNq3cAM901RJJi8eeHf3+ozOTE09no+eWSPEERtg0r62tPWPf+OpX/jxx8TtKlfWOv/Dvzm9vtW12pYTqeWxgM4njNyLSiGJpIR0QpqrqdIdAGLkwXHKWLd85HH5h1/MujlJwPQ2H+zlvLddRgjIRI5sRJEt2gL54VMjXoT8rpaIm0PuT/eHvW1gJ/MAR1vI+GNKp7rrr63QqkXcCvKpRlKVpwr8cla0sV/RRnAk9y1VlQNbYQIXlWmJ3T80W37+0paQzg2wOEx+9dLmw/s5PWLccvtWKvtdsSNpZkmnQjnQg3GgiQn4jONRbqaUDhw88vN/+fW//79QA1M4JcJsRxyxDHgYxon+/72/+EuVhV1C3GWOpZsscmC/WK4USuViqZQvFdF2GHbbnVaz2eu1tUN6ZmF+bnF+YqqWz+e0FTRiFGcm/IK+o6nMmp5ChN6NMGl4GPbAjx0EhUKB0h9IY6VKt+2tYSB6y9qpYl+v9boNb+rgKXb3OjVYTzBuvZHPZSHQnZ8wGAhTJAy3NjbazWarUe+0WoTbrcyHZnogGYeDMllxCz1m6PovyBcqkxOV2sTE1JR2NvmYJt6H/BegpUIzIvJ5QVhJv9/FrD1dzPFNbSDAkMj4eUkOoaBqYdssE8Ruu64m1y/xU/yNUm7kwfJFP8jliuWSnjhFTKmDUwEXB6K1XjfM95TrbSGjLjrtBII1QNQJhfCSmgqNNg5aFWeDFQmXTTZ3sp8GbVtscRURR2/EyZVofS+6lSn2yysWS3qa5/T0zuXQFS/R2wgVYvROpJ3eQT7Qfd5ptxtbW816vVGvdzvdsIcYM0rpqc3IDYRnkwa3M10/uqvNNZHRhhKvqkbdPmrCqqTXf8yydxRADTx3cBa/uSWz92zTsjrCyheRYvjZwaUYUfIR9hOw9BFXrjC4QRlhHuZ3vxdSADy4MNrNVrfVxCXl9i42Ykn+Xwjr7TWxWDaLk4eDE4NLcKUT3IqhjgghwjV4lnnxe9Dow2B6p/0oCdlQEnTSRMTmCKJeCGHz2GIGsYQuEe96hjT5FGGGdNLjHDoUCkNLioUnndhHIePYfXPIMzvO04VwDia1o3SRLOJFcVMjppOC9TqRwIPCYwgnxbQF1kxrLt+HoJN2B7JrkRaHlgomuJ4x2pueUPxoenF8SNQXiaGYnhpSbK9g7C3fvk1BJzdfdkFFNOWemZk5ePDA6dNnbtxYLhaLU1PsYzBGKJybtDLXAcilUa9d4uBKJOae7HRlbdc7fw3lBm3gjuZJ5Uql2+3pgd1qttZWViqV6tTUNCcTYf7Ow6wP/nlVLOUfe8fDTz3z7IvPPvPoe98bdXoPPnDPK6+cfePiSqtdj7wNmStpzW8ip+mCj9hd2r/f1fLp0f37T9042LnQXu920Z8TwRpighG1phd8LKbWiXgAQ2xKaLOCDXu10f2x63GbiHGx6v9NKPE33YqMokYGTe+iqFGH5Q5a5lzjWCcJIVZhBCuOglxJi5wNGSz1+k9fuVopT2ip9Fgw50M6mlyvz98XoLJy+SJOih6oPWEXA3JpmniMN2vkJI+AVpBFkeMQF7cX9JiUhagi+hDbBOshwnwRgkqi7lYYdmC5FkTjweoTk/bMA0NGoALkBZ50J4UQMu4CVrPJ/aS0UFco0rcRWowGKLFODz0zolD0IIWKR9E0NCuxBiD6tGLMg+jvvib9EAdKrE6339f2viKmlPQ9YRA/2Id6+0bjm1hSQquxXSKQYEnrNFNTvXa322zjcAA0URNWSRBgFHuLd8BQ0QPAVxTnzjoIfVYbAs3OAODEIYSpAIaOx3o5LvJ22+W0UrGSoOyKGszUTabdjevX164tTS0sBMVCL+wbCs8SBzwq9PwoMvITY59gPh1oDYTjdyFoRukRKXPUZqIAWseoTNXWl65fvfDGvgMH9BjrqXB6cf7E/fe9uFFvt1rR8sr05lxldmbuyMHm+tb6laWvfuoz7/me78rPTPUBn87X9gce3BkRJzLxssYSPEgA3rLq/dul7Fn/yVFxJyob40SmJWAb5xGlIk7cs6YGx5ChTFS5kNkYJ3BXJIwOLty7OK5OpO6Ka5NpjBO2OPN0MMZV5fi/6N/4lfG3RFQGtkOwamOT7Ehr/1d0gydGL6nqL3fCtY4Yo3TP1Itu0EnUV+uvj3OjWj0tTiTEneeXnxrnxqXmlUv1i0cnjo+8irtBpfSB5ECyv6QY9PrgrwG0FIEkuSEAABAASURBVGE+gAnSk+6+cmyc4++ntmL3+6yNCpGBcSLMlcl9kdrPADvhQwSxE9+f+Hhm7NtlJYmpP1Ks/eZHZu86NfHKaxtSEgYbS+k8W5GMd1r9P//LL/7dn7nr8XsmxU2XZif6m//6wguv1ml+EK6JhOVTtM96vN7/2e+a3746A3USx53QtLVxJ8Z8IUTCd0UlFXfiipdiPHl/bavxya++9q2P3ineGuXJly5cur4q9qjI0QJhcurG82gveM8zz1/Qf7SvtcX5uYl9c5P75ibmpiq1Yv7AfGGxlhO3qoQMk5lZFMstNvArcSLr4oEfiQi5jHoJs0S4OW5c3BGBt7INiK4XcTRJ/BGYAzqIJkLEXC8acpwAVhhtJUnkpHTXzJknipizJ5FOcIKR6dx5fSMZyMTw4annUr5sWje0d7/2ixJ7VpT9RxomowaYIe3N5BdXO1dpCdPdC/dcWb9Yb23it2Z0E6woTvps0E2UPY7WWFgghDSW8qlFgL5JopvZGknMLCFF8/ShypFqboJamPfLyYBOOzozQjyTLzr4Uw1sU5epEdRPEXgkS6fCxMrQsm/vP338lW959NDj9+4Xt7488dr6P/7P55vt0Mb0oIwZC0iGOhOtiPm7x1EyBuNECZO6JvOljbzt/OQ9JRIizMCNmXcNllP7xV/6E9Ev/0a2g9Py7kpF3H1Q7GE5OpOOazEfM6bvQSB+8vHoQG1oJY5oRj1vGYP9R4o0sZIyfW+yPqdYdcNVPWi/td7eXG7qH6Hg3DrCbJVlynJUDal9t33KGTgj7pqt5pUwYpeNFxHi1et1MSBmC5EYkkPeeHgh64p0bpc2NoWriqNVdlsWvvlbtl55+fpv/+ZgxAlhlkRGi1SSFxe7GCfCORI5M0QhS9ZHHvjZnz/47veK3ZZbwvXc2Y/75UpVm4P8nE9OcUSraESqPzFdm1mY33dwf6lSQnh/AI4WggCTqKeEMBZaq6pjBEJIEBdod+15AL7safeBj/l0rPbhGqJv3hCUqmHXJm63Sfa9bmex2PYJ57RJxDCix8brQ/ulUu816l5kf0jt0AYSwSK9AL5xD+A6tGm92+lsrq3pgdPrtMHzA8PfRxxNY7LEx3kQBAkQJQhvph2uAeb/9vIFbayHTDqTszOlckmPRvIHKc7NFBLSLPqjIScNJdvAeKaQc+hg0IkyxlmmzzzGhJJD3yvr+5JBNxKOgVc/VMKiV5BtAj+nW1iGVZ2Ujwax1XWf+JItUUQZPS/+giYSSzvREalFgR8NWg/xK3gTK/dsYUh+evJubycYmtWtRjcggkmwDIBsilB2AoC0PZyJPk3JYqmEy3F9O370QVpRSQvgtSO5sVVvNpr1jY1Wo6m9y9qlgjmAPErvDs+MyAbuMcfAHvC2G5Bx/yfFi8w3HVGX2m6JFz1lB0TGUW3ETRCTbeq/aaLnUPEdPTz9OtJ5zdRZlXUXEaJBv1Z8uZGqSekjdTIenSryIf6DoI9gigtYMw4xZH38ozkOCBp9CHxCviIs45cMYiIch7f5vhaXiC4CRyAghWDcCYkTSMQifmvMD2CUdHqj2K6RUG8Fzc6IgymtA14Z7AfBjqC4j4iSG9geIWUsmUMCA5xcGPfiERs1gTJIRoguyGRvDhYV62AiFkn4FLN6V2wns5fVnyJ7XawiGVATYSihMC5+pKNaMuj1NcHXJLjfhy+lMIsQObI8mtHK5N0g84GDQaBIyjWYGiwMeMIGqhn/5AhjwOii9kpsetsEnQgxlMMNvR6/7ezszPLy1NraeqlUmpycTAlnArJ8MEyxdOJOYLBj0AmBo6TlCCn3hljimNeMqVwqt9udCFL39fXO1ubmRGVCBr5IEn0cqoDMEwDYgjx6+ODFq1fPnT29sP9grVr+tm/75t//2GcvXdmsby2HwtfSRgGT96GnNQTfun6lTv/+kye15/z5C2e7UnTB3RuinijNBPPIPCc9HtjSi0c28/4Mmn5LxPjRxZq3M06NMYduRZF7zUqVZaAqPsB74z2FqK0RDjyiYU4PESGGhVgqKIqSbOU7NzrtV9dWK4X8RLF4cHo6BLC6kJwTgDehMC2a76NI3OlhEYh3ArAWXCNT3chqUSA/wlM1J9JyWcGXk7IgKspHU42nfC+SgOwFgZiaPUbgf0cUulBE0GgfBjEu0QGxG03anjEc+zwmOWTBCB6YWw4mr+QF0N0O5KvrIjygD/kRpZ9H6RyR7+IuA9wLySox8L1eX+/0QayUCH0S9aK8FijzgZfz2V83MlXymzUab01RSZskSyjEznV3TExNRb1wS613Gg1PxVOUrkKjHvFFTJ3JeQCEif0k1YYwdSITygMB9SAqwacPkI/GbRgh9ZI0JTHxEyGXSYzK1f/q4Xzl9Ou6vZOL8zJA0kjsnW6RAvAOe30UYTxBkI5RZExIHkSl9CHvKV7vIXIqx9hqvWLuwL6t1ZXLZ87k/Nyhk8f6Ya9Ym1g8emjzxsrZZ1+UQbB0+fqhe47W5ucKlXJ7q3nxpVdnD+2/5wPvUYW8Vv0wB5SMQ6pGfwr5ppDeb5S9KTKO1RAidrErVxQRjiVOpiNOhFUYuAYrjrq4Jlm1KSsMJ+rcBuPESM9uC7keY5+lmUYHiTiowSQ7JI7Tgj7ybSvB/ythb4ot2UjdPT3zhEkFOKyEy2NFnOgSbfTcn6q1RFHhY9zZV80lN8POcnNJjFeuNC6PCDpJcgr2ATms2n7x5IH45m1YjTKVyrcJxsmwdg52l3LqEiLhcE1ZEFTqrBJJr27sEhBOJMqw8j/91J1/6n/8Sq8f8eMJIYTdAiy9tZvRX/2VF7//2w/8pR8+Jm6ifPm1rX/wGxfX1nrgs0REE9oqDI4n1BNSGT74yORjd2yPrcLEx407ETwPLeYoC/1Em5yQMzqdEXcijAw2HmN67szlY/vnThx485PsXF3ZfOL5scLOdl3cGXvbxMJ2q3vx4or+s0cWFia+97EfGvP2L796td7YLOUAGtSTII17KkSQOjVRDIo5DxIphmA2onSWU1MLhUOnRGUEyk56cPDv5D9jFpcaGm9cglsJy8ukEQpFzB/t9TF1jQXROGbFPk1lnBU2viQ+kkI6sbySZqhDfHjqSadO564En3UoW0YvxYTM3U1cPdizO+vrb5RkMSPMjTgRdlrT75xXqOXn1js3CPH+HYff+UevfTKiHDq8aM/4VZV1XEVWTOPREnGUiVZJMO6EdF6K0mD9F8ceOYdomHsFr3D/1H1W3ioGNSMiKJFgo9J5C7GtE2ZoUZk0zYxet99MrAZu6U6Se9lm+gu/+rl/+be/4/j+mrhlpdWN/rePXfjUs8tSWJO6tYxYkcMcd2QF7PMY6YS4o0wgnYghpF2lTg1xQ2Se3b58xyPynkPRU+fk0oZFapFmkRtsa2Xx7Q+Kwp4afSeL4s9/WH32jfDcJljE75oO5grCfE3YzlbEA4tifjthRDo7Kdp1kxEn9urM7fK5NX0HZf0F8GecCxGKP2s3mofvnBU2OiS1dcgscS232e5TzHxMb20Nlzfa3GpjmoZrPNHuhG9stI9MFqX7YoaOZ4wOaf6EcwOav2SiQYkmckuktTiYAPTtDRCjysmf+e+C2uTFf/3/z0Q0EVn4JTbuZPD6+Eoh3vkLf/vO7/+IuKlidQLz9lnDZvv5J0cdCXJ5XW9fu9W1TxwspV3tVCiUClNzMwePHJqYrGk3EwSR0LOUE6FqvqJyQiIQiqJPdqoIPdy5vF8oFrWHW5mVHuItXNzm7bmdfJxirRbWnGI7NtWwYT+HVYvfjHUi+1JZVdE8c292mYEAoJFep0eG9Xa72Wjobb/T1aZICEuKBOPRe6yeskFFSqa3uMhTu5PyxYL2/hQrlXK1qv9KkOAJQJsAxVlx5A1aOHtkp8ckDj0C0el1urRDsU3oBrZWVjSSW2XZECo5fLWtjCVSIyCRiIKZYrDnodk+eq8B4KRUghT26HST5DVGwuoxnpiQlILItEr76cA70et12j1Ka4PxW2DQF/GEkuYbxZ+Mh8F4I9AGAZOkBE4yHxc+kpxmzC6EOaS3EDQD8TN5Xn9r5Tp2NUKarW67g0FokDSp1WxGfcq5QwYIQakHsPc8l/grz3RpNKrleziz7HTZmyKluL2zftflVhBTSxtwGznHVWpHJli+yJDKMRCJRgwNGiO8QhKaPowwTTe6Yb+D4SYwu6MQM1gBAAHcALPMh/Hk0D+mJ0luIslFJvgMoZtg6ImepoGJ4YCNZ9LTSCOZSZHUO6X7P0X3KuZpNB9pR9lAN+uXsbKBmbYGRiUOmdVevCCPIZhIZSgUj0Qqnq20NIOty7HsJgZYkpOE1zhP6WLlfhYV/2N8MWwY84SRK+LGE5sQhutQ3B/94SMVRPtpOUF/rH6PLrAfxYwBXhfGvewmmmdyEdkfIl1GzLvbOiXfHkEn7tLW2Ga3HVWQmJVG+8IPHNhfrzdef/18tVqZn5+HOFAjgrCKwzxVYsY1CyPGocXAU2W2JLHj4gSRxXqh9PL5XLlc1g/VHLTT6ULwY71em5pCFAbBeXrN7KTZot/u2PFjN9aWX3z+ec1vjx67Y2Fu5oPvf88nP/3k5etb3dbm2o2rvgC6ouegpi9gttC++0jU/ML9x0/1pXj+/Fndgj6kI/ElBMCyFoRhLZISASZbD8SAJY/bUrbt7bcI+7oV0nOSO0dWSWLKZeneNlzcUnyJKwRcSOf4LJzT9mS/KAq5dtfXYuDZzS2/153I52ulcjGXD0KlmZgwFelach4WrAeionuak2l5F45BpQx2gnEFKEvhWiCFkYcwxfSwzgMST06WYV2RL9r6RAgysVKdPtivgT3im2MGIJQcI5K1fbOakFqupyla34Rj6jV4XxjQ4st8gbBfhdSiXtgPe+2OPqGZcF4b4gp5mEwwz7Ah1GsGThBZjhYIu5EHsCwiIjk3wtlU1nOLuK8QTncO/wxfe4UUtjjBphSFUmVqHmK+N5ZUvwUO4DjbK5v2zKpQIDKEUCxRoaIspCZDAoanMIvFCEDms4GCPJdxIOfoBiLB9RUG9EtYJwCxK/Cl2/XG9QsXK5MTfrUc0iizIwqbp8U2/X3d+aUIEwofChA4ose5mGTe41AYaHe+kF84fPjy6TNX3zhfqBYmZ2e0clGoVu56+MHlq9c3V1ZWL1+pzlQmZybnjx8JO/3OVuPFz31x8cTRuZNHQphbPvAbxdqMl/lSiRJbZ1wdL6nvbV/e4jaLt3EZTqKVij21wnjCpEVKcDxVSYwTuhLuNXgkxLuVczauM0ojoMR1WsJkz8rhGCcqhcVirZ/KCQhQTiRUHAJgHB88LmlNOdos7KhTGUl2TK0eMoHYzi9G9bYYt3TD5I2eGLtYfEgqmj2KvSykriQcWfZ4/MOGVwrXgZSwpw6clVbwNKZ8owKKhHboPn2vtmJgXxhlmgdVYiuytgk2avctuTPtV64LwIg7NrCJh7wddb7+AAAQAElEQVRM6PR8RA0xQA8rh+ZLf+YHj/3v//6s0Ts5jlKapb4kYOn93/r45T96auUXfuLk4/dMiR2W9Ub4T/7vi3/0lTXyb5n5izpOJCzqCUhcnpyY8H7ue/eNUy2PEIt3YnvZxn/R/Da8welW5cw0lZ51llqMV/7giy/+8IcemZusijevrG42//PnnhdvTkmEl90GNtxud5qdXrmwDdjJ6cur3U57YnFiZbX/2K/9b9W5mXK0fcpeXVrf92Pq7vvHuHD06446m0Ue4zVJ0pAUnJUGd0QlSIg0HDCBdCKSuCO8GCsmWjIL6USl6hTC4ZVCOHXys0zsJB9JIZ3Ed7FSw6/nUDm3E+IdY2JLdd8gNf66Kspuxrx+bHVeZbA4Pu6GSy4Wj2x2l8nKOFmaOrFwx9lrL6sEukkYy2+MgKJQ9aS2R1w5RZl4PuHfKIYJsLwGrzRBv/r4w9MPBwDICdpPOajx+pORGCfKQIPx+ez+SfeCW7ImpjnlSLA2A4uJ2xDCgR9uNLs/+0t/+Hd+5r2P3zMWI9tp+f2nlv7dH11Z3egaU3EiZEC6QpB0Jo1REYUTyUHHKYYmKdrYYkTu7JJ5ixg4ONaYPDIvj8wLEbc/tb0l5dFD6svt3mQ5zHnyv3uQTMojXiqj2A6XqcNCDEacyMTOWO+lzNiLo0DM/urFTTIxKfzYiiNOAErouS9eLE/mTz2wKJM1DO4bPSiONVHjYZzo7adOr3zqxWWuR+JYkhSKBXaKF280j04WY6JthqQSwvFLydTLCpEczrG10JySzpFENIAgv9OesImjP/pj+bnZ0//ol5Qba4KnXKSTBKIJ2e9wmziOzNgrlt7zd3/p8Ps/IG6uyAR9S47VZMe5RQ07MVC9uT5CpGRIhtPtdrWxcGpuelab6edntWc9VD3IRy4ohQCKGRG79RzfJPraVUQAJ8pEDASBLz3t1g7IsW2NP8aZ/haNQXHbOebFO6p5nMu4W1wXZrKM32+xq5i9M4mzCEfhpexyVqsyVXD0COXsbrfbjY16R0vn7TaGnsB6d57hkuzMHn9kQSnIJatnAtw8+WKQy+fyxQLkpsGIEz1EtDURATZU5HR+HwM1wLeFfWB/6l9dRAQXEIkCUSciqzdUPFBjudftllQfmjkdEU4bHgsxYzp6ifP5IIfth50cLhQVCPrisbvbE+hVQHARmDOYIAP2It3wLvhoYV9xMKhBiZZqsGG4tUKIIKI/fjHWLe3y6HteTI21SFYsFfIF3fUFQjHxASk7soOCmtGn5au9XqvRqm9utppNCCfqhVE/DohHWQ6IAuaEl4R+JGwvy6ENzp5csciVutqcFzdbdkZndjKpd1Jr8pVvuuw56YxbaC2iVmmz0jY5SlCUVLGBjkT7FN0QhIEjaYETcggTbtLDhCztTqvV63YgBRsxdSkYxcSjf+gVIwyg8nliGK4BQP7s/KXJ5PEup6rBKiTNTpbCyPQlOPRBpkRX4wPyjHnOIAWCdRr4o+DwSo7AAOdfkjhLLxYROfjFB6cdR8Bw8yRF0qBfhsGz3T526L9we16KxLJMEX8Rl+dL4cgKKYlU0dA2a9XNt43MrDaVE9GhVdQQSthXlLwMgKYg9A/pMLy7ZxBasOZQpJ6YkNmkm61lYD5GTjMHy46YbCj2orzVg06Uu2N/yLH6SmIymlwuNzc/3+v1XnzxlTfeuFSr1SiIEoONIiclGw4pI67RunWYDcD1hZ8bcEjsiixJp21kNaZhHQRBtQJrASBArdPRf+tra+VyJV8KIARSIP6I51kDlD6ihQo9So+dOH75i0++fvb1+fn9hXzt1InjF85fvXb12XZ3w6tUm5sbgcyVJwKvUBCip6IgpyUQ4fVl7o79h6+uLl9Yuh5qoSRfEMbfQ++NgBRk/oAkI9Ln2Rc/3nn9sWXxHfbVoBzjkDKZFelPsz3J126V5D0gTTqPHE+qHlXkYJ301MRTkueyCgtWxnYak1EprHIjvRByoPiQbAmc+qWe7631e5e6nddu3Ng/O39icb/09Jk+r181r6YFxlweM5UqgeB8UIlvUr4RqwLhCaJCELoB1TCI7KDshnr0+8LLFzx2YXoRemxAmoaMkn0J0Cf6KmlpHUTGwL2w2BJS06HFyvMSGFOxOQ3zPBJP0pKtNruhDie1KK+bGrXbEaL4AJsKMOWbT3B8MfshgY30iRBk3Q4xA8DUgyXGEJodBZoZBkT3FabNTnsCZUJqFLduRN6Okh7VrPEaIYak5FypNDk7o7tsa2Wt02jiN+Lhi75aM3PoqAoEmFz1d+8LCuJAyksStvkWEY1SBZA3wLM84Q/1EStH/ka5AtFucCcSFAaVgyNep95Yv7E8W96vh22oKKDeKIqUUweULiEc7mC2MAlgfQA5BiQEmhBJR4lCVScnJ2amV69evn7xUm1qSg+4QpAvTdXueOj+5z77+dbm1sb1FX39vqNHw2bn7Fef7Vyqn/7q07W56Xx1AsYavKHvwMQkxoxDihVbkM0AiwwY+y5IkENa384j9K1ZZHbciUxgV8QfTqZxROJ9uj65b8iedEMJ6ZjxpTkitVunSNe5HcaJsLRR2ockICj4leLYWtMgpgAW1ER6BhiejktepSvZFEMhV0jn+T58fCbj/xoqMiHnco4ch5m4A0akBpaMV9G7d8dFvT0xToRVv7N7ydSJA0umMukYG70x1sdvLdKSrO0le3Fcz4jyE995+JNPLr16esPEf4X4cij1CIPug/vLS62/8o9eeM+js3/ue4/ecagsxijNdvS7Ty7/n79zqdNm6FIVxoiDtA+2awi+hcNaMPkrP3K0Uhg7gsrtAqWMfow9GYegMNaQNdjKOFSOe5VX2kg2zJkAn7FKp9f/zU8+8+jdR+45uq9YCK6ubAo0r06UC7VKUex12Wx2thptMsIuzkxo3f+VC9e+8vLFVqcr9roMqqqJoStvkRVum6IlolcvXH/kzkPDLrix3jxzefnooamvVmbOR4GaKr3+Td/3fb/z69PzM5PVifzIDGfK9/ti26UJKunO5YPbRXxlT9y4S3laJCIs4yMuY2RyEZ81Jy3uSBz96ZJYw0+H1ZlGOmFybeq0/NHWw1TbEPYEwY65c9xBItb3MqiXmcEGg2GM8mYMwDe/7NFbuwzNPZoIlwxkcKB84mLjVbIP37P/vtX60srmEo4BFes4woadMLqJEfwUakCEdILyESOCqFgw4hHrMftS0V2Tdy8W5+hNA087pKp2dCUEDKGc4zZaa9dlrHt5xnkm7spEbNgcN/qatY32z//9T/3gt9/11370HWKPSrsXfeLZpf+A4SbGL0u957mzScUrwrzkhDNIJ16MdMJrsEeS8oRhIuNg9k3ibVLO1KPLdbDRnJq8qQVp1Mums2XquLM/woqSfdjGf8RVmAtXL28RZrnCWF5SPWAfQBjl5z/x+ovPXD9yx8yBI5OLByakebxKYpy4daaepcxWOvv9SJ1bbr56rf7cpY3lrS6c9dhHSt4DYcLxX19rJ95KmTpdvhD3R2orB15fChPsaA7xa7CJI9b+pdpe8t2+7P/wd1ZOnHrx7/zN9rUrwhC4QYwTu00ddzFRasdOvv/v/6PaocPiVhaDQZMx/WIxOfO+gYIWSG1q7Gk3QqT61erk/P6FucX5YrmgwFbTxzdVhCdhhWX07HFkATop8AK6Bi/yaW0fGlsVJt1JWWwMZdubMmhH2p1x2wKKpL64GOPRO3pi6uLYdmeot72G0zQYp481nY2obcgTUwekNfQmamNplKc4jnIIpEDUZG2QbjUbzQ1tMm13+r2ushKtYmewkREJir5vjDA4nT2vUCohqEm5WCkWipVcHgA3vMDvYyGGS4knwKvV65Pzq9tuYbxLl4NOBMZJ9UN+c8yCp1KDmwWWhMxje08NrHajnkeTOawq9dAgj4uhIZtOoVgslPJ4xA9wYBOWv8cwBtxhJjWSIpccrICFZYEAR623Fu7BfoiEzGzzcahYnVU8wTI+3rAvbvqBvmKEdmUQwwCjJciVKxX9LrrPhcEyoKrI2yiwDflcbnNzc+XGjeZmXXd4RBDcobJrLSWlKhHsH8yYxRwxk7D6Zjae3s5+KuHoLDF1G4NKDJunKf+XyvB2D62NW7NHEzxxcOd0L0PcVeM9NHlEqfRQcvwXKl21siJBWiw0fNpslREf3Etw9StBnRA8Urfd7rXbegcT6EDkSQ+caKGvp1SQ8wxOCcm0ELauQlY4PV8YPYXjS0AYBvAhWrMtcITjlR6m1fFpRTeKwXHnKBYd2C1hjhuHjvP6TAW1jOXx3IwMtBJElCkGMaIFIZK8Mox1JKgxlMGAW0zzy7PEh+JZY0UnhgVxJlSCWAx8XJU1wpQxD5gJHpNFo0UITmmEyhzmuhaSRwFRKJyUmnSHYa8DcX6MQIOEjIP84DIIA+I68Y0kR7IIM61JTjQOtGSrjQ7JnG6IHdAdTIaUj5iCMqZpN1/eBkgnKsPKNN6N2kOpWSyqiAv797Va7QsX3jh//sLx48cKhQINQeBGXoJH0viOFI8s4sR63qYluZ23J+MmnC0RuNCl5rilYglBI/ob6xurq6uVSmW+WNBMFudVgKqQUCaQqqfHdeBXarWHHnnk9fPnz549c+zYndpi+44H7l9f2Xr62ZejTj2UxeZWHoImJ2QhX0EHvgg7/bzvLUxOvfvBR+SLz124dk33AqTOQ0cvEjeY1ZBbzjO+XZKPhOeoMa4rfZu33lE/xfKac0Ra6cOxt6WewU1S6eO3qMhkrJndTzFjsUOGat5UCeX0hOsAUbHMun3FBlkHjSM+g+lZ6Z/T04AwKji0LhCyp6Wgpp+/2m68cH1pslTV02hxcqqQL6uoq6kjsjxMgCskQTvqyjlcr9cHwC0MrKbILWJpEcZNBbCmAdIfhhBtgihE8Gw1USwC+/Lbeqb1gZ0CCmDUDVtamvQQ0ZtCmKWelSEASvVx3mBWHWTFgQ1CNCvAgPOEzLYxG5CeP4WcLyuBFnWDdhtCjHtd5KP6rkIJMPEkBlT7ep4ZqigR6MgQIOAkmpN3Wmxrbjfq+iWCYiFXKkmMa9b9FypfCoe3ycQiqls2GG9PsWqQ88NOWLv8DgJ7wly5NL2wgBoCIItymCquxtZas4MbJoXWnMFnBhBK6CM1EgI+xCCkAWECiMmIUzSRVG4mR7pf03ojDXi0okjJyXx0S3vd9qWzZ4pT5fL0JDnAWbiDC0G00gqNT21gocfYAszkRAYReZgAFYQxn9EU9Sjbd/SoHmYrV68WS+V9hw4JrYwE3qkH72ttNV9//oUb568QSOa+Y0fWrl3fWFp+5YkvT83NPfCed6tcIfJyfeVQO5X9diyGJCXtTCVhHH1gnGu+Ufa2qCR2iBtxUi14NARoDbS5nu+y19P370Ockk+yrXvW7gvhYpyYvLoiXdsojBNDyqieiYLH9hCjcCpreZfS9cW4iIbGwWZCAwiylSgVdQAAEABJREFUgXQoaQV3wfEGnolW56rY8f12J6MjioznunTprcq8xIgBwyrJ2pHCwTix4qh0RNNt91Nbsft91gml4/QSIgPjRJi7bBncV9uDnZgdmgIirlrFgSkq09CzbfnFn733x/76k51OqIRR4KRBtlcOAgp6DZ/48o0vfGV5eqbwzvun33vf9ImD5RP7EwEoS2udN5baXz29+eWXN8+eq2NDaV04Tx/CNSF+ioKHZ/bFH/vA/LvunBBjF26sSCbZMTSAMR4lO7GtYUdlxJ1wR0kbdyJ2UNrd3uefO6v/UscD3ztxcP7BUwcOze8YHiZVrixvPHP68uuXb/TDseA69qrI1AiSqciCxHVyrOF2s0V/oKJorm62ZmqlwbNPvnLp0FylfmD218N838y+jYff9W/ue/jYf/0v3/3EH+SOHp/J54ZF/zVKE9H6eqb7UY0rAzsXDr8nRYX4YuaqLKRZLBMH6cRyE0mIiQZ9JEY6iWeZsIOcyYx0sExovnCVMTKKEg5nt9NBOWeFg5hiz/Jxd3SglT0RJGcDv5Kd4PSGcmlYgu4lt1835ZbOpzQztKxNJrFDarm5yfzKemeJvtDjJ9732Vf+sN5aN+MzwvETmfEmHBwUUjlIUPLNWmE6K4y0JhThgCpGQLl38u47KkcxlF9rpH4lN+2McGp3NsZJhhE8fte0QDI49TJvzTLXg1YlTOwy56bhZcqeHcG6PR/9w9defH3l537koXfeuSBuojxzbv0Tz9z4o+eXe6RZmagReq6zhbnmGQEp/p6u354ceBwlYzFOhBE3Um+b3Z8pK7fYptwGnrD78nuXOVjzQ4s5sdtinG3ukdSBwSMyXcfAbyMcGjXCscfQd+x2Q86tg14UsNV7EjFXKaRLriw3bqw2v/ylS/r4woGJuYXK3EJ5ZqZUKuUmJwtqENFk4EirFzXavc1W/9pG++Jq6/Ja+/JqE/KXI5YrtDDextg5tL222XZfZvAtEm8r7Y2O1C5T/cciG9Vjztqfkiff3nGI2qlT7/xn//KVX/mHS5/6hHIQTYRxpUSus8RsVRLp5NQP/zfv/Et/Vdz6wj5da12ig+4VUiTneUZP0aE+hJv0wLTp+VNz03P7Fmbn53KFPEFehZBrQ8UFvwG6iDgGAr1RfYw46RPB8UzaEc4/4nF3OevudiZ3b3vxoO0688iOTNz20dF2sHnSYLeMvix1DbNLoxtb64kb9cKBPk6gievfsca9RJ0jWyoSCruZpY7LDwVCSrqg0CoO4R2QdAmT6bSb7Vaj2Wl32rBIT6FO51tSQB8ZxqRPN1LyB+kHuUKxCNAmlVK1NlGuVMD4nvMh3MTj16TRwlEXkbbg92GNvaZ6mM9Fm0DBxo0HTWRGZJ/rUA6X6JLVXA11aAr2JVNfgNkcvKp9/XhY2OmJfCEHzQRkEIjSoMGMQVRgdDXpfMjiCpWQDw6REHBtKxTw0YZhZDVQ/ODkhzZeKhV/dBKhzUdU1kczzvB2vzGQaHQqI0iLly8U/Bwn0/Exosd8J6jZN7l1+l3IXdCo17c21iFfUq+HDhHJDmXhGT+yxxaQ5Kx0ybFVGTLNvMPexV5Fxmv3CjFWUe7FmQ/dnfV4HCIwouyC7IyohGW5kde4h1KnRlziHIsVM+00Y6XPeIyklLanjQOEjmM8rEcCALhqIaak3aJQLogugYiTFkaS9RWlrJKwtFv7rSExBaz7lsKsJ0RNFRZiC0TSiEUKGmaSwEt8TqmDoeEEcAI3UxgKmdkcG1rm1+ckIYpRofEKRPUECR+4GlKJnjAYJ9SZ6OMWMBcC7hVCOZIUfuIT+hF3i30896m0RsXYKijsrBcJnk2qFf+0lkOZ/njx10xwfZVYHyOtO5bITGRwUPFfxJbASRthhFBX033ModPHMBtEOoP7IlIjIJMDusTgZe0AMz5wFWv0cQuTxnzek86rZRTnsGN9HVKw8cmUM8PK9qvd3tJBJ/YVbU8mkGIGumgE3dNMbn5xvtfvr66szsxszM/P6ymhuUWINh2nBvaveEZYIXYI3kffd2U7YefRnhSMbsrn88V+sVjqNBsNzadWV1cLpWK1NgmEhkcuXQuvrqWHXL6g75iamTwmjp157ayev48++t6ZyfK3f8sHlq5eq7e0CLOhtC9KyHyQy/tFsiVrmQSIWqiOTM81j5/S0//KykoYtsGd63uBlokB8I8glXDZPtAMM70J1c2LLSyJYtuXVWKL3zjdplKzYmi/Uc179yX2uOySLw69iWCZjeFx29dO15N5g8RFVKh5Q1Y27fvPqUKpqcLLrfZTF6+IKHj8nuq+yYrsEcADBlkbAUhPIhQGo24P4KL8voczBX0hvKgPnIfIViKaPwHGkRCJ1uw08FSlkO9LEWJWXeBplN6sH2oCHAkfk9n00GLrQbS/6nvELxGdiyBPkCj7hrOyiQ5FaHSwoljrF/IeRljD8oKGbnRfc2sa1VpwD4I88FQImhEEHhYSmcegF0VBjJHmF4oSUIHo6ROAhgxkDvUBcueSvd1Qe/mWHZs7LhmjUjnLn6l4aBvtR0ExPzEz0+t1w7WNiHIzeYh643IuHCIY5BcJyiyDYj1GuwqL3eaK2hChz9mVKL+AQbDMVP4ZPsFaCwHHRGt8CGkKz+i326vXrlVqE1prCBVCmDKqGXnZON8hAi6QMkaOCskCToRB+KAK9QOQkuI1E0EumFpc6He6V1+/UC5XZhYXirWJfrN18MThtaWlTqe5dvmaVrtK83P77zipTV1b11dee/Lp2ZmFww/cW++2NN3vmoXX9ApWwjJ2GOo+oQZozKCcMQ4V+toZpntTpLO1RQnHuLDD+jKXQlq3eiLiRB86OBkY0Zjvc7bcNtpXxgxplRZhfV0itTU1yERtya1KbYXFSonrFIdnA+Fggto2cNUkHTEVVgb1364gNS55QYsLnUXvTE9Q4rA4KOwOj1effm0Xd4RlgJ3wTmIcDpyN73Z/q6FoIq6D5bZtx0Q6SXVI9vRTVpN0nEXuOad/lGM3lipjkvMNUpr97crB+dI/+MsP/vz/+nRciTvv2LTJ2CcUdLWy3P6DT1/9+GeuCZw6E7XCwnyh3giXllpCuBzLeBYNrgmNBsI1gdBaOB7S2Xc+OPWXf/CQGLuoONqGaJCd7xYtRonEXjruxOnpMUX2nZV+GL32xnX9d+eRxe96z71iV0VX8okvv/rqhWviTSojeMZu2Yk4tDApdlu0cK3Hy9kLF4KTJ2rlvD3+7Nnr+ld+/+R/DPNNNRA3ksuf/84f+P89/sH3fPTf3vnyy9H+I3dMFVKXhLl8/+Xn5TveP+rxg5MzPpaabmoIC06fMpxIOKQyRiJx7MuGywycjemq4XGGoUmHC2fUqeLrXewTE0inuE7LHuOGDpyNw+8s55Uxkhm/tiFxQ/qHrjHucJndlc7+Hk3Ut2hRY1xxkz2gnK0z9gxHkuYRh8p39cJOvb+u97Ua+oG7P/Tls5+7sX6Fza0c4RSjm5gdPo16pcU1obGhnH0yWYGZ+MGpe4+XDgjD6Sq5aV/61hpr2jkGxomyb6TSr3szXSWEjdXAreC3iBFcEuP01XOrP/f3P3Nof+37PnD8j7/vaK1SGPNp643ul0+vPnl67auvrtdbPUF+rNjRGD+XUytypItwxA/GGI/FC5bSPdt+QjrhuJmsF3YOq8Gzw3pK3Uw/38byny51b7RgiD46n1ssbi8pDSky86dMH9o+4iTzaDKQg08Rkex1+gCbi4MvQj8g7wtGPYlM9Ik+cvXa1uVr9Si+nre4g3l5zNacpT+PkhDjFsNZJGOZsPYkDA80R2xDNxpd5zUMrbEC7Vj9LUXCcWluk4On+B/iMLvzI2aWXLn8wN/4242f/KkL/+k/Xv2D3+s1G0qw79floYMIKH6pfPJ7P3LXj/5YZf6mYs5usliBQyTHX7YF1vSndgZqC2G5Ui5XqzPzs5PaNF8pR+CD7zHGAvvbWDWxsQ4Rlh4kPelTEABmDSDfH/kA0UIlooRL4q1dxqRoqcvGp4Ouv0058K52h3o15bCX1JucK97ggQ+reWRxUmF77DtCU7BiB6TkkYEGzm6n02q2mvVGV3tpWq1uu6vdkLhoE5270rcysXE60oI9GjQqyOeKJT2uKuVqOa9dRuVSsVyGJaCYY0NA7njlyYRyQYgCEKsBCwG7+lkCUHZ6eDi0L56MthLUfrMbxu8Kb2hlFc4JI8k/TmkyeBRTvgwwlfseOqzgr5Ar5CBiw3iyOeIHFu9zRxF8GKxAxZWLhPeDaaZCDD3pmm/rSW5MBvt17WZmJAjF4oxUmfcM1CGQLkn2yiM3kFI3vlDU5lvtWAOEFt/PEfGCBbXoG0fC6nXa7WZdf+ZGY6uut5BBAz6AsuYPSUkGcZyk+10Ovo6VDMVYRY1xZJxqmFYptyW74w57KNbsvYS0B27EmFEML2kK4xkrfnyI7P0mpRb8NNiH2oXdaTc7zXa7vgUAWjAxIKsOjgqSWQSDkeBXwrllvPzSM/KFz/SEzvs8+xDHn356lIaH9FkZo8qbQYqKBhMYZfUEM6XMMZr+itUUj7Va9GYbUtw3LReYHAfmDrlXiMfRvDOBMZIzBJHdOG6TGJjr8Sk+Yk9kfZxU5JCyGk9CAI1f1jEmKBk7wJQJsWEJBqLlgLz2o36IpKsHq+k7HaK69o5YE1dG+6DANUd4lYawC5H2KCbNJYOvNzio1cDrR7skDbsqb22kE9diIoeeMlcIpTI8vLRWHrCtCoW5+dmN9Y3z59/QLGN6ehpgx7yUlsvBd1LGoZGRiR0jAWVviZ3xxgiSLAPMbFetVvv9cGNjXXsuS6VysVzq9xl3CPEYiM17WirV1KMQ5ObnZzc3NpaXrl25eG5h8Ujt4Px3fMe3/Jf/8gf1biOXr7TbG/6mXypU8n7J019cu/H1W+iZ0I4OTU6GR461Go3LN64H5bIX5AWFpSELpZnthL3GsV0qthVuA4iceNnxhraMO8f9LvTcjOtGsD8rWYrbVVLPcsjZjvg0L5LjG90hx71O9H+b7oQxHLnXSNtCxYYqYW0rvPQP6F2g8iUt4jWlfzUMX15embh8pZQ/PJWTgZ/rg6jaN+vvYUboEUst0tIshiGHqBoZfCfPy0kJciOyGg9D+YCh6GEMq46A+wQyV8nllcBIYQEiM0QCdnsY5Cz7ngJx1+9TzCZIohRF6Sk/F2CgsLWxSu48eJ+IDMjgksEsasCK9ezJB4VKKYyiTqsF+l+rzabfkubVAXE2LSAHIifQxBzRPyTOo8Db6/J38UiuR0CyXNEnYK/UdzQTJfm5bt943ONih7AxU0irMdMBEiwwQZev+3lidkb3XHNzK+x24ObQx2/JA1Eog2UCKhKkLWKcBFa5HIlB8QHEFCGBxLN+ekdMcCagIVzMvY3rGwYM2G8x3FBFm0tLW3Ozi4cPtiF+OCSg5YgXwrLzHuKaPGuDNZIly4EASEktiVmK4h0AABAASURBVOBtPK37ocbhzcwvtLcaV0+fXb26BOk+q+VWr1Wbn334PY89G4jLp8+sXFoql6qz+/brul5f31q9dO3lrzw9f/hwdW6u0WxhGFNsgxIOIREOLc3kegNfbQcD7vbTzLdP2fM+UWIA44TmRbXoH5oOLq32+Tr2k/G+NFEaKvafGb8aChO86tqeFew/U5GT0kbFTx+FcZKsX2/uOJCbKLA2JM1a7dgiz3PEocfW3cbCgjJLT+IL6Rj71E0dPK1lvIoQjRria7jwNxDCiTNJCk4y5d5I/iYxTahUhWZfDm4Ng3IfHW+HHR9zKwb2na0yW5nciuQ2IeVkSjzuOLLzQyUbb2VVtz1ysB61y1n+2D3Tv/SXHvyFX34uq33Gb4xCVmTmL87QiGK2Njfa+k8y2pbjb8ZryJvIugkbqiAgkuwCxKoeum/y7/3Zk2InhVplRWsUOq0pwUxU8oZzVIphfolYU9Nkc5ccO1hn/PLaG9ebnd4PffNDYuflo59+9sryungrlYG5nTgwTqmU8uOw/szSbPYbnXCi6L/42pn9+w4c2zd18cbm8vrm1MLkZ6Lc1XCUWUBNzz3xU3/hK6+f/q6P/p9XbrTmD+3LdXg1dliZ2FpakWvLtCJzu2JVyN0PlBSpEZYBCrbdOEgnVn5TzIqSmCXKQTpBQ7nkKBAOcUbk3igWCyMHro9sc26dQgwinRCsivvueDZyeLSh3TKJmJLso7jfnAe5vRF3iYUQS9/8dVOU2POihhwdjR0C5Uj1vjfqL2z11tC067371AdfvvLc6UsvGMnNxJfwd0d/D48QGhUeK0IMVWfuYvnIy8vce6cequXKzFmELOcmAy/vtsFtZ5Ru8/bFESeU3WR0xsjbWXeO4UX49VwjiSVuxI8uX9v6p7/5/D/76Asnj049cHLu6GJ1cVr7cAPqAE3Ntpq9eru/3ugubXSurrRvrHfWN7ts36O1kpTVF7mtJxPPTSlR0hV8pCNBODGg0oqjcfSMHC6e7KCLbuLK210+ca33zDJoKDNF74/tvxmYE9zK+JcUCbolnW16N/N31jNUEuOERlpQzrXbPSWFE2siydIaKsqzY+NRID1vHKGC21BwpAgdcfbxODoPaK29wnEYCTYRqTjiBDF+2NMghI2CQreQH3h2GLpDlUWu0W+O/ppEL0qrWLmnuLMV/SNvle5fOXDw3p/7C365cu7X/xXGBcBXOPGj/23tzrs2zpzJTdbmHnjw0ic/efrf/xp5OLWcfOcP/+hDP/0z4tYU+5IJESJREtwyaYKWtgY1pLe0GVVbwKpTkxO1WnmirG374CEEB2EoGMMjio0tyjPBNjCytMFfe6e0tO9j+u/AZACHrAfKeOgFOy/23v/6Niwx44jpCWuD5ADqI54HTXzCjMnlcm4YomurFzsqCW3HzDHcxw2zH8oxo5vRbrXqm5uNrXq3BUZHSMEE1nEQCsgC6s4/XMCpKPYI0TRy+VqhVKlUaxPFYikH64kLmK4GQcRDhCakEEjFDQOnNAKEAOJIDzqh2+kC9AicDzm4I2G/Tfes86aKe9YQoogcARSUQIofeFsJoSckkBLwamGURrmsG5xHmJOc9m3pS3v9vlM1ONCJLir0u5E3IQRokJDAaUzzpHHFSqOBerbDeVaKOEpDZTijpZG/1dCPanb0Y3UPE2EGLJkgqE5U88WinpiCA7+0Vh6wBwJdGtrNXN/aamxt1Te3ejiRAdIAhS+0eAsRY1p5g+uozOeww5K93SwJ0hGRMNVuM2hdsuU8Zfyh/jVrFrYdIIefGrMm5bKUuAz0GcgAHgV7qvhrUviCnul+wMdpJumx1O9AAiztFOt12t0OgeVEFI4BrhDGuvKcUaVMrAlFkCDHsBlqcNG23UE5heNbBMOIcBKAlGc8NqVhq1E9ocQxZpZxMIgk7VjRhEVmL1QUd419ZWkoJLnXffayS4/Rj1gMlBjOFbNgWgApMnvbtpZHbFK1kY7dauj4VwM7kttMehl9J9KuJT1AUUIHdBOixzbEpDnaiQlEuduNmCRiGgdOFkYdahsZUy8lYkmV2pFh6jGh8sJeMY4YbF8n/cLbjHXj6HOfKHZX3gbpdWzZrleG3GX6RrPrSqUyMzN9/jwk2dGecv1FYeuxgcwdgsrEatJxL4hzSu2lkJcUdXXNWgwqFPJhqaQpTLvdXl9fq9aqs/68Fjxx/EVoKBBAXyIKSxP5XOBF4eFD+1UvPH/+jPRys3Pi6LF9Dzx095e++oqKmrnAbzZWN/OFSnlae4GRSIVKM0IhilIenpltHz+pX3i1VQd3euCR6Qwj8ghJiXAdfLdPhXWPjfGKu+ybvWNvOwz4uCVl/AbwiIhpoznMo0Xx2d0OQhBt2QEfUcVGktQaNZq6gBYGIlfuCrncbKrNDf/cublS4E9PlUtFPRT7sqeJJGUe1cIUAs3l9HzpdiAjTbfbBsS5IBAkgGNosAy8sA+Akpri5oSPSDqw8hd4CRLznOdX84DB44GiD3+aOHvdJmBMIjuG9E8wIQF/BIKeYamvHqs5mVe+nxeQBkUZXZqjRASJdLQsCQY9xClrdqbnWAmPkNBPoZj6xfP67YIcmqdAgvcxNgHwVzBikTgiaA7IRaDXgJP0CgT9IoVWBwTGhJGWEXe4eJPH3i0tRsT3jRUSg21BxYJ12eXaBOGzNdY39MhQDDIZ2Ztp7HHqUMUr/TzIVhtFZPo3Sj0xdwz7QZsMxDKN1bGQ9UYZ8Gpqn08TKNLjvV3fuvzaa9WpCZHzUfwJQnIP8ARURAgR+E2aQRUD8VHYlBYwPBCwUFCSPqAtavUkH1SrtdLExNrSda1lFSrFYqWsDQ6FqYkT9929sby8fm3lxpXr+dKRhQOHWic3Lrz46vnnX6rMTn/oB36gHwQ9FOmSPc0CijlyCwNUv2Z1jPHKKG10mIVqV88Rjg3U+B54+6G7Kv/qiQ1zwI08tBEhvO/Elwhju49VblslR3nED9kO44T5DYn4XI8++l0Plox3nOeDNYXGIr5kHmWcI6Sd8ARi0xB7+F2rqjDbpJebr/Rw5eGoDvVnx10I680X3Z+yODful/UCrzTvHjhQPXKl/oYYoxyeOCp2XLhTbeOkIwTYgSpTKpJ7pzmi3nyMExk7VkdinFgNbPClBvepKAPFYVVTl/Mq52LlRlqYbaKSWO/bQfmmR+Z++a89/Nd++Tlt3hx2TWJWGpWSNVf+zKyBGusjhXyE0nopDN4JxJ2Y/Yfvn/yHP32H2Gkxb65EPBQUT0eONRFSxC4aZU4Y6TQefjJZo9h71nTp+upTpy++447DO7rriy+efytEnCQoS0rvc2X+nXTazTDnz7+49OF37J+u+FtrVz92funhuxfPz8+8FubHjOjrnrjjt/7yL8596bMf+dhvTJ24o+LL/uRU6+zr8hIkSPL2Hxh2Y3KuZUnGKja82GPjdIxMX+yikgiHoRl+pAaQTpg/JmNAhYt9Ynmr095UndyGQaSTOKKUuTYzZAcHJREhGrctRUV5Vg50WaIXTQSeSNJAmUX0Bku5WmvWN8Xbp0xOz4qdlj0lUFJsjx2iVYMj1fvPbT3bRLwTffaeA/fPVueeOvNEu9PkNhkfCfsg2Xob4nJYIwTQPqnunI9GTOVq75m6Nwe2Zh635dxkwS8NRJO4MTEZ7UzKGKl3ZOHROaYSF6fvyQ5l4XnkGRnSRGyYqBqSil0hAe3pyNzPXtg4+8ampDXR8dYUz2DsS0bB5Ew6pn73udQU7FXPnRBKOKh6riBgDF82O48ySCciA+nETv901yQvHOwgNbh/m/Wwj13tPXmjr1/w+IT8zv35uULG43/zYvfZFXAZFgPvTx8vFm4OcyEVcZIi/iJF8NwbkxeLERfxNhHbNHOodvnMqotuAgYpSJSshMmzE8kkDoqI0VAopkR5LJvhviC/ROSwdcUrXzhCxTQFjkjKqmNqQH1IWhyUg3MVrgFrMmoW7SdlCBm/ppQy3ScJ+SwON3EuJFOd6U+70PYWFBfRRFtnDn3Lt+o/OnX5j/5ImbNiGPm46SKzfrpiSeLf5D1pQU4MFU6qU5PTc7MTExPapA8L83BVHnulIHu9SjwcuhsXhuPScPAp4hrXAHJ3gJ9bUMiQ9Q6aFn7Nm2jGtETZy0hRsvgcjOThgMpIzOSC4DExej17THdbpBXL8BdxDSMBctwLgHdDWoxWA8MRep1OiMne0BvrKZXIehwPR09Q/hk/CAqlUrFUrFSrpXK5WCpRtIwHLmrCbpYAyw2NoVBrgVEulD+nbyI4KBYElt5LWlEQJSbZYD8nwXRiegEZouLUAxJhSBhIBoN7EDo/kLrZuqmlirZ+FgsFCNQgAqXQAev4MmExBvabQUGITKxM1wADxNONmuG5rWJtWSWm72DEiUTj7zguvPganIoY/gUYJ/qvUilDxImklPLEsyDlDqGbbK6vN7bqEFTUbuuvjOyGoCdIrJHGlufREo+kS1EOfgIzhAT5ZjCkQOy0pIne2FVIKVKRUG8FmrOXftg9Kg6LkC6iSaKzbIgWW1U51YZPwaUwj/uqjzl0uj3tZuq2W71ON+zi/O1T9hzMR+AzOg4L5MqyBp4ckl3GxDRww/hYgnaE5FRQwhEYrC6b8plKiwVIqWCEokUUhMNsFBYTVmLWY5iIExURFougZ3IgOGLKe9wl1F2xUC6d0D1+J37f+KPbp9A9MtXVJJ+zMG9PKq6H9jzX6S+GF6PkG+u5YFKDr4r/AoQUpc3DCLNeCEBlvQiC/DDYEborUryo2nmekQKkK6E5BMpQyAFwh1gpSdG3JB/bfqa67djmMnfey4EGqPFExrd60MkwqqJYIxxVbAAg8TCKbF3Yt7C5ubmxsbm6ura4uNDr9/OBn7qF/NZ63ltcE+UUFmv2kOoaoRWCToJcqVDEbHVVTWQazcbKyormd7Nzs/TciJV83ZBQYnCVdqlqPl6bqMzNz5x+7dyVKxdq01OaWN1//51XltZX17q5QIXtbn1rVQs9WnoplqoCOXweA2u11frYvv1+Pnjm9deWNtY0XfMBc4IKrfeitZmM/sJBakoNHc5ZZ243d4g5uHizihWCd80aldmovX4PMzU4NBITh1uKQYYV6eULmjt1++Fav3FhbfmVc8FE/9ChgweKuVwY9GJ5EzkO4J0UchDG0dasstPH+GXI0Shj7dY3yx+Jo+gH5wPYaoKsa/MiGXheOch5JYgM0Uypr1vR8LvtRh+DTDyQyyM8RQGFCFSnKDGndgPmBUUnYMCHitVVSaM4MuRbAWyYVyjlJQrpnVZLS+DddoeUhHxRBVo/RBmTOTFyiaiPDk/8EhD4ACkqSczuM8uVqlBWft5nAmGY3NeYTpgeispaLPhNIxHPPpBzAq9cq6HcoRpra71ez7fMVVk2xv1MSDSKKSJHvElH+PEw5g7C53uoPQSBH+TSpr4hEWaSjfsogfiowqCPXKv/zY2NaxewZd/PAAAQAElEQVQuTB3YX63WyODBiX1SspORvWAceHYhLMkcuCYxpBfVciONGzE1O1Ms3Pfil7507Y038pXigRNH9SX5Um5iunbg5In2VmvlynVd4bE7j08vLNbXNzeX18585dmjp+6ZPrxflPKgT5redfo+Eq5A9o1yawpJvqkSO5XMAbGjGpO8oNnvl4NADXqkcF4dnAzeeaz05XMtwZPFWkt5393KRKzJIMaJ4AXb/Bbpe4fVae3sXI+QH7y3cGAql26zwTjRLW9BlKC0fg2SobFd0sWRMAgKTrgJNk3KOOaA9SCGMCR+CHXVG+1qpZjZx8FcwZ8phKsdsV3Jn6omfnuBmD4l1k5ve6OcPgkXO+X+uYfHCTqZL+87UB7qjt1a34zdn7Ftxf1pW5Aad4mBZW/MeEYolW81sAyMk3H2U1uxs301sE8DRYjYGSZEUi/bZj+MG2lHk3Cs81KIVJSJW4l7Y6qY2lRns16oVcUY5T0PzPzDv/LQ//Arz2mL4vZXK4fBmDgSND1S/l6PE2wTromZj5JwiSzGiYre/675X/ypHUec9La2+GOIVKcRvTCDj2chedmEjewRwu0xFaPLxBWqnNa8/d0vgB4sX3z+/P3HDuRz4wBpQGn3+l95+YLY01IUY3zZrJKak/FP3pM74iaVEnes2lVI/e98/uJ77p2fKGqnhnej4P27qNzZqUQh5fK7v+lfPPTYAx/9Nx++fEa++KxEDEC177B36Mg29ybkSGUIvRiYo/BTGquRyqrFpUW5qNHzKpa8yBgvhES1yLIVFWUhncTIKELYuBCeFQmkE9sFCLjNYVgmj3NM1oTFMomRTpgcSoOY4iKdCIN+hGe5nQXZzegxA4Bi26GcnQRDpZfP+rj2onwouskpNTE59fYKOpmYmkkdyYVDp9MOptnI0q93gmpBjYFxYuMYPOkfm3jg/NZzDcQ70Tbm+drCtzz43S9d/Or5q2fYCSSN3dagnhjyK9kxFctdcI226pwsH7y3fNg+Vz+lnJvKZWGciGQL4+goM2uam91xuiwxH3fYoeDTF4EwPINz03D0jGf4GtrElY1E8ZwwWXq4yShk1ndKGxGCWj7qcfGW6mdkTZ6z/FxbG4kfnhGQHEGM6Eb8FI+jWAzGiX5kvyWGdtzuRmL67PrG1tTkhLjF5V++3j63SeYd9eq6OLfV+dk7CzbupBGqp1bDzy31mz24ppqTP3EiPz1upHdG2dhsuD+lsx38mfolB09m8VGVhXFCH/+R7zy58m8aja0uQuhKWjEDk4+z4aBPRToxJSLGJuHIDINuArqOR/vYAE8qQ4vN1sQNo4HNRpbQXRR94o60cjn3Zx/aJw2fUw7GyXCmP9hVMtGbjkVO8PiOL5DOBTsVB8YsxOiUo1cmzgrmyMrJIrznJfPN1MizydvHsv9Xp2qT01OFgpawgLmCm18ZcxEoLZJD5DHggFxVSoUsJ2hfgDaPasNmAM5uXAouhFljYD79Hn+hjM+xa9v1HlXlOLRs3HtGzZmVk+uHEDIkm4kDWkBPESfDbtx5kVbblJZiGXdsX/sftT+m12s2WrDTaXdanX6vizAAlhDhzPNQm3XeQFcDsCAlyJ4DYMmlEmTSKRUg4oHSNzCaAAqRqDASHgji4UtGN+lDIS9YxHghNrxlJMYJvQnnl7e9Gnm0Thtu5KXZmjJSOItiIBnduzk/hwWjNIrFYoBecFxPyF/GBIpAzwGxpXQ8sC6VM/7QNgpD28tOq1wlVJLZVsXvYTYsO9mbBodQptqVOBLge2C4SUBBJwA4xBSdiZhuZavRamqP3dZWfWOj225DUE3E0QDSruOiNvNC91iCt/VImVYSBY9wfGDKwXwLnAspv5Vy2jDiiXs0j0ZVlXKl7eETb29R3IumP1Goj2DlMsZX6f/DsNvXe9qE1MXYhW6fAK6Ejb0gTGgkGghUwkEkPEXIk+IHDBRCMdkCkU6soOyKAeZ2VHh5EI5oPmMxRioOk2AFxf0o0lQOR32WwCXh+khqoSfcoJNYLhDCLIo3tdEq7hS9dqJvEzJNsiTiVG5iyEinNqC3ERExWASNOFrEZ0J0SwLdxZQ6fcEJhijXort+y9Y7KG6RRkZOANONQsgEacC5GRsiYtqXZSRxH6cGjtHHGzW7Uy0dXsbq37d60Im0S5QSR8d6OxXPaqMrSlmpVrXn/PXXzy8tLS0uLhgGNUDKVYLGsfjgXMzTKfE4kbb8bPNuIhZTJNULslGQ8/P5HKRqmPa0rLC1sal5/PTMNAY76ybBIko9VTXX0oM9AMkJWLImJ7OzU+3DB27cWL927dKpO+7KrdcfuP/Op595TROufN6Lok5ja72YL0oIvtHyrN/r9zylPf1yamKifPjYel17Pertdtf380iiFLqM0IkqFQfBpzVoPijtGw17V8KLGmvgjnvZ7Syp4ZY5AIc1WabHyTZjN2VAHKc9I6qKthmIzKmwwojQbgWmhVOIAyX9XK9cXt6qf/ns+bIXVObmFsulIApU2DMsgdkJhjDDwqAw6oVG+gzQparYX8+iFiI4KMxZ5yP2SNRvd/UVgQIRO4CEiJLQJiJPtvWIDzv9qNcj8TMC4ApSz6M+ZDyFTHDasRFYZqmUkGmqak7YKed5Qb5YQEau2p02QA62O2zZw6hyD2LREGBIkPoCJAAfDFyFjkHkadvoQvpgJIo1PZ8K2B3o3JOOnJxqktP/b5MijRfZEreMaaqi2BvN8Uya6tZqerRAuG5/XYWYeycemDyKIN6E5GojRviMXRMvQSBZBeEiQ/refpDPaIPL2BNBo7zADo6ClCeE4kj15cuXazMzhdlCp9PHxngsyaCvD9pg0u7oM2ysVJyA1H5MTIAm0NHm5fxADyqtq0wsLk7Nz9c31leuXJucnZldnO+2Wrlq+fjddyxdurx84crm8spyrTJ3cH720P52o7W1sv7Z3/4v3/ojPzB79EBfOJ1ET1LSZRzcP5kfy9EXkjs3IXl93ReZjhu5qf7s9MOS74sUxomJM9B1f/jusrbtvnCxY2ccSR9mqwa2VI1ytqZi01K3BlNnuh6RqCGu5+Hjue96sEJTj4i6MNdbj0uz24t7CyecMsv82EVorpVktLVjmyJcZZZzhJpqfC3tTm9Y0InwZelbF+r/6eLoz+LNF4sPTqUOBsf/WH/rsug3R9wocxX/6HekDn7TgQ+9tPzcpfr5ETf60v+Td/5pSvOcWbbWt4bfbXrMTn1HRhgYk5m3QtFUM+e/WRgn7nYUxonbNiESbyuy5hsB9CqHlaohFnllHNiOKKpS0Sa2W93SbbXHDDrR5fH7pn/tFx/7+X/w3NL1phi7JOYa4ppACm0TicIeDmExTkQUsrngJ3/g2J/+zoNi56Vbb1BP4eOduBMhspLs8BhDedHMWDoirWSViErR+3nNDMVeBp10e/1nz1x+7J7tYhpMeea1S/1wj9NxFaOuuPmSHMcuSx+Tn/hRa3qmurZat+ZXIXagNzWb/X/80Vf+xz95n+/JZ69dmS0G+YUDXbnD5erNhnzqS789Mf/h7ouix93i/cTPDr9BJeeWQ/rF9sVysGGX56Juz6vImMclsEyENT/ZI5bRCos7YuaCgz5iLdiDdwknsjN91vJN6SCdmA9tjHTCFSmky4VNy4uizUTJskGnQ8Yuia5O9aC2LHSTw642NX398ljYXW+RMjE5mTqSu/Vp+PqtXlAtyETQJBPNZLSHPQtnfBmcqL3jUuOl1fYVIvlaWXjw2LuOzJ986fxXl9evm4gTxQwBrZzS81UcB6wMpVZHygfuKx/Ky8A8RUsauUp+SssbKVIinTbYFjqLM7id9c1m3OrRJR3cmr7l/2HvT4M1SZLDQCw8r+9+V93V1d3V3dNzYgYzg2MwJJYHBCyxFKnVUsbDpB9capcUpR8yk8lkppW0ZvqhlYm2ErVGaY0UxV2K2qVIAqRAgcSSAInBtcQ1mAMzPdP3VV131Tu/+8gMhbvHmZnf97736lV31WCiX3+VGRkZGYeHu4e7h3vw1HuottGLwkalEXrJaQsSK2PV+cbTiTBideFBsfZEIt2aBeF5N5HW4oRj63g+w239uh7dXuFzqGDz9QeNdTU4TyesP1DfWkxHojwUNWPocED9CK8a9tFo8riNTt7o58biRKdZXvzMjemlVnQ0l3tTeTBxTy+1o7/4QqOXngQPVdLR0bBEtqzQBNxvzSdgybV/qzGnufc5Q8b2jU72U3/p869/9fbr37w7nS0k+F5M0OuJNDYlNnoO2aOg51PPD4pgbyjSlJFmf2RznH0JUIMgsFkRvrYHPV5HX/7Yzp98caeTRo6Y+FoWAFnuLvjDAPrsLNhx8EUi3rV/YQobkbl4PMl6OhEhnqx5ugYSOqtkRSRLn9kbqHkuKxm9zY1mu0GKPnbFxKJQVFgJj0KQd1/BanhJJ8LZKiJTUnurkwNfXQia0358vmie5sQDlZPJAp41Z98A5NokIaMTX+HquLLloBZogiqWUnwMmQTmmiCy2xJy5IFSYSVYHvT7o+FkPEKjE0nHFAXJ2AuFYLR/D+1cmT110QcKViknadrd6G7tnGthbJoUXeZE6DFFVaW6hgJ2Ha9cIYScj7wpsoVn7Wc5lZuzOQg7C7GdZWBiNhM8I7bqONDZVMel2sIMido5j/GhorKyRiMl3z6qra12O8VgAhFTXrIr0ZTazJRmyKWphs9yok8gNo4xQ0zl6RC4apA5yVAUuW6jwZ6OG9cMVHlhhh10OljwgEcElALNv7IMLX6aLewUxU+XdLBWTR/wAdQH93YHR4PxYKBG3I6q5j2kU0VyzXazoNG9726Bz8t6BKw6I27c6kB0HcYNjtsoeh8Nvi9PdcLhTJI/RAZsSnP7ETSsKjtaljzGj7QdOvie0qRh0KuFUjxg9JzpfDqZz0aL+RRd/Avyui/QFI0girybWMWKiC2Vp5VCuC3xDktjeL444mPYzlQxmH28dihRclwLHyta2DVY0rODlzlbhguvmOmkoVLCzQu1TweT4r77n+DvgrarB2GOjmtWxO2RdUOltM9q5sIbdrk8U2+lSgkqEkHNprEdQCEZ6yFxWSCqot9ZQUHF8AV6SshbcEytiOvRAKCVgnrEIvCHrtTKJd2yh0uDDrqRDPoSvChqEo+A2wF52xPwLxySXZWK45yBiESux9Z9JIgGPNkwrzS33ZH1EoXSFjdiUCHPXQQ3kUjiixcvTibT115741vf+vbnPv+DinhwKBDGpzkRTlyJvG55+Ulc9jk5WlBMgDDnenkbwFJgDMRRwwVCpU9mSgg+wW4ljKFYHEetrKE0UUp9PWq1JuPJ8OhocHS0sbWpPqT4JqFaqOhzZI9JxUyQG2nz0sWLqpqD/ft7e5utVvcLn32pWBS//dvfSJOuhGQ0HU/GgzTNaLkmNB5RQ0SzwUhxCZ+68tx8PH/jzs3hYJK0miLRokzCWZq1whVCbtnQ4AAjhc6GDAAAEABJREFUaNCHI+vQVR67T/Fx37JkaH3NIPqbSRmqCwJIrlm/a8H5MU3yOBiLD/yLYBu8hIdb9oXq5zTE6odFUEoGKKEuRbR7k7BiKCwRitmxg2JVF4wRef+DiyDOJhLm7fiGjH/11t2jJP7xz3z845d22s0UoWk8pWmHHD2BoCxGcWctgOl0ytbViix5/k4koF1KmuugZhhPMsUwJJGC6IlijsnnpPqvnaay1VH8toIyjIk2hsVCHin9RYQuTaRE0QC5IiEGHUPcTGcgkzTTweFUITqtQp+hXlh/X7QbUUsMw+Xiri6WarMwFPPJTBH+uWA3vKLRbgr0bxkjiSXLBrX01XgoDlO1UPXIms/jxydTtDWV0VyM1beyTgGNJuKEOJZMYsFawXMTCjIUsyBTvxzgpAqAx51wW1AC/3ICZqY1LgN2sYg7qThudTqLbSTMk8GQdtZmI0Fk3FbIzI3UJrd6l8479CiOcE9Clnm0xyry6bxQcx0njKipjTJy7iD1nkOHHeRThBIYHtBsT3J9CMKTg/6t19+SMt66fAU3b4KkodrSCA2G1R4yYv4NOS1snT7qxq51aRVIDrUjZxSAl2LtALZ55/yFyXB49403251Ot91Wu0BVZbbV+8yXf/S7xe/ef+fd3Tt3kna8feXydDydDt48unfvja9+7UfP78hOGrczxcogep3nZLUFepgN362/7k1ClS+o0iXqVIAcCuO7yBdILdnwnEF6RIT8ESarrLYZ9LtedyAwELg3HG83G9KIzIWw3krMpjQS/97nulc3kn/93WFheFanl7K/wtNpEWforsH4ONHbNPsV4HPbtXXyahHg6cYE/NjH03/viz0r3xdQ9nHCOrPd4YT3EyzSoC0J+zuRZpctnR7bUTT2fsWLCsyOQmu/DabkoYcP7uye31kqfE/ONzb+R9eH/+2D/MbIGcubhN60PrPR+uJODd5Nmsnn/nJ+69fkw1dFXvGVEjfg/Kfia39cVJw3qDb+Tz/3v/jKzV/8nbu/MZiVbUeSKP3Y1qf+9At/ZruxI5an2+/fEsIJI6SeNBDWCCn4Yo2UE+wOSZY5E77oH8md8+ApbwK+xfvoI/2KynXlV5pfCH+F+Q16t+ya03AoRdgG71Z6vFswFCV2jaswRbWui3lzlbn33ge9S+fF2un5S+1/+J/8yP/5//Pmf/OV2+JUSaNHXqdal1bwUTZhTmlfvtz+j/7iy1/8+KY4VRrcucOfEALK/KusC7LjNp/CP2pb4sOFcJKpzWl/2G6KM02/99qNjz97YbPbOrbk3tHo669/IM467YixOG0qLVt3C+sSEJs+8dL1/91f/rf/V//pzxXuyJFG72uS6Pc+OPq//fwbf/W/+7Jix15/7XXx2utx3Mmam72LO72L20kzq31LSViGDw/79/c3OvL2rQ8kq3VNkn/uP0g/90WxdpK17K+sW6KUasfJZl6a3nk32eY1X4S+TDSAO18mvs8SRj7aZ4kwXklkracTJ7b2WFbPY4qh70xhC/NF4+nE6Psh9HQiLErU687VeTnul9CavgycnQRuxHQ7PPmwxmXBeGqUq7I259EoDvz3XHvh5ffeeHU+Pwv7qseflEzj8rXrpczOfL1l8AhpdGO/eaEr1/BxUnqqfq91Pr2ZXbzR/04uZ6yG3Gxvf/kzP/nundfeuPGtyXRCLzMcsvtIsDwhmfLLZxrnP9683Iub4HGAjbjVTHvkMPL4Njg5qFfm/o19fidMsi5zdVpqP5fCLIeU91jSbmYgOAZoyYo9HihJjOvYFXBEywq3pfGYHUXa+oQtToSxQYm0DxWfbEGJhoHPEHlfEUbvK4T0frnlIh/tuo6bLvi3paf1I7Yqydfeev/qlQvicaa3BzWS1TvDQv35ORtZ9BNX0h/aXtfl2Ip04+Y9c6m1JfrG/foLGcL7Y2gdiLKuVNhNmJnSrJF87t967lM/9syNN/fe+u6D2zePClpmOc2+jq1DAMS2JnTIz1mfCGM1YqPtaO4RIm1TwjsX0H5TRNkShWyYCPMrEH3+UvdHn9340tVeRpogKew2y9AvsxbAwKMAK//QI1geApvrDZ4VxBo/YlpNVDPkZ5o0zrG7y9JTPuRLDx6jp5NK75xMlG+D0qWX9c9xjYNOuyOY9AN5JcceFSSDksZfFQMLziaGEc8xoBXGfFEKiTSBWEcNM7yBYJ5Ey+Ol353TzFatjuoUb51akrPiRe4Ri6Sc1tPXgMqyiw4dT4e2S+pfJXabz2ZKBo22JmmKBxNJcaPF8mTg4Ds7Aa0Bzn2ZhK+mDQwB+JFBLEhk2OMI8odRvpjPprOFUiSrn/liNpmMR5P5VDFTc3JoIMmLtlws5kSSCr14WddLHCO2ttHsbHSVwLDVUQKLpNFooE/CSKj6qIsUHCeK2OM4W2OwRhijc8wn9si9GgQ8G2mtHpwmg9GJ3dCZ3hUWlZhBoMeFlsSCkRNyBlqKLKYz9SmMJNDIOJhOu9tNs8yOPBt003gV2gSDiDOHouAZZHcsUi8P/sc2QoN9weslQgf/zEqjqJ9YZbOyPBUss9rAfqX0Cud6rWqc1qEvbnJRmQBltxgbAWXX7bYa/9hYLEnyJ6MmV6k5ZtPpcNAfDQbj0XhBATV4OvSoMmZ1Vmos1Y7Mjd4/k9oFDGqMLGiVVgqARZ4m02fxRICSoA6Fy4qi+tgERvdvjgzXJLm2JYqs6G39F82UO/231Fslt3PS7iq1Q6CS3GHF3fKkvZrXvCkNd1ylqtwP0OTZy5dMi8GYamEJ3gaim3ZsNpZGOEEYUihiqpRXGENnMkH4R73Sggw7ClJBG/2C4Og4FnIibYbN2iU6RM0Ba+hYLvsRicE3sPO1SZpV0FYe2rmikC7fFjQYo+BzUKAdK2kSjaCRs1bIuPNxKNYYtgG1LdJVeboeHjAa20iPnWOcjdwWyEyc9kcBZhb+rTHJlK53vDoKUp2UzSCARM2RkXpJjQOZFaKFiAvcgAIbnyPKJaUonXxfqD8yOkH935zCHuVoZWg6Rb4SyeNUpA11mG6rOSwwPDYfdQ6gCmM52Nc5UJKN/CZYCCe1+E1ybCMBstQvcVyiWjRD7GYBimX1QHih94+2neEXmXUT4jhPwE+0p5NHYjk1DvdYfJpi0jdnl69cHk3G+3sH77777vPXn1e0mV0yIEwUXiwuz6iTKY1SUdtHBtT1cUAIGNHTcIGUsC7kOOmL7XZrPB33+4N79+4qladiQdiYVNo9k+6o3k20O60L58/dvHX7zde/+/wLL3W7F5995tzd56+8//6D+UI0m5tqeUzGY8UaZY2mwgUUo0cBQaIQ3UbaevmZ53OI3r17Z7zIabFTa7TpLZJ1PEFSkCbd7AhpHLSo8xFn7KTp1EP8KJ8srUL/QtaZ3EDdzmq9Tx3fkpUV683vuubwboMrNCWI6ASHInlxonDkIu7tT8av7z7cfK/RSeS1ra1mS6kTovEI7UsMNkKZTpoljKw5siMvK2OzT1RUs2SKKkoKNiebmYI2mKKLqhlgeDvZztRH5TzKx8V8hpGu5HyornO5iAogXylpwZUJZFjneq1TrKkYYTcYdnvNMEryaKk2dXEaZ9AgGI/UulBkRe0XqHlF1mohk6lgPcZovjEau0T0YfS1wd8VxKSStcqUWXWpOGxiEhLFf9v9uz8FshanPy3pmAZbDTFoYQobZ+CuQPHv3e1Nfjw6GhKkGOTJ/g60PNDiVf1B9l3Mem60lwejQsCEdqZRnDAO4jlm7ttnZQOeA4y9ohTCU80qNmKwf7B7+3aj18t6G2rDiOIjb0/GnI+e0MiKHqyGHowcAR2kTuVUwX2iFgIyHcXmztbwaGd4sP/gg5sb21vbly6olaE2wZtXzn/6S1/MF7PD+w/27z5QovPuzta55649eP/mO99+5fKLL+y8eG2jtcPiF6RcDOWrZsG3V/VRlJ/jiJQ05DGYRLsJl1LAUweiH1KCGpcn4qQU8FZ/9Ikd0hk7TRWLNPT2kn9+9Hrz+rn0198cvnlXcbhCBDYiQnjXbjvqrl27jD2K/yvFMh8n2rJEpDF85rnsj32ydXkj9or4h+880wEQd/sDXsRSc7aSyZVuk94S6KUFuiV2G6GdnZi9LoCvHzEw+d7th1/4zPUVAxt1k95PXxFK/vJg4u9zoRUlOytdgSeN+Pl/Wzz3k3J0T+QzPx9aF8VyQ0DVxP/OtZ9Wf3dHtwfzgWsJRM92n0+j4/09vPva26sLBAwWrHK5AwFuc09efw++fF5jkI/od5WPE8PGljpyzPX7N7R2XMNmxRhC1xsiTilOwK/vvv3e81/6gjhJajXi//gvffIv/snn/vN/8u6v/9Y9cdok7XrE1ubMZVy52vkP/93n/+SXL4lHSIP33pdunwRuAyOteAv0blczh86mwY6lG2Sz0g0LiZnnZ0e322esJJvO5v/4K9/46S9/5pkLq6xtbtzb/8XfeXU2X4izTpeKgXgMyUAjrE9EtlvF//av/vRf+zv/SknXdSWhylZ6uLVWLPjt13f/4/vDyz96gSUBeT4cD4fjd2/ff1fkkzjrtEEkcZqpd5VoLEqK+WQs4hlPdn9fVxI1NEaVf+GvZH/qz6xosI8N6p6sdRsSWulvhF+YffBO+1OGknj+QoRHGcEwqDJAJ+BRQLPx9ylduU7biGqdzMXKUgS6EN+4+o1Fi1xS54vxQ+GhcuF1H5aMcDnT8XGaJvvEW6VzeXwnFBWlWeOTn/+Rb3/134inIammqgaXMrdnK5G6DP45XRq9s7v9Q9eEWNfHiX3Kv730/Ce3v3yj/53D+X0dU0kW1y9//Prll3eP7r135/Wbd9+jiZLCxZ2hrmUbX2w/34vNuiPoVTvVVraRRGmpDaKuDX4ZCNt54817tSNVlynrCpaqLSeV34xn47wNETieTpvwRxaEDZXRWnnhOdDSPZJaW2/zpbEs0WMV2V9XP+Xo77pmet+14yl45+gVNQyqqZPtVyKdv9i/FQzGMWKfVU+lFCVej9Orb7z7E//WD4vHmTaWMKpKKNNOom4qnuvEn96MX+yc2ZGYN99mw9x1tpqaP3Q3xyaGbGctRHkelrR4UKlHX/z0hZc+c2E6XTy4O7x7p3/v7mDvcHLYn+GpVYBchHF26q7xVyuJIi2Ao823BK3aEIHFCeZsbTTO9RrXz7VeOtf62LaSOkWubaaFUPFxchyXAPbHZYCX7/TKleG0JR/P3v9T/+FfUX/Lnv7g/+Svqj/xuFOFTHpMLN0u2WuIwDTtGOKBTimwiLYHYMmVvhGBApg8UqDGncJ4pOSVI/ZMBD6kVEVZtrVnUpV4hCSrVia+9ziOzMJGEJTYfKdJRg/sJN4igbLqXYZG9MKifCYTkfAnS+cY4aX+OobJW8zULC6UFnI6mc3R6CSfTdAfCTobmS4oRoyWddDpPUvmmDklq5UCDzQqAGh1Op2NXm9jo9lukfFDxCpdbfmhLWjq9HMAABAASURBVDKA50eghjaXOpYQ2Zqg/Qaeu+csWehgOhDqk+sHGqp7ZQZiwSYbFFCCnYvi2X5VXKmrEkjjNGk0m/yX4nHOOLKaZstoSm1BS5MF3GZWY3MkICGd6Far+qmXvDvVSIuscrRWmcdOylDwJS12C6TCrjd2MPQiBsvrG0hI0lT3JU3J/XrMjzBAkpSz6WyKtkQj9TebTGbTOR3TVULalKsi83Qzou4CddeB6MaBotATWuHdTrRwHh1f1HzuJA1wqpbTaL7AzR7Xxj/SyRSMku1Y7HuCTy6vCRwU+bJwsHITf19KSiVJUfOMhx7ewcW4RNnuRMzRPcZiPp1ORqPpcLSYTbUdQ6HtUdQai1O1cGKtCDHmFMDBchhp4PlXbZLItiMcsobMTWKhLwAgMIgBc5LKW2Fao0l1RMYcAQwCkN6ZDbIWoaQ/FQt/iZmWMh3VtWNLsZ2R3w/THK9l5c2KgAogyxJP7HVDiLBSqde0FmuX6rYNRI9QbvqBXdkzUmHbIMIshKBy+ndBFnaI4fMFYlyldiTzFNJyFsQGalMgxkeFIRFSf1OfHxPCHyunqbRy6qgOInWv3DDomZGVYqX7yki615cl8H75ojANq//KidKTHV7nkTGoJTjahEnbFOeNVvPipYuj8fjmzVvnzp/b2NgQNIGFthsNPmwpmXqudJGoP08Svda1dFaeehZkXS+BgpUoakdGJ63haNQ/OsoaDUX5skaW0NeFLJ9fJ/0sKHbl/IXzb7319u1btz72cu/ChY0f+9Lnx+Ov33h/t9HYVG1XVJMaHilZIvpNAVKMylzRw3Pd3sefeU4tondu31QslJI35jl6OYsx3E9OHtI0loFAqWsDzIvvp2oq8cqP7TPmwu2WTgKWemMkPSaMlens4Csez2Zo4Hc4zN7PW1GRvvDCpY3NRpbNkbddKEInF7h8yMQyUnyawulT9BCG3G+CbD/GJuVPRWxjWOhAZ2hroMgyedaZFQug0wEC8lYj6kXZRDbmsao3R2ZvMpkX80WU6OOBMe0HQCxmuSAmO1Z6fplhCIOIHRXxjt+NieVoeLFTIJ1EKNmdRGuzmeIA1AaBvPxhvU1kPcnEVMkkKE4QPRGVrYvil6cSnWAXcZSzDTitbFwwMZ1NE0aG7DFlYq3pfPqSFRcyuSLX0BQ8R+2mNntq2ufTeT6d27mwHL825cMTHoVx81ZYCmnWEVh9lxpktaOLMRZSIvUHXalQ+An2S8L7ml2baqKLxfzo4V5768GV7kYBcaHnDT2kAW4rSRPOQFWgzx7bX140uhMMu+g8eo4filD2lDVb5y9fGvQPH35w4/Z77zXazVanq+A1yuLOxZ2L16+NDg73bt9Hm/qNTu/iufF4PNzd/8Zv/MaPbfz01uVzqsI4jYvJXMuWzbZQH0YXjyXJj86P4tOSAMRpMLr32u2joQg8hQhfRSV1WXx6sRf92S9uKFDcGxX9cS7Al7nAuXbEzOsPPNO42EM0a9RnDvoLafRqAP67Vn4hrAcUbdSF2de2ks88k0mnhyvXAFqTYfKFvH3klLLcBV2bEKas0Nsf4UOwMTcBL3oHG3uZmCi0wPG1tz94INcxiEoguXK8R4S6OYqgc0WcKl1uXxUnT2r03vjW6/rjds/nFSDTPG3sbqQmnpC0BIo1L2PGL39148s/dKSlbx7zWXst18i3DPba17xnkkLU+DgRpqQblmOvpfidr22L8BF46KvEYGu5BQjvUZkHt6Bq04M33hFrAVw5PXep/df+Z5+59Wdf/Js/9+6v/ub9/JFDvTx7rfMf/LvP/9SPXooeETdLefDWW+ZaCOPRxJqMaBDRZXXfraQFHLYQTlJh6rIX52dH8Ig71LrUH09/9itfb6RJu5llqZJ5ujNYSuo7nS9Gk9njMDehJK/KvniEVGZMqg/WntlPvHRdiPd+5v/yl/7a3/uV3/q9t4KvWH7HZPg4398k7O1PGg8G3QqejJuK18WeLow1Atrg1clDGtvb0V/5X8LGVvzCi+L4VFp2weqTJ+h9kLhLH5/e/IqxFwk8nVhKaqxGfP8iwiAiCH2WSM/TCXslMZ5OrPWx0BYqvqcT6/xWvxX4U7FfdPmOClOVYcvV048nu/7gSQi2eh7UVAfPY+J8mz4zhfb1nUVUffvKs9fv3nz/wZ2b4slOl555TjW1nCvF9vFeWk7BvgVvjN5+CCf3ceKXiSF9YeMLg/nureGro8WhYI87Qmz3LuxsXPzYtU+/8vZXH+7dp525kjTD5XTr5cb5rbgZ8I0QJRRSRzhSH7RBLGmDJcqunbJ4/7v3ViLtU6Hz8KV2PDvQtlbaBwkbjEhnW8OgyvwiIx1jXyK0R29tiaJ/qby1CMEzDSjVYk8n2t8J1RxFkcEDZuOp3a1opyuSTo/arxseVeNT+5VIW7GAtWgpGZ3U9nylCKiewfGZjm+98vbj3pd9biv5V7fnJT7lJ66mf/ziWYbJs0l15zuvvSsck2k2A+436CwEF8eNg2ErZejjBEoeRMKcRiN55vnNa9c3bX6/Pz08mh4NZkf92dFwdjiYjWb5eJZPFnKiGA7aL7HGSRDsSbY4ofg7GUZLj7JMyVCjTivZ7GTb3XS7nZ3rpOc72U478dlp09xKC4XThvr5S5J/hrZMYgHc4HkWXP5wfs/v+2u5fnrATyzYmKEAB0orKy1BJ7o6ozjjKNKMKA65045z1ezggXXwKCRFq5PUSkpNk055cPF7IMmKfUnpKZssGJMLHUdG3aYZKkpQV0KHCBXaZ9GtDI0Uql+0wO8Dg2OXzdbRWhWgxw4MtbCYjCcqzcbT6XhKTk3kfLrQXkakv2AdbmMrDozBQ4EwFH3vbGx0NzY2t7aa7TaTGP4IOvnIyyszIos36jHFt0FZOw6AvljkUkqPsTQk7DgKYiBUv2U0A3qw0ehkMedPKsk3BtPJ0BOLGvB2p8NWGv5wSW0ZI0ne7wyDyHimyI3bc33Y28NTtpHsSJFuLVlitzTe+XA7U16XZbVblgwITcqRy7aC6Cgi7+eorsA4RlnG3k3sOChp8xRNTGaj4RAvlD4CTVB4cklqLYmdkiUgsj0DK0Cz0gkhLXA89WjXX6FLUNbqPkrLdpWYWPGYklzFz0L9wULh3invtwpyaEWAWrBDNDyojG4z2E28LIb7h8Ojw7nSNKGPjIVSZ8UcEAeM1QhGAxAW6oRH+m14HXwakVWisesiK5OIQhZEIgq3iJ6Ahrlfv0O6NofspBWR6VXPFnK+qJHs+YReo84Blc+0mk1pZErBkmGszT9ZqlqfGBEWyIAqm/bb18yalMYDDS1hHARELouckSrFaCPvJhRAh41PSIPIfB9vUvyPg/H2YRGUpxyPtNmJ1/wTac9L24RjlsYJOIcPC/08oUYnUpQtKo4f3bpKdDLAJSm4hlowCmg63e6VZ648fLj7zjvvvvzyx9rttqI0rIcOKvHYHaDgO/P5XG2/2O6EHHp5k8WE5HQMolWOE4lWlafNtCma7Vl7YzYbDIb7+3utVnMr3WbPEbo/wjmqR5U/0cvNDfxvf+/hgwe3X3jh46NR9ML1K+++fTOfjyFDF3PzGWj3ZFGDOWOFs1LqyIVWt7jyrJwXb95+fyZk2mkL1KHOMKKwwWDsmIgwDdD2PpZCyu8Bmvn4Evjn5x4BSLxEEFn6Al8FSwVOaHCqaY6rC8hNaCEaaR63B3N4dzxM3/+g12wncbLZbKDNZRqjrpDZXcWJLtA+ST2VKdYzQw6VXIQQfWN2UbUpJmdhTLFSJWiLgbT8xWxRLOQU1BYsSjpRtICmUAROMboztcufHqG/RIXRY/IoUWCUKDIFkEjDEWcUaquPnCJzcTFzdmyoSTBK3heLgllZ1S6k1GnCIi05lLPJuJjNkZ1FD2eFUGgh1TEpoxx5AQxKwby08Z4N2r9fPp9OZaRk9OREEclSkWTNWMaqGUJTJzAihGXnhJ5+vpPJvLT+hyO+LEhq2lBbqThSG7OJktxMxhSpJnLbAfZzQO6V2IAfyMCI91x8ZsijBGQrN1eqkGmSyThLIsJRbEwKXmucnJ35CfJLoqaf2UO0TGboFDAfj++/d6O7td3e3OSDKYJPGBR02oCXLQcmlJEWNVltW6FFqFpzjzZM8ySOUPyZZK1OZ2P73MGD+/29vdvvvv/CJz+JGBVgJhaXX3phOhy/841vTweTztZWb2dDvf4wivc+uPPWN36/d2GzdU7Jvwo+7MBcjNn5Mh72gYafr3Z6XCJwzNc+Nrb+aU1rrURY5W/i+DScz97dP3phq2fOnvLSMRIvjY21Sl6Sud75TnS+G/uWIsLpscQPXM0AbUTqPyfd8ffSu0GZajbY83mmidbHjzMdoObeODgaTuc8EqwhMLYoYEWd/Akr+jDd9OijYbeWODsRR/3x6+/e/uSLpzHveDLTq9/47tH+UXVeLCB4t6UE4W7PE5BVCvf7sLcnts8Fn/mwflf5OFnm76TahVLO4b7ojzzRPOYZIBLBLtBcMLgKbbUdFhPhspfmjfHB4e1XXr/62U+KU6VnLrT+D3/l07t/4WM//xt3f+E37ty6NRQnTM1W8ke/dPG/9+OXv/iJLXEWaffVN+ZHZDxhtg++RxNO0gyrNX1zow9WQ+cGLDCBovt2Pr0w3rvf2hGPIU3ni+njsixZmq7lR51ifoZsWu2CzQ93481z67z+iZeuv/72e3/5T/3A//rf/4mf//Xv/NJvvvbBzd36DxkBlvmUS7tv9BV/07nUECdP57a3//IP/3BybvvYkuM7pwg1tWxbWZ9/Tvavjt+63XxJBl5JDG11vsFK2yIQnp2lfWrprzCeSMpWO9LUCUvqBJ+egpGGBW9ZHsLoV/yWi2fje1swEZoKGE5Ws38SPAsUH1tCZYDcrUWC3tOWhPPz+GFW9ov7qc//yMHD+09ykJ00zT79hR+t5u9MoSFPs0pPtFleHIwPvnt389OX5Al9nHgJn3TTcx/f+sP3x+/cHr4uNAFDNU2vvf1jn/0ppcgaTWa99rXr6WYGsf0Ak8s0yhpJW/0aADhBG6BS5u3fv320XyFPK4ekdLbFENMV78gkzhvxZFq02NiDF4/QFiS+QJaJtT1BaBgDJ0vRnkgsZ8vco/VuIr0IO9riRHiKJ/NdvR/3DCvB+65bMNLaW9v6taeT2f4NOR2YNp+BeKc6aOr/h3v7v/uN1770xU+Jx5Z6CfyF642ffX8+Myq9Z3vxY7I4Uen3v/32wcHAsnycakgUZYQFTrC6Hz7cu3AB6ak02M+/hvBXf8kaGgmx0WtsbDRq2iHCVkDQVlnCw3UlZamz5saQHb+1no8TatsH798RYaooLq31CZjVY+v3NeB2OfCpGvfucDRptU7DFTzJqT+YGPINtUAEIKp7gbr7Y/JNJcBmbE4Xbvw9WKU7nWPN0Hra+DiRWlRlJmNtldTTngINotVomrHzdTGCBpBNdtQ1Hm8kCw8+SZhpUhg/AAAQAElEQVQZZxusN811VIhS4lA8fKzQMWBCKwJZVcgU0oU6iKMY/RLMc2YtF/OZYpCmk+lkOCaLhPl8OifvBXhC3og5+IxaYXonUVLHoeBjJbRUJDxt97rNVqvVabfa7WazqUui6/2F5ho1iQRWeWJ1KAKXdPQeFaIUoD7XAyK9wTRKX/DsTswIsPLYA+FIC/+NLYhkZpWteTgCDmmdlTxSyfBT1eCGam6rqUZc/Yv2UiSv0XpZKXLje4YdBpjK2dmJthZyH8fwEyD4YKqFBz6FihmxniOy5fJ6ISkiiXZOAHpqhUOrLFsurHkHNpABi+cdIQBPdGNX0NwkRXMTp6lhByfT6RiPAw4n4/FilrMPGzuqSsjLviD0F5lz8CCuBHy+pMs4VBNG5uXSqmUf1ugkuODYJPEUJjiG3+RCZcHr6ZPkmI1u5vxnZr1C+fOafSysvZBx6ixZUJ+TJ4w5hmGaKtWVUnZMRujXROGN6XiiKlSq2phMzbgyYCoRlV2DYM2RjszCGiRBZiJsuITfwpWItipRzM+A+QSNJz0w0BYnxlJE99B02tiOkFpDSLfhdChQB+vRHowi10i72MPh85l5w5qYr/hjXaJuRByPM8IAO2OOIgQN4MGTUUjkpR1UPYGSzYNRlUTx0cg7lEKpatbU7Km/fMEuo1BZWFC0E6l3Sxo0SAlIxjt6/ITxzKNHgV3CMCmg8yp+f9nehcfV5PkW33LphgKqMofTppqhrp6Ok+usy3VS/B/9hT+2TrmzYXrWq0NaEY2DKyaMPvCsg5dgBdOWJEm311MgtftwV133el200FxuBOqUi1TGGSNbFnWtKYFlo+Dvs1kGTNgmYto8IxNL9a1mo4HsVGQDPAAYPwqMU9TSUayWIp7T6WQ8GmQN9V+r19tQ6E5xREpGwziEDIQJY0Upac0RaSpuN4W4QWk8mSjqqlTpURJJtm6LDO9CaldpD/5DZNtS7kzdyK+GpZPx2WcBlWeYVjfHxw5rLygjFFoOXZrm2cLBu1DCccclrdQ2y03qhYcBaxVwRCKOFUs7mUzlYt5rNHutZqYYT456kuPpn4LZSlLNk6VGHBmyxGJcJoja9RepOiJCtwo1R5r4aud0CskTUVXfROtPsidH5ho7idagZEMdaWeHmrEGYaPZiYhtXHgE7J5Bemucn2sKyisad4Fk0ig0g6oNSInug+Z0OTAkS4ALSxUERwpFSxTj3y9mhgCJAxEbK/KC4/evZ4NyP8Kktz20weLYmQlxSGgYh/OZk2mO5uvtoVKhddSRh0009+OGTVN5LMsO0DCuERqdCJCWG3CWJ3b3LvVPDQupz8BBPsc93sa5nazZyHm/x14xCet7vKBhFcE0hvPZQUuk/d3xjXo5pYhpw+FgSjbyva3tZrut4F7tV7e2d5S84Wh3/3B3dzadNVrNRhOPHY/7w/3bt7vnti9evhyR0bQJF615zxUcsR4AL0uUy5QzqhgGSjTXZv4BSNtkjtsfjY4tWTdIa7xj0t5k9qlzW5E7eSmEO98W+BEBCH6F8HMEgOdjnPlpEXAs1Xd9maf3LgRbZRnaggDYFWoNBYwsHsv/8ts3JqgJrgEv/Q/zdt4x0qCUAW79SJp/7T+mcfd2j374B1743oBGhcH+/n/29waeh5jKAuZba7gjap9DUFgIX36s7+X7d6If+8G5jyN8wbc87a/wajguld4Wdb/rJSn+yf9v+6jfkDL2eU+wBEJL3cHVTpcAJY4VzIvCozqcqcn10d17L/yhH34UeGs34i98fPPP/eS1n/jypWevtqMMxjM5Hi01m2i20pdf6v2JH7/8l/8HL/5v/sef/GNfPH/lfFOcRVIk881/+DOLISoXwQKKGaCA7oIABysWjnwuJiiv/yzEgdhYTN5vXxSPMG5PTlJ9+CPzd1t8iuUROnTcqxBffDbeWjcs0fmdLfX3wa1bz13o/PEvPv8//NNf3t7pzguJ7uQm83VqyGdF//a4f3s0H+dJM04a8bGvKPH4F6+/8Fe+9KN/7jOfPt9ey5vU4K3Xx++8Kfz1aIHJ/YZ53tMKqXAF/PwLs91vtj/rZDFEbgyikZa6GdsRTlqXzATIPuXNj6VuoE2vvI/CqjohqNOhO3ASZ/2WXXmG+tun8s9m3+hFM+GtSx9H6QqNbtEOI4RNdGs8IAm2B3ixkcOtRl5iJZM0feETn1Hs6N6De9Vw7B9tUgz/J37whz7/Y39EXZQeqZn79GGUHWN0so645vg0vdff/tHneWvnVV31L1KBYI8IcplOun2++bzi8yf5YCHnJDvGMVfi5Iu9a881nonNSUcun0RpL9vKknYM7C8B1m+D+XZAxlX6Z3/7vx32J27pCEzVkdLC1SBL1hSiBHW5KSyGC46wA+Bt0sFurOzOCiJL0SNTnjfmWJ425vzLT9myhLVWYRk68k4bKP4tfddWrCVa5OIVInBPzaF5U6epGWD06r+S87FYNgTlEZIrSwZPS5Tzxq17P/XHfzR6nPT0fCP60vnkXCs614x+8mr2k5cel8WJkpX8P/7Lf9YfjAxFcNxYgGb1FXhZJ+v+9evPXL58wb0c/jKel/X+RUT1Lek7vllyHdRW+RUG8QY0b2ltGgLdWqX6X3v17de++w5YwZcwSikDx0ZGIXiBaGiPNIkgqGd4Zj7PF2hoNu4Ln7q22WtFj+pV7wlKi0V+b7f/yht36c5uBMrJgZ/PDFfLQj0kbvQ66re/ucle9y3ltxYUstAOOVQLKKROxg5Ooijytxh2Rura9tGkD02TDaEzaQ+uWVwn2WRnrvSCdBhdsu1OmqL2otlkixMhrDK1LH43AhC6tSeNpV4qfOmNdcTSa9YdLuaL2UTpV2aT4XjQ7w8O+4ODo9FgNBlN5hNsT7Eo6H32OWDmFIxilhdcJNJG2up2elsbW+d2ts+d621uYEiXRobB3OlIpGAqZOQlbKIh2bXJouBz+NT7OUf20UYhUgaDZVLdIMfacNNnIYUW5mggJS8qnOh4Hkb6bjQbnW53Y3t7a3u7u9Frtlpq1NXgM24qKN6E9r9C1io4Jmwjo92lFHZeKimypNgG6PF7QLNfRNrnk8ktaqx5+SErASwXEWmSzS9rLYVafa02pjRrpGRxEpM2TY3qHI1NJgf7+3v3Hxzs7Y2HIzRAmUzRwqlgVgJRqppxYLfwjDqlGU97IZzQwTXbaBnsfJQnqDo8S3gHH2uIjxpLPGri9bcirYmFpEfEl5bxtkdQed+2h3GCs2vA9chn9/WyQZhHl/9kwLBYKLAZDfv7u0d7e/293eHhwWTQn40naskqPK/QfaShz8I5msqhxWGUCM5BXyakl0owVECsCIR6K1UX6hajWUWJ/kN/PApg8V1CFly1Zqki8PgBDRsGQDSfz1GzyC6M16RmnlkDzXaQMRnJ0A3rfxlR8tbYIJy4DueAx984jGuHVYgyZoJjZ18wJraXdu6q9NgzXgHvX8n4ldw1kVnJYj5Fx0XqbzqdK8w+HqtrNYkS8exCoVxJUXSEJgMc7szVD9pFig82elkGi9uQMbEqsRZMBvUEF/o60iRs9VhVYFp7VYFSbUtasqxMCenUf6s2PYmeTio6NHGGCUh5rb2uSXn16tW9h3v37t47f/5caGUcMD1s/GFhRdHRhA6/a0GU5STMJ07EmcmauQOWeqmF3mo1J5Nxo5HO58mgf4QMVauF7iVIQWN3JlJo3aoigLP5otfpXDh/7s233rx3+9YzzzSUVOIHP/+xw8OvHw3346SrWJq8QP8li1kDYBGlImadOjpMg4aQlzY2PnX9+qxYPBj2MWAg5NQkcj8AvNrITYCMvRUtn3ZK9ziSPM6X3amTrVWGOdLIlrTgdB1INEjIgyZ2GxuBYdpRoAPxrBB5o30Yx2/2h1t37zSz5Pr2di/LFIxM5tjVBH0FCqZfQLypWmvjyXg6mxYc9gwSiDXTF7NNJXH0kUT/k2imgYeSFhylE71RkMewuN0QRRcZWLV8x2NiftmP7gJLqS8lHGCCbBHzBW05QIucGdlHwopNeXmqciLXcjqkrWmsOH5FYxT5UAwD8pRCW5wgcCcpkf+4KBbo/5j5VxHl6HBFe/cgw3YkYzNJNvS5ahk1v5GRdQy7SCnM/HyPLhaoI2HEWPGoKIaru7Ol5mQ2n+DphOmCTXSFdl1ueAdintDXNKK2WBS20ojZOmOnAnTcYZ4sMmDrpLpGSS/agjBG0nZjQ5sH/JBCgGq+H773/vmrl89vdOYFysUUL1VoEz0nJsKdE1sKoIEUwqmR5tC3GB2T4ewCHVAleRR1NnqbO+fn4/H4cHDvxs2NzU21FhRM5UJ2L5z73I//oa/+8q+MDvqH9x5unD/X7Kj9T3r04OC9b3/32rPPbl++KBMyd2Jv0uipEhGydiBX6e73UfFHl0CshXN12h9Pvnbv4Q8rkSi4ozYae3s+TgD8+AhGK6bZR/drbUfCTaizTRHaMNyyKFqSCfZcXYl10ayI83Fi10/Jx4mq4eu37h+OJo7/ITSpi7LiQ5j9JK11owix/Q0MXHSvRejsxHz9/oPDX/3dV3/ixz4tnv70yz/3S/du3XP3IKzjG7ESnsDx/mYGV6ZcxrfuJW+9U3zspdiJsB/777F+TWp8nFT7Xr3+4H24+yCVxvG+7aau1DjnqGBDx5StQJSlR/0791//xV/95L/zE+KR04tX2urvL/zkNXU9nuZvfjB4cDDbO5rtD+aNNDq/mV3Yajx/uXVp52xMTKrpg1/5tdG9+0I47Qgm6a9NU9Qc4Qff2YkQniY+GCd7+ASMiGFjMXp5cOvN3jXx9KcfWNzdEVN9cyY0lsfWW+q8DPL9e+n1k2E2CrWD6fW33/vyJ8+rP3X9wnPPvn93/97e4Ma9/TsPjm4/7O8fDvuj6Wg0HY9n08m82cparazTznqd1rnN9pULG1fPb1w83xtn8rUHd9Wk3x0NZ+SWXPHGn7p4UV18bGfnxc3Ny922OGGaP7AornbswkwHl0tfMeMW4I1nit0v9n/n670fA+dlRFNVUeeVxNE1vRgMj+h8j/meTkIcu7ROS521M+2QblqK7NN621pXz4/Eb1yN+9UhqI6FhxilEJ560itbesvH0ip1i+j6JHmnVWMDd+2Fl688+8L+7oPDh/f3dh8c7T/UQUY/9KS45c2dC9vnL2ydu7C1cwFDo9alZwfQyVcuzrPTnM3uHj34ylsXfvJlVzf+rOvjxEIxP02i7Er7E5fbH78/fufe6K25HFsrYVte5TTjdpa0lFTHvgth/avbIEPOwd791i985+GtQ1Fppa7zzMYM62zE81466OcbehXoaDWRW87gMw+RZhI8Fw3Si8Xjlm/k5Uf219VPOcaejD8j2NOJv1KsvY72pOKGwEbwMXbeSgo4vvG1YrinX101UGuNYN3rLuuDm3f+8c//8p//7/+UeJypGYsf2o6Pc5n5qOkX/uVv377z0GJvTrXrHHM5kAAAEABJREFUNrQ4OXG6c+f+5z73aeFNowic17hJBo/yMDckgsmnfA05mlBIA6timX0JON7Kl9qBx2UJv06vVcLjVkEEdd6+dX9ph8EfqZLlhM0Bk6P1pHzhKWlAcQ7PP7OWx7WnJanB3N0fWM5Bav/DdBOW1HjT3qwDem54QQi3lfZYasbE2npAEEWLOQqMNn1DKaVT1z0e0fGTnHzliy+LsHYn+pa8bqBXD9RZSB5DbbVjDHfs6yFjFnwt+K40y9SucP6ijHRhnDZ0bTJTqsnJdDIi1yYTpUaZqbwi16XIMEMfBAILX1o5S6Yo5JhANSptpL2t3sbWVrvTVl3Ii4XqhCQptuC48yDIbonEoVIf3Szm2v5Dm3Sgb/GcAzlVB9PaN/iaCK+ccw+gh8hEisQaF2wvMrMuvQX5OMmajU6v2+312LUJvowewLUdCYk90fyF/a/4lkP8a1OFyRdGAW9uA2rIe3rprgotFDaOFoLukwVqTSq0FgA4rAmQs5mMYgNlWUMYaEF7puns6PBw0O+rWUa7HpzinAMMGUW+li/YWXZyr8pA09gWpSxPIsdTLIPX106w5LqUZB1vUdJP1ZcRH2LSsy6tmF7n24YBrMlKrZmkWaGuAZztl7Ffp9WpA2LQktaSDoUa8KhyrqBleHQ46vdnZLWgYIb9RCdpaiwxdFxIZEdpoQttXpVwZyl6jraEjhIkEGiegsYlkWVNyFaMMaLPHPGy0swD88/+EmOjtYiYZOthiJxt0NaAeGMyKNF2pmwNQ2G8zGY2AFHzGc1LlP33W9ziEtRc8cg6W5PqW7YUlO5dTYZEB9ssvX3QbxVCx8YtBPtiylEHjk6rFujUBO328gVFAMvxV2n6mCCgmxOgAIoyYN/YoiyAE42QwEdhHlETdSmkVva3Cn6FLQx6qt0ryz9RXSnassiUl8tX0/JVBmtl1aYnNLwOJwt7TO2CAYDTs2Pa5RriAtjY2PiBz37mtVdff/W7r33mBz7dbreZvpasTIQhRYZ9kJPJBCkuBdWL3OZWOhaBu7DeTl26hcfcJltUYSVJkrZarclkqqjg4eHR/t7DXq+TJDvkfYEaSapcDX0EkCnaycqLF883svSV77zW7W5ubV08f6794kvnv/b177Y76XCo2Ih2q93K54s4LUjVCjFrS4tFGidKn3pha/vl56+P337j5v277e3NpAV07L+Ik5SU+ikuOTSFVeyGdjsRxY4j9DqzND3CHD41qQRCfFFFEGvCSTVJy8wJu2E0rHbkGyEeM9QsGwWj5mSvU0Kyr70ctA9clEIUUTQQxc3ZWNy8k8molzZbvTRSYBgrCpojh46hbak+ckSRpHFTNlU1ikPPZ8iDJoDkExByZWSMQTBf8Fki0tkjxs9ni0UMMYbwSVPR6ar6lEx0HsFsMprli0Ikiv5HcYIB9PJIx8tB8+8ZmkLncZw2IzwGh7F/gGVLoD0qMvnM9UDF7AAzaWTdeDOJU3F0tCALeiWYJ1lxkbVUUzNF94XI1CipQeBAfTH6Ayws86FqVHuCeSHIfquIyJ69Cb04S81+BsN3CrIfINLBvIuv+XHwIh5DWk3/zixBKN/QP4XCWmr81Xw2N3o99FomJ0eDxXSKLk84Kg65HY1QnErsA5jjlY6v0l6amMcq1A5Mor3IbDaGWCaxmh3EisJu9zTjyrJCpCJ5XtitDz+ilaIgG9IYMEhOFL/x1a/N59Pzzz9DForxfDzHtqRs2KtPqBSq/VGBgu8cTaPIFxBv7cgQxbiuQIsUidvCLE2effEFlXXrrTdvvf6OAu6Pf/FzCAcJ2q90z29f++TH3/vWK/v3dhvNzua5rcvPX5tPR/feeeff/MK//Ik//afaF8+rBmBUnzxXK2gxmyMqLnLgiFHeqHvbyygYPC8x3QhmbFnEpz/ACUohMJdj6VAddbJN0dfvPLzabV/tdoTTbHlqeCvpDuxO+BN+fkkrVnq6+l1Xg9dX46vcaM5cSaur8PLf3z/65u0H3giI8iCYl9wmQ3r3doGzPQoYd5VaUgs6lgCLXUmM96u//er1q+defO6SeJrTa9989Ss/96+E8K2FqsDjMqG03ZLlYmA5Zxk8593TvEj+xs9c+D/9z3fbHWcvYGdm2bWszN5JrnkWpTAgbX6F/Y4PAdU9XO31ZCj+/j99JhJk5QpBC4XwdAleSyoX0u5TtcxIeO3QxRjgML3+S7927mPXL7z8oji71GrEn/vYpvgQ095rb9z8yq/qvYJZUsLOGs2MtRUD529JiHB8ykNdMRKwG/RPDG/uZr29xofazTNPV4rDL+R3xRml1RQif/Pr8tNfhsZprI6s9YkgAxT1e6Gr/rbFS8dHwPHTv/NH/7A4u5SPx4PXvlPOtevvNLyuXCb5+OnR795oXHuQPkOlNGIwXBlYqbrNZ02A8J4Kg6bA7IzMWyzGKqygS2pT6VKdVF7voixZNbRSh4C037J8o9ads0vzq3D3p7K3fFtLgyc9zy2MncKRWGs0gzWv08uTZC8pDtIajyaKyz1/6Yr6e0k86WlnKq4PV8rtpTjbtPuV11svbHdeOg+GlEgHPwaK3LcDcurZNzhyqXIutl682HqpP3/wYPzu/uQWvxxHSRo1GnFLqyTDr3j9q20DWELsm3va35tv3PvtX/i2eNQk18xTaTvtT4vGXDbJnB935zK0I4k0/8kWIVHor0UKoWX3wniyBGsRQk7OhYmtoyPsUM1aWOc8C1qLk8iMp4i0BNsbH8/cgL8SaSsWmB/cmb3/tbU6vPSpN3fhFqN2m/6z//SXP/3xFz/76Sd/La5K3/rOO//8X/6WoPHVyNRjO/1/KxYn9Wi/PKze/e/+7u//kT/yJSXwdLskIfwdUzlHBCxNwN4YcFj91qraRJlZdXWW3zJ7rkprh6PxK998PRwAewnVbN+URJRHTl84Pg/01S//9pufefHy5uaJDUyf2KQE6V/7NqJT0+3SJKxK5Z2XCPayQu+3nOiLtHpg4BdIR07iLdISqHnE4+tZxiddGZmU5XKyZOgkxGkFxWGtUtYZKBwrhZZyKaZaUXL9eqz8qjBqFOk0o5jY8YV1vYE5NHp8YDiKnENrp8kz/ZI1UjIt3qGvgA6yLYAVKqwGUnRkTvYTXNVsMp+Mx2h0Mp5Mx0qkjfEyyNUyO0GRVhpPphOFNEeGlMwTCZoSZydK/Zw12s2smV27/jyw3DNGobLqAZ2l9Ih54RrPemn07EIxH3JycOKZ/wJ3R3oCfzcI3lBbMJPaswE9lRq0FosFjQe7JMmnU9XBmWL/0ixljwuNZra5vd1oogv9ONIBjKwRDFeZkw+W3FicBBPKiZRrzAyjn4bIORuj03zORY2BAddUUlPpHjnFOVOPwJuvsF/0YQ+0Xh/tlBTwWD9DWdZAhVqez9XEjkbDwUD9ziYYZUMloVuNFcSR8w1j988RRKUP6Xjr3shLtqXwElUoK2Lb8pTxS9VVAwFeL5PFciWV/BJ4LHvlWMQojlvvaxZzKGi10PUkONCKdWQtN6VyosLthkjXY3qsJ4u94pHKRivpSQ1AAnR0hIOmSGTBsBgPhoPDg9lkog8/LxaqHPogMUmDjF6GMcMPWZfFWg9BwSe4MWDCb6ka0kam+SRrikpN50VO/xYMnQ53APO3wh9ShmLCGW4QIYr9WDmUYxQHlCyNdNsOetsYfYEeZi+GgHBSonWTlLKW3RVm816uD3JhkIZe1MIieyDLEnaIlQu9R8BIZRThC7EU4s/ZLJ+hrQkiPZlj6BztjYmMzSm8mPBXGejOU9iCcIXwkGg/EELPjzA1mGWNu5hChnYxdl7MxGJ/imVATjapXE76X/c+UXqhtJ23rtRk+LtspqTpnSxl15YVon4K/fQkhtcpKuUZsE5V2fK2mAoVPY2T+Pat21mWdbudKuNS/WUAY0bH3NmwsLrcss+u3XBN0lggxf6OKKie0qUr5bjSf2cs7YrIbxijMeE+Tl5PonQ0Gimq2e20my3kb6fTcX8wUKRWKcSFVIxEmwVlaCcg9LaP9eFKTZ5kSv5UTKeTHE3ACmtbg2EsWBZAWIJj/eiF7wM0QA0b7Y18LVCtflozSE9SegzN4ZGsQQoeN2LOBEEd5pFL6gySAVth+yC96WS4isgkE9CoJEbXN8j0DidNGW12emkao+Zf8c1UNi9yV6lxZssuvFTNZI6e4B5BsDM6abEVsN8uTSSI0STiAbRO8UBArD4ECzTElnNicnWLyR2ZpopkEk4RJHN6EmtfouSaiLkKjUOJiEjt0yWiUD6aRxDaX0shtIGnIPdCbPjJF0SCNKTzGiKTeC3HJh8Y3ANeHxhZJpKGtQlMUAO4OQn8nzzVLskz/UDpX/6ozTI7KIygqZBYWpAvSnbwRmx6pF2PSGN/rCk9vU8jblExuEMqRPFpuGm67QdBmqXBr+hFI0UJTYP+kAV49Vs0u+1ebwMbg4Q+1tPsUSUDV2B6p7c9VvhAO0/yIEVUDaOb4b4xf/DuB1GSiBi2zp9TG1c1DqqdauujtjfD/X1msNrt1ta5c4cPd4cHR7M8P3/p4kI1H42e0f4PGxLXb6hWX4dTsiJjCdl9rMDzxCQOrzOcToMRXtl3qFvFa6b3j4afOL+VgvHO5EtfQx8n1Y/K6gls8y7U2ZpY/G/FWTXbOrtYAAxyLukq9Ef46/3Z/BfffN+KAPx1BT5G8C3FNfLVqxT0h3QuCPApnP6UdLJCxiVvvn/v8598TnFD4ulMBw/3/87/8W/lcz5f7q9YHwJEJdvLWH5fd40jnUD++2+kP/75WRRVVE/r/Yp1r51LfzAgtPz32Ma7JHP42//V+flMyR/1sQzwMJO9ZVQMPv0B7ynl+RtK/a55YHthHz947a1nf/gHFf8tns402T/4zt/9eyQN0Tl2v6I7q0+96nULNldo3sqOs13ZAOVB1MRUDzX+e2F2eLN1MX9qDRvbcv4n5m/FVc75ZGh+aSpB++++8daVTKTPf0o8WuLIO6f7E2ea7v2Ln//dr/6W0l95ZIeShSX3a5IrAsG/olKi8uDlyXu/3/50DqkQWrQtrQcR92HmRYVY8pTfYgJp99Ral29ok86p1gnCMJkWZpjtd9pE4Q9BWGcLxn+p+TsJmvsLTxUIZkGVBwXMErZjC/7oegszGKwylYGL8/h2usifWvvjRi4+vx9HxyxLKc42STF44+HWF5+FLPZJJYhl+MLASeWZ44DotxG3txrPnGs9H0OymV1oopPazOzUa2oQlRqg5itQKqNujvZG/+Q/+9XZdGFqKL1Y1pbImquTJxBNmIyKriYh+BOZfZ0nUKJ88PIt/WZv9gzvgZiORVImwg7+wz9RTf1cyMsM63dshKWCQgcpURux6XDynX+BZyJrxmL1bU2q8uEhAnHpG99+84/+4S80mw3xdKa9/aO//n//2fl84eF8g8d0kTKW8pa0/0j4uA5E/cpXH9o/OPzsZz8pvI9p1Ou5brcAABAASURBVO79ChniSf+TJQod/sJyHyf1tXm/1dqCroZRdWw9/+Qf/oubH9zjAhZE9flklxEZaLUXRpQHmkrY+FB6DUZGxkHZo8kiy6LrV7ddNPmnOc1m869+64M33nkQ8ltLiYW34sUSANQMsw96SgDVIz9wB72eLau3xsC6SMV+Q4qa7pT9c4DFPGbz5G1mys1b2tyTJPO506Q1FcyPWo8MTvDaWC1K6sxBZFiPa81NHP6nrllVa70e3RELXg68WiLtpJhUfihDXmCAldl0NhtPVBoPJ6P+YDwYT0fj8XA8HU/xoHxBYXCsTAW0Areg8+4YXp6VxwmkrbTTa3c3u93Njc2djY3tTSW4oOWoRYgs6TYQ5ZmwaF1xMZ+ihxXVHjQ6wf8LCy9+pwxhswyjbhuxoMLmmIBBKHnlOD0UBKfQ1/mCz10nSmrZaLQ67Xa3293odXrdVqtF3hciaaPvLHKcFdQT6Xg6RkmsbXBIPBvYAOnIIV5UKfKqELg6kdIYhVsiKJkccDiQwprRmI5zPzX6MsAgGAcSrET03UQpw1SnMgzFpJRpaD2japuOJ8NBf393b/f+g8HREeqkaSg0FjA6NjPJurlQxdoyADMvFSWDj7piusVu4CrQq8fBR05+JW6oatZXddFVWyJrhYmPP50VYqlNPg0N8nmtOUZLGqZL0gG4QhqdDeq+BJmbEHbI1TpUeGDQHx4cHu0+7O/uDw/Ru4nC73imk+AMo+HEiQ58g17z2Xc+RqtBfKMKxBQ0B3VbaaTIAcXQiTF+DoXUSeg2JZOUqMQDRB6nCt5sg8EG+hq8dzRScFosWg5kfeUaGbkwlxY2wE9mFKsUpATJYlWql2Z7T0PVhq7Ow+GRbYcwFn+IGHRJDEGg/haIn9BQbzafThfTyXyqLsYzhUVH7PF1pJ6iWyc6Ak2KJwFOTg2RhhwodQfA29jbAZb6whN0VbZfpb0TIWDP4kR3PBzaMuXSFydbLrD8VlYulr93sq/UpCfO6KSwJUPO+wx5Lxn6HFM0stvpHqp0cNjpdlTy15dzLOYGASeGmUhtv8YVRoYecfl6BAprNJwPYej9AXCQWvqEQkJTYjvUdbPRUiTUbpZKJMhsHRB9HRzsT6fjTre10etmjfTWzZv5QvR62/MJdU6RW1V5IU0FaFpQsANSJeqI6Jx+kU+mU5AsX0PjO91PqRGYo+7eEIkQbbnu+cum2vmVT2uG80lKazandliE8E0FXR69IOvQAUg/XqCWqwg/R5QyDD6u5PhsR2T5Kz2fDBjSmlWyVTd+fTaewUL2ms3t7c0ki/L5NCKkr40uJDPjHDaR4sBZk2di8dFQmiwGpRbrAnmrRXNwOuyOmHuB4IdmG5HkkJ2p+lXQqjjb2Rz991l5Fe2fI7K9RtkfYXLyYJlw2CxtHcVft5bCmhUWvFNA2quIsCLzkiPkoLkA24Wy87GYjbsj+o4eTe6y4M2KrhO0Hbnmi4m0x+RShebMCctqoMMCiTht0qtTGmdoHhMvzgqZL/22/y9Dj7XKBqvAY2s5nM04Vju3xXSu9jha2lE4cZ9Gok7ybrwv2K9FWi5jKTexTwQAxoRcgL/JtPsgH6VrQNel6aOKHVnMZ5vnzqWJkvMq4UA6V0pOCK2ABYsrpcfc6fbY3aPVGbC4QbUzFvFg70BtaaIsbvV6CpMzo7OxtaX4v4O93dHRodrttHvdtJmpqgb7B+PhQCbJxWeuyFikjYYs9Ik9EcbngyU7marjO7Ow7Z+sR9THsJXfs2kzxgEZzWayKEJM+Vi6r5jeN3aPzneavSzlTbUQtR5KhGEPrJ7MXgsrsRKGlMjg5If+ra3Hb0zwluQQGlrfZk0EvK/D7aPBL75xg6Mw+Lvg47sNolzaSlh1jjkHbLfxwrhQoJz5fP77r71/5aKiPx3xtKV3X3vn7/wnf2syGh9bEio3taNcy0/5FzS6ShwGk1n0zdfiH/7kLM38WAwn+7X11l4v6YcDv8rvumk6En/775/vH6VFEWta53C8XaoO5YMZG4Ofw3xDIty7bsxMzSZTbVBvfu1bW9euts+dzG/Ek5AO333vlb/z/8onBG8Q4rQQqNxoakLmsfYgPM7Qo5rgkQsIalBXqSiujR4cZN1x/PTpya7lhz81fysTNR4gTgi54vga6PbqztbvfP33rr30yXjze8G5/dGrr/zqP/p/f/655+nOLlP7v/CWp5cnLFiCf+slWxjcPf02xOIHxq+9m1wcxRvgToo700anlTfoQFNY76nZXLPcXwhhfZ2aelbUKUVItYWTEzOFFRpXWpdAtp7z4sG/n/1WG+a2i+CWnQjxmLAIKlzCJTLsrcUQ4kr4NxFwdZYexsUkPplA60lImzP4/H6cHNPwxyLYLmaLg2/caj6zme20hIDQJ0fwdUsEQ8hw/kjMU+NuSu1oIG0nm5GVfy6vv7YGKPNWZTJ+8437/9+//pXxYCpCWW/pQobdOCatM8p49Fu2o9FMNHNpA0xYQmL29Xj0W29GyGe+kSt5x6NZd85PIwrkGhmLE/ql2uiaD8Dwr35XePWYqmmdkAY+Au8r5uwKPVwc3R2/8i/kYhL06bTwVfvest3GdDr99d/85ovXn7l0YUc8bemNN2/+p3/jH43HCG9QIgc+8nf/+MMANVdhqs2/e+/h1asXL148x9UZilB/Xfow+H5KQIjK9erapE/zSq4r6moTwjGvsq613/7mq//6X/4mmDXi/rWMcCSMMFroE9MGnjU/hx+JdERgzzaFXxORW4Bv3dz9zEsXu+3sabc7UVvFu/cO//lXXtX3PhxBJc/Ld8TVexJeWGKOSclwuu2WEgX2NzZsEW10YiKkoHoxU4pG55yDqpGWLISCqfqPnyhV8dIpMBXA6T6+VpLBcTLwAFV7nF2g52n0PMF+rU1goiQqHdOnpJ3JhPWXOgKG6zRyYCCH73haUOkr0ZBiRkYe48l4qLTL4/FwNDoasrmJUlvOSWgptOkGC9mY0GgjRswG0lUrtXKWtHqt3tbG1rntbq/X6qCneZpxs73kNUlL0tdLku0N+e9GzalqEFqcSM+YBrTFhhsEcxFpwauOoWP763JY+q3qxnP+lNjSgmpHGSOam3S7baUVU9qjzY22gux2mzFKYexTyPwF/QRYKxD+14jWQ5NVTbpR9ssGQ1rPrYcCtKzSe8dZ3hjXgORiP/TTDNrQxN4LCExJI9I2oBhXyU+bSubaUr8ofwb0WT4Zj48OD/cfPjzY3RsNBmoQ9IcpuXg/JqCJ0qxpQ1jtTLpmXdQtliJ8GvnFjHDee9EMWsXiJBA4L/ucM0MAWLZya94KjbSgBv09rvRYjU6EEEt7Arzm9J8Ca7RdUNockv1GHNxRwfRiUSiMMJlMB8Ph4f7hw4eDvb1x/3Ay6CvMMJ9M6TBPRCYl2mqELDm0bInVQEIbnVCELbJ+isiyJMmyGC1PMqUoilJ8EMUKa8RgAc0Sd7OKwacUYL3vCOFtFn2mmtcdO/iJktj3DmULMC/tbu0IhdgVr+rPQAYgKZYmKcSK16Vfhe0tY0NhIB/MosfD4MxIoT6b8Q6hbwqaQ0h8PBuP55ORwuaL6Zh+ZxTKIBeMtAre3tvP8dq08ALSZxfAMWwAZd404O7CvugiMrgTpLriYnyhmbMo8mbN25qAPwXi+GRHsDwd/q2sKe9ePFE6/oUnzuhE1pWUNVP3SLyXnTZiZeZq6V24cP7g4ODoqL+5uaFIERMbf+2VEbdE41D1bxprpsc78KQL1H1/rYaDc4EjfQZCgd9sNusfHU0mE0X7syyLKLoH24JoERZvG5gsRVGz2ZzOpvfu3c+ytLfZ7XR7cZwd7Pcn43kSN5lPijjSFUnCEEVGaKWrPqewZjNDpBjlYjBQbNeYHA+xaj6x+gPJxiegu2dQQt2gce88/FXT95VPa4bzSUonas4KzO4l5hbrcTTxQJF9T+pb6bDMukTco14lvgc8CxRdkOc9FkWi+FL0T5XP2q10o9ek0Ca51keSzQkAOziRisapTZb2xbeYK+4rJttjYVhzK4Klj5ATFBIekesyGVGEnFgogqlWZyOOlBZDKFZ5MUNngwV/EmIdki7iA2cExFISA5CCYN8ZjL8jvfjd2GGPNCmj+Hm8GScb8AKNJtGepNAB7gS7XYwiwx9La+sOxlDCjB/TNCNOYMaDDFdiducrQ9IFBtudAbPH2wgR8iDirJD5scmjW4Zp0hSTfZGoUVW8T6PZUN2d4zwqTMzAY0MKWsgDTfetmbzlThh+9KkIfKR4Og6Ry8Y+RnDgOk77Ic1cCeEJHBwhlzh48/no4CiO061z59VTdbHIC4RKfTBFsowgikrcGAsOZGS6LPQnaXeH2zlQu001+xO0tEWk2tvaRuCLE8UlZb1W3GwMDo8UX9vqdmazSXdrUw1M/+HDyWC0c+li2mxkrRaFGpFkegIeSaFmhQTOPKg1OvHT941OgtRL0bPNlNyE+vkMRsveCp+cbKDmRfHG3qEa3it4TEqDqyz7OAEhqpF0ar7ovSsMVoEyEanL1htf6TC/KPtvD9rwzTsPf+P927mRangNcMVD1Yi1H7OfBJb6gMGQGiMHblEEb6Id/eEDCFIo+vON77yn1uT1axfE05N+5ed/+Wf+5j9Ax62WcRIhyJRXGtRciZV5y5PCZKNx8itfbX7yudHW5intTsSqa4dazbUGJFuHd12Cj1XXtz8Qf/PvXxqPs5wOkgk3UB7P4m7tevW+YgES7H/C7OmFEL7kCtwjU2k+m33w1W8qKn7Oi2Py5Kcbv/Lrb/yjfyIXczsQ3nDpUbLd9+UZlrZ4jxy3D2AGMOAe9ZDaR4D67OLZ8cM5xAdZTzwlSQlyvjC/9aXF7bi0ufPTyVbe0vdKi/2Zna383vvpS5+H5Gl148QpH4/v/Ox/fanbNRkhAPrgFeIN4S/ToJTwqwovXGqI+Q9NXzsScC+7ivehLxNLa4ytieHPTXuk9Dyd+F+W+iljryp1Nk+N0zufbmpzZ94fCYv5jQIA6/zB6PU/l/1+BoVbjAY1+YQUwvVrMaxXa3Ab4saagbMXCtquzZKFkAfp4xUBn216dhB96khr8B5bu1dVLGeLw6/fVBLQzgs7sLSogZDwOYQ+5Op4NfeuMG5ISmVkXRn/KVTKqJvf+8VXf+nv/vZ8lnuV+L+1igDp9uonSzWvRCA70UDtrOaiobXlRrDKm0XKiYxQwssXwpU3tNpYorBdSPBL7xkbFCt7Me5QTB0AlsLxd4XXGGGwQRRNb39r+uavi2KxXk+dKqe+9JKnvv6xlCaz2a/+m68rUdynP/GCeHrSL/zSb/+X/9V/M9e+/YQV4AuN4myq8ilBPqz+TN2wvffezS/+0GezNLWbG/tt/9r7x30efLxpcmR4DaGPE8cMV2oTolybfeqoxRIfJ+Px5L/4Wz9L5+8duFrYFcJIW7Sky4dqvo0scLtbEEZDa3b95hVV9au1LFiOAAAQAElEQVTvPvjSZ66RsuxptTtBZf10/l//06+hnglTaUvqbqCSCaUNbJlkliERY6e0GguI+113EIKcJnNcZo6qk5qoOvZrln5LOnEn6sH/WMhfkqSX9OdK1S7xpWpf90ueiRSoVImBUy9YobZgKNQ2Gc1NjIMT9pDBJ9b0fsOTeklzsrH6LfsJk23EYuiimiQQIiJbk8UMdZRoa6J+J8PJaKCEdZPZeDKboKCSfDMDsAI5SmgRocMAYaWcmI0+l5XuOGtmnY1Od7OzubPZ3ei1Oi2VEycYKRvLa0sV3d9CyzILdv9MJh1o1IEH8yjgO0p08b1Yg0zF4qQ0QVVTGw0D/LlCCeOV/nWWk/hV4rG4OYNo1sgarWa72+n0Nro91YEOhYJiF+C5DaBjW4Xtolq1g++Cz5LyZ1lJIcm5Q8yab/aVYui58BpM8S+0Itb86QYXHLgE50ta0ZblB8Dcaj9nkefOIWKZexQrjVjWaCoIUu1UZEjN76A/ONo/7B8cDvuD6WRqYmIKOv2IhgHW7pywaWwMTSJ9IZ1Johno+lVqfAdza6PqBOmXDZfmTyh/CLwO19Qvwt2GuVxtzFEClVooOoPV7iVnL+X1QtacuH70L5kLqFx4H+Z/iUEk7yYKyShdDymCIqGnajGZjgeD8eHhYG9/eLA/PDxEc5PhUK0ABZaqXKzhK6ILAhMOjmMc8KM1ifpD11bqL2WLEzQ3SZMkUyQB/xBpJHQWWxumBGoTzcTaLMGgqLWv9hy1ecFjc0tJWApP9UYJWLc9rAD2r+mPFBjkAcSa1mkIjczqjiqzJ2v/vD7517yCgmJmugrCCmzQps+0e2iBIgvleaG0R7OZ+l1MZ/l0OpsodD1CQ5MxRkSbT8eL2VTpdASaE/IfGhVppSkY+1vLKrlLNiGkIp7xCZSBCEjnYwDb7cJ9EIyEWddQXsHUNf1VyaTFG5ZSSXNxoh0Y+HgJTD12U1hy5nKKzZ2t+Zj0dBidcAtKNR1fmVyab8Wq6kcteWYHFdweKW3fbLa1temz17X8mTDGy2wuZtag/5Xaz6/VcIYE0KIwHd+O/YmpT8+QBZspmt5qNZMkFYaMFS5mh2awqBe4FMbjkdJuNrOm4n12ds6rtw/2BwrJ0ZZfPU+MFxO0bhX65D4eG4ll1EyajTRRtLk/UKIBsSDiEOEbOqQu2qEQzyOF2bGY7lfXlqiS0pM8rRmoJymdtDkruQF/n1NXjBgvLshORIz85RT4otJwY7wk9CSaRujtkIINtDhRXNk8z8fDw/nocKuV7nTbqWBI0A7zkTIUupPM9+EJIXTip/Z+wPsuirxWCCabBWvzidKjEQloO0SVUyjqjax6HGdJlCIZQH8nUq2F2QKjR7KlimY6wS40HZiTRU2S7UXKYdBBGHcGmB+TU0Tg5mEIE3LTlWt4RPCPteMWB96Wi7KqUbODEIb5JhpBXHdCmyU90Mvg3LDRp0xkG79YzGYMY5GdxTNn7Eqpyud5iU01OGwnAwo7eiP3hkojNhNoV25jlvn7JU8I6vogjXmKoDBMgs3SFW/HzJRjEby+azUDhPl64weGn8GPqR2V+k9tvNKspQBMMYgEpYWP3CLzFaMA1V1339Dtk+xqk6tvdTqKAzna3Z9NxoWEDUVxkG9V1Chq9FqKJR3u7h09eNg7t6NAvtXtHj54oDa9UZJeuHq5vbVRUARC9UJk4RzKIw6BROO0RifVrMcNP09G6kRSoZiFACXsKD1iiFn24rrDs6Tc7f7w7f3+uWaj28hkOUKtsyMxv6WapKj4RzEUAcxT713pLSuhETCAZ9JS8nFCBN624f5w/Etv33hv/6jcI1i+w4Oa+3Jpn3yxCsY0vxRhxxWW4p0b918hlyebG096APL333jv7/61/+e3fvv3a5/axRzmLL1dXklNXYZWAUOCYid/+5Xmm++ITz8/bzQgxF3lX1vDia7r2mVrFesTOAWC/QP5D/7p5q/97k6+iFk+KELjBh9h+RYPwrDFwgAcvwVOuySExzFYxO0hOzM4Jmf3rXdvf/OVzWeutLY3xZOdDt+/8cp/8fcefusVIUKMYbYsZhGGwnXwWXHdcfciGCzoiTBMSVvGPPVm4dLs8Mp07yBtT55slycbcvLJxf0fX9x4phi43FpoXReET5C4yq++/uZ7v/EvrrSS+NLz8BTqe4rJ5N4v/fNf+pv/1zt7u5c3bbwei/MhRFPg/dqyLtN/w6+q7tplfnx+62OTN96LL06TrrEvwQf6WghDJZnlcz5LPCqpqapH+UNPJ+7Trk5hFSf+U6tHlDZ+nK5T5ZyDvT8f/9bn4zvCISUBHu4SjlH1l23NIx+bWSJg0buo0tzKxflFfGkW9xM5iU4tfvqQ0sZMfHY/ujRdZx0+9r4M3354+K07jasb2VbL+6jhvpxHE/us6uNEQHnDX63BlTHPan2clL/iEV95953df/Y3fv3N37shPPNlK/QVlcEK+LLys+Vll0vh/NSMJk0YzWRaAIauM2JZbXHi/dJVVLUpAWF8nIT+SLxfE2NXWqoFnoUKOH8nUfmLga+UYrQ7ee1f5w/frenTaeBrxTty1W6Cnr3y6tu/+TvfeuH61TMPiHbm6a13bv/1//xnfu9rbzh05uGkEC8FlMEbgxDnLU+1ZabT6a/92u8c9QcvvfQc+76VjHsrv0KUOSV97e25ZOVaVq+XYF19I8vfMpApoOTjhH7H48nP/eNf/Ad/7+eVXEfYuDhgeV+wagqda1RU4F0In/M1t0aWYZ7qqlmyAdN5/itfe0cpyi9udWiZyMA/xxOcSBtejEaTr79y82d/4ZtK7ig0ifRmRQhRu8wARIlHCV4p3bvUbqu9ezyLomG3U9iEkVAkn4DHQ/BxVBKkOJJvb5e0bR34rybfDgOWiHGWiaNL+XINNFcts0xw5GugfS8LrPBA3xtkcYLOJwCarRbHQ0nQ47UZw4oO28pM7IV2DFxOmsdT/7FjlOlkOh0r7fJoeDQc9geT0Vj9YRSGkVJbojBQLgotjtYiVXMInVxgs4wZPXUrCXUzafeUvqW7tbO1eW57Y6vX7LaTLGbXyB71DhJFheeINWgAssDOzymiELoSYX5SFuAnbXFC3RHanoRJPJRsjDR+oLG1cXBsVB0ug35AWi0ln2yRd5N2t9tqtRvNJrnVlyRTnqODk3xRkHcTflfKwITC/+XB1zGGSFmmvZsYOm4HQVrj69JMmdpsd4ITAMFGVXcTP4FifO0Lh9T8FNokikjOvJhMJqPBYNjvDw4PB/3+dDxWg6ybKthenE0O0GUOuE+AsCx22MZa6F6+UmD5GlpyVFjysyXvuHhS63x9ybteTrmMOD6t9zl2KVRXse7g6dDbsjaVv8MZ5f4ZoT9rPsnOglyUFBI9/4wnw4OD/t7Dwd7+4OBgrKBlNMpRVVGoQgkZhyDYaKUQ0HFpdpVn88nHDp59Vogrxgt20aT0FFEM2nV+pPtvYuTZraQm36I0DXEAjcKR8dXJq6HEfFWGpO6BX0Np3a27vZIe6ltiVG0ROXhv6a7yAd6CbOYwLM4in6H7Gfyboleq2XhEfk2G6jZHt1jkrdw5LDemKkIYoxdREXPWtwm8shBy+2xCIyGkRCBcnX7zdSE7DsHpFMMN1i4EueJuSaqsAXcNFcZGrlGPfqF+vVfyapDJ0c/978UaackQnCzJNerQx9XDkkw2/RxYBw/KpZTALj+pbWkVExEN+kc3b966f+/+Jz/1ia2tLWZTSvZ3dqBz40WAosI1EWXEwjc90sS/asYo1uHXNaOAmnQ8bic17zVDg5OHDx/u7e0rzuP5689vbm3F5ECiYCCIjPmL/hqSdsWw7e3t3bp1d2Nz6/r1l6Okffv2/ivffm93b1rMGwK6ElqKTBeqv0qPjz6dUvQokahHQvE5CjOOprO379z+znvv7i7GA7mAZpa0mmmzTbuZWBJ5x9aSLlmw0xfmdaKoBubKqOoET4MBEusRww8rSXny5hj2kLkqzgsxeKF/y85O0PtXvjAyFs03SKNcpsJSiPpjSpVMWbG6NWS4sKCY59qqkJ5Ajp4qEpnHk2Fz+PDZaPHjLz7/xevPXd3oZFG8mKEvE1V0Mp3h4iKYJxNnXFODwUBRB8UFNtDiOMZwTmopMT7PLXZW0JjMhRwtFiMFwWimoqhsupDxLE7GEB3Op/f6g9sHe3f6+/fHo8NiKrNUZBkg6KYCAZIMV5B9SLKskTWb5J4HbZe5l7ynKWiNKrgn/gBtOmPy24iEvkBPKjM0dR9OxmNB1qwY4bKJXDjDPLaZrMXVxshsL9m5iEEdaEiKXUUfFZ1Wq7vR2d5I201ndwJanQB24DUUxF72yZIkpxrki3KGFSUYlTPmYwGmdnHSJNfiKsEnsuZFYVlpfhpx6B9CbWqU8mI+mQ72Dw4ePBwfDRSvQJZBkgIbmQ2JYJeSig3Uvlt4VwpgtiK0sS/oJISa61RNEG2TkIcL1fAmwJMgY3pbPzVlISmoEhnARtFssYjTbOPS5Rc/+zkFFmmrVURigbBYoP1UQrtMveOTvOeUVtwJ4FnLSraAkQWLhotmKzt68PDOu+8fPNxtdtovfvYHds6fk4nIk0LxoIN7D9//xncevnczSaPe1QvNdnPwcP/emzc2Lpz78p/6E9c++8l5pHitQsE6dsUjZD6J9QVDBpb8eSrz3WzcKFZPbh0+/55MO4ncSmAqYH/3YRXufXRdTSURjThROZO53Wo9u9G52m33FOqK42YSL3+1WrEfkafMT8t6LylupXnFScZhsiaLfJwvhtP57cH41lF/fzwVpY2ukRoYMYHQlIj+JR+GluOXZGbOF0y7CnBHcAR7x6UcDplMv2jTLsHl6OMvGjXRK5fPb3z8havXn72wtdlttxuddlN81GnUHw6Ohge7+++++s4b33r9zvu3OF9a5Y4/ir7wQLr9WamIzfeIthtzyytID1JlMB82qyBfTcW1c5M/9NnJJ14qNnrQaOJJKh90Tv7rK9hW/Na8ywkwlo1CtnLQF2+/l3ztO517+23kCgpiiYEF41qCDMa+xNtLmQKMgPnWbLG9t3Qx/tGucitGJ0Exq9ylZ73Lly59+uPnXnq+tb2V9dpZ56MP8zQfDmf94fTw6OCdd/dff3N0967/tKTnEF5fXH/BF3q4p548RAswSwXsJt7UwP8Z9YceQvznMG7fzbZ2G71R3JxBMo8+en8eTbloy+lWMf5kvnteLgl6BWtnrpe8tesvTJfx1bfe+5FPfiy+8Gx08dnk4rPx+WtPsu+TQsnobt+c3Lox+uC96Z1b33znrR+kqDoG0Dj50GefgfcbFFzH6EQG1/pXGimPwnO34vOvps+9m14bRr1p1JpDUwTycWYpzbhLtgtxqFOYp9LHufbavOXX6T8N6tGXMpWzTE46YvScePhydO8qHAkTDNqXDgKb1wmH4kBYBKVHwaE7M5yujK0G3KhBZRCrvNvj+gAAEABJREFUOZyOovxhKnfTxRjEHOT8CbB9SnORFKJRiJ1ZtD2D3qLMY61guUR4PKz8Yu1+WT8S4WIVsvS/pa1UNLuy2f7Exc6LO9lOO2k3kk7ql6zWb3ktqG+/I4+ra6iWsbnT4Wzcnwz3RrfeuHfjlTsPbh0WhlfLC70DKlDWoM+J8LWGX+3Mk1kLfYyZ+yoNQyLdqHgrQPosh896iNo0LRoT0Z5DW0aphET9sf7b7KRKv+48oJOqA2iZiImwg/8YqxS/Bn3Bkv5Spl9/MZeLqVyMiv694vCOHO2JGlBx3Fepp7q7UtTlV18MHq3abPnSfyGeu3bli5//xGc+8eKFc1ubG51e96PnQ/qDUb8/3ts/eu3ND7793Xdu3npgeApdoGR04vXVUoHSAITUwWSVB65ETMM89X+aJtdfuHb9+rUXX3j2ueeuplkafsFcLsOJYRnHvlYnC+orWIptdZ2OMVYi3/ffu/XeOzffefvGB+/fUdpnwvOWAdbcrebOPJbXGp3oA898Cx4N8fJ1TdboxOQIVyF+Ynuz/SOfuvrcpc1zm+2tXss6eX0Ck5ISKfA7OJzceXD43TfvHw0mlSKkXDaXpamS0iOu9I9e1WViWeY61Eidu3ChkYiDtLG/s8VKfUasSvHdaCilY8KhHCCAItB1lLRWmEKKK+XpBp21FbZyqPNrUnUQYr4pV19XhULLfI2UXmTjEtsm/ldLL1WaTtkYgpWyzruJqc1qZ6T2IqMz+S3f3oKsDQrzUd0MdHeRFyQ/ALSfmOcDJX5UGswxmp6oCyycky+Q2ULyYTd92gG0fwHeNeKxOfyjugu1OpMsarQbG9ubHbUlbGAcJWG8ZGvhC09BEQ6mlPMFfhQNQebam4jMhTG20Eu90HGMzQwCCGOQYQLcsOTZGZ1weSR/Ulj3JCyuVtcS5Zk61ka718sQSrOsmTVbLTXmSPjxsBx5XykwmA7KuFXDsPEYZIfmNaKz/tKOufSujXPogpEMSyalY5ULoyzDH2MeROwQ94mF9JIjqOt1JkJQBAM/esb1WUa1Vcp0PHTuwBy9uqAhz2xGcZoKdtMCFP1cy82UGsvtffXkCI4ZpCGI8qXPiZsTUV6y+4IwT4oQ/sPnzhjFX1JcVXXhS302GJttXODYmqqFl7Bc4viSx+IcH9JWlouknew6vKGZ6LWbekyjLBKC0jc8Z4FFLkxjSHWJPs6RVBZSaSJG/cPxcDQbjtCCIS9QmYDoAl/BuF5xbLCKEXPos6ekGYgo0E6cAhk8xRwIjEi30cUQp+2UCDwiEcriZWSGVFpzFOENEZl5ac8Z3I1SH8tju4yVJOxYN3ZLJp3rcTJenqlawmG3BV79sgiXrfQ34LqI8LcHjF7QDk9/GHFcwT6P0AXUQqGyWUEKQjLWUwhzYfwkAfvPRkaFcYvd5Rd2rXELfHjzA96J8mCZvRFAYDCjpQXmhAZHUgheN3da7M2DxsWM/NobltqlIYLAa1qifmySrvEuA8ploFS4Ukt5SdYZndTUXNORJ9HoRNSa+lWbLo5LK2ZEy0Jp/1wU7NdEDeLu7u4HN24oVHLlypULFy5Mp1MWU8RRWSsvKcSgehejfTQaSZISgLvW6q16ee2CVfCvbnpk4NHxE2iWKufz+cHBwd2798aj8fb2zuWrl3vd3oJINTodQaYi0rs5CsDA/hIm0/mtW7fHk+m58xc6ve007t66dfRbv/nt+UztvzYENCFpzJTSBzK11QeMMZZhRBIkwOSOO4rv9yev37751t7dh0o/rPBxkjRanTRVqvcIeRJylWaF+WbwwRwWoX4YHh5q5GDeAPmsw4oBMsP55CTNARpiJpZfWL5J1u6PMaew+xATnMXuUgyuZ7M6GXnIz6+o8P6NHOoHpsRFteV+BdJ+19wI3QyuUwKS3RwBJJ/K/tHmPP9Yq/2lZy986fnLG42skzQEWmrPcwloMEIhKmL2aEGeTgaDgfptKNY2zUSCJqVzpP0Ga6GOPOHTgEocNp4uJujOROTogzdeKBUFROrvaDS5P+rfPNr7YHBwa3Q4VJ1qZHHWgChTDY0V44+eD7FKRfjjDAPmqQ+qvYu0frkKwaEo9W5ci6TIGR/6/4tVicV0Np2Mx6rBU2RSI1VNs5E2VFXoo49Y5ILix80Xs7kqzhb6BgETZ6CqVR1P06zVaHa6jV6ns7PZ7LQLcrwCaASjRXfEekTGrPV4j1e14G+YOsUz4b4tR3+JgFYnzabqknQKaQnBgZXj1tJ6XGUomC29WVjGSi8WqXGFGrTFZNLf39u/e39wcEBxDCPaz+C79EthlrQUlHcpSPb1nqcgdmCB+WoPEadJo91MGpkey4Jxjl58VsDnNAFSnzAwYlfJRs/o2LOQabu1c+XK5evXN86fl1E8nowV1ERpjCAWJ3q+yFUmbywDoxOjLgBtQM/OqAqFXhVre7i7/87vo8OD1mbvE1/4QqPTEg18ez6czvYH777ynbvvvtvoNM49d7W3sXH79Xf279xvbmz88T//ZzaevSQyRbQUgMa88eNNqZlHu4HX3HRIclwBc0sDop2whEVDJAzrnXA6E27ho03tSF7OQMHCvtLgjmsUkCFnXHkqg4LHFnLlpFxZ6tHT2lPjf1hWsy3l8kmYsXR0S0zafCmNzqIQemOp8V4hOYfWstSmJNKZm9CK11w2XQDCe0G/tHXgnQCboRTaVIVdedCKpne1FQvZQkqTI0z9UnoX9DlqoWcHI3XhwvbIYhKnigzGSD+W3uBIWTeCpRzpjaobSuFV5IZVuDccSEoZTEgg4fAXufuQqDRlFeDWpgChGP5aeBwx+I/AYStruiD0VsvjI42AnGuHyCspdGRBrMRE0AZwTKa9Bd8XFbi2giO0/heFke15WLJqdCJMMXCdE+EI6Az/EdSNl5dZQb91+VXkCrXvQn15I9zQb4JtrTEJseMbmYmxc2MHx+6K7SS5SQS/jKuBC7k5Am94PZiwrfNbKEwbvJaD13cRgFupv+UcEHUViCWjV3mwduZ6qcQu+Xg0RK3CLXnp8IQM8ISw4hOLgfzFHzz12DmD5BwJqsFkfjMcpoCavuhUHnjwkYH7tZMG3m9QcLnRiSt7rNEJl9T9kF4Eb/NXSLC9K9wFZnrGyVDoAQeD3M1XzCoMMPOyde8hDLO+3JjwbeS94KEmg/eEN45u7TrU52oOcZSfL8LGVS+WEwEPbGXlQRVspV+gBPKi5pm5l/V1lN4vs0hLGm2XytKStTscb0EFLZel/x10SXftVqgt4ItpaTPjvk5sjilT6FfYwoNsQcwCJ3CVhWcIUvCfFl7SI+nla3ZKG5TQ6yafXveMTngDJMVxRifCyDwtLpFuVHyOxA3FqjkLZsFeHoNYKxuNFeXL+MG/LP1TLcCXMihUA3RyKfckS7xWuQFLnq7aSHnPQCyjWP4+r4xFHT4w7Fo4nj6mEh4rVIfJg+9YXk+/4OE611IP1QfIyntRiHrmJSznpXAeqyvdH2V57Lq2IC0rHwkqqZ+7sN3C62qYD45XBvCGCMBjxzTzZBmtNYxONIvmvOyb38h+gHKMgjUKXhfCNzE2ZMeSIuG1z2ugCIm5T57cONiOVyhOkElqXO9aXwFUiNcSO4zS8qh5ril2WIAzpQjAVriSUohKb7hl+Ntotrc3u3Ek7vS2hlnC6nyydUMRfZrGHKDE4UuQYUVlAKnKUmo7e2wyMiJdqVhuYuJ6VBJQSClEPYmsNvJERicsgE1S1DjMZzOlOZwqYeDRkbrubmyQmw1I6SmLZzGKu2VSwdXJn7DtlJ6PWDeJ1DAKjI7F5vN8Np2hpnK+mI4nh/uHBYqrld5DqzYFywZzrk1QEHbj0924lcW1EkdKuhwl6Ms4bcS97Y3t81soHk7sYq1N2sZYYgghsn5AiTqGE5rPcmOOoyWKkqwiyHBE65vpiOOCDk4WPqvE1Js+SlyCW6ok0iR7i5zi1vMvOg9vJFlTiaebva1NE/sG2CUJTRCrenPtHwVdpOR2oqlVMY0GlmPTEDCmQvyP8Szl5oiTEBbRAroVj9C2Q3dE6tj0C4rFJrkvDEoVaLQ4D8eUHJywgSk5mkBBER4fnSqJ+HQ2xtFlu5kQl2uGRouUpf6S5nh0U6v424IfbxqWBc2xffKZCFZ4F65aWUfTpJQe7hEa4UGF8ZbBPk1UMIVcg1DVNl3K499waAzcR8AuOmlqKWxzhViCy0x1tSUgeN/e8Ocj98TUL9lWDAJKLkWuv6TAGHlcnHEFKgoJzKeT6XA0GQ2nwwH5iSdony8iCmrBFDPSNgXYP30IGw9pAQbHQXf7SHEpSk7MhwgwdA6620m1/NzyR6TEMIhFmEdAOly9bwVPYgLesEmPqtpB8EgeLKcp9QNaSnKp0Qk/NatPjyjvZmx1RdAKvbN2tkamHKltjGCCwh3o1UGGfbziiyJnZIVDhQZoaDg2J6MTMB6b5hpVEpo2RgSC/NZ4BrzSqqBJkKz1dMKID13HhemMCDGMH+teYwb+lp41qU1/ZM2oeh8QHkdhJC9ah1voolJ4xsyCsEqZnvqS3VUJ7Ef9rNUOEsrVgsG71mrCa/3xH+d37eUTGV4H6pLHksJaNVVeCF+2/LvCETkZcCrq1Gg0ut3u3bv3VEPUNTI6dCjfhqsCn7iZxDTVN1JmRkRopoe5bnBi1ONSVMvVUsVSW7PiYlMqZYXhms2mwmeSDOZCDlZvFRReVSiw0+kqMjsYHG1u9JIsU92eTKaT0ZjxoCTehsy3MM4F8QnE2hRovBWRqr3V6SwEDOfIoyklO6tyKYhZwqOkz4UI4baiZiPFnTGbKggaKMqdXP6wWlo8OQlsB705r73wSoK/M/PhM/IAH8xO3wZOc1wkCO/PgacbehmHEFjamTJQhVDqAaqdU5Bmt0mbQWCiFLFyL4Y4jWQWy6KdRa1Gq6kYcIhJiKY9UUeSo4bhLYa5o5hWgiGNkTbhWB25xLBuVJhsNjB6FHIuBevtib9IiLdUusd5sZgWszm5teA9ttBOGQzPKNBoAWNjEvtMxvLkjFc/ZG6YWXT9P7CblAhZWPITAehrg1lsY3Adc+A9YQJMMhvtFCfAYkKuUJFLFnUXhG3QDCVOBDj5HM+0k9HogffYrwonBvVwaPEltqXQ+zqmxxHtgXXU+XCJndVaKtfjdhde7CHhBon/xzifEYeLEWh9rxpsV4fqAB/CEZY/C8VkBpUTf0OziW5rEt7tk9WPa5jttdd9swRZFsANYthQnKLiOaeTsWpbh06xKxDN0M8Nmi6TjbxeM8LGQLQDAR51t7+0ihUGTdCuL0HXVegabqqqanY73V5PUp1p1phOJ4vFfDaZLqazVq/baLemw/FkMD482Nu5ciXFuLCpAiKUH2OnwWPj2exFuI5WJsjLi9bgQkrjJcRK5LwW6n6yUy7ijbhAipo2ZpNlp96f0m6evNmwJAuWlINVb5ZSDYvuc7IGPTpe3NniGRLhLgkAABAASURBVD0h2K2mYYCkdLjTijYsmNs6+R/9uq0InFRA/8gljVuvl7BuwfCj1fJueJfVA8tmSpwdgl/yZSF8VFdCrj5OKONd8NC45R8tejevm0/YC3crgn15uQ3uLXCNEY6E2K2A8HYZ4fuOcwqbBGFnXQ+9KfIf+TMANdOybDlVMkEcXxL8zoZPwFXielHpnYBg2A0zaip3Y2pZSqEH09ZsnwrHxZqZFm7ezYvCnykfmLyOAATd86Aq7HYwEqUBgqD8krQUu8MaOY+YYF0MeixGqIEyURq5R0mlSmS4CIISUJmrGj1V+S0I5xkqTYfKRbl5dRO9dGrtd43oEmzH/PxKDVCXKZauew9h1KwnW8q8UNqS+Y+Eh6CEWct2ofhrqIyQwyaK9QZorXQmkHU80X3UOj/aJCsXy66XlZThI+nJ262OoprvXXsmEtKrR4b1LG/bCQfzFGN/DCRVNhpwkqrkirvVZY9LcuVtpbSsLcOi0OWv+buxpUUDtqt0EeJYEOXxBO+BcNxEpYz/prnxP+HTbfCuyg3y8VOA7ssd8As/plS75kpZayrxMNkuVeEVRMC9QshueQMK4T+at9LMK4c4d2+aMphcrChhRSrerbAyGHCvCytE8gr4HLAvRXG0JwBF8MmTGwe/4/74lDNlpUDF4kTqYqJuVEXtBASZ4D3xoa80YeEjdwGl+tUgKwlOM0Nh5/1uT/Jx7EIqMWGjmfJBdzNuVtEhIeh25A1DdUmWvrpW0oo+C0imwuMURjWVLEvVRlbLh9IjcO0h9QnFQImVMGxwdLT/8OGg31dD1en12p1OiqY6OiYL1RI5WatXbfnCgLHHB3EeC+liBTzj0WQ8Go+Ho/FgNOoPhv3BfIIGKHzAjf4X4E0Et5bUMyQ+xSO+BX4gRjc2aZa0Oq3Nnc2Nc5vdzW6SRmSDou0xQNSpCOm4HbkeIeuRRW4sPEhAqy02YqvlZuNpyefsCq1xJROQwrPhcHPgYSeya5mhlw8Srmqlqxr2rNFQmp12TymIujjajcwMteAI7dTCBV0utPMVbgavPjet+uuRDqMTW+8pOnqImXTfNEI64yRrf0PmJjkPhLZj0b2RFreZ2TAfYkMZiqKTpBi9JM2yLI7Q6ms6mQ6OBmMlOx2NppPJbDpHN9E6VhFL2XXMDd0XtjhzywQNxjy/JiDqg+NIu2Y94PedKUWErBh3Rm6Bo/rAFmBDu0hUtMTgX0kIsaMdfnksQYISfqm1ISuVWTdF0iqj/eZ4566ELI6tJTCeEPXYT4bPjPzfkg7zDyMM8GxiyDk6kHE10DpHaxEFZfPFuD8c7O0N9g5GBweT/nA2nhTzOVln4xpHtyVkTWJtMUnTRJG06JQ+RpxAtyYpOTdR6CDFkDrqFgPwJHQ+OdbexSKrNLDk2/RIQx0fW7X0vcRkWVwUrAVh34mc/z89Kiv+liQolyysCjDA7YSKWLdnfIcYxhWkNtGMTEEzWVyNoerkAN70RpABBlm+E95RSm61ZpV+ZDFDjyYLOtpNEcFEwfo1PM2OIQhIsUVRCjQ1IUM3EJaV8QmtMYHRizagTcIBkG//TsTajLEdbEthpBtpWDXMvsGlRumGqSPCFJnDdKW3K1XKJfmlPzC7wVJbDHoT4X2QQmGHPQhjEKYUazMG4I3+k+un90NKUlOYyASC7Xa72zvb/aOjfr/PHlBqA1jyK0zpFTEm3gBsPUzBuHoAOMVuu/QtMiYFivmAljEbGxsq58H93fv37zfbrZ2dHW8/oKOBCn1gpVAoUKGFLEt3drbHt4cPd+9fuJBsbm2+/PFr4/Fob3ckQIGBIsNKry/iRoN04jKOsiiWGDRIxJKCVPQ6reeuXp6nIB7e2+0fKTS9EFP1qYSC7CAHxhgHnEVmONQWzXw/BQkAanP1v/rHBYsCgLU3DKcfb7sj01801JC4YWYrqASGM0kVTepPi3f3DzrZQvGwrbRFjiTJ+DlCaw00UlJ8nvqVuSLBiiNEqylF141tAVMdjmgJZMjOVlQqP0nwYQGpmGMoSWSwibopyqJ2JBeS7jzOi6QQh/v7iiIpJjlCX5YE/ezMgwgjhiOKmAcijytZxBsG4bZA0jC3Kp/NqykQn+IfGqKluoj0YIaW+ItiJohfjVMpmLah/0Z1Qf5aMOmYD4WdLzJmn0m0xsR4mKpR6CepmQEyJIk+RyKE5nK1H5uAYIE1oxbHs26IiGjg1JfnHJ8L3UXireLHPUpmN6XiMSUHq9I4IdTjHWkNMtNsGTXabTISRl+X48GA/DqC5rE5Zrn23cFk2rRcWIGYQsJqEwMcjCyaJ4nx5XjsktFoM4qEcZen8HmhmSg5H0/27z9stjs7l6+0e90ihinuDxd4DoBdHxDSw92gdCygArkoClTbliiosgqUFVd66ZlrxSw/uHv34N59tcdutdtS5OiIrxldeuE5BWm3h+PBw30FY9uXLm5fuTx7/9bh3fs3X3vzM9s/qoAPIm3ZZbaYbG1iLWfBTkB5c3iqxEdS4PHByhOT1Nwd5WIrEQ2Q01ZrOhqVCsCjjONHnNajwwBrWVJXR6L2RRB+wC3DDRvMI1fUCnq3I/2dZvXaJcYQxo7QUFAPAwA7otNP/Zpl9Zf3QSF3LtcdinIWCPvdsItezrGVnDpBVZYhzwyQjwWqpQX8uSw/MlwPvVxTg85yG9hwg7fk1r4loea7p2ZTPxz+dt2v2DGRNcTdr0SPf2koSw+0Ya6ryKvWvBl+qFrf0pbii6UWnXggz3zwpcFSH0aqX4UnRwW+hO24tV3C08EteMuydBGkU4768tdOWeFxCBqCR2vjvEpBHRTs0VMZF5Wy/VXoLavat1bgz+CLsp7JP8OFIx+5wGP45tm/CWfRkdqFtRqMj/0uPJYRXj/J0r8nfv+ELy4D6cefZPVWnqrX8pEnzO4ra56cfnDA/iyvsP6jpbZAeLlMhw6V4is+tqxbK+G/jnrJpYXWmha5btnHzhnWDBusLse3sjzTlcmDWuCCVQ3gf2B54eOS9J3tWx9ilVK1VUPtrdR9PXaq/O3fyiEsw7UgNyfNBqoMDuJkkWOcFNQzRpBmKR4w013gPe9Hg7ZOl+SjI6mwNmnOjLMORWkQh3gEdjIZj5WiUeU0W60uWZywpw18DXw5nvROry1PToNLX6TYrBiEAS0opkprMxxg2PT5dLqYYYD0+TwHVvk7OUEkjW2CGQUdejuK9ak2lN5maavTRl/SbSX8bit9C4bIIFkzgJEhUoXmX31BFiM5+ckurA4P2D9HGuu1x+NV6M0X+jWhCA02mHvJ+MZMljQWFFQthXmigDI5f4KOC0eqzWqQ1V+SaWMNdlSCzl6EdgYgjWtYc+A58FbC/5rh0tFzIjY2gcifcT8YhFG2S6tN5yLseUUfkyyKFYAHkUusYo/smWf6lppcDiQ0nWCcJraVoe5UZAj6rCjf2EadNNU5gfYVzLrjtqRc0jt5Ov7pcYvxVyRftlZI5+VCnqojIKBKLmW96KeOxvikDBhVsCoG5x9PaeYF2ZGgsF4t7907t1E1tFhMR3j4E0240O9fQb7L2awB3d6bU+B6dkjnqSAuYZs5PC4b6UXFNh/oZT9ia7HYueTldQoh/pcOIXjSrgqf5NmdrBbCV1DB404lIPf2oxDsu0ELZE0x/pc8KAnB6GZRLMiELkdFIbtWYh9CqP4mRRAa/WHYIkHH6fkjJj4XHfmlVrCL64KCCWijFi4j9MIjihCtKeK23VxSuLQVX12LFJURq3ATT0Y6tiXFeqNXgtU/6EYnhq1wfnMUubx08WL/6OjWrVtZlm5v7RgnAcFbPqVHte58nkjFfsSWJAtpT9hKfQtitb/M1Yk32AnF82Z6PByOD/cP7929m6Zpd6Onw1AgqtWRspRSEyNKYpQA1P63Wq3Lly/dvHkzU6r6i42LF9rPPbczHt0ZDUdxmsxmk0KkadREW9MCfb1F0CLLXooConB0vthuNJ+/cHE2n40Ho7HilWazBQmjY5nFWYLnw4HUruxDQgQCOvCR0ffTyhSsUjAuHfWmic1gWRnG/LGs20xxDWEQMKq5cAyQDAsHyRT3y7CHDGnfYHtvUHRcivFCPszhjf1BM70fz0VjZ6uj1PaLOQYxTchrHrLKOvhMDBLtTpAPRtsO4lJjtjvBYnlBXgyNI0Si2S3AWHfEM2JsSZW1gDyJ4q2mAv+tVjNRQCsPDw7wYU6Rc3KRzyFJ1eYAJNq20zpHRhSmM5VXIGMcs/GYZZW0FTlpQRSA8/BjPNGswaHV1fqazaeqnFryTLyg0UA7VlVZwR5cFhzsRYL0EYWksJHzYsaLd4KGO3mz28WgKmi5khAhBb2xwbQ8fPoaqETvXuKYTEyEmE3J7oSMZdgzkx+V7UNalBoHSCvJ8MQJiCBjSFrNztbGHP3ayelwRGEUeYZw2KjjNjKrtmKT1r1qxKMSkdu1Qu00VF7WbAhYyn5BdQ3EEYIfxW5Uv8iA0jBOhsP7H9xUtXW3ujOZE4ygj6ccZ5vDcHBsTfo+++ADdvQT6aaarqqsOEsVdyUXc4W3t86dGx/1p+Ph3t377XanvdlTIJS2Gmm7ff6ZZyb98Xwym6jn7WG720mbqVoP733zO+d3Ljz76ZelMNFCzGbGbIwNkfIY0CV86vEGTG7A/yClwzzeiPMEoNHqKoDkGGHlBCdiW5+cJE+95ss9DqR03oUAQ6S8axHy5eaxpih6x8CKUxZJ6FftyhFW2IToVbJpCfk99LCKDL5rtp5hg4/plS5Y6WfpoVxZaX169KI1g125W/GVZY9O0LCVSRpmRZw46be8Gsr1LKu3lL/6VhxXgwEaI1+rt055HCmYhKWdrcjFakseM1aaei4RVNW9rJlNb1rkSgmdNCboUK1zCZTYnOMaVnl1+RyvnP3TPwyKiVPB+0lSeXkyyjIYUdaWKWVZk5Rq5SUDlBUVigrOD6pfkeQZjtE6yAoC7VXNi+sjyTOk83obd7KRWPKCl32qaj+sdFak5fspTGuS8pMO/1lN14c+7Y++AGTN9bp9OGlfH2FszlS5BME/q4oseXhsax5Da5elEw+qXJ4hxdL6TjHXjzYIp56dmlJO9uKOlpkLk7NWnbAUdECskxU+BbNVq16LEsgvMTmAJdd+ZpW9PhM0hWG3m82EJLK77ZblUeNEx+DmT3prZV3ByyOmYw9crU5nbnFScNBbIZT0N0lTdT0aDg/39/uHh6qpvc1N9Yd+KrKMPFILYfWFx3TE1/pLGl62U0EXQCRVVvK2xXQynY7RxbsSDy7m89l0QucYC5TjSXAxC9hTquRDgx6DD3RmMYmzRqPRzpqtdqOJAuiGEkCjVwP1KMKQHOwH3l9x2jVFbg04pJFHo7ULWkRIY0Jh9NZksKIahkOG5imSmkpKceF0qDr4DutaC2u8UvDXVf2Cxpx9lgCL2tkfSJqyxYnqC4EltnkxnZPWt+A6pdQqYRFCgrSGJNzxRaI3AAAQAElEQVQMMmFBpw7cBQHaFkQIadywmNN5YBXn9kAg6o31OGAy5ixmXiMX/yIy4csjcpduPanY7bkSq05nalbH4+GYKiOnJjb+eKDsx5witEExJxj1/1LIU2Ftszd2tw6CgpGsA+cqjJfQbCA2MxVae4iPJsFZftyNuanTO3pkpYXUYT0OGrTsQ/N6QSsZIzGgX/3FHBfcfL6Yjaej8WQ0mE2ms9FESFJP5WRxBsbzP9uLsHkU+v6xR1upMeyBiLzsoJ8NjqwTs7IiwlpErL2eAyvddGdkVWyizen4Ev/BI8lGs2z6VeP7YBnbFR4NOkOQsOAX4mEz7KCjjYGdEaEP/rGdjdbUcKgy49AJaQGZmrHx3YK9PQmMoK7t27T9WkSzqcYt5uBoiHKkth/BaF+I3JSODz3T5IKClOGMCuvSxGJdg7x4ePRPzSiVhw7qBSFUVDxCCjDDE5HW6I417xMhlOoKliqbMD1x4XVArG2Y8Yg8fGCtGdiOqYtWq7W/t68WxYZigNKUSDiU7Mv8F+kIuKC1EYMz3iyKojQfsI7wGsJ2cv1CCi9Gnr4cTyaHR0dqeXW6HTKm1m+YJoqIwn8w765YX0WlFa6dzWadVrPRzFrNVBTQ748UtpvnMo4bBQXSQkszmQO+nUSQINKIC7XaJbpJSBUCnhODkHP/3LBFoD0xmpgsJZs+CEegDqr8WRAnGqnvpeQvWo0TiWcNHBhE4KKRlTZhIOxmrR6DgChLX49pj37FuoUzrrPcq1ECcTSbLCaDYUPI871eL43zxSSNRcLMJ7nvKBgkpGQ3QgX5BxTEpKYJhpsxEWxYcU5QZRjTmD0OCrYIyJEwQR5HooG25rjdm+dqFzGd5jPBfHvM/IE3SGDHktSVxIELj8AYe1PzguT1FGlHgTFSPMlm5rn2+sePQYc0EWSSCY5DMQOsg1+xYwpj5aZtY/Wa1StXgj9Hwvjic7XBis1+JbE1D7aZ7Oo5IJZ22Kgr0R8XZ5ZWSPL1fBrAYZ6Ovm4CJVLALgUyUCATsqARjphZIO6Qw48LZh7A4yCEUWLhJp92O1y3sbj3t4BgfNdpXM3iDT3vLp84SKk5XLWTmc9mcRY1Wq0oQ5ibzWe2s1wbB/QRQqNAD5u5yqmbBUUwEzFNh1o44/5gcjQkirORNrOc+pVmjXa7o97pP9wfHR5hjLNudzYeD/YPd+/c7W1tdTc3ye4p4LudGzQwfvnsrR0BCOETN5xrECZLAU8ILXCW0PUhJQzSBNCMhMIs0GgvpuOzlb981AlOVgZWPIVSphShwKX6HrP8whP66U1K4AjE7PpNaZ1DT3kH55cUwtr5sgNAsDn8KV1YamFy4L/E+zSUt67e11cMgp8H9SXWx9rrfunDTPK4JnioxkfxnAOuAASCbQA/E9w7vlNR0IwjkwuwTzX1EJaMgN8AlwmOaOqX3euW+vmo0uFM8HsH3ifAdUGE9D5Aka5YuE78eivDWH9T9/qqkh53VioPTrbmd9a+ZWYB3BAJx6aY6XCjpt+xbL8QXhm/Wvefq9xVAML78dtjOgjhJNUMqYOfcCTq1uEa67GGcC2dEvHoCZZc1xY62QdhPcA6cSpV5GOJYNR9ZCAqa0SYFR2+VcYi5VpK1R/fvHKm3VBJUdvYFdNfnatlhcsl/UUg9DoTwl9P3roRQngrxj3y16xZqQFSqqCdAJfBel36XklPDecml+fI5bdyycWxtwz5Vochw/rlkobJSg7UC27Fo6VjYbC6sVgTD5yuZafsT0lFtOaHVu2ZSuw1LMFyUCZ1/rV9BK5wiLo9+l5bxmAt8LIg2GbaMmFLQ+7Da0wl3/XEb9l6aXnJ1XMh13lkJUbimKr0yiiNnW0hCE/sYEfG8pn2VwuIhH5iBUaRoQlcMtLfMUUjLmDICQfhAWGCUBuBgbk1gluWxoDXDm6TcF+2LQa/Y4479kh4OMWiRJjAH4ol13pM7KCWwkvIuvqr01/mGEPO0hUJnzpmQNSAIY9qHLd7m50WyvIepumAgiyg54g0bWC8Ei0Yt5VL6Y5IlJpYafK6CK42rRBZrCPNWFPicax4xy/Azja45slo9ODevYf37ilBX7vb3dzZ2T53rruxkWUZuygQnoIGx0u6CjlJG/Y9NA9goR9bG0g8MCvHw8l4OB4cjYf94fBoNB6O8gUGWpEc013GJDSwkVPAITNgmWQcZ2o6s0ar0e62Ohvtzma3t9VVF412ljUSClyOThNYuIdHFNnrPdUmyftwwWFjCkmBcfLxaLwgLQpLmLEGiC3nx7Ym8xkGxFG//AopZYXHZuvF63fexKPxf3VRNbDNVkv9dbpdNc4dsjhhfzNoeIM+uHMdP96dTQULDH6dnMcyTzS4QT8pCUubSaBqbFZChyWsq/fiTOmq0SxmPicbkdzq5MHEE+ALNjRJyGIGLyhpkxQMOJBPJ5PRcDQaUKSkGZ5oDYMB0chqxbPByjzR0kc5wiGbtW1OLJQ6YbQbN8E1e4Nam6yEiv/CNlm8r78SfJcKPEYWV644tOkBmNCy8hWY7SSN1CvHVlDiNyOLBkJ+yY4b+zIhAoh+9eeL6XR0dDg6PBgcKHH6oRK5zyYTRAEFrX+U3KNpA2lWqQ8cTgdVoAlQwJYoUbCXKE0VGjypX6UMzTK038oyNC60NiioD4o1zlcADJ68w59SQ4LBaHUFxcbx+uVWH+dYiytRNxcAcCwqXmvga6ab1fLgaco8iStdiYB66qeETIR1XmTs5xSuUQpktd7n7D0dNXqgLcnUeGbNZpYp7YfCtllM42qYHh1F0NggshWjcY+04HBjC8KyudbQCYO5aJalFCZumq/+hOO6X5gWaCRS5VVgzZH0zz8C64lOPWVrrCYI/qnkh/cB/qm84REC/uU5Dtd7GWj91/mNJ87oBFMpIlXd3wlqW9aWcDH7mRjrTjEYWfrw4UNkhtotEx1qNfItgMNpcZbUHuAgctMOS4EzrK2SQ+pVh4YYQ+Wkf1VK9sl0qvCc0vILvQeJIrcHQX8RkefkrdlsDBRJXiwUB9XtYCQ/RabH47Fa+42sPZnMKTYbLlr1lsKvaFCmXo3JZhA9GyGGTJNUfV2R9dl8roNfEGemP6sxo2HZgo5BdYOybF7EKUbqeyWF3V/GWHj7rGU8x2ou5ziABF9hTyiSrDgjMOEJBYEbBSNTcBKhf495LmbTXiPttlMoMBxTQoYYClgXxAiAVRyiBShSCgWdSMTTVIEWmi2yXaIGdc3JREIH1hNExCKye5TADhPzmAzFsiRB/zvTGQZGiQQbd3ikkDcQyErQ0kHfRIqlYHNIz7bDH39p9oe0tsk5ClI7HfJTuwzkoJJczJqdWat5ZsGFdFSKHSMyr03LJQazwdeNtTsP4dOkYylHdfr0BGH0H9xVIAseU+hLV0Av07NaS7K2GQBVTOvokztSgMGVgKIiJmos8/ksZ5PYwsg5zVaBxof5FWnRjOkuxGQsQtu7QgGWeUd/zDbLtTBoK/4bGbGLgsmiYLCValOjQL210U0aWS5zbpDunbRRlUH7PDHdFibojic+QZBQ/KlivPADMcLtVKHh/qClkPJGTyL/magvEvvVGA+Gw/0j9Wqr3UmzdHhwMBli1MkLly83ui00hBLCF6AELFE9ByDCtX+8T0moDtfaMHM2/MOHniaFaEcyRZwhoNGaT8Y1hWo3WHWQ9YSlNcnradoPsO6h6/oyJRSimdvg1gYYZVTr9hB2i28OFYAoPfKOr/jsHCsGpGsAwDFcfXnmTz5UvtTzZO+tvF3x+NHA8di3fd4cArprYCnASOYVL1NTBv6xSNvWAE7/6rhJVwxcA5wWVqNeU49+2b4OwlYuPAxtWmMq9GrzypRwK4T9EsL2xT0NRmqdMV1SBI5nB6Q3rDXv2l+PdARjYjg8IaqcghF12nEPZtncAtgpFYYCgvtQaSJce0D4H/Kb5/oJpaGxXxe1IwOVDB8Ml6Qa7L6s+LETeaKX1q4N6l6BZTk1N2XqvAZcrX4I/kVwE8ykKM0AVGfYNc6BQjDjpeprGlHb9gC1a5QfAM/Sau1jKcK2ryxfLQBev2rWkwhmxc+3C8Vf16DXU9Bt8GZSj3bwtNxEsSTz++nR0/qDKZfnyOW3UqxndCLLT4WX6b9euhbiGKMTsZJXOi0sHftedWNxKuy8hvD2w08Aaz2DpUU9bOlWfviiCOhuiVyA3SWWSH5Ql7+rFx5/ZF7wSnpXQYPK3y01VHj9EKdM6754lpAgyw2AGs4cPBLnGC7LGhmaYMRDZoT52opYwWNy8T+2NTHZgo+ngRCuvOOMTYXCiiwsMXE8X+TNHIS8OvhU2bbXdNARJSj12h+ZMLOi1LEaYz2wpQpL9QT3lTnwnvhce3mhlIEuqB38CpVsrdPbajeV1lEq8dD9bg9Q8wjoDKORenUGB1xB1HprqaCztRGcn2TolOLYMo+YAODYAtIctLPffXDv3tHh4WgwUPnb585dvHxZKSOUENgW8w9M6wt9DNCrWktWSeBrgYgFbIWYT+c5KTfVxd79/cHhYDQYTcbT2XSBrg/QzTZH0EA5n7G1kGaxarkzzqZSKzezZrul/job7e5mt7vRbXdaWStDnbSG0YJEyHS4MnIwY5WzBQeOwGP52nxEkIOcVKma0gzdJrNwW3IMoAKbjRYn2P4cw8bz+TJebrFeJVy5tusAa6gjtGYaSCCNilyymlHK8Uaj1W42Ww3112gIGmq29lhQYBGSSwdJhgn0EWswVaPsO7bGH8L5XLGxeYR2DIEyftLN64BHFB2InZugdcjci/5jqYr5UJSwNjrDHqCFDun49RcLOVOSWTW3B30lKZ1NZvm8YOMVEttCsOys0rTwPhOCkyjlnDSVX6lf1IwDgmxRLz4XvOEwCFdKp9P3in1InpOWJMlhUGqf2FW6VkVMEku5vBj1NZUxuAGAfeFwEUMseJjyhcpcTKfDw8P+3v7w8EBJzodH/dl4rDQLElWclhIaSQVpuPAvJqKZoHSeg+ZEBOcxHjfNyNyEbE3I3EpbmUSE91kdxs3V17rZEIGfdE5k3AIx1lKIDGIIATN4aw18+xiSE+hKz+LJPJL2Tp+txptC29hJjiJW6OBZ5OCEkWTE6mTyGcOWZBizDHEKqXBocLgAV80HBY0FizBWLBo3FoRaycGJ8FgPAhWpL0QhhTOns1T92PFkpOTdioCHMWlFPYVDLiby1CPP4xq4qcSxlPNXlQMhlnTT2thVWxCUBePt3898Io1O1vzWma47Z06LARZwEbTbrd3dvcFg0Go12aZSrZkyS+2xR0ZvCoYwSFOz7z4B1ml3DbesTdbdd0mLLJlPUNRakVDFRmTolEXGEYVLdPsXoTWfpJxVy7rAiHdjtVAV89HtKi1m8uD+g8PDYZZ1lYpWLeEIbEA+8vkWkyt7Ml5RPYskWraq7OlsPppO8oJdsfFToTEFex3QLgqEEKF80Q66LFFdCB8uwvfahQAAEABJREFULWBYE/E9mcy82SQrj83E2jFZsmogIFgAdS4KAWrK+BQO/ylYwS60iQbzANaqF3lt8iGm9OiKm56P83yi9mCtNGnEcStJisUCIRak4iu9FzGxPQTCD1kbCB0qDMFbfTQi/0EMTwhZdBtTg3LhgrQpUtNIG61GK4GoWOSTyWyqmkHGIcJRF1qYWD5iC3jQLtHoOSsd3fgKj0nVttdkzM7EENiE2xZ2wfxi5wyQbC2l3S4ZPkKyozC2AiH3iZJChCa0V5EaUegNRBFOuwz44jXgX5oQnkAOLZnkYzMpUBc48cGHtpackAJMaFZriMotxk1Vwl7VYg7LycbIBH8+tS58VOyxdBGZ2eldDQdeRXsmqtyJD/wuQ7iW9PBLHaMGX8Tgg4odmo5H6n7rwnmE0YTd5GjMrz4Xx5FRX/vyIm6UlSmxEz96k2E9QSsb1dHhwZECGZRWtFq6iVKg6CJLJ8PR4b37ijY1Oy2F9RXfPOtP2pvd1kZHFeQNZF4sqAHMYwnrzmbJ5IZCae7k8lQSZDhLZxdRjjLrXKt9iNB1xmlcQDuWKXIFAI02mm1VtuVPZzr9jKw/mStZXVgV9bWs4tCxtHi76Tawvj2KdDmMUyDM9OxR/Bzw9Sxgb+tFgh7lWncQQKzzAiy7W+szZ7i6llQlVz303gZXzi16g2vtPfiD4lkmCCdZ9/LBq8ESDyedN1WCR8a810tveS/7+RA0vlStCGszzXPFAvG17b7pIQT54UitM6bL8mGNko7Al4vaoXC8kdD9DDUfusd8bXgifmpGzRawow1mfMzUghtu8D7kVeJxsgH8lJrn+mn5CH9AQAhRj3egkgHuelmqx3XrZ55Jenw1n7wBUL6A5aWDUYdAXQClNSJEuK5dZRDMaJmTqDRnaWNkqbCvXDe/sEa1tY/qa/YelQtbdGezwvXkQ7NekmCKBSgFvNeFW9d20Pw1FCBksUYrV6Y1JF6PO7k924fzLT89pkUpl+fI5be+9Ld0vfpWCH8/Wb4WmvEKvmsz5XEtP1GS9eqW1almq7GisHgsSZ7k9gQJ1iP8IJZTKY8/qb4LrkwJPYiQLAtPOB+W8Yu5dwKkXv41X/URVIm8gIcYRYgkP8wkl2bUroljUjiSLhOCUYaQ9QJfiGBZY3cN4OUBBK9hfmRcmAj72Nzq2XNvVW7pu1Hkldct8ZhKgBAoPAGK7qCd84BGQnhbygQTK8U9KnF6Pl2XNbXV3QivLUFraxdKGe6CPjg6mqQN9HGiVASxnEp4v9ORMWQZe2KwcU8qQmwolkBzBZ2FS/vUliImyIksydWrmeCZhlQ/t0Ji79fG1wUJ33L0JVBoUS0pC3YfPLh3+/Z4OFR6hO1z5y5cubK5vc06BX5LBlI+geBgpYPCKhTYiXtEgi70MUKn5Uk8UChRmJxNZ5PR9Oigv3d/d/fuw+HRcDKazCZohiILss8wpxsBdNz3gsN443EyiZ6705gi6SRZU0nkmu2emupup9dpd9VNM8kSlERH2m0QNYfaTM6OadopfETB7rxRzKvP35PAEH17Zw0dSChKJIWZIGkwuwCYL2ZkB7JAOTfBTCy0l2gwLgQKCqXNrgRYxYs6V162JAbVDlT4SkEkGUI1eKhZ/mgTKW51s0nYLqjBOs4OK4zt9Bu/IxyrBz+hJSlSq4Sl8UIAWllP3iES/V3VTnSWP5upP+o1+igwPQIwYXdsJKCM2pyi7yBt3YL2ADHG15hOpqPheDxE1zXj0UjVyydCeSkZMY+TSZJYKHL+zyXqGyAEb899Q7BYlq2C2mTKQFlHL4xOkM2DzIAbiPFphPRWmXM1YeSsntgKinWadNLkKe+g9joouc6YrEUxraNuBimjQyG7LqFBE8eCIEGSZUhCtkWFVItFwb+Sg0+ns9FocHBw+ODh0cPd0dHRuD+Yjsfz6cxYG0mwfEnEZI68E8W0T0U3+RH6NWlkCSLzjHycpIgQFHJXAnkFkOzdRIE0Km7I1oRNM43FidRH/WnaSC1aIWOaWErhCI8Rltgihij7VBUeFytkUXflE2UBIGNy80iSxplrMHgJy+TSOJLieaPOyYgVzGiig85jCDdpAxTCWoLPhHNX/VXAw2mWiz74zQcQCQALGq9IN6lgYiB8Z0ukuET8EhEiJYQdiTUGZtmdsfPTCqM6IitDgzA3v488j2usphLHUs6vKScrih6tRq18mlmKsBdQLlTp5veNTuw3aWEbToyptcqZozEsPmVqZ+Pn2bEGZ8PrG504JwfcTCPSgnVGEuqaZ991GwtBEQGRcM+IOYBmq8U6b6f3Np4qTA2ITRWjky/koD9U3Wl3261mpp4c9cezSZ412otcIWXyNactC4gmR5Hd87DVqkIXCqUo3D5Fm0HpEVley4KphDCbKGKVhHUF4/PidbgUwr5XrgHqR+p7IgVAAuEGXP9jN5C6PNQtGw00wY5SA22YxIoy+guSv8qSY2qTRam0vZUauaJ90rxYTKbDRT5rNtJeq50VUUb2GoUoFHUhDAxsnCjMJyjqJDnXSZCFLTj+jek8a+zZ7ipiCCS2gS0XC9AVNqK0qfTzSaqY9tFsthDErwtwkfSEju3C3SBuPDHcqLAbG+2z1HB7/BCMOzcyOyGPmca7lzboNrw+RM7+wS2LEDNIbXRCvsYIyaBhhHawxvYrekZ4zYGFBBDWpndtcHJAhfsHYvFBaI9JWmrw2JcSiFA4oPkyszmwyEMw10aRU+OUNmPohC3nmIu2I2B4Ugu3Xv1gdn1kDEfYnALlGDQs3LJy8wLuXQ3kPOoGYsi5VF6gmxz0idnZ6ClIo0oi5sC4JZ4zFru4jEGMYTuBYx3yNgP5VOys2pLNptPB/v5kMun0NhRTi7XlUpGeVhttUEYHh2pbpWat2WmpN0b7R0dHB81e59LlK4I4AO2VChxyhJBbdZMBx3IhS2axDhuDHTPPEkXbo5ghFk9nKtDfSdSJZSIEujxptRE7LeZSSn8gxNOXzq7NsOxWk32bX/PJYGcBjo2WPjjpeyFcZBxzxscWsL+G5zDmKV4xPhIlyi960mQw3xb+/PoNW1/QXMvNnDzBsflw8pdP+YJlZpc2Clw5j1lzzww+MPmgmRnhmFuNcAWUChtMZgTZjiTaYuDhPnDg57/lvezlCzDlNeoOqhU1tXn99PoadN+UgSDfjWVNZu2YLstfB4V7mLdUHjyFgOUsBPiEUQ+FHRwBDpe7obAFIMzUBNGvCsKqhDfvbqzNDAZjapsnSiMrRKWDNYgGRGX0xVoLtB61r5+5fnrE15fXdHYVr/M1PwcqN6W5gnAdeevaVQbBJC9lXIJ8qL0M21JF6J7zEt9v5LLhhOMyg+aVciy6s1ke7gJ/AQq9PC12CsC+hO4strHDG2AkWNmmJV1aM61NFx9vkmvmPalJLs+Ry2/tr6xcr74V3kX1Wqzke+TK27NIx9PG6s5mdXn6XdbSjwpO6r8Ly7oCqyhZ8MThF6i+C65MCT3YG4tSSgjJ1uUVE+XNJjhsJDyWQX/V4jAI0TXYpvvdcA0+2yRrrtZ84YQF/SHyMyEYZQ/zmwww9x6H7P1YttfIGoSX7/Fn4L9m/0x2JHRxr4Cw0lqXY8rYzoCjW17/IGTFSsQFwkmHMNO6OZGelMtBntnfVV8XtRBSJmk+LIHHA7uF4ohkUNavDf9RcoBmu9vpdNsNpTwTcyneb/dyNDSRrNT311w4ritAuYLOTojgOJ1OTW4/V6toP+lbQEoTzmEXywv6/c7Xvz4ZjVTm5s7Ozvnzm9vbWaPBlgqiovHimpxUwJwhFEa+p8cDNTAxy4cXc/R1PRwMx4PRqD8aD4aTwXgyxEOIUoeO0b4i2LWJYwbNNEWoSk6bnQa5Nmm2ey10bbLZ29judXvdrJklaYxiYxTDShM1XRuE+Cyu0CYCxrbAQk9knNVTUp9Uss35fIa+PqZzlM4uOEJEwVJHk0yUJif6sAYIwtni6CrxW2wOQm5BSLxICQ830tOCjWDY4sQMuzFOEtoOpdC6VFu5rY1kqt7hajNB0hxY5T5qqxQ+T6kD0y9mxtzEV80a4bk2ZOGvUICqhm55bKLcJ4lqlxKWDgeDw/2DweHRZKS0V2qKF3aczSwbEHLkJyohohIMC6ecYiuc9RaCK1ZaoKFKu55n8l9ZEtHHotlglemhg8dAGkW4rtkmSVhYK/2dlneSZfMyvJPC4xu0ZMH4mxdo7gDscF+9naO/C/xTU18U88lkPh6NjwaD/b0hxtDpYwyd8YQcBWnFPwMjQRoIE3xOt4KcauCBV1Q9YCytNGtSAJ0syRoxhdFRaz/mRZSw6YQ5ZG/5HSG8DRhzQGzboP0AQJiEEB5N1W+b8Q/+vDn58JNbRyXrIt/DjbSmdrzcQLsqMcGxYo0R0D0Snd/mkGKRYU0iy7ZErGaO2Gt9TFXEOiSAIN82BlmDiSUipXVXaqx9yOSFG64psBYs++hYiDWIqtFUmQUbBOSq7pFW1Vcz4+Gnjq2hVHRlguCfSr6tyS/nDMhKyM9b8Y78CI8i13aqhCoS8f0UJkYCaLcVRRcuXFQ3e3v77E+s2+2KkCsibCV12Dl6jc/W68h2tpj5OyVirkuRxBg3rVar0+mMJ0oXOT482O90O71oQ7igX5H5KMfYQc6swPgaaW9jQ6Hr0Wiyv7+r+OYLF7cuPhjcuHEEcppGMbkrigW6p5oLmUfFIhFtxYgRg4YGaq04KrL21W0MpKdq35+MZug2TrF1DFfquwn4YUYcL6aZPO1ZQvorTK651P7gpch4ZxIhpxSwSoY7l853E4+/qODYcloDWTKRR6djTLzJhWAh7V4UGVB1HRdziIYivTOd5IdHaMm+cb7dTFMMbaegCMmKhBzYZlU7S8TNyUIIMn2eEZlRJEk1JSG+l3tXxCLmrTF5LFM/WFmxgFzOtJ+8XLGZ+UbSiLZ2For/KIrbo4MBsbUCoR4KtIxBM3ZcrGhNKfM5kTL06BjjktJDaobCgiwxy7hjQocHZDKepVQgkuMx2lwVxXQ6pbIp25YLpJWJftdY+oN1gMTzQuz9fFwgS6R2FyJWyy5tN9SjWCm40YBA7w6wpGdIdsLEywp5+kazoeqYItc/nciipaYramiZkoTHtPjq6ZAMW0cg7nhX3MDl2LhOq5Nvqvaq/GkxkmqXkjNfYXcRDh9bJMKXahYk2stJtOxRk0cMInPPEFWbBLxzpepA+z7VtEAQl8M7THS1MxkMH964oVjPC9eeIUjghnPgQmpXzB5QaAMW7ihKTZU2iI9IW5sbW5cuztQ2ef/w/s07z3c2pClWgNi6eP7KJ166+drrw6P+hSuXtra2Z4qj3t9/77vfbbXaV1+8HreaEp2dFBySygzqh5Lkyug88vjYPU9ymkl5cwYXE9mKoS1zJXRIG+emo9FsPDqRaOapT6s4GBB1bks8ir7k5frssDZvYVfeKT9bkaB6RAM8orruTJ6oI0Zboi8AABAASURBVOs9PUXB5eUg8CN2zKSdgiWVx3ESJ13qj8L2lVBLWNXxeEdqnulJw05rTczjQqsrx8M9lFY6dFZNWnsivqc3CsfOfT2qrb6/sqLahyXUcbbpMU3amjjsMXXtVBj09KlmDEtZwe0jDfn39CL7fnqE9BTzvKcH6qev04+6es929cMJcp/49AjA8FGgVVj1YHmDTt5OCP45UQ2wtPSqwZbyJN+osKurh2bZh5WIMmtQgBI8AI+sxQCSuxvdOUn50izlGAvmE6TMBPm0wvppE5svLOZzNiDY290d9vtH+/vtXq/RbHZ6vU6322g0YvJXIbScUAb7fNDx0T3vJk76RxcUBoOPuaPeeTGdTIeD4XQ8mUzQq8F8hg418jmdWAP2b+FkYuTy2QZXB/SGjPJgGWEAjazZaaoppig0StOMPjYojgafLpbG57InzjWtppqFx27q2BnkPL4gRtRFGlKX81mu5N6q5Wqs8lkupdXER85UCTuOgeAjbQLimZwYkbI2NvHUmezdhK04bD5bmphPWE2Be4urzvOFtsAA3/AlAmMoQ10gJy5kvWLeZF1AxDYnqJtnHa+ChBwdUEhymoLmNXM8SWibLIRWJKPgnC1LjA+VmOth5+LU8vkENV6j4XAynMymU5kXUgceik37CZ1oWa7R2Bt5+rEo2BnZ2M1uWfu6LgUIXpTHI/+S+YWbFCUP50tWu9jQSh9GIjcixlvDku0nwJnF9ymM4ooPLqqqC4sDaI5RIi5ydqhBkaoKBRLj6XispLKLGRpvLShUkwYFqd/meFMkouBDBaQ4imL6hDQWVeh/A8+AprjqFX7n6C+gPZWAPXsshFOtCRPZKhB/gBkvY1lCWUtHKUSDS0udjryu/uh6CVY+0o0npMr9lRZRmGIxjYH0v+7wkrH3ktpqRfCiluTMiWezKNRUoEN5vEJVHlvmoeeqIscDuhhxQanLcrIHxKG2CM5iVasQE6dLZuItDapdDqtnUDyBnK8PVbr1MhCvL8NeNOOlOlal73s6MUkGHzdUEM1D+/3+eDxO07TZbEbG8ZdrhdNk2AA0moKCqcuWFALW6d2yPUBAjqgUub1BCxHFtIzHE8VapFkWsWkpmZiIYCPAK5BMyCgS33Q2nc3maZoRtkzGo8nu/gGhBsUrEC9YUKQsdJ2EvIskjo0XtNKrK5TcarQUUp5T1MGcwnUJsj5jGzf+tuMRobZXDiuFhjqiklmBwydu5Z5Nql3aq8oHmN1l1tVQF17HVb6kjGb1/V2BZCbOfchQXAQYgaZYszyfzopG0ug0W1kc0waCeXUk30wECqGpDq+sglxieRBDDrqYdWDu0XwmMl0uyGBdr6sCOYyEIz6iX8d8MeNocsTlo5PGSNgwK8yICDZCNcbhjsUXUDY6lhyVE4itJj5eV0WLsJD2ZROLDivRFrnS+IjjMSycVyWkkTm7d7STabcQeuSFsAoesEMAq0FCgDudQhstDidEdbJLQ+3NjCzWwRxKAv096d+CAYIzSc7s37Bl1kzKDj4CSiS0f0j2L6VGCbnMwgdss7lzLQUBfsQ9HRWKtnzGFI+QtrkQpQsBBgC1MzfdOjKbVbwo+Y7EwEmT4ajZ6bQ7HTV9SZrgtrdYEACDEHYfpX1FUr2+Rg7CH2wl2fVGuFHGoKTzLMMIslmrobCrQD+uqeKGC5DIWE+mW5tbSSMbDfvT8Uittc3t7YjM/ynQqW6/xb5rIId1p7cWG4MFtRBveFvmpxtTq171c7EQ0IhkIiATAqUSrbbamSCoRtp/0mNU2T2W9OiTAsc+PP4b0vstUaJgxy7szlNITQicCxPhs8Z6Y+A8nTB6YRGKVyz8lm2tY+cqraxenzQ5tHfq10/79NGTQ5IrClh6YRe9RvOm6xYd+JTFyhMd/i0VhnJJITw0Bz7nXmqD4R1sPrin3gWEVESETTXU270lLNEUXo+E/bQ3WP5T4eWLan4lrVhGVWCqlvOwdCnfve51xLbNUA9/OjxcrkcJ7Hy5CbDUQPg53mSYmXaZwtQmPLoVVOJ1wQJCaWiCES8NQvCPeR/Kz0XN6NXmrp35aAlW3q7z6PSNgjVy6h8EcK1vtMSwNFfgzwuIYF3bgv4k1zESNWur9BSgpmHV5OuFZLn+6i0cl7mseaabIDz1ibeCHErz8Qz4SxP8eoO3vLXsZ5oKV7XpJPD2dDE6T0iCNcatRn4JwaPSXr30KyvXq2+Fd1G9rn7Ob6Bc9uC4tDabfCz2qtnZiJOmdRvjy8orz+S67y7PKaeleyYo8RFLioKHSN3KL9E8DwsFY2mptHD4xsNXpi6fYlvewJFhi7rBI9r+owra8bCca2cZfZ88nQJdnTGGs8i5xIWAzYQQ81t+y9xDwMz6eebKvmby7QZc2MdejnClDCsGlVd027ymgWWmXUtMfyCEpCpX7PW6NDKVAsFFCfIYl8py4VVD765rmYvyQvHhDvicNQX6aLe7GxsbrWbazFCetBDiXqP5sNsh0RTGX84amfoFf+cQyfLSEeu01WvhihLrpTWViwCnqd6bb32ho+pQeJ1Bv3/31q3+wYESOir1xJVr1za2trq9Hjo4Ia2xqOAeAT47wx0QHuAQsEoTSFqK+WwxGU2H/cHh/uHh3uGwP5yOprOJkqRNUS9BEcwNzJqhoKOMHOVafT1J1cSljaYS66StTqvd61AYnXa73Ww00d8GBoCIBLnPKKzEAezacHsR8AYcLOZzrJwOWSWM+QUayswmU/T8gbGbzRiw8NCuePw10kt6lYPpsA4bjKSU4t3wsUdttREZ7yCepYi0+l0yF9ECdmGcpggba4i9llDl7HeEgkYltp6ikGU8SbJ0CgvAH8fCBQqbFxxMZ0Epx2OEhZH60jnSWDt7Vi+yXxMFKhxPBz9NRjNqrGYTTGqiB4c4y/PpTNpTzOQK3QMVO5LgkyT9TNphdpjVptDoxOr3fAZA+hY/4esWAIJb07Ao/JAuIY1jXVm3mlwvIGjeh5ekECEJKiddaI166nICcq/poNRyfNDSObymaFWoyMnlYjqbjyfTwWB81B/3+6P+0ejwcDIcKghRiwqNErRm1igjNaGMbMg5cqShjZwo+lOWZmReljaUXBcVqRRVhyxOIlvaQJBWIJgOQflfcMjAIbO6oRN2oqVVggQpAIM6SDv7VAUw3WvXn5BfYKRmvc4L8C3gtH6NTdaC/mn3J1QmNlHACFslTkuNeCHFGzVHWZpgJAN0OYNBjjIMeERzRyo/Qno6zgDqe2Ke9nCZMsKWUgR8jlhrWOyvnjUpA3bKWZ8cX5/dgUG5/nVrEGutOAj+qeS7+/p2GASl/69WAxICbv74c87f93Tikh1167xEkcZmq7Wx0SO7TLTO5CA7TI+5jPc6MPHAU/VEI53diTglM1fXSIu90FeDao9iiwgxy8X9BwcHh4laiEoDmqVsMoKBAIU0uEK7g0M9cxIXIo+HCbmXWCRZ89Llneksf/DgYD4fxOjUJFZcHbl4oOgR8UIqFBxRoDJyKZHIpAVR0umqnJliB5TGdTxBu5PZQnJ4Hh3bLGKujkglea03AX+EZh5PPDJSuyN4bDj3CUxm3btUx3kQHqwpKyxHc3yS9QgvDKdTWJduWiOP2YoTRpCPM4z6FGcyhdvT2Vffvx0tRPzMpYuNKC3yjGgMWquigRyZK1I9TG7m6C0nj4zxO/INMbLW5J+iiMxmk/nvNIYWpLliatHZSM5mkzkWhO1GM9o5pyqHBdweDAbzBYZFyWK0F45iwZYjCpjVx8Rc7xxipoqmi94pXs1cksGlQAMRHGjkilsNplxiPJkX7Dgw1zFr2Nab6CgTaIzIoTY5kvl14ocIirnyxXQ+LgaGj6dBVYOUoAFZuOGmVbSe0xOfz7EbrRiDEjbQv+ECOXh+nkZpVCK9NUeWpZRnteKsZx7XxICTJkZFcsiYJG11u6CGJZeTaDADQcFtColRwLygiaaJjFnM/gk5StyhYWzUhWJKuFfSnMiWJkqalZ/qHaJuI3EnQMZ76B8lIjCUistR358cDR9+cKvT7UjFDjUyMjqBfK6YXcmesfR+RX+L0V+wM8WMgqcabWJkLBvd9uaF8+p2tH90+513VT0XX7wWKXyO/kuKtNu8+vKLsYhufveN+8W9zYs7G+d3Dh88uPP2u+evXL7Wbqo9dmdrw1qdfPgJzJ4WwuH9HkiqI4NcjArYjIvNBKFKAYVigHtpzytVK5iWlZyl6aT7yUfbf9YQisoHRD3ZkNVOGa+bnr2ItPnCha3VF0b0gccYtPWsC4wJvHzNARodi43YEW2uSH8s+WCJCQcCpQVV8CtAPqJstfZRkKkdMBbed8M/wWc8CqFt5aWzdCldiJI71iC4TzAU9rY8ktJ7LXw1nGrpTYz0HvqedqXwL92n7I8MPuqVC6/dS95mW1QSlC/ASXQNtwe6AFTLGPLjdutmQ+5e4Rym0ZFlIAOpHnOX2pUVGBGG/Xhkd802R3g5VmYKbp/lFbBfNA9dB0VJ6Vu7U1u21urypTjmrZDylRZp7Ue9MXEZYP9zL9pmg+bNuF92z+51DbxBtpoLAfaR0Ib4wYQGwODxHeCEgvY77lZ4LS9z/+D3tFRS1KSwyNKJCUa4lHtmqYpeV9AOiy2CTBFgWWHwgfRQg5G8BFU5BCb8krrSaoV+vmucqFit2/xwZrxhgyDfm2K7MQzfDUqWKisNoOcw3ceQOr8wDZYaQxoEL4ie2EyDHr0c4HdlgNf1t+xQ2Ez9zbD9wseCrjtaICqCZevhRgv/Jt+vtFzAe0uIAP1BzURU2hc8CqbZS1UIDR9XS1ZBuu41WXsnl1VeV0/IEZULL+GXKjR7RZVeeUNsg5XoFlB5pUi7MOm2sFTYAzaulXMKaa6lK1PYp/pX700FlS9cAToIqmFbcn5huAJdzDhN51f4c7a8tFyRaWHBjJe0vZN+j0rtN+OzauBLU1UpciyGPmafI8UaSS6DqBLYORipgpgsvydFbSXusVz63Oaut3UKSFmVKOrLysIvs2AiwLyO2gcfsSg6/B6EpNwiIgi/JKBMlgMqIBzWEmHna8ahlLV6omU43s4UvTJtwodeXSa81XnBKzUfXNJgf3wCSiAC9ZNjfnx+yjDIdpxLV8IVZVFZBE5TaDlop2jRhIRZZh1nwMt0FMiQDihzcq47EJCzsL+2mz5ECXemS1oS5goLaWswZ9yrpMpZicqw5nDgw3tbVIqAi/QdzEsIv0O30ps+PFItYC/LjrqbC5nPZ+jnOCM1mOe8wWJ9BKqPSCTz4SUW/ljQaDSbR4eHB3t7e/fvK93J1vnzG1tb2+fOKUEc6xd1YfDkk97CAQ7l7mX4kMYJTxXO0UfIsM9OL2bzKeozKOB5UeQ68gObDpC3dzwxb6w3lNyO6osxmE6jnWZN9Ycz2Gg1smbWoNkEchFtaKAFcr6IrNmB0Ac1w828FiHqBSTo/CQe4SX/DKqF08khPBW4AAAQAElEQVRE6ZUWcxRac++DHai3vug7ua61oFgh7ARGQOQFnQHjYoTe1AekLZbwx9Zecw+kt1XgLkQ0OirFqXZwYt+SLhU8iRbRCKNIjqNI91PpAmaY0KQm14y2IPVQTF5q0HO+Zx/DzsStoQlbLy3ICfp4OBoPhzOc31xNuprlyE4B7vgjr3c6+IAwQ+BQtlxFK3zttMkSwT7KG4G6IfXHGcKaRVUjC8sv6lrlrh9f8keg1GUhytvuM0klaLTsE9kNUAFCBkoFkCsIms0Xs/l8Mpv0B2hYNpsoXQatvpxriSMw21j2f6NRkvopSIbPOIeODJNvnQhic0pZAEfYoeg5qHmJCOejBoEAiD2Ig9dqtxXTnLPP67gOYnNgia9Nu8il8PmfYGQex7DbVAPJ1bZqBBiJkFukf3UgObONBm0JJ8CqP0gYK1CFo7kvacAJZytidkW/K9iJD46fdquEU5akTem+iTUQCiW3TYRLJQYumNEJ85x822PmYobGfApgclLbKexvybIhAr485HgIl9Jnib/HCfqxqQSfa2Km7xud1CfSZdCRellsb28rkB2Nxv1+X+U0m01Nb4vC3ygQzSOdMQImaqDtwfrH00IEeUWb1XUXjUFwEd6/d/9wf7+h+CV0yhKbhSEFR47QRkmYoxZ7lqXtTrPfLybjaSfJ4ri4du3CeDR75ZUbqruAwUFSxqrIPSwW+XzOAbSQ0hcyJq8San134uTi5tZE6fXhsD+bTdVqV2UJzaM3OtAE2zJTjuU36A7EcbKDZaIiL7sWp8P3DlpgWDrGN5cwrD9fivWkLmsmqpl3XEyZDB9VcA6q28nwXAF+QxbRPIqnjfT2ePKNmzezSH7+2cs7WRoXeUykXxF6ihiJBKdA5XuBBgJFTLYbORiXQooXJW4bIaiQek8sdSQUZB2aIi4gjRYwUVBHxgiKU0il2Egaz25tI9+QZHf3D0aFnKttYkzWC4L1kUhx8lnBzEmSCUB/FRFRVjegHvuljeQVzMMc89D+PU0aoinIshMN0xY5WI8axiQ8Uvwz7jUU98xSa1pBuHZQJxox4VMEcr6YDkdsY94mjiltyVRkuJCZ+0EPe3rnrrcna0wveSXE5kKkWTr0h9RIFSOvFvV8OqEJayl0IALgqU3yEQht5FXiViuNrgspqquXkXFWR6GQ1CB32sV8QXhZLiYzOZ8TLqN5BMPCEEeDJyf4JAHv4ahLPKo52TNpFjTsDbOn3LryuGp+ULcYXy/0bnmwu3//5p3uue2kkUCCMR+lpFBKOFUK2NB2iqOtIUMaCROOSgqHiAEK7XJHdS1K480L57IkfTCX/d2Dux98kG20u+c2WGKcZGmr2RTXrvXv795//4ZaK2oPPx9PB/v7737n1azVuvDss4odj9uxJADRnu6iD4NzNWP1OB30PwFJzdX+ItpfiFYku5FIIxmTDCP+HqI0T3fSCEQcix5PCKp+dauqPg6Ffj+dTXoUUrTsZfl0xwEL0orxkW6VnOm++Yyr+376kNP3UdfJ0vc6s/P9Bf399P30/fRI6fsI5ENPjzDkf5Bm66R9VbKaOQp24mkU9bPmuINSuoLCygsSxZOmPAosJ6KniT84KfNny/P5W6uJV7+j4fDo4GD3/v3JaNTb3Lr6/PPtTkeNjxqwNMvYUgGVhRxohhkp0rZQDZHmRL3THPxLGhlWOSrBWjEdTwZHo/FwNBoMFzM8dqhErOw6RaITEEC3CFrMSHUW2mGCPnhPHkGULLTZabXazbSRpI0szZKsqSRwsQ7FQ0GzSauNv4VpHncczDhQt7VRQGEM00haThYRoON1sxCywFjtM4wxM5vTcV2pvSkIroWdZEdaSknKchJs5/pojlKBk3acjDYiPuWfkMWJ9i9gjE600jec2RKX70+ccbYtYh2XByXhUaIltzaMDnj+/q1RS2zMRKwiosgX08mE/JpoxbAwmuk4irkLqqVpmrJvflWB0veTzDIyVenI9ZPxeDwaqelWI4a+99VvoaPV0yhTVCTJQx8JbfzkbNJqx6EEw3YoSk/rjWUrxUR9sg3Q11Jq+4e6ksbaos4+RmoLrcIq8sXjTHz21XxbPHpaOkDW5MKYighSo9I1nQEg+yo0XBqP55PpHN0XjWej8Ww8RV9HGE5Fsk7S4BCupgDj8kIrHBBGRKTdaQB51iHfGIl2C8TBnYReWuQR35wLJqfrPOAM+U51YVAToX2Q3rQ4n0WsceCVt2IwPwT5vKwY0Pqm1AFQWbWX6yuIQN8d1Cv0UXCuLmJzPz2ti4WUjNql1C6nQCN3+9HAJhO0sRAZnRg7ocKatemmk3EKmxZRwCnCAoQ7kqRgRXzeSNPZbD4luxP0vCXIHlHynDgrk/A0dVUOIq2JCdi1DBQ/wS5aU6qcCuFaTNib1U/SLwA1zMhxiw5ERfhwan1vTcNZfL5uddIYm0YVGC4quHFdo5MqVn2MK6RYYmFQ/uAZNCBE615+wbwCElrFJG1vbyvQHQyG5CcgE2aUmS/SWKUwkEx4MuJzJdpe3GtqYZHR0vAYRT0NK424sdeIMNJNp9tWi6l/dDQeTw6PDnubG+Q2qvAWuGSSpVpGViP4SPFaiks7PBimSdruJZ1O44WXrvYHw5u39jEkSdEG2QSZKC5OMUiSA/OksRoVrIGcVMRF0RTRubiTd9D5RSwHh8V4jIrXxQxXU5pkaMcmSRHLEXeceYTphFHrSu9eCJ9jKM8a2x2yAbrVG3/v7Jik/w/4F4z4ZHUxeOpzod3bcBVlMiOrC3e1BwswCnphbKvpW5E9+GTtH5jwk9dDpWVXhGcxg0U/W7w3GbXu3+u0s89cPJ8lCqLmAo07lIY9QRMOiktDpsrkVELVh25JtPEjbQ4kRW7j2E1o0Ux6f/Tio15QrG4b4/LFKeSj+UzkC6CtRayymk1VHMF0Nn8wnhwVYkpR3/TRXQ1ziqFZkOkL2b4m1mxTmq5KYQIoshVasSjmtHsQ5DhEkbhGiwOpCNxFkEkKE1hmxImBzvBsWcHn8iOzMRFmOtjBSTGfTjHqjRQcLVMuCmjLpNGMEuCiPP7a6pQCvniYuMIKuMk1Bh/8XTVoSZY18hlu0hZTWtiAPhHRgYfELQfY7YcZKGFOiR9Dh5bvWwtTwMS9YK5DU1wwzskYYpllkXr80XtO1tzoKa5B7dK4C+hZERsZm9N9QMEu0ZjZWI/wqwSrQBi9IGsRkgsw2ErNBjDzUAh/2XherfmxZI9skWlkkU9H4wfv3VA7SHT21u2oRqqt30LPMpo4GTKBljP0BX1OSBZsMUM/YLamFKVFTUVro3fx+WuT0Xiwu//gg5tRdK292YtwV4lz0NneuPLyC9Mp7rRV19RUNju9/Tv33/3uq53NrY3z5xSDhW5RGplqxEIWMSR2b8wd9OmRvZKVfZBhIn1OVC7dXy3bhpFp5ul4oQ/DSsYkeUKByyjHP3/8lpetQbjiBBvXpcl7AQjkiEJQPWqjrrboGPV2NMJtP0Y1LhQRV/urrNnc2Nra3N5qtJqx2uQLcx5bUxmfkJTbJrXUQ5akGOFFQL5XJS4fVzuka9C7SDNabMI1p6CtOZ5YAhNMyn6aFqf2I1XwK0y25vm0mM5337t5+7U3hw92FQ93fmMjXcw7Ap5pbVxIG20lTcyLSC1RtUdSkqDFPEWcmKp1hOFdm2nazEaT0UG/f+fh3eF4rAjPAvk8/JbCoujrVqpflIbNivlECZVQHol2hTlaTaKbLiVcaadpK8k6asmmjY6qFomBjlUsmKAyoyZYPKPP3psNmx4I74Q0iYoYt0m7A5PC4TFGXOyWVEuvdBnGYRTeDQ06tfsX/VbOfKzaMKILX3MSmp6aCGIOMHSbpYMBgIDplSSx4k/bFwvzOQq1HfFvSm5MlTAgYY+c9CXrMhBPodARhZjYhRhpNkkMCFelGJQbuQhFcFNFlNOUrT3xLAS6KsQDUupRo9FoZo1EUwFNcoR25UoG1jKfKhGHEm3MkMSoD/z/2fuvLkmS5EwUVFFjzoJkZrGuZhfA4AAzeLn7vPv/z77s7tl7FzPAAAOgeZFkEeHMmOoKVVNz98iMysrq6sZt6+rICCdGlAj5ROQT4vfEpUA8nkzOyuLbz5e7FzxUu2WT9VPwfeKXGiIfxMmmL1dEm+W1yR/znlHLNtsNMB1ecrGlDx9N3DgQPzE+RQhloQzKkq7tRbk4IWijG/GiVtFyAhg5A7J3YTd2bw/b7cN2j/jd0C/rZrVYNEW5KutV3SyrmpYizzs3JFTaZe6cy0Ulo82hE/QxIpYQGJkZacTQdMHhGjwRpwHOxCebq5vlcrNcXK/X15s1Pr6z5q+qg0CKmQTmiZSyrGNqzryhG7n+Ol14yZvwZ59Kb6Vc5UdkkhgDUq9Hc5atXsjKN9Mrl8uRph3qdP95Ba08WaqsYjnz16VaZDpG9/7jw/Rn9v2YidaY8D3a0AzXipdqo48GONVSypyPvN25gMFqlJzKWFnwNF0sOwoEdtD/fPn2/uXbu9cPd3eH/RF3HFniuKOrZb1aNCu0lDwZ/RQTwGW8Xqy+fPHZNfoGhYcxkrPIZJxyp2nUwShIbPnoB/Qv/edJ1gLk9rCbXUDEqCQNqzXNEojrqTR4If/gQ4/oxgSPFvpxRJPP967oojuM4dWu/Y9Xb/5w93B0RV8uysVyfYXGW82yD7RqQ9BQZmwu+JEL5pSgQo4xVtTFr7iqcGP6VeEqP1aInjFTuchJHh6065yzLpRCRj3StFHBX8XyjWrIWCwpx/AEGeQDlUY1H8bJ9HXuBHeYDJ4LyHlmNWtNq3k3SdLi8B72B/ytXjQMEiZ0y4jfBaIVJCWm8RahoY4bnnC3e0BR1iyam5tryt0XkuZ3sPtGFRc+Y5h/9DABYB8D+b3r+91uj7+slquirvLS1TgVhGhppV1FQFEdA0ON5ChUBwGPA68JKorgvafMI07HI4HpZG+glxu4nG8gUc0xGtacgIgeSmTAyEzbD0eMaNGCYJec8vjxLdYIZTlA+fvD4V/b/bfQd6WLEw91yrGPXJPQosdFG8YY+ukeqLwcbZwhcOEyJNyGaSBlEYQYpw6mNMtq5BGPPkVmC1qfEljjIQrODEtdQ5ARtnL4TQsJ5JRe10PKp/fa0ZZNE8j9Sp0LtQz1LvlaDD9rQYsUxc8xuTlywkI/yDKgWnM6DX5riGpTSXddilfwnRQS17T7YwcQlLAiWWd6SDRO7NtAfQdAOjiooef0W1rELjYRqMLieJ9GNZIKU2NEXxbkz/Z1UGR46kTgLIyqpSzK1aq62Zvi9M546a20lTcpwRbUPsFLF5EQ0JpB8dVEhDxcNXL5CESYsz5Hdbpdyc6hVLWq3ZOY2WOK1xgdAm9isZ1AlxtPA4WYAy34viUjBwNTODWOtrrzYmPJ8pAyPC/nTkzvuuZtttUOdE6tz0ytsBoYGaDWODDhDVrTMrBsG/h2wgSO8aKSlhzclRf6ewAAEABJREFUEMQlU1pCJRrAJUfAofzHQbspFi8W6xeL1SdXz1cYCS9rnpVCTBi8ndHTXg5ELQyIN23b7r4btuC2pevqMl43xVWzvL1Z3V6XywUGdWWqyGnqR4kE0ZRzMw4iFc7xdhIlZOdq3ZSQTXBRlsTvAw8ss2VHjNlhbL6oo6/4YVBs8Uqg6GDbhW5Ecen6UPtyBfU11Csom+NQH7u6HVAd+i7gfJREqe1LJ+uO1BtOWlWgdsN3R1q8Y0eGZd8StS2NIgk+NDhpb6HlTF+u0OIfeEnHwjOTNtW0YSSfTF+2sEcoO6i6arWvltuy3kF5B93dcMC7FKGIyrVZlaurxWqzRL8Y/6upc65I8QwC5YXI9A3Eb8JtQyjjpG6oM4MnlRwAkp76rscFAyZeQL/fbw3O4bv3H085Z8zMablENLp3lmHEJRy4VziOyb/98z+j67xcbZ5/8sXm+qppKI0jWq4J8TfziZz6uy6JQZXtISP9YA+eEWNahKMMek9F7Pvt/uHuAVE4XBJiakhrdwHzorCiBg0ki79LcrQE1JbkzjWLxXKxWDXNEv9D7xy4UwPZZM464MgTO0EJhfPEUIVsZFyyECZXOBqup3Yf3rlkmTC3CY0VAQSOigClcMlcZ/qvEDhcBjYVzYnmUjUgGSbMD5J4QYArjc1/VNtrNPbszI9SOwvPN5ApMUIKKHvg9vQSmBfshCXcaMgBSyrRvF5vm+6cnW5qNs0PODBQw053MNXDcCLrRw75F9pbg3rqVKV0rIfkENJwBYoW9/3Dw7Y9Htr9Ue7BSczNQGRBVsOYFnzQBRXg3Ys5TW6coVsnH3NpoSZlIVMQFEpPvBoaWEl7P572Hoq6TjJwOVtgcs+OcWN47J7NTpZNcfI+XPj8+w6wUHr2FWtKwC+Yy2NJAfHkOsmreORaE38Ub083wuxyDjR+yuYnmb1UtYv2FcVB0A91gRoq7XZ9exw4OELv9FQui+eivYoCX5uX6ewYa4+uTCHskW0iELoTx4tTtfA/p7BD6r8jNpAlq8nNi72ZnAIxTWVIYBoTP7mTLncNrD6b8ZxHJHN2tczFev8EZmeI7mwNsHOXFmRMeVrB9jvb+RqVCHbPcx9QhAmvZ3I2EdrR3JKg3k0wF1L+bziRNB8QGSgTZ8RTYDgyST+pBo4uxabEjM5Zi+isGHSboy6c6Th3XdlSkt2oCoXMmOiEBcpxTE02LyhMro8czTvWGHV0MTX/kpVLK3UCGuT2bVY1gCPnMRlu9xRMrDsdDGtz4M48cX0utRlB9pzcg48K96YwGUxbctqTJzMomzeax5Hu/8JCmd2CueTJVdHb9fMbdfJO/uoFKQBnlTl/ikwnF4fju+y+j3MTYA4o3s9isXj+/NnXX3+DiMNms1EFryQeaX59HgsQX9SLq5C2eJwAB3jsoR6VNPM35lIKzY7lcnH77AZV9Xa7u397V76g5hwqK0kxg1mLuk7I5SurzXqF+xnlOm7/69vi9qb5u7//6d3Da3zYxfIz6hbhr1GAkJ3PTiCCGhiDIXeLpXVFAWrGmFcugG6N4bgnw5BEyhHvGgPcZkDGbAC4aaH7wI4dmev+ziO+c3v9GAfA+29osojydZIeV5NtTk6kVm/+Kou5efbAJUFnzGSzuzx9QQyEaTy574gYKTq3IWEcCuK7itrRwGIb+3/b3i9+8+smun/4yRcrymcmBVZK3pCXgBudiDkhuI3NKLQm0RthoAj6IInQJoxlHKjhW+lrsinQXWgPFAIc2Q72sFiGZ4SB+Tf34/7Qj+RhMlGPT9+PzNPoiL0El7dj/E4wG5sKCb6E5Gux8S/8IU0jaSWurgTF4MY1g82FOAIYs6rlcsL9CGoPQXTGT+jFnKTeMd1uL+LDjWI441016Ao4S0AGU9sJfJtm7NKeyHggVf/hHWGYiZywkbbqcX/A3xfLFZr/bEafZ5x8nEOX9cVTWg+uaAYA/R30nqkWANEAd43iYw8PPVctiJcrdkFmvp9eEcxwUI8FyqmzYPrWlPdq9oO8PrG8OrVE1Ybgj4/hcP/w9qtvlquV9CBE6AFG5mRhYwpkSauPKmRYFrWazhsngFUGvigWV6tnn3/68re/371+87BeNXUDC7rtDtGcOD774nO0/n79P/7p4dtX6C6vN7eHw+7t1y+/+vVvqOXhEn3oRY8DWlZQeJMlyWKmW08ZqWm8Lpk/BluahRFifK/0uuS5/edpsvNxjskM/V6bK5f0skvs9MCNpUvaQGj6H5njjFc96vHjfi8taTbhZr2+Au8zI+birULePkHqbNwjE51u4Pz1S2vgUVNHfkIeb2GDnsL2Nckox5SJxLBaSDghem8hDMKenP1umWT4/EVY3lw9+/ILhMd2L19t+8N1VQ5D3KM7S8mxBL+W7DlSOUQAAXvQT0HxichMjWB6VV+t1/v2+og+MDc3RECU3U8hxyolSYBwGyAFFED2u94HSgWU/iW51GNfjMGC8DAf8GTqi+97vuWSs6WOCChblmNAXSjxbdTsF1GaXIrhxTmnHL0glqBlsUCaMAoMq6ACS/2zgbSPhWlipp/yBHF6mmk+AWYGxHz5xmTApFhMUgNp/URL5I767AQtes7lK6wIiN1nTtmkYDfBwJ7NCJyskcEpFKH4TUSVpQM0aFKgZAcKAA91Xct9IGwWiSNtcEoJXLkp/mUaRCATC5Dkmoj5zciWoQxcCRQUUXJWRMCqSWzjNi0BsKENHPGj+yOcBAFbynolxefJfC9K8TY4XUSiRgHcLD8ACNanc4aiGuulW1Kx3ZFbiKM6GQtKN0IvpaF8W59cXhy7IH3iBARwiOBHDTdJzRXTxXFJC5r/ZSjJJMLdQJRt7P48HA+OR5/Q3aqmFp3oDpVe0qgsPObMIvDSfFA3TIwxSR1IqhJsecYLIii6dDb7mK3G5OI/poVkPqJiJtHPWqO6cxUW83NNrzMWmThmJToTU2Vk1NwgN/li8qJ7TDymqz8lMeVdRwaYWmmEjtQk2PPriejKdQIkJZGt1mh6RxLBUWw2VXm1XGFIYGTkeRj2Ms9k2AYmvQ0yuLo+2+54v39YNBjArznbhwBHTgvWJDwwHeBsq0yxiOz53BPdPJV/s5mVc0l6BGixGuRXkorXJLaSOBLvVZ4HtxETEuJqR0N1saxaVFARx8H31I62sCazchMkAQqu3RLLnCnwjMCfIjeAyoL0xcBx2UAiLd0BA6eUrzAlScsToQVKUBnl2I2Fs2ak+iy52M3HKp79nhnScPqJDE47O02GLk1E08q+7jTywasPEUBOmggIH+RX1FU6gVs6+0GGOZVDs2ium4XfH47H/WLRVBhY5SRGcMouecnUiGb8PsXuSl6VnMmbLPVSU8mZh+J/mSACfYa0s9JCZUcGgnkiaeTi9NTqaERt/iRz5E3HQoY1emEa96xE7JOQBI44+BrIT/MeDZwxdFV+82Y1Kh4d9BT8WY6wS048sEKABFpbCs1km+g0WQDGaXzdFtAkrsGlRZSsBNkBprVOPVlIQ6RDHLO1OX2G1wdPiEyK2SsxTiogpqeH7HdZrfYg9jxwipxw7oQYHYJoJywrEXWy2rZUEEma5XkBfcvNcDBnBhwPO/URILM1Bi2btQfLntI81DRA01qfMEawsQOFMCyHL3/e4nT8XGa9gYD+kwMIei5NxXC23aVHhuTxyfTj3igpeS4UnD2oAwv5MjH4StKCVM3I72ZIsSAFG4A4mfdp8+p+4UmKGMJtEcQI/aFvd4EtNqo1sgfTPZEyTjxkvWNkEm1HTIoYZoPj0ichSskX255jr8uIa6LiiTujkcXAiQiiKhVEcmbi68f4pNSSOUA1unVV3VSLm+VmgUEUes3JmirYhOerFBzxkJ7DVOXSQTx4OHo31mW9WTW362azLqnVi9b78aqllHiuudH8pOikDkrvxHMjDUazKl5soySrkzcgz0dikF0jyiSNaH1WTeHQ8OOm1lyONXb7fXdsQz+6bixG18RqDc0GqtXoy74vjh39N5C1WOKCCdSHvbQELa5mRAkeChcKqpZBkxPj8+3Yt24MkxVHueSSRIT3gSullAkOVH9ZcGt3UsXBq1of6fdigLIvymNRdFV5iLBDBcQ1lAhXc8ZJtVwvFpR8jcq7KVAxFcIrkaxpxYWYcoIsG6L3Zz4NBM0qTlYQ/zRb6WDQztMOmG939wiW4n7Y493KMTe8RdlRwllNzWiGonjz6u03v//925cvm+Vyc3Vz8/zZYrEkQuhCkndYRycCeKvIMm/PKRMJH34C6Igx3UX8z3FO07DfHw571PyH/Xa3v99xFn7JpqO1gwtJI4qKoyStYWgpraQucaIbnuj11c1iuUTIDhc+QmUsWgaT6JP2N0HiJr1tNywGfzTjJDMMJysq8LbAMx8pOYYO5WLhxDfZb6L3ifx78HalguWecmMDt6Cg9HWCzLUTjdCjeC1rTLpAEYSYdFOMLvNJoyayRB7PqBYaMz04ylemCgnnUpBVIrV6F3IBnzpIMTKvNllwUgvUHo9dd3RSmhCDmabshUu6jGScFJo6I411+PFLpgUvpbJov9vvHrbHw6FrUcCPHHESi3uqKWL7+XyHiUkf4dLeS8s7PopKnb81fQYmK/d8bzqzUeHiB9yjO0uNzCBlADC7h0tCIP/W48f7rVw1S+bfmkV5XPL83lc5CLnjYL/E3LQQKEYNWseOMSUh4cYEsucbXBgo69FpIt2DIUnKJ9shetJ3R8qLMnMEFVhRlckKku3mFJjwchUwq1WT0ZnLhJIsSyr58ZxY5q3Jl92ubnZKxFSjMfopMzWejFgyru0HnI5HNqTJ7HNnEh7gY0l0OFmoyapKt6FYkW0NXa6CfU1LG6yzmZb+OE481ZAbEKIMnCwrIhqNm3GgjU/ZJo4S4TWPJGgTMU4hIskdBMegn6lhmXr64lGZEZtuOVhU/dIQGbEK3ZtOna1Vp/nIMDXWiJKkH82QcJo7aENzMpJmVNsCsB4PyR6Y1gNPooXUp62f3henTB00/YU/5aMzWeViMtMTSKCXS7fk0uvZLc7eKuav5OshuyEpc4qT7X22dsHc+Tg9D5x/Tj3T6WuXFzKcDO+fR3udWa+sP/ohdt5qtdps1rvd/u7u7ubmBm0s0dyg5sZkMUazpdgcUXAOrD+u+wGOZGvcXF+3bf/61ZuX336LyM7zFxWRpDkVwaNidsC2MrsyGJRHyKasvv32JYYtiVauDjc3Vz/76U+++eZ/7nfb1XIpTRA9Z8R1h2NdLapKCyLlqlSzUpcYxX9O7kIBRUUMCscD06C1LeMmGChSqsEYZxiE3P+TnzQH9OF93/1BxvqPdeQbOPs9f9x46VuTJMpQFZcZkR/1gEnoMI+Z7lS9DUZ/MLbmm3rf9v/x9r6Ov8FN8Tef3T6viYeB+uAUnksoYg8jgw0eHQgq0IpiDfNpvJ82FP/jhAktWh8VtF24MaRnbh/8UB+ibMvXaWQAABAASURBVLcFLsv1Bv1SBDgH93ZEQxb1Y1lwlj7FTELU2i6q35JtDNKQMmawV0ymZA5goZFNc0OJGoQ8o3MlBSKSd1IIYi69NtmsR7uKnjR0gt2x209OxBRE4WthoCvsqGpehhWfukFnAKNCWmmkBF0u5mAO5MY3PD5fsoXwPtFRlphq37ZEhHjYM+C+4rZHCU6aPI2PKrpiijWdvhqzFRuTwSDazTerFXlazh94SfTHFueMqvJDtH7ls9PpI1s+y8ghD2IXYNMz/+hMMoPo70ceGPRGKbrMQbrDbvvt73+H5sxzxDDcEpF0XNWjdiYEKe6kmitE5KxvVPIoBKRIPcgSAITO14vPv0BH69U3X3396980q+X18xtepINwh7z47HOcu9+D371+e9jtcXkNh/6bX/+2Xq2ef0kpKU2xIIaTidpHFzo8lXckzq2W76WAo7Si47X0AynBP78jh2KjLgD3oQdksXknjXXBI6SCv28B2nAk7KapXY8eHG72w/1bjoI4v1gtOR/cnJ9kaD5mQuZJAO+77Y8+3QJScJtVp2BVMMLCSd8ldzSa68slWWVx9fy2wTh9GI67h4fDYVlcYWBv1x73HsEWSkMwKJwuI5XjgEHQQIZ6P/QIsy6a5vb6ZrvHbffWcZ5KEpI44oF9M6kWGqnsWKu8Rf5EJmIeYMCw6jhyeqU1Tp4G301PIGGKmbtriYwhQwaiBvZilP5d6hzyW/aupnskYe4UCuIPBZePmpivciLLdrdhhXR7UXJLk1t0cv9nh2lPHydkTmMIqf+XSGGd1cBSiz/kJ6auhPeLH6R6il+hmFDBd8zpfpQnTcVU0h0bfyHKJ1z+5B531AY4NAQ3Fi73zPSJyU1s6kZexK/gsKJCFyyjLKWMmD5eKAo2c7zMIaAgMW0wzjES3JAMlBEG9pclHsWhdRt/y1AHOBtq7nTNvGrUf5AsBE5ILayXH0hGkX3LJzAl2xVonSDWCtwfkJBBKiClUlPU9xXKiqr2Ra3WmyYNE0o48oWYSQyj4CNKFSbGoRc98znKN2pyNGKPEL4FKPZdK3yzXDlXNKFYNwvukK6xNrxoEBnEN8vhGN6znGqcYVOX15J7mnhJ7liSaOnrJw7IJM2Y4TJtlvynLM6ZsDWgZnYGPp+6WLY1AN7rsvywB68u3S88a0U+etnvtI4oCMpsUvLILOUY0fNkYGvjbOlAK19gu7mu0QABXFr7tm26Y9V1I6M/uG66gfptMrNHTdqJzP7QDwNGDo6rTcVvOKfYvUI5MJuaiV7RZTLuuw/DpReTNJ1Z+GngTjzW9LKjCAAuY2AyB7JNS1+um2azWu3vH45MPUINFkMiB9bRJxHHbrQ3QgOteGfqEnTVMXTaB0Chg3g7jbnhXunSowG6crPA6S9BdiY1kvS4I008P3mgINnmMXkl+XZ71xfdu6xFEsAs7vEkCJ60sZO+k5Sv71Ipng6DS9lM07zLSSXSQG1VHRFZNg8PRzyItz9KZFq9NnjcevkwXECVLAd3hCSfWxu/Z2Bl/DIZ7CzjheuYIVpewoX7jHGqa3NptUvVG030dNiZpzt17lKsYnKoLLVKooYo4dGSgQDCucaJWZZZosuOE58kqTdyof9ohem5iBaCB2cJg2B63nGmMon0RJIhAwPzEc7vdmpOHZPRopppMn1mwnxag3H21PJVdej5TlzCnd1MQ77nSOYJ/wxRMQYhsdBTWMYJKIObXiznzdT9ZYzOGovl/E7edJoFEU+eJG1kfWStXFGzyqV4ow2Izx09swbTVj5/Ov6iZswk7hPn0om9wu7pFX0YeyR2wc0WVnTCW/EvALgs+DHNVFQlr6ImZs+ZHgcmFZx0sHwIhx7tuePQHYa+Raseg5Whi9yxVoWj1Dork5ASRYladice99k+shvRCLRklfA0KfdATAROUahqI8R4skj4IYOaMrxwg9McBtkLIB8gK5f0ceWKpqyoagSDcJq35NJ0O84443RfYnfvx4jYzRFi62NXUMZJdbVc3WyazbpeLhB4irYwie1PS429K5Qvh292lFVMC8aX4sbIGMiUCrSCm0ayIlFOkNlXOuI44cLxKLOGH+n6/nAcjp3rRuiDH+MiFhtf4X+rUJTtCO1Q9EMxhkJJFcVwoCfiGCDFIIljwkv6G91W37dD2w5dx7Kd81KcdkYBZjuMlJQjfpLRIMowkX3B5gIT6PXOD2XRFr7zrveuJQqFNlbkMOBHq6ZcrtfLdb1Y1cvVgsi8IVlJaePrugtCtNH3iP+RYVtVQuPhU3OTJyvbP8Hj3CA81/7JBpZ0BBzA/XbfHtvtw8N+u8V98eKLL65ublbrNZWxaZNxpdi8ZCfnv+i/dguyh6kqkdi1Dt1uuxP2VvJf2i4MjOPKOS0PUpJUzUCXWgH8fVwsq3rZrK7XqzX+Q3yXVY2xjJLr/bSO0LnkyJqRn1ldev4kf+xjTq3WOH1m+jiqy54zJzpextOoCsggy0aprvhUmiaibAHBvOMAwopXsB9ZSD8dx+RA/tIkTnV0aYRlvqTZzahzx7h0XVOrEe0Jz/cj3Sn0YeVevc/oByRbJr1CiTQDPl/bM/SNOIfZJmbVyqYlkFwzZsiPtqQTJ9w8LD73xx1adIfd7rA7tATwDi7Z+y6J2JiZ6Cf7zdSWu+DanNgYMaaQRfpu9o8K8vD0Hc3nHycHZX5v7zsNzM8z++UHOqIsknjqFMuLqpvjO4JH6RlD5gdnDwom550YoNEphAOaTBrHkmCb0O1w5ncYhhjaHlUJQpTdsRXc2CdPL0opsi4n3Siyb4BLuLxL/DnCKWn9dLQLldPeOoWYJskkTjJNbp/3fjI71Q5JGxue4hDlgxxPbYxgxvPH0hbnRmzMDV8xlWQyYDLAYrLmQpzs8hhASETUM8XvjmKo0GxZbI7c08DV4cw9JVwmQRj6LVVOWfkcGx0oY7hky2lqvBmFxFzHatiDoWeJ6jTmmygbqmmRTYrZReG25iWmAoxJmfh+AxOkcUKyfM38AfnDBi373TaBtFmQpPaYsBzhfuKx5Foi3e96LefUX5vWfTJZxUp2bAnSP9KBL1V6p1UXM4s0m9mYPfiJRAF37sfoCnZT0ti0T6N7dPWdylS48GJ+I3b4sw+NYWpxIE/055F08qMfIpJub29RQd69vVstlgtEb+O0AjxYZj1knlGIXr2QOC3ujyNk0o0l54+C7ovFAm+y505Ab9++3WyuASY7OHl0MVNluNWbpry5uYp39117QAu8aupf/vJnd2/b//4/fjNWByJriUSYTdS/wR0PLRrzhSSRgBS/B4qyuGLj6n6x7IexHQd0bO7bI7qCoes7vsMCzTs3uVnZFoHMntAX/qwN9z+RQ41mlWAXjYZUlPmE4QadOpG0GSSh4Q2+gFfgIVn8RLaOiGvZusWd7/7Xbj/+9rdl48rnz288YaLMe0oEaSUHM0TWcoBFKLtD7vmARRYpiu8VBmE/Xr0F/N6yrEKFMMSANjXT84yLorht6uHmmqNb8O3usEVPtvChpMK4qCmeqDQjOTdRb1/51sApb664xzPviLYRGtpUKEzdAQnXKKjZycI5DW6p3c3hIscptBjbxHumRp7MhiLh3qisvaJwqNMB5YIc28PDlh+WGxzEUA5VUVW+LLMJnZjT0t52pkn1LbXvXMpsUO1MWe14KgxL01PgZdATx0+hN1Zw79U0xTGPRvwwR5zMH5ckQ5w7AfyIsVjUq9srsUNjIvlkShTrMOISU4tZwCpxaCR5qCvvLbAG0zDxN94hoSFZEFRvyLFCaRzYdQ+vXgF3J93E59V6KZiWLFcEKIAh2zgybU+cVD3kUagYMwyU3qsW9fPPPhtCd/fty5d/+ApXymqzJiuuKMmw8/Dsi8/Q3Pt9P9x/9bJuluhR7+92X//6N2uMrG/W6JxX3bBcrqiMAGb2wXe3dOMFc+bpX44ffN3/7McPPCC4kRH64S0PfUuZeMy6VCEugB7dFu65fsYtlktx4QAmGfKOO0wWjnpi7/w4fKS8k3RR3PIC9mmrYJZmXqiizK5Iru8EUADHS0uqQ9988vzT9mff/Nt/UPcHlN6DuyvaylfU6QTl8ei5eQKXo3PrEARFUXL43nN/K1gvVy+eP98fDse+r+oqCB0Ec//qMMYoaYsFEPc9KhWEakcWu0x3j9HXcuBm4JXPHGq7TRss/TWHAwBmdfZxKvrVABXAfPb4o0G0g0SP3Myrcie/m3ft2Bka00lcXuAvtZ4w94XiOycuOtWqLsPdpC2EPR0T0AdtoM34QeYegThnWlLF7BDAnnIUOgQN3XjrJRGC9NUJ2tCCGLQjW6EVldhz3oYWWqmaUzNGFAOT80KNlsoST3cgQlfOO2F1XkrZmSYV+ngiGlMPCBk1Vt7BkbqP3LW6lB4KwayK3MIRsDGPuE0qmEmz6qqWr1C/oJ572VQ1hb2z7nWRW0brCSdvkdYBrbe6CasNPtH9dsvNGcY+wgG6umw9JUyW1icoSk0/xRio6UeQs7EHLo624JLMCqeGXik6mQpfSNei0BnAt6z+wtVygY+18I5a0PEzy8YByboBbcegnZXdU2UjPCH17b3fnQ6DanQoQS2sE82VpmxSbW76GEj5Y3TeX3iGmH3efv0I4vHJhwmOdD/JPXXTQ02+WcI9RLzwH6noPP+EZKCU1L7Krcfl8dgeKb+x3x3bIC0sIGBc0CMeTWT2hSZsxdgN/eGwX3CxcDkSZ3J0Q0wkCjK5Z+jKD3GAZimeL4rZAgPzeTyniQlzqLAH4P5qvFuU5bquF0V5IACe60lJoBUm0Jxa62KHB96vQlcFXP3HDc9QQXTS8rMg0VdSLorwTljeoYQ5TQ0E6bND8o6Ly8JI4biCb0/kjJut1dkDugxnf/yIH1qWd7KouLS1kGJxqyjILm43OrkEcVbNKmsDv1hzkTIHOYJ2ZX/ceFfcLX6YKaseGkvg6qE7Qg9l06Q7ys+ZgGunr6pzei6pEsl6Nqrp0cNjj2HbTvvP29e4Qx7ISS+HCGScxVUEvSeXnI5J4fLV2dDiTAgTD1rXKFlU3MXgRLwBJDKNtKA4Py0lBFsCJQtGc6cemY/M3NCbdfpcEweWmwYz6n/22Xh2utmZDZebb/U05v7SVyVAMwr/nQwPU+oFe16ltXLKpWG+uYyNSBYdKJeELtgyn0CUk+CBbYLcVeUMCm8jM6MifywVT751pn3072z5epdaESUGeVm+k3NsNomGH6TDLXfR4WZ/Xr8T0pS4uZ5LykNuWzvssZjymVdsv4iJBvn0Ru5zg+a0dvWjVjNu8Cg2SXm4NBR800KfP7v5MGYDExNqK8OZLaAYp3CydExnGIGC1AOvoeBSVpkmoCsqq12jnVhHaWMY5pbmNIrvj/ZpRPvretHcrJabZqFx4LSneHSj8lSTjhgHStw74H/OHUs/1L7Ar91eNVfraln7qozaD4iuRTFmlpoCSMni0UJk6X3H3V+XAAAQAElEQVSU6r9ZuVszTKpO5PiN0xheScagrm7izYwMvsXh2B23h25/wJCr5//qWKxjtXF+cRzLrvfHoeiGyoUquIp0JWHjaAeUXEVE7CsweqaE8dQ5jjpYUYl7d2RjcgDNbBFubAW1rfpKV5DnzmISMNN8PkrO88RxUpZ7gGMFx8I9jMf92FI+Z0nYdlEViyVqa0TuCu5lRPQw1OUqyRwT2qJw2XfAgR+YZMJT1kIiPo+T43miFP4cD5gBnsnqIHCy63rJucTf27Z9uLu/e/0aZ2t1dfXis89unt06Jq4oijJ93ZmAOmswIeG8KL4EcH4KbyxqdoOyBOf/sDvsHw7b+we8EEYVyIMbZd0W0jdBGszKTaukEe+HmkDhnJY418v1enW1XF/jJmmkswbZS6adxIVUpQ0pHxKMgsxuVsoh5qN0MlbyvIQAs4VDHcyPlI2RfD2vvEWabyHKlx0n5o9ngFZtZse5oCBNZDlbo/RSFYmjC2CsmzGlwsSpv4y8FkSVW4NejgpzSj0PPTOAUnsbaRxLXxvtwyF/RkhYdnY4SjehDKy2xT3RdW2L981tTEr9VlJScvt0sYK9YOsPxKg492aitCI82fFwYIKTPTXUyJDfDBbxqZXhmbK74KZlf04/9ZezDXr2lRjjEz3R/Gv5P0/5csjU3Yd4sh98XPZ/8z8nM82Oyz6tqLLpfJnn6Mymp5wFYC3kicgnSK8cKnvdU8ZJd9gPXT90jI1xa4W64r5RbrLVwAwe/sNzYYyZVwUXFzHGIjCLcAGlZjqMhDu5AWelQQCTpI6ynS/ZUd9nUi6iB+mtjzXdMcZLp4IpIqTlefqi4XL2lpo9RElASliYI0O0qrnIzKWjmD2caMKdwrpW8DRxEUiSEOU/sf4zY1rJnT/LQhpCl9JnE6ZBtrnTWwSzCNPd64ckHhdPFp/YUJrTofJPLVJpTh4Q3IrS3JSTRfuemU60X7lZ4ckP0AC9iU2nhtAYBE+0vEbNNgZiuZbBFLIWTtRh6WuimOHEaEnG4iOA1p9osZi47kbS5ab0r6njWr77spGJ8dzPg7O/4lSwZy8m+8RdXnpJ58G0eOBdnvV3W8B/STp5z6HWEk//kuuGJdmWqiRZUU9QlJvggOSlcE1ggKk/iHuaEvpu9yg/iRI8xsWiub4h+vf7+/u7t2+ur66p9UPtk9/rTInLt4D501arxTD2u12L9ja6cre3V//wD397d7f/+uv7zbqWzHoGUX17QDdgWG7WVb1wAvUzjIm2UB38ypfXTdOO61hwS59DbFE6db0UybAwUhB3algr+Ike/kkP/DE5qf5zH1qH+06pIPLxPSMPKgFTiZRAr8H86pjM75gRddFrGCOP7sgVVITAtu1nr19fN4tqtS40dYAKoDAsBERETxG/SGyM4MaYyt2SZe8m21G7+HgV6PwTQxquGEqKyncSHWGVswL/oqmLm2u8g2IYv9n1d213DCW6v5F5FfkBCbpEXwF/LUMoq4acSbWlEoThLDrrFPgYRn10xkEJdkeDe7HAV4jAnu17Rz1fG8lql/41zjL/ZYiM2F19BQVH0ec+HB07aXiV8nhsNst6uawXSzGeHrOw4cL85nazYn8yqhQ0jQ2V4LOPJPdPSScm9+J82H/4w8wMu3P+E4SQRtyparXkR6CBHanme0zgQ9RsHFmotlIt2c8zMMuNvEPG255vEXj3rcG0svkmPTPLkiUWtm/uGPeAW7S6ysIFKfvyllPLhTccXis4bzZ5ci5b0ul5BZ2q14tPf/Jlezi8/u3v8aVf/vVfIzLC00Z7BaN815+8GDnL7/6blxT2Wy7e/OHrb188v3nxAmX1cbfHgMVivXJxnunygcLzA1dAvnn/cvxwB8xZMRwx+BMtbbNYEP3hMBaUC6EoAPGgHg4Pshgi550U/sQdyk9NPzXp4dGLOpcvtOkM33Pq868n9Eo6GXcsYL0GM8wEAzDmRZi+RtEPPyJK5qFcLW8+/2z75m049sdjVwT39tgWUHq0lJiQk5NOqPczpZwg8IroKCqvYUCAklJ76/pmc338pPvdV1+hJJFgFlDfWCoz56gfKYOCs1Co8wgLKoblCZ/vEbWMY0dtqftacCdDvCWX/iTQ++7ByaQR1UoGN8ltNwlQGxh1HmL+AUiDHC/MLSeCaFRV9IasrfzG4Mk2Lcyvk8SpyGIR3uN0a6YWswXAsVVhQuYsExauQnAs7qCx1Thu/D4Kvu6YKUSjfyT+zXPGqOcU45AJkOdTLU+OMjW1GSn7iNP2PQpetBxYA6NR7GchsPxBzQXmAewpCkx/EQAizTKsLMD2VpxP6DQH0/ByVqs2ROfU1Y7MFXTjKmWRza5vsSlnRgXdUUFJOP5qsQLmRbjfbgkSJVtJUondarGsirKwqZK6Ue5p6CmmHZS0xzP3AhOvW3CFcCSGjxmn6AfSsO0YoO1tivFrVOPqFlCzASOaUZHoMVpqrIdEhahP4h5TPQb0gzvRnpcOw6ze4z7Qw2rnCkhR1Ytfya8YsxCpfTg6G/npOaY7z3/5Y2pGOB/MJAQm0zp9Wgmc9IMinmKO2Nr8SN1Q6SuHBvVqRXXY6P8x4/YxdAMFaHs3Fh6lKArWEjR0hFtjGLa73ZpKjAv8GG6tmJhOLHwOSbBntqv7oY5JRukUnyhWJmygVEJqOu5Ac0HI30Wksyko8R2fZd1Ux+CI8HPoca/iohdAKtESiOhigcb8THId3JcFaYs+UPitHKDzaO7hxtUOOyCiWO+HITWGW3USZDVy4gmepLA2GlH9l0dApvSRk1H4GEMZJwmvsihGrUeU0KZl2ClDcYzZ3rcKPbNZZxOB0RJcnVQuwLKaExxcMqrnD2iqhv75kGZVYKqhbuq4jW3XLgI6sEZo/GglaNI5s31nGKf6KXEG1cdce+e6NZ2HFf2E3QpI6rhdqyCfyfnWXJeLtxZnNkK0nNT05rzLqni+GozO7m2u/mD2Z3JrPEB2oRyAOrmZy8ckLTOpEzNr8KRM8MKz6vfj2WnjDK+4fPFps8lhNBcjaMZJeh6vlSOcIhsziyvtsmk+JLDJ1NxppCfraAIezJp3E1IPWYMD3Vjv2635xMQ0feBsAFn0FO/2fyd1KKMv8UyptyskXUXb2IDP1nv2vUwURNGx4GEiiNCxs9uaPuySlcYrDNGVcaBAZxg7tKXd2Dr8OXSBMhSiN9/e6wWcT0OXNkMS77nL41xGX+6mEdNpN/uUszFmG0TJ0Dnz0sb3bNjctIWn83KmBVHG1cHdrppPVlfPN1drxMeKEpzl22hvIK5dcSRUwugQeTr2RHNyANdWRViU5dWq2izLBfVijtNydUo17yRa7WGCHVSTSgwefwiRgpNePIjGccdDUjGBGtcUwiSi/zEzBCVn++5wPG73w6GN/YjAhB9j44qNr9cRFl2sur48DkXbUyYKOl/UOITSSvCECKBXhRQQod2O6BuO6iBSLIzt0B8xDk1Z+pAMKtZ1tMiAa86kXWghLhdwiom03xTcM5DVWg6+PPpiV0BbuGMRdu0B14kjiDFykRiRd1N3VTSiqd1b4r5xuZBKC4BzHAlxqvigoSuMbhBOvGb3n+mQzSsZCdQ0pyz3+/3rl6/evHwp6Saf//Snm+urlHAgH87An5ifS/49IfqanCBKoo/MEzfsH3ZvX99t7x4Ou/3QDswW6pTLlRMlQ+qYwFKJxSO/XRZVU1G/pNUSp3ixWuB/DQMd6m9qqXokFE+9j1xOqj4ULZo5aJMQe+zQLjNtp1UxwpuYGtN4yfAyThGzZnFpxWAGLq9gYSTiJF1fcACeiyQk3cSdbORpFIPq2JjnmgQrbSQ/THlK6DYYSPF2Nm4alRQQv2hMJ4ndRCwWKnqgdJMWn5SrDOj85J7S/1UzTfQ/0t5EUk6slY8YC9w/pTsQew2lrbTHFoEpPLnGaKk5rE+RACMPc3A5Wv/eLTdfh/Ce0Mjpun3cUJjWg6l6Uy5/VlIgf8DJJ4xP+Wb+qOohZvqT/wm4hCn2fxxQwVCm0hHDMMd2tz3udlFqRymbIZaUqFCO2tcpqC5zYvY4mFYPgW68Gzl7zOsiwyWoVM9FqYtQ+E7IEvDmgnBmGfjc9s4sqplBFcbgPsYx36f6ivtIR3wsg8DFXHYlP8xFSy1QX4unjxpJU0hDki34X+qdhzu9aykBVFQcvcH1SiifgXY97WsiklquUdhSPhxnnhEkqkknJdM0caV49C53a9hCSyyYKpkhyVgdeUpzN/E+rUfdaPr0ElOW36JkBuPtBdVZgfNkwmBMLdF2aG4qWQK0zX5US59/Ok3g0/5BItvpHFouHzkUJAOnaSQs0lkSR0s9QW8eJEeSLTPOVM49MZkgP5/Cs8mehnByLWQsbILfeZy7afN3TQzM5cH3EmVJQv6pJ51ENytyyp3VP74sx4XSlNXN1dXDw/btm7fX11cYznEczEh0CCIbdapoaY0hc6jcRzzMf05Lge3goqpK7gS0efXy9Tdff9N3/SfKN5U26Oig1PQ+CdOGEaX8erVGLUBNdqKvfXX7bPXXf/2T+7t/Goe3RXGDoV5tuU7tP4aw291y0gnvXbLy0QNAKHlZVRhT6ZYj99okr+DhsD9iXLTrxGMqo9Bd6q3LfZ9qZstAvDgFH3kY/xMdJ9bw0/WZOAgnJ7v0OT/BSOnzxnfnNMzixa83gi6ODGHMrlkOxfjQjeih/vM3314jdIeu7nK5JBS6lwJlKhakUJ1jp64QGDZ/FmVUc1JISt0P1KQQ5l66HrUvadCy6Ql15dJAikt5vj1i9rvZVDFQsfB2+wbR8AI4vOjELCZXHvXf2PVEZogfKotEvy+qiG1dvSPcSMxWwsxdqKpjYSZOhUEgJ3g6JVr2zA5aNw1UlRO+k6Z2FDTivMtgS1pOrzzaBEThvgE4cuOfvjhW3E6Puj7XS9LrMQ+iiByQ2UlbR5WYzd7k6xFfN2txeio0DkJTRb4Knh79CBYYpa0NmJ3l4xyg4MtcmBtEalRvLi0tw56oNw4Fu0r0em/olb6lohMalkLMUe/mwVPulcAzyz5fImcUoyOLygIn4fLoxJxS8+TOJxNcgi8E0VBukvCdvEbTql406+sratQahd5NrOaRn6aQs3uzDDycPONkZtHtBJzr5vr58/7Y3X/z8qu6/vSLz5vVMsgkg1/ebNCgG/Zdu8P/d353HGH49j9+ffPs+ec//5mvK5TnuAUrXDCFNIAF6XeI0XBFv94lTmUDvisd7elCJqb6Cxs+93/5I4aP48ykA7LQjr1EbXqbBkGQlnCBEAgVAuoBRoSox+ODeyu1igsSxuVso5/MEZxmALhHFsB8A0J8AkzzxEPOJiAOeTJcS2TYlkpmMD2VvgLSJcRz7RQs8bn77nj92af96/uhezgE0hZwbCncviK4l9vLEJ98wW4w7m1f1APqFoRCOFheF9Wzm9s3b++2h71C28lnEhjdAVX0Uy9q0jxdkkRCkwAAEABJREFU8GCFcojK9gNC5P2hbWvyzzQPyMj2J1dKwfkszBZjPEdbJMkiRdJMSyYcbv5102GQGQxcOeIMgUuTJTWFyUfXYID4ZsHcFq2EPptcu0nIBCYPlAGRJ7KVyxPFEJk6zjKFFRNkU8IQFYPKJRPDSwAtQpdu4AwjMjmA5JRILZtp8ISXcb9Z9EAHYThOOg4kVhQFDKUCT66QqcdRwTvUNICRJvw/hQSkCNTHzEhJY0vWBw8ZPtQovisvDWruR1qKWcHZ/1a2UeCMFi6a5CdUr8HehWkMufE2/tJBK3wnpBCbqkhQHy95yb/J54XBeBouRNfXy7Wo/4fdDu0TBA+2iCmgVeDdplmhmyNRDiYzjEzNEolgjdt8+CDeR+SSWKN64QlAsKGpKjZkPJNfj/i8vnNbd3Rs2nBbX4xFNIihcj8gbw83D9TwwHCyCydsulOxkw1IInt7NJYc54kp54Iof8WbiSsH59oo6AyXgmf5SfIiyATgAmfI6URkTrxgBD+KGkxWrAmBnH/NPqCpP6BM/JwnRQgUL8eoq0y6mwEnHymChR9HC9ytl20YMcDT9h0FCnoEqPDbHYaWylgV1GWJqPQ5Ey8e2+N2t8NvFXUzWMfL08qmbAu8NxXvOw2FO5FE4LIZcvnbkP3jWdbggh8154PFd4hN4VdVua7LTdPsh0BP37YjInJFHZje5fyQJBItWvWUyOKZ7AWlWIvKg1pW4Z7j9ifmZuW3b2Y0k3PxHPAtC15WOm9J1wDweLOd3Fc4gdZPFFD6wlNWbm7cgtELojglKLKqMMTAfJC8O2CCe6KOZ2pAIiQcGnoUdgFHqaCAIcP9tuMOOxvnsjYnKhnSDX/fBTNBZlQYTHeOi9prTyRIAOAUh1YlHjNnbPLXzuYg4z/QtIWQUES7AYWKZ3clXpKbsilU/OfTZ5rJ2S2a8+Os44HefnSpyoOVpBAPsEvFJROA8YCoGSeyWtNjhPzkZoxFzy5VVLBY2s1QQhQoW5k6Be5sP5srxFG6CQTQK6YPJ5ksyK3kyL5rWdrT8ZqSYkhZ7XEOgITk9M+ldRSg2M1G18IX1tojispI9ywmuQgNduqcCDM+Jd33SCcV5rS0rcQPBLGyIvdRYFZCmPIndE8DpHKLJLDeecgykrCLfN2Z5aptaHRqSfRHIT4pdLjz5+biDRcH4CrZgrsNlhTQdCUPXLqRtPSU1sWGI3krdhvOkEGl1dEU+ST5o1qbaL91A/rE3REVC4QDhrHC0I4ETI60aEv6XiHrjbuu8LrQDpRCHRINgFC1PNMCHnK5oYQuLlpzZ44rqFkcBa6RlRwNgdE1Jj8TLmNFRql8PCpk5qjF4RqK67q+XizXGCrnYBrdMLv50VaCpa6RhY9j30W3d/FYuB7BoXVdb5b1ekG9zr1kM7I+1iZZMsRCzkVjwYnUbCuzRGNeFQnIWaiP807YmeLFSF+l7HuWREyRwp2hEXY4Iviw38OA9jmUwVXRr4vqypeLfqy6oWoDxg8LdHuiq6NwnAQKS5WuojIIUnO8JMj8dJx6QiXU/XHo2shswdTqVPeP9NAB9glKJc72RdAcFK+ZKAUbjlAEX/W+oIwTX+wL33q3i4hED7EK1OqyclXjmyUa+B4Ru8USzd6K4aPRNq+K5dTXO2VJYpStqql5vVBE+HnKd3TfoSXHH+d4DKiZ0LCzY/ZE5nhKJBJlOEZA3r5+jahCUVZXt7e3z5+v1iv5nvynYlZ3t4jXVI6rHwshty585hfiPOES2D+8vb9/e3/cHcZegn+Os9qSgsiE5VSVTWlIDaeYrK42y1XTrOp6UVH3c/a27YkCJzMknionHt9cgKZd7LLbVnmV20LybWk8J91rMPLStQdZLdL5XXiGJD9Jsj3C1L+So7xcmWBuvlChCLuJtrISeZgvNhvP2fwFLdyYwM7EdAICm3D1YyHk3Pwzmjkgutur8JRiab2cqlq5UQpCt8LnzU9RcLsfDe6zJhQ6OleUFH5Gc0+yCyVrhe6Z74izc7rDbr/f7fCE+B8ldY1ROwDattfnDaLrgyDDE3zMAYczzZ9sLZcv48kcdalGcRpJOEO3ohVpphVgv59AZektny+fk8X0+CGbRbuuxCfDqh/hmPaNc+fXVY0TZnHwaK+n/efE+AbTmM50fTTNSP91h/awfThstwi+4A6hrCzqeMJ5V9ZmmAAZxm+KiraOatkkGxJ1GXBJMNOaoCgnghP+TxE13SNqn4uoiC554WoyOedgzkcq9BFz0Tf7Ez5Isk/79CxI92EnVOc0dQlkXGV6XWUVxGiJ6mR8yP6BWYVtEONT2gVEJmfqqZB14KY5/cB0aCP3lKM4CwhJvHZLo0ASSpLlslmuNvVig/gqidlC9jmXYUsOK7GkyOgpBaCuEgnyOLsdSKatnzneJHZ62xTBGUGJLq8Qk/vl7OnNVBvl2SlVhB9Hbbb5AU4KR0C3MZgzrksNnfBSOzLqPQaG17y4BGbrGfGyXp1/EA2MJKJoPoreGQ3vKAk9Tp0xzprh/0kOOD9NyIB8fUSY/phed8ltzz4BABcAJlkmAfIUfDVI3TSMYH9m6xMekWHvWsBGkBnTn382TCd/TCF88RBIEWXaZrPBfUh8J/t9wcnhlMLhXFajGmOGQ6fmeQBnWvAx7fKEpz0TVZwTSuFssguvNle7h+1ht0OZvFmvl4slynGuBLL2gVFRPd65BW4MtKIXzWK3Pzjc3qFF6+FnP//kzZtP/vVffsV2zgJ3sKd8d3QufHdsUWMgksa09tqNDwX/oqzw/AP53RQkGONAJskx9LjJul4CGVXdaFjIXK+o+gvcBC7HE1l/8rDuL8cTDh5n4dWUqT7Fds5+ScdpNDQTbaoXMm9BcYOQU4eqxJJqRkonCUQRHfYx/GZ7t/7qm7pomqomWT+GBTFDOG4r7SyRlSWmuOlcai1KQdsoRB/MHmRxFsSwYMGPkLZf1DVVVhK5NRmwlaMtisHEcrmsuAoeF2S/36MS4kBIcByD50t6jgQPPaVJOYlT8e2oEphUltCsAGeyS85jIC5HIcdH65sy0lrupMM2ukgAr6niztUVCYfYz6znNJ6GeKAbMjiG64e+qAopWOFM8cYZHmEmoOkIuz0923S/OjtRebn1g3i2GoeLme7Iuug669ZJXkLMC3M+5r6bn2ra6XmVsOCpMDOLhbLZU/cZF6+pAWTft4ejkJdLogZX5yQFGkDLc1OFnXp5kQHNqMShj7jlZ3oWTooemD+aUqELwDHcvn5zt9kghFOvl04yYMCleg7Cyyj9hXCRpA5i5snEdIf0X5CNdX37rCzKb37z61d/+Lpumk8wYlcV/GlmZa+r288/7Q/d1//xG7Tmi6bevXr41T/+c+WrF19+Fqvy9etvn33yGX6xJHVfqJk7c6T1V3f5CPlofFd3KDey8+8+ZSX92Dr/Bzvy9fNDnD73B4EyLRarJaIEeLmBfTzKiKrIpSNfout29w9C4AqNP28Sn931hdvO4ZcYZ2ZqnGdIfLh/NT8M+6BwCIZ/aCvzoxluLCstZPRpuq2YappglRLxqJvbcd8dBodYB0btMTpIaqjv67Es6orgIVRXI6dZBnqEgRIYHLM5cHok+Kaun93e4njuj0d0dIMTJUXDhuITRQGCLZH3KKKkFdXxFXQNIHhpIGqk0I1jhx/DGGxyi92Eg1sHr2w0k6cP2uqCKp5Vrkjw6XFqfRs7Z1hdMrBSlomXdsSqeiZfR8RFcnPApZNcjv6eAT2TzAQLJHA83p1sceHidwDBGspKZf/IZxG2FflpfgtnUbAZMBLNAP1JkxyD9OJBl06APbFCxEwphM6Xe7xyxishyIJ4cuLQREnIkhsx/Er0O9XgUN4JYXp+JBRRq/AjJNUiI6aWlgKjMq+UZTLQ/WC8ZKSWGa6U0nSpgVBPnFOjQuYv8OCDjp1JUSpNs+wrfIwO7Rw0e0oqheNPebAgmdpqYDPpNC6LNtJ6sZSnvN8R30mPT9V3BWLIXJDmnYbQpBoP2BoAriJmZiGGQHlCIqgnLXQEiDcgdE/f6hFAdDhcVMtLe+wgEUSqecHT1qispSSuAE1ONj/fiZvK7XdAWo7MFtgJBhQfEafwSLpbfBx/12+lDSLFmhESC1T+3enzl17kxan1hUyfVLjM946Pb58f/sgMeJEAKr1nkJwDC47y7eoMTwYAuAl6lIQ72UGcIITOYAFXy8X1ekOeIq4uil/hCmNAK/QYgaqEsId7X6FI3O13a/Q/qzqwmHWTHIpzAzCaKBTzf3qoj6Fb0gBBTBfSV/SIxlnBi5UhNNBmW14kD0Bd+GVVrCj7pNh3HRXko9ptxoJCcvnJMsibrXJOE+MQH2vVkZuyobvNPTzI5AsupJwSkRBmV4GdV6HUyORagTJXJAKQP19MP+yz83fjBVziO43vmQqwK+oCU9fKSQxD8LsL95H9DvbCpCDpQM8FxQr1OwgjCkAZCRsVNy3ux+/t6c/kxC5CR7KsKNcPdXc1M2STMQ+nwA5kFpk7v580tNG+dmH8p19AcwYSQmLnnve70XVinc4tDsCIcQSlLZm+zKmYcqcSBlAvxKJc8nDRLAQwHiynxAJJcuvi1Dt1cmMc6o5QeEuaSJd17jExeNH4dGdP6OYPLdIBZlFJJsKRnkGSlyXIb5CGKcG5d2kEuUvxxSaBoMw3at5IZign6BR22zPKK5d2qqpmLi6R8ZdutzpVzFUH0yOINDYL0fJE8pFxLlkfcMLJNK0uBbEzRwxOhprhCW8XFSls9wGSpKGCg3UbJ9wGMXsdJ524iqrZEEnRV1Sb6O0lmSOSSlppaKjQJxsls3xcKuFLjyeloexEd9K+Io4t/jf27cg4i9wvFz1rDxZu9cMJKO5kr7pJcE7DlcYwcuE1/xtsmANXsjLDfFCyk8la1r2vE+liNBssSFnebNi53I9zaAKOIxquCyivmvqqbNYIqkp/omyjTffG8RB8B3GrLsTOuSO4A16pqZqrdXO1KZhSl1GvtFVVNVhXAtJUIVkm1KdDuAdmFk4M0hLOnCmKIkn6qVqqhDJjxLnvj1sMGrexG0rK8ijq6BH4uPLFanQFvtiiS+XKITIFDhGcMcEJp45Qfggbh+xmEQIIA3eWHoTjBH2EIs+3Zn4GXTeCY8tDUQJKQVVu7HpxPgra2Yg/l72vEMzaOdiB2xeIxuFqGRANpBB+4aqmbJaLaoFxsrJe4ghW3Ow6nLi3XNQQVLhzYIm7uwrthE8AodGQuQ836uKF736otnrndeb26mVlbW/J2qCtxkIBp/1wOD589c3D27f47vWzZ5urq9VmzUVW9K2Z55KWU5TmDtFNa1JTWEYuy6WUBfHmyKOh5qfH3XF3v7179QajGLjhpPlT5r/KmdVrYhIeccIizeaiubq93lyvV5slMdlUVA84clw2ctq0mrgMHfOtupT3OakxGYQwWwxxBmLIbej94J1T2kTXMQlAkKR5uEEAABAASURBVK5/YBwhICtVZezE7xITexjvR+nLzWPO9ACeGrJLIyfQsKiqr4uzmQ14lLKLlAcv81IyU2Y6nDmFqol4KLySoOhtp7JSCZ1SPg1znPQMJeFnuASisGm3ehAhnihL6oFI9N40U0WhiI3UCglRCmWcbHftsZVuREl9uajjJX1cYcbu985NEeMkjKfxgcxzcXGS0/H8q/NRjfHSIMPpNV1+FbVMslk++eXin9Pj/QC7/vLlJgvH7vD8a6AbeKaKp41gZqWLGrqYfHjWmGPATdEdDkRqctjTL23L+kUtH5iUcyrPMAEiPUftnjgJS9JJpLCFmkyVNcHtnOjAuSaF2ZggBHLZRNLtB9liaqZzXtO5q3Py16yR5HeZmafMY7zE1ZovQrjoeU2oWj6DUaaD3XDuVTyVwQRLAJKzBfZWaYJ8soepw1WHxhT+ZMqZwRqZRTNwQlRKXDq8+rwsO/HbfcutxI4qN8RgdupIR3u0qW+M2KUcnomTswDJN5we1TFxtI6GvCKCOe2VZF6qd6mWWxIFQj8yTiUBeS2XWLnR0h6j1ZObMw0aKbK6NS1udrlq4AGxxJS0hPRBuCUCS2PhRxEWmdG6gFMCSpSfDOixNREkETFazpByUCVL06nuiXaf9EQeBKwDW+SWDGeP4rQdua48czNcXssyX+vJ30yy/R2HfySlId9Af1btdd73wD/INWUVsvUg6xe15mpFDQsQTRqJcb1W8x0sq06nR+WIJJ3krIbpuCySvqu+gUmxARXiYNix2azH58+fv3r1Zr/bvX79GoMsV2U1cwINRBD8R16u66YjMKUrKLvGf/rp5r/+t7+6f3j1h9++XC2uqnIVqZkIxlJo/+23D4v1pmkWLDIi2kdozaHZvqyrkUIsjvLiluuBt9ZDGyhnjpyKjtZfWUqiorPqW+em4If8cXG6zZyd/fmXQw44VZbqtOufInBmdL5JQp6SGVxagzFdg39MtU3OSU2MgylZYgpsm5pj3LPwfVHdFeW/vL2jotiy+Kub6+doVZN6jCDEmugwlgVZOFyiwUUlmi0uoBUHQCjwM+ptSrRD1RhduoC6wbhH3B9p+/HTUHtzaoteOljVfdx0se9Q56KCpK7AfIuRCUBAFTAaxngjZBv5wp1BEmKIAdfRSHREKqN7dtIi2+t4x7ihHHMtkhxAV5ra2WhxO0V2BNpzpIcMUHXOLAn1rwTrYPbCw91WXASark2omgWrVcjnaw7JOjtpvir4rHH2RAX7NsHcCUFqqqoRlTktou+93SBTd49tXsXIglGsJZPCgjS82Kj8GpGC9bNrSePoDseRgSCTctkit9bU2sqUQ55MEh1LV4FFcC/eh/7qHn8cvj9tSxsw0Na9+cPX+OeLLz9vVquRr0KNkJ2FBDh4yZVYqcJgwrlmFqSYKy5WTb1xV8Pnn70lLtPXy816cbUOICEOArRW11ef/vxLnLhvfv27ESGgYRy64ebm2fWzG4x7dF37cPf29sULSiG3MpGYWjvN4ikzB9upQZwNA1eauOwL50rt4vFhTtR/TvEe4w/kUubHyaygzNlcX+NV99stCjYUhwI6yDZBH2P/8FASbATUCMxb0G8+uSe3nQuQM1dZ1fS7vKYPfi6Yapo8F0xHzsO3dyn7TEEl5xK4rARKhJWPCOE0q3W32YzHvr9q+wG6cMQPlW1bFo5aPaOELkvEvpy2QQVh1kIgkzqdEVUMVfV9+uw5kbh9/VUYEOEkDUitKLR/lpZoiISuSk8OHAy88zjvpHBdHI9hKPG0pdfutJKmYwadE2csadgQ0piqu5z8fUksTWHHzCFKsW3Bq1II93Rg+QNjUtz803PCB7B8y2gg5QrRK9LgptHWd2P+E+xwySzmrwSlK3czD9MSoePkQ9P3GD1QV89pBZRiBkE9Lh0WslB50PmeKZIGzAEeoxZMSR9rNswJOsM7bFwt3OJ5AW4avYL1uIBUI/ONEhFaTzdaETqnLYedmQXpcaJYVlH7rDnOjEEoHSTp01OpJuumINCek+ZBUQctg3VEYmhXWzmIzpQNlTa2qLSBuAULYVUsQPBvsE7R8YIuC47YDRdLWY2742Egf2bcoUXEK2VTL/EGA9+gTJ7nrSUuK3NlRa7iEzoC6u5gnbYpQuEKWAK0eA8DQpPowwdE/I9tV3CKD4YICFuqoZZQBxfFKQo9WkMKAwA9zLD42ezYKIVHKKNO0Jx8ic7F1/xLis6oi+4E4bDak3Mn7vxUcuuy7AU58Ccpd9H9KP4sH7qobEu6pPohixaANtYhMBqkfRWXaMpXgtOOJvZdRgcpHjYK4If+IMZxrler/WF/pALGbhwYDJM6ZjSbyRbXnYKn6bgnfD8Shx8jF6FQdiWVd24Wnha30SRheuV7D2k6GwiN0QT8eZfDgnw3LAC1UyL+XkbfMbEixk/QrEQnpkaQnQI2IaKcIR1hLFw6wOps0PLyKbdMnXIyUzm4ODgq8xhZTODnApP8MvQadTL0jiBKQjNbxy6KohkpX8rao5k0saedUE574eTf+XG2j55k+CVFEHMUlc8k+X+zjL1LR6KAkKhcXjtF4ZiiGLlyDCNL3laUWtQh5srIfT9ThIOvZF1QhIz29Ti/ySylLEfkMyX5mAWVvqVLHTLGFoNGZYgmeMQgVfsikzmwZxSTaS+nTbiKqkvhKmEAmelAQQB6zcZwCSWOagNajXtQqRhzAFn0cXISs4Vknqb5CBJoz+4rw3/AzcDKp8+RIabZdRV0AM2fsFWufn1aifxx6Vh14YgJXzWzlgSCYb1iUnlIaQH8w/vUKyYmHHg2UE4SXHjlmH7jaVDWcAt46+dZ6zqXlbZbzomeFSYuqDCPHnE+6zQmZ6Nm35ffsl498rqXtAcHSqwi4ne6At81AeUDbzmuZqASRuB8bc4okGxRXZ9GHRGmumK5ptLip4cSvWOLfDJ/pfJIruuIcK4ni58sMeqwM3KA16VoMqgDoKnzatLGLPvZGlDY9Mx/MVkF0kCI74XLUmnHDDxfsnWiCCdbUfKwEj+WTjga9QoxZCd3vPjJJaEciuDQCtqU9aqg/5ZFXUrkjak7lCvVVqKAGF0fD/24x/A/xBZRsaas1utms2EG3EoeJXMAvGKstgqlyxvpHObAL7OOjU5W5ygPG7noiDATxNMQhQDPJMSRT4ECFy1GDBV3gw+cahz9EvzCwQK9yD5AO8ChK4dYjDRxeIGSasYilaNX0nY4gLC8oI1NNzsyNNL3xHHRSQsbWe988575+QuWc8YPCBxlodbcnmA6KnQkNHssHCIsPVRtWR2L8hDDnjq9O1wqA4JziDzW1OKPk07KmlNPmkUjGSfOTYtEdqjw5Ueji+DUFyZvKNmDVvmsGsp9L7PuVA3GHwAoyM8Zs64r8AiZ38jRR4QH8ZX9FlH/7WG/Ry94sULvYXF9e7tcrQwnnMzIk6sQwBmlwSzKDPVLQFg0nK8q9L8qqndrqSXN8XA47A77h91xh4HqjufEPMSkVaMKMD0NzQvOCOBUrq+vVuvVcr1ermpKzi9EKw4AE72fRC0zbRXcbOhP5jDaDZj6nRS96GE3MHHD8XjUzAkeVs+FPD71tJrKkqc0Du6/oB12pJ+78EyXVcXdA6dkDhP7Mcmxk0OnIGupI1mMYG1umDRFM8w0Gw+020jSCI65zXJHwHHfH9qVTHUwalMJ/hifipNXvNqz4svRqzit5XQ5O2Gkwqexo+Qcnuj9oT0cOQsh2CKcnHDJ3IPJGzSpdu6xnS1yMaOndRgV85z7aM7NrLUMu8gX8LkKjZMSdRfe0ytm78Lpu9nl/jSPOPN2TaHo5lFYRpEiNn7ZvKScIZKKbB5QSuJut7+/b/f7jnow9clh1OmR6L3Xhccrp8wMX12SAugRrFBqJhYIIMGvUEiFCIyd1qh6iMlmhpgls5pcklZoyUo+wf6T/zcfi9kH9Kvw3gGM7/M+4HFWm/T1i4eqmihhK5j5kkGBNSCtG6fPk0EzctO8yFEnzn0YiIdXvjUQO9Oxx80ovgV5ZubjSCYD39f8Hhyeod0TfISYlFOgyOn0STqx+AagliXnQ3hdNU476chIyL/8Na9pIXol5bZU+C/9Atkr2b2Bop6grnR0KXtDLxFnhrTemxZ7QCo1n8BSTVZMjZbkugl0kqwU0MYIppjokaR7LJ6yompG/mha1DJ82rsHxL7QejgqBiXdQJQzGJIb9HXWozxXtNGIV2VKK5TnxBA8Mf9IhAuFMNOSyUCr+QzShIK2m5I8hyzPFqYUL5fBoZKsP03II7WNzrkLXu3JB/6skk74iJkJ8Mc8pHWYjOByucRp3xHXyb64LkWnu0xPqe6UyR6pNHK05nbphEmivFd4XTzU+Z8x5PB25Yg7+BUbNOHrr75+/frNiiywha9q3gOgbMrqShf8XKSS67pexeXd/f3xsGMqgP7mpv6H//ZX24d/7vd77mDJfAKcWI47YvewxdMsFmVancAcm+u61ogpyq7FKB0vthgM7UnItehlNbGonZZlJhda1rQZ3k8ZlviRiqf/sx48OOJPyr4pVJeoDvpYo5eMQp1D4JJpgKkyKBg+HIpyWF2/2t394+s3dVGsyurTq+uiD0StSQuFypgptYSKikfB9ZKBLhqaPRzuvTpKPZZT+If4p6VO35XUKrYe8bJd1Ap3UlwUQ4ESPr1ekuQrobzfvjx0D0Nsqf85kVOPsr6hYEqxDk9GpG20wUtVafN0jdEQLYpGsWYO7JWWbHBzijd0XOyYuNbxC/guN9lp8MR92zn1yPic3FHACRInJssoqTiuG/fgleqToqHXvmxEqWfQXgLiH51YCQ84l1vYnrJh6CtHQOuQzQ6xDhtmTQTnPq5xPC/JU0zc2ag65tkVf8mxdCokUZd1XTKkyBBZbNY8mH77+m0Xj46tKa7zEWtHY6hRPasJ9aRh7DlzBR/cCWWfYvhsiMbwjtYnOnq8wqXCIzplYRyH/d0dJ7HGFz/9vF6tOMAJ6YZ5s5D1YIQ+atmnNSX35pwY8HRq8t+Wi9sXn2CI9NVXX31Vuk++/PL6xTO0EEl8+6qDsVmvf/q3f4NRm2///VfFiKu//+0//cvzzz55/ssvPvvJF9v77f3btwgQlCGUnCUpxNeyQWWq4f069cIauGgW/0Um/ykc+cQQ8ZKvxjUnXO+2stpp0dUgsfcjAknoJA79zbNny9VSeo5Ew4sNMoiJPT5eCJ/EM3PTJTnzsZaEecJqSgk3rBjpTNQPYqH4ojJnOTl1khjm1CX1UK/X3a4tNy3xOvtqQAAkjG/2O8pRWC9QgxSciE6sbcSfwTWdY0Hld4wN4Z+Lunnx7Nl+v3v1+jUxGTALCioeCvWx3e+NIoHoVdBi8iU1qybUBbfo2AGgryZst0AQJjvDKgKiakyr9eAx5EQWbXIYc+cPEiO8wQKiFlIGx/TBGN4xvN6apcTJ3+eUDR5JSaJXiCraraaJmRsuviBMAAAQAElEQVS3J7OWHDHnLEXAAjvB1KK8CMkN5JQRroSBQhEOZs92Wv2Suq5wSgDzmvBXR6VG4VLS6DRwzrecKIWda/BxceEHaX5XE1NIVZaJ9t9oVui+qV8e2/hHjJ6Pg2CF+F7pq3NA4QQsiMKOzg4hJ/GMRzJsIn4VvXTq0GENfizB02eQ18y8j6py1NhGexwMOMb7EaRPs3KlTtduKtMt/A+XpxDWj8p9tQbbGy2aKUN/vyc4orhGkVFU0i5FienRRCrk4ajPTqQEW8mfEXK4qGlIutCoW0qE3gFlspIPFHZtFzkeJp1CqGiXPGSuk6bWhOTRM53MQJ6plyERGNX5CXaGtEtshcbM0pwtOff4ER/LO0nFJbzkxKLCXVuYw3Ty+ZOrwCVuJ1otXGWoc6qL9gTp/nEO2vIQdNefDCI3TiDLywfh2IvSs4lbSLDEN9xWg9ZOzDcWeh5tx5v18nBYtl27wzBC16KtQgXSuNB8MXpusqIXpTjioe0XfYubUGCRkaxAA62StxpFngmFD1/avcvY/bADcuiFjzQyhc2v18hl4PptbR1T8Sr1JIgCbhXcn6sSFUHgsvyujAuQ99P9smhg0U2pcpGKdiUCR012OIvE8dZxPdV1OCn3ikxFUXjLNBRpqvgpjShnh9GUDThrY6hKkG1MCXkuk9NwMQHxY1r7SRjme00NTiVvF2HHnCxpRBhAPil2S4Ai810JR4VDGbhYLndbioTVQrw6U/fmIbpJOH8fS8RMIKGpILhWOZY5QJsqwiANrEbHVI5lIxCTjk3qApTXUcL8ska0CjFdXvaAqFKX4kykVtJwwdk9X3jgaAXWolGjJZowz5dFBWg9hQS2xexOTnZcYnVIlxO0TMBcfoQRpNVcEb2zQoJpHV7wIy7J1fkHkrJJcZHEiJVUxDQbJ/s5TI2QxMaR244Xgg6mcfij+kNL9m1lKaAudilxwoOzjgYuq2uP02jF6VopawHs7BMIpr6hdL1xMbVeVT5CsGXkZlAxwMw4NG2ZPZG86JMmlSs5bcg3Pc4EtUZTtfIPedn0H1OoB26WAhUUFctBKoFlASli0ZY38xFIxxjOOSm5myAD/HpvCRfIMW3JNA7M/MR2kh848VcyTlrqCkwlorxhyOLmSC3FoElaa3hV0YBMHOUcJ25uaDk3fTYVZEt3D2E6oYoPoeiwKVYoBQzWpX+mAFvGbyUgLfdxxFsoo1sW1coX66rc1A06FE21qH3NU0DceA5gtkzH2CIM1A67Pm7B7dHLqMvmet3c3tQNnqbkDm9Ku8vrSq/HM1ooROskaZgMktRYRyIejkqkBqK8FZIGvmd0hRBSRpiFPkDlVRwgRkvx0OHo413WRYMQcN3HlfMLxIyCK7oejr3vR4+/B26pQzgGJ3sUlJ8vC7JgMtdCAsIEilDqKXEMkwIVL89LvFFyB0CWpXb28sFr2ynmOMEboRFD1wtN4c6XfVEeiuJQVYdxkDZMHIvjpJMKyhqBEMToqBvyYrnA2wrcAVltirTPmdJm5EwjMb3RUq3rqqorn7La3Ltcqh/9yM3Ri7/EM19eiDd84jhhowvR/m/+8NXxcFxtNgglYUyhbpYSZiPxDgBnAVT1zqwZuhFG0uLkzH8y+6uGZmLohsP2+PbNGwQiDrs9JSIcMerGhhZ5NbInA+ePcEEaF5VTvRn5BtRlb321Wd/gnVHGiSc2HVzYuKoHUJfRcojdJNzPFWOiLckfIjceqN6RClE8cwRoVaRmUXCwlp+fYWb2amRYZKmEIUoWBdplSf8GqUkumF6S+Vr410oyRPDZ5QOizFTlgIWXufx9klWy7TOqnkRYUsj5+RJw+vhsNLIlnivK0fJLhHiGKBA0ikXUJm6uoMWs8pRt6LglEDmnxCBE4Oe0JHC+UFi3x+ORE9FbgpoHto2DqQl2B7NlGZ1WDJpZ6C4dSifgnNAsnqAPubfoTvRgSqPNLbG5xTiaij1ZFXpNk+t2zZjynu1jxtUx/fiRJMbl7Bl3suTnpl20u08jwJQnYApVzSYn5iJbA0O3f9hRD522O273+MvYdZL35EYx+0FakipXnget92FOUWkULWmJMi+F9M1hcimFyzhXhb6nnad80Pyq9IS8T4QJfnpQSPm1Cd73/nRJxffZok/3kC4K2MdODhnBSTyDlc6/lz7MAJoGjCTjBISWRlrqaEY3CQtOaOgldSxwDx2UXlzYPVIaKTXB6akgTmrI9VEFS3Qn6TmiFJg7OjJFyuB8p2akfsKfACzSdssMZhlGcFMqoEwRl98VXjwde1blOOZd5lUOiHHpecfBJNfFxLHIEUgANMrIuARlW748WL7JfJomnqfplcLMAg31OAW9+dL84S5hSrbMvKahcPBfpTG46S+0Rch0lj8l45CerLQvMhxF8DbT+Qu/FDWHb4lUxvFEci/CXtopOta2BC+yjS0Vk1E7e7PbESAof4oFfpheWumDwJsBlEtJAVlAopLZqw7OUk8uLPSz/fXnkXQSM0Hyoxyp1ShYqGO5Wi1X+7bt/HZ7c3tLVvs4U3aQVbGz3TpKOjD4j5UwE9N4TFdN0Bje4WJxdbXe76+3Dw9v3ry9ublZrMAC9ixHvAQ0ovQd5EbzvmkaNKmPaA60oUZT0pdf/vSzv/+743//P1527f1q/Yz83pFbthAbd7vf+qps6mo52l3gOSnnpahdA3GQgnz6BcfwAccLzS2g9DoteeAIvTuzBhy4vxwf9QCT6vFpOvNkAuLsnUfWOYPTIpQL5shPsiur2QWMia/jlb/b3//Ph7ubr/9w09Q/W64XXhYi5ZSkDIyUQS/XEk+40AIDfLFUAipqbuInAJXBW0f9dIqIQKTyVJHTgSHEGmAV44v1IhbPiLXofvvNw/F1G9oeIwMUBBE4U5R3ID78kpq+elGSPn9w+ck3HNQJIN9mYI+E5DolnUgPCBfFkx96aU0XtbMmGuXS+404hJQNTJSmqnrFmDWjs91SkYFj0Ae1zvLmhs6DWos/LXVWl6bvZG6nAnmdXfaVyJ1uGjp3zz1r8KUFu/u+eP85P/oBzroEOJelnNo64k9wtn65XGyeP8OP7/x9+7Af0fqhYKWDZBjpOM7AOcFZyOoqAihv5/z6j+cgq7mUV07YthK0qN0dv/3t73GKPv3Zl8vrq6Dzp1ZUdEIiq/IvGXYukcKpbJcHdkw/Dr6prl883++327dvUeIul0vmyiEBTvgavr9YfPrLn7b73fFui8vjcL/91T/98/Wnt6tls7m6+uarr7r2+NlPvkSrRTqvwpwJ6S/Hf+Ijck50XdcIyqAFezzsxegEI0Elxo7j8T4EMXwRuAGQWPJ7IKr8gHmxVP66+0jH+amEspWR0j5rZTgyeZZTNB2NaR/F6WZFSP5D2Sya62s02/bUZSVwd+F9MY7F4VBDWF9dIc5KTnJQrIDJgAWO4x7iVNcRmrL65PbF8XBAnEzFqqdIGPpu7JtQ/qTwMxPmE0pWV3RKhHCIEHQcSgxGUjiaZKxPERuF8GaqVkcgYy6JJxbgJBuzaYoZ1pF9CmBSmJCBDyfXA9VHU64irxx91zM5yuxCl+Z6cj4fyZBXq4FgxCARCy1MFnIX5kArsuJdl+C3lHdCxgFTMUQdPsojZc6TQgQ0r+XAvaUIhlPfvqJKAuHS5K+VRQreaQqFLGkiAyurUfDTwM1fyOEj99A5SJEKN1M60+PLO9wmIxB9QQhcHcYtdoCdccPFxIsQU2dCrti6kJI9RXxk/Mm6oBrEw4E8U3yrUXfVxeRMz11D0IkTK4ds9c1iCbz2HlB3oE2P5zkcPIcfN82ycin9lckJiZzAsYHFndoE20h8hcaCXPAMIpwsOQpUsoHj1vUCiFp+gmfyLTxFJb6RkMfRQI0jBZ2F3TlLSbp4QJbiP1tU8T1WbnxvMpyqxyjg8oRT2HXzezi5pXT9KCzijPzSFTkCpBDrj6R7E9jqJmEj9q0uvHzDqgR1Enbjz3O3DM6wdgmvAQlWRmEwIsGAMndZVVer5e54uFov98R30nPBc+A0wa6gAmlarAXtVtdyOWW/DJ4rnTg/TpNhYBb0nZwZeSm6j1x7YLa9e8cKStBaErggPaw55opSpCpc5eKiKDvPdfgD0XGgHIk+BatFXATBDzmRSxJNdDc45tWgCCviSmU1UJYat8lV2eV09jIcTG6eO71FMR1JogaK78aLTp/N38ddirnxfGm/6KKT1Ex5moy1QcYTLigteze9QS0B62YPu5YT5d9ptOfneu9nLn0t5RuZ8XwxxjY7+EHP1KzRWIJz80hP+hpkCmV+Pt0PTncbJ4bEKUEnrVxn4G5uJ9gAXxgkfiWYyRE52J0Zfvr/KaAF7lR8pYhNEimq+ED6sAdnZMAwS1qJj02HnsKdDcUlS8MIVfX9x5azjaveqn71gu6YrhBVVkYlQI1ThU0wdNsqdr3N8jl+ApM5YWlztpQhZUTwVe2l/ESWsJuEMwCYnHLvOCDbV3am0w/IXkyEx8mhTQMBE0DHNxWiM4dWSLAKITtBWysmXu9ZiMImMp3aUgjAqnUhGVF6pSk6oSk6dMkRHLXUGcfeRQTaDxjOClQHSul0UlIvJULcIEJbHQnyHkN6HLU1s9HIF0BMUyHQTFReEy6CSjHdVHqfhBufLCWWTTBZxs2fpks8rxAq5xe+vKrrm2Z5tdys6iWGyvWRo27CYHsYD0rZRPcN//PF0UO/KGHdLG6vFlcb4ObL6MfpWLnUXAByYWJKw2FIWArHJ1Fm7H/cc9IzSuD4IxVfuuf8c4aeurE/9MO+xV8WZY1IRB3Qkg7LAHU3FkNftCNic02EKoyoeEoKRUNV+qoAbtyoph4b2ZRfSv02Amr/VlIcvE6b9SLxssSo84dzmrWk4SuhOSmK0XPSCYY8wY++7rzfRdg72EeHtmzP/SxdMXLOE3dnrqhEvqor7q0ZObsoCCmMijl2frWwzabPU5FSxRwnUqGkjG+Xjh/JtnvyMXkrcaZSp1f4wOlH9/bbr361fdjhmGDg48Wnny6Wq4p7pkStBvTnysrkv1ZwY6hMA73kE3vKq+BcCPz2w93D3Wv8/91++4C4I8aqhQ1l3mRBpKTQDlEmBJf2VVXTLNaLzc311fVVs6yrBkFfoiONDtEAEdvABWwxCcss5Xd2x4/YBHAyaMLExLTQw8gwLBEEtD0xmVpfCepP6ikinsaZh4hXlOWaBOP2kB40AghTEIZzTWz8Q7I6Yq4jxJUVjNqiiJY3NnGLpnST1FLnxK4wB1GkJV9PE4NGoWCRlBqZzYoT1CruywwZ1YoNixKcSGJAqguSPGCGTVBYY2CpO+4P7bHtKU1n0HFIUjOzlDKlM60od8EomklXl9lp73OxTmf28Y/ltsf8zXj5ZfmiWRlqRoBSbET3oSboD3WYW5Ufk05kPEJUskvDK62QKfYxcmPGYaQAx9i37eFhu7/fIpwYOSsLJS4uGsess84ldfkF1gAAEABJREFUWjU1jSWfULNDWCEwpCJpJXQ5L6uXll6ZGHu0taMF+E1batbue62ic9/kPUMzkxrf4YBHENGnf/38xbklzDKk8JpBzhR6olt5kqRWznFCSc/ZuRTZ4eQS6pvDUScpGAkcMovStcgsy6mHzcUHyB0uXhIZsQwdE4QVOeMkUOm3Ane2lVO9cdryfMrRq8icDUWc8t7B0FIzEtM/LIE1U02MdHci6eNkiNkNynmTB23Gtrf7l6o5lySmqjcJLSVL3E6vX1fsxFtYbmLQFdl80q2Hf2PqbqK+RmNJeX18gXbKorm6uQaFOmm+2Mx1DF4OzBLbshoSCqnjgEiKdGIhjHnQPmuEQtAzUuavoRsFF1dO7p+VryfRbsLhdAkAfKAQ+/NhOskdoR/vSHsFDdZPPv305bffvr27x4Vyc3PjMt84144yu9IOz7mp911+wg86Tky85B+K5+WLJeX24to7HA7bh4f7+3sUTotFo1elZSV+4cisd4WYHfjzanOFC2172K5W67JqcOH/7GdffvW741e/v49u5QkgppoMAWFxse+2O7cpcFuEqEUJuMIRbF6XtauXWtdCAQAE1fx9d+iJlXMU5saSbsebT+rA5QDN00Zh5hX/5Tg7AMzHVuGfoIysiMKffenctkogVHST9J0B92x5QkyMDvQpLruVFEW1CAoK5CH8vhq+bbf/+PKrojv6X/71T2+fLZoaxacPkYnaxeWcaBtlojlBSsWi5/+NUozCeC14QVopHBgJ+YWmqv3oSMcCWtMjmzpjQ+IePeoFbsYKvzHAMB7fHojNGoX9SFwjYSC/QhjfjZ/QhGVusoAgzU7dVhfUZQ0ZZSJZ6jwYSfrrWLAVVVZ03gEQjh+kz050WSXTBHE44eWNsWv9fuyZxREjYQ06Wg2qKhorSkEIc13t3JS8n0x7gb1HmCBa2XfkCsISWgBNkUH4gLPvjY8xPn1jPu2Ax04ozpthoJPMjLKinZQXMQNV8Iv12vPzYQj0GHcIYBisB87NJIoOhDQG4LA6qm1cI5nHwlcR48ND3tI13cB0ouyerETMcfXF2B2Ob77+Fgf086b2VSMddmJUslvHSQBoAJTUkcybWo+Gh0aXEDpRH5HKhxdX689/8Ytvf/e7u29fj1348uc/bdYrtCzQpscT4QmfffEZ/vzdf/+fb7/65vr5s6/+138srpZ/87//w+rF8+vb27s3r9++fn3z/DmF9OpC6D69mA4fakD85Xj0yLCqCy/+cQ/xTPA+Glje3NIdoeefUr8ZQoO+j+gxvn31SoTtcrX08z7fLoM88iOT/zG3zE/e/VhHzKBewYCIx2VBbf4w8mTR+sHHwiShGBhCviVJedw1pyjqzQqFYY8mettRg4d9RCDtGMZ91yOujVgqWefEFMoVx1TBTugo1wdytAygrpub6+vt/nb/hy3K5hEdKyrIqMFXeA1qVUYbl+owuEtzMRbCFUEK6mDQWo3QGakITThIwkgaxJw8vphJY7ZbE8p8/kk3F9nmr0EKdEEGOEQTx6egjjbbcf6dMuIpEsQEHUzfgFRzoJ9hnq8A5kEymgWJLl6kaJAE+piKTOmUI3fWEegKFN3zQXiyxI0KkyHhUp8dw+1INZchZmQi6k9G2QXUVaGRG+haSUDi+szghF1nhuybj2kPm7qZSQyDumYgagnEu0Y4YwDnLbhGIcRUXizVQ/I7M82krFI1gVRdoW1DlWPtEe9o0SzKorJZgfM5UBYj0CSCBkXDYsWUQRRXQdvigKEcFg6lECdSARLpSi5m43LScWDO9EKsQkr0gZIYGaIC0PL4BXMri2I8EtkbQh2DBDYdr3xRijRExFZGytFHr/sjjEzHdcHOPP9zWk727slD24fjxe+evKJQUfrCdM4oODtkTtzj8g0ksVU2m8C4bNHS8Id8Pn6EQ+5fQHD6W/opCHQlYj89I2dyCSNFYFhCibnBSU2awtxOH0aC6CMbmegGFhgUu16vBtw0/fDy7d1AZjIKz6GNLe/tuqKAEMVwcMapm3TfU1CHkTPlBgySSSZ2kTaPyZ6Fl/L3Y7A4OU7Wz4mPacsDjLNHJAi7Osou7hCfx3hWXQ7V6DEO0g8udSdJi9RN3MJ6FSZIYCclCoU0jT2KtY4DGqMrpOdkpEZdI3A8goYncBkJ5zO5ZM+bM81t1RnGjTZB7nzjwEcvvoRzvFUhs5TZoFEKx2gXhQudZWDPTxWVQiBT+7bmIje7waPtiIOqLuvTmzhjyPiwI5lAzvjVYkphfKTC282kh5tpbHcqXeR7F34HTWXV1jB2fsrXof2YfRSmS3P1qOCkqU4VJjg5m5WEMEpqiqW8qxJMj8UfyEDfc9tiepC0EzO1ruwZscjvKXfJzuYI0uFsIZ1/xvxE8fVmrtnMQYvpEtlMvWdZKB5lKkMMCrE+mEYiSjf7BMhLvYHTNxJE4PJh4vdsKUSTnS4PQ0UTaM5w6ISNOUE83Bzj1r/NWUxngXc/Wf59C+HAdLuSGKDedxopmsJRioq5ayG3LSyi7lstqbBrm+8sqkRnUO5VGEjOb0t++vmfKdoavGtRcQz9fuyOodsPwxEjKM5ksZcOLF4zFQh70TNZPXYqy57Monn6U8z9HbMXjeMkhkmW8MvC4C6zo4bl3Kh2PN0JG9CLSwYJ2abUn3FZlJuquV6tN6urRbWgePOoYxl1GYhecVFNTvQyoPfQYnAd3YbNskRPrSylylvSJaJLBunZRqBXOZZCiTlTEDqyiaKs7J7YTQiY8o7C4YXnImmxgIiOpD+2w3Fw1C+uqEei+2sQURjccghlF3w7+n5AU5rYhF2sMWhCNAuOUzUk5sLwnnTIIRwEA5YtJ38jCGbMf2IZMm+N9tkDHRYwl4EtETQYgXrPoU8kpin4DopjrLZxeOjHA1qeBbXdEb4CQuOqokG3rWnq5QJ/SCqw2ewSopOO2UHANwnti5vM3DClwpITIvqne+SK6VxPBYs2yUddKiBkdAzfpca7ux2iRhjQWq2vEESqKVOH8EYxF6W7irIvZy3XwZISRs7LcFzEByDdWCjdpKRKOb/bbu/fPuzut7uHbXs8yCdZusK0NTWrWM9Nqq9CxwB95mpzc3P7/FmzWlD7p7qicljXj5y/mzp2icU+n6eY/ZTj0Upg+bpzGQodnXDX4ZgQoMtNELiaXKUgU32YhLNv8c7SX1IHHCn4IXojyoEil40rfwX0Vu2ZmjzqcozTYSlw8rsBzlajL+5t4lA5d3D4N/mbXWpr1pCyWOQzZVX5jKffkkisEwWn+gnVjSWdTLI9Wk5M1yK21FJtDrGbINSCWz4y0UKAaUfntl8SXjCfNTe36Pz5vOoXZQmdGn/TA1/40uUF8K6PZB7pqVGtMyiKMcorIbPuPr7J/d4D5sUw6VU6ckvPzb3aGDPtxRpcUmZHyTE5kjrAcPdh3x8O3bHlFTuhE+JxcNeb6IX7x0/wE5EYpWZPPl9DosqhYOZLeq3Muz6BFrxMN26FO1l0xrlZsCY9YDJ19It6PDIdkPlM313ew5Py4J/0LZhTofAohjQmzAzL3ZylPI4ZeaWwlnhIqJ7jKDQnwoKZHkccdme2NJ3WCmyyS5/foctQYXMZkq8hn1Ej0hnaoIwrF7cUqHWUNPvcNEuEGckEAzdZwrk5PPtLjNOZvTsZ3GqyTgyDema9jq52lzlW+V0JlhxjVD4deoB59fJsmakoiXC6JpX8LwlArxngZr467rdG1prQR7HWKChllv4sm8Xy6vqm4vxZ5ziuxHHGgY/d3Vvu1UMpR0wjJ+0Lx6CdephfjmBzzkoZw+Qqgdxw4m2Kbs79D/ORno3dO48/v/Y6P9YB822Hc4W212q1unt4eNjviaOvWsj2g3M4cmRrnZj/ivwt/0Hy6PE7tDNLx1nvl6vVVT/e7Pf3d/evX79Ba6/mxHbmh9fdS9ZSSdknI/1bs8EAq7BCjJiyvD2ZgZ988uLv/8637b+8fn23XH7iOXWYGXtptx2PLbjtaoOeSk2bLFCTTqZdgGKxYjCZJEjBv/TotPZH6vcGfIICKLVfwyDg/nJ89MPkR3rB4hTRKWv+hWG/tCwvG1+QpxULckWZq1HZ5IOfKGEhdWusEbEYimYP7R+299U3f3i+bOqq+PLFJxg8R5cVxWrrtQk5GBOa2OtOajHNamSrhJgAtQDZinUE/eA8DIb58V4KA9a4hKsgbtMCFsviCk9V9h7Byu0DBS1JYXOxNYidzzEgCg/VnCEl6FsaJYPFnERwmQNI0QeKMXQg/KXCrA6WzDH2g4wbGfQFtYLAzYHXGDqy5NJ4Z2FrYU6TtMTYH6kjAHlw1UF7djZAtUbMfi+VTfGCoSD6I5GMZaCw5xJV8jQ41bKhC7O7iBZLz+RmuHlLMQ3dD3JM96ZjayaiSw+iGtoJXRgNiJ9ij81qDc85SObgGPdj21n7PWlxMXUMdRYjEe9O1K0HP1kVyTHQaGuyx53a7WC/RJNbyZVgSl9OD4rH++1d9XK5WV9/8gl56aqkhbKeM5QCZULhxNnVZUairl9rt6RmAHt4m9tr/MzXv/r1/bcvETr54uc/JW4e4fLBmOmq+fTnPz1ud/u7u+PhiDj+v/9///H6xe3ny2Zze4Onev3NS7RXFqsV+IVxGv4JH09UjicL/eK34I/7pDEDOs5inPBR9f4T78dzOjxefL3ZBG7tiRgAv8WLi+EPQgeOx7vXr8n38J8slgt4sp8FyeeYrqnbBz7q4AuGM6XWMXbja7I9GNkZjCDDZ+iS+FIkyQQqoTTbquoRLSp8s9kgcrkdHbrN6Jj1AYN8w/54XC1Xa3KSKUXcaVGXtrgOldLFFUwOd725elnX94cdykjEMdG2L6sFbk8gKcoCAfG7MCLwSlisQjaxZ/cP7xJh2QaROHavTT1rHEE9pGwAk4OnzjyPvXMuEe+qcLN4poxCklHyRWc9TeMMN5kW5cSmknwLu1LIY0rKjzmb9xMfLlnFbCEEYzsHkWxp0aidEk/n2lopxNR2PqZ75WfxkxtJSthb7p4mkjjO90lJnNGI/TSllfrfUbPqYZDyM5SZpVTSWA26OY60dnAG6zoSAbgFUDn100v+RJRqkWlw5s8itkOQYSeJjZesguXGED1EwVNFCkm4WFThzQ+waK5AdcJgvOAMkiOTSeB9LhrgijQ4nxf5hdF6eiLh+ieIdLFC82Xwrt9v25HOc799INN8c015J8JUL0EjsvoLYQ5iVJSuMqg9Sb6phAG91bUT0xu4ARxCH5R00rfW3SCW41CISq7RhSJG6qCrpWC0PyjUmQHis7WRjYk+WY4mPi550lv5L+lcbv6iAoS2wvzUwmOai5MJSjcoNSyRInSEUyNSkEf95dncj3bIBMVMzED+RHJ7wnnDtjT5sJohoMXGeT1i8illDNnMieOyrm5Wa/x+S6XR3f7Qct7BMEQghilqCaC1b7js2747tMeiwjCVxvJlAtiI8JkAABAASURBVFh8cZkEt7CUm5/LxY95BEvHBPOS+eWo7ZgVhOWW0bIJ+V2JCDAxICAgtMCQVo/RuL7D4BzuLIyZWi7d1As6ToYuG4QqV1iCTZ3OqBUkk+Xwn7pmplZ3srWNGSBmOsJxGjx1hOAUcyeYwwm1g/pvCUsL7lJl2wWL5X2jf7IvJuViv3MIqiRSRc/BWWUjsyS7XDPRz8ugMIoICdigxdtUjcxIGoEwY0yB+Y28/zh/atkdGDOjph7jKJ5dDryencOkgctsQp2lHEaXzwaLvkgYT0SNqt6QrUWVxlZaPb9hL58nLSd7OZjNYM5pnqESNV5oMs1NlYKg+QyQnvHigEyhMJs1UYY4M7KWQDnUvfj05wMFGWGq2pKQQxbTV2LOMWlKEAy4deY+yX/eFAL/E6Mz6j6QlAjSx7KXspSWCwFIDRfpM2ohSK4F2J7x6ebP1k3Id0s0Gjc9hxGFyTxBmgWnVotTmlVL2TCkT8ckn/2ZQXWmmLJviS9vAiw9AqiImn1RDEaXloB0jy2Y+axg1ivqZMMCny0EISWBaXRY5Xmny1UKP/H6hfPTJM7Hy7t8xvXaKAP3fXsYuv3Q7TC6RR07AkUjpK2gh6zGX+6Lm3FEaZJC3M7CgDsNiKyZGDObUvlN8qniTreSKiciSNkv+GzcJ0eykbKkFiezqR09YraseV75TbzlRVWv6npdL66a5Xq5ZG4ssP3OTe8K+XNq5zFSdkUxeD9i6H29qK+v0Pch2Ea6c0bnkpDgEhen+8JbjEhYDSS6JzQnxNaQWHhJuCFOLG13CqBG1Zz4yK3eqG6qOxyHY1fEoqyWVelQx1WDQwXX9K7uQ9GFoo/FQIOCuAa6NkvqzUNkrNIZBaZ+GXSMTBnBrP5BkmAsCZ1mlRtLee4BJpF4wpF1y/uSjFBqZeUlYzFSFiyg+ds51wGiQG4bxsOAerMMGnlCa7lAx6xZ1jUxetfc/5onTnhwLEtAyW1so+NbQkfBHTgtqRrcOxXKidL5MY8Tq3hmvtqracuLfYuexPFwOOz3u+0W333x2Wc3t88QGUz1WpIMgR6Ti86S1gqWaqMFOwe7dMTFSek6dUOzOVA89LjHHdy/ff3m7vVbClSPktMk29NCdzFJrGBaz+H4r6/Wm9tnDfdFwv8sVXWg5H8XpGIxSAIGKP4Min6cSGWB2DT9yV2otHQu132cdohmfHs8YtwuSgaJ4A+FEE5HpiopDIQGydXiUZK8tZDUHJXKNE3FHCcpL2SMvQC/Mry81ELSvJatMmqL9TG6zL+mCaDYfGFNy8g31Fp6kwsq7ua2m2SsyLOk5JUEWUtzN68duE67VEjWkbRfkN8lB0X0FpfhY7yb2jfjajoSwEK6g9hTorgVpajqFErWyHOCdzJdmollmM/R7LdHoLVk6kz6/TGT5knH3EjOTmIyIaqLkO4qujhfgZPR+IH38N0PmMCi0zf03xOsKUSV2GmgPOUx9MdDu9+3e/rZHQ9Eq9BhXI+AC2qYxeRYrH/TqUjm+2KyOdMFJaMEJNeElQ7VelHOVGHSno27QhEgc4qsAQzruBim5pXTs8wfB97jsHh3OkHf93jKzJ7fFZiXEbIwP1xI4nfJMuccgsAUon3gDiycykk5cZxoMnB3s97FAbQNoQp/Ww924jiDTXgvu0eHRexunmgRR1G8UzU6IM63LosMitqoWDe7KzlIySww4zwZuqTj02XNpldv1znN/0heTBryoE2f07NEdWjsRNNA5viPM0AkuRu2XmM+SdNPa9VkDpY5QY7Z6M1c1M3uJ1kELsXjeDrI+OYoZ576b55FZoLLI2PohwAlPtAyaVAZrla4i5bL5c3t7fX1NWqW/+2XvyA6ZNYvnsm/Ua23x3b78PBwd48/2kN37A7ElHI8cvelAeMCqacbbquOklQG76YkGJf7kvnCiLYlcxlyVrb94UknT5GS79vkj5z5kd9dxtIA7uMIB3jaaajzuo3y5PW5iNN8fXN9xCnc7YpNKchzemaYXHoGGEKUNLQ8XnJBKgG4J4yt+dL2p86uQfq8RiCOaFnf3N6gnbR9uOesqGZTbiZVp4MA7JRFgTvwf4vF4mrcyBJEv6RZuF/+1YtXr795eHgb4xZgA7FAlBhD9ByMwQhv6/a7ZkW5taDeMT0y/oFu1YaNDF9DEaAbEd5HTwCBOKI6jD0U5VhAoTtqWqCQsTC5x/CueA4Zf+iq+yjHyW3+0PfxlKULIjf183H6oo3Sk7fRmcmepsZUQ4y5IpDPKOYH9qfjiDyxTEM9wvJh4X4fj/+/t7u4fAOrqxeIGlKEgpwZrQICI4eQu2UFG8R25OXqpfkfRe9jYoFjKn75VmBkJRZsOI1OG9vyNvbkM68XaOYgAlCO4zdxfIuONy5RaiNI+fvMTYT3W/CvIWFTMXPS1P7mIl1HhBOCcUROOdS7Lrg8Ak8ajRERPXz5LioGZ00u6C0f+PmCXcbMbvW9WIENrN92B0/deYLUhqNHh8+Bjp1YZM4Q64RyuDQRmrfhdJepwJl4nhEiiHUMqITEdWRnCz0ZYSKdr4HvucYvrL7MymGtFuefnxpkSmUP87bFAae8Wq9WHLrAl4+4FNrOTazjSpkj6UreoHldV12HIS9uF6gaBsyynYbHvN/s2Z3KOoWadHQR38eJloTi43b79X/8ukE94RAbKsVAE30g+0K67OBKTOekAJVyeE4eUTSPGC2S1WZ9+9mn9y9f3b153WxWNy+eRwVhCry5arl49pMvjtv9mz98hRARGl3/9P/8f9WrJcrY5XJxdXPzze9+/+mXX67WVzhMGCDHQGAiinXvP+a6aRLC8nfQuOMfy4NymXWYjotXT+iFfML9UY53uJQfcYieZIkRZEDCSAraV+sVEcJ27chiUxLXiJCDA9gomu7fvMVXbp89a5aLvCGgOELv1rAxnv8+u8PHvv74g5x697onkuqPXCzB3K9dRxiqOUuSNCFWGadCAoWxOW1RyIM8ybXKF6u6uV0Ph2X3psUvlp2r4rFGNLdZUQMUx0l+nhLBUdZ0bUe7rakpFoiB5Kq6ub5+/uz5oW+5jj/u9/vlkpJR8C2O4bF5xfnr1ObAp+AR4Zpd3x19daw7vMsCUTnnJtmT6BZylFDwb3CZYtWSS/m0B2F9h5gp3qT8k6Nptp9LHlwa6wmYmPlYmVevel6X9+yjuchO6z9YG2An2ZlReJaM/1srX5IvKo4rd+kQyxBcnIJJHBWdk6hC8jVTtQvJ+ZFamJItIdzc011FRbaEiYNSS4GcdETyqSM8vQ52+zLmvN44aRWhfsSr0UmTdMUCKIO6okpKfo6gyT4eTPdOKxcSeIo3PxAXfWgpS7VAo4ETk3zhze+maIoPUssS1bm/6Fk4fgo0YBBLxz/QRSTCZ9/XxNMeT7wJjf1ELaAXcFcSZdA8XzWLW+/6SDQsuEeOffdq++CEOLHhWloyT6RXnPQ7YoyCtlbELSdYaAIv5A4jFzKh07t0NeddcK2sG/ZHKKGoZJrpeTFwECvuLC4gMlixa9SRU4glCqFi8sImBOKiLTF/MXOaoqUTaQ7rtJ28rDA1jfjV6DLIIOo9uIwQ5ZJMsxIZDp5Qz+R+YFiWjDGJbvhzFwFOb/6dBtZ3djjYsIQLL8u3lTkjTHWiKiGibTYQzNsT/QicjKczg5KtIlqwBBNSB4AGEa+rRXO9XHKlDY44en/FoIa1dE2nbyBG3bbdAiUnB8Zsp07PaXX+IGRI00PHE3n16DFy3x+Li0I08PJssPVvCRBDwtLSA+JJmImHAq6eO2uOCmihLqoLWBTVsh6OfSyHvvTUloMHUnaP7l+rA3NG85EgK9EOJE6UZIZz1BDUrdVXzr0qiEpd5GzPge5yKdvWHg1sU0pOwQQszgcNsj2irbIlr0+zFCa98W4rLxM5tnFkKFVv61lYOHCsJYChK+kSwfJrQEdfWTT1Rsy54QAJSo6SC2ejBF+ThJ+06fy23n1YVYNpFZfkqJ7XcdRNSSt5CIWaeOYQRYVC4kwfRqcEBt65yZVJ15GLGMNZVDlBLh/Y1V0287zipJmoHUGdER12z+yXcgVcD0qjD0JLLqQLMlKQJRfwgHt2RpxLKwWSR6Zrd7JWkv5O62lCcuOEmGmZwPl4u5SWKo+kwsfi0/IsQYdkHkiINraggw6ml1zMhj2qNOG5mhpHTtsoQWpZqoP8Yp352HQR11mqeYUBQeA20IwXFZo2uHaD8eQuYppdpxw20eUMMAYruDQUMiy6K8Hmaqopzw2i2eDCyVBT1kcEG16xkQES2m6GxjTyKakIwTtiOkGnlQtgKhR0ESrnS0iGSxo21Z/K2ZKUq0Dodmmb5GzIxTeX5SgijAr2MBgbd2N3PxzRzG6HnvrbE2Ecw0MQnFGbgDKVM57J7d9sQQYh0ZsZztnyi9mOY4ZBkf9W8U//jZz+rKowRo1v2eCMTk0ZNifdmDQXZGx8zmleDoI+S3Q7ynpdLtZVs6wWJZlRUbtSM50vP5gqYEoppnVLgqAroauLsKia63W5ahBY8KUl5w5qfpuMhaQLbFmxxWiEEwCaOU2J1E74PCijTjpYS3E5kfAzmkEBrLbrD23sxxr8siwa5xsIVRirPtRj9O1Y9EM1EpExWp94gUVdNtRiWoZCMrdGUBCHOCRjj/YqJbsYA73S5WhFDNnVcv+C2Ons4vgE6eMEXA9F2Fsx+qrDmIqDg6v2UGLkpHVjJxZjyUWSxOBClBJ0U1SAWcr5pI8fcGNAXXzB5IzsMaGL4FFRoTF1j3qqTnmCn/5+5P874QZx0ljTK/mLMZluIi35T8r9bdv9drvbbnFhLJbL69tnyyX12+1okUjvGBHTUrUV2BjTElrmR6Z+gKmUi7o4FTWX1xUUCe373Xa33+7uX9+jK91TY5qgUK/ae9JXkeN9Ii/YQcSIdb1YIHZx+/w5AlmUDsWZ8LgnWMiOLhdqTm1CFUMhSdZJp9vUWUxdPgGTMpbBkXYGUsHApB3o/PVC1k7OCgmdUugZQGmvQdKWOFVLwsGSd2LxRS/tbqgjdknEqErF6Ug8SmMdGQA+S9THkPYIaYCMj8SWDo0zj3SpmR+peYNI7mQNZesBEg7KtfEjJZaBdE2hU4EwIUUDIhkawo8VQmbCV+FNoUUa/DoVESDUNNDZeoz7YCzzeDhimLM9HtC2VwvGbISobG1mz9APP1u08XzNx7NX0uI1/MCiz9N31CjKZt0Et0025LsmOzXzuMQ4Gb/pjPN7Mo053VO6XEy3IAOuH4hgt+FOT/XuY5rB0z/yf6df4uSZOTPvBAOAs2/HoKa+JGtyvpQsAW7LQtkMfXvY3T+0+/2AcJvwX4ax8GW1EHYx7ywfevIbZXDAJj/lueKCJf2FuoJ4hSkLsJDuOlOHnXiabq5RoeSq2KmT/eqmF7JvxaglSflIQxogly/DbFhO0w3SkLrTuzr5W4GjE+D5wuQatDG/gNU2qMUbKTMGAAAQAElEQVSpepFjaCx6WSMPkuQ3MpcJdfzin8JoQqyZ3A1PRBpIKpgt80Sh5FJCJ7iTZa6CSCuITjcdmG2jeRXGI61vztEvMJEM6uIGs/YTzhHdREGU3tBzjGOeLiwWjpVAQwocw2REumR2atKvLFQxDdNkyEeDS8MLLkz2YLKoo9TQ6KVtF7nJL8qHJKotTmfshlZNbK9pW1MikZrbYqOym+fNunfemTsJTC6ozmbMex9DKKHdHVlc+0OIbxH2Q0Vb18DNw6URFYJtlI+C+nu1wh/47nKxRL2zaBZX1zfPX3yCLy7XS2l4zM0N0MKm1igtWdlEYIS/b7dbYjPquWXPqG3XaOGNwWwmlaVsy3tLSw1hSrKcVOqfItPJOeFF8kqcSz7hR7rW06pw1XE0f0xUB1GmV+VmsxF75HjESMMSLExOnLbmxaUsUeq4ibB1LQVwdmX7WObxi93zLt0zz7OcaAeTIHZM8lDX1XLZbK7WuJzu7+7wnS+++GJ9dc3d1EH6xJMXwF/Fp+CG8LRe18sVLjU0FAoK0hyX6/qv/ssnx+7w7//2qiyqplxQwmrl0fQ64kIUetwIy9WmrCvxF2UzIxqEAZ2xR3gRGnSsWFJ8u707BG7xOEY0OinBq6yk/pilqjSC5yqCmTkyudlqiM2m8iNXVL/3OLlcnK9c0zcfcktP+dbTvI/kHenOdzAJSztPTFmnk0aGR852fg9gipROI8G1hDOKkg2Q21lUGTJw/Ukxwqprqjew/D9QxhWvfbP6b59/9nxRUHRiPEk+t6xJsoKoKwGb7ZX6J+QeF9RgUxrocKBR3GnzvBl3jUKUzyWYAcFwFNrUZbZeN2hfL2GoMcrzsHX9sO8HYF4Rou4MggGGvj06RW6V6lM9+pgUG+sKL6niYhOIvzJUsZZSFNEQzH7FnXQYtGTmIUst9+jMEHt9SoqfHCJLEiNhwqms+FbVNOgxUCnKciwx7CTsKWWRZoy6C0gQJRl8Or9eb11/qAEufwuhYk82JRFYE5VzQTPJpSGTde69v7Akvttx4QvRrHN36jA7tQzSQ6hqLjiS6cv1qkHDmDj8OXEHekJMxCKiaqHBg52Kf2HUGIVQ51pXVRgm8OlSsweC7K4yS169ufmNR0b6gY06VNU40b/7l//12S9+vnnxDMVxOoPKaQrwkSFmzZVlSrxagAoKSAnZyHoCl2pYXW2Gsdu9efvyq9/7srx5cdsjGsgLZQC3ur39/G/+Ch/t1W9+Pez27XH36//zn1eL9Se/+BJNjcVq9Zt//V/1Yr1ar4dRMDUCplWAQj4FCS/Lx8KlKcsIkqO9ODr3w9HhTDfmJnRgJvbfpTS/+9L8rscJvuPkJi9e9yPezBNOxYtHRylw/sT6ao1r6uHtXXs4yr73XCdDaXNh7I7H+zdv8fav4w0apWBJ95ARPMrZ8hY8CcI6v8EpxPWu57ikXy4coHsjuxPpWIb+K1AFEvliQJ2VlXNbUVuSnOKgEHsJw8dUgIVm+BEtn3VTXq26w348dCQ0Btf4oYF4W9VEpjV0wMFRjI+hSkARTiqnLLhRcYcx9Z98/hM0xr969TWCLLQNu77SGn4vXBCFNECQGD7VTtJ2xptC73B3PBAit6K9TdCRGEEsC4z+MUqigLWUt/AQn4L1mkD0E4DBqhlMQ0dzJmMKLKURF4QsZjPIHF9q6Dq9F31TP5ZJSHMNlaPCOYVSLG6nO1TvwMWEBii2ZxrI28kMMQQWS2iVcvSAQ58BoiRzTENAETX1DwshleCkqCAeLDuqGNxm8U9jWSi7VUiaiwpqSnQOqRYkIqhKZi1C6lUh/ePFjJW9TEYuYSEoRcke6Fr0uXrgPhdBKN35hLLOVVe5zBwSwc6lbzy06LNhDAfXwcIxtTKbFhxnCA60mQ59MSjgrrChLfvk8zN0U9VURxql7x7iDi1TjDCLtS2W5GPYvcmdcr4s3XBTVldk8ARU9/f7XUs1fYew5UBlUSwLagSo/CtRp9076YRI4KPoXH43KJmP0xZ1RCnji3W9aKNDVITQyOi2apfRHTBdf4QF3gIhVlKZzJUjsv4UY+Kdy+/4afmlkhmACR6FizVGwRZdmhE1yUzzqYrPE7Yg2HzSnYxMa0v3G1M2XnHJ+4g6MvoH/onatt8d8DyUgwrCQiH8E5lJ4eYaxMzmzAKZjjy9+8nq5HFKZ8FECGCVlG0HCYmhiRK2BG+zO2gENCYTieGncZJAgTcwDk5dOAxQbaryZrVEWdf2Bxw7XPktdSIcYESvMDBg79CTbLnxe+19FSsrZouazJQCoorGyF1ri5F4XlNz6fDUp8ai1/rY8guJkGmEQc5s2evSd6vwKk7pcQuRrSicCmL6CeLesEVJ1EEYDFwUI5rONTrMGFzDIeta7hcAmvAiq5cr2qlWjBUsl7bj/QVJsAjOU9fPQAHPwaPAAG46JeNuQI80H4rOq7KYUFqdUs7oKgsVaMGloH7KgsvGQ6ZdZl51jAoyfVfHCuLjwOskpkyJ20LWwJJw3guxA/VI7YNjwVhI2lmcYBanukwfTS4Q7F0TDsViuXIcH9J6A90+8QJty1PspTh1zZh/idTcyF3xmFSN3YcwWtBcU3OiDSCI7k0kJZywBdo1DIKusdGGNlVK6NTZpaWEsJwkNhM0zkugKdCLM+01LVV0kkjXKMJSvmL9y5iTU0UqpbWoLaBx8ygtZFTyyGMw8Kl95Uzpy40GKb5WthFVgNN6Ag3Vs0IISvpBNBmZyWFq05YPSJZhtnas/PFMSgrBp6TwctDORpDPY6OZWgYMTmOMSkpqaDiYe2crV6jKw9TUQPw9kzMyZ8oIr53iNBU2xmTnZGEd4YqQ2dLzRJsKN6UyCMggc2OZtrRfwClvB6vsNAKTxFLji0fAZTQntn2UZoZxNhGlesgzR6JSAi1/jUnxuJRxIukmqMZKnrzKxRptjNEXWonJS42Xg5+GXeV2ZJvGq0qjBRe0hbIEWdnFBZ0vkc6y9Gh7uNjGsBu6h+G4Dd2+bweicxNCBOFw8kxywW17CusaKCg9P8KoBle0TTohGNPvIeqG5RiaSxtr5AZlMmXBwLSotxnVcGbMZ1olNr+2ful8IMtFl1oV3QrKDVTrstnU62W5wN1TsGkjZpHoCN7UaGLGLjqMK8QhtB6Ope/RUHp2VWwWpC8K4GreII4GywqvPlfMhKneOs0OpZvgFDC1AUYWBuZdr5lejHMrOHTOGBIT9aM9iQ4QddUJfY8zV7tq6crV6Kox1EOoKLEy+HagrjpjLMZQxlhXvqH/nNcUXrmTyCKGklYxUEYm9NDKvgBrPCxBebX5VZIGjoUXslJFM8o6k9U9UqFPMUB5dLCLfu8rtC13Djo8T0G9vFFa+8qjo7dYUcylWpBpTFUEzLitdqMmY0dpIBXk8pFaTlMEnvJvbD3LnkjSamom4i4dTzbNkhv0ro9MeuEJ59MPx6w4czpDjCkWxPkT+vpuu7178wZtMASIrm5u8OdyuS6sLWwaAf4qc/KrbOh5RindZCQCO1pGVUV2HHdooq/fYwTizdv9dtce2u7Yd4dedgkpKKGUJtOGy2BEw0itL2oCjzZzvbm5vn32bHN1VVcNKYyCvXFSjoM4VyFogI8fz3gLvJAhp+aDOg7OOQWw4szOjmb5iGGJpx84i4Z5zTiIM4xMMUKbiwhOfGITkSCOJs0hIttziE7OyVWLhM0yX44kapCvD7Y5E8WIChFzpyf9E1JbHhbWnAfmGAkXihHOvLWEE0sJikkZikes6azJJ01CjKwFHKNEjsJfotJPDjI6oXey6DIzK1HuERQq/VVxUCASpQW3ycRR645dR+kmLZfL9ymVNpOiLmaUdpLMf7KGnTtxfGwPTodY3XIGmPR/ZvnFyaJNnxQtMYMrs22dXhldlrJ0ekyK0p98JEZDPFwydPTqkH9GDzCr+eIGh0f+Fl81eZn5PyRGZ6eaxKnqVicCwE1fA7HWmL6I1hQQMNIPLSoIhAQHnEnEkw97p1W1TFsljphPbf8yu4ITsnhvSm6f4u2y8mm9soygilwmtqT9XhTRmC/dZFQXsyFPDjE4Nwui5ruXxZs/F6czLz39Mf/3ZPyjebj5N0+iaPx+BJcFR7JTGQwMwdTN5CLxe+CmWAc/GYgvLSMqZB0MQ0n7PHQJx4HaVLVHzgQaKNeE2MKopp9Cz3oGYn32kgChvoZkBYXpec5SQ05wDGczenH527dgDk1p2cPpaWQs1XCSF7OEeZ1ROdLShbRa85vUtSyRuMnRmGM+GqCzbWgbUeyiHHNx05XjNCwwvT8xRWXfMN67NIQCkvvZ2XTLCZWa2vjOTf/nVWoDKBl44jLGNDyJRkWJVqcbHYHwerZYyajjVgzsSqPGFOyTRhvXyWG7v3Ov0215Tnv01oUNf60Xi/XV1WLRLMlGQiOpubm9Xm+uF3XD3eQRDvVoAR6PR6JIuX+7fbg/HA47yk057unYCS8axt6ahhrG4VBQJ7W+w++qIW6QzZ9fex0A9ydyRI65LhYLHMr7+3sc4kXTFJXWrOcbwGQwJ5UPxJ9Gdhj1qpzUhKmoj3kA484IkeMqYub53fZh+7J8iZbFarUO1mBCE8WokkqIIEgNEy0KxrOZda09HtbX5ZdffvLm9e4Pv399POzretENY6FVgmSkDwNIe74lLCn4LUADu+JosOM9ECgBxW3hY0VMi99s744Uk0dLZCQ7s8EgTnU6u9FdzieHyw/r/nJkh1kYF1+fHckhcd/xkHQps+AB4Px6Z9cSbUQMFRTKiCW60+Prwv3b9mH19dcrDN+9eHZDGVHKDEzpf6PEOwlPGx1njIOS7icK9xhjgqTlccQggcg8xEFxmsgs/WN0RpEZMSyDlvNn9YIyncoCXYRxux/QWibYrhAUJFAjBAj9UXIxCk8hQkonJKA35yiLIBUibkz5jEJUBcRcSo+AIc5QEEWjdM91g/bZkSagJKCZYQU8xnu6bJwlWwaSmSjeWrc/cJWAAB1Oclzwjwpqa2wcz7FhyMwhEBuOPZSoUU5OVKEM5JKriYaBm+6gqhhYOoi/9MfYbhcW5GRw2vu69qJ47DA2qyUOOhu5od3KZ2TJKIgHlqBnc0SvUy8kaDnKyUnWTvKn3i12LlioVtYmGUi8KkK4f/0Glzo6x9cvPvEo+CmsbDKfPjBSxojYg8w9rJ4PCJRpAIETOJ6yldEKWG9u8Oz7h92bb7/FCWlWK+GnRVlc1tWnP/liaI/d4eH+W5zB7ttf/2Z9e3P1/NnNJ88Xq/XufvvN737/k1/8Ap96tVxyLWyAC7nM3+mA7/f1C8e7JVKc01zlCvfkiyk06/5Yx2N38mMecysb7ULKc3JwF950bStAhgDojqHGvm3v37wW5IX67GRDnQ9m/oAwT7DJ7R/3Ee779HInrwNXPFcVNQcnpNgRoCgptALig1NUiPYmF7vjXkIQCE329nBA13dxdTXs90diGj9PbQAAEABJREFUYhtg6NftcVPVK4KJ6hCFxMRJwgqCUFRfSNkjjvmsipvr6+DjHRpYd69wA3JV4IC2F8KVksKhZCfKlShU8wUnp41UPVh0iwpBWvS/FZh2ajdqHDQo8uQ0bmdyJnky0bxVGQ6R0KkBg7iEYALUqX4UtTXhcIV0EYJ05nwG1avM/B75avQnoewMys9nJ5/OlCVgTzG9NfuiRX1dVqAS4+ycPCkSbANRxXKX4tpSBgZ6Z0FhjGCZdYIOArd0QJitLsojtUIduK0fLZmiJo0sTOpe3Fyx4SOFbzfL1T5G9LiilkCPzK5Mx5hjD/mzpznFT0rpHNnc9HlXMRCDAVdqxsQpgLbdvP0C2dmiaT6fvUgE4NzUj/viESsmTURFOI7POTnmIwwGM3jusbco6htCHT0uzI5KGzDQ0L69v8db+vTmGYJDI3vJ9CVxarXdDOWUiGURQn9xmmg0iYuFvjNiAIMY1Kiln2QGccMsem+NwfqSo+heVygrSkgDIBAKjh3pRnAZXizvPknUzKUWnAix8xdzuRcTLnmmgE4GNmOI8sJ7fTwcEYSluA76ifFJ3mz+eE9/68MOFk0FUYEwwKwookkIaVI1cKaqpH25SfNeuCmppKLoFc58Va2Wq80wro/Hh2Pbc3dBhKhRkpZQSuEkEUfBWOGqQ4S6qgP3ohUrXf7vowVKeJ/H6BK1wHTlJxz5qNtOOh3FE0WTpl59C3CJ/IX3TpTeBspjwhY7QqoV/q/smgiLABSwQ7XSD76iDHNbZk6fTYbZ0gOJ5Akkj4alKxfOUyHqiNEz6tMjMTmfBVDBGYfIXHSrJAlCtYpnptBdkbvVyVaZntad+uHzMdEZ/1C1zlrYxpP/pAAg3l0xAe5wdgtzXSGf0UOCLhQWCkG63Uzf+x6G3/kaSPcvmQbSOVv9zVOfSCZYsFFnmGw0WSHKXPPZbBozRTi/cuYuTKJpQvcn5D1lFcaUVOAsgXQaLneyASCtmXwnJUkouDNTho0543eSihrIelQWiX8JkPFhgL3hTsd5cuHPzpIGNI2QT5nv4FKSyulhwx4snyGmngXufUe0AGAwphN+NUhRPQMVbDOzkal++jvPdnLkb07PrUJmPggqiWUnXLSVLl3x9BTKNcNlOZMU4FNa2Ei/JiMGlhszSsyDAG5EKoqiwZ8ktTnngQMn2TdlQVvNtOTmAPgMotHQaP6YuUkrGQqMX2AsZd+3OwywBLbsQ8pbgqDRLq7J1wto+xVn9aNRg4uyeS5JAzNUVP5GTWngRKqQsoOC9BFUAZsVmClhleWm6hWnudXFQrY+YV4VQE0wKayKalU1m8Vq2SxRU8SQLez0jWTvcMgZTSt01Xpcbog1b1aAQX2im2G5ry20hCNGnzINL5m5oKE7CjJwqwLiTsfAeEftDguuMq+YkRcHkyLKBTcHIYo2JkLZ7Ye2w/vHmMK6qhfB12Ms+uAPAwbYoef/hhGoOgnqCpqaOodIxzSzCYDzSziCTZFptC5bMfwUBJMqQz3ICh6tmR7BgWQp0o6j8HjBrLFEG1lQlgv+hLLzZRt8W8AB3CEGHCXiEGTLEU3KxXq5Wq8aHOsrBKiJsO9Ex4iIsJJiVYzU5KGitvTe+HlUGn9Eq+uHOeIcgkh6cLJs52ZQZF8JQ0dvX7/GOBLGDG5fvNhsrlP/uKRo0gkFNOC0JCoF7Ch1qQNuHIPGXoFucFUzzZrbH/Zy5tfffnvYHXites2e1SKlyIAc5Zdw6QtRrpJYLcvFqllfrzY3V9e3NxhtEW3FZlJIZsIMeYjTPNlmPxWz+YPnv0upfqJ9iUwBMnREvyfNp6QcTyrEROIUqeuHdahRcTkMjKsE7vxFz1jhjmgabqlTwhytSqo2GAVXtJp4yerJNAeLYa6sAKq6pNIaZjjhpJPCZ/HR9GinTTrSkfJTmJMV0p94fpxKhn6BepjxTXDndXoEiVPKc3FVu/St4C6Q1KehbQ8t551QxgmxwnAhBN2Pd1nCn9McykfW7WMrOXu6SVnGmOzesxPOz5PJ5Rjj5SueHPCUN8+MaDl1fmmXaYVkp52cLkZ411UuvfXIe8lQUmvTzbdDzC1tUWxBEh8i4/uROugcju1hi7N53B0QImO+K02GcGyKcRwE9L4hSRXCsJgAzjtI3dB4w7CSIvcXd0HTSEmYKO5onli6e9BqklOVDdk92xBkMk3Qp48pn8FdYkK4ZHDF2RM458w/VXtdvRiNO4hiTua93TSjScyay+yWzJlE1UlBSSa4YnnoiNQEd1sYen5RevmRrcKjLv1zMp5Cvg8bSWUV01vO3nYfMDozDMRNJsxsyU1b4GRuZlrIXju/Sk6wDYmVP866JU5yAZKTafcEub02C4o9IjbmR4zOxcffPLMqp1z2JO9mTwon931m6c//eszegLNfwukr0pY8uvTEtKrItE0t7UTxeR00SvySTJRysSROFMqSLOrlavnpZ588f/Z8s9nc3v6CeFMo84Ge/XhE9b5HSO9wOHz99df3d3TsttujlF8SdcqR2cGV7uXPL+nkT+eIWmJY4ASQnt3u8KckEKUEapcJd7UhMMDpBu5BytyGSesApE3zXi34xIND9hTJpsgicaOND32/3e6W9/e4pJpF4wSht4Y/I2HzI/smIEQ9wreD2Hrdo7nefPLpzS//6if/+j+/OrZvqua2xEhqQO+i6Ih/cQBX4jDgRRfoDVRklzEdHVXvYuylJzvSrQLVchEZQXSv9g/HsSNLH4gQHN/lNqKFpSSbLamoh5vpa5hmwR72VLj8sY/oPs60fadrfvelcj5ECcyyDzzptJMdNb0CErOMJqNBU7813JWwN68EptSuFTFnWC/uh+Ff79+Uv6aUjP/62edrCr1wv0zK8yTmdtwtPUfsYtTesONUH0OH1dzrnymlQD4zcn4flSSSC8+ukBpllAzV+OL5ekmk91Su5ePu4Q0ue8r4LTwnqVMbCs+0QMTRKVub1brUN1pUjn0hTctwTsukKKeA66zELeC64MIpL6XyhkXOO1E4ADcShqHQgudsYp0UHnAwz0iQMNIe0PfqSEBK92a5hBEim6fotHvyNHlJh0oY9mzxclPPUNfka/FQjjRlGk8SR/RHO2ySTRtbXRn9j/pXoMNMFPlsIo/GQslh3lLMlKj5wtFkLbmL5D0NQ2GPJvI7zq56csBjhggw4blmFFNG3nj/8hu8VlnX6+srKnakFse6Fzi4Q5Frao1KBTXskRqLr3F0Q+Yj0QKqF01RPG+a1auvvv7dv/37T//6r+rlQlYieYwQbj/7pO9+Hly3f3OHyNJv/ulfms36//b/+L83VfXL//Jffver3/zmX//1b/7+7yl1qaN01DNZEh8TFE6XuWb6GhajovqPeeRIiss86osfi3/cvBM3H9AfUzFdOsSIX282uE3u37zFNSCgqghwxAtRoaOluL27Z4D4+WK5YFQlAJxZ8GfRVmfPruDI1JQHcuXyUcbkxMoiu6VpOsc9TSWxD7x0SwFIYkPZfLns3BM4tmjIZ1sR2YnD8OAwtq6/j8PL7tD01U1F9XoFfydy0TlKZd8PXDCI29bjtfa7cVEv0Sjf7reHri/rEgewHEqphC2I2EQrOCi5sSwoFYKhGraRiC7l2HU1wZuE+xIANE67iSMEXKbAjVNBSiX0YWI0b9KwXRWQyb1LJV7ROcjcj2lT5FtG8Ws9vcQPJMYY+VRjtFYLMI07ZCjaRY8/TrAQgIkMJtuL57M5+2IyrMCUlWTwiDiaKplj8FqvHW2cHecbEj0ABWq9n4GNmn1PD+hJ2ZWhGpkUmjKKqFFkWdqMOetG57i8ls5WUE42Iudg2UCU81doNiGcaYaZdRrV7R1EWg09X4T8vECsCUTWXEZV2FFYHpjCxYlxZazKAInFjv70zJLToNFORCcUgMVoQEENg6y1HFyel8yYpk80voTVemQ29fvdljpAdd3bh/sax2NzjVpHmFfQgwlmywERV0S2CiIR8KMvQFMBMc2eKjGPwRUXl72Doe/wKdph8C3eeCsmC7Vt7ooGuK5UUFFeK5zZo7fPnZoiSNDdYnRpXOX3xxTB+TLLMRF12eAUjXcnepFtB6aHcQkFcWkrpIUyn/eikNbtJXUXPRyWImmtOu5RmOw9AtI2gft+R37ndMc+cn+lTNQn5IS3VxTDxYmMkVFTfDBb+Gw+aaMCdHcXTX0VVleH9f3huDt2VJ3MrCrdOBSBvObAydr4J66KLgx1rEoJK/I2F0nEmwBcZhO5j3pAaqR9CiJFScoMs/4K03PqSqEaWJCGoKgbKkRXC1dhfK4qysF1Q+DSDu0c4BO5qfq5zuKenBOvUo4EZOD0QfSZW9QpRCpPLkhMHoz6yFa/BdyYh5Pn1Ckhq1eGUigSRJSoP+GeduRDHbPUt++qxCHPOFEtYLlznM1E3P0xV1+P3RD9CFkrd5FU6EFhcIdpDplxMBO832m1nDxvuor8zTCPlxromvtqJyo4ZxAlmO91hmvG3FTONhnEC4+YvnP2ZfV/ToyxmN+tUFdIAn3S2pTpiitVQuXsgERm1oDJqXfq/MA0dLlE9RdKSPP7yH6BuYrJh/H8DDPZ6R75jOYT6NM/Mq2qLPiWw1wXJHTi3YcqaVPvKu/ssdJ9mg6K+WmnZeAmlyla6DDEKYjoJoA+TqiC5A4ApCpyfcuuO7/7/HYujENMSlgEt3KqgZmNzhSfUgiDWX2m/TiewQkYjopvqK9eRUQDnquS1ZHVOxH6ZLMVwbxosFoOXbmzBRDth24uMKYmNIIwwHWM437sjhgGxQALlf9IWl7Sm2C9JOShfDL0E5QabQlm6l4Xm4ZqRMtDUEYTp2kmRpAT0sZQR1x5TZJ5IFpO3hnzKG/MooioWhAyxVDbIsJVWV/Xy+tmuUHfA80dYWTSzyqDh5m2dJNoNrRoObhwKNBQrctlUzQLxHYd97ZI8cJc0syMHJttsYx5V+JoovzqqHs09TegunNqj66zxezoaEV2PYFfqLq6AXHbpqjWvl6hvTyOZTcUbSjajn7BRxuI4ARj16ihuIlN4dNzMI4H5ng5TmLp6dIDK0KOykfnNPThwIp/NQ/HC8MgrjjKuaREfGBznsjGSrwgWt6dr46+QvR5G8I2jgdq+BhHtNw9oi7lYr1oKLdnUTXUisgxfbftO1XuzG0iCeRi/ABH2cu6qYV/K15uTfineCS1eCL38pRBfMAOAxaUVVOhGjtQuTLVKyMW9JOf/5w6vzAUlqJ9yUKWAIecTRgs+m4QdUG8/Rimahrqi4pOQTfstrsDusTb7WG3647H7tgLAVBU7lHzStJmpAwWqp4qMSq9XKyv1s8+eXZze42TKOxocTLPRhFoHhLwa+I3F8Sg/thESpz0kc1+kko6SkzXIc/YH4m7harviM9MANqJC8ScAxXmEhGWtjr89WCOHRn/VSM0J9JPx+X6NM6DRJGRFv3d1qkxdTlRq3IndJ1Tsr0AABAASURBVEsl05MUIga1PjOf9HxVGIQo2w6kBYOMkySQSMQHFwb+x2EsH0aX5h0foGKua6+JAiqmhMkJ8SKcbmqjc+xw6pmAAcdulNJk03PJ2ZSZgphBzycG0Pn4yKfyZWwKNPs1W/IAJ0bU+/T+hQ+odXrxgx8mDt4XKXrKWU8NqunR0jvmDuejIzMZU1A8OG+pRgjvUxI1dcAd+mO33z7s7x9wzwZug4bRGA48sA6ZuEgm6zWKbGcqd9DAtXfSAYupFWTziC9M7CYc6ZAbljtTFwZcMo5TD50LQ+gmwz7/ZVpL7iNJ60RYMx9yN18T+eViZtO4KRdHVmcQbaxwq1NKLfm2ZHcJ3Ba56d3IeEp7pIzPvu0oYUCkQGAokIQlU3QxtfpEEseuI0g2sN2ZGntu7ld9JIXGjnPMh2SueqZf3+Evpu0+ZZJnaOX8YzGe5WdFp6ZfjNNDp5vJbc54csbvfWQPe1FkzV55xP2J2bfdDFpycZo9l5/j7DxnlcNWzRCN+osOqZ2PpD5YdATLqtcU0lGgUbQH2BVxHAcFRqbJIqLsyboijvCqurrabG6ur6821zc3qPf/7r/+14pLP/FSlG84UH+Vh4eHt28RQbzH/9DK+EvSyQceInRlGeEELpfL/tgimIjGBf6ePpNwGdn0aVoHaYbnC3BuZi59/NuMuAKo7w/ivB2FkXa73es3b3DVNE0N4DSMFJnZMUqOiLiqZOqX5FyQ8DsctvjXs2frv/u7/+3Vq7t///evb5ua4B3yLqp4RLmIiBp1zEEnpeioXYmnpvKi9En21UVJWQR0kfhssRGl9Wq3bQMz11FfRkIX0eoR1gelxsr2Z+YwPnrEP3pkMT9+6AvHeFmmf7zj8ZUYIW+nwa9MNFnZ1+ng1JA0ETAX8VKfCgxKMOUqlLhGjx7+sN2N33y7qlfPr579Al0Oz6njRA1NpgvzmYvHzBV+HK/KefKTG5Diaua0k1IvuYRZyFcDp/+BNDxnDY3G9tpT7ksQ6k788O7h7UAFmRiUBObEp7IPGHjZelcWdO9S3Byd1SpyUSIYEz4A+yrixkYrdBdbj3Efr4aLBEcjV+lJ/jiLjoriUl2f550kWeKEXJafAQ3EQJSPoW977iFKR71c1L7xvtD7m24ynyo4t9OdCS6i7G8a/IMaN3LPN7M11Y9yP/jxXrkImU7lf4n4sZS6JyY8oKFtA2UDM6bhtHe8eHEqm+VUhjuE4DRnaPa2M1vnvQyo6c4yKlaKNexR/X7zLa7jZrMqoWHfUPBTHn7m3wSxE9nuTh6DCdF0dQ4/43MuyH3d3N7cvXx19/rNJ198jjE9tsWIuLtaNbdffI6+A07f8e6wv3v4j//zf9w8e/HFX/8Cn++Tzz/71T//y9e//f2Xv/i5MUhnt/4uyyn7Jc5Ewo8oeM+PcwvvB7q9d2icP6kBOTl0j3vfLJZVvR8ZzBVWaVAX1AODg/uHrTTVosYvj0ebYALf9ZUTyMD+FFPIfdxDfJ7ItTtC7ifoD74l7ZPtg1nBOuWbFEwpWyw3azpD3xarRUFaIAy7eNf3RQerfoGwzhKxOfzOQPG7yHIboSh8lEVZceqJRzGNe++zTz5FL/DXv/0NmTQeo6l9VRGnHcIvBUVVY4EgKDB9ESJ3g3jolGCA8qntuxat+RFN+4Yqv0GqeqegGv0kdwxCXpGcJcHDlNZhzgZ7YN5Cv9NwiWN8UXnzMSMvmQcnYdaTwYHq2+jm8johlfkkuVwpP+FgkIqRRRWBE7Ie7D7lg9qQhpEPKi9jojTHyaaktinpRPoa5HcudPBkF6Chu6SsVoTCW8k7oSbuzJx8fqcilhE+DHV9PLYCUwMx/ql2Fmr0/POCzvBT29BymCcwN3Q3jsXQ43qscTXQfVU+I7yZNLh0w8x3VhZw4uwZJ+mDAISVjoGoWySBRrzHx/ad7ElunUNZt/jg43IlqOt2v8O1jA7k6/t7HN/bzdWirjEADpLHya0biAA3xIxmmZIoFeSNTNFlqozYgapaou4UsqXiuJ5uizNmyKigjs5uUdREqiaE/RL9tIYCc42saJUzSgGY8tUnnDPX8bnjlp9H58hG2+Xum6z52Re0b8U0fmAXilbzdWZTMWhbcXfzFv9sEJoHzZq2IN+FS73vmCTBBx4xzp0sYA7CKSSTfZBNJ65kyAtqslGTjiFpppxlUpCYa+rmyhfPu3HfIrh5jz/52kLgEUZPpjylVrClTd3gQ12W0hFmEiyBJSLKc41ZOOfgI7tdcEbSmx6fU5N5gslzV9Qrka1ozFDi05zz5jk7BFdu6WFR+Y74sjjcL4XbCRjQ74JKNw0Ow8jwsLSpIrrBMBajq4cCpcQYWOU57WttUxBk0LVhh4lbEQ/cskd8exFBHqaW6x9+fASPm7/Nrpy01k2zDRe1RLTpkX8lKsZhHZLbBVfLOEtHSO7hRY3zPhwwu8cczKE+SwSgUyf1YeDL6dlA41tJz4mOOeWMT0Lm4mDE7HPunXsbsvuOFnmzP+fPJZ3gFdmMoioF8XHSddYsCbAQ+qmZFjVVAk75MC48wvSrbhJIM8L75V0+1PvmAi78JhN0AYRNUbowdSz47kc2o3xWrwoi/aLDGi1xRDVIVEhiul9PCj+mIziXhzy13FDCOjK7YP4ggEk6gDy8oV/NFoJearp5p0bhJCrMSJxeyRfOGDXHD8QplowT6iwZIgq0Cu2lSLZL+r7GMvViMVNnTgYpNaBwp0XDMTUROr0PzmfpwngYusPYHRELkXAunyI4LWjm8SmEotkZzYdzU7AqRjM+kmHgYOKX1xBO0J6HMU83mXgLcp/YbGfJe5m8mjhNSPqYU4uAjT8i1XNo28AGquuivqmXV/VySbwHhTSTmgYFNIISNbeSToIq4Oj9gLjOauEXtRO2XfAw24STUXIimfEBOfLn2Tamh6PEX7RZC+mFQoi0s7uVuuqxb0fKNUFkd6zJk6pWRbNyvh6CP1KuSdWHagg1r40iutohzOubCnFhBnGdJEzSIxQ0/kwUFMipHIheZSxsmQvPu8To3bShnJjNFPFgagU2MUmmR1aqRI3lqhExY193vtiDf4jwEMPOh6GAgfjHoGiKZr1cbpYNmq2LumwKTqkdPLiZ5JSeOrIn2ZP0rFGsAUryn76HofXDH+cGW/o9lX9EE+PECoYqMwSMLXVty9z4w3K1Wl9drVarRMjJlAVg9D+qT8VFwiXScZvvyI1mcA0tlksMLJDDS/Hrfvewffvqzfb+4bjfo6qUGv08JOKmuCxtsUJAUSAq383t9fXtzeZqvdqs6kXF9p51fIsuppxaOAlLW+ZcQqZUurqpJM82q0nTJH6VtVJawzAqG4nlmpvp4OJnJKHyVlIYtNmcSoPImSYDtbdQKVVRrrEeXGWsX82Bkdw3yV9P02S/5k8DUhMhBCdFORXV6Ec449+dOkdpVYAQtIjkMLRZM2aIqIToSTqB1vnkhTGp0CG5KTp1jBeN3Eke18Nht6ekk8ORR4/RVCVgSMOe9OHUTe9UHVw6zl22+TfSGoA0fmD71r3rgJM/4qMfg3d90+7j0cvkxDYXPvkkSPmxy18u8nFu2iv8guWGpjWm9GOR+rGQdYTqoD3uBhQFu/vD/QP+CcrI6oWolBW95lHpuvXGjuN1l/Hakk7dvNw5WZAXP2eZ0D4qEj9Kspp0jCar0qb0febahb2RW8TuBzwmCXLxYjr08cI3xLuLgj1x7zkxLzl4QzlfPU0FKV90gschpYcGYoe1bjTUMbVI9rwENJz5ki4GOHHqs9+jm4U9Tpbu9/DmcmcKst/lQuBSM6aLX87ZQaa4gtIyct/MPJcXXx7yG4+TANRBZruvOLmN6RNzc8198EPntyC77oO/Pt3Mye0W7tK8RC0lzyz/07IFWWvppMmBdUnmh6D55ULYiBYqpVemweR1KiAod9ekDFM4yGplUgBrq0XWIxq3q+VmQ5xk11fXq/V6sVw8f/biJ1/+9G/+9m/xVB0nM/4l6eQDj2R+iVGwWCzCen13R42OhFwETAKK/lOKBmKtGrnJzhD6AQ1ijSzAOxTe9z1QyCO+CWoZhf1ht9veb1fL9XpZVhuvTEuSxG1tefnmqdVTXbJxRTWgfX+sq82zZ6u//psvX71+3Y9vy/K6rFb42bIP1MNkQMu/pk+WbVlXrKW0DgSfs8aQFQlQ5i4va69FnPH1YXsInSRYcbNXQpcLcaZUTSb99CTJEC0wFr+XAP2TOOL31psf8P3HDa/3nGyKdU3Ws7xuLMNqcBodqZTzEgA7hsIPTXg9tv/97Rv49/8of/bFT9brsqiU1BSkGIvtbepzbm1iGQhWMyjdhNPewmBNY4RzsODq2AJcIskFBS8IdCiohKL8dNlA3HCCyljs9q9x0Y8cyXIiXD2b5hgirDgJVwxq64RsiIpueWICFaPXi3ynJGKngNK0NNWy0za+PhaSfl5SnSfd2kD94kNqEGyWuokXHol+JCu/a8kPLBd1d2yW/QBXrqLARmEROpiZc2afuzz3NZtBQR8cA6rEd0IR3MC9JMTU/O6G8nc7dFDPtkA07T6zbOxDeGs0kgg8N5t1EJyDRndvFRLWcyLVqWqsljkMRu52VDBpM7jMQZRrPaXSBey0dEo5uRQg9Pvjq9/9HsX+J19+QbKxopgmGPjBMUW8R8/dVf3s0QR4or7Vssw8WG44mvJXt8/RJ3x4++bVt9989pOfRmbC8RyVWVytX/zsJ+gOfr37NTrPDy/f/Oof//n69nbz6bMXz19sv7h/+Yffba6urp8/S+UsmY3o3BO6FZiwVX/mx5K3cZ4MEePHMqOfevWLv/+JH5HZlRBmkk3dHRFA6lVsIqpRlKMD3BEIGBHi2ffc4HmVgyMXD4NKQepm3Mc+0iyf/Rk5589xF7NyKHre0RQorAjsnRqxgYTWhXGK9VLtG3yrb4/1sK6ZCfA4jNu2xZdWKEwrCWlR0zHa0IVyb7uuLwh2CexWF/jiarH87Pmn++3+5ds3sR9G+l6QkjnCcfmjjGtSWqMX7YbCoaRX8Ipl29flQMm8aCBJTqbU+StiKyAsN/iZAts+FbWrwOJJyJV1mi+rYSVPLpx4YZnDL06jF+Qs+fJu0uJCVCa6IuYFBwDu4tY7qTdyqVDUvXOWp4L4yLUc0myMm0BGcbACw8+zGAz3eo+m6PH/PTXf4ZJKtmyZY2oCOOQ3PBdVejZkKfQMOOLPCmetMoqw7FYliYfSm6qaFC/Dk45pwim9CU6ybGcyASQ2BiD9yrmgNCLCR4RluCjLMnJCJ601KzZOJ5mz90/VHPqu0xsAaGTE6CkQXh8LqWlzj4vBtJtKVlpoayyK8na9lrjL/rAfxnF73FNmK8Rn/qYBPidZTMopQmnBELVSNdKqbYP0B6QPSHaFqELr7QGUbENJtfHQ9VLKSjnnUQNCDXMlKuSQoRFO6npAyNlExYKYkiJ29LOXwskxCxsn1IL9AAAQAElEQVSfv6hIpTB2nEE28xKSKJ2EnGTySJNSI7qLZ2H4aEktlKDPoDY5gAjgGhP4yWzo/J6+4h6zwD+mypFzSXPLMxYicQ65ERN90BvFRlDBIGKfM0NUKohApo1agmuK4mq5eHF9izus6+9x+oGmu+hC70fXCwlgdN04tj0VeRGrPWflBrWnLD9mDJJ85SB78fs89Nk5zBDWwm+AFKmRBVGoIUqfKJRMWplFHG1qrv3EUUQopioAY7TUbiBwVyEnph5FYtnfnnKykjSNoKQxo8hU8CPXuHUBtxUG+RwFQDhrPwgsZzI4pHlymbx2GqOVhtHeyAyiVZT98Y22XCR6u2HSkKDJ4Pm+d+4U0k0UFM6SvWhn4fi0u65vI6wlr4J3c+HmDwjvCGA88rFkGydHg+hbmdcq1RNcNjJj8jSTEp1GICbBFuMEUkuwZHaOyxvcKkPnF7ykVNPyFr8iRHUIY0L9U1j94pUib8E4fVKtj4ktQI0RyE7rzHJQqX0iEp17R1BAvJ6nHOafFZMJY2kmdmi4NGZ/pqs8clbeRtlpzKYNPHoTpY00F5jfsDlu9mcI7mxYT58NdIT039kbhuBHu5N3nyp7RRx555w5jM6nM1oqhpzTX4ihRaOpYmEGI/2FQheBjwYtV7YPBZKJ3uy0qA+elDBogZBwa5gFBme3y6sq2P05bsxDNCfgDmP/0O0pFEb0yCML3Myc9TnLySkiERL/SBrjU60aVYykZazPK+kmwWAQeRRZ7UFpb+JstxhUcLKFxNTl71PWIFpmbl2Uayiuq8VNs9wsFk1ZF9ZDM2b/yVlZkxLj7oDfLovQVG6z9Fcrv1gSLZzXEPt0MzBnZ80Ckl74QjiBAEUjUxH0TGhNXeCo6pW6hQbGo4jyj34eOzegARlQO6MPVYNfOV/1A+K9RYsOVl91oRljGajhG9rkdVEs6qIhLgcgSkTiqRm9dMphgItaCfctVzGNRaqvYUMCb47pwWfQB3CngCgliNLVmexiXE4IJuOXioBwD+Bd+N3gHlzYObeFsUNXDG0JjI+Xvlk36+slBj+quqgaglwoQYbqx8iOsSnTieY5ZziRoG+qp/QnKT28rNyPepwrL13Z89czDDae/s2HJNZjGOj+7g61WLNYIDRE5amU/RMqzjMI1lsqD1ONxH3eUk0Xd9oqFxhHaAQPLLmy9Hhs99vdAf/3sL17/fZITcBHIsxwTvP1+K7tTic6m6IkGv/NzfVqs1pfrShswYGAUTJvQamjOW3KxVMlkk5oJiEYtnYygFknC2coougyjfl22kyHnapCEi2chte9yBnLNQHueTFa+zWhSuJal7Ksm6puFlIgnrhR0lPns6NR42R18EKU3l5ZXwmwk2g/HQqkVIXXzgjpcSR2G+IELE6YjO4q6Z7FwkDOiItBsuHb41GKDTjDpmjqhjiVy0pkrZUa+ijV00z6ir/iFw97mnFcTn3XM3lamhSfP9c0T1O2QOaL0RyPJ+s5xpO8IjWpHrFbn2o5iCv+6GfffZIL756KhfN9Ksrm5CbOzjN/WHjM4wMR1ZAqFuJE0JjhD0m7Sgopf575hLh6yschtPvDYU+lieiMd4ddRzlDXRw5VJG1YZFhlTUAgv9Ir2hNZFTLgjNOPDd94y5UXvIFOU2f2RWF+ESS8l08HSSdkyfO4MWRyRCS+C4b77ucc253nd2d+CrRPjr7ULKKBaYgkIcHn9XsQF7dIMRKxGgyCnfikUuGqG8ONzPSQJPRrbF4KKypgPAYcEU4GQveJd4YKdp3Z1BG/iiC5H2cUfIqHHILD+Cd+zEmJzvORLXdZrIi5YTyRGacx2Iir3I5GJaunc3LpSU1iZ+P8PQffsAlvyte/KD9Yqjq6cxe2jkwOWXqU4s2A/aalLpPDUgeipGpl0XbcVw+CRaGQYKgzcC5DKTppKyemjCOI6qA19+8rtB2qmve3wF1B7XpaWo0Elar5XK9+kvSyQce0dxY4ZrDn+urq8ORuqDhi1dXVyV3JUxghBc6W06GjdzoCMUKdS8sCvNXv4egfed9cgCpcFz9g0vozZs39/cPDw/36/WqRsu6pvyYyDWUuv34JtXI4G7cYWyOHbW8d+7oYvW3f/Nz1FP/n//3P6FZVZL7iX5FRHC+Jfpgejj0ofDMFIYhj7wQjBitI+rQAZJqj+evYX2F1mSLa/wYKKWvH70ARAxask+lPiOYKxVNpGWKJZ7b3MnNVN8ZflSh8h2PGD/iSnjag+cKNZ7pWPlE3j4tU6iZi2j+9bkpoWfQSRH4U3BcJ4aTr8cOFWndLvzvhrF/+fUqdP/7z3/+xc0ten5UASEOPysd2klDFP84KOyr1ZB226lElX5yjEMa+pCkxagORkpQWjINIhXssu1E+b4Ii18VlV8tid85jBgf8NvwZgx7comYYp/r6QcKSLUVG1hm71HQRV0HcVa8ZojTrxQioyY70v+bTLEshCGGf2RWQxk76tLJEp9kSMNQ9+DMXnQzJCFKPg0NKdMIjWgyUl8JSQ3hqswG4QnDlkH1W4ZMACRTJrkmzvAY4ApCRErwKuhLMBpDLgEOXcG+UBKDuZ3hPsIBF5HBd2wNEJ0pgCi3eq4WjRguCJ10x1ZKEqw6ghNxtEdDTFk3oj4DtTiQeeFrulnxpfuOzyHRKTam///s/VmzJEmWJobpUTPz5W6xZFZlVfe0NGRGMEPBAwUifCHxBBG+8Cfgr+C/ka8UwQNFQICEYGYwhemlqqtyiYi7+GrL4dlVzd1vxI3MyKrqZll63vDr19xMTfXo2c93aCSHx3fvyAr9akX8suNRtlKhlc19LEH6yUoVzE+dIVJfOMoAYp83ArrLeApLItcW+uG4fXj4/YS//Ou/ZpGkWyan5dX1219/s/th8/jde9Jv/+l/+7vV9fV/83/7v+4Ox29+/evNw8O3//RPZOQTxXSkJbhnHOcGVDXtACdhZTGOY34A8Nz3d2FWXuz3/+Q5p76VS9/FKiXlxx2IF6jxI6d9kePLXu380DkhTnN1fU1vNvA0ic/FycDahA1csfRIzghaWXLeeRezcpF6tBA4IvanfO4Lg+Kgj7WLq6XPOtxlg0Xio+o8PHjWiQXvhPghOVdl804RP9JvgkJiNIl8pd3Vqh+Gxc2BPu8PZIHvn47Du+P+erGgGPxCeDpvUoYokfDQRPFR5rSCAJPIO0O696Jpv3779YYC9bvtRNFlaRpCzjiKMpMaNnJzBdaskBWchixO4bt5Spy9QKHWfX9ckl6VFI/aE85CyVEM/5zVp6Ti0yNXSWzaAow+ucehLFYxVJxpz0PsFS83XKzaFEypCNngnMYP8JQeUu3VgdrDUP7xXQnPOVJ9kdHcncJbGkVIM5w0znDgOdC+0lBq4UbzwLHzm+ZWG7Ukd3doSFa1XHUXmpdtyRKX25NT2LuRhn4KKaZzUvnJTLXu2jJE0zarKUM0n5C99NBUJUuQ0ijHkUhU0rQb6DSmkV3thTOaD9eMKrcyOxhLKwiFHT3InqFxpU1OVhtkluJgzk6YbT+QfBGG5EFYdcs3N3caVHt8emST8niEp0eapa9u7lgxQA7/G7TJpCWtrLSwAMm5l2bgcifw3hOqiJHd03JFBQclMuMvT9OeNko+ZmsHoRJX59bwDlGB8bSNUYaYFVUhI2k/mE+sUrpoGszns/7JcY6Z48q2RNk2QZQTGhA+WmhCf+KcjONiSmnSuYx1tJ77InIkR1WvOVNNZwfUT/TMX3/aga4fhd3qCp5Xtsmq5GzsdjqVvMavROmxTF49waZLC6bh9dX6eLzdkkq22Ur9NgeteoSWm+yw1tJzspRkc6XA++F/piq5tUiQk7y3Tz/lJ6TqSXCg+lBVnUmca1OETxC14YMqPzocNk2yWCptBjJgFpkt313D6vNQNp5eGc8qHVHZrxSs8ROO2iY9jZLuCJo0IIk4CqfrDiE3KyBy9ZQVYqTXJ2VHaJZ0NY7PPZ6fx88yt8NJ4pM5GdqqMnO5XjLBPtuqob0bExR1hc7tGT5pAo8247zm77OOc8dC+VMy7UjL4qsnmD2Xmr04d29K1gKEmHD1Hkxa6AOf3RVKmqmKmRSajOsJp4+pEelzIZ7mqW4hx1OIdXf8Y1EYfKpN2E2QirWYMNWS0Zasup3+byK4um/61FHpiuE/mP3ZJcClC0ZViH0/YQFnvXjruWFT2FslPqpgoU/46bqLnjDl+k+zubff5qP1TRCaMwTGSQrqunjDoFIAmN3TSSK+K5fRtIMUNTru3AcjV1tff3AJHwrGSRI0C1hIxkmndzaYEvkFy83BGjCpso1NhKTcTlSAi3RpLYS9s/rbT9jncT8eNxQPHaW/hSjPpsUCWPhKYfxzVRqbcihk8TBpttdmk6jCTNmt8PjRtblUdDpL0xoVbsE+R4t/yMZAjc/XWU16ERvyRHIOlw2sElw33Q254DuKSC+4C7LfKkUSKphTCxlqAQ8kOSENZPVfLeFmnddLBkNsNI1YGSC6jKppKsXqK3p0kh5k1nSK5rjJXSeQCY1a7SOKrsZJ1IO0/eyPUuKV2hFJK10hduNINkzXTy25gI5jO0wNUwVj9HZNw+1r6IH4hqOqfWCZS6NF6Rk9hbvqNLaMTpyaDW/Ab85wJMqO6p7zSnpu1MdGJRt4NK4pdcfUkM99O01Pw7Tt0pEBwVJizEByAXXrm9VitVgsud0PB2rHnhXrHHSOFoO13iU8fWStLQSjQkEdLEtczuc0iyY9wz1+3uMj3PJcvz0/uRHMcu0clFQXHcff/+EPZNcvVysKXlzf3FBwSCOZABbSZGUvmZdA0SzUjXk8cN8HTqtYrrrFMpujgIMaXKZ/OL777t3mgZwGRwpp05lkkegC2sBMR0zGkMSkpdj09d3dqzf0erUmp1aXtdENE88o6bGixojtPNUKjD94xU9UFdPPTxR3PcxksJdVfCMe9txThh7BEB2aLO3+2ooD808J9E7ahUcDxpMbO4IOwhkh3IFgwb2Z2rZxAV3LlGRqnh1FyPohkbxJEeB0Qex/+pZBV2orEynfFVeGRRAny4w2UOdU7TLpMC9oEwIqw4mz0oGcVm672exYIeeqB4oKCRY+UcSaCxdzVuwnM/dlw7CbmamAvc2bp+3m8el4OIgCZ4xsRofBdecfXCRqp2H/7TSdA1x8wemipuriZ1r8uZcJn9tWM0UgnYdyz1NB6n0Hzzgbca5LuLRNZ1wbZl+6cCPXd5JuChC4GXN8JC9/cNg9AxxVj0kSmY6DWFf0tX7cPt4/fXjoj3vmDf1B4IEF3z0kLXub7b5G/wIEJTWTkm/PP6zHk6aYKK6JZpyA5yIoJIpg7JkgNtKvVbofYZOYCnqZPeLMrP6s68bXTmjAAYVBRwvlPKh0C7Hf1IoDU1Tlf470EBc9SvolI34NnOJ2ZGgTchEyTlKvu4ebNbPk5Lhb9jplyUPDnNzMTBbFsOpqr3lOoPX7ufLEkHKWlQAAEABJREFUzibBdf0kZbo4n87PdpWfaJh+Ef3XPcB4YWLRVu8EWxRTcR4kUefsofxuIMjwcS/+dMKLJa84M6ewjPbzaOwFB555IS5OI1yoib04OXB2ffu6v4ezxT2/EkjVIpa/QWAx6nqpQDGVVV0ILPU8x1RSyjDon6+RHcCYlCzG+QbtrkAfNLSzl0YGjtYzdKsViYjHB6QYHAcy6Yr//X/336af7Tglgpct80UH0o/kFy854Meccr6NNcH/IJ3wFCZa0RfcKYDphNeK/szpIFA8LumnPsqJxEpgjVqTOmVYiZ+Q0dOI03FmSWIQcce+NM+ZXSoFoxUUPjweehYjDOqWv/r66+++//bD/cNqdcXlmY0gLNI5RymVlh6jIF2g1IB2HcE0zkYylQdtgN3kiRVWyaAm07KfVLkRFxLUOy0VfTXBpYU4mw63334e4nnJZV94a/zJS/+ljlCvL/yJVb0o51O3XkpFd2dRKJRUgo41WwyXB3+E4T/RKm4zOGnh+wTbcXh8eEei9er29vXVHSeaT1L752Rg1rYWxWI4XNyEqXWYelOI0Icsbgk5TTHsJWtjMiSTBMsm362vuTctKgopZ6UOgpg9Wf89y19g1d0eAmp7QW8dm84KcsTMEzTjIkFBXc5ahVz57pOlIyZNJOarWZKHT5rfIqVUCyB01zyrLGIXaYK69JFOkiWjIaty9wTh6aiWvnovOg2Pw+oekkx9IOydEvkX2Gt6czhvUHd6JCgtf+KzbJ4rQY1drpZ01iB9WVHKb7OALDk6gPqLrFYAJLVT8E5yoGjCTKkqY5j/6WxktlJlfXRe6OLbp8fFaqXRSrFRpc4JTAHU5kwpHs1Keu1QkeLGJEphMPtQiEVTkPS425IR2JKx22o6KSN8EpGPA+4ft8fdkaLg28dH7Mi8v11er8nI//73//Td7//p7vXrxkpbplqTi5Wd02Z5JXO3mbWFVcVGSrP3J+uYXkYG6Y94xJjL81RPkf6cuPSPOOrdGgQs/plsaK1dy5vkcNTHL23LpP8XORRoY7BDRQp/4KwOOI4aA8lVC0gXVSY4VXnOKeVMn4GT25142aAKqOgg1S0iCbQpeT0iWM6BnJaNHyo6LssHkEJ2MfBYJ6E9lWDNDlXyG49yD9v76jzNUipqjBdyJ5txs90eDnuuKAIwTZDlmEJIg7S9FN+Sd9AU/wDvn8wOXJpm3sKqVeb6kTFcKrYbw4pU/q+xuEkdHKA5b1XgzfPqTXQbqzFpZXIJzV5OFefRbA4VGfNVcT8H2KXmPgSAqv8dwszRoyzcfbsXtGxTYAWLzEzkbPAKql7HLcE4U3LG7M8oOsnkqUgKiUY6bLYG8nxmLtLDnlg7W4s7bjINWZ7UBqnBD0lQ8NoveyJJUQFTNZQc0czvqM2zR3O4N9U6mOqkto2NPtOTbEYm0Vryyf6tZl8eYbZPrGkr8lMM2qI+FVoBm0YBXZCLYXwLKilHn0q/cN5EDIw9jIxFwLdcdd16tWbdBj2fXnXCUkydFV/ZBqlQ/LIDG1MC5YUSktCIz1hSAyWIRI5qRXduJ4CIwIXuAzZGcKEUod8ikY0ScN6jqqK0umO9L4zlLfnWKJMNtaZro7CsHbsOmL8EcRYLjPva08mMCdI4cqlic6pKBQmVnVDGDJdcFC8/znZZxS6TK+c2WhXuUyULZEL414k1JY6tFqeS+c5dt5RF9FmQSCBDlPP5Uh1JTon94ShlNMokpH5ZvOoNqPXMjJT8Gj7TsUDuBrRcDwwf1Y9TFxwwXPHt/NmhrAJk692mP7VDeZCZ7WtZ+lGADbQySE2TUSyIgUzjgUmE21Jp7ld25u1OOiUTlUmq9SW5KGY3UmRWac+1bIWDzqqeXTEvycKzXa5pa8X9KYnXalw0YYvV9FmT+iePk3NOaFiP5yi1Ar/X/Bj9XaNKTS4llqeriq5imobmU62X4njYsZcLWE2/qznp448Gz+uoUB0pClpF3JMXhT6ioF0TxgJUFFk2sm8stwoUdKDgHGX7E5oYg2k+Eq1NS6kskPNaEVXiMMlaUSrZSHF/lBwX1WUlwMp/HSHTuO+H/nEc9lJ0KRa1DhHjruigd0w56pzhSR8rNmyjQQhteUZCFNR2LgwSggDFK0gwE1dYMuzLdtAp1U9OSVQ/zM1UeaKTR3SsLhpmOqoQzVhbzJcODLkko2LimbxyXbCJ0LUghgEWcdkUmWnD8MhDAMPYMyYH6JoC/w+UElJ5UFtvaRaTrRgdIHA3Ya5dqUXvfCSopSYc7Y6hwSGVaEmwyrM28AuihWDVysydb0ySXEgKD6NZpA6aFVfSsEbVyKKZOJd1ELwKdVUbopmvnEdNjckmB449NalUbVKMrQGm/TQ89runI/cPnpL36NFhS5c3CXFpO119hJwilCveD8QT0LLqrVZtcpWwxFNZZWYoN2HY1svDmYf2ddGdhJZcEq4eURid/BxOVc1z13Jory9SvsndTbt4vbx6e3Vzs1yT/b1ol25qCqKhxJXRPG0sWPthPIzTFtOuSYdFN9ys0826vVqntkNLvWXCNmSsBKGJ6Wx6Wbk8rQlxDPLrOLas7Tmyti/k75O62A9TfxyJkZJ+grAgFpfyakpLIoBhaOjzw7E59C2ZReTrxrEF7Nq8XnZXq0UjeqVgAk0chODG6UOaBqnr7jnnYxpFcqEj1NgQnT6NkhXuVxHEUKws3g7koJB9wZkwsBhTe8x5h+kBxweilkU6LmDqGoYhXkC3WqyuGKlhwRH0TnUuJ4AJTHqMDith0DUMSsk94xvhP0lXQwWokFg6PwB+nN5x8fjUpT7TF4HzfBR9UpKSnGGw3dLDXl1f39ze0muxXLaSZ6PJ9/5QtnkF+pEio0f5cRwHMou61fpqsVwzAZG2TyRzOG4enj58//79D+8f3z3sNvvh0E+C1mli0XU9mWfZ67SkXbu+uXr7i6+/+atfff3N1zd3Vwuiok6scElZkpm33Mm6l5RLhLrBoEtTKBDCsefdDQfhvgAPZ47SR5gejX6KkxZAvYfSF6ThLuoZ3fPLlV7iUhgkyyYa8XBVd9PQNJLLkfx7S9oPC3IYmDMt58KiPTut+C6KEy0gU6bAUkJFvhbXCx9ikCrGhEJMoIsFy5IzQZZm+e5Z02FavUInxb/Qc0eV/ebp6fH+/rDbCwZKyy2Wbm5Wq7VUqAvMiZZ0gPrqgXEKD8f9juNI++3+6fFp8/DIjqNxKizRlfIMJ/pbev7XKHfTi+Qz9S9k88mmi/fZrYms4dX6uLBjEOtw4/N7D+u3cHoNpazkXlk968L2PNuz+dKQ5gN5BulETBVz0phio0qxZiFAKjogh+dHTQgh5fi43e4eH3ePT0/vP7z/wx/e/+H3m/v7npx7AwP2qObFVbkcoyOeuSAjTPtCCQ1KR6eWWWTLOVVL+kne5m65WqxX7aJrOM2KfFf8If0kyvHUPW1KlWUj5PAKzkUzvJyRFg20+n76nOPzmDZgMcCM7ZjJmdRICxODs0rECJPqZDL8uBxnEJFKFuDxuH962D5y9yJaAn49PR225JnfDccDF7NJFbQVzmh9GYR6B+apEu4mdzbnhwUKpIGX1PRbUhlYwc5ci85xndCrZ0nzzlehXqk0t4NOjmpWKz9eNBUNPahCPQnqRIwQgqrX1hILDX8M/C/Faak/AUptjLnw0iw4ceHI8LMez8MvPUt1AmZ66bTZmdmtSKh+BYf3Cz4ZBApQOascnSs2jVpixZy0+GNYb3qZoG6+XOOC2+bR0h/ZDcJyCLQ7o9TZC6YRbf3FYn21urqiNypDF8wlONH6L0knLxrVS+4NyYprKXIzsVHKiwCz4sigBjdHVRPQVCKjkZ/0mHBBSGNNr5LZSv6vXvDQthROIelxdb2ScKP2gfZaWTNBjZuS92+725OGxQmOjBfHJ/zjP/yO7EEKslxd3UgPdzXfGNN7FP2+65bSFBMU6jYbrBaPRVrscqdq0PwSTFL9NypSnbirDRRFTSF/KoASMv/kdLjp9fMQz8llL7Ohjx4vtBz+RMcJLX2qmtCk17mjHNPJXE0KNQY4r2ZTq4Ix33K63z2SEKaQx+3q6rrjlp7s+IjLWPTrfP7N0ZLcI3kCH63SU1WG2G7Z9AZhxdIml6zlK8EcpROOk6T3C7KrFnaJwWoaJrh3TMIPGEfSvBZNbtHkd1G/BIt/dD9DKf1Svg8OdRWxCt8uUNOX/ub5WPWzhbznRyNOxJAnFrEC9UvafMQWCtmEJ6uW3HUSK5PFgz6odi3srpTZu5MFPlf5+8RRpCw+s5tcG3Fx6ep+EaIdm1hkFQ/H/SHpHKEnCKfqwmLySMmDf9UtRUxTUOhLD5+ZWGKX4fxzv93Syq7X61YsOo0tp2qViyvydCrKBKvKKfi7bL0TiZHw2T9t6PnFGOjAoMvzanVFUubDt9+RdUx0eP/h/c3b1zevbtc3tLdW3/3ud2Q+/+JXv0rCqB3KAsr4zxcknrLevnYCnA38wqzBC+gEviwtveB4btj4TILFP6MDTo1/ZzLKAxVztW252oFbfXMkwvz+njBPHpnt0xN7JdZX3L8JT7w/s3WP92V3PTOS+SBPP/icLWcPFneXJlNJwiUMGNguOgUb0EQBzcko/AvN2lOHeJY6joE8UfsDfYXbAY7YaoqY7+1WcwUidS8lt/xYI394eNhuyV2cyEQXhbxN6uoSTAgpDsnS5HqMCyo8L/nBaSXIXaryIBe/htuauj1ds8FUQcsYPpNXM8KFPoOxZcUHmMzCKzYG+Afut3ChEzEzW9iwG8/iZPMFVJ2teEvd2kQveFU2nPDEVaOZOuZEM36skkzZGmDwTDk9WUYMOPP3B9eZw0b6+mVJscqa1FmbVkI7Er8A9fppGZsqrhmiYgAgRaTAjHP09qgaikJDmFfd1XeE6ybxq8cE9Pm1TQa7ZsGw0EXZwGRtbb3YBcyy9yx2G/8pI9aoWJKMMQZRcwcFQAk1lb0a+zf5pIBRV1ZsaKGooWcMTaFeTkdZLjoToGrFCkWgRJ64tSBvPSZvU9TkeRrH5NW7Sd6CxnIAtYrHFCn+hrip2JqFptVangxW48YTn113EfrzynKIB0gVyVUPOnuDZ/Ux1aMnv9oZy5qpnnaOe1lLDtPJvU7eo2LQNNFePV36yozCv8TxggtVZZdpUq4IFXkIWU6WoqTZNhYXsB1XSQRdDJn/xnqSNNKXhDzXw26/6wWTz/R2mzhxTTJ7bBbsIyfWmU+KiFC6sMJJEBaDmXzkdeH5Yfaty9OFVbK5xsgUAak6i9OnuKOA5R5aPymtyWWwJXYvwSCJKQAQEd+kT+tL7EknxjRVD7T4i5xITp2u4VBvp7iPqXjSLM5i82LiYdKULisFqLc6NJZLd0ZhL6CR88m6SPD4ke9XX5ztkdjaZSOfH1ipwdVdIA0cap70IpLZUW5hZHlxOOeaxzNbzgJFktx/5Kp9XEgpcNB8crdJzLZjx/8AABAASURBVLQ/SDGmUgq5p4/gUlHbkJ2adnrMA56W/MmAnYNUNpsdKs4SnxMQN4uH3qUBlIRP8z7hwzg8cNLJZPUWKtW0qiLZ9Ju8RYG4HEY3q/V5yvsTua3SSbPnLdCgMTIlerAfWM1nNXvOOtxlXu3BegIhlZyS6oIAIdEx5jYl6xRTm3LzVT2L9qQUSGzaTiVZroFtr2ye11qGJ5dc+vX6Uui5zsn6syRTqaSVWSrCWUWlxgwsOcx28gk9uGQ4eZJCtyVLSb+rFiXL83JByG4jRoq5SnGwGeAsowkG7klCX1uS80/g/nIKQel388fNXmtnWQXyCJYuUqG3uO6qT2JZsLaCGcaMhzRuhsMDRTXJHuHMP/OM+wPKlS01wR7NNYcpIripmqGQ+YYLkiTRVT2RUn8s0SHNEgz9V8enUGbWWActT3Zyp4cJh3L9ZLtCmACrcwtorpv2JnevutXb1fXd6vqGPPLLdeZGinzuVJJTac9mjR+OU+qn8TDhvoFd2+2X7XizBIY5WZK17wBXMsicjOFjcHQlAWetNtkYAW9u/7HoJH5tcyFKOs8D9vQauOU1QIewmGA5phWm9QTNsacXHPu271uKZZJSDRPDtyw7ejHKCV9tBIM5GfNEK8leFX2BpPhkT1DPRhTgSlNTdgG4NM/atbFNUskpRWPdyC112j00G4QnwAccn/J0WMDQAY2pWXXdqqUYh4Q5yJDS0s7JU5QRygrxIQH+SR3ymqHiGW/JazY/dsCXU87S86J3JlXxRUM6yTjRtjhH7ozTSxlGZoyTm5v19fXSRRiAt23wDBVaPfac7bYUMsBpkH5MdKyWqzW5lRYLLm2maz49PL7/4YcP37+/f/fh6f3jkfOJ0cC20PiUXjyAgigqvVh1169u3/7yq6843eSGq6U4CVvcwiB7EwLR0x8qFRmhH7s5rOwuO88Dw3qYqRZ2qHWn7Xe5AvdwlKo0BcfUtBvpXyMdbOgTbSo0WW4KH71MY88ATJMmSNE3OqKdpeQ5LRda4mtDThOWdIrwEKfwFutItOjFAGkE4QAEGLvtJFdk0WpcT1W9nKFKZHFZWv6BWE2XrTpMutIic6Bq2O929x/ePdzfk1eHbks3ojW94iykG3otlyvBU8mS/cIdhMj642SbfiTv5X63J8a8Y0DXzX6z5anzcsQUxlYtnUKlmUnFdEK2rkpA+pg2fkFZC6dC9a3T9JDT2yGeyPyKf5drlH9wftrJxYrQ0WubIp8uH889YPx1CvmRwsU9e8XAdGKVo+pewVzkJDc2Yxtg6I/b7dOH++3D/fbD/eYD5z0cpO+VwCkyeYg0lY7v2tQqs92dm04TTUhaNF1r6SbLJQWPBahrwd4tfrUW4yBrvW0sHcq9NUUezZ69aGxQf/gpfptc8qUvcbyMeytpqwoXWmzyOILlTYDA006S+T4ej8Rtua5it6eZPzxtDhvaKU/EJbePD7RljntuY0QxGsVXU1vPs2ql/kLtOanXyJo6LJ+r6abKoaIf5cZUUVca7U0tSSHUxZMGdsIyrapkLnzNKrUJMo3PFTbjt/WrbHgoSkgoeGn25nT1sPp7jDX2e5o10TXdzPZZfS04fV1YXNcsahXjSx0wuxbO5u8CpZU6Opgfevbpxc8yXivm73bQ+ZBK60ytAENb8nKNPJtA76Plq6AsNQdMqr/R7/q614sVJJTUGj0d0l+STl40qo+fYgLPC8JIXyBWw0mvXVcTXOFUns2aJK7T5LpQ6Scd8LwkAyduBnUfx/1+x+iJDHyHr2/vSFEaHSfWnaeu7mmApFkcRNkKxnVzc0e//sf/8Jvrq9v9/nhzfcfVbyzgzJPMSSiKi9IoQJ9NhLrwpY0EC2nS/YiDtpJ0nBNnn4jdp6BSUsqgt0ScaRHwAoqw3ftzEc/5ZfNZKt0054rpBQbDn8NRM0D/N5/8qf61+irWXiT9ZPbFlEqGQPxib5V+GUtzSIMAHeKSzPXF4ma5koIJ1FpsQamIAESlxWtAo/IA6pt89jRig5e8S4/jaM0xt6dtpSEU6VIjK21qD4jnQUoQtXPBOBkHZ51A7OV6cYO5x64Hi0jFcB1yTr6oCWE+gYAWudKcVKcsq5jXL7valmZKHTta5VO2YI6DoMho+u2UYVZRbpoxeJ372ZpCstR5nTr2g8jG1NYAVloXjg1tAFQMwp90xGq5GLt4Vsx2SM0isFFhcoWTrdZrMrZYzztyuZ648lELIrC+lzoYkzlE1Eqz+6hhC6fKMT6XrF7NZkquwpkCgKxuHofFar3grmdSr+YqYVBrmi6ZPOY8sj+AfFEb7dJf6GrcYJW7cg7kUMiCRNpKZQOZwZvHRyIJGshxtyUS/+Zf/SvirrRm5C767re/e/PLb1DkkeYThLIY5rE+VHjzsBhsUNkBkCpN64w5zNY3fer46VT0uUd9x4t3/+MP6UsdJyMv0VZHI+B6BEnLEPcKB0TtixYy4M/J3UCkxs6VbgHOaU8kwslNq89Pz4ELivXpByf6zMl2q1lWuQSYqqt5BZzMyvi3k1rCTsOzOhiLCWgJoJQYCR4W+UjHw2533B+TNLAXn4+6s1hfaZ1/1+PW4Cv5iXbc5Xg7SgbJyFVQzFEmLC4D3Z7aBVrmWZ5WFCe6LO3lLOFZ77NjbgVUK9cnxhw9kDyJIimUlk3e2aFSxXpypkpSm2uvTKM7BGzhoiAhFka/6bLKnNaXFwt8acI9FjMQbC9VkZ/KGjQIlahdA4UqE4UEQofwEnHnP5bEZwAGHmMpuZeN+IjKF/yJ0iw5RutdkyVG62Vs/ou/xJNORmvgljUgHZAf8/l3AWV7J0e0p7irJi2Jtj9ajwT+Xg56wyge0XnCE4hUXRMhuUaGNko2t8g10SWK4NRqCWfXCaxBGuq0ogJUsEMpS70jl+ygddYjvX3ZchvNVLkEJvNh8bVEAE+OBeGTaTEpnQuhHavqg1EhnC3TXCwC0qu4bILTtqxiX6YIkmX+pmonVMzhGTp0ao9lQSzwKkGqp8LLl2wmHc5uM+Esu8vkYXXTVARooTHmD5zEL2DmjhpiAyjitZCNf/KjjYgXyC+sNnfRkEW3TF5ePSXFRWNoKGiUO8RAIf6r+JChEUo0mv6l+J7AbQ5SHqmJs43hAnrCAHHOTtJOElrxuhCwF7I6O6nsPKjUs4uvC88//1Y9URWpOPvTfSlO3qZW5C0+Kx14Rn9oFSf0xANFbibGOxlQuh5yvlw2UsuWVqKTVKl5xoSVl1m8TPr1LMCBStDnOhhokKlkZRgyYSEbsHvKy3L+cUasheb9hc8QW57PJVxSAJ4lU7j8kfK9inHC82erVErGxO18BTgYyS+uJUDgIiyH3J+PGS4w6YgGXVA2PMFTkU56Ui2kdLhNM65iGrE8TbBm9184FGiAYWNxzUnFhN9vPqgLSSco/JZVNZFqWuyH0n3JYhGadOJag1SOZwr8HlJ6HCTphL5uXujixbXRBjUxZNaoyEwQ4zLCMvk7G6hNuvnAxQLzXetpvXCGeZbKTnQysEkovLpejORqW2x9AWYBr/vWWAB6jtAYMbGPcMDzmJi46VCVQoPHVINfYEgUxw4UwkN0k0rlgbiODSJigmhV7GACCMtD65NrWbCZ/Ka1VA9etgVcUKF9upwfyte1tlV1ipzCSKsdVvXCImggVCrDyK+XOgr1p8zttMXmtLiLJ1fW9dhN6MSWmVegXBoo2M+m1Jwr8JnVgCNOu7GnyMzTYd9Pgy1MRS1yOSvtNVijMi+YIrI928Kqy/E/mrCsrSXkpzXIiIwTH4tOlSVye7tAr60Cu0eUlVvsRveORQw5asT9dJrFdW5v28WrFQX5GUagk47niBHy4Y2hm1dEIvtBj+O0R9w2cFi1w9UKbtawXpJ1kQwHN2mesinAmCqUMqMQ017kfGteJspnKwH+BpJ/jYU5kseNk05GMlQ6iK46sJ5gOWBHfGa/z/3QTVOHaSFgNosMFIJcLbqFeA5oo+U0cfdQoR/QdBPUpgCKLovGFgIU0/Vy06crXVTZWmq5dhYbhSLrJlj0qd3l5gnTY8LHNG0y7trp2OG4yDSgloKhq8VyvVquycXSsQsnayZPMj3Zf0yOYKZTJO3mOb5v+yFMh48enzzhc45PXQouhXHOjhBeaJ1gWNc6Hg7bpycy4enz9dXV1c0N/SA3USfYpZoNrCsiKRmjNpqhr/X8Ve2n0ywlMUHKpZYMcDJyS5ofvv323Xffffj+/fZxMxwFLyE1/izZlYvI1sKmy92yvX51+/oXX/3i17989ebVYtk6nMCk6CYpSrhLgmmtf8OZbhEyLLlxYbzvZFJHLfUYBkVt4cQRDr0zrbWCzcDYLVl74nAJwOTTodAmNBe94Nnr5yB5IZyHw7km3MaJc7k4XQNdQS1AAqFWoCb0mN8BtbzBUmH8UGiShdSPcQWkI9BokXlcMhlfxEpEnB5mbIpDk25L0Z8P7969+/77p4cH8o6I54fXlVd2tWaYiqYF15cY3IXMvp5IgZ5bqIjC57vdnqLpFPg5MHmgecKN+kIxKAt2ukecUc9+FYsDKpuu/HX2ScWiP7ZfarVkLgeKRlZfAeZfrt6ccNPTK8UaQM2+0kcVjZO/4qW/O8nUi+vnx1ypVS8QNPzZqKWTzMlxBGSEou3Dh8cf3j29f799eDxutoftbjj0JPSywaCB4vkonEmy5IcW9BMy8ImDMuakJJcwiMmC2KvknZD1L5QpGScJZv5Alf8qPuMBIR4s5uei//y5mbOL6BR9Ga577hx47jwHspD1lQ6vjNPJYg4FzmQQaJNh7A89bY3d5rjdHTZPx+2Gfu42T4fNhnbOOHDPEQGVQc+Sq8pUjCAbRxnJfkT+MZQYVhQth/Sspylg8/JMvFryselofDdDWq3YhU+Fe2KCldYW09mrfG46h9NArP8ce8i/IvwiO5vKZR5yDhDQXO0Xaxulc/fMWILK5g/m8xbDq4nzSxxwMh/xKcxll73Osk188PXJPqmn5vYJuZ6+d1MqzcxWW8QUA4IU56qfDu3qqZiAbjMVuRrCvdrOlwTPrDDA5NZfkk5eNKqX3FvNfQlKZE3pEBy0plBenGpZkVPsY2sPfBqt/+wD0rOiTssQWRlkDycI8jYrUBPXvkPHBQzZvSUp/PEpoQfOGdZAO/gRIdHJt3d39KKH+Mff/hOZMNc3d6SR0tqNZrqJI5zzTkKeuY8AuE8i/VU8x8w3FsRkkfNOtBGcGgN0L2NGHqq3zYNQ3GQfnyrbCT8X8Zxf9sKNqqQTxC/G2770kQvfOT2cd5lnL7IoPUwOufzk82depGRfqa8H6nOSxZ2S+abRTPfIOwHOXTrsj8fdbtW2r25vGFJTOxcqCahQTCd9Mg0QGKCSk+nM7vCokbnFxbYVKI8sCo8oFOyd07oegdImz8fI+JCcEOVORQ0iouH2Q3hwku4XsJyYSDQpY5MCRIkDoWOchAQWV7CawQDwgCLNAAAQAElEQVRQaXI2dPvUlZ+E3qet+GTUrJFOo4y8FHFlRX0zZcJEd8xMpVLkYtEhBnRIESGGm49azgYzsoc8J4AffYSYNKl5+awZcw1RH8Ke5RwX4JARKF1pNbMbtVO1fCO8kqnyDOo1LCxo/NCb4Z1q/yeO6QRhNfmSym+zjDmaJSk3OVIoe7FeMgpC8S2ax8i6DiSvpKoXyiaEJQZ3UJJb0YJrKQNjTXGTlLRcMrKZ0BIw7OfVmjwOhw07HcZjv7y+vnl9Q3S6WK+3281vf/O/t3TKzQ05GlQe4eUuiencHW/b3J666EMXvfbn7587fia+/cnbVbt49uaPPJ4ve1yUVtm1eWFz7EQXDwj7mok+lQtpTy7lA+Z/4QJ9blos0ei2Qgs/naXnZgwrQPX5kE7HmNJL6WR2d3fcTN6teVDYJ8Zsa9NcPbYbyy4z77FVvgnqMkzseNvtyKRcsOnNDiWD80bRiibLcAhfC4rVSO45cpVudhv2KKlPS3Y2O3Qkc9wya1mIiBUKii6rSX4TO5oWzLY0601LHtCLbgsyv2hV2XmeFmPaszuS2IQF9tHdLPx/ZLUFoGXs16l2y9hz4TMeAv7hoK6FPwZfBfXZnzNxEyj2du4UcuQneQDwPjpWOOOF8IXp8ytXGJQQMl0XVr6VpK8aKlpAthvM6CeZkuxiMBiADK5poho4AlsmMgTPVE5E/bX1awZNFCcWhFzP2u0uR+xMF0XB/ljNyWBR7tBkdZyVhwu01jbqusOhrhtc7HgaFHcLki0MjYG8WBwqpeDcZUZjidwhQo4lBXZgVy05GdOkEZYF+5zamJfkhkbyWzdM3qU+OArAwEt1suUzqUYkGPceIwUrcGFsh27Ryf2nqJA336ZLxqJ8YvwOTk0zw6rmUecyLs+ZCaTLHAjm79RoArt7xVXOv+iHjpWYqXuX+EEdZjKurYRWlIegzboSCT5DML3gTDxRlsu8BV3pbmeimjj3aHJ9NYfar1dyc83YjgTANQ9CcEEELmJQfPJR+oIrpn1rhc/Sqow7kVmDG8s2d8061C29Nbfl0c4Ez7xmFkp5QFfRbHJ8WuM5QJO2w2hQtpaamK/gBdxPwJVF/kTsYIqfSHsdiqRiLy5KSdnWOHXNhxIU9041Ovk1S7SU4nbk3CW3QqvdCHi7pICSB8fLgZJAEGwBjBGFemb2vS8OpIv0+hGj9UslnWgcFONegGckXVGgbbSyH8wMNavKYO9J9SXKGbkhYPYtBWd3vnCgWwFwpsaAizB9w8hPg5aMNx6nDK6SYstSJAvLKkSYqXLtuWzAijXhhfk8SzoRypFwFcf5Iulkwrq9Dipf1UWWfzMFyo4pGdJJSTpJFg2LGfBpRasLH9ARMJxHmNqBFwS7Q4HIU2QXppYomqvcmtMZDvb7kaQTC2b4eAwLBE2RUOKvcEdVZUL1S6XLfFmHUd+I527U3jpJsxg06qAPlr0aRPiRdVaEpr6UvmI+Jf8A0NrrqLsj5L7lhIinPVr2WJ1YqnCwZnBO6bJWX73NngJkTMJXRJP6GrPbfBDFumcFeEy04pwlxxU4LUPtNxKJMrkjnX1EQ4hn8IKJbGhQfDTmu4Mc2HKV/oKp9pkoNydWOeyO+8fD7um4o5BmyHnjYnoLTYU3ShAoKAwWhqaIWTNkzXM112OhXg2oiu4tL0MjAFVOLGvY04OMP2lmqeYelaCyT3e1CpYCw+njJL2uc3vTttfQ3rXLV+vrm9WKAtQgkHgoqZw2OEM9keRFTTrB6QCw69r+epVf3eSbFRkwqQmXUTJG42nDGWP7uLJo+piWHvHjKNyBhLErtRsEeI2LYY60AMSzpLFOXkxpyUgn0B6HdDjmY9+MU4vjgvtQA7nmVl2z7tqlwHo3CRvNbhMHLrJ6wKE4FnqTYCFMUyre2/AlAqPaZW0w5HEmdYtlRnBloDsyg9i1TuPqRljsc7uF5jE1m5weYdp36biEoYVpAS0FzdfdcrVarRXjBEDyGFBX07CELd5v0JJi/0olBbeZFdqdElzWGOHs+JRI+azj2UvhiXvq7E/1MRk8xWSpEpEtcTySxX5ze3t9e7uWQixvD2rGAko7Ws1QkWwMa/VCO2yx7Ogr0oWnkwYc+bA/fPeH737/298+frjfPDwd9nu2YkXX0qQjWeTGlFv6TtcQoayu13dvX7/++u3rr97evb5bX6/ZsMooWXyyrbIBzKCl8qITcp5M9EOpvC/KJcycZLnQts8cH6xqSm8c9WMIi5Ci2obTm80ok74nxBJGTrBX6ccTYc10BIxERQ9N5mq99teKE0S4yNbAYgpzAOdgWIbhv6uDoiyiJpWoa6XTjBPrUeI9NbxEviYB3eZFuXMKsZi1orZkIAJ4enx8eP/+4cP9frej09bXVzd3t+ur65UtbttoCRxa7hGnHTJj6A87RsffbXf0RXIwDpxxO5orNeAfVB6Db+tz+j7RwsDhZis5n9Jze0oX3Wa1JvvqfZn2Z5XPVJ37ArXQsw2efRwwCYW13nhJc4Y06wY1/1N0bZ37Qir93O4I8SfwetBsnnnQUu6JF+yw2eweH7cPD9v7+/2GcyCmnrmxPo5A87TaM6du5CeJJrwb5GfTcJ4p22CNpONl3sPcOoffaGM2zdCydhuGs5FKJ47auILZ4+ozTFM1mVAZ8M+txXzqP3YAvOD1EuYdBGB2nbAM3r9E/5qQtd/3+93h6Wl7/4EmfP/0KCkm2+N+ezzsh+NhZEiknltZgrYQBTeLVc3OVkeQNe/Ho67Z8jBiJGj+hSR+QYBIJk6WUqzDDS0padO6ZEqZfcO2G/omPcUsOX9V+nk9vydysOxujDQFixmBK+QndmfyGJKHFE89G1ZeoSp3YyjSnpMDUEcky8sTdZwfwokEny/uFzzOtfHZ5zJeUw1n+d7lQD8/12zc/1S/Elzs9nfCXqp1qej+fDZC/4cw7uSe4KgnqRrYLARcbnJpLUxhKc2fmr8knbxoVJ88BcWe1O2ZBcK955gNagohXLoCVqqQceRY/h/7rHBZnhlzRVdKtPa9F7g00itIWSSGwJW1OU/okHShNQifU9EyahB77ClquZJk57df/fIf/v63+90+N6SU3jBkCTeuZpxKzcMcOCYKdEPVigStjn2DnHGijeIm4B6xI/vOWgF/I5tqFC/5ZP4TjR2YQE5uryb4FFG4RvAzEQ98zOC3A92J8+d9xLCfG+qMd+uB83b1fpmwwGfsEmoNpPI3qUDT9slgVxDnCHk5ktTW73ZEbOTSe3Wzpn3VaG6KaAGWuqKXiXwIjULUepjLuBTeiJTKqpgc0KQTP5ksJqnX0OLLJQU9pjxx4Udiu0PyVNVKc2vBRX8l8MvMzOSKCkqONnFttGZWJeMbMXEqnDHmzjMSIHoCWCyi3F9/Bwsk6zfFSTIaRBD9XfP1xW+UP8WbZxikYHoNOFQAn8FBU/naPO/E2NdP3nN46Qpn9FmCbXaU0jRRDfmQoBgFMpYcJocjKYjHo1qrUDlMlS7LTsAS+vRJgFrlPx+RkjdGKu78VPMjK5mQcyYlbqVJbvGWg/3E+Fwhc0Jyz6eOxFbRiUKGP5nrUm0/becpHUDo66TpCibnQjAeSMFExno57o+7fb/dk5272z7dvHm9vruh+Xn9y19+94+/3Tw83L5+TYxdfRYzWVKldrl5k2D24P4GK6eeBvLNhT2bjpdQx8/CtT95XGTXfxIe/mVvijh7JeMPcRfF3CBLkwI2NPPH/YGbQAlnQusYkDXFhLYPsRHIUhjUFIwFrIikvq38k+KmMRioRnVZ9amcAvPLnX5S8XjRms07bOFsIktxIXEtYw7c2+r84hAaJ0G20gA48xD2QpLnd3ugDdXlfLXMSxJObRaYdm5sL+FxTCUOmsVvPGl3580T/8dtotlkasVabBTTmudQQkXaTF5lWLKdj6I1MRJurhXi8KWIFLEpE+6rEzw5enY6icGoyDZ7xWNHUBZO5yJX8bFUvQlWjGcqZhhJyQM/1Z8MrKvmFEntzHLrMobqq8ZLeUgpGsOUugdZ4uSyujg4GuOfyUwgB/2SPguopZ4G+q9gNpVa4zeufH8Wza2CQzqNUNFcyf+wbiPSzyLH+E0olIVLJlfgREMyGxl1J1pfk5wiH8F7zEFMOB++gfPJkqgMNj++Bvs0sKJ+VtNeXBnDQlkRsCyKjHcSyBJAYoC3fX8gh6x6LdgR1XapokvTx5hjsGeL0z3NtzqZvz8cPnp5aDQswGEu2YojTib5bM5REli87ibwthBLBYdTlq+UzYSVIoOprEaEcCqaK8pLJ39CLG6/E+4TM41lge3MSdQP3z6F3APcDixFLIqPG4iBmcSPjfecIMCLbz96fFqoYipjiMeZPb6UlaPnt8m6Ini9Mnp80ApXsUADaZab6GdZUdZouR82j73gnYBHWxuw6vXGfKMSGoHk0ADWpSI0DB94LqP9yMOdzZSzNIgtnYq8cl03uBNERmLG+DrYVzTpZDTZk0yEANmz6TDhcUzHKQ1JoVCS4a1b1oxVgTvdYtlIwoGapBC3zOxI+NBLYr6afm++U0s6MWmmCqFFttHFpGGflGdPTsXgrClJStnkhO9A32evk6STi5Sltz77sFg3KUVwuEYg48fWTAl5WW598qupqeTJaibOJulYdSQPcH8k4qGwY7G8nLOljwJdxPWNhiubJj508rZHG3ruv8bueDe70OnSiIPZ7FQ0jKQxT03/sDlHA1h0exUuuIAw1f1iLN5An0hlwWSuW47aoThN7Gooda+j5JBORmdMagdOOhkfyL7mHhixduh+YRm78VTFXBjV6k0xm8nGmlJtQ6nkyynaoKVoe+CZFKCh5XNxn2qh+dGkE7t5JXz1qzBTaby4K5lCqKke6ZT7pyrskWoDZ0yaduyzjuB++8aTTtxzjFWyGKRZ2Mh1BZNmmn/pXBZ9k2fXIHLEF+3ajmCXTqDpqnmbrUvxRDfhGi45IOZnMO2omrsyXAMkEAQQ9tKRiAcONHW5oahsq+Au8iWs1KXiaJY2au71V9cANtaoyR0sHmpMFmAoco/8K7vj4fG4e9xvd/2RVSHQbaKxzJQ84yTnksuEzqhlZ2K1jpicMaohgIUnaRrSYNmPlnRijiVZs3BBKByaZgtFm4z634rHVjavoOQ3y6a5Tg331lmubpfru9UVRahpOnVwIEBxWWrw9GKuFdBUDEcce3KH3qzT3TXcXeVVp44Yq/N1ijIRPQkIcCXFwHaJwSro6nNiRSt50akILvbrcmzsOO6PxNQaxraBJXeySYsJO+Jyh2M+HJuRUUxaRPLILRfNqm0pKLnkMGX2JEg2tDSwL3OrEyspkw7WGBzeI0ym3oKTv3zCEHdMqw2rA9J0m180nD53e2ieID9BekTcNem4gFEa68Cy6daMcbK+Wi0WXSOYYoYdk118eGI+/6oZJ4LxKYAfQdfu20Ss+yhFvePPcYRR8dzfTD7q4txcHgAAEABJREFUB4oOOJMq5aVzPkquCTvSh0GvQM/IGSc3N3WWpNsxqMB1mpsy+FeUA3WM4rHk2lQpgthtDu9/eP/t737/7e/+8PTh/rDb0o2S4YMK71LUKXDpgBRf6K5ur+/evnr91ds3X73h5s5Xq+Wqy43avZOKGNVbTGJCLW+Tqi+xLzGsl4hx+iTp39AfCh2qhKnSmqWLB1cfro5hJh1KUmQvBUTRF6ecMKQHIworKAyZPdc311fSnEjwUbJm8Kj6j0Y5OgGTFvt5KcuAXgxjaU9oXCtHuonkmijwsLPHIMVQyVJy8ZeUy5vZJ5Fm1A0kjyZn0sp++OH993/49unhkc5crVc3d7e3d3fyCCvJLGhDfZHun5Jmc+h32+12syV3kCLlHBn2RnsAqSxTYY/VqGbak5NwzTNV3bGGdRUlexO76pipXfMzyp/Od0w63at2/mzjpKLK1brq7Hp4DqpzdqvkJYK11/rSt+DCd08/KT7tImvcCMMoSdSrgekkqWWAat69/WF/oJV6eHx8/17TTSaORVorBjGjlVQbzUYCbxIs4Thpp8PFVdzclJs1rNpuuWgZ1MTBTsj51YkobjzqURlP9Vrk06A4nL8NqigPmZ5JOsH5JeDL8OFQfvCMisJ2ADOnWCPCgTtEWK6Jgv1sdzTJu4fHzYf326dHet9zVtZ+Gsi93zPHYGTWUVKUUTd4rnqZSaF9A4E/Z6pN0nXSJOQkOqcrcKEoes+dOFiIFswhqdpoPBM4RfEyAM6VvhLLg/msnk8OVMelybR/qwtA8uYsNgz9zOk2zV/hzpGnm09Urm8uUwTZ21vO/laPsI4T64eF5ExlRPz4/v6M41Q/9zmB8nllG9TTOHcgQXSWSK4ymXxyG6RevvkYYL7RZs9epmWm85s81bkQe6PKjSvO4suLHs+t6qxma+NsJK7RyQO06Y95vExh0+SIP84BpVLupx5axMeuxqa5urpS3DaGXu06PSFn0/BBm6BzbopoQm7lthTsYbf1F9sBetSEMnpF2tXV+ptvvqE396Qy7vfvf/iwWq6vrm84w9HS5V1qiwJC6mDLUG9Lsmz2R06CPlDEdGqvr1f/x//63/0//u//z8XxuoFr0mlvbpako+2lfG0c0nEgo5HkVLdcJk4zMRwJvgO5o1tc5C5xAHYULjQSJxnTSoAuxnE/9uOhV3omgZdSqDQIM8ClTxzqRnEv0OyNM4Sf5Qj/xb+Mo7h8Cj6E/24sJ8VsQngXLl4HqstJrR6bGU0GKyhkjJzULIYO30+73zxtuu+/++ZXvyIztO37BsdGTVaUSA1zNDWqzdXAFe2p9dpj04WUqYJ7G3Lx4Ki2bzA86haxF2Kbxtu2XV83S+ym9ETfGWhfDz3FWwZsGPQkM6wd2eu0r7oFqRStoojEbcU9LoNzi1bFZUJtkz3KaFMro/JEe9l74uBQ/7WKCsYzFx8+ZyxMYtpJuCLNPXiuqSdzhiMedwcGgRvGhlTHq3UnfVPJ0PZlgucWW1SYbOa6HLSRwXEXe+Jwh6O02uFyFPk85YvJlz/5CO9ivXEFplj/Xh7BCwJ4yic0capYUu3tDS3CYUdK+Y7YLmf0u7PKPe5JBCQzSWaVY595cbQHNs+ydhKYy/T57EnGVPIq7TJ+V0d0lsSpxzfc3D9q2QTjIrRNKqXCaLpgqnTxcjvWUaXZ1CT1KXlkYxgUqZfWKK2b3eaJjEPOOlks1L7trpa/+Otfp2H8hw/vR/Lrff/Df/wf/9//57/+FTHzZgF/9W/+9X/+//4vH354d8UAm536BX1qNG4ow8KLqzMrDA2+h1XzAnwGN+XP6EBMFdf6cx/tTz5saeQp1SlCP5bLBUVraMV33K73ibsnKOyNBXvIPbcgQ+vx/Qeul5NEVXKPJON1gM/QR9wuVF6lyVRJii814epEztHFI5HmkWl7IeOd9DR4BTtJ84UGgcklkzK15GInX+/A/WtXC/Za9rd4GPp37+6P+9sd2ePsdeqkvSp3zWE0FNuk4p8YNamfjFLSsl6/fv3+4cOu78mtSfKCkYekLwmJuMZBYshlNTbtJG515BIoRvrmbobkAs6LNrnVgR6WFGNfJzwJsq0Dttu6pmoDmj/L+QbEg2uwVL/rsa+wyeqlBGdcE0JJSfC1MrtcrA3Ntpgcoqm2VLH6JXvCj0d0Lpj96OkEUxJIASzpERNnhLbqPW6ktji+NqVSFoIzz8YkjjGUXJ+pT33m+SeTvJtLPwySkOg3G/bs+R+kmry3PjspipRF5dC5ZQ+M0BW5KJ3UU5pZgHIiLyKqcEref9zUWWi0tbdCJJCugfkwcUMNHqkan0kRULTkxpNkk4C/4alXpvBhaZsFO0ysuXOeqy0x51OdPL88U/bEyez4i/SGqBTW1yAZ5N/f426z2+ATd/qQByXHq1/VoN1GAe/hoAtZDXKM+978iIOuGEtgTsDqFuapFa2Io0DHXh0jKecwde9ur9asfkwFoic5b/G4nJktQZyyBPksxnly5Jpx8UzOqq9iMisGBecXNLs9TrH1rQbJVJUt/CPQ2Z2AhSiP1UZ7Kdwgqr9FNf8fURaBb09zcuigdKv6MGjRyA8vqgcSo8oFja/ai6mKM7p6NSXzm3TL7npcPh2Wqo1zvIxMxmZs80LScNjpTbRKBEtq5oKLFlgbNXN5mrjKzriCVtNk2f3NR2U3fOY8oqdo2DbXehIwi32UTW/cDG0TS66zxPVZOGTNlsjdBKsWt2Nq+kFyFLO2nzXEoMYY8qTjzpXCNx8NE3c2SBXDTXBzSp9MKc60f9HfJU1l9CuYMSxdgEAbHjSWlpXQA1rlchgc5sLcTKfgGz/yUPoo+y82WtwZT873b0y+4TAZqBcaqMYgHWesY6kmOZrzLqeqtvKjo4KTN8mYi71h9xmXxh/QkiijqidFHlI6EWq2iLPnQc/3ieeH2HTzSTpnYVP4A+eXrJ8CZEImlcIaIpA75JpZIQRql36QS9u3yO6r3bXPbiTQYIOZUikyQGtLM9eJHtUXX3xMloxqE6WqV1B+wsKI9eMx3BWiMsUsVT6I+SEd3E7dFzkSi9VlrpMZ7DqlWN74LqTwlqhg8hwwG1sKBpkgJsruceGwTYnP8zddZR1sgNsrCcQqpLoEtJ4ufmOd3+1D7nGG2bEmpI9wzecxMA7th1608byUbGfK7eQXabPik6xfUI+HuCZJtaNw97Y/7EhTEfB6I1j0XBDTzLQyWH9tbE0VQ0uhtWyVTSOSEU+VPmj6rqLcJ2uzMumixyTX4YFqiWsqKW9Z+3UaMJWJ2zTnJTRXkK9zd91218s1vTic3HHuiPDgVrs2siRNCqpjQG2c0EZxYkx916SrZXuzHpYtl+Y1dRhFYra1tJCZnjEEF+UoqLocO+T0oTIRLAw0st733M6H3EQjmTWJlJM8TLT69HPaHZoDOUPGFif6nLRJ8SLR4FOrWcOo6BaaMjOxa1vyh6EaRvZtavj2nqhqmmZmCC8fatIuD2wQSe8qTr9mP0w3YTekxTHhPk1bmLZ5OnbQkyuOG+9wab5ULrYCwMfqgkNjgD8s33nyrnPK5RqJ8YslN2JVSueEnc1E0vn9Ex045zIfP1mRwsWCPKqRReqllIlKv/tw0oFLeWk6o7Wyx8NhEJ+kJKawE4hLQQUThaaNrrl52rz79t3mcbN72u83e2Q61Xr9RtUFYhNjjFr2HWlrpO/d3N28+frN+vqKlmbk8g8pvmO9r0+SXqzFeGiZUxCssuxb/WmqdnYebrgDkqc6m7EUmDaKcSIRl4RRC+HcJDc+pSBTN2myTjQnkvnRphhJwCF4GulYX60oRC9uTx0Daj62mZy1buPmmVYlTJOr+BhD5aMVX0ojiSdBhjnXdkcSvlHosHB12zhT8ANhFmmUXsmHw/7h/f3m6YlIgiI53Evn2tBNOnb3WfN0KS2elPXykw/p8eFB85AsG6mfsrm461B0QhMZ2t4dnawuqeIwe+SUcK7qwdnZH+W8zx8AlVoVd5y5Zb/wdgb46AU/425YrEk3bqs+jaF/+e7AdNhvD9vNfrMZyXMkLu7hSF6OvFgucFK82GyzC5ArIBpUFsk13/J/I0CTCueb2SfWtEuFbgUHrgtgy3Dy6HbC2l64KC8Bzx/zZNLwY7rP5x/4iW8GX40CPN1QlcaYrGPRpBX3LCg1uaffk1vwyMX7xGaHY2JRwvM3Ghq+WZyq5qFCIleYjpo7m+K8HKJnNPsndnbUI7sqLowZneLMkVvlvadye71BaDbzX2PbVn+CT8qXiwcYupQ2zrOLux0aN51lZ6Nv72IcgFVeANjzyMfW1lD9B+4IizufpZ35b26GYZm86VSGvuRZPz4hrmuCRRXxlOZsB2P5/cKVsZzBi+mPDpbxrLb7BKHZMgU06UcdJzsurG20sp5YCkBfC8ncLwM9H39YAGA+Q79FCWnZJz8v0sml49OsA6rMufLCH/HynozPv/CySPv8pwKzP9Xp04obidiRqCOGKiMp+0YzarahF1IoH9HojnHh53klfoKRYv0KwCpTqdQQ5cwzkJgHx9D3u4Om23JaifRCllx6S0/TXBk17bTlduJguFyh6WiO33z1NXkL/+n3v9vve+5ruOCWJGwysYZKrp+GzUk2BdRBraAlgIZY0Xhhh9gbXBkHXOYoqQTiYeTZGQXmT7L0pXoi1zgsAJczUUHjxBCMubIbCuMLlvclDm9tGI2EUroM2PAFDvhyR0UwH3+8+b/2bS9bNWE66sazHWh/sv6ciEUW25WKxQxWRo3yXSlyJLIZU/cwTL97/3D/+PT6+ubNYnXTdeJGHdW/oE7YFMAnEl1qTE3HbHcvfnw3XGzdwcWhVcDorzx2q60gEifba21kjR0gRYAGxQiyXPWRopxagyiOGZMPOkGOJ28O4nA/2cywAsc2AYi+4vOqrpVax9QuPCnAwwC07YVewVw/jsQ2GYYbuM2TPNn/OEi7R2kxw8Sq6GtgAT0Ah0SRYaRySBwxWWqtJOfaRCnsuTeY0HOKUwyLGpc++5hLAKhzJ+PDbOMtnD5pSYFfJAdnNuWta29fv9rvd2JCp0nKtdVPhVhdypACs0KhMyXaTtEFcRUD3KMRL1NeoU5ATqlYhop2rd/h6RlZkd0+Pr1681Y60OdutZjIjM9mS/jIjUb97pOGLFTt1xJiUDA9BV7ggv6slrNmpJPZIImDmQE7F939d98Ph+P+aUt25F//7d8yrv2Ceet//p//pxa6m/U1ZxcxBoMWRvKgk1nRs+eKR9M96Gc4pp+GPew0nMum8vX053GcPFH6scePU9m/4HFxAJefqGwm/rtUl2dB4IDrm+v1zTWZssOg2GaYrRpTlRk87veCLc9pKJq9z/ln0lkmjCGc8HwM7pIoCSjnA4bKq/qpQ3ksuqNnqi4OoqUzIovUKrFLcZQQL6cOoGdzG4wvo6FI+aDmCY4SVpysfhCnnp+3Fw4h7bpS1nM0xzMAABAASURBVOq8qMFhnSknT42w5Np2uaAo5fsP70k1miS1Vur45cFzKnoJSP2TiBMtQBXhwvhai4YzBhjkPCy5QNXS6juWhmqI8MRrQbPmPupCZMc5dMd9YzIxRfyy0oJMIqLyQiwo4nywWZUhwmbZ2tSoxFM0DhNuIp3tm+5wMxUhPgHTz05fWQtjnd7Uk6lIWyzbpRsj/wmta0ZTaSIm6dEYIzmeudDWimF5WI0kGmZbLwaR1bXKkqToE4sCsJ1yTDOfn9mlbVqlzGOYGDZJaOJTWaUL4VzSrfThDaQ+StC8d7zGR0m7GLXAF8VHqe526eUErQkOVbEca0FpXQlKRI/vbVWCQXcle88VKxshmgY37i6F5CoQWqGh4sT4vlKRlijSsFouSblny+FwoBO5xCqh9tB0sa/UOKn/wDISsrZIl9gMQtR4s2M0u7SzaJC7TUGbJnkRLILWWwt2JLqG5d/k3ybnMJPa51ipH+oaxkp5FV0xm7o6JQgQfQie6EXhqlvUUcKcsarncOICCEBReyqjASWjyRQM+y4oARBfGMTAAdVlvZLFzUPXrS6wvrku9KnXC6xvn3g09uCeLXRtDkITQ2UIfnmbVueptgmTTb2Ft3TiG1FA2YNPHHVg8w57QTvJzdJsvKRl4rzubaN1pIaOb0ZDpa3ZwIQvWeMfkwU17wrR47MJZTok1qowPNz9RsMGoUVXWeTqU0KvGnSacBqbFCrLYm1kyY6g+y41DHDCMCdp4Gwy5gHSXrcRcIbJcuWEKSgX0q2oKnnLnUi1n85I6nXLVYjiGWZRxOpdq1J5ClJI8eAQGpeHVeyBMMZu3CcVaXsqdOcRgqj8hroKVYrcFZ9JmQhXLsMZyUVYvrqm+bZExeWMUWV9OsHZM1sQSiAfJZRi7/VD9NFLvE1V0uVyCa42xxv86CvUeHhmY+gqsyIhHIZU7MOxF6TxzphA0sIh5zy1DgQ+gOB/wgSIYDQXzcAb5Nul8ZL8zwKBdAflrKKsocFijQrRAMFydHEhjCZpFiBGJGc7MSnlfpoexvE9DluyQFyA86Wl6lqGPtnTJHSYqhRuZTFOvWWVCHtNK8jyYbIsXIXUkM4ZpiiY8WAagHcClBE3jWsp0quuykwAKLuvpiNXMLS4M5nXJazs6DIUzQOTBOQmf1hJ7lRh554K29wKeqEXkU4zSSMEyVh8QHropq389sE3bE9odx5nQIhe6q4S1qfEYg/Wj0jEMkAkWKSKfNzKNXZcqNZv75LIhEgDJscgFD/L2HAkfL9BhOQMJgEFG6LlDsMUfG5a9mpCq5wXbWqbFF0VRDOTJW8MgM90IdU/k/JF3bnij9CEFhC8pgmtwdZ+OG6G4w6H3dQfpLelaJugoGkqtKV+lxW3xNoQ63FoEyLwnOhZvQpMYxqE66I4OkSEpZhI4xe2C7TzkkyciR7Ukh9ZUrk2Kl8DUdbl12mymFmRr+JQ4PUlRr2EfA3Nq7R4k9dvVjdXi/WS+76sgHXO7Ng/qo1rDkpD2j9ZIcTc9v2wx7Tp2v7VNb55NV4tOBOkkcwf7mMjlKe6fZFRxkWVCynFKhtC7qsO7ZKbJkT1k623ABpMZOTt+zRO5O9a0YmcQYAdcQpy4W73zX5YDrgcpyvIq5yv2mbdLVYLZnucjQTq5xJJNpCX6Tj1dClpR422g0wJF4Zo4ilKu9k5QbTQaCROME6yNMqz1DJmWWlBnsAB6bXaQ/M4jR+wf4Tjvp16ToQBIBt02S6v19e3NzTDjVsQKhgMAgwt+QA9dNdopyHPwwBxlCgjSMV8SRdMlNnrCx7PXi2s5vqT+jA4D17MXjFLDvs9BUbpml23XK3XV1fXi+Wq0XYYtvHtavS9w2G3320Ph72URgA7hJaCbrLQPkxwPBzv39//8O13P3z7w9OHh+3D03F/cBYkvbrqHFQFLoSJc01e3dy9ef1v/6t/d/f6lq7ZSO9E7tTVgjBh13alWmM2o5hCRXFHfhYym0x5M7srKQ9X8W8T46kefA/Johj6SGMz8Mg0KUQQqNpCdDr0ZNeMxz2ZNseRNNJei/4YCEinhbbv1fV6QSYQRTqWC0Z6bQy6QCQcVq9ap8oKOYAKo2IiCLEgAnP1Ck31gtFkZDu4Qds40kn1cvDLnF3Nw5O/Sk77Ikn27W6zffjwIP10DnTp9fX17SsGOFlfr/l+3UK4prkKaKeSH+J4oDj6cNgdHu7v79+/3293NCeiaICrjja3ECk/Lp4q5dHVTvcvCJPGiAK49Fex6FrM85vLT8NzBVXVp1AnklZ6TpV6OpOV1esk7+TM3+QmHtZfErVhNKtBVIYUSkB0naiWxJEldATljtH6U9XyZJOILpqLgeuwtqaqeZK/gJvs9ofN0+bDw+Hp6bDZ9rxSYxaXr+JPSTK76NIKnJPNxQ1q/zNyCXEICv0tuxXx0K5hRBNO3SPPHrF5trnbNtDWkw/LNb+wweNjKLqoz4RNdnJW5kaam5MV57jAYD0uMSOKfEonYGamvNebZW/v6vqZW6bB/dTIMygOIW/2CHHF6cDlU8RMifi3G2IKxCIZ1OTxcXN/v71/3NFs77bD8UD2RpIitxCsoMAkgtHVSE9CfrXsNtT+iQI3Iy1S5VfTixsDn8uuYRbL37Rxc8oZz7MIN2Ld6Q9OKLyQOJS/aYwgpYgL56IOYE3q9R7wa8PZUbGjgq7nFkmG6ChkN3HEQSVsz9Ir7EK+q5td2nqOkpKsyJ2j25emqkpoSxqh8YvhlxT3HafR8a0G+USuoF3n1ERQEwCNeSZM6Xm7MOg7ZkTJtyJJ9NlUggu1x09EC4DO6L2+SaoXLqlyaisVzNb5SC4LcsIhTReoOKqa5vFSDXmCFKaSWms2oWUbmvfMTnKon1lnt9o4Ke/d8J3x0mqYf+ykkzAgn3udjO9L3O0TB54JsB95s2repa6e5D3DgShamplls/vaqrisSoJvZbqvXfGjt3vBcaHaUj5N2rpPy+y2m52a2SRdbm5umCcmsMiIKiNS9akDy2Zi8EaWlHJWWUiX3Wy2P3z/YcmQ8it25LcLOoHcMZMwxZEzWkRBswCBQ6eiGtkKxyrshzhDluAVWKBhEp2YvNw6sblCiYonOl9n9wTaDvgIvdkM/RwHXFBi/hkfJ6Lo5E/qjNC1KKsTh+kblZY3Y0nuzQ8eLgW3HAkiO5zJhEzZcbe7bbtrrmdgZSlNViSWInsUsTIq3EeRwm6pNzvGdlWngdXHFCbkMQalyzQtuayf9JBesksS7e4jW3cK2p/UhcFaRJOjyfp8stwV5VzZ4oLlUHHu5G1SUIlIXIaN5pAacG3ZR5WuXWZUB+6YQCrWuYmpQOaCqrvyyI3lrRe07NOhg6sa1WeayK+evsmxIrWBOiLWzDAU5y9xXBAXZ3I3qChurizCnaOcvs1caDwy2qarIJHIZjGNbHxFDUhlyBb4dEXwUkaw0Rzgx5hKyb5CBTwhqjoeyZQlO5aWqFFUJy8UdLs6OdOzHCMnI1OgkuY7y0vOzOpQIkK1NgfiTiHOTwbz0/09h3uEuZMZTZ4asju++uoX9+8+/O43/2n16tXtV6/J/ASp1QVBwxcbOZ/z2mqhdRAnDxs6yOybHhlNX442furx5zOSP9VRM5JpsrAA8znup6PFS2I+CIhUz5BP3KOPTVMphNK9JlANccVP3C55ztxM85mtxQsXBauf8cWM4UmWhn1se4wSL8xVvVcMxsVHYp+ZlvtMUmvHncn63Z4LGsaRnnO9XLWMasWREmPpYKBKltcdP0lkiOUzsenPtXSZM99akxdecemWME+5eZIkEVhjrgsF2kVP77ckBxdNyWN4zqDLXATrSCacU5hXgVqClpuiZ81n82PqiznsUvhlIX5iSK9YiuQME1KRximd2DllOQJmyd1ZYFa4OjNQownObu3WGtmyqXAfGHvudLLM/YPmIhcXs1GzM1pze7rzwgYsbzRNpAFIdcVzPJ09jfHiHDAPtQBKEMUKVntcyynv4RuTwf9PUQ/MeCeg6drZlHJz9KRZ29Xie3DtXw9FxrYxKvkV31Wp7wyvkrU6Aa/ICeXM8lRYLe/7o2ZLcLJ5tyiUIcoAmAM022Vz6ckS6+43s2xaj+2o1OBWcRKQEbcsRRbYbslNZNeGSZwqt4s9M9RHKAyIYRH4f7IB/AxNPHKVp6zunCNBqAAXuFPMZHYHQ0UAdoHkG7lR6rJ6StScvuIMqlSXP9UBM5j0U6JS7VTig7qF8lxx9N+wbIHElVwGZDNJDPJwPLKpqJDn7I+zgBFDEQm5Gc548pQyVdKUbHSMvkvNejBrIkNRBWvWaB/A7N90aa2TmyPlQ7GVJ/BqcQBjRchZJtbjPhw54t1pJm4g1fQU1cBpYBMCpZ8UeLY4uN1iRFdIVg5JN9EMQDY+Oq1FVABibUKk3KPiycmsF3SWhLPnhmAQyj28cdVszT5xwBnQyQmdw0cIt/pYuQFE1YJAJ0LJ6T79SuHM+qbc3RRvDrmN3FVUcRlTVZjychXv4onmITQi5NFxAfD+kDVwmjVMGrk4Mdd10iFW6T+6rfTBrXj0gmKsk4q6tTDEuqbmkZYwSIKqbBFl5jAVQZR0QiajYKa6ERJR4OMwvkvDni7QaMnBidvR9XbhsFIgHhOglJlOCmqg2koqV6S9hcgujXnUe07X0J+0cYMWkyUpxkXLvguRERMUDnhvTZug6B7Vs1Qtoqq9boaqP6lmB2lCgrq2z5QTRC3i1HXKOcCsDAcKCmCq7UH+N7uzzxr9JEvOL+mYKeS9/p6jNhSqqbhIksH/3NGvEWWe9yaQ2F2cW9zI5H4ytlx8+Eo22gdv0k5ekk4F9DJ07CAATzfG8MhJnCWLEDM4dF+kyfgZhLKcvGcffyi9ppB4437sGeZk7A9jP0yoMSP9qgZ1NQ/Neq9JCqmui8uFKcKZPvnJOYBTXPCBcFxM1vAIapT2BOg4LpXCEimPBU6ARyJJzADl1pwaCHmN7U3urqF7vVgxqsB6vRA9qXHVVdapsWohBupqSAYeBdyrx+mYW7xdT69uxqvl1HHGCWphSQiIII9aKGcIBcjGKEKVG+G0bTTxQ1nfxMhynDc3HA44MoTuIjUraBZkpJDc6hEOQz4MiwEX00Su3jXZPl17RbFqdRuhIIxkTXfma40ctx+SQUS4SaUiBgqNe38A644keHdSS2itBTx0lRvSI4fcjLkdoOtze4DucRwfxuMD9Lsm9R0MZIYtm5bcc+vl1c316mpViX1MJ5qhx6ez9jHptKtO9m2RZ156jHmN1899XL7FTGF+5q8SoWN/j5ibo+QwcSul5YoTnciz5E8qepcAm45+MHL5/qCgy+Re7Tj9YbFa3axW64bRpTlGcP/u/t137x7e3+82u/7Qs0UrnlBPN4GgQV1ycmdd3928+cXbr775+vVXr0hxN8Aa41UIhqA8JedArlhfMjqLuYBm0UJRVoLUo4i3EtSuJ2CpnWrcAAAQAElEQVTyDiKWcyNOLZhG7XMuIcth6mX7aWZSXER1Mwp3SM/cVceVW2yKWFMS473mhPPeOmhrJZuAo9ijFhiO4ljAapwGbcJH18zEXwU5Vkik1q/ODt1B3JUXcbfbbZ6eNo/0YkBlzpi5ub65vbm6vlqtV0IPjSZ66kD4qUc8HnrOVtrut08beklTocmCszrhCMF55gIdnn+JCoOXabv+DTA/d8L5m4uHSTZ8wYbFy7R2chIUo7IeUq1/QmVMQHXO+cDOR4X1J7IpUNO5xaoNvBzdWtb8TvpQcXbU7uFh8+H95v7huN30exabSfvQqbPahH4TSQyWbMq5Jo3E6Vr2Ri2YsuW1aASIq5VEE35pL+hnZvJHM0RwYfnyb6Tz7JTq/u6ngcp2h1D5lCOBq3xeNjU5TUvNcNauriwhpKfU4bjbHmgLPDzsHyWh52mz32z3/HMzHHtOo+V0E7SogHbCETu1aax7kaT9NNkaGTWe7ZfzbMueEgVceng42e85LCQzGy3oBPHzhCDPTDH3sJkKjMaF4dL+hSiMkoHM0gkKwUNkKHz0MJQn1PRmA5PC+iV5I5Pjz2kC2ai/6g+r9x5F6HHLAOve7MnAYoYr8F1ljJVACcyeLlL2AMKJOCvXcfCGQMxV3bnogDibC0gF4i07bwgFNKEX+l182QULq3Mhpv74KcUM2jNWLxM2ugzRQ3B+JFeXU8RD1bKJRTX+OXumi7ImnR+nnLJQcBx/gqSTF5yUvtABL7ndl0w6qX5VXWG32yZONO5UG0AsCbBJVKSiFaGgoXneiV3xo7d70aiK0ly+F1Yua59jInVTmgEN9DlpmTLaKD3U862kUlmn7DFubYYSjKSPv/7ql2Sh/OY3f6e6pmhiJMYWj09biupKOQIrfF0rFVlguicoYLuxUMn4Y2+dJLaJnif2LnNtGoX0YhzZ/9i1dYCq8tqf6jjJfFAvoLovQXLoISuovUX4Zajrz/iAZK6cGpxZ35xqV8VArv+irN6/KfEMLdbIggFsfUJZ2t+/Xya8Wa+uyYQigzzK2ZPzT3Sq1VUoXNQiSqHp+20rv6spH+EaAbCgTnI1BrkFaQvhnhuOUj0/SWKVILVOUrOofkNQcWVBjpgi84bl6gB1C5awbvIrgAkh4xIyPyWlFnSfSvGNTnAqqknZF14YMLmQd4+9PX2KwrjknKhaRijuMNevXV8E43Ii/sdwP8UXajJ4Eef/6PExUTc/8exb+tbq4bRegWbjeGDLSrshnIxQs+GqD9yF6OoDnt2qjA1On/ZEfsvlrAcQuJfzsN3QSZ0UT7Ts4sseBnVbBVLkI6VKFUj1f8m0at+VwmNZg0Nt5kl/1Qx2CmU/vr9PHEyfyLj85S9/9c2vf7172q2W68fNww/f/m715u7m9R1pf1JHBqMgpuScz1llze7gdFZMH7PNVc/wX5JO/vyOeiPoFibiOez33EXLwkKiMEuCbNJO4FJWpZYqRBpWTCR+4l4YMeD51q7ev3xRTlwIev3i5fTEdzZZ1B8XA3YdLIxTCxQlUdLEA504wM71Tz0xh1b63pIvnu3WaQpDzd1FxijFfCJ/aUOOnvv7ezSnGGrSmwkvlPJ6SVwk39ckhceNxenVHc3wz6142MU5mgLTPFL0q3sGDInaddXs4GymwtKsV2HuSbnsk1GPCLgU94lL5tQAiDtjiv/NEnYr144JL/QxsafweYx6GVdldZ79igJKpR+b4SjfgwqgxcWXc2+JEKhuJgUnTRQVFRaGF0i4KC9RQWpPN8ujRYyyfahIO6jdFX7wApRKamTzVigEhluGnIMtkA/qAbIGRv6lcHrN2W6qp8xvZOkjQofgDsqYeShWtJ8POWxx9JFLLgpnMdIpxBmGgSsINZri+SWV9uQsRRyhTYKEVTAvDCIAC+YZFZr1rbAtIKVlnHvcKjSLpJ1UaLS1E9BGq8RYs5f60XKgkKRzmaVEClAmxNXTWqU5Y0t47hLF8qSx1nhyS19KjxNwRqxfH1wP/Bwu+IWOEw6shmrZIUF19V/Bl6t8MUhL5b8BUgiXCEzgfOgH8o33AjOiNNlqAbg7Srn4U+y+Mu9zWVEtpIeEbfflehgphp7KXq8f+uzZ6z/J+BV1fMTAms7WjTsJOlKavJJrMoUxi3ggG5YCinDEdBRIqzGS08JDpa27fL/UzIENZivFsxYXLQMuSgQyJ0UAyJWK5RzFuE3ROvUfo0m02jP56Ry1qP2fPOAF3XXguQvV+803aTDHkNqmA4fXrfpq2W7lOik8Z2JOTa3CL6WwSdLLj5NznWnPPmY3iFQWJelfUDqvnYy2cA99kmKB6j/yyM8mnYACRrnrKCSjkg1rD1KIDQaUoQaFM9lAQ7GxcEyH6LBHVKSTvUKrIVb72B1Szh41glyrBsG6atlRiTpjntkZcS75X07eUBbLABvA+MNzSSd44ksJblPYe8y4u/UqDpws9eHMTZFc+fEByVcM4CTNbDc1IVORm0UAzYeW6ouH6EHLk3RNop4zE5ZWT/Ijkk5iIcI50OQIcJjHIFe3zGdCT558tIyThNLOhJNO2oVAczSuHyo/zSa+y/3qcEpKKeIitu4uqbMwJE06SaLMSBsHpIjZrj9uub1Hz8ndybIV/PlESTPYnEZVijL8ikUU53lZOJOhBnPiaIgW1Zhio4TGluGi5ss/Jq8dCupQ9IVk3+Fi3KlNsMT2CprrZnHTLW4X6+urq/Vqren5klwLVW6FjpanhKZ/TwyF0SbzsFzAm7vp7mpYtGPrGSfzHRdPOCeOGeEkzjgRAdoYyze9Lin87ZGxSYaxTZlMuFVursjtOiF3gtsd835YjIxx0g3jCriB+hUH3Bsw8JJEcftGy/1ZD+ROlLJxCiMB5765jrVpEnPW5Wz0b22uI6OCaGEZJ80RmmPT9Ll9GtL9eLzH47ZNx0WeFuTNaZoVx015im+4gwzLXlPRNX9xchlioazMPWE7zTjRNtzOt05EP36WyPgSxzP3O9Mkk/NDfagkeYGDtkkatbKi4fyINXfVWa1XIglzsCsN03FBEnv+eylNIpmQu8Vyvb5akod1sVoIBsbjw/bddz+8+/7944fH7SNt0F57R/Cyh0MsOL4aKk2SdJOvv/71L958/ebm7pqcWpo26/AEriXJcyRj1zjTyC/MTHBurE4q7DfMq1oVnwL50+K+TGhiVSUFwyBGI1AoPG0Do5tIYx2DO5TtzWAQ3EmP4U3kxWTDedCNUU2FyxVi1H6vI6maD6SF+BiVOcxCA26n2tDlJ5yYdgD1h/Gr4AHykOhZ9rvd+x9+eP/99zsKkA89fU40cH17Q6+1pZuoZdEmt9XVBX04HPe7/Z57K2/pu8f9HucWizObom3HsD7+OhGROBPN9fw9m3QyO+/5o5LIL9m9nzhn9rizIeH8KjD7tz65mqwzPm30qzNkJBeEwTJUegEkq7EQdt0fd4eH73/YPDxu7x92D49HroYa1JEkORDmO/Dxg2VmWr4XS5mGO5FpokmnGSfseV4IEXKiiaYntsKJ84Xnnz/BjziMel8aHVMN4nTCY2VcI4ZCnEoDCtcq7ModApMlsgqGGkhPB2lnPXBR2nF/JG/4+3eMZfLwgeZ2v3miuNNhszlst4ftod/tBS0eHYQkfD1ZpZlkmgir1YQezzixXJ8cKiNUQuf8uLybzs8NfcVnJC6ZnJOUbOw4TV+Yop7KSxMMJL6axjSjfvBdjFgsGbcZUKyQC8cYKST6q+lcgl7Cxou9EWdpnBVsc/Rf5WSFNZGcEgcaUkPW4GOlBIMR+qTJLZne0vdPw4jSA9B/am+NRsvE9b3gCDfPv/S7yfPndVbRcIO0jkzkX8HdTye8QzaxVxyr3zDSTMrLXOw2t7VE8/mOf+ykdLIS9dqkk48xFKH4ie63xItME0vazuVdXM7U09VSTjGM6h8+2vSX4wsdtWjU96sVS3dprXgg7e/kfPA0FPTka9UatQ+xuzh+os47kxbggDm0LdXpvFgs725vx18y6vsjybDN9ttvv6UBUIxEn0Jx3VFrkVuFPAJV2QecKGhL6lnbXa9W09/81Tf/5b/9m7/7u99/+PD727tfUkCnW6xvbtfjw54DKQPuto+s8gk74Nz4YL+oKiHbtQL0lTtsllPDTljiBY0mpHPMZbPbHXZ7rqpcLTWAamw/z9xlsgD6vOmPc+BLZee/pAMqrStHfEnSRITGsO7ajC6i506BM6wIcG+FIZqK54NiDXTVcbl6N/b/47d/WHcLopG/vnu95AqtQYtOSC0jZ8YonYHBUx3lUknN25ClSVtKo1Yr5lAVUfwgo0PpsmVlDyJNZTngMawg/+KabFzuHrvKeTnit9vtO1LTYTwCsOrSYH/g2WjaVaOFJPIYWatewTtsCWy+umi0OQUcDr3BPw7JmvZl+T8bgh+Nd6A/NSNYSxyNo3Iu13LBlX2D+h5NcUBNJNH6rfCzST3RsD9sR87oX16tVv01rqdmOZKFmgXh2LCusSxJWZ5cFk97gZGNS7vT8GzpmodjWnLuGGZ9QN3gThxfgKGVixSPxjMb8PReoHMi/Cbnq1c3Y/8VMdzHdx9Ij1QwYU94EngYRmNjDxmyGwnEf8HgzE2VyIZ4ZkQ4IzK/rY9rPkLMqvMhelU189qH798Rp5OBAqMaLjs0iCnTbJkIYIrqaS0LB4tEc7peVtNRXNgWVhRpwpZKT1ybNWB2MXftL//2b3f73be/+fthv/3+7/7x/9P9D3Sjr379q/W/+ivSsv/T//T/+u1/+F9Xa4EQbZYtF3G2HBASSGtViE4WEkqXdrikt4RJ8P+HrPKfzVF2k+jvxJpuX71SI2D7+MT6Im12SY6gExiug2sC+of3HxqBMbu6vtIy5cI0zvb7icsszx3HP40/QCVQTtgCSudu8haRgcmoQofdTnxJHVg7sKx9JAx5ijfO1C2X3M9gOOLY5OVidXfDrZERN8fDD4+P/M2lpMCH10BRxx0sVfNJaEgrLhpbrtvFgWEhGID6uD+QDtMIzDnLgtSQmGgmhiHS2dbHINfXYRi2w2E1kkuAA5LOyktuRJiSOuksrqTP0UzxE06Vs2JQweSRAyy5C3bVcz7qscgZBzsR3MrFZl/FMsaKH15YsBPWLZNvV9AnEz7W6P0FLSbNOIzglojR79ydnxDEC8scu1VQkCyRDi0AsFw/EQckv8i9z6jxrBRYYAyruXCKVEHGBE835I43U/WY+gVr82RaPRbPlDsStL1LqcbjxxFVvGRRyxpmNwG0IRQJp11/ADGR6XIL9virn8CAzrK7EIzBYrroChJ9nlX35K5qzkds2/N9F90NwgotGpSIvxaaq9Wao539sNk89UP/8PhIn79+9ZqCr5Mg9EwzDdDsHfbejh0/lHhgUXrN0XW4jFe8rhQK0AD+mFgd6o9DpvhHakm07fbHx7xVNIEF+2mtLFXoQq1rG7OaFSU1p/LP1suhZyeTZ1lIhQAAEABJREFU5OZQMXgSFblSbG2OgVzhwQDWnE0XG9TpJ05kFFwcnHsZc4Ws6gPgW6o3fMyjINMfJcWsq7orPreeP/vh23PyOfNC9eTeLpTmBj7tQpFQ2AjM9MhkSRChA0v7MDKTF4tXt3fv14+HcYvcXHXkptkNbQzoaINywut46IfViO7qAzMvsuDEcRJZts0DZXEnSOcZspV6hs89sowyK/B7/bl63MAhA5JTGlO77kgNPUpqTB6lClyikVmSUTKH6JCImzEDiKwkU5z/gnbZuGC9GQEtuKu/Srocw6WQ57Pj7BMyp5spGVQAMuS3okWnUE7B6Nr0tnGyULqQ6eR8Wzq5gavHAJWAwY/o2BePWjN/yRGPbLMnyKaqvqJwd3xea3SL0n4qHAfpLRMX/OwPx4N4fi0zXtn7mH7MYZNQvxceWnNUmVSNpRXWNyUXjT9O+X12FsfkLF33Kate4yhtXLNkKo5YgmHmGr94ufOV1ZGi+T6TSzE1tRswKXw2UjiN1JvUCy82FLE+G1j6xIOfTHuqnOARcPjUMcWV9GSXzoVWZfxapG44Fmmu8wg2RDF8Jq2QMbk/nd8RFGJDZIV7f916ghAlF3aK7dx53cMLjyLNPTabzS1uCBn6NKoKQqUsqAmPYvZKeERtX+ZURGye2pusFaVKLoA0w1y1iSrzWeunUpijsKHZwW80ANGT96JJB9JzxmE/9gepXmWMQKjUvQAcNVpmdWKKrgrGrkHnNhWqRtsjtpoe6hYHkCpBwuIsOG1KNG8ucB3eIAw1pJdOY438p/B/6eRwH0Bo17m9zoubZnGVteu44BXmlr2vgumFJkecmHOmePeRe9NwP/KRuMrV1bhajm0zMmRQo08Fk4kxDNJ167qMSgSgTRSJiY6jjBGL1G/T+dw39cCtcGjCOId+zIuU15iXxNb6Me162B/bYVoMUzemdYbbtr1qmwWRBPeDlkRIYaaMbTmyKTgNR5kN622lFJOrLDrVcJ0gU2hTspqNLiB9IEBoeeSkkzw1eYBM3osjwjHDYxqemom04X6Rhw5GUhwXOUnDueWK7LvWtL7Aga+ghJVa6F4CKaEYJ1DNmC5gkIHtp/RncMQjJNl0U9VMRB8snk5PpoAxZ4Fb/5dGYwrB7uTcQRNNBkY3kTTfdkk/l8v1an1Fujh9zs12dsd3P7x799335Hj3knSYhslcvmYUJLFZJLTKEOeLbtm+fvvm9tXd+nqlPXS49KJR7yHKFhHhNabwpSknwemzJiXF3qnmArwDSwnDWe1isvPpMbhSZuQOMrpl2RJi96nO5cjsTmMKPJMMh7NcLhXaJDfeS6fRnTeVjg2eFlrishE6HYP8xsguRQYnA20cxpcW80dnJl00VT5qyKgJSc+0p2O335JVdn9PLuX11dXVzc1KMJY6ySoAg7/j9RsZqgE0Kkym1lHAHY77PSf+HTn/JqljL6v260zU9UTX7xHSS1bugjv0klb5kk8+epvKBfTpIf3IDX72vM/frWYlF+3yZOxazw33TAKzDrjJOVd3cUPb43G3I/cR7ceJ+4bI+EVJpuiDXDxgMsHCCABWXdI41+WkE26dw0knbSlhLUzPkEnVtP7EZOLLJvoLHHiCTJzcWuFfw6DWX5J5qD35X0gVtF90svfa7XUame5J7g7HniaWiX93oNkmcaYdRRge3rIbzFTnTWSeh1bnX2+aHew50m/VaZBM/ZHT1KzHVIfBTh4ULvPBQkduiUJNvc7rbCyhFzkoWzojdVenMdChjOzwQmxFbaj4lmJl1Tw4XUS+RI8mhR6o5Q1o/BUhfcy01Ky4Mgz+XnYjVdu4m5GbZqpmyQFLrvTMWGeqvJMv1LFd1IQBkQIDSX9FtR6gWilIF0IhYyxE0b3jjQkPg06cD48M9GZuRX6i6sNVhtkxxaXdrAOFqbU5TGqkxfkfnR+sz4kzNWaWNBJrgdjy178knXzBQ31ztYYN19fXm82G5IW2szn5gmWdyHuskk6kYubLHlhZhXY7+kmjWl+ttbaClK2Hx6f+/TvSUribo2TJgMg97n0oKqM6WuhDUmXHptsjS0LS94/H7fXN6r/5v/yfhvF/+M1vfjuO6e5VJiPrq7ev2nb18LDf7Eha7o/7RQfLbsnOMm5vxnULVjwyin3etbkdOG2dVb9MEW1Jx+HU5C6tboh6D6wW7WkYFLMBTQZIbgvPHxj+KOIQX+yJ+xd/4Cm6P1TcufyEZF0EguX5H8Gc//pbBjuVJSLJ8hGWKyKHf3x8+p+//z7DcsLub15fd6oLsJVqDi6m0FGjBOxIELIgc31S81Kb6AROb3IrTuSiGUA6sil5/zOjrKllE6O/IhP+ak28nwKS3YhLNmiG9yMb23ty+g0c3Bx6VXmAgWnrFG/184RENM2BbWB9P0qKvdgAKIUpjTJzNLBfYeCclIKs93Dmh3au1Spihm3kBhBWzWNH8b07o5kE4HFgI+Oo+aUtRX2mqeV+q53U0sBHF9olDd0VG9aLpXsYDV7jWOwM4nDCDCXSwzo/Pq6ML/ZlP3OmkpcRGLkobr96qzrT07sPpL8DBoo6FGUKtdMoq53WOijyLWDmZQ3lcjaSZ1iQFt9MkwZMpYMNoyX2D9+9o8u/pSj0a+m+2WpIO2uWOiZrWwl27dDqwHoniuGuI9EQNXcDaZqhH8li4Rj7YqkhWKKfv/kv/+1wOP7w978l/8Nv/8N/unr99vrVXXu9/OVf/3pK//U//sd///f/y7//L/7tv7v+6vbYD3KnPE3ojUdffHgkODm9p78cf66Hbk+MWgtIi+Xyq1/8gtws30PePNyTM6PrVlmCbERI0g+YQXref8ffbrtfM0wab//nxaKxeaNeAPjJMhQ/+ie3TIE56kiu3JH3Ar1onKs1kOMxhfUEbrZLjgZZ5uSMbfqF2liL2xsuLMd0ePfh4XBYbHYLQS+WmE/WUM8UsFtSVSmptA1tcoqkvr57df/0OG435OrtxRecl+wR7KBLmh8P2A84WMqIbW0uHiRH/NAvu8UVaUFiBgscPozoPEF8AxEcj4luIM2MDksNmZkso+7OE/s1lbXCuV2BYeufnIYz6zelBOnz3Dnool/9heDCQn5OCgIsJ0zccU+Q1625K2RzsPjXLXgUD+3XR+PY4MWqOEzjYRyslEguAG6PhnHaSHW4jETjfEn8kmWnmPst9owacpy1OKvu8mQUeygJELNb0hEQwz42i7o48nhDwXEct/1Bnqhr5ZGV9Uu3yxScuWjDUOU4hH9Bhq0mxuRw3ArEWJ0KlV/S92kSsH4poQfttYlpvV6T/k+u6/1h/7TbaEL6q7tXAthgZqY6N1Nxs4rPBi2cNEqUS/2sWokpPtiG/KMDBUUk7+Q4ICeqt/Skfesh/xEpPrKsilRLn0Hpzcnp8mhdDGYSB2aeFJua4pHwn+XPk+LCpXPVBS7kTLtbHcDd0BIGq+Fkkl1dZpYVuVG0xqZlBW4YRnL4WiDZ4zIvM2V+FkvEp0tHXqv0xXnDLK6ZLJUKylCrOjCZE+FQ2TRt9lM3EtwjYian+NvXr3bH/ml/IBWYlnWYiIa0UXNDIUmKjRDXpElZSnNxKckyT5lme2DOoVxU6t/FeYNKLpwcYbnUwz+dENB83/prE0bbZw69MNyh9NVJuVH/mnThpK1K0pFrszP00hM+K/AgZmXjk8cv7VZlUOa5k+QStkzo6z1ih4LxLFZC9lNBXXNKeayEj2Bp9sqvxJMtF9bYEYsSxZfGsuL1E1tMBesxfez48TqeG0TJXai6g0zdRfzE7Su3otYN98P4M1noNkwErpdfEHWO3u66iK1PXuTyGcIu6pN07mFOi5iKkZet7Rr7lzHnOW3Xe6EMvlwDT/eIzX/83deivkAV1vnYY1ZyzZcO4CW8bHaR+RuY10zbuIq30/8xh3D91CcflM8VqcLkXeWkr9cxQlnCmTN6usCFCSxjC24Ze/ckc6LsKIACkA7wmXM0Py742BNUn6RgjGina2UZ53oQQ8mOUdLyK2vSjIUcHas1dAt/GADtTZNm9zU8mMmEiGO2cUmwYlpgkt4W43hIuJ36HUk/6dEyar6n9b0zz0yg2Ksz39NAJtcZZ6lCZRFTPC/aNkGNFgvGiWmKVS+eckwJfQO6LnRab120CYxJII1/Dc1ts7hrVjeL1Q35Grplx/ggbQ5dpQp66L8cUGTYCRYLpOJNiw6v1kPXDm0z5cZTOOz/oLkQdugdylQHsceh2ZI2CqAgChAUwrPcHw8juQWmifu1Ye6mtJxgwRgnx7Tbw/64GMZ2wG6ayOt123U3C26g2Lr44GFoooMANErSSe9zDvFk4uKVQvAanxBcuamQeExUykbw2aSNRo/f9qk5QNqlaZunHZmcLQwdTOQDo6Ev2mbRLNaLbtVqFpNr0brXJudhk6qFglqxCLCHmMMXybY/yaHk5WJ4QFNz0Y/IYgeBu5AkhqUiuTStJVzqlTQxRQFOGKFQMjspNNGRU55bYzESOalcx8N+t9093t9vHrZPD4+7za7kVjh7ChMBpHlTRzO6WlxdX9+9vru+u+kW0tCZ/WakyJNPNJnCpkMtMCdg6w5g2/yz9dgi2nw+7H3yGyjdK7yQ5JcQnbJCSWFm1Zu0AJ9zpzQ+nQsoD4v3hbbUUVAcvqxA85jEiCQTXyabJ65PGLQlBEyKZCpHdoJXc8fMMe2fy5ZgMVcvP23F2GsC1gZJ+92OXof9nuMnbXOzXt/e3V3dXC8WC4DZlXWcAvGC0iLwyBF3xn4+DFz9yEaJSyfNOykaiMG5pOIbuKT0nY4/LKP0xznwBX96Ea29jCBN5nwW9SIWCWyfuH4kAlnpR4o5+x2Fzzg3ohe0XUk4T0aFcrKIFbfTQLV/7SvAGWWBvSGi3d637EjIriLaQyi3zLnSYAE+/lifu2O/yHEGm1sPI/SuMWy4aOUiTVmG5J1bDrstM8Mjo8UwbivHRNhvnjQrl+Rdw0ibel2Js7SKk2paVp1sKysSMhnPlLhQzCLXFy4Vel3WkMtHluQSnxYVlK87mYY814wvTmHcrjzBTEuINzrd1UANAzdVCmwyWNa4toU2fP6NC+tNZsHoOU/wCrhag4VUmI2rP2Dt2UplkVxYx+/K7fzp59eEs3sWv8BszKZfahbvVJ3lmrBWRjhuiSyHPyAWUwltJ+FZsLo6THZoi8966HhKKHhp45Xhpgh1xZXnI3rmOOfjn7Jkn2Xp4N6h+VX/knTyxY6c4UTdoUPcsv1+TyL9IKhLTaqsMtBKdKM0hYRlMfPlk04gRZUsuL2IEt4msiCN5O2bN7v9/uFpczgcPnx4f31zvVwuZVAW9hYzZRT3u0D6SgiH/iVVpek7XK6bBX7zzVf/1f/h3zzcP/zh23syBW5u2/Xqq/zqhkwb0oW4KpJ0GtjSblpwu24HBFaqxUTykS5JxhnKyAaBI5ZiSCbeFbnvrm6ecqZx9vsjfaVbLiRHKzDz6cEAABAASURBVKdzZ9QfRbH5mfxZ/3yOc7UyoH+VzdQalTLoZNx5VgSZitDUr3oTZM0wFX8HkVyLy2syPn+zOeAfKMjZ3d6sX7feBV2apxtY6aSaRrHKSMfCaCofq+ZIE0nLdeQzKL6J0cXKaFEsonmG6mGfwtfLZUee5XFqGF7lOG17MrzpjtsxY7/gUTP4V5KIpO5lyy6QJ1UnuSb+TxWmOn+gYZgBx8Y6pUpqleDLszSybqAMhyL5tpoqnyLvgKZFm9wpZiwfGSN6ZVtZ5pYcBYftjrfaMC76YTFd8VXWJMml9yqYaQH17lJdKrxvEirhiQLJ2ReLWHpgNSDRsDBvnBxKKDH9iONU6ArXrIAtT86qdWZ9DsHp0AGwt79ZLm7evBkF723z7h4GtBL40eYKQ3AL8UrPQMGhUZTa5A2AYTZGiKTmQuRVYylbCFQnI5cjykmjtOA9brf330qpWWpuvpZ2uVZSYum96onTgUFg71vlnDjqiBoapd3M0DhJU5rEpu4HFjicFkXsucP97q//zb8Zj/373/0T8eZ//F///e3Xb//m3/3r1c36v/jX/5o+/P7v/vHm+rZbrZrFSjFguO9ZAUeAOQdwhIJLTDE2exXG+RfLPP/kcuHHDUB3peKoa5RC1Wx6f317y+L7uH/44T3R1vrqigEKpjEaCO+enoi+rm9u7t68RslzOh1J5fKo/fgfHypi+uSj4GzD+waPv6ZSiK9Ql1yuREHNnuFGuHc1Iyu4QeDgTOphVo9tQ5Z5wiPpI6Qn3RJ7H8iTtvv+/v6wu12u1+2C9gTjkbKdyppKI5X83CVHbZCBxQcxjFev7o798YkmiovFkLw8LaNwgTT6yRSBRSReOi3aKQRXEhlG3sGn/Y4z0PL1wnG/QbxAoz6iyC+FY/IJQZ+82fyhJFNWWqrvYWdjwZ8raXw+4+m5w2So63VVXweEl214hOfu5oLTgqZc/iNoCJjj4iJwJstENn13EmzN0TCW+bTWjX1Lpx4Gdo9qWt+UsrN09fFPkDxeQ0Iua0bDpA31MFkzb9Rb20id1WfbTNbPzni1uiYk4gHuxhXFSQ17dRxrxz0YMmdXoNaVD9N0kCRRevDVgqhOzXo7f7KlhlyZu9Wms8+0DFTbk7MwG0baCVICJZhqViUslZQyOHA3Vnb0BDG7DdGBu8X368WWM8rpj+TsHN+/o7/d3d21uc3l7lPytANGC6b/psb+goaZyhPEfEO0Ha7NXWT1ak89DeXQ09MO0nR5wO1WckDZYOhaabyidXiTO50BC+HMip514aD+JGDDzCc6Jzp3Khec/1OqjN/d9qsvoolAKKkVlkfi54fvSfQ6Zk3L5YLxfQ88k4L63tT3eglHB/jESfhjZa5P5YydwCwjzSZf6qpypfgZn0kpiJ31VYoyMhBIZhuPtJNFk+/ubt8/PO2OR+0yRqFP0l36cWzzcCAOOQx78rQm6UUuOLrG5DQwyCl3sv6ThKtiiU+cW7MHwkuzgaEfzx69jL4UgdXGvmhjAosnvxiis/AK65QmnLfFtGqb45T7IctO5vNHJRntyKwlFqawGvGowqWYJHSxUeBhBjEFpBac9FYjpqSKpbw13L4kXMrirMohGqM7HSOiAnoTG5V6J9Mvfd6genis5yP9WHKyC81Ff1hq/mvB0FFRbH69+XXiamiUkBzdXvgvMQtJOjmxCH7kHpDD2mRDeJiZ1Bl1tR8sMh0afsnbM5eLCfQUDzWfliDKKrtEWbC2Kc/eUBzLS28AWn1tbVE8Va1c2kP2KbntbWYvegpT5FeVccWOZhqaphlLdPblDAA/OqmInmIo1/WnTSdfxPlMnMyNf1dnvz4ZbRzoBImnOxvrFyqAqmoThb6g+qtsNSy2WxmEKAPJu8bIvaaCzGaTHXk200wUYJCnPUnOUDvsqz5gmDyD4eMTW6Zldqb3YUoVmIryINfPCjn41hMY81HbMinb4FALV5WwjzgHE9exye1U9UHXtrT3maKPOHmE+pdMLUd7VmskwJTBQG5DGjd9vyWVnAOenHEyAfoCxZxhmSU+dFtE6uHkN5qtuzy/r3iK7vepILaXquJJGObkCRGS0CfEb9QV6tCcRE0OquYkuSELblLTXbXdddtdNR3Fq6V9Bqd2SCOZxpiIHKPSCaMv0MGBb2zaqe1G0q067ikzZUV3T5Aj3cpzoyFsKNfZzW+DzjutmbnWOqlEkF6FE6cL9wdyWzXkfKK1xtSlvMCppenfHkiZS4cDceAFyawE1217zciW0k8n26glk1JQrMndxE1KJuFuk05ThWGpxKAoQRAkq/5vyz2y4L3xch89t8kZU8NIJ1Pak5dmGrcJ92k6krnDpJmbZdsu227ZrNb0LpGPI7k6LjdVBLxJRZ44rBoBlWiyt8gsusoFxxT+aJXpxxzGS09GwIfGBSzRxHFNkqebBKhw4623BZ6j06K1EEOKtDFIQzgG1CF9u8tdx3C2koLD2538UbvNfrvZPj48/PDtD/vNVsKv8nXpoO0xJAn5ydZgQPJFd3V39ebt25u7m45L17RGgDQ4zhoaZeRO9gFKqE8aKW21donPTI7NyGTF4rodc9EepsJysWYGOoey1zmL/dAfpexkHKYgFfmpSSfaiEdanWYyRFYKiiM0I0gkXv+HplFNkEIWJJ1nawbBaI6Tc6mkmFcK99hwGoDhIkQ7uTKSEBzPhABrQkVubNXvtruH+w/bzUY8DxQcWSrACWO0CJglYvReFFy0gaw/8ukwPXCqynbPbZTJwBxt/FxtIRdvYKETGk4Bnsoiy/jBc+BrfOw4F/dYnKXV8l76YmWywUVfwuyTy96GU/Pu9NbPHHgh5wJPL3uBdC9dvPJMeSbm/FpWMsrIJYw0M/JrOGy2x/1+OPbCXIW4cfLGNyILmmyZZyryBES3ZYQr6cZJxjhnmbAvSykbGtM90NQCXU/VakVEWPhgRn5FvT15Mkh/lKPy6qXzeoBKQdU9wg4HxGhVImmRkl9yHBlyWHJs+/6w2+o8GzGgGm3KlLQWSbow2D5lJqBqgdw/p9lG0MmL1GE4HXiq8tFDGTujk4vhkZPMDOE/1cO7yERXHd3N5389vQ6k84wMB9zFOlk8GZZw0TdFv2xyaQGpnwuWFZw/iz1udVtL1ZGPsifPVQOrJqeM+VQbRheX1eyarqHoismYSWF9p5MAljqUqoWqWQfM3jRpNijXK+yuiGFPFOEDQRN2FUHlvcCcKoerLyWc2Mh+Cn6EfUHlZj+9hX9SIZ1ckCb1pV7GHtPF78o/8iOfAs42//1/99+mP+Jx8fHOTkpf6ICX3O7LqZVmSYHxc4jdO3KrvIMCsYYzAh0ZVU+dvHuVJp1ohspHVv2FkzSfASskwopZoIbqm2a1WtEIHh4euKNhQgrGkDaaoUgkzpoMGGFFkOaMX84LSQy90PXD8eb2ht58+/vvGKXtON3e3EngiqKgKMnFxNzHpl2oD5cD7aKs2H4VZikgdk2SJFydqcn965ysKfgoDNJAXh60Hh/KKtgz4s2J9cFy0xhX+iQZfCbJfWxdToQNfinq+jkOPHvzWcdMbkERGhlMMGXTVVXSwMmJFwYCQZ/SiM0kP7smpJic5H1ujgOFy8f97ni3bF9dr5OssuQTaIcUtK5pLtrVX6AkJya/eP+nqb6jhhQcKFaT2KWgGVQtZg1vMvjHljOdEFbcM4F8C8Be8AWNVfAZoZukRWhy/x+3khJEeJUgaNmghSwghyKH1q5Ym3BP5I0ZbRqB0zv8tMm8eBWlKVwtGmoLFCJELQR3itWHwcCBRE7GpwCswERL5BTVgaL+DKNfUaFqi85vqryLWVVyYHAaraS8FD9jZVcYr4uZtyfCF23S2c7yXytUEnBfRpkAOMln9b4XNiyRiI202PAW3tZKzJQIcXtNqO0DhWN77BDLnRJUGsP5oOsRlQc/0zUbrdwnbXIYDtvd5vHh9ddfA7t4QIu2pY+16pWeqDeha11FX9R6YpcyfOVJcIDE5rdQDa31TkJ30uu33T1+EAsnkSH+5te/JGuUePOrV2/+/j/8xw8//HB1d/f67VeTRlCSwymoemR2jj2W4S6fLaXsRsCwrxBP1KkyLS8mhr8cP8cBZecYD0gOKakdXikmyul0kgNHrjvyWHSLheRgZbLlnh4fiE6kO0SrK2hRGatjg/oWWDjGbGuE5+XUnfrRMes7M8JnXEKxoDQlTrbzOIFB0XKlV8O+4KytqrhGkWuhLClQLdfQTEgvmgSif+Se8yNrMhQezi0xa3LasaTiLiGZneiSJ1ABSYpBx9klzVHaqOkTsuOJ/xNYacmrpBF2nIECowNBq6iiC9G57LRWlUtm0wA+7bHD1knW4SL5p5VFahBYxr7CFBJuJwwODEfXZWdNDD7bYaQpSwQbRCn40nvq5IWjSE+qbcSaEmLRI3MgfNaA7jaF5CIPowQ2mi+YVqvmpWYYyrxoOknF9rV+xUOtMupGiUQ6FGT9dS4/InHJx452yXA1oWWn+JMF3mEpNPTqOXtw7bsHheZ1TXOIZmH4vPkmHbXqD5z7PUpTWq5XUt0hqo/rmIytrQat4+mTL6i4PuntII35pPypiS/pYzO4RM+gbW2jyCZoyoDTM2hIXTJyFZya98goUIgdo8nHdGBh+Chur5zQtglZDcbzdb4aW3iBW7foj7YCSmaLyxMzQ2LZKBnKvHOTgDKiUHnobGoJaMjXTANZo4Aid5PI8Wo1dBaaif1U8psb4UYMRd4VNQArGe3LgJXEBHeN8d+1jUhs9nFgXDFJKc6CRuOK9KePn09mQlQf+QToVIcOqp6VQZZfK95D5YttpKdGsAFsFXiPikYKBwb7J6cgV0tnCaW3wH39siQrCYm24kBtIFw8FljV+VHOD7bUaGwV8FydCC3jXGcD06KMBWR7+eaag7fbtdBwDExeKimy3WpZ8NpwmhnmyMEbFhFkKozSbmKSrAKNZCepVC4STUaTJQEOwUMbHAbgqFLjki3btyGi+wC15q7pUnxxCeUm5zPG6xN6ln7yjh4uK0umiv8FvDQdXmYzw3MIwHC6GEYU3juA7QjZGkwFDOs1Ymw0/xbO4hAebHcao78e+56Y5GKxkFbu+Xk1/eMDLCM0VAR9L/+qx2YYSZdAcpjoDgdRHkax4sJIUHGjwnesIytKP5YWWcqXjVN5SbsgWyWZmRRN2P2nxB2Dt4MVMkn9wqTcfHLkZ5Lx5Do5Yrof+ndTv2N+rXYimqcHbAPE02mQE60jSc0DdTpnqxCzBxL7qOQaxKqFeQ6O/F7NUuXydnsuuY4BDnohVlGDRbVR0wQRTxbY2QRalgHjoKZ4CulFlSFVOudk7aQxCEwHpj1BJKzLQsq+P1WiDYPa0Q+2HTX7xDYUHwqTZvxa7W5FTlJF2l658M3QQy7QqEp8iHUDiK0tbSBKpkkU7ys4GoQ9J/W/o6Y+CLFg6oD7crTIRQ8CssHFZ7rKEMOtAAAQAElEQVSEWucLxcvDPjjTbYwK7LmCiSpta9ScHpYxn0ltZgAU3FPUZ+g3/fGx3+/6fhAnKMOOChyKJCRoEF10BmNuyfl8EanJplcSWD3JQHN9pLoHtLHFKK2+pakEegKKKhXaVdkuzOX/kZti1DoGBi5G2rZlunjSiVi5pIisc3sFzV2zuGlXV+1ivSTf6nrZLSn057xdO5tlCYtxpc4wKofjtmwDmQmr1XC1HG6u+kXTN4LMB1aBBK6myF7wIGWoENk4DAh0XMfYtQKwovuZIReRIUkkU4T8WWzCcMYJLKa8GLA9jnm3y/u+G8cV+bimcZnwdrm8WS20UJBcRNkcbDRFg3UfGHuULFKtpWF3sgLSceWRxD2huEogREhWSjTlHFV/y4p/Q74+ulMzpHYgjx805K3YjulpnB4RD03qW8Blk5dtt17cvLpdXV91XcsqKLtqROpklxKTZRqx+11mgxUIbnJU1LY4Lm+xL3HgS8SOMRuIr+i32CE/FU6sf6jHrCAZYivQijMwB2nfjq7nhpVUtI4axh5G5WMCgtOIfc+bjXbH9mnz/of3H96/e3j34bjb0ycqeJlgiNplcYQ58UagyVxfr2n+3/ziq7e/+Pru9avl1ZImmVudi8oDpouNav+hWniAblmGOVUpGs/OuZq5bmZKbYws7qkmAG4AurkomI6c0N2T++JAjmOywUnJ7ifHxAmLVcy0Bhi1pVusad+uVwKKYyj1wgTE/FQP8RQtUcoq6zyz8sd5QkkXTgcm+CiJoxgCQqMavgOfpBCPZWbO6FNHW+Hjk43Wbzbbp8dH8r1oxgmt/vXt3d2r1/Qf8Z0gclTMlYk1gWmYpEULBdwZ0oYWfb/bDUdt15Kk+3cowBBlk6lYNim8AOaAMH6Lz73CezxVCD2n5F9kee3/SbM5iTPPv3tCOCenzHSFOAPhTMyeSV1pAZtmDzQZyBbWEeCzW5o6E8qpYyGY4a+jmURLkyyHxLYfv7j78+7xiV77p81xR6/tKJZ4ZIUGtKdI4mTuX+0YvVy23FerFe6/5HZXqyW/5HMg+6JpjRZVnFgvGGu+I5qC/NX8GGCrXTlRfuoRMbqXKeO+g8wqUdmRFB88srjNA6Pot/pe0gRYBRu47v/pcXP/sLm/3z7e755oYrf7zeaw3QyMHDPIKqBodiqwsoERiYMu82Ry4g7Zo4blCcUP5nqqsEX1oVmT2coVWXE8MKU3vEzxRz/yye9zuq4UzuQkjZ6SKCUfqhFksw3KkWNBMVmYIKv6Jk+q4TFTrvV9Vlh07h/adJKtqS3GWtUrWvlp77MwND1HTsvzXxuF29HTrE8Ze5WbpAEyt9wxJVf27CX7Zo6tl1LMkq+FhLqEbuPc2nV5iQ6DaXyKrFVJNEdbnTKgZGwyxFwERt3Bw4OVVNvt5BV6kb1vxKOV/Wc2NQmMdnR+zq8j05Kh+lPRF/0r6n8DVxiyt4urX26DfOYLoFgfYW1Yp7ry+kvSSfpSSSdwVqWpTEeBrEnngbAVwioTD0t8f5pbuefsZn67Fw0KTk8FC4PUn5gzZiKdjFQR0pWIRffDwM0ZFwv2fWP5rkk7YQWSHCM9Gxmzin2FpKC9ffN2u9m+//ChPw7016urK+kVshgYBGFAcbohA+41zSIMWBGdykB4XtQMD7PB+0LJZpYc9czuTc7Btl2s+ydNdWRCB4zpJVT3OST3cUk5WzV4uY/rZzr+pHc34nNbovjrbHVwpv+dfHfy70wuV7Rkg+OCZC9QROSw/TBNx6vbOzISVF5piSGW+0M0zQ2viF6tULQuWZZU1krLT+I0TBUqvtQIaoZwVl8wY0iC+L6y+jsG5DJ4Digl00JV+4AQ5GD0nlJlIOmDKqe29BRxvljZjY6qKhQpLKtoJablJEPaKDxkJvuSc/5ktpPC6E2jJzaDhXgku7eFygCOG5YlKrvMxCrX201uIGtxBmJMcoz45FIfZ3Rf/ohdiRLj4kqfFrkA4kDTR7/3/VEzM2xWwa1htGVCzU9y7/spf4GLt5R/TtTH2AluaonTSGBJhn632ZCed3V1k3PEaky1AXAtZm6Wpnoyi8GGOYJAegFMq/Wa+Op+u+vYSL3aPj31mwM3SAL86q9+RfyXDO63v/jF7/73f3h892F1dcWx+TaHGVY0Kpit7sXHPHvc6qtwSg9/bGL4y1Eds93tXnxVHKULNpuym8engcOifBDtSI4sG7a0JQ7bHWkO7YJbIEcdDzyTMX3y4fPrfk5fnxj5c98C9+sIHaeekbwnxbat9BBQXUS+MXmQmLcad30WBzN7rXsKM3F5Xx7ZB7QQyyti1Jaa5pweLM4H4staPG2eKJbPwcUk+Kea4whqinM9hooKbraN/iTiHBfbTeqtkrF1dWSo3YnuP5NqB+/Fi7UvZBZiDYMLZ2vg0Zcyi6cHlivg/JOQ8sUYB3MDpFDMntNIVFHDeizKEGZXd/fHTPKlVPDXk0s4ZdpW951rSnBNXX0/YJmoWT3VjWfvqbmmbgzwmyYJIGP4qspoZ4yw4sYWgK8+iauZPhQCRJMk5nVvKvpNemuQftS11SxwD8C4rZfrIaWZW1C0Al+WYo1rOz9101SxozBUsoZ8YvA2D4blLm4Edj0kQXg2z7iAty0W1k9eR2kORLm9wX5wHklUKgvsoo/Ld64RzSShOtXm+WriL+PHEeDgZPWyFn7z7xYSLnxAHglPCrl8m9q6pULVtdsopjYYVXXZVAy35wwEYaNpzujcPLETNLSm8Aw5Im2pXtWPHT+32CwMJhkd5yK7TXWUbLnUOKxLvUUqbpLrNY6ILVl05HE9HA5WuWux6lYlkbpDlKRqC9bdOf5rrM58XU8exQXERW4E8NFmyUHJHjw3X5LUvWUofTcUMyxrhNnr5UW5G7Hn2Kp2BZJQrw8dmhxbF8rTuWMyuaNYQF84JCwxAaiAdExJm5vCnhKDMTifJZsrW82yLlCVtpkUc8+aXvBFx0uSTk6nN6XI7stSb8y+kam0yoJqFWZfNH5m59D0j1qcLa61BB+968sGiPMH1/Ibde8k5ngLpyvLXlOWayQBJqemELAVWU5VEoYNIFZIzrYWm8nkF1aSnYXCNJWEEUk60dFOFinUkn/+uhQENEfEx3F4N3LSCdYwGCEjmMFKKwILRBWtwDnYLAUzpRPtUZ9Fnr5KOjmfT9DDpW25lG/dWAo80U6rNBlXPfzMQhw2SZE1Y/B9juYW90RXoOxnhTgDRaarHyH7wNLc56fjwOrhUNMCvCgebR/FSlnoIWME4s1LkF/EzcGlu9O2DLFRHzLkWQpLOIU1AS4myn6ipWownBJCl5ulBARaAdloUvEhh8PC+BB6BMWmqqJ/VyYmkQqjVKctyDxYLOnzURpHbvrjdjzSz51inLDPhWdLPON+tZxMRcvmzwEXuGithDFVGwKK2HHxqvkl2uWC0fUVfmDy87WRT4BMudasGdWAVSK1fZ6SW+T+FZWF5B5apOYmL+7axavF+qZbXS9XVysOX3OM2WbQo1JCwKYw8fhghDzk9tB1/dXyeLM6rLqxa1AQEZN5rYxFB3ngLNzuYlm8Ny2jq0hFkKF6yH24ymgQxNyJOBd507oJFiMshtT1Uz4c867vhqEbxnYaKGR9Te4BMujIxklaHq/qPKeYCAgxM9mJM03RcAh19aEc2Qu9sjQbFf9uzhH8aEzD4dE3Kj3J4cwlXsSmBvLG5HanSScTPCFuYTrS3xeZu7CvaXCr1fVK1He0hLSsQLZKElqgxUOK2BjrDymYzad22WdIjJ98yGyFJglWFcYZJyrIPB2zVkSdaRjAiR2+Rww9XfoUcitNRis3/sDQHQrAQ+Q/9OPm4en99+/e//D+4f2HLUVkt7v+0GsWgpJnUtLnQjhsaRuvON3nq29+8fU3v3j15u317Q0p/JI853zERlnkxsVnvvDr5Tl3hSg2IFY3OFe5wTQWhvSgKP7hyBn0/VEyThjlQ7NDTcuU/DbidwspJaSYxWq9WlLwg0wYzr4zfRbNH1L0fD08I0in2tbLkSecd0l1CTsbOgnVcuQ1V5u3kECa6zaF78p7uQLt6txzkc/T/fsPj9z1eEu3I9/Cze3d3evX17e3XE7G6csOXcDJYZJ50w/9sd/T8m43u+2WXgeG0DiySlpyaIpgR/ZmBFZ3mtXfQ+WTtL4wl4/ianhJNATh3DWUXnbMzrvkczr/9QXXxtMLX3wKPH8H4U6J5QuJY4qAIJc3ouNxD9Hj8bjfHzeb/dPTfrPpKRgnrY4ii0I5VvEAqWyXanAmMK4U79oF55fwa7ESGCPaq/TiHlo417ISGP76LCxTy8/00Qf9CUdN5x8nCigmSgovkaaQxnBAH8WwyhSHlaVVv9sdySf59Li9f3z6cL99uO+J2i3LZEBrGWYlu1LG0moSRgm6KzCMlyTrkMyd7oSvo8OiGJ++KZI5VKPqhHNyes4sLXsToPj8TgkypEP2tE7L/+BkAsnz0GySklLT5sgRsbyQ3GimCNd5tNJRqMmWcSK9mVyg13JeVUsDAjQTP1tuspjU9rMUdCRwXRTLc9nPCofQDZPq4eKIsyasIxyOcAtz7lF7adL5lP3IQ7aikiF+Ch0EPs1w5AJm683W9YyUjAvXL4CTT0xp9gmH2pZJ8cnZhLzgOL11rZrCqZpaH39JOkk/V9JJxXNMHXF4ukATyt7NHZxuQ4NJSi+5+KzPbveSI58LEHDkJT0h2U43W1vHyQ0CD9wPiDQwUnH8e+ac0iw5Kb7nFEAaJ33lKE0iSZUiPfabb371w/c/vHv3npTk1fqKROF6tRZkP05GPxx78WSDRGoamze18+XijCQP2rZerTuQjouTeoo7CRFxuRjr0GiyIUFRlmw+of7gE/P0stl8ic4U4sQui1+Gul52/DHvFUclC+1XdB4UAgUizH92shsS1Qe8emrvK0dX8cWFNxq9yBT9Iw/1/kA6xb5dra6ur69Xa4oKgnirp8o5ZsSdrE+2s2xPqCzct1BA7MdJSyc1D4M3YVukopyiVUryyh03OGBQCQZfEzVR7Hp9EE0cbdzfhDkUGJjPo1VG6iYd1co0uyh7wqOpGWr/lJzYk1XB6qdvXTQPlU4JmCdJElwMsxN4+IgOfNI0kn86zfToNH8PJv/CfLLa7hrFK1UqZj3aF4mDTx0wN8I/tgt8ItQWVNefPCk/6vHA8JJ2iSm0E3XI6dfVn6LOefOkAJw9xfkzuUs11Y9fZk8PrE7gfw9Pj0l6ny2WK+mAAODBbH8SNC9PfZcyB2oQh5puoVJzH/MSc+edZsEpA2SQP/zhB3L67Z4erl+9Wt1c0+Ktr67p8t//3T+SA+LN12+vbm8417vqr5TqOFzFB55ZVnAtp+o0cbp2fzn+lMdsd7tPVehMitAkQWO3328eHpUnNwJxFJ0gaEscuHBmR76P5XIJnlObvcPA+e3ijs/ZAx+lqMsPkWaKH1afqwxSUkxBLwAAEABJREFU1pfEC9Mjgwp0XjkIHlFQxcMahOs+15qUpJXpDGfFqSeTFI0tOsmSpQ022tzZznR2m4X3EusgNxbddrfbDdL6SuWCSAazYzn0Lv5DcQNZnEUz+Wi3Ljp1mrKRbK5x72PjjvCIReFsYpUzg01EvQbJDXeMVVeJCZc5aXyIF5NOQi4U1cfY3VwklWXV60wwl4bBB7H+RN/kYKCgFlVyfU8c145vkGzyAQo0lc9FMlQmRSMDhRPIhuiXs5cIpAr5U4VHTq4YCFuFUBfSTDkwKnRpGDq8ohHoGTh3aNnjnZUBZWOWjvli6bAIXt8Idd1Mwog3JzdcbTdgrXjxNSUWC+ojpf81KqB7wPJFUkxvMUTdH+NOfi4EarkrimRLsC3QHznRvCFqX2QBNcm+0PxPLt4KD9+bwuArOfdmZIdDrLLyk6h5vE8E/SdV1rVOcuWNqhhC8RfbfHvwtzxaLIY5dGZTVis//sW5CXnuAY8rN5JhUMjDuQM4thCUkDN/UGEApJdYKD+z/IyoHla7yG5sAUgG9WReJW2S5GFPVf2UQu/0Syiv1Lnux4Hkh4RGdPe1WrAvqdwMKyW6diPIABeYky9QcASZ+HRuPkO4Ly89KTyfdIKzaLZa655TXtbW+n3YquoORmtsghzxGPGIknTCobU8BguVraEdFXV2c2F5QcDJYspaDwUpvKSufqWQqaahJmXvihxZMxzbe2WH5yqg7tLC57R8q8zip14/JunEWaW0ahIeFX3BnA+nZ4xxrDRknXxma5zuuXjRFvroAE83tsP6IUOqHOl3Tjpxdw0jC3JU18w35xci6c6SThxSsjCieFh0SoXiiIzkiHKMgnhvckLSkFT3V5+6XUcuNEoZR5/Sfd//MPV7HDBXu9PIQ7ESFasFT+RRmi9EKqZfxR6Nm+lmgJzPkk40g9Alke13e3DP8DMWmV2Nqr/Nf5tiGk1XubBoLl+mwr58pvWruewPf5lhBbOHlQoF3cvz3aaHo2gamhtYD7hKI9NHSSoxeFIac8pnC8nnyAvJDj8OtVF3dthuD7VGGV8DuXxLNJlSQJkKaJaHTEdtsSVFO5iaiVxvzVLxPxG6pAFZh38LV1vy1JtCsoVoLQ0lBxiJSW/SKKSRB2sLFOfcDsfNcNyN/Z5eFPdWT4TW6GRwVTx5Hk4TMw+h0KAvqAYYLPYJZd/ISzsHaQqC5Hho92FUzdmvWPBfU+gq5ihC73Jm14w87xDNsj+RpmsNDWectMvbdnW9WF1R9G+1ajltI7RWc/KgVCfpFhNLI1M8v2+b/bI7rBf9etkvu7Gz7jh6ozqdQwcSnETTbr2elYuQNeNE054tcaBnxOlpIMbEWSMNKWmccZK6IdHPvO9he4DDsBzHBeAS0s2ivaPgOxFD4txPRUaRSP4ocziCeY4mKEswpwmw3Kdaq/NK2mzyWdmLfcK8a0qScUKSMXfkht4APCE8Tfg0TVvi6B2pAk17tVjdrFfX9M8iJ+8wp4q9dTOxJaPHJ18WhWIlx0IwTrLbBp8UCp8nNH7iwUwo/GaqS2tTm9Aq59NrG7y8yXaoWsUZEL30KhwtKTEJRFpHcyF+JemOza1gN4+7D+8+vPvuh4d397vNrj9wfah410UQ6xILfgmp2+ub1e2bV3dvXzGgxpvb69truhapZRIJNl0Gcprt0ZSeUU/hwq/wzOSkoHnN4kvJ+BaenQoKgcI2OneROlJEgxMuJOtCUZ2cuSJtE21+RU/B6SZX6+VqyQk0ihRlLUeNV0BtBbhNUlJOGLFoHKPcLmU1oxjXpJMUH6HAttXkKrwoOs/lrK5poQpuiLN/fHh8+PB++/REv9JtiMnc3vGKrK/WmlylLEKy62jTj9xYhLMahj2nmmx3m+1hf6DZ4FSkaaoySJtKaS82rOqxxfZPsUy2zM6R7OXqTEBvQnzvuQPAEDsvfP7Mm3LOOdVUQ9QzwDUFqM7/SK5Mfal6zZ875+xdaR7kZIPO59R8lrqLaRqO3EBn+/C4fXg4brf9jtOAkqRE+BLaU4MrCqhDkqTs3CiAU8sIPYJoslgp2AlTtgJLqGI/IczUd4j9BpVZl4q2cVHp+BIsEdwh8IJzbeuV96YPoqnVkk6aRKJNXIu87/eaaPJw//0Pj+/eP77/sH3cDIcDN+4LuhS9wvA3FDbV6rkc6sPSi9208o2QKz1ZwFbcQktGXqGfwIWZ8j9ln+ezpBNZienyRFhLwxSiv3bBudPPk5cFRjlJ+qkDWoCnjPhzszlNsdZGu0iIf9c+zwpJJx9mRy4pkFpnCqpp0j4DRjmnIBdp9leoGq+Ekl9pvJeP2tPlpp6LcvVOYFkPl/NQsSGYs6oXHzjj2HaPMDwAZheDyy/Rg5796+xVZINxrvN5fMFx8hW9TjVk+9PJOiFeeISTkX/qxlDNyew6f0k6ST9X0okOIBUxqeqIZJiVvjn1IiWHGdD0ilw0SKhPnis+nxiUC5XZrM6cz6lQnYY2J0eF44L45YrUL1Jac1BwJEZyVF6BgdkD2EsOLWk8pMV89fbNfr9/R8cPP5DCR4+gpc909uFAgR4JySODhHecHN26p9Z8YOJpMrAg+cdwothY8jgNeZGkA+WE01S4UTabPtWC/iVU94LZfJmALCLHLvvzJp38rBf/3AMuvMFgOsWz5fNTDOiUArLGyXtSfxRDu0pthbI5AYbl3ybSjfd43PfH3fF4d3P76vo6D4wXKq4Tto/CSVdqYVI6N380Gq+fo2djmaZogRUz6926x8aQvdiTpYmhi0w2S9MhtOymYTBKmGC09sGq60ndv2Kfgk9MRSo6CaYRSayBnZbsl+YAE5jtkYz1ayKEoMpD5WFSS6ym5UrwpLogHkpCULKI28jxTgHaHRXUXf6gcGFG+5ZfjZXYMewsm0aVqXBCl/6YGBjyOPtj+snHbNN9ZFP4ZJuukkqwp1V8Uc63O0qkBwXPH6qvqjMvmZkCc3PRWChc5CQ107b3KaD+1duF5oeyz4VvQHPYbomCrm5uSWb0x14TlG0NzEmabIFSbC+LryqJKG3YY2bNxBWI6UmC5csluwK75u7124d37w6Mzzk93T/94le/vr57RST4q1//1f7Y/9N/+t/Icn/1+u7q+iZif77ytqMF/s4S50/WFE60EftQ18rqyWr2+kVI4i/HjzhmM6+r4hnkKEknggq7GMaeHBZaL9hIw2DNimsXHVEpN6Dtj50UCjEhK/86dxM4TzDhX2XW4iwAkz+DHuZXmItsyzMMs5M2+PHAYCei+QD/534oExPKZkc1etlBLAxSmOfI5D4eh+P+QN6d1WqlXt1sXcgMc8sahbjkmWQO1+urp83mcDiy01Zi9opnSH9usvkO+WuTFkFyDoqFQZqszisxIu1JDerbGXssHChIdTiCpdQejPdBsqZd9qRTMV+xWv3L/hhlNbWzD8uSKkcAx1Uuf7XggKKAGZq588PEGPQXmcZsEMW+1UROlTaSoaNqomF9QAA4Y4TQvE6lMCELTnDVioJGS2U36w1NYylEZtmFlasaqtv1/qQQGmc65V1FLlcEObMlMWrcjYvOrqPRljSBZ3ig0h9KQCs79SgaQJH1LrgrcZBitGl+qIEh3Y17lftZ8bqTJqf7pIU3w6TT5CpE0hCHxk1pAgeBsCdjgMYoaVLdDLtFVggNA1IBS8bY79w5SEcF2cSXR8yYmiyICoie0aVhFoYqk1yZYit5EKIEYk3gx+Qb6aKXnYdorhw7uqHQ565aVPs4IgGpzP+FI/4kiQLZ3tnJk+5Jn0zFSFCq8HSifOKTufz6mY8ASysbGqMuwOd1clhKqOLGrkfpBHuZnvcnUg7GcBHTJAx1P3JnSQP/le6VmmDBTM8RfrMNwbexjGvymyRRtVHinsZOz5ZGSe4ih4PnUiXAdWm6qPYu0WiOOyjFY8ltQWWfcqRTz8+Kl+XNFBi0/jhOIgCAk04mw+61abMoh3UuSz6DmFKgJSYFIRAEad6wMrTsfrgcjMAfFsziyI4RnGbuMydRNNWYw8/+sADFi5fqNy85XpJ0Mts4aJCPSkjgSSejtYmBVJb70trpU6RSWsoJPhQMXizBMzLhZQ8Al66N81+Dxx6lSfyCmxrYKibFZ9L2WJeSTrC+IHhiYsjQisvoORkMOm5y0I5qJdRpE8aFg/XrV2VI3gKee8PStB4mfBj791O/SyNWY3Ni0MtqJxEmnEg9gUqCqky8KPvAWJkxpyIC/K/1aeVq9ux+KTWPLjUXUwMuojEJAC+aXm7zxk9w4w98ABHOq+xj/nzyast4ZJJz9ktAT2H9xKYyy48R/YpyM4Vb0BwgVPr01M3kmQTJu/b4dtCf+FF7tuRJ+iwqw8wmasKpon8ugQq0HAwBvbBHbriwBhbQdCRSk2CIpYKdbTfTLD5rOubDhVmGcl3LG21BUHpHqqpAKgI5Avdjvx2P+4li3OQUHCKSrAkrTkMx+RZATSa1bb1UjVXiMqI3cItUxPSkhdGKwjokg2lxfiLkA6rX4OSkkkDVLURtnlazDVd8wfa/jKHBtITmBtpXzeKuWd60y6uFwiXQjDaan5IlRVD2bp7EuWPQsAmHlIc2H5tmv+j2666/6oYuI8MjZNNndBZ8nZOtopr2WPJ0uX+HhCE9NV3JfaLoct8jg5lKH+oJW0yLEbs+dT0uDlPe9fkwduNAxsy6ba67xdWiXXZc7EWTzL0YBd1EoGLIWzRwmf6ojUBdRRLlKVeHhrdUfXGqMMdaMAgFQvIFY8nDMCepmZq2b5pd4oyTB0yPmDaA+3aEZZsptHqzXt2sF9xAxHxSYG6Ryfe7FTxIxgktwkKbpMCcjTmdlD6YNff4+dWqWEVMlSMEBeNk5MqEE3MYKg7sHzpKUv0nToHofVfxVTQDopMSBy1vJ2t92D1tnx62Dx8eHu8p5r3tDz1DlmOq8+p0Gomiller9c313ZtXb77+6vbV3fp63UpyhjqvpBJQoWWKdYi1QYkVw6wuXh0QPy78KVyxSXthu6g1NpFTbGrGMZWD++ns6R+OOnDyjUpJja00Cg6xXK0oPMFoRFfcT4e2K2drqRcTUrQaSObeExY6lR6L42jMTXNNHNYqaU2O5H51EvZttE2PYlClyh0KFZHhPDAU7/VP7F3Z7Tln5Onp6fGB3Bd0qfUVHddX19f0hjG/7WRp/Sa6wsjNdOib/fHA4Xj6+nFLjvNe8pmgMDETvJW16+SVitPXB1TAF91UOqVpXSmI92n+7vxwiplNSFn+yjo+eQMXWLN9qb76RUn6gg2OlVJ0or/Utw33in9gNI6l3EazBiTdgZ37nAF03G92mm6y32zo/bAnWj0qjpSKLJffUXtiAQLays2i7RbSRofTyJadZDfyR10H2RtniCnvXWl1kWNy6u3mRgZGg5CPLVbyJm4/7giSfsGZkfU1+Xvw/q6SVZ/IkdeTL2/Y7zfMxD7sHh6fPnzYfLg/bHfcmb4h+6oAABAASURBVIhdbZNgn/AzauKEZkgozDk4EIgKscCEq7anUTwoNkzRWyHOTJ6jkk54tVm7+jTmqPOOi2onFkMMcf7ncpTd56zVgktGdQZe0lpSiKeVQGNZJgrmoqqc45q0eoIEVBV1TBs6+5lQux5mzNuMzHiZEIWZZv+MQo4u7aytq8vg+cat8xtcya8uopVf9hbBunyjBcZSZCNLeiGao8AuiPOXWE+uUT7zctHlvZwkqbFeHRT03MqKvWAT2bxg+sTLzAifpLIRoJoTGfZ4Sic+IemUgi42NcOwnk4unKo1clUb0nlw8fSLF5ccTh1Vf0k6ST9j0gm6GPdEE3WqhgUOVZ4yOhhDrHeKZo21MQ9FRLxkUNU3Z+OqPxX3nBZbUFSjE+MCSWHb7ff0V9HDFsZdstv2Ur2CCnutHbTELUF6jF5hyWEY/PD+w+PjE6m+dIXVak2WkDQQBtJ/SBMkdUhSgFtHHchlX+m9sFpCSKM1YeT7sTa3aIkJSAZzP1mFRKXPqaKUZ5P2/Dx94u+ILyWSmRIJKeGXoa56LOmf2QHlp0gYVMF9QoUunc1smBo714RZToHNIU7WKXMX2QHSbku+i+NygjuiVHK4kHphF7IyKpXzprmpyylcBaV7tNYlOaZuWHRW+Sef0JVBt7kV4VhQn/scN+RXIIHfqW4iHJ7LxEZTDdCdwdXQIJhAMpU6OSOXiJqEwrTDdB2XCrYGYbZV9id6XCfUp7KF1BKcUlyi0qAlH0ERTyYrjEADVk7m5IbQeX1HQngJVcUIEyU04yY5zsGMFdVYF+XDL8D3P7FPYaY3hTopDhEgBxGpYgJD2pvrqvJIlmUKhUAVhFK167c4v21tVcZpNZcQ/PBIMZR4sFCX5J3st1sy9YmBSlG3dTrQcGWqdVqIpxLnTTlUO7HyDhuC0gIFWVn1bEXtzMOx390/HB73pMC/fvuWhAHZrW+++cXT0/13f/efiXJevf0Ks9GY3qza3aYgwouk7kyHBJiR8ennfzn+WAecuT+0U0ZhOIwhv1yu1+LOYVBWsVDUmpM2VYkbn+2enmgbkZeFmwpXCgx+ak3hNO4OKX0m2mrc69K3oMKNY/czaw+KOaw7QGsdLOAnLFJd82MyV7QYuqT5jFL1M4zkKaALkUtT4TTUR8/6iYmyIoci2YXudOzJ58PNe9VYMkhkmWZtwG78hf274wRexYla456l+qBBD7mEQ9wkj9xGY+nJNbwU8rZi5O6PTBFcRwdDnjsMZ4c5mfCc2db7Fy8lnejAUvArgLMsgHq9dPxYPvEjVtNkiQahvUdxjECNdYlJmHmVQ4bp6ippWhv5pMEFBS6ombqdH763MpGVOay+9OoLdsdU+ZGTFt2mVDNJtOWF6ltV/aIEfhqwNTWPJsSqsjgnN+aCsfBzmIHJjPmyXvZjvmSWtCi4EVZhqWm7OVcJwdXq2h1SiE7VIzBJLKXJHGlXUMJJQNfZvybFzdJjVAUH+lTk8FnI42MyTQd8r4ScsZWz0aXJ8b7VcSTRukazjtRZ7KMMUrOtV5cQxWTrGkA1R2Xe0kywlsWdUyvE9pt/iHMs9FSkc5zqoYbQngDCPyAWlWD8NQB/UlGIPj9RwFiRkS+fkRaI+jjGbktzNV+pW+OF/m2mw2FSykHJfxKmLI57paxOQAYEQ1oK0ixa5aNLCYoNAU6cFhT1M0+YVeFGZwd8pL2OjxpGU5Mnb0VlNQ9JOxDohpLsOHGXamBUkk44MWs60Aunga6TYKj6VUs3hOApzgT1b8lnm+/EqXLS+QIbi4ykxsrGJUxZrmH7QL+vzryaI0F1B6PNUlwvn3hZcMzOy4+XI53ADArLwlbCirNxjGD7thCzPEWoUmPU4tMPNQyUBZceqzZnLxj5hQMvfML36snHoa4PB7xJ6srUCX8G6aSe+XD7QC3nQm56ex3he1MI03hwhpAtDtxG/1QLC+33zlhsUrROgcWHcXg39fskiZYyoPkSF2el/BJsOcXIbXypVtjigVSK2YBOvVjz00KY+BPFauoTPZt0YtICLEqCM63PdKjQceRN8H+bXWurGCfr1FbZuykVhUHCEmm2I8N7WBzOHvM2D7UPxn5iiiXOmhSi6UQ6TWC6TWzd+VEZ7PHOLma5WgIx5aWo4CXy3rFLZ9LdyO6hMInnMCd5Ae0iKaiLoaHnVIl7mzmVyJKFcuaitPsGVctBJ4km0E5SokY68GY4Ph53HBCeGNZPpzFZ+wCf+Wz5Cv5JTQwIAd/qa1wtmc5YtKKSHiXaYYe3gsJJpdo5caLPQhCC/1RSSaFPzJeCrrRumrume9WubprFzWJ1vVyvlhQIXKQw7Uvpf/IWxPpvGhsY2q5fdftFd1gvh9ViWojqpwnQkrKodFMkX+Ek8siCf9VInLtlo74IPsFlPJJwBclQbACbKXUTdkNq+6k74qLHvO/bflxDvu7addesF80yM9QYCa1WyCNzpHRgJWyg4Q7OHMqsJ/XANurwzgV6Qwfnv1jcXf+gWqDI9MmWskVBOhnbtm/aLeQHxEeAbYI9jWDVtNfL7mqxvFmRHdp2jVpn4LOBHJvMyZ1+NBtLzjjpYu10DoNOylxeOj5L2P24o9oi1vYRHePEATNiMEUoFxnhxkKd6TUI5IZqIGCewIbb47YdfTJJ27TdZn///uH9D+/v390/3T/tnsiPOkmvj8weTbY5Ws3cXV2tr25vrl/d3b159erN2zdfvb15dUPe1k4Tm0wOqI08WT/0VJQyf07/6Ww1pXMpe/HDFHFEs02xDtqYXuQ6sxkfknTSHw97cVMMk0PSCa1pHX+7ulrJsViuFqs1p4cJZYo49nZ+xsvNdWEi0KFNJpnnQWydYYq8TuHjmmXCoCOaaZLdD5rPaS/VS1z/yZ0w3BmHHkQb4myfHg+HPf2JBnx9c3v3yvrpKJG78ZAkyWaUWmCahgP96KV7C/1kzy7zwCYVo9CQrILka1UaK96IldCbLdCFo3pAtDARfiogglP6xAl4ep3n9+gltn5yxtwEcOdH/Tq/w8eYgokd1fpSwWAQESQrw53cj/un7fbxafPwuH183G+e+j0zZ43tqvPe3Bexh4x4gJsLSKcwSS7hXDoFLupWS26jwyqoB+tcaGJol2qrfewpzN6Fn6Akv+iLrmK+4Eys9SjdDawCS/Bx5Dysfb/bk5/86cP95v5+v3nktkTDwOmVbEEboocZg9kyTtRvmaWkXX4B7R4HJrTAN4RpslAVv7n+VlIuvPK3cODiQXFLKrkWXT129fiRMZDSpWovqO8u/1QefskgUdB9BrZpObewYfAbzzhpvHtO6/kl2eq03FhJgfiXZlJPwmcTer/uS6ndJxZqqli9nh97CCvWEWzGnmjG8QBq9MXkoqS+unyIcVfjCXgyFNGb9L74XE7JhJ/MAZDdM6Kj5YW8rvVbExNYMkUwbCd0cK4ivz72KqfOxnUy9Vi3LKmmKQjphLO50nrxgJPnvXjCTKBfvNKFdTo77S9JJ+mTBPeyA+HCwM0oQrSsDrTO5XWXdAAPtLhnVT1W/EmrYOpzi87epJcclwz9GeeYEzWAQr/RDtnvd3TQQJYUZFoxEJ/gW+bJjNRiwCpj1X8oEkXicEXh2wxv3r6mhyXB+vS06TjnhGyZZdMuSQpsthvSghhglAHnluApBUlTErTJjrJw9VtYj1upW5KJpvnR9ojk9ePsbGksqgBZwZSltGymwz13YDVfp/tNOdKLaTKkjo4h4ZehrvRHPn7UDRFrTlMrfJo1UuQP4nludHE58fuxrT4WBzLqXiLKQDaaGZfaqs/3j5tpf3i1vr5dLhtNoDDHsdASmAGhdBvujORFfwhwGkGr/H1KQuEDVfkoCoWShZT7A0vzFhpJ+xfLhww/jxqgNmlQixqiSFe1GSwiGjynRX7LWrsLKSxPsXnM86Vnih2l4U4btgL/6PybNyLU4FrzVNdyyAgNKoi7XC0oxWZ27UrS883xZNMD1rEgYVn4MOmT5rFpCMi3Y0oG2oy52pWnutRPOGwJ4ew1V3T0A9d6TcGWSPHUSrvfw35PyqyOE3xyoQw4aCUCy35ZuMwoitJZzvFn97yRJDOWXGkQim+kTmU6kEq931/d3axW1+D44UayAKfSQdmzqcBWGashwEmbWFsgyDQbUk6FMjN3lAbY3W8ODzsygZarq2/+9l8NdJsOvv7mlx+++/7bv/uHt7/8pl00qrWju3p1OxvxqpFwupaV1lnenCSdJbfQ/kjVRf+ijy8jdEwBFsoM/oja8mm1JHcGOTMGaaVBSyjNoY0RkZqz32yIM1/dXLeKghAiEU7GOVtuqHZrMAZvloF+Pnz8qcWOiK/Uf46iHnUdofZgpgdRa58xRDQSoPx+Mj+WFCSUXHGJGo2JHDfDcNjuuIrCmkBIu2wpE9eiCdSS8STbBSXmnbmFBFmG5P45HA7CgFBbq9qwPA7PPkeul5VEQGHW5ENqc7Z+bk0TDG7ySdcpCBbtq5gKpwjZl0SJQrQoSErOFEaMOSzyfGZO+QtrW80lN8ZCoKN5lYKEekls7JYz95wsgGCtqfa05mQiPmkNceMgl5CK0u/Ei5GjryAoxmR0fcTWzslcrSolk7Z1aLRJQfIUSZES8q82A4/njyeo6jXdh6AKQEWgJc8jlS4SKaU6oqrqrgtWRXAx80Er9VBa3oEkKCQO5+QFe5PlFpMtVb1NaiPYzNli8xtNaB29YOuMSi3S/D6L1PCTwV2RqVZcTEHWQhsJoTBSBZ1CsVj6fLFYkqaO4c9TTch1lVwwexTJBD3HVu/jsChsfSSt8h8VjV4aFWXtX5GhU+Vf81DkEyNufWgjxROGYMuBFcaA5AnMyBV8TQtNQgpFSj9SyV5LuAQeEzUSCcKsRTY6XK9lKujqI+ezSdsDuZvhGmEoEMmsktNN9YnjR9siOq74uusQqj9m1wWzrt0ovnjUuoEqxlb2sXCESXF0ZOqkLxNfQ/T5Yc8WXWA3NAbkI2KoBQcL5u2J5tbxKUxuQ/uSuaZb8S6XMYVTnR2X49yzpwDQ/BjFOfHKMECDrWMRMfk9SEl3R7qt7JFslhHp1TMzgXEyupykliP0ylSVl5rP1Np7yBvBOmo1MScnadmt+MvqPk0zbcqdeO75xxK6URXOjSOnZFBAKdnYnLUX2DI1SaRPHXB2Ttz3wtTrsDQzw9bWChQmHSOcXidYsO2HYJvOQgRGgEOtreCu5ReM2Qeid7Ff40OcnWYJcAxTT9KZ/LxGfQaXpDErqISx+RQnr9T2OfI8uiIS43zzVU9quUyeMuASRs4ZFXInGbkr26RLDnLNyYU1I1ExRlY+TulxGt8Pxx3jFfiiV0qaKkCCw+BDqBiIy6qpWsm5JaKzkMVOeD7pBC1tweQ2uoUVKopJ3bPDk05SRbQm9ifEWCtT2KRqWCfAb1tsDbmXqkKGQWNtcVKutRRFTXJ+Xqgi+q/b7bU8WTJOokLXCV71EGeEAAAQAElEQVSXMDIQTG/IjSUJSX4VFHHzjKJbfxrpsSZTqypVbcMlf80xacpV2D8xefslLb/mlALyrOQ25YXAnGQx6hpPWgkFJXBhvC+KIdZVOwMtAw88OivUrm0m6K8UDD5wSx1ur/NEoVDOq1Z6szIz8zZA5M8IazVysKeXbPhS6+t+f9evirar2VaTqyXaRthr0tJpWVrlBsLkRkQRFmCqRKU2aIdyHjp5rK6hvcuL27y8aRbcW2d1zb1xxQIq/qakdbG2uTTvhLGv2jx07bHr9qv2uOpwtZB+h9nUCuXeydOelAF41MGC2pJ822p4SZRkmXnJmj/2I5k509SK/M0jttzOJ7UDdv20OE6LAfNhaMZx1eTrZbdkQAzscmpJxJAMFoCeLEF9YAQvbmfA+pttmRTJhZLe5xprpRVnW00jTN22yZT57PaDtbikBx9yMzSN9NZJjzg9JtzndCTX3yrTzHbrxWJNQdZOjTXLZA6adh27kW7vHUOcSP1WNHuFwtlDNUDEMwXpy/kiPqJ7qUwIhAyMfi0l46SyfYqHWhlsxDnBuXaSpBNPCVJ2AkIXHTtDOSGDES8ePjw9vH+4f/ewe9odd/00hkwtQLqJOxO113e3r796c/fm1d3rV9e3N8v1igzlVDhuxWmVn6gdEcpLsQBnwZZLMwIw/wv6E/nYQvrNpzCptGJ7Xkz64XA4DmR+HHqZCk/rzwpqwJEDoorlmnNNJC8EBCtRtqgmy02m3zhIkjVH1MwSEbgk8bmbh9yRAxA6A2qfcsvRRdcuWmmH69w+fVpnmlltcrtBfBR7isdsnnbbDaeMSKddBji5ZoCT5XJJRP7/Y+9PoG47rvJQdM5azW7+5nQ6R70sS7Jly3KLwRjb2OFCHA8b4hge4V36+8yAMYABSR4ZgRfHDuThDELGgDzuuIMEBwaxE0KwCSQ0xvSQh21sy71lyZKsxmqPTvM3u1trVd2qOatq1dp7/805+k8jaX7a2mf9a6+mVq2qWc386pusgcQu0YYpS3VT2Sma2dROHrpIOrPKTjlUs9raGuABpOZhbOhlaJU2ObGU8WCnI4Zq5l/QsodKHyS0l/HdmaDPbILmtgmS2lHvxyzrPSaDkOXodBL30UFFDZ1xmwnDWRMTnySj08lZfkGI1TOe44sOBzNyWo7bW9tnz463NmfjsX1DhiIpswGL/NlgH8HEHhEajqRDUdELFyGrT1InZeniLpOODhlb40/xU7LBsnVTjhBFcHkuJdSR0JkKvpH4RJ2e77IH3ytj0j8wvOVFpDtpKUqU0uAOsGstGwpLNJ3ZPGSuyXhzczoauXjZrrevvfI2ZUGgOtKG4/R7sqPi5jULevHRyoJ/zxi6HFynfQOFLRuXX0xc8rVINMG0JxImQEL56tSiztY86SSR6gwdVibOtRFwCh4WqxgHB31YnKh6orzyDWvgJfq7SYczfExIkq/7mnsc0DVQCy8W53ebMAwOn7YYcv54zbOYU4B+Dif2vUPPJ8lsPtUrxJjI5wjDMxOb9Zgk31DFTE42cIfP3OMY6JDI557XP2siY7IAg4l52QNxaOevHork/KkL1QcxztL4rjCm43bfy4LQoLYDlyVvdQniftjZCuJCIZjHxSadLAL3TuSel9jhPXJJ2PuzY7nb5aOCXZ4rp4uPhqHysDIiBRescx9yD2juLI7hgU2kreQ1hSJmF0jGywSTUezeTZ9Hpw7Ek5TnxPNgOnaJkPuLLFVte2ykT2eHhA3NGrtmrZXnYgPAM/IkSKkwMAd5qIPGXuaK41dsbJ49+eSTp89sODqxvQ7F41Z5MZnVZze3GuNWTtv/uG/GcwLEeefpO55rR74Lz35z1Ej+yeZOz/Z/bWNdub6UvbEbhzgdTu3GTBhKQLdX1I4wk5KSWpr2z077B3si1s5gL7BjMAHx3Ar4HuZp7spLP/NXNOdxn3MBJp4JBGhl3v13WLXNY1RyV5N0e6Iv7v7RXiub3x/6djc0kK71V4WigA9Y9icAp7e2dVOv9Qfrg37BIjnuhEIrWj/h5n29X1xDNLZUhlns3K3/UKbzHImhN6TCb3hNEo+oM9OaX+oEGHDMLMxsUea6wa55gMYzT9ziSBciSjtCSU4TK266kpyGfk4VvIsrVDDW0QOWSXRQGKPRIvveuGGHpLMUXmkQlg8+RZ5P87mKbWsU2hDkYEbcYrsVLdqXMB6ue6Xd0FkMOjK+N8x9XBr2NjEVvpHidx9brDDLM5dgaOtp2HNOdWUR7em6a/DTQUToULucQdd3LwunOOwMiGLZNjdx2viSyn3yMLxkQRq/xoSvqbCVcYtWJHlGDC/Xt07hJ4S0nwrY/kQvzk4S1FVT2skgJydLjkB3hg+qEMYU2E6D+hKC6MWfkrGluzJ7rGkNLj2pNb+koOqEaHXtDjv75CnVU0evPmHLrB3OHD5y/MmHH/nyZz979PDh49dcY89paP5LcRl306k0YUTRpfzbnP9guxGKAycj9Dp5Q8GOLepS7HNi6CkWpkuCA7TL54PQesX6wh4d69/KWBZoNpmNt0fOLmVukU2WlYYCt9vt2WSydeaMnZfprwzteJhtGYRSygU1st5SU9C2oT4JaMz55QPdwsTpMCpaOs7LeWUFv87QOdrtjLtiKxetpV/6yo4LHaa9qIvjAo9b2+2WbM40ucOtUbfG38lWZ5nnzrr2RUXLoNwUFndfbPOg7ZQYOnkpO4Su0Q+OwddZIDdaY/xIpgGez2J/vHHUE7eigVY/8uXbvkzIOp/V2rQNgWo7boaHczxvrSEMDb1xClYR+FlZJAlpJQ6atgdK0/dstOhILjCcaTr4XzHob8WLB8NGHle6jaI2MiwVg9A++bbGt8As/+Xmy4JdY6oPsmeLxE6UH7DSZLsvXTG5obVqTa1b00dGLMbyRbpTnhWKl4f4VcPUETd+zMv5xD1LdqEnbJOYeUlDDH7ayfdm6DiFGQZD59fEM1+PQ3UYP3XEi1J4Wl7Re7f1q3EFJszRUYDnPMvC5Lmb/eTwQKGTE+Y7TOuOC6n0/Sk/W2o7S24q1SWYGxgOGk2dmNodY+itGpM4AtumnrxKpf3BXqSqK65AdsP+SGG5crpRiNMA3u3K0yEs109Z4QVRkKYDKTCSgqhUp0L5sceQt5SkLzjqAZAsdlC70cw35ucG8L2Lzri97Z9g6J2o0En1u/xcc8gw7owaX5TD2DHotIbhoHNyBX0ItpjaBO9gKJPMH1KxtEDi0AXwN+XOqUGvNRd420aF+hk5yvts3RTMd072+wmVRoW66YfOnpmA3ON1P5H6vvGVMWaxf0Y/GvUDSQ4cRi+cZCyhQVORA33mwrVqFzTAuKDTtujk1H4USPEGMh9NyZEhwtJU1z/3zrcs9C7pzSrvRuG+f5jQ9S/P90mxg7Z0JEgIZBgLqg7EqdAJZkNL4WD4MD/1GV6/gUqbqYutgzMdWgLiWVAId/JAU/6qIBHWmhoDgQVtXHxRYKIJUuXJssBZV6R0guEiYZjCgx8MU00hLhJgWo4d/S6QwIwnA/gZKgxTHpiW0pA3aT5BZ9phgTGAoc4tfKhZ0sDuZ35BcR11fJtzrySYXfo/DBKNL2puWQI5YIgYqlyLGcyvb8dZ4tksdFbTCcz4MOFGGAoz8TdcvjTEOrElIM9Lbo9ouQD4joa35pw7PmIHhSmJTixPhmCKBzuPQ3WDoIHP2z7gDUbNRWcSkBhaPpMMxWOz13Eqbj7PqYLG4Ad2Ggpws65PV9OR9R6HGBxMiuCeD+eR9uQpFUyHiiujgMwQIsSIa5z1yK2WijoGWezVh6ENZ0bgaqgsFNHY/VO+QkIQ9w5FzrTzdfyeI5sQvQ8/zvrw80TegJ+G9sU+dDWpueBxMaXfOIFS45moAMFHSkwOF3mGHyowfzAsS4ZWhMz7jfmbHJYIceqdY8V5FfegrMfVXIXmTaU9iSVVp/3DHptTjvNMmPLcZQzTe6pjQnw627l5YL16w4bF9lrtdImTOXGDw8xHguMXEN9ctPltk+BfVLex4HiR9tsWwPFkat+KbaPLomdNt53YHFfVBMzmdLxZT2xvuNZNmJoIlS9E2AlKGPEeXuwH4iNQm274RRtPEHfFGH0NhdBdp6Aw2tel2PdRbf+H33ZQW9LhJWpfpLmAx34BZ4jyHTubrNIop3GC+dGsdzgrB3lvMFjNe30sisZlKdeCzDd7QPETbO/IkMSX7Vrn2SRT00E5Wu1NBmXdL0zhwuTEJBJxnXsnsd9oEuU5FldQJTmf+BH8MMppnLg8RgoA5NZ1a8idkIjJ7JRCBf3KlFWjxrPCMU5wtSycNouLGa1yYlE6pRPjJLXc2vHa5zO3pTwDzCGjkLVLeAAViwVRiLjpJVMQo5Uwv4Tfg58hc3bMYJNlFaoqy8eFGiFuAmwps4V6YvOsUPlqmblpELcWsigyP+IAThBETiX1RbPSaQAUtmnkxrqlvhnTbb/aKrX4OT/MDVqNWb5YQqe691S5IkkLAOb6JIgdHVCGIsVxKryGB8u1C8qDPGTybT/N7Nimrpo108lstLl95smzW2e2tjdH09Gs4VZCK6+g5a/rppf6w97RK48fPnZk7fD6+qE1O1Fv/dwspIWB7MOxAUP98SMsk65yAN/VAN+Cd7qUC5nNpRa5FkarEBnp4O0AtE09qUHbYu7YbJPpdOzUTarprKkazzih23CUJeenL7Oi52RfiHGSsbs21Oi2+xfYFIhBrpKZNG6uwE8bUJyplr/IU4IuDlG/b29QZMEGJ0WrUwbSN0svKfellCYCnHe9rqeObzIebW1tb203dUNBjoaDldXh6hop/TjhC99g2dpZa5sJzsXkAlXOJqOxW7FmMXGaL7VjxkL0NZNgOCQT8ty1jF03op2alqbJzXxoFeNoCHB5+fcFPOkKIs7R+Zd8zne2Z/GsJcuOFsc1vDMMi0zs3idCCyYeBuDHed7q+soS9SLQ97eNmyKztbKhxQ/uWtqa4Ol0Np5SMJ2N0cbmbDypp7XTOqTXwRf0vT53uYyH3taMOe0Kx54rHWez7PcGK7YAWG8aq50UZc9F/VO+72XaJ207ImFHqKbzH518t91U3xKaOHxOesKL2bkr4u/Ike/o9dh8orGGUb7TyMXJUIcQKAQ8u0Ua34Oqa+tBsfVhvLGx+eSps088uXn6rN2ejkb1ZEYSXDwVozz1Mcs4vjIvQgksXL88QEWhkrZbi34sFTo1yFQT7v0FC5Usa8dYMoItazfZAkOoVN56xCkIn7mc8clgA2IpCx1r5MaU4uCEPp597YqDbLsxDX2QEpkF3RVeKMzH+wVxfsxOVkt7Ih25ekJBiZRDoMiwBjrJal+76SIafn7YWCJiRTZh5hS9KeVn9CUy9NUNdOaldOy9+yXbnmxU8wJa102nALfGREojtHNboaFJ289ue9PZIOiFSoHJTjaDi74JhE5tiLmUZh0mO8P73Rmma1rRH897mj16rwAAEABJREFUMOXNx7vGj5lzWIfy6Dus0DZnwAbdb3et5A6dHmOSIcDcOeGG85vLrnTZkU5gWctwHh9/of0k4Pyuj+0L3esTaiP9QQ6OhqzfvIRJ7BA7siqNxHjkxUeawErj7f093PKsbu8Vc4o3WM/WBdnJqcdjOy+2kzqtqhnxKnu2VwROldOEgkdNnTc8NJtHMxIu8eB8mbY/t7K6WtXm9JlN8rYgS/zZTp/tEk+rZjKr7OMNh8M8c11nmsHJPJktNiGcb1q7eR3qvBta/+uGFoiuKc4oVcQ3dr4fmodmXwukvNfYSOyvyIFZ6FHhXhnctXPzf/K7gz07Vfvtdan5ydL5m4PZ37X2U473dZk5G9+9OMRak/EPfIpnNfJmEEkO10gvGKYg3cHKq2ZRVBL7yieNrmzPo6pWer3V4RCTYYubmKZCwxL83FHMQqHndjMzvCrTrxrnEmKSmuKG1tpHikHI2qcD37njdLGWmSK1M1sOY5xtaid94+768UhFHY1q+6t8OeV98NRVUp726TOPg3OFbOw0mL57kJZvbCPCtGu1MQijhMlnLxoX4vbF98J5S99u5aqLC+pocNyVQQjFeK5cpHfE0OmKTp8kv9oNY9oTw9ZuLdYuwDZDsLVpC0fN12k+1j805HYsurJK9sRpZ1JfloolMXt8vtMlDHKYeWBeELZZPVdyW6PS7jGmvWv7U8toRmw7MNQzdDqC1h7b0XKvN3DHZip5ovBInl/k+a4xCwIFW9FSEJp7Dcv4DKuhuk4pBQfNczs6skPcajo9ffLk2rGjh44emYymh44cyYr+w3d9cXPzbH9lvb+2ZshWg18jDsjELeSht0meGpYY17bAt00SLFpmRNi7KX4Gk04uPRID6F+OK0U0E1EWpf1j5nRbp7YY5UXPBdFgsqxbGmfcDNBoZK0ITxG2btcAs+yttLWYy7KZ/xX2gTAgSqJpmKytJcYrEITJaDZEOvgy28N4SOgtIo+BlduDjeEWyLnVq5l281uVnbXvFzlHq3KTU349Hw9xIc7Uuzpqp0FJrdHefTabuEzzI0TvNaeIAm4mFYN31FFQqDljFWNqrRRNMCcTICHPMMgSxGEcrxXlnDWJefG2ORmumMVv+klDHNnxW/D9PsT5IZTxnUG2RJTP6Bv+0LjyH9jGvqBjwmxYt+Nh/JN5PgG7rzzpxL8uL7vkDQ/NgIdcC0nyUxEx+BulQGUmRLoDylA3t+6mCknzxpfX4M0FZeYKp4kjMCQCIrRTDyY61aC1w8l0TeyKAmLSLW/nlCE+G3l/ITjiyKNEC/pqnuh3pyjMfR9YI7vhuaKpBQ9WMioNzdB8mjg0Toj3RJPaLNmojVc9CetN6Lk4oyGsoGldRDXpOzvPGy3mdTSpPPNxUdB3HZiuES2Cr7S8rC6sk6brq6TlNKH0aRVab8pczYMiFvcyxgR5EIzhsAGSJjf+g20HFX0ZanugbQHCbisea1va0mG4kAmVLd4z6RNAzPjk5cSFwSa+isSnrnzUrbYudT+x5u/eVnb7JftAeOKQS/FlmTYflJ+5QAwFj8PrpJnsL4HhZURTDODla8BTQzg6k+3sNJUJwaMc79dZRyBaoFc6UQnX18QJJ78T25IZp3jQxE4aQptrqAJlLHnnnVKS1pFwEvXkeRQK3saHV04NRFdUp41F7pysutJg/Wo1e/HAOvLIeUNUpSxI5Ud+CQQria2TlNlyLhaGyxOqd7mn2jgLlgW3HsRS6IudTw3ElWHRgtGzqSQLwh2hm1+xVLddgvYx5zONi8RcMdyppHmiyHzed49ZeCE+aRirXTjb8wOdQpgzQTnJqqqFiySPCxBn+0z3MbppaQ/21dS7DNGt2CkUtuRa8MS5tsTzsNUXzThy9CXKsM/JMzZCnQ2zPdw++nU5YdKRE6rCjHaoo7zcIUpGqWhaDRWzrALcqOvT9WzblkHlCwVCnDAwXgqeiRxzli80ZKSZ4K0x9wR86fQSmQqj5k7HnrSZaVh4wHhvX+wiqrak+0qXNFvhXfNOZ+W5u+RZI6Ef07DTLNXEDqdzC6bCK+QpeHaxed0xTG228svj0QtppY4xv+LfT6wT+8UnzcSZYgOJQUGOkhIa81Cr23/asVEXxrSKJe4reEKQbbBnmWTOa+O3/WVDtvGgPhY9bwRoYgSp56MKdJ88xHTB2O56ipQ7ka1MQgdJFsnQx01+uO4TOkknWmJnX3HpnKPuNc3sjGJTW5/bVjWeOgcIh/JNjRGELG+fIjaTrVMhWhufz20Ye+DIfYixdgalz8YHb3BrZjLOGaXSyu1fJvgyrdMXge1Boc9M+k+UdWgnNNexOKTKY72VtcIF1un1B1lZEjGIX1XwXNHzubgcmhQS7LZSM4RZP5sNi2rQm/VKXfBLyALrjm+I3NS0ORVmq7j4uLXNbvyhop1yEUCaiiOfO6kSDRl98kbnte5pLBvTm+ncBdaprQd7rdfrWd88Qi9za6cUOEJaZgc7unF0k5oETlwooEjKQfBsb+QoBsg87bByXPkoD34ztGDBC+gHBPyawMV3UlljB5W5mio1zdQ2wBboTaNHoCvrIs8xH/Z69jPo5yRtx+EWiUqDPoKwfUzqH9gJa56F88wq7MS1T8sSJCUAu4OPfWHfJ2BbjM3cn8akK7MBknZPtWomoTmP2907xvLPPQjfqFD3w3bGp+Pp9tb25pnNs6fObpzeHG87coaf4ALFSy/ssVmR2exdWR+uHlo7dPTw0eNHh2urvX5R9HJ3HClyQndcHlcsLBr5xYzqABY/4djuapNYotGTU/3dnM213UUXSmc2nUyqqYtb65VHtO8Q2icqnMOevno964KgGQmySbzaNYtDJUydmPFBaNldw0QTliYKr4w9JhTDw1UAB3vloCkQy9uSR8fI9Q8P3Ti2EDWrtotYVUw32Tq7MRmP7NSfLczDlZXV9fWVNaqm1o1CtyH6GsfqahzfxJlcOxsxc3ST8di5b5jB7dStQu6GZZxzSet2ztq8B19JdRiMmzRzYFlVCmXcpFdhYU7YGWbnCy3ds1t9M/P9zsVP8kdcfYgLD2iSU2ICdLf6mdBRj4dy6F63enM63t4+e3ZkPxvb0+1xNZk0flYZQi8n/EMJQVpcwlFRnKKJLbH9fmk/g4GtmHajcHGg8kCI8A37kg5rWplgn7ZsWUYuOTlmW5ylWTgiqcxJOnhm2Neettfvz+C3Qq2V17xwC12cXM/21nhzc7S5MdrYGG9sTkeTZmYbI+uY8N5Cdt8sOsSYdBEW2Xu9k9D9cq2W7x9j4FUjxiFke1SigwK+RofFLZD2UuOsmn/CJhDU/FoanjIzgZzcnpZUPB9+LuPJQK7jblhB5iVjrkmWt+PcUAxDIVIYph9MhI8Mo7mbGuTAfA8QYmMOACGNnDjTUkF0S0xZLB/hdRqTSkIb3ytujwynG+5e+VTpyCDxH+d24fbIie5TJ9HwykD6kRknwdnB1ge568lvPLaYnlbup3SWfjojl/iGo1lsxQ3RzJetMGpurcliNYC5BhpwKeOkraqB0rfcTJqY40t/XtaatqvD26sb7hHFPe0b419jiQqXDVnd3ggXS0JrDhHbDvoCLkfSycFdGi4g0Ow74R17Yv+2PQNNs7oqhPeLGxE6DKHQOyOyOLzwF4VzRlqGutnux7mxD8TjBHJ72Ok/63+cGZJ0c6sV6SefHipZJvgtiOjpqda0BsgtdLC9pKIcnHzy7JkzW7zSwIV27Q9tc+rmPpzoY227UL2yDLMAzl5o8nn7URYthWl4TQA4xz7ZCZ9B9hjbBjttfwRS1qtInMB5Q+1327lPmoc2E3ZujZf2fvbO9DAVOzeo6B5idjz5HJFef6e+3Dlf9EARSxou5re3i3ETo4wYIiYHYPw5OdJB8TxZxhIc2WxaO95JozMKdMhrvWjRhZ2f9bM/JhQCN0o1IfZBmGw1xq8h4zuZtrfFafJDCBM1XcE3eEnP2gs4ul6CcrGfkKZ0qLmkheu8JkrTouFAqCWHmwoL0ZNZWvDk0JB71GHg5fdE+0j2d+ZjUKVZyJN6baRn36iFyo5plxpDgxGVAFyXxU/a2BtyPyjtiPJtVdJsxhdkQpb4+RIMeTYfthPnTlz65z7R9gg6ZR8BdqnufmKX5yaK3M5WKF464aKH8HLGUDzCoxlINE2M7zIjxlmiPdKelqE25XOPAjy8oZ9semaTiR1PFnYMQrwTN0eQdAaMSQporFoB7FDXjQkePYg9GO4hAy0Zd0FBe+XMWvzJ2D1+rY8cOTJcXeGJbGutH3/gofF4fOT4ieHKkGfljO/UgZ+so1XesPvrw/nswW4vJ+6FvSGkk4sLP6wyNL9JTTPNcQD4MV/s5dtjXDDh8djWpNX1Q7ZkATmSkRbxwEJHlpH0XGFphd2PWdDdYNjg3Rh+JBbGjRgkiJnXFUIyBzJD7IIDALQTXco0FNecpsWUe/xK17qupvapSuXEknw+taQaWk9AYlF+WJp5JoHNupGdKatq5EWwYWljMOwsLuFsRYNhKS1NLzkOhPKORs4r/1y8lgK8EyxmgjcJAK3F8FIZYVAZN+Lx7eAmmQ1NWuP24tB9O3GxVNskgOke2TY2oVdgsDvYSjq63IrxlaPlUPGdxsP8kNsPsEzn/ohBXiGmE9EzUYCnpH1S/DqRuVZJYaeB87kY8kzF52ihYieQk2SWjBX5wZjeEX723dpuQ9a25r7Fdn79cOlM8Yw7EDWISOpgvNAOz9CmrUyaLXG/CSusHalK84K4+LA8fcrjfe0TEzoO7XXDe6HuDxcQcngEZXswNMvrnAA6KpdwFfNrkDJug91MQ12HmsPdLXrRKg1KAKzRo2OW+feLYX0hhAY6amwFZ5F/zyHJvgX3vJK5+TMMU8Pd1hqxO5RIMtfzndwRGc9qGEhGXiZUKxO6lekVMZBOuD7GisalFXF+ISDGZ4iL9HbFfoznbjALG3Gb009FxcW513HAGl0mSXaHB/UTHi5WmY9a5ZY4uYWBdvKcfJJaMedCBT8h0a5YSTjnAkH1xbTVzRcRHsK2L9QHb0DE+X5m2Ej2LW16oNNk+fXT3JfyoZTQL5cMi794JS4E/5z7pyaxk9r6Gq0Lllx4Lvg4kkIRsEqJh2+ZYopbk0gjF9Kd5qhs3hMMhqX38mCfEJc+naahvbdd8Rhse+mhhqNf9pF22Fp/LsREzWVXajwXlE52Rlu2Q9sES7uF/pCQ6KRGJC2ub4DIRmjXwjolpAJD5UoutHjpaHF3PCT+4ksdnWPnRTN2YWEsln6YBnGOb4F0Em9gjC81mbdfS+9sQv6EpplyaIF04iZJuquDOEPdjBKRToBIJ1NHOsnoEt1HZme9CXMs3ZTEpiH0vX2igmH1rIrYk0nbsiTv0C/Hh6Sxw1D20qa6vW800u0rIh9F6KO13dO40a7VTm8NoTLH12C8pltUGeADiILKfGDoyOTwBf0ieGY8sngNQF7urPEAABAASURBVBxeGeg2+m0P2T9tHNurmAfLXzsku7nlDG1Q4kThVa0ZqgSsexHrhUl6WTSbwL2EzAloKKcj5VgSmCmVvhFMEhAWCmNq2zszNZxXJOps6x2QdnJZ9uxRdoJuWs9Gs+nGZHtCjlATxR44SSHwrmLp+zgVmdzfdAMeuOfQiRuYXmVw95LDxVF0Kw7Kh546g7zsSM0XSfDqJsDFPnEOJWUy6emxsA6WqPqAh/Leel4eGays9VeGg4EdSPNywVABYolz/5BAoov3UyvVZFBlquqVVb9semVTZiYsyEZom81kYsE/JneKuKplXlo/vBAqzm7dDAUV4klVF/dTG0c60aasoWxMMdPZrC4bXRpY7ZVD64tXaAchPSSZE13n1D5Zf7ipGmMnrulqYXiBnkFMIiveQ5b54uFTEkknHLc0eP64IMVZdMOkbuXEi22GTBEmaL9xBLhl9LbRYzS1W2KY54Neb+DWMLgFkO7cKHBieEm0a/5oiaT9ztiyYRzcpE3Jzm3KuWIfZ2GC9EamjaWjQ6vQHh+PTE+f86vyo3jfs29C2ALz2NCdYWfvRtuj8WiyvbG9uWF9t9vT8dR2snXNcgKce460YHPSMU4ODQ8fO3LsyivWjxyy8zw2MznClYaOLTVx+BiNJhwwkgGs72Xy0/FOpoLMrE/asSsc44SI7jxX6ahNtpC4uWCOReLoJm6jZ/33pWOgZJn37IYWKgQR7ohbsJdWcyRe6tl2GCdt7WPOCYk6ztGbdgJGvw8dFkRXGzv/NtreHo+spZxSp6LoD4Yra+srq6v9vlM38X0MAG+ijBsyWWvb1BSNxymdEAVn5iRPdK3b4b1/Lq9ovdg3TI/zrX/b5PkXAAtnLXtx2nTneTtz1AeEXVOA51QesdPFnpuuUN0jaVesfyYIThrSNnMRRrX1mW1vnB1tbm2fPbN95vRoY2Pma5yPIkuXT134vgiSzqpjGagiy3tl0e8z0cQavcIF0ylYqwMCaxViW7hY0s7Pmi3NnD1/aOfC55OTFhcTj/Njkzh4aClCFKXVkSXr2XQ2Hs1G4/Hmxmhzc7y5Nd7acjF0XDPUsiF4ne4i2yRS96O6SeCWxH6KQoUwZ0uTERBAO8rA0LtJDXKaE5wczYw03Xh6WuMB3jj7abrYKUTlY0TaCu1j5ZDyEpNL4jcz2kKUnKieBJ1EQmSZRBJBK8ikORas9lzyNjFxSi3pVMWWKGQFmkWfzcJcRNuW8b1iaoIlcTudHzfolNTMJtHLPu1+HfcwPSVwyKlHE0b99HoDI4dEboLIn0lncWH3Quyfo/uY6f5FkzJXBlqJMpi7qGnHAns0CvNJiKcvHLmfjkforsZ+VrDMS4Yn8bKL3Q/YB3DJkG3JuUI6OV/g/k06drcwmiEVVzUp1TF56LuBHEYBg/lUCUtKnXu+pbfYIdvbEqb8uMHYwdF4MjG0VJFkSkog4VhslXni0IjcTWEY6RrQzHbs8pWVNduQPvLII1tbW3XtAqPYfl9eOn0we/Bk7Pi89jzbGzRugOOMsvPWJ4MtQ+lxE+HIc5m0vpa16WunNM5KY25VU+04wkAStRnNvKQPG0cenexYwI4Waq8sX9Z6LVx80aLAeXXFkiHKHkddBogDZpNOlYWm3B8Sj+X+SYt0erTtyxgfcwp8pBOVzarm7Na2rs36unWU93M7teuWdUGuwsw0tfEmhDH25hhby6zDfXUcv4FPqXOlAAZpsjh9Q5LVSeLdkcrFWcht5xH8bA4f37iA2uSn15EZzfq1ThoxTLd594n2s9DGD9wzz5wm5hVTSpswDZdka9slgthJQrYgWTY3y4KdFxB6HrE+h4VuYYrDMNNdeTEPYv3wzHCr7Ne2VibObyWdIBPItRhWgoX5mDZJS7fPA+d6Nuke+1Q7SrFzHhs7bCNFai8hHf0ITDpBxDi0CWUp+BrTurnUDOz2K6efDKwP8UHOZ23sYMb6uAcrbtisvZvR+NV0ppNlaFImeeu14hfAcw38trhDCEGOuT8c2utNtp1o4ejUGTukv/Laq6xbA3K85robprP6sS8/UFXT4epQ2SzKKDKG9kMvH1QkPOOOrwAX+m5Lm6R9vUIhnVxUxLEcUAemP+jbDadnO5sax0RxoQDzwtE9uSC4KH2TqW3yB0M3WWjS4UoyPO00ndj+tvji9mMWtJ4PwIltMPqk7QGAaJ2ctpvvzGSenxcOj4MzGty6gRDXLdIyt6eRm7TSVe0CQDi6IQmW8/nUZgArR1Ox57AaJkR9sLPP9kOGReV+GsxdW4Vwp6xtr7lFgNCGegXpnEK6+VxM86WNVDPXUQgWGIIlgDDpGGb1khkXDGeEPaz0ZeYmpzoZHU17p0k3sNj1QWgH9WRPjVlCOmmni7lY+BbKL5kMumDA865RjR3idGyg7XNKfbvYTigGORoXZCfzl/NOF2/wOW+jj4v84oBhmilY15jKoFfcfVC6GWIyeeeLfeu2CdrRXHrjotAQMwK9hffDVoU8hldOGr+pnbBOK/7C5b1VrQ2r7Tu5H9+3TuYj6XTk+CAcMIVVTIJGtDHMG1Ox7QhP7T2sQHF2kCTRQDdBjNpFGEdSAqAQPBhjegD4Pj1rwLrru35So/1askDipAXcwBIOlBrKf2bn02jfD0DcX+y4b1XeTSjgbYOYzPpQkY8dJ+/XTCcbOvOwXNFavQ5MG15sDQsmNKV4hdQqpQYPWrOGsXWMeQtxlMXlJHWF+XMTe7krnmKfyncF6VHCA/OcTqyfDiST2SRdz9SDjuFCGBf1pMQN4xYtONKJ7WnUxF3hmAaF1zahKTeK3pBnTIgwtOzJl/bo6FaIoYfjc1LB/ACtzb2FfIJlTU+syBDaDR/3luosQqIdzDUW0asnGP8CtVsaoWeu7461wYZseu0aB9NQ/Fjby/J9+rQnDLG4UkfLsKiDGyNnvqLzokDSg+Hs8aUa2oIJkeeDMcZLegy37dB6fuNJ/H5MbKq58Y5TVgrn8i3N23MmnWCQqYK0hViGhRcJzLAH3wC579oJVFrnqYsOlvMICNAsMc6w4zPAks4qdBo4d01NVDlanlpwgY8DoJZIAbuTTtrrK8iiNUlaZn9biAmA/ZFO6FXyH9q1X6pGs1HNTtezLVsA2TWbPCBlX8OmPsxKx7vH3kFScuLYz3dD2pGnN5dR/QU6eQJhwRW2NRNTKzqX5/EPvqGfDKKGsw3I659BhydJk52+0GixgLWFyWXg7QiElPDEW7J0km+g/dAbsvAmPNckGG1vILB9Ugytq2pX0LJwWVBhg7QdWQZsNziwCAeCI034QD0B9KISHMeHzV9sW3zDoQPfmOIRKdJMyp3SCcm5RHU3jNquEF4Wd5bYugLO1c7w1u1Ztv2ezGY2X50Pllg7tk23PuFJPduYjLarSc3xKjuEAF+wI+MkFgfAdJoizJUY8ALs2gSWeStTw254lmS3/7XvxfsLA7lPxfGIiYo4OnYRuh3W9CK+dBk3CBhgtor5WlauqXzVDnTIT6jcCj16jMzPYXIXh6coa+LV2rnLyuZMntW9bNovqrJoekVT5I5+wQEl49jeBDMC0QxztpDKiJtn9XNE3MVBapKc+8f3RzFnpZMassaUlSkqnU2abDIrq2YAuJJnQ+udR7CfwlFyTK4bpWs7kFN1Y18espcooSNnoaqHKJRMC/XvjX35nmNFHKngBgrtmeIGB4N2m9Iqq11gHZwoNQLcBhgjbGltN2a2L1lkymbr6oCiseeswBdYnSSJ59ZxqYJ4Bnb2JvQ6mlBGTbfpX9bqn1/vqGualh5iuuSJ+N0E6Yxwdit2C8u6K+nwoWMxAMH3C3hpq4qxAOz1x6PxaHN7tL092hxNt530hSEFQqoajo9l34ILfzXoHz526NiVRw8dO7x+eG1ldaXX71HoBluvGr/EyOj2EVrrGp4eLjhCFE5HrbDVaDadTq1bejS28wz2abibTyMUINERR1FyPJCgdOLYJ3YAwmww1a7S8s8UOujx4diHHJ3HwamsIfo7wcvDZ60A3/I+Dyajj/ltDg+nzXQ6mVp/yGhk3SKkgpT1+gM7l722vt53PDbngIl20blLamJn167vQYomNkdYImVSTeuGjB+9KWr9OXKciZ2H+L66Rnyn12iCxVk8y5j5Y7VZOH1hz1PGbuXtHEkn0PaqFp4FYlfXf1Ts4EO7WMXNAdnp2amd7xo7WY6zG5Pt7fHW1mw8duyuxgcthGDP4+wLlR7b9BaZfb9l4aaBrAHr93tD15LkvV7RK11rQrK2fNd0FLmTzYGnONZLr7SfY5IihW0mxrlpEzqr/mj0i9NYo0rTRHdNxCsXI2o6Go0d0cRxTaaudk8bR5+qqDPTdg5CLxlC/0rFHgiRHTm+kWfnMBHFn8nCrGEpmk8Unxt7oul+XzGC3TUJmSKZQQw0j4a3gEs954lKEqBY0YQDOLs1/IpUTChsg3McRcYwD+b8XIbiFUp+bopyF8JrjpETfUWL/BIwsXcE3qEDrUMGoB2jeZPeqaf+xYUJlhbeM5Ts1N2lfuFaxltMXntBK645GX5gTP60Vo4wrKlui0zs7PleIOvVIMT5Bp6fUqH3G0wrLyNM8wRgWaUwu/899yfufCLEiU9YsBjJAUt/Nd3lSH5ecf70JUnvflJBGuNpkXtdBNr2IFYlX2jR3wRw/gId2z+vjJJm8mKfSkgn5wEe8MaM3bMpxe6ZzsxxR7PtrIQVq22dxWgX/OJgPpgLo+r2RPcJTPTc/Ok8m9S1uXxXThi4hby17QNRVHJl+2y268MKIspHRUk6yjpMErHOEq/EcpcpTpw4brtB2469ayfcwHZvXVC6Xt/a3aapbfti4QJH9PohczmDEcPcFlPYQoBcnsPzN+JJuiynqTa3zM51DVUcX3anxKJVwh3Kntmlb4R7ZbA3gn6iBXFp4TALG+eApIDsq+6cyz3MU/h1x1PSyU3fEgGmRnD5OBB1aOTBR+wILplkzE/nekk7N+Naa5hWjS1NdvpofWUwdKOLUIbovddh+O79iNw19S4MiqMJvmkjw+9nHfxMjl9VGONcUucPY4kKlYgcEm5VhiKtWvRCtdopU1R2wtnzBDytinshwcGJ4DkNGFpKX/Fd8TY+4Ujr341nfcaYfPxMvqtkfKc7TLSHOKHQzulBYgfi9lwLDRAzzDuvtJ/lMf4wE3rk6WgEzFwZD1c2xsekSC7vu0jG++QgTsmen/02JpUjSUvgHme5EyksMWeRE4t1i2mQe5HUg4wdRuAObtdgQ+j5hcrfPh+v0ec0AUBbtGkX5a42STcLaRbb7aGelOI3CW5a1EUtsckpewXT7LjLEDqePAYOe8LkVHyxpDbrnSVUujjNfqjNa6ZcULTcVZutJ0/bKbvNU6eyslg9cqhc6U8mVW+wsr1x9tTDD9lps/XD646aY0KzQXE6Y5b60fwyROED0/Hnmfk31e0/hWnc+VcH+8CF62VcOOw48kFXAAAQAElEQVSn3F58uPVvRJllM1K4dUSlnesYbW3akSFSZGJbTllu1tYmmvWtRhsbtrSxAi0LlkFcr7TwlCa+r9AD7yQA9gLX5WBDYhWBJEtj4Qy8fPKO+/B9SItGyW+k49QAmz6XLrIGNfBAASn0VVU7Qcja8U5I4tr6Q3MW/PECEi50oO8zhoWYzilEA0LTeAPTsEaWd0lk/nAelxoOcqv9vIWbRM4Ua7zxKkY2d7775GMBJUPjkJ06DoyoLWGSZTDS6byBN1AmrIiPNUghJkavSyfxfBQ/AAJsg5HGNwvd95k0Qe5LxxUVbSvf3j8M3sN5XvW0DU3CDXHoEWB8OAwGNxlLtXdoL4jKu6aD0kkoPD4lmKQtSqd429vmhj8omnSMI7l26OALIM1+xIlm8ito07o8+Fy+qo50IWoVWOeaxtV+cI1+1bizw8qvnYaQQnqXJqkO1NrybIKJbBim77rSH4V/DJXAyD7hHhAGP014Raxc4gsVsCfNzStl9oVSnB3NM+xIQS4suLPBL40Hyr4cIJe64P8J3rGkbfBUcldSlF/sEhc+xT5lFhYKM/nAtOGhfIK7JcvEmqJ879QnJe5HxNAEadXtnsSOYrvH3yTWDd+2ded6EGL/EWIFa5fm+NBCtF/z/FF7P1+SeN4nFqw9YfaB9CiYn2wIc2js8I1PFo6Ks1DOrPmVFVma53EzrFLSoZvrHUf2P1pR6gxqRYFaIcws2Y2MqIw0+eaVTrhM8jV8JzWaewjZD8ZXTgxvN7FBS6ahjFqWdelThNk0iv3M02iAnXLB1kT7vpYO74uEN2wvTruPnYuuGqic8Dk5zim/uAFUsd+G3jKbtnPrO0JFu5zZ268cXbvA+o5hNtyE0XSwOHPe8Thq90bV746vEoN2FZdSP4scvxHa/nrns+MAeCkMtLWodWclymQ7n5gaXeVfEobGzjh5Rl7hxWuRAbDbM+A3024s3mzJ7f1oNlRPbsR1E3SeYp3GlDUJHEQJ/FC2nRJtWykIswgKkpfmSw7XTUxnKLmKYqM9U9GTzV3gCSadeA6dtyruXNWAsqPQrdnsdFVt22qqQjvFpYJTpdGYGN0MIShMJIkNC3yDvfSDyqhXCqGBjk2yzwsTrukQ6YzYjogAsX0PSUcg7bzRYNR/R5vKPZqQK23RmDNi4Ltm/kZxXt5PLLU1gvqB3NRinH9jq8V2tx3V+ThK0C6T9zTlpCQki2uDzHv7rqEdM87BdP7hi/vBvNHeOiIGgRyMAuNee79tLIwvMpxL7OlxjBMmndg5Bvs2SPUE036S8eWck+fENCBS+5L6gzEhbufMoVJuNOmae5ve2jSTutqeTTanY+sfZuaIDhwPDJMs3Pn23Z50eKhDoMvYDTMsFK9b+XrunTJTl+oKeYprYhQFuTjgHPKVNJLiTGCvBsK62cnohP4evWsD1qAMMV9XxdG8v5qVbmbTBSMpPTVSqRhcklVunSKBzRpbPW0uZdhkqinzpldMenllN3LVKIoWQ70gjNoSsYp1PI4s55A50knhn8jXBnKVG83ZbGx/zjZFykXVafJKF1VdjCs1mebTagC4lufDIu/blwXaDicKe+W6cUrA0CitlW3HG41h6sZwixACi2CMJOImT1jql0sgxvKgQknC9tvXiLau2plbVDWqmcKJgm0wW8ZsaRdYZ2wnzEtUg14+6A3W7Kxe4dYTtgyhxjE2vUht7jROyiLp9UUL0NZEY+YNwlNCKJDGtB47s/Pg3ZviEHdS+/U/7TuFxB7OITDWWhcbPZvh9jokAyiOuOt5zybT7Y2t7bNb4+3xeGtsv+2eelZRl9xJh7verFL9YX9lbeXo8SMnrjlx7Mrj64dcPB0aiTquCZmMmmIm6rZeJL5Mvz+dAfSdLJM82jlneOxEtEaUns5Jsrh4OtbH7/Q8ppOpnVjlte/BZUxeBxI1GQz6Za9H4ZYKFiIhTwFnZupt9bFj+KGiQGNDgcWdRkXw14bX5PM/xtXJshhUp6Wcdo/H9E+IIyCaUphaWB/JaDRzb8dOL7jR/WA4XFldGQ6H1p5A6JfXdp6BpgyIduP+b+yXW9szmU0rypCxzZmgBmFCAQn3jXnr/013xGaXU+vb1HAEtp3qeO7yt2qWVbH9FACzn51RGCOZiOgePuc63+lmsd/AF0mVP9ud2A7u4iCDb0DdPv6uJpPJ9mg62nbKHFtOk6OezkxTAVtglyTtWSf0jX5dt4sYagtlXjr9ahc6p9/L+45lUvRL6xCzpiwEUqekxg6UiansPgJ0smnxeeEcwR3C0A2d/7H9GF6GY7iNNukBvqdsuMML0RMEYTjtRnp1PXN8HZuNNusmNgMd12RUTcdOqsdlo2dLMUdWhaE99aPaaIwJOVjFToqf34lBVDstk4qkMYxnZtmCAgpy15tzkELMee0QTzSJA2aaLsPQXWRhkowVwByzhDZz+igOl+OD5jBlLTxF6DGGtxgrsO/E+IzslP609YHkXXdeettPTl4RQJJ8HWYAwASpw+QldgvGXHFbwNzduevFeRLiidMnz9pt96ePMx5lXdj567WkXEw0H3wqBDXzcYhSAxtmS5IO8A7Y/cf41JgMSXY2bHpfdmdXhKfY+zqhDUo/81iQm+LBF8C8uU/7G761TZJhFk0stH2V+cYF5lq6LoR0cn5Xbruw55oOXtxg7ZVTnqTYMb7S8BodMoAAJlIldNK3Q2xXGZ9Hvi09ha87l1o/fvP8dbS9HNdJpR4SOzudvzO9gt+KI2dv26yN4PFqmRerqyt2MnFrc2yf2z6+i+ZQ0NiMpiYm47E148Phqr2yjm0qN9KouLNHxEQVfA5e54LcIo5Y6GTJXJhPN/QmGTy3tgmLLMyn0RVCLxN3yMM9WuX9ZPm+Xsu5GaalidpnGTC7/HXB0ZaHtLML7WwFdreTQ2BesDGYy/aRFS8hQWB9eur5ZLZgTavZeDSynZjV4cpKf5DzEkA615anBqIcnltErkmC3lNX0NeF1O6HkoK8AJ0mOaLihbfN6XQQ0mxWZicj0OmUFi76onOrUDgf7ZY1em+C74eCn4Ly83UUGp4XfKYxaE3KZFJ+kZkBPi4GmPR8CJ9xvuGnZKKKTFjm2PLQCFvHSxwahl6JzwDqeniRft/DNOxBUmGSC0NzF+uZNynh1u28pLcvoU0LPReeG8VYLdOLnTswTAvBvvvZxo8D09EGzeY4NSaavjG+iMTOqc+kuDDV+xy8CwWVSppgP4BL5uiwM+7DTnWONYJ78L4P6p0RtsvbTMfWilb9fr+3MnTl0l/DFePWnvs0YvpCmdzNOzlYAltrOtI5GnkaiENE2fNn9kbjqZ0kK1f6diyU9wa9oVt4sXn65KmvPDhYWz1y7DgSsctXsExDGACArx64dLiCCzHIcNeeys4/mf0UE7xw3YxnFfxUO8TJWqRBWl7aht4OsSnODlUCivHBa9I5MtR088xp635eO3w4KH7jri8l2J+Ft7vPV5n0obl1WNLW+4rpp6xdjeCfeDjjB39chCHOFTqrbbsXvFKB5yFcGBHbQbJj51llp+/trCc7t9jb46IeGCdqzWs7bZujSFWTayvx+l2wQg5DTauxaTIbg6QBsoCDnfbz0lYuSZp0pJ2eZJ61Y4RgdSmh3R08UwKRaomeGdwRCop+P/+o0X4GBwtbIuQWCaK6K0tXeMl3w9wRTO1daFz83ypcrDWSQflxgXQC0XWDGENkhHUjmIUWg1l23HiYMETkh46urOSyKrRZYTkwsi+bFaRdcxlLDp0VdfDZqcFbipcYK4xB0JJEt37r2J1YVnQxMYDOp+U8l/wQoaPAjTfnYkgEn8fKVSQxgjzMdjMwNENh7MQGtyu+5wsdcZE0IZhMv6bii7xUhBu7LOtEAjWRCu/ZORSBLizG5dket3jLtqFZZnezxju6+ZrGkKKPX6vKPFpMs9ovmvULYnyzqYIt8JoryrMQyINLb1mTtDHHRHRpcSZImaQnAhjb3LbbyblpQjmhQw3Gpjl2O7HzmkJ3p83A0EsDTKZa4lo7Y+Z73vGCWShf6XQRvzZjYpgAbqMx1pl20i3kGyKcb3dpHrjX/sTKtPt8L4Z7ElR4yKAZbgJ8z9NnTpex5IMlKwjDPcdWMVjVeub5SmBMq2ykgAO80vowIp9A29vg6Tnk9AWtKOSXq+bkBNKkJ/A+m92zgK6vW/a18TWFO/PB9crNCxdQ+tM/tls0rp3AiR1YO/YJVQAamBjWqIDEP81Z61d28XN6m2vC8i6KqkO/Z6z0juiHPCFuB4T+NicjdAt97zs2hXxnCOUzWjlqcABD97drS/glpnULormGc8NcM9EZ+uIOo/VODz8IDXJrYvyz+RekyEUUOIntZ8+qs9OvoQRHbVcylX7dnY/ta1InK+ykdOLHHuEPpdpetLf94TE9nwaS1hy8q8y3k2wBjSedYOiG+EcxxEexPu/tpj5dzUbQmDyanE7eGk9ydT0dLyrqLbQOrWJoUk1rSxFiFUvGSq31bDMOva0I54ZD2cLBwjtIiwIEDwYkC2nRv3SD6cvxE+fpwK79F/3kOq3jhxjhQvlaxoRfFWfdvNMBQ8lqaR3GzNcDDK+oW5t8oxmtBEa7HqogLj56Z4OzjWc9DK/7ZJIyTdJzhLNWUh5bFmP4J3CMyFGUOcG+jDRO7He7MqX9hzb4SbloszFSC/VReU0LdwPr+rT91YIYAEAqxdZTul1PtqdjOzXjh9PKB7hkyw7eDeRvktjRpPh0yikzjiB47rVq5yG4MDATTHNgHeR2ACPdp9OKR7dLmu3YMXL+MD+yp0kae5Uc1Cpmh7LyaG+wUpTD/sDpQzgnsW8LXG4TEdA+LKkROD2d2g6uAWqlql7RlPmsp6a9oipyOwDQGdN6VBBumS8Gpi1Uxs55Fi44eYHeweBFwzRLklCxpAGInZIyRW2KyhSNLme6nMzyiWOcHCrKVRf9SBUIPdszs8W7bjJ7im7sRKpyzCSKsENDvzheoP4HZF7gwRus6CTiUo6xt6o6Bd2/ReU706wa5LQhVW6HVVPlPttgtg2MDLjAOmUGvTIf2umOgZ2BIIkzZHNElAjKpUw51y2FTVHtNK9f6Rsau06skMUGZXHPuWKn6aZkf+gwtAGh4q1Dhu2MuZ+1Z9uqSEb1sR0qO+S2g+7Z9sbmxunN6WgyGU0doWEybUiuhuhYLuRc2e+tHlo/cvzY0RPHjhw7vHZ41c7wo4t0BOC9rLQUw9nGhoZFPJ5qeRWcw4tpM7u23fuDCm0fJ8Vt27l9p24ysbO8s5oCeNmhN3BYTxYotv+VvKyV1FWtI9+pLeU8qIekG8/J1jpGn+Gy4QnTjvpck1hIcC4DRPvNHk9FCus5j2WyLDKtcP6VpXNioSHgbXtd+zR2vnq8vT0ZO9aITYA1m/3BYLhibYmLJmUfzA3/XWKaela5+Qc74+CZQ6Qh6YLpOEHZiuQB66omvhpP8GLQuA8IVQAAEABJREFU+8NAFgwGrTMqCV2vVo0DOSuSYX568O4KdmbPeded6uA5Yc44L/txj1QkGwZCSU66OuDbjNCmo394OtSxn+pqOp2Np+PtzdHG5mRrezoaE1tiQlnJRtr3+2OHnpdY2L+IblLYwkqMk56LCOYiQBV5L0TSQTeKN/GB6P5cVDGYUG7RzOJk2VO2Zu2VdvkBQ1c2FhLfTTFBHta0wwXkPhotLqDoM5XjwM1m48l021UBm3XT7S2iT01d3GrbBtESW6A8BwjNt++S0VIu74YAL3ehwvtJFt7EX1m3jusjMyOTTk6YaIpDN5+LfvrPM0warRPRI1briODktZolTIogopunVuQ52yLPoqDWSkUuId2c3A2m7fD7FS+JQAjP3hNjJ8wwmNiDiS9naR1cUuNwgSQXSpr/eB5w+wn6K4o7nDzsVUlkWPRDLU8UYWKN5444KRdm3uSKJjBVJOLwh7LFdkhZ/UUVLuQQhhOpo8qUHU/mUYGAGYtXt4AqmO/KdT4LMOFi7YhmfnS0HAYSGTDTqrj4bpgf74XGLFUAYrazSToqcWPXD8ztSd7t3AF8Sd0OSXZ+DExWoPF5sYXvFBBjFlu69hKLOwOEdHL+V953wjuvKvZJDIWrQg5nrhKpA+9p8J1jk0zP+ZrcHYbtgjmjYxZlcMKlsVNK2j/ZgNpOG3fCZtXU7ssp6hhCCMdLgxGaeo+NjjdN6CdS3FIw26pedeL4ww8/NpnO7MiroXFnRnE32Xxvb29bS25dmm6ymJcdgNHJEjHb+JDlyVlhuSLLz34SivzVUJfTTWg3piEBywpoUpJn88PSR1/HYWH4sWc/6SBK1F63SA/d9VjcowyEFutc7njhkMw5sXeeO+LsdMJk/iX02jH2FiBtHsKgte0805y1xtB1qElgp7bFaTyzl++X5WqelypXmiM/u/YzTrX6xYXGhCamjccUZgw58e6mKqqw+nqK/rnaptjXADcZQfMRtqASh9X1M3VmaHrc3ZDmQRpIWh6gpt9rvVJvH7uPzPwA/zf9wx0Vnr4LE09x4rJdy8gp7hSmkMNtJ5oRJk99bKHYieHGtNEmzFnxRezBodWPIxYTHGb+tRmIL7GtXxinePh2GFpkjAnx2dwdk++/sCV9X96a64csO2fuX2C1J9cHyoHXJAS+L4sMc0eP22g/PPf9DBXzlx8GIbo+lj4O8u2gLdgQBqW+A8Kv0B5lyxJJQIPtl9t9/ZV+Tut+XKfQ9fF16Cb5l+t9MO7NIg+u3WW9igNL3kVFUQSeVKIeu73R6vra2A6i7BhgPHK8k35/5fARR8Mv7BhYn3rkK2cfe7zoD4cra9YoF4MeOG/RzFroxIUBsHRsiTu/tR2wtH/j+0MH1NBfwK7IAvZuay5PBGsEvlL5HLPtrp0fcXPN423bFPOaS+4N2OYY6AzHlJpNbS7bI+3xxk/germgTg+kvQns5+0ufXExDklo9LHzZzixldj1i5s0i7oplbUdBk4G8b0oHoJphypkhWuS03RTVDM7SLbzBNZsFH71X+Oohjm6UCOkgOzcyzEkL3AniiwrqYA7pmzmdIZUXKUXqjKPBQxNA5loi2gAlykMc38mypzGGEbcIplwAQNelJxHs2AgCc6amEEVhU9UkgnU3MXtNLvb4oD+LL8DW4c6M/eSOusbC9fyepUoY5bPRoUBoPFdBAgzQhD6neiVpduTQ//TxNFejALLCqbou69pa6NidvupJRYWCUuUQxedey0Q+jAmjibpvhkmHYmu7Gj7aBjKQPdh/chVx+bbJ8d3QpBa3tD95i5DaFno8ZRPuwlzM45Ko6LEPmLyKnkrluV25gN9h6gVqg2zMxg7RhgcC+A7QdB2z7i18tpZGWWunlXU73f1K6OJ4Ixds5o5K7GlQ3ZsEackCGr4jhU3uMnSJWr1PPWERws0+gCeGM/Qzy8RMzILLy9267xfhLO9nbZrhSUgjvXahhVi57RTPONsQSjqHGwO5987z0zxi28pN+GccGjypoxJhvfpvDYidvotu7ZfO1Sr+ZaIX91cciBYF/8HgA8xGZwNEJzb0frwFAezprKgaax1mCkDX0r4IlS4fOQu5eh3bvGbHSC6QRzxlSCUz3Z6Licva5aFliYYg/jCEjl9hHbojUv6Eu229vF8ssVsYbc0FQpvPvkX1qRqYkhZ6jS2vZ8g0Gja14nk9lGz2pXWqVtBnNkCzGz4hpjxEB6Wr6KSFNMzGvT8G4qVAvzYtLoPSIiAYheoEEPCp4M1ErkaQbTCvlxAt8CDdy6G/ENvzz2zkJ6+MWFZXKglSYed+/Cwz7k6n8lx1Apt9qXbSa8vqSBhms+/J/8shjOOuHFE5qtr1/xQ16S9nTExA+YGSSl2fAZKQHRH+bQF28VzfJEFxZYlkk5M6PdkGRU2/jW2i9777z0+VBsMhO5uO4XpsxliC4OBFGy7CRxCPeSQzxsXXkdlNcDmdHaqmo5caDY/AIDQOaDVPnN5D2FY5tMOYY1RyAkuKEHHg+pZO5iHdpzbJiUekfJOYkOfpBtC4QwWw7fb2sSlhf6lcwU0fizWQhuNbWKMb83aUaiv0VzQo9GnOfMsWmMvWdQyt8KoLpQFOi1dWZg+tAotbcutCMU4dKj2qivY1sew+ErFwDqkqYo5sU8wrRrQ5kFjQjwaZZg37KLDsCBrToGAs7B4OOQB+uwO3ob4DLDYtLGdNIZlCNAtUSttjdNorIt4Us/sAGDLyZw0bJ64y82vhRsQlcQegmS9r6/ybICSZpHcojUTLEyr+uLXUtO0IJFOQr83tp6BrgexACRSN6058vKioSb4DiIXUpq8sdk1VMU6FkfL4eHe0LoNrbM4K3uKJG65I8J3dR0Um1bXA7I2XtUGqlxVRV47mZNsVmSzXqHLzNjOP3vRyNMEoUPvG1cerQc1Klr465xbrm0NukS+6+HpbURPd/NROm90UTdlpfNZU06bYlIPAQ6V5Zr1zgOUCorMFgZjS7ly+VlZo5OBX83PvSt+fj/blXmVbsDQJwk6HFxWsthZ8tNUcTgGXPHZt9N48oVt9ZwCU5WpmVIjVNsA9nsCUBWZts84KIsV65otFbWtbc+Erkzu27znPLU5V2/W5wBKkjFN0vmJLQzikk7c3q3VfpB4d0zoA5jQCHu7GjeSXopamqp4DFcub/eNSaT0jbfHGpta17Omth7babW9sb21sTUZjSfb42pia+CkrmYcac7WSvvaVw+vHb7i6NErjh278qijm/QLEgACDvdngGVOvOBg6GT42gcQaCBzAVCX4fwyNk5CAun+utml6Wy0PbKYTSvmhFCrEEcMqijz3mCwsmL/H/adxkkR9EdiyUt6DqE1M2Em0pVDdyPjuTtNMzd2iwIzbuKTfaa8Oh9bQnO6gRjfaZiUi3mi3Cqv8Wi0efbs9ta29bwjzZbYZK+srji6TK/PwXTs/afWN18zBZuk9UjmxGFmXfbVeNs66SeOhUPx25lphkaFEQL3EGMvkrqAnrAHEIiX4UQIg+HYfMy/zKQL4HcFBlUT9YcW+1Jmf1NeZj8nLl1otpDOXTpuSTcm6VmHneEteSnT0BnWPH+hiAzVkGDVbDx2VInxaLyxOZuMqYpNXTAdJ23rrU1oSGPm0wDQrdQqysGgHAzLQb/olc4X5qOrZBhU0KBl3yKk18K2JGO7fi8ZsAHAAVkzWJKPJh1s0Q6TTv74+IPUx+JUuOLIBHnHNHFRvZivM90e2Uybjrank3E9mTazWeMoUz74HvgxS5hc8GxUupDvIGOYv1BxgoJ2Mg2lHUmxfkkgTLSVNGqaRIPW9hmDiBp4YbhAN4ncgrRnxKImQbkkZ8aJNxBBusNzM7mr49NMi3rbpiJ4l0w7LqMFHKG3Q3OUuquo4VWck0FQ8sLm/ggj4bRNiS/VhBXJ1BNkmg5LIrScHt918hHKfI46pghQoL2Q2RmvystYB8B/vNxLskf5qdbuh/sYIWu9ffcbATD3SZ8RYu1QbQne6TNfqneoAglxlqF8H5m71lr7MZruts3z0YOoYC8JKQThY3wwoiZsLP9wtyKc3YSd6TFe6C4Zr4XxEyTVFhY+zALH6OECgI5Gsqvd2M4kxExMW9hdkIPgIoJn3Oy7KcsCYGAbLOrWWCvmw1NzIaAaBSqA+swmWBvNFW4fkzm7JCMpdojpHvQi0u2EXb9vJy9WXSevaUbj0cbZszlZDdut80XQj8E0j6vDHIAzrYaHbaamoqv7/eLlL3vBn//FxzXMjBmPR6ezskAoV1cH9ueqajY2zuTlYP3QuqL1kQhRPJnEi+3gNXe94kFRWltGvBWtJw337FwWVbUdtNnfVnsDm7HbE11NZjYtRa9w8fBcXADdelBMZ5HvPrtE55y93V9gh/73q15y8995xfNvuvrYodXB4ZWhHT2BQCAQXJ74xlsBvgUEgg6uB4FAIHgmAvf6Ffd35Bz0rtcE5xdsYUiW//KHTXmPPueBYyAQCAQCgUAgEDxTsQZw1T4OG4BAIDhfTKbVmc3Rma3xPQ8/8acfvfNvPnG3J5ZACBbckk3YDZrIjejA0feu18h78IEXOQwjYFjZziSZlgEUnPF0DSaTEJXOME8/nS4wYW2U2w7xvHg1TWQrQnDUQkufgvjNLD1OuycCLfE5Juy3LFnUEDi//rT2qHZxVMLg7ICTg5hSEDpHBQoDzidkB3+p6p4b/zUmTLbgYgL8rQ07pg1AR/9jCVJfOOwPgbKoA+PTU5Q4pk+g3C2lsBBVi9dGuXLETnMTmMR8igon4k4bSNqT2BK/THIAdPmA6eyRXiDaxOMXnhG6jLyo5RqeIiGwJGnzXJ/kgRe84eLbPiiYfRXZUHiId1La9zGZTOq6zrKsQ6JijhfxxTzVjshuNVZZ5vWv28Ur55TKBUmcdv1IsgtbRjPYRLBO3WAyqep6Op2ePnXaJqm4ssgHmWfJBNuHEOkwLHTNOUN6rpTiG2+86iWnb/nUZ7+0Odq0VW/zrOr11vJysLY6qKv65JNnx+MtYij3FOl1cw0kFSknEwGkk+mkToxaGwwosk7tLHQGirhd4CQAs37Rqweuodgcj5vpzF6g7PcAgzZgajoprUzlgQuI5WZ1OOx995te/Q9e95K+IyEJBAKBQCAQCAQCgUAgEAgEAoFAIBAIBIL9ot8rruoduuqKQy+48ao3f92LR5PZb/3xx3/1A3+5PRoBMzW8ThhLzPL/gd6hgVRLnP9eaxY7Ch5br/yWBWJJso4dopZVwthg1RSOiUz0FqYuBB8+3zdyFzBeiv7F9jodBkBMqjLJmhT63csML/FvRq0X1Yby5AND0GQM94wsCtqxuKi+VepK9y16VNvAl2ZnrodpdYwSIsXc8WYxXvp5w+zvMP+C4t9ehderm5C4iAmhAtsrJ3KxgQuSMDmACE38RwwsrpM7LiedGE9bUYHKBN0rJ6QTo7uPkOZaKwOzl/s7cmjm2T4IiUgt7+wAABAASURBVFBOmxLsntuBkE6eOvZZZB3YWDGBDhWWZd402ayqmrpyXIqcDZlTtQvHRwUkEi+jGDcsuuvkjA7qARKZk8X9LA9ZlOVwOKQo3duz2XTjzNnV4YqTkspyNnNE83MnWQPWpp95Xb4+2NLfqKx+/vOvH01nd9/z6NZoBnpSzZx0UpEPB8Pe2mxlMq23tzbt8YPhEEnTmImAdDpbaB+fu69y0x/QxUcwNTUHB2nIkOfYy0sYKvvXtK6aaTUDLPqlkxs2kIhCe6lguIDY8eLf8oaXv/0tX7c+7Nvtsiz6fReQlDWoQCAQCAQCgUAgEAgEAoFAIBAIBAKBQCAQ7AUKtadn02oyndk/v+ctr/77b3jpv/vPH/rtD34kippgjJuI4Nf3O38rx5bJOGycj3xk/MExLoQPSELYQQ7EhfxjJQzdMhOIRgAttYDit1JkIdrwIisBgXQSd7C7sGFdD0TVlfxII/DOh0HxrBMf1lAlLBOOT8zsDnosXQNHNzawNH7KMlKLv1w3jIYJrIUdHaPuSrolpux0JO7L9W4SMs9O1IpzZ69EjRnjY+vQxySqtQnVA/1LxYVEh4wwu91m+UZIQMLwoPfUzJ3efWIMr4NLlPYHmMAjwvTIeZEST5piGQjPMVoUTdlbCCP7ye94A1xSXECFiQt2YV+ZcNnenY4mGB8tiZ/acIGjADvOZFD0QWT1HQMdQY7uFRyyzCs7de6UgEPbLknNHLOk+ySJ4ApH+WEenItW5kRFXCw2F0zRaYuorCzKvCgUsv0leSmqRhT5LrlUiGbIEXDzIj9y5Aow6pHHn5hM6ixzYc/yrFBZkedFUzXj8ayu3WGFvbjCGFeKnoqjoSNqF8PWHu8C8aALX0XBR02oRO4gFwQoz02IzugirKfB6Res8N5FcQlZsIOFE5bnf79fvvuH3/Ztr39Zr8hXhv1jRw+trPQd44Sip4FAIBAIBAKBQCAQCAQCgUAgEAgEAoFAINgHrHPNutiso2047FuPm7ZOTMTXf9ULXnTr9X/xt3daPyz7VRWpmlj/o/tysF5O62x0rkf3k/PSOUedI6O0tI35qCKL3kDSUnERK4A2wIRPRNjZxmyJ8X2iwkRCFAlkEe8V9X5lxZshUkaec1JVloV/s/itwjf/Safwc/kgO3wTctvGUD07fDht3T0hL9pPmy0hwUs+rKqRRB0Kj9v6Wd3/CvdETHP758LnvB2uTm6EXippMbCrPnJNIsdFp9kQf5oHLmzsBUp78LND1BjpJIAS2RaktjR5qgon2oQ97tA2kQvkAaXmKQks4eNT4wvA3p503Pjtd8ElBV4Y0kngVsFBwwTOUjQxLa1sh1M6pBPwj2w3NwA2ECZaTwEqpRp8xipcoIZSm1JDr4GVGq+cmGtPb+q/+utPffn+x4veOmbDft9+22Ygn87MmY3RbKqLonfo8Hqv3yf2jM1lRSJUzi66d6CxwKw2ODHNuJlujsZbW9vT2bRqmkqbJkddqNqxbnBcTcfTyaiaNajzXmE/kCnA1Prh7qSTLt1r2ePFomCWU9JSXHn8yL/90bddf/xInmdHj67nB6dYIxAIBAKBQCAQCAQCgUAgEAgEAoFAIBA8y1E3zalTG3XdPPDoyR/+/7738ZNnwrp2J2vSHkchZ8AEDRTM2nA2iScfwHT/9PsgIZFACJ3DHkeFGIVOWPyEXZ0m0AX4KJuakBDy6xvlKSHKtEQAHyHH0w9Iv8BHyUmVTdrrJLoGgZ+BnoBgIrMDWZYFTdMG/VkQRNjbid86yY3XMNlZpcSEX9N7dW4xL8ux6533CmSRBA7a4yIYxUX4dTkxg7qpa9Nop7eAUXoksg9S0om/gt/sPE3LBPEntu9xR5A6Reo71jBPSOge3t4vZQ8t3DeEAJmDwiACBMxAUkkKW7YQgtqzMDxjlU4C8aezYRb271pwU8pWUpg8Eyui3d7hWbxeE31miI8jPIT4AOKTiNuIU6VqpcyFyYbLBQiNwlmGowLP9uArK/jFtfKxq05kk1qdPrNV1zOnQaLQGray16sbPauayXTcNKYsnZgKG6po4g24uGq29HJIH0WhzByaYBqdEornYWXKBWNzeie1tmAVKXQCKm5fIiqF80mOW+kbx+4xuLQI7WjDVoa9/+snvuPaK470++Wxo4czJZF0BAKBQCAQCAQCgUAgEAgEAoFAIBAIBIIDg1JqOBzUdb3S773hq2/94Ie/aH2O1l/Y0dVgZzrxThARkr3AjAFPwCABEyd6oTsf959jJ7DOSescdOFzTBQQiZSEcAuFgfxiHZjttsoQXQgHL0OSKU4bH0Y6JbmLAqQy/3ESJjmfao9GT1bJQ7QNv5K/Fcvw7AoT2BXaOlsx8BQcHwZZCcUnlTJCRT0RZmMYL+LScZvHiy8T0Wjzkr4MwgI/Ju5p3fJmueZK8gl8jl1ZKgsMmFRkxb+p8L6DNoqJMif0Tt1nGbsl6FO4rxD2aGeCCz+nZxl0mSAdokqrqJG6jxPWC3avOX8bk2QLf3T4GHoQHXbGX0nmwadJJ7cw8ZHQp8G/rZbRspAtz+TwOtjdxqU/4X7Ohk753oFxAql6RrrLV9kK4QFlvoy4CVjBsx4ZTg71N297zujQun74ZDWrM4OZza+8KG0d1xqr2sHF8ckya1vTGDvBOHs+mLOBZAEaTQHIlLJmUlPYqYw+zso6uRTtGoW6cUaNTLo7IhjMOTadZw2G6tMpPFG0KWhqIaaUlR2NirX/P/9j/49brj3R75VHj64/s2lGAoFAIBAIBAKBQCAQCAQCgUAgEAgEAsElgXXDDQY9620c9MqXPO+6P/rIncbMrUD3gh/OX0iuXMcjcb5E/oec9BQ3x+leNI3jnbidhjf4aDDdEBlRwYCdmCE2DqmouCg+nmViXYZ5rrLcRcnhWDlZQcFw8hBJJyDLiE3CexR6jZO4AYkPPNnoBFtJWA1RsQNNcHojsJaK8ke28XC6btJWOGTOwZmQD5ZSRJJ1/TgnyjLHQfF3JHGR3T+e1IOwQAHovN05FswSz6wTpEllV7xoDVFP7HfTycaFe5lw0UBnwYUk+E+qGdK6maPDG6F7fZy7Cb843ONhFnM/DdDhRWb8n0H7ps1FSLfC5YIHHBcJHc8q0gnMlemlBX2fN0ezn4OWkk7Alkj8ijL3Io72e7tnDWz2XHXUvPKFjYLRA4/mjekj5r1iJct6CjNbnyfTiTXmRVkQUw+cVAlZPhcUzbUEbHeQzXltdzrlE7dhrb8t7k4+hSoOBy6zp9eOimggsvRMUivS6oExhZGVgnMxwdj8mUB/2Y3DRviHb/yat7z69jzPjh07LIwTgUAgEAgEAoFAIBAIBAKBQCAQCAQCgeDCod/vTSbTE0fWtiazz37pIdoX6QGkBsL/EoOkaawfsW7qxnoTrXfSwX1bl2NtN0IYHVrjbtroGswGAR+BgVa8B6JJUC5RKs/sx6mTuJX2Wea2M/6FjiG5E88sMfYyLgYQ+lAnuMTJHdIdPlHEwu/3wXN8SKAlMW8wRtIJQWV86J32SPKvBsaDicFAdkRHp6EbKASCkAxEBy0GkokKP7XOe7148R10HzClyMwBSHqAX02rM5MQeiB54HSfceXAFgAfXSM8ECxNQNhUi0fsEAAocFzaJERCD4bfVTcv45FJUdgvw2GRLYEtMSrkU0IqmeO7tHdMIkyZpQ+Xg+DCYgx4N8JM6Ca7oMzxDa+A22589D99CCezgepj3+5yJdaa8Woy2gJs1g8dLsu+PZh4J75wA9VDZvjleTboFaYC3aATMwFd1TVUDdsppzWVl+AuAFNdV7PKth6qcPxB4qSwMWXRKIDWtrYbi0iOgT0ZJ6srg+9/09fajWOicSIQCAQCgUAgEAgEAoFAIBAIBAKBQCAQXGBYl9zRI+uPP3H6+7/5a//HX356ezT2rnTmUWjDjBNPMXHKJenZPhQNeDETw37/QFBwXkVa3e4pB+1yd7qzUhwfRwEH8FEqEAjUoo8/huOhwzjltPY+HLi7ZMecKzNVJDEJ5yQSFxwfBUOgHE8gcDIuXuoD4ommyzZYJH9gZ9NEN2vk5CQkH35MJnaE+2IngfOXbJ/I7CkPYZb5av17Wbha/N1nEjEx+DG1l7nxz7D0vv7oeIH5wD3pteeTkyobdHYHJlSqaWK6Z8ZsXSJ0sjSLML6OzmlJtiwImMQDCFwjMJYoYxQGeZhu2oR0cmFxBuDePekIAsaJo+qHvuXRD/xF7/GNtSwrilyVmWrKbDabjbc2bTFeXz9SlD1N1h9dUB0TazWz2MqyqKkmcpCyica6qagdcKzDvFCDrDC9Acwmujb1tDaNhqLEHK1tJaabBmvKjY+5s5RuEus0I/L+dnvH9Nvbv+W1/bJYGfazLAOBQCAQCAQCgUAgEAgEAoFAIBAIBAKBQHCBkefZcOhWpf+/3vqaX3jvHzPDwDDJojEUQCewDDyNwNM+TOt/5/g2wLomEAQzwAQNClY6UZFHQJFwIKhKBJ0PvhJ0Assw/QKiUIYJgTpaN2WIyhIOgLhzKYK6SSRUmCW/mkD0MK3OBjlcTfdY+6dKSSfh5m1yMIiuhLxa2MBIOzE+T7zYhmfozNEczhNLz99RfaV1+No3GTLMJLnrXjE7oOkZ5327HHmn40d2zutuilqZmrgnZEgMsME0HBPd3Q5ax9vp5FwzJx8z98guBshcApJS1U39ItEk4b0kojamPWDvtySkk/3A7LANO1OcLB5DeAgE54KVAf7v33T/7/9NdffDtxaI/dJa3tJW9umsGo+2bL1bO3S4LHrhcA0+wo5DlivbMPTL3Fm/mqhWWleoHD3RmEo3da2zDAdF6cKTIYxn07pqwNQZFJihkypS9IOttTqRMwqhc3AxxJKvX1HwCJfoU9GOoij+/mtfbK+5vr4CAoFAIBAIBAKBQCAQCAQCgUAgEAgEAoHgomB9bWU8nrz19S/5//3nP6lmxq1CpwXrTvCD2Sbs3WftEk/Y8DFb3K6MBUtaORMXBMf/SeFalHMRkrZJSzVALxtiokoEmuBOxDZ+iidemEAQCUSFlM4Q/wlEhQ4JZCdH9eKK+RBNAhKxisAnQN29XpRgafzye62BGTQp3wHBRD7NHohcBhMdq+5bm71PXq5gsp/bmXaTmS4m8HrCZdrAQeQmdhE23OvOrJ85XGcJ6cT6fiEhnZBcwjLSyWKyQ+bNi9NEXoeBTGU7+qaB30J4tM6V52/HKjvJPWBOnaUtRlHexrT6K4l8iwoPxKniW6m52wnpZCfMEU3Mzke2rysRF3oM8SsgOHdkGX7zax/5o4/oz953U68gsiC4CDh6PJ1sb7qAZutHyrLULoyW58MZoork1qJnXP/I6roGwpTKuPhr2qi6Al03tl3Q0M9LINrapJq5GGyNZkPCrBGmGLa1ziRWaQl21XMKP33Vi55jEz7ol/uyugKBQCAQCAQCgUAgEAgEAoFAIBAIBAIFp806AAAQAElEQVSB4CCgFPb7PevRe/ltN3z4E18CaMi7p4kSEgROFDFIVJQlUcwnCX8pT67wnr4g2sGsEX+U8nF26D8fnkUzayEhZuCc5gafwpoXaHzQmRbRZYldr+QuHkqT0CmS++AOIViWXCEkFjH1mcIisyHVOYFl2g1z6Vq8Ec7/tuQos9sOXO7G9+/J0yiM123xFJN4U9IY0eRrRr9DcYSjKAnDHmRjFtOsVCuKg0G4ZRfQz05VBxLmRwzJxO/deO2ZrtRIi8AN6lI+MHlh81kQNk3311SuxnRzP/kpJiOWd398Qojxe4V0shPMU9Dx2RTGyVPEN77ysVNny0fPnCidCkmR5XldN+PJbLw9zvOeUnZHYQtx4xl5mgq7067KFOZZZigcGuhmphuVZRQlzeiZtRRO9aTIM8jQMedQTVyonYa5Wk4oSbM56Vb1YFhwaVwrs8wcd43Aa26/2X6XZQECgUAgEAgEAoFAIBAIBAKBQCAQCAQCgeAiwjrpxuPpa192y4c/fjd4F7pb9K6CRARHVIlxdAKJREGrbrJEhoCgo4KF8SIidAx4lZOWqpK4+QEgBpzhbWx5Ejs/hmGeRCpVAgBLRDUW6SWeP+EX23eODxcz3au1NBXsRopJeTDLNFl2/nvx2XD+WKPNwsO06iumQzIx7d/d6DPJ9cJNo85HR2nApMSjjg5F2LkoB5Iq2fgX4RzNJo2G07l18hzGNA1pxiySTgJ/CYzZ8W1GqgfJKHRfokKYo5WoJa9mSclJuSkLxCRPNsGEBGPmCDFCOmEY8LyxFKjh/DFVeC8InhpUBt/y9Q/+5w9mW5NDec8FWhsOB7aOzSq9tbVp39nq+hrxToyLrIbGRV2zX1luS31R5KpxKka6KOraVg2dIRRQmBJMVZFUlgvGg71MUdUZV1PjgraBbVgwy5hB5io5NSSeAbeEgWSWbO5AO3v+DSfsd14Ix0sgEAgEAoFAIBAIBAKBQCAQCAQCgUAguKhwK9IBXvDcq/LSbuSKfMPOK088k5ZXgph65ZlBkroJvWJGx2+oyJ1ITAJIYuFE1gI5IZ1HM1uMt0IsEGOiEkc8m/4x3UNbeoRJyAEU3Gd/SJ+jZbn4XxC9Y7S9ffswnX/paaKci4/4s5Dg5fc33cPqpolUEv6Fsmu3K/DR3SwyLSfGvYjAUUHUkcExn7kxMxsg+RFIiCDxsEVpkHkmSrjY3qQT5KvqlrLjAzB5LpAvZmYJMyctkOFqxiY8pZWYZl6GBpfG3zDJz6iDhE+2Q7Jjxib542UaVHJFV3zEC7479ltJA2qlvsSlU/AUMezDt7zugd/845tmlS2pxbDXRyzG42oynW1tb9myu7K2WpQ9V4O1p7EZ3YBSTCPKVdYr8qrSlf1fNxmqIssda9GYGk2lKbJa0TNOxMhM61lT1fa0zFaSTHlrRXQTpnR1tIjm9au6WLb/yOrAfmdKgUAgEAgEAoFAIBAIBAKBQCAQCAQCgUAguIhQmXPSHVtfycuSY+YA0yyIeuGCIXTlHxJuAQYKQ6sWseAOTHRQdnAgxsAKSzBPYDBLN+dO6RBcAJasn8c9Hd1GoTLzcVeYUpDEVQkBauai/oR4MOE/rZmwsus9zfzzcbCZ5Fn0MqWT9Lbh27M1Fo5zieD0mp1UJiLDxYczMkHCwxNDmI/COi7MSWpzkwlC2sxTStAg7vXo6OkmEMRj2jA2UfYGna7C3POqBRcz000MdARo5m9ozGKxwHgkP7R2AUCMaZYzVPwZSISkNkRPG6ko0WMQ0slBAvFRgCkIDggnjuqveuEj/+vTz0EoMsRhb4CqtIV/Mptubm1gptbyHKkZsEWdmD7GGyengKXyPO+VmmF329rQy4sCYaYb1HXlKmw2zHtN6XkndVXb6pxhDqqVRWIKlzFR+AoXZYNa7GBMbBvmbpYJ6UQgEAgEAoFAIBAIBAKBQCAQCAQCgUAguKjgleFH1oaYscpJR/WDhS4WV5x3PPFeicKzR0ygKESGSpBFMTE8TbjIDuyQwJ9omQfLiANpMroHMHkBloNTG1Oc/NARajGab2E9qejJJqZDrqEDfEwenyIT+CVMP6BNbeKRgZGwNIqEpztEqE6MGMrbLuUC5x+L0mviK2xVWUhEQPMu5rbouRc6LzHAQh4mZJTqJNL/CswvScOmhHKCScwagL0IPu0TYfKHv49nEfEWBsUTCIVqJ3Tzbv5lL+Ze/IW/XaQh47RXoKUZLb8JpuUpPG83DJAR0skBokI4CYIDxStu3f7U3XpjuzZY2BKc5/lwMNCoq6oZjUa2pg1WVrIs03PGiyyjUqpXlrayKAOz2Uw7a4EkgkIaQNooa0eyouoZbS3aFGZNrevGHqTyjGPrBI0kR3WkmkOGGJdzTsiWLa33Js8zEAgEAoFAIBAIBAKBQCAQCAQCgUAgEAgEFx3s3Rv2S1AuKgmHOWkJFqbDHUlPbGPMzPMlADp0EATT0jLAi5/wNT1xwLR8lB1TGEP7zDMGvCAJqBiTJeyH1G/Z4VWQtEbnOorDOxBHhLgmjeFIQBQ/xfhIOSbyFzj8D3TESTSRTrQBTz4xkSZC/AyXUgVLPKaRzBEJH/YOtTaRO8OsF63r9JwoSgLt8yE7bd2W8toB9jx63siKMKxj0lVnaf9tX3z7aIHsYhS2NIuwbwn1w3BAos6lu8AFHRLE+SA4HdEaPkT5HPEFCWCXYuOvnBKXAHbU1OkGAKLC4ElIJilwSRCfpNByiJBwUBKGyePSk072YI1dErQpCm95HylC/AqgBsGBolfCV916/599/GaEsoEaIS97+QD7iNNZNdvaMnmWZ8MVpPah5nBVREYjY+fkhoqisBuN/btu2HK4sG2NPUwr3diKOyhKF7DNbs2mk9lEz+xvCjIOvuWMqYuF5nhe4BRQMDYVlL6W1dZJdvwL9x1GTSAQCAQCgUAgEAgEAoFAIBAIBAKBQCAQXEAYDLodWdfZ78LszPnsE6oFn4PJdsezTzSIlg3ihTNCBJj0crwvsCeWRcXBjh5GVLBomRowH+gmHGoitQFDlBnoPEWtNRjduLgzTB1pnAfVhYxw6/m7tBoTRFqIChIuxlwdjkADfKI9FUxHZ0NjeMwOHF+lpelgm9d8a35oUkyB5JHaZ0RPmlDt340hioYJ2hvKU22Y3eGUT5aRRVp+gjYLxAQDNXh6hfIEFQgsGhIHCdewaNqEwhJG0hLuB1LQn+TFYPp6MVI6WIJF+TwwOL+Rxj8Cn4vtAf5aZkmaOIfbRDPzKpxmYrmFcAtkrpI/l++YMJGCyosonTDxbB4pL2m+Pu6AGeJpEFwAvPzW0R13jc5s5bZyuZhVSg16OSrQm7O6ajY3txGLolfaiqSctWrsv05yRKMhA5hhZgrMm6Ymy8eBuOx1SrA2w75pjSqz6OdFmZfQ4LSZOd5J7nh4KkNieLnyoFrana9jZFW058Bhx5pEm4DwNGCdVFU1Go3Obmw+9sSTk8nE5k9RFMePHb3i2JHhcGi3Lz0PTCAQCAQCgUAgEAgEAoFAIBAIBAKBQCB4anAMibBpEvaG1mHZuepGKIEQdiYoSiwQUqArS+E986DnpQrI4YhRYgOIwdG5CstgsEZKoFGk53syikkC9qBPEuLCAnndmAVRDeKLaOv0dF7TpjFN3VjUTUtEMIkeCCUkxlSB9tnaC7pwQkRTSDJ2J6ENzBRLrdBV0RNHkDkWlBk++5JoL4hKa0jS0DplQxwfikThz2gCCcJ4LYHw2HMZgUF1YrkL1Ht3m5AG3d0PS9y/Lq9Vd8/8EZByh+KtOOmddLgsSoRbuhGYFhPbvUfLPWk1cUwQ8kkKn//XtNwaPsBwYjgkiII25hFSnBDO+pixbSGX8Dq7o7U7exznGCeXP7vgaYk8x1uuO/mJu/pK5RpUZVRZFEpl0ORb2+PJaAqwubq+OlwZoC3yRMizRotYV5oNc4ZYqGxmrRLpPEHTgMqVvZytM9beYpZneZM50RRbNzbGOJpNdN2gyjR67Stbiyhij7dmmBiNpIrO4elRHmyjcvr06Q/8wZ89fupMRygKYdAr/5/f8nevvPJEnouhEAgEAoFAIBAIBAKBQCAQCAQCgUAgEDy9kfrCzE7+vY5r33oCg6CFmfPvz1+Z9UKMJ6HAAohXkdALQsCESLDwR83fqr1hCNSTpi7IpgTNCUcRcKwLCn7TuYB2y/IzlZEkirbezkZrd1g80sRLEukgkm0wqol0sydVXVELDJeFHPDxaDzFAkMAIM0aGkmUCZNobugQeYgzzKkEaMoi7LCDTAxP5AkWrCiylFMCc/l3cdA+3p5Homed+D/3n0j0Mjcwdy/WpgGfaQjBu21CcB1P31EtFwtjVKhYLk0bC4nJKf6WBPElHwwQnqrMie5fYcp1wB48w2CmONtQk5PwFPDca89+/K51o2tUqwoLxAyM6pWF3bFZjyajicryoiyDaWOCiJNF0aFWFEXR13o8m+mmIXGSGjOnmmUNa2acLErtzstWhysNoEaY1rOmbmzNyvIcPbuOaqbCYHFTtqLpSFv5n+Ove9mzSwpts2U8fvzJM4jRgpA5BjOZVvc/9PCxY0eFdCIQCAQCgUAgEAgEAoFAIBAIBAKBQCB4BiCoPpCySHd/+gf/2/X3m+TYBY5F/C35Xrj3HFWicy65/pMYPannLiQmMAQ6LASvmIIcn8FwhBqtaxf7JrmaQmVcDAjrcW3qqmoaJ3CinePUpJFgVPIc7X39A7fUlu7D4xKWzZIsMCH8DauZmPBEZllkEjN/J//kGHdTYnQa8oWzK+RYV9jj6YCl0SeeckgKzgzj+UhBJMZHRXJZpfnVGM0UE03ZqJ3SCYniAGm9eCaMoTeHhitBCLKD4ks+EDQA23C+MKqornw9lMfhGYzZE8Vjf4G6gvPCc67CtfVmMp41MFUNYJNnUIJS/f5AGxyNJpPxxP45HA7zMs8y1RDBzcXi0dCQnFOR53ZfQ8a1aSpdO+UoJ3aSZV5byP6vELKiGfRdZK6JGk+nTu8Emb+CxNdSnsNFx1vbTPwv07YQC8SxZX9eXrBPt7k1Cu0WsDmGQE87u7mlF+S/BAKBQCAQCAQCgUAgEAgEAoFAIBAIBIKnHTDhQuzmy1/+k3WiqTlSCO9P9gQBCK8SkZwcff/xRBPUJqANz5NclQQ7KIIJOev4MKaVmKhOASRhYt15xAAwgXfSgGlYwsS0D+R8ozaRurGHN/5CThWF9EPadHrGBlIwIHtt8PotiG3wmm4e+rTvhUg3aXPGmIUYQ2HLh5sgagOf2XRfoOnSShB2JAnNpwN2jLzzTAYrxIRS52Vm2rKkSHrHu4w5AogLLUKKM9qVfHdWE1UZMFNMGWKpBiGdHAjOPhUxi+bw7c9wxolFedw+Zn7qDjgvKAUveX726bua0WiUufJfIOSZNirLcDBAUOPpbLQ9sravrwZ5UZBQhw9t5i/hxE5yjaWtOrVj7dV1XVnLtKYomAAAEABJREFUmtujyY5mhqOYmaEqVJ84JhpnTdVUtcoNqjxKXEV5KaqZGrrKV3PEk6dIPDsQuPYi6GK5YENZNnfA5vYYEo2TsO2+x+Pp0gs2jVcSUwQQCAQCgUAgEAgEAoFAIBAIBAKBQCAQCC5zMC2E9TA6hINWtsHBRxIJsUT8pguhs4OERvRKmh0IK4BeusMkrBJt4sn8t9ZhfTgwI8TtSteHGzCBKOCVQLxAipc5CekyFMehpbPYS1jvaBq3xTr43E9a+xA6ME/A4EfCEFYiTUOanLBrXuEFlyud+OARLsF8LmUptiSUEMzIh9fxV1X0djjEBGJKGTELSY/xaDxVBnbCPrkyl3dQC4YJEXPaKEtzwZVMKIBRFkZ7XRyb54Ydwxhd646cRCQlhRpdMCaKzNS+KFe+4iuy/yshnRwAELfgKUAPr4VnAdxjni/pxOK6E9PP3KVnUyjywpiKAo0541/mBQ6HtsyPJtPt0TbaKrCCmOUkQ8LkO7a/hoPsNAYbe9oMGt001mzZP5zoiZOUKlwq7WGZQgWlC7u2PYPRrGHKBrH5tDfeWvuAWM4OkmFH5tmZpyxwdMBommY8Hj/2+BN//befuu7qK1/x4hesrq7afIgH1HW9sbWFbfA0SOSxzPZk4kWoQvNmM2M0Gn3xS/d95ov3vOqlt1191Yn19fVFIotAIBAIBAKBQCAQCAQCgUAgEAgEAoFAcJkhERcJK82NSakMEHyLQTtD+wgi/kdcxmMIeiLxMCclsuzmLEVCTk6gNd4pg8Ot+kaSGPGptFdprEtT+3gxiOT71CY8R+BdaBPXn/tEcsyUeFsHL2cSAqI4LkvkJZg2dA20oW44EJFJaBxdtJItkbBj5rNkLgMw6sAYE5k9UejFx5to9wQuBbYZ7LyznEzoagGEI+bJFrt4b/fl1V36IEuudYlcxCm1KIZaWgoMMY0oEymcB3Ga2jBM5O8OpcoepK0L2BYbV+iyEGIpFHCnjWJUKHVGSCcHgvOMGuOhVuHZgKf2mMcPq5e/5Ja77nri5MmpbpzuU5Y50Y7GNGVewGBgrdnmaLS9vaWKLCtMQXonFGAnRPeigDi5RZOrplZkgBv7u8KM+HEKsDAq046v4vhYPdIOysy0bogeaOuZJjUUZ6PtlW39USyTlXASIy4H7gkTRL7wxbv//COfmkxnDzz8+ANfefjvvv7Vx44e5fyp63pzc/PM2U3wQc7m9U62tsdOXSbLbLYppaqqOnv27N987NOfv+d++/vv//nfvOblL3reLc89fPiwPQAEAoFAIBAIBAKBQCAQCAQCgUAgEAgEgssVJPegW9oJkUrAL8BWXgUlqIyAC0gzL2vCPnaETtADCkGTECh8gBsTfJSRuUDkEB8sxxBDoKV7cKQb4g14HRYkaggf71JmXZjapLQCv0jecLgcv4u5KEp5yQtsVUT8n9CVwUjiDc3n1h50i1YsZn+8DEiYPnM3MJr/jIF+lkuemEQUpd2Vap2YKPZhdladucxxXhoHnIHpi1CY5Iv18xLLKDB2bMk2JkPnGifGCIk5BOWTeBkXO4SiL5lG67pp/ciOnqKoyvgEi5/4AIAwg6eCp2dxP2c8tcfMYHTN1VdUs2w2eXhrs1YwRVU4SRIsUWX2Y6AcTyezajbe3i4HA0WaP2B/cgGnbAuiuJaoDLJM2f9sLeFUVUbXCDk4sY7cXcgQASMzGZh+371bPZm5sGcmaFQZMtOt3pVrCJRZyjMx+7axB46mcdGIPvGpz/71xz/bsDQLwEOPPvnf/ueffMOrX/GcG66rqurJU6fvuveBhx59AgLjBLp6Jxtbo7/4m4/detMNJ45f0e/3nzh58s//5o4nTm/ww9aN/utPfG5aVbe/8PlHjhwRvROBQCAQCAQCgUAgEAgEAoFAIBAIBALB5QtHZUAfloU5EyaEbfF0CBIVCTQRTz2BQGPw69OdzxE7kXeUj/PiJTyMbppU9cNdqdExOA5FzEE+sD3IMB9Fe8YJq68EjgDHzGGKSkJwCaIVLFSRyJSYRWJH9G62ki4K9kEYwTntkCWHmHNbju/5MToyUNC0N/PPMX80pGo0QXODD458C9U969nhgg9IGCfpK0KIYXW8CzgyRUwIiWRMCF7k2FKOwORP8WWVFHfq2tApSFcwoXD6iwrp5CCANQguMHKsThxfy9Vg8+zoy9MniUWVO8Oua2dCsl5ZZv0ib5qqrmZMQ8zyHHNr4zIXKQc9nU8ZyPOsLIvaKVJVjdGV0/9R1hoV7kdDgXlcXempzNWywv5mtqvZzNYmbbLCkVlc7SLyViI6RUY8kQlhXCpjZpMxHo/vvOtL/+vjn3OMEx9uzaVzazT5vT/7m9uf/9xTZzYefvxUE0IFMXEz6p2wtJf99e77H77ryw+fOHrouquuuPPeB8fTWXqMbVY/+pm7bJa+8Pm3HD58WHgnAoFAIBAIBAKBQCAQCAQCgUAgEAgEgssUPlyLZ3wAhRhpQ9XQEfwPtl781pmvGU0T5CBI4cQ54hWCF4jgSDd+2XrLjtAseUKRcBo+UoeYOPGGmvRRPIMEmXSi4mJxE4LFMFkgaoJAG1UnXGkHDyXOLZjfnyNzf0vsz3UhfqDJdLPdtFSS9siWJMORifwBBj1dItJrwrvzGeG5LbtG2Lkcce4JNnOZEMk5vA+8Ag7TdjD84m8S2Sd0qFEmM4kLnAp8TXGe7I8Nlci2hPFV7ZeQTg4Cpn6WMaUuARRU1XQ0HPRue8GNTVXfc89jRdGfzcZa5xQ2R2V5ubY6cIook9FkvN00ddkf9ocrWYaNs08UE8egrRA5qn5Zuro1w0k1bZxgU8OkwcIRTZyQiTU/ypgSQeVFD9UgL8+OR9vTCSrlwuw4rSFFtTa155cRYc5W/4cfefRP/+aOyDgBbCls9mk/dee9wY5g59u0BibZA0+cPnvy9IZJ9gCTbNy/5sOfvLPf671oOBwMBiAQCAQCgUAgEAgEAoFAIBAIBAKBQCAQXH7QdRUUTZzoCYXW8YFdyME+z5wwkZKCzCppNAfI0XxCGlXHS5wY0kEBbAKtgnxr2sW7MUHOxPsY50kStD4+EDGcg8+0DIw2IBDtddQTzcyLEAZo/wgOTlzyy7nBx+o511MXb9xKnWQ7HcKKJpQfisPELDBOIscCQ54xe2Mxd1Q48lyf+CIhcEf243s2QVYgpZuk4IfV4ejWq52wopIQTC7zGhYycRloC65SKmuUU0DJXWAdQ3wpHQok3VdIJwcB1Od0uDpyc37dN6qVazBfsX8+i7z0138VOIrOtt5+uH7oj/Xpe87l5AZBI9ZHjw6e97xrqxqeeHw6I3KahkrrGWinX7KqnLJVsz2aTSf2nDwvs16uQLGlst+KqpStGr2iIFutJ41rUGqnmtI4I6/ynChaqE1uMIes7w7OrZVHrcd11SijCse2MEFKiyStfI1M4cmGlyLEjr3pZ+68Z1bVMbYWpzPVMoksuSBrEn5d0DtJzuJ2yB/jTRE1jp+9677bXvB8ePrjzJkzk8nkqquuAoFAIBAIBAKBQCAQCAQCgUAgEAgEAsEzCNPtMUeoIY0TljsxPngNJHSQ6PRjSRPtfWqs+0DBcSCV6WBdEh9Zh3knXunEh4Sxm1muWikUfwIG8Q7nmzTs7vcePX8D+ie4OZMgNsH/OO+cTJKkdiJUJHSX+f1Lce7aKPvBuRE+uiSMSHVgaGNEH2IeCzmiUJl5YZkd3oHxkZq85I7KMxd3ROfGxQ9xee0ChGjHPTFMkjISXsdcbHUKdex5vRf+IDyLgflKduh59jP9wi/rJ+/e/4lkoStbhI8fX7u1ufaJxz9HtrhEqE1TIwma9MoCYGjtzvZoXFfVZDzOVG4RdDtcfaJLQYaqLHq2ZsxmONZ1bWonZeUu4mx5jlmmEGtDlArTc/cZuFZivAlgj1RNXdsLtxJbTMEwS4gnl8TI2eQ89/prvnDP/eDjuoX2KbJJWnUTgFaUCz33L3BQYMmRTK/BSKxkDsq1Vx2/EMpUWwR4Cjh69GhZlvs58kMf+tDP/dzPnT59+pZbbvmN3/gNOEf8xV/8xc0333zdddct/vTAAw/scuK11167NCzReDw+e/YsnC8OHTokwjMCgUAgEAgEAoFAIBAIBAKBQCAQCAQR09EIiDsCxsU0AM0yIU7MwfNEEvWRwBExKeOhaZpwMYNR6MOo5BT3B5/h/idqi/O60YnESQlXo/+Y4YImDYUCIQ1psB/wa8JTLJEMiVfZ8ffoz+zEsNnh+J0YJ+frFES/oh/Sx0vZO3EPJoliR2dcLY+RdUP5oS6By/+iYP9xdoIwiU7eLc5JpRgwadwdExVqOrfgUzJyEyvS7IEgHkNxpOgXlWXaif40QaEGc31wojFq4V3O5cJSyYfFnNrnYQcCBNivDsUB3T+/9htBQLBZMTsn0onWRBuxpnh69IrBC190/V13P7Kx0ZBiVE4KUtbQ1708O7S6mkG2NZnquppMRtb1nuUFNxquEXHUE6d3koHuZ0Wdg5mamauFujZ6Vjf2pzIzBWZF7vgptu5oxELhur1Ogae2N0f1zCgDde31TVBxpbdpwzTs1aWDbRxvfu4Ntz348OfvcXSHBXUTs8seMEv0Trp75vVOrj5+5Ktects+uR3nhN/6rd/6pV/6JXgKeM973vPSl750P0d+3dd9HXcUvvSlL33uc5970YteBPvG//yf//Onf/qnV1dX3/3ud7/qVa+a+/Xbv/3ba1tadsAf/uEfXnHFFYv7P/jBD/6rf/Wv4Hzxz//5P3/rW98KAoFAIBAIBAKBQCAQCAQCgUAgEAgEAoKeTYlaookxkgUeg26SY1LahuloQpCz0bSMDqM92QGh4SP8uabj2k71OcApTiBF4DFZWPsdD+bAOdDesT09Paw9YNHP3fopDeykJWLiv7pDSjgX1oDZ8b47IqTfK7ekwi3tZZrOGUs2gvpGm6kmasNEfRomSSgVeS3Js1EyOKbSvh54vyyFZVcz8xyhJNBPG0olESAxczdFrU2qJrAseQqWKMEsibeEifhNSzxKC2pIBJOpXB3hy9AbMxweKmQoZsotqg9nn1N8p2cmcK/PwUINrwYB4ZyzggSpwNSATZbVx0+sX3f98UOHepmq89xWy8r+RMHNnN7JysrK6sqqPWE2nYxGo7pqXf6eOWgcb8TWjkxjiXmhcjToWCcaGm0q3djNylA0N/TERltvhkXv8HBlqIqiQVUbqO0RjgVpIIR8S1sfr891CWCfcTgcft1Xv/TEsUOJQklilUxnz+pwcNN1V73shTe/+uW3vfaVL37Zbbfc8pxr7U5stUziWfFqXu9kZdh73de8bG1tbalcx9MItsx893d/N2//zu/8zv5PrKrqN3/zN7XWGxsbP/qjP/r+978fDhRKkVxPntuN/e8RCAQCgUAgEAgEAoFAIBAIBAKBQCC4+LjjjjvuvfdeOEfYUz7xiU/ABYZTbk4yzsEAABAASURBVPB+c97wcXW86gl9TPKxf1o/YedD/nX/QciI/kCCJclnGT8AE2RKZY4RgRdIduFgcXBO8yC/ET5wnh+CiWyNC+TVvyxwjiWE80Ht87gdSBHxIsg0KMc68bmNpOOj/K+OxYL8edaH17nowHwIAsK5ZkUrN+XCRuHRoyt1DePRbDTabGxRztcqrcEUTg/F8U56BrJGm8l0MptOFWQlDLJCxcBpFGLKVYtMYZEVjsRooGoaRyMhzpjTN3H8LOaxOB6ZvX+RqdVioIawPZmMq8lU69rR0JStScYxM3QbmAaIlHHp7Fue50eOHPm7X/+qD/zBn4+nFSR6JzEmjv0+dmjta176wmuvuWo4HBZFEU+v63o0Gj30lUfu+Pzdjz15dkHvxGuc5Hn2+q956Ynjxy804+S66667+uoOS+nkyZP33Xef3Th+/PiNN944d/ydd965ubm59FIbGxvf+73fu/Snqqp443d/93f/9m//dukxL3vZy975zneme2y+/ft//+//5b/8lx/60Ie01u9+97vtdb7jO75j7sRer/fmN785/vlnf/Znp0+fhn3AXvlNb3oTkJ7Ku971Lrthb2eTYTc++clPvv3tb7cb/+Jf/Iu3vOUtduMP/uAP3vGOd4BAIBAIBAKBQCAQCAQCgUAgEAgEAsFFxx133PGnf/qnSinrE3n+85+/z7Puuuuu3/u937NOFut+evnLXw4XEom+hYuL0MbTWcZaYHbKTv4+crrhUxTMeFrwTp6mWAxP83TJ7a5yyd64cM+VaCxEGZV0299XSCeCpw2UAk20E+V4IDrLzbFj/bo+NpvNHn1ss2m0UivaKVnZRiHLcuzlWTMcGK3Hk8lkPLZGpe8CTRWgiN+l6UBt64DSym7mKkOTwXg2dXIntYHcoHLx3DKSDnI0Re2O70NeZoN+L9/GfKuejpqqIgUWyChmj9qvFtOFhjUuZVlecezYi2+96aOf/mJQKAGu/6xc8qJbnvM1L7/90KFDvV5vjk1ZFIXdubKyct21V9/x2Ts/8bm7W72T5Pu511557TVXDwaDCy2w8da3vvX7vu/70j2RgfG6173up37qp+aO/6Ef+qGPfexjSy9luywPPvgg7Iq6rnc65tprr13c2e/33/3ud9uffu3Xfs3++Yu/+Iuvf/3rmSXjSod2KjhHjhxJ02n7T/skndgHsUXYbnz605/mPX/5l3/JhJuYyI9//OPMmPnsZz8LAoFAIBAIBAKBQCAQCAQCgUAgEAgElwLW62R9RtYz8nu/93v2z/3wTiLjxJ5oT4cLCt1w7BXy5lnflo/msqg5gq1HfWcXWFiEvn/X4GXFgfBuw11hAC5PnsY+aRlzhy3SUC5nXB6pxRAlyLCH2W935VEOknRinqmyNYLLBMaw0IazDLaSNc2gX1x9zaqBq+rmKw995XRWKPpJ2Z80VIiqRGzK0vr8J7Oqnk4qUGU/QxcrjRR/tLtmjorrq1IZZC7kzqSe1bqp7TVcA+MkgXInZaJyiibjaChGIRRZ6QKaZM10q5nNtFPj8q1K0gpdWvqJbZ7rur7/4cdYpwSixgnpnbzshTd97Ve9lMPiLBosJ+2VZYPBoCzLV7/yZWVRfOSTX2ANl6h3Yq/58BOn7C0uE57NJceP/MiP2Kx43/ve93M/93NRl+WRRx5h0slStsp+8DuEdM+v//qvzx3zPwggEAgEAoFAIBAIBAKBQCAQCAQCgUBw6XDTTTe9+c1vZhLJfngnKePEnmhPhwsPtzLdsLfLpISEOV93CG2wuxfMJFIQu0Mc6ZcFmMkhzs39gnLKVxIzV4bbPDxQpRO81D52wTMaaFzUG7L+QHon1hzoIstvfM7x0Xh6+vTWrJ4aU+ZKN/a/yqDKc5UNe2WOCmE0rZuqmpRlCVjYdosi7Lj2xEWFsfVEudqiMS9zx2nU9awBU2vmvjXaKO1kVjCnAGMZRd/JQQ2KvrH3mxoXl6XR9lpOPiU2Sen3pUDTNA8/8tjjT54F8CzEoFACL3judV/7VS9ltikf/IUnpp98dPKlU7PGwPOuKG8/0Xvpib7dn2XZysrKK192+3gy+/QX7/FXAH5MHE2md95931e/Yk1R5Dl4WuHWW2993/vet8+DP/7xj//gD/7gnof96I/+6Jve9KZbbrkl7nn/+9/PGy94wQuWnhJj+szhuc997rd+67cu/cn2wD7zmc8AddRe/OIX73Q6CAQCgUAgEAgEAoFAIBAIBAKBQCAQXFwwy2Q/vJM5xsn+w/E8VXhnY0MqJt6lTkQEDd4VOX/03lfc20smpJNLiVTy5PJnnFwmiiw+04C1IRYZJxdI6SR5PzupCC3mzuJLXXrMfg4TPMNhNAW68UobVC4ao3VZ1DfdeJVusk/ccW9eDKbTqfXiq6zfVI3K8izLy1yt9PpKVZOq3t7eHg5X8qIAF44Hwf3v2xHr+W80lCrTWaHtdRsfNodUUTQQ4ZGoKk5ABTNSPUHoqwLKgf1tPJtWThfFGBIZsh9UF9UicB1pmoa/Z7PZeDy+8577U3UT1js5tDp49Stfsra2xoyTcWX+zw+f/LM7N+2DZrmTgfn0VyYfUPDKG4c/+sqjq4Vj+gyHw6/9qhd/5dHHT53dCpfxeif3PfTwzTdet76+XpYlX5Aj9RxswJ277777gx/8YLonxpF58MEH536yOHXqFOyFc3o1+z84ZZz87u/+7nvf+15wOjrq27/929PDDh8+zBv/9t/+21e/+tX2+rYvdfvtt9s99t19/vOftxtvetOblt7CHsCkk5e+9KVvfOMblx5jy8MnP/nJ2267zRGtBAKBQCAQCAQCgUAgEAgEAoFAIBAILhb2wzu5JIwT9qY59yBAdD6zJzoVPIkcErMPB5FzD3adYvv3Dz69or1cVjinfNtnLJ7LByGpFz7Bu/pzOQCTE2+wvvJd03KgSicJJNSO4MBBgaEMGXlH6tDGkLqGaerJYDB83i3XbW9XX/7yk7PpZpYdUu6wXGvM0ClwmIIFTXA8qyeTUWn6eVEYH7NNZ1kGCrUTPjG5Uj3Ma9CN1rVp0GigwDmaA+c4GkrTGJOZjLU9Cnv9rFQFFCob66rSTW1PVa4K6MbRUszF0v+pqmpjY+P0mbMbW6MzG5unz9h/RydPbbAqibdN9P2KFz2fo+rY7c88Ov5Xf/TY2e1a2ZxSlMHKKUpZ8/GJB8c/duqxH/7qw6840benr6ysfM3LbvvgX340BG/jCDtw8vTmh/7qo4dWVw6trx1eX10Z9tfXVtfX14fDIRwcPkhY+tPfEuAS4Wd+5mc2NzfTPa973eu++Zu/+cEHH/zFX/zFP//zP+ed3/M93zMXXuebvumb/vqv/9pu/DnBbnzXd30Xk06efPLJt7/97bAP/DfCLgf8j//xP2KgH4FAIBAIBAKBQCAQCAQCgUAgEAgEgouD3Xknl0rjJHHaYUI7afVNeBk3PLXwHsIjuTwhIhfnB3Z2755TF4p0Aii8E8EFgOGSxVoajndiN5umQjPt9/Obb7pyc2NjPBoZM3JiWCYzxBfBLCsUQpmDwlrrqp45m6KAWRccFSZD1GAKJ/PhaCIFQENRqXSI6WVI66RxSlv22yhdZ6Byx9NA952XeZbnuprUs2lDoXlAky7KxasG29vb/+V3/mhja0QPlKibQKtKYvesDvs33nBtr9fjn/7sS1tnNmtWkDEmjcLjQhhtjpsPfXn0Coqzk+f5dddctboy2BpNwLTXt8958szmydMbiI/ynl6Zf/P/9pobbjhI0slli7/6q7+aU1W58sor7fdgMLjzzjt5z1ve8pYf/uEfnjvxDYQPf/jDk8lk7iebh4cOHYKdsbGxwcVyfX199+ZQGkuBQCAQCASCZwMM6Bpq7YYqDQgETx9kkCk7srYjcjhIpUyBQCAQCAQCgUBwmWAn3skli6oD3m3H3ANa6b6D0Ih4VwQCRqBg7U7DumCkE4HgwOHKskY/E0WaHMQLcbwP1VT15pHD/Re84Josw0cfmTTNtGkKMKU2ja4N5LlCVRR56Ygqk+lsqkemPxjkBSqVEZfRTnFhkSvTmFybEqCxJ4CqjXaaJS62Domr0L+GmS/aMVJcBB9ExzgBY+fLyiwfN/loNjWmtg7/hiP0XBRsj8ab22NsWSOtHokPRkfUzKuOH11fX2fCzeZU//6nzoTjmUdiFLDSCe9Rn3ho8ujt9VXD3LFJer2rrzh69/0Ph2vS9RMlFd4zndVnzm7cAAeJN77xjV//9V+f7rnjjjt+67d+y2589Vd/9Vvf+ta549/znvfce++9u1/zscce+4Vf+AXYHx5//HE4F1xxxRX/7t/9ux/7sR/7gR/4gW/5lm9ZPGBlZeXnf/7nJ5PJF77whbqu7Z6rrrqKf7Ibf/Inf7LTle3Br3vd66qqOnr06B/90R+BQCAQCAQCgeDZjQqqGUxrqN3IxQUGvdzDEgsEHi6ArpPxzaAooSygAIFAIBAIBAKBQPCMwyLvJP55CRgnMWwOf7kRiRc4oeAIQe/EnMeaXg3nvQxYCC6Cpz8uLOnEyxCBQHAgMJ5KRYQIbWxrlGkDWjdolHLx0mZXX7Vmp1ir6VeeeGKMoBH6CkxjtGlqcEInWZlnjS6qxlR1BVPsARS9DMNVlTG5PU2pXlbanTONWVPXxrFLGgrEQ0XaNhp2wylNaGQ9Eyrk2hS2ccpy3w7VZuZYKlpfrPA6s1mFHH8o/JPonXC6nd7JsSOHiqLgRP7tg6OmMSpTxOVECq3jv+mSyJHkPv3E7KrnOFtRluWVJ6740gOPhAhzC9cPCiiTWQUHiuc973lvfOMb0z1VVTHp5Prrr5/7yeK3f/u39ySdnD59+r3vfS88Nfz6r/+67RgBRfn5mZ/5mfSnm2666Z/9s39m0xmD7OyE9fX1V7ziFUt/+smf/MmPfOQj6R57O3tNu3HmzJlv+IZvWDzlVa961bvf/W4QCAQCgUAgEDwLMIXpFCa1qekv0RsVPK3g1mjUdl62hqZBu9HvQQ8EAoFAIBAIBALBMw6LvJNLxTiB+ZEzzv2UfsVj5sgkiyFaADUml+ITzL7XhASnm0BweSItyTsW1AusdIJwsRzuFx5mt1+Qoxklgb92OlhrkTtusVvpiLYYiQ/ROclzHJwsh8rIatvGyZ4xs39dfdWhU0+ePXXqtN3W1RAhR1TakVPcGqo8U70yA9WbTKfT2dheIy8LpQrk6DLamnUoM4Uu7E6hGpgZ7QgukClDctWOqMjv1yapcYwTJOETSm1GxBWVK7vVoK6rWYY+HtBFwHQ2a6mX83onTNRx34NeGU/52IPbSZZ6pRNUrHSiYlZ/4tHJ333OkC94eH01uXJ7fehE87GJOWDSyQGCZUUOClGe5NixY4u//uzP/uxjjz0Ge+H222//tV/7taU/jUajjY2NpT/ZPtnSn+wpIBAIBAKBQCB4FqCCegSjiyeuKBBcKJjaVHYQbQftoncUm1KmAAAQAElEQVQiEAgEAoFAIBA8I5HyTsAFMbg0jBPwLj52mTn/HyQOSburXUkeiCDoAiHg0su0MKyPYkjQEaPneImDfj+CDfsUddjd/SgkFsEBAvculAdMOpm/1UJx3w+ra5/Mr8XDLhALDDmeyl5JMQn1zegdZ/2aegaCgKbZMaMwWnwTijJSthqKr+OUOZRxOd0QSaKmMzLtgtroW249sXYov/MLX3ns4S06G/NsWLkoO0blWaEyzJSz/1PT6Go6na6s9hzdBJxeir2klz2hWyA66ZPG/mSvXmSzpjZOUwUbrVl0q2rsHG+TocoyVXNCFZZYDIkAYo+fXUSaEWuZYOR/sO5IqkfSrTSVT1rUNfEaJ+gP9aGMRlV7WuaiGXk9FQMxCk+rd3L5c80effRR3rjlllt+6Id+CM4RR48ehUuB3/iN37AJ3uWA+++//1u/9VtBIBAIBAKBQPDsgAE9hu0u40SmlARPO7SF1hbmMY5yWMMwFBUIBAKBQCAQCASCA0d/OIwuZqOtfwtdnNqwRxuOcECeMvZ7aYoLoP3Caw6KEJZj+/Xejq2CDe1RPnwPNG4VO9FVlPMn0j0838V7nckVaaJvGcJO2B+MXz0OiWOu3djnkvj9+OTZLXgwOJ8L4VIKwL5Svo9MmDtiKdlgKXVhv7SErmpOwlYyPsLH/LUNqnCwgyYPbAZBEYeL58HNACHunUkIZu/7HSTpRD1zZ7h2f3VOZ0N7nRNmm+xS/ZpqDIKAnTgniN5qkx12rBESMjFpVeR5KLYXhsPcuHVRgDmuFNmRo+UVx3tbW9VkPFZQVrX7NtDTGvM8o8s5Nsl0WtfT6VhtFUWfaYgUZcZklAh721wpeqdaIdZ2P6qGVFD4hi68jtaN1rnKckqlS6NxrJQ8KwaosqYq4CKRTnpladjG+XxixklX7wRxPGlpT8870fvzz8Oc0oniqDp+j8vk5x31S82apjm7uRWuZrx6Sqp3EvYU+cHYFh34W3/8x3/85S9/Of3poYce4o2Pfexj73rXu+ZOnDs4xSOPPMIbN9544xve8Aa4kPju7/7uBx544Dd/8zft9m233fb1X//16a/33XffBz/4QbtxxRVX7Hmpd77znYPBYJcDJpMJCAQCgUAgEAieNZhBFaLqCARPd/jxpC3SM6wkyI5AIBAIBAKBQPDMw1133cUyJ8zAiHF2Lr7YSW8wbJe9a3aekauR9mny/sWDA8Uk+n1JqcDuNPOCBHXjFqk7L6HyTBTFXBVyJnonnFtOz2d4v7JSwbvGQRX2yxjxrsqEx7+4cWBu+4579hIAk++LeFdM10icP+kmTbdpd+wuHLKniM3B5sbBXO0Ch9d5dsAaIE0sOKJQkLLGzoWvmkrkixZ1vbvSiWkazFSwZZl2OleeRxEzueUEKidA4my8PeXQ2ur11181nZx95JFt+16yXI2nM8DcmnblqCNKlZkT7WjGo/FkXM9gpcnK0jEQHc0COaSP+wtUltkGQfkEqYy0UIC4JazDYirdNHanKhw/xR6oqUlBVRQ2xY26WIu0er2SBUqiugks0TsxZze3ZrNZnuf2zxcc57m8jtJJ1DvhkuwOO+oj8tR1ffLUGYjX5Ht5hTGTbEOvPBjbcvLkSd64k7D0mAcIsG88/PDDvLE0IM7B4ju+4zvs9yc+8YkvfelLDz744D/8h/9wbW2Nf7J59X/8H/9HetjuuP/++7Ms2+UArUVWXSAQCAQCgeBZhBlMQSB4xmEGMyGdCAQCgUAgEAgEzzCkjJM3v/nNEOLsXBLeSdErkEPsIFE3gvIAuxpJj8STP3zEnBSGtE6YmGL84SxWkjdNXdVEWFFu4ToHb7CuY69bEMLv8HUCxcRzUPxScMVpMT4G0A4PkFBTBM9QPC1frZBODgCNNk3jPL7MaTO78p3UZBMEAVWzY1Y5pR4nMuTMsm2EyNneGMV0BwW8A5gdGOSodGNI+qRuIMvzY8fW6iavm9njj28Wym5g1cyUvUTjXlKuoCgKNTSo9eZoNBvZyjAsesMMnQAWUxEVJ0H7yq1sm+EYJO42BlTNFBhUtW1CtFM8yTIXtsc1UERmtL9mkF00XeCV4WB9dbi5NQZPugyEnI7eCT7yxJPj8XgwGNjt268a3H7jyucfHEWlEyDKCTVvrMqFVx/KX3GiD8RpmEwmjzz+pOeyBGJQsu2/yyI/dvQwHASinMkB4mKSThjf+73f+453vGNzc/M973nPj//4j/POD3zgA5/5zGeAFFBe+cpX7nmRX/u1X9s9vM4DDzzwtre9DQQCgUAgEAgEzw40IJxjwTMQDVy8ALUCgUAgEAgEAoHgImCOcRIpJpeKd4KYpeL9hp1eREHRfll2/Bm95oT3mPmfMlJACVF46FAXFMO6Dxvr1LROTOsxNC5MgovV4/yHuvYMlsZfmfbaA5oYp4DcbSGJQV3FX7vrSsX4tdeDLhHMMMuOElw8UEHZ8SevhGI6b2XuDeHuGimXEEI6OQBYG+LMCEueGA4Cs+O7rmeidNKChEmWgzQznG1XCklDhrgT7ngFSnOFM8GaKzczZTg0jD1BOxZIXeR44kS/qg6Px6MzZzbK/HBT1wocYwStuXchdnBQ5PnqQBm9Na1mo5F9d3lviCoLNts1MjYBmecsonI8EkUB3JwgSkMBgFTuWo2GGEcZ2QLFSlONTY8yF6ver66u/u9v/Xtnzm48eerMyVOnR+Pp5vbo5JmNutapAsr2eHr/g19ZX18vy1Ih/Mzfu/qHfuvBk2crVjqBhE1iH27YU/+frzvGxJmqqh559PHTG9sxUk8MHnb86PrKoD8c9A6vr11x9PCh9bWo5/EU8ZWvfIU3fumXfulFL3pR+tMHP/jBf/2v/7XdeMtb3vJP/sk/mTvxH//jf3zHHXcsvWYkndx8881wwTAejyeTyZEjR+z2N33TN/2H//AfHnjggfe+970vfOEL3/jGN370ox/9+Z//eT7y+7//+/dzwZ/6qZ/q9XZb8DebzUAgEAgEAoFA8KyBFtKJ4JkILaQTgUAgEAgEAoHgGYSdGCe8cUl4J00TBh0hqIInk7QxbUzwEAYPn/a8FHKjKfb4x8XYtH7drUZXufIaKuSybJraxdFx9JLa6xU4lyF6Hko1a3QdbkkKKs4XqSFGI/BElU48lhBpBud0TsyC8MlTiQgjuOjYmWdi5v7Gy1bhRkgnBwBtHHni0OHCZqcJuhYpfyzdLoYPBgthhD9WXVnsfgBa61rj2TMzF6/GNC78DTRITA8neeKlqJz5VkT1a2y75Xaiwcz+WZTZsStWnnPjlaPPPWrNd69QVVWByQBzJ1fitEnQRdlZXQE12p41s8lEgyrKvmE9LUc3cdoodifHXHMUFONYisR+JNKZvTFkVcN8o0a7eEAmZ8kT10DVF+0t53l+6NChtbW1q6+6sq5dAzadTv/0rz9631ceg1SJxMDHP3vXDdddc+TIEXvKaqn+4z+84f/8m5N//PkN5pEojqoD+NJr+z/+NUdXC3eibf+2t7c/8dkvRvpnJFcdO7z6Ta/7mpWVFU5DUbh3unsgmH3C3pRJJ/ayL3/5y+coF/1+nzfKslzkuOySgEceeYQ3XvKSl8CFwZkzZ378x3/8LW95y7d927cBpf/f/Jt/833f933j8fid73znE0888cu//MuuKAK89a1v/Tt/5+/s55o22RJeRyAQCAQCgUDQQuaPBM9IyEyJQCAQCAQCgUDwTMFOjBPGpeKdNF1nSghWA24NPBNGIDA80DsDHVVEeQewc1Ambn9U3v3miCPWhei1CYynoijyQoagCNaVSHudQyfLMyeI4of2mtHUjXPQ+aA7fHMvbcGxCkKaZdj0jED7Fp8JMzxCOjkAaG3Wj+dmaNJKrnfYnp38y7DtZCe6256Jwtv7++Zz0u2n1fdgbo/Pk7jNubFellsnK8f20CZTmdENEQn5Z3eg/cUAx0dDcr3TuU5rpFkZFM+98WpT9e6+++Roe8sZem2MKpQ7kmL1YN7Le2vDIajZaFpVk4lpTN7vZblqjIuOo4nriLmCxp5jXKtDQZQyCrnWUAOTY9GArh0xBUhLRWeKuDFEWoSLBfswGaHX69kUlmV583Ouve8rjzHXhBsku312a/TROz77qle8+PDhw3melxn+o9cef+Ot6598dHzPqco2aLcc6734yt5LT3hWBzNOPvW5L548swWJxglv33DNlevr6/1+/8DJdY888khd13bjec973u4iH/vHfffd9+Uvf9luXHfddSxDcuB4/PHH3/72t9u7nDhxgkknQKoqP/3TP/0TP/ET9ol+4Rd+gXfefvvt//Sf/tN9XvZXf/VXJbyOQCAQCAQCgUAgEAgEAoFAIBAIBILLH7szThiXhHfSXcER+B2GYutQkJtA7yD/o2EFEvuHZvUTXqEeLhUi7Dj/nHUoRuFGJN6JZ6DEfc7fyFfJsiLLjVvPrtmL6Fa1u4AaGlxsBaNDdJ7crYU3TV3bHZHIgj5eBLZpIF8e72yTF562s4fTAoLLBGZHxsm8xglQ5I/LF0I6OQCsHXGME+i++X1sm4Vtz75Avwe735GT4bfj1SLjBLoKKue9bfaxP5jhg92O9MG4TaSSgVk7Upx6cmoNaa/fz/KcgqI5G+l4JppVr5zx93u4ITDgjqxNv8yfc8OV1UxNpw/PZhOiEtaG5FKMVrU12ZiVRb5CjI1xpaumaqamxJ5tIWba8UisTa/tXXJsGmp1yHiDiXJX/MJcC2L3NK4hcOQUrZpMZZfKcDs2TZ7feMN1Rz939+mzW21UOErpF+558Mj6yvNvuYl5J3bvbcd79rN4HWacfPHuez7zxfsAEsUUyuYiz55/0w1lWV4IOaff/d3f5Y0DlCR573vfyxuvfvWr4cLgT/7kT3jj3nvvTfe/8IUvvPHGG5nywviJn/gJm3WwP/zkT/6khNcRCAQCgUAgEAgEAoFAIBAIBAKBQHCZYz+ME8bF551oRw1pfayO9jEPnP/DsNeSCR9O0YT9ZMzqMEw6QZOQB4j6wUcFkgsJmKjAEiEKis0dzPhKJrP/sbuRGDCOeuKCLLi/G7ddVxUJpfibznnlUi1840MVmPiUpvtk3V2CS4g9X8MOFIN942IG4xHSyQHADOZJcdjdnuNwwBJtj6f4vSMv5Onzvccz6r4ZbW0x40Q5fSp7igoNAn95xatIZHF8w4Y3m7W1tRtuOD6ZTO6555FGV4ilgrLW1oBn2qimcdIphbXtZZFlMJnNptWsmjR5r59nimRNjG1HrDHn1sTuoTQYpTNryXMggRObnix3NMLMKWA5/qGjOxqFl8xy2xwoy/L6q4+f2dg2xDXhdoibmw9/6ovb4+lLX3SrzRx72GLoFhdSrq63trY++4W7P3nnPfaRuOXzL4UomlceO8zxdA4co9HoN3/zN3n7xS9+MZwjHnjggcWdJ0+e/P3f/33e/uZv/mY4UHzsYx9L/3zZy172ewRo+QAAEABJREFU7ne/m7fPnDnzq7/6q//tv/23OV7ID/7gD37nd37n93zP93Bwot1x6tQpCa8jEAgEAoFAIBAIBAKBQCAQCAQCgeByxr333rtPxgljjneS5/lNN90EFwyYevpNx5Mf6SBLzvEr5XnbzDl8HXWlCRQUr3wSYuyEOxhkj67xvBGindDx/tZEaSGeiEKVgcmNaTRf03odVVYYEkNxLBnHK9HWuenTozlCg181j54Q428+9zSeA9PuFdfSJULC/TFLS93TDUI6OQh0xWwWSUe4236z7BthQeNk129/NbPsjnP7Lyh3BPaxH5Z/m2XfbYQdzNA63Y8cOWL97vap7bfGxlEAmfNH/6BXPGEaDgXBAUcRBCd2NT10KL/5lqvOnH3y9JlpVTcZKm2wcWQS5Yx23WBmr6d6tlb0CgVmYg/CWT7ogbLVRFsb7pgkDTcRCrWL6OPePCpmOGZEcWwgBPlhFox2TBW4FLDNy3Q6ffiRR79474PARYW4JsFyuabn01/88sOPP/nSF9x87TVXDYdDm6u2LbfH2IaqqqrZbPbwI4/d8fm7Tp7ehKiS4nOX8hnx4cdPPfTwoysrK4PB4GDpch/4wAc2N919r7jiije84Q17Hl/X9S/90i/ZZNjEfP7zn3/88cd5/6FDh+Ix//W//lf7XHbjlltuue222+BAwQxcxnd913f9yI/8iM3PT3ziE3/wB3/wwQ9+cDQa8U9FUXzrt37r3/7t395zzz2TyeQ973nP+9///re97W3/4B/8g6uvvnqX6//yL/+yhNcRCAQCgUAgEAgEAoFAIBAIBAKBQHA54+zZs/tnnDBS3ok9HS4o2AkZFUwSB65feW1gUVRizgXGp1HwHR04LIFcEqRNTEePBK1L0x/rXbvOneiWuCdnqYycjcazVjDLyRFqT9RZXrDwCR3qhE+wqpwairuN8R7l9vpR7ySl2KRr+ZMUCy4BTPfNLP4+93I6pQsvS4qKkE4OAuHNplZoH9us4ZFun5OuyTNM42QvvRM0Zzc2lEfGMct0Sw9k4h4yRcVFzvG8MPuXVlAbmJRleeL48AUvvPaeex977LFta4iLrNAGNXP/tHYKKsBiJrDSK+y/27PZFCHv9zOVI2gKteaurEFpsuCKGwV3nrtXTXesnCyKctHfrHmHpcJcFwPcMP/lRz81q+qobmIimcnvgSfPbP7ZRz416H/h+JFDa6srRw6tZ1l26szZjc0t+9PWaBz5JaZVSYHAX3G27SOfuvPY0cPXXH01h+k5KLz//e/njR/4gR/o9/t7Hm/v/tGPfvSuu+5Kdx45cuS6667j7fF4/Fu/9Vu8/R3f8R1w0Hj961//3//7f19dXX3Xu971hje84X3ve99/+S//5dFHH02P+YZv+IYf+7Efu/baa+u6/k//6T/9yq/8ynQ6PXPmzH/8j//xV3/1V1/96lf/7M/+rL2C3f+//tf/4lPuu+8+3njHO96xez7YS/HGpz71qe///u/n7de85jVvf/vbQSAQCAQCgUAgEAgEAoFAIBAIBAKB4MLj5S9/OdCS4HMSLHn+859vHT3WY8KnXzgE2fjEbT+/uadHnxaje2UT52UE7PAAyJuGEDxrfIpbzN4yBgxrjrigCuzTpJ+aurY+UC+/gkg/UZCezIG9wkwpKXrW0VTpuuEEWKcnfbSnoWi+0RJiQ0ymMSC4vIE7bM/xmS4XCOnkIIHntm0WtnfSOGm3I2eluw1PfXuf33Dw22Zh23NNoKt3cmh9fTKdbrkgOwP7Z5GjFxpxmaHSx2pv4eKb2dMbJ1WCGrPm+huOZ1lP60cee2wM0MuUarRqSHdKN7UjnDgTbr+zfqlqwFGt62mVFeCseZEBVLOm4cA5ThiLxa6MY59QeDQXe8dAVmnNyiIGLo3NtubGZtTffOzTZza3IycSQmMUeCR0KPFIxpPZA488AXCyzUPfooWzTOcsz1+hP2ZV/Zcf/uSbvmFoOxAHyDt55zvf+Y/+0T+y1/z7f//vLz3AvhEmYcT4Pl/7tV+bkk4OHz78rne9KybJ5smtt976sY997JZbbjnw2DoW3/7t3/75z3/+537u55jmcs0110TGiU3Da17zmu/8zu98xSteEfd8//d//zd90zf9yq/8yh/+4R/aroFNXq/XW11dtb8+9NBDn/nMZ+auf/fdd8P+YF99PP05z3kOCAQCgUAgEAgEAoFAIBAIBAKBQCAQXCycH3HkgkbViUhIF55hYtL9C758DEfzim6KiUOhaxC1D2ezKFtBRyJ0XcT+EGa90M9K08p462p0/kU+wF2dXXXWG6m10opu5i9AAXOsU1RlqshKKMkT2tBXXTveib0ikU/cufSnprXxfAltOs9l9sGvEVxoBI82/bMv0hMmnvDLCHjmt98JBwR1qUvmpSL1mBMfSavl7tt76Hmcs97JM+Z776d+/Iu3nDx5smmaQ+sWh4ten7l9qLLGWPOaN465l5HZVMy0YG6Is/tglLI/FaD6kzE+cP/pu+56dHPDHjIc11mlVV3bV1Q0YI8qnESVNfSAVaOnla4ae7LjOGCe2e1xXVWOdeKIJ04hhfhkFMrHNOAYMrVxZEL7ba27doGB1Pv/Lyc1cc3VV8DFQl3Xd3z6c3/xkU+17JBWp2RxjztlXsskvpSEiRn3cHA5SK5263Ove93XftVgMICDw7333vvII4+85jWv2efxtnjcc889vH306NEbbrih1+ulB8xms3e84x1ve9vbXvWqV8EFgM32lHbzkz/5kw899NCb3/zmv/f3/t7hw4d3OuvRRx993/ve96EPfejXf/3XT5w4Yff89V//dXyQp4ibb775ta99LQgEAoFAIBAInnE4ZZ4EgeCZiKN4DAQCgUAgEAgEAoHgoPHwIyft9yu/7Z+GHRiduFEUhJyKauFUF2SBHGjgf6Xj2O1PgWxc2AMTvJ4hhEAWGCv+VvZcUjSJ/AJsf0uO4eXifJhf/Y4dnoFzeCrvFSdREwTt9E1YeMXxUByZxcym06aqK+cBDcIY4eaYZAF5+9xVARry/hl/ZMgR6JyxCw6KBoFz2+SInLsDHhQroHOd8OYwkIYMZ+lBAVNWk2l3duk/4ZD0LanOJXBZ4pfe8CJyJ4R0cgAwJz4CB4BdWBm73j05Yvfti/ydPtWB5Mb0kZedPn36zJkzs9lsde3QkSPHyl7Pxdqxbn5UmgLdGFcMWWwqI7tOGjJekwRJ9aRE7I9H6r57n3jg/pMbZ6oG+zNdTKdQ63zaOGKKyh3vBJ1oVaa1qqb1tKntLwYzrdSk0dOmaVBr2zY49oW13Y6/YSj6mm1XHPfFmnfQtdGTaqoBP/DvfwAuOunkd/7gT778lcfnlEvSQtWtLnvvwQV+HSaN56G14be9+RuHwyFc3riYklMcs3CfB88RVgQCgUAgEAgEgt0hpBPBMxVCOhEIBAKBQCAQCAQXAkw6ecXb/t8Q2QVu94Lzq0s6QWY8qOBm8+EFaA18OMsRE5q5u9nL5Di/a4l/ikkNGH+OdJLuiZ2dzhFqiAXjCSIhYkb3siR04qLwEAfFbVc1B99R/tGi7y9end2tEII58EJ0NecdXPYU+sBIJ87DO4cm3CXeXF0Q0gkklJOEdIIxq58aDL3ePY+aL4CAib9WpWm+rEgn4uM8SOyD/8G6Hen2eWucPK31Tnw+7FPjhL97vd6RI0dsrT516tRoe7vXGxRl4RSiap0Xpf3XUfsgBuRpqCopNvqGrB1pXjVG1cPB8IbrTzR1Mxp9pZ5AYat4nk2s1VXQuFOdDFWWF3meYZapXNkqXJnZzMXqyew++0+loXa8E7bkbMo9pZE4h+DaEtS1aWYkonKRYZ/8Rbfe9OCjJ6kh8fHhulom7QvpaJnEbWozvRrKjsf4qymFL7z5hv0TLC4hLqZ5PacMEcaJQCAQCAQCgUAgEAgEAoFAIBAIBALBBYWuAz0kYXKk0hGmS55g7gH4kDjoVUEyMNCqhwR+gpq7k5l3S2VzXioOtWN8eAHHa7Aet0V+g0nOQh/jx4mbhJ+9H5pvx0EgrKtSFW7TaBdtp6nruqqsK4ri7Rimnph4d898YRc20RqUxuDQNnM8ExMf+YJg8cKUscSAgWczEOCyzgBxcx4kcO9ts7BtWC4i2W55GBAoZsl+f7XuNpzfttnHfrZYe+4/x20D7R7e9swSSGgjybdLnXXhl2W5vr7e6GZzY2u0vTUY9POisDbRWU+VGd3Yo8jcB9kd+wdZRa9tpXSmsqaZ1YDDYe/a646ORtsP3H+mns2G5YqyFnjmAp/VutKNC3RmDXauTJH1VGb/1arWM2eA0Ro3YvqRLSbKoSF6nRc78Y/mvvK81JfCBNi8uv7aa17zihf91cc+45vDlmsCRa5uuu6qx06dObs5jjwS4GIWG0l/FjDjpN8rr7/qivsffrxy0YYgslK4XXnhzdc/76Yb7dsBgUAgEAgEAoFAIBAIBAKBQCAQCAQCgeCyBPM8eGV11C+J/I0gcdG69twybPCBdVzYA+NckI1pnGRFEDtxLkJtoEMW8c5N9roxFcT7EiNbxauJ+LvwpbSXTOmyU/xK8PCXdYdq6ERh4ev7JeNeqMOtpHdL6zMFeZbnWZHrxvFNbBZYL2hT103dhJg8ziVKbBTKHJgj3nT+wm6OCS4knk40GyGdHAxSktfi9g46H0/xe0eOyNPn+xyfmjAcDu130+jtrdHW5sba2prKc8fOK4DElDj3rU3MgsaSPZ10nwyz/iqV5UbP7B+HDxXPu+Wq6Xb9+CNjZfICC52p2hilstpaVl3rGdTWEudQlNYkF3VhspnTNwFotCMamtpadcPcOmfeNdFf0kBu1oqbiyitEcEZ9cJbbxlNph//7F2pusnqyuDVL7vt6qtOVFX1wEOPPPToE488cbqq66VaJjZDr7ri8DVXXvH8m2+0LdMLbjn7///YZ05tbDPvhF/KLTdc/fIXv9C9iKeD0olAIBAIBAKBQCAQCAQCgUAgEAgEAoHg2QlMdDpwya/L/fzIjsaoLWB4DX1LznCkE5iTSFH+SHa6tfeLUWJoKX4qWNKSTbpyJ8w4MX6RPvNE2CvHKinRwRfP4z+t41JlyjFOchfYgRLpEq1rJ33SVNY9qImsok2j7R7dMHXGej81et2UJUoni1n0TKKgzKnR4KXw88abw9MHQjo5GOCu2wvfZtk3dr9hl2+zw5XNwvZF+IZdt2G3/WbZ9xKNE/52lpEM6HBl5ZjWdu9otG1ArwyHedmzVV5lBVlTg0ohUw7Di8isvSQ6iPvVNPYyuqnshQ8dKp/3vGu2zt69sXHG4EquVuxllMEiL7XBqjZVNXMElqzIlLImGXuFqhuoXRQ07eLw2KspnxvWvrtoPqBZ8SQjU6wwg0tDxbB3X1lZeeXLbh/2ex/+5BfqprHJvO7KY1/zshedOHG81+vZrDhy5Mj11576y4/c8ejJMwBL9E7WVgeve9XLD0M5euIAABAASURBVNlsKksmsvxvr+3f8dkv3vvgo/Z0mycvuuWGl97+gvX1dWGcCAQCgUAgEAgEAoFAIBAIBAKBQCAQCC5noCeQuG0mYcz9bLosCx9PAJTxqiUciQZieJuElKDnLhZIKm6VN6mhuAOcQ80kdJNFvka8YMtHMQuPoFj+BBJ9k/a+/uKayCTunyzPnN+UPKf24KzIMVN5kauq4YXopqmyOm+sN7Ge6YaCPaAnuuCc0gmmDzjvID4AmPY5Ow/dMnUuLMXFmC4ZCC4t7+RpAyGdHCTS6pRss1ZHun3euibPVo0T+o6kE0V0Ct0009lse2vLVvXVLNfup1plmbWuqAEzzi5NZjfTzuopr8+hG4OOmGJNrf265urDp557/Mv3Pnbm7LbWmd2FWGb2TnmuVGOv1ujZbFqVuiwGWVYUmcqcgFaNpq6axgthkVUNMWfoTZEtsvc3l9AQMU3kthc8b3Vl+PHPfvH6q0/c/oJb1tbWcvdoLiezLDtksbb66BNnonJJqneyOuivrq72ej3eU5blFVdc8dpXrVx5xX133vvgC5573U3PfY5onAgEAoFAIBAIBAKBQCAQCAQCgUAgEAgufxhyGfJ/i0SJVjIkPR78Ynm36DyofxgM3AfUMWDO3K38onXtj+HfG6N3TR8uDV3TaqpoCKlHz5kh3gn7oluhFPZX0qWauta6AR85CKyHVDlnKGKelVnORxuT501jXbHVJGuqWVVVCD4ikE0vBeXx94r/e3KGzwTeEw5ZTL/XcYE9YUx7p2W4wG5Xc7kEDiLGUshdTP2wCPNEoMsCQjo5SODybbOwHRVN0m3sapyYZbomHY2Tg93e5RsOfpvNkEm3YbnGSbKdqEVlWba6ulbX9alTp0fb29Ywrq+vg8p00xBTD0j4hCKakalEQ9w9o3TgLjqxEzaSZvv6G69ojKnufvz0xjZmGXMVrWF13IzMxe6ZzZpqOrN/9IZFVuZFqYqmhjE0zcxoF+FMUXZqA7GRcpdunPjJpa319kEGg8FNz33O9dddYzOtLEv7nR6Q5/na6kpknAB09E4G/X4IX+evZo9fXV297QXPf/4tNy29oEAgEAgEAoFAIBAIBAKBQCAQCAQCgUBwGSJEuiFJE6NNV04jOMQSNgpHkwmLzb3QiUImrzgo4AgC4cT2VmEXEinEOP8lwDynpEvEaJp6r5XeTmLFLa034aaJIzZ4Xecf2a3HZ00UpXxoCeKdAFLgBvsIJgPrBzXWN1rU1ayoSO8EKBRPpa37VUOjk9zyKivhBvFRDoKyEag0CdIXcxF4J/N7LoHAAO71p7nc9FeEdHIwSGzPQWp77KB38rT+Pv8cSDPc2r+iLI8cOWK3H33skdH25trqirWz1ug5iSonYtKUqiQFErsnQ7610Rky74RMMTjNkulsNBj2b3zuVU2N47sfm0xGjalNU4EpiqKXYaYKzLPeeFyPtrabphmsDsuyUCpH6FuzbKY1aHt8RlQXYvu5BGpo5bcusQqIbTZ6hKW/Zlm2MuhH2+QznJsFxGG/XDzF/trv90EgEAgEAoFAIBAIBAKBQCAQCAQCgUAgeBrBC2l4ygjOsU5gR0YDUU/4TJY/0f5QgxQWwYc+oG/tHW1A1BDvMER368WrewmQ+IPag0pgWD2F9Vra1LEjFcPFzIJiB/n9/A8uLITWTBzh0Dz+rkZhZgrVK8rc+UCNUYDVbFbPqmpWAUmh0O1NQ5Iw6Ak5lJ3t40Pq1OUQPAj7XqTvnyrqwSjY/7nPBMQyuPShW6fzoirPpYWQTg4GuLC98G2WfSPsqHSy9HvJlc3C9kX+hn1vQ0fXZBeNk/Qb2m/juHtax/BpmOX5+vr6aDLa3to6u3F2ZWXNiZA4dqEzedYIqkyB/Vu5Khh5cayARRmqbcYOV4q61uXh8qbnXV0ZeODBJ7e2tx01BWrTNKD6CFmZKeyV2814OtnWetYb9rN+b5CrQ/3S3mJSmVrjTOOE7K812IruZLj5wMvaEtoErwz7ENVNIjOOvg+trUjoHIFAIBAIBAKBQCAQCAQCgUAgEAgEAsEzAs6VZ/2NuJwLgYGtEfcv+PU92aIj65EsntdeUwQVRYpJ76IXiASeOWJasRA0u8ff8cdwkB9s9/lkcGwDaJPd5X+4G1o/auO0Tlzi3JWce1qHZKA2zrNKQihAtIZS9a1DNivzxqJqXLCeRnNIHn9ttSMr5KkIn6SnIjxbsWsGXla8EyGdHCRMUuiTbQxxZFqdDwi8imefxsneeicQ+Ddz+41j3dnKoyneizV4md1X9nvHjh61P5w9c9bWrJWVFXSKHtYSKif1xAbRnpVFqopGb2vtRmagcUfn9rdqbb18/q3XZJm+7/5Hx5MNhQM6KrPfTTPLVLE67E1n06qe1TONWYNlMexlmBdFpsezWtdGOQurmb7hDKxNw14NwyWHbTWOHjm8tjLYGk248TChRRr0y+uuvbooChAIBAKBQCAQCAQCgUAgEAgEAoFAIBAInuYwxkuScJychV9xwYuPHfcvhsXm9A/HzXF/KpYS0QltxTNOYmAeMPO3I+mR9g+6oAvpMJfg9uD4CP6yXhilJaBwOAPk9CkIO5PLebkW4zgntHI+XJZOM9b7qrU7161Jp2fFTFknqcozCtPT1LOqqWrtGCgNheCBKACzlP5w3pyI+WA9kUVjnlUcFNw9Cy8W72RvhQIhnRwkcPm2NyHYbkdeBe9hc4DptvF74ra/wsFuz33DPvY/hW2zsB0VTSDVNYFFjRP+TgmDplGcPwYHg5XDh+qqqmazCnFkDyvKfkYRdShEGToyoRM74aBqDSZ6U2wfraHUugKlj1wxfC4cn8w2v3z/Y0Y7VooLnQZlY5qsVHluzWqJ00ldz8y4KVQvK/r9IkOVa9Az06CO7Qal2HEDDyJ42YWEbTTW19e/+Rtf+/gTJ7dHEw47ZP8b9HtHjxyyP4nSiUAgEAgEAoFAIBAIBAKBQCAQCAQCgeCZAWKKsNN0nw577G4Z77o03gWsXYid4M8MFI/o1owRdhZDI3QIJbyNFDpnMQUpPSVSRyysJ1Q55gif7sLkcGQdH5QhslHScwNLBUE32ueA8u7Npm5ctB2lTEYKAHaDr6gwVxkURZbnTVU3tfvUVa0t6sYYc4DEBwNpsB5tQEXyzGL4HsFlgoMknZh9vGG8kNyjhehUcNEkZcxu2h5P8XtHjsjT8/v8cyN9yaxMpRRq7QxZr1ceOXzk7MYm8U4wywpDHDyVOYkoe7YiAolCbDTR/9DzD7mQcDSeDDXo7UPr2XXXHdnc2Dhzum6aWtc1YGUwd6wUaOwlnbBJ3ehmNpvoTENWDlayflFmyljTOnPxf9BxFxtrBTWrnlykQnjeKIriCgIIBAKBQCAQCAQCgUAgEAgEAoFAIBAIBM9QtDwPWBTTmNsTCA4LbJHorGQo9mYa4P/cfnZkQocisXArjDIVCftER0YM/x6uoNIN9Kc4VRNHUsHgEzchRQ0anL+vl0ABHxvHOUzjyvMo/EKpt55TF31C2eRlfIiLFuQ4LSrPC+t/zfKiqessd6F26qpynlNdUzQI7aP4sPiC8XEwyNlLCQU6ps2EJFc8lUd1CTaePDP3LPuhnRyUg9bsT2FgX7SEJZfC+b/aEuqPxpAMjPo6PnYIhv1Lrob7Tvl8gnZ4kN0vdrCkk71xubvfzxe4/Nss+8adv2HZ95Irm4Vts4/9T/Ebdt0PC8fA8m+z7Bu737D0O147MPQaY5ydM6bJ8+zQoTVQeOrU6Y2NzSwrhysr7jgnQgXamLqeguPk5WRHSYGEbZQiARUf+KyyB/7f7J0HgBzFlferqsPMbFTOAQVyEiBARJloE2wMGOOACQbf2QbbnzM+B3A4G2e4w+c7G2dsMBgwyWQjTBBBIJGEJBAoB5Q3TOhQ9b0K3dMTd3a1ErvS+zG0arqrq6tTzc68f/8fo9a4MUOgzpIlG95enxfUDonP5ZAJ46dNOAyp3ILhTjAOAynxLeHYNpfyvpRDqLM1192dz/tycJdnEAZfvste9QiCIAiCIAiCIAiCIAiCIAiCIAgyiCgqHgjEGcvi6yZoWBJfr2ZRQkiJAEIwS0V1RXFdlSVHhYATMoCktUlVQUCUXkcUa5ly3O1QNRsLM4zWRChJiBSS6Ii0XCy0hIYWH8M3XTHRVqGajbqnApuUy+1EUhhOGRMhF0xllJDP8DOh3E9UoBQCpw6X8hSZZwcIAh8Kyvsk5ITzWCxh9iVOCUQsdUiT0hOoxHVAmBLLKGxocWl0cEi8AwklTXUxRH9GZxuRbjSgOFHHtIf11HKjKyJatJPQjojooAlu0iiVCUSS7/ojD1FlNoyaTWJ6nf5EJK7/RGIu49VBIl1FLz1OBrXfiTkOiXJv3U2M8kaYGyr2uRLKnoTIYS2ira3V9/zurmwul800NRFzE3JYOQhCPd7ajq0kgnL0olIqR9Xgqe9YPUaFrutMmDBKiFQYrlm3NhsGMFg6RKSkJRVj6i6WEj4hx0/uy7w6lp1iaccdaltyufC7Cx5X3lMw0g74BDsIgiAIgiAIgiAIgiAIgiAIgiAIsrshSlUArGIpicxB6lF1cZS7wRQoLdUuaHVLJP2Itydjl0WFQY1tFFeBkGdIqKV3RAhGS5wBWGmIUkQ9oclZNLF17bxCEyob1U2pj4GoKLyIZROLKNEJZTLjjm3aFVJ6EsiEO37g+dL7RElP5B7yMu+FeAe0KUP03iwqVznU0nIk51evs0uHZ+OTWHlO3ylQdNKfJMVDFWWRuHmS91axLKK7LVaZVJTJ9pcbnJL+KYuKslHelJbLPE6KZRK1pu+XpO5PC/04F7H3lNSdtLcVCl4uV+ju6mpqaiIWi+2gApmEzNd5yKQcRK0M46IQ2mCqeE+GwoN3Y8cOCQLh+8s3b+okQRPnLPCp46RsyxKEhRzatgkXgTSMysu1Q267dotjh01p2f0g8HgIG9uhKaUQBEEQBEEQBEEQBEEQBEEQBEEQBGkEmvDPKJV8kKQrScITpBai7tvEbB0bVjlQSpqreGpdLpWPs3NatAehZfl34opRJ03UNWqZkzjPjuBR4DWG08hOJOpCpI2hym2k6m5DO8L0V4jAkuIW6RCjbAGU6wlTT/nbjDqW5dgQLQ08JwxDmXMnkBYoMieFdEQRCXGEPi5UWXcII8iJPFriDgiCj/bXgytfmvgi2UE0eApQdNI/VHh7bOe01xqRgT3tn2NSObJHHldGZ8cIcR13yNChQmzNZrthAGtpa7Us24y6gvi+DwOa7To21C2mwRLaPkuLWiw54opA+JZNR41u9oPRy911G9b7+ZwPg6jgtqB6JGWhTM4jX4SHnp9nPLBFynWcVteBiiSXp4Ff4CHH0RBBEARBEARBkF2ObX7H+tzGLfmtuTBfCAswJ2WlMlZ6aHrI6MyIdqeNbDfwDU7+OEVpOpUi/c3WbdtaW1osy4rnbNmy1fe9YcO34jcNAAAQAElEQVSG2XY//1TSne3u7OhyHGf48GH6LXx1hbdk+4Bfl3L5HBSam5oJgiAIgiAIgiAI0hCRj0j0kHtikc4IkzTb6LdYflIWUEciAF/0KDddFDqEyViyL1SLZVRqiOipfK4XEC3rKMpfKh6Ml8oXo/ZINBkvNEKckh5KuUhC2SAdT0L9lquEOVxw+c1aCWqYZUkVig0vW+bdCXnoB2EQyJwSQaBy7gjtCWB0MRBpZbHtCSORDUHxQEXHgfTjmRi00IRqSexsMU6dw2+uTxSd9A+0OBXVprT2lFSbksqpaLi8E6akbrliKqpNq3qc1JmSxL6qNzKrWXFY1N5NjFktMrEO3bxpU3d3N4xsTc3Nlg3Dm7SQkk5Oga+PspLdyZEsYRNlbFSoCKka9poy9uRJwxn1Q3/LhnUwJkqTKjnkWhasLD1WCFVeKjCkBqHvQ+suzaRTacuRFUg3jPM+QdUJgiAIgiAIgiC7EGty65dsXbout35jbmNHYasXFLzQg/mu5bp2qi01ZERmxJjM6L2GTBuXGU22g5cXvPTkY3OHDG3/2KUfS87vznbn84U6Kw5pb0+qSSqB38j+/JsbW1pbjz/p+ClT99Az77n97hXLVk7ba+qHPvYh0q889dhTTz/xzMTJEy/+t4s2bNx4659uGTNuzOlnnZ5Op8l2sOi1xQ/e86DrOp/+/KcJgiAIgiAIgiAI0hCJsJ1SUdStzMsSvmjDkvI6cg4jPW6QGvVGQvgiqlVWwhBa3GTRvMR0gJY0HZmiaPVJ1CQzqhWSrGKZOG3JFrkxEJDl2FklEZDlInZbkdkjKA21BoWZOiEPpeEJBE8hOiqFLpbNTPTUchwInoZ+EHgQRYWKMusOkeoTqvPuCKJ9A0QiLK7noMqknNJTL4kzgZB3jOKmUXTSj2hPjhJvDxLpKnrpcbLL+J1UOSY9TkmkyInKpjUuBzVRlqQKFnBl66QtnITyZ0ql3Lb2dljY1dVlWXZTs6W8naTMJJCqOh+acFwX3qv7E1aJdC2RINCSAr0Q2k2l7HFjh3pZmu/Ysm1bFj4OmO0QYQuZXkcOzUo9yJkccrkIhZcnluB2KtPmpmSjnTIBD0EQBEEQBEEQBBn8dAfZBZteXbzt9RVb38wH2bKl+SCAmR35Lau2vZW2m97sXLZ3+54zhu/fbDeRPvHaK4tuvOFPk6ZMLhOdzHlozisLXq2z4jkfPmfPvabXqbD0jTdv+dOtUBg7YawWnWzatPnWP9+2fs3ak047ud9FJy/Nf/me2+4+YMaBF//bRSvfWv6X3/1l2PDh3V3d7z//7NaWFtJXFr+66Kbf/aW5pRlFJwiCIAiCIAiCIA1SFrU3jgIl4o8ywUOZLkSUGnA0itoEja1EanfPBEaJKNGdiLiv1DxCrx7FZ3F2HP1wftyp+Hn7ZNPxpqNCJPUw4Vz5jwyaypwPxX4m+qz3nRLpVUJVbFa1Ke1ZILDKLa50J9Tk3aEOkyFc7oROYDuOtDyRxicQqZXAVOpdkkcjGSROHhMyUNkxao/ynE+k5BDFdapqTeL5QlRcAP0P3UVEJ++obKcqSRGWiCRnlNT0O0lqU0isMqkok+0vNzgl/V8u6uVij5NITUJKPU6KZWLmkKKLiZr6YWDbNivaXdH4g0DfOTCmMTWUOYy1NGVEGEi34Vy341ipNINhDoY/xkkQ+DJTjrI6ocoBhckxkXBBRWQapaSAUmUHY59r00mTR1PR/PriFZ1deeFD3wLmNMFmpe5EKV5kXxgNBfE9P+QkJZhlWa3MJSli8TxBEARBEARBEAQZ5GwqbHli3TMvbVjQ7XX0WDkfZJdsfGV1x4qN+U3HjjlyeGoo6T+effLZ+++6v31Ie/vQIWWLVry1HKaHHnlofdHJXX+7K5/LpTOZyXtM0nOefOyJ9WvWQuGUM04h/Y3O1xOqBxKGjxx5+vtPf+DuB//06z91d3Wff9GHhg4p7oX65S2s1Y78tptIyqMtjntFd7Z708bNUBgxckRTJkMQBEEQBEEQBEF2a0S1qLxoLFSfjGQ2BCUNKFWklKPUW4WXJAJKhseT3wpNFp5oqRIfsGh7TM/SViv6Sf6oGlfyFCo4S9iiwNfSUAU/oZrUtWhTE9kP1YjQiziEXWm8DoX4qM15aEQnRH2BlQl3LEvaoNi2gLBtiivpiR/InDt+6AfSIICrDD5CR2blLqlEFyabT8kRa1wboALRO0pJ0LNBTr8halwxSZlELQHKDqbc2gedTvqHCm+PPkx7rREZ2NM+H4eaxwQGIHnPwPAkj7jOVaYOPlcZwISR12lgBGttbbFta1tHZ1dXJ4xWLa1tMHLBfIfY0JTv5aXPEy1JS6YlJ8pxSmh1EKMMRrh0ik6aNIyR8PU3Vnd25GA0DQJhOc0yWxrUVtpEizJBuQVDfOAXuoXjptxMpi2VEnUMtRAEQRAEQRAEQQYDmwpb7l/1yGsbXg643/ha3V7Hc2vndgVd75lwUv/qToBZxx91zOyjy2b+949/sWHd+vrPja1du+6f9/8TCkcdf9R0pU3JFwq333QHFJpbmsdNGLdu3fo6q6fTqSFDhpDeAN9MYQq/qsF08h6TLrviE23tbTf/4ea/33Ln6e8/PSk6efThRxe/uqRWO3tMm3zGWWeQ7WDRK6/deevdUHjfB86ceeThBEEQBEEQBEEQBCmnVvxeJAqitCDjlkT/149bT6hfGlUViGIzCS0CL87Vryhlj57oR/tL60QSGeV+ojPwGA8ApqUQQkkvYvGKCuxyGVil6kF9phZb8H3YthljtmURh8rkOmEYBk7gS4sAngp5EAo5L4B1oUllL2BiviKhPKm5m7XZ4SqMAeeOUUIcRt8RbVedi6KT/oEWp6LatIrHScWUVE5Fw+WdMCUV5bpTUW1Ka09JtWlJm0Q99UVk7hsmzUiEznyW6BnRCcBgKnUejmO7qXZYZfOWLR0dHbbjZDJNMrE3VaI5GLHCEEZEy1Z5xYhK3WOkb1p7wvWIK3UnxEulyKTJwznhby5dt21bTiXygd8N0zDWwTgsqKWGUGmfEsgEPh6sKJV7tt2SdgiCIAiCIAiCIMigpTvIPrz6X6+sny8a+V2nlID7sKJNnTMnndLnPDtVmb7X9Nknv6ts5l//8NcNdSUjwMP/eGjTho2O63zwY+fJb4iELHzplddeXqiX3vKnW+qvfsDB+5/9wbPjt57n/e0vf6tvOvLSCy/BdOOGjTf+9sbk/Fw2d8/t97a1t+5/0P6HzDwE5jz6wBzoXq12jjvxuO0UnaxasfqBu++HwsGHHYSiEwRBEARBEARBdkOSkfgasoEGxQQ9N9SPRKkaCOeC0ioalCpPX0AoNZmlI7ljWkEiE/TEodFYgxKFdOXj+SJuPd6Efmw/ioqbyLEOdsvAK6fap4QzmV8CvizD/8yybAjHMmrbtoCyA+8Cy7HDQOasCAOfBUyn3YFQsPJnkZHcuMvFbsfd6ZOLSdVfNPp45oxkZ2frTqLLoOZ2d1aXqmzF7rFzSMPEuXIE6Yufxy7jd2ISfyXKPU9JpMgRsX4kGtSisnQkDtToA4OTbalhUKrpjEsTwGXWMKGdUIi88bgIRVNTU3c2290F/2fT6YzjuiwMqaABjGSBpySIMtOOGiGZtC1Ro6IUr1BLacCgV4JZIqRhpql54sThvs/Fsk3bOjwlOoGXIziTwhOpWpFpdWzbks2LoDufdVIp4qLoBEEQBEEQBEGQQcxT6597+e0X+qA40cCKsPqw1JBTxs9upP5LC15aumQpFF5UWo1tW7becYu0IRk5euSxs4+Nqz39+NyObdvK1l2/7u36jW/duvXu2+6BwiGHH3rAQQcQ9fXvjlvu1Eu7u7rvue3u+i3wkCdFJ9lc7obrbwjDeqKTfC4nN715y6//+4Z4pu/5PvH/+se/Qvkjl3xYi05mHjWzrb1NV3hu7nMrl60YOWb0cSeYvd7ngL3fXPpWLpvVb99auowo1curL79audF99ttHS2qSwDdiXXCjAoIgCIIgCIIgyG5GQsMgknIRWra0sn4potos/Vg7Na2Xt7S94XjdYmm3a1fWUU6lASlto0ygYvocKzqKmhIS7YW0zYiWm2f29QP9sQYl2iKN8q6EEKQ1ohOIw3I7hKmlkAXXYbbFuSN1J6EdeAG1/MDzBWUyuY9chSotC4nNY4TopdCk8hiV7bbWSLAGElbsrGQ6DVInn44wqULiDve7AqTm4bKTlxVKT7YP42sS6Sf0HEoqPE5ESTkew5Jlsv3lBqek/8uiomxUOIkyIaUeJ8TMicukogw/ikn1hu/7QRhQYlGLKa8nkxsseYNF0jxZcFNuS3OzzA7me9nurnbHcR3p4yQKQmUNK3BuMWrLrD3MjD/SuITyaK8sIkKZY4fykDBobez4EZSkli3b2NEJo54viCUFdzIzGvwTwv/SO8VmIReBgG2GMI7qXnV2mV8GEQRBEARBEARBtpdmsnNYk1v/9Nq5vcqqUwmsDo3sP2yfcZnRPVZ+cs6TWhfS3dUN021bt2mtxoGHHKhFJ03NTUOGDV36+pvwqlwdFrk1pP9hGN55y9+Xv7kMyh/46LlaeLH4tcVzH3sKCocfdfge06fcqpxO3v3e94wZV72r+x64X8muBYHu52GzZg4bXj2F0KoVq7WTyrEnHFv1d5dJUyfrwsmnnXz8Scfr8pbNW1YuWzF1+pTLPnOZntOUyfz4uz/ZsmmzfrvszRVEiVduuP6GyjZ/cN0PKkUnbsocGWcAPx2B350RBEEQBEEQBNlZ0IoCKQ26FjMkGHEG5ZHKQsQTUloikZNIoildpWftgox3ygfjafV2G0YUtwlFHrVnlRi9qAf4o3ehDncmY7M68Jo4AsU2zSIhSGUPhd57GQdWiSOU6EQmzmEhY/LZfUvmioAWbEd+M2VKhsICFfANpP+AVDao1anRmSR0MDXcNEQjxzbR512PspOy8ymKTsrC9khv6JWvSX2/k0E93VHHQZNKpeD6VD5LYZQ0rKjY0uo5JvVoMvkXlfluZLYdRixYsa21JZcvAB3bOlrbWi0YxpR5kx/4Ba9gWQEjKYvAf7IPUXYwroxPpPeUzFdGBQyJQgStbRnLHp73ct1L14bSNAV6mKLEVpYo0IdQyERl0BMCI6XPRRgEBEEQBEEQBEEQZHDy+Nq53V4H2W6gEWjq/Knv77HmyNEj9z1gXyi8+cZba1auSmcy+u2ESRN0hRNOfdfUPafVaaHW0mfnPnvLjX+DwtDhw2bOmkmkvqHrj7/+U2dHZ3NL8yWfunj8pIladHLmOWfMmDmjaiPwRbLq/DPPOXO/Uj1KzJOPPaFFJxd+4mOpdLqyQmt7qym0tMQzUympiWlpbRk+bFg8c8nCJZsj0cmmDRt1YfHCJXGF7q5ubawS8rByQ44Ti07Q6QRBEARBEARBEISQpIKkfH4cNO8piq8dPorP0wtRLfbfSAxe1K8m4oZ6bDFJggAAEABJREFUaIyWZKDRriTGAIMm1tW5Yo08QC5lqgemAjUbqr37kQ9KcbtGyxIdVh3AlcFd6XRi27YsMoVlwctJuVDBdp3ADyjM8f2gy2OWtDkRXBj3FRWBNX3hJUdCb5KKql3r6axtN++AsiLep2qb3Sn94bXMTmwRqtxKlHCVZEkwk6pkB/WJV1yXckOC9GFjjUuWdjyxr0lySmtPSbUpITU8S2qVd8KUNFxWU1FtSmtPSbUpqZwaOLGZnXbcAvek7oRzW6nh9IAoH+FS+i3leyKVevLWshz5fyqTJkwQK+95uUKeZa10OkWpvNZV/jCoLMKgIITFYAvM0k1wpT+Rvk+CKhsnmIbQR8sSzS3OXvuOcNP+a4tW5XPdlLYR0iSEo8bNkMK4aTGHMvmPFKqYi7C1pT/zlyMIgux66KdacbREEARBkEbYLHJkx7PN73ht4yuk94xqGTemeezSLUu6vc54JjS1beKJ7U5b/XWPedexBxwsE9/8/dY777hpVfvQIZ9QVh/pTOa+u+/zCh6JjDA17zr1hE0bNr08/6V4zvxnX4DX6LGjZx0zK565YvmK3/7P7za+vQHKI0eNaG5qhm9wD9x9/78eeQzmnPDuEw8+dMa2DiOvsR34yat3soyx48fsMWVy1UVvr1uvC0OGDR09elTcn2x3dtqe02IhSCN89NKPak0J8NC9Dz3/zPOO63wiskIBlr7+ptbNVCXOqqMVLQMT/GsQQRAEQRAEQZAdQWdnwlWRqifbuSgLRRqRRCJwrfMtFIOigkTpbViiTpXNRUFqmmydNIB+Pr7WWko7IhO/ktI4uCjbbtSISOTHkXkeKnZYxqmjvaZF+UYod5jrphip7yxiFCHGI4CqbVNGi93SRS4CL4DIbCgX6TgtDQLXSaUsZRXAXNsOAmYxmWdHBXp9+AWAa8sYYQo0cjpJ2mpEUoO4V0KFd2lJP3npMY7dUygp1ylU5M8t3X1aFOVUO/FVD1HD1UTp1hhJHMbkWS47jdFjJ1pdFDXL9KkgvSTRpfKCWsL1bVG2Vkl6HWM1gX4nfaQPfh67mMdJ7/xOSKTCKTsmsUIvcefoMVxuQovg4AoNgjAIApgps38lbu+iUk8Nu7AeYyyVSik7KpHL5QFbDV5ESVW41NfB4MzDUGgFEJUWxGogUpnGhEznRfX9K9VZLIC+uik2ZuyQgseXL9/c3Z2zmAVrM8qU65UaUKVxit4TiyAIgiAIgiAIggxCXt/2Vj7oda6TsW2TThw/e0LzuDvCwpKEZgWaggZnjji4h9XHjoEXFCZOep4oecQ+++2jF33h37/oeV5Z/RkzD3lp/ks3XP+bsvlHHH14LDrp7Or6w//94aUXXtRvlUcmWbxoyU2/v9n3/OEjR3z4og/Bl02yYxg2YrgubN2yNRad3H3bPW++8ebJp5982pnvabyp095brLx65ernn3m+uaXl7A+eHc+c//x8LTpJPrsW40ZaE3cAp9dBEARBEARBEATZsfQmDi4SuXVq19Eiln5AKyjqqxVMQLbaXpTIUHjC9UELZSqMSdS2YmGA0CIBWroh0mOHopBx8o30KdHxXppYLEOvOoWQjKrqbUCU1g4dB76mOo60G2DML/g8CJTpAA08jwoqw7Uq/Y+aGMMWs7tUa2kSnTHKixL5UOI7Mk/WjOYL0uNODgAav3B3kNgjofYpR/6kUsywg4qT7aKWx0lRh0Gia1of4lhpQUjJHdfnsmhgfjw09mtZEFLudxIpS0gtjxNS7ndCovlxmZSVpYeJZbmuCz8RClFQbkyhzvtVVS+mRi2uLJqsdDoNbfs+jE5eoVCwLUevpVRejDAShrI1LdhjlpwVqi1TaQLEjNoRSlKwFwSCplLWntMnNWXa3nhj7dYtXZSGhLp6jBSh3HvKYODURlQIgiAIgiAIgiCDjyXb3iC9ZFzbpFMmnrRv+54dfkc+yFU22KPopA6rV6yE6SWfukRaXSrdxvq16+B7XHdn14Z164845siDDjkQ5q9bu/6e2+7u2LpNrwXfHOHtA/c8kGxKJtb51R9XLZcNnvvhc6aVZuR58fkXOzu6Kjswfe/p48ePI9VYu2bdsOHLk3MoYxMnToAvnkOHD9VztkSZcTo6Ox+458H1a9buve9epK9s3rQFpsMjRYtGW4GSGj8wxa4qLqbXQRAEQRAEQRAEaYyGkm/0Qg9Qf1ukfwL1iU5TWoxNq8BtuRhAFJ1OyPZ3SYoNjFZFW6dQ0wiJPEtUDhYdJ+YhF8JX5gDcUfFfx3Ehhhsq7wEZAiYEChB+5YTrIC38CFAUi2gzgtJQrLH6MHYgtLgbEvWVmSb+LxXM7AK8U2IPu7wTECW3WVmGnZ2Q9GiQ0yuPk0pvj11m2p/HwRzZ5PzogrRsG368g9GnUCjAIETD0FJPqlVT9MmJckaBNVgmneEh6ezo6O7uhjnpVFqqWNSagsC/PIShDcYqZUklpSrSGks5TRk5XigFdNIQijk2kYl4OBk7rg3aX7l8/abNnYS2WNQh1KI08m0SAUEVF4IgCIIgCIIgg5P12fW9qj+ubfKpE0/ap316h9/x8Op/relYsZ0Nxqxbtx5+ZtLlj3/q41oz8dzceevXrovrHHnMERd8/AIovDj/xXtuuzue353t1o4mh82aCVPtd7Js6Vs6sc7Rs495//lnl/0ic8/t9zY3V0nycuG/XVhLdHLvbfc8Neep5Bz4UvmVq7/c0tzS1tqazmTyudzaNWv1opfnv7R+zVrHdY4/eTbpK5s3SgnL+EnjkzNFXdFJrDVxUimCIAiCIAiCIAiyG7KrhO2S2oK4nIzp0zhwmgi7agVAsp3SL49cPq2f3EpxtV51LupX3L4WnEAIVqcrUg/vyx5yOR+is16Y51JlYgG248jgrePospcvhL4PvwlIhQqXEVyS8DqRjTPKZVzWiF3itBiiKCtRpgHxwSlmEaJSG2GSXQwMRBUNTLUv+PXEG3FKELITsats0phWULLLSXt2GLHHiZ5SUsPvpGJKSOmBLpuKivJOmJKGyxVTUTqltTxOKqZVWiM15pDI7wSAoYfLHDsmT1VseRIPrJQWV9e6k+bmDOdhV3c3/N7n2PATn3zMi6nRzaJWQEM/COFHOu4H1FEraNmKGZekbROTZ5QzyqRKRQTpFB07tpmSYVy8vW1bNyVNgrqU2NIcxQxuFam/EARBEARBEARBBgNdhY7KmW2pocOahq/uWOmHheT8MsXJC+ueC7jfSIP12bZl63133zfv6ecPPuwgPefh+x+21Ve5dWvWJWsuenXxg/c9BIW3Xn8zOR++2IVhuPd+e192xaVPPfaUFp20tLbuve/eHR2dMHP48GFlG42SdveCV158Fb6k6nJ3V7cufO7Kz7Y0tziOM3nK5MULFy1dIjsG31Xvu/N+KOx34H7Tpk8lfWXj2xthOmHShORM/RQFiVIIleHEohMH0+sgCIIgCIIgCLJbIwN5JCSDEBFlyallGxHln6n4Vlv26D8pd6BQb01YtbTBHr4gl2sNkmYbxSQ3wmxA6BRCQuXNEVJEQuWSQC4P4XcE2wlsZUAAsWD4GgtTCAYHnhf4vrRECSUyQ0WcywUCvcI0TEkVyYUpqmQ8JA5bi4TSpOr+iap7itqJ6tjxLynF61KUW0sIgtSnz94eg9rvRO9L7zxOSKTCicrmOCTK0TGtKJtEYpZFZcYvbsF440jTJRhnfF9ev67LyiyDVGYwRqKLXBsuNTc3werZbNb3PGlzon6JY3JAYjYjnIpAmTjRIGC2rUyZYJkQRTELl0Mf43L0C7njsLY2l9JWzr2Fr66ghHHBQgEtWVRaoXC8fRAEQRAEQRAEGaR4pbISzcwxh09vn7Jw8+Jn1z7thXk9sxHFSa0Gq7Kto2Pjhk2ysHXbr//7N6tXrNxj6mS96He//L3+cqZtTlgk9Xj2yWeWvLaEJDQfmuam5rPOe9+e++55yGGHPPWYMSOZMnWPj1/+8a1btu53wH6VWz/znDOmlibc0Uzbq3xm7Cxy5rnvHT9hrC6/tXTZXbfeSeQvZUbbse+B+y5euGjJQtm9t95cBl2Fwnve954+iz/yhcI65ZsyLtqoRiWNlegMRGU4jvG7dVwUnSAIgiAIgiAIslvTo5BicNFj3hIT5zTeExEVeXaiGbR+27TaisnYbrw5EW1EW5qYeqYSzOQqeYRgtqXEKFKDEkLkV3mcSAMC6UHAHNeFF8z3CgW/4MGp40GovFNUV+VaVMVvo66qrcOKkUCn2HG92HibmGug+pUwGK+Pd8TjRGPHipP4eoFfKFQgnhVnUjooj+vOI3Y0SZZpLY+TWNBVWib9Wy6bkv4vi4pyrCYhtTxOSEnZtFZaJjXLjCrVnrQdoVIkYrk0ZTl2Lpf3Ch4NQ88jrv7hLJaeGHcScxkzmSBH3mnptBuGfqGQ45xn0pmU60J7oRLY2Y4FqwZKJwdb0ko6+cEjuBTayT7o+wUGRk5hqCMwCHptbXZ6+hjPL7y1dKMIKRN2yB3oqkUtjk4nCIIgCIIgCIIMTlwr5VfIRFJWakrLpNHpkfDt6tm1c70wP759j1MmnLRP+7T6ihPdIOmJF19YsPi1JSuXr3r+6ef1HMex33/+2YceceiF/3ZR6ZfF47dt3fbaywtz2dyF/3ZhWTt7TNsjLp/1wfePGDG87GeXo449Cr73Vf0t5qBDDzp05qGkAbo6u3ThfR9479777GV2Yf6LWnTi2Ebksfd+ctGbry/NZrO3/vlW6PaQYUOPnn0M6Ssr3lre2dEJhbHjS0QnQZSEqIbTidGaxHl2EARBEARBEARBdi9UUF4FEqHEZMxRfimsjOUl5zCy8xCibqoXkzWGJpLFVKW2D0qN6mXb5PFeK1+SIK4T16zQnSTKuoKJnJvMENrgJBnD1XO1d4CQqXO0doTrylx/Yac0lU7b8LuAbVupFLMtCA0Hnh/4vjY+UVVle1LboEPQRZ8NkVTVQD2T4UIeYLl3gsc7Kxso8+EQxjABOsd7PGJVj3YjdSrhvHxzlV/w9cGpnF92dnam+sSutbEyxwikLn1wOhnUHieVfifbOe3B4yRGRB8ChJgkOzBNpVwYU3wYWTiHa9aWo46l8+xwrgRzyStZCUYsZmUyGU8iNXEwUKnbUsCalOtBjgZSWCe1J5ZuQKvxYKkZkPRICZuU/zDGHceasscoGJdWregoeHkm7CAUqnIvxnQEQRAEQRAEQZCBQ0uqrdsrT4jz7PrnhqbaDxy67wnjpGZiZdeKEye8a++2nhUnukHSEw/c+9DD9z60bes2/bZ9SPtln7lsxswZI0eM2HPvPcu+Xy169bVrf3AdfAu8/vfXl7XDEt8ER48eVbkhFjlfbg/r167XhRGjRsQzfc/ThVjbsc/++8C0s6PzH3fd98g/HibK5qRqrxrkhede0IXJU/dIzo+dTqr+pBOn13FTKDpBEARBEARBEGQ3RYX+hUyvI2oGJIEpl1UAABAASURBVKuUEgyCCHoxqU0P9dSU1l5UbCmpmWhERVCusSjzHCHJgxv5XyS2FWsVIJIbBkHoOLZjU2al0mnHka4nAcSGPT/0fSiKkCsPDaq8C0Sxk8WUPuqMS31J4lzT0lNNMajbd+xY5xL/MEF6f9Hs9jTqcVIxJZVTUVHeCVPScLliKqpNae0pqTbtyeOkFHPLU3MYHccRGan6CzwYXaTUzlK/G3KZ2sZc3iS6qpkWLlqWFqzACvl8HlqQ8jciwlAoKYslxx05XMmsYHKQsZjy+1GtaYsouTccpqpBzuHnSitoa3enThtDibV2bba7u4uxFKHOztU/IgiCIAiCIAiC9Bujm0av71xVNnNT97qHV/4TClp3si6317TWyY0oTnSDpCfgC9qwEcOPOObIzZs2P//0vPahQ055z8kw/9m5z7z28qKyymtWr1n40qtQuPn3N1U2ddLpJ0+YMJ7sSNYp0UlzS/OQ9vZ4ZqEgRSeOK5/E0nMmT508euyY9WvX/fk3f9m2ddukKZM/8NEPNP57C3w7hT1duXzlrGNm6bw5zz75LEyhnTFjRpfWrJeSPM7mg04nCIIgCIIgCILsnvBI9lDqJ6GePi+6m5TEJ6t8ddstguciUehdrJPWaKlCcSLjrLXWjTfPIXzLJRC5tWxbJ9zRBcd1fc/zPT/wPFiqFCfRMyiRnMZ89RY6HU/Sp0AZHZTJjcp1J8rpZNCe751pMmJTbVmT2KS8xwQxyh/pzKJC6xGoQamG0W805uexi3mc9Ox3QiIVTtlxIJHyRpQex/rlWBGldCdUqXso/HAGV2aOizAMfE/AYAI/7Ykol5f0S5ImKEZ6ogswIKUcN0ynu7tz3d1ZqJDKpPVTbjJzjxzjbFjNhxal7oQyZlu2o24WlVinOA7JF9M6Pxa2tjmTp45IZbrfevPtLVu6bAd+dsRU2QiCIAiCIAiCDEr2ap/+0vrnK+e/3bUm1p00rjjRDZKeePeZpx54yIF77j19zkOPPf/0vHj+k4/Nve0vf6u11q+v/3XlzH0O2KdvopN7br/35Rderpy/9/57zzpmVnLOutVrYTp+4gStBdHonDvtQ4bEc5qbmmcdN+vOW/6+ZqUU8Zx3wQcmTpxAGmDLpi1zHnls0SuvrV65ZtWKVYcecVjGsrZu3frKgldg6eyTj491JBr4rQ2m6Uymamuu6+574H4ERScIgiAIgiAIguyuQBAQ4oQyGC50ngMlM+hNJhoyiMLllQqO6oiqOpo4lY+I5DjaNURPK1apSPUSNZ2YVWUrRiGitiS3KLNYFIk2aqQnQRDAW9tJybwXtk0tyizHsnyP2V4+H/g+tUwyGhHyEisVastYrlEace1toPLrhEWnCB1ZpnGenXfCVkAkjlt/XGX62t4JV6wdl2hFbifzVk9Ra1KPoq6ClHicFMvxnVdaJn0riwbmi2TPas/fjrJWoOk5glT3OCEJRQ4hJb4mlBTLpPEyKW5RtiAHDi6kos2yXNfxPBEGYaHgwdUrHVDMJWxODYn0VSrzDodVmjJNMKO7OwsvWJBOpxhLpO+x7VCIEEaxUObaITI5lqNz7ZiWEzeGTM/DYENBa6sVhm4u1yRI0J3NUd67D6r6QFteQAqBCELYb9KfTSMIglSDypGW2IykbOra/fJHDoIgCIIgg4Y926ek7aZ8kK1cpHUn+aAwND3k5U2vNqI4gaagQdIT+x2wH7ygAL8glcw/aL987kxd3rp5y5yH5kDhgBkHvrJAqkOmTp+6eOHidCbz7veeCl/ddLUx48eSPnHv7fc4bpXnB8758LllopM1SnQyacqk5MxNGzbBdNSYkuw54yaM04Xpe+956hmn6jL8Xrb09aXT95oea1Y6Ojs3b9y08e2Na1XLb77x5m+uv2HJa0ugPHbCOP1DDey7Tj90zLuOKeuhVyjAtLW9ehoj13Euu+JSXSAIgiAIgiAIgiC7ITKuSGEq9QbcxOOjkDytVJ8klg4mRKk7h+hZwGCio2VzqTxIkY9AFCquGp1s6CBV24iIo60QsmVUZcfRiguzPZHQTAiZ5oJ4YT60bdtx4Ku09juRWiJ45ZlQeiIV1Y0C0lJUpGQPIt589GsDxVBrv2HXWWaULyZIL+dEp7xa7d06DNWjx0mlz8egnvZqf3s4DuYIVlPGkNJyyRGX/1GT0ItRptyQ5ANeQuRD7nlSdAKjTTwGxSMdYyy2PNGDVMpN8VDk8/lcNgvzMpkmanQnUh5nW/IeCXnIpXrOV15NlvokUvJHIWLxjB4DGbNCEjQ1WZMmDXNT7uLF60Q/3RswiGY9kfMJgiDIzkTIMVC+CoEcGjMOaZJ/vxEEQRAEQXYH2p22fUccMH/ds1WXvt215pFV/2xLta/tWNmj4gSApqBB0leOPv7oQ484FArZ7uwf/vf3UDjk8ENPPfMULTq56JMX/fBbPywUvL332/v4k2br72HDhw0jfeKIo48YNmJ45fy99t0r+Ra+Qq54czkUJkwaD99Dt3V0wBfGQr7w3Fxp0DJhctHL5MX5Lz79+NO6nGnKNDc36/KmzZt/ff0NM4887OwPneM6zp9/9+e312/YtGHTpg0b31j8BpHOJR78jnbKGaeOHT92j6mToc7mLVtuvfFvqv2JZf0B4LstTNPpNKlGwfNaWlvkF+dCobmpiSAIgiAIgiAIguxmMNuWkgSuEruIkAgtqohkDdpaI1F/uzUJpXoP0xwlNXQgogH1RkM/z5vH8sn2QyNPAfVGhnlpRTcjLUo1IxPSU/uUGGEIjXwBVEYbFc2NKsgyjZQLsgdhKEO3TNkSQIDYcV1b/eMVCoHviyAgOpxrpCbGD4Hq8G4xuCt9TWiJFob2y0Hb0TQWoinW2gl5dmyhN6O3rKL4TIfSRXTIhbLMYfCf7Iu0m+F6mTnz+gripNH9K0MUT7WBDT4BS9LjpNLvhFTzOymZioqyaGD+dk5JA/NJ9amoNqW1p6TatOSkV26FVJRjhxJdlkITNbgwdYAtZlHzpJasFgRBPl9IOybzDi9tE24s+YHCQ1jXdp2UGnUKhYLv+7ZdsG0HhihprkWJLZ/wd0LKvMDnMIDRQKlW1E1AmRkESWgOmGxaDnDptJVKpdva25nNFi8uz4DeB7yQdOQGxSiHIMguTs4neV+0paXrCYIgCIIguwPHjT1qyeZF3V5H1aXbcpvgRRqg2W2Dpsh20NrSAq/Orq7777xvzkNzRo8dc+nll2jXXOD4E45/4yNv/PZ/fnvnLXeOGTfmyKOPtO2+/71yxjln7H/wAZXzm1uak29Xrly1YtkKopxOVixfeeuNt1qWlc/nX3j2BZipJTLAghcW/Ob638x/7gX99vVFr8Ocw488HMrLl771+CP/eu3l197/wffD23vv+Mebry+FwvhJEw885KDxE8dPmDR+8tTJEyZNGDturM6J88/7H3lj8etQOOdDZzc3NZf1sLuzWx6r1mZSjTkPPfqPO/4BXy1Pf/9pZ5x1BkEQBEEQBEEQBNnNaGkfGvp+GHIpPYHAn+8Foc61Iw0wlJkHV8+8a+mDUGFz7fNB45g2LY9l1w9t00SBls2sjP31GA5sRDwgd0c+tk9FySbL1hSJjbEqHaBCqT+ScWP1SL4ShYhim4xWPwQlYd7inMhehMZyEn0CTBiZlcojpD+GDNlGLein/WWglwipPAl56AduirupVCqTthzb9zx4BZ4M7OqTJwO8ak+4OtfFw0GVAokobYr8Tx0ELkhP6Wiq5GPqaf9NnYZjvSWankRWDSOLkg4KVPCaq6vLNIx8YFVjInqT2DdRsa3K7Ve9ICuPgC1Ud5R4iEYil7IsO/I/ynXjEOk3V0PynjDXmujpntpl2d08TpLl3k3NZRTpVEjp/dVQmSbUZ6YJM7zBr42Ru4nI5wue5zF1/8BMwaj0OGFMRCZNzDJlKi1SbM5dGHECSagUJ2qIlPl01CgUys77QUDCIIQNwYgl72UaSu0Jpyq1TrQzsIq6ZUQAKw4f1jR1ymiyfXR70uOEIAiCDAxgPNqWF80ubXIJgiAIgiC7POMyo2eNPeqxlf9sxMukFjZzoBFoimwHnPNFCxc9cM+DD9z9AHzd+9BF5x92xMz584ySw3GcD1xw3uuL33j8kX/dcP1vlr+1/MR3nzRmTB+3OGrMqIkTJ/RYDXrS3dXd3NK8/8EHwE9XD937ILyF+e1D2mceNfOo447yff/5Z5+/8YYbn5v7HFQ7/ewzXnjmhaVL3vj9//5hwqSJY8eOeeXFV3V913Xhy+eJ737X9L2njx0/Zsr0KRMnTxw3cfzQIUOSvwcte2v53/58G1E5et79vveU9Qe+1S585TUoDB0+tGqHH3v4X9AToqxQUHSCIAiCIAiCIMhuSLqllYehgJcgoecHvifzJ/BQLpMyBi50iI+qTCCcaw0EzOZRLh7VTGVEvE6MPI5sMlIuGaEVZU57jLc3EJFXy2kUCC2dXfJWyxZYtTZ4pCwwchCR7AGNNxKFjVlsc0F67H6VDtO4kAwEa7VELFhhUSy2GDqWJ4bSQj4P34gt25LBYoj72naYCr18oZDPQUVL2ttILRFEh5NnQJ9fIWisx5F1WPnRKBPriFqyoB7VQBVuI9XSOZEezq4+2uYE9LhF3WgDV0zlqqLOlVMFO3li5fWgTBtKrppSJ5LBmLZqx5P0NRGlvibJMiEJDUd/lRuckv4pi4pyrCYhjXickKi10jJpvKwpuQ61jkTOUv4khKRSKSJdhQsFlc1aaUds9UlhHHloyXghb3HXdWAwymZz8JsgUTIU23aJMXOi0kWFSVsgpUrxmCCRuqV05Jc7zSNZjuz10GFN6UyGbAeFABUnCIIMRLo9+NuLptHvBEEQBEF2A44effjmwtYF657tW65j+LZ24KhDoRHSS3yvKHPZum3bow8++q+H//XUY08OHT7sgx/74Jnnvrfsl6Dhw4Z94orL0un0Q/c+uHrFqqVL3jz5tJOOOOoIy7LIDmDT5s333Xk/FI6efcykSRM555ddcVl3Vzf8ijJk2JCDDjkol83deOeNT8556uX5L7UPaf/gx84772PnP77/v7575XfnzX3uD7/6w5lnnzHnwTnQwmGzDtP7cvr7z4BvpmPGjXGdKvLedevW33D9r996400on3/RB0cML0kABF9m58+b/+K8BUQapVRXzOy9397zlQvLXvvuSRAEQRAEQRAEQXY/mHpIndgyT4JIpQLfdwIvDAIZEddZEgI/YL6yO+HSgoMTY9dgnE+MDUMf4uXV1on1FAMu/h49/C8a21fRt3wNsdlJrWZLw+OmoDPsJLbNlaQEpjazJHIKgd60rA4nlwehzGyRlFEInVtHehYI7WwjeyNTv4iQl/ZNb1bLX4zwqI97+05R+xzWmM3Kljayt4lgES8RlxjhS6Jq1cOHGhTF7uBxUul3sp3T6soYUlouPczah0eP59VTT1GVuwsKrtSd0AIvBPBebzdTAAAQAElEQVQ5QYhDibJWpvFaZVtROXFSMB55nuf7ZsiAzxwlxFJlylwHWhAyB4/vc8Et4ljMlrqUaCSSN6G8b/VgBHdU4KYyttP3kKwfko48Kk4QBBmgdOaFlaHODgniIAiCIAgygGi2m04ef3wg/Nc2vNxbvxObOfuOPBBWh0YaXGXduvWvvbIQvsG98Nx8eNvS2gLTjW9v/M0vfrth3fp9D9jvtPe/593vfU9ba2vlunvvu/cnPnNZa3vrQ/c8eM9td2e7szOPnLmDRCdPPPrE6hUrHdc576PnMsVHLv4IUY4s+ULhsYfnPP7PJ56c82Q+lxs3ccLZ5591zofPbWluPuHUExbMe/H+u+6D7q1bvXbxwsWwyuyTjtNtjp8wvtbmNm/Z8of/+8ND9z4E5Xed8q53nXICFNasXvPiCy/B72m+5y9/a/nL81/u7OiE+TNnHVa1kfe87z0tKvPOMbOPIQiCIAiCIAiCILsfKm2OSnZgWVQ9hW6FqcjpRKpOZHKWfCEMPa40KDyEhVz7ZERtsBI5Qsm/tTcb2RZUEMspBmBAUJTJO8qWFqUEJtarA6a9Ew9oY4Fe7Xx8LophX1WQOZNCKRyiAYV4sQNn13UCzy/k8zA1VdWp1IIaSmgV+QOryAvTNznEADqfJjNUL3QdvZdB2SxKQJVcU5nSRF4WhCRkVpF6K+Fsg7qTaJhI+p2UTUnlVNQt7+QpqSjXnYrSKW3E46RiWqVlUlFOUiYci689OVOJ0dQcKV7T8+G3PxgYvFze872QiFQqDXOkYC0auJm6zlUeLNlny7YyypXE9wPtd+KmpMeJHkuEEqbYlg1jUcHnodKyEIdakdhL6h21m5PshiCMKPFJgdCQ9JWcj4oTBEEGNDBMORb+GYAgCIIguz7DU0PfM+GkFrvlpQ0Lur2OBtdqdtsOGjnj2DFHwuqkYdatWXvDf//Gtu2lr78Bbw885EAiE9C0jRs/Zv8D933vB94765hZ6qGC6kzeY/InrvjEmLGjH7nvkYMOObDSF7e/eP7peTA95PBD9z1wv+R82KLneTf97ubFCxc1tzSffPrJx7zrmBNOOUF/32xuav7EZz6RTqfuv+v+uf+aS6TNycz9Djqgkc3dfdtdUDj8qMMv+8wntOZm49sbbrj+BtgifIddu2oNUV+E33XKuw4+bEbVRsaNG/vBj36QIAiCIAiCIAiC7K6oOHcU2SXyK5x6UMFReW2kr4ftuk7K9b0AYoFKdCECz/cLhTAIY+mJFmIkkpaUGW8Ui3FEnZCq/g5abkHpTpEo1EjmUo9qMoDibifmlGymcZWG6lJvpSpUx4ajwLER88gil1oJLrjUFamTJW1PIP7b3By6AUR/IbwLq8mp4CqbktpBSlnccXOqStUowmgmRNzlxno7kGInJqROTTw9irBXnGJRVAEk1+55V2zChXaPEJXXTfyOxmoWferwoeYyevTzGNR+J3pf+u5xQiLlTWk5Ona9LVdIT+L58q1OoCPliZbSRlny2vY8zrnnF+QQo1ySYKQh0SAEwwqVM+XQYzssxVPy80Ol0aGMWip3lyW1JypxDqO2bcmhCEasMJB75LiWSgCmTJkYIZEAhijpCS/ojFV9AAbGQkAQBEEGMjBMwWDFUHaCIAiCILsBw1NDTx5//Ij08MXbXl+x9c18kK1TOW03TRoyde/2PWcM379xjxPNsBHDW9uku8nBh80YP3H8aWedBuWRI0dedsVlQ4cP23Ov6cnKLa2tk6fuUaYsGTZs6PkfO3+PaVNmzjqszOakfUj78JEj2oa0V920bdsjx4zmYVhH1BJz1PFHrVi28gMfPbcyFU5TJnPQYQe1tLXMOvbI4048fsrUPZJLR48eddG/XzRh0oSlr78ZhuGZ55zR1EBW1qHDhhw44yCvULjsM5fFB2H0uDGT9pjoeT70efKUyS2tzVOmTTn59FOGtLcTBEEQBEEQBEEQpAKTVsUE4GXkMJYTCPV0ObMdR7pkwNcsGaUTIbcd30m5gR+GfhD4ASxQqoYo+ku4EquUKAwSBiA9dSeqO4B/ZS/bOb1TiTlUH73+2YWqSogylAtA6fE2Koq4czJSKxPrhKGM80Jw17Zk2Ne2YQ7EhWGRkp5oKwGzus6eZGLicTzaCFPMrhtFjSjv6oBMuEMrL6tYd1JjFVZFcdLgxrbc9B+Jd9Rog8rhcZeic8xiCyBlHaFUCZT2y9XE+u+22jkuLGLUM0UlW8IcKXkL9m+5wammv8pJIjVJshat3ev+gXUeFUsI4zPLOS/2iibcgfQHBqe+78uMOYHPVQKpVMqBAcW2LEFjrxQRj0REGZ94vp/P53kobFdWlkOQlLAwuDShDWjHC+VYJHUqRFjMlp8+jCnxnKM+kpT+jULXpJwFbp6mIz4FLY8bO4L0hrxPOgsDcIRCEAQpoTVF0w7pFzq7ZOyqtaV3cSkEQRAE2T3ZLDaRd4g1ufVLti5dl1u/Mbexo7DVCwpe6MF813JdO9WWGjIiM2JMZvReQ6aNy4wmvQe+xL34wotESkCs8ZMmjBgxos5X+47OzqefeBq+kZ387pMaaXzxa4sXvrywbUj7SaeeWHXT/7jzH/BV7tgTjh05cmT9psIwnPvE3EMOP6S5qbly6ZrVa9avXX/AwQc4TvU/leAL6YYNG8KQjxkzupHfLqD+/HkvFAreUcceFc+Err726mvwpRfacVNuS2vrhInja21xsDCMDicIgiAIgiAIgiD9zZq1G2E6+/IfExXClJkTzAMMsfGDitJr5MPhyoRDJdmRj7CHPAgCP18IfD/wApkAAUKN8GUMAooiJCQ23Eg+9y6ih/rVViJbh2SsU03LvxL2/CWxpydBlU7CIommjEdLQgag9lPrK6pYhKqdUk4t5njIY1EqGGAkkR2FJH0rqvS/OCcZ+1QZJbg5BbpDgiaODNFbiVaPCrQ06Q8lZds1XabFgwxFOONMZsGQEVwZPJax4ECeRB4dGSEYZXBGmdntuLucGp2SgcRH0kyqCDWKvgm1fUJqiD96cmyNJBn1r5OyxoU5wLRyxcQFQGU8vXRFdZXQHq9JuvkvX0u8i+8kcydEveFlVzulWnRiKu/2opNna3uc7DLTvnicNHJMzJmqqW4pzteik5IjX7xEo/rFoVNdRpzBWB8q6SHApWYltGUCL1fnxZE2J9Rcy9GWKNTP5/MyJ48ckCUO/Cc/e+TtCB8i8AkinyMLg5BDHWrDKGU76qZwVIc4FAWVWd5gCbxP90l0sjUn/L5n5kEQBNlJuBZpz/TPpy2KThAEQRCkcd5B0Ylmm9+xPrdxS35rLswXwgLMSVmpjJUemh4yOjOi3WkjCNInUHSCIAiCIAiCIMiOQItOjv/0j3Q4XsoPVHRfB8ZV3F1GL2E+Y5Z5JzEBRCpl/xxig4HnhdLvRCpRAt+D/6QnikrXooKEQosQ1BPygkQtc4hIwuZE/Ei8kZsYi41SBqPoRO0v06WqPSq2nJzLZNoILTqJHEdYb0UnIt5mfDSV6YA+A9EG4bRKIKarpC0y0Av/+4W8jD7DHCO2UCIUkei0kqXow8Dj/EpCJI8piQVGInkAS7pWeRyKLZQfqR0jOlFHO3G+zHWtdq0oh4qu4fhCVSeF9iw6KTWMFeoAWImLQ7dfZUXtI7EzJB2DAn1uS6ekcioqyqKB+TtoSirKpN58UW1Ka09JtWmVbZGKMqkzPxoeSMXgmBzUtCOWhEmrJKqGEMtiMOjn84F0HuY8nUrBLK47GxshqWagum3b8pNDvnxC5VACbx3HoUypHmEToRz19JAkxSyc27ZjqQ8oc/SEuUv6rKEKUHGCIMhgAOVxCIIgCLJ70u60SWUJaksQBEEQBEEQBEGQwQOlTAXWZZIcIgKjM5GRRCEVGDLNgQz/MZHwp9DmGzJ4CPHG0LIckRZKRsKDwPfyXhj4oe/Jp9/DQClMhErdYOL1OvweBSOraQx2FuUqBCHoztt4dUyXokwsfYurRoKTCh1KJPvQ6h/YBER1TU0qjU9Uzh3ie57MuWNRqXzQdidCGPsTYowL4ki3jqArtY4RlETHlJeFtWvoLEp2r0p8vFbIfLvRuiFS1CDJbFKqd6xk66W6mcRNIOrrTmyaaKTq9gXZgbu3y1DNz2OX8Tvpi68JMaKkuEwSd12fysU3lFQYnJDiQq05o/HYpO54qnUkjEkNWsGT+XZgZsp1YTyBzw6TXocYCRu8s21LCJuoXF9SfSLkh0QYMkuqy6SpEoM6FnzqyA8eHkp5ipS52QQ+aRhlRsJImNQ19vX+wdsOQZBBAQ5WCIIgCIIgCIIgCIIgCIIgyKCAWQ4E9hhR4XbKy551V793c2l1ISK/DO3nwXQaFkEtZumkPMoPw+KunUqFQeAXvMDzAt8jUooSwhyqpC1R+1K6IIpiBVKhrYi0AA384v6OK0USVN2Xd4L4sOqgtDYuMCHmkkMKYV8dOKbKsoDJs8l8zxM6r0xsjcIiAYwSZ0TBanPsIXJs7EZ06g1eDIyXuKQMUExeEWGOEDWFuvqYHilxOqnI30NFJBigpcYSZVY8A+rqfgfghJorj8YKodIy2f5yg1PS/2V9d4lkmVT3NSmWiZlDEqNkkT6UTVuU1pKbFFGqFGP0xEVithxBXNcNeVgoBIVCQepOjFlTdElHOw+jjF4HbrsgCFVSHaVqk/8o+ZsahIzyTgiVuyckAmo2MebAUAOfPlyqTzhBEARBEARBEARBEARBEARBEARBEOSdxnYcIWzlc0J0xhw9n2pjDBo//C6imLiSnEixArwNmNScqBnCUgFG2yY21Ew1ZwLP9wueCL2g4AOh74WBfLLdNKskLjTeUBWMMwalu1HgPVbhJNLr9LEds66IjqPKcySS2X80Rl8h9KmH8wmXBER9ZWoLP1AZMIzcxCglSCiFR1Qkg/+URZFooQLnTGjdCTVZlWIBU0K50VN8e6BRkmNEFcpUImUURSfmwCTqmeRDpMQaJjqC+mBxk+Qplp6I3qpedg1kuqkKt49e60UG3rQvHieNHAdz1Boox8SjQpnupMqVHX8MyFFfVdbjlMxBpXQnjgtvAwUUbGJJpyRmR7oTofugc/LYSs1IuBp7OKch1Ql49KZhjHEsi5qFAXxC+X4e1mGWoz+q5Ci0O94RCIIgCIIgCIIgCIIgCIIgCIIgCDKwsGw7UidAJDOMjS2IlJUEIoquq0fNdZBRigrCMFDBRiZEANFCiCAqkYN+SB1iggKChbZrO2kXlgdeQQpQPI8HfuD7YchDlVoh2hbVGhQtbCg+vV+mUSCkhk6h73HHanKBHqQQIk4XQXesaKLh9Dqi1myjNUnEkKPqch8S2WGESZ4TBkSKTizbcZyUawthO2Hg23DiwiDUqiMVX6aV8ocopkyLRhJl1h7x9mN/BDrwdCci/qesc0YNUpSFlApIqupObBG1QpNbKFrHKFcHcz5ELE2JtghFuOV0ph+mqwhKWxuvVwAAEABJREFUjJ9MorO9gjdiHEQIbeCm6tkVgxC6/aKAkMEgQ6Iu0cQdUbzUGijvhClpuKymotqU1p6SalNSOSUNl2OosNS1pZcy9W8VExHtiRQ1pJLbxKdXp+Ki8HFiSS2IRUM5Zvg0FDJbDhXRyKD3FGpATZaiDtQOAZ+LwIcGmEXVbaHHLwrn3mYWl6l44H4IffjYEMylFtNV+PYM/giCIAiCIAiCIAiCIAiCIAiCIAiC9A/MdhgzJhaU8DixiIyOc5uHyvtELpPZDJQZhqypcukIxiJXhpDLAKFlEVuGA1V2BAggWvASDrFcxwnDVBDyIAyCgl8ICrmcXyiEMnEPV4FkpvL3MC2AoMXge0ICI0OaPKkGiOYz0uAD76LUV4KQyrC5cpdgJZuNF5lobLRI0MRapFKG0VNAtKipoeUCBxP2V4Ha5Cu5rijZkBaEsFKFTvIgktjKgJDS1By82JicIy0F1CG1mLQ8sW1brebDmTN6EXnWeSQTksdEHVVtvKCuFBUvhtOvfQz0ssQhpXFEO7JOSey7UcOU7iqvGiov2VdtC9KIEKJ8zbLGZe+VlUvU1/jfkotMBbyLEXguKCNlZ9wuHv9I1RXLdeIUOvpFozmhvrQiBxVt8iFX1L4xcnUaaV56vauDEt8RTqj2dhfzOEmWq0/1GjXKujVROYL0oQwHWbUUScZMxqcqF1iJ8EqvTuPLFUYGaV7FCLNgQFdjeig441Sl0+HRulA5VGMVhQVqJSZCDz5awjCkPhG2kPl3pJUK0Vm/hHJV8X2q6gSB79m2A5826hMLVScIgiAIgiAIgiAIgiAIgiAIgiAI8g4jw3o66QGTYUMtxdCRPIiRUxLosKSWnMhAn1CpWEKuHnbnKvAJ1UIIj0uRAQ8hUGjZ8IKYO5fqE/iPWsxmwnHU0+lNoR+k0hmvkPfznl/wINSoVpThSpm1hXNohERKjuID+EVEUb5AtYIBplaPe6pbSkgHaA1lCY22UtmAivnGyoGK5kvVIazniGicsaVkTkLioNxjCKnjGSHMhNaLwMayGJ0aJnpXLr2hOruPymbBScikasjKNDdDrNf3vMDTRjWhTKYUbUsZ3ghhJDJcnxx1omW4mAodvdZaIpoMueu0SvF+6ZB00TWEFvdPkJ70O6LR2HONw1iUgOi2KNWymEh+RMtOroimiV6SaKci7LJN0qRSRERnrHgqmJKe6D4UpyRS7BRXpmJ3UZzAvvpthOSJuXASF+12l0UD85Pnuf/KoqIszMhSLBd7VK1sWistkz6XhdfKpF8Viy6wKjqvahoUs3XGlGaQWtr/Sr4l8EkhPysC6Z5EjZIxcWHHtwmVyhPLcR3fD2Dc8T1uqT7JTyVLD3xwI1nUlivAAASfDmEAHw/UlvJGRhAEQRAEQRAEQRAEQRAEQRAEQRAEeaehiTQxlMmIH409PETILIeYADy1pJKAKw8IKUsQMk2OfDpdFkQo9QbK8QSijhBptF2h4o9Ce0YYhw316LqVci3bcjNpHgjf9wK/EHhBUFA5XDi0xiL5gog8HagJ/FNLPlbPaZkIoc+Pu1eTINRrysT++7i1HYXyGmi0sihTylRJgiMnMvmRPMvSXMB2bDhtbjptO46Unvh+6HsyKm1EEUY2QY30J9RNKbcbFWXmQrvomLA115cSocQEtrXQJLpCCOdGRlPsG91JGouiPEAkxQIkEjbRMrFH7EhSI70O7Dk1jhHUBOZF8aAJQpJ5eqiZL0RJ62quPmtCS4LIboU/SpD1u4rHSXJaz+Ok7rS6MoY0Vq5+jPPDLRbIHGlmhV6PqObujS5mRhmxVB42efvDBwQMClbkkFKizKLSEglmSIWW7/lSfxgEsCL0hZkLnmgxpCV1LFw7psDnTEACKpPx9Cw2RBAEQRAEQRAEQRAEQRAEQRAEQRBkh1KSLaFCkkCIznMg/1HBS+3eIWQE3YaoOrdCJTwJZdqDyM1ChhoD35cCE+ldInPWUFr0JGFKjeKkLJqxXJ7iofQ+8aTrSV4+yh7KLDxKgCKT7xiNiXG/0GIApgPzib72MkRaD172XpQUB3HEX3e97EiV+RfoCK+IbEhkfozA5zyUJ9KyLcvS0pN8l5YacWrsVZKCiWhenKGGGa8T89JnT2h3EhWUjuwm9HtSzOxBi4KWd4DK0x0bK5R0qSyMHmNHsil9NAWJJCcml5UWksSyk4QABSqoRFa1urUb4XnMCRmxzMgUKy1IxVRUlHfClFSUSQPz1VRUm9LSKak2rdIaabhciQhoPs/TKe0uRSM/nnJ1ValSxIzytZbCaKETZ8G44fmSIAjkGGJF4jJarK1Xh8EltEKVyk1AZX2zydrG70R+hihLFSKdseTgw5ktaM3bBEEQBEEQBEEQBEEQBEEQBEEQBEGQnUTRZ6IycC7TF/BiIFz7LFARPXzOqEohAuE/CAJKAwwZKzRtEiGFIwH34S3EGuVLIuUIXAYaOdWJYyDWCAtd10mnedAEjfgFz8vlvXxBah24CP2AqMoqLhsU9Q07E7O1wR/ub+CwxboIZjHtKSBtbTi3lFTEUjipNGUeDSiXFgZagaGCv1JcwYhxZDDWIEZxwbhK3JPckPJ7iILnRuaiNShae6JaUP15R+0M4oNmek9L59bEJpSrO0FV10dB0FLBSpVWjL4qNkXRmxb6QBflAHQn3wPvEDA40HyLaO6s4/MxGKZRUinSR4+ToiyrpGzYnnLY3QSb0CInplGyvqQAsVJxEiNKsnOpm5+Wzof3HgkC3ws8GDtsm+mMbsl25LYYYbZlcxoEoUrv5QniWEqmAtXlWMAsofJ1qQxs0gmLyzRsKDpBEARBEARBEARBEARBEARBEARBkHccnffDeE/EfhgmtK7EKPFj9jICGrmOKEsLph5FF4zZFEKGjokA8jCAKDlMAS1ZgHXDMNABTQgeyufWZRMypYN0PhHEcl075dpB6KTglXYLnlcoBJ7HaEHqHoSMMQphqV5wE8cnOxYlvoiLO2WTAwAVOFb6CHkyZaiXh9LpRIpP/ADOpG3bbiptOTaEkUPPl/mVlMON4PqchqQiQi3TIsFlxkNqSUGJlFNwc0SLsW3tsGDC6kLb45ABBRVGNWD6zErS41QgjYDMeipMrq55lXlE77k5OkklQBVU8J6XCJ+S3kS7uvqEUZtkJ5LMQsqM4oQk9BzbU64zJf1fFhXl2NGkjsdJsUyi1kg1CVyfy9B695YRVGm7tO4kviYpMV4mgvQg8ivVncQiRbOISU2hK0+fV1CDBbekksRS+bciCaFKpmVZTJsAaWRSHlidqrFDalkYLBdc+Z1wQSPZGoIgCIIgCIIgCIIgCIIgCIIgCIIgAwBaM34XJTgppv5gJpqowovGHwVCiLZlCS50BRnAlOHF0A78MAh1qJEHQcADCC+qXC3Mdmy5XUosagmVx0VnUHBSluO6YVPo5fN+oVDI5kOvEPiBtFGhoVJCMEK5Tl3CjEJCkGJE2oRAtzMaKUqKguxmaG0FUUFkeca1z40KTMO5cBzbth2IHfvUIhBKDgIdtjY+DkaKESuXomuHaZUG1+4NagWlpuDFrcqt0DjUTYwWaidSNbyu+iDMPhFRnoWqtGacr8qOLhtRbMTUYMXZJRuk8Q4ns16pS50bMyIZd4+8iXYDYDc933YKaZHJN6IXGdjTvnicVEwb8i+hjQ1ahQ67q8tryqS0xUl0+QrpRaJlYDoNFql3xWvKrslopmwIWrYtm7gyb45KnQMXc6CkJyzO1KPkKVJ/KFOqaaTWUBpmMWFR2bcwuiSkTpEIJcUaMHfBmxvCG+bkN2wj/cvoIeSTJ2YmDGMEQRAEQRAEQRAEQRAEQRAEQRAEQQY8NKkt0boNGkkPzOJEVDGZkSd6Up0avQHVyXQg7C6lKAHXopPQ92RB5uIJQvWyHJtxLR+RMX2lIKGWZcPKtuvajhNmAN/3CoW8TLgDhdAPoCUIisJUmWYwtW0SB0YpiYP8yV0zXSa9ORwR/aFhGYwUPQvUeZUHW4Y+Qy0nsh3Ltt10BqYytZLnhdLVRgsqhLEASVwtyjiFGncP9Z9QiXSICWoTI1VRwWtjtGBkL2xnan4qvUsiEUg1U5O6V5RNI/lIqAtcGneUbqRSGxC3aNaNNFTcuF9wuEXspDBll0dm2MlOIZnXSELDUau8E6ak4XLFVFSbVvU4qTMtuWIaKddhw6rWwOd5mocrynEcGLWDIIDrypGSMktffrBVRinvqclYd6LXSqbnocqdxCaOcjchKh2bzKEjxYeM0UjNpWpS27Zluh+oILNTSbsTzoXuDFSyKOEqR5UcjMQAyq3zyGt+vytOgPVbyT8X+RcenSIIgiAIgiAIgiAIgiAIgiAIgiAIMnCJH6KmOgpaJZJNY4cHHR80D6jHUW8uhEnJQHV8XvqZqBAhRAuFo7O1hGkINvIw8AsFpSDxeSgoC0M71EkVlM0DsWyJQ1zHcaFM02nuZzJ+IIUn2ZyXz4e+p41PpGxB/ieUvMFE50W0H0zJUZI+GaKBEH2Z3iCpOBFaOyF2O/1JuX8BgUgwV0YE3IYzBPFpOF3yKoLz4huZiK6c9EigyqpAnhNmVCUM3llCMPhPqlWEsUqRYhStzVDtKLcF8g4S7b7VSCA/kV2E2joMX3IJRp4Q8duiqoQar5hkW8kWtBhHveU6Tl81rcmuh8Vsr+A43U2kObvTlCX9PdU+Jb3zO9FrJ8q99jipVdYEnanQd2BmEIbU8+Qla5mLlkk3EUaN0iP2OyGEkOQFnKTsUi8bNfQcS6Xa0X4nKuuasImt3VCS17nULFKq87Kpl/x8UUJGFmX/iT9tBgp5b0eNUnl/Z49/3/jyZ9avW/Oj6341dNhwgiAIgiAIgiAIgiAIgiAIgiAIgiANo4KJ9SqYqHexsi6qwGgcaydaKwAVQ70KsXREkQjLUityx3VsiDx6XuD5JIppSgsTISzHoSEPhEzJA/9LOw0mg592JsVgrXTKyxVgRb8gjU94GAS+FwZqq/pJfB2dU+IT3VXTMSNF6d3xqLQL6EszA5yyXezxAjDqInXKlLWJSsthuek0VRFhqTsxoWdauXqiTJLV1KUljM8J5ToPT9UO7hSSgfqqy2SGD9ITNonD7dGaItKdJNozzi5VY/mx7qRY3ZyBSKVVWpnsmsjsXd7WKU56IbViVRkpDj91y6KB+fG4UX/+dpQjQVzC4yRSk5BSj5NimZg5cbnkZtiesiSkua2Tm5qCfKEQhtyXBieEOEIajTAmk9pI5ZdtsqnV1Zok35bpTkplVFpQIj8GuM62FsoPCTi5hFGLxKl2lIpQjSaMwSgDNeXHgUq/w3RqKq1b49HBHFBceLx77F4O2W4eX+z/6XGP9Cu//p9rX1+0sOoiN5X63o//W5fXrV29etXKMAwrqz0+5+Fjjj9RO9aUsezNN7799S+S3nDVf/50j6nTCYIgCIIgCIIgCIIgCIIgCIIgCLIrEWYcXigAABAASURBVEXAE2hThWrRdxn9LnM8IXH2FJloxURcVXBVtyKXMmZRy3HCICVC/bS7gOCjz6RPBpG5HIjMwePJUKNlB/rxdsdJMYu5qbTtuLDQL3heXrqe+AV4FWREUgYgOdEPzHMdxNfWAH0OxCeDvaahARfgbJhEJLjq3MScaoHluGosn9CnXMeC5Xw4RylXxiK17oTz0o0oZRKLBUDJ/5VESafikRIWeRaptEWJtBkq9xLZSQh1/Ytoj4sBd2K6SEwuqFrrJ6xJ7GSuntiHR62uQrY0ViPot2XheZJ0QKm2Ga49KchugMVsIUK2bTofuiTWvg2SaaO+JnWnJaNPVWUMIb0YoWSLuX3T6ZRrwy3XncvnYLT1/EAPl7ZtRbee0JnSihulZn5VQQmJr/NokVaRqcxS+oNCLrIsGP8dKVtTo3/IQ/hUgO3E7VB1mzD9mWERVUso4xOdkceiOhHXgByRaT8ZsOwICdlbS19/+aX5VRel0mnSEw/dd/fPfvid49518n9c/YPKpZ7nrVu7BgrpTKbHpvK5nF6FIAiCIAiCIAiCIAiCIAiCIAiCILsAIhG2po0G8ajWd6jwmojnSZMTpqJuoQwWlj+ILt0ZIHgonTEs9Rx7iunoZBiGtuvKtDkqyYOULFACscjQ41SGLVnghjbEKV3XsmzqUNt1nLSb8jJSd5LPe4UsrBnIfD2hiZYW5RE6JVDDNhC6GiUm1FvqkxILCMhgpDdBzOJ51TtOS9Q30nxGZ4OBkHEY6nAwnB/LsV0i5UFwHpX0RybOIZFQQ0k61BmhccvyfbFxS4qVLNUyNEiNTgPKIXlHoUxdzGqPKClJNhITO0HEAXdbJOfGtVQAnRpJViQboMSovRIKgoQbTHEruq6uSoUyXNEKgJ7j79EdUbmg4t5oxECikdh6pVymz3YsFnP8QpO9bZwYsja+fip1HmTHaEdIA/NJ9amoNqW1p6TatOR8VG6FVJTrI7onBPkU3K2c8ubmZpiTzWU5F0EQ6Aq2xUKlCXFdc7fzSDWlZYZCVDE1iW+AeBGlZjAlJhsUjXQtDpQ9z9OyQxjyQ8Kl7iS6WXSD0thECo7kWz/woQE5LsCwIm8NLtVag3Qsfkf5+S9+O2zEyOScr33hU5s2bay/1rI33/jFdT+CwnGzT6xTbczYcb+76U7SE5d8+CytUEEQBHmnqOXg1SDw52+U9G0HotSWu4W8eFAAf7e48IcRgiAIgiAIgiAIgiAIgiDVEKUuGMbUIX4fiTYqiFQY5rl0vZqMCpp/TXOU0Mh0xDg7sCjzjcW5eqAdooqOzZgjfU1sRxufcJVfJ/BVDFRw3/NCCIj6vgU1XMeGmKXrWrblplwvnXIL6cDL57N5mW3HD3gYyEhmaPZMxz3lb8ukVCSjw8XJwGkU1I93USRFACX7npC1kKIyxWgJTGMNkBB2bBe05+WiMjpOik4M1fom4jNZuR0dVmYqV4YGQtRMSUiYbdnCVcl3iIo1G9cTwamg3FibyCPESKl6Q54jRrU6xYIwt7k+qp+Dis42IJOoZhpStRbh5hf+qLa5nk22nGqKk2hpcRlT6T8IxNS5Vt2YYLy8SdS8UN0+sKYo+guZdDyCRiIdOA7xUm22QpW5DFWHjnLlDcRlkz2IDkSjqgTR2Gsno+UHQW4U624tU3s0og7ZzilpYD4pn9KKcjwVtaZ6D+IRhSRGF1IxCPWxnB3q50cypeWwLAvCJxkgnbEtGJG5pwj9EEZyuEj1Pci50YtIUSGxpEqkdMzQN4b2rSJmrNfOVkqaqBSKMmymr241slpMatQYs2ArgR8WCl7B88OoCWieU90FOSjYtrRHYVQaIcFHg5BGWrAi165WSK8YNmLkqNFjki/4WK2/Sj6X+/7VXyvk82ef95HjTjiFIAiCDGbgo+ZTn/rUcccd99RTT5G+8sADD5x33nmPPvpo5aJ8Pv+d73znox/9qO/7ZPv40Ic+dNppp82bN4/sBlxxxRXnnHPOpk2byMBj48aN55577rHHHrto0SLSf7zxxhuXKaBAdgmefjM457qur9+WrV8NKkA1qEz6xHUP5y/8Vdff56NfGoIgCIIgCIIgCIIgyABDRb114LssJC9IuTEBNeFDpd9gJppoAoqWtF1Q0UgdCIQ3eq6lsqUwGbGUPiiWCrHLAlWpEpQKAf6VQpJMU3M605RpbmlqaYVpOpOxbVuqAEKuRSeB5+Wz2Xwu6/vyhyZm2+nmppYh7S1DhrUOG9Y6dFhTW3sq0+S4adt1IVQJmxAqhC8tKmBbpsN6+3LfoWt6HjPhYA4vaiL6xeNQdhCoFEUw9VIFYl5KJqB2s1ex0IrKRS+QGjoLmkC9ZY0+CakUAzQuCC18iE9kWSi5ZFvxpvUVo06o7qISPnAehDpiLHUnbjptpxzLhrPMYjEAXBJU2hrACSVac1HcTXNFyTOljyiNcnnoI12UQiVgigYfNG1EmKJkIozoi0ZoQwcV+eb67uBa4VG5XnQzxHtD7DjHCI2S5SSkJ1GHRMk9ZpRZpTdd1K+EZMacGU4TdkOJeD+rsWeDGybHDuF3THXIm7ypMzIlqqn/qK8XqaNW6aeyqCirk1hSJqTU44SYOXGZVJTJ9pRFti3I7sGora2olCyMplIpfS/lslmp9gsCOYbD4Wa2djGK739R9x6qVHXVqQ6bg/FZ1+FcqU18eRXDxwCL7ggea1sogU+CkFLu+ao/TK85+C/qd4xrvvP1tatXXvd/f+yxZra7+4ff+8bKFcsOOHDGx//9MwRBEGQHkM/nP/OZvo8wkyZN+uY3v9lgZfgAmjFjxnPPPXfLLbccffTRpE/ccccdy5YtW7VqVeWidDq9YsWKxYsXP/roo6eeeirpKy+//PKbb745bNiwgw8+mAxmfv7zny9cuLDqIvgL5Prrr9fl1atXr1y5Ev4Oqaz28MMPn3jiiVW/6rzxxhtf+MIXSG/42c9+Nn369F6tMmLEiMmTJy9fvvzmm2+++uqrSX8wb968L33pS11dXVC+9NJLf/jDH86aNYsMdhqQwRMjyu/7V5PJw9mjr5B/LQrefwgazyAIgiAIgiAIgiAIggwseojYJyP6cVSdVjQRuZsoUQKhkaFFcbF+yp2ShHyBxdFUFT9kUoXChE4WIvPppFwvlw/8gAcBxCUhOOkHPtX6hiC0bMtxHZnVxZaZd1KZjO95Xr7g5dIy7Y5XCAoerCuMtCJO8kKo9tNQWUl0+heVscEIH0yHafkBKGoDevqJrCEFxDsErSj0Ah0dLzsa8cIo44YWgzi2YwsBZ4T4Pve8otTCxOaTcoBE90yz0vdB6EtBNmbphDtmExXJbRqzMGmcPh2big7YYcijgxXLiGiUYUeYTuufXSPxkPHCULsYiU1otDpVthM6X5HZpLxdzIVs6piVKndjIF+VDWMxm3AidSfB27xtTTTWkAE21e5B2zntWSVDKm+g2sh2u8cFuVGWZTMmnS1EJCqDq0jbxcMllM8XQhhcpYIs1Cl1VDo0i4ehlp6I6C6NYwoVUrXyHiUFa/o2jiRjymqFuJRKQSHEmXxP3RO2Y0WBpVhKBTV1tCkM4JNAZgLq13t+wLHnKHv8cH/1ph21j+vXrVmxYlmP1VYuX/bdb3555YplI0aO+trVP7DtHjxR4CSubyBvTtWYIoIguzMwLMyfP5/0lWw226v6H/nIR2666aYnn3xy9erV48ePJ71k+fLl0Fv4BvLe9763aoULLrhgwYIFt912W+Oik+uvv/7pp59OztGeH/DV5pJLLqm6yogRI6699loy4Hn99ddrndx0Ok164u677/72t7998sknX3PNNZVL4fisWSM/dzKZTI9N5XI5vUrVpVu2bKlzIZ1xxhn/+te/HnzwwY9+9KNNTU21qsGioUOHkp544IEHrrrqKvhj5vLLL4c/cuDsf+5zn/uP//iPs846iwwqQk7ue6V4PN/aKL+nbO7k97xUz4YEKsD0ueXBxu6ikP+0A1yrsScoTt3fvfkp7831fM1WMW7ILvENB0EQBEEQBEEQBEEQZFdExJlxTGCxGNasrbkof6SpRJ6h4uzGwSGxvgxfRgIUnYBFpVsxXhA6FGpRmm5ugjClsTmR2XN8le1Bpd/xmcrBw2WeHceGWKqbTlky9Y4DBak+yedgCmvJ5+hDroUxsTxG9yEK7utYaqSpKEZJCSnGWKO1aod5G7TcqFit/mLRq9rb24HEyU4eq5LqpQfJrJeoqkVGUAHOha4GZxBOASkVH5mNlV5eVKeQkdeDSh0jvXCk0YgMV3OZWENZIyjZRqIzOwPRu2Nva6ENjfUmsiCzT+lDYELvxTQlxdxMSS1BQlVQNCOiUc6qWLyidSeExHfaLvsLrMVsyqmfHeWEzbz9DWrtDB0JqVuumIpqU1p7SqpNSf0pqSjXI6Siay/fb2LMKE5IfOdEyhLXdfVVlFcSrzhjTiAVfzDIGp1KfL2VXWJmZu05cVlrR7T0SpWpMH4nEplTDe4aNXAkzJdo3Emf+lKHyENp1jKAL3MvIMs2huWDtyAThrMmt+d+jxlCv/X+pkcW+us6OHmHmPvEnJ/84Opsd/cBB8742tU/GDZ8RI+rbHh7/cUfHmQBMwRBBg6O4/zmN7+pnP/pT3+6q6vrRz/60ZgxY8oWLVmy5Hvf+16tBp977rmlS5dWXbTHHnu88sorP//5z2fOnFm1wmGHHbbnnntWXfT3v/8dpieddJJlWa+//nplhbFjxw4ZMmTz5s2vvfZapVwPdhO2XjZz7dq1ixYtklL6ROrKdDoNn8LLli0rqwwfmoVCofJoDGR+97vfjRw5Mjnnk5/85MaNG+uv9cYbb/zwhz8k6mjXqTZu3Li77rqL9MT73vc+rVCpyk9/+tP777+f1MXzvA9/+MN1Krz3ve+96qqrSF3+9Kc/XXfddXCioabWLcGR+a5i9erVcLWTwUPAyQ3/LNeXrNtaZWYlj7xUkl7nlP2KopNv3pF9e1u9v3/Ul0py5S3dmdpeJ6Pa2XfPbiIIgiAIgiAIgiAIgiDIzoOR0nQh1SPWkadAbzDPqJPyB+Pjx5goIVG+m9gMQoi4EzINjsWYEJZj264T+G7g+0pBInNACC4CH8oes2gYWDJmKh/Jt1JNTY7rwHsnlXLSeS+f8wsFGab0QyKtIggriZeKOLovVGqXiv1O6k9KZ20/DTW040UntaFVy9Uuhfio6GgynCB1NqQ9ARQCz1PnLhScRF4lSltUJRWMVrREm1DpbWQ6JJUGSCRSj4idfCxiGtuwTcxeJjxyZG4hqaaJg/dxBiNdQckQ4jsgsUFmDgaVziYsNu3Rdiex0ISKhLRLKXbIroiUowkaFFrsTYeI5tdpU5egO1x30thU+5T0zu9Er13hcWKuMpq4FHpblsDYXmgR+b3h1rOZTWj5JREN0lLSAbEuiG8p5YdPIiFIEAaUM6qyWMVyM+PWo94U5Yg1rEfqW5JWhhCfAAAQAElEQVRIvxNi6Wq+dKYSWlRow1lmJfeZ3jpE72SDof7UGriqk1ueKzz2alA5/6A92GdOLn8ae/mm8K2NfEu3GN5Mp46yJgyVpwn2/pT9Hd6osKj/uev2W7Ld3Wef95GP//tnevQ4aWlpnXX08aQ3wCoEQRAkAXwS7bfffpXztQ5j+vTpkyZNKltUy7VC88ADD2iBSC3mKKou+upXv1pVdBIEwT333AOFc88998knn/zGN75BarB169aPfexjlfPHjBmjW6jkmmuumT17NumJLVu2nHLKKWRQMXLkyDKVTI+fLLlc7sorr8zn8x/5yEd22v6OGDGivb2d9B443dqcpg7wF87Pfvazm2++Gf7c+uEPf3jMMcfo+WeccQZs98tf/vJvf/vbNWvWXHXVVfAnGRkM2Ix88Kii7mPl5nDu4nBkGzlh/3qJbx591dvQQY7a25o4zEo2FbNhG1+/lfRIR1a+akHJOybbRRAEQRAEQRAEQRAE2V0pCWrRkkfLTa6cqBxFRxtAFH/nERWLEi0TYuxHitYXJryu/+V6idQv2DKNTiolnU5CaXwS+qHRMcjH3kPfCyxH5uSBelDdTacd13EzKb+Q8QoF3/P8XD7wfPUgPU9YZcQTWkdIEQX1jbsE2RlwYjxBqFHnxPP7Q0sgCKmnnWlAV1FpbZAEDrG+BHR2DpZOwz8ycYe0PAlFtSw5tTqiUek4jEUC1wdHe3uQHYm5WEvfNoYdHSDzrzE4MRlyiFbncC6Y+k0UKjClKIlPS1F6ItvgZZ0qP/K67chWyByYgRuR317gYrCYI9UJHdOcrKBNr4tMTnolRTtdSxdCGpi/HeXiFRl7nETKElLL44SU+53EZz0ukz6UKdwjuWbh7akS40jtF+lJLSfHTZVnJ5fLShOpIJBxPip1Ib7vM4XFLGpRfUGb3se6vdI0V1WzXiXH0KgsxwideQduB22sEoYh0x9GNFK2aOWi8vJRYSqoHwzkCzznVx8t8qXh0TVbxY1P5V9fUxIX2W8iu+Do9MhW5e/yzu3k57/6rcWvvXLcu05upPK4CROv+v5PCYIgyMBj1qxZU6dObbz+3Llz33rrrVpL58yZs2XLlilTphxyyCHz5s2DxkkvaST9yq7Kf/zHf6xcufJPf/pTjzW7u7u//vWvL1u2bMaMGZ/97GfJzuKSSy45//zzSe+58cYb62c7WrJkyY9+9KMFCxYMGTIEah5wwAHJpUceeeSvf/3rz33uc/fffz/s9Ze//OWDDz6YDHgsRj5yZFFf8vTSQIpO2llyZiWvrAo2dPDZezmzptUTHn39rPSUkRbpPW9tCP/zzjxBEARBEARBEARBEARB3gESOhBaGs+mxfQgxXIDoXda4iUSRxiTz+PLacLogZaYPkTxWKrn63k2REClxwEPLct2REqmYggDX4ZHPc+HMlf/OdyW7tTywX1m25ZjWynH8YMgky5k834+HxT80A9E4Jfm0tFvVG9jOYUosTXpJ7WJ2c8eKtScGYly+iApSKyUlBaVFGKZRVQw2xORHEII0lgajTBU4h6tOlGWJ4EKLoc6viylJ4memQh2fLWYtyrnjIlxF11zlBGDXhb3gZT0t3+gJCEj6GXDttbIaKS4hEWHXDan8uxwLnsuFwjt4yLlRKJcuKAOQzGubzoVpdcRItSKnGQH42tkF0YJEmA4YPKe79jbyXGRWkabOwUTtRQnO2vaqMdJxbSHls2O1zizxflwhxXahDfF95m+8eqow4oqEFWwbDvNGNyeOZ4LAp+b+fKOheGXEiOQotKAKkq1Q4wysUxioiqUJjOLBovS/pgsVDq/D1W6kyAMQxpICSGM4JYFt496yl0pzZQ+i1qMNqZ/fKc4bJK9Yasoe8YW+n54Ir7yxvrwvx/MZwvl6y5cyX9wV/b/vSc9aXhfYi39xajRY+BFEARBBjmnnHLKWWf1IvPX1VdfXUt0Ah9QN9xwAxTOOeccmM5UkP7jl7/85U033dRjNV//HTwIWbNmTWW2oEqgzpe+9CWYjho16pprrunREwX+aqiTNydZjfSJp5566o9//OOJJ574wQ9+kPSejo4OOLO33XYb/DU1ceLE6667rtKzB9h7771/97vfffazn120aNGll176nve8B8pwBMjuypBmOqKlL3/sbckO6D8RkUEDpf318w+CDCAojpAIgiAIgiAIguxQRFEGwWgySUqN+rS36WUS9UsEHCx+hrsYLqXRZlmxb/HqOvjKKKOOlsfYrvSKCAO/kFdqEvgR1vPDkMM/EK90Ui5EJpnjZFyXCxIGQaqpUMjmvVzeh1ehwIMQVpfxeiESGguh+xM/h1/ceBXzgd5SVEnEzRkDD51uhuptk0hyUSkfMIHf3oogaB+XlZAUnBRtYGpfDzpXhl5Hik9sW6bpYAwOvihtVos7EpdfURajC1qZJPUZXEAoXWuDZONRJ0TkvNCPxIYOfTjlNo3PdUKsk7ivpBsQlQoJJZLQvRdGNKPz7GgVTpVukYofCxJim4QIqC8XyuDCSE+I1CWI3J68m9uOR+yNxN1GHJ/aYa/0IqSB+aRiWjFflE5pLY+TiimpPyUV5SKhRXyHBkNEODLwXRjU4AW3G2n4MIoE2u8EKHgFeKVTaYsxLjjl5k6OayaVVfV7WN8ZSYtXXNsWrlzb87yA+9L5RK2lEyuIyCBJNcNtiw3k34EP3cOGV50KXkB+9ahRnFiMHDCZjW5j67bxl5dJ87HOnFz67XOarZ2YI+ulBc/DCc/n5cPBL82f19Y+pGq1SXtM1WKUG/73vx596D7SH7z79LMuvPSTBEEQZGDz+9///o033oDChAkTkvNFnDGxLhWyy3I2btzY1dVFeqL45++uyJw5c6666qru7u4ZM2Zcc801I0aM6HGV9evXv+997yM7Bjiz119//ZIlS3rll6OBM3XXXXfB6lu3boVvph//+McvueSSVCpVq/7YsWP//Oc///GPf/zd7353//33w6GA+hdccEGdVQYgGzv435736lcgDbN6q3hxpT+mjR062SYIshOxCAtJH5VqCDJgsXbRFMwIgiAIgiAIggwYOIk8TmhpZFyH+UkVN4z+oa47RSwmIEqEwaJVKI08Vxg1yVYs27Yd10+lvIKUkoS+TL7j5Qu0m7jwI10m46ZclZzHdtPpdFMzLCp056Bmvqs78DyZCSbk5gdjwmlCWlKM4yemNLadqAtLrFK514nfnFk1N4OSQ0GNBoVFRyYu7DxFQW+VRhq1PyqbkbQ1kRFq23WkZETJfKTZiU7uZKQ1UqMSG89I94fovBe3DnOYsGSjMiBtRbFyOCTSKSS6oor2CqT/KFP+9IQdX9a1Ugmp/VXuJlqIIETJnWC0NqyoCysukle/3nOTf4QwkvCrKB4IUrbeLitAUWEcC64twh3iNdPot26amBJ5M8lpfVUHr5YDntKat/12Kh8o7R83C5WKTLmV9Ka9svFIX2pwGNOZDIyrtIvmC3l4pd2URaxQ2uoQnXaHR/eqStxDyu+JXlxoVMvN1BrMdV2mLu+C78E9rh/mdhzXtuP0QMUOD+rL+aGF3hYVWEy75AunFQ3kF68Lr7sv74dk/Vby2GL/xH0dsrP4+Q+/s26teVL8x9+/qla1z3zhytPfdy4Usl1dmzdtJP1Bd3fPQVYEQXZ5CoVC1Ww18LkD0/POO6/yz5idKb948803tc1JJZdeeulLL71EeuKKK664+OKL61T45je/OXv2bNITW7ZsOeWUU8guyl//+tfu7u6PfOQjn/3sZ3v0OGltbT3++ONJb4BVqs4fNmzYhAkTWlpayuY/+OCDS5Ysga+QcJZJbZqamkaNGtXe3h7PeeWVV370ox8tXLgQykcdddRXvvKViRMnkp6AP4Quu+yyM84446c//emcOXN++ctf3nnnnV/4whfe9a53kUHC29vIjY97ZDs4fl93a5YPychvN4vWBr96xJs5vReiE1jx1IPtIU0YWEW2C4vYSnQidtoPLgiyE4ALmyAIgiAIgiAIguw4dOhQxhoDYdk69h3ZetCkr4W2IenHr9zVIoaibKkojeiaBCsqts6VXkGnKKGMORAVlboSV6bakYKSLl3wC16qCUKmKXjZtgNBTSl9sO0waEplMvnunJfrhjpSxBAGSvcR5X8QRfECjRK5qI33fAySOp26IWkjOCjuXWVTcdRcRKKXHUEczq2QGInEDEobDfQW5RBGxCRkOh0hz5TlWC5Jw6Iw8HkQSPEIF7plmY4nklIocQ8vOyb61GidFFU+Kjporj0RdMi8qPEQvRWK1KQP69rRERCsmCMqjpQXO8blzisxlb7KEr4u5VY/1TtGS97opCYa7bUhxRL4qyvSA/rWii1MiDSScnXoJZfPafGHHDelUowTfY8pyxO496j0OxGV92piAKX1Ny3/0dYphDq2I22AhPA8DzYH7UO4MZNptmxb3d3Khcpi0qWKDFy8kKzaFGpR3YhWNqSpvLOvrDSPTp41040VJ8DeY6xTZzj3Pi8P+Msrg50pOpl5xNFbNm96ft7T+Vzu8COPdt3U2+vXvr5k0fQ99x49ZlxcbczY8brw6f/3lX//zBeTLTw79/HvX/21ww6f9c3v/YT0Bst6JxMJIQgycBgypIrH0qZNm2Dwb2trqxwr4ANi69atZMcDH0bf+c53tPylkkmTJmmbqPoMHTqUID1x1VVXvfLKKyeffHIjlSdOnPizn/2M9AdfUJTNhDP+v//7v1D46Ec/Onz48Dqrn6NIzvmv//qvhQsXjh49Gpo96aSTLr30Um2T0wjTp0//zW9+M3fu3B//+McrVqx45plnBpHoZNIIduGxbp0Kf3zCW7GxnlzsI0fWW71HRrbST5+QJgiyfaRIyiMFgiC7FimyXQMsgiAIgiAIgiBIfZgM7kUh6UpRSRwEJ/UD39v5sH9xe7Ta8/ImGE91GhLl8BHpEojFoqwLjNksZVsQKQszGTedynd1+15Bep8EgZ/y/VTgplKO60i7jbTU90sTlEzazzflu7NeIe/lczzwdZYbE+qHoGpY/E0syvPS0z7UlQmUh19p6aEtXzFxYHVmjh35pE2Pz/HUsXtooHUl7AkDmfHIdaAp37NC5sHZCYOQRFInpSMxlyK1tHlJMnJtYs4mIYiOknPOLEvGvvWVoHUn/fRQUp/NQWxh8iXJTjOtqSlePZG3i9xZHsqYK5NZS/SdVn+Lgsb3I63INK10JpE8qdj1+CLGyO7uTlX//+TMWH0Cd5TjOE1NTTDTKxR0pM2WXkOMi5DaTD9gLkOAQpR9RsQ6kth6J1a0JDZKqgI14yebPd9TspOQsYIrjY6YlqepwZnRHTkabie3PleY84qJTbY3k598uLmswvqt5q7cb1z502b7jbXuJVJ0snbrjnqC3/dkCrqymZd//qswveyCc1avWvnZL319xMhRy95841Mf//DY8RP/4+ofVDZiK5JzXn35RZgedTKQ/QAAEABJREFUPuvYwZUIAEGQAQIMHffff3/lfAjYb9u2DWLwkyZNKlu0YMGCyy67jOx4br755ldeeWXo0KHjxo179dVXy5ZeffXVpD/48Y9//Mtf/rLHarW0L7sGYxRk57J+/fr58+dXzl+0aNHKlSvh745Ro0ZVvTgrOfDAA8ePl+rMz33uc4888sgnPvGJTCZDlJFPLpdL1oz/LqrMuwSVifJH+etf/3rTTTftuORBO4KWDJlZN8Pg7c9vlw9KLZZuCN/awE/eb+epdZFdGxv+1KV2IAI0O0F2GWzq2AQHSQRBEARBEARBdiA8CBizlPSBRd+nqSi6LRS9GepRGvyOXS6qVo1rJdeukkKkynqizH9DJVTR4U4Wp5eglg3hSAiopTMZaXnS3eXl8/nubJCHMJvrpFOOdD1xLduGShnbTjc3pZszhRzU6eretk3wkCjvDaU7ocluNeg0Uv+hftNMlCaowjYlGWSMM39USoH6wb2i17+e9FlxUvTLIcpQJqCOwyzmpFxmUerBjng8CE1gOtkrFbOONRQlvglROJsqm5DY70THy2UwnEauJ+8Q8Y+t5l4wviVRt6NML5SHXEXQo/wmZemXBK3I60Tjdo0AJ0HsWGOm+PtYH0ia++wG0LKUTKVXoOu6Ms2N58F8iHIxlf4mENwW5jqOjIkS7kZEOexom53Y8Cd5K4rENHI50ToSoQyRYHSWjkZKpsZlEi4B0RcmXZIcRz3mHipPFDKAyXrF/S34VSo40QiR83iZGiwf1XetHbWPW7ZsHjJkWI/V9pg6fey48XOfmLMV6g/tuf6LLzwH0yNmHUMQBEEGDN/73ve+//3vN14/DMOyOb7v/8///A98DP3gBz+46aabKlfJ5XKVa1XiKupUqBTz7Q48//zz8CmvrWLmzZtX1e0GmDp1qhajXHfddffddx/pD84666xPfepTUFi4cOE3vvGNWtXgLxM49aQxrrrqKi062V8Rz7/xxhvLasIuH3vssVB4/PHH0+nqzhzwh8+FF15IkNp0e+TRRd5DLwfLN8hv0X4oTjsQn+NH+gH47t1EmjtppxA9D+8IMlAp/rzGKGsiTQP5sQ0EQRAEQRAEQXYBCtkcsyyZ9MR2LFdGvoyDCCFGGaHlHaZ6FFOMQ+HFILdKDhKH+WsqGnorddCR+diLJYra08gTInqgPjJ5oCp6L+s7rnSPcFwn8AM/Xyhk84EXeAXPdvJuU9pNp9KZjC2lJ7YSQKSkOUouC9FUHvgigC1xvf1KmUxZoL9M2SAiVUn1XVH7oqw4GGFwHFlttQ0t1dmwREf6xcSj6CRjZtCaypp4l+sqimrULzZNdeRah5Wlt4fr6gMcCE8otYiMO/M4/B13tOQoG6eTRLhc2/XIOLX0XlDB61IVFNnp2JwHKnJgvFkgdg67Dz1TDzaqn66oWiBTk0CEA/odwF2o7yNaPBXqZov1Izq9FNEeE/JiEqXKGuMEpM0q5JrmdjZR/vgns6QAIFIARL9GWI2cYF5x1er0QD24tIhqa+0sKCF1dFM8cRvERz/Ki9THntcfKRqnwRX7eChFqTzJjODF8QYCIRBL6+7uDsKA+BRGSMuy/IDD5U3lXatfRqNn7kl9NZiBOaFiSe5H8YYW0eeIqamyphEHboeUvOQ934dN5HN5F24T17UsRvTlzQZu3qjDJtubO815mzKqSj/HDWWbO+VuPvF6MG1Uiehk7lKjOhk/fIfsIHRr29YtEyZObqTyrGNm33HrXx66757zPtJD0Gvrls3L3loKQ9yvfvFz0gBHHn3se848myAIguwwtBCk0kaiPlr2wRIfMRD4nzRp0mmnnTZz5syqopPLL7/8pZde6rHlK6644uKLL65T4fOf//zs2bNJT2zZsuWUU04huwrf/va316xZo8vf+ta3alX72te+du6550Khq6tr48aNpD+ApnRh7NixZ511VtnSZ555Zt26dWPGjDnyyCMr1126dKk2vzn++OOT8yv9eHY3Vm/m1z6Ur1+BbDdeQF5eHTy6KHhmSeCr7zetGTJ7P/uACfgQP9Jv2MSGIH2B5pXfCYIMYmxqp0jKJrudsBVBEARBEARBkJ1Md2cnYw6zLcdxmRfarmtDgeln1WUiBcJ0DJZGeRLkWyEiPURYjCcK44qSNCMx/2uZiNEfqIBk4udfGsU8y38QLrV7MHOSvxsLIzRRi6TOILJcUY/dQz9tJyUc13Z5OtPk2DlpeZLLBZ7Hw9DL5r1MPpVOu/CCvU6nHNcdN316trMj19Xl5wqh5ysTCioVDZwrJQCD/2TgnurYvyjxRY67rfsmSvbEHJDYtUNH9quoPMryn3Cz77JWMv5Ik0dJaO+TyPmDiOo/rUenidRJ6EMZrVyltAKrXKvqhpQmonRL0TsOeJ4UnUixE1xvNiUMzotgTKXa4fCfkU0QpdMoFf5IH5MowB3l34EAtFCBch2vplGKHdlbZowYwmqdLKEsAUhNGvjdyVYXjaBa/yJKT7PetUgPonQjyqpFBJZtmVUifVdiRVohUCrXH4nEyY98UN5Bu5dBib7PaKnr0K5Bny8FnS2lu7u7AKMnt1ViFj0aUx2WixPo6AWVg0RJBh8S3Z6k3lDCLMuVIi1Z0fdllh2VUIAS1zHpqAbwlX3oZBtedSocOc1+ZYW0l3/itWBoMz3zYBdGy5CTO14ozHvDDFWzpu2QwMm2bVshENuIcwlw3OyT7rj1L/ffe8cHPvyx+lHbl+bPI2pwf/qpf5EGmLTHVIIgCLIj6ezshOl//ud/br9E40tf+tKhhx5aa+nUqVMbcToZMWIEQSo4+uijN23a9PTTT+dyOSjDnxxr165dtGjR3nvvPW7cuLiatg8BvvrVr8LpSLbw+OOPX3nllbNmzfrpT39KeoNlme9d++yzzze/+c3kohUrVvzjH/+AAsyvKjrR+qGLLrroggsuIEiCbd1kzqs7JELPBXljQzh/efjiimDJGh6oew7+fDp4Cjt1f3fWVNsauGpkZLACcXpGLI/mAxLIBz/krzP41RoZJMhv5XJctIjjkpSDihMEQRAEQRAEQXY8+e4sxP0hiAg/3NCCxyx4J1PPWI5NqaVz0NDI+6AiP0LN90WnALL9GD1Krx5TVHIHqUtgTKZfgfhlU5uVasqkveZCPlfI5wPPz3Z0we676XRTS3Mm02Q7dropY7tupqW1kO3OdXYVurOBR6Gm+kGLaO0AldmI9L6JotdKgvJDUaK7oDSxK7Ra/VJYn+0LGqKXbdM+Z9ipBvw+z0NpmgCXWSqTgcYDHw41DUVApEBEi4hYSaKcSNlUTOUhu0SjnEXymiXKA0H+DMmTPjEle0F2PDYPQwE/fgoWC5OiyLvgxZ7EkiIpxNHLld2J0tzQUsuTGtBiCiISGROJaHM8dtghCNJ79NVlK2MiKHR2dQYqrgYfGloFIm2LLKvS06WWqqtMOqXEJ9Ura12e/HiS9QPP82DI0Coz4QBU0EF8WR8x1Xl8sQyZQPnuef6DL/rDW+nGTuFFuXUggnLwRIv0H6PHjNtjyjQ4la+98iK8HTl6jJ4/fsKkTFNTrbX2PeCgPffa5/Uli1584bkZhx1Rp/1DDz/q9zfdSRrgztv/esetf2luaSEIgiCKOEviwoULK5dqPccbb7wR+1LELFu2rE6zHR0dMB02rCGNXX3qKE6AOplZesUPfvCD6667rsdq2u5uMAIf5Y5Trqe88sorYXr22WevXLkSjuSoUaPgXH/oQx+aOHHiNddcU9lIZRKiBQsWwPTYY4/VGtl+4Uc/+pHv+6ecckpVxcmzzz77yiuvtLa2nnPOOQQpZc+x7EunZ+pU+Mk/cq+v7d01vHoT/897sq+u5NmCmWNbZJ/x7NA97JP2c4Y349ccZAcCoXqbNAVSHC4zMHO66z2YgOyayOcHpWc0s4lFCYryEARBEARBEATZGfAglI4MnIvAGHgw+RC5xSwXJrabSmUybjpNZVCRchXvgy/b+uF2yogQScsN/U+i9Z2SMZSWWEKUC1SiPCSUwO7YzEo7blM64/m+52U7OwrZXNfWbTAttDRnmpvttGO7Trop47p2Kp0utOSyHZ25rqxfKEi/EyGYtmxRThXSQKOYg6OsP2VdjKoZdxPUAEh0Bg4dSrAdJ9WUYXkG5wWOVGg0Pg22E3npKOD6FUq+IdPS8GK2kLh+gxmCthOb+wFnFrVNV+RzJtKERnkFqW6Xyl+YsTzhPPQFs6WTA43Ma8qORKmMSf0jinuoshhJwxcatVD0A6pzP9IejSeQ3RSdtsqyrObmZnjb1d0l/U6EsLntuq5MFhWGWpIiPU507qv4yq59PYkoK1rs9EOiTDt6ddiobtN1HW2eAsGqIJQfWTaHUSNtO4P4aS0/JBOGMy06AQo+WbO55DYf085ynsi4/XZHfu7LX9eFec/MhenhRxy14e31rW3tV32/h+fC33fO+T+95tt33X5LfdFJS2srvEgDqFGetLW1EQRBEMXbb79NpKmVf+GFNTN5feUrXyG9RItOhg8fTgY8MCSOGjUKCvl8vpH6UHkw+qZs3ry5EQ3Q9OnTx48fP2fOnAbrP/fcc0SJTkg/8dBDDz399NNNTU1f+MIXqlb47W9/C9PzzjuvqbZqMyYIgnXr1lXOLxSMgGL16tVV5TJjxowpk9cMCuCvs9GttH6F3rJ2C7xkJsw9RrGDJrEZE+0DxtsuPrSP7CwgYO9gzB5BEARBEARBEARBekSEEOGXCWT8QH6dZoxLJw/KLM923DDweRgEnmc5jnQ9sW1qMRke50ImmtHhMkoj/QBRQgw9U8tAaFF4ogLv0VZptVQhNemtRKDYtMqJQ0x2GqpjnMxhDuxPOmU7Tj6VLWSzfsHr2tZVyOVTrZlUU8ZNpWzG3KaMnXKhmtvUnevq9vMFiJTJ5C9EZRiCeL6wVGQUYq7aZyPx0IsQFXlPRHJfTIx18EhPdpRKQ6XBCTlcgkw+tphytRZDWnSE3KTh0JINc4VFCpLY3cOcbJPrg3OqzRQgRM65OeiCq9nRYddZbZQPyg50PbG9vAebc1OuyQ/Eoo6TWHdisuMkrEpoDxlDBK0u6zKtUhE9/Mq0JCy6L+PqCNJb4jQ6cFNBcEXZjWQhNKg9Tkx6HZXzCj5AIh2eToslohxPJcQuWJXXo6jRAcu2HOJAa9wvwLYCPyjQgiDCJYMPGHn++Zr/j/leZ65etQcWBI8tDM490n3X3v2ZZAfCmc8+/URLa+voMeO+/NlPTJ4y7Zvf/XH9mNbxJ576u1//Yu6Tjz3ywL0nvfsMst1s3CCjyyNHjSEIgiCKlStXwrSlpaWqbuDhhx+GsP1xxx2ntY9JtmzZ8swzz1RtEz6tVq1aRXZ8Upu5c+eWZWapheM49913X9VFX1VUzn/rrbemTJlCdgngbwI4X5MnT26k8uzZs//yl7/cfffdF110Uf2amzdvXrp0KfzV8bOf/Yw0AFxIZx9LVEgAABAASURBVJ99dp0K3d3dOk3P3nvvnc1mKyvcf//98+bNg7+IPvShD5EGgOvwAx/4QJ0K559/ftX5d911VzLB0O7M2KHkgmPSB0+0WlL4ZQZBEARBEARBEARBEGSgIriUZehQtfJIkNFDAcH7MOAhs2wR8qBQgJifk3KcVNpyLGZb8E7ms5X+J8WWdBaUKJQY/V8tjKhD7w3SmCxAJLpR1JyoJDsmKYyIqgkT82duJuO4qaaWlnx3Lp/N+l4+19nt5QtOOpVKp2B/pQqiOeOk3HRzcyGXL3RnVTUffskW3GQtEXqi/tHd1f3RIofkbjS8L6W7NQB+Wus3ZUbp7hQlIJF1OoS1nVRKaJ8OGka6kyi9TiQy0SsTLcEoM5uhcW9lYiV5GpQzDzWXNleaIZ27JnZaqNXB7cIOfA82Ky0glE8Dk8FmWpZsScjbL5lwKfYlkX3V4fzETke9FBVCkoR5S+IAyQ2Qfk2JhOyexHepZVkQFIS33dksvC14BSg78pFVcx2WDO3CyMqKF2cysVhV3aHJNyXUEEC1HkvdC5Yy5KdccN/3YKZXkG4rg1F0cvvzhQcWBI3UzHvkz4972YI4/aB+29H/+++fbtzw9kmnnj5k6LD29iHPzn3i2h9994tfu7rqKN+xbdudt9380Ys/cdknP/uj//zW9df+cO99D5gwqaF4YR1WrVwG01FjxhIEQRCFFp0cfvjh3/ve9yqXzp07d9u2bZ///OcnTZpUtmjBggW1RCdvvfVWPp+fOHFiyw5O5uX7/tatW+Wfe269sRo6U1XhFwQBrK6VMV1dXU888UQmk5k9eza8vfHGG6+99tqLL774iiuuKFuru7v7z3/+8wUXXNCI08YAAXYT/nJoMNvRySef/Je//OWOO+648MIL638PmTdvHlHuaP/6179IA0ydOpX01M8jjjjin//85/z5888999x999339NNPP/XUU7VlDlyr3//+96HwxS9+scF9SaVS++23X+V86POiRYugsM8++xT/5k9Q/4oaCDy00H96qR+/3aLyX63YyL97d7bOWlABprc86z200ItnHj7Ffs8BNfd3/HB2zHQ0NkEQBEEQBEEQBEEQBBnQqLi39HywmMrJEYYqQQKTThMBh7cM5sAyZvPQDjyPObaTdh0nZTkWtTizLIjum/g/jVJ0SKeJyF8kyn6TDJRT0u9yCi1fiFsvGkkQ8xC+ygYUWWfIGoxJvxbbshlrltqTpkI+53m5wCsUuuXUdm0n5abSacd10zaU06lMk9PV1bl1ayCDnqGQTi9aviAPnd7/YvYcKZUIk11M/pxY/efTXezRrZ52J3kQ4EqD02TZ0h/BcmxYFPg+vOQFqfNsRKk2tHWNpihb0fYm0tem6KYjqMm6E/vKSHueKCoeS1kqutw/p8H2C54FfXVCEVjUgfuIK3scffELnalK6r2SHjhqL9SVI30jYJeZbRkLIbVjovRG0oF5oqU2ag5sMc54pexiRDHXidp5NDsZaPTgbfMONVXWbGzGw9Ulp541p9lcFkJlPvNlKiiLGneTREoz9elSLjRL3vai9GpUK0RpdyiJZWb6nlduKzSdhtHYLnieHwSFgkcGGwtWhLHixLHIsfvaB0+09xxtxQNXwMmiteGCFcFTiwJ9Ou941h83xJoxySLbzX13337/vX9va2u/6LJPpzOZq3/w889/+pJHHvzHxMlTzv/oxcmaXZ0d9919x99vuynb3X38iaeccMpp/7jr9ldeXvCDb3/t57/8/faEwdatWb1q5YpMU9P4CZMIgiCIQluS7L///qT/eO2112B68MEHk53CySefrLUItTjyyCOrzn/mmWc+97nPnXLKKT/4wQ82btz4jW98Y/To0Vp0cuaZZ/7973///e9/D599l112WXKt66+//tZbb12xYkVVmc6AYty4cdOmTYPP7hdffJGolDF6/qRJk+ooZg466KB99tln0aJFzz333BFH1EvudtRRR911112kAW6++ea//OUvPYqQxo8f/53vfOerX/3qww8/fPfddy9YsACupZ///OfQjdNOO+2mm27KZrPHHXfcWWedRRpj7Nixf/zjHyvn5/N5be1zww03wCkmg5Dlm8Lnl/KymV05UjmzkjfXc7K++HZEa8+rNMifn/Zcm7znAKc1jV97EARBEARBEARBEARBdh4yMGjFFiXaAkRG9wlXCUgoRL85lW4NAed26AfUo4Fn+a7MTWM5MHGZ4zDLNuF9qeWwVIhQEBHNM8kWqJZ7MOM+ovLtFJUHNJFjpKSDPfa/clb52vEcLVFgFjGP5EOByzi9bbmu7TZnCt1dhVy2UMiHocdhEsrwqeDUTaVSaUdOMk3plpZsZ2euq8vL5QUECFnUdZlyKMrqY6QNzKQYMildkl3lif5tL/2eIqY8NFz61qSn6alP1YU1lcleEsdHeptwLkVPNnOYC+cFrj8/nxdwJpQniNRFQSHaPI+SyVBm9ERM6PPBjIsJU2/UdajC5foqFPq86PMm9IVYmtlm+81d7CAIC4UCbDLDLGZZRg6j043E4g+dh6n8ki2J0lezjkgujwLzJHb1qa48EL0yGEKQasTGPJlMBq6oXD7n+568tmAEtW2ZKEslaSsfzU3yKNI4SR+k6LahMsGPRSwbbigG2/Z9nwww5i8PNnSW34BnH2okGjlP/PaxvC5bjHzy5PRBE8ulJLZFZkySEpPpo9kfH/N0W397tnDQxCa2Hbfvtq1bf3HtDx+f8zCUP/+Vb44cNRoKQ4cN//YPfv7Zf7/wj7/55b77HXDQITOXvr54/bq1sOj/fepiGL6aW1ou/sTlo8dIb//PfOk/YOabS1//9f9ce/n/+0qD2/3XPx+EkTedzqTS6UI+v2bN6jtu/TPMP+TQI6o+1Y0gyO6Jdjqp6gbRZ7QDyk4TnfSZhx56CKaHHXZY5aIhQ4b84he/uOSSS/73f/93/Pjxp512GlFuKC0tLZdffvkTTzxx//33w4r1k8W843zjG9/QhaeeegqmRx999Pr169vb23vMhvOhD33o6quv/utf/1pfdNKqIA3geVKrCptupHJzc/NZilWrVt2jeFqhl37yk58kiPwLJ3XCPtWTAPqhFNeWUee7SFum3/4qePqNYOVGfsAEa98x/SDYRRAEQRAEQRAEQRAEQfpE0kSBqBihTEci4/wQ7PcFpQGzaBgwaXli2bbj+ikHprabsmwHAoIQCiScEcaJUSlEkUca+YuY1uNkC6XvKzC2EKQHasbSRcXbohFGIiVLNDPd3OSm3LQPv0oWvHwu8AuFbM7L5R3XzWSaU5m0k3LtVMpJpTLNzd3bOru2bAk9nynBhCCRj4TWW0SP6VdkNxkEyU7oThQnJBLjlPwjg9eWBb9N2q6jM2xI1Yj20JE/WZb+MqnTOiW8bkwTsapDWjFY8lJWZiEmO0/xeteiFxot6YFGjo4NLQXSjKEAMXKACibdG1iUU4QREolPkqIevXntJ8G0Gw8rXqFU53Oqdg2JaN8pKVdvGYsY1J0g/YEWlMAlnclkoJzP5eA61xcwfASoO1ModRfXmi+SMBdqhErtYeRKJLSUUQolbTuVTpGBx0vLOLzKZr7/UFffdW+8zXMFM/Pi2W6l4iTJsXs6XQVy29MyQrZ+q3hpZbg9Zie3/fXGx+c83NTcfPnnvjLr2Nnx/MlTpl3yb5/5v+t/+uorLx10yMyccq+B+Zmm5rPO/fC551/QFgXnJk2e8pX/+M63v/GlYcNHNL7dec89/dB9d5fNnDhpjwsv+xRBEARRbNy4cf78+VDYd999ST/R3d09Z84c+Kg67rjjyADG933oJ3yunXDCCVUrjB49+kc/+tFll13261//+uSTTybKUuXII4+87rrr/vM///MTn/jET37ykxkzZkyZMoUMbPL5/BNPPNHa2jpu3DjYnWnTpkHPq+Ybijn11FOvv/76xx577N577z3jjDPIdvP222+ThNVKg0yYMOGTn/zkMccc8/nPf37r1q165iWXXHL22WdffPHFI0eOJLsxw5vp8ObyP05WbRX/92iuI0uuPjsztClhaynI127NtjWR0w9KwZ80O+gLiZB/Ncm/xMa2o7YVQRAEQRAEQRAEQRBkp5KUYVTm3oh0IzLoH2UEgTgiD2nAmBd6fuA5llNwXN+RUgyX2DazuHzS3VJ+JzrSTSInlYSsII5+l+RaqPHzU504eS9+sBIVOxnF/6P8JjJdCXNs12KWY7kp1yvk89msXyh4+byX99P5tJtOu24aqmSGph03BWtmOztDz5MZiiKLCh1mldldYg2EzrNDaUlXBoH4ZAcjCKnwTDG6CJ0qh8vn/hlLSTETJYHvy7QzyoqHEp7QaQhqcidRUSImIrFMQ3ufKHGQElHpvDRRyh5VOT5/DXS7AWy5GZmDybcs37J9KcuyVQyeq2xM8irhglZc3ep24cY9JyQmuwiLfR/ULpL6DtR6lwQtHgsdr5eSF65SpVTdSZSjIA1gPhC40Z1AKZuVSgWmkFdtqK5bbbojjEiljpBNZycrn0mjfFLqLZM3cPHOgw05ti1SA2UQnTzCqtSaVPL6epNYZ0gzOXKa02P9E/Zx7n7e85Sfy8ot2yU6+fDHPr5xw/qLLvv06DFjyxadde75bW1tJ556OpQPOOiQD3zowv0POGjmrGMqY4Gzjp39w5//8qBDZpKGOe/DF06YODmXzebzUpw0ctToceMnHHn08Y7T8+4jCLKb8Oc//9nzvOnTpzfoV5Ekn89Xnf/www/DotmzZ48Y0Qud3M7nzjvv7Orqmjlz5vDhw2vVOeCAA6699lqYwsi5atUqGEvXrVtHVAKaSy+99Fe/+tX3vve9G264YWcKxvvAT37yk7fffvv0008fNmzYkCFDnnjiie985zvf/va3q3Z727ZtN91007/927997nOf++Y3v3nNNdfA7k+ePJlsH8uWLSMq2U1vVpKiKDi8t912G/wdsu+++15++eV33HHHI4888te//vX222/X0pNRo0YRhJBCQP7yTP6e5wP4vjZ2KNnQxYc2Ff90WbWFb83yxWvIc2/kxgwh7z7Yfff+blNj+fq8gDTI88sCqDyshQzJ4BcbBEEQBEEQBEEQBEGQdxAavSLlBDFPmcuHk2jRHAKWQlwxDLiyPLF8p+CkXCeVkVPXlTkQpPrEYralBARU5taJ8n8Qk3hBqOw2/dj3nn5ZKllePVhJLVvrRWTmINdxUinXTUO8rJDN+YVCGPi+H/CMSKXTsIfpTPOIcXauq7WrY5snK3hSZCDlJ6ovvOom+i1dtbbl2KG8Az9fq10yeXBIJASB64i5cA3BEfbzBfUcvtDOB6W6ExWk5rxoC6JXZ8aFRr+Vy1kcwtb2J0KU263U7yRpBNvcRFzAVQNdl20zi6pNE319yAfwmBbZJAPqsqwyApkcJULH+c27WmdFGD1VmYysJJ1RshWCINuBvg4ZY7YtnXwqYmueAAAQAElEQVSkDCUMhWVxPV+6keg0ZuYDQwjRoKzJ3MlCJKvHmbTiOlp3QgYG7znQHdpE13f0ML6/+bapMHOa3cixSNnk4D2s516XIp61W7frwyPT1PSVb3y36iI4mFpxorn0k5+p006vFCdEmZpM/MgeBEEQpAbbtm3729/+BoVLL72U9B6dsaXMbQL+UvzTn/4EhZ2Zd+aVV175zne+U6dCGIZlYr5sNvurX/0KChdddFFyvs4Ck2TWrFm6MG/ePJjGviaXXHLJgw8++OKLL952220f+MAHyEDl9ttv//vf/97e3n755ZdnMplrr7324osv/sc//gE7AruQrNnR0QGVb7rppu7u7lNPPfW0006DXVuwYMGVV175hz/8wXUbUyhUY/Xq1StWrGhqapo0aVIj9bu6up5//vm77rrriSee0GraCy644IorroCTCKdj0aJF//M//wOX3y233HLHHXecddZZsEeVHipwKZb9AZMkzhIIhTop5/TfWmRg05ET977s37fA68jKBILnzXLPP9y1S7/pTxrG/vfilufeCu5e4L28nP/hMe+2Z70PHOG+92DXqm1KsscIuWzJar5iM4cW6vQBvlot2xT+7nHpKXfg5IF+xBAEQRAEQRAEQRAEQXZB4uQ1JeFsauLVIrKKUJ4JxrgjTpiggvUBD+C3uND3Aw9i6yk3lbIcx065tuNY3IKfyagFEXRLxNsrTnf4rhVpLMautDA6FQn8TCbgV75UJuO4rt/clM/lvXzB93wedEIhlZapdtKZjMwylHLy2Vyuq8vL5eDFQ/ProjmeJsFLxcZoPxyGHaQL2YFyk9KTUnYMotg0KdNOyOQ46sF4vVRGtxOanmRvy1JzxGYz1FiKUCZ9UpTkSUW1lahDUJW+p7QDtWnsxNlaVAXtQvAAovLQtuWkox0rsVQpakHiTeibjWu3EmMukdjTal0QwtypiXYrqkXLGhUADB52vT0aSJgMTQk9l3IJkjMhEOI4jozHhBzuzEBl3pE6w2joi3UnpFRHUrqBajZb0fYSidBo3Jk64Zmdj2uR4/bq2bqjTZnMuw45ZnqjPh9Qc/6bYRCS4S14fSMIsgvy17/+NZfL7bPPPjp3TCNcddVVy5cvT6VSmzZt0t4VJ554YrLCzTffDPP32muvo48+muws1qxZc9ddd/Vqldtvv33z5s0zZsw46qij9JwxY8ak0+ktW7b88Ic/nDhxYll92OsHH3wQCjNnGv0ffP5eeeWVn/3sZ8lAZevWrddcc83DDz8M5W9961ujR4+GwvDhw6+99tqPfexjv/zlLw888EDYncWLF69du5Yo/U2hUGhpabn88svHjRsHc77+9a/DzNdff/3nP//5V7/61Qa3CwcK/gLPZDJwPPP5/KpVq/785z/D/COOOKLq3w9Q56GHHuro6Ojs7Fy3bt2rr74Kl5D+Awb+zjnzzDOht9OmTYvrwxX7X//1XwsWLPjFL34xf/78v/3tb3//+9/POuusSy65JCk9ufrqq++///4ee1sruVK89Mc//jEZqLy5Mbxrvv/kosBXvp4H7cE+MTszcWj1P1pg7hFTbHit3CL+8GRu3hv894959873PnpMavbeTtV1po20hraQLV3ks3/Mpp16f+17vnnkA/4Gfd8MNFRDEARBEARBEARBEATZ+USKEqJ/gqNGcZJ0S5BJDqQ3A9V1onw5Kr6tNClcQATSh1/3giD0fanD8F3bdS0HXrblOJZjMcsWKm1KIm5eLXjfn4E1GgfgoYvKbSV6J6Jn6RPbVJFRHdCUJaEtMyCoasknzCzYn7TvFwp+PoCf1cIgaxWgFGSaMpnmFjeVTqXTWfipkpPAKxCVwSUKtOpu8DhZUbzFkp0VtfaB9jCT9od6pQalUofk/GjLvSR5WRWz2iQWlG0sEovI+dJ+RibWoZ40U+dad0LVT8eCK4MFdSSK3gqlx1ll2OGyPhd6D6K8OvKkML0xUbTzqUMjh9uWd5Tg2gTCK/gyYs+Im5ZpqLjWa8GPojqRDjWXJi/uszlAlhTF0BIzFgWL9kyvYsxLRHRzJg4g0cdE+09Ebidm+7TabtGGLqbKi0L3MLkya+Bu7lnjU2NzJUsr97tWvToL4+GBssR2a1VvqNsN7t2goDhcGi8TWYIxH65wGAMDPwiDoOAVYGk6leJhqJxOlNEVjcZ6mVtKXduUluUaMwU92qjjH19OXOXyIZEhUFL7MqB0J43wb7PT/za7V2uQ/cdbv7ykmSAIguyitLS0wPSKK66o80E/ceLEIUOGxGYPI0eOvPfee3W5ra0NQvJJ0Ql8MN1yyy1Q+MpXvrIzPyYOOeSQiy++uE6F//f//l/ZnPPOO2/btm2x4gRIp9Onn3767bfffuutt9ZqZ9KkSe9973vjtzNnzrzzzjvLvF4GDn/6058efvjh5ubmr371q7NnFz8Cp02b9pnPfOanP/3piy++CLug8/TBfKj54Q9/+GMf+1h7e7uuOWXKlO9+97tf/OIXe5Upae7cuXfffXfZzD322OPTn/501fpw5OfMmfPYY4/Fc5qamuCcHn744aeccorWylQyY8aMX//617CtX/ziF4sWLbrtttugflJ0AhcttEy2j+3xd9nRwFeqXzxcWLqOW4wcu6997kxnyvCGjEwnDqXfOLPpxZXhr+fkV20Stz/nH7enU8vv5PPvztzzUmH+mzzv12uTSnUv2WMUO29matrIfvVTRRAEQRAEQRAEQRAEQRpCRM+Rc2FS4GhBRuRDEcX3lL2JqimSYUK9noz/iZAL7oV+ANHBIEjZtjQ7sV2ZqEZJT1LMsWXCHYtSi0qVirGWICoSrhuU6UiSXZPhxxo/QotiiFypOuIWYp0JEcbGheropEg+Nk9piebBrCznMr1P1PRKp7GxbIdZtptKN/luIZ/N+p7nFfwg2AY/bjc1Nzuua1s2k6lcrAL8cOoX/EJePp6uU6RI/YpFjazFiCMi8UkxJFtGxc/vxnyGMpqoEK9HkyKbClT8n5pNimrtqzRIRotjDhExGiGRPOek9BjHW46KpPTqqEWFZCGWhtDEDJ2ISSpL5IG0GFxEcDnBvMDz4PBSov0UoIIVHSF5EEz2HCk1ivaiqDshSuKhXizeWxHtO1HiKtJD13sWUxA67/PnRQdSXtNwO9iO5abTqbQLe0IslfaHCqY9G3SnyqU3UvEku8/kIWD6KJRmDzK+MDTSkFQ4vWg/Ct24TbW2RnYooX0q7TdcqQ2oiRqp04jopEH6xXtHNNaGYI1oZXj/7dwAVU7UV8zw0IiXuCYI4Ib0fC8MQzkKWhbESCzbpkkFj2UCACIxXChTn+KoL8ydWhSdhHqkFEXlVaRCUzWPlo93jxvbi0AUsKFr1xEDIQiyazOyn1yOOruyMG1taSIDj+eff/6www5rvH5XV9fGjRt1ecKECZWZR95666277rrrc5/7HNkBXHPNNU8//fQ3vvGN2G7khRde+NnPfjZr1qwrrriizooXXXQRfHL9/ve/Jz2xatWqBQsWVKZlgT0dNWrUjBkzBn6ylZhsNvv973//8ssvHzt2bNki+FC/7777Tj/d5Hf7r//6r4MPPviYY46punfz5s2LD3gjLFu2bM6cObD1XC4XBMHo0aMnTpx4/PHHO05NA4z169fDZTNixIiRimnTpjV+nGFfHn300RUrVtQXHu2SbOgUd79YeO+MVN8GKy7IfS97+4y1epSJcEHqa7kpJazf/jhHEARBEARBEARBEARBesGatfIH20PPSf4kS5MR9ZLodhwNJ0wkY7fFkKKOgEt5gF7OIOJoS5sTmXDHlq4ndsq1XIc5FnNspRLQSUSKD85HRD8pqcfaCaW1Is6xeCIZ2SwVRBiM6CRKzkBqESkyin4kybpGnyBC+PnSByDE6kG81JH7mE5BjJUx+bR/LpeHHzmzXflsNw+4OXhGA5P8AZkK0ZODQ8lSpRSgxUf91YmIbTKMXKZGg0yUGDhUbd8Ecot5lBKHMqmMoWW/6JlemBqN/toXBZfh1IhqGYii/SJmf3WkWZ0Ev+AFnhcUPDi8JcKX+OdIXZnJHx9p7M/ASCLfkTSjEZGvibKlITrVTskp2g6jCvrCF883AQPKhUkRxBxXXipOSuqwiBGEaKmTOqNxOD1x71F5yuXqSd1JsoIwXibmiqgERScaFJ30ih5EJ1xL+kxiKpiKIPTVuAiDIJwv11Up1ixbK5/URR7taaTw0qNXFdGJtqNSK4bx9qAcFu9Ocy8cIz/AUHSCIMiuyu4gOkEQBEEQBEEQBEEQBEEQBEEGL7VEJyVGILEViZEhQHiw1HskKWRQhifKbkMohYTUgkCg3LIdZXmSslMpy3XgZaccaXxiW1IXYALorKSZqHUtNOgh4qxWL/aQ8MoqSdFJcUOVQdWE6IRWdMjU1/YuPARkoh3fDzwPGpZqgnTGdR2o53terrurc+u2QneWh4HKDqGD/DyZ/6XHcHOyw7F6QulOdH/eAdFJnO8msVbfRSf6/BcPa7W+6QQ6sb0BkSYLoQxv5wt+wRM6DK1dX0pFJ8oihEZmNyViChGZ4AiRcFDQBU5EMslOX3UnttJUiUgrI/1utHO4ypoDtwVTMfhIX8VF0a2n9ChpMwnKidRpCcFUvp6k7oQopxPSfyIIBOkRfcfFd4cc7C1L5VmTs9QdGmilnS39Tozcz1y0XJB4DulBdseUsEVEYizdiBKghJZl4UWPIAiCIAiCIAiCIAiCIAiCIAiCIO8sJmhYDNXHWTqMMCKhkDBR+ViNouZohUcsZ+CyHLuE8FA+mx6EQcFzUkHo+5YrzU5C34G3Vsqllg3/UcZI8fl2s7VYiEBJDyYHsodUd4OWOZNULZfsUXlbJNo5WlQbULMoFjYoaxX5nH3KcULXpxYLpe2JH/Iw4JlMOp1qzjhp13bdrm3b8t3ZoJCXWYdk7JSoFDxcHbc+GRwUQ707Ktwam8+UyS12hDeAOne0obZ1XpxIbmHZNklJMUZIfB7KhDjaeUGLTWiU9CkpQKLxRNehxVIsPFHGKEILgyiJ8zOV08iht6VlBosj6+Z6VnlIfNu3ueMwWt3pphibN6faOMHIy4daMFU9lkIT7RJDIm1Kve70KN0a/FQegT7vcrKpykaKMqUaFWo1VafB+hUGJloIAhchV9cks5hNi2qSMAyNg5HSo8QjarR38grWMrySgTD+KIplVBUSK10rah9BEARBEARBEARBEARBEARBEARBkHeSEgWJKiXjeHHcTz1pbubFApQSNUhJ9E9EtiOUGO8J4ee9MAiswLd8J/RdKNuBx1RmGhvi75YyTaFGgCB6pahQQU4VVheJWeXhyF4Hf0v2zvhQyCgp07snbSpU6hPhptOBbYe+z4Mgl836vp/OAKmmtjZqWbDUy+YKuayXy4VKGZHQ9tAejTSSzh2Vu71DoBUXRbW3/YexFakZao8T6ES6E+lbw0xc2pP6Es/kcjSvjAAAEABJREFUyjGmJkJn/lAXhIhXlzqfKCZOSZmRj9GdqARRSufBuYqkR4qPyv70hJ2oqNpQneEQKSfct2zHDRh15O3GaLFNSmLNV3Q4ipeytjxRu05YWQqYnoxOaKPdHpRE1jSV6g39avTK1atzXiY6KR8KzLViBE7m0NbQplQVlJSIisokLH3odrLzDcowaLHzfUQkJCSxKIRRaV9FogtYmUEF2q3EMrqT+POj+BGS7HLyQjU3MIm3EzkdcR5bExEEQRAEQRAEQRAEQRAEQRAEQRAEQd5RSsOOLJlVhiRj88l5ZQgSW5Lo9zJgSkyY3WxCJwmR2UVUXprAD3zP9l3mWGHKc1MZ23WZ7TDLMolaouB7MbUNqb8XZf0Sdfa3t5HKZH1ByxcxZlGHMWaHlqV2LeChyOfyUHRsx3KcprbWdDqd63azlpXv7hJhqJ7xZ8WsOLX8NKIul+yOEBXmL2zQCAqq5OUhDRGF4HVY3bjrSEGPSs9jUT9XICQSm5CiBqNo1RNpAEw0PzLuIaXh7KISiEpZhxINMOkwUkYDx9suyX6j2g1VzyFiXijkLdti0gGCFjNUQSUIphv7k5LLlJoX1RmVlDRM5xqhkcmJKKprosaiAjV7SWmcUmjHKYh2EPVvWiXHkTV4JOGQyaaoEScRIhpRV8QakUBEogaFPE0JiQ9XKWS0OE9txaQIK9uKSdWkOsYjWYmuaDGWzKTE1eZieYp0UFJXHyXJq5NEaWVqHg0R7wKpqT4ppp1iJk9WH9Qt5dtN+PXoTjKLwcDHbLgvYaAPC4HvKPWhbdlEZd6JRCoUDg0tHVVNt5nxSil2OiG9KisgCIIgCIIgCIIgCIIgCIIgCIIgCPIOIlPbRAieiL7XpsxUwQS9SUng0MQ9i1IBESfckTHHgHqFgh24tuuEXhDkC0467aTSdirFbJsxC0K5hFpGl5EILkJzvORd9A8lPfa8b6FVE5otPQBl0U5YDN22bQeixyH8F/iFfKG7s8uy7Exz2nFsKFiOfEF8GpZxPwiDUGknhModwYyNB6muZqAJa5QKAYrSYFC6Pb4nFS4joqqEh5JSWcP2UOHfUnZ2yk9W+YaV5QlRzgopFw4szAg9nwcmwF9sIREQl1l4qHao0V0QZRuiNDJW0MIeJQ1QR5eWuFEIUswCVRub0gqzHRViV0l2wlw2C+VMU1rH37lWIlks6ddjumVURkmJDo16SdUeMrVSWLY5WrSsoZEMYZBpTRpBK05Ipr3poFOdYRPW3fvfodfNmBw/1J1n9Up3EgjRfuK/51Yv2rrwMRJ4UtIEA5LWaKhD2HrYWXb7qE3P3u5vW8fkUgpbsGWF0ntGK07c5uEnfLqwedWaOb+H0y/rW/Ika52KvrBo84gRx1+SXbPk7WduI0rjojKOMV1Ha1AoNXm9tMOKNp5KXsHGo0V54aip6kPpcKIHCcuiahNyn2xl19TgwSkjkZ+KRIN77Eoix3D4OLEsEQQhV0JDOXZTHnuicNlFJQuqcSZiH5TI8IeK0n5up1YGQRAEQRAEQRAEQRAEQRAEQRAEQZB+oeTh/IpAXiPPkovIraP4LHpiISWJKHrUtlQGMO7nQx4Ege0xy7JyeSedst1UqqnJSadtx2WWFhUY4wdh7ByEaY5q1QGNO1wMX4oe9rROsJLWTWMTe0mUKTR0bJhodwwZWlUhU2lg4OfzBYiu2jKbitukIry5rk4vnyeeJxOtqMCr8ufQR7FMeBFvLNJYGO+D5Mb7QUbQSPSW0u1zUyk9+ImmaIObLCpjYlcFdXVR5ReSasp4lAXEC33fxL6FEYsk9k6QhIFIyV7T+H8VgrcoV3F9lRhEXq3ytKpAvr4CGwl325W7ZjEqIvFO4AeFQsFxbKintCbK70GYzrBkQD9xDFS4XhBmdkJm2zHXPa04lCVz9G1TdKQguxpBdpvVOoI1DWmd+d5VD/8R9tR1rLQjT7djG90JqX3etHIlgOM5ai9nyDiWbls97wHCQzgz6fYRQb6DEnMRtLeOdIdNLHAYsjxo2LGslBqnaOJK0xqlIOSZacewdItXyG/tzErTHEqhM7CWrXQquvKQ/Q6zmtq9wN/alSPyImGWrqDqSLMWObwoUQtl0Ek5bHASJjKeQbfSY6YOP+jkpA9KLaeT9S884G18K2XbcHzgIq2Uy/QdGo1jajiGvZV3i2Vx3zeeJXLvYLC3zFGKrFwqnZ6SiXVMZXMnF0+ibdu73mWMIAiCIAiCIAiCIAiCIAiCIAiCIIOO5PPqlJNaIoDkA+aVS1WkMY7lmzwPJOFBohaIkqaESisRQFw3kDMtO/A8y8n5hUKqqclNp91M2rYdEtkCyDapirbShBkENSFIVhJOphXWHf1p8kDjSXJOUVdDIRDNUrblOL6Xl94nIRzWADpl21Zze5vj2tmu7nx3l5fPc5VnQqlPlJgmFKW6k+KmaKWgwGS1KOnOwH/4v0QI0piQJa5vEoyYuSUnwU65OneJMpsJ4iuk4jKIDBRUxL/UNyEuydQeMmhuErUU+yyzKVUYkdTCrpwFjQY6+q7EVFJy5flKseTQOPav95YnhFqUmHRV0X3FlEeEiHeJENKTyc+uEZ6P5RRJsyFp7CGEHwTrHv/rhNM/0zplBh35RMeK11KOHbhOU1quYTGd06ZC3EATShG4TUM+ZM9ZUH77lcc7u6UVTdPQkXu9/6thrmvpLd+GqqGyEYEKec/rznuOZaVdoWQigpm0PjTWrwRWpnXaEVC5acye+53/jdi5Q1uXhIWu1++8Fga4SVNnwty2SQftd/6eUa+Kfdvw0j87Xn/Osdnooz/YOvWwqofl9ft/5dFUZtRU0gAF6nZ25zMpN8NteWXZNHkQtpPkrUKVmspxHHVA5MWuFECymm3bRSUhqT00V8sDpQ+hWb4LqqcQBEGKDPS/6RAEQRAEQRAEQRAEQRAEQRBEUXxanvTSzqIsnE/qtV+qAtH5HIilpRMyQgvv/ED6NkiNRuAVCqlUutCSyqRtaQXhWBBzpUxbgcg4Y0InY7YiEn4kxeh8qSHJdv94T0vkJdHMpHdEtFzKCCzXti0ZbPV92CXfk3lfXNdxmzLUsixY5mQLuWzoB5TZMnIeCimn4XGzJf4cxU3EO1ytb9uPOZKlZirbS9JNJzo7Pce5K21OBNEZNkRZ2yrGLbMXqaqeyPMgTFRQig1tjxOViLrotH+Edkyp7FJyi9pgQegUH1Gsu7ppSoStQ+8kisQX90pJYmDj0IdCoSAlEXAJuNAXZvKi8ITVCTHnJG5BpU8RFol9XnqWDOidLnfJSe5ntfJAQ2uA4P+QKychdRyIEp3AnIIf5juW0XkPjj/iPeNmnbl84Qtpx/bSMrlLkHJcO5SiE1q0e5EDEDNZvHTjIbTWPCw9ZroIg7ee/2c+V4Cl7XtJJUfn+re6cp4W04VKD5TN+125AgxO8lyoVD7MkXevvthkl0I+5PD3UcsJvTyMaZn2EXDKvWwXjHByZ6Aac7Z05aYe834rlQn9QsjDVEs7XAdQ3/cKsfVOPuDZgudyy8t2+l1b1LqW09wGG8l3bNFHZltHZ7pZ1l6x4NGXH/hLIHN8iX2OP2u/489a+K87X/7nHWp/6cwzL5x62Andea8jC5uTg66tjEdEJJchfYKW3t5GnKVEW9C8vFJd4iuzE+n+EgTCEkpoxcx4WWMsSJqdlN1pggghtmtcYglZF4IgyICFoeoEQRAEQRAEQRAEQRAEQRAEGQyUSEGqOkPUW6dOs1RUEUbEj65TWWA6mQmBmLsKHkMU2Q+DgPnSACIoeIVsOp3JOOl0KpW2HJkPgqmawuTKICQSBJCSXCKidJuVM7eLsr2n0f6azegcQDK4DfFc6XYB0dXQomEAQVeez+VlsNu2W4a0Z1qaO7ZszXZ0hH7AuVzLsh0uwkjQUAyOlxy+mt3qu+6E9mCTUb6hXjVdLEeWHEVVUG8cFpK6E9OsLkcXg0xHQpkUbAhSyOYgqFzMuKRglPKEaQpRlhXJOrHVCElcwCZvinLJYCphiNCJTeoqTohyOhGV+2BZLGnVEviBFI4wnzK4CywhTUykrsVc0sUtlDcFV5PslcoDVOswFu2GorfFe7JCB5TY54GoPDGKE+hhuk36iITSQSiMlCch5T4JCyRc8eKTw/Y+om3MHkP3OXLL8iVMCtZcYtuBZVlMa9aUzw2MI7kOuCsd21KnVY5HfhA2TTsStrVu0bMdWzbDJmBB23jpPrJx+eJt3XltzBFI5yLSXfA7s17KCfU5VfIlAgU9LsENnd77+OYJBwT57Jxff2Pd2tUHn/axA487c8n8x5+6/YaUY8HLdezh46dMPOxU2IkHf3X1uhVLx+596Hs+fmXH5g13XPsVm4qUYzelnbQrp7DF1c/cuerpO/OeT5pHHXnRt3IdW2//4RUwXyfimXzw0VD2PL+js9sP5WHJSz0TyRW8LR2dRKV2KngeFAqelMtAd10bumGnYOyxGOknkkZG2ncoTqajZSixVMi2bGpyB9W82swJKzqiFEUtutDnC9WxSCEgCIIgAxzbIgiCIAiCIAiCIAiCIAiCIAgy8ClJr0PL4+TJpYl5tYUpJhOIqUiqUaxejImryCKHf0K5OiWhL0KIx3teUCi46XSQycA0TTIQRDaPuivZiuoVhIAtnbFCt6mCkiU9NkqXvnqdlAT/a6hXRDL5CzUiBeWmIW1NGHMtm4dBEAah8kDgglm2m2oZ0g6B13xXVyGbh3lSSFByoCp2I5pPqySd6AehQJW0RFVcVraXpCCp8pwU823Qmt2jiavOtKAi2rDQSblyKRd+vkDiasKoU4qKkwil2SA6gM2VzUhsHVJMXqTdUCLgauJKd5K8Jyr1QDptCVFB9hJVR/Eu074dvtJZWdJ0gipVC2EkzuJjjFESjXNirnKqQvhw7TNlesKKB0P+q8Uo8TGKjqc+fPHuUS54vBOkv+ENXDas4e3KI9M2eujJn2qk8hHn/Dupy5Lbfyq2rk25IuXozDskpHbbNJnpZuncB/IFH84bo3ToxH1hzuo3X9vSndPCl1BdJd15v6O74DoWzLGUaQecaNex5elglA2dNPSAU6Haq/f/dsumt6Gxuff8ZfqM4w44+j2vPfvY28sXC9ttHTFp73edR5n18mN3rl72hheES+bP3evlZ6YeeOT+x79v/sN/k6OE8lAJQkvYRZcXok4Z/NOVlyISpR2xAuXtE4Yi5wVKdMK1OAYGm4LnE3mDUO3R4vk8XwhSTuDJ4SjSgPSeRtbTtwBjzFa3g86wo4ZFKZmSR82iVV2GkmiNl7mwjWePkaIox6y+4Fi0EPTjmIYgCLJDcK2BJwJFEARBEARBEARBEARBEARBkAqS6XW0kYT2oTA/c9Oyf4kJWSfECDLmLUobjBaJaIZIrF2MjEdSgLhViE/KORAtVSF3CKFyiFN6nq+kJ2HgpzIZy3HgZQwzdCobIzfRggA1lzId3K++wpkAABAASURBVI86L31HYuWBmZYrbCILlRLTlCI1o6KReQtJKiGEMM/oG2mMDLFalgPRV6VskPlB4H/HTbW0Uxv2yO7Od3V5+QLErwUX2sMlXl0Uj5DuHo92ThDjicGUeEDLJJLWKDG8Yk6VPUqILUz7ldoWUqFEoaKKXIlUrpiU7JR6uFRswah4ypcxKkpT28QyIMpNf6X8wrbdpgzMDCC+7gdMKjniwxV5pKiJPNRMme5El6kRoBT9a2Q/pCSBGe8ZuXlmZE2Jq7rKrtgqqi7VMGEYkrg9tSaLdTdqzTAIfN93HIcKmXNKZmehIj7jwpyGopeO+VeG66VZi6ou4kRB0QEsXouExte18bRQUg+da6bfXC52KPrm5YEfdm/R+WtgjtsyBG6rXMdmoY6wiIyG4hOjzE2o5brplnYRBrmOrWagoaSrOyuULgneOrY8hk37n0id1OYVizatectXDbaMnJBqaYPCcR+7Mj6ecBvD9NRLvymdcoqyJLJ12UtrH7/JsZTdyfplfN7dIUutXbJAZpUhpJDLPnnXHw845t1upiUIwj0OPOZd539q+avPPXLjz998+dmC52v3jkdv+b+ubVuWvfZCyLl8KeGI2gmqbHaobTERXcM8yi4UHyUn09w8bHQgNSci1dQKc1LNrc3Dx0jtG6NuupkoF5YghPuCB9p1xPjf9Ftcs1TYRfXAbLLtqFQ+0vJJYe4Ai+pFddqMM2CpUxypqbbDkMdF8wAEQQYDrk0QBEEQBEEQBEEQBEEQBEEQZFAQRe6lwwLVD9HHi4p1TEGULyBR+g9RtWaxflUtBDGuDXqB4IIk/USofM+J70H01fcCr5BLpVKZTLq52XLTzLK1RkBIWYC2WNERZxqbVZhmdM4VQhPdqi6RKNVUlORYIbW6X7IL8T6JxGGMtTdUhV+VbEHNks4cTO6I7bhOOuXlsrmOLhGEMsSqYsFMZlyJnuaP5DyxckBEu5fYEG3QmaSoL6mYSUgVTxej1YlPbqSYiNJelEaAa8hZSttL/BMVtf6jHjXC4yIS1ai8GwRi83bKlZeTvID0pa2Po9FvRCeI6ni2UCoPrTGhyuKCmGtWV5dZQLSgQR8JpqLnPGkTUbHLdlFioiLuZQei6HrCeUhI6Ae+5zsuUblOtKJKxMl/lL7BnDCdgEe7ssByHnKqpUdWIqMVLfGTic9k0v6EGJ1VPZOJAQXsTrB13arbr+nOeR3ZQlfe2/PdF04+5PgX7rt58bP/VKoUqUaRaXeUOQYMCrYlNSCHn/GRg046Z+FTDz5z52+l65BjZVynOe22Zlw/DB3OhC+cEZOHHXgCbGXd6y/lvCDkwmJ0j0Nn6w1TK/GwuTpc8gqI7kN9jQScdOUKKQduZQuOtL/8tZzPm0dOpG1euhBAi5vXLZtz6/9B1TF77Llp3XK/kJu072ELHrunbeQ4rQvSZ3jRMw/Dv6MnT3dt5sKV0/U2nCAbRgJmST2SbXGVbkHPhFVc23Lgclczp844Fl7Jg3bwcafDKzkHrtlAHaJYckJ2ADSWrUVXF5yJWI/CpZ4mpLTkpogudlOnqv1J1F1hpIR9vXLhJnMt4oUEQRBkwJKyzV+LCIIgCIIgCIIgCIIgCIIgCDLAKZFTUKVn4CXLo0VyKqKn7pM1imHA8pbrvU02Hq0u4oCj6YyyNIAwsjQuUXFKv+D5+YKX91KZplRTs5NKU0sGl6Hf2nAF/lFOFFRwk4OCJnumLUSq/4ZPSQ8GJ5SYRBBxJp+E2UbPodtI5UBjaxaZq0P2x2KpTNpxnCCTocTKdnTxIKQQ0+ba84RGDh28mJalZ1VJrymzDxAVW0get17pFHpSNZTF89XWq6pPzFxacrSFiI9HUgJiOQ4c64B5gcyUIi1NYD3tyKJtQbhqyHjOyDnyElLzhRQ76Uw68SmO3up1SYWYxBgEJbQlNind87JLJLmmCMPA9wPbtuA/aJQaExKiul39TOt9lveH3C0lPFEXJk2Kg6Kt86JpiskCpWQOIr7mB4nuJEb39425D0w+5Pj9Z7/vxccfIEplAgfQceyUFqGZC5rtdeTJsN8vzrk7XwhspelJOfHBJyEcQtsZf9yHdaOeHxS8AArp9qHTjpAr3v3fV65+63UpRIEhSIgPf/kn46bs8/trvrhm6WuOzTIpp60p3ZJxWzKpprRM1aOkIGKvd3/CbR3W446c9elv11navWXDY/93pb7GmVQ+MYfYgWXELrB1OK+wScdWGYII2bZ+1dpliwJlIjJ6wtRRk6avX7F07fLX1RGjE6fvP2zMhMgnZscJTopQk2iseFdYzAqZ9DqBF4tMdiK5SaTEqtSskf6/PltSdHN2B+8/giDIdgDDFEEQBEEQBEEQBEEQBEEQBEGQwYAompVEb6JcHIqKX7x37E/gcU6GeGta0SKVJzKUCsHKQOYi8XIFv1DItLSlMmnmuNSSggGuMpOQKD9N1KIw/hZacdBHkhYgxSCq2YROgtNYBJcmDq3Oz6HDrBTC5SzdMmQItJLr6IQ9hVgsl4YLljEWUbYY2myD0kg6Q6u4ndTacM0lZcKjamyHq0AfKJ4/WtoBbVCicuJUkTpFshmqpTyMykQoMshe8KTHhw5nS7MQqTbRWhOT5EmZZPx/9t4DQLaiTP+uqhO6e+ZGLig5CCJRUFFZwOyuEkRWzAHWiCIqhvWPiGJaxbAqnzmsCQMqKoZVEVRwUVCCV4kSBCRLuGFCh3NO1VdvvVV16pzunum5d+YGeH+Oc7tPqFNVp07f4b7PPA9KTRgm7KCRggnfsTfI2+dUZyO876G9SBxuxR1oT8KqZ+LxeleWZWBYISKBhXph3Bww+yfIVkKTFgy5guXOXbuc2xwTbqOAAu0JR4+WsPxvY3fqT9ymC44vElLPURpH+mvtvbfdc/M1W+285877PvbmKy7RY9cbmwnsQhGGvqXb7PsvzUVLbvvbylV33c6NICRN4LBGEidxFJmV9JAD/z1ZtByv0ssK1Kbs+YQjoiT9xxUX33fbTSBnMWqSyFn6iBllOtItiRsv+VV7ul3YKBnl039Q8OHCzJhRzXFzBYY3I04b+xwCDiW9PO9lUZ5ImSjobnBp7j66farW3Tdd9bvvf6mjx1DIAw9/0UN23O2GK/50wY++ge0/46UnbLH19mE81YYhVG+B7iSKTMJO+TiEy5JjNFrlFLYQfY0EW9zkEx3SnRAEsSmypMnJ5oQgCIIgCIIgCIIgCIIgCILYXPC1U6yym6QYpjZSIc79VnzogOLfKlO1B1cHkKBkhX5X6IJsp9kcGwfXE5Yy50GhlNcfyEobI1s6DIuD6Xvd12Gzjc2IE0wY+Qj8lj+H8ivoTng61lpsIl86E1Ng1sKlEwYY8YEM+sDtdx5c03Vl3Z0B0MpF9Y2Hh44YI68PPvt085lPtKKL+o3jtRc1PREuZgE6HoH16267o/+IGMSk6DlXMjAyAV8RUPRAUo2RpDBMQKpNhDM8YUYi4vUi3p2hVseP/Vl+ny63VyJ5GObi2LgcEJ1AGoyIGKSpWEsW4ZrgFV8gVD5YFRJ+ecsdpx2bVWRl+80YU5t6yA43d0lPThKJZhr7KbzlT+dutfOej/m3o+/828o4EuMNyM1ppSAo0XuzvNjj4GfqF3/7/S/TFBZDs5EsbjXQm6SV6KP4+C77Ld3tAP1hct+t1225055ZUXTzvLloi0cc+G/6rvz13O9BIk8MKTYskJskoHoBi5FmmjSSWH9PjdgFRUO+e9f+7if333tvJ4O8HpSbmAUA30F1gU47NglIRHCuwBvRWrRkn0MO0zuzXOqze0U+3lyxbPfHwdmNRdCBRnOfpxzFIFWJ3XjRz62qpf+OK/cJVflQXfAPeKtilHZdhd8jFcVxrFc76k5UGInmDlPD88/wAy7wfFp3mjErUj7dI90JQRCbFmMpb8SMIAiCIAiCIAiCIAiCIAiCIDYbAvMG81pgEd7vrhzLWPnb+eVGU3RngavCaNqO/jI3Kh6MtsIlLyjp3CtQDQD6AGYqlVl7usiyXqcDmTtZrzk+HiepiKFe7wutToJh2xqxrF4NRcEG1MDe1s4KA3eGKDOc7QoMhKNtB1Rcwc7ElP4jgbqTKIo70+1C15uzXNj2BRN4rrJKAR7ZBowph+8I84YftS5w14Vat8P7NYOtwAaSJYja8mJ9mpJBGIkFxNHgcBS3phE8SpMUZpblvQ74nUD7Bfe2IKbuLyCPyRpQsMIoTvB63gdEGfsKP7FYHI8ihh4jqkyt8eukrBeFW/GSVa8csF3BP8HDR4gG150W9rbCA8mDuQ/EJdiAfhwKxaUUCceYEisxUKzMHarMUgXz6Lq14oe3SWLCWXQ3o6bxHYki+L7m1qvbq+996C57br/bHqtvu7GRxmONZFErbcQw/9HybZZtu6s+4J4b/zrWAGOTRUZxsnS8Od5Iklg/UdHWBz1PH3n1r76p0sVb7rRnXkj9Nb7FQ0SS/P2yC6buvytJRFPEYHMiYGlGJt2m1YhbjbSRRIuayeKxVF9xrJk2U/3xA+lZeVHeX/3qqBM/bExS3K1Q/pv7mOCVQKQzP/LmQtp7l+tPgELqr6i1dKtHH+pnI2mOHfDMF+kXRda7+nc/0Ycx8wC4zyA/a4zVbrteUoIv9F3u/3D0LwTcO1RfFXiYiU4rXVt8VBU+UeGjYhtnVqfC1pvxlCWCr+1sLJ0lQRBEBf25tqTF04gRBEEQBEEQBEEQBEEQBEEQxGYFD0rrwkaYcGv/AJv7hAt8kLGHqhRUB1PRZPhjbb2f9bfpXpT1dtslXjAldKldlyplnksoE+v/5Y2xsUarFacp6DMgJAWUAox7TUxYrHe/il/vUj9zqGzyQBpQU0r0X8KoPXjQExidUZ/wRmtMl2Z5HHWn28o4ImBLkL6hVCClUe5CorzKHJUDytvCDB3VXKZgrqhwgvlIlV/UH3F7NrYSlu7Rj0LPFdoo8EjEjQaPos6EzHtdo/DggXoE1Sowxc4oh9kFKVDiUS5XX+ku7UuEsFk2TklSxuuEWpNqgAgvc3a8WYoRvOR5zowhSpJAMpAo76brBPcKGD92I9PSXc7hlT43FMrU5tqb9dfvOgpVNmGzE+fbwmMhFOTQSHAIMtN+x8rf7Prk5z/2Wcde8JX/ioR5cIRAp5Nt/+UI/f2Wy36dRvosnqbO5gQEImArkxdFPr36/muuufmy83f4l2f5y91zy/WX/fzbd1z1RzAgMVE+NosHYlngYdNbxkC2Eo01G2PNFOxVGkkjiSJzKyVTvcn7pQQlhT5rxTY76Vbuvf0m90lXFwNh1pF+seV2O+vFrY8qimLtfXdPrbmXmZAg/dVec8+tF/0QXieLdnncM3rtqQt/9i0QVQnehTgdWFHb7Lbvk19wvDmcPWT7h+ktu+37uEVLtzATyLbfdW+cSWElVwt+w3nVNct/2uq7FIMqiJucHTB8cV3Jo4h5yxP/WCsXMFU+UOvd0uAwAAAQAElEQVRpchKQxmyLcT7ZUd2CEQRBbEQaEVtEqToEQRAEQRAEQRAEQRAEQRDEZoiu/kGNFMxFuCt+huYn/aKLeqVS2d8797vZSNeF4ySW01VlY9kw67MLsQ4feFmou+v3uewqKLPq+mWua8hF2mzqInGcJKVuxvSRs6jWgWG/jd+3hQ8fwgCUVe2IMA5H9QWYQP4LFyhVcBPIsSirK7LNaCzS38fHJqPV3clpSH6B6nNhdAgcVQooFUB7GNt4TTkwyNpkztSGydn81XvrV/Kvqj4GXkricna8b4Iq16hXdVRajGBuQKzDorTV1EtEFRKnyR4d5H6owpiZeJ8F40rj55mF+iwhgq4yFjw1pegkTNVRzgsF94FoAj1STHFJMhWZM/XGXJNleQJAed4m5jjlj+4QL3VSXn1ijilsfEkECx3aF7Z6P3ilmhF6IyEYg3keR/UD2uA4GwzzWo8tBl2OlGr11b9f+4gDttjh4Y8+8uVX/e/X9JZcPyhSLtv7kMU77j19/123XPpro0SJWo14HAQiSTONGwlYoeh5u+eSn915/V+EsHW+SHCMyLnm/37WgsP0YwiKkyQB0QkkXtnOCOO8ghoXbnxQSm1QJMTff/7ZyemuKLr6WrjxrE/8v26n45eBWZSBTM18jL7uY2cmjZZ+252e+O6HXt9M4jHTW92Boj157xW/a/cyObblLo97hm7qknPP1ufrHo63GjgtSx+ynf4KJ+2hO+6qv8ItkYnyMWOEL7GQ2pOKFswKs/zwhbMIUpizY9AfiMzoUYwET7nVGYilcJbxZMnmRxCnm1/S4nnBegXLCviIkGrBPuUIgiAc3Hz+RILFEW9ELCaDE4IgCIIgCIIgCIIgCIIgCGLzJIp1QZxD6gjUzWOGCgbYg0YR5qCqOEP15dTwWnxDZZc7K6i5ezEHCAIgNQbFGUJJWb2Q/c79L8kHZhhGrGIqk0WRd7syy6Uu1vd6WauZtJrjSxYlaZpLG2fjytW833vCt4dxDpUOjFyAHyRY0acLp8aRA05hpSGKT2ZB0Q92NGk00mYDu9qdmgJJBOyNjDoIat6oUqgEc2C0DKgHyngd79/BZqQuMeIDe7xw+FQd7hadtTMpg4OGd0EZrxejQpK45mShgtvCQYmRNrJYr48ubDBBLVDLNjNpnUdQzAN6JmlTPqRtDaveyoXbWDegsJgurYmFv6QuncdFUYRhOv5o7+UQRq34qJFerxeDxkET272qontBtyHfrHITg5eDuYwit0OxWuxT38yFTfEgZ6d+YHUUbCPhJAvwOo7iZqqyvLjuZ1985ItP3ulRT5q4+9Y7Lv8t51m6fOttHn+kKvK//OhzWbcbCZHGcStNWo0kjaM0idG2hEvevfP6WETNJI7NpOnvjRhEHts9fG+9LYn0XBp9BohKQOOCopDl2+ysQL0RjTXisWaj2YBTeN7N1tyFS0cf3kiiQiVoIsOsygT1ScxEzAgRWHpoCvfxp7fplnU/m41kvKUbT1pJnEI1kkciV3bZMZS56HZ0J+/5+xW/+tzJILgpim6eZ4Xc61+e8chDDv3z735xya9/IqBBgeqZfHKVHn4DxgvaGrFBbmVtwfgcKLeopLcJMlE7BRxgEqLsgnSBa+Wad+qTeSS2Fd9NVXVFEARBEARBEARBEARBEARBEARBEJskQiTw++W6lKnKqraydhK2Wl0JguDzF22gyoI4vq/bVJhvXjtgCu2o0ShjSawgxmTQZAqkBnmWJd2ubre5aIwZNwKoq4LZxEwdYaGfRnj99QAjQQIXmKGHeUWOtwNwYhveHGvpPZMRa6+dMnvDCXAqmkCJU36fCxvxt/qdG4J7y/Ct1eTwuuTJ7K2eW99Znsa9PkM3GCdJ2mzpzUUvy/PcWFvo2r+ddh6hf4LECBRlZR4KJSfuckaGYiwqbOPcpev0VcDjRqORZXClfpcb5gbp6+5eiQLig6Lo9XqJ8daIogijd8pzGJe4pnCtBNoVXa43ehljweFcdEJB07CkJN8++qOwwKBi2MEbUXfCnOuJHmUSiUYad6emrvrJF/Z/wVv2/rcXr7n71rV33PjoZ7xc3/Brzv32PbfdpKcrAQ2HaCRxM4lT41mCD04EQTx6O2TloOhE/6Eb1Dz1le+aoQMHPvvl/RvX3Hr1zed8KUadiumYuUd2wb7iA1+vCHf6Ttf7UNEijBmJ7tGiVjquvxpJM9WrQRRSNVWSJVYZAe3rD4g0gQ6rLFtzl/4Y7Pbyjv7K8s7kGn3Y9NrVd9/6d6O50f0BzQ20NqZfgqjF6l7YBoJX9U8YsmNe5/iYSBNzBZIdvezN57ZZuqg3cbMU6E4YQRAEQRAEQRAEQRAEQRAEQRAEQRAbG27Ke0oJKQsIrFHSVumZ/T1zqPqJ0P+ir9RX9wcxcgE5UkGwWkA0gTO1DBrl0lSC9lzGjqnnmogF3X+TpQPOJrmEmr2uX+a9XqzLsSkEZMSp6VhgmuEsBrDHTm9TItg8Uet8fa91J7HXRucS8ERQke1hEjXFWAQ+BcnU6rVFLzdyAu9fwsMboOylxAyXVDOLUnit6wtOn2sOGsw4QxrGmJrBdKXmnWMFOShV8ufja6Hr+GNNPZOdyenudLuQRYQ1cA6uCkIIfaqSHB8Ba8NgHBaM64Kzo2BKgIGNguPZTFMUJ0mC2SUDdSd9IqPS6US/yLKs1+vBs6nvtm7EJI2g6wO+kGWcEC+gT274WLkvpIi4Td5xbi24u+45gc+q4KX2pQwfYsO0MmwTAJ4TzuM4akjZTJO1/7zput987xFPf9Fjn/eGu2+8ctGW291x3cq//Pan+pgkFkkEUhLMqYmt5gSeH7M3aiRxq5EaKxFwBDEuM/z2qy8RVRsQaSK9HrLzXunYon9c99f25FqTqiN0g3EEL6buuXW62wMVCGOJ0bnAnXKfcbdd91d9W+0NNBYj4UyWKUnG4ic12hejEUnHQHQCAhEjrVPWjoOD3ES/aBrbEj00zGzCK+aFDLuOyw89UfR4U2N5gvPANh7od+IfAczX0etaj5LLcn6MKFJwMiAhCIIgCIIgCIIgCIIgCIIgCIIgiE0SXV5VEGsDNdOiyHQRNQzE0TVOSLSp6EzqdglK1RxKoDIuvE7F7ymjc2xRG3+DPSy+93fPWpwYOYBvL/T1kNBDJoxghWG6SqEr8Ko7NZ13e4muJRsnAFm04kZLV1lZ6dQg+q0f0Ddixqq6GJiVMwzXVMRsSER4LVZ1lJA4VExLAU2DUqiX0PemOTYGHZaqMzElswJ7gkYq+D24JLZZmSmssFfkJsEkcptUVLuN1UnYgCVfG/HCWXl35upp4BJ6rKIH7XnAQEFEzQYDOwXW7XSKAiKLdAEeitom0cP4Kiima/Z5YRUr0khYFA/ibXDhSas7qRoB+XmKTZkfBE/6wqg7Ydaio/R7qL3wliS67p4XYP9gqu3cpfvg6uA1qyHsGpitKHxSVKEHIJWIhPeJsH2XZslzVum2Pk+WV4djhF7mqDcb6nmybj4T/S0NsU2aXQ3hzE5ASNFM4yxP7l752/GH7LT9Iw/aYd8D2xNrzvnaJ/LpbiONE4jTEQ0jLgFthn1CuJF3MOMpEuVFFJtPB2xQt3zJ9z9lU3hABgH2M9286PSKf33tex+60+4X/PDrt95wtT6y1UgWtRpjTTAR0d1opTG4deiOGZGHnsbC6e9+/c1PrF07mRUSDFqs7EMEcjOI18GEHXBaMU4naWK1Mql+Dx/QBShj4hhPSfRnN1Nb7fCw3qo7dnr0U9PxpQwilvTKkb0833KnPfTbHfd45JOfc6zuhonXEfp01Z285+rfY7aOETUt7JPdL1FE9RazMUn6U1t3A0adZXnouIMRUajCgWXrrIdYaXBlRXcEQRAEQRAEQRAEQRAEQRAEQRAEQWxMTNERJQ5cRkxIU7fW26VLJlGlIsSEe9QKibwWkWNdIdze4LgwScVHz6CKRfngHMwrYV4zgVoN4SvtqmxH/19iAdIU23XPI1OkLFTBZM7ybjfPekUvzRsNvUUXk6FGHQkUcmBzFcFMOaxAnsFrVdNixDpnvyEMfpVFdpeLUj3QRQmZoroud6MdgB5T2mws3XK5rlVPrVojCyjE2jwiW3o1F3Q5MG4Qqmyf26GEvVdVEY+9HVaUUNUSDZEYDPZxcTe6qkyYob5duZCqNKsYHyRVmAllOx9qOdxJunjfaDWF2dvttMFVoQARj7VdECAUYMZmAZQbeY7aK8FiI/wA2x+BZihl6EdllP5lnOc56k7w/Qx+J74BfJZACMZVAWE5ugsCF7+5XukBw23uFLwWdnhwAGwtjFdEZM7AaCG3+MyC8CYwzuXH9UnZ5sFHxUQIcRSpuNlkC8FgyQkbCW4GpKcriWUcRY3WuJ/epNHccd8Dr/zdz/Vtw0HoAyJU8LgB45MWgV0K+H9ERo0SGQ8SfZNBpaG/QFikQNrGWSH1rbEOIqDYMFYr4HQCfifwZaRLVgpjtgsWMdSyaB7x2KdOtzsFiJU4HiACYyfUoElzt3RXVt1ytSimTfsYAwXHqsB6JYrjvQ45bPfHPnXxlg/96Wmv3m6/J46v2K5/inbYbW/9FW5Z+89/3Hv1772PyDprTkZRqwxWFNm/RdwClAo9WvAvIYzX0fsLeCwje7f0E1dId+fcwl8X1RNBEARBEARBEARBEARBEARBEARBEPOOs3CA+ngM5VVliuoYWIMaD1ZAvkcgJHG/ru5r6KqUCDDpfDbswfbPcmNFiMKc30e4p9RJmA5gfIwqVQj+KMVRQ6JQmmBMGkwEBXav6GY9qaBHksuCtxbJuNHgMdg4QF3eGpDwIEynT4lSLcuW2psZJpTzAS4QpqDNsK/+t/QFKmzwou43/4MLKXR5YabaDGXq1iJTYp9cvSZrd3U5mhVQqDYjENydUXWxwD+lCe2w+3g4hPqfsyO46BvaELzMSHkLlqrowt/LoENO9GJXi1GBsFnwM973AhN0zP9BkqEXjIiixtgYSha6nU6e52gdEUexqYcncapUHPNelskiN/4LMVNWRgBLBlaOk/n03Wk3jrjX62E4ThzHWFA3dfRyiN7mBL9L43Lh5gFXBdx2E48jwaUH6+/BtURpwoJiLFjWDMVGUvedGR0EQ9MIHjipeOVFIDhS5tmFJiIh7CrZhCv7NuzImmGw8W133e1JL04XL59afd8//vbXPR//lKe96HW7PepffvftTxfFtHLhOCbGxZgjmTWsp0ea8QpeTrwwuhM94Skk0QiU6uSFgrsfWd1HHIN9ShJHrTRuNZOxZtpqJGCmkiaNxLqYaCKlImf6dMjRrx59dBd886PTt1+LQ7OjNZ+syRY7jm39CL2hMb7kcc86Vt/j2/62Msvl3373o+b4YmYcU3q9vFcU2+z+6J32fuwNf/3jNZf9Xg8BTFMghScSRbc6jWwjY54RA3xIFeD2In3HYmfrogbFujGCIAiCIAiCIAiCa0nn2wAAEABJREFUIAiCIAiCIAiCIDYJbG0Zyn6m2M2Vq4ALo+eQkalASyOREMwVx3ndBcRWqsOQmjCsp37VWiiPrYpXBR+V42sNONMGZXqMJXTQnTDXM1N6z/JMj8D4RugtTVXowrCuKKN3gwiibcoL8vAdV/NUl3WWMJyVTiqBb0sgwKmcYqJ2cCj6ZdpoJUlDKjYl1xS9nBlRhlG5eLEF8zc0mLFSbsKqBif+EPQPmOdKLh9N0jLzReehR0YeItETR4lYxEnMeQuVHe2pqSzLGk7ug+oDEcdG7AT2ChBzU+SCRWkMWhPn/mFFMcwbw1S7HOtGubNbSZIkTdNerydB1VVqTfwlIepF2PAnVE/hYSCVKIzmCwwwIp+z41twpj2lPkRfAg2DUEwFVh/GRiJ0npnZOyZ0N1KVhTsvN2O9cN418KIwkTSZFIsfdfiyvQ/Rnbv9qj+e/53P3nff/Vde9OvDXv7WnfbY/wXvOP2yn31t9XWXtXt5nIASRCUKfE2cmQvCnf0GY+hfwmMBiTytRmpCcCBxqZvlSS9HEUkrjcebqd63eLyxZKw53krwyNTk5ujvsV4rikle2vT87+dPnZiczvIiAg8VCHWKvCAFFXTmnj/+iJdts8ue+r7rK2YF2O1ABhRjix/1rPGdH6UXpj64yLq3X/eX6//8+5uvulTIbKyR3nHt5bA6jR1Lp5e1O1kyvmynvR97961/X/l/5+iONZN40Vhjcasx3koXtVJmL7fxNUXGUAs+48DgR+n+W2EWKrRQtsVY3RMoOJ0gCIIgCIIgCIIgCIIgCIIgCIIgiI2JCQtRpjqtjIAB3rmsA8lsXdZEPygsoEtuy/PKZeQw8zv4NhYH3U94PVplgK6gVvhWgVqiP4dkIJVqeJiO471TwN1AqiwDewMoYuay6MbNVtJMo6TBecGjmGEKCfq3lME0ZZProMMYdop3tQgDiWZqnzOXROGiiExayOJly/SbqfvXMGECdGQOfifBZbxli30XmMMwl5BUc83o7yubP2YcIxqvhHNSu6Ej9GS06jlkL0kFeTqmlp00mi0zt71uVxoBg1FmwGLW8wxV8DTBeej19MoB5QkXMdqc2IvC4ejLELrLgOYpRnMZBuqBAqJdjOVJYajpTrzNSdgEM4k8VokiwQICREf6QTU+HIz7ZaHC4XmpCsfTTE4Pi0wuULD+7Kx6yRNjqk8epAInF4w4md81sQ6gTwkkCEkAwoe23GWrxz87XfpQ2etcfc63/van3+TdrJkmd1//12994ISnvfSEXff7l3953uvv/Nvl//jDT6Ym79Gn52mcJvrLmJGYD6twGvF505tBQZKAkYn+HhkXjm4vj6KeyV9ijTQeayT6+6JmuriVjrUa+i3oSFxuDrjFyNJRRvPPW65fs3YiK2SsV14SpXGcGBsVP7rCKJJ605PwupD6cr2s6Payhu6AXjTdtv4IW/X3lXdce+nfr7xs7drJbgaiM33VSNSfr/C6+MJ7uXj1hjOJ2QSEJ05cEkX6/oIrD2qzzE2WpStP7RnbJDpOEARBEARBEARBEARBEARBEARBEA92wsANFsTHmD+thQYHYQoWZwvOhdWguLAPbl1GfIOmjikVmz2ZY2gJe3Sdh+2qD6yxrhOKebcVMLiAb0VPdmWeZ92409FF4rQ1ljQaUIkVKJ8RM3dpfgnkMrVqcW3a0JsD80AEKkV0VZtF0fjSpXEUd6eme+1u0SsCfUnYEB8mx/CKk9J6ZWZXmXVmJvcUDmsr2OvW4QCblvXHBxqBXCHLoyQRcZzyFnqP9Lo9LhX4gbAyiAZzaUCDJXMJhie57lYMITwRY1U5TzWphkFYT5L48n5eFHEM9hc42qIosJQeJt34eB3lRFP6elEUQcKIec2LIkpiUDrEoGixxwfeNjzMp8IdELcj0SkCNTCl7olVTwlmO6zoV5KUSoXXBntSwosb6Rh8FUW6uLnLo5bvekCyeIXeNXHn3/9y9hdW3XOXft1MoiQSkiVK5Rd955N3/+3yxx358m0e8Wj9dd/NV995+Xlr7ry+mRbNHNQkkINjBCWqqtmCOyzQjyRqphCjY1J4uHQ5Vikk6cTNVN+NpJmmY41kDLQhICLBAB4QEvGKoGzZQ7eLFk0XhYoirhtMjN+Js1oyn6l6XUoZN5r6LRqr9LICzU40q64+/87Lfj451Z5od4UqYBUYsQnm5oB+xXxa6+caEpXcZdG1JXKSE1xr6IuE616palDahoc7KVwkIvOXCc/BXAifHPQ7QR8Uf8YMhj0EQRAEQRAEQRAEQRAEQRAEQRAEQWxgAjcDV7zGgrTC4A5p8l04VicxA8L4hzhfBitV4eiygJuw4sqqxcHhv5e+vnVDjhdnymkATI0dEnOwJClNXbNQUuVQsM7yLM+zrNfptRYvbo7xKAUdh+mtFDxiGx1eSkVM8ERktD44SF0oZrpWXeR50kiSZFkUx4qt1aVZiWEUxl5Bl5NNDIuN93BeFfDN34XAM6CqOJmvMi733wc36NdKbWGgo878dkaFli+mNK9XA8vzOElEJNJmU5e2dZlbSr1ZwDISwqce6Wp33Eh0rzLehYOyDCY0MnNd8amo6IX06zhN0yKHlkFMkNvCOTRnjkALB+ZMKUI7B+9EgmYPoMsRPMsy3VasZJwmzIgJdItoCCFceJJJmUIhSzByWPkgRODC+P6gEgIfYBspY/+PkhLzmJcaBPMpYKeQc8761E0bButxom/Hdo8Y3+Uxza13wz5M3n3zPy777T9WXtjLMr3f2JPEMTiNWA3dfX+75JzTr3rY4/9118f964qd99Jfk/fedufl503c9JdWIRupaiSRG5/VOsF8C5OwA7oQgcIU/ami209jiSNHPUoseAKROvAVR0ZC4hxGzI2ozNK/n/hRNjL6ifbxOiAw0new1+ZKGimMaOmHPwINGgpKnvKmz5TzZP+Elav/PPCZz3/cvx2N2/wdba++5y9n/pdePKZtLz3ZaBoObh85+OhW7i8QiLTKc3QG0h91Qgj/twh+qPV/dhAEQRAEQRAEQRAEQRAEQRAEQRAEseHxShEMzzCuJuVvkCsnJXF1aoHlX+esgL4izNmE+EiXoGZtxQe8Wp0PX3OnBoBf9Q8OVP7brIRFdqeyCE/GnktmxDEFyAtU1itM6V40BLgOwB7OvEFKcDqvNzZfqowZK7zBPpTv2C5AvI5UIoq5sQZoLV4ER+SZEUw475JSy+CSgjgKhiqJLmqd04OGjKdvS9m2qubJsGGyhUB34arPbL7gRkli1zuE3uT6/oN1SDNVTGa9Xq/TzbNMMNgooggmz6gIYpF4OwojTyngOYkwb0qEfidhHRx8TaD/qBeRRberkiRGdAVdN+QjdeoeJ8y2a1QMQt9ZUD+AvAjQrenDMK+H+zQqm21lY0pQPgYyDWyzcE9rZOxVhJ3iUtvC/LNcmgWVIhgUtVTuhFtXGzblJN394PF9ng6Xz7r/vOZP/7j8t/fdfnNuphI8P+I4jSP8SoyURD/oWV7ou3rTH356w0X/u8Mjn7D7QYct2nL7h//bf9zx59/cedGPGFpsRCwU3wiMyDHjN9Y33ISQMczNwfkBSQrkJcEtMrcCdvkIG0/4/u9//r9ulsHTa9xH8ODwaGMQpbbZbd9Fy7ZkjFXNV6wIJk2icZamcSHNDYpQq+Ee/SBUi4HEjvmtgT8NiNKKLJd5DMYqeuri8ICNhF9IkYHBIocJAS1YIXMOOVNJAnKrUMm4sVQyBEEQBEEQD0IuuC77zh+6d61mmx1bL2MvOqjxpN0TRhAEQRAEQRAEQRAEQSwMUGU3HgymaGqMDNwv6utiN4bpGJWJKYTrcraudRojhKDWjNoFo42QPjLGxYYMsNDwL0StM33V6zmXs/vCWZSroUsOl+OqgMq7rmMymXen28a2RcTNpjCBF+YQmAQ9IVLWdRK13q8/CsU6alCbdpNkxugCK8nGrEKVNii6Dh4nY4uX6COm1qzpTE3LvMAgJON0wkwKjLImDuXMcGOmMn8V2/4pQskIr2wx162muSgv1bB/OuEDc7416L8wgv3MzAoer6gwag4lraBCKinMQk0aaWvRGPiAZLkyuhKwvYGHIkLfkDhJoQiuT2QZ2qLEtlmJ6oGg2m8BLwx9tSKH9BbUnbAMjkiM9kRX1o15SeYdJuCRk9JljXAWCnYKFcWRicgB15ReUUQmrcceEA7SzaiV1/gAFeNrEWNGiTQrwkhPhBCB3oTxqtCq7AD2CZVpvFyxG0xxoq+jez15zf/xZdutvvmKO6+4eGJiopOBlYzCuY6iRgJROBB5AxMsjE5OdfOi3cvavbzTy29fef6tl/9m270ev+Ojn3T9hT9OZZFERWw++/Qlis7k9P13yN50qmcWLGlEVPWywdidqTv/3p5cq3ptm86DyqBBDxNu021M3X2zXlCX/eTLayenM7gLwvijWGsUN0DQCOWF3P+ZL37ow/aSeUe3H7sInogLF5ED0TyFUSmhakWfePU3T+5l+XQ3a3ezbpZ3e5DLAy9MOo+RHrE0jvX8NFL9XU9R3AL3HlaaV208VLCA0YaIGd2PFfKYjy0JTk4QUOW1KYIUJwRBEARBEBuWzVRxotHd1p0n0QlBEARBEARBEARBEMTCUeRZAW4K8OvlcZJUKtdQlcb3wte0oTyrhDLBHsyUAxnWAeH395VNtmGSybqgpFoSB4bn7QQ71rUeOvN5mCWSdXpYwEyyzNSqU9Fs6mIzlH8LVGmgVUjF5GReXQGk7+2wNv0uDD+x9hOgovHxL9GipcviNNZ7ddkc5DIQySGNFwaHPBWoVItK1BGzI6vM07zmpgyqwbNBo+P9xy90DdyWq80VizznScJAd9JojsnudDsrcpVnXIrYCLDAdsEINyBmp8kzIVS3W+RW7QCaA9QicM4CJZaCpJc4FhIECaj7yEFiou93DgYVjUYkrIBISvssYc+UMyxhmJBkFqM+L+GgM9HXzXo9hc+OBL8TXr02D7xijJeN8poTaKYA1w68kiqMrZHJgCkf+2AllkE//j1z8VvGlIMNKvyHMpT5lwUU2d2//upUu5d1e8woD/T8Ww1HEjUTfIpjlGswI+JJchnrt0meJhmqMe657jL9lcQiSWOjjbIiholr/3DXXy6Y7nabKXjRgHIlKq1NvMHJfX/+xWS7J7NMXwuCdcxhw0aKMT03/eIz90+0W2mkxhr6JoB5ju5zYh7QcraZEZ0UV5333StMptJ4K23BJaLEdAMUUJzhsgmlQfpZj3JYQklUZJH+YI6k8cTRp4A8xSTo4BUxKsgIZQReGUVgm4h4wzuX2NAosJCJzLqVuLEoCpQHMaObEowgCIIgCIIgCIIgCIIgCIIgCIIgiI0PuiHoeh4DAYPAKja6fdgjbCkQvRiM3oGBa4iu6PocHl8rtAfoeqC1fnBeFhVnFB5evALn3psE3yssnLNZ8Fcpm5lBu2DTRKCemXsiNuQAABAASURBVHehk0XWi/OGLJqQldFsMrQGYRF2ATUAVqLh1QrziBWVDN2P88yVrfpb8wVuu4OpQK3F48oEhXQnp3Vx1goGTGBSeR3BwymovVrHUQ2yOam9CPaxyqgY7z9RWu1EsFrUfMlhylq9VXeYaBk9XcbbRjQXjUMmTZ5n3a5eHTlkoUiWpmABBCte8BizTEBKArkfkvHCBNq4TBuO7hpY5dctKgGXSViKDxCqgbIs48bvxDxsaKwipTutfPLMH6B+sjYYMk5iaBE8iCA2RsZGEWPmzI2rnEoo24PqQtlkJfQ6yfUisN4soB9T9jnFcwTjtWetZmRiH2On1OB9wpTw+LpmZZ4wKTYijYVUcRSBgANdQxpJ0kjB7MREEYGew0yMPlZGMSg8umnU7eknPcsgXQsmJ0EXEW7Tc/SJzVTPZ6OQYH/SNGoSJ88wlzYZN/pazRQCkhgIkUQTtCNciMEj1Y+gbiqN4/Fmqt/q7hUmXgfFKLyq2oG1KNGSBrsnxppps5EYDY1TqERhBpOJ2gLXE72wIr1AvL6kMI3ovdJIjtwahYtGkAqku22kOcZNhG0a4E1BjZR/nOy6BacT2e124xjuiv+kEGR2QhAEQRAEsaF40UGNzTpehxEEQRAEQRAEQRAEQRALRpwkhVGcYHWPQVU34rxaa2ZlyERZ7zR1VlCIGDcFpgoeuC1gqkfV1KQ/XmcUSwvOZg9SUHz42cFRbhsWzpUxbcmzQuZSf8+7Ra9rRlAY15fY5I4IbFsx0R8ZM7/gGPgMUxIIErzuxMh69P9lwURjrKUPaSfx9JrJrNO1AhU3XFbeRC9qqAoMmAvhGR0+QDUy4wB4Xx4Lt/IZe/2wyeqRSs3H7FengDl5i+mVvu16DqFUr0BxUuS6kK8EE7AjjnAKRSTSZjPv9axaxamTuLfEEGgQxGNd3mdSgkwEgnFSfXLBMyN5AN0JM7oTcD0Bax1ba2esDCJyXSylG4KLOGLSnIUZP9Bpo4sA9QlnodmJ1Z0YSYFAAxMjLuMKXG8YqiRAbGEsbwQs8JlzVpSTLzDJlI2FWgAvk+GYz5woFqqR6k+oNAGJhQIJBbiGCHQEiSKrErEqEMUh4kiZrJxINGKZJXEO0h8YaWzUKklsk2vw//q1hAAcHsdRmkRCBJNpjFUSpcYYS2NoQm8xLcROQFJ7HtDpBLQsUkFjGYiOJF4rMukx4fGoEZHmgxi1I3qQrTRO0XKllLZUTKNMBBpatnAjggFJEmpNZPWGojaKm4HD6ECpY+drQ97HgdQkSibIDT6hYjBriTB7SA8sZxk4bZn7rA+T+hUjCIIgRmVicpoRBEGsK4/elj36uZuv2Vw2MZkxgiAIgiAIgiAIgiAIYmFI0lSYArZCvxPlpAhY+RYYwFAtLnMboqNMsRy2gMQEMzcKa0vhYj24MyFRUo7QnVGOmQU1y85S2KBQGgM9z3tST0NPRFxPQtpo6K8o0cVkzH3mNs5h4/9evfOa8eB060o8iAl4o9WMIISDtznPOj1UP5RqAW9F4ZUe9ebZHPsyKn7SB+lOymPmsHld4OX/0QUGL+AmR9fqdTU7bTayXlbkhZJZIfVk93TlW+8VkVFmGP0CQ2GAgEdHA4OK40B3gK4o4KZilR9m2JJjSojxNXG6k8jpTkpnIf9dYc6OFaJAvopg+to8M82CgCXL9BptNpu6hcIEKYW6E9QuGD8MaUYNfQDJiHHHQcMixaVRLdiVUZ48BKc7MTIsv2C473vFh4PNH/A5ZK6ZgMAjTiKBigpUb8QRt3IT4+eDgUfKfFIJcHOxIo9CyDQSSsaFtCq4yOTyCIbzC6KNGKxE4HIY3BM5MRHeWjgeNBsiN4IjkPvoq1vdxqBugypINJJEH5AZmxPcLvCjtfoQocxCOqmI0bhw8MOBbvCB1wBNkYRLoDAFDGAkk31yk7A/VvIS4XoCyY6wMqeN9ulWE0vZFeumKEngUxhsqYxRUK/XMwY/SeWpIQiCIAiCIAiCIAiCIAiCIAiCIAhiIyFMQAeaaGCeCFa6TdGWg4IB65HoG4ABIKV8gRsxCSpLhK6XQpUXyoCyLKZ6qcFo3fH5KgwNGEZzQzFldCej4MKJV3CLcwdweTSuZ1CbdeIaBskWGetMToDFRWtMjyopJG+yKE7ZfLlsVFFzbZD3e38oLNNKWUCWixlsHMeN1ljey/I812MCRQFKDmqXw2geNUR9Mt8MmD0r/GH1btWZt9+mK60olNedwKqQuZ49WOdFXsRxEiVpY2wMBRtFLy/y3Pqg6DK3iI32gYkkjfU6yzPWyzDMSDoRArcyLRYbGQM3NiNgYRFFCcgZGo1MCH17CgmykUIVCchVIhPxAl4XOF7bU1A5RBwjYPTtzU2aDOgihJA86xW6AJ9n0oofYhGOM1Qb+SdWcFAkQYek0aDAQaDK0N+lO5cpLzwrhQi16r5g5mRsyuRslXlOMy7rfpXAQK2DqpquOOEaN/IQEJcY4xllDWacPAHkVkGDxuWH4ZMvQX0C6Uh6CowLiO1J5EQlRnmjd4KiBJ92CKsS5ZoxLTN9WT3TEsKTBHYLY2vwqL6RwByDEMaIZeJI9akrapPspD+B5w1m+sygCMFpAfMPKZI4knKkpxnnDRN7hmUDbRhweuCV1SnatWTXgF6ysN55r9szIhN40vQzaScnIqMTgiCIObB40RgjCIIgCIIgCIIgCIIgCIIgiPljYgI8to3PQiw4JE7ECUPRia9WF7lkeq8p7ZVlZW+awEorEwDqttzoRsDSwRUSJauHJ/gaa11P4Cq3Xo8gbPl7dsWHVApTgMBeIlAqKOYia/z3sp4tItu2vaCUYGDQzeCcQo1J3UyiGBQ9TQXfjJphyd1U3bFfptSNUhs3PsUG196tnGY4ivcn7Ljmyw3c/8kVanMg80T3H5QkgjfHF4s4FknamZiCIBiGURtwL9DToEwaGtDXWaa6v7reXxB3iglbzlfWVMZpXIKgJS7KO865NCcZ9VIYISJm153wudbNndeNaV5YBQJm6Ig4bY3prrc57xQTetKyPJcqT7gEw4kIbBcgUieGP6JYjy43zii9WJMkegu0LESsy+RJmqSNhi6S6yMUK4S+AkNHICidg+FJDyQQsJVjNAxD4xRWnU2vGuHOSEVfSSNNI91OR7fYGm+laepPCZKuKsElVlIiMFBLvymYj5DhzpHGrYnaub4Fq03BkTJeuAwgJ/6af0z7RkBj44Gqu/gsK8A4i+hPN84iH/1lzw1kJYKrytPAqxYgoHIQRoAmysixfu1I/dJiQJ/D4+t3Z9DYhzmR4C48CaUbICIaASd8KV9vgvAA/ZTmeY4OKNzlt41mn0UQBEEQBEEQBEEQBEEQBEEQBEEQxMJjKu+6LiugjmdtG5T9xXxj4RCZSB3OvYbD1F8hysFWLk31j4PrBhgqMGW0JwqLoMpahZS/xT8DvjQ7p0ooJv7UdS3BC5/6ExaVqxII3U1jW2G1NeBlAFPCjY+AbUy5VnkpwakbkPCRvUMGHemvMPh41nct5oQCUFe3nWqOjWOBfHptAWoU48bhistoUcPXLZpioA5h5uNn1AxtyHo3r/0JKCu7MRIKN5tCpM0GNwuiMzmtVzRIQbKc8x6DbBfIxJH6jBhMSphRK8lCl8Rz0wCYTujJjScnp5YtXx6lqT4rZzkHbQuPON4l1uv1igxCrfKs0M8RWKwYbReGhnjViEBLCmZFJ84EAu51mqYQstPrZXnWm+wpJsECxMX89GtNeJhspExgCY6WOdMiztElyKlP7EX7JxLcjdwyqkyoedYXSMTgdRJhj5zYZW4tMMZDN5GyHTXg+NqWsgMjKDZm6POQtwPmfNb5DBUkG/aJWhB4NYLL6CIjvbBRp+WXZWH+liIIgiAIgiAIgiAIgiAIgiAIgiAIYuNjtRe6Vg6WD5AnosvKWNFDUwaGu61kgVsPC2MiUkZ6QIgIJHgI/C10CP1QUqIcAuu7rOqqUdF/rP8g1qfS7SQx0PNC5lmGv0gvCyMgUc04bejJ4c55xWlFVEXHMJNaZIZ+95XMvTJkLv13FXCvvFHNVkuYSZ+emEDdj4msqCR4rD8zT7tSm1QNnA/tjXX44FYcBQoUkTabVucxNZ33MjAngUcD5hjNb8CaBI9WRU/qgnihFw56oOi98f33r9HNLd9ieSNJk0YK4VV5BvMVgVsK3gAIczKldHOdJIJzQWgSds0oQdwbeB4lunokidWX5Ibp6bbuUKPZTNPUm0OENxtGZdaveTwV1vYFj+CJNhlZcF0JOUJK2SVVSjqCecPWwFpIojjLGaTwDeSZMS9XCbUmtY2jnFtRq418uYU4+AFJTfAEj1Mc20cmz83DQh4nBEEQBEEQBEEQBEEQBEEQBEEQBLEJwcFPgYNfCEgTYiFAd6JMKdwfA0kchQSjBm4L8+jEwKylgsl6KaAUyE2YBJQFQcUiwTpBcFvm5t6dg5V5NOU1Kq9Lu5JRirDrLKJQpfID82pUIQvVg1+lN/VNWcjmOOcp44mN6IGYDhAGoFKlMEKF2SNghjJIZaLmVnbG6BozZ0Z1AsoExpJGY9GypfouticnQTBhZD5o1aBqUgLuFUWzddY61swmNwlbH5IZwsooISOIKbuxYXEXxQQlZuOlZBTxdKwprasCfDGl51BkrMdZGsWJvucFpPFEMSwOnvV6Ms97vQKfjHh6akrqhSTlihUr0kaqn5uMoYSL80jEkNwEiUhKZfq5UnqpmU5EURTMrOI8nEa8xwxyiARW4iPF0jzPcmO0MjU1jfqVNE2FfaSHY5rDhYIJRi43p7wLpV2KGqA7sZ8Oyi4p5uxVKmdVJpqtM/MjkSI2BwaaKem/QpIUoq303y56teNfTkVB0hOCIAiCIAiCIAiCIAiCIAiCIAiC2MhwNCbBorK0iRMmTYYrE7aDh0F9WXq3EmdeYu0hrMOB/kPiYSh8QOcQ2GMaEfW68QzxHfaifS+GjoKNgBp+pGLOIUShHkMVKpeK5+jlYLwnQJGgRJSYYB03Mv/nplIVtyPhkQCVhJJxmi5atlRv6UxNgYOLNDIGY0cDMqAybsW92CCqDxsRYyQeTkmxkRQnVUy9GzOKBD4MSTNtqUVSsl67LXOZ55k9Ru+MIwFZObGIjMCDK1CVGPmHPibWR3emO6vUav1cLVu+rDU+1uAsy3r6iwke8dhJSPSXydkpCgF2QxGzz4ZJ0RGiNi/msTJKLtPTKI7TRqOQRcfgC/aNRsOf4oUgXj/inl8w9lEmD4sbxRnOgVvS9sXM1js+p2bg3iB4Z91Rm8TaIDYcflGF8ib9LCRpAgKpHsvyXD9WNiGKIAiCIAiCIAiCIAiCIAiCIAiCIIiNiHEpMLU7NKfA0AmBigqfriGN4UMgE8E0F1dUxtI0N0Vq7uQoPDKWIIoJLB26inZwaeacEQZ1bMjrgQeuv+TDjknZcXM0oZDddhuzHGSeq6KVNFScpCzdrXZKAAAQAElEQVQSVfuHGfQsI7O+VfUyXwdtZiCDBXQyrNFsSRiMZG2W93rWzwNVDSifmS9Ka5oBo6kpBzj3R6q+AzcabjUqLpjRT+nVK+JGc2wxjKg73ZGFnstMmEWesEQkcRQJ/XTESYJ6kKxrEnCkhOybPMsn8kkUMulxNsea+jij9tHLqQB9SWwfDGMixAvddp4ncaIL6z4cp2Yi4tVe0gpkWNpoGNkLm5yc6nQ6fiRxrDsX4Ym6taIo/H3h7m4U0mjJ9J4IZVVOgsa8JY6bGnyyuduFHwQY2WNsfrjRwXBexm/VH2E1VwOfklHioGY1RJrhgLB9SrfZuIRqxP78oxikXo24iLvdrsxJdEIQBEEQBEEQBEEQBEEQBEEQBEEQGx1TEBemWKyMisRUX4WITE0Zv+u3UpfbizzTh+tdaNNg7E2ES3RhWHJmZkOhCmZsVMwVTMFaWRMRKz4xlhuKlU4KLPjN9rJzbvssI5idQW3wgcdh0V0I6/Ig8k5XZrnMsiKXSTcbW7wkavAoFhgJY4vpTKG7iy2U8pG0E6NUt0caW60lLp2pBQgcpFJpsxUn8eSaNROrVuuBKFQVCaf7qMgD1Mw9ZmxA7FFNUGLvWq2Llb2BsCEIk5lPBcw6oVBo5RU5ZjmIiEdJnLaa+m3W7oBXSYZZUTziLIojcI5h+kWM52W9HhTHi6JgRoDSnm4bSxS2TC1ttRpJmkLWUcTyPNf3QRiUmw59fK4fMwZiFqvhYIwFZXgVzrszJdHPZLPZzPOiZ8AHqdlqMXTp8adIs2KVZLyUagnmFFT4dBqNlfGicSKTWZepcvoz7vpkg6jMd5JwEOtH6HmFCqqYsTyKZF4wgiAIgiAIgiAIgiAIgiAIgiAIgiA2KhBWoGvMCqvMwglIsNyMzgRGKyKxMB0rafI48sJ4Kwg8kSkrv9CtGZWDrMgRwrQE95a7ir4qBQtqA5tc9CscbIXfxazowWGAg2SFsTxhbEx24zg1CTUQQiS4kspV5jkmQfANL5woFQQWO+GsdKMRUdRaNK7vXXeqnfd6UlpjG6NPgHdGMKH69QU+sAXfzKpAUHPaW7kHG1lxMhgockciklGSxIXEGSjyAoQnSiUcRB1cmIAaeCLipAGjyHq9mBUFM7FM+s3EWlBsmXr50kYjjaJYnxxFMGK9wgRoupTFXAPVJlEUceddE+IkTr6HIJFK0nR8XOkX7Xan2+169VaSJKXuxOZeCenMeazOC1atMt4p6JDj1CKj6UW4758E1xMu3ZozLwli/VEsSKMyuhO9sAsSnRAEQRAEQRAEQRAEQRAEQRAEQRDExkaYcBBmpR9GN1KqCqQpR5sd4PbAhVSyiHQN3f2GOficgPTExfKYBqRxO5EY48Kh7izD2rXywR1SGE8OrzzgqpLgs+DMYp9iOiqYFd6AygDnKIqE+ZKRiuJYSgw5cZ3nQerO3FnXYeN8lVofnFRVvgGVTNpo6fsYRXF7YrLX7thbDnfVClAUm78aLh9qJBN2m226mAHAMoZXIo5jo8gxWiPRa3fzDP6nYBZlwlJhbUm48TuBdQP6LL0oBPqXZFl7Sq6N9WPEli5fljYb8CxJpReSUrG+SKSbKSQk4ETwTEkpjahF6esaGyKBt9Yqm1zylXEMss46+phGs2m8UlS32w1zdtI0tb2zSVe4JPwLeNKlWT1gQATGR8I8vWZfZDUogYrJW5sExkQKdStMgOqEG6sg4aUxXssU2KcQxLpQ6IfFLCdI2UlTRhAEQRAEQRAEQRAEQRAEQRAEQRDExsX80jgqLMDORIWJNhFaX3BhInh0NVmAYYZ+nWeZlEaSIiDABaQMcYShGuD34CwzlIl3MWoGZavlRgph9BkmxUNfwmy1fRHKxYxYHYVS+aAu+3SRsrOz6lScm8qMuzhaQAh3AWkNX0zredZTxvjE5DtESZNJydDuxTuAoDJgHTxb1Mz9nvFUo3KRLHQlcRE/dktkW0pEA6UCRVHk3R7zgTLW9ET092VgBlBlYz06Z0gvR4hp2SSoKKTAB0iZuwvGNokboJJRLPRTkGVdKfMizxvNZuQtRQQsgNisGetZAjYiUk5PtY1vSrQ8jvUTAy46oDsBbYk+I4d6urKROiBJKfRTppuLk8S1M3j+vI4E7B/StNWCdjqdju5du23VJmmaxnHs40iEef4wOAsXNz6uukvm6pLZDwU90lDKxN1qYwMWps3NMjIYwWUhjRsS96FApDUh1pHQEMstePgQhkeDIAiCIAiCIAiCIAiCIAiCIAiCIIiNCvfuBdwHrpQ7RVWqYYwxkgb4JuhCO+To5IXiugBvlAvg0YDSBQ7iDVNABxGHRD0Ew9J5ma1j42gCd5NAKmE7hlYjC69WKB0bUGbiIkO4myHsmB51Z2paYlWdsaTBojjFwrqPEGIbHrTjGAQ6XzA73TCTcSMdU4uUlB0xXWQ5k2hs4UQhI6hlBo5xbqk6mx3cCDV0oTuKVCIjGRu3GyGnZa7n0NiC6HUQpTFsVCqK9TNhl463JhFFITvt7upVqxppumjJEhOyI3UzLMbkGzgc85z0q8LkWMGzJECnwq3sxPmOqPpT4R+ttNEwijAFkphuF2N6MKkHMXIv+ygqJ1YC8xIUL0klwIJIog8OCzUmKjDx4YNnyaaguIQd20/lE7gIYr2wy97qTmhFEQRBEARBEARBEARBEARBEARBEMRGRgiBZW4UeECJOCjkoZbCK0RQLMIU+ClgFof5AlieRyIWPLKFZaM8MRVnqxnxdgpY7DaHoEGIrSH6FyqUNZSKD98lVXtRA/0W+m0VVN/bgf4cVieggiQRxsM+F0XRmZrWr/JCNcbzsUVRksbGDsParsxoqrJQ1EQIyikdwjQT1BhEIkqbTQa3PppeO5H3MijdgvmJYqVGYp7Z+B4n9uaI2Q4q9VUldhHCdIKmpBDwlMQgQJGF7Mq2Xv/dblcfkfAG6EOE3pvoh0Ew5+5jfIQgwqbXA48gEa9iPGq2Ut1GUTBQlcSRYKLn1jQ3FiQMMndUxvLEKE+gASPCcgoQe5OlEY5whjIXiH9qNFgUJRMTE71er9PuJnEjiQvdPo/MOubMuQ9xoeD5x8HCGi6kgL36aqKs7sswWEdxPvv9tIqzHNKCnKbMzK/J9wH7Iyc0Q3OYWRlFzNX/ieCG4N+zURj4yVKX+LChT0rwxNU+WtgDG6XUwuWimVUymiiOIAhGEARBEARBEARBEARBEARBEASx4VBoZ+JiaoxXCZSx0TsDFSdQ8VMYM8NQdqJLyYlo6Iq7LApdp84NUFCOGBTk44ihX4mp1eo6PRSXQaQivd+J/aPqa+LOMFfCIrW9Hi+76/4I6rqqbCGsh9dyQKqlZ+7qyEo6SxO8qGu7dHRQwWmGosi609NQO5cyjlJQ20DpPDLd8IFBxQz1UW5lLcGWvmNU5Y8Z4O4eeSlCVTFhC+8KjWuM5oAnjQbojYpiKl+NCgHFpfJuJ3ibynZkkB3Eyq57+YG3hQmvOkKRPSxSD9YVjCpXGUm6wJic0zF2LaAaB2KoWI4KLTD8SSJwMxF6Q9btFXmR9XI9j2mzoR8O3evYT4CxmsE0G2tGMrFmjZ76FVuuGB9vod+JfoqiKEoUCEfMwsLLuX6YTRGuMK9rskoo//Qyf4eE6Vqr1dJ96HQ609NTunG9K20mZVYONze8egPMwyet2wo+vUJI9EER5YJ0C6E/6ao0/LGrykf2GJckbGqDogYrQNYTPtMF3TF88HZirvR/NChWpkptRtw3pb5/afd5BzRWjD/QJUgEQRAEQRAEQRAEQRAEQRAEQRDEgwYsHaswCISVwg/BhfdTYN7DBIJljBgEvBwixUXMeZ5nuroMKhTOo0LCJmxaCCy+63q7RN0JSkoUprqYSjzjZTYNR6ULd3kvtrQdqBNqWpLhZUc+41u/WQR1c8UZU8PPdNoDVeih5t1el0/rUegzGq2xKEnNICVOG+cjFETVTMfMxS+F1zpZbyW4eXhRPeooTsaXLtFXaE9OFb2MGYGBlTFwY6BRV5JUzFTQw8a/QclDoGCY3ZxiJluEUmak+EgZGnw99/tO1Qbi9RVGASVMGI5Zv8bbJmmkaNuRGweTXqerN6aKRUkcB21axxMGeiV9tH5MZFGswekeG2tGkQBRlr4jLAYhkzS94KV1hIm8waVlHwbhvDbcqsW5sndIGJ+SRqOhj8iyXqfT5XwCtsc8SRJ3pOCcucwebMcm9zBM+TE2JO6Z7JunGeVC5V4Yi+mVEJhCpILjR/EvIYgHBtM9dvL3p+5ezf58U/6h541vQboTgiAIgiAIgiAIgiAIgiAIgiAI4oFBICww9WXrAGJSNCAShNvqsVWf6Eq1jclBCQK4nsD3iLmcHbNRZgzq1QKq1ng+KFSsFsMEbBTSROvoQyU2NzDYxBevbXmau/gcWa2C80F18XWB+0sMRaHthyyKQnU6Zguc0xQcrCqgCdnfqjuXbSJwHjEhG41mtDzS79qTkzLPVUVWIqw9x4CT4ZuqCgYCURKb356yjQevvtZjNOk5MDOd6ek876ZpI2kkRk3Be70uSJF6ueA9fXBcTVbh1j5GqSKXUSz0Cp6amIBHTC5ZtGgMnUgymRuVlvOrkU55hMlIYEDCUQhSi1Oq99vsiuI4SeX42PjE5ES7DStVP4Djixah7sSpTYxjSlGwcnEq5foKAjMJpivVSRkuMRm+nUPnIeGHVYVKBPEgoZuryTa8uHs1qE8+9Pzx5WP0CBAEQRAEQRAEQRAEQRAEQRAEQRCbPSIoKEur/EDTA1YGYdiNJi4DTomkPVTpWjIYokQx1LN1WbnIwQECQjT0/0WEbfrqduhxoKvPKN4wDghmUxC1U9ealBkutYJ7GKzDamVuNjfCoJgarjdh0A64mqhC5b1eh03oMevNjbExXednXjMwvAeqataywVBO3GNvLudx0lgEfiesPTFRFDZWxR7MvJrHLBKughyXYM5xo3MHKY+ZnRncYGb1sdnQKOfEY0xGYj0Z3W5XL4FGq9VoNTB9Ks8yPV1ZL9MLIHrZ/rvimbj+7cMDKTXKOJfA1gLWDZiORAYWhsHU8S4h+DjpjnD/MJgcnMps2o0MmoY+AXle5FEk4jiGa0F/wMvE2pm4s2qCLpeM46/LXCqW29vfSxvK5TOWeNgcC6OXRtadrJtCxRnwBJ1bV0bvwFxDX0h8s27Ym7vTv+jvixePsU2eVsL33D769VW5fj3ZYX/8e3bw7oneyAiCIBaeXi/T3xtpwgiCIAiCIAiCIAiCIAiCIAhi/piYnNbfv/3by8tNtq7MUWTgpSJY4zbbTW2bO/WBE3+YkjcEf2Acjy6km+gO1yQmgbisENzlL2XtVXwp3Ze/7R7OQumJr3r7CnhZhfcddVvm9IXXxDJ4RXfir+jfoWBAWHcP49pislZgbqI4tjqesODdX1fkNeXGejFSM5jYwmt9MCoKcD3h0kqNrLCBOTGDrPioQAAAEABJREFUPdIY36BKxIw9uLbdWGpIXMOz9MvdduYddli4GALY7Ag2X1TtTVQ1Y8gNEW19VGFUViKOoyQ2QUtK5oUsCiZVHLZpWwkWlyxUzvWDkk9OTsEjI9X4eCuKIL8HnxS9jOAKLnZKmrgjgTIxp7QyqTXCX6Lm98MhsAdaa7Za+u3U9HSn21m7Fo4fGx/XKxVsi9xttgIWVhdBoO2JEVUFCjV/d/sMV4ywhlfec9eOmTbTCLd7qOBOrAd8s1pAhWQ/uLTr3961CvxOPvg88jshCIIgCIIgCIIgCIIgCIIgCIIgHlhgjV9aYYEyUTIcsnWY9xfxlic8inQtHF6aejVYKhjpSc4ypQp0xsCadr2SD1ukgLNMfIcRs0C7whS9jY2KseLgWOxmQXlaBX9YQUsYAjODXckMqIFRKOEFvRQGTFysKAc7iH4nHQja0aPW71tjY8IEmGACTdX4gNecRDYsutuyMhR8IXij2dIvpjnP2h0QQOjbKqxjhervZ+1eBDYncywC801PdlBbq8bBxNl1SKsdgTlsjo3FjXR6YjLv9noZ5uykqHnKe5ksirguXbImJoK7t7KQhVm+U8Uk2AQxOT4+Bk4kYBzE89xE7YBtUEUKgiE7KAwDAZfLr3K6lvKauEUIkaapeaumO9PT7Wl85PQyjRJQSEmncYE8H2VHazUiJjPLhC5xfBDdRwAs/VrJfyYFgHPXMa2AJg2nAdYZ3+Q8bQhi3ikk+9DPpy+70XpJNRLWydidq9g7zwLdybLWhlv9t9xyyzve8Q42d973vvfttttuA3fdddddV1xxBZs7j3jEI3bccUdGEARBEARBEARBEARBEARBEARBbM6UipBQX+C9TBhKT6z7ha1IlwIQ5UwqyhAdCAqJ4153usgLlG9YtYovilsHEGEcUcIqtm1XCaPnUNZkob/DJlIHD/VjsDqYMqDHM4MARQ1ovd+7ASdHMZcZIox0QxmhjJW4yCLP5DRYXCiZ66/G2HicNngk7CRVhCZzyZ+ZR6wwxDuCSGteA8MSIo4aLcEFn5Is7/VymYGagSuXrYPddi9qMgEevJ5rl1h5F7iYP7eS+SJQDKkybMr6/TTSuACXmzwvskjGSZK2FoOByPTaSSllXG2Je/kKDwRUWS8vIq4bkGap67W3aNFYHIvY2IHo62QqY1LyqqTDhCShcZAzlWHMhz/ViCLoa5qmYM3CZLvdRr8TqdTYovHEyKPsQ6XwhX8mg6wtzv2zVvoIDaLy8IR9Zs4ZSJpQLuuHwsMPE5wngniAUUh22s+nL73BKk5e/2+NHVaIU3/Q7vTYHfezk78//aHnjS3dULqTbrd73XXXsbljhJWDWbly5SmnnMLmzlvf+lYSnRAEQRAEQRAEQRAEQRAEQRAEQWz+BC4cgtvSOKsnZqAxhpFZlLIJPNCXjssIGs6TNGWqC+kgkDWihP7CTBZXwgaFAeyG8j3YK0gnSVG+Og1HyVLXwvzpgU7FGp2U8oVqqksoQKlnhgxyGrGRJcFbJ4hgw2Qs3NhBgACgEN1i2gwX7CGai1jaaPII1AM2V4h7y4w5uJyMkiAxUrXS9kD5dsNLwA1RIonTdKylbwnIAorMiI+kkhWFT9ilge4milWPHtxjf1N4xVNmhFCejYhNTNJdFqh84nGaRGkiO528yCFhJ0rSVgNUVtM8HtaKCmRNMP5CFbLoqa4CcQmPIjE+Pqbb1XckiqT+nme9cMnZc1HNJZVdUS6FKDD9cU41cDkWRVGj0QAXIaV08bjdbiujN2q1WnEcg0lRfZC81hQrCmtnZOVdfcE6A+VavtnakXqwoNwBbxUfRDXyQ0EQmw2FZB/+xfQlTnFy/L81nr4XKL1OfU7rvT9odzJ2x/3q5LOmP/TcsSUb0O9k5513/upXvzriwW9+85tXrlw5wwHbbbfdEUccwebOLrvswgiCIAiCIAiCIAiCIAiCIAiCIIjNHWHLzcLkXaDIw0ZpMCeSsPk1JlPGqjuUT1SxhzmLETwjNgYKWa8ni8JIR8A0I0znMWfZP4XZh8oNFhagQZPC8Vr+Sk7T4DYq1qeJcC+qNexq2knFY2MAfFCDld3Mjxn9W/Q3Pdju9DS3uUKQHpI0GjyKeaWj4Tg2vN9JRRPiNTDwJ+hj4karyWAZyLwrQUAjIs4KhrfFGd2Ujc1D98MGuVPGhKhNRYzg7zlzBjFKRXGcNpt6ovKuUYZI1dCMNfUExoVbGkELXjxlZVOcC0hnMnk3RafrZoMvAhUQFwJ8g5SMIPFI+ZXvpkNi9pRAXRMT9bvBA98e/S1JYsVSPB39TviUMWxpNEDhYsxbzDK27kaQvCNl2CC6q/jAoZlVJoNx5kVK2IFwmzxUur/gTKl+nQ1BbG5IxT7yy/afrrfP0Wv/tfGvRnGi2XPr6F3Pab3vh+1uxm6/D3QnH9yAuhP9TC1evHjEg6NAlDaQfQ2MIAiCIAiCIAiCIAiCIAiCIAiCeHDiaru6rI2hIT7pJij7chteU0ahOGmIy+BwVXgXo8GgHq//yLPchM6AiwPUtYX1O6npCOCCumjuatyqVH247BZlt/vj624l3BbZw6YHVquVGlXEoGbag2X+Urah7AyorNPFDWjRkjQEj0XQWtUnZYMi+zcZFYGVBOm7EycpKlNgIntdMyJubW6MFmn02RuNWhzLZqAu4H5JGmFG2miAHUw+mYHuhCVJGkdR2mwIM4+cVb5Y+AJEKlKpApa9LFSRF1OT06vvW71mzerp6Wm9S7cex7q1WBjKaBtzbeMjBE+WUaTYGBwrd3IdxePtbgZasGaz2Wo1kyTRZ/Z6vY4hyzIcjK4uiz5KZxvj4QOF9PAy5bxYi5Swn3X8Q+DAzwwnQGE+Oqg8Y54XHEFsIPSD8tFftv94XYFvX/v09Bl7J+EBe28TvevfWw2z7bb71Dt/0J7o0GonCIIgCIIgCIIgCIIgCIIgCIIgHhCUdfJKDRmtEHzejVEpoFIlNAZhGDfDwEVFF8xjiGtR0m5UZdU5cLgwTQteKaxjBA+vWkVUBQquA9WzZqMspvuvgVVyXvP1ML0OAnfKTW4DDDeKmZJ5r9uZmu5MTuo/QVVgHSLsMDe8v4ntX991Q/sMdLXgeghp2myNJc2GiMz8C9Pp4KbP/TqjshkIDJzBDy4bMDuJ4lZrrNFs6rd5lnU7nTzP00bDxuvIqgWJVVegZsoIRzhqfqSxEFGy2+2uXbVG711aqEWLxs1qjRjIU/JQ5uWlJ0wa8xVh1GJ88B02lwLVENzRWN9foJCFidrpFlKicEx3Gq6F+jLoohRMWHcTL/IyQheurCFKbVyuY06IFpji+MOsNkWhrZJS7umTNrRH8UjwINxn1gVHEJsg+qH62Dmdi/5mFSfHPS195j5p/2H7bBud8uzW+89u93J2673ynWe1/+u5rcXNBV/zN9100wEHHMAIgiAIgiAIgiAIgiAIgiAIgiAIYr3hviLOB6Vz4DaJARjc5+eY3cxsFShYMAV4G1oDOTwKtQcqihO9K+sZKYqxZBAscE+w9iSuOaGL0c6YwRa7hbL+HC6LwwbjuHOqygk201Dr1iVladuoBwYe4y6tWNXaQZkR2/4HYgA7j4oVWTY9OaUL6HESp61xFsHVGBrJDLnMBqPPZsaMzYgJpCxEFCXNNC0aebeTZ5ndy132TTgNalAezoJ3d9DkLVAfBoYgoZ2PdEY7xiKkNTau18L0xOT02gk1LscWiTjyy0u5tvzscXxefMsCxSN6g5Rsamo6L+zbsVYrjmIpeKG4idMBmxHMb2KlLspcx/jQcGMZ5FUm8Hir8rLm2QRdUavZ0NuyPC/yIpPw3CUCBGKoxsIpxgFy611USkhkAdfX2yNzAbMPH1Fp7FsK+4jC4yyUHzkLp5KXbXpxiYt+8r4snlCDsg4EcrgBEhY1xLJlroepdX2m51FpRQKdTQT97Pz3OZ0/XJvj29c8NT1033TYwftuD7qTD/wYdCf/uFee8oP2B45ecN1JkiQ77bTTiAffdtttnU6HEQRBEARBEARBEARBEARBEARBEMRgvKrDySqwyGxtLeAbEzb0wmg+hClnszIMI/T6sJsEBrYYiYgQUZw0RN7rKmnUK6aaDeE0ChNImLVPgXgdUyA3+xlU2LEsL3x/jMrFZr044wWrQsASNsbE2G70qWgCe5KKjYIVVdiEnH64k7z4+jurOKOUqheJLRhtRpF1O+0JFqcJh9SaRKQRjszoDcw0+u6woSxE6TEwoMDqv+mSsOPBocVJko61eC/K2tNKFmHACppcoLEGn/US/Xu4Vx6MMjgnrCilC9IsCRakMPH5m6dh7VRCkbhZBSjYwu9pqyFl0Wu3O91ud3o6EiKuyXFUoC5QVnainw7p9VP4JxiJKNZp99auXmsip1ir1YpExCL9MleoW4KlI11frKxkWNeVfRaMvMMsOd25NG1AfA/n3SwriqLX6XaM3CQWkeAR3GDOfFSWUZaoUHUF3ihK6j5wNw73oWA/PFgpgKj4r/D6TJoj3AygnY7qG4r3R9mUsWN4EDOKoOfBgH44Pv6rzu+d4uRVT00Pe2Q68ymP3CE6+cjWf/24nRXslnvkJ37VfveRY2wh2X777c8888wRDz7uuOMuu+yygbuuuuoq/QHC1o8oivbee29GEARBEARBEARBEARBEARBEARBbK6IwM+hlI84AYL+v+Smxm+dQLjq0wrUgmmg+qzADkH/L0I9hwD3jIQXhclwkbAXtANYr+bKVaednQZcAN1VXCHTW5Iw763h6ux13QmztgiDjFvq47S1fr9HDZCqhFVyd93SHcZ4PqCvC17X2MEwWyVXvU5nzT33FnmxeIvluqTPo9j6o1hbB3fhgdXqDVmwResNpfSNYmZOozhOGg0YSpFlSiqw3oBhCoFDxnkI+j1qwT0UJPCRdCc2yMUfGYV+GU6tsND1/vB2sfLxENazQ8SxmbE063TzXm967dpYcF67sf0eHsE7fA6tlEQ/J9PTHSXX4KoaGxuD3CZzg4zuJwfHICZnGDYfNCcoDdE7kiSBTkdCmo15nrfbKDsRjVYzckFKkHqDqUuh/xA+wcp2VReMndrMubgIXhvbQCqCNeyb4CDLQncWMu0gNkP0Av7EuZ0Lr7GKk1c8JT1iNsUJsttDxZZL2J2r4PV9E2xz4Q1veMPatWvZ+rFkyZLf/OY3jCAIgiAIgiAIgiAIgiAIgiAIgtg8CaQcla1eh1LaTDAWii38n6HCAwvH5ruwh0o0IGFxkhT66DwHJxNM/1AFNzk7JtCjzN+AAreEDB4ocEtVi3QZGHNRs0Lg/WIGc0ncp4IB1IQTbGCOh5e4+NmxCKWGqUWs34l+3Z2eAh0KTIhqQuxKXGpoyvY3CUpdjnE6gaQWsJ8BdUHeyaTKUE9grGjY3GN1ysbZ3NhE5QdKKfekqKIoRCwaYy1VyM7UdJbl8QDbnFJLYdeTy6zy0qdIz66AKVymirkAABAASURBVNctynanE62eQKnW4sXjgsP/pME8HYw51x33wNo+hTeyqv7Qpxe4NzLyItSUZMbvpNPpYiJPohRISYw+RT+HGIsVjtuE/Mgit5X1GAQ2qKIyLizSWSeNcKfDltEoCB/QB7lrCLGZcu7V2f9dbZ+Llz85PXK/kRQnk131zh+0UXHSSNhxT22wBabdbl944YUjHrxmzZphu/bdd9+pqanhp7IrrrhCf7bstddeaTp0KsbHxxlBEARBEARBEARBEARBEARBEASx2cK5iy8x9hy+dl0agFRL59Vydt3HobRXwAQSl4ODVXUQl8QxFKWLAqUMWHL2/gvlVYQJoJFQhYZQnkB3gvE6NhDHtl8P3xic6uCiPKwvw6CCOJo79BtS4Om8kqEhBp5etm+idKBmL6K815tcBQVFIeJGq2UVOf0pIk7ksxFx8wmvwZ4mTcHjBGQyPO+ipgDidYL5mZsfywPRwEIZ0UkOBiKNBqqNeu3peOCt7BNTCM6lV285ARcmHUnjd9IuCkixiUQ0Nt5M4wTkJnp1ycJf2zY8sGvKqVLsC6MYkdYiRS/EZrOJi77T6WRZBtsj0ZCy0WjERkvCAgGVbxOkKSZ0C3UnnEdRHBktleQ2+Mq45URs5okr84Z8QhWzXkqbRaQOQdQI/+aY6rI/3ZS77cw7+/ioKv/0/vCS3i3/hM/ZRsLe9e+tvbaJ2AJz1113nXjiiWy9Of3002c+4GlPe9qaNWs+8pGPbL311owgCIIgCIIgCIIgCIIgCIIgCIJ4wCJc+YsH3xE+uHTu8jf8lrDWhjv9FmuCYCxPTHqLANWCrnwXhT0TXE+UrzLj8fBKgPhEWfuEwO/E+jcorzthrCxSO6WLqvXYjUfNJJOwETk8DAypqGGYD9fhQxrAvBWjsFFgVwEKGg45O1Nr1ujXi5RqNJsiSjivdGRu2o2FIZAoMFwJup9pA7RIqpBFlislhRKyKKfa6iVG6/4DTUXgF4LLleGRiBtpqle2zGOfVAT7nKbCT5yV9sBi84dJc4CwpiEMLEZkIbNeb3LtpDltmQCnnCgyqiX0CzJHSnMFoe9S9Zn0MUBlH4wTEZN+ZXPeaDTwgen1enme99odoVhkTIiEuRAqyZx7Ca5syRl0u9BkGe7Eg/vckPpnTWEgUdDPQBlTip4C96RNct30fcQMCBQi3cyDjX/bO/3rbfIP14LW5HsX9eZ0bhqzdx3V2mfbhVWcLFu27LnPfS6bOytWrGAEQRAEQRAEQRAEQRAEQRAEQRAE0YfJS8FqqS4ygwrEiCqg7IXSDnOUcOVyCL/AsnlQiFbo0+BqrqZ0DIIRCbVlOCSCOnfkfr2bSV2OV0JIxZUJ7jCX5RHn+h00JXx6C4T12DI5s9IUKwcpE4AC55WK8MWrIsqRokgCPEhctglzzTHXdV/77m/TMcDjpD6r1h5CYIWfKZjPrNOZWrVKyUItX9pqjTMIFYrC6CKstwfGFdiMZBsBO2owaokTDuY0Kut2VeFugYRJFD6kCH03Ziqwb8bF99LUJxB0+H3oXqIXL64aPV1xquK0iIWVhqCBSSX1hpW6reCtEka4IPE6Zi1CC5Cz024XspAm1mh8fExE3BikRKhTUQpUIP02ObxP/6Eq7wBZQMZVmqb4qPR6vW6nG+mbDtqWSH8PJTXld4jQgUFh+I4mz3N9vO5Y6YzE7SfBEOrPlcKV5VQ0oDczlxMuqatfArYODDZBWqcW+u2VVMVUhuQmD0b0X1hve0bzo6p90d+KOZ1oFSfbLbjHyUMe8pCTTjop3KI/XvT3VquFb/UC7nQ6egE3m002FyYnJxctWjTKkVddddUWW2yxzTbbMIIgCIIgCIIgCIIgCIIgCIIgCOIBQGkqwKF4bbItTOG7dpRzdeBskA4jqLGiUQYIRIxDgnkDV5Eu3cOG2LAo4rnMnIkJWJ/YFhSKQZzMBR0bwF4BBCMgTCk7bg5XwViCwJ2a5UnFEAWjdqQKz/fJJxWjlL7i8Yhla0gFwpFanwk4M+t02oKb4rxIGy0eC2tHYZOM2KYGVtJFDDk7jdZY1u3mWQZyAtQcSRQrMaOOUFZmYHDL6gFVefcZNda8JxicsgvVTEgSNcZbglcJZyPYbA/DjXpthKvQpT2BwqPT7qxetfr++1dNTk4VueRMCI6JNs7MxGkd+CDPDW41VlYFEvTKqqPSNB1rNdMkKYqi18t63V6m6WXKP29oUWRUIHoBR8IS6edY8SLXZ/V0x/TxJhRrtrVseuIHzt0DoDxSsUHPoN/P5gneB1sn5r1jxGaK/kD8z2e2/uURc5CPpDE75dmtfbe3p9y5RnUytkBkWb3ppzzlKU94whM6nQ6+ve+++/TbI444onbYL3/5y8nJyWHN6pX/kpe85OlPf/r111/PZuT73//+scce++EPf5gRBEEQBEEQBEEQBEEQBEEQBEEQDwgEpGiYirR+YRI1WFDk5YMqsrXK7IBDbCPCmUCYjSakhdk6u6ld62q1iOCwmimJLT3b1rG6r+vc+otjb7krl7vXPKyhDywcB9XtYcVlFQytv83+aw08oHqknyEzRBOCUmRZe3K6DcqBHseEFCmZzRBa94I1n43RG6nMiXXpgJydpNGI9VeSojuOiQ0Kp0uM0o1Rpq7+tfHwE4K30E3OwFk1Wg/G0I8kThNQY6Amw7+Ah0049YnVoAww0uFgDcT8lzDOInr1dNrt+++7/7777p+ams5zSNIB9RI3f4rY3QM+cBg1yUtlF4PsK92zJEkbjUYSJ3kvy3o9/b0z3e71eqD/kDb+SggbuwNWKByeSpwIvYgLUKlkRVGYJaM7zGdb0np4MuwP6FpUIN/QD4a7NF599KW8AVBVwo1sPixViM0X1J08fveRdCdpzN757NYjd7AH/3NCvfP7U+/7yXQ2N6uU2dFr8utf//pRRx11//33szly3XXXnXLKKS94wQvyPB94wCWXXHL77bc3m81dd9115qaOPPLIrbfe+sILL7zooosYQRAEQRAEQRAEQRAEQRAEQRAE8QAADQewdsxEUFU2chAmXJoMHyVWxjcKdgc2bgLL4lzEukKewFvhvqzQRV8uYhyrzWCegXkdtuYMRWmIodHniyi2p/PIlOIjbr7COnspZQjyQLxwgFWVIyi4sWqbAXoA1u9cMEohGYJPXCaO82/A7YqbRKFee3p67ZqptRNS1++k2S8LYyQx+gxvUPD2JWkzbbTipGHuF3wZEYVdIVZpYL1jMCpliDxAmSQZ/GKjfG1oasoBXkqtcM2UhwWpUgx7i4IqZuZFedEM75fbVOFDdF7BRhCjdDvdNavXrLp/1dq1E91eV+9C2Yc18GFWvdQ/pFm1Gji2NE1bzUYUx3ledLtd8Drp9XSZGSJ8giZK7Q2zgioctrIPrywPmu2R4cGzihTu+e8nmA0rVOvfu9BsOqoXYlNGP65vf2brsQ+f5fMridjJR7b2c4qTtW31rh9M3T/Jrr5Vfuh/p+W8Lmq9dK+55pq77777ox/9KJsjX/3qV/X3ww47LI7jgQecffbZzAhKfB7WMBqNxgknnKBf/Pd///cwCQtBEARBEARBEARBEARBEARBEASxOYG1WoVGH25j4DChgi/UbQxraWDdHDf0XROdCwToSECAYg8OC8fKl/PDGn0pIBmp9lvpycj1O9s0H+D8MRsqKLL71B5mdBbOKUMqmeedqekp0J2szXpdJiXuNUoNtVFTdhQb1AG8DSKKkiRNms04TUWEQhNWj0Dx0UfD523wNTZhFI6zr8elUUldfQKUlVce5Mg4Z6HKPjbMXccJXvyDoK/X6XTWTkysXr1m7drJTrcrQTVm3YrYjITPZPhCWKEZvI2iqKlppErKbqeTZVneA91JURRMBSFYwXAiF7ITxwnEc0l9LOhGlKybf7BBMq5hM17RnchZlCUbTHGC1D4Uah8T/TIa4sGJ/pA86dCxA3YbKsIAxcmzW/vvWBqifPn/unevtq8v/7s858oem1fe/va3L1269Nxzz/3d7343+lm33HLLeeed12q1XvKSlww8YM2aNb/97W/1mj/yyCNHaI894xnP2GeffW6++eazzjqLEQRBEARBEARBEARBEARBEARBEJs5tjqsnOTEheNYhA/Dga96Xb3MQPFnY/k1qK3barjRKLDSPcIFZkSuam1NR4aJFRSoNUzt35TJq0X24eXdmVNaOKtZm1RFLXbUNfOJescqU6JsHJBTCih3HdRZqKLQRXmY9DzrTExOr13bm25DtgkTtqS+CWkx3LyYwUi0rRFGd9JI4ySB9aAqw7dqiVmUOsKrKtimWpbvHwLemYrdBvOKk+pxbr2VBjq4vDFdZ+hKKt8q75NT9gbMA+yS1Fu6ne7U5OTaNRMTayc7nY7eEkfRbPNeabBsGWx2ZCjpiKK42WgkSaw7goqTXreHricoBAnnyPbJ6U6iKNE3WEqW5wXKU/zy6JeMhFqcsPMRKxO3rOsRU37vQPXJiANfCAZeeiP2h9ikiAR7x2GDdSdJxN5xZPNRO1YieFbeXHH+uPwf82wEssUWW7zlLW/RLz72sY/pJ3qUU/Sz9qEPfUh/f+ELX7hs2bKBx/zsZz/TrR144IFbb731KG3qB+TEE0/UL770pS+1221GEARBEARBEARBEARBEARBEARBbNZUkkS8oYiplkcirAXX5QX9pfN6Fd3ttQcacYlVmECFGlUn5l0iID2nrMqHV/RBGgzFLMKFAUEsj/AaFF71GuA2+cUPk/EZ7DVC3clsJWNT9x9YaJZl8AoaxwQ5O1hC13/IQuJw8ixrT0532tNKFUahw8Ncgk3HC8TfaMUhUSeK47TRTBoN0J1wqzvRd9Lk6czS0kbJypkZPohwr197g0/Hr0F3S5RaKmaym2xIzxD/nPIaVq2El7U2H07AoU+UUuV53m53Jicm1qydmJiY6vZ6rLIosQXlF1HVW8a7D3HToHAeLcJs0WPh+ia3WuNpI82KvNsFyYlerFnWK4pcX1+5TlXa87Op30NMFvidqEL5a4deJcrZGJmPANtBHpgCYaqSuRREbJnoLUjZ4tiOVEzNdFeCSa0zyjGjUDtdVraYzCxrDFN+zdyNeWFOPSc2DKg7efSulc++JGInHdl89E71qJpWWnk7ns7/J+bhhx++33773XHHHd/97ndHOf6HP/zhpZdeuv3227/yla8ceMCqVau+8pWv6BdHH300G5n999//gAMOWLNmDebyEARBEARBEARBEARBEARBEARBEJsvpl5aGD2ELBNhgrI7flelMIVhkb1iNGLLymXGCFZijfOHLSW7dpiPkMFys7ESUdxZnJS6jbIdqFzzwEaFGVWM1ZpgVd8W9EvfEtcTXvbR7gkdNrhTkJSWHv36gZqUxAhYguwcV8NXShhli760cH2A4nnNDgNUDDjTUnbb052p6W6nAwV6I/qBoSo+rDKs1EKrUfigi6L0xwoKmIBvuizuAAAQAElEQVScnTiJoyTGkB1zUHD84JYrOU3BINRsX/NMv2YA/wi/Ag1SsIbwpbJLCx+BGXppF0G5Tq3ipi5vcTPLS38cs4wYK1etPxy0W1FslCKq0+lMT06tXTMxOTHV6/WscYhiERoGqVBG5Vc4al+sdRHII6SyXkXKPpJmbGDMEieNNGkUUnW6eol2Oj2Qn+R5rmQOYhCuPzBwqiqAoMx0QxVFluUyl9ATfIadfkyai0mr1VAcvzh8GWMh2MnNRxKX5oXupJSsgBdC4iOkmNyEVBSSlQ4wejDwmWoe87qT0oMMPk+wzRz9OfnOw8ce9TD7cRlH7O3Paj6mT3GiOXS/UnWin4VDH5mwBeDNb36z/n7++efPemSWZV/+8pf1i1NPPbXZbA485uMf//iaNWse85jHPPnJT2Zz4aUvfan+/q1vfUt/qjCCIAiCIAiCIAiCIAiCIAiCIAhiM8aUf1mhy7pQlcZAGQsP3ClgowvN4UZLUToSKGdK4HQeXGBGhvmCY006iDFQ0RXpCH0Z/AFCYPEdqmzCFRmNo4kRaGCijrk2lJiddsRW8u1reyVWj8yBKj1+MfNlr46vBXyB+wqYukRwccHLfgdfYe6PckoFlB1wdIXh6GVhX9ieOC2BYmW+jy2hwiahS/6dqek19943ObG2gGq+LsNzN4fWv0WZ6VN2EsU6m4XwUfFxSiVO9WO/9LRFSRwnUZzG9hawQI9jOsndJLNy5gWvpjVZk5DZvrhfGqwv62jeqtIzCV/K/CgnLHA948EKscvMdzXmwS1XygbEmDQb6beHtyfQT/CakMWdzp2GCw7PZdHudHS9VhZFt9dZsWJ5o9mUMtfNCBGDKwmbBbxoLanGqms4T1Oof0smdeG52+0odBox+pEoEahx8Sd7lx7lXFBAdpJnUha6DRFHbh319aFvi27Kac2s0q0oCi7tB5BGKsU3bSGCv3+qag/FiAcrqDv58oWd6++ULz2oUUvV8Rz1qDSN2e+uzRspe86jG494aMQWgH322ef973//U5/61FmPTJLkf/7nf/7whz886lGPGnjAxRdf/Itf/CKO45NOOonNkYMPPnjnnXe++eabzznnnMMPP5wRBEEQBEEQBEEQBEEQBEEQBEEQmy1QpOaYtWG3cGdJ4N96p5OBdVMrTTC40qryZ9ktXKEnisIGgyKsfa3bjkwvZIF1Z9OGqF3IvUK/EFU2ZcrU1lVBv5WSDaFa369sl6aPtmRcde9QbPDkBGMM58Y4uoRIO4O+FTwr73UnVhXmulFrcSSiSJUTwvr6uSDmH7PCqyFK+j5FRSHBCyMpsrzIlDegQYFNbfbWDxV8nwcGl/45ZyNYZgTqGu/dM/Tg2MthgqdCL0upF3dR2CXuD6hLP6zrjsJ1ELgAOc2S1XmoLM/WrF3Tbrf1ji1WbKGrv0pJ035kcmj6BsCrw8CtSrkoIWZUHdIsPhnHUZM39I5eD0J2zGOlnyueghUKEyiBUUpYyRU3gTISRFhgoKIKlRey4Lk+FpVbQvHyBtSmribB8dPFrB2TnSsnfHNj2ESEHMFqqE8vQRjiiL32Sc1ZDzts31R/sQXm0EMPHfHIbbfd9rnPfe7AXZ1O57TTTmPGs2SXXXbpP8Do1brDWtYPsj7xAx/4wDe+8Y3DDjuMVFkEQRAEQRAEQRAEQRAEQRAEQRCbKVjsllIJrDkHWSpeSGEq0RyqyaYC7r0W+gv4wcbQLsX/icITV4WvOEGA7IVhhdkqALgtKrsUDe/1gLs4dskNw1+fBb4S4RjxGBnqYNzlg2wM35I/uRxaGMrCnWqEjY6q1vkZDoLLIu9MTsZpQ8Si0Ro3dg62H7yuf1EbscheioT0q0iIOI5TKUFWULj7xco8Gl6NFFqvC7OFoHbv5nAr+w1JeGWzaY3VnU7wBShOZNF/sX6Fl+9RuSirYh7BMcwJkpmyPJtYO6EbX7p0SaPRQLWKy3dxJ+PzXK4lIwCLIAymfKY5C6Qw8C2KojRNsqxXZHkOcUoKAnSiOOExj7iTtShjSGMHyOwzqCIW6cHmRS6V1O2wSPE4Mn2qiM6CWeNDZkN5RZv9JHAfA5sIwqST1bYQxKbDxRdfjAKRfjDd5gUveAE+VoX+QGdszZo1Rx111MDjTzrppAMPPJAZ0cnuu++uj3/Vq17l9/71r3/985//rD+F0jS99NJL9TFbbLHFVlttNbCpww477Mwzz3za056m+5AkC5IlRBAEQRAEQRAEQRAEQRAEQRAEQSw4rgYN5WNI2OF1hxIv9HBiktBuJKy0c+/HMJtphLuECLaYPlgzg8jYhKACRppCeenB4svR5nBhHEW8VmbAuOw7NTCuJLh8qbaxpysvngga7LdIqZXO1Qhj94fq+p6xbojyLGtPTqStRhyncSONQE9TQIqIruAr7xOz8SnFAIJHUcTTVC8bKWXW63F7E4Ji+yb8e+sVW425u1LwwGSjpjXx8pB42MkCEqW8uwlqvlj/U8d49XrOicimEtkwK+WlYdNT7SLXN0MtX74sSWJh46ZKuYq1ACr7yr2GIxwFRDxhohGsQo4qkziG4eibXfSKnGdFlEci8doo68Hi3H0wdkjvi8yqLWRhFjPMSWT0Sk7BJeEB7leBue6xcsE5KyMTtQPT5/OuKtPPNj6zGeAQxEah3W7fdtttMxxw++23h2/1szbseN0Uvli2bNlHPvKR1atXN5ulg4t++6lPfSo8/ogjjgDN2SDSND3zzDMZQRAEQRAEQRAEQRAEQRAEQRAE8QBABdE5/QVTI8XQhV5f+C6lKnh8PcWjr45f+oXYkBkoO3uvE1VKPqA147vCpK5dS399xhgbIvgITRPKEnbEvUyEB7uGMsjoIiwg40ht9k4pDBissOEuxCS86BBrDVtbl1nWmZqM4rjJxjhvKatGkHyTK2CbECPBRRRBqErL6AEkiArwuz1ohLSakQlNJDhb7wkJdD/GWofN0bHGURVxhO0b0UktOidUV8CzBBeXzIqnrEeImcQyocrpKiqLSNggK6/DMOMwjiL61cQauCuLlywaH2sxr6eBduxQbTPVuQgtVISwQVlhoo2uDUeQqVToFZlrsiyKEi78cGqjt1cVIsIGCwiQMoMDEwV4iXouEenXYtAMVnyKfHYPik6YcXnhjLHgc2HdbuECoPw3oM9waZPp5+aNCsSHmw6X3JzfuVqy+WabZeKxO8ds/TjooIN++ctfsvlg8eLF4dtly5aFb/fff/83vOEN+LrZbB588MHbb789IwiCIAiCIAiCIAiCIAiCIAiCIB64hA4LrtatmI/4CIuk3DoicO5CapitmTsLBnuYD1vh3pgk9JXwWo6qKYZL3sG6OmNoYoKhO/7CHn993AaOIEa6YuQeA6UPWNPvH3hI34kcX3EbPBKM10X2hKXkskHXjVINw/pQkElipCUKul/IzsQU55FRHYgoTXg10Me3W7dpWWD6ryWl87LQ3WVxnKZR2tP9lyBJKMIwo5B6zX3dRSn90ok5EOqTaufPSRXAB41ABYKr2IpI3BLpv0bEI4kROLyMaypU4dp3l7BiLONu4jApNtJYppiNRt5R5HJiYgLVJ2BPkqbWzqTUgYRqMYZZP7Y/zsJI38jqHPEI/EnSwoCik+npjpS8qRq6hQRXKi4KYTUoygX06F6YIef6m1kfSkjIjxJRpDtTmOAu3heIZafYCHHcYwB7pZE1wZZMgflKVH54Kf85tDHwnw/EhkRtYlN+2k86xfxrTlgk2A/euIitHw0DW3iWLFly7LHHMoIgCIIgCIIgCIIgCIIgCIIgCOJBBhTvIM0F8i5Q/cGFLQTb2jxWVZ2KpDTpUGxAygicH4G3gisl26ZcSd6eLW1R3hTYjaKlUHiAiKzpg0kR4cwZh4QpIO5SRgNTsV5xghLuX5voDznYKKWcgeoLVlG1lMf7sZTHuMMq0TlqdvkCynsYSmyKIldFe+0aJQs9/CZfHCdxGddSpphsTLzzhXMfUUzwOE4aY61euytlBvcddRSghpi9/jq7wkMNez+3uei/kLCaqZmOGZ1QboLEAxutZVZZ/xGQX8Hz5x85f0y1rF4qXdyRzGo8jKmJeWSKqekpfj+YiyxZtnhsbAzcQaSMImFXpesu889hTTBV72pkEnbMBiZylXElpCx6na7uc5Ik+sSU8yiOjQ8JCFZAjmQjr9DHhUdRLKU0eT3W9EUWBQhKYAtMgbAXqMyV1+sIiNFizAnHjKeOND2LjWSFS3exjQh+JKiN/YgSG5GFUJwsXLMEQRAEQRAEQRAEQRAEQRAEQRAEMe94twWbISOGZIf0vbPeFvWyLy/DeAbaivQrCqxjivMvgJAdLFvbFJG+BioV/LADNdcDha3N9ovxzsAlrMkPxoabsOFKED7g+GqXsDSPDYB3DJcs72WdySnd1ViX85Mxc0LESpcZhVksrDY0tkFxk86sCYwQUZyIuOBFwVE3xLwKY/2dCGrLhAcqJ1VLdpmpldBKQ8n11+8MsznxgOhkmIeHx2TZmLQdkzVllBlOiuUUGwN1J2G8DLMxOtBGLJK8KKYmp7Is0yeaZJyGWXx6iUkeefcUs5bq/j8VdyNVSsaMLY9RhlgbIsWyPFNdiU4qvR5PTFOhfsX0vNTYCPg00au8UFZsZQ4Dqx9j9uMGzqpdsq/dSsK36HeS5zm0G0OMkWDcBSUNmOQBrk0LADpFFawmgFN1mRExT2xqNicEQRAEQRAEQRAEQRAEQRAEQRAE8eAkqApzVzi11VtTdGZlHbeaolOiyip2rW1XBsbUm36VCfqa8NC2xPqsuANsVd4JGOz/MEkHWxiiuFBlgy66JLj6QFsH9HTxwUGMDVVzhFXkwaXPvvqyV5eE20JZj3WdMB4QvXanMzWVpGmcxD4RxVmeVG/KRgPzWIzWAdNS4qjIIwm/lD/49/LXMVineoOd9shvm0UeVEnM8XYxA8r/NV3HLLjV5VOe7MoNb3LpdMIHSa5qeMFXEG1T0ZeoqmtQ/+mqkEZaJWLOCll0u93Vq1ZLpZZvsazZaph+ikr/y6eZB74pstoH1PUo+6yauJxIr0kpszzLslyInjkHOhDHepcZtQRrIddOTSIkQz8YMMMBJYu/VuUFs5ImUUjVn4yl0T2AiY5jr3fpJzxRguNLxBaSiFkZjf2wU5vAo0psKJ7z+OQf9xVsvtlxxcIuWoIgCIIgCIIgCIIgCIIgCIIgCIJYLzg6m/CZvB+skYJP1eGlR8eMxXQsOltZiTvYl+BRshAk0phjuG8ZitcmyMbWpHlpCTL0ul5kEMoMwl2sr6gdnlVrmfepT/oNVwYWu0f9JXwRzKo9UaoizzrFxCrwlFi0dFmUJNVbAxY0bGPj9RD4TndVRJGII1EUkHyivMxoXsxOguuizEWFopPZDGlKQj1RDeW1ESOqBHhFcVLRAeGLUnSC/hyQAhMEDtXsN4RVrMDB7jCv2GBh7E74glUuCeoN/2LYTQAAEABJREFUE0ll8miU7HS7cvUq/QAukUuazUacxKoU6bgWyjalHYVdlDwUV2HYldGW6LucqEjqnVnWy7Jc70kC1QiqOrwPSykng8AtFUWxeYTRBMTcPf1OsHAq/CwFHiEiMIAxQxV6pRXodwIdSBK9ANkmxgwfj7Ubyoi5M4qWawNzzL80GEEQBEEQBEEQBEEQBEEQBEEQBEE8yOCujD/KwaGRg5VoBGX/YRVA64mhi9roWsK9q0LYtIv1wTMQfbx0tg76FFOMHlzJ9akh1UKkqZyjhUkgIOHePETVJwHK2zzUA9QGxRmbVWrDBh7Tt8XVmutN6SHr/8mp6clI6N4sXr4iLEpzJ3DYiOVWK1LyziFmJYgojlMpC8ULae6U7yZnw+dzBFTwfd2r8zzwvFlvrARr5oNibxkipQz9TqpSAx72kEn4n9WdQI8HWpsoxurzaKxFlF4uShauWZBy9LrZ6lWr4YlbDh0QSQRZNGXnpRM/oLwLnhP/PMMWVKPIUgdmdGFKL8w0TXU/e71unheq1/OKEFCXgO5EGGeTQBZjhidEYuJxCp+XVegOg+oE/HJYsESwQbdRTyDMJ0pMWOAfg1E74LMi4MLl0xQ+7RskXiccaYG5QaVhVOgcU1G6EesD6XUIgiAIgiAIgiAIgiAIgiAIgiAIYuPDvcuDqFhoVOw3lLccwBIqF8JtAPsGZU0LnACF10QCNjkEqtDC7eHVGBZsOUJ3E3gPrer+qMDKQp9sS8wsFL+YPVwqaE4NKkT67BF/fL/cA+URQvdAt6N4eWBdKcKKomCz1jpVX5jOwC0smCv3GgYnIqWKzuSkHuziZcuZisycu+q5c9ewJWy2wUFHGMbLvkDAjopUHCeyyHOwOpFCLw3lx7fuuhM+SkbJhqk+KxbeQ+X8PAZfOvaaCXTpQOmJQs+QAfFONjmJe5WJ8g9koVT4rAgTdlPakDCrYFCwdoVtQxhxiV6sWTdbff/qIi+WrljebLWixEhhrMiLgyUKPHMYWyVRn6WsVkah9Y7RiUGkFY+4PhaGozfCpSJ9w3N9v7OiUEwopp+MXLcojd8JZOlIdEWykh9R6m8kxmTBIhIcx417mBOXobBEX1NfDrqX622RkaDgZArjgWREJyzP9JY8SZtJkqBaRTorl9ojMsriW7fFhJ0u3VjQtQkvap1sBlktMR7ezfVBzf6YbIqYCQsSl1S5fYaz1km/RhAEQRAEQRAEQRAEQRAEQRAEQRDEQuAiXrDA7U0OqnoRjPrAMrXL0sBSqXNwCBwbzP56Mo2uwKMvSpmnI1yh3DlmmJK0OUjXYQXaK+j3EfNVda5szoYVvSgvaeCCM9sebCnjOFwVmBvBiwr6GFSI7Sh1kR5TSpiXgoQqA3O0rrSXbXLGapElzJ3d52AyqEgqTYk/mBNQF+hvORwqWW96qjM1mTQaSdrgeh4E9K0opOsX1OvhLF4MkjGsSwVaiFnPKvuKESygwkGpDI+SNNUvsm4nzzJbdJeuJ0YeYHvmAptmR3FVu27/EYHpCnZstKZDxLATVLmi8WLM3XZ3gJWIuCPdixiEEQKfl3JFoqWHT5BRfVFPArJxQEJlli5zDwEPA1nCUyo2HqImktJrPtJber3e5MSk7vriZbI11kobqbUpQumXMRpRXFoJhPSNo3ADHzVRJvKgyAumQsYMDUiyPC/8aSqBPyMu0CfFpQ+BbZFNz6qCShQW+MFwIbgTuIH2RSheVVoJQ2HCnGSB3kB6e4+bfB9htCa22Y0CH7xcKU+HIAiCIPr59TXZRTdm198p10yxdWbpOHv4NuJfdk2etmfCCIIgCIIgCIIgCIIgCIIgiA0Kr73kPn3GEf4GfZhu4crSlSqqr/urYdfhQbvMSRCsfUkoaLDb7UnKAqVk1kdQzPV2LU4NY7J8UB/BGRtetWeDysG1vapUN5RaCD5giAPkAQNbHqB14F6fAA2uue++sSVLFi2JYqil26kvG9lkzA0gtgX+p4v+shCREAUa5KCJBh6CWqS5d3ikMxaulO+0Mn69D7hrqu9FnOeZEJg1UxqZ4GBC3QkL3EpK1YVC3Ylx/VAc9V1edxK4m5TDNtqlcjsrj2dFkXe6HblGgWVKUQi+pNlMjd2IlIq7VYTPGzOPPw+vFXY1kM5wo5BhXOrDQP6hvzjP0cXEPHhRLGLGquozo0EJBm4n1wiX7FTgFOgLcf8Y2CWkwuliVnoSKXM9kJ6wTG9MkiSO403c80Nt2MSfByQ0dQRBEA8AVk2rj/y8fc1tkq03a6bYpTfIS2/o/ubq7G2HtpaP0V8TBEEQBEEQBEEQBEEQBEEQGw5XXB6cTVMHwjikME4E9uRqO7aQPKAZnwfCBu9TvjGunN0C+J3IUgfDjbQh1J34ynv5wjYY1M0FV7Layerwy8H1d06V2ReVcv8sE1VPzBgYqDIQ1AnAKVIWik2vneBR1Gi14kbKg+648bKNSCmB4DDJjEdoUCOiiOdmFHDDIJIFvXB4XXKi5uxIMrwnZZdYRYS0vi2b76p/U70D9Rdxu9PRw07TNIqi/q449UaowCifENglQRTCeWE2mIgZKauXrAqm0KOmnAdrWqJfxHGqH9osyyZWrel1ut1OZ9my5WOLWgLdgaxJkEB/IVYo3ycb5MPVQGVWJCK9RPXeOI51P4siN8lTcLRuRvBUtxtFoDuxD7EJG6o9PF5/Y0VYZj0JfyRi9jvDFHT3MXuViMFQReihgeMJSFeU/krhurDDhuxsWAWKs1FCIc/ww8KDCYIgCOJByYd/3r72NllJmlxn3H8BXHWr/Ogv2h88eow9WMnzHAS4BEEsMBvmWTP2mYIRBEEQBEEQBEEQBEFs2ihf++Rlzbr2L75Qx++TUGC2Du4OYk3cv/iKckudUjAiq1tVoB3x8TnSxf4YtYcEZwURRabiLFHcotw5aK3hRRuBb0rFqqVfdzID6y5cmFW9oyrHhnEteGEcWZHnvXanMz2dJEmUpjyyLivc+D+YIW+cf4OqzgzqAZiIhJIyTuKiiFRWWN0P9wOcJ43JbF1aOBME65UzMDulKiEQ+qa1O9PdbjcvMtQzwQQJHlJ7G2w3QEKN+dM+BFZ1wfoGXL6vEu6U4JtSTE9N3X/v/ffec8/UxFRRSGFXj39UKjPIUUGm+meBC9c+vAZDFxumUxgyQ6/T068gVUfC5bkTAzH/OeOuIqoTwaymxCNtVhZeHWK2wGUFfE4cuoFCSv0vv3DdXs/oT9yYwkdNVb/mD246Vr4dLE3i+PiS1IQgCIIgfnll71r0OOFsWDLdHAhauPpW+aurMvZg5T3vec8hhxzyzW9+ky0A+met73znO7fddpvfMjk5ef/997N1Qv+c/AyDfsGI9eCDH/zgO9/5zlWrVg07YOXKlcccc8z73vc+tpnzlre85Q1veMP1118/4vFTU1O//OUvRznyM5/5zOte97o//vGPbGROO+2017/+9QM7c+ONN77tbW9797vfzdaPe++9Vz/Oz3nOcyYmJhhBEARBEARBEARBEMRmzOD6qMn9UHVNiSuiD7B9GIWBViu62g5f3P1ztC3bYmXevGK+Tm1dLmz5l1urgbI8XukpWw/Ql2Wmr1EasbV329vyH9ytcgYq6sYnhOe9Xmdqqj09nXW7CorpOPMuRGWBlRyzjcJNv/sSkYjiRCNKgw/nOxKujQVgdC1R5ayRb51Sg2RUfPBZsZRFlvVgyEYfoccfGbUUepw4nK9J30i824eRbEDEjmL26FKWEbrNBHlVvhHcC1YiMPPoaKJ63d6aVWsw92fRonEwArIyJjegYETh6AbKtbgLfdIN6jqEPkB/t+YlEWjPUj0BsVkKUqGerBSnBY2UmVJ9z6uqKsW4k5X5h1+vNiZ4zqzmBU9JG40ojuq9DZtl88k6rGu+kA8DQRAEQWzi/OGGnC0YF92Y/dveCZs7P/3pT9vtNls/Wq3Ws571LHz9hz/84atf/SqbD17+8pcfdNBBMx8zPT19/vnndzqdxzzmMWydeM973nPdddcN3PXsZz87y7JPfvKTf/7znz/ykY/oLatXrz7hhBN0OVwX7Lfffns2R/QPbPfddx9b1x/iCc9vfvMbfS+OP/745cuXDzxgcnLy6quvrhlm/O1vf3vTm940c8v659Vf/OIXA3ddc801ofxodA488MDFixeHW+666y7dGTakA0984hPx9f/+7//+7ne/23LLLXfccUc2Avq/C/QAV65ceemll5500kkzu5JcccUV+rCjjz6ajcbU1NQ555yjPy70Q9G/9yEPecgf//jHbrerHxD9mq0rP/vZz3q93sMe9rDajBEEQRAEQRAEQRAEQWwuOAEHq/qE2J2MWRcCPqO3RJmkMdjyxNsrKOt+EKSiBCV15rw9bN6H7ZXeJYUvHXPvv6J4f0mb9RX3++vabHRmsypwfg4zHqNsx1ilp6by7lUl+g+hQLvQbk9HsdKlfKWSZssrVhRqDTb+P9NyPyBu7CdknER5htIktsFRc4nXCY+aYRWU8pkZW/DEaZrofnS7HSkLfWKSpHorSD04LiDIfMJ+ehsPXMEaKSW+jiKhb7qEGBqw9jEXE9KcycNMKfugVZaxvhHYYdBzmEvJAiN9VJ5la1evRa1Ja6zJY90Z6ZxLhFMJYTOFMO3L8ml1UUnmEgoCbUxQj4AxSkNRyF63y5IEH8uUpXGS6G5DFo7xVjGaFCnQRImjnqZM2GHocsIU9pyJ8LPC6U3C28z1COKUM/1vstL4neB2zlKr3fE2SlFUuaOg6Cm1LGy9iZhX/OAgWHibautLBfqhDSZAGeWTbr46o/ouFm6g6hJBEMSDnJv/KdmCcdPd69j4Zz7zmXvvvZetH7oo7kUn991335///Gc2Hxx55JGzHvOb3/ym0+nokvyee+7J1ol//OMfw0Qnq1evPvbYY7/1rW/pq+hB6au8/vWvv+GGGw444IBhWgfka1/72gUXXHDMMcc85SlPYaPx29/+9hvf+MaTnvSk//iP/5j14LVr16LseERarVaz2axt1C1cfvnl1157rV4AU1NTy5YtW7FixX777adncpQfjW677TY9Fbfeeus999zzkIc8ZNttt919993nKsR57WtfO9D05eMf//jMM7xu6J+Z9WAXLVr08Ic/fOABK1eunOFHxx/84Adnn302mzvf/va3axKKSy+99D3vec/Ag+M4vvjii5m5y5/85Cf1C/0D/ytf+craYW984xsf97jH1Tbq//J6+ctf/s53vlP38+abb/7EJz4xg3QD1Wb9C2MYv/rVr/Qpe+yxx1577dW/V1/o2c9+9plnnqkv/ZrXvGa0JtkJJ5ygn7Jwi15R+vvVV1/90pe+dOApT3jCE4477jhGEARBEARBEARBEASxyYCKgTDBw+aigDNBUNIO7CAgX1jXnUtDi0rxFM0OLJVIkPJleWmsAFsHA8FKsYpy+ooCqtJSOWsQm56hy/L6nfV/MEk0MCAAABAASURBVKYO1qgB01wUtobvZamkGezXAIKJMCSIVUUGWDTmbCRXg9oF+CCZi7L5QJWznGmFYs7URR/VnW7rg6NYJI2GyDNdwcfhbhy5iXKrxaDL+pKZpaKsLiKKI6WSooj1P96CNUugO/K3YLBOYv2YWQI1aByszwLH7ai1zOxDwO2NCx4W5iVR/kEB4kajURS5/lfRLMva7WnQXqSgO0EZBHRRoPjCXsKtdYZZPKWvh+ACngxnfOLjlyoSqsF6GFVdyLolo7GI9MOpCxLM/JNmIZeOLxoz8hFYULw2bjebAnoo7ZjdvRSCmw8BfdttN/UDCQoVWeSF7nFuZklkPNN/xkkMSTtG3RJxDM6qCD7wOwpuXP/NC4niDeE+K+q3Wf8RCZHwmBmfFX1tqb+Z7ZBKJSIT98WdVQ0PH+AFVXvUnnhGEARBEIRj7TRbf/beQRz5qPTjv+h0q14Dq6fYunHUUUdNTk7OfMwll1xy44037rDDDgcffPDAA3QV379+5jOf+eQnP7n/mLvvvvuFL3zhrrvu+uUvf9lvfNWrXqVb1oXqhz70of2nhOVwXYBng/jZz36mvz/xiU8cdkB/m/gDqufzn/985b/iGPv73/+uO6Y3Hnnkkfp4XRc/9dRTP/KRj+ifcm+55RY9ug9+8IPYiP6hF/zn+rjtttuuuOIKNDUZEX2wPkXPzygHH3/88ddeey0bmdcY/Fv90+MZZ5zx7W9/e2A8zZZbbnnsscc+73nPG+aTcc8993z605/+3//93/5denL+4z/+Y5999mGjceWVV8KP6H3oqWYLxu677/7FL35x4C69wmdIPtpvv/1Q6j1XlixZUtuy7bbbPuMZz2Dmvl966aV6zr1Vj3dn0ZOsb1Cr1dJrTM85btT/sYDpTrVFGw7ha1/72lve8paVK1fqdfLZz352mO5krqKTH/3oR/r70Ucf/c9//nPNmjX9BxxwwAH6Wb7pppsG5u/obmy99da1jTfccMO9996r/ysy/C8U3aW1htrBuWG33XZjBEEQBEEQBEEQBEEQmxiBu8kc6HOVsBXzgVkctet5cUXgV+JacTEfPobGVp2ldVgx9fEyWgQ7r6vgoDvxUg7Oh3pThL9y7zezDc5sM+6EKarX7naS6ThJkzhRQjIT2KJnRMqNX8sO7oKbdyOXERH8I2FhTXEqBjF2bcxH3wO1xvq1Y77zmS5kj/CKE1Zmv9ixe0lInCSxMTiJs6zQ/1JsBqzSVAnRKDUWvNSQsKpopXwBqipRyk1wCz5hZc9s16q2LcGI3IoXeASHf5ntdDtstW1pbKwFd0sx3yWvzXAOKEx6ExSjO7HaI+ib5DYjCogiPXAupU260QcUYH0im7wpjNEL6GfwYe6X/bh/WQ7Ha+K8oEn7kcHxn54VD6dJMZCWxIlgPFPwu6pFltuUrYRFeid3niob4SknCIIgCGL+2XsH8Z6jxpKIvfs5rff9sN3N2Prz2te+duYDdNkbhR1ve9vbholOQhJD//apKdDF6B97whI4/hS0aNGimaM0Op3OU5/61BkO+KaBjYAexQtf+EL/9oILLvif//mf0047bdttt8Ut09PT7373u/WPsvqwbbbZRm857LDDfvjDH/7lL3/Rr4844oh3vetdGNp47bXX6tL+29/+9oEim00WXeM/8cQTQ82KrvFvvfXWd9xxB0o99AH//d///dOf/vTTn/70FltsUTv9lltuOeaYY/BuxnH8kIc8ZMmSJbfddhtKl84//3w9pR//+Mef8IQnsJE577zz/M/0xx577LpF2GwAnmVg88GjDfrFmWeeeemllx566KG13B89/3rV6UdDL+zQP+ZLX/rSF77wBb0ODzzwwGGN77zzzl/5ylf0o33NNdfoZvUKHyg6R7nPiKKT66677uqrrx4fH3/mM5+p7y8KUAZyrqF/++GHH/7e97534CnnnHNOKFwbhl4nJ510EiMIgiAIgiAIgiAIgthECGrcTi7AKvkxanZZhHHjUOjKwWyx2zsXlPERdQ2KjYdR9jUTpeilFI146xTzJ/xLrOSK+wa5ly64qjseqLAiXfpF9HU7lNhYWxRV6Vr/QNlGgLvByTzvTE3FadJstsBdhgldSu+zStnYuCQjSGkRwkgSuLFCkXhL1CCJTJ9uaSTmPZOE1+NPgoeAhfE6fEh/nHTEvI1xKepbFRv7jRxMTwR2Oo5TZmVU3AexOLcS5S5kt2CaTSXLSln5RJ9aSrEgd4b1u+uYuCMvKVGFbHc6xo5G8i2Wt8bHBeZX4bJyNiflw4ZnBSPGLgsRo38JegpxAXdf6bueZ1mWm0CgCOxLmNL/jBslsd4vC/hlRBEJ1ad0C59D/J1FpSRKrMxnBKQP+dGFT7FeZ0kEjetNmTK//NfL9NDAhyVJdBkAJS/oWqOckxLOmZr7+hsFb5tEQheCIAiCmF/23Um8/9/H8PXe20SnPLv1rrPabOH5zGc+Mzk5uf/++4+iOPH84Q9/uOmmm8ItExMTzEhYvvWtb/mN6LRx9tln10Qnu+yyy0EHHRRuWbZsWf9V1qxZo3+2aRrYaDQajfDtz3/+c11KP+aYYz784Q+j1cT73//+m2++ecstt3zVq16Fx+gfmfRefcw///nPPfbYAxUnV1555QknnKBn5q9//euGF528+c1vrvnT6J9BsR7/8Ic/vF9ItNNOO+GLqampN73pTX/729+YmQp95CGHHLLjjjvqQekfJG+55ZYLLrjgi1/8on593XXXHX/88V/60pfCW6O3n3LKKboRPeH63Oc///neNua+++776le/euaZZ+o78s53vvMrX/nK6I4US5cu9T+Xep+P73znO7///e+HnYLDP/XUU/HWP+lJT3re857HTAQMLjxMadG37Atf+IJ+seeeez7xiU/Ec6+55pqXvOQlA5udweZkgbj00kv1d29zguhRvO9979MvPvCBD4SKk/POO08PZ++99z755JNnblY/L5///Odf//rXv/SlLx32M/+cnE5QZXLooYe2Wq1dd911BsnLMMihhCAIgiAIgiAIgiCIBzacqyH1UclsVb6+29RtA6uJ0L8h3FZWdUu/Bqj2chPO4TbVXUeEC9OQaH+Q+8NUPQenLD4b0YzyngxYX0dzBh5GupTpHLNlvFQ6Pn+ooZfzCSAKM2uMb4jMi+7k9HQ6CUqGRO8Tijtlz4JVtfunpv9iETiawE33mhKhuxjpOn9R5LkRx1Rul8mWEX7rupX711ckwKuakjk15rU+TrrAvd7EJkWB04n5rdZMMfNv8VLKXi8rjNii0eB6bjA+KbAWqbgDebUHXqDm/1GqJSq3p3yAKhIq5z2kjMgFmzEHgy+Q/tfkibVr9S2USo6Pj5skGtsEqyrFql1i1uPEHC6MKkTvBQkLvDVJWQKicmAL5F4ZjRnnKbi/JDPMtv+wgPgugRYvVshmuyNleLuUU5/YGCAh9NxKA9idZJmyTjsmDchbyjA7Ef6q8yti4pWbQaoTgiAIgphP9t5BvPvIMf9W/3j145Ubojp+9dVX//jHP9YvXve6183pxF8Y+rffe++9n/jEJ2obw8AdRNe2Q9GJrovrcnvtmD//+c+vfvWr9a7vfe973qdkrpx22mlf+tKXvvjFL+ry/Nve9jb9o9S5556rf7L68Ic/HMpcttxyS93tV77ylR/72MfSNH3Ywx72xje+cXp6+hWveMXxxx/PNjg1jQIL8mi22GKLJz3pScNO/MxnPoOKk9122+2DH/ygHojfpUe9q+Hxj3/8O97xjjvuuOOGG274+te/fsIJJ/hjLrjggmuuuYYZw5ijjjoqbHnFihV6484776ynVM/MWWedtZ6mFDfeeOPFF1888zErV67EF15V86tf/er888/3B/zzn//U95eZGCkvOtH/0dZqtQY2yGd1Lp1X9E/vl112mb7o/vvv7zfq/r/rXe/S3XjCE56g/1NFr3Pcfv/997/nPe/Rt+lFL3rRVVddhRu33npr9OPpRy/gb3zjG6iRGgiKTmoyrIHcfvvtP/3pT/WL5zznOfr7Cw1s/jjxxBOHZTmFYK4QQRAEQRAEQRAEQRDEA4zS3YTVTBYCkYezWFBl9M2Qf8Uastn7GoBFBFfWXmGgMGLAP5Fh7b1UOVTr6RvaMAS9Kvo3mj8Gj0hvzbrdztR0s9VC0YJtZ8P2fBC89jKK9T/ooZ2HyFkGZhXw74iyUtUfKYNp9vuynlKBuU4eZy5Gh7P+SB4/mjhOIhEJvVCzXs6FyLMMLEWKotfrYrYMHGHyh+p+JN5ZhJc2QczIKbzoxFmADPWNGdb3umJIQT5TL8vWrF6b54XeO75okRmY9IoTq9gIu+RsYWAgcKRrHpQiXpYGwqOEQ9INtIwfDryHf8A/pPr2qzMQ6mxwmMIIYUr3lWDS3VDt74Di8fpfk72PfQbTDtITbDNtNuwcmocPZWjYi3lUnIRs8A8WgiAIgniA41N1kEKyD/18+tIbJFtgOp3Of/3Xf+FPL3vvvTebO694xSv23HNPfL1q1aoPfvCDukD+lre8xR/w8Y9//M477zz55JOXL1+OW6655pqvfOUrs7as+4ZRHa997WtrihPjt5fHhlnb0T8OveY1r9ljjz10mf+0007Dn46e/OQnT05O9ttsHH744T/4wQ/0KHSdvtvtvu51r3vlK1/JNh90zR4lRM1m81Of+tRWW2018DB9r/V9edGLXqRv/fe+972XvexlS5cuxV0YypOm6RFHHDHwXL399NNPb7fbKG1ZH/Ti+fd///dhe0844YSJiYmPfexjOIoVK1bg9qOOOuqAAw5gRrPyox/9SK83NDUJ5TW77777F7/4xYHNHnzwwRvS7OS6667To9DLLwyXOe+88/QP8w996EP/z9B/1imnnOJfv+pVr5ohIWsGxYk0Qnxm8pJ22GEHNiP6cwCzeELbFeb+S2RWvHvNMO64445Zj2EuD4ggCIIgCIIgCIIgCGIToay0Oq+AIUIQ7i0FsA7NnLNAP5gHEpzottsYm2odVg23+2BVswajYGBGaKKM5MSU7t35YPohrY6BeVHALCVfX0P33RipQMwH9NqNU/oKeO1K9S1hXooLZ5GDclGcMsOYPBRFd3q611kUN9I4jngkyriUhSQ0oFGD93PfW27ca/TNSpKUWc8ZvanQ/+ztVBNY9FehBGLwchpiEtEXICOrYTizD8eb1wQeJWzWkfJgV+348ABNrP8Butfr6X/c5A2eZ7h8c6PAQO+NwpybwAGg1fBDsk+hUXVI0F6AsANeoaONNBkzxrZETyn3viU+OKZ/jvx79/AFTx8Xeg3pDd1eN1uVTaxdu9322y1avEj3SuYySgRnQsKdM61z5SxWrJ+QnT/pPjRMc+bfW1HbJcCMRw+Bgf1JXmTg+wJNwpMKyxdcXsTAG4+Pse6bPkI3ihY64eC8y4xdbgo/GaxgRfdfGPRbFJ2A6Yo+ONKLMrHeJ4KzIJi+tCD2AAAQAElEQVRIuYn0/8gbatPWQZLC0aiJDX02uZPorf+z62VAI3Vr1ta8m85Mxww9cd4pP+TLF3bXwn7sEQRBEJseG0txov8Oeve7372e0oFHPvKRhxxyCL6+66679HddXH/KU57iD8Da/0EHHbT11lvjFq+jnZlPf/rTt912m67Wv+hFL6rt+uxnP/uNb3xj5mJ8jb322mv//fdHlckWW2xxnmHgkbvvvvs//vEPXfzeZZddnvvc57LNim9/+9uoM3jZy142THGC7LbbbkceeeSPf/zj6enp73znO34mb7nlFmZEJ8MkAs1m8+ijj/7Tn/40g9xhRLY1DNuL7T/84Q/fbrvtwu1+vV144YU/+tGPVqxYsf6eHPp2X3fddWy9Wbp0qXdkQQZm65xyyikHHHDAxMTE6aefrl884hGPwO36RoyNjT372c/GtzfccMMf//jH8MQLLrigdsWDDz54mPRKP4/4c+Yll1ziJ20gZ599tr6h/dvzPB8xZOerX/3qvvvuO8MB3/ve90LZzTD0U7me9jkEQRAEQRAEQRAEQRDzCGdhOIgNsfB7gwI8d54l+L5qzeAcR5itanvnEFcFlnZDWM10IRm+jm/NP6xfiitu+wQPLPXbgBD9DvJZmCww98dU4ZU1oXCmDLDfal14cAk/KuXUJoo5KxY1Q86KGYvq03ioalCHslFEfY4SalCL/hzT24HSFBUILOBtkeeTq+8XERtfGnEVOSOI8kjjo9HfSTbXCq0aVFiuTl4wFJQZmLuDOTvQDc6jyKwc2VUFJOqY0r9EiRA3IiEXhKSGa0UGzhyvv+XOuUKogeNUkqlSGeMNeYIRsYqcZFj93ItRwv19IhgWozDLah84xA21IWVG4hRkeeZOEN7vhTvhgFlQkjk9FLe3FKZKwPoSNpxImBXudplBynBSfLPuIff6CbcgnIsJPI/6puVq1arVRVEsXrw4TmKZK7iwUb14wRgP5DiBRQjeAWW0RXaGjabIhNrA6fAZof81VnH/uCQxj0VkVoGde7yE+9Qwq8TcDpPk41J2/IVVdYyVm2RAO6CeAS6tjORFqdjoTsyNYO7zig978vlo29WgGKpZH7gB2rx1wuhuZr/ewmhCFgz/odz/eco2r5EQBEEQ88PGUpwwk8Pym9/8pubRt3bt2g996EPHHXfczjvvzDYeK1eu/O53v6t/OtTl+fUUN0xNTZ1xxhnf/OY3O53Olltu+YEPfOCf//wnJsgM5FGPetQOO+zwlre85aabbjr66KNPPPHEYZ4fmtWrV99+++3hFh+Cc+edd6ZpWjuYLTBnn302M7qfY445ZtaDX/3qV6MtCgojkB133FF/n5yc1Gvj6U9/+sAT9ZywTZurr776ec973sBdA21Obrvttle84hVsvXnKU57y0Y9+NNzyu9/9Tn9/9KMfHW5sNptHHXWUXpZ4ygte8ALc/v3vf3/58uVvfvOb8a2+mzXRydve9rbaz+fnn3/+MDHHP/7xD3xxySWXsOHcc889n/zkJ4ft3X333dkI6BExgiAIgiAIgiAIgiCIByLV4mm1dMtmUmBU0j9UqWswBVzmq7kMgjJ4Ncum2qytWQfyF2zX6TnKjnCUK/huCYz3wKIrlnmNXYjyv/fv/nG4VBPwaqE3MAgo1Rp2XJVeMmX9XfCK3mTBDb20kDDSh+rUWTFNZQt3YUGV7lSPskPy7eoNsig60x0erYnipLV4sTmjMAMte78Ovgz9qJn6VTmi2l9Vyme4yYSRkRAx/GkkJsbegpW31d0cPixqh/dV8/tGV84kn6UYHTj7lLqTcER8kA6gYiDCSnOUGbQCsQC1RaSMYAOGL0RRSAn/lygdMgsI7lkcB//IXuqQ7JVRUuQEWuZxAsEE6ku4vztzMpmoPLrlIOGRm5yYQKeQsUXjcRwxLzZhkvl4Kub1KyYeyJ0Na9D8oqcqjYasg5JgArRHUuZ5Lr3RC2eJwNIIfEbgRIdKN4y/8U+ye+7KPthn0l+++qnkzU70dbMs05dm7Y7e13AzEEdRbp/mcjb6BUQLzQa70GbH8M8egiAI4gGF/ingtU9vXH1Hcf5V+bBjNqLiRNezv/a1r+m/r9/5znd+4AMf8Ns/8YlPnHvuubrU/bGPfaxWKR/I/ffff+edd+JrXb1mJgfQb8G3+vs///lP/9OIPmXmNjFYRx//4he/eI899mDriv4xSQ/zC1/4wqpVq/TbAw888H3ve98WW2yhXx922GEzn3vGGWfomdHz8J73vOenP/3pO97xjoEqnM8bBrYwTPSwcExMTKCuRXe11WrNevzWW2+9ZMmStWvXhrqZ/fffH1+ccsopK1euPPTQQ/fcc89RglFm5nOf+5x/XRPf3HvvvfpOeSOc9aTRaOy2224zHDBwb7PZ9AMfCMYJJUkycwrVLrvsEr7961//evnll+sXb33rW8OfjT/1qU+N6CBS44gjjvDP0a9//WvdqxkORtMaZiJ+9JwvW7Zs4GGnnXba5OTkYx7zmGuuuWZ6ejrcFcfxt7/9bTYfvPzlLx9FPabXMCMIgiAIgiAIgiAIgthkqBSdR6juDSyP1orXeJyP4HGmBKxW0i2PZQOvVNE01C/BA48GPrTeHlo8KFaPnyj7YwrYEsw52IhU1SsjHD/gYDXyhLuiOopuIGxEdqamp5uTzfFxIWJVVQdtxBI2r84x9ESwKI6lLGRR6G7rf4Y1mgt7lODhmaWSyeNtahakt/YSIxw5WhfCzsdegYEqE/260UgLPQsYrmNeMNbFqUBPDtOE11EAoNlRg51eEFzf/U/ggGdyYHcLydBfyB2bZ/n05JSSqtfr6UpDnMbgpoKCFK/8Yt77qCIK8R1j+GlSWrRIqy6CICE98qJnJCzYnB57ZJyupVWTKOduYQdYJuhUB4iZO9akxOjacLpqA9f/aIu/O4t+J6wHx8NFTQQPK1yxSjlxUcT782UW9KEa5WY9iHCuOgRBEMSDBP3j4FsPbx68W/z0vRLGOgN1JwfsJv7foRtHcXLGGWecfvrp+m/qU0899elPf3ooOnn729++atWqCy+88Pjjj3/3u989qzjjfe97X23LzTff/KxnPau2cXQbCf3z5Hvf+95bb711m222GT09ZyDf/OY3P/3pT+sXe+yxx3HHHbfffvvpn5pmlbwg+meqz3zmMz/72c8++clPXnbZZW94wxvOOuusRqPhD9hqq6123XXX/hP1D8k33XQTM/qDgVqNmVNv1gevHdl+++1HPGXHHXe88sor77nnnm63i6M75JBDnvvc5+rB6rk607B48eLHPOYx+++/v55APZMjpiPV+MpXvjJw+8qVK0888cR99tkH79Q6Mzk5qdfz+Pj4brvtpvvM5oiesS9/+cszHHDDDTe88IUv1Pdu5sNqfOlLX8IXy5cv131jRnCjuxr+QK4XfGi+onf5t/BDfhX9wPrXelmOIjrR152amrr00ksH+tbo+b/gggu23HLLD37wg0cffXT/Abq3bARardbMmhK9bEaRLg2LCiIIgiAIgiAIgiAIgtgoDDKN4DMcpgamoCim2CDdiTvXVnBLscEIHWMMozCGnuEFDk6vwGqKFpvow0q1CecDAybsWSNWfUsPCh9LhGX4BamSYrAIs323JX4uhC7dtyenOkumxxZD6Vw5UwkpXd5Qf8fnsYNqwIbyktzOubXo4PBv0UWk+wz5Ovq2glBIOoOYQPrDytiXWtuzdn3OJXu/duZ84kxtljtjsHmJRKij0bOAR+QmW8dJT7p+L/7zInfTpmyAzOA7V7UVsf1C1cUwEUPwGJdmHsqd611TsizP1q7VnUzTdPHSJcbaR7oII3QgUoIHCpSg5XK8EAQElzFdihQrUDolpc3Z4Va3An9Gzu9Ev5OFBF0VriDBmVN4cddzq0QxTZXzYNJllIvYqg0f/sXfaX307jzL9bl6o/FgsUYt5eS42B2TEcU3jNGGHxfbqKqxjU9opVP/NCcIgiAemLz26Y2Dd4Pqqf47+cR/bfbrTg7YTbzjsLHIFWE3mOJE/9jw0Y9+9KyzzmLGyuKII47odDrhAbp4/LGPfey00047++yz3/3ud99+++2vfvWrBzb1mMc8phYfw0ydW5exm83mM57xDDYj++6778Duvetd7zr33HP163/9138dxa5jBl760pfefPPNTzbot69//etrYSUzsPPOO+tZ0vPzhCc84bOf/exRRx0VKk40xxn6T9TzecghhzCj7NnAmSO33XYbvhhddLLtttteeeWVzLjU+LPe/va3b7XVVt/5znfQkmRiYuJ8AzOOII9//OOf+cxnPv3pT5/TT3fvfe97/fGnn376fffdh6932203PbEXX3zxL3/5S90smzvdbvcrX/mK11GNfqK+7ojZMevGVVddddFFF+HrN77xjajE0k/fd7/73fCwjxv8W30TDz74YDYfYLzOMccc88UvfnFYWJJe5/op/vCHP7xixYr+vfq/bvDZmZWvfvWrA59oj+7DsBigkPPOO++kk05iBEEQBEEQBEEQBEEQmwxeLjDKPzy50i8LfxndFZrD0vhMWhYsrYo+mUjVdsXn1XA2Ux3WSk4C0QPnrmSvZKDVMEXkUBsRWrB4YYfrIZsB3tdbFsT3sPk153ByEunK4vpfmCMzxKyXTa+dTJvNJGqY0nnV8KLav9HlPuvX2fLiUDOWWP+HvkHQSSSUdBoa7JNU4Wya/teETfNcUPBak3K9BnkuQ8+qvR/h9sbM+fBYox3FjNlJQ2/s9WJ9F3P4X67/zDLoUJomjMGvtfEyIIY5BUXl4UGxRRRF+OBJ6x1TZs3UeztIa8JYKWLCfU7MYe9Ft9u77977sjxftHgcjFhA2KRXWWQmTtbaH2bHEgiLhMnQ0a0IvFyR5Zl+oyJ4LKWK48iHUuFza0QkA0bB+laz+6RQPtcHj/G/I6jPxV8ZhOnO8263w506BytAMITgg8FatSy8zkEN8oAaYAb1QJFchEPzLyvPe1V1JrjXOREEQRAPWM69KnvC7knLWUK88ekV3cnGUpxMT0+/4x3v+P3vf69fn3zyyc9+9rMHHqZ/RjrllFO22mqrL33pS1/4whf0WW9605v6DzvKEG7Rf729/OUvZyZK45WvfCWbI/rnGa84YcGPCscee2zN0QHdSs466yxdSq81ctpppz3sYQ/zA3nPe95TO2C//fbDhJ1hTE1N/elPf/Jvly5dqieNbQ7gj9PMmFuMeMratWvxRTgn+sdLffte9rKXXX755RdffPGll156/fXXg8rZSGouMHzrW9/67Gc/OzY2Ntp1IM/I39Avf/nLXnSyaNGiN7/5zXq9ffzjHz/44IMXL17MRgYbud7QbDb1qnjb2942+uk77bTTD37wg4G7JiYmRulJlmV6qTzucY8b6P7ibU5mZvvtt99yyy3x9V/+8hfd1F577YVv9QBvvfVWtq6g446e1SuuuOL8888fOKhly5Z9lVPgZwAAEABJREFU6lOf0g/FsEZmjhPyrKc+jCAIgiAIgiAIgiAIYtNE1179L/krOdK/3+LvoHPnjOCzNGY6pVqVDkuowwrWDlEN1alcxtirSKdUKKM24KUxKVA19xFuq8muNeYzd7yRApsNe1alVbejsqHm1rGOVVOnPfBX58Y5wlxOFp3pqfbUWAT1dB7MFd8ovgB1sxOzSribW25shI3ORBo/ClbzlwkUEX7L4Autcwl+4D2uiJBmPXlkYs5BGyStWwYMnEv4h2k02ND/GB0XUY+LXq+rwcE3GvruJqHMilvhRXXBBeE73GXQ6AaNNEmGqovQgET1xdOwylTaywke6a4KYz2iCwlGFQO6k0azGYNTi4SbqiAkiQvuBSi8riCT2H3mxB82sEZ/3Jj2lbGx0P/6LFiM/+ivZBLFsR6Q3ifiyEqQ4IzI6628k49JaZK6/JTudP/YLtPxFky0uGgKNrsR9VB0f6SMpEzzfEW7fXCn+yS2WaEnJ1IFVz2RTfE1t0V3rmS9KbYZoVyoknGZKf9SUcyJlyq6nAeMEIcgCIK4/g757h9Nv+/fx1B3on+m9bqTjaU4ufTSSz/wgQ/cdttt+se2//f//l9NL9LPcccdp2vhH/rQh8444wxdUX7Na17DZuOXv/zllVdeufXWW7/0pS9lcyTP81NOOeW8887Trx/+8Idff/31fpeunU9PT/efstpQ2xgmlQzkFa94xcxOEhikwmbk05/+tP4xVU/RXL1MOp3OF77wBf1fECeccAKbb3bYYQd84XN2ZgWP3GKLLfrlI2maHmhgptv6zl588cX/93//d+ONN+ot+q2+Xx/72MdGyUyZmWc+85lnn322Xp+f//zn//M//3PW4//yl7/89re/Pf/889HZRffz+c9//jHHHKN/kH7BC15QO1ivB934okWLDj/88NquYdojPSf66dh5552/853vzJz28q53vUuv2De96U0ve9nLarsmJiYuuugi/aw98YlP/PWvf+239/+w96IXvch3+6CDDnroQx/qE3x0z8Poqzlx3XXX3X333cuWLdt9992f9axnXXjhheecc85zn/vc/iMf85jHDGtED//rX/86mw/0Z8IoS2Xgk04QBEEQBEEQBEEQBLERCb0xRtRGcJcAUtlqzQYMJkODDdSauI2qkP2N4DHo3VA/cVhPBDOVdlbvSdifyjl4jL94RdPhT+d9s+FiQ8IcGBaMSJiEHfeb+vP0q/ku36OssepSf6GnF7opsm5vcvWqKI0XLV1qr4u5NmhaEYytTxWwHgxvo1oUtpKJQkGkjlBCcol5JuD+oXj/DeKc+/PNH6hnYDXRxfo7QSgV3mpsgQ3MDGLrGq8Sex2Tk1ygwgneokkJqodAfdHtZlmGp5mdwqfkmC3cqTdsrR0lF/5KpaQDYmwiGz2jJHcbA30JrwTrqHCAPKjxC+yvfqz0vz7ff9+qPC+22DI2/5RsnYWEXWGV1rw0JLxh0Fu9AtDpxIX5gMDDqJJkkesu5rpBNHTRh0RCfzSg6wlHMZUVNHEb4qWYaGZj+9wx9gjFE70/YvMBhxSoIoraSXJbq/Vdxr6fF/sXxasYW8o2N+RDd84fdpCcXiXX3in+8Uc2dS/bNBjmdFKRnpnF4F7DRv83iXBRbfP4CUsQBEFsCgzUnTxsq97hj0w3sOJkamrq//v//j80dXjYwx72X//1Xw9/+MNHOfHoo4/Gc7/4xS+2Wi1fWT/ppJNWrlzZfzzaZqxevXqYh0o/j33sY9///vczk/Wj6/f6Ryz9Ys2aNaeffro/5swzz6z9oKwL4T/84Q91qf7FL35xrcGHPOQhbOH55je/mef5y1/+8rmKTnq93hlnnKF//lxQ0YnP2ZmZoijuuusuNkIcjx7mAQbd7YsvvljfI32Xf/e73/31r3/df//92Xrzn//5ny984Qv1EtU3dLvttpv54JNPPvnuu+/WL8bGxqanp3ffffcTTzzRtzM5Oblq1Sq9DDAO6f777z/77LNXrFgxipwF+clPfqLX2x577DGz4kTzqle96je/+c2Xv/zlww8/vCZhWbx4sR6Rfmr0OmEbA3QMOuSQQ/Qz9cQnPnHJkiV6XANFJwvNlltuqfugV/4oB+sj9b3TvWUEQRAEQRAEQRAEQRCbAqHpCJbiB9Xv+wM6+g8oBQc270LxsP2yHm1r09LGevhvYfuqpgkYelFmfxPeF+Ix0ARrl6WJi4/RCbvoXnD/m/PuRM7cn304gUvpb+Kr7aocLvehKBVpxdw1HyY3p9IZabwmUNKh92Td7vTEZGtsPE5SlDRIVvGw4POlNZlDpytJKMymlxjBSSQipv9NMjfGH37NWM8TVXH18OYG/T46/cOZgzLE+YBgT21z5QyFkiLeN5yRJzMGtQik0YA5h3k89FduLTqMTETPRZLEuICyXi/LMg6KkzhNeS26yYk5UHcCm/C331RAPWdHmv9VHwBWfZLtQ8v9/JvGYYtgLgFLFqpbdCcnJqJI93zJ2FhLcGH8VPxjYBVO+AcO0MhWymmCUySuA+i3RMkPhOhYb/OsZyc9TuIE3FCsi5JAzRX3WVy6LZU+4vbWfhlP+Zzu+tyRcXR5HJ2QF08ripcwlrDNB30X0lSwdCu2bCu13Z75rX8u/nEZa69mmyx9zxTv0zYK1NOZLaovG4sgCILY3OnXnRy5f+r3bhjFyaWXXnrqqadikf4FL3jBG9/4RizGj8gxxxyjy/bf/OY3Tz/9dF08PvTQQ5nxvZiaqnuPYQIOxBdy3r9Xl97BDc7EMobbdVP4Yuedd9bnfvCDH3zqU596xhlnhMdsu+22tdYWLVrETF1/VoFCP7pv/f4oIRMTE2zzRE/L8uXLV61a9be//U3X+DFvcQYuuOAC1IjvtNNOuOXGG288//zz9YsjjjjioQ996MCzDjzwwJMM+vU111wzL6KTXXfd9ZnPfOYvfvGLz3/+8yhCmoEnP/nJRVHo4/WdevOb31zbe84553zoQx86/vjjX/GKV7C5o1v+yU9+wkx61KwH77bbbs9+9rN/9KMfffaznz3llFNqe1/72tfqZ8HblvTT59E4b+j/GEHRyROe8AT9PUkSPV3f+973rr322j322GP0dvTtOOuss0Y58oADDjjttNMG7tKfHv0b9dhvueUW/dQzgiAIgiAIgiAIgiCIBxC8mvXCRsbXvnk1jgatHnhFF6Ks1MAUqX3NvZ/avz7Z0rwrVyvpq+rDBSxeejIag5QoUO2vNleOjlXlOOuGy5yoWr+4gqz+V+n22one0qVxlIYdLRU2G4Ogr+ZbhBbBYMMB8gv9Dr4ks34nPFR6WBmSQpsTNbggXbtcn6ZiVsIJLX0WakesB7GJEwLlB/6CLqgrYFGywA6ERZFQKokjqWLIxynyot1p6yN1jSGOEwxMCnJ2UEGiBnYN9/rDQODDhLJ2JH52QmsXruyDVx20YpgGpIztCmcFZ6LXy1bdv6rby7bYYhkk3wvun0pUhShVFoG8NY3NVzJdFoK7hwc7KdwNUKiVkRAxBJPATA1GcONfAlIV6dx+GE/ysSfdnGwTLbDcJETG0bmcX5nnp+p6DdsM4VGS7Py4eIdHZbf/tbj5j6y9hm3CCN4XuGU+ygX+xbCB1XMEQRDEhqWmO/FssFSdZrN53333rVix4tRTTz3ooIPY3HnTm960atWqq6666vGPfzxu+eQnP1k7Rhezjz32WP2D4ne+8x2vYAh529vedv7557/97W8f5rXwmte85olPfOJee+3FFpiTTz6ZPXA58MADf/GLX+j7dfbZZz//+c+f+WB9s/CFvymTk5Of+9znmFk2L3nJS4ad+MhHPhJf3HnnnWyeOO644371q19deeWVs8plvGfJhRde2L/3L3/5i/6+4447hhs7nc6f/vSncAvmzvSfftFFF91zzz077LDDDKEzIa997WvPOeecH//4x8973vMe8YhHhLtardbM5+oL6e8//elPvW9QlmX33nuvX6IjOtb0o2dSn7t06VL/yD/rWc/63ve+p29u6CE0K+12e/Xq1XEcz2D6ov9LR3dbr5z+XXqj/k8e+O8sxm699Vb9GbLddtvtu++++u1b3/rWP/zhDx/96EdRFhOie/7rX/9af54wgiAIgiAIgiAIgiCITYrqL5bjptqfVVOIau2XD03nqehCVD2RIwi6seXq0VUaWIXH4BJ3FV7qPAJNyfqLP3x7fI6/YD8Pl7aXRAWG0hV888/uxtJFsiLL25NTSdxMGqk9JLgvG6VMGw7ZKCCYNE4FQvKCW2UQrxoWlMYsTG2wXlfidfzGGY5ns91+tytGbw99AXTpMBY0QhijGojXMaILWURGjmL0NSLPelnRLZQRYbRaIkmSmqKKsUpwkd/l3VO840hpfKKvIlBFosLR1tQnvv+YXwNqICZdag+IP7Isn1izRhaFbnV80XiURP48Y7ui3xSBPgbvMQ8TeNwo8Pk0OUuMYc9gBqTq6lFEOWhumg0NHFYoXD7Q3uLJ8afcGS2ZnzCdORGJO3nypizT/6i9G9s84VGS7viYjPH82vOYKthGYrB5VPhJodwWExGliaTI8jzV64Hx8O+jioUUQRAE8UDh+jvkR34xfeqRY+HGT/2mvQEUJ5p99tnntNNO22+//ZYvX87WCf1X2bve9S5dP9Z1+oEH5Hn+3ve+V9eeX/e61w1UnFx44YXnn3/+1ltvPUPsjv7Ra6EVJ7p99NUbhWE+H5s4xx133LnnnqvvyNe+9jU92zO42lx22WV//vOfmTHD2HvvvXHjrrvuii/0LZtBdHLzzTfjixFzmkZh++23f//733/IIYfMatAyMyg6qQUG3X333ccff3y4RY/6E5/4RP/pP/zhD/X30fOhVqxYceyxx37uc5/71Kc+9elPf5rNhdtvv50ZtxiN39hut3/1q1+xOfKnP/3p3nvvPeyww5h5Hj//+c/rFy9+8Yu98GXPPffUN/f3v//95Zdf/uhHP5rNhf/8z/88+uijh+1duXLlq171qoG7vvKVr5xxxhn/P3tnAiBHUf3/qj5mZo/cdwghhADhRs4op4gYuZEbOURREFAQuURQUEF+wJ9bQEBALhEQQYPcCMgRIJwGwhEg3CH3sTtXd1f9X9XrrqnpmdmdTXZDwPdhme3prq6uqyez877zfSeffPK+++777LPPwgsRtBBFJ4cffji0GQ7BLEyaNMmcAm+GTzzxxJkzZ/bv33+vvfZiBEEQBEEQBEEQBEEQKw+WBYPZZR1RVIWnmw75SSvLRypvSHKoktZH2m3oSUzRWC9wqaLVHL0Vai4aN519HgFLW3PDKpKLLrDVAMnvSlxW5x1RHwjnl3Rksi3KIcJx7TQ/nwPJ2FbZzDC0upAcM6YwdMjQugOUz6BpjVNRVjAUP/RwkmRFe9RsS+tcYzkGz5zqFQsF5RTCuesqlYmrRCFCTZZUMhOuPUVUBh49fyrcHuhsSUEIP0QvL3MAABAASURBVIyVHMdzXfixBjEZUMvyJLkqjq6sSEswpw/qTjDVDo+bV60vsXQ3qXRXKBDjaDekM09BgGTpkiUQgQhF2NLaksvm1JEYIxtKckFpYwo8plU1TpwMC6vkJhuW0pxInbYKW1sSKisQVKxWs+vGTi1e6fNSnCAOL/n+OUFwPnxgzr6w+GM3cfsPL79ylyx2spUJc9/GrxpacQI3QlgOMLE9rHB9rzipdFEEQRDEl4+X3hXXP1U8fKscPr15aumx6StOLrn99tuz5QPewDRSnAC33Xbb22+/DRt33HHHe++9t9lmm2266aYmJ87UqVNPP/10eNt46qmn+v7nmdrvmGOOef311//973//4Ac/yOVydcssWrQIQuPbbrstJhL6wjFmzJg999zzzjvvnDNnzhFHHHHeeeeNGjWqthhMCoT2cfvII480+9vb2ydOnPjGG2+89NJLTz311FZbbVV7Lry5veeee3B7/fXXZ82BeghkwYIFdcvstNNObPmYN28eKjkeeeQRO49Mv379dtttN7vk+PHja09//vnnn3jiCVilu+66K2uaAw444KabboIhffPNN1NmJ12DRibXXHONyRK1xx57DBs2zGTkuf/++y+99NJu67nvvvvOOussuM1xkP/6179CzdDl/fff3y528MEHQ7HLLrvs+uuvZyuEhx9+GN7fwgtC7aENNtjgggsuOO6440455ZQbbrhh9dVXL5VK8JY4k8mcccYZcIeef/75sLp6UdVEEARBEARBEARBEASxDNRG6O09XUf2ZN3qkswvZiNdeSXIrfdY2gs78thMA1gsvWBVp7D0Ux3o57b0JB2yNBqUpiOZdvA+rrhxNhtjP4EtM7uXWfWi4/pKqyBFBBsyYkGpWMwXsrmc72QxF4+UFQXEigjQ1hNqmF5rlYVeHa7jRK7jKoWBFFqp4OCSSLQoiZtMj8LKy5nmO84Fw1ADYXZVXyLOJNPsTeEVOguZjO+5rsNc1/OgcZ7raV1FpCUcXEQCu4uJeExPAkXZcR3fhznOchTq8FjII+KrqFWHnZaxtkqtQO1poipxlNRDZ8/RWaZ0LiPBpMNY/EVhfSdK626Jv8yqBCBcog4MRT84qkojosxPxNIlS0qlYr8B/d1BTiabUT4uQmpZihu7oiR3ZKRkJYn5iqpf6MnWndayEtSlaEESj1iku8+iSJSKZTgfVnNGdVgdbNvhw89RcYIo3Yl3ehBeBpPLvrA4A8f4G+5Vfu5WJrv7yrjsydEkQZZM7+ueigcO0ytAC6fg7oiCMCiVw0j9Bzsh4uXC/eQ4sXYP1w5BEATxZeSe50PGlO7k5qmlO6cG7EvEd7/73c033/y555579tlnIdh/7733ws5Ro0ZtuummQ4cOhXg8vONCEwv2uRKG4SWXXPLCCy90dHRAqLtumauuugoj5bZI4ovFEUcc8cwzz3z88cczZsw4+OCDjzrqqHXXXXeNNdaAdx35fP6NN9548cUXr732WhgNprPD2OIM4MwzzzzkkEPgjfvxxx9/5JFH7rnnnjCJeCiKorfffvv8889HN5EtttiirrFNXWyhCaae7Asef/xx3IBVN3nyZGPcMnjw4BNOOKHrc0ul0tlnnw0b3/ve90yXm6GtrQ1G6eabb77xxhuxhlpg5BcvXoxXwT2wxmCOBgwYsPHGG9s2kPA31PDhw/Fp//79u736n//85+uvvz6bzaK2DCb9ssvgjT37wQ9+0N7ebpfcdddd77nnnpdffvmhhx765je/yfqY11577ZNPPhk/fvzqq69et8CkSZOOO+64Cy+8ELoAqw4adtJJJ8Ha++EPf3j00Udfeumlp5566q233tqFWw9BEARBEARBEARBEMTKBtqHVJQdGGqsyD4wRM2bCv87Dob6Y8mGjEUDqhae5E+I7S7sFlhRf22WEWcBiVuitQGOq7LOJOYOcRoGHuemUdH6dCYgDHgKdGFgVVYhFW1JUtZSzaAZhLHksDttS2tiWUWsbDASl2ZCprImigvdq4RbRfJ/yEudncVsxs/4juuI6rNQ19GMLbmQDdvRbUPrwlGukIypA7gOj1BJIUyWGCtjDA5M4pXBHFkVHK8X6mbNGbvYKWXqH2eyy+nRK79KMlWnumTbC0ol1SHP5TwjPAGfivqeB0vMcd1IJakREY+kUKll0L08MSlRFj1hEJRLxQ4mW1uiTCbrOL4RZ3GnnlpAyvi+Q6mIyqkDF1ILBUL0kb7HlO5ECT14VaKdSovjdc+4sBedxFvUaMEki8IoH+ZFpCobMKC/29bi2Dq1eBzjxDssMbJh6JiiK1aZhoRWocjE10hpcFDuohQqMD7FQhEGKYyymUym/6afecPdpKPyv9PT/W9pESOGO/37XpXiOEtc97oo+hH7IuMOWtVb55vRjAdYL9G8PqzOPwxJKqbkX4Jkt1DOOnAjFItFrcIqh0GoVHWe58I95WqNVA90aQRBEMQXjHueD598o2P+UvYlA/4pXFuDYoVXX3314Ycfvuuuu6ZMmYIFhgwZsmjRovnz58MG+/zwPO/cc889+OCD77jjjm222eZrX/taqsBbb70FzW5ra4PgN/vCMnTo0FtuueX3v//9Aw88sHjx4v/7v/9jeo5g/7x588wbZnjv+qMf/ag2McqECRNOPPHE8847D960XKUZOHDguHHjlixZ8uGHH8L8YrGNN974wgsvbD5d0dSpU81bpu985zsffPAB622ghVdeeSVs/OIXv7joootOOeUUaGFKeNEFf/rTnz766KMxY8YcfvjhrIcceOCBt91220MPPXT00Ucb2xKb8zX2nmeffbZUKm255ZbL9g0DmJ1CoQAb119//ciRIy+44IKJEyd2dHRA38Mw3HzzzWuzI8GFTjvttIMOOuicc85Zf/3161rg9CI33XQT6869BhoDzdhuu+1g+9NPP83n8wsXLoRteCV5+umnp02bds011xx77LGMIAiCIAiCIAiCIAjic6La10Q2PGrZc/A4v0sc4o73Vs5Ikqd0d0UMRDPMyyGt3VoVYuLemKDDbqT1TMsUHIyTsyqTilgJEjuSGDsUu7GVRA2xKkOF83mlhqquJT4ljFniDY6+DSZ2nkhweDorTsV6xOpJKkVKo+FKGsGTKlRKGuN3oS/OletFGT5Ny3u5tqzvZlGBUF2TU6muWZblYz3rTPTZiD1IUIegsmRohHK3ULoTlmSPseemJsdTN8PU5CeQtkaq68bLejtZspjSe+o1w5MyCoISkz5MGHTY9314cLThCTyFTz/VKISR0BoLY3biOHEiEYiyl4pFHuuhuLFYN3ZAjkRbEWbntnFUEh9pW+tEqqReOkJArF5INeI80Z3EEyPN7SMrPavuEldGJvHSh1nNF/JinoAPaiUb2NraqqYU8yWp29ERMlJaoaSZKKbRAiSm/4fZd7UWSWJeIKGVN7pt8fVhT7lcVoY4fmH4V6KKEYtgt925JavHmDGfHrz/B81LTxYsDN+b5YxdVQwb2gPnEtd5Ioq+A0EK9kXGH7uJ6FwgP3iefV5IlqQJSx9B8ZeMYBEJuDXKJfgPfgJYbLAqRDbrCV/fTbyHL2cEQRDEF4wvn+LEAP/AvfXWWy+99NIzzzzz/PPPw1P4p+0b3/jG7NmzX375ZQiKX3jhhRALnzx58te//vUmpQBQCYSia/cvXarGccmSJZigJMWAAQP69etXt8JBgwZB7P+II474zW9+c9ttt6VyBp133nnwzzIEuZs0uth33327eL++55571u5cMdn0YHjPPvvsLbfc8sorr5w7dy5eFzeYfie82WabHXfccSmPE8Pee++96aabXnzxxU8++STTKYdgBs3RcePGQYE99tijUYqibhk5ciSMs22LWAu8RyoWi6zLv4iMAga54ooroKkbbLABNA9WDszmoYceevDBB7MmeOedd2688UbYOPXUUzOZTG2Bjo6OLk4fMWLEN7/5zfvuu+/mm2+ua6IDg2Yrrvr373/55ZfDxiabbNJFtV2sloceegg6Cxswleeeey6sZLgpjjnmGLgjYPu3v/1t3XEbP348DMgNN9zwi1/84tprr/W8pv5euPfee1977bVGR+smS4LyDz/8cEtLyz777GPvhz+FUiXh1QA3pk2bxpK0R6iP2X///dGxZsKECYwgCIIgCIIgCIIgCOLzoM5nLPaeRvYVWIQ3rmSZqPZfQElINzVzy0TEbof6LpmOdeu0OlJgsFtWZfCR1bYeRkzTdRt1SZlqQGoAZF11R8U8xbZqaconoCvZReJ5EoWi2JkvtOVdP+v4TmwXk1zw8/AEqFKQxJOL06RlFbE3h4veHLFEqCLQYUY4YexnlrsTaUlF7cGmaGa5e9qDRyUJgY8MYQGiu4mn8u2oT43REVpljgkjo7rQh1TZjJ+B2YNQexCoRDPaBIRVfdbJE/eR2Nynst6MjkTpWpQIhGvpj4R7Qt0H+r+KxiTletJoaBKFCgqllIeKYAX4dHuROhQNEi0tuWwmA+1XeVGiSOuJHCFCq70oj0KhmrKvSYxPKstCe7HAiMl4bcBn6EE47KtLnExLqj1tbfn9vvMqbochW7DQe23GqFnvr3LDzd5Pj36fNccHH/K/3b3F7rs8P6wnAhIYXc+7KgxPZ19wMmttV5r7NissYr1KNwqxWolJckLVK6Z+mYYFn8lmlaE9h1mOgiDM5/NBOYD92Wwu16IzTzGCIAjii0r/VrYkz/qIAW1s5QH+Lfvkk08gwv3hhx/OnDnz7bffhkdUCQBrr732DjvssNdeew0ePBieQrEpU6ZA6PpZzTnnnLP11lt/61vf2mabbbrOnbFw4cK60g3kdk3t/p/+9KeHHnoo03pfE9JONX7evHm77LKL/UYU3v7BP8qwcemll6IgwJDL5R54oI6b2vz581lj4BKsV8lkMhiYb5LdNYsWLXpLM2fOHJiOESNGbLnlljgvXTBu3LiLL74YJvf999+Hx9mzZw8cOHDUqFGrrrrqeuutx3rCwQcfHASB/af1FVdcUVvs0UcfXbBgga+BeYF1AssJ2jly5MhUyddee+2DDz6AYnfeeSfTEham08r87W9/YzphEDzut99+MPsXXXTRVVddBU8//vhjWBL9NCh4KmomT5684447Mr0kVl999dVWW23SpEnmQjDpMGi4RP/1r3/B4zrrrMMadxMGeaONNqp79LDDDtttt93M0zfeeOP555+HlsAE1Rbu7Ox88sknW1tbH3roIaaXX20ZaC3TTiHHHXcc/LWyePHiY445BqptaWk5//zzu1BNHXHEEQ8++OD06dNhFuBOYU3wqob1hGuuuQabZ3RdqCaZOnXq1VdfndKcwUy98sorTzzxBLNUOGPHjj388MPvuuuuruU+BEEQBEEQBEEQBEEQXzB6KECxTU2Y+gxTaLVBErvs3uSC2WITY3ViR9JlxQFFNhAMCHN2o6wp1sXq7U1bm1RVlJZLcN5bXlKVAAAQAElEQVSDhBT128CrpAJaOADPg1K50NGZybVknBZHJaAwmU6cXlBs9LyZlnAktj3RG9xRmgSOUolY+oNqBmmldeltpOxeLFKbzamrCrs86unOKTUJ9EqFzMMw9iDJaEkGupU4LvfiAULdCYTaUbfBmA9zGkKkPQxYssbRJca+tjKLkfbi47auSlvLaM0RXkJKdbpgkYxsjxNzbtyxdOop4/bDbHceZccShosXLY6ioF///oMGDYDPvfVSi0xGnjq1aFuhWFGmPHtCnshZ9DpVvkWYWEt1JBsN3LBOfMXzwjUnVH3d8KtbfnLxH1pmfzZswcJ3Bg/qgXPJMuDwGYwtgWAZ+yLDXd8dt1k042HWe9S89DUsw6rXsF0A9U2eUmc5GY3yOymXi4VCOQhg2ws9uFkg4AGLuR8jCIIgvqiMG+68Oks0fHO+zOgKVx++EukSDzjggFmzZtl7IEi8wQYbbLjhhltvvfWIESPsQ2PGjDnqqKOOPPLIF154YcqUKQ8//PC/Nf3797/99tu7CJB7nrfaaquxHgLV4ga878IUJLXAP7iBJrUTHkulEuuOxx9/fNk8SyCCPnnyZLYCgaj/FhrWc1bVsOUDVSDd8uyzz6JqxGannXaqzeDz3nvvnXnmmXYZeIRFBTOyzz77bLllbB8ISxR6fe+9977yyiszZ858/fXXay+K4iSmZVI33XSTUU0hcMott9xinsLbuF122YU1AGr461//WrsfVuPIkSNbWqrk5m+//TbTSWTMWrXJZrNnn302SqCAb3zjG3Uv98c//nHTTTfFp7CSFyxY0NbWdtlll8E9yBqTy+VOOeWU4447bs0112TNsd9++2211VaNjr777ruXXHJJaucvf/nLyy+/3LaZ2XjjjVdffXWYu6uvvrpRVTvvvDNqU5Dvfe97+++//4ABAxhBEARBEARBEARBEMT/HpYcQaWHqVJpWN4hPbJRqVZjVD2DSD8qWhqciqHOqjY0fdF0UZSA9O4n6DUXreqbjvKrlBSlfL7Qmfe8DHeUj0Yi6OAyrajpcywjjtR+nWMHIspCJdCQLIoTEmkZCktlevk8kE0USJLONCzjeY4T5z9SKCOaQkHFymEufN/nDs6Ng5l3YFCUo4OukvOM/lg/9KVKqaPMUqKwUCxALRntJpLoieJ7w01nn4p1JypXFI+9TIzwB0UwUAXUijOR5NZJ+9IYd5OqnquaVRoqJqSjfSaCoLxoITzEypiM6ouWxcjYCVyn0Um8UpRnixRoa6LH2XM9XUDAuUIDK0PqRsLRtnFF7nX1pV6D4/BRIxfMmze4o0MOHlTZ//bM8L33WxYtbll1lSVrTgiHDon1KC+/Gr3xpjLufvudIeVg0Ve3CH1fNTufj955l818d4DnReNW61htLOvfL+1nDkPiOFOF2Il9wfFW2Tj64GXW2cvfLbbDHVXyJdvIyjLKqqRSM7JBGGJXqaU8B4a6BRaDhyKUfCEIA7gfCvlC2SnCThKdEARBfHGZvH7m1VnFPnq/vOtGGdYHwBunMWPGsERy0SQQTn7wwQfHjRsHgWR4XGuttbqNDWNWF+Dkk09+5JFHpkyZst1229VVnLS2to4YMaJfv34DBw6sFSI0D/w7+9xzz7E+oGuDlq7Zc889m0xr8j/FLrvsYiswcrncNttsA+uqtiQsIVQzwArZfvvt11hjDdg+5phj4PT999/fLjl+/Pif/OQnuF0sFhcsWACP5XI5zm8oxPrrr28Kw6SkHDigScYSBjagPal8TM1wqCa1c7fddoPboVZNcv7558PSgpacccYZ8+bNgw5OmjSpkSrLKE4AKHPhhRdGUdSMD81WW211+eWX254uCLwOdHR02H8oDR8+fOLEiXChLkQnw4YNgzIpcRLsPOuss+w98PJyxx13TJ8+/d13362tBKZ77NixqXxPKNRmBEEQBEEQBEEQBEEQKy3JBylVViLVMoJUtLoHdaMNA6vSaJi6pUwcQnhz1iCWSEWlEuEuJtOBkKbDms0iUlVf7Tfyk4Z119E4cFpHilL3TF7d80btkZVMJLGgw4k1BipeH0VoFVHKFzO5fGt7uyt8LeVwMP2KdnP5fGQcWnMh0fWDKV8DnUdGqIwzwuEsYknSHUzBgrk1WJyRJT0sxkuhxyGKZk6QdYvy6hLcKtnF5Z77yd4YUEcfGiHUIPi+Bx8UtrS0+L7PML+QFuagcwN8+illhJlxgEDZnCiLFKH2S9/PxDbavq/0HFUKKWknMZIi3onX1tViK+K0O/jZsWqRlnekdCdVOhXO63ZWC7hU6yOhKnddp729bciwof36tcEnntqpSEinUq20wXw/epr1VoRSmMpjolMZscuSIZu12teFrpzxm80HDFhyyglv2fvDUF50+Zph6J368xk4FEEg7v7nwJdeWct1o5aWYkdHG2x8Z/cXvrKxetG5+rpR738wSirljHAceerPp7W1ua/PCG/56xbwdMjgRZ35ls5OuLTcZ8/nN/lKOrAUiXW+BBl2gPynM51X76h7qOtXzGqnpWSjZqlI6xd6GfH0MVYlOsFX7cpKqawfWBilcjmA/0uloByEQQgTvcr31bdFR4/qSYYkgiCI/z2WdigbgH7trWwl41d355XZSW+z6RrOGbutdJ0lCIIgCIIgCIIgCIIgCIL48vHJp+r77ftdeHf6QJUwolZ5UdF/pOUAeCLvImIfP0+XTAQhaAkBP5UAurRKVkfGa7GC5hi8tEPtKuqvVA5RZNKsxIldKudU77HrrNodmYNx21IGKlwF5O3gKpZNt1zWRGi7053IxAAkzgJjJaPRKVY4Bmlz7e0Dhw3vN2Ag9zydqQjlLwJ1AisGnnixxEKCMELFiVLBaKVRFIbwE5TLYTmAQsp0gzuqqao8qg7i1opIy22M6KYeThOSEhmxusoTmW63VSpefVVOIl3oTeySXvwkXtn4KIIgZKyIQiHP80weHPQ7YUo8oRaT67qW44gb4nhFoVA1BFmN61dOtzUittkJ1oB2JjgBpjDm2RG8clalh+nOGKVPBcdx8XbFTFhwZ3V0dMJmFEX9+7dD8xztXOI43DQGvUywJtivtuMkO6r7QgjTHe66qI5pGenWHegw9N56G41h4Irss7nZ114fvWhR/z12fcE0+5HHci+9stZXt3zt2zvlYaQXLAxvvGXNO/6+xYABz4xf3f/R9z99+dWPbv/blrvt/MKkLeAUdaG7p2zQ1lY46oj/YoKeDz4Mrrp20kP/nrjJV95KNcDhH7EvBU7bYLbcNCOb48mj/U8Kb3RPV4yuULelFgyskiy+TOg7xnPdxByIIAiC+KLys51aLriv8NqHvfkOdb1VnZ/s2MIIgiAIgiAIgiAIgiAIgiCIlZka35Faj5OagHWN5KK+54f+T5+SBMqtWKaxv+ieSnoWrlUXGNxUihM8zOKv1FdaEse769dVlXanuglJ5pqqftW2VMtn6ike7JO7i93yVAFLtQMxWQjsY/KTsBx0LlnS0taW8X2p4uM8FN0ac/QVWpggIi33URYn3JGWaIlrsYlMcmoo7YFWz7BkVJOsML3Qfllv8ciUi091iboLW9bxc6hTEmLiXChNhu5DpKqHJ0KE5XKEQ5DL5bxMxiiwoNMu85gT63SUQ4/DhRZosDKPx1G5O8TmIi28BXUqamHFyXpwuPVqSxQn0GAYfNR8oK+JFnW4sf4jlkOptWPnwTEbtXdyMlo4RVxqBQCcXC4HixYv1tKuaODA/i0tLRnXF7GPhdHExA3T19Lr1XEqF+XoTaTlOUK9BGQG1jdU7+xsveHmtM316NGfTVgDBlqdsmRJ9NQz67W2Fnb+Vh4mAvYMHuTtt/dbl1/11edfGDp+9cW1dRaKYvjwBRPXmoOKE2Dsqv5qYz99/4PRYSg9L7U0iqxvKM98O3pnJvd8b+JEb5UxrI9xcv3C/qOdJZ+w5abWEyeZ1ZqSDWow7lbM3tAeSHhzutzFlQxrA1a1GwaMIAiC+CIzqJWfvXfrIzOCZ94J3v5ULO5ky8zANrbmKGfSGv431vEZQRAEQRAEQRAEQRAEQRAEsQKJPQxqdQymQPUeow9gzeo/GmBLOTiGFZUsQ3kv6BCjiYnjUdmdC0jSKpOoIQlvV/cOvzjfuIbqBpparadMp+vRxht2OJ5bcpQaeYlMStUTKzTVtdQp1RMV28GoodPamjAqdnSW8oVMtmUZ6u8VLGMcpgQnypJAcsGlI1GVIzkqThyG02LrTgQmXklViYNc+1VY3lNVSnr0jO6onu5E1i6AOgqTOijRCRdaOcVUJiTVzCheymEYFvIFEUU5xnw/Y+pzFBkt24gzzvi+7zqukp9wrlPuhKg+KZVKeBbapVStuLi5lRGpGJ/wWM+lPUjilDGxDxATtt2IMUrpdiw5cySL4FzucGhxZ2dBpQQKyoMGDWxvb3NdT+tIuG5/aKpUmjKtw+LKgYfrIdK7YssW5YoCh722+k4nbW35ffZ81TxdtNj9dHbbtBfXvuiyoYcf8tz41f0PP4Jl566/7qxyIFkQD8XAgW5LS3Hmu6MZqyM6ack5Rxz2Gfa9o0MsXCQ++Cjz6ez6eVs462W5QzRvbun++8R/HmVBXDPcMXyzLXMHHeIOHMT6DM9zy6M36RXRyTIgZf2UY7Eg0Fj4oGwQ9zkc2gx3hgu3ieswgiAI4ovPN9YhpQhBEARBEARBEARBEARBEMQXnjjQXG8/tzJ1VDAqiqSgfU6zCoDY08I6UetOYl8EmUgprBYy1jC9TiJaQI0Fxy/Iq9iliE0WYs+MGpsW6+zmqaSIqLLisDw8LAVK71DHE6WqPRjZx3itki0U8/lsW5ufzeqR1JKAFZddJ26wnWRHTa5XiRHj0mKJhsYkQjL7WaXLvTOEqZm3NBmNUnykd3SxSmqXpad0Ig4TArrkakEQbDqYwAkGpByUQiUtYa3tLJvN2uIgLT1x4GDSDC69igokEhFTmWfCYlGZbeRyOd/3tS9QVTvt+zYJ2UuWOAjZo8zQd0T/Z8tfEv1H4x4bHwsUB4g4iVWhUEBVzeAhg4YMGeJ7XqiseLBOk5tKPVVXi7QZixZMKUmStOttCFS59lopE5T8WhOev/m2Sf96cPyxR344d34Gdj03bZ3npqXPhaFtVO2CheFz01qnvbhmPq9s+TOZkuv2+U0jYCL/crP4z79rD8lpz5bHr9EyeRfWZ6hJaRnGVghOky+0WhkVJwOLc4Op9Do6aZleuq7jcV8I1/M+Bz0dQRAEQRAEQRAEQRAEQRAEQRAEQRA2xtegzjGtAuC8EqDWMgLOKmYhJqKdrlDIiDVFVc4TmToS18iagVfZUGDeD5OgAQPZjkrlonKCiHrNaPZiSX8TF5W4Nm7qkVaTmvNnacqMxMhzunBqwakS2j2gWOjMFdp8nb9Fp1xp2jCm99CCEnQrEFIIRziSK/kL5lEyigh06pDaZsONvU+MzUGsSmlAz5wOsBRBCQAAEABJREFUOK+zXetuEjed1zm3+fHzXMeFqVLyEdUvhwvOvEgGMtJd0l4mQaEQ29RkMhnUebBkRMz1tVCq4krCLN1JqVTCnXA6d1zWwITFSuCjCmu1B7elJ+hxEuk0PGoaEnlSSv5TWT3pUXAw3U5iDcQDjd52Bw4c4LoOg/apnD56LerbBhVJHC4No6TkJgJfDKBY3DbGhYBRbPKlhE1c2/W88LPPhkr5Aa6ZTTZ+c+21FqVHQ7W+Ttaez+aEl1+1OTRn4w3fWWP1xUOHiuHDvBtvHTHznbG1hSXrnS9kl2e+Xf7jH9j8uZVdI0Y5E9eVsz+Rb86AZ97E9VgfI90V+uVy88JpVpGw/hWwhEw8leAp1q+hOYrSMLmcNCcEQRAEQRAEQRAEQRAEQRAEQRAE8XnDq/w4utEk6PAfrwTk6+ffaNrppLraOPCoMqigsqVORQ2yMciGreCxBUgcyzTRfF1PrXpDWklyOG9UN0+GS+gItqM34u/j128SZ3UHywx3VXC/YVaTSuYgluRTid1b9C9jEoHHgmKpmC/kWlrdjM+duLMrXneiGilEFIQCpRfKsYDbcWS9h8UWGOhwo/a5SiaDkWnJukmK1NP2GAUJq68yqshcahIlNSkkAjyVOkh3AHVd0E2mhE+RshSR0kkyzpRKRZQFZTK+iqPr1SUwJ4/rOVpkAivMk561qmSkRyoSUbFYRE+ITDZryVaS7sWtlrEFDnaOOTKKLBMUXQTNUgSLuEQNSmW89JSYx2Rf2oYGZ1IKVAWoO2HJko4wCIHBgwdm3ZyjZDGq/+qGgdtGLQRHy9gkj5NWKXEUPMQvL2qwco7byZpj4aIoDL2WlgK0c9iQMuwplvwN1qtK0DPznSCTqX/6c9P6RZG7z17TNtoATsEftnhJW/3SMgcPpY8+Kr0/K/j4o7BjicwXRb5TFApKadTSyltaHPjp1y+zyqq5cavnxoypraP0zFPBNVdUno8cnTnk8Mw66+IzVVW55A4YyPoYwd36N1fXC72JU3gXRXi1Qq+yYYRNklsvkcKu2ThK8V4zkiIIgiAIgiAIgiAIgiAIgiAIgiAIYrngrF4uDdRnqK0k0hw7ULBloaIhif0rYpEJrz6sJAcqjM612KDbCD/qLdIRUAyOq6wmGIDXVQqdeCepX1WNJ4uK9KYqDlq5AEvkKwxFEJbWo7o8tzoijX6lp0jWxInxYOF13DiOLxOpgA7elwuFYiHf4rW7nvIyEOZo/SukRAS9hvLOCCOlaAgFcyVzmMmg4rgwF8rYwpFcRBLz7KA8Q9vSYG6kShgaz7LMZJIV1YQkxYiP0qqe9NoxAiBrnOyN7i6DeNxxuc5c4yjHDqF1J47raksPNT0cV2MUKt2JFi7llGGJ66C5Cd4jcELSQa5lENpQRDclikIY2hAeWYRDk9W6E5EoQyrL04kD/ByGX0idxEYw1KJYMX4jypKsygEplakH+iKTEdd3samEc1nxaNHninyhGM7+LAjCocOGtre34TnadkiJTiKhtCd4fUcLUGCt4IsRXAf6EgTDff8d1gRhKB96ZChsrDvxA3gcuyrPZMoz3xkThvM9L77EG2+GN9761UlbvD521XxlvmJ/FpYvqJukJVeZ4Q8/CubOHVL3ckuenjf7/+0VG8BUcg3Fa9TeY7J7ZVafkFtr7bYNN27fYEOvvb346CPhzdfF1fm+u9teLbvuYV/CaWlhLS2s7xHMqWsYtNyak4bFKqDRDrfLV8nieJJ8y95jltyy/UNEEARBEARBEARBEARBEARBEARBEEQvEseXVSha6AQ0nBkHBGksPeJvnetNywykHhgPdLjxF4iLoneDtSN2Q2DMXDD26pDYDB2tTQtTeNqMpSIAsfZLVJeoo9pPQaKaAe0fYhMVnaaBYZCY61wf+gIOTxmQ1IRjZVSdnaeimbGcI5RSQlYPkrQKmwtX7FQqUWvrkSWGAGaYalpjtjBy62AftROGCEqFUrGQac050o2FDJVQ7bKLS3j3oWTTNuVtIkMhAuWsIXkkPaGlEwzTElUSv0DcW0Toc8LQd0MJNiKZqDNYZXgqAyFZ1aB10ygnbYzArUpQGICaJGaNjqzxYuCsThIbWxuDeFjIdeOsN2pCdLYYJbLhLIpEvCwFC0plKWK3HD+bVWlDjD5K5cJxBHcCGcCG7zr2taMohJJBEEgZR+uV7sRzURriYsAe810JtIrQN6YQOp1NpZdGUwIzoFooZSrPDmOVDDu4YVxVasdZJuIxuDZ0slgsz587P4qi8pBB7e1tmWxGmb1AGxxPdQrLJrKaeCmg2AXOLW3S2lpHdJLPt/zl9ooFSL6Q/XT2kHy+dfToz7614yIY9fZ2d4ftp9//4CZ/+vMq22/zQVubnPVB5uFHv9LaWthum6XoYjJ8mOrd8y+ulsm8t9EGfPy4xa+8yu5/aI0wfCeble/Oan3qmQ3791+6ZEm/me9E41d3MpnKi8HihzphsFkioKsoTvTIm+VqBg36VXxvJvwsvH8K7BkyclQ/pTTSnR8wMPvzU70xq7LPiRXvfUQQBEEQBEEQBEEQBEEQBEEQBEEQxJcGWSdPBooy7DLGwsPsSp1RXXg5SBL3xNYSsikPi7QMoqL8wHA/T3IC6Ug6S7L52KfzdEYSrEA2vF4Xje+qSLrN0jpXx69rTuy2+9W5Z3S1KpguBReRiMIwyVEjTQqjFYZqjNDiBZ3ORWkhokgpGlAcw9HLQ6sXMHkLi4UZsfbAnhmJS2LZ2y+73c/rKHt6dD27sKd1M2oNua6L6g3t4uJw4SRSqVinpBLlRGGpqDqZE8LPZjw/wyS3DGFcTyfTEZF03UTPFRvDSD28Ualc0pXxDPznOMaYRGrFSfKUxb4+iXGPdl5hsfwFzVTwFSFiwokVV7b0BHUwUlYJr2xblMqw6mphLqH9QRjMn7+go7Nj5KiRgwYN9DN+pNokPNeDFWGqkVo0JWJxmVodpdJmUt5RK7cKAv+/r00wT1tbCyOGz1993Ftf3zYw47PN1yLXmXb/Q1/58y2jcc9aa77/7Z0+HdDfw6ejRnrrTHz3zbdW+9vdw9Ze69nNNnHe//DNF19a++bbhsHRfv06DtjnRajsL3dsfOOtk4496pnRo2LRiQxEfrrPYl1cYvSS6EuSTVaReKl8SZWjA3M5ozgJW1r87x/5OSpOvtCs0BczgiAIgiAIgiAIgiAIgiAIgiAIgiDqkU5coCPhlukGr3eK2VnnqGXeUXd/V3DOLQWMxJB5bESRKEjqm0w0qM0+itYMiZWLTuYBsXOlgVBqDG0p4Sznd/67OD3V7KpotVWm9vxm4qomQ4oyahHKKUYKVBFo0YmIkqxIsQWFfU5fkVxKKj8OBfp2wAb872nDDlnx84AGqxmIwliBoFQTUsBDVJEkxCNY63bTk0bVO7EHSqFu669U4VVq5dx1XaM+cbgreazBSZa1WglhGGpvEdEKy9P19HJkZsU6nisjNa/chRqYb10pCsJIz3QpuUP8jO96cQO0dVCslhBwOqz7iIlKDqHE1UdJTLR+SXAh9N0SqROlFqwYKxTTJ3NDssb3tuP4Qka6gCMiUSqU5s6ZCytg0OBBmUxGi4+4rRhLJjiWGmn1Sz8h13H5DFOn6/JzzprGGsLtYd/qq2zTTV749NMon3eGDBEjR/ipeTnkwAX5/FxYde1tSqqyz55Lt99m6rx5bNgwNmSwh4VPPuHVRYui4cMqJy54aDGLMrHHiVGcJIq2lMdJnE4o2SOkHJDLYT2dpdLs+fOjX57U/6vbrHLY4S2jV2EEQRAEQRAEQRAEQRAEQRAEQRAEQRBfQKqixk2lTuliJ68Ovlu5UJpvDK9OOdNLxPU5nIuKeEXpTphwtCrAZNNpRiLT9ZW6Pm7i+FVd5MuqBeFoYlJJsBOH7IUMyqVSIe9nPMf32AoH3S4gFo/heG15onO2cJMvSUlhTFInPCdJ66TMTpSMJhFmJMYgrE7Oo5UhQ0i12sozc1xZTFK5nEiPx64vQnA9QCrbDA5UFJWKRXWIMz+TcR3PcbRvh9LloIRKzaLDMYNLosOCSqJQREzrTkq6mMwy7iZTblJdOWgm4zCTy0qboDDtMJPIR2DMdWMcx1FHHVeIyF6piTaNmaepdVzJFKW6r5MVqRrV5Hd05FHmNWjgQD+bYRXvGqOI4k6csCa+RBj+yPF/tsz3Yy7rrD7OqR6GKlpbq/YPHeINHZKuYeSIyooTZTH/NgeHXlZ7nOgcZJbfCSbzqt4D3VpcLA5saVlcKMzN57HbS555An4GfH2n1X70Y6+tjREEQRAEQRAEQRAEQRAEQRAEQRAEQXxB0NFs4wiiA8SVCHIqtr9cOowmZRyW+wO33UDS+ozlawNXYgYHYukMk4dIFQjnEOB3PNald0NvUemLJTRZrj7qFqOxglJlaF2BkDIsB4XOzkwul3VdpTlgvHtFTK/AlamD2tDaF51Ah2GiHZbS2VRpGGIhhKs74nouY14YhjzJJaP9b5zauVkpRCca0w6vIjdJEgSpFaaTvzj6UBRFKhUSrD+hxAnC4dj7YqGgDU9kLuc4mGpI1wJPPE9ln4nCEOrwtAAFrwHnhyyK0/SU8Goy5+S4TrRjvDdiCYjlXIJiK2bdcsoDyKnoS3DqnCQRl0nHZS/WlOLEuBVpLRGPtEJG+9y4QRQV8oV5c+eLSPQf0L+ltcWJB8kIjfRw6abpTDvAcCE2dN1X2crB/HsWRUuzjMUZc6o8TiTjtr7EzrPDtc2MHrT5hfy8fJ5VjHfijDyLHn1wyUvTJpz+m35rrcUIgiAIgiAIgiAIgiAIgiAIgiAIgiC+CDiOrSyJ9RZJQNnWQPCeeJYss2UHY4nTCZdcS05Qk2AJQSpB7fhZaruRXiSxUmCJj4qKgpszVdoTFeSWal+1+KOPBCiVNES9VH1Vm514rJT5Rb5QbitmshmV10WHv7lKwiMtb5FKe5pRbzSVKUkmNicoFsG4ulA/EHzHHECmNo7Kg0T8pLUpwvU8x4XJ8LQqSMZpnWTshLLykjTOqzJviXUd8f2mczk5keuEQajPUJ4iRvoB26ViUbBYF+K6HkpV9A4eb0dqTD39FBMXMVYOw0CISDvLREFQhvWcy+W456EkQmXMEVaWqbhpwlE2JE7l5tFlsdVq6HUqKqFVJ0wI001ZnXDHKGyiSkIkPEPy2JRF3dOu1mfkOzqhWBiGA6IBra05z3P1FWN7IxYPVuXOCKOjOf+Z4xTY503nG53z7/CZuU+qcujE2XNYRXFieZzo3sDiZ0aJYt1rZk+4YP6ME44effAPxhxwICMIgiAIgiAIgiAIgiAIgiAIgiAIglj5SeLGKuwrE7EF2p9UjAzS+TRS59am17HzpSSVpMtKYaqStToGFV7XIglhRbq7oAu1hDFlUJlcVOQ9SgxBtHuEyiKiTDiiSEBQnEEI3HNYdxKW5QID9FqJkKq/zuWaUYEkJ8dnJH4rDU8AABAASURBVA+OwyHMHZZL5WJJtAnuxv2SQvmFsGplkPGnYL1BRdSC1heRsj3hjpKPiDCMROQ6npoLFYXXUyNEHLUHyiHTHhyor4BiURDwONWO7qVMNxulFCuP3wlDpxPckomgh+mVjm1liW7DhZlA8ZPaGUklOlGHYNawWEtLK2du0kNHScHi4tLhsYWI50UwOoUCHFFjB2s5EKKjg+nTW2JlmbqRXJSt6NpU1iOWZNWxFBJGjyIxB5AqoF8aorgSZikr0lhWRSy9mKQxL2EdSzuiIOTaAKStvc3zXT3RXKfyUWKpak+efkH424x/Kuch+/woflL66HehDDxZx+PEqE/iRgt7j5BWGX1qtcdJpaTe8/FNf1ry+n8n/vLXTjbLCIIgCIIgCIIgCIIgCIIgCIIgCIIgviioQK9rbEUwHUd1IN8xWSVYI3mCtqtgzVytOz1HKo9HF9lnmvfniBPQYGoRz1XRbZ2KBrUREKxHywaeZP3oW+xLJIH83r2qMhdhUVAuBUHJ9V1Mr6Kj232OFtZUsrLgUxjhMAi8IFBiH9eJZFwsaa0yQoFfURjBBvehxcx13SgMUWKxMqlKusHhiT0QZ/YdFctEcJl5DvqYuCgEcZNcOGg2VCqW8p2dhXyhXA7QQcRR0hs4x/E06gTP1UPp+r6fyfie52PlUDgMg0KhCBj3EW5bBuE61+CG2q+lPQYnaSfKVoydCXai0R1Sewif83hNaKmN45RKpflz582fP3/hwkVBOYJrR5HQ6YRUHiHdS9eqY1QQ/uJzNLkJl4QfnpUXnV5i3lPlcSIrKhPG6nic1FGcWFYp6O5SVcOSac++8pOjCp/NZgRBEARBEARBEARBEARBEARBEARBECsxHAPI8U+cbsZEpU1WEMx7wWSviyKsy+F1TEYWKRM7gK4C3HUrqXuY8SognK4C/TrWr0PqsSQlCkP4MVoJ1nfoLEKxKIEnnbQ7IVmz2pB6JeOqtC+ICIKgXBaRYFVDzfqOqtQr2FWpFDAiFFp3Eio1jJYfGCEEDgcqNFTuFS00UfoEJa5wsZfMdGolg9fgaIkW/qSL6gcHflwf1SOeWodK74XeJTIWPkkWFMvFfL5YKARBGJuOxCWUaIp7vuN73He1eiXWncCi1rYw6rrlcinfmS+XSjDojiUfYRzNiCoDKeLsPZUbxYhRKhvc4cnT1A1lj4LVV4muRxV0th0ZCaywWCotWbR03mfzZn8ye8nSDiibNMJB3Zc9blJOLAeXCdGfrXCWvtzxztH5cE6myuOkSlkijZJL1OyppziRVooeydJKFPWr8OH70487pjh3DiMIgiAIgiAIgiAIgiAIgiAIgiAIglh5sQwZUshU0hyHLQe1UXmzv3LBSkIftgzUhLzrl0m0DdrsBEL9npKeJEoAtVPoVDt9K8roY2JnmNixhYtIRIEyy+B11TkN5n+5qGemolIlKSMTrYNR+XRYomrQWojEikZovxOl/olCVUDNj8urkgf1QYN7G692VyoJEPRKDQeXjuqUo1LnaGsPGckIkwZpE5gwCEq8rA/k3KzjeFqAI6XSqahb1BXcjXjERdn3fa5PKQc6K5VOjlMOyjyvFBK5XM7zVasSgU8M1+4qFfmPg8cqAjSdgErgY6TuDCjPVWYeJYKp2BBVVVgnN5U0shZ9osTRKJXL5SAoFItBGHmjhkMjoV/akIepAUkzKAj/4Dh/871/MhaxvidaHM7+86Ilj+WYdFPuJhXdCXbP0osIK8+OrZ5r5HHCZLoGPKG8eMH0U07c+PKrvNZWRhAEQRAEQRAEQRAEQRAEQRAEQRAE8UWDxzoAjEfz2DdD0QuCjG4FInbJrk1Hui1gymFn9BOpFBkQ+vY8JwodJxKRiCvRogepDB1YXyLrP0/GmPNl171USQBQyRFFUsik9ljewfush/GMcJa41ih5hEAZASZJ0S466DjjODDacEwmqhPJHG12Ug5cV/l/uJ4ntOKBfXGoEkykBzrxeMHdDrqeJGoL1AoZWyFUDAXFUlAuq0Q52u/ESeBxNprYtAcqyWR83/NNQhwYz2KpmM+rRDswhCprkSXOisU+iaOJlU+Hpy5h7E/UNjM+J2mpV+MlFb+UoNTIdTy0vsFjMLkLFyz45KNPlyxdogVLFQlY7cAKsW+pfEUYbdanuiORj+beseDdowpL/t3CJE8rTix9ScUOyvY4qcqzo39Ydc4do0Gp8TgR0hg98eInH04/7RRGEARBEARBEARBEARBEARBEARBEASxUpKyHqmKIGNE2cG4tMoXonY4zI5HYzC6ttbaC8WB1zhNT7WNSrLTZPlJUmw4pm0NLtSwI10V0DoMXaGO0qtOeBAGV2YTcbhXm230udMJt38lKY54KpzfVCMs248kB011ZhIhVW4dFTtnvAdqn+UimTIjO1EOGbIqb5Fut0nakpid4CERRkEpCIMAGuy6vjI7UUYgznK1nvPuflhvETudVC8jjvYegsXLK36qhCAOprxxle1JJKIo8X3RtjAwFFEYBmEURq1trZiQB5obJQmThHKC8VHLIrTSBHYEgRKphGEoOCuVYQ2o4rlczvd9GEaGAhElpxBJw7QQyYkVE9AifOpw5cgSC4XiFwXXlY72OhHxrZ3cOvpE1wyjPd+xlAo7phajTgOkDwqlPhFLliyB+S6XygMHDszm/Eg1rBHtUfSzKIIBfMRx/u3wOYyXOQuXRw0nSyJcEkZLouIH5aVPhvmXWiTLMTuHDqsowRp5nODtVydvTo2yxN4jauvUY4UDt/SN/04/61fr//o3rM9IvditoFeI5NLSmrW6r7orsj0EQRAEQRAEQRAEQRAEQRAEQRAEQfQI+yv3KvBthfw4T8QBKhYvcFfdSrQ2Qlbv4DUXSgrEcpNUgUqYWgVbkz3ajcNJTlc6FOVBUhWM5jpFRSVoqyPp6oCIrSIwvC4rQW8VzHVkKHUwnTnM5zJizMU+Kn2G1gE4XGACHsmkUeSw2BuCdQ1G4Lsr1KCArcaBhjput1WZrEQsrVGRHD0WRBQUS+VC0fcz3HW45xldSuWBpSZx2dEuG2qmuPL7UGoHaAHDhDGMi0h7nWiVj+P4IhKcu5xj43Gu9eRxZXZSLoWOm9EV6jJC22Pg6lICGtRCqNqbEgk1UaaZQWjmWun0OrYbD6/kCkI5V1wp5pPBdRqpTDZRXFiLO+Cp7FSdbm1t1YqepB44T5mHuDyTCQGmhk8PmcSLiiiEoUSrGHiE01UiHr2yEymFtb71ltbBxLmmMLdOqv9JYxNZCdd6FyFqe21OUavBskRhldFQmhcoAm1f2rG0DK0VYsiQQZlspgvVCSLEN+CH9ZwF115d+veDwvIvsbYzUni6gZJX+ZfYfidKKGNEYdVlmF2GsfpZddJ7TF6e+KhZLWp7/tOPfzTlnjG77sEIgiAIgiAIgiAIgiAIgiAIgiAIgiBWPjhrzlEjyczS4+rVj7Ce1i1QOcobCCAqpglGX2LsQqqTxTSSBSTZZTjGlONcJo7nOBF3ICofShnbcahQu+SYDYQ11NssFw0TkSTRbeU60W3cvaqiOHOQecAN6EsYhGEQYEodEXecVxXrGxKnC6HFRjJOXYRKBpl4R+CkcN3fWEahZgFmwwmCKIycjOs4bsRCLQBy4rXE+7zxy0MsOrG0JpX2WisVBkFwVIjouYkcR7DYl0eGEq1EcMVKIYvFgkiGNJPJuK4W6cT/c9d1ceDU3QOL2Yvw6hFT2ZXgpyzK5uqe0p1wdJoRplX4SiBRN6SupPIbaekJmrKY/XpKGTZbHeWxOMu+8TivSuOUMn1JyujahE52xaH9UWdnns+dD4cGDR7ksT6h4z+Pl/79oO1fYr+syOrsOayux0k9hxKUqKTrqehLjDbMUpywqhqY5XGCR2WSl+fdKy8ftNFX2lYdywiCIAiCIAiCIAiCIAiCIAiCIAiCIFYaUnHhukcZxryTffjLjiCbyGmvp0EwKXEw3w0mnenWZ4J3WQaPxmV0mB0z7VSZMsSyE5PpJlZF9DWVAW+im12RWNTEz7TopFwqR1Hg+B70FS0p0MphmYRE3YOqlkRzIpKQvNIuCG1Ygq1UpRzGKymV0O1DiSa4YCHngVfyfZVeJ3SUJY1xslmZFSfMcjrhZi6NX4hlecJQYaCdSuIsNkLGshN4LAdl7eyCKaaUmCQsB3nZiTUo3YkaMy0j0rmTXNfnUhkWBWHg+r7UOo6MwwMgDKDqoFzO69uppbXVz/ioKYlFQa5KusMjaYtj8CaAltt+J7G5CefKiSXRo9T6uJinRiMmraxauhhmFZKRiEQoYvMaITs7O9Wlo2gE632ijqVL/3ytQFcSIar9S5I9STfhsRAGt33w2X/mLHhzaX7tfq1bDRu035jhLTC2pozWA6U8TvSetKNJMYr+/tHcZxYsntlZnNDessXAfnuuMjTrJMqhao+TeFsJrFTNMHPTzzx9yz/dyAiCIAiCIAiCIAiCIAiCIAiCIAiCIL74cCuFjh1xxh3Lr2NAmYv2Yqik/jDB6zqmJrwqLU0d0QZPnAMSIUSc3ERnKXFcRwFx/yiK3Rcg9h+peDq3fUFWIMurO9ERaxjB2JUiisJyuVwqexmIcvtcxnmEEieXPgFdY2BI1WWURYfQwhO4cqiC8omJDPrscIepzEXJRMtYZuTALGjHDTU7PAzjNQDVrexOJ1bjeMWCprKh0uYYNQba/bgOdF3lvuGhMRcJVZ91JZy5OtlSGAbFQtFRCgmZzWQ8z9UlGWpWuOcyruQmjhOiWgpzxyjdlhJDCFgG8bTrtqCUhDPzlNvpq4y1CWq/8N7DOYj0vEotTHFwgnlad2Ir0eou5kh3k6tkSwxFJ77rRCJcurSjUCj2hehk4bV/lPk8q2TDiV8S6u55bdHSn7305txyGc99aXEH/Nz2/uz/t/FaEwe0V1xParxSZLUnCvx+Y0nn6a+9Nz8I8Pl/l3TCz98/mfebdcet2a81ObfK44RV59nJfzDr3VtvHn/QwYwgCIIgCIIgCIIgCIIgCIIgCIIgCOKLT8XaIAlYJ2l6+sw5A6LaiX+GdaBafJBWwNQtVH3MUTYTEcTuIxX0j2KthIrRi0jH2WUf9akreqA4MelbDDzJUiNR+qFlGhDLD4Ioipz6Q9SroBeG2dQSE7UVaS0P/mjVC2exxQlnjuO5nu+LMAqDMhyHE1wZ59vhjuP7PuzXphzVl2IrIyiX0m4eyQ8Ogd7G/RU5FWOYX0hJRTwN0/qPjNKU+DAoDndMERi2cqmU78znOzuLxWIQhNqPRPn1YAlHDWOGK5kObLl+xod6fJWOx0XzkiAIioU8ABuRbeij2u0gRtvlxHoshWMOV/ZYcCelCOOJZAybZx1KRkXfXKi3UMmGlDqG6RRKPAxD1tvkX32l9NwzxsvFaER4bYYdzstRdMorb6HiZNhWm+3810sPevbv2158xsK2ll/+d2ZJNw/rEUZlwmueyQSEAAAQAElEQVSz6qjf5Uic9XqsOLGrWtzeevYb78NNKdIZeZSrjay8CuAe9sGtfy7M+YwRBEEQBEEQBEEQBEEQBEEQBEEQBEF8wbFVC7FdCDPx5T4RaMTmJHUFE/UuWNWMSqy7qpHGJcVxVQydO3F6F5k4nSBSNrjuSo/pN0bFozASYSSjipVF3xq4yDj4jnqLpCHadiMKmUkjE08H1yIJz/FcrlMCSdSl6A0lcvA9L+PDTFVf4XPQAzWDoyRLqovqRylNHI4/uM1dVSCWakCXcL8G15kHA6EPZlQSHDUyDvr+cObq0QrK5UI+X8wXQrR/kUovYmpR+Xp8GEol41EKlGwm19KSyWTVTq2sKpfL+U5FEARCZT+SjlZXJaYmsaMJbqC4BB59qCoDD17cJK1NQQUKbti3lrH6iCL0rUF/FwfPULeayujj6gRXDotfPtTsOsx1oZey9yd26a0qPU1KccK0aqTiVpIc/cfHcz8ulvDETX980KivrN8yaMCaO3993OTtPiqW/vXpvNp6jMyLWYoT+P++T+fNLgd1q/q0HDwwZ2HchopaxfY4iS2DYCMqFt+47BLWx8gmYARBEARBEARBEARBEARBEARBEARBEAkmUmzkI+mfhNQpZg+vgvU6KY2LvTOJeiceDDr8bTksJIoGOxquZQB4ikwqVHYSrqvi77ESQl0iCkKl0oCQuXZ86JO+NaBOLxqCkp+ayUqMJzhE9rmrlR5AYItpEjlNEjFvEFnu0dTGlQt1Qbyo+okg5i7UwSiU8KPL4EWZMkIR0FgUlKi8MVqjArujchAp15NQRAFMrFZeOLoeVSDSCBmthEFwJ04DpH+MaMAmXo7WU7PCuNZmxLYl2ocHeu7px4pvik5wUygWOjs6y6VynMSISRx7hlIqNxadeH42k8lkc8o3RYtFXKgCTi8W4PSOoFxGbx+neo4rDia6bcbaxLieVJmd4CHH5UkyKnPf2WKUWCaUGgzjmaTVMiyxt2G9Sv7FF6IP308rRTi398SeJXrPjCUdeKI3ZNDozTcy9ay569fV0cWdzChF0OOE1fE4wTJvLS10UdXbSwu2x4mQlfYwVqWDgcf5Tz+xcMYMRhAEQRAEQRAEQRAEQRAEQRAEQRAEsfIhG++XPchj0vvKDIxZO5g/xNrZ9JWNOKain6jIAHR4Xud28RztdxIHgIXWTYSRCuiLL+43/Ct6EehIFIaoTzDmND2ti/UUVFzEgXORaFuUAIUlvhBcyxB4YgWi1AueB9Othr9cDkolnWtFKvGMw4wbjamdrXw4RhFVnVamagRloh/h1fIirdJw8NRY4qE8YFwPxkVJc5ReiutMLsqwJN8J/xWLRSkiIzNiDt4vLgyk9ohRHiW+1p3Ao6esSlyV9qUcqDQ7nZ3lUglWhkSxkC3mqk6jY3YanYltgqKaiIX1hZNlV+OAVJHjxENSrQ9bpkXWBEvvvE3WuJJU57VhZht+vbm0E08M5y987bZ/mnqev0zZpbzVma+4pFTqZGYPs9QnM/OFLqp6p7PAqjxOTA0stQf3vnfrzYwgCIIgCIIgCIIgCIIgCIIgCIIgCGKlRNoSE14dHGZ1VB281najb6jEo3XkG2Pz3HIfSV25OtCPv2qPVnQnXCdwcX0X/TYkZoJBVJ4XTPXyBdCd8KrfJuivnsTWICJKTVLXs7ZMSgDls2KmBI0r9OiJOFeIiGQsbxDKawLVGTixWn3i6EQrEpobhEFZG3kwqadGVmY6EUishHjFUsnINTiat3CZLMRY8WRUP7bVjHqu+891chvooxLj6BXJ42w12tRECDgdJrNUKun8OAJz8cCjMo6RidsJd1Sl8AgHmPBZBiovlwMZhPqADMOoY2mHCKP29nbuqxxHOBNMO50YAQo2D/cYOyCcMMaUQRC0iluaLt0rJivnYr8Zq7iA4NKM7ALWMksMbXqJwuvTg1nvspTHSXWGHZ64nmBrNh3Y77Ulse7k2bOvmPv6zJFfWe+Nv92/4PlXYM8mA/sx43FiKU5SHie4Z6MB7W92FBpVteGANhwquz0s3sNSbYZBmff0452fftI2ajQjCIIgCIIgCIIgCIIgCIIgCIIgCIIgGlClddAB4jgob3QGUrK6Sogktm3pJKRtbRLXU2P0wTF7i5UzSCV+0XleRCRMGdZnXgy9gsS0JEZ7ojruxMYOQntZSGZrCbrti5RVo9ctKLHQGoeq+qWMVBhdS06U6ETgyHLL7KNiZKI9N5QgQelOwnIUBVJmld2H70dBlOrCSohXKpU8z8tkMpYaS8bKEUvGgaUrT7WBCbeMTyRXcidlnaJlCK6jpjdisQzF40p3EoZhoVBQFj2y1c9mUBriSD3TLE5yAzWowTYXkiorkdDaH316Hg61tLT4mWxKQVY3MZDjOGZDK054okFxlPpEiWBknGUJ5Ws80WSkRGx15082PrSsLP3nPcx2NKlWnGAPhSUbgf27jhlx6wezQzy/XH73r1PgB595jO0yaijqhqoUJyztcYKP3xox+K6P5zaqaqcRg1FxIqtHO+XLYrf5vb/cuv4JJzKCIAiCIAiCIAiCIAiCIAiCIAiCIIj/DXicQCVt7tBVef3b3qMi3RDD5k3YjdQroCP4PN0kVgn0J04NaCkRF1IltNlJbMEhWR+kD+oDYqcaK4QtZBSG6ieKXN9nNWF9IwyoU1mNEUV38GToJGpWmJ1yJDaMkSyOpCcHtOIkzh2jJABKX6FsZiJtpCGiTDbry2y5UKq0Rl9H9qYnRu/gFEvFcrkchqGW+WCDnQZrJzH3UNY9mBmnovkwCW1iZx/9P+a10foiqeUKIgjKOk9OJxqfSCWzcpm2i2Gx44mjE/Mo4U4mk8nlsp7vuyoHjrpgEIRwbiFfKBVLQRCgmQqPE/1URFis2toIE+sk7XGSNEAK9TxOBOQ4SY4hlTgpaZKmstzsLjOtTXKYw3qJYPanwSsvpnxNZErVEbeoovBYva3lwLEj61Z4yLhRY9taWE1WHVOTrTiBuVitLbfX6KF1q9p3laFjWrI1HidWnfV8WWb/+yFGEARBEARBEARBEARBEARBEARBEATxP0OSOYWngsvdEcdx40w6OgKeRLFNPU1VVdGp6Gg5j/0f4tA5hMi1wYZTydyinBqkSbGD6XW+EGoTi+rBkUwo5UYkdXYU9KroKd3LfSojiKoSyewzbD+ISoA9Pg8zJ8XaCt08NKRh2vgkCkN4mqSrYeheoy+xMk6LVyyVpTIXKUZStra0QKOV+4hK4CItsQWvCLHQAUV1OM68o0U3jowlCAJ2RVocpUo6+n/XVamStFdMBLNbLgvlXyJaRGs2l5Ncuo6rFC96XIUI4QS18l2HqYZ4jpuBhV/MFwIRwPNI607CKBSiBU7nzGfo6pNYlbDEC0QNuy0QSYxPWOKKY+5MvOOZWTccJUi4MNS9FVeSqKOMakMy1ovirs6nnhRdeJwYG5+aPUevORYeb3z/U16x65EHrTri8HGjoXVCi53qepyYVZ9MH/v+uFGwcfvHc+2qvjNqCNSWtKSyKuq2UFotDDs7Pn3yP6O23ob1Bqm7uplX57ovBLU7ZU2Bpl/661S7krsbEQRBEARBEARBEARBEARBEARBEMT/IHbwOwn2duXFYBwsVOkGmW2UoYhw6l+L67PqxivVkUqNKkDvOInbSCVszavzvMhGjibp/SpGr0LE0omfKcsUXX9sXYIeKFwF4l3hOCISQZLlQ5VRwX2lf9DSgQgj63EimD7FDHLFe6V6w8gVKofiwLQyAIlnlCciD50wyKTLaT64bJeU9RwokgI6h4+AmoUaHMGFFrjEHhm6CajgUUVFCD+O52PTtAKBxYqLRJ6kT3fDUITlKAe1BcLxXC+TjUKVv4Wr2RQ6w8lKZ3XiwepAyxChlDJuJuOr/iT9VJY52tslNoGxxo/HqXOkPWpQA1Slctlo8RATmAfKdYQTRmHEIhgBofPssFJJG5zwTDYLvx2Hi3hIuZawKL8Vz/PQf8XTiXiU+gOayZWfTLFYFCizyuWgrO/7OA1GTWIWhJEFuUr7Ek+A57EowjJcrwCBuX7UolBzxbBrrKKmqCgwbNeQ3qXw3FTGqnLoxN4h0OxaxYlVxnX4sWuO/ebIoTOWdCwolgfnMmu3t67Zv02XqShORI1DSZwoydoDM33E6qO3Hzbw7aWFBeVgcMYf35Zbo73FUpxwPULceLGY9hgNCrfa/MmD9/eW6OSLheyLJUIQBEEQBEEQBEEQBEEQBEEQBEEQxDLBLTEJayaUZ2scKpXw6hJ11AxVgcIknU0qepjSnSSXa3CtRHkh4/iuTJVLXV45R1TUGoCbdDn2mVCRfc9ToX3tesJVrhcRh8IhFOwIpaSR0qp8RXzf3u4Hb7hRmRWexK8TSUqcEYVV6Ylkw6vV9ElaM8U5Z90YDVSWUdwSIWUiSBCy4o8hKzl1tCoF5RBKyuBiEhg1A1qhAbH9KORREERB5PlqLjzfD7xA55DRqhxZPUwrR0jaa2tpK5aKYagaCs0TIpfNZrVPi9bsSMvdJMkwxFLqHmnUIkr2YdxEjAircgupYVGWPKHOQhRFMgqjNikz2azjuSrPDmPWnelgJUop4jit7e1QczFfUJmAIpV+CRUkSlwVRblcLpPJ1E48T7RdKRmK7mykn0ZC62BQZBRfzohTqulTGUG4aGH4wXsp9QZjlZw15tr1yqgFtma/VviRdVQgeFaN4oRZqhFZVecabS3j23LG/scoTpK6edVVatojrDw7856fyv634bGajiAIgiAIgiAIgiAIgiAIgiAIgiCI/wmM9ME8kUnyFY7JVWpBQYl9uqxUIE2uDzv0GDtGsC6aUZFQmGuimMRxfN8XQRA6ThQbheiQsKgYEFQ1TlYattKSap6MnS0kd5isV6CXrqjUCEIy9MhIFdDTrn9S86ScZHRmHdfRTh76cCQiFpaLpaBc8jI+HPJcX02T0kiIZCGxlQ1vwIABzlLemWdhWOrsVGIQIJfLQdOljLAQrxF92YKSSmWW+gT3J/IOte26jpQurGrYGQLqSoUwKsM5ORHlWlo8T+dS4o6WfKiBVWY1ynDFEWGEmhKgBEPMWaTPL5VKQgp0aoHGQBk0LMGL6pxU2EjdPBG7nqAXCzYZWhVFao/qOSyFKKq0nqUTphibE1ajZekpUcfSwhszooWLwsULeUub279/+f1ZafVGrcdJIl/QyYjirE6Vg7Haw/iaWFl18HCN4sT2OKnUmSjCtJTFeJmkPU6k1Z6UPoZZ6hNRLHz24P251rZg0cIon4eeeoOHtK+3vtfWxv436FOtEkEQBEEQBEEQBEEQBEEQBEEQBEEQPYanNQCyXpFlrNvSjtQKR3paUVXMuukKur+czuriaKcTFqc60TFlqfO3JHINlmRHMaYdK6HupFFPIdouI53ghjv1FQ7VLGvX9GlKZxFVgvfwo/1LhLbj0BIIY3whUFWhz3S0qkE57kzyJgAAEABJREFUZ2CeHXU4DMNyKLQEwvNcz/fDIBCizHow/01ie3Ese/okr6WlRZnnuF5HJy+VCoVCHpU40DFXLa+qQU8S6dRPImWZiPA4W01SRuo0VL7H1cgwgdoNZXkShIV8Jwwz7Mi1tGT8jLqu68aXUB4+DhfC8ZQAwvO8tra2bDZbzBcKxYIsl5XypKQqUbl7ogiOQndYRTgmrdniMlERQf0mC4/OsZRePXgg0q4txk+ldqXyppM/2UQdS5fcdWf+0QejUinSYif8wW1cUWq4OM94XkXDoc9Nu4lUO5TU8yxhOA6misqepDd1amCy8Z5Ke8wFKooc/QtaPiCX8+HlibEW34deLL32ysW6d5H6UQPLMtlB39plzAHf9drb2ZeF2tuB5CYEQRAEQRAEQRAEQRAEQRAEQRAEsZKSSm7Tl1IKHZ+t5NORdRvSXQsaxh9TAprkacNwdiwfUT4QDsTgM34UBBDFVY4gcfu03ESF0pVuQu1Xdglo0rJSO53YyDjKL/TIW/sbh/h5tdNMt9iGNCoarjQLUfpyQqgsLmq/4Bhv11oTfb5+0IoTx1UCINwpZTwFUmdr8ZTwxFOVaNcJ1lch6NQa6gHKjqWf77e0tri+t2ihLAflQqGo5B5M5nI56AAaXHRbK0/G1EmUUGa2RJK2RnKtIxGu1KYmEYxvFAZBWShLFTXEvIVBM1w3sSmJlSuO1CIQVZurDra2a0WM4xSKRZ0WJxJFgUofKOP7vi15qbTQ4biyuHQs9YZEDQoqXfCiYRg6iYTLyGiM7mR5lASlmTMXXfR/wcIFscoEBU/KJkdpMsJYg6K3I7Vi+uVyrcpypq6niPY4sp1FuvI4Yayxx4ndL2lnz6naU8fjhNf4sgxrbx/Vrx8MV5ioTLCnEnvH4u2oUPjs73fMfezRiWed3W+NCezLQq16yTj9EARBEARBEARBEARBEARBEARBEATxP0UlssxjmQE+qU2RIhtFFHXc3KTg4LxBdpUqmQNrBhXDhKi70gtkQr8McXudWMdqugqsa4UEpshYiYOeiScFt5U7Ev8zEXHtnsC6GR4zST3qrDa/0BoRZmQScZoRpvZGInap4QLbieIKZTPjaiEPOp04jkrMonQqDOUmIhSRE0Exz/fLpVKtPU+vYqru8UR7hUKhpUUZUrS2qnQnS5YsKRUL+XwnaixQdwL9S6xBHOUJU538iSdOOnFbLGVQauUJ7R0Co+tzFgmoy9HqkFK5XFaxeT1IGZl1MhnuOlZeKVWz47hqEjAzjuO0JG0olwM93rJYKil3HO13Aui0SYInIhhW5c4Si0v0o7qylrLEKiQUoEAnPa0YgAqZ45jb2GgI0AGlR7dWtGjBwnN+HRWLxtckMf+Q1h6t1RDxofmdnV6/fr7jpNxE4heitA9KpZsVfQm37UhSWhNm6qzjp8JSGpQ6nivCVpxI2Z7NjhkwIErUM1GsvhKmd5HWkUUiflqeN+fVk0/Y4oZb/H792JeR5dEnEQRBEARBEARBEARBEARBEARBEATxecJ5b8b4K5HlqqQ5MVJWl7HPq/gjNIO0NrpMzhBLHziGzVUcv3L1OIDNIiWWcR2TXYStxKAip6JkwO5DbDoMueM7ZswtqYN9Ng5Gyoei2y5LGecdicIoVheY1ujjTGLiHaM74ea8uJhOYMR0FppEkaKTvQShp/0p0CLEcVwRyeqEOCsL3rx581pbW/v165/L5VxX+YcsXszz+Y5ioSBlCCXgqONUBBnmzNQCNVoGo7QyEyB1bh18jOuBCiMlY4DVC+PuhMrwJN/Zoew0tNIko3UneEV99XgR80Tt4WQyLFGxhApYKhLFK9gq6I7jOixZW7YUhnFspxMLsxKhDJ4Y6YxKqp7E+EQbB8VHjYSF9VxSsOimP4eFgvE1ifQlahUnYWT0GarkkmJxcGsrszxFUmtdoAbFalJDfQmzlSJ2eVtfwlhVVp1q15P6niscyw9pa4uMvsRycImMxwlTehTVL9VTdTRcsuita/+43s9ObGYAv4iWIfHtwAiCIAiCIAiCIAiCIAiCIAiCIAiCWFlIIo9WHI/X2eqlqyiqgsu8SncSF6tJqhCfqIPUiZqhe7MLWyqThImTQ41PSdqgfU2MIUIkuKvC6iYxEGcrV+RTN9vIErhRKVSUABVjB2kO8TpDXdEksO6UAGkpj2SOzhyicrOIit4FD3H02lABc5Y0SqlM4pJa9MMc/WguLVWuFxlFUCFG7hMVTcX5hvUtskd3gbdwwaJ8Z0EKPnjIwEwmI0Qr5hkqFvPFYlnKPBxqa1V+J5grRPuD8G5H2Wyg1iT2OEGRhNaFwCHXUUOW8aFmGQQBTEKpVHQdZWcCvcjmsmr4Y5GHcuzR4h5uPG38bLYVOuB5cK5K0lMC1INIyLXkfC07kZjciLmxAsDBCcZkQAzHC8pjhh2WqGSUUgJ6myhmUDXEq3VPzU+nKBYLzzyJOowILVOqPE5ig5O0I4iUhSBgthMJt/xFajxOZPKKYSlOavdUK07io/Yesz+VZ8dcxW5PpUzGdaMqXxNpe5zEj8Lsj31QPnnwviZFJys/ZuGbPUKsjFozgiAIgiAIgiAIgiAIgiAIgiAIgiBWJCnFQyLrSHQnlvdB6pTKWRXHgHhn3QsZfQIqB6ptJOpeROf+MSocLlF3EqncJUoOAf9Xgsor67ftjXAkNmVR+6Sx1bBtAprrgcOaRMb2KnBZUbE5ScLtsaEDxvGtyHw8d1om4zgqz456dGRkZikydhta6OP0jUGDvSZ49c6eiE6CIIiiiDsL4Kz+/ftBW7PZLEbKy6ViuVSSKvGNaGlp0ZoM2O/i3PBqEQ3KfmRNkh3zmLqLzKC4yo/Eh40wDOFapVIpDJRdTDnIqbw/GV9LHISx94EBZ8qPRKW58Xxf73HLWgujnDRKJehOPp8XUpSDcmtbS2trKxQwsX/rzqxqG84mdg3VJyiyYUlKHZ0AKK7BVj81qTspvD694miCzh9aexFqCUqcT6eiOGHK70QvJRigKpcRoxdRcqg6Hif61aa+x0ljxUk3HifxUDTwOOHJdqS1RSE6uFhOJ9rdxChO0OMEhXG6v4X8gtdfH7zuuowgCIIgCIIgCIIgCIIgCIIgCIIgCOLLS0U6UJtep/dUBZUQfneh7Di1jkqI4qAlB8NgsbJkEIkeoLK3ouhYmagVZPBY0BF3ycgVumWZPESSkLxseFz7mkgcxER1pJUonMHg4xSg2Qk3RhFaQID2Jq7rep4fhRB4j9jKhwdtDsNw8aJFoXLUkO3tbb7vQ6OhOx1MFgr5fCGvUh0Jkc1m3WS12V4mtZXWJoJhyUQaMZER5mipR+g6rnTjs8plZVmSz+ej/v37DejvZ/xQLWjGrOw2qHthJhWTJVBCGU1nRyfUUCy2wIXa2tpMZh9WUTfFd0icQ8dSk2Af0Y4k1IKLWGSjN1BgEVuhNE20cGFoFCeWC0it4kSgBUii2PCw5azKU4Sx2HunWkGiB1ZW9CWxQi5RnMhEIWMUJ8ns8EYeJ6yqzmrXk6Q95mghDFwt3ImS9qPBia04iQ1OqrPwFBcuYARBEARBEARBEARBEARBEARBEARBEF9eeE1GkZRfQxOnJ9lzrGQxyeHU7ySZS10lhEzMULTFg6N/VM4Xy3wlDownl+ZxfLkXtTG9hqzOmKOlJsquRT+mXWQS95H69Zg8Oz1rgA6C19O+cONxgglFMBAfq3iYdGDUXa04wUwxSTN0ZpcIPTLgBN/3tfdMGAYrY6YNLwwjrbFgHR2drjsvDMN+/dphYWWzOVRZ5PMdhUJByS/CMJPxoY/QJVvDYbCHMD2pll+QcUnB8YCnnpfktWGYdkYJFWC4li5dCiugrb3N9b1UnZ6HchllvQKtzxh1klQpcaAOaG0YhYVCHgqXy+W2trZsNquLuPEtUXE6cYw+BqUkIhFt4X7MN6T8YJKd2qqE9Uh3EkWW4kSfVutxEjuCWB4h8NiWzRhPEZZ4nCglVLXriYxdT2xHE1nf9aSOx4nlbqKTCFmKE52cKLnxRJXnirWtfVAWF4ptmWzSOyWeiR1N9KxqBxQpYqeTyjhEOrkQIwiCIAiCIAiCIAiCIAiCIAiCIAiC+PJif8mfmfB3YxGHJSjhacEK5zVeKeYQS0fxZbX0pKqa2KNBKTNUhpgqvw4hIi44S+LmbGUlifszo1nQghnVlziVkRYiMCPT6YnWp/urK9mAEoSgIYNdaRzKR9sSkQh6jFWHlZclbpLDpYmca0uJMAwdz3Nd189kwjCIoqCpNjVr2BJZiYSwbU3nFbLwdC1qGYWh6OjIh2EUBEH//gM8z8vlHK4rLRY6i8WiltK06BbKTCaTiEhEquXogVFpl5nbRHOlDwhHDxyKNhyuDDJQw6GWsytRnxAE5Y6ODthqa1c6GMercithOjVP7IDixaoULmGnq4ZedcmBue3M54MAU744vu+pbD5oouMkOgvdMJ7MLbQFmgWPSjsURa6SsXARwnDrDEq6uzxWkUGbWZN6CW/gAFUhmnywtMdJZFxPKh4hcVqfVj/DUi4jyrcoHm6zX1pHzdjbrieSVfuUJEItozhJjlQUJ/GelMMKq/VcicssLZXKYQhDqftVUZzgU7yPUHGCvYviPTI3ZCjrG2S926nOzpoXFEvBx3pyudS5slauSBAEQXxB+c/b4X/eKr/1iVjUyZaZXIYN6+/suan/jXV8RhAEQRAEQRAEQRAEQRAEQXwJ4E0cqg0Y9kTxYEQJuioTAo4D8SrUK4x1Ce42kfvq3Rax8Qa6gST+DhoHo7gqTu7GihP7HCZSbicrNBgaK0WkJbHBRkheIyNxdOzb2ifNGWY84sd4vFAFxCqR4rqRXlkRRqDXBdP2E0p3wrEu+yzU8chYAaOvoWUSSS4drfjRmh/9v1ITaNcMVAvosHvIpTZCcfUs9Wb02a3tmx4CaKRI+lizUGuWruf7Ge3kodQb0LV8vhiGIZN8gMpr47W0tEBNi5nyOymVytzBpE46qZBOwcNivYIWb3RxPyXCHKbsQphOPSSTs/Vx5VeixhOq8h03CANMzVIuFbHNmUzGz2Y9z7Uz+0AbTMfRf8V3PWh/AJTLZfXLKYdBqVzmSzuhWGtrq0oepEqiXEvPvzEaglnUk62mC5qoNCbSgf+U1kTou0tGMlJ6Fa3vUfs4c5rT+uTWWCPx9qhSnIRKksEiy+ME/U7QE2Vkezur8hepeJxwVpVVpxuPkxrFiZCiNqsOrwgmLI+T+KVD8rpaE1FVZk5Hx5C2tpTHSRTb1yjlj+3mIhKnkyHrrsu+vKzMoj+CIAiiGRZ0ynOmFGZ+2gu+XMUy+3CeuOyB0qOvByd+u2VQK/0bQRAEQRAEQRAEQRAEQRAEsaKwAs29F7nndTdrdkmrFRU3jqqitclZ7JIVaxPOLDuN2EbAlmFUNCJJNdaTBCErgoI4UUkiO9FRfCFZVZ1xtDpuSt98ts0bO0Bo/8EAABAASURBVAV0W7J29E2ndEVmpOLB4I5EfYhaDGZseY0gRdatu9I+/K1C4cp6IYqbZl9LD6YWABjZSaIW0qc7jrYy8T0vjITnQj1cn6J8TUTkK9mMqt11mW5pU0NfHfrvasKaKdMtHvQhUp2PxRNRJAqF4oIF86H2QYMH+L7f2toGYwzF8vmOoBzEegghs9mMSh2UzA+3bs5GDdIZk5i+VpzRBpPXoEjHcz1dscCkSqESPcA4ilKpBLsz2Ww2CLItLblc1q4TtS8y4nFOHFe6UBESBKVyySk7xVIpX8jDhaIwzOZymUzG833147k6T1Cs3cIxRfMVNBFSlh26Z47n6kFS600Nl9CaFe3UIlhTISh/yDDWb4BYtAB1GMbgRG+gPiP+MVl4Mp43qLU15XFSUXjU0Zrgpep4nKReWKo9TiovFqKiOKnOoWMdtb1VWE2ZJaVSWyYDwypigxNLcSJk0t/Y9QSf9l/7y6w4IQiCIL4EnHVP4f05wnYmXHaSt6evfSjOv69wzt6t7H+VMAw97VS3sgEN++yzz1ZZZRXWxwj9LlcrvAmCWEGvCcpZ01kWg1CCIAiCIAiCIAiCIIi+YNnC/JgOB4Pa0rIhqWuq0ihsrxAY448j4/io47gRKk7i2mR8GZ2Mg/WR3KR3EV0oimRKjxE/T3XMjClvXJNdGkLjURgq0QmadRhBD3qcxOIA7bqhfTGUOwaPxUOO66jUOZlAqkoidEyBC6vfQcBYK+culBJCm2M4LmsOW6/TjMSqkkGp53PsyJjI6GiAYrG4cOH8RQsXwUfhsL8l19qvX3tra6unlDVRqVQsFApwKAgCteDU1dGahsULs+YH3WIqwZoEJ0Flz9GPaAqjkhIptHxBiHK5XMjnO5YuhZ9yqRyv6qQ6fb46mcdVeZ7vZXPZXEsL/rTkclBhqVzq7IwrgdrKpVKok+bAp476JlKCEtxW4hL9g091xapJBgd/sNlNpzXqP3nnJIeO1jnpjDOoOAkxw46lOIGfMQMHSNvjJJlsVu1xInAwLMVJXY8TmcqaY9XArP0oe0JhW3XJ6nN5bAtkPE5MmbkdHXUUJ9rjJDJ79CN2eezkXRhBEARBrKzcP72sFCfMel+zPFg1vP6hePC15pIvfhk588wzt95665tvvpn1DfDu8bPPPpsxY8ZTTz01ZcqUG2+88eKLL/71r3/90UcfdXFWR0fHTjvttMcee8yaNYs1zezZs2+77TZ4bP6Uf/zjH9tss81JJ53E+oylS5ceeuihRx11FCN6yDnnnPPLX/5y4cKFjQq8/PLLMLa/+c1v2BecE0444Sc/+cnbb7/dZPnOzs7777+/mZJ/+MMffvzjHz/77LOsac4999xjjjmmbmPeeeedE0888Ve/+hVbPubNmwcvO9/5znfg7mAEQRAEQRAEQRAEQRBfQLjl3dELZiPc2uJxhbH/hBTVCXd64dPxlQgTRxdxiqHlRKWiiaIoCJRJCedOJRFSpYwqEEZxEqBqdxx1ilI4+Mpcw/dQh5C01Gh+JCY84ngBh9vENVnbVl+76Z6tW+oJUquW4h9P6zQ4GnjEWwqnVC7NXzA/EtGAAf2zfiaXy8ER+JyxUMiXy0EYhpheCNFap3Qfal1PpKyMH/bZLoOuJ8p5RQqslmkjGhmGUSTgoVQqqwKct7a3Z7PZqstx7nqOyomjNRzou+LpETdV5QuFcgBNV9l2Ak1OG5/kcg46ryTGQZW0VULJSkyWJ2FyGqHHidSPzUqJGBv67V0+veXPccaZRHFilBlGcYLKjFUGDMg4bsoDyZ5wKet7nNh7qtUnlRpSOhJZpTjpUmvSeI9ILgwrY2G+ADOEVi5SC1BU73QmHeNxYlxPxu9MohOCIAhi5eXpmSHrM555J9hpPZ/1nH/+85+FQoEtHy0tLbvtthtuP/3009dffz3rDQ4//PCvfe1rXZfJ5/OPPfZYsVjcdNNNWc9ZtGgRjABUAoOQ1+CGedqhqXvuqFGjutBhtLe377ffftdee+1tt9126qmnNioG70jnz58/e/bs5557DjryxhtvwM7//ve/Z599NmuObbfd9rzzzoOQ/KeffgpNYn0ANPL1119v17kaiR7x6KOPwho7+uijBw0aVLcArC4Y25Rhxptvvnncccd1XTP8EXHffffVPTRjxoyuFVGNmDRpUr9+/ew9sDKhMaxBA2Dt4fa99977xBNPDB06dOzYsawJYEVBB19++eVp06bB3dG1KwncDlBs7733Zs0Bf2Y+8MADcAsHQR0p3vDhw+FmKZVKxx57LGyzZWXKlCnlcnn8+PGpESMIgiAIgiAIgiAIglj5MVk7ll8hYVWpDTkE2proGLlyZ1Bmsdx2u0hUCV8g3Ql2ramhin1PYveTZTZyUflvVDIcYVWrjDm40hRwDJmLSEksUIkgdSQ/kfVocwzH0U4Y6rfQnz1yx2QGYlYaEsfzM7o6YQxpbOGErpwtV/qopsahqnov8fZgWnECNUTYAagKPtdbvHgxtKd/e3s25+dyLdrRhAXBklK5rJQdSiAic7mso6vofgasS9sKLHwMwxA30DsErosfZQYwJmGIBkHlctCxdKnUaz2j0vv4prbY8CdOO6O8ZbgWiWSzWUzBA3uLOlMPfGBa1DYnURjCx5pwCFP2JAYq0oErwlw4aNJiPTKpKhLxj14lPAqbdTrJDBg4dJ8DPv3rLVpxwuKsOqg40d0z20Pb2gZpr3U0sanoPLjOnsUbZtWpVZwIUUcpojqhRCDcaFmSGngqhw6zr57sEZX2qPxRpgxLyuT1h8UZzxP1eicsxck63/thhmIhBEEQxErMLLQ5kX3ybvq9z5pK0lfLH/7wh3nz5rHlA4LNRnQyf/78l156ifUGu+++e7dlIKhfLBYh1L3OOuuwngPv7i699FL7PTO8aWzV5HI5dBz55je/OXDgwEEa3BiYkKrtk08+eeyxx8xTeN/IdHB61VVXtd+pb7311m1tbSeccMKcOXNguPCtKQIB7K997WvbbLMNaxpoBgzU7bfffs899zRvRnLrrbded911jY5+/etf/+Uvf8mWmyVLlmDyzSbRroK51E6o4cUXX3zjjTdgoXZ2dkJ/hwwZstFGG8GMN/MNjI8++mjmzJkffvjh3Llzhw8fPnr06LXWWmvMmDGsJ8DAwp8ztfsvvPDCRmqS5QH+loHOtre3r7nmmnULvPzyy138ofe3v/3t7rvvZj0HVkVKQjFt2rQzzzyzbmG4U6ZOncr0LF988cVMewL94Ac/SBX76U9/usUWW6R2wq1x+OGHwxqDds6aNeuiiy7qQrqBqrjahdGIBx98EE6ZOHHiuuvWybwJF9pjjz1uu+02uPSPfvSj5qpkxx577KJFi+w9sKLg8fXXXz/44IPrngJ38ZFHHskIgiAIgiAIgiAIgiC6pPYjnmX78LiSzSR5yprzL0l8L2QXTWyiSdxUEPs4uMpuI+RB9bUi7c2h4vP6Y/IvUOZiVNWgfiaxz8AuO7yS/kbpRaRKXyOsiaybqagRUifh0Q4xTEkMHFO5jF05tAhE5woJg9BT4hI3UXU4Ot6u3TEc5XHCtcyBuw5H2YoO92vJj2MUR67rqSw++gBPuhq3pWZhdLuibKOUyiKsqsSuQdTsUXg6vwwqPxyGigvtL4KH4VPIJUsWwwC0izb4PDmT8dv79VdyjU5ZDspO3sHlr9xC9MVNUxq1lSUNNWqsWGjiGLuRiowC8+xg2UhlplGChSAI8x0d8EF2Nqcy5/i+Zwxa4BE+SFVKjijiWjUkkwtBC9GaBU6Ho5GIyqKsTW4C11NJctSJLBYWOcrCRCbeJ2rGVRadRD2GjjhwzQiVSm4PREKrHfb9uY89Wv7kIyEtjxMhIrQqShQnI/UHuKgyqVaBMHs7nVVHVtLl1PU4MftF/Qw7vK6jiakoVplUq1IqLinmLF2mo1xuEcJ33ci2NqlWnLSNWe0rRx3NCIIgCGIlZkle/1o+xcl6qzq7fyVz4X3FUvV3+Bd1smVjzz33bOTkYXj++effeeedVVdddauttqpbwPbAmDx58vbbb19b5rPPPjvggAPWWGONa6+91uw84ogjoGYIAI8YMaL2FDvMDIFtVo8pU6Yw7fbRqEBtnZlMxjyFd4A33XQT7GltbYVteDRC5GKxuPXWW8P7ut///vesOd59990LL7wwtRPqgZi6vWfYsGHrr7/+a6+9Bm8cx48fv4pm9OjRECbfYIMNUKpSy5VXXgnR9LqHMCoPHXnggQfqFlhvvfV+97vfpVqVCqLbdHYu63qq5uijj0bvlib5kcY8DcMQOnXrrbfWTU8zdOjQww47bN99923kkzF37tzLL7/83nvvrT0ES/R73/sezAJrjunTp8OI1e6HP3BYn7HWWmtdffXVdQ/BnVhXBINstNFGMHSs5/Tv3z+1B5blt771LabFZNOmTYMxN5ZCxp0FBhkmSP8x5cOY4054D79gwQKm9f2sQRduuOGGE0444eWXX4Z1csUVVzTSnfRUdPL3v/8dHvfee+85c+YsXry4tsBmm20Grznvvfde3fw70IyRI0emds6cOXPevHkpg0xo0hJNqnComTBhAiMIgiAIgiAIgiAIgljJ0VqGivFJL1XIHK6C5p7ruI6RWiT+JjoNjY69SyZ44h9RqaE3WtH7JKmBLJ0Cmovgt0yVNMAEyrXNAp5kvoLaVVQgFmewWKIAv8IgjMoBi5OyJFoQ+4Q4P4gKmGv9iIOHlS5DjauSJbiez51YHYFpd3Q2kYo4Sc+Or5UFvHdmv6ZTy4YSnbiuUnugRkb7aghrHGWsO9EylFwuC5/v94NPNjlb2rG0HJSlVpo4MACup61P4s8xa41MsDZzNOXxYk7UTiQCxSsoSdFHXTXzkcRSQRAot5JisVQstra1tbe3KY8TgRmSHFuCJHkFLOD5yt6kVFJ5dqD9YRQKJU2RUA989g0VyEQJA8MCP1omIdEfRWt69IIQXH8Si98B7dl3lNf93bkvHX9MuGghKk5CrVxCNQbUPnbQwP5Z9eFsWuHBtWdJTzxOGihO1Pwa5ZqwPE5kMx4nqGSr9jjhNWVY4nfiRZHRndiuJ9Dr3JBhO1z6B0YQBEEQX3bWW9U5c89W32W/+k7Lb+4qlAK2/HTrjQHhZBR2nHjiiY1EJza+XzGQs0EdA7zRskPL+Latvb296xQV8FZthx126KLAzRrWBNCLAw44ALffeecd9MOD9xS1aXQwNwcUgHhzFxXCW7011lgDtyHM3EUmHYMxZVl11VUh+M2aA6L+aK7QiFKp1KjAsGHDUnu+973vHXrooawBqWwvnwsQ4z/++ONtzQrE+EeOHPnJJ5+g1AMK/L//9//++c9/Xn755YMHD06d/v7770MHcdXBFA8fPrx///4fffQRzvJjjz32+OOPX3jhhT0ylXn44YfN3x2HHXbYsqWwWQHspmG9wSYa2ICFOm3atG9/+9upvD+nzbodAAAQAElEQVQw/nfddRfcwnAD2v4x11xzzR//+Mddd9110qRJjSofN27cddddBy9BM2bMgGr/9Kc/1f2qBMp9mhSdvPXWW6+//npbW9vkyZNhflGAUpeHNLX7d9lll7POOqvuKQ888EAzSaZgnTTzOkAQBEEQBEEQBEEQxP8ivLs9yxqpT32u0owjRcU5wN65zFoBrbDQUgwlcHBcx/Fc5pjUNDwOL+s4L48ieOLid8kqHinL933NvqFqTNCzw7I5wdQxVjA8xph8cNaU93mSGUdfLoqCYjEol1UAXXLBY38VZjVCosOGEG4sTOHog8JkJdrvuK7re9x1GXpR43kmt5HCdbgTiLC6HQ36vkzwZZpTr+KXYkRLWqmB4grUWBSLJRxWeN7WpnzLoTuwrODz31Ip0BINN5fJ+q7vOFLZhijPEl1TOoFQnR6az8ch1AGF4fNo/KooykTQngT3eMxTiYm0PEOpQErlKAhEFHmOk23JuerCrsmzg6oI6XBXulovonoERcIwVBdwXbhOqaxEJ0uXLkVzlJZWCAipSoS+orFggX7AUbRTwQGB+qCLOFI9sh8HWlcZs/GFl00/7/cLX3sVdRhKyZFrGT56zMAlC91kGUvOZMrjhFf7nTCjF6nWmhjXE2lr0JJXDFtf0oXHCW+4RzRyPal3VlmIIIr6jx1XmDNblEqRzt6k3Fw23GTSr87sN3oVRhAEQRBfajZYzfntXq24vd4o9/Q9Ws64s8D6nj/84Q/wPm3jjTduRnFiePrpp9977z17D7xNYlrCcsstt5id6GBx9913p0Qnq6+++te+9jV7T20uGwCzN+Y0rDmy2azZPuigg7p99wUFjEilLvBO79lnn8XtkSNH7rPPPv/+97//9re/nX766bZfwhtvvHHeeeftv//+6Bvx6aefsmXilFNO2XnnnZsv/9///vfYY4+t3Y/WgF2fO3v2bDTMQC8HGOpamcUqq6zSxV8OP/vZz2qlPBiPX3PNNWsFT6utthpudHZ2HnfccW+++SbTUwYlt95667Fjx+I78Pfff//xxx+/+uqrYfutt946+uijr7nmGnsJwX4Yf6gEFgacu99++xl7m/nz519//fW33XYbdOeXv/zldddd17wjxYABAyrfA0hG7y9/+ctTTz3V6BTs/q9//Wtcotttt92+++7LdAoYvEFQJzRnzpw//vGPTAuStt12Wzx3xowZ3/3ud+tW24XNSR8xbdo0eDQ2Jwj04je/+Q1s/O53v7MVJw8//DB0Z7311jvttNO6rhbu66uuuuqYY445+OCDGy2kHjmdoMrk29/+dktLyxprrNGF5KUR5FBCEARBEARBEARBEMTnSxMShd64iiUmsLOoLJ/OgOuMOSIJ7GvRhRGjMAwjQ4xXqSBcHa02BiJsZQV7gilOlLjDqfMhVpPKkvr1J8YZlSg8xMTLATwqKw3tJmGMaKyEMAx1J8wkFFEtS5IXMUe7azAv43t+BnPxoFkLph5hthELr8wUt+QycdeWT3dSe65J3VOteKoq5qGFSeItkxrXuEGu68AwLV6yGD5xllp3Ah8Bt7W3w3ZZ6TYi+HQ4DMKWTA7ti3GgUS9S1UQmnZoWy+pkOirNTaQ+KFfGMg5asIhKPTALDlfpaGSssSp05qFA/4ED2tvbPZ3lSKk49GfK8RxAM6SDihMjSQnhMr4PD+VyUCgX8vlOqKRcKqsOKDMXFdjQWYdQzCR1Bh+oydXyI6nbBa2V+g7s8ZdK21Ydu+VlVy56662Fb8woLV40YO2Jo7bYcsFDD8y56jJW8SZJhkh7nFRWbQPFiZBVihPWlcdJrB2pshJK+ZfY+pIuyzCrjKgpg6dN+N4Rq2673ewXpi16Z2ZmwMBhG2wwaA36XJggCIL48rPeqs6vdm81T+Et4j0vr4io8+uvv37PPffAxo9//OMenXifpnb/vHnzUrlmADvhDgIxY1t0AvFmCGOnyrz00ks//OEP4dDtt98+evRo1nP233//Rrk/mJab3HHHHfDGCYp1UUmtdOOdd96ZOnXqP/7xDztTzJQpU1599VVUnCwP6p1zW1vz5ZuX49Ry1FFH2SoTeJe+5557pso8+eSTXVwipVFgVj6awYMHb7fddo1O/MMf/oCKkwkTJpxzzjnjx483h+Bd9xqaLbfc8he/+MUnn3wyc+bMP//5z7a25vHHH58xYwbTxjapNg8ZMgR2jhs37txzz83n83feeedymlLgdHdd5uWXX8YNo6p58MEHH3vsMVNgzpw511xzDdPprozoBP7iaGlpqVvh8n/JoEfAbfLCCy/ARTfeeGOzE9p/xhlnQDO22WYbWJNwP+L+BQsWnHnmmTBNBx544GuvvYY7R44cOWrUqLqVDxw48MYbb2yUVYolohNbLtaIjz/++J///CdsfOc734HHAzSs9zj++OMb5XKywbxCBEEQBEEQBEEQBEEQtdR+oLOyqS2W60MnbruWJFKG5Kl9DRRXsETsEh9F25CVEo5JUepNVyynsdKnLANx2ha9FYUq14rKQOQ4MhJpOUsSVY/CCH6YPV/SbjDml8n42VB/8TKUlVKSV0oJ3S2d6QWVHlLyz3sWvEhErLFNilkusBGGUUdnp8pQ47m5Vvg0NQf784VCvpAvlktqgATT4gxuf46P24neJ96ZMuHAyAEedlU2ljiQYPZjnViJEn3gmmZK4KP+y+vEN1HY2trqZTJotWKWuFJCONxlLkuELChtganylPSkJLkoFAvFYkGGYVkJTrKoqvG1KkUl3JFSWagolQnKVpTUS0tPHN1+ly0TA9daC37M07YNN2K1Co/E4yRZMfqo9dLRpMdJss1lrTZFGjFVA/+S5CjrwuMk3ea4DNa5ylZbey0tY7beBn4YQRAEQfxvYLLqIPA+8/f/yk+b2bOsfMtAsVg8++yz8V/k9dZbj/Wc73//+yaVzMKFC8855xwIPJ9wwgmmwIUXXvjpp5+edtppgwYNwj0zZsy47rrruq0Z2oYpMI466qiU4iTUeJquK7FbUvcSd9xxB7xnO/HEE1lP2G+//SCI/o9//OOII47At69BENx33339+vXbfffd2ReH1VZbDQUlMJ6zZs2yEwkB7777LmacZL0NxOxR6gRXv+yyy2pzAyGwJmH9HHjggbBEb7/99kMOOWTAgAF4CJPywJvwXXfdte65sP+SSy4pFAoobVkeYJHvtddejY4ee+yxS5cuveCCC7AXQ4YMwf177rnnZpttxrRm5e9//zvcF2hqYstr1lprrauvvrputVtttdWKNDt56623oBcTJ060k8s8/PDD8EfQiBEj/qOpPev0008323AvdJHJqwvFCawx7On777+/6qqrsi6B1yvMxWPbrrDkL8Fu6db755NPPmkm8xS2gSAIgiAIgiAIgiAIoi41vg3VT1fc94wwcI6RWGOlsfxVJrl07JQwHK6hvEKSS6DOQV9RSStWXpuTNDwZq6p9zNJzJPPJU+clhxtgBl95W5TLoc7QohQnSssAYyQ5t4w/9KRFYRiUy5kw52QYt2vnFY8QnWHH97PKpUNpTZT5Nccov95S2zrpC680o1r6E+9ZsXisvuIEbTA4i7+Tp9rpwkBEoqOzQ3DWL+jX3q+9pbXFcaFPLCjDx/JBkRWwJviw2PY7MYuex+ldqm4DU8yoojDYoBLowMQk7jQ6wY1jJs/ROoxQ+6DA9HR2dMAjfLiZVWqYlpZci/kqYSzIctQnkpEGNlS2JJgv18tkPNU1zkvlUghVFMKSEtCE2Vwum82omrJZnHJtaKOak8hfzFj1LL1OI7IjRnqrrBp8/KHlF6IWJOvO4yQuWe1xwqs9TrRmxVaccMZqNCLVHic8pSzBPVaZOuqTmnrgceCa62SaSKNOEARBEF8mPi/FCfzL+6tf/Wo5Q/Ibbrjh1ltvjduzZ8+GRwhaf/3rXzcFMKb+ta99zWSigffAzdR8+eWXf/TRRxAFP/DAA1OHrrjiihtvvLHrILfNLbfcgq4YKTDzDiZqqXviBhtskDJByefzGCDfaaed7r777scee+wrX/kK08mGFi9evM8++xQ1jewrVjYuueQS3JgzZ87OO+88aNCg2267zRzdYYcdlixZ0heik1tvvRWH8ZBDDmmkOEEmTJiw++6733PPPTDyf/nLX8yMv//++0z/HdFIIpDL5fbee+/nnnuuC7lDk4zWNDqK9a+55pqrrFKVC9LcF08++eTf//73IUOGLL8nByytt956iy03AwYMMI4sSN3cOnBfbLbZZkuXLoV1Ahtrr7027oeJaG1t3WOPPfDpzJkzTf4p5PHHH09dcauttmokEYPXDfxb4PnnnzeDVhe442BCa/fDLdxkkp3rr78ebuouCtx+++3tTfwx8vDDDy+nfQ5BEARBEARBEARBEERfgzFupoPVaqN3FCeoYcEAs6qaa4+JxK7A5FRJPE7in5U4uY5GN7UJ5YiR2dSRS3RxUvyNKQez9AipbU5ERe3Beb3zldNJuVjMtbd5uiTX6gkcbZWxRKKwwfP8rIrt61wuSqLgubHVhmqmg/XrWeKpBnOdNmZFKE6kqL6w9LBliT7DiBr0lhGeMEdltGFKWQOj1dHRWS6HcEp7v/65XKta35HMd+TLYcgKRaZlTq7raJWNkyRESiwxKtYYFTADUUXcoHdhfiWh8xcJJlR6G7URoZeKbg/cWi5cXOWt57xcKkOYoVwOYLacWLkSG+Y4sctKrEGJ9CIQ+v7xhNfW1qYUQp0O6k7gP/jEHKoKymUZCegAxFHgitx1lCCJR0xik2I1jJLd9BJtm2258KMPWJXHSR3FSaI1ifdIu7wxj+nG46TqMT65WkEiZLqkqKsyYfV9UMyeEVttzfqAlJsLQRAEQaw8fF6KE6bzmzz66KOpLB5Lliz5/e9/f+SRR44bN459frz88st//etf4T0XhL2XXzTw4osvQhTc0dj7TcdrM/voJIlK05wSncCgQcPM05NPPtk+eqeGadcHDMnPmjUL7S5qGTly5JQpU2r3P/TQQ++++y5rmjlz5tTufP3111GW0QXDhg0zbYN5h8f+/fvbBWx/wd7l7rvvZlqfdOihh3Zb+Ic//CHaoqAwAhk7diw8dnR0wBrecccd6554/PHHs5UbmKZ999237qG6NicfffTR97//fbbcfP3rXz///PPtPU888QQ8brLJJvbOXC6355573nTTTXiKuRfuuOOOQYMG/exnP8OnMJsp0cmJJ56Yetf92GOPNRJzfPDBB7jx/PPPs8bMnTv34osvbnR0LcsSsguWJxcVQRAEQRAEQRAEQRBEM3T/WVolwt7nUgz12S98IBppFw1t0qAtDNQhaTQW0riX1CdurLQDrkyH6JVXg7bTUOoWzBzjYORXaHsJl8V5drQjQnI52ff9rteL6g7WJAPCDaGTliQGGVYJuyxPOZ/Ev2VasmJ3GRU4arzcMAqiIBTaTUMKoYwsePq8Ndo9RQAAEABJREFUpDkiybCjBtQIM4wnCpyPXifS93VlQju1OMaVQnK0bnGVkkLNlCtZGIsipBFiVPxpWJfamabD7Mnlk9qqbwp1aU/rY7hWFFgLIlGb6HUKS1dpLrQRjLq2iGCVlRYtXsq429bals209O8HfXU6O/OloBx1sjCMcrlsJpNRJiCOdnrBkRV2H0xuIS5TYijUuSiRictVGhu4qqvcM5jgagL0okfJiKvULVCVMmSXAUwRTKeWBUn4/NH3/UzG91wPh9VxfQhwqO+/ikjXHGpvG5ZxYpeaUqFYKpdLxSLMtO4qK7AiPGrvlBZcqlzGaySuU6m9ljdqYhiw9bYL776ja4+TOnv06qrViDTyOKnjTdLMnu48TniDesbvuhv7/GgyptLMDZWqisQuBEEQ/4PAm5Ojdsy+/kn02GthozKfo+IE4sQ33HAD/IP1y1/+8ne/+53Zf9FFFz300EMQQr7gggtSEei6LFiw4NNPP8VtiAoznWjG7MGnTAsjzL+GcErXdWJiHSh/0EEHTZw4kfUSV111VapHcKGtt97a87ypU6emCv/nP/8xMXWb1VZbbfPNN7f3vPTSS/DWcuONN7YdXEzuDxhhO9a+dOlSeOzXrx/TkgtWj6katnzce++9tjimLpMmTUqJTgYOHGgX6CPRCQzCokWLYGPcuHHNWMKMHDmyf//+0MKPP/7Y7IQBx43TTz/95Zdf/va3v73OOus0kxila6688kqzjY00zJs3DybaGPYsJ9lsdsKECV0UqHsU/mYxHa8LphOCpdh1tqzVV1/dfvrqq6+++OKLsPHzn//cnu7LLrusSQeRFLvuuqu53x955BFoVReFjTrqrbfegjFPLULDueee29HRsemmm86YMSOfz9uH4Ba+9dZbWW9w+OGHN6NywxuZIAiCIAiCIAiCIAgiTWKWULWv6uM1k+qjmaq6o0E95opxOhGHS52KQ+dZ0TF8O+UNWkKIdP6dVEYeabQYaE6hjjuRNtFQKgdUYygRhI4CO1zGQXqha9YalCrxQV/pTmo/zJRpBQmrLZAgVEIU/IzRCDHMmbqbOq0Ql/VEQ1UaBln1qEL52uOEM1eEYRSq3DpxDWpkRCWnD45yXAnE3BmUhB+lLGHCHLND7UqZ4XvqIgJmFqpy4YhOxqKXo5JewKR4jitdL4hCPYUCe4F2FcxatF3PSzMLV3WnZmc645SXpFLREhmthDISKLPmeGJXEothHPjAWubzBTgeRVFbezt0u61fO9SxZIkolopBGLBK0hyRzWaSzDjpSH0l21BtS/WhJJeNqgquBZ+TR0rzopLjSJW4iHueC82Di0ahCv9AGfgMFB5LpZL+yLutpcXT9wbHgYZPMB2ppBhhxKMI7hyYJ5VwB/ZnPD9bLhc8v1DIhxBO0VeEy2GjPd/Hb9OqqlyHR9K0jfUSrePHuyNHi9kfG48T8xJV1+PEbFcpTirlebXHCWOVCWigHbHmPa0v4XXqscvUaYOUg9fbsN/oVRhBEARBfPGBd+w/3yW31QRvx3V9xop1dSebTXBO+fbnozi56aabLrnkEnhb8utf/3rHHXe0RScnn3zywoULn3zyyaOPPvpXv/rVzjvv3HVVv/nNb1J7Zs2atdtuaRVp8/YM8H7qrLPO+vDDD0eNGtVk9pwVyX4aew8MIETKISI+dOhQez8qb1ZbbTX0PmFJEpBMJvPvf/+7i0vss88+W2yxBeshqVD9hhtuaKwyYDbnzZu3/fbbp8qsscYaZhtFJwMGDLALoOik1zHaESPN6ZaxY8dOnz597ty5Kj9mNst08hoYKBhbGNXbNP369dt000033njjjTbaaOLEiU1mcUpx3XXX1d3/8ssvH3/88euvv/7ll1/OloOOjg6479ra2iZMmGBnMmoSGLFrr722iwIzZ8484IADhg0b1nWxFNdccw1uDBo0CNrGtOAGmmr/MYZ/MZmncMg8DcP06xu8sJjtF154oRnRCVy3s7Nz2rRpdX1rYPwff/xxuMXOOeecvffeu7YAtJY1AfzF17WmxNd/xLHuaJQqiCAIgiAIgiAIgiAIYmWDJ7A4SsvquKw0oSUw9h5xMh0dXHZc13FcbaHBkmQxaE/gMCcWqGjFA2efi71Jj9DiBtUjT318pPQzWlpTt2wdS5Dm/AfQvCQoBzrzeyLEMc43XKbGCf1LAC0h4XHwX/IaXRP3fF+yRA+UfMCFCiPY43qeMutwRKRcQCJW097YwaVvqHVn8DIZP9RmL0p243BTKtY0aa2GFsagKEWiOgdKRiLqzHeiy0gul4PP6VpaW9UwLRHweSUcggLZTNbP+FCX73vwaaAaPlQL4ZgkYyaNyifJgFM5ZBK4aHlHGMU6jETRouUgnpdl2dDz0LIGBrpcLsPvUBmWKKmV52egDNaqXWhUVa66ZxwfToKVAEWjCD6RxJ1wNA/th72BUs843JH6y4sQUcBPLR2te9JLh/XuJ/eDvrXLZzdczeo6mjRQnCSP6pdo5GgS72GsRinCU/oSVqcM666MfS0UMWGZ1b69KyMIgiCILwVH7ZjdaoKKSsLbpeO/mavVnWw2wfnFzq0m7d4KU5zAG5Lzzz8fZRCnn376rrvuWiwW7QIQlL3gggvOPffcu++++1e/+tXHH3/8wx/+sG5VEOBXTnXVQPwYwsPwZu9b3/oW65INNtigbvPOOOOMhx56CLa/+c1vNmOD0Ty//e1vW1tb7T0oqoA3cd/97ndThZuMYfcu+O5ovfXW22GHHdjy8S0N00MKIwkz9bvf/a6L3CKLFy9mDdLr9Hp8/aOPPsKN5kUno0ePnj59OtNuOuask08+ediwYX/5y1/QkmTp0qWPaZh2BNlyyy0nT56844479kjzfdZZZ5nyl1xyyfz583F7woQJ8PZ+6tSp999/P1TLeg78yXPdddcZvVfzJ8J1m8wds2y89tprzzzzDG7/9Kc/RcUYvEqknHIu1JinMIlbbbUV6w0wvc6hhx569dVXN0qWNG7cOFjD//d//zdkyJDao3ALb7/99qwJrr/++rqvPAZoQyMLIpuHH3741FNPZQRBEARBEARBEARBECsxRmiCohPZu2kZeJInJ/mgC2LoLPbpqAT3taggVpzEsgaVG2al1J/EKYC4znfDjTlK12qMiitHHJRv6ButM9rISGipQbksIjSZVkIKHCoTMcfSBsyw42a0egQtZuIkKAzT51TpNEzDLI8WrQ9yXM8TUcSDWAnQrEymb/Da2ttKxWI5KFt5UlSTUl8H0zl4OGo4HEtkUC6XcSOXVelsWtvatB+JKJdLQRCUs+XWllalSslmcrksjAx80O04Ri3F7PsBUxClhsOeRa0UcXTipYroRChLGZUtiamP4JWqxdHBHRjicrHYoTxteK6lxc9kfV/lQJI6SwzT3Ynz/ijLEifSQHVGywJjEgbKCUcZn0Bt5TKESVTWnoyPYqK48b06fYO/8Y05f7lRFAuMVbLnsFhZIlOKE2n2VHmcsOp8OvU8ThgzShEh03tkF3uqmyL17cJqzsI6vdb21Sd/mxEEQRDEl4KHXgu2WctvSawWfrpjle7k81Kc5PP5X/ziF0899RRsn3baaXvssUfdYp7nnX766RDOv+aaa/74xz/CWccdd1xtsT019h749/3www9nOkXFD37wA9ZD4E2gUZww633dYYcdlnJKwAQ9d955J4SoU5Wce+6548ePr1s/BO9TKhbzxrJW3YJZgeo2cs6cOfYeVGbMnj0b3+gio0ePZj2ns7OTNU67s2xMnz59yZIlW2yxhVGcwGDW9hfVFSkrFHi7u/wJa2oxBipoqtEMaMQCDB482OyEtsEyO+SQQ1588cWpU6dOmzbt7bffRp13sVh8XHPLLbdcccUVKbFRF+y8885m4V177bVGdAKT8rOf/QzuiwsvvHCrrbbCBElNgpW8rYFZgNV74oknNn/6aqut9re//a3uoaVLlzbTEljMzz33HKyBuu4vxuaka8aMGWO8fF555RWoat1118Wn0MEPP/yQLSvvvfcePMKo/ve//33sscfqdgpW5mWXXbbRRhs1qqTrdEKG3tWxEQRBEARBEARBEARBfGGwzU56ozL9u2LLkdicxEoHraWITVYYT8kfVkbFSWx7EQf+tUynbyQZQkZREMCPjD8j1ZdKjD54/FksZ7FFjDJcUXYY2hHDYZ7yBIn9auKCpgPMyIws+2pbb6TzIDlKtxCprhqpRTxHsm863AAvl/VdaFARPnCHD+K5VoxUtdts6HFxeJIJ3qS8QR9mnU+oLZPJtLa1wf58Jy8W4QPwgtKj5HI4FtlshksHvTEquZEsLMsT/bS6hPqIXLp2w/Az6HixwP+uMo+RbpxTSntEF7XlSej7ZT+TgQaob3bqqzs80Wcwx/Uc1/V0Lp0IrwnXyoaZoBwUyyWVaicoRxEugDDXkvN8nycz7fSq6sRr7zfo27vOv/sOIVKKk557nOC2smKp43FStS1EWl+S8jgxZWLZWv16tACosmfN/b/rNx0PIAiCIIiVnLc/Eb/6e/43e7Wi7gTeSBjdyeelOIGQ/O9+97uPPvoIosWnnHJKSi9Sy5FHHgkx5t///vc33XQTRGp/9KMfse64//77p0+fPnLkyIMPPpj1EHjXBBH9hx9+GLbXXHNNCM+bQxCTzufztacs0qR22hlAUpx88smbbLKJvadYLG699dbwfq82F8l//vOfn/3sZ7WVzJ07d/fdd6/d/73vfc9++vTTT6OFTBfmIrVAuB0eeyRo6BbUGH31q1/F+s8444x58+bdfPPNqWLoIwIjb/bgW/dlS1LTNauuuipumDw73YIlBw8eXCsfgT8oJmmYnlDoyNSpU2H63nnnHab7BevqggsuWH71zOTJk++++264j6666qqTTjqp2/KvvPLKv//978ceewydXaCd++2336GHHgrvgffff/9UYVi3UHl7e/suu+ySOmTrbGxgTOAuHjdu3F/+8peu3Whg0uHOOu644w455JDUIVgSzzzzDMzytttu+8gjj5j9tV/IOPDAA02zv/a1r40YMcLcNdByO0VXj3jrrbc+++yzgQMHrrXWWrvtttuTTz75wAMP7LPPPrUlN91000aVQPf//Oc/s94AXruaWSp1X5EIgiAIgiAIgiAIgiBWKnrZ2sSuOQ7Qq9A3174NTZ+6UnqcxMFro8xRaD8R3GDLCUdPEq79MaIwCgPMteKo8HqlCVjWnMNYbGKitAth6IWREhpo54/qpsdeHdqgRZ0XJeIN0xljhaKyuLiOytUTiUTpYl91xeHBh8+ZjCtERstooG2RsvfApSUtMxJ9LH5MeiV0LhsgKKs0NLEViuOoL5zBCCuPkAJ8fgf7o0DZxDDWnvGzDGtDr530vVFlf1J75+hPDCtlUHTCOSaWch3pqEAPXFpGWHuorqvKeF4An12K9jZom+d73PLN0XePqhQqh4nBmYVtT+P7XhhC8ww/xnMAABAASURBVFFwEnR2RuUgyGQzUI+j4byXZ234XnvPn3IPK5dsj5NkdCzFCUt7kKQ8TtAKhTXwOEnZp3TjcWKJXESXZYxOxc21rH3AgaxXqdgZWeZRbEVhr8YVqwwjCIIgVhbq6k7GDyvvsmFmBStOOjs7L730UjRLGD9+/Nlnn21rC7pg7733xnOvvvpqeDNjItannnrqyy+/XFse7SgWLVrUyEOlls033/y3v/0t07l+IC4Ob5ZgY/HixZdccokpc9ttt6Xe5kGA+a677oIQ+EEHHZSqcPjw4awvyWazqG8wTJs2Dd72QUTc1mdAR1An0XwGGZaITjDHzc9//nNbedMtP/jBD+oO++OPPw6P22yzDdNylvnz57/xxhtPP/301772NbvYq6++Co+2kwS+K4a3u6y3MaITk2ena6Als2fPZk0MZi6X20xz7LHHTp06FdYSrMYnnngCerfxxhuz5eakk0464IAD4FaChbfKKqt0Xfi000777LPPYKO1tRX+xllrrbWOP/54U09HR8fChQthucKKYtq85+677x4yZEgzchbkH//4B9wXEydO7Db/0RFHHPHoo49ee+21u+yyS0rCAksCegR3N6xh9nmAzkZbb7013DLbbrstLH7oV13RSV8zdOhQaIPtV9QFUBLmLpWOiiAIgiAIgiAIgiAIYoXTlbCk7wKjPElGonUMHtcRcJnYhTBMSROHn5NUOmiskSg5VsboqdQf4ttJamIRiqwUYBWTBbQJMVKR2g6lNB8xQilPUEQhE+FHckJicWK1SOsjlJBCKKmI4LHNiYl6o+2FOUGnPKr+ShWGyGObD84d1+WRU7mK8/nMhacbKTMZD9oDH03CEoKoibL8CLWkBJ1zJGZREaYr6lF3F/PawNCUywEch1Pgo2HX81paW7WGwykWi6VSMXLVJ6cdLN+Sk9lsBj7slpihSFUpeDLBSOqGSe1BnQfOJXwgi2lx9E4JzXa1/AQedKodXTASpWI5dENojfYyETkIFfk+tM1zfe3noVxF1Ew4LlzH83zewn01AtriRFug8FKJBzwIA6hVlss4MirVTh98VdTvP2DIHt+Zc8etzHI00TdsRXEiZK3ipBuPEz0WVY4m3PIvqaqzng+KmQuzp64PimnVhH0PzPbql3rZCleZdEt1Y+y7N91I0qgQBEF8aajVney+ccYcXTGKk2nTpv3617/G4Pf+++//05/+FIPcTXLooYdCOPzmm2++5JJLICj77W+rXHjwhg0TwdhgBhx4uwX/5NUeDfU7JWUOV311tAMBxo0bB+eec845O+yww0033WSXqU1VgwloIF7ebeDf5uijj65934htQyMQG9vMzwZi9pdffrm9Z8cdd1y0aNHZZ59tko8gqKjokejkk08+gcdhw4bB45w5c/Bpk3R0dNTunDVr1jvvvDN27FgYXtzz4x//GNbAn/70J1t08sEHH0AXoP32eKIKoVtBwzIA0zdo0KCFCxe++eabEOPPZDJdl3/88ccx29Fqq62Ge6BTjz32GGzsuuuuI0aMqHvWpEmTTtXA9owZM3pFdLLGGmtMnjz5vvvuu+qqq1As1QXbb789/DUB5ZcuXVrrmvPAAw/8/ve/hzX5/e9/n/UcqPkf//gH01muui08YcKEPfbY4+9///sVV1xx+umnp44eddRRcF/Umv0YzDchWG8DdxmKTlAUBX8rwXDdfvvtb7zxxsSJE5uvB6bjzjvvbKbkZpttdu6559Y9VGv/w3Tf33//fXP7EARBEARBEARBEARBrFQ0UgsYnUESVUcphd4D4WAr5cqyXxovI5mf8eFTXxVW1s85xvQZxj+lJY9oot2fO1qzoe1bOA6e3ltRj2AZY/9gSVLqfOxsnRaxWD/BI+W8ESpjjkosW2Iyn6ocRMmWMvSItOhE/TiO66PxhxrzqDKMlabCjyPTkxun0tEhCoc7roN2FLH2JemAXIHz4uGXHVUKIdUAz3GE2lbZf2CMuNaexEVR+cC1SITpOXL0OTKhHJSlli60alWHo1Un0LFSsQgfK2MZocnlsnGCHiEcJ07Ww00iKLxcfbOTKq8L7XHiYM1MfXHTwUpUUMFljpCu75XDCC4bqXbJUkm1txwGuVyuJdfiZFWeJK2aQNPlWMPh+xnpCeErpxMYH/UBvZJBKeuRSMuOYA8vqQbAdl98W3TkPvsvuP9fwZJFpstCNvQ4SYaoyuOEWRqUSg3V3iS1e+r7oBhHmrqqlHp7ckOHb/CDI1gfs1IJUAiCIIj/HVK6E8MKy6oDb2Pmz58/ZMiQX//61ylziyY57rjjFi5c+Nprr2255Za45+KLL06VgSDxYYcdBu9z/vKXvxhlgM2JJ5742GOPnXzyyY08DH70ox9tu+226667LusDvvKVr9RNcwNv1TChzw477FD3xA022KDu/v/+979/+9vfdtppJ3tIb7rppnvuuQeC9wMHDmSJ6MS4enTL7NmzFy1aNGLEiEGDBpmdEAjvNuB9zTXXNMotUts7aPBGG230yiuvvPDCCyZfSa3NCYCWDz2SKDXPpEmT7rvvPlhXd99993777dd1YVhUuGEWT0dHx5VXXsn08v7ud7/b6MQNN9wQNz799FPWSxx55JEPPvjg9OnTu5XLGM+SJ598svYoTAE8jh071t5ZLBafe+45ew/mnak9/Zlnnpk7dy6sri6SztgcddRRDzzwAKzPfffdd+2117YPKdfJLoELweM///lP428Ef6zNmzfvtNNOw6dNOtbUAiMJ5w4YMMDcR7vtttvtt98Ok2t7HXVLoVCAeweNJxuViVS23KCuNgt2wl8KbW1tsP3hhx/Ca90qq6yC9/7Pf/7zp59++vzzz0dZjA20/JFHHoHXPUYQBEEQBEEQBEEQBPG5gR8vV2Kgxgsi+W4+j3UgvQz6Y0QQbRfSwfw6qGLAVnFmzDb64up9hi1CcJwkzUt8MPYYYdUdqqM5SUel0esBY+NKPxKGSd6YWLjDqx0JjB4l9oVR+VyE1PIFbrxNpF08PqmqSXX758TpQYxTjS0AWn4pUvN4KNrQ4hB1aSHUinGECGFNy1AqUU6kjV44x5bpNQVjoLqQ6GqEHkSlOykHqFJwWlvxe7FolFLI5+EzQSFkEISoEclokRRzXTgZr60dTLhRabFq3Uk8l9K42sRKEd141whf9GTpuxEeHOVeArvCKIJatf1JWCiKIAyDcuxaoj52V7KXWMih15urpVs6B5Kyq3HCKOQualIkDx0UzkRq/ahvi/aF6MTN5YZ/99CPr7w00cF05XGC1PM4qShObA+SKm+SRuoTyweF1bqqNKjHqE82+fnJXjbHep0VdlsQBEEQRJe8/Yk47778r3dvtXde9mhhBShOgPXXX//cc8/daKONbClDj4B/5c844wyIy6KWohZ4k3PWWWfBu50f//jHdRUnEHR/7LHHRo4c2UXaHXgT1UeKE+Dggw+uux9i/A8//DC8Cz377LNZT7j33nunTJmSMs/IZDKzZs2C/Xi5nopOZsyYAY/rrLNOqs66chmbRm8v4a0QNAY2dtppJ3v/IYcc8sorr1x33XVGr3DffffB4yabbGIXQ9FJt1dfNo488siHHnoIVs4NN9wAq6ILacsLL7zw0ksvMW2Gsd566+HONdZYAzdgaXUhOoHpwI0m80k1w5gxY377299uvfXW3Rq0dA2KTlJGOJ999tnRRx9t74FeX3TRRbWn33XXXfDYfB6rIUOGHHbYYVdeeeVll12WsurpFkwUNUNjdhYKhQcffJD1kOeee27evHk777wz068bV111FWwcdNBBRvgC6x8m96mnnnrxxRdTC7JbTjrppL333rvR0ZdffvmII+rL3OFeuOmmm04++eR999332WefhRdMaCGKTg4//HBoMxyCWbDzasHNdeKJJ86cObN///577bUXIwiCIAiCIAiCIAiCWDngPL1RMc7o/e/no0lGIoSILyNrrmz0DcazoA/a0ktojUGs61DZTxKSnvYMlCrojDpCySaU9YXKnwK/UBSBheyKefWjKiW0YYZOymPK81ivwGtNVqpSAqXqTXQnSTWJW0viK8FWFJ7ReeCn244jHeYrAw8nCpXQQmiFjhKdiGSkoKGutcC14oQLGecggk8b84UiFMhks77vt7apeIzDOcQAwjDAxDQwjkGY8T1fSU9c7ursOEKg5sPpormyouhxcIk4Oj8OZp9RohBH2ZFovZWabmi677raxcacKMMgCMOoVApKpXJLa66lrc1X6YU8vG3gLCeZOcfTjRMuT/xUHCfQZifo2aI6C09ZHzDi27vMf+BfxXffjhdbPY8TFoulWLU2xfY4sZZ3I2+SukcTJQqryuBTuWKqHrNgYXPE5l8du/0OrA9QebC4/cJGEARBEJ8bL70rrn+qePhWcfz+5qmlx6b3yVuCumy//fZs+fA8r5HiBLjtttvefvtt2Ljjjjvee++9zTbbbNNNNzU5caZOnXr66afDW8dTTz21L1INdsudd97ZSImKmmB4ewYt76IGCEXbT6H8I488Aj1KDezkyZMvvvjiu+++e9lEJ2hxYXQVyw+Ez6ENa665JlplvPXWW09p0NcEjk6fPn399deHuYNtiPqjFMCAmY/6yOlkzJgxe+65J0zNnDlzjjjiiPPOO2/UqFG1xWDxQGgft4888kizv729feLEiW+88cZLL70EPdpqq61qz4U33/fccw9uQzdZc9iDsGDBgrplUiKeZWDevHmo5ICFZOeR6dev32677WaXHD9+fO3pzz///BNPPAF306677sqa5oADDrjppptgSN98882U2UnX4Eq+5pprTPalPfbYY9iwYSYjz/3333/ppZd2W89999131llnwV2Dg/zXv/4VaoYu77///nYxuH2g2GWXXXb99dezFcLDDz8MLxHwwlV7aIMNNrjggguOO+64U0455YYbblh99dVLpRL8XZnJZM4444wf/OAH559/PqyuXlQ1EQRBEARBEARBEARB9AXGx6F3v7PfqLaqYLCMNS9xhFo6rOKJsnJhhBDC0pvE0W9LydFt8LkqGM60ZkQ5eXAZRWEQRGGECpIkAVE8QGktDkbWuRZfhOosT0sOuMu1lCE1gKg+6e5rrpw7rut4rhLBcGueZGUEVoyrg2d/kxKdQ0IewuJwheNw1H/wSGlF0FUnkTKYcyRmDKqs6UR3UhA6MU8m47e2tvqe15nP5zuV34l2Q1FlINpRDvyMDwdd1Q43nnXUnXSXPCXWCBmRim3RAZED2K8SIumPp7UwRQpMMYX6FBGVleooLAVl6C20ED5/9xwXkxylXHOgKgyowEa5XIaWB0q2Egq9oniXKpnlYbWf/nzGcUeyLhUn1h41ILYPCotdT6pL8qoysWqkpoy0pC7CSv5UR7NSXY/X2jbpV2eyvkG/iMWSGpNfyWwTBEEQxArmnudDiOMfvlXu5qmlO6cG7EvEd7/73c033/zr946hAAAQAElEQVS555579tlnIYh+7733ws5Ro0ZtuummQ4cOhTg3vL9Ccwj2eQAxYxSXNALeHvzf//1fFwX22Wcf+/3DCy+8sHDhwi222CIlxBkwYMB2220HAeyXX3550KBBs2bNamlpgRFgTQAtfOihh2Dj61//OusNoFNoI7HqqqvC4D/11FPz5s3DQ6NHj4YY+eOPP37dddddeOGFt9xyC9MyAgj/2zVgIpL29nbWNxxxxBHPPPPMxx9/PGPGjIMPPvioo45ad91111hjjVwuB38HvPHGGy+++OK1116LcwdHbXEGcOaZZx5yyCHwNvv4448/8sgj99xzTzPU8N7+7bffPv/889FNBGaqrgFPXWyhSR+JxQEYfNyAu2Py5MnGuGXw4MEnnHBC1+eWSiU05vne977X5OpC2traYJRuvvnmG2+8sZG1D4z84sWL8Sq4BxYSzBGs7Y033tjcBbABf4wNHz4cn/bv37/bq//5z3++/vrr4W8olGrBpF922WWw8YMf/CC1xnbdddd77rkHbiK4I775zW+yPua111775JNPxo8fv/rqq9ctMGnSpOOOOw7uFOgCrDpo2EknnQRr74c//OHRRx996aWXnnrqqbfeemsfybMIgiAIgiAIgiAIgiCWB3Qf4LHRCa+YEPQqyYdG2g4glj1AXFyyWFawMupL6qKz6iSfgVnCEdYTLK8HHaqWRgiibE4S0Yk0SVuYSSrCKpdKhCjaxUNIOAVO9MIwGVVp8igJWZ1sp0GjedJB13NF5KF1SiXPzgonFp2gjYdrqT3gqefqlE2OW4xKaHfCMJUKs3QysZDJVU4gmA+JqVUHnxcn6ioBn8635PrDx3ZwrcWLloQaiFUo6YZQTiG+72Uyvg8XVFlsJCbNMS2pkhRIR7LI/niUWboTVj3rqBMyzUQbFf1Zs95SIx8FxVLRUx4nQjVDOa94ekC4ltI4icFJrIjRn8ZCs5P9kbpKn4mD2saPH7r73nPv+RtjVRl2qvQfrL4GhdXsqfPIKpXae2zFCdYluqvHbH/l+BNbhw5jfYO6XR1ekc9ZwhfSnRAEQRCfC/c8Hz75Rsf8pexLBvzDurYGRQCvvvrqww8/fNddd2FuF6ZTeyxatGj+/PmwwVY4EOoWor7EG1p7xBFHwBu26667rosaUu8csPC3vvWt2pK77bYb9P3uu+/GrDS77LJLk+86nnrqKRiiddddd9y4caw3uPfee6dPnw4bjz76KNNdgMq300yYMAHeXUNo//nnn4eI+/333w9vVg866KBUDR988AE8duFws5wMHTr0lltu+f3vf//AAw8sXrwYdT/QTtg/b9488x4V2vajH/2oNjEK9OLEE08877zz4O36VRpoKozekiVLPvzwQ5hZLLbxxhtfeOGFTtOy76lTp5op+853voOD0LtAC6+88krY+MUvfnHRRRedcsop0MLmxT1/+tOfPvroozFjxhx++OGshxx44IG33XbbQw89dPTRRxvbEpvzNfaeZ599tlQqbbnllsv2/hlmp1AoMH0bjhw58oILLpg4cWJHRwf0HRbh5ptvXpsdCS502mmnwYI855xz1l9//boWOL3ITTfdxLpzr4HGQDPg3oHtTz/9NJ/PL1y4kOlMVU8//fS0adOuueaaY489lhEEQRAEQRAEQRAEQSCyi2crKMpvR8/77BoYmodP3mJnikooVgtQWI2+JdYNsJULnoS8UR7Aq5xZ0P7EtFkknW0OzL0iMWcPh4+po1DpHeJxqZmcZLdMtU3Ap2xBWYRZKSKpkq6YXDi6cTzdn5phjzOWaFGN67iesuOQgYz9UeKMPBV5Qd/joRiHo2QJE9Y4jtLXRNCayPM81J3AR5PwUW+kZDo6m42O/ePaFrFCgzko7lEVShmxSAYldC6B4znh+E57/37wdOnSjjIMoogcGM9Aj4iecBgJT3quo/RZWn0SS2GU1AMWdzJTMHA6VZK9fG1tioxlQ0oXhPlxoB86UZDyzRHm3tDWN9BWUehYGgWlIJvLZjNRLhdLTzyVeChKxgYWIzTJdT04COPgeRnfzcDnquViKYpC1meM++FRS195qTDrHVZPcSIsj5NEKBIfT+3pwuOE1+xhrAceJ8I6a/imW0zYrdk89MuAwxIbIokrQV0XY05S76qSH+kXRi7q3Eiy9u4izQpBEASxrHz5FCcGeN/71ltvvfTSS88888zzzz+vhcL+N77xjdmzZ7/88ssQbIbIOsSYJ0+e/PWvf73JEDtUAiHe2v1Ll6pxhOA9Jv5IMWDAANu0Y5111mlQfZxBBt7ANJ/UZurUqRBjhvB5KhkNMmnSpCOPPBIef/zjH8M7Dcyz0y3wZgOFLLV1TpkyZfDgwV2fjuKSFBtttNHAgQMhZr/BBhvAI3TQHnN473rmmWeOGzfupJNOgveoMCkmHZLhzjvvhMfeEsHUBZp09tlnb7nllldeeeXcuXOZHgrcYHpeNttss+OOOy7lcWLYe++9N91004svvvjJJ5+Ep4sWLYKVZo5Cy6HAHnvsgQKgZQBmWWURtYwea4HRM6uoURmjgEGuuOIKaCrMCzQPVvh555136KGHNrlU3nnnnRtvvBE2Tj311EwmU1sA/WkaMWLEiG9+85v33XffzTfffMopp9QWgEGzlWH9+/e//PLLYWOTTTbpolrZ+G/Rhx56CDoLGzCV5557LqxJuHmPOeYYuHNh+7e//W3dcRs/fjwMyA033PCLX/zi2muvheXKmuDee+997bXXGh2tmywJyj/88MMtLS377LOPvb9cLqdKGgsiuP1ZkvYI9TH7778/OtZMmDCBEQRBEARBEARBEATxJUMmOTQqkfy6nwLxmo34iWSyL0QWmALG4UmAXFZJD7QQATNCoNhAVvYnZ7BlwAhJuAro429tuQDPfOW/wJQsQGVucR2hhywxDVFpTXSOGigf6gNJDpV0v+JuyGWNx9btWnVNKFGAjUiHyLnEWLcaKQd6pELeKnsJzniiA1GlHEzpYreMo54EDsdRZqFnXcQJRrRwQOsMHMyzAiOkhCsilujEaTowUs9ZvGQ4S8xpYicU/RwmPIQfj3uq/VA9jCAXXOJkW1Osw+CpDuswuE70wlzH8bhOZaParC+sjDl4YkCRjNgyLhLWlAWHV/2xoNLOqCi+Sv8DT93ETCLuBndC5fLC4jHGQdcdQuEJT+QOWo6g/E7CuBOc+bms63vtberD8Y7OTvisVglAwqjISoHKV+NnM1l1npK5RMo7xXW5cbPgdq+kNpZBERE3biimI0l2HtjwmFanuK7AGzUMI9yIb1bdLSGiYqEAH0QWC35LSzmby0YtLbHuRAtutESo4qoCDYOIS5hRopOS5xf1V/36jgm/OGP6T44UpZJ5taj2OIkHXLLGHid6ONJ7UsoVmc6qU8fjhKGJUv16coOGbH32/7G+RKJ7jYxfz1BuYl6nbETSB86W6dWLIAiCIBL6t7IledZHDGhjKw/wxuaTTz6ByPGHH344c+bMt99+Gx4x+g6svfbaO+yww1577YWCCSg2ZcoUCAk/qznnnHO23nrrb33rW9tss03XOSkWLly45557Njp6u6Z2/09/+lOI4sPG888//5e//IU1Bt8eQF+6zWly4IEHbr755rCBMfjvf//7mE5x8eLFGObHuDi88fvhD394/fXXw1DsuOOOY8aMYU2AwXII9u++++6pQ6gwWAZWXXVViKZ3UWDSpEkQ8p8xY8Yqq6yC+oN58+a9+uqrEIDv7Ox84IEHXnzxRdiJyVB6RCaTwcB8k+yuWbRo0VuaOXPmwLIZMWLElltu2a3gZty4cRdffDEswvfffx8eZ8+ePXDgwFGjRkH3mxcSIQcffDD8jWH/sXPFFVfUFnv00UcXLFjga2DSYT3DXEM7R44cmSoJc/rBBx9AMZTvYAEY8L/9TRkTHnXUUfC43377wSK86KKLMBfSxx9/DEu3nwZFQkXN5MmTYTkxvVZXX3311VZbDabPXAgmCwYNb6V//etfrEuhFXQTBnmjjTaqe/Swww7bbbfdzNM33ngDbiJoSe3KBGCdPPnkk62trZgZqq64B3PWHHTQQccdd5yysVy8+JhjjoFqYZmdf/75XaQHOuKIIx588MHp06fDLMAdzZrgVQ3rCddccw02zzj6oJpk6tSpV199dUobBzP1yiuvPPHEE8xS4YwdO/bwww+/6667upb7EARBEARBEARBEATxP0iSc4atyPCjrEoKY8ww4l+S9boEBiUXTnLFyuVMr03oHuUvPHENMAliVga4FsgY1xDU5rDlII7U60qZjHSdjha76CMSA+nVaTpk49HQkymiSNt5CJYkAUItTBO949WGLdrRxXEEE6ataHbCVhR1RCfYAv3bcaWrrEqU0EI5fZSCMnxSqlPnVGQ+PLXg9DYOJebQ0YoP2cJ4JpfN5nLcVaNWKBaDMCwHGiFDNxBKJaWkOEEoIyHgU3/PcYw+y6q9mwFyKkmClBqIoceJhiVSL5M3J1EysEj73kCZUqkURlFWA588u57qvuM6ZnT0lKmGqc+lYVScvr11WlYZM+GXZ731q1NTShE97rLK1yjWtcVqI9HAm8R2NKn1QWFdluminm3+36XZAQNYHxNPItd3sb0qqm/ZFXcDEQRBEF92xg13Xp0lev8PCV3h6sN7YtzXxxxwwAGzZs2y90DwdYMNNthwww233nrrESNG2IfGjBkDIfYjjzzyhRdemDJlysMPP/xvTf/+/W+//fYuAs8Q1If4OushUC1uzJ49GyPE3dJtMeNzAL248cYbIQb//vvvQ/gcguhhGEKM305Dg0YsEL9nzYFXhyGC+H3q0MEHH9xtTqKnn376+eefZz0EAv/33HMPvIOF2D8aw0RRdPLJJ5sCmNcGJpStEGAAt9CwnrOqhi0fqALplmeffRZVIzY77bRTbQaf995778wzz7TLwCMsfnhTus8++2y55Za4H24l6PW99977yiuvzJw58/XXX6+9KIqomJZz3XTTTUbdhcApt9xyi3kKf4ftsssurAFQw1//+tfa/XDXjBw5sqWlxd759ttvM51ExtxTNrB4zj777Hw+1tl94xvfqHu5P/7xj5tuuik+hb/kFixY0NbWdtlll3W9tHK53CmnnHLcccetueaarDn222+/rbbaqtHRd99995JLLknt/OUvf3n55ZfbNjMbb7zx6quvDnN39dVXN6pq5513Rm0K8r3vfW///fcf0Pd/2hAEQRAEQRAEQRAEQTQPxoINRt/ALKeTXkq+I5OfKnhVgcSBg1dSv/CVLESrLSocnS0oJTboWTWMJaneY2mBo3xE4P9IRkEYJbl1bMsGc63UrDFWES2JCGqIRBjBhuNqRYT2u9HmMd0NZOLKYboGPY2q/FrYCsbDj1Njnx4pqvRRaL/CuNJWaF8WN1DFodtRqDQcOvuMMnpxRbyWE1kTR1UHPoNypXKJqcQ5kvlZ3/db29qgcKjyTwAAEABJREFUxmK5DOXK5XIUBdoTpYiiDs/3lASCcelCYEIJPmDAufYlSTQx2v8maac9oHiDJZoSJQtSNklaI4KHbC8aiCgoEYOMHVvgUBSpiWUdLCgrPUxG4/uecHVTXFfGiZQc1/OhfFarcVgfM2jTzcb+9IRZl/w/2+NEu83wKtcTe0+1x4k53MUeVm+PbLxHWns2P+3MoY2/f9lb6OWp26KzOkkn1jYxh6deJipPSX5CEARBLB+T18+8OqvYR9L1XTfKsD4A3vmgIUdt1LwLIEz74IMPjhs3DgK08LjWWmt1G3PFbCnAySef/Mgjj0yZMmW77barqzhpbW0dMWJEv379Bg4cWBvgb57Jkydvu+22rDcwcpBtNEyLbOD9HoTP4SmEnO3CP/nJT0aPHl3XbQL6hRYpNr/97W+htpSZBIznoEGD9tprr25lN1EUzZw5s6dJZCZOnPi73/0O3h3B3Jm2nXTSSUuWLIEKYXuTTTZZBsXPl55ddtnFVmDAsMMCMGNoA0sd1Qywkrfffvs11lgDto855hg4PbVgxo8fD2sGt4vF4oIFC+AR/urBvz6A9ddf3xSGVZdy4IAmGUsY2ID22BKoJjlUk9q52267wW1bqyY5//zzs9kstOSMM86YN28edHDSpEmN1GNGcQJAmQsvvBAWWDM+NFtttdXll19ue7og8HrV0dFhv58fPnw4rGe4UBeik2HDhkGZlDgJdp511ln2HngZvOOOO6ZPn/7uu+/WVgLTDbdqKt8T/g3ICIIgCIIgCIIgCIIgVm54OilMr4ACCzsPiWy+GZ8bcZ6gyg6VyUU5VKiEJiYpUuypoTUNiQqltvFJBhhu7FEqOYV0cFxbJAgRBeVysRiVy7bipyI2sSqpbS7UocUWSnGiIuBcMp2/KKUrYl10Nu6mNFY3JplPUmCFhsn5zN/8iGHKEplIlpKxS6xAdFog7YSh+64UIvCRaalcCgLMViO19YvEZEP1O+Bw1/OzWb8l1wIfaEJtyuZECzs683llLhIEMLnwQScczWSyOoWNB/8pyYfvcZ36CGcYbXBMjhWjJjEb5pq6+SJZRXHjlWhIqJw7sA2Xh0epFTPoQqPVKUoc4zqurzLs+PCIn8Ci5bbjKukJr+THUisi3O+kIUP6/JtwH9x+20fXXy3i7EJxBxkzfieiktioJveNSIxnjHaktkzsXNKgjKgpI7RFDDxufe6FY7f/Outj5s9fnP33BdKoohxHxvI0tA+ypDNMJc+Kb2xRp6o66rCUUUrVKko2WHpnlYSQ1TvFHN32Z/A4elTDr30TBEEQwNIO9fX6fu2tbCXjV3fnldlJb7PpGs4Zu610nSUIgiAIgiAIgiAIgiAIgvjy8cmn8+Dxu5c/GD+vWHTYcf6aLZ7ehdFSVu8cVt9hwuySjc7CaiGS63CTlSJODGMEDRj11sFs/FFhShX8VoSp6KeKfSeJVmovVAlrxlIAVDtwGalYv4zE4rlz80sWiHKRsUhdy/EciJD76pGrDCGe63kqViuMJYV2jLAFD8y6QleD0z3d234Y85DEuwBPgFZnW9tbB/TzfA9j69q3gml/idjegnOvumWcc6dSa/w7QlmA0hUkIhSlOMkXCos78ouXiiBgQmiDEml1NpYyMM6s1B08aabkruNls239++faW2FIHZXtHaPerlE+1OmrvVNWCMvlMAjCchC7hmgBRKyPSdrcxEguO54wtRvxTfWaZEkiJkylg64nHqwkuBNFUek3VAt185OystqgRu0QUoSB8iDRwgj1fVCYQ503vTIYcEOEMFWlchRm/EwofIluHozDGq7UFnuqcNmETRBPcs3gbMJq5ypRTqRnSa0quEsCWAcsGQB9F6NRSrkEcwOzo5Qx2Ww2DGFb3UvQNm38grh9ODnVjN3vACeTmXXVZTWKE5NVRzJWZd1j7xF2fhw8mpSpuJ4kZap8UKrrkVY9MOnbX3LV6MRLvM+RxpPISH4S1ZHD7Rctne9KLTZGEARBEMvNz3ZqueC+wmsf9qbuZL1VnZ/s2MIIgiAIgiAIgiAIgiAIgiAIoktQKWJrF6r0DY7DREVeoE9osuIeWGJgjJ43XT6+AJ6wYgLqdrhYKUsgku9oO3DOmKyXKIOnz28quKy1D2h3EQZCK37Qczw1L3XORDUJCiqEUlhosxMlXZDCjYU7sv5ZVQ3FCyXCKcxCw/FHylhwsmLxjO96xZVBp8FBhxnsgECVE0T2XUxnowRM2LViqcQjAT2IIjUscdIXnpoStQNWehiFhaISAYlcztO6E6Y9jR09DKViAQ7BnlKxHEYiozMYsdjXxHdVmh2jLGJGKRSrH4RIGcjbkhTUtBgrFNd1obxSLrke+pYEQSCEjB0zcHp0R5USJoTlUmA46xnBIxca6XmesmOJlUkrTtkwZs/vuLmWmRefV+1xUl8R0pV/Cef26LFGZ3VZD7Rku4v+MGLjjdmKAhef1icJ9DKRImIw77AyROx8Y0ry2KGnB2kFCIIgCKIug1r52Xu3PjIjeOad4O1PxeJOtswMbGNrjnImreF/Yx2fEQRBEARBEARBEARBEARBEERjeJUJR/wUI924z0HHEQiYWoFdzCjTRaVdy0BUAo0oFCLUIeW4BQ6PM1DE4WlMLqKlHUw7a6BmotEFVwBaCVD1VLWNa4mIymDD0emEqdaqnmgnDSXWUaqdOKuOdX5l02FoM5NobpQoQuXXiYJSkaOcRatQKpd2uInCcx67qsS1OnEBVR+0C6oph67nx3lykkwvrEuMrsNoIbgW2AjoYCRkRWHDV5j8xOvyOtLeSLLYxGIUz/dyOZUHJwhCTcRC6EQYK61YKtjPsfcqkbnWDPg6VTZahvi+39raAuu0VCyVwxAGRUSiJMqxbAdmO4xUwh3P9XV51SAjRTJamcbGJ2ZnnI1Fb4hE8KVVQzwoByLOIxTLFZImqz3lUlkvOuXREihPFnUP+eqZnxK79DWjJn/bGzBgxpmnWR4nlUfZaE/K40TK5h9ljRJF9b29/w5XXDN4zTXZCkYb6TCtKYl1YDiP+nZ1dM4dk26JEQRBEETv8Y11SClCEARBEARBEARBEARBEARBfJ5wk70kTrvDtE9CHDlmvYDUJgbSSkJRc7yLkyX7vIK00pLT6DRETpKNSDkZGEmKjC1RKsYxRu3RsGaZnIsiFdSryCi5rExrO2Q8LanmMXMdbISQIhJaeiKZyxpZrTSKelvGKuis4fCEFaY1MXh2s3DDeIhUSllZqyy/ECeTUflxfD8ql8tBECrHECZEEKUWNE+WJI53EIaR0HoiHkufXNfNZrM4GKxQDIQeWsmCIHC1TkR4nisiKVWkx0MNl4zbLK2cRraoh1cruLCAXTK2P2FcqIw76qesEwAxgcoTlZ8KC6gyIgqDeFQcV7tr8ORy/oqOPw376tf8C//w+m9OLy+cX+V0gqMRO9PU9zjh1R4nDX1QuvQ46bfa+O0vvqx95Ci2YqnMb/KorYfUrajShuFTB19FSHFCEARBEARBEARBEARBEARBEARBEMSXmTj8LTFFRnN0r0gwchPZ8Hi9YOznG6DVw2ClIIJgv0p5whOjEY6uGdIW00BomTfMqoNOCMrmBG0RjMMDqkVU2pbQOCakTozlQIkKJ05NlGgbMKaP1SinDKyBs0RS0djsxFLLWNIIlDfEZjgsUSatSOVJRXRixDW1fdDjgNYRSg/EEo8N13NcwWCH62Q83+WulnBwprPk8NhDRvJEMyR1yhOdsyaKyqpeHkmRzWY9DhX52azrOl7Gz3QU8oGyT1F+IsVSGYa6JZtxHEfv8bNM+6Og8kS3quIghK2tGF3EQpPabkv0Y9H9UFYrGd/1XK/slcNANV6bATFLH+Toq4SB8nFxfU+1PIqC/8/eeQBIVpVp+5xz762q7gk9gTDkISNJkiCgqAQDomJOIGL2Fwy7rouKioqAihlXlMVF0RUREQQDGZUcJAhIzpmBSd1dVTed/wvnnLoVuqdnmCG43ztNTfWtG066NUV/T79vgo1sNMpn/reeZ2211Y4//ulNX/7ikptuUN3+JWVPPk63x0nZR5OoiX1QHBDXfZ75+73xxZ//gno2FFyJ/Lun7bBgpSVDJLg1kQrTRAXhnt6GxgqFIhKJRCKRSCQSiUQikUgkEolEIpFIJBKJ/uXkzB2WZXExBQMMW3VS4RSUzlW6dlS9GT7WeY0oVXlinwkSxfYjAZoiUAYn/mhnbjBpdIbtVJc1F81Ly3QI5qMUCC5k6FNSlAPhjkrHvRuJ9z7p4U5YaqAzCB/Y00jYzWiGYKoTart3UVOHkFaG4ole6PcOqb5qwzBrFcdxBCJQA4dV66gwBT5heENXDCqc0wgCHHkOW4qyNCbSiYnI4qZebyRxYuKkjUE77TRFBAT2bNkSrpBHmB1lmVMxUY+dSdWpJcAiAwCaHhsPWlOGBJeI8xja1mq3M2heSRPm9sT+QluYN4LmRt4rBbaMqGdB9Vmzd/zODx675G93/uRH7Uce7Pcv6edLBnicVPYZ6INSHa45W26742c+O3fzzdWzJe9E5CaX/hjfZrotqZcG709+uwhr7xm9q0QikUgkEolEIpFIJBKJRCKRSCQSiUQikWhlK/AE1Tr4FGiSqZ/fBgcK7bw3evZ4lh1NJpG1NrgsoNMJ5mP0GpHoTriO6T/cMxI95/RoiINOrEXcocDitArV9r48nQC1uGK2VX179HI71qpg6DFxsI7buefAZ1VxT6jPRM9ZYZQ1F/3DA01aA7pWlibVeV5okxcw0EiVWBpu5jeM9WYV6HdSFqrQ7VZbW21jG0WRpaihOvqaaGRZTKvZaqHDCDnLFKicQo30UL0eGV4HmpCr6propK+oiRXmWHtGAboAFy2trRMWQxFAbk+4ONvRQPsxPchi8o5CgimHpqlnT2u+5KXwdd/vf3fvz/8nXfiU8u8xPWCNqrImfh/Vt0/Ztw9vmTF/420/dui6u79UPbvC7BzfOGONf5/TwWmIpK2LLdP0vG8RK5FIJBKJRCKRSCQSiUQikUgkEolEIpFIJHr+yg5IdVke8sDVXHvQBQYsSqwbq1JNcMLJPUKeLVXtQpw9hdFVZiAYGdAOk/RAd+J3LEM4ljJwrPM/sWRRUhK2EE6tqy0Z7I5R3cFBGmRxYZ31wnLI1cL75qcasvNMgiiVeJ1gbkEcji/ac+CP6ThGWN/eXtkoMvVGLYpNluZZZoqoyOHvrOjMrsaRN8zskGlNUWRpUZR5Xq/V6/WGThKe+SQ2kakZRAaKdrssOM4I566k19twoka9niSJ4gVhKaMJfS8iNrjgVnoQKHiieH8W3M16fAhZF+eHQztGSVRX9Va7VRYFESd+bRJuY3OtYlpZ0L4yt0Wunm1t8Po3rvuqfe8/+/cP/u63zUceLNmNh71MynIZHieVfXRfOs/IRptuftDBG+7zKvUcELwx4Pqku0+HaKDAnZSUquNvHvrYNvMAABAASURBVG9kZNkCig1RrMPDSqXc/VYivlK5hq08ui3Bp6dvo7UT3qzWdp1QJBKJRCKRSCQSiUQikUgkEolEIpFIJBKJvMpyQmsDqtNaXwUNcR9alZwtovyWigXHxIiBqwt3UkO8vYQtg5uDdawJqEDviLJgpxNOcVGder8LN+FqsqkYQ1SdDtQqLZZ6eMT/3clDoRdLjDiJTVxLLDpmFCW1VDEVgD3VPl3HQvHZ1c3J7kArV2tmkMFTJpFylWV36SLPbanJqYI5Cni5dyqnAuXAGYuiKIsCxtvhLNBOh430GadURlJ7Wkj7QTAGGmIKOq6yIrhO3r8ygkuIWlmGDXGe51WzE82t053v3LO+GKQekVEIOoVgTo2JoygjYxLYAFfg5zholMNTOqsKQgdKW2ZZFhiIJElgdjFrB4e0zpRRu91Wzn3EwknSNIWh5+GCK9nSWFMaH92jXSe0DTksvjt0bxjqb0mPVcpHB1yBO1K39bzIKQmoUJ0blcilgjxZ4LrW5LZQzwFF9fqGb34rfP3jW9986A9n9GTrwF+N1dfc4iOHPHnjDUtuv3X0wfuLVrO+xrwZ8zeau/32d/7ql83HHlGBOFHunWyjN77tRf/xn+o5JMvsECNEjpXxs6i9F5KuRGzlWaY4PimOOMyMqDx/B1bWh1YOYdG2503Qv011vSX2xTZVX+17ExXyRCQSiUQikUgkEolEIpFIJBKJRCKRSCR6vivYSIQNdiUZSngPBRdY0ZcLUyFN1FRdLHoyT6reGNal5NjuF9g8wnIESHfYSDhn52TPurhATI4jzjuEK+OccBJFyIuo4MigK0E3bpitoyPcybTb31ZTdcj3xX+rw0yxuYVjWLqGQ4fi9QAfDxtewGQYDFbJEaoIKII736DR7b4E98gZt3hAwr3UWT26gqasQsXtdhuGmwKNOk1ZMcGxEZ4rMhoBIg7EIegE/iuyPINRgxkvCqQ6eFLYRMQid5La0s1bUot4B3isNxqaCBRM1slzTr3JMjhZ7mxnkgSvaA1TL5F1q8Gw6YXREzXVBtcajGvqgo9gWxTFcNmoSAo0O8mKArkZ65KraEUVJdEN+Ec9l1SbPXugx0nUaKy7197w1X/I3b/9jep2PWH6pDZzRD2X5N7Vwv3fQerY2qXDnYR3zwKnifbNcX0QcdQVvzQQExOJRCKRSCQSiUQikUgkEolEIpFIJBKJRKLnolYYcxlwoFaVkB1M+cAvLp0z1hBADr/7c0+uHEx1YMNsQRTHSRJFUc6WLRVXj45PzFR745xDeJAoDEehfwpV1fnVqRIWvhF+0G1ZFHmWl8QhWOXNFrznwjJ7bbu9SpCTQOMMjgCynRdWvUFCnKZZklh2KFkp2UucVhPr2PooJJzWqIjjKC+KdjtVHgWgkXNBJ0QgFWnWRusTm9TqdT4WlkJSq8HzPM9TYwJ3AvtnWaabuszRTYVJJcsXN8YPMSIISJ94VTvYw51ob4sSxCwONT4qiigjv5YS3YRK11FaVFoZ9dyT7cnQWcabj+5J1fHP1XNLLpTJezcZd9eVk+ZcWS+Fdz7CSfSALwWIrLowbN99Z8WpRCQSiUQikUgkEolEIpFIJBKJRCKRSCQSPaN6xoq1rkBKvh4lF099dI52v9P/HP4tflftDWAMYSfaxO41/9C186AysZfuKxfjEFgeCGsLcssoy8KzLBPzK8FtZKItRJogfsBYywrZXfhEG5ozY0pT6pKdKcquHSrdUStbMYxNWZS5ysmkxJS6S6GFyzxRldigaYJlaJSfqkBvkLVJYW2uMC7HsoUJOdxwwhC6mMCwwiGBO8FolCQJz11OD8YbFe12G/6KCDlJCFaqxbh6EECxKvj99Le/4y1TWUmVbBlHF0EL4SmMSxzXkYTK8yxPM5s5OIMPKp8T8TpVVdmRsuIXNOH+yvc8JOy4o9RzSpZWD3sWcZqVVVXXE7oTu02inHEL3aiw/jBch0kTQ9Pn7tvqIX2+JwKciEQikUgkEolEIpFIJBKJRCKRSCQSiUSiZ0L92T0dqEA9bXV5ltjAV/BVSsUlV44sMcRYVMJS7CAc47kg3cnHUToyUZJEcUzJJUWlyRUPAsvhKdr2nsEHbPAoUf+D7Qh6iGDN2eZZlrbaGMyiXKTKMiYmgCnd+1VTdIKZjHPN8Ck7U+l4aK3iCnqf/0pvylIX89J/UrUCiuv1OoxLkRdY0YeqvNYxzQEbhCzX2g0AhwOGmBeJY8JK8FRQ+28MwbY29KsocOGymwl7h4SpzPOsndILsfMawc7FkfJcElqPZDm7nsDfRVkWJqIonxi21Go1mHrsSum4kzCIA+iTLi7LVuZVqUpaC44Um8EYfF6gDw/iGeVzjcvglge3Erel43cy4VF9e9rnXteKPKcpMC4Tx3aZkgx8jwuUGrrjwH+0ehBNQZsUn4rGTA7jb4PjsbwHkUgkEolEIpFIJBKJRCKRSCQSiUQikUgkEq0Saf/oireT790VfLP86iuNotsCfkEhn6wAGDgJfgCcM0IN1Oq5VUomewtmCShHJUJsoMCMFMo2UdzkQdYmbKDRvaXSNTprJ4gDR6jM0yxLMxglh61MmaewPtYjFKZ5cMMFkUWYyrh2W6c4SKXiKsKt4o2TLKL+hq/wpMaGKJOCgoLYYoQREPg2gvK8rhI2y1DVHMW3yzI1wmOHZzaM1eg8L4oc/hRotVJi4I437cGHdruZ51m91khq6F8SWgVN1dBUXBp4IW4280QEFljHr9Sp2Wj60+vaYgNOQkwM00k9yossmKDQKrS4KGlW0EylBg2OsixDNuq5F0GjfB9Lh0FVNk18gKqyJh3W6bmFWZR5oSIkfdCzJHIuJoFbC7d0F4kG02crY+AWN/YQloc1fKNpR0n598cJnJREIpFIJBKJRCKRSCQSiUQikUgkEolEIpHIqVKDDZXubumevyc9W+mSNsLJB9Z4e7EJtslYfgqkcxo61lDxNEW7ihwtKsjqBA03jPYpIj5sh0xQMKNiYuuHVacBlVyo/ZZYF8bIlRxdI4yJKJfFqN6wli6/EzcEYZyNca+oktiDgqEJhREuJbE4JZSqy6IsaYgq55nC/NrOgLu6NM0dRXYEhw6f91GBRcKFgh2G6cqrYUaisCFXyJ/D4TJ2wvaoyqqpLAb/ZHmmNGZfEwq+KbnFGF7jCQ+EPKhlnatXoI2qqluC34lltIbDdihExxZlkiT8HCbb5AXOSwE7FdQAnD7uSlHkrXarKAu0wKkl7h4jUqR6OeZOtH9CL6XwKqbtqIj9f3hwA/vSnR9UcdvxggMVLR0eB2gPjU/Bh1MMEZ4wyzJr8+eeI0hvVk4nS2rCA7T1yIl6LjudMGNkeGVFVpeK7hrDbB2TSZ2blf2ObMUcivygYLVZzbFIOqL3GqMrBkXuibXLIL9EIpFIJBKJRCKRSCQSiUQikUgkEolEIpFoZalqPTKVUm1fbErYop2lhq/sD678csQM/XY+lUvxSZGnUKYnGwlyAUF6g01EOkd5F5Rnp5JaifphSwHXMoQNFNV/MfQCmRnV3fE+WMcNUnjVDZfqrZWTtQEBGmxVUpQuMcc6h5HlGAqruggVODEMd4YySc3Eyqfu6Aqh0ndyt0VXB4WNaDoIBJqmlLpS++40oCLtt/XQJx3gYGroCWIlfBlmLOBJu93GyBpMOcKJwR08otEF7EwVWbIuPimKDFvGqBgZE1BUFLEp8ZnOc5Xn8JhbB/LgtfI8LcucWxjayY8Y3JP48xAlg02HgSuKlLNUrEXuJDLBs6TToErjPZQV+oItNKpjoUPcibNFCTlBhLA4iKEoi+eYJ4ZLiwlTpTxgNZGsvy06uTzPPeKEKR9ilTBfCVtoLPxhcIRvHtqxk7FV2dT1Bs3JSO6kGtkVnHbjEKSyQo1pFZaFSCQSiUQikUgkEolEIpFIJBKJRCKRSCQSrbiWlbegq9jJM1Ci9BgFeV5AXRzK7gU+qm40Qnv3DPpSPS1+plW5JFu0uB5gid9CJTlOkiiOXPnYhdeYgcM+6WyUXeOvHcBQOiOMLtOHSllaTdjqjudNF7eALiU5cic1NFahZmulJuVYXDVcd577S1CcEDlocGZL4CIm52ImcjmZ+vqL2TgkrG92PUHcJMdFlec5bIyY3Rg05Fr3rnvtY4cqnIpnaMjFJkZWhAwmDJIoCJ+UJXmH5AgGFehJo2znLoLlneVtpJFMpDoXI9MRWC643TB6AtsL8p+xaKCjoAe1JK7reuigcZY4LmUFvU+U1RN0intMcIkh8xyaJ228kVGI2om1LdVzRo15a87a+oX8nHArxyENzVt7okNmb7FlbWQW7xccduDYaWutpZ4zMrbMsiKKrHI4XaHpPbBkByFj+u6rzlN2IPLIl0vXcrvASmFcjeAia0KSluq6m6fEV4lEIpFIJBKJRCKRSCQSiUQikUgkEolEItGEmoQ76QtpWR4Lje6LTOk4y2VTl7NCzEnONifegiGEh1Br9LPCmEwmbCoZKzCiAC2Ma3GtXo/jBLpWehcCdm3ocjHoPgk/6Z+XrpcwxKfMUoofKnns7PLVkG3PybucbUJmyzLDeroiaPyjr4QzPWEQOXHcjHb0ia22wfmZVDqono7i0Pqwvmu1WqVrtqB0oiiKwpLSEwAoXpbDdFTlngm7UzaNhTVKnIklO5McVrAnQghbsZiTAlPFhAfsgF4o2tSSOu7D4+zxCMOKTFzGsBtTMgjNpFmZQ8tryKaYyMcXdcTmLsyd+KHUodm+m2EVlnxUaYNgTAyHE6kiV88ZzX/t6+BruQ7Z9Yivque8bJH5BCWcJpw5Q942uCYoQYliujrqXqI8k+z4wv/hA2UmaVx4mM5jyfeE0nZs594kJkXr7tteJBKJRCKRSCQSiUQikUgkEolEIpFIJBKJll8Thk50QyYrMZqCfqffDm4K5UQodDjJ8gy+co6p6T3+ufcr+t3ABreZrT7QA6PsWMUso+XL7BpBIAZzYooya7dhlNjhYuCu1KABr2CMhxmQc+SIBCpYV3eeyDhjojZarHt3Bfeoil1IXytdQ5fX0WQiucyaLhpDqQjhnw4yUhAXErgNBlCqZ3FRT93dtJWYqMpuKD4VQycwgLBwYUvms10QOClL8u6B9e38V9I0hTPFUcyQCZ8kXAWbbaxG6xQTwnbgEY4qiZhJkpi3JCQ9UXIVD7Nmt4uyewtjC+6ijn/gfmUtJVrVylv4dmdtVuZlZNEzh2YckaIS1gU6BZF5kpspf6vjig1pSfx2yDdcWJ95USpinnBF6qoRitKeeutfLbzmbeVbPYW3JJFIJBKJRCKRSCQSiUQikUgkEolEIpFI9H9QwduAi5YD+IOV9xvwlHExFZZAdx5LhThFkWPqDDIWpmpFwQ2fSvumyMq43/lffnGKhfPU4CtiokXk43QiH4HRQRVsV1gGhQShC8jg2m5Pqzh6iLJWEDZAiCHL0UTFrog9CF/RATJbzxusAAAQAElEQVS6K85Gu45NzIBU9ua+e7iixFCYvNA4ZxgdY1wOiOutOzZYLNi+E1aawc4f3DMdRmMyQxJ8iPM8DxAJEycwRgY3qYLwDRw+S446tLLgJe2zaXTIAaKzlZ1Una5R62qlH3vLhhPoK6EROkGnFx5IW+QlxSFpSozCmUPnF5i+tGXjBJqGOUwmctYy6D5SlGxEYmA3o3QBmyiliMa3yCgwKIEFkBRopAOHwhZuDWzURrvxsh3ehD0voHHcee2zh/AG4+brmNcWHJM/9mC59johu0e00oW3yhMPwcq0tE4Kir/BqXY8GCJaUal0bGBy2R/J35C6yoLwu4/Ripc1b2TTHFhFmgAz9NcJxJWm1B06RccRh7ySggORraxrvh06NNLKBBBFIpFIJBKJRCKRSCQSiUQikUgkEolEItHTVQdWWFYpr1rqnpI5yaCL8d/lwGu5SruHAcouQ4eQC9N/Sk2BIYFeCPtXPD+UrVxDMZkRrtTVAe3qnVTvxzbwhclEwrpf6udf84cqK9TjsYBOFXauyfb4UrBDgL+y9sXUvn50J9x0HTL5E+uGxft0WJeSotHmhIvFigace860BZf70XwjeH/o0FLrvylLbbQv93KL0eCEcjLQHQEqxwgIkKFBZfkMXgC2G+7QVPJmKMOdm4EQPGHpK9e+vGwnJkMwzcMTKhybU6BPTdpqxXEE5XKloRduDhkWUip8BcZI4zyqCRVmh4ar6pKjq0suzEvcbreTJInjmLNj+CVYJBaxDG0xkQgTTPjEXIxnEsWf1KEq/rtKf/vQHs6rUe5Odq9DnR+Wq2biRiF9kmoO3DG6yGG3Ag4k+gSunOcZQShFUqsRd0KMAC5q53hieeUXMP2YpVQyc2QROcLsnSSH51me12q1er0GB8OpYh1XHFl41G112ihdJcQPuaHARht31aVXXThrm51qNYFOVpVg8po3XqjcbU83WwRzR3dDDvdnVkaljdHsBqkjYrcMcUVGMVPU9e4cXIRsJYWLbsgS/ip4I6VdMRpFb1IVFk53logjkDjuzFpZASKRSCQSiUQikUgkEolEIpFIJBKJRCKRaKAGYS4OQ8BXVW8Qhw8m6TuE7TuIPnGAQMc5RHf4jGBuQd+F4r7fULqTYI2VcQo2oyADAKOd3QR7RygykVDGnX8SYEF1eWl0zEjUVA9ZxhO2KunYrmDtFpuGdidRUqtz3ko4wHYNovUGGgG/4L8Cw+D6VskYgpq0IRqksOSXQQcYZD1ca/qkB3TMdgCljuWF8hd07IsdEAik+05EUANPt2GAo8jzrN1WZRJHvKUgv4y4LLGU7rgT9lXonI8Xg5q8+f1YUXWXMMxxq9XmIBLkThTDKgRVUGdhI/IfEfmceDGbUhRFhJX9yDl8VB1O3DXsRGkjPX5B1cgeTt4pEBKJsgye5nwq4xaHLYqcG4ypOXGsVMSBOyEtRVMiT+TNZPhwdm3Bb63NsqygdBzPnTiGBu1PfHtUN5EQbujQcjcUdGz+0D3ZkoW11dZQolWjbOli9cQD4VsGoNh+B27zQhUwd5gAVVJMFyyhyCRuQbr7IARruWVGlkmBIwmLB7k8NLkh4iSyRhkX3eTerFU4iT+GXlcVa5XKW4v4nIhEIpFIJBKJRCKRSCQSiUQikUgkEolEIqVCZkLn0VU9ww5VIsBDJ+yRoZZTdjnrlFxPz/McivSV5nQaQ+yJ6UcCngUN6JnDDNB2ot4g2KCwve1EmxM1mUqX2MNmJsEqRfmib0nIQV5UmJsVLAZPMoSTDG51bXj7EaZJyqzdTptNaB+ajUQRrhtiOKxl6wSmfkyvKc2Ktr+/UXGz2YTVA+NTqyWgakaM4fAb8s2BsjtF1RQlBxSx5YnCb2NseRRSafSgAKoB1+/bTWvuu6rVanBaaBQMd5a5aynPDfA6xhVPsjFGqjAvErAV6plb/SEkSBEow84uGLtEgl7zISB4NbQhtNCdsxtDCTso3+v0icenCXSyymQXPtIYHlI0gxS5ZDHjySgHG8F6IJRMW+SjYGOkooKtSojLo5lynkRsVUJvGHxjOW5MeZAIbz1O8GGML4oM7ersefhg/8ZeJcH0CiePiUQikUgkEolEIpFIJBKJRCKRSCQSiUQi0WAtL+cx9ZJlyPApOTgE/lKeMlnmlZ99AEW5Gi36aMRxrV7HEn/pzECoIOz8Q3wii1MnB6VHRJw45wNPARG0QW4UFMlin/WKMJelQ/Fb6zxN01YLtuWNeozFbQaVyuC8wMEegXYhP4VgBrMSuhO32y1kllD1Wi2P4zip1Rx4Qf4qYfzD2gooRlGUYbumQ6ZInHRGo5vkYOaD3UcQHSATkyiKtUnzLM+yzOMjhAZ4JYmqwiLslYInwUPLApGagiEVRbRKTvE6fGkY/yRJ6vVaQEx0hc/qPPHfBvSMX2KDDfh2yaVnz9p0cx0nSrSyZYtM33Th9BnTYTmMjzdzF1JGBk8Yw9TJo8Lbv+jYlmDqUllEhrxPyLJEVRYwYSK4ZsruBQuvOHucvLCwiMhLR5fu3ajjf6O6ITT3tuucqpRIJBKJRCKRSCQSiUQikUgkEolEIpFIJBIN0nJV1fsjVqaiKZwfTTI0O2aUUHnNobJuqfzawTG07imgL3/jV70INNFGR3HsTAaikLAzETqjB24l7wFXieYNGv1RXAQKpamUDLMw1zIgDueZUnUWkBbKi8JkRdYu4siVzyu7VafPdpKJQrTPxFdRU1LcaraTBANzysJmaR7HUX2oqNfrnHdDviXuZJiko2GCTBmEITyIcfCrPHmhe1Mkm6r7e5alYPSEs3vg/HDulBgUdKwhfIQHkFNyPLzizE74WMedlCUaXkRoYZJlGe8MR3ObYfQjyg9SaK+ShMbw4QFkqU5DlTtRldwf+8gDi666aPZur1Sila3xmy5pL3hkeGhoaPoMEyfsuJOmrTTNCnrjUxSbhQAKpuGgDYpD0DD4zMSYwhSTG45h7sQ/OrsSCjpz3zBjZdhZh99ec7iGMhG5RVnno1N4sKRKI1kKAVMrBQYTiUQikUgkEolEIpFIJBKJRCKRSCQSiUT/Kur8ZrvuxR16quqTFtmNWs7LTb5LqG1CbbXIC8rWcbVUrpvS7/Yb12ateuiTZ0Uaq7jaDYVmSw+GQAyTAtANZFB0pHRwE+hCLirD6K1QtEs7onGj6nOIPkKQwtqixC80O7Ga046odmzVs0GceLjCu5hww4oy11BCT2L4E6H3QumCeBwiM3BJrKTGx0VRUpZIakyGdfk4LihAp1av0xIyRGnwyCrtaQy/mKiwb22WwxosYxWrkG6zPOqFoTxvBKfixB++IrSOeBRNV7PcKjSkyHN4jGOHhpTWQEs60EyFHWFIxRjncQIvYdROxzEFrqU4ZKfq6VK9eQJVU93CT5ZeccHMHV4SNYaVaOWpbDeXXH2ezlJYBPWhoaHhYZ7xKI6MacIcwjziFJQIfFjiTpAiUXhb4UwVFFSldKzobSbySV226lOCi7jju0OwCqIntL7hvRVPWyD0pCIXo2MUx19Z9z4SbIee5fdYkUgkEolEIpFIJBKJRCKRSCQSiUQikUg0WNWS9Cry6ug5bY+jQc+uHGwz+RkGXuLp1CT9+ckRhN06yrxEq4yMCqzWQTEWcyVCL3Rfhomq8DGraDAHy13UASGa8BADteMoCvYlBNRUm9Rj0zLJuXVZQo2Ys3UcZkOROujIUWRFBd3gzB47Ic+xCqVtJxwHrRmQO0HWJi/SLG+nUdTgxI/uedFqwFpbsZZbf7z7PoZaOnxTFJwS40gOdO9A8xKyhyCDCEXEiUstIYbDJ5vgOKJ3CNTmKS0pjmPdZ7ATWt1PPvWvxbCP0e6K3DjkkgreYokecfdnoE/4VIF6Ye6EE3DiKFY1pSmgh88GD8ygwGOWwvBnw0PDtVoNusvhPlXcpCc1pUrJhPaXY6MLzv3tmq8/UIlWnhZf9ruyNQZPWu12yWAQrclp06bVa0matsfHm2ma5nle5JitVSBj5N1u4H0QoS40g4IbzbFtxofsqLBKbfc/MPio6V7VvPbgW141+GUCz+R4E6bcePlZW83ceYbfXUQikUgkEolEIpFIJBKJRCKRSCQSiUQi0bMutjxQXHafuK5vu7mTTln6aUtPIQHHcSRQec+LdqvZbo5DUdWEYBb0OalW/DttfpbNTlxB1ll4YDehLBxHSb2uKQhFBbKk0vzqCSZsPzEk1hme2GATQtFDWZFm8GhL62vE1lnCPMPMDTUUe2/8M6iQK1VkOTSiiOOijgiRSWp9WS49vbYe3JnaOqns1j9+sTul5cI6Pi/yPG2nCr1DUDYp2W5EVSaAYQ5vEeKuURTO+IRjcbqhDT2VtvpB8oE7xqUIcQMYEPH7UyRQt3iJu4YlCKM4aMY3HtZbWRYIKBBlozAbCJ8qlaFdCm6Z3mjUg/dJpwsutGmyjlitmv+4ctFqa86SkJ2VpNY//mrvvimOazRZOk3zLCtgQmu1GJZEUq9FCbx/JK1Wq91sEXpiMYAJViDG6RAdYqMS59fmaIKCd1+tniBPwtgZLdKSPaIoNIen2zsRsTGTNzXhs8M6jGNFYU9diwGpKLZmslXYRLgTkUgkEolEIpFIJBKJRCKRSCQSiUQikej/iLoq9OSeMBX+Y1lynguec3BchXoaovMYi7+6Tw4NzWbaaqkSDUIwmMZdz3l9qL5IIN+eZwFA8Xkx9A2VfaHmmzTqtUZdGwREtKq0n9Vpo+mOKPJhFlDp12X1KprCNZznS1FmaZa22nmWW2s7Bzmc4JlGTpyHgq04Z8BKy1FQws4SZDzqtaQ6YzCnbO1BFfBSebMYa8spXHDZUxyzYYNvD677PMdTF2URRzFU6LWpB2ijZ91ULU+Y4WCYg2kP5k4iCjSZCnrSedWqHqMUjDMxMWyPfDxKmiIhkGWZO8LDYmRLUfAWSkTBxCDjRe003HIQjXzBXYAnLbiREEPJ6/U69CPGiJ4oSZIAIgRrnB7nJevNMUCL/3J2fZ0NhzbYVImenrIHbm9edQ5MU62W8DT59ZkXRZ6m7aQW+wlSSRTBvDWbLTKtyeHtpLCwVxlra4gOwRArehfANxqjeSOcHG45vhz7UAWnEnq3YuMcR36x0QmvcEtmKjGBLcFZB/ag96iKgdKzCvmJRCKRSCQSiUQikUgkEolEIpFIJBKJRKJVLD3499C7nCEGcydPM5jlaTMfFA6CsTFYgoVSKOIIVlc7VDk/p0RgMdX5R1TxmmcWPbEOPFEExSio2CY1dCuwrlV6RZwBnOuH65wjbvypoEacU/yQWsGzrypRlk1hc4zXgUlMm1BDr9WHGt6tJgThDD5arSTFgQIKAwlLK01TnWVQ0c9yqPfnw8NDtVqtal7Cz9l9BNchSge7EZ4MrQs2HWFShHNN1HIquPoYF5mkkySh82OOCnufUOxOQVk5xJpgnIrljBVuEq6zOOFm8CNiMQSVC8nz8gAAEABJREFUGJNlWc4dT9MMTtJut+v1eqMxBI+1WsLdTLytBd35A+K1OslA1j551s/WPPDfkpE5SrSiypY89eS5JydFWYvrMM9ECzmfGx+NhG+Bbg6NqcFc1WpxHGdphtxJluUslZvSYLhSpJE3IQzNwCElwXu0gHXkcTDdedsMnj7WWwvBFuPclGyZF2yoxIvS5/XwrvwmGxA3MTsRiUQikUgkEolEIpFIJBKJRCKRSCQSif5V5cv6FRRjSuJkhmXsr/uiYZRSU4506XZS8GfgX8HnincBdc8iywooq9rS/YI+5UVQt4y7uqv+u1/jr2bKrGSnkymcDANuQgmWCr5RksRJTBtd3RYKyZWGGTU1kX9BaAd7vCiEIdDeAIrThaUhetZtB7R7INMVjP5B9wVOBsqhTt5qU2tLcjGxvGBWtRlLHKwdusedXUPKtN0uodJvVdX5I9AnikNFSFHEli2KuRN8RtMJ+8IW9pMYyJ3oASFAvaFKHlayDJ3QDgUzJZpdWMjyhPAXx7yUpSKiAGXIi4XxEUVhPdxI4lJMAJYIWIE9i2az6U9CzAocRb1mvkF56CzkCnXaSXdfvmTxwz/+yqy93jyy40uVaPl1/1//cN8Z/zNj2tCsWSMzlKrV63GUwFItCpPnhiGn0pYZWZ6wWwm6BEVRo9Go1Wp5Vmu307TVTlU7y5lGsrGNVUThW2RYQviIC1Ez1lRzoKw3RdKqswU28HrjzB0GnmiRsxsKrQrTiTJzq5iBP5FIJBKJRCKRSCQSiUQikUgkEolEIpFI9K+rUDUOdWc1hSSQZZ3TrKJfb/etsoQB5HmaQV2c41G0wxRUtX6qnrbsSqQetPV/WSjSmsjEtQQKxuhi4A1QlrfNzAu4NmI9ueKYQn4ERZ4VWU4GBGz3wld5BnAOZfvWgJs864N1uHpelATIFFm7laftIh8q9aTDvlLbHQfXne5L2jAX0MRWqwmtTWoYZwIV+ySJK6kiuKfP0kHlOXaJMaAiL6Agj8NeKh1b2E9FYQnTiARDCa2nuNbgQlEc1aHEjzV+m2U5jB0PKrMlCCT4mzkniicEoMQUtaMqN4nyDArhJp2NeZ632y02UIEdVGnjOLIWLTMqNxgBTlYHrx2XnYTHF4vOOTV76om5e+2vzVThKRHMw02//K8Hzv+dNjptNdGvJCtmjsys1esGvW4ieLuwGG4Ds6zJ8cTC2yDMP9zqOWUpwdTEMa5PWKX1Rn1sdDxNU87EMZbWX2l0qSNL7wHkoYLLiPgjuGjpQnY4D03x+0TwMqEAM15d8C0CKGhWZHPCmYyJME2q0xk7JRZPJBKJRCKRSCQSiUQikUgkEolEIpFIJBI9A7L9zh/Vcl4nUybs03mxmjNT2TrBaW3XufzGziFe3XXkXr7Aqj6HEkez2I6qbXVV8s6xqgLAhC5YvwtiCgVUZLMcKp9YHLX0e/bk5QCFz1AV5439rdcDR2qQppoOMVUSwlofQWHiJEpqUB22wV6gu42TXKMHkODIi8o+li/D6St8zd5EpA6qogZI97ebytB8Wq19esbk4TeBZwouNTBblhqCDyUFwSi/KNBYJE1reWGSqJMTpMPqcg+9tIzuXp+2sl0N6EXPlnhoqM62HyU1JRzNg8pWEEVepDrFEjtBJ/BClFgs7XvbD4c9Kaq96zxXGQ47nrDEP6XNDQWiRJFJLJMBXV0Iy3wCE54Km0JRO0gWRFDkj+Moz/MMA1VSuHBRQPm/IO6Ec1hcFAs0A3bjVRaZiK1Z+LQxQU9wIjxLliEDVJRwKnpeYL5QkdeLuq3XSzK7sIWOKNFFuWWgEVXoHT031mNXX9x64J6ZO+w2Y5sXwTWUaGLBDD102fn3nXfW0vtv08qURdkcbZZZ2RpvjS4ZnTZj2rTp04enTYvjxMItpGm2Ybpx7aKHUo5rGFEhmBucU6PiGuwbwRzXs3qz1WzDEskzlWeEpsREIpkSZ04VUU5LKVIRvRVxgyg/KqBRiLmUjPVF/OYB2xStMbiLlYL1hssGs4AQXonoBmc6RdvngMmSSCQSiUQikUgkEolEIpFIJBKJRCKRSCRaiepxN1GDIj76yvMcDOIBju79fYiCnuhwF7XQDT4Ejw4u+ofNLoHEeuoAjuLiJ8bEYIRDSaXxvJ3CF/lkcAXcUOUfa+AmitzBlbiZrhEIDVPL1tMtmAYEQ7sqLCelGBNHFLqCBIbRmjNnmJUZoNKDDSrEXyiXVWM9qVNy0o4LsEHHjcJyWg26q8DxJfM5jDaw/Uk/h0FXKXuHoEKoaH/h0EEaYjK56JiZqLL/HBjsYclCgU0aStzgXEUoMibL4EvHxp3VASfWx7mEgCUVRkmrrsQaWyVetN+hw0j1znw8d+7cZrPZgqp8O2WypnJ76OCDAhX+tm1DOb8k5CmhntRqNTcadBATKkmSRMYwtEELG6GAoqDsm7LUZYk1f4rqCcsyXEVXO9g9JV3zRH2CE0RRLfFKSSbCxKmiMORtgaPLN5fHUKyNSmIOSj4tAyg1U8OgpyRL221oOdulwFdO4Sx0wgI6C6eq1RJuAmMr3OXwpN83qXj0voV/vG/J1X+Z9pLXNtbfJKIYGCPeJySYBRjarN1+6tYb7vndz8YevJdcmyKYNK3g0cJswLIcGx2btnTa7NmYPjU0PAxjiLxRgn4mbBYEM4Q5WhmSH7YwaIViFC+wer2O7Akst1Yb/mTonZIT/sTsEFIrplBwJhuj6w+jVDyVcF7n3kN8ifdiwqktvakUMS90M5DRTtEueTWGG8yuckclkUgkEolEIpFIJBKJRCKRSCQSiUQikUj0bMpWjEZWVFN1A6lecaJvAywQfsceqqI+s8Pvbm3aardbLaiRI9qgHfTgaqM+F4ITT9TT08qsmSL2Yay3cDGRoQYbSqpYwat0qvwe3HHGAlgyzil5oyAYZWWKLqA9KDLYlqObjNHVdcbHQYNztNHILea6uNNC9Rq2RGWCYId1uSz968P2NOZpzHI8fcaMpJZQrX0cFlWeZ1o5fIZsQojLwOF0Q4y2JaiER94X6VVggjTFoCiEQiIo21uCP4KZCtfyeTT6uZNJVltfJz1/ZNGzoo7xK6TU5CYiKIszVcpwOX7CjXHICDWADV3gSRInRpt6o5G221rngTzgQ2BkiFdocOAOpqlUUoVUhVzr70XxxMNLfnfCEqWSjbYa2mEPPWt16HyJl/6/aIGBSWC4/PPxh+956ILfL7zx6mDMpBwmB28TpdHsF4KAULPZKsunWq3WzJGZw9OGa/UGmub4jCdNOTkENeUwAwgJacWzXBZoioIzO2xqSQJT2Gq30jRr4xRrB4gYbI6CW5HOldA5kearvq26lru3ZxOgPrfk2YII6aoc08Iwhwkdp/DWKLX6vzjLIpFIJBKJRCKRSCQSiUQikUgkEolEItH/Bbkyt8vrmWplsJOEs6KqpvH0ldp1ZyPV/TnFgTkAplGgqJqnaZFmCl08sFhvIs22DWiE4n8739ENz6GCJ5Vl8W9oKZR2I+cOUvKAdhl4DFTVmYYnzvoko5C5pD2NUFDwSpEX1vb60KxI08Py0I4OiSLkejh6IzRQdWI1BjS7ciospRd5RkwM1tUVwRN8ZlvYYMTik5aqx/euvglRjckWqXsthtbX6nUTRbVGfXxsDOr6bVhbFBlCjSqhIG/casKAnbLMVG45jKZWqzUa9aGhoQitdToNZBKjdNFBnVYybYSnyDLljUY8K7RcxIkKaUJ8oNZR14u5spGtXpcbw9RLoEwUxqJobry/a8iOJ8GdYf1wk+E/eM7oCflqNPK8SBDUiSOvQJxUMZpq+/nb7K6b87tu5n34hJQNhElZ7MXCQtCMDgmOLJy9BJc3RFrQ+0JcqyUw/kktYfwlqdVgNhPK8cFDbNFsNsfHx9N223pR+Ith2CImGX7zMCp03/c0C0NHzTDk+YKQVOB4/A4Fm8r4PKPST33vbUDGM90vDXrbJZjD8GvwpMC+Z3Q757A8h4eHZsyYPjQ8rIaGoBOYjgTdVxGMWZbR3UNQGNJ4DubCR4MZSvAfzzW+p3J3MESpiGAM0Hep0ip+q9XIW8HbbOk3dJrI8x2Mhvj9GkaxJEyJgn4iE0c6QEkikUgkEolEIpFIJBKJRCKRSCQSiUQikUjk1DEeYa+LFUdQugN3mDdhOEN1/y695tgdqvHib/KnWVlwxdMQuaEYN1GBMukpdXZXPZfPm2UlybMFmP4D9fE4TrRnZJx3yNRa1QkiUsE9xCXJ8HBZYnEsuVPAaPEB1ofTrLB8cg4zJVDSRmDD9cDoyi6TEhTaTSs7nZSUsIMwBxSqMd7D8vSHejm7tKzofE2S4uKhE4YAajgfcZIkQ2m6dMmS8WaTkQu3b6U9/FdWUngR1ew5xKTj+cE5VNatvxxpBbxaWRThvgncCTyB61adQiZSz5gy3lE5pERDiwRq/HXdlX0Fj4b6SEkojCORQopKWRYY10KWLXyVJKlxh5k1YeYjCDoeRzF0mbiNCIaO6ZmeRnYQlkqz8Qp+lYQRC7uFPcPZwqmiKEL2pbIFxjNN2VyjiCiyCJ7gYNZwB8QwtIIWTp8+Pa3V0jTNne2PJRegjN41YFhg/BP0FLHat5nfRmxomHuPU84SBu4sY01oaulTpGiL6f5WVeeLzg9di+jGtYHeY+ov9Mz1Dy9XMmkXmZicdhQG5DRbo6Oj7XY6MoKYzowZM6JI88Djao4TzLjBe55n1mrVmREa+2h4qFGr14aGGjAmRFilJRJKhsKkCCMplUGayERwW1MTNXmZlHRzWqM7rSSPH/Q40TimbH9U0pSUnOiUaVghsFtNiUQikUgkEolEIpFIJBKJRCKRSCQSiUSif0FN/vv2z8DlVSWOw8MTVZzF2RwwekA+AVDLLLNWmqeZRWcEruRGFS7A0yfPMbnAFmpeDEX9eh2NB/gl6wxLuN39dIXtj17Rbk/raty6a2+CThDjYKTDAyf2abqddB/NpIGLwJnqCYKzDjavIKRBdbW8dP3nsCDztNo7lWSkuOqokSTOMwM0Nj6eZSkxJdAMYxGsYcjDQQhQ0c9s5hNzylot4cO151MYlYCneApdwCFYi7cd8oNb4JJuSI4j6VBCnZshMBCu4doyihOMUuAbunqkHYCkMQUIv8n9efjq2vuXuLQdAjYUwTNO0JI4ihWSJzrLsmDZwqwMcicRMjdJhl1mloUDd3xLVOBIguOLqmZBhTgirUOv4yxm7428yMP0hLNpyoKBpuaVRYNuJPiQI8YVJ41GA/bO3EBBr3BIY6/MKaUbA+YuZ/gG2pIkMMEmMDyEhpjqGxOzcdo702CajCd4uNfETZXadPKSGNZR/g0uTB+uJevf9dyd30Vswb6lvzRZjBCpg7lcIepJLVm8ZGxsbPbsWbCipk0bruHii3nGkVEhQobOqCuriJcL2pzUalG9jiY9oFa7jdY+toChwdQoGNvSxtiqmHEW5f914FFmwVcAABAASURBVJAzPqMbGXZTsS5wi9/FEG0xEQVK4fYszREAEolEIpFIJBKJRCKRSCQSiUQikUgkEolEz2fZQeX3jrNAQDSmUqVfocvZis1G1f6gx+BAhRKsL/+SuQkyFIpq7KrM8U+7VUDtGJNPuIqqsSCrvN+J4t+41xXGohe3sFxCXlazn/6AeNcHfu5pABMZghMswQdhN0cz6E7TAoxiu7NKVI/nBUM3PJOlpzdKtkro7PW0UBzrq87cBkoyIhDDJ+qo3jCZiU5Ek0ZuCITFOJ8GnC+0ZsA2l3y4dnkl7vK9p1HL0JTsUeKehkJVn+Ny6o3G0iWLl46OcnfZ+0IRbQBPCT6AvRHuSdtt6Ey93hgaxjI+cyeOMPBACdMSxlD0iI9fYYaDvVKI/OC0FxMyd5TnLcLzTvdxMhx3UkVSMEIlqpEBicMsMJkFI1RM4XNhiJOB5yrP+dLYrCQpyePEsSPcEoxcSZKcGsnNRiSEjkryvKwVqsKFcMc72I2f7Z5v+/sCFyJsIoGrUJNz+BOSgJR/y+A+MhWkMB0GPVosxdoUZQ5PjHtnUUhgRBExNpSLQ+f3iUI21xg6VZDTTIHdyZMk5R04MEhVvFWYHYHncCKeKeNn0XqECImZKLbGXSyawOXFjwDflB2Ypvtd2Lke8S0d8W5sN4KroiRwSxe4ctqPpU8sXLhkZGTGnDlzZsyYXm/UoigxNrKRs6Rh3EW5N9GSGo/PcSljxhAZxCRxLa21MOIIZjmHxZynWZwiTlRQBhEdUpkvfhMwwbDIVt9ceZoMrypaacoDOiKRSCQSiUQikUgkEolEIpFIJBKJRCKR6Pmuyu/tV/M3KuqmGVb+1amMXFrvU1B6/xK/BzcilKX95pJ+l75Eb4miaDebWatdZIUtrPsFfOxRxBwJwhyGyrjG/Q6+K5j24DXL9PxY4XGwnQv4knn4D+u/UNZOaglXtBl+sVXsp2ot0DllhTipACgVYgeHAmvuJXIOcOUiy9vNVp6myle4e7gbvfxdZDMZqvhz7AfBM3FMkRolZ9nYZXEemuNVYCah2J9mUPqHKn2ZIwCAOAe7J6DfCVbjywKdFKxaEecaGpepQCd954YW1BuNpF6PkkhHZny8SZ4yRDjRkjLWBwDR99B5yuJpIZORFQlZniRxop3zhwtVMWT/wJSJotXPTAMIQ1vKko03EARInNsK76MqTidKVa1NSMYycYSGLLSRGRdGWNyW3GCCDl4/YvSEGuzuQ9qCni61GppTQMsVxtNEwfQFtiAF4okQstPowEd+Xp1PDHen49pSodtcd1yqjFeAjoirgLs3iiPVVHBFhjyqUxO8RribcClC0uhGKkry7Eih541GY2jIwhxQDA++F0QEWSh8Kyn9u4ElxgWGwhQ5dg2Gi9kXbjwNI16C36e07uBy7LZS6NyUphug02FO8ZYgP5tAz1Sm0lucKL5zO/2zfkjC7Ch/o5pOK9zEwxzm2Xir1R4dHZ81a2TmyPRp06Y3ED2JtSrh3qSmhqvzWoVBxqAluLk0Dko01Ihq9XotzdqoFP6UecEjmeGAJIlDTwyvK7586d676IS6z1qKRoreIVS5yv5FEYlEIpFIJBKJRCKRSCQSiUQikUgkEolEz5h6zEXUqldvZXwQN6ApeSOUoQdJB4yBf/UfasNoc5KmUM2FsqkKlgCavTc47UUv09Njwh1WzeCw7YribJ1ao94YhrpwST3j7rnLGoecTGJLQuCDVp0DbUjuKTH3Ax0wsNQNReTx8TzLyBDDYy8rsUOY4xIpw34bXH+2PSE/Ew+yYsSCLDeUmzCr3d9lZamqQSeZEkwyVcX9m2ANFcQZTJ8xo96oL160uDnaykmK03BK8o2wFMKieCpslqWwA9Tq6zUo4tcbjYbDFxAC8g4QZLlBlifGZ7t0glcYUEDWw0ZVy41+8KKvxZVH27nDyboDTlLTOoNW5HmBRxNLQWfNiyLgEJgQlMJ9RRYoZFQRM3Ti8CgM74nxSJNqihYi15PcINZkuS/1ehnHruV8YD96Un3u5tmq4PbB8w5NrNehzTpVaeGbGHiaCjqHp0evHGoNcUwFnA7zeZCqyZIE6RO0bHHRObqWJAw9IY1B+AbH6xTofJLDH16XDNzQ0EV0Ue0HnngL8j5htoZMmMoKVuJ2gJPARRlA6YGHaI4cstQ9f97viHJqtO7CwrTH1vwXQjoGnVDwImNjzXY7feqphbNmzRyZNTJzxozGUB0nOM8iExP+EmmaMZhlaBgPB2wuLGM9GF3kmJtWnBJwAp1Iyf4kwa1RQpFgwdWGg694+mwFnNGuG11g40p96xGJRCKRSCQSiUQikUgkEolEIpFIJBKJRM+aQkiFWnmy3rZA912ob0/lq8pTAF+0f9DMlpT8y/9lnqWtVp5lWGXG4qsJETLkyhBxZd+7bqiVTltMIus9RQa85JkbdGEYGooT9JJw5iAVB4Q+UKd68k4sScBNcBA8nWGU5qQRKADnKYxSG21CrAcRVmr9l+0WtNE+saTazwknt7JIbJmXRZaXSEFQPgyREtoPhWKThwnaqlcOc+LOMQA6YfKDnVKg1j5r9qx6rT0+Nt4cH3cMhO5U2SltR2H5HqeF3Eqg1E92II1Go0ZSdD84Twhr2S6Cx45dQxhYYJoBTx9pciKxzJ0wuNBpuOdUVO+NFGwy/EhphaY6CIJE0CStU+YfSl0SfGIyDN4pSpdmhJYnSmWWUoGQnCijJHaePEx7JDrhS6dpSmgHcioIWBiDnc4yGK56vc7oCZwhACjcng6/4vvr29nl4KLRX8Yw+dFutymFqax0qhM2xMMQKewPTAq7jhTKUh5QDheHtg0NDUGTwv5JHDP3gcQJoTGlTw6CQ1RqudlwrLUxj7zvgg4QSZg+N2s4FAU3qoe2S5IaAT05m6PwKvdzRXcyZ1aF944QVqN7KK5K5hbCZexvw95RtEbIhwau0mw2x8dGZ83GwB1jYoXvk6bAqB0cWQZoyoLBFzaMQXoFvXjg9VhHQ6YWJ60YwZOcJheeQKezosxKy2wKTC/fAQGm41brin9S5w1LiUQikUgkEolEIpFIJBKJRCKRSCQSiUSi57HsJCDDqrnW8u42kFCp7h52wt/Ux0AWKAwXmuNE6CVLuRwUYGK8bQT1mB0KusrybDEwsQ9HcCJYIQ0eZQYEENKIavUhqMd7Kw9jqQ7tm2axR8ZOCQyySDtgLd7bwFh/KUu4QElFcG+n4CwYVqJc2R2/eHVVUYdlJxdB+3ICHggeMp1XOBPHYwVPGy/R/iS2r/0TQyfsY6EIKGFWpjE0ZCivpt1CFZ6BcE4P1H6eCG9Y0iqti8sBseUJsxdhnphmUD50JtAYOCipomCXkvGXCRiuLvSkY0Hhuo1CWoLwqyIq+fbwLiClKflWUUWB6Enl6qXWhaMrKlBIOH8cxaqmPOlgKZoHd6N4mhR6yugJGmPUElvxXHHdxxic0o0Azwz3XXs+jEAGH+OET6jJRT96wigMdFDHxjEsePJCkbMH7J6rstks2UklIc6LUnw0zGNd12mWI040ciE4NOCK/Gz4fJxS5N9Tet+5OrYruvTPQxZPx1oKF1kcmygjFKawDk9RwQ5Eh0QxN7M8j31L3zNFgW7DfCt8G+Tew71kszRfmC5avHjx0iWja6615tzZc7nxuNIIOqEZxzQhWAOOHeMoH83/TijmhCJyPck4ZAd5IswhaqcugWhoaChJEr8o+IYNAA3fBp02rwxATCQSiUTPCf3tjvxvt6e3P1wuGlMrrEZNrT7T7L9jstcLEiUSiUQikUgkEolEIpFIJBKJRKLnvGwFaKiUQFfVtbQeTB7QS2o5AQJKhdGcKMEV2BLtAtIUKqDu/L7CieQDlObxL639xcMv4aueGIsKdxKa2hmalTdGtlpv5cov+kDU0EUC6s6G6BBV2o5lg+4+fAB6UjU7QOuMMlikWO1yXvC0mBNSYJYGh9dYz+3olVYBJmbCIEej/NQuF9VCJX4iTlRneqphIqongGRF27nMPQZDJ/6psycxkZk2bXh4eKg5Nr508ZJmaxxWIhuTEDyhHa3kD4SXshRNM9gLBIr0jUaDKQoO1qliHJzGoir0iQvvUUUl6iUOrjITLQsHoHSwFs0tR8cUDJhBxqUgPwxoAjxq9qqJCh4maKp/m0AMhakX6/wxogBYBAgGHuEklWQZBlCKPCtiIk6KvA5TDPdsLakTdUGEkkEAgrxVSlqbcGmX8IKncuFAdFcQe1Gr1aDVeV602222wqn2mlYgD6XGFQ8HZlYbDxlZvBPa7Ral8JT1eh3azscyM1F0ZHzjM+vTgiicKKYrInESRYm/g5BoKVQH9IEBYrqpyIlV6uQE6eCVEpqdI6NjGZqzFdOWStcmeKv2DimEOtHwGH5fVGz3RAOLzYatS5Ysgd3azdZqq61BCFDMcAr1PUbrqJKWnMXEHR25YSTnFHJSMTDySRIZeETyBGY6pa9mmtUzXgbkW9NBYRidcZFhqrMgxelEJBKJ/gX01Jg96uzmnY+U6mmrlaoHFpQ/OKd94S3Zp18zNHtY/qEQiUQikUgkEolEIpFIJBKJRKLnjXR3hIVahr/IcqlznolcOjx3oga+VHmOv8iPsIHu/Fo/1UKx/I+pJZTJYn1ChaV0CMJNsLKrQ+Ufy7ET985zJ/0NGLhRPx2fGE/BYGmaYkfY6wGeFeTLoMnUoXIl29tC52ugO+VbV1Ef2GwK8sjSPIXScBlACHooXQbG05Ol+jo5y7C1jHEntT0t6VoJlReJJSk77YeCN007T5zjgtRKMEkwk7zmrV9sdOjLd9TeEqXvCykJ6p/mB4yqqcVU14fJsxnmAzELYqoDy/PteAay0ODhQCwKV2xkyQ4D46DoW7S4oSXMkStuNMlAgh8pKgm3IDti4HAMWNGMLvBuIZOF3Dws+c84asvTAJoONkhIMBlgHbRhoFuR87xAFxpbpdXYcMWqojM7SLFE2t10kQ+aUSW6eJDTh2ULGE2WI348fH/hCR0TwQZ8EbqjXV/40Vrak5rLFkZw2+AmPJwOo34aFaw6aPEQFkONwdGMyEgF9slx+JEogVuC4Azrc6GUNv6tg76NKJ0LWaii5BfpTQePRvioJNCDB9zNJt+8GocviXFhRJGKaBh5VwMLhkE4xDio1/C6iXGrMwkyynmNaHIvcpk67kqeHILVZf3Wkt8d8aR88xmydOL547WoCVtqt9uLFi1etGgJTQm+r5KHSYRBZDFOeTgrjlRBsEnpVp3hFYmoUEQjbwg2UtxICpDKyjzXRN5YZTu3Lb2DWe99gvQUvRZt8TJ4nDFjWIlEIpFoYqX46U3Va885C5DDTmve81jZTXGvqPwn/CeW2DseL/ba8v+u3wl8Yq/mJ4pEz66qWPyqE1P7SiQSiUQikUgkEolEIpFI9Ixr6eg4PP72yjt6tvOPhHq+HFxQFD0gRb/PSae2P5F0yDiJuL6Vce8mAAAQAElEQVQajlO+Zm25Fst1ZV8hVYMwDipNlrZiahGapL07ifuPq6pYx7QugKKkQmeatkfH2+NjRZbb3HZwCjLbiOMI7QZMrCPDDIct/S/dW3YdofrqspNf7ICxmtpPxrTu/SE8nwdKtvAYJ3FSH8KqNBXooQaOVh+UaxElaCVBfIOvZNPRfo78l3VjTvYGvrZrCMmh4aKXbJFlrfHxrN2yRU4nKbWvV1cby/zJoJkKKRmdlaXD39r9ZRCgSZJ6A2rt2Hg3iRMMWmA4qEJtiyIdH1/65MK02Xb5JIohDJ3U643hYWMYilLa+Wt4jwc/rvQYEVYyyZeugkP99wo/Roe8fCe1LAUjF6gNJEnSqNeh78Z7kxjtgmOqnQ8rqXTy/hnkOMKhLeEG0D5th55gdd/HxXCKTcnP+ae0zvLEDVwAE0ynpwz2uFVkO20jwESrjhcKT0kUJZxOxc4cfBW+C9j3omRnktJ6DyG8FuEmbHgRueicUnHUTmchaLwPNQfm6PCW1VlMumrf4t5mOj/udi/QQTHyPkxNRN4Jx+1HI8ZP3BGOhonY/gffodD4h3J66FbpRHEZZluoC7CFJyyMWMXEBX1U4CXthy4yJvQChy6ik8B9wfgbN4UWDPeLA4YMESeB1NG08DXtxt2xjoaijhA2pcNchYFyr3ZuMd1lNcSeI+7bdpqOjY2Pj2MQgqalhc2ggXRuRfgOy3iQw9ssN6LDvGC0VAJfSUzrFq16UlJBoT5kMMXoj0sGYoCJFxq3Q6ATkUgkmoqem9DJn29KL/gHZs91fYhaYVXO8MQSO2eG3niNSP2f1BdJtVpt2223VU9Dt956609/+tMXvehFVWe1qsbGxt70pjfddNNNe+yxx0T7BN15550f+MAHrrrqqle96lXqWdIpp5zyq1/9atasWWuvvfbAHdrt9vve977f/e53r3vd657X4M6JJ5543HHHDQ0NbbzxxlM85Oyzz54/f/4y5/G888479thjFy1aNPXV9ec///lzn/vc6quvvuGGG/a81Gq1jjrqqJ/85Cevf/3rl3npyfX2t78dlusWW2wx0eSKRCKRSCQSiUQikUgkEolWkTx0cqff4FmQgSREh/nQeoCXia7suKwfGXegEzPwDH17T0icqE4VctCrtsMTaPe9YiSCv4OSryqL9nizuXQ0a7XQhqBT/aavCKuiZCRgVKhYr5BNxsSNXyFR/dVwdT7GkAtMKaEyOHknUExGxzJE95aVu7kixVVdxwAY5SEez6ggKgCDkzabMFZFnqmy7MrT0d2FaTV4lPrQmQoY5F6lOjQUoOu12lAjSpIQsrPs8aATlXmx9MmFowsXF1nGnhGOW9Kqhucc5qo9rynXoC6CJTAxT0duXOMp7hsAESQfMCap1qjXa/X6+OgY/BzWJ9F0Biv8BBy25zmWaqhUn2XtvNGAQ+sOQiBDFA6vQQcR4k4i75JSVgCI6q/DYu2/YgTD6175Xf1aUaEx7s5ksxYVse0KXJU5DB8TpP0wt8nvJNAnmmEUrXFnymqpUbSK5S5AqwlfiI3OrW1hSE2eO2LGqiKmGBdn4AFLpWRKw6EzfhDw/IyGabfIHfxFR8GS93e64cCawuRpmgY0xBMbDgLxs8Y/E0dcBhOnYCKKrEDUi/imJOYOE6+jK8yHRrOgvAPueWxIFSaC0SK/IhB2yr3jlZZ9YxA/Yn4linIMuymNw98cQqQjtCnxPk4UZGP9mw5uDt1hnxiak86Uop2O4zgsm/WEqTZsUeIV0UZcPHFksixdvBiHa+no6PQZ02eNzGoM1eN6DNNQq2F2kYXlhplfBd+HPHF4OooBo7cwdD6BiYqp87qlodiTZVkxNmbaaStp1+qIi8GLJiH3FueaopzNy9P1LBKJRCLRs6nL7szVKtPld2Wv3GpFIJuzzjqr2Wyqpyco9r/uda/j55dddtn//M//qJWhgw8+eLfddpt8n/Hx8Ysvvhg+Q+64447qaQj+ff/MZz7z8MMPDw8PH3LIIQP3+dOf/vToo49CmR8+w03lhPfffz98WO3Zfthhh0FrBx7y1a9+dcaMGWrl6frrrz///PN32WWXiQYHPlbdcsst/KS6ff/995+okUHf/OY3t9lmm/7tMET/+Mc/1PJr8803X3/99atboA1XXnnlRPtvt912IyMj8ATG+b//+7/hAxWMrZqajjvuuJNOOum000479thjV1tttUn2vPfee6+++ur58+erKet3v/sdHPXggw/2vwTrAVp72223XXTRRa985SvVigpG+O67754zZ84LX/hCJRKJRCKRSCQSiUQikUgkep7I2meh0jfRRV3eRsiOmejwKmzipbHgjtBJ2hovy1yprnAc5fwKOoTGJB1/xsbEVor+2vtBcFHbsm2FCk4vZbV5lk0qBqb/sI0NVtBLqluXnSqzdbtC5ThL0yLLyK9h5XfWdkxCdOiUe2Eqh3N6S1m0m4TFhJP6wVIVlmSiqKaVq6lBJx6nKtEwA2rp2DIoVMDP7ocajSWLlyxduhTK8ISkoBVENaGGMQgyH0Joo8iLLIc5SuGnt7VaDeGF7gvBmMLRsN0QFBK4E0ZAgv1JRP4SSpueRobxizpX12yREzn0xCZ0lZyAD2JE0AWEzDjiKDJJrZa22wG8CJdWyM0wW0MESACj0IYEaRJjELOAcWBrEHy0ZZRHRVlyl+v1ekxuJTGSSk7eZcRQiI8z8SCvI+/FQ3RLIOkiumREVjFhfPwIKNV1T2heoLBPhBOHwTnQjnGCRWy9Hjm/DwJofByOrmNcjm6ndHIb1nxJMUkwWkkB+9eUSjhxRmmfiFR2sI+IvICCUY0lAxgeR7y2YRMnJDpib2PD4uksXRoZttwBe45N0exH4nAz3p0HRlmXfEX3E7qd6IguCqeK4LWx8Vaz2YaVOjo6OmPG9Okzpw9PmzZkaphzxNMHA8UTp603IHIIUHBpgY0mTjB2J07iLC3SPE2zvJ2lzSgfyqJaLakhksSrN9w1Rq3y21gkEolEq073Pk7/1Fq1Kt7OMbVnhfTDH/5wwYIF6ukJyvYBOnnyySevu+46tTL0+te/fpn7XHjhha1Wa/3113/BC16gnobgw+QXv/jFj3zkIz//+c9f/vKXb7311v37nHbaafB40EEHqaehSy+9dCLKBz7jDdz+3e9+94Ybbujf/qEPfWjXXXdVq0CwJGBUt99++4Gv3nnnnfCJfaLWXn/99Ycffrhafv37v/97D3SycOFC2DjR/ieeeCIjF1//+tezLINPTV/5yld69tlnn30Gztcb3vCGv/zlLzfddNOBBx74ve99b7PNNpvoKjxZ/fDQRLrvvvtg/cP/2oQ7okcHHHAADNFvf/vbqUMnxx133BVXXFHdAneZogVz8MEHDzwEbklYNkokEolEIpFIJBKJRCKRSPQcky9NqgmMKLTqcjEptZ4SlhGKiT3WJpMfq0Oei88G4SYOajanxlA+Ch2StaGu2XIVWE0Vaf+r/hwMQsV300VoPFuFzkrln4rQhkrkmL5BJePShuQUaD9205lcdJxpQnZK2RuS5AvfJYYQebuEYE2C/AAUgrkQv0J4jdbhKDvBDv6SxtKwOw+QqdEhWBQn24myY9/i7BxCe9kZgb/XAd1YdbMZ95940NDZihOGopQWl7Eyc+bMocZQvV5fvGRxq9X2lj+64tjDfhqKSSFbsrlISfxKDqWC4F/Sczt5+5FOCo8igsFZnhBOob2lig7sQdXtxE+O8lyW28r+JFFURGjdoduI/8BpiaKg9J8oyuD7DJXnRSBd4Bpt9O1Asw5yCtHea4e9S6wdwoGCo4ggsQyFgNIoSuhs6PcDfbYlcwkdwoaYF9dTxZfwnA3dNGgi4jgtFzBk0Fojp2s5YoNHKawZPGFpMWTHwFWgr6YoTA73R5o1dbMsSuhCUktgL/YJ55sQ+o4TVqvxmNiOEwkRKFblhdWZm2Ky/zCdBctjVJk+x+tQ70okgRgBUqYkFCYyZY80TrHxzjTcBfb7YYMU7dE8a23nXSZc3O3isZ1OiRCHESYjHx0fH2suXrxk5qyZs2eNjMwaaQw1IprBOI5gyGFOkM2BfRWDcdiTkk7MdF+ikzjCOczSrN1sRVEb10iej46Om7hVq8P8JrV6vdGoM1AlNicikUj0fNeScfrr6X0S22o98/rta9/+U6uddW1fNKZWTPvvv//o6Ojk+1x99dV33XXXeuutt/vuuw/cYfr06eH5q1/96pe//OX9+zz22GPveMc7Nt544//+7/8OGz/wgQ/AmU855ZQ111yz/5BqpX/JkiVqkM4++2x43GOPPSbaof+cNfpw0q+ddtrpbW9726mnnnrEEUf87//+b89uUPW/8847t99++4H2Hsur448/fni4E5b3wQ9+sN1uT7TzvffeO9A7ZOHChWpV6oQTThi4/eMf//hll1020VHrrLPOfvvtp5ZfG/aF0QwNDXE4EXyoO++88+Dj3D777BNenTVrFjyec845V155JXxYGhkZeeKJJ8Krixcvho9VE0E5sJhPOumkww8//G9/+9tHP/rRH/3oRxNxJwydwP+hqKnpjDPOgMe99toLPhXfcccd/TustdZa0PKnnnrqn//8Zw80D4IP+P2uKo888sitt94KL1UTeWAlQwdhbfTsDB86YS3NmzdPiUQikUgkEolEIpFIJBKJnveidAf3G+6T7VelTKrPJyEPqPbtiqSqclT3Tspf23raBA+BunLaamEUiyMerAopE5yxg4VfU70Y76eebUHTbMXsBLaUbABB8TrwbWSi3kHr0AKdUBf+3rJXApwBC/oUeaF8YZmjUeDFvCiyHPYbUOl9WrVf1w98Sh4XhDtgxT1wDX37Dz4Nm7EY3t8FBDFTYnkq+eR24t+oXXk1bDxTzNYRy9zR+Jwan22CR2FoCzp8mBkzZsRJAvX80dGxoizCgey+01ntFCQEG5nGyHG6ihC1o/wdVU3bYQsQxYYZJA7rKQnaQHOSiquE75SqNKCTqmRDDA1zImQaAqfnJ4pgGoNoh4oi+OlwnEcxtarNF8XVTMyTUimbcLDXDZtgKJrFeq3OF4VXM4zZyZkdgQ5n+FUktaxuS8eUwbWxj5acUyLvVkSEBi115cYZo6S00lW2zbr9oiRRlBFU+FdCohA2yLiFRoyWDX4tRdZO4S7MsxiaFMdwkoR/es4YDXSnlhj+lgkh5qqC7wslJaWlNTVd02GQCQwp/VtXGH/uKb+XYWeM6yM5nmhL84vuP9SJyo2k2c3IBqSFoC0K7LF+NBjNU+FOsap6Xb4QHVV27ia4dLPZzrKnmmPNVrM1a/bs4aGhhDKDtImNKuj0cDy8TRnKWUIGCN+zdBkz7mN0rGOY+HqStNo1qBCk+CeF/eBpmqWwpSymDQ01klpNK70y71mRSCQSPQ+11XrmiP2Hk0h98U1DXzm92cOdrJg+8pGPTL7DwoULGez49Kc/PRF0av+0NgAAEABJREFUUhUFCA5InxkbQy6GP+yFjfyxbfr06ZPHyrRarT333HOSHX5BUlMQ9OId73jHRK8eeuihl112GRTyf/SjH33iE58I2+Ff8e9///vqaducBG2++eb94zC5jj322GA98p3vfIcn5TmobUhqZWjWrFlf+9rXFHmrnHfeeVtssQV/G3Tbbbcdc8wx8AS277XXXmH7VVddBVO58cYbv+9975vo5NOmTfvWt751xBFH/PGPf/zoRz96yimnrL766v27cczQFJ1O4BM7z8ub3/zmSy+9dBLHl0WLFh144IH92+fNmzfRzEJPX/ayl6llCW7YKpojEolEIpFIJBKJRCKRSCR67qjyO/9TPcI/WcZRvacdBB0MOqwLIrCD0RPtrC6ououF2rLI01aWtqAqixvQCqAbRtDeEsLoKTXjGVGnIuyaxh4ItixDuA67icdsQcFHcaVYdxiBrjK69UEcdHY0f3CGCJXhdxXxvDQrdSRcbonzJ/Gkj0tYGWxz4l0YKnNlKRioyKFgj40uGULSRukSg0IYHtJsDKEZgRp48pVZxLZxsPGoXqnnue5b9GEHXsdQsIcfAdcb6PAwPjY23mwyGgIiM4+SFgGRBwR+FEVJXwWU54fzYc7ZYXxE4dxy9I0JlAMxH871hL9lJAVkKRIFyiQmYojEBCsd3N90WIPQYP4ejTQcMmLZdCTLMASHj4382aI4brdaaWryLKfYF81XT4qSs3KimNmTBKYUpg/6gh0sS5UiDpFTfo+mzCG8fz2Bg2fwpR00gInKDkCDL8O4wXObFYWCL3gf8Pe4YiClKJVB9grtgmDPKCZ7n4IYkQJNaNCHhxaZfx+Eh1rNdRM6Cv+5wcQteZLE0HJmaNiMpKZrTPwgO4Mkl+bcGbyGTY2OyzzOTc7EiU8gIngouIuE+8Z4MMSoTkASY2h8IHSR9glBQ3hX4z2OCIwqNQMp0ENDjJl/f6FTGv7lUaJDShxLpve0G0e3iugNh9+GcDlDl0dHx1qt9uOPP7nG6nPWWG31aTOmW5w2y29akY5p4JBkK/MiMmiKw3Y47JoTRQk0b1qU1JJGMQwTVcKQjo6PpmnWytpFWuTttDE0VKvXTOXXW0UikUj0f03bbGC++kbnjbHVWtHhbxj6wmlNter1wx/+cHR0dLvttpsKcRJ02WWX3XPPPdUtS5cuVVQR/+Uvfxk2slfHGWec0QOdbLjhhrvttlt1C9ta9Gjx4sXwb2yDpKamHssK+Be5x2Lk05/+9C9+8Ys99tiDKRnWeeedd/vtt2+wwQYwDtXtnHgYvr3//vv//ve/8/NHHnmEW8jWF6Bdd911oKHLFDV9+vSRkRF+Hj77XXPNNSeddNJEh0CbFRE55557LjxZe+21P/e5z8GTm2666dJLL1XUfd7zxBNPhE9OcP4qkfPud7974GkffPBB9cwKugmPO+ywQ3Xj3Xff/bGPfQzW1YEHHlglTmAW/vM//3N4ePhb3/rW0NDQJKeFLn/pS1+CT35z5swZSJyo5YzXufjii2FJw+rdfvvtoc0vfvGL1XJq9uzZSiQSiUQikUgkEolEIpFI9HwTlw99uEK3tCt2Mrahq1kvXXs50GEQ9aF7qvrV5Irqt10HWzu5swhVZq3DKNj7oBNb0TmVL4fz/lBsLdrNZruJNid8ZYyyKEptXCgKl+a9zUmgA7RaqTYn7Lkwuaq/6cdGDFAWj2sJxYk0oH9ZmpNPRMkJM67ij3YBriBrO9X4rjFhZqWgOntB5X43nAX7nfjcFXy1yNBiIMe6d2E73MTyDUaY1mqvkQyh+jm0BcYfStCGKv5czWfHki4cyHY9KfkZtL9I0bemPTaOwTrsDEGrFRdEWfKYqJ6MmP4mdqidyWX6DrS+HO8UV716qrt2Q1vd7Msg5gXWYT2Gn+HX4cfE0aJFo0tH84IsSbxjB/MmkdKVK+JjO22724I4DO3FBzL5AYUBzyvZ4InCdilhZ+N9R1TVd8j6kK1wd3VTPBgokyC2gXNKj5TSBGdGAxI0tIiiWlJrt1swa1mKWTbkyVFYm0IDkJQpYgRPYotXJrzAoRvk8KGzDM7DLi1ZTpyHLXMMuclxsGo1Gyc2Qv6GIQwcAeNwKrIKssRsRHRc4NTonrCGn/INR0vCEO+iiOsiHM149Mtq5zlE57bkLMJDCoWLCBuEnjfQoMijP85yB4miKI+jInMBOIpaAkf4dzOrfYCOIuylh4DTwSMHe1PinWPpPYAarU3n3ask0xPXJ0vBW0XJy81QCpchgxmrHK4V3jJ6nE6qNicBTwmeRESt4ZayUDm8ixTlU08sTNvpyKzZw8NsT5KUmgAWpIhilWjoLP+TgjdpUVrPPxGbYuJaHNsYBgWewDFx3Gq3MeULSn1jY+P1RgPOOTgPQCQSiUT/6tpqPfPF13fSWOCftTOvb6tVr1tuueXMM8+EJx/96EeX68A/kfq3L1iw4Dvf+U7PxmrgDus1r3lNFTqBkv/555/fs8911133wQ9+EF469dRT1157bbVC+t3vfvf1r3+9fztTDj267777epKDDj/88P333z98e8MNNxx55JHVHR577LGw5fvf//7TgU4GCsbziiuumHyfu0nwZJNNNuEtN910U090zoknngiP6667bhU6mYjYmIovy8rV1VdfDY877rhj2PLAAw/8v//3/xYtWrTWWmvtvvvusBh4O3yAPProo5cuXfr+97//CZIiXmfTTTcdeGb42PyVr3xlkh5N3ekEPpPzSn7Tm96kKK0JpFaefvSjH/3qV79a5m5ZtjIckEQikUgkEolEIpFIJBKJRM8pTZxO00OcUPVzZeIdPozEuigJJC3yPE1LStCAii75RUSuhE6lXq7mVlNpVi5xsjzyuT8ojaVYKN/W8Av6kabtIvOQAPlKROS7wOXpDiTgEnPodBUcgsrdFKyD5I2vtvuX8aHEzBD4grFSHQjEt0v1jsqyvELsoE0OdMI2kx9E5SIDGZFuioOSeWAi02YrbbWxnl5UOBvnb2LcYSvBzmSQ/0rftrizpifwbAlN7DjSDN4F1yv88Hd4eBgekyRpjo83W62Q/MKGKNht7YiEkp6mqcMZaiWW5vEXTymyJ8AKPVhMeGTTEUU/Q2cYBREQj62E7riZ6fMjMv6clpKNohhTZdgyJE3RCISWHGXuRFG93oBFmyVplhbwUsExUSS4N6MIDTDi2LmeaMqT4rgaaFVWxDlH4HCGDCxV4w9HixEks9johfwz8HDn0+LcTdgRBI1GShpMRKCsgW8C0MH+P+ioQa4hCGRV8CJaedpa93N5uvVqDJ1wR+CvlGKr4AmSYuTg4jKPEHkh+xEiY9Dqw7hAH/IkgS5gUhGZyhhqAmUVOWsVVXUxwvcuhI40MSfaudHQYjd8itK9k9FckeGJYesS3j+sQrdibakri9ewbYrqrPWOx40m/AYH0I2HW5F5QRBcUY6OjT/55OLpM6bPnTtnzmpzG0N16AgFC2EDIkSIHCdomRuCg+hNoDROCqGjZNo0XUfPmDTPcrjJYRmNjzXTViq//SoSiUT/BxVSdVjwb87Rfxy/5s6pUMNPS1Bu/9rXvsb/QG611VZq+fW+973vBS94AT9fuHDhUUcdtdZaa/3bv/1b2OHb3/72I4888rnPfS4YPPzzn//86U9/uswzQ9u+/OUvK4oH6iFOchJ/IlrmeRqNxpw5cwa+BB1nIxZo20SfbHtYhI033viAAw7g53ffffdll102a9as/fbbj7esMBkziXbdddef/exnE736wx/+8KqrrvrABz7w0pe+tNraHXbY4dOf/rQiQOF73/sePPnkJz8JwzV9+vTq4f0wEOvjH/84dE09U4KPUddeey1MQUgXUkQFLViwYM0114T1MzAi6kQSP99uu+0m6otaFkMzPj4Oj/fee69alk466aQ777xTEbtT3V79X6RJFP6/YyJBf0dHR9WyNJVf8hCJRCKRSCQSiUQikUgkEj2HVTUFKbs3dn7K1PujJE+chMeVip444kTxb9XneQnlb6gIF+gTYgNiQkEsHMhStdjQHezjGVYVDGA2BoMnao0GFOOzNHXJOkVpkDNBNgCL9HGkK7EnE/3IzpnDUH28A9p0JcAoKN+n7TZcCHbjKjiVrtWyFGJwBnen53vr7SI0jzyXv3VlAiY4CU0SmkQUedZuNrO0bditxFaySFyVn20U1LKykvQK0UW9/YoZCnGnrLAa3ZfSysMZVvU2jbkQE1EyDnEnaHYSRfAj8trYWHN8vJ2iKQjnEbnUKO6kJ0iyzDLQkBc5rBkTKRc0053yw0ADcxKq8rPg8FNaJiFwEPmRZHikaFHYiUeOD4zjYMuBREup3aLMbVGv14jGaGuj8sx4aAO+2nwoutQkuKYRPoF6iTGc0MNABTIVOXbTwqPN0OskS4okqxF0Uq/XbZIYBkQ88EErjBNkjBtkY9yNVJZwE2m2HoFRZeukEsNojI4smiSVg4yc3DBi5lFZ8q9UMvzBzjF4frKNcRBMmAI08Ih5iULRzJgM9qURIEbOj2YS1yPfVFzBvhZgAkCDhkGWFwnvhgNChiGa3txwe6HZ0gWhFk7XcfYnuF7w+rR8sLOBK+LlaRBeUV2ePeF9gMEkxTugFwy94fCOeYbATQ4zk5ftNtyezZFZs2eOTK/VaxFTYMz3YCvdoiuKjNATTN/BMcOWIoOCKwT2M3EeZbAC4PA0y+B9SYlEIpHo/5ieLeIE/pX64he/eNttt6mnoW233fYlL3kJP3/00UcVeU684hWvCDv85Cc/gcfddttt3rx5vCUEx0yu44477sEHH9xiiy3e+c539rz0X//1Xz//+c8/8IEPDGQRevQ60sCXWq0WN/6ss86aYrrKliR+fvjhh8Pj6quv/slPflKtMo2QJnp15syZimCXHmZoM5Ki7BiGTt72trfVak/XT+3mm2+u/u/Aigk+W/a0Fhbh6OgozHWViXnjG98In6jWX3/9D33oQ+utt94ee+zB2y+88MJHHnkEXh0eRmegpUuX/v73v6+e7YYbbli0aFF1C1xutdVWUxPo4YcfVhM431R19913T8S1vP/977/xxhvVsnTIIYe8973vnWSHL3zhCy972cvUsrRw4cJ99tlHiUQikUgkEolEIpFIJBKJnqeyqjcIZVCpv1rEdPvYleBx4mwYulrhbFS0y4vJ83babjXzNMMAFqyfGwypYPICwY5QE/Ytdx4oWk3hV7NWnbi0za4TWF3PMijs+jo4FdXJ4wQxgAFAT+/AMq2CuRalddElBGf4kjjiGwWG6yC7wM4GTEZMnnqk9bLNRKjSHcAUAn4whgUtLbALE5ycojkqJ/E8E5bbYSCyFGNGTASlbMu5KGFX0897TNTIFVl+FU8T16R44Mtd1/FeIyFSJHwbjiIWpGS3lhCCM2PGDPgpM/zUGH7i3Bxv4hIo0IWmH22xOLlQyC/TNEuSNqbO1Er224yJMmEAABAASURBVODQGYc7kDhVxzFM3kYlhPgoj4/A88hHT1FaDTW7MpWhd/1dhgbw9kKVrr82JvuS0h+UwR9qifWWJzYvVFpkcZzgn9IiwGIQQIhMYvGm1RyKhUYp/Mu8JiuSBDoMglskqdXgpVq9HsUx9N/9pq/uGn9NN4xDrtC7RKMVSEk8TcmpVRy9owsN91vnFzStsw9xmAUxMngfwaULZ8NSOEOhLC1yUxIcFCGDY2jo6C0HukIjWcP7N2+3Uw+s8I1iszz3b0NE2/Abm0eyGKmCE+NLnhNikIh9WQJFpCkeCFpAUUAd5gY2G0JFUEaHlDLrFpFlcpA3h/vGvzlq1QnB4vuM33wYmYoUme5kWdocby9esnT27NmzZs0cnj4N5iUyBJcEaAkHw+U9lY494X8OkFGBsYljeGeOYhPXklqapkNDuRKJRCLR/yU9W8SJIpMMqN/rrpBEtWTJkqOPPvrDH/7w/Pnz1bOn66+//te//jX8s3744YfzB7xVIfiXV9EnkSlyMFXBR9aLLroIntx1112XXHJJIG+eX3rrW986cDvzQ/069NBDYYWop6eZM2fCwqtu+etf/6rInaVnz/333/+WW26BJ5tuuumnPvUp3nj33Xc/8sgjH/rQh1ZffXVFKTw90MmPfvSjHoLkW9/61kQwR7vdfuyxxxSBL4sXL56I74HPcV/5ylfYN7Ff66+/Pmf0TK5g9iMSiUQikUgkEolEIpFIJHqeaOUjFCFuwktPcpVqtX0ViuqpZKChijzN2q201SpzzyZgKRYDJKCQHVwxArtiKlSAeg4ohp/0Qm0ecZM8S9tQVce2Y8MTtnJAeqayv2u86sVlsKaPDhjwVVBd10EIVFrXKmRelAxv4BW6ptF2u5ksx9gMsD/hwruJ4yjBL7iY9Qk5E4bOBJaD8mcKQmdcTA/9VYYW8myyo4M/foXnctBatf07xBMdGVaSi0SqEidu4Lsza3THeoT3ZBBk+vTptVqtNdwaGx0dH29mRaq6z8+HkXcFokV0qi4jE2YOHGnhMYXQVOYeFMEoFPiCLhrs5GE5JiaK+KbCFpbWmC73lL5hssoF0OA3RVSyBUjEiIOyCYFU5JxC5iUMnWA7CoQect2GZZpi0I/B0By0PDHklgHLBe9RmtuCiAoQ1EXYMQVP4s184BJM2DhTHfYIYacO3hgZhk5K8j5Cnw9KKiLWjMkTP4ClG8zwDuE6Se8xeDNGmB0TcSMYooBOlGXeTqOi1NAXvFUjQk5K7UJ6qD1RXKvB7d0uSu83Q04zSKuUNkqihBdMZHrWsGFOjLpj/dTTdTvYkMPJsINu5TlbFMK2FKMetDTCOiFnFO0XjAq3Y4nt8n4nfGl6lzHkgEMjVPKr/A4C524VLXjrbbdaS0eXzJk9Z7XVV0MIyeAVYOcCQ84UuZ7QgFP+j1uKRaFL9qfBRRslNZj+eqORPe3fHhaJRCLRc0TwHv+Rveu3PFxcfPOEQOGzSJycccYZJ510Evzz9PnPf/7II48M27/zne+cd955V1555bHHHtsPAfTrqaeeeuSRR/j5E088oQiZDVv4W3h8/PHHw+coOGTyc3KwDuz/rne9a4sttlCrTNAqRSjACnAt559/frvdVvTp97DDDvvJT34SHFBWWGeeeeZVV13Fzxm2CILPgffff/8mm2yiVpI23nhjbv9ArbPOOvA4NDTUs32bbbYZGxtTE+sf//gHfMaDoZjEVWXatGnVb8fHx0899VR48r//+7+/+tWvwvaDDjrokEMOUcuvXXfdNdjqXH/99Q8++OAkOz/wwAPhf0muvfbaPffcc+Bup5xyyk033QRLZe2117755pt7Xj3iiCPUytA3v/nNH/3oR8vcbSL2RSQSiUQikUgkEolEIpFItHK1ymkPlJ6IOyGnA/cL/apiIvI0s3W6KYjgcUL1cUtpIxjNgFVpRcXXcCAZODi3DzL1sKbiyPGsyKre62sVFXmZUbIKVGOVqyZHcRJzdoryJWAVcl18RVhVZpyLuVyV1tr4nZnMsc7CgY0ScHciEKyaitMLH++SjNxjT25M3zEaLTyQaUAzg6hifFMdir6x6VyPSvJOpTdPsbYLo3FLasIO2I5dh1oOVYsdpR9eGxP0UmkrWmkYXfHggcsUlm1puF0q5OwwwGEJ32L3nXAQsxqKqu/Bt6NWry9euAjWROHm0jLRwnCERytKOA5K/1meJEmZJBZja2J4jmkvuA7IxQY2ooEMNoEYBISxkBvIizKKNOahYKNwb1MiqIQ3TITZNWiDQaMbBts4C5tO+I5iqKJhmGaCP+1mC36Ir5WBViBvAGvApGmm8aoUlQNrdHjtDVbfevuh2as1Zs1Ox8ZbSxYtvu/uJ2+/JdZEvxiTRKbeqNeSOMviPEspTYgwpDRlzgimBTZAV6Fx/GN9NNVB14yoJHAhmMQQ/1HCS8ihedsQHj2+VbCNEXS2sDQ47iaxXSdhWIJciWA1k19LaaFZMHaFjobWXH/6/E1mrL1+Nrq0teDR5uOPth55MDKWiBgMysFZoe6XSa2EdZOneSvNcQpsrUygWXCnQwNccA6jM3HsYnGs6sBglkgU4oRUMHQhlAenkmYA5w52C/dESfc4QTxFaZkGUwShMLxC8+sWtHd/stU3bu3T0TQf7Xyu3C0ILVk6OjY6Nr5o4aInFjyx9tprjYyMIERkMGOo4Ag0WoSKTGEC+VRC//kOcv8hoxapZ6LQKBKJRKJVLfjk8e+vbey+Sbz3lolSrYHcyU6bmP98zbNDnJx88snf+9734B+fL33pS3vvvXcVOvnMZz6zcOHCSy655P/9v//3xS9+cd999538VF/5yld6ttx77739cTbve9/71NQEHzG+/OUvP/DAA2uttdZU0nOejhg6YcOM5dXZZ589Y8aMpUuXbrLJJsPDw5/85Cf/53/+h1mNFdaf/vSngdsXLVr0/ve/H67129/+Fi6qVlQwtjC5HDTzs5/9TC2/OKlnEu21116LFy/+xje+EbCPZerUU0+FQ+AJDOOcOXMUUUcLFiyo7gMfnwIiw5+j2iTl7WqqOuigg8LzI444YnLo5L777lPEwYyNjV199dUDoZMsy/7rv/4LPtUeffTRVSwmqNlsTiV1qEaaZAdnXigSiUQikUgkEolEIpFIJHruybkWDPTzsGFjBR/pFNWDPwLXnQf9BDjsjEEOlJygy57LDzhKdYwYqnxMFyvjwAhNrAPmTBA2wG4EwdsCq/vIJcAPudIsHSebk9K6Qj8U/tG6IfaBEQwCRFBdtsHXoAOxrCRMx1WHu5w8fMpElXtg0wFXNYYHNEEosBxvPSVCNWf0fnC4DO/uzS6Uc53o5X4sBeuQ3YuqYhlQoDaUvoE/sRxvpq12znbaMID8E8LeFVL91hWd2exAV9aF4oK4a5U3tSAfBB0bmjg0rYjiKAAzvr3sKsH0DFmE4PEGjywI0ijKIsuhnbAlosGDVwssyrsRTWpJlER+EDpJO84nxVZ7QpiR7cSD0FGmd72ZgKeE7WXPt7HtHSRujg2X7PhDeF8QWsRWV1gdl3viXXdCtIk3scBjHXpiIvj57/j4OBuTgGCph5vHMSgFLiNYO3xFYimwASFqhxwmLK58MszgnB026mAgi0+lCij2lGR0gifR1rmGUPhLZTUEwxV3csMNjjSVjPiBlh78uJybQREqcZzXojhtttM1t95xq3e8b2TdDVSfsub4Py/483Wn/I9pN4eQnIlg+VNiS2R0O7UZN76dptRUPC3nB9Xr9YxyhuCgEDMUMobCiKlKnJAP2OG3SOh2ERPJwVNQOtzG95VnuLR+mrDTCAPNnLXlgYfO3WJbonG6tPiBe2455b8X3X9XPYnqcGqrCL4yLzjs2/XZqz1w8R9v/uWPjTIxszrUr6gyzmw/0/m1Y24rrTjjaTLdHeHk5tHfaob+KGdRQ48O4fLf+v77W8LymS0hSOEfBG0D8YerGO7pwoFHbnDwTZiOaLez7MmnWs3myKxZs1EjMHcx3MHO16dg6xbjPWyceREvY0YCrSdiRCKRSPQ810f2ru++CRaP4R+3T+7T6OdOdtrEfHbf4ci/6T9jxAn8g/vNb37ztNNOg+eHH374fvvt1xMLMjQ0dOyxxx5zzDFnnHHGF7/4xYceeuiDH/zgwFPtuOOO/RV0KOFff/31jUbjVa96lZpU22yzzcDmfeELXzjvvPPg+T777NPvtLFytcLQyZ133gndPOCAA37xi1/AJ6sjjjjine9858c//vGf/vSnIyMjbO6yApE9733vezfaaCN+/vvf/z5kxMyaNWuddda57LLLvv/973/+859XK6Rzzz0XmvfWt751u+22Wy6rjBe84AWrjoSA5QdjyM/33HNPtgy58MILP/OZz1R3u/jii3fffffqlv3331+tDN1///3wuMcee9x+++1wlf/4j/8IH6GDYCrXX3/917zmNTvttNNA6ORjH/vYjTfeuMxrHXLIITDFk+zwqU99aqIYoKoWLlwId4cSiUQikUgkEolEIpFIJBKtYnU7nWj/1S89wfOBry4Ty6jsowd4Z3Q8Troq2DoY+lZ3Dmkk1vZf2TIGweV7KKhnadputvIsI48QVw/lM2PdNvbZDsqVNVUFDHjGHE8o0aKrD9RE/qbMs5QLzwRXcCKHQVwjIujEDUbPGfmhQu2QTUOZF3AeQ0kpmqgC6wNrXLhJUbYR0MmZ7EGiwAETahnSZVcbrOd5Oj4i7mXtjDjYvgD/oxQPzgPiQ/0prZsx4/iYqMTaNBq2oF/G+DgmDfECpv1wxo2O4Uf8jYaBH/9WG9RZgNXl6ua9EmzDs9/Xu7BJqwohYq33hoHtca8/jdaeN6lU/dFRw5bOUKMLfeDL6CqAVIka8ivSPYGfbs+YMaNBGh0bbbegpJ9VCQN2kWEMBYoUmbV5gcsGLh1zVo4x/ISvzrCFrqTthOfk21ESnVQy68AuNXwJUxm/sjJyuidwxzBDhEAQb0jTFJdcQc1SUazqLzz44+u8+OWdMS+KBQ89MH32nKEZM+HbZGh42/3etMlLX3HmEf/x1D13DDfqQzDRSZzUMLMGs2zyvCBbIx7hkHIDW2BwAnfCvQ70iZ9UHTJlQk5NJbMIl1ggOXgq/dw7WMq4WxFnD2Z3aOMXbHHwp2ozZvEVsub4kw/c25gxY+Zqa5qkNrLehrt++shbzznjzjN+OVxLhhKTqA77AmOdImuBdysTG7DiY04CqtircDsDNBOChKoTyk0KJE3gTvh5oQtaIXBshPlCRpdF6fgv/IrYQYc8hVQ4YdfVO1yKezFSLjfKe6HACiloVeM72NjYOEzF6NjYkqVLZs6YOWPGtKRRJ5uTGPrIVyHfnkKFuC8/AfTKM/SOLBKJRKJVqvNuzl66Gfzz5779+N5d3MmzRZyMj49/9rOfvfTSS+H55z73uTe84Q0Dd4MPEocffvjqq69+wgkn/PjHP4ajPvEPzZOtAAAQAElEQVSJT/Tvtj+pugX+OTv44IPhCTy+//3vV8sp+DwTiBOlOr80cNBBBzWbzeqeHNBz2mmnXXjhhT0nOeaYYwK3Af/E93uuVMVJMddcc81rX/taNanOOuus8JkWuglXWW211fbcc08GJtZff/0PfvCDxx13HIzYpz71KegINB4+warl1Itf/OKddtqJn1933XUBOlHkQPO2t73td7/73X777ffCF75w6ud88skn+QnzHLNnzz700EMXLVo09TP8+c9/ZnOUHo2Ojk6fPl1NQTfffPOcOXPWWmut/pdgEqfSmFmzZs2fP5+f33XXXUuXLt1qq60Y62m32//85z/Viuruu++Gx81J3/3ud6+44orddtutf7dPf/rTk6RNwZKbitPJwGEUiUQikUgkEolEIpFIJBKJVpE6pV62mrDKxZ1UQAJX67eqyIv2eCtttoosL8n0gUu7lSopUg9UYl311cwOrzD4NRZl32h23VBoAFCy/0bpwi7IpAV+3s0eIUb7zuve83VZdWCwToE1eZcKwswH2c/Q4eRiUHLNHhkXq/VUcnUm7WuP2I9GK2+RYXSEaSfVn1Hrvl5UoRWMP6FyeZ6maauVttswp3C8KizH1LCrSVKr1er1iCJ7Ah4yUW86NiSO89HOXmRAB0rfMyrcl8w1WRorPCiu9NqGLqku/MKirQx/S0koPNmE9tC5A9+jQ+M6Z+XzBJIg0gZ+Xk+drS9ZsqTValWz52EHGCW2P6FIJkuUhXG2GWQEwnviHaA77EsUOSyGiZDO3Pmrg2IVU3qQBw28tUmVMkE8BY2DrPOb8dlDkdZxLW7oRpQgE5Nl2L7clhu98wOBOLn+T2dcedZv77/tlrSVQnNnrjFv/rY7vOlTh82Yu9rwyOw3fvU7J//7R5568P6RYZiJRgN+pk6/SRzHOQwCLXPO2okKW+ZodBRlGXInRaORJR0xjUFpQYZ7oarvL0hCYbu1c6OhCKQS3ZN4WpChwHuy9DYpjleCrSM7vXTTd36EQbKbzznzmjN/veDB+3McTA037jb77Lv7uz4wbc7cLV79xgX33f3ENZcUZa0eu2QvXmgprZC6wQCakm7+vCidi4kxVrHxDBJzFDdk+HkVClEVv5PAOQW/HL7/tZ/60lEisD0mxARRMCJ2+L0RTmKqtT7rPVRsD3LiLs6IDmEjmnglsioydI40hft3yejSscXTl86ZM2tk1kijUY/raEKDTlM8vjDoMQ81AS80K5gNZNVy/1q0SCQSiZ57uuPh8ou/G//KG4eZO4F/QgN38mwRJ9dcc82RRx754IMPwieE//zP/1ymUcSHP/xhqJEfffTRJ5988tDQ0Ic+9CG1LP35z3++6aab5s2bd8ABB6jlFHw+P/zww88//3x4vummm95xxx3hpXvuuWd8fLz/kEWkno09nxUfe+wxtSy1SJPvU/0EePrpp19//fUwPlX/D+jyJZdccuCBB3IDVrpHy7rrrnvwwQf/+Mc/PuaYY/73f/9XL+v/6x544IELL7zwoosughnhLXvuuSdM4iabbHLnnXf2QDygP/7xj0uXLn3DG97Qz8oMpGdgQN797nePjY396Ec/gvlSE+s3v/nN17/+9Ze85CXf/e53+18955xz4PE1r3lNNVqov3c77LDDN77xDX5+6KGHXn755cceeyxb1EBP3/jGN6oVEqw6OBU82WWXXebMmfODH/zg97///UDoZBLiRJFpkFoZgtttmQFGynv7iUQikUgkEolEIpFIJBKJVr2CpcYz+0vjK4/qcHYYpfuVfVU1SqlcDV7KWu20xTYnULEs2LfD+iI5Fps5nsZBHu4X95XWWj9Dg9NJVqGQFdcA7iA1ElsLNXm3CX8sbyJlCNeAb0KN2Xo6odJu630YMEGFsnUKN1zelAGZFnR4YCgAwZQszZQ3KLHBrWQqg2En7qJLknERO2xgEMHox5yt4wr91ud0+NNhd20YIqjvk7UNMhOUrVPkBWXuhGweygyiCdXGGTGoqWpyVxvb0z2q4hfKDzE7zcTBM8YzMgE96TrUJaFUkBQXJtIhZJTq+vF9x5wnHIKsAEEhsKVer8MPguE5lBbaKf4hWsCjOv4o73KRFUVuyASFX4VJCEkrLE5vqVqLc8+CTwbhOXDSKHxbzdnpOHY4fsqqio0HDwumAxEQE8VlmuXDW+6wzq57wfbW0iXnHPeNf/ztwmaa5nnByMOixx69/tw/3H715Qd+9dgtdt61MX3GPod+5meHvp+YH20bJXIn9XpSJtCvVruVZmleFJhwAz8uV9AGskDBbClbS7I8SRg9oVwfArhgFWpHYSgHnGjvOuNQEqQn2MBDa8qMQecNGmQdAq0sB0M1hjfc/z3wat5qXnDcMbdcclHmAovQ9CPP0+v/dOa911974Hf+e2jGzBe/92O/u+XGJWOLh2sxNIhnKivLFswLLCnNN7nmLLGCVhqGleH0Yp4QQidFGZODjWGrn8qbl7NwcjZBmn2NdMVHh4EzXr7sY0J3KRuKaDg9jJrWfqHidTWtgQ4JZbQOP9l36JHyLkcUvEXvYcZBgJxfRRQJdGHJ4iWtZmvR4qXTZ0ybMTJj+vTpMIcwHzD46O+CRA8CgdoRM/huteIUnEgkEomeYxrInWy0evrabWvPMHEyNjb2/e9//7e//a0iS4avfe1rk1MCQW9+85v52J/85CdDQ0MHHnggbz/ssMOuv/76/v2XLFmiiAWZyEOlXy960Yu++tWvKirbn3/++fDZCZ4sXry4Wno/5ZRTbDdZ/bOf/ez0009/+9vf/q53vavnhGussUZ4Dp/3mGIZqLvvvvtDH/oQfVaK4WPUL37xi7lz5060c3CPW7BgwQ9+8AMYjTe96U1VogVOcvzxx8Mju7CsimCggw466Mwzz7zjjjv+/Oc/v+Y1r5l85xNOOOGPf/wjPBkeHmZk58gjj+Q4pEMOOQTGE7q/5pprBquSK6+8cunSpR/96Een6MZx9dVXP/TQQ/Pmzdt4440n3/P1r389zNcll1xy+eWX77rrrj2vfvCDHzz55JP33XffKnTyjOmaa66B5Qq94DsCmveXv/wFlt/IyIh6ZjVz5kxeusvkn1iws/imiEQikUgkEolEIpFIJBKteum+J6tKtt9cYnnMM4KnA33T95L1pAb9Or7PMnFZJ1iizfL2eDNrty3CFjn7a/CJMF0Gips+WiQwB9bn1PhmOpphik3t0RShh4opia44BljXF+VKxvBgImMwVAdZDW28J0fnNJ0OaDccneahw0WeU6JQTJ4CztyhtFD3p6FAjqIssswioIMF4+VaH3oZr3g4gzdpAxdNagk8KKIZQverg1b1aqEpNmxrUuRZ2mriUdb5aEDtG+rjMD4q4jI19pdNHCowjp64haFSbyfYgfiGsEs3RsLzFtvAx7iDgkVJxYFCecSkW9YTAEgeca5Q5bWwpcpzmEp/OCxmZPasdrvdaoJaWZ5ZRycExwtFSSk5ulzAHMcl2584+IIokBDUwuYZwcSCYQz2PmHIwJTGEEkRdoZZKNVA0kdXB4wghpLIJ0MRNjh76+zp3N0vOP5b/7zybwVlqSRJBMtdkzNHnhfZ0sUn/ttHPvubP81Za+35W79w3jbbP/qP68jBp26HhmwtxotAdxoNa6IyTdvt1OaZoQtlsLLLMkNjlbheL6I0hdUHjY6ThB81dwJtQyJKnSqNmz9aTFbnReFhCVSOFJe/Q5FAQRYEupKXxbx9XhtPwxLF38/41S2X/iWl3eDOrcVRYlxC0vjjD1/0k+/u++9fjOuNedvtfNcFf4DzJJFzg4FrtLO8MLqG9zne87gAyKIE83bQK8fRP9DeXJeG3twi7d4R0NAGDsOeOJIGnVG8b431JiUKi3m2VGwTZIircewaozd4GsxU4iwhQuIQuTF83/HKL33sjptKq223S5BRBnEd5XAecvihdWhLjj0abzaXLlmydMnS6TNnzJgxfTqGRtXJtwW7UCBIYxGnwVZo+dVVkUgk+ldSP3fy+u1q4dVnhjiBsvqXvvQlxiPe/va3f/zjH6/X61M//D3vec9TTz31i1/84nvf+x4UuZl1gLo4B9NUxeYZ8HEL/oXrf5X/TYR/UnuuHkrs8+fPh2OPOuqoPffc8+STT67us/baa/ecjVEJ+Gd1nXXWUZNq1qxZE710+umnw+Mb3vAGOM9JJ5106qmnfvazn1XL0rHHHjs6OnrIIYfMnTu3x0aFjU8ef/xxRSk2amWrVqt94AMfOPLII48//vh99tmn6rPSr5133hnGFuZrhx122GuvvXpeve+++2Ax7LLLLj/84Q/VCumMM85QBJSYaoDqIMGMw3Adfvjh3/rWt0455ZSeZu+xxx7bbrvtrbfeOtHhHYR9FYh9VqAN/O3rXve6Sy655Oyzz373u9899ZNcfvnlX/jCF6ayZ5IkE7E1/0nq337PPfdsuOGGSiQSiUQikUgkEolEIpFI9C+tKj3Bf03tsCpIMQDmoFiTjoWELYMviKrgAPhC1m5n7SaUNhG2wGwKzZgKlGK5zE6VVjPAysNDA8+YKj4b5HeiqpEvmv0DNOfqJAl8RUni4mPKDsCgu1kI3YtG4HeG+s4//+T6ORu9YOFYcwpPSVCEZl8COnLidqupzSljPXxCQ+V96Egtjms1qPLbSkt1d/srKn0nsFadtVNL7QwmGuzRwPE8LsHHOEcRvayGerTJVs1EenchjxVymjHOKqcTxlLw2ePCMUreZwK7W2pnwTKwV53rc0es94SpWoP4y+DFq41zq1R34CP4aTtZftST2vjo2Fi71bJuii0THsoFrGBSDBEkuKWG6TQ1S5EripaI8mdWnUt0OkwISG5Kw4yErYwFUh9wuHGEinK/+dqJTbId8Mj6b1Vj/hbT1p4P3z562013/P1yHUeJsnVY58rWKAOqzMssL9pZNp7mfzz+ewd8+euw857v/dDx/+9gcu+x2739vdNGRh678donbrpu3Re/fKO99h1ZZ4Mizx699eY7/nbBreedXYuidhbV4qwWR1meI2qT5PWZs9bY49Uj8zeeuf5GeXN80T13LL3vrsW3/aMO6xMWKGIceCvO3OmltTXXWXr/nY9f9ddkzhpzd9xtxrobDq02b/TRB5c8cPdDf/lzvmQREjdaRcqaaTPWfikVnBYvuuas32Q05vVaPBTHjVqEnItWcI+18+Lhay4dfXJBfXh4rS22ue2cM1qwPXFmOTAtKU6NLspSR3WTRPWZs9fYbe/Zm2/TmLOGjuPWoqeWPHz/A5de8OQ/roOZjDWGFs19wQvX3PUVcIYHzjtj/PGHY+xjDHNZm7vGvH32h7la+sC9D1/8B0NzFOECUHN23mPmZlu1Fy+6+/SfM1iFOTqazI9oAn0IT0QvMfNREojD7i82LFLD6UKlC7LyixNtWTQuiNLBYYqtgMoIESWVw32cl+MFZkNBjWp8ZKQ51pw5c2TaS4tohwAAEABJREFU9CGYLVgCmqYA3i/IyQUuVyiRSCQS/QuphzsJesZSdRqNxpNPPjl37twvfelLA3NDlqlPfOITCxcuvPnmm3fZZRfe0p+Tcuuttx500EHw8eNXv/rVBhts0H+ST3/60xdffPFnPvOZt7zlLQOv8qEPfQhq/1tuuaV6RvTggw+ee+658Knyfe9739DQ0GmnnXbGGWe84x3vWGaBHz40rLfeepNACXBmRY4yk5/nN7/5zc477zxwrCbRfvvt97Of/WzBggX33HPP5HY1+5GUh4F6dMMNN8AjdKRn+/XXXz9z5szwLXxm3mmnnfoPX7x48UUXXQRD8frXv15NQa961atOOeWUm266CcYZBrnn1UnAINATTzwBj7D8Pve5z/GW22+/XVESDef+DIxemooefvhhRkD23Xdf3gIrELp/0kknvfGNbxweHp7iebIsW7RoEYwVG8lMJPgsOJATgv/pgMPZtgQ+K15yySWwIF/2spfBt7/4xS/gXnvve997yCGH9Bw1Njb2y1/+8oADDph6O0UikUgkEolEIpFIJBKJRCugauV6VfxmVAc3WRF8w/bubwO14v9yORCBOCm5pAkVTkO0AXp6wE+4Wq0izYssL/E3/C1X/glHQE8DbfDnWvCswwi4qwXPi55eLKO/wT5A+VEdhC8MHvyuY9kLo3IIW7RA5ddEGAYSoTuDYTKFbU18KwMjYhnyMExjYFQKButg8Rjq0OR0QmkfRFpUbF5yB3NYFWxOrI9P6euHWqYGLy2LDgZJzNwMxncYE/JkGO1wTAzHAtErzlyDMQ6Y21a7INhAh2APLE8U2hp0qiDjlt42W79u+ialE/xCl/cohA8Fcjv50SgK1wuyiVFEdeDys+QcEuZTqZA709kSrshnNWEjz1doWfe3nZ5YW/VP8a2zHL+jPIEDFYLG8LBGp5CkPd7KMvS34ZwUNqVQir0rnDtF5ggXHTnnH8MTEIJavJ2Ms8oIh/MwwIBbPKubNvTHsLg6nb1K2cGi8NajkBbl2RfkKmwxd/vdeYfLTz2pgOnXBn5APJxEjcjUKTMG7uEsL5rtdLTZuusv5y146JDV1llvk+12zEo71k4jrTbb6zUzVl9z6aLFW2yz49b7dnLrN9p1D/ha70W7/fmbXx4bH69HUaMWt/Mclt6a22y3yye+MDzHO2/PmjN9rXXVbq944rab//nLE6K0CTvX8EbTjfU3mrnZNllRJPMf2/KdH4obzhB+9iYvgK+5W+1wxXe/rMaWoouJtiNrzzf0I/V/nHvm+HgTeliL4+n12syh+nAS12NnJtNO87E0O+2Qd8H0wFDCwGUu98zhOxgGpHVe2rwoZmy8zbYf/k8ddX4QP33eOvC19g67PnTdVZd9/8hEWejX0oVPbvuil8Krix6458n770GwJoOemukbbjF3e6yijWy61T//eHocoedKPY5gJubt8erp685/8LILmxhVpSNlY8wc0w47YYukYIxSdt6Zw1te2e09gsSJobu0c+Not9i9k0pJa4zWDs61dbdVOTbWyvOyOdYcHRubPm369JkzhoeHajwHzo3IBvd+kUgkEv3L6I6Hy2/8afxLr++qDf/gwuYzQJyAtt5662OOOeaFL3zhCntvwL+GX/jCF6AcPhEcAFXzL3/5y/Ah6qMf/ehAigLq6BdffPG8efMmid2BT1nPGHEC/8p///vfh3/h3/KWt6y55pqwBer6xx133KGHHvrf//3f0M5Jjn3Tm96Upil8BJ1ohwceeAAelwmv/PjHPz7++OMvuOACtTyC/8n5/Oc/Dy1cd9111dPQRNDJYYcdVv0WPq7+9a9/7T/87LPPhv8P3XXXXScfqyBYQp/85Cc/8IEPnHDCCbAGlit76KGHHoLHR0nV7QMbNrngDGecccZHPvIR/vYnP/kJLN2dd94Z7hHeAtP66le/+tRTT/3lL3/5wQ9+UC2P9t5776OOOmqSHQKz1aMrr7zyE5/4xD777HP00UcvWLDg8MMPhzXJ0Ml+++0HDT7ppJMajQaMXvUoWK6/+c1v7r///iOPPFKJRCKRSCQSiUQikUgkEomeb+qhE8pOdb/UU+ZOBlib9OMNbI3hHSeUq2JT7d9gbbQs0AyjSDP2OHHZLAxouF/dd9+5grjuAl26aAO+4BSaz0RD57mPuQlAyQT0Bh/Q3bvqX1QBtp4jYSSAz1kNBqqexLo8GMIiiDjJobRNQShRHOvgU0DkgCGfbxi6PM1w0LLMeu8RPv2ysKRuLEP1Nr6yzYWRULgOhgRhv2zp7EH6Vkj3mmG8gtpeYqSKJZMObqitXNOlkQRYosfspYLTdLZ2O8L4SbRs2eCWWhlmNnAu1u/uDomd7YOt2qtoNhrhw51/jO70SNF9gjhIGEY98c1iB/Bbtv85ebPDz4WHhofTRrvZbDXHm2nWonid0l/F9QGGK88La2HWdRxbWlyKLC7Q8MJ7v5Sek3FH8XaO2ilNgXkuhWG3HAxwImnEFzhAB5tdktuK6gA+rsFFaeurrcmbHr7zNhitWmKmDzVmDdWm15MGnESrPIMFXDRb6eKxehyPPXHX7autsx7M9Miaay1+5EHoG0/G1q9949DMkYduvfnWv17w8G23rL35lpu/dM91X7D1lq941fjo6J+++RXyPLKNvFz7hTvu+cVv6ygaX/jk1b/55RP33jltzmrrbPXCbV71utU336r+0f+47PtHt9rNafVaEpuCJm/mRpuv/sKd4fa48axTF9x7d214eKMX77H2VttNX2OtLd/1oct+cNRQLUmMXn01V114/L57C0ovatSSGUMInUyrxfUYxwXekoaTBLZDZ1pQlCgKdI5RGBvluTrEhEqDJjHRjJGt3vcpHcXNpxZc95v/eeSO22D76ptsMX/H3ebvuMs62++8wSvfcPvZv0kLO37PXeNPLRies9rMTV6w6IxTYPDhcrHRG87fjJtUmzGSjcwdfeKR4VoN7qD6zOnT19kAtj90/dXNvIyNqkUqQrQN8TyyQqGFC0vG4HsF8nlokeMDd5ynkMs/QvDPrU+8AYy/jzSzNKrwr+Ea8W8vGHEGtzItpxIz0LJirGi229n4aHN0bBTRk+nThoZxaGFXInaUSCQSif71dN3d5f9c2jp49wZ/+4sr2hff9MxZW7385S9XT09xHE9iR3HKKafccccditw77rnnnp122mnHHXcMmThXXHEF1NHhA8Nhhx02CavxTOrrX//6hRdeCB8mDz74YN5y0EEHQRfOOeecj3zkIyeccMLqq68+0bEvetGLJj/55ZdfDo8bb7zx5LvBR6P+nKPqEC1dunTggQOtR5ZXN954IzxedNFF73rXu6r/M/PGN76xSoQMtO5YuHDhT3/6U3jy5je/WU1Z2223HbT8mmuuOeOMM975zndO/UB2jjn00EM52gn0hS984dprrz355JPnzp2ryLCkB8gYqNtvv/3jH/84fMBj6OSWW2754x//CE964JK3ve1tp59+Opz8rW996+QWLCtL5513HjzCLdP/EjTghz/8IazS448/fp111uERGB0dhY+PH/vYxy655JI///nPcCDMmhKJRCKRSCQSiUQikUgkEq0CeW8LRY/lZCTEyrkcFe+7g0dWTB3SwvozeqyAcQxl2fSkyNtt/EpT+CqLPBTM8ff3uZYOBVRjBrl1GLXCqiAOPSNaMTIZcEm9jA2aPTEIAYiwhWQs4bkBB14w4eJbQv9haRjL11DSthhOgZk26OxCTdWURWPpNycxeqUokDjJUzJYML4RhpGLvibbCZ53td+hPR5vYPcOcjrRURLHSaK742JUN29jK6ksfAruFEwvFKfL3IfZuEaQf4dF3xQ4Na8IGiVViXZRPRYySnXMYfo2M6lUCYfqbqqlVB008vDbY66v4+LkTBDlu6cDOqW9QQ02o8Qd3ekK6m1oqQ7+KJN4zGg3ykr1sloGA1QwQ6oW1ZO4hpFGTZ3lmbXuhueOsbBNNk+hDUVBMFBsrIlsVPXh4SEOGT3BLiUkErF5jh8pBxFZNmwxyk9RSfyUH0AaUmhQYzbajYwteipNU03WIMNJPL1RHxmqDcVIEMGZsyxvNVLMWzFm9PFH+BSrr7f+okceTL3tytDMkYfvuO17HzwQFnEcRbdfd+0lp//6g98/ce3Ntthx3/0vP+1XT9x5Ww6vKbXrhz+lo+iJe+76+ac+NLZksabEqRsvPv++m27c798/P3OtdVbb4cV3n/+HdKheryUFR+TMnLX40Yf/+J0j4YqGVtU/L7n49Ycfs+bGm817wbZNa8p2Xk90fXUHnSx64jF0nYmi4VoyXKtNqyXTEJ1ANxgYRzJ0QU+RRh5j/hfSO0WaZzy7bEIEj3Dh2ZttGTfwl78v+ubnH3/w/maa5bl68I7br/3jme/65vFrbbrFGptvc9VvTq7BtYy5/9rLt9jndattuuWSdgo3egNdjczczfH3U8ssNUlt+kabP3Lv3WlR5LXanA13Qh6qyB+48e85Ji0hb6IIDEJmiOisErOSDEwSvvMQVoK3L8bcGGaRcBWTaQ3Z3eCS9tgWvx87yx6f0ORINl5/tBFum4gzoCIT80rLkD3JW61Wc6w1unR02vRpM6dPawzXG0ONWJxORCKR6F9UZ16dK4XcyS+uaJ92Rab+hfTud7/7RS960VVXXXXllVdecMEFf/jDH2DjWmutBeXw1VZbDer38CHgq1/96kte8hL1bGvJkiVHHnnkhRdeCJ8gvv71rwe4BP6BPuKIIxYuXAi9gBr/4Ycf/uIXv1gtvxYsWHDdddfByXfeeefJ92y329OnT+9vXvh0Guz3VrruJSkK0znjjDOqyMKHP/xhznmZRN/+9rcXL14Mk7u8MNMBBxxwzTXX/PKXv3zrW986MGgGPifDmRVlx4SNDJ3svvvua6yxBm9hFAbaydMHI7nMS8O0nn322XDad7zjHfChDJ589rOfhWUJa3L77bev7jl//vyDDjroxBNPPP7443t8X1aFsiy7+OKLYdJf8YpXDNxhzTXX/MY3vsEmMXvvvbciS5Vddtnle9/73te+9rUPfvCDxx577HbbbbdMZx2RSCQSiUQikUgkEolEItFKUYhKUE9PA8Ninq66T6N9rTrkpDjHEo5r4N+YhxpuOytSKOFmGIbirClwZ7RaMNp7kHj7kOqFnu4YVIEAd/KKYcagK9mK+UWviDVByoT9TRAIiDj5hNMmei/eiTNi44EyR1OQIoO/bJxEyDwUVCMmtxBuH5qOGJNlbXRDKfBKfa4jeiArMwGPErYbWz2YR4HCjxBr4IQgFWikcCnCG0o3s9bBDhzzgTkfqkRbCEwLqsBTtmJiAqfFCA49oOV6UFdox7Kn9f6h0jY6mJpSKodd9MYuGWcgYwPP4U4YvnFJPH1H+/1L232kj/np6kP46upGtzzioqBI32g00C9i2vTG0DD/CJuDdcKliUwqM/hJdtsJnqb4fZVWidYAABAASURBVMpeJrT2DPuXxMRnuCQdOpz3yfO8IJUYDAOThF+8kdx2Sp5XW3b66HpaH47q+Duji594FFoMK7yeJMP12nA9mVavD9XrjVqtUU+mTxueNTJjzqyZc0ZmtBcu4KvPWWvtElEj75tSlj857FMLly4da0EXMoQ52umvv/xZTJaKol3e/E4bxVDF2nSvfdfYZHPY/7SvHf7ww48sGmsuHh0dHR+Hr7+f96e7r7sGXtroJa94cunSp5YuXTw6lhdurC7+2Y8fuvfeZlZkRF/ALXTv9VfjxEexnjFraTsdT4thdm2BusiCJ8h0J6olcaOWDNWTei2pxZH/QhuS4Voys1GfNW1o1rTGjOHGtEYj8D0UYIRAUx3O/PD9D1xz6cJHH85LsmpChggJtEfuuBV2nr76mouWji9YsuSJhYv++bcLYUtteFqy+lqLxsYWj4+bOavXZ85qjy295a9oUL/mC7Zd3GwtGW8vbbVnbLoVbHn89luWji5t5tApfEvQRJwYo/2k4994w+I7D7yE6UmUYUUPEb8t0ZOI30nwDkfmCZ8YXpfUWM03v3J/Uxd4JWF8juuRW8x0B0GZAWpLTy546rFHH3vk0ccef/zJxYuWtFrLLpyIRCKR6HmqM6/O33/i6L8YcaLoQ9rmm29+4IEHHnfccRdddNGPf/zjt771rY8//jiU+U866ST4pDRnzpxFixY9+eST6tkT/Mt7wQUXvPOd72SPEyjY90AwSZJ885vfhI2PPvroIYcc8uUvf3kir5FJdM4558CFdtlll36gpKpmswkfA/r3+a//+q8rvVadfcU3vvENeHzPe96z0UYbffe7373kkkumfuwVV1zxpz/9CT44rQCQsfvuu8+fPx+GF0Zp4A7nnnvuXqQjjjiCtyxevPi6666DgYKmqhUSfASGx1//+tfwof0rX/nKpz/9afj2q1/96kMPPTR37twvfvGL/Ye8733vW3fddU877bS//OUvahXrzDPPhBbuuOOO7NoyUFtvvTVM089//nNYoo899hh0hJOGtt122/e///3w/zVHHnnkSvvBhEgkEolEIpFIJBKJRCKR6BlRV5VduawRV25U+mnanPB5OxeyDtbg+iVXM/lFLHmnKZSboRDOnAMXPDXVR6kCahRjMT4hYoJKPktPFUUJ/dTBhEJ5xsEqNaWMnq7zBVMAQmSg8FurQUG+hjYELmSHOq4qxhzB/kQ5Vw8sXvsvTKUhVgPJjYyyRsqCiYcMivTt1BJg0D1TU+5+dXfdGQ3lo4z4CTQeupHUEkN+Kp1z68APVc7maB3rXTFKdq/Js6wHVrFUjY+pOq59/VpXbE58olK/0YntI2ds5dG76ZApg8M1bBmYDVXhPeIOcWQRaCo0enxopZ0pD1sL+dvEeBcV7Rgi3sN63qXLgGjgj0qt7rSzh/9xoBM5vcCIDw8PQ/2g1W6NjY2Oj48RHJIHnxJ/TVor1MOC+JIyRn4LnxUYuRJYB03WI/DIuAlNTcH3WGyiEoN0eLJKnm84Mz4SM6SVKa1LWim97wq3ORsfQ1cUdAcxcJ4a/HEkgo3QZwOvOzxkWnk5Y7b7ufP44oVR3LG+ePLhh+6/43Z0EoEWFrnGxawWP/LAU48+PHftdVdbf76OYdnFG+68G+y8+LFHb73u78hZKbicIlYG3jGKW6+8dOMdd56z1jp65pwnn3wsbSA4A/u3li654+9XF3iHxLGJ6wneeYsfvI8vHQ9NW5LlRtvm0iWuO+1WHJkEljs9xnRjITJGEwNParGKbVSgnYmFQxNEpdy9Z8g7hNCd/I5zz7zr/N/nmPFDMUxo5aN0oWesPm+DbXfgZdC2NqGj7r3uqiLLoiRZZ+vtH7v7DlOUq79gW9jn/puuv/Xqy7fe6zXzt9l+rJ3SZKo16KV7/n5lmsEE65KsbRwHQo5QzgiHc7HQX0mzExQZ3tDGAm2R6GYwtHIolYnXkstl0qV1WTqGoCOaT45cYnAOdnChToV1iWxko0KuRsqiC8wYvDu1oeTQbI5BWWUDJRKJRKJ/WT253BjD80bwz/rtt99+3XXXXX755VdffTV8CzXyvfbaCwrk119//bHHHvvtb3/7RS960atf/epXvOIVkzMZ1XM+8sgj/dsZB1myZAnbYPRoZGRkxowZ1ZP87W9/O+GEE2677Tb4dqONNjr66KMHxt9MmzYNqvu//vWvv/e975111lmXXHLJ29/+9je/+c2zZ89WU9D4+PjJJ58MT/bcc8/+V/kT42OPPTZ37tybb74Zns+ZM2eSs8FF1113XfiIqyYVD8Ukv1qRZV2Q03nnnXfVVVcNDQ0ddNBBr3zlK9/73vd+8pOfPOCAA1qtllqWYJ9jjjlGkWfJQGsNuNYkviPQSDjwyCOP/PnPf77vvvv2txkGpHraddZZ5ze/+Q1c9CUveUnAwfs1CW8BiwemHp7MmzcPVuAWW2wBOx911FEXXICk8pe//OWBUwD/T3HYYYcdcsghRxxxxK9+9Ss4Vk1BN91001e+8pVJdoB12OPvAgvmJz/5iaJ0p+r2NE17jg2+O9dcg+x4GKWDDz743HPPveGGG37729++5S1vUSKRSCQSiUQikUgkEolEolUn21uF7/xgSoe/+ww1uqv02naMGyrcSe/+A6ETO3E4S9+u3t4k2Jw4GsC69BKunkPpOMuzdkphMVgspmpnoRE4iXzaS0gxsb0MQm/Yi+baftewdMeb+G+7y/4h/oZK+WpQfwb1tJd9IQcXthhgmxOM16EqcMmWGaEHWmk/RK61luAIZd0+UFKnhBQo+RdoaoKtcmkZUN5u468U4k/wjDGVqXSxPWqKvx3Ws5bcts6ioGCdpFavQ19czozpYkz8pfzI6q4hhi7AtKbNVp6mcE6jPZBCF4DhgTMntZqJ/PwGcsN615nKdOmqn4lvonNX8Yd3GoZ+ObZ6hO+ed3CBBvC+XHeHGTLe48ZV3btWhWYDHu9swXiODYFCiG44aElzlInqGeoeNyHN57c6eGVwPAqlJcGfJIpNNBTDX0kCNfxmc7zVbhcFUR9WOweUUmnCLwwiI7YoS4S0CsPcSRSTnQXiJ9owhKJMQQATrTONGUEGsRJqQ4nQDWytIWwAlzAxhqfY0vJNyGMDKzQdXQKrL6oPzaBgGppXHUe4LA2BFLDomfWBVsFP1GtxPGve2tzp0QVPNGpDtsx5qB574D5CmWzNmDp8KVMjYOKJu++cu/a6c9daB/oXm3i1DfCXQfMi3/sDHyUXE0t0CxluaD17rXX45MmMkQX33oMkCjmdjC1ZhG3QuhaZ4Vo8vV6LlE5KZ+0OR+elTYvyqYcf2JC2jKw5b/FD95EniEd1tDMoMioqLLv4EEdidRRbm2P6V5hMYr90UVgY3IQouVnrbjhro82mrz5v5mprwuPc9eZHZJ+O+0eIpNXjKNHqoZuvX3+7F83ffqfr/3B6acxaW20HO9xz/d/v+DuassyYM3dknfWbjz08strskXnY0zuvuixDdiSiRUnsEDUqgGzhrobxcelUHJlW4htuThk7kSEei98rlXtftoSeGEdsMcBC79G6etfQI6Z9WRNwL1rZxgN08CeH93RUOjo6uoESiUQi0fNVM4fVknG1ijQyTT13lOf5ww8//OCDDz7wwAN33nnnHXfcAY8BXNh888333HPPN77xjVzUh93OPvvsP/zhD+zhAVX/l7zkJa961ate+tKXQoF/kqssXLhw//33n+jVU0n92z/+8Y+/5z3vUcQcwA5/+tOfFixAD7mZM2fC9ne+852TX/Ttb3/7jjvueMQRR9x6663HH3/8iSee+OpXv/qAAw4YyKlU9fOf/xwutMYaa8D+/a/utttu5557LrRtnXXWufvuu2HLVlttFV7de++94fxVvuH/kXpOctNNN/3zn/9MkgQjJmu1hx566Nprr4XtW265Zc+ejz322NVXXz08PHzVVVfBt3PnzoWjxsfHv/3tb8O373rXu0ZIP/zhDw877LBf/OIXfNQhhxwya9as6dOnz5gxAy7BBoEbbrjhRz7yEUXQyWabbVYUxQc+8IFwoRtvvPG6666DIYX2XHPNNbAPTHrILerRvvvue8opp+y1116wfqA9/UMUPE4U5ebst99+ihiXgWe76KKL4CM8dBOeDw0N9e8AvYZJh4E95phjoF/wQffII4/8/e9/Dy/927/92yQJSvDSK1/5Spivz33ucyeccEI0hfRDuB34zFPX6aef/tRTT2233Xa77rorb4EF0Gg0YNl//etfX2+99Xr2v++++6BJ8GSnnXbiLTCGMH2wqJRIJBKJRCKRSCQSiUQikWhVqIer8I4Roezeeck/sSHIxhMEXTVw5+TQRQ/o6j6e9Rj0q1Z9RAt7W6hKOzuFe0v2CBRRwr9Ar12aSQklfir0F1mWp2mR5XmK2TraWZ1wJERsGc5ADMWX7PspG/rVfndBRBAcHNDVHl1pmHsI1ELYjc6lHZfgUBBbfTlgA772OoGw7dhmVeaIAuC1jKc5rArFbDePLsNEOdsKDDwpYIeSK/dwCvI74ZwTOGvbtjLTztKMwzXodFgYtmWpejw/esWDUiV4KtOufQFZuSozoQomriVRklCbA4FBxWrHW1BMkqFoHhz8iPwdsDXYkywvofrcSm1hCQ7R3Cd2MNFRRKk9iENgxxzBwSYr3IcyLMWAj3TDRI5fCbMYiBatO34rnc7zvkYzchUz5VSiwwYb8EQ87G48rK3OumtHNV2JN2h/R04AJqlO86vfO76mevvqyr4lrVr42evs2bPgp+Hj48Njo6Nj42PNZos8SErjc5s42AUXEGInMKroTVLALYS/f2iNKTlnx7B3EM6Dpkwd5FtyslBBOgoTlBJ4Pc9gTIrcFFEM2+MoNspYvpRnxezYgsdmrjN/ZI15KtwsytlrkJsPjggCGdCDAl1Mpq2OETYIrCxdNDQ8hH4b1M8F998Pkx9pUzNRI46HInhiCmUXPng/vDo8MqvVaudRvNq6+EPquWuv+7qPflJNLGvi0eZ4hGYbOK3NpUvhitCFRhxNS5IZ9XpszHDN1QPYFwTuzcWPPMRboDuLH7qvg5soXoU4XCXzNlAA2GjzaGQujPfjV/8lr7w5sjNISJxZb9dXbPPm9zZGZlWbN/bUk1namoXgCPrJmDhp1JN6Ej1807Xrb/ei9bZ8oYLBL+26WyN0ctf11y596qlH7rlrrQ033nDbHa//0wPztn4hbF/y+GOP3XdPjPNhyAQK7zx2j1Idrx3La51WiMMLOc1MGXY44SQtmFaPA9J8wTuPgQNN532KCRK3PsP7Xed2cCvCGar4lCjCcvD9CqavnUq8jkgkEj2PNX8Nc+O95WSfb1ZMdMIN1zDqOaN3vOMd9957b3XL+uuvv80222y77bYveclL1lxzzepL66677kc+8pEPf/jD11577dlnn33++edfRJo5c+app5662mqrTXQV+FgqvePoAAAQAElEQVSywQYbqOUUnJaf5Hn+61//Ok3TtdZa6w1veAO0eYoOK5tsssnJJ5/817/+9cQTT7zlllvOOuusl7/85cuETi699FJ4hJ4OhFoOOOCAJ5544oYbbli0aBHssNNOO73zne8MrzJdsUw9/PDDX//613s2brrppv1tg8+tVYBj7733hk8m1113HbRhs802C9TIjjvuCEP0hz/84aqrrmJyqP+iH/vYx/jJrFmzvvGNb0D7G41GeBW+/cEPflDdH/oyEaVRq9VOOeWU/u0wIPPmzYPzVzc+9NBDzWZz5513DoxFj373u99ddtll/HyvvfYaeLlvfvObsCy5PfCB7fHHH4cn//Ef//H2t79dTap/+7d/g5NvtNFGUyFOQNtvv/173/veSXb45Cd7P5a/9a1vXbx4cSBOQDCw++677+mnn/6b3/xmovPAjfa6170ufAuDc+aZZ05E+YhEIpFIJBKJRCKRSCQSiZ6O9IDvOttsH3tiK7t1WIuqqUf/WXv9MarVb9W7sd9IZZDo9+hd2V8H3MOTI5p+mx5K32mrlUJlOc3KPA8NIJeTWJEJgq42RuuqV0QFK6nUQ3XPFlUhTGzl4AFPXSqFqzWHMJXKbh3rC92PngTPihKq3lZBRRvKyA6DiNj+gk9MsIaOyBYFi9mMAFhHmZTO/4LEGEq1hVC6JweKksM1tCcvtK/58hCqAN+42rD14TWMmiADYDvtt57hIGLGaJetQxFB8BPySoZPxU4Er1CwZYcfhZJnGdM/SszxaI8301ZaFDYix5eO8wgHg/j4JEeO6N5pCeVt9hmpQj++2aoyON5XJ1BQwV+nck6+DmyMm812RL4W2MM49nxW9XbRYRFYv5Q4Z4gHlJ0w6D/TWQEd8kWzbU4/oBSMT5y7i2e3yBXHVl8CwY+YMeUoQTCkloy3Ws00zau5OchPwCohnKdApxMEekyEP6DH2B2Scwch+6CojKBuUWiMqEHGCZ9mRZnHnCpDAEWpClrDmDcT+qUpl2X8CYROoqS2+vyNFj5wTxmYqKoZBs+cVrWRWXM33gK+W7rgCdgrqcWRjdkjpMjaQ40anLARmUYc1WOTRAbaNDwDKygLHn4wS/Mygq7hGD581x1X/PEsxGowvkeTqwrdD5ZNbeyDt9+atdOWwRQhRZFUWbudQGetQqIljmpJXPe/hIoTTl4wix99mLesudGm9193Ven4EfyP16hiWA5Gyuj57/xYNDx99OH77rv0Qnh7S4vS2+do2hNnZPNXvXG7t7+Pepc+8s9/PHjLDXCJJx+874n77335hz45a946bCGCzEgU12vJEzdfBzsPzRyZu8GGrVZr2uy540sWP3I3pg7d+fer1tpw40222+Hvfzh9fYrmueOqS3OYYOI7aASc/woTJx3YkEQ+S864CSEwol0wEMnxbTRtOjxzC4nnkg4MtkRW6S7gjt+kVMeMSIdVTfAaWvZoXEIalpkSiUQi0fNWr966duO9rZVMnHjt98KaWgWCf5HXXXddfjL1ow444IBzzz13/vz5G264ITxuttlmIyMjkx8C/+rtRPrMZz5zwQUXnH322S972csGEifDw8NrrrnmjBkzZs2a9dvf/latqNZbb72vfOUrcJIdd9xxEvh9ota+jHT55Zdfd9118KR/n5kzZ+6zzz5rrbUWf3vcccf94Ac/eO1rXzvwhFtuueUJJ5wwOjq6ZMmSNdZYoydpZYqCjhx88MHhW/iYut12273oRS/q3xNa9d73vhc+V8CFXvziF++wA34u2n333Y866qiNN9646jIyZ86cA0mKMJ2nnnpqfHy83W5n5BsJgimunrkHDYEGHHroofy80WjAJXg5LZe23357WA89GzfaaKMf/ehH/YYoH/7wh9/+9rfDenv/+9+/6667wg5w+ERIEDQvPIfhOuaYYy677LJXvvKValmClXnsscdWD2etvvrq0MGqscr06dO32GKLF77whdD3SU4IC6BnEdbr9QD0BH3uc597z3vec/311/dbicJUwsqBJvUsHiFORCKRSCQSiUQikUgkEomeHdk+nqJS+67+LKgfT1m2dP/V7IQ+Gr270UPZsZuw/mCu0sNLeZqlzbTdbGUZxq9oSgLRVMFly4SQ2aB0NGHzOgNgq92lx7L7W9qiw8FmUMs1law7ZEmXH4UOv9TPW9mCpXAMijcCKdF+Iq80hYxL3AkYpoCytssYQacNsgVxPIaHTpSHTtDYwmh2SlGcboOsAf3eaam90QdHoLAng+YKs/OVceiGptqxcVYmzsnEaGcJUgEyDIeyIKSQ1GoJ2Zw4KMW5fOjeOWAbG+OoFjhbkdsyy4u8GB8dLfJMe2yD4zz4OOtPZsNv0PZBTu7C1hlqGO+lYN3MhhVQuO8818TZRdUfb4Z7IXAR8dKlS7GHMcaeEMChibax/qRKd+xRdCAqXBKODxPxGSxd94ruDtOx1Y4Pujmreyqleo7lo2q12shINDw8NLoUfr6/uCwsDDBcnH54bSsJVn45sq8F0kWwugqYTsIsXBuQsylNXuDzgrx04Gfx/KN89EVRUZnjUjQmr6uaLXE98PKPtFl42z/mbbcLnGeX/d/5p+8dledlmmFmTwG3dFHW8AfHbN6Dw7Paznto+lHyDeedDeNb0zFBLNj3dTfdfHhoyNiyYfRQjAk7EfFFMym45/F77kbvltw+fv99G2y1dbvZPP9/f4b2Prasw3kipLig5Sn8B3dbgaDTUC1Bfo0gFeh1BvUFmNZaXOa5UQ10VfHpUIYTh7Re+sQjiF5o88JXvv7a35+WW1i0ZUoZPTHyOs7qBi47vPl20TDSMI/dcsPSNNcV/Cqs2GTGzG3fjEWOJ++98+yjP7t00WKGkyiHysZJrTKt7Cakxh9/ZOkTj85Yfd56W28HFRF46Z4b/44jr/Xd11390je/c+MX7gh93mg7LMDccvnf8rxI2NeEv2itM3vkuuZ8aVzwFBFqGNOFEUol1CdcQhDhbaUxznqqLNkyR5FjEr4HIZ5U6sobuTs9HWXo1grvkrazZB0mSM0pbTy136YViUQi0XNTu20SbzufzE5WrrTacWOz0/wVwRSWKfi8dMYZZ6jl1P4ktUIaHh5+HWmiHd5MUitDe++9t3p62pU08KV111336KOPDt+OjIwcfvjhk54MAYUpuq0M1Ny5c/sxhYl0yCGH9G+cnLdgrEEtj2bOnHnQQQepVaNtttmmf+PWW2/NT15IUssjGPypECesgQ4rhx12WM+WHXbYIeQTTaKf/exnampal6REIpFIJBKJRCKRSCQSiUTPf9kux45VdA33N/8WPYfqqN6AE0c7sDEGFE+zNM3amK1jMUfFlUqZOvGVS+UL6P4qHWSk5/JU1+2wCAP7W6quc1V+hO4LtBWPixDZYoJdCG02PQ2oWH+4zdAj5dxS2DfB+PAab2ZBwTv8PZmXlDhiTDF0jDYceKI6M0ghNT45hvxUKoCEwyGohFz4qB3fB8el6Ap4hB2hqjWOtyIfDE2hRhEZzVAki6GcoJLTW7Bmr5TtJA6xuYr2HbUO49FUtcZcoKxI2ymBR100BRXyCXkhSwlVGUodmhhwmUptmyeotIH4UJW/3CEcnEIBQBT0UcnXcWiOcosrHh9vJlmeJHGOOTvD9XpNE9fTA5B4lxO/qjp2OsHrYULipHp51a1gZNKzsUOHeTqGT0jGMJyUg2o2x5vNtjfJKbVRlfwTSxgJEiQGzWgcgMM+OhRsxKfRRZnrSjQRPM+yrCCzlHApa1u4HmK0J7E4XXrB3y8bfcVrp6+x1ma7vPSK9ea3HnuolRXNNK9FeUSGH/BQlDYryqI+tMbOL4eTNxcvvPGcs2A1xcY0vHXKvI02aQzVjFUNo2r4pVVhdb2+1gvwh++P33cPNtvmj95z1wZbbT1vgw3haGvgKkndmHpkCDrJN95mu633fBV07HffOho9g/LCsreHtWm7nSib1pK03crqSWw6oIimQCUcgjS/5dyztnrVG4ZHZm299763nHtmO8tbWd5A1xetIkNhYNCXYt2dX8bH3nX1pUtbLbxNtO5ahNrMXX8jE+MvsP79zF8vWbQoy9EIiDxmcB7X3WIb5bguBu9wNGpR9MiN18zYa78Ntt6+naaww53XXWPRp0Q/fPONcCtPnzP3Bbu/YuZqq+dp+46/X2OKYijBtkHTIuoR9N2Qn01YTs4Fx4NTpbuVOCYJmwPLA5uBbil8d7t3XXgjLpArCnY7/layxr8HaSZMDNInKuzI95btQIndd4pIJBKJnrf61CuHjv1T8+YHViZ3stV65tC9h5RIJBKJRCKRSCQSiUQikUgkEomeqwpF6qq1Q98v5a9UBaMKBiZsCG+wVTcA7RsCFVcoDhd5nqVpTlbHPgqGfvWfy+euKut/l79zki6Ywj91vibalzo7L+rJ2911lj6ZKvDASEVgLjwbgAV/dzZdsXTxR7k+MxJTuarLIyldix2po5ylR2ihd4bx1ghw+cilu3RMbmwwG3AgCzmalLwX+ywgOxKIE3w1jA9W3zFnBLNbkgj+1OrInaCpCHoj6IobiUXPFeOdQPz6slSt5t6GRI6iwPltpZqWA0w30Qu++E0XxuslCZkm2GAnY7uBkoGzol2ujdV+LZRlBfzRupLj08GUTMUsh6mTGGr8HDCT5wXBG0Poe6LQEcS6CaPO2gBA+Xn200QWNljKtwMbWVXoWe/mXlOTTqepm8gEhIwe3GLjJB4ZmVmv1xuNVrvdAkE/FJpYuCOLQmG2CZmKE6CClifog2Odi05pC2vRwcZAT5WK4pgDU/jGRZqpKGLKG8LpyW1hTBHlaIACT0p0ybj1rF/v9P5Pwjnf8vljzvnBMaP33D7WzpMIEZYCHWk0DKidPrLJQZ9Ips+Allxz1qmt9jgs3XpsGnHMIzFz9TW23GPPOy//W2J0LYlq+L6QbbrvWxozZsKr99xwHewW6ejGC8/fZb83DM2Y8eL9Xv/X356qdS2KDUxUjGYe9bd+7surrbfBXdddq/OMVqdbYNCZdjuFfZrN1ngcj0UGVmTcaodZJIbHxMbcfOap622388w113rpu96ft5r3X35xKy/Gsxx6UaOFVWi17usPnLUpojB3Xnrhvf+4IdLQABVH/g2CXYNgkdVcCU0ntbyEkbMx3h0Il8x7wTYja87rWiJ+oTx+098322u/dbfchp157rz+GhPpBKYzbz98+63rbLHVPu/9EGy//bprWq3mcC3iE+KXf68vPWfDy84FCvBNhavX8ShkXcMr0TCBxEPBBxprvCFKGaATZFmc4w8vVFNatn4pDJ2EIJqS7hQd3oH47SnxkVUikUgkev5q9rD+2puHL/hndvld2R2PlIvH1Apr1jS16VrmxRsne70gUSKRSCQSiUQikUgkEolEIpFIJHoOqyegw1cPdf8+y5auHjLBL61j/dq6mnyPp4XzOyld4AmjJdZCERtqmTmUOlUyPQAAEABJREFU/Jstgk4cKKC92QZVTqFMbiglxnSHBFVbYVUnC8VWiBNmViyGSuC3ZUieICsU6ymQgC+YDthB5h9cuQ35Ox0TEutP7Iu8lApkrD9Vxw7A+1/YQvFAeCyEiYtI6YpxBoM47CIQzC+sAxUoH8P/fqkjD2iziSrT1InXQNzEp2L0ICwMpGjjuQ9tDZmcQBE/imJsldUlubSoiB1BTIFFZ7T/sJR6ZLV1UULMMfA1SwrzIOMSbg+UwU1psjTTKnIFbddxw+3HcBOTQBech4LhSYvIBiZEypS24htiVRg/pSpRSqF/AcRhGkRVyA8OEuoBQeICDWFg+SKckWU5NHfGjOl1pAncqmPzHY4MwtAgwim6x5S6z+vQ9V3bEM1DZE7Pzlzg9z2ckImqWNx0Hp2PBUXqQJdqtaTdriPyAzdVnjMjwgiCvw1cXJOjCowpHHETpkMxlRKsUDCsxjpgBS00jEkiw2cgmxSdo8uFXnD9lQ/feM3a2+40PDJr/88ddf0fTltw201jTz6WNVv1ojZ93rrDa89ff+/X12bOglM9cOM1159zFkxBPYqGkqSeRKHfb/jEZ09ZvOjJO/6p4xqshI1f/spd3vNh2H7jBefcctlf0JRFq1v/duFtV1y2+Yt3e8vH//2pRx6+7bK/NWBrGQ3Pnv2aT/7nauttAL35y8knIqWBI9CBwsoiT9uqqXUzNmMRrOy87qETBmygI+jmY4urf/ajvf7jy1GS7P3hT92y2ZYPXntZ+7EHilZr2syZMzfYZP3d9lpty+3hqOaihX856b/S0samTGynF2EWF9x7Fz/Z/vVvu+myv5ZjS3Gd1ZItdn/FHu//BL+UUMgODD/iO3TnL77zljJLp82eC9uXLnzy8fvvHUqiWhzVoujBm/6+zhZbzdtwE4XZOpewLxEiYhQVRGuxpHuss8ZCppS71zovdS03tGCJNDEljozzX4YTl2gfSvbyDJ2/DflYuKgnXbhZ9Joj55B16SIfRSKRSPS81l4vEFJEJBKJRCKRSCQSiUQikUgkEon+RTQQFunZqKulahNyEiY7w4o1JfzNViPe2oQvgr8Nzx4NVJpEkoMq27hfUeRlludpmrfTsigZNnCxJ9r4nB2jBkbYdHlKeNcM1TGioHwW03lRO47EQwsYbYM0gSNlIndMJzRHV/JGuGzfdVmXOYGZOO7KquwYvVQKvO4oh5tUBsjRCF0eKspBObqDSnAriOPQ1nB6BzbScDZHOEp3hqLiPaI862PdlRkAsky2uCIy0RPoZlLktsCEmZysDcYJaIHLRGh+gEV8+FZT7EzM6SncSIoNYkcaQ1E8sE9EmTmmltRjFSUmmjV9pDXeTGmuCxLTEYQYRUWGngkIFnj+x/okG+1ZH8ZkvAtHCLqpDKzy00SjG9xeukEr7YAh7bsPnYEmlOTKgs4cZZljXpHKh+pFrRbHGChjIzfWTBqpijtFB3UpnRePpowSVYlcCStSdatKhKllyVbSdqoHEnQC7cQInXqt1k7bWZpxOI4bKV0iGkRIFB+IEAmtIPR1oeYamlVGctgeo93GyB6EMmD3AtEhRUlIlLkUlZZhgjIu7RU/OGq9vV+301veo6No+9e9TcEXHL5kcTI0ZIirYN379yv+9IOjyyKvx0icDNfiJHK01OP33T137XUPPPr7Y4ueehKerzd/2pzVYPvoUwvO/PZRlPGkYNdEm7O+ddS8H544ssaah37/+Mfuu+exu+6cOXfuOpttURueBvtf8uuTH7jumlotUTCVxEWxSqKKsqzdbJo6THGWDjWb/FKe5bASVRzDGk0iPXrfHdec8j/bv+ndUb2+5SteBV/Yl9GldbJpYT1y6z/O+eE3R5csZpeRJMZkHL88HDDXWrTgtovP2fzlr5q77gaHnnT6vTf8vT48vNYmW0RJAh287fK/7PaOg2etOe+gY75/w59//+jfLycPIrgDi0f/+Y+1t90RTnXPjdchUxJF9TiGsXr8luuVOpAbcPtVl3IcT8JfNGFa6f5VxFE7FFo2YPnxGxBZntDbi3XWSUyrIGVSKjIgKjFdy7p3D+Uxu5DgY+mNlK/lFqrtUC506UiplfTvjUgkEolEIpFIJBKJRCKRSCQSiUQikUgkWhmytlP4rm5RE2yxZadIrScM96gyG8vbHh9uo12oDm3m4BiX1UEuHfgb/S4CAlMnCqj5wlfpY0N0sDPRFezDm4iQQvu6oZNQ4OSnXaYo3i9EBQyA4mm8Uwd7q/gAigB6OMMS5lR4vKkCr8Lv+XfgEuIYSh7bbv8LYl/CFv7Ff6O1RxcM2ajYCkhALzOSUu0EQycBdXAjUXHB0MFCJvAxIebC98EWJQEnhfJEhsN/Oo4XRKmQ0wVU6snkQxMDQ/wKtZzbjG3UxrWRs3mMjqPYxDGSCxhZwl+IazRqjfq0ETXbpu02DFNRFFmWYaJSmhcMBKDjDecKFZwd5AggJF7+P3t/9ivttu/3QaN52qqa811rNyf28XF8ji3sBIQREAlzkVyAEriAy4irXHELt5GQ+BeIEFJIBEIIiQtyQ4yCZEAQISAKSLjBzjH2SY7j49N5ezdrrXfOqnq6MUbGrxnNU1XzbfZZe69t6fdd75pvzaqnGd0z3ovfp77fqm0cIgKLitw7yEhH6zTBWDtH0qk4g+wXauASvcrDqRqP8BFMFHi/gMnHObZnW5dhGNp2GPq+73RifBKX5FUysfG0AnDwHVTxNS8lVfJ2kjEPEUpWfcsKcZzHcYztjSN7Br1eLh6xE4UDjMMG5IDTKYrFMp4EixEjVmBoLAocLDASxbmN1kqctQ2HzulgnNeYfQWPffBNUL/z1/7dP/jtv/0v/vf/h9//s79JSFT//C437us/+v3/z//+f/s7/+//R7xgG9vZtae+G9uGLTqU+oO/+7f/L//r//l/93/wr7/7wa8dv/genfWHf/fv/J//rf+JX+fj2Men34KtiJ7/yR//m//av/rf+df/x3/5v/mv/Knf/PPxDx38+3/37/xf/5f/5h/99t/p+q5rbFjX2F5tyA8msH/L5pZ5uSi/rc1pmujEOMl+WRXEKTVjB+lCP/oP//3/49/6//7lf/Vf+61/4b9Ox2TiZLm8/vX/w//ub/61fzeukHh83zRDYw9D2yV6Bk1c4AFojfmb/87/Kg7FX/yX/mXbtH/hv/pfi5+u0/Xv/7/+b//B/+bfckr9c//Sv/y9X/+N3/ov/lf+0f/vr/8YUJ748MCE/Oi3/wZBJ7//H/2t2J4RiZP45/yPfje23nb9T/7gH11++qN436Fp488e2R0kwgKl5GQWhLN18hKptvj9vwE6OTrRdhFHC5Ou4rphXAlILNzHeW9LIT58sjKYq2MC72UYNuUz81j8fkQikUgkEolEIpFIJBKJRCKRSCQSiUQi0T/10pURCL0It6Efu9/Uo98YutjbNASqq6OxAtIAUKiG6iQCJ/wT/nJY/dbeeYgymedtWbBCyTkR6LZgiThQ7G+RvC4SS7FrWLk7R0PQu7o4TVBXDUMxOhua6JS1QnyJT9E3yvsMYygELBQ6Z4R8QFCV90ntzqHyi2rIFeMdeBjnxxRfksyQMHcSygXTiQpRCOJfMmhStfBWzBhBKk1iL2iQoHYMeIwK+VaYERT87RWwhK01Y0TQ/xQxE3ZTgHk66EZD1iFII3h+ZWE2Y0W6bW3b9lGxUt+2LSAp7TDCO0gooZ8GGE64DUJdPFS6oaUEpKxsroB8BKZ8INNCli6QWqSq+I4cAMKv9Q27w4X4xF3wDP3b/+1/0RB+Ae43POrAAbRN33WHYRjHoeu6tm1yaIvBKCGGdKqZJhIoLyx2PEnGLcl8xtwM90dL8o8PCCUih+5CvVqW9Xq9ni+X6Tqtm8N1EsjFJDbWYCQKkSX8JoED5C+E3Al1E/1o4hQ4leCrPIh4uo1vrT7M3p1Xd3H+smyq7b/4Z3/z137zz3/xp39juV6u3/z0j/7eb3/9x3/gYN1BHMzQNqe+PXb90DXxgn/lf/RvDF98/2/8tb/67/3b/9PV+X/mN/7Zv/hf/he0377+g3/0o//k71MD4jK2IbRINGybvy7rZVn77/3gn/nP/aVf+/N/4fL+mx//w//0H/6tv96iJ83Yd2PT6ACQzOb8NC/XuMtsLs5mp82xa0ZkNJS1sw9rvKQ1cRmeTocfvHv64nSMXdu8f52X99dpa/rTn/r1L379z3THp69+//d+9of/8PVnP6alFhd2Z82hbw9tc0B6ZnVhXrfYsDjgcfBwpZh5dd2v/enn3/gtOwz/+Hf+7te//w/JEgjYr6b5/m/9xXi7r37vPxm8ex66Ux8vqeOEvZ/nl2ts9hYna2zbOFxjG8dKz9v2/jrHtq2bj9d56pvnvv/i0D91bVxPVt8umDy/gWAsVbsn7cxy+O/qL+TOOGjJMzLo0bGKOcL4xyXGBXdMB4QS4E3KgGMKbPwJaqMGqb/yP/t34t+//qd/oEQikUj0tl5eL/Hn0+mgRCKRSCQSiUQikUgkEolEIpFIJPr29Ed//JP487/3b/yf0hs6W4PkY0JFQKS3qkvoB6/qE0Oq0O8+219eV+/W1inpEI+MgqJqpcrcBpoMYJ0yJBHU4Jbpus7zOk3bumEp3KB3hkl/2IlE3aIwSDzk7AzOU8GIBzBeINKF6IdU9id3EZUsNBCFUCaDCmwBkAxZIGKGsBnFxhZhbyqjEtRSxgTNS3j0b0w26gM52CVZrKjKewaNCkKyKwnUeMWRFoGiTvgS2T4meHb/UCHPSGGDdLJhSXQJ5c4oxW4smuAZziC65Vd0vli2cymwRB4yQ7lF2B2sMiuPtgguYKgHDjv4YjSNbdu2gWK8RarB2gYQFGsxF8Yaw4yRR7xBb5tbl1heX138w9lM2COI7tGM76RGYKINDQ6NlvKJ8kg19sT1VBRKdqxpcDoMutXAKEKakMYezItf121Zpnke+v54PAxDb9mg454C0Uz3GFj/hHMQDpIHd7dmPke1Ec3NJ4qXREhBSioO6PF46rphGqbrFDWv6xo4NiUoGGinEoBDcAIHGgHC45wBN5S2g7mBrCSENnAZOmoJcQjGIAelgBUbGzRH0Xpx2zf/4Hd++ru/U+AkhlTAAWdo7dg1T0M3dm28uvN5WICKsEF/86M//O1//8dDAwtk6DsIyAqhjUsHoJPgVr9t23Veunk+f/Oz//Q//H/+zn/wf/c4ZfAMOAcLx9mua4eu16Fzzk1xyU3zhoY6jcaZ2eCvEN8A5w5wbnFKrzq8Kh/vN/Z9Y5sTADHD67y8/t7v/vR3/74LsAIxN4cChoA4iR059h30KC5ireMihUXd2DjUsdmYLqVjH+ef/eM//uM/mOMAKtXiuWRkFG/+8g/+Xux7Hy/Vt2hYAiyLbhuwnFEqXjkO9gBOJwSdqNlZgF0aG3sTJyyO+akDsxNoEqBx9VZecpR0ihnTN9vNoxWV95w4Af/cmkoAABAASURBVPjcIpkUZ9wEw34xlIsGCIphEI/2edhdOGbLqWzwVK78cy17kUgkEolEIpFIJBKJRCKRSCQSiUQikUj0K6XyrXNdmUN80pkJQQhMn/ClyrflCQuAEieUvhE64Tvir95tCJ0o5gIChJj4Df6EwEkqinJLdEYkyi/FRKS0+YZD0URPYOKHCZROQ8VWQiIIN4GTDDh9ALKgPQWHILKROoK+H67qXLK+UKVEy5kk9cAGpbI1i6r8AlSq5HI7jUk2JMl+xNOA0hgG9ge4Yz4SrUODz0NLhxt9Px50B/IlYfMVnDimRsgGJtEvXqkyv/mvUM2+qs1X6GQaD1MRTqmBhv1CANaB4A2KndniGpjnaVYIIQDMAIYbDcII+DvAJ0AbtFBth9lpTNt0bWhwoYCJQvFewDlzTLvAPAcyYQmhrnMndxzKgWFQBPCSCs+BYxqjraZ5Mk0ic4wmsx6ll2WlQCD6OQzdOI4YkePT3GsmoThlyoT8qGieJJU8If4kMSNhD18ZoCdCNjgJwWeohpKNAL8YhpdXiNtZgR3ZYCYoJyUtKXz0eL5pECBXCVdq0xBj0ahGA0sB+EHI0Ik2/EAaZRutxnicNrPe4mi6gAASPoDxIEpa6oDPaMYeUmy6Jg44eIrQk2G0xjmwfWuHzg4WDmgQ2oh/OtMM8QpKu9Wty3qZ5mGa+vZ6mdd5XRYgSgIxZNaoJrhGhT6eiARE325908Tls62r8mCaEqeUOm/xmdfBWrfpTW1zeP3au3Ho4pD1w6ExjR2WzS9x0ol7wqUNrWpsZ+2IBiRDbKeNj7RqnYt9HJx36EpiMQ8sLpjFtX2z4kWI1IFhwyQd5j9is2MLe6s7QLCMQ+AjjsMCZImP78CnTRuP75zrbBy9NrYmjm8PtjG2BzIIpj8/wCn7JuT5jeMA7kH88BbupPY7McbsNipFK8Uj0KLyeobxg54id0LQiUfKLBBoBafF9uPqCMUdKgQdlEgkEolEIpFIJBKJRCKRSCQSiUQikUgk+tVRCJ9Uw3vrsFBFK1QAiv7opQiY4DIivZ8tT8AL4Pbi+NMptA0hAxLygYBK5boFsiRRQB9QEoTKiR9YAC8MRLobFU7rL86zQwbX0aHajryAxRwWOtSwX0jQTGowl0KRNU7pus00GkSrZA8Qlyv7OrlK0B134xt0sg8ImRHhym8CVmL5O3hfjypDJ2UkQ4ZOMvRS2XNU7gFemerE7LXyxvRlMIJyauqgJVsds2stK1sk8HH54/0d4QBqSQMVZ+Z4Ytm6oRCaXAQHigQmf6EoGk4Cgf8UGKJA7b1FZKIDMxQw0WjjogDQBEJ1AiS+AK/EeUgB51BpF2iOgA3QlcNJCRVRCQy6EWAv5NbACwbSQjwskgQcwbSF8OrcvMyHeYyHtV2Lvhc6hRdBj8n2xaOZSPyBeVJooYIAkFJpQeaZSONqgkq+M2nA08g+RMN4bTHnw9MPeTeVaQ+hJ8PQU4rUhCLuxHPSFT20AGQF7Cx7s+AVgdKIA46+LgadahSk3DicP8cLFx4/q71rtInHWYvgCD1S+FjD72RtY00H8ITuG7BQgXgtyGfh7sQ2jH0Xbzs27bGDPx3gR3Ed2R5QjKYzgFbEO67LOvQd/GnbC9BA23We17iVYEZTg2tZuzUuLdOPwLogFwJw27aCgdG2+c0DwYTdbIC0gO0Bpmr1a5jjKvPLpsat6ftD14+DdapdXUPQCXIt8ZK6i02KYxu7RJMDl4hr1q8ursSWZwQQDbs417d2huQopoKs0g0E8hTvI4uPSItjFQ8i0ARSjeKIG9sh1xKP7LY4CG5oLdqmhPhMtIiKWK2y8xE9SqGCxm5oJNo+4szkHU/n/KcQbnxPcG81ZNVD25KGTcfEuyF3gjQhPgFk38IUEvobkckKOV5ZIU5EIpFIJBKJRCKRSCQSiUQikUgkEolEol8BfRQ0CckJI/2qPuV4rpnfq2Icgt+ZbaTCtM7uFlTzxTpjAjWoKk2hOphZo1JlEwEU8kbxCebIKINV5JJAV/Eh3Tq1Car3UNsnG4+qiI9Ffyh3goWGMgwdUONj0RW/ka+UIrMGRQVvcsygJBAyw0BUAkCBkINu8L5Qfs3DVUav1GiJRSmjwRdUmR6hAQmcolOMVdTugiG1WuW0nOx5QsCEZiRFJ3iB/FsyL5DG6eHMcuCLStXnoCqzg3RIxdIENjlRb0e7qF3sUj0KCieXc40gtEYrGsWQxkKzdY2lO8T3tnVzayzgb3Eq5+sMwAGG71D0koEoFx2L/rGO7clwAwERsEJZ49mOcpmwBo7oCcIgioJ/lM7AkFa67lzDIxBijZyJGyy3+5ASayhTJPmdgGvEOA5933V9u/PJIbqG2SVPtzHJRcKH5CZCK1ipjIh4+NvnEQ14lvqgcAgdzUrlqJOtbFReAG3bvHv3dDiM0zRfLpcZKY3Nee3ggbEWEASgBLThKCryxnBhDVs8zhjFXjSARJg4CPGA+AGHZhm067CY8oIBKx7IBGZtOmsAMumarm1bC+42eBwgPi6emB4wDItprDbHrn0a+mPfDi04lTRAY5jGoAWO1m4jusXGVQEkUmOWdY2nsFeRgwwdFZ/y2O91m/wFI526Fn1TFBwG7Els+IzKdA7E2JAPSYhDss6QxbM189L28U+c4n7oekj/seDOYoARgRwcC5Yn8TePywy2KechYYeeMZxuGJ+2sStwJ0SFGIKsrC6zq+miuJtafMJbvFqeU1r5Cjk6AyYijY9zl1AP4/kqyQEoUB4O7XTZmomclfJjXHNvuSGKNwWds6jwJzF9vFPDrMaFYolQgfGGhdMYBIcafqq1BRQFHyXObfqT2PuIRCKRSCQSiUQikUgkEolEIpFIJBKJRKJvSYURUW96H+xf6+xRwWSCujv1E76CzixECPX35/lkfIO+Zk/f7AdTEEqKcVAGhr+hFoxIChpJYHxH/AQL1kRfBCq5xp8GS6VMUVDMjE5V+WSzgWAJF8bpHZ3JCIQFwOuA66+Ka/PeEX7BlV6H9XJVsRUquQCEUp8NGeLRpRqrqxHWoQwQ8QMFUuFPPNVbk/NJyFCJ5TmCCm7y00hBPqk3D8TdZvRH10dS/xi1yXhQYg/SYsiBOHzbsCdTtCk0xl1/b5qSm3RzAP+ewpJ0bl26suf4F5NCQTgnCMkHmOhYy46T6rTZzKKQOIEMEXDLANYAsQN0GaFgHq27uMJWs0AKCrgvADwSZwxK9caEZBRD7fHI7oQ8mNiypgZqEsUEFXOmIkIu1QO/5K7X1W2H5fB0OgIK0FiV3Ut0ZoVKxR8XPtfgU0E/7MfuZrp3Y50vFNIa3GM9jw++uVjTNG3bDcM4DMMFdJ3nedvAIAS8P7YV0B6gSujZsrg4AAKC5xeXBQz+0OMDRoMOfifLPLt1VeCcAY87pCVpeIg5Z0WFJoRWh3jaYNnvpLWWyDPlXGPN9Sc/Wqfrdn4/tk1rzKFvTn0D0Eljk8kK3Ry2A9uCRUhcCpgn4xqjz2QrA4eCgRIgS7DXgJfJOi+IIi2q8Ra63xrdxgZ571rAR9SyrMBSoI9L7Oi2rmjcARYrcXta13VZ5ubaxDE7Hk/9YexgCDtaHgYDmRJshHtS8OAHk4x0cLuz8YM4t21jHbs88aybFPTEGwKbD8FOmhclwjB0cX5i4zMRxwHWYKLPFD5NCffDvRUQLKd2/1qoe7KMHvzkfZJZqbxCM6rC7+d/PQxzebwOccU0CjkkDw5GdGvcyuGPIyMVrQQ6EYlEIpFIJBKJRCKRSCQSiUQikUgkEol+FRU+bmZyd0yucH/0++ehvgFxK8mqJB+QhK4NBv0gACjxbsMXGxStNxcSAQJIiFWxyO2wwqsADGgCWEAQ4GAU10ht8uowhLa0tikmEPjT5PKuIs8ICnQBMwN0XQnoFIB2Ji6V65XNCEhyv6i7tivu343jw9LtJ2g/zrkAq/lqxMrsjDeCurUV0ftbMwRjCr8QQsieJ4VD0Jp8PpKByp5suOtLyaC5aTD+XacC7T5JLiFKsYfKo2uW9lcHmAT6hN3haeERuaQ2p/TMrAOmMAFiYNEBBc01mi6qbYfWB79u6wbkwYb0iXfaaTwcoAAcmHiFfLO8oJpsSZPewUI5z5xOTjieFl1s2zzPmPCzzdtyHMZ+6CDVqfKv8Qg+UVkfzD98YPCFZgX7lya1wAFvPY+PgLI3D7tZKPQ/QglAO4zj2LZt3w/Xy+V6va7LGkWmGpbtK2AFeoRLtOFGkokIsFKWAA/wHgGXDe+BO3EpracNYGZiwGmIArMAzgjeOKfcChyQbhSiQApsQuyhVy9/9X8RR/f7Sv03/vnfUsmbpSxlfic/HhqNjAxG9pihbw5jO01TnA6/ra21h+MYD4C2btvSx6bBn7ge0AElNCjowBgP03OzzMsCHyHthrDTFrelzenW+8aDn06cwiUORtzCllWdjn28xWGMFwGSDuY39lzTLmN1xk3Iu4kybuyDGVG1jdGbE61UMQ1SeGK8IyB5dYYZjg3dMTujkI+Qoo/x1PSrzhtFvSOkPLPc8pu25e0Dnae8zv98GKS34rUheckYb+D/AJZA8RwHQxKQ//IWabLP3zpFIpFIJBKJRCKRSCQSiUQikUgkEolEItEvVG9TI3XpkL/Kvj+xLiyaCggodV4+N/2anDqQPNDMZ4TEB5C1iecDADrZmDXxrhAndCmwPYH8ioA2F1TZx3iJgMkTdF+opOpc8KfSqE7f7qergXsKnu8Dtd9j7Elqo2KzASIAqMdoO2AILjCG8YZUis1juh/JAkmET8B0wsPJqF5me5DdrzpNZj40lKN43IK6/bS+lAqqPuCuCR9q9sNPMyyiUwNyckt9EH2muCSdDREeXHPX95Cr4TdHsi9CtvGgW6Pfxkp3oZwTa5uVw2CUbWbATvrOtrZvu64B+mRz27LObtvAbAFWG8bZsB8FNpXWGk5wkwrruRUEEjDDw/00JvuLxNFY1837y7Is1/56PB0Ph7EFCoZCnpiE0iGNj8eFbG6HRueUo8+Uroa+utQD6ISe1Thg9JDEbjRNM466a5rY4Mv1qi6KuBPwqijTjf3H5wSvA0gNhvLES3nETuJ1WrLsAOYD4DJ44nFubLDKs9MMxPE4oIDAa6RpXIuBSXAMuao86JvaM0C4toOu+sKGLG1rtg3MT+Lh1+sEJichdOBoAik+QbVE/cQtCExZlgXzkRxBM8gp9e08T9O0bqvfVkqQgU0EVgwsILvargur2dYlnr7FUcID3eEIWUCEFSVnnFA5/2h1twXfzt1dt7ONjXqDK6onl52eMh71ABbbePd79Iyp9E+ALgCWKf4m++VUJmX/WjOURVQVAjHxGo7Wf/yF2Cod93tDOKAR6EQkEolEIpFIJBKJRCKRSCQSiUQikUgk+qdVpcqZXDHKZ5XPRCmpQ8aJrt+sX3uyNfCUrYNffkesBBJzkA8I4HTi3boxjhASSpJpbWCRAAAQAElEQVScUmJrwBcAS7W+BhVyFAr7QBDYojS5RiR+hO7m90EiQXGqj1LqhrcBlwvn2dEkUQTkPaG4csvpKA9QCb6Q+vD4qo/q/tLh5ka6cBaPD7n9KFQjkEJzVG0aou6cCx6Vp9XDA1KTqvffRlrS8cy96DcsYdKblBCk6W8VburZgcvfWtXIS/AbWTnEPjmIclkNe8ToddnWaVl6hBri/21rrW1NY1odrN82cD1xnoYC0CTdGJUWBg1Tk4curXpFcU7ZTId/AK/ikYAAK564yLdlntZ5jn8t8zCMfd834MJhdIIBmFehGn/Qxmp8uNjPRVePGQ2a/pTF9DnKESo0fBTM0tg4CL0xpgU103W6XicFiTeeA3bgtYsNdviAks2Moocc+BLdtA1yI7brhnjEsiyeI63gPsR2NE0DI+7pTxwseHNrG5omvAKmJaGhSnjkxlOJCbe80tsWqBcId2liG5phGM6v5zgL58vSxd8t3CXeIDZpXd08LwTWxHaSVQ4skbYHOqVp4pvTdF2Wa/byQR8T5cH6JR5vMYHIxZ9xpl9ez8fj+O75+XAcs4kIA3F3Y59aXuYiv7p5uunRL3tx9Vh8gETJz0jmiqLijNIpNB/JTom3xf2GTvRJogIZIdHJRep+N9Q1J8R3h1g1cDnJYBwAiN5ZY+HfCgsMot+cwuQdkUgkEolEIpFIJBKJRCKRSCQSiUQikUj0T4vYQyEXGFPd/L6om9xNys9yPH+7noJlgC9JP6lgCXYj4A3gsODsPAIoWMj0UHzWIYWK1PcAGSQLLJbv+R7OU3WUwkcIUGEpxRXLXCElaSJX2DoDfvUhFW9THxLBQlVhqKeqB0OFbaq+91/bw+i7AvEHxvzmnb1ZwK05xd2bXMUN4S6TJ3WHS8jsNZCNWuoL3ly87lZtbaDuz7m74ycpmy+EsAsPqj/NLeePEt6Re1MNFBuQ4PwmZCK+42MNO6QxQPpEEWcEK2IL4EMB2S8NYhRtfBVfA//RmMYoazX5fMDQ+lzPR8YgQLyOqgeZWgArqh6tFUGKoA3ODa00qyF1yIFZxvYyzcvpdDyMh0Zri5V77pqqjGsCU12ArwSVDFV4LGjRPxz82gnj/qOHXEJyQ0GEBpNxlOLsFZwt4Ev6vo/vd20bD5hncDLB1CaHpyM6AzABPHLOucZSPJUieiN+2vUdWp507GgCewEOLG4JgK0gDGGBPjGG3tq2rbHx/851ZHliMYlHvxErpYg1y++jrxJ9iO3v4kXjZWIb4s/LBfCZDXxN1njxvotvmrYFIxzI2UH+yCc5FygnqIUj7PVq48ngl4R7Gm15CMrERdTEd7YNeh3v8frycjlfvvzyy8NxwC6gdY5RCQXjhlbeMwXWSA4l4fYZK/0q6IneMR47yiwNkNL5oarwFGJ/dMrcoX0iW6Vk+oSPxGPpaoib2A8YFtU7kM6clGHbK96PIU8qPiFeOQNL3fsVctI+aQ8ViUQikUgkEolEIpFIJBKJRCKRSCQSiUS/OJWa8p37yBsnlMCNVPIEniMZmqTieoYZKOwmMR/5Vyico8GBJ8cCz8SJQrLEb7FOu5G7CVMpAeEObdHFImEeKRYHUx/YvwSuoaHeCb4jylFBFDNynKqqolQnV7kay7VY/jY+0wwac3jQgSI2l8MjfI2R8Jl8Ey7uY7SPrvCS+oQyevxWPbqf4knxCEO54U40Oa/sT3vIHWi1sypR6lMagJ4hiVigMrH/aCOLtUf5NHxopZVaNFfW6a3qo0LG5ElJGErQPC/1ZIG7DXE/aZ4UdwTRllAX4A0gKYg/bQaSm9wyQ7+BN0EcoYHcGxOn3OJVXEGqaMWF5t6CQkNAyG5ibIoX0tYqWEDALSA8YABkWCE0CiwxVt/3XfxzOIzaWI8URjwOc2rIYAfvnXwf0OaDbqoZQymIStHj1abZ7YXHIQUA7U/hXhDuotMkxfsCk6NU29lh7Luuv1zjf9OyEHoSjwanE4XgCBpgQDcBSkDihqxZpnm21sQxtraLIxwPCQ2FIQGDEocCuAfEPFTb6ngAMigKnmac2vgB8CiBLE8oXYtsNur5zc8uEG0Vg8FrSKum5Vnuuvba99frdZqm2IBpngA7igvBNOM4IE0C0AtMF2jG+4IlyjAMlBlEnii4SBRGxljnAvza8PTFPsYDlmU+n1+PUaf4/2Ec+wYQJ6OYGvNB3UNm9Sp7ExLa4Vr+8SNXjgzq4VNJME3sLC0Jnw4i6xNVeVt53A48ckj5EY0dj6MRDySHm/xw6hROpjJxgofzQwneVABqaZhQHbb4pMRpjg9efBSbR7ifSCQSiUQikUgkEolEIpFIJBKJRCKRSCT6LpRDDG7Rk11dOtyU/Ok1lrx19jVBEwGN3g3IYWh2geBqJn8LXlG1P1mYKIROGEOBn/Cl9niuJWcKTOFA7kSB3QR+Bx7PhOItFD0pasPhK+6IDi5wFETYMk4RKu4EaBISuzcUMIO6oqs6NR6MbxtsPBirkN9ApmgMdZrxFU5CSTYjWbX1x51HyEd8Td7SzTEZq6h5Fy7vfvAydRpJeOtWof4oGajomxN0ToHhg1R9GqMZ+YI3J+7exPVVwTo3P0vby8WRgKk6m6YbLVrYPYXbxZgBokW6LANqn0OYApCjdWOXCr3Gd1ZgDtrWtg0sRnCtiPVwG/Zl92Zvs3LTxlsCCNeLCRhVE4BvUtggaMW8LHEhz1PfD926bsfDoWmgTfHm4IiCVjuqpn6YAQglHinf7eNE0Wcq7P660XgYDodxOi4vr6+X83mJHUm7DDzxQXsdjN/HJhlNJiiIYgCbEAcYDjAKrUGQ7wBzkbhXbGAZAgBIE5p4iiUABvcCmNp4jMXpsQZvAdCaLQMV3hwS8kpCWxHTQqiO6bqu79vLpb1epnmZ1zgN69Zg2E78GT+NzYpTvi72fCb0BDxRwAula5+eYgMn9ERxEKezrpg3ZBykc23BBtw2TGwz9exyuZ7P58NheHp+fno6xVlv4zqDqQTYKIC7CwwgDAHKpFlOJkplNwj5ddqidPj4jqN28Ed5J64yg/8iwK6u2PQKSRgGehznjYX8eOefySLFkFEKQydATWGglTIV5ESXKA8NHxGbH5eE5QytOKXaNv4T9kaRSCQSiUQikUgkEolEIpFIJBKJRCKRSPQrokc1fn37aSIS2HDCQ4GScAPvHBuZcNkXc0aSu4mmKIYNEAMDHAkUmZNpCJQmMVsnJDMIvCbGbTjCSrxaHcRcwDFoT0LJDLmVeGqqePP/6p7BIJTlPqNCq1KE5W/XM6Wj2SMlW68w2YIGCwidhOSzcHMnrA479W2oogtym43aYR5KvWF1cnsEd+oWWEmXVVwBhldeJaeUXUdClbiU2ZJH6Ew2aGEipMKe6sXmkGraLb+CrBDdElL+Tn0Is0GVV8otZ1D5RSjv0yfo3IMQkWHjC4xcCprsG+CHW/y6bXoGpKFt2yb+aVq6UnzLaGBQmmpA0j11UDusiZx5AvcjTqPHUr7GhY4rB7Epty1ubd08L9frtMwrBO4cx3iCAywmgPeDMlZzehQtO8UTnh+Be07nsW4nX1UDXestaGN3B7hh2zVfvHs3DsPr+fV8vi7LEjvVtEARQCqOtjsDEhhsyutBZyFrFfIKBvtnrXVoHpJid5gr8x7NQ1pK4AIEBSAUC+YawP5ggI8hxCzcNv4BioWrAKxUcLgMzLIax7HrumEYL5fLPM2Xa+zIHAWBO8PQtV1rWrQ/MZfLFN+P3Yy903pEv5PmcAjx1yv5pVxnhc4f4IcDVAWDGjQG2xY/OsfjrtN8fr2enk5PT0fiV4xt0Z4JLhUbBd3nE3UCjW6Ywd1rWnxmP6E38BdtdimCqswtRerEqYlLVFud90T0uAIvEhwoHR4/56WRaAKVUD64Pq3zQLY3/DDvJoLhufykED6DT4uVeB2RSCQSiUQikUgkEolEIpFIJBKJRCKR6J8ulQIl/5dSO+ib7am+jd9+B08BKABTURGLwQqzHegimsqOlPbgA0EFsaxvqYqprGLzELC6UJ5cUaBWCaQJvsSas3dYeFWAJjj87j810FBLFH1pn/xNVMETdPJm4SbrfQdDeTPZeFTy1RfzMXGF8iKYbdAJvlHFEuSRm0BmWPbv/nxV1IcxKffkwCf4XOydbe5PDdktQd+epXMVW/N64Cp2nX2TbVRCMqsJd1kh5Z3At/PpsJsDuJANSEF42IWgamAo5AZQ/X1/c5WzQAJ3z9CtNC90SNwhbgTwEAiBWrUG+4pm3YxdFCWQ2K5tWsiHUY+G9+bvdDeV8B2NgA255OD9EJzB+6k1uHXb1mVb1y0u/b7vrQX/D0PuExxTEnKYTiCLGBWy145XH5e9b/RDMwz1pnT+aTD6R4WWPGEwLOY62Wmalm1TOF4UwlIjDsEhoKDoCQLkBPNcPD1lFqET8DUC55DFZzkdx8TadWs3sB/ZWgCCuhZ3CkiEacJNtNEHxKxJWi7kKgPIC/qXNNfrHD9d1jV2ZJqvyzrHuRjidDTNOB66rp/n6QpUyhr/xCu0bdcPw6gNTNnLS5xdMDxZHVq2OLyspceHvHXiR+CH4vw8wS0u5+t4Gg+HcRj6Jo6kNoHcXyz7AOEG6xilu+/MHgQJDx7dPaGSPVNqUyYwdoqzCYNABzvEUJLzCmSacWSSVuFR0E/GErONSmJRNNNunu7oiXjBvKQ9AYWX5n1VZycpkUgkEolEIpFIJBKJRCKRSCQSiUQikUj0K63qi/D0PfPCE+RyfgELQuIAgiEPAsrNQS8TtDbxhKRAQZ2+F6/JgyRgeAJ9pR0OT6VkjnAInJQDX7kHCwTI0nHAn5AdQbq95tSHJKoY52/Hq5tqP9MTurLccOlETbiJTtcoNXH8HM1LjC4uGvmL+rFD6L8Qa7JvmUZ8aLRvq8Y/X101tUr9HCpIR+0tUn1aVY+T2QkjHD4fQ84I6s5wAS0SOIMjv7u7dYZ9yp0Tj5GRImPylRPFQoEcuySjxJcEz8uVspAC2Z8EdW+/omu7h9zvxD8QC0F8lM9DEjsNYS9uo18367ZmBY5AfYrCrnCeZg3DRwLRTaksjw8CanXv3y/LfBjHw/EwDIPuNCbIZKKiEEKhDJzG1KtvrUi/X6n+Yde8Qz4HnXDiT2AmmuawLpfz5ev331ynKw0jPjlhx52ki1MsizUmGEOGJ4yexB9tG89DdyPeB1zY3Ka3zTeNWxsX7wWPoQuNBVKFyDNjKbSHcRz1wS6q2qUDl1O80DiOLSTqdPM8k3HJBbWu64CWJ3DMYey6dgUqZUYWbokXabu+6/rnZ9227YS4SpzEDRN34vign4qN2481CNwheuLcvK7b6+u5fd/G6T4eDwf4P168T3PLDksYW/PAo+m+V/cr4H7Y78aBWa36wfNszQIAUBxe2LxdmiFHNi7Bk11NcSaCrDWX55ngKmSKACQy8C8E3oKO58c7Je1AXBSyKeyupD887BxrWQAAEABJREFUeyKRSCQSiUQikUgkEolEIpFIJBKJRCKR6JejfbrC3Yd7IAChAKVDbR0Bf6P5CJWPA5mXJNCEav4aHSJ04AImhZRAdZFIEszMwZo6XpSMC1DEAWThJaENDt1O8Bw4BTECxREtOYpFU9RO6aZ+o6NUfs6FbsUGJ0ZRlg4UzjmUItarobQLlWtL7IJKQRmJyoHqt6aYHvWdfRP/gQlAeKumvD/Kh7IkHnycasdpPpjz4d5/yEkjlJVWO8qgeUGJO9G18Ud+7waW0GRCUX5XafIfd5AQonvTmvtYol36iqYwElxxeUg4XsjkxoKVxrYhJ4JGN2BeAWkvzcOG7NqMfzPLVcM16VCy96CMJqJ4qOq/bf46zd753D3TdelsXar1O4TqU0v0QX1LixZoARMfZNgU8HewG2mUbQ5dPzRd8/XX3yzgFrIitRBVT7kmcIkmjB4w9LMB1Cu+JHchrVt0PTGInhCAFmDnQKaErrBtG8QftQ3apoS2awhzUA8sQG63QoP8h0fzFYjnKbtA7Ijt+/ZwOMzzfEbN8wLJO3buum4cxyH+B3jKfL1eYjPmeYqtG8fDMIxN0/YgcEOZFzCuiRfBxBzgTkLTGBgLXExo+rKu62W6vn//Mgz9YTy8e4eJO6cDDJmm9UL0CdFVhZb6+BQ9hJDCzadphVbOQmhwYvAnoznxp7WG4s5gC3S0iSvPyKBPPJdHqJAvCYSNVi4Qh6jRlgjdUhiU0slESdG/PEQ60sZq9oChSCQSiUQikUgkEolEIpFIJBKJRCKRSCT6DhVCULsElfJBfi9HodxWIqkkT9+y9+ln8BqpEE1fk8djTaCKuCdHCUgMiZ+ib0n8CedhqRJ8Izb0Mckkh+JqL5qbIN2AXhOxOhnYhsTnUnusRfrKaSPLMBxRv4fZI6mHyMLcAymxQq0pOwcjTwCSoOow3D2oXBlnCgPkFLmgVOOr+BgeX82gi05WGmRxkZMtqtrxRwgAnwen6lN+Vb8XPupzEagwH265g2o5sBdJuonmc3zpeL4LvbjlPG5+hVycD2IOmh0danCiNsXghjE1lCYYWmmqBlCyktf7ZhD0sr9USBY1TDAFrngnYxU8yOFyLcwKRUoZwlACuj+4xuPr3S1Tuo9OoA76N6hUj0dQi6JFAtXeLQ4uvB24xB4PjwtObRtgFvF5mKbpcDyAIH2lwzgaHhIEptB2JmzJgMju41SCupsSsnFRuiYwwt3K0Wa37Mx+MqoPTMZz0iLBjh2OR4jauUyv9jLPK/khYcsc+wvpjBLBSYYf7NgVaJ1HtxJI0NGmsdbrwqmBM4qyCrE0tD9xym/eWb81m22c64FAaWw8jYc695R2slCWl+eJ56Alx1AVNNRY1du2daHrmr5v+757fTlfrpd13diOZnVtA44ocae4Xq/QKKWWZabAp67rm7Ydx3FZlvPl1TZmXRaYaB/iicaBIwvsPFavbmVmyoU4XBDZsy7n8/np6TTGee+7FhxfENiII8Rclc6PYkh2QNn6KAdRhULZBV6pKftKqbJIkO7SnvcFleyANNFpeKbh7SvRItBcAzeyvkMAZeO5R7wE9++8ngz7psB+jSYp8dHCLuO1vE7gCd4jGAQZFYRAfYpXjUgkEolEIpFIJBKJRCKRSCQSiUQikUgk+oXLsyEIBo54tg0ppTyo+/lQPEJC8ipRVWEeK8mYnmOghKvhot5xLdcnjw0fENkAgAOBE7ADoTox4CWe3FKCA28CeA+q6uSIoir/CwRaPNtWKKz7G3zPaGYmFFeoraXMHWy5xUZ4NGlRDE4YwhnIUsITBYCVTjJB8AaugTEpSDAoxaEcjUUPi4BOCkyZoOcKfodfwXE2sSyp3Zr9MhK0wJ4vGr/nvxN/Uv9QyQgjIyheZVIG3na1g0ZOs6hZAnpvzxvsAm6yMjHCgUX5fIUlX+6D210iTrh33E/gcEKNhIS7vJvCeRBwwwfU3ILOrh+pS9l75rGQOsLStL0LmUF/GryTVbVzT6KCdkQL2mCka+IKwqnV+DOkABNjaHUHil1RKf5G03qCUBHV5KGrHTwCriO1Qz3CruO5TaFiYogc4LCRjK24ZVm2bVvXdZ5m/+45HtE0jUmTHXJKUKAwIVivxHOE3Qg8EvnP7IZytyDCZ9b7Q95X2ObIjIfDMBzGw+n8er5cz9frRM3WxHmhCOkKOscb4aXAW8bh+8ECPcJq2hY+ZcsTeOAw2kZ7FxxgQMFYt2yuReeTtot/xVMpEytRX4q8bbJXUiGEuBOlOwp3mdgRuH+8Xt8Ph+sh9mVe5qhlXvu+G8dj/OhwOCzrCn44ZPUBew/sI/AntqHRHQTugO3LuqwuhYZp4+OyM+zpQvFdwOWd42hdr+fL5XQ6PiFvNAxDnHcL3bE4UB4Zl7BrMEyoz73kfuXPai8cfWt2Et52FNG3OFKgq8ITgniRN/Qa/U6C4dgd5IFwT8zIXspSY2jMa+y1JbQQsZoEMOm37y4SiUQikUgkEolEIpFIJBKJRCKRSCQSiX7pSl9nVxxMU+rMVHFXikiNZMlBZAcdopkpMfgTKqT4Ggw7ks8IQRQIM2AVHev2HkETDwYEsRK7kbsJuoZgaA5H56gMIpA3iE+GLHTb2ioktyeZdKSicdXFTBgkJw9DlXUCBai87L2hPJN4FFV7LWeDmOzcQTQGNpYJlpC+8Z8bwq1OBid7mTJ6j+dDl9bCD1+hErmOnJmUHTqyu4y6/e2mdpy8NnbH5EiN5GKTrB8UF/5VYRF2OEnqea5Yf3I5WO+xC/SPqT7ja3+4vmysvb1qfTzVtb0Pu4J1ObLU1o3WPEFwLJfKY+HcZ8SIIqB4vPB5KXyCqgr3Df3FR6sHN9N3qTehXrJBJbsRcuRA8inkd+LpDTpE+Gmel3XFZ8ifTseu68gkI4DtR3KnwbM+QA98WHcrOXzGBN+JZrwBtcMwAgLSQurN5XJd5tkwQ5JvjUkuCgkSJBEIK0NHlqCcZwoH7YfA9kNr2lY2oNdWitzBpbsZZ3QT6MN1XVs0PUGnEKTN9O2yfoQFPVBsKwbuAFzy9PR0Pl9e3r8/x85MU7xWPwxd23Vt661FmsRr5vBgAVhjx+HQ2GYYtmlaIG8HrEzWuD26DQA7i8NBbUPqAnYe59X5fI5dmC6XcRiPp2NUPw4tGqvEtuDS9YjsZIeSgGO370yCwDKSVvf250Y64BkC0MQAZhgI0SIMyHhqlkdTK3W7ATn6d4DBwM0AswJcIbJ+FnE28yATSyQSiUQikUgkEolEIpFIJBKJRCKRSCQSfYeqqsmB/DvYj4CpBEWgCB8RMnnAdXBASNBHwSmLxIkhJgMdT+AwvCKaiTiog2Kt0aGZSbwH1oU9lhrhqo64Eo2uKLWyY4hJOIsuUMQ+CUTtPRhq2AKr/HsCQHHxl9ATiNxoTIPRFuy5oDG3goxLPA+Ap1QdGi71QSMAamq+2yfW/CtWJiB0kq8R+I4+7Pp5x5RQnIXa4ya1bUEV8PJ2cTlZ1KToDb27GyTDZMOS0pDkzBFqSwX1oX7eMCtvWBl8sAQeu2vubVBuonxsssO5uV7iQJBASrFISNkoiyOJ2I8mMwb6XUHUE1nDlAnSvBroqk1I5BWDOskABsw30BOI7Sd0hZfwQ5dtcdCdImibTCmQmrGxOk+mK8hKkEuEP18v8dm6Xqfj8TgM3TgOGv1fPDxXntwyFJ0UtMkkj84IUc4cqi0vCtVFvik/d8F/P9eQk6JgMAED6fvO2ndd152H8+v5NXaB4IMQLLZa4xNH3QeMggK0yJ8j/honwq4wccbaeF7bAgLStm3tYEMEGTQDPTaWbVntGtU0TTe0AL/E0xo20jA8DtxqyrzCtc72MyRAYdigwxGzYa0ehiFeahj64eX1fD5P07S+Luir0gJHAxuYYosP5SmiKJ4ZP8cm9F03LMtyuVyWdVnmBTdH8H6Km5JzOnNwxGGs07rN6+U8v54vh/H1dDodT+B8Apk+jVXMQ9mgPS/7KnEsqN3jSXBS+ihkZyv6XO2hurD7K/8Sbt7F9eZpNDFyB9xmiEdh8k77vNoCz3GVw5T2n2D4JfI0kNsTn4c/CfMkEolEIpFIJBKJRCKRSCQSiUQikUgkEom+TXGGDfEjhdtA2gGL4RilQjVv/p48gQpUOKSAkVjyjyXRWPxFvxOlqCiu0F3CYCpJiOVgh/+zBwGbmqDlSUZMAhV5sZLOlEbyLtEpDkL7UBXGvTLKV/AFFvprnkDlZIzKdQIbH6/o0daCzTxiJbdpLNQ0IdzD0nmGPD4Mlk8h9CG2uUrbCLfFz+RkEfIvqtwWqZn6YBNuarfaMAvCPhqItygu1rPHRmKAQlUmZixGFahCJ2MLxinY8KJqkE65M6pcLvhESiAnxOOubqSpCM9wBlEXiu038uX4nXpkHl3ndvz2bxhdYIVSJC9eKunFW+4H+aalbXvopD6gahRdNTevQUICrCIgdolIHESRKMEpPRA4U+kJanaGGZpfBXXj7MK6W0i5QTwiKS4nLhnkLhSF/9CtCT1R58tlmqfL5TqOw+npdDgMaBhCCEvIq1EXe6BMvigmUnYsEzVVqxwWde/c8pnKjhr4w/uN8rgUZt3EBo9PT6ef/vQn5/NlXVeH4Stoc+IpZCaPFQ0lXgo4kA0QDuCAkCOxTdP0Xac0B7IoXOj1+iOwJ+5F8a/NrW3bbF1HJ5JtCQ8TGfdkq5+8aNDMaUds6Yx3QVPBd6TvY19eXl5fXt5fr9M0XdsU6sPzlR42k4K70PfEdl0bm7Asy9Vel8XQdulXuCzsr4idBdyl6O5xENd1m69LnPzx5eXp+fl0PB2OY7yOUoaGELfFjBJ9aBJDMovKm4sv6MntKYnpCXfvqP296HboWINdthYta7zJviaVb1SG4/jM+A9EvPfq4RE0aH1ivaXZMebNwC2RSCQSiUQikUgkEolEIpFIJBKJRCKRSPTLUSkQZk8MSszBHBnIRsCQHZ0KkZosG+AEKLpD6kwsGrsQDzNgDIHODBCIgVk5QJQ4si1ATxP8Ba1N4m9VYEsy3rjjEtJX7LOjhg75bUU1zZB6ET5gJMJuK6qUifEr92AZQN/Ih6/QQySJ5mJz4NbFZtJ12fIDLmJrKwgyuygsQW6YvsUa8MhsLFOhB5VzQMheMp7RkwQIFKuB7FBSTlFWa/UBBYJE9K1BQE4UwR/wmzFN6UWifW4SR2JxvDo9s0o8EXyTUCiRzL3cN+yGrKg/KcSM/mhlOXyg+3vOYXffD5qnEIDh0QHHYL9w8Ri6JABWmivlNFVplSTtoROVLgAABw2PDmzXwQel8StN1eSsoR/0l0YHl25Iy5oQhHCdpnlZANrwz33fgYcHzaxm/iskMkBjXEm+ka5uq1JfqvvX0MkHl9sHlVgNGgPP5iv4SdtYMw72hz/8qvnq5eVlWzmJZfMezUgaGuhk9WH4qS5mPvAYr4tfV8DaACDB6yKakN5IHugAABAASURBVFZlXohxboF884B+YbCLxXQeEt8hdzXsWKQ0oWXzUib4DY61ltKhdGwwUCTWjuNwvV7P53P86dzkWtfR9fFBCQBVOJgaWBgW7troeArm/jTz3MXJXNdlw7Fw6wZ5OdZDkhBeX1PAEm2ozs/zMk3L+XA+HI7Pz0/D2CNCY/bQjH/4MPIWrMjZpfA9Ia+wdFgeiJsLKLVzW6omPNy7KpGJFIEmcRqsNmhwwqYxGnkuzeicp2ir2ENjnEaWKP6wCAkpkUgkEolEIpFIJBKJRCKRSCQSiUQikUj0nQqq1p5NNbiC7dC8BHETehELgZqsQRTl6ahEgQSuQ4PfCJ0FFUvAVFbnQqwWQ6001n+hYggEStjgbQ8/wTkk14L5Pqm4yVYGaORQIiHo03Bb1yx4xBtgw5sdx+qlJTOIWJy1RucgIayROozO0AkrSC4RNwrJlGVfhtU5tEWXAm7+OyeZqIKqQE/jHVMnE3TCpe9S9y0GJ/dJMXuvAb2rlOv7I+99PsAzZD+G+uZXza4qOrkMVB4rPt9O3Z91p6pJ95/qEHLb7Af6mz5yD+8VQsnvyGskH5QPvF1ShISkeaAu8zrTKuWRKDal8Y4CboDIAtKKr9Xk5joeNXyKkuMK1tTRIwZfcKMNIgG6gA1s+hOyfw6gCWBgQaZAsdvMLnhMvyGUAcwh3r+e53U7HkZ03eiaNgCDAVE10D1ykImHb2AjoSiuBRYfoUeUfqKSa5BPM1KzSJ+NnQTqTtgNNDE3ZaHH53AYhu9///vx5xk1z/MGXIVq24YMiEKCQLg14J9BTjaBKBVg3NbV2qZvIToHL0+wws0zCWMLy9ij6YgHh6Zt3ly36sZi4E6De4RJza8Wa5V3hHNL+TsqPQPQnjjeTdONY3c8jofD8PLyer1e13W7TlvX9eCpYhGtQOIEz+HRAMMlayj0p+s6GAFwM1nhx0b9c3F3MkCUWFziGt4Pi1pVPGSa5p/97Kt49S+//OLL730ZZz92vO/7+A7kGRmMdgIHFJ0BI08bjCb3KuBxYr8JqSIuyTkPSAw/F0xypVmzqtqZ95AdbzM8xxivRjNQsWDgphX/1cBhtikaLOSzVAJW4o/Yu7x42q7FFSsSiUQikUgkEolEIpFIJBKJRCKRSCQSib5TxbI1FvmgxOfAeQC+qR9/eqj/aXxBtVBD1fL42nn2dKDvzeO5fgM7E7+hLYFz8Sobf/se3nH4JXaPFdn4RkDgA6vkib3AcroPez8P/LvKeijlzvJNfAZUMl1RXuh8OuQ5WL4GHgoVXdvEY1r8ujwn10QZF5g3cey0kQrsOpWEqT7MN09AQ67GEzCg+a9QV2BNxRIkmgFJGqiceoIQ4HUBTiBWAudB5bOAGthXWlPqiKVoHpU8L9I4FLjkHsh5AJ0giqDruJpk3RJyQhGnICXzj1KQryxJHjEJ+iaiQ9/iIyGonbEG3z+8+U4xzjD79lY9zEsFXBTKO8VlRz1Q4MllIkpBTbyeO1+13+JLhyfEkePZaXbtILoo2ZlU+MzuCLJ4uJ+oUP3EV1z6h/wUftuwKwcfBIjYNM/TNL28vL579/z0/Kx6iDcxyArgQ6vB5kPT2OlkTbMDpzL/FUL2GOIPvj3d9BbcQYiQGEcgZmIfXi7g3jKva2sDcmKN5vWnEF+oTkZIhOiZuP9M3jfbBnRHA088p2XpZNGTBpO8SoD/gaivcJ22eJOlWRH76BqAXZBXYUqOhslUGBja4eiEYuS20JoMId59PAzGmtiv8+t5XmJX5mVR8eIWu0M98X7DRxWwkLgOjCb0JI5GB9DJuqJ/DbzyQO2Rx0lCPZC8ifda8KDYIERMfna9XuMwtl17PB5Op6e2bXhnSkAIQzyaCai8j4VqYgIhZoHpqJwAhvBKXhHE59Fm7uulXdi6TOio3WaAg8azYJAn8vF5Uxy+4xCFwpgx/geAfs7TvC6rEolEIpFIJBKJRCKRSCQSiUQikUgkEolE36n8TF8dR6wk1qAdl9kBOvHwFfxYYTTZ3wIrnVzwRusGLO56pEr8hrgJ/AGDEOA2wNsEiobkrpAsMaA8ynYA3Ag2L+D8GnqLbU3oM6Nr7iSfpVKx875fWquq+otRGYYLuvEVZk5YTbkYqYLK5haAf4RyJ/wAUlXwGhwjU7ESGdAIjHeoUkktrg7h1n6DCruUr5JsOBBm8NwIlYu1gWvrPEgaau7ZBYArtoa6GJL7AN9Op7Go6YsHY3WLPuSuq1RlD6oiGh5gEZ+k8NHTtPrcS+vPsNwwTBcRc5ANY9Kda4UQboxV9o03OYKGaAPgOQg58Hylpr4m4SuUHmJqiCZwzojK5BQSVXq3zvcGQJkCKu9QZ3x+nxvnIFlm2daf/uyraV6enk6n07FtrWEOiZYVn06IBC7ffG9iUHxareVZo2dCfVz3kxn0R47RRFKQz0ff9+u69uP1Z199dT4DexIHvu8HTMAhcyRmRnipw7v81CBb45fVG7c1rom7EgIrJkXb+OS0EQfEELxCVFw8APJqNreabWsdtKTv0JgkDRxSIWoHuyiK6VFqFzFDOUhWm6aJXekP4zCOwzTNV9C0besCrYKYmAZblkk0vKaOW5TtWqVa5zsPTdqWaZ0wPikHlcV+MQgC6UJG8zamNr+et+06zV177uL/h/F6WY6nw+EwINPTsLdNoupCKPgOmq8oXFG6Imt03S2ypwoFTil+JiqFR6lwM78a4RhaUDhQlNwGi4/IJ02DYExDjkGxHcYh3xMIjfSUNES7sHfidCISiUQikUgkEolEIpFIJBKJRCKRSCQSfccKi7OYrRELe9YH4/HL6AF8GoxH3CSonC4RqngN7+mb8UibbLEe6vEb+GhqAtCJD5yMYAKHx+QafsEpqKbpGbFQPlEnyXok1OV2ddMMLDdTeTYQEsLXZzMC+iXWh4HIgIqupZKzxZgNqixj4oMvhEFCUIqtSar/KqzD4pfwi/cK2xLQASbVfvVuoPCdkP0BqmEMOldlfXqZSJu94UR2FjFIy1hdZVbkG9XjxJ9WV8Fa+R08EQrAkKdG6arQrNQ9XJCChipfjOT8UR2kPqrkO6J3b+m7Yz5BHwUgEk1RFkkVQ/SBFnJ9PAXO8Nu4PlO1npYzudp4r5OnTpPPyeOJD0bAgjkk2phEnFQISDJyqJkppUuUUWAGKXEsGXhSii1xEokB75oNy/NOh/Plui4rEhs9EA5GQdoO8FyG1hfmm/CTHtLqJxaNnsZQHqtgPm1WPkWJZMqrwBtt82Mfn1XVtKenuOJV3/WX83m6TssyK8igaQ1Zj1RzSn8Za2mwMMnLoTPT6oPbQyd8fAM4im8aIrngKYkbWuJs/OJhX4s7XItC9MQyxpZWEP0kA6IdcZL7mOxV2q416OByOh0vl+vr6/n19RUtTGaCbNqmKR1BiISaFLeuQGk7LQA3fTxhnuOuC01bHKYDwTZskui2kGUDKWd+Wbd5XqZpi7c7HMbn5+dxHLquw2gxCGNiVAWFXjjkdGJCCg9Tu8cnPQDMlRS2TiUblYSceHyiIf6JOmVM2rZwiGklGcWoSlCJjwPbJo+wH1EoeEXnN/x3RSnAHJkHFIlEIpFIJBKJRCKRSCQSiUQikUgkEolE36maVTWx9GeCjSXq+McpdP8Ap5NYCgQGBSt7VIR0BRPxWwBDghVtTmLVE6qf+MX7kAqK8TyfgkjwK+1sJ4JkB9QrIYUH67zxJLQJYGMTTdCGZpQBbu1vi9xYkfeBS85WsdEI/G4YOgk6WZtAhAVka1iS2ZuOYBNzckzKLQHepgYnLB0S9skcdfFaMz+i6kp05mPuiBNqOmZWwBA7LL0qq4O6uX5qrU3vGOqYNbnqDQOYUQPFpeEMKqja2iNxCjmUQ90M7I520ekcgh1KZ2mMCviyR0eYK9o5QbxZHc74jiqeIiG/yQzUx/RJCEnCnTKcoPdozL7r1cyqmwbfXzf+B6wJhpA4hhnq4BE6MfWWVooPtJTCbvAe9USHjLe81cd8heoIxoKYA1Dr5n76k58NfdeD1UXXd13fdjpxLmjdgkYhxWpDvaWgPsnn5OcTWXfkX2OTOt2Y5+fj6Wm6Tq8vL9fLZVnWZVngKUCXEEU2LRWFQACJSRSZwpFHAGVD6MRQBzXsPrBHNI0DFMdYolKSoQvEXgGUAR5O4DTSoKxr2s4CN5TcTVSauP308WPDVB07qcA+FC/Sdd3xeDydjq8v5/PljOjJ4ra1aVoLWJnJ5jnUpXgvyAKzOt6/W+PsdfEUQE/abVvjf5sBKqN4n2T6BCnAzW1uWbbzGcJ6zufXYRwP8N8hrgMm8pJHjL9B3gp+xBu4pkypkF1GqiWH3FR5eLzm0DSOf8qjhF1LsIs2KW8s5NHDbY5iohRRLsEb1SBDuK56DWvwYnMiEolEIpFIJBKJRCKRSCQSiUQikUgkEn33OoQGGBAPSQ7kbwDFVPgkESfonBCLh2TQgOEzYXNuwerm5gPQJgHMATxlwyD7kG0RiCMJXPOlKiFcAT0f+Nvz/LHmBBkiWzTTGhiqcIdGqCrTASu5VETWWDE2VKg1iGVYtjWxWFEnjxafvAkC5dgUeIItSMptiLhRuWKaDT5yebTEbASlbj1Zso2Drg9MX/gnlwuFARyEvijd5oKvTq4BaUKq2i6UxXN5Xdum2KikdufbVs1RN0DCx5VGhu6fS+r6BkDZ3eTRHe5vVxfr3zqG73JHxtRXefTe7ZVvD3gbmcjX2zlW3N+lipqpWxuogo7nNGVZvOHIUKCUFImkE8FTrqnKmiT7jerUcus0vxVWBL9tOj06HomH18t1mm03dT0E13SHcfzyi3eJhrkZGa2Y6dJ3+VU63+m+O/VBn6NyvYo8gv3EYBwQPtZhPIxt143D+PXXX18u13lejFmGYWjbHhEFbcpawb0Gnvt0qepO5QeY06Alil/j9mRt/GMa4Du0SR4wNDjbtim8jHfeAMKh43HktmK0qZtdpi/1KW0btNmxLUo8bxxjy5txHJ+m4zQt0/UyTdd1nddVAZdi29iIxjbKBryFSQ8+7HJt267rGn+i28m2rMvm/LysDm1ayHalWNdg/pPzENAD3ijLau1LXAHj8RjvPkDozxiHkWAXiIjC2B1mnXBB4T7MFke8DpmHCdXMI1CSt03YuON58VfHa1fz3hH3OvSGgsGn6DTcWplLTP8k+LT3BARZcDe3cUKb2Bf6N8QLdyISiUQikUgkEolEIpFIJBKJRCKRSCQSfdfqY10yVlExPMZgWVNDqZBKh4mbgBogVB03LPPFn+vmYnUTvvvvAUBxUP/Tnt0pmM9QyanCpzIr0B6QyqAJ+0j4hlIpSiRlhyCewbX7cA8JJBcCuo2hOxrNYTdYOVWGv+qvk/C8eGvnKE9HpTtyxEkg6wlqveGateLSKh5lyDQiIyDMeVQl+WQSkBM/dCIFTJUvweEeObsmcNxKZZeiFZWx2bxF8TBW9AMET76nAAAQAElEQVS86RNjEFvk1c6DhAa/dlzg4ap4lB2nwoep7BdRMmHYJ0KlcVBlTLnNmdbRe1ePci8++MbrJX+UfuEmhqA/aluyt5Mpff8ALFIsG+prVJfMh3DiTPXG/a1VKbjveQOqzKtGFauT2veGRg1tInxo4HHDRyI+fuA0ZNEDAukEuvpjjodZBsIp0ltp8aX2GtPgPT0fCIvabC64aZ4X10zX9y8vtm26tmvhmQEuBa1aQsKtDD1ZBBzcNEHfTZHPWAGPklcfnEWa+0dxNC73kocqbQutsU1rm1McpSbor6bla+/CZVo6r/rYjYbwj+TNhKRFMLDdaORRAHzb1rhf4R6BHJ3GkDC8wRr3Qb3FJ6+zBoNumpRuAzJonoRb3WYg0Eb7JZ49W9t2HQyi2bFRTNrhnGjCPtDUCOC+tGcEp5xtzMH249Bt23a9Du/fv1wul+m6zPNk7NL3gwd8ySJvAcQFTYo1urHgetI2xrmO6ItlWgBauV7dBkgM8DEbpV7BZkh4Rrw18CnrFneh67Scr3Ns/eEwPj0dD4dDP4DiNWObG2Nhm4ae4wBqr6ytNm7IXmM2xTQJ/iiTzw47MPK+puACf8IrKs4Dev4UOK8YH3nDzGIGdiw8IeBCZW1sJ6S6uU2JRCKRSCQSiUQikUgkEolEIpFIJBKJRKLvVD0UeDnGwSoOv1FYnfRo6ADRL0Gtwa/bumzrhoAJfrV+26AoiXXbQJwAlgsNR98ETn5hX5FY6iWmwrv87XTKpqCUEcfF8/TleSpGU34F+p6wXQSBHVpZcg8w2gYsMCNigtkYWmFGRs0zYOU93p0wDTJvychFYmS0qSvgO3cNgkQYNvE6GxYkn4pCF2hVIxSV6wFUgck3QKuat+EWBOZMDJf1Me0kkAtK4FJ+YCSGmQTydqAreK12OTWpCTqQ/UxqUHFl4Rr4PsuFrpDGRLGjiVcF2KBxMmRMoDKAUY+VJgSoAmToSF9hMWhOw2jL3ulkh6HQwT5jGzsCA70O8O4BqZ6Pic0u6IcOJUopF8ozaMVFcK0TDqVrO4fEDOQBUZknqdSkjBq2hskHaQaCAl8ppa7ENZwJEnLCQYcHvj0N2yPLFDaW2PEo+Xi1G/SmaZiUCmHbgtPuj//4H5+Ox3fPz+PYx6PjQ54IodgCB8wAIyA6m94Utqke3LufuKCd+jTp+36VHsGo4POgPER6AT7y/PzcD8PT6fTN+6iX8/l1WexhGPq+gz6mfJl88byqjIkj4BKXlSgHfoQhGSmu9iXexnu7beibBFE4cUNJ/BeG9oDxCR4LMAdSLNuGnIpNTBmPcpkCbDcZedDjq3RaipgE1gH5Y/u+X5b1669frtN1QsVzIYsnXhqTfYxisI62bIr7odYDMLKM02WIZ87zDM0iwi4hT8jOaKsNNW9zW5jDui7zNJ0vr0MPfidPT6fxOD4dDsqqeEdF+Iyms3AWCHTyAUaSSbL8xOY58/uZLQCcf0Sc4b7Ge6VRJdOLHlGdPHd4yhI/BPPSvG2CJBKJRCKRSCQSiUQikUgkEolEIpFIJBKJfimCb8BjBRa9DpwuqAG86SBMwi/buoJDAPzxGKLj0N0ErRM4I8dTdRL8QuCyhHfQF+MdF/sDW6YErrsnwIEUuFTL6El+P1l9VH4iqpTuDf4P/yFvgr8WdxM2fSBewYebSmhqFF2Tf9oH5e98fKI3Qs1uZNojXZDtG7RStTFFcePQpRNGpzuH5PORbsdToJmr2DcXh8uEcgfGNTJ3kq7KFXVV4RH5yHKv0s27LrNfxi3Lwo3gUxJhkhuz523UzmqFPrNsX6BD3XKl1L35CsEit74sYfdmGkf1cPr4DF83KM9FfpMHPKFD1cjuXyh1j37oG+IkqsntrKxcLLl7KB6zkBOpFD4t5MBxiwJ9UG93eNc3jv4BdMCHlJUS23C5Xtd1vV6v4+FwBLeLsSVwC0gyGHomjD5yr3yz2rfkU7vwCQo6oRKx8dYC3tE2Y9Patmu6rn3/8n6ZpvP5vCzLOA5935tqDIk+oXHV8EQxaPKA4KGJiB86v6EBVNM0zvm2Be6EhMk4mgw4aFg3DBgjA5UOLU/YgGkHG+XtA2AcolEMcy8anUJg5+r62J+27bpliZMyXc6XKwTurMviLRhLbeR3Quk8ZOyUb2FgE4QGDPM4xdPmCTxNMHyHYaeAc+99PgUCmLyOF1635Xq5vn//zdffALlzOo6H42GAl33bUo9gh1WG5wACbmBt2DRwJg3f/jmEaTC6EGhe5zCddBicYjBnDMX/HGXciqyAAp1aDFFwTtFoRSQSiUQikUgkEolEIpFIJBKJRCKRSCQSfadqHBZg0TAEsjX4S/9Q6N8gpgHSKOYVoZPNIXAS0LuE/Ut84kxiITGWC30qaCsiTjz/EkKGHthNBIqJufqp9lSBVtngIaTv51dVeCzmBgq60bECG/+LpVes1xvNxEbFtAQsWgZ1nxBSgw4fqqffBrIkz5WPggG1icbdJ+X68MMkzidXVpl7MHsSJBTwhQr98GmmesKDsJJbZwE6hgrxtTlK/XPX/VSyV/vq+Vvdr+e0vu/uFjqPCzA1T6P63rMdW91Y1cB8Pr6w+gULG4bIEqTcWBdMXPOvF/ejn16/+mpSnymCTnZOJTgMmcAqZhhpGmIh31FBnYJNdlY81eTdD31eybkv9U9ijAw8RZ5upDmxBhJjlm2dt/UMwSzXw/FwOh76vkPUgNaW50ClguGE3ASt31jg366g/Q79XzSErijvHDuyHE/HfujHsX///pvz6+t1ui7r8vz0NA5Dfqrz+kPMK24ZlGDki+sGTxJjX8Ekvw5IFHOEzlnrrXWW2DaDcwQWTLjpwMRBC8FYxDlYwdYQmZG8l9Ic0GDpBF8hZZfmP2BwF/SxH7qu7w6Hw9PT8eXl9fx6nqcZjUugAXFqiE/CZzjexVIHPG4D8f3xgCzO0m3rOs/ztMxoSuXc5hQmDdXrB1i8eOcA27HbVNzmr+fzN1/rYRyPByCR4v9An4x9p8BvJftE0VPqkRMM2pd/N1RIA449CjvUC073GOQUEqKSJkfrQnvRvg+XxH+SdNg9/GysVaFhIpFIJBKJRCKRSCQSiUQikUgkEolEIpHou1KnjMP8CqgONspB6RTqrOu2zbF8uy0r1CrDGjYMa+BsG5VMSegnfjs9FmE9HsDFdM9ciqo9F+gb/oEcPILJdeFQV80xfiIVH72mMmf2psCgjVjMjCXXWN5tGiwAU7iOznhEICePh1xEXbh/y2DjLemKJLn/qBxD9dTcgJorqWCMnS0AQzKhru+ns2pyQZEtAlXi2fuBp6KidlTxO+Fier7rnWfJW9BJjaSo/RDdDBfd6yG3U1X8+ff8Mlbm/9T3zQ+frP3UkIzwC0VPcNYcdCxW37HlQ9s///D46z88xdX/Bz86/94fvLgSDvWRljQpwSVnrKhC5KTIEMN2MbtBz14UiivyugZ48sLlwdiNenpdGblg2Z9JA4jQQkQszykG6MAvm/Mvl8tlup5fz4fj8HR6Gg9D17YN0hUqVI1kkxxezbo4UPw8CqHCa0ovbweXsqY0esUg4ODR14PYjvbdu3dd1x6G/ny+vry8vn95Hzetw2FUt+sP9w5E2MjSJOzsj/jW2U4DeCt8kIG6cy4ZfgDt0bYW48jAdgXWb7oDbpLObLxWKRMH7Ul0ikxKLkSqordKCwNZnmAOjxrGoe3a0+lwfgUk6Hq5QrDZMmuwYOniYXhxRQY5NBo0I/EsC7E7ftwOcRuPp6zrNs9xS9+ggQgEUpcJVamHnZ2s3Ot0nb55/9p1Tdu277748ng8Ho6HruuwQ7QDa4R3SMAkElNoTKbKNAIjutA2Hj9G1yuMO0tbTF6weSqAwMHlAVek/Z/3R2i6/5DvjkgkEolEIpFIJBKJRCKRSCQSiUQikUgk+qWpVUBqOMJEgt+ANVkchEts13kBsxMogiunsFYZEDpBxVcOC5RgcII1cI8RNkxBZIuGXBVPlgi5aJ45BfqOPNMRqfJLZib5JMWXgigdq8FBIFbD0XXAGqp/UqpFEn4VPtd1uThOBf10wC1ugjf1av+l+ruS+i2xcXcwH1RZoqjaUGF/UsXFpBZym3Wo7heqwxktyR1EewHHrhn1OcVQhHxNaLxLBM9N+9+q4Xrnwm3kTb6RftSVAqnQ7WqugO+u9A+/p/7M92PpHo5cVresfl5dcsb5sL7VWvPbF4O4EjO17fkEsTPH3/z15z/za8d/8Ifv//CPXkIIH61453gdxhhwCdIUGEUsFQATzChl3UBYd/V4vKYqeVCFTlE3dkDJSoPXcJwfh0cbxVlT+WBkBPA5B+DAX6Zlvk7T8Xg8nU5j37fwrFVcUEBURtfzVFND4XMZlHBnNHS/CPg59NQhWtBeB+apTGOaOEvj8O55+eb4zY9+9KPz5UyeMXEWc0AMOCalkcFrxOVm8gP1uHEa0BStGK1QiJXEM51Db6XGmg2SbgyBJQaYmDi6DsYIqYoN/EMol6dpmh1dVGNiqubggA3C7RGGBZN9TNu0h8MwHQ+XywXSfDa/zHPsT3zZNBtxLbQfal4IAV/Hm9qua7ahg5197uLmvqwb/AD6xN1sgvUGBOYo8M+Bm2e45svL+YDUyXg6PD8/xyeiQQIH7xIwdMhC/A9zgnxJfYtE+Zp4i1t5oJ3Lgs+KygNB023YCSmYvAS4b0jcwQR+wmYhEolEIpFIJBKJRCKRSCQSiUQikUgkEol+sTLwJXKwJ4ml1XVersCcIHTi/bzMWNClHBYVks8EFl8xW8drr1ViTbRnbxM220hODCmSRuXXrHDzQid/B10q7FhmpLo7HBXLlI2NhV7TNY2Boq/J0Qx3dglczFdc01cpyCLcwxahCuK4oxD2x1Mp9Q3V1ymsiv4wJsGJK5V9BfmipMYnzod/xX4gvlC3yj9ujSqxODop9/qBnUQqgteMSJrVkE9T2RaFzlL1X4mzqaSq0naAoBL1l/7c8O4IvMll2l4v62dSCpV7zJ9c4c0rYTyUi8X5y3Vuu8v3vnw39t1f+nNffvnU/f//45/6j9W7G+8CrU+K0KlHDLmTwK4n1Js7h5mb1zcwyl0vaOGYijvSGQ3BKfX4Ka8vYi8QQUHvE53QL0jEUpSnNU3L5XJ9Op0O42Hou65trUFixmAmUjFyoftp/SDcx6m39fBp/MDB3FHNhAyu0QI1EH7WNe04ju+e3339Df739Svk1IyH2HptTNwzjLbQW20QYMFrwcjQTCTuBymcanJ2DY7PA+Yfaeeccg2jEHFjamzbNHGQGnABSdiZDxBp4+I5LjinMW4nblyIAHl2mKp2O5UAl1CIORjztgWwpO/7w2HcNsj8+dGPfjzPs3ZbCK3zrqENMVN43FowTbGQPQbsSvx/cMO2bhOE7sT/wP7EAVgCZlfxdKUoXsr4tAUQ4REvPE3zdZ7fv7wM3ww/+clP4+1+7Qc/KzuJ5wAAEABJREFUeH73rms7DBECq5Wm6eIOjY0nnMXnPYiMZeKVQ3wqKvMktN6BJw0Tn/Afj/JviOL2INIUys4MHBC6pThhTkQikUgkEolEIpFIJBKJRCKRSCQSiUSi71xogaG3Tc3L+jKfF7dBkATm5EDNHb6sD7VS8EBQYXPol6EDWlLEymB8Hyp/4LThc4wIXjeoUmQnixEEUwIk4yRbBPzCOiEvULU1fDC+wCthukKsOmJwjgGPE4OWAfS1fqhTcsWXyvoq+2SU+jd9BEXyEAoJodSDlJlPEpmhVL/e6AaICHWxlN6p6uw7F5P0KWMtjt0XoPE+WyDwYGZQhWxcHqTTpNHf+2PoXd+rvBTycbg32oDX3qviUKJChemEFFKSkZR8wbpH9QX7Tv/nf3MYe7Nu/pvXJRvPfL5uAKM/gT4BYlmX+Z/8+Kfj4fS958Ovfe9w+MvN3/57P5nn7QOnNLgieXKMTuwV4Uj1APEklgwe/pUoEMi/yXzQzipnt4KL8YhOByXuhPvH1htKZVOhdH9MMaGbJl4K7j+DHcY6T/NhuAzjcBoPh8PQdT3uGbiY8AbkLwSeIbpqAF/547pZHw9VCKlMc6h6tDShPWTqEjeH4/GoaCcxzbIs0zTFnxAS07Zd0xoFWTeaqBtjyFEpyuGOl65dljQF42QIQ/EDEHfJ+HPLs7CuamubbWtapE8g94szjfBq3m9riBupB2DFIzUGqJ82uvQyDdmO1YJdkPK0FNqlWNrIYteu1+s8x87NGzBCG3wG9/UmGMoc05WREpimNLFtbeh13w/rCMOCA7PMS7zCxnwZxkvBpou5UHCmBy4lXlehy8vr+Wyul3i1eOfxJz8dx/GLL744PZ3ilXlbhsExCNpoZYPxtC3TPxiOOaFEpjGPoilPDTpmTN6jdXpYsP0YHqQgVolmDlOWvFAnIpFIJBKJRCKRSCQSiUQikUgkEolEItF3rM271ftpnc/Tco3lR7A48RRz4pAHcViCjvVVh3Vmh1k6nDShlSOShOrj7Nahs9eFzgXwPe5AFcMCn2gO1uHicjYvANzExt+hnAqv8Ev8EJKhyeMkVy/JZqFYFZiS/ZEtA3LJ+EZvESf3VMru9FB8RPIxt94t+Pablw3JPqY6K/MxWqv0KgX+5LK7TQQCVrXVPvGHR9hUfiQ42viZqUv8utjAsJ1JGaKH8SbZnyDcOkCk3hRHk4IJaLb5gBQNG/75PzeOvZ4W9/51Vt+avg0A5cam4/5z766X158E9cXzcBq7/9I/9/2/8R/9eHP+nmEi2f/WX/itTIDQIWlo2X0kj3RI1iPEQZCPjU/HIHqiqkfIlCMVPQ7JWqM8EbqyG2FUaN/L9BETN+nuinOtMDFHY9qOB/QECBSIP4LnsGkI+eIHPNFiIfmQ6Crc51sxpCnQSdWlitzKnVXZz6dt28Ph+PT01LQN0nMAiTgQJMDAGCN5ohDq4CG8vxNBJ5ieA8CbSWYiRtF2VT8SgBix4ji5PNGGIDqfHzPePNNglZaX7nm2XqFL455qVHmeYQ10XTsMPRiYwGZocC+OezfE+VBQUrW78AObWD3TgCMLgjENeKj0fUcBPUoH2gd4QMuDTvCMJmwEcBttFjDCAU3THP/hgDcNw2hor2Lxb4Nt47EKBLLwplSvT1zSeHD854RowoIV4SfWNOlB0XQ4gjHq9Ff+lXjI09NBiUQikehtLcuqgPxtlUgkEolEIpFIJBKJRCKRSCQSiUTfnl5eL/Hnv/dX/+Z5urxczpflOq3LFguzWBTdoLYYtlhzhvCDWGpU6NuAJVWsTHoGTTALooIUtLplNW6quIUuMUQyAEvCbxhyFoDqYyyQNvjd/bZpu/hfY1v8Hj+ViHUyjGD2A0vemZxQVXEd26nvaZNHbVPamFy2vjmmgkWw2FlRHXX1ub4Bu7Zo/YBZoSuFcGMHgYOJH2UDjtRhfJ1e8DiVtpLFg8GCMkVtoCkMsjrpkFBZatCLbHCSkZFQGcLUA/Wgdzdv3HSQKsw0WKnm/F/4rfE0mmn237xOb1/s28AUvs3rVFeKD4V3q7Ntaw599/zc/ejH15xUo/dqlN5NbuDAEbT6MRwlVfmTlOVFVfl0EnuKeDCOQOQkRSWx5wweV8yDdLrITqb2c+ElxNY3riY26A7EBgAABTEwYYvbgFu2dZvnZZrm56fnYRy6DqiFuOrIxKK+vc+vi3nHn1BIXulHl7p7j7gHC4kybd/3bdeN4/FyOb++nq/X6zRP4OTkQ+s9hcJgrAyjD/ScGqtvnH9odKgJWoWKmUgfZsMS8ArZgo/rZIsbmG26riHuhOcK3aMwzgbtSPCiOJtBMYVHbjg7Lxy8bnry83tx/IdhMMYOY39F3xLvNxJk/+jNgOWKTbgGpdjgbWFfMHFw4gjAhu7ctq0LuKbM8TrLuviNfK6YWwGDEU80iaH7b2qjV/Fe67q+vr6eTqdxHPo+jvYwHg7xJy4PBE8MwzjUD1q2xCvR8oNFrX2KRysDrhh14ZGFSB0ErTI6p/W395CLRCKRSCQSiUQikUgkEolEIpFIJBKJRKKfSy+v78/zPDuIV3CcXkE1biiQe3wRC4LovABfcYf6I/qbkEsCFqVv7Qz4DY6n0PTd9uQLUrkS8OFQ5FYcmkDVXP6qPHoLwP+NJYMTzIvQyRKEwAj2BQjUkuK5kjM46B763rxDsWPBWwYeSqk74kQj7BGCUvc0xm39M5C3RWAPFu8z9JFOj29mvoBHTBfao7AHgUcmtYEdLm5ubZK0MfX7saasmCnRYQ+UkLGBqgq4j8mY+87e5OmkuxWyYa94+p/6QfN0MNsW4oK7u8Xut7esZ9Tn6WPWJT/XlYLb3Dp//aJ+8M58+TT8xq8ff/+PznfHgZrqxjwy7GATZ93fciJlTSjGDtDPgcaCTXwoxyhUYAtGqDDnYYt1RPVXkd7/ZO8TY+6ymTiVhQwvHNnUxHc357YzcBuvr+dxHE5Pp6enJ4Qe+BK0wDIkEDDRR+mPROd8ikJtDaN4oNR9H1MIjvfZL0gPfdd17fF4HMdX0Mv7bdswmIYMP5r4seE4GtoODAIeZFDib9Y9DYqilR84gAa3rBJARfgVYCc+gDsMxvrEvQyAuf2lEAOBOyFxst9WmERJD6pKHboZAa37vot/ur47HIZ1XS+Xy7IsW1yl26phzhrbOFoncSNFKxNtVSA7kr7vQ7I6WvthPKzHGTWt87rGvzx4pzgEniymAsVlZpFB8akNAOig38kEm3XTwNo4xrVxPBzHY2zTMEKmD+arxZ0otorpq+rfg1Dip4LaQYv8wqS1ncck7UpKJBKJRCKRSCQSiUQikUgkEolEIpFIJBJ9t3q5vM6b32IpDwxGDH65H0ATiGtAJgJxE6hUYpAIIChshQGFS/2BenINasTDDMdx7EqrhuxAdPoSPXmcIDjRYJ6FpvQQqq17tBqoQmGYOglOB+NVeYO9AejuphgEJM8PVi64Z97Chwftv++Yqo090nG1aUkN4tBrny1YfEgmFj6zBvlQuhpVr/XeZ6XywqDbmgKrEKpT0zN4Yc+0C1R78SQTMvOS21MZnzzqq36TGbhlbkoTkZ3w9edxJv/M97v44quX+aMQws4wpVzkrbM+WngOn3n8R660LZO13Vfv5x9+Of7mr7/70Y+nzVEVfofLNPSQKGAvYJ3RfCcMCy0fqqNvnTPqfuM0lTVKjhFp+SaeQOPCChn2YIOU+w7c3scodu+gaeMgpgCcQfyw0doRlQBHWuO8P18v0zJfp/l8vhyOh3EAgaUGPuGB16Unpxv9sdH8lOlA3oZWO6MnhZXZ80pxqdOA8A6ViK6+7xvgIcbT6fB6folaFzcvy7pt8f/YduBCyBoIzTw0g1u8pKlPcElD4UOYPBZy80IeWNw/4fCQNpR4E7c5hE7o+gq9VQLfILEkOvUltj77HVUTpdKiMWVUEoAUfwGypm2cW2M/5nmBOKTNbWtcmGFbNxyx2IRA7ioAkeCuak1rEevTEJrUjGr0R7+u6zQt0/V6Pp+n2PoVkpUWt8V7+/hPBZhg4WpkIlBjjwmlCkirLK+X80++avqu++L53RdfPD89P3ct8D0YTxSc2xKfQ/sLDZxRHOuDXY3/6KA7D33qcOABAoJ/ktK2+AgkFIlEIpFIJBKJRCKRSCQSiUQikUgkEolEv2TFqiLEFmiT7TUobsVT8VqFZNQRAkfqhBymw19LT14MtclCMeXQOuSvtO8+wXgFY4griMXLtrEUixFPsRRIwedgLRxxl1CMEyrLjr01RmDegu+SarravGWgoXdNuvno1gik0BoqUxs7viRFm+hcKNaPwA52iikl9wcuDhRQoktATTaRQBeMYlqhK0cJ4EvqsWFKgYIqdpSJuhu03M16JHaj8ra1QHbfSL/vrvxnfy2W3NVl2jIy8Ykqti9v3vlzmZLwOQc/vEBY16vS42VaD0P7537j6Xd/7z0t53otNoGta8ApiO6V/EPSXFJ4CMMKqUVcTmfqKJmjBD5d8bohnwyTU33AY8SQSRFeC6bfoBnOHjIxNw4wqQEBcaibRWgQHTJMnNASwoyTzfnX8+t1ur6ez8fx8Pz8NI4DJu60fAltgVqD61NYTyi3fGMqHg00nYMDqXOWSoVBhdvHB3mQ7D6ClhqBoqiCacxg+66HzJ2+G15fX6/XaUVhIo3rOgjyasCiJqE86H8SEhahkg8N7QzeotVJAt3SBmHiuHujcM45QSw+kt7FpR+M3TAByxGuwcZEHmYqYOJSlMfZ05ohCx41r1XKK0q9JVMZTVFIGigWY3XXmCb2bhsdxCEtK7iWzItbN0xNAyLHYPAW3jZAM4H2APKE0D6IJWraeIXDOB6Ox3mZIZNomtD4BAxUNugIGLTEn3FsAKLxHBWEew14pizrqnBPP18u71/ef/Hui/EwxD/DcKC0L2s76Cl4qDBaopB6pFGmTc0j4kPdDA6sYPIiIgcp3K0+bzcRiUQikUgkEolEIpFIJBKJRCKRSCQSiUTfugLZi8BX1bmaG7DSjAkIGK8Dlc/gPGAoVNPmwjpVYLkca7gcWtXOyTKB80HQ9oCq5eRmEiuSAaqWWK6EKmSD5VBNkTq64Cue6rqJVSCWIpRboaFBZl5KFdsrpjWog1CN9vrWQiLw9+V1riqbzJRUV9Nc9+cRU+VFMR+hcnSg4n3qtElNTV/tDyFDHVjDLlYF3Jp0Zay8InrjGc6Jg0RsAJZ388jne4dkQZPksyeNKiEtqed5EPZ2GwoBA52dNbgtOoMw+yFIg8M/K7CnwBchFqbVD9818Z7ny6p+Xt2jMm9gKJ/FoNxTD5+EofhtUd3wcp7HvvnTPzz83h+el2VTTCnxk8HQCQFCb90tPlQm3NNOofKM4TZ5XB5kqZFwI+AGNIYnecI71P5a+naq1H4WdWmUppQqNkpBbIu9iNCTozYBiuvPKhMwdeV6vW5INgx9/3Q6HsdD152ZjAMAABAASURBVPdt24IBRrm/JhhEhVAIr0zHqA/QRCEhHumNalBSs3fSaVcK6QqJ4eFHJu4uGLUzPj09f/P+m8v5fLlc13XF7BhAJlzjWtvgnmZoOOHhI+8nxXBJvKQDaw6i8oDqqqk0JHs07ZW6PHy4g3iwAApbHFun8LEm6xNIvmkagoeIdyEhTUIvdDZWSsxNmWr6K04ItbYDgq8NvTp4sC25XufrdEXLkgUif9BTxOM2HPd17hPsu1Zr+qnJ96Xvexf8sizTPAN4Ms3X67TMc/x/3TbKywETJQcUi2JDqgLZxTvFU+J933/z2nXNMA7H4+n5+fT0fBohcwdu6bRDSo64GYaGdtt48MBO6UD+PSpYejuth7twKJFIJBKJRCKRSCQSiUQikUgkEolEIpFI9MsVxkhApRCKeQFTYKhCChSKR+IE/6hSH6YqeqAKL79DZeXMQmhVV76x6quLF4ah79Rrq/l79xqrlpgsYfGr8GzlkJxF6EbpnYROFPcEruzmcJqQjTfYLwIKrJ5xip0KYHL/V+pLXbfPZe/AMSQJ9qjMQhRbUgSEdhTbVuQLaAZhEE9AKwpqFYAtnvwC0KIBSZlgyWNCBwYGQjI5yE4mWC5P2MnO3aQaq6o8XduuEPyiqmgeY9KRlWfJzZtI7xTtat8ZYUj3iO88jYA1nSfnH5ms/Nx6I4Xn9qi7d74NDCU+EW5Ttp2Wdey751P3k59t1KTMnTQF8aFlQMtxNxd4IZpVnEKjDLFHwVcwT0AnCYYb0puaBjc4DE/C5WJVQiIQ5GJXFfJKSY2relU/NwkuyrwGdiOkhWGQxnL5XIAWLEaqBL/GFlwuyCTM5/FyOh5Pp1PfD00Tz25ohdIlEmpC7jxBh48BPrqQZrfjnwNaFLd2Pzs8vkaXp1dXxzVNczxCpM76/O6bb352QTOPeM2NPE9sQ9SFwUGgKB/Yt+gnhX7xexrpLo9KT10IeeIe8jHxbczPCchsQBPjveCVYTWI4OX2kpUKO9LsrknKcUvV7OKGbC0k+sS+DMMwAzhyBauS+D+6IdHmm6g3S5k73sCt42tKGjJKd20b3++7fh3XaZzP12t3vUJ+D+AiDuiTtN3ES/O9kacJNjYA8picXza/Lcvy8v7l66/74+l4OByGYXx+fjoextjIuDlrn/950Gk9+9gjeImcnQkmFJQNuycuJyKRSCQSiUQikUgkEolEIpFIJBKJRCLRr4CsNljWC1gRjnVlKC1vIf7xDqudlH1AziXJb6FIlxq1JqSBv5mfomEsfE1dk1UIhTCgcUesjxtr8av+mOyQzEjY+SPDExzngz/ukAVK0AhchE81+vSOKdV9fGGxhFrXr5Gw0Wy3gJdgkiSXeusiL+Ek5NiQfFd8Aj24jalAnOveFJDCosgULIZT+TSXxLnEbxAbgFQTDDJRGO6hyGEmJJ7F3ziaeH9fmk8vTAlvyZ2o4BhF169RhFjuzldLxXOtalcFTQ2sbqfv0nlU7cHi3x1brLBv6hemT0jhKcfevfO5GAoo1tuNbdbVj3344l37k6+SMYwm3AdSWmqDjpAWN/NaybCnmDtgXohnXwsQBrRonRdRXpqpqzseyiELhNhK/Muzy08KYVEqA0i3nWdcLPNa9QdlZANCFyo/XeCuAhktgM14fDov1+uKrhjxxenp6TiObQuhWQqxqZRRE3iz8RngUm8Metj1NIT7owvesTuTgbD9R4F4mkSHwYlNbFxrm+6Hx2m6nM/XaVrW2a2AZRB10TYtZOIYDv1ShkeAHgkCRGjS8BbgHuKcz/fV1e6o0hOVt0a2A4nHA2Tm4olofGKR+QhNFBiu8Jhpe9vr+44rXWNmaIQDHImCCzVN33eHw4jGJ9c4QcuyIsOUxtRsCPxZsGfy1C+vku2KNbAttE2D/Eq/PT3N6/L+5RwfaUwnWuclil2MPLNswRAWgp0lNCre8fV6/dnX74e+HdH45N3z83gc+34gdxzLqUZo4QPoI+BTwXvG8lLc0J4gEolEIpFIJBKJRCKRSCQSiUQikUgkEolE36WwTg0V4Fis3OCP3wA6CU4DWeGTh0dQuVyrkgNI5Wqiq1fgapFdTaiGiDExNv2uyM7EQIFcE29iqKLNTiWJpciEhNrduqqMa2XuKo94NU0AR6g8EdAyBE0kQq6FGl0OINSjypLBn/T9/52XiSdvilDH2qi9g4gihkdn2sMo9npIRifZ8yI5NlCzET0pkAcPO98t+Mcjk+v3N7YmRQ+r86mbidnZl+l1cq6pIZV003R3Jmx0vg1ftzQf3jsM0P11+2U4E3ya/cntSftfP+k0gLJip5AxeDo26XZpRnUFnaQ3eTgyi1A1OlTYDhFTIcENPOKKYZXaqyRNIZ7t1M5gRjHoQZ4c+YTysuqvfgxJUbs1JUHxfTKJorUNIT/9BKT5dXPrKwTWxB/DMHzxdDqeDn3fEdxE1FXuzkek1T0BUzieqpXUqodLPN8rH+6Tcwk8NnhsF9vX94fj8TpdAD25Ttu0rCi/ubZteQQNP5c0WVqZBwAXXrxMZVA3rUWHkQAYDkAsHJeFAVoKjVJc/AmuJ8sa7+ta36BViTJl5D82aKHwSdVajGrbpu3aMcRp6cdxAF+aBfxKtjhnHibGWrgFzpRHFIa605iyh+sOWZj4/uiGcTx4REmu83Q+x5EDamdD8xbqcjw/Nh+GzRiXTJ9ii7Ztu7h1mqavvvr6nwAKczienuJ/p8Oh7zo8xTTgfAXQTBynYOFfD8x30obWOscWCXQiEolEIpFIJBKJRCKRSCQSiUQikUgkEv0KKDB2AKCJCiuanWyKq9ghmzBgOZNPoVof1bKrvANFFgjGpPe15igdKFvGMqKu3rXwNf6Sd5Mquck7hOgKdkeoM1t02Ner6yCfDKBQlAcnkJRuJp+CUOAPTGzQpaKtb00EajuJEJLhCCaLqA8PaboWu6dgyd/shwsPTW4kxMVA3gX7ukAFGuwkNFEmKhWvPTpLVEOQLSQqzOKNgmzV2dTNChG6+fSGDciWKophpHzII4QiXSke2DYaWZ3wSbABtkt9G/q5ABT1RiMfgDwKUYH4s29tGrfEBujQ7E8H/CP4Qk7x6NCx+yWumJZSGKwDmENcEiZBDyrNV14TZAREuEhInAFZpZDzRcadyDIHb3/fQwOThGk/nIfFvhLUNIzh0pmP0QltwPAnOMaRDVBQELizniFwZ5mnw/lwOh2Ox2M/9BZDgphjYqbJm8eTTQ0ogT710iQQTN1OcHm0MplGdh2ZiaLjvHcZE8HdCQ2Xmq5pbd/3h3meXy9g3THPmLWzaq+NLZQYjos3ODYlFIbGApN3qIX8FHgTN9KaFEO/D229so2mUDHaSfNsOnhSfNjW1W3kttI0cCiZjjwiLdKSY7rIpN3T8aSnGCXcXMxg+65vT6fjsqyYibRcp9hdwmxWGpZ4BKTewEkbwTEQeYO7OawhdH+JY0WpQm3b9m13GMfL9RIvAyQL2J9A+E5cCvFcmxpPKyfeYnPBrQvucQCjffNy7n8KRiyH+D9QMe3z83N8EYcjNgMoPyRzyAqr+gdCf9ZjLRKJRCKRSCQSiUQikUgkEolEIpFIJBKJfhHSWM6j78dvscprwob5LZ4KfHhMKoiDRwnXxXUuOpd4Gk22JeBiQr8aolBsKu5SRTYfSB4fqSBLSEfIxILi6rvOWRmKIQkqN1Mh1SguKocbbIJKknVKR4FHuBUmEy254q9TcAwAFvhxhksqZ5GQPQ5KqxRm2eDHqQacSBZGBDAxB3wQVOkMuZsoDs3BTAmuTaPrAQEuPC4q+SxorcuUUCSQYlLgRiHFZxAJlKEF+NVoVVlsZMWCvNI377iaa+Gh1Cq7uNRKThkFq4g/WwATmM+41eOi8UfZlM+uNX9O/s7jC9z+jtMT6+pxALvm3nBHNYXs0IUY2rWlum7GIPKBiTAqM6Vqqqty3QjJ0SJUbh/5dh4fMmab8Kmob5/XoipPVOahEkhDK1Ld+KQYXLrAYOCv4ElB18cnH45/eQXjkPPl8vy8fPHueRiHhmyI0gPiQ/ELMeYBTqESPLZ7l7O+HnhdlKd0N8K6etOElHOkkR2zynhPfIbqurZp7GDbbYPgmMv1ejmfNwiQWWnWCBPB57M0xtIOx5uRLoBFoEnRtInQtoI+IPSQw15gDcV+MSmD0E98swH6JB68+W1z8Zhu6BtUjScF9sVJ7FgxXAp5/6w5lbxSKMengaycwTk3TfPlOr2ez1OcrWmO7yzXCXxRKFAHgm9wA2cSKOACxM5i6FDsfjwS43IO87xOCxA71yn+d13XZd22xS0UHAQz7rNlC0R5BTA+AVuVaYoNeEV+pR367nvf+/KLd++GfvCdxyGFpQbxOxZyf+LsaAb2BDoRiUQikUgkEolEIpFIJBKJRCKRSCQSib5jBQO2FSvanHgGSIA48SHTEQl3UEFXdeFEFKhUaIVSK/y0nJVjEDqht7E4WdWbCbCgwizE3bD9QSnlUrUUqrPsIpDeuCmpV/xGRZzkZmf0oYj7oLkurHNdWzHewSVhzqxB+kQzhkJXLCROoFOpim0Uu4bUN9PJHyE1P9fW0SMCK6cBHSU8eSF4dgRJxXON1f6QXoc6IyXdo+pu7vw+bCRDPAwtIO5SEScM/NCA7aiE1HG8Qs57CYl7CXUntTbV/UOGbhIl8QgleQsv4Ru9VVP+AJXykTL0rVPOz1+1LiQJzmkNaMHP5tEZoRyjHswbLagydkQqqGChWu8LTpXgo4oY2i27QEYlND3weGkToI0mW6HUx+vq//0n6W0f9jQHgUmZIGOaIYRkgIJLBJ1S1s2vr5dl3a7Xaei7p+NpGIeuA2sYcu7wkOfFZiqqLFy6OWMc6YapUbz69IfnOpQwoH3blcqbG46hTysb7tsY0/R913XOOYwBU9N1WheQ2TYwHUGA4ubRAqgKgApvjdXleSfMDnkN3CYqsAbGDwgvRO6qra3sq5j4FeIx3i3xR7x1bBXE21hb7Su8deoyGqFuWNVOpcjGRjPGBrhMvFq8LKQLnZ6fn6/XK6XkXF5e5um8Lqbt+q2Lo9HSxpE8S4A3MkggagzBYdqwMY2NZ3Tbth0O4zRN5/NLnPc4dJt3cSUQZZdMstJCgf0fWbvNeefXeYlteH09/3j86dPp+HQCDeMY70zET7xG07QO7Wq0QCcikUgkEolEIpFIJBKJRCKRSCQSiUQi0XetWK10CgIgNjBVyCVwrvyGnUUEO2VUlT5M/GDaxKa/bCJUkD6JlU2qfuaicSBfDw0OAOQYkQvE+R5KpSwelXgNs6+i3mMHmrCRhEeoB8QJ+YFUFwjM01D5ltwJuATKFhKV/0pqvL71fCjjwy/03nWCgz12NfLgOasnJGuTnMChSukZb68fdEPXr6mGfnMYlYnpitqwXYauIkpCpQqhMKmWfX+j0q5cPSdAIk1fBQaoun7++Qo1w5GveKOHlw6fdtheCRF6AAAQAElEQVT+PnTcn7SCndqM12luHGOUqoOHgnrT94UHVKnieeLYyUclnKfCr3ZNzz3QPkWZBHbSgccMwlHY6wZnM/AiU2UEMNIqpMUKMINXqoK5NDBpYHmR7FuYY0J6wugU8oNdsNbgStuukOKyxh3i9Xx+Op0Oh7EHlKHr2ybuGGlw6nHKDdLprjvI48HYKl/PvQ5INvjyNOXmUz815hHhnkNPp6+eVdhrWjD6aIZh2Lbt5eXlegXrjsvlEjsbP7JNk/Nu8rRCnozaCMBrbGNorIC0sEpbzNkhIq88d/HiKrWB/YjAOsXSdpoeTrtu67LOsQVd243j2DQtY340GMakFDCdJj3UQ7nnk1TGxzJQFht76o/H0+mLL76Y5/nl/Tcvry+xt9MEN+37NrYOsY+mjdPWtbF3Xrn4qzUmsWaQ5hTaEEcmdM3g2sMwxJmelzkO2gWHz20YGYaLMC7IFUxcPGxSind/cIKBfKEQ7xuXysvr6zB8DQulbZ+/+PJ0PMYVM/RRA0YFaRg9kUgkEolEIpFIJBKJRCKRSCQSiUQikUj0ncppKNbGnw5K2whcsF2Bwm+ip3KzZgxEl3wPKqeiqYltLfmYYOU0l0JVKlcjj8BFaqRM4Eq+YjlUZUygEnGSPjC1k4niEmpdWkU7iBvpKh9EZRMG+gvbb7RihxWN9iIUZOPJ1sEhgRNSebi+bHpBtfsSdaL3Xiy5tfVZAdwQHFXC2eQAyRPvOWSHDFOw8g0jCpOhbmNHbmJtQvHFKANIgRiMrSB0ohLfw44q9JrHjaJVqMVkmmDoNlgBL/wK4CYWE5kqBkI9qHErctUItz4eP58KuLN/O3zo+I/c9wFgEh5yIJ9KouS8FbpjaO5NSOplGuq1lBmb4PUbN6y4J01P3u5SRHvodN0CjyU0ZBfIYhT6phjF9AtCJOkRrS5Q4UflRYJdbkYLbY4UPfbYVEzbaRobfzi3BciL8uijMXVddzocTsfjMAyHsW/bRiNwkO6paTQTxaQxq+fG42i3X4SUI1UPmHpjHCn7KSQwLdBeovkuuKy8gZ1NW2Paro1vHY+Hy+Xy/v3L5fI6A0Azm3WNd48dIfrEOZcbRk+Lb0J8gq1uyo6Jj4y1tubMEA9izI3MbLLA0STvKVZvq1u3bZqnbXMtJuNYa9D4hNm03WTcUia3I5PoPN6RA24LZFQ1Hvph+OEXXzzPaDry8vq6YJ/X1SFIBEYwbdfjvYHLicNESFDsZwOJOQTixEl349C7cHx6eoqTHgcQbFTmZVs3h2Pu/ebcgkOdEJr8pKNzSlwxr6/nr7avY2sPP/sKXE+eTvRz6IfYiMpbSSQSiUQikUgkEolEIpFIJBKJRCKRSCQSfTdyRm1QbcWIG8/15lS75v8QqFDspZHeMVhMRTMSC6XKXB7l8AquegYXdKqBPqyn33g0JJYhf25yC3TK82A3hqCSZUQoJ+2sR2rng9qyRdHBDrN0fKD0kICeDiH9FgolU65BPTfMs3BYhKr9WFIyxk3vyN7FY32XXCfSPcqt8nmpgE4Axx27oPfciU5eFTfIS+BRQjmXm0GeKnQbn6r5HH1UvUpwg4qVZA7IwXp9nPOQARW+pHLbVgaNsl0IwuDUnpC79Um6XSZv8QP7E/QHjtcfOPntY/C4uwP17Y3C/riQoJM8Q+HmTGZ8kOpCy5DEPdDw5afFMIqxo4wInopv86SoPQKiq5+qok8YyyAaxNNDFS9tldX3TdT1uUaxiYjZj4LOwFGx06ifhYCeFrBHwKfgpwSL0PstrNtlnqbz5TyM4/PxeDoehmEg8CAtF6NUCRtSiZ5Sd+jJQ+U1t2Nz8sBgq3VBa3B4fU7wCbDicQU7xz4uxurj6dAP3bI8nWO7z6/TdV6X9XK5NCg6jBKD6BGDdB4wEPEWhVAFAWVeszkKk1zOr5WdEo4VjlTmTuJhEFxjm2Zrtw1CaOYl7l0cuEPX16ZC9srDqfTeE6keJJoxgE18bIr1QAXBfS1Sgx2QJe3zu6fvTfPr6+vlCmYl8cc8z5fLqi4X23YN+Z4geRP/EArIgBv63ECzlGrbdhyH0+l4vpymKc789Hq9rutm7RZ/ku8VbIq4ufCqV2HzQCoRIhcH4TWO+/X6zevr0PfHcTwcj+/ePR8Oxy+USCQSiUQikUgkEolEIpFIJBKJRCKRSCT6LrVCBVo5MK+gEi/W/MBdhMvfWiUKwSSgISSTE3Y30VRtVYq/cZ/jQagWnmvGOnmlkLz7YOGYqBeV66fYAs79qL7GT0EZxJFUBXdueFWeBuMQthjBiAfFlV4fUuCPKrYfga4WMGmjDvuA79YbrQrekVVX+0NK9aDyNyZ5xOKyI1sFHBXPXAc0XyduRqfRVTeFf8WjwYOau5jbVcbtkfVI3cIyB8wRYZnXsE9F5Q+T3CUw/YMJGfaGcXXH4yexeJwr5ummnJqEr4/qs/SpQMj+hHBzvL494CMXfWs13iEw4faFApbC7S8VmrurVzORzEKMvr0erRUENchxKMXk4AEG/UM0uQilhRBq5qQCDh5xXnycD5xY4+HBh7th8g51t9BN3IhQP4eKnUh0WWc88R7IEl35/GB0TsgxNMhYbEShLMu0vKyAMbyex3E8Hg9PTxDvYq1V9fKlBwIf0oyb5D7u1v1nQE23uhmoHUbDkBakwPR9H5t6Op2m6fl6nl5eXy/n87Is8zwDl4ItJ74EaRfj4r7qNAEoaEli09ZXugDeNqYJia7IbYi/rusaT2QWR4d4eouECXAnzsVPqWG2MWA50rZ5Y1X7ZcBz9oD4Y6QGs9Bo2mkLwCQmq9GbZos3/d73vzgth9jN8/kMkTvTHB/4y7wsa/wz9+vQdV0DpietsbGbHkBE6KslJAouikFFcfTmZYvnj5fzPK+xI/MKw7cu8TVyNvGfIqRg4hBuiAEFjoWCxi3burxscdi/stDfE+BKxz+rRCKRSCQSiUQikUgkEolEIpFIJBKJRCLRdymv/VZVbDXnu+gUXIDshmLiJBj0LoC3ijNG5eqRqQj0OwjlTf5hGCNRWn9i81JQi64K7yFBGVTPRIeSqh6umW2p7E+op4BK6BBKRdtzOT8RIjlhI9uT0JXqDJ3A3Il6WMalijJ8Tz8kFoBf8Qhr9q3A46A5VKGOIxrKmCustGNKSWz0tvJY7vmRG78TuPKNl8vNS/iQK+P8kWFrB+JO+GjvdDJiIB7GgSgDKJXFg7uFWvbECRA2eEzgGCT+IDf+k5Vn4kMfPlBI5+gPnPOJbEv48G34p785TDePTqxgGOY01J0VB1l7cOoN5ZDk+wAOpnmFK8ZRCrSyczip7q7Z90bfHaAxTkvT8sFlTelKeEQFsqT2sulQcgUxvFTYqAOWYNoVyAUpYFoVMmnwhjeqQWAF3C+2DYJW1uX1erm8vrxcp+cfOD8cxviRSW4ZeczeSIvBhzwTXjcjqT80nUTs5Eeoujw9mtz9+Knz5E3i120lpqQf+q7tD4fDvMzX6/Xl5eVyuUzzDFQQRMw0TduSRZMPmwNPGrNtTiOYAvCJQRonIWmaoRyT2LdAjjfxscuBO/GSm9vi2dbYtmnjT45FUmFbHZqUBBo3owmvYwekkEapxmjKFpp6DJZHuB8xZaZUnJv0GMGSaNrGWMBunp7cgrTJ+9eXyzV2ep3nKb6jIYoIvE8abIY2jTHOYp9T4hr8MvRN1/XDMK7rOi/rNIF/yoZ4zeLiglineYqjsMEfGrF4W/jnRjkHPAs9NT5cp2lelq+++UaJRCKRSCQSiUQikUgkEolEIpFIJBKJRKLvVD4khxKuNCNOAa+otG1UdvXgX5g3oZ+cYZMsREg6/UhWDPw75+QwpaASY7GDKUKo6uJ1UV3ns9ghBEqzYK1gq97o/U8ToJZe6stkxIKFXSjfcxAEDkPiODSV43XGA7i+nuwDqOCeUoYq2IVr3xSVEpJtBYnuiGCHwSFmwgXPw/COZDvis3MEQBvQWG0ycpLRA51+5lI8m1SEjLjsVPggrP7TGBo8PF+NTgXmhsJ3oAyNWUCQ9RF86gewJ1TNpsMyXkTle/wvp/dkVXDG7pM3sBF9c+IbCtWh+gPH1Je9HZm3j1YfPPJW/o6JaMzt+bjeQrawYZcdVQEBKi3xNC10rMmPWFxDnqktNjnJYpBBZcMUCn/agUixjp+PJ56lBlbihBvIQ8muIvwgh/pOBK7AGrccQEWwFORSlSWVI3EUrh0baPFZMPYg4Eo3jUE+a9uC89dp2n66Tdf5cADLk8Nh7IehSnXKuAw/CgkoCWlrouwnnfr69mzpmxVRkzoPVoNnr6KUdhQA8FDgaNJ2vWk6O8SWjgNagMQ/12Vet3mxm8PQm7gG4PmGkUkPobWmhzCa+MxDAE18x3k0gwEDmMBTCA4mLrEvoHXeAPCx2sf/CBYjbyIaeUwH8oiGKcTHNOAvPMswMYx90Coy+BdySHgpcjpSBLlRvo8vjzQOgqct3xqgZvqhi+07Pp9if2O/p2m+IgMSX7V93zYd0m1N2zbj0LfW4r6maSjjn3iRvo3vx//Xvm2Pw6jQaWdd1ziM35xf5qhlDo7/zUDbpMCbPlwCZoEmhfcgkUgkEolEIpFIJBKJRCKRSCQSiUQikUj03YmKj5TzwqEdqdSouWYdqlAc+CI9YylUofUJSUn1ZyIB0LqDEjyoBoqFagztKYXyYuyRPA2qKJt8EJEg2fIiKL138nCJRGGCJAMfdGyiJaBwmrqc3DlSng5liMDh0D+L5dFgqNLNPIDRjKVAj0M9AqW0TiVRMARRaAZDXfEZAvHJACIwsxI4GcgwEuB9yJwK2or4wMkm5CahoNRMRgXU9xysookWUin4Rqcj6DUXtdEVhuwDcmvxvjk6B48gZiRQ0IUH1xJ4x6cJiG+xvwXaKvCEGSp200ohtCY1Rb2p8KlvZwTirUN3KIH++GX1/Vu3n7198oM3w+3VdaPUR5vBHEDGrnSVIPPQGCY9nOG+lTW58pZ09RgpBK+AOuPgG7imcx4hDqPuHVjUrpHl/cyJEVLzKOoJcRbibmDtGFwlTdPC4rGN35zxbtu29+/fv7y8vH8/Pj09vXt+Gg9j23cNLtZkSKII/mC6Kj/z4VPhg4oS0/s3CsviVTIFUSFUvQjFx0XTdkKpOl3XnU7HeZ4vl+vLy/l6ucTX67pu69rYhmAgwj42gFHM1rbWAH3SdG0D9AncMocQQRus1d4Yl55SRbtK/LFqa5RTRK/EDy0YivBJiIkVFENzZlZ88i3DGlozVVeFE9HUa5UjvmgXuFVeXenfAQOGJf0QZ2qel9fz5XqZYrenaZ7mK3nbdK53buvWJU40OcRY0+ZLYbs62zTedTR/fvD90A3H8XK9vp7jFa8OHFwUOC15Z7XC7bEwikGJRCKRSCQSiUQikUgkEolEIpFIJBKJRKLvXlxLhZepmE1V7cydpDKjLm4fCQII+8K0TnEt+7J/Ke+m/9KtNc9QigAAEABJREFU0wFVITtXgulTw3hGOsfcehnkOm0IhSkhesNzYdpzSTofkKxTdKq9UlEZir1Y6wc7iVS3pRuU0aHv3u+/Zh/SF+9zPdSkjhLHkgvWeRy48YaumhiTEGLpncvcyTtGp/gPLoD7hJKkSxn0NdDsfWEDhp5Ab02BTnQ2xyAjAzAvgfiOkEW3T8QJ3jDl4yT7A7JIidXuUNEReVzIwKLUzTEGBmmd7G1zxxN9iI+ol8MblXD9xi8PcI27O4XHp959pj5w3O7whPswe6FUE9Tb7QyF1ihF9A9SI7oCRtCu4kM1d0K8Up5OUIWcUPW9svKsAxgRZxgtcXhKq7vTovaZEOPUnn0LQ42A6PxQID8FCT6B2oZnG1qo1mprGtt4xJyWZf7ma3e9XodheDodT0/HtmsNUhp10hV5BYWSGqM+iUMoD0+aOE9gHTW32uX0zjEoP8PsGkJ5RGno4jvjOPZ9H9s7TfP5fH55eb2czxAWAwSGaSF0pwE0xHu3rcGYzanNkyGKhtwcTJGxKYzGGhsfOALP4n8wbqWHSIvR05uZMnzKwAclb1jApSDvAo5PgGsYo+rkpJBwtnpy6Z0br6G89vCGnsZn27Z4277r2qYdD2Ns6ryur+/Pl+s8TRO4vlzP03RBlAU62PfDYTy0bY/ZSWm48SNNu69WEBzUtsM4Hk7Hl/PrdJ396tbNbX4NfsUQHpehGVVtuCKRSCQSiUQikUgkEolEIpFIJBKJRCKR6LsS2XJk5fKiYUyBI3EKUQAfYl5NibxIJ+pHFhX11+kTHsKfFJsKvhT6lRT6RDOgoUvBPTEw+yI8xlF49tkAd45YkfUJlYjVYfah0DXwoXI9nq5K9w3MiJi6uq0yvaEKx4KgSDIF8cWrogqyyONVtZ9q2WQLwxeMraXLhQKfFFMJtCigUjODCpbGOiUc0c2qeWLPGq1zhZlcUgINVHFS8aFSGszCJ6QB5Pbz5RWZFOD/yW9CJfOWAI3CT422isEEU47Za18xvmUttFYfoQhq5kmHDx4Q7i9fHfbgvYf3e+Md+FkFffBgNvnuD9pGK4ldJ/TPUTuvsYldi8glRdF/jBMQBRL4lnvixGheHnRZbIyDBU7ePqHGu3hOgt89k7SY60fUs2NS4jY8L15aivQo4TOPJBXDMXHBwLLBZRcfiOk6LeCcMb1eLqfDoR+68TB2XRcP8dmpKG0TuF/dL6/yFN0Ok96xF5nHIacPUxmB8HhWYBA9PPjwPQB3mtYem0OHGsfher7GLjjvNreCXQckaSncXuJTgrCZc1t8RKwjV5KmAfoE/VEMoSRxkEwwbFbC443oB+zcgI9R82CHxfVOO1feGajNJV5HVZY8gTyieCjyflGBbv5+MFXeaUx+qILF2KDY9LHv4xY6z/M3X39zPl/neVmWFUZgi1rjn7bp2rZrux6AGGoYOi8BZAPrxHadjgf0wzD0AxjGLNuyrnH0lmWKS2Je5m1D3Mb7EJRAJyKRSCQSiUQikUgkEolEIpFIJBKJRCLRr4J0KV6zPwcxDelD/EL6/pSQXE107aWh6oqmqs7X+3PpxAKA7GreCXDgC/I393X6Vn++I56Y4zu8D7WRSWYhiq1Jqnu/MQIqOZOom3JzORkBHWhSxlw8cxPpdoSBGGNuy7dUFzfo8qDIvCBgtAnzCj4hMnUVlcvHqowtjYqlQI0MmMAxnBPEUA+0DyxQApuoOM82KVgZDyqxMruaLdMqOEz4EWM3Ru9K2PG8WDk3YMhQ0pFqQ4ScE6I+Tx9GUtTeCufulB04ot8+oFp0t9IftD/5iHS14Ghtlnid4vvxxmWz4cTnj1pR5fkR8oohrIAztNSbJipgQhLXBDIXlPWElhKgPJ2MGum7Thi2PGIeLcriLbWOqxqjcCwsde8YAmJrEYXrTKE5j8fL0IPuNT5nAUx3/OVyma7T+XwexvHpdDoeD/0A5ho68TqK8Ci8rnncud2jqEtyEAQLMZAV2OGEbI7iE66ZfgmIkRmVsJOQrEe82kfYaJ3Zrfi6H9qu/+KLL57XZYuNh7CY82Wars6v8WD0CGFR28DghAbZ2hbkLZifNPio034SdIFOsDt2h6fxrqd5kyJEUKVdDP1ULKE5ecvmPbhiU3Sex+IB5fMyyFejpZZ2Vp/RNvooTvvxOA5DN8/L9XIl45NlXhfUuq12mdt5aduGzmiapu2bHnAiE3eWVgGtFrRt2mYY+rh3ORfiuE2QXhSH8TwvK4Asy4xsoUAnIpFIJBKJRCKRSCQSiUQikUgkEolEItF3LOIEdp4MVZk2/5XSWRKUwpRBtsFI1/CJQVG7MnrNkSi9q2yqzHykyqaqDzbJZgV+KQk14U7xUPryP3wHPrcSUzDyjTMaoPVDxmFX9NfkxoCf+eRBgoSLZoLjtq073qL+Sf0nB4VYRY1XiaVUlWgbMk8oIwGdNlzO1kap2n4mQShB1RlGuvAfVOtHnxcH45RbjqlDlV+BNtkpoDRbF8Io4CgmNxXqVCpAN+DXoNGrQZXqc3FQoEmge+O7o/oTa19ypy7Un+98N/bv7TmVHVnyBsKiKkjl/hp3TUs/6ytU0EmpyhfLlbob1UJ56w4hvH1ACPeoVDFQKTMUQgmPub+ytjYjDPVzhZ4nNP3gRZEfUeJZ2KwnP/XJXIb2CzQ4ohVIkVT1Kk+8R9oJ0LMD6CgDAUUITWlOzZnndXNumZfX8/l4ODw9nYZxaNENBBtgwPADQmT87dDUQxdUspbB38qCwXaHCoHDx0aHMlLW8mwi6OCy34lK3AkdCEk50GR44mjf6rrOWhN/Pp1O0zxfr9fpel0wJyZgwJWqbKDi6wZBtnVdLUAXLORFAuM+mqeUrJnqxZNHM6+uTA7RFpD5GJPOhUdYl+SgMjGh8H+K9xS/XzkhNiztvGXZgCML3HeJ14a4oa47PQUyVbqer+/fv05xFOZl2aZlzdhiaK7tEA8eurZtYdUQgYPj2TStMW285LjO49DHeZ+n9Xw+d1N7jZdxmxKJRCKRSCQSiUQikUgkEolEIpFIJBKJRN+pgA6pbDmoyhgSYZLsSJgTKVXI6gKx4mhMwVPylfaISfqveELokmhhzA10olKxnErPFJ4RfDYDYbuOHHBDFXafCsFKa65Hw6lQwuYYk3xXxWEfdKNUlQ67b/4Tm0K+ISQI7YmXMrl2b7DKXGEnpaivTcWLpD5TiZYsUnxgT4IcOgL2Cth2S6ETJpuMcNEcC/lg0cCDWZmjMEwRlAPkZOPwCTjWk5UDjQ8aWdBEB5z6kIkTIoWo4EuDxY4q3I2Q2KE4mnRNhFDAxMJxoAs1B9KCVMCiOjAn0MsxT+nHpNUna2/T8ujiVIJ/mG5zcwl991E64ubv3VEh3DQg8FTDQDXZHCKjPl5lix74ycMbbgGUe30ASQmhzD3fJXiilpI5h1dvS99gVlVzQ8KH6PkOzmnwHXKZsSiMGB2OiyRfEGgVeG6t8nhhaJIJfsvmQATgMJ3B69gaCmPSlPoTz2xoDNfNr9t8mabX8+X96/n56RT/jIdDAwAUOGRgJg/bAam6WYFxssAoDOMyXhk6RquNW+35ccJl7YjJgGuk5KTansRjYAyyI7sphs2KYnGUSolk9nAYvO8Op9G5p+t1en29AHqyLCvQJ54oEIJX4lkb0Dfgh7JA7gyzJy2wF/Br8VCiTVqXLUCnBx1vCrhPmQvv473oIUeSo8Fx4wGq96/UU97QIdfnbnmUgU3OLoZ4J5jNgIsAMsM8NCC2nFK47GE4fO9737tcr68vkDk0T3McAIjO2eIgxL+meW7bAZN3jE2rN7a20fDTxA8a2/T9EMctjuc0TbAk1lWJRCKRSCQSiUQikUgkEolEIpFIJBKJRKLvVEZbxXkJmlwB4F2u0+5K0iahE5nS0LU1CHqcmDqrgTkGKkKqkmtCBXejk+mIJgcPXSVUKDYpUEQzaPyqvAue6sJ0feJACNNInh3sNcDHlIwgXWrcVRtUStPJffSpvkxlcI+jEqui7KGCVVhN0MnOBKTYDahkHFJfOXA6D7gkkMcJ3SRjEXko27azyH1QI01GdvhiQXOBXNduC0EzWeJDvD7hJViB17mTCLMQGZAsDKLaWNLlXA8NjIvVsZgOpI7RKW8ELqUDUwB8aY0sCaUEQYmePyESKFD+ECa2oL9KqLxA1Mewkp8TTKkcXO6uVjEdxc3i5oKlaeGTbhruXutUgoe0GWhPs21bbtFNXV/TulYUR6Jz8V59gkLV4NytQPBJPobcRdLyr+77wSsnZiZ5p/AV4cFT7PsD3fD8bFufTHJMcYQh8ogOYAMP4L6Yv1FxiTE9RsQSLlJKg8LLE3BCQwgLydDiQ87D+21zy3K5YuDO+/cvp2dM3Dkc+r5DzIISXlS2A1F5zkP1NOoddURPGZt7MLbBg+ZcQMYKTJQ0JtdgTE3TWBMs0BtkWMLXCT49k46iiGDPRKgG86hsawAcie09nU7TNF8u1/P5NfYFqYv45HprYdbI+ASZM0TPtjXesGtd4k8sgS/ExmilUuyWVr4MO/ma1DOe99bY5rgyO1BsmKXP6uVpdN6a87LRBT5TlTvObj3dPjk40RsOAuFq8GIYhrZtvwT3miVO4sT4yRybNC/L4rZmWShrKHhYCND1rkXmBgCUJp7f9+NhWJctJORQJBKJRCKRSCQSiUQikUgkEolEIpFIJBJ9hypxCfgbJdAgcQEfmezfQYVlBEtUqjyWi2jDf8OhdEDK2cgWIHXNXeHVLHuB5Go2xEHwV9xDKuAiy4C+CVzXpdq45xKqKTYtRnN2hMnNwyqy5wQJj0XwQh48oBdC5R3iA5fFkePg1+xIUBmZ3JRfb+gChmMo2Qbr0dkpIGEpiV7BUxsouGL7PVMENNa1ZwG9CW0C4xXyd4jV8TQ41PbkORGy+QrfIhmZKIumDIjRcKoS/mlsuh27meDguW0NRJkgdOKYP0nQids8kUFo4uKZeEFWIdwwJx/FSvRH3wofOO0N+iSduONe9O0F84Uf8B/hoZVK/klJJhkgAejEVfEr3KIQdgklSuWIkeo+4e3e1a8Ls3Vzhn50dDonPBre0iLNnESxPOH+QF8KVMVdNZA6gwAEQinep1St3F1PjwxZD/EjCysjOJ8eA947FFIygVaMZgyN6CW6PDAYyDtAC6/X+TpN719eDofx+d3z8/PTYei7tokPD24TXiVbnkSgaJXMeILKYAk9HfkBgX7WfBwzFrQXeGokGPl4S31SFDFDx9KTThgKQmrBZDMY2DlUZsSGcRjG8fT0dL3GP9fL+eV6mZZl2TYX/2gMCTLGG2Nhu9p04+Lj5+K9trZtGvA7oZic+I4mxolagOAYLiHlE51HQT+77mCsT7xdfMGXMmzZpBIxpKqlrFSBEdNlbmGmvM9k0x2t90cEBFAgCAk2kq7r+/44jl3sL0An8wI/V0hRWtd1W8GpycFyUq2Zt21YMGenJejGNq9b7vQAABAASURBVF3TdW1HoJcSiUQikUgkEolEIpFIJBKJRCKRSCQSiUTfqRJxoHY1xMQ7sNkGkxZUj2X/E1/cAzR9m12p4mhSoRhs45HKklyzpHfrliSvAUVBOgnUUOzdQZYIzJoEBlWgOGsp3IGsAch5IX+rHymTFONzAxLozCCUr+6rjInE2jEeg2XikAv8GK5R16nLZfXOUYKMEqAAvcFP4ENUsVDgAyywN5raTMYG0FkO5eArGwJuUuQJxfyE1E5kHQJHWxTgwusc8UHOK5yUg0EkrAYO4+Qiz6YT5FWjMTGHbEv8BlMXm+8gSyQWxZPpC1XWYa6I6KGhC8lnZT/Wn1Mavj9Wf+h0nYrdO5ZD7Wwu3rgFozblSuWAW4yjvlZQO2xJs6sG9z7jPRlHUGRfUU7Qu2L5zeJTb/TypgO+Rk/07aiVC1bnvjmM/OTlpfywFTsshtq84dtN+pjcNYA7QZMVFK3e8ghmLw6lGvJiCWn+cAV5tCsBaCQRLppwqMDkSYMH+taauEbXdX3/fluW9XK+HMbx+XQ4HA9N09AqVyVaRxd8Ir2b1kvQuyVg8trZjxC3h+yVtg2Sg4B/sCV9JofvIAgG1ASwYDS0htqAjw7iavGwvm9s046H8XQcZ3D5WKbp+vp6WebF8d7nS2SSZocS3uIM4GltCzYgtjEZbfFlKYbKBGS3wOh17MU8zwSdoHlLsOChouoj0xbq0xXorRIbpgt+SNMEwxeqp5EIxsTZBQhbshrMntyqFIEujbFjP/Tj2m9uW7dtWbd1WWPbpjM4oExhjQMSW9j1/da24HrS9y1OsVKPn26RSCQSiUQikUgkEolEIpFIJBKJRCKRSPRLVe39EMgahN/QIbkUpD/lFENZLfHduvanNWcpaF1VuLPfwEMEoPAU5CmiIUYHUmi8x++6G58rvuRXwGVT+N8CaWKhME04SKpoUxHel+6pUKWP3JToQ1Vjj5cpviSlds9/WQBcIF5HqZ3HCTVJp24EB7Ej8e+NEI1QmY7olKSDxiwqBQ8ZYnoCDJ+uTRrAPyIF1UCl2LmwcaQOVYVpaPWuVI5ACY1R0Jlq4b8ZzaEOgf0L4iZYKHfUNuZaaBz8BnlAAXsV77655ObAfVU42rkkHRhDKSY59Ryoe+lHf90ukYen7D7Wu88r/iQ8ers+ma1G1EPapboD/qXrd3cvYikciBz0O6EJ5ngdGnfiTkrwUrk9UVElZCd8IGpnn6DzoLEhqDu8YH+BN0czPwVprVZHpAdPVeueXHU2fFBtRaygVxJ5dSCCUrWWl6DKeBPIJZqq6oQvsxVKExTDbymzJm4N2sbVOM3Tsi2Xy/l87p+Op9PT6Xg8tl2HTwfdTeeR8yFfjeOE6mF4C8u5GUR8tmPHN0vEB8jS+BimvQzsZMjO4f0NkScE0xGToq2FtKGmORzG4/EQB3KapnG8XAE9OS/LwlAXwWVqM2AT4nl2dIjPcWNtB5Yf7AESd5D4ZOpKIdzuwmq/2Gh7oke6cY1tNOWThbwkNFvDVFe4zdbZ32hn5EPn5uORcTPUJ+fzkghgtGJ7H1oC2GJjrtf5MsQpvQKEgpvOMs/buixr021r7C+TerZRIpFIJBKJRCKRSCQSiUQikUgkEolEIpHoV0c3NfXMVajkcJIL76rCIhBU0RmWUErdlq2ZorgrgsNhHqI2PCVCANqggDVxCD4ELC4z96Ioc0M11lBjDJZywSzE6ASI6FzE547wm+gXsrs1USjJFyC9S7BF6b7S5GVAhdpYIFapHJ75Aex++rJ/tgcALgNKueDmwGkk6CHChiNkRKIxBge4EEN1XV18CsoYpQIwjomjmI9QOZMoxTgOFflTq0yGVziYhGEXwzknLIe5IFtIvgyxOTQI3hExAx4nGsN8oDINPQpEGqUpRFODwOEjNBZka5CKzirRCI8Udn/tlsZbb4UPHHN/tTsA5RHfUqEnb10nv6FvT0MdTydygsk/G4fQiUJLB+JOOiAhdrRIxrzuiZM8kTi4FTH1AWm2JXrzgLADV/icYuFCbWCKiS4EwTLo0qPyM8w5LIGeN0d4lmIPJJ0mH2AUZALy01j4LHjBeAQ9bvS24ofIMNgWmBXTaVnT40OoBEAXXVyVdsPopzWO+et5us7XeY5HnhhKsHlg+BnlQKP05o5QSisgPBrXUE8BYGIQOoVTjH4hjlxDoJEGdxzYmGAkgBjhPYk2FPjUc9KOxqQq17VtPP1wOHR9v66nd+++eH15vU5X8D9ZVjiU4BDNuxw6w8QHc1vXtVu7fnBd15s089bEnapRZQmpB6hTgYfgNVF+TWA6SnNMj08DxXOtKpyQ8CFdwVJplHBaA/qaxFHCeQsloCfg5S0hNfRcQKoRjhflcTmwMTFDNzyf1nmZMXtoXcECZaXRiB2nZ6ptvRKJRCKRSCQSiUQikUgkEolEIpFIJBKJRN+1NJW263KsKnEbOjtlEEuSfU/4uBS2kEqyhuw5Sm2/1MFvvn4fELpwwaMjSHwBpgforeF8KlXHO1us5iaaRbNphzJoCgK/UpTDbaJL6glUP8F3oAqbyPBAqHxWqHLqc0U1x6GwM0O8J5RQdw4o+bBEnpRAikDESR7K3H0uTGM/AtSjdeJ10IZhhzSUJqE3gPNoe6L3EAcOKZrMGLIxsTzsiLYQGqMNOxZgQTzQ9dCnIo78hrEfTiF0sm1EyzhFBgvIumjiUcjXRN/ntCQHhKpaX/xpeMg/Uw/8OMIbx+gPkhj3Z1Ed/QGY8gZ68rELpne6rtN9HwcWQIFlaTCJSZOPRPwZy+TxA0ITNKwknLM4tLhI0jOmds3SzHsx15TtP+5tTsoDqbNjCS/mkJsZjNa3uI0vXhRpqXqd4lFoBXLETYVn8KcYHxVfEFwTuxaXT1rl2mq9Ov4VECh81IF4InzB8LNkNeMYVrNZiOeVV2x8+BxYhl4ns6D4jFn0EAKyBK2J0IVn/epnX72+vD4/PT8/PQ0jyDaWHgccC8fmI4Bu+IzZ0RNOQ2X2I0SuLkqXkWfQSxOZETYf965FrTACObAGn0MYNGsbSuzK5+GjFEfVY99i27WjcCEEMgbU4TDMMwA0l8s0T5NbOdpKZSoNJzo+qPGw+NDOzYqEDTTPNk3fd01jMWmoAGc4hGU7zrY45I8CLzbYZeLQNi278iBbA60ldyPoF0J/RI1kbEVl+iQ9qEbngSVIB8YKTqEx986mf1AKyKV1o4kQDC1cX/muHfqu77p1Wdd5g6dqXmB5OL+u8K/FbBYlEolEIpFIJBKJRCKRSCQSiUQikUgkEom+U3G5mf0PNDly6PyLwq+lVwYAmIagVfE8wSQNjeEwWC6kCmITS65sLKFzSTGwrUhIdddArhCxNk0eGnQYRcnYBkq3UJQN2qRSKb2Ad9hIQKGrAhfFQ6IGAkEPLMsl4+C5XGu4VJp+5wo0VH9TSVfXiRD41X+4nneGXFUUF6I9fkW/4CZwD6yZw18EeRBiopNTA4eOBLw9wTopgkPlWjBcOflfwLHk+0Jt9dhhwxNEF1dpTrDK7YlSgOGyiZ3J6SI+Ft23LRZxlymOPTid4P2gjus2ShVClxaHUEC87cbrQ4VExyB2Qt1Veo9vgPsDN5s9Fsrd70mJahGWl4+PeICIVJ/tvE8+woyoHPuhHjtbEL2kP3qZveZpslDlh7I8lPtt37Rdp2DNOCzYQzmfFgpBJ4xPhVsLoFLCp6FN9h91gX93cE45+Xgj9VtzUHMDdc/1owHNj8d9Y6qHx2B0E8fNkAePKYuCny44DdgFheYf7HOCT6GBVU53yZgG2cKk+dFlJvMswmMcH6d5Xn62/PTl5eXp6end8/N4OLR9hyAIP2ToA4Tr23nYZD42bmrvRhPvYsswMcRGITWUtdOgjLGawRTeV+mwihCCHybBK4h38RYUT2/bdjgeDsd5mdfpfJ2jphltXdLuFtiAZENrnRxmFHu6rWvXwzW4IRVDh2hant+dT0km8LbN02mqeDrp6jWsal9YJVWizapnif8dCaq2VKmdeCh3LN7EBbUDrmgbN/CvCI2n73s3+iWOBHiewPYVfzgfPh9mE4lEIpFIJBKJRCKRSCQSiUQikUgkEolEvyihZUiqgeM7upTDq5Lgrhp/W66lqAyNLyjRZlfVRzwjlisd5ucErMBiZozzVJHECnWDxUqqNkJ+Tkg1TcO0iE4kC1Wrs3MKt2FX+941NRdYGe0g4kSpcokqRST3PrkhZN+RgtFAiduFbJiS6ZNU2jbZ3aRcKlTOGglVSd4RyVYBgRg6QiMbkz/kP0HndAs2L9HBJJAhTRq01iEEE5Bi8Xgp55YNbANm8Dhhsxc6hm+DUwPOMzCBybwA6ZI8pEwmJPQkK5tsfB6zURWP8xXuj9L7Qx5hFlzkfnTWB258S1YEVTXpE7oCh07XK8AGrW3bWOi3xtpmANsT4KrWWCLfNuJOPHIJiAOBK4ZTvmF4ql6dN/feF/Krwyp+5iOGL5+isEuQyXdU94Oo9S6uKlMF+QHwKQqGbD9i18mtCLw6dObQ6KUu/eIwHYOgWHFo8RTWpFXiTpQOyQYmqJTpAjuYTzk98cU0Teuyns+Xw2E8HA9PT8/90MPcABDn+dkx6mP6jFEl/kNjNyGtBgxDbMVYhBvA6OZclTaHuGbioMFKsib+3IbtOB7m63y5nKd5Xpd53RbedXxZNt6XXQwhvtXapWmarmvJfwVldbUD+SpLjKeM4Dhsg0q7MIlmKhNw5M6Su1NvczXIQrtp3o7JOuVmEB6MCfF4YP0CIwDXaxVQOG7YNr+uyzTNK3ZSiUQikUgkEolEIpFIJBKJRCKRSCQSiUSiXwUxq5BTbKD8aW4QhiqFQ4X7Ur2qEj6YU0hfkIefaAACZXf4Uj4k6LAlBhZOQWQQQP4cVVXaquQXUmCY29aHm1+q3xNcgj4CXBBPqAfXRnWqlJJxR42b8E++e6qWMoej8mVLvT2oVKhVydqgug5/9T/Vi33VZPYOqVrLB9UGAAgFFdMEpWlkiNehPnl6RVfZPFoSQICOgjAdInz8hkkdK7qS7AmcMix+Bx6kPmezieoTVXM0H9Rn+BKETFLwAD46PahCBN2+X8getWvqG+16lLaTWkIcknrrgKw4uMvst3W1DdT4mwbRCcaoFMSRrNuGVXugLzQGvZhgVsCF6E4qszxIgCmvHT1ERjEMRYNBSBJPQ/gULuYzVDNQd64n7E6BMUsAGXi/q/rnZ4CfBHyQyP+Drhy7FdKuwgZKhn0+DCEp+EbJs1HIm8DVDG4UgUbJQ1wRcSoU2ELbEzwP5DGkMboovrpcput1fn29nM/X4/H47t1zPwwEamnMiQmcVFN3Qye3jdz3sh3wuguh+giuZq0lsxP6SeRHXAbg1/SIzMgjlt/PcBmdQjuLQueSBmxLmn7slyV2Z1rmeV1XMCfCZDLehhxTI+gaE7YtoAEKbLeWGCcDNjxwNdtQK/KGpfZ4lLFlAAAQAElEQVTkhwmJB0T8hbbm3HLDLkgJdoGXnkyctNmBPNmLpKwTtjpJWBzOez38NHn4HjKKigKVNLbB4LLX27oN4zIv683yE4lEIpFIJBKJRCKRSCQSiUQikUgkEolE34WMKkVgKj5SHTbjF0onqCHZi1D5ubAAXFPGAiZdVBvmThRbj6hYKHQBaROCPyCjhU+0ioqKWBeFsiUXkRXfUlMABaumMAoQoN3OIQJL80lYmqSfaOOREBPFIEgI+wvfWiBopes8EMXoiC+pN8SyUMWcIil09jnJTcUqr1NB3aRCUJk4eQ9o5nB8NjjBYj3V57Fk7aEOm4fAsckDV/w9pRThCDtwI3CYmwMV6Tj2q4cZ2JSi8jSBOApRlVQWT4QDV/2Dyokfqbwe/2zkYhEL4xmXqerygVwKSge5gP8p0MlDfuQeHdG7A8r86dtT9d2lHtzlLU6lHJz8a24OeNAjcO3xflOh0egeFH90GhJN4sRQFBMMuaYRD2QvEaeMF1wxMoHxMgxusYEHwiCFeFK/eIVwi3ix0Qi/rlGJh6fzs0EoBjzeSLNRvgvRXnmvgRfIm+gK4CKsJI4fRcoQd4K0g9dOsdtPQZ8MciQQSaUp6gmbFs+8XKfrtHz99fuf/eyrL7/84vn5eRiGprXBe11fIzWcN6DdwqrXYE360KYZMq1GmwIkU20uvk/MTf6U8JQaQwk7fkXhAQabDWQeP1fKIDPS9X07DP2yrjNYnqxAnwBDhnRJWh64g/M1N0DNHM0U7LC8zZLirzbDdDrtVjDMcf1aFfcN5No0cCqo7Jii0TJFEU3iea6hCX7nfcJPTdqL+V+Z/C/IDg4sWFVuSRocnl9EhfC3tonXadom/FKeApFIJBKJRCKRSCQSiUQikUgkEolEIpFI9CHV3+EnFw1mNugnERd6d3SlwPVaXX8W+E/AeJdAX/tf15WDXjLI4lOGjtI5wIGL754SMzR+6Z6LlGwDcOc8URCA9FHIsTHoruLJDCAwjeFzfVOn7iuuJIPJSlXxzL2ur6+4/F2sU+jIWMClYaOO1NfBMWTqJdxF+ezGMxDF4pP/Sz49YUAA4JjkOkGleag1U9CGc1uCbOIVNqi6B4f5RfGKG5mdBPCYAd4HEzJ8ghjKGOoyh8VtQj+ARsigJffiW6n/vnURvf/8UYYOsy+7N0vJ+s277FfSBw+uopNuFSvybBrjeRKbBEzhslLeqmSGAcc4xV4RJRUFjEP2RXRmH9BMAlksfeO9scMFvqX6u34YppNuGur4qArsopbkn/lcomry+4A8IMeEeAmZjeQ9KK26W/eKEFe8D4yBBAZPvFZEjNCOxdFceC4TITQfCKZ4fAgCYCAv5+k6/fQnP31+9+7LL74cxrbre7z5W54ZIeN1ShUUxpqaUeMbAx2DIgIDNwiO2tGVxwm9yE9Onsr8qw++mlS2YgrsLqON7bu+OxzGZVmmaZqnNb7Y4v66LslqJdQXBFcYY6g9HvgncOOB/KeGURKal9LCQG46yXMJdy6yTKldT8jHhvqbb+QZxfNlJeh9Z8uC1SVAKSildgZKGBVWDKZUtcVgtphujNVOiUQikUgkEolEIpFIJBKJRCKRSCQSiUSi71z199JTLZARB5Pok6AzVqL32En6Zj2gIfwGiarDsUy5Ov4ePhR96YCUwIB1RZO+PA8/FdMcXNulKnONfgStHlX8VQ4bYQojCUv8XAM1iVop7MB/xt6/Rl2ypPV94PNEZO79XqrqXPqcPn2lu+lurmqEGmgaAQJzlzEXIcaSrGVpPNKMR0ZLZqzRbdZ45Fnyl2FmbK2l8bJnSbLH1mWN5YuwDcggZJAAIQxqBAaEGppL0/c+ffqcqnrr3TszI8LxXCIyMvd+33qr+3QXH57/qbNr79yZkZGRkVEfnt/+//V396i1fgSpF9dhwSVuUngOV97MJWMopWTdmEuiJTakvKajREVxENH3UlFf7qwVdTIMQSnWax5ImkGcQHiPRGlMY75oNseoRixseQJkcMK5KBWdiRz1wn4c4FIs49OMcOnbctTbmJFj7iDVRqa5P/DoVEp7zoNjEza7tFwItl3CZs9iX7FuaHG649zJ8oAlNiQtdH0PMuAceAQMnYhbTmQKgpGkDuVzvkn5qYAkRjFy2wMmnVIVSuCnJshDx0lL5OIhTFNyoM8IUwI0vxs7oKNA002E6rpz/NCkaSwokwRLIE57rnZ0ZO5XZkLlElNS6CHV2CCsoTNJxou4A86XYQ4uQbFUEQaNEBT6P0mGDsEPish5J9hPIkMjLwAat0INsEtK3A/Tfhhfunvvox/56NPPPPnUk0/dun1rs9lwQ3QPvZ4rzThIkpGBGbNq5lJ148D5wUhCY4QwGyJV6ExNX4Sza0YeWqxHmi1wWcjTw0nOkK5buYWtP+k2/clZoKidEIbLPUXOjIMsuPmlMDd+HnwGcHKbXuEQoknkdLkzfVbXF9+q2mG2M0HCWmS9FsuTPLqd74Q4mZmVgt3pVRdqKlVLohJdpL0pVw/l3wzQeaX/9sBiDZ0X5typ/ER9AjPcZDKZTCaTyWQymUwmk8lkMplMJpPJZDK9vKJfvuNs76E/q1f6RCvLUKCT4kZAR8n3XAAutfekFiBQSpZU08ylymkkVgJBT0M/lfed68i+gdVR4RK1UpwIdqngCIjTABd8pSfVVUE6HBvaRDCTSqmk4nRSmA8uZzfECbskuDa8BwHbOmZbu09zlTRVUqRFduobp5cj+/JLnHT0cGUaw70i6xE9F/uRaGW/XiMhBq5CLVEquGwqEEKcIsV3AIV5TMIyDEoxiGcJivcDdYhHsUACcrVdzUWSTBzZQUGTtZ/IEiWRzuhdiNUnQgvW+S6nUmT/RDMwjh62BFkSzBdTtjdRONjuWf00rjhB9V3Ah3Ini8P4uBimPKu32y0NPfvNdHNzoEyTPgSJAlSA7SUoPyVIeV7/S8UYQ24JP5uMdXGoCZMHcnnL+bfsEy7tRl52oT5BIHjB9Tu3T5GACPL8xCjXBnWmyzMJ+kZBE3qi+Bi6/iRmSflQoiZQPwjflscqHyzWPcnXRS2vMtDxXOTnCr2aCCXcD+NHP/zCvbsX57fO7ty+lXVyeuq9pIs5gcuqhUmBIuTpS2GK2nmYbwakOonkpmvElrBssiDmBzSJ44v3fd+3yTsAcP1dK/uIeQwI2sLWI7l9OO23QxX5nuzrrZljwJJOWF2dp6mF5oZu6PsNkSe+Q/Wn0XWHkcHILAvRJ5QQ5J04pVD+Dof/8DKt05ORmy41EJcmSaXZ7ik1IUWVOIFK2yzBKazrZdkB59OZTCaTyWQymUwmk8lkMplMJpPJZDKZTKbHpkqclMKpEzhEU3Pmkh/DBLO3R+szocoVTspuKVk2Ul7MJctcxQT9MbwE6BCWIb4mOJcSj1QPcWmRUX8vXw5KrcEFLDiVuXpbYBkiJJy6tsAiTaIlQY7VMNPa2WJRCT3cyKXeMkTCf8CifiqqhiXySQ0zusZqBQX7SOWCojI0VEGmxCLywYgjWcgQrjORKwZlaEyQKqijbh9arJ7PtXoDUubFUo+XjfUeFyOYNG8UCxHERWuEDEmZG6uBwsut1R2q9iRLw5LF8OJ86HLLFQBKWyrHG3SGXi/uvrg9OfW3TnMVPk+yfCu6ZgKjOmcAsEkHPXWQy/aU0uKiixp9EtWdprYu1h1c+BcIjNxolFJIi0E4fILwU2oCsYCn8PDLmqojW2T+OnFG4QucV53ZJAPKJ0qQSo3piy+X5pI6+CQnTwGJH4nAvA5hPQVtk3ZoBCsbVWg1MufwlPND3Nbl5f7ycvfSx186Oz978okn7zxx+2R7QtyFlx0Q1AkpMVFF4FqxORLupOa+pAZpwso4SXeqM1L1HJHUsbxF0mqwUe3qarzL0wUSoFPX4rxq0Bn7frPpx3Ezsvb7jTyEci5mRSY2gFm60ZT3BLBNeb+Yd6NJjAIVMT4iPlRqeqL+KInuziiuJ33fez/fceFs6HCC2rBuoYtKM8G3Imxw5fIC66gm3Y7zFRhyYjKZTCaTyWQymUwmk8lkMplMJpPJZDI9dkmWQi0Ac5m0JF24ilbQh4Kh6IFRrRlKAZFLs+K8QbYC7LTBv3ZXx4f8RgqrUECPYu0gxceFW8VVagmPOIMmgOKwomYnafYZEfxCTjfXoqXWrRe+aB+Ol0FnnCWltput5Ultil0V6AxJHVaOECd6NjVNkXb4jA4B2tIz+wJECMKaxIlL1YIoBCm6R0JPIu8ZOSJHL5nJiVitGNQ9QK5rdvNISqhoFExyi+41VW9QYoPQEuTie4P9OITqAoNigTNn7KzYoev1qKREY0+iR7ckDeJiS4nYgTWhAgtTlGPtP6xjMYwP7g/7y3td32+3fdfrvBc4R06rDg5Sh0/sFuSST+AiOjKsoVo+T2wQQw+eHISZQPlEBjI9T45QQmRA5tqnFDE5VJpdKrAJ1pGJK04eqU1FkTGKsUbMpJKn44ujSYEJ+JFzkZkhfVydEFEoUJw6pjC1xiYcIeR5O4e5cKcoEKbN5lLbkqCH8weHnte4NE7DxYP9bj9ePtjdv3jw9JNPnpyenKrrCTVUn26e+gwDyateu4IUZLNUIDeyZYGZnBDqIs42NsXaiL1PKgRXM7qUYyknjgWySAzQ6KID4uyiaxotthSR04WwzW2enJxU6GQcx91u59wuEFYyGytVo5p8ciZJiDvxfqwQjBPkxLvNZsMAyhwJlLjz+/2eU4SC0Ce1Wb1kIF6otgbl3xsgxiVgIcZ0dWmonerKUpdgCXAr/9aIJZMxJyaTyWQymUwmk8lkMplMJpPJZDKZTCbTbwdp2bSgIMX8Y/4eG6uIFAt+ERW/UAcUqmVy/ZTjbKginEuQgq1IBAR9hJrHk5rslZnJ4LKyMhoKgJSSpPwtpUj9pjqJJA2NSWqyMhuioFi3CKQCqa3q0ptUL7H8or68aQuac6FcavxX5K/Ugns9rtAkWCutMobqJ9IESuAckyLBEUJtpGKhQPYQkd0K8hiz1cPErIkCKFqfVVOTJBXkMlaRk0qwOZGcLJbiLZSytlxWLC21l9Z2WGcBQGVlUk3VIcCC3AwiX/UVIMd1Otz5hjRFcT7AQ/sSvOLjkS3YfoNL+5Nru7Tp/TAMu8tLuIShZ+hEsSNGKfgoV8ONsjzNFcWfUCCFSJRWTEEekHy7UwleItegBPnpkro+51Hp3KgX3oaVfKqVlmNQuYr2Y4tr1Ueo3SIPzBSCLw0yGib7OGFNFN/yHvXm6sOsWAMzE2KaJB5Ahc4AhrSqxRAUXs7JNGf0hOEYGvW46U42PTEXu/2wf/75uy++dHZ2evvO7bPT05PTk+12w7cplQmN7GYTV5NVsZAS49TSaS13Ij1vM4kk+6ZeV1mkkjayWJ6gHUZUJxh+7IqzSuFXlHGRPTcbCs3JGjl3J0+kvFwrxrTIr6Et+cv8wNPySLY6k+AiwzD2lC4xdgAAEABJREFUmy630nW+LNZ6IC36TKzk9uutkftCWUK5Z2Hm8ighamZQZFXHIw894tFlY15eP8UBUiaTyWQymUwmk8lkMplMJpPJZDKZTCaT6YbCUv/DORFCCqaoBVSs2Q4MG3BxVciORjBJ0gXnv5RfyHfSnP6BNlwiCnyx7k3rTYBaUa9hJwviJJVPUudNWLe37XGeDtRf2dff2yPiCm9YFcqF+UgNcSIl7HTMkgUR25bxIHOntTY4egv04ssg8DCze0kKZF9CFd2Jh5egEzI7oTiRkOqtEFikEBcpH1W/klNodRdmL4jjOvJVKYjDfLr53qVSZK/kkDu8tOIGka45Ky7Bj2aoHhVDSat2DkJ20kF0Trqq5cM9lp9Ss2fKBXlIIVf1h3E/TntyOimjJoM+D5lsKONGw9Shz3M4kCEHiosNELYkiSYUeyLTOzCRAn2vaAINd/XAAFhmsjwWtRBDfaiwyZeJ1cSFlS8syJJBiAPJM7XAoFZpgSK5oAzj/LABu5Uklx8SCC5idEySSEaR+AFN3BWQFYk9ePRjml16ZAydlwyjFMcQLi4e5Bt5cbI9I/DkRNCTzbbnI5iY4Qut6AQzLXTX5J7mvzy/EauW1fhgMWtJDXAnH4XO0yt2sMqWgYNFhJfSiLJGeX7+GHDjdlLlewR26bpuyrNzPwzMnggpkmeUIDvaEw4w4v5ILk8SXxg/jtPUTZu+JO/QiHadxO7o+lgX0Nq3PD3lc7064WoqudLCJdik88C1Sg9bA0wmk8lkMplMJpPJZDKZTCaTyWQymUwm06dN5Wfn8oPzGrUjX87EiZTPY/k5vIApUSqNTJpMFPtC2zvKeHCcycDWJlxE5lSK8hP9JnilpS3aAj4UvkNcS0rtHtr4m4Y4aQ4tbUap/6L6t3B+jCu/5WcMxh0QBlIQl7bj3M9aUdUhwUVVtCVOjuqAOLmCvRB3kzg7QQT2MgnkbpL/ngLlFqnBCcEomrOhPiU6aKX7wEE5oTh5lPCSQpzg0X5KrblalyzwkaS2K4npFre8FqrUq0eO0DwzkwLOPbw+XOkLaQyWDMozT9/5I9/5dW9506u3mx5eDu3H6Vd+/YN/47/5n55/4S5ca3yy6GGzx6Hybco1+H6zycNIhfwUu+JrwnEq6v8jJfbE8IMEREWocVYAHbBHDCaXK/TgJiKL8g3xno01xL5mIKOK2JObCqMEeuNo5vChs3XRYS8jxGovwRvceo/il7JkGxaNqdsNs1l1QOTxlHUB5ucO2TAj0VQUHiRB17kmZ0csK6QtjAxYgYe8etADx6Y9+RqnSAOi6V8M2syPnGP/Ekw+Dy+G3ErFxHzn0wSMaCUkgCPIXCT2xPGCIH4xBFaUTrsOqB26uiEvaRcPLvc77/D27dt37tw+T6e8uPGKyUYgnn2cNHjMUehRYlsautt8MpygYhkFdEvLMRUsCwskEgu9gXIdzGj4VHaDpMQc1uao5fycoSx5Ou60vCXZkq+TgI+8MMc+hs1mu82ryjiRUiDuZBz2u90+746Eq3E0GkE50kkI6ryT8v7jMFWfEuxwm9s62epoe593yK13nYQf5YWfjWuaxbHxjOJbJ/SJXJTDliWRMQQO6lKWpfMKvPG0CZJS9LgRK5PJZDKZTCaTyWQymUwmk8lkMplMJpPJJFXKYkjim0QIKLEUVPgLimAgV8mRYAhxNVEXjlyoxc6zvUmuI3Zd3pgLhrns2/U9RimXQ3FJgWp+kWqZv+VP1OAE2VDAQbHyKB4bMc38SumtE95iNnrw4tTCTAonQShWk996vbTiBIJNHRRrZonWNyNH4VCJObY/wsdyCYxnSO2eK9n8JmHJ0GEMAMsByKAO14g5pAbEqIKBAnBObVaA6BJxIRiGYX/5gMrHMUQFPqSryVG7SVKIEI/biMxsSLlA6Sjvy9fjigeHggtkNyGcT6yHMjAAULxv9AIbuw+qevv2vJKso/u0mNDDhSvw45mn7/z1/9d337l9Bi+rPvfNr/vqL/38P/Zn/8oBdwLXoCdwtcPCRIxCzBN+szkBYlCmTiwitEUU5Gk+HlEcNrChEHR8i6FHnhK+IAR5csQpAD92/OjR/Mino0esI/JkZntS8VJx15Tk276k418/bMtqe2qeipoy0+zXwFlsoRGqhY7uUGmVVBNkcnMUzcLPDAixI5hNoU40hkaJKt6QR+TOm97w1Od/9ulrXnX6iidPXvHU6TNPd8RGoMTQNK+LS0868ot96t042H5w3PL14FyLMz7Sua47atini3vx3v14cX/6+Avu/e/zH/lwyW2q1J0MrAKGDPTEPkoOGlEuYRwvLh/sLi/HkWJ38n9sq5SnGS+czA0F9jxJ04gCD+Wze7ff7/tdr/FpzvebDXleTbQW0GdPW9GJx4z0RwAjkLuf52w+lyIyjaAwOjPrVJxy6jgAPNwQxWQymUwmk8lkMplMJpPJZDKZTCaTyWQyfRrUlPpc3ZCgBrWA8AdcKEwlYIVK36ko79/3veQmcJmRq8Jsc+LApYngBjEQUVgES9hLoU/En0F+vw8F/lA/lTg7KSw5E92rXEXSkn7SKq1SNCB1amnASekfi3eL+JoUWwcFULigKjlCfLqkVeAGRVCnhXn8oEbXiGeHXph+U9qu9hLVRkJL81qNTYzmRPa/oPfDsJ/GPUjIDsTGOCPxKzDVIJYZEeYLqazJgbfCMb5AkZ467JKoJCRKydORGVEGVX1n5qsrCIP4XBT8QUcmwcKK5mFKi78R/8h3fu3LTpyIcrP/+u//mv/wr37vFZTJdegJNN/JGE/T5KITww5Cr/pNJ0FTTdW/pIfw+MpXcrdbggfI44QsSQTcYZ8MxzYnbO0AA+FcKTIVMAXvYxeDhKdwgswMflwJzRz5uv1Q7vWj6SgBkOa0Kn3O626OM3Ro0qNaCbXQjBAGUAatmVAkohwYU3AoPiIpf9g+8/Qr3vG7XvGFn/f0536W7/u0mO76qRAbkOBgLZn3V/4jLTmS5qjD49rXef/Do9LyXFhIm6PnwpsctdniZgNPPVMBL7LBed9vwW/+hv+Vd/vLB6hDxJCTq+sPL+WyKOfVZdN3m83p2fk45jVnv6e/VLrGAzmpyLIoUBAfGPO5hmFk6IStT0jqwJP/zkKPTJ/QE6F5UO1dDrFcFlaOiG6seuQIOFgQqmaayfOTHmFZMZlMJpPJZDKZTCaTyWQymUwmk8lkMplMn0KRJ8JVZWb92TkVgcVcgYuAnFiRklMTBudL6oTUNrm0rL9XpyOTGKSk2ubRk3EwxcJxJKXCnKQb2WVIvRYLyFJOJszEXC3WInh1XFEWJsVSIq++IGXn9hTonF6jNF+HrqEL2MKC2ZTaSPtGcBottLq6kaJ0KEdnGvJnSr0Yd3z9UXJHuIEoKAmU+jTMOMxqZArlUygSOPi2Xqv6wQizg0I31JJ3dGVnVPcK5m6wJVmw9CO1iRepJnQsB2EezCvBh9rN9JY3vQY+ZXrrm17dnmzRDTy2sQrXr/RU5CL6RONJZj/5kXiw33EZvuOqP12sd2VfKFOyTERoqBQoDjSCC1C+jk5auqGeZoyTpzG/jnm6pI74FYqTSRxmxdV9SbrBmShSGmv5AOKx52m18Yq14SFKBwk9sljULZojI4hWMw60UsQKXmCox3I/hFZhGw0n0VrbO3fe8B2/9/Vf/5V5zB/Vp2TBenyqPE4qKZLgEz1X2XLdsTpZ83x742fCG9+Uvvwrh3f9TPdzP5t2uxnpYOmtKQyhS2yYs+1jPKE5PE2Xl5e73W6/3w0DASh5CzThOHIfA0/QPAWncZLWAPau833fb/rNpp/6fqS5SMSJExxlu91WWk1uPGN/OgGq842073z0zs9MJN/9WMhDI05MJpPJZDKZTCaTyWQymUwmk8lkMplMpt8m8uiaTwhNTkssFgNMnAQmTjjag4w3ygEoVUWOUeAfwTtuQguinN4AbNggCEMxH1lUslMBQqQMTZscFvIDS5my7HpMKdWvYhP1UiMaUD9yC7hEMVItf4unR1ojLlJmLeVPSZ+J1d1DQQwK4EnzRSUp+uvhsLRv4I8cO9H5XOONYeSEohBifjOM45C/DxxbxMXWyNxB9Yipl7oai/ljbLaiVnePSnw2olT+eaAmjIWVUaMSckSoXAAxN3pdqY5ezSriiCOUMrvea+Jl4CqlGUMCOO4fAdu+h0+Ztn1X6Z3aqWOQxXLjMQgj30zOK0mCglARPxftNzQgmE8iESRQIpfE40PHuaGWhCuB8uDJ114mMjEXHR/rotjiBH0mBfgZxzE4+o8pMPU+0Xle7pW+S9ddydHNnxh30nBYM3lULl/nFM7XDnWfVKGCAufkHsQkZjocKsWuQO50+4Zv/71v/tZv6Lbb0k8shAdc4x3SXlfDaxz3OIFy1M09Tg59SlIDacHMoNy8n3hFP2FxBWUI6aXr3DveGb7w7dO7fqb/2X+KBI7EysrNPZFVbcOOMYxOEXtyejLsh91ul1ejfX4d9vshv53IRiXPbwbkUsnrqeQaHT3QvMx7XjoypGFGiuZjT8TJ5vT0pN+cbDa9U5qEngnOitI1iN+EOmW6vvdd5513yek/CU2C2mGEk8lkMplMJpPJZDKZTCaTyWQymUwmk8lk+vSLK4Oz2QLXqLkiLiV0hjEmytYhyU5SatSfo7NyhV1rmRwvQg1GSamZQzNQK6MzdlLrzlpCrXYgTYe4PppWRdmZuyjSH+4DzIXcldLKYGX+pXwqP+CXuqf+ij5phV78FTwWBxf1j5hr5Kgl9YUhihApqVE5RWzL6/lNrtHmui4BA3GKaQhhylVXCdABCA22IvXiuL7o5mJx9ZW+K0YvByNSSvupDvkcrKOxP0wCFbJGeu5QkQiBgVIz9DL2dFGSELQsCl9THz5WPk7w6dMBd4JHuRO4rshdoqCSjmnq8iM05mdmzPc1+vynkFlc3ocUBVaanR5oDlEgFbFAeif4GxDKgp5VIpXImSJPjRh8DFOeN2Eu0ieGlaSKn08X+WyeHs5KEKWjs2S+Cnj51ZpStMRJ3QKypkB9SJTEqJ2JxWaHnwABsODWa1/9jj//b9953asr1XET75B59YHrPE7aLfDJepyszvio/VxtP2Ri8Bh3Uo7dbOCdXzZ+1me57/277t5debwTLmgftZ9BmZpIwBJA13fb05M80iPr8vJyGIa9+J/sdnlLe2cLLMURPAGISQEYYSQfKIrd8eNIUzW/brZj3/WbzYZoks7Lqcs/QtRG4DA3oU+yyCio63jhqSFBlOGGxpuYTCaTyWQymUwmk8lkMplMJpPJZDKZTL89JFVogU2iuGJwyY+gk/IL9FH8TSRXgYJDsHAnrgIo6lVRLAqwQAlyFqmv1zeyNZYqM+CCz0hN+ZSxl9mSRAvxq3ojh5U0PiNt7RXnC10VjRk3kS5DKn+4ol2Sd5ANTrzgFyXkQV5a/CAdK39iOpL/IHSBvCHDmC0rfKsAABAASURBVP2ekiuGYYxxiGkKMVdyiTiJecAJSohpdjbQQvx8yavzHTkRFaivuH7d5lBwH/YnQbkWZSEEEoIE4pbhyoXXU2uSkVM7h8A0wMxI6P24UW1YhwQ+NdDDjdTMKgQ4nGRYd4OjvTw5Ock1eXIeKc9PlzxFkKQw5Qo8PzkUMtLnkr73eXyd0/gbWMxdbp5hpIKcyPCWBCwk+kj2IQCpo3lZDII0GQkYPaHDg1TzA81jOikyTMbNlsngOa2mzhjp0cqcBvGQT7lRuolXImneV9x+sFxCSy04xrsWSApfupoQOQIYHM3GPNHcs1/wO975F/7U5vQUoPUOqVeGcIV3SO3KktRYe5xgcyyU13ZIlq/XnWt1RrjCT+Xqfi68WxKsOJbD87S91KPw6VekP/SHp//ue92H3p90ndalLArkVGEoJOyJWDuPHS/u3abfxnh6fkZOTMPw4MGDe/fuXVxcTOzpE6YJaSVPcgtlRQ0MjNDawTcsf5nnYb710zRe7vb5Aei87zeb7Wbbb/qu7/PD0/cbagxHCJDbJeMgenjSNEUIQ6oElpCOvpj5eA8mk8lkMplMJpPJZDKZTCaTyWQymUwmk+mxCks2Sgm24d+qR4nv0ESYWgjOVb6+p1AYx7YfJVlGbD0UOOEfuR8J1nCVS1H/lFJaRQ544Yp55JplFZ8dZ9yCit9BLBBm8w5U44P2p+9SzS/GJKnxC1moXl2snis18oS9FfgikytQTQEyYL4UqPYRKRXKRt5xz+dBYGSH3zs2PAm5WjtyEkv+f4xkczIRLJAmPnwSEoCIghRnxCRpPsniDpaLXtSdmR9Cveo21qfezSRZOaDlZ9fmmwg4UgrTjKQkJZPKuWTvAhhBEjan7QefPqYb4Qm1f4+RO2E1k+jqrhz56uz8PBfQ97vLoXhAdFnyXa7Bkw1KYNegaXLs/ZD3dsjhQ2TiICOba/VlItJ/M9UgaJDci0onUM0dOvY+SeJIIaeLdbonyqARYwvxPsHCl7iSbBPTmktKiEcuHA9G4KHiFaGuL7CkTLTV1vanbMz9TBJGJewNm+3w2OjFvPEbv/aL/q1/Q/054KbeIW2/mrSaRzsWlqQIPMTjBOPC7+Rl6Oexs9fxOzy2Oer0FP/VPxB+8O+5f/GLq9s5Gzypb1FeMGJzg0g9CTabfnuyPTk9vUN5O3mqj3vSsNvvxoEAurqSKo2YyDBrGqcwMfnUdXzX6Ntuv9/1e0JO+n44HXKbfd91/HliYV2yedoEWhw5U4pWTLqi7XaT23kKTCaTyWQymUwmk8lkMplMJpPJZDKZTCbTYxVWEAHF3yRJtk6Mup330hgdNmqQX8iDMhcEqehv5/PnIOjFAjqZfQ2EMKFCey2P6gniyulk/g41tgVrVTUtQ2aShr/wtSgL0bSQNDQnASxtFFoMpRRbhRuR/vIVU7oOzl4uIJBLZIKkTZYpXUtavG36Xw4MVM9n4iQPLkfqsDEGkwgxBeAUoxgnHozYdGvlggGwCCeBpUqVf76+2O7vsDpB8F3iyApXGpO7KkEviZibyvqUPQ4JkhJBIsfPd29mUvT4a2CStPrweLiTw1SdVMbk2M5L5Vq8845JCaSS+Th2m80JUTfFMCgP1BSpYu4oQ6TPw56r7DLVYi37lygj8oiICeqNxOJ0AmodQUeRHYWbqY58N6dJ0nYE2pC+E+biHD2kEZyvc5mJhHKvxOsGrhyYT8cdaZeMiokpriVeP/SghDd/8zd8yZ/8Y4sDZ7oCrvEOWe5/1HcEWpLj5fA4Se1+zbk+8X7CQT+LDo89OFeeB7/3m2PfuV/8OR7eQh7JnlGXVVnb6u3QVYRNdHID2+227/sQzkaa5mEchv1+f3FxcXm5G4ZxGGmzTPj86pScU4ItCsbIJ87HDmPwfsiLbP/gwSY/LSfb8/PzTX6Q8pZNH6Y5XYz/LZIZTxfBTGTa7fZloTSZTCaTyWQymUwmk8lkMplMJpPJZDKZTI9N5IPB9Wgq7QEVxenH6TEpcYLKHJC9Sf6ffqmOUuDm37AXkiNydTjXJZNU6ZUygQY60dMpogLtFn5VIiTVn7cXhEO7WSqvogWHwfVUKGRDLZGn2riU7SGuLE8ObRe8VOX5x/XC2UjhG8uJpWXHjdazaP/x8LJgrgVj1MGOjCSMu3EcQpj4O+lYIPqAoBOQ6BSoteNypjoyuGh6JRmHJJ2CSoFUDwLKKRHTEvkmamUcBZFxdIvKaVfXdDWAoeyD46yN/F/nStX7SpZhFl7V6mPXFbCFok04AwAxhPyEnJ6d+bHPhXjybIhMLnEiCD0b+dmimeOI0pryjR9oLnS9d4I4ldim4lHjkiOrEuYpXGGF5AFQwMLV/rEzSt/3RElNE/tB8OmwUle5PX5a0VNEDea5lpywYcyb0JwQ3gvTpwf5qWRJPWHUpQYLAwfFgQdK7Fd6xed9zjv/5B8HeDTvkANS4+FHwSfkcRIg3p1eutPd4VQZeNR+Nmda9f8qj5MFd3LTc33N18fnP+o++H6l05A3pgq4LViTiukVs6YZDOq7njKjOr852Zydn43jtNvtLi93Fw8u97vdMI4x/+Hbxn5KyD4lMR8hrZP9Twwu0NzOy+EwDvnw/X44OzvdbrfdJjeeyJuHl2An6CAvnwJF5n+mcqv5pGAymUwmk8lkMplMJpPJZDKZTCaTyWQymR6rYkghxKTxOvR/tTkhMXDhSRSrIyCIGFpoFk6DjGiVWJMVZhIhNqiHYiXVJWROAtH+SHlZqupJo2FK3kfS+nQLQ6CeFuo2qvCrR4F4QKC6nUC1IdGT5QvVg9XOxIGG6YBCLzGIGQBvUvcRlFq+vOGu8LWnZYUam0O0lMtF13GayONknAaK1IlB2lQkJQmYsoJy6pWuKZBqepIUgKi8TZTrl4uHuguZmqT5couLhGItQrQ0cUbtLYFjsEvr+qBH5/FP9V4xGvGJwiM3ZB9+8d2/eXGx+4LP+8yTbX/Nbr/23g/9wI/8zDd99Re95Q2vXp2l4YnSfNpSe191BK/oVq62b0+2XdcxIYKTc90wjVQ152McvcEYGfnA/MiF/TCEcfJjLtt3fd/lv6rXB5+Tk5WSKzcOZd7WqdlCCpI7Iw8q8BT3DqKP4jkBVKqnB5bOmyKF8nj0LnfEearoR2Q7H23N4ctG+8xY05G0rfl9NQZyLTZWPTjytXAvYzx/9tmv/b//+bwMzXsVJ48Vk1HYC2h9Rx79qLS+nsXr+qgA8fnxXkrDx/a/9fTmtR7nfsLCT2V97OG5isfJYT/h2OsjXl2eoN/6Helv/qfp3j1iohymtqnFg1/vzRzDNvvQ8FLi0XV5Pm1o9aRZvd/fv3hwP///4MGeMnfGaZRJmOSfhTk/jf/J4XQn7IiIoodiCtN+2As+1W+6k5OT7WbTURCVy8OrLbAfVz4qz/YasWQymUwmk8lkMplMJpPJZDKZTCaTyWQymR6XJPmDcl7ESkNxEy5TUiGRLE7Y4KQjswQuYUu+jBiclGYUYnBQ4zsKTcI1ylq+FKcTOcNiO9TdouIminZAa5VSARNXUYlSzZbgmVLGLVxL482hFzgXubV7UMKDxNCk0hhcYZVf6ReuQg501fMjqS/I0uiE3wt0IZcQBAAJYWCDk10IYwyaQcH7T1BiIqqlShW2b2Rk23idcmltNb+SJ+rHAdXXxHlXCJ0kPA7MHEVSOIb+j003ajm6RXuWfVv0kymdWPxPEI/svNInhjm8+NLFX/rLf+tdv/Cr+f0zT935E3/0W77my3/n0T2/94d+6j/5L74vF8A//tL9f/dP/cHVt3JV6/r9ap+HITC7ywfjOGxPTrcnm+12k+9RF8hvhO5xrsrnOjp410mNPAWpnedZMOwnnyvtYxj7qctPmit5OaTiECGTuybOgExkeYgIuvI83FGmMluD5L/ymSmIJESNcCqBOxxNghNOuVdibdKBBqBUHd6PlI6Mz8PGBFKZU0p6LS2PDluY7U+Kr4a8oVSXW7e+8i/+2ZMn7qQb+nkc9w45fmxaeqJ8Yh4nH5vuDWnqAce4f2F439Obz/DoPsl+Hj3vAUWzOvYG5zo7i9/2nelv/ed5+WfjG+aiGoAjNfdCbofE67Qb+b5gpQdpItEM9pvt5tb5+eUu/7e/vLx8cPEgv/KjMLOMtftiZhV4taC5SpE9k5yoI110vafnqe9d77ebjdg0eWGmnMOHPpcmk8lkMplMJpPJZDKZTCaTyWQymUwmk+lTLOEwCqZQQQGyK0mOXpk4IYMMLjvqUepDIlgHR2BIbEsSHISBEP1lfCutlqulyiF0EosZidASAEo6SE28whPIHVC0RWvvlfVQUxM+OVRzFME+ysnlGsA7V2xMlOhwWC1AgiAuuawquSfKcGhujQ6UcBvthchGsfmgKwoTsQfEneSa6n4YLsM05MbzFiF4dNzp0FhL7lDoE7YIQB1QVx1H5uEplxJXNxU46YZvg3AzCtUQk9AiBFyHLqALE0V8FxcV9wUDoW/XXEIKK3KFT0fncg9nE1ZeIs1FXK1fevdv/nv/77/x0RfuysfnP373L/3lv/UD/9NPf/cf/32ve/Ur6m737l9+z3/yX//4//xLue/PPvPEH/q2r7rq3Fq/X3f2+rL2DF9McqMDuTDkEvlms+nE+4Er6sWGhM10AH0e1LzPOI10wBRHopDi5Kd8JNXtHUfylLsDxTWoEBJQ4IOYClYkMEuagbHEN8BHeobZUiJKvEkhxTjAiTxRqN28Y7WygPLsltuQ9BStVuzDVQoVedBrKL2XC0NZL6rlSXnIeUDbKJf8563f+nuf/sw3wDzk7WjgET+P494h+gQ1viPaHX1o9OrSwW1Ozc1en2ufxo9N96ckOVUEZ4xxeHF8/xP9qz12TT/hUfu5HOnDUV/38+Zj4p571fiOd6af+DFZ673HuvTQDKH5xFNVZ11qoTIozjoIzQNDRk0Bvdv2m953BF7dCuM4PXhweXH/4nK3G/Lit9tNhJ+k/IqVlUOMcsO5kfwcJV5rxhBxP/CDc9n13Wa7PT092Ww3jh168triOfMNTCaTyWQymUwmk8lkMplMJpPJZDKZTCbTY5U4IFT3Dy5BeilEsmsC1b5BDU5KTZp/ls5uH0mQDS9WCYp3cOCNvC1nwdlohI4MhbeorEb9KG9yj7gW3oQncFHUqeOD1MX5DQExAsv4GmdDIUHk2aJ0BofMBJi5l7lR9U0RTkIwk2YH7kMx6yjZJ4lJkBoDVCkamPOD5NpjnKZhHFOacpU1xlGcTvJWjrCpYTowj63egwjilKLpPXUPgMrTHCEzUAr11QKDK8JJvGeEOPHYehkUwChKqbvU3GODXlwJXKT6zaEFhjADLuF1DdxA1xz6d//eT/zH//n/kCvXp9vtd//vv+N3fM4b/+P/4vt+/H/+hX/687/yx/7P/8Ef/Lav+sO/72s2fffz//zX//2/8v//6PMv5av8yi+hEN8jAAAQAElEQVT9HX/m3/z9t85P4JozCncxf7y+ZwX+4VcGs4ACRh5cpm3o+k2uu5/kQvsEU4ghjeOGQSBOwGEjB8K5umkic4ckwEogs4euCz17C3F2iN46miutzwSDQinhTB3xw+Xy/fa0PfCDJjee8RXCXyRtJ7JNUb7t+XOku4+0AHgnYSVOHwk1AcIZHYNPzFVCZmudU8UlQ2bwUdhoOeFZ2yeeeOu3fmNhLm7k59GQGqvtVx4FzVFN9/HwtT3qpfDgbrhMNXcGNYNmHy4/lt77RP/ciTuvLAg+3OPkeD8PXlf9q/2/oZ8K7eG/6B37n/zHsN8xWhh53Z8XCOdS9T2COsNSwsUNwvptIYcSm+8QzARdd3Zydn56/sSdO4TbXV7eu7h48OByt9sP4zBNzGjx4iv/7mjfeGbQKhTEWyX/nfeN4xDyQfmx4t4SJtP3/aa/LlLLZDKZTCaTyWQymUwmk8lkMplMJpPJZDJ9GpQr0SAwSa4mijtCrluj0CdOTQeSQAZUnS5eBYm/QwmmmUuOpQyJJVUHxJKB3Twi1xLZbIEICwdaQz/CnWjaR95nLoPO7IcAEuqHIAAL+z4IMZFqg6n4E8SSX6NoiFTWUY1O9I+2ORuopHVRXC99RnRm4qRyNpooFBk0GFOYEkwxDdO4mwJxJ5xKIb/wT+ynIm4sDmawhLuNlUfxq4J8OuAhhPNRSIUHtboU8KVJe1wOXh7JHihKnBxSFkchA2yakImh0yOVUUWtIkPlMqB1arhWN+Aavuc/+jv/44/+dH7z2lc9+5f+7B994+ufy+//0p/5Iz/x07/4V/6z//4jz7/4N/7rf/APfuyffd5nv+FHfuLncrV6u+m/63/7Ld/yde+44akbGgKP7nC0l867xBwRcSe5qj6MXX+yAe9gyPd+zPX1/Bd7j0QOByEbmPxlv9mg88FNzH7FMU5hHyY/dYFcHDwbDakXz+LuMOOFXrKdeN6im51BHOq8pNgXYrWYI6NeuhhY5MohuBliGKOf8lNM+T5914H3qVio1PtGs3Y+9w3u0lVj1XycLYceprf8vm/uT09BZ1DrU4JX+XnM6NBMe8DyKLjmqPlofT1yrimFF6b7QwpyA/jJT1AsWvJriNPHhw+c+Sdu98/ikXOtcK3r+nnwOvfviqPmfh47F312p6f4zt89/oMfatNzdBUJCiG1/ww0EwwPOtL0Nca6RA7jPn/T9b7vz0+zzs92u/1ut7vc7x5k7Xb5yQCeWjEJ2FhtnObonMTxb7mHU5jcPvcLpWv50dhst2AymUwmk8lkMplMJpPJZDKZTCaTyWQymR6rKOhAUlc4AMTp27kQXLkQMUQRl4tSn1RvhLqnkBvQcCREmfCBkTCMKAk44raQGjCl8hSuoCX1R/Xi8MCdVB6ghRty8wxYOCmya/EXZhaksBvlN/lY20SNnFlugbY3TcgH55LU7tbxWaMoMljkK5HrqYE8TnIFlx1PxgQhN1IuYhGI02IcUMKCxNaE/wuwFJ8s1stxzstW3qI5QY4K0V4NLxpWZOVNAjBnEAHM41+Hre4vkUaJYR3FiVIZaLn0OPvlwHE44Tru5DDC5VAvvnT/B3/0p/OOX/6Ot/35P/kHzk7novOXf8nnv/1tb/1P/8sf/N7/8R9/4MMf+8CHX8gb3/zGV/+7f+oPveF1r4RrtEJMHoLeHO9/t93IdKXyOJfIu4hUGO/zA9V3NBVyzTyO/BBwQT85tnlI4J13Pd/lME6CK8U0xmmaOu9zS13+y2kUlMIEtThPQUexDJ+rk1BwML0pBGOFvIWAktx856WHQp8AT4gp78C3L0/Yvs/9cx2lOREK4FB9Suqt06fqBuTJo8ApV2r75BNv+qZ/CQ68QODhfh6pSatJLa1y6ImyOnZFmRye617YvThdNO4mceV0Ul8fhJeGeHG7f27jTm/icXL0vAuKprkDn+SYbL/sd08/9Y/h4qIs7uXRdS66IEQhUR5O0RP1I9EFAw8QttUYSkdpVaBHoe/O/Nl2u71163w/jLv9/uLywcX9B/v9ZZhkOtaZ3E43qL2SuDIGu+jU4ziRkZDJZDKZTCaTyWQymUwmk8lkMplMJpPJZHqsyjVu/uE48k/bOSfHLdwIoAAVUkUt/iJamoRSDZTXCAV94FpnlF+9R30T5T/lQrgaDnDUQULOxUVNhjDQlY+z90ApRDL5EGPppxqdSA1ds0Jq+6VIWnEToUzmH/lDEy+yQC50BMjrBbDhNlIzPkB5EczTUHbJNAQqpk4p5b8GoU+Kq0psmQruUyzXVMiV+l2McExYO6AVbk01Kn/0zvGuSc1TBM0pQ5FKoI/6lBw7CS4qv2XkCxcjMwFBaBMhftZDfYCeHOcVDgGVo8TCk0/c+rPf9Qf6zn/NV/yuw29PTzbf9Ue/5Rt+z9v/9vf+6Ps++PxXvuN3/MFv+6pN38E1wqtOeejngNe04DedzFJPiEfIE6XbTSEPfX6syI+BMkLG/e4yT4tpHProur7PX0XyvUEyuqHJ6jduw44nua6eJ1IYEyVR5ab6LlHijkxWNz8G3EGnpBU9WcCsifBRtJFic5xgX6BcClACTz7DxCLXE57XiRx5Ik+KuIHe9fxsh2rio7FT5SGBT5uee8fb81i1Th4F+1r4eSio1aihK+Zjm/2xdTdJa8gJm5m6ONf9uLsXdmN+npk1abEzPVJchcpqQkwPTB8f3rdxZ6f+yRN/fr3HyZIyaV+hfV8RqU9mTCBPqs/+3Piun6n0n15Fng/OBZ5O0dO/Ch1b4Lgm76wu0e0TXlfMmXHjXSlhqtyHrvf5hp6dn92e7ty/dX9PfifjMOSnY7ff74nOyyf3ar9UlnRYtBlToH9r8npq0InJZDKZTCaTyWQymUwmk8lkMplMJpPJ9JjV5RKglywFL1tmk5ICJQhpAQXOEJcObHATeROLx0jZUEANKnHza9R4nXJyt+zLYfgL23gU5ARghh3q2VMpr8+d4Z1i2XLInVTiZAGasFYuII0RSyVO5jJuPal8ZliA6vh5xymM07SXLflPwlhAk9RyKguLjTWBU3sMx5SWQ5Wq4YwgQ8UsIDVGB3jQcG0DK1Cy3OH4ybEaQ6BgJhzJVNqE42drjz7YhDfckfSNX/3FcK3e+qbX/sX/0x+GR1NL1yxAmblAf61cp6FUmKv1nc83t8v1c0a4Yoiw6bzvuz5uc1tj3F0OIw7jxuenj0RgCI8CWZ7kSejynykGRw9MSGOa5A56Lv9jYuxE04zyMYRX8Y1wmnUE6ECml4Y0ebK6oTcyazy9SR4pwEeDS2jWiu9QnruBvXUK5lIeCV/mSMsrHYziTTUvHPgQguU173z7J+rnsT7q6HaE1aUc9xqZUnwQ9/fDLnBAWO51bMKlZKEZw/Rz937hszdnt0+eK04nkUkf2n8fHgzx8v7YnfdPn/o7h/08el44GOjqU4LKl3xSY9J9zucN7/qZ1WoOupxRt8MUyJcnSC6UMnr5TZ7V7IPixEhJ2Tml//SRFvgGdZngmRM18Ssf5rf9ZvNECLfCMO0H+u/B5e7evXv7HS+doOZaDcNSrFaYhhFeCkwmk8lkMplMJpPJZDKZTCaTyWQymUwm02NVnyvL3tXCL3Mh64IyttYKqJXEagNAtVeOclnBH0qcUPyH0idBMhxcy6/MJ3EgkRT0fSoGC+pHoqExuABiKhSS5sKx1DeLwcfcf8dlyvqxoCcaFSRNcgG8DoX4i2Ca00uS1PJxjpERrCPq1aVxCuM4UaoOBaVMuxgDt5k4qiRxm0SByLXRaWLDemCCY4X85OrmVPcVBqZcGgpqIgEsMkz8xlXGpSSkLDESGrc1kOKXbijQEBgO5lSd0h3+3ulpoYWBZhqn1QH4chVwcHN84ZPXwqnh8Nzz/Gi2rY6D/BAlfUOjkS+9y28JGolEdYTgN53fbLbe+8653eXlsN/vptAR85E2fe85yoSzcpCTTDoHLmKu7BPikOvrI0Delcr8zgtJ5TgLCZPAQ8yTKPgFoPE6wknNlhQzgCRhWg4Dcydcwk8MoHAT+Q1nRHVd57k3UOgQbZ+fPmxmo7SZHv3GxcpeHZPfbp992+dCQ40c+nkAwPXeIa3HyeFRB5MUyysdlcf/Mo4P4n4XRyVUOFxGui0XXt//zP33hGn30+///t/zWX+s86d1zFrvkwDT3fHD96cXTv3tM38HsL+xx8ncv1Sxr096TPrP/Myx64GDlgop0iwKvNAEngwrXo8sc7xPqfMyHwsOUsBDWYxAuBE5mWA6UJk7THk2d24TCcjqz07jrVvhzp3bl5e7u/fuXT54QCllE01FV+N1mIMpcvEKGyiTyWQymUwmk8lkMplMJpPJZDKZTCaTyfRpk+OacmqrrwlqLa81AtEv0yI5gX1GqNZd+IY1dqIJO5U44c0tb1KNOZgXiVje1/K/k5ImaNIO58CkFjqpld8lkpIqBIEg1dLFpWD5s6jNSmLG8jf/gtPIm2LtoUdRog7/HD/GkTMi9tM4RgrZGQOFo0TvofggMHTSnm92YJmr7nGRTaF3BRe1/YSpjH0ZLGZ+yDfGSeVXj05L65aZOCmWFUwsSDvzpc5ITAO7SL+PciSzrwEu3WKa9zi3CYvRPq7HQZxgOzbHulKn7FFKoTJPqczmzvmOYnLGwAlLQwzk7NB1/uzsvO83xJ0MuzCEXdiN+3G72Zyebh0jP0w2cYkfyUQmcloOFd8nKvz3RK3kej/muZX3d4sZM9f+S6cXc2dGx4pXCkMyyCxLCs5PYcynEfKEpnII6oLk8smISMIVlHCgG3In2Axnunq3V7ztc73vHt3jBAp7cXz/JbcBy77PrMll3F9SPlaUqYwIjbsJclKYtjaF6ed3v/Wx4eNPOby/v/uT7/mbX/TG7zzbPFX8Tqrrib7P0+Iiffz++MLG57t+duLvOPRwtcfJcuvL6vuSZ9JrXpd+673lPFCX3riEilp3Jn7nxSlHACa14SHfE1cOqY9W85A18WGJpzXPdSau8jTrun7Tn5+dn5/fenB5cXm5e3DxYJqm3EBeXacp1PGMBEjBp3epMJlMJpPJZDKZTCaTyWQymUwmk8lkMplM16ipFZcADSlGQ0NqLJgDVAqBoQuIxWSh3YddHpKm6tQfpddgkAIiYHFSYZuTUj5XDCVhi0sUxZRa4oSbTTOpUc4iAIB32mo1OynAjL5fYDSaEZRWdIGcChV6iXyp+fKoJB0on2TY7/fjuI9sGZCr1s7xuBRaJZGryaKODGlNnBxKKt3FYwIAKt7hCmgi9doK1JR7E2v5uL5xCgwltZApVhVxrv8vEZX27XHeZLnn4nbIVysnkxvhCPDp11GDk9Xf7RfpYEdsuBvemsjphAAuF1AMRCaplzvo+27Tnzm32W6GB/tppEym/X7Id3Lbbzh7RDGexPY/uRqfJGqELCfiPg6EtHSdj6nz5EQCNA+S4Ebo1RmHzWaIKeCJE4sp2SpfzwAAEABJREFUUOlrkplATbN1iksEnYTO4xD4wSZ3FtI0jM57Op33yXnfel3EGS+6Yqw+WT311jcXQkK08PNAuMrPAwpis9ofW3eT1bHEBsG0j9M+Tbs4znsJiaYRMZWci9wmvX50vP/P7v/qPuwB+LlD9+Ll8//o3X/9ba/9htc+9bak9h4Lv5O6wo5xN8bLe+PHen/S4abD3udZgL3Dfnld8/XAy+f7ImPoP+ON8f3v4wXay+XJOqn2VTIKcvG8lCvlF1MYJ/nWEZekk4RSmTq/6ECzwEh/YpJRVRYnxjRzhkyunJ1ub90627HGKQzDcHn54PLBgyGfMfGp48NXT5PJZDKZTCaTyWQymUwmk8lkMplMJpPJ9GlQYUnm8jHVAVFJBTf7JpRSKefOaFAFpy6wzwdniKjnApUm5ZggX6fU/NRdi4sEQUAlWurZvdRn+XypFCHdil24mn8oHQXhMrQ+TmQGchjJbMURseTIzBeVlqk9ILXm2vmIGq0B5HJAJi6BnE6o9Lof9pe7Yc/FUx68NFF2BHkFpNnRpFbOixXJwk+kjA/IUWoeA63LC7XpeEA4UEeHRsYvaj1XehtRr6h1viCkh0vN2HATOt5l1JyaESxGO6VlcfcAz0jzyMyECs62GseOOlB7kxN8mnSlwcm1vcXmWH1feCZXWuxk/tGMCDFMmJ+RMcQphiGEvvP0x5/03XYcp2G3m/LrGFIc+t77fM/kdkp+DgVUAcfvYH6gEnvrTNNET5cPnqxICAXxWIxuBClohjPOIMa8sTj2lElGlyxISR8YOsmtEXhCZj7sejKF6B1hLvl0MvEOeALAlxkCOH3mqcaZA/Bmfh5DChv06Zj/R940pole85KVH9NEAUZjomEt48FombqSzB4nyo7ot6kQJ/jzF+997+6DqSTsIHoZhzGM73rvD3zo7ru/4HXf3LmTZTu4fKVhHMNuwn3jieKJQXEbj5vebXKLvdsKQ/eyeZzU12efoenjsFBypW/O0VJeUJuyMusscuz7EqNMR+4ZT8W+7whA6buu6/XqnPpNVbZLFhle10oCUbkY4RjzE5OX581m0/d9bn4ch1u3zi4uHlxcXIxj4Lkf+RGweB2TyWQymUwmk8lkMplMJpPJZDKZTCaT6TErFWcPmJ0amt+cSxVbTBJKQEfkn9JX54RUrBSkjhjIkCGQF0gbx4JaXnSaCANqQrIoU6emJi6VTqlLxrq9JSWkYwcBNVzaLAVxhU6EPpnPhpWhkVYQ2ligJKYsxeykuJ4oihL4i8i5QYSbTIFSdcZhH8LEiIErQ5IK75Ea3KS9PtTxay5AOZgC3DjtnX5NaSq8UaxbkPfKrTjOySnskLIFqUFcuPiLs2HCAbUzbzhwK0k3BkBSeUnzpczC4/vzV8fcRODTgJ4cwWHwUcwTligONmV5gC4QKeLJhcanXNMn5iRM/KBER3PD09eAPTnxeJpD+2GfC+m53E4+NvS/Z6LEkYkJ1ffpeaAQE8dTNIjLUPRkgZKneHIcuJPE+ASYTOInVSgyfrhcsbIofh3zdSA/2B3BDn0ASi/x6GL+43xUsiAy8kKgmWfLE1FLt6hPxsuHnpy/8tl0hbvJNX4eH5kezD4l81HloPJwLPmM8jX7mmBxN6E8ndndRP4SjxP42Hjxs/d+dR93OqIg/h9xXmQSfODFX/3Y/f/vW5/7sjc9847qhdP6nRQ8aOZa5JYlQmF2Y9jJiQu5prDG3GlsRh7xlSdvuWpMYOlx0jqj4BNPcvt5cakcHM8oBk/EJQcgaJPzOQNNLIb5yrKVZ0jidZADd/qucz3TZzST2QbFi9kUp42VBWLmTpi44wXblzsia3Hf9773m74/PT0d84o7TvnPfjfkpRdMJpPJZDKZTCaTyWQymUwmk8lkMplMJtPjlvpSNFuakmjZIdU9U+EveCN7MahDgFiIcG1asAlBP6QwnYvWDpQ4kUK1A7HD0JQXITBwwRukUhheYgHsrcFfSJZIKqVb7bNbojNOu6KnweYaSwm+njDF+dpq2TqVy8slUArhyEXWKQaO1LmkcJQw5lI8n4SKs1x/jViGjk95BG5I5QXWw69HEHYAUo6eTQIcsyYu0hu2VyCiJXF0Tumtlo2PghzIVW3GWeLqu8ISlW6nxWS4gVo/mxuhKm0B+6odXjZ84bqT1LcPO9s1aUG4JmW6/TB6CruBftPlinn+O0xDIKpk2odA47rhaCRw3cZTFg+4/bCbyLwh5CnrE7nV5EHtHafscAKJz7fd0zMG0QPtSbNyys9brvYTHQLe04TLzXq2+qCHTR1oeLSZPCoUVaEjqGma+Dy9mGSKhDVx5o6fmG6hs7C/BLB/ETEoBNQQQyAoQXUNKoYfL8+NO3nqDjyin4dOZjjiUyIdi7w9Vk+Rcmxs3E3i0pWknF14FPzIcPc9uw89v38Bsa4gUS/cV7MZQUTSPux+4f0/8msf/ekveN03P3v7TY2XCR5zPUnqAsL9dIVQkd6C9r/dv7bjiJK5bkyOeZzwVnf7PLLHFOUL8U0MxfKI5HihFQYliQUTKS/zbCGFAeelgr7nYKY8W9w0Ik5QoJO+J/MTjuApqzNTWUTvybUId8LeQGInIyuummGl5Lv+Vp+fIxemkB+uPA0Hg05MJpPJZDKZTCaTyWQymUwmk8lkMplMpt8GQvUFcWmJYgAs+Ay1O+AftxcsA3lTrkdTkVFKrrneyFYI1WJEi965NC3FSY8150ZTF6RGLG+wsfagsmRY9zbNfMvctxl2QJDf0mMj+ZjUZSDpnoUIaQiaYjjQnk4dXBIPAFfbQ77SaZzGYdznv2IaKWdDAQGp62PheLAd5PkCwNV38yjrW/3Nv7xDDgYSmxauyuYRp4MZPeFxisIIJDjwmwA1D1C7GoQjUIUDrIVqVD8XPW/tVZ0S0ulr8iwqbJCuR04ehUf46AsvvukNr4JPjZ5/4SV9dw0jgYu/rtphBm6cvukuQmQCJG5i6tniwbneb72LXX5I9hDHcdzm+co0ifOd2246NosgLw3mSlKecGOYHHJUD9milDOSOwrjRoyE0IDzAfl5SY5NVAiCcJKTwpBX/or8TsqNraQYyDSMqVJeugrwf/mDx/lpd84LcZJ35L+JbqGPXSdTtOWn9HkqLj/V/gOarx+qk6eehKXTCcB1HieFrgC2zKieJXRQ5Jkdk7oYyTwt/h/k7QHqbiLpOUmeBCE5Eqi7yfuGF37t8kP3pvt17QCA5WsEXiC1z0qNwIPh/j/5tf/ymVuvffOz73zlnbfg0u8kFepCrUzY76Qeq3dEkn00HEvdQaC0k5ZLwLExmcewGUn++uxWee8Y0mOnHN1fYKK86HcapQNByDzpakxNSJjOHXSyHNJeo7hVxeDoX4XZH4escnzxPqkjoJ3HAhWl1HWdrLt5+vOIsy8QO6j0ff7TgclkMplMJpPJZDKZTCaTyWQymUwmk8lkeqwqdc/yHrGtB1d6QcqLktAS9bfuSNVHyuHI1fMpCxhCkfqscBJQPDOkjslFUG1fStT6g/fWpUOzcdY16aaErXXnBdigJdJUIRMuZVYkZYVQSAegxjtUiwCUn/prmXb2U+BSMmXrTGHa7y5jnAKHpeTLR5d8PiyxHwQmp/CGXPR8PFSCp0Z9lMKvwCM6OtpTdaRwbDCADbIibhRYKr1J/WLKxckua2aIr2QuMrejuhrEai2zpHmSDjCIt0xq6YFSva87EvuwuINYESJ4ZP3Dn/z5d/yuz4FPjX70p36hccBZ6ihrsiJPWgObeVrp9u4B+A7IMCREnHLVPk8UD8RedW7KFfnAUEiKXf6cn6XI9fRu03m5V4H8IsI45f0myuPpPc2cjpOV+KxkRJJ0oPMhnh5GsdzgBKg8J4lT4QI/T2/HridCM4B45HAzerslJCXP8+RkRuqlMcMlZAMhB+yokThshxaEGAhCIGcU4mY8xT8tTIfUAGUenTJWMuTKQcxKqxvRn53CjT1OqqtH6yMSlTupniWFv1g4hcRCdcB8LAFZ6oOyC8Ov7T/ygf3zu2mnyTuFXEkKhtRELtcwIhSENBMVKT1/8f7n7/83p5tbr7rz5lc/+XlPn71eHErK61Hvk/Za1t/C0h/lcEzgWo8T1cl2Kv4lzItgcTkBp65UfC7BB1MUFgUd4SDifwL1AF2hnJMcqcLQJQ5sYnpElyIimLpuu930m14eGHHNkX85aB5FqPFjeRpH5HlIhjQyX93qYTSZTCaTyWQymUwmk8lkMplMJpPJZDKZTI9FUryjqiUbWcSSTQPiDcDK3+aaeOBfrkt1MdIWqjoTe0HV8SiZO45q67ka6RtwRH+yDux5woYjcorKUtTdpIoKhafQH+mj+oJocV02AlsSlIpqSoJr6EkTVowDdPe6Z7HigGKZAmprQGXYqNSNkiAV02AvCCJNht3+kqGTyOYQUuQnm5M8iBE1tSQITCNV04q7CKmRCqQhJ0Y9hrJVGoOGPEgO1dGEuxLVo6LgM0lNDlxDPVTfBcVYlPtJUN0IcMYiAOZ7o8NbokISQAPrNO1XcdgLzAYHPAp6Y8oXDo9AJkfLxNeSKPhDP/Izb3jdq/433/KViC9nkTlf6d/5gZ/4oX/0s+0kWaA6M6b0sLZ0BzczPqzuwnWddx2SGcmQP3PZ3BNJFDVhinNMhE4qA+7zf5SVlDhSh6YGpimMU37K0qbvwRFdog8oIM8bkFgkJzMnUbxTjMJyxERmJEnMJEDcL2QSao5VrIxSzZNSS5ByJQ69XiYhJUJBEWtCjizifUQfKenHxejYuELRLznpzK8cIXZwzT0dGdt0Y4+TylhgMSqpqTdQX+tJEQqPUjxOAPW5Z4Lkhen+R8a7L4737oUHu7CDxtekAlzFHynWx06plxlIco0riRPQ5nK4/+vP/1z+0/v+mVuvf/b2m5574nNOultCq6jHCVTvEwniwsqylG9Bl2OY/VEOxwSu9TipSml2aqH7p4gg+SzVy2QHE16ZaLkjLiTf7moSRf9IhCBAYiqQWXVSwrpa0JRUYmncD9Mw+r4Tc6rcGgVRbXrvfLsA0QlLNxlUrFli6mplMplMJpPJZDKZTCaTyWQymUwmk8lkMpkeszDxD8xdCI2JQJqRESkta7wOAwYSMxPI50C+5GakMf3VOqDWK6Mrv2PHmf+Yz1ITcLQvDlunDa7lRqyGG+CWfUslLWT2VsEip19hZVuOgQvCnlSrE22t8TjhHlAWyrDb74b9TursxZQhwVG0ovFhScuRSYUZEFeTevFaUAbuNkEJyemlFG+Lunsqrd/MO6SpRz+CSsQPpoOsnBIGUj4WOEkr7lgH4EagCB7nTrRunfVX/+b3/d2/9+Of+cbXbDd98+Viz8Xn9bBgM1C08zCMv/beD330hbtXHHjzwWqZH2kB65vunu9yOd1D3AD0ZFICLk0+QpfYAQWY5OLsEY7OoZwdnXrCKhG+0eVnM/ZTLtCTodAUgkeoXcIAABAASURBVI++lNodyhOFMvvzqdTyQrgIsiDRzKe8v3fcHuj8cvrMuKT0Ft1GjYWpSgvfI7khjlK4EnJGFqSyKgQyCCrYQeQTkLFLSboCqOCCjhEufTiuVOEnHuJxAis/D0miSbFxRqr8inifzB4nec/70+4yjQ/C7n7c35suLuNwMV2ST4fwKDEVdxNpEwovFuXC+KX4qZTbX+0/CkknbihKn8j+Yxg/dPfXPvjie+B9P3z75Kknz179xMlzT5y9etvdOt8+vfI70dSeqz1RNDnoZh4n4j7SzF2Um6nrEq80zhOvVJZTuhYijsAnhT/q4iAMSdLIoSjdYNOUfMS8XFV4hcLWZLbkVTVMYxQ7k85P4yaEbdd1nrhFVxbuVAawoHq6JqbDtclkMplMJpPJZDKZTCaTyWQymUwmk8lkMn2axSYI/OPzAl7Ij94lFgegFJaT+Buwv0mulQeyXgjFUAG06i0/gMcZ/AAucutnSdVAmL0/auRFARRmuKRV7QskKJVNoQOKWYor6Q84n4p3gBkCqHYgq9f2NPxDfTmdGivw0EzjtN/vL4dhx2VZLmhDgjmeRyq6ejXFZWAlTEs8gSvIpQhbsBANBVJWBnLRF7n4Ck1F+6Ewhw58A0CUKwR4mK9EGxmDM7UDq4HS1rBCA01IUkquAEPa1MMAjvb71PYC9O3zL7yU/zQbVijEQXuFMmm6jqk5Ag6OqE0nfHhP9W41ex6OeXc/F895Nm4Atgk6SD1uOog9kBtJR/Y8KXDaUp65HTMFHtNEw8c3XrAttg/KR07jOOZDAnEoTrJyKEDHO2khYbGYkPlD0zQmebqij2w64aJ3nv5Gjo3JZX5s8rTKJaEOQMW7dI5Cal1LMPGDHlskge2PmDpJkuojlhWyNCxuDih+ciNm6gYeJys/DyhuJfWo73/pXfVabvuzfNgE4WK6rNSYfltxtiT0hlr4xJk7mR1BqjmMHFv3QeFyGlJOZ6xSI+JWoq4nqSBh93Yv3tt9/Lfgl6Dl1fjLWydPbvxJKo4pqdzpz3rN17zi1ptSWjij3NDjJMFqOaJ/BoSVkdVfzhX5DkNZwWmFQi+mOtJxpLi1SFdMq3CikQpN1E6cT1GJExnbapESme5hBiXmf1bGYfRdt9luvPdd3/G/KkK+kMkKEU0MFMl5DToxmUwmk8lkMplMJpPJZDKZTCaTyWQymR67sDojSOlUMALhKEoBMgAzKVRP5iSN/IZKrIxfAJQUjvLH4dVMRPXAkA91NyUECk5SYRRY7I/y4/zUHgLV66E06GqSQ2UtNF4GUpMFcUUPoQAVuluI0zjs98PlMFzSSFAZOJSKtrANTVNNqTk1I1wRmNQwDxVcYNcJdXzBJJfj1AtFbw/fFDWUWXvDQHOier0rBgKO8Tx1t0UjDaazOPDgRAgN2DF7r6jcsrV2/2Na9rM9M9ZjqbGv+rLf+ezTd+ZLOTYMxzfyy/Mv3P3Rf/ILh99cS8Yc5VoOdnJtBZ/ed5cOOzLuSWPCAVMXYYuwwW4i+iT5QK8MCESf51Q+gEw4oOcMksKP0GTOc4HoEPDjNEQ18YiCjPgQKPRGACUUXETogdkPI28KiT2KGD3xbF9B+zklEhiAiA3Wcfxaq6NGax0iYTqauRPZNIWyttTyJBKdgN75VByN8r6RE1qS3r6HjauSJfPMeYjHSePnob4iacGL5C13x/t1xs75O4JYFC+Tw6M4dUjcSsoWdisprInsE8ELZeLEZ6WuZc2rPjCFO9M7Balcy/ytunvc372U0ovzU1ZaG6cHaeV3cgOPk0bznkhRUL2Ad/RFDLlBdiIJ2hmITok4RM2DKmsfAzS89G9oFuSZHaIQfOS/kr9K88pLIAqLfUwURXLCSDHcGMKAIy25ru+IO+nynz6/Ir31fAcY9xH0BEwmk8lkMplMJpPJZDKZTCaTyWQymUwm0+MWxvIT9ERxHAkChyYodMJKnKgzkbtJrGVLrm0nrnhLpbTajCju4Bp0AOccGSx5FOuKYdIwCj1j2aepoxY4Q3+4X0w4UP1arq1AJmgTc1I1KZEqdq56Nv4CcpFSAqXy5363J4+TwPEkE7SgSePVoBYDbXm8HWapAdeoG9k4u8FI4AnKexkOHkKqJXN1loNNMLX199nBZFlLPiROpDvXYh9r3cSFwjVjMXvYlFtzpZ/INWc4wE2gaeyLv/Cz/6//9h+CT04Xl/uf/rlfgTJ6aX2udpSuYXL0ezjgUeox3Uh+Jcx3sONIgDilOAJsAPOfHnNh3+eHzoMn4xOeiDzzsCMWRRyCKJ0kgne+cz5X/XPBnrin/CQCOUqkLs9STJ4eRdd7Xx5EneDsOiReHfJAw8QziEERMo1I3vUO1U8jLQYhXTEA5RGt4JFujTyznWcvlRCmacp75lcdAIISnHieKK1QCAmhHKQ58WVZQVWP5HGCZf+SZFPcRNq3DXymI8Pb5LiaXtUsE2UpjIK8JWzcTaBZrbQdcXAhmkQdTeoDqSxLhdMQGteTmTVR+xksOUFQgLXFFlkZULfL/g1HAld4nCzGsnYiJZ/nmK7ZeRA2bOUyUKITZyfx8of59jq6w05crZjwS/wPQZL1nl2OMAIhR07sV+jgebhjiOJ8k19z22lOy0FGGqeJgZU8c/J7+dZT3I4/Oz+D7Qn555R/OWRBBJPJZDKZTCaTyWQymUwmk8lkMplMJpPJ9FhF1WGJlZhpD3qRoBko3iRRcjNCoGpvmkvOs8EDLsI31D2gWC1gtfWQ17Kx7lmVanVUm5PP9Tf8xdsEHDR0xapOvaIu5tpx9XSpMRoMg5Tf4NNZolg2sMfJFMdh2I3jPoSRSvpU84/lJLGEZtSuzz1IAmMUgmYendR85hAYx9hO/ZOi0iepZo+sbEtWFMCxbQBXWrlgYyFzFNNRGOhqgqdYI2DzMWkUDLQhKi0cU6vb66YAmps67186s4Q8fvXXP/Czv/CeJ+/cahtJR2rpV3b+pXsXv/obH5z7jkdBnNXA3MiOYz6mQie5XSqgM0aQ6/begeciORkHoQ9I9XOfXAfkjhHz5CIeJUgES97uIVW6IBIY5XCzwRDyo0kkR+DKfp6FUZguIMcUr7CCPJcxTeJJUR4q4somaoFcUsiehHAAFAMJcF4QFb0hSQv6q2dYMYf2BjDVQtQAPSLgnEcXvPMhhJT/oDhYiE8G5gHpGFoohEbyrvFQuRaKurnHiTqdzC4g5FPSupvIuYu7Setcgq27iXqKkINLWZk0hGzhkiLtFx+UVCd2Obtbtl98aLT5letJwvJFSksSRa6r7NO8zk4n145JGcVmxar7v/CxF05PT/vNZrvdcuAaUH4SeN9tnc+L3pg/phpZRLlNGpyTd5YsJVlbeXZ4Wp55MmgETrEkoWnA7cgId11XnhmZCXm3Ll9f3o2hkyBmW3kVnnDMq3DuW+6hWK144l/c3ILJZDKZTCaTyWQymUwmk8lkMplMJpPJZHp84tQYEHIAoHIZsSIakevbxf4kVuygdTNR7IP2DsAVbdAS7YL80IOSAhtJqrROTTIQl7QESkEb28K32AQgzLjJ8loU0ZAad2qF0BAnSa+YOymGBZSVASnEMI1DrnGO0xDiNIy7XAJFzCXQiVGQtofpCj8Q6ZbTUrVQALXoS+VpqtU6gkyijAUSkkDNqw8EmxY4dhKhIj4WUw1hCyAeRU9WPYCDXXD5VUoHx6UrgY2WKFoRLQ7q3XDN5ngDVAOKqUNtfP1daj6++NL9P/fv/7W0pjtw3md5uPZ2fUa4kiNZwSZ4cHePEj8tUNWolsPzTSb/h6i3QFGAPDw+YhdcnnxdEpsTCWQBX5JL6CjOrAJNjcqTQpgFlyv0+XjKMcnzNTIUlohbybcgz62O6vGecntAQ6uAH2BwCqAEjstCdiCh2QdiUCGYj2tBJ8Uwmlsey2QqmMia9iKqpPM9+QSNQ5jymXg7nTo/RXkxIV4AXUXXnJyd02rU8gSO3Z2ZooBKS1zl5yEmG5KAI5ccZ+4kwexuktLsXEJUBEJ1QaqUSYLZyyQpQaIuKbxn1L/kW1nGhA6B+jjLltn1pPAl0LibFKMnaGdecT2pVAroIqjYXUE96qN05ZjoKC7e6/7v/c3f6rebW+fnTz351PmtWy4SEZJX8b73vNhu8sjkmymdJ5woccyN3BUXmSOi++u9ONo4XlUj8oLWrB1kzKP/xER2x0kFKhTDE+f560hMyTTxiSRWLOWVOP8RMx0y/um6Tdd3mx5MJpPJZDKZTCaTyWQymUwmk8lkMplMJtNjVck9SJI/I3XkECdyZAgxV/0o9CCmQmZIwZQDX6hoDAKXoIZ6aIbFqmh83FFjrqwerf8rrSK13sZXQ5IZ3Kr9lj5ZkShpztFAqNEZajdSDF0wRSmDxjAO+b/dfhhCGLmST8RJsT+gkXCIrUlHeZMan480uwtUExnuEw0XxZvIb/U56oTxFD7S1f5zH90CZGhyeVqjAtC4D4SH2XGsvl5wI+m6gxFxuTe0Qw2zy0fhbOb2Z5hEv7+mb6uLm/9eJBhBrZQ3x5QdF0ce7NCc5mBzOrDJab6CK3pcGzx+XR3NJ5TcJCTrHEoDkQlIdzok7BwFtvTMOsUUOpnx5BRBtIjXeCXa22lMSyJbCWTMIbKnCAaIjnOg4hAGQhymkKvyfddFOUoALUKbHEZugKa6AEHUlZAfgCkmr5YVqJesw5TKPax3ulhxyDUqdSHQgz4TSS1J8gVs3NZN3cQ5KWWkAq0uYfLOyzmoAWJeBFIr/ASkttlH8TiRPqhnCbMshT4pwNehuwnjEXVLan1N2NmJvi3Mirqb6KWqu8mSUKGuu9KHQtKtXE8WPihx9nrRi5OrE4ykpVJiQ5/EmuBTW4DrPE70lrWsSX3d7fOKN+4e7O6+dHe7Pbl9dnZ+69b52Xl/shH4ZLPBrvOR8m/IHIvNoCAW3xda0Th0hwxLvOeT8+xzsZ0rzCIW6M8lx00AzKigQIW5PSbYXFTUMTEz1I35zONEN2uKkJdpt8/z5nVgMplMJpPJZDKZTCaTyWQymUwmk8lkMpkep2o6CRYjEK700fsQqMSnuIkajTAYoZYoUhh02DbWeEjgNSX5WvOWw2JqMQ6uTs513NnUZMZLFlhJ3ZIaPKWamkjhEppadjmILF64RB75Z/sUHjSFXHod9vt9LovHOFFEByWjRPLtcNU0AKHtL6bZXaFcm9RJsdhByIA5Hi4prxcYwXF11pX7oHEvYgwhrhHch7U/wereATwMOTl+B5peH25vt5SKcLs9LTKSmjFIxXXhpv04REPgSEdmvwRYGpVorR7goeDIocEJNiDL8voQHtJPgOtHvSszpJwBKZFJxybynKIbS5lKnqdY0lCmmIv2PkVHMIYQJ5S/Q28YP+A6voAyWR1wFErCPEE9Q1EjJUAFas55OVaSdBLHRy0BJQYYguBkKbccPafjKJNVbTdmmgoquDXTRc1TN49+uejR+dYpAAAQAElEQVSu7wh3iWQiAnTJMcjNoqQuYCohtY90asKfhM+AmTy6kcdJ7RZwVlZ5r7gZaGzYwt2kwUjkDuhcxsKREHEyt6Mn4Nc4g2zspSREiHIhoKxJpa7qFqxMCQAu/Et0E9S8ISxwjsyWect8FDROJ9eMiY7lcgzlNbJHzpSXvSns9+P+cn9xsTs7u7852W42Xb6J222/Pdl633VdniI9xd9w4Fo+cmKvnRQmQbc6h5J9o0DivFirrwwUlIr5q1TXMeVL+L1HyehxMkVpqQ4DOeIkF/jcsqzHg8szmUwmk8lkMplMJpPJZDKZTCaTyWQymUyfdklKAtTMgzAJigG5mBgkeadkuxTug7apjcKyLZzDFNKCjhDAYllWXhZEU9OLeRf54Tt/gQVVAf5p/ewLAg1kMIMspRBcSplJsmvmLpN5QS64h8T1/0C1THI5IVGkTuTiMEEnVD3m+rwOQ1xeM7R9XRM4ULgb+d2/Z/8SJwOZEueK1IuCai1Bh1A522nr6RgvQV+/DDXXa7iJo2QPUN1+QRrU8r3cknoDjrYID+kHHj0ozV8qA5Mqo7M8aj0ldfdjhiV4DGM5YE3wigileW88dl6O13GKIIEGp8g8YGcMZREmHtKI0BFkEkCNMSiFBDmUxzOSwpOXWyxwgT5L0gtPGTw+eXK8mBxNZTbtyW3S6SizhK0nCE4Jh5fA2TsUe0LPgcuzMtVbjQV8SHW2KUWRDm9VKjRKG6hC0518K1IJ3Er5MtRihWyDGOsI1Cu2MKq3pqbG3MjjpO2FfitOJ/SeXxdeJrHsObubVC8T5khwuU+s+xSvlMqyQEnwqS4p4m7S+JqU3JxCn6S1D0pMeKUPCqrrSVLXE1QfJFD6ZD4XRun5FWOyfL8eyXb25tbGIa+G9x5cXriO4my6zm+3m9u3zk/OTjfbky3pJMaJmb7U0T8ZUyBoj7G9mKc1XV3vs2gGu0oUoeTtyMwg2x3gMRf7nZkQLHNA/uJPcbs54fgeij5z4zimiaesUScmk8lkMplMJpPJZDKZTCaTyWQymUwm02NWTHO2Si755Wqe5OjkGmKuO9JWBiS8Y1qCfU1q1ZCV6odSjOVStTviXHCD7sz5N+Xn/FJ7F7eQhc0JERvcOSrgw8yqzG+4vbh0wUg1Xod+PJ8r34ELp1O+8Cm/TLnaug+cB+LkR/h6jakae2hzadFs7X4hbLTvsgsKccKD4rhS7OSCEnMmPMAJ9Hf7mp/RtHZsmA623Gh010esTUOO3ax2zIupSUnDqPvUWZC0xTSHDdUJg8c7AQ8lUaCFblps6DrcpN1hBaJg5UgWxjzp8MDy6ejNBuU/4Kg6UPsd2XGGISLnh4gvhjBI+eZPTKNM6CCGSJxGcArLMKQCiV1LpFRPxfbIdILcP3lCxbAjHxWJseDYnCTgVIwOOprO+TGeE1+klzpbBT1JgYxHnKRnESXCL/OTLHyDsFVEwSRQjEuTYVJBsjhfih4hn/gvCV7ht0gPXe4UPW2jHKYpKsQoqDdGPVdDlgBc7XFyeM81EIu7E4k7STMXAg3VVrewlwk0KTmV/5jNTWK15Vi4mzBI4z/7ic/6wic/763nr3/yc//M+y5+9dde+qX/5fkfe9+996SaGaTUiDiUuMahhK9K73Zz7UdcT9SxRm2RZA2pdA7iNWOynMxYlzYZ4cTJSyATjNCkiBMTeWPi0SCI5OMv9KdnZ7fv3H7iiSfOb93qu47sSPgS2PEkTiEO407+CZGl1XfgIvKNFfIE678Q5fmRxYI7sLgtM3TCXA4tlbyI+o1zXdf5MPGJDDoxmUwmk8lkMplMJpPJZDKZTCaTyWQymR6z1FdDcjZyIS9MFIEBaaRkHfCdZ07CO1/iEhqOxM0/kZeiLpQPpVANc1m+Vq4rvXFNr6QSKTEMLfFQRfgLhfA4KUBX/4ZUhNUJQiNFZqiA8Q4JzQhcvp9YRJyM424YhzwOFHmDWKrxqRgf1N6lo8M4d157q9lDnmv3jj+6pDyJl3YSRUbIiOSSO2V9pMo8pCuIBsrcQX1TL7yceTZcqYeLS4ySAW0vS9ZKKpXvWq9OKI1j8q4r+2vUhXMeqv2MUD0JKyRQmsejkMZN4ZjrcRNYISwHs+lq3KS+SQctiXHEYUOwplCgndLL97M6BM+ABxfGk06aXIt3MlZCnwQya/BELdAYkgmId4HcRjoPKTcxplzZjwljl1DtUiiTBD3PTcrcAcU9guNb47B3HXmHxECVfwhDCh3ZitD0mmL0WJ8uEIYMQGNPcsOTeFc4L4wDFfVd8sjIgHid5K66rjzEnNjDQ8BWItwDvfwoDaOcThJ88oh4J54fyXVd7/m8XX70Evud5D9CuTQ36SEeJ82z2O5D7iZR3USY7GI/EvEyaegTgPottM4l2G5RBuxKd5P4zme/9Pe9+mu3blPv/evO35L//J7XfOtHd+//27/8PR+8/15cOKBUX5MIcIQ1SbNLChS/E5mesU7r2rdDRgfWWrubHI4kJ4zVZ5jWJFofyfMqcSIR+/CQhU7Y7fYff+HFfJueefqps1u3tidkfJJby8tnPtOm2/Z+M8Ux8N2UHCma5swV8UMiPNP8LwV3xslD5LuOIanIU0TWXEqLynNXnFBc5zn+CXwI/SYoF2kymUwmk8lkMplMJpPJZDKZTCaTyWQymR6jcjXQ5XpiLhNOl5c7qamyF4EUiImUILiDIzLkx/QtOKA/XC8cifIhDpfOEFTirD9KvwI30Y2Ofj2vqTryq/sKnSz2ZqKD8RjgnJpE0SRUHi2VeapZcmgDcMoGsNeDlpiT5EDk2uc0jdO0Z9xkmKZhigP95J+K4bngqnVit4yfoNJnY0JCpflyThqhPG5E6Cj/oT/WF0sIAgq88h9cROaWctfn0fINR1LGRSGVZV4NSr1d7BIW94J7zZSAqzY0mDTNQuI42mFsmzyqkr4E5YrJe0NdINSiQeicxfEtgAKLoIyHqIAxC2RkOQGW7/FYE3B4OTNwsupX2fnYKfBgCxzgRfrew1KdUgFSVscZAaJUmdLFPDVDmU0l0IWeOB81lMfxvRPfmHzMJHeXnT880xX5KE+1fTJEISosdsiYCOEf+V3MDx5ZmLB/BWMkPBBEbCmwNUNSMjnkxgqURRAJPYiRPCacOxggLCYkiYkTWLQIraNKgag4Rocv0pcdEj+HkyRcZXnvoXZpSZzAgcdJOuiSfCDYQYkT3VEWoIJqpPmREqoMFkwJzPYmqbE7adxNoix57l99w3d82VNfAFfo2ZPX/okv+J6/9cv/z3d//F0zHQLKeFHkUet6Iu+Lr4kSM6BrBdT9lVMprjA6u8rrEdWROTKSIOOJDgq5Js4lPKFAl3P2tckHUYzOPvox/8vgPjDst9uTk9PtndtPnJ2fb0+2m+1W+hzihhbWMCIBJKGChvmfGeZ+aAISiJeXQwrg0QdAd6J/cRyNRMRUjanIByhKUBMWyKtjgclkMplMJpPJZDKZTCaTyWQymUwmk8lkeqxKFMWRcn1wYLsBqVm6XPZzrT3HXLFPx+AE/Qm7fOC3qPRDoR7anWuGy2FLirDM31aPk7TgWmrLUjlOAqnID+RrY5jEEkQ7JMVcSoGgemjghI/AFz6EsBenk4RxPrhcbJQklEYRjohHAMV7QoujBfvgJCBgdEd3q5V++ARVj0coziZt7IxkrkAZIx1GgAO7jpt04Og+7UTAw9tcbxzcTLjqHDZ/4WJT+VASSw5aObZvaQjbbctDyoc0t4CHDTf0BBzr8KwOij9G5YbUrKJBMYLE7pAJBwNHhI+kLrnoILAZjqNXskIJeeeEgb7NW1LgjZ6BEy9mIshbxRsI2KGoI9MKn3wK+biQ534o3ARNU8JcEs9LJguKP44YCYEYfCBEicVBwblmQxucKZvUPpBwcEfWQVSp8SwqZ/TehxDyeQN7V6TZVuS4M8eSrmjnIu+pHiFRT1+7J9ujgECxPREu/U6W7iZx3ieWlnnTm+68+RriRLRx2+9863f95X/271zsX2pcSXROtL4mIA4rjQ/Kan/N0JHnOdUrnV+vGRO42ieG76YjPoT5PG2cQZyKi/Ht5ggm2ou6N4W02+3v3XMvvXjX991ms6HYnfPz0/NzTzRJ1/c98Sd5jc2rbRQR7hfIhifmf13yDr7zjDVi13mBjdiESjk9smDJJ8YCbjVrCudEpc57MJlMJpPJZDKZTCaTyWQymUwmk8lkMplMj1WUghCngXw+8luqWtIv0FnCTaSKDizcPlK7BbGQIldDBldVpVc6oAhQUn2wSdhp20yafsO+JpzhAEtAxKmHgxaXIxVB86WOuYw/TfnC99O0zx9DHDmOo14FXtfF5aVwhV5q/USXsMOEGMQIhQJiD+OwlFLnq1u3fcNRWsktTCgaamcBRRz3i4GXRQgpHbl38BDu5NiXLe2B824tTdR8tWjqAEPBRQuLNgGbhJ3lGQ9xlDVcgm3z85xZqKtVcpmUOqs09klxi2JQQcYPMoT5GQzIrEki7oTpEPLo8YAdoSk4Ec9CSELHF9XxFFNOBNWIg+EmHyE4TsahKRrybCT3HgYmosTDeApSQc+mKBLeww1giNEpe5DYaoWeriBUCvMNntohsKWOpHwlAE0dlTIDAGBh1KNAVKFRCDvoUBYdznCZhFFI6TqPE4Bjt0fxhMqORH2tPiVRXxlaqM4loOuItME7J7VmEhMOQEgLFIbffuurvgZuoNv9U+941df/6Hv/2zIN2jSc8vAU1kTwCjH9WLmelMyd1C7KjXvKahyWY1LGEBpqp1xh2mw24zhCgPzPQSXiIk2TVG6w0HuOvXWyoncM+uVDdkO4uMxr0Esv3uu3/fmt81u3bt++c356ckJEie99t2GgJfoudB3d33G3z5/HYcz/5tAE5cnr2IpKoBPCHr2PZAWVFKljvkRuQSQrliRuV2AymUwmk8lkMplMJpPJZDKZTCaTyWQymR6rRnb4GKfAQEYSyCMXf6UCCG01vcSF1PJxKYmy1FBkdnVoSrhHrBDWRfprkYXVztLaXAJmM4bAMQ61NQ37cKVbdEjgivYYI/8dx/1+F+MQ4iTOBblCGrUoTHXweIz/aMGFyg1IFd1pBR8911Bd5KigtRDKoB0x6viEhCt6otyCFVFSR2x5NQ4+gTMepVVwNoDxpQdMIGAdqtLDo43iqrXCLSw2Hb5dzI7VzqtG8PCAduvqf4DjdMu6j1dRNZ3CRjW0hlx0sETrFEaHs4p4T5fr+kkoq+Q8O6Lkur7jlBjHBEDi2JGOTFCoGB+QLU/YtsSTA4qExChMwSlVnMAjYU5yaIyS28NDQnY/SS19NKXJCWkGTqAEmsH6mNVsJb2rM3g2X35a2MDAao4Xq6Jm+Ippiib7uA6FkuEclsCBODfxODl4VY8TTdip4916mUQFbxI+1N1E94l1H/E7edXZa99w9hq4md753Df+yHv/2+JZUjmSqFucgC2y5surwgAAEABJREFUOrga7QML1xM37z9TNSDbYcllXTUyB04nOp7nt25PBB7mfw1Gzh4LmuxTWL2ZbNOZglGRIJkEhDmNeVGFlFt56e7dzUd7Ak/OT8/OTrfbbf43pev8tusnP+V3G8ZQ2FiFvVNiGMaxcIEUt9T1lIambcsJxNWJWSRm+6oLjslkMplMJpPJZDKZTCaTyWQymUwmk8lkepwaxoFqhbkCy94GgpsAPILlRkUoGvhBQ0XSXM69trV0ZctkFtKYJqyPI1AmMgeT1k4K5af/WiUGQk7GaWAjhVxe3Q8DeZyQm0QKoEgAVGeMeE2Hce4zwmz20BGnI3Eo6MR+YnU1ZUNqm/jEdOzQOkTu2Fgdbjp+iZ90FRfF7WK5CeCQNbkC6Vg7wRzCKM33V+Em9eD1DvUQbXrhEIHXduxQ2sZV0Mn6il1hCVIBLfgTaBBTIO5ECALiS7ywIo6BBOao2KaEJjvl0MQ4QfIMl3Q8XymXB8kfhQGRpKFLSQksx94RPbcZU2BfIJdiGBPxZt7JE5Dy9OVYIA7TIROSJNxB7laoSBrxaMU8CKrl0eFscthAKEro1PczklPoE3Gu8Nh5P9GS5OnZvpHHSX2tdAU06TkNLJdStTyqXiYPcTeJBcopuF1t+LNufybcWE9sXvHs2euev3y/4HeFO3Gt64mMpAJAFelQAx+n9EnB4orTyQwMHXM6WXMndQzb16yzk7O4OQmRlshxGB5cXubBHydaNHltDRiihIYRyuQoCyemqUSggY6IYycncNM47S73FxcXXd+fn56enp+fnJxQ8s52S1ye77oTuhxCW0LkpTnf8EnGn3gjR8t613ec6kPzDXA2KkrlHwTFgEwmk8lkMplMJpPJZDKZTCaTyWQymUwm02PVOE5Rfief69c1VYeNAFahLSqJe6guB9gYGWCFKppAigM7hCNNHjuJnN01wEJbbK02J3qKGuohu6e5FwlioCyGXOIk4iTEcQzjSKjNjnIa2J4D6Wf7ki7i4g1jgJitQIUOyN2EWBMONvGJS/hlcNQPpg7Owhvjk+BO5p6UloszzcKBptWB0cmB3czLIVQCqe2VfrH8e3HMmtBZfE5pjZWkNVDSuL1UrqRFEpa4yWrPgo/M245SPTfYMqtjGxllrtjDJKGwHVHmHPXZ+U5OrdMZnZrtMErg2YuGQkxSyA8mRLHoILKETVAIEwm5eE8hO6kneorSdnw+9wwCVC8RchCJ0bN/RS75hzxhY+4gJapMMaTI09kRU+F6dLoKEEjA7QQOweGuTJS0Qhk+EWiN8Oq9UW8AqoVOgrQCm4iYiOKtIWY4iUN66nytT7WsRHrEdR4n7fsDJ49UvEwKoKBbovqXyBAddzeJsR4FNYUH5x7m96/cPg2PoqdPnnt+94GClCSs45Zqeg4U+iStfE3EhGpO2JGRERQD9UmO1R/lIe4mUJHA2re+3+a7HULouz5uz/rNyTQNu91uP+zzYslhRzFPFV6X87wByYCSY2U60/80n/LHSVxSGCkZ9+O0ubjsOgqDyv+f37r17DPP3HniDrFQ6EPudhjRddttH4g3mSjdiRLQYv6T5xahJ7jJb4AtfKIaO9FbdP76f1dMJpPJZDKZTCaTyWQymUwmk8lkMplMJtOnQRRukGIuKHdd33ebuTJ/1C3DOTZmEFcCdLW0zdXLKIVamD8ujr0Cg2i3Fr8DSaiZe8KWD4gFgqn5GDPQgBVbkBa4VE+1/ilEqsVHDGP+L077/eU0jZrFw9kjtQcxMS1yA0mXUDrF/Amy9QO/ma9FEzNq8Z9/sZ+09o3qX3HQ8kPPPtsisHKttsWDpCR9RTvL09GNPDChScdOt5wVlW453PP4+xn+OOjVagMe3enIsXi8TWwgpWaHR8FNDk98TLj69nA0uuXewmGIUFknss1gGoVzZBxIIIzaX3BQTkzMMTmJQXJOZhkxEeRfkjyZSyRP+4k5CvmdeEYRAoDgIMwZUJM+aqeTeOEk9PloOoDaCxA0XYoRLTI8QqgPnNxDOT6CGBAxS0N/yPgC58usc+j4A59WX6TjQwsVCLnO46QdXlx6ouRu0iMtFyTPI5a1aracad1Nkl6nupsQcZJg3l/tUdp9Hk1KkLiSsJXkaWr9QgqPwgk77GsCLURWfFBkCeCnUAeg4bzw6jGZnV1W45mYHVFTG+/Ozs/Hoc//JJxMJ+NIAWy73T7QupknSp43iTOd2itz8ppS4z+CTuZybnkcQswTLMFuGC4uHpydnVLozmZ7dut8s93wIxDz+ti5jcutxy6SG0/Im+ncw9T3Pdv0kElPbrjrXN7CIA6YTCaTyWQymUwmk8lkMplMJpPJZDKZTKbHq1za8973fee7LkFCeEgZDw+q6xWdWOEj8FCtaIc0syzeOXnf8A0zH5Gqg4qeCOtHIU6w9ovdCqiAmaZcvdzvKVKH6qZUM44O4436eTACIO4mjokTLghLAMRiBJbjVON2Pvkf58/JLOXjobXJUbOTOp51Q7vx4NsjaptdnUKagIO7ujrdwfzC1d/HhMc/4RHcBA55FIQrcBOEoy2VDWtC50gH1t+06sqXhJgoEKUzRJ+XYtGjXhsRQac5FNpD2A4hufgd4Se54E/ld+SUG3QRBVXJc9lj9Cnl5zgQehJ7rvl7hpBS8bdAZqUcJfPQ8eRAkWv8bpoml8jZBAOKbQly87n94iJUuAaZfk4eQoFoMDlXiBTtt8yNiibMJEIzAtDucTjWqYnpar5dO3kc+nlE9QhJdU4T5wULd5Pid1LcTaoPypF9Fi3ULR+5/Cg8il7YfVh9SopnCUf1cJ+xgigr7xPxO6E9F1ek14WyP+NydNVHx+fA4wSWjijiClNSfCiGiRin1Od76jebbV4uYwiX2wfDntETZv1a0o1vfVoiLyDhSjxOTtKEaNrmeTCGYX/v/r37XefzSn96enJ+duv2nVvn57f6rqOdKKZskw8jLDDGcdyN4zSRB8rAS3viwCefZyq7cjkwmUwmk8lkMplMJpPJZDKZTCaTyWQymUyPVWQr4r3jVB1MeP2ua9MLtetg1UrogXlGDZoBWFhlyM/t15hDiQNp3Tu00prUmaM6nZQjaim1BsZQWojEkgQIUyRrk2HcD+NOwh9y1ZSbXJzc3aCCKfV7ZCwml/47mMNyHGptNc3uBc1lyaFieVIZh6tycB6u1OYWrRspA77cmuAK5OWT52BKQ6uzNUY0AEeNRG7CmqSDnRGxpW6gQDi44lHWY9BYnhwhT+BYb/DY5htRJx1cIUWoWOQCQbgAyGU6T/ODqvhqGSSTmBiA/HCyrwgF0zgZAiRMjAgBTC7iBMlTgE/s6NxU4Z9S9AA9syS9I6MTwQlQUA9mATroHBtXUP5UmHKDAYAyToixSD7G/LWTp4uNQxz7b7AnC3ErNKcROBilfcbpnXf1QpHidOjopBYrHE2FS5ujq2bhFR4n9fWIn0fDmhQkrrAkSu/E1rokVR5Fnk+dvIqj6OG4iPSiN+++9ysA3wQ300vjx5/ffUjxC+khrF1PdHlN0GwR5oZNRGbXE6fcCegrltfVmLQjAw1rAov9xHwpMe2nViW5pb7bBJwYyqGwJt9103Y8PRmG/TQMwzgNUfx2EuNSnMcU4iTtYrHAotniMTawIK/SGPICPFDju93w4ot3N8/3t+888cTtO+dnJ13XMQXZ5zd5XnVpm5sZxymvuDz9qZ9TgGGa+h44gslkMplMJpPJZDKZTCaTyWQymUwmk8lkMj1O5eqe5/KwsBRrw4yD4nwpy+oHeanl2KvcMhaWGNWkJKb227zdF9wEpRiqIRIaShIpv6cp+i5CXlArxVJT5V4Qa5KmKU7DtB/GcTfsyAsANVGILnrht3Ck20evAjldJNeAPeaSvdNhwnJppaYM2F6vo7NyNERtqkA7nxh3grXDbLSyuHHY8Cjrg1qlNpSjabe5g0ehlsOWExwSLq0VzdV9OCK8erN0Ru/xavcyEQ5xkuVRePQ8ePgel4Yy61YBrr9vBJ2UOcobjrETqfHsAQKpShwMsu8JT/5iWMHlfcENKDrHRXIxIRolMi+FZA4RPc2zGCF4agd9BAl+yls5joegE8fuE2yCkmQ2A3rwZNeTjx1jCPmQiaCC/LD0DIxwfE7eqbr5lF7JxEstwCVT2oXcC8FnlqwQLpAfbAYDWhcdODLP0iFRAUuPE+VOJFUnxobkqCtU425CXiatu0mUYV66m2DrgKLhMXwT3nf3vb9x8b43nr8ObqB/8pG/n2RKsZ+Ttgat6wkRQ6U/wtnN7FTdB1ofFLabcWVLZTuOjwmsPWMW3jAxOkc3ud4BENIliRkUdl3vnd/0m5OTNOTVdNhfDpfTFKZpAgEA8yip201yJRxNDqYFXZeR3NWgTA3t1gkqOI7TSy++eP+llzrvT89OTk/P8svJ2YkjtM9vtpuu6zjaB0Oivxi1wf1+8EadmEwmk8lkMplMJpPJZDKZTCaTyWQymUyPW13fIZt8IOAj0Q+l9DlTIDd30ZD93So9BygwgaqM3ktZmsxEQMqeRJwkfTsXuCtxIjXNpMYEtNcUp3HcD8yd8G/zB/kdfqLYhlzYJfDElVKyUxsSWDhoHLsWLNCJ5xAK9S2oFenlRTbvm1cu7KICH/AJa4GD1Po065qWF7dD7BRWcTlLCOaQQ4ICbpS6+brxQ+oIZ9+RK6/mqi8KzqLgCLQgFMx+F9hakuCaKymw0OHZ8Hg38PDwo8Jjjag6ndxXHFSZHGWEQN44NfThqnzU0wsRlurYOprjBD3le+UhoT5FzFExXcLbQp7mUbABwMjeJy4FhNiRXYrreR5LBgotAcBTms6cn5MY0OUnKB+aHyDKoUKxqOBHhSEq7hIUdySlMuq9p+if4qcCxYSjAlZtjlcdnwomXA2v4fL1iMcJzMYmaUmKpNbLRPePPKQxCdYBjfcJlNsgx8YmZwcKoZI3fO9vff93f86/CQ/TvfHFf/yBH5Sbi9XppCTpyIiWZ8+BJnOVffQxVRIFFh4nheMpr9eOCRx6xiQlVODB5eWGM9Y4XYfnReFOeD2V252/852HvuvHzWYzbYeRTU+mia1uSGx+EpPOjZY4KquDgCwyNcjURwAV6gZF6ISQG7u8HO52d7cn281mu93y/5sNnTr/W5WcnIa6HfM0jWAymUwmk8lkMplMJpPJZDKZTCaTyWQymR6rPKdluIJ9tJJ6aMslHKlbHhUuuIRj1ALUSBxUOaqWM3FCrEnUqnF7ulh6lZYpP6Wirb/kj/TD+0D10HE/MnQyTkOuZmqPIpU9c/E875OW/WmMLRYXqdVw+cOxJk65E/aQoDajfM0mMAnXjAP3vWRgcEW4DHdK6x1vqBmzOMZziGNBKfDLTUwCLdTvm8PnG1ScFBaNXQGdQGUgru0/4hHW44ZKS/xl2e78RfMRj/EiyyFaww7L9wgtenJk4h5+vOKyOiz1/maHiJWXAv4SY2VaUMVzu1UAABAASURBVBmNCJqBQx8Cb3aooS/o6e8QE2fcOJnujh1IPPmUAIXh8A2PAToCSgIHw+BEdX46u0cf2CKFkBR07NiTOj67k1wV6MmxwsfYb/KTQ89RbkxNP/JVUYtdyDu5gstQtgpEIWzqK/IzBhqTxehGdRxhbAXVfyNKnhYUCwwoNwGX1BbewONEnTxk7YhilESIGc7uJuJfsnI3iSt3k9YTBXVLZJJi0U56z0vv/v73//A3v/br4GoNcfj/vfs/3Mc9X5P0x5VeVfpk9omSjJuGNWkJlbjcB2A+Sp7bqzxOZu4NZ+injhjeu3tXQm1OTk/7rpOFWKihMlmVHspfdR12m40f/WZ7kte+acor7BhCuLy8JAhlzPMr5MO5VwoB6hrvnEyTNIeDOR7XRD476tYD07iHER7s99QlOl+e1N0TT7/i/OxM7m/uYW5xP07oHp6IZjKZTCaTyWQymUwmk8lkMplMJpPJZDKZPqVy1SpDlDCVoq+ncjdbJNQ9okASlTmQv+ePSX5wjwqn4FytTOpQIeVpKbNSuVoTGRwFOHhlJYAIiZS4tk6eJNowFbPpd/RUnnRquUA757KllI0pQARwCnGYhv04hBimMI75TZjEIEPMF7gvUQJwihFA0Ipy9R0AdUOoGALyRycMAO0dIWqv0FfXDxkRqrLWH/PrOOCM4oDaoxCF4nBpkJLmqB4AHQ9pHCv+4ir7k6pnRHMv2J1A8lb4jOW+FOBEvRJQLs2hVv/ZyADymHmCCMo9BblZ0u9U7XDmMjePpnjSaIRH4Slm34tHpk3EE6F8WJq4lO9hdiBZkCUHnErpzsNwEzy6+chHuLLPrTrhIoQvEgsNbGxaEkZQhwvmGLSJVMgNqCxUzbPiPBUIpasBGOogDgJ9fqxQHS4Cm5dQFT8RR5Lo+cgH0u3qkk9ldpd7zm4oFG1Fmz27HvFD6SDv7XzX9flxCmkaYnT8JG3yE4cwxdBxbkp+Rjmfi7JhkJ5MoghS6Tgm7aTQHm7lqyM3qbk56fiY4vL1Kj+P+WjlQoqzyOxu0niZlKWp+J3oGKsnStQtEepMjnLLaju0zw+89/teGu/+a2/8DjimF4fn/7N3/wcffvBbM0XDvEh5xep6IrxI3VKoPKiuJ3K79L0ybGKCA9X7BK70OJnHMTVdSWUkp0DgCC2Ww9B1HbmM9BRqQ3eYV4MQgoxDflMJEjotTRHfhz5v3262edkd9qRpmiQQLTfNO6PzvsHZZlSQFmNQi5/ynMoZ87nGiTuYzzWGeLff5nNtt9uz81PiUbr+EIgzmUwmk8lkMplMJpPJZDKZTCaTyWQymUyfZjUuF7hEBlQO8JrcGNDy6xW1P5Q6qVgvRPlB/5wmovVM8lqhQAdO98CGJKjcQirFYJiL1LyrICuFkyFjiDiNYRxyBTVS7MOUy+VULY0cEoGaEVLPwD/FL+OQxPKggBpxSTDQqSR1AiN5nOA8CknjO7jFUu11K5eX8qb1aEkUaQKzDUG5bv1ajgozD6RIj7IumMpYJE5TEeTFFa+GUMaqRCAFiqOoZXtsPEDqewZVorrP1P6Ut656vnAVOC2DeKSDSYGZpPXy8g4eomU7qzFb74jNEdjwCAe4CaywhUfDTdZPAsA1TieHfe0W91Ur7GUDllQdNiyRbSnNrSR5GkvwSwTdPd97oa3YPYJzdsr8V3yBp4PjKR9i8g5DpAgetkvxMkEiEHsSkLCVjkwzIJDVBE3GyE+jRueA65k5yDc7kJ/FlF9TmAZpzdNEzI9snlddzOchzIVnHyEm1PEg0zKwn0VCJSHmiVEGAubEGR0fB623UkOZwJUeJ/N3UKkL9gWJiket3E2U7iq5Oepuwkeru4nehtxCjHUm6/ZCq5z151/4irf/5v1f/wv/9P/2la/6Pa87e83rb73mqf7J9138xkd3H/qN++/+mY/8w5AmWQhB1pRUiTuEuW+Ylp4l9bXuCa0bCt9Gxb5QZoFTX5b1mCA/9ljGZ+UKU8eTZlQcadHMt3uaxnGz6TcbCtyh2CVUB6qSc1aeELpNZGqS/4u0Km7DSTgL+/3+8vIBoyfkgBLzssqkSohRDyuqz09qQLJUqaCEAdXzZ3e5f3BxmbuSu3XvXt91/uT0bLvdgMlkMplMJpPJZDKZTCaTyWQymUwmk8lkeqzCUvIuuSqLemLda64Rr5CTq5qtLgZXy2kGDKEnwp9QdZNLz5EYCbYS4Opj5CpkFIDBSbeTYCDA9UqpJU9x2k/DbtiPYZhCrpGPkVCXCFrLTMWMpLAmavfAvalwhBQ8ubzLRXRw0sOCZaBkESFWcwTgYBMQ5xPE0q5UmFOtrjaIAtS3q9GUMBIsGTdYERu9BtSuakJPAUpKMgjDCHpeQgJoB21gHopqb1MInnqzCADSFCPBgEicsyGeCmJqQhyMOB3Ubtcu1MtTHuhK64orhNh4ISy+Se0mrH1f7YoHn67DTbA53VUUyuqrY00dv6iuev4UrqKU16HYTNAnTM3xM8hTXB/0dpbzRG2DsA8ksxSx3+EZLW4XbJaBdO8TR0BRZpWj/emQwKFQxKDE2KU0YupT8o62d3QI5Fu9SbnrQkeRDU8PnXduQuexI6uTcYxxiiHGQCyDS5gPjy4fiEK05FP7JHYdZEKESWYOIwluXkfkGlN17JCNZcHAY/cQrvM4AVj7ebAb0ZySk5rHtSbpqGdJdTdpuBPFyPJTg4WmKi4pcNafv/OV73z707/zTbden/d51ws//9f/+V/9/t/43vz+6bMnh+kDFZz6qtf8y1/0iq/48OX7P3T5vp97/iefv/xgJUhAfU1AXT4a15NCkxy6niBo5g4wLJTKcqMOKMfGRK2QcJ52CeboopnVQbGKyktIjLvdjuiT3U5Yk/y62W56UtfcGlfxwST3Lk+tznV5r81msz3Z73f8h9xPBDIs4ykuMomXe5knkmGEKMgPLx6oHjPywPBXiSxZxrB7sN/nxae7/+BkuwWTyWQymUwmk8lkMplMJpPJZDKZTCaTyfRYJUBEKi4aR5mSlNJDaYHDQ8pv8vlj2VqLp60FCAd6ONlGP6VPiava+ov6qLSIeEI0VWl9xwVWpICIy2kYxv0wDbkymT8mCAJZlJprwy0wKALVWkGLtPnkoe1t4vgbB5KDI0SMK7vHmVspgyYfCp6hYTQ4V9gFVZmHHXA92rnk63BlsTG3nmBmEjhTKMYS3JKkNF0YBbmhUUNd5jwRaVd4FJjL7vXWE98jlxCIUsh1YpdPIpiNWMTQOV3DxCzzUgoKM58Q68vxOVQOv4b5EAOZeXclS7R5XLSDq1PhISMCsEaqrjh16fojz35Wl3COF+KqOZf01e4CQT0z3MrlRe5GjNWURvJTQKePQglMFfHcqskywmQpvsHhWJSbQ1xIxCi5UBiT8wnyH9fl5yN2IKYZedanCbFLrqPZEfLc6pg4IUsbTp3KbXn04LuIXQzTiGJ8wvNPwnO4zx6hIz+V6DnNB0OS3CUCU0BsjiobIR4nbkqcA0QMRRKkwkFjavRwjxNcpOoImqPeIfNr626ijiDF3YT9TlovE3mui7MIqLuJ8Cud67/9jd/+1a/83e09e/vTX/DBN3zL9//mf9dYgJApyIk//eJnvvLZ7ateefLqtz31xV//mm//lbu/+CMf+B9+7e4/B+qVK74pWEgUcTepqyeU/rvWDQXKBAAduermsvA4WY3JocdJ0tlVGLZUARe6gCmENE3yhOfn//LycrvdnJye9BS745FCzRRPkxwinoychcar/Gaz6bvu7Ow0L8i7/Y6Se8JEBlSpKo/BRPgUJ+84pzSfQknM1MiTLlQQzxxHOVKKByHTLBOYTCaTyWQymUwmk8lkMplMJpPJZDKZTKbHL63uJo2eWVbBq4lF2Rlupsa1YaZWKnJCmQxUcHT0S3ohTqgmThzFlKvagQvaTJzQYa4YcvB/vkAbkb9PLo0x7HIFctgN5HFC0EnIBU36qbz4HUSMDcNB5eZUqqutvUv9+X91GVE7FoeSDkKV+KhDJRiJVInbIm+1JHDKYADiMsBl5gxwfRvIlmJOINF6MKyqyCBgB/UkRle6UTtVXCPaHs05QsXXpL5Pc9yFQBE4G58UggRqVfzKu48Vd8Cr6KVjx+LiypbNixvEzJPMw4a42L46dr0/Htyd1Z4Hp14+BYf3d/n++Jh0sdbPK43EDj3MHaHc24aDUgYlaSASVE8QLDYp6ghC/5OxSLGzkIaThN3w5aZyj4lLiAwMccKOI3qE/E4SReFQdFOc6Cs3peiJQYHOIRniMFGVu9nLg0dciZPIH+8YWcF+h/l5G4DRg4mRjI6nLnNZ/CbPJEVo2KGFnloiFeSJ4inl5YLEryVwzxliqU48CR7ucbKYZwXOUVJk+TqzYglidTcR142CmhTiRNir2d2Etp9259/1uX/i2ZOn700Xt7vz9rzf/Lpv+Irn3vkXfurPfckz73zfxS9+8MFvftEzX/E1r/nmO90T7W5vvfP5+c/PPP9j//1v/I0h7qAkERUvD33eQEN1ZHY4ydApPiiM5egtrm4ooA4oBZ87HBOYWZM6kvN4JoCZW5nBPMXXIqNIeV0epmlDOMmm6zqaVN7XxQIqE1OWfpd3Qt91fnOyHVm7/W4gpxxe2UPg/LPcal7AKaMHYyw9ZriqeEqVAQJ5YPI/Gflt5GCkWA8xmUwmk8lkMplMJpPJZDKZTCaTyWQymUyPSXgjiASveP+QlrV4uXSKULTCKZPhUa09iHdg4oR4E/31vNaIxekC2THBcWuS7OKYO5liHIg4ucyvU5xyMTPEia0BSlUfAJZkiJatU9CPMyGBrpT/ERo/laJYdk3FYaF6e0inpF4qQSPiESDZE1IyrlkqBdGAQwk0IgPAZAnXnFOtv4PEgcTSDe5VrMX3pmIM7dWlekXKQTS5P0W1aoxz4Tk5ZKsXbKNoZiebteVJGQ0sA7G+OqgmJQvhgvFoh2IB6JSpcsCF4MG7skNaNtsSJ2l96tWHI11qP1XM5qi6yEYRBEwV+EivKs95pSWQZ1Qozak1UGT3DWF9XP2KKCYn3U6lNcUICm0QJLVEHDCA46EoWIdCTCYO8iH7E/o21+pzHyjyZiIAhRxKciWf0JMQA0JwFGUSIOVH0Sdyl9BIqUhGPy431OXnt9u4PoRxSvl5C0H4BKe9dMSvkEkOXzs77qgpD1Ioj6bHRLlHKItBoU/yE1wNNuA6j5Mygi2TIt8Wj5P6zaGXSYKZRFGXkcU++q3wK7nNjd/+mbd99yu3z/5f3vUX/5XXf/PvfvYdq/t96k/y/t/wmq/7Zx+/8/ff/+Fv/4x/7XBOPL//8MZtv/iZr3zznc/9a7/8PR/bfRiKl4nQXvQgV8aouBY1riepcXDhMSnPoRO/k3lMipfMMY+Tw/GcZ/SCyGpZqxTyAOV1Nkxuv8un63sK0sn/O1nRU4HsaL3ghYO5JUTPuTzbME1d1+8Qtr5CAAAQAElEQVSHQfi4PGeIWtrv83qd168xTGXBpeunSeSwJKzJPyZ0jvwSBd5CdnlxN/3XyGQymUwmk8lkMplMJpPJZDKZTCaTyWQyfYrUJIDUH8k3cEa1W2jIjJXdxVXbtXEObJGquZaSiyizxrkKNwRCJ6ISJ1T0lV/Y0w4Y+ZfzuRJJngtUaqW4Dkd2BdM0DWHcDbth3AciTsZIoQ2RnSTEMCLi6rr0Q9LOt5VVvgTXohgFnknqjjKXYpO6UQThZ8SQgtN3tPoqFiTQYBwOZ4E4taxHLCVITQQFSMxKml0d1EQkaa04JC1Ml8Or3cAyukWNEQ4BouauOe+BA4ZK+VihgEX32HYBG5eBet8FjSg3tJ7DKaaD7fA3vSodmc8Cy9Pi3NP1V6tGcLH/3NRiN92wJk7WsxdXp0hHtl9X8u66OScHFRchBoVukNJK3GEFAQofU+5ubM8h/hZpviVycfpI0RRX3kDnM7MnySeaHcwtyYnofJFnYYgCoERHMwh9vvXkGMR2E4m4kwkh93+TciMpv8nfehT6SDNqOnTd9iSmTX4AhzhM0zjm/2PMTXjviDhB9keh7tIznGfLxHSLPlTUjciTkqiU2Dwbkcky7niC6zxO9C62ZEodzoY4ASi+JjNxUu2NKm4WV/s07/m//8Pn/PFXbp/NO25xexl2h/f77ngv737iT547efV9en9EP/XRHzvvb331c9/01OaZf+Oz//Rf+cV/bz89kEAhUEcTeUwVZ1KyhBG3wp1AdT0pz2lJLMJ2TPDImGgvjo1nnX/QWFS1wsI5RVqjp5SGcei6vuu8iACUrkOKyuHIJlmA6NaSIwnyFydbSueRRSSEkN/nP+M0DsNumoKaRtEp8j8GYSRmq/4DAXlpYpgqueLFdMxMyWQymUwmk8lkMplMJpPJZDKZTCaTyWQyfbqlFcZUy/OVqJDSrVZg5SflylIcE66TUQorkRqvCVRPA32dAQUpxFMhMhfp6VWLwRS8oOgHYkfODWziwBBK3oMsTcZxDHuK1JnGlKYoHiclA4cpECnXplpRdXrSmhyxwCbWF6ZRH5jUUiFhxVVqQTqVq8PqJqJYSeU2BF1xDXECxboCGg5D691QyIFU4RgoKTcY08xLpJmnOUb84HxR+aND7QBtdE4bLAyA3Fp0rr1umRsrNqWBYtTRRHI2arXakR9BcVKZ7/Ma41hqrnq3qExjwoAH39Z2cN6Ox6GQFXECK94FjxzSbFh8nVbfHjkvqbvNSTWB501QcACTzAQUmioxk8VYisIlyprM9xPVqaLOMqiTa4YKXCFLnM57Rg4Eu4jMCKVi7gNsQ+KcmGGILQod34HPPfKJmI8J4hjz84b5kepzo4FgkT5RrklP3kQ6oT06OsZt8jF5BozjfhgGsq0gbCBOSIE7ntNyPKj1BSEI/AwjkyCMFEQUEyBM6niSkG1GYtQH4bjHCayJk9a3I/JRsXE9EdOMtd+JYGStu0ls3E3qPl//Gd/0OXfeKjdk251cjg/gQHeHe7e62/nNc6evyUvBR/YfeuX2Vat93nv/Pb/j6bfL+2e2z/3rb/lTf+1f/D9AiCJdpWQ5LteHmmrFUEp1XsF6RdXjRF7riQ5GbOZOjm2HGhx2FciR5ugbff4ZDRynaSLTm64PId++yXcs74UrLMQUiWPUnPjf5CU+7+UYVckt7Lt+GIfA3AldheN/CaZJl26m1pCdcvL7GNUZyJWlymQymUwmk8lkMplMJpPJZDKZTCaTyWQyPU6V8mVV/Vg9N46gGIsGriBRGhMRpTCK04m8SbxVfE3kp+9Z4nECDS8hgQseCwUhcRmQphj247DLle6YS5/7GCnlIwluwn/EXKLmcCS48ofxKR1BT5TAQLUBwMYVQSrm6mMC7eVjK6gwymy2sYBOpNZcIZYSREIOD4l9HgpzsjZoUEeAamSwvEVYACI9Cf9ViZMKWSggMtMN0s/U4jLlCyfn0/nQ1JJXA1hhCakIo8bLNP1oujmP/3ozLndpc5KWTSCudluOwXII2hZWqMry3cFhiw3NCx4/kNU95XLZnGx3hgRTQoqtodq94z9sRcKmDlAZIoQKEwh7wZeBWNCwVGZAa3fS9L7cdyy2FmW6xMINhUJSSIoLFo7Fg0RC5R0wUIxJ6j0GCv6JE/kRgU8wpNgDBHQd2aJwDBUDXHkSd91G7C7ym3Ea8mM8hvxl7PKBjJ50jggVAQf4cYyYyOmIwJeU2MQCmCNLkhCk16OXedzjBBqWaennUd1N1MOjOpc0qEmCSoul+pzphBYSTaG1lG5vn/j21//LdaC3bnMZLg/v973x3nl/K7858+dbf/rx/QuH0MnFdO9W90T9+JY7n/sVr/qmH//QD6bClzQ0UUOcALSuJ8II1qc06etiDaj3thkTGUlcjuTiMSkDiSXWKc6DnZrVT2cnG1IJJEj2J0GCknQebDZ935V2ZKWTmy+vvPQoSUiISt/5vIqTh0qgGJ+8LS/48k8DpJk4S1G7xHM4XP8vk8lkMplMJpPJZDKZTCaTyWQymUwmk8lkehxSngAOUAxWqvtcI3EPkIoxG2zgijhxbHMSC7jArAlECdaRE1Q4I0opHuZIEa6g5hInpeqM+920n6jEnYvVQcrE6/6i/rZfaq2Lruun1BhWRFfrvuoQQjVbNk4oJW5xHKgDRcVzzpthcxC5OincVnhjlQfTUD7iJQOxsAExqvtFqp4n1eNCLU2IDkht5V2K1YoVJFCvBx1GtwQtZuKkYBfNFpJeQ1u/nhmUVDibhdmJU9OUOmqlNSFOZuGV1M+a/zgGhRwSIHj0cL1pzX4HLTQ8DRxpGo9M8CvK29c8Cd2TOOUbOULaAw4AI8KYMEAulZNXQyAXn7mqX01j6hNWspCYNih4RK7Ce/WeqaEotXuSZaPTRN4LOOaqoweRH6nMCUVRHPmvEGiR7713ELjV3MMu/3Gdi8ETdJJ8pGsZIW4BhSZwQABKR8kn1PPOu77bdtNmGIeBCIJxCIQmdBA653rn8zzp1Z5CXXoYQCDPDPLGYQKFn3glEviyDzw5QK8Pj3mc1GwdZOePar+jFjJpxrtadxPdknuA9X5EfrDo2297w7e19/XUn1xOR6GTu7cYOsl6xcmrXxieP9znMjy43T/RbvnG1/3+d33sJx+M9/iMDtSXBVrXE+lt4e00OUgoE3E6SfVmXz0mRz1jajfKxJt5OCjPQaoWO4UyEzwKmgNoEac0HAwBxpE2jsOm32w2vpP2JH+H8RK1utKlPwYC+7o8QVy/oUZ2+/04jZTM5FwgDIWYFlpm3fo5Tky9gMlkMplMJpPJZDKZTCaTyWQymUwmk8lkeuwqeQ76W3+uK9byIs7xMjeXmJjIsRIrQ6XmWnAE0OJoY3ACankCWlSknfOxXGKXgmMkRwYqQ+f9hDjZh2E/7fPhnNuhNfyZDlhVphu0pFy3oC8aWEGd46iTQkxwG8XrhfESJ9XyWprVPBBpDF1FBgp4gStWoRqDQNN4VKqANgahT+qesw/NARhRzpTfdt7JuRL9+F8iSmo/kitojRgNHBicFH8DNXSZ92kGqiE5sFxtYU0qlYLNWGhhWpqcOYgrII3l2Y6AJrjeu56p3QZ6oW3PVy3gEfSk3WO97XiHW4uTKy4JuiccMRcDwJDna761zuVy/AgwgRsTUBhU/uP8WEw4OEwqYPUsmS8n1TsqnxmHSDMuVOa3mFkw5BSFV8KCCKE2JHY6fGShqBh1YuKEGiGGKlf8IzsOBWIaXH4GO7YtiSHyxpj37PJuMXrAHl3v8j7oKX6HQnpOtl3XhXEah3GMYZrixK49k4uAHjpO1Ykws10CnMlkcvLcO2Sua+1x0t6r+nTDoZ+HEBszPRfnwBrZ3niZpFXaDlQ2hR7DJ7dPf9mzX9Keeuu3u2NOJ3eHu7f62/L+mZNnP75/4XCfi+l+3UfUY/8vveZbvu83/zYvRoSvFb6kup40dIiSIU4cUIrHSfmyGA0djAnA7HRy1ONEDod5zs3DgNVeCZp/D1a0h/JSQjbJ2Kb9FKbReSi3lSGUjfOqQswQZxN5NXE0eUjT1NOxU/DehaBOKjHGdXcNODGZTCaTyWQymUwmk8lkMplMJpPJZDKZfhvo2G/FEdb1vJktuNFPy9OMJgAU6wzU7IXWiqHxyyjVX5bjYBtUXoXqk1KADVw+HqfhctwRdDLth3Fgsw2NmChuHLFpDKpTRCPHO7BlQO1KwxKInwfURriHgcABYWFwHpQGuSi4iZZvG4+QNrRIrhUqd1NQn5qdM4/iPKLFb8CxzUltFjR+qIQPgWQKoVO7FWUNtK/LLkEpYs8cCW0nr5X5HiFAY3Yg1inl1iwmDxZup9A3OAMtLaOx0hIWWTAeh7xIc67F9mMjBmvi5Pghi5ZxueWgvysE5fCwVt0WA3NSsEFH2ToYxwgT4AQwAA4Rxhh3hGHAFGNQiqRkETmMamiho5gkj4dADBfZzMaVmQoNLFAJH6x3V8kfRk9mfkABBLHVINcIDm1x7ILhUnTIETjAHicpdwYjmZoQHjKm1NH5o4/U+R5Tn7c4pNgdzkshAIUYlPy499O0D6ODOAWe5EM+3mFPUTqx4z5GiALHaLJU/r4wKYWiqIkwcmVHPE5g6eRRPE5i8TjB4vQSGxJFHERiSRwSd5MK6Ch38rWv+7rVfT31Jy/tXzy83/eGe9Xp5NnTV3/4wQdXOxCqgnhn6XSS9c5nv+rvv+/v7sOlpG3h7HEScU7VUbSodT1pFriGszn0fVluwXXSmLTtdKU4ssJjmVryYfUQaL6YcHPVkiS/D2FK5OkjKzeMYdrtd13Xb7dbok/yxfL6yyuY0+uC1PUb3/V+mtBNso5HytzJ82iYYlj+c+XAZDKZTCaTyWQymUwmk8lkMplMJpPJZDL99lBaem9IubYkxCSx0xChVqnb8J2GK5AicfkRPoAWFFuPEw7U0NwM/RE7f86vyDsQtEDGC/yHCuVJgZJcuE9ppNSO/W4aBg7WIUgCU+MCIXhGLHYF3PVUasjlJ/xlb4QKq/DFcY1djU/qD+sRFuVdLvq3yIlgFnyBFRtBpU5AKuDaDAMdxV+BNrkZuamYDPWeysqpFMcB2xvEt6OALbO5CDcG4mBC/5cSMf8Vi7NJqjdFLqYwDSBHzgYbUXscy52XWnUDrSDWy6z3nZkYlG7I9SbKK2oGshE2d6LUrg92PEy6wYZgwcN2mv0O3i0PgeW7+Vt4OG5yE3V5Cvk8oQgTCYH9HPr8DrsJ0hZcfh0gb0l7x+E7PC0CzRYXi/NQuR0yZVzp2uwUFLXcT7cOAdfjsOCuoJ3J1QqnPr0S6RJAUQyKAeI50bEzSuKT5e8meowpfIccUMBxego9oVNMHkJHDArmP/mNR9xseu9c8D6y5UludSS8BkMkSCU3mQ8PRLqw30lQgIrABRDYZPZwmSdKw53AkjiBmauouTn8KstBFKJCiROY/U5q73jtTQAAEABJREFU8k594gqVAvDlz37p6r6e+pP9FfE6z2yflffPbp97991fXu1wP9zLTZ/589X2Hvu3P/MV/+QjPwy6vOp6x+vJMdcTuVvYhHSVp7Idk9n3RUmUqzxOykpRQojkQUjlpLQUkhfJgkZhJgZ1jdO7pgdHWCwLVYEX+mEcx2ncDBtPa70iak7Cd9g6Saij/ClvTYVDIu6k2+zHYZqIPxHXk0/gmTSZTCaTyWQymUwmk8lkMplMJpPJZDKZTC+7pFwoP6dHNUKodggFMADAY6EKjVLZGQqSQFE0rnicYOFOpIIpdU8qIIZcQpyKxUPlKLggDWxfQuVOlKIpp+pM+3E/TBSsM+UKNqXJRJyr60qccJ6GfiZ+pdSdD69e/zvc3mwkDqCMlV5rg3y4QmA4cKW2X8gGTsyo6IB2EanWLUQLlmCdanNSQyNS8RtZwBgF/5mHVd4WbxI2Iqk9qBk6vh6/uDZUHKeSKFjuYx0qByWvqOF6BAxAxV+wtFz6wxcZGRmIcnv0wuGojqXcHMIfuNx53iFd1+YqqQfblo4ecP03Bx29ruzdCWIFoHRTpFtEo+HQd4RiEIPSQdwijpgGMtKJI2CuqE9EYEF+DYk8Q3RCYNCrca5sqX3jeU4f/MwLFdoJ5dnm+VWtIYRkqjxDxciwwE6lwwSFlGvITxsd0qHLj5fPE5kcSUCuysXkQ8qXwLfcJX7cE7qud12HqeumaQiUmTKGlPKOITlKgorgeZwYaPI8WzjzKlLUED1QzYCmSj49xM9DfFvIQ+WAQeFLjnHmc1LUtnWNEH8UTi9CfMuTn3PiT1b39bQ7vZwuDu/3vf1Lb77zZnn/ypNXvTh8bLXD/fH+rQObE9GXPPPlP/mRf9C4syR1PZH+c4cKfeJiWRPlZmFN1Vk6ncDNPE6KQwzUCS1Aia66NHuS05ViXix4ruipU13OJCFI5kqSWK/1E5I7PwzEjnjndC1zznc+TJuOuZP6703X+QIB0frV5b36biBohbCV8o+WyWQymUwmk8lkMplMJpPJZDKZTCaTyWR6zJLAGnkfGweP+nqVGo+NRfkd2aWEDU5ctQCplhw12gIKdFKBlwZPIZcE+bE/cGUyV6DpR/JhHIb9fr8bA//incMWtLKfSnUf1KmgmhaEUla+yQ/jE5bYilrOj+nIhXNb5QL11/pkS+DK/mxdEgm6EDBCWRjpF/2cXw1MZi4hMRzgsKTnMCDAlxJbj4HIFhJl/MuINTeruSnVHgFxZVIgBWmylNDdXXMUFPxFtxy4ZzhJLFEzmFSK1HKznFzsROEgidETdw2ccQiRNG/wYOfFbtdSLEu+5JpmHwE3OdrJYxdHPWOLEG4iCs4lN9blCQn8zKGPCFsEStvBOKT8CmME5k7cmHAk4xOCHyJ7/YhfDTuaKBkkbAgW66Fy3/hWql1IagYr8S0/1tvmglN754nbSGqlwqk7DFbFKbkOkmcrji7lpxD6lCclebp4TskhpiQGejBC8s71zlPQTu+9n9B3YxinKV9mGgnsiJvcmpM0KLpEX9GrGH1aDX8lTgAWfh4y5AiNJ0psXD2Kt9DsblJAmgTF16QsIoywiQNKir/zFV94MFpXOp3cH+7e7m/L+9ecvObe+NJ6h+n+WX8Hjum1Z5/x9MlzH99/hHK/lCaqOTvMsgnPUZN3QDmiSpwAVM+mo2Myvy5GtHlNaf5e+aOy1ClvIn+wQEnQpXo3ZJ2irs7eSPn2+jbPqQBr0n5e+8uMhSn4/C+BG4bOk2RRzbNGyRe+ZNru80TKu3R96ENk3xzjTkwmk8lkMplMJpPJZDKZTCaTyWQymUymxy0FIbiOSD+zb0r7bcCCbFGLC5wLlGyysajOF9uPhjthybcxxsCS9/p79aaBilHwialeH8kWIY4h7Mf9btgN00ABC4kcGFylS7R+ubq22dDgEYTqOqLlVul2wTKqX0vladxs8lGsA8rZtQTMiRORQJMo8TocJ6RDrhfNJ3ScRyO+E7Wa6mqcjPqI1CHlLBtY9LPevlqGxvb2zCNNZjKLkUmFdeHKckU2mEOYqQTdoyZ8cGk8SS8dJufYGiHlivAEaUrsKeG7xeDWCz4Y9vndMdqjRZyuvactGoJLhgKP73n0Ex774rDbx7/jkrwrkxJLUA47aGgBP89gGkaXomPuhP7g5PyQB86lIbkp4RghV+ZHwODy/gXtUm7CCVWQeAqy8YTcG/b4mNOVBAySbh0ZN7HPAO2luFOopYUGuJDnSCR/HqKNOL2JOBjKPsl/hcgROSl1CTtET8RJDDHmK3IBPKbOueh877x3ne/8hLSRsnsiYQNkiTPGvDj0HSEG3nvO9kodD1mcM6WOu5vAgZ+HjknJpILqHRLVQUQGUC4WW3eTst6JJ4rcsc+685bDETvtTnbHoJNnz5575ckr68dXnr7uIlycN2E6+eOtK6CTrM978u0/8eEfKqxJZKeT+jovu6h+J1CW7MqmVLeSK8bkCo8T3T/Nz/kSpdJ/AHRYaD2JMlPkWJ6WMt10hYTmQIVXYN6GxVlrxmXyPQhhYlJtLM5JNFd8l1WvJb93XkA8stFx+R8SjuMBk8lkMplMJpPJZDKZTCaTyWQymUwmk8n0WJWKoEEWbiIFJVZUSmL8gAuHEpRQKQ05SwudVKildTqpAQvqsODSOJE1wjANu/3lOO7DNJIfQT5HdByjo9EO0IASx2qRN+NPaiUWF1cqNV+hZ8QBoL4RsKMeXn/nL0XvKDgAeX4IekJldvViSFr4hkKWkIuJ1JHL6PFXroyzY68JBnrEG6JeZrnkNXGC4rSCWoJvgI4VXaSQhb6Rpg7GRsvLpZpM3fJ6+4g4oW8iRs6HoSQWgk5ojwI1XDO1jtuN4OIWrLYdaWxmU9KablmBLAjXttaM4vEdyqa5Po9ztV03d1BIIRA4i8ZBQIcpgvOFIIFAuEaHbutdABwmyK95jo8JB4dTTAO6KX/Fzj5RCbF8skCAEj8tfE8cm3TI7XOFCEqCgIFY06gvRrWIkap/ixTJ1/JEafKOsCaBjE5cVFzGsVkLwS6R3EzA50uC2EHso/P8dHZ5Jxcj9zLlKeGIPmHPmzxzNxS4E6a8PZ9vDDG3G6ZAdig8ih2TMp1D30xWcXVpPU4qM1F4lMbPQ4mTmqozv6q7SSp7zt+W90nNOTZu+/rz1+7C/h9+8B/93PM/m/t4q7/9zld92dPbV7z9le84nA7/x8//t9qP/85n/7nVDvfGe+fdLbhCn3n7rT/+4R8q66mbE3bQVdeTQlFhUgeaxfqrM78ZE4AbeZxw+w6grpuFekNcPiKC7Lg6O+TMFewSxESnkLZR0Lt6NK8trj7wToN75NSRebz8ccTQ+clxwppcYN91ruvqP1dI+TsdmEwmk8lkMplMJpPJZDKZTCaTyWQymUymxy2p8cn7Sn60OxwAHGxuIpVKp+VOt6zic0IOp23k0ro6MKivSWTJKYvBAjr18KD4BG2EyvNUCx5CHKb9OE3jOAzjPr9Sag15LWhrJa0hSaxIWr3IedDBzbUgJJAK4UxirKCTip6ozQQHeghjEMWUQsrEjAREKqOnEMmCglJnxI5CjC6EOMFUsAiUcCFfcBaXoCYUScec2KvQmWZgqAblIM5hOjNqoaXeNTux3oBJzjlvaEKRalNyu1OpI0tpmqJggExpQgxTjGP+0s+wyzyyx0a7+Xh8n2uJE1zuicttxz4eaaTpwcEY1XfpqoMW0tHrpCAvYIc8M/I+FRKHPktQkXAiCSZMvSeMYyLoJI4JJ5dGwBHShPlbGEPi/JrE3juFaKI7HhUKEsZAz1jm1DW3YH5YYAUCQCELIo9K0MegYy8SugR5cF0k6CQ/kmTNkvufsM9dddiB9yF1PHs6NjbJ7Xad46gUOktHUAWBSvmBmcI0TGN+/Dvn8mVuPD0QYXY3ATzmdNJsqVSKsiNIFkmxuIAoSVP2VMoEj7mbFGeR+MT2qfzxP/qF/895f/6lr/qytz39+fnjB+5/4L333/vs6TP/1Xv+zoPxQUjTrf72UydPPbF5gv5sn3hq+4qt28Ax/a6nvig+RXk9v3bxnsvpwUf3H/78J9727PY5+fbNt95ae8udWrqYqOuJepxgpU+KZYiTpXzpcZJu4HFSRg5BcZ45wKdh0RpMp7G2Ko9lWkym+YOMcVw1xYdgoXySa/7J4dVNKBSYpsBQk7aeP/ouCEEnOU/UaXeD59FkMplMJpPJZDKZTCaTyWQymUwmk8lkMn0qJXVBMRmZi/tLs5D2vRZ/8QrnB3UrIRyFiRPdJI2Ix0lcYSxLgxOGHlLhTnKpcRjCEMI0TvsQRoptUZIkcSZGUk8HDtAoDhfpJp4mV45Ge2mFMmDOI/fRExaToHqcOO2zXL4SFmJNQP97jEIA5Dp35FSdWr/F6udSmhILE7GKqR8RPCcTVc6lMB6KVwi7E9ty70ycLIrAQiA03ihaQsZFzbdAP+39ASzzQc1UNFLJObZvER6HSvxjJLQgyJ1wtEO+mHSdwcnir+NAB179Zv1h1c5qkq6v6mg3riBOVmMJVzY1u0WQ0wnWenwNNqqDXfwhkHOV+O5ESZNKPv+B/Eo+MgTyAGjOTq7Ee34PlGgTKWOKWg5J5lmhwchfp7jVpCvG7YruqxOFOKRAXO7GTEMquAA3TnCZI8wqX0J+NLvk8n+ROg8hQu84ACvKAwueeI8oi4MHmfPQdZDXhP2A07gbxymPwqbrQu87h53gWOXc0LAm0teZMtEhned+YUqipu1UjAY0SAbLusYZUKkQJ7PfyXlPriR/+nf+6XZ4nn766fbjGIffuv++Dz/44G/de+9PX3zgow8+HNzYnZ++/uwNb3vyC77kqS+pe/7GxW/8i3u//J77737v/V/duO3t/s5Zd+sXX/pf3nzrrd/06n8l73DiT0+7Ww+mC34mi89MXVyUOMHqeiLPavU4qQ4ozZgkgId7nMxHHwWQdFIoKpJSZfKKz1JLcWHDuGG5DVAGttwkZD7m6sdRmoKyZOlXRBnm6eEENcnTC9uVy2QymUwmk8lkMplMJpPJZDKZTCaTyWQyPV5p/a6FS5rfoqdSa3TO1W8lNaWpaAs7AmL+IcV22SPXcMMUarBOLTdWyqSCF6U0rFE8uX4dIqfr0J8hppGiZuY0jFTKoVjeUO3YceG+PcUnIHETkF/dCwXinaOEkOLqIowMNsMF0iEdDcrQCeJJgfyG/V3E7kXMMBCEzqExZUCD3E3y+bwQJw7LKbT+Ss4SWu1H0Jgb+UqMHBb3roUNWrX3qxIn1TGBM3+gwiWypyt1ZtmHjCqEPCHoJI2EOFBTlANDRBH1jIgT75JziO1peVJchT5c392HfIHLbfiQptfECR7fsZgsINyQYsJ2327mPoQEAYm6mfctSTCou1FOTXDKUVF1vctziDxE6KmYME9/sjyJHkOECXCiVxjIVSZODkPT/SQeEHyHaQYz/AESwDgStzQAABAASURBVAOzM0U6GEa25kllH8EaIiwmuq4STMgQc0RmFZS8E5HIE0JM8iSgiByK13Ehv3epCykg9Ow+4iB2etnkIsQTymGfGwq7RNjSfpqGOHWd772/1t1k7XQyX371OFFfE3yIuwk7JtX1Duf15SHq3eYz73xm/tNuvDvd/dDuwx/df/SHP/LDT29e8Usv/cLHh4+dd7dfe/q6r37u6z/jTf+7W/54yM7GnzyYHjS+JlFdT3TkV94naX6u6v6P7nEie4L4i1B7rg4FaCxThc7mZQ7q07FYBitaJXs5dqPSJUWaTTrFdA7mmcMQUGwal11xCczpabmBFGjNweYrk8lkMplMJpPJZDKZTCaTyWQymUwmk8n02OT0x/Mc0QHVuqP5eXmJVsCSF4Pyk/cidixg0ASVICFTEMQa+EK4iRAnMVDJMBZ3DeUq0GtijMATlL8TErtmYBzG3TDswjTlo4Gr4IEOj9ASMlKJLBiK1JJLzXmuV95E4iAibbKTgBO3Be88szTO1wowQHWtKFxOKcgya8IvOBJkQ1YPWs+lK1D0AimByLsSl5ML9h2RHFS5zwND51MLjFCuslRYU9J4I4jCNPiD5JxDs5e5WtzcuNZjZh5NaNCiSgXN+xMlIIBPTMpsDGEaYpyoeEwNJiemGyjWLdK19Ei4yUHv09yj5RerjzPSBDcoSR+Uy2uGDs6jla44ZPmeBq0hAaDjliI8rAdiYMMAR4G0mN3IwxZ0c24odpAnX+qoRQodiZRlAwMhKMmnuI+UyBQVB5iTpsp1JTXRSdUOqLmy5fWlg49ryxisG5MkSkUOhUo0A4qVCFEeLtAfGHPnHTE4geZC6silAjpK5KEAJghB/Hy2/ab3Pj/2YxiHaRzGaZxC8YpR4qTMIqFJWj+PhfLzE0ueDm+IveuHMEDrblIQMfVBidpOJU7ef/c34NF1Md3/+Zd+YUxjh/4zzt7w9Oaptz/5u2587EXBOxyzF/KqBBzo9E9l/OkydUyqA8qje5zISArs11gepYXV1aKdSmLpzGqfAvWdEqcc5kNQ21JysTo9lf35hjY4WlquCKmgMQ5bpIsprpjM6MRkMplMJpPJZDKZTCaTyWQymUwmk8lk+m2g5LTordRI/aK4n2jJsUbPLKvubMshYEJ1jSDzA4zyG3cEMjlJcQpaka6Nl1AfJ8XTQo3ExAktYxjyIfv9btjvJO9CbBHop/Ga81A5D/EmkGbXV/doP4ZvGmEaRrvXEQQiDIV2vKApamWhA8SEDZu00CXnynbgt2pZQqMiQ+WcGMIkjSLSczlCDDTKR81UsOZSYFv8xYTLK8NSQceSx7G6MkyLbTNQgktyAiPW2rGAI8TfMBYjfSZXC6TUl5RG+hOD2G0QJESdTp4jdUr7SXt3XNdUjRtI5XAnfFhDeNWOCuxoEb/Z3ux9jFGavzra5WUcFb12LsUrGln2B9Vaw0n5nSd6HkgmehLNFXKwmEL+m6NFIhEJ9BB0Kf9BCuIhzxDyQZmS0gb/K3vvHWBbctd31q/qnNvdL0zSKMfRMELBCAUjbMsEg9dgY2OSjTPYYBtHWLOGJS6Y5DUGgzHeJa1twLtEAzbZMhYiyCIIgVBE0oxGo1Gc/N7rvvecqt/WL1SdOjd09wsTwL/v9PS799wTqurUqf7j97nfL0uSjbAhccDh3JdiS7vUEQWmfkHY8lAJgyZvPSc8CdOSu+FyexOzUsSI5Q4kN3roEEeHnSN3lj6/xtQliiDqiFijZpFdCoFYvmMt4zDwkrHb40T71tIV8qmn8aEnsPiCCJZVQIqSoUNETxKGo7qblCUK03K8dMdDdzzr/LPc5WjE+Mcf98fc5euOi7eP+WlyCvVInk5lSibvFgoSU+6n9/u6xWFdfDfHpPIlWz1O5HdyE/YhpAebSulubmPh4AFUqhAL9tM2o7BLJW6qQIDl2PaPSjmz/uNxejp1fXfCN5Wnr5l7l7O4m0wmk8lkMplMJpPJZDKZTCaTyWQymUymh0FQYlrWqnc1a6LZs9YTnSt4ioeauKDfWJevv0dO38gaU1wNq3EcUT0zHCi+IDV0aC7HmAZTCgSpjMNytRxWufg8gtTPYf4t+Jr50DhTrOU/YFtKPc1ouELQIJkveB8Cu5sEDRaSOiiI/0JS2EWigLSQnej/RH4tLqIYFkiXqYjrAlnCcOcD0yYJwRc/ELEc8a7wGvIl/wkVQVCDmYKVVEuOUu1tegvb+gYzYw++feJQ0wazrN1zp7lJTAORjQywdcWYb1CKQ2LohCviiQ1OKCbIq8mNuN4g4jHDjbs/2gRHAE5BnzioZ4aGEWkuBFsuunZm2PnmWEFtZy6Rd3R7BWCYiu2wcW7aQ8rsXPj3WuXXx1K8LBTkCNx4z2QHXcDla/gO/ALc4N3ougFiZEeJkUd9IFcgP/UZJnIGd2NAzpfKvuAOSSJRZPJh8dVouqtviPMg/mVMHI5CNEGiowmnSuzc4sjWBEPeD7CLYjYCPo2aKcVPGlvluJCV+kPyJpl5nLSpMVi6Mm89fRp8N8ZBaRJ+Lva6vcPVRT2icTepgFXe8qwbPqSeLL+9sHrgh9/2//3TF3+Juxxd31/vrki/ce9rbtx7wrnuujpXV/HovZfepYAFu57AlINFk2wv7ImfiIxMYAOizTGZPwjg1seTPYsSliwsdA1lUiO1mENCcM1ikcpkblai6WEr8JKsnFj6wIAht5BNtNQvZ2MdaPnE4pKy8SCbTCaTyWQymUwmk8lkMplMJpPJZDKZTKbHgAIXAWsd082/he4mxEFhETbMgEoqQPE4UZ5EjhR/Cw5ViDGOFDGjpiBObDyEdfBaWJ/nLeT6ZxzHcbUaJFjHUUSDF7ijBL+0ER9uzsY4qYZecXFSWhb4n0AeJ4yIUC7IBANItTSXUCNvFU+XSCFCbHCCEmJCw0DmJQSWdB25pUDwILYuPATeKfmhJeCSrSHNL9E9TdtkIxZUqAqcBziBjcDGrwD8dPvaeB2+YwocOFdudDEXIJaGrFzi6GEgr4r8Q6FHUQw0iBsgqEaCP4jJcbttTuBUm8pm2PVBfYnrUA13p/m9edRWdGLLyTdUcZZWSiXRZJYHynWwCbwgYCnTJ0IyYAqq4rmdeNT4+klNfcT8xzFxksc1Cfuh2VHMQ8UFUSZuhDFPx5FCj/LtoanZOYj5YXLiE+QLaTIZaGCdaahWEjw1pQHlgYa213JfNSNKnsLCXpXlw3OkENn4IMfcEJFEjwpCJB8T6AgicKkLkcGDgH2gf2k7XSBFelzyk5cfF7dw2z1OJqeT5n5Mn/KipkyD/F74BfecM3dw5m5Cr9lV5kte/GXtHT2KR1/9mi/7F6/9uo9+6sddt7iuXAZ3zQY52163j53f+Hj9qD2/9+SDJ/XQy9uffs9PvfnBN37R875c2il69+Fd3/bmbyi9KKtD8W7Jv8/257XXgoa4sDEvT/Y4kZEc0xh8iDJHea8A5Qku679zU79amg+wmeab8FbyDatUktVotmmkkXOVcCwLejGQmtFFMNun9NQYFJPJZDKZTCaTyWQymUwmk8lkMplMJpPp0Vb75fVa/KscBzaJBs1BSl0AlJCcxvCE6t0SMkPRMgNVwjHk0niS9BUVF+knKkAvBgRujHEc4nIYj2Icc82csly8VHTV+8Ot2Rxg+Qiab8fX/lGtW/rkt/Qe206pLYnGyDhFYzjsBpJGzpSKp0T+sN8JEScYFTqRnoPT7+Z7iR/yffB93wcnX/vXQcNiRKE3oriVCHaCpYrPhf6pqdWcpvQrb0ktINTADtMWdU4pwACIKQTtFZ0UtcuOUHmj4lsjF+DOwuhwoCwXjCnXkykRhYcWlDWp7gculNPN6JD2n53atpuWo7ccPqMijj/jqTbCyY3D2WuotX7qvVcKoyscyuxYPVLjkTBps3VPL34y+hrlDuUHQBirrkSVCLaR+L55zrIJ+XpkdOEjuwwlF9D3YwjLiPkxync4cm6V5ygWgUIQdAYLNZYfNFeeTzdN9amf5W2YJQnxLwm70kQYMmahyylQw5AEe7PkjalzXpisMeXmIsXnRNe7EChqBxeO+tDlGT9i7/MIguIxbvLkcG7GIriJp4A6OAH6Spw49k06v3fufQ+lSutIM3W5S9qJtXu1H/b/t5d+6be97pu+53f+delyvfLUhBIuo2d74g1PTefPO3WFKTu7DXqsbNnvDhKOufGfc+vntcRJ2U9skFA4PpkGMov2uzNOe60JO8zzbEy4doS2eZxIa1arFfByRzFPnpyd8pqt953jwThXDJRNquvC9Hw3d6OML09ntnOifCg/zRW6hC+tg2oTBQ3iJO4/zk2RSKO0oIIubmNQTSaTyWQymUwmk8lkMplMJpPJZDKZTCbToyacSvoNcSIsx8zXRIqgpTBY/DD4h6uI+YCIFQXhnBlhJ+ib815pCc2Pmbw95IDkiNpYjcv8c7Q8GschV2MTJdAQ0iFlb0Eh2lKjFs2hOkZMcTTNb96+SROslyxzUzsySmihE1fbXC7MLyJXXpO2vrhPaCM0RUi9Urpur9sLIXQhQJoRPl7cLQrfA7WRXBIWJwByDqHUEqr+OtdUe9WtQndvuwFrw8OJKUqW6G0k6KDsyjEj06jpzQbOcPHkd+ATX3ukG+HI48QBJR51UDvsmiKygEjMytTmlIlynGa3zbm1I7Zl4myjUmabwW2zXnCXw6Ccageczzq5Hd3WPSeiZ9bVVE7jC5fCGEE5NTY3XqJuFKBw0SvqQ7MxTyWfIBDSQpYonaf51wc/OLeM+dHKd42QGDaxCDihD9J4r0+lOBBVPEZmj3qcbAwJNKlO2M7MOr3YMEOnFDFKjtyACEPIsyrSekF4UoduD8idpecMluAZvyEHoS3uJvOhc2v75M9735MzD11Ej7ph77qGOClrHL2p3idb7u7j9h73VR/59fev7r/7wl11Iy1kBOd4zgPynCBDxkiEajhYhAU1X/dR4kyWkuprkvWB1Qfef/TBe1YfvDheXPj+ZY/7yPPh3Lbh9YWeKbYjxTPqbH+dEBtCnIATD6VmVE7hcVL3zkuvi0kGgUak8xgTmzy5slqLEw5fUayS9DanArZAnaDNLdKVsKA5elHGTAAnR6XJbqtZL9ZTd4oNFMoJAE58Yk0mk8lkMplMJpPJZDKZTCaTyWQymUwm08MuL4W7jZJ+m63DDhzsx+BLXRC4GqlkhZcv31fwAyuK0aQwrHmiOFfdPgq6AG6gVJ3VUf5vWMXI8RsTpOLky/CFnJjaidtxANjSq+mwbd3kWJ3gpdZaLstVUyrxe5AkEc03YbRA83QkFEgYHQeBis/iG5Dr0F0XuqxAxAnOXT9KOFCBI2YtxsLTNP1xs9c62NL06SOYoRZl8MXCwM+7XRmMdbgDCj8QedBH5/LPwKjNSPFFgCV0qbQhFF+LsK29U3NPZjtgy6s1vMSdSpdFlpwKiDmlZGw6CXM5xVkzmUcYAAAQAElEQVRbhgpdg1bUnepjJIV9OcAXhw3gUY+YOI7He/KoILuhiCPQbISAPhDPEYYUR2GZUgqUXyNxPrPH0rnCHaHAU/IYajyKa+1YNJGnNDQlaM9QmqtmHYQnBAJjPFtokIdRYmCDZlvn3MrhHvq9PNsoVofTqCZPDpglrbj1gUQFGuSSuOf3mY1wgkTk7Tcd3CD+Q8U4o9po6Mkw7bxZNyxuuOGmG9w11eMXj88/J+1VU3WUPtGe8sN84/7NuiCWBzn4vj22mUSwy+Ok6qBf1DPnNW1YrRy7NIV8G4So8cIi0RQjEpBXfO9h7WbUCVCck+S6XicaXdpXeqnMOe/bBb0uS2XCt3lv03p97PJuMplMJpPJZDKZTCaTyWQymUwmk8lkMpkeMSlEMSVFzGp8tRoNLTCCTUoOcAQG2RNE5S7U4YRiK7B6a+RaIxMP3tdDtb4p18r7jllxtRpXw7BMaXQQGcuY1YJxI0+h+I/Aereca6quuIsbgNadQ3NFBBYJclzwvriPIIJeKTJUkzvMPzFxV6UvVPKn/zuiVzioxzN/InV6tTSZNXLa0nZuB+aA2pdChbiafzRBCussQ/FE0Z6qdQKsFXfVxmCiGpg1yR1KHlYO2eAEI/E3UNgHHTVXxnAyKUA3I1naCx2nKyI/4NR7tjxLi3TAZV5x+77rO3cnHq2gRIuVIGoSFBuB1Ab4sn/BuZz6VejzRcYPXp+OVBwiaDqT9wkV9bHzrvewRBgTDil5hISUgePp0S2TiKxVauoVRUoV9AlhsjGRgamOG7UzuEFFucqpqFsGnYvSeRJ3j51ZYECakmPiH3SDcz3igYMFhE7DZLY4cxTLC9TJXbgT+WTPH7jyKfmdgFv4xdnFmYtHD+kg16WkBO1czq1+5FRYE1fok5IZBHDz4gmOe1uBDg+SznN5HieyZX9vIdfghYyAJc4KG3GEmLz8Bag0npzO06QgrxcxNWqWWMWNFF9jgyZ2wpJoHeFO9K+C7o9rQVQNWeLKNOTTySILcGIIlslkMplMJpPJZDKZTCaTyWQymUwmk8lkesTEqMWchhAVtw9o5UvJUiAGKTdKdVt5E3JSIDMFbBIQYEP1KnKuGMfl6ij/DMNqjANxHeBqgfhY1RiH4/q4+wMmZ5ie8dXvRK0eoJpAKB4Q6ZAEggZQX2Mk4iSmKA3xhJtIkA6jJ75TSocNLCQuBZp4nUL6oDhBgJt8SmaYDKxRM9gQJdr9Tdak2ZfpAJhV1v1kDOHUU4VekGVGbgt7mVBVORecOUzHjQjRE3GC4rzghEWoDMIGZ1IBlK2j7k7+ZO7YckrBKbYcv91d/kW3qyswwHFMi0BVilagwEE6L8ApGlTyl3Q+StKKuFYw8SW0iVJEfCqalIFYk5DYl8InirDpve+8H70bUr6dhBENnFKSKPAGmCRLaj1EV+NsGpBIranBTmOxOJNpW4+cc4VFKjsojwTaK+QVx6vtiMwnJbhSblsKY1y5tBixL2SJc24zQarCV25OnOTfCzJM8YSyOGVK8u/Hnbn54tGDYsCkZ9HHEieo4TEmLJiYUzZQn2Xv/BPOPNHNV4penU5gK3cCOzxOZAz3fRdlyuVVjtavLq/IQxw0IY0IwnEY2HGFrGn4BuaZE9hDx8W8VHi/xeOoAnEtAIf858FP0UzYPCZYD4IKl0DpOf3yqBZaiPhYvGUmk8lkMplMJpPJZDKZTCaTyWQymUwm0/900sLdxDVoFEubtsF1P651KjISCo+i5+C6rdRviTrRai5//b5EumwjTrgEGeNAxMnyaHlpuTpk4kTOsKWoLfTG3FRCrpOafZSIaOqYmxJiRqESypGgIJIAbP3QVD7J1KSCLyjuDtyGxEVycXbx7GoS2OMkv+67jjCWYgdTskhgRpFMLSu+FNta2cIm0sO5JUAqZ4PZaMHMEqLe25YfQDVJAD0BsQdOG8uwQ/I+gVuBGwEi+MQWGkkNUby4LujV9RwwN2pp+1g3bu8czvbYPPA4wWafp49OR5xMg7yTDzlVE+bqTgFMFUpD+ZRSgdcMqTrArh2NkG8GO1ZUKicfGwhpSowm0I0h9xIgJkoQAc9+NY7oEwITeqDcnQFxlX+TnQVdCgUkIIMVnAalBGYVgoRfkE8JtPyUq+440uCSzQOKM818ZZyG9uj5QC2EgFx0yFXD539WKYWUephxE2lGUqz5dsAaY3Guv+6B5T3FF4Tyr5563VPeec/bnRMHJ3U3kQgkcRBxj0Gx0wn3QnggdZh54rmnOZ7fST512Pu9cszleZzIfpz+pSYi+RKhCxG7PnZ5OSYWKE+Y6MiJikPPaJlIeQ3wBNxB8rzKB3WFciWyybVOSlDINlRvmmJ6Ios94VNQgtKmmc02WvqnyBM3pdOMUD8iV5IzmUwmk8lkMplMJpPJZDKZTCaTyWQymUyPurCUmCUBoQAEtbAre+lXzgszAtNLrHLscSK7O+EgGspkjju4ulvEdLRcLleXlsPROK5yrZwKrRul9uP7MC/8Q2N/MscvqmGAUhFsbwJeyqZsduLnWAzm6urE4rhiI8GGLkLGVHeTrgvBB0/RPHwS9jVB5VKgqbsrkAHQfM2/tE9L4bUnsK2rpZY/bcQ1wGJGetSd54hAyT3i5iQ22kB2rGF3DPLXGJ0bHd2PSNwJYDHBAKow4xwRqS+926GNewnu1Dd4t+CYje08W2vuPBrGXSlucpy6wpDgDLNav5K2SmwilIBws5I9jyiIY42OMZJ/ibJKjIqgRyZRUnl+yaYmEBxC85c+5T0DQxbBQQ/5xy+CX6Eb0OXfI8XtEErFFJWXrKk2iQbK/SogiT4r0o0twVc699Y7zLYZ1HrPZwiUf4OSr8LoCXVojBQANIBezjWPSXk8lDXBaRs0+7qz4boH4B7kfsvmxx3ctOj2VsMRIyhy5ql3+Zn++l/7StdsmdpbH0tl6bTDxZajvOPXN51/Il73uPo0z8+D8xyf2afgpoGUxXdIy4IgoROOqIz2s84+W/ouNyXfjd7vz+Z5MyZlKXdbPU5kvzhGWbWYLaPLBQI+wsIzSphXvdgNYRiJOdF2jiPzH2mMCD7PG7p1DN2R5Ylm8eAGFwKK0ST5c6IRbrogSsslhs216N+a8kLrKM8NzOzEZDKZTCaTyWQymUwmk8lkMplMJpPJZHpMqEUUpjiYaUtrUQLMpjitKSsuIXVZ4Suc1qMdUyyFTiluAjiVsPPrNI7j0fLoaHk4jMsYR6qlS2wC4Boy0jTvsuqM0DAdWsJELtNLTwUTIacTDsRxHJFTeARmaMj8I00UDEUHsaEL12JzzbzrusVi0XVBA3r4DN65kgHhcO7YotkpFUKp3+oXB4CUsNm+0ffJM4UPCxNL02AtiO1ruSY3wpfKOYi3RUmvyDXgWkT3EBEj16ojBCJO1LWCzW7EygAlCmarOUSDVUywUa2DH6dTe03A5X5UKAXncOtVrj1xktXV3s9agrgJ6lRGCqb9kps/AsB3T/NwXInewdovhZUYJ3IajuPK7UqSZULmJ0QG5JvqE9FRCfsQVkD2J0OCIcUhRolYkafZUflfnnR2xSgMieTnQMmj2uoUIr464NYf2GpJU5GNUGYeua0Qh9JLRFfEOB87V/iJ4zxO5Pf5/ga81Dia8P7PuOEZb/vAW1p3k/y8gSYWuXfc+yYa0aRH8T5pWrmUzqvHFlxv2od+PxgfgnBBvUn4dPywpek2V5+V6ZyyRZxcxPImqaUJZyeV1+oudHZx/ub9xzc+JTQOi3DgLtvjZPo9pNETBeQC0XKQhMohFo3AoHy+LoS8yJG5U1J2ZhliivQjI0ZNZ0Ugfx2aX3npqM+b/FXIk0mnv1jyFOekY5b0unpuPKQMtRh0YjKZTCaTyWQymUwmk8lkMplMJpPJZDI9FjQZMcjX7LlCLbEGHKYjxgfNruXL6SUIB110GncAWg53jRuKHqJf9Actjg/jarVcHR5dWg1HMQ0JB4ZOEhQLgq3cySklpeYthAFMwUAMmnTMiIDQJ9R2JkaSIiNc/EYJc0Cnhi6+GH6Q+r6n04CwKhyrk4crMTagLUnlylPSEFd6oU0Fqs1z2yCIStsUhoOvUDCaBsVJipSUCneBg0C6AOqYwHeBf8jaJMlvIhLQyz2QS9CP4CYtscJhGO4RF1zRpzuPwhnlsf7B1aubhc/UpkwbywO0IZkX6FriRGkSzxxRrKeZMx3ChhTfG5DYneQUcHA6UWhCe/TBJYpNSinP3ADQB8rcoSwlRqwIH5DnEAPNqlTOTzNEiZM1cmpdOE3C6gdSoLZ6CM9AXU+EfpI3SNktaVwblrnHyRpj4drf3vnrFjc9uLrHsWkP75Fufdyt7/jg7wlQ45jwcvp8aoZWQUoaB5RCn1TfmgKK6KfQbuGRKyyOV2rEbbAjTgmS0jHxUOJ9XNnfTfu7cucEIrvtuue6MneFO+n9nicAbZ28AVeXUpyPZKVVdDyXcfSMvtCa6EJyLQcjzJkPQItlfvZlEeg9UvJOjK5QhMOQh5ZSx2j2eIrk4ZkseJ4XSyheYHXu4BTeBNOQqrVMgXpk9dqFij0a65DJZDKZTCaTyWQymUwmk8lkMplMJpPJZGqlzhlSNpUStlQiC1fCZEWxtWAPE3U6EYgEkZNmlMyQ6qAvFVFoiuNYSsP5DPmQmMbVsDpaHS5XRJwgBbkgExGyu4tc/+V2XAF3ohXtpmarxW5+7YHzIzr+6r2Xt4yMaDCOmrJovxIXUmuKUKiBQQBBDFIkmKKMm0sFCMHp0kKKzJpYkZip+Axt6x3MNjYnKdVYLPVlMYkoxFAdr9pprvDWKBJpPQWwJIRxTEMaE2eecNRFwFz9ziXsfJuYwQE/eVYATue9/NtxuZqO+tBnPeklL3jmLU99/KIL6/tc5rmHlG6/6/2vffOdb73jfbiGgVxTdbs/wg32ZMJScL59dpTcSahmITLF/Np5mBegueFRuQTyOIHJB4Vzn+g3Yw6Uj+IpP8n1+akDHPiJllMRf5QfVZ6rxFQIPtBE6sAxU4GxgQmUKh2rBiHywrMpC8NQdK6gM565E9/NuZJTeZzU61/f3/Tg6oO6P5lqQOe7Zz7ulre/7y28Y/Uy0aMmd5PJAUVSdVp3k8qazLa4llBxjbMTD1ghTpKbvYYCllS6Aiqbko9N1AbvMBVPFBrHM4uzTz/zNDcfk0U44y7P46RgTGX/5TA4XjpCgCBJYwzf+QK7EMXjCNATlybkBKeOlokOy9+M3sfIZieO/5ZI4NoYy+IZo6B84imlfeWcpU3DEgaWdJHFyblpxmgZb2IymUwmk8lkMplMJpPJZDKZTCaTyWQyPRYkERzYVF0VkShJMVBKxmJwAXMMQoxOqNCoBWhgPw+p5uP8QkqcOAJKxmEYlqthtVqNcWR/DqqCK6WSamG6FKCnAmMqRfZ0ct/ENaA0o035YVgkQHKciUPlVb2MkDRTm510rZ6RnUyYW6EIJJowSAAAEABJREFUidB3FK8jgA7H9PBLqrzWSqxYv3hhZxTuQXE7wMm3pAE5qoFE3WFd6pKiAyI7oUfOv1GUBYUhceohMFYepdoJJCoBD2NcjSnmwcy98Z3Twc0FZvI9IPQEPNZbgBVsuLx67ymgoZ0nXPTd537GR33Kx730GnoafOxLnvPZf879+C/+1v/z47+0GuIEClThNShpdw1JcowawAgL9rVGT8zAlOSmJ1Yda5wrZhPMDan7kAIoCh14eWLK1PLMfASaNWxiQYYoED15fxDm4HmmeJ/fjQQR0NSKtA0kpglnj8munim2pnvKHMc5J1TibCoaITZEyFeioJcZS3Iqj5Oq890NC3+wSpfEWURWqA+9+bl333fn4eoi767sSGNhwlsEm6B+66etl4kmGcmWhHWJKbYd7CakqyFO2UPY+JfoDZlcT2rmTmXklFZh1xOcXE/88657vi4l2n8arr1wtnRaPyk8itvhcVIGu+y/HFZ8LqKT8jrc0epGa1ZgIIiWgdAnnyixiaYf3bAgAAudMMm4BBCfFF7fQEdsiKO4n8hbejdGurtsmJMwsr2Wb/6oNIOpHYKC9MznnNmcmEwmk8lkMplMJpPJZDKZTCaTyWQymUyPDVW/hFrDgxKMAzAVxYt7yazSJ14gcUqQ0ar5rnJgrvzGFFer1VH+f3U4jCvyEQAOeEkpVyyxEg0SElKL66VpbospxLG9w9IDMVQgjiZ4+TJ/8F1gZCQhGbgUUiahBFlMVU7pl1qaUD02dJyp03e91OdBzRDa40qABkAzaGqIMv1ybdemAWzan9yErygR1OwQtItc5xUzCwkFooiMUjIHTi2Kjk1YyLyFPo4pV4RjJLQohD44is7wrsACAgEhOGi5CJafUUc7hn3LJ1dSI/6cT/+oT/34l7prrdyDT/3YF+eR+Y4f+UXZsj5pr5o7ocK9nqrUyndwGthQJQBlxm9CJ/UMYncCOLs3WLgMhYLQRUhc/Kd/mC6DqIEp+dMo/zCDED2zRT5hpLni0wR9udH5/GbMOzkK36Ht3o1J008Ua9qafoIaVdWiApAYH0hMlMjDQBgXqD2LK8tOwnZoLtfjpO75+P2nvOvi703mRZjyc/vCp774Ne/45blzSRI6RvYRFqa082R3k3Yf6aWch+mT+ls5Ej4POIetr4mT67a+JmU8HJbeAdy097innnlq6V0iLxuXzvTXO2VxHJzscbI+kvJ6iCOvbM4xBJI8uZGwvwktA3nmJLI+inn0Ot+z9ZUMkPTVC+vmeQVh86skgUzIbwkwCUIjutizc9S4kmmKlFXmCFtBWd1qoE9om12XE1wDAE0mk8lkMplMJpPJZDKZTCaTyWQymUwm02NJUOp4gpx4rXhywg7bK6xJKoCpsRnwNVFHvg3vXIl40aJyRErVWZLFyXI1jrnKTWVYJ3EWLrFxALYtOh1ZclyfivK5Oy8OJ156552H0tVa5JZSOrLfCrucYA3TYYsUKrl2HUdQOPpmv2PiRLJ4pE5fC6MAgFvbrwVbcafY2mw1IuDq82SZgm66Q+2uakfC4zziGLPSWOEX/Q10pzj/gu0GENjChViTLkDoA3Y0GlT5ZiyH6tHiqAITKFOglxkEtL0DeMU3bjrlLU+7+VM//iXuYdOnfuyLf/7Vb7j93R+kN+ozcpWoyaSurY/rP+tYS+WHistHjXtRxIsHPU34F6opRy7iu+JmsnkVRVg44IdZBu4b7+rBTb2UmZWvmCDKI5o/7iA/pV6hCJd6INzE5weXEII80fLL1AncpHOu5m1BnYVMxEBxJSJbHe6G2rKQf4YTEyUhtvg5T27dNaS4grjL9Dgpfh5wXf+4/XD3UbzoXE3JSU8494Sn3vSMu+65I6V1XoT2KWuatIH2KTFBO9xN2FWo3ICag6OOT5ynU17PvU/qHRNiaIuvSXnU+XV+Ul9640vK1EChRjx0NVun0Dl6W3d4nEA7nvWoPvgxjuOgze88BS15H3gxo/t+GFfAXiZ9N/aLBa2AvObQwp1vKBujsEOMNCwWFxnfu4CBVxJaXHgKoY8BytoaGYCjy0SMrqyJhCEq3OYjX8KXPyROF1a5NcadmEwmk8lkMplMJpPJZDKZTCaTyWQymUyPsvSr6BzwQAVqZObATciIpCvo3qi1XuEYcmVxTEQ4cLHUaxZP8cZQBGM6FmMaxrRi3uTSMA75h7dTTT2XN0vhuEAbfq1Sz+kgnBqjTSl8CNeywe/+3rswM0OuYxIjQl/e7yB0PkioRS72Ji4bk9mJFPdzU3NbJXjFERTj9Qv9vvNBEBxJmYhk+SB1XBDuhOunXGOl7/DXArSrsTYlzcOJzQSW/jTRRciVbZSUD3BhQlB4uJJUrqUKr44M7E/AFgPDOObyccRBzE4ofYf6RZ1j8ICwhlytjQhi6NL3vd/b83sLHzon04CzdRwEJYim6vSm3cDOUa9WBfKu+X0ZeukLnvWw2hnkk7/kuc9U6MRpT9FNXjsnNfm4jzt3udLbPLOnWLOZWaewcPeJylG+4BEoNijVJgfrbRHSgbCsoKYZ5KIhyJP4fuSnJv8XGcUKRA84iYgSj5+koTMeqvWJLgH8VvmJ2gWov0sjoe1vA+vgFXuc1P2fdPCMd158k/qXlGfmhU954fsfuHs1HMnz4Rj1KVQKCv4mD+0x7iZr+9SRVzQMXeNioh4qnM3Vep+44u7RuJ64yqZMrif594c/7kX73T7vXogTBwfdedAUsdN6nEzj0Gw/e7B/tFzmtYOotBiRfFRSGRBa6flG5eaNMA7dOCz6LmicGC+OhKlR4zv+MyAX8eXWKICUJxHPPeQDyptAzidiD0UYSnHN0nlUQB/CFZMrE0UWUe+uYEkxmUwmk8lkMplMJpPJZDKZTCaTyWQymUwPlwgzwMkrYWuxXxxB1DYjYWTlAqBnFEOoiW2leioojikOaUU2J6ujYVjGFKF1IWlQDL6S21HzXzM4uIz+dezowaEnvgMfqNKetM1qNqClWkTp2pjLnJyiQ1k8Eh/ha8YNrlsJYCUycDetICROObgOcjllcaDAsh8Xail7SPEUFPeVyEOq3hhU9Y6Cs7DHCbUcISaCCAiYQeI/gOwkgEvsECj2BNnuJXT9YtETcRIkC8WB4DQVA4Bp4NetNNxG99vteLm4SPV2qGP17Kc/wT3MevbTHj97X7gTEZzMnexkU7rNYdpm/3LS6XfPcwWUSlUeZrjGlssIWFLcRyp7IDE9crt0CqvHERZXDcQF+Z0Qh8KVf8JL2AiIiJM84UbGp+poyeqB1djEUbhKkgswIsFeHjUryjv19FFAYa3hjceJm1MmWxaCNT+P/OnZ7vrz/Y0Pru7hPBpKpWGOq/vIZ7/8VW9+Be2VxGJlcjfhJwoLTcIbUsOUlC3Koyglh/UDUM8SaO6U/PaSsNN6nzSuJzBBfboW+JKzg88498ynHTy59F9JEQ/dHtmcTGNyGo8TN/c4kd+Pu+76vDTz2kFaLpcDLdJL5l7y0HhUGyy6j8MwLmn1JvyIVn7K5wJaUtn6qSteUolTkxxhe9pNeT+teRKoA0FGMpKnififlJwy2k5eKBwY5ta6Rpuu3E/JZDKZTCaTyWQymUwmk8lkMplMJpPJZDJde0kZsBQD19kCIVES1/lyDXaMcRxHKSZ65hXW95dCLFUFqapLNifjsKRonaP8Iop5ghqWnJ4jAbfu9gATGLFbnv0cyOCEfkNPX8wHiaVJpdKtuAhVoVPuGmX9EG8SBKgRIxf9dv+WnBR5hbWRWCrIUEZPoyHY+YGbNNk9KHPC+2B1c+GtyaXIBEBuVUwjlWVzlT+RIYGchU+blDhI/B+dKhUIQUiDIPdC7BXYWkGIk/3F3kHX77HZhZvsZSZvEnAzT4q1F27j7mwbFXeiYHPPvOnMXu8eZh3kSxzLCJ2WO9nQ5TudzM/oOQ8Jmlsxm2eoEICDyWaj2ORAs19zPLt8FKRG/vVCSTCbVD1ItNyfpO+03XPYCQaGTniO0Jb8MyLlOHkyqJBoGNBGsBWIZEMJ8cAgiyJb0xLjmsAUQqJ4qZD26QNz5R4n5fbhUw5uvTDcnzAW75DcM7h+/4YXP+tlv3X7/3Bu5mUyczdJ6CbwBJs9xRlF9kntPlCIGh4qbk91NNHHr2FNptfKr0x3uiBBefvNB49/0Q0vIGZMuRnyCskL8Zn+xpZBcVfkcSLcyQ3nzuVFj/ghMjuJyZ29dHh06eLFYSQfq0jOSLT2DAmFJcubPKTcDJ+8p8wcEDSPzKCI0/PBh7pY+rJeyltK4imTMN91n3Tp46HiWc+LEYUwMXTiiTgJxADSLKuBZxAdokEnJpPJZDKZTCaTyWQymUwmk8lkMplMJtOjLq41S2VQKoFKV/hZeoGUDRlboG+YV48TIU7WPR1wikFwip5grl6uqKBJlU02R+GitJ694U4UANmES9bkmwK128UFCCAiyT+eDBeoktmxuYLnb+/rt+nFp4HCHShSJ9LX7V0IXRYjJ3y8ngzYpMCJT4Fr6uZ8Pf0IBXOp7cLSM+qXoDbq+JCksOzKccB8CdSDOHKCvv+fxMKEzQC4Lkylc6rxk+EEsQOR687UOgZppPAP5SKSkJI/6+R1LgsvFvv93n7oy3jQsQFrnoWbvFiwGBRUgKa0d93NYX6D1u+Guxzh6Sika6OWLJlTJqflTjZ0pdBJ5ZaYO8E59rMpfXYae5byCM32orNxMouiCOVigAyeNGQKFMsfD4ozAc0dydgRGISAEyajoPM48oMc0TOkAklbhOJelJQpqTyLXKdOoO23uFlQWlrCbftde7jTz8NDeNrZ29554Y3ciVRNNJ52w9OPnnb4xne9znF/1N2lAiT6EE1bXE3SwfJQpTrUiJPTiQAmm44msgUEDyqDXrdAw50oopJ3Or933Ufe+OKGLNE+HnTXdb5zbnIrceX3acZkfpTrPWWPUVhS52VlObO/WJ45GAlwI2Oli0dHh8vl4fJoTIVkQhmAKJ3mNSvl9Wg1RiL6yDsp8HKJJbANCUahD7zYKvEvhpWUwKOb4jXrSVYfXrjZ+SSEfI8C/dURFxjiXWJyJpPJZDKZTCaTyWQymUwmk8lkMplMJpPp0Zf4JVQDj0qcuIk50D0pA4EZCDYCoeoqRSnogRMkwEYfWmTOFcxcl0wuDuNqoACHFRknBIelwttWkCUBo9kI82a6UiaFOQiwizhRbxIiLHJLHQQn5U6AiYrJZVONb0hNBTyQfCjIifi/lAGBWuaXOrL6ksDk2uBKfs68cVJkxmJQoUeVfiEllvBwMZ1CrWJAh3ATyjIid5PEtfB8ihHEhoKsAhQa0iGUi4MAIVLZ9iUxBMSlouu6vf2DbrEfuj2g8B0vu00ZR9DcyTnNAHPWZOMGXZ0uB+948+3v/eD9F07YCdzNN5x77rOe5K6iGVoC3wLWHKeuzVfRE53OmAGaqx5/yYlHqS0u+5cHRV7rVl9xIiw+Olj/Sh8AABAASURBVOIxUaK1YJoCcvHkXWVUCA4gUovYFUhifuL8gpKbIDqI+Te6KPkojhKf8tMcNacGZEpORM18JCqLUhxEWsoE3Iw7ce7UHid1+7nuxpv3n/qBw7vIrIn5LGGybn38bcN49Na73whuCtfhEyR9yUFirbtJs4/CJvJb3UqavC637miSGvpEnYga1mTuekLZOun84rqX3/SSHrrE7ibSl+RS7/f2u3ObniWXNSaFO5H7nmSJ6zhni+1MFvuLBfk9efIiObtaHR4tL166eGm5ijHSMIrpUopjpD8J4gtDTij0FyQvMSkfJ0umOJvk15Rt5l2IYSFuKHkmBZpfUdszIVE8+lB4PCZX6DSErYjpU75Y6HpzOjGZTCaTyWQymUwmk8lkMplMJpPJZDKZHiMSQ4zieVINDZKwKFKi5q/yT8SJY0+Uiqq4OQMyfYueKYroRoJOxmXEkXehjJdSaJ7VDbVKqyXdbdDJ+osdPdKzcDAOJTr4gEBfsyfuQq1ZonAebMeQONiGCQz+Zn4uv3ad9FHDgxorDMTpEjhtTVsGFNUZgYdQzE1QqvJ0sQLrCIKTtw5jLuFGok1o3NKYxtyWmEbyG6D7ESV8ByTFxOkVPBSQhq6ZuPgv9IlPWN1Jcte6RIYGlKrT7+35bgHklRDY7MaLO0W1tGGKBSZOYdarLeN97O24Uh5ld0n5199wx5d+y4+tX2YTQ+IX3/D5n/bS5z3TnXgt2P1Wtl0OetLNZzbTPh7aE61JPkvltTAjOBEoKl9hkrJRsAZJjXHiSlKUmo+xpidNLFRBDsS9Q7N6MAI2pie6dwlwET6F4lTY2EINWfITkx+wCJA84VJ5noaQpyF2BHk4BrtoVnbBSwoPzCcTisuPdFCRt7qyrBEnzm3x88AT/TyeuP+si8MDl8YHJ96Cb8Nzn/yHcuPffNfvaiuca2Jb6HFjBKXm79R9ylunpNe0j5BoypFMt7O6nvCW1vWkZVOk5/T7xr0b/+iNL15AV9xKlBoJ0J3tb6iUyVV6nGg/aUHnljg2WuIls893K3HoEUC/v3e2X9x0/lxemfIitVoNR0erfOBytbpw6eJyNeT7T5lpvAgm2j4GptkSFqcTZtU4eQfGvvch8NShPzj5wh395tAvx6svMAST51GK0nRZlJ3+kfLo5wuuyWQymUwmk8lkMplMJpPJZDKZTCaTyWR6lFQr1FC9TkppnQISykcoBieRvvkuxAl7gYQmLKKpxXMNmz0Cksul5zFepLrkEXl4oDpwgNZmq50BTgXZ49tLJU0CLXQDF0Upr2dmLEFlcPEpIdqCnU6qV4ljyiQKa8J1zSSWA4xZUL+hkZvMIbR5qIOmdfPidMB141n7S7WewRC6SCzRPLQ9l9bJKMCpzQpZBtBbIkvGlOu6Q/5Ur0vZPolgFEdJOl5bkXTouJqrUT9iKCH3wLW5P5AEFQj9Ym9vsX+m6w8ciKMBkyX8KXjnqpMMjzCqp8MaU+KnuKWpr2v37korwngqRuWJj7vuhuvP3P/ApRNOgu7G6888/sbz7pjLbR7VfrQDPXHFCGOXuramX9KGdAs0kUprh8EakcLPxQmXKtNM8IfmBDphFVMRx5HCQzj1kJBrCNGgiTL12ryfL9E9BZmh7Z5prdyp6BlzSdIEpJiVfEhH9hjs5kFsF9mi0NsEimFNAzLrpTYDpo2lc5vciexweX4ezzj3vLc9+NohrYAf/uosctsTn3+wOPNbb391GazqXDK5mwiC17qbiN8J4sSv4BQY5jVnZ2qU+pq4uuTNXE988UHRaJ3rF9f/8RtfnJettd7lPc/2N3kiUa6Nx0nZI7YIR15NoySJMabn+PjgeaXwkHyXur24jwKgnD9z7mi5JKRwiDERJJJ/HQ2r/PdCVikOAJPpgWMa83I8YsynVR6lWjXx+hnYnyrocgRiwcKYibB1zk03wJ3iD4bJZDKZTCaTyWQymUwmk8lkMplMJpPJZHrYBVC9DLQSOVVLmx2waFelr9bipbIslcLlsLxweGG5OozIRAUmiX/RQmh7nNtwMDiNcN02Qu1acrWUgnQkW6cE5FD9lCgVuX7iDJBY2gIE0nipfoodil7gmIu3NWgHu9AA+pi/vg/IQ8DOD1TmZQonuihJOjGXZKm2nV8Nkb/hT5QJFYnZgqA4TBQuxBVYJ7+JXNH1U+m+4kIUmpMr1wGgC+FgsVh0i73Q7TkqZ1M6SnOb3Wl0Qp134h38lXMnp9AznnTTD33j343p5EsE709ocnvXNpGXYyGYJo1mXd3kgkP/xrXTNDxT3ad85BzChFrItgajmUk3woSEqK8GcRU6iaNMiymzxkElajQSyk3kBKw9hcK86ISDeQOJX6AUFe/lWJqfQUAwylah/B1gVopepABjUthlugqfow5jkrZp6Ew7NFuGuTp5tHSF2+3n0cHiWede+I6HXpefNGVKCnfytBufefZ5Z1/z1letxqWrHAk6Zbsqd1JbIg9+as6vmFdS2ox9TQqnIrxIuTETCib/iOtJ9UHBG/du/GM3vJCJk/Xene1v7Hx3oseJO7XHybRQaCcKPQO0SimXxsuO0CqUa+NoOVkseuLo+v7swcHI2V/LFZEmeRkbxuHipYuHy6MxRsndUeclBnhopaNcHZ4yKVKaD5sASRyad5S4I5M5FL8qdkABTjzz2mbNJDKZTCaTyWQymUwmk8lkMplMJpPJZDKZTI+ySnaMph+0AAo6VxGTlMTiZCeBsVbXZ6QjDmm4tDw8Wh5GN7KhBzspYOuQ0RY/T1lDlD0rbeA36tFEjHC/gIqUPtcyA5MHVM1OxQGkRtQAMRn0lXsPhTih13NXiG0l7zo4BT2B0jznxP2labLUgvmi5G8SHecUUWpOkgQixk2isD2RM3TkiFrhdvXuTGYYjRcEn7u+RaFoKIslV2s7h733i77fX+wfhK7zoUPwhTaQ8fRYW7o22FOf2tq0uuK47TdI6uR+fpZTC091BEUgBe+uhda5E3cqy5Pj1cFGiE4TCOIlykRL6tvO3thR7Ly+3p2SFqNsw3QNLfYHJ2FWUP2I9G6Tr45MHq8WIzC742ruod4+09xAnPATkB3Je4hjUbBMPn548hlCeUZRo7tcndd8JLsoMSkmJkhOHi2ipXDeV5wPzmX5eWj+zn44c8v5F97+0OvGNDJxkurvG84+7mP+0Ce+5q2vfPDi/cXLJLHXhrIp2rC5u4n6naRmuyuGUZKzM6Xn6GA7vaJCKSlVzxXyO3nKwZM+4rrnaavoRpEPCsN6cKa/ofd7tV9X5nGysT/vl6As/UlvG3UcV8PofeK1cXI3IvOoEORPR9dR++ktuP39PbI6QQJPLu31R8uj1UhWTjHGo9Vq4IiwmH8D8kpLxB//VYi8AgrrB+SdUxgr4ZwCypIc8jrdFdceR0CV9964E5PJZDKZTCaTyWQymUwmk8lkMplMJpPpURbI98lLhU9YDSdf2edCIJtw5CpiFlXMK3ZQPQIa6Vfo2bkg5aruhcOLlw4vjZy44KQWzTXPIHk97mo00QZecQ4ob9XaQr4531FKEG3TXB9GX0rpkrYE9mZgNMVTAo7GPPjKmpRMnFQ73tAduUZLpXy2gElaloU5QUPF6BhRLVny5XPhdcj/U4DOwBiMcDgUnYPi/EAhJU7wEueK50rLVyimEGTYYe4pgrprLlV79hDou24/dPv94qDr9thZQBACXwaBa7ywnuwyO+VEPkCtvOsnW3AIKB9dqU7HnVxDrbvUbDbgMtGT7tgBQB0+2KRm6ohi5YB2sT3Nb3Ua2fCwaHsiIJXb2p6tWyl2KQmcVQgoqE1SNyT9BfrSs0tGcur7w/Ydnhk0elhCgaP4AZNjBXxh5KLgSujrI7q9hQ1F4U7n5wGVwtgP5551/oW3P/jbEUenJJAYq+B+v/8xL/jE33z7r7z7g++sQTuu0kKC0kzuJlgcUGRH3XPyOJnDYpVBqb4mE4/C61cH3fPO33LLwZMq7yY5RBQe5vyZxQ0Lv9/2C69oTNy2MSkdlVVAXKEYSCvzswJAslrRypVGTzFKoNYovLwHcH0ADKEP++fO9MiGNqvV8vDoaBjHEdPRsFoNA3JQDtuicGAbGd9w9hJ1llLFZDFCXlkHGggIKQVMQ6LgHc+fEoeC1wY6M5lMJpPJZDKZTCaTyWQymUwmk8lkMplMVyxBLAQ6UZ+BptLL6EkaIxmdOFd9UKbQA9fuW37no1ZpdXh0eHh4aYy5whgjpuD15FRaFrOTa0oVFBcQkFIpJTGIZYkUUEtBXtiPWjwXYxPyRGFCBSmRB8WFotbM1y7kj4cJ3DSGBc4gVxMKgvFsb0IAzzgMq1yDdW5UnxGpvqu5jPiwKHLityMda0zEepZNyc3JA7Dour1+cRDCQej2wQsLwdFHG6PnYKpBVw7JOYfrpEIJEroarOSxp5O5E3cZXe4qmFNonmZsKzqw5TFor1Dcc8okrioYieTmbJIms7ep3D/AAo2s74T14gV3aj4XWooRhUQcQAnHgfV2MoNFrWHjlDptojxp7NzBCVOTo5LAKsIbqEeI8Gl0ueQOLy0PzuyVpjm4Eo+TLUedCdc9+7oXvYP8Tgb+NIGyVLmD6aW3/rGbr3vCG+547TCu6imql4kMu5se77KFPVHKkHnxNUEZSmVNXON6IluSY3eT/DQ+bf9JLzx3S8c5Nmut9eDP9Df2fnHK3l3umKTDJSOEDsqdrEyM8G5JGEO5wXKFSDfTkQeM0yUWFHAB9rbpOk4o82RNsuzCwd5e3iXSpZaH7HoyprQi8C7/l1fDESVmKRU2zyvdllAmnGczqLyeJRlRskrJq6o36MRkMplMJpPJZDKZTCaTyWQymUwmk8lkepQlmRhOv1tOW7QuyTVEoiUiURKys1QWAxS0o5yk5jaUmmY6PDq8cOGhmAZ2MkBO3fBSt0QMsyutC9zuz3aoIBOFO+Eshq5j6MTzd/UbagKqpYcH8UDxVNelejCXS0mVsIEG5qh1/unCiA2YAMXhhIJGUipdQEdDOErshFjGxFxpXcU0UmAEtYCKz1RYBbY9EVuRAhIk5RYQmpGR7lZvlXkjqycFsTdd13f9fv7xfpFHpXIHibkfdj1p+jbjiKDd2iQNgZsFCa3fi0o6uKvUo0G0bOFOnNtFR+GxLeyg3p0ySQKX0sW9hjcDrruYTEkuBcso6S2STSU0k3qOCCO0BpToBdfMZnQuw64mN6E8fKbKsei9JrolATlZqNMPMkqi1xATIfDlisk1xjziA8KuO8wV6MmjTnMCvgRVi8DLEfeJvE5yay88cKFCJ2XSKfDS0hXuOI8T2WN2VP69H84/+/yLb3/odUNaCnfC2FdiMxN8xuNvfeINT33DO3/zrvff4aq7Cdaxr4hdw6CkpFuU2PCuuJi4+rskcpXO0D77Yf9F5z/kSYsba3/adnrozi1uDBBKv9Z7d/VjMj5wQe+1LGIleAwrjoSrSwQ5AAAQAElEQVR6r6A9C5NIGuBUfFHovjMW4nkV7rqQ9+j6PUpm45img739vAgOI9s9UcLYeLQal0cr8kGJAy+UlNDjQqAFE8kyJyZBsyAy0uTZqSmv1EPMXYvOZDKZTCaTyWQymUwmk8lkMplMJpPJZDI9qkL9BjtHGSTJhpDCMlAQDcp3z9mhhMIU6IvtwkVQcEv5zj59Fz3Q99i9d6u4evDiQw9eeJCPjlPdkkJ2phJt685wbPs2N21xnwCq52sBtiPepKeiJ6hliTAb7GVQivQgZX2QUBBGOpQXAakXq1IDwZTqOw+GbOIMoorTlHP7erA6xeRC6kjuJsuYxlys52pqrquSIUTCkeru9I39lKQ6DOvdhBnukqaGgdwbqQbL8HoJBmJSgZgT3y1CvwdhD3yfL0OsCf3nubwfxFEAm7FOyitMyEJBIGDaDsfcPHxkaJELl5bf9aO//MH7HuL2rH/6gg95yl/50y9zV6QSM9Jucluvcrw69Y1o50+xu3B6CZhAEr3xNW+lzDhObqq2Mvp4Tl49KqiYyTY1KFHBwnBtlkHb2QaLqI2VSyTNW0G1PymPslrkYJ0b2nnawLiEWGkkfgLZH6MkqIjpB58LOKaKMqOSXBndhQcuPP7Jj3NTo0/282g6gk2CzLRPKq/3w7nbrn/ZHQ/9zsXhfvUsAeWO8uu9bu/Ft/7RZzzh1te97dUXDy/oM1X8TsBpZ6qdEV9SxgT0WpOjifqgNFto9/wUfsi5p9+2/8QOOtkfOWVGXufz937vbH+95yFsSJHNPl7VmCSBTsqNRvlh4EUCbiaSrJr26BKolF87vwRSSRhl8dNJXD4ORI3kFTpg1xOGh+66M8SSpBhXw2oYV4fLo6NhuRyGyCYnkY1x6Az5z0sc8+noFjgYiUsJ+EgsNSaTyWQymUwmk8lkMplMJpPJZDKZTCaT6TjViiQysQDlm+01GoONQ9TghF1DoHqiSDRPUlsOzB8vx6MLhxcPl4eRfBlSIU6S53KqXnLTj2GLppo4KFRRPpgdAVOLk8vt7Lqu7xeclOM0WweLq4fU7xUp0Fgh3Ye3eQ9aXi0l5OIFUKEDqdb6GquBk10AKL3CHhCouEmKnE1E3iaRrE0Sjk10DhXbQemOpNfZqKLWe1IphIkccDU4KPJd8Vy+F2ool2QX/eJMtzhD0An0eUuxx2CnADV1gWZI5bTrgRV1fKa3CJdLYDhXkmAu78Cde//Wm9/106/6nV2f/vrr7/jkj/nwc8Uj4wq0bnniNuwlTlJ3iv2wDu9GgpGrN0VpFKiPBMyIkynEB9qTCLxSiReR3zj9lgZNRMpMJcGpEAuCzEC9HOMK0Ni/wEQ8gK4QApyAR52mshfWB052RA1zycvNpQcvtkNS/D+c2+3n0fSw0hXtsWoWI20L0N963UvvvvTWDx7eWU+AxdIk/77p/BM+7sWf/Pa73/DWO18/UCBWNTdR4kT3x2lkNKpGk3ScUij0WjNr5Pcz9p/4/DNP24PeCbencUTFswTdXjg4019f+1VxoY0+Xu2YxAce0psIBY5i5AebNWY6A7QPv64EBa2h3UcZDmS3J7kkr7POTXBefse2S13SBtEqHN1BXidXq+VyWJLxCQXqELUSGU5ZHa2Ojg5X4yDXifzJ5a9CJpPJZDKZTCaTyWQymUwmk8lkMplMJpPpGssjpWaISv1bKo4MTSQtZ1NKDXjJUFBHAMfxIfmtZ0sPh0MaLi0PLx1eGuKwlq6CD89X0rk8qpVMqWxyng6n5jB2AVz5BHZsYecVaUaouIkUQ0s1Hhrfh1Sqr7HhPGbVViZYKp1T7BoQxf4kl0wlSSdyqk5KQ6peL+C0AN1WhPGkjpIVRN1RjF1SOZSNasjIxHM+Su563y8O+r0zodt3fsHEiXe1PC12FVB5ngk3KQPStOua3rotPiJXpI94wTP/4ie+TJ1ORM1JP+y2J18NcSLa2VSc77FD3XrC0LSzb97DOv+xflkJPNG7NNmLlL1nfic1mqeZs7NLTUpNS6Y9ZviRWzuLkCN8fkVhsFhYJCjTufYH1TVD2DOiCzxy6pS6sigCxQhK6Tl6VJqDYp/yi/s/cJ8rnhzuMvw81t1NWi+Qze1POfOc6xdPuPOh1w+4FK+RxA2u3ie3PuUFT735lje+8zfueu8dzq25mySn/jRMvqmti0I/DX0yuZ6cDWc+4tyt1/dnCt3iZu3ho8701y3CftnucA6bbfZu15g0R20fjfzJ+MH7paewNpLYzC7cxinBzs+xkDjy5yQviHllSTjQ4iwJTQwhcmCTCx5psQaXun7RwUHqEjtjCbVC+GLC5Wq4eOHCpcNDRlAwL6nL5Sqlqw7xMplMJpPJZDKZTCaTyWQymUwmk8lkMplMVycq+raZH06iXtSpQ2qmagci33GHxvFCvuTu6fAhjhcOLxwuL41IX1F3D5tqoV9cP6Ru24XAVUug2BgunwYfQOASKniq2UlpeapOJ04L+lvqqXK1Jo5Cr8+FY8/tiM5VxxNxUUkiTiYamTUZ6V2KHH8j3/xHN5WzYQ02gZ04RuUIsLQ5lUOkGs/mEa7zfhH6/a7b8/1eCAcAe0j8Q2AoRuq8viZ8bF5tAw+6JmYC693c4iNymdrf6//2p7/cXRPhcb08mZLZQZ507S4w7QkbozG7gCICky9MQ0JJEZ9jXU7hNdOaoZQL4hp+Mn+LWB8rNx0CZRdsbU1AHT+EPxGORMKsivtFQVCCq54Z1HqvkFtCMtuhiCl6nITykrghytlJdNKU3v3mO/GTXl7thFq64lg/j0pyTEfh/Cg3/322u+FDb/ij77n01g8e3VXzd4Q44VUm7fX7L/6Qlz/36S9627t/9873viPGsQ6S8BPSSWJWYMpIKhiQ0iQ9hOececqH7D9Bxr4sLVM7aeWC7uyCInWaFk63at47PHFMmqNgc0zk8+Vb71CjGv6keq5AO6KgJ2wdd6aP+aUgIGU9ms2w+qmuX67+FYm0lOZf3UjvPXTg+q6ny3UCM9Je+cizB3vn9vvD5YGAkBHx0qXD1WpwJpPJZDKZTCaTyWQymUwmk8lkMplMJpPpUZWSJE1VUdQk0Shw0pYvdR+gb/bnGjh5nBxdvHh4YYirmDdMX5YXIMPtrMxfpgTVqIEv0jB29ugWXaD0H0ZkmDgBPUBKqbmeGcJaxwtusqV8j6Ugm1A5E90s0EYp3rN3igAtUTCdGCPDOvkteZxwPTqXm6VS6mYuGYhwimGZ8klqw5vB5YYkRx4njm1KcsH2oN87F7o98AvwvfM9uNzx4ApPICfBehPRNQjDce2ZoB13BVof56vnTq6l8AS65goMWhropGIj9bkosTN+80qgs9zNmlTchdwamFTv6RbXlXZHBT02rrZ+VwTkgukQ52DjzAmmBhZDk9le6oYiIIbeaMrRyXuy8xAfJG47apJCb8nmJAkYURrx7je+I44xdP7UHifYJMhM+6Rt/h9rx3oITz37/Bv2nvSuC284HC+KG0fzm6iRg70zH/bslz33mS+6/e43/d6db4xxbHN2nFImULN1it8JXt+fv2XxuGft3SzLifipFF8TbVVuwH53di+caRxZZu3c7NfVjIleZRyHt9zO+0EzTdqnc8ush7KkqQcPTnuC8kmy6kPDO/F6KkeVhsnrQINAcVTeEy3oNKWMVya2hCJ6MMDizMH+ok+K+bnrz53LS6wzmUwmk8lkMplMJpPJZDKZTCaTyWQymUyPtqQeiVR19YKaYP3KeqlyQ1OGLrkY9EX0RKk6q4uHFy9cujCmFUcfJP7IcfEVlTu5UuhkrSje1EGDUCO5TJkr0uR0AkHfk0cA4SiYUBNkHCfphCDZMYkzPrhL6neCW4wnNKdkzhlUBwcdBi21876c+TDST8wvczF6dCXrBAXhmdfl27K97BgogGKzKXKJOJVqoaSsqL2KZO3k7vehO1jsnQ/9WfALBx1FlxD8AJKtAzU6h87g21vaeF4cA1Z4d0312OBOSpe38Bfram/OiS3v9OTzixVABBQewubZoM82wo1ce5r5u/mZywVaUsXVCv+xAVel61BmSsMs4DZSBcTeaDq9T+UkMD9vHSieq0QQQAEaUJ2CNNqKmRQXyKqIc3aY9xqOju584ztueeFtcqpdfh7NKFS6wrlZno5raQxshmd2tMOz3U3PveGj7r701vddersm5qiXiSbC5Hd96G97+gtvecrz7nzv773rfW9/4MH7ZkMJlb3ID6V/4uKG2xaPv7E7Mw014uQ7on4n2Pu9s/11/MSu+5RMqFJpZ+nXVY2JnPvwzbfDmLwPQsk4Wh/zWumZlEt6izdmXJ1OLW3jCw5XgL41gyme374k+TQib6xhRft4YQrrqqSRaXl7Hsm+6/b6nok+7lQnSIrJZDKZTCaTyWQymUwmk8lkMplMJpPJZHo0lQuLbcCMZOo0hULHqTValUf6vjnVKynhgwiVtBqPlsPR4dGlOA6Ja4xS8/SuMUMQV48r5QuS2HRoewQQ8ZL4E4IP+X8GLhi98BrxoeVhvTYUlZOEsn39Wo09ANar6/tmTOQ7+3wV8W3gWA1yORnpR8J02PukfCtfPFGchhRVQqC54o7xSfXjWoLm6yVFg9gLIGIeiMWiP9cvrgv9We8PHHQcXCIQAeD8FK2PQSmQ+0Je4Fp7ChXQlJ6P4ReO0xqPoAYRx8yLR8DIYHaJGdMB2/pZq+ETLbKL5uimHB3YCk7NroGzJmDhm1pdyajrBQrZsG2STbAN4gxskhNsa0r+OAG2p4rKSrjJMGMiWdTwBCW6pbFBknEcZS+Pnq1/PD8lHhCElnj7r7/plhd+iDutn8epXEBgy9hC+/spZ267ae8pd198ywOr95UzJMmdIaSO15Tgu2c/9Xm3POW5D1267613/s7d73tXHZ28zz4snrF3862LG/d8X2kV1/iaqIcKY0Zn+usWYf+YFpaWiYPI5XqcbB8T+X3xt94ayXFHOyhhavLIVxyvmF7V82Kdpk0TsS6xUKYPbEw5JXKcICkoixkvPhpRxItbqv5O8veJcEhPcUuVZUnyRyB0zmQymUwmk8lkMplMJpPJZDKZTCaTyWQyPdpSIKPYmCQSavVRy5Cg0AgipyNg3jKmcRVXy9XR0bAcKVVn1DwE2bU4OtRLuKuW5vzQt9/Js4SNS7jwyF+x55gdUMAC1XEA1/xKtBKqzaskivYN3ZwB0Fo5VziTbPRcBuXqfP6nJukkNjgZU/4XmThhKARn3/R3xzAupZbaVHEn54pKrtQTlbSj5KW6G8L+3t7Zvf3rfDiLbs9B76Bzk7MKKCqDYiUg29STAetIlH2bVtTBWbsT7qrVEkk7uZM733ufe5h153vvbbALFm6Hgpo9oHmxEwXpeE7BFnpEAB+ZYutHYeGMttIhzu2yOYFtBwigVbN8OGXGbdfmGJS2btlTppJrD4GSqFJnaiqgyTSnsJ5vcsoIDajAsxkZ5qK0WTN6PgAAEABJREFUGTn/23/jDX/yb/256tZRnTx2+HkoYLVGV6wdtTEKMP9NR+2Hs8++7iUXxwfuuvC7l8b79QyamDP9zgecP3PDS5/70c9/9qV33PWG1J2/ub/hWYsbn9KfnyCxeuZK/wi/4vwi7B905zSkZsPjpG1f6R2e2LtTjImr9/Hwd36P7EcgOOWIILqomUdOvUfUo6ZRhQq3OuiAm/NWu9YLWddA6KJpp9p/bSKtu+hGjDFV35y88PquC5auYzKZTCaTyWQymUwmk8lkMplMJpPJZDI92mqRAqUbGlJEoJPKpCRiTpBdCHAYhuW4XMVhGJcxjpq5M9EaXOIEdFetuUkJf+2dORhPaTG5FkrVUOCgHKdVV6/1UCf1WKewCpYSqLApa94N/DsJVKPXou/dY5M1QtVwSNwrwkwQ4zhSng7l6iS2NlHWhJSqF8ZORAN2Vr9rs6boHxlMrcWS+4gPoQ8OAn3dvzvT7Z0Pi7MO91IKbA1TwzfkH2FvfHNFPmE1sXGhYRqg/FwbnTgJdnEnb3zbe9zDrDffzpdYAzqmt7DBY6wJ5kdO6mbnWhNufTlNn9oA3HbcVhJmS9NgRi6VA3hKb4lKms7N14UN8KGFkRiZmCXvrA0TyGowXwVyM2J5XRqgj8kMywB1+qAn+dL9D7z6R3/hj37Gx1+Wn4cQNpveIWvHujm94Ta8Q852Nzznhpd/4OiO91x8a8ShIU6AgsQaB5T9xcHzn/3Sm/duOb94UuNlgvUWlP3ZEQRhvzu7CPseAs6vWNuZ5Mxu8jg50cFlY0xc4VFga0/f82OvfPAD9/YhdEFoPk/xRiAJR0nuMaNTIKus3i9eUJPat5TlVsZ2Wq50U30ja694m7QUoKRMVepvckvRNUuWYRo7xFmsTxpTjBavYzKZTCaTyWQymUwmk8lkMplMJpPJZDI9JoRFEqaSqqnIVBzEaleQuNy3HI9W42o5LJfDqlSWE6Ma7KcAqVge7EIO4BQ0gu7npuq5ZOhoBgf9i/W79FCsSipg0SABiqSAeoTwHjiF5uh36tNUOU8Km3AtF/VoBVcwoibpxDGx0wmZmmAqVXjE3V3jKya3biBS2oEbjhPQFG617gqRR8D7Rej2u/zT74fuwMECXQ8+MEHiqcrtZjAHwLzgPmtjUiIBryVuUq984h44FaYn/cbr7/iNN9z5h1/wDPfw6Lfe8q5f+507KmjjNgdfPjmh+ds/1jL9nOKB7YcdM+ZrR8C27acVyoMw2d1s7ODaR2bnT1rfQbJwCBXBaSO21MtG53V9kWcGS7qKznKv50HPE/l1P/srlx64UNgLdxo/j7pn3b886OsozQx5KTTG2rGP33/WH7rp45905rbgO3VE0sUmuQmvm29pCAzZX7iQAGE/nLtu/+b97oynoK+d7WyokbZf9U5taefGmOixDWsyHbu8/6Hf+6Gf/sD9D3zggQc++MD99128cGF5NObjAkVzeS9eScB3QFk/tUbSZxXEDsvrqlyAoeY+8xyoP9C8AF9VthNI6DUnrU1EqxhKu2TCbFk0mUwmk8lkMplMJpPJZDKZTCaTyWQymUyPmuTb+JHFYTGYS37BgxYDpcyoOTOOiBNwg1tdPLpwaXnpaHW4HI6GtKKqJ5eHp/Pi8dXAU5ENsF6ezM2qoTpqbeInHxT5Vn6tXE+FS62Fu6mIWfJ0qnLXY8RUIyMYQEkiidcpVVFPw5V3JpeTgYgTrjhz2V0dYaT+65trzQGTYigzC9Mp+8CuscrXZaoGucBPh3YO9r0/E/pzXX8+l7LR9Q5yTbsH3xFXAAzeNLAD7oZhGk8Mv9HgthmnunHXUN/4/7zibXe+3z0MesddH/imf/9f6VXjLbKdkrqiynZXX9V4mw2BGs645uMm32hiENrGyOlKo6fDNoQaiuVm/hNyILiZL4YwN9IcV0wp1ILCN1eo0T91HsxzdqAFV+iqQcEF1CsoCwHV2AJdhHIgPzNQUqaSgmPolhcOf+3HX/kxn/VJp/E4cVtcQGbMxbzX679xmz8KNRD8k8885/EHt3zg8B3vv/SOiENB1ZKsocXXhFkQ2VJ8TRKvqnlBOejO7nVneEiPu9bxvSuEzWX4vmzt6Rv+40/de+/93tO6HegXLvr+YH9/b7E4t9jr+0BrAeco5WWX4o7Ef4buCeWrySvqXUrThFNzlDpo4AXtK7PKlQWG5xbPdZlhddLzNRWB09nLSWXUACablIsDeEQXIpPJZDKZTCaTyWQymUwmk8lkMplMJpPJtEO5nEdcBU5WEw0t4b2EG4gzB1UvE8bD5fLS8jCmccj/pZh3QmYyUqTQF/7GezpFoX7LDm3AguAbFTuRHQIBMZ6bGGqRmtvtZydl0EQMHRC1pDlFuDRWBVIHn2qlQq2QbYlUPqcgCHY+iZLqkPtNiUJa+y8/Ag9IfAT5wWDToobd4UJwGeqm2A1us47K5+CwC6e2JXw6hm9CLg6fDd0ZH8jjhEvAntkf7gGkcvVCJ2CxfsE28KTp+U49csXdTb+Te+576B98zQ992p960R9+wTNuffrj9xfd/l6/69hLR6vN7Wutz7fu7e/+4GvfeOeP/tfX5rtYDmbYo+6PG0fi7jPuUIdbYJP1UxYjCqgf50coURm+uUWz41ENLnTKTNjJ5vME8xdIT4m2yePEj0g7wHGay3SiBGvXn/elnGBrhFa9jxVIkXlHTyzBU3Um0yeFVSvPcMlyoWnAGS7U7N/9uV+59WXPe9rznj3v4BaPEzd3AakdwC3Ds4XGAOU2ZsfWa3XQP+nMh+afe47u/ODh7RfH+/jBTkKxyW+nnkuT30kA34eDvXBQFqwTrtVe0TXeLfWoee/wdGMyG4n3vf6tb/qJX/Ap5eU/L1aBoLYUVquHlss+hLN7+/uL/G/IR3Yeeg9nz5ztQ16JYr5yCL7ruhglQYzul3B7UCASmQIt8MS0CIEj4pWif1FQ/qzIYShTjtN7ZM0ufBRoyI6f8C3BVo5zlDKZTCaTyWQymUwmk8lkMplMJpPJZDKZTI+MqOLItUOsgAWqEYhH8FwG5OSY/EO4xdG4PDy6tFqt2AgkuoJQ5BdBIY98TJKkHtq8vUI/K2DPquriFsLfjvdakSTvlVLfDFyS5lQd74qbx1TnleY33ALUOB1U54dahMVSuJT6p1Q4S8oHlG/s5zIr7xWpwyPZnIzkipJkVCRFSLI1sHwlnwARnKJ2gEECrutrmVW3IyrkI2gJ9SbGyEPguUeMw4jZDOEGAcU3wPmuP+gXB6HfC92ZEPbIUMIJwyIV/mo9IKV7rM4AWGwmpGqN031oCYU6SjtquqfyGNjENODYfXYqj8kP/8xv5p/8+gW3PfVbv+QzNvd54KHDr//un/vNN7yznva0PghrsxDmGMfWk1QKA6ffMnNadTumfmUw5N1saMC5uXEPKVXvnvUzKX/glB3yG5eCtRfIRjnyetq7mEx4TZE65q5MjeK57I/Zt0wfkBViHrajb8uMLNcv8xHKVC4dxPzI/cy/+v6/9PX/+PzNN2hHTnA3aT1O5rFS21gTd7J3SH1u6NOb959x0/7Tj8YH3nfpHfev7o5pqO4mrp6RXD3CXjizoEf0uGs1VMiWax3fx412HuduIte58L57f+Er/u0wRAJ+ysOSF6ARYYhuSOPF5UN9IOLQE3TiOw83roZF1+11XRfCAhZOVn5+XNh0iu/RSLNCkSFMMH/s8/LJEW1Y/KbYXEUxGvGHAnGUoqnghSiZ7KDE5cTj9Jwd8+fFZDKZTCaTyWQymUwmk8lkMplMJpPJZDI9YuJMGZCslxIQ4QrtQc4iXE10VIr0uEzLo9XREIfIuImjmp/3WhnWciG5nmgd/OSrz8kAKdfSb++g1uE9WyFoDZqyGTotdGqcD7SVR6lk14CY9vxiNNIQJ67iA6lcvcEg6Lv7uZsEnTgyg4lplAQiqZDKScoh/F4cUxy2NEEhWmpvJosHhlAq66Mt9YKb0AfaO8r5ke//e64M5zK2D4v9M/3iDPhF6PYc9sfUXhlsAaz2NbPRboZOGjpl/DTt3RS4U6iBMBo4Y/OOr7V3x57H6XVveffXf8fP3vvAhYbdUMeEkw9eI0twgzuZTnniiWbq3DEeMjPoagMmWdtxQ+CuRHprFXnaOTSbdjvlhV87GRRbi8q7IDZ+QlDJLad3U5mDOXE27SMriC+LUUv30GN1dP+DP/mN//4zv/4feXLgmPl5uGO9QzYwGmhu+85jm70nUM01viN5y0F3/bOue0nCF967vOuew3deHO8rD7/fI2uTPcLlTnEtPOla2o/mWLeznetjUo7V3+NyeMVXfPvywQsSCwRqvgKRB9onHIntSOMYMaZAC7zvAhzee0/wvvfdmYO9/b29DkLfdXmZzhtDFwhFocizLq9Sif2g2P7E6WKstz6vXS0xgrWVhFUBNqslAlEnmlSWkitAD/058Mq6TMYnJpPJZDKZTCaTyWQymUwmk8lkMplMJpPpURZiroyWap+U+1CMN9BT3TjmQiRHyhwtl8vVaiT6YuTin2NTEwE98HKL4U1xe0IcpBoubiUcTKHbpSCZ65qc+SB5DABN4R6b01XDhNYiQmqgtert3LyU6/SfxP4lzI8gW5qM/CX9xMRJZB8X8ncgBESq5x40uifJabwT+qTaF2AZ2ynRhLGe0mV5Ky+9056i1wK92K7waId8PBEni/3F4qBb7KNbCFBSHSU2x3hjqGfb51CDjFBwbgdrcnnyW7eeBJRsx1B2Kd+n7//JX//+//yafIN03xlmBC1atFO4hfOog3n59Imq29hy9WN6zQRT1NTpy/ZpwpFwrTPNR5O2YR8bEw+mkBSvp9KYmjVmgl588Pa7XvnvfvzjPvfTN109dnicrN18dNv8P07pHbLLccRD97j9Z968/8zD8cHD+NDZ7vo+LE55LVhfhrZfccf2U7Vz7fcv/Z/f+8Db362pRnnVYuSDyUEa8ZhQR5sz0vJ2n1fhkd/yM9YdXuq7vifXk0UHPr9YLPJP/tX1Xeh9IGwoxbxMd2JXojONjmfmRLvL2KDOhwQthKR2VLqq5tMFKMuzzpga3AOPpWfKZDKZTCaTyWQymUwmk8lkMplMJpPJZPqfVKj1Sc3UAfUJcZ6SXBJgwjikcRXH1TgshxXZnMTRKT0gmArXB9FdLqgwI0LKNle+eM9NoIAH/Sr+5GACmqqDWrTEnYVzxOmsDZIyr3xPZXFk5sRpYg4H6BBuIkk6RJzIoervUIxTBG0Q7EOSeOQr+uihEDNqIVIAiKYx+oG4xdCrQNYmHLADlOQTR2pQknoxkKtAt7e3f77rz4Dfc9hxYoU7RnrN3bemcDFXDZq0dWF5v4V0KTfkFLOl7LOVjyHd9+Dh133Hz7zuTe9aR0Z2X3f3xcqOG1vWz4c7Xm/oMQ2dPAzCHcQQzKZoQ0GVx3YLLAXT4WpzUgmu3/35V+cjPuZv/nnfBdfQFYXYcFKeMp0AABAASURBVHOPk80Tb+Ew1o5t9p55hzQkh3MbjiP5//3uuvwz78QJ18L1vWfX2t27y2hn/R2H8dXf+kN3/uJrObFMY9WYeEvyQhYxXoAoWy3ft8jP4cgkEC1ODpYRIQ7dEIOLFHTmackKFMHjD/b3z5IPyqILfoGQKG+NmCLPATxEMzLLktc1cbLSvugzNmNomlSdsmpOIzXNl2sBx5lMJpPJZDKZTCaTyWQymUwmk8lkMplMpqtSqYaCkBOBc3WkvJtrfzHFIY7LcTnE1XIYhnGIMTm1IlAhfSVeTEoutwgIa+84gQHU8oDLlL5gGbSVVWI3NNVHvhm/cWYqbW5+DR7XWl6olFLJjdwGUYwjWbokjcxhDIWCHijUR68NtQlClvhAtgCRE0JkkGgPaTYyWuI066bUUik4wvMnvhoCcM2X+pRHOqYhX1XaA75bLM4cnDm/2D/joEfXoQ6Uu1qeAerguKvTJrWxc4dt3AlufQ/NscvVKG9e+6Z3ff13/Oz9D17S/XZwJ8VY5RTcidvGTciTsD5Pt+yzqU7jn0hN+oywOXDCwY+ALsfj5DgdM2cQpjs4Z5ImEkJjqOilGAF58PJg+vIokt+GEBUEKIB74ytefc+d7/mzX/Q3988f7PY4AVT/lXrFLcTJSd4hM/eRY6+1BiOdfK2GCtlyrSvzONlF1eQ9L93z4C9+1ffc86bbA484r4+cCEbN97K0cUwSfZDYfCTxYkiDCB1bLiWxR6E/DNAlCEHuXIzMkbiLq/GBS5cO+sWi70PIx/iODkghhL2+39/PHyyEz8PyTIHeXSH1EMpskeQf/lwnKi+UdKwsvnlZpCXzGs1hk8lkMplMJpPJZDKZTCaTyWQymUwmk8l0xRL+gZ01qIbnmTiJ/AEmHMZxORwthxV7nJDNSeIyn/eY1OlDHD+oQOi1SOjglJXASgZIXRR98Fqd9y7ot+NBK/fe+67rPHQ1n0WyckrtVr5TPxlpuHk939c4kXJZlLI7yKmSdIf8TNLIyEmKcUCmQphY8PnDiXNRokR6oXk0vnyZHzR6h8qranLiQS9ElVP2LZFuISfqUH8FSMkXGR01ZhzzgA+r3JhEpd58ib5fnN0/c32/OJNfIwYmTnqnRVyYsxlbhdOLuo/2AmbvLksCAG2Rv3ygYoNZwXWvkbff+YF//xOvuXhp9eOveJ3QTtPuO7gTV6ig03Inbjt6UrfjfDPuGPJuw+oFFLzA5mQPj0qd/hpe4phpVUelPH6u7eZs183tCh9UfkBTdcQwSD6Cmpel08Hh+996xw9/6bd84hd+1uOf9ZTCari5x8nafYH5ndruINLsDU1jNx1HYONabse1YNe18NhrlXMKOndaj5P5EE+/73vHe375K7/78N4H+r7HvMSRVxUkYYIkCmyarLIkeVdmkfyJ4GgcCfuSZdDjiKOwdr53JSNptRoOl6uOl8DAwTjiWLXowt7eYn+Rr58XcdcFIColBHpLp2O+kJaMREu9ukURGIMyH2DuiyVtBnhYHyKTyWQymUwmk8lkMplMJpPJZDKZTCaTyXRKlfwXCrORgiWV/RxGHIe4GuNqGFdjfplG+j488xLAv8UERDJQeOOpcZM14YSfgH7PXTCOIIVm70MIlC1TLCKkoVqGRKl4NpfGUnCXkiV1TFEVbjR7JiikUswnEsaEKcUYE5Mn5HGSmAJJWgPn490EaNSR83Jlz03k317qsxPBIGkiJQioid3xWkbnEqpAMHT5MQ5Drt8S9ZKrs1231/dn+gWl6qBbEHGCFH8h/i/ooC2/bgUNcPavNL2pej9cldsTzlv5oeOOLYXv8g6//yde0+yzdtfdrreXwZ24HeiJ23k0ui2+IV0L45RPAafiuRJM12jwTz7NlT2b5eSwsWWO4tQ7VLq0CWK4+cDKIypjhMWYSNEK1PydtUmtTBvv+NAH7vvRL/+2D/uEP/7ST/24/XNnWu8QN7UFNn8XSuNU3iHHO46c+oq7PE62uJtcmcfJLqeT1cWjt/ynV73jJ1/thnFvf5/sSoZx9JAXusDmJRx4kwqkBDqVdaFyUAEgFB+UQr4gJPUnYegOXcQUmZzziYJ7vMeQlzdiSDAkl/+MXFoNwZOVVv6IuRO/6LvF3qJnXxRPa6f3TKgEz8ihl+VeF002fFLsRdbhwp2YTCaTyWQymUwmk8lkMplMJpPJZDKZTKZHU2rFoV9wp++Yg6cSZozDajhaDcuVECdxyJXGzvtaXJ8cNpgQ4XAMhj3WsyZO0QZXfEOonliDZrQqnUuQfdd7znIoJgrgcPJTwG2das+OtWoNM/wiYeSqq+TXJI6YEPAkMl6j+0GDmbjKkOh1iIdxhZQBrpVW04CapcJMDMEkMcVmzOVMMHWWvuePw7Ac4yrFRFlDPnQ9eZwsFmd9OEDXY2J3E7pJXs+giA4cO8KCPTRV2jZ8aDZa16qM24IK0PxeE27L2Vk7jyAjuOPTh4c7cetUxXE7bFPX3BK9qto2NOdDB3jsiMttw+3zfFN+uuC25qFr6RBce3GCJjxG/IW8dKsiJxWkcJqeAvoPzyl5nspNLKSWbGKgQZ8WCIh1rCYJ01anp5wNx/g7P/WLb3nlr73k0z7+wz7h5b4L8xbXaTfjMC7LOwR3+pSg2zLCu67odnicuM1rHX/FE9tZb8K4Gt7wk69++0/+Kh4OAYLraTrmAQpd58c+jhTcxbsmWQM5SkyWQh3/yPe48H16i5tHGRL/k+STJJMBUmC7J+dpNSV6EaKGtyU3JODwMEeXRuJOFl0f8p8VCJTE4xeB3vYd//T5ZSeLmxhw8cMiZlxiJQV4hZSjyWQymUwmk8lkMplMJpPJZDKZTCaTyWS6ZgqhFmo1/SOXA8c4HK6OjlaHw0ghL8MwoGvzF+Tr8JVgwLb6umn5sFMomTJQisleMn7AkcEJEzCuCx2ZnFBujXyhXlJr5EJa8qbwh4QawjE1EtrfJUZGK6goJwD+ij/jJjGOYtySqCBakidotyRZOpQwAXoYMR+VMimRQFRdTWmMsfYvn7YdogqycDdluxcMQgrqiCNHGg2RTgJdd0AF2MXeYu9s6M9i6hK5B3Ra/acOQ+u9crxAa85NuI/DdSzkxFvXOlU4vYON1t6epmGVKWkvsO3K2lncegbX0kTXkDupJ2kvdTp1c0ZAHSPcZV+8ebyOOxJ2pBxt7MVToT69Wx7XnQ9wM1k2KIgJdoDS4AJEyGc7R71sBTXfaTyCdo87TM3E5cVLv/q9//m3f/qXbn3ZC5/+4bc99QUfEvquHA+bv0/pHeKO9SnZYOuu7FrrTifpFNc63t0kr9h3/u47bv+t33vrL/728t4HF6HbzysosTx5WaW8G4q16YPvelroyJSEeDt6PRITl197TbVBX+mfvPixJ4qum3xVAuy0+bw9yAqs1GGShROrWYpTCEn/dtBOq5RWGINP+XIUx0NOJxCotT4v+cGHjhS6Rf7dswNKx5YonudVDPLnwmQymUwmk8lkMplMJpPJZDKZTCaTyWQyPdqqZAZSoTCNKR6Nq6NhuRwoWCfGMXLQjFeviaYGXsNi1qqvp9OErVCxVBxOKDPGc1aPZ3UaWBOcpPm0NXJs6JNdpfJCZRTOhGvaktGg1iwxYqQ8HQqZSGmGNWzpVQ2yqSBL5QjUJABnlXKk6msLOrAZinrDOIZOKnJBJyCLFSrULgLZu+z1/SL0+747yFsYGfHI8A009Acd7k/PRZzw+RXxFddANTSjbtiyj6tOF1vRk4eTO6mnai94rLpi3dHu6DdsReBUQ414BXdksyRfwmtmD/DmcbuvBZv0SPO4EPWSykbQhBZlDNa8eGDrSz3R9GA5Ny0Qm+2ois5d/OD9v/PTv/S6n3pVfnCeeNszn/L8Z1/3pJvO3XT92ZtuOHfTdYv9hdvhINKcc+Ydsmv/wsNs3kd0G04nJ11LgZwmT4f7XyiTrddq27k6Wj34wQcfuOeBB+958L733nv7629/15vuTOPgmcTLs61P46VhJOIEMS+mnYe9rlswwwE++YTeE2FHUJ9PwBZPgMm7KK4nzumym9JYX8sihyDBZiWOh4etYCAQGWfhuyZGT7SjlwAx5lOEHBmSH/NfF1kW2WjKDaguTrTyA0eWef1rQC9dV7Z0ZDP1CC9TJpPJZDKZTCaTyWQymUwmk8lkMplMJpNpu9hkIBf/cEhxOS6PVkyc4DBSAA1qlEHZGRPDIogwkRzFp6KmgVyevFAY9D13YMhEv/bOlUaJUeDCJ7rJLaIAL9z+eYWdPUigvi61dS2hkpEJ0lf6xzhgGok4SSVWYvJHSfVkpQpePqo2J5PzxkRCTK4qVEFVTIK3FVuXdsy51uqowquV3DHm6+ba8P5isU8eBd0CQo/Ypxic6/jSnKoDqVIs0xC4k1EKaQYrTXX7em8r03FFSMZVap6zs40+mcgLuErupEBWVyGcmICt6gSqOtbc5BTeJBva7e6w7lyyyZRUDuYy/Ii2NBKYelIcRNgK4RD4orytPDWSKFTgKGUqoLmNycXyems4zrGqaT3SEIKvcBziu9/09vyD/OAlbg/yvOdnrOZmecdrBCdeqROHrCRRvD2EpOAHPspJeCi4s5AavqxwNiifpnkbm6H2tdVQP0pOjY5cOSEk79fHnLJv6LyJjJVQDYagJNtwY4Wmc3x7e9rXE3SSl7Yxr9cMoMCwyovposODBdL66rBn16WOnUWAfESQMBQXvRscOzVxIyMPRCdrVExDWeWJIUkY8/k1TYlvPveBG+Yh8p8KKABS8kDwCrItFY+GOFzRvcdiiILFEWVEiMSnSP6ZdIz+SOUGkwMUjwNcyRNkMplMJpPJZDKZTCaTyWQymUwmk8lkMpmuoYSR4EoxhbusxuFouTwajoZEqTrs/YFan5+Kp0nNRfg7+WsnPH05m8kQ4LohVaM9lT4pUSFArj5DJ5YgVE+dTotTDbtgLk5KxwjV/aP4WLTRNgIA5AJ3Fgfq5HJoLuSOuQaKBNvQ1/aB6sXQ0ATrnZrCenzgaB1iZRLLTZfWmj6dUmvHiZEapmkawwfUdJ5c211FHmo6D20kj5OuPxfCXh4GRx4FuSzbU7BOLY7DDrcOqC40WyJJCnEiHfRrPW2MJa5Aa9YTgAgbJ9t67rlrBroNpGLWz2aHq+JOdlzrKoTrdhydGkDU9mpl3s+jUo4bcSnBo7AZhQjC0snCSZRru5q1gu2ZxUNDZ0blxciYQmatL+wYb0OYTquNwK0Nq0pTU93EgGj61XxWoTp51OtuMy5av448ealmUBUrEn4B2HTQIbbDwRyGr2BKxWKmNia1FilN9nW4kJE6KHsRvaF3Q0yFaFcs7I4+5eWyBXdbp08aqdeSptHorSv3l2COBg1D+U/cT/zUFz4DOyVpAJgrCUWopik+MdHBN9oTfZOXLcQVxuXgAueV5WWs99AF32MgBxFaBfP2sBf4tESr5NZ4aTFdNqXFGNgt8o+gAAAQAElEQVT1BCMPMGMlYaT1lHugfRdbLFlvuHd0aAQnVlbC7jRzATFCmet6E73czQhq8kMHMleU/x0Qh2HkByM6k8lkMplMJpPJZDKZTCaTyWQymUwmk8n0qKpUbVN0aUjjKq3GOA5xII0x1ysDpd0AuMkIpHwtv9a5jycVNj8snh+ITcyM9xD6LvALjlEQW46phg6lqFuzRqRc7uV79dI6nK5YC93VQcDxd/bpy/mUGRTJ4wTZZcRv2IWAlnr5Ul67LmXeIA4soCYsIjI1oV8yGlIeL04ofGzogBxcOBlCupY7F9llIY045kEnw4AUun3vF/1iz4feeTY1QWFctCDuxBggV4ax1lvb+I7jbkWtuBcWYjJwcdv4IXeam7nl9LyjFuRPPOcaGLKLO3H1/HL3QbdfJnfiNi1Prg16oo9DA4J0cvO4P8IhKGAAbkIHkFkFhQW06X7WRoFAIDSOKYqAYaGckjJOUCgPHRxsxkEO9W4KYhJnkYaaECwGcM6N7R6cdiCV7BLbDaegBDNcrSdSOYyPTNN83riIsFmp7J8Kv8Kcmp/igSbmBifuReAfeqhrUI60TYySYNZ+nLaU7CH5DHQ8GNAhAkOflij3kEg12gGaOVaXGW0CCNaiN1e7WbgYUFcQsu6YeBVMjCXF2T3i3VO9ii6dvJDIWqLLXgPjiT2VWlR5uu0FFKQ+jUy15AbmVSTkRSfGLsXOi+WJ7xyuout4+AIZkuS1i470+UwuQMgNDuQoQz4meZr3+cz0N2Mc5Na3k06WATaWogyfPNuhTGGJXOJbrH4tSvDIfOexJV4m8Zt8QcfMCnh2QqEcOI/XEhozmUwmk8lkMplMJpPJZDKZTCaTyWQymUxXJshVPU8lvFVcruIwphgx/xqzHLMgvBeW6nHiaAQ/VXilnjsV/6AW/bUG6kP5MruGIXBAApVM6evtEjwDIYSuD71G6lBhUZIxJH+CL1uK6Yp1QGgKjtWsQUgP8ZKA1tpAvmsfNUkn/0tV0kLcSIEeuHA/gRl8PKVlcOUW5ORSQfUYfAAOwaBicPDAX8xHtj1hB5NQInjy9hRzr8hIgIGaCfKgXvBA51Gn0mou+fqu2wvdInSdVLPFC4abk9yERwQ+hS9b0DlsYiag/tK7oyPQ2mLUG6RRJxQ6pJVy745JcFmfPbs+oNu2w4zl5NPxjdj1qd5ovDLuZNuWq7A8wfq7ABe+nDzfznpTClxVHHHmMUuuZI24YrYBWMNr3BbLGlfMPtQ9xZdulLEpe22YlMTNk02gwtSpjeAhP5s/zXBVDGy2RdkPVLwG15Am8SthMxEnEVS1xSBXm8iFYhWjIBmzI23TS4ulv/UhKZYZAmTQksA4x3r3ZfRKe92Es5S+KtQBitK4gpHh2pX1POAKaSbn4G5OHEiZsprdUyCVCXYpq1zrdDIJJ15pY8KiNheaLdJ6Rj30IJQFX2gPoYEiOZpQ+E4AzGtUl9ceB3nNXtBqDR26vCrnCRloHU9Y/GZocH0QFywi4lIK/Ui3UgFApqASLfkJ0ziufB5bWko58AfLTS8wFNbfqFO0LlU886BxByJCh3vvsZnrJpPJZDKZTCaTyWQymUwmk8lkMplMJpPpURPAiPFwODoalitHBMQwjjHF4kSiajiAmomhv3cX7KH9R/JWQCu4XLTsOqlgBgrV6UPoYYqmoKporleKiQNKGd4DrJe7AeYJGeW7/1AAEc514LI3gSYj50LE3MmhQjPNSNSzaw0U2BzBNYOQf+eTEEATmDCgxoNTPwIXY/ICFnBb2dqEWRaq0HKv89VH1MH0+fW4PBryu75bMO2Ri769D1T1dVTLlV5Il1LTQWzb2Q71NvmpBj7tDPqR1tKxeDvAsad6xCT+IFsLytByJ7IFrgV34tzloidbL1p/u05MGqQp6pXjnfSr8deYMqCcGmCoA0ZJGqk3r0AKMLEkAm5I8xNDCQ0CtgVXSZuNnoMp4MS+o2UXYJoxwnM0F3UyffSiikwwz6CGIFjQAEG3Ulp76iBBqiuJhucUzyLkZ0nGruBVdfWBlqua+DLJqRECp8xmOSNM4ArOezy9kOfNlUUFqhEUR8JgmXWUqjU9h3X9IThDzyArCFmCeCz0hzREjDoYpRPrlUT/4tQqVLAGmnuDgM2Eb1gcnKghmDFHUFO+UJ5xHgCmcoIv2T4FckG6MXn3gLFDisYJ6FaJFqGOuBPM63RHcTxIKxOn8DDyB5RVhhweRtFhdF5Qd5jcrVFuX8wn7HsMiYFFx9AfRnbniagrvKsrbpkeUO6dwDEJyUaKYURXI8LAXduALJPJZDKZTCaTyWQymUwmk8lkMplMJpPJdCWKgKsYD1fL5biKOA7svJGSWgbIl88TfeG8rdS20Mk2lYp/cemQErFUqlHierK6vpO3XehC6JxWeKWAytBJSQ4p6TauMT2YWtJW77m0ygYK8oV6lLom2ZNkpRhz4ZJepMg+JVihAD2HhwmpYehBTFRqKZ9Ox5caCVshXAaUVaEDvYekRdFcpQ5d7hZbnkg36LK5FkvNkDwNZAwGCbjpevA9GaEwbkLFXjqPV5ylwgxaOt+CSDS3B9shUVOA7XX2Si2Us+JjgzlRtTjG2natrxc/kK3cSaM16saViTPnWi4HPZlwkHIsNlOU1CGUrBk9a6EKoLo7iINOeUi07C73wQvdoKEogBNNUtio4v5Dp0ughx07DA62YSdru+AcV0Fwc18PrF4cJRGlxuqEyi+hEhGN2xC7dKT5wLGVRXnksIwqFBeM5sGDlq9CpTCKqZGSFroCVEoGSlv5rS9GLzCb/+Ty5MpYs9VRzfyqUImvsIuuaOJrMlE3gt5NzjboJvLFqdkJ1MGkXvOdgAq2aW8FWIPUYEWuaWxl/8pjq+yYzoj589K6trQTQ+C/ynJo3yk1zDEIQnsHhIEZlS6/djHkW0vcSVh43/FC1clkp+AdwXvyBKQQKQrzkTsYffK05gZayTvopHEJSxJTwrgiwtHRaohCJaXGpce1MAowuEepQ1DmA5/LmBOTyWQymUwmk8lkMplMJpPJZDKZTCaT6VHX4HCF44iJgnWYxsjVwLbyJy+ltgyTMYaqlDvXjCNg7rLAHg9ThkYucHaePU0IsqDvyFOyTFPa5u/6E/mSBP2oNgWoIIWCHo3rAdTGQK3Uk8kJnSR3iqETgmm0ZO3JeqSkZ9COemn1cEhT4b0WjfUNnT9R/hCfvusZXpHG+1KYphppPmokXxNqE7WAkZcCwYidBe0cwiJ0C/ALMhAIgavZnrMjAmqATrFg0KGsRgDYhJCs3QFotk8j07gEuKZEDdO2xxJygsf5GGzhTlzjBDHb57hrlB3byyokAsce07zE9jCsCShdialRIgbIyKbsx6YPjBSFWkXnWeETmzs0lwfOJXFNwEhLgWhbsX4sl3Sw9VbW1JYGgUGsc4FpjwizkzcEhjwb+hQIKoHiyKKxMoDl2iWsyaGfvEkiaNCLXCgBWVcwxqGoDZZHuY5x0i1i9APYOLlgYXJab4/abdQfetjTbMRQdqMlRm9PwJLCU8bBO1eAO2kwus3J2E4RP/+kHK1nTQrA+DKqxGh4GhD2AuHFMWF5rJ0Tx49yokJg1HGcz82JJsH5dIfKJKkFTjl5ebA47EZDkJCxEVcMaiDkPwIQyZIkb8yTkpxOEi4JIhkJikNKA+sZqxPEyAMGyIsqxYuRI0nId54oOumJ5rSVSwtE1XU92WrFKJ1P+W9QSsqf0CJciEPBDlHvWhmFagVkMplMJpPJZDKZTCaTyWQymUwmk8lkMpkeTa3GYTkuhzFS8Y+iX2KT6SHCXfX7XXX5GcAgX6SX2jkVDok4YeiEXU8ItfBkJZD0AK5isy1JjE7tEaYCOjglTuaeD2K0AGqSwu+JnmFfksjECbueJKceAuhLjE/JqND6cOm7/jS+IrpzCdCgL+pjJKaFoRMuuKMHLb5zcTkXXckwRgETGtwxaoWfvF44mqcL/WKfjAC4hCsb+XKBMR2PBXPhjYmvMqs5NyDC9htRuZMyvArWtGYo0xnAnQxqPIIqjd/apHXuZP5y6+nKcbP32w9rK/jVWsSd1N72RF1anHHFKAS4+O4FjaH5kMS7JKKPVK/nowUu4IQSj8oXeSFOPADOWkw0FSiBwc8Otk8dVtrAzVpenrJG0H7O1ypxMPIETPNCG1kIF6/pLak84DxNSzKP9JsBraQjwA+J8BzlWc2jkICeE3nsXcW6lB2jiKxqLgJOAJYEYgPjFE9IZYXyDXWUtPfaHnlo+RhIFV8obAi295Z7kXQEcD5+DanTTIaaBePK41ssYTghiIGxaojkQMdQPJNok28BOgYykltT2ph92PryTKYg6xgG6Io6bYfC6MhqIhZNwvZJU/LwJr2RKU9OCs0hJpHXaYchUgMDZ+4sMIZEh+QFrA8hObk3yOwcW9+EwCY8KCiLckiYj6ERJmsn3yvily+q0Ak3N6/azOnREjtO00N6yVMNEqbH1GplMplMJpPJZDKZTCaTyWQymUwmk8lkMv3PqSEuV8KcpCH/TB/M+INTlfbWIlxgcnio8kSZhM5TjgyEIKV0ID6Ea7JcoAbNoElUbqa4Bmgk54YWvEC1IWhCR8hZhCxb2OOEX3C0hhgzUJla3Er8BDRIKdOVbJNYz1+rzOTFokqaOES14DGNUEr+UJMuyNqFwBZ57alCSt2Rgn4pg/vQ9Xs+7HFFuiP3AOpIkEAcessGKmpxMjUH3OR64mYjvlMw3wHLsTA5uNTzw2OrkFu9Y47dacadrAk2d97cunXj1IYCdByHtKy3prsf9vmcKFY4DCMhc0SCilDYCyEXWNw9uPpfA4+UAgh+urbOICGHsCb6OEWkCkCxpUVlDm14Q7SWQcWoZ5r0MttcZWLKIXJ5RQh054TNbeCjErfWc5wQ4ASIOPWtUJYl0BOln9PHgZ030KXabadgl/QkCUQh3ifs4eEZBXOJ9048LoDaVR3Z0gFsABH+XAJ6oOVOklvHdXC+uNVlDcr+Cp41KUDYjKoOIQE2RG5II/PqF3xA5lLQtTFG6LtOvEn0NtBYQCrOH5v2U/KBa9ia+frFSwa6MvxQzUK01eUyOAXWaAbaiI4nKK15YsM0JDKvye0bcFyuxsDEzP6i710MZNKETNC5jnrnOd9MbpNv0EHaLjOLM850GgffaQvJ+YTWbaduVQyfYLGuSpqa5jDC6Z5Ik8lkMplMJpPJZDKZTCaTyWQymUwmk8n08OkoFw7HIcZBXCXKl+zVO8Ctfb280bZyX606Y0tgcI2d8hW870LosvR79lx15AskKllrRT1xCE4utoeKmgik4ptLblIIAFo2pRgdqlimOA5StcRiFFBsM+g3fQkfYzlWrRrAyRY2pBADgqT7sG2JFrX5JOI74pIOmPIlhT6hc4OWekEtTNgmRRiDPAiLvX3f9ShFWmJNgg4Ve6XI7eDUoagET/20vHVTiJEvJ63FuQAAEABJREFUlgellO8mD5N6bwq50JR/t/qIzOiUx4QEIzh2Dzev+Z94Rv69jp6Uw3fSJ9tOIkhGngc0S121qeje+tAg4TGenUoCz1oKTQIxsqH7HUotHnGOFSkURJ4eZIuTikGFlumx3mAPCuVokElR5Q/a/qSNPBJwE3SiL4B64GvsDjbnwflEbMfAM5oB2LgPIQ9KcynCvdLUPnbTGL0vbIbSJD2lTOmzLB/khaPCMZQ7JfQBKDFBF01NDz2IF4psAwVcypqBa0k4UJxdSvfL/srUTN2bjVoqaTWguE9hWiaiBdPsAeKgIVqLkjyFCtPRDZT+84LB7jbFgIkgEIFXxNYGOamr5M20yUg0BK5ZsJsHQvtDDjE4e9qL5ZFuRl6w653CkgNFZAeRQ7Qx8l7CQTEOmD/l+ZIX3ZjXMDqgQ9cBTewFJad5XiDzR6mTBb3gOnz3UbtJj4NX8odnINmleLZbwTIxYAad0OQoS7PJZDKZTCaTyWQymUwmk8lkMplMJpPJZHoUtVoeDrlgiHH+ZX4slIZzTaREW/hHjX7Rj3gb1G/Ocy0VpPAtpcYQqAiZJeXW6TLy3XumTUoOhDIgZIvifa3P8hFSs94wbJhq1uQbQDYpcWSDk6TpDVPLoYFjJrXWKVJUx/X0BiwsR+U69Djek2NDiFnRTB5ujdT0faKSacgF59yort/rF/Tj+wUVY13HxV4aFqr/JgEspI9cmUW5BGwjIYrlCWd2uN3CbVt+f7kEoMYzHb/TFl6kvfHbP4O1HY8/Zrtm5jus7s5DFFMdqp57gh3ybOYUJheYB+DaffLk88EIBmiIDpngNNOdDk9yCGcu8aWCMFFOs2e8g5pAAo1bRTNfebe0fQiax5owg4ZlkI3SET4dlfupCRIbU3GOxn2orB1YnrqyGSbko1wBuOHiqUKPDMqICP1RQRyYGBelUYS9kXMziMIDSptRWJM476AuTGyoMu87E0BKeJQFD6bPdQCgAZIK8CUGHeLAgdWPptApWPxLlBxJbnRCv9EJyOOEpwHdd48NrUK/fXVVgqCsSfFeGWPilU6yvRCn5BzfeMNMTiYyeAwbkeUMzCZ5wT90HIsLjaYqFfcUfh/rIud0ouW57HlaU1QUU0qQyFwqSFxYCAOBI/mzyAAf5NcByOVKJrvMWLJ+4XseJ2scEOJOzXKEzylsVmLuRNigfsuyZjKZTCaTyWQymUwmk8lkMplMJpPJZDKZHmkN4xBxqF/U3163L1pDPVBoEecqfsJVcSUtZH92KKH6pOAm/J18/fY+1AoypyrEGMUzQOrXwTOFMeXq1JqsfB9+5rzCIRVciqWv3I/8buREmyQGC7VThedA+QZ9LbCWT7VsL34VU9l75v6ROAaoFpjlEKlye7oWhUxIRVcsAajOmqjBVHLt+kW32PfdgvcIPFocXJFL0Nhkm+iAY4ELaBxxfgPEFKM0b+td22b90ZSa19JYYNuej+HSLmxp3Iwj2fLJlg93HjIfnlOG6whlBa6Li3MFkmJ8SH4zX1VBLnYVke0TLTJ5ZaCabEABi3gyJ8nhcZXo4Nm2CeTwIzfbqI/Dca2XFBU3PWZYeQ0lYMRThWOihJWRH3btoAMTFKsW4EgpnYQoviy+urSIbZAG7zBzpTAXNs8jR8D4cj6YLG9wistSOEFvUXk45UztvQXvKmrhprFTYISpFXQF0ZARKNBJWQmgLArAjyvdSd47Rr3r1KOyV2NGgoXh03if6BJjSMxruAjzdZddlRjNKx0TSEzaWlg4fZnqRCgLGc7Zo/IaC01XTqnRSVjOr/Ytrsb6kENP6T43LzJwhBKthBx6lCgjCr1TYx2O46GQHUydOLZABBTzFuzyXwHChSh5J3jOWnMUxMNmQLpQKnfCmI0HqLei9kaIHN2ejDsxmUwmk8lkMplMJpPJZDKZTCaTyWQymR5lJYwSKSGlx2Je0HqRQBvKwTVeX4rp1e7DS12a0z5mx9MpfQdUbARJcsDqqQJJkRMnoTNeMzPASZ4ONAhGE9rhcNYelG0xK/EvUuRPYvmav5SqPTSHuImhEcsCXC/563VlT61Py57l0mmWYUI7y7CkBlDwHJHD/i6+7xcHRJyEBSEmYgBQmII1JKIpGfuaZDK/nN/BmoCD3WiBsib1KtMn2Nbnr3EttwWGrkqlnn7ifu4YugLrr9Ist4YnzHeYXXu2YT4PJ2cO2t6FsEDX0BAakyIfgzxCMu/1cSpYg6AlXHynunuE6vQBnM9C54ljrDYiEk/jYL3tOOJ6P/HkG6DgmDx7hE7QIepL4bB669S9QHkK8sLgp1ZgFIZIkiJddZ4SSeaKWYoTCC2KKRI9C5AA6+BgwVnYFUQsXsR3A6FEsbiS0ALTU82rmFuHEpjwoCuG2U0m0xEdMeCUFyUzpueftzQcCmf30Lop48PsWhKfmjqLkIdHYnek7wyiqdFKge4ig2pMbdRHVsbcS08r/8NkiTz8cv/JzUndnbCgOs3qNnsxu7fiS8LNapi1uixIWBiCxDlJ2JKcvyx8SXk/YLyEOp1cbovPi7knM5Ux8SSJ6EZC/UYZduZOXEfLcuSEKd+F/NN1HbKNSRKwqaPVkhxZUs3+oWYl6WG5I/pXAU6wdzKZTCaTyWQymUwmk8lkMplMJpPJZDKZTI+EqCwOhf1YL7Sn3cfNAIJa55ScDCjcCpdOg+dUnWZn1IIxl2WlbssFbCJNvP6Gep5aTgct2EqNW47UjImY0ki4SeQyLOf0aOPVlUQOnLkJ4Hp/WlsDedHECaXji/bFLqWpOXMBG/jr/OA6hBC6/cX+WSJOoOOCcmJ/FNlTv9Lvi52J9m8GiVSaZ0YXQG3+hmqddvZOK+lKF63t/zBXcafhd1ehU6EnWJiMbZ/N3xTAYPrkmGN3Xa4+EYmzRlzHm4JOHT5XiU1RSIR/U/CIc637h1AOxZMk1+BlRkqt3zO4kZ+QRdvczb6zgUaM9b2+gF3j3jBPAnhwfA1DDQQNCG1VWS164jApgUUkDQdICSnCgIZ4CYklBbhponHYipAbtIFYrBQ9p/OUwJykWUMSLUTrRoSUm0Mn41whcMXYBYq/h9NFAevN8F49Z7RTenWN82lVkTpowTY3dVb4i6TjKmlafhxH3SB2TqCYUHl6izuTz3fXywzzLiSIXsgOzgErbY7F0kMffi8RQTSSJY4IFf1DJYxoe0QssV76EdbmK4uEM78TTiDSVQXFOsVNT32hpmR1Zu6ErGqqdxU6Vw9krI6H2xNtxDlhDKpgyP97z+4vjE1pxhP3JN97jwRR5ddDTJBWXeoDkzCew9uURPGuD57PSJgVID1E4JW/qcYu7GRl1InJZDKZTCaTyWQymUwmk8lkMplMJpPJ9GgLhOpQp5Pmg4k4CcVgo2FT1jiGidmoVVef663EmrDJR71ACdTBchIshUTIBcdcbyzmCaVazAdrsZ6rrfKaa7+JKtg4xig2J5yJU6vPqE4MYo6gzIkvBhOulJWxoRe4Lqo+C1O1uvWzKLthGQRsQnbaAqgEcngf+hD2nO8BFt3iIHQHZBDgxMela85f6ZFqPQAlsQLcZJhQHVkEQJFjZ4X1bTe4fAQTS7FZrQX1stggE64NKLLZqqs93WROUzZs26lcbfdpNl6VMW3Pd5riNjk8TFX+zoUgqImOdjXJIUTDUagSSnKME+CkuQi5e8gr9gqRlJOmoQIozFs1j1ORC6+3egIsyga3FlNFp021z1T5d0G9iTxMDy/kjR5BrH7yp0RgMDBFLkMcW0WXiGm6HFRvDRAYIg9CGhkPkVPkR48BBy8EBYMoZOjBJhl1AXAcSZPYUKn4K8mzwr2FyqclL+uAkBHSpLwLLTCoOTKS1INjKowI6nOL4iLTjkvBOZD7iNGXdJ/6WLqCKqH4wTAhB2T4QeiPV0sjEARJVjmi4xIBPprJw/YouclDLEZSGAvzUtC7BFjYFJ01BLGwrZMLbAHDBlIueV9WUlZS0xreRe+LTlY24NGMIUFhxG6E3FSI2aOdvC6l1QwGZQRoRnVAaUFEmSTPq33kgaRbnDovmWEUzkSYkk+CIsn1E8SVdymAGv7AkKf6qgNc9GG/X3S+3HHmXHyQ54BtUWgOhITXck0ymUwmk8lkMplMJpPJZDKZTCaTyWQymUxXoET1YqmwYrENAPpeP9Yvzk9MQ2MrUKt9bEBAhWmlNwQxCVQgJAcD+hc8uvXYBz79yF+D97QnEyqeOAxVSVFAp3kSjJ6URI/EwRm5vjqmYTWsxO9ED6z1aZwQl0IDSDFXsiJqkFDTso0ub+EvxH4AFKJhewJXzAcgaeGaPBX6vg/9noM9H/ZDOPBhj2IoOIYD2cfASeIPCFrj9FR84ihF5lJZr5iLl+6xNYRTUgQ1gmeTIykDIW9Kh+cfzoSyn9uqy6JPTkNpXLUmB4/1y+GWd7DtI7f9QNy+WU9TEIRpIydDyeSk+nreqWv2V9yinCvoGYFhqOl+lIfLtfgItOcpZ9jSyi3dgrC+oTV1adkxaM+6cU6Ytag2TMkur52lOZwnNfikwTKOPT7k1FBmFoohSum2JscIqgFeeArmbHQH8s9IGMrevAwQhCNRNRLcw08Ko1yceCUjzhBHaUh1W0mYHE53WQAU56rHDHuapOQ3RkOXBiymNWV4QJaTJGCKLAechKNPZL1YvhlJFrViEuIK8aGXT0r1kHFTM9wCjdToJulrMUSSWCc2YkHpWmmqGIEUrIS38Ktyy2VX8VSBskqqmIahbX6ava6OI9b8J54DcnCiDDEvjjfyN4EylLzTC0yYiS6VfA4vpBsn8qBOD3TB4TKNR2PsvWas5ZWfDLNSF4BXUF4XPTpzOjGZTCaTyWQymUwmk8lkMplMJpPJZDKZHnVx8THBVEl3WMAHMdKApuRYq5PzIr+yGyDhOPRld9BqIbSV9HJFLT9STEii78Sn0FGsAoEnZWcsRVEvmSMFJKHqqmAdgDGOw7AahmVM3H4N3sHiRCJdmS4sB3JTawiG24Eg7AIy6qelmA6lMl72YYCER8B33eLAh33neucW+TdZArhqi9Km28wYAyzjqR9ByyG0USXTIe7U+oNapJ2Qo2M6KNNj5uux/vGprrXt0lpab3537U7bbxJ54VQS6uruzOlu7LW++/V8Xp8lhqKg0A+yCOjjyRO5rCXSZU4OEvJGLVCK94YrfJs+DEGhCzFFEVMTJ5iCOITwMWlKX1HjDoCCd+h5hxS9PlKgmTkkxl5QY4x8CylVjKOhToBik6BewUmiFylVak22twtQLPfIT4OjRIjYNwnpl0oz+D/wkqakHI2SaRM9QzQKH8TuLZvgWTWeKvzd1PPJoQmm50fuEta1FCpkUtbL0ovpRV0FUUHBJC47IA5TaofjUOJy+C+Kr6Murj5y6ihMzJinU0qDiz5xyhMHOS2C8yF1ngxcAvOMnXf574YzmUwmk8lkMplMJpPJZDKZTCaTyWQymUyPAVLAqmIAABAASURBVBWGwk0pESwoX4tv9oSZAULxCZE8HYJOyLAEYKpTeq7nNk4k5VQhFw85oKMj6qSjYmwBUmDOYQCo8wC5AESK0UkujeMYI3mcaHEUhDpRLGZehIem+DsrBF+pKmNQCBpunxTNQ3Ah9ORu0jF0gj26XkiUepgW4VtNph2wjQ6A2nrZobxwM+DB7Tpup33Jo6QruAWnOkQm8A4EA+sv0sM8IJ3fqIjDxFJMbQKY7TaBEPWgzabCdrbgZG0fGGUGCqER1j6c5hcUWx96ntPsrLoKKFBAYTm0e5jgLuSIFLbP4P050gVq1BaCZl9BwVKapqJvvUlcWVecMnEI80cexc8DpycUlAOhNvvS5zJXSvuKZpdWd6DAPiJYnE2InQj6oFKKDGN25MlSYDTKn+FBmJabkjXk5oAUJPQcugO6yxRmloQwSTRkHDGj0JyXlB/n1FrFzcDAKt+ChBVwweJ2kvQTDvUpB2yRGFWBBiNtTCFxjqFPgvA/4mYzBQDpjUJy+Clrl4wQSMxRikrTqAFKvtl5ER0xCYAntlvLGPnvisQm0fa9rl8EZzKZTCaTyWQymUwmk8lkMplMJpPJZDKZHgsqxElq7Df06/Hre2qwgchLvdMzcSL/KyOClTuhiiHHNSQp0fKX+iH4Lm/vAn91nb0R+Dv79cr6L9K336WknUhc7I4pjvm/OKQUtYzfOJeUiu3UrfpRaY+7GneJKRFFTQ1KwkX1ZqEh6r3fD34PoEfogaCTjtNO6pGoESNTO3VIm0AMDungMB/E9qaUFKTj21+IFG3mowidYPNbdA0ag8e83h270+w20SdXDyFtUbfl4jJT+Jrl2uufb4FMHpbmbWoOQsFas7Am4vBklNwnnbxKjdD8RoFXQJJ90GPNQKFjvCTDOBeJI+GHEAKW0zuNidLLz56K4o3Bzij8ciSDkPJkgHNtTpGOooT6KCbCjhyejnP66PHb5Mlow4FEcCkCI7k9E6fFcyrUl7JPYtKN6Yog/if5WW0sbZCf1VQtRlq3Gw0U4kGNrrA0BSNDN3nD8I4St0PtCbwQFm+Xendql936PZ3uoVoouYlWmwa6kDdO6SB55ycEEaF4x5RrihEWoSZKvZBhlnd1LQYBSyhRjDflf6KTiDSO7xFPKtkNBOgJfKcLTcNXpDtEZCLnjaECNsAJZ0eroz4YdWIymUwmk8lkMplMJpPJZDKZTCaTyWQyPSbE34SfbdldrZevu0tJVINvwoSbiC8ATO4H6AqUoR/lymQIQRIj6IWvPgiAKc5bgCFwIRs4UoJxDi4Zx5RGIk7oC/VSGq5ZESdrh5XIKYVcK8eJ6XBSgBbPCgih86H3fgF+zwFH6kAHRNh4Hro6rlu9CVrXhfqpjlvD/0hZvQSHbO0MuLVz4DUhPa5c6OaGOScL1g7f9fa4czX0yW5I5cppGCnSb29AtxXa2nada0DjnDJjad4eKE+nuFE0iAXMzoebneRHseALhBZg5QwS1gdMT4SuUlKyehQ/Ja+cBbMZGj0lywZoDEt5V1it4uqRMFFGjMIi0iJ9JcsSv0xJ2lUuz69CQsbrGjqlcmmg+MnEfGiLkA2bmJdQzoXgF689zz3xvmSRTSMHuPbQFa5DvECcZs4kcvzQfB45uKP1FKoHjnjAwMZErwuAdHLbVJPVJNXbqSFo0zKtgwrrQyb0iBI2MqbYXpadVgo643QGOZ84RAimOS3eOF5tW4iwqV41fAAv60S06Ezk3YBwFyGgRubuSh+TBDGRhwydNI7RmUwmk8lkMplMJpPJZDKZTCaTyWQymUymR1cSSoOTGcVxxevy1XrnJ8SEeROK1AnlhMWFQ8vAIN/0ry4K3gfK4OHvqHNxVZNiOPwitTk48gV55UzY4ySlGOMwjmOKI3/7nirPWuw9nXDyRLlCcWhGkhwJqqBil9QSIVee+xDyzx74RX7N0InnAq4vvU/Fp4Ra4oHDKCbziwlkEXGV3NekirKx5VFgExhqhwNqUf3R1BVdH7e8qnX7E49Z216mVTtWePIJrmKedG6TBZnfOX6R1u73Vp3YjCuNjPLOpxkWAYBbWq1siasTlZ9OEJqMLI66OrPJBwkLOTWfz8pIsD2G82XFEewk8KPeznScUyEwvWQLE5BglxILlpRGqNExWBrOjEPSawPIo8iL0+QuwiuIJHVhIeXaxw0xoqvtoXN6isRJpbFkv4Sltb5pvK6sgui0ENKM8KFDZngNoxd+MolhAoXsofKCx74sxKrEckEC97wQGVvWCD4Te1iVuyi0h4MSp9PuG3y+NWQ8VeEgGtXZtCh/LAKudVPWcVwL8pKQILpIoruGOoCCuKDSKor8CIZDd8ZTqJBSO1BJHfWkEawlpfDweBSZTCaTyWQymUwmk8lkMplMJpPJZDKZTKbL1VSJ38iC0EKghuY4Xz70IG4EXkxOgtgEoJIiyprw1/djPXMIoes6ieHRkJvkvHqUpCgZEprUoYxKLoHGmMZxjPkfqgrn/Ub6F6StdAjHNyS3o/JeO8ItSbNi7EbN8tjavYxMgpDPM3JtOZddAxdnc9G36/q9frHf9X3oFlQedT2V44utAI9HbNpThxTmpAOHD9Euoe1Be1MouqTNxwAoaUHy3jnXhJT8vtf8juCG5cnxEMmGJ0qlT5w7BXuEmyfZ/HT+tpyzc6c48WNAa8gLNHBTO9pNgxU1aAZeAROc4oO2nV8Pnh0LCh1MnymRNT9Dar0zyi7ewUTMCN9WXFRoLWp5q+Yq4OpzLjyKNghddSsRgkSRiyRGG2lqezUAYSKugBy0ZDGrEeVsTFck8QQpDiqutQ+R7lcPGC/LUUm2cTN2rwsLx4we5QwJ5OZD0yH6JwBfCOYjp4PjK+nGtA3yIiygh44dwLR/1OgkpXIEOpnzMjXoCCXvS9J7EKflrOzn9Z6Jo0lEDWOSGQPKCXnCYKQpCE6jgDTpyM0WOLXY4nb9gVjgTCaTyWQymUwmk8lkMplMJpPJZDKZTKbf75oViUuwy7SxgA5evq8v8QxeYBO2LSl1TtDvu2tRF9Ufwek3+Cl2hpiTjpgJLdy2RdhahZWKImcpgI8YxzishmEchqRkCVmeoIIycCwoUtI/tBHXptBPgEsJCZF6qQ+L0B0sFgeh3/ehIxKH+ij4SMAm2mJ2IsCtVMimrwlqjIm+xxNhEth+qt+HwpPfbuVCYHPjltcbmTHu2Mud2Dw9p0y6rmQ+tUqXc/bLEJzyJs+5GCdGGzNMAdxs8vE+uHXKNb4ahQGT9UGnnfbez0YZayBKfSp824uCZLSPK7jGPAM4k4dxhKQvahN43PsQhmGQ9qn3hnMl3EtdM/QfBKU6iimTJtYQ/5E4P4aWIWoNezAJFuG9eK0wnVJHiR1U0LPXCrJhEyocwZwb1mcYmoAt3ZLHRI2jCitW9lH0JHeq67T37A1CBJ/nNk5jSR4oimqUmY2zOygvkm8BPWyuWmgiHXr2fqk3PjLIU71kBLDRaCYlDVvLpnrnoE4e8XNpyBUOVCIORai5Mjh5xMpjAnpfHTvhlD9NYtviHJy4DppMJpPJZDKZTCaTyWQymUwmk8lkMplMpodfE/3B75rf8qpW9tiWA6WOqoEx9AY9aLlw+nq6CAvAwmYflKnThS4EKp6mpMEKpQaPpfCLvDNq4oXDYbkU4iRrSsaBxohld+0emq/9z3p5FVJfEzptkOqr9wsf9vv+oFucC12PLhCVAzp4x30XH2vi0Fr59HKqqXDCh3jyXo9Z4anf4rZDm42Tpc1xc2DT1+MKeB15BPKBHdlVtC2a+eoUHw59Rh5Z7caWKvWwvn39BNguFpIbAyCMRKidpScEkvctQBLkYXdb28VJUbjJSqlfECraootDa5pCiMT1153/f7/+nz7rKU/45H/81W95+zt5cWIfpgJvECnh3RQ+xSYdSVgKiewBRec4E4Y6EZO79RlP+Yp/9Dfzxq/9tu962+13SvtTSkBxN16ec+/E7yMvbbKWMRiCHPtTl1iCJUDTfNDBRL4U4IQPd4K0uAL58ecpyhgw74L42X/r0z/hT3/0137Vv37jG9/Gw0OfJajTKYn1U95X7KOwMiYOhqQch6tnJ5MUJli4PbHYXXFfIDqdpuQDg1HtRdi+hY1iUDAUfXhQp4a842w0mEWm6aULiUL5Y/y3BFx9XkCbKnAfqrUJ/dFJche9Nv1KQ6VMJpPJZDKZTCaTyWQymUwmk8lkMplMJtO1FtRvlDchC+KxwRX0IHYDQL4mVCL0zkOBOmBCQCa3Aw6ykQIreaLk/0LoOAcn1zCpxMmvJV0GxcqASr9UVY1MtdDHwzAcLS+N48itSBP9ArV4q1+2BzWVmFI4OLVn+tr+Gm2wGaxzOUPlOT2H4nUcLHw46LqD0J8B36PreZ9OGgZSIOWiNA+Md/PqKzfel2GXLb7haWpr14w7UnUAqNt34REVA8IrQigeJV0FbrK+HZt3c7bqhAP5zfFV7blJz5qOj9d5rGhzTuCpKZj2sZfnEsWjQtAN4SigzsDt2vYRtv4cYoVSTFCIgiCQQqgQTM2ThPfce9/b77r71qc96W988sd9yb/8DkHiADsxTVLLID2En01ZdeSxxIKKqW9JYBuV9NIPf/6//vLPP3/uTP7oe//V1/yvX/0vXvPa19P6xwE1ElMjUFNrSZR/3XTD9X/tMz7JaWCZwBPaYWEo3vyWd9z5rvf82T/9sWt9r74scp5XvvLXfvu338yGLV7cTHjZS9dff/4L/rfP/buf+8VHyyV7s/gnPeUJT3zizY5gkShXRNdiVPokvPPOu++/7wEnyWg0uuhmzj9CCxEsE8nrpUV/QKJvsHUdaYgTrBcscwj1RymTYihT/8ZQUBA3lE/ty2TSmKUCLerfmNJIUCMU7+D3KU1nMplMJpPJZDKZTCaTyWQymUwmk8lkMv3BFZQfVwIMtHTM37On1Jjg2TnAK3QyP7rSEnSMuADQURzFU01TMOFkn1Lqk16/pC9ZFokydeIwrFaNwcmEwswL2VtRCmysTdZ/w1XBF7kW2vG5g4O+CwfkcdKf8d2e93m7L8wNNOV0z1cNs5NoazYcJWb+DldYVd1OQfz+qM/iSVtOJE7w5Nfbx+d40uVEVRMHVRuvU1N12mlRfSlaQ5S0/bTXSE1K09rpsXJMoNYcsr9SA/I0zebm7ASeH7lUDnCFpcIpr2fCrHZKh9DP3ws9UZCD8+fO5mfO4cjxN03jeI8f+flX/ak/8pJP+dg/9p0/+BOXLh3RkuU7CJ4xNmBiIeZ/Dw+XDzx0kdY09JgXHbZuktCWfNrgNLXnEz7qI7/hn/ztRd998/f8x7wq/ZPP/Wv/1zd8xf/xTd/+4z/73wN0Es7jkg+hLpoFhEvu/Pmzn/lpn3hMZ3/m514Z4/gpf/5PuWN1+x13/cZrXx9CR1gGevYdSd/1PT/4h1/2wltvfebf/Ny/+C+/6TuZ7Ql/+s98zF/5y5/z61ZVAAAQAElEQVTsTtJXffU3//TPvpLX5byad8B4HlErdR2eUKEGfJtH6KBDXz5N7QxuVxm2jMkLn9I4HuRC5UPXOs7IKolNXhBIkBLPnAL26JFyjgTX+OkwmUwmk8lkMplMJpPJZDKZTCaTyWQymUxXo1K+85LPIK/52+ZSPvaKj+RSpYfOB64QApbvumvEhtqfCBni5TvqxKqA18yMpkqoKTViQcAVxkRfsHcxxuXyaLVaxjSoBQrUqvKsyRJksd0sgfMhyrvkro2kzBn4+/9d8PuLxUG3OPBh4aBrUBLetTGCEcxGJM4A833ryaHEgEwf72RFdn8GO3Z/bIdRXBZBcln7n9htbPbacZUtoBKuASRru3Rb9p92AQlAgRlx4tz62zkUMoEtx7yoDIC8mO8Axx0LCnDwi+JFQWlS/ALr2Whqp3Y2lTSsID2DqSUJm0evbJ+Gbe1NmfV6IWg8l5xMX8Qv/1uf/ikf/RHuWO0t+v/2Pd98zA4/8HOv/NJv/k72YOrIrMTruidr2TimfHv+xp//hC/+nL8YU/qif/5tP/bTr8CU7n7v+/75l3zB133RP37ak5/0bf/uBwKPDAMTTmxSihlLGUXn7rr7vd/2Xd+fUnQSqQMF4nP47rvf/5673/d5/+jLhc3Il/7cz/7Ml33Eh3/zt333G97wFl5yac29813vPYyr4JFWXcH4EnmZfOXX/Ot//13/56d/+p/5b//9V//Hr70OIL7t7e/8lV/9TR1CxDl5R3recz/k5ptvysvrOI55GSd4w0cowWnFj0QHHSU3R8yoJuYk6UpCbKCvszmBK3yRqyFojvymPKoPjp6A/vVNLg7IaueVaCmXTyWNSuZAdEQCVb+UxH+aAuEszmQymUwmk8lkMplMJpPJZDKZTCaTyWQyPUakFUMNUNB4A+SQHE+pOhyRQ8QJlVfHpIVgKhfC9I14ZU2KYwJ9/x4Y0VBXAMqlqDk+UnkUIiVKLI+DFONqtVouj4ZhxVVgqmEX0xRXKv3S1uLIwEYIXIoUSbUylddTfXPuerJ1EEL7uaAiufqaUtIN4OklhC4sFouDvt/3YY+IEzZ1KDYn04CCfru/lM1RzlfP76cmQ1OTb2qpmGATI5kAiR1V180easUWj+MVTqtrBq/g7neXi5u4HZRJe/ePOcSdcJVtwA42swkcFPOGJFEga9CJPFGplONxToTsVDX4me95zIswf3HCIXD8PjidrXofiYXFvGH1gzYLCjQZxzXCtcyX9lotGrZlTKCwFPn1++69/74HHlIrjelUbgucpiuPnuGm688/4aYbkZcZ7ILvmJjwoJ0imyVaq774cz/zsz/5T106Wv69r/zGV73611x+6DH92M/8wvs+eN93fMOX/72//hef/KQnfOm/+Ld5qcorgcfOp8CrJF+FvUJW3KJ7H3joP//8KzGN+bxC4fEC6uuked9v3kfTJaWY4t//u38tb/zPP/Nf7373+3ghDT6fnexI+kj+K/Fx11/39Kc9+f77H7zzzrve8La3/9vv+v7P//uf/ZVf8QWf9pmfd/HS4X/6yVf82E/9N6YAE2EuuSdJM8kEwfuWf/lV/8vHfxR9FkeGWnC2gCg5xFOT/U6QF24GPJRAyusjB6SxNQwSUFLWNZ1N098ChAaomrF1+bAEs5vWxlRh4ZrKCAmNUlgdTtVBbS1avo7JZDKZTCaTyWQymUwmk8lkMplMJpPJ9KirQhCey3xAJdhQcAuv/iagCTmgX+evaAXH4cz9CDRLh4qO4AVZ4Q+dln7RFc+PgrlEKpC6mH/FcVwNR8vl0TiOfEpE8TJZL76LsKl1Y/uZRFw0u7V8xwnj0VxLWiA9C/LF/4S5ahxCt1gs9rt+33cLp14AbhYyocQJtHE5MMUPYbnYLNNFd5hGxq2ddnvXhXeYAyiwiWbgyeDCZZEnl61TGa3gsVtOxE3a17gJscAxh8Dm9lNq/TpiFNJCJ77O0a3H/IEU6AOgb9nE6HhNaUSbCVhYw134xbd+/49934/8lxSHucUMYsyrSRSbDmbeAvhAv5mSyJs/9zM/5av/8ee4lNKwctjzRcm1yQf+GPHWZz75n33eX/uIFzznnvsf/Kwv/trXv/HN+ZxYPDhe9Wu/9amf90+/75v/2af8Lx976zOf/hXf8l2/8+bf8wHpJ6kvCDmdxHQUkzR4lQ9PeVVFshMBXxw9CsMjBiPg8jWe+YynXrh46Y533YWoK64n2iV0jH7kgz7yI174NV/89//bL73mC7/iG2PC7/6+H73t1mf90q/+xoXDQxSzlRJNpM5S0AxcmYAcXhZp95SvGQrkIVRUdZiBaj0CZfwVzNGRXrvVCozwDapkEicggVOgsOw8w47KfWtucZJwtjyI4pXFzVPTFvbYUUAo3xcwqxOTyWQymUwmk8lkMplMJpPJZDKZTCaT6bEgLdxNaQnFxUSpk0BFW+FHvH7FnEu6zrXFRCewCe9TABStgRZcRVgKNQ1BKSKmmIZxTC4XUeMwDqsVeZygS17CeXD9KnPhxgt9B5zuAdAUSeFk7GSGtGgNFPi7+Wz7guL30vf9XrfYD90CfEf15B2tk07PzASaCmxlImQwsYRvYHMwIrYozXbhdlbk91U5Fk/aeHm4iTtu70r8zPfEy2dCtu1VJ3q3+yDcefQfNAlnNkE9p0t4AtzGHglxosQCeYOMGCPv7plOcB/1kS/9B3/10/7LK171vT/8Ewou0Edek64EW3BKNsR8bN4hRjLvSPQUnz048/l/7c//jU/6E8H7d9z1nr/+Rf/snXfehexx5PlUsoK8+R13/rm//YXf981f/WHPufXH/+0//5Gff+XXf+d/vPfeh/KHIeSz0/VyK5fFNWQkliXJpAgepnWWW/VZf+HP/aEPvVWWgBtvuP7Bhy5849d+uSvA2o/81Ct+43fexBYpeSUE7i1Fz4wcW5TP+4Vf8Y2geKCPFWSh/ymPh+1GaAUlZ5GkK0viGLOYe4zJ82nE6aXYtNANi4qpcH6a2pmIs8h0DeFTCmPFFj88uuziAuyxktioShayyeJnDR+cQ2IoVCPZtKhpEMitQ2VbsB484taJYjKZTCaTyWQymUwmk8lkMplMJpPJZDKZHnkVkwchPCQNhhxKQkmGAal7yk6yf+VOHLsFFO8SqbmDOppw1VltQHxhPrxTUxX61joOcVwOy5hyHTWO45Bf1NAGbtoaO5G2tR+nSI+rVWqHQqq3Ulol4iR0Xej6hRAn+wAdasCD7DZrLCf1gFAmsqEZMNkBjqcWZJ/jAYp6T3TI18/lHqvCU390wp5t1dtNLgs79994ffrL7Toh/Y5kuyBuEyiPQlfmUJnuG5fffs8eVp3yctdm3hQaqwnmKaFaJx24RViMNPgNZ8cIwEVeJuzU8WV/77M/7LZb3vKOd+YtTrZT6E0HXs2IGFLx9RIpInTMkgX3KR//8i/57M+46frzq2H4V9/7I9/+fT+4PDzUJYhWwh58J55LiOk9H3jgEz778z/vr37aF3zWX/yMP/Wxf+aj/si3ft9/+p4f+ekYOVqJXDq83P18gujglmc98//4gr9bxkGH5Ru/8/vf/LbbX/aSF37iR/+R2snrzp/7C3/+T9e3v/b6N77mt9+Yz9QR9VITw3BMSSYQBmFciDrBSudBkBgtoAQcWm+9J85ETKfyvuwlQi4kESU+Rx8iVJAEKp8n3iygVkry8WTbIxer4TqJVk/CWDzqHoTboHB3+l+5/zAt8WWl13uvRF7xNpHXjgnGiYpkojD4/ynALZPJZDKZTCaTyWQymUwmk8lkMplMJpPpsa1StavfGa+eJrlC6Wv1ESpJsiExElCDE2ZWyosSJzOF6WiVUgqiuW44DMNqOFoNq5gGqiInqdxredlJvf5Utfm1gv5VeUlo+6Rz3kd6T3YvXd8TcdLvhy4XoDuuX+dCaC6xUmFWa8qgEITAN9KRKWOkFFzbyjvUA7crHQcB4FTb3/5pq0eNQTnN7cBTbFnfPpXCy3Y8+fxbcZMrmyrTUYI9lJfqdOLLThUQmqbyoxIMcpprXqs6Pp1H0YiWNAF3LBe0Tb48AwRIfPDeh+64+/0PXTyitYl4iuBDl6/xZz7u5R922y2XDo++5d/9EAEi3kPofNcTesJUCsdjjReXq7vff899D10kKIxXt+c/55av+8d/80XPuSW//oVf+60v/VffceeddyXJxCG3lECGGnS71OlEHrnVavjW7/7BH/wvr/jaf/J3PulPvPxL/s5f+St/9k9+1b/5D7/w6t/OVyNzpKRURT7LufPn/+TLX7bWq+/8wZ9gdoQG4k/81X9w57vuSuOAFMpDXiSf9Zmf8tVf+A/zmwhq8ZI7MPKgJcQhRYwEvPV996G3PZthKy/mUXXOcYfdW37vdrEbcVBXKKb+eL4i0xtsYYK8jnun85UIObZZAgo6K6lGILk7oNih3mhU/xKk1ZA2jk79TCRSSZAWPpT4EZjNgzIt9M/DtIa2a6RsnU+Z/HYrgWgymUwmk8lkMplMJpPJZDKZTCaTyWQymR5ZMeLBr3wxKaF6bYAwuZuUXd3MtYAkuTucwiMuD3UPqCyFb/IkJGAG+ZvzwzAsh8NhXDmpfHJRNFFNVWqkcvgakKEV67Zkj2mthK1Vfj/7Iv3pBmPGR0DSr+h78kvo9/r+oF8swPccuKMOKCjV2ubasH5KV71h3FSC98UHBed7sm2Ja0AVcLXgO12jXmt9ZH4f6WSmZOODXZgInu4qV4mbnMI/hT04Evvf1HidyppA+1pm+SOs09iM4Imtkum47bS4dgWPbn7RalVyrGDziqI8tt/wnT/4td/+H9KwJDsTDD545k7CF3/OX8o7/l8/+BP33nsftySvR4E8P7w6nchz90M//cof+C//lUJzyA3F56f3y/7OX37Rc2559wfu+Ypv+w8//8pf+dF/87XPv/WZJ7VK+/DG37vjk//W//rRf/QPf8MX/f0PeeZTP+qlf+gVv/xaZK6jrCOgo+Dct33fj3z9v/me/OLzP+ev/O9/568z1qJDc+Hi4cVLh7fd8oyPfPELchve+94PHA0Ee+QdIk2n5DhKJqKQPPQCecE+f8P1P/7v/qXboTHG5//xTyeTFDdBG9G7qLFlulLml0G7lAQOcYVu4fAd2RMBC9clziMVssKZLxPqDGIWBQrCVyg8V+ywXGNqwiSMTJVqjzWRinzJlLixklgmpjcxnWY6m0wmk8lkMplMJpPJZDKZTCaTyWQymUymh1dEbIhZiRP6hHkT77Xkh5N/hxRu5cvlQQuCJU9HqQotLEp9t1imNPAE8Pf1waWYVqvlpaOLlKqTUL5JTxVPXwxDsCRFTHXRebMR23AGLN/wb3QlX4NnWxIvVVM2b8kN6gBC3+/3i4PQ73FoTqhVU/YH4PwNOtK7iZUhE5S2JFrSiNabCbuSgaaC6u87mmRDp4J/TvgUt+95ynNOL+BUB26eYet2OWIq3AAAEABJREFUnO2jt0xderodB7KVD89OxEf+3uJVfSyC+e2QA3VLw1DBNsbltJQAzA/y6GJ+8YSbb3zxhz4D45jiSByC0yXowz/02c9+2pNTSne/5wOf9Cc/2nGaF+EmIThfHEoIXSBwhYgTxNe+4S3vef89+fH7mv/7B/7sx7zsW7/3Rw4vXcrb9/cWZ/b3Z00BzQZLFRIp2t9f5EXtVf/j1z/2L/3dz/nLn/bDP/uL3E5yiEJoZ72uZXRpGhW5+xHTiMqRUMte/hEv+udf9A//wrvf+9733+Oq6UjCSKYe0UNXp9uYmLuALvHyEWN69WtfX6+Wdw9d+CMv+TBH3MngMbC7SYFB2OYkCelREI6kpic8P7FYugDWDsjC3IJwafLG0n/V4ko38B8GiQUqW7TTfE12j0H1BRLnFRT+BMtfE51NMkQoqAlzJ7LiJzwVRGUymUwmk8lkMplMJpPJZDKZTCaTyWQymR5WgZYKFRfxnKzDrIh3TQRCZSMCv+B9Wuhkis+BSbqbGHKMMUrVMRcrV+OwHI6GccU1YHH2UIiEa49at6zWIE17W4wAm164htHQr+JPn7rLGA7U4fAJKTQnUKzOXr93ELp9dkzouEelfCsFU20lzC845UOgMjTQfHpqzciVKzj+sSk89QfHupvgieeYcSew+5jdZ3DHeZxUexqhoHDaeQd0onqUbiKc0Hk4PRbSHiUuIjizQJmsXC7vjH5Li3jNyY1/wXOe9e3/+9/eeaT33/Ql/9CdTv/o6/7Nj/38L+amv/Gtt7/pbXdgjHyJ8Gf+1hdiWhHRUHqyt7e441U/nl/c8tGftlyu9JnHJI4gxLXk1Q3xO3/gJ3zoIPR5EUVoDGMKH4clpEbXBXIsSWVLasaOKRll7yihBgRUQU2rcWVE88GRXx0ul3/pH3yZI4SFwJF86LmzZ978iz+e9xvTSGicD74Yrkhkj6zLeQfye6HLedgw3pHVRtjDZmuU+zKtdsV9KilaMg0dkA8UQjH4AcWsYMJSUJxSUJdwfX54OCIqBdg+tRrSQ4PXeKaYTCaTyWQymUwmk8lkMplMJpPJZDKZTKZHTVxSLLyIfEefiROFJBArKDGZmnDsjlQS/Rw3aU5bwhP4LZUI2fhjjHEYV6thyD+EoejO+vX1cikpXDrYUlLcwhOAlqTr8ejQXdlX4BEFkZH0nNy9LoRFv3fQ9fsO+jpIWlTllmpWDkwOGlxLraNVz7ytO/NNx1RQYePF7yvNHUHmW489xLUYx8kHbbM2qZ/BaY/d+nbHFpz8Tco+E3SSdl7oD1yxvKRGzXWaMWzOsXu7Hnb3++/9/37ul9kuIzGZQMP/sR/xoqc96fF3vff9//1//Ea15WCKwjvvn/fsZ770+bd94L4Hfu5Xfr0h0+Dt77qbbYu8UHfC2pELiPcuBU6+0fPXm5XigPmHVsjAZEhQVkMcnXwA6Oh3CDMeYoI2ELF9EtTyRF5OveUVuF0NxQIEYH6wohi6Y0p5TCIZV9GdgGpDMsbR01biTlJ5mJImnbHlCQF2Zb0q4IsMSpnZ8odgal5hQeojqquhcndYEEJxvkI9g3zo/eR9hS2Yx4f8/+y9e6AtWV3f+futqnNuP6WbR9M8HB/gI4riE1ESDb5Q0VETkSRGiS8yExOcaGbUqPiMoybG15gxjqijGRIENaKCBkFhUMGAMqiogCBv+gHd0N333rN31fpN/V5rrapd+5xzu2/37cbft0+fs3ftqlWrVq1a94/fZ3+/fjkojiYStJacT5ExAAf+TnyaQ6FQKBQKhUKhUCgUCoVCoVAoFAqFQqHQPSav6mHHFdTUpUqcrO0seTKFP3HiZFFGb+uRWnXkLIlhONocbYft9DOOGdFrpvNj51+tp7aQP2vb9tY2jg/TyasV7bVwBi2TJjllOjw4ODhz2HW9RkdQS5zMekNzm5Pyc1E1D2NpC9D3coKBdsiR1Z2OxT5OrDAvKZNm+tLq+HjgEZxgpnJKlf77yfo9YIk+Wvl9gDtpnx+3pLgrJAAe+5YXhte+4S3f9mP/KQ+bPBzJ7+37P/S6Jz3h704f/ovv+LcvfdkrQNekrkvsOMJQyHP/rx+cNv7Yzz37p//zrwjKkJQLmXaA1KfUCzeSiDpZjjrBWRQ6IWKSI4vBkV4kkyip5IZ1nXMnSWCK6bX6hvD+Zw4Pp9+33XHHzkUsVgp7acZRoOBfQkzlgBph1h5Kjnho1wzxSErAwNQZ225RZDXuByWLDDHzXjhdNwl0koxvqSMvrAgoqsLwhyEo0lH+LHs+VKrD0/yjoD2mXHGV6Vf2hDbwRwYdbdFLSP5JVvMo9G4RNpxLKBQKhUKhUCgUCoVCoVAoFAqFQqFQKBS6t4i/eE765fZOq7Vac5wqlalk73h5Xr6lbl/uLy34F8/b0IT6IakDAsJ2Mxxtzk8/2zFPmoqKCb1Qb+EKZKk8tdVp47jbZz+Dno5OQTScag/tiMVDYOoPDg/PXN4dHBCmrF+zF0eThWeJxQyZ0cMSN8GLgRasNtGGTtDx3AkuDlzzpLhb1QIyy6379j5xt/Ih7exZttJOE7PWiGht+wmDM7OvccsF8hAVbJxOjmkxWerKvZM8Kf3dj5EQlcv2Wb6b/rR/JPGEXXD2cYUt1FNk+ukBM6bxf/9X/9OZw4Nf/q3fmRMnh2I3kh778R/1CY/6sFvfe/sv/NJzKQ/CZKitSWeWJJ0wKGJzkhmPIP7DOMbICTrjtP/YeJbI7WUzFIXzDoQ76adTqtOJ7JnkJ1952eXTETff8p7ZVUlLfd+34+iXiQeyfTsMswN2QmRIwZEWJSmGJ3xlHbMkfVf6PK21HVuh1BOSLxjWFJZpm2C2rJgVCy/N/qgUE5dKp1S4yxBEKpwXjwfOH3+avVaShMgeiGm4s/37A7biNgNULtT6f8+uYqFQKBQKhUKhUCgUCoVCoVAoFAqFQqFQaE1JXUvIAyYq9qEyjqTTEIn61XP7rLAmqdgByI5aI8zTX/46/DgVco82R0KcjPwddmdZQMvErUXCnArw3+Wc2c+x19qElpABtZ3d2bf5Y695NyZOLrusPzgg6OXb94mgjdDRUdESK7jVS1O+FbDjThMnVLpM+4v+cAqtmEVg+X1PoyenpUzWttAxR9FJG/c2cTxrckE3j6SoL7e9Qie7p8Sd89NJLj0zM4l7QDPOZH3QaL777PUpR+24qdfiOEazkEbTaCIMcx7d9ETSZ3/aJz7+kz7u9jvOfvsP/SQYcdKn/iD1hyhWH//yK790+v2M5/zauXPnLQen67vp02kfdjphZCR16k2CBwfpwQ+8VtxN2JaJzyevDzwP5v0f9tCjzQaw6w4OpA89u5uk7oabbmFoQsxOsgJ0GS47czAdcuO7bxXrJBufz/uMT/uoD3/E33/Cp09v3nnTu6Aup/z7oQ9+0PT7HTfc3FI2FXWhNovGjqLGxYfUZEWgE+p6P5qjcnTx0qOzOZ3oYsXjTLLuT4fzZ+W0yncks7DJGRwosZU76SKClomjs5R0MhdOpHbVsoV0tfe7m6VfuTmpsiRKxaCYp4CBLkmHgshMUUKhUCgUCoVCoVAoFAqFQqFQKBQKhUKh0L1CxblEqBEpB1Ky4qA7GHRo9icoEQeSDILtV90TYkmH4BKnlkK5wbzN4zBscx7Pb84P4zi9QMtxKEVJEj6j+p2UzU0Jv3zNHuyr+rmt1M+cV8o2x0Fa6ITmpAXa1/s9NCdzqEM6YI+TK7r+DGAP1ElSSseVWuLBaomTMgBlLPUP7Fi27NOieEo7FMTSUmZ5lXCq1nGt/cU+d6NmN/G4fU7uzPGIyV1lTU5CJuatmQlDMV8gc4aQonq/dvwq9EQnnfOeTuI53aRSfEmfX7BpDxdHqyMisELCJCwEwBVXnPmep33l9PrVr33DVVddefPNnfoTpf5QoZPP/4xP/tsf91G3nz33M7/4a2Jn0k2fdgdnsD/s+gPsevUmUeuUqZ2HPeRBL/qJbzumV7//nGesbv+kL/uGG26+NSmYlgzTu+rKK4CdTt5rXRddfdWV//Ir/+G0Dv7X337xX/31WxR2kc95DXr49QydvP2dN+rl+lVr1A42fEqh57BAb06hmDNKSecp7iNLOkje6mzlMeWulDXLHXzKxJ62J6c/yj1i25i6RImBSXbvE+dsxrLsllMjtFNIQZOSFMQ98aAddLgEhYhcHgUnP62hUCgUCoVCoVAoFAqFQqFQKBQKhUKhUOjuF0r8gZqccIUSDB7BGcmhsRRc+yO0TIQEFrvj9ijYxjZIfTBP1dXNZnO0ObcZtuM4ckkeyb4uP5cdkFt3kBONMfYW63EewAMzHxVqTmA+AsT5E+r20k86OHNZ11+O2OO0nS+0k4AKaDic0rzXehmQSX7qXcOYvVey2At9++610NqeKwesaQ8OYLYCcM/oBP+M0x58ksfJKbfU13iqk8LxHWCLB0vYMTOefv/B99SI3526x31ywJ6F1KnfybXXXvP/vurPP/9xH/8pH/uol//yz/zxa1777Oe/6Lkv/L1bbzuHKb3/w67/wW/4mumYb/3hn77l1ttSx8Yk3cGZdHCGuRMmTiSmB40Um65msx1e9bo3QSHanHebFoBHf/gjpleves1rORisgB1gHMi0xAE7OmVeTI3dyw+/7gFQoBPXL/7ab73gJS87v9mePXtelhXwNYqPev+HPPimd986rZc1QMwX4WqqVAejrj9nDg9+8F8/zbyVZGU+PLDpN10LpwH5wgT1lHpa7jK/l17nDDULBy35BnTpMV8TI018TZ3DLO1Kq81Ylg+Ua2Auyx2uCKlSKwoTuceTOq2g041ylDU588UKhUKhUCgUCoVCoVAoFAqFQqFQKBQKhUKXWl6LNKDCv1dvH+kHWpotNdakEANR8pqo7jNyxTCPWiLM4/TfdhgYOjk62o4D8yq8W5K6IpXv4O+I1D1hP7MhaREwnga4ONHmopRNJbUBD/rLDs9cdnh4GWDPNWSuCydBT/xC+bX5A9T+LEq6pzam2LfjPfYNfiUHiJYuBnfT2eCCdVFYk7VjydJCqg8ONTvg8a3ZR9g4lQio0EInS6eT9xHW5JIJ1XlDw1nYe+mGm2/95h/6uaf/yM894XEf++TP+dTHPvojPvYjPvR7/penvuQV/98v/fbvfe2TPu+qKy7/rZf+4bN//QV8tNiccKrOgWbrdIJPuHuI3MEbb7rlS77xB2kcxu356Xceh2k1mxaygy799Yt/adrjiU/5OiZCpoO1KfFK4Z+ul9fGSuhy+pAH3X865OZb39MyHuOY33XLeyTyJvm6Kh8APvCB1z7qQz74j/7sL31f/2NYzOqUNLTtoO+f8sWftzJo5NgKIx3Y+B3tZKhJyI24VPkepJibO6VYzI4Gp6H6+sxP1fS6tkzah/r8MXPieImPvfSRsH06hUyk0mXaNW2CS0A9hUKhUCgUCoVCoVAoFAqFQqFQKBQKhXzEz7gAABAASURBVEKhHaEWX92rBEsxXtmT5iv36N+Cl2/AZyVIvGzLBcA01QlTGsbhiN1NzmfWqJE6AjZUjgT9y/I7qgzEBV3EiXtQabwpAfMlkqQFIXZchj7oDy5P3ZmpigucMYTC1XT8uyFtvP/WRMFW7n5o4yJolo9xL63a0v63tL4PwelJFFzdvIg1or2Hz7bSWh/8BPucThbKEDqlHBDxnB2Yntqj7eZX/ttLn/MbL3zY9Q940uc9/smf+xmP/6SPnX5A5vf3/+TP0zjIA95zREvq5UfAutSQHGqoUfEIbM64pDOwWkBhxVbq2qYAG33A9Q+c3r3rllu9eflQTiq0STo8czgM+U3vuOnVr33jdsxP/oLP6vvuOc9/ke552+1n//pt73zvHed0mYXqQVXOwr+n3b7qW38QKFMenXtCW6wV7zDvkwSYmquAFT6kEDNUx0T+qhOM+V81n+w8FcIFYY2/MTuTBncpiVT2p0YGOYXScCfFUwV3PFT2dCAUCoVCoVAoFAqFQqFQKBQKhUKhUCgUCt3jQs1e0JpjnoclWKhOrbOi11nZ5oGgVF81WocSTQ0MedhsjzZHR4Pk6ZAf4+XF4wuFd6KMeEGoR4UuJEmCS7ECnHR9d4jdmZQOgPpxTKnjCjWpqwoqirMo2i4okwT3KbXEyaX2ODneraSJsJlTMrjc4fh2difKaeiW06glpWoIUgud5NneeIGzfGG+sm+Xe5Z5qrFP9zC75JYnsq4kMxrJ+e3veNcP/9R/edFL//vP/7unP/Da+2kPn/+Mf//zv/K8H/+5X3z3e+5wr5mZm4buNn8YJCKHusT2NSNDIqlBRiSRR086rRvmdMKJP5wOQ460TQ1+9Id84HYY3/Dmt2HCFvPo+/4LP+fT/9mXffFPP+d5z3ne73zfT/w85XzQd//4C59w9tz55zzvhR/+IR/08Ic+5Fee/8Jf+c3fYYOWrjdEBneXGJxO8VsveTlDJ4z3DcAwIEBraTJ10vqZtHeyIpMv+eUu+p/sZiYIJVZHOBJCZ24cykrtSDoWUvA+RUawTQVj8BCM7DF7JVqhXwxRVCZFKL9mflOu+92zMz4UCoVCoVAoFAqFQqFQKBQKhUKhUCgUCq1JvkYPGhRiFgBufJIQPVvBNmnRMMm+/A14ITH4+/TscwJT0XPLxMlmGLYju5tw/ZLrtws6I0lWAxcPjwc1yH+gKUwmq+CTvDih6ohtGEPTaCptcv2477vucPo91ZGBDiH14kfAMIpdK6uDeXWWP6JVXOO+VAlFs6m5CNjAseQKNb+P2cHf0Mn8B14c1uQ0J9p7ODYVduIJr1vX43XKwcf0e79Oc4sukdPORZxDJ6ugPWgEA5MgqaPU3f+BV3/9V3zxU77oCdP7V73mtd/7Yz/95X//8/7Hz/y0p/6DL3rK33viL/zqb/2HZz733e89l8fOTZyIn3M2baLFBOUrSklf8c4NdMJLJDMcfVIcRGAOsGSd2sP7X3v19Q+45qV//Gd33HFu2nB4cDBtvObqq/7ZV3zpU//BFz7kQQ84e+78OOiMwTNnzvzsD3zTB7//Q3/ul3/j6Gjzc//u6R/w0Ov/7TOe+SM//Z/NScWdqNqRwKLEXkwSINQJkpHNQMTIEFRWRo4pNiOk/TTeMDMIpYfM3K6oYoZUySdCCzmi1pyEfH9/LmhtgiuxQugQSb0kf5SQioMQQjHXWkztukMoFAqFQqFQKBQKhUKhUCgUCoVCoVAoFLrEQk1DEBAjafgDYImNgeoGgFb8JKZUrHiJ9uV+gjwM43bcbIbNdpiqqUPm6ie1X6XXMqUct9oR2v+i2UlLpSXdAhYvZldWTlbr4SUXh6GZLmfou+m/w/7gstQfMFlCXFCWa1VfAJIrxvYb+U3xdz5I99ka6MU1rZAcJVzdfsxBp9gC82Lz3cWa4P6P9jRYnE70gbDte6ATXG0CTjoT3tU9Lp5Wp8vdip7UxpWMyMKsiV3GFZdf9gkf+RFf+oTHfeYnfUzfddMHP/Gffun7fvSnttvtS/7gv//oh3/ov37aV3/m4x7zNU/6/C//wic883m/8x+e9bx33XIbLwmpS9MD72E3gt4lzadJHKnlZFzuDjq73jOHh9yFrusODrA7nJaMQpyw0wkh4x6cdEOP/egPm/b/7Zf9sR75DV/1D6bfX/FFnzv9/ss3vuVH/+9n/9Jv/u6585upE/e731U/+V3/8lM/4dF//JrXfc+P/cw4jk9+2rc/80e+63/7mi971Id88Nd9xw9tR1/ybFkumT9GnFj4ztTXaT2j0R4/mYnTFvE30eclP/L9Hz79HYYBPDEskZB1vITL8l6IE2FyQJviXynTOMNEGA3BXMgSAv+3QA6Vjak+FH4fFUWRvB2abTT7FARBgMq/Os2kngWD2Q4J7pbpFgqFQqFQKBQKhUKhUCgUCoVCoVAoFAqFLkDKkaDaljSmJvah/BYHFP9qvWTSTP+NU31Tan6ZpjLm9vz2aDtuxjHzf1zrrF9Td7VBCxpqsejLBXhANFTM3l2apgQL4PqqvhGHFo7RwO7gTH94RX9wRtwPpsJxDx7c0QYKqeGANitVXTYOUNuXU/fn3qVVSODOkQOLfJI1UfP7mB1O/hTne37Awx748Idc+7AHX/uQ66654rLDt994y9tvfM87brjl9W+64ehoa4YLK+0c1xPaf/bVfW2W8+tcxwGx94NLWZ7mWy5EmE/4nH91cM/q4sJKp9HhYffZn/wx97vysve74vKHPejaR3/IBzzy4derE8l2GJ/1/N/5iZ9/zute/0ZBSvhJfs1fvenL/5fv/ISPfdS3/M9f8Skf+6iv/KLP/rInfvp//s0X/4dnPe/md9+WZW2jEX/wX/7jL/60Tzjx7K9/8X895tPfeOkrvu57/gNK/s4XfCq39jsvf5Um47z1hpu3w/Abv/sHP/uc33j5K1/NmEvqr36/q/7pP/ripz7piVddcfmrX/uGJz/tW8+ePTt99Oa3vuOJX/2Nz/iBb/u8T/vkn/+hp3/lN3//0WbgE+wwVZJ/ltzIhEkZtznRlXm831VXfODDHzItz0j58Z/4MR/+Qf/DtPVNb3mrkjLTT88/3UHqtS1e3LEhQkjb4W2Dx9qIqwqRkx9umFKxpxqok+UjZRMdT7F1H+fHkP+Dw1dCShe1/3q0hAqAJSzdl5bbUCgUCoVCoVAoFAqFQqFQKBQKhUKhUOh9Vxqr0Ck0IV+d50qsvEgeH2PYhZRo9RWDFxnFCWAYxpGJk+1mM2zl+/AsurNZHwuTjLVytuIdebFpARcgtvyAXBTHUHgUkHzB/+Dw8ODMFd3BZQwEcNhGhw1oMmtK/BXU+kS4k7TWpfueZvYBd4EcKE44sMfmRM8AF6AlLNI22nfd3/3kD3/S537ih37g9asH337H+ee+6I9+9b+98qZ3vXdPm7B/+2k9VNouEc07KfjSMaK1Bu+rOgV2dFel7W+Otp/9SR/1hMd8VNl++9nzL3/1n7/0lX/63Be+9IYbbqI8Cm7Sq/uITsxXveavnvwvvuNxj3n0tzz1yx794Y94yhd8xv/7yj/57d9/FZuT9P20/3Y7nDva+JngpImyfr+ONkc0bmG67wmvuerKt9xw8xv++q1i6tH925/+Lz/4U89817tuma4i9UzDnLnszO/8wo899LoHHG22P/mLz/3hn37m7befxdTp2nvbHUdf/o3f85/+/dP/zsd/9E9+9zd+5Tf/gJBuNsZUGDe06Jwk1EgZJ4VOEMcH3P+aX//x7207+ZI//KM//bPXdnImJk4ID+SF5ANhp6iHrncWc0PqKKO0nbzURZSUUzTPK8WijFske2CRQRU05xJsuZNqQJXrYluBkh0g0XvE7i3lX6M7A2+FQqFQKBQKhUKhUCgUCoVCoVAoFAqFQqGLraSuHZplgJ7aABaMgzXHoZbap3JjpjzQIKYmlqojkTpMnFh+ghQo50zD6Tp0sitGwSOW4R6NrEBL9VO3BhAXE5zqq13fHVyOU92VtIDLlVguaUKtKpM1pd/MT2Df9l+lDu7zuhvJgZObPYnzaFr4vE//mK/+kk+9/zVXwn5ddeVl/+gLPuXJT3zs7/zBa378537ztjvOr7RPM0hk+eneu0s7r62svrjM46ETR5neJ+rm95TTCXMQ3/Ufn/2nr3vTDTe/64ab3v2OG2963V+9edxuJW2HDYiwl4SwJMsaQ2RizsSRN/n3X/lnn/+13/yZn/qJj3j/h/3W77489QcOzuV//WO/8C0/8n/TuM3Dln8zO9IgFnmkceQVL4t3x9R46iXXJoGzemBJN4Jt5PQV3/LvHv/Yj2aLKIEobnnPHYKbHOolTI0MI/zof/qVR33IB/7wz/7ijTfexMk40mdtdnoxZPgn3/T9z/i+/+2Hfu7Zcu28Ar3njjv+/I1vefuN72JoBJwOFDMVX+PI+TeOvnnb22/6+V97wRVnDqaTvu2dNzz/hS/58794HeMmqetTOkD+6Qn6TL7c0/QpH6rpPOSEiWB7/EqIkkwSbCMrqu0L6mkineJ/IErwjbEm9VmT18k+AkVoCkxT/ligWV2ISYdOYBf7x0VjeSAUCoVCoVAoFAqFQqFQKBQKhUKhUCgUCl1SJfly+/SrszqiESetlceMHZGvwDNosj3aDsMwbsc8jFNNlrJTC6QhKFqybWmVnRe7yl6+bo1MVvfH/WBKaj+SOCCFZqYacCdf6u+4atwddN0hW57wF/ynn5Qzguc6eOtp7mJS35YEIggVKeijnh+zcvBJIBEdB52Uhvq++/qv/OzPf/zHwOnUpfSZj3vURzzy4d/2Q89641tuwl2yhOZvl7fzJJTC6uN6vcuLwL/1pd8625fnVZnW1EAnJ82hUyaJ4CniddyJ6IK0ypSsRjHN395ZEoVWRsVWlpwpTwvOIHTIkMeBxtFZMBAKJAkU0qVO7Dw0xYWhEwZHpv1zHnVP7PrUHaSDAwU4aGq5QicDUIlKYiqFoZac68zWE2GzFhh0MrXZgaEnmRvJjedTw184OSFES+bVU1kZtmkRgkSickaFaXhR6hygEdBPvUX4dP3BdK3AEExCSLbQTWsxH5hhGp+8mS4KRr6uacRghERw0PVdOjjsDg4PDqc2khpYka9tZNOZe6/rvfy7QEoTSl6O4B8JfJVElJmdod50vV28aWWGOG9iRAtgPTPY0JthittMGQBkT+m0iJM+cPiCX/yRactDH/JACIVCodB+3Xb72en31VddAaFQKBQKhUKhUCgUCoVCoVAoFApdPL39HTdPvz/ji75f7ExoqqNKagyX/5ytsFIglzW1cppwVOJkc3R0dF6dTtjgRP0E+CvwUnfkGmFqXEYWWi2ha1Wx1MRzszPiCV9opzQDChJZfIP0XyuxXNE9SElxEw6WwObL/tXvxPMfkCv46NV+1CgLrYIm69X8ku7cV+7xNLu4RcA+9gZOLu+X7q33U0rMBRi4UN+kz3S2AAAQAElEQVSKtvHVYz/+kcP0+8Z337G/jfUztn29//2u+u5v+Hsf+SEPa3d4+w23vvAP/vRt77zl7Tfccu785qEPvuYh113z6L/1AY/9mEe2Vzp99L//n7/60j/8izWfkvYsJ1z4Yuwuu+J+0+/rH3TV9Pu3Xv7nXk+3RvrVk+19f8LHLbbT8FZSeXfPhzyfDtS8TR4bc3I3cGUH2t0FoTUTOqa9pr/rL2gH9SH/CH1Pg9jq85iSBM7wg6phV2wT0on7yLRcpQ4EPSmRM8p24NjjuFWfDKFSFBmRfWTdEwBFmYqEZbQSJV3TvM/uw4F+JZZ0o2E3FkKW2PJEE37qU0ztbSE2OMER08BwidmcdHwV1ucOaTRsBdFtmgR3kWkmxirJ3gNoOpiu2mjkH/MbXRk7HhBMhH3q+647YCMW6LLsPM8LE1pQyCg3HCG7cEer+IOp8WQgCDG2Z4whWQvaUi63V0GZcvHk/8ZUooV0YJPzWfV0shbLDRgTJF0L16ZfKBQKhUKhUCgUCoVCoVAoFAqFQqFQKBS6p6XZEO5sYp4NUqEsfifIhcNuKvRxZXTI26Ptuc1mKx4n5F4NxCXI2uipYkN2bBFae5LSEi4NJCyRQTtf9q9HuD8BStBDknqwuB5wVZfdDcQXgEETxAOQIAgJBmKbATEVQOdLVAkaHAVKJXY2hnDPiy7kvKXCP9tYjBvuWjpK8bOx6BAtq89uZotM7G1lsQGb/nZd+p5v/Hsf8chKnPzpa9/yzOf+/sv/+K9yzuU8r3/jO6e/z3ruyx52/bV//3M/8Qs/6xOTcAWXX3b49Kf9/ad958/8xevetjgr7Bkc2IVRcPnRjHQi2o3X2XfZNG+J1vbCxQEy6WbIRinHe+/S7IzYjmm2LbtXSbR2rtkOO/NMfC68j2QdWuQV6V1Js6vBtevDHSMXbF+odQeZ+QfTbJigywzAkZByFnnFVk3Yq82JMh/lMsT7Y9qzy+OAubNDzBMFFbhgxgTT1CCjHl1XEZM5Q4EFGqlOR9nGzPgPVMOVadHkNYeZGLLAsjk2RnlMKDtRxz5R3JNObEuSEni8HOVOTFBsOeM/yQais8FhgxO+DDTwjmEcmK6WzU6QgZLE26ZuTAfkzHtTx6dJMlLcUYY9kJoLQvUgaa8TfRpQMxhihuL/YEg3G+gMp2sjGdw56USF66ubdYgVd8xCqRDfZ+uUTTa1CuLlOGkfpKXWESsUCoVCoVAoFAqFQqFQKBQKhUKhUCgUCl0KETblRvsivpaK0WvXHOoAXMXcjsPR9tzR5mjgYJ3BK+ZEZJVJqTJL9RH2ABFtJV+YlXlFO3kfkrEQJF4B7Zfla/E8i8GDfum91DphzsxIek7XJ5RiLPQSpiPEiYZgtAdxQpClWJRu6PVDU8BXSwS4tJpTD4VcmH262H+HfbiT7ix7pNXo5h3CzN0BTo+2zCcPH/W1//DTWuLkWb/+sp965osqbjLfedLb3/nuH//Z3/y9V/zF07/+Se931eXTlr5LT3/al3ztN/3HO86em58L1t460LF3hGrx3a0dMjbHyFQz1MMdHCqTkZ3LQr91/oJ8yJbWE+7bYzIarHQbZ1iHwiC5QckMC4GduBPpxuxcUtLH+alX7lzpjnMuDAVUJsOPXVzFmpaxR2veSD7IU+8UI+Nnt9P0GRtxAS+cojNrJiNWmNVIupQwg0GOiSRNFtOhZxsk5k6Yz+haqgf29NovqtAPKPFdviTJTokdWRxTo/rIycZOiJMR1C9E6RdBYXyfzMgGw36EynXlxDZOOUun+f7KQjStzMygYOahFMYEksToaOIOoznQUwkhAjGEkTAfHaR2NfNFv1lVHcAx0xOq1jTKWem1ZeFSbNgq7oO5GpI0y5Txbg0k1Yyb3lIP00lQtmoHhWXRyYynXVJCoVAoFAqFQqFQKBQKhUKhUCgUCoVCodDdpeRfZ5c/aVFptaIjFzhpyONmuzl/tNlutzmP7pNxV8p+y2Ob6nZ5ucRN9ny5nbzYif4Nfa6+clQFB+V0UmFNSfMrxI+goSKwacTOTWZeYB/cZTeQu6TVM18YMVLwj7tHLZZQTCEurIfUvpxZIzz24x7xpZ/3WG8cvv8nn/vfXvzq9SMLLSGF7j969Rv/6bf81A9/+1Ouv+4a4Byca77xqZ//3T/8bCi3vLBSTSO4l5k4tvvGOpVu5r6htgpxQr4T+X6zWnx5nAoiIErzJ7OyJqW/Oxk10KAkWDqIBQkoWTH8PpuNBTbEQMWZ5qdFhsUEiVkZp4Y30C6dYgTpNNMEC0SiDAeiwBzVXsWtM7RnhqHMWmCiJ6H7ZgD4frZzSjZEnLCTVp522oPGGFSRtSmyTmbG1yTaS1gTjcNBv62MgmiyDGcDlVFLdm8UuZBjJdhnanXkjdiLoRS3q8BdFucXXp/ZpEWCchg0AdJrSEqr8DtlgpzXEVolqfmKJaHR/OIWK6NzJxqpI4QN8byxoSf3xyquJGThbJLnQ/Ue08zghMqd0m5prI8SJp73xZNTHahk9MzyhaGbDAGdhEKhUCgUCoVCoVAoFAqFQqFQKBQKhUKXXEZeEBaLEJeFpoyQxzFvx3HLwTqbYRxyyWXRg3cLtJT2nG1R2dz5uIImO6/aCijO9uZvvGNNdpGr4fItx+hglzhSp0sar9MZdAJaDuY+dE3DhTEBgVecX4F7AXFyeoAD97Ry0iVoQR9OpZV7stKLQkK09+a0LZdewb94yhPKVHn2817233731fM92xGiRVM33HjLd/3oL/74d31133Pl/e8+9iN/+cNe9md/+RYAWmNi1L9k3oGVV2WD2n1Qe3zZq58dgOVJWRiNrNNDMw5K3CxgXd6agSQ0P+Fyr4xtm80n2DJeFcUphiyzC0kNsLUzLK0j0AwK2Hv7cdnGYpRqn9FzdrDev4YLY+DCd5QP3NujYDQEAm2k2QPRoGXY6TCmnYsiXIyC3WwqEJHxK9TyQ7lYNiGojZKxOM5bUM02Q+NvmH4xkw/elJLQMoy16HDmpMk6YoFSYRX2M+FcHxQqpOPfxFQIN5V1OdOpaueToZDLnQFHMiEJdWKjGY2w1ZXYqwh7Yt4lDJ3wX10oxYfFMtZIG1PTq9RMAirjtZh+cmq/arXWMUCH7B8Z8ajxHfTodOkW5VAoFAqFQqFQKBQKhUKhUCgUCoVCoVAoVKTVUws28Fqn5R5wrgNt87gZjjbjOORhm7fZXRFgp0TvhcTjioG7zgmLT0sjUM1L9qEN5L+pGEhIJTdpVoURJ+lADE40XqczykQ+1a/r7/QLvK696NolqnHiRdjtNL0/NXGyQCJ8mzMr89Gj5X67R9Z3Kx34uI/6wIc9+Fp9/ed/9bb/65kv2mmT8JiWAf7y9W//j898wdd9xefo2y/4rE94zWvfvO90sDOQrdnD+p61cK4PjX3QL/YuNERBcRzNITfraJNYFsrNI7FstdxfarxKqHma7Hxa7UeEGRyTdxqsbbZ4SvNCup3bd9B2oz3rYnk49kn2N9T2ITt9Ac11oKb5lDQieZhrcpBPZWroE43doR1LGPIRSGKqoetNe4P0xKn0gAzH0LdldzVH8bmItXOV6JA+pwKm6Ad2SoFTQBgRGq1ZwUe4GcmRQo7WUb8UtjRJ4mGC4msi58koGTudXHWiLLSIpAnZ6awjitslmyJ+0naIibC64WQbUPEeMUss+edhzKSGLSARQbqYqvmKJ0cVlMSGGOd3OdugMNFiHjCop6ISvaMPjD0kpGykPTVubhMKhUKhUCgUCoVCoVAoFAqFQqFQKBQKhS6xkpf2vGbN1UCtmA55PNoeHW23w7gdptqgl1K5qkn8zfv2+//UEBxrTMGCUZnv4TXy+Q5eKD1WWvckZWUkO0LydPqu67E7SOmAEzOSZEBwdEYHls6RAKs7Ac5ImlI63rVsOak394AKTYDHIRGrstQOmCEmF+JxsmzPOzRrB5FmZArpqZduHae5sV/4WZ9Q3j/jv7xoGIbmvEuuYbWFSb/6my9/8uc/7oH3v3p6/WmP/cj/8+ef/97bzu7rCa61sKq25J3HXA7QwnyP1PIaVl9vbhr6A+MzTwyC2hvh/IhRBc3WxQtOVRFzCvKnDJv+WbpPiT5x1gGaqVSatpsFteY/u2JQ5KI0NAs4sUSUghBhcsKl4R7Anzk/Ms9uITU8yw7XYxdbWIT6aVanET62Dg7tTmvMPmlmLiwOplj3YFUIZT5UYxgd9Xp3xP5DHD+oXKdfxSgvxuJjgjYWoMQRyrVPbzu+VZnDcdh0hErojLaThHlRMxZUuEQuNCVGb6Y3At0pJpM146degnquiOWI9JwHnyPWZDVPDf/EDWWZMhIdJH4rBlVJvI6iIMkCb0ijgFrmSG9LpvadzS3jTayd6d+V6b2AJzbKJBfJNySh/7ukSzViy/DgXUt3C4VCoVAoFAqFQqFQKBQKhUKhUCgUCoVCF0HypXeLW1BmQ2vA/NVzykfj5mi73Q7bgcZxqgx2wmvYcaVkatXsVZEZo8zqv1abpoXBgbZb0y5gb6NWgwTLhiDPjmD/EhI7E2FN+Ad4S+LCK5fAp/qqOlB00nflbUpSR5rHaKBWcmk5YJdUPvAV8FnbZWdsnUVY40vKlgtGT+Z4kR1ebqRSFtW34vixm9NG8vbaa6583Cd8qG552w23/NGfvLEATHhSO6X0jewUMf7GC//7U5706dP7w4P+s/7Oo3/peX/Q7DOrk1/oDbb9s0MnKek49EkBGfk8S2YIFcYjJccNCGdnTuYqgX6kRpLUnmGFSZQVUGcKalw+rCAPTQ3fT2K3QxwsEM2PA2mGJVBLgSwQHN2mzwxWNsU+zMuxy7WJYlBhDMTMS0j5FRT+YFT2wtxMrOHSgk0qPw4b7sloGvALJnQiQvuprSkvUYxI5IU+GEILJUXX7GQWxAOVmTHQYZpTtq5Bha1y0xNyQxPeObXDUZsCJ0lsDUJ1E4EsqTc8mGrPxOYn2RYm2ZhRyJKEulzac5cyD13Kesac3BWEGRRb6WTIyOJ8qFyRzw1wEqqMsvpMJR9ZHUk9KJEhTtkv2a5XL5c0JSfXiam/s14S+SkFlyEllCwfCpPvIcFAyRo0eqZwj3DpF+NQKBQKhUKhUCgUCoVCoVAoFAqFQqFQKMSWIJpSwLV5KkE7/OXzs5uzR5uNfg2dK49ToTxJQbaUTV1oaRBeg/Z2VGSV8SUGod9sz+KfAlyHT6kajjSvlkpa9AWwWq6XkzvmS2i6oIPEBieHyNk6vSRCJPVzsUgGKdUynkJYvjxvTXedoQDmJKAdUbym1G0zXBKZI4LYy3j5dfGpyY1baOkbc/cWabGU4a16rjXmEjNyDNFSP2r5j0d8wHVdsrv8Gy96pXml0PyAJSlCi6tUguP5L3qlQieTPuSDH4rzo+7cuLTXlcdBL1ln8fS6H299l9bppYyPRiKwkUVKHPzUp67fOXOy2+p19YYSckrAXjO/kZI7vzJqsAAAEABJREFUy+SGOTGcwrvnhhsCdYwWIuNj1dw0PxmNUN/5dba3RR4gZQLsE71EMiLBNxiK4IPllh5YCZhC7NiU5cvKCPai3GpxAfFkF2dItPfelBgZLWdYbuJ1HH/LpJyJQTDsz5F8fKc7x+OYeCkR/4/qwjKjW3hksq5B4HlIJL5PBTQpOydbPfzuGMOGudxIZAJuupfgzIW5m3j/+bBe12jZPu3YKU3SoBdJDU50WEh2yGoBJStXsTBxTxebIYaYlHuiTE3jieNyCyO/mTLv5Wiyu8ITJ480jlnvh+UZQQFI/L7a8KDG+tgqXvcwJEnb5p1T0nSkhPYwYMnWuVBILhQKhUKhUCgUCoVCoVAoFAqFQqFQKBQKXXRZ3ZpruthBl2GcipfjON5xdPboaJNptLoywsJdwkvb9qb5QwQznwnlUWblRklYSOhfqyf9nn/lKvb1tlocWKVYy5tqW9JzpAl2qTuENP30mHpIXfEvkKJpJ5VNZVB6lKtGs6aQkq3lNex24O7FNU4vAk+ZUDeC1bIr7tSMQYv8F69GS8e+F2bAPDWq0wnVfUsNHwqTsNLagx94Tdn0uje+Y+aqUU7Vvp630r67+d3vvfU9d1xzvyun19c/8Bqklf33CfdsxObTvDnisnhisEPq49Cn99yghBamTqgtfjWCRqd02PW5S8ARUApN6bRPWlxvutYxNJCSmZ8kh4nUMCIVCiBZ+IlntzitgoXzEJeRTApSlE/cOMKf04xqPaEfC9uF6okiQIw8x2nanPyZV7IE0YCgcj+SmJWUu6MARN+r0ZDCMY4maMQKX40RDM5ziJmHZazwsHr+kGfS+BzSTC2sNJi7duQ68/jCsx9C5eBsnIjSGDqmSMfxWdpj7u/o02CJoVExCln6JCmeB9ksQ8SeCTQyKmv6DhktkqGZBQnQiBOxtUlqJ8I31OEeDuXhfZIakWRIdjvKiGVxTsmF2cnkCE25QehPLJbr8HV75odiN93uoy03mPM4/YNh4UgKx01jmX18HSkpbevoYwGWwAxgwG6e7TcNM99fCUizptRGJdO9Z10OhUKhUCgUCoVCoVAoFAqFQqFQKBQKhf7GKhlywfAFl1Fpe367Ob89OjrabGmr+0hlOElMST1Qy6daUyx2DO4s0KoxCCgFRdT6LmjgDRdKsRiKzKxHiDyXp2m58bJANz5JkqTTW6pOJwBK6jQLSIr4nZ3Y43Ws/8mdIGYdr+4SgNDANfe0aHbdsOhIGavic9EcSQ3YcbF7NTcTIQvMyP4u+1+tTGdPSWl600Axx4zsQx5UoZMbbrxlBh0tRmWJm9D8LeudN91i0Ml117aFb9jZdWe8vTxfP6FyFiu5D+ex68S0QkmE1H/QVR2X3nkGpnEqyPOAjAPlgQ0hNjRMxzBHkZHcOERms9Xl3bdC/C4YhFAYRV4QmUdJi1RgxtmFG7mC2IBUI47aapkbSdNiyvgpU1BMVdRUIhUswXN/NKKF8RW+2Z2YqCj9kJw+SaTBLnXEeE4ORwgloKs6bOhvzfcSLCM7eEOoxA1pHJZvI9vZmxbGoTalI2IZQETtOJXPy8YMUMaK2RRzLZkNiR5BZS6ARftUTxAyW49WCLksf5b0o7dNTllMaUitanp5WhieyRnM10UHhD+30JrMxEmnMwL8lOqDUrBAhZioMBxZh1amiMU1QbUYKSsdUk29sbNnapfaZhA8r4ugmJ3w7e4Iu8qVwHYcZYEHsoeHOiVtfPDLTFgDwModkv7n0TZmw2goXyLLqVAoFAqFQqFQKBQKhUKhUCgUCoVCoVAo1Kg4DkxlwW0ezm+Pbjt7+9GwoQ5GLn1SxxXnziukab0VLkubN4G3OjuHfUe94SD4K/BZUy/0G/geddNAJzvpMBa3ANURRb8mz2YnCAeI+nPIb9P0k7DmQWgNNrlxQ0LFUKwc7IkT+y6w6QVcqu/XlyL4NG6pVnYR7/neFAghNwX9qV+jGJzUEBzLJyEZ6j1ZGLR/w3UPvF95fePNt9aolr0F6t2qf93/xpvf8+GPfPj04gHXXt11aRzH3T2hcAO4ar6ywrKoxu1ZGjFXJwfsP+y6q8n8KYihE/bUwAHYDmL6L7MpBIFlmYgBBU9DfiooK/qAGgXDn+dsbhdGK2D2ZBS7A6SsB5bYKonLKj0UloXNLszCZHERltbCBBnSzvVhSnXIy/BIb4xnITFa4YOzGhY5DmN2H9oz4DAtMhBGmk0oyNj0sDok4/CIXLxl6pA5nhjfgAjVNgOcdTOsgskHp2rs0tycQ7aMy/mGdgF2lwVmyQ2Eg+bcVMYyK2MlAz8zdWpbNXrDBkI4IQLrm3edLK1MoLFMhbzJ1HFykkQASSiSUCb8CLkHjiXpIDRWMaA2LlRhIekG+i95DhMai9NAaZqthmBz0S1Y9EFImhs0HzLbhfRWapaa/CuR2JOnjKp2IaOSf3ZgtqlTx0xAG7TmAG1RaRYL9KgdAvP40bsa4TqhUCgUCoVCoVAoFAqFQqFQKBQKhUKh0L1BGaxMPRW7zw/n7zg6e36zzVOpsEtW15Tv62e1UZC0jWOYC68C1h1IrS7kpQauJPv+PSUpRqZkZUq1cphBJ1J+nyr2JPVWQCvaJq5wl6OmFvquO5PSQeoOANnpBJLAJclKk1qG5dNx/o60pIE7VLwPvDhOy2tpOJtawd/N07gbhVDNEqDt2Mx0YPbZ3S2yOrV3ioQfkjuVFYLI7RTBNWJjb9P1KLjj3FF5e8XlZ46OhrZaXXZbvGjfondXWjjUj86e2xTiBFf2b86Ax/FF7SHj9o7BaAqbMP2DDjnQRSroqBV1Kfj3QnihVdad2pFnRHcTuIRfp0zqbMGwxDTEA8MrehjZMJvbCD8n4qQCxrJI/7fbTbkQARWUS0iLK5WXnb9JORusMqOZzFZDfyUqvIBaXBRvDLIbr5xCbtrR7V2nj7tyAzm5xwgbLuVRCYfeHlGNvjJABdwZxZaHPIOMSAmNnftScAcloTKKXUZzWRmdInH+TkKIkl66TmqZv5W9SH7ZlDSLpsxFhmNsCyq+koozTNNpEsai8CjkiAb/n2x9pS7rLFHcRcdE4J9mTvp1qt+KLI6+KcsMyw36o/fQmBe3WAFDcwoRox46dbg1XycjOpko1ji69oxOKvHvLCssjvJJUmyFO9xTSuhhT1NL45CJcrOWScuCpjglxIMwAhSXHJrZ08ysV3JwJ6FQKBQKhUKhUCgUCoVCoVAoFAqFQqHQpdZUFmdSYKpoD5vbz912x/k7MqaDM322b8an8l12llWzrfxq2S725XNCXHARNY9CKrnUsALlS/peP+WKZWrNTqbSN/sz5FE3g/QEwb+AzzXOjqwGO9Xxp6psD2JwosRJ6jqwUqlasEyn57QdZVzQwzu0gsuFeL5K+aj0sKqtc0ol+J7VMjsG1f+h3A4vJ99T3ZHf1LxQ04FpHo1NyE6bnaLF9tN2sVzvDTe+u2y8/kH3u+XW22vU0ipu4tExsHb/rn/Qtfr27e+8GasHRzmkTnErucM6erLKqYzbI4U9umQ8U39m3NqVYKcmFaAPgeYOZbXtIZvE8kgoSUJazZeSuvuZ8JyW0ZXHj5w90VK+vBjJb4VtnU7R6dFyGKMGg3APYjBkviLT8yUnT6DOHIytlKSanTvWDEsu1y5Pj++hoFd9RwVMMWyiUBZuCkOCNMCoy8y0y5izeJxYpFDqknAKVKAwkmCVrDhbyQbbmV2EFQ5Dg2WS9p4tWeRypbts6cRkBaEZqtCg1kxoQJouXcmmtrbHDWTZBSuzMo1mnaCK6Si90ix+fFEao2PeTeLBNK1NWfGRjudQx+FE7hGS3J1kesRakxBqwRBBN9R5hooHi3Eitq4JolQCw4RnoXH6m8xfRhfFJByfeNJYjBMbFbUQiw1K8n8NBPpJ4sqC2VZbHTtbfc1DhV+kyuxQiSYiw63I85p4sc+5fKqJR3obkzUnkBVCKBQKhUKhUCgUCoVCoVAoFAqFQqFQKBS6xJIv/2+2tL3j6PZzwxH2Uv7kAJfUYQ+eXlO+/C6lQnOJKHVejg7h2qbXQ6V4aOEXnqdB2erOXshXIsQqy2BeJvqVeK0qcs6IJTg4iMBVWExeo+y6vu/6Q3Md0FqpESryRXzo5LDOzycn92/sE5e2jachr+AKkoLS+bRT0GyhmYukk5JxsJy28jxazG12wUoA3MnEidra/HCCBbxRTm5wCUqICw153IppTvHfAHPAUEzndOOGOzEe77jx1vL6+uuu/fPXva3hPJadA2hzQKq5g71IeN2DrtHXb3vHu8pM9Y8XDc78FBoQBZpX5q1hbxhc4Mk6ciwMj0V/4HO29ivrQQaKgCFUhjZMx5JNO3/SSkyNzOGuFP1ljmf1elD+iF+kUsovIUFOtFiFP8u9KSE7GfRhs6QUsfzAxj2iYcSasWViAm3omiAU54Gam4iCO0x7dLaI8BqB7VBy/7LZYPgoi2mHKindkNHQEg3/4dgvzKi0mzXFS1KWkXa/jNoNKhYfvHIYK9Gjms1ItgtVlqRYwZRtJCiFpfdASeJKumLUYUFBiMjGRHoijAcxO+f4iaw2khwk84EdWqaPFVRi9iTx+mtIHjM7HjvDRJNELxlQBIKu2BiIoQ6nNmWsFFqZumh5NIqo6GKqkBMlR/jKuqxECpIuqMAwCZLzbRr3g2RTyJA/AgMTNWDJx0wmOvv0NClPjuOQPT2od0cvSO/LaE+DJ/3ofNM/etLy9MHFX5BDoVAoFAqFQqFQKBQKhUKhUCgUCoVCodCFajtuNtvzd5w9tx02JGYfWLwImpoeERzDR8yCOAw3se/b14L3fGfO0wAz7UheIRVjFU+BmAqx6iRAUKgXsu+6T0d34mvSE9exk1Rtu+TQibScll3GtOhq2yl/sZM9cu8U7dIhd6EA2x6Jx3xmBIScfBQnAiQJfREOKasBx3yA5UeZiT0dPAa8eecN1enkUx/zEb/7e38yY0G8zSV60u7g53zMx3zo4UHvzb5rdefZgTsNNtV8gp09G1uGJLgN9iXcpaFOxBZDq/mIxp3oJeCyB1qIN4KBXSzIgqj89AmoGTx3s7BZv3xgKyNixhKNjQQqMZFBPVOke+SgiXemgDeMTJC3P8+XmdFQ8iRT2Yj6HCNAMVIxAwvS0JRsGIbaK4HwHKONqPpfCINiuBM5tEDGI4AuJO2QlF47OyemLAbN8Gux4UhKuPHdSuQ+Gz6ESaEhZubI7mNX5gMJVJU8S8rsZLKjHTrAA6E7jRBnCIlnSUa52kQatJMTWAjNtK4l7DQ1jM/OOImM8IG4o0xH55KZk41vYd5kEBsS0luMskCaIZJegNwPB5rI11NHRoyg0bldpg+SxjwxZ2PGRR3qPQI1rAExbCHpaxbchzS0zIk91HQzJ4HIO6STuhAo+mokNQOy0JwMRqXkOnOtVYVdFDGCUCgUCoVCoVAoFAqFQqFQKBQKhUKhUCh0SY9pMNQAABAASURBVHX72Tu2283Zo3NclBQ2gOyb67XGDhdGYXhlW6QhIgg1i0fTcxg6EWDEMnNcYF+q1wKme5x4TAlKnbYQJ5gOuKKryTucYSJeKoayoFY6/UJSE+VT4oHAd7jXUyaXRItRsdsqZhk0SKmeE0UEHshATfqIqeQQLUvDeBzaUvW6N779hptufbA4lPztx3zEtfe74tb33IHrHSzOC+sX8cTPekzZ8pq/fHNrUmJ2C01zp5wNLaBEc/xletF3XWdda0KBsNifGKWjKSdNd9GePrSnxVpIuPSxQfWxKCFGmu7TIBfJ04OoRpkYBZbtrVAFpeduHkFKemj71no9KTAv1mZMlccswUzUvpBYFwt9qY4sglI4qSL4B0iYjmBNeui072DDmws7Y6lYNpLqeIKSt2IoDzlVUfqhkIrGGQkzoTgEcx2CeEAzvp017FeUlWWh1hlHnWaYwZG9sw0xImDDEKXcaS+ymCjx+bIkfSWhXpjaEshE3ZvQ+4tK4UwXPIrlk2TnsMjchOyeqtGJjJuOYtZlT6yguuTXIEE9uryKhUnWYCHjf+TA5PcoSXyRekwJoOMjmcnhnQSe7mTYz4ik+UC5OFwVBItGo2TQnZAQymyUnRT+YcAnSz8zNTQUGITY+UPhRFAmoli2Q6FQKBQKhUKhUCgUCoVCoVAoFAqFQqFLrtvPnmXPCtRgGS+VNtV3hFLfPUZcNSxmCgAexNIkK0jdXLkS7Pj7/FxiVouSOXEi2Tz2VXYvOkpfSOudXBGeettjd4BJ3E0st6ezzuo3+zWpJ0sij72zcj+V6vGKY8XfeNHu+2KtoN4KbLeg9eM8cmFcC/iLnd00QSkAthjZTc855qwABl382gv+8Gv+0WdPb/u++x8/+zG/8OwXlU/bPWE/bjLpYQ95wCd+7Ifp6ze95cY/etVrcXmUzYe5Z89xbS7PnpIyEUwgyGg0Tie4C93wUR0PzlRit3wZ3W6WEKjkgX6oxXknGTCR2XugYQDWaBOrYz1zDkiDadwjBGqySUGuCIoDiUEkGWbXO7MIUjpkPlhYPgN7wBYuKA4j+D7SDe5DZZPEnmhaj5IkqmSHKxy8aYdRDi0wGpY1amF+UYkae5vm98LDvXxgwJOPZteWsPa6bnRsQmiKplfkIV+o3I9kgiV1iWG7EQ0ZQ/NQEesTaWFU3xIZkAzjCCmPwKk5THbx72xJM37NqHNGc340l0f5EP1QQBOolBOWjxoLFMvDgWSHSr8y+/SwmZEYTonpCGlqFCg5o0gI+nqtEE8CpOLxYkPC87fck8Yvx0ervRVKRE3PBd/+3Pn2LHlLqFMS2RVGGyY6ziUpFAqFQqFQKBQKhUKhUCgUCoVCoVAoFArdM9oMA1cc+44M1WgL17NqLKyjJ7TjaEDuulB3lyor14iZMkkdoyIMi1DSVAmtdybzXJC4CRylpJzUkgI0i6fjDB12NOkR+SelA3FNQaupuuuJ9MXKqqVUXOqdbfH6JJjmviFq6+q4Z4/jjj5mY/bSOle/gT0QsoTpkCe/FMeNYsFg5ev53IBjO7G08Cgvnv+iV/yTJ39m33Gh+cv+3uNf/sq/fN0b3rrYc3HFCxKi77tvetqXJk/8+KVffbEGo+w5hHBtLHFt59T85vibbM48OqH7TA4lIJQCeaGfsCZHJXKTC40Mcb8LcXpg448Z3VF8erJ3xk2J9NmdDyVVgxODSzThhsiZA3TTCZg9KVhf49zCRHgCPg4rPeJPl3TXmsPs/iQ+sMpYkMbR8COdEGf+ODqlsjIfaEgM8cowljgf6XW2ZcqGUo2RKI/tPbL/6xqAPImnhUUJm3ITde3wBQttf08Z8lvVLBsKAKkTjJmvpDwyYlKuUwgKBuR4GZO5p34dxsBQKv40AofwI5VH7hyfZhiJm8t5+pm2g9rSZPEVEsJE3aISao6NW6t0YvYkA9cl/QQ1qUhTcEg5GUdObEyaye4dF8onVz8VKDAUlrXGOSnDfSQ1KrvVCxV2R0ASu26E9mibM/IEUPJB1RspjSR3QyEy95osjSW1WmLrGMSgTkKhUCgUCoVCoVAoFAqFQqFQKBQKhUKhS66pPNl1VizUhINZ0b18KV4rs3OWBMDBAq0ml1geah0GrM4u3/9PRcyfsNOJlHatCq+lYC5fZi9e6pf4za2kl0idHvh7+NPGXvbtytf5rZPW1fVy5CwhA+71JUs8FRczd5zYd1G0tymsuzSv1EsCPNNjFOBELRdG24F83N3fACoCUdteNzZY9M3u97JH73nPbS98yR8/4fEfD4KPfPs3/MP/6X/98bPnzp8GN1F91Zd9zoc+8v319U03v+fFL31V4WKOYUrWP8LZNmzm0FRxTzzDk0xWnq79VPo3MAes9A4lEMRDXsS3h2pHplFGqI5DoFkjZjEDYvFTcnb6lAr4k/nRSUoMGKmhcIJRJnIbUppuYHlQTFmTp/wB5tp+dqJIn8Zucef0aaWWNalURlZWgJ9rsnAshVPEEkNtSzRLhgGRTJiVWRCWQl/nIWveDC9I8uQPmTo9A6NNih8IesCcg8BOMpzJQJB6o6rFhvYQLUxH779AEskIB/HqADcpUTMXuw2kyw+VWy4fD9qo3Q82NZFBzoLeqIkT959dndQpJVMiDVSCNAq+JW9hzDCMbDelIzDS9GZ6zISO8Ycp8XzSNDK7HUnxEumvsHb6KahlVRIrkOTuUTI1Cp/Ek8Au0lbrVGE8ctxE4218JMcan2VeK2Z7xA5WYs8ia8BIA38mYyFWJCkjGeGkqIlwQUiVZJKBzhpf1GFKZNE5B6jDZZFsOnXIGRsCvdJQKBQKhUKhUCgUCoVCoVAoFAqFQqFQKHSJJVU+EPuRDt3UQGvQWdEPKzvm1rjC0jPQMiK4vCj+BZqpkJtUHcQaMsJ8i9iSiN8JxzZgdX6Qc2T3LjD6RQqMWnyG6dCOQROmTKajD6RYzjk70ieSY9B9CrROi24wwS9SQtvTu3YKnOMe153AYPZRJos4EPPPcDcHuYlSnLbXQAQzv4ss93OUaSDQidoQCE0gdeFs7gXcglS6G1iisCeVUyI69ooJ9qAeP/Gzv/7RH/FBD3nw/afX0+9//91P/c4f/IUbb7plrZHZi2lyfPWXf+4Xf/7fLru99vVvyWM2NAGXpiarIEttds6pLM51Jh0m7DpIB11/2HOcUD+9VSpEzGHAbC3KWchNZKyF6jxRXhEprSL3y0No5tYTWLkPBSla5gflDvsdkDunF117nqY+tpgLH5GEKyAfIJ0386t2dyGAYhHinau4EeJs7NjRRZADTVHxOWH+IEajmK8F+XXLu0P1MbFP+UXSMBf+lG9n1kPBKRHvkNJQZAkv0xKl7AqYXYjtTbZGyYRm/mFae4rfE6m7hi5UGqkj3U46wJBQY8M6W29IT67DzCvetLSiDDLDJZIVM/2/HYeB8vSTRxxHkOAcwGLfIohGp6ufPFV9kvZtgQP0NdoWULkf9ebYrS3jX1c6PVpuHo8YMgcDWYOakpI27KaiQ2SLgqzTFSpz9hDcEYaMyrE7W5RKcBLW490HCMv9l4UaPPspm9PJtFqLsUkHSbmg7AiQNkDa89MgeaFQKBQKhUKhUCgUCoVCoVAoFAqFQqFQ6O5Uku/jJzFoKPYgWumcNoo5AXidk2ptfKZCKlD1GSh+IgRqHsBlU5PE63RJSpBa7dUyMWKBGrB4KXD1VTrZqccJf9VfcnZQvtIPlptSavfr+huSw+ChF/Zm9lnd3Gz32As0owdDT5QpEawkKzcBFiQirhQ0No2iOBEsh14hAgBajPxepGP5aZ1nZ8+e+54feuaPfd//3Pfd9PYRH/iQn/iBf/4DP/asV7zqL+fHYtvI/a+5+n992pMf/VGPaE/0uMc+6h8/+bP+n2e9oD1jA0gtu4S1aYSdzrfxOpfDwWE6OOgPDnvWtH//nvfepkiAPF3GAFTIyux7DPKSwc06upDd5of3LAlTs4EhzwHKxV5GEbAS8cPHjgUvsrN0dqHFw4MKguTGF/rAWqTJYjwAofWwKXgRYjW4aVJosPW7kRMJwdS0J4+y5acIn8TrUOVw3BlGAQlBEkajM3Q+uuuGgG5jMVwhSVAq2S62QrD3h1614BB6OzjUK2l3clKGgokWc13RVYgPUzcRuYtYbsf0SiK/EupjkFsgaBr9xD/sD8Qky5bydhw347hl75o8ZDU3Sai9AsNBxDrF0pY6gfbEPIeS+b6gro0NqweeVkOLu1anb8H6lCdBdDoGM9pkGg2WITcyIfensR1s4jnDROS32+kjzUdT2xfvQfI0JfTZk5IZ2wA4/MMASTb2CamzvXlj0isVr5ak7i4Ku2ggEYRCoVAoFAqFQqFQKBQKhUKhUCgUCoVCoUst/f4+mnMB1wBTahACLG4hpbRdeID6KtXWNAyh5oig5OjUyrviLVaAT8UMwWEHNK6BgzeSIQGcHtExbsLuJuJ3kjq11igF3hLf0F4aNSYSVC5vT+zOJdbF69R+vMbDNKiAIDS3IeEy/lQgl80cpuPcCalfhP0UEADniMiSOvGRVwMI/22dhNWer22U369/w1v/j2c89+uf+sW6z/tdfcW/+davfP0b3vZfn/d7L/69Vw/DoKfUnT/kg9//C5/4KZ/6KR+tkMpCT/6STz862vzyf33xGulS6/P19wptYh+lZs+r05nD/pB/DqbTHkz18f7md78LQIkum/rqIzIX+1lI2JSSLcIucARMVdvP1LpWOJPlO1noEdpFkDwns1uD9VG1+zduh/JaiRAEjUDZd+G1N/umWn3wEBc7H7j7RbL4HhzF3qghx7KSMTZvzOTFzEMMkuAkI7XiwJGUjoARJfSJ1JQnU0bhEnJ2pEa60SXsSnqMLD9jEgclXeI6icUhyHb7mb7h/iZUbw1Imd2atLuZd+b4nE6dVNgRBfXK+HgmiGAzbCYNecykxAxtGUDhZtikie1LGDrpmKTImpCjUIYbPJmRCWfzYLEJkR5ppM38loy2hPqNyPZYz++OcWmSVZQLuWPpOahuVUicjJN1s7qeKGTihkmyLstS4p0gIZVKvBnP1cyYjz0mhZxK+uygAlLTsIyCwdhc5RukwJVRazwWZAMOigtlyEOmUUmkUCgUCoVCoVAoFAqFQqFQKBQKhUKhUCh0SaVf8i/BM52XNVcNM8zMwMqOWrvN5Uv0ZXeUkqImIaRSZZfyu5oCePm0Eif6DXsut4tdQNZqImo5l1N1MPVoZidSqEXzbJCaZNJiOlEtktfcEvExwBpsQuvDcI+Lji/rH9PZ0zTexOjYWzLrAm+f1EeCbPuou1EexOUglzssdXtq0JNJ3ck9QHXuAC5cwwFoHfqEPstxpQH97TYJz3/By2655b3f9PX/4IrLz+gOj/zgh/2rf/6l3/DPnnTzu259xw3vPnf+6CHXPeDBD772sjOHi5b/5M/ecP2DH/CgB95P337Fl33Odrv99eevKuD5AAAQAElEQVT9/oIvWbEzwfVbZMYdtj//fuBl79d3B30nPicHB9h1/Wa7lQGV/2TojS5RzEufDYtHMb6AAQh7SnSvhAaj2L3kfcSeo2fUoQRXSf2eBvDbiSW3Ci1LSFEjnE30GV8DanACdYqouUXae7fyLE3FZpge59ttWaGdIVVPHo2pMRMNdL8X88YgX5PmZjY6DcGysqbFIik5QSA+IxnGnMeUcmLzk2nm2uTVY32NUB8ZSXCBPglAkaDLQkPw7jK/PV3I7wDzGLy28Q0w1EWcOTLamsU95tCcPCoKMwINY94O4yS9HdMaNk0RFKcmXQ8V6EuCcdRxIMC6AMiASTgYSqckh0gdWHw8SWklXind+qUOu0MmxVAHypTQi/AbJY+sv673T1moeXSOR5/JtFEUTadQ89hqmlTnkIpcVnJ0RQZR2+HhEBObpDeJOz7oUsWjatltupz4wMIgmVXDnV4gQ6FQKBQKhUKhUCgUCoVCoVAoFAqFQqHQRZIYMEjEB/8WcERhkmpXYKLZXytaIlazDHScRACFTs0duuk/KZ136vcglVX9qCIQmLSJPFq+B0jmhpThxVcgHXA1vuuBvwZv3/cvVIwFXTTMAuLiG/AI91HhBXMnRKc/QNxMjIjQmjm7MehHapkh9eYMNVpjBgHsnrdgLjIL+AbnPDZzZq+WrEltt75/2Ste8/Xf/H985zf/k4c95AHl82lWXfega6cf2NOrZz3nRc969gsf/OD7f993/9P7X3u1bv+qp3zBdjO84Lf/O0IhRxaXVTJolt3c7er0c7/Lruy7PmmG1MHB9KK/6ur307J+zrmYzMjMdv5HB0j2oEFRCmt8J4snN54+9SNhULRyPzU2+uMnn5rDCj8d2XvcY1/mBxrMkLwlu7U7dynhzi2XJz0B7JgL5cUIWnszYMHZMKxgkU4dcD8LOcKfZwFhUum03qusDhyQsuSvZAMyeBkYE2Z2z4CcklImYPFgckwdNj07Ax+dush0HvriYAQ2l68EDmnajDTHPMRAQ1ZGC8UYCAag7TgwEuHcz0HCPvV6LQnZamVaDDtQvxQUfxRy1sfGQeEadylBjbsCNAxGM4QYzDP8zxAPPUL3AptfzQ1BW9TRySAqSBB78ABA6QIsJgk4WgWVRJTxJMWSkt6OOnkK41PvfTLLJMVNLEHN+pApkR3MT8cw0jSCejYmhzL/uzAy2ZNtrWK4h3OWxgtY7EKhUCgUCoVCoVAoFAqFQqFQKBQKhUKh0N2iUssG+Rq/1jznlhhZIhu4zAmegkP2TX8vDVu9sRg/CGsing3GmnhShJ7SDsFyWLJSp5Rz9dx8ABsBJOdOkroDlGCdwpeAuiVYFoPkY1j1FZrT3WdEbZdPU1Nt9jHjAlrbZ/aJIhCgATriyVAcEvR3nh250iJa3ga2nSDrvhS4gWNOpoLxsNtPa6J9jSsbm+uymvdb3nbDP/9XP/JZj//4L3ri33log56sHvIHL/uT//KcF735ze+c3t7wznd9x3f/9Pd+51Pvd78r9XT/9Gu/aLsZXvKSP4Y6V8qUwXknl54gKvV7UXOHKw8v71PPc0+TRTL2V15xBXj9viSajGoEIilGU818ZGMZ0mK6PlNKqOjTRe5RgxIpguRUF/mdrn3KxWlEgBN+Hrq0dKTp0nJ4sZEe3qeD9vqbNKZqOyIhMAadJMYIZrtZs8KGFAhGf2cgP5tTYtqgGpXIw6wImhlhKGWjrUHJW+EFQ4x6Ru1RV/xTElsgMeqUqZi0ULmvCUYk9+hQ0s3mMS8cvhhm64T2y+6eIFjTGsnGKuxcooFUBJtxOwycnqM3PvMyil3H3kza807dnniM2E6lUzuVggpZ43xBOYNHyqjFk9xyN1TRMfFlD3Iid3kyQmyYR6Ex58HOUTn7KOiVJh48mWWKr4BSHHqByTmW+rDqEHTNMAKYAQnaja4753oMMdkj7jCk5Im0n7VXHOFEMpLTIqHcjlwqpjGjsDLTi2EgSfyaXnGPySmTxtDqvra4h0KhUCgUCoVCoVAoFAqFQqFQKBQKhULve7LSrpd1xf1Cv8xPVm6sX1ifqn/FDSFriIeKilMB/99ziXWkJOYmEhUiwIm6EWg+hTZNdm4tfY5TWVHKkZkkQIcP7rkMm5Q4saOQ67NmBKFVUCplZCtYS7VTy594ytwcL8zmfOKuWIOB7pJmtAbOt8/4jAKK7Dmp0EKLir8nneg9QslCmefXZInU4YCKQpyI3wlkN4VAvekoKTnagWQ4SZbbXSvcapoid4BPMxXluT48zRcuKo9+XbQ+As1V4soHfpvB6KjzR0e//pu//7zf+oPHfPzf+vRP+7iHP/S6B1937eWeubPdDq993Ztf+cev/YOX/9k73nETaHFfPnrbW2/8ru95xnd9x9dcffUVOkpf98++5Lbbzr7qVa9tmBJPswF/s4eDWVzF4eGZDnrdW/mEXsx8DMVwixjGQPj19Fww5kBn8ACNBzA2ZabiO5HNgyjZONACNRLCZ4BiFLS0IJn1dVcKu+gxwziYEciMCynTVbuUlU1DR8n4alJ92MxGhWZuKCjQBAC0jItDE8KSIZY7gIVfAh3DFm8gcECkYjX+eBgkkXT6WofRr2LaTg7OgflxOD1FHpmTaWQ6yJxCyIeVAJtb4wFUaCE5enVIvQFwUDA7uTKhPcojI/3JuqOOPD8/sxGxuedQoDzAoMiMZM3kBA1CJGYw6P3M9iAqWyO5S+4no2SM4IJEhAVGAdBoITm446QlAaQa+CQ5nshQjA+L3hFddYXbqV5ICp6QpXWpGUwW1gQlgYjPOzKTpuAbSbLaKCYoqOwhv542CpHDGTzTQ2UN89UkTpiCUCgUCoVCoVAoFAqFQqFQKBQKhUKhUCh0aWWlXJTCLpkBgZVVwUt/VrqlJpmBoAlUQfU+ENcDia6Q//ytnwnAbFSSVDf5l5ZxR+ZNpvojJyaQUg2aLwGKmoidAjsYTId3apUAxcYAGmBAOkdam66cwgJhuFfWKUttF0/aYUVe4jVoqNrUEJhPAphbAzTlcs6x4CKw55mAFti1sIy+haDU+t2oBiTZw2I/1JZiuoOCsWQapsLykIdpw1RYHgSWyPM7tO8ClhdbztZcofbLAIE/fMVrph/ZiNfc76orr7j8ve+97Y6z56ExJlm8ePOb3vG9/+Znnv70r7nyistAonk+8iM+6NWvei1A9c1pcZPju9p5N5m1IvY5UZORruNPepjzFk0TWAgJy7+BxkOIKvbl/igFkqgtYIOz6P4ddoWIkLsDYx6Xvccd8Mfhj2JGgv7Qond6zs0Ya+LPYVVuiK2KjwC0PVdOooVObADYbYdXmyQuGlBnGy7atGYMcFkfVSrbki9dMtQ6jpmcOIGCW/l0dsJHjFcyWTwNyfwmzYhxCoSS3e9UIorkswT+vJHtWEyB1L+Fn0A3LMlC25jRk84lW3QN2rA1OJudjBFUDIMlzHZxZsfSUWFE1HZlPvIu9hap67f4kKjzCtU1E+V0OK3UVBx30F1M5M7TNL+T2tOYFY9cgHokZV92ifOGQAg0HsNRbu1IyAsDm60oayJrBxMn0xSSUyupmHoF1VIZFx1N5ZBS5SRDoVAoFAqFQqFQKBQKhUKhUCgUCoVCodAlFHr9uLhdgNW7wSq0jQdFto+NYLCiH9WMjmQlWC5iaqyOwRBUbTrsXOwnoEgLJ2GM6rCB2hY7nUyFx6k5KTJ2ao6ip6FloXFmFULlRPOCOM3TP+5TOkW3C3FSKYVyNJrPgO4oYTr8e5SIC8xQ7ArMl6CVVPZRnTt84HViOF8gFezM1WK2NmHQZBz5d55e51FPjT5tmk7VPu+7WnRnnHa7XmXBUZwmofe+9/bpB3YoE2wAFNUb3vC27/s3P/vt3/ZVl11+5jWveeMvP+eF6LsVQmS3P7UX2Gw0NoNf95l9TqZi+UHXnzk47LquP27C+aFdGRTLi+HNSlQUYkBBFKzYR0E6TClrBBbN2tYncPm40GpHymvludrgm+bT5hC3VFm0sHirTiczXMbdUI4ZnPKRIxY2RVs4Zpprtrq4PwjQnEHQkJbRTUKsQ6heJgpSSWALjDx3UUEKDzrqND7GnyQxEdFOzMeruJlMt14/0FwePYsxXtRmVZktU4Z6Y/gxMXsP3VOREdK4IY2eYTBFVrBshAqoa4i2KbYz/DI5ziIjZc4s4NPUHjqFNmB+k/VfAX8wxY7E/Ev0c8sxklXbxlIcXLSr027TWjJQ3k4/2agnhWZGWdyn1YaZkwyyKgjQI4lRdp+FNeHbPY0i5xFJKBtPH4GrxK9Kn0/EMksVTjoOxguFQqFQKBQKhUKhUCgUCoVCoVAoFAqFQveIcgOEADWWCplK1bLCKLqTfv/ezAxEneMmHdMi4nGSas14xXEELHhhJAuFkIKmmhN08nV6LejKW9IoibaFPEMLdkXVAgDuQ7oLna0giNo2eOUZkE0FCi3CnhJcFx619OxVfbezmYMXsqETwkjZIVBbCDPUEJeTqfpNeeA69VRwHrZicDKwkQEMUlAfZy2WdgFaf5fKmix2pl3Lk4KeYLOF5hiKvphNO5uugH/1urd87/f+zCd/8kf/0rN/e9gMqTEkgXpsVQuXtNuThafw70PoznRnLjs8c/nh4ZnLLj/o+97cOBZ3dAnRmOeHOkpgg/3MjT3YO6U8mbU7cqf143FMOyeTpJd22+70WiIjoKiR9qdiL3UUmjHy8r9jKLM+E8cH7aRbpZ1n1SO7/HK8+eYm7Dp22IgVRgLUqITKsdNEZ/xpHBsOTYK33JZER24sI6KuQO4RYrlcGuRFMz8YdTRh4kGRLGw66vlBNr2LB4gFgzXhOD4cTFwkG2BdEPWpVcsQifrRm+iXpjk7dq32WKPhSuQjKBlkPhD6pPBSqkSNpuGQj5QTSuVh4X7Ku2y9wrHwh1TitnQ1UHaEg3hGTNucj4a8lQGnZHiP2MPgwKPYZSFnbHh5ryTWVxI7xNSOUCdKgJFCJtNeyX12RgVc7C3AIEsYhEKhUCgUCoVCoVAoFAqFQqFQKBQKhUKhSyuPUoFSzFOhB7LMthpuUlQMTrqu03quJiNwIV+hk+LOYEdLpVRqovz1eHHcyPqddVJTk6lY33P1PfXsdKLfc0f9nv/CiIO8C7AnZ4HauvU6m3Jf1a7NRKn8a/yR5V5wQTpbpghzKdlcTxCpsiZmsGCl/goZSbPrp+bWhCYZt1N5f9hugavNW/YxmLbwqQepTnMQCM4Yk8Yporzwm7Pkkvz3KpLSXPlsN9zdwY0S9Nf084bXv/WNr39rO4RLQqXU49c6VjuD7Ccy/b32qve74szlV5y57LIzrIODgz7Zk9X4fMwID32y7HfhKpJmiSi7oGiPh9Ggl9/9TknIi7ht8BEpLTvnSqcrzZfOAKwnsyz2hBkikxbmJYnRhW4xcHTMM5gNOalGL1geceE3cu1SnUpYRriMtg4UL0V6+uwL9URyvwAAEABJREFUmI0kQCEuOg6I0YVOFxLBILC3CdBcr3melBUtJY8ZM7DHADcqDlDGfZW5Tw74+RJaKZPsPdI2qYAy0h92JLJwGzPk0UcUQXOYdFzFH0onCOpAaNAYphnIY3OrXQ6zGpYo/adGLBKvM0jSUOYYLrDcHA3R4hejjuooMIi4Jk3744g0Mmeig4N2y8VFRTESI7x4ZbfhSYbtmJsJs2tmhMIzPqlhDMI2qx8X/1uhAUkaxwahUCgUCoVCoVAoFAqFQqFQKBQKhUKhUOiSCrH6C+TibFA/tm+023Yq9hKo5XYUUxNJQ+B3SX8Bdp3VoLWArXEW+vV1I05oKiPmYRQagvTb752AJj1XnXGqBndgZidaC8ZdMEFL8XYZtMdS4j6vBLV2fbyomh1YKZspEy4LZ3Ul0GoumEGF4SCLxhHnxAkVKsWGmSTzYhQXk6n5bR434/Yo5w3lIXlpeipZewgLzREQgtnb0vfZzV3FTdrXO7shLHGTuqVMWZsrDWXSbG/hlYqbwOxcM7CiK74gAA+43wOYODk8c4DA0TrA4EI9Yh/J4SeuliFZ/TaM7KlsR7UYmQfitC15O8shxvJc786itrWSqZVz6+1hBzfxPUrBLMxPSCNv3NWIAYPsfjTz621FO9dS6Bs7gMjGpCAu3mi5TmU/LAzK5xIndPWdx9zMBt/8PtBMgcxoyQdRMDeszJAAED456iB4MhWfcPTNWUxWoDAouthl6Z9k1kiYTnIUT9pOZiRTzEZI7UGmN3IjmrvsRirEky+16I34Q2GzALiFFDmvwhfs80lwG7RoHF0ARo7IsTi1gTN7eMEYhSaZrnSQOaHWIuI6ArIAZOnmdNViiCKuO/xjji8K0TiYiEYi6rAr0KIDLmic+DEZcKKGKIrNjXrBWSYkr2GyGwGdREaFQqFQKBQKhUKhUCgUCoVCoVAoFAqFQqF7Qh2mLKXKXCrORIpwoBb+XF7hq9+R5+qpsiZoHifJ4ivAvvAvKjVq/Z4+owrERcntMJJ/7V8qkwyaMK6SeqnVav06qXOAnRUTVFYgQbE5WSVOrDpeatnvExVKZwqaEr0H3cg7C2uRXBt1UZC6LfKLnMHCksy5QWrAM+hEysjJSQGZDmynwHdJQnpI3BWmcjGb1NDIYTo5DwDbMZ+ncRDHDSVdsphI1FuDJ1yW9KehK1pkAnF3/0KKLHATn3XtxhojUlxx1DPCKYN6xoqb1I2LCJp6irrLNVddfabr+65HspJ7v0uHrBbJiwmHv/Db4tYmOjZI6/yHNYGz62yb91HQWZMW3Wg7WRiGrutWutps0CFrmZNiyqKOOg27Mxs+IznaxnHx1/06ZFOm4sS0EBYsxlYBPaC0nJbOSKW31k92T1JfD/FRqf1AKrjJzsVTuZqmX1lye8gtVXJ7DJpli9yIZAYuxefE+BmeL1h6QIqPWKaV3j7mM3zWkQeeSc4V6KHozXLqj+TjqNMKylKLZYjYxQSpMlBpRNoKRCK/p6WCBsZHciYzNSHhV8bpafY+ZkVAEjDXwufufB3XfzC66oZlST0d+riNYrsksUBZ/i3g3vId9zA38TpRvAR1lPUASsoqZkFZFktEKBQKhUKhUCgUCoVCoVAoFAqFQqFQKBS6ZFLTgBJc4ZkMBjeYoYGXiRGsjptKqo5wJl0y4kSLm0kSR9T1IJcECCFIsnzvPospgn4L3qMtejZM6Q8wHaCUF1GDRjQapFhUYPJ+2ga/Bn3hZXOvL7ceAXBfVYFCSiEXyohq8Vjum5kp5DwKOjJo9VvKyFpkzj7YZljibc6q/iUmxTxRpOQrwMpIeTuOgrDQyFhJHvIoeTrTuWiYfnO8DtseaHNZ/QygRqrMbkFLh7Qv0LtUt2N7lNEMON9Sug9QK/X2acFGKs5ScQlsrt+xlGZEsBmYeWfQvTh0RjJxkroeLKAoAfW4UhNfbqKGZvDfPi4KVSR/CHAGiJQOaqdpNgxYHmh7LLB4XNSYnnIWKI+3P2btPk2Cjv11JsTNP+qjp00V4EzismDOyjTd8A4s29eFx3ANMBcQnF92aWe22ZxLartJY2kIdkOOaP4CPdKIt4y5LDTmZoItllK2tzOaGuMV27eQQ3ZnZD3l2CUGQRKSLWcZRx2ZaRV1GkRJPHOG0vHwHqi/CTecbdAdMJGPZGFlw5UxMR+WnWtBecHPLgrDIUlbQqYJMyZhOluiAfVxT2JmRArusAOKoCT6dFLS6+qVeuFuVgMTLI+kkig5g99I7q3waPaS/y3QuZKK0w/oFY+OoNSpJv4xzUNa4Z5QKBQKhUKhUCgUCoVCoVAoFAqFQqFQKHRppWXiUkQlqphAqbRS/fI6aIxOSl3XpV6idYxBEYMGMT7BpoKNVjpkZwElTiyxgZLZlsihfUoHKR1KDENy7AUsWGfuWSLNeVEYUt2ovMwMMHgfkI87uq2JsDr6iVTmlSnQxIox59HCRGj0UrgRDVhfV2ON5rdJOSGfEyRFaSFOhs0wbMc8Iu8ynWigcctwCpeDuZRtt1ptOby0DPN4HZxfV8tzQN2hojALuASbO1tet9RIC1/MiJOZtUmlUsBL2Fj7YcfMIntw0UPfxc07DqbHAZM6lAgwlfqmLJ5qB+fjIPQVtG1nKkFDVCEanJEoaLhM0xBzJ2rYIeFHScmxjM31SNme5pYrpH2bPVn8YM4aXzxJBhTUA2ywGueO6kMzOxB3LYlWZFCFtaM+JNXAxXxKZo3zuwSzm1rOrtwJ7kBnqXqjUHtiv7xcm1Cey+erniIrVWMIHog/hxl9+EqKJQzHmkqAhXMS6AQMnkjmWCI7GUmiLJ53rkudph8xWSI2IHpQlmAaUvcRti2Z1lbU34PwJaMPPU+saeVFGBgL46eWl4qsGAoOEq8zoDiauMFU5snZ6Zgr8VEGsQQcmdOKTCsyyqyuyLrci3WJXVDOetWSR0TJ04tSSj7aMhBZXbbsQZUpkDMuJsliXoZCoVAoFAqFQqFQKBQKhUKhUCgUCoVCoUuhrKErYAkT1FpfWElWapz6rXuhOiRDp5vU80+v39dvQA83R9EWSlpFhkKcjOjREdwgH504VafTL/U3tg0zrXk0YPuOqFAMLaFSyt/33a/GU/NCSRDNraH2ojJLwouyVolJ3QHalBEsUAdoukgqSIr5UKAnpdh5OEMHYMjjZhyOxmE7jtuU5BzjyHk6msBRvGwou7kJ+phbwb+Bg/aWi3HPC6zwB7a3fAVJmZEixZ6kGinsHFVJEGxwE5yNl5+w6RNyFhSWrb1MZZ3rimD1cyhiXQXvsB3VKEWwD/WAMEyhMfbQh3AxgtSQIMbUSNke6y3PupnMOqTddyEsLI99mglx5olSKLXaAaAyhr7nbjehIXYKdkOLF/oxFDMSBiZ0HqOMTJ1IJV7Hfy0uhjROKMGsJ8u74cYs6FCX9b58CFBGHNsOzpYjPkumehHVEseXJPf+UHeTrAslUb0T4I8RiV2QYVtyDzObi8ijRuoQggPRIFvMOYpgADY5GjQNB2FQlITXBQ/gyoKHJesnr+op8RbgiDWmVcR+hVC8WAz7sZtO5Xpo+fiS32lu3mk4sqnAbCGhWdaIG4tebPKArywjl7JdPanFkvtf+WxH2E2GCoVCoVAoFAqFQqFQKBQKhUKhUCgUCoVC9wbpt+bV2kLYE/+efg1FMC+NqfDXd0mtTDpV8iAd3t0ZEKpF57a+L9+uR4t3kNqkHNuJMUqSVJ0+K0ph1VzEFpdoVfwCnC7QrXuq+7rDfaRYuYsALPwXePDAwm/UvUCUtbRMWoWW2CI1GGguHHctRXTQsNgzkJWb3eNk+hmHI07SoU0ezk8vkMY88m00DwOZNDInvLPkLg+KtjgGgrDvihtfE5z1r86txcayP8DcVKOCSAUzKf/h3Lxklp1jPErTcvPXjmlO6i+wtCPAFD9G7vuDvbzXHbKZcUDTghuDEFbXkfnAqBUHqpUKUksMLSeKwisSd2LwB836l513wJ2T4Orr5IALiW9KKf8bnYQr95Pc3EavfwadeMANJlxiA0juC9J0A2eJX+AWKQ1NRnMGTS89+zz2XJusdJZiD9PZ00itW0eZ/FRGHNW0pPZNpOY/zURjhs5arlMjYYFUykyqH2fwqDLePDKNwT1OGSkb8tWpbdCgzJhwIbKF3Ya0ByMxbjK1sJWbqr8zu5LwRnku2bNkTMi/gQZm/bQLnZFB4sTDSzCPc+IsHn6dshEnFhAlQEz2m64zARp6R6dSJx0fbaC6zsERPVXCzCMqM7xMTbIbZGObhGdJ4PdNOJUsvljG5cjvPHvK4TSOOaFQKBQKhUKhUCgUCoVCoVAoFAqFQqFQ6J4QkbtbIDSRKPaRBiZM5cGpqN112Kee4QJEQ06sIO7BJaUuXOrpXGVlGGGqsI7jVP3MgpskSGgpIBLVIxkOyaMnpFVzagCrfltsjlXSxRxFy5T6ukErpCC+8ESxPe/lqoYIrRpLCSlNlyq+WdDw56MG4qjJiNnHKIAylaA1+EjLvrTDK/DLEmwxVdGzhy2RZPUMedxuN0eUN5k2QBymw5YI3LJwLagEgtzqUZtPWl9WzMNr+YurXL30WlDeybvx7VgRlNaPxH8XXxNwcqEBTYp5B8zIEsNWWqYEZ0hKQ1fMLFLKwOnBqTgzmEtH7hN19XbV31QsPIBpFEcC5Halaj1C6E2hgAmdR9PkEmGj9XsDUQaJkQFvPNmFOEdmdkSWzEPz0dcmZn4qBbepXiiWsLUXBSudsQtqbSnQ41VwOQU0uEXOlAok5ZibxegI4IFOKii1QDO/F4USRsZK7Kx6nc1Dxa0hLHJ2SIApx1SSrodCxuil6j7OapC2Kbk2eSSN1YHCxSQfJzBbDsmlmVZOxUEY7JBcGQZBpI0xT09NntoZszysKCYl03NGIC+U1INxzPKo4TA9kxKRM043mx9W9jLJ/BotO8vcUDRzBw0/s1XV2R4dVnYz6QwPst0S1EQguTQEj3LKpHE+xq2AmKQkorI8zW+qUlIkA5ZsiHwf7SP6UCWjhZTNsntv04Uce4KSJ+ZNQEAnoVAoFAqFQqFQKBQKhUKhUCgUCoVCodC9Q2SsgtsBtKVisogFTtOZfjD16QCkUCkWJ+xPgk2xvyAMiht4JgPTCNtxHPXb9SBuB3Jo5kpyYpMIqZKTnMigEa1uavFRKuZN7T9BazkgZwI4Jngh21fj84XVKaXmn6gppNeLPKklmgMTF6J5Tbwt1srAKgbk0AmTIYaXyJ8KVqjliYEfeoezETuEnpyRyJEHoUkkmUOq32xtMuY8bPjF9lyeyuC0BS10F0ccK/3WF3KPRrIOp8UY4M6LskH7gIvdmlmFgDPrkcazBBqOpCSZtChJQU6wYi3g86niJm2zsw/m07vtfKrMTrlxVHKo+tFnarmHxdQEtIbPHhPqCMHDmTIhFbSEE3a8v8QmFMoEKA7AiItU6JPOTr7ZaLcEbOpqLonW6vX3GrwAABAASURBVMkzSnK5phlXAWDPtRMvFtokbfrtIadhJJnJQAG77KRuSeaSAQUIsZkKx8hNjQA7n9T6POuSxE10ULgXHUNUlMIGgcxNg8Ec8QJiNEMWLqXieJaj7mcvyu2Egt3xR1lRnxqR4+NnRicyRPpQdge98BhJxrgG5YzZQnBIzICyRNpktgfCLekTNnUPRw7HIQFQMhMksmXEZLE4edpTUBJpeTo2Ya/PsXIkWRYm9SYRd5dEdYRQb5LNaOeNlJtRtNBmpLZuI+KMVmN2RTUlS1EyqI9pXYEIymji4hEWtCXXo6z1wpDI1KU6bQAqmGVwi2ExeRdtaaKJQqFQKBQKhUKhUCgUCoVCoVAoFAqFQqHQpVMufiZea6xlRbRcjT51Hf9MRV22YuCqc8KS3eGFRnSTguoVIeVXmuqqnBchBU6pYXfCQpj9hhzt1fk2kcdQgsJvYGEM1ArFd/K8Bu/z2lWeVPhePwYWPhmn150rhu4wGpoKMqMacFbtLX9xXoElsS0BbLwX9AU5yGKsj542b6UGvpF7tc3jmAf+PQ5bmD4S/ARgSHKXpiJ6IrNSgZoM4w4JGo8BDaFBxZRmfnHNi/noVgal8kw2A7AW0n3zDDdxfAEqQVKjmKCad3j/cLbFT1KbhdL+rHOm5D2161S6xwe7P3twpYNbVuS3sBAwZwoz9uCcFShYTRLHD9nLrFTY2aJDt6rQPUuboDiVmBH1TDhksUvRJJ3sbilk5Ah2NjDOFkxPYTKASJ5QuyTPuMKCAlW2oJhQnCClMaD2ktb2gZzqw+woDNmoOo+QxtHGFktWCzgFQT6/BZiS/fyGGDpDqC4d8kQoWKGYiMQSDVnwHyzPF09xnSoSoMOtjChEEKhLDGq8Tc4a58NP3kCwnR6dUVY6cSiZejw9Ols2LzHnFU4XY7IEM4MpvH3MNAgbNuY0KriSJOwm9XwDmSlJPvbKGCFYcJU4qSC4nU3SARCrouI+BXWfOp89/keXWgvTUpDH0A4HURRxWQbZlKVQyJ56W43WWTzltFyQidaWaJwf1HAsy2njaBfCKaZgKBQKhUKhUCgUCoVCoVAoFAqFQqFQKBS6+9USJ1oztJQUFZuPYMfROuZPIr4L+p1/KW3zN/+LMYBV9km+tC9fZ8/bgUux2SruhlBMrer/YpnSkUXqaKHZQIHKGyBWewvZAO+TMksXAKg+FEpwqL+BRt6wt0kWFxMg2w7Z7RsQzJdCG4F2rBwq8sQRDvyQv5THcTtuz+fxPCDbL7CGYfqfpp88dNylUTxVNDCJmnKzu19o2RoyzMrQ+qeCRTuawTxNqs686y2A0nictLhJqo3VSJ3UNN8CK7AHN5kbqOAOaDLvlXIdaOiJWc2wyYYNTv8X7z0CzS0RD46EdNCzfckBQscTX3AKZgxyz1kleJB4qHHk7Ba0UCu+BPaX6SDZw8F+MkJtMTVk50180pGfsEzCkCRx4JDbI25EyciFLhX0QJ/G6eEU3ASMWpqebbYbMgQGqaUGqD6RThmZwQkUrMe26IjgDFhY47ZsBsrSk9VyiSeghmMln7HTeCRL1pHQGH6ROmfc1AFEiJDEA6B0WwZl5lJOJbWHQ7k6yXwhkuQaMfvYcKYNUyOcdCMQxpBHtdpg3CfDkGkr5MgohIsamUydzHyAcjCwJdiM4yZPC980ytOCmUb1n2FmxR9mgUjUlYWULErMC/E9SykrD5IEyBNzKZ4cpEutLM3JMsMKHONQVxlKuYduWFIeEG1DsRIoq/z8LgDab7dKuTDtO2KHC8mAsEMfUbvJLZQIZkwLFAuatvPBnYRCoVAoFAqFQqFQKBQKhUKhUCgUCoVCl1ytZwEuq8TYqUr4BmAxt0iGSKAf5viB5XDgyKYZwzDyd/7FvUH2ZLcUya3hiipaC3Y2LrO3lf3T+IsQ0b2k9LjoxZ1CY0g9FjzTRAvEJPkeoyTpyE8eS2xKwT6aLtC8L6VIi00Uht6wQRobx+3ZYTg/1cwRp9o7byD9mW6dkADsU1PK3V4JzmzL4AVi27x+J+bwyeyDRUoOzG96gxrNc3AcN8H5USVSJzXtVDMeLOgJrh7VsiaVPVnDUHSX1MAxfIPcNEg/7l/x9nfrzUAFCSgfHnQ95oOU+k4QEwZJGIroYHrTHXapn14g9gJ59Qm7BIypJCaEDPuSR7GfnszEriUJ9GmSP5Ivg36ZzJ3kzF1MqDQFgzlikMH/Y7a+5ay+H25LMp2KeST0e+pjMSNumlyVzrftvoBpDp34ECcBrHheC/RBQuIwNjP1tUsCkkwt9mI0kjXvKyfg6ZmdppDrEyiE22Bmiu+GPkV8naOwQKO4gGRJZeG1aRwGwXO2eTowjczfcJPyeJnDxzTrJQdn2mfMkCTURuxPJBNG8qxkJVN0qOvogCPEUi83MNVBZa8gpXdsZjrQoyRW1uwbMQFJ0qBZTEngkJFhWZkRn2DUzlRjBm3mF1AolWnuC4OjKuU5xXb5t50vaD29MA8oLKY7pt0Vwx4nat9B6THOT31vWftDoVAoFAqFQqFQKBQKhUKhUCgUCoVCob/xUmsNArMw0S3qc9KpHYnuBVa3N3cJKt+q92qm7CC5DHnDdhlcK53K5FJKZnZFvFGkeD5VzkHKqn6kgyu4ymusljbvRGjO3acLqr7uE1HFTfg318glMyWL18io/glQglmwRGdQIU5As3Va3KIUd930gTjtg+/TMGyOhu1RzudB3B6m0yWp3Us6iLAm1BaWrcxb/Dzaiza2ZeeiWqZkQS/sfgTgKEmb84TlYtzPpG3ER6G8gLpP9Uc5HjeZ4S/zjW1nsem3Hqyc1HRv2ouYpnmfrvsfhMdiTw02jSF679E5pGHaF8bsJhQMhzC2wL4bY49scNHhKJYojG9N9+kAO94uCEHiQByBToCRFAlf4RdMonT8YMkTxiE6Hd+5LKZEhMbvkLhlGEDkHbWLNFoBClW2RpxQ+WRGGOGa5wRhZuAszWmV+T6KUYhDC5MZ0mbKA0fPcIZXx5YuMvkTrygcRkMSLiOuJKVT6tkyzd+cpxVHiBPJuGFKaxjZGkXseyQoZyMDMTCbwoZB0E0j0mUBP0bS6JxprHsqGTNCteQumdOIpN5wcg8nThE4HcL3Dc0BKssal5K7svhYz0gwWXBtziULizG7nqS5QllHVuODpulEtJiDjpuUTBsLXdI7pqE5SqXNKA9ykq0+fUjui5K0uUw0e8La21r4D39czSsLVgAUxBOYQFwxPmEl86fZaQ6yO9yo9wmEQqFQKBQKhUKhUCgUCoVCoVAoFAqFQqFLLCmLlvqd5HmIJUJi8wUrqyN6SR49WqNT4xMvDmoNMCkKMdWHj8Q2IJdCrZRltSQO+hs0YSQlLe6LaQPVoAfQYnKtbO6UQO8twIl3i6gNkCHE1f6t+qG0ZjN+oTRaYMswihEEv6yNkL9GY0BAc3b040yFzJC38nFGpU8kBGcQLigPR+eG7WaUYB1kS4esLSOM4vNgDgzKc6ghBbS0B1+ypvxovb3zoSDcueKELbCxGIbGXwRafEdJESdCHH5omBXnUQqVUvepfAnWPa0Vf7HrbuKfzvsyh2DsRWr2S+4wYxAHYp/7M/5xhp5H4vCyq6ZBZ3SIb+ggRACDAiMIdkHM+chII98kuek0ZqwsiLiS8EGKSYgFDWkkC2h2iVkFyY1DITTktxw13a684RepdZsgMUNJalokkVdY8QFcmcZoPhtYHkpsgKPmxTRZBj2FETxCLCiGUZpRIxie0WMZ6mSGJ+L0IbxIFg8SYVPE0kV7KrwKjObzMV0eGoOhl00a8YUCs8gNQEF1uC8dHEjGjcWASWyYszepeolIfBh4Hpi5PWnTo1+FPhsoTkQKb+jbROWJq2uEpVuV5CD5NUKdZTIpktw+H6c52lW1cP+QYSwgiE16kjkzX2hw53am2a3V216XG0Xh1vvgB14U5K40Bu2prWPyrv7joJPpIp41FAqFQqFQKBQKhUKhUCgUCoVCoVAoFArdKZV6olIFYN+1l6/qq81JBQKKDYoV8p0X0QqglMoRpgrxNtPAVeKUuaKc2OPEcJNkAIpAJ7l+RV8xC4CZJcIlgkqsynkB5cw5iXFhJ5s1Q9QlK9ezv4OYNuRxgGIrovCBmTDM6tbWQGF2NAFHC8fmSiF3jBufavhbmm7RuN1uzue8BdpK1M6QaVSChNETcirAbk7rpDIbHdyhSbDe0Lp9d4AQVqrVjZFJgUxa65F6bBI6Cn02alcT+CunVVJzlmrjs4Ob1EagOVeT4FNOjHXalqegNuc3gcS1xO5M0igeNZnoOjecQQ9C0eEl5XeU5mDCQo1AQO8JOd2jn0kajW5EQ05G8LyREo7DWTGCp4j1hXBH0qBQCUoVZHvWZCLJPc8rWELjcQLF6YTa2bfyzCBl2C9LmVHvI7P50LStjok3iQ9i45A0rSRDVrCKd7C1Y9qN2JlDJ7wsK13thiIjIBxc2Wh3CxGLKQ5vTVjvq2wZMzjuZFsTlv7KTSTDjKi5am3HJ4ZZfKAtrMyptBO4PvgECZsBcRuPAubUx7lcRwPczcd8hxBiw5iaqtU8cGWyy3Sd29Ecq/rA0s6WdutdFemz5CuJQHw4W1NORmFCoVAoFAqFQqFQKBQKhUKhUCgUCoVCodA9q6S4CWqqDv8USETMAwoFQJqxQ25aIAVsKXyzMcewGTgGRqq7HbBHABeRBUlh+gQRd76hjlpKbrZQhQ4uUWHREjBOdXZcKdkuD1xzGTBlJ36YEpFqPrs6sMODZOs0CI6nUfg3/5vcHPPUcBCAM0Xkc7NJECOWqcEBaDMORzlv8rDN42bajYkTGqdbp6kkxUygAEal1pu85J12h4WWI0IVN6k17dXxrKCH8x/Q7IzNUGJ569BAmSSLc6X57ClMSSo4it+2eqg3jvO7h01JvnIwEhZVz4DVTEJf9F1HDR0g2zMAFpJHH4NiMkFq5GBuQgQJ5ik2RG3rckhuR3/hh4Eyh8ixDwNZ8EjzmewYpPoQQ+XHmn1s7AprYmYlmZp5ZpxESrMOZFIipB3IAkAJWaO3MGVI4jWihJDYg4zQTT8gbkh8x/IWYVQnj2ldYn5DuChMPYnzCU/IlH1AkJrb7hdmp+f0GzuRGIEQLW6tBPuAL2s29SWESOEfKjdC7VhKy3oU26co0kR6Q8uYzo05Zq96gAZZgeyfo3JCO+sLrSyhRvg0cTXot6wcZiNfHZlOScutL4Lz6bdHFYoSJbhQyVUkbJY85WRa8i4UCoVCoVAoFAqFQqFQKBQKhUKhUCgUCl06qWFBYjMSLnsmVHeTNJXMO3E50XQcqVUafcKpF6BlfAkHscolG2hstuN2GMZxTAcHbHAioTmlSU3VIXcaAFKmxQqRTZIOwV1GTehOp+80Jz6+EwQLx4/2Fc35gF3lpjqsv5gvyYoKZA5h0XSVWvhGIxNATRTs6NG6QkqYEEM+wv8wdMIGF9xbR07fAAAQAElEQVSgBOxwCXvMQx7PjeNRHrfAfjTDtKPAEBpeMjokQKVAvDaSWC+OrB7MIS2tf4OG8ki/0s5gthBJwTV2fU3gNLjJnPqouEndDj5vZ80izNAELN4W5Yy46Ezb5dkZ64hMz4bhHdBjqZSThliBO1EkhaqUS4B50+QoAJF1XB7RBoxA/8Xn4iAdNBAitTwSGhGSDWLgZzWn7gzUUr162lgP/QWKA8rsluvcaU7ulzU73+5kT9koGu+/vVB0Bf2sG8dW0OY5s2lyH3X5mF4zD0V2EZLsRUa9dH41iUkVnb5ruVYO+mRdsNCya6h+7JfjC5T0zX02lG9ATbpJZICQmZ2UaWDLFvnOYHRKtbPZlZnl+GSSLnV+L/Q12XVj28l9uAXB2rmKhxVcRC06sLbgVlYJZvDaTPPNs+chNfsYCKU3u2wO6CQUCoVCoVAoFAqFQqFQKBQKhUKhUCgUusRCLetyVAn/FYOTLnnORQLABgRQkdsDkJe7M8KYaTuOA0e0sOeBVIE7rSBLY/o7UXvmld5odkwphO/Z7USpQ8RdrrGexulkD9yyKLCuv1Z4BLW/DAgMjIcwdEJKpSCSfZ+/idWgmYcCWN6HAQya4MIvNNAls3PJIO2LDc043aVzeTzPuSscpkPovIqVzg0hwpUL2q+EWEr4aQ5ooNuKOHrSfIrzlz7PnBVpW/DXMxeUBiuBpfGJnbECKCu4yTJkp75Rb5/SB2wuqJImpRGDDfyOqHpir47y3gCE0n0bZ2UWmoEorwoOgsvJJIdRISnQnB9gmXOiYBeVg2h6xvsGOpHf2frVjCrNnlMwSgQaAKNMNIBjyv6oeT5ALTFh0IksB8ZKqZGKjyBK3oytF+Y+gn2DhVjyE7lNi2Wv6EWi0y3znnlPESuxQHXcF5MbS8CQ8zoO1snvDhT2AaoTEpUr8vOi4R/ljlC59/OkHJ04dVYrXjGzn8Hm/pQHZfVxzJr7Uzt7Z9WCZqdxfKKFzc7+Hdc2YkPlUPPw54YfKsuSDpplWGEwJ6FQKBQKhUKhUCgUCoVCoVAoFAqFQqHQpVYyL5PEETjibsKvpPacJN0CmsK9HkL1m+tWthWcgYkGNhLouoRJAliS7JQ4PkK+z19KpVorxpXKKaElKVCz553Rsgx6ZwGUU3AnbWQEnq7cW65u1DAdfc3WFHkAGxwN3JiK27k9BHXPeg6NYEm+j+IAuZqX5O04TBrZOgXGcTxP49G00SxSquWE3pBuD+uT91wItG4gOCNFcn0tm1OaDVNTR4fZ9IJSVsey0w5uUs+HsGJ8grDETcpu0OAmWDccx5q0u7WSC1IfICgAEHjEUU90WB4Z3pHEUkZ2cC8Nsf5I1RFDmvDRqYRRTh2S2ZmUcUhQbDR4i97yZuph9cTBMj2Ki0Zb4Od2E9Snc5obuTRSvDMWsxrhBDchMusSag9m1snuTPaxPXQYRYNfOl0phMRoiBmGOrINuIFuJAkvjJ4IGIH8GCjDQW3ySwmvAgEyKnQig0fV28dBE+M86jNgk5Coh/J8s7GKAzvSfiq8FAAUVw/hfgQBI3S4JlfnD5luSM5dyJkpp76zMdkdYFrchGa8eWx1ZHRHY2LqEnbaxVSQN59cAA6+3Y2qBjrstmSUTVlJeZyTjI3+ywTmN4O4f2EKhUKhUCgUCoVCoVAoFAqFQqFQKBQKhUL3jLpOfE2w6+VFnxgZcRIFvTxMFojjBe/s2R9TPVuJk+24HXOGJGE6KUldXSqEiaWFVURsMnRgDp1ooXNe/we4K0XFWmw9NXGyBBtOL949nWK/xfWYu4mUiMlBGXJ8IyO23+XPzYAVbKWxgPAtwq9wTZxvDOcdbceBnWiIiZYNkRIn4qRiXa/lctq5cFQmgcQAYqFSl0YzOEEq3g3JABAu83tBvQyVnbg91x7WZOemtHk6tes+O7HuaQRJxU3Kbju4SfWrmHVgNgt2tyRskCy5g9OrUWxqGDpxMw/bh6D4haDDPqBYhffKhtvMapQD4c8l0AWrO0qDnthNbLiK2l+cDWaxKBGbDk9FKreQqI6SIRdo5jXkUEy5WN+y8pBQvXkyEReUhKBHs1lLB7XHDtFYsEoBq4yeAUMp3LSk8V9pkBkNwSnbULN0sMFfUnkOaTYtDUwBA8GwXhN2BdDxJ6Qx4EHJkEK/+kLKIHnDyrEoU+J2MvrI+P2sDx52Pj44d0UpqArZUwnNiBvXVJ7IOsBz4To+YreVyjTnATgR+fPQo72f7zk/FSDHZ50ZU1FGm1rU0FHTHjklkkWGjEhiACXhqdbcUCgUCoVCoVAoFAqFQqFQKBQKhUKhUCh0N6oXi5OUGDfh9+hsiFXx7XvyzKCkpPVAjYIBBkvywPYmeTvmkT0cOBYDsOcCYtIGtCyITVAPWoHRMisWdWuqCIF9qCiGVhpNpwFCZpXQ1eLpWisXzJpI6/KrLeY6wDC7whJhUyqqHKOjwTdg9jGCm+CMIIF5hITZzBSjCbQIEDDfDA7T4RsybBhnGbeZeZORxpFokDydQYiTkf0WvKPEGSyEZtphN9mL8StDJ7YO7aWC19Tlh++XFcmxjoVFpSw0IzzqxpYdqS9WcZPlR/KJwyDH4Sa1KYSGP2lP6xAM1qto+147b64ifEfF5oT/79EJHqufyyBAi1wgOZKwaJz87NDAJbDCvUA7XXp/UYgKpa6wuP6gU02zFprfYOYRHUDlK/A4tmS5tfYeZw4Zi8SWcn3SmbSDQmS7KVRzaQDaaBpU6MejhWS2tTNoQaOUO4qwn2TzQ2QBm19guWf2YFAhY5xcqc96GdD5wBmpU7eVflsrdamghoCxtgyC8bNM9zTPxkXgJO2FAhwKOtXrqn9rD8jmjx5F7UgIc9h0vowZFc4jQ/PU8WxJszXXucLUtmqhOXax1ERHmeOPsDZyWNOdlJr1RSKjMDMcFPE6oVAoFAqFQqFQKBQKhUKhUCgUCoVCodAl1+HBgTElXql32sTLqMU1QguJZNXeEYnRBsZNuLqYUi8pHuyWYs4JXANNatpgNVAtzqsDCmAFFqwy7qCD5/fISy1ZrnyhvVZcYRWNOK3skmFvWsiiyl+K4A5GlCSfFjrRH/IfO1TGJQONWXETqoBAwloQ3/GAWXYXSgmbrGCMUoCnzFjJOBwNm/PjuM15C5LaI9uns48lN8PcNKTsi6VGD9QEi9DO5S+K11Lk1hAVwtKzJKhRQWMMKWguat7cbCPujDmWCy5TEWZICjb7JgdIdHqV7ibjRgxkQGxpEm8M6jA0n652qp6ubJU7yVBP1lsL1EMt+mPBJfRhsuFVDAVbeiABVCsN36jMQVO838FAqCILVGbz2p2bX4G7TqDDXrw1tQDF3kdi11gFAHC5lz7Y9cxES+CD1tufdVH+qg2HnqZQC+3cXXuAES5YuIRy5h3D0sOWHznhRN7Btf1w+UTM5ou+XTuwJaPc7ETscezxbkW7fSkf0XxS+LLSwjHzwwh2rkb9VWZNFU8cgWNsao5ZB7fcMDWmkds6Oq1G8pMNU0QxSjK7JL7IpLBWpp4BqaBOQqFQKBQKhUKhUCgUCoVCoVAoFAqFQqFLrL7v1LwkJcMeUHNxZmBIldQjE2HHwS1j3myHaUvXHQi1krgkKGXArut3GAOr6pMVi3EV8iD9xv46inD36k7ZnKxKC+tNa5Z6MV3yNGwjMZygZEKxhsDWf2FW8l3YUkiAjVAmwo9k+bY/O1hkomH6ycNm2ByN4wZogDyK90kWMxVlC9x2YzbCdKpBXivwJutLJU5sCqm1CFQHilRPt1Nlr1c3Y02g4UtmuIntWk1K5mBKoTa0D8fhJr4NfL9yVmx7hCuz2WCa5IxHlTqdrF9ZGXpjVUbE1O5GK4CAWpbMH4YF37HDGfjwz/feYREKUrYwuih2JetUyBJVsH1h2XyChshCLO/qQSntAjQFlxHQBJt4n9KwITEzXOLEB5hOzIs5jXBlKpzuODxlB7CCVqftkrBsuPMk15FzBqTs4WYjTsU1riEcvwS0ZhCFzVQihd30nmawSK0M5Yaz8RKJ9w8UuATl5qbiEsOYlbJvGiaUURJ2OnE6SUid2QAl5kukP8X0qqPj8KBQKBQKhUKhUCgUCoVCoVAoFAqFQqFQKHTPqHhD1Lq++p6Al+etfIhWmUQuK07lwSGPA7ucZNASIoMqnZQVU+OT4ufQEIdqebIwYig9Kb24NLqz3MmsOuu1Wvv6v79n8mOcxkxAEHLTGMccFtXT0sbcTgD10IzgzIqYpkxbOS4nDxKpc0R5C3mQJB21UhnlHKP7WhSW4XQXu1Ynr/dJDG2m/zq5x8Zt2Eaps3sgSdp/W2esyeztbEI0GMjpcRNwPmUvblKoE2+yvAZs8JO17tdPszicZLkZCkn0gCv+PPNrXjjhtB+XY40b8DClYu6x6E7x3dC7kM1SRS1oyk5tHgnZL31WGySinmrlPHbBeQ+N0jTv4Tx1gwBlq/vO2sd2i85X3INFpSZL6GSdHvu4AOH+jac71V2H3ajCa6vt77w2DoWgcWsp3XDGp3zSjLAwQLUpu8GOsU23PPtUpcYxaXqdbUXopplN0LEHlrsjMRc3WqTONEPztI/4W4kBUGdzlqoBkF0rWgZTKBQKhUKhUCgUCoVCoVAoFAqFQqFQKBS6pKIsHifVRmEqKqY20wSk0uiRBpINQzBS3jLtgNj18r31zkqY0E2tcV2xWCFotonHPuxqXnJNcM8SJ3e94AvzKrkX7Cs0YlVaJhLGrNBJOaRW5YuzQ01Hscb5W/9eU5aNUzPscsLESc55y2YnOObptuSBI3XGjfwMlqSjYJB6GiBZFbj0HO7ExaKFHnkICBp2hFIJlowlQzrY94ZNdFZMMSplAuD+CXtYE5jjJlA+bXCTYqPi2xvcxLCSvbhJy5aU3XBnjOadwdp52ZehkyZNZ/rV1yNrOZ92rt+wCZrdlKXbyY7zBS7pDdTaf0FYUKdLQyNUsKYRlQ1UPiVqboR/tIBVZlDZ3mm08F6BFR8O2rneVRUvllXzDbkQSCc1ouYcuR60f8dZ2/s6VF8XKuiUKs82FGZj/7nIPGMWW7MaDNUbvHJ6pH2n3rePhhhVOKWJQ/JnxHYsK5ZOPT9Ie+REoTJN/A8MaHrOtJj1+tTJkMlKwdO0sxlFyRYOaT3L4mdOKckoqZKxRKekekKhUCgUCoVCoVAoFAqFQqFQKBQKhUKh0N0ozTrw761bUV+qf+QmAxrKgmNmp44t0CA2J1xiT0kQE8lCYFTFkg+k9picBEhq9+FsQFurxRN7d+qNd0bF5QUurqRIWlwV2JgEQVxOhul/STIqA24HlA7tllGnYdfyLarjAJdupRZMgrDwzxbTOI4bml7TMG63AAOQWVFIUVgyLqrzh9zVJvWkEDL6ke9SXziDUGAEvQRBaoDrxQiaNaMeJ+J1I+dtTVy6ufFHabO8LjcDF/tAjdrBFjwpH1RypQVRoPaqdv44oO1LfgAAEABJREFU3ATnQ9T+xUXJXdpMTcezcyPFg6XnuKm5dqYatkV9hxCczGgxFIQ5moDLx4DKk6tDkGX88/J02O5fSAWC2XO5ZEN23i+PWNXiWkvC1O6OpcX9TdmYOtjRGpbgTlPHiE6xT9P1+SgQzU+24E5oAeb4IQtcaDmSO7d7Zdy0qXZCFD+RxS2eH9ZQQ0tmSbc398NGNum00LUm+7RytCVT7agZkGj2E6DaXfFih5I8RbrwI3VJVv4k1kzTnUuFYKSxZ4ckBVD4jHLubI9hJn9iJVrHDU+S9jlp70KhUCgUCoVCoVAoFAqFQqFQKBQKhUKh0CVW13XoxXIFEQqK4W4ljIyMxE4am5z5BfJr5g6wEyOTJIhJp6VwBS1S6jSxR8qMTaXVQkVOiXrs4AeipaUA7W5abQwLF2DXezFwk1kt2BrMTZWcQ22ySImTtjul91BezhsUo5DRwBFjTQgl44gy283kcTMOG4DNOB6J10bmYB1QcxH+nVHDd5BgB3hYs1jYjVNJc1cSZzbsJTpepB4nIMYsTsmolwFVpmMNEahzbtmbeoMKa3Ia3MSTfbzPWIAq6zk2picFPZkRObUniLNttWvldyUUSo+kLz2cSiTE1ur0xQbIKF4Xe6as9SS5WYk6C3VLkqhOOvKemiHK7jNVEY3ZyOBKL9qD9xpQ0M6u2MyB9kqbPYrlhvxeRHPtQU/2avHME8DqCsBEHewsPrMRWVm/cCW7Z3WFocUDd8zatQLZVPhkbDiVxWhoT8XZCKmhz5qzOktSsRP0JtiaRJAOfXJ0W1k/eEFX8A0svUmugXEzicXRFyAIYsrTD8fkmH+J7gllVjIXhZla1s6H2fy1bBATZcdrMvdHzIEgoJNQKBQKhUKhUCgUCoVCoVAoFAqFQqFQ6NIrWc2QihUBSNWRC7xiyMHZLSSpMIRT+TCjpG90PVcrsUuWpqIWJkkRBUzmdlEbNNeT9dKw+WLUBInUfLQ8blHY1Xr5LioBxwIl6IKLJC6pZjcUMLBGzC+IWZPpf6ZPKDdsA82q8A7EULaicikj2wv9Vj+XXgc2MuGkns04bseBw3SINrIxSzk4a1UX1elCi7yp8CVOfvj/q+YPakpDzZTQPaVlTOJzoiOvVWYU5ighOnJAiS0TRj1OSYiubX1xuvlLbPZZWpu0nxQuxD4uO2hDM9wEKxNSD2pQFSif7WFNcDHJsFIg9fQKbmmbp4ROQCvo2tS8ir4kMPbPabnFdpmgkBHMbDCU/4L9ESw0bwwW2+TtbM/TPDxUyaaKfC33KcwDHn/6iy+jH3DfZ4vfZvmkXcs0zpEjgCaryN4TLFqvWFC7l8Vf1ceshYSK00lpEWDnLM2tRe/J9OAnLI89lUWhHoYejGM2LVlvKj/B2d1HMiXitaCTy08FOaKsF2LPAOk/GprDpts5Dmf6p6NTgMQIn+ydFJxOTE2SMVI2PhlofiU2jKmOgr06ef6FQqFQKBQKhUKhUCgUCoVCoVAoFAqFQqG7X5yPs/yCfi20ZykTTvW9qQg5gnAT9j14Ka1Ltg5OBUkQxES+9q6oSqnoWoOyP8DF5DysabN2ONWe1BxysXpioEX2r9+TECJSw2VEZBwz+8JMW3JKCkKouYDbJ5SeuyUFom/VUrJhKBpkMRAH6BxRHnLesNNJ3k5bALbTmeRwjt3RgIuFo4IXs/NsQ6PU7OQYhdoWVLeJgmK4CYG53PRpmgPQ8flJj8cdA5iEe6v7WIayPXtT7YeKmzT77OIm4HCIj7T1tra9hps01iblkFnXYYmb1AEqG1AtVtD7eTx0QrM/tXN7zDuauQuwr9pebpPvlKFcctLPF2Esxe8EcO0BwvYvLtJjqEUqZphA0z/Dr3Qf3Om8OnB4G0TNTNgBXup8KDtfuBY2K3uE1bKm7qmQhllwlEfUzELmC0pzBxeEHCKW+zzvVjtQZSmApUHJ/AS0MovA4RLCcj/IVl/rTyFUbH91LBEjJSoJXvJ3GKeFv4N0kLC39JzyTCZFTLjrhbbLhGRTKdmk4X86vHt2XvNPqT46SmoZliL/HPEKisKk1GXRl8QGfdp/C0OhUCgUCoVCoVAoFAqFQqFQKBQKhUKh0D0lLWfrN9jJAhXUMwGFm4AR8siRLfzDXzvXqnqySB1P1UlWqSdcFOO9dos7p13vTnlF9g15WE2oWB6FeGLCzjJbwzM67rrc30PYEuIwHc6+mf5yTEfW3iYfVKZ8VlqwAjxYPZ3Mb4Crr1kyegTosFuxzVkMTvIWYDs1PI6Dl5IJ54iI5qdAKUDX61+7kDIiRjmIX4JjPQlK1IYWibnXST0ISKIzzNpCr2C0O2IfQaU1Fqcsn1WyRF+bucg8Cqc9bNXd5IJxE/usFOF3egVlKBd9l83m9ZAS4Aw/OKXTCULbm5beWOyHdnfXKIQdncxkIBxDalV8xdaF3X3R7vvKHSVoIZZkjIpTCGtK8xNQs2QQnIYou7jC2olmxrXhXKfiHXaGuPiO6Lv2ZluYjYXP2FOn5jT+XEHtCQDtmOAUHxGfhLJWW2Rac+IFuWP8jD6znrMk3lXInNw0j1M6mKZ3lseeaiPJjI8I7WiQfyB8vdexIrdYoXLxZbonnjyJw3po16lKuL0yA1oSRzam+ZCGQqFQKBQKhUKhUCgUCoVCoVAoFAqFQqFLJ69he1nfapaScoDsmwF5M+aBOLODfU0weeG+g9RJYTNp6dLbU1Ik1fgR314ACHmbEPNOb3CtnNtkKuxm6/AB6ZTcyUUXWVWYmAUQpwBO0hFfE/6ePjZZOQJIJDQqB9QbpfV+IInHydnYERD7lDy1ttHWwEAWjtQB2lI+ynlAHLO4qiDWwcESZVNQjMKy7FEp4rbOMUgOFdhbi86RPB1LxOAXfLOblqUInfUqdP+500l7g7E9KVS6BFsCBObYCKhfRMOgnORu4h4bK7jJwtqkdeOoTwTsdhz8wxUKQaf6Hujk+ClqkziXOzLnFDwGZfU5WewKVtGf3Rqdp/PbfFxn2pabD3bPjLBPuT1705QREjRrc7VDqHYd9XR3+jnHtTMQECzRtvIkVVMRLGFNyHRFmg+Orz7zM2D7WJZ29qxo5QnF5lYWHCfNTIpq1w2EKQyd3ld05ylOOpOImpqDAzOWqnBO3IKRQZDUeYQBudQT9NPik3Nqc88IOmPKZt3xC2iu0Z8vrJ/X0SlX34xIVi+Z5LDJ7sywW9E+m6FQKBQKhUKhUCgUCoVCoVAoFAqFQqFQ6BKqlgcxSzE1cx1WiBPK22HY5pGm8mMnrhYSIsIIQeoYSOC38pO8gJi01Fo9DZqqKtQkk2OrhatV5VXixLCPe7T2iFI6NqAErK5PpN4e4nTCXUo4J07MQKYpaDcJHWYyQOomw/Vl1PLryEk6bGSS2UCFBsVQQF4gjJKtM0ooRSrWIKuGJnvAgBkHoB2pBh5Npklb+VV3E/QwGYFOVm4Z+Um1VN3BEs6AgpLAjC8pr2txHOfsCLSoCGKxRFnDTXyfBnkpBip1Ii4jVaDlU9rRanre0DCw65rTz8rl+yYoriIcs891ojUmNLMkmtpMg3SBMyVzzossB8ta4ymLJ5En4D4VzSNLLX7gXZp1aNeNRY2G5mwSzMetDFfbqXbirQp3DpmddHd3Az9KV9cWm0JItGCRPQ6UjTjB9XPhzvlai5TVHi76kNxgxrJvbLnRgc46upnA+SS70eBUn/QyT3t0alzlk1URsGT2J7I2GSgj/jmYktFh0rK4NvGjPi1JmVIuuJxxKh3ArpHL7HYiNn4lPjK4M71busnpNu6zBu2Q7ZNSXStgCTCFQqFQKBQKhUKhUCgUCoVCoVAoFAqFQqFLpqbkl7LUJzN/x5zEZ4PGzNDJyAhFh5QI9fvvU32yk7Jfx7VHrVtCjSShnTI74jxM4k70cy9xsn6au1vegSwBNFz8NSxEC6WcSuR1amTHAIdOwHeQ/pIhK5rKI1SA2JZIsA5yfXmg8TyNwzhOt2KQijPfEwFNSFwActJW275BNbNYIRqWtILmY7hJiHSnY5JE/tcStnMOnUSnJMFNkscVJS9nu0MHNRyTlqqNYGnLz6sESotxQDOlltYmDQWA1kGoGTwNbtLgJdBgJeUlVFIHKsICbd+w+R9mH7XYyqLaPm3rJXoK3Jikjojsn5u2OpiNwjJ+yQZ5uWWpGmDi/Us7QSw4R8EwlQvrYL+03l9mrYYnoWFJe7tEO59wT1Kn7TSYUl54eCzcWWw+1buCgiUo8NXeOIDZlaI+abNILW+D5osT2sOcrD/kj7da57inD7ivEQHtXrCtB0ycVSMZOT+fwFLMijcJZcUvfFTdoie1g0Du9EFqsIJyy3jNybkzMCSjW9fY4yr97OSEiS+JFrFYyIf4UBrkkflw7at0GwtPJ0ZY9WaRBeWgDtNiFBcDYid1Aorqw1lusS+j9uh20nfEURbEke20/LbqfHNvK14hEYM6CYVCoVAoFAqFQqFQKBQKhUKhUCgUCoUuvTKXApPHblh9cgTajuOQt9uBa6ip64EL6Ox2gtMvLYJTqtXtJAVBeY1aqMUmsEX/JCvpehWYmko3NhtpTxKLaqRZgVjFBUqwYr8VOBceB9h+Q/5UKtXf0ivyb+mjN6/bxzyOAp0QMRqSFbPwjkh1VUaZI3AYKMFSENdqqtapBSDJErrD/iU0bvP0k88DHPGLcRgZOtEydNazI7ebMpd/Z9/7t9e0S+Ak50s07UJakBKy0gdcp5Ybl7QwrxedzHpAqt565XoVycrArfFGHgxSkYP1PMnOvTPyO5QJzKgRKDTJkjVpeRTYj5s008gxkxNxE1zpCqzPGWwOVpMgAYdyl/r+8KD3Tzp/NAguqTnD7tRftdk4RTsXsOe+tt3AAnzpOa6ZSpnooac9+4wDIkMbpIklH6GnyVBukjjBGApSwBqdyFTXquOl7ZBP2AJuNAwNGQaGzlKYaRLYgkl26QhjaTIpByPMmSbh6DUlndCkbjaYchbAiYQ1EfiD9Jn3VBuyCBs+V9ZR0q6Rr13U1WspxM6KWvuc2XbYxZIIymOny4ZZK5FQbKBLUgJbaRrTF2vQ/5m5h+2tQqFQKBQKhUKhUCgUCoVCoVAoFAqFQqHQuhA1LEW/3k5TpZOphzEP43YzDFlsOsCyMZCJBP3qv7pczEM08G6pqZcirL4oZ8gNXGGoRHtVcNGUF/1Bh0bY2CRviRNwmDWxwAtyjELZhwzFNEBZiFq7pdK4pl0Qx1HwAUMeN3k84t95i7DJtM0StePV8VxMJ+S3sh+nuuTdG1TAjNSYSaivAHp92D/KWsIuNWnFi9yLgEpp3QvEBp+YIQoei25Aw4wUCqTsAw2hYixIg4+UX9X7pCIjuDQ6Ae+093MGj8AxrMl6wV03p46L5z2/HqdbuN328wPpuDbuTrVUR+EwLhQ0WbRzovYmylRqQPdrDVSMQdnTJJ5y28peFYnQEwHuWKk0TWZ/lIx6kHdvfkoAABAASURBVFucy/xs9rQraFuZ9R/rJ340iVuRPSicpkWOwBC4i4iSJcm8ZAxJyfZUSO/MiYith+SMWcA2tVPRztp2zuJJpMSJJ+80nlPaI4TKwCR3HsHSbSj9nY0BLkZjZ5qtzhZfykv76sxC/hm/YNKFqRPDFG0BUbJt0adLSnGFQqFQKBQKhUKhUCgUCoVCoVAoFAqFQiEQukBjGqR6x6W+gWg7bo82m3Gq9nWd1WsFOWFwQBiUUsdtOAGrB17s759XgwMp0ZJ3B8QU5O4v4ZdybH2rcAlTIERDzuM4DGx2IsFDSX0ILESF0zBQOQ1sv6qvNifT5QzWlGyfBp49TvJmGM7n8fw4bqa3CFu+cMZTaFH2nffyzg6F5HYkv49Oyxh0ocSJ1pMdPSElj7RGjlBcJNRtRVkkhKayjw0V0p64qR5XzmMGmkDDmgDOXreUive8tOE0yfG4yW6STrVlANh5tfuueTvyk4Gp76erPjranDt/vi9xLX51C78TKo/MrMmdcbpwPqS2BbTuJnJnPU5OPmrnRJVC8k2+JzhScQJucozyiXvM4nUqYNFshHHOLpjFj7Mw8nQQVq5tMSMqe0IK0ZR25cGi8lmdbLxtFLSDZllCGqmTqes6TsZBDdwyUsQYP8q8CMPYpy5JgFNiDkUskpwJI7FOSrJi8IHucaInT+3kpsWLee5QMypYJzCU8CBs385fa88XRJENS/vAt9euZi1q5cSrx8yuCt1NC8safCfmSygUCoVCoVAoFAqFQqFQKBQKhUKhUCgUuhtEnpACHW1z3mzGzWY7ZEp9khQDLQRykoPUNJPgJwWh0DJ0sndVNV5n/4t9yovuIdoWxFKv5yKwkB+W8QJgX5qH8vsuqfZhh4PQ8w553I55SyNjJyS1YDEfAK+OkmQSSZ81nYb7NYLWlrMQJ2JeItlAmX1ThDKZ7kAez02NE21xal1r4pQBjaIo1ingXAXBzqCucgHNPsn9VTSmAh3lEUMEkitJ5fLtdpO1gXYN9kbry0qi6FakWcHa4nVglnfjL3C9g7N0HHcx8V0qhNIiMr7JPy2NVxMUWMdNqjvKSk923zUtl8+mCQFdN92qc+fO3/re99x2xx298wXJbHnsxQI9uZvVcCft5jvhdNI0WWfDXdepetKao8w2wU4/dpEdWsNZ1HCDdjc6dKJtqS2IPCKMhi38lKg5iNyHSU5XGROqjI1YGyXU/cgQLaX5FNHSZ4+oT+qvYutFMujE0RPZuRs5yIpxQbE5kce4Q7cLkdZSIoXFCgPXXmZ95z3VkC0bGoA57US29GDyp64AgG2LsvIec0+pMDTGndjZLGpM3FrkJFgIp+ql5C3YTaL5MhMKhUKhUCgUCoVCoVAoFAqFQqFQKBQKhS6NkMhMQ7bDsBnGzXY7Uubv0Xc9f70cO5xep46dHDS1wQ1OACzVBcvX/S++apm+fju+iXGgFeDigrSvZt3UUY0QKNXOqQPDOA3VsB0ZDZFKcWJTGKcbmjqutUnWbUuXUKOUQWxlRhoHjueZfo/mdJLH80AjwshJGXlhxDC/WEJDQU6GbJZ3B5uQpFTtSAgc46h8iRTGzcYBq2mCgR3Ff4WaivX8RLATgbTbXYdCFgRJC440rMncHqUwIItGysdYToLt+XfMTmYdw53e7dXQMSFw9tzZd99yy7tvvfXcuXO9H7/6VNyDxXLnTvZ/Xh+qVbuRO0eokIW07DurTSQjNWgPCVH23p1VuLr9tGsBLdA2M6SBgnChxUvZdF9ybAg1FqfYkJjVD1Qsx0Jhpk+zXJT8zpaVY8spFMYKxRcpp+lHaLRpUQDB/LqUwNguUtAk5ZHbZljNeLdO6Ta/jwmzmCxJZ5tHdPdeYktPwbH3rOI4ANDkFrW3b9fdBKrXjh6YDCOhgtGRrx8ITUSWLyetVY/uBPIvQ74L7FQoFAqFQqFQKBQKhUKhUCgUCoVCoVAoFLooyhmm4uWYGTvZ5Hw0DFmIk/7ggEkKNrzgvBj56jn/r1+c96OxVP19y10qAq5Vt8m/HU92Ivnqe93REBgvSuKiP3eyI/4iN7/1BY2ThDiZfqaRUxCHo1W65N2wEAhU74LCYuTsri1cg5aa8oamuvJ2O7XIzMmwAZiqzFuALU63BbNgGmOlAvi/Ft3AUv6F3So97N6NWckYuPhraTjlt0Up6W5SJS+QkdMBpAcmrTiTn945AbnGBSbT1rShxTxw1h2cIyMAswge8II+NsdjqZjjrDWbFXBq3OSCWJN5E/z77Ga7Gbe33nb7u259z+233z4MQw+rIrwE9gzlKhpcyzcstyx05yJ47IVPjsUOzFyxO5Aom6vGoiftaTEtMlzMmwlrPEyWc6XyrEryzNrV8G/bR701lHBBP1HrIwQLbx4GwdRKhPxY5e7MsIOTyqZHg4Qs4bb4IZe2M7hDCe+aszpIqUtPSinZyXmRSLrP1MiY+TcJHjNm64Q7l+hFsB+RAGFJk3zqE84DizZyNS2LEE6zRpf9lkRPnUgV+lKYLqlJknr+6K6ITRya3bPk1i/oUV4yoFnXHrm1emFiEGXwDueYaZSXNM5v2BxqmkIQCoVCoVAoFAqFQqFQKBQKhUKhUCgUCoUusYQ4kYiYzM4bkLrEAMVUdWSPEzLWpJPqotY3tfifjD1IGhzTcABW0vVibUr7Tt0Wvmntq/KykxRb0XgHrEVwSYCB5OEOWL91v/9EO5oVLZWWACqV8mxpOOwpkH0jZMZNNtvthqu6CbouTT9yigxG5iT/4n6Ww4vHCfF4TyOdh+lnaghoGAaDTtj4ZCqlTmec6tSYdVy5Zt0U8c01IbsxwjE11/32GtVhQZkSL0xrpV9/J99baBKrcKsBAV+hjAaScQVypWO5aTqEnEWSOveA4MbTzl2Yp9qsgCblpM3OM94DYWFtMtt5jpss0JaGYYDdlyszZt8cUt22Obrxpptveve7NttheoL6M4f9sfunRYjUvVatD8rFUUmisR9qzU6cVNj3yNL+LTjvMy02rh1PM7ICSz6OPf+rLSglwetfpuLeoRlf0qSSYsg+RbybtSMciTxv6owkCIU+0Skr2EWJn7tphxG1fRJILZNZgpBBJ0p4cQaNnFAhwB2wS8fAI7n8UFvIThJeEDxo2I3mcs1mdrsoG82WjZ7RTU78IHkfp9fZB0s7Qeom464npXG6i4hjKBQKhUKhUCgUCoVCoVAoFAqFQqFQKBS6GNrmUYmTkb9Kzl9XF25C83Q6qRQyfQKWjYLHFt/plNt25bVmWo/RcIMTeVt7ol+WL1/wX9g3tG/xZO8TanYhL29KXZlGx2IYz5EQnNx3HXSQElM69VzYVlPNB0Eay/Il/RGYONnkkSkTyiOnbeRRDBQ4ZyfxTdA9K3hzumo/nWKcvT5u1V+xsPEecym8YBylLbJj0Ku/ViXGYjGx96xO3qgRDDedZmRSs+d8yw5gMiunF2AE65E432nuibFz7BpusqBcdq5l9V1zwunX22+44bazd0zl8jOXX94f9NMDdAx0ok0kuBfomAfjYoImbZtsc5JpzpqcvgH5bRMQnVooq4BO7fe74uCBV5+5+kx/+UF3xZnuioOu7058/u+TGoe8Ob/ZHG23R5ujs0e333LHHe89V9eMuiqpTjfUVPiWU+2fAI1WAw0hapAff+Sw2Rug8fpJchqxNcn2ia3nhpmAOrYg1TQjEBZRuMhQKBQKhUKhUCgUCoVCoVAoFAqFQqFQKHSpNQpSkZW5QI9SEfMLqRUmUE8RhxPqketV3NZ34E7U1s1QZE6NiJMAlm+4Jz9BU9C8KCVlLXhq/VMiHHRs+IfJnMwOJeP0ckgJ+77nPJ3kBVUit/Mo1dfpQNTDxfRkBBooDzQe5XGTh4HYWWY0g4A8COBS0ny8hju73qL9Nia71wSA7V3xTJyEbkDiF1ABlKYpbKAQcXNAmRMF98iAy5OXU5i9QS7oR1rtnv5p8BGA1rjEKR5s3s+5D6zHruMm5SOcnXT28njWBBfvd3e79Y7bu76/4swZHSc2O9njZYKlIC9/7r1+JxfN46QNrOFQKRZlz7ipNFmFg9bOmfe8Ttr+ZQfpofe/7MFXn7nu6ss46Opvhro+XX7VZdNP2ZLHfNutd9z27ttuveG9m6Mtb1m4m5wiXQd1AAtrplsXezVUna/E6vekHljlbraPfdaDRms9653MnsilFkklIggkRgckr8jdruTBkagigr8pdzkUCoVCoVAoFAqFQqFQKBQKhUKhUCgUujdrHMWFIyWt8SWOdZGKHqnBBX8NXUp9XTUOmTWgBc1UeBFQAGNBqDRqDEhy47NAjCd4wsXSs0RqjXqwfkoSCyMpP+Wz2SlOytlZVF69CupftJesocxJN5DzuBmH7ThyoZwY10BJIBI/GLNo0WAeoTJ4Hy29si2KRgLlkYkTyNvMxAn/0LiVk1IrpEEgDfNc8e/2p50uj/sKx/sGPVkvPSIHrJQsjIwW/TVth2qyRQEtqDTb3izQYaqjavYkXB2WGA3sOJWJeytzSy6jhUKWHYclaFIbXhyw8G/YtTZpDpq9vVDcZC9rstMlGDJ0XY9dP910EGxJnU5WbxSe1nPiUuuuEic0b0eIEyrxOnNhc0PT7PElW4kWu7kO+vSh11/1iAdd+TeHNTlGqUv3e8DV089DPvj6m95y841vvnm7GcqndAypUck0NxmB6meEuDyQbF3AQlHp5mSpW/Z8lDs9//fDHKDAOBJ5ZDREp7iekHGGujSWA7GaqoRCoVAoFAqFQqFQKBQKhUKhUCgUCoVCoUuvYaoCo6IHwJE6ZnCCBAUcQQtBOO6L5W0BUJiDOQri6Tk7hzUJGzvF5NWNAIDzij233VZE9xXK9wSJUHsgWi6OuJtk5k6IxnEcMrM57OrBpEnXYerR1RRmjRPRnCCjPNTZYdjkcQN5w04n+TzlLdCWvVsMqclkYA3/Qc+X2DNmcPxVzLZqk0lYkIRJ827M4MRREloe0tSG22pyPRXtMiM4I0UEZ+HJNJ2RZKygtTxY3ofaGDq6Unc8FWsy78LO2zXWBHC3H+3fPZN93zNw+VVXAockZU6iSjg9Vb2GhMx7qQ+SzRW/nONv8iUDKe4icbLkG6S17AYns7UBcWFSM5uXiLDMvjJNT+Mjrr/qwx981ftqes5dUdel6z/wugc+/AE3vvmmd/71TXnMe1bAKqM5yi9LLfOX8yeGpzm430hdx4UP8v2ouVs2nVB5E8dNBMDST7I0Sp5FBmZuJdk6OJJEKpEbr8hhcdNDoVAoFAqFQqFQKBQKhUKhUCgUCoVCoUsvCXdJEqADoEk6RpwAF3UNTqhRG8ejG6QmGVI3Fl8NPKbQuSi376lx75SkBZZYAAeLA05dLteiqPou6I9TAbyN3UrGYZszW5JMNdySPYSzc3kftNrKv3Otqgq8Mo7bPJxndxPa0PSTtwlGq9dK+E4CpLaqLoXW2selSmBFqeCv1V9/9u33AAAQAElEQVSL4YDX8ZmZqTV9KxOnNgBJ6rhm47F2bqzbZ7SEIx5G/0wX06cOx5wID7sesd2nbWynkD37A03KzhxEmREK80NnOTyw2zbstTbB5Y5rKhgOzY/O00hi5wgSh4twvM6eyY+1BbtBupmaWKUTe3FniJALxEhw/1F4/Cn8kc1lazE70Xeyh9pkoK8w1EIOLUa265cx/b7iTPfJj3zA+13WQ2i/+r576Adff+111/zV//emzfmNOh7Vj9s7295Su1dldtqKQfJvAthtkBg0rDhKRl041RxLCRR1TbF737iiJN6efDr4KbLeayHPNInHARXFkJSGtO6lDkKhUCgUCoVCoVAoFAqFQqFQKBQKhUKh0CUXJYlD4MSYRFbtVghBy4GoWRdYC9AtdyJfTrcP0Mr5YmhB00fyrXVS0GHdiaTwGqrkhWnd2vAPtEAKSksjaIF76XoBa0X5PVvYziRbfZw5k5zHgS1JBDqZ3qJ8q1+uTEZJr0y4EIKRuNtKYrBlSR7JC6dAwziORzkf5fE8R+rkDdF26nPCxhfF6rRQfEKsBi/l1a6kV8wKxeYV0NAhKyYiUp5NOhQJarPWPb7N062iwgagGxGU12CeKOpbo+fgYnLqUFAZNaCQLifJRJlORDxUB9gfTC8gnem6M505nXTH+CzMeA+EFQBkBTOae5lUQAX3tH6CtQmcAHq0B5kPBNXXSSruSSAtncX9fuKkfZHrJ4Q7++y80R1PpFIusubuNrTyKBk4UHaxmc1XNz0E6vkDvnzMApH00eItjlD9/+z9abAsW3bfh+21d2ZVneEOb+p+PaEb3Q10E2jMTRAkIYkQASrAD5QV/mDaDocjOGBokJRk2SJFShEOUrIphUOy7AgSky1bUlgRpmyZ/ECKsEmAoIINkiDQICYC6AE9D2+8993hnKrMvbzXWnvv3FlVp86599337ut+/9+rVzcr59y5c58P65///0xkloehret94rT/g+97su+8A1fg6HT1wd/7vk/888/cvXXngFypdOv5TC4DgBpYxelOcDVBiWXAiFlnIqOFjjMucu4+bLFodb8a4WU6Fvlr4XyxiSJ9EswxRcN0qNg/qVLLU3OuAAAAAAAAAAAAAAAAAAAAAIDHjvdW9i2FfNo2yNip9l+e0kAlmYepsSbIFFuRLWuTRkFBs12p7MXb+rS/1M7uslPaX6MkMxpxLufpRKIxjlHCdHh0PJrdCGXhjQbESLxOvRouL+Pnl/td2oOk6USJEeEhDpvIIjrheO7cuaON46EW3ieTFZqsK2bl+HaiuT7Ob/zz7r3gKjOJ5cxd1g2ZQMSXZrUvbc+oaom8A5o1TxX+ZI8Xl106ip1IVhmpLEekOJTaxm/S3mJw/qRfXD8+ubY69pNGZPcO0PaM6Z/tznBAa7KvY9CFu9iavKw7uyvg5dLLI6MF9a8hB47GpKR2/d2V9JuKTZAS5WscBrZUHdW2UROQ5JoenK1OriAm+Lqnjr7zPTc8XenGAKNbdN/4He/59L/43AtfeNHmbLvHFOoDNgXiuGKbpCOiDlZqJ2UjfSOay4q7IuGLJl+bVCp5uM1GUI4bQZs8Nmn4iaZFsQPTPO1L5snIZudb/5AAAAAAAAAAAAAAAAAAAAAAAB4jXp1OWFN1Krqk/X5IiA4UBa9aLmyr0u4RoboPLqEfpjgZVS4i0hNxOxmjOL+QKTW0Vu7tTf+cHOSyYCT9M2oplXKRPQ6pyh7jEMdNFJuTDfM68prcwG5Ub5A2LaSWfcvvxgqgLApbZ95uuLPyrK3sXvpGeUH5SJEcHdjP/p2XXZcApTJXVUGpA3XpE6lznL6Pu+7Jk2tP33zyxtFJWfGAvqSZpIOXVdeki9feNhPZXe8qcpMH7Gw03yfR147ohHlSnBAf6nnmaCJPEdszJQ+VzZkNLnseaZ4dcNtsYxKpvfuZkw9//U0HHhwK/j3f/HVpKHv+86I7yTlk+/p5VdO1W9cRI/tDTSMIT7eo9A+5/W62c1spa/zqtvKvRu2oXKmMglWlQlVa0o4BpP5LFuDjAAAAAAAAAAAAAAAAAAAAAACPF5MlUKngU1sptOwUTbd5wOKeqjrsO5rfCfMDv5Q+FbIfqeLETlDrohqsQyI0iSY6EY+TKDoSKm/8q+LEh1BOSbM+ciRO1qyo08koipNxEFsHE53ETfoeJVVn40gUJ5YSwTmZpvHruPpJ1+J7jSGqaUeNAUhVZDThI1Nxn6YCPzeLZvk9MnfyGIjU7J2KzUCu/hYlQaoCd+wWjo7D4njRXVseP339yWduPHm6OvZ5630ypn1NQDOjE5rNp/2bzQUodOGO92+9b53LIddcUcwnNzXb14roZK4GcXOfknaRCk2ybiuqtUmsBichULU5mXRtbp60M+1pa07ej3NPnPTf+e4bDrwK3vmBd96/e3735Xvyo3lkZmI2DVtLN7JK1DxnXZz3JgQhHfDyPnjK5MnjosXj1CAoLgKXNPyMOjdmqZ0NVJpKlY8+1lNNR6Dyl4N97mJqikLyvAWEKwEAAAAAAAAAAAAAAAAAAADwRmAKXdmxvchRIVZTrJEql+2waCMiTxXl7CkyreIcH6jvt6XoNgXiAgFKY6hyJc2AlUBHfRs/xmFI02LKoHN0aQn1UbUFlUiQfCbSGqnFtOgqWpPB8cBx5HEzDpsou9F0Hpd2mz4bdgPJT5WbZPlNOq637CK3r8hemmjWIO1qU6CFzqeiCaEq7+C6oX637ZNtWopMYqZCqffLNT4mJq8oh1BnGGshS0/Sa3KBOUR/RN2TRydPnVx/y82nbpyeHh8dr8LiTqtW2QO5bZ1I+4u25rt9uhXane12tiLHeyQ2+3a5byeXaKZqEpG2IX/tiE5KP9ueO++1VXFS3U3MiMIruhfzCGKaK01m3j6TpcruWbhVH773G58O/uqyILCHNJq971ve/Zv/9BPn52tSKUk0dUjbrmbaJPo6b54nsawR9RZFS7khz/mvg+dWwuZtXR/15pIo0pxp9bRnyGFtgSToeBerPYpzVaeSd0ZZ7aJmUjJ7dHnQ8Q49AQAAAAAAAAAAAAAAAAAAAIDHD4VgBULK0hMr3/tSZfbFwcEWZo3BlfZ8YSU/uqshr7V7fxWLFM4VU6ZL82KsyhpNRyMmCszjOGzGOKYDhfzevdfImKy50ZaZ1BjZ7kRIG615PE+bc9yIwcmwSUV33XPUDAl9r3+63toeoWmemZSk8YAwH5PdK61nkJUApl2ZFCdErWTEFUcSl2MqvMs6I3bFwYbm50dzOVC95VMXcDWKyXYlaoKO/ZL8ceifOL729qfe8syNJ5eh67rQue6umhe0SoNm/7t9hC5Qn+xfY3G8fPLZJ248df3GM9duPH09zbn1/O3bz71y64XbL37p1vreeXuQrSvlg2XrC9UP+zHxVg0h4a9+0ckFj5Jl6GTzoib4RjxORvUOUsGJOptkuYlNpB5gniW1ozfWPVyEVLpkKziFXfDuD37jU6tFcA/CV77w2S9//jN3bt/anJ9vNufjOLqvFbwPi+WyX65Or11/6zvf/Za3vfPq23bL/r3f+u7f/GefFHsnFZE5HVA4OziJ80gaBUYZVqNpErMeZMpaoioQEapRymS7ZLfTc7OOJu4426nLahXpL5FUo2h74Gl11/if6KCZ+0fuGnzFv0QAAAAAAAAAAAAAAAAAAAAAgNcQcx4oJfPqR0DZ3SQLUUrgyU6kRl5atpyWSKXQXmAPl+hAeLt2uGtzQgeLi9WeRN/Nb1eO89VYr4O18B29p6g5OJvNehwH1ZmIMUOWmfjOit8h5Bf0bQecTRxiHDfMm3E40895HNcxVbTjQEUUIuXW/Dp/Fn6U8xKLEbaMHGnfQ63TOsXUxuFykVn84alqU7IgaJ6IklfP0pNIk57IspM4S1ZMk1KKv+buwupqYGevzgJmf+DKR9ZJxeClXxyF8Oz1J9958+knlsc3j05P0gwy7VJ1Ldi6iXsNNPYKU7bnWWd85l1Pf/u/+i0f+L3vD91+KcI4jL/1Tz/xsZ/91ec++/xFR9nlCkqU2XSttpuDTH1UvnacTip2ZSXcyeKpuEhG9DnMT6uYAzmXPYImMZTbduxxc8VJlaDkztgc9f1vu/bk6cJdjc35+Sd/+9c/98nfSQ+2+xoljUBn9++lzysvv/jFz/5u1/Xv+Pr3v/cbv7lfLq+y+cn1o7d+3VOf+cSXnPV48zGhfINGzuSInDLEZ62Jqqtyf3c6Kb9UnkJ1zBUrFHEpyZY3ZPk45nQSiyQl/TsSVwWgK7ssh4slgUeimfSMKPe/6aQBAAAAAAAAAAAAAAAAAAAAAI8T88WgLB4wmwtyrdKD2pfLyTUV5Kk6OPlzVP8CanMySj3aFkaa3oef6Q5oPk1NdszuCnOm+B6VepiagtvLJBqtMq61csmHGAYRnYzjWlcIOQnEYiOKz4lFheh+02fUcmyaN/C4jrxRrck5x7XjjWbojNmDRGuu9eAuOwPoyXNQiYK3tB3n9scGNSITt3X59dp4n3qCW5uT1phEzSjKCZX7mBUytqVmYNTbXlxGyv3Ps6sfDkXuyPWhX3b9ksL15fFbbz751ieeOgmL49B3mk2kHgl5l562fEb2Qwd+lZ/v/uZ3/d4f/M53vP9t7iChC9/0+78xfT7/iS/+07/zy5/+9c+1S3nfnncVQIcVU9P2NaPKtuKrxuv4K6zDVz6N14TaQbPdRSw6kRKpY0KlbH7TCE3q5nt3W9KqeNfLqJ2ROuWiow++/Zq7AnEcP/PJ3/7Uv/i1zWbt3kwMw+bTv/ObX/jdT7z3g9/8rvd+wIfLLWGe/bqnP/2pL6cxMEvIivQsC9DEaSSWEd86gG/UJ3n4qV0zqjUUT38YvKsdV4UiLAISiqphYwvcyeoR/eOQRSz2dyMdNOqEjyXXx+y4VKpnQ5wqDK/0+AAAAAAAAAAAAAAAAAAAAAAAXlMsO8aXsrtnngQLXIqRW+zKQbZXaKbN8MNeXOcmjoPc5a+p0wMHKHD52IaxnIPLx+VxFIOTUcJxhCEVyUMI9q2uH/WSc1U9V1jF3WSMY6qwb8YxfdbMA8esOHE86LF43gZ+aoPcrOaIYToQX/Numg2rU8Dl5VTavXSaFhWhiUpJVKNC2evFqdXKpE3h1u6m7oGzJCX4up9yVWquwsOY5h8dLa/1qydPrt84Pn369Mbp4vjY9z35ks/UWF3su920fdaXXGI6m9//x777w3/k26/Qdybe8b63vePH3vaL/9+PffRv/mIOeNnZ+Zbu4eoij8bvJBfvrXt/rTidVDFX1GCVaH5CWb+1FQBF1OQuyeMed61Nyl6ngeCSw7P7xrdfW4TLn4dhs/7YL/z8i8992b1Z2WzWv/Wrv/zi8899y4d/f9dfYgzT99273vvWT/z2F01Yoh49JeTIi2aF2YtahDxn/x8Viwg6aFCWJzLZh7RfUHkeKEfxWLfxpjhhtvSuINbu7AAAEABJREFUHMdDPP19yUNhCUrL8U0m1iuSJyoSFqeit8csxgIAAAAAAAAAAAAAAAAAAAAACBJxIP9aqMU862ZX8sFtWf0i3Unjd7Ln54UnciVHk4vg+USVntjr9PZOfVSXkyGOwxhFd5I+Tmqvfaf5LKVUXvYgFXXNmUirSaF9VL1K2nCjO9lE0ZqsnRtFdKJqkqJ28ayv/E+pN5RTd9rznMxj8vXmWJtsJ3FxOTXrQ5poCaqSjtbmRIu9OddHHQJ8dShwMccIVWFRKSdnV4FGJ9LeCU+yk8DUyb+09P7po2tP33jy6es3r62Ory2PFy6Vq8lHNsML80Iopin77yntndzH8c2TH/xT33+pwYm74DAf/iPf/rb3vvXv/F/+/t2X77VLXqXcxIiuuUhtvK8F0QlrllI1NbE54hTkpkuVf4Nze8yOZrKS3dCsPLXH5mQ2Z9HTN7z1cpuTu6/c+uWP/vy9O7fdm57nvvi5f/yzf/fbv+dfOrl+8/Ca73z3M5/97AvrzWBjiaaTSfv7MrJH+3b2d8L0IjZckI1UWXSi30NWF5pwzpQhxN5nOyVPZjI1yU3a9LA8PuYdeB9yYJMejdRGyqQozsZTR9UcBQAAAAAAAAAAAAAAAAAAAADwWKHJ2qP9boMUWrgUEw/qTtyktKi/rWZ4kUjlQsXJVljHvs1dcybZT0XVM5TDGOTnaME6w7A2twai9OGu6/pFF6TEmbUm3Dg7yFap1C5hOiY0GTkLVtKyDYviJJLLihM3E5e4LfXCnkvgvEZZlH8VZc+hhnVTWg2XaYufKFFIbJYkk8ylBuRko5XpiFUO0uQpFfGKpmBsXQj35I/7xcp31/rlW594+i3Xn7xxcnrUL5dh2TnxRcgRGa6R1VwsOrmE0gjHN4//+F/4H5/cOHavgne8/23/07/wb/w3f/W/u3Mr607ai3s1JWzvs25JEppsjvvqxXRaU2AVm1pArU2aNajonVRg5L0ojbLzBVVR1ewBNvmK4/pYcvFOieaborZI3H7e/sSqC5d0nfX52S9/9OegOKncvXP7Yx/9+fXZ/cOrhRCeest1bXGqH3mEPdktZPIx/SQ/RpL0MOcGpvQZNRNnJP1IqpgMhGnNMX28j16+R09p/pgGWi9jbRShSUi7Sh1FlCiyW9Jvr9Imr4I761KSqiPdgepZ6agi6zt1TCHRtYgEDvE6AAAAAAAAAAAAAAAAAAAAADx+eCohm3EBWchKq3lgyWZJBb4wKQkOCUFSRXnM1WUrWMfo2hK2VJbjzjZ82W4PHI/rbktVOxUto1YpLROExeBkXMcoOTghSB28V7wUPevJWK3VCt+DBOjwOXPa6nwcztJnGO6Pw5pjmrPJdVeX6+YlMqL5tuoouX1BODz9mxvGa7E1lmvJ+pW4w/zC82erKRqtic+OJiY34f1iCC9OBupiQj6kL/LTldh+pCQcNVVHRCfXFkdvufHE2558y1tvPPnE0en15fFxt1jIthRat4tcTabSsy797GCH9v4H/+T3v0rFiZF28oN/8l81aUgVCPGVFSd8wccXagfe63Sy0xFmzkL1EC3bz0mR8zyMRGaP3dDODLLQFNcItvTJMtcT7VHevC32PrHUWPzM5CbRnpPW3aRmTrWnwvno5fze+dTKHSQ9Eh/7R//g3p07DjTcvfvKx37hH374X/5+f1CZ8cxbbnzmCy+5/DDkgcJkiNnCxLyixHkk9UXOdiMlRYeLwk20IEEjvKowSdxQvMbrOB1bdFCjOvKZD1L2PcnHLCo5zlZOVLR0znxYTNdl0sLYHgoAAAAAAAAAAAAAAAAAAAAA8FghV2UJZc4en4JScNzvSmL1SSpBCeoykivK3O5xS89CTS7HPjsQ1V5kEYw6iczr5pzL2DGLHHItM5qCwaxKcj5OHFx+k16+gg/eB0kGaUveIkBJ60QNzRlcXI/DOY+SyBOH9TCOaULPcdSLjaloqiIQ2aEcPWqddFsnEPNlT9XW2WVawZV599KsJEvt/LRtHHM1lnJ4DZMvJdoSrNMW+012Y8eMuU1Ls4uOhGpQim4VvRaIo5uaRcQoaYWRArtV6G/45VPL06eObz5xcv3m0enpYtlTF6LX+B5znCFrnUlvkpvgIfmef/273/5wqTr7eMf73/YH/th3/cP/zy8WHc4h9ta1d+URXkvh2TVIhUiXxOtUSxzVnTxQ7bz1Jqp7u+Iedu/Bdp/LI0GW0+hDFcup1ieXp/PY2rU1QPZGKXY9bCIwFYhcdPyq/uFGi5X61LM3jtxBPv07v/HyS887sMPLLz6XGufrP/ChA+s8efM0PbnpoY152JIcnHLXTIOnQj59TvIIlrtfuZWTbkvvXXZ9Mi1WsLyeqkOTMWFroMvjXNGm6B7nPTw7V2nv867GgWVtIAAAAAAAAAAAAAAAAAAAAADgMUM532aqIFf/hb1CkFYm0u7FNm2qh6zGIVqCbFN4cmG+RrhcvE+rLU4nIooLN7dXKK4ejQwgV0dZ0nA0UUcNS+xkJFCiXDKJ6GQebWPZHixv9G/E12R9f9icpR2lT4watSMHHC3dweUEnyIi4a3Ymq0LadJmKDeyOkZMnhHO7dGd7PgUqGFAUQk1c7SeS0XHkBs8SyZUFOPMwqKKhsz1RJ0pNB/FTFGKOqa0u9oVjNw56l236rqbq+NnTp945saTN69dP10dn/SrPoTOZEGNwoTrdzbIcA9oYTP1p6/7pnd91w9824FVz+6ef/7jX/zC73zpS59+7vpT1559zzPv/Ia3PfWOJw9s8uEf+PbP/vaXfvc3PndgnVYNwe2M7RVspeJxUnrUruikfcBo56cR5w8Av54xPVbYrzouFY5MGpH50y49ps3fqUtsk6jWRpEnLdXU620HvjnqzNuEi6xBdvPMzZPgD3Wc9dn9T/3WbzhwAZ/6rV9/+7vfv1xd6Bbjg79289oLty1uyvyG8mCt1iI6mvpiu9RsSLUDUNaxufLY236q5tBRfYSEqbdMo95MurhzjmxPCHPpo7p7EdI94KACAAAAAAAAAAAAAAAAAAAAAHjk5AATql4XdeZV2WuykLM5zGNjXla84Bz24/1UtKxpClvFbq6BNFbbtHiddFxRikR1XBitxl0tN0xiYSea59hJWu4PD+O4Gc7Ozs/vxXHNIluJVJxFcg10SpCpqRBlX+5S44pW6eKKDmQ3b8jVq5u1iXOtFEivpBEx8CTx8VMJ1/Iq2FdfEy7WHFmwQp66qVAc2fQjwWm9eYx96K+tjm8enTx1euOZazdunF67dnK69Mtg/aecKuXdqyqBs4MHiTGM+X/kb3dl15O0uw//4HccWP2Ln/zS3/prP7O+t84/P/Hl3/onH0+V9D/0P/kDH/reDx7Y73f/4Lf/7m987nDezGX3sd3h9BDZ936nk30X31bcqfbtxuzhAU7jQdl//VVxcoGBypZILTsQzakPRJEh2Y89p7Dd9VXwYJNPnS7cQT7+m786DBsHLmAYhk/85j//pu/47gPr3Lh59JW7ZzpJZlPk6j3VuZz1Jb4Ih7SPRGcOS1znu+nbdtaMipmaHzaNYFfq3ZQHOKp2VtHRlUcRAAAAAAAAAAAAAAAAAAAAAMBrDD3yAl6RgzQzuBVLMF9JeGC+CdSU88U/YS7DsGyd8t492wpRwnSiy/VNX3UgRDSv8psYw5k8xbkNx2Ec1+PmbLO5l74dDyJbkawYieTJ8hJHceaDwbXe2gpJrkLJIdq3pJwjtdqALENoZrCbRRflVp5dpzhLaM6OeRH4vFTTecRwRRrI5QgNO6IPuueQlkbqw+LG6vjp0yeeunbzyWs3rq+OVhqpk1rBAi9yrAaV8CCZ9CZA0Vat52X/XHyxOyqIp9/11Nvf96y7gM/85uf+9k/+vc25qA588G/9+rc899kX0s84xr////gfhs347d/3zRdt+473PfvMu578ymdebGdu182vTNtFjQPxOjSf3vpZFVWukZ68VrqTma1K7lXq9bObg2Pr77t7XHxRJsVJXtnXTeyx3dk6mnpgZ2bmaNG7i9ls1p//3U84cJAvfPoT3/Chb+/7C+U7J8ersfopyS2LJkMsjko6n2UF9RspZkhe5HnOTYYmpilrB6idkboKkiwwxzr3Ffs2TY+n6tnUq8oBAAAAAAAAAAAAAAAAAAAAAB4vxenEvSrayuJk0LB1lLwizS0S3IMeSavX7RwrzWcXjbgtdkmFSa1OEufoErNgyZYcpAVu1vwc5g2P53E8HzbrcTyL49rxICtQpPJmPpUMEpp8TdrLdA8H82QuUCam5B++gnEKtdO6qdkP1Cqw1mlVTmKSEMvRaB1oxBuGXLGEoej8yBTjMvTXV8dPX7/5zOmTT12/eUMMTrqQ2jWtoBVoaVsuPhbatFzsWMwvYyY5ubAFyvmX/mMzvu37vuXAVv/D//sfD+ebtPbXf/t7/vD/7HtXp6vN+fBz/89/9Jsf/e209Ff+wa8fEJ0kvv1f+dDP/Fc/n0+g+T5M9Y4pVjT7V6v1cKo3iE3xs7UzpunjbAX7yLS47/BVzurByYKB6cl0POmmfI7cyviCU/mIU4VJ+oxjHIcxfcxViLmmX3mi+ZUSF4lA1OSWUT9RhU5x/pk4XYYDV/Dic18yJyVwgHRjUkMdWOFk1bl0b3zg9JGxIVAI9q1zgnqZ6BwfZE3ynD5eRR9kI4nPlkvadbXTev24LR2SUVVKroYvHUYehSgSOMqPShp0us714VX+4QIAAAAAAAAAAAAAAAAAAAAAvHqolJbdQ2TrVLZqizPZB6ViZbcTC3PpgaQYXc4qau10iHHUPUdqPi6XL1MVfFSRQ5RKtKpbiuJE6qPpHEgSZIJU1KVwGT1FSX4RT5Q1x7NxsI/oTjRSZwyqY6nFdy21Ryu3q7kHv4qSJ7spvmLWJlueGbQHP/+pmgYun7xv+fYaR0HFwURFDCaAkOaYdq4b+ZI9pA3PIVLvwtKFG6trb73x9FuuPf3E8Y1ri+Mj1/soPgPe3Aak4V29syI0STdpHIfNsDk/P79/tj47rxd34DNdjJtcW5ZHi2/48PsuasHbz9958Qsva5JN+N5/4/etTldpZr/sft8f/U61QKCXv/LKredecRfze777/cvjBV9BcVJCm7I2wzI+ZsY2RFv9udvxb9nqLdQ0isuOEXPtTcE/UOhPYzRC2zNnvhPb69t0kSpNd5RsHabIWVcS88na4xYtLWXncDNDoXoG88PzYdXI0fKAYYx74cuHtBTGjRs3fuzHPvID3/+Hv/zlL//ZP/dvPffcc+7NR2qot7796y5aulr0zoaD0k9zIBKXiamvmpGRjVw03eXys7nJ2ftkCtjRZVnb5FoR4kXnVQQpOj6wma54tjHO56iw10aPBQAAAAAAAAAAAAAAAAAAAAC4OvOaH1368zJJCk8eHYdsVC5SnHCtSjYVbFdELU2hf8pvyCKLkvChkhRbiUrxXP0jzNZBqpxRSyvAfvkAABAASURBVKGjlEOljK4SiWGI4yYO4m7C6nxioTFVLZALr+qm4i6j+pVctHzfzEZ70DQRx1a+YwXYLBApp8UWhuF2dAyznedCMNm/WrstMhMzQNHzVhEJBxbFybXV0Y3V8VM3nnzi5NqNo2snYXHULby5GrA4H3iqZyQuKum3ahBiakpNJRL3C0+eXH9xbXjXFKc2oHvi2SdCd2GCxrgZbOL3fM833HjmWp2/WPW10n3YJCTt/Im33vjip5675D7t8xq5VKqyq5ag+bT99M2Nd3OhxjR9sDZ/VfgCxQnzhUYTZm1iGhtZUW5oLCdUNz/Qel5NTeQHzQ4cJ4OVg3do1R8Snbzy8ovuMv7T//T/8C0f+lCaeO973/tTP/kTf/qHfvhNqDs53FBHi1CHAh1XqomT3UGL2jGdkfkXqWxvy3CKXXreS56ZjcAyueM9tdvP3dZDZGO6jX55VlHWUczCOoo2ysPnBgAAAAAAAAAAAAAAAAAAAIDHz5apxkVL3UEZhWWp1IJjztYwLYSWrOdKFNtV68hg8SOtrKStxVsxc3SuNUvJGQ0WUKK/Yz5YvhaeX1owYwV7cV6UJaPoS8Zxs9msh80mDmO2Tsk1cSl0cvQ7J2kClkvrnbRXkECTj8B0JdsyndYjo2klbz4D1YGCc/V/S9pDB06plHIjs9cblaay24mmpnjxpQkn/fJ0cfzUybVnrj/xxMnN48XipF8tfd+JYoe7LDiYzqsYnIgmYVSGYZNWCCF0XbfOypTt88qJSPu6lM2//vQ1dzFPvO3mH/3h73/ucy98xx/6ULNT9/P/7T82ocPJjeObbzm0h8SNp2984VPbIoTS5w75i/D2CW9f3aSWSK06X+T37+NCtnoS7Wwcm/kHHYR225u3AqKmhystSvfRuexoYpITnpRY3vQHJYpnz4npcODmPxuxDplOanKLadZ01krLizVHifX5mbsMU5wYb3/7237ix//aD//IR95supPDDbUIW1lINTmqvXmumpcUXaDKj2IjX5IRpGiSbDfiQ5WX1h1t989JXpVH/6JxcXWMJQsE078amuUTgz0VV32CAAAAAAAAAAAAAAAAAAAAAACvFa3QhK7gYsIHFvH0TvuUzOFDs1JRVGjtWR1HtmiKjHm3owlZNDGHHU0vzdsilw861hMomowdDY3WzolGsjyecR3HDcfNsNmM6TMM4xj7YFIY1jfrvZ6yHa3WZNUsJJfL3WXN5XVXu9KFA5tuF9nFKWSuTSnuIvrtVdez77YQ17LsZEuRG0ROjGKUg2lIBXlN4eHR9d5fOzq+uTq9eXzy5MmNG8fXThdHC9/1rgvibyC79d5n9wr1OhE5gvjECKwBLBqvs1ktV0ero0W/WLuN20eJc3LzRpuWXn/qEsnIe7/13ekzbRv5Z/6rn/8X//jjes3uD//Pv9ddxo2nT2dH3zmNKR3kgj3Y/FHbtF3Ju1qhnzG3/Lic/MwwP9ISO9FWL/SGKYi0r5h2KN1I+aTHQ+8xZ91J7lTewpm4yLEsnadIxy72TSoBUPtaoQQBMV92wedn991l/I2/8d+2P9/5znf+xI//tWeeeca9mbi0oUwKVz92d3jvR75SJxjtX0s+c5a7VG5d2Ss3+28DtHZpO8NkaZU38FnjRhoY5okDqczQNIYAAAAAAAAAAAAAAAAAAAAAgMfK1RUne7AipCaqcKEssXQF12pBLq45TieTM2WkiGmfKmQxy5TqbhJd3bs6oLSbb03odNpkIBp1YhOH+8Pm/vr87vr83mZzP1XW007U/iSquiW/rl9UGvPSud9/CRcV0S+qnF/e3rlwX9fPYprtPdJei5qal9E6oJg8IO/D28e5wBTYd84vfXdzefzW0yfecu3m00fXnzq+/sTyeJkWRfKiUKGOukW3dKnqS977kD4sdhiiTVhvNufn5+MwSqjOMHah6xeL1XK16Hv3ILTXcdjpZIt06/7Of/Gzv/VPPm57+Vf/+B/8+g+969Ktbjx9fdqDfVtx3W1/Dh3angMTRhWq00krI6KdkJ0rQsXv5JIqeyvUuPyRbvKjOOtFRFAQ7X/FTQ92dI3uqZGtZAOM3C8PHTQeaM9m7KArtoxl/RzmP/8//Z/f8/Xv+b0f/nCd8853vvOnf+on/9Sf/qE3j9/JpQ3VWlHxJIzLg3juH1X2lIdg56oMkSmr23KakukEtxV2JTeH9hy/md4So2V7JhmAtGeooYr8E+PFzlsAAAAAAAAAAAAAAAAAAAAAgNcPamp+OVZmtnC+chaFcFNeV/OPxmXksuMdWqeoTOKOzQHn4JxaCVW7Et0fF+OP2UnOD2pSkpFEI3F/vb67Wd/nuIljHAdzqaDiv+AmwxWteNpb9bMz3HsJ+9UlVkCPe1dXM5XL6+b1uJZnMkWZcKkMu9lV57QdKvYTdlOz3CRdDOnVkihHRHdCPfk+dMuuX4bu6eNrT57cuHl87cbRyXG3VFWKX4R+0S+7EEy2ki/Uy8mkBhyGgS2XJ4TlYpmWbNx6ueyXy1Wa09yLqwgJuFntwQrKv/T3/vnHf+lTsn3wP/C/+Jd/z3e/7+rbVrmJ2/Zp4L1r7tmq9Fdf1vBqdOMvPiBdeDKvupTe6r9aijpp8gKqz3AcxmEz6Mdsf0ZTnLQbToqTMrPZZ551hZOZd9uy5c52F7feg7Ber//tf/vf+djHfqWd+ba3PfvTP/WTbza/k0OkbpuGyOnjpiedLCVN3U1c+YjyQz7FsWbUT7SIneZxcHy5P0/tY84S0bK7iX6LURbF1E1DepzSJ1rkT9GdPErzHwAAAAAAAAAAAAAAAAAAAADAw3B1rwWeqUz27Wq7MD3XfqQSPPmLFCeqMhnNMcW+64LqaNKehjNfCcFWjrSPapQSUw19PBuHe5v1nfXZ3c363hjXZuhQTkGjZnTVtG8NEhns4+QzSvaMZEqM8iq+p5J6Mrt8dzHUtM92M1ZjjcsQ3Um1jWmacvfWWPM3IUNSvyXRiUioUfoO5LsQFqFfhcWqP7p+fO2p608+e/OZZ64/8dTpjadOrl9bHi0pLCIdd4ujfrHseu+CWQ1Q8LKnGM/W5/fOz++fb1IrLhark5PT05PT4+Xq5OjoaHW8Shv54OmBlAMzwdPtF1652lbSAv/kv/8VkyT9a//Lf+XqipNbz9/O3huNxoR3xCXczNzrgMI7XHrZfMHhdvddP2QdYOfT6DNMKWC2QOYVNIo8QDRHqp5ypWrP6mYiq6nwyhQnm02aGschRtMVKFs9O/czeUjilKTj9ihO1DUln6Lu0fqn32q//ICrLMy8MPINeUSKgvV6/Wf/3L/5a7/26+1M6E5aVH9Wb8hME6SjIVuUjXUnyzLTBcUYJ1tdRcrdy5VuYelisZqXUBu/NDnf6Aaz8SvHPKWtA5vHSdSB0xK8pifCAQAAAAAAAAAAAAAAAAAAAAAeK7nmV+p9Wkukom1oJR+1kl0+E1Yh9G4SYuQPu0mGsqckXQvo+t66Fi1VBZJrz9FlvxOrd+pS3lVnWHHSt2eku7XKdVQ7k7Nxc+f87Nb6/q3zs1dEcTJupFRqxfUY87v6JdCnvq8vKT5WRiVrKyuk2mlbK8mr9/YOvpb+g+M9DheytNqz8KQ0UPuApoLaFmNjbe9GTVJqvEMWCGxUKTCOpRYrqpRsNUBBW9yre0Bg7yOF6HzUMB0JygkL3y37xapfni5XT6xOnz65/pbTm08d3bi5Oj3qehpj2tWi6xf9ovNBO4QkEAUVDqU69Hp9vj4726zPXRw78ThZHK2OVgthtVr1XTeZajxsz7z9/J0rrpzWXJ9t0sRb3vP0Bz78XndlXn7+jjX7ro6k3hDn9i6dq09KHlQsn+6QUcfUKnHWROz2Ob00zTg/Jdra1Ex1ciBKfq6c9Vl1vhGZCOV9xHqmzCVGx/ZPJSfHNAI1VYe2ztIGjOx9NH++c6/mIukSwQuVE5uvKw+qKRZsTSpHYLW5eDScn5//2J/5sz/x43/9gx/8QJ1pupM3Vc7ORagNki8BSS7nRMWpQ4qeREc+1Zdo3yp+PEWcNKXv5PGepq5UxrP6RNSOUaKdZkZVLo+6XIxUVL+SBzY9JT0oPSpZEgAAAAAAAAAAAAAAAAAAAADg4eGS1mIeBCVYoVSYufneQ6kV+ilgw8qXLntsuHkixwytZjeiF1YfEZetDqwInt1KaBJmFHFMqcWzHSuvTVSUITKl7+iv43C22dwbxnvizSDl9bHshM0DJL/Eny+b2MriuXSaW6CoRqyQ3pbgiSdJQNbXzCUK4oxSDsjU2AjEuYQhXwy7koxju/dFp0L5NFRdYit4svK8eZBoTZdrLgl7F7x6UvjofL4rznsfum7R9x2F3oej0D9xfPr0tRvXFkfHoT9yXZ/qukP0YoXSd2m1rnN5by4rg+K43pyfrc/GYUyLl4vl0WrVhRC8nKpXZP3mGprvw3ArHrr9wm13NY5OlqHzwya+71vf7R6El567tbeLH+73vPPtc5YR1+/OXQV+0AU0tSmVfmGdblIBMOcHYDbH/Ebyg6buFGnJJDcp502TliXHM1WniuasijtPliLsnCVxVRJoZyV9OLwGYulRiKbLsWeV4vTIaMLKwwuW9nH//v0f/ciP/dRP/sT73z/Z4EB3MpFvvmWn6SiYlYC5czjrIbGs4YqkKYsQTWTGrTQpS0bowuPZPmzDPNv+gHDWneRR2Lp0HaWdBgBF3tPzAAAAAAAAAAAAAAAAAAAAAACvN7GRUJhGZNdqYQ/MB5QodVdbB9pazzluXRukJF4OGuthin4kFzWjVT/rOlZgl4VWBq0H9bpsGIfzzfpsHM/NOmUyXxCljLfT4OhK0dSzFvO57Lek2dSsjyKpyVeYNTfciivSjt24pUwoddUqTYjmEONKG3jKq8s8biQtUoCVxtHmDGnRGAeNm9BNSgaFZqxordYSTLRiL+qTSIEoBB/srrDrQuhDJ8E3jlZdf311/MTp9Zsn1458v3A+MGl8BXeLbrHo+zSvVoO1FdLS87OzzbBJP45Wq6PVcVpLZCbkfVlN1oxjuYEPUBdmnokbXvrS7XGIobs8oGdxvPhjH/kjz332xW/93g+6K5N2/sKXbzm37V/iakF9Z/5F8Fb801VFJzv7yf9eWKfn+tC4rGBqHyK2vCgqBhI2v3qZuKw2MYOT7b1TKzYpR6StKy+r0GzD7V3x1IqqdJmuK4sVTOFQ5W3sXJFaUTEEiocDqx6Cu3fv/siPfuTH//pfg+5kH6bSi2wuUewkYyzfi6IuMQ1K1gPyrGu0Aqhm+KqLJglUvv02l4rKsWwwpnnRUsimbdLkGG3szAeIzNuOWwAAAAAAAAAAAAAAAAAAAACAxwHtzSho4g60tkclA8N0EtN6WZOxXR2ur7cfKBybG4IaLkj2guY2RMdTVb2U1KeT4X2Vcid+DazWGpIgUn0d0sQ4nA8bUZxY/kwsaTZmA1H3l0UrMh3IyqlltRJjOW7eAAAQAElEQVQNYXX8INVO1ejIsTibuJggpm08XT2y6Vlye9hEKGYnFgs0NSY1V0a5SuvqRVG2hBA3i953aW/ezjDLCqTpAmuYjihTJEDHNCjeU8cUfBCDEx8679XgxHdebE5OV0c3jk6urY6Xvs+bOOpkPUENS8QZxdotlZvHcVhvNmf376cVjo6Oj1ZHfd/70oVoitVwF96vK1C3Ob+//p1f/OQHv+f9V9nq6z7wjvRxD8Jv/JOPn91bbx2Xp8n51AXkraqVTZl4KNEJXWEm13+a5uViONEU9iVMpxhRlFuoc/RBmHY/TzaZ66ekMxYbI3ZX8x6pKoVyHiYxYItNyYeefIS8+ZqYAMucVvI5PWrRSeL27dsf+bE/85M/8dff85731JmmO/kTf/JPvfDCC+5NCcnAFKsRjvUnvXdZo5ezzRoNCs3snky5mCV4zY4jVc1JXhwbseEknMoaRRXNySfbTRVZiepgNG2HfTZaYYTrAAAAAAAAAAAAAAAAAAAAAPCGYkcdMqvoxVp8bCQgyh4XCi4hMN5ftNS5HOKRFSdS8Zz0Ga6W1E3jMrdeMZ2La0xNyiWYtkN9RGKquI+bYXNv2JzF8ZzdKNk9tWCqqTqTq4QeRYvevignuDH4aK+ipn4Q+TIxnWEunGaNCk/RJ7WhPOXgoVmkhOo2ptq+eKeUuAoea+CJ7dRsTlIDU4yu1PPTiadNAudckqBV/BCoc74j36cZPn1UcUK0DP3JcnXcr06Ojk4Wy5OwWPrQu7BIW6RtQ5CsHBfsRNNkHMdxGMQ3JrFed6FbLJZHy5V5nKgzwlxx8uBak6kK7WYTv/Jzv35F0ckv/+yv/87HPvXB3/sN3/q9H3BX4xf//q9NJ9B8u53pvWyt0JqdOHE6uWoj7F0vXrBu8ZxwVRWlmDSKXbWmMIlJ9TipGShbQqB96g7OyVgu8jwOqt1yprKaNZsF8rCjmQbHZRGByzFSbKEpTj1yTBRF9lB5H/Q58o/c6cR4+eWXf+iHf/Snf+onvu7rvq7OfNvbnv3zf/5/8+/+u3/BvSlhNTiRdDO2+x5VghLriGkGJ/ONWnGZfHszaWp3O7ny2OpRD1ANdagEiY06BpMqTrLXTY2Gsrwzz1m0ZGoY1fQ55ugAAAAAAAAAAAAAAAAAAAAAAI8fLQWLQYZNUGtz4tx+v4r8tvt+doN19lTzLemDuepLikECNbVKnlW3p3fkqa02luQYUtEJDS5G9Tg5H4f1MKw5romiiVI8VcWHK0IQcnm26U6KfcvssM2PVBNv5ssZ+qo7yTKU4pPC5fzIVDiuOjxoNg7nkJ26znTUepZUWkDkJjrRk9VkRe9BXMJ6mL06nYj0RCU1abqnLsi3WJuI+4lMU+/8abe8uTo5XR0fLxadDyvfLamT1boQSBQnmpVDJKk5WSszjmPcDGli0S+Wy0VaSdbVDA5fXGNKrlLuQ267Aff2FutgzY/5xPOfe/ELn/jy29/3VneQL336uZ/7G7+QJj7/O19+5/ufffLZG+4yPvvxL335cy+6B5eb7J5k+3w8tNMJX/g0Nc4hzUScOp0JQzhOdisxUzxO6vPKuVeVvknUdLrmmb5I79EIRtykemkaYPLD0JQmFS9Ua5NsxKLPjCd96CzpST14dI431ZTTJ+Q1EZ041Z38xb/47//X//V/2c78zu/4DvdmRVJ1is2JZmPx3PhEhChT+lLuebPHZBqa26ycLKOrDznbSGjaluxpo8IR77LHSRq7/aQnjHl/rGNf1HVclsBEZmIHAAAAAAAAAAAAAAAAAAAAAHj8VBuNAs+KyNtrN+qCtgpZl0+z2MqIlBM+ZnuUiqYlNjCXKBnzN5jOoehReBJ0cHY6cc6VaBmzTNADjU4dTeK4HlVxwjyQj3mdMRYVRxZFBO9Lmd3brrxmN3gJASGeckZq0ZTmjcOlQfQc584r8io+54awS8xr5Zaul84zuUmcrtWcH8aRfTFXiS6KwqMPXgQoHCJn3wgeSTcMmkuhLiVezE7SJFP6eM6ikM7508Xq5urkxvL4uF8ufZcWLSmsUtHfeVlTg4eC6U1yqFLUUnAch6FfLI6OjhaLbn7buWbM5Nnk+KrlYGr0RVObuqaJ/9nf/ZW3/+gfOSxAuH/nrK5/7+79J91lohN2H/3bv+xqf5pmu4s0J7snVlxH7Fv9PeKkhequJJngnamtliudZf5MxlbsYY9SHEa2CJ1xtJXHYSx9i8oN0t6m92fP2anMqGiuYtPds+lOteKxA8kFc6znXh/82me4SLnUf8dbio4YBOlPi3zSg1K2OOnki9Ulxcx/XiOeeeaZ/+Q/+atbM//RRz/q3qxwkShZipbd4NybL3yUp9E/98a4oy6sY7YGp1V3JxvQvISE5eGCzL9E0nNkbfvZdCx1QClyPlsUHPNr10UAAAAAAAAAAAAAAAAAAAAAAA+C1gZjqyMpde4i8iBqqt5+W2cyLfXNDp3LeTe59tjoSKRI7q1MaYoOKzMX4YZoJ/Rtdl931kpdmkPrGUZ9Zz7tKlXbN8PmfNisx2FQe44hHcICbRxl3w4pgwshl+Dz6/Oa3SABE+o+4p0ZNExamUl8EuemHVTcOqidxaU9qyhBa7i+3dbP/SSsTbUgq0fVyn4qwqtaRtpNhCbe3z8fOu86In3VX6qxgWZ3RHIyRJYgQSWBVEGStnO0CP3JYnljdXJjdXQaFivqewqLvlv0y2UnhhNVohDU7MRsMjbDEMcxsOuWy+Vi0VE6Ibtd9Zqzd4Zztc58JeOQAwYn7c9P/8bn/9n/759/1w98q7uY93zTOz/w4fd+4lc/m77f+b5n3WX8ws/8yid+4/PuCud5lQtxboq0CaLzucjppMlsKrPiJUcswqYq6Uibpi7NGiBVrChU0zWMTj0gYnmo6r4mbx+iXScTmqmFKOtIcmBPe06N5MpseqKZYURTJ9iupdtpQBNJlpPZlkh+DuX0nGAGJ5pp5W1l26vlTuWH0FQyV1HtPDjPPPPMT/z4X3v729/ezrx7997/7b/4v7s3K6JYYruVIinSZ3+Wp5O1SvXnthaF81i/9YywapXyUtP+iZgumM2Jjl9qYRJ171GUJaKeU21eVaEV5ymTsvmYzZ3yqAsAAAAAAAAAAAAAAAAAAAAAeKzM67pci4aTzYiryS+5XL1V6CtKDj8PGSn7z5IS5pKkY8sp20JMko4sDaknZo4JnFeuZ0tmhaLFUbMJKZ4hI8fNOJ5v1ufjsLE9p6J3TiERF5NgWTFFuzI7VTs9Ua64yLMr3A4a0dKndwfJkTfllKejVAmLzh/jOF2+tZYUYXNLZG2O1Xt1l4HkqinKdqOTPJ2OqCc/8ijZSMW3JUdQ5KuSCU9h6cPp8vjm8en15fFp6DtHPfsFdcuwXIWlZuXIlj6QOViMPPCoFhoqZui8yFMSOarFrF3sZjQxKFcy99iqS5dNW5eRLanHR//WLz379W95x/svVJOkNvqjf+L70smSv/wUPvvxL/2Dv/XP3MVil62ZfMH8nZOYDEJITGX2rMmltbIapO2HrlyJa9x0bMoSjOzxiMXXRBKP5DsbVDje7artc5sPyEUllfuVyUR8XbEaDdXj636LhUt56kST5KJJXGJWhOnuKPjUu7q+D52KTswyR9OaNIaqTNDUCmz6A+32Kj/x26f96HjmmWd++qd+8m1vm/Wk27dvf+Qjf+aTn/qUe7OSbU7sDwCVnCXK3YX2PlVlLDPtntqV1HHOTYvylHyZ4kRjwFR9F0Vi4kk0g/o3wlUFoDOjnLzlJHkKMeudXImScgAAAAAAAAAAAAAAAAAAAACANxKllLenlmemIMW9I6/gc0LNtmRkvsdaFo8lUsacEWK1M6Dt+rjVuqeEDSpoCXLMlXl7Nd90LTyo4uRsHM5zWVzL9cGbZYlWu03Kovuf3Bly9o3LeSG61+aSre7a/JT1Rnex7oSa/+sMl4uzTZpQq2cxJUtb8K912xgdZUOX0Uv1n9O/YjMh+RLqFhE7FYCIS0Aqywbviu7Bzj6t0flwtFzdPD594vjaKnRdpC663ndL3/eSciHWKGoAQyYQ0oyWMTWoFIW9WKAEn4UCVG62mzu1bF0t8baHxwVak+3pPYuk/sz//f/15/74n//XT24cuYu5iuLk7q37f/Onf1akGhcc3e2TmxyobVczEc52EDleaJ/ohNyeCy93PVvEcNEp5WmJg7LOKhKPdFc2G/E4GWN+BCJPT0trtkPNMfPeWJQiPD1aXLKdJqMalgAnrtIWDUyJWX82lt1ZT5Ann0K3WJrEJOQrl74SNCzHs0i+jJBNVjj3TUe+nNVQ+ntxY/FUGvQRc5Hi5Id+6EfezIoTJ/d4sAlqVCeuqj5M3WfjicmPipauPNbEvEcxRmUn5U8Hpz7RSdcRnysaR5G5MYeZ3Mm+2QZqKqpDVvcpGc7KgdgxRCcAAAAAAAAAAAAAAAAAAAAAvAHhyeRgmkm0LaGYQ9nroI14KWKQbHCi9WvRc5TYBD6wv3bXjkrNUwvRnCNHRMwiASOb7L4wng/jWj1OnGZ5EOcKd0hFcFeqpVzrlbm6GeXV+yg5PjorNCITbiv2Tct4mgf87MtIcXNVStm9XRBTa0LBRcWhySlFf2OGIp54HGpkTb4kjSwJwQWOKppRLwJVnQSt96dFnfjP+N6FPoQjvzhdntxYnT5xcv10saIhdo6Xi/6oX0oOStcFDdYJqkOwpJzUVOkQkqTjOTgSixMRs8hxtXJ8ubbD7VPl8MGfO7oUx82su7fu/zf/8d/8wT/xhw74nVzKZz/+pb/50z97++V77SH2nsNV5CYtelPsxuY721247uzB4lk3M7FI7t8WXlNST2IWAsVhiDF72dSDiWJI1UblucvnVA44v4rW5idya7pSNSwluSdyyVyxh1CDcjS2STqN7/quXyy6RepmoSitSgKPjQlZa+LzEsrHKpfNqiLg4qtBTeTSlTrZ1YHi5AAqbasyJbPV0YSxqCOvrwqh+XPR+OFUjRBN45x8fN6l/PJsNicxjbJ+jDzGYK4nVGQk1P4bqehbtAOxryN0+dMC0QkAAAAAAAAAAAAAAAAAAAAAbxB2kwp2K9dW3C4F5dZSgbbCQGbFbsu+4Vy21jphrJXy/Ib79J57thJhK1da5kbNAWmPFtU3RQJgou0zVeS1Qpo2E68GymkN9QLNc8FpjMRoV1zMFLj4LFDRdah+gC4UHsxUA/Llm+m6jW9WkV1P6T7aJLF4A7RbiddILd6bZKbrsjSFNKdEzzKIX4B6BEgRlnpHakYixeHe+9CJ2UQgv3D9KvTXFifXlsfXF0dHi0UQHwla9jJf5Sa+CypQyVIepmK+4bXWLF/s0pp91jS47K3hdtRCuWPs03E03+4CGQfPZ/POrDR959a9/9d//nf+wB/7rg9//7c+sCSB3Ud/5ld+/m/9knqc2O73n8OlcpNGF9HMrPEypfN3jc7I725d6vdsxvyVmAAAEABJREFUTZYlVepqYjKTcRjGYTOmbq1SrVFsIXRfmk7DPPcy0WCaokHRmc2cqqQhEVfpOnrL45jdgko6j/T+YSimF9kuhxarpXQnUg8TiVjqxfhGQ3MaA6KyzUyfRjNVTX3g3dQGjZ0RmcCleMU49+gSdp599tmf+PG/DsXJhcw9i/JtKd3H+pItrRPT4JlH9uKZU7LBZPDSOTkwTOd4ijIGpbus8kM1wFHZUdX56THECyvmIJ7s/WMDrf1lYHU/gugEAAAAAAAAAAAAAAAAAAAAgDcGs9o57+pPHJXX1ZltQiJX8qJc5vZcpCJScMyeIuyc+ZpoZIvFMrisONFcHi6vwJcohVLmrEVwK5lTji0RDw4vxzIfhlQyH1wc83mrlkUK8uo3UU7Pl73VPQ9VGaO7qu/M2xYaVyPpObMi7Lw1phajKRZnuz5OWbyi9hf5DX5X3VqcamqonMCUC2O6ArsOba7Oh7xDb+dMKjQRmxO1CaBemtJ1jjpPgdTsJKQJ33m/8ovTxcnp6uR0sTryiz5tPXCvUTu9OFX4Vb+oGgE9tbSnsQoJLDCm6zqvcSsSiaJeJ25KZWkjh/L5TyIC117TxRqOC37yvs3Tff+H/90vfuZffPH3/dFve8f7rmp58tmPf+kf/e2PffI3Pn9AUMI739srHBbTNB4nNqMztxo77boPSX1ibzvLMpUi1YmjiE0k1EgCdAa18TGzE3usyB6w7BaSj2rb+9KrqshElCtZ8CG9TyKaRGgiSid9JEp6zrAZsugkn2Bak0NH3WLR9Yug+iXvg++60JmSKXVMeXBcI0TIMgC90qaZTE9DeSDI+SrWkJNWJWaPpHw5EodVEqh4r4HQg/Pss8/+9E/95Fve8kw7E4qTLWZiIdYuU+5dHEdX7JiyLM3lEDKZI0lPbCoUKiOpydZ86u/RNIOqOEmDiwlK7EMiX9OjpKciluE+pj6RjZ7sENH+rngbqM0Px7R5jz6BCQAAAAAAAAAAAAAAAAAAAADwgNQKYv45FdKtgh7IbBFyhIIsVMVJrTLnIjflqWyaYGkZqXRus6O+1s5mH+J1hrPQBuJZ2gblGI+sC3Eq2dD8GNOUaLU8VeWH9TnHwZxO7L16uwQvDiCyipfytbOq/ZiqolLYzHXSEl3jRvmp3igUctVbJSw+2320Fc3WNGUmMNnVWNhaNPlcWAF22txNrhZjaT+ufi/qdSKbS5wNhbSOD5afk8usPrrALCoTLf+Lu4l6Tiy8VykJL0LfhdD57qg/Ol0en/Sro26xDL2PvOz8sl+kNkprrro+yLWmoq74xUSVRniyO+LtBqphS8ndUX8BPTfv3K7bzWSFYN1nZl6w20D7JosCaHsZ5x3nmZ/+zc//7m9+/pl3Pfmd3/fNH/zw+0Ln9x5iHOJv/NNP/OLf+7Uvfe7F9nCHZS7bS3n/yltzfY3TKWt0RNvXqKKtLKCi7CIj4qk4iq/JsBlUayI/VaLF1orVtCdrM1rJkys2QGYqUm6BmzRAehf07rBYmPio9iZ6MiJqEYMgV0RdYl8SumXfLxfL1Up6lgkN9Fk1XxNX1F/teTRCLJrdTm7WmaD5Up63ZG5ydhfrlB4ETdX5iS3Fya3bt3/kRz5yFcXJBz7wgb/yl/+373nPe9yD8Eu/9Mv/+7/6H3/60592XyXMBFNcc79i+3QUbx3eeipNiOJZI5R0vDBzEhm/mGwmaYiZ9J6Y16csWYmkkkQyOZV1dNUsmrJksriyrUx3ktWPTI+kiwAAAAAAAAAAAAAAAAAAAAAAHhHMtcbeejbk19hpHnZhNg3F6KLuwsQJsdS1eW/lWCvubqo+Z9WCyxYHU4ADFf1K1i+waUiG9Wa9Zh40jEY0Js7es3eTsiOy1dZZtTJsahhWFQUX44my21gumdzFkToPyCxipKnIT20odhFTBFA1CLB2NnXC1OhZFWASEI5W4Q1OI3WcE8+SruulyMtL3/W+S3OOF0fX0n/d8qjrj6jvxQrF96HviLrQiQZFVD+0dYr1pKncJis/U3EyoCxBmfoD8yFdSVWeHBBv7Gglpplcvniu4Eifr3z2xb/zX/783/sbv/DUW2/cfPr6jaevpU+af+v5V15+7pWXnr/94pdvnd1b846sxO0/yp4V9ibp1HPaJ5qY6OJodXUqeiLKxjsim0qYPkste0RoIh9mswaiKvsq3b+xFaH5EzLNdZPKqRigZDWWCUzkEE6PIk412kn8YrHq+i4ses3N6USppXYjPgSXhWah5Jh4C8vKoijHsyPPT0OXz4Up+R8/05+UBtyrT3okgoJ/69/8c295y1vaOa+88sqP/MhHPvGJT1xl8//gP/hLD6o4SXznd37Hv/+X/uKf/qEfdl890E6Y0TR8F88ZHUDNm4YnHypnkj6RUFlcjmrm1JSpjl+qNSRTEHIeUJzZpnAR0xVFFZmNiipRqLjdEOfoM1OcqCQFihMAAAAAAAAAAAAAAAAAAAAA3hAUmxByfKUqXlp5StfJmgTbMGp5euSGtnRcfBKovlff2mPkiVprt3WKp4YIRqxuHjeJUQIfYlspLftVUxVJ85G6vtVGnalQitykxuvkA9IDVy9367N71pkUMFTq8n5amAv6vpxDu2drJgsV0tptzbKRFWPnpLYr2hGv6gBPPfkuivHJ0verbuE59n5xbXV8TWJ0upVLs0KI1AfF21fWkNhtornshNRDxZnNRhUWlZO0cKW2EXZ1J3MJ0LRiu07rcLKrN2gtFrY24Uansr63/uKnnvvCp56bFvH2ytuHc3tWuERuwhfu5CIk7cimTG4iegtmMTRZr4f1OA6D+MsUi57cCcrRprwZV1RfbUPobO+n7ChVA+SHSoJz9EPsxTolDqps0UyqMaZ73/W9OLP0ffr0K/XF6fvQBVadilMlTMwRN2SuRC4HaFVRS9ah6QPuS8SSBeXEcudj0+MdzSVXtkhv5Dg9w+XqalLXq+cHfuD725+3bt/+4R/+0U9+8pNX2Ta18Pve+173UHzoQ9+cNo/xEUUEvcZQEXwUzOMkFsOZLD0x+ZGMTSrjyxFco/Ms0iT5dhxsnNI/EsWFx262ZPawRudIyJPumUxJaI+tzvE2JQZWTDGv43QPqjDUWDLpH1H38NXRvAAAAAAAAAAAAAAAAAAAAAB8DZOroqWgXAQGvE9XMdkRaE7NtKYIFHi0yraZKjgTeZQyuViSSPVR8jtah4wtsULO06HG3CSvqYccTUkypkpjCN4ULdkNhUWcYW/Oa4iP1LKdG7QMbgXP0ZVLq3udX13Z21XxB5Y1Cg3XGJy0Ko3qJcOusbGgYmORk0ykop8dAFLTeraPD5re0jvfkThS9Ox755auW7rQje5ocXRycnyyPFp5kRcc+b5zYmHR+dRsftHJzyx5ae7RJG0pWiKvqSrZfUBP1dYJkz9K3nKUzJbm8tPtp+mCudF1bKlOdu/BfIJ3DU6aHfHu/MsUJ3xwqR1yz6p7tSZ71SqVrguL3MWjijg4np+djxtx6RkHKefbnW0gqtFUPiuhyjqxlUlliVX25dFjjNHVH2oUoeFNY7aVUP1ECGFxctwvlv1y4fXe+i5kX5MutI+HhVAZNkAUlVjbj9lNeSz5o4qVGgJUuo67aCjZaVA+9PPh+Ogv/MLv/57vsWnzOLmi4sTp4Phrv/br3/Zt3+oenE988pNfLYoTxcJzsvpQZ6hyxMxItF9mOZKF4Gg0lJfpPCFDkpPcr5BDdthbNyq6OhkT2LxyJM9L9HScg9Q4Kx6z9s1bb8peJpTje7Rj6R8eC+jhRyFJAgAAAAAAAAAAAAAAAAAAAAA8CqrTycXLt2wtqloiS1BctmyIIj6oTicx+3ZU846SNKJ7yYdtZR7UhO4wz9QwEqJjiTlZk+E18yEdMOa6d7RNBhGnuFFVJnZ+Y9m7axNB5vqS7ODA7tVXMg9X2KmZoPqiftUY5FyUXGy1U2Vy1S+AOkc9yWdBXkQnYi7glqFbUFj6sPB+1fU3j09Xy6MFdZ3zK98tnA8sEoM+rdZ1XRCFQacKB7G+0HCitGvfCAvy9FwUUe4Otf2BDygD5poOvli94a4gN3H7FCeT1sTNJCwHNCV79tYu4p0J95B053fvqzePmpqM8mjI7kybxVpBH83NpvjbmMpkEpREe7Jc+9hkigONKa+iCr2KtMWpVig9ICIuSXe7D0Fueqe6E/vfW5aJrkdcM7Uo25V4UTWJ5MKkScUMJ7TGRM2jOk1MnjmUT3Jfy9CBseaRKwn+8l/+D//X/87/6nu+5/d97GO/8p/9Z//Hz3z2sw+0+X/4H/3v/r2/8Oe/8zu/44G2+uQnP/lX/sp/5L6KUC8bmSjjrc41YYeKPLIuxJ4MUnGJDxrxJaYjMuGCSkOCWUdx9Ja0Y+O19Y0oAiwn3jbW1/P+nWkYRYxi55JVa7o06tHr4BGrokn9Th6FLgkAAAAAAAAAAAAAAAAAAAAA8KiZTC+mGjDtLG1lB1FFJFOwjjqdcOudURQnU/UyhysURUpzfK6uDRZCIlXMOOaCoxpxpFq+yErcaJXx8jZ9WnkkUZlIdZOK3wjn0mSYH6VVu3BJcbhS0XvLEKXRR+RK6dzmZNqKmWo93k1ZJS6H6oiviTNzAWsm+2iyhJR3A7mFfHzvVHRCofO+cy5NyDT5o2554+T0ZLHofNelOWmT6DzxksTlpO/6Rd/TyKI1cJTadjqL4mXh1duELN+nOmqUO5KVMrn4zG1A0nYTNd975R1uPrPVeGwbXpTvudTkkOKE9x1iS6fiLlCcXLDtIfau1t25dSfbjtgjwZP+yjfCC6pyk2w1YSIgSThSZ4liqTMT4Ujbj6ZfqRunDbpAXuREojLpu64PXfpe9OZFlDVE9lUCsvLG5YcX6QHlU5hCtIr2oIGomcHzBfNZbRc5ZCXEjcWGreweAS+88MK/9xf/kntYPv3pT//Ij37Efa1DOb3Gnp3cqThrTRyPY7AkHemNXruS2BsFHZs8y9b6iWTfVDV1UYbinDAWzacku5jI0CFdWA6vfwWIYx4aRUU12t3XLqinFHUn5Y9KdvT5avKSAQAAAAAAAAAAAAAAAAAAAOBrF5UazOYUvYHLNgtlYlqBzYmk1qOHYaPZC7FqUXSXnG0XtCRuu1LPknKQqkbJOzd3kzRbLCLEHmIYubg5ODc4m+I0McqL8fJuvEyM+Xyi97lsKgcn8y7JrhDFzcFvXUs+Az2hh8ps8HtUB1J1nTWplkh9237pO+jpyqpea/gk5V0Vn4yaF6SGFzEGT+JQQbRQrUn6BHa980sfgsTrUCr7hhBWi+W1o5Oj5Uq0Bll/oJ+0Sd8vesnVkTQMLw4nFv0hep1ARWtBtZksE8Naxlsl2pcwF/uvsUMoVzwj7qwwXfv+6T3ylZlAZEeJ0hqfXEFxsrPDrUWt4oSvKjepm/jtqBzX8ThpkbISqT27nZ7GzFWVZedgTTLGbDWhPibqaFL9KM0wzccAABAASURBVLTrSDcg1y2X6mgS0seHzmuXCdJDcgelyTJi3xXMftLUBtS0Sl2V9jcQXfb4lJs87We+dHceeH2oOhPLtXEWo+M5K+BCGmJUjmTaNx+5E7ecyQSFzNlGBjkzuImuhufo4G0rZwMr7cvO+qO5V8XSMfTYFqbja3yasCVx4p2HHQAAAAAAAAAAAAAAAAAAAADw+Ll62ddcLux9c3lhPcr/LicecHbvcFXyMUVtTIkidQXNEDHdg5XZtbYuohOpS1LUCmTN1hm0ZDmY+kTzR6IrFUzN9HEltqb4l1DV0GSrlPpaP5UC/6PGb7diYyriKOfXVEeXWHQFjkd9mV90JFrqjV5XFjsT5xbeLymk4m9HvvPiReJZ/Fu60J0cHV9bHq0Wy0Xo+6AxKk5aznu/UL+LLvhsdiEFXtHXTCYnRXLiydXb5C8KR3nY1qpeJnvVHntX3pGb8O4i3reJ23eSFylOtpN0+CEvcIuuFsurwQi7mj6zp2nZ5dAbsySxHq2yrawx0UdilDujITlyw0Ri0nW9aIwk9ETuvMpNNF+HfLQDsWYo5R3aFVcZzM4Dz25+T5rWp+YG7I4SdKnkZHePvOcxAY8B1YKoOMSZ9E6mo8jkJJpLFSdprOlUhiLjCHPvy4DafJtozQSAOpw7iTerzimuROewoyoX4/LRUZukz8ZiakJb45TPIhS2od0T+gsAAAAAAAAAAAAAAAAAAAAAbxRSNS/GydJgt5jXmBTkN+HVXsTMF8ZcPSwvn5s9iipLfNacNAoCNdCwmmX7+jpp1XHUXY7y4dFPpxMdD3Y8tTxRxQmPEruj9Uo9mlYt7Uxlx94OKKYjlCvteirB1iilUmqu7uq0Ria01WCkaSazOVL5H10tzdd6vzVijOYyEKzeKpkVOWEneOqKwclCYnTEQaanNNsFzdzpQlgtl8dHx0fL5cKr14W4m4R0BiE4Nb5QhUKq4YojjB4w28fUk6HiVmCiBy7uL/xI9Dg81Zcv390+uclMdTKt8GCKE967dKY44f3bPhydY781i5p/yg0oSpTaJUxxok+VrpM7jf6OvvPdYtEvF6HrSD1O7I57Mbyx5J7SEaVc761/NSYR5ZQ461rswG3v56bMvy2OoUaV5LJSoVj9tKKixrXCuQNNSs1KsxMAry88aCaOjpvivjSwxiyJuCQQ+5gGGhciq6uS2JCI2I1H6wxmb6VytmgRaBZ8460rmLMVFzmLTEf7a0AWyRaZxiISNH8UGbBZzZ/kWEzFdUs20QAfPQpdZTgBAAAAAAAAAAAAAAAAAAAAALz21HyZmQKkJTsj2Evs6iZSxBJaUcyxHypWcMXjxKb87uE4r1CK4dmLwSxTBi15qwiDrRafypT2Er5k7Tg9nGOdVg2KVDApVq+UIqKYXZyVKfWn+IYUTUpeSaU28co2DW5LYjJP5MmLdrJl5OiWYWQldWmuLDOQC9M6bRTRjb7bb+XUVOFViYnk46SJpQ9SCI6jVy8M87vofb/sF6vVarHogyaq9Gn1Udo4yHSQyBUfxCzGyR3KpgNFlUMFNxlVRL3b1GiMtn0wHs6P4rCUYI98ZL7BlhiFL1jkdjuvm/a126+ndR6wgn2RHqdKJrrDGztyc+MWytqcyGb+Q95sTjQwKlXfu9AvF/1yuTxadX3vyPKbSDsCTXownaB8HqXYv3sHm8mi/OC9i2bbzJVV7pFAuYvx7i0FrxeqBckpZCIxGbnTaXFbipqt40zjlgf1NOayPYUqEEm91pv6RDPK7FudsMS1Kq1bcnbSACx/K8hpCo+OyTG6Jqwpi6a8eZzosXQ8MsWgGkiZUZbE/oyOHlEnBAAAAAAAAAAAAAAAAAAAAAA8LFVz4FwrNdglK06sPKiuC6Y4MeuMaCqUujPzMpnvX2uHbV2bs9+GyVaYxzhsLEfEKtD6rvuoK6Yjqc2JmIWMTpw6Bl00SuXSKvaqOKHZITQuxqwjpGQaSy2edirmr0ftUs8tuqIH4Ekb4Mx5wssl+HS6XSryEvckFhap+Nt534lihXq90OA1WcWHvuuX/ep4mVh1XedJVCaSrCL2BD5NL/peLDGc5qy46uRRzGaaW1/nxItq/7xv5tXgKywqnibMF6xT5SZur0JlZ4d7tt1aVHc17ZP2rbj/fPYvyj1aJrrc19q6+PSkuWIwEl0rutBHIVXa091Ot9drVk661fItd9yLb00XahSSKylNPIlLJtETzTVQ+nyaYqw8FDS7niw0oeYCt6xKZqq0LW8fqk3QtscVZQFXj/UCrwXe4mz0NoTo+sidelGJr4najQSL8jIDEmd9tsikbDhTtaD2uqijsYzppHE8PJowT4WE4pKig7Va/DiuP53ZYZkkkfJZsUpfZGSPepLa6836xJZDnQQAAAAAAAAAAAAAAAAAAADAGwvKVWyivRVgLhYNucwYpwQUrnVnKuk5k39Gjm+ZVdtLIdxsUjSjJ/2n1cUcv6DpDawSEzM4SYs0T8dtLF6HzNthqqLng5WT0fpkcVZRr5Z8ho3uRBN5zFXiwWlqnq2QhfbuTer9VL+LlYQcWxvGp9quD0TpI0ITFq+B9Om7rhMZgrgMpDaVPJUQ0gE6HxahP1oujxYrkSKQ79TpJNVoxRklhL7vF/0i7UEUJ8StXoPtbhSvE3c1m5cd5cGDwTu/uFnAB7eytdk9gMFJswK7KylOLtrNZQv2rCrrdk7dGOqGRPNkmmh9l9VbpshTVGfV9V26e519Fum2hirgsi1dzdApHZCqgU1znu1dLfEmps9yltpz8XVv9QjaWYm2YnFKvNZ8L9nDYvs8mq2mqb0HBK8PiyidQ0aZEm0TxK3EBXWJEn+ROHrtnllqovJEzxRd9GyuVax9wp6nkUexq1L1CRcbFftroUY+Ua2lVADlfdpN4GG0tCb7w2HPA2temmlSLIjKpCeU/wA57wAAAAAAAAAAAAAAAAAAAAAAjxmqWTjecmzKK+dqW5Lr1vqCurmb6ApRNR+RqrGDuZKQxSFYZdxZ7ketPJPVE823JC2OWqHUfY6RcySDRItwFqiokQm7MWrmjhw6zWFN1XEbJ4VRU8fI4WKZZDueviNfLy5fipidZAuVpgF8U16fBDR7NQa56D/t2XZlegE/F53Ye/5Vp2GhQSU4pRwjlgKrOAKQWJh4DaAI3i1915FPZyzfnoPsTUJ1QqoGR5GVrMLyZHl8tFiuwsKLnUnoXQiadbEI3aLvV13Xp51GHuIQ5MaQiX6q1YsUcMVTwyrD0uJ+ao7p8seqmtj1tzjQr6Zd8CT+2BWeXMyW3MTtKE744K5453ta9BooTjx7U1JxNLsHi9eZnEKoyjJMXRVVfCTRSV5ua9cFCUJKN12SkURF5IPlJfkq4CqH2ucpsu/GXGwbc8ghgt2uCGnvTac9uUuz9WnXEYV397tzJleTQIFHSRejGpnEoFoPr7FevhiTeFUh6nhuYr5smuOcSk2ipppFExKqNjAtTo+B9PH810BtdtTUxHpN+uZYLHWijPlUtVnlWxUntfdYvptF69hM4is8lwAAAAAAAAAAAAAAAAAAAACA157GIoSyhUGrODELhZgzcCxCQSrrVkikWHQeNTkkx7aYO0MuFrpaS9Zt2ba1sjTXynyqsTuTZ8SBeaPfQ+TB5fpk1Ip+JHMzMQ2F5Szk8/cmjdCEmXpFpTpuJ5o1NtuU2J3Gg2TPOm1BnKwGu5PXY8Iat1VzL6V8az2pw6r+I+gpyW5SkVcydDj2IjSRKwnibiJaIFIBT7Z9EQeUsFqsTo9OjhfLpe+DD2lOL3oUn74XFExxIsYnTuNUTIyTlQ/5DuWbXSai5f7ogcr5bveRahlyFX+BKW6lik6uViDmprWd2y83cQ+gOJnHBXGzwtUUJ1c5a7u55tpjd19u0xQ+UgNINDrHRFGdBuWE3pQlojgRg5NOU018qayLmQN91Ygwts4T0SdfPSxUyqTSNhdk9JEuqKITUavJ8GQ9l6enSqx6zH5KpkZ70plHjemJMqFOJ1zTc2xIdlm1Ug9NJoVzM2usvCD/zCZHNu6oQG9SMgIAAAAAAAAAAAAAAAAAAAAA3hConoKLHoF3F5vqRDQfKrOIORhnVmcuYgZL1zFHhsnsg6hWCfPGo9Ypo8pOZL1IJm+Jmziex3ET40ZEJ6l26cyDgyl7mrimOFlCYmgKzbFT4Ney6m211L1LSphQNZWo5+xK/dTqs+IlQM6aShwteu8D++BEiqKVX7IoiWAaHiaNzwmrfnVyfHK8XPW+X3R970NPoSO/pLCgbtX1x4u+E7GK3CaLQdm+SwXvs26mxCrVK9orPfEHW2M+J8txzPzmcra0Ju4RyE3ca6o4qS4/PP3UTj2OOV5HpmyFdCPE2Ufnhq5fLCz7SOxNOp/1WXYzLCRKRSdcWrXenq3Du8dOcwrE7lGd0Bvi0t5k9FF8TYINFlF9TopiTuN1imOUy3FoWUyWhnCREEZzclJzqqj5Z2zuWFSkKFSkjWqnRdN4qNNpm8nMRzecnJJiPg2zWmHz0orqDPXouhwAAAAAAAAAAAAAAAAAAAAA4NXDNUSlxOtUi4o4jqoFMYFILraXbyqBNr4qTtSdI9cQy+vr9SgS0+PMV0MjaDTUJarDSdSS5WbcnMVx49xGq5lR03FMkpLfbleFTD67ufXITF9BVffgLjQveZVt1uyWa05RWVRCg4o3QNGpaDVWLkaaKUiqDqnNCfXpXx6D1VWZOtEgeEuZkAamsOgWy64/Xh4tFguJY0lbhU4ieJxbubDy3TJ0kssjapbsUKOHq63VSHVo5qAxs4R5cMbd8m/Mt8eu3F3cfFv6j92JS2duzSnfs+WvVnHCW4t4tztZ39burfISaVMVk6SJTgQlTrxMFot+0Xv1oQnBz+VAOfood5QLDE6abv042To5hu3EVzN9GonYiZ2JjmBZAsJRxxGzPHE6w2LC5O8BWR6ajudp2KqJaDqS13FHBVe5a0RfvKR81jaKts4ELH42lE/+WDWByRfNmz0jOc/nq8UECAAAAAAAAAAAAAAAAAAAAICvXWj7l304x4XEbHCik6MzmcjWJhYAYooTNWsg72taTakkshqWWE6PVSSd1B6lts7qkpCWpiOs43jOce148DTqG+3RsnOKFYftzYtNik60uTZ1eseCxT1Ag8xr+u3PJv+h7pFzOIRr7TVMQMOu5quUaUc5HUKaSS5GAnQ6Er+LVH4VRxOOwUWdSZaqI0kXzIH8ol+slqvjbtGFviff+bDwXXBSfE17WPqgipN+Ebqgd86VgAq9m769or2Kk+mCthvuQoXDYQmIzaaSpbErlLhUVtLOufRYzWrbh3pIxQnvaYAySc13eyB7ZGS6W107cWpb4hOdxej4oBk6jor7TRvmtGVJU7RdtK+y/gaRnoCvDZbaocI0lkUdskRpSNKfuWjHpH+L35R0dJUiSp6OM9mgOTipp8+krXPZMYVbSVvW56n2LmgjD0oyAAAQAElEQVTcjgkd6+PlxdhJJ/Rs7ODqXlWUhxR4rykXAAAAAAAAAAAAAAAAAAAAAOAxQvMqu7zQnnN1WE1Hcr2es0EDUVac5FQQra9LNEM1zmglF9kkxSJydEfytrz9OzAPLm4G8ThZc9yQGzV9R9b0jiYTiFn+C5X4h4sv6KFK81tV/q2fXJULmTGvwN6kHs5Ol3jmtJLjhkjzZtKq6bx90Cbr5CP6kk7FNWI3oHEl6VvcBzRWqPf90WJxvFgts+LEdy6EtMtRwneWIaT5ojjpgtmlRCvMtsqS8lUVJ1vSE+cOyEv2w632phyD55Kc2v7bQpCDP93FMpSDa/Ke9Xln4tDOylzes/xA84ioahzTJ33ZnO7k+rWsxpL0HG3uQDkppGaJNH36itKo1mjoawloaB4jfdGaSHQOsVfZII9DsUtKnVvNqVRMZxpEkmHasnUox56JV0oVlEwDsz4EsifNx8mzKItQOOa/EPtFcPYwmfOKKRk1OCyNcOk8y18SAAAAAAAAAAAAAAAAAAAAAMAbBHmPnC0mxGWXE60vyn/jVLQXmwZfFSeWB+J9yD91R1W9ojE9MYs/2Haur75Tfqle64frOKyZh2E4d7xxPMgnm4VM5isl/iW/Iq/bWuhCtMSduSuEpDq0deymqP3w1e09O+F63LFdUV1h2sOTaQ1EKsLSWF7POJDYtuhPT+MQKIgDilRUtZGDaFA68j2pkUnoF+SD+Jr0aU5aJS0/6pYnq6Oj0Pc+dDU9x7nqJ+NaNxixofFuR0kzO/MrNwJPNgamKbJ7k0rUbGIks0bYp984KOC4YAXeey6NX4i7QHGyz+DEHVKcPMj8cqD0iMRhI7oTu9Ndv1rWhi+1dp6EXduPyh7BDB26T28CoEJ5vfA62kpf8zpCj6r40z8Dqjl0qqdTA6VogToxbUIc85iuY20QtRxrEljp3jr0VwkiTVoT0wO68lfAoFYoJwLGPF8Vi3I4+/MhhxvFaCUyuggAAAAAAAAAAAAAAAAAAAAAbwSy74XV9qIWEpmKM0nM8TpTZb8E3eQAmDxr5quR7RtUvhKp7Ihy8kyRLERJz+G4HjfnUSN1HK9VQTKoZEMqm+SC7jVNh+Z8Vb6hwobpxfrZBc1iSsopvZoWyqYlrXWKTfhmekvjUiJYcrhNairv02WoqYnYmUgZVn7qd1BLDBrHwK7zofck6TneL7pFL14m/YL6nrIApXPpI7k8y64/WawkUkdqtHZn2I5qGoZc8s3zRHFySMZwyBeG2pbeXsuXWI4cfySrm9NLLKsfLBBTu5R3bujeLbccTPaIVB5ccXKVhXsZhtR7ufOeS62803taXEmsE+f+ytpCvOc4u/0WgNeeoJ4l2lNlvB7jKA90HM2gSqVjo/1JILZxPA/rrhhaeVUfqrIkD5S6YxurG+ujnXAvX2yXsuFJE8njyoCm40GwRB+VmwyjKF+Kng0AAAAAAAAAAAAAAAAAAAAA8MYglQctSceKiVESQ1T8IUk3rvUR0QCYSa3i1DyjlCDJlXKkOKboa/IiEYkx22GogYqTyqak6sS4GYc1x3Uq3JMb5B12kZhE/Z5LRYq+pbGGYAveuUBGwQ+qODkgyLhiUk81eKmKE5V5sGYQ+UDsOUtMVGMSVXTiQyqpOgvkcYFcT34V+lXf975bLHoRl/iQ5iycZPEsfJdWWLiuD91Jv1z1i158ZnKBVu0D2hao1zWVeg9dC/FFl7VtIkIzSxIzOyGXS85FmiRJP1fwDuGLFCGHtz1scOJ29nvZXt0VTvWCFYYx3d9+sTBZT6JzXgv0WaLFFhRlfjy5rVx+VhzYAk3y+kJxo5ZTnO1MOHucuBqHFtPQzKawE/mfdlwqI13xreLq4pO9qFRaR/PoHB2G4nywNQMs060EezjsCcleSfKMeD2tcRiH9EdjVBHjq5MSAgAAAAAAAAAAAAAAAAAAAAAeJSrdEJ2J5eBYXEi0gAV701zfRfe+xCN4yz8g17y4ntZNJcGpFqj7KdE42flEzE/GtOth5FTo3MRU7pSK5+BdNjixKiel4mNxqSgvv1ORkMgK+sJ9Nhq59OKKu8QjoHU9yfvO17q9plpesIpLSEUnnE1NmDoTnaQPSzFVc4DShbvArndhFbrjfrFaLBeh8+Zu4rv07Z3vOYjuhMKi69M6R/1y6XvRsqQDWG02FW+9nZ+pfVy1g8n/VmcB5ovbanYds5nkZiIfncwdxfxy2CrFbAEavJUwMz/SRVxl0WGDk9nE/h1cdoCrbiB4dZEJ6ROC6U66SeVD1YNmnLoNc06KcmAPaJbXEx43kQfztbIkHen19lCTJphpvpopp6wHm8uIJxMg2iDDtcOX++fzCFRVeI3rSY7XmXRXOSPNxjFToeSf8r8sGnk0uYnIuIrsEQAAAAAAAAAAAAAAAAAAAADwmOGs7TChic6JRo5lyT4Zbnp73QcpNqqUwrlZ6dCyeFQyEkth3ZXonlTTHEd5T30Y4ya6MxYPFZGeqMHJqGcz6hambZmpOlz+EesPlcG8fmXHvSE709L5mqYyyRlE4gQjARQ+ewCoo4nIQqSZPGmEhQpHOkdHfX+6Olr13cJ3Xn1QvIpUOl0avO8d9aE7XixO+tWi73vxRkkV2ZitRbRcm4UlmqXj6x3cMo7ZU7GNV5JYaC04+xGwbabl6jQ1ZhGSVq/lwurdutws5Mor8MWbvBrFCV955i6r1cqV+259o4u5zi5JSpxDSWxOnCKBaE9iE6GUDl5feJAhWAapPFDr0M+jpULZPBvE/aRg86W71mAdsznSPZJF6ZSgHE3uMmFclahsjUc2nEd1MYkao8Plb5MZobjyJ0U39o6u+nACAAAAAAAAAAAAAAAAAAAAAF5TSlnPpCajWVWM41iW5VK66hfIq2JCM2N8TVHJO2C219/zPC5KFqclR1WcxLFUFHkQlYnITQaN7xHRSWsdovIJPYa34mWtatLcVcQmfQ5jIHfAvuNV1vK3tAElb8h8WWjH/sNlxUnWfuQyq/yMpj5xQQUH6oMiHied80d9nz5LH7rUxpE78c3oZB2t9vYhLHy36pfHi9XRYrXsF50kG8lOsu4n3ZqYFTuUv5w5EfDVr57YTcVjV1U+1bNmur35rjdNVNw7rIXSzR74AvlHPtKVeDi5iXtQxcmrqGF3XWfleKnX6646ovaMONvQMLe9sfTlmWJp+8x468xKVX+WT/TICvBbj9fF8IU/Lp579V7IWxcIXku8jNz2R4BVOaZ9zvqBPhkioLNuXE1NWG1MNDlNPZVo3jGZ9I+FumGVIT3f/yJyrGOy7INs1BijG1VxMmahiapbZIk+V57qA0JN0hoAAAAAAAAAAAAAAAAAAAAA4DFichCtMbI6VkQtNo5TEousZfYjam1CpgSxjfUraw9yYEJxwaDpAFJBVGXJODCrzUk8J79h2sj8HMvgS7U7vwWvx1BBhQknnDPpiZsMTnKkQy3LtyqGHC/Ds3CZw8RSbt8p/O+ZbIqs1ITPUAkDUnVOiQaqYTqm/rDrienCvDf7gN6Ho65fBb+kLojixIUgwgVJ5Om63vml7xfUL313bbladYtlCEGThtgcRcr9c74EWeTcI/VRYdq+jPaCduQyF6zcHsbcTmo6TK5QWx04qtdKWrSOoiqaate7O9wP7S7mg9u8WsXJo1A3xLk6pNtqytIIpYeV0nm7i6t7nNB8W37cMT27R98R0+xfbf9CusLq4NGRM204igDQ9HvbWqf5A1i9k3QEqpq6jLdVppGoGTEEG2cjZ7MkDVUjc7pKO0t/KAZZ7mNRpaQDRJ9zfBr/K/LwBAIAAAAAAAAAAAAAAAAAAADgsSOFv9Fp3a8aMlgN0Fkx0YkwIueAaJiOQfX99So44eySwGVDyskIojvhccM8OLeOMU2s2a2920jFkurL82QhJHX/WtUM+dek8HDFwmOiFOur7Yp+u6nSv1Wjf9AW8u3PRhsw2y1XeY7FSrAKTZyF6ajQRC81sld9jRPRSdBqrO9DOBbFSdc715NfOOp8ELmJJPOEVb9cUEhLj7vlSb88Sj996NOCyWvEPAiYmtPJbiVVAnPh9e+tLG+vbN2i2BOEfJ+zWQFVj4SpL/iwYTcQnfPoHhiea4f2nKgrzFQm+z1VLlGUFHXEqxWebPnDdPuO1BrDVPUJCufgMRNHTdKRzun1n+xzVbum5aXRJESk6oClA1ErUCyjjQ2+VMx/yMUyJkf9qxBN3mjCOc65O6ZHyeJCr+ekGhjvW1VLProDAAAAAAAAAAAAAAAAAAAAADxuxIQkmuJEEw1UO6CSiWKUIS+s59qiCCGcxazQFKNg2oNYNB5T2bF+D2nXY9w4Xo/xnHmTPuSGrEjJRh2KilCqwoPITiZXG63IGN3l6pGHrkbSBXuza6NDR7TMCUc5USJH3JiHi9Vx039e3WKsEcU2JsoaXfDLvl/2iwX5BVGnOwi+67xf+I58WAUxOFn1/apbrharZbcIJcyCJ0mNGsNQniihRtPZPbSoomYJ5ZIxN1YDWe3CellF8yH3jAdHa06V7Hhvs3ZZOXTwKBfOqdoh2lo8E8s8lMHJ1oYN5KYAnJkCptnt/HzittVIV9bj5mCmsCrt+Cp66tc0sZm+vOuAV495R5XOKA4iPDd90tHMz1V1PoeulYCxrByhIl9x+S+J7Uj/QDj9U2MqE3PEIv0LILK8rGtThZ7X1LAsK8lHY9daS4no8UEywwAAAAAAAAAAAAAAAAAAAAAArw1VdJI9TiKbcUXWEJDJJMRwQ0qOFoIj6TrZU0PXpFkUg7mVaEpDHCW4J44j82YcTW6yZrdxbiQ38r5EEKIqXaEqYKHXzQ+iCgRoz5IHUm1omxAVuUmjmzBdiiwK4mjSrbruKPQLL3E5gXznKHi/6LouhEC06pZHXb/oevE4SauFrkbmlEgkl6qvvtX50MyLhZv5lyJ3c36hdiG5QFwydLIAKFemc46G+aBEtc1ZU7w3bu6dnb1ydv+Ge2K7cS44Oh/4OUUv7az2kIoTu5zWPWG2tE7Qnn3Rzvf2GnucTsqqD9SR3pRAS/D6QiUux2DnI3GkaOZWmpY1Sf/KqOybTSeK7kTWkJwtTWxTLYkpTsgixuSTjbRcfSKyGkuMtbwIXzwVcaNIW8jkWuS5/OXBgwQAAAAAAAAAAAAAAAAAAADAY4fNbUQDECymhXiyzzCrE0++sWQgqpXAZjetukEDdQZmkbOMwxjjxjmVm3CaWKdF5CJl1YrfOSMqi+j1rz23Rhbbix7kXCxpqEoS0s/A9ZLyvtOVL70/6hZHi+WyC73vlqnSyrEPvvdh0XciQCF/3C+Ou8UiiOhk2fWd875YjbRZLbuXQHNNxBXrszwz5sgeJ1ylM861BgTZBEbnmAONlJWjpSiNd9bnL925/cr9+9dVdMI7p7DXp4D3TO09veqncNHqlyhO3ANCl+5xvstu3xq2iiaVVBOH2XZ8kffKmwMVnq6UagAAEABJREFUNsVovUoETK534LWn8+SyqZSFdKWRiFXJpq4zYSb6y0k4xclq8lGyPyZuykiz3Jw0Iow8ivyEKZLnbAglo7/JSpzM9nVwVEkeacZbHuh0UcgpbPY3w7uRod4CAAAAAAAAAAAAAAAAAAAA4PEjupBRpAJaOPTFUyRkOxOpBXqNO7BMg5K6UBNXapU8SyBUvBIHx5sYhzhuhmFIP2PaP4vcJK3gJVRGnVSiVRCn99Vznk+jRLFX3WvFk+m10qEUC49yJhYcY8csNh6V2TnQbJpzjdRyIrLyw+ulavNJQTVQKvKG3vmj0J8slst+0bOk6nRMQeeL2UmaJlpItk53FBbLvu9DF+Qt/+ojIG3NnMu2ds5ubjwwtZu7ekO4nK5k+Tycc2OqVYs6F3AxHcitpG4rblRt0SguN3zr/r0X779y5/z8PI65HXnvweyfy+/qAXcT9wCKEzr48xLm6pDtE+Ii07Fm71ztQu0uqGQhfTXDr4Eyhl1sREU2rEBU8Dqho/yWostp++eOOg0lbCoTG+9jcW9yOvbLsy57iZxtsER86GJU3UmW33FJHDPDJ9GgUM5vy7uinKvmne1fvVPsJLKlko4+bAE7AAAAAAAAAAAAAAAAAAAAAIDHimTfxJGtrscj5cwEidPJnhZT7ILWGdnbi+olUsdSeUxuMojJieb1OB7GMX02o4pOnEslR/nOjhg02UbUiJNioJK1GjKnTV54DeAmseXgavttTtqNeeaSIv/pqbNdj9dvCdMh1xH1ISzF1ySc9IulDz1LxTfIy/6ucz6o4sQz9dQtw2Ll+1Uv8Tq9s1IrZx+VhqI6meZmOxp2bYTRfqkAzc1N8hVILkadz43ISMRIuqdsi6OmHVFNKTZRpEb31+d3z+8/d//uK5v1JnUFP0v+uYALJT0Xa03YOdpvhrKf7Vv4KnUTW0YyrjweNpUem27rVOYpJGWa4txDonaoN2E1PevX6sjiwOtFkXvoj2mcqONys6YKD+1GqQtKTMN0jmZTHUjUEWpk06P4GGV0YPmDIvtRwaHX8ByvikOvf2JGypld+RzYVCXZ1EQPRuq7kgWA8mckFg0KAAAAAAAAAAAAAAAAAAAAAOAxIuqCUurVgh+ThenkFBUquBi1nCjGF15VD5Gzw0XUbQeN6RljHO2Fdyk8SuUxf0opuUojqNUB2DGiCC+KB4Q5adR1XyuIebuuurXCReVvqnqT+VraGtkeRBUnrO1Fwbne+568eJmQX4Sup9CpeUkn9idpBV3q/arrlv3iaLk86lerfrEKfSCNk6B6tKoz0SQKO1w5B6IpD4n5stZrVuDaCUwB0Gwcq/ME8xBHPageR+wJ4sDp7CQ86X4cb53de/HWrTs8brxUiuMDmxHsV5PwlcxMXk+hwlwc04YdaTMdiNdpCeVexhKaNO3jTUU2zyl2SQp0J68T3gdqRgEZ62nmI5IVZ4LpQVgHLnHKUrGJakyYRrN4yv5IMgCoTIR88BoWFtTNxkYn8TaxfXuXI8MsmCfbmbjmSZA/Mp6Lyivq+DoyRCcAAAAAAAAAAAAAAAAAAAAAvFHIQTBSBvQUPFmqTvpXlBJNrVw1CeqCkc0IJCvHCoCSqaKmJqlgaYkq4ncSNXRl1DfTawXTl/oltXEkssA3lic681HleDDvCTTJOT4zL5C8FlPcWfmyQ1CbE2NtGL2+sy9GJhwXoVuK0CTVd73l5ojiRGuxpvHpvO996L1fUH/cL06WR0eLZZrofcejtKZFW5h+x5fkC6oHdLR7nuYVM16hOFt9X9jMCiJlnVBWrxC7auSh3i+UrSk2Ki/aeLdx7t5m8+Lde3eGzbm36zYVk0994tCh98+wDnDpygdnzy7QEU3fr5JJHZV33hTotXTeuQeDnKUWvck8TuoQkC+cIDV5DLSKE/1d8nOmu5FvjClOYrFcipFGebhNGZJGTZ8FazLymHxM/6j4NLgFF3wwJUt9eOxZnAYa4ixqkWHO2aiqaiRxTLIBQRQnEtEGpxMAAAAAAAAAAAAAAAAAAAAA3hiwWZqY5CQn6uR/igKjtXAwNUh02cfDcfYyEcXJJsYhjlHflI/6wvxG6pNkZifcigncIUFJlpscNCB5lFylzt+uU9KFsjtDe5pFviPTqTU7MzgRj5Nu2fWiKZGQnfTtxQwgiMEAacZEEDcA34V+4X1a86hbHgXxOJFwisn6YSrIt01pchMuhWGt4LsHbIFiK2D15CxryUTTGRWfFdMGyUxdM934tdx+d2e9fvn+3bvD+kxkK97uIGs7qFFKPafLb2spdx+K2nkIdUIRzbhXD7nt1JGtFbpLNq8GJ80ckW69KeEcGcU7PRy8HuS4nFhsryhb9/CUoubmi9TFKPooVicUs94tcPnjQdnVqnHN0sQ2l5d5zmISV/Um6qtEUTaRsVHsTMQ8xb5FYhJJJY8arONEyujIewcAAAAAAAAAAAAAAAAAAAAAeKxIqdtrJdB35gKRa4aiP/E1eUfXFK+LJvNAq4JicjGa8EAVJyPHYRThidN6ek7Y0YKhryX/Cw0dssygza15fagGJ+2ctgI+Uwk0Eg3Ovix1JYu8kewJCqkKS37haOEkQEcsTJxfpO+uCy6EWp7VemwIoQtdH7qjfnHt6Oja8miZZkhUhaQW1dNIdWGqYpeti6BGpkEP03zlurjduJSeqSZseA30GXXlUT1hRnZ3ztfP3375xbt3zjmO6fqKF0raPvgwjEN7HDvFK4g/eG/UzoPzwCqcS0m3q/3ZPinGXtEJ7d612ZPw5nNuMFWD9ihnj1yj34kOvC5ofNo0tFufNHsiE5QMw6CClMmZKqYhUjRzQVLRstZOLZu8/PEwIyBTMOZj+Jya4/JjECdpmSarqb4kbSURPNGb7iSPIfIHxJRu5dCsUj2mN98DAwAAAAAAAAAAAAAAAAAAAMAbjGxsolVCk1Co30m2PKkJOEV34rINBmfnEo48jpusOIljlOkxaxZktbGRl3CT4WAV5pmXCTPTtrmF1/fZX6tLr/XQ6lrBU5rMfNWDkgU1ASm7soyiVBGNYl7SOd9T+rjOUZru1MWkI4mK8GYxE0LQFpdsndAt+8XR0dFJ+q9bdNJgPIqiozkToukfuykmBZpbbfCD6xc4x1y4Ii2qYS80HZub3I3igDJyvLs+f+mV2y/euXVvGFlO3Hw78qrp4tid78g+Dp0jX221x0jX9fKPnto4xlSUd1cQnbh6acyzn1vLeaZ2qk9ftbfZnWi3p30TV1XdPLJEK3fJQ9Oe0r6bTM7Bx+J1IjtTsX6ZCEgkZqTPb8yOIzalJiWOQnQdcxC1CplWUYUkpMFTPpinidM/FFlswvXbbrXXpB2NzkkLvB+dxbWJvkSicyysR+V1EuAmeV05QSyW2C6ITgAAAAAAAAAAAAAAAAAAAAB47BAFlwUMJG+tq2jC7Dd0flM6tqpk8SbwUntMvzdxPB/GNccNx6j+F1ItJKkXR5UouOLKUWQZOS3G2z4bgw4quTCTj4h7dVxkp9Iaqszn78WXhIn9e85F1ZxIpB/S1/AtN0f0B753JB4nofPF8cWEPmoVQAvnV7476RY3jk9O+uWy64NsqsE0IxczCDtnKQRbi3qTBJlVSnMBu3IGdkVRUs+Z7NZyXlguQX5EbwohziIjmYi5XFxiNjQxZ0N8Hsd74+Yrt1566e6de+s19z2rCCP4EKkolNhnd5bmFJobvU9u4OZaCcrneGmRuR5BI5Dy+o/c5iTtvgu9K+KfcTMOw8BZOJWPvld0wlvT1ihtflWZbC+UZk4680VXnqB8s19XDliV1DPxzQVtpQ5BUvA6Mao3lQ3vIj1J4wm7USV4phBkHzj/ndChJo1iIqTzsY7qnvIfDK/DURogdKBKw4QXUxOzTKGs61NTk5gtbjR+LQ0xnkYvE6P4mgRVlgTO8jXRo1RfFB1jVbCCDgIAAAAAAAAAAAAAAAAAAADA44ZS/c7lfJ1S8yUTgmhwitT3rFyob8FrmS8XyiPHzbC5v9ncjyI/yHErRSggDiVUsmb0UFaRtzwfoxoZkDmMmMkD6XHLjxxC4x4Y23lTZPchT+yaTExF/ba83xxUy63m76IZM1TNJ6hcptfLUqFJOhIHtQTo0sf7nroFUdDCa6q/Bqdyky4tSdNu6cOR724sVjeOr50sVqtu0fsuN6L4DjSXb1qTakRTxChE214XrjW64KKY2WlFzo41DWnfYVpVDA7iWHUQJpBIl5Lq0efM545vn5+9cOf283deWXOMwY/Sa1iagsrmFNfnm8VyeY82HPdqHnZsLrh81RtVqsszrc+ey9merrqTR8uiX7bnsFmPg5j6kD4n+bjdVXYkj1Hcq8w4fNYPd02vs+LkiowcJ3WRcyZSA68rwzhGmuRzzNXPSOPRnHPFViS6oP96LjZZnEd0+xMiopOoC9QcRZ74kfPQaJ4l0XkxMiEadOAUlUkQ85I0bIwkShcTuOhToW43+Y+Anpv9/TFRnCOokgAAAAAAAAAAAAAAAAAAAAB47Jg9B3mqhcMqcbC4myJccKpNiTodRYoQh3E4H4ZN5KFsMFbLBj8l17hpb9vF8gtKhq/2/XWaXd3uYhHNkNsb6bFnJ7MkE1YHkLznqjvRRJ3gs1gjyLv96dv3XqJzJD3HCrLZbWRSkAQKQQN3ThdH145OT49Oln2XttL7EbUx056GrTPzaoKiF1HsBS66Ao573WIu2CTKvps24embijOKMDge0v0nPt+sn7/14vO3b29Sn+iCC2qCID4J3kJ6VFPBd+/cf/b6k113fz3u0Vewaxv5IvbfrNb+5DWwM7kIWi6ObMp3cuz7d87VpWe20pVEJ0ZWMH2NZIXUZoiHZC51XOHtx/01EgqBA6zjqHo5EbSpSUnkbIyj2hEyoxEyqUcWfKRRLg/z+qVaE1d+jjlHx7J4sgRR9SuSniNeJuRH2UR2I9E5+vhEb4ezRylksR/LgFdsTuTwtpQd+gkAAAAAAAAAAAAAAAAAAAAAjx9RRHgzzvDtfPFfUKGFVh85CxiiWWsM47gZx/MY12k1DVFJNcbRtfEd1ZqiHujyU6kly0cmOsnn0EgTmkP53S0bicaW6KRsRzUSSC0/dFeaoSOpOeYYE4g6Rz3RgkJPvvOh4+C1pYM2tqymypGl7458f9wvT1fHx8tVH7qg8p+cuJJf62/kO7mFiiOMu4i9+UTcXoMrjhJtnpHUhNnPW0mubqwVX43KOR9H1/n76/WXX3rxxdu3z4dNDIFyL8kCEC6ik8QLz7/87DueOjpenZ9v3CH4gW79lElzSG5Cj1yMslys6k3pF6I0eukrt+M4phsX/MQDiE6+1qBtq5qL13SX92Lw2hPFyKSO2vk51FQs9SbRUc2Cw9j56oWVBXiqRTRzEx1UNA3HnspIpTfIeDXmjxu9j96nafZedSfm2aTHV5ekInb0NlJFzuIWlfrZCCUKGWb0EQAAAAAAAC4yni4AABAASURBVAAAAAAAAAAAAAAeMypyyAEtLNEI8h1jNNVAjVQpq0tYQoyiOBmHc+bBuY1jqSLqOuVVd6tEugchx8U8tOLEX7aCGINseUls6WyUasVR1wxFTOMn7wbTbGi0TWoxEZFIrVREJ2ntnkLnqHMSrNNJ1I5XRQ/5UjgNaovS+7D04bhfnixWR/1yETrPOcZosg/QQ7SqihIz4Q7W5Jm343S21Cdcs3LKwtjsfVqvBCSJ3Eg6hhM7gzHwvfXZcy++9NzLL53HgYNPlxSrRUVac1QtUj4V99JLr8SRj09P7t05X2/W7hD8sB3gdSL4TkQnOi1JRL1PTXPnxXtZt5XueBc6CU56ENHJV5vHSWykYdx0xqoCKv/sagL2XOn+fgw1wesJh551UDArq6AjY9TRJ6oWRMYxp4OY2ZzkyCvTlLDpTUwVIqLEfN8peovUkTydtO0o7ibpz0WIaU4QyxN1T8l/ahwV0Ut2UhHPpOy8VBR3eiamRNFe+NX13AAAAAAAAAAAAAAAAAAAAADwNYlpCvK/Y2s0om+fmxlGfnWdRE6wHob7m82a4+DkpfUhzfPE244gB464ayYyXz1ecT91f7xHp9DW8a1saY4t23ucaTPmZ1ajcKZttPYpwhI9TZXqWDqRyk2oU3GJ6k5IdScUyiLxQ7HwHZUlLLpwHPrTxerm8enp8uioX/Sk4TRRj+r3X/cVJDlx9/JKg1TPgVy/LUqBJj9o1pTUeqOkcnR0cYw8jPFuXH9ZUnVePosbDh11PubMDbZIJg3I0F1pUsa4Gb/ypZeefceTN564+cJzz0eO7qsT78PJ0bWaQLQ8ljv24pdud14sTkSDktYwUgfgKwgnvqqsGpre0552E5TjqF3RBAzzC9y53snVYns+eP2Q9BwRmngTe4xZ2aZ2V6oj0SfcF+sR6fc+iz9Y7bC8PfLqeiI6lah/UkYRo8lHduLTIj96F32QHXrKB9We0wxUk2iJJqWJDmB2VjbBDGESAAAAAAAAAAAAAAAAAAAAAG8IqEgPOFJTxsv5KE6CdoroRPJ1xuF8vb7P40ZegZeX3EfnRjPOqLssW+b9X3YCxbyDzU3EzeUiV6nK077fVHfvsleI31o5u4G09c4S8dNYgOzZcU7nsZf7PamUxHUUArtAYo2SJhZSlJXyaiiZO1bTFYOT0B/1/XG3uL46vrY8PlosezFKcZRPhtUyhOwe0KQOMRsQ1j2VxCA2oUd7plUnNLWkrWgV3FKtzQk+nJU4dsm+KEKmLVVtlK4q8MiD4zMevvzyC1+59fLZsE5XHLVRxZGArd2iVYX1rKo/gfv0J770zLM3+1W4dnr99p3bfEh3wm9MxYEnL4qTmnYUfFh0PMaXPn9nseiDiE4E684kqqPDWKePXz2Fc9oSmjQPPFdTk/bbetd0p4n25aFQI22yJ5VLkhNEBa8bvsv6OWdDoo0QYiZiGV8arObJhikZSTnGbJkUmUxwpH8QZM7oJKwnrT6kAcICdySXR79FaKJpPmZiUsymaPbPrBfpZJawNf2CTdkCAAAAAAAAAAAAAAAAAAAAAHi8qOZAi3dcCn6xyBGirSAOF/IyexzGYTPGM8cbTVBIRcc4xSFsCQUOlAOze0iuW9civqfAZPP9jo/CQRVCk+SSNSx2Qlrjnrl11LNlmpQlTXl7MkLhrWga3carwCTGsm7WY8gZq0gkfXcUOhLRCcUoISusDSrv+afqq192/XG/PF6uTperk9Cfro5Wfae2KKJZiOMoVV2vN6W+7V/lH1Mpf6R8gc40Iip0sauIZR2d7+t8do63r7fE6zS6k3TvQ7lmNnOBqKqi1APWMd49P3/x7u2XXnnl/mbNqrLQyjNxbk+VDMR6DmwaDNl5dC986dYz73ji6PqS+ca9+6+kzuQejF0xytWVTa+WLvTHq1NqVDxHJ9JQL3/5TrpTfd8HzdZxk9yHHiBe5w0OW6zU/JHODzBvmedMG2mvy0OIbbBfRUJtKI/0IBltLPoJooLXDQkCs3Es3WzTkziug6C4N6WbF4puTcdoFZOkn6P4oKjTiQ/sJWNt0HFLgri6jk2cp8Oj+h6Z51NxLpn0hgrX4Z6z2coMdpP7UoTZCQAAAAAAAAAAAAAAAAAAAABvCFIp0Dww1F6jzMzoO++jc5s4jnFcD8Oa3YbcoFqHqJILfjhrCm4Pp8Q2WeHB9pXjgXa29moXEh/s9Li9nDZ5J6s+cvaN2ZyQuZhIybZz3DnqRQDiAznRkagdisTrpJnkxeCkW5wsV6eL9Dk67dPPZZoZ5HV/Mo8X8qUUy7nwSxef/CQisf84ZoHMJOuJdUUThGxfaFGclBu+fYDIvImc7vfG8Z312a17d1585fad8zNRnHR64nHmWVIVBGm5qE8ih67vOkkU+tLnXrp282R1kq58Qe7aejg/Pz97wKidB+0dj0CMki5kuTxadMt25upEQoXuv7J+5Qt3g/YB8Thpw2WYv0ZEJ7lTzCwoXKvYms+3hVQFAU16jukYXPE1spmxCfFSHVeaMcrM9B3Hr9Ycpq86ZASbZICqPHH5adboHHFAEkkb5YwwGZx8HhLFtkQ28M53MbjRib5OHJAkXofYmxeSbkg+2zUV2YnZI2lgWU7nccWXistYxlyGFTtBMpFbZMv/AQAAAAAAAAAAAAAAAAAAAAA8Vsyvw1wwcvwFZ5ECmXNGHER4MJ6PccNu49ygn2KqUVwMdva7PaOabFRflMY2gnieicOH9rT/OiYBhss2J7leSeY/UY+VV5rmNeVzKn4LzYw6YeIVaS55qV8lHV4lKGpzoloT9QlJH4vL8VpqDUSdRuos+8Wq6498dxT6E9+n774Lai1QjknVMCLnSxAVt4jD8JSaUy6Tmotr0iomrQ/VtirVXlcb0JQokdwm3XsX1zGexeHW/bvpc2ezjumkgxfZ0Tg25jDzJhObE2mY4H0X1PMl0md++7mv/6Zn+2VYni74LnXdYr0+W2/WzG/E2nE6+WW/WixWM90P0eqkCwu/vr/5ysdfstWmVB3pHjkw5GvH6aTpWO2Eb5Y394+mJ6u1GsorNhKw7AkjxkqjpneRZXiRjUFjdCN8LF43fCskojz2iAeWeZYMJOE44mjCFpHjnQblpG4/WrAOhehkXIwh/ZSlzosbSuQ8HufR09J6iiNTO+AW6xyaInfagTmv5DQHThVy40AQnQAAAAAAAAAAAAAAAAAAAADwBoCs1JcKguosINEuFpSiURcxbsZhPY7nzGspMLoYxfuEtSxJV/eeIGr/aefT/FxotgFf4QCzeB0rb5K6h5juJMedtKdKzavzxZfB9sAXX5HPchZtK0mJ0AOouIQ6oo4lUSWkac7l0myMEnzvuz50Pfn0Wfpu5cKKwtKHIPsbpT4bbZdag6X8hr+mXey/XKpnWy7dXQjvbm3qoqwxKtdlK0etNss2XuMzeBwdn4/DnbP7L9+5e/v8/vk4xmB9Q7eVf6P6fGjbqJeBl3Ch2HVd3y/TopCgLn2NA3/ut59/1wef7hbhyC/O7qyXi6P0GcbNZrNOm9RclatqjR4plJ1rKAQ997DYXiHQ6rRLN3TcjF/57ZekJE/az0p93K7dVv5aEJ20iU0XrbH1ezeFp/XQaTUomsMkz0oaZFh9K9TmhM08iXiyzQGvPY0SjbMViXnQSEqOJHrJRJQINB9tebqzaQBjU5x450NMQ0bQb9GjiBYr3WLKQ+o0armZdonJ1WfHEr3E52b+9MdGixfNh4t4SH+cCAFMAAAAAAAAAAAAAAAAAAAAALyRYKv5p6JfjGwJF+MmfYZBFCdObE7GmuGiENFeccBsJs9nxSJ8cM5dsPmVKJqJPN3MDzS9NE9leu8+eJ+4gWfal93jSm6OBA9psA4FU5yQD6IzIEnYYauPqg+AZvx0ne9DSJ9VtzherI775XG3WIZuFBGPaR2khEta3i2CkuhnrifzU3C7WTg7V5ENZXKhn+f3QYxM4tyuou7bNrTojMj3zu6/fO/ey2f3Xrl/92wczuOgKplIjWlMrVib34cWnMNisUwfkf+kH76zdTbn8dO/+pW3fcMTx9dWJzeXm7Ph/P7YhT59ds5jX9vv5wHm18r3A/U88rRYdd1Kmuvuy+cvfvIlp9dlzZwmYmqQ+SaPVnTShk/5IgSh5kKuMnEl2ufKUas42e1wfEEHnQx2quIk67kiZ2lBznMSsyCZFl8TyVrikePI6h1E/nEoj96ciBNRGVVUUuhZ5HA8ehK5iXyn0cqP5uQjuhOxcJLHwosGRe1LgiTpBHVAcaZZ86QjhaNmlIlje9xJ8JeVfDpzdmpsAzh5/fsULSZslAFIPw4AAAAAAAAAAAAAAAAAAAAA8EZA30W3+rCpTjgOjtfqdHLueKNZK/JDvDDMCiMXCWluX6CqgxrnUiNzaNKFXLmUzI4vVhNQNSmpP1OlOrqcdZMVJ+4gZfm0mhXI81lviWWcleCpWKhQIA7p20mB1kuwDll4BGuN1bZLZ+PFAYUW3h/5xfFiebo6Ou4XPYUQvOSKuNaphanIBEqzMu0RwOwKTnZuQBaslCSTXOjPW7uiK2B2bVtR9luhUYu56ZavXXzhzu0XXrl9Z7Me0g5CKiOHdM2xyFbSHjp1bMnxMixajLTtsl92/aLzIXuHkMgynFW3I3/hX7x07enjp95xrV916TNuWMx0But47mIeVCtyIZfvRdoiVdHFqKbrfVjIRY3r8YUvvHL/uXvSCzzV/jl1tua+dHG8vCK+Tzq0dcNFqUHUajvGZpGr2g53BWi+5QWnNNJs/ZitXIqOJLsGqfpMjx1b/6LikmShWaQnL6YmPOYQr2xwkvUq0UxzJGRHsluq3w973hVEgdeKUbQmogHKJlaqNRkcjZ6i94NYXHkJzUmPvhetiYx4MhHMHIhtgDe5ifQG72IRkGSbE/vFNjo0YrfiX1KFKTR/arJqSURdYpoioV7SW0RxMrJPf6UAAAAAAAAAAAAAAAAAAAAAAI8VNTVpCshsc84jn0WJ1BnYbdLH6sVeVRZaY6RSNW5fThdNQMnR8GS7rIoKeS0+SyEyVCvlvjiWRFsnb6tv0ufNrfZo7gf5DDTbxoXsZCL2CN656r0hZ8izSJ292o0i7LDtfPA53IPLiUmUg5dyKluSCqu2JagZQIjcq6dFJyEyYlZSLCgkbyKd/Kpfnvar425xoz+6tlylz8r7TrwCUp13yK/2a1G1HG8mcpmq8861/7QNmeNodlxnpBZM2oTOZSWR3a10daO1T04Z8mTtn35FL14TnK7n3MVX1mfP3X7p+Xuv3I3rDY1a79WzivVIcoNUcZGO4gNJqxh9t1x0S6/qFjU8cOXOmpiA7r50dv/2+sZbj248cxJ6Cv2WM8iDmpq8+pUPEYd467k7t750V1QSWdRkbg9Wc892HuSqXcPDO53wQU3Iq+Ih98s86buca2KscsdyM4WXNo31W1MlObNH0s4XOX/QooM5AAAQAElEQVRsPyx5TBQb7YF0D+kgImlAeMrrRRqKRh19RVVoCkOiQTxO/EiiO4lkohNS1aB8dDj0OsrkvwFqgrLrE9Xo6PawM5fdpKbKokaXRU+qNXFiijOmj+fo4XQCAAAAAAAAAAAAAAAAAAAAwBsECy4QRhGaxPTZxPTNG7E8SQXJSLmYyJNnRhGYkNvKRdgqMJK5HjTVdJoXsd1s6/xr0lXQFMKQf6YZoXFPUf2En3xLruj7sE3OcZDrygqCrOZw+oZ9vUjR3XTpDKLm6ZDr1fXEtCvm45J+9T4su/5ouTpZHJ2GxelydbpYHS2WfS/qFMsZqRdmWTxlorYJl5M6fNaUzWRsQy5akgeSXJTDRK38p+rznfv3n7v98vO3b90d1oM6IEz3vSgrNDpHFCchiOJHkjVckGQd/fgihKHijlHtV/I1jvzyF+/f+tLZ6np3cnPVL33ogu+8Oqc8ZmKM4zqOQ9ycDaKPuXVWL1nv8dzao06XL3508TqvoQbl6tD8JKrrSRzHqIoTnnxsogTkRPOnYJsotkRkNhVpflaKpU1i6eci9VLlgj4V5p7hwOvCuXiZ8KhKvqjuJlHujGR8jaI4ETkem9ZPtSbZw8nG4Dzf6bi3q+2biU72jMymJvHtjLrlpFhijdThMdI4uHEUpxMeEa8DAAAAAAAAAAAAAAAAAAAAwGMnRisNR00/SVNDjJtxPI888LhxbnCaeNJaOLjqRHKwJtzGKlRZCc3KjrT1715qCE5O9VE8+SaVJhe05we7nD3eJy6/qp+VJzkjx2XBhZp0BPG34E5DczoS3UnQ9T2zvvovGwXyy9Ad9f1RtzjqF8uwWPQL+T+EoMEsTRNMhiWWcDNv18taeT96Ha0Ygnm33GuHc0UqIR2BnKRqEJ+t1y/evvXSrVt3zu6lOWPOCyJ1haEi97H/xddEdCeiPOlCahKS6KBAJjspGqGZNKne0Wwyc//WJn188bOZkphU0kL5Bkz32O82SZxCZmwnUV02tF+LMkKUEHFMdyj9SNhR7G6kb9u/HK4YxtTvSjlnurTpjc5dKR+mrt+Wz6tuqK7w2skv4va+s2hm1l22O1P+t6QzSd9ltnCkPJqoi0k0axOZbV1IdAp2QNWdqIRHtqWiSJKZMZrdEOJ1XjfOPEWiUT1OZAwKYmTCqj5jUZj4aI+teiKJd5ENwnkcyM+j6RHdtkSJGzHWtnpp+mWxWjnFqYSEcQ1mGkQSk/rSZnDjQGOUJDM4nQAAAAAAAAAAAAAAAAAAAADwRkDfIdevwbm1vEoe1+Z0kip9GpQxmXyYDQg1VcO2LtwamczMS0qdnss+7Lj7jAw8c5FBWPlSy9CiBvCa7yPCA5+9JuTleCqeC1NUzx5nCC4uFZcx1UztvX3SL3NecEVxwtyNojjp2XVaGTdxhVTetfoaHC19d7JcHS+WJ4tV+hwHkZ70vgtiCaJXRDldZPsE5Gu3kLq1Wpy8AHJr+blQwZnxBG+3QbYbaYUTUWepTYWUmNO9v7c+e/7WS19+8cV76/MNRw4hajurREQkIDmaRwOFNEsnmAxIPErEq0QEKKl67av/gd2mGmLExfmGrcjM1FxM0xRka9aduFZcxCZgGvOvbJ0xiU7GURaZ6IS5LrHjkIlOpp1n7YzfKzE5IDSJavlAeqCtRQ8fr9PeyEcL7+1bc2Oi6ehV7rKrODEVk6p61CIp30XZV7QYFN1tmtDhxR5j0kgqX55qe5RlZapyJFf9TugKopN0yyJkB1cg678uZh3SmKY9T1Qm8mynbTgHdOVvXdFcq+yOmaas7mN6aub73lIvNfP1maXSG5p18pjL+dEdXRxp2GiqTvTpwxxi9FG+HQAAAAAAAAAAAAAAAAAAAADgsaL6EpZvHthtOK7HccP6YrnmGsRSD6zVd3JXjK+hqWqdqsul4L/9EnwzRZNaZZrNRW3gs7lGVgX4+WoHT4QuX2d3R+bEoBtLkVVe/XcciProOqZeAn60gF7OMTs1aMDMsutOwuKkl0gd0Z30/TL0C9LQGVVvOOa9TTCd895zanQA9tOsX8Q9gi+T1HBN8KmBF85yhOw2p+mN41c2Zy/dufXc7ZfvnN0f0gV7GriVGeV7Ibk6pjXx5nQSOtGbCGIdkq5yu5PkDkCNcGS6hna9yUNFrUdy5ysSpHoS80tzRWtiE1VrMolOqg7K0n+m/VP1zrGfzlJiymldwdqEc10++znkdn440QlbSb+g0qFLb+2D7P+yeTwJU3j2D7WBWCzGMXJ+Y7ZI0lFBn5VRrE3Mp0RFJ+pZYjoSJ94nXjOo0iI1ynDWcD4/aM7UKl4P5C97ZJero/v37jpwGamhDq+wCX30ajgT0oMQZKyjYE9qcaSZuknpCbMno+i5yjqz2RN1E267l/UELs+w9K7BOpl4nKTvceMkVSfSMKrihEP6HuXbAQAAAAAAAAAAAAAAAAAAAAAeKyxRI0PUb3E6iedplnyyFKEqHFT0kV0RrlAFb+Ujk42BHtF+UfEmofl6Oz85G4P47Hvhqd3MNAE7pU26/Az3nnXWDVTFSSmFa8U8kO+IcrCO+psEsQWYjklaKO88rXw46Ran/epksTxaLJY+LLT9tPjOFgazYwwwM5y4+Pxz+kRj8dIYETwYnBMzfCr1S6jS2TA8f/vWV1584e752UZMKUJeTYUmEkaTjhvTtLqZqETDRCch9GZwItINokmldMG1TKXn5qLn2qb67bPtDFG2nnE5TMc1Aihx12gVERqqYxMWppMWp7MzxZKvkTr6u9WXXD1Gx02HlqOXfmjZNOLU0O2zrLlwVy4LqupFRWdRRi4f46GZJePkEn+eT1u6kqoLav1n2FmekvmaSGuK0GTMDkgmFoilN6qXiglHXPUsKQZGImlwmkEl8gZpNt9GTRU3lKBeK+YeNAyx6y506VgsVxCdXIXUUAeWrofIXSeWPaoyE8MmVWVlUZhrx2nKv1VoxUTTs7zv70IWe+08SqyROY7LqKnPYORYlqq/1riJ48DpE0fiMQxDWiukJ23kECmwOp24hxvnAQAAAAAAAAAAAAAAAAAAAACPjBg3anYyjHHt+Dyy1PjM48QXawNvApHiVLLXLaGtr+cyuZXwTUrQJIbUqIdUb9ZkDsoOFaQmEfmN+eCLAkDXpyI3mQrQTYGc9ksEtmNDriCVoVwjzWktctaiJxDLBi2NSrwOUZDkFqYg1Vl2o8kDUjG9J7+gsNJUnVUXVr47Ct0qBFGokEbgREuq0UwJS5+h5jw5ewqQqyVf18hrcvFXyrN5mwcquZbirjWdGE6QXId3gxvXcbhzdu+Fu6985rkvD+m+eKfxFcwqlUlXoK2vdiC9H8WlIgQSDUrwoes6y6YJctd89quh7Zvi57+rnKLKPkKTbNOsK3VrNcVo5AmaZKROCKOtXAvWiTEOm2EzjqP2OjVtcNT5EHVHWSWjNi2lYSfdCTfnU+fsrra1aJe0qNv/oGyv6Jqbv+tpk0OE3KMorjNzY1M0Fwi06UOmFND/rFWr9CW16TiI6CS7r1DWHzBPATo1VUe6Sw7T0dii1Jc4J1TZoVV9MulprHvaTsoEb87HA6KTazefvPXSCw5cRmqoA0vP1gN3nYn70vPhspSEcigWzfxJ5iKxSTC3BW8PX3VFrq4oWdPXLowiE0v9TPJ0isFJmlCtydqrBU6ILkiwmY3FDgAAAAAAAAAAAAAAAAAAAADweInjueMhxvTZkBtI0zFI7ArIwmJMBWH6ES0Fz0rge8rqZmfCrrUAqQtTVbOqA5i3t7eSf/Py/JR9IpqNsufyzyUVx4coSG4nvag6w6udiZQ7JXJCsieCWa6Usqu4gKgipvfdcb88XR7lVJ3FYuE79URRxQhrPb4aTOyzBtjXojMbikaM0q5M8w33X3rW9pi1gN11TVE6H4e752cv37n94r07G9U5qHMFWWqQepeIUKPav3Sh1xwdEQblCbU98eQn2chBwYUJOIizl0y1NqGsunFZkeOK/8V8h7a5lKfNkoNzhdySdDabzTAMbu6Y4ky9pFomO8+9GToXKZO25s/dQ/bTEV0uOuFibbJnP8SlJs/NnXtgrLGqoKQcmKvj0JRrErPGxHxLxG9Cn/ioKzi1jVHBE5uFSRFLsahCYlGKxJyqo8+MyoVS00fy5lUk8Tox61FUh6UBQiWbqkhPXDG/GM5Hd9JfdGlPvfXZz33qdxy4jLe87R0Hlt5fR2fOP3JL9DHM4p/J7WYb2p1Bu6vw9sDkTEQ2T9+xzinuJnrPoxtHN2zSzadxkz7pb1TqM4FjxyTZOkw9p6eLVcAE1QkAAAAAAAAAAAAAAAAAAAAAjxmOa+aBee2cpepwFpsolHUVvuSeuFyIrLXrrd01qTrsLs188TtSCdnIeyuAiiFFKoBX5UkN/nCO5lVPar7rrunVFSQ57yaVyLVi3stHgnWCnpGmy2iDqE6mI1o4v+r6026ZPif96mS5Wi36pe+CldHl4mJpHq7BEtstQhedye701k86aLzhXJNcw6ItEk+bVNDdxPHu+vzW/Tsv37975+z+IOFKnrPniumNLDTHq/5EytJd11u8TkfZNcSbnciDiyJUnFAFHzPrgy0PhCxBKfk1MZpaweXQFylWy5xxHG2i7LPIWbx5bkyKk10dyd7zb2fump1MZ76zaXeV1lDXn92buv9GPrT0hKtSy4ReTQOlxtKeyaotMRMeKnN0MeesnCoN8aoeSYuohCPZcyz3UtQkLM2cHhWVodjd9SpMIen/o6xTYqxSN6w93pdzJBuDNNFqOB8OXNeTzzybbmR7v8Euqbenhjqwwv1N1PQ0SzRyVEfxkqxTxEXTpHOu5i/t9kduxSZbz7EOLGwyJmejlqmdNKRpiDyou8m48aM4MFHc+DhKKhOlHqWik0iBnEj/JMIKohMAAAAAAAAAAAAAAAAAAAAAHjMxDsxnRXHiNE+jxt9c7MNRZR48/SzWCY53/EtsHV+EA+XQpVjsc+VZVSa+SgTUXcWrPsNMKaoVQ7UJqW/M63R7YH9hKMcBpqtJJXWqRXbqpL7JvfO9nJB6f5QrM8uTQN2K+pNwdNIdndDyOCyP+uUy9FbA1ZgSmqIoSg3XirrUlHt3LQQuEDrMlAmTk0X+Gc0fZmdXXheJW8Wo8oJ0WmfDcPv+3Rfv3Lp9787ZGEdZ7FRc4lShoQ4m+hGjF9+F0EXRxmS7FxWAqAmMKw3G7oKwI8dNPFKx2JgMPXwji6kN0QbflJ1kWw6VeqQy9WC4SWLiSkYPz+ZQDnrZ9TW5SHEyO/+mhW3lyExFmLOrfOjclbhYRmTXS7R7fhcoXw5dgJlJsGhIoqslf0caUMQm9bBcHTeFMDGbr0m9obadiKeK4055YryKFYI9HmRJVDKtyVMiOiH1R8nZLVzClsymRvHlmeZigZR66/reeOCi+n7x9ne/D2Ynh3nHe97n1cjkIu6eRxssuN7WojopD2EOSLui2yAPpgAAEABJREFUxGMSjlmM2O4KJZjJBnKxOEnPT3qGNps4bIJm69A4hjj4MXY8yMnZAMS+I1H/BVV1hYfy/gEAAAAAAAAAAAAAAAAAAAAAPEKiOJ1sHA1aQ+8m3cAkIrlSXY9LJbHdyqQQPssmKDaijmJYkquZXjUi3nfel7q01Nk9u1xt50MHL+qTHcELzzJZ3JXg8kZ/ThcKksoiHicumJWDmajYBWgltiN/1C9PF6tr3epaf3StWx71i94Hcm6mi5kyJWyaylkdurhJdaFJJK3UZLq0/dXg7SpxTViJJGXegcezjaTqvHD39st3X7m3PhudD12fJSDel2CdYGKgkD5Guk3OvF58YxqyY2mwr0hdlUm5la9wV7JmabJYyG0iaS/jOIzDZhi29mLdqepLiowpVNscW2Gu1LGetvde5DtV9TQx5qbkZvNydplu35Uc7MazzV3uPFzVNg9fX6/SATG40RATNoMTNSzRZZFNPqPZSs7MeVQRomMBU5EJhLzUVcmAMwcZ/Q7SQOxFDyRCk1CeJLXOYZ1JlqpTFWveVZER131Saai7L9137saBS3vf7/mWL3z6k5L7A/aRHt33/Z5vPbzOc3c30xM89ejJWcc6Rsl6ctMaeZudnqk7siU0H4Vda49iw3U6zDiq6GSMw+iGwUmKU/RxE2Ls4ti53DfF2sRTr/FmCy/eOR00JwAAAAAAAAAAAAAAAAAAAAA8blTKEJtSollR5MKv2mxMr7/nRTTViaeq+GS+sV2+lHK+WoMUnYk5LUxuE14xfYP6hpAV9eUE9uTNzLUcLltNuGI84vZtwJc0Qp0wRUmsWSLB+1T07DRYp0v1dIl5yAFDZl8iwTr94mS5Ol0cHfnFUdevun4ZerkiLcHryVVBTv3kYJ7s82HN4qrxhvPFSWKq2O4XdVxVjaA2FmNq0EjiaZMqu/fW58/fevmFV269sr6/4ZG6oFeX74QF6FieTshRR/ovhRy4Y7IUS9ZJLWZqjGqFs2N40553ZFetbKjJ5aF9IpS2rF1vJXMqUI/DZrMZNmmiD91MYlKmq/qk+LDMbE52HGLUuWTntIlK/d3lB6Zagcyad3oEhI75ciWEOgtRu4vZ0nJ46UvsqvyKig0K1wfOU5OFUgRfo8uuMJJAFFNpX4KQotdkHM9xTNeV5mc5iLWdupjYsYudSZabZE+XVsYV7YlxZQ/qWsNRzE6YfTSVliz1UxCPnWbUh4jnd5vEcMkVYw2duvPSfR4lScVdwHJ19K6vf/+nP/FbDuzj3e/7wHK1OrBC6hcv3B6Y3FwnRrlX6XT7MDfjbu4LnrLkcDZYqZTQBgTKfiYm4wvq/DTY7/QAp27peIibkTcbn7poHNInxKHn2MlHBt9AwYnWRMxOetFzUZ92lI6MZCUAAAAAAAAAAAAAAAAAAAAAHj8iRJB/tW7MZEX6XNXeykZQy4NcjnZqjaKb+Sr10B15ruV5cVVwqjjxzCVPxmdHBfMyMcuMHKyTw2hky+rvUF6wpyI/mBJaqsEJ1/K8y8VT3tJrUHHW2NsGda5vWsWpwQm7haOlik78pIGJZvqQ6p4n3eJab5E6/ZK6LnR9H7rOFCdUtDbRBB+m4MkVWKrlfHOC0RyTfEXWtjJ1QUpQld2YwEC+/J6lW2Yc6dhxIHc/bu6c3bt9/+4Ld27duncniqoh9L7zXRhKO8vaokQIXm5Qp2IUubpU7M0KjqyckWSmLUcZ6zd7lQL1AnNVu04V3dCeW0TOTcY5clrDuBnH9P9GsmK868hPuU9VceKrpmWS/ejs3BreFSkQ5x3nzB5d3WRPpllxNW1mEqnUyBmVjWT7kLKJ7vZKTift5c6DlKi9eun1pSeQ5fq4Uum3m6AyHuYcT2PJOCIoYZNHCWImMcTc09hkH/LE25EpUlaE8MxVxhXfCrsDzWl5e6a9y/k7ZJ4oojhJM1MziLBFH2hdrPIAbf1Y9TImL6F8jEh2dH3SnEpYeOQ7L96/9syxu5j3fdO3vvjcl1+5/bIDc64/8dR7Pvihw+t8+fZ6VxyW03ZS3y5BVS5H7bRav1jXNr1Sdq0S8n3Vp8hcifKabF1Ccp0GDdMZXRxTT+XN6CVPJ32iGpxwp7otzTZz1qNEdEKiAezTmMSiO7miDRcAAAAAAAAAAAAAAAAAAAAA4LXDCt0mHMn2E9kyxO2RO5TMGasu1ipkFQxUW4ry4nx+SZ6zr4HVk4Mlz4TQTWdBxVch16JbT4ty7OpWId81lsNvl/JNeWL6jskKYnK4cM5tpZhUsUrxMNEqvGoSAvuOXVbE6MVL5khUPYr3K98dd4tj368oLFxY+m7VCRY5U9pWvCXsUrSOXtUCIkWpl83z8ilnk4nGL2S3Njy/iK05XG6V0yQaOY53GxfXHO9tzl+498pLr7xyf3M+kpSWtRG8WmqQKWvE6USSdCRbR26YepyoACVYEk2N1WkbtxLsuua2InYfXHNDWmnF/uvSnmYaCsnTSeVpFtHJEIc4SliM5TFRjtDxrd/JVDEnqkfLdyXLfGZYq0W9uprgU3c4a1hPk4dI2VWUerpkSNnmnbsKWXVEvE+SUhuhKLDqGXCxXtEOG7MdkTSRGJxwmRjJngFdpKuxdULrVz6bzbA6lLDa1ei5NB4qVI5M3GizzPaETUZlqjPRTpGK1rzmYhG1ndI0Ppytk1qNkiq9smwsi05sjrPx5s6X7x0WnXT94jv+4B/6Jz/3d8/u33egcHRy+l1/4Pv6vj+82udeOm9+zTp62++3HvUcLtYsLtty+RNgz0nQSCdXRn/1hxKh2hDT0HO+5jGK707qqEOkOKShRfJ0OKaJPg2+pAZT6SEXyZu3QK+eXC9/Q0Tt5A8PigAAAAAAAAAAAAAAAAAAAACA1x6i0RWxSInuUMOC/at7M+YQ7QjnpJl5rXwSilDxn8i6B4mMEckC+U5kDEWxUGr98l3CErL0w9I4XA5q2HPuF2sVdrggeWd3PdJSJqlhiwTJuGKZkQ0hpMIe9Q38Zdcf98tri6OTxVJSdUK3WnTLRc7WKa1RJDNE8+katGMJO75oPyr1kq9UV20biMrlZuUEZ6+VwblzHu6en98+v/fy3Tu37tweUsE3+Gg6geDV20T/EzpVnXRiWqFWNOri4Vu5Sa1Ec6sMcvNmr5KiHYVKje04YFhgfVPkJuM4JOIgypP0P485nyirWGgLLoKbVjXSRurMnUvq+e6RfmytL4qM0XQrsZxhKpuPptTI4UsqOok7F7P3XtLMUYi27zhXZVK+tSqMyWIX56o7EDuzM8lLR8uIoroXV7QAxNllJ/3nPbts85KPwZTNbkrAU5F7VU2akyvzmkHlozkCxdzQjoPpSMxPpTzjWdrisvKoudtFm9PoWoKepC/d9/5X7pvKyV3M6ujkO37/9/3Tn/+Z1EMccK7vF9/1B7+vXy4Pr5Ya+Isvr5m3O2ZVllCTp1T8TMoP3h7Oyk5ne4pyw6U7Sm+RFcc4bsbz8/F8w8NAkqfDFEc/sjqd8IJTF+LOS4xOcF5TzchsftJw3GuaVxC7JfaXdAoAAAAAAAAAAAAAAAAAAAAAwOtFzrpxJRflQpUDl6q3SFW0pt4W/ahqRUgr264UBXPtX95b96SiE0ncSWVEewd+ChWZF/znLhizqvxWrXG7+Mjzeuil1Oq9L04QkjNEkuGQCqCqsOC6Yy3Yu875ZeiPw+K4X5z0qzRx1IWjbrHs+k4UJ8UvxrbVNpl0A0Uikd0CeBJw0BSLs3Vys8YwYtb0NH4S1Z/C0i0s9kWFBKOjczfeOT9/+e4rt87u3rl/7zyO4jej6UfiJBCCnqwPvsuik9Cpv0AxbhGtkJ22r83LPEmW3JYhx84t2NWdWA6HO3hvhlFUJqI4GdbidGI90LxZPGWXFkdbEhPaOWIOwqmiE3eQqdPVzhlzho7pO5hjc2v0xLKAxtQn3d6L2TOv3r76r589EvZ4xhqdk77T0YYhawXsgBKmo/9kXxPOG1qH1l2rZMRbKgoVuYzLWpmc+URtf+LiaKIiEuLclc0NxauQSV1JONQDFcuk3EfqiJBdbhxZClSWYOkZxmwvREU5ZV4p2rt1BDkfXv74y098wxPuINduPvEv/Wv/o1/66D+49eJz7s3Nk888+23f/b2XKk4Sv/r5u+t1lUbR7J86JOVoqvkyW96s5or9SbNCfkKKiZA8xo7TU3xvONvQMIjKhDmM0Uf2Iwd2HceO0pNDqjtxfRqTRGviTUCWupmMyDLh1DCLoTkBAAAAAAAAAAAAAAAAAAAA4LHTJGZQ5AudQ7JeIr/eziU5g6tmgOt6Vk42b4JalRShSUiQ14+GcJjThxovuFKZ3BIoVP+V9ueu6OQq10ntCW7tIJfM2RQnbBXzjqnTeroZn9RjiwsD86LvjsTgZLnqFif98rhfrLqwCH0n3iiuepyQWaeIjGAkVy0FsiJAoli8vMwvbiKWajP5CkwKkq27sH3qtojbaxG1ABf1w6iKhQ3xnc35S/duv3jnlVfu3b0/rMW4JGhwULo3nZiamGpADU7SVycJOyI6CWZ1Up1OTFDAjUkJF48aN9lvZKWNKgeqWUxeRjtCi5bJU0RjYjbjEC1aR0OCspCp3MY8UdjdVVXGsFbB6/6LFqrxbmj6c1YFzX1RiuhE/WP0hOryWL06ilCla+/lhezKcPY0h/pEiObFmSuJpAyN6f9odkOm2xL3FW4lJqbbKF4jNtPOL2YBlPnB2EFMKUJFYGXqk5ybI3KTHHljKhOXo5tEjOK1s5UH1PssW8nyGHvGy60qfiqmPrEz46I4oarHYu291nLy8Pz/2fvzeNm2rK4THWPOuVbE3uecmz2ZSTYkkJAJZNKDAoLSaIkKKmJDiWJRfOpRahVPbCiryoYqffhsQMsCBUSRpygWBSrSCCQiPUmfSZKQfX/J7t7T7CYi1ppzvDmaOdeKfc7Je0HhXsrxu3Fjrx07Yq25Znf+GN/4/e684dYDz7kRt4+QWDRsNh/7SZ/21je99rWv+Ln9fg//5WncbJ//wR/6rPd5fwzhEd98OZXX/vKFHB7NPTpitfqPK4E6V3cjvMoMMpklP3QrzOy0RDkfLufLHR2UOMm8yRaKhQ1yEm8wVF+pu87Azkq8+UaB9aLMjUFSrfSfjmjxb46duFwul8vlcrlcLpfL5XK5XC6Xy+VyuVyPvay6uyI87taq4GhFxP7V91Wugh2yAUKQArV8zFJamF4YAINSJmxlIJYLS0X6OH0GrdBd4MjL45FrqeuTrNv/CO8Hi/OpB5FxE5BHrYJykk4t4SItqSMpxO2wuTZuTxk32ZyMnK0zpJSipeqUokVz0nsAKksfNceMgoyDcKhNTKPlz2A3C1Gkgh6x3ce3AA11MccLISoKlbnkizw/fH773bdvn19eXM4HTkhKUZALFKwkBaFJohicMHTCgEkMChGgYQxBxrRnKvXByKs+XJFB5m6BikCsBqMlK93L+B5kXcIAABAASURBVMNgE47TyYpWdPykdpd5m2ABWoMmmr/xCNwJLeDR2pKBWkvu2dl9tpfOl7T2cKQOEyGN7Ti+dFrGoznSLAfth4FFfW01eKejLvUicnGsPaGnI83Q0WVE3UZCgak+j2w695Uq7Ig6jvDCDHqv/FtWzkSmKXtINBeSxp2QUFfNiYRNcXTDIOgEgPx6BBKpFUohWHlkyEmOet08eYy2sjdmY9oUV1KTngluv/7Wkz7oKfBIqiv12c/7gKc/63lv+MWff9PrXlXnEPyXoZSG57zvBzzvhS8ahuFRfuQVbzufi8Zw3duPqP9ubkKrqB1YQVoKE3X6TReXMlDm0VNmKlM57Mt8yPV52sVCDPRlgU7qhluIKROefpTYEgs0vytKmE5gd5P6nJH3TJ4tPA/rSnkEjySXy+VyuVwul8vlcrlcLpfL5XK5XC6Xy/XrIaIeeoGP4s1mY5Gl4mfVYrpiPyHhGFY2lAN2NwnARUWuUHK1nGMWChz5YsD6+/Wtco4rLOFK895Ta7u5xb3v4ujz1J1UuPW5hIAphIFwYLMTGIKGDlHUxpVcb2OM6XSzORnHbRgkUmeM6otR66uYm5kJaH1fnrpXCqkrxVzmqeRSu7CEMucwbqKYjtSPm0nMPdIqrrZ+VcFf0AZoGUBzsQsfyny+293aXT58fufs4nw3z3xezVkJQpxwUZcfKdabRuZOQrRCM2lOj0EDRUEhtVFoXMSqMzkKo7XCBkKwlWVE6D1yNIqbNOgk5yIeJw1zYjeYYB0pmRuArSAO98SMjq/V4KrVO8VUQ11u+ruof1y8TDTZpkiTimXrdNcRQWGgDiNqDwmRY6dKV40fGmPRbxXgaBW0V/S0Rp+InYkgHBKGxJ8WgxMhSLC1FKBNNp2sdq12pRbsZKZCZmrSrmmzk7SW3wwklLESdiQqACb4FUADVtSuSJ4tx2dpSjtb+xM1iiWsiBZYPgg9ZgpJw1SgLUsQmyC4fNOd06df2zx5C49CwzB8wIs/oj7e8eBb3v6WN57duT3td4f9vpQM/09R3S+GYTNsNtcfeMLTn/Xc93rv5/yKPv7224fXv/2igW2W97X82faXth+jDUlQ7oSaqw90vkldbXiZNIqrL5JMc92CDmXaUz7AdIjzXGdzKJQyDfWfBV7MlMTUhE2fevwagvy7IQyKuJ4oDhVWXBs8Mk3ocrlcLpfL5XK5XC6Xy+VyuVwul8vlcrl+rRW6hUcvf79H/KTVg6FbkkBpZ0DouSRCG2jxUDwzANRXw1AKrk9CuXpq7LVopGa5sPrrkuqybiOu41pEd5MNeAwlrP6+HCnFUIubzeaEv3VvlXc5ZxRIYcRwksZtHDYhjSEOMSa9Sa7fl1IWoxZmebi8XnDdbhQCh4S/KUyfZLnVyLTLABrQQmbjcS9sAtaASWu59bwYcoBALRy8QkiX83R2eXHrzp3bu8vzw24/TewjETQoh/N1EvuaJP6dbyVqCpKRIhL6s+q/Y16CVowBLLiQ3rpksmB7IXSsQr0R7u7/VZ5ONuqiGOyBfVrJqWqb1v4gd3s0tEI43TUfcLlkL5b3Cnn36WlNLS09x5xF5GCJR9LwHaR2j9oA6oYoCe9eR3jcfVymB4WwqNjS6FY4S/v5t2xuOXIFtaZY4TGw4o6sd81pqB8r/YSSHbXCX7RFHKNTzJYnUGiDatNUd4igLinqd2JeJAwEdGYH2/SU8+DxX4Rts0vj+v0NrEKZrtAMYQQy0hka61XY8+L8lbfSRw1xG+FR672e+ez6ANexzvflR19zS/ciBU741YXEWq1zvMcya4tHjGgMfVIYzdaNQmNU+FHmuUwHyhPkHeYcc8aSEzFxUh+RaJAgL95w5Rqcw8abkDKHbL0TpRUpWNt0RwZbhOByuVwul8vlcrlcLpfL5XK5XC6Xy+VyuR5rhQUYOM5MufebpRyMWoukQOYDogVwgRkYNEEObBGDE81nATU4kUI+1yblM/dmW9qX6sGCOdQnw9wyQANCHoXwrnrkMZ0gP6j0UqsSLmz3AaAPrapbOZVvICPbn4RNSNfH7WkaxxDZ5iQOEgGhRVDA0LCc5leCSzm3dG8ACRzCPGfKbL5wmKf6vKUyJD5bEQIhhHvf6f3un9RmgJ/ro9QxmIDO9rubZ2e3zu/Ug33JDJJEHhfxE2BTk8TGLpynow4DQpykBp1YbM2xm8kRbnKlVaiOG9h7D7B3dgtUAVp4g4Z8WFqNcB6ZOHfItJxZFXSChHsOK9xr3HuDsaUCyQzCKx46hY5UxOakH6uLQ/8EU0NmZdN8OohDpWTczE0jgfFHhoUItAJGYghUokgNF+mzci3N08X+3iEZBZjA2B7qVhPW3Xbj7U6XVWJ4SuljwLOKF6JklLSukEmrXibiRCJoCCiPwC8WLffLX5fwHWVElCPRmU0NXcC+H4DZqEAzetHRDkoO9L7XNqC+rH4qEnOFdZ0EgaCiuu6cveLmAx/xZAzOGvzqNRf6gVc/PGVab7WwJvKW35bVRBJnc3ymNTaoflckoMlcOBVrLmXm3W2aYM6Yp5DnWP/FKDOH6dSTZWIjKQwjxlHQlwgSo8MGJ7wLW9gTs359lhAugAyB25y4XC6Xy+VyuVwul8vlcrlcLpfL5XK5XI8LrexG6BE8Tqzu3eEPq3OrQ4JWLiOH6agthSAnPbeBsto5FEtioLuLmEooLKkNACvvEwD6T6sxNnuM1Sv91GxGEoSxwChldDV3oEbY8GFmB4gUwjaka2k8jcMG0yamIYSoX/nXhpOE1hhvsSZOlmtyfZ1CkuyaGUF9AfZTrdfmE6RN4hqsOmbgXYVVvNcxruwz1BKj9vKc57PD7uad2w+d3TrbXcy1EMywhLiycCE/KhciziYCmsQEinXAqueFO+jYx9pCZkFPuqUJHIXdXHFGuf+4kOImOUuYTu0GKJ3UaHYcmvARlgsd9yiGq+e88i49F/XUnQZAFHkvWzIY8mIOJ3qsKTdk/dsZJTbrCEsEEqtQtpkkxja1uan5jEC7ai3Hz52yMVuTWcaq4S3YYZKy9CxAD8Fqrj6Lx4ldAI1IaZYilNFOwOk8wVaVIjyCHBU1IxHSioESCTLhMj9fWi8a2vrWvg3iAqQeE2gwlsX0oCxrtPOpLYq2sg/8MhlwZYjUGinIS4DG14DMTfY+CeqbpLhB7cCzw51X3XzghU8C169WP/q6W+c75aFWNidwD8ugq5sP0Wr7LIZG2dtscRFNM4fp5JIn5lSmGWe2Nok01411oByFNakLDjPVDfR03Az1HwwqQkHxKk7sGdX8lYw74Wm8/rcJbSkQ3GWW5XK5XC6Xy+VyuVwul8vlcrlcLpfL5XK5HiMVhQqA7md0gs3BA/AoiCGy5QGnI4RgdWSOwhCDEq6li60JrcNKgCweZF3RXGfSrM6vTwu5QY8OPMH7xC7cowS+BLVIxghX2LnJVkyXEj5/oZ9glO/knwzj9WFzLW1OgsbrpMTV8uaG0swtrtIOWpbvl5S3cp4O0x643+8VdmBu4bCrbx5jUlTB6vh330C/kdUdlVUNuF7sYr9/+Path27fvHVxvs8HAo6xkJwSZk6GYRC7ipjiEIda6WWfgSDmKsHCd2xESrEL3ZM46VfvLAHcq//vHjixD+GmzvNcenwN6U1YhVmasbpEr49f7YMFzrnnDFm1p00pdiWhWS43N9wk56zzUz1O1h9XvgOXCWkeLdBYn7lkRSaogRTpsNv38dO7LXluGIpQV/XjM2BeLkQy/+RGA6qjCcGSOdP4lfXkbQNDYs8jzAeSgimB+ReJOpJ5iQZ1SS1f6CrFjoLmM2WS/CvsLFlnjYIcC5ZFCptZ8AosdinN1oRwBSb0VSZdQJ0fM9Ma80uS87CnDmnv1fWUZPpJrhGjWITSe2KGc+f157v9/mkveq86XcH1K1Eu9BNvvPP2m5lXu6iZR5FaGyn4hA3OWkv/0MG/tou3z8iveT7kqT72eZqZfisUcq6PCDQQJ5YNPCdDYpaIKbctb6BDVMxIQJOo8VkSSwbCHlmoU50BQeeZslo6BT1ex+VyuVwul8vlcrlcLpfL5XK5XC6Xy+V6HAj7d8ULWvH+ajG32SBojdHq+pqkw4kI6p6BFqzTohGKsBqEPU1kqWOalYK+U45gKVsfeWzAFa+Q+9EkCI9MORyfoXR7juZHYp4eoZBU3rWoqZVWqYNjPEnb68Pmxub0NI2bNJwIrBFI2ZBWbZev8fO39g0+kfCRUtrfwOAK+7I+YycpJXaAkWSKac5AlzRuhlp4NxcP7vO7A0WC3SZfo4htjCaczAJAXEyHh+/cfujWzYtpz+MaU+DEI87QYeJkZH+W+u4Ux2EY60gWdT3ggq+kI0lVWlAhszOg5nzReYOlSwnUggS7JwmsoCJNjaEFChGQRXxEJNRmsRiRdCBul1SXa58r+2KFcAMv7p4A0rxCfSrAvd6xTF1z06GpJ/pwko4d4PFcaoyH9W1/mS/X6vUKqtQzCehhhE79Yzrs59YJahFDjbNpp66nzGL5A7LImouJoF/tVvtE4hFv+Tu4Qmz6r40XaKcCpajM0UIOjGdR0EQq9wyaQBGvHi7waw8haCiWcAVS9WdwBUrfGDR1CbvVSruQ0jGNkEHhVZRTIYSFWJOTS5ZKHe1Sgk5v+UwdcYZ+jC+guh6mPBW57zpMM/863/qlOw+96+b7f8Lzh20C16PTxSH/0Ktv3r6gu5J0sIdpyWIz0o0W8KRxTqibpq1ckAmtE7QuIKrDlKf5cMj7Qz4ceLZQiZkGzsfh56FQKpiELxkQhzgMvL75X4iorB/7ZMl0RZ110qSg5J/tgI3xIvtnxaETl8vlcrlcLpfL5XK5XC6Xy+VyuVwul+uxFn/JXfNG0Nw97qrjsdeFlCWDlPws+ENwkxRCQsnk0Oplq0haxVqUW5qJvQvUTwE1rWFVx260woKLWC29cwz6KwEcZ7vgKiQCrCC5MC5SD9dEkoAti0V5F8uiEWpG7qcWSQOh3A9pHb2eKwZIMV0bNtfi5oHx5Imba9ci25wkoW649E6aL4FqDxK08r70FUjtndqX9LsZBLtt1A+NtfqKYa4V9TmDpMvMdAgJBPXBYjYREO7t88FIR/0kB5EMKQfcTeVs3t88v/Pw+a2z6ZLzXFJtKmp0TkpDTEngBBS7kyFG7gqUsQgWZaLVZFiluOhP63m8ywehcUItgMncViwuRp1eerCMDnnRFJuWa2OVbp0fPfZDe1J+p94CqPdaAFrcj0yFILNYulztO3rDtTHYpqLFvmQqtcOzXLv+L3xUQ0nEcqOhUnJDuWCb0toGAT3kahbQQy0QSJvE50j1CkcDZU+0fomJE2smaUQJtAFGw0m6wQtSafxJn/12TXtT0OktrWCmiKNzuMZfm6echzEfShbV0+nb5FmdLvpqEwcUw4uwVfqh8URoJI4RJ6s7WogYGztdS3ZvFKPyJWLowm0rYBE6BgTh0WSRAAAQAElEQVSxyQyUWZZlnRaHeTocDiC0Th0mXiQMOND+HXd+/rtf8YGf8P7XnnIdXI+kh84PP/CLt+YCV3OoGoek/wJA3/51jI1HtEmmH2ULE17aWexpSKgpytOhTPuSpzIdaJpwnkOdcqUkgkSlzq7IBzDyiPOHhgADUig5BEl3EsRMYtlIMBSD7fq2Ao3+M4+V3iwCl8vlcrlcLpfL5XK5XC6Xy+VyuVwul8v12Eq+aY7rCJurf7fslKiVSGLbE47y4GAYc1ToziQtbWQxiyi0KqO3smawb9UXJUZ6MR3tm/YGN6xIFbhP6xR36KXJ9p186i1ZMRBWbcVuWVHITBxAgh1qDRQHwoFPpE4ToGVX9jgZ0gObkwfS5onj6Y20GertiyuIVtkby6K1+FYqhXt+Dd8sHKSkW7hXiZkdDJGTfSIWDqPQGjAHHpX7REjg1ZNqIkzYzfnm/uLhO7dvXZxdHnYHvoTk6SS2hAghDGIvoM3sMTrEcSuCpWi9F1fEzvoqVxJnjtN2zC5BuZMWJlS0YsweCWT2CdrvYjKi8EcppZ9Ur4GW+wJilAOto2l9/40qUepEDHWKVs7jUc/IGSTbqShgVA/mIrwJX5gs8qldvzfDOoGsUUZ+GABEOuQKzRjrws0tvc/qa6leB44H7epQEvWTIjTiRPNw2qRHswnSkruBSwFgxQLxQVQ7E7XckZvWV7icz3MuiMEJhNLWOlmCVDw2FmrrycCaxqHhlfE2H6DFLKg1cAmaEk5KP8sbRkGhS1KKxo6JE1IW0xS7HkGWKKtcR0cGjKGTiVVmnZVqB2T9tTs7vPy7f+EZH/iMZ7/ovdPGLU/urf1Ufv6tZ697xw6UzApqIhSo4SYqvM/2CutFrsunSVa5RFFNh3l/qM9lniBPmDNmA00GorFuoBAGhKGOPiBjKFA4ywtQWT/ZeCC2fxQaggSheXCRbpfG69kGVajv7S6Xy+VyuVwul8vlcrlcLpfL5XK5XC6X67FUCwBRdsLcSqC9ZCiFeHNErhFyLVG+jh7VWkELgJb+QZqqQ820Qb0ROjXRqI/Vl+m7TwlokAIcgybQ0j5w3WBcH6s3h1Qvi7SBNAVC7gPbjeg9KJOiJf2iTg2GiUg3BIYQ9E74C/mqMcbtMFxLm2vjcC0OJylxPg2FFCBYU6hbtGBDLCwRAu4hanAFWo6FkBn1ikG6lAMnQICehrT0Hmnn1HQebDhC/UiM45znXZ5u7y5vnt956PbNy91+5ncFRUskYKe2u/6fgiYCib1L4NCdQYvIimusXWOumMrcNXNsmBC6SQ12ggFJw2QaFaKyGB2L1JGWENw1srguhwPesw10DMTkDivJ6AvvAHap0gN8sl59FqQhSyYRmHdLp5f6vS+338aZnxSR6TclP7IQLaTATTPkwYRH1JHlgVztRIJ+WVtP1J1O9JzNc8X+VJq7CVmj2qrllBxZhMoUcVJJUazEPFpqmT/pdCeADoy0ACu05uisxXa59ui90EaIVtkmvcG4ekMwFklnKo9oVNypvZU7TUwzBApSfoG7ki1oiqYdFYaDppznYjBRR2CCdfS7Xvvum2+59awPfsZT3+8p9QLgaqqz/JVvu3jVg2e59H022EYFizcRwL1iau5a8iSjJMNezNenZBCXpbKfyn5fpilQxpzrNlqX9UDCmtQDoBR44o1100RiY6zCdjdBBjKphRannXVerxiWCN3bRFc7GaVFKwcmdzpxuVwul8vlcrlcLpfL5XK5XC6Xy+VyuR5HIgudWQI9qBkdLOVkjpTh0qU5ZOi75CD3r8CrVUVLY7Ezrq+jQmNWuBZ65W1rexT9w3FToXMrq08F5T+WCqo5a+iX8lH9SKgZRiilwIQHMm4S1AmCqDMAQf56EtNpGk9jOoG0gZDEQiJG7gctgyoRE4J+7V5OXo7b29iEu2wuoOfy8Ff9udQaudxKPX+HOaCyYhKu3L6abXAmCcDFLMTJ2Z2HL+5c7g+TeJxE5lEsT6ceDsNG0RZFGGJMmrbRq/jwK9Rx/8PaNcRiZ+z2NYGG6Q/hkszdpNjtL7eE93BcuB/0ArRqQJ9qBC2USRmTQgKdZHHOyNq+ollLwcCU9UWVU9FD4aZAjVJasdtukHOZ2m1hmwOobiPCONW/JcpXOmtFaRy5trSHLJqwGAcZagQLgSVZUMp3sd+JYSeBbSHk8m1JRTOLMahKYnfqxC3JIngsMQeWMbcr4Kp5nYNZv2N1O0u3hebRAg0WwD6e2NxvVnYpYnHDfEkhyGw8w2RQyZP0b+EIHbOQaZCSnDBInJVyVPUgRDXFwLpo3vVL77795js3nnnj2tNOT590yklZ/6VqzvT2W/sHb+/e8i4Gz5p1SFuondq5azjt4Hhm9t/6WlZAqK4AxrbmXKb6mGGaU+ZInVhKqpvpDAloRByEFYoFB+FOUt10iGSnky0HZSApG+9l3Bgax0frFpFBd404gSvWOy6Xy+VyuVwul8vlcrlcLpfL5XK5XC6X6zGXVvBwVXbWwl/AbuGglcIVhEKtwi8MQdFTaKSO0Qz3uVgrf1qkDlltmgg65GJ1Urj7PFaFhlWDlzdwmZU6DrOqoa5qmFpt5xK3giZRrE2i0jIS9sPFbSqplk0LngBeD+laGq6F8SSkAdWGpJdHm3WAnhO7RYw8K/OCq87q7V7gAtLOks4GyUcxHxTtmau2Hu1eNN4lZ7ig+eb52cNnd25enF0c9lkdU5CJkyGNaRx05FIckuTsCGhhxejOoMCjVv/g8vvq42oqErjxpUMo+qLiJnoMgn1gm03UbvL+c+a+jaFeHzc7FfaOmXMu7dfS4IVGCfWeP+5VMiCpnRrUB0KMTDTao8Mt1kp1aoBlSrFrg86wdGS7IWzKPQr7YIY5PCA9ReToPRQaMwAGSckvDU/RhRIBbdbqUiWDiNCyeOwgrUN5lk7o87bxTWivNGKk93WniDSHSdwzeCD7afn1QJ1v4KNgfdR4H7GaYRCIHU1oJvuF+ZOSgV+dxSnH9oIQgzr/RI70EnOeaPNPD/RtMMPZWy7O33oJ4d3bJ2y2TzpJJyltYhpD3KaQ/p+JoUyZLg7z+T5fHvLZbn7XnemhOwcONhJzoxCaa5A9lk28BVmxri45si2yUFle4igkXQslzxPVXadMNM3lMMFcUh2yUtI8D1gSwYCU6u4JONZGiEUW77CBJFWH52FkrxNtFFE31AnmTwQNirLd4yiijZactOLUicvlcrlcLpfL5XK5XC6Xy+VyuVwul8v1+NASsKF1SKTmhNCcBAIjClL4DVwmLEqWmK0HtNJ1aDEgVscsDQgJrTauZfAVb9GYEqUBimWUKKNBj9BkPaCCmhrRb0QCVrT5AanzKFbz53Zn8ThhM4X6yUglknwPnxtKGk4CmRLSALBBOA3DjWFTH6eYNvxGaqVcCp22qC0PBOqpgt2BA46K/FYeP0IrDC6R41okVgsQrRNr0T20jm7kipEptQZcbyMTHTLdujx/1507ty/O9vNc6k1LfEVMVUNgOxN2POFSc+BjkpK0OA/o1SMZQIBi6pGv1KCxR3C0ljdYBPsbVgYnpHCGWobo7YChHLW/a/uyTBU5pyUjCXJzPL7Hbbj3TNCkDz2uTSpg9hiazMIYA5udGG5SGMzQhJY+YiuaQl4tfc4VshcVUxHiBO21jkpJQlGjjfptygxiK4gUANe00AIe9X4DZVkEH6G2SlBConptXRaiRdXIcVRDFTLLE53ymjYTCtuzoMwY+xMPR8FyBJPZkmxUjSw+WgZzQVz0JNg9UZjdkQVPnV9YVrtFYfHUQ20gyBbQsBZeUxydwwE68zzV/9SABrFZ32QhhLrPDN+mJEJFgWk0KCqkpOiJsBMB1wtJADK+5uFmOdw6B+4ParME1aEjt1QqTQGrl8+yNrOkhPEckumZxalnljSjWRxjiiw5mUmFbz8iRYnYShxRhbVZKfEBuyBhn9Zy7nZAwYg3yVRqDh660y54hzwVmyQWUsU9JOSWNZCbMec2saHtKDoXxMOnDY7Mp77hrpYt9v0E10tKm1OoAVB0xLfVqxYmhg51IcM88fOUYykx51RoqA+EEXknTRgHDOo4E83CR6Yumh9PX4PWwD435ZrUrk6NfRELKFpsTuTfkcY5ulwul8vlcrlcLpfL5XK5XC6Xy+VyuVyux1C9Dr3U/Rp8ghIbw44ZSgmEoJRFj70wteIzrEGE5uFwVJZvvhqAGFZWGQ14sReXMmgvMt676QBXbDbkM2hV8UVlOVctHRf53j5lJHV/4EeUEnVQ44ZS+HUM2xRP43CShtM0bmq5W3AArcbK7cHR8aopGhMhMRStzAy05jasL1oBODTupMcSQaMiuu1G6TYwXAHXKjkdcjnb7x4+O7uzu9gxccK0ieRWxCENMQyt6hwXQADWPXYlpOIqbqJtXrd8raMuLq0azgcyBtTtRfh3th5RBgVbZ/URWxxu7qEFaVj9uv4sGQZVmjSuRX1WSvsg0xjqSkMNeWqnkGQmgUsYHCptLMz4RNkS6N41QSmCsBpARrGKGXlkYRIYRjiGTvRS2I1WZKoVRUYaahUQejyUPBclXzRySdGQBFrCV2cemZG6wjTpR0N8GFooctqin0LCBnmRQTbmH4HG/JjDRG/ggqJhX4Bk6JaiDRq0hXfV/QnbwGggkfw/1xGhPNc5KuMzMbwgY8M2KaXNc/Y1aRiNsFKMnAzMggVjnVLq7jJHljvM5JRO1qAxJUUvz7MgS7wSQyEy6Yt0jPI2BWXoBZhi+CWAIl31dT2u+0HtTcHihF4KApoENg8KQ6xLDWMSBEbyx5r5ERyvLViZy6x3PvU1asue2hxvYEwjToT5sDVW/+eoquW8KGlfuuuGlc2UIB6w7i6A9ZhR49kIejyV7HFFl72wNzxiNM95mqDM0o+5jmSY55hLnWCJoZMy5MJ5OgDywAFrx6CydnJNI04iGiBls0k3tM7g2E/tt7Z9kgJrsjm2lspCgQIOnbhcLpfL5XK5XC6Xy+VyuVwul8vlcrlcj7HEm4P0S/FBrAGkBB4ysfGGeZxIPZWsiMqVXAtLaTYSUg6OKxpAi55W+tQgl1ovrZVa9dRo9gi99NrqsMfESXtxxRncVWPUCvVxcdcK5HpCbqSVe2uRUpwC6gtlhpID8wQhApt+BK49F7YuEF+JMeDpZjhNm2vj5jQNm1rqlndGLctrWooadhgtoJSNAQqtaCr4Race1qyGogYr+OPIfwDWFikGBxRzyeBki9qGGWA/Txe7i5tnd27vzufafvaAiHrKGGtpflDfiXqspXAxiIgE3c4CG3SCV+xMlq5srMmSdhLClSGgu4RiWiNBHOLHIOVwpUBwFfShSII2hu5jbHMX3HKVVlH7B8ggnAnntKjfSTNBseSmNiVagAcu5f1OVoBYXZDBHY2CaHVxNFaGe7JeRfuhzutl9KxwbxdOq4J/oyGEbrGiv5wttrbJTCKxG29XaAAAEABJREFUYimCjIgtiwEoJTTyRUNzFCuQyBIkW7zIRAIWHVKtzwelX2S+KgGTrbG6mqG9WdcuNmsJYqxGukCHpkE3ZGOP2i2hXr4PP48CD7s4IBUZCvYg4sgcYYCm+nOmJeioz3GzNiEzfaltGThPJ0Y25+FgnYEToYranHC3BO6Y3Dwu1FtID8oyL5TMEtZEm84QSRBYY7HIkRUV1DykPTNocgj1zdyV7VmykqJslIHtTDTgR1yCQqyrbkzSUQGaHY5BPIhmagI6AiukpP8iE7TjHnZP1O5Od5B6L+LbQz2bamH9oG2mQSO1+ooVbgfa7LSlfg+uqyNdRAv5ZnO0oCAnZZrKdMiHPVublLpRZiyU6nZZ5lRgmDVSBxPRADQgGyoN/C8GN8fmLfN9fPWoqT+6KqgEnWPdsAgWyxcbye6hZGZPqCCMtIvIoROXy+VyuVwul8vlcrlcLpfL5XK5XC6X67GWFJztsJZqudQbBmYTuLCssRYtvqbValvVWKvftLbAIFrcFMTEIICVxLmKbF/sb2+w557f0UMXjrkL+6I8HTkErIuNwjSsTUG6b4O5XEhhXcwUSDxOSuGyKRWu2ks1n10VtARfq9u1nBridhhPN9trcTgZ0ukwjHwnhZEOktgM40a4th3FYyCI84Olsay4k3Y7tBAn2OialayCTKsaa/vqfylLHVuCL9hKIwecSr6zu7x5dufOxfku12IwASfpcEYJ2zAETf0IGqkTpFKvPgMGOYR0XP0vV3Cf1QzB9TPeDQYhll4Nb2XiWiWf86TGFm0UNTvmCCKRyrSaqWiF3RilHuDSfGKslbAuQ6/EJhqZfTRymVo71wY8vZ+L9oJOG+tpG03hpDAarbSMjfw1LJO2YVR6s0Fq4FkaWqKQR7pQUug+PYYNqaGKLgh+Kej9y2/6nkgW0aQhT6FPHvs494u4DhV7pbRuErQKuxkMdZ+SFZiwNiUhCI31ip1BEbqs4UX2vg5GYYMl+iTukTxFrl6ENWleM4KmiT+HgEBZcmIIVqtYnxuZxn3MbiFsbcIZOoknrpqJMCclq07HdB3mpC4m1sd8rKsE1QIjzGIQJOMBjeMobTRI83Tm2m0BZvk1Iz8OyC5IRbJ1JEZHpkzt9yjECQf+JJCQKkuLaRgPLluPdXIjTuQOGz5m3UtIpYWTtamt8AyZP1K3lOKe7c+r/dcYKCGjQp+0HZKidu0GFwUwc5ClA6H5+agxjTS4yEqRy9Whm5k4KYf6mGCakHdPYsQkz4mgPkaCgXCoMx6kn9Q2CrjDUDAr8XEindXBnE64bcI2ga0JIrzPBtQni4yvbpSaoXUvhsblcrlcLpfL5XK5XC6Xy+VyuVwul8vlcv36qpeprXipfgIGF4TlS/Jc4ivtC/gAx7Es9iX/VuhecQnq6GDVT3tvr2eD5Tro6/do1V1wxv1uwowj2odbQoM+xGADNFCjcD25WNpD4q/fl0ABzS+BavG03vMYwuk4nMS4TWkT0sg15o5c2DXsJtFoEuk1RTfETsVAEWhldlj1FVh1l1rHLH115Z2NjcCFvKjF+wPRPJfzw/7m+dnNy7PLaZ9rlT0sREBQMwaGThKPZxyEq1lcTJbbaP4l9zMauU9305WPNDsWNDeGWhOeOUMli0GDdtAaNsGFwTlqRm8aHqEpjS9pB/3qSjjMzDhAaU4qvWR/V5dyNIrBI9pTvXgPYvbBit22xGZtYzBaRBOqS40V6cUoSE9SlI3SOJBSUkNG9BMgYU7YXiEw1xUGTVBdKICCMVBSoZdB6zgWLnkpBlkE6IhXn25gtI4chZV/jsa3hBJWNImBLH0UdB7rDYfG+zSDDtJwEwOqikSw5CLECbuVzHUY8pzV48QIpHowA7HzjAWiNOJED/QG2aHD3JSEiRITESGmokyHepDauFozZS8KykvkxsAV6d+iqIahO9wInhlkGxdZ6hPYZOLNABk3QciBvYOKxutE9jthaw5mXpgy4dmhpiacNBZazJgQe6Gt0jbfcFn1bXzaKBxN6eZjY4tn2bCAk3SMBeldmakvAhC7IdRtN6j9jA4cNieiNvH1pyb+kA1pb+yK3hLoRCYx+9PwAuZLThMP5jTV/YamCec5ZHY3iYVGwEGeE8BYYOT9lCN1lCJRh6woGB4qPtXIxfYPBYY2DSXSiMIa8xLvLAmVghVxpgFjFnJUtdpAXC6Xy+VyuVwul8vlcrlcLpfL5XK5XC7XYyezoGCHAa1CozAY9RXSDJla72vRDr1GT6sKaSuthnasphpalbUq/bp62C5rFcNWiux/WLdr9dbFrGJllgCtimrhHNyuxgoUcc5QewUJrMiz+GlwsTLxu/kb+2FFdvD383NJGBk3CWkT0zbF01FtTjChlndRcjjkhoNWTvUr+mxLwTYkbJIAFrlD9+5tQPNboLjGTXB9+4vCcudMnHD5Gc8P+1uX57cuL84O+1oYDsIXMGCSBmKwIqU4xDikMDCBwg4o0sJg3An2SA07McGj43t64XttagIN/lAPhmma5jyhGDN0mmStFkwjRggrc5dlmOnengfUw1mOpUEbAOqsAzof7rop6hYQYAgHrsgADGYCg3QXA2RlfTBrD4FVSsNPjE4hsgid5vNRUrR8KYMdFOMIBoiwo4hE6mAUGoB9gUhDa6RmD/YRHS7iwTNCQaiYZQm0PKdiWAaaRw7qOtZ7az0al461jg7KfbR+EbeeNkv4lvT6/Pcixh9qiiETnWZx4dGRn3KemTJhAkjRi8JJNrlFX/EZY52AtuRw4A0nGo3EU5bNeDp5oH4YoCYZelfFOCNuQj0uipNJHpJk5hTdpsB8ZjghjDEaxmyYobCNiFusFib1nVlW7YTcylzfFoQ/Q+FLoiAw8szmT6kljVnP60Qgm1/BqDB1PGnQG91jNS9ruUDrzUbw6ZQtYOE5gsoU2cUabAJt6TKTwehJXNaMgm/LrrpcWif6Yii1er2t5t4oXU6zRCHN82HPu83M0VWxzLI5wihuOAPACLhBZI8TJA7WaZlZQhKh7I3qvlJCw8mCXEv9s7rzzIqYWh3RwthQW9D1DFnIR4FiQI2cwOVyuVwul8vlcrlcLpfL5XK5XC6Xy+VyPaYiKQJzETwkrghzNVMq3lwwpKtcgtVIoRsiYLNC6dyJls3bd/ytFK5OC3gU0bIURlvt1k6OeIyUrGqlCOu36k+rVJIWlgkbEmHBFGBF3IyaZSE1cwAIlkZimQ1q4xAKjAOeDuOY0oi4icMmDYlrzjAkjtVQo43AFgd8LjU4QWuzoidIFtCCcIxT4JJ0QgD3KkmvVNpbO5TB95BpKnSYD3cuzm9dnF3s93Ntw8DGDOJtEmOKan+Q4jDEWikXX4YonAJjCUd5FHTkVXPfxmjLu8tCL4CvysIgoIVEqrALC5ucdHMWuX7sQ98r48rBcJMorNmUKzgLtPgbvZZap+jloNXNxUijAxrBatTq5RF6XwbhMsK6GXbcDTio+4ocXdf6Z5nzEn5knEAhRRms1Zk6dDL0+BmyZxRjh2AhTHYsQVYy/YQ+CLJWrE6viTJ6YLYYSq6YV4XZkDRORh1NrPXF3Hh67EpfissEsNgnDa+h5r3T3hDYW0ImNLCRTJsAPNASljMXo0wyO50IDAAw0wzGGLTVrj1mwBFPyUGmahWH1Vhfo1I1pawnZbOGWWYaq95ZJrU5YacYxk1kp2G2RGCGwrtA3cyiYnLMqKjdilibiLUGoyez0Cez9GMJguQEjaYa4hDZ4KT2CyMSEGKw/iIztmmuPI2saz44DaEotsO0lwiODIVskkObYUaZEDR2bnmx6C62Xp+GcCy923gqndqr7bJtRO2/jnTo60pNke1I4lAzZ3GoOQB7nByYOCk55BypJKCN2JmkwB4nY6aR04csUsccelor5EKlR0Rpzk7f92UXlYE0kotgzcSg2QfpVq29XrSZBbIsfXXlamySy+VyuVwul8vlcrlcLpfL5XK5XC6Xy+V6zNS8J6wYv/6muR6s30zLG5bgDoBW9JQXANRZQf8aoXk04CrqQw8WC4TeGLv28iLeg864mg5xZNlhGUAKBMxg3gFSw2QqhbM22M2A9G6ENODSsIR8lLJJw43N9vo4ng7pNI3XhnEbUyRc7CSkrBq121pECVf2CZuVQqvmNkuWdi+LyQEotAAAHUvAq3xNwKOydJGbOUC+zIebF2e3Ls7PLndTbU+MtYyfxqhODFxED2zKEs25Yynb28mp9ahkXCjvQ42LMBbmuLs7PLCiTMyhxCri8jQbdAKWpaKdczQ9LMNpeVEJCiUw6JiCgSPOgDRQYyX9a+9cyfU4yg/C1nWaEoWNIrGquBoyBDX5WM0jnSdcIe/YT8E2/mZwoZ82exU0FqGhBVkYjHqYhtInsbWGP6fDrlFUXH5n1MEAEVRiSwGT3knqiCFmJXpXWAzLMiuite9Ju6D4rgSwflV6JYaQS+8jBYJ0bOw+2u1FUCxAFtpc6odI70qhGgZ/+A5bqk59Vi8kVO8NPqGdmWQi8tqSBojFRZTonMQoUqjPfO+1r4OGCxnpU9p4CIhBQZEOGTLle7KiMASz4ibm9gEGa/DUInsP3x7mqDdQKIYsUyEHjtQR3ETJEuT4HEa1InC7OFVHEDxqliWWqdQnKUIjI2A1iexnxEaf9fUDxzNcw3UE1LHFpKCcTncN1ukuTStLD1tDHTSSaRFagJaZwwAc0UU2kZSP0SgdMFuoxVdlnvM058NcD/jlMuOcQ6k9V4Z65lw2BAOUgQE33ACdBEh13GQHYYaLxMmGu1a6nImT3gLxyLE1xKiQ9pN48WgzYOmiok+2EBU3Yais7s+2hJJgdQKzhQgul8vlcrlcLpfL5XK5XC6Xy+VyuVwul+sxVRCtXCKwcQ9FYyr0F6lSBiUPrHbY6t5KrdjptLpfi4y1GkhGtMBRAXRVn21xGksVXH4LeHcz12V1Wkcw2FWhlVIlUocfXM/MbHDCt8EBEfw9/Fyw1IOQsBEnKHfNyTNlCHEzDqfj5iQN19O2HpymMbFrSIxsSZGxBIlMkQK55ZOoMwU28w/tHwUISrvZzjqAYhryp9VNKheArfOMfgCDGor4TyAdSj6fD7d25+86u3PJqTrEZVf2Y+DsD3ONYD4mDMOGI3UkmEfABvWb6ZiDFYBD69OrTVkZzeCqHNy6XJEdcTeRCvFcpUACwyBthrADQuqIiRAHoN4EKwyHhDmxPiptPpGEIilnItRQUIMT6BQOrPxypMJNPdyjd3hrstIugXEFWkwYrB3a0s4OtNkv5e52oU5lgH0eO3AiBg6MInFnZkVwJDildkNKffI205R2oCgQtywa9hEWu5WF+6E+QAgLZWLcgPacdZm2NbT7pqCLyPAtY6OALxftREqfyKtBY356GBAEhYeKhqxw1/PxxKkrbG3C8EYu3XkmN0JNwIMchWGL3ARGS7CNOWc/Kd5Gyh4FI2f4wrEYJ8ZxORjFMxUAABAASURBVDLsWBrNAYIp9JssusEIl8BvQ13r9VM6UBwDpNSDjCEvtaxZNexrEguH6VDmJc98FqS6XBJGcQQSykStgTAs02Nxj4Fl91rzUev9C4/oH1pehnvsaivEhCwMrOgmVprTCdFVP6LmJaKzWixYglgvyTLXxVaMGLq3eO03YxWZsmpVc5jLNOVprv0VuU9LEiKq7oADUSQcCQZJJouFhvoiGkukHjFMGCl0EvqNS+qX8V7L5iZEUDjuBk2YsslqjjK134sZyxDnKUWx4glx4LAjGaqI9+pVl8vlcrlcLpfL5XK5XC6Xy+VyuVwul8v166mU0poIsRgGgCM3kZbw0WqMpZlMiE/ECiPQ8njAljfTyAD7W6vO9sL/6rKLg8pxsRSP6rWkWEJPsdBIkHYKBU/0C/xcuubyspRzayFakQDxmGDnAP1w5lJ1sHroEIfTcTzZjNtxc7LZbNMQufwcE7uJiBOClKLB6BwpuS6giBkfrG7ZCsAAd90PhKUevfJNgM74NK8H4NJ5rfiGucDlNN28OLt5fud8dzHVdgeplQsnpBE2sVX1h4ELwsXsM1aEh3EmuFzxWHSvl4/sQ8yMoChvoITAXPI0TeqWIO8K1PwslttfPE5WQ9k6op+/nQQ0qUfyPqgI7dAaYD+PWtgbiQuSFBsIFdotB1gzJ2Yb0odO05Ha30nq8iv/ClFEK/lnvagU7HW9zBKxw28vOkchjccdTdRYE14gDT8hzSXBVa9YZIihSkWzZyQ2pnExuO41sF+C9cCKMun91XpJDUiUEGEmQNxe5K0FNGZKaKcZBC7hEeawJOn+OhicvKKuJ6D2HHzzMuB8XvXW4V8Z5GAnCsa11I9Cu085jrY4gjqw1EvOQlwwLCI2RVmRF/X+EM6ADKhAjf4qlCWiRdETXtFqf6K8GfuaqNMLhCyISWnYSuE0IzTcpAFbceSFxBlUwforYNQmLtzRMmsX6uRuqAPvXlLN8YjaTMPlo5b7Vfta1pRBJwCdNil9GO3Z9g6lt0DhHXEasQPEPvJ0dxvbbg56RckcyvM0l3kqnNw10VQwl8iRT7ULarfycaLCuAlBnc9KnySoQwwJxMMG2sXFLIZq3yO2vaYYSqWRVwZLaTcc9Zr+86KUoAyiWb1kmRIyBVDTtBhk4gkVDFu5L1jjcrlcLpfL5XK5XC6Xy+VyuVwul8vlcrl+nVQreJZKIUVO0nSDJa+Gn7HBCqhxHVbMDkpVANgfoRW2NdijvQBwzF6sK8/Li6smLTYPAC2AhvpZ+nf/O3di3+pXAoCr5bPWnynPlq0jNXP9jFp1qC1CrehHDPV9tfq+2WxPx+2YxjGlzTBshnETB/6ef7AIloiwrnFiLz/T1fKz+kt0SKe9uPiytDvC9R32zwJK6bxZHUwc5JLPp/3t3fnt87OL3a4ETHFgc5OUhjTwb2LUwFSESIvABsgcMTlXa7R4jzJ5D4oBhXtKKYaDtFwbdkYQw4vcnC/Y70JYJMlX4dJwsNiPYESIJetAi/iwNtEqS8nCbYDUY4dPOmdmTrINW2i6K8wEpN69fgEseYNIA3Ta1O1xNEIhwDriiaxW37NH4Ai36YNGXHnXnuE+4XZyY2fhTfgl8Z2IKdFxib3xH72JodtW2N+xzYZ2NaVJbPbTFbikRfYYnxRtNpbeUGycQrsFw1nY/6NNXb0fzUmaLbUIdFDnbOuJ71FuNqsNh3Bf4mgyoHglcbgTvyI+IUApaj6NkFrKHtlcQ5nV2G5WwlaoESxFwRFJw1GzmzbIs/oHtTAYSaQh6RF5BQVVUcsTZDqhSEBR5qAXvtmZ/86dTak2Dhk0iQFiYmuTIXJajMAx2hWw9P9iNbNoQejuAW3dW+JOgx1V6ZFZNs9BWAvdfUFpMwVQoHFryrI1tkpGVZghQFwDWLhMriCbUFkv7+YmosuLt0XGXeY57/dlmuox5hwz1UUzEMRSooxTKjQQjVCfcQCs412nfuLd0Db/xrno1GUSBI1GpD5zjzsDwhXmRPktY4OUOtKooSzDrdlW8u9NUEuXGOTMdI8NzeVyuVwul8vlcrlcLpfL5XK5XC6Xy+Vy/bqrgxMdc6AFOjF3CrpCJ2AzWOA/aSVQX1a8oDktrCueqzNgeA8tOXoBrXi++ogBEGA2FKhVaAvb4OK5upvURy01s9GBYQSCAjAOQ1LRJAZpotRua0UdU9ymNKY4xvoYxpCGlGoNPUrYC4rZglIIsKJptIwrX8VffYkfoAElix8FXY3IEBaCW2+IT8ClfqrxNUo1zLUOG+L5YXfr4vzm+dnZbrev9WJk4GQcRmZjGDoxHkahk8SwA0ruD2eItLCWAo9OdPRO8cAo1sgsrAmwDUnW44Zc2BuUawhCIQRo3hfWXc39ZnWpxlA06EReYbiBL8EJLpnM7gLaVGxnO5oP+lfzBwmoZidxBTY1A4tgpA92Owk7UUNSLOqjM1f29qVzjHBCZS+4aD9PeS6a4FIyO2kAjDGN45juLrmj+lQ0zqjPJnNdgeVaOjNWH+RuWHATufOAC73RP4nd1kRwELuL9rr6+mgPiBNQ4Qo/CGKiY8mgD49ofcmSTfQU8qnI+SnAK4PEzobPxmMdUaETEO4EJPrE4l/E3QU1dUjQFlQrImEM6gBjsfwUZWxQ8plQ8JE2HPyXoEu46NrhOBcBNLrBCdJc13qQsxl9wh3EpibMR0j8S23KIHk6KWowDbc9RTNLwoULu2s0fmVaj3o/od2LblWgu0ZptI/NKsVQ7j6hAmXmSdOWAWkuErbpIpvI2jYIEI/9RXRLsQ2+zJnDdA6HcpggzyGXWDhPJ1Hd9djahF2TiBGTAXBEHICGOvScpAMy3KEg9Sln+30PaDIkCleQzf37kxaYq/C2rVRMnRtsRhNTDMSjr1lNck88oDy+stmDy+VyuVwul8vlcrlcLpfL5XK5XC6Xy+V6TKX5BZpmopEFq+/6I6p/Ai7lcaljB7P5aIEZqOV8++57PLazMGGwgvFxDXLtHXJVUpzG3lDFFEgZCAsbIf0TUyZcPJ/5QVO9IeSDWcrsXP+sJcpakJaqLWc+iMdELUhz5k6EMGLkWjTgJqVNTGNKiXkU/kp9MusORMnkabADrRxKWjPgbpgGj+9xuUWtnurHcQWldDinDkYGRmYu5v3D53du3rlzvtvt8lz/zlzJMPCDgybYkSCZoYgk7DCbEK5aANDdA3Kveu2qsb1Q3m1OlEnox80RpdXnpTIuxEkUN5IgPwIsPIqdEBrkgeZYo1yBUgRsriE2KjyoDArEaEka0s9ad4/YfB3McgEkrwZ1dmK7t/aLKUAoZElRBRtQQbTyzpG2NeqqOUuAcA3W2N6fSm2I3Usu7KrBWE5twSbFk824Ycecdb/aqureGT1uxfxI1MSnjQCtPgMrjKTd1XLShcRp7jQo3R2WUWzcTKNwLNJIuax5njhbpcz8v8FE8iTzO0Sd/UGNJnQDEMZMn2W8jYZg1yBO0oEeuANCnAQ1y9GkJOAxUGcPEL6E83GMRiKNtTHihMhAr2KDYkQGQTNeAo7LUd6M1zrihOLgwR8PkhDDpiZhiLIikKmFIdaGMCQT2/6lgUPafYWO+J1H0j2W9X3euFopC92nYUJiHNTAE7VjOjp3MzcJfatdwJM1xdV9b+zXQGpqsqxQ3uxQcoxk865DvJ9omkKueyWl2t2FhlIGKIlwUzcSZaSIWZMGnchqy6QpUUF5PN3zSfd+srAmw12E1wOE1VpT+6Q11WW3rvlKzeaoTkfF11LdmUmiwthPp26KhfdtZGLwMJWDQycul8vlcrlcLpfL5XK5XC6Xy+VyuVwu12MtTUwp9gX7ojX3VgbXEINW7FS4hKt8WvpX2sSOglY9F2eLu4S98N1pjaVWfo+3y5+MA5BjtdlAMwQgNL8Krv1zko7anNQ6pHAnKDVMtjuw0iffGJtvGLrA9e1a3q7PJ2m4Nm5OYtqm4TSNJxKsw8XqWuZELavX2qvYChA0/4DSGrnia4hgnXZhN2F3vUrVWN8lrUuwms6C4pAxS5F4Irh1eX7r/Px8d3mYuSRdmzHEVJvHcTLEASKcpwNkxX9otjSapCG0R2vJcmFqqTKS+4FHzW3GIZ010ZowW3pMU33WtB0dC/2Q1u2NNAhGnCRFT0KwUcPOciy9obRJs9dZ1+PFyUYUcWWFIkyBvghLgJG6aoAxLwpdNIMW61ard3dHGcK1j0e7dFEHnRZ6ol2g0UBKP+mJhDfJkgciIwZZYJI602AIOKZhW6dQqlOoz3OyaBzsC0BNgmAFvtgAFIsgQlygkwag2Ng0M4yOm/TR0vwUeS5iaYKraj9ZiT9z0+dpPkyHwzzZ6smTYj7Y03O0P0HGU+gRgU60N0KdfykIsqGeJtycuGqVkgjSK0UfpJCSxLrIr8UQBLIBli7Khq1puozNDh0tsL7jMJ2i3BuDRjOUiQO1iB2OgqS01Jcj1CWMkp4jbY11lYBSURwOg7TqQFpsnbo3zaNAGRZW5RH/srby4Pilhlnkxp0UM/doG60Mge6kxTKLtH1B4b6ru6u9gnTcfj6zgV6SgaUIT6n7SL3yYYZ5ZuIk50Al5RxL2RBsg8zcnAeh8qLQJ4OEVEWBgkJCzdApuqHqDDQsrANzLfzmim2S9oRkA6nrSumcDYUCqPlu8hYOP4pp0IimOoAgUUl1IsxCHtZL3pkO53kCl8vlcrlcLpfL5XK5XC6Xy+VyuVwul8v1mKocmY9ITZkZhsWBQV60EBLoX7y3PB0rMKulQcMb9G33tP04OsBWlV99w38lYwLUnKLIl/a1YisleC3ZSg2X+RISm5M8EU31IACHNATQsA0uxgYlZay+HGtdusy0Cekkpevj5gknJzfGbX2cDuOIccCY+Jv8oFANF9yDRn4UvcGwckQwHgEWriMiEtzX0GVFnViJX89ZjIYQgxOgaZ4P83x+2N+8uDjf7fbTXO8zcnzOUP+vRfTER7WmHjU1ZsUg3PXL1X4VibNGEEeEji4oEAIt0GOeZ43R4dCVdkxWFgZYcj9QjwVBkNSSqIErWp0OvQjebr95qFiqigxz0dSRQmZG0vpXQIlgVXXs8w+g+9aUgGq/A40ugvZXbaVFfVjaxypwxIxy2BHHiBaw/xoDwnkvHBoDxSAo6wHxYplpLmUKMtr1PXU8tkPaxmEbI0Mnqz4vi1sJ3Q9oKPf8VeATi5pZry8jffp/bTkR208ILyBDSWBtLRqjI+RBrotnOghvws45ZAYUQn+QzPWgyUhiNaHUg9iDRAl0kR/CpAVcIxCaOpRhAXjAcpeMNSGlCsTLRPEh3V90/JigatyCLQYI4qUhKAlgZiILZpQ8Hb4Q7xr8Ky/nyNkwkXmkxHAEcwp1aUAUVIYPEJoZBxj3ZGOtTdd59ivzzXhU77bFotOLjPBTmxOh5Gy2MQSl46drVz2CxH5JDXxKUPrElqsyRoulDbVZbQE9wnwIfSRKoEAeAAAQAElEQVTWQfPEWBFb8vCDZsI8h3nGkkPJqZRY8giwjbhBSrVHObMLo1iZ1K0wCaDH8B0KlNjmnP4TQbhMVG2M0E5ikbTuo0b6QCOKlC1rLFrJtieIK82YYt3dYlx9ludMjiEj7ufpYj/f2l2czQdwuVwul8vlcrlcLpfL5XK5XC6Xy+VyuVyPrejKL7UGGBsIgRrmQQsngvqF+8U/QxMxxGgCwAJxEI8xC3vrexAe2QKwyvrTmsah3hDmc8I/Z6moEkMataSbZ6IJ80FSdbIgD/xl/CDuJlYdl2qofEk/RCrbYbgxnDzx9NoTxtPr4+baMG7DsAlp5CQOzeQAyQoioU+EfdAC8cqDAo/uTJNgGuNw7zuFtcFGu0Mr1DI+g1jv5HI+7A6H88P+4vJiL4BAHIdxHCM7EQxsdhLZayKqH4cyAgoAgTFD8B66+0qroXtpQIsw4qq4WJvUp9zSP46avWZNsDvhYP+132bzP5C8Dz3SRBakRsCIaQgtMTuNNpBmCsCiXg8E7d74JQmAwTauzBXpRXFVfIdlPPqNsq9Pg0+01l8s2MNq23aXaI3Oc7FXGsJBRWdekYgRLobXQbm+GU7G7QbDGOvBmO4585Gu9nvP2VlWgaXwNM8Tu2eN01lRTmApV0rvaJ8K7dHQBo1syXnOigzlOqBgL87QQAFzMVHMBCV5po1mHcqENrqBmacOGVFD0qwnNeaGO0uIpqIDWXi5NYKEB6nIuIpJhg1mkg5XBMEYFTOBCWZGI0gMZ+ggZYQ51GdGW4rsTewvEyPWtcC+JmK0kwIZLca/Kj9HHXDr/jE2Q2lxsQkG4BzpbrKkLeErK+guYsVmMzXLHVtVMnOKMig65xQCW4Cq2u/RgL7VWPSjpf1kzbOZbCZQ0pezhpDxtsjRSVMu86HOAphL3V2YIKFiBif1mTN0cAiwQRxRKBMBXYLBevVXTt/RfwrMe4bZo3jUIQCw2vfNdGfpC6OuGoHUPF80TwcW65nIhE0dT6bqCC18h0moEKYyT0Q7ynemw+395a3d5YVDJy6Xy+VyuVwul8vlcrlcLpfL5XK5XC7XY66WY2LHrfqN3cUEFvcMfuJ6aIAFOmkfNp8MaH+6vw1Ar5gvZVpFHshsU+DYhqDlkEiKhoZRZK3gEpe4OTCCvyZfZuRsnQlLRszibFCC5ne0YA5sFhFcSI3xNA43tic3xpMbaTwNg0InbCTCxXbGTeR2qPlTELZ6eIMYsJeamz+HVl3tQkc3fZfviHwEybJm+DQM0SBMJR9Kvpyn82l3vt/vpkP9O1ucJAFNQhjE3cR8RCQrJEj8yapz8T5D3b1GOjViHIOSQgr0qDhPZ2ZagawDaMmgWd1UpxNCt7+QAxvcfsVeKyfoxfGOerSZIGYYkn6k79fEHC5wC6KgQA+yK0yRmUfahNBAJ1wnNi1TejWPFNzgYrpacrAbh3qXaHv6QtCR1Jo4SN7PuhNy/Y/JmKLTK0E4HdJpjCehVu3r8Xi6OVmcTpaJQI0dAbIF0/ofWuhLgzHUzqItQbzHNDJswnAKI23qJ+v9yLiV+lTEEYixk6xGIUI2UfOTkYkVBSth3IQ9dOqvhY1q2vpvuwCI90YDTSSqyBaqxuhoUhfTQmpDItE5xiiU7h1TdM1I0JXexWywDfMoZeGUzIJJeCTmzeqCFpZMu5xzXzAGElAGhFDAyAEwQe7G+ClUuyLo1NHKwmYF7lhnQv/Llc3rCCqD96SFsbA5LUlR7feipiO52NwrRjn1ACqw6Rw6gAJ9I+4xRFcbscLBCBvHokljhaOU8lxnQ13NkGecC2aKhR+hUCIaORWJEsKYwkD1FawvMsxW/yrOTgqdMHNCkoqz+GJhD1Ra339fOLYkcUURymxqTi+oyVTFGC/DTWSO6WwM/A40B5i68R8w76icT/uzw+FO3Rnn6bIcpqv+QC6Xy+VyuVwul8vlcrlcLpfL5XK5XC6X6zHQ6uvo0PER/YulN2CnUBBwbfDR0IvjWBepgYZ+9n4ualiKXY7K1WaQ5rtIEZaWKBYBM/QL8rVuOwsmMNdSOvsqlFq/VOIkqxlCBH4O2i7GC/g7+3pBJStqUXoIcQCmNzYhbhFHCBsMGwoSrMORFhrHoxxGa61UwlnF7sIqysGMYRaWYNUhJo2YuWIWIg3UT6ldBcEhTxeH/cV0uLO7vDzsLg+H2mjJmogxMHSSYgM8BO8Qz5CoZzRbGqK77DR0cJuVhCEZLfUGLVxFa/wz22FM6zAdtRrQM2t9XKM/wkpWMTeHkdJvf2kHWayJxIzAAm9Y0gZoEo90qk2uZvDAH5aoEe1dPo1gEu207GihhMrazuTYZaSbQtDKGkJHRO0nQHNzdBxwhRQV81po7VTmIjVXkYS4SWE7xGub7bU0nA6bLT+fbIYxLXdv7UbsoTnLuBjlIiNgjEewwCNof0JcsInGnaDSUEb3sMVILrlZm3AcEnEkUr2rKc/NVILMEAc1ASkIYoJRY5Jqt2oojQRsYQx2RUF62nQVvqQICELNC0Z+lUknvibqWWKZK6HFYXXmg5qNknRPsf1AA3eKZWqJhYkMe71EBpiC4Cb115gwcVYOc1eRG87GLFE3JpksITYwxpJgWj823KSzWa33ENu0aCzZI6AlBHdDXWubE5sw0km25m0Kqb+HgnIaGEb9jDzuPCYKXoC4zwSwtQn3umSbQP2FLLNLLlHqoE88BeoDZg5WQgZNIBIMZMRJAqibYO3OAWjkaVBfobqXDKQkjw18sI2v5RKt1sFxY7CtK5A9saAZ8Rw1U5dY6buRbEO8h7G7VIwh4uKJYvFbtaMOVG7O+zt1ZzzszubpIs8TlplnyN0pbi6Xy+VyuVwul8vlcrlcLpfL5XK5XC6X67GRVbZhZVvSE1saAqBOBxiO3BaOzBfa891lW7rr4J6ilrEiJIBai+hX94s4BdQy+izuDexuwsdcFeWkCLEPyJLAUbhGjVrMFJpBi7qk9e9QC9ZDSByjk+Impm0cGBRIY33epEFsTkKSWv+CKGj0jVTgC/UbaUzMe76lo1tb/F1a2IxAH2wngLX1+8Ph/PLybM+PA9sVQBo3KQ6KdtTWpRjF+IPTQ5rRSTPngA6yEOJ9i9T3eFlABa2VT3k6HA4zG5yIp4jZMSxuF9gyQNQXI7C5hEQsWR06EN3jSupvoX238kyhFbZkxXU1TDFTjc5IGLGknimdDLA7ZWKilNgMQ8xexQI+DJdBSUVaXx7AnF1Io31kNDQmCpfqucpsN6CZkWgLEoZNwtPNeH07PrA5vb7ZXhs225iGOMRaze8V97BqcSM3BLRoRFX3CpI7Xzxy5GWlXULvRz2RGYeQJdLUlTHlPAkr1AAHOjB0Yq+0wa7jxtySPur4DcKfRDGXqR+qL2KRbCrigCniKCojCkqDZzSYp64jWZKQ6zoUjIApEBALE1RYwIiqwlY8zcWltlSsXOrHeQEwYSOoFEJWUxOhT4Q3IL10fWVKkAcJyxkSshVRtDwpRsSMgyNaURFEC+OGtvbNgSMsfNyyZlb7Fh4TJHAcE4P3WUd4168y1VGJE+l664tGnJSOm6nRTJC1pNyJTXPsDj59SS/QHrVz9hmvS4z/z6U+yjSX6UB5xlwihxVxxw8FxsK/pvpAHJASYJ2pdSwHrK9w2lG9GO8xiuOI6Uwww5FORomNzeIyEqCzKLoB8cYlfYV9c0S9fexkoa18NjjBJHk6yPY1spaL4kecpoR4KHSWp3fvzm/v9pf5UKffxEhLkOgzh05cLpfL5XK5XC6Xy+VyuVwul8vlcrlcrsdYVt/neqzmZUghz160d8CS9tAr+1ambb4mLetjnWZy9ULHv8ISeoJLFb2dQVw15FdlO4rwJbUuXZ85ZgNp4iyaInXposQJG5xArVLK9+MXcEEjSpQY4PYynVCr7RsctjGdpvF02F7bbE/G7TYN7CbCOQ9WmkY+r3pKqN+ENAZ70fcqbXP/TsYFdGjwSQ/PEHMCtmeZSznf7y4O+/p8uZ8gxTQO47jhQr4oRfF44DJ1bD3PNXqwau96KNYq6vsADZnofhlaOGZ2gFUyN4FzdepxCOHYl4Wl0EkaBk3DEKOMfhsat3Iv3sVsJxaBFczr2fJRN6pbRQdbxNQEtKotHUU6nPJeWnAO9mXoiTXGapSynodknhOFWrpQa0l7NHhBfHEEuAHDJJANIMTQQ8wpghqF1LbFcIOJk5Mb4/iEk9M6izZ1iLhez4xGqoNkszuXhtUYK4JqbSJQj3jvBAlJWrpOQqC0NyPphWUdhoDqypKJYQ/mr3KeJna0yIRFMnTUP0S6krSoz4wHm4AwpsFzp84kQU04rsnQMlL0qXDDeJGX1pR65Sz2M+L2wgfNnkSWHb8YsvQ+STiR2f8o6lGw2aHIi6UoJVU4O6UuRGypVbygZ8C6BvRyJBehyDdclwHUlboZFMgAwZ3Y4KRhJWZhsoKdmicT9sFfjo/dlRoscYWUOprB1BJw7prUuLzbkDbBTTRDRz4qw8cAF9NyeRaaAslArg4b8bYTxKPFNsOGW+kUVRsaoO7u0z4YwCY6obRQkJZpKtMMdWCmTIcZ5znkkpAGDEM9S6Yhg0A7kNTahCgWnqyDhE5Fxb4s34kUiTJMRMOUjBcpHcXBVd+JjZEtrSKNtsCrop8WQyFhyzTiqU5EIel4HtKcZY/m7XAC2EPZA+xKPjvsbk+7d+8uJgEOeUoIcyRkjkMnLpfL5XK5XC6Xy+VyuVwul8vlcrlcLtdjLOSqo9ZvrX5XyHxOpPIppU8Ire4f++fM+ESr2+LNQO0P96RO+Fvu/Xv6Zp4S1f5CTUTU0IGofYefJImCK/j61XqSkuMBYKrVW8mLYJcFaUQtU09cHQ1SzSf7Tr5cx26qx1jU040hbiFeC+mBtDnBxNYUaYjjgLXyW6TAG6QTArcnaqAM/18sHketGXpehOWH1AJrWJAK8W3oYI6Gm6xaYvhJra9moX32VM4u92f7i1u73cX+sJ9q+bUWYoeBrR0ialk6iQmLUhlcH8Ygz2qWUBZ+oj5FrkGjwAwKKVimjkTqCLdBzFQwuJBzrVEfpokL4uwywLBPLeyy9wm0CdE9RTj/IsYhph6po+4XvabfkA8mEnoWT/17Lt2+wPwY2OiCOyz0qBxUnsOCjXQcJMbGjDIK9gijYH4UDf8hdeqwor9EMSlPkDX+RUgI1HFToKnoPNE5x7coFE9vvpIu2odi95LLIJMwCMUx1FL5MFzfbG6cbK9tNqcpbtMwEnJ0iQ0J1/TVNwPMMAixu0HYRSzFxm535bkBjXvQ7KMoPUVCXmUFGGb2FxGSgaN01MykkU3SaL0im5iwAwn/Hg06YY8T+1MDi8hQAVuhSpxY6BDPCeYmQJKqOrekE519hSxJBxQnQEMwpBtsXmKb850CYapBYnpoArbFYH4lWn8zu8KhORGSpOekiINmS8U20xoUsQbc8BHIL7g/Grb2mghfUgAAEABJREFUMoGrBAre53XriO45gqv3CHBjiBn3ZOZxKivLmX5mBpjSKDzNcgMSrRPaxqJbjDmFNO8latCZTWiJ1MnMIO0ZOmHuaS4hlzoAdYMfAEZ5DBwthkJRMRESOCkKBECBKJulZOpAYw6pY0RLZxt1yMuG+h4or5vtzmqPy/YB0r0RbPMEdSqp/9VNrd4qh6QB3/Ms/0rkMezmfIfzdA5neb6Y9pfi2ZJ5P4/m72TQ3yOOucvlcrlcLpfL5XK5XC6Xy+VyuVwul8vl+rUWNu8SbDCIOCowRxIl7cOsTgBDd2Lo/hb6Kz2qy+DyRloq7EJFKJNB5iqQ1blEvy4/iWcAf3Gfyp7oUF9hVwQmGEpgboHRApTyZi1sRrmPoGYn0LgYuxBXeJNEcowYT8JwGsdr4+Z0GEcJ7IhiKWA2G0HPoAQBHd+k/QWOy9CazrKqX2uVvTsw9APqBExhJiPuoVzs9rcu7ty5PL+Y5mmeAeNmTJG//6/2Fz1kplWGlaghaIwL0ZHPCYH4dCwJGKhBF2RVe7UCIZrzzBKXE3bPYPxCs2aUnAj2frUlEXeMKPVx6t16NL5tdFedJacV35oll8iCVxZSRJ5rDTq2WaiskFnumEeLfmQZTrIKtnXugmtIQbyIIUewfJMWcsL3UmTykJoqhAZDENnZ2twWWqAWx+V1DvPQ6Bs2OIkPXDs92Z5c226vjePJkAbExG0jMBMLPkkSl4c28wSUoV6yN6ZGyKHVWkI68qkpMo/F+UPcTcpcH8KaZB6uki1zypiaBMr4BOz+JcwTiIdGFGxDsBJjxBSwMUcXHh1aORqZr4lgJ8AsA9+UrEntBLK5Lk4lygDpvWkMixrK8BmLDR4y5WQcRqgvcowOmxbhHktWS5R6loFtWDhlZYhhGCAGTBZ4hKj2Q9im1920waOgTrqI7vVaW5iLZUoHKO76U/sQtElsHk2NCxHaKctH6kDNdVkTZWgQ1rKpClPWs4D6Zc1sh5TqUsQEoLNWpNwJaFJPmWeOUZomvtR+gpy5lzPFwtZUA7DHiXAnNACNgmgxhATEnk4Cxw0NNKnXFN8dbRI17xUZ1LYIcW02BCumCMyRp6Mn2bpIfU+ModJdkfkR+U9IL4nwAU5u4keEc8rvury8ubu8mKYD1R2qoBj1CJqjq4TaP1oul8vlcrlcLpfL5XK5XC6Xy+VyuVwul+uxlmWZBK0rSrKH1NmDOk3g8gX3u3CT/xRZXRparbZZK8g39mc13eCaN9b/2eOEaOJH5mCdUEqtyAZFBwppG0NgBkWJCDaRMGcMK0ZLMk0cQtrGeJKG0812O4zbcVOfN/yFe8EAmkeKOk8smMBxsZnuFclh1iqWQdFxnAYetPL1EvvCtWSqpeJdnu9cnJ9fXOxq2XjmuJlhGNTXRD4YlBNARQnEDMYK/ETNQWVpijqv4OpXhVYKdU6maNBMligdZk64TUowlB4kYmFELTannmEQ4RJ907EhPO4NMwxReCWLv4NUsCXAqUE5PLeokQ/iS8K4BBjYAa043a0zlj429MRK+z3co4MPYrnQrih3G8Vvo7S6eFCDiFJC94qQDjSoofFPyl6UOt+olsHDEMI4pE0axmF84IEb17enQ0ybiCPX6HO0ZlO3pUgB1m4MpHcIC9sCgIs7kEo/bIY6jJXwAmDmA8QoY56LDhNIyk0xtqOjIhI+o4CLwCeSwhQ5w0SZpQDdn0bMYwpZ1zIZYQs7kE1i4U5Qn0MxXw39fCjK42A3RxLznSAdr6yYUAbsPaR4Dw9xMCOd+mJgTqxg5OeEQpwIjjHGkGIYItbnxBCSTBOE0tCFnt6EeA9s5BF1BI4tSwQs88r6vc82pZosg6ctnubrgeL7wlZCcqvCiDDNBOo4ohuZnKUO3NRsfwSVCi28BixuiJeGQVmEahsll2vOLivaRbEpeYFnBpNIc57mMmXiVJ0Sp4yZc3PqFlnnfQTaADvwDOy9g4nKwIBHiDJkyA4/pCtTSRTm+LCowRAJ1meXVd+VDqK0fwFar3FD1V7Jhl5NrLC5oRikZrsqym4sfjCZp5bYuhyAphQuy3w+TTf3lw/vzs8P+6JpTpHhI+LJqTuqIpAAv5pJ4HK5XC6Xy+VyuVwul8vlcrlcLpfL5XK5/nMKuxuIlMebhwYnb8AS+NADTzpLcSy6wmTcg0ohqboiLt9OF/qCtLgpLgBmsqGla04QmeeAM8FUS+JUDrlMUCY2RoDMoAnTAxjMC4AVyYwxOAOlVfS7hUTCNIa0icO1YXNjPLmxPT0ZRk5FGZg4CRIdFMwPZXWLd1U2W5l1wSwagQHNr8XqsO39LbVEvSGY/2BThAJlP037eb7c7W5fnp0fDgXUsCJiDMpBxBil0C+ZM0ICCWOgISfBquFwj/r7urquZVoDLYTq4bQYYoxhYsqFXSzkRSVOtP0KfCiAUudCTDEOA7ucCBfRMmGW4nNZXXBpgF6qt5VZCRSDE70rs1cIzfhDPEUEcIHF7oFW5yOEZpFCDZjAssw6gRvITEcImhcHaJdThwbI7FZ6HFLQYWdeqUETJKYVc51stYK/SeHaZrx+enrt5HRI4+l2ux03tWTO5jp871kznZhACEY6pRBw7b4iN1mWTjK+SUJ77A7ksjoS2cajjhKjBCBGJyUrjSPFfYk7kryrNmdl9eoZgwyaQCfa0SuUqjtWQGmzR7oZDUai1qFqphGCdW9ZATkAnTjpb+72J1mMiuTkfK7C7hkydAhzDtxhzJ2wzwaoE0sQQqz21yC0TGIDDMFYEFrTOVYI1hYkBHcbm/xKEYSjbYtv/qM+6Nmf/+kf/fXf9RM//rLXC3anyWNBI2y+9kv+0JOub//KP/mul//Sm6XLA2raizQnF922xHlGnGhuXD/5uA9938N0+N4fern0cdAPmX0R0y1MmNRTf/pvedEXfMbHf9NLfupfffdL+Va7VU1vXJSdTQxvuNkSq6SruC5ijlqqPTvlMEOsM7BQovoAPqhzN9a9r0EnjJvkiLrSoLUehTUx6yEBTYqxLm2+yMjSurMC+wmttsfF3qYtr34MCyoE6qcTzCyJmj9Tndn7Ui4O0515//B+d2d/eVn3JgCl0MSWBZaALLBNBNzpxOVyuVwul8vlcrlcLpfL5XK5XC6Xy+V6zIWaRgKSbdKjPiSOBczypGdu9KSTVTVUT/KoLwXr2qX+apYWFusilfZa7Be/gKkAR+oIvTBhOSBXs2vdugTxq4hcsJdyrBbeudrO6EnzqwCjNKRGWUuuA4ZNSKdpc327vbE9ORk2Y0pc4raQC+iwAx7naQhp0dGAexAnV9W65fhmu1EAJ5bMVM6m/eV+vz/sL2c2sQAutWuGjn6Tv9beUytAB/Xq6MVohJWFAMBV7kfBArO1MG8Ttu3gYvU851kMGfJhmmp13KI0CLp3gKWZNIeVyNBJUvMVhTGgcRRarF+XxzVmhIEG8U9BrThLg6LEduh7kyAZkvJhJEpopzOQonlMFG4hLO4j9bkYw7IaZ2NPQodmmoEJR+1Yug41Qge1rK42KQrYYKNsCmpfZYKcavNS2KbNaZ0wJ9vrp6enmxPuDY6skYAnvndxdiGlKtoo16J/wGXG60/ss4XvwJZaHzgmr9h8ZspCnOha4OES6ERXRwiaz0KagKWwlQ4VM0phuRyvBCMcqBtlMLiiqT3ietKiWji9Sq9RipqttG1AIATjb0oLDsI2obGtB8MSmL3h8wc5IbC1Ck+0gDloSBDMEg7F3EltWlK+JMqc12CdPqsNcKNCZgBj/jn/+SCDqwk7jAR99ie9+BM++H1+6Ode+6M//SqeDRwllZjIKOWD3v8Zv+mFz5nm/KrXvCkf9rI4Ett1BPPdMVxIbIOYOsn5STee9Pe/+A++5R0Pf9d/+AlGgBjZ4il64/q1L/8zf+it73joS7/6X0u4DT7p2vaFz33GUx84KdOBezzGL/gDn/LRL3yfv/4N3/Gmt7xTcoXYGsTcRnRaHA51rhAH68gyyyXMOGSKsi2yuwkHQTF8NwQ+rjeRhOpKmlPE0VPQWRP1qZH9PphTkMyXNtKrblp1GK7ihkrjU8TsRhk3pBYDZG5GHT0RQx2ZqMy9ZMBDKbucH7o4e+flnct6e7U5nC6Gzd0m6J4E0GKM1jPR5XK5XC6Xy+VyuVwul8vlcrlcLpfL5XI9dlIXDSldh1YSNB+L7scgtWcprXYoY3m+mzq5dyVQeQU9JvFYKGRWKmR8QK25SzCFBOhAmZFmgANyqs4cykwkHieU2SRBaqbyRf2igIaVpBEsmUU5B/s2Pf8lEibCEeI2pm0atimdDGzeEbQKKmVj7QRUu4yG11yhTI4O31PPXvndcicyp2Jw3XhP+WI+nO0vd4fDPOeMELoLQi3AB37UuraOSIs9se5Svwuz9rirNdZg7elm51GvWC8y54mfci7szEAT534QajaK2sMooyOeB2xsItwJ+96E5m5SeyeT3g8DI3aVft2icI5YdfBlFaLhABFqcImZFmiN2+ZfaA4otOJ4BK6o7eOUklXQB6iZSFjdt1XJW7QNyuXanVNPRBE0QI0YysosBZpFA7ScGnarQCoRwnYYHji9dv305Ppmsx03Q50vlAdhYZTJ0mQVi+ZZjUWClUuLUUvYLC5sGNmxQrJZBFiQLCLJO2IXmj6uRcxQ+vpB5QSIOIQmxmCzJhRpEJMhoXS2xVx7lBOi0jiB0COeBBMJzZEiWmiJvp07H2fzgsFmbcJNDYKyZL0FMFipsMFJEQ8fzBFngXDq0GU2J2JvDRK4hKkHbjjH6LCrT+FFV2dSiIY+rUdVAolk7KIxKG2Ow916ZAhhffb2ZoEYmKm5cTr+9o98/uV++ubv/bEy75gr0iGTlKjP++0fWd/8yjc++Nz3ug5wTVZlvYdIdYkSPHz77G1vv6nrTmxOSl1lr37tm97w4Luf98ynPPuZT3zr294FdfMJ3PIh4id+6Pu/+i3XJUJJzXV4Soitzb5eMOfwwuc+7be8+P2vDZgPO16D41C3RYZG6gDP7G4y7ffc3/Xj9VFnaoGUaSgwCG4yYBlklxzES2VgOoZ/FbpP/tfVWPuXf2VUxcaXx7GEQCuaTZa1JAfB4upkaBaZXw7JNBDASyyE9N3BcnDa2pRZVKQJdXepa4yhN4BdmR46v/Puy/M787SrO3091RAFxwm6Gzcs0XZ6sgioR7cRu1wul8vlcrlcLpfL5XK5XC6Xy+VyuVyuX1NhtPoiac6CfKnenA6ifstcvmOvX1oH7N9Xt4/jewi16CYInKYgnhBc3M1FioYWlQALFFEr7TOn6pQ5cJLOLKk6tdK658I11zIzsm2CJZKoH4uRClxPN/JE76YHxUiSBKve1TZtTtJwfbO9Nm7HlIYo3h3iD0FaEtfwBssYsRJysw2x0rAm3LS7b5YQ0HgXXNw3eniL1vTZxoLbDYc87w/T+by/vbs431/WGjJoqsg4SEZKbXksjgEAABAASURBVNCQxBpBUSAps1pISlE4pjEl2o7SDEQMkzH+gxkGAs1qkTgOphqmuZkxyLNFrrBPSOQDqRDzpUFKxsNQa9dB2QZU0sL8SBSBKXotTa7hIrjcpvR/UZREHTLUSEZiVEgnUGxWBQFbWIo56ZijiYFIQMnyalpT7QxmUCJERQmkxgptsIn6sHA1nMvybInDpwsWA8L1/hYVoxfWdCEO2Sm1TA/bzWYzjCeb4frJyQMnp9th5Bgmvg7zH8ZkGRQh/hBk8TTqmJJgYWfaelgRTGI/AxJ0BGaOUV/JPOUlN6WApSK1m7fuotCq+EHnB5jTSew5OIBtajBR0LumfkLmMlqqDkcCYWmTVRChoMElZFY2QX0mFqKonb3IjNMmimMMqA/PzDYnTMXMvFKhJD4ukjnEe0Cd2kNC9t+IilUJEWEMQ1F0Re+YcN1vAAC/ZniB7WxUftfHf3CK4V9+70/cuXmLX49J5mio9/XkB05+x8e8oL74oe//7G/9W19090m+5ft/6ku+/F82bw9s+yJ9xw/+7J/8Q5/6SR/5gn/xlgelw+UtjFXIhecDjzav1IlfybMgJjIdJZWKpkmhk3k+qDNMnVnz4ZAPh/pm2RMh1DVZ2N1kCzDWFUswBBjqQeHFMAhPFnlak23zshIN+CLL7EK1IhH6pi2hR+o3hBbXVNc9ZzMB35jM6s6nsNEQz0/Qa0q0GDB3gvW2D5n283Q+He7Mhzv73XmZ94GBF44AQqXT0GYHGIG2YvnoSsCTy+VyuVwul8vlcrlcLpfL5XK5XC6Xy+V6TGRlXzCmQV6yP62cH9bOIbgq/C0VwCunpWYzslxIa8pE6ytQEXsEmEqZiJ04Dhw7M8+FZmTcJCNNCLM6EXBBWyCYhWAAoz0sqWV9OblObDxNQhxD3IT4hGs3rg/bDcZtHMZY68oNVWnGIJ3naA4I1NgRag4ZoZEmPeCh3y31bu1fw1fIgBODxLnhMM+X02E37c8Ou4vD/pBn+dZ/CjGpx0mEJB4nyhGwNQLq9/2XjiVjNGCxdblbjXTJap1hZA+VjsKoi8kyUgpqaE3a3E2EDBAjktCccKQp1FwiNIEJOYzGACNCM4/QY1T/A4sIAi0/S6BHM6dBi7bR3m5uFNiTPRT0ac4cdt0ChkgJRsIlesSGqlgDgmIrYgqizguN/wmSt4M2pXVMpTujFsn59jfjcLrdXttuNyluUtoOw4bhJDLPn1xsrVBv5zIT2GwE65QLC38kHJOxSxaco5K29TydRdZYM1GRkr0pKMGj0UegZitm1tO7yMJRzInEelQmdyjGT4mJjNjSWC8S9snbjYwKtYVhpFGhZoXEZw6Bk3SUL2E6C2ZGFwJFJr1K7c0hgoTmMF/CUTUq8fBpwy4OFrSMcDe0udec/k/UPTkKNFwo/6Hf9qG1Ef/0236A8qQtUn+hqi/8vZ9ad4q3P3T7NW96G/Qhl13nxR/wPjeunfzyO96VD2ec4RUGCPG5z3r6yUmEnN/w4DvqOz/94z/0Z37+l5CNUYZXv/HtUA7amjztZGZSEeiEybBp3/g1BrjKtM+7nRgPxRJ4N+ThnDN7oXDAGG+IUVihgXBgKxWmpQai+khQx4HnShR8owEacvrSsC953ZLJbDPrG/f9qJPQ3yRzCcVshdGpmXmzonuIjrS48uhebaRg4abEA+XLnC/n6WI6PLy7uDVdzpRnrO2KvHQsVAzbhSSMCpd/nRRS64Chy+VyuVwul8vlcrlcLpfL5XK5XC6Xy+V6DIXYWAKubFKr5FlYiNSXm8dC0YJ7w1Co1yapVb6bFD4wRKH9brV08RFh1qRIikktOB+oTKUcSqmFx4N8WX7SbB1coBPQbBD+2ry4etRyqtaDazFbSQItAWulVBsWBTohziEJm5BO0nht2NwYt6fjZhtSPU7i3xH6p1a1b2vqUgHHFiahKQ9LuVNhmlWSitIexVpheSbaHew0sctzrbTu5sPlYb+fDuwwwsYiQQNauEKP2iw+YCRI4jCgVWDlMgV71E4jCixsYoFg1MyjTNM8zYecs40MLbEtzXej4zPClbAjCBubSABKClo9xtgpAEE9Shto6j4RsKTYWFqS+oCg+NzwSaT10uF20HxiqNEHMslQuRBrZR9UPCKexGhELE/AcjygUH+/qBg7pO8IfN7SR6oPLYfSiD8KAzExgkARwxCvbU9OT06ubTacBwOcBBNRh4LC4nOzVOYFfMm17s62EpKgkwhXxIm0h2NziiYbqfuMBOKoV4tAJ5rlAs3XJZjPDV8pCpQkf4q4Ip7UFkRjiDr4pK5EGSwbJdgM4QllnA2gWmmQWRWtFjBa5xfSkBUSpECWrQ4PCVkSIEfxHkLIAdnrgokWmb21t4akgS6Y2LkHeD7LbC5qkEGhRa4oVSCzJauBC6y6ldo0bwu7Lzv4zyPblMqnfewL3vcZT/6en/iFN77pbXWR/NaPfdH/+Dmf/ve/+ft+6Kdf/Vmf9jGf82kfXd/7F//uN3zvf/yxMk8yjRil+biPedE3/q2/8O6bd77yG/5Nng7MnMhw/b0/94c/7PnP6Rf5pI/6kE/66g/R4xd/1p+ps6QePPHGtc/9jN8q0En5TS96fn3lI17wvD/+e3+bepG8zzOeVl/Jh/20v5Q+HTlarA595iFMzHEwKxRLjll8TZDNiRIabjJytg6Fwrk5auWElmtlbjI6a6IMf9vNaFln2sXLRmG+QvayTg8MuoPUWZFBCaoiMVfiacMbWZBG8W7B7jopZF49YUI8m8rN3e7ssDvf725Puz1NMj0GJmTa5gDs3iL7bZstsIz9rwWS5HK5XC6Xy+VyuVwul8vlcrlcLpfL5XK5flUKi10HqBuFlnnte/5aGK7lRCR1+GiRLtAJCwMvTP376ZbAohABOwnMVqwss7o61GuX+UA0lXwws5M81QImlikQJ+wwd1JyqJVtoxM0CEJMGiAs1g6oISfyHiMQpMYq5g0JEhMn4+b6Znt93I4YNhSujZtRauFcE+XKudE0DAsoK9LsDOxOrR5r6EnABdXAFgMDyg+Q4S+kHh1yMjGbqPdZdnm6s7u4c3kxzdPlPNXCPafqpEGRE/EdWWq+Gnqj42GXh6XcSnZ6jbbhRBg180CJsBBjjTJltjmZ5lmCY6ANqw2i4CMGGwR2pBAnkhjGYRCHFQgUUkiWW4RS/VXvEMtdYcMONaGRS5bWTFAPBLWyqB9OGgsjfE/UywVsWBIEi6ihqJkf7JgBa9cNeZNZcdDxfLMUFpkVoWd6gJlydLxGg2eaB4qdV1gDRVIYOkkB6zCkYUjDeDpuTk5ONttxwxOkRHU3YfKirCZ8aWCNTPBc53KdwLXLmCLiVKBZfEy0BXV0ZnGcKRwhNSNZTpIZ11C7MzAYRxNzQuNOhAmLZjGi2Ib6qAgBkKW7SSEANJLDsok08cf4J1ADGOY7tGWkbVeoyuauQlKFrMcKkKXnyPDqqUpdnZybAzmwn4ZG6kjTQxgSQzuDICayaaiZhi4YbZ6YyxgNxGcxDmINEvS9pevXCDOwSfw/ftYn1tH5G//k2+r41IXzp//w7/jQ5z/n4uLiwz/wWV/6336GvvV//oI/8DM/9/J3vONdwujhM576lH/wl/5UDOFL/89vuH3rJkYGP+oMqvf9k7/w+nfdPOPdhOdA1ogppYcO+912k+rZnvakG3/lC//Quimf9NEvqo/1K3naz/s9p+qwfcymdnCdXWJeQiGzx0kqIRFDJ0lmeeT9DoY6m9myhzue30kdKxFSz5KxeKRDI5SW3sW7PKraQFCz6gELYyr6v/JSfPKYgmKMyz8q5nbE00DymC6nfEfcTW5P+/N52pVp5l1hEOIkKD8lG3HQ2VKafdKK6nO5XC6Xy+VyuVwul8vlcrlcLpfL5XK5XI8jdccEtUIAc/WgxnnYt9tx+a450qMoAC9hGa2q3jEFCxfJGcWJQ9xNGD2pD8i1Pss5O0AHMTspcSmYcvsCWM00NALDnDCofw1fviiPwmqUWn4NY0on2+21cXvj5PT6uN1A3MS0jWlEKZOvPtjq7ditWUCcMPrxAiys+o3uUQdVhgD14/XzmUqt8u/mw9l+d+fy4nJ/eSgM14iFQUQLo4hRvuovtifid6IMEHW+pJ29XcTgIP49Uzf4MC+NuXEOc2nwQzcuwJVNi3akFotr+XcchvpQvIbdPcxsY4nUWO6xMw1rZAJaEBODHnIPUt+WoCBL2FkVpBdfhWAuF7S+yfbSPfq4jYWWo3XiQpsGMnDyy9o3RLGYFhgldi1RJjPxnQ984+OY6s/NdrPZjOPAlfIiMJB5hTQ/HUmE0buvvQ1ZyA+mMyKTK0rXUJrmyex9AubM/E8uHCGVS272JZyoot49bY5DjBZCo8BOnRaN2NDZgOZOE83hh8EGIUKMdZLOLzplmv2JEg+CIFjtXmApie8RbgZWy0dxFbE54T/zMhUQIYOF8DDhFHGOUG+DxF4DU+QRToN4W7BTjsZBGT0AS/wU4LKYbPAL9sHTix9tLr9GqInKZm/+jN/yQc99ryd+3b/9gTe96a2Up4/98Bd8+Ac+78d//tVvedvb/81X/IUUww/+9C+85Zff+Tm/67d+y1d96Wf/yb/8y+94qE6Pf/Rlf/bJT7zxgz/18m/5jv8odiIySJyTlf72N3wnhyYd9uWwy9NO2Dp2gQlxwJhuE33BX/1KQfmK2BFl7fHF0aXYyL761W8s01RnX4opxrobcmJNAhx4d+ODEeuE4zWSiG1lalcO7F/C0TmBF3B9BLR+LjrSqXdtW4UN52hXlw1WDgRmgtC3GbGCspnPiV1ta7d/IQQpa/Y8QRElCdgJBcMM5TLnW/vdu87ObtYdMEoYE+eKKcMjbEw3PVKfFQFWlF6DYwxNoUhwuVwul8vlcrlcLpfL5XK5XC6Xy+VyuVyPtQwuCavYCmx5FwCNEAhLrgkZ5LG8/0jU4l5gMZpo34qHXqUsSp8wcVLyHsoBaNI8HaC5HrORApVQckL5iny7ZKtHcplVSvvYMZQ1FBGkfFmfh5ROhvEkjadxuDZs6kF9bNPIZADXagMsgTRkndH4knXzV92lJgEYsJtxQI+1QWtj0cq9hqjMmb0T6n2e7S/v1GLrNE2S6VLr0zEm/QAjJ+wpgpxpw6iGGRSA1uzB3GLA6AKr2NPiLHKkQnnOs2AOjJ6sQlf6iIX2gsIPEoAjZEhKHKkjCReMwYDert2c5rhAliHUe1S3kd71QSkQc+hYHGHUroO5kxAW4kSwnGgWLhCK+WBgWbqWE21shK5MMrV10UZI5E3jS8jgKRlB7MPWAJRA2hLOR+FT1Mp8qW0ahmE7MnGyGTbbcZRaOGiSEUKjQpqNioBIRdNyoFbfBevZJOZ1BLJhn4Z02O3V+qZIQk2WBBI1bNFORb547P4wnKEjuSTqKBKizArmj1Dvprn5qIkI9wyflDsg1POGCEeeFMguG819xu5rpXdVAAAQAElEQVRfhweFXNFlXa+jjczSTkYMilmS8HIMMEcxG5JxLmIZIwdAA6efxJTimNjeI0qWivIjGPpm0QdAAS1lCGA9oDb+HX1bRrmhKLgY39xfBrK8ZxkQ1T/CO9HpdvxTv+8T3n37/O9/43ddOxme997P+HN//DPrX//WP/7X1zZD/evP/NLrv+B//XsXZ2d1QX3uZ3zqv/7qv/4H/vRf/TP/zR/8sBe87xvf9o4v/Et/V/YDHpRY9xvuirquwyd+xAvnw/S9P/BSlMX1pV/0Jz75N334F/ylr3jNGx88HA4v+aGfJkljYhytiO8Mo3YyrXjYshgI8eyPjDHVRVIflAIzJexlgsyO1BcHooH0VxTWRDa+YsZBiuZhS71CxHC0jIRlW/ftVd5HWCshq5i+CryvymSXzYMTtXRGBlRnJHVqUuCPxN8phIwhA+7LfDbv7+z3D11enk2HPc9NNnkSehDFWMpMmAIuhIm2u0FJ1ta+OcS7WuxyuVwul8vlcrlcLpfL5XK5XC6Xy+VyuX79hSEJA4IrAwpzwJADdRgpa2+Mxadg+bK8lC/NTUOzQ0irnQEaDyC2EEAz5cI0xDwH5MwdYL7kgIUf6m6idg58gHJmLpWGDkxoO6MlcmghlSuVubQKt2TgMELBFduwiZttGK6Pp9cCH5wyUTCElMwkZalUL1wCrKATe6UbZgifw4kqAnOs3q8/mh2GtK4WVqfM5i27PJ8fdvVxsdvPikJwzgn7bLAvApMmSe8jXPFwgf4tf804gQArgxC2GyjFEnOUcilTlfRvptKtTdQpxarPDSOSQY+NrghDHIYhRoM5pI688kShOnAk0UigU0JiXZRkMO8ZQw3U50BQoBasIs0O+ppgHHpK+VOx2Br+ZDCapI9HN8Bo7Im48PCwHoFAHIuUwd7XPk5KTwFqdboUcY5RiKSeAYcofE3AJO4rmzRs69QYx1S7JITWXRj1bgu0+SJzESkT5HyAzHxJveZmTGMa6lCaEQRQOky5VdMhQ7bOF+uSYJlF3CAy5kJGo/1F7ooZIF2XpNlCPOmE+im5V997hE+dCh3P6elCtII8CoQC65wo6956QV072tQig1YCY2CZc674maLgT4zESLvYQyOKr0lKkqfD7dEGoZ0bOsuGgFfztxa1mKC71XcguEfiy90iunrqR3yPJPv8b5//Xz39STdunV3+h6/5X570wDX9yw/99Cte+tM/X+/0f/iyr/3Rn3nlbneot/oX/+bX1V7945/5aS/5p3/7xrWTO+eXf+zPf9mtW3d4TBm+GcTrJWGMpyebr/zzn/fdP/ayl/zwT2KJGIdnvtdTnvesp1/u56c+5Ykf+cEfoBQRMpY2C8BRl0Fus5/EoIabGwq+9cF3v/KVbwyZBoQBm7sJMyUhlSJhOoyhMIPC+x0vMzGpAZnVMjsVFgtoq0M3FJlS2DC5YxsRjWCqrdOtTGZO4CVa9xSG2WSKB6ZcuEPDknQmnSpMFgMoMdY9fl/yZZ5v7y5v7i7uzNOeeI+nxItAY8raw/iTZlvVLXl628zXpA2g4yYul8vlcrlcLpfL5XK5XC6Xy+VyuVwu1+NH6kJAaHU9XOevrH/rr2lNNPQaNz+bIYkW+gsYhiJfeDdGQR9Slszil1EfE5YJaFboJHJRnSMZBIhQZMH4l+6F0OkYxNIaj62YzNXOxn/QkMZrm+0Y4iYNp8NmExJ7UaQhKlUgzdXgkX5nRZJPYO10ckw3oFbJxQmiBU1c8QfQEiqzChkZD+Cq67S/OOwu9rvdNHHmRa0Xi5FI7UEmTjhRJdbDxhssqTer6191ghALDe4qcc9gnwq23ch5kkgd9dc4GkdY7lQaXS8HiY1Nhvqp+nO72XKvcMV4NeRGJpBF1ogJh3AmtJyYlJTBPlmiJMdAw1BQ4nXU4COsZhOql0sPD9JLE6ybusruoQbiLEPT846wQ0kER/1liT/sISP19pjkJCmgzAP5C3JCDMfrpHGMQ1CfDzlTMAcSaBYzqDk70zRP0763jdN4EjuT9Jlaj9KUs56KDU4kKUc7gvOTWss4XSlYyyXuKYCBXRZFpBE4YnvBY5q5y/RYJt4yT8DmojEGMlxl8QrRNTo3yxFU1xHJHFJWhGN+IGTxGypsM8QLVxKuAFKQpBYxX5H4GHPHYYOPFCQQSFOEjI1ZnJKuEiePIzWm7HUPvhvg+fXgl974tl983Zv/wKd93PXT7f/2lf+MZC/4rv/4E+xiUqdNvccQv+yrv/mTP/bDn/OMp9bP/ocf/5k3v+VBqHsZRvEqSnEYUVic88v9u2+fP/+5z+TYncQXeuqTn1if333zzm/+iA/6mr/6px99M7/533zfl/zlrxoIYqE6NwfAsT4zdwLiLUMDstkJZ9SEBfICMIMeXKCjxdTJuLW160n7FLWEJgbadD/ljYynUp3GEtXVw7oKqpmKOkbpkhRDFQphjmEOWB935unmxcXty7Pz6TBHzLqOJYxIQ58EpqKgMUDCwFw1rGko293D5+iJy+VyuVwul8vlcrlcLpfL5XK5XC6Xy/X4khWIkXqBUl85MhrAtb2H5lVYMkKz4OjYh3ioqAXHRPVBWaw5OHMGyky1Bp73lA9IO5R4HeBCfJGy5FI5DSsPFuxaNYg0+GW5CWYFai1zM6StsCan43aTOPliHEdx8+AquXmy0IrDgMXdpIUBtUwWbDVaKeWqWQfBEm+DDdwRxEZNR+Awz1PJu+lwsdtdTnvO1WEfF6EOVEngk6CROiGo/QWG1ZD02v2VQixL3BFqh9b/ZwFO6g8OcTHi5OrYLmfsRhoD8zd8OEr/wCqx5+iCYpiB3f0FsnaZGrroeATtdkUljM0xiMJMUNAmyDpAQ1mlJcCIViXy5pxzXEhXsxOCxRLFrBGuFqHNkwckZgSFi9AMoRgRhJ4IKdZnTGLckWIaZW7ovfeYKGxEi6AfkldTp+y0y/NcOw0jsxjbOsssiKf3IKapEBrYQZpgVLs4CqMhaI/av6CElth04la2SV7/yIErRaEQMZwo0vF10A1uoSNywJZiC+EBWPqkvYdTnXSmGsKEM4mrBjJuUsczIxwQivQQAwR1mdT7GyJHQQ1RAphQiK2wRqMYSWjDi6TcS7jfrH18iejrv/3Hv/7f/sd3vf3t8+7sU3/zi/7E7/2Ub/neH37FL74+RGZrQhw0OqcO4id85Av/xhf90We915Nv3TnfbobP/JSP/5gXv+D/+zX/8lu/54e1X5bdCegND77zwz/gucNQp0Gu/fbUJz7hzvnl4TC/4a1v/z/++b+zzYURDubsPuf3fMrTn/ak/9///Z3vfNfD0FA7XVG/8MrXDwSJaAxlyLSJZaRQW8bQSd1KKMf6V6RoC4f6xh3antTWRAvDWTAUXHk1wXrtkBmWsEdPnX7CB5Zi1jkanSVcYdDl0Q1T2GIlh1BSmgNc5Plizg9fnp/tLy7qkpGtovCKYVqmmIuVfFBYFZJZRX2b7Rtuo07sHqDtChjB5XK5XC6Xy+VyuVwul8vlcrlcLpfL5XI9DtQ8NNZsx73fedX/A5E6GHCPNxfOZOG6eS5KnPA35ecyz8R0xBQ5amcKtMMyBZiQnQWkQG5OD6C/1bPEo3SOI9MObUuruKqtBceIbEI6SeMY4rVx+8DJaf11jEnRCi77w32l90ilXHlxsQnpz62Y38xcuPQ6C2GQac6ZdtN0OR0uD7v6YAMSYGOIyG0Y9BaENYmonMzR3VFDLmhl3WFNI3O1oHqJeWaIp/ZmbXCWeB2JhAkcjbEal4DdugOUBeELx6hDvh03iXN1upWINcSq02pfIYktzZSkYRAWb0SBhJoxSEgvV383OEKzdZRRikvJu5XAiRYKpUERsHJSCTbNpEbeCAxaD4a15uo81CQYBWCi/GDoRPxkUghDHYoYxlif60MtSEKji0hZJrU2qS/XuZnzLBOY6Z45T4oLcUYPExmYZ1injNSDelqhbXhWsqWKOoIEQ2CiJRBJqJBctUh8EdMaWXxOMuh4rhCuIAEpKwhsBZzYL9TGRReF0GDqPmI9REGRAiGkOEYHcn2I6Uz9ExucpKi+Jjo5mdIZkkAnSQCabANQlmYgrgyBjCNQeC3D41yIZ+e7fLiowzOOm7/033/Obn/4sn/wLyRfimNx6qMu2ic/+Ql/4U/8ns/+lI+pn/i+l77si//6V10/Gf7Pv/JFH/5Bz/+7/8uf+sLP+cz/z9d984/83Gu4cyQBqY7V69/2ro96wfOe/cynvf71b66fetqTHnjbOx+qXfbGN/7yl/+j/0t6v+6BdQUfNil84X/9GXfOLv78X/7yPM/iFMR+KQHCADFh4uArhLpnbBDG+qyUiZg61RlRj0MhXXtk2GDbo1BCkxZAq82OhnJ1wgyhJ4ixlIUR0IQdizLJ5gLKsvCMCA2O49aS/uPBVFedURPCnvLZ/nDrsLu5vzg/7BheUYaJTVH4QbbPN06p+87A/f41MfWNTHYeBJfL5XK5XC6Xy+VyuVwul8vlcrlcLpfL9dhrbRqysvRYviO/qgK26mArDxpAIJX9/hX0/mlNAeFSfZ6nWkWvRVaSMJ1az0Q6QJ5j2QeaAx247i04gjYgYPNyuHeLr/yO6lqixETIkAC3adjGYSvQyTZwIMhQxVYT7GVh9crFX4PMoGTJbaHucbL2WVl3S7ORkDAVISq0lC9wDZ0fDhf73X6aLg+73XSYmZ0JMSZtgpxKOYeoxgHdKaH19IrvsKuS9mnmkBXKknbBzwKaWOIKtts5NoMJ5vqhLiNYm5CEf2EDDkDBI4J8Gq+MOXIBvTTKxTw8Aump1GyA35/UlwExdCMapN512NJ9gvBBOm2wn251k93foNNNFsKxGvp+lzZFtLmNZVlSdQjEUyTiqm3iJ8OzlXGTFAemb3BQ5xmjTYqOJ7cTldHgfByOLTrs2UpmzrUin4Y0jhshTjivJ885tL4TCEegk+0wiIkDX1X/EoU1icZ46Qc0nITDacgidNiPRMZY0BB51vHXXzm8am0IY8Y41FAZpGbNArjwBQUWlqkuPr4EcIxOBpzZzgRAjEzE9oWhE+NzzIMH1SNGIITVeLXT61RQlw19AX6DSKZqvUEmS/7E7/sdz33GU//mP/6WX37Hw+Juwovzoz/sBZ/7uz/x0z/uxUOK55f7v/oPv+mb/s1Lynx4Z5k/47/7n/7kH/sDf+7z/+AL3+853/DX/8yPvOyXvuzr/+1r3vTLpTCd84a3vaOe//2f8/TXvvaN23G4drJ5x7sf5g7MHIVFNrQz5PwJH/fi7Wb87u/7kXLYB2igU52jdTSABqCRaIywQdwAbHixwcDvKcqqBaWrjPwgA4CM3tJNZFnN7WDVBbS8ZHOFVn9hnkwZD/1fVpNMubDiW7QbC/JcuiS6ubt8+LC7M+0vpv1EOaWhzh8xWgmaTiYcmHy02J4fZFYXS7S6IktzW40awBKu5XK5XC6Xy+VycvS1NgAAEABJREFUuVwul8vlcrlcLpfL5XK5HktpvMk9/3RU6m9v18+sftX6X8E1KyCWDRIxM5m7STmwSUWuFcgJJFsHyxzKLtYDhk4yu2WgOW1o4ghg/+b9MfYhJVW415fc1Vwh1fo54jYOp2m4MZ5cH7cDhU1Km2EzDiN2T5Fj/5KW5dDtRGgdrHPcLWg8jAYLsdGJfF1f0BVNpdjnfHHYn+92hzILqiDJKSHFlOR7/iGYDYcYjmgNF8PxtVYmHhrqIgYKtVydswAnHKeTNXuFy9dq+GLZM9DvpY0y9eGM7MzBditChoQkXYqS/1JPH1tOULNHoF6ERrL6s9ISoWeAmFULJgE3gv7BYpGsLF1fE/MEa8UKj6E2+yioOw4fNn8PAVRKMfIEG74CJRvh0foq4GIV0417Ipp1CXM2TPwwXJMkXal2esLYkAq756DdTiQBMjaZ1dlk2u+nw0Fq5HyqDSMnI8M6YsWjl1B2SZvI8zA2CIcPIqovEHJezZKgxK48QjwV0v6p44slmLXMnFt4kVpRWJ9J48ylovceCqiFYlBB1Gez2VzgLBYchVEctqPIBTJbm2CJkcecAYd6W4ntTJiMiQrFKG6i7IIMDepE5ytFFKON1eLTgWhzt81CoHutosdeqEwGO9DU/ed93+eZ/+/P+Z1veNs7v/abvhO4B3AYx2/9yv/5xe//nPre/WH+59/5I1/5L7/9bW/9ZZDPCJiUv+qf/Zt/+x9+7Iv/m8/+rE/7hI//0Bd8yed9xuf/la/EUAcwvO6tb6/vfM7Tn1wn65NuPKEev+0d784H3gc/+3f9tj/++z+V2yA7yDOe9pR6+DEf8SHf/c1fDd0pRgb3zW9821/6ki/fBByIBhSDE6QEdcR4sdRjnoCFh4RXr62SBh0tBidXjpeXQO1qwmI3Uhj+UOBJ49EyadpPCT0ATBd4h8bYO0csTPaFzufp4cPh3dPF7fnAeKFscYSp9BuTqU+6qywMzJV/YY4HSker7xxg/84oxOZyuVwul8vlcrlcLpfL5XK5XC6Xy+VyuR5zaVAGcAVTCoKwKuZz+Z8Pum9GSzhR/qP+tAAN8UAoZKyJlL/zlPNUaEKYqUxU69xlprlWv5k7CTDVWm/kbA+KDXBhkkHzQMjwE+iVRrLvx5t5xtp+peXTcLk1lzFurqXNtc3m2ri9cXp6MowDxm19FsxCrT5WHidFMRdjN+zFBTqxm9eqbSlh5SshGSNWOs3ikJGBTV3288Q2J9N+V+ZpnqZ5ZoqBczJqKT9yXZ5xE45n0WOJu+nl++XGqLnKFPWp4DydPLPnxqQhL0L2kEEOZAxGr81yHEvPP1LTAsZe2OAkivcGcm4Ria+HmLSooUAg5UzMjgEMNBGuyPgktdtQdxC9AaZXZLh0KLtPDS5YDy3EkhIU0rKgoyFBMjYc1u3FwApk6ES7naeQGqhoakybhqjAhc1bIU3kXjTKJ5h9B2uo5fsk/EliriIIE9FvobUTLdiG5zGHoMz7/WG/r72fxmG72aSU6mxicqXZtTQnk2YMI6+mgd+D2uLAqJG+rjdss5oREQSzODGCSUxuhAuhDkZ1ZgjV0Qfg2HFE40qKdJtm5dgIyALlZ47RwRwYK5J5y/yCxOjUvuCYoMAZOkxFGUqyXETPrk3vfICtkMb0wGrmtXFA6jPyntDJ4wIYkPaPm+HvffEfSSl80d/8+mc842m/8xM+/Hd90kd/2df96x972auf/uQnfsO3/9A3fscP3bp583nPfq9v/Dt//l+/5Ef/3ff9+PnFBWCqJ3jb2x/+c3/ja//+N/67L/68z/qqf/Xv67oMnDJDb3grO5089+lPLfP83k97Uj1+3RveVg5TPXjGU5/44R/8/CsNeeYznlYfV17cDEOCkqgMoe6SuU7aBCGqzYkMoE47nundMwg7JtYnWZNNv74gVyyHbGFFPpp1JWrEmNIoWLcrEOuXjuzpviGGVoh1p7/c7R++PL8zzXfKdMGBacwziYETY1f870MhsP0Ir1qu6Epf7V9H4wNKa/Vbsj8VR05cLpfL5XK5XC6Xy+VyuVwul8vlcrlcrseBuitGt/5oxT/5ay/yGQCAK8sMqR2SmlNILEgjFQonkNTC9pTLgcqhlsEpz1zCLxmy2JzAAWmOpTBxQoKoGDOBUtaMzdhBbVhoyXGAxpesMiC0gsn+IYTbkK4P2yecnD7l2hNuDNvTcXuSGBPYShhK0CJoK8kuWTa0VGmvZOtQC5WgFb5hvIBwAkIQMKJAAQ953s2Hy/3+fJoup8Nhnuac2fxBwknEaEMMTnoKjYS9hBCuGK5ozxO0VBu5NPvGCMJSushGBABWXgFLQg90mwChMqIQJ4nzU4K6cAT1sljn16zAG8NQyEJxWoQNCkuhgTXqZ0JBAnw0JQMahNFRJestaMhSQy6wx2TYK9ncF6xcrrE+jLJo9pG+W6GWgG3aYnPTAPM5ifJxyy4ywCeKwUmdWGJzklD9PPSugxiagIU6CUqUswwOcX9PzAnU6j8McTNuNuMoAU1i9KIslBqwUFsxxXKR0jgExUXMpkUcVMRDQpJEShvXRocoVsX9sk6nQbRrLa8sM6X5neh0oYzAzkFyANJHnMaE3JGFIQDIA/cBaJoTW94knht1aqYkjjs8FQutSYBuShOwzQZdm7TMOFzatJAw+DihSt6TOAkpP/GBk//9v/0dH/Cspz347lt/64s/9wOf+8z6l8M0X+4OX/FP/+3f/vpvq0tYsCD4vM/85I//sBfWx1/7H/7YS176sn/+Hf/xh3/y53WNvvmt7/jiL/saCMzuaGe8+cF3gkAnlMtzn85eJq953ZtpymCEF/y//szf+M7v/sEP+6D3+7Zv/vtf8ff+yZd/xdd+9Ee+6Fu/5Wv+1t/8B1/9D/5Znaa/9NofZCSqZDajQUocuANRDU465QQ6Mj31SLet9Y5mfiSC8mWwadY2U6VGADn2xzJ/SmkOTppooxsFL6W2T9m5Q2CSiRlCuDMdHro8f/jszlmeD7U9wwjs6YQrAE1XB2q8DvZ/aqwVeK/h6ROpwPFkMzutx/8Ec7lcLpfL5XK5XC6Xy+VyuVwul8vlcrn+C1ArcBtdgstXzvvr3dik2xZoTbOIJUaRAw0H0fiXWtsU4wqaKe+pHIgPcq1/Q2boJKDk6UikTlSDDimIrmwVYIksYeiArVDan+jIgcHazBwJFthgvL45eeLJtSecXL82bjZhGOTb+VxUl0AZJU4CHBulaCqO1pULGs4hSESnIvoxExbF6JOixIsSFUzWwJTLrlarc95lpkOmnJFjS5KiDuwzggNwtVZsMgAVX1jbQCBGwz1sNKpm8Vgpc8mHSc1jlFiAXtMlulq17diQEjNBeIKR+0BSdVDgFyE3NPclWFG4nY8KCgwkrxXpNIKGiYgvCH9YzU4ANCsIm8MGiH1IQFjn+0jCToN1aOFO9K9FrHJ0UsmL5vvRJoN4koi/A7Yau9FDrYy9Ep9SeCYx76mPkfEKu2vOuiHLAFKrGVCMgiSZRmZUkBfmaTrsd1TykIbNZgzaidI/gdtC2Nx+tBBuJ2kMU2o2FKA2MHJP/Kks4yfWD4YIHA+bGVa0ZWh31wKHbMoWI0IW7wfiEaMD0sRwVyPFLENHolnq0LOjCeNP6lqB4sSyhBBJw2RL0PmDtjqAGpS2NBIhLIerO1gwKEMNHtdkQG3f9dPtJ774fevxM5/yhCdeP/n2H/zJb//+l37/j7/8Yj+HNNRFq5MlYPzSr/qmf/Qt3/uZv+2jf/+n/KZP/4SPrI9XvO7NX/lN3/nvf+CnFIzQda7GOfv94cF33XzOM55ah/x5z3p6Pf9rXvvmehxss+O8KcbuZMbwOjTWjtdJPU7dC4TXxgw0BLEwkU4v5h1jRBw0AyJSyEnXMdmfYTUEKOZDctZlx2UGpm4us6w4XcIFzGlKuDglt4LCUMYe1jONQ92Nzuf9+Xy4td/dnHZnde7FQJHRLj5P4V5rVj22w+AyN9o/LPcZmrL8zUCTtr24XC6Xy+VyuVwul8vlcrlcLpfL5XK5XK7Hm46xh3URHJfMGSkDasoM9fIzalaHMhslW+pLLoJLHKDsoRyAi+Ezf8uea6xzLHNEJk5Cq2XjUQREs28w6EGLnNgRCjgGLKRcS4HYQ2IzpNNxe317en3cnqZxwDTGYUysENu39GGhW6yOTwbLMAOQFyRi1SFofQGWPKP/adaLnmamcsjlbL+7mPb7Ms+ZMyrEH6AWrocQk7If4uPCZdwo0Ry0pM+YxL4EOpOh4EU9Wc7zYd7nmYGFrF4aaq5BagaDdGwGoEOHlmyCDBnEOAh0YkAPKsgB2CEjwxfUYqVofAW3uXMViiaYiQaiBfNwKTqGdimhIbQGvrK96KiJ4jJLZpPiMtL9WRrc2gAER0YIUm3H1mBUFIPfrG4r2sJgDigg3jJ1TuAQOVFoYIuXaPV5oSVaWZ7L7EEL9EA9GqZ29+FwmA6H2qraY3VebTYj9pnPuIncQJEwE73FkvukMuikrDwlkFNLMAuLJXhW/VVRqqJkiPYjLGFEoVm4BGgjtJoZrUf7JQWdmWvVP5SpdidnNvFkwhggYdik+mCoIQ0CPEnOk55IqJ0+e2QyQff5kUYtZExvnKAqke6db4KrnJ3Hq6h56RC9+cGH/sl3vvQ1b3rwZ3/hVa961Ws5SIkDnUJII7vmBOkuFk+MB9916x/+X9/zD7/p33/ki9//T/3h3/lbP+KDv+ov/nf/8AO/92//428OAlvIR2KdQHWSvOFt7/ioD3o/msv7vPd71bF4w+vfChLQFbo1U6YgCFvtZSbTzLiE46DaPOZhBB5Pzk0K9SDktujMp6Tty9QhJ1qYjiPopBkOKfzFM1c5sdrWWUE7NosCnd3q0hMMTWISpi9l9mqJMYd4e3/5zju3b9VdDyb2rkraXWyfo4lRRo4cs1WdXuwL5Njp5O55oyBcuOtVZ1BcLpfL5XK5XC6Xy+VyuVwul8vlcrlcrsdeq2pyt1kwNTIAuz8FmAOF+SsgiT8F0wkMDVTVn3nOJXPIB+K+5B2VCWESmxNJeKmVSQYIcgJNIdF0B7HBQC3781fkpb6YpaCPV8IXtLK6RPywxwnFDENKJ2lzksZtGobI1d9abB+SkBYxLp4lzb6h3yGxM0s2E47ScycWaxM7bok+uSWM8K8xkART7KfpbLc/2+8uy2FmVxJQhwDlTiJ/85+4RZanw54rbDEAGY7Rk36gRWBuW+3QPE9V88HyWKjUU2JUk4T+kXVV17iTltyDEqwTOVOmZeREJkbuAfGo24FF22i2C5rpBqIFZpA0WymelrBjv9LisXJVQpyYi8x6ggWt/ttbzPtE84AEuWimGtgaEDifJISGakhYkbAZksQTLLqolunr8cA+M8ydpCiMk7I20PONtOpdtBujpN/sdrWIfsbABmKdPNthGIfBeJfQnUbWFiPLlFJ6Se8uZQNTlKlk2YQAABAASURBVG0pmmAi3jhCCXWPISwCLympUwzDArIDzTUSlsesKIAMAIOWMsK3BmoexOhOEvYmAM+zxAY3YTPgwL8v4xVCczGxWd6mfhtHaLSPDgmuIBL12JAOWr3UYQFave3xB560cVq/9nf+2ffmw8W8v8jEdJb46TCnhQLojJvNNMvuRYGBjJLrYPzUy1/9+S971Quf/9w/8Xs/+Wv+73/PkU08E+t0Gy04qZSX/NjLf+blrw4E7/vsZ7z1wXcedpcvfP7zXvfatypkF0ncTaTr6sWGkAZm04DPwoyctQ3VWUhhrmY3hMZyEK4QDd2k28JZK5DttkBt0hSZmBrNw0xbbu4/QtKJTYkQKGbCEvS6wtnx6q8z+aGzs3ee3b65uzgv86GuyLrCNpJxxkwKtzoYUiJUCbXp0M2qDCUxcrHvGbq54qPgSdb8oMvlcrlcLpfL5XK5XC6Xy+VyuVwul8vleqy0EA/YquhkfAZgaV+3hxYeQosRBRfBBdNg54ZatxSnk1qP5WyPuQhrQqU+9lzAlMp1KIwCcKwEJy+UXpyWQI5e8oalnK9eHWR+GOalAb2x+hY+rjXa0zReH7fXhnEb0yakTRqHMIzjZhzHID4fVyJ1uGgu91rYmcVICOVbxI9k4U5ahRpLr/hro/iIP3iY8/luf7Hf7fM0lTxznor4iCgTgYZncKAJV5PrS4LE1PNZiX/FmpCBBVwpZsCHPU6m+l89q7Qvk5xbWxWiNqb1WKNktFQdpHgdjNPgY6Um0IJmiMgMUshsU/gs2hXCTsioFdTekEwZGQISHxEuKrd8ljY6BkmoBUw0ew4zODnCTboEvCi9gKzAQ4utIY4Fqtehlp/T5oOCJpwKxIkm3AyZTJYiFCOjFgKgMHgU1aylkDg7hHYXemnDXKK0dJ7n/X5/2O3qi4yapKTEiXSUtKdPyKLWIq1iTnZrCuyoD0nKCM31pGieTj1Psfq/tCFgsVbokBbGGvSkbHCx8E2BDHSRtYlZiCx9A2cfRUGv6qqqfcXWJlEGHNMwss1JCtxJUekVtMnWRiJ0WxpbeaVDSHgEZyAdkQz1OC9xJ7p29Laatwuvl9V6g/vo0WAp9CjglUd+z33e0CKR1BBoEJOZ8r7Pe+/f/nEf/rLXvvWnX/H6v/Nn/+iHf8Bzv++nXvmSn3jFj//sL+53czd8+cXXvOkvfvk/FVsUmWkY8izLd+bEmq/7599VLnf5ML3Ps5+x2x1e8q1f+cIPfN4HfOhnBotfghHCICNfJ+XI4VtsqVLPMuqaE8lWwdBH4pQp4vm7gsVoZUQV0JYRLrfbhohk81KLJsxtmmqkmOzj2DyPZMsqYoMSeGZhFJehOvFziCXFPcBlns6mw4Pnt+9MO7aFkbQmagYuui6CLDqeBFe6vW3scig5VaArs1GBbdtdG5sEyd0Cl8vlcrlcLpfL5XK5XC6Xy+VyuVwul8v1OJXGc0AzOOgvq8GBJMnI76jBHovfAioXIXhE1odENWSNV2BHivqAEmttvBYn+XvwJEkRRc7W64rKOyzffeeXBJCwL983YKQ0+kS/Ia+eDWNMJ3FzkjbX0uY0jidh3MYhpWHgfAwu8EqqDRo6wDVmiayQV4BgKZ2DhLLA4v8gREFRmKFIlZ3aqz3h5PIwXe52F/tai54nLt8y6lFaBIlcOkrSS8TlodyDunUUxIWHUQIm54npHU4kojxPuXYsYwViN9CMNNSkA7UvQKkIje+hJftG6sV8ySh5HaiMitkjaN9KnZc6L4FmhtAAC+6HIl0t2FD7TKt9E7bzAPWyddD7o540Y4zO1aqxftwGPJgJTdDokEaQMFCSod1OUFgkyhVqk8TXRLtCElEEdYniWTIOSU7VDEVArF3EggLNvkcnwKydtq/a8RjWF7fbk+0wxhjV46SOQbBu1kgWmZjmCWPLpfA4AvVZA5D63RcLjAqwZOXonJTQkNBMIEiTjDQrhymB3AN/wPJTZHxwRia7Jiozh/aofUkIHOMUw8AxSpyqU/toYCBHe06uileTbwxSODIsQXu5/47LEr0qunp8xXvi8etDcTUCCEN86lOf+MHv+8yP/eDn/Ve/+cXPe++n1Rf/3P/xL9/6joef/bQnPv1JNz7n0z62PnaH6Yd/7pe+58d+7nt+5Gdv3jzTc/DQMXOnZFIJBAPghzz/OR/xgud91Ive7yNf/PwHblyrjyc+8foP/fBPwTSr00l9Hhg94SnBtAvGQRcC4rjq9CQDGGW7YgoEGpSxbJWm0DGSZlzVqR/d11t6le7o1Nan7Kixhd7IguYlJNBJaAjbPtOB8p7KrTLf2u9vT7s7eV/vpKTICzeEoGwgtm2ZVoloAETHliygvkEkBj/c7rqkW6iTTcj1rd29c8ASv+VyuVwul8vlcrlcLpfL5XK5XC6Xy+VyuR5TYftyPPU8HeiogH6bXh9WjCZodAJIGAh7ODB3ArnWwAtNpczE9dcCudbGOW0hUuZInZLtS/D2tfZuyWE1xEXU6uNmzLBuLhtGBPOq4NJpLasPw3C6OTlNIz8wnYQ0xmFg7mTEYI4YEthAdiu9CKv1Yrvro0InGW9hZVD14jgic9iqpeym6eLy8nx/OJQ8izmIptBEwUDENCAGBSFAs02igBDreumRoUSp3TcfDtMhm3mGGYXYWwVjoZawAdAZCCMfoJWkg2EZfO0goTOggRcKaRT1ttCxEJZHknxWPgSE2KOXtPuEkZEKuOARGqljD+iFbuyGCtStTWwC6X93+00oDmEGJzxa0bJvMCr2IsCOtEpvR3ATGdqElsOTg4I1QVJyUKiU0PiVXvi27BG0lpR6rXmeJWmEzs/OaovHcVPPczpuUkp9wmGbEeL0U9osWjwm5M+9C1q8TpgsT0SoIvU4kXgfML8Ya1kRIxexnTH3IM5m4aCcLMAPL6ZgoSRsMAK5BFl5bNEysJlNEkAnpvpIQ8IUzMlFE05w6XQ8zl5pOS1HKwwXqkE3A7iH1mDae/jr40y0TkJqa+uTP+YDP+M3v/DF7/fMpz/pen/ng++6+V0/+rKf+PlXP/j2hz7rz37Fk5/4wCd91As/9WM+6Ld86As+9WNeVB//+3//R777R3/2G7/9B370p19RB6TMgUeG1znjQl/7N/7UJ3zUC/VU737o1jd/6/d+70t+9Id/5Kcuz3fBCCMxLzGPHZ7TA7JhCEjgTlBzHpEMmEJkjBJBwzLqcl2NDS2bCK7cq9oWAu1m23uDhASJ25RezQKneInLLzJxIzu2SKoO0Xa8s7t8x+07N3e7i5KngFk8YdSTpV056PQRIu3upX5lWtAKm2l81nruuVwul8vlcrlcLpfL5XK5XC6Xy+VyuVyu3yCyOjQaU2HFQPlyemhghtIeYEkUlhXCqSmZWRNQm5NyIMnWUe+TWtBHmALMEqkj9hvUMZOlArkk5rRX4vKde/NcsDrt+iOaUSLBOts03BhPTsKwTZtxGIaYNmnYjGMt0o61Cl9LtbUIO7MDgRERdhdyJDfDtX2RfvEfG3BBmvfDTRDcoEE4tcJfSjkwcXJxdnk5zXki/Zq/4gP8Jf7IaRuc6xMki0YAlCCsQfMaaVEkOZeGmMBh3k9MnTB0oj0Q4z3qsLiCJyyWQi+v3gRsbcIXjpIYEuRADC84bkbHWtkRYR7M8QA7gENKUCh3IoYzAK0ybR4t2obQ2iWZMc0VhySGqZ9Wu7IsxMniaCCf1QK3MCIaWCP2JlLMFgsWJUtCwzX4EbGg5ftg4vusv4/i5WLACud99KymniQjU9Aq3e0Gc54uz88ze5ngdntyst3W+VMnEShuwjQVKdki04ZBGvF6WUXHHBlKUB+sxBE4ZjIC1PAXbMlQ6v0QbB7wCUvrsLpcMie01IVVm4A5lFmiakg5n/qcJC4psRVLGlJIUXpfjX+aB416u/SZ1uYJPBqtJpytit/Qsll95SWFucqHvd8zPu2jPqC+dJjml73mzT/yc7/03T/8s6989ZtAlhEnE1F56OGb3/o9P/ot//4HUsCP/pDn//5P/djf/Vs++nd/4kfVx5sefNc3fvv3f/N3/ci7Hzqr76wfCAV++mdf9ZQbp9//gz/zH77/J3/2515JeQLeJWFkHIpHD4RPSaA4FY/YIJZEIH3/xCc88IIXcZPmabYZL8SajsbKwQTWx+9xkMQBRbkTdvjBQpp+pCBZVDhPgTiZMLxZznX2150OcUK4vTt76OLi3ZfnlzlnXrKxtAQcbQFK1lenRhDgPcyavgWs2++4icvlcrlcLpfL5XK5XC6Xy+VyuVwul8v1G1ICA5jdhRQMaWW+Ic+F1H6hFMMvOFFH8nSK8CVcTp3Z14Khk1onz+zDkGfEEuAg0EkOi6VJx06aX8Qq3iZYGZNWz72Z9jEjO5jrCAlr1X1zMmxPh/EUh5M0nsTN6bDdpk0KI6r3A0fjoIRf9Orz8s1/onUBl10skFbFT7EMkJu27/FrrXQuZT8dzi8vzy8uaqnaABjrOmwtFNojpBDUj0NhFg2UIS3lK7fDkTq1H3PmHpwPWV6xm1Uiw2rRJuz915xVzC9AWl7LxykqiSHECYYk3ImahqzqutSCdCxSRw5A0mdssLjYrc4H5p4C5oCiGEULBaJVUIcWthnNEAccOSc2JxtuLhe8GwKBzbWhGaug+a8AYHd3EOuTqMekxAn3Xy3eJ36EKHxNrd7z7NEAHqUtjOnpPj38Ee7lXNRThfI8T4d5mg6HfW3MtRsPnJ5sQy+ay1C1qBxzbaFG0sQ2F45n6JqgwjRz5d6mRO09HaylN2TAtNNIGJ0izkGynphXqY9Z5hVbngQlrIQaqmM7xDSOcUycpNOoIMh6o0pp9UwqPJo1jxIf6Z5Hj5JT+Y1AC1z12bD7oh98+eve9q6Hf+aVr3vlq95wuLwQbq5RUeIgo4uQDYYgzvPhR37qFT/80pf91dNv/P2f9pv+69/zyS9432f9T1/w2Z/4ER/8eV/8txEicySEX/d13/F1X/NtJU8l70cGO1KQ5C4O2pLwJ+DcnLoy6zNfK/Kv/AxCcnzuF/6RP/z5f7Aev+Jnfr6niPUhVG8hgHuFzvTDhgq1pWk4GPI2KDshhgaq2e4gKVOgzkJZpuJEMCPsIV/k/Jab7zqb5t2UJcZKN2pBv2w6B3XIau3AKxvrex4Xx01cLpfL5XK5XC6Xy+VyuVwul8vlcrlcrt/o0rJkaJ4aZFYJ0ErpZMEi7Z3CoMzqcQJ0EPRkopyhSLW8SJ2c5lo2D1QPqNs8dHRkXTJdcAqgo/qjpZMcvRCViykcGTMO4/XNybVhexrGk5BOh/EkbU7H7ThsmPeQXJtothZSEz12baB71uA1Vaj1w7qt4tXCxiT76XCxuzy/3O2mA4lZAK1aGLRUrdk6IYYl5oU6CaFlbWEgRII1TNM015J38wvQ2m6BvG6NYUHUh0Y7NSohUS81xjSkZK4n4nESgqUMAUBvKKpjDWnIUGltl1pZAAAQAElEQVTECWnhWZ6WbJpmi2LND1qvpiP3jMLpPHLAcJJVubWT0SAIVA8V7QrNPWqzwfxkJDoHWtgHu8VEUGcVg1ICmp9HCs3ERQ4sTwgbH2O3UHq3q0mIAiTsw5Onw+Vuv9/FGK6dXttutyklZlcwrMgkJm46UqMkzdJ9sKKnOj2zhk4OMepSUqqGGm5iQTpSbVeLG4kz4nSWjDgRlrpo6uRg/xY1xGDqhkGiFCgITZQ4QipIApAsSMlAQa3996giJEN+UMcH+mUfpfo6+A2t1RJvaS5H7ho/+fOvf+nPvqrM+7oaJcBGlpeuP+73IJNNPl03tKI5XeXO7bNv+Fff/fX/4js/4kOe/0d/36d89T/7dsycH8ZZViWGUiJ3NuMmKNMqSiSVgGD0y2/85R/+vh+//a6bdQzf/sYHv+Tz/9dffsvbh4Bvfs2bvvhz//w7H3z7k572lGe/z7Ne90uv+7Zv/LZgxFpdDGSpN7IZX703vT9FPQLPq/ojCypVdA3K/KeFUJO5EYQgkZ1CFrzQh0yTCG4S4Gze3zzsHtpd7moHQZk0egfVZMimu3rqyIIJLbUIDCvryFN7KuZxZDsHNhCvr5yeswMul8vlcrlcLpfL5XK5XC6Xy+VyuVwul+s3glAr0WAlQbM40PAPIxuUIchkMAGKzUmRZBrmTjgLJB+gZLAQCQ4IiZxmU/iAE09K6GkKUonVsn4jMNYVxlU1dQFCejlSYAKiWsqNFDZxc31z7dp4cjpuTodxG8dNfQzDkOoj1fdGMchoNVBDTMiq9N3HBawB5m+B63ZcKX2SZAztpuliX6uwu8M8Gz+gqSYGHggTwH4UkR9y3M4jcR7ScXpTucy5cLrOXFRZuyWY3Qd1MIN/ctRK994AfT1YKIYAGMKX1Htn1ETCOtpfrZqM0OwvrFNIbB2YOwGzMCErAXeAA9tnsdngqBmMVLeR42EMgWkUSxHTnHKlHh7bMDQnDrBidTDrG7kFPp0U+ym2JvCrEIx6Ue+WAIOxJtIDcqxn6bSKNqZHCDUnlSK3n+dpmuepdv44DtvN9vq103EYCiNTJGBKqdPYzoESr9NvBvWukSyPSVvVJ9HiklKViMv5pKCPzrx6lGHxOak/Z2CKoUh35vocgBeQGGKQRKrEMYXI2ENKqc4laBlEGJcF1X7Y1VtJ334uZIx1Rb8Zm1jvubyP7zle5/HMBtAjv8O2O3U1YcccnlAGCkm2Di9hzXUSoxDOEWPyp3t60Mte/pqff/mrBe/iZRt5byKm3XT1sscJIfNBJOwZ1Z3xx77vJ1/6kpfWrXObhnk3v+Klr6jv26Sh7KdX/9yr6kkfevvDf+2L/pr6LKU4MF4UY2jbwn3uhDQDrP+yCrpq6J5s9qRzcrXftZmLtkNEPBCcz4eHzi/O8v72fLi920PdUlPdWaMu28Z1SScshz2fi0K3yVkcUIjw6B5w6f1H1lWjGnC5XC6Xy+VyuVwul8vlcrlcLpfL5XK5XI8LmRsCoBInaNwJKa0BFvsh2TqFvzjP0Am/VpQ4aR4nE1B9zFI2ZyIhFgoGE1jsDBptULrlBVqYjjVEy+bQy4urKmMpZlah5gGhsJ/HtXFzPW1O03gaNps41ldGpk3qz6TUhN6dlF7lJOZzYRkpR73Q+JfQvrq//lvR5BhJPply3s+H3eGwn2clLEqjLiSeQtxNYgoaWhHC8ff3Ww+wG4hYxwhokoU5ycLyCLxidWGuc5dWotVUmsXshAEGNgUhlGK0ohf8f2J/FzQwoREYhipYH5pzBwpLJOOTl14QYxKzV9DYjZU1jBqotBwhHtwMzf2Gbyn3rhVCCLttgbl8EPXeFbZG70I6DtHMYVDDcYJG5ATxW5GJovgJpAC1DB9b53aXBPVyEFaHp6CQNEXPWT9Ve3k65Gmepv1hnqf6/iHFk5PT7WZb+yvPM7Ye78Y+Mltw5dywNsChu6dPZ07kFUhYDAjRExTJHMlakZcbygK31BVTu43zqXQtDiEMKQxR6KXIBidC10hOE4MNxg00tEaaa8zJ1fK9rYHVL/pmW1/W0Ktold2sjdz9gJNH9KJ4VLk8j4Ww+c+A9h8zSzFCKuy/IxlHQeOxMCi2pmtWvKDq/KwjJKY/gQkinqUFLZKKg6xinVjIxkORPWrqmOfEv0LSbB15swREsaeRDH6dfSVoeJRybXXDjfU5qndIkHiuKMvbttGObR3fla4tsSoBW5FknkMd7eB5iMV2fDQ/lyBeLMUSsuBQ6Izyuy8u3nHn5q4uHO6bRDGR9QujNbg2d9LrC4jWB70Id1IboEtX10GdyfcZETwCAO87bvf5xeVyuVwul8vlcrlcLpfL5XK5XC6Xy+VyPYYyfqBZX3QswKrlpTEKuRQtjNfCaaBSa6az2J8cYIFOaj2TFFMQNMEeqzoiqVeEenhINVQ5AWoFYGwfaXXKouVUMt8NrsWGTRxubE5vjKfXx+1pYqeTTRo4VqY+DUMt/FL3d6D1t//V3UR5D4Bm4mCts/Zgu3frG7ISNdSbP0zT5TTtDvN+Fk6EoYb6Lr7dgEueTpUAKAsPsWqAep2wvwn/koktN3LmNi1l4aUJ0r7QBqQxFpKiIlVx4xzEQ0GzOyRVZ3FAYbONoCXn7pGiTiSlDpbaeBQL5TAORFgWTvMIa9+O3irsIAJXv4U/YnBmKnIgiT1qHBEwJbQMDUkEMXRHYkcUaLGmgpqpJHktcqOjJftIdA5KPJPeqvg9gEUWKXxjwBDh4uZS1LGhdT87yewP+91uN01T/aWe4+Tk5PRkuxlGPlNzwGn32LxBqCftlDYdbKaEK/YmwqksGUbynEK2T6h/TUauus8gjirMLtQpxcxOiXJ9SSwJI6btGMchjtIndt9yFnmDjQBho5hwPVlt0tiQ4VGyDLS5/ah8Ja6qLR4jUY6ud+/3w2Osuxsg0/D4D7KKmIQIhEOdWwobyTzSjUEIqLrL1SU61cVacIZQ6vvEc6bO0owy25r7DO89PLRJZ2oIbA9CUDekyKxJPRkvfrQgJI554sXNvkRCXhkQVkBdpaSlsgojO53IioQ2tUkdm1b0DInvkIKCCqyQeVdJupPss0WCeqDNBc5qYrMhzAFnWbx1N7os5e2H3e3D5TnnpzE1SCG2nTp0om2hA1uPZmG0oLOEvPALdCYrBFgtm3az5KYlLpfL5XK5XC6Xy+VyuVwul8vlcrlcLtdvaFkBE3qRPRvqYISGvlIkNycLdKL5MFlsTibIB8ZNYEKamTiR7JsgYSZB6+Wk/1shXwq5Vso/qqmrdUMzcOhS8wchDNgYpFbbxxhvbE+edHLjNG1P48mNzcm1YXs6ntSy7DhuJOUiyNfsQ//y/DpMR4kTZU2ueDGgRdlYFVSP693W4nK95SnPu2m63O8up/mQ5yyWLaA+HGoLwgkYksdh/ghL3okBPexoQc3aZK6/1FL2PM/1mWvfwSw/unEArArkCD2MQjNoOLYjdCMQszmJ6hSiPZYU6yA08w+DbLIMbgmUhf8odlJpbGpl9hC6qwFqDXvVKBuXmbkZNjqZ5vkw7Rt0UhQY4kARceqQ9+bmoWLgTJDKtHaTukcwdBIlPYdzTRg6ISlY165PajjBZX5xfBCjiKhGKdpJHGPDwTh1yKMW7y31hmfrNO0vLy+50+e59tm42Y5D2mzqj41iK0HnnZ2rKOjUbrlY9yjfsXI6wW5sghr/E/sr2lOJrXDU1wbZUKb2QUkwFTrUjmPeJpB+iuOQQhhiGFIc5SAp/UPSGjREC6yk3zgo6COnAIjZp/T5DtSXUjNq+bXyhzjiOOCx1v0ghqPVvnSghL7IVAzQKSPrZZ7mxBZPU64bAMw5FHYxCZQC5iDznH2XDIzjSclDV6A+JyEzEiMedVqXRBaIxD/U8UecgMwCaBki/mthHKw5iIiXEXsnKVtGsHYZ6bfFu4tM1v6rzJ4OEHYki2DB7KKevoSQQ9zBfHHYnR8O5yW/Y3/nUFezRAsVsw4C48/kf1q54CzbaCebVjez5rDuP1qP/axxuVwul8vlcrlcLpfL5XK5XC6Xy+VyuVy/ehmGUYQh6K4PalrB1XLKYs7B/hya7aHEyR7KBKTPGQViEJiAiQWpcHfXAKt3c80UpBK/wlCgGzSsKuSL1u4MpRZww2YYT4fTk7Q9CZvrabwWNydpHNPASSRpUP6jn0O/Sl/6aVd+DXZ6XKECjfOgRpz0DpqoXB4Ouzzt87Sb57koi6D11CClZ6VPMGgkTTB2hFojpHspsyZ5ZuikLNEX63Yst4ywsuBoxWOuV8snJP9DXD+YXQhCmajfCb8U7IRE3WtAuj5zjE9GonWiRcviQTFDCBqi0bGXtV8LgGWNsP9Dmeu0OEzTlA+kHjLmhQFJQBOEQXNDSL0jjNPheRKhRZiYxUoQjIbxmSgThbEMiReR/hQfFPaR4ffXCwVDQORyTFlkLp+3PKOW91Pmebq8ON/td/XMN65fH8ZxGIYgGFDJWfODyHiSRmpcGf+FuLkyJ3VuY/M3sVf6aKVLlAilIAE6bIjB1MgcaY7MmsQxBU3P4eeAiZ0zOIhFwC2yRlCzlqDW+Tqk2AYGBEJaO16s1s8KoVott1+98FflkvI4lY45T3eZP2QEGRglJvxUES+fDJhLKFAfsVAqYuVUgkAnwkKBxkRRREFM6i7FbArxscykQU496MrlT5UiiF2gvkt0uIkPik1K/StzdLY7NEcobSYZZSJrkppfT3uPufOgGAVh22TaZ41jw1jvZqawJ7o9zQ9fXt6+vLyEcqhrNAo7CIEMWIvtc0F5HHkgrDDBhcjSXzt/gni/mbdadS6Xy+VyuVwul8vlcrlcLpfL5XK5XC6X6zeymieIxB2QlmKBYZMZxN2E8yU4F4SPJWpmIlLiZIdSVA9WgMSgiS1c0ORaKi6VcpCy5P+fvX/plSXp+jwhW2bm7hGx9zmZ+bzVLbqai0rchKCFxAA13wA1EjNmDPhYfAAYMGPMrAfMGDECNQ1Camiquup9nsxz9o7wi9nC1sXMzSP2uWTmyedkvbX+GRnpO8IvdnPPwfrF/x9AclZ6+xPs29FXMMVDQr8pW1McLtP5FIfRhXOIl2E8e9qOwC4f3rdsBym+MukBjaRRCwOuvbKBhIOOzEAnphe1BFqvvKb0Oi/X+fa6zvO2rgkZ6mBQwvuGmsi/fV2+ZZLU4BmKKEqJAnXIywA5ZgYwRkJEEDSJ5q7+WsNSXLU6oNHV9BxWjNFlCbShy0eGTsRhRorMWgtGqaBrVpKUjcl0hOdF0moENpEYDGhOGUfSAMX3BgnE2dK2bOVFGA3WYA/ZLZdS/UoV70hcTIA6t0EgHSFLeOyl2dxmwi4IPeFLem5KmVbMiUfXc2oR7+cbWNS70lRrCBrlZX69bmWytrU0Mob49PR0Pp/JjEZCeRzEwGhUrgOFXWII2djs/b2zY+CJcC1MRzZ07oCXPCu+DkqOZMZshLTxCITrywAAEABJREFU43gaovqalCaEQdkeLzAJJx55hY3YlSKrdY1SU8rwiC0Qd1wGA3ePCUkz4ll11Qilrkh1vHFHjOiL6n2BmsXFmwfjd7St0Pvt6xuQaVzJrYfXOy+FahJCTyVydqJnIBMnqbxgRIw0J/LwkvyqDORxIsuCvg1kvZMHck+hp9HAsTcBs6/uUZTMA3L75RqT1HuvuAD++CDgRxOPbMMzsFJjvIb5PKVdDGDxx178jSrUx4gJNZMewPLYStQWvzr3mpe/LvPP2+2XdbnmbSu9opQySOvGziyl7QSdyBoT+ITcgMTTqNMRmnM70qc0Hx53Rg3/+To9Ak/4/TOcTCaTyWQymUwmk8lkMplMJpPJZDKZTCYTS8qXtVaLlc/IZGeSuEyaxMQCkUN2cCUYBWfEBcgcZXPtB/RKeIB6VbCfxh64oBE6xE28XRuG3cGhFjShUQ8xhGmazsM0hDDGWDZOcZxCJJHhx+CdROpApWekRtt+mC+dUlcI0OwZaVKFblpJt26klG7LfL3NFKyzLXPaHDEuQRw4XBCXkYadNJsTsRrYCZi0beQLQqE0bHFSS/9NbFqwl1YRch21UEcBBDoRUCMyQCEXZb6gFLmpzs3JOB5y5sgZCU9CvqLYfyRXa9JajYaD0wqH2EhVWhqeq8OC+miUgyldiCKC0pLwtm7kPMKrh1kOhTS2UpdPya+r+MCg0wn1kpLjpP20K2V4MFQRvGMPEC88ioxG+RM5zSQwVSTn9zWxyIuDC2j1mmiaLa3rOt9uP3/4G3BSz3k8XZ6eLpdL40IkrEnpgtpPqO9dLtNdNgg2UspXyW4041ghKvW4cfE2Zs0yEfeW6ANlQA3DafJD0PApRQeyNI73rxwNt1K9U1CsYvze4v2mEd6gYiputz2RdVa7ovfVrzI7wW6A7j5E91tsT34bKPBVR1Xi5NhDITXy/perbkHyzBPajJ176PuNbJ3K6nQJKc0r0UKGjD6hzxiRzE7KVBN0ojdk+ZOQKo+ZrE3Ac54O8SUBM+8mgFve7XG83nfyyNWVhWrRA8S9ZQ5SkoZ57YJyG/toZH6S3QVfebnRu75SQzPfMXzLU1wOpYgBUzTkRvSStr/N13+crx8z3axuHMvjDTk8TA2TJGsK8nHCGdNpi1ENrbBntfgJ6zuapiXu6COI7GRQc6S+JB5rfbqD9AuTQScmk8lkMplMJpPJZDKZTCaTyWQymUwm059BWfNSQMvfTn42LxtsbUIF2SyvjbmT8lokUofTWJCCQ/j3/IREoBIjHDqh1V419QBopUq1a+jybkDr68qmiJWAICpAaRXu5MdnStUZzzA9xel5Op2HaYyEnYQQ1NaB7QkqRuPl3AIotOQX6hCXmeUQibFQrwxpD+jv8svbvK4UrLOuW04pZe6Y+ozwe/TCBjjffs9PRI6aF3C+SuZoIszrtmVlDPTH/1CDUZR+6crlgh5ArSYroSJBPhTE4iOxGZyJg05SZYSkoMkkYKVzbWjd74vGqIQLVCsUCbUR/5c6EUqaOOeqg0WpyactbaSc1rSWnjkQpEXMNeQcNLplrZTK+yA1ei4ai80JEyeUkyNlZB1Q+lzcVpxwM07jeLL30NbOThRxHboNEBlW0DAT3XO73uZlnsZpiGV9jKfTeZxGx9YpHLZErfF7h9xuhqNhR9XzgudH9pGR0hYw69OFijTXFexdPqJ/FxglYTMaToACzgciPxceJmmNk5tNloAiVgKkyEnrKdlmwun4Og54UhSh7uA75wl0u7ePq4tH/GPcV6l3rVAAols8bV1++ui/qw9FXd4d89A22kvTiPavJPWKXTvYByi5cocnIs18QtomjxMkmiSjzxwQxRgFIVJkXkIwFXFSOUd+wJXdBmKk6FVuCo86i+px4nO99bH3/mBSy9dtt1tA9f0TYyL3wAwxItVQOyf2JvW+5iYjJVgBUWiMtoFEqJVn+eLydUt/vb1+3JZXt20UDuTlEU6jRIYsnm2okNxNsDF0yo7hjtRJswCrLZXMPncWG9B3uGF0ZmTFYjvtfadbLxlTrDei/j+jtC4bdmIymUwmk8lkMplMJpPJZDKZTCaTyWQyfX9lDnlg0EThAbHi4EwYokmSE4OTvOaUoBQtcXV5KyXaUlr0bPLA1VX6eb+U0olg4FN3RXBJouFCI8pVSSgVTi2nUmyNZIZwcZHoBKn9Dz6cwvDD9PzDcHkOp+fh8v50OY2naZhiHMRzgquRmeukYhsB0qkmzT3BClK04AeotXmn1hOKGFCwzjavG/mTZPJAIFwgCOMh4EfQZB0ngTQgtAVRDWwQQK4JnK2Tstv4HaupQTlWfTXc7gogp9ABw2r3gpJzoxegAB0KrCmFZOm0NIDDPTRkZTfd2AvudC1sbhBtT1/9FziXKEs40u72wmxNzjWLp5SqyyJYl5QotmZe1sRQ0c4MuWaaUorayVeDBrKKAEe5PzQ9XJ33IYpNCIgTCJXlaR/PthHMObCpi4ys1ujbhQRvyWyZQ84pHtK2FM3LXJpVWjoN4zRNZZyip3AfKqCLwQJgh3PIiEOr2es1qJrOyEu/fKG5pDBzQsBSqCN8GPF2UDy/e5bmUi4QYTbByZn3k6rRTPNv6M4iFEGzWHF3xiJ77pRrR/TESf0E9kPhgVj4esFvsTX5DkLcEZN6r+dD0yVIh9d0Mz+ipZCIOClPOQZNOEAnKVYSy+rJvNyEOKkjyY49GNjEhFkqDExZCEnBC72yY4qY7EuqkiKuPQWwM2l5HG01relQHtQkHTnJ3r3DFFdHFvVKgSiPgfLkfs3bz8vtr/PLh/WWg88STgbCMxFlgmItUn2iSv/g2DaomN6bS6Oxcn1fHvr1KxcV9LekwHvOZDKZTCaTyWQymUwmk8lkMplMJpPJZDJ9bwlugrXuyZ4L8pt5qsKuZHNCiTBkcALyZylaamJLVh8IKWrWWje8VQxsngv6g3xCEZz4o3R1RGz+CYwHQOC4kSmG5+H8PJ2e4vTudHk3Pl3GM+XslFo+22TUmAfcf3eP2CJ1GlQi58a76uWjewCXbkvtdVvzlrYlrVvZQi7DcqO89wx+tIwVL0Xo1gtxFxGPk42olSxpGG4vvGoT1FvjoSC7m1KAuJh4dlMhfiFwhI5Yu3i2MWh98FLnrcEhaoPgJLqHeBhoWS3iaMLRMEChNg1/aM1U4gU5WINYJPI4SRxfs87rUgbFc1hO5mwbqBgEMlYjFfnm3VEaGTzE4JgCKZdDXwEOGkxmcBjNCKFbPUFq1hLx09pWXWGY58kbbjTI6410vZaP3z+/f//DD+MwyOre7RmYZtrXYlsrXbnf74Vw2N0x9vwhhL2Onh+K5rn/I06naV9YHqp3zoMdB89rvVi7OnR7AuzNrW172HL7WbGdvq4xgWLE4uVx/y/pLeeNP5/anGLLedFxa+4YjCnxwiGPJt7c6CvyOFFrE0hlwYPPBMcxcUIGJSGVFSxsHZ9Pya4cCY1iKxTGzMqyppXNTzHvxDhI91fPpvpsrbBIhn011m70zBi2NcKzSHea2iPVQKlKzjjXkLX2UOY0KnoxBlfuv4gUjrXOOf3j7eVfXz9+zMtSGh/BRybXOEUnCM8F6itS/3OAopgku1sE2HZrOjInv0sVaquYmHKKzmQymUwmk8lkMplMJpPJZDKZTCaTyWQyfV9xvATF6HAJNDFrwX9iSmlFyk/ZoFT284p5Y+KE8yioxpk1lwbVNuOxAq7+Ia59w6EIXDQk0AEbsFKVGaPg3BRKrij1xUQhFWPwpxDPfngez+/Gp6dpOg/jQKwCW6vouXunh2rdUt0ExMCib58knOg2aEW12SSknNe03dalvK9b2ogZyZ6aLLE6NfFFqQgp+AIeRCeRIJqkiUVwV/R/8DUAxRK6JtEbZ+qIq0og7iSwZYgMFBkuYN99tqupvXGcHJLYzoUCRDiQAuvEoHTEQ63K9wVm/pNNIKj1icah9GRLOZHjDce7KDlCFgkt40VylDh1xPuBHFmAPE6AgBJ6sT+MbHPXqDuR6vW0g3dqzeAPhgZqQUMXpC+oPWQ1A7CsmdxNtm1dbtu6lvE5T6enpycaoDqK/lDWR+lexZvqBu4rYfdocNUgorImDjQlSr9wu+3EI/0RmzdERwVlKZu7o7NFnfuj6iR8Qo/XbKxJZ3wh/BZm909aFTLRvvPywcr4uN32hx8Mgm9QQFHm+0E2lDjJng1OApMaXoiTjFFidJjgUFsS9g5i6ISeU+zyRI/CZoWy40uVOOlbqMYn+snXSOOmOAdI+5WVQXG4X6CSGfxGXIyjXCCitkJ0IcyY/nq7/XJ7/WW9veCWPKcBRa+JYsgeTVCtnsT0CQ6PaIddPtFxEt5CoL69eoTw73E9k8lkMplMJpPJZDKZTCaTyWQymUwmk8n0WSFn6PA7B01QJTNhTpSqkxaK0WGPE5cXh4lSU2piCzB04r9U+OtdTFwtjEKNZpD/eqroSq6NF5ACmHQoheBSMT3H+G56ejeen8fT03h+mqZLHKcgphhqc5LviJKKfTz+IF4uLbTKbjXS8kec8gBrWm/LNi/LdV2ItSgjw+SH89FxsI56dBAE0VuNyJWT1LHJF6Qcm1IjMo6/+2+eHoemQ9dU4TeCXLniJsAMR5DcGSYoypfYfEmYFfHM7mRuB0EnVKXOGoUhUTmaYZNhdzghMiFA5IlQSwbib5xbt21ZKb9mTRsbRQh6I0FJnEYj1yqHB+/rIJJ/AhB3MsY4esVNAu8cy4tr1xRNRMYnMEhYEdtD7GE6NX4J2KCCQnhAV+y2ldd6nW8LeTWQhcn5dB6G4TxOQ4wMUCV2odnTgnoew+8rEBqAIrBLc0Zh2EdnTXikumCy02wd15Ee9x4iUdmeO9+ferJaPIf+m+4m+ZQ+VdrHIwTQzoMPy+6fkHaY5r7vuHffKZGlWJVSJuUm5Qyd8k6sCT1r5IWObnEO1vHMmsSyJpDZDEHk8o6zRI3RoTgxDtah9enFXQRwj7rBvg31UYhv8yadzUm3A9aL1kwd5NUr3F6lV3RtVTsQuTUpGmgDKI/web5+WOd/ffvwMl8Tp2mxzxFH6PCpiJ1BsWzC7kEkDfiaJYQPJAr8RjLk/qD9/xn7l/i1wI7JZDKZTCaTyWQymUwmk8lkMplMJpPJZPrjxKYmxEmoGUcry7qNQifotWJeHa7gNhAyRMuZTJxwSgsbVHjYf2bv3vwBvwQ49Pkl7V2L7Wwi4shmBQWjOMXxh/Pzj5fnd6end+PlMp7OYRgJYNB4FuxOoj2Smiw2l5Pucl3xnVwDFNrYmytF0w3TdV5vTJwQaMGWHhCCY28VjrjReB21v2BlHsFEJiD0Ri+keJ0s3IGH6odCFW+At+EB0H+cXMlzlg/hNdzygbmMIDk/Wrkm+sfVjnqx5XDyLYpNidOp1WQPOsrXsRbAB/oJUCcFoJCNvHFC0JrWNa8rltdGXjUu6EiC4CnsheCxHLUbppcAABAASURBVODZ/aScPoYw+WGKcQzCnVDTIyEpDHZQHZ9tSMiwRNATci4RDskrWrEDA2VYqReU2INpXcrQ3ubb9XZLaZV8nqfL5TRNIUbP4BKH+1SWprpgPNSoaUBQwk+UMmGISVOHoKbqOMU2aKODHAi9aUsZ7rJ1HAEJvg8F0ul1bUnKufMBMYGGIlTvDo1kaVdxd5Ein2JQ3B/ImWgLAL9juskdTVbpsva9UELl7oMGd8hTIXGqTkoNN/GMnqipCZKdCVK2Dm3Le8Ac+HknTicedCUJc0crvpyn+iR5zbjqn3QocIyyJg5dF5qj6Js79KN1pnPoYZxMXKlqjBiHm3kFWvRxKFSfT5nDtQBSiMnDjPnjsv7t5cPP6XaD5CaKvip3thgTuexpuQVo7esf0dhGb2/h41P3W+u4fPsnupP/i2D7wmQymUwmk8lkMplMJpPJZDKZTCaTyWQyfVeRzUnChOJ0QvQJO51g3jBtTJwsgASdNFsBX9+9JDiIFQTWn+hjVzF/EPQYiNv9B9yeJkNFz3Lm6MNpGN6PT+9Pz++m89MwPU/nyzjFGJnC8OJtgofTQnXIwAadSE0Xda92Ef2ZPHUa2FVFa8nU/2XbiDhZ5mVdVorlIb8AcWCp7ErFALrcIEcuMSQ2NyHzGAZ55JICM0iQjWP/jR25gQP2gpJ3I0k6BGoQrhGg+nCA4D7Il0Z23aADN1BqgqwZWgAI9zJBM/nosCAmZpxzjW1QPiKzIwq7qJCryZY28npJ3CdHY1VakHPtvJI07HEi7Ekp3wc/BT+G4RTjEPyA7G7icKBIHR3HAXyLKfI6OtKfMvUg7EUbHnaOSWLTUkZ3WeZ5ma/zrTRqGMfL5TIMwzQMnpxvgIKHaLhQDVzQdSO8m0vwtHdrok1t9ZeRHKQugslVTujgqVHnMR9wJlY81MM/dT9IOFM7abeyDoTLg49K/Xw/NbReguuud6BSvkmNXjgq8H8kc/BFVQzBdU8NmY/9ISS8VXYaEZWFpyMDJQrTSRgyIyZbDli2sy+fIK8/J/k4dJvRJ8hPuozqZcIDLKYm5V4A5aSwu5vQ1T/37CZNvXK5a3Ov/hNE3a09KxEVmlKEjBrFQTsO642vtBkHkwF5uZQ7YRzL8+tD2j4uy99urz/fXm6Q4BT1YSFPNM4FUsTL6/XC/XqDfdTruwd4bLn7/eYj3bpq3j9v4k2Z7uHvughNJpPJZDKZTCaTyWQymUwmk8lkMplMJlOp3G2Jfz2/ocAeyPElaaUXcSficZLY+wS9Br7UoqokvGBWExPUQAnUcuFeP5QaJ9xHL9Rkk5170ICVUvkdY3yensjgZDo/nZ+fhvNpOo/DGHxgWwnkgyGDWnWwuDhJvEduP4uHyhHkjOokotETwqQwacM5M3Qo4LqlK6W2zOu6JvHB8IJIkPNICLFxJ+KmgVU0jiyJp8mwGxCUIi72QIGgJ2wQ0zwNtKnksEHdD+BjYBpDs3K8siaCQ1BnhKtobgnooZETbTSyq4YfklZDlJAgLQq+QJ/mQRE2UhZnP4VlXZm8WTPjJmLlgsi92RkNNbCh4nvGMjcjuPMwTHE8U85NGSOYYog+DBSIxC4xDogb4qFBviKTKArdZEaOsvQOZDyonJ5SWpdb0Za2ZVnK2aZhOJ1Ol8slUp4Oe0GALJ7cKBbOUdL0kSR1/1w9XeqiC3UUgzImqBSMqxiTeFVgS/jIzQelgR/NAEJXMUevtJvBfVrtnoA3PobPHNK+y0fE5E7wic//rVcHZHCsFGNvTqZX7u4sE5c0hIaIOnI3cRvClkNZrMkFQJ8IOimfh+zIqwfUcEYsRAI/FOlOhRo4BbRAAz+AQBeQ3mHKfzCG0gNODcJ7ZCcq9FSXG6+VnHPXTX7XlafkjBAnYuLDsVNKkIAn9iuVtR786mDZlpdt+2W5vazrLaWNWD0QXhAViZGnDUinkJEPVPQNmn1Muw+cwDN0iN5v7g8WcW259NDl6ucEFRc04sRkMplMJpPJZDKZTCaTyWQymUwmk8lk+lNIfE3Y6gSQQ0zShilRoAln65QdnFOTC7Fc8NDSIXIDD2CPIJHy5ENBUMJM+s+1kLpbfQgBUK4QwZ/j9G56en969/50eTqdz8NpHMYYIgWzMAmSd7OQ9mN4cP2v4tHtREs1YoFmLlKKs0JRcHcSZd640ull3a7LXER99sGXK3oWMDLBDisMQ6gXAKpHDJE7nK1TuRPnGmYjLh1SKHXqWgGNNak2LFmNChwRGQNhJlQBlrHlwjc7LEhQTovXcY06yZJwJPEdQOXpRGVxsXhwqaXF8IkluqfiJtU0gm0f1CdF7F7Ke2IoJzGMoqYcHnUkvfAigU1xcPBuBPKneRrH8zCehpGdI9zAWURREomYIomMnjAO46Geta0OdXng5ZR5VZRhfSUUqBTP13Lo5XyexikOsWgYBm5wrhV0yXlqFhPNg0QGDVqtOlRHEEnB0RidupgrMcAldjmdUjvNSgPqNMryawkqemTceaC3BP1/FCPxTgAucB0mwqSQ20vsAF8wLKnuOm9cwP3TUL3F623WNrHZw6gdT3lPnBbGyTgUqbNhue8pSSdjRIyJcBOmMMDnHHgB8W1KlElAfdcYHa+YB7QYHddxXrBPkatJZQfwZFf/EAS/EydvW3pw29WJiohARFefpfJkEeKk9CB5TkUrnwe4pfzX1+uHZXnZlrkcJq5JFOiU6Bkqtx5fWsAuggrlGa3oTFuIdfHrY9YL7KZE286syVx8Cnv6dYLqfIWMgHGUFVQPK/d3gF1MJpPJZDKZTCaTyWQymUwmk8lkMplMJtPXiuJXMkEFyJV7yoRZcuJUHQnWIQ+QyjcQZqBVXRAGwmkUCriDk8knyuJw2ELXgSd8BnLRgAHCZRzfT0/8Op/H02WYxjhEAhW4uuqokixWFiCJL42IaNk6XZ0daxm+2gV09V2QQqk4pFBJdyGtmYurTk1BBAAJQmuAEBvcDOFLBDRJxJykZnyi9IKrvhpqEbPDA6gFa9zHUxwWghvkmszxCKUhYTG+9qdCEsDRNvTOlWussIUar6gHRMNfNFVHjVtcpSfY3EZdTCQ0I6W8rEVbi9LxLTNpr7JXyKO8CAbaonPnGC7D+BTHcyAqhGxauGvBVVsVHhK+EraBaewNKPeh2UlrGc9tvd1eZ7I4uWLaKElnnC6Xp3EcqYSO9WzVC6LLq6kLstpMeGZOtLxev2QXmcPq5NSguk60pr8zIBVZcg0YUp+blHSHerb4VrkdHj7k8SXPHKeN3FN12gVzm/pPCB9Ofnf/efdPQ81t45jRJYBJYzt03dO0UJKO42Qcem3oE70oWCe7mBx7nIhtCWEUzHYReiE4hudVCsoxOVlkQa+J/SDvfjWC3mnzcoXSCA6psB7A28E0FZzBPlZGdyi3YeaEn6S+UhrZhdXjhFJ1vE8ONsDNu1ve/vH6+tfry0zPcjrWiRcMLYUgDye5EbrHUcWVuidzHWDnFKDxcrEdp3lU36fP0lFfkJIwRxBndygCxN9zdpPJZDKZTCaTyWQymUwmk8lkMplMJpPJ9G2EuBFrQowC5rzRn3kr5X7nFnonpiOBAictTwQBu9/1d+REr+5bD29/TlVOXwu1VA/NGL27DMMP09NPl+cfTpdzPJ3DNPhBo2YIghA/D3WeqDYHFfXIjx2UFAhsriNsriHEAWC1Q+HsjfT6enu9XZdtBR8geDUHIQSEvDmCECBqhAHV48TVV9Y2uOZ6UJ1BALr6snAPmfseWl1WQi5CJBeQECAyGMJ4hFgd7FkWXmviqHMBe4IMbXG+CBuvSLaOwBeBIYuOXWj+IiC0DdndSB06pTTP87IuBFKo6wEyOOI0T0Smr6NFSpOGEC9xeBqGMYTRO3Y9KYpigUOQS6QhpaI1W0tIyJHrgAlsdg/Uhryu63y7Lct8u74Qi+PhdHm+nE7TOBRRFA6TMgIiieUOE0mcgsJBKw67xuq4C2zSjaQMYB3PusKlbftiks/ratnBAFkC8l5307mOb635hu78BuW3mJVPqlXk/+m4QvR5Op2rDHZvFThjc45MHicUqcPJT2X8fMKYOENHiBP2OwF+IMCOUJEbDt+cjH052ci82nljdwChxuhjsbaNViTujZSHS7Nh6SmTO48Q2Vk2894lSXZy/GJajh2W+HkSNX5Kk6AwByiP6vLwvuX019vr326v17yR6wndhHSTSgu0KfWpW6+N7R5sN2TGfuzvQJnKi91359uAIIjYG/pgP5x1B/eb7ySTyWQymUwmk8lkMplMJpPJZDKZTCaTyfTtlClDh0w6uHi+MoOyOiTiBGCTUmdzjFAoQGvzUmzVX8zfnfYNj4dDBVP38YpngGf6ZKBwltPz9PR8enoeL8/j6WmYpmEcOJhFPVWaWQjemU1I9f+N7IUuhaP/QT9UMws6bt3I2eP6+rpsC8EZpbbrfelniNFTLkwspedA+IzPWm3uQJfMwTrseOIU8mgEw56to9XnvtZcB4WtVIhNGWIg6ISwE195ET4W1AdFwj0cYK0cOzI74V55rX1TO9ye89Kqw1k3xaxAzS84AgTJDkLMYcpg3Gb1ehE3FG2BNKFbAOIIAjwsg4dLHN6dpvJeauHlNZR3roh7rYw7gng8B3toQBMeLFNkWoDon3L519t1nq/LupS+QE6ncTqfL0/n8zQMTOFoGX9fPw0CcAKV5HZer2iNmukIIsVjWwfkuHqP1fOMHUC0Qw0Ph0jcEqcG6VdvQydf0GFHdj1BOPqXfOWp+kP+SUjcg9x9AM2RQkBGrlDXcmaPkzLLW+b0HKcGJ5lu4oBkcxJpwWW1M8li5aTJTL6+M2En3AnWFdRuyWqPAxqm0xw4+KbMXWBOcygB11AV15E0ndNJfWcHp/qtU6hMsnAk8qs8JQLSc5pYwQXc7NItbR/n21+vH68pbXIf0OPI10tDZ9oDsEMnUL/xbVT5HerjTrrZZQj5v4d9ThsTrAxODy2aTCaTyWQymUwmk8lkMplMJpPJZDKZTKbvLpBUHfI5KSXKFfPqCD1Zye+kVGO9ltyl/igJL2oZ4bTwqvXRFiWDh0J3q+kfzE5APyEkgSMsgqNC8Pk0PY/nd9PT2Q8jhgniFMcTBetElHbgW3QLuhqq0/iSNwqSuB9AyoxvZD5uS2ndtnlZSunWhVLH5diVUtkNXNml4i4I2VCDJ3rrCoZNMPcBK5LXUw4UOgLURER9LlrrKrpDcAfn93CED4f3+NrozpiEaQ8JuagTAKBTAM2FRokMbHALvxiJkFwdvprT4ri6wAB7vZStZZ7XeV3T4n0sO+dac2ZfkuptUDmW4PxQmo34jlKQ4lMcxjJauZTymZsJvqvRc7Ol8xxlwjgHpXWwhwLX1rmKvW3p5Xr95cPPy3Ir1xjH8ccffizv40B5PWKUUhcVLx+eduJflLO5n/p8Z87S5q+uEt8Horh+0JxiKkL/qKEJGdoczsi/3TbYAAAQAElEQVQqva2TqklP8Whu0095r0d/CLh/x/tVX3tx1+IHlx/54r5jX9AXPSQIdGiWPl84T7tmAxTa2tfWlhvn82eRg5jQQue6rBfOllHWjGgvpsFy4pEgEgySg5QkT2fIHKmD5G5SJsjnzNAJISbRMcohnjmZHT6Ya/P64KP1Ss8KxOYvhPKY443E9yhjK5T6szuH8FGIHHzlZQSwoVHZ7VPh96SY3T2J6TK2oMqVugDxO6HHRGQAjsNxQh7C4vJLXq5u+/n2+uHlZUlb9pD46aNL2GssGd8skhIGAP3KUvMhd3hay4AzuuW1aakueg9vQieHD/FrmCeAu+XWOdloU/iZkXduUQfyK05uMplMJpPJZDKZTCaTyWQymUwmk8lkMpn+YGX6jXzCvKS0ereBo4SdUu2sBT7Y3SHEWEJBE4mDYbuIGg0jFiTiyNFYFAEknKSPcGYC13O9WgOUmm/ZTBARLuP4frj8MD29H85l4zKcTn4cKNSFs2Vcc1XRiBit6RIlU50sXGM8sMIAew2UMAeGP5qVBdkicCV7y2nNacnbRrsFxyRE9NGHWDodkMJ1qFeMG1B7a829XH5Z58Q+Ma26z2VZKsnK5Rp8wFVpJ54uOngohgXA2Rg+0mUIzPA8klSMZusUqbk6TF4JiSxVV3FUURsD3lWgiNaSCveIKYHHHaKgNA5GjehCksVT/tq2bZmvW0o8e2UlQCq1e0Ju5DwEq5Qmlv6W/5KjSXYXH87T8K5M1jBEAlBcHMI4DOUgV/0amHQRrIWMJ8QZBwLRPAwTUMV+Xtfr9bat2/V2LUrUBjdN0/vL89PTZaBsntKoslAZncG2CBwbxNBcammfBqXanIC4VtRRkCHoKuogs5nEk6YhLMmpP42m7UhwEr8nmXdmkUIjcHgK2zrT7ei+gSrb8netr/8RFhLZ/Ta15BqxD8kcneOVhtC7jmAPIX0y4yboy7pOZb1lIOIkBw7WoVQdlBcKPddeUFkJL/yVPm/4+tVcyAtM1hE0+6RoA/dEmGpxJMtPbUoqM7ezFPU/FRSTpKuKlnFXaOCUDYMGYJBvC+Em5cnl8obwgtvHZfnb+vJxvc1pE2iGEK8MdaR0uOQJjY+s094c2JGr+6mAu40/TjU7Ce8oFpPJZDKZTCaTyWQymUwmk8lkMplMJpPJ9GcTESdUSue6Lf1sP9FGzrvTBtsJ9C4Dj14NLZrh3mmi1lg9ttJ/Vz9FjpUhP400eH+Kp6fT5Wk6P09PZHYShimMUOmC/srQfgzP5drdXADfbERtyPHPZoxS6rbLunKkzMpZMY4LtkEybgiOoBZzqItWgzmrpoxaSuu6LutCxVzlJyp2011q/x1/QyVkCBjN8V5gDiIwoqdreR7zsDuXaGHaO9RoGx4AibbhUnJuQ435jZ//71lId4PAJjc5a2bMtm7LOpe5p+I6NzArKoDVksVJBlD5T3BEA00hXKbxeTxdxpHwHHRDCOM4hhgVCZEsoEoE8anUoiBlgl0k9+e2zLd5frm+ztfbum6lRUOM5+n07un5fL4EwL6+/2CM0A21NpOu0XVXq/y+443qPB6Co3A3+cgCymQhc3LWInidXM95T169JN7WN4FO/kno1yIKnZNMJU5ks9qr1HlCIU7Y10TDdBxHRSWGRVIuLzIvSQmIOAGBkMo8B8FNGl/CABegInZQjUwc7Zb1KGG7XKOY8Ivdgvq8U/8l5TmOzyesATb6GN5Bk1SznLDapOjTsyy74JP3W86Ly3POH5bb324fPyzXhYejwVVsT6SQIKppEmgfO45JQ3Y+25/+8fF3gE7u9EVbHZPJZDKZTCaTyWQymUwmk8lkMplMJpPJ9L1ELh1k87HmTE4npUBbap/1l/w73rE7DshX8Lb3wl05kmr/WYMbWl2z+8G8F7TBOxjD8DSenqbTZbycp9NpnMgro9Z1scbHuGpmglV+dxjZYxn6+JG9/d2l28/oE9l7rAsRJ0sutWlCKYipCCGWl1phgId6LDtepMyJPFs5cl1TIjKDvGF8b17QRqBDZsArnqLlY065EJgDIJLzR/BqwaAX43Em5xJx8xCfGCYfEPrRxn1AurkQRgLEikMK6aC9cUR2OExi38EifmZdgb1EdNz49L4GzDAxQwMUibaAwZM5zdP59DRMsXSB5zHGOAyDts9pbI6U28UShOvgXFtnQcZ1215fXz5eX+dlLkM7jafL6XyaTrQMTqdy5jLSbfXcVbvVt4bhgYaUKHeDbjdouT8Q9/VZWyphIzrLTBRwZtImNjZs8cKJQWxwovFC+1C/UYU36ORR+FUEyuNoalQNAlTWjO15NDCG+SUgZi5zdI7zxJrQowHYWoeDdQjaEpuTyJRJUL8TZPaL72GhP1CzcoTUqPehhNns9BPeuYRA7si2ulhBb28+CcNK1WVETZtk7TEZIsgf3Y1O0ZPE+IicKZPNEaVuAUdvEQgT4AbumrbXbftlef1lfl0IugHULDBd1R4q+tJGHtTsBHX70e/krZmr5lH9n+6PFfSY4eH/N/q/AmcymUwmk8lkMplMJpPJZDKZTCaTyWQymb67+Pf1W84r5rVUOameSXYZe+FXK39idtI+VZgAfM2K6DkPJ6E1/B9fqqCSeyK1Wb//Zp9sPahM7E5+eBpOT8P5/fT8w+XpHKZA9AdbjEiURnX8gCzF5+w0WENSe5Tn0GuD1nsPjhiIDF7USisTFTnlLW9EnKTVsX2FQ6EyIEh4itdCKwVdZEUxUHJ6EFtaj9SQUSuj6mvg0XdcCDJ1w+yIXoPOXfYQsobpEwZeKtviJImGc3AI9+DLl309iOtMrX0LedMOqUPgdAi4uCw5MXRNmSeUsJhUXmlT7GbbtrSp8UMV1beDryRHaSpdPYAbfDzFobyeptPTOMbyeUoD4yYjW4BkiWfSyroOT5aAo6BkUCrXXtflNl9v13lZ5mUuH5+n0/vn5+enH8rZPOfulDb6PZ+IT5crFAV7dX1fsZh05+Dal5+ojyvAAOqCUjkZFofqsDCLrUl5d5SH5NjgRA0sPlN5N+jEPXABGb/sD/LWWerjpG5meQRwFhI7nSR0G4Mm5UVJOuxlkp14NDFxQihJoO3MxAl4bUr20BAGuVnUJ8Q54TGIAJG8sOa7Age8DI/dxU8tOLkQqDORc3KD885lIwHBbBs/UxJ1SJ/C6lNU7j56YATn2cMF3Jy3j2n9uC4v6/K6XOeUeG1Cc2thlMVX35aKvrj2cO56UNEX6Lpxp7se/V2Iky9AJfhHN8FkMplMJpPJZDKZTCaTyWQymUwmk8lkMn2FMC0ub55+JE8kAv/mH6FnTRxtsTtH5UrUvaKPvXm7/tdMO3zDIBqfQlhJqYmGyzi886cfzs/vpkt5XeIpQghMpHC6DV9ZuAnXsA/8fN5CF85x2A3rh+IMsqZtXpfbuiTOeSEghkrQSpzAsWtYOZes0AaHYbAVikPNodHOsSlILT0zgNJ1X6AW6nkpIVesxct2s+UA5KgQaXKWmjGPZFbTEL0amzRgzRo6jIA6nMA+HDtxkpimSDmtG9u1lDfqzh6jI5fw6kyClIEkDApABH+J8WmcTuNwHoYpBJ+zD4HMaYao6TPgidtQGkdr2oGmkY1VMK9bus3Ly8eX28tL2rZyOAEr4/h8fjqdTgPF93DFnwOJJJdHyu/A/MrO8lABX8r4uXE40Bs8dDP4sEblgFxtZfSEZVzWbRU0oHQkhhjHGJiAQszV7eHLBe9/K6GTbx1jgg8bcqd8bvjKFLjOWUh4KieEBlsjUdwRY0F0MsLWMmzEmgRG2Hx2MWc23uE7h/Gyci563CBTKfxgCvWOZgcfBKG6aMlmt5NMDWLCStdlp3wG7F2ri5FXpq6jdvNryE1lJJIeo1ZC7F4EFHEGLhF9QhvUP6w+PvIEJAyP7kchThZwH9flQ5p/vpFD0JI2hvi8WpjwndwHE+1j3sEnrrJaAA/0zHfWV+Ekfzz4YjKZTCaTyWQymUwmk8lkMplMJpPJZDKZvqycVkAqsVPNk6q0KMQEiUr+e6gC6C//HWgN842aX1+85JAKKoKKjYdADK4eymXfcIrxh9Pl/XD5Yby8Oz+dI6XqBCSygXJMagAEVNIgV5eA41UV6RD4ojYY72qXWL/mcjX5lMzbupR/OEIFYqDCdLksuVpoO33tq1N7FDrDRvtn4jS0Mqy8AyoYAcqY4D5IUugVhgN0F/IQCWz8IsYqvkZpeEYrqicE1ZC9RNuAnAfEVAVq02RSOp8CHQLPphztg1Z9zgydbJwcs23rbVkyKrgC0uCWykNHZDGJKK2KzpV5Gby/DMN5iGXuRu/HoH4owXPDGd9xu0EDwJ5EQv8pl5zX5bosv3x4efnwIa3LEIfLND09PZ2nU9kuY4J5QxQmR6r9DCF4AY92NxfhbXIWLie3VUkZON0Mus/Eh5C7CXRsEqFE2yZxQ6mcZxiHEGVFyBrzvFOGzpWmra67c0f8OoLjK2rn8NByrPTGr1Pp3hf3wW9azW+cDg9GqilRHQZx36Iyo1sFNY7tEtiM4o4YDUnsd7QRdOKzCwkjO50E4k4y25y46gvE4TiUxYXRQeR7xlf3JM+uIPLIIPQEJLDrQNbRDSK3nDxD3NETCOVargFh4oQkX9ICZR4FdUd5OPCVJCjIs9uUw+Ro4bN7S+I1V26rKNhJwhzKvTGMa1qv6/pxnf/Vxw+zS3OmQ8qe9GyhGzC0RmW5B/jJ0y+fnhDs5xn2pxZ+K/7kiyupu/Paem6mVbjvgK4+wMQzyhlwYjKZTCaTyWQymUwmk8lkMplMJpPJZDL9WURFy+xdeU9ea/DNb0NLpF6tJrTwpz++l5Ii1uLswfjk+C1jE+xWwn8Q1+KjjxHheXp6iqd3w+Xd6fn99HwqRX4Ipc7vNKQmaB2UgQ+pS8r70exEck6aOwn9zYCLOppwY3z7A0sNN+cbR8osTBgooyERGnI44yFsGZBrnZmOmtd1WZZGmdTcDyf+JVJP9kyfaMVXRwwFv4jei9FJJAKFfAskQyiw4wFlAEHghmaqkktftNKtXWO7EVeDOnhM1LmlDn7lLZBxFmm7ICXlvfRZs3US5QpJqI1Ms9/pInaYoRp2VlooU4V9CP40DOdxep5Ol/E0DVE8IobBE+YBLezI1QGrrJFz25bWbVnTsi7zdb59eH15vc2Q0mkcL5fL+XQur2mcOI9J/W2IJSAMCJjGUQQHlC5KUhgHHWgPlbkRwqlMlcwnGWRgS4NynekJQrPOYdAhbylT8V9Dc4aiGIdx5FQdd2Q84EtGO3SAxeuQlP9S2gldzTNyRxrojUNYe7COTGHOIJ5MYnCSCD3xSaETeiEEhktAnU6EuVCbpAgusINQkFWpEtBELJ4YRqlruKkSWzs95Y/EhkAl8KaZDqoZCu7eOpIIlEtbEmBi6Ku8JSWnoCw8UPaNLH+yh7LeyVlpub2s8+u6fSzv5dnlyf4FQtifW7TSDwAAEABJREFUyR3M44RPc40V3JvxJwY2HrAwfQo3CkjgL/3K2BOTyWQymUwmk8lkMplMJpPJZDKZTCaT6fsLt1L2JA8CATcaMiI/5teKpXiNVJbgk6faN/2hMCg4A2MZmTCA4KBUVc9hOGF5H99dnt9NT6dS4fcxkmWG1uslUqfFU3BwRNYsmWPVv/1IX5AOV31H+sbJj+UZ7nBrSsu2LpKiUp1RkJ1OFD+B3uMEUA1CyCMk1TYcUiv0JUk4FIahviQ1WCN4OnmUKB1wYmMQ0GlzGTGhz4nz2AvF9YwgTh/QjF8A3hyC1mCQqA31PxG2grCKRD4RuOW0LMu6LmJcU4N1ZLhLDbvasTgfAKMP0rZTGC7TqbzOwzjFMPjAlMxuLOO0so0VT+IkFErUwZS2eb69Xj/e5uvKJjHn8TTE8HQ6TeNEeEeMXuihZraisUTg9vAineg6Xc3fBX1dunUN14CUiknVYdhXKrM9ZCshaUlc9qfDgqfZI44mkMeJO7jm4FseHPuw16VG+ncdOoEDt0HeQr2nDDYjoPsnCjY8ozleIJuFAHuAUJ4OUpIObWzZE3qCIWMkpxMiTiJxWuqH40GcgihzBzTui7ASumxuLUQFYepRrQPaHPcA1OEbve3a/7iHPJL4OUJ4C+fp8Lout8KKG/VsIweXwOsuxkhZQEAOQ46fSOXJ80q4yfJhvl7Tdt1WNmsq/QmCXWWs6WVKmOkV5VZs9MnbjT829FtHLH294M3/v3T04vFzD190UjGZTCaTyWQymUwmk8lkMplMJpPJZDKZTH+0gKETLdQzQ8Afo5T8QTe6SiXs8Tv7SeqG308rBeWazgMVlqAT+ujDyYezjxc/vhvP705P5zAJcQL0otNgi+BgxkA8NIRg6HELgJ0GuGtVHxIhdWWBaFLORJys60ql2x1RgOZYIkkxDA+AGIo4TKkUiIk5eey51EprdA4oWFLhHa8j6bRvgPwun8uBAluQqUotD7s+2EcxEoVOsLlE3A3FPiAUtcFj2OrMiFvKmhvDwTql92WDPU0QqoUI4TYIXogVl6P3Q6mAc8bH4P0Ux/MwnIZ4HkbpnlwG9lwOaRVPBzm20GxtmMtQz8vt9eXD9fWXZV3KsafT+Xx+OkXmTULQ/JWcJbQEOs+Ihi5A92dnr+M4GoUMIZxrZXc1y4DjaqBYHN/oFGocETE5rcwehVDW30CYCShu4n3FaaAN+SfVop20GQDmdFJNStoqBax3JR7NOcRoRAUOW4wWkq+RxNMQHgSJ3E18JtchUI8TpDCd5IZMgUa0DpCxEmY89M7MTsOrNN4G5RNoiTeNp+uJtuYd5Jp3Dz2IwL1lg+I6qsMx5aEOSV7IKPqATXcSgSZsL0XcSyYLk8SPtUSPsACebU5iZsMhck3yUB7PL8v283L7uMwv6211eSuLmwk2zipSRA6qE1Ub4Nr6ndlA5/5smEYde1oMUDPSUM219HN+Plb0TO2bvhsaYzKZTCaTyWQymUwmk8lkMplMJpPJZDKZepX6Z2hWEGz+4JpXBNSyvfpllAJqrtkS+vlBUBmMVvsEUN8C5iqQCsQuOn/yw8lPT/H00/P7H59+uMRpADL+0Mpwc0PwkjmjVUiQpJe8ZUzVPgW61sheySmBwG2A2rNqvOIIv0jbtm5pc11WgwffTph1R/o8MWVC8AR5nGzIWRySI+OalwtjJb5iNbxRq9QEl4jxSelNpjwdap8vIympLR4rqZFzF0mzDymxD3r++sN+8lvRjKE2D7n2F1vQT51TpDAdpk0oPyavpfPrWsaV4n2oBk+kSdko/wllFsjdRKCVHD0MIQwAUxzOIzmTTMMwxoESZ1AGreIitZotVg7Ac7BhWlOal/X6ev3l5ef59pLSEsBN43Q5nS/TaQiRYoZ4wXhEH7jDCVvKSRJnlzq50Grm7JoBHJrE7EKdZI+gNWxpWDN+4IZJsgqlkeDGg1Aml6cSYxgGMluJnGkCXleQLkXY/R8+V7FvDNA3hk44Pen+w6+xeMC/o2fF29favUMyupYBpaNU/+MOviYgxImgKvJ5pn0S25xs5YUEmqRMKybRK2S6iyJiRA7R2h0z5EFGJkIBlV8AfqbwYyYLcQLqgVSNQZziIkTHHfsEHYYCnRGL29m3fm/oOCUFWzLfu1t5kDBls9GgcISVRDqFSHeXD4kXcGn35t2c1tu6/uP148u23Mod5V0qCz5CxTC0r+Dr0zrvnZehraY/jdv61Ay676XO/+YB5+FPfMWUnHvTHcdkMplMJpPJZDKZTCaTyWQymUwmk8lkMn038e/LdVtpkcYP1MSGryrxde4UXNXdfQykjlgqueyfAWOI52F6ns7/cHn/07sfn6fLGOPgQvSxy7d4o7AoRX32p6AyMXtSsHFFvrM5wT2749BA0pbzuq1r2tA1MIEiVTiRxgut4I5l0Eqc0JXfLMxSO5ozRuNcGLkh2wzH/iEIgegT9Gwc46Wr9SKQmahASTHCWl1VtuB4Vq1yt6QhPgR6l5W7IUsE2Wwp5TWllTap1s2GKHQSkKliusVLqAcQARSBiJDyOsV4GsanaTqNw8AmIDy9kslTmR6Z4uq/Ulo2b+ttud7Kv3N5lbL5zQd/Oj2dYjgNZcpPpbwePdMde2EeW1/1E4AMGNoOxwnlHogBjLofHNgMvMtXog6W70v3y2TSKKS1rKQY4/k0jePI65U6RciOBO10o8jUgAz124zB3effLl4Hf8Wn7q02HfVNy/W9Gc/h73p1VBxKbl0dYdQbrFs5hzOKu4mSTHKSsm8WmxMK1vGUpIMhZ8gMoGTkJekC0zk7XOLUzkQWLPs41TtK7zFUBxsxIzmOTm+lIS3lHRrilrXB/WPvOBwyCm0wMpudpExPk81xphldOQ2EQRHeNcYxhpj5hGXn5GED97quP7++/LLcbm7D4BNAqtfwbjdAajhW3w24a1MjqPZvDhu7Ncrnlsnbx35i42vVnnqurRYlvXg0XM3x8l9snslkMplMJpPJZDKZTCaTyWQymUwmk8lk+jtL6QdoVVeoYTHMeIi/CO+T8a0UG+e01Nl8AXwFAvCwA3Cwjh/8wNjB+YfLu6fpHDnMJZbCKx7RCi4+eudbpR+bHELFSqjN3sNda/hL57pYCf2rlKnzljZ2CuH+OGFOvKfKr/Pk4bEXkVEr0pzDklLuMkBEXAVV3MTXoihUcoXK3E4CcSRVhyEJhxwng604jJKRUcvXbRDUgsX7hzwj7w4tASFIGvXSD6AQJ9R+JL8T8jih6j9gpVskvgigIjwbtbMUv6c4jMGTMQlBQsM0DBS1w93MXa1d7CiwtraMKYeF5Jfry8vt9eX19TYvCfP5NJ5O02kMow9DGWwfvKYoaX/FzkNDmHjOeTR5+nXV5bo8OQSKPXS82MpUAwQ5m6vsFNYlpaPmA9lMEG6y0dIqLRmGcRiJOPHeKfIidICHu+o5GWLkfmDdW5J1wohP+lroBPOXyvP4xid3/BPnHOE9DYPwBgjyFS364l7VAaaPlnE7w+EapsGzitXxRLgcNbAQPxGC0WqTfXeDI013TpQ4RbgJCl8SNhcwxwxh5T+VVHKBDYWIREPN8CELHEe8kmdvE+B0K7leXROZr4NRjH5QsK8Hpw2lHo49FEICDn3vaIiKf3AzKCKHz5uyuy4rZXQROEImO2XPck+VI8siHChVp+xOa3QuFxjD1bmfry9/ffnwYb6uBM7o89RrEo1XAAbc7jHVwXqfmEOoz6U3MBFsn+jzst5ywMjgcYrrkuOuQ9uAw2kxuU80g72dKphEZ/XyJMHd4UZmSt69WBLpue+8Zkwmk8lkMplMJpPJZDKZTCaTyeRMJpPJZPpuaokwTtAHjaRw9Ft78Y8o1WGp7HLJL2gtUqv7UubUn9pzZbaUIr1SIFI9VK8Un2CEeImnH09P76fnny7vLsO5fDJQpglkLjOTFwX7ESgAU648uHVdpVJMBf0tYalEe2BqwVMl2vt6Id8K7lIRRo2uUGamND+l7TbP67qUM2XKcSH8gUAYkAgb7/IGlPLjJOomU5aPABtZsAeplXPwRk140cJoKWqjGCF4rYkSAcEDSyMZeZDJRISbJqEih7q17wq/nbsJeaKIrQt/TYkwYv/QrAE030d2oHQSviq9KE+HSty+dHxZl610GnOzYWF6w/GcSgAQWS+U2aMwnWE8jeV9Og2lJu9GH6JiOXRtqXmLqwTDKzmx+UzRuq23dZ5v888vH2fKBSE3kRDCaZzen5/GgQabnSm0ud5VdEhddZzU0nURcmsZ0EGZ0tpwFzrjF10vKKAPO5XUoKgsqBFDLWU4loVsV8rcTeM4nc4xxkC4ictsq8FXQd6XauWg3FIDrcDVenhzxOnuI1hoaVFsU3kvF/o66OQrLUvy1+zXEQ/7ke6PEBw32tOh+n8ISUCMl0a8KEbgBERrDBkf5ZUdUOse5CgeCtMBjtTxZSM7X14pB6QwnSgACkdVMcWFnGIlkUxCzJWvkG9FupsrCsETqXATdM40CtAIKNF7HLXeQT+s2NxCdIU419uieNfxZEAUDCR+jsxEf6UN6Q52YrpCmWLBM3sCgX14wM2YV3Blmf6yzH9dXj/Oc7lx3RRqWFAjrDRDq/fk+ULwDHsiIQb9o336sLGv+NopgE+c0TUKRN589xXyn/nxsIdl2TFeugO2e0MfD34fdrmYEScmk8lkMplMJpPJZDKZTCaTyWQymUwm059BUIMZoBZTpQ6rdVNoKTBao5VqslZvmyeHwCjNcYPPrEklfAXYcPTjZTi/Pz39eH7/7nR+ni6T1Py9wC1atoWKq7DjBVAqTM7AkAU5lKQExG14yVWp5UcCQIJiHtovrH3AahCQc7rervM8U64Kl0cJNiF6JUANx5ECc+a9xQskC3RCmR9ZrSN4H4E8qrQo650EvlSfB3DiFhMcCIgDzRME987u+TLyjwT9VO6Emy+2Clwv3ydurxFH77FOhCJA3PTEymzvUf7LRXCdE+IBFMjxsQyDcBQeYhgnivmIo49j8GOIpYgedaJrCkkmsqOMRWKehkv+vlxiWZfr9Tov8+12e53nNaVSS79cLtMwXU7TECN5pdAwZPJtoFNUXkRbLdXuDBqbJO4vsjClc8p/cHfB1y7Lvm1kGrfDsThUq17WtUw9x7bQ3sMQT6dTHEahqsR1Riw5XLcIuxNi76lQkSbUNcR7367XG/X7VrbHcTxNp28Ur/M7wJG/jxEE6rX0T4B2XRSII+fdQQSCElNyh7pmbpGrHYrAaxSdkylPZyP0JJZpzBKgAyFTjE5ZQFEAh6zXpBQrpqjYo8nJtqwwMcYRy4x2zzHOxQ3P296e1qkOPXFuX6LONbYH3c647V9WKklWa7k/6FG2UqYXGewkHgx+Qvjy8Cv3HQROtQK/ln2DL4+KW04fb8vHdfl5vl3LQaVHwyBD+Ag61efvgYr5rL5qN3hgTP5Oa+nOaYb/T6P/M7Sgh2wAABAASURBVNDbruUjOZPJZDKZTCaTyWQymUwmk8lkMplMJpPJ9GcQO4uglGqhC8vofzN/9+P1twVOeYa2Y30rp43gz+P0RKk6/JpO5c+RAlvEscK3c2uOAyohgNkJdJIxr+uqeIgyIr4ZToTHfvEbIQx0LCEj8zxfr1dmWMgCRPNkfJCuayeIvkAFTMgLhbgN8jnJfUk6Q0ecyAkkmyYA1oKzugVIcofUleFoKgBuj+loxwlx0qw//B6ioZP1BgBBzfYJ9ygZquGntG6l0J0I1uF6N5l5QJ/dwxAM5sCQUODrlumYhqlMzBhjZC+Z0pZQS9C+OSDU2r1AAkiDjLf59vHjhw8vL2WaEl04T9PExMkQg48hqiNOJkDECwMgyUi+DpcOkVpUULc7gwVoQA35sugX/q3ieG2Zyxqmk0rbyvb5NJaehdKcEEr/5Aq8b9a6tutMLrTY3bMs2M2erBFXelr6Oy9zYhxqHCmSqLzH0mv3p9FdT37/2QRQ41AabJ8e/8sLo2XlkITlgt7XhFOOvBBSwGQXSEzXRpE6fsOQJViHMCXKysk5sOtJWU2BLXfkdLJcQB83mXETXijVAIgEjR7KdUywtviAmDz0VA/vVRm5DnOrHcUaS5P5BGURlhuxvLIkxCAGPwR59gVPo+BdYl+e8r4sy19fX36+vpYFNZclJkBc8Cn3OTWwr3zs3/y3m+R7vYGhfJ1Lz+e180nHE3a3X0ecdEyizryxJyaTyWQymUwmk8lkMplMJpPJZDKZTCbT91b92X7m2JSWZCDK/qt/QO8qZqFuIMSylIox/TP44TRMz9P5aTo/j+fLdDrFcfQhiItHs1Hpyo6ZI1sYPAHMgoFQpfgAZPjdIkNrl/DQMe5bIggi3+bbVk5Sk3+ENVGTDNDqZXa5cR2Js2kSR8dg56TBxhhZiRPuhZS2JRUItJaN7LZAfSKUg3YQuEaaK0CNA4mXqaPXYmW8c8qeUPFVS+TVbcXdQSd84qxX52tvVOOmhBcFIzIhINWtgcu4DkvBOzIrAzwSA/hxGIYYSzWceKA4ABu0gIT10D7VvQHIWSXz9LD9TL6ty7zMH14/vr6+zrebwDLlJM9Pz5fzGXkuB0+cgBdOgEaMvVxogtELw4JORrW5xUjkk3NteYj3DUJbaZVvEpcSrEwOeeH4UP4us14atqa1DOa7p+fzRN46ECTxAzRMRSYC6hJyAhg9cBqH2wA56YmSl1JKS+n+PJczn6byz0kgirLTnwg6+cbEiWzQXZc/dUF0uWcS1EoE1BOkA6egDCGytUk5GXmP0LYLOfsth0TQCXMndEbK1kHgVB30mUAzv3sEabwO35SON+hsagD0gEdgDfiRP9xxn97dhNGag/UNdLjHAUqq5i2ZcRP6l72A1rSJ35AscA70ivTc4AdgGcTkXbnVknMfl9vP19d/fPm4luHwlKlFnj7I2J1yXnrRTxmcIH5xon/zSvjGeEdPz93xK9XOSOyeXCPpAKBjnLBCjSaTyWQymUwmk8lkMplMJpPJZDKZTCaT6XuqIRu9IYBUhhWGcHBXYG3YR4urAI040RNWgxOq+Q7gL+Pp/enyPJx+PD+X17vxafKBEmGomOrrr9m16g/EOXBRP3MWBcVsZKk1Er0RQoMxanvIIQFqbVlif7TR3Idy2oRk+7FiTtK4cqoY4jCUA9kzJfQjIXkfdOWM1AYU4wIZFME71DBEIn6odMxOITJ04LD5uzg+fwwhBt/GxD2yMfwrfu8Uo/HiGVMv0ZCaTxEnWsmvFgClzal0dlkTuZtgv6eroUMcqQPRa3LN4PwUhzP5mwzjdDpNp1DGJG1Uxz80Sa/vA5Qi+rwu27bdOFLnl1IoX2byjwEYyE9kfD6fpziKH0Q56TREoXB00Oh8iicJKQMVu1HTCh1Ant2aoqQLzmn5HTTmSSrQYiqhcJJgN+WtrKNpmp6enk6nk2QzOa1fu321a1SUWl7Ucjafn/uPXfQKnR/JkILMY3Iu81uG63K+lOXUiCjR94dOOpTm25/aCZHxFeevS74uH7ExUspLPU7KBlmbEOtFlIlPRJxEfgWO3hJcKzgJ2VGPE9+dPgo/BrrICKNzbn8YuMrHIOyGPZkta+pJ6tveIz4/7HDT/SC0//BaBTEyIdpEbryyQJaySrbEJ6EeEHAyxDBMTlKpShPKjeZxdTjn9R+vr399fbnmjcAojuBpj1/xSsLuft6HVdecR4TfwZR8QX83R5F2C4k71OfWMDpzOjGZTCaTyWQymUwmk8lkMplMJpPJZDKZ/gRCceCgTfhyCa/ZcuyeHPXX6FBjNxRcySjEyQ+ny9N4+un8/MP5qWycS9mVsAMxEGCOo28NItkCbFsjLcqf5SoxxmkYQyBAhMN1/KEPxyaK3YDUjzOWk6V12wTBEGainAer2Qkf05+NStwEb/CljxVPOgEXtQmaIH4iiDMHfeUrANHGs3wQPFCcC/jMySFiW9IKw0Bl7z04QsELEISllpAb61FHvtE5FUzx4iqBbD1Cvc2l3J0c7m4CAXYcwrMRSADKLYlMVYzDcJ7G0zgRihPHIcTSYEJtKKikdFEq5MCIAH26zvO8LNfb67zMy7rc5vn6+lIuM5ZDAxmmTLw1BPEm8WOMYqkSCBugk/nqUtBADV5I6Kv/CA9F+SzxIPjKN8mYkMUGNJMD9smoziWlhZIrRIV7qu8HivcZhpDS6vScuOMz7K2yryCo4yVmHDRu1UWl7Ep+FYnCg8jlZCsLMlJKTyxnLyJYKh+MP74KOsGv8Kb4moo/5gzHhfIHCx9sTvDNnZQyUTRI/pvVlkYmjgAUJiYS+kSLkg1OctgwpjxkoHGsNxi5nkiYFiqAIhcWBoVXGDZrk4oAZTYeqQO9RwJlxYua04lSKvsIHvyT6g2EKIYqUH11vIByyHdJ6dKWZKmkje8WwVzKjUA2QuTwVB4OMREyQ8Ra9nhdbh9ur78s1w/lRioPvhjQqyUSKPJVw3yEq6kED2/toNMD0Pb2xLmvFvdUN+BbmOV0BjO+AWJ9ypLsJqN7R5zots6VZuuIK5HJZDKZTCaTyWQymUwmk8lkMplMJpPJZPqO8mwNoFYT/AnUYm7duI8+UEjCSYwMSqwLO0+IUQTn4CQ67WkanuPpFKZ34+WH0/PTQMTJHovRlTEbHkGcB6MeWYCPzI4GpbIfh5q3IHYlCD284frysPobEL6ScUnrus0LoRjZqeEH16mDh/YnkhmBJ75CWpKZOGF0gy/kdycXKpqXMYuebAvYpENQG24qfZ2lQly+DJEazWEbbMogpdus/iNs7KEwhXidsLkB0SziL9IqtFyfz4cpgJ0iadYMFHZD3UwcS5TU6oWplDo4uRw0+MDghovgpxjHYZj4NZYxjuWzwGgIlYF5TIifoUK5Iwxn28pgLmU0r6U+fn293W5b3kprh4ECQ8jiJE6BwRPCWRzSGJcCccpsReHV3QGVOqFeZx7cSvOofwktS8ow8gwKIIhnTQtGwh0RwtS6T4lC60q0EJa6//rT+7+U7nhKM9kREy5zQ+/cgzV4iD7hHlPAC4WeKH1QRiCRb8o2367LMpf9yyfjeJrG8s/Ur8m2/R3idVqwUP9Jv0rah+73qXavghqH7/qLYPsQq4OMa/wJ4SbEl8h7efnsPL0TbgJbjjnH5IbkAubIziUIdWXog0kWN12hxlAxhqIIkRJb9bkg5JDedrLDoa3aQqftq+ZB0HerM+FwnTsTeSLRygWK48IkD48kXi6CjoELodweMZDnUaTcHCgLGzeHy3J7Wed/8/rh43JdMG3lhIEciLJTBylokN/eBl384FvrBM6QqXFfoa9dA+2RB28GTf3KpdSGWp6w7YmPDz5aGpz2eGnXLyvHuWcGnZhMJpPJZDKZTCaTyWQymUwmk8lkMplM31kaZdITHPW9LzTWP1s1tqbq1K8Bm08KhEwJGOdxehpO5fU+Tj9d3j2Tx8k4+Bio5kplZ/WTqNVxJ1BAIp8A/Rk8IpuShHEcS8kWxFRAS5L3yEWT/gae/7PhtiZJWkmuulwQhxBagI2XU8BunEG4iTShASG+flf+DUBRHmRzIi4duHsMAGahKkoVOoAfPIcBNR5m/9E+StFYetTCb+SE3tfZ6IxnpMDdV2ahhhy5WsmVTBmidtg8QhxCnGbFUDk+UNQP0L9kLeFKIXwa4nmapoGMSWqPeAhkbdRGc1LPlrbtulxv1+uS8rXo9prSypxMfH66kOUHl9XLaUaaZSrFe+QwnfJCTUehS/vdxaGSN7oIhY4JjSjSNcfJN5h1FKVvknck8Tc53+Z52RaBQk6n8/nduawZIWbkHz5zkLHiYjVPmXd1hrGbH+47jwUROIjLun58+Xi7vsbgn56ezqfzMJ4EMZFJ4W3sK+fuu8TrtCXydyjGQ7c6myWG00HMTskqscap7iGcgKS4SSIDEiJOUvK5rI/yyKBgHYJOUmb6hKZrQAgg0Eh9ytDd5YQ4qeuG5wCFRNF2+Hr1us4ouweFWMKdmEFFNnS1IboWJ9ZzbNWMaHccYa6NmpN4q/RmS/zQ0HidcoQQV7RAyRQnDGWZpPI08JAAVsTruv7y8vHn28sv68tShoVuTc9pXd6pH9L+EIajFxNAn+Tk/6DZPtKG7jeo2QTpn1V3j+8jcVKzm7rQtceGvEHDmEwmk8lkMplMJpPJZDKZTCaTyWQymUym7yItAMq/+GYRD2q1n4u8VN6VDS2LkpOGWFdQwIXngu9lmJ7H8/N0+eHy9P709G48ncMgxAloofHYClZaV6ncMpOisRRBbE4YGWlpLHrIW+V1NqlwHLuSOaiHzpnYoEJYD08cy85skAFHlrNxJsbGdh5JU2nEJqQ5HBAHQ1YkVFH2UG0TuLTq2fBEEntCabWnkBqo6Tg80BqDo5QP79zsMWQjMs2yT42ruSR4AFDuPCxKl7ec1vIP/TcJM+JdpTn0EIJIqPgdYiBShKGTOJBfxzjGRuTQ9KqTBc8nrutCrACS38dtvr1SnM66LPOWtnLiOFLsEVmbBEFOAiE9ZXgYoaHO1KwQz2yRr/4uUCEmaaPwO9AAFOf6/u0klFNQgEed+jrP8+12Sy4FDgcq1zydT+UleR01LafNImEH3Fc15rkz5hA+gkkhXNO2XF+3tQxp6Sk+v3ueGNDh1YPsjiNdoKnrTyJ9+w7Qyd9XDJTUOdkXqHqKaHKKJulgdTpJZGdS3iE54Ps8bOSrQ9BJJnoiIO0gtiVRjJhovlE4KVdzmKAySaCRK6nOsgIwnKkj6TmZoSWFX6AnTprrRub4HSWP0IcdqYM9XWeHvJyuH8i0mOiZRpFLjJzQmSqrxuRS9Cz0kInBosCoGdPrMv9ye/35+uFlva3ADyev6AuFDVH6WL3M8UkpTwehi/o8nZ7k+P3qKaL7r6QZ7itPVM/Wnbk+txHvTbTktQ9450PzxnncjseZTCaTyWQymUwmk8lkMplMJpOaACnZAAAQAElEQVTJZDKZTKbvqIqUcInWgYP+R/ZdibFWA9lNQL1BmCDgcJmWQVNKp0Pwz+P0PJzeT+cfT8/P4/nkY3QMfVQLDkcuB1o01UiKVIr8C/mLMILAzhzA8Sher3sMD8ktn+EhV4SJFdxSWtc1MT/CsArDIoHhBgYgxD9DnEo4q8GljSJ1OIQFK1UjSR1SRCYTE8ZUGm2SNWOIk2vE3oCwFh+ilwAMqcGTtQu3cx90zyNGL68UihidqMlJs4eAg5tLq32L/0OTeMNkrcLijqbILAkKQzYnnqAJyvugcvgYh3EYhlg+DrsbhVInVIwnlmUrk0Lvt/n19UoRM9vGdXUyTvHTNJ3Gscw4nRACxfMwdwLVj0FCc4LEGVGvKZxI85tA6REhTnhPrIkoh7L2ncsL0mhDwny93W7X67atkcOBptPEzjhBlsd+dKZ5In4Bd9IEycmGxJY2usSFdVq3tK0LGafMc5nZaZieLpfz+UxnLssjZQoI8r61rSzdx1r53xU6ubN8+IYOEIgHlKaOoBAnrh9N2YldPqrFRXO2kJuEM3TKvLkNfUKKVkoYs4uMqoWcCTrJHPflkLNyIPBa8TsNl70CIfwMyQifACDk8kEfL41Qq3/vLBc2Nw48BBLtnk6uH1VQeAa9TylL/0vfyUqJY8UUm/BsoUTPsHIzBFnUtLAQb+v6YV0+zK8fbq8vyzUBRXj5srCCbyya3PT9sNebQrsL0CiTbzbRjyP4pvaV9bBDu7v6PR7BkbbbI9Ajo/f4WN9Pgv21zOnEZDKZTCaTyWQymUwmk8lkMplMJpPJZPozCPYNOJQClSs57u0FTdGEFPEaEKcKJzRGDOEchst4/vH53bvT5Wk4ncfpMk6eysWUq+Gc62uTZWMrFVsKp0iOg0/6yxEeEah8D2o6oqAJ51jstci7AiUF66Q0c+QKx1+Uqi6VM9XhhPf3jQfhgjkTGxStQ19RwAUnXFSDFy9d1qqzU+wmc4oGaoWYQRlmZLwP1QNlr7+LAUKtk1JRmhxBxAZBEyXU9cTtpAqTH9gKrFqclUQQFnm4lM7mbV1L3XuTvntN7PG+mqZw9duPY5ziUArcxGfEoVTDy0YkQibIns04IDHFsm7E7MwLUR3zOl+vH2/znHLyEE+nSViVaSCnEzqpU9yEuBNZJsCGDRKvo6wABFljsFevq4mJJBW9XUS/Ky6XPpaO3+bb9XYt31zOp/PTU6BGBMGLFBti6qWlLaHYUPTn0aVTFxI3YUt5WcjLpWyXbpYROo3sb+IDu1hA6TblBdV5cZ9o8B8Inbx54Q4K+TbF+LurdNyAU54g108UvcjNikZ3lhwjeWV+vDBxEsjphDJ0fHIRIbKLSWDzEN8QJGaEgMxEnN56jo1F+DmlN2YlwqT/gmr1+StYTTWqI4rvoAclTipYgntmDTTQ7ACdVMrOkaFJrs8gh8uyJZQnYWlrZLSt3AchMyOT5annYcX8us4/l9tou13TOuOG0UvAlkJxfKcQleUa2Fd9fZyDaoJUJ8Lf3SyfWI342T8/ITju+7CaPu2Ecnehe+6k4mD7rd4TJxqd1k/c/ZLWBeXw6zpiMplMJpPJZDKZTCaTyWQymUwmk8lkMpn+YMH+o/pWJaw1vvpbeo/7T9L1P6gBEiCWJ8gGBxRMEU/T+DSc30/P7y5PT+P5MpxPcQwYkBAN9hngGiPVj7kEnDMxJ4mBCam2es+GAVwllp++hy5Vh3kC91jwx1YLd2RbQsRJKQbnhJIGpB3iSwS6fmJ/C/mgHqq+CVIFltNqzkXFccoRXkI/QAIuFG4Q4IZbTl85KcvWgjE0yxgRap4Od5ZNERhD6TwE0O2WLXWmoMV27PYHXMOlaA9ydCEcRJ0W+IW1WO8iw0AT5RQNnuEbyixiUxBpdOMEgJJK8kamM2UE53VbX+eXdV0IC8JEFXUCgcI4UaTOQGE9ID2QWKWINLrlHJ5QAqgjI/OHQQdDOyMZJeJq48W5RR0dJA7H1cCTdgAFCQkNU+Z3XdcyeqcTxQORxwkfkrAyUDx+SVEAWU1JYKO2vLXLwavVDuK25XXdyrdTOetAJjC8/MpwMaTEmBG1+hjr8RbpgfGQHvI7S+TQ3vpqOzw24nH7q059OM9dZAkeLq41/9wOZuBLjWWQiQk1EGoACBEnEqmTfXI+YSgbnKdTHgOjgCb0kjQq4JXkOamLYS6vWAmvMTodbXAz9ntG1+8BKYLayoqF6T2zM11MjtGCAXk06ddyf7rmveGghxxSdmWVMCfmU8by3KJ8HIabiCMLjJ3xrVVWdrkP1rKwABdML8vtl/laXktZZgThBIiRzy+LlrouViwKaClyog8kdNUKRSOCQKCfeie5fcBVub77br6gxXft93zlvhDdl2klvUPd8VpYr4X15sqHvZVS0f8FOAlmAlDmBlB4O15LNV0s4049YjV8wn3C9X8lJpPJZDKZTCaTyWQymUwmk8lkMplMJpPpu8rrz/xzRzI0EgXExQTUDgBBLDpaTAl9L4U/DEQb+LMf3w1PP52ef5yenuP5HE9jHMoh4jIhjAfX7KvfACEnOa1MA3A5MsgP+r34bzCl4LI0oZqkiLA5Luwf1ZppOT05p1BwhZILXgARohkCUTTqYaLHQamVl7px3i/QFbPJOKP6j+xDll3WOCG26NBQDacgDpeFNf6GnRp2gxPgoBnpoDqgCLbCw7vTAnwWKTajnlXTP0KMhFOIrwlxEmkt21lSi8TeZE+3Ea5lJNqEXkSbhPLnOISR9tRhoRHHlLbM50rbbb69luL4tqwbsTs5lWvlsndkJxeGMWLkjB7pkc9irCI1cV4hrlXOyZeEyRPQErrgAITEYIOZ0GH9ruJBXGpnSxeJv6HOkqFLad7tyh+66TReLqfSHFpTeqZmneL2vCCmHnTmCFtRakIYGORoJ4KZ+Jiy0zQMp4kQHXGUKR2r86JuNQ76MJZGQO3YVvngmzmdQAUi9AaVZVobVPf6PVTLJ2v3ApRgh5y41oJ6TxxWrdznjokB4QwyWZVAyrBlv2HIQDE6mYgTeY/qbkI7S9wUVAwFFO+Sa4HT23v3vABXKSZeZXAcNFSAprEbhApFObJOFU9wUpYDtBdwtPEAvgWFIUvZrezJJFAcYUqO6LXEXS2PLKG6gN1NiLQpHQt+Tusvy+s/vnz4uNxWp54vju8cfXrQZ7LcFSyr8JV6IBH9pp9Ao0Syy+4LUu4EoO3p33DB2bm2A2H0Jd3tpf4xfPpc5wga86O0ifgJ1Uc1uzzJ/0sc7NybQkHqvSUziDqRiG/k75hMJpPJZDKZTCaTyWQymUwmk8lkMplMpu8lqIXCSlW0Mi5ogVN/Xu9cqzKrTQDU36KTHcjgwyWe350uP57e/3R+fheny3AisoEBjFzJiVpApBdZc2xb3rZy1sDROZQCw+iCB0/BL+D3/eHOyuHOakKLj1mCPpBL3U4dL6SjHlp+hka8YKUSMCcyYsm5ZVa0WmYt1x6tLCqSQnkxXoZQKuZq+OGaTwy2cAw5rRfbj+Al0SZrpblakuRqodGKs+JaUnbazTW4T9TcTlzF9RzAwSk/7LMQmDghRmRk3iTAEAbmTgZKonHKZTASVKZimRcyiFmX+XW+zett29YtrajGBBgoOiSMw0CpPIHSbPgSfoBYBjRwqo4McJnEWlUXZqD5TOwVdWgZKeCqSYOaxzRDl3qEYywklZYVlY0QYJyINRnHOEyDlPilL3tEkU5tPYnSU/ShhHgIY1DOdr2+bttWujQVnSZdgV7yhrCdSACeOgPgGoay17214C5/xN/rbvKguyp7Z+2jXfxtZ+WXf/NyTm8tTsfZP8RqFILVtYJpk7KhdxRNCO2Tk2ICmyufeH4FTtIJ7DnjncIlwF3zLnumXLxE5+xQBgTJ1eHTeVQarBpetCHYm/24IbcWGTJJu2k0xdqoBWfJMIJH3VBfIrFc4o01CSHHdyCZAlHgTzl2AOLjIt1itEr4kZdnzIvz2buPy/y3l48fbrcVU3nIoa90mqxKz1FCdQoFZnL6DPHtadx7HH29k82bq2IfsB2n+lrS5C092v7InUz/i4BqYcIPKc5gEpcnfbjL/2fECam2FjWYqVvw8jSEmqrGl/D+9zTaZDKZTCaTyWQymUwmk8lkMplMJpPJZDJ9M/WpCugUCpCyr5TRJdhBS7D0N7ABgZROybDAhdNwen9++vHp3Q/nd0/T+RKm0zCyDUYNymF/FOTKo/z+nYw1KLMl+aCAAidT1NAZRk+4MqxNE9sJUXY9gOJcTc1gdCRvKWXUYnalTlAqm4cqNUoFWsvq9SrYqrIKSFRqBNS8g81LjoVg6MAROXMlWsC5fTcJ35EgHmFOpKehHisWHDXDhIfee4QaWsGi7rG2bcvKylDhXE5CvE4IYyl/e/qAk3TiSCYnnqCTYfLkH+MF75Cye85pXbd5vs3zdV222/V6W+Y1Leu6ZEzjEDkgh5J4xjiM/A/70FAnyneRB5au5zh8R4kNaQxISZo5G+kkMyUNctASusSLyEj6PVCnAinzMr++vpYOS3TJ+fJ0Pp84+wbruGU41teb+wgDAMiGFXKhxveURZJLH8tiKf2bhvE8nXzwchdgRQ12AwaAA+Oh5AoPIxuC6J3kdf9v5nTyqM5xBJoLiftdUp+YdsIj1qBoEiqtkfQvCRvC+h2RXghqRiF8BzuEZAcJ6TGBLqQKnZRPHH3oUdgB+pMeAWpwAvqhb04ZNZlF4JvapIqUKdb0SJy4SpzIJwmzMiPintEwpYqddIsIKm5HrENCt2Usr5QhZaLU2gIJ6l9EDj90MxI14+ecX3G7bnnJ28fb68d1WemBGhgjkbu/Pl4O/i0HRm3Pmmkzgb9qokHCg/pFgr/9bF+6mHJ8+zM2a5ia8nTyqAJ2eSJSLCP/t5vHNyWUkHfy/46+8WBOJyaTyWQymUwmk8lkMplMJpPJZDKZTCbT9xb2URK4R5OAFnJJvtEVFQXw+qP8UiOGAfwljj+eLz89vf/h/O7d+fkEMfrouBBfj3P8G3UqFCbx6GBCxHFyioQ6cOYMMxgMnfBF8a7qCmKh8GZHQErfacuEYzjlGECYEvFAqHxK5p/Ja+G6Gm+U8rdkaCB0QyKggdSekfw8dNSg/VK/hmKIycd9GRQqP6Gn3aEH+YF/S7tooEm7ImqqUdtbK7lb2nbihHvn9aTk0RA8jCGOw0hROOTa4YU7icEzKhKl1M2eA4kPJ0pnnm/X6+ttvt2uN2JNGMgoe9FEEm1C1iyjF3iFPE6ar0nZiPQnbXj2caGvmBWo7jgaCAI17sepg44yIK5SDoqceJ+4a7paUpqXKxmcbFscxmk6lTacLifqj4c7wxvXsSZ5NylxUgfP6CS5qfRuIU+XuRxe2noai8gOhokT2IEh92ikAG0dyrkfYY927LeETnQdA/R/1hZ8w7o7dhSLq7SWYGauEifqM1FhE02RouCZMmecKphwoQAAEABJREFUqiO3ERBfAsxnISSKhyF3k/Ihb1C8jsTG6P2JcidUsyD0NVsG9vyclr+iM7SvoB2a+aTTiW50K0YwIhAEbOfpoJ1fHFgoJQdh2fKa6NjkIJPvUEWkeN3HcoPwzhzVBYvLH7fl5/X2EZdl25a8JbJwCYLkOMZshMxRgw/YoZN6y7jWo9Z4+JU2Jx1rcrfx1l7fQqBmM3oXlccIYWZt3ZR5D0IW0mNdDV+6PKGqNzrIRFMHA37zpptMJpPJZDKZTCaTyWQymUwmk8lkMplMpt+kvsYJxxqe1GH7Snet/lIYBGaMDsYQznH44fT80+WHny7v3p+ez8M5OCqvhkawYM3h4LgScg1I9Kt39SLh4IzIYATFSXD2SW8i0r8zi3BfkdTEHHDNdWEjXwIq0abdo0ItLzgGo2IlAp0AFaJLyRu9tHM3t5CKt69bjcXx9bpiXiLlZ/8wgHpUZ3MCR54lVJMU+jN3/iuVO3H3vSWWQnCTTcAaPnOkKr3gL34AsjkZPIMmFIPDKv8VJKS6xRD3w24pHKyzXq+v19sLMSfXV7broNEboh/iECNxJDHEiU5H+SGDYw6FcJNSa+eCO3W/7MYbXixqksx9w5VaUkrtvTIN7U8nQUdJZ3RZl9vtti5zyts4Tj/8+OP59CS4hWQD8RyBGt8cxl19Uzh0iD1OGF3ywXOYznVZbiknGivGTcYyWhIClAUiobm6q+x/2lLhkwDAN4ROlPeo9xIeG5e/aek9y+ipDchuY9J8Y7LgH/I5CDvGpiaO0ZPyaPDs1xOYL6G7guxMaE/K1qF4nfLgoLsoUFAOGcM0x6Tyn6AcCEEqUH2C+JL1EvuYiIFSvgtT0qa+RWYo/tQ92kBhE7k9qzzK00mcXBJ1C8s9V+4VzoahppVbjG5maj/zVtVNqdyUc0of0/rz7frzen1Jc0LyM4JIJkCVk6mWPtwUndku3qdr8L7Q5QOdo99obOP1bHd3S/tbuLivO7fc4XKCamWSAdSQhrFCyf2iZz0xI6UzA8V6gQwcRfsAcsCYLO/+HgPl0h6ef3U3vqV9P2kmk8lkMplMJpPJZDKZTCaTyWQymUwmk+m7iFgLoijElUKzEMR1goqJDBDce3hwHbDUDkcfn8fL83T68fz8/vJctk9+JAMMdjoQ4EOyKzZCCZyyDsKbVBSkvJN5RoyUIyMOIhXDaLAIVzO5rikoA7jmeeCqhwq3i868cYSP25kGhR7EZQOkgAsZ2gmIOHFcBifvEQ3i0L5ic2pxTmvxHtT6BVrs0F607aq3RD1o0VQyg4gOkc6po0qpwwbu3m7EQBV8PodEfjQIQnuX87qRzYlEVRSRbQBNkxfihEZyIIpCOBMyJolRJpDKwVQo1vOnnNZt2baVtdzm19uNDEVcTVSKMUiwzuDDECLRGWJwwleJ3ss21eBLvyQUiZvp0bXVIutKkA71s7kveTNmsGMDOXF6UGlTaRoF33g/TpfL+fL09OR9zFLO3sv0tf6OLV4n1yWKnqeUrU3ytqaF7WGKyuHjMJJnSiTjFnW2ePDFUP8FOHzI3jBljHL7kO4gLzBSVhKDW/J10MnX2laIz8eBL+n8Tn6velxD86PkomrmwogJmxOxU4gMFnvhZHICAea5yjDTNsXoAL+7mNX1hKETLIsdco5qcELIFYEDvN4EyJIwrnL+GrKjFjXaIGwMAjTDFefwLjBGhsY9DK0+xJSpkVtGP1cjItf5nHgCXdi3BcuzayNXIEg13YfWP3NPsgbJFYiXf+nK7PLfbq8/r7eXtLziurHxCYLcFQy4VWQN9yQdhJbtgztc8gBh7H9JVx8WwBsERn1M4Rc5FfxqdukR62lz0c9LuZVT1gVDT1am3yR5S6/nDqfROwexJ6vas9UD5EOnHtKQTCaTyWQymUwmk8lkMplMJpPJZDKZTCbT9xAc63ay7akcTAyBrwEXcG/1AAN5nIzP0+n96fLu9Pw8XcY4eo48KcX3BJpHI+4Ruf76nXEJqr8Gr3VWDmWpv8BX+5D+QtVhQcr9rT4u8Tk1Y0NKplQgLqVOpFI3QRldB/1OzMhZnF6rVn6d2/NfxGpEzutrypBnaiPsWTcMXADsDiiumW901gHdyCn1Ao1iKENx8JKppX9tNyJ2A48aqcPESXmnwnj9zX/g3YZI8TfBkyHJOJLdSYxCg2h1tqEC5VTLuizLvLDm5XVd53VdyvkFqRHipBwfwI/B05kpmIe8TEq1fpA4EfI4EdgFwv0KyVJTByexQ+Rn0dl1qLxSALlNPTudpNfr67au5ehy2WkaT9NUmoKUK5TqkLqKd7h+6ADgDh8RYGrb1tfrrfQuhng6TcM4xhCQLDbcjiU1C4zD+sM7qEHXXm1wXWIOH+wn4vE0b+vrKv11RTwI4BsU3XfipN5aykAoc1K5ASFOMiqThVludeZO2OwkkVsJJTwRgFI2cswCWWTmTsqNkYNj+xPyQeLAHb0pqqkJZq+kEtbbElFvR2FuZI5bxtab9EOFMjqbI2iqJznclnXLVYopy/Oq9CkRU5L02qXhjsNhgiIPXjyfsjg5LZg/puVv6/XDdlsgb2VQgt4CTtN7vPoyocA9coe0jC1fG3IfKubupdNzBFPc48Nc+QyNHzquw8Pydb92Ke0RVJUGkXnhvon/kD5l+QHghTiB+//j3J2TAor6e7he4og9KpMHBp2YTCaTyWQymUwmk8lkMplMJpPJZDKZTN9d+ttyBSm0us1pKfwTea/VPaj2Ivy7eRh8vIzT83h+Pl/enZ6eT5dTPEWKrvHCNXA8BklMR8Q2gP7RQmipOvtSzQ1Ui/QVbDk0jDIZ5GqktywdBDtB/YF92d5yWhPFYCSuAjtXLUkOxEm7DIqJi45DRRZCJWBqFR4aBCIWLJgVpxBDmLvDa+jHodLtGnHSFUkbheG7Y7Er5Wq3oQ4H5+E0jxNHHiGcGkPN8gP5mqh1RxwoN4aL495Bc63IBOQgpfPMy3ybZ/E4Wbdlnl/Lh6UJZS5K9wdmVgbeJnQl+OiJOCHKhMrGISD9QcYngg1VJ5bWcBCgpG4DUwfHVVdRh9wsQ3BL28ooTGkWucKMw3k6TZSAM+rpchtMV2vuaoTj6kYjE8o7sTXLUt1NYOQ0nek0SjpPzq1W3lmbdIOvw9bNV91HR/QeTzme5OB0Ancn67/4ggNFM/j40n6/SbXzGaABNjI5O4PCkTpMcTFA5tjXhJ4FRGRwCE2i+94ra+ICEychlSEgMEVpC7r3KJHL09DQh1GsTeRbbgojXQgVJdFb35Vlq+1wFTM7jo4TqIKBh30a9huv+0SSlu6gk7KekQxLuFfkaULbiR2ZSneTZPswOhXYsQNiIMgGyC+JuJoY1pzmbf1wu/6yXl+2eS4nKKuevU8qG8FpMlhbtTdJ7pAWo3Pfcn04t/Ct/U7yFY/5lHw3XB2f8YhqwK9gN45PYpQHF2/zTS4wXWJzKlcepoG5NJCH0ddfh+kgYVYevwp16sIfckuYTCaTyWQymUwmk8lkMplMJpPJZDKZTKZfIy+MhPhSoAbNOCl9ctnZi50Hp2QQ5VCKxc6f4/A0nn84v/vx/PxuujwP5zEMDXBA0Op1liySlrqg7h1CcuRYk3v4F/DiQpChxiyAWgPwj+ffdnnga3Etu5yP41i2jd8Tlyb5687JhGuvGvUCzYOjxW5UpwANMpEYESFy9gEBRj2kfBpaCbtRFOJ4ALjHBIEYouil7g1BnHahmU1UDw0NpqG6NpJrTM6lawtjJ4kr4zlIBZ1quhijn4aiMqIuDmEqf8QAwvpw86gITAcm4TCu861oTeuyLvNyKyXtGAPhJHRKR3YpHKAzDnEkj5MYuPHBEZQi3MlAGwEYHmDXi9y6JRY25AYhE6BrASvdlMXoQXem7BvykaDubbd1WcqHY+lAHCYW20oIkuB4SjuHC+6XsDtSzm8F8ZRWwU3WdaUQojBcLpdpOpHbAk9ZO8S9IXwL8MAahlKXU5076tFbp4lHfuhPph0dwJpDhe2ryloxc8Gwkhr/sKMJjUXpciYcgygTMjjB0HmctG1xLqE0IgYE6J2dTiIKboIBFcTyHRHhqu3KfZN0YrrRxDeQi6P5R8edtHvdHaaEL5MF7mJmCda8ZuFNSs+gN14h4oSfIPxkALd5t4FbXb7m9cPy+vP1wy0tG2AZLwi+nV+O5+cY9C2DHUZCJbTAPbIy7sA+uV+le1rvYSmi+3VuIa1h6PJu2iQDxJ1MKZfncNniiC/mF301hXI7ObTzVnB3U3/60u44cX/OO8tkMplMJpPJZDKZTCaTyWQymUwmk8lk+ndMzUrDVReHVgzdf3LP9gTyxwCeUnXG8/vp6cfT8/vpMoVh0AorahGRf6aurAkjGAx/gDgm8Jk5YSPIz9/Fb2SvtO71VnJR+Mwv+cUXgC7Fdc5t2dYtbxtf26vVhmduRv1cpOypOEi1JwENqZHLpVafFgJELQmcAiNhp0zgzpyl1k7fsrPgzBrv/WF/dTmoZeljdTjvGTHkrEIeJ2xzUjaodk8khvAYNIrsBjIxu+MH9jiRxufqocK5POQBs27b7XYj6GSZt0Q2J9u2TtMwjaPgNpGcTMpsQgxhiuNA266UjSNFikhABl20DaBTRxmnReAaOBSO1X/UwvpdT2mAS6ck66dMYDnkfD6fTmeKCAqBaRsxL3nD8KBCNUyy5MyuPLTNYM388eOHcoYyLNN0GoaxC/fAO0eJXy81WXGCYqFiUnc7xT9hQXxHOpp6dx2s+AkvHgGpUD1OsljJMGFE0IlP6DfHG2TqIqyJButkQky8ghkkzxCLl0gd4I2ypxOwzSnUVnOg+HKyUFoozM4BaWvxDU7hAGp0f7QPPd8Nh3XJITBCyTU7F6RulT89oEd5JHqJgqq8Bfl4QPYEncwuv6zz364fP95eb2lO/JhBV+kRhTE4U8jtVh/g2rNV4r72RnIb9yUFcNdPeOz4p/XZ3Y781Fedrhs9doRy4g6DZEtDNwM/ophSKqJbLhDnJ8+Qeni9/bDNoT5q7+Cnt9orI1r/r+R+ZfNNJpPJZDKZTCaTyWQymUwmk8lkMplMJtMfJZCQFIqM0GKerwkQNYFGap8UrPMunn+8vHt3eno/XS7DaXSBgnUyR2mohYRrzAlW+xM+nI0xwI2eGACiCrofqwvh0RMncv128bZf26reICklCVHZcrWdyErPZFeDfpzCHx1owmYncn6vZh50EGfzgBbD2dlBfqlP1VNBZ+RY6dHeAb7swTpACunQObU8whN8aMaukbR7qukz0snSQ3JjyHppIjIYDQkxDsNwmiayJ+Giehxi2XNLyXVF3swjtKyUqvN6u87lv+SbspUzjuNwGkbPFV8qEgOF6QyxzOswlP4SvkPEycAWJ0ScaD6Ja+wF1CAUAK3P1zFRtqOWqtHtgI1kBGXyp+GUnzJ04zRRRzgFB5jRcVy4brTKXvSvvhdtxMoolBiJ4YYAABAASURBVB4mFi+EdRhG5ldOHKYDrmUiOfFlgM/YJAB8vqaPjbhRaOut3aP78wmxRzc6AqjHUAj0SfoZVHpJbE4qHAAJ/Uq4SSC3EiVOKnciTEl5RwG0QJyUHJbbPSDZ1XixCWIgjb1QUOZbDE64DU64q09MUf4UTnFgf+CIzvF/xOhGO07z6MVMqfy7cZ5OcimRVUl9AskqdC2Uh27GcicmByvCzaWXvPxMHicvS1qRY8MUqtBxLY/GwC3xNSrMN9oDKswm7BJ9JXQemYj4++78Fvk6XP1nh7PeW6F8QseVc2gYPUdQkDMUI6byaC/vdOPpbew5Xqk/PFdKL7n6FK/TXc9/1/cdSGwoJPxK2xeTyWQymUwmk8lkMplMJpPJZDKZTCaTyfTtpWgJHAp4Wm5VXEJzYkqJdvRkc0KpOk8/nuNwitPkx5Co7szFaA3EkP/2BWSuO2fPZgOl3DzGyGYZXpMZ2FNBWiChFmqB4JgRUBsEd7QVyU5gBKYXCDVIS8aNC5ZB9qgdyoyayC/utQba6q4cfLOXUIMPgnhgtTPJ0AxRFFjxjcNx1aqBEZXcWUbw/mLjspsayDeIe8RGK7Kyn0Id9Co5nYAU+glBGGQAokYgDsZxPDGmEQk66S4DFRdgJQ6auc3zlXxOrvO2IMfcTNN0mUYek8wIjh8cDCGepimI/QSF7AyRSZRSPeewjDImPCfM4pSmy2zJFg8QL5vcRhUplOnorSG4iQAipV1lz2Gc3j0/nc/n2nxlAxhFSDpc7XCaU1AnCZCoo7Asc+ljOWH5vgzOjz/+OMSBBpAICmzgT8NNHqvt4OpcHimnI+EAlZw5Oms8KOaMO3zTk0n7JLlvp8/V3/d1qX92XVI3EQFMUu8+IaOBKSvulDNNc2ayYsO4SYaOa9YmodzhFKyDge9ZLzdiVtqHsAtaIWQe0lFAsDcuYx0tth2R/9Iy9bU9n+0/qi/I/tBRNyLlF+o7vTJxUgKX0RJHsgFyGwU9iakLAXSOHxZ6OOopM/gNUllis8sf1+V1vV3z+rLd1rw5Brc47orvCPJgEsAEHlmz1pQa0VWJLMIxmlfKYVI7CxBsJzmOypfXkzzn7456kzvp7G8aLYLMr3joVtAOjDhxskIQ/yrvfIj8iPe1zQdkrHrsCARG1A/Pi6Oxv78/xQqH0MBGJJlMJpPJZDKZTCaTyWQymUwmk8lkMplMpj+L2IXCV78GVPxBsla0LO7RD0CcCBEn09NPl/c/np9GP5SX57pxolItYyAg9iN7YZHf6ZzBK+pBvIlvxfjqB6Clz+Zh0SquwNENBzsR1AgLCdYpV6dUh8QxLFrhdEoOQDUb8VIR7n4/L0Ya6n0gldFa7OSCsQyERDjUPB5XEZmqnLM7VIcbw+MrSaN8i9+P2iu8WZxIWu4Mp1W4vZqMXUmXzhAce42wSQxvhCGShhADwzCcD5Jb7b78RbBJ+XdZ53UuWpZ5YY8TCH4Y/GkYxA+Gknq4KUOkUzIhQMYnU2S/E+CYDIlJcVL61ZyM5nHCPeVRZWAEobqAOOyylmi4ymQt1KSllPrL7k9PT6fTqXSinHDbNglcqgSSZuHIaIhbSlYGxclFKIAp48fbS+mm2CvEOI7jUBpPEAGPMC9wGg3oARFwB9ccMugJFXXA3XDnDYHrXUI+oUgAQzXSAVehroPJxOdZkV+rz5wL2h6HOxPbUTJFHC8jX2flTpgyIRADUnlloUxicnHFwHdhDdMR85/s2fGIF2vpM3jlP7LQPEHcPNTOh5dMbpwaX5rwrQR6S0hjGHa5nwl4s/OVY0EFPeiKO1QmV5RvdT0C4TRbxjWTR0euJiSMm0HydNdFVAOS8snm3Q3dzeWPaf64vr7crhsmZMBso6PZvUUcVaA86OTxqlZL2Mf69E84hu/0vnddTyt7wd4h0CCPfhDayfcheEPhMwPHo/HGYMoz3EuKFbVdQDOhAqUpzJJlzZcqW3Tjkq0QjbI8oFCeGNh643ZTEw1vAteeodQ13+/jXDWqEasYgCNX902pLZPJZDKZTCaTyWQymUwmk8lkMplMJpPJ9BvFSAe7VGSuzbu97knV+lK0DUi4ySWe342Xv5ye3o/nSzgRO5LZLqPWRjWlAhUKab4KwIRHYMhDrAP49+wcXNF+Tq9WC3uratFYq8j7r9+1jk+F2oR5wbyljYJV6KfykhGkHZAipa+oCXMR9Vf3oByApOTslgiOcm3Y5cAJuFIK3s3uwKk7A8rOb1hlgDiqiHUB1vAerZxqt2unUfN7qFP+0HFlLDI7gnhuo3ScojoC0TtEVhBrEkZW8OQpwB0kP4qcVqFhtm25UqLOPC/zcpvJWQS30oZSEI4jWZgMkZoQmPIguIT4khhKudzRH9MwTGEQ0wr2QVFnltC6pXxN6z4DBlhjfVwFCSpSkKRVaVvWZd3W4N00nZ6eLuooAT4r84CIFX5gBEjhFXWDAbLfYLymdGhd17ICytVCpKwhHpwQpPa916XFBmNP+XGKE8lmru3PYrgjU+waBfBQqHdfoQgdKSUAF7p7+4pvJfzKk1beoh1TUa9MN1nKsixR7F7Y2oTZD/QJYcs+uUgBOug3DNlFuTMTLaDAJii+jhZn6CCl0giDweuh7B29r/yHNKEzg3H9ON95s7gvqqavQOWMdO53Oxr+VvyIaPVoSA9uOS2JEmKyTns1J/LiQuIZuKA8mORhcXjd0sdt/rC8vq7zljel2oCtU7QhvjX9AMvVBwQvhi5L5rjncbqw6yAgfvu18+ZphcupO7hKEWbXjWe5/Si3i8Eu5ZPkEQ+M6oB3b1u8yCe5Xbqn6/abE/R/DnUi4Xg2o01MJpPJZDKZTCaTyWQymUwmk8lkMplMpj+NumInuwBw4gx/zKVkYOgEJj+9O12ex/NpPA1+iJIl0X6gjtXKImsNW0wuOJIGmGXgyAXX/6ge+7yFux+t1x/+q+MHt4jr1rU6mmuls2xsRJ1srS/NmwQ554LjaKA0jGiNitP0+ThiSyBQiTg/cDkV5SwCedRd28/u+168nXFRS6W67d5Srf6/8WENKNLDOWWG/U68jyGMwzCOY6xiTqYZQ1DBuFTRy6jcbrfX1+tM3Mktc0YPjUk5QyxnCJHJDBl8CtCJZGYTw1QGO9I+cSz/lNHDLEY4PWtSF4yrtI7MBlRWoxWyd1MQQl6oRr0JenI6nUovLqdpGEIzNoCHwBpUAGJXWUdpw3meX19fEjujUMuDn6apjAkyqfO4or5aCNUZ4+EM+KuAkXjgS6pxQ/sAdubgW+lzHe5BE75Bda0w5iOmQVkr/2ovwvEzGX1ms5NExElAgk7I2iRRsA5ICg0lCRF+4jGXxaJGH0pm7UPJnzho/cYa2OLUJ0OMcUCuvdNosuHdV3e/XVFgtwZ2yQgwa4IJJDWIkpcSps1V4oQffXLjeeT+Ubshe1gxL2l73baX9XZL68oRXISDcfoOVq5pN1Vx6vEiDAp/Kb3geBoJumkk3aenrKcy7r76rUv8YeAeHr7SDexZkGqQs3NhTPdReFd5+JZOBkn+AnluiitSYwTvuiMfZk0k22//1qLWqI4HNOLEZDKZTCaTyWQymUwmk8lkMplMJpPJZPozSi1AZJPFhUOqjwbnI0En8RzGp3F6f7o8Decz562AZKZk3KETKvZzOMfue8FeAWSdIc4TKL+Ap+8kH6dWUXdzj4daKgB0ngdqZIDinIGl2rlu21bLoK1O6eqP4yEI7gKaj9HsTKhh7MIgUS4c8aG/s2+tUh+PDjWBGn9Rw4Dc0Ynhk1VRMiwBeCPFoo0AHnpd6R39S2wXvNMIIE6QIWREEouYEvBcwE1SxU9puy2UpHO73oqWZUmJg2ack1QdOZyRIOJLxhCHMq18yrLtOAKJUnYoI0NccKToq44joLOE3CqxdoA7q4ZyRcr7CZ7r1Km0YV5nrAjROA7jdBpiEP+bNu8P5W/yMinTK/PIa4ymO23b9Xots1/aeC7nGYbSDkoFqj4Xygl9C+21fuiMGL6i8B3dcXW0ZQ6KGrhvxAx8QvAJpKUnCXiEmbNi2KTSY+Ju4jhPxxN3wgE6ycWEZSPQVxjFOYahk1ATXKIsi4qbYM2FAqccQ0UPssT3iO9H3x63kymNMpPQm8/5fMieHRSmH+q9Kvd2uUU8rdlEzXcbxbrQo2PjkB217BGHo6SuOhx8AwnoDrum9WVdX9fb67qQ64nj7KTyXEOmT8TT5Y2GtcnYn7F1br4MjXQPiPuN36o3TnDXjv4ubFPj+9kj8oS8Ypjmo6VTbvRyR+tdRzeqq5yQPz4N8/2FAI9PUvm830H5lcPz0f3B947JZDKZTCaTyWQymUwmk8lkMplMJpPJZPoVYsTE+8YNeIrUYTsD56MPlzj9eHn/z97/+OP5/QhhoA8JcRB/Aic/Vt9/E6/RM5TPEkBSdYKcvPqLVI4EOzeDz1WTW5yNfKBJD4AUrbIJTrHHPsh3nAXjlcrQba+pG075CS5ket87anBv6FTlYzWmqDYN3mNDUKQ2/tmwC3CHX/jjmy4Z++Ha8nbO5kchX2osSW0MGZIQhcE+MKV4n1BcKXhMidKY5/l2u5V/l9ttJU+GVE9Fx1Kojri+EHECY4zTQK4pI2X0kLcLRe2EQPFJyBErdBzWcVNzG+mdVJS9Dj6CdlTjODKbxpSNeVmut2spTxPWQq2HoTWCrqCzB4e5EP6HCts5J/HgKV0jdmVZSqfK5D4/vxsHTdLxeqqMn6CXfoOO85vdr1TcaRXoLU9a0sr9N79PfVc7TquuJPlajYiIKFESQ6aJJoEnDQQ6ITsThA0D5elQkg6/cnkoRGQQA11ARrkEOgEILssq4TsKvTIWyppA5Ueqf4bjJ0V2+yjLAj2QVo+Mgnt4WLQ59jsYdrA8EU+kzLcs0zJ0N5RbZsu4yRD46m4j90Sm/igQA74s/7Lb67Z83OaXbb6u87KtbHBSHV1QfJAaiAT19gfxWFFnlzbVHVzRQobcg343XPJtJA/3dmO6On37t+WZQpZLRK2h3rTQOdN8irPDitbdeZy4tl4qcqKnEpOsP8eomEwmk8lkMplMJpPJZDKZTCaTyWQymUymXerAAeIIAEECcZAiICKESzj9eH7/D+/e/3h5d4kT1aCJv2CDAkxCOtSKttRvuersgwArajMi5MhOUAidoPk6d1XEhlZAKyDj/it3gRkyplI8XtnmJLG/SrM2kNNxpk8odVDPZezA9i0o8ARoyIVUpCtNgWL2IF2BalpQW+GlpNxXvRlvyJxG9BbZ8PDhp0wnBNfINXqjnZ9HqRVf2eCEB7IM6EjARtTxYWiAuQHqYEqJonRu12Wer/NtWa4gM8JV3eDZvYQdTYIn84IYYPBh8uV0xJqUS4h7SuBRClJ551NzG1CnhIZHZ8VXW4pWD+ZDaDEsy0LuK2mbl9lBnk7TNE5+oI6W8j6DSDvJ03gEHjxFR7jXdLmUt6VM9ZrCNfYUAAAQAElEQVQIOllv5fPTdH5+fiZGIPfowj5HX0WcPJo+HOZFtvNvY1diZxchLXPY/Y3fkjjRs9Yz1rfqKuIaLwCdpxBFyvBRQpwkATMQEr0IOtvY2iQj8SUpl9UQMpBXCGJ5BOyLg54UKGsg8H98Yy7UGsi5fXrl30zgBy9xL22TuxF2a5iOTtjdmN6cV/2kPl90H/5MbowMaqJS3jdyYyLohA1eXCJqBurqlhNQ7E41GvIr4uzSL+v1dVuu27qUhZg2wtg8k3oMtR25iZahA61NOkF1NCp3hA+whcwj9uSUc/05fi9I9akTtIFtl24PYvGYyTnVp83BdoWeRwydeB8SDxt2j4L23Hey/qsAMlvPZDkh1FVQz8kAEA3YbpSi7XlMrDKZTCaTyWQymUwmk8lkMplMJpPJZDKZTN9V0NWFJVuCDEqQiv0TxHeny4/Pz0/DOZY6a6k7l48RtGyc0eXcn0dhDu8jB1WIx4kWhBGby4iUVPfqsrtPV+nfW/0Z95/ZY8ppS4mDdcomxzuUq9d0FSph+lDqoOx3IrYruwVC+xm9nlxrxtUYo3mwqC8KH+7lHHtVtPm6uLecF6D+WP8w0F2l9u5jaU7vIlBb5OrVxTMmyIavBi3IzAuqs0jeGO+Yr2RyspSNZS5jJICJEwObyMNCXBFddAjlFcfyOb0glks4MVQhIwfPPI3nGjmXftlyhkesOdbweTy0UjXbEYjfQZmVZVnWbS0TVdp2upxO03kcB/RUv5Y6NlYXA89dKxNbx0kK005ShcruWyn3LwuTPrns/Pz8XDrCDii+Lt/DaH9VvM6BCNinBt/YUaCC3ojlyyXv2LYaWgXuWDOX9fd7MYLWFNjbXx1FhDipfzEzopYizFjlTOBYRvYAIfQE2NQEiDVxEV3MipuQu4mk0yDbBIELan3D4Ei9nxg6oy2vPIogINIqnldJgWJvIvEZcT2YIN3ovUDEJGX/6pNjBbJYWIqMeFfvDUiMTYi1SUoCO7AfiycvE/Z2amwKMlJFI5ZcnvP2y3L9+fqyOFyxrOUEkVc875PrY6K21hGxJ5YxYtZCnk9yc2vzGgKm/eo9eSqX4f6+RMUdaNL+rBtu/1M/ROHwgmI3HO7lUsVNoPE0d5BQ5ZSwJqLx8jjeg+VB7vr/AciH+yDfN9tkMplMJpPJZDKZTCaTyWQymUwmk8lkMn1fDVDTJag2ysE0lK0Bg48/PD//5d0PT9N5GqYIARQG4DSU8s6FRqjVRS0LcuWX/kEH3U/euZyaxY2jVQp7dwp4KDLqRn2rmAcFg+SUlvVWascENJTSMQWseKlvBhZVQmsp3DNvoXXemq1zd5U7qauJVGAzqp0D1lJpht7ZoLlWdG32tc7eaIxDKf0OsmkmDlQQl4o1Bx7JOcvHkk+kxIn30hLuE3CTIDF9c1tuBJxwts4638owlZ2ZMqHRL+eLnqKRAgEDbvRh8FTfHXygbJ1hoNgbhhHqoAkiJGAIUweugTvAJhJqVVNtG7hdiOu6ljYgcgaTw9KAcRzOl/PpNJXjU14h+Db+HiOtlQPKQ2NAdESp8q/zsizbNovlSRgHxphgmqZueXBrfj258fkD2hxJ4+6Wyh0YAG9lLe3Qyd+nNk48yU428VtOewv5vYyt8h+Z0AzOLMpCnJDBSeZULX6VjYGsTdCnslxQ7hvPnEZZTEyclKlTKMTzANAk1cY0WyCHFRejjzNTJ1lCb968D7vtftjgi2gO7JEuQo3Jlcm/JDkkPk2DdfRz5mWgeQlJxhPy/Z54NFfMc1o+LreX5bpgynxbNF7EOexbK0+wflve+lWGzn3CFQn6P9z3wymwX0FKmTjpaWYUR6ghetxnjBLHRYRiwwM/f+79tGK5wy+PnUuSqNF+rhu0u9P/XlDLZDKZTCaTyWQymUwmk8lkMplMJpPJZDJ9I9X0GyE72L8AiUj46en5H9799Dw9X8bxFAdfqs1YfQNwNx+BY0CEYhFshSCmGW63ATiW7eX9mIri7grQ7gBqULWazAVK7TjlnLe0Jsp8KAdE8QPR5BjxBnEM0DCa4WvNuqInb7pZuL4j+n7/k3vha/SAvfHt7UHtVG+W0rvL7+BFdzHuQukQ/xMlrch7rDxLrpclj5N5vi430bosKaUYfAyRLVI80QIElwzRQ/mzfDVGX+Z6CPThGCJBRQ5Cs2Pgl1feRgwkapEddhcW19WpyxUdFfdTacCyzMEPI7NKZTaeLpdxGnfUZi++ixPNochOGA2UojZs2/by8vF2u47jcDqdxnGU/pcZRrVMuJud36HD9PdfZLnGG0cgvrndFDt/jvuTd4e2sJXf0pPdo0KNRGRtADZIS2enXjar3QjhJpnAMZ/IoiKkskGYWEDmThJtEH2CtAg8W1LwIpC8E2AoSZ8cBDTR8iIOCaDZXGCNtFEPHDE4YUhKfWx0xwNf1jareQtUrO0TdhfdWLh2a0OzLQFIgOuWlrQl5sfSjpTxpb0ic/Rk4Y0NcEtpzXnJ28u6vK7znBb5yvHjstkiNdQI+sdE2QGPU4l639w5erTm7nYgnePIH8ed3I0hZ9wcrtW3Z2fm2rNf428owEzmzvv6hHfu7vnW6Jx25vaNLH2++w+tukNw/HHCG1P1fagck8lkMplMJpPJZDKZTCaTyWQymUwmk8n0IEYMQCrLhDgknGL44fT0z97/9DydT3EYPeXUcNEZW2iCqyEeUmTWH6ZX2iOw0YjuwNXFvnK4lyH7WicidlYBNegEq7mGfpe5bF1r665iIZmvSWIygwrdgZvjaxSMb04E9Qf3rquG5j1IAloFGauLw77/PgDKCuwoCVYziVozRQ76qXk9zjVY47GaXLmNnBuWof8WDcMgYysmLoLXSLIHkTeZhmSZ59v1el1u67pu60o+KITgRLE5IQ6HwJwwEMACMfghlm1OUApxkMmi7BQaNGm/70xEgqt1870u7FyXNcNTkunS21b+Xdel7CmkCFu2uGEcK1kiJ9Hicy1td2ASr6UtbQvlA91S2koXynmmaSobe1H+QCPVQ3+zdC23zYdP76b1Lcqkxw9kO34TGuZNPQIvuiIltgZy71ehFkNsQyMz7cTQg1Nnyr5hozCdkNjghCgT4kvoE14HwWkmSvMO4oQd53ffG+653JN7DhYtJQpSao4xbKEDOylFiAoeHgzHp0Q3sfg189vuUwDFJgCSc2vKS04rX750LKGgDARY6SHcgYTU1swb17RcN8JNbuuykjcKP+foBvHV9sN9cXL5icqkCvojHhX0+7uopY41eYOt+U0MyuPZ2kPqcR1j5+fziKG4Spw4Dq8KMTTu6O5yfIEOD/mkavQaEUsNMfL7gwY+PcjwpXObTCaTyWQymUwmk8lkMplMJpPJZDKZTKa/l/gn/loq9hkuYfjx8v4vzz9e/HSC8eRLqd97CpRpYAaVHr2UFfX3+1Qb9GyVQcQJmyEA7AV4qSBi9SD4lKnEgSNohWNFDGizFM1TzoQ1bMRWZCS0IgayOSkF3iBmHYBSDffMm3CEBqMMXCnez98J26e1VArV1KBnCLKW1vuf/u9neCROWkW1XRCPv+e/q/Dm1j6NK3HCiyhxor4xaieTMK2pvLZ5W5Z5WcvbdV62VQgQQlXiQCPDST/sdOIZKsplnAYIp0BpOmXghsgki/MB33Bj8CDRN8oJUI8zW1/QFKuVxpbSVv7JaSPkhLiTGOPT0/O5LJ+qmkvUD3SbaLoOD4FQNGmeqT/rupSvp4kMTgYK1aFQoeC9jsA+Z/ugud+qTx65m2wcKvKuq9ofdu8mt3wbH0/4zavkfWaJxF8RrZFrLArF64jZSaKVmJDujqwZVRKm45OLTJxEQU+4ywqgYWanE7qLZPUF3lZDD7Y0It8LxwldPIF0bGWrJL6n0lx57z1UDOVh4HqpI47egfmx1/CJKWfKplwaKFUH81JuE2SkypP9SeZ5lBXtd2iN9lzLIna5bFy3+WW+va7LBkLK0CAoRcI9UfimNrNZmezLRbvQOtJzVV+YTXwIc/pW+nWnbf4mnaeT3x2lBtQcLnlWK2n0FWwMdIPAT2qNNhLnmOYu5f6gQTCZTCaTyWQymUwmk8lkMplMJpPJZDKZTN9WofoIBAfnOPz09P4f3v/lOZ4mH6cQRxc8sxiMREg1O0sSBUjBkBW6beeUEWmlxb4O2fxB3gyReKwzasmaK+kpJcIr1nnbKFinFECHOPhApU8fIzmCsKOJBMRIys9+HnzbLQEVo2ll4gp2SD2agQlHRIjbE0tcLbzr0LVqMrQ6sxqdvFk1fauYmiscoF1g9xGxNmluJa5jOLZMQzFv622Zl6LbnNctS/YFWZxQHA/NiwdK0eFzRvCxjFgYRjJAGaaBeJayw1D2psJvlsNbsZ/NIBpdIdiNcDcMGaB6nJSJKK/SBDokhjGGaTqfL5fImEhrcBkxX/0M2jCQrwFKvkfm6SWg6Hp7LX+WPpxOI6ExZPHi3Z0jQ1e2/tYkB36GDeH5lxK5d19SdF+hb0AYVKJJCJ6cdai4qVkmjvgLJFMT2FL5C+gTwkQCEmgyULwOEyc5i6kRSESWZuswRUbJW3xHlBWmqx7Z8iQzKSBr1/lmDyMEDO6eFNA4Mm4mkS3AK/PgAnKnxp2wwYbckPdcg3zrnRoLeebj3MboSXlUlFsl8XLWJB1+Bb6FS2vKjVJ2J+iE83QWTOX1usyv823FBCPHjWUNDMJjGBhU/qnBRq77mu8VD5WbcQ/AXd8DxK9zc/mE9Fj4jVjT/iBuMFfu77cskxsYfeMIMwr9yskJdIK4OX5EHlrw4FBTn57uvqM0SpT+xS1xfXLO2zYqJpPJZDKZTCaTyWQymUwmk8lkMplMJpPpTyUqPQNnr/i/XN79w/OP78bT5IdznAJFayTUdI36I3ynGRZ9UVnYAqE9hCVwhyqzXmi/5qddIlxHfmC3Zyl8CmmxruRx4n0cCJ6IKW2lKjoOfpCqJeMmrl33rUIlvFG53n/J37ojbgrIdfzc10zVAqB2vDW4Yi61sJ5cRVJkNxmfTwZlcDkcNLJC/xvYWsDrRwo6kMHJMt/med7WZWOtm6vZF7UgTq+hFIh9wJyjg4GIkGEaKE4nejpzACZO2M4ExddEIolQjS1gZ2j2WSPHjFRmg1gT5kTWLRHTEAZK7ykzMk0j75zFFgElaaWNeZ1nuVb5kptf+iE2LdswDONY5pZCgdq8NJ7J3S+eO9OUb6FPnOcx0+ZxB+jjdb54ZtSVsd8hXSzOvsLqvhV8qDMt+wtoIi4TWY16eDTI3wTKNPkyE453WlNMwdNazuXlmSMhj5NS8i/zh5lytIg1ITsUpp9oAkPOIDBA+TBngjeCBKPsTheuxiVlJ2YguZqR4B3NIEfI+vQMrpRd+a7bB66/PyWxi8KhGHzB3X5DUCiogwoBFVGhjDCX50QEyeayi2zXUhmRwIAXO+cwRZWRIngy3tbtpTxeXP54fZ3XbCmV1gAAEABJREFUJYvz04rUSqJVINcVCNJwFNamzZLnOwjq4xJqrtchgIYPSNg227poxh5M/LSIGeY9GLghmAbb+Oi3fJmdesF7qgXc/ZX4T2AsR/1jUB5uGaFxK0x16TIjdAnLnT7wXU2IH420S6k66IjZzb5ifb2u4D26IuqESvtbg+tjWvPdnLvzOMG+L6B2Pu7xS5PJZDKZTCaTyWQymUwmk8lkMplMJpPJ9N1UCpyTj+c4vBvPfzn98BzPl3gaA1lMuJTZ2oB8TjjdJgtuIlgEV0b5t++O7Q/IN0AqrlItdbUC2sroKCBHK4GmrLkKnjw12j5KaRDqwaXRcqWU8rzMpRZMSS60D9ENpSBdisXTMA1xDOClKsxpQWKhcSzA7m4mrv3aPtcaNlRcprUt1wpvdlpczrI/9TS4XMcOFExRRGavpWI1w9gJFpX4ILC5h28NKkV/IAyEYlloVIMQJ5E+0pgbCjABt67r9Xa9rcvrTAOSytDQMFLhWHKEPB0Vy/FjjEMIPufydhrGaRzIOSTGIM404qdCDjdSvaeRDwIXSCkfqukHNR+kxQLRsMFJXsh2ZqGspQDDOMYQTqdTHCJw7hIPJRviqJeFDKY4cWRPpyxrJG/bVk5CfhR5o76XpgspE3bIxB9gFeV4SsdpBqp5imeriy/qTZ4Ed9uSfP8VHmwXZFH0ZElrpQQhlVaJAUwp03/Z6QQ+VzjPtQUdtFDXsCADsqUGNegUyaBtNgbKbG2SxdSkDDX6hLG8c9AN0FRi5MUbmDsLQGZHYjch4xGcevpAz5c4Wedsl/IwWCAQQ83ieqPLh5QZgN5Z6LDDvTpmwYkbBn/SEBZqE8eEuTIDa96WzBSThw78Uvap/FmWb7nLymcbuHIPXdd5BYrX+TiXW2vOOviw4xOHVvOFvRdUBBV3UtYEj711X6G2njqi6FsBVLUZ2CFf4LA+DZv1SH2IyY6azqQPF4A4DHWOBK+RZZAq/vRVDe6hmfpZI3LguMp38AjeCrIymUwmk8lkMplMJpPJZDKZTCaTyWQymUx/Hg3gpzg8DdPTcDr5Ulz0oSvC15Ii5qwlUakNdpYeTn7V38rHcuCb5da7AqVUges2HPesVVGiPkBiXLZto2IxRTsEYRkGctYYKO4BpZq6m2Hcn9Dd1e+/Vs1TwbWOZWEoMiD0xdbW/+PP9PHgFvKJ6uxuiMIsCLl8MHSiRgmeLpU5VWfeKFWHInXWpYyIkjmtfO8JWKFBkSwMB2VwpmE4j8M4jhzVQ64S3qFvhgPYzyXWyjJUM4u95Mv1XzLTEFJkXZdSYx8GgkQGPjFbmzi3n0eMJ/bBY9aErlhmc902l3Fd1pRW6bU4PHhldLqFge6LE/dQzv5Vyp//uuIm2BmRYL90S9NLgZ5mzfu1jMs8l/evitf5Cu15I51tCFbCo7qe1C/1kzJNOXGeThls2giZ83QSITycYYKBnU7I1yS7CBjIbgICO0qAU1MetflQ7gTcHo6VJSwGd+8RWoocRsMRXHXo3KfHVEbQ+/unADy4HjXQxIHgVS0NS3tOkBpZkxAXNuN227bVkUMLVrclwbYkMotOIgicd3Paruv8us5l+5bWcndtOXtf11+7lR+yskCRs7tnikB67qH9tYMVzdlnF/fZdbh7uehnR+oCj/k+v0bKk7QbS/GW4wkl5wr3PK0sSVflGesOwJCsAeie5hVquW/X/Z1zaFJ9Wr4x48cN405MJpPJZDKZTCaTyWQymUwmk8lkMplMpj+tJoiXMJyH0zlOFGpCoSvQ/eSeq4kVbXBd+fUNvmQPQPlkREn/R/MXgYcqau5Yj5y5FpqVKiAXjBCQK/1EPITQ/07+sWx9uPxXcCcP+IsWa1uFPWOCo0mFhPLI+x420p9CDRF2h4z6vn8ilyUnEmJDYsUvON9HfSyw1MRvyzLP85WoE8oAEaqjxu8wr+JDGZRItimU8EIGJMM4kL+JRPZQCpEHMlYJTuxqGCfQ0jxU/KWOl2ttoy5sZH6w5S1xGg7GgdxNyixI8V2CjbToDv35+lgY+rac5nq9bks5iQsBxmGkpUeMjaT87PPoHwrTfQH6jjXB38QVfVH9lPUXBbY2IfQnk2XLuq6uW4G/HTp57KGrvAD/N+uSytjvQM4TmV2JkBGMRNYmsKHfmC8hdxMMOYtPBWSCJoJDzp4p74SeBBDvHZqzoC4+/DcBGjnoTChDQCExoCYr3AAnt61znY3JI4Nw/AR2KOQAFtw/DlxmT5MKw3UUUlabF7L4KdtrzktZpGUU/HB99y/W0z93wzPG5xyeXLy4cHIPKvfDO9547/5t0rZd0/oxpw/b+jFtH+bX/+L64T93uL2xK+4+Kq5tut3shJ9c9FmubKGr91IY5GFyWMzYLHW6SJ27h3sFDN0dcVInzt99Ag9OJ3eXM5lMJpPJZDKZTCaTyWQymUwmk8lkMplMf049DePzdHmO0zmOUxwHYhWILwDGTLKG3OxVdoqtqVBJ88SQoAktQFdI4OFS934Sj9iK4C68yQkg5RiqH6dSzi+1/bL/EIbqqKEVbS2hKqEBn2IOwL31K/wGKzyUPo9oCLZf7Dv3Nk/DbESWuI1ujyzDITXeTExAdwweYztKp2IIZQagkheS6UMmEjQM27bdipblNs8UM5Sp7E94SjlQCsTstBHkBX6MYQrxPBBMxM40lLIC6DhWp42guhVw0g4V74GHvXlIOIV+CGbY0jovMzEWKZdC9EhpPQT9lMvuU9aMSe6MIQA1doZTOzgaaCl/jcN4mk7ccGB7FzrO7xXpN8rN5GpRg5nc79VDno4ADN0yuANZ5BOxNiHopNT+r9fbfJMPOcKINE7T10In7QKPxXXszUv2+j2/KgGlWFTW+5Vanwk68Tn7LYdEQElIjuES6m8Qsx4kWxDiTpC8TwLbnxB34kGsbzggqjrwaHSTrAxmpRQh0pZw+6kRdzfZHRP0xRH45A78zwOXwlk2mS9M36cN8QXHjz/8d+fn/3Z6+m+BH9w/XcV4Li/n/r32Sc7r9cP/8/rL//364T9L2wt91Jxxqo5rTJ1aZPyxPo/4WYDyTBNS7XAI9id9Y9b2J7hjZ6R74kQfxSCPSq9PwAp0OXf/6HjjJjSZTCaTyWQymUwmk8lkMplMJpPJZDKZTH8evTs/vR/OZ47XiXEgYoE/b79m76X2G1SOZF8N8aRw0JeaQSqI8OVfpz8UEbVCrVYOjiGFnOZlXbdNnEJ8VfXVkCYeiJPfVp18LGs2c46WIuEZrAF3uBCXUWsZdodYdOyqVYSeUL6Ezg1Fmk2wyEApFjEGLcp6xjTKICCsaUuJEm1e5tvMuTaK99Rm0O7qcxIoIIn8YGAM/jzGkSaVUAKdNsZNPCgLU5kTaXrv56HEAaE0OW0r/VP+65hPid6PEzEnDItothJytbr2sCZwuNZxdsdIaSGCqJwqkaVLGC+n8zBExgZyJU680AS6AjXX5V7wFT4av15vL1phXMhDBBSuWtlvZts26f40TsMwTKfTOI6Ou0B2Ne7rL/uQn3IvcOoS009TxU0co2GQweVEniDofMaQsk85ZIiZyZIscAnqKPOklxUQeB1Q3lI5SrKQ6BZkfkoSdMpXoHY/zJY0lx+EztBC797atJqQ5N23k0AtwnAJvsBBPuS5khGv8PSv/+E/Xt7/D9pt+e+avB+efvjvl1cZn49//b/+7V/+p2n+a7/Dgf9wSpnVr1wlTvgJD7lsVMiujmV9ZNX7GtjbRp5mj7zUGy2s0Ik8fvgxpLhVfWDw3f7l/3WYTCaTyWQymUwmk8lkMplMJpPJZDKZTKY/jZ7i6TRMkx/GOAQf1E+AcYQ3K+BclAyeARCBTVqYhmt5LF9DnOyHOidOChoikoX1EOKEgly2NWUETVpxjTiRUJhyaIhSvQT4TMwKgPuEkYSrTidaVa9f4dEmABSI2cehfahdqEMmIwGur/DeD6a4jHgOMxKTkhjJIANd4msyEeDJyGLZ1nkl0GRe1nlZFiJOkB1NgjTD11NRMA9BJzRQYwjTEEdCH8iogCOIeMwcBK72ekEYoPdlOWBG0n5xu5kX8lgp5xmnorGcn+08Yp+JoTMoL8yeo3uaE005ySpKS9n2IYwjYStl1TmlOsqI+X7AeEYyfiKqqbe6cd8AN5GTSlzIGzjLtq5lBDYy0yBJChVNWNE0ReKFBlcXntTrvw46ubOeqNFWstLIkyTnSgdIjgzfHhQ4lUButky3DEXkbJ6dcVIot0QZ4oQxu5A1Oqfs4EFYE/Ip8XyDM3FCS4GpJRl+uo6v0+8ddnYm2uDa6uxqvIrs5XVVCwm1O2H0o/loGsP5WPdf3Y1Nh66wmRCEGtoEZUKuOP7jP/xPrz/+R8A2TaYyku/+8j9++vF/+Mu//r/87b/8T9P2gl0ilOyDxwinlJPrpsATp7Tnn9F7WSaavYPd2YIQJ9C5Tjn3RhJV+xMUXGzrXNcMNIskwdMy7hjTQ4NNJpPJZDKZTCaTyWQymUwmk8lkMplMJtOfR6fhNIQh+qApFa7WmKUmWGM8mpFGKRCWiq8PQX6wDscKvVQQnboSHNTtthcSH77KhCdQ7ZwiZZZ1WdaU6FQEWkB1OmE/EC9HeRcU8vhEabvpQKJU842+HdAFTezQSetXOzY7dzA7Uf+FjKlFRbT9PZffdTDZo8FzpZZZEfKXkBLsOA5xGMqnkkZRdt0wp438RV5nRk3KVvk3bZKFI5X94CVPpxSIcwQokzh6P8QwOM/ECUEmntgVhSQcX70Ukj0RBNm3+JTqSkIMgOA+DLYQ9ZPSRtddSv/iOE7n6XQ6UQYTTzwFBrncBognzrEBTnA1ASdn8mihXKB1KZ9QP8eJbF1i9HSG5DljQyZHi9c5S+xGGSr+U1N+oOoT6+qTamv4+HHWJQGHtSq7MfPEs4FYRv71+lreS0dKs5+fni+Xi+dgIVqKPAvihiLHyuW+CjrBh4bWlblX61HZDjY1YR4LuCxf2k9oRyKIBBKGhC6Vr3JEKOsolhdSIzhJh7ESJxYmHJfDJAejJ7REoHOTgQpXeZTFrdiQ+JoAT4/aUuzNfiSDvjArjxPpHoai3x27NCrqNI03Jgc/j//Bv/7n/4kLZ8NN7lSekz/++//x80//0f/vP/8/3D7+v+RDPOJ48khKKbPREDQXKf1SD9n/iw4f4Q845h7dPTeP2/sNrGu7NeS4992j2WQymUwmk8lkMplMJpPJZDKZTCaTyWQy/Wl1GYkhiESRqONArj9WF9uOViwMam0iCS38i3Vy0djdJtxvtZ2oRxFywuYN9MN7oiyYsXDqblKaKIV+CnUhikLiIKh4/oZbxONV3nBS2Euatbjf12P7gueDTYn8Jn/nJJgEEIRj7xHXyvvr+r3kWrpUOkFkAmMnvuZLOCEMEuUKLbeVYlyWlexeMtf6vebjlFcZAh8hBDoZec9ER38OBHb4wfMZMUeaXKZUNFlFbCykZbxLm+UAABAASURBVDVhpx+6rH4GFILD1En5nAxUYpxOp4lcPTxo5RpriIpwDDqcgmuA9oPTebbten0t5xzGMcYwjAMttwYo6fj2TMGBaBDcpDkjqMfMr1ljb3qiNJ+FfAQ81mXZqsoiTCmRbUmMT5enn378qQzC+XQus9OH/iQeJdfV9Mv7V8brAF+9x17QucPttGMoSsEwbpIQ+N2XVZEz5elszovlCbubRIcRmW9S5yFinIQ1QexwE6fj4SXchNmkCudktVcB4Q1qWBT0sUly7ONk3Huc7F/AJ7/63Cip8YVnjgmXRM+Gf/zL/+TDX/5n4L9liM8/McXh6Z//9/43/+b/83/6+V/+n9uHnTEJPe7bDSDQCU9qR4RooNIjbnIPD7o3/EgO88zOTruvFH/dZe6IcVX3EKj+V85kMplMJpPJZDKZTCaTyWQymUwmk8lkMv1pNZEjRqDkGql7H4gTFTjJSmHWQcEJZQbgCJ30W7+mrKzBLlKGzAmp3r+uW96AjExAUJM4DN6zx0mL9HHtN/lfgl2OWIz7khODVNe1RXf77uCIq6gEgl4dJcVHd2gIQjV2KEV+NgLxPOYE0QhC4YkOAD0QcM1pXpfrMs8EnVCkjoAXYkMg9E9wMBB0QucWgmPyvsxl9GUjDISk4EBhOmzEoaEnCJphs+M10glk+kSMD5Q4Ydii7FaGnWJ7AtmxlHfCa7zv0RBqORy4jXK+tK5lz3meb/MNcx4oS4fOMpSzMXHiaqX5sFS6Wjcc5u1+BvoN/Iqy9B7lcfxQNiQQJwlosq7zQu4y5fPz6fz89CwBOq1QXnoUKbbIQWd489iG+MUGuWofcaRMsMJQ1VpCURO1ORGDE8ZNMKQMiQiSkPkThIASqUOJSgMb1zQiRFAjxoN4+hU9IXRI0BOJWypfp9o6bkxm4oNXA+XtiEMMwtExw+1WFjsC8ng/3rnNIH7yMdHGVG5Bdg+iW2fLeXXp5vy//A/+k/TuX/wqdOXfTZUx//f+G//z09N//b/6f/8fMS9yh8tEkJFR2ngfesCGfZX7/f8BIE5D7U+98xVig/5/Fbljx3jffZXw2vCVytOVwL5S9TkgJ0RefcceGHViMplMJpPJZDKZTCaTyWQymUwmk8lkMv15FWCIEmaj5UTsiRNsFXGxNukqiFKXzj3MIQeClA85kWMPanirOFyvp9BDqW4D5WZsaSXihA7nfBhgOoOSTCLxFXLBrFiIJuP4zxWftTuY3D2g0NIdpOruOxcGrGiDXuFwEMoVUTsBh7MFqZEf2Ah6C+xIQt2BKFlFgvHU3/Mjx4bghtttub1cr9f5tpLbS+IUG/E40Z0pMkViesopBUAJ4RTjwGNUXqMnHiUSn8I7aIVXuqWshEQgNRMRKReXdbClMgFLqUcTIxKHYYhe/FWoWzSGuUbnCCiTO8sYRiQolKe8LfP8+vpaZvN0Oj09XcZxfGRE6hAhowrVzuJIK8B9Rsf99hfxprakpeVySAg+U7II1dw3is6Z52XmHQju+eH9D6fzeZomObnvUIpcF3ZvmvLYkvj5BtWt+08Qm9OJGpyQ/Q95jogPECMgmQxOQsKYCDchdiQx0MSJOZFYk/LuAm20hcrtI3CE/vBZFqjj/KI6BzVnSW4X9jbJrmbr1CbdjXUbCh2o/lP34BDUNr4GFGq7aYgTJ8GU58JHePev/pv/S5x+cqav1ru//I+m83/tv/x//O/W+d+wW0xuCVLg9fkqUJtY6rjd6wncbnPSVhI9glFTj/iLt2J32obamcDuauUU9eLlB28e2s6sFzSZTCaTyWQymUwmk8lkMplMJpPJZDKZTH9CkWMDZgnfwCNxIhKbE6+5JmJ3ciwAYs3d2EvMbxSUP1OUZA8Fpk5yZqeJdSMGxoknCF2Sf4a/+6uIx8knqtZ3F6rESQVqKikidIN0UKkQOMAQnymLfxFyaOYmTn/iDyCOI/LmqEPl3zL83tehow5RrtC8zq/X6/V2e51v27p4PhCggh+SsOOYWwE/lC8RhxjP4zSOMXjgsCQMgDHEoVzF7X4k6iUAHWOwzzlKDTqtG5KrBVWEy2nZmMRzMZpq0Yz3+LuRF98ExQMwLUXUclI59Kf3Pz09PfUDy5fFt+kf58B9gR/6ImLS7+xqbEifgCPvbB6DZb3dbrd5mctnZVLGYZymU/m3dLyuN1oJlKcDu68JfKkGjpRv8/YXd3+75hWxox6Y63eVOGHcxCUyKSGyJO3EScz0p+fqv0AnZXEwbuJ8jdfpcotQOC0veAhq1om0BdpdIpcm4kQ4FblFZSeseIqmHN0BON3GPXHySAzd32a6Uu8GigE24k5ywvzqpn/1Hxpx8ls0nv/Zf/Df+V//F/+3/215yHByVsp860YW+DoXHMWFamfT0yfooL9Vc2OQ3ny489LTQCydaDjs4GSWH2+l4/9N9DHVfWMymUwmk8lkMplMJpPJZDKZTCaTyWQymf5M4mKg/rL8oXRYiRPCJQQ46KvMGrTgunAU/VU6VvuEL19bAjv46tu2EbKwrRTkQYYd5HECoBYf+nN52GN9ANzdL/DR9UXSrkdw6Byq+0qrtst5fS38oxq3uD44Qk7rK0nSncgJebN3CqpZx95mFifLMELCKAePvGfYhhiI5PA2327LbVnWddtyeaVE3IA6ojj2SZGJKNt+CGEgKAfHEKchRvJRwSEoaRAI2GFahOiK6r7ixIem9YHBAoEwEsXLrMvChA8xMQP5nEQGVzJWG5KMyaM/kAaIW9qkrLyuy/X15ePLi8tpmqan56fz+dzQgvqeKzsCzuF9eJH7Wn0eQMFaNVcHjorFIMfocK7IsqWV8oNCfH56oro75TcxYuMPZJX4QUggiV4UDnDMm82IzRwFc4dQVLyEcRLnXLuLsFb9MyWMZBQgiMJ0KDoH6JOUPfuahFTmwA0IIbmYkfJ06CpyywF5n/AZtb3cAh7sTPhSrp9yH4imYWuXskPiDJ3WATJQIRRNWZSKwnDiFfaAyL7cBSNpN1Tr8D4rnXmQDKAnQxYhwLKYr6iXDwANBDn/sLtOwDXjFfG/+g//F0ac/GaN53/27/+L/9X/9z/732/rWpa1j5x3FYMiQvv/BeTpLts87+0ZD8JFEX/WP1OxPooraOeEOWFmSMC0O4BFiRPUdaUfuuaq0i+cupTeBtVMJpPJZDKZTCaTyWQymUwmk8lkMplMJtP3k5T8tDzPaIYaYDguWwM5anDyAsEfzII4LU9iF4vAtfJWZ+ZdcqtTthgX16rd+oXjCjvyBfO6LvOyJKp0Rzp5KYgSolEawPEPVOoOHqEleGhxmqrl5fyJaqB0IeJCnMY+eDbtELKFQiRcc7/gQ5Vb4T5xeyR05oCiCCEh30qllAEYrZR6qZnyQAF7TDjmG2APsZFTKTNSdiX4gb7M0vRU/iEqBJd1eZ1fb7fbRvDH4nM6RZ/9lP//7P1rrCXb2t8HjWeMqppzrdXde59z/F4SX14byxiMLOIEGQcpiUFxLAhJpIAUG/mDo2CbgBAksYIFCGzsSAjJMkRRhGVEjIQMCJkPRliKkfmAgyDBEbnIQHyL42t4/Z59dnevteacVTXGw3gu41JzzrW69z67u/c55/nvtdeas2bVqFFjjKr+8Pzm/89RMORewQYnuTycK/EcfDNMeWYoSWfYTWPeY8z1exoiyvehqAwq46fEV5U0jkdpAEmZYZOUFIlvWfMHK7mcnJi9EOuDwIJu+jZxGUpmsCnCeprzWwKGljlFvLu5zRe13+1udnsarJgqsVHGv2E5PWeii6sX9Tm6J8COi8WMtYdibSJLKL+gxJ+8GFIiH5b5tCwLmZEMw263v7272+2mQKMBNX/H1Qo8Cmahb0GW3yWfVSioSlwMWOrvuljQtUYk5qja7yBxIkKcCGhCmEjxOIGIlJ5D9An6SOk5NMcEnfBvOhR8kptQjElkUYN2n24ISTFxvlr9wOYqmM/BzaWIktJa0MgsXukJevaqR5CgT6i6AgZ0s3g51RUa40/p6nmB5bHId+Hq8Iuf/s/i7S9xph9CLz7/1T/9y/6Lf/Mv/XEISpzwg8U1/yYsa7TdTvq3USmg7NiZxcnW+ebMBQdaG4U9AvHZekfWUoMaEb8ClWYymUwmk8lkMplMJpPJZDKZTCaTyWQymT6CWvUcxZ4E5DdtASfECZloVNsGBz1rsvlKOtRfDqp5SvEjuUhgEDBFiBNKOSFvDw3uACJOCHMZiLbgQBmiHLBiHGdhHsDfvyc/j0T2EbH0KJbCN2pASNeFdmTn07AZGLnCVnvlsAkqkUquSLtwr2kj7Tv+DJmUkqvXbKJeznsUbselFdMyzw/Hh8fjcZ5PiYq5NDKcLeQjD8jAljPAaSfTNA0+THliIIz5oxAmZkzY14QMNqZcR2513e6KUskW4svnhI115UAj5NPt9zeKmpARiyb6xBTddtBlMciwxBjz4bl4fTgcXr/+Mr+9ub19cfdiv5ugLQLsnU66Odgup+1ZtNPX7Ewut9QkneqqMpJtiRf6hJJ+5pnMTRJdbL7w/X7/8uUr2UcOj3HLSHRYibRZokdKsbxcwLYbdZ3gQNYjNT6m2JkUskIzjaA6RCT1/KEMmUiURd7iUaETYqoisyaJf5Biseg3EUbOM3cid62QXfyCaKCyTPGpsSvXhhX3aahB70gCPRwktBGc34UbwuBMfvPHddPWUAddI3wt5M2yOlzyxFTi5NWvXT/7TzrTD63Pf+bXHx/+5tvv/1miCck5qU12CyDrTEwKqCebPFN+4gW1aRb0WQrF+2azQhQxwc7NpvFPz4WZmUwmk8lkMplMJpPJZDKZTCaTyWQymUymb7MqDSD5I5KnIzXBwA4jwkyUIBUlKsQQ4qppAe+Z+GvwvbtJwwLKbo7NFyhDg0NdljWuzpUsnwJpBD25h0a9YFfWxr4Xl2RDB7s0XwnX6uNh2213mesgn/HInJ8UthV2LvpvYYTiCKLXIs4hZTBRPFLALXG9Px0eD4fD6cSEB/IFe9QKLlM34ILzA4+MwDgh+JG3UKqOl/wdCtbhU7gSc1SuQLrsoZ/rZcnjfpxXgjCADxx30+i1h9LHlHrm43xg1nU9ncg1JHc7NzKO483t7c3+ZpomPkWqATd1Ivrx5xXivp5qO4pspOS7hUpjy4rcw3mZc1fzvrtp9/nn39ntdvliu27g2eK8eq76Gt7Vadl/cN01t8MqZMK3kPI4eoLkOGcJYvTsa0J2OJjfOknVAaFMGDoJDifMGyEkytPRNBTAepf4xn8pMlBPenFhJTBFtzrnmh1FaQNLspSyNxsnn87i4r0F25PTACEnsQCbruSxWJwj6ITDheZw8/iL/oGvu1pM5/qpn/svzIe/mOKjq0RIXYqFPnr6aHhiB4Bm+KN7QGdq4i5QLWNNTCaTyWQymUwmk8lkMplMJpPJZDKZTKYfA0lNnMgD1+qFDHwE8YG43L//W81HXCFOnDsfv6mFAAAQAElEQVQ3TThTdRlJ5DAh5hMaoVI4jeCFpSg2IX1Rm/0RUsl6cE6Sb7bnugqgXFpTcPFcq65li8Mu4qMYW/QWK/BUQbbtU0ajdzdhfMeXIeViOlKqzsPx8eHweJhnKrVDsesQyEZeeTIXIeiEHUgG73dh2I3DjR/pLWEoLlDzLmjkTYKzSy0DVDGLZV2Op8N8OpGfDUfp0G8fah4N/0rPFIXzgskT93h4PB2Pebf9TdbtbrfL7YAE+7B7Sj8dH0jkU7Ku0FmbUJgOJ+kcT8f8Ol/Ufrd/8fJOJoL9Hbyseb5SAm7eiZ58VQ25eVfQHXduOlNvIUrSIZceBlEINInJrcknJNCE020oVScPJcElyE4nPmAKTIfpFhQqRB1UZMibx4xLvobdYBuyNnpdt2SD3mwyHB4qMQMNNoD3caR5RtVORUJaHEdA6TtHD4M8ZIvDxef7hKyLXn/376XYLdM3pBCmz37m7/vyb/0pLDFpegOgeEKl6/dre4S2h2DHJOpjXd/2awTcxtNIdq/JTfC1nU6MWTGZTCaTyWQymUwmk8lkMplMJpPJZDKZPrGwyJUiYU3JEHjCw9b0wAnMIU4nZXM7pgsSabtvfBDqi8jxLuSTESM4jdJhj49QWBPo1ZqTuJxypl4b74pax9zkfnS/9Rv+gNsBKSfATXc3zhHQ3nfjBq7vLqhXC3mcKHEC7DWSaPzyCKbjEh8PD28fH46nY2JEgZgBgEQ2M04ayHsTDOI8YwZ5O0xEnIw3w5hfEHXCZEw+z+CBTob9mDSTi34KVh72dY15jMZh3O/3wziGMuz9cLqatdRdsFAduYXc7dORqI7bu7vbm1uBOXRPcLWW3c/LV0U6ABw4ePpT/Wi330vlep7nw+OjjCd5t4zji7sX+VM1gOlwKPF3qS4kyvq8X+1bDul3vryuoYuOaYfx31ReyxqWkB3nkd1NIq1Hz+4mgbgssgTxjj6iPB2CTlJ+O/BsDOxoEtQ2hpr0epuwdYhrqSkcm3WNzNos/jOeSvEoSmDhbkOJQnHvJSiQQj8MzbBo2xNOA8pri1d/pDwdt4KbXR4PN4+fra/+E98MC2Qqevndv/v++//Pdf7CKZQmj8KGkpTVIlOWnjY44f05Xwz8xbMeHJ7dHu+aSABL2zGZTCaTyWQymUwmk8lkMplMJpPJZDKZfmSUoAvMKPKleCgMQvkGfIEGunqgfC5HanjLRfmy23OjGNd5ltwTUIMNidWhZJniDuJ64sR1JfKLmjVueAKHlyE5PQPR5/X07WAfNdK32Zq4bBaaZQqBI9S0JwIEgvrFBBDbE3L/wLjGfOlrLqw/ntb7h4fTfModxnYdOuagB0EAPyBFAeWfIbmbYaB4GDI4QaYBkIN1KA5JnCKgeFKUZBUQECUS6pI4WIeUP9rtdtM0DeM4hAE6I5kt4lNHXN+ejqfc56XM3e3d3d3tXW7qbNCcBui0CvLZ6x/Gp+DMyWY+nVZRXCU/KI/Qbtrt9vtxHOVyOIIHzkCTPvrmfSrd10bJXR6bPxrcmaEIz7HAUJhkYsRJJhFnQT/kdOLJ5kQydFDWi5efYmqSbxTawTGkojCJ5CcRm1KHVNEQKGhLWdr9GNZfm6673tWHYQKmZDzq3eiu3DhPyW8aZm+fQhFRx/OFM4iFK3cvfxoh/4Y1z6jLr0HQk+N3fv3V29X0w8j78dVP/31f/I0/0YOH1ezkqaOwQm3YWZegPgT5szZTCND7m1zCfZev3fvdhxftmUwmk8lkMplMJpPJZDKZTCaTyWQymUymT6ZqAyLlZl/tOlylBtQ7RBM7ugPBYTENgWIRApLMUbmTDc7Chh+5/L+S1wZ5nNAOnkrQITBrItgJFIuLRgOU+jrX7AuyoMXS3GYtm7r6wrl29vbVe/GCoGSfniCR2nwuqGMpz6drpU/cWndAtTdxLQmI/Uk8IDM0bN+CTgGemOK8LvOyrGQTMs9LmnkQykB52Y2YCSZXggwYG1j4hIOD291IGMUwjHm8+LLUn4QGJ/ZeLq3PqEMngTiCm+SDpokaAqF8Kl7T1Xw1M6OSK5SFRDqejvPplNsJIdzc3N7c3EzTVAGOizHTGejHzRWq5nnpvDvsGxczFVoEMSZ+vczz4XhY19UxRnOzvxk4ascVzKUceD42+NWdV86u4pndhq4oLj1g1oT/AkEnKb8FuTxEH/OSTENEiBhSCkiICRBWQvt48kEh4mTgF8yaoJPfICYUBKbwuRqgRTYp7qlyPuoum0NcuzbUoBRX5n7z6TU9PyiojwssGSy0KelfepGHRIkTcHmFrg7yT/RuGT5Pd7/abE4+hF58/mvf/O0/s5x+UF1MLmnBc8nTYLtooD0I9cX1NLPWQv3n4Tn3lHfI1oTJZDKZTCaTyWQymUwmk8lkMplMJpPJ9C2QVMN9LRl25iIVFpDYF8YW8msvZidlF61016bAdbkzFfmorfFuscgxQxACDCFrSMmpwYkHTVbhI+rvQiEILqAvyjf00T31DXna2RdDEn9lBOCcRUicH1Sq+NDX05XPKVfnCybidfyYm2GOhrgHULuW/LMksjg5reu8zPOynOZTjGzKcsblEEHDZjOcbCS8QR7xXRjupt1+t7sZp4H9U+hATEKcFH8KjkMCstWouEbemiLhDnKuwGE/YZC/vREBH9dBFeyKkvLsJNTDD4fD4+NDIJ8NN01kJHJ7e1uJk6epA6g96Sa0jfaZZQj06Rx06fEMN5EZIfzl8WFd19yxcRxvb253u904TRchQe7qebcTqi/e22RBu/rMp4Nmluh+SUgmdjSRFyizy14mhBSFSAYn+YWPbHMicInT3cjjxDXoxDPFoRPvxQFIiIGziJwndJF20kbBQejyqKDe/CVe52sIW5faLS0bF76lF0d5OgtCBBqhmaATF72L4JebX2o2Jx9IeWB3t79sPf2gEoWy+dr6UcObepOcPRPzA2lzI/sOfnLt1YZokUd2d2KTyWQymUwmk8lkMplMJpPJZDKZTCaTyfSjpxonA+xx4pScUNKiBIKIX0fN44Dt18wFUWilQ+w/avVr5zT7JkYCBcTrwgfGINQmRHw3XGVEUJptJ0v1RbU1cWLE8CwBgCUAwnU5OxWZKWXWjVeHvILriTrFIALUTqPwJkLvBEFHZCtVawGiw3lN+b95mQ/zaV7W/B/GAnmUOi/l8jA4ojPAtd4AbnRhP413+/3kh4HCdOgcclH5DKFcl1f2hFgYJ0kmhfLJg55f0FALbyLhRQ57uujCm4A6lTvMzjTrMh+Pp+OyrHf7MQzDbtrtS3hN3gG20TngrjiCvA+0AM3b5jyCRxZPvpDT6bTGVaxN8rXc3tzub24koUktebYQzOV5vzY+8f4a8rC7UmUXCIh+J7I5YQuSBEKQCGiScEAXosTokG1J8Rth4oSilYC4k7yzS6DMRsnQ4TeStAR9vgkKmeIaTQDn5X2oq5n9UlwBzFpwSruvvCY3vSclUJ8GxQ5J3IRQli2NAUoKVqTkJ1wBJUwnIjudeIjgk/fp9pcZcvLhtH/xK++/+LfolQBS+ly9ensUN5RzOMuLRRavrjLV0solxtWtWHf+6v1lkIrJZDKZTCaTyWQymUwmk8lkMplMJpPJ9O1SS0U4r8dz1bu4JyhFcUEDaCNOPEUaGHJZ2mdmQJXLkT4I+wBS65ZgHa+ZHw7Osxek3JkKENKCW9xXuMozEAHqF/txG7jzVBNPbZHBKawJ6EXRJecP4+rwtCyn5XA8nU7zTBRIiq7ZC2AXUeEZZpFKOw334MN+mMjgBHxgH5NcsAdPXi8gnircB4ZIJLEisVOM+IIkLIMuuxXixCtxUq9Eq83AbEcsI0/Ayrqux0Pu+SEf+/LFi9v9HfnSsJx7KnHmfEM/+OWE75g4MbbJnRegZJnn4/FIPjHz7EqSzjgSASMX5XiB9djQ5XydnfTD0ScDr1QnfaLBFU8bmrzkIoIYmUQGTRyF6VCkzor0m3mUSkQBAyW0Q1IARaGTDv3y25G87inDPjgOm39Pv0ebnlhX75W13hlduHeqe0iwBQu4mHRQ2E2IXieibigY6gS40kaK18lvF4DkffQD7H6xM30w3bz8lbS+CPhp6smvfjP/3tztBYy7Lvzq+VXvKzDyxGQymUwmk8lkMplMJpPJZDKZTCaTyWT6dqiQDqXQrNVokIqhfusdoLf3cDVeR77KftHktXqg+GGkRAQDIxeJg3XIdsNXj5C+ls1xPq6csy+A9lRBraE/gT7UawS49u19udZSCb/22Xmwzlmr7gxkAfWJ8Z5BgDVFtmqJS1yP8/FwPM7rvHCuEEqWUbGrkAM1j0ea4T8Bwm4aX+xubwjxgN04BPqEirmJx0fOrU0Vq4+ktgX5yqIQJzTajIk0GxueyLP6shweo5A9BAat63w6nY6nYz7wxd3d3YsXu2F3ORfuGq70vJ6pRwtBwu2nvEjyojkej6f5JO4m5LAyjPl3INsX6C+hLqTL3KKPrKGQOyUDihJzOKEq5fsqv07AHElAYGsTok+GxNCJxBE5V+gr3o0NdALgQHcllgFqvhGdP0kdeti+dtgvdHSwoQeKK5HEWwlWBo0bqC/KIe+e4Ms9JMuK7V04c4hidDA6UJsTekFLcmVuKnmXdr949JMzfTCFsL95+csPb/4i1vXwDhasISbyzMKr8JjQivBkU9AaeW9q8IqSM5lMJpPJZDKZTCaTyWQymUwmk8lkMplMn1SesAZf2ImeLNEqM/RxCURIXDpaOCkxVqcQys+Q/aBCJCgRLWtcI5tR5IaGcRyZgWi2C9JeB55ItZ7DdPQUrmdNniBCOjuGp0ATab2zOSnnc8ihN7UHJZAEWk22RNi4Fh7EThtDZ3PihNqgFJiYYlqWtJLHyXJaJVeIU4SQoRpgfkDJGzKj8IE30dQQZTK+2N1M45jfTj4MbAbD00JwAnJKy1B4nQKcEN3DI06xOrkjeZwHGuxBasplWhqHEwq1k1w1Rsl9X/LL4/yYj9pNu5ub3c3t7RCG5/ieKvQMLVzhDq7v3kfzVHSGe3I6PuSFk1/nQX5x94JWzTjm1z1lUg+XoJ+KnvSNe//ceb+S3ueooa5eydNhX5Pk0fkowToEjwwJyL+E6BMhTigXiZca30T5IyAeJS8ViuCh6SLXFFfchErBHlFvUV2r0klAKHeuuOmgryFZCqE4Zc1ciUaBLo5HHwV6DtjccdfmvhoFgb5TDgalbZSkrEidJ2uT6FDgkhXTyllE9FYMTvJv+glu+lln+sCabn7J4e1fFsqIsKT3ALVAfHigS3By9ZFQf8HZ/S+PVzj3O5LluwnEOn9KYOGlsKxFszkxmUwmk8lkMplMJpPJZDKZTCaTyWQymb4d8lxi9NXgpIEnrZa4DUlofgpcGxc/CVRbBIdKRBT8BDSuhYgThgioXDj4wQc/jrvmuFHaI3sTarPWr7EVIBHb79ozxHP+QbiKuokRBKmPfIubOwAAEABJREFU+p47EFhG2kcmQXJRnuxJ+JIqA4F6xVA7ydYkUpwH9oVQ7xDP1izUQkLKSknLOp+WJb9YU3w8HU/LvMSVgRtugjkEIn5ouIrRC0EnEMCNSIjJPgwvdzf7YRwBCBjhJCKhC8ocJUFcZMx4OBNBMwS6EDlC9Idm4QRxQ3HKAbQJcmppw44v1N0Y12VZlxQJOsl77qdpf3OTf+eWQpkoKSGX5fAMhoEXr1M9uWyQAdTEpZKSM8/zsuQOpNPxOAzjfnez2+2n3SS4SQVNuGaNCkiVSRebk/N+YCun94zLdp/3KmY/Ddy07YOamqQSo5MS/UYhTpLnMntIEKLPF+SJOAFGTGg6yfGGR9knXlfIGVe8GJt1iaAn4LCDwpQ/0b5gj29VZuqiy8L56GsH7UKah0ylULAPprqi7WxD94dJIk8kTPU1Ie4k0I0Qk8tLNdFyDnl7ImiNri4Md870gRXGF/LkRzE+Epxku8ovQbP+FtB1oo/yHu6CM5eqS1XixMkT1V1yaReH41Orz2QymUwmk8lkMplMJpPJZDKZTCaTyWQyfWxREgy7a/hi2gGlhui3hb2KKbhmlCHvmy2I2x7mFYjQmBcufOdzjYF8N8ZNBbMYVWyaor9J65/VTcVtuBM8++Z859RSNtTrglZD5y1JU0mwvEgRvFibJK7RewkSclJqdxszlmIC0yJHdDjSygYT5G2yzmTukuIcV4qGwZgUCeASf1fdrW16QVocTn58tdu/3O2nMIqDSij+J65lpCSJQWpzQ9XblBbCRjjYx+VxllQdNbNwBSfALlKnGrskXBg3yeLBgHGaXu1fTmSSEqR+nDCSSUs/S2KlcVkFPuc5hIupqTdCRPg6esGFPFqPj4/3D/enI6X55LOPw/j5Z9/hxBdSoq6mMuaeZ9/VYvjXsy355gRb6GSOwF4vwF4mubM+im0JgUmeu8rxOjRp4gcinwrNBExAsRcPFpzmjN/hUaz4jDvfY9OvLgKqvoCy8gLfHf291F7IIoXNxjN5t3VZEYaJr0t2SKCgVF6wlKeDbgG35t/8OtLFYxKbE3JAUX8haibcONMHViV7eH4D4rsza6A45Gwetd2/EWc7XzVHKhudISQmk8lkMplMJpPJZDKZTCaTyWQymUwm04+uciGf43X6fB11PXBQMmUuioKl2L9RV1JkpIDfxhSZu4jSBpMDbLtR4lHqAbSzVr23tXX1N1GdnfGSODmrbCrMAXD27X1GKFJtU8Nl1OUEKREFNqX2ei7AjjLx2joWJkD2yRd8WmcKt3HpFJdlPuW3Am34ko+jX+33xedEfhOlgBOEm2m6Y2cPTlyRT524RXgFg9owpRTZMQXyOIujDPBReW7HcQhDKFCAr9OH2GwsKIwnRXkxrzM5juQGh2G3m3a7cTeODJmgUCPVkYXbiN0MPlc47tCcZr4B7LNTY3SWPE7zTHTOuuYT73f7rJH5pLoAav/dN6RvNF5ns3GAJYlPDk0hBehAXvJBsJIGnSDBKCgYSvKoQwTQAyhuy3aROn6q+v/0tiLvvADt7iUHoLcKnp9LGwc9FV48FKDrRdk9yUnY7cUtgEtyq8eZXuACZKMzC2ICgqTQ7R7JIgaE/Apg0MkH1zB+Xm2AcDOFPYG0sQbql0TZt6dP6oeAZw/zzm5IYRR9/KLr8JT307vhGJPJZDKZTCaTyWQymUwmk8lkMplMJpPJ9KElDhIVKxGOQuqA0NevN5VArGX3J9AT4gmofEwsAREnUsoUv4oQ6Ax5O4DfHtngj674WEqSCh0gdOxIsWZo7iaXXgznYErZ8yrEABIYk7Br3F0em08oiTq0g1eQAruhIegkcrxNSofTcVlnRCU+8r5BUn7Y94HDf4gyCPwzeL8L4cW4f7Xf74ZRwljY9UKyUso0QFffZ1SFyrkM+OTRzqMMgdJ0hoGGm2JY+lpvueRC24gNDbNBKa00L0Cgx0jQyTQNPOBpS/zEa2jDub/BhTGHskplRmitpYgzi4iTZc4dyKf8zuffyb/JgCNo+lAFgwC+rZ4IrfiupfBh4CgpYkcIN6FgnQEFN0FaM8gIEvMo3mFI7Oshdx2tCnbaQdD0kVqVv3paxH77JQvSXtfbxgnOhW7Dr2iTTw1ysUa5Uu3nNdKMLiohVu4KXDhPZwVyN1nQLT6/8NHj6l2UdvNOnlY7JVDlRZkHMqXb4aUzfWCF8SzDCLt/Ds49ckq2Erj3okPO+BXcbnSFpvrGIDKTyWQymUwmk8lkMplMJpPJZDKZTCaTyfSRVYiTUkvUwjJW44pWNWwlZbhaJTxzOmH7ikqcsIdCIPEJkQvfPXSyqTx2iENhI7S8zhEyT7Eg5904F3bsRe1VA1o0G6Rc5FmbxaWDkQDffGFYbJBCrAqbp6TjvBxPp8gGHqd5RpdqJI204sVNhgJzCCgJzg+Qf9xuHG+H6cVudzNOO8mP4TCWEuXj/LZgK/OUm1G3kEjWEsSckMfJGAaQS/Pe94OQ94VUrzvJTC3LQtu9J+CEM3nyVbK9SXTYRkOOeSf88dTncr7yAk/H+Xg65n7n0724e0GoSxYFCqkJAiYJP9qYi3wL0ZPSoYZjDMKR5J+B0RNK0kmcrVP4KkaNEm3JH3EZX7kkRk+8JMzIOPRYSfUhqiCPE4+RGlZS+IA6Yo1VgrP++mJ/03aGDsLa5lFhxyMkuX2ZPkoaqqOnQieeJRqpQ4lTAAu61eEMTn5WD6tzeXv01BTFWXnNu8prM6n9TvJ+50wfWD7cPHm/EiIlL9SzRJ5j6tTU65InuWSkrt645aFaPr9udlIOReWeijeVM5lMJpPJZDKZTCaTyWQymUwmk8lkMplMn1Rq3OE4LgfF3eTcUgHY/aQTVfoqhtEHMkg6T/U4yfKFzPCBPE6EfkDcYgSQlCvZ2pyIVYKSFds65FmqzvtTCD0vI9YpuEVo+i/2Fx8S7n95QR9Rfdx13/unQikZhiAhNvmqj/N8Wk4EcyTyfwAIdXQ4YYJjZQRfAYo3Gp0L4EYHd2G8ncbbYRzZ34NQhIAlkKcSBeWUgmUggS4prnnECWMYhkB+MkSsnFkVVLaGsA+GgdZI7ibUAnmyxFxQ3u3GaSLqhE9KXEEq9A9c5BZx4M5F4Mb5SG7cNHRZsFDTNmA3cZTOfp8XSU1Tqh0Gt0k46k/U0RHuwwr7zBDlK4DjQ+QjsQ2BAkc5gk5Q8BFCh8jOhAEShjyEyqBF4Tl8R19IZFKlPyTCSm6BrYTuqJyUVOFxg5j0s3Xp9FNmptJDXyVkiO93tUmBDlaRM0c+fRRgSBNz3MLZOvlhcEKGTvIDAnyEvAN5n9CgIERUgCA1kxQzwPgY8n7YboDut5P1ojNSw5W25jrfRB8qFveOhJ1ubdgKMZlMJpPJZDKZTCaTyWQymUwmk8lkMpm+JZJqL2gxHa9mIMhfcII/9IdApTaUg2CGYRVDC1dsQtjjxAP0lhUt3aa3VKjfYK/lRdwSJu3g2p2LTy92RuhOWbkBITZa1kzfZ+EqBC/gDB2Uk0m1nWkahBYCtKa4rEu+7PzrdDquZQR8R4sI48LMgfITwVP0ike3A78fByFOpjAEh4FJFI0rKqAAlC3IDiBiVeLYrISyXHL9mOKLKFTHuwZ9tAts9iZxnud1WfI2z3MzjtMwhGEch8AJSLoUyCVF4BI6hQ5OqIYaHVmyoVL4KKwUUZbgJvNyYkuVyEBPmOikJNkhaxzHnjsRJx63xVAqutSvnPcHj76ani9rY6UvVBWPGryjGfJ5BHOHJVWHbxFw6jiSr4Jjd4gtYhhF4ZVWdhcsR9r0ireA3EPlLvJ6N0LrEHf6zKinzoRzjRgoxMn5RT11F+kZwPWWJ9UfiKEalwAjEm6S3yY2RFkTLpAoWAeAbU7yWxeJNckDI6YunqCncr2NKsDoTB9FPWpXnsr13obCJrYPNxTWN3He7bZ3cCfaAzSbE5PJZDKZTCaTyWQymUwmk8lkMplMJpPp04spkaRmHlpf7Gvori9Lg2QstA9rsVvRE3HNOKMNXLMMcR2aALJn64arPAp20InwBM51iEPhLwTj0JdXsYPOyqH84i243afyMYib8qvrfog40SQi6Z9CL3wkrkJUrMu6xnlZ8g/hGgU3aReg8ArkajsF6yBwsoqbHNyM44v9/o6SbULInyeg38ypkOMIFBuZAoNIChJqUBFxGGKawsRJCJqTBAk2w5uKKE1nnvOGMHiyNhmGgaxoAlEwvAYKAKFT1ieudIYrcMY2nI28HEinW+mEWWtc84f5ZLvdLvgBQIgXfzlxZzN41eDk+lx/07pSF8etZ05zG0l158ELX4KYp5kAompnUo5m4xPgH0eTTTeEWKbw0uG6PhvWYG9kIrSRgACgDFM7cT805BvDCoVFkWUeoJu21F0EbtObtsIzEIXOXnETvb8oLif/0JrFCPktwSWEmyCsLhF64mFxFKzDVAr1PuZ7giOzKNtJ+Si+xTjyyZk+trbrWnx5yoJ3EqakM+Rd5zXyjdx5vCzP73PQp64stvo4lzVn3InJZDKZTCaTyWQymUwmk8lkMplMJpPJ9IkFUraTmnRX7qvmJZutgliA1rKhfPUdsUThMGHAX0HHyoh47y+oAhRC5VqPsH6DPRemmYNprEl9kaBLdUH37i/Gd6VUtVJoFifNXMGXPBpkOoTsTIjiAICGm+T3FZbhjBxMMR3nmQJjYjwRcLLkQRg9x9tIn8N5/6VHI/iAOAHcTtPL3c2L3W4kUCAB2ZbQqYk5ALU58V5AEoKEaqYROWhQRI9X3xRiOHzoQBNBVPJuebCj4CbrsuYergx/jGGcRorUGcZCCMkUN0qnjB36MnzF2kIzMWg6Uo+GkN9F4rQhBVxYKdIlVWuTcRyhy1ECgCeQEXTu+bQN53oLjw/kd9JJT5BnQVCQGtDE2VTJSUYVOZ2wi4d4maT8m/iRvDGUy6FJReKQ2LeFe8+AVWOUSrUfm1tJxbLgmaGppFVZaWXNdfeAOwMF8OpLd3UXbL9bBFakbB23IuEmkQJ03AloqUbgbB1O0lnyPnmjF+hEnJHoMUDPAuHfUnKJMqpSXObjyZk+garBCZ4tBZQVBeDcux64X+l8T9y0nY1S17MCpnyTPTCZTCaTyWQymUwmk8lkMplMJpPJZDKZTD+MqpcI9pkJIJvR6ZfM3bY46LXKr6U/QQwIF9GaYHM6qTxBj4aceZxA8yJB11e3tykO1KUCc7SOupJf08EH9W3bs5YwOz6mubKUfcTlA8SVxMulc+W/wACpdC/xvinGZVkPpyMl3CDOceVRcLFaQ0Ar4ipMwCYBue3BuZ0fbsfx1e7mbiLihHATQQzoMkE4BqeRK0kIjZKgQhfAFjJtkH0hcLbOMZIilCjghr1GyBeD8nSGcQhscjJAqeICXMIMl9VdLNY1BcCgBiU+CSgpJSUyNWF3k3zSEPJZRj8F9lIZBFXR7CHvz9bDpxVurx069PhVvlUAABAASURBVGYbKFKMZpqSK/tKqX4ISaGTISHH6DAiRL4jalajGJMuLleK+TKL0g5CCdi5tJIA6VFvt7It3gvL0m/z/e1RFn7BhbZngKujs1Fy9eanxlbAlVxM2OPEufxz4td5N3rLpNhKtkoULoWgC1k6kRg44ZtyTQRvzWmR8CfTx1RhlBi/qylMrl9aZM2DuhfWdYl4hob8kP14ImFHEUcDTkwmk8lkMplMJpPJZDKZTCaTyWQymUymb6O0FM2V7woTYPVK6AUdbiJ5IOxsIRgBUQUxqlvJVeKkO2VtZPO32TCIpcfZN+HPQkBK5R3gHI5p0Am20ymB0QEnqNE3gMWcxOn3+fUC9Qv+FYgpViIpEcZxWpbH41HjfiShx0PikfQguyu6Io0A26UMCDsIL6b97bS7naZ9CBCjXI4PIERBHsRB81iSBg6VEfPlkkNH4WhiUfmod3KJBILMy7rwIWEchhCIO6FwG878KQN/pWIMzWJA6ATocBMsi4Q6mAd14SCdeZ7zW8FNhmHo4ZIaZgTPxCF9Xf3QLbxnRVvzbnr0qR1IkSQ4BHQMncDgkP1OJEsJAsceVYsU4BvIS+COLlZid8Tjx5XcnLSptRcrlI4pObvs81EQQKUe9zzjsz30aoSJZ1+Tavmz5rcJoqTqIAFZi2MMpTqgsDVM5ItLfAdUToGXkDBrfEPNc1xPcVkcWnjKRxM8tQVdveHLfcs0HG4RRb4lSkrZ042+p86guc5bB0ufDDwxmUwmk8lkMplMJpPJZDKZTCaTyWQymb41quE1tcYHXN2r6EndE/l77k75BzF7UHQDq08GNePVf8MDuK8KAZRqJv/vm5GHg1bYf6bNy4/6InvPYaRSvOwMWZiN0CAbBSywv/iuk5G1iJ9Haqk0ELzSG0ydVIyF67IQ+PAB/OjDzbi7vbm5HcaJUnXoUwJAvGArXoq9dWDxzH2EQnuIOAng11znP6vDSlIJpjV3kQAbth9BJNxkGokFCTK0nNpTWJarg6puB11AEpRUHaUFeD1EOhOdJP/OW3OzwxCmafKUIKS+JuyDoufqE5cuaaH314cgV64IN9lTXgrwV08CSe6CYUzMGVEKD7EmnISkJiflN3SYFSrJJfwOFkxK1jx2XkAKRfU5J/0FQ0GHoFmo8PGoZ6w7bgYJy2Hlrm/4TX9MuZHIvITdSqiviZmS6DlAhzN08tvFu1OAiPppYvMfl1eDK8ZKUJxkeBUxcRJXcuI55WWLKeG3w/3mJ0SNN6twnUflTEBteWTCEPCJ2+scBcHtB3B2ovJhD5cU3CRt+5Uq6ad7OaNOTCaTyWQymUwmk8lkMplMJpPJZDKZTKZvhYgP0IKiSJw4tJ5X6tKl5EceDiV0h14nyv9gfEOMQhjLEIRlKAiDoCxJ0z5QXqDDq94nimt4NhfxNVrGSc6O+pBIjzT6B123lytVfem8a3VOcJJ6IzRNEuLESdG8DIVcr6AexdkkldwT8qxAHSCx66AQEMqQWYn48AWI4fAQQTI8BaUw2+G9nC0AmT2MDibwt8P4YtrdDeNA+6HSOVTPpQsXWxQGQmIxtlC4hzER6p8PgS0xlGHorjp3NRFrwkxMFgEnDv0Qpt1umkbqkUTkCHRCOUNOsJZSES7OJjV7RRdHsVRxmuLjqnkMkS3UUOCcnXEcc4O5WYobcko75CkACK1BdZAhPsZtHXE6JxUd8bJRXnjXhcTU1VMpimrAcW738VyduthuaIxSt3hKwbsuNWzOC5fNeI3XGRLb1VQ2i9plf496PRpKwuOu0FKSDSVvR28UKLcRFNQEZBTwEhRSyITtU1C5Ey3h46DMk4OOnzo7FKAkSOnl6y3m+QLKbUMTStE5QMuTfE3QrYCLc4unn9XBCXANZNgi3AmvAhrZhMJyqYkR3WPEmcxpXfJyzb8xaaQQGFbwsYRQ3JH0UVuAKFovWB/Abf+rgFhB5K5Kbl50DRfRm6rzskpJIs/4+dyQR/BQbyIHlUcxJslkMplMJpPJZDKZTCaTyWQymUwmk8lk+hZI+IXyHXZ9WUr7vAPnKpT6YuzsGvir8FqcriXLYhYi8EoxYih7ImMlHKyRK+neX+NOxLUh+eI/4hr5UJkCLVdCKVxqJBBCuQTsOuQa8sLcQ1KTCUg1uwfq1Xb90M55LqVWvxNqnDgOtjmZ1yWXylNNmigjxh1jn5MCCND48kiP3u883E27V/ubF+RxQm4lmsIzELjjua9eEYxUiRIRD5+OhqAKZaOTkKNElIrnpJIU1XyE7VeYONntJmZgIBASEvNZeA7ynCUpJCtSUJwooFI+5eLp7F57pEE5KOYfzNiIUwxBNoxXoAN3UZveLL82SWfbscuv6fogK7OQQMWjpUxZT6tgta6pDMpT3cDCWWz6AA420TJaH3e1Rn/lamQ3ekHxOnWbeOfUDqr3Dl4v01e4ph4PhQaqtya0LgKWbrlK87izkjy4DZ/yxEAoznXWmdqSci+orAy9yM8DMTiZHS5sfzI7t4Lm7ETQ+y1yF9kAB/XGlVWTD1nWdZ7n0zH/Tmn1ev8jgLtcFj+kfu7vHF7cfsNtfhLdP+J/8DdX941K58S5M7ikfnwGAeFmhT7fbtfI+eF6z/A/CakEgcljRZ6rsgB9oamUcSu/LYDJZDKZTCaTyWQymUwmk8lkMplMJpPJZPrEArheYzzbq9UOO3uJkrRRoBBX6QFwG1gB3SZf4V090rL8Fndo7hMXjRQuo88Y2ZheSG2+WoVwdVP2qtd3LaVFTkYVUMCAujul6qwrlcrX/CK/jCvhM/7MOYIdSxpNQV1k/xKcgr+ddnfTzc0wDZ5idXIh3jMcIXFEkLARBcDpLNThlI+l3cB311aMA9gLg81XVmFBKFknRfbW8OM05UNCCNNuHIaBvFLE4UX8M+B89Nle5ZqRQSn55svui79nc9Qm7msZEfR+J07xDCJCvG/pT3ns5Sz9bpftfL3Unjpljg182mXoKsaCVT1zs7DTSUi6BwclOa9WPOx3UprUVSVFdnVDaX0VVKMzobh6Mhmj82vgXiYs9hBdj+HsPsSL153NSGm5w2yQgnLYoCThCrg6vzhHviYuUbAOuBUpSWcl+onBKBT8aNNFZLAgfxbXZZlPy3LKLxwdUV1lvnHmxP3T//hnf9ev2rkfff1bf+H0e/6l77tvTkrLyZtrhNbW8Yj3umo08n5Ttjm2UYKNrRPqqDsp1qUon37Np4vJZDKZTCaTyWQymUwmk8lkMplMJpPJZPqm5bmCLmW9JziDZtiAiDXnoLzmD6spCvRfXK9OFehc70gBm5a3quYmfcsAGzbmGiByvQTZSpkcEMLuH+x04opdhlNCpllEFLcPLtWjRK1w4kMSNmBeTvOyRIqNoS/l4wUcU0ulDBdoVk5wbgC38+Fmmu52+1sOuQlsowIFsAkCVtQv9WvfU70SIkK8r34aYpbBQABV9te4LAvZHwhywvuHcRymcfLkMJGUjKnXXemOPpgn75P6gm+lGsTbhE8L6eqY95xH6cDX4QZqmE5HliB7uGD1OAAhdLorqcdew1Z6e5D36kJvrKCroS0XNc7pdnaXbwdfckCgWrMol6VhN1jmGZ7vyZWNqDcKPn0Uz6ZrFi7CmvgndofNoZsOadRT2S2/o1soUZ4O+ZosDmePsxAn7HcSAZhKyrcH97UwVMV0KB8cGSTi+3E9LvMhrXPpKmr+jmM6yvRRdInynWMdl6hfszq5AL7cM8LzHaihVFi5hPrIrf8SYKFMgqtAl3CGJVrNZDKZTCaTyWQymUwmk8lkMplMJpPJZDJ9QuXSsJcarwAJZz4IpbBYK4xiroHXMkFcKfljRSX6E22bgi2r4RoccA1leGeEQ+U84LyeiVC/PR8TV7uxHgJXGtIDi9eDJ+cRyp5h4iIx26FKDKN0WSi9tYak8nCZH9zgIIDbheFu2r2Y9rfjuPNhQAi+ogDsdOLKgHvOznEEj8gOIQSHhcMQKMYhdigP26+sKcY2wt4zcZI18EHeUbZJgjowClOIewe0GSlWM5th7DwILke+n9yvB5pcbVMWEgUBpSgcUxlmGQVNjJE4lr63rmNW+jbffWqeC6ypHdt1XhgI2C7u69TIMF4SHgoyXR+js4XOMNg5n1WuWzc+cWP0KSZnhhXnu27jg8qL3ocC1cAI1eOEQnMiwgq4MHQyB3fybiaDEySPEw7WQUFICmDAvZbJoFspxSUuHP+0rst8WtcTPy+AGqbBCdD5nZg+gs6Mcn5IluMcL+w+6RHGupCFNZFoMF4ANWIJBK+Sex8Y/qsNtSeCyWQymUwmk8lkMplMJpPJZDKZTCaTyWT6tqh9pXwraN8xP/9kY/JxCaNUl4WOS6iNXpY28b1BAbg4SXndwJGE0BwyatQIltp9V+SH8w5Dq+wTdIJsHpLI2kSya3r4oiEvDjX+pkAnnkdzdDBBuBt3L6bdzTBM4AfEAIr7eDpK4iN6RECdQsglxXNAS+mQUA5sn8H+K1ypXdYlxliCKSAMZHAyjiM5o4iZCuf3+I3rDLYRkwZ5WHyHOlRzkSsT0E3TO1mTr+Q1olPGI60uM5j4QsCHwH4tqUXUvN8ZvwoNkzYcDY8YpSUpPlEXcHq+lcEXfxRymQE5Unmh1ry48PSQR+cww++d2w7cuy4CLu7D60c0xKTYGBW3n8KyFFxE6v80FYBR7Ew8zkSc4AnyC1zyb4fR4yqj4guVk6A7CaFDRFPlm2iN6zJzNBWZ82BapdMRU8g3kEd3xr6ZPrTOYL2Lz69hhhcvniNAmnkTtDftHtgSJ7LgO8ZNnlpqDoTyGT8dDDoxmUwmk8lkMplMJpPJZDKZTCaTyWQymT6xzsgPYR/OdinlaM3Y6OuPZ34Yrn4FvbholGOaCYq7Fq8jRUbmCjYGFc91vH/TnBRQgBFx66hV/oSQymtNOfGgVXWxZtkOgrRDsANHhEQucVKYjtInKW2ZBmgxQMXmRFJ1gIkTH/Yh3E3T7bTbeT+kvFH8I8pRIGNUxoQNWhiz8N6VvJgouUC5KIuuZiGRHUoil5P5RMk8IRCZ4cNuytoNw1Aqs6ldWXGlcd3slzHXsanzmEoYUb1Ipl82KyTvJsE9ZxN6hUC6NmhnH3HkirI9ckJyeQG5Lg8X0RuulqOvSfiVp056Id4TGymljRNy4hU50T2aYcNTGjSmSHJuCt/D3jgaj8OtO9+X76FBUM+X0+v0P/V52c09o86iBSoOI6gU8F2E6tbDKwiA8nQwzZyhQ6yJE48Tgk4ikM2JIAPpend0qog4WedlPsV1IZgoL00aEJonX1x4BDBC87H4WMIz1yl3bpCDW6Oq63rnqtVd6gLJKybxIQKXKTHHHyW5dcTaBMoKYS4P2RxllQQvk8lkMplMJpPJZDKZTCaTyWQymUwmk8n0aeV77uGiiPdcgRGgK21zUZmLgFJaThfVx0oMIHasQHd4AUJga+uw9X1gtw527djP9j5xAAAQAElEQVR2hmqWsewgbafKVqSkhhLyMYKeRgAA7lzpQSrXUkvkZMyQKExHWJMCMWA5rl5FgGIpwi4cuYo/gJvA7/1wN4x3+5ubcRxyPT0lci7hsAjndGfUr/C3omquuwt10VEWgkNoEoUYZ+TC/bquDlc/eB5kmMZpGIZA9Enu/KoGJqAsS63+F2ihvZY98u5Jc3tQ3UH6ejQ69zS3cQmRnH3U2430E91ApWJwItdOV+G9dL71UafnvYCEvhv4XmYn54VzmVE+Hy9F/fN8C6QhlJO1GjsSu1K5Iueaxwk81Ywc+PRHX09d2b+0CV5mAGQB8klSCTRK4FbAk0snjwu6xRNuIgYnqwciToAJFVmj2PyCHEMDqEFTPi7zfDoux2NKK22V26l6WJSjym3vnelHSPjuj8o0twVImWf0hE6FOGG3q2btJDtz2JQrmToo9kfGJJlMJpPJZDKZTCaTyWQymUwmk8lkMplM33I9Wdy+LN43jkTxglT2rMcE3LbYxbJoogI8/3375zqZWwiNS4CaFuPZlmIlxw7vpQru1PukGp+4cliubqIvjAbHPaR5WYrHCdEn8iV77AiGUKxZfEl8ybXRgU6GIbndEO7G6dX+ZjcOo/OBUnWolJ4/5v9AUZxGnKR+TDmcpbizcFWfukFGIJH5jLhGStWZxjF4yp0JIQhxUl0rtiOansnCkBnMrXnXnDi+thqtcumLA81JRT6tKE/dLV8FFN+b0lssnFOS+vM3wF5c9Lp2syOLXFnLPD769904xMAuNYibHBK87DZcvNhI1rMH9/xuTwreY3vHjtGly/rmk/MdRMQJuhnSyaejSwtZmxBxsjJrspLNiZjpiGFPj+3oC8+txnU5HQ7rPGNitx7K24nwJG/zzU+v6UlBsT6qb99H+FX36TBD1GdZ5IdrNXTyancjPdJ/VPixyDlh0rmK4KGZnZhMJpPJZDKZTCaTyWQymUwmk8lkMplM3wq12viTZcRzdKCksYC4U7jOVULLztC+1w6akKBnKS10qTS9Acb7xDS4rjs92tJ5mhS3DnpNnAJvL6Yf5Vxe6uytGJrEpcV7oUyWZWGPE4xYzBi2bh+FONHoGUomSbk+igPCzvu7YXq139+O4yD5QUScJO8CHcnEiXS0BOtgox502Phzpl5Az54LtWsu1q9xRe4UIRqEmhBr4r3Pf3tgglsrsSmdrwVHp+jwO7eJRkrYwnG+DnpSWZOtn01rcOs+oiE+/WB6ny8Iehpo48PjC3dStnyjeIIMnkxyWcfnV+jw3VlCQ7rmxHC1q5cES2WaBOMC/MAMRucpgmwxQXV+kCuFlcJ00gnwgOngCTqJjvJ0IkB+kfjGSmxlUptQOAjVOoVW7bqup+N8PGKKyN5DHN3Ep2ZQpV5gfleSlYw7+Zj6AKO9vQPkSVRTcsjiJPJiKAZX8k+CJFqJfVXeRw/Jy8Y5fWyVz83rxGQymUwmk8lkMplMJpPJZDKZTCaTyWT6Ngnq99A3W5ULafkIV1NUrmcdbFpqxEnZGc/2K8SJc5WTQNi24rfWELCFGBQyEYpBsnDyq1W8GxxCIxj4KnyXPSOEhM/1bol3cFQkP52Y7eDoB42ioUAi75SS8UptgLaXtyB9V39AuPHD3bR7udvfhml0lF0SgudzsilKoHN3aEGslw/9ODi3xOgZalFfgHWlWi1d4Zo/HYZhHMdhCAMBJ9AijBoZs01Sge51mZGeOIFuduHrFf23TInrKCXsfE0ENKmUifx2anbgz0+NlYuQyxEcxJfPvrHas8x1cWQp5JSqG7uE/dU1uKnTcHlHAHaGJXqF6Qx66u6o1qkPgV/gtS2Mj2AquE+u8yeXF1o6QTogHn1+EVdwEWiYIjmWlMsqEIC8LECAOviQI8/puM4zQwbEGeTfQmnxgf3Uuho2BR/gqk3XdXYTvc/AP3HTPX8oJ6/RRPOjOXEKmvNQpQ9w2fMsQ6vcZkwsFackZzKZTCaTyWQymUwmk8lkMplMJpPJZDKZvgUqfiTVYOOslpe2qMf22OJpcb3Ja+oyUzTTo68v92YkT+tKy1KHjBQ9w/+rHYUADRBTOSUi8Q2lBz0xkIply7Kux9NpWeYkFX9QOxKHJdyhdFhJD4ZRgImc4P3kwt24f7m/uRnG0fuRu8tBPAhBmQoqsEY8GxZBbEoyTTFr4X7men3uT4wrm0coopGbD2MYiGfx9aK64e1ghnL13XC1LcUVBqHZ2HxNXaIYtdn+RP1VCy/TsyZ1BwF61Huk98PorwW/YTihnP3MwQT7c9XtBQk578PQgT9NWyubQpPAlasqhjFlUXx9dQczFZJci5XirCg9L6qFBPUqF/ZXBxSgg2mmSB13gnT0Mb+IHLgjt4K4+1TGpGNN1A6GvIPymp1nTtVJchsJaNStz/aw0FZA7zNn+jj6Jm6h92qieyiUE4PfPFHbrmfpOXw70uJNwpuIK5PJZDKZTCaTyWQymUwmk8lkMplMJpPJZPoW6TlSRAVndgxXiBNA9z4VyOInQcYfcFZiRolQ8Ve6qEyD7/rccQES5YFpjbE4k0gNW/0z0iZJB4uLi1Y3vQ+5/Xzs4XCYl7ldKXdOS5xKhTRJ/33KhxN6Mji/D+PdtL+d9gNSgM/gxZCF2J3mrsLBI7Ve7xp0omYlkjoyBu7Sui7LKZfv2Y2F8nSIOQl+GMchKLbTGsmXlmLp9RVbmncKv1a2Tl9N7t1T5FMxOBHERJKA5ELz676RjVWLKyQCNjccOVV/hHv/HsK7jBg6HkPcNlA9btTaRrfrnzrmvs8Cks2DWHfgtquoBJBu9c6dIVZn5XdQC5G2g7/o8eZvHXpXCY7+9qAsHAEMdDFDKGNMETm86Hz+aAE3ezw5nAPO+bXDBV30fnVpzR97GSS+PbDeqFFuE17ofEMltyzLupyWec7rNy9fT3cRL82CGlTwS7N2PHkF6SB8dObkz/+1+ed+dtqN7idN4NtNWO/Z7eOirvVuG1ZQqNvUrTsoT2e9PdjZxOkSpZsg+BGrqY3+U8IOSF6etuW5S4vW85IFtkfpaTyTyWQymUwmk8lkMplMJpPJZDKZTCaTyfTpxWxCKrYSafvhk3W9JyGGXMmGobzsN/evNYejLy2X18Kg+FpghyuBPqm8ld9c3+dPY8Q1soED+GYTITEgHdNADAQ4yTaJyjVQET1XyU/zaV5mcj3xhf+IdPCQC/TgAnVMYyDI14ThlSHR9pBg8uHFdPNq2t+GkYgTxk0iHSUhMq5WUfWSOPmHAntytZ9yTdgNRftDMSQUYpJS7tW8nHIL024aBxrbMPiBK8XkEkIcARbrirVwC3A2W3QuOJ+pnhFhs5Rna/3QoRZPq2eSemsTXwQ1T+fpY+tbMZC5WIebY6tRA1RzBHHtqM3Q8YHCYkoRnDmg6jxCrWFeNsURRtal+H+c20AghSi5AiPR50jlc8dIES0bXlTD2ZVc95B5p6nPlSt/X2H91SUDIS/BlNo+Mg55jeaLj7wgI+AMRJycQsq/F3CrwzVfGjmggNiQsPkPnF2gcABqC+QIlVqXdZnnuK5pXelGo4GWwfMygL7enSVeCoS7AveVeKIfUn/iz9z/r/7k24dHHEf3T/ymF7/tN79yph9SJSrN1buaw3HOOEVeNs5t7/yyf2PMAIu9iYTy5GdoMujEZDKZTCaTyWQymUwmk8lkMplMJpPJZPoJFSh8QR4hdYuWmVtpHp48tqhGNEjxMRFxsi5xlcK/IibVWmRbn8Ri2ZJKfgvVMvPhy7wsC7KjCBEP5SivBhT1/yJGEMh9xMF+nO7CeDvu9kOuXXtuww/Be/ED8OpqsfUKwGJ/Adcu1jFxMq9xJeJkmsZxHAZmXzw3K9xOl1/z7KhfBFh0Jivuh5BYmPRuKxJUpCNUgnvEbEY9Q64RJ1fb7n6/a6+NQMJk2kfQfFIEtKnHARYuBZUDUYMbDYlBnucKtjC944MWzz0ZnaDsCxC12UJdtR52k1TRpw+aIVNbxn4ILoRsUUJJOoCR8nTc4tIMafY4Ozzx9jVX+InngTJI1c4CuqbbYiIkIMa4rCslQsV8XxEmhgqjlNNKbBWKWxAoIaagAm4htQ+qP/on3/xv/9V7eb0s7n/9J+//7b8w/w/+ye++vHvPNWq6JixIU+FFKoSmkw9XFk87GtWXqDiaMBcmJjpKliVnMplMJpPJZDKZTCaTyWQymUwmk8lkMpl+PNV/Z51+bavtGiAjxMkmS+SqGUQn6JJ9tuejQiZVueOq1h1Q7CyUe4CNRUcJQxFAgCJCEiXyxDXNS66Ur0KcJPJ2aF4swJwEm7B4H4RCAY9uzO8SjgB75/fjRMRJ3sxGGx7EiYT3K5cIrs+dSRLOIu4OUC4n94W+0p9i7kNMuWSP4zTt9vswBDHo4IZQSrrwxFjVwakzcdV944eXUES5w3nococrXHI5oYU32jAY30AH+HepZ8sWNS0p3iWCFRUy5oxAQsllQt2xMCZQgKCKV8hyxiDvNZgpX3gYhjxb+bLTQGwRmd882dfNzfANWjVsTE02WxtrA8o/qZkO9VWIkzn/eFzyihvc7NKJuBO3AEZPJEpEGbvKjADiBhmgVsuWvGIZN1nyD91S6yp5KLzCsXaTCayU1HvFMxaWf3lluhx8nHyd/98XsRInVf/uX5j/G3/w53//7/rez/3MT17Wzg8leuyV9e2coiapOpRgo7z4rz4gKgHWbgdZbXJHcwNRSCZMSXJ6PHyFwDCTyWQymUwmk8lkMplMJpPJZDKZTCaTyfStksAf1a+hbnQdxnG5czU40SQN4i26FopvxzNgxNWPUIqaVOqOUtQE77meXkABdM1DoTZVf3PtkoJAshKVNhO43BYd6wt7IHhJuQR9z04tA2KIafL+Noy303Q7jHuKuyEsYRrY5URP74RYERMHLr5z3g2Pl+cPc00ViFYhY4isuEbyYQEIPpDByTSE3B7tsDKnsrGWcFt1UEsZNyYq+o11qH9Y+INxExl/4nW4VyGEepazddK69M1RL/Vc9SR5FHn2U4VQEL2MQluo2/7o6kxQd0CyyfFCSDkxrGFDnTWhD34Y85SEfNWnZVljzKsu/3n79s3heFyJ3bjonPtY6vCTQh6pa0Sx2kEs/i4YPeU/zd7NDvPvxeMM7oRsfBI4ego0yaQMGbQ2GnGi9xchUss6n06RVvCSb0m6l3p3E2mieBm19SHPBS9Umqts2ofWv/nvHa5u//nvp//WH/zbv+e3f+c3/JobZ7oUXn2zeaFAXCNO1ESopVtdezTo0aiPylSeZZxzlVdiqlliH/OeMplMJpPJZDKZTCaTyWQymUwmk8lkMplMV9UqybgpUj+lqxkwdSPW2rM7p0MANkYmNarmrDNPuRu0umSpeLtS9Uauaa7sDcI7eM3TaV+4bzYV9cjE5iL5v3wUESfzvAgxId+t17MoY+LJu8PXgBgKVHEQwI9EhMAA7nYYP7u5ux2mIlpotAAAEABJREFUnR88l0eHYdiNgU8V+ev/lYApBVOhAAoMwkX8tCYmTpaF4ml4LIcQxmkapxE0pCe5zqwDxJMD8WzYtGgvxhJq9YGVRHmqVosX7TyjnmvJIydbZHzytV/uD6VOXN9+4yVj7g80tqatRr3+OiZ9sRsbAeN8QVSwdhYoxYMzkJSnIqMF7/Mkpfk0L8vD48PDIf9/nxfHcZnfvHmdV+IwjsPl5cEH8Hh5TgXm4NeuGAC1EKF8YavDFXHxsHq3gMsvZu9OLi30UZLyPi8wuVlaxJCM7YYW4De8fOd1numOTOxLoQ4Wyp311FM+osYsAfIt5n3PRbkPr+9+Fp766Hhyv/cP/+C3/yPrb/kHXzrThTbTA1fBkfaE5mQcrL5M5bfejVsarjyI2CWFnzMJ5ElaHph6BrSEHZPJZDKZTCaTyWQymUwmk8lkMplMJpPp2y5lRL4ijABaSXa+sgVitACNPcCnv+h+VpSvO2i9HiS0oVAUmMhQAVPFUpJr0Tr0Xg1LuAUuW0aNGqHDl5V8GbLWFMEP0g4f6uWr+LUdJU74D3mcOBi8H9HtwL+Ybu6m3ej8ABj4oMCNc429GkIA1/nd1WI6V1fJKSQua2SGYxxIu90UhiGEkJh2kKObzYkUds+mRzMpir0EvlewTgUvLrfjliHKF5hYxPlsfW48y51nyHTtl63v73SC75eh0S+SSuTolgod6ai08Sr2LzTrgbx3FJASJMNz7gs531C6R1zZyiUvti9+8OWBQJOHQ14682lZFydXTcgELdF5nYer1/b1cJN3HkWXIWujOUBABKFMCnmE3EnClnzMM4jEW2GAE+AJ8YiUsLNgfu2idytdP6M3nh0pfNCl26ghZMgIxK6HTpUSoVunQ/4dKWYp0jnykG4XlkQvkbuP6xyAeKCdOrDINXiHHwM6+Q2/5uZX/4r7f+/fX57a4Y/+H9/+5b+5/HO/9bu7n4yknfdcoud7VccbVx83HJ+UkjAn8nEB+eTfB4IFnWueN9oEUkITiDMKZeog+0Kt7JgSod7qZGtl0InJZDKZTCaTyWQymUwmk8lkMplMJpPJ9InFTgTF0qGvJHZWJFKERy3k++4jOGtKY3R872bBx1AojNpg9AhBA0dY4iYClVhpfQGOziGTj5qXImek7VyYTBqcIjYnrvsqPZRoENpCqETxfMhlzWVZTifyq4haFsUS/OEl60MQCvI18T4QcRLkm/n5MsTv5GYc7sbd7ThOgw+U6JJC3pGTXlyuqPpiMRG1nE5XoKk+Lg+KL4YqbNdCnisU70NmIWE3TUSdkGWG2KWIW4SMW+KzswEH8yfFZ6AHL3QAZDbKrm3kq/FMc6Dh8rDbWg9Et5mj/NE6JxlJWRIeFBuoxEndsy4kt61lt0yVdwMlZ8TLxccCOdUOa+YLLWsx5xAAxzv12BDPGppudtlINNqOTXJwt7/d3ezXuJ7mOX+UZ/y4zofT6eHh/su3b+aFXh8Oh7xvXNmTRvxpyI5mKME9Gh2Stw7uI0rL9fXyBavRHrl6t5JThIfc7yXPK9CaWjwRJyeHc96Y6G10EMVZgtmq3jmmTqD4T0CzOsnrM67LnIdnnY/sOUS3qwbkdN5HleDC0j9ut/oAdRf0XqTRN6M/8Du+98//y9//9//6k9zJ//XfPP6Nn//bf+B3fe87L70znaveouWFMIFlxumZAro0+6w011Fx2DNNwppwIxzLkxhdOg9ySw7dR/HCMZlMJpPJZDKZTCaTyWQymUwmk8lkMplM76nnv+EOrqEcT7cAtcSs5WVwxXNEAY6rlhs1fOdCNUZHPSmkKU6fwSh/WioMIJRCub5t9XgqgntPrhXEG+Qd/TLPp5lcTmJNacDSp22Sjucr8ZLcw/QJYArOTQCTH/bjOAVyNmG7hlIR5eiIPklFaQTX8JB6wewasmYF74V1GYYwjGPIzRacBOpvRilqBFBxcXmqSN9KtQ7e5WIAVyxtEmNJciD5fKyrR6+CJnrXdaJbCT+UytQ/9ekWsqHytk4hTXeBpfKMR8DR5xnDNU9NUtQhArM4wYdxGL3Pb7+8f/twOh6Ph+N8JMTkeHg8HR8eHk7LQlkxTCYNw0g2N44CltgIpKSAyAjq9bsBvonr/+rSdZI0nwRw6+uyMmiyOP6BtALMgHN+neJKWVN5sDyGerODmKhovk5/Gmk+b2c/kjWuy+m4zsdlmfOtRuFWJUeqO4RuEEFhXOdvURxwKqMkPx8P73h55/+n/+2f+v3/yvf/7J87PbXPX/pry3/9f/Lz/6Pf9d1f9UsmZ+rVgnV69AShWVFhmd7+EVFCcxz0Xko14Ez2gD5C7YxQe/e/RyaTyWQymUwmk8lkMplMJpPJZDKZTCaT6dOJw2+ub34CAoAuM0UdR8r/721r0SCDwmskNUZwLTOF0QIK74jyfXgpUgvl4OV8bkNqcFm02whikXJa5nldlkhZNgWIkaNBcRNgvsTp9QTng5MXZCCyAz+BH+WHzkGeGUSklEtxzc0hFQQHXfnGvm9GL3QVElUzEmUCIYTiGqIxQN21FMsAMWVBgGuVV4lTOcMe4IlInc1xDi93XiksJdX9PXdPOukaNgTVEKXO+tMn+qaFOky6IMAj/XDoS/6UBtUviexhxPbGD0GuNm/Kl3Y4PFJczuPj/eHh7ePD4XQQMomWx7oO0zhOk4cxaYqT+vcU8ELMVDoXD77W604nF3PwPuMCX624nq/ceddsXlR5IGKg3BzyNYF4AreAJuksef15IE+bPEC+w4USlvCmbjp5GUvuiVzqupyW45FTdSJRAvyxjk05hBY8CgokfStLB5oVjnS+jQp8PO5kN7o/8Du/90f+xOs//qcfntrnB2/SP/OHfuF3/7bPf+Ovu3Wmc/U0SSR7Etw4WZXneNsdXI3+YlxMN0d5z+ZQgqxEtjxJ2nb6wI8Sk8lkMplMJpPJZDKZTCaTyWQymUwmk8n0lVQzVi4/ki+gF3MR3b1mJ7iL44rpRQnzELOQvjFSSrUE2We7uEJk6PfZyYxE00u0A955gk3Y3IRCaLjmrd+Dr5QDuFYx57J2/iw5LdrHuCJTCBShshBPEFOEoIYd2Lk5ePU1UZglMHFCDEoulUYXAuzCcDMM+zDcDsPEOw+5HbWFkJJ/BTiK14oQAFJR5c8iF2fXVagXKKhJ4zm4FAuSgSQICtRUE7aIgIKlnJtKNPcT9SlBATC2YTfQJZ9oH2l/fUukCSYhToiJoRiZYQxTgKGN2Kady+XT3shZ3ftpY2FSfWjeeZAuJZb3nMqhsTd5+Qwjhekc51O+FrdQ7tG8LG8e7u8f71+/ffv2/i1NRF4LwVdWCQg3GR2H0lBPyIiGjXQQyoDpaX3tbkJxlPmo8TqlL7rYsJtWvqmAzF48zS37mqSDxxPgAi6R+U+u6ue16JTfYtoKyzJldoQhG41L4TZRLpvWwDLPx4fH0+mI+e7SuxdB9w0Feqm3lvIr6EqOVSdB1bC/az6ufsc/+tkv+5nhD/2x10/tkFfI//iPfvnn/+ryO/+xz5ypSX2o2mPOqftPuZOvsGzdR1C38BHJpaQrV5m8gqRgOxY+jZOQyWQymUwmk8lkMplMJpPJZDKZTCaTyWTa6PnKXc8NSJnvqWJf3eg5i4ZK3Jy+cmblcNXxAtQ5ArD4lkjZErl43dcZBcDgOqS6LEg+Q+VdEEpnoLmjoGt+D4k9RU4crJNKBhBcRTHY6aR5nBTIYwDY++F22t1N0z4MO4DR558QAiX4YEoX7hWd34OmRCSBOxyKuQSdLh8/DAN5VIjHifSEXVJ0H2xle7UHkF10cNz2vOdFXnA1hOhJyxN00dcqLxvJJH6R+0bsBR9Fs5rgqWUDxe3mKaec91fFHp7bobsWFLpC/E7KSDGqRKExMS7zmpZleTySo8nh8fH++Hg4HR9OB9rRky1K2I+5kSh5IMD0idMlEos5jboziNsJ1pPQ0mAOimZ1GsZhHJ+DTmDz8nnnBri0rKn5Iy03pwVJ9c1pbxPZR3B0jvcLpNnh7N3i3OJT8nTLdqCIrtK+db6LmQUBrCdjpXVdTofH4/GYIq0WD61/QIZArt1N+pnv7HH45uIbwWl8lS56hPcJ8/og+s3/6bu/86eG3/tHvnh4fHJe/g//l4f7A/6zv+VzZ9pIATFUHnC7Eq9ld11poj9OibPWjvB2m2ZNJpPJZDKZTCaTyWQymUwmk8lkMplMJtO3WGd1/auCiwwXKvSjrzDHGWjSEx7N6cS5wlW01qCryKOSGgpDNBcRKLYqanbiXDX5YNOEVPiVlIRZwZm1LIsfQnXsKE2hFr85XofAA/Bsc6JBNrlGvh+H22Hah3E/jDsg1IQzd6hU6pEr+PxfxQHEwqVZj9CVRIU8mOcIFKnDxfh8Lg+VOOkoESr5ewkbkRHLdX8stE6XTVHGrdmKqPFEZypxlTipMReRY4tS4ngZnpVxHIG6BkILUGPeX7bQj6TCQ1sXHPdVVIkTbnnzUVIKorqN6Oxzl5FnL++TZM+81xrTw+Pjm/u3b9++eTzcH0/HPPfzuqwx5skKwzBOOzokD2LI04i+rIaet3JMS4AafHTeDMIzJXagQQoe2u9vPn/12cuXrzbQCegSd9tsKjEQ8eV1Ko4p8kK6ka8n6gdYhuai2g51dXEn5fpdIrOX6ChGZ3bkdLJCOuUfh3PeGFwMxNqg06iT5slTBrUQKChuJzSwCvRAHr24rnMezHnBtLLBD91dymvxvYBkpOIVQkq0ioQigAanRDU56pZL0n74T2Vl8Wv/I7t/6Xf/9H//f/4Lf+Pn41P7/Kn/++N/6j+2+/v/rhv346EzN6Fngo06AsSpF5OwganYnCSxOJEdtuFJ9UBaFKn9w4CCR/ET1kdaTljMU5obiiKJ4nzl4Np9YDKZTCaTyWQymUwmk8lkMplMJpPJZDKZPq1q+Vu0cVio/h9nxyCVk/MxpUYMqVqQaN6CtImKdBDIwUopSXhNbdW7wAXw1H+dPVVjCYrFiUKcJJTADiFcuHbPJVAo5g4KJnDxco0r1UFzlTyR18W8LPktoR5KFohLBNcxpeIt9iaSsgJIL6nkjgP4/TDeDdPtMO3GaZATi7VGblBpBBfoSJQBIUJGQm4YNGFyhpSvQ4Eb5ltyXwav6TrFxwQb1yDJQ8UTpUARTkq3agwg2UTyzkNnRQJ9ZRbEEkPiTaRxaZFTftipQyxkUKgbmtcw8G4QkzI9gS+0R0zUAqc72bk3R/darnrr1HG2ohppxBfoeQCTkEB5AXjwhFWolQaZxDjavuaJJigi+EReO+7LN6+//4MvXt+/fTg8Lss6xzn/kqkPYQg3U/AcJRMCET0aDaNXkd/knWSmBO4ZYBjGYZnn/JPnal2oMj5Ok3BCP/vTP/v555/f7G+GMEzjOA7D4LqBKENzZp6BrtwATtb/5oUeiEyelJia60ZDesd5yLdUAo1Iot4jrN7N3h0drBWTSqEAABAASURBVAOuAU/5HoC0eiBTGyBIRe0jUmW1qtUEz5PezSiUD33ISzmucT7N63KizCqKvHKdCYXc0jLR0uu6XYmB7XOkjQE03yP4VNBJ1t/xvfAv/rM/9fv+l1/8O39+fmqf/8efO/74QCdfQWf/PED/qC73rCvc2ztwRdnZC/mEao/C65L5QHU6SdXHSSLQJFysJ+lMJpPJZDKZTCaTyWQymUwmk8lkMplMJtOnEmwyNNyWUTgvcHc715IflqQMV6JI1LjAyRffu2+q84HNAYXpk1KxlBqlb6eTAwk18FQXZ4sT9jjROiUDB74VrxMK0dKyQQRySTHlsvhCQAKSiUculosth+7iem+VoRInbLuCVJP3XMx3kw+7aXc7TjdhyK8HTg/Ron1LNwEplzIlsLmWJN0vO3rv2eAEArMm8kM+J5Uh0Ve4mYdSfFWww7lNykrvVqFAg7qPSK3W97OpERjUdGTJPo77prOsAUlSEXYcIlOGFRw+VVN+D1RAkBpQN5prRjioEl8TqTI7BioIf+HOyWLI29c1LxI4LfNhPh0Ph7ePD8f5eJjnw+nweDrm+aZR9hQRhCEQlSKmMgMNuZopJEkDonMn9uygsaK4GB/GUeijuK6nZcmnn8bp9ub21atXL+/upnGX29mNu7ubm7xd+iOreKgXU1kSvFokB3xmpDbkUWlQIpA2+/Cii0B9X4HcTShHyuOKZHNyAjcD5hcrphXiCuQ2gg7wbOUo5ULGOhWPoQWUsPaexirfQ2tc5mU+ntZ1SfnGKuhWycppk1lBE+e6m26zg+tZJRn5Tw6diO72z3XgF30WnIktcIorUWw37tNhbLCNyGn/2sgNHxOnekUxH7pI2IKys6v/7JhMJpPJZDKZTCaTyWQymUwmk8lkMplMpm+L0GGfnvB0Qa+Uj4tzQZ+Y4zYxK90xav4B0PsgeFdyFfj88fyo0q+Ya9vrmrpu+UacnHe0ZMUwZZLiEukn/78w9iH5NYRQYA1qwFLkDhJzIyE7nqAQH5BglHEY9uOwm6bJhxEEJBBjDCEz1H0EqqkFp4tIOV+hkxjVQcT7YRg88zdkusG0iVdAJDl1ialXVsbmAlpojgKdLUoZgWaLAk/k6XCP2LSC83Tkwr26rdTpBOkGdMRRVyfeNrt9/dTyqVYIfMEKn/R7oytWHeWHDVfyPLjcYc1LArfmJRGp5/O6vn375nA6nubT4+HwcHg4LUsYh7xE8s+Qr2cc2UwhBWyhN4G4ILLlIfcX5oxogthWBYrNjafZ9SNP0TS8uL27u729vdnvb2/v9vv9EKjtAGSBkvfIh8/zSd1AEIfqcdIJLgbq2aGquyShoIrdCWfxdFATD5n36N3qcPG4kL0PJo8z4uzx5DleB1z0JSCHu4muSz8pEJD2U3ksKIk5OnEY12VZ6f/5lARf0WuQViomJbk9Aa/aJZ2PSbN74S6E0qFPhhT8zV+I/70//At/6+l4nax/+D9z534SVedaDWv0dsbUGVu9Q/ykK42UhxEWLo89TpLk9Uib/Ij1/PTs7pYtRWcymUwmk8lkMplMJpPJZDKZTCaTyWQymT6JmhlJ4lo7+PaRxrjA+RFdmbwjTrzUH/kngb9iXwEX/gWo5UXcenB04Euu5dP33pGJDVeMN4DBkS0Xs4Ur8hFrSgt5MkSK18nlTDW1kIyfzSUxOsC2HpI2gkS0DD6MIUzBD85PPtwMw27MbyHkenqu54sjg1TZwQX1ySiXxzk1zmlQixAn+W9uU3CTwJhJvobghcSh/TQOiHxTLku3ULkTD81GRmcENn4trnPE6DcKcCORMZFxDXKB4YH1voTpsAWLK2AKDQnAtY7Iia+ooil4ubH0Q/6mhIo3NIapRGlAx50gJd2E3UjQyawmH2/u7x8Pj4/Hw8P9/eF0nJf5xPFAMjrjfp9nMgyB8Qwa4jwHRKC0HI+k1i/khbPyGOI6z+uyBO/HfOS0e3F3t9/naR++8/l3Pv/s891+L0s8+BBL1AwFKeVlNp9yF/MLiMh2NXQxg+scPNqs4LVBw6vjtBk9xM7mBMVfwsldJkOYPKwOY3AzuZvgMrp8WbMjg5PFw+KIOHGBxpxva2ykRzedbCQD7X0LOmILmLxY8iAd57gsYmvBbaAHZauctOzOw3NqPpbbDgqoSVC5iu4OEi7MfQr9u3/59Hv/F188PDzHT/yj/8Ddz3z3J8PpZLs426Sk8jmDR3xfIlQ4rrulz9vD9nBAxIIINpV/lRrCUgiVQinKynmHR5DJZDKZTCaTyWQymUwmk8lkMplMJpPJZPoYElwBsSsCyvYngnU0eMa1d7CxG8HSTPM+EBeP5iYCsocWK10xWOk4CU2R4fI4lGAal4v9SPYkjIWAwgrYiuTF3oQMRqgAelqWZV0o/oOdPNTWpF5p6bx0L/8evMfEr3nTLgzTOIwAow87T/TJ6H1wSeNv2LMksD+ER99X1EvP5UpwZe4lX2wIYSRLDDZTYTZCTDVyfxmFoKahjEdtqpqd1OHSKCNXa7HYxx7183j2NkusQTRPp0xT7tiQ/wuBr6qDd4odTT9izkk/oc15N/2ut8pxeGbG0faRiCR1OYESlqHWMQw4yGvgWjaN+eF0WuN6muc8rV++/vL129cH8tpIeYrz8M/rwrgJcUJ+GICgp4p3cK06BIyRrkeWQi6eJ5doapbcfp6XKesmwN69vHvx3c+/+/Lly1evXg3DmJdP/ix4dd+gmrf3Y1mZlP+UMICPp6VkEVFYD0EnDd/q5gZ88cjZTswz6skVwly84/wRNYQR+CWBIwzEu8W5BWD1kLuTh2fO689D9JA4DCoJ0ITdBOH5HFaYqUQ9ccgRr2XKqZqXZZ4ppYdDeBJDY3wzKC5UjnS9qVGhotq5t+Y2TAbJDV2Ik7ruP7L+1X/94Q/9sdfP7/OP/+fufuc/9pn7CVJ9vpT3anJVbE5S40UAzh9GV4Ti5kSLjw+NjOZFXmmJqLLihqS7KtQEcEYzmkwmk8lkMplMJpPJZDKZTCaTyWQymUymT60kKAMXDBkBuJLGAtsMjoobdEwDNNBEy8lYKs5cqmeDDX6LtSWq2V8RFx0FNcjdiwxbFMSELEV8zRgR6kK5kw4moTpmro1HsjlZV/bz0K/PE2ugET9U/ZdcFUc+JSX4BwaQvBs/BD95vxuGXaAYlSE5n8gNZqAmxI4kgTTnBJxg9qTU7GuETaIIm+ipqYlsTkqSDp0XdNCYG6FYCX9RZ78cIzlGy75sUuIuKrwVOhHchzN0GBBgieUJyHxyRky+DizzhTKgglBAcxPoTnFuMQBXXm2MUCo4AQU8gOLfITYYAuqghG2AU46BF2Uev8fD45u3b+8fHx4fH4/L6f7hfo5rPpTGk0xjwjBNYRzy7p4Xmyyt/JtxosDeKI5Mahhm8eyUg5wotBtupt3ujoNzpmm33+1evXj54sWLgdN8eE7UxyE3QkuGBjGWURC/EzZ/4IQe5FwegYeGjhR5sgAPDbg5G7ESppOnqgAaXNJPdIqSSJQPjdy1lTAQvya3oJsDksGJgyOtO4h5tyDWMagTseHDNv1pd2dxhMmjKDd3vo3WeV5Oc4qLozuBL14hIcTmZVJuCJUvgTtlJei6YtMM8NiuTpmeMjJn0M7H0B/5E6//+J9+eGaHYXC/+7d9/ht/3a37MVdyzY4ENn9I7BTUufYIyMarou6jmOF5w7xY+OGe9PlIxAk/8+lOS/QvEqZ+dUKXE8a3NJudyBr7BFSSyWQymUwmk8lkMplMJpPJZDKZTCaTyWTaqI+t4biTXCWmKjsZKmwBlEJlnHtccOlQC4Kulte5KNgDFr2ZiqIGTuwaGtWQJDlEzS0YlYhEnHAQjQSCMAZR3DeUcmm4C/Uk5qJ4XAk6YUMIIhlyP3LxPCK3w2YTpVf5k+CI2sj9DNzfkXw/hlxQHcHvhvFmHIe8T8K8KRDzQn4RwE2GfIhk7DAuIW4lkiHEtfpENis0JjgMwzSM+XfwUKNkuANR6/+YPEpA0fVpqtcosE6p68OZqUQ3I6kOO/WE7VZiyVaRaQlE13i4Ep+kSNFm07O2E+JMsCFmiO3o++8q0qJxQNwPZIrDsU0GubBgGU3vc38fHx8Pp8PD4+PDw8NpnTkPiAaUbEn8PjGhwr403gUvnIJX7xSXlwGwO04e9XzQcqLsnDHkaaCJuNntb+/2t7d3d/ub/e1+GvNs+5GicRi3iZyGJN44qKk44vHSXaNeEw1OJLMTpoBoJNgxxg3XqvX9aueZk1vs2tDWuyRtR1a25OlNbNaSaBH5VWJ0XMo/FK+DOMe0enJASbJIeLEwQLIFg3oyQG6qJKFRKLQU+fHk18syn47z8bjOM29sRiR0c12s2o3Hjiay0H1MTwqN0alIg9cDxAPGwWUjH0Gnxf3+f+X7f/bPnZ7Z59UL+Bf+6e/9ql8yuZ8gdXShPruwPnadACS05mNZSBVbOvc7qSxeH52DqN439Kzmp6ESJ4jK25XDvfd9p5gXNOTEZDKZTCaTyWQymUwmk8lkMplMJpPJZPq2qBljuPYNcujwCA++vJYjoNUQm+lIiU3RnQXAOOchNCuBJC4eWBuscoxKiH0CckIP1b7ZjUP9FTouQsCFfLyYmsSU5nWlSB2HsQEO7EkizAebYXgulgfwA5AXg2e/ijGE3TgRUIJuv5v240hkScJAuTtU+g8oYS2EGDBxgl6sViTyBCXvBHPBn1J98lG5KT+MQxjHUaEdaCiCFu6FXsDmAuK6cemzjNw22Ki0Aq7jQmQiycnDOcrQIZhjZZ5DWB299hCC4hrbhQANntkCMO9d4NU1cMEhqB8Nm+U0AInjjGimEuaRCsFHTG/evH3z5vX9/f3p8HhaKDcnL4bcYbE/YV7GywXSiQJlHK0M2SiTlCj4JS8umoNlTbDQ3glv9re3N7cvX7y8u725ubnd76cxDD74kVigsrxdycdR+43CnbQxaFOkU8f4RGiole43bEev9xfxdRsW7KiMURe4A5ou4qCFjSRmaiJCBEI/ooMVqIno3Qw4I3mczCktmCJTOElTa7zruvfs7CkQwjFLXPun9RPX+XQ6HJb5hMytAJQEHukptCndqtgKQYWtvIOa2ASM0yh04lzvleI/JnFy/5j++X/5+3/5ry3P7PMrf+n4e3/Hd3/qs+B+IqW8Ia2M5nHCxAk9fnkHFD6r/StyMYOVNXGFhnMFMiSMihsE3a348ujp5eHodJPSeeZ0YjKZTCaTyWQymUwmk8lkMplMJpPJZDJ9evWZKZp84VqhuO5TAZTeY6QrNGOppDdUpbicQEFEztTyE6QWiZzSIDErBHDoHoQYOPqB8tNgiCQOFLm2no+Iy5IYr8g1cs4bcR0EwN3wjr8bD4JccKU8MDpCJwA/eD8BhenkLWMIN9NuYHMIz0kvXqw7CIChWBzPRfnQgAAJIEmSqcO4DBMtbG/CvxTE0VEqdgG9twlWPxPaONDwAAAQAElEQVTXPvPondtsd80uZTOUmxdsPENjsa5Ji8KFtRHgphWHnxS69xW4K34p0L12rVCsnBIF+nhYuWydR3+J8c3bN28fHo6nrOPj4WGeZ5mtPLvkPVOSjFBCbQrI4WnZoE8oyIlAEZMfnM+HuDEM+93tze3tLv/Z0+/9fp83OiJyFlkXnFaDIPk4bLEDm0sjMEapLHdu3+A0jcgV2ke9G6CHTtrepeXuDBd0DrTJ5nnT06ghBN0jPnqX+y7uJgKdzLQFV/Y4WV3eCInWNSNaXrEk4GVxfrYz5oU8JySxR3JQmNs5Lct8jMspLyhhr3B7/0P1+6lv0W3IkoKgtetRDAd6tE0xrAKcfDTu5L/7h99BnPz9f8/+n/ut392NT+7wF//6/P/5K/MXb5L75jQM7ud+dvy7f3Vetp+WrSizVuYbNf6mupUkodVA/w1p3GJV9aJyxcyKFlh73vW/0+WTRxeLJrsVpLEZq5hMJpPJZDKZTCaTyWQymUwmk8lkMplMpk+m6nFy9dMz/ITr/YBigIBi85BKcRkFyPAgZIbvvvS+OUV1uShNasQC0xrRbQIaIErJHEr9XbJTuKqZnAbxcHIOUSbrui5k6UFvi1WFFiy1IComJV5yZXwu4HNEThiIOOHfFNMCUximcfDcO+/QExRBISNesA01W5FSOrjmzsK8QimjeiVOBuVb+HAd1bJPsf44nw4nvIHWaXFL//AWPkHBcrA3npEXSpzElRiFfMGerpj65P05UnS2HtxzKpcGDt9R7cXiYyNTwPMlgJDHaqfhcEnx/vD48Pjw9uH+9ds387KguJ8ATLu9VJeZXyCGBshQBJI2qaVt4OL1ukYXAgUhEWWyv9nvX754SalG4zSNu2ma8mtuLE9zoClkTgVdAo3O4eAlh7C9rB7LAaUhhJ3Aep0og1GxlDKwwxMjIwYqxXxkOw3glLdyrnn0yP4I6iwRAZksATI18W7xuAL95BfJuzXle4awKPLv4Rum3HZyNth2pH3kCs7DUSeR70hCTubDYTmd4pLvrRWqYQuZwaSaeCLPBdflnUCZNl4tuubK9OtY0mij63C2Pj/luTX6zepf/38f/vxfeY44+e3/yMvf8g++fGaHf/F//+Wf/Nce3YfR977j/4f/1Hf/o7/0E2b68DJigxPnakpOIeH4icNzJSxcfbK1nV19zUCeK88pyR6TJ3j9R6LQasWgCsT/yYtFFni1U+m8nUwmk8lkMplMJpPJZDKZTCaTyWQymUwm06dUV9stNiebjISmzt3AV9BCrCfYLcIJVAEShVMa7090EcGBXaBIK9x3rgieg3PkeKcABqMjiSriVLBcUkwYEwMnFKfimEFwYrzQky7KfASx++DfgqAM4PNGxlBg8uMY/M00+hBcypV84P1dEL8I8o6AOkCOK6ZQjE7kU1dGJ1Buy8gnk5HR4mzDNYSM6WCAkj10Lj2wTFIp4jvXpfIk3CixqDNMnAzDQEk64L6RUr4Um72rfS49c+1a2mV6EKOVECg+JzIbRGYmM1mafHn/5s3r1w/HxzyZBI0MwxgCFt8RSVkS7kQyg6hxok+AkQiK4CCCCPw47cbdlP+72d+8fPny7vZuoPN5Rn6Crk9PLeMqRIUgU94XjuJsfcpV+K3nSbs1yrWLMc+Z44I4fgylbN42yy/sivfV6gP78zCh1B+SgF2AaJphJe4EFucWSCfA/GKl1y4F4gIweEJT5B6Ezoyku4jWIWgdgwaACVmWb6hlOZ7m0zHfWXS3QTF0uVw/6N1mYRWOpMXrBBm8ssTZOgg4k6UmPFXIoBBnH8fG4ovX8amP9jv3e377d37Dr7l5+mj3r/07hw9HnGR9/wfpD/6xL//wf+en3YfU2UMBrwy9r847m7VeFhjTeO342uzFQ98VqxNMFVpJWJ4pdXElrA4rjDC6M5chYFcik8lkMplMJpPJZDKZTCaTyWQymUwmk8n0qVVCS6SgDBU6KXXfTTmyQCEtVaPDIXSL75CDkjzCZXSuLMpH2JIZStxCKl90R61ri2EHswdQHSeEc5EvxxO+EGMkR49lSUsuyq+lCokd2tFcQshdgsCFwJgCJ7OAF+6E/S9G58cAN7uJ6qcpAuXpoHAJlK0DTp1OPNVfPRfMNSbCJQ/NM0YMIIrHiWvXdbWIDudl/HR1J1enB2pFuAw9nhEn8lG+zEC0jKsIkRyPF+328u59hL7ZtfRgQ1lIknxU55jJjuTdcT3d3z/c5/8Pj8fTYZ6Xw3xa4wIE6Ax5Zmg3sU4ozVEKjzopiFsGYUPyYZ6Y3TS9vHuxv7kdd7txov8INBmGieJ4OuCpeNKU9Vw/ZC5HLgXzJHphQgBbaRtcCc2Rj+oQnFE+FRApGraER80jwS56RrAQaZrnRkEp5S1aCg8tMp/HdIG05t8uzR5OnqET76LHFCCCzh7Pf2NNlNaizy5irrruYglAEWQpLutyIuKEw6oSLXE9Qk1XaJQSCgeExb6l2FUIgBLqJLpiYqFoWk1g6Ux8XEecuOvcwwfRr/vVN869udz+i77r/4X/2vd+7mfG5w//S399cR9Yf+0/JCOfIbgPKd97hxQYqdJ72NZkguJVIk+e4jyk/k9KMMkzCbrG5DmvmCGjgZ5tTgikcmJbxV5RsuoV7AJXnv26kOpjVMlCk8lkMplMJpPJZDKZTCaTyWQymUwmk8n0rRKXFyG4LdaAriZ+OPHV6L92XtgUJ1vJ18KTUQNqJdKXvBDaI/HX2xlASfTVeGRnklRK71pb9MV7ASSOQ4I5UCuOlM8SMUaO0VniQj/ritwvKWlzJRRKSVuL4owdgHc+OIZOcvU05bo4jKO/HYZx8JOakmCupuddyeCEMAW6FvkGfvASW+KEemCvFc2MKPVR9VBh9ARq9b1IXkLaRBoJISOXJqYZ2PYv7hpltGWCtLYr8RRysdhhPSCYB11rNeRIIOjH5tRXirapzuwGmKj+FPphKn2WVVFiNXoaiV948rNY4np/eDwcDvePD4fj47wsp3mOKToOu9mNoxMjD6cUgnomKIHRIJG6SO5u7og12VOMzu3NzW6anBcDGx4gdkBBjXyR8rXUzX1b0ko50YCzfwNCAZv0esp5pT9QByRVPxBxlInnOFHp5OC2U49ukzYiBXoBMYTQUf4IW6Fe5oPuFeolLJAW8CvgzGE6MxmcYAyEPCVfU5iwpdxs6/JYp6n1QOEZWRYYaShSTOQadDqt80w2QrS8ELBDbwppVixffFmQGn0ixEm3amGzf4VO6oVWdxP4BBTBz343/BP/0Iv/3Z+67zf+ml85/b5/6rsv797NYP3Vn1/dB1Zez3/jF5Z34i8/tOqyUXykXzrt3qjklFAidZFhz6u4Cpzpm44B5PUWnUTq0IMkdeu1sl2+LApf1gmUFat7+0+xWkwmk8lkMplMJpPJZDKZTCaTyWQymUwm01NqfidOU3NqARG1Qo616AcbJwj1OfBQCoJRCt9SdkxY2le0Qr7uDqXcnYREqTBErjd6rXtSKwi6NyEMib9cn4uUKwfIUFDLOq8xJvr6PZXCEaRM7AUx4bacnBTYAyP4geADKvcTZTJ5uB2n23EcBwh0piBmEe14qucHrqwjW0lwnVRKp3plBDzkt4MPTuNsxJ1lA+5UbEI28TCKcYbyPEodIJ5hApX1qCVWKfUW6IE8X4BNJbB8+b+UaemSU/E+0QkqTXTT7Tbna0XdMvtCnJDFiNaWU3OsUeUZgECnTXopINRRnqLH0/HLL7/84vUXh+NxXpfcmifzEqZEhqDDWrxMXOE98mDm5miOY5SB2+12t7d3+/0+T+KL2xcv7u6mcfRlgHuMBnnOm/8K9NV0zf7RrmpwD5s1+AL5pGL109E5OjdJc4uqowxeDQ9hbbxWFMwp80+TX7x9WvdSsf7QPkrAEK6AC5CdyZJw8bCQ3wlZniyYoufkHeGgeBDRPUtuYENd6rLQpZkUJFjnZZmPy3xKNFvObbmVK02iAjvlWnxN1XHlCoUlYiqrzlId5IYCdTPlPqb+yX/41f0h/Z/+DKXkjKP7r/zml7/1N718z2P/4z83/t/+X0f3IXVzAx+aOCkTQ1Lu4wxZ6vxFnlr6upvuWJA0eVAq1UVJaGRJJc8uoZ1oAeFZaz31JYsr4fmyfqIDJpPJZDKZTCaTyWQymUwmk8lkMplMJpPpo4ojRTQ2xBdfifppzdxw5/VHKW5DqESFgiFq+xAldYH2EtsStuUAZHOOJKYP/JoIhpS06JxcqcFrEIxmohQEhn5FMpfIP5GIk2Ve45oukzhK3Z0Km9xWrt8PPkzjTk4UwAcgLGD0YfA+/3guajIuwuBFFAIAJImHgnWYUhBzEZBv+/PgDOqxIc4mjjkVJwSM67wbrlRIsfvfVeZmcxkKEwhOgCXFpOImGOU1QCyzCWwu0gFB76+Cu1TTmrL5rDFOOGIjkcSjJNcc2awk/xfJHSP3LN2/vX/78PZwOmblmZJYGR+80BQ+z4DQIUkNdOTiGDWiyRoHGvvc1H63vyO9uL29GcdRjGTGYaSRiPEi9+Y8nsW3ruvaBuiL7FgzbdQZxtfL18CPmFBBEy6Zc8upnqv44Jxr0IXuXAstAiimMYU1kk5hG3MFWvi2XOk86eRx9rBCmkEAFFwxrZyzg+LIA67xXNVkRq+gXkw/0wWJQraFKRYuKd9Ty7KcTnGdE6XqKBhS8AF3TdgsKOqANGOYQpyc90Bznnqu56su129W/83/8ue/9R96+Qtfxl/xd0y7rwJ4/Ma/5/Z/86fuHx4/IADxn/97b93HF0B3E7GwJkmx/033QMCOiStH1/wtud8BBdiKggjSq8RRPcI6XcaKMZ7W4KWPzCGZTCaTyWQymUwmk8lkMplMJpPJZDKZTKb3V1cebqoZGhcSPIJelZIgdESFFpi7amXSuroammgyiWuGGSWfpNioVEsVYjygfeF+5TrlwsXKmOK8LmuM4qqRC/9XO8zxIG4MYRizptEHx3X5gXmHyYfR+8EFiBg88SUpIRTPEc9IjWfTFjVvkPSbavRR7B2IV/AMppRhQXVygAqb9NBJZzhSiq0afYLnA12MT8Qehk+tVIJEFJV26vSBIDESCyORK54tWJyDlnFBRh+4TcNo+RlnESx1VJNm+nAkDfsUJJd8yIM75A+W0+k0n07LMmet8+Ph8Prt64fHRzI0GUcYAlQiAVw+yPNcMOTheWEk8drIn9xSbM5+N0273X6iaZvu7u7y28RBQvlYYUHEKgF6g4zuWq6uXtCxYUqo4EAKe9AAyXiqp0KFeyRkhn9jseQpw6iONVcq4sM1EgW633ouVJyIBkeWVpIfQkxcBDx5dxzIzmZGwlCiI/RE4kko8Um8YvRK3GWBHq71gUdQiC81pkhrXGj2jus65/urWJGUQ8A19GnT0sWzQ4em/e4/AvGW2U4Z9Hv3yMzH1S96FfKP+4rKh/zP/pmf+iN/4vX/96/MkRiPfQAAEABJREFUr99+w2TEL//Fw2/69Tf/pd/4vrYr35iYOIHNNFXnkuQKXaj7bo7SnZxyJxHqzUTOVAvnUUW53QsT+I5Bw8JpmUwmk8lkMplMJpPJZDKZTCaTyWQymUymb6G2tfmNLcdVjANKOVIsPTQWoyaZcMINNxPPSolPhSGkUiwHT1QE18KREzfUAkSglVyjXFJcliVy8Z8BlJjI58GzuUOrfdcKvEetYA/DsJ920zAJ3ME2JzA4P0LY54/CMAKdMZf8vVdnBiJOyAElSNMgO2j4iVACRJkQOkGNsdFLcUlxtfp69ZKxVtcloEavvhIkV2mJkkeRKqWz3dd3+SQgBjNqPwCtL3VCUcYL3QUssHlbPU7E10RaENAjEjCCEAIMgxvC8Xh4/XD/9v7N/eHw+PjweDos60p2JrJD8KVsrJRO3k4uJuQuo6Xt/DJv3E3Tq5evvvP5d25ubmh4CWgZJDImxihrj705XKV61B+FKZqnrqUMlqZ1QIFfkFefOOnw6K6VwcA27JXlwG44+9HfphIVDbHNE8o9Io1xdIna+IifDxavEyzECWEl5G4Cq/Mnn47ka5IWIGuI5H1KkCStCorPSEVEYHP9reQvwFS9pVFXJxFSgtQsc1xOa77B4goU2sNBVhRl5erSqofLwHOsFH/kZdk1mxNeLjgQHwQKpgjkU1kf2A5i41t+9PCCX/LTw+/7r37P/bhITafa46vcEoK51dgq/Q2uElgJ+8eTwCVClonFidMctfqj6Wf12UdbzhaGyWQymUwmk8lkMplMJpPJZDKZTCaTyWT6ERHA+VfOr9XXXSFOlDXxoOkk/AlxHq6VFam5WIrx8s12ceXAvpxZvEzYL8JL6+gTaJmeuQBc0ppyOXzJlXFKuKFaeK7be1BnDq2GV4qCGhIoYhiJOJmmcfTsZBEGIiCCo2CdfQhMnOSLiEGNP6iUn5sNPgwgMAvjGzXihivrQ83SYe5EKu0BmjXEVb4GSwEesWTJMC0hAROdS4Bci6a8VO5BEl7KfMik9PETrXxfutbms0ySTpNcaT+tlTaqna+/I0MexT2FARGfNzoynFnm48P9aVl+8PbLx8Pj8XSal+U0n2Jcczl5mvbDEOg4Qkxo8CioiNNxOLkFQwlvybNze3P78uWrm/3NzZ7+p/QcOikxSFCSjEocD/eHLt4zCKMXFmADNvmrq1dJKScpOSlFp+snJnFPERxHYIvqZdJq5dKGZvNAG9sKD7mK6wzFuKbthjL4TJyIw8PGWoXf5h4tgIvDBWHNv106OJwBIiQq2pPnjksKuUDfPlSbmivFesVzKkwjBBGPJl37SuY09INxBR4U+Yzv2Magubq+lAjTFQZitcPhTpqtI7CS20RMdaSJttNt3JhkPEWomT6aNlOgxEn/ZFBSBNpNIjdCj8URzMTLklOpcE2cySUAnJdENoc9ptJhg6htO91gC8JkMplMJpPJZDKZTCaTyWQymUwmk8lk+parg0fU3KJ+dPad8wIvQD2qmmJ0JW1+q5V2dsiIa6mKa2vJNYRCavF95RnZRWGlkji5mqxrXCOJap8eqluI1r+LAYsTMw1hERxM43gz7cZh8BAIkfGEmwR2MSGPk2GaOAsnIGXrUBk010zZ5sSXjnpAr7CI8DDeqy2L8BM+0IZ0OUrndXOlYy6Lp8/AAjJ82I2za/hHCzbBWsEXtgC7DkCt6ddZYVpFbVvEO6TOIlQTFrl+INONFLVdxiVoS0zH0/HxeHh4uP/y/u0hvzgcKGqHonSGIQ86TPngQMNO7RGXgxqdM/iBNnk3DmE37bKmMf+Zbm/uXtzdjuOopehcrWaKwbVys3qc0Ki73lKmoDzbMa02KEzgeMZ3qPJNhgtaRZdwGQksSue2NPKWJpcGzhffnSu17waPuN7yZKj9djqJ0DmTQEGYaA/uBbvHeAZNAAg6CXiCtKT1hG51PgppVW4W1/iqyrsgPFGbb9CH8CJ84bKg8w2Vlnmdj+s8p8gGNkz5KDrArEGXHtSTSrhZ87KYFMeRBeP7/bE8L8pK9d2Q6SGdSYYzfXopqCRvypKoq603wgIoGBNiByqBEluR43SixkbJ/cArsVr/lBP2/whoq/LbZDKZTCaTyWQymUwmk8lkMplMJpPJZDL9KKiRDxubk24PKSATmLE5ykmFsqsNghYUi1EHlsJ8LSBiq1iyu4RTs5Ike/FhS6RchnVdlzWSOQVwDgmUzJdS1fauUBjstiLwyTQM+3GaxoFgCHTBQ+CQnHEIefsuDAPXMz35tXCBnNv04NlCg3AT5lcSFJ8IT2E6yk/Ibr6mhdQyK7MEihlsKRRA19kEONh4QFyvqkoqSu8xoYCLcy3UwrnOWkJ3OyMwdOYEARIfFK9nBQ5EUqQCIG3MThi3CT5pGI07zfPxeHzzcE/EyePj4XigJB3CiThJh4dEWByxYeEfSinyhHZEjzCFQJTJtLu52e+m/e0NKY8qjbwnBxWo/IzYzGi4DySseA6qQUq5FBkgryiHb+4tmBQmAeJm1riklPJaKgtU/leYpPqp9BPDGEQqpfDk2jh5HaFKOnWTJr+HmvmUCsZR5wsa2EODmwCpIO/dCm5FIKcTDzOkmdATN+dPU8QAst6rX02Z1pr/A5uOQNeZBoklJlw4/YbCUPJ4nJbltMynfJuJ25AyThKmhBWoAQeblqGsM74FfLW7kFWK4HsMSlNTyGfGF+ym4SaXevoT00cSTW7xVsKGm6RCOWG7TcofdLEaoshzX5yJnJgKsUOVY9wJBGFRfyeoHJWcuXbANarOZDKZTCaTyWQymUwmk8lkMplMJpPJZDL9CKgrUKta9b1nUMq30VuhuR3tiqeDw1a6jljUF8Y9einas5EEQwKowR9JjyHvhXld1nVNiYw0nB/0JJjEwaKevFACUtKGIfg9OWiMQTxO0A2MI1DaDplxDKMgDmxtIjkukDBwEIwHdWUgmxMngSzAuSZOYIqgdfRCy3TDV65x42ritQib3FYbcxTkkBKP/ALkkhhhSRVnqVRQZReK5QnotFxU6+VILzSFDxLog65VeQXhwVpLlkO8+JqQ00z+9Hg6Hdja5PHx8eHx4f74mCeFLEOYAQrDmHce8tiFgcNz8ogzncMdCOR4QfNE0zHubm9u7u7ubm9u99NEox3CGMK2x3z+svZAOozYmyr4CtWk0uVE9jW5PS/eJM6tRCmt5IwTqdKdS93kFZIE2UHvewTIKbgBm2HjDwRaqVXvpME64LddTmdDnjW4zqfl3AaHe5E7I0lREXAFcjpZ8wuPC+Ccf2OaIa4uRe5vZ01TuRas84/u3OzlslKPWuhXTCbhGtclT+s6L3FZAWvaSeLFGpUz2MBTzdxCFpXMkUgQM+GBuqcGtCXbFmvtEHTYlh5jvhbfEmGlo/JiSZqbU8lCgPL4gZIRtjm0uJ6QpVDkOwSd/pZ/IFzBxdBdLAFXqKbSnC0Jk8lkMplMJpPJZDKZTCaTyWQymUwmk+lbqg5o4LddvkFXX26lbS+BLF2NG+svldbAG3ciEQrSRged9AdhqUXnnanOTt+LTwljTC7yV+TZjaSwBnCGdIBEMYDTCnbedzdO+WeAIFk5eXugHz96GLwf1JAk+QJbQAkBkZo5KFyiuShi2iFpE753k2ByoA5lvS5J9ynGGc09oh5Vcm3Oyq2VcMCLEWrn9LVMD7U+S5BGKvYRtYEt6VAcULoMC33LvxNbXwjQka82j/q8rEtaH7KOjz948/r+/v64nDAV1MGzrYjXaQOCTsLoiSDBmBiUIAAkj/nNuLvZ7e9ub29ubm/2+900hWEIdcnVedRrYXKIJ7UZtqhriFS6xU9D37myrqSEHeMiBg3Lsqi9Ar0Vpxa1CdkSIDJSNXsInvBWwGphs92heEB0aTfyeygGMvVkZ6CKFuFXl1e8WzHNnqCT6B1l65DNScxvExvuYL14ATu29X0sIAq4J4rziPW33pApD9S8nE7z8ZRHidEXvqtSQacYkmqmMZUyU1yAzYE8VG6pkS9QrGLUCQO2ZAlsO4Vw9gzSTjrTpxfxIgklEAfVYak8vBQ3Kc/3s+OqM4ojMIzznJj8Qr8Bu9AZTWIymUwmk8lkMplMJpPJZDKZTCaTyWQy/ViInSTOCYXN296ioIQq1GPr4YgtMwedJHl0DMW7lDCJPcWKlITC35IXvsHr9+pL9E5HVeSTeCZLOFuFXwzB74Zx9EScBIrFCQFgVOiEzEy8chfF3wIEeei5A6A4HqBkE0/WHVCuuDd+wO569Zv9JaLFJf2rX9PvKrPoWjtwPhGplHe7Qe7monOQ0Pfyyne2AN2O/QZQHqeiMQwz6DiIAUai0STcJy7p8Xj48s2bh+Ph/uH+MJ9Oy4lqxkpW4C6P7jDUgKMhhIGJk8EHnrSYm73b39ze3u13u9v9zc3NfhyGMQzTNIFX+oKicxJH4EgPC8+hyIJT2qK4nGBjQ6inDAAVUCm/jyxaNjG6pC47dZQ09KWhIRfmCgV5gG5bnYGOmqqIR5u0MqGu9I00sGUNNq8TsmABbLgPXW7uaURYERdwC8pPIo+T/CtA/skzK9chuU6KzHxNKAP5jsxTvK7zQnM6C3GC7fby2HnyqBNJgUjKuHgvQ0qpVYqLCCpUxo2sgGTw/PlzxPvt8LrqnYEFf0JDTr4dQoZOFLZyTnK4ZP05nq86U7xjPJs4XkcSqYP6W248XSkbWqWQXO3O7PlHk8lkMplMJpPJZDKZTCaTyWQymUwmk8n0LddlLMsz+3bwSfuiO2KUjVxH9K5HQ7TQ2CqMWlwspgbi3JBL3wmZOFmXJS1sT5E/4kAb9s9Qo44n+k9oCLEpfuBsF41aScQZSOhLIDYiv+YiKpk4dJfMdhK5+h6clxq711q784RRyBuFGKj22vws+sJrJU4K78B0gK+j8uR4diPTtXaW4aKl/21rxSSinnEzjwq2aEGXjWAglRKytkruIGQGQj/5o8PpeP9w//D4eP94/+b+7WldyPIkrnlwhnEM4yijGsYpDEHAA/bIwBFoqEbGesbbcbfbffby1auXr3bTNDBpoOyC9zJMsnjyST1BQ7TRe9noQQ11VIFL3cQwFZ6D92c7k1VBk8hABde+Uxk9qLSE9769qzMno3ZOn1DijVMK5Zwj6Vx+tEreuJa2NrV6PiDFR2Hbpk40NBPJQcTcabcAzOxrsnicg6MX9BPpZtL4Jl9PpDiU+Lz0Bfsy1ReOE+WPpBCx4UTKN9iyLHOe2TnFVXgjibVSrxS9KKzjVTxIdC2ppZAG6+jMKnZWnCyK7wkIuOK69VooHn1bzuyqEYvbIFqmj6F+vAtUklDAEqcuQ6jIlaBnKEwYqldNaQblpuZjiTiJelPy/SouPbD9t0GILif40cZVS3ZLZc/YlhWfyxmSYjKZTCaTyWQymUwmk8lkMplMJpPJZDJ9CyVlRK3Hq8MDshVCV+RT5iJVK4piVoFqJpFKfU77j/0AABAASURBVLBu12J9YnKkqzgWFxAq9q9LLojHdU0rswPSiPIr2iXJUBF3hBreIXQKoyJCnEiATqCzuYEMS9gyglwjmH5ALIYW7DyR/yc3E6QUnkCeIYHjQNhlgriPyipoOBBuauiNNSmbZBDpoHr1xZCj1ttBxiqPW0eWtMvspkP3VSMZqQhj9ZXAMgLaou4BhdPQ00UadNrJc+FYmA8y0XC4JpzjcpxPh9NpWZbX92/e3t8/Hg+UU5MbC8GPwx72eUQkX8MD+cbI/8VahlqbhlHcZW72N3c3t5+9fLmbpnEYQJGPwiEhkyp5bJgO8S0sqHriiO8GDwWPNfdXs3eSROcQLEEvUyTqhOvcGvvhBXBpwI2Hkkvju3lHkGWji8xVH5Vq51FGXzEJUDBK5quAQgUjoRvEd2V0YOiEV1sqi7WQNPmaIKKbAZaUYnBHSIuLS4B1cItHujKJJYLWWCOkdEH0liEdwXVehhcDG5R8k/zZuszrPM+n00o5SYnvYFmXKJRNkiCUEohVsLKSp1Mcj8D5lhXFxif8gde/Ap6ViQXlxfiOUOCoS9HBc4TKuJNPoe4x5KKsaVQrp9SBa/L4EEioQlupPAXRleMcRaNF3pesdVxNUEIJuypgF5kd6b3UP2SVe9J/KbCATfWhp/8QOJPJZDKZTCaTyWQymUwmk8lkMplMJpPJ9KnVG36U6nYHVdSSvPAQuo2BE7bi8Byt4Eo2RikK5r9r8TkoPgbgJQSmWhtEPl2kCAb6bvwS1xUx5v/kO/VcnQcKFfFYfDK0KF48RryU8HOFPhAdMQTCTUagqBeCHRADYSg4MMdArfoS1ELFULLLUAcM2oFoFYlyIRKiOVhASdVpgSBqLtHq7pu3FJgCvrAprUIq6AKokYCYXySJBerbgXPXGegMI4S4oQo+lnlxTs1XQE1VtMBf54JJoETjn7uWHFmR0KjiaV0ejo8Pp8Nhmd883H/59s3hdJQSciSbA6J12DImgKSpMItDwUMgFAlbkyAO4G/2N6/uXr66u9uNBJqMwzgNeToCqA+KXC4NLJY+AYNMjCBVh4OkdhrqfMApSF7gEC5ekwfOssaFDuFLYHJF1mEzhmFrk+2QFjykhNtU0gdb2otLrt0CzrUFwIMJm6iPhM65jTnEmmRO2i0y1OWRGq/kknfRuyXfHyn/hpPHk6d7ZYVcmYdIZ+pdXire8h7SPnUHI9u/OMk3IZOThSN1luWEMZVy/nleD9TLaMtRR63cht2gdSYodUvxlPGbrmnjOgeVLIFiFtTfRR+IJ/g//xuP//ZfPLkfff38F9F98+pYwOY9c24GJPBJoYXYPof/DdCJy080foInpZ2QDH0SbkHD1lj99+VdSTrd87fviclkMplMJpPJZDKZTCaTyWQymUwmk8lk+lGVmmsoJpActiwP+bwvnENx+qDfNS6B40Yoi2FJ9K14MjgRmwXyqwjsbUEV6pTgjMOQD8iYxIm/iQ8+DGEYQwhiwcHHe6ecBNuW0I7BS5AObSGKILJnA9k2aGWdQnlA9tGquVd+IfUXd6ZWIm/VczGfKKXhgqMUiEB3e5/K+kVllTmNhr8oiOIKGwBK/8glQHKSU0ScRX4d2AcmpvTm4e2bh/sfvHn95dvXh3Wel+W0zi6EPIbcNU2kYfbHBc0aolNTUBH95D3zgA+7abrb37x88eLFzd1+txOfGKZAkteuylCkPlZlc3WF8QBBFoRjYkcTSefI50ysmJbIsASF8mxWBXqAbukppKQf9b4nF0MOxYxHO3FWYs+fboiTjkc5hzuiuAQpdcKoU3FmkGgmxi0i4Vg4ozt5jtQZ3OxomUQvxjeuuEDoiNQZfVeFHbZ4SoEGaAEQ0hVXgrrWZSa0K6a2BDvkJ7X+6smVHim4SV1kOm8VL2l8SUVOfOs9QFmUamok4UcCsnWcwwcBTXr96X/j4EzX1aiOEnkkyEn16dnMDiNkTp5vGqlTEnMorytJ4lXiiB59dEI5S9+GvoJ2M6MZmJhMJpPJZDKZTCaTyWQymUwmk8lkMplMP9bqnAi0KEluE33ETM0Q4TCNUvnXIJ5S7eYdA8QYcxV8zgXx3Ipkb4iJhmaKAKKvxIoEsoCeQ6GKQHAEBb1QpI4PAztzDJSTAwPQD2EQnhAKz/EmQjbkeimxFV5CQwiRIHcTwlSYMhE/j5KH0hXo9RJgUxctwRK9zYWQOOVtDZTQyixc2pk8PeDlRSv2g6vBJBoyUQq2gnlwCA5wLkbkwXfC0awpHZf5dD+/uX/7g9evj/PxsM6H03ElAxSyi/GSHaOjqokwIY+unAwxj+0UiO+53d/c3d7e7vd3N3f5xUjOMmqAQQMeQovMqH1Tw5JiatLyaKpZC7AriMx1Xhp5UVDQ0rLySEKlQ9BvzEg0WOdyROFsCM+JkzPzhebuob1VsoLWyXm5XOELrEiG71JB5OUA6uvDcJYnxipfwepxBjh5t4A7gVs8RO8pfQSw2YWcszDvoR5LkXAcrvnztLFDTJ7m+bSuNKByUc51JjNdTNQlltOPc33RgwL6sSb+QAFWZDHJkPqub1Ca6YbM9ElVaawalCO/erBLdiy7MZEHYmKSisuOWJ4Q4pTYAAWKC9YZkljWA/QUnvso4JHJZDKZTCaTyWQymUwmk8lkMplMJpPJZPpUKiXpwpfk4qIHydnhz1JHnbRiNDZnD1exA43XQXfUwJSVypahOJDU87EvQmcjglBK2pyAox4nbG0CA3hxOiHuBCEISsJZMLIzUOWf6+DqR8KGHvzDfICTmjnH/4DafFA5PqLbMCJ6HW1YXLqIBAHNi2gIwhZxwOLV8h6C69tq61obhuaNgeIiA5wVFGhLrgEvy/z24f7LL798e3h4PB1PBPrEPOwJcOVsmsDXn3tFZigEoDCTw/BNYB4nb5zGaT/tXt7e3t3cZuW30zAOwxBjpBgNxk0CpSBhSeBAzUVCcSYBmXwezlQgBsUd2Gwjxbi6SMhJwhXZ4KSkr7Qhh+ArCQROThH6eBbFGc7Znuo0A2dz4bpImRIY08xjNiMvWE+dWSjzQWstYbcMBgEz9F4ButwTxsW5GdzsYQZcvItBc6iKF4vrqKWvXIAHOT17S3CgTqQxzSN6mgk6WWZXTEvYUohno8wTdtwJaJpS4UXkTqiUCVT2yQt0kxdP14WKo0ji0RnqU8w0rq5r0yeSGM8gVuYryV/JGytmO6hBTLJCkxiZNHDMpXzH8p2L/AjSiRf7njOgpN069aMWV/Y1lr7JZDKZTCaTyWQymUwmk8lkMplMJpPJZPoRUc1QoDdUZOdKO29LYkjhz+vJlTiRzBfJYsjlzNMaT/NpiSvtoAYn6o2RinkIRd+gFialCYFOAhuSDJKn48mNYxyGkYgTgh4oEYbyTXxg3CSw8wdI1A77VgSuq/OB6mgCysqU8B2HF1krWnLFWtyXrV3BtJTsJXsIqy1ARR/A6xCq9wl81co7Vk+LVqJlhCBBy0Khiq/HfOm5s2tcHw+Hh8PDw+Ph9ZvX94/3kUNrVrFs4WEf2OVl8DzUjt8QxOEH9o/Jk3Gzu3lxe3uz2+ef3TS9yH+naRiCciSY8kDnHjB6RKYpZHpRLk06lTSgA9mBBYsdjg6gpOmQOwIREmtMC9vnuFrhBl+uTpttPiB9ag846LxC1J+l7CagDy0gpUp6fKRzQ8FicOKKIc3W7kFXKyqYUpkVJxdWIYtBZyIPN/ma0IifXJqBPE5m54g4AR+h3Ru109UZR+1x3FdYH6WCn6gzNKopLqd1OcWFxtRzbpLjO1dNZ5pHRXUrwmpkQvcKyt3Adi86GkqWFJ+UytY0dKYs7QaRSdvihoLYkqGu3gHwlW8M0zcjDcoRh5IySe02qsY0hSqTQ3gmIzNiRJ9hMzhJsrP+m9GmVYkTeeLANmrHmeOJyWQymUwmk8lkMplMJpPJZDKZTCaTyfRjpBJq04r5hc2o8Im4arjqFYESTMNfnqctXkrginFQFT7/pHSa5+O6JEx+COypUav3hTfY0itQfgLn6QSvGTrkdwJ+dAxPlNiHwKCC5xwH5TEoqoeiYmSf/IIaEeKkXB7hFrVs7ho24TqspH69XyqyV7+YX+mILrAE1YxE9b5V1bP4EUYnKpGjnyUaVKioRL4kSsxZljnF+4f77//gix98+YN5nqPs7v0KZDzig48x5hGfpmnMA4PSbTKtgJR0JB3spumz2xff/fzzFze3+fUYhoGwFC8ZONjhCsCjx9ePJWzHFdakvNDP1YyDsIiIkeI4yCOB28p/V4nvUPChYEwELSGKBQfqklA7E22/LqDekqGME7IZCXeuESdb7sSLAU1hKzqABVrDPIbA9Iz4eRTUQ65fDWJgyC2R84PHxeGMaXFp9sCv3UqpOqB3hbbpCyQjqzE55aveO2dH467oFkNidlJclnWZKVWHPE4w3zDIw8wwiafdmDAo8yecUNIFL+gNeldcTPjaxblEDtcwJtdmmu9gvh/Lhg1x0nYjGiGWZjeC+tQwfUSJkU1KFHgmK8SdoT/Kgig2KJ4ozSIn8SM938AuIkdFKVuXot44CUt74Fx3a3F7Z6ez+TeZTCaTyWQymUwmk8lkMplMJpPJZDKZfmzUDDxqkZArir6jTKhMnKBAFeJ+UgwblOCQKjPVKfOOuSp5WpZ5mQ/LQvuG4mJRitcJsfvqeynKc8KDACXFh0OzdXJdfIIw5tccphMAPTmd8A7FsSFwN4U4KWAAmXh4tjXx6spQmA2t9cvViTVDQler89AyhqRci1pJLVsEUWgWGlpsJeLBFazF8esLW5jLKWgmEqg8gjIBKSmYQyTGMA1hHJZcMk64pOXt/dsvXn/xC198QdYmuRbMNIkPA8rwofIhwzCKQ4xwPPlYHQEfpnF8dffixc3tdz77LP+ehjFPs1cnGlRmAMrVaR+jkhdlEDcXAUIqsbEJ0w4pl6lX9jdJXKp2EushwyL5NrIsUs0qKoBQ0gAkPQmWXJoSMMRQTS1i6/95TgtPhOJbU4kTvigfJHKmNaxF8sLLgPJL3D6TJQrRYHHggeYIMsyQS+64gCPQxLtTXvqO35LHieJXTj113JMUUjH5eZckDIW9JVAHeZ3n+XRc5xMIZYPClWD7wfMmXFmscs9DxXo0vkivjVvynclMnWtfbgOdkDaQxe3Cuf51M0kxfVLx0iGfkiSZWLq5JCuVmRMkCBXD09io5LaGT91iTuUQPkdC2NialPYNMzGZTCaTyWQymUwmk8lkMplMJpPJZDKZfnzVVxOLai5JfpHKR6X8z0rFwyGLYxdw5S+759frup5yNXydqQLpS2gKv7r0OMCuqg0lByd4PwZO0nGUnjMARcOIbUlwGDg0RogTblRJA96hwBZAP5Su48U4oxo5YHcVGlTiSnlemJOOPmF+QzGUfOqzVJC02QC8+4VtyfuMP0DhLYRt8UK15IElVoMuIYx5p1NcHh8Prx/e3j/e3/OVQIpWAAAQAElEQVTvh8MhppTHiUaLE29a7g0DA0Pwu2H04tTBRiPjMN7c3Ly6vXt59+LVixe3+/2UD86H58/Xihr1HU99hA13MYFEJUmtGrqYDhB7lKyFozgIkEilzF29ELz0D7pInYI3oNiZcNyOrES2P/HNJaGwKXK+zVAqQLE5l04858dI0oeeC4oxTfFQ8QphMAKjK6sOpFqeyATJvTEcfVodruBmjzOkFTB6WDlqKHc4eaj5QqXrraPtt/5JTyyOemSSoWf0JN9kS1zn5XSMy4n4IAnKEdBF1nVd4YT/9Nk6NViI7YLy/YWgkVkAMjXVl0KnpwxhT6XUjneGP/wiKZEgxAJsJqwuI3CmjywiB9X5ht5Kphm0SVQGyanHCSekyWMD1a6IllFs/kKbF+eqXIs4Dtl8m0wmk8lkMplMJpPJZDKZTCaTyWQymUw/JsJr5getHi0qREF1jSjbN2VzZk2oNbZfWFJcYowY13WdI/2OKUmSi9MAlY5uQey+K4+6D/MSHslxYWBnjgHCkJsIwXuftwySp8MuLIGNGfitQAz5NZKZB5MXngER4k1AUn2ULSCvi3xELeR3tE0qhXImLLRaWq/02kgypuDryNQ9UzdIvksmeUoJvAI8glfk32ld0TdDirTG5bQejofD6fHN27dfvv7icDqyIYyHIQ/RwCciTw65YE9DJ9kwMIZhpDFDGtiBTE++89lnn718lX/tx4naQDqVizGpqQH9lxSBaLMk5i4FEREEBH2hRJykz7gUV4rgWPN/nOLhKPCoRRFVx4NmMgIyhZsR5vWi8AOSZ4jAG0kGUxw9cAMP1ZUkLiyCrXRgSjGiYYTJuZbWo03KlEtEkJquKHFSe1pRjDYow4EHbPZx8bgQcYLJA8XeFMoKxfrlasm9rgx8Pl6nLtZ8KVENTpZlPR2X0ymuC3uS8N2V6oliXdm8+wYoUzqFLpIjr+joUJKuQkVNXEecFKMgJ+ts03mlF7RtXq9RTs1OOXXw3cZdw/TRRegXyxXzHmW6upu8utOUfxRiWUORH4wpkk8Rr+myaBkHa8iiv2Jr8z7gnclkMplMJpPJZDKZTCaTyWQymUwmk8lk+rar1Z23NfBSXsRqQ6JffxeXAscGEFSJjKV8LoV8LmxzET5hmtf1tC4JcFmXeVkS16F98MwcCAgBWLvAGADn9RQpkQCCTBBfQuwIMSMhiIkHMSX8Q6BJkOo4J4BQqo5nLxCtoINvcS10HhCDi8qCAKeucCUVipGL40oqFhymL46ju4IMFCsRdBVDaHonZXI5NU7rvWQ6QdBCvgw2FSCngeM8Pzw+3D/c3799+3g6nObDuq7AsUMQYNBQFC8nBsYBOGDHi8/E6NwuhGma7na3d7d3+91un/+fpt04hsKAyKWXSKGEESkRSQNn9HorccLTyQPGCwaLkYkjf5OVzE0YPCGDFqi8j14olKEtHiOu8A0yDjX7pe7Tj2vHPIG7DnIQYVHayz2CWAw6imkKJOWUyuFKW9Rmy0botpSB8O0Q1nByMd8WK7gFcPWYOPdJHYKgNV0NfsqAa4G+O+17FeZLQNG6EHFyJOJE0pK859SiUv0vEFmhyeRHgZ3GlEiUFRT3FjY76YmT0rseUYByYWoVw74mV/qJBd1CNJeLb4Uig2ANFing1fYuK+RdSur3xOYofIenGki2Wa4ghFYzsSqhVjbtJpPJZDKZTCaTyWQymUwmk8lkMplMJtOPozQO4TzvwrnzeJ2+FA7t0H6DE+JkoTCd02ld0Lt5WRiJIJUCtphLdO1oqXpT2ffsUMFWJZyq4/0IYeQXxKBQO4QsEIzCLgtkz0B+HlQ0D7TJi/mG0CoaF5L/pjOvDsknUbiiBZC4K3Ey4Cq9oJ1M12mHVtPfDo57v8Ir1CaIrJGoGg+neT6cjnk8H06Hw+Pj/cP98XhY45KLwWEax5EuHbnSmy+RrlmyUbiWzDiKczwwN9Pu81eff/bq1d3N3X63z8MTGOcJee7ykbm4nP/QQCW3MaSotWmCC3wlDjzlE5EnCjE71AIbmtCP1KYTSnm6DpQWt7Ha2RTQpF0/bFYidBxKi/+QcS7Hwfn4ycfOs7UMaFiRq2YldR7pIy/9Sc51+TsMELUzYTvkGRxkOAQKkIqeiRNmohiNUR6jIDsdSgPdXVUBGtxcxhUpQULBVbnfy2le5uMyn5Aol8AfpbZQr2Wd1HEs90Co0UalxzQqvhr3wKUnSUfmdIwYr9er53xfxXgKYedMH1J5kOVGbcyhzn77lyAvMOFF6r8EIARTYj8rovZkQZ8b8wjFV9dMuXvLw70lLJlMJpPJZDKZTCaTyWQymUwmk8lkMplMph95SfUaigeBO2dNNMXDQ4IaoKGgRteCAAF5pxTnZTkt8xLX3OiyrvknVyhHKOkmnIADNdxEvgOf6tk1cEOQkeAIIhk5ImeCMIWB7Dw8DJTNQ3VNYinIPsUF11oOnn9LE2ReIhYODKkIMdEVyfMua6Tv8EM1g3hyqHpPjo6O6XJK2JnE9S4S2EbMuVqev9quS+VDDrzgun1iFmLBeHh8+PLN6x+8/sH98SB0QL7wcTeNMNFoBZ9cTCkJrMN0yQBi8yGGKewW4/3w+YuXv/yX/fJpGAZO1gmlYxyYQfANDeYQMBbihIemhamIAYaGLSVQDwNCVRInblCgEkUqRSkqJwnf0PQdITlki+99TVyDH8qAQBkJ7kVjU6CayRAc0ZxSGsDUjSxjOxo1U005aiFcOuODgy1QBZLcQ+xFUtsG7gun9OCzBNFw3PNgOoU+XOO5dJHptnKB2LsMQb+UoFFLINV+vlgnFA8V/uO6YlyXZV7nY77PysBVp5rEphTVxgebB4mQN57vCLUCKpFH7JPDH21ZBCj9UICGp0FxpObZwp0MbFukJJeHanNSkq/q/Q/XsZq4Php08qG1zq9dArjiZCO8SQnTSrKcybaIWDRXZpvdjITBYhAlKrvC/kfazPZWZCROHvSyNtI7O3n1cWm0islkMplMJpPJZDKZTCaTyWQymUwmk8n07RGXCyVV46xW77xXAAUUDODAFJBqOdUg1bnC1+I5EQLzEk/LepzXmEuKgZNLhpHcHjhTh3kIrCkOUoTnoIZmu1DcNQhrGHIJHN3AiTBjLmYThuJGBHZzSMyWEObCliZs16FxNMSdDBKv0wgJrpUnCBr+oCkwWb5V5YvjBJTSq9NOIflXOC6zKnVRc0mYm3Fai9fMnvKtfoYeQNxVWISllPQJaT2PScKVftNJklA4eaSQY4KW+fjFm9dvHu/f3H95muf8E3N515NGgki8VogZzgg0AFTLpTmJSz588GEapt04TeN0t7/5/NXnL+9e3O73ox8CGcmIuQtQYTlJng4tiJVaSMIAiekFNSpeBYp95Ho1erUrwLTGdaUAHc7dgBijI0SJxhg0kikJrsAWN3S837h5qItMYRhaZofzJQWn4kLUwiDpNgXgYEykZ6AKoOI9ZyVBcm19iz8OcTQyuTxaID4myCyVR6ZpyhCUc6RAtwSelcFTfw3ODREEOsK6mqFdZ11RvUlI+90X06vXzoX5kNT4GSiJcclL4kTpSjTwXWoRSt9KPlK/uJ1rpjFY3E1Qp9ZDNTsBVzGxq1Y+znVuLfoHLnmAs1Oje87ARZTig3PfcaYPqbjen+EbxYCk3Jg1XqsuIAnZEacTrMRJwk0wmh79zHswbsRkMplMJpPJZDKZTCaTyWQymUwmk8lk+vFSC08oAQuXFWp+xZsVxqBKdOI9peKYS49rxNOyzMu8ks0JASVSy/aSdFPcLhptoM2JrYL6TXAPUECA/HvwMEEYwIfAPieMr3gJumGAI+8QPGEoeWPgkB1xbggcLANuY2Mh1fVW82TaRRMjxKahsiYl/aUfhN6K4wmbBt+CRaARC/1gJ3EPcdXexHEei8RVaH0/D+DhdHo4PN4/vH399s3bw0NMqzIWZE1B9IYwMxwfUzrDZ6JPuXacN+1HTtL57LOXty92ux1ZxfDo0eVGAROoP6nEZjgpJQtiU1kahUBCcdJAaUDLz1GIk5W2KAmC9epAYo36ReTYR6PSOr2vSfPMYGuQFmnEbfK0o2I9pc1iqtBNaV2izm0ZkdIJLAOv+Ie6iojRjnZSTUk2NAiP7pXkmPo+L9dibCLb8bqzjbvCklzZCV29Qqf2IHxxDGrlYU9pXZfTuixkcQMb9AagdfMM+3B1+dZ7svFEvpwRuvOW3m7Qkcv+Qul1cUxiEurqrs8rxntn+sCKy6NmTsE5b1jQk1SeihqTJU97LL8ZQEn4bJASFEsrcE8a23xlfUPNmEwmk8lkMplMJpPJZDKZTCaTyWQymUymr6365XVwVwqBNTEDzivj5YWACZr/QiVFylVJcT4tSy6Bx8ggBVYzEAJBQpCUExe6VpolCP0OJeDD8esR/BTC5MMYyNJj8vwHhTtxEgtCjea2GTQZgPIbvITvqGdDvYhmitHnjbhSH08p9eRNG4puxPrtJTLlavmzHXS5yWkR37viLpFyp0NISAxBZPuKPLDf//73X799/ebtm3lekjhW0MXSNSWyTRErGgUu1H2ES/yjD9M05RHLgzUN43c+/+5P/dTPjsNEaTp5AOmsZEyCBIkwYME1ZBe8q6AETWm67DYFaICXXBipOa+RzE1iyhO+lvH0NaeD2Ajvz9w6FHTw/sq49KeqYTrqpCOeMG5DQlFD2JqBiqK0ZtwWFXKuVcFdAUzKhgKrKMKiH5b2ZeWoSc01Qw/V0NJ34Nr6KGP8xIUnVyGYdjSDM4x25SGO65pijMu6zieO1lmU6wLljM7v3jxqEZVHKcYrKCgP8irUfaGk+UDpvK+0QLexXACWqeUwJ1doBKeojd5RZ7eNez/yIMZHZ/rAWua38sRDNSNygnNRIpJ3+u8DU4X0XFK4MInLDk9vUl7NYfW7we0/J5sn6TdFnJhMJpPJZDKZTCaTyWQymUwmk8lkMplMpm+BklQTuQ4dKHCmeU3ksvaljYfuCuqhQdVHDtNhYwsk4mRdlznrlIiJwGqOoAE3nu1JPPtHuKihDCly8Zpq3xJ/40vST955DGE/Djs/TD4M7O0RvBPcJNCPWKcgt0oXQJQFn3IgokH8G9SxRC6A7UWQUZjGmvA1YFSLD6mPI/Q2D8/qKqfSJU14/t+7DlKRy5dQF4ImeKBmIgnIsuJwfHxzf/94eHg8HublFOOar43jiDyow0ei1CEfoHc3IXqA/F52w7CbdvnnZrd7cffis1cv9zd34zA5jiXy2kCe/MiDLzEzeiWuRtmUYQNMQvaUa3TShZWOjoQ/KGuSoDicJErV8WonA2JWgtU+Bzheh9p18bIe3bvIiJ2JL3MohydQbxLpjDh0dE1ATwjhtumzc8krBW0Yx0jFEwV0MLBnQ2Q9Y/HygE1gTwfoUBRUaf85/4cnVIAOXbP8vy5f8TBJhPnEtK7rnJfHKVKkURTC6txPR8ZAR8UKhAAAEABJREFU52WDoYCSQd51WInco5U74U873KSOHfjN5TGzIv4rqPeYkwG8tFdx700ezIe/5T53pg+q+fgfuoooQUWV9OGovImanSRBDJMQJ8g5WsqmFWcU1z075G43ysRkMplMJpPJZDKZTCaTyWQymUwmk8lk+gmQ0ia1UC6VYix19ObaAKjmFVRUjFKS5KrkgpzxscwLWZxEjrWRYnWxORE+5KwEiQ0ekCQdKMk4wcMQwm4Y98M4AowMnQBF5/hAe8LAnh/ec44MMw4crANCnwhx4ktOSil8o/gvsA2D4Ce1MJ6qH8YzddJSgOeDN5YnXZJJGZ8eeahVeN0duAPecTZFTJAHM94/vH08nR5Ph8PxeDgdTstpJXOBpFyAogAaoBKgJc44HrTB+5v9/nZ/c7PbZ73Y3+a3N3tCT/LxxCmsSA1GJiWEAuGmwHWJM2yWIq/ZFgMVSNELSMw9IOe6kLsJCjPk6qVKtVmIE1Svk2LH0qgSXRQbxMT1q7Fa0xD8VD7lzVgtFXQ+sCAT7jm44cqUdhxGeY/9roJmaDl+00rNXIL+4ruTDHVxQOkJ4lflT7o0H12ommTExMmyzkukEKs5xjWE2mEZNezifUC8jJQIUU8LoUm8mu0w0cSQSYeY8G3rGu+j25wu937oauJWxQ6evNirU35Vp4e/nC/V++BMH0YprY9v/ny5ScvzIGHH6GEBlxguUfTEYXE3cQyFYXcTnRkKPd8BAPeVbwuTyWQymUwmk8lkMplMJpPJZDKZTCaTyfStkZTCNZal4ABSSZTKtpP0DV8ZAXqfgIEU/sZ75Hp2LkAuaZ1X+llTpPwX9hgRs5OWouKcppdoMgsHfSA7KzClIkXPAXwglIScPPZBPE5wBDbx0DK5gCZ+DNS095w4owVOlH1CIT1Qwkb6+mbBRQqHggnVseKSODl/y0V6+QC3n2LXbCpmD4WTkLK8OKyQZwmjMTJuyxrjEtc8gH/7i+8/HB9Pyym/XTFSSyXpRPEYOhinYRgo4CbmfntUJCDvOA7Di5vbX/S97724e7Gfdre73UCRQ0ABGDFK+kkSt4ykQIIk85DRSwVuNFAGm1mBXF2KKLEuMQrUwMkaNP9BcmhQ4n64HbHO0AHMExzq4tFhlLAcqXErvaGRSgyVVHBBbU4ESuohDFe9WSgGZHCuR1Hc+1Syy/GpcEm5xYDbtVHWxOaQClVgsSC5PNlwSVRcbsGyOrtun/uUKPDCt6RG1+RRX5bleJpPx2We84QNdF+kBo0V7sTxlDDWxK2l1AM/lFGlvE5+ExjVkvAdhrjkrXbD8W1KRJeuQzEYKmPD50JeRVDcVTTKp7+i+iCo7Mvm0XAhxPl0+Ks3d7/CmT6MDvf/gcPV1QA03phnPj+Z6PGPkRcPTS3ocyOJI1Tip0BieA7bzQIFrqItHAO2OR2ZKxljYjKZTCaTyWQymUwmk8lkMplMJpPJZDL9mIlr+bl6mCvKVGEUliAJEsJmFZgr0oGrzZSZkmvPkqqSP84lydVhzMovUlwpbiFJzdp1rAl5aYC6FbQKuCSTJKIo2JuE4lYG7wflVf7/7L13oG1XWe49ylxr7XJOGgFCSEIJoYVIUQIikSK9xQYG7KLotWJXhAuoV1QQ/fCiiGIFbKi00KR3JEhPSO85J6fuusqcc4zxjbeMMcdce++TkxCS3HvfJ4t91pprltHm5I/3t54HnE4WB9XQmkGsdgcKNfGQnoNfx9ZWOlRaEW4CoTrYXjQ4wT4R4wExPZqZBgyJUABzKKUykYI2IVB/71XJS7ON/k/3lUrGMNn0gbAPMn1BcAZLrko5rsY6Nl2Bz2DcEPsG1VvlJtPpeDpZ29hc21yd1pPaxWFsIa3IaLRz0S14xgSKgMleHjAOVQV5PS1M08JotPuY3Sccd/zy8q7lxYUBfIdJQzC8zqce4WAEQ2YyllJQAvmdGJOGgpELpBwoOUMHQh1wTTgCTVRnUOOxmeSdARto0n2yACHkCAYeIASsQRPnkugDrzgrBxYCoycqMI4Cp8sEjCdESadttD9PAVfMmXnA7KA8a3mKffLw4AkOBGoYgitgFYN3T4dhGTLSwWvBEKQSug5tXG8tluMHw2E1HNIlKpgUHc8znU0rdesJrWkC4yk4FS0kWE2b2Yw5HgxA4v53lIdXKhzBXgW/oHvNZBMdNrsobGhCtyZozk26dQg5ye4pDODolA4UiiifOemj9n2ZbFwu0Mk3Tpurl+rEghX4HP3PMz7CZInv0naQ0ZubwJAXCv81SqtbTSXuJRKJRCKRSCQSiUQikUgkEolEIpFIJBKJ7jBiwxJATJQnpwr44IlIYIMTwwQB56ykGrPzvvEecBNHyS0Iqmi2HKEwHZPjOMqL8lk8F7YBgTDwMpChYzlbB84wMLARMBSkSSrM3TEImlhlqriLIjwF0QCskKNRBzdUsWUG0w8ILaQCecqPyK3aypdsQ5xkTw7+XvOZNOIL1DtN4+QdXVqT4wqMMAA1CqxJZs1kWk83NtcwSWc8nc3qtmlDq02FYTeZjlCVTbV+7hecKQ5W3G80GC7sGi0tLC4tLS4tL+9aWh4OBjB8QZErQWC8hiIyyHemKxVn2xFdmHrw7srRZFLdGVeIw0XiKesneZT0glY6NxBNPhhsjxPQN4OOyeRCQLBGK1OOsOkSaZLtSgps6Ww8OL+HmR+tdeFQo1M/gkomHbmHLvvbZCxCJ/IFqSjw9qBVjo3H2wHnl/x3DH0R12VwwbgQ7GgI8JA2U0BcVN00s/X1jfX1OKWzup6P11FbXEzyLOBWr3YqqZMbUMAFBhPhXF3X02k9m8X3FsEc9M4xOlv5cCSK5yvqPC86r2lNdkFA1cDNRWk78R7MxE1uYZ6d4jPPiu6azHY06c6iyKNef3k15EHQR0UQTDcvD+E79NHtLLpZiotpun4x3WemmEydAJO0iJxGdxM22inca3T+A39dOp6WiMkP369f25xIVoRIJBKJRCKRSCQSiUQikUgkEolEIpFIdAcQZCUAMeIU25wU9UQdvAIWhKxQqBitUu2v9aFuIEkHoj7Q5gT8Och2BLkQgk7yhRwXw5MZguI0FKMpLgfAkQr+2gridQAusZjOwC/ck7dgZEyF0IlNGIpJAITRPldCDbtflKiMD55+pd8LY9mWL1E72DTQFwyw4NkD2Ycofm8SLWHYRcY7GEsFqShtM5tON8Ybk8nmpB5DjI5vycTCwKkcsSAWWQ1qAOIfPn6HNjB2YXG0uLCwNFpYGI12LS7v3rVrNBqBxwYYC4B9jMbmULJKrtSGwFhI0Z+QuYyQglyMJicNcKwhtxt0pvE+DZrSKYuGOo8d9cprXQxjxo1wbgx6wKTtvJ/qyIdukKns3fPLMGlk9TYzgsiRCbSv5nQPHEv0uukYD10enx1jApvtcNGd1pGFE6Ifj0cjF7RdiavZVtZasC9xysHL+3Hr1lfX1jbWZk1z6PCh1fX1lZXVtdWV2WxWNwCd3ETBvf8lIR2++zbhI8R/UU6Oa5tmWscl1Da1yYOCDigZEUoHwczpxH3ohBQkPx9aCoEynxTDU0Q76YIKyTyBznRPGlGjeK7YgSV7rASVCLDtnE7yQ+QomQHvNjbXvrzr2G9SoltbmytfjsvYGJ2TplR6EARGDzlALSTijNAz5cnrBJVWIeUxKUaeYB2ZoyWLRCKRSCQSiUQikUgkEolEIpFIJBKJRCLR/6nCsBTATnTfiAEMRwieYFCAC4kGQmNC04LZQgsWJ1CbxMya5DUSiAJQDAukPBiTi9PBEJlhU0aNMQyXWGBIgDUh1xP4SFE72BLESxTAKGB/Yg2HxYCxh+JAmwDhP8FQvgpeXCtK1KHmY3/p5/qlm0MmTspgHcWNny+PE0oQKAGGE0pgc8iVW6RMYv0+jghEEWH8UO2apm5ms9l4ujEeb25MNpu6TmAG0Bgh8QUKkoNSqguVfzHfYmDtcDAcDYfHHXvs7uVdu5eWR8NR/DgYDCoIPCKYJlQWL0l9RMSmmGz2BoEmc/pQyJgRUTgeGJd4rtYnkU2L6liRYih0ARsgQcQgCfFGJgElBqAiTLhJNjGak3ZU6cRB9ifd6PNXOnMuaSs6ejD/QDkfHtKRCC3BpYcLMp2c1zD4vmTkBbkLdGtRjlAhcsHxLk4X92E0qgYWQn8gFknPfDOrp651M1dfv2/vwcMH9+/fv2f//sOrK41rta1mTRvIdEfrumm2i9c5uoiQ7j5MM0RHtPGum8ZFNHFtGxcyZAxBppSnRaMTLZBWEi73kB1+1JwbjE42RgpYAcMEj+Y7Sc1PNK2bHhyUpqxo6nxHeLS3jsHN0trBTy7tfiBAaaJbT841K/s+ziZFc3OUcLNQPB0883phzr/m1vIyEYlEIpFIJBKJRCKRSCQSiUQikUgkEolE/ycKjDYQLADTAy5DU+SGIQZDJ38Ewhdi/dv5MKshDsZ3P4znBBLFJWaPIEbg8j9WNbtUl84TI1a7KVjHkoeHhTwdS5E6RJ9U6D+B6Tm8BTcYS64ZCpN/mF4IWmfLDq7UB+JDaBt6dahEn2wv6u92Ngyh9GgoTuB5A6AhioJaKJRFe+d8W7tZM5vOptNmOqsncdwaVzsYdEfQDcAQhb0FcCohWCr+I+5hDbAmUaP4WhgtjhZ279q9vLgc3wB/Q04VHhEMmL+ATfEUrENuBIQhYEiLUaqbU/6K68qezoMbHZmdMIJjiPBQyTelHJ2QHGVowei8fqiMbch9hdcH7o1b8LSdFclO80FQUijGn5s0v1+RY5RzeXoeHcl1g7OAEDcJ2DYYQ4OBRrCaqip+sk3bTtumqSeTjdlkNl1d2zhw+ODq5sZ0Ol1ZX1tf39icTcbTSe3auDYV4FFVE8fGVjD7bQBga1hVKrW0D9YcSWGeOPG8mNC3Bmxy6hnEMAVnujNmSifk9V/yH4EnPs2H6jAQHBmbWJM0fPMNNXPESa/Bobeg0oXRTMWrW0veba4f/u9j73S2Et16Wjv4ueDHafWE/Ice9hyvFQLlJDkCUHwObMqsSQapiO8LaRVlc6FbA0kJKmz3RBaJRCKRSCQSiUQikUgkEolEIpFIJBKJRLe7Yh2bCBOFRiPsQGESDpGTOpILh/eubtu6qV3wZY0/lfzZzEJxeR+vkdwWQDnkBCxLAkXxREF0CbubUCQL+p2k6BzNhAq/5aMCGWtQ/ZMvqckYBK5WBJUor1PdH6uXWukEfISjKl0G1SW+BAYtGK7BT1BgRz4AGBSo1AJZMvPBT2ezzcl4NhvP2tmsnQLfYzSZdBDUQ2OoaTgo8QX7Y1K4yeJotHvX7mOO2b0wGo2GIzQ7gb9xBILzMPDQVW8IV/GBERPFvjLJ8MLTDCVjgpRjowPzOMnUAGgVZh18D5lgVEiVzIpK/IK1tktTYv7FAHpAVi4IedCB7OmSDta9Qe7Zz4Syqq1T6osmIxOdVhl7cOgEvrD9CTaJRxA7qYtwUPIAABAASURBVIjM0Z6q6GhOYzUa69Aggo+DMivjzX0HD66urx1aPbyytrayuraxuTluZk3bOhzQxrX4HkxjnK0cMjEBnGEQNEIrnspW8UpVXlm59h76RIdW83dFN3lxodC6crCenHdtHTVr25YcbPgMOL44Zyp4do4J7PNDPSZaK7NZGQ3TBHIlJCUNG+QNZSjMFB4nc/4/vBZCOmH/RvJHd1sdvezGyud2Hfdga0dKdGuobTZWbvwkpEfh7JGXFeBmnKLDC4k8gLyD1U3EiU5UGp8oPQr74i2enodHlFbqpoksTSuz+0xQmxfwRCQSiUQikUgkEolEIpFIJBKJRCKRSCS6vRWr2vhrdjOoBpAGY4D2wG+01wwZ+NZjadq2dSy/N7VrmU+Ipb+EGmDIjeqoBoWsh/eITzBNQV8hUgJmEN41RlkqiIOdCXAnmCtjLASHaPA+QWAFg3fIIgPTQKqAxXa2AqFzFvwIFTD9nImGD9hEAmBy97u4FYIcjAlqSxqI7rgHOJH2Bq+PHifxIxT8Z23jvDPYm7qeTqfjppm2QApMJ/W0aWvv2xCHGoEJJACgtItDR5YkmOBiOFWn0mZhuDgaLVTW7l5a3n3M7qWlpUE1Gg2G4PJClE3wsRUGaQlsgkfoxCNIwDVjHASfjS402bJgp6imjPk5DvN7MnSCRxk8t07GJgyDUH2a/yTcg+wygPAIiS8hQISICAKY0EdHp6wi3CVQLxhICikCBkc7G5Mwh1LYMED6UOyGNSa1C5Ep1+LkOI/wiYZqeqhGgzihrUfaJMpBIs3QVg4GSJvBYNI0axvr+1cOHVpZ3Xsj6ODG2tpsQolRufyOswxuKAH7GIYD6mDwxI3AnNqKB4JmMw5hpbdW0reENelihTKZhf/gAHiFwUpxhtq2qWezuJq8c4ZTkgLeR3gLBw19JLCG1gGtWB5axaFGYO3iVRo21cUcdUYmhI/xvYXf9vdP/SgnJH9OPdryrqeb4gt2UKhX93/ohJOeokS3hg7e8P741Co8j9IXjD3hzemzRVIXURaIZ8IMKjqCFj29LS/BrkRHMd9aH/WiIA4uN/kWLiaRSCQSiUQikUgkEolEIpFIJBKJRCKRSHSryVDVmTgGk/wqKH9EKSzPxyqjccF57+vWNc5RngagEyiATwx7jtAWrXUvekGRpUfCUwBpAOYAwnPA2sRa4krAywT+GqQuAEPRyJkYahZ8jIV8NDjBzalUmSuWxEhoCvnAXBLF1g8UP5PcTsBUJBEOKRJIczKJJs8UU3QtlJfBjgeu5bMbB/TNqja0kxoDUGbTejZpm5kPrvWudS1YrYADjPVQq6ViKWToIOjBdiI+nsR7OxguDEeLCwtLi7uOPWb34uLiQjUYjRYQc0FcBxATS+4zRiu2vWDkhiYtReoE5lG0YiuLRJX4lKqjCDuhrgTuU+fHkYdGF1YXOUXHEA5Epim0hEzaTScDDNwhqM6WJLmssDsGfpsYFoVOIYqnitdODvNQht7G9RfP6jhnB+kLr+JaQvcRaFwcYli0OFKD0TCunlnb1HXdtLPxZDIZTzemk8Mrq3sP7F9ZW1ubjjfG42ldT5qZc2Adg/45RiVrEsSpiDhR5OtB9h6efHUSCJVuJkA7KMKmUjdPyR2Eo468IhLIO9c2zRRCmmL7COzJx+iC96AVEBgLUMlFRxUBKBkfAt+ggO0NaWPPziRRJmniDV+uQLv4HrsNNdm4eO3Qicec8C1K9PXp8I2fHq9eVKBdileOz95WADx5WuH0OQfr8JIz6kj5NuE24EEEOBGJRCKRSCQSiUQikUgkEolEIpFIJBKJ7ggaDocVlurRQQOQCzY4QQ8N5yFwIRb421j6btvGtc47cq8oXRrKX6rr8p/QxW7kwjYxCZznY3QFcSTx2hSng/wGUiYV/LVkUUFgChmiGMqCKC6niWoJye1DcTU8ISdqq8MEGTykn+Kn2jp90/Uo6OTbkQ6jKmwszToP9VlobqzN1rN6io4mM3o1tW9bBBK8JxYkVf/xop6NX5Cogc5CspAZDAaxm8fs3r1raXlxYXFQDRYXFhYXRhZYoIpGEXAGgBEcddb7wCYy1HDvaUQSU4LohUoJPCpbm3j6l7pP5EeiClIED08VsD4hhalgAwxbi+B/5MuimCYJxCrl9UBzF+ZqwxlVwn+cZu5Ep63oW9KBKUpx1lP8AsOMgoH+8xRy5lI8g7WuaShixyH44Y1ea+rJ5ubmdEpZOYfXVg+ursT/NibjuJ5nrq3bpvWYJ6S0I+gKmJO49q3R7DnimSwxCQkhXAZhF7QFSXwM+7oYBq501SvKHxnPyFgIr2BH8xjb1tR1U8cVBURM/MpwEk7I44URKF4l4mTrlZIfTeAJgXVH/iXEb9FO7GhC48rwVoGhFLYWJt3S8xcK33gGZf3QJwfDOy3uupcS3VKN1y5b2fcRusN1It7ycw88fsj0yBNxGLLrT1pgWUegPr6hK0FoE5FIJBKJRCKRSCQSiUQikUgkEolEIpHoDqRhVRkiQBAGaVPCimtCi+XGWJ73zoNjR/wH7RMCpqJ44jFUYjISONDVJfu4gVbeoMUJOpcgsqCDNUhdaDswZoCuGLAFfEN0pS0DBYjDGPRBAZyA6AeqghNhgpkhaAzh6aqBQ2BUCNtUKCnJxavOwmMuFISL7wBYgH9JRlccnF973ULgiQPrlzgmTdtOptPJbDybTWGclKO6raZ2KE4roZNjZo2mAm78r6oGw8FwNBotLi4uLS0vDEcLAJosxEmJh1RIowBuw6hDMitBbxKqBiuFfieKHFoo9MRA5dg7xXSOp5wjokzwaNcl6SRjkmxGElKcDtu/4ISR9wnSCjhhlAMEfEVCSLxPSSyU5sLeH4F5HmaA5kNZ4lAA29RBJwg/AG+U5gIBCXLWSU1VACQBI+Ixegn4EGNnzqvhMLZzPJkdXDm8OZveeGDfgbWVQ2urG+PNNfAymdZxtgxALc6TlYjCMcLekVWPRtYEvjUuebJ4XjLZr4VsfBh2KkAl0/UKtx2t00mKiMqr02PcEcfqtA1AJw4gJkJ+0mpMN1s3laF3nmRWghgNpRt1NielnYnKEVmMIYRscLJNY2/S36RbVd8QhcP73lMNzxsMj1eim696eujAdW+H8CmtE5bHXiZKlesp2SUhYafyYz0otePa6PQNm/2uAfzptvXaEYlEIpFIJBKJRCKRSCQSiUQikUgkEolEW4WWH6b0LQF7BYzRcZi80nigToDsoDwOZWO53xXH6xTlweVm2BryL+eVKsgONMkARsBYQBd8awPk6QwgNwcq3wCgAG6iK9zBYhEcA3c0cidc2Dcqkwy51I5uDwQ2JOMPvn4vfqRfD2U/DtVxIflsCFIEHWLf4W9wDkkOtDZpG1fP6rpB1Q3ADG3bxFesyWP/+HI5aAbNO4AcsbFb0E2gb+KeRJsMR6NdS8u7di1Xg0HcIfYde4o7kx8LcAiEIeD/nEdOyCuEVzyyKB1IAD4gZHvhGEXwMIWeknSojx3DkcOVGOnwAK1A+wzFqhjNaA42RRFuws4ZqrC/MF0tOHCMThrVzsdEqeIY3mRUhiCgaXDuwBQENQGMNzyiTgCIWO20amKn4+oYVLE9tWvjFNy4/8Da+vr+Awf27Nm77/DBST0NthrPJpv1DEJ3AKyqvLFxDRtvPLilZLQCrWvQwSbOcgAiahDyokHChExcCPdALCbQWChVGujo3qrS6mihE7yUT/cR4SbOty3k6sRFNgPixGALME4JZ5zmpqNVTAcQqK7lcK+m7CNuK9xNNNg27YdcT+dvUzhg0Jro2DHTtVf1ona26VQX7nMrK/j64J533PmU77N2pEQ3R85N913zL95P8xaCS/AdPWCyWQ7gJpghpdCJqEho6pArf4RrJSjw1oVCdHpmd+0QiUQikUgkEolEIpFIJBKJRCKRSCQSiUS3r7jerJMxB1bWnXN103gofvsGDU6stSpFqEAZOhcTKcylKAXqTDVwlg7n11jGSoA8qSjjw1YV8AB2GN8BX6HI4wQRE3hjFYd+VBhaYgIl6cD/dFcmV7lan/pUVEjJGyPY0mAj+z3wXlQe1TnhBcNn0GgCQA3tkTgBoxewfFGqgbGZzQA7qR3uQ7VQO+CSqA9sosKQBV8HTEtGlR1Ug6gh/rO8vGtxcXE4gg1RiOOYytp0Fki70BDSA9gIRBthURiJDE8NZ1MMagMxAobgCAjHcI5sV3JkBpMAZLhCyhE5uBrYw0QbNntJTIpWBZuScQI2A1Gl5YdmzCEk4CfoFHGULFVUMRUcX0RZOeCjAUkf2gbyE6FcG42rzhqnTauV02plY3x4ffXQysra+gbk5ayvxXdxVqazWdO06J9j69k0DkGtIZQHEBpipviEqY0ehrHShpoVO+8Z4DEFTBIQ3sj90zxSHShD/yR3ljScVbcUc3fVVvEemGYSuPBPHifQmTq+TSNBQIAuyvkMqagyVScUl0qgl+rmT2dmC6c1x+vw9sSf0dAzPoMXL+wlPF2mF7ZSxmipb7Bcc/jGq/76+JOevrh8mhIdnSYbV+27+l9VaHSH63mVEZOcvOWTxwmmc+VpjQ+FPkGyPU5Szv6RsaSbL31Um0QikUgkEolEIpFIJBKJRCKRSCQSiUQi0W2swpIE3T08xHnUddM2uWiI1htsCOILv5Bclu+VGrF4H4LORhqWyIWgyLwklrUrC6yJ9QFDdsA2wmLtX6OjCe3D+S3gAQHshSEQAB1VCGgw6ffuVKdPdW+mRzw6n6iib4p3500cChTPZjQW8zm0JICTCGYKhRb+KMBunGun7axpgTJpXBOv5yBvqE35PZjYY4oaK0EbUJZ3QECAzNDaEaTpDBdHo+Xl5RFk6SwAflJZ4jsqsNlALAfYi3jNpnVt/ISeMw4rwjhfnhJpkL+BNB/OwdDoQRI/4t4t5e9gmI5LAIHS2c7CpqAV+oLwEoNXRicPxW4milrEs4w7hxLv0XmEYVpw9FMyDbIYuW4dCHeheCYgcMDwRUEOEWTe4Hbl0IDEDAcuro04XAuLccusqRvlNyfja669/rJrrtp36MC4no3rejydzFrIOWrjbAQmaGLTweClaXzsU7yEHQA6lWApgp3IGIf7TMPC5JRJmEXBIqVOBl0soJyx01tVxTILoVJHU3BP12ZqCiYTZs81jXNNnEFN2T+4zHWvteXF5iwldCaKkgWN4Y+6JE50dqTJB3WsVr6rQ1o4oZfEMseW3GLW5GiwhO2u1Rza+7ZjT3zsrmPPUqKb0sr+Tx3e80FtEhKm8riztQnSYBlA8RysgzLzJ+NbQpd2OOXXeYHdykonTEyhTlFWIpFIJBKJRCKRSCQSiUQikUgkEolEIpHo9hVExngwgmjaWN6fTZs6FvJjSc/hj94tmlbo5Ilg5irsfbCDYl40xswwcoL1R+BOjILgGPS7qDDdAyw90MUEX/iBoBOT8z5UYiIUHUiD3/w+AAAQAElEQVRQgMneJmS6gMRJbk3yGckeHFw6R85Ak5sDh7cESHcJqmVjEiROvHKtr+FfLNFPJ/WsmU7rSRwcH5zTBLZwwZNAE4/xLMA26MIMQ0O51lSD0Wi4uLA0qExlq6WFhcWF0eLC4tLi4nA4BH8UA8YbJnBDgZCAK4C1Sds03rXx1JR8QQ4qmq1m2BlE4cGYQlSBRU0bVYPbB+AK1E8gT9i9RLF1CR3fCc1ONMXmqIJZ0J3BiUo5MyqBNjqTO5qaoggEYjjDKd6IJwg672zB1sbaOGpGmcFoEDc1ccjjPxXwN8FooHxsGE+nh/fvO7hy8ODq6r5DB/cd2H/o8Mq4mQVrYn9a71sf2sAWJd4kzgfpCIW+DAEXbUAQBxpBDjsZL2JfDzJgCbpLz9HUdN1b2riEemzV9rwEIxmwyI9OiJqkcBwq9AM11JINCyAynvpCjieFoU9iQLLXUF7t6R/DGUV8GyYzluRxwk3FLCfmj/CuVT1OyyQugYAEjWvrVnSwMOoWKQ7H2oEPtfX+Y+70GIjlEm2nuJL2X/u28epFuMT7dIjiQDLiiYKDh47Gh6nGT0zxsSHKlkOPQre22cmW8yuRSCQSiUQikUgkEolEIpFIJBKJRCKRSHQ7y6FvhsNohaZupk3bIjzBcQpMkejs8sCl54x3JOMH2s5Va3K0SBADmZRAcAwW+Sk6p0IPBgvQCXAnHL6DEAaYUaBphwZ4gP0xcoFRB7p8CF3BvUMacA/GBuZ+cs9BMRzwEsC0hckBtpqA0fDonOHqtm09purMptPazdq2cVC1JVyBThIolwZ5ADQIMIS/oIdH7JdVtqqGg2ppcXF5cXk4HCyOFhZGC6P4DvZAHxcs9xoGD2KV1xnO93FAGkA4jgu5OIxGHIabDJiCx33QAcUpzMVwoFZx7z0MKPY3KE8pMwD7aBoK5E6M0Z3PheL5ycQJj+d8aZfxnWSbEGiRpMEP2TsHAm0QH4qXNYOAl4vvYQdgjICDib1HKKSCPmgzbur9hw6sbGzsP3jghhv3rG1utN7tO3wwzodTKk5NjTQOEDZaecBtdEaMnCY2iTcwkQTrpeghBuWkJiNFwksnpMI6+aXobN6i+uYmnTPITWkeOtm2UI/AEvvB0MRjilNLjccm4vom4kRn6ocWgaK8pTRNXOBPtBGQSJ1nCTEl2baEB8SoxB8ldEhzYhX3WyfyAAYrXy7w7X/7a7z2ldnk2l3HPXxp9/0zVSNSCItsHP7q6v5P1NODbNkT5qx5eM2lRDHwRMLHiE/L0aHvUTfRBUTSS1wqduD8M149yfBJ3frdUyKRSCQSiUQikUgkEolEIpFIJBKJRCKR6I6gGfhiOMinwYJ3G8uOWK/GSJJUpczJHmAAkjxFmEDB/yXnCJVsMjihA7CSBIF4ZSzgDpVR1uD2EABA0YghYLES4lCQg0iBLh3ForghgSgRep85lLRrz6dDJYOH9MYnKxQ0NAH7CziTx49Am0CuSRPHo67jqABo4gHmgGI7QgiAebAvBudReDR98Jzpg2eLTR8M7bCyw0G1CLYmkKSzvLRcVdUQXoPKpBHj7JZAGIwLGN1D/gIe83O4g15l1w2CJbCvHvN/0A3FgetHfOGUQEQPZRZpissJySAFjzMUwpPGB6EQwzk6eeqMVtvmY+SaPgIeFEpESRzOIV8S8owFdGJRxLVYqy142Sh8D0MGrM0gGDOp642oyXjfgQN7Dxw4vLF2/b49a+PJrJnFCYAquHLIl8TFUzlrYi9jb5NVR07DoUWiQ16QKi3AQCsraF5mnk1q0O8ltVWpLjPI4FKd77DCNii1DXES+gVwkzYeyekkl+Fx6XliXmAJxvmczYKDXlIz8Vu+Awi36kgpJlK6ZqWVb1J0Tp5pmk7DqUqJ0SK7HM2WL+RoVPaPB4Vai2ZI3wjdcrsKaq1v11b3v39j5bO7jn/k0q77brdw/99SXEqbqxet7vtkPUPcBG4VX3xP8FFi9uBebHEBtgCdsHkUf5Vyp7Yd0jmEhTbp7b8QiUQikUgkEolEIpFIJBKJRCKRSCQSiUT/l2pSN2DjgaVGn3xNMM0lMEuBf6nuTNkkXrHfQfZE6OwmuPCdvBNSxZusTSpIzoH6dpXgEouIBJXA+Y1GKoLNSgriBC/JPh+JOEl+HAb+M9nfYdu/VLvXOVDCg3NGG4CXwCQbV9dt3XhXz6Z1/NSSXwiPB/3CH0gJA0SCQQwEBw2SRixCHmDnYe1wNFoYLSwMh8uLi/AGzE0WRoMh+2xoIFUSK8D4DmYbeWBcoCkwuoYtOxgwYdMN9nUJsW2a3FAwECNuCArikMAhxlbW2jQlMJI0T2i+Elsd/7VpfsgmhHJndDGYeIQpPCNyglI3mAjK6O7L4lRGV2BYw+E18LIBTW3McOC0aoGyCLO2HY/X9x88cNnll1+/Z8/qxtrqxvpkNm21drExgwH2Kta8detdPD1kDjWNhhChQTUcOhdUGh/CXDg2CKmb0OXGAASkEIDBfV3qX7LmQVk0yNAMnyiluqq51z2oY1vNe58EPjlDJ3MHdrhJ4D6gzUScyxaykepZXIvsLYFgSR50z6lGCsxv2PAkZPCKi/0ZJkKPE82uJ4ablVZDmk3amRmvBG7lPvEqTauOL3XrulYkx5SbxERumiNpm9XDN75v9cDHRkv3XFy+98LSqcYM1P9L8r6Zjq+dbV4xXrvctRueH2H07Db53lbz+Wh5fpOtTjnPWs+TI4EeDf5Ic5KeESKRSCQSiUQikUgkEolEIpFIJBKJRCKR6P96NU3dOoc/aoeavMbaNMemFJkpKqW8kCcKbSYKRGdluwUwMrGUjGPBXAGK2hijQxVuW2F+TkWfVMZT+qV7hekpXam0p7wz+3cYpAuKejqV11OUDsgaBGbAByCgX4abNTPn2mkzndXTWO+HYB2we2lV8IRWcOtAPrlDBKvZA8YABxCgI4OK3uxaXj7m2GOGo8XF4XDX4lJVVXEjgR4YzoN5FWhuAeONXingrgJiawHNlV+PIIVGKwydYldaB/8EV9eMfcTG0JAaxiawwQFTdQD/MNaw9QbsAW3ROjvSBPqGXGUYKQJDj5DDV4rZ17oIWskGKoGTegwOfrxCZcDEBuYcwBzYYjFMJw6fOXD48OHV1bXN8aGVlRv379u7d+/hjfVp06LriYnj6xYWvFZt7K+Jf2FjbLIPdmj0AN1KENcxHubBJxbHUGNtsIFDddhqwacRCZgTZRhQYaceWgk4o8b1q+fztfQMPal5FWk73UHB8LKruvwRXYImBbZB3AlwRM41DbrW+C2rXdOShVHEWw9nAuOXkgGOZl+TRA7p7m7QaTLZ1iYUNBgv7my6o+fayiCCKk1Owq1hI9KBPeU9H+bpHVXe+TlEiCCVLc8F9rYJfjzduDC+tKpGy6cNF06ydtnYJWN32WrJ2kX1f4ucm7p27NpN127EN81072zzqngTxYcLwHSBuCxcYSaNWuhcqgLeTSrRb/hUT1E7aVli/pfuYVJ0OKp4BHetCiqnOHX+TCpvmn+ft2wj3d8rbLuXcC0ikUgkEolEIpFIJBKJRCKRSCQSiUQi0e2t1oPNiQ+5joshKTphJgRtBOIsusI71x9TsolSXfmbGAjDcTcQ54GROrbSTD1UEKljwZwkBEMBLJj6YQD1MLHGqb3X/BN7T6XPBEQw8KCLi6LBieJgFypHI4GRvBpyrETsDoXotDVG6MSOT5sJ2Us0QJyABwf1kir0AT0lYlN9lzIEJ4RvISvGGEBK9LAaLCwsLC4tosPJwuLC4mAwgC/tAJkag6OhvaPkCq18C+Pt4n9tQJsTjwAKG47oZKwRAkXteK/i3g0yCRA4gxshvgbiapCLiZcCwIRQIaRhjClQIBtMfm+4lkvjywd0DhnQDkw3CpQVxE3RQMNY61sfL+rJ/yYRCxCJVA2A6DHGxb1tpSqLwTomDut4Olnf3Nx38MCBw4ev33vj4dXV8Wy6OZ3VbQuhTnG3qlJgfwI5RiEOtQ6IXQB3AoAFrEvTYsIM1bMTa0CwRLbC0QEpC8rJwQwaImU019R1cmYpStc7x4b0StlhO8uGEsjhpVaeCVdipbfEjCTbCdzkMV0J7yrM1XEYqTN3Db79mC8JhqEkAGmcVr2Cv2arEkOj07EdXbwOv4g7CQmXSeewXeMZaGHIiNuhj4oVuEllj6Kdv81Ag9/uWrrEVngTjRM3n+ainW1eXo8v1+BlhI41Hu71nCqTs5O0KYaFLh0sn1SbjLPQ0wZXfrpH9dz8ajXXqbATK1H2N2w1jzGl0RANRGj5K10pnhSKB6OILzYWgrWExk3Z7EfzqsPQHM13PDMhKmFPqtdO9FRi95+QCB+KeaJzFuPW31T0u9yutdoyg9sfcHN1C5egSCQSiUQikUgkEolEIpFIJBKJRCKRSCS69eTAfYOKq5xUQ5YemKbBZfNezkYqT+rSSYE3ENjAOTeGfU0MBusoC9wJQyeGdgJLDkNuJ1RkNYEsNbhOrkI2VvBFoA+XMMnCIYfq9OrviUmhUimaWjjfurqup7PJdDae1bPGz7Dy7+ILCBDCGAJbPoR0RUJdADbxaDMSfOxDFQbAmoxGy8tLi4uLCwvwZjQcITjSIR54eECjCOBd4r8w3FgmhpMF9jehDtIH3XlKOAzbca6GY/BDgztr4F0glQjIHnBRMThgdEUL7SXQBc1LKHaILE0gGKgzOtEFmcAmIVT8tchs9MrAMENg8GIDFeiBSomTB1k3ZjDweIAZDE0FH6dNPZlMrr3u+j3799+4b9/h1dXDa+sb00kLuE1okSQBDmaAsTtYxfeGMnFwAsDMw5CVjOpQCpWAHF4pPM2KDyxmX6s0hXldIkNBIEUP0ugv4G3kO55grsA9X0fvjxd8U4GtCn0X5tNwYNXhQtDIQuBK8Lm5fIGge7SK7zJQQshwhkpwzRxNU/QS5sywwYnK0Vd8w/LfEuPwoWywulXzdLZVugJxDuU3ZsueoRsf3LD1ZOmNV2zXwu5G8CxgDw+teyuGbYLob8FgJXwFjHISoZKejv2LfgPhB37wZVyJF1XmgYJmr6jiADRNUvgIxi98Z0pCCWo8KvT8IY8TIJs8R3+VD3V1S5GQr3dMgr519hGJRCKRSCQSiUQikUgkEolEIpFIJBKJRN9ocQ1aYWnaUFIHlfNCSlfQWw8x7GJi6Dh21eDtsMEiGVHFv8pUDJcgK0EchAbQwJp0ccp00GRSggYlaMwRwNOh+8V8QKLCotlAqpmr7MvCqASEr/gUHQHGGZBm49rpdHM2nUxnk9Y1rWtdcIi3eDoKaQoNngg8ABQ5A6wKgjQYC6QG1tqFxWHU0tLi0tLSruXlwRAMTwbVoLIGQ3YUe654MP5osfiL2TDeMNbiU/YFNC2NbKz5xlb7tm2JNUEuBawZuhQL9DOp0NkFqRIceeJ3gkGnFKzI49AqdpvBztBfMgMptM0ygCq7t17ddwAAEABJREFUp3I75fcomCW4ROzGYHEUT2VtFYfTVpVHCCRUlbZVHL716Ww83jywsnLNtddcd/0NB1ZXNybjaV23cQQ9RBYFjYCINp5nDlijBMQk8gDoFXLc0NkShCwVIA5IZwjB5ECY5Huy3aqe+3t0hfCcIRIy16A5qcRs2XOu6l0ObMU7hX6gTkjhJjj33pPXjev2yaiJTrxTAp8olkn1TshOL/jHpNayiwnn7CRrk8yFsakHzYE25cgQx6BuB+KkgIa27LLtcXN0zQ4nJ4yJQqwc+xiF5OukSl4j4WyZswgZHEOPky1pPreltmTcYCN4VWNDKXwJXF1aTipK86wyycTmJolKSbgJIllAwbGbFYFlPd6lh3HdDsrGO0KZiEQikUgkEolEIpFIJBKJRCKRSCQSiUR3MDGxodKP2jsrAdWLB9E6+WFwLdbk+jqWPg2RGYQ84Bv04rBWa6uI2aAKdyIOYIeQS77Ik6TqukrFebhi0KqjJBhR4fwYMu8gNxQfz8fOBsB0OIe/2ncByI0GtTFec3XThgbOYMETJKTQlRQ1EgqKJUMtkKQzGFTW2tFwtLC4uLA0WhhBks6gGlikZjDggiKKOPgCK7fAAGCl2xN0QmYjPrQFORCotOvatqlr55r4BiEEbw37PsTCMPIj8N5YzcCOZjwoGasY9qXRinxkKIWIPqfupCwjJHqKJeDRnSYvhjzlijJ0wFmlqpxS1cICNBHZIV1V8bC6bVfX1g6trh5YWbtu7579hw4dWlubzGaNczMPMUKw72AQgN3B+jaH1XCbO38Nhk5K8CCvw5CXILUbondy06m+vkM1OltS6JtZqi4ymXiGdNquExujVLdUtrt0F4OiyjfcKHA4gU+AFTWNb8HsJJ+Klnoowqw8uXV4r0IxSBm7Sh9UbhS/N8U+W4gTpQvcRHeNTFSCuk2V6IitZI9W2zVmm+ZlCCPTFSqxOg4WIFBgBm78DsZI101rUZdLMDEovM30W3tbjA8/DJXbuj3fHthCfIhgsE78n8pTW5A1qnOrosn16UyI5QEEVeRI5SXPbej+T+E2Xxg7SwAUkUgkEolEIpFIJBKJRCKRSCQSiUQikeiOIU34xZaNKv/WHQ0oAFoAuwpgO0xgsxNFWAKammiEGuA9QxGGrFCoyguUCZe6dQru4R/SK6US/pHoD/LbUGTTQL4e8czKUnYPxMpkpCAYQ82EunIba64AbjRN2zrfuBDfzWb1rAULkVahlQeV9AG2YLOKoFNpmz1BEJCw1pCvyWgwQsxktBy1tBzbAQSKsV3llxgTLkrj0XBiR61Kg+mS64KjSi8N73QCii2MNXEqosYzDwcDW4GBCl+Ch5nsS2Ajj4jm0VEme80wW0AlYzBnUYx3wNGEa7BfSEe9KHSTMRjoko0TyEcFUnXsIFhojFlaWKogQ2dlff3aG2+87oYbDhw8dGh9bX1jfHhjY3VzPGt9iHNura5GzgYwlwg+hfoYcnbx5CFREBtpg1FsraOZIQkdDpGq/LrkS0JRGd9WHZCCg6a7s92UtuxVWj1oVSAS/O82tfiKABHfWYZ0MARSJhCx4xrmjFL3/JyBB5E6cQslRQWKR6F7TzFJQmMChjO5/Rrv0MQmsVUL3CqDornoDUQxWh3bE24zj5N0QXRkgdbY3Pw0Ap4fPsCUUb8IBNmOOFFMVSjOaYLPQD4lkxjv8T7CZCgcNBxCuMcympHJK24Jeezw0uQBMQRe3FyO6WYJzx/SE5htS0KYWxgu3e3UPwduLq4LadLdiGWECMyddHpEYbyOp7QvlbOH+HheADkPCh/gKq+W20U8xR0vdEciYEQikUgkEolEIpFIJBKJRCKRSCQSiUSi/1dFRh2Kypp5K9ZpdSpYksOJpgwahEyoGmuTRUYFuTmWmAeL2EkFAAoG6yjGUwx6GNAbS++zWQpl46hAATRYTqzSUeCWYpHz4LgYcObwyrApAlZioVzqXFvHEn5T182sbupZC64c4HoSC8+uab1DLCaeHiqsiXvQgQEQ8lkJAF7gt8NhtWt519LScvxvNBoO42tQDQfDqhoQFcAJFRw+4RMngwVig1+jLUW8Go6L9hrTLzzYrrjGxTZRMXwyBewkfgkYC4ImVVVhU+FgSM6BGJZM5sRZCZhRZEwCTQzSBcFy4A7tatj1IWenGN0ZN1B8kqfRUOyHwjiHB6wIDFWA8alsvJiDiTE+mAMHDk7relq3X77oqwcOHTp4+NDa5nhWt7H43cQ22sqbYTwExgLtWtDzpjLowhI/0nRZgmYg6wcv2TluMAaBa5FWIDubeEUVePgTitwPpW/CbyLHg9BHr47W8iRsuUf4jWLuRfe/ytCJ7kw0VMUARGdoQ/V+MN/xDugoWDOIIHUWHV24T+oAb2BISSWXC/hrjM72P8YUzU1+Qvlu0tmZJZ29b+kRsr1QyHZBYWv/vzGaO7kuWKGiBYk0yu3ZChwEwk2QpsDP/J54Ha11hrcKX5NMnHQQTzZA6retbIHaHr3oN+ko0ZStwxswHqzrIweO5dOGRL0EpvUQOqEHme7WRK8pQXUsEYI8AWO84nEtrC6630JefrwU0412R8E7Qnn3Fa5cIpFIJBKJRCKRSCQSiUQikUgkEolEIpHo9lLnFpErrV0Cg1Jck07wAgMNbFOBviYEmmCiC5ZsK4MGJ8g9EIdCb6xi9IQqnrR/boRK59d0HgWhLuSfEv8ZVEyMaKwhK+0RvECOAyqnrnE1CE1N6rZpXdO0TfwiaEenNxZCKrCS6qliayH5R0MMj28VfqysHY6GC6OohcFosLy0uLCwOBoOqwG0RBFCEhroHI4ZUjDMSCDFEgiIAAQAooNUbAjhEpD300L7Gmjf1MUGkiUB9ntxccGgiwlXxNmJRLHhCNAFOo2u5o0YlcPjlUXUhlJpInUaVJ49sjBJoUJwBguOMZx+hMYBgPuYCviaYHTjXR3UgUOHDq+uHlrbuOHGffsPHljf2Nio4zjXgM1o443xyjhwtxmglQRRRmpAFJOnjgSjLHmqZFIkt1Oxr0RREQd/EMagArtTqDzOc8Xv4qtbQWHuPbbySAX3RICoEh7AhVAl/5J8Y2kfWjCkaONfeJHTRAGaFMRJQX4keKXfdcIjknWQLhaNojsru96w2YkuKvSB7G4STMaQT2Y18v2f8Y5vXHV/y5mPRBKV+/YPRI5Kd2RPHjrAnxyYGmHUF2E4JlEsJlFDKg2I6RyXsvcJ27FswV7mGr59BpC+md2nM2XwphsMWgbYpMBwiabHtUfiBD2Utjl/MvxhsoRBKI74wuUII4bwk+oN5m1mdrOzirFJ+E02GYp3UxDkRCQSiUQikUgkEolEIpFIJBKJRCKRSCS6I8ioXFnGGmtRaqQcC5OKr8lrBDAFsiFh9ISSdJBzsFpVqfJNFXEAUAIgGoYjc4ImRKNXZvdU3YevDHl5aMRC4rW86agKDwQH2Rc437ZNXc+atmnq2bQGg5PWNZDpohzYmSCkEtiuxVM1WifswYcW2+9spQeDwdIiaGl5afcxu5YWlpAAgW4SORBCy+XalPNiyIQEbEgo5iEQRUOcBfTRgHFK27bT2MQJ/Invm1kD7fbgMgKUCyA63DlOygmKUnUwSAcaiMk3YPfCM0Ijbgztz0epbMXBQBC4r4TiM6eIaLZ8sDhpaEcTxyf2Lb5HoxQDIS3VYOzcjXtvvG7PnkNr63v27dt38ODG5qT2oXFx8HWrobcamgSvQBOLFjbgVoMTZUIZBUIJRuDSgq0AnxxI0eGCe8oP4niUlCeiUgoT/hNCadORAICjLosfDTURVOehUhTgU0/CkQCC8vx0O1VQ5qeNnvxDPJb+nfIOOQGP+SZB9WrnzAVo7puBFJVM1hRxPrgO7HzCCDJLqjM7sexu0nEnnSML2oLwsijsWFwosnXCbWEmMUdmeF0YkORuae27D2rnmQ8pz0j5UIA72nAWGD+X8CGmyMODnUEMB0xhtEy/16bj4hiLCuobNSq+Z3mTDE6YB8I32OS0Zjz21LcBnymZG8y+LWGOXiK2iBATeFK2fY8TFj3waSWm6Uhjond0mrmFojSkreiR2mZLif7Eh5hXIpFIJBKJRCKRSCQSiUQikUgkEolEIpHoDqKQMiPI28FRmZcqfMSaGMWZNmW4C+AQWPy2ZCQAmTvWJBuFCordyKAERj3iSa1CksL7HJWAle8U4qPxjECcQMSMNQG4CIhj0RQjEXTrXDOdta6tMUwHDE7atoWwiND64BCt8Mh/BE8OEVRfR4IkZKRB6dFoNBwsDIej0cJoaXlxeWl5eXGxGkAiTDwPVGbRPUFxtZkPDCmnBQ08qBSLcEgcNK8qtETxLrarmUwm4/F4Op42sxrSdnC4OEAHkJOK/QqKAndAVIXoEMoTIkcWndmUhBwgamIwVkUnOMhQkThQURzRE04uSpxCPGnc0el0ZWtpSxyoBviY6aHVzev37Nmzd8/htbXV9fXN6RQSdALZrVREpXg0ZgkKU47YBsKyWUqqeAfNHjoaMAJaYcGnfKZAjjl9UgO6gVlCiX8Ixc54HkUJSF3YSIGGmG0WdaJUtv92e0EqUi97pvwuvbHddbfupajZVWZVyFYC7SQw0MSzNQXbmWwpuLOpBVpY6DBvcpIGTfMtq7XKtEGa6a5Cn9AkVQAr7CbDQTY5wyUZnNzWBhfbjmEmUQJBVGpH9qVgVkJOVOJO4P3eERyBpnaH2c2rSXeDuf0O6eBv6EBt7+hTNI3WRexim7xM0i7J46bgQkJ69tFKpI8OF+YccaJV9vbpm4sQgXSrQ0hHOF3Yslu5VoQ4EYlEIpFIJBKJRCKRSCQSiUQikUgkEonuIOICNVWiU2k6JP8Fo9kVgKgHyzYkJjluQECL1ZywozhDB05FLguWUJX4FVuGEAiB9W5NwTEaiRCAKCqj4l8LaS2U3KKryqJ7Q9wdknCca9q2revpdDaL/0KMTgPeISmJxcc3PpeYdaASv6nMoKriNStr6KLDajCo7O5jdi/vWlpcXABixtrBwFYVNjS4jKfwqbCqy9k1zBE4DKgAPxWLHSekoKndbDbb3NycjCd1bGTTQuQMcjSG3EswNYhREh5dzXkemqEMGnY2O2EThiIjJZC3SFf/pYwfw8SJIjbDB+3RLCXAhFVxZjydy6L1SVU5reIgbm6MN8bjg4dX9ty499DK2t59++IQz9CYJR4O8zFciP9AphFc1jLOkgcCjXJygg+VhTGeQ2VYJNnZJN4hsLNJrp93YSJ6PssmkCkOjX7YCijcdAX85lXJy6K65jaFZHNRtEqpwo0jsP+DLneruPkBXWdwPbkWlq9v2+Cp3h+U7hEn2/lS8BfJ4EOnS2sOfYFVZBW7sxSrJBMnGTRRitEvOJHBaTChB57wEGQK4VYnDHZQ2G54Q580OPLhOX0G7kMK1Ykj7BwkzvQgEp1njR56hscWb7p8xh4I1o3NbTMafNnygySSNVYAABAASURBVM4MF/E3AO15bJtXKTAsdM40ujtJQonKUyJwQqlDPqg+zxTI7cr1UB5123Z9q3T3b4YGRSKRSCQSiUQikUgkEolEIpFIJBKJRCLRHUHZ3iSkAq/mdBS0GCGyhFASsCDRNnluULyOpXgdiq9AgITpg2A4UQRghUA2JYqv4MkfJCgH7hmYu1MBa6KB+QD4BEw0jAlAZpjWu1in984BbdLUzaypZ02s3dfkFoE/1/fIu+TqaSAcAngLrKBWlR2Af4navWt5YXHBVnY4HAwGZjgYjkaDwXAAgRNIcgC/wueAwjUPURfpENjyg9MnHJaAFTStbZrZbDadxtZtbm7OZrF5cPHKVvEqYGuCCAkVhQ2QNIgyZE8CGmA8bfaRsdaygYXR2b4CD1Q9xwHDBiHkHEMBRV4jXBMH1VaD4VDbgTEDMo1pXLMxHk82pwfXVq657vobDx3cnIxXNzbWN9ZbiAvCCY87D6vWq9a5ajgEMxofm2EDUwoZeOAxZ+8XhhWQDykTcKjOnxwVUtBJr3YcUqKM7xCCuS8755LEvHRjsC0dcYsCQPBuYMCDDUc6FCt1OOjM3fBfdnnh0BbYWgWfzEOC438AS2ox3ITsZ7qKP11KdYYjgAVkWMB0PiUmIRSGQRdtuWnahPQmJ8bQVwVOEbbBB4ip6bwtbjPWpC9NU2+oBfgn6Ix5ze/MkUChlwREpiaInED4Vqvwdsr3Cg8Rb9A0nIhZlPyXLkw0GMq5Bevo69I23dXs2dMz7QmJwYBpNZawM53jddDEBFZS2p3tdmAhuhZwPFrsme0JOVXHpCdMGoqgb1/upLBxIUJPiUQikUgkEolEIpFIJBKJRCKRSCQSiUSiO4KohFnU8oCoSKksnowTKmsNla41m28AboLsBXh44EegKrDIjSEpin6FDzQEFm3jiSwk7ySrECyXx0OGI4iaASMOzNMBygJtUuA4iBbx9axuEOdo2saBjQhU7aF2j0QIV/6zPwizENilALDLYFANh8OFhYXBsFpcHB5zzO6lxaVqQAE31DpwRIA4HuW8L35ID7VauIQxg/moCoq1gMItFLW9b6fjycbGxmS80TYNGFjoUMXxqMgRxsQmDCxEDFGb0UMlV7fJjAKBHVvRmwpMWZK1CXIJgTwr2ArEbIm50JogGIQhQpwrg5Ykxio7iGPqjaljAX7WjKfTjfF0z417r73hhv2HVw6uroxn0yb2qxooa+M/emDaoKtB5ZDxMYPBaGk4nU6xiA0eN1bDqHEsC7bNUDla5zK5L2wW0myngjE3N7E2hJgQN+AZZWHuomOUVOeYoooO5wE8gm4BOxFuklTRXat8QQBkN43O6cR7KvYje+LTXwzXyQBRcVas7icroORz4nBqQ+ot360MuLC9TAf8MBSje04wmpKy8EPwJncUnIA4uIf+59knI/iyr8k842iVvVjSRY/ykMIXh+KZ5oandwB3gFYOEWL8jUeoAv/GzXhTpUkJmbDQJS6kuIM88dnnRetuLfRHII/53ErZdstN936H7XneyebEqDJ0io5M04ZdINqJFwCvN1pO+DBOSys+5mqHVicah6trA5zUdd3rxqQHKmXIR90q2vY07G0U5saPe8fknb+dKRiRSCQSiUQikUgkEolEIpFIJBKJRCKRSJTU+QD03wFfwnE5ymLJzwJZQmk4CnNadEk/UAFbU9EcK5bOO40GBLoJKewFvEGMgSybhYUhsB94UqJasE7tA/0Qv61965q2nsX/6roFh4gucIQSJlJRlvoATglQmIf0GhPPHC88Gg2XluG/0cJwcXFUVWglgqEjEMTjyRLBKe+4GM82LlTlpRCYwBYWuDuVfZ3zYGsym9YzCKKJ/7UQmdIaBSwOeJRAj8ywGsJnhDOgYfid9gTw8NBZXWnMH2JZS2APESRUK0aOJ/U7eaOkCjrTKR5ZAW8CXGVQOVM1LkybaT1xGxubq+ub+w8e2rN333g8XtvYnMxmobJ145vYzNEwHuMJWEFwoWkBnDHVKG6bTJtBtcAgQdAOi/sVMS6lTQmXyFWJYfTWGP7JPAIVzj16MfhUyPZYZcY6OJEXIfldBFViLdtVqo9Yft7xyzm+BMecmKJuy5HFOA2RSGzWwperFKNXHWsCJIRiL590IPMi3J7QsmUN1NQD3i1oMREw34oQJJV9XzAdJjECCmEgyrhK90TZc0Rk2EokzPUMzTAC21n0J25H4iRHsWzZnGR3Oq536XS9xIsF3Rl75L3nFhNhFOjxgyAFcyhOtZC2FYiloCApZGvwjjH82NA4knxND4+DUM4jvkn3W8K7UrhRagsNi+13ZH616G22bTsi8zvFexiBEpX4qnimlhtMzJdR2eUprwh8UJu0RhDhgvAcn+CUuAhbNN2hN4G9bTi5yVOLyTRF6wqPZoIsLirvEqGU165RNyl+Sh15j7mhK9yTeDQMPZwKa6di2YhEIpFIJBKJRCKRSCQSiUQikUgkEolEottXWE/lWAaq/aWSXiCEwoBDCZIUSHOQP0X8axA9ofItJfCgt0igEqIlCwwMrUDOJJY4fTUwo6Ed2Go0HIxGQIGAK0GAciY4E/i2bepYdge5pmmA5GAsxGMBFHIz+PwZQMkUBiTJGDMcjZaWFkfD4WhxBAYnA7BiqVDWUjUT7UbALgWgGMzVSb+Zx8I9YzMBQRDLCSUBGtG0EOvTzupmMpmMxxMI02ljjdtXFi8wXLDoU1IR08ItoiyZbE0QACthagTYGAsmKPglVIzjGKI/BHTWEOOSPGa0C5icg04Q6GwAbIrXWBGGxofYilhm99ZOvTpw6OCeAwf2H15Z29w8uLK6srZezxpyh4GoF5zjMBjEWWth4qiwDacMyZ6EyI9E6RQpOVr5XCLm9JMtNhBpX6MKaxCuoqd6sVdgZZM3IlzD8TyKwKXEIXjCgPI1i/pzktmBcLgpoQ1P+blvrzDvsEEeM3kz8wDpRDn5B1WRdwjMIhpvwJuQE5sK4IXakJwpkicFozdkdIIXZSuLoCkyxvLlU1vYa8VQZAqTTWlz9kpJDEeCGkJ6s0VHLurrEjra4dijAS6U6uxH0n8Fy3Okw5ggoW7A8wHGGMc5pYCl3dgYhsET3tgBQiZvL0++xVCoG219c6xfbrmSQ5DqmYvAEomLwIGVi6ObJdvs5ENDuoN0gXQQDxi8mpsafvAnrob5rg77uZ3wjvzgCMV6whVylAtLJBKJRCKRSCQSiUQikUgkEolEIpFIJBLdBqI4G52q2RTrQqU9aw0kvihNsAmaiFDxukLLEkO2FuhI4Y0uisVQxYRf5mvlNeatWKsWhqOlhdHS4mhxNBxUeGIVGt/WTXxNW0BMGucbxEHaWDwOvvX4S32sFesQtwWMK6HkH8PBIOSVUg3ia7CwuLB7166lpUUgP+I1BsiMBDCMiC0P8GN9yqNgz5L413BpHnEMqMomxxOCC7C79Ww2nUwm0/EM1TQQPQNJOljSHw6HcZwGSLVYsh3BQyFcR6EPBdECJnupVGhoguE7SPKEFOWju0QPRHYoWcdQp8n3w3gyqrCVQXMY4hjsYOS0X69nN+45cM0N1x9c31jdnBxeX1+fTFtI1wB8KBbiAwEtMHYAEXltXbJSQBuSZJBBUxjHguebzA/KRbP9Utq6ySfQwefv04kybpIpC7aRCVsjSkxZ+u4VwYPe+eI3rW15iy0NmC+7B56VxG90LehtqRSa48TF4lvHaTmdpQnbZhTsB3pRsDtFKMOcEjvCNiA6XyOjBp3/jWYXHTM3Xbrf6/xXBeZ+wpZ+3uSIHmGHm0EFdPE9Oq9F/KSV2gZ36AYr+cE4INcUROpAro73RCqlsdEddMKnzZfgRxZjOkrPzfvcrN/G7AXjXCovEcaVkAuLPW7RrYRcTJSljDM8BCcU6T/vaIcEMFG4VyjYFaXm0CEmy5g0y2yXwQeNuh3VmZzcprMgEolEIpFIJBKJRCKRSCQSiUQikUgkEoluUkA+pLgXRdBJAjGM1ehxYq1VYBgCu3vynOBKLhU04xaARMDLhErYGuxKGsAcKnQfGdqF0WjXItAmw5EdAAjivG/rWTtr6ul00jQz1zY+tK6tqWYKlwIzFcXZMlAsbWKlFXANfJGfyGA4WFpcXFgYLSyOBoOhtXGLNbG5AKNoTDHxbDfhuLEe7U2oAgtf5zAdQ1Yfhgr7cYe6rmNxdzabbG5sbIw363rm0EoBy9SxEeSeYjnlBPkRzSYUxHAYj0keFfEnuBGTfSzRKcqQPQxiNN5wrgiyKZ7dLcjMgUgDg54nUAjWdhBPDq1RYAIzqeuDhw9fv2/vjQf2r22sr09m47puwCOlUrpSVRXP0HogRyy5YwBio5FBoTq7JvsUxYkhXcFepfQWNhoovEZucl2Fwp8g2yjkVKCgsqUJAQTd3zLEpJQubSY6q5WjyPjITTqKLUcjirKhtz3oJPQolgqWEazzuG7rfEGtSo+TtL9H4oQcdua5m8K+oiNigkr0CSEWqvPzoJsT3YcICgudQ0fZia4RRZRLoCijrRO8Q5jOraZE1eg+mrRFIQE7nA3DS8cTTsHeJJnw0sX6yARKmjb8KjEWKKNCj8i5IyjwtMNfzE4Ckik+XnGhAD+HtwOZUalMbiV+KyTzoIDPCl5jKYFnG2U8x2cY6HZSgt00g0nKCHEiEolEIpFIJBKJRCKRSCQSiUQikUgkEt0BZTEahyq1EP6Cv5jXhDkorvSBKwfXcRlQgbedF4PnWnhA3w0oXDujPWAgo8HS0sLywsLCaGgNwintbAo5OjXm1LimqYHt8E4rSLtRyIEg2qIg/CZZkqDcYGCGcB47qKrRwnCI1ibLy8txYzUADoRagUXYoA3YH6CbiXOAxCijLVZcyVOE255q9RqjcEws5s5ms7aBv7PpJH5ET5M6vmCsABgBnxI0MYnvDfmVkCkIVfsNDxWYpmA4ShxLqzSTKBpNTih+J4AJjEfHFqgCU+UbOg3th/PHNim0RKEAkNg3CtSInTm0trI5Hq+NN/bs3Xfw0OG1yXiznoE/TByyeKHhIlgjBO3i9aEZZG0Co2NSdkagRBFgFkzozCUMpWtsX26+OTXfwpkk/0lzQ1RNkkOEwDMGFEKPjNB6e0ONW8I/HB1JoLWav+ZRFt/Z6iftWznXxPXuHXn+cEpISZwEQqqYOOHwHQ5GwVo7XxvDq3QXZWQIXlJopMPAGMFT6NBDO4eCiNlmEEMZkZRQi51IhJsI0/m6pLvGK61zoszRyGesglgZwLgQlUh0Qnma9GTzOlE1PZonr9NyDLqJTzCOuu0UCk8az3Y2/Dxr4v8oZIa2M9OW/XJwOQWfWCJg9iikjL4lhkORmRLKz1+7T5z4cJtSODpBVQlAMjrhb6Vu41aJRCKRSCQSiUQikUgkEolEIpFIJBKJRKJtZRVVqZGZwBQdRCrAosMaitSBby0XwdnixGFlE5NrkDUBWgXKuohJAFgBMTqduVrkAAAQAElEQVSLo8FwuDAcDAeVAmOTaRPVAtLRQJhOG0vkkKXjGmxIwIwbJCuQSdAmGCyOxtIi5OcMR8CuRMUTDoejEQToDOA1hKAZReXWljoV3zWOfthPv+4HWVMlswMO6YjtxSouHFzXQD5srq+PJxPM0GnI6SReInZoYME4hQ1AjKZwHCJ1PGISVpFDDDlMYPXfWso8QR7F5Nq6SsV9qhnD4R1ooQORBUYHGEpAQEIwseTsgq+bemMyGdezq6+97oZ9N65ubNbOTZoZMDWm8kDBDEIF9Wnng4tH2ir42Dws2hoLvIrmi+LFEwcDk6vYYETnMvWtrI4l0F0pPYeGpAHZ7rKao2Py5x34BzN3uW3PtjU4ZwtoEbomFvuVh5RNy+xCsbD4YwXBOs6xUU3iTRLikXEJNeeuoQsGIsebwI46QQ/s5MH+JnnWNHNPhdtJanfHh6VrFzN8NHO9zamOBsDI05ZwsK3Dna2BjuaMnUEOIAeeGR028ChuMLoz8dsElfFXhmgK2N0US0rRCAaVTZxumbKrTGEvcxQHJbpofiONFVFy5CgV2raO6wrhmKBp9MgBSYViIdHgZLokJCjQZ68dOr8ueJutnbgt1Q1CSOtXpafk9riJECcikUgkEolEIpFIJBKJRCKRSCQSiUQi0R1CFu0S2OxEEV9CdgnBYk0TQRQMngCTAKxHxnomWGq0CtkGQ9CJrYYDOxxWC4PhYGh3H7trNByCdUoIbTMbjzfjP00LliEQOeIaiKoJmrgQTNLR9Ct+pT2YgBhTDcBHpBoMY3F4MBgsLi4uLS0OhtWgslVl40Wwgu0hLgfMMjhpA71C4rkdWGgwzkJ1bQjWsYCL2IAJFfHItpm2rUMGpplOZ03bakrV8VCZruKeFsgRitGhojAcDkyIofq3IahEYYKOIUqnLHxDmA7aVJjsJZHL7vAPAi8+bYJaa1UBa2Ksg0wc74KfjjendbMxGa+sbdx44MCh9bVp20xm9bhpfJys0VLrWhdPo7XTNvYd6AM7AICHjDDg6jYjCux0AgVrmxNaqBKNHy3V3bddKrdKIZpwEF94nJQcArEVfLkECuR/+XuyFOnDD3quCK1VZlNK+oSr8/lyQc1Fz4TtiRau3Ovk1JKDPkwaQoAckoEELYCqrcEeJ3g+jLEGOJg67akBaOaDh8WF5OkcId2M2HM279B4fMc0GBobMCsi5Cl3uANhqJRfRtIQ7OLRBiNDIDt6ePRSdXQ6/U2LBqs3tZk7UX2Ip3DB2XKSYkdcvvGGKOEXuInRxYjuRLyoJUchPoYWNw4d5e+oFEFUXoXfdJfaRvomQYywFWk6Cnor7GQwQxlgHKkT59eB7VLjW8f3KhpHATKGwWeM4JA5lHNpwZGBTgsPGrBQ8rgC4kr1BEJ5Rk9SB/O9tKVJ25Ix3xjpRFzZwHTMjo+kIGYnIpFIJBKJRCKRSCQSiUQikUgkEolEItHtrdEQ2RKKpOAiN2MIsQYOUTDaJ2OODmQIuvW+rqxeGI4GAGWYhdFwcTSMnxbBj2TgnJvNJnU9a2ZTzKmpA1iPODJZQNAifsAWAI/hDUbVKIBCwFWksoCVxPMNqkHcPoiCOB1wGNEWS/6awiLonPDLfrBOSZXuxHZozLqhsBsovsbd2wBMynQ6resmvoCEaRpiUHL1H+q83sO1sNZJXgyUqpNNGRgIICMTrHHTyOXdyC8A4m1gz0D+ArHoG6/OhEAOAWHfCuBcGqAOTDxm2vr18eb6eLxv38Hr9uw5vLbauFD7to47WAt2JvEVZ6SpATKxA6rVajBHgfozmLgoVWlwdkBsANCXwj8B2Q6fCviGvR4CwkM4XJ3JQlbnDHEUpeetRWumPxAPIQsa8l3wHXWTzwzj6QPlyGgkl5TuXEXmWpRtYroUGSYzCt+R1CpmLJJTQiIgOuBAZ7ZiS3+ZgOlfOuE6XpWwkYJ4ndal1sCMB1OWyD3zNzuNmkmuOIojVBQxJswFGF52bANjcvwOUhVm/qyJyUHQR21/6V79PlFQiHbkcejhQclgRRXDFPquLaXzB+3ne5xPYhzI4aJz2Aj8pz+D9NRIZi0EjmEqE9/vmtYuhc0A50XuHyF0JjJ84mD6K9j3wBO/baRTuR6UmjdxUQnoKY/MqUVqZwWwJgrFefIwAouXQBB8cjWNcy078QBuEu9VUw0GgCqx8ZQnoisNiMcTU6gO0nnxqGIVhrJ9gbk99D3SKV4n9FraPRdUadk0p22fDlv39IkVKr/F6aSnkUl+Q+lOuIkVKxKJRCKRSCQSiUQikUgkEolEIpFIJBKJbh+NBjY5nZj0m3eqeMbibSxUNh6qosxP4K/kDRh/DK1dXhwOq8XRaFAZDNIZYd04HjJdX1ufTqeT8casniEZ4uL/yLOBioxUJLf4xlbxhAb5kqoaQmjOEOASa8CWxFBICLivYEpNUC7E/7B6DoVYT2VoqJs6xyV+pEzwTTx70JAqg7RA29YzVDOtZ5jvw2XoxNQkkxKs8FecnmMYN7EZMck5Hmw/0X1hkocCbLWmOxsxKFRRDSlAgmw+CECxg0HQdurc2mS6Hkeunh44vLZn376VtbV65mpOadGttqHSsd3eQvIORbcYMHfQJpEGbG7C1iZGOwQj4iDB9Gpy5jCdjQjON77xXDdXO3k+fL0l3uy+gM0ODCOgQYMqvF6wdYqLzSlBZl49akDrEgkoWqvVnI0K7e3TR2IQckqN3nKGvGVrfTsDHyqtG6XysMLHKlXuu1Yq9KJIJASmn5CPSDfqgc5QwBbMHSQGJa0qg5NOe/CKD6ng3+MhQhnik+N1+n3t+INut5CZGmpJ5g3SgASiumjWqFda87E0r8UYBsZBsMUBSSxVEDpMnATMk0JsIrUhHR0MomOePhJxgk8Wz+MENwD7wdArmXN09AfPFC134DZoSOkMicgKQW3rdcIePHyH86gWMFOfgWA3mx1oCUUTjYe08VkWytnhW5gclRRCcs61jvLMaHQ18iiI6WUQRKd1lVeXp0Ygl+eQ6AjoCqX5NtSMttDR3if2B75ncqXfaO47dZ8tfHod7AgS3fOSyTtkuITHLrbI8AyV6y1PPbWIHY74GttNjkgkEolEIpFIJBKJRCKRSCQSiUQikUgkur00qDiEAsw9uN5JP6Vv2rrVwaFjAFQGbQW+IZU1o4FdWBouLgwXR8iKWAVwiArjyXgaX5vj6WxWN63zbTx/BcRGUFb5tqXQC4suJnigHQwG8RwYmlOh2Ykm1gTLmi5ZlniqcjosqCZTkpaIE0qfyPEasJtz9B7SKJr4p8X6dFs3s7qu4zYKmcByt00l/qDZvcTQNza5myjKGML8nI41SS4nKlECsI+yNKSaQRMiAXAfsHeBvTwRD8miInY5dqqGhJ9ZfOO0uuzaaw8ePrz/8Mra5jgOoqc9jQ0Y6AOpGcbE4rAHeEWnmBDLJfpcjk3pIoaq14pLtliYR1ABYpUYZsDzaDraZ1ggeVGo0sCiQwBSIMy83cOO4mq5JruXwOXlVOYvzqZVAcRk4mJOc3XnvHNqHjednW9U53URtM5F8VBadWz1Upgrp3ewRdA6+4t04EQHnaTWVbggetYdAdKPmFCgyjoESpFNB648vo5mZIHWZCr25zYQ5GEYXEC+Aa9rUk90GnKEGDy7X6ibUDj2mCVkj5haUL0oG6X6BirxOusbE3xmmAzuxPtscWHwmEfc/96n3vmkE4+JD4v9h9f23Hj4o5/92g17Dmlcx5qeCOi9Q0Og2VQD1sb9733SvU65073vfuKupdG1ew5cc8PBL1x4zdraJrowcayQRw6D4nLA+AeYMHhyJOgEWufgJgfHpF3LQ4WuSutrY9hkCU/J8I0mQ5Fjdi8wK+MdXylN/tr6FE2QNFnL4F/DoxHUcccuQoCNc2trE0XgDxBq3YKJAzIa2c3N+PRpE9pGMEg47tiFB55x6oPue7dT73bC1dcfuPzqGy+5cu811x1AUyJDBlT4xIMIrWOPWY4bXNuurW1oNlPSmbmLU4BJQzTpsfN+967FgYWuHzq4AuvMkbGQSbdyGA2rXbuH8Vm9vjFmPAcBlLMecO8z7nXyGfe6++7lxauu23v1dXsv+PzFhw6tK8VeWOROFd8sjKrlpYU4FyurG3llzqNquHpGo8Hy0ih+OnhoTfEwhROO3x3fbmxO6rqhB9hxx+6OT//JtJ5MG2RaMA0LWmVCd4/e5EoWiUQikUgkEolEIpFIJBKJRCKRSCQSiUS3nQygDlyq1AgE4E/dY4GyjeXXyqrhwFijqoFdXFpAyARSb4bgRmLQbmRcO9fU09l02tTxn1nbtlCXtWoAGAkbcMQ31oxicbgyla3MEOJyMC2nMoMKk3UoBIZsEIJnf5TOl6EzRHCBczVSAVqxNYtSaAngPIZMtE0DpiYQSRE3xYNaLFoi8pGKx+gFgKYaFs1MrPU+JIaAtjFdYvETxfVgkIchy5OAXeOf6JNfRtCBKRPF7gNYVE+mAhCLg8XiOO5hOp2OJ9PxdLLv0MG9+/evT6ebs6kLuontjQX04RK4zXionxOqEuvrnowOwNmEQ2IoTSUw6qKKLBHtCTvBXSDghXxQEuZBTgyYv6OoUK0SicI8imI7gmQJ8XVVe0Py3PDJBCJk8ITdO+jqmeJIoUW6WK19ZdBE6yOasuRvA0eQZO+Em2ubQBcyOx+Yt1eqY2cKBCR5nKD5hC5gHppMIomIiCHHGsRJDNr2JNAo0w/aZE5n26aEhPX4dBWzdTe8wcLCwvCr7/w9dXP0zBf84QVfvBJ9i2CdHXvM8ot/5lnf88SHL4wGW3f+yiXX/O7/fstHPnORspUPlVYWe2lVmpQz73v33/7ZZ579oHvNHTiezP7+bR993Zs/sG//CsI5VeBHBKwoQwlaxiTcAW8Gz0P6cz/y+F99/lPiu8m0fuATf3UybeFWMhWwJwCpaFqIJ56w/IX/ePFO3Wxad8W1+z7xuUte9frzV9amYGIUj9WWVtWX3wEHfuxzlz3np/8UJ86AJVS8BOfR+P/48xeceZ+Tv/fnXvfJz15C0Ea85oPPPPU1LznvPqfdZevl3vb+C176x/+yZ9+KsZXWFeB1ro09+sA//Oa9TrnzZdfsfcSzfgOfBwDwICPGBBdQOHAXs1/LG1/zC4/+lgfGDh53xrnkj4JuMZ4Czoz2L//1H/3ZH/3OV/zvN/3uq/8Onx/hoWfd91Uv+alHfvOZKi0MerM5nv7NP57/mr98y/V7DiLKZmml/vyPf+dv/cL3X3nN3gc/7seSxRMROTmgh8/0I+c96fd+88fiu9Me9pz19XHc4ZS73+ULH/jLuOVHfuH33/7uT9A9/8F/e+WpJ9/5r9787t/4nb+EETbkTsPwVnGfpPMqkUgkEolEIpFIJBKJRCKRSCQSiUQikUh0eyvUWIwkRgKqmEH7WMMdDQZVtTAa2dHADgYQf7O4NKqs5fyO4Ot2PJlM6unEjecy0AAAEABJREFUe9c0ddM0eAKzuAA5OWRoMBgOK2vix8FgoNF3IL6nOAWoTILHATYhtMBxMKjhfbKl4FJ9QJ8BxUYmnBzhOVoHmQyH+Etg6ARTdwg3ySYNFBpB3hSa/+2CeDLoUMXm6hysQ5E+aGPCxhbwl0M6KGcHzmmTtYYJqVCLJXE2woBKsIdicKsAcmlcO2lawE2a5uDKyqGV1Y1pHMd6YzabuVZZG4viOC7glKHjZBABAuV0E1JCSPLF6FJJgukiWRAysYi6aA6RgR5Qok8CHbBjlNaS8Av22FBlMTew74a65QtM5SlgOEgz2TRXNGbyhOCTLlKmZ51QwhW6s/8IO1+8+8oX2z1mDVEWiUmQzRGk++3M+5c2J3Oq8rWyi0rI6SfdaUPuCFmnMBtibHdZjnCqsp0KAxaFqwSiQ0EbtWPzi2nYdpfkcXNz5JvgZtoOVLAPO+v0v/n9F9wZvStIh1bW4+vep51Et9mD7nvaP73ml/7p/I//4m+/IbhKh6GtBgSOxYs/7fFnve4lP0ADMZnW1+zZ37bu9NPutjAaLC2Ofuq8J37vkx/xxB982Z69h5UdejbNocGINyDhIwl7yB327fc99eHUmMWF4VMfe+Zb3vlpFQbaeluNUowTmYUcqe+Dyt7vXneLr+958sOf/+uv+/hnL1Wxy3E6TDHcEFwzAzsUMwjJDSU+nE45+dgz73Py4bXxpy/4micLJqV/7LzHvOznzwWLKNSNB1avvv7Gu93lTne/6wnxPj33Cd/ypEef9dMvef27P/T5gCFN8eFG16B5UqGNpwIfHXjEIE6mNDJ6XjNgpMqbK8Rp4hvOanDfoceUP/dJ3xa/fdu7PkIRRc8+93F/+8cvoikYT6bXXHdj07b3uecpCwvD5aWFn33+95z3nd/x6Gf85DXXHVRAs9kU00Nrx9G9GgzTUqrE1kLhNYTPbOD1vEvNcyq+kKnqBtO3COcovJACVkZtudF2uPFEIpFIJBKJRCKRSCQSiUQikUgkEolEItFtqUo7dPHQ1lREWVhrhqPB8uLi4mgwGIATSQVAQxtrl7PZuK5rRDtaCGxoazKMWFgcLi4NYw1wuDCKwlwLgwxHVVlyDDFdfRCQESz2F9sU14wdRTyQHQc6NXje2wM0ECAkAogB4kvatm3q1oNnhI/vHSbpKHY6IDaAL2GxdmkwN0hRqbooGVsLViaUzgGeLGhuwnBH4Xeicv2fiJNc4KY6fi53qwxuwO5eGRf0LA6fA7hmYzo7vLp64NCh1fHGxqwez2aTegamLrEGXY1iNTeOr7VDo03jPKImGAhiNGA1wObYfOmQK7voGmJCYEQjKEoHgoEJ3CAYYIPOJwb3TjwHjHLqSLJCSdk0NDM0Gz20YwfOo4QpSjFaxDYn2WeFg0G6vazuAmtSVlGYB0LyPqo36B1dxI4t/OUODii5Xj2P1GztmiZUQCfix+BIqkyc6DLXp7tcpTk1hlOECrKBqZtk8mJo9RMXpRj7gdsDLIAsVvfpRbARRCOp5JkRcNViXozhwBed0SfvExWQwne8n5+a9Lme1T/wq38Wi/0AEAQX77Cg/IMfcM/f+Onnxm//6W0feOt7Pson4SAbc9ElV3rfxKG4z73v9qZX/Y9jdy/FL6/fe/Alf/R3n/ncV/fsPQCPhoXhA+57jx9/3tPPe9bj4rfnPf3R8Rb8+Zf+ZTwFOL3YKp7zpJNOeOUvPTt25+o9B3/rj/7hvR/4DDAHOFz3vsfd/vC3XvCYR37Ticcf86Y/fuFTfvAl4+mG9yboCmyT4uCksBu8E3hMaLwe/tB7n3bynVTySvq+pz/yX976ARUWDfgjeZMSsDDDhkfhPz/+xde84T9C5ja0OfGEY+5/n9POOfvMR33zA2IHX/vbz/+27/7NjfFUm4EKVWGh4107Y0ZCaxcQRgvhSY9+QPzyPR/94my6iV5D+lX/8wd/8NxHK2RrXvrHb377ez6xb/9BWlu7dy/93I9/18/80DMXF0av/e0XfMfzXnT5VTf6YIADLLAYAH3wMvERTM81yM5xLQFm3uHy8j7xS6p1MxwPAzZLpgr4/YPPOv3Uu9/5mutu/OKXL437nHrKXV/z2y+EKbh276++/DVvP/9D9JyOW864z2l/8nu/8vhzzj7xTsf929+84rHP+h8b4xrXmVW5VWQkpYGS64x3YBw1hUldfd3e9374vwAvbBvybSpuMgf/70KpVbw57tCS9RI9cWHNUagU4oXluhWJRCKRSCQSiUQikUgkEolEIpFIJBKJRLevjj9haYBOJMPBgOxJbIWYA9QKXfBN04QG/ERitbBpHUQ9gIOIctbahaWF4WgI2TgWq7cGvEyGw0E8h8e0HE51AI8PMP/ACwY0GIDapMf0BEIP4vW841o5petwhgYwJz5hKnjxAFYmTQuiNB3cL6MDHZFgVOFIwYSFslWlVY6hQQIDyRKo7lsbPI6BNSnAhIqnBAbwiYA4IWsYskpAGAY7Ab/GR5uVYMFTILQeej5t/fq0Xp9OD65urKxvjqf1eDKd1XUde2NhEMJgGMvKFLsDZ68qgjOQg0kWJoGcMOhyCchAMwCkczCBAscVe2liR9gIIjmFQOEWY32oF55GxrDHBk1NMilIDirdgNpuL7Rx6RZQR74on8ZVY8oJMTAa24+uMyYnyyRQJ2FBhKE4SmoxuDpM16otBWYkM+hSRA55ldKXmAHK6EnO08nt5SSpkBcHJtcw56RUciYpHE3iKWx6rwOF2iS2iDkfMtpAowm20QlVmqGQ+odDp0Ly7yF/EkMElOrZuejOtCOEnObDoFACXkJQHaRSVOG38TI5ihJ9XLYf/PiXvauDa4OLizPe9e1sOqZvL77sqne996MY6FNB7Et8GXyBzUn4i995PhEnb33fp37ppf97ZWVNJeukuNI//+VLf+Y3/uQjn/7Cq178P5aXFs57xrf/yzs/+vHPfg1uI2iX/annnHPMroVZ3Z73C6+89JIrgieHIljWl195w/c8/6V//ocvfPbTH/PAM0573Lee+R/v/lTQ8Ym1SLdBsTg6OomeIuc982wFPiIrn7zgq9/1lG875+wH3fn4hf2HppitUwVt2ZAjdDzQ3hsPfuJTn+eViDky8e871KdeqcKf/M5P/8B3P/6uJx77guc9/pV//vZ4AtOtPwy3aada27isvI8Pk4rO+YzHnhX/vuP9nw2+dl6d/dAziDi59KobfvAXXnXxJVfC4kKWLDZkfWP8e3/8xi9+5dK/+5NfX1ocveEPf/6c7/wlF4BZs7bqVrBrYCXBHRbXQIU+I2D41N1SgfkM2t+1NT5X4iNpAGZLGqJ/zn3Kt8J8vfujYKOi/Qtf8Jxjj1mezerv+uFfvvCiK1IeE5zjkkuvftqzf/bv/vy3v++7nnLm/e/9xMd+87+/82M03vzMBdSlpYck4U3p6YEuMjgt7/rPT5//3k8opOAUs2auW6/gawKPreycAidETA5vZp/RLl9aVwl4IhKJRCKRSCQSiUQikUgkEolEIpFIJBLdAXTinY6poAiLeR5kMAEVv6aezZq2NhTHAgU+TGcwqoLqJ/iCDAbVaDRaGI2AjUCMAPmA/Ct3ToTQKlc/AxXpvSKOBFN1Qi9yJNB2MFEhtgQOcR10ElrnkELxLWz1FL2j2X6C7VKyE4bp2AOs6+ucxwGV4ng81GENh+dYZGcChFWAFNmkGCY2VOfAAQ4MwcCOubyPwTpc5Q3oTtJoNW2ajelsfTpdG48Prm+sbk5WN8bT1oOBBIxWvJZ16DkCg0sFdKXTWOls1RE6+CMVuAmA0FTh5RI7h+YwxtFVY0vzETwqqMIpJKhbIFPUi9O/Ca0g6w6EZlQySkmVZHY36fEfqnMusbo0j9lROrWh3M1wbg8zHjv2K9yinKA03OQ00jmblJ4rlL6kCgsWhne4QeVdkIeEmBxEHwoZXVj08IVMfhk1R1p06A73Uc0NNBnKzNnKbNdNPJEhsgRfVqXAHgS7XEZJ4DmB6EZ88/hzvumB9zk1bv7iRVc8/xd/f3VllV1ZAOSqjB0YO4x///XtH/mfr/4bOtuv/eR3ezeLrwCMS3PWGXePGz/1hYuROGnZaASJlnhgfPO3//I+OvDM+53W1lOgLjBKhlyAyN2oN+nBLy0Onvm4h8W3bzn/o//01vcrDNP6nqc/OsSL+jpeBeGikLCk7CMSnyqOLXhoHGIDIEzH/sFr/5n2eNB9T4MknXYKXE5o84EeSJ06PpoA1kNo4/jjFh9+1r0m0/rDn/giXNE3L/vF59DeP/1bf3rxxZcrONwDpaEtjZKtBu/+4AVvfusH4z4PPOMe97vPybGzGjrbIRpgK4KGNPhoBo+Ttq0xXodIne42SE1rMWHHEfJFd+K5T8ZsnXd/JABa6B961hnx4yf+64sXXnQZ7YkTDbOsTKV09Zd//x90sgc/6L64g+vWA3Qe2pOe0vwo9nQteF6W8UBplXb4iEd/nbawAvIIHtFrDhoTiUQikUgkEolEIpFIJBKJRCKRSCQSiUR3LNWzMeAQmwfX1w+trOw7fGjf6uqBjY2VuhlD/dS0xvpqoBYWquXdC8ccu3z8Ccfc6cQTTjjh+GN2H7O0uGit1ehxEovh1nLdvSAQQgEboKOAh4Qc/GW+A7Skbdqmbpoa/tazejqtp5PpZDydjjfH443NjY319fHGxsZm/DTe3NycTKezWQ2WK1QaTtV67kwq2wMUo9G6BMN9NKXkQAWciuADKu+CwQs4vAwHFbxgb4gDqgzGmvDxqC5HBTw40LoDf4sPLx+aoGJNF9JzvPaqcsGuTJsrDhy48LprPn/ZZf996aVfvuKKi6+79oa11ZXYQxNmVk20n6LHQMB4kOL0xBbontUK986kLJFSfJxi3octXTogI31ie44Cbii9TPQRQY8dtfNhZK5C5W+POS+eXU7CHHqiErGht3Uu0H3hBGx7xfLU89TGzVToS6W+0Ju5dqliEZZdqHQKZOJkoXy6gHYlPGudx4nW5GKi2eABxPONO1sa77iSQ/J0SZfM/jUl4xLyRz6/OqKQOIlLH1KoEDcJPq77QTqWViTeRdXQ2KFCy5PYwl/6sWfRPi/+g78ODgOdAOayGikKWseIFrRv+vcP/eT3P/O+9zrlkQ994Lc+7P6f+cKlwcVO2TNOu2s8PN7ZCBkE6iQQJ9jl+LD47Bcv/8hnvnTc7uUlyO4KFmkwy+lceUEQRUWgQ3jqY89aWhwqCAb60EUXXbK6tnHsMbue+51PeO1fv90wtNEGU6kc/aS6f/Hui70bajvSsE9cvO3efWsHDq2deMIx97nnycHV4CXibcfxADzm2KfJhziK8bxP/vYzYz/e/4kvzybT+KB44mMfdvaD7xt3ee9HP3fB574COAUyb3CtamQMWeOAb8nfveUD5z7pUfHjOWef+ZULr9RVnAvTNdI7DMoCnxPPcriiEo+GeWPF/p5mgFZe/Mvm7OIAABAASURBVOr0e538gDPuceDgyqc+8yXcWd3v9NNgCqYzcl7hRQhjbMkv6OOf+eqHPn7BCcfFh/4CO1j1waagvUagML4/6a7HvOQXfzg+RNc3xy/5w78db4y/7ZFnPfOJ4K3yP1/xF9Npo3T55PCIm1itSx6N2uzAkiikEK3+PS1mJyKRSCQSiUQikUgkEolEIpFIJBKJRCLRHUFazTAXxqd6q0J/AlMBn2EHFdMbA8jMiR9iNdpQWoojeAR/nW4YNYHzqL6fhOEABjQQoIwcEBaHU9EUs1fYyIR24Ogc+AgVTsP15e4H7/Tbd2O6cnN6j2kpjJ7wFnJDQZoESrwqUQK0g0YqRXeeERkgUKqrdlqVyrZUz3XYVYeJKg46br0yk83ZgQMHb9y/7+BkvFJPN2J5FaJZKr24PFzSUJO2cTysg20wsICdqK6mmiNaChpk+5/4Y0tMGhKDcRr5kGxhonP6B7Wfk1gKj5OyaJs4jZt2QPGUI9N52IBjRCiCL1QaSsekkSfDA9d5GXDJ2FBWUW6D1qmpieG4KY+DRFnwmXmGPLchhNCFroRujNSRGAyfU3PKrT0TllCWvM22J6toIn1pMcIeJ6VTSreyE6OSWJKCZKElETTbyOSV0Su6lxMQbq45BJ4JiBM6pbem8q7ROdWF7U8G6D4yMtVImfhIMKff867fctbp8fsPf+qLn/jMF3BtAHFiBgvGLlAKD+WwBN96N/ujv3zrX/zez8b9v/0RD/rU5y7EybaXX7v3hGNP/7aHPuCUu5147XV78MaMgsvhhb1r1Xf+6Mvr2TSexZL9CdzGRuvtqCfEbZ77TEAcLrz0mq989fJ4/Nvf+7EffPZTz7zfvR54/3t87bIbDTmFIPaxzWrXBg1OYjcXgJ7R0AJdVccesxy/3HfgMKy2+DyLjy2bnGAUuYyE5J4Cb57x2AfHr97+/v9CQxT/bQ9/AO38//3Vv5KBB0I+cBU7GELiD4aOBd984atXn/bw72+bGe5udPDGFI8+sg9R/KiEZ3DwlcnUFvlJ+XJE8rKglfuspwDR8o73fcI5cmoJl15x7SO++dhHP/Kh97rnyVdceR09OwzanIBlVABvp6d/3y95cjchb57eBYJmEirc/W7Hv/ONf3Dve9xtbX3zO3/0RevrG3Hvs+5/z5/6IYCTfudVbwDoBLOm0nQV/SpdkVROA1PI8gQBTEQikUgkEolEIpFIJBKJRCKRSCQSiUSiO6B2716ieiRVs2PF2OpsDqIxfgZtQqjAC5k3rq1dA1BIS6YbmlJosCyIqRSd20IsHuaiLATjxFqoo1/mU8IOfKANVHpEyoTMIGgHLN5SZRmvHwvAXvHWTJmoBJpkjoG+sqaXeGLRvwR3w0PQMIIOJ9SEDs+VzcBgAbMddGDABgNCE1tiTO38uG7Wp7P18eTw4fWV9Y3xeNo4V4cwiZVmM4AysrUhFpSpJg2n1cjbaOoFvqVUDErL0fnqxJ8U0R+psR1T0v2j6QzdCcpyPJ88bDELKM+gVFd+10qXbhpb9tdYYy6PYFOT/DHDRz6k/KRt0l3QpaJLqzH970qgQm3blFCE6fSr8ul9Qa3oMNeL+Tf9KwOMRPOikxNL76gdTRZ4e0XATUJAMAiKv6allh2BFN5eihd65l10Wvp0SOZdgk5QzNxgFG936Or27WViiLgTg0vdBrTggGSZvJNJTkHVEKGTKu5+79NOou//+6uXKrpbABcBkAKIDQjHwYGL97oDzurCy2+g/e9x97sGoM2a+Ij51OcvfviDTt+9a/G9b/z9P/uHt779vZ++fu9h1QVNmfjsaIEPqeKMVNXAmIHWFUMndD/noYMjwil3O/5bH3qf+Paf3vERuq3ecv6Hf/DZT41bzjv38S971Ru9bzU8fRwxaN2DQLPPCaEzmBA0wFOGxz7yAYMKeKiLLrsW17PvrzTO9uKZ02p5eXTOt9y3ad1/fvi/CfU4/bS70Z5fu/gqoHPQTMlUAztcAMDFaFovMB1NG1QFkwCrkO7q4rYGfgtMVuBRpMhcRmVHKYUEIUYOFTYkmZXCv+c+GaCTt7/7w3lyP/6ZLz7imx90zO7lD7/9Da95/Zv/7e3vv+ra/cUCQf8Uj24qgSJ85oyY6Mz+lLuf+K5/fNU9Tz1pZXX93B/69Qu+eAkhU/0wHXBq2eZpUGaBpQVOVwupH6H/xPm6/IxEIpFIJBKJRCKRSCQSiUQikUgkEolEItGtIYuxDVBettaHFgw0gOvAKjGYeZCHiTKJKNDBxK2eqn8h1wGZjaBaJxY5A5U9yeUAiqCYh4PxOpCsgwYnLdmcpHI8MwRcy+QPFDeT8BZ2AlEm7UWlSYJi6AhwD8BAHJNoEgrZ6cw9sE0QSZFMJUIqO1sKPNHJKEB3gRtxKGI513nVtr4NrlFq6vzh8eTGQ4f2raytjcebdRvrv9CTOERQsx7FEr2H6jJyAgbP5Zk50Mwc6JCcLBRfsHRe0KHnS5J24U7zF9lXRPVgFL3lTXGKnsHJNkxCCF2pd/6rokaft/TPDn/IXcYr9vnA/uo+LaP0/MWPUEHWO33LOErgcfG50q7TUIV5GmMeH+m/oYI4rRJdGI6UTVFbNnanTehMFdLNgKYaievQmSoKmJ6DVh4MmOhMPSCr0QUvYbMsjqUmeCZ77wSIpOlFjWR0KaT7Sic+K/g5gqlresedaFOAL4kDQlMOyoJB8xIAJuJVT7v7nen7K6/Zw7uBE8kQDDzALGTAZ9AhHhzvuOv3rVBT73nqXdH8plV+8OrX/8ejH3a/h515+l1PPP7lv/ij8XXNDfs//tmvfuaLl372C5dddsX1TdvAOeL9BGerNAVlVRXEAOUHARnLwL3sn/OMRyi0u/nXd3wUsCNjP/bprxw4tHriCcc++xmPffkfvUlhwg5Y7wRbjkOPYaJ1E/x97n23b/vm+/zK85+mAIvzb/jHd3X3YLEodYfHwT3y+G+9/3BgP/ipr66vb9Kp7n1PgE4m0/rwymqghWIqOxhpM7C2AtwHnpHxBWNYDeMnQwY+sEoKwo4eWJBPFppA8A2xHMEbIr/Qx6VY9nEZMGEXz3K3k+708Ifcf31j/MGPXUAdiaP6ij/+28c86mHf8pAH3PUuJ/6vF/98fF1z3d4PffyCT17wlc987qKLL72OhxcebSphWP2B0+rUU+7ynn/649NOOenQ4bWnP+8Xv/zVyxVzc0Zlj6OQcLTeY4NW2xbLIE3knSPSZm7FKnUE8kskEolEIpFIJBKJRCKRSCQSiUQikUgkEt1Gwp/NQ8mypd/YK0yCwNp0USE3/PP9ENj8gcIdnE/2FZ27CRmCBJfcLTwl8EC5tm7BIUUnsxOluf7oUnGc2BGugHO534RkUaE7z4kuIiezJroQncoqnU+o6Lf5gXNY8EfyQIRQlRrMXKwhfKF1Hr1drEfbAeii1mRwMpvVddOsz6YH11YPrq6uT2drs3ocK+LatNp6a4Ot0NvF6IDEAJwEnVEUhehwrRoIFCi6aqdTPFAaU5+K6AkrYV+BwqkgV5+NKmq0nqM18vz06reazQq2qdXqrYXeBCGYwiYkJOF4MNrhy2/TFVO8DiNJTpFBTB723B6dvGR0xxUptY15QTBqi/hyWnMaji6vjREnvZp4YnmoKJ8am66eaA1jErdEY85+DNzCboC2IWCSLUw3tBUtNcqU6jxkuiAiXXiZFMqwjDpCWb00itCqM52hldZdLDvmpFaqnaXTmfMd43LbdG4Ss1wGU1fcPe9+J9rhqmv38H66UmaAbAqFs+SVC9xE3bp9h9bueqdjT77rnbnFIUwms+f+/Kt+62effd4zvn04gECf006+8/POfWx8xff7D66+60Of/Zt/fd8XvnwFgC8a3FbQhoQYheQBw2YnsBrOexpAJx/5r6/s3bufHhpx61vf+4kff+7TTrrLCed864M++qkLtYv3bIt0WLe8nvb4hz/wX/6IyBtkd8ypdzvxznc6Ju/wF2985yWXXM2903ab2Ukr8GmPPSv+884PfJZXhlb3OuWuccs1N+yDRx8aSGEvIMaMh5aXmUEXGbrvffcg0MUl6JmKhAoyLvSXspx88Vwu20XmOv6ZT/7WeJ33fPDTs2mt8MjYzc1xfe4P/Nrvvugnvv97nzocgrnLaaec9EPf9/T4gik4cPhd7//kX7/5nZ/974vSyGjV9xa65z1Ofu+//tndT75L3Pnpz/v5r150JT30OC4r7+pd8C1yMr44Or25ORLiRCQSiUQikUgkEolEIpFIJBKJRCKRSCS6I8i1TnOyTKzeO5/8S7jsbNl/gW00PFIqhJJwdgjX1DNiAr+4hx/dK0JLsIoNVdcWhKYmdH6yFMGyO+aY9FwlUj0Rq9slUII4gNLaFNE5HTRQvNFaF1E1eHLPZ8y1fmsMp39gyZbjfGzVgs0LNB15ET2dzcaT6WRab04m4+lkZTY5PB5vTGe187UPTluvK6+Mh+pqrF9DjRXL2DaeDPxRsGTsE0bAfEDQavuSaYoIUYUhiMpZNnoboqQ8rvycPUBwCMrhVT34YYuPSrJ5CF3GhcrjgyhOL9cGhrYw2sjOManRIezAOuT529odjPMoWzTXNxqhDrbgC9G/upc0o3ZQxmSSmQ33JX3Ig1WMGnuT6K1nJWMd3hG/rWgOdL8JaVNOBpnrfB5E0x8aZpZChx3pwuWFqaQ8KdT8kLvVaRt+Z0tPdvoijw42CC9mE7GxsTHJtyjcnKawaSH2JfbZ2HifHLd7Oe5/4NAK9wvGwqyuT3/ld9/wslf//bef/cDveNRDvvVbHnSfe5xMZ77znY794e99Qnz9xZvOf9Er/k4bJIpMuo11P4VJq7Mfep9TTzohfnjzWz8EzFNCZN7yLoBO4vbve9ZjP/qJLwXfBN+Ca0u3ktWJJxwbX9v2Pt7/L3nl3/71m96p0KEkOb5sx0OFMBqYJz7qQfHNuz/433TbRq2sbd71xOPG44lKHBOCcakjobcQIHwHPju6dbkjuZsQV+YASDFO6QogN35CKwosC2W8Tjk+Sp37pG+Lf9/27o/wwlFEz5hDKxs//SuvfNHv/Onjz/nmJz72kY9+5MNOv9epPAUnHv/D5z09vv78b/7tl1/8msA2J11zT7/3Ke99y+tOvttdDhxcedKzf/Jrl1xNPj14F/RDcAByjM2bo6b0NjYnIpFIJBKJRCKRSCQSiUQikUgkEolEIpHo/wgVTABXX0Mq+Wv8KT2FjCRrE/jxfXAe8RFO94D6ZvIswawc2NFRgI4PoVdSD+kH++AigW+w8trxFD0TDizMlsxJ6OCTLk9nC6qSztMvuvJv8/EkEHSjA8aPgAlCLPBCegkn3ugm9s+3rQuNDysbG6vr64dX1jfHk2nTTJt6Q7WTgDEupvJY/w7ahmDQTYMpgaA5MgWgk864hLoc4pUx1Mhk9ETn8deBrUp4U2YWegYnWyZxS8W2B1IoysUwPAA97mQlNEWvAAAQAElEQVSuMt0Vtnvno5QcduwIW+rZhQ8I7aw6Dqm8wla2RCVWYxvWwaid6tBUYU8QBl0zqBz2lDcUTQq9LR3qEbYwJLrgmXi4dGfSgh/CNgX9Ek2BQyrF3kEq593giEPHgu4mVedUHja60JgaQ/Nm2H0FumUYk/HF+shOKkVPVZrmdN/22qiOQuGIjiilrrx2H7057e53+eKXL8HRTGuxhGpojI2+0/HHjobgZXIFxfFgn9ETCLq8Ma7P/8Bn3/HeTwbfHrd7+eyH3e8J5zz8GU941El3AT+Vn/z+p19zw/7Xv/F9Cp45nuyEmA8yyb3Gu+c+/WyFxkr79h/8lofeT9Miwz02Nie7lhef+YRv/aXRa2dNY1wTDFIRqb9fuujyd3/gU9gugmbg774DKxdfds1Xv3bV6uoa+HbEp4UdaswP2m7VwlQ9+uz7LS0O/+tLlx04cBg3wkRfcuUNdz3xuHucchKNCD4ZEToJHteXYZsS19LKBpMnuG19or/SY9rDs8UrF4zV6ZFDCy2w3UnrIP9rGx133K5zHvng2ax53wc/xauRH7IGIniMWl2b/ts7PvJvb/tgPM8JJxzzqLMf8qTHP+qZT37MSXc9MR7+P370e66+9oY/ed2/UvuoSccdu/s///31tMPuXUs6OMgJwnwoelZzN4vx6T3FkqlL5+XSs1AJ+ZG4VVo4FZFIJBKJRCKRSCQSiUQikUgkEolEIpHo9hYYk7AlCVdfMYLGp9K95tphUOxqohAmYbgEipbw3jmD3An9xj5udbAfsCe52m4Mezd0NipoipCL44r9H3QPIsF6ZNwt4D/JgKIHnShqevrLLEXoqu3EDbDvA0InHmxdGAfxWJenZtWt35zMprPZyvr6jfv2H95YXx9P26BaiEqBoB+n1MyoFjxSrMYtsS5soMLKEI1JHQmcHrOlfI898hTeAQVZX5IANnlWUBU4NotHpudwsd0p5zf1WJwqGcPYbrBxsnpHYNE+j1liD1zKwdBMh8QW+961DCYXhRSmk0CTklPZtjicoA7dNxPhIdIpMUftrN4ayBfFDYRB8bIo5qHDMArIiYdcqy0UgQ6MQyWUIvDk5s6nk7KhTrpmqFRHb+AJDFuShIJbMSkpKvuI0H1Ctwx3b9shYLyGb1PCTPIVdXqvt2y8dXVFgk7uddpJ3ZyVf5XOkxT/nnYyx/Fced3edA5EbbSFSJkES7km7D+09s73furt7/7Er7z0T5//A8981f/82XieF//c8/7qjecHH0fGBk7GMURV4WD4xYXqWY97aDyFteZtb3j5tm1eXlp4+hPO/vfzP+V9q71TiViJ+vxXLv+9V/8dmbJgiM8AASC27sG0oHjRgalG2g7hq9Cz4+HzBP+0xz5EQbbO51JgFjwgLr3qhnMe/sATjtu9a3lxPKmJzgHPjzQt+FR1AW1Azn3yw0fDwd79hz76qS/xrZSED2KHc0s2J8V002Pa73DPhPC07zi7quz7P/Jf8cGmUrYO/otj6GHRGsR54mkOHtp4x3s+9vZ3f/SXXvTKH/+h7371//rVuNtLf/UFr/mLf4b/wwCTGLjQ8cdB/NCevftOvNPxw+HgdX/00sc840dSg+nkeYQyz3i0VFM6CpufP6aHhhKJRCKRSCQSiUQikUgkEolEIpFIJBKJRLe36tmMcnCoGu4VUiMYkqOKX5JTdA6m50C9kz7ij+6JMgkm15mxhuqpWk9MCUfiIHdCBU4CIGyls6sEXYYdJdhgIpfweTetdOFo0q+kd+4d5be58dQkrsvHtgHFAvYKdeumbdM09bSpJ9PZ/tW19c3xtG5mdbM+2Zw2rsUAizbWdwG8gRKtg5psPInF3/pjb4LK4RgeURSyM1GJgkkNYbcCo4ivUaH8lmmFkPuhQg5nocJ9+joUCMdOFgA4YCm/iAdV7xCuMm8JsmV73qgLl5RtjmXfnAx/hCNYZmi9TUhN79v0Tm1pUiA2Jjv0JBsTjEcqd+uq1bo4c2fBgQNzpPo33wRd+EnPc2JLo8tP1Vx3yDKIXS4wU4bDelRCrdI9lHajvm0lYcrhILyKhsMU0xL6/x5BO9Xut6BA2+nK6/bTm7Mf8oA0+57aw3dqMY/xOfHMxz2MPl565fW0vB/36Ad/0wNPb7163Rvfi4THEPbTHv2AAOVqnXv9P7zj/ve55098/zMXF4Zn3Pvkr112g9GVtgPkMzxQI54H4xnf8ZC4j0Knk20bbC3cA+ed+/i3vOOjwLbYFqiL0gOHHzEYOgMZOpZdmdh4xhoz0MCjVHhdN3d+BH3UU78doJPz3/9ZwvYwkcdefvWNtM9ZZ57+mQsuSouLmRMA+drGY2bOmfc/5fW/+5Nx4+ve/O4Pf+JzGv1sykvApFt6lNBTFZ+53ul0I8y1yvtAvN13PvXb48e3craOIpbqSY8/+yEPOqNt3av/7J+h4/B4M0jhoVNV8E3r/+wN/3q/M+75Uz/6nMXF0QPve9qXv3aFpyg21CWXXfX0733+j//wc37thS84+5u/6Wd+/LzX/tVbikdZYcS0dTkfUUF1RjQ9xEwkEolEIpFIJBKJRCKRSCQSiUQikUgkEt0xtL6+jtAIlom1QeOT5GlC1XHYgnQJ/AgfNxVWGXhUrFMqp7hcnpgShB7ALyBDJoqgE8smJfAtliPZkaF05nDkL6ETc2HLHJLOzoSaUdboVQejmII8oEajNwkYdRgPniV6Mpmtj8erGxvrm+P1zfh3c2PWztq2ccGhVYZTUJN22jhI1cCMDkrDoPYq6gnbiqQiN4RlIE8QMi+SGqYyhaITOhISzoB9CD2KRJf/lIXa3F+qtRdXSUwE+rlAh+nKOrM8KkEy21Vvi02hR5yE4r3ahnQhusSrI1aEOSoogUbw0eyw6xGr0jRsZXsKykQV/h8E7iSSIx2tu2ElJ5luLW1TDTfoH6EL0kQn8keV7aRgnBIHqsgPRRdQi/MeFw7cE8lBRac4H6N5XqlCb3scFpJMjFNRB3N2EWev4LlCByQBpuCJRskcltpuLHOLj1zO16qXl8Mbr75u/zU3HDjt5BOf+rhH3O++97zk8usITsMlhl49wRDuELxbXhw996mPjIftP7R6/n9+WqNZ0Jn3O+1FP/XdceOHP/OVi752tdGmVfExZJUealuBpUm86bz7zBcu/onvf2bc7ZSTTrjo4mu8agH/siNtqkBeKWjP9NxnwPkPHFq73zk/2MzGSMMZRewIjsm73/SKRz38rMc+6mF3OfG4AyvTEFoNeFAy84GRhj3h0mxnQmYnQXPgjo1fAXGiMFwmbIO2POJhZ5xw3PJXL732mmvRzQUikoBcueRKNnd54Y9/7/Mu+B00AYIkGl0NIJeshdgyOuf3P+vRtOeHPvVF72p4PBYkCToU6biY4KGE1IoGXykXn8/wkG7nIs2INYNJWFpceMJjHh73eed7Ps4wE9qcPPiB93nZr/xI3PMDH7ngS1+5VAWLzA1c0WJ7wMHIt5+54Cs/9aPPibvd45S7fuXCy4Pl+/3godXHPfNHDu4/8Ht/9LrnfNfT7nmPU17+Gz93/n9+8trrD8IzP8yxSwHJPNvdT/jkUMDvFY2Giyp0hHKYM4RBZtp07jl0F9xMxxSRSCQSiUQikUgkEolEIpFIJBKJRCKRSHSr6+DKmoaqujeFsUEK3OnCPfiX/hozQpiRYIYCDrIWcROIy7HwJ1aNgzFYI6wIMuGEE615B4XFUx8oroSL6FRXTIEMTCiklupUwNcljeEDVdMDkSv0s/+OOzHoTYCWKq5tZ/WsDWrm/MrG+uHN8crG5sZktj6bNK1rYnHX+RaSYxBMAVoh9gKqzB57Rjk/0EJviWeBDwGxhpS/ggyI1czKhEwLKLa56MgFogOwn7aYDb8dh5FsAnSfQknveMoCkRE8I5Xh0xLKA/4ORVNV75Klh4Iq/U3Sf/OFXfZc4Y7RJQ3uaVRKYerljmi2qeHavSomdIuJRwg6u7vQpjjiZSAO97b/1mtFHhuZwUntAhqoI04IV0ofQmGQw53BaVEl8IE2DQxv4Bb01bAdeMG8RwZ7uF1mm7N3nWBvE5WGg/0wtM4JU8nwR6tuC73DIVahuzkDk0HZ/GfLNOsSFuHUo0B3mqEMlPTSW16qaHdqWWq89/r3X/cf9MVv/OzzKGIJ4An0XwEbkvjRs0vS87/3nF1LC3Hn/+9v/mO8OaGV+bXLr6fzf8cjz/TxNvQtnh/SbUy1WA2X7HApvrnv6afRbl/92hUh+y2BKUrI/T3t1BMf+U2nxzf/9p6Px7sdnwbAiJjuZf793R9T6HfyPc98DDTLt8G7jqrSmoJ1gDipFuwgXn3RDhbtcNlQS4aLplqAbzFqR83DbtDrpz0e3FzO/+AF5HqiyR+lGnzssxd/7iuXx6+e8tizH3TmvWIXPD122lnbNBBFBpiSXxhVz37qt8bd1tbHn/zMF+J26KwqLVXgVgagCAdWU86Zd4pRQbqJ9Za5D0967NmLC6NP/NeXDhxc1XwvAP904cVX055PefzDcUV5fJJaaytrB7YaGguv+51xOu325QsvLRGltfWNgwfX4mKYTdsX/sbvxS3Ly4t/+ge/AacCJ5ig5sxXtOrdKTr/6TqY/gm0kgguYaSKF6K5OYYpIpFIJBKJRCKRSCQSiUQikUgkEolEIpHoG6UWjD2ato21T1fX9WxWN3XTNK1zno1MgNswVZQdDKrBYDgaDkcLCwuLi0tLS8vLy7vin0XUQqxoLoziazCKO40Gw2E1HMTjMokCIicUADbAOwS/sFj6Th4p2qQ3uiuXliVUtqbAX8wHCvwJVF+OX7bgsqC8sY3Ws6BqZRpt15p2/8bmDYcPX3fw8JV79118zXUXXX3dpdfecP3Blb0b6yvTet2HsTK1sa2tnLXOWG8qrweqGnhboccJ+YbEQrvVugKoA20atOqcV7COinYVgcv3IVkMqGCxvm+JzNFpGLj6GsiXhC/BSTiBwRVCERJ3kNXblq6vaPjs3DgmJ5hMReycfMM8glfsoqG4Zhy6gm9HtnTy6XQhlOfmA4gi0DqNAPTfpsikrkklL1I2KE182kKtKnw+crldlfuysUznjZAtd2gGuqvnoVQl8JF9PdhqhLJMEEAx5ZGqnIquxG/I4UMnjAgJD8Xd5kEwbOCTGkaMi1YdX6K3zE/h8RJ2nsedleaph/zo1CacIR6BbRuQ9+dOaf3W9372wsuujR/OfdK3vfYVvzCqbPCNd7Pgany1wTXx9ZPnffuv/thT42437l/52396T1qi9osXXjmezOL2Hzj32+9+0rFtPXFtDURFbEplq8HQ2tHy7t3f89Rz4j77D65cC4E+fHNQtBAFfcXX9z314dS8f37bhzXjI0NTjcxgwVSL8WUHi29//wX0XHvud34HrHOwB3GqS8mBw8AZBWCLERxbLeDhCza+saN4wviVAiMQMwfl5AF++uO+Jf5z/gc+y9gcNV4T1wAAEABJREFU3ZLweLI/+7K/rpsWWvjnL3voWfcJCJ3ELrf1FBxNfHPcsQv/9rpfOWbXUtznRX/4lxvr68q3KjaY+0g5Z9BmTCtyIbTw1wOs4+NQ+zaQMYkKvaUC/6hznwbZOm9/90dyXg1Zu1zwxYs3x9P4+UfOe9o973GXeCp0cEnmP7gqdh2z63vP/Y64Yd/+Q9dcs6dbSTxqBh6Lpnrfhz7z7+/4z7jlCY955Pc/+ynwiEasp2Ox0vLRXwczIriJSCQSiUQikUgkEolEIpFIJBKJRCKRSHTHEUEbVJeE3+MjWjIajZgjQQFdEl+7luMLEJOl5YXFpUUgTnYv4WtxedfC0vJocWkwiiXaWOcdmuEgngvzMQxmNVj8UT3DJ6lSb9H3xGLOBuRZxCKz1UYXPhBzrQ1alRBCqo8brrNisdgp2yjjTFXbar11N6ysXHrtdV++4oovXXH1l666+ktXXPm1a6694dDKyrjeqF3tTKsriNHxpgVzChsg3MOEgIRBMFx9J74E29OhHGWNnur429f/iyMIVeFjqGxtjvg6qvJq2SCNAA6Vw23CW2i8tNbZt8Snsv1cm7knoQM7tl6uvz1zJgwAqaNo7Q7fmO2MXkJOk1GJOPHpii4kPuYI9EWBdHQWC8lJpBtqXKVlA46uLJ4nsTwEzlx1PVAq29TgerV5hSN2gn4+VIc32XBIK9WfmrmIo63T1mvBEdTtG9CaRmsdOqePcMQD09jlS0HilH3RK9/4pj/+xeWlheee+x0Put+9//gNb/3aFTdeu3fVtf6EE4598APu8fTHfdN5GKwzq5uf+q3XzKYz7Gyl9fDAwfXfevWb/vi3fuweJ9/5Q2/+/Z9+yWs+8JH/bhoH2Ed8loyqxzzyzD/4tR845aQT4uF/8ca3YxOR6OEhwr8eULPve+rZ8f1lV+/5wlcuVWxzMoAIHkjJwekI7vBa+4kLLjzn7Aeddf973++M0y65Yg9yG0VKDrNxFaEnxg4VuwZl/giHjoyMeqMN9/9ZD7xXbOrV1++/8GtXp6MMLywdrrhq3x++/t9f/DPPudtdTjj/71/x+69988f+68KLLrtuMm1PO+Wu3/xN9/nNn/6e+9zjbvGwD3zic2/85/NhakxV5s4cu3v5h5/7dHQVsujdMsBQNCRR8Ob+h39+n6esq7JhWlWVeeoTHhU/vO1dH03Tx8+XffsO/+rL/+zP/uCX7nHqSZ941+t/+ld+/wMf/dzmuAmIBY4WBo8/5+F/9PKfOeXkO8edX/fX/8J3ji6YG84egi2/9rI/feLjvm33rqXff+kv/OeH/2v/wXWF6Uq5KcmF6IgLjUVuNj03qLk9RCKRSCQSiUQikUgkEolEIpFIJBKJRCLR7atqMGQaAkqtECcDHIgmNiSWNQ1Wwi2jDLhbmYsQVBdZQg4CinNldEpr8WRL0KUhoMmC5/QZ+AMlRTgBeAwoClXg1BAsjONXOaoEc2RUNmeIp3Xs2gCGAq3ysa69PputbGxuTuv18eba5mRzMq3btg3KIVoT9MDHo8iywhBoAsEWCswDXOYmwH3EdEYrIddKuS0muZH0686dQ8aRC6Ma+6JuUkf5q342Lch+MVzeJVqGRVfbCdFIcIfuPpaHaV3AEz5/k/fyKfLlCNyJLvmPmy9OAsqMCy28o3P66MEYOeKHVmD3hVGM5ZibPF//Pc1mNliBfytCE+h6eIPgEHYTRA0wlIhDC5jvE810jdYqn7Q3jWGb0KOjYWTgPOmuyyu1CF0KuMM2ndTbep8kD49Pf/7yxz33t/7q93/mmx5w77Puf6+/fuUvxi/rpl1Z27zLnY7Nu6+uj1/wG3/ysU9+XhNxYgbawr33j2/7+CMect/znv7oY49ZftP/95txz2tv2H/V9ftOPfkup93txPzAee3fvu1Vr/1nvM8rBb4a7JJELX/kw864+12Oi+/++Z0fw3GNDRuwVQlAJxZuZO+1af/jfRecc/aD4p7nfefjfvuP3oS+Pr7oskFErqIHCs6XmR8K+hu6MacksLjjM574iPjxHR/4L16X8PAcJKAJHj5/9nfvO/3Uuz73WY8ZDQcv/cUfVvjcXNsYH3fMrnyJv/rHd774FX+RjFLQFCc14M4nHv9nr3yR2llv+pf3OAg2KkKz8K59zKO/+bhjd3/+Sxdfe92NtN4M9g7bFv7uze959MMf9LzvfVLc581/+b9gCq6/8cprbjj15JNOO+UuzEYp9Zq/+MdXvPqv03OmC8qC0VZkymT27lv77Ve+/pUvf+Hxx+1+1e+88If+x8sodiwPcAhzq0gn6Cq3OBMt5f/XlN4/YbukMJFIJBKJRCKRSCQSiUQikUgkEolEIpFIdDto965dyWPBWoPVxC70o8JiJ1a9uVZt0hYMNEFnC48lerCdIEMKglE0l8xDqtHGtxQ4krEGEIElbBWiusQQzVVdLD4GTpuZdxXQ5HzilfZBt77dnKyvb26uTaebs2ZlfWNzVjdKu6Bap1oATeAQDw2yXhlAZHQseWO4DV48/kuwC3ApWP5Pl8q4DH1UW5gD/ick+5VcL1Y7Axhq/jy3XGVpNpEBiS0INFZdE1VJn/Cb+fMl/5NUXs9fcDyNybYbPGfeb0170fOt267lZeW4O1KrHCYy92VBnGD9Oqi+6UeBc/Sum3EK3aEXPFahnNZur+6Uakur+1E+wCshFhICg0QIN2UrCN3xQDYjKgQJEWuC9XpDpXc8tVGdI4tRJTjEnem17ugXUXG72SL3R/ffl0szTyISGIwpsKdF3m6q4dU3HHryD77stf/wjrX1MR0xHFSZOJlMZ29++4cf+ayf++DHLiDEzVYDE1+QYjMwuvr5l/zFd73g5Rdddg3tf+rJdz7n4Wfe8+53JuLkI5/+0g+98A9e/Iq/pEMxNGcY32CSFDfmuU8/m459y/kf1+RxUg0hFmcwMgMMyrEj3DJ614e/7Bysn2c//THQqdBbeUjDVDwdaRp0IdUb++44DF2yz3wCNOP8D1ygKZgGT4VPVUuvuM8LX/aGp/7Qi79y8ZV0bPw+EydXXLPnu57/ol956Wum0ylOPjbGVuzUcjSCOB7X827BLKtzn/a4+PZt7/6IonQoYE2ohTT7+ide+IfPfN4vX5Raderd73rOIx9yz9NOov8/+PDHL3jeT/zmr7/0TxLQA9xPByhpNIYhkMgMXv/353/+y5fEzd/9jMc/48mP7reP1rnpyC+MrcKoKduNK0MtO8Bf4VZ6cIpEIpFIJBKJRCKRSCQSiUQikUgkEolEoq9bu3cvL0NmztKuZUjMGS0uDRcWBqNRNRzaQWUGAz2olIUiuIM0E98637auaV3868AYRLU+NN63CB74nvsFG4EEfAHnoQxCHglJwVgMTMZAesE51zR4XgdUQQjpVFR5NEEbDy/rjK2Vmfiw3rarTXNoOrnu0MGLrrrqwiuuuPjaay+77oYrrt+zd2VtvXEzZeNrEkyjqlYNvB41oaq9boP2umqUboFK0XBmcEmxAdJCoBQbIFLDpvAUdHiJxeH56n/8aPOLYnToC9374f5OuuWFU91/qRI30QkL0D1Wht+mUWUuhYu/+AqIRmRThQ6OmC+4YygP/S8uAN96v4VaKTgYBAV69fq5On4ew94+vQyPkPoZugUWQrdC1HZIwBbuBNahKaeJcAtybUBXi4SCdMrpOXOnMvmV17wvmgcjfNIjf7LoTFoZhjOZVOFGkwET/sBxTTSM/UHHdCG1nZ/M1gWHKFB3QpSl62CwjurHAhGmEJAPg7CqeLN71/hm6ttpfANfoXeIHSyCewdgEJp2C97FHUI7864Ovrn7Scefef97Pui+91heXtx3YOWKq/d+9DNfnE1rNqgA9mJoqoGuhgYYBROfKPV0s63HwdX3Pf1u9733Kfe5193vdPxx19948Po9B75y8VVXXnV9WjKVBuJkAV9DMxjFLQg+tfH54Zsam1qDcwlgHnGHRcBTzIAIEkAxYlNjO1voFEbSxDu90sBPKPjoHQxK3GIX4slttQAsBc1XX965eMUQx6edOhiiCQ4a+Z0QrYJLDdxcBvi3gqgcHQ+sfTMJDo468YRdZ9z7pPuffpr3/quXXHXh165cWV1TeTVjvg+8tI0z2dTTZroZp8Mqh7e3D9Qpj3FTnhaEYScYhQRdgNShKJ2QQZXXGVjFxOed5ZHxcQDjPDbxOf/A+93jjNPjFJx2wvHHXr/nxmuvv/HLF152xZXXMZyFxFLBwcTrOHYv4Rw1jVRYq8E2yqXLGTSSonsEQ79iY2DmPKKLhDoa/Jb+jyZgV2C6ETOCx7E1Jt0aBNPBiv3qB18f/558txOVSCQSiXbW+gYgobt3LSmRSCQSiUQikUgkEolEIpFIJBKJbj3dsOdA/Pvfv/XCoKi8nXIsOLIE/3jCQhJV4AkG6UUbBPiNvw7pt/XkExFrj4ptH9hew+AP/hVFg+AJbSxE4ukIklCpcOqpIkm1+FipRBsIcoWooRZpZ02zMR6vTyfrG5vjyWTWuKZtgYOBoqZuvGqCcsq4eH07ACwgQAUWHSnQ7ASrlnG7g5KoCYw1QAs0sS4hZIYj/aie+2sSi4EWGfNlfq+yY0ZJLqRjseZbkhL9on+2ienJbPmx/1ZWxaRcHUu2Clvxg2QK4rNXCI1GCBlJ8XTmwgolXyskhww60ilHSTeOPU5UWi60Hx7YuYlwEIcugnXS+qFxL9ZS+pM2em5s8g+hZYYLMvBSSwOYMQxdXAKGONXKPfpY2O5yHHQTF2A3KWHOXEGrNHFdq8jHpK8ekYPqfCBSZ3V//w460Z11jC7BpZ4pUD578B1fs6ORzjbSWvcXT3GpHY/QAD0Eb8mXwlgMi9E9ExfEMhTdDkBV2Bv2rV2/9/Pv+/DnSqMf9rcIcQbI4wRYEGMt3W7x5SHmyl54yfUXX3a9QccZDh4igyU4HCAMw6E5Q6QxTFCUshSn0AOdEAbksKSxqbS/MpazYDw+q6w3mM0EuEzImEh8Y4NBRyVTGYIqtFFHQsOQLEE0xMBKbRXyFIGeW9RgNAXBUxHzER9u1g5GTnvt/d79h2/Ys+8jH/9Cnkg2biH/GDsguAdaHFo6FXRKWcMxZHT/dvcwLguDWWEGPZzwBjNF5BazSfSEtTo5jkALyVrI669cdPVXv3alCr4PNtFKTWRJ3J/uCnx8p0cinQ3uKfifB8wGMSaGRcDohWgqfqAH2MFSqhWbWnGIl/F4IZMewybDZSo5/eijztYSiUQikUgkEolEIpFIJBKJRCKRSCQSiUTfODVtG1RGCjzlzHBqSeD3FHfDBzBMkJJZFBc/Ffzy3ud9EENRGKnD27yDQqSBujPL+TaW82P9kkmIWKOtKgiGCMgaZCAAysMmbmx8O57Wk6ZdWV8/vLY+mc2mgJrEI4zHOrPHX//Hvy6+oGRfxWp5rDgHxe4q2DYoZHry0PBQ9Qzk14B9JksDBhwKm4k5EkDr7eXlET4AABAASURBVGMf9I4UQIZvEmzBpzUlwaO13uHY3iXmzqoTfJGLyt1k6XLfZA3CM6ozcRJ2aGVJDOQ3vDpymo7KNe9QhpTkNx0gUZ4nqAK6YOAmjX03iqFgOHyGZogJSoSMVnMgS9eAdD62D8nt6Y9l72PZ/Z5y4g+I3GB687K1/F0Vq8Sn8yeIgaAqzhPRuc9F44zqt4PJGzaZyU0+AhKxrUKx+NQOnUViAL5BUxYTTDVSHpuKtAFmxFBUluHQIqSe4p2lvQW3DDPwviGbjcwrIehQIQ1imaVA1AYeBM57uM/jaQeDYWWQYEN0BO/aQAQGXhQ4lSFhKxjvYnBqcQXCfW2VHVhDTaWjgI0o1h8OvaliM6HBvuLm4T4B4Rd8QiApgllIO9yTKq1dOJuydDs1tIKNJuJKw/zq2AayD6Ih1eioEwfMBe+tc4BTBJe5KrYoAisQ4Evg5AabASZPhHr4OD7UXnj2wW3hYfzhn0BRNfAcU5ruqLjQ4uhmnjBNPGCBNL8Z5gjKJjjM4MTF87le8BDPdIXtqeAugP9fgD3T3Qa9o//vIAMVZN0AItT4/yB0DwY0NuHFi/gftowaj6sGUBTCgUzifmARzC9TIU5EIpFIJBKJRCKRSCQSiUQikUgkEolEojuAmqbhqI5cXMXiaKro6fSl1uQMwXvMYQ1Y903eEgoRE/rCZ8wgsDuGclRfpJqkJnAC6rLWtlr7WCQFCw3VBNc2rnVN07Z14ybT2eZ4c2Mymzb1eDabOR8w8cZ5y+eBCjXSJxoTc7wJVOIPin5vn6xYsJI9X87HmjC0pVJ8TBoJRSXzEsAoiAqVCAjMJwkZq5irh7LHitkKkJS2HHMWMrl985/TyQ3ZS6QjTJ6MHY70akeFZJwROPtIz59HM/YRPKe8OGROfPIIyfSJTv3SGfKY75TO9EXyGskd14WhCZTR4wvq6d6ndvabzdcOlTHqpmRVCR/w5bynpiQaRBP+lPbTRZm+WDRFvXvHwndVvCdPCGYklM7RNobsPMprdfvTuvOMBiVUK3RWD3TXKbUzGLFVeUWXkxv67zvHmKDBVAOICsN8jEGHDPCPAQzAZE4IrI2sCQCdVN46DH1pEnTCzh8InZBZhkXvCojlaeP93TrkEMCnp7KUsYJOJLxyDPrTEJWCwS7gtkJMT7o8Lv64VzCxDV4xR8JNzf1NwwZcCiRpGR84xEgTdpHQHwpbSi4gR+JOkA6Bx5zGhC02Z0mnNETM0AJK4TYWATkbYhcgYMhCTI/3POwa/UBwKDC/xvAjGIEPa0ceiJIAli4wAS60LfIlKpsoxaPRxgXGi+8+xSFLabjI2oTNo7LrkganGQRO0KIEbz3fPch4KAwZkAQ6lhkb3929xbqKw8zQSfqWAZOQg36gYSEk0E+lewRNVnB6DZmd9Fds4XEi2IlIJBKJRCKRSCQSiUQikUgkEolEIpFIdHurxRKto0SGbOfAHEqq+eJfqs7SL/K5CK855YEr8/RjfkWOFKEo8KdyKqMhaF8AuR0LHhXrpBXEWVhiTWbe1a1fH29ujDc3x9O6da71dQv0SeuD86EN2pkhwSHOMApD5ihcGw0mmESi+C74RTFhUhISnbCE7xQX+5kGoM579nPQqUKbQZQ554wjFUF7hjF8ZEZyEHzQmWzIA5l9RPpOHnMtT3VZwlA6ZqLfydy+Et3wfauL5JzCb5MzSjrQB/KzgYCbbHSytae50q/nWrrNmHRvdN7CKUe+uDa5s6gucadnwlAYahzhWtQ0MrfpwCcy7OAuq9I2hbGiLb3btsuh78wSKrXFeoWJnMSw0NnTMCnV1f8LFoXPTQMxP+LUyB1gpR2VbtRtv+p9wpI/3E4Fm6ALJolu/HwXGPIXgV55ByOQRlzRw4J4i8QZEVTmmhackeA2HgHYxh4wDlkTzZYYbCtSBfLhQCYjL7AEjhjqmDZlU83cyODQUmiL6R5XqmxnnilzhOWLi8albJqBNfQRH486kz2mOA/hFIqcnOJdB94tYQjhX8EXT9yAQ2EVr0udnGDgKQlJNEjQYXoZPGM9dtHieja5L2xDowivY15I8SOY+6jzzBVDw89odIOCO92Xd5nixyv2K6hklRMKRx8izIjvIZOrDjrBVJ28xBLjE9CJJhhH18JWxR7rFIqliimY506O/GgRiUQikUgkEolEIpFIJBKJRCKRSCQSiUS3lbIBhs+l6FCAFEUBvCxVB0wZKTd2SShgTOFzSTgVE/mH94ZxCztaXKpbpyAfR8+cb+pm3DTj2XRjOh3XzcZssrGx0UAtkiMgAiAhYIgSa7JGYT4FgwhEBljFTInJSSTeZ5MIlXxOqFTJ8SGqREXQmAGrmfN0iOrq63M1/z77UZZo+7tuL622/wG/Ithh+x/zE++iU9GdBhUr9JqwlW0JDK07pmNrM+Z3w3dp2NGjJnReG23xPhSgQucLYnQPOup1rVNu59xX2dKjRFKIEwoFIrDNsNyEQm/KQiKHMvSR7E9UQZ1si2eE7e1nOEyG/lZly9LQkOVJGhLAHnLCEFE3hgN0AqXLqIBLOJmdZDSiO7U6qp7PC4Ko4JTJcIKa1V8HiWUxxTLscBPdi61J7UdrCqQIKhWq5I6ToBPwR0HzDPAGIdLC08olks1WlofPDBBHsIqdOsDlg1Jj8GyWeQR0ENI5uYaX7FxTu/Ehmoy2h0RXafYRwRaE0B9SvfPYBr7hmSKqkEyLS9+TTUs+kBczLTXssmudd7iPJRuZinLMFMfy6I548siocH5ZQJ5noJEjcQ4YF7Q6MnlVaFw2GGGmEiYS0g1G7E6er26iczuJq9N4iILknQ466fibTB0RZ9R3GOpcmFKgT47Fya5MRXtCNxcdwwRBQugdo4h5Mrq4g4pL6Zt6uopEIpFIJBKJRCKRSCQSiUQikUgkEolEottAjqqwRYW/4C3IAQJMSRgdQWaE0Q60M4EaqvfpJ+1dgRkKiibQz+DpN/dYETX0U3j8dXs1njV142az2XgyHY/Hm7N6Gj/6dtq0TfBNCI3XLp4lFqO1ZXxFGwdGAVi+1FXyXuHvEqShwRgAnACUZ68FuKgre5Za2qMXkpcLymvTIQjzCiqk7I9EV8SPHpkBhW9UOjaVwbUqmYadVJaAs0HAtrv1oZNcq9755JmsgXkKRwZiQokQJRcGpwr3kc6bIZ07DYYm65mwQ+E+GKV6zUzsSndlr/sN0PNt1bluXeIExZuwPSqi2d1EpcVM5IfKh7DZROHd0D9B7vg25+8RJ/Fv1TtSJW8GlsmGD+wnQ0PiVQnFsPlFujYNaiJFuL9qhyWSvtX91jN5lBtNHVaqZMvmh3Ku3M/3cLlPmuTEIDG1AHeuUikRCPJzQuu0AQsN7118Be8MRufwEjaWWLbA50uAWmc6Qu1nAyKU6biTAjRRqVlz46MTlqWzu4w2Kt9vW3u6s5JXRxoKSMMJW4/rJppMeqDXDHLRFcHXpFsC2e1DUfAMHu4Rn/PdSPA0gXkMQTN5G7ZHg/FKSGBO6G4KXSwJvYVKK9gUHFWzbfcTLNLt3+PwyjswNyvTafmhwIMfesATPi/JUKokmky+ITEDzdMI5WQvkUgkEolEIpFIJBKJRCKRSCQSiUQikUh0eyqQGwH+DL102QD5XBzU+AGiEjz9/B0jcigSASMjMoRATIE14BcCBWUIkVCNd8PR0GGNMf6djmd1vXFodaNt3axp4DVrpvGDsrH62EJqBIRgBG2RXFEY94Bt8YZ4Ac9VTROo6ItJFB5jKwCMgJ/Lo9MJJqckWxD+dXy/Lk2QjNlS79/yw3qV3QRyebhDVxRlBvG+ODbFsVRWpmSRrq6dyYPtVFSEtVJlGZcDRxSVlCnQhGu9mr0XSiMDaAq3DfkGHoWtphmhqwQz80HdQ5oo0JvkbhJCz+sjh8aQjFaZ2NmxgwnyIIOPoLpLh3xpqlYzepEbx9fQcwX+jhQJiDqlpoVgaH2DcUboZjzwWGZqiBe1RruIdClCsgLXzbnbAXx2QgczIE/iVQcNQKeq+Q4nHouu2hFIOhEn3VbGN9KkAMpTQDZHIiF62gJN6D6GkuZ6bpp03wkjtyedM1vTJCZClxdMGzBXRdEDIWT0wlggTkLbNo1rWwLREJIwmoJ1YMBNuh6+p+ic0LFLeEgoGCutEtHQ7244ioGZ70Kvs0eS3+ZU/NgI/ZP5AiWjMB3fA7KCziMUKBAIPE68pqeywjQe5YhU0sk1SgWnwftFh7LfaVQ4AYevoVTB64Rw0w8dxAzdTjvQtPtky1JcZdtTdXPUfZvbyx91dtkiAIm/LEepYFlSoptAJyKRSCQSiUQikUgkEolEIpFIJBKJRCLR7a9MD2ClD4Mu0o/PVaokYp0U3vlYP0UeI4EIuvhBO/1AnX5NHwv92lbVYDiM/zSt861em8wms3pzMp3M2s3NzclkGguHzsV6qnFQwdWtsT4YD6wJVFMxOQJzOGK9VelU/ddMKmhT0BgKkyli87QjgxOdw3R0UAmxCEimsK9BAjcI14D3Fg/w3WCEfiE11z2VLov5gQ1SdEmgFD//T3wI/tP/BX8+8Y5V4PQ9d1OnGnk2NoFSPQMWOnWni61RqvT80DgxcWxMSLYcc6XiUGQtdRsJD0FLG2ZOcjdpB81F4WyTkM6s57pRHpVP4TOfE6gBpeMGlpiJPsHF0LOQKAeoZ1iSQnMU1e0VV++VSccYVfgodIwQpbVAhwiz4RGjtnVEDPotoN+OKnxuyjbDtatUoce/QFSwnwe5ldAMbp8RwmQPZuuk0ckTeVPL5cjSO2y5qeL9VlcMdZNHGNUxa55vkuCCb5tZ3dazuN1iRg8l9TA9xmfGuz1d6wj+HHcw6bxqUYmlYvcbT7cRUGBaZ2yLb5yiW6Hw8KAQMQBX4E63AHvAooCAnvQgCCqve7718gNhi44a0rjJcS6xEp04nVs2Owkl6YYhpGec6m6Z/ETLLRDmRCQSiUQikUgkEolEIpFIJBKJRCKRSCS6/dV6nfEDA14hudyZaBKyCMHaN1iIaAyIoDppwPgLY6rKMpMRMm+hg7HTxk82x+PxZNLUm5vjSd1OZ3VTu7ptW+dNpTGAx8cTeEYmDKdqUL0fXp5NThAGQI8O7QOiMcwYJAcKVCzrOgQrsBGmq4Ti3l7nfuWCKSEUObGkrJn2rQKKvz1tg1JsoxRUpG8xPKAzHER5E5q5BeydSSf0xRU7VxDvQ9mUHAHDZVy1tbUhsyYOvwfihON1PLEX6usGANg5JJQ2J6rw+rjpinKeFI0GGWDvUB6FpzNsemL0HKbSA1j0nNuKoinrEnMMndnzjZC8T/LgUWwQEzhw5orbR0AMNVWbtJh6HchLQhUfjqb/t4KOZga3A5R23rnjWEKHahHXE2/N1jt8+YDr16q0jj1bwRRn+D9eeVXh3USxQr6H9W2rdNMp70B0TDpCYzYR4nqqCM7By932RI7uzEhowy1ZtOVSz0NDiyHitu9+AAAQAElEQVQtoXlUrdtVJBKJRCKRSCQSiUQikUgkEolEIpFIJBLdrnIJR6CAkGTdADSASQVNjbQG56CkQjvU0qsKAnQqq411+HUshDrXYplUN81sPAHmZGNzPK2bum09uk0EZZRdsDZeegaxGcq0GH7i2ZciW5hkgwN6w1xIoHyKwG/ACIDa5WOlFgqxnquR3U/m6ZPpOr3VNMFjv+cqtjq7nexInHwj1ZViO/oll3iNMaZDLgqcgraETJaoDqMIc2XanbtDIRxAnPSpHu992bDQP8fRjY9XautQby0gdxu2MefQpnhPu6CBjd8WV6Bh08mVhC1MkiMJ70CriS4cEgzD/8FmV45o324Bb40t1433BvFSJJP21j0HlOx+k3weQujFGG3tirq1dctOOY/t7LAXenTAEwTTr+KDofGucc6lgSnXcca7En+k9M1fXkelknL4esw5tmrryfiJGYg3cSGlUyWzGNM7HP/GPQ3AJXH31nmn8i0Nt58m5iSn9txGcNJtKH6spHuC7lzdh8lu0yexSCQSiUQikUgkEolEIpFIJBKJRCKRSCTaWW3bpreGfDJ0cn3geAMMv0gVQOYb4B9TQdpDVQVrgzGzup61fjoer21sTCZ127hZ3NQ2sZTvMFMjQH5NPKzCmj94kAQ7CoyycA6OKoiT9FN39PBAExQyVwmGTQPiPy0SAV6lsi5cBTwvKAInqJ6hQOAYmkJHrFwWRfBbgTgpwyhuznEMJFALDL0Mu5x0Z6NYHXqXfEp8gapkgoHMYBQlFWntd76qYi8ZIAWIsyDipL9bWiU3oz99S5F0rSMfsdM27C2F4ISEcwS1Qyt7Piq8unQ6Ca5JcjHRGdSB/3mmBsjgJV9b5/SX3pV0Ny+VtiZtNWmYdIfAKMrcySQXDkmyl0ls19fFRujtCIjSJ0J3w5gRrbBNRT+hOSotJoX5QGonFb4VCR6Io+p9fA4455omuHjnGmOt1vFV0fWSIw23JK0KrfvNOQJjofuXD/OIld46qrhfiSplZ5sd7/n5k/RtYGju0uAQt+TwIuDy0oFExDVBr7nlQeXYKgoEA8TExXuPYnSUJQQvbgsd9hTyFbXWhYvSjqLldeviOyX7cktOHOYpEpMow2zEVJ41jWzvbhaJRCKRSCQSiUQikUgkEolEIpFIJBKJRLeXmrbhZBDtuvofB90Q4qCUNVZzOglutxRLU8e6aF3XPkyms/F0thlfk/HmdOrxZ/jxLzAjZqBjcRltVAheAFQlFvi1coWTR4JOKClGZ08Kw+yDoYpsq5TDiBPyDEi4CRwO59dzzEpZxWYzE1XyH3kUCsxAdft0JMCtVaUtz6N3KpkWRdZ4aQu0DbTEsmWGprnoQSeBG5kiYBjl8ZS/geEzVJt2XZRLqpKna3lqExezs6FNCpQpDknYBTcgyoWQiAp1FKOQhjqoAgzSvoAGjkgWaFwT5H+Al4V5z2spOUfoZG7DCS/JWoTbnjgKnZqCbE/IKU3ciuR/ohONEejEuoM3gspnJ9sOAkwqVYbo6PLCOiRAJvTQBWaDsrWMUrdOjlGhRMpoNXcz8PZip9R21d+R27MlEWXrVcjHBVNgAKFwYNDRNo6zdXDIcTmHwtWk3z5TjluBVISteFEg/qzXnl4XE6WRgZ58YNfDuUsUKFPeOa/dbm3kUcHBCjo9MohVIgAMuu89WpXMXT0jWCGdh1ycyOUETaMwIyqbDeHTj8KJuDts4tPv1zYqyBh1ay6qm63U65DYm22UH9LlnUL/b5CprJtibEQikUgkEolEIpFIJBKJRCKRSCQSiUQi0Tdc7GfBBd/43hBeEsvngcqfUBeGAB3PSSMU79BO6no8m03rJr42p7NZG8vJnkqk1gyAVwEfBx2Low5qpNpDjTZeBc4FhAEUYi38izYIyXIiYSLoMKFyHRWqqtDQFuw2gJzI0AnyKFRsxoAVRRVrMx94ovVcKTr1X+2sHaqy2eRi5/30zqcrivcd1FIemMvOiV7oDgSmQekcSKJ4+jTiPGTQQf4uBEdQ0b+osheeBHy80dlcgwZcB5gaGi7MA/GhV4lP7iBFX8JR16/LYndZNQ7dl4R36J3CS5gBCFp1jiF6m+vrXK0m5gSviI4j9HWJO7GZBtvDBOd9iYKE0NW7c7+JU0gYVolfxJVorIVXVTInWwxRCOfJAEde69v5ydwi6S20CH1SXcu7Xed20Nt9W8wIL078p7cp7ejTRsOMRfBt07btrJ5NHcBocYQgWCeOk1JdWFJeHqHfRt1RO2EwsPERMhnPCoaIvskIWmE+guQczjFzSSfd9Zjfe+Ezv3zJDa9+w/twH5OX9zOf+JDzP/BF1zo6mIK+yHBlbn09+dsf+Jrf/N5/fvdnX/3X7/1fv/zdn/rvy/7+3z6BOxkGZjRYkuCTAp1y4JHl0LmkNnnd8rBln5XEYQFW0gKZ08Y3kENkdOcF5ClYR6VHIwxxoKdlACDvCPch3jahu2fCrQHTbVlmN4MD6dCTDOzwqUpuKPe1eFbgG90xayKRSCQSiUQikUgkEolEIpFIJBKJRCKR6PaTtlQlVeA9EKvAJnlAwK/ruX4eS8PW+sbVUDhuJrPZxvr6xmQSP9XONQgptD6WPKGajEAJemtwsV/Hs3qsCcMlwJKESAXiIYzqnD1MbhMCEKkWn+rziEGEFsu08eWwwk9BMVRkTiVnKmAWASD0hbmJAquex1R2ZCm2oUy2405C5yqyDQCwrdNJ6H7Gr6gLmTtB4xmjixJ8sglIA5iqsimpA/0lki1DuuQ8QkDwgOfLpmHHd1Akh4AP2NfnwzUjG9SM0jKhpCxCOGL9mxN/sLhfQi2q85HIexZjZtKwZEsb1ZEoRT1abTt3usN8VOepwa1FEwmykVChMxkxhR1Pd7lyvHXezNAEUiPBV6kFJhM+SnXGMuxlQv1HSANpg8S3JKcTjEDSR4QJdpQuJiSBGPQ5cy1GHbUyZ9SNTtevfEKven5BZBijXHxu1M1sVgNxokxlra0GdlDBk0X3mlnI9JASvOjCwuBvfu+HFheqH/jlv4xPIPrqJ857zNLiKHRQQre2P/rZSz7/5asQf6MVo5YW7BMeef9BZYNr8CIW0AtjfuUnnvwLP/DY73vKQ3/8RX+7uTlls6f4LdyDpuBOaLb84sJgNLTTyfisM05+2jlnXXnN3o9+5mtBW8q+8om2AYeTtoG16V1wsxD7b3RgIIZWIT+tOPUmAOrl2lm88YhhwntMo8mTprie+HraE8/+5Z/8ni39PZJe9ef//K73fToFmBn1deMmt4r+f/b+PN6W7azrhcczaq59QhIawdCETsC8hL4JrXgR4vUFMTQBjdJcCJcLggSCXmlULgLSvGLk0kWUVxEuH+BiwEhjMCgG6QIETW7o0tAlEEISmpDmnL3XrBrPrfE0o6mqOddca6999gn5fc8+c9esWTW6GmPsP55f/Z4iQ9OthNTUxfe3Zl9jPwimqFtIUAAAAAAAAAAAAAAAAAAAAAAAdwmKuyZIHNkS6mRbiDBHhGMcA9+8NZ6f33cz/3/r/Hx/781b9913M9uiDMPEw3ma5lsmiY2yuJsQE3uKnkCDGWsM1AXp5SV9jVVLqFWisCT1mluBhcktZYa6UMwXSuFJxCv5lKTpaKwQqBonSFw3uwxoWJMlOO61L3wSgtdCvczhWqi2JQvRSRszZY0qexDWg8mqfYkSAl+2jZsEIkxFsCKik+y/MZlexGxfqGYjcqeRsGyCClY0g8coyT20BG4dKTRhDVm43M0gyo+mWqo9jW3ekuK0sMyOwUsJhJaQVPxhxTLpzPJrqlDJTSuS2lu4tU0sCTxoUbCUmNw8ImnqEsmE0jUqtJ3O1UU1nJFHkThZxJwnj5TzrfHmPG6aXueimdR4nHBjqlIrJrrdyHr7PE4rqlUkbZVHjRKnHcymhMYsJueIGcf9+TiO0xDPhl3cnZ3F4UYcsklRbJPXhAvaNW8vcyHv+y7v+APf8nce9/nf8kd/9Kq55s/5Wx/2sDd9w80bbt53339/9vPe+q0f9uEf9G6/+MsvesFvvDSo1iS7jtwSo5+UhXKJn/Kjz/q4R7/Hhz7qET/4rZ/7uCd88x/+8WvmnVGm2yAJm8hlRdmKRBQh8zzgV/3JKz/97z/5af/2H37rV376h3/SV77sFa/iMMxbnV7++E/4i4/+wEeaWVBNx0P2ufReKhoLsx36hec8759+0//Neb6pxEf9nnIhb/5mb/T+7/3O4TI87E0fymlU0Qk1PXogkE2vFoo//5BhYndwAgAAAAAAAAAAAAAAAAAAAAA84Bh2N4J5XcxR1p26jCQRHIzn57f2461bt+69efPmrfP9OM0B35Q0W8hZth8JohUZdqMnyZHQdkw5zYTkZ8nuIsQefCe2d/xN9FBcE3r7DZU+FNGFGQZI8ohJlRkmt+AmaitaBPWt8NI8yt5na1BVx9EA5hUyRZxQWv1aO71ZQ2fyYYFXyUVSNRmaFKkpNy7GIwfV9SBoDo0YPGGR3h+CpeQo+obUOKxkxYk+bHmsXCrtnVeaToWrDUUK5YEsxsK0DOKFk4iOPQ3yJ0ydzMO9RzpVQ2OWIEOTrU3SJAYnyf10ipKi/NUKaCyLE1Ej35EgvpiYZEHCftrP7C4I6kvqKvUIKTmM9LmW9lOg65qFJ8JedVgrTqj55P78Qj1U8xHlbEXTuJ//m7sYaTdP4t3uLA67OMRt66GjS++1r7n1qV/4r7/8iR/96Y/9iz/4L5/41z/3G1760j+ca3nFH736U//+NwUVdsi9f+H9H/l/POFxKe3TePOR7/Cwr/vCx33ZN/7A817wIp5GaVpK47mIL87U+OO3XvSyv/aZ3/B//bP/7X3f9e3/3Tc/4WM/65+/+jU3aUgxnpFquFgnTc6VM+6zcmWgMO1v/vKvvOALv/rffMs/+ZzP/Fsf9pXf8P1zgVnWITlvHvmOb/nhH/gu4aqcn5+rTIRlgsytzT44qWyP4Yef/tNf+I+/ab7muCDjSV/5BR/zkX8pW62k8xB2Is6STEB0PRl2boe6GzpuEROCJ/OiAMUJAAAAAAAAAAAAAAAAAAAAAA9c4o175ijkOOWI+ziFW/vz8/nPON7a52wY9+1zRp39xJOEJwPnSHEUFw3zL8mxy2w+ogYdWmT+LWpeEgqqOzG1h8etxbsimoYktJH2rC8hszmRcvNXMaAQWQBpgZHVs8SC4/mMpayQ6rwwN1IJoZp96Jf7hc14rroeaLCVDsgSVNWhKpNIVPJN1BAt91XwolJP01Jyd1hKjcnlEubmwe5iklIqRhs5rJ7T6iRrZyn3gAdMa3NyaBBKPqByYD4rXPQ/1Cd74SJSIlOBbKdHImrFEMtR7DK09FIJTT0kkpMpD5g49WjOmNqdNkNTGcyoaU4sLs7WhzTlbFPjfsyWHvOq2YVlUqW4iK9rNqPW8KU8Z3HFCNQ9v2MsSl78dvj5pHWGbvA8HwAAEABJREFUHRvvAx4nJ5esF6Rp2u/Pb437JMZIZ8NuF4ezGKOtVmryDZ1Enpr/6J895d577/vcT/4rX/fFn/gpn/f1c3PP9/tf/O+/GmSb0uve7M88WPo3pvGmuptwPr6VpnNtWE6vEyW5j+QVmw/+6I9f8zc+9xv/3bd83qPe7R2+80mf/djPfFIQKRbxkM16TMQ070LjtL8VxCaFx5tzF7/3B/7zy//gj3/iZ3+Z4pmZNclT/IZvf/p3PuUZ03gzjefz7Igiv1Pjk/ngGU/5hvmix3zaF73mtff5oEe5gKcxz8hXvuq1IYmfk9wh+c+CrRrp5mvvve/FL/69kOVlqg7jOkfLAwp872vvtS5nCUvOKCQ96tRV9xvcz/bgC7zdWnRG2g6VOByf3gAAAAAAAAAAAAAAAAAAAACAu8prb55PKczx8lvn56+97757b93czxHi7HQyx1Z5kiBmytldctYIlrwM4iXAWXsSaZqDt1OKw64pModc1WYjB5rZwqCNi4b8z6tsKkF0AWTpJSZNSEG5ChEHzHHXaBYhWR8wR/5TjFVyEefm2c8xaNYdifKLIYtYdLRWDZQWNUsMnN0H5Hre/z+UcqToTg7cZdYmKvIYPJVM1Z0kPiy/UGUNF6cOrt4V3NoKsOd0ycY2KRWTk6zvyTqMpE3UgtTeYxiGCwPVx8etKk5qKplFqLkcJIk2a/4TctsPMiXKoY7nj6FxbzFKr60BpN458l+SZCmkPhY2+MHK6ka+8T0RiwyVm8hUm4s539+8tT+f/4hvSvb32PVjQauD6jkjZ1vXn/KQ1EbklMnYjovfVwbFqyIqCi/vr4T8zf+lLpHOHKhYrnAdUFMDkLmzaMuLHqJ8TlN2zMnTSb16dmdnw27QFWwLzRpTmhTWE4y6eZy/ftU3PfVVr3ntd33/M9hy1sx/n99zY/dfn/Kkpz3jF77q67/bZFXZ8WevGbbmPY2nW2zpdebf9zK0g2f1ymZB9923/8TP/+bvf/ITv+k7/uObvelD/v2/+iIbwNq2fOtD3+BB88Ff+ZD3+pkf/Pq2lZ/zD578q7/+UvOCoviSl7z8Rfub4/l9WenCo6hDWNZvKlquZz/3V1716teK70gc4rzJZp3JuN/L0Mzbm+pduG1AeTZv+9Zv8djHfGhgl5L58NQmyVN427d5KxmJeTufguWdSrelvGPTYC1OhnB4b+CmRXXCcWkxu6Amhk6BWD6r/EttmnQeX1KyBAAAAAAAAAAAAAAAAAAAAAC4dl76h388R4XP91N+ff983Of4rAhNUpjMS2RIjWFJFCMIlkDnmOSl/t2ZZtLoyrUMEFnTUNxF1NsjeYCfU6wKhGBpXBKr/UaWrbBFjkkykUhQPlbDDDcLCRo65+BxbB6pyYvihit0Spi1SFPU8mJb27F1kpd2FdumIJbOhttv9SfvWiwpbAb9u5EBWAutVyYYKCPsJ9g6oRqVZPYnJYabvM1Js+q4hULydDGs0fFmBNx2ZUN1QlUsQH1HuxB4GSLRuKiljT7N0n9qyiCfEepeE5pnuvU0F2F5uS6VCDel4PoNMd3JkX2V2qikSS6PKmnhWkXbySCz0rQh2n4dwmwgwenmzZvz6pnmyL76y8S4azQ+0fsf7aTcp+qXsJIKtEO5Jc3axtYCB08eVbJENSPKQ98nYjeZKLKcRbHm2qGKLJ+jQQVBYkRBZlcjq5o1X5LOq6xlO9+fz13Nw7Hbnd24EYedPgDR7ETP/EQb1W6OR5TrOQvevunf/KgIR6zTIlAL7/yOb/PsX/51Kn4f+QFNJjrJljZ7c/twuRWJr5LrueI8zV/9mpsf8alfnabxLd/iz7zzO7xVOMwbPvTB7/zQB7dn7nnQMJc/t022RzPEsbaIpQqbF0m7UFI2aMldIjE1CfOM1GskvYwlfIoD+16W7Z8kL1X4kA94z/lPOJGsE0pZt5d7zXyalKmFloKpK9Ev95VR06pkCj49ffL5vzWyjV29IQAAAAAAAAAAAAAAAAAAAACAa+EVf/LqiSVAbGFwf/M8mh+BCEXU20HeQpeYH9GgwfJU1A8rK4cST7QYYf4a2Y0c5J32HMWfY6iThaqLACImiesnj9mXbCbZU0LClWdDsIQvrEF1D5uTBumrj4idqFHL2vchixGKyEDCmx6TpwsSxix/3RCdHLp7Fdgvrh820BJ+HrLViRwlc6MothS0JVJYdC8PnjsIxBhcZxJM7uGh32SeM6oSSDPDHJYmk3tYnVZx0AkRVI9So8ZNYzrRSadOqQ4ruQUk/jOqxAjuXtP1af46uL9IdNlDO4q0MIApVVoSHnLNU+4ZmRAiBp1UMjqs0hPXuswHQ53G1OYDkmNTQ7EOYSK3hMlGHmNO+jImH2W9dxdC55EicpNwBRpJyAVXBRf7NPVSP+u3pyUfLPRiYQKvBTNi1zEPzzjOI5PH5OzsLHucnO1awxL/m7ozF/EOb/ew3/ytl+aG5Qxeg05J6spcLQ1LSSXyIB79pGTsitxdI0OX8pKLL/+DV733Y77If0pBLVVyBp/p3d/57b77G//BT/7ccz7ni79OlEyDOBKd/cErXzP3NS/aOJiuQwyhYjjL4pZ5S+UkyhP1X9L6cm6wvPHQkHjej6KKSvKTiyoJisHyh1n73BMkPOOnnvV13/TtwWZdlP2ZQhVM6SaQvvDzP+3RH/qBduZ25CIXTqPbwNabVuTbflt5earEjW0KX707AAAAAAAAAAAAAAAAAAAAAIBr4d79XuL55N4FJU4t4X7NyCF+BG2ckZfB444+ElhkEEUboh+kEd+cSEd0ARLdzbH/JMVPc0g/VFsFrhKIsFH66sxBzQcVlQPdidfkFy3sMtp0ySKobUCVyIjshPyCaJ4ptC550XZuuhbaGK75A+g15YTbmQRVUnD5Q5Y2RfwrSu0168yy6hNTEVHxaRDlR1URbUoOmKqOpa9QE9u0+Ym4yp4a6UrRIuS6JlEviWwgC000cQ+xCac2xrZrtmA5XPLdo0oPpmk6n8ZcWs5DlfRh6qeOdpteh3yw7CiZQKpbKQfH8SJTipKXh70CH53at+Kosuph/TxSzUJUVepp75C0WMmqSzzup2nMFiNxNwy7XU7O1PRWsmVRya9zArn4j/+I9/36L/qEf/zN/+Hbv++/6hphzXQUQlkn6/vqAaeyFMrPH/i+f/6hb/gQmyxifvOMn/6lacoKot///Vf6AhklC1WSXDbjQ97ghlb4uy95RT6IAw1nw+5GnP9ksd6gFjbZBCdPiiFkCxWVuOWJkngqopMsKInD/KvITSJrnh+xOBJ1FvdSkk6V8bJX/OFP/NSzOKkd1CDbxdA+5ZTm1qZP/VuP2RzPcFWqrKU7G06h3RDbk74jhgM6kkZrUxYOXb/2BQAAAAAAAAAAAAAAAAAAAABwWVicLdQpItJCAdBoIcr5Js7n79Nv0pleBBedqDrCUkVk3Ulyzwmz4Eg5JktseTr8VXavX80DlvVstWDxTn6TQUQ0HaaA4S5pCy27fSJVgrNSnBRhhJFS+xu37/fnuGt2N4lkqOUJxXhhRZ5HRoU5Kunwk1ptI3xRY5s88qJSkEfA6tuhV4oOgK152g6txQf7uKxnOTgWHGZ9yqHRP3DJn1OEFf6U+nhysRvZSnzjipZGFaHqi6yfSdmZQnUmKei8Ykth5HldGrlPneFFxqAeKa6xSDJQkypNpvNxn6Ypd4vMDkjaHVVPs/PmxKZhwUP21svb1j3ZoBy3fGCO5eLF3XxYcXJkGZjjTiiLkyRhkEzuPEjTPDx5aFKIu7Nsc7LbBWrmca00XIoXvuj3X/Xam//kiY+99777vuepP7XdWsvA0gxIK/tqkjzFIZ/66r/3N971z791W9Q7/qXPu/e1o0s9NEVO1sfNK1FmcLz3vlvzZQ9+gwfJGo0hnsXhjIZ74rDLApSsHdHsTaJ2snRZIo8RRV3MwqtJ64rikiKDM/8Z5vKyj1BSmZeZmBAt5EnGQx/y4Ld/u4fLRaQlUJHgWH+z6OQhD3lwuEYsOdJtFNBP183dpD5Naq/Sn6psEE4nAAAAAAAAAAAAAAAAAAAAANx1JPIaEiUNiMfqPFEPuoDgKuKol6YD5bviRJ0tqDhuqCFE8hQnE5v7AxcTjiZu3EoQrhru1HZz5+yQat/8/FWK37qLXVfREWoQ1dL6+KloaEYOV6RQuNiOhZvPQJ4xRwPvXr/l18mCHsm44cmMREShoowSqffUHkXr0Qo9DmgleKlH6mxRstwjqd4mzzM3PBlS5zhhUoZQVSDRy26EQeHAmEueFUk9ZJMniNGEdM36Z84vdqSlr2UYxK7BKCMod0k52d9Ey5xSmHKOHUrJB8XVMtanXR/+56IIYp/g1xUxd++cFDofHcmMZW0wwQf3D64dzvbsCcuAq22LfTfyOI3TuN/PQxXjcHbjxu7szCZIUzqTZ+26xCDwc3/1dx77hG/5vq//2//siz7x3nvve+qPPnMlLyvN6dbFwV6E8LT/9pz/5/kv1kfy8X/l/R90z42Q9swjhZ3oRTQlGMuDpZzSh3f33tzPNz74wW9Aww3pxFncPUh0JzdyYp15luu8m5Jvn24WlPUoHFpzIBGpZD2U7KFxkEw6knnKDai4rm7qlt5jPuJD5z/h/qWu03AbaEI22f4WOrIjUhLdxDQ9lk91iE4AAAAAAAAAAAAAAAAAAAAAuMskcrWJhEXdiaK4ElhAkKr+IwT1qAjlqmpP0Vwil/nXEh70GGquY9JIvkQQNR9Ko1AxCUHoi9yMhnMTeoxbv0pwk6OZQjTOFp3I4XagtuSmZm8VmXfL+kaVVmS5CQ2DmJoMWXrioWpeXn1QqkAm72h9TYLJQUzro8oLyRLi6hNVnLgoI3dBnFZieRzUPU0NvTdmA2EdfF6IADydCWnWJLc2kcwqnSrDOkiB6oFpg2yOFpub7WlApvERFQhPqaQM0unq4y8eJ16PKABCJDdeKc4s2RUluGjFzE0msYnRcdsnS9eiQh0JiMvwSWqbXM+uERjZX/W5XIPipBsCqk+CfS5SKxzzy3i7mEuuAa4+J9Y3cnlFNoERm5P5omxyciPLMqZRHHSyhGPQ6vwhXzrH1Qt/46V/84lP/uFv+7vf8o8//Zef/1sv+PXf3dCXMJ9e7JP+5Q9nN6H8lPd/+YPe/UH33EjTPk1jHOL7vsef/4vv98gQPDmTOAO99GV/9ENP/5n5xjd+w4dK0px55d6Iu7M4SHodipPobmSVVYse09yxPZ6iwpGJSKK8k8xTSbZiWSStOEX3tdRPml99/m/+8H/6iVDNoKi1k/Fx4I/+yA9910e+U7gaxT5mccY2okYEU1pRaw/ecbU6OlADtfOzFas192tn7J+RpD5YYUP9BgAAAAAAAAAAAAAAAAAAAAC4/xk0hDeH+1LOIuGBy2Kd0YelOZjgwPwiLIxt+oAqLklVYCAnSYUmyc7kEPQ4X0UW9WeSRna14XIAABAASURBVEhE33OliDQhu5F4EN3fgT/BiKHPRMNsiTI81l1cJ/rYObc31tsvqtFbR83tmkvHdQ5lBJf5d6K4H+T/hjmAnV0SOHo+GxNGTKk0gKuSo7eZmMP6rY0Hi+TCA7Ylw45+mYIl01G/k8kVJ4suLYLE7F0oRiDUdN/LtrnA3KogSC1UNI+Syy3Yui9qJ3a9h4tObECtTiqVl5K9VdVBJKp/zqSyE7N7SWlhiEDNw3IFhk13otLeLEyx+9PEaRxHcTiZEkt5NKlkRwUtyWQnuZykfj3ycHZ1MK1UyW0k0p3iexNOm809rRbLJpU+dzXJCaafEbMT9dgIjUioTKxa3mUbsJgeHNyViF29NOREM9noZB6WPNOymEnyznjt7EZAkeIlqhUjmhf85u99xj/4tke9x5974a+/pEudc3uUAjhNOf0NTx/8Pn/+H33Oxywue9ZzX/iUH3rG+X58kzd6SFacxF3uWtzRsBt2Z5Kuapxnjov5XDUifbeGsqiTQq0ubxS0K1M8Fg1GWXdbvXvur7zgy7/2X1jKLhpUu9Zs2bIBcXq7t3mLq4tOHPL9nX0bIuuM/tpK+eyXkt8rFKnNirnBasdkPk9FWtLoiGxuRy7+TFVmdOmZCwAAAAAAAAAAAAAAAAAAAAC4ZoY5+kkxhaRRf41fEi8ChH2QWgKmxdqAAy/9MKSUVJUIpuzIcgc13pB0K6qKSCI6Sa46sLtF+iKR+e5t9ibfS9u4jdhjzdKQHRZiccggTRxTXsBvdRzzcSxZZuR6yabRVbcR+405TBxb0w6PlZaAuDep64jUHrPiJJubDPOn5dYpShcRXNCG+KM9ZUITquFaFWLoCHtDVPHDboWSTJtSzEcswY8lPaGtNltvJY0LhYOuM/0QRW1VzkNTZUeqOBnEF8SfpieeaeLmWv5Ukj4t6yNq+2cqkZKCgyepSX4hEVMFl+/YEJtpS30g6nHiAzOJymScxvnP5BmI9Dz5bGWq0z/ptHKhwG5jdEx0k8x7hePl9R6191ZgNTgpOoaSTGddetT8Q9QVE26jGUUrFKaJNatOLjDrMGIwZx4Z6DDPALYEUodTqBxG1WPz5zDPpZ/6hef/5DN/RTaJaiB0Nd0JWQ6dks9J19Dc2OnHf+aX/vhPXjt//5LP/ti3eLM3/uonf9/L/+CVf/CHrwxpevkfvvJt3vLPnp2djZNOnpgbNu+jaZI5LtPAcuYQbTjMlEbnqkzKZT4nzdLa7hFtF3TJfp94XZWbNXVwf38nBrTdr57fqNuclNjWnP2DUzY3Hbe2NvVpsvMiPTuU0A0AAAAAAAAAAAAAAAAAAAAAcL8ichLO0hMXYogpwyKEqZlQ1LyCS5C72EcwlzAieUCdkstOSALDSX4SRYDJAhKJEMGNLPKBhJVFaMEex5RAMBXri2WoMa1EJ9Rd35wvehVuJCmdRIQtP429vS9aCdVAXBTRNW2KKQ4od869X6i0qU0iIW3Lep847Ha7HKEXlwoqEgKqzS4hXa2lJNlI/myaZgSTTZgTTSgHyUxqLOWMCSt8FHxoTJARaKkzsvLLA5DHHd3UIBweFg72MM0SRBLQLIxbSte2hCyd6ojraFvFPg/VuEWtEEzMFOyAAvczgmy6kg+jWEpk9YAOTTY1kTREacpKipwHKqTJLFOS3Gtjn/rxb9mF0M6zYLKY6qfRSp5Op9qcFGmUfMbGDaP0k7wq/6HYbbTFUa86OUG9YFqXsoRk1Kbz/cw8aFm8lH1NsnIssc+t+mzp6ioXKTPn6JlHPuoeUi1DHvLgB82f99538/TibK7n9DpNi0gtN8LzX/g7z89mKulzPvl/fos3e+N//x9/8kUvfomadrxCRCdv/mff+KUv/xOdi6KJmcQaZxKLmYXmLLRbUyOoEAlYUqueotArk6R7xgs+7qMe/eHPfXojC9nmjd/oof2Jk+UpdQ9qtntve9pKZlbr8Kmu0rfeBiqoqUkhFnenervVVXRlMnb+LwqlbUkVAAAAAAAAAAAAAAAAAAAAAOB+h5uwpisNiFdxSe5yeujvMXiaGvk/Jst2QiXpgokkAk+eE8GiqqKB0Iwv+XvU+lQcoA2YiE2pYV4EdsVWoLFqNax9Yak4qcIFd/Zgc51YhmBLpf61WrB05W8MY/tuP3uPgiU/qelmPOSubRZ7EVGcmAZBm0rVRKbpd01kU/pBlkgmqLVMdT2xQbah5qQnJzHskKwxlvaCq+IkNLIPopXShn0cW9+YIh3pxBVlqIMm1uFQREtkd0dPYVOqDsunVjUUrbBFo85aKruZTrIhcd+XUEfJKs1/2TSShEbFXMfFTPPgTKOMVM6mk3Un+f9JvVNYTSis8FSeMB8OfO9CCb2zWaj4FKiagsuLTloodMuSLrh28+u20ue0ynUFi4pJ9DlTfrY2n2PcDfPf3Dxa9ZzpyqCL9VzlUtkdomQ/Gt78YW/0VV/w2H/1PT/287/4a3YB85v/2TeZ//79V/zRxr0b5RUJ2Fzm0Mp0TBeyQpNSqV7pZX/wx/OZt3zzN3vpy19pK07McOY5FNKkU5tMEhddklLGoS1TFE3MsQxUvymvG1Gmzyv/5FXP/dUX9P3sdkhdEe/5ro94ywfdsyjF/5z66E8Wqhy4/bAwrd+9D5KKDiXA4wQAAAAAAAAAAAAAAAAAAACABxJbagpNZ5IWsUB3tWBNiqCWGibniJqXJ6hHicdn2a9XIUoqco8agdfQp0ei1a7BzBFMQGBhetU55NhsF3PU1BVtCL0ccCsVyQYqHu11MQJJOLjpHjfpSuxkOXMoNN/YkIRFacHD3et7Vd4xWBYSuSBnHlLPmEUouAlTu+KkyH2qTYt9FhUAT56QQpUPahIwWWy8ejBsZ8lZJBWydtTPtu9a7eIMid1LnhiNwKJ0oo513NbweECcuLnVtDXNaJtsqamdW1WHJSiKOp2iede4tkYlN3n62AjJiE1TGidRUIhAJ5Wh80JzaROnCwPlO7spFWGQ25ww314Mnw6c4cMXGG215QFvPuxT0Aef51MeKJm/cYhiHLI728VhyFIKm9Gy6mno6uIriW7EUOhxH/WBH/Wh7/nc5/32z//ir5bmvMWbv2nIopM/lsvs6iOmKi4uIbFLEa8R+yGG4vzTlVCVUy/5/SxteeuHP+zZv/ybZi00jeKNM5ItQHHByY4vqbr4tDKtZiBt5fc7VntFakQbZfX+xE//4uP/zj8Sux1JRxbmwY9tf1O2/0n/9l98+Sf+9Y+yO30mko9+2b/CKRzVCLmIK6yb2l3mOiebDG4lRe2Gsk0R3By/DAAAAAAAAAAAAAAAAAAAAABwl1gE8WpwuA0kmiWAyTa4e2NeEtSQGyBowFly67itSQnrZr1KCT5qUTVMHIoDh1ZvGpFyAXv9TZOoCw23zfdecNMftih42+WsT7jMW/QeIS3uJrGVmFD1ceDSPbZERcGyhMxE8TrhTjljceFVHJgPRFqLlkZj06L34dDFaPN3s0Kp6phsSbFlMdL1kcxlpiobaDkCvP7qVSWu2hGqthrMoUu7okok2upZ0cdw8nYknrhqbPRJks2+cles6Vws3h8auxQ2dY7M02ROHflvUQ7kNClqZ6JZe7J6xuY5nZrWY1caY1IgKbHonW5Dd1J0Vfos46GFu/FQfdlc0d2kpRdZBZlNOmvneZ0z4NAQSiIlmYB5nnOnQbpcI5on+Ikf9f5zUU/5j89sm/G2D3/Y/PmyV/xx6B59DK0zDy0FXcFOUtW+0aLSOp4x2sr9pef/9nzmnd7urWyLCqOIliZ91OYtZAPSLmxfBc3maiIQncc2QJpuJpnPUs6+oxdrhjIO7URnzVC2meuGW7GX3ah5rljynWU0l1CzzqkKDPVr6sej/FTHcLNun+pFSaciwrLpiLrRVj9Tt4kcLM06AgAAAAAAAAAAAAAAAAAAAAB4oFCEHfKi/wFBA3VfTWoRQnm3Pbi4oqQ1UcVJCXOGJmLcRn47NQObk0DxG2lfwu9S3gQzByDyfCnUKlb8gNwSw0K3HuvnIpw4boIQmtqXVzYCC2p/Lde7rUEOrHJxKPFrNOosqXWIqi1KFztWlxKizhlDrWVSKGqWPqjsMW6xmTGbk/nrpIKHmp3HiBIADlvdV6uZZhz8p1BdCXQI/PFxCnaWVNzARW8TSdxzaPWkPPwuf0vgmUs1fqBnEvvcyN03/Qb7XLG5Vh/a0r/BrGR8oORuSaIj+hLJpDOmadJEMXP5fqvk8QntjaeGvHd2eXJhzLzAeNKaa6PMbeVC9UV7gWkA3BejzKqdS1l0VtYDKg/iaKIZL/aEHnJ1yzF/o2xSFPVZE0VRRyRzEDEFVr4panqdtsuny1/cJ+YD3+cd3/7hb/azz37hS17y8vlp/dyznz+O41zOh3/we8+//8ZvvWT+fNHvvPzbvvdHn/Mrv5W9RmxRqR3IIUVOrzQh+oTH/IWn/ugvyMQtt8zHO7ly90vPe/F85pHv9LbSof203z/hMx77o8941vNe+BJdmtlZx0qzLouORBUk1FkDseo+cg0yjjpWtUmyCdCH/U/v9Ukf9+GqF3nHt3+r+fwHf8B7fce3flW/nVHfr1zoB73fe86fn/7Jj/3Qv/B+sq7j9/zAj//4Tz2XRPdnz6adHBSaDFK8mUEq9vqd6ppTtoXs8uK7ALkyUfcmWQ9EZRuc+8xZ3BXE9oTZ61TRGpsoxSRWQdYRh6va8wAAAAAAAAAAAAAAAAAAAAAArpfJQ9bRBQCNcQW54oRMvqCKAncIKUF89aDIGSZEbpJcXTLH8svb860KQGPhKUcPvYQmoC+Rx5p2hcS0gprIf371XvMysASCs7AlkqdN8Yw4UoBl9Aka6J0/JBGIFTyF0okaZ3drhsmPTUDiV0Uy4YXGQEmVFvpz9Bs0bprj78nMPvIvyQYth66H3fxnyGoMDfuauCLGMv6kDh7jVHwGbFi5CD5EpyFqD/MVIasw/1isZYq9STnQfso4mj2LDm+MreSlkcg0Z+Zih4GKHmhuosSLTXBEYcjTIIlzi9kbSKTfNTiiR5HHNtcVKVmqHWsRe/DbdSGc9AqNSJfnlEqQ3cRNTKlpMGfZg+hzdE7rBCWOHC1xioSz5+k5jmk/7kdJhpJPlPGxevOfWOZ6CYUflZ6YxGPHDfWRnSLpOJlWBUNbjXLpzPavt4Prt7hkflF3DqkyhotUXVdDR/KTHvP+8/H3/cjPcBrnDecz/vf/c/7hxo0bf/lD3vv5v/m7v/Xi349x+LUXvOgffe2/DTmD1S7brmjzaAg6xel41/jrvvTxn/CRH/LUH32m5xJrfpUxfd4LX7Ifpw9473eWSTNNzB/z6A944qd+zJ/7kE/VySZbQ5ornCZdVzndlIu5UtFHZdmTbp9Zo5NinHKNMfa9zjvYI/7cw//mR/+l9vzbv+3D5z/hNN7/fd99/qPHv/Ds5/2Xn3x2Xg+SAeuIeoMO5tNZ7piH4P45GNzfAAAQAElEQVQ4rkV8RVJn/8Jw3wDeUkFROFEdBQAAAAAAAAAAAAAAAAAAAAC4PyBVHRSbkPJeumtBTHLhwUGznYiB24hgcv8DVWN0wULNH3FhQ0oii7ZlGyHi2IbaRdyRz1CJUDIXbwNVdcRwWuIcJr8tapiai4+AORFwa9PCjeFJFLkLecYID6yKOmYQ+4eBirZjF3NinUvpAMq1k1mKSHP8YXHRACis+ol8gec26nGNjos5+EJ9gA4vhVB1Bqa/UJMTHQ3N4aNDbvFld3MxOQkRdVMjhN6xo3oi6C9MNqu8wvrZe+G45KFRWFibyUU9Oi05TWka5/8kp46MUm52oqoL4WIDES4rnbCqd9y5WfCJM/B0TrBHcalM+ftazCEaCVNTlc2kO+k/kWt96ENu/LUPfc+bt/Y/8p9/XuYdiwFJ+PjH/E8PefCDfvDHfvZR7/XIb/3az3/833vS8174Evkp/pef/qV3+tDPvu++WzTsKAylyYdG8Cv/90/6Xz7+0b/54t9/0Fm879aeyCQgb/Xmb/qo93ynv/j+7/HQhzz4s77wm//7L73wg97nkW/55m/y4t/9/Xvu2b3rI97+F57za+P5LVlWg+bWEcsccmmUOf3kLDxp0jLneThPwvzLoPvnON/br1bddMJTn/bT/+O5zw9ZZzNltU3az58Pe7M/82Vf9Hf+9Xc95Tm//HzKOreheCV96Rd+5kMf/Abf9h1P+c3fepGJs6RhIZ69+CWvECsVSbVD0XZ7H+Jy4MNUv/J1+ItslWArtizssph9KDZ1XndupgEAAAAAAAAAAAAAAAAAAAAALocF+/KhCVDYE6VorFLdKUx4YeYSkuSFa+xZQpg1OrmsYqtez+3Thg+p/Yl4GVmk4g2Sw82mWaBIi7o0cLkSJXDf63pY0qn45Zb/od6ilir+v/Y7NRoIVTuIhwG79kFyxmisV4Qng7uxRMmss85ntCUOqZ1qL2OuzWDJp5PEqGMU6wVJryPeHXJ9WtoHkHmNtElOTlDA1HhxNSdRQUVoXEKCZcBwoxEVnuhdjQqEjgSNW1kJ9y4h3BmIFGcaz9fh1joxhKKCMOsXCfSrxGTMapNpP0f8NadOdrbRJ8vihkMq6KHbiGvvenEN8x1OCNIIQMJSu3W7RfvDDkVr0sx7H/JDuZqusw2cPvZ/fu97bux+4Ok//5rXvFaT0MzP+s+/w8O/7ks+fZ6CT/1Pz3yXR7ztn3ubt/ihb/+Kv/7ZX/NLz3txNr1heu29exGRnanryZbipE6m/+XjH/2cX/n1x332P3nTN3nDD3zUuz3iHR7+Fm/2JvP5H/63X6GX/uJzXxB4/L4f/skPep9HftxH/oVv/LZ/98GPeo8bZ7v/8lPP4mkf4vCgNzh70D0Pymq4obFgsiw6eQbGtNOi3vCh96TpDfLyyI4sZyEM3kLj1vn+5q1xnpUvf/kfvuxlrwhpnq77/Gc6f/wnffTX/B9P/DNv8kZP+MxP+YC//Lj7XrvPohMa5qoe/vCHvf/7vNsbv9FDP+BR7/60//yT/+LbvvvHf+LnpBG7EM/icIOGGzIhw2L7Vd+hIvkSkVlqdgkq7jpX0DDF5vqF9EwfAeU8O+UaURTJPwCt2RO1ojIAAAAAAAAAAAAAAAAAAAAAwN3GTUwyE7fKg5w4htQBQ/I/VHFJiffLn5xdYr6gpEQpIUFXYrQVtadVc8E1sB/LUQ41FuMLr0fP6zkJWVJ5Q7/EwQupyfHR4FIVraQKZuy9ejflMLlJffu/xIvzKFVSSu4iQV2NamxArKHmbHug8eBhoJLeJU1S3cG4bbFKCb3DB7mbR1KpiT67HICXlDHyKXmOGkeSvliVvQTL9VHOh+PUGLHHfcsAFsWJzwtuhA9R3SWKF0axkwnHwtYuXlLBjA61N6OoiHQ4FooZLlmVzJBjqg9aLjSbkyn/L9mW8p86ocWdwuLqxXqHqfMBOiHYvuOlD80dxfwtuAnJ3zmFi8794HMi9ulglGsXoOhT/OTHfOB8/O9+5Kf9idLbv91b/l//5xc8+A3u+Zp/8ZQX/sZLXvjrv3PP2dmTv+oJ//7bvvSvftpX/MaLXibLU7Pq8LDbHSr/A97nnd78Td9wPvhvP/fcT3nCV997782/+pc/6Bu//HP015e+/I9/4Tm/9gvP/tVn/T8v+KVfe9F85gf/08987Rc//gmf9tjv/L4fefzjPnJuz1N+6MezB0mgJ/yvH/dlT/zUcAIv+LmnHr/g//ct3/2V//y7uOYly73+/z76A7/k8x//Qe/3HvPxd37vU7/wy5503323Au1EcTLvM/H3XvpHj3jUYz/tEz/qc/+3v/mYj/iw+c8vPvuXv/jLnvSzP//ccGnEwYl4sYnE0+ZX2ULjyUY4LoUxaVOqIqcAAAAAAAAAAAAAAAAAAAAAAHjAwZ5TZMvrQpPiaLSfVUpB9StJqHuiMC1vIROfrNUnZIH/UFQHByOJ1HyGhQNKqJYnW3eWsCVRUao079XTkVwNKgQxXYdavZjAQqUDpMlqitVG1aVUkYEE4k3bkZsZyf6Q2lCwWZwsDFoODYNfXuUU0nnWLzWHjvw6+YFpQtxuRR+IWY/Eov+oj+KQUIG3Yr3M1aWlHwlvde7voPqdZYdM58SNNGV7EngtZtxSLqUmeK0HJnsQlUjbJ7Z5qF/yqOQMJtM4sx/HPESkVi3eAapGHlKSGKa0Og4+Vcyxc81Lqi4a3aBfI+Tqq2a53DnJSfB1vdWRLQeL66qS3+URb/Xuj3jrl/3Bn/zkz/3KfGoYhs/+tL/2xX/74x90z9nTf+o53/Bt/0EGefj+H/npBz/4wf/8Sz/je7/573/Ep37FK//kvg9+v3e+dT699t77PvljP2S+8fdf8craXNuH4kPe4J754D/82M9/zpd8w/mtW/OpZ/zMc/7ld//os57767/4nOe/5CUvy1quIEqxnCkrvvrV9/7/v/dHP+/xH/vL//W73vChD376M575Wy/6XUk6ll75J6/57d992aGeFMeYrZlAi93pj175J9mGJyvy6J57zh73cX/l8z/jr7/LI95+/um3X/x7T/jCf/JffuKZ0o0dh+yVIkYpeda++rX7J//rf/+t/+YHPuavfshX/sPPfb/3efcf/+Hv+MGn/dcv/apv/U0V4tQdljYb6Q0xRZ4ZDdUxuxhqHl4I1XJqa1Mg3UNd8JVIraREJaZF3NEZDQAAAAAAAAAAAAAAAAAAAAC4GmIpIjFxpjaebrYS7pXBlsmis23IiUs0GOjeFRajrBqGEHpBQXP78Qwr1KhAyNQaHq4teoNwqFPV4YP1Rf2wjMJ3kgVvTfs2P/Ul6ZfQdqItkJpI8XxPDGaZMsenc1ad/JkPLIVLjeNejMtKJAQbXPCi+pKcMEYVJym7m8xfOZ80FxbXZ1ianxJj7uptj6PIQC4WDHAj0uCa5sblOVbJ4PId2owym9Kpf4jVkqT9uh6n1QzIz46Klif/n3hM0lBXIM3jk4PXYg6Tc+tMIs5hzxnFRSbVPtYmdVJo9SYnSE92KZteWD/ah03VFySG24D7ReKlVy0WLXQop7GhKNARLBNrmkL1PaoagoUO6E7wwe/9jvPn9z/957O1EtG7vcs7fNnnPW4+8y+/9+lf881PyVVnyUUelu/6gZ94j3d9h8d//KP/9qd8xD998lO//Il/470e+falnKc941mheiiZQdF/e+bzvvLJP/it3/HDU4pxuBGyu8mrv+xJ3yOzI1E2KQo5/U0WncR8F09f/Q3f80Hv/c7v/96PfNWrX/t3//E35umUl3n8N9/9tG//nh8zlZjrxkxOQtlWJ43n03ieppHzmtURy5uG7BvU2i+JQ5K2kL72Sz/rsz7lo+ezv/L833rSk7/z+5/6Y+O4l6Q8c527wLs4H4u+LZjGapg3hP/wtJ/5jz/2s5/3WX/zS/7u//qxH/Xo3/6dl/3Dr/xXZnN0/EnNG5k/2SllpVpQ6Uk/n49jojDZGzbnSRE7+vm8QOUfJVWadeqcdju+c9MMAAAAAAAAAAAAAAAAAAAAAHA6c8xTD1iyinQhdw0xm9DDTsir53bVpEoITt1NweOSGsz303Ms1GuKejCViH+JRearukA8kwe1LWGNBD47eUiNfddONalYLDNOk5hGD2KM5bLiVDKf7jPSqEiETflRcsgstRH5/zniq8NnehOJIs8nh+yLEMMq5Hqc4qUySRtEVsLBM+YkOZ8/s34ij+MkD8L+8za7DCgbgZDIBvKBO43IQIRW33OhloKb4K9kvEl94J6zzKbXmhRNQtoywBATh3X5qalIUjc1qKmJxvKbsLUZuaimhCVdjvij2EGybDCpMF9rYisZpRhMcUNsGaIuEVnfgt7mL/29/kR5/FUrE05BFU6LNWa3N1qT4JOsnruK6OSQ6qgVnRQ3mOBr6cC0XqpqDilaTmiVpIua9u/4dm/66le/5vd+72Uqg/v8z/joZ/6P5z/r2S9QHxspT9UbdLYbvuAzH/P1/+qH5iXy2L/6QY96jyxYee29N5/248/6H899oTjxnMXdg/KfYSe6iLn88zTd5PGcw6jKKRN8sCYRm2R52/yexv24Px/3933A+/5/fv3XX/TyV/yhKczmYuNuPsibJyVxGwrBrZJyd+cRnPZpHDUNlu9CKgHR51hkcqRKlIF288p6yIMf9M1f88T/+6n/+ek//sycxycvHtZrsugk7fJnbrNVSLZRTFLR9JZv+aZf8Dmf9BX/9F/fvDmFKAoVuV4Ml6ourLjmtLoidpUgc2nusPmc7K/VYhffJ5ui5L4m8gOH3jVJRCe608lMc/3cokht8PN+6jvnz4e/1Z8NAAAADvPq19w7f77hQx8cAAAAAAAAAAAAAAAAAIDr4/de+gfz52d92Mf7CfK4pyFRPw34Wfzd/DPYTD40mJo49dFAcm+OUCLK1S0i500wYUcRq8jr9J7lool+SmhSvQMopP4d9050srTSmLIXQ4l7RjPA4E50IvoSbsUlQQPW9qsVbooTE1moBiUVzQn5RfPBHMQN4nEyzDHsYZj/3+lBDrUeCKzHg0H5omsZ2fUTqQgpxOYkqFOHGJzks1mAkq8K3FrRaCOjV0S1CvNR6B46h9iEgBObSUOPjdgcK/d4uXor6JyIqjkZgmUTMguZ1hsjmBiJ22nhnVaNhWfy0KE12VBR7SQ2iYl2Ms+peYKQyko4G5nI8Iy5fXl6zvMhefDaxDu5OM63mAInH0hnuJlac7ujVBVdjRUlKRDz4aRQtYsHRCdmRFF6fGFBB0QnsYyIFm7F1mfJ80wMV+Ak0Umq1TbCohXXLTpJo+hCTK5Rf/QcRur5IbqTUMyBustyJ7KUQcyHzuLunvmPmoUELT+d8zRmRZ2qN3RUU/Ki2BU2adzv9+f3Tec3x/F8Xo8kqr1cu+jMQtZk2A6pKip7PllzMoroZNLN0/dKV5lkL5SyfnMDOAtDVBqixkai81i+OgAAEABJREFUI+HRRRvqpTRwGvKFNITqzCPZ0MwSKRX1hghNBleonCQ6CUUsUmVim7ProOgkxlg8flQaxcVGayU6ybtLKGNuuwz3Sbx0f3neT31HgOgEAAAuAqITAAAAAAAAAAAAAAAAAHcCF518gkaQJWYdNe4p7hIqtqhmIEGCfyoLsGAhhSZ0WKAaRQ3B87CYskGintF/0eBq1LwVMdfLbfxaQ5NkGSdqjoVedOJXNqYpk3kxKCY6aTO5UPDQf/uavetXQo2E86Qxa67uJqnIJ7i1rJAQteSjONudDbtdlpvEOMSclYO2tBvStO2gvFUk+pLRM+porSrxmUx0ksPJyRUno2hOZESbAWQTndRRLR85V8iQLJAbtZuxkVO46GStOplyZDypScNcbpQaomtacujdeu0jmdowNLXzo0wGHVIumZ2su9LMRaw5NVILebRZXNJoZdJ+julzDu1bKp3sCsFFyWKGPhKPN/lLcPXJYl6tRSeqqDpBdLLrvl3G5WbN5m3uP1FddELnonLFuk5ojebT4m6hbveOTkghdILsxsuhbPiRn4ok9ipiN9usrCl57rlMiSeuurFsmzQ/0Hy7GpbEs/xHVRpiFUPDLqhkSnV28lMeZzHPIfF2UrVT1l7QXt2MhoGZoymgssJsyO0kE995aYHINRaSOYaHSCYK6YYxyKaUfMrY/qctZNljxEoppLLcLC9PYFGcUJkELLfNM3ju6iA6FXEQ0i1uvj66WEx23focSMRzskHnrFXNY1WxVrjSTLZNvB4fuzjaBbJzhlD+0Wkdq+R53rFJDgAAAAAAAAAAAAAAAAAAAAA4GYk8auidJPyu5ibVdILFASO44iR1rhVZfKBCkRL/03Ls53o6akqUHCIOYmEShpzcZBVRLw4O2qY59GlGHRqF7d+LD71Qo4uQeuCd3M5Co619kFevSNbY4NVyKSOpKIfNMoFENUPt5VqKJt3I7iZnu92wk2QSIvYI1BTejvt26LYqTriGzIu5SlacmM1D/tXS6/SCnJxlRk7s3OnEekUy7suBohBOCt1yCfuWYbRCoymWrKhaoItCiIpEIedWIpfQkEtNVDCQXIxiIx1sItVHrqYfWrT8aNMzh/FVV0DqjiAGMNnhJP8ZNS+KK4pYc+pkRQtvPJUyW6S5Vq9nnjpBbWLswsYIql7h5DIO0jW7Kk5Oe5BXgDdEXnZAx/Q0V7JaOYjmmhniQGptUjYJ3ZjkGcUivJDpoXmpkgpTLFkYs6tD8mrNHiFmthTNtIdkkmalUfRezvvflAUcec5M2TtnlPQ4yTVzadDplZ/wEMXpRHaKQRxXSKQqmlZMlB+SwykrmuaZSstJSC5tIX+mRWSlc4hFLhZ9TFx3wrSQHclHzKKwbA4USW2QXB1zaOVTaIxWrmlCtQVdolBdbak2yZxaCtewlAAAAAAAAAAAAAAAAAAAAAAA18gkYVZLPsKWrCTlnDFJY6HMffy5O9ZwIGuiCjnVpP+oFwUPUjfZEihsByWZ+VCMstiNBDUPaE96BYsCiQ7oPzbLD5quJZkKpItvbpewG3ZnZ2c3zs7UWcQSzAS6rMxAFSfqdMKaWEQcZ+aocpZQuMeJWhdY0h+LJhO5oULVAxysp3kodIHjBFfVS3nOwdQn1VuhRL3jHOwf+oo5mHFKaPUrPjjMfLgFzXlaN5RdJJVHKQVxN8mKk3F0xUmSWTTUh+/tbwLsR/pfrrgUveiES4aq23dncLVB1dFQ0Q+0Cqzrgj0hUZkEUqFPt64/1yRS2MB2jKznyLYidRqZ+sQESdFnpP6SRNdmijHxVvJZUDxRxPPEn4uoRsy1JJBZPwXzgsq74JTmeZVFTSJpyuKlQZxHikeTCJpIxWaWOCzKZkpiucQ80ZAo77RJ5ShtuiVvNne98GcrP3C0NcC22LSOYt+zVHXogzLpSSM68XtXM8W31ZN24eOQrqt2JzKBYhFfbS57zjnMQlqdhcQEAAAAAAAAAAAAAAAAAAAAgAco7J8snhqTqzi4c6LIgUCNGZYkC3Ka1gX1cfrYXFmFDh7HZMuh4CHsanMSNt6K7990N41M6FM3uIZlmcPBTh4ouatFZTOkQWozB2nDo7U6V15ooo0bIjoJHqitPekbcbheVsWJ5bHwaH9yQ4854K02JyZJkcuy90IjOSgRaDv2cWtaQhKGJjVCEE1BeUDT8eZJKYPLNqLEjwevyUUnpKYqpV7W/8VoJZiCJWi2kFLsYozWT0mnSL4na0vIgvJsTyiINCCNM5JcKSfV4ZSCPzo3uGkUSP6DZypZParol1VxFV8ce7crdlu/cfMZuvVwAHvu+VlLa7KmgtyrJpophvQpqxlomaHqCmSdRl2uXLxdiuJE11eZ3mXW+S2l5Qfb0LfuhKa6qsQXsK+92D6wqrVqTkXTYKkVij9I94aJfj3ZOgiWxEYOoqwtrXTQ9DgkiXHSuN/fOs8WTLbedhSTDULWm+WSRHc2lP1T9C0yglN2SZEhHKQrcT1Qlg+sHSabgFkgs+U6I7oSS3AVFr96nhpZt24UxOWRkW4Xya9XpUxo5YVlH1P7Jp238yiEi9BNVLVAulVobq1mf2YdYd/iRG0iuZOC+2wla43ewN6Qst0AAAAAAAAAAAAAAAAAAAAAAO4mRbgQNI2BRx+ZPQZoAcsSU9bUJx6510OORVQwRxRTjXqXNDVc3uen0EkNqLzF70IGtos1lG4akjZO7wcsSVWoWHs09UUtXyQKNGiQNJdCTGshQ5ESaNYLPW+h2YlLneITIFcOOZKb/TRy/hwpcRfjjRs37rnnHlWcSFFk7ige1C6iBq6jwkUnoHIT7UySW1V7klSEIiqTSQxP5LGwXqDjkBb+HyyqEO4C8FQeBJvHwRwJnywE79Fqs03plBZFteFphog8BEyNt8LCnyaR3VOmChdzhjyS5JNuKmIUVzhl14n5AWrzG1mB2KLM0y+ficnC0XODTaMz5XD+NKoDhQyX5FKZg92x9r8LU5upj1mH1FB+OUjdlb1mp2ER+C6ik23lR1Ew2de1QIRoQ1jAzcyXO2KV+ZAtwrakTd3JKV4RWddga8km3uJGVVfEzp9jaKoIF0kBuLd7OVE3oLYc7Hc08h1aFNQUXfYNKmmlyk/UlVx/K7/EZs6QiuNySqt5yk3Jp2+VZaiBhxaSvVNEnEGaGEylHnm/msSfqNSSl57bQjVdXT27uFDVrUeHWsehjdIaEVcV3rjSpPn00doYqMsomVyI5JOETAslghHWLZETuySIyo4jfjC62FqJnwpTWLIEdQ0FAAAAAAAAAAAAAAAAAAAAANxdJIJPXM0oQvE0kHhzGw/1QGLJheNiEAv91uMSN2+Dgu17+6FxR6BFNL25rEZ9Xblg310TY4KVZdhfLottvDSfjN7kTsjgv4fqAmB6m/K2P2lmjeBZIebQ5zCHk3c5Or8Tn4Ozs7M3uOee3W5nZbFJNLp+9d1bBJE1JisZN0zgIG/910eSxIEmSYqQfJz1IfXXYkHT6j+6YeGcJakMFqv0pP6pjQ2urenv5io80PZasF7jyI3wx4YpVZFJ6SyZMwnrWHMx1LHJx64nIG2seB5Ej0ub1UlW5CT9k1VHSQ4kh44kPHFXHuqVEq1Bhlk5rOenNS2s2DCd6H/vDkTdsOl0snnPEl5mciJeLg2q9/saEZXDxZqSC3FxhilPQpNaxy+pjhp0GSGCY1MiXIFm1/BTfFR54L8dShBzvP0U3CFIZ0aecCypm0IzUYh8MZgRiOpYukQ/WeEhciido8GdhgKdOhALVVe45ODTaptVtdXFGiG/hy//uG2lNUI/ao9D6PcI/dweD9sNZVuN8+pe5yQCAAAAAAAAAAAAAAAAAAAAANwNUo6i6hvvveaEW8VJCRObPqIPQIeF48AK2vxt2Ipcm/PHgVu2auDNMGXcKrkclTsPFefh5NClGVIXA9d2DFFFJ/HGbnfPjYwak2hSCT4Q5l5XWpxO1HLGDU7YPDzE6WRKaT/Hq+XMJHqOVErq+7gwHWkEFv34kKYQ6jJysLk7EBfJjMg6Vp3QvDPmmaLSkKJIWkmAlrWrnon9SJvJRbEULQ7eKYYs8K+PhsVqIvu+TJydTWSEZLRKFhXaFjVcSSNxeWTId4d+uWRRceHAYqORx2Kg5nTxAblNbPqQCboWipMyvShsTu5lYeWXQ1eeNiLxUDnduSNlXeXBp2we06qQ8rKYROvEixnm24MKTYozTa11salSuC2B0JXncZlCfPgC2qrkajV6RiurVnY6K86KZfKtgGur+ILB8cakZmIAAAAAAAAAAAAAAAAAAAAAAO4O08QlD4zhkdHyOn3/MrymXuiUCm2EkA9kGwlLOwg/9ig2W+YEyamyjjmeHqJNvKE14eX3rRp45GW8M7uPlAQz3ng1FomBBopnu92Ns7MhRnHcSDqUbYx+U2USDlBC/OLkoZ9ZXTEm1VhMyQfcVBqm8iCXA9Gi8duD4EhM3bqs9Y5sXiHl6VvSH5UCqZVDHWDNgkTFsCC51MblKKGRTPBCHlA9Djw83Z2RzgVSDU9is3uZn24QmUnOpTOKccT8nzVf85CsJ+HW4JwGXfmC3VVLDN2wBUuhE3prE+8MNzP6KiqGhWeGVibh/yQSC1X0cOvGc1GRtDrmo5ed+FQOFWWzzabXFcUYh6rUiS3pq9I4z7dxzBmcRHRWdCf2PEyHY0lk+i0yF6OKseTGH6KxuBaV0GU7RU1qok0VXzC9zHW0jg9OGCk9pbJfNA5UB0Qxkdwcppv/AAAAAAAAAAAAAAAAAAAAAIC7ydSIAZiXcUjJG2Gv7odigiBigA0tRf3s3pFfH8n9mwoJ03VE2njp/VA8mZogJcm9Xas0Yt4kBZJSLVFOuUa7xeU/i73XrDHk7htpSiQOIbuYFSf3nN2zG/L79nOA3gwQDniZtHU1Xa5M7tqSTGchHifzH7K2paCeNJaeJjsrNPYtReBSqjvkttI2TLvnPiNVaFIu4KbFUklkV5mwPmiL9rNJPcossrBwI8LR5ETylRexZap3NMmUrHk+Gll5k7PoZPuXaUyjylD8Yh/DZoj0p9hEqC8pPTlVYlHMMMoPa9FJPKFoOnBxc4WlGfJOEXtmpXBNpLIdqNNOuEBxcqHbBDX9SuFq2BOMbTm0dUW4Tmy5aXKrrDcZ90kkTnq+2RVjfiBywOR7hWyeYoySzD8pJ4lJts/cDcVJodMJepq00yE68Y4qvvNP3Wqqro1LWp3EvjNs1mh/h3Al2xoAAAAAAAAAAAAAAAAAAAAAwJ2m04lQ0Wp0ihOJNfKGrsJiwVwTOCzjgkS0CCfSZs0arOWStufQ+/hWplzGbXVtQpmSueaQ1IA6rUzw/pn1R9JyPBWMfsxXnMVhNzPsbpzdONvtND4f/V19VQAU95FDWDodT6yTNDLtiXVGN5lQ65EsshDRibUzdtYUiZnqt+26rEkHkYhvY3nSFB+l03q75nrLE9IAABAASURBVA8ZtNAQWiOT0EeDuXfP4e65mDKFuPOk8YfdzS4uUhXNqpMHZw79Z+lJc1nUJ7eQs9hotVYd4RLE039aF7zbuvoEFxA+eA231XAqcjCRRPhauCSLESlB/zzjUjqikFq2mk+qhbltZDHIubiVflAGIxZNkpxfiX5uR5dgy1LzWOW5N1c2np+P5zf3+z2nKVsxWaaYGHRyS3Oyc5A7nbgRCpdcPCJbmUx9clvtuy2aJ3r0Mj7+68Wakxjj1kW6C9imVsuRb7JJafqt7C5TBGVFrNJMQi6bNQAAAAAAAAAAAAAAAAAAAADgLsJub6LhUna7CpMIdPFiT7ES3B2FqUTILzYwKIYlnV6i4Fl7qHGN6J1IQne1aTtiHKTVqS2tiDnaM7Ue+VI6GEJJ5lL1ECxKDpNfqKQjh0TD2W53thtuxGEYdrthiKpoyQNhPdKqswCAPbJMYd0LlY9IYNua4IoTSaZjKXUmjXnPwe9JXE9MpUJF2WONP0VLsRD9TK4waQY8WTMk7KtuKzIpBp8BNA+z2JxwqzXJDYhDHiU5qwqYJONMJXmLu8gcapyOvFml9LYd8i2bvOQEQymn1JFBynl21F1CJ21uGIdiYNM5p9RKlg9i0Y7m88gFHXzgh13zVFotTntl9Jngl/GiHdTWYlYjjQLDpTThRE7yvVkMkInNqmbnsN5gS2i2dXz8ruPXNLmEqNGcFEuc+pD7+y5LMeGYZ3LKWZym/TSNgafQpSQiqtlexNkkxvJV/swbkwilpIwsWNGtxht3f8omuAi71j80XK8cpp05JmO0SuoeIv4vqYjegm/Ei0atrLECAAAAAAAAAAAAAAAAAAAAAOCu4yoTKtYWa+MRPawh6RD64HiHXZ4Clf+ad9SXQpPuC9HJcURrUzTHj5zbIlZxTN+eEuY0Q5CqoqlCGAsDF3+UVAw/RAgiXh90Fod7dmc3drsoeAg+eTYeUv2H/sDcjWOjeqmSCqZqK5Lzd4i7xD5No/hMTBKIDSIQMZHKEKkxZWm9Q9ZDt4z4d8+vxOnLGHhvg59tn5dE0zW3SWL2EaS2d1STZ2h3ErsMpUhP3CtHfUmCN4dN5hRJHU2o5DliFf/IaGTlzRy2z4ORb4hUquZmTNI6m9LK2mEhSFpxOdFJ6MPfZUCL08nagCQeLnHbraTmjPKn3krDXCERrpGjAxRdGXDEW0UlF3aB+vEcv+ZoaxbzO9UC7ILSpLbw2xwRztmasvxqklW5T2kMMk/ZGhBNa0IuNHF1E4vPh7lxTCTJoMZpGnWuUrMh3q+qk1CVcC1l74t3Rsexta2X5z6F2oB60Iqzyqpti/KdBAAAAAAAAAAAAAAAAAAAAABwl+ESwc7/xyO6DwnV62HciudSH870hCYe/beAZhYUeJQ5uwbonUNbSixaCqLJ3T0W1XTBR4kvb+QJWbePqkCBiyZCvpUP+ykETf4QPaPMWRxu7Hb5z9kNEZy48iJx2xjRQ0RKIkbpsY5kV5ZQFB4smSaCVzcFUVXk5Cn5OHHzzr/W6ZoVWgVhw1Fc3BKCJ/sIfcSbNcMOL80sxIAmSqhd9SZER5US/SSodhTVL2MR+raJIyOSXVSS5dcw85cppyVJahYhKV+0scHFUnSVqP1FupONO8JGbhzrZX/hUnRyUbkHm8GdCUo11LBfTcmhp247/l70VpYTZvua0PT8stqcolTiy8pBbEp2zjGubdOGNReG2x+LENwSRNdpdimRdFdsUjO38Ckt6XyW7O5EweRAMm8n06GxbQ00L5v7VzexlOFwd8pbe/TBXh4+/F3zdbGb/RBd8Oja3DrL1gMAAAAAAAAAAAAAAAAAAAAA7hI1kMfL2PWR2OMq1Ef9F1VHFJVE8wtTjff7y+zqdaE/BP01qw/odPMGaj5D4/9xZVQCouUMFOc/Z0NWnOyGISfVqaYsnilj/hpr9JmD5fdpM5aw61Dak+LjoYHtnFUni11EdjFJVh2PtFNOZLTSl9CGecwpcGgye+iTKFKDpOmCStIeqg4lzVNuVCa0+N4E/huTGdpyn2ldVkLuePIcTio2ybF+GZ5R1SbJJUPsOoticFIFNdS4JVxbWPqkEeZeTbE7oRRNr3Pa86M2xw1vPfV0kmvIYTaEWl2ldq75PMRyppaTtjoO6ncOtiws22UHvE6sIzeE2yGXlFT2JD5DUxrPVTXitVdlVm1JXz2Zc0dWTDGP2YwlT9NU9oEULr1wrwVqHkAvMqFTHu3psOns2g3LB4V1T1B9DvGFOX9o5WIjxlUQnQAAAAAAAAAAAAAAAAAAAABw16lxYVqKTkrOjjbGWi/ui1kUGCkW0Uko4WwRCzSh7d4dgLm+vC7VbuaCONiRtuUHnRrYX6m3r43mphobhF4XMnflbLd70O7sxo0bQ7RMGiUWP3iPuCm2k1mwOZq05QdXnExZWTHNp8aUXV3GnEQmjZpqR64cshfABdlzThuglQCDfUBy55P+xcWQRuuIscqHDlVNbjvS/tw+5CNtJWtGKFYr2Rlisnw6WXQyqhBljt23CXNcphTCduy+EUnUn90X49KCpBOHuh0FE530d6paxs7rwUImIh4YvW1GW0zzJLwPNrvoymqBklLJP1Opq78sWh9WA96lkrpztBmqCq35xRJzK7n0wDAXdYiYD7Fo0FJYu+PYsFOgxXDZVibCqXGezsEf0lxIdkzxzGD3s2jCZWSN3MT0X9bqU7YV3zO2RrxZormuqPtJkgxEpz8GtbnirZNF3kP3++ABAAAAAAAAAAAAAAAAAAAAALbwCJ7li6AaBHcRSOhy0sRFVDKWv0oIMOdiIRdnSKQ2e1GkxjGB7SV3DVxGL7uLtjfeFeV8aVxjbkHZniN0WT9aKUJ11Si+IzmcyTWdiP5clTEWHdYY527YKcPuLLuceCi0tDR5rgfvRfdr2xfWspvzSRQnIrDgKWVHhPM5Qs0pua6CmsgruRCkDBS1MpeT4eZAnnmq42PjZ/YqkYbs3zJ/NtmESEQwhRoE5mNJVWqXXc3ibfCJVb1h8oCMOVIvH1n049mIvJ/RZ2lKS5HGIWSWdKN0eelJe7MXephdna51kh8qaXXW1V6Z6GNWxV9VobXyIFkW0tL5GjW3VS0Ut+U0Gq2SJsvvbcRTnSCpX4mbxEvLBY7k/KrqrnWZizOp793i0qo+mwdcvEhE/zSv0P2teS7q1PUHEHXkTQNRViOZzoXcRkjy6ozzX5pRS+QmWak235yKDu86OSzFUBOpoHmKVhK2oPt1NUGhzjjKBsh/Zdmj2rL1rEnBgmwesnm1mqB29Nk1PVlrJpoevYTbFDoi9CHyfbCd6UmztF3z6AEAAAAAAAAAAAAAAAAAAAAALg9ZdFHUIX1GG8tgUk9yfmGdNkO35U1/0a2QBjEl9LoMWdvluZQUNWlL46dSCvfiWKK9sTTWq+YYqzwihyd5WT5LDDUnaxF7gdqzOcRpodPygj/7L0mC/NneI9EcIA7DcHZjt7uxuzEMu7kZUVti/SFPacI5CprIovFZYVNbo0fJk6/oH9WaSBvCKKlj5s8x5bNT4+gQcmyaNZpdTEmIyH1ZmkqKmqcdgRokDkvFhf2VQ9CsCY6sWI81q3aIoqf4MelD7u/cxgX1uViXZax0VuXkQKGJG3PQvEGNFMeffM5pErLqRBPqJGm4PjmZBC5VobDs/0UKkqKnaZpctUfd6RPgpQuDK1qa07u1EGoTWi4MPemCrBiDpZ1aCLJMGyDzgdp7Lwc3n82s9YfN/mypFxUVxUlY9mZLILIhcrgemv3AJhSHrXYep+qwbBxyHhwrNk1pmhfmGEJdhNWjRFbNvOHF7OlhuiAXinG+d9zPi7ptBYsgY35qqXTgfqPJZEPr3xzR1DRb8PoizRC0KqLdPFyCsyqDXEGmGpOiGJJzfu18V+qnpmWVksHNi4NWTxoAAAAAAAAAAAAAAAAAAAAAcFeoIev8+jiHXh3ioUGLVeagpb7dvyxGYpQlsK+v1FsEmvxcE2K0i4K9Wd8GJhtFS5P5p3VTKD4fwYtdRrW9IaYC0eg9hRQuCkJTfn1eio/hLCfAoLNhd8/ZjRu7s6ipHUSPonVInUOwWH0swVGV2pCrJdhj2doqVVGM4oFAanaS0ujqiuQaGusj66v/xWMhI+06Em6l7oAtztv/VMeFaxhaQ8RR6owi9FHRCYurwFFhAy91BVEnlj9NDTPHaDqGYGIT1cJkzU0Sxckkg7EfVZEjWpPgaTXk+S1T95zgcdI2cqPZGxIFurCYA9V2Z3eHfriYxjmD1Qtjo8JWgxJCCHTJSprbF0YywWqX9EonlmCL5u5TpWUn31KEWaUElYPl9chiwqFOMGzuJvpANEOO+XDUYqwMNfJIyR1BtJTGfync/5DItagRlHAr9+uuPE17VVV7RRsSiqCPqHdI8nvq7fl88qN2dXYSMdsDV/8q8G15FQEAAAAAAAAAAAAAAAAAAAAA7gDLSGOskT3XT/Q2J/WGWKUrQ0l5sYhpUs2JY2/dH2hDkshlCbZTjDFsxkYPBf/N9qNmodFMDtT1JJSEO5YLI79pnxufw8lnwxCHuVNnu909Z2dnw46n7H8QV1H4oudwYYiezM4mZNFqzUxhEpsk+WMktUSSNBVZZ5E4maynzwpE1TWBmwju1qiVoG/TqmohYn9pf820IhuuhA2nikiD6YVKaYHDJQO8rUiofDaNYhsMaVLOozOPSuBxnGRwxppcyeUp5LKbleXHqZxwMV2kSroEu6OpU7iVzqx/JtdthaXFyDVjoi1mbkQnZN4qds2hcbtoPO9ngQXfxsOzOWpuGll0olY7U2qEI85CuqUWPsHVJzXvUF7VzCa74+ubWbfNYpc5dMGJqyvVu0I/bdjtkdq9oCuzEfoE9S+R6/sKqLuYrPAAAAAAAAAAAAAAAAAAAAAAAHggYPHATkpiv5S/+NCtjfmIv0NPiyvWZ5iPRdtLibVoqm/mryo+RtS8OqzHNV/Doj2hjWAyDzHudrusMxmG+dddtjOIgSXPCR97uX7xCzU6Db1NjBOy4mRK017C2SGJ6EQcEbjRh2h2CTrc4FMQ4UssDTDDGvmWGmsB9+0gfYDSzbga7fl+TXJ0emS/DRGXVnhYX3xgtNicu2T+L406DqN7nFAsKpu74gtxu+zCbYhFVKekSoXG5eH6cYuTzTxD1H/t7mpP0rYRC93Pz426kaKTFUns+5+uirxO0zRzPu3Pp3HPaWqWYjT3F+oHxyVaLolgzZNFTdar18VJfGm6USE/w2Wf5UZCxRuSN9HqyG61Oafown+VAAAAAAAAAAAAAAAAAAAAAAB3DerNF5oQajlrb+0XDxJ1ESE3xqhFXRxurpqMLnpITaQyEK2C3Xx6JNvdTmLQqG8N/y4tWGK5XhQnN87O5s/oaWzEk2QaYqTmxnVEu29ooCL1ELeTKaiZCc/B7D1P4zRZBg6JsaolCg1xkX3iinFqyacjyX3chEgKAAAQAElEQVR8iKUKfVbVtkEHhUJJ50L9QSuaaZtzyiOwtDBNhHluUTnNmjZH4/tZhDNOYdKx0Jw8ZPFlPr3GBxq7cBViO8yn3NDak4SrUkQn8uiH3kxmIT0hFwQQH0jOcrfy7PhQcBVUdU2LW0oFnZcziUwcxmnaT+N+2o/n+3mpTtmwI2tNtLP5UtNDiSsQBTsIkiDLRkXXX1Jp1ZQVW7KXMXM46nBz/9Buo6dsqZv73eZlc5/ykPj4qE1P53oUfVMUcZkXnGR4WUspZlQUXcNDbr3kFixmBQTlCQAAAAAAAAAAAAAAAAAAAAB3HW4DxJ3Ig9RnYQ5Cc7GtkICixJQtn4ReRX3omWsylHWFxQvglCh5NOEJNUlawiITzUVoTJlL5LSG6VNv2BDoxu7sbHe2G3a5Q2wKG2o7JR4kczy5HTXug9vmB6LBVA0+W4TVxB9ibKJhaa6GMpKZovo0lAOiC3pKcxx36oaao0gFYjVwkc/JWsvFYoCihXWJPD8Ix2aINh7iqbofuyQF9VyRDEdWO6mFx/w9ZYOTtM+5deYRIvVbkdFTmxp5ZNTnDAqrR38pKdK1s5jiyRtyNdGJznfT/sj3U2882dhjddexG9eKk3KSF9PVv9L9+TBWwqhwGSUCN39MBZbnabbemcniMLalXgyXLNFXFZv4UR1/LqvbcPkbFXFPuB+FVJ1Q7kqVHml2I0jM45C3k1gGJub1T8uWcNn7fPB1YIJsl41mqHGXCbYWug2brzjnAQAAAAAAAAAAAAAAAAAAAADXSC/FWDoU0MrcgoKpI0oAU3+K1AkUbiMa2AY32R0FqquCvwR/ibparYldzG1gX9wdYsyJdYYbu92gb9iLwYGobKJE292Hg0y3sWq0e6iwnxCjA57SlPLd6qmQ5SEpeEy66WqIbeC+hmpj6/jR9ahIMVTM0f8eVt23IK3nbCnPq8bNgwTY17qX1kKi/VrbvmqbBogtqYipbSiLbyibnGgQe3LRyZRElWKil87h5QEdU+ajxxeLTqpSoUnCElqREV0sTThywfF7GwUAbywhdZzpyoiLe9ur20vvhgCoEytc5i511tDVOZlKLM1/5kk5iV6kW6RUnogdUXleVDOV5dw6dVS5rav4nXgL7oZgipbZs65IN+JaTJQEXWVUVhYpXBONmR7NGkEm+SFOYaPB3UGvNAIAAAAAAAAAAAAAAAAAAAAA3E2oF4ssf7S/66nYpLwpAdOYA41yprwV3xe7jmyqxmGzUkm2UGwTwrIELgKPyvHg4zqqrhYmUSKkOZmIZNXZDUNOLWKpfVRxkq+hQMUEYY6ItqKAzYpUmxJIsmtIYh1RVWQ3j3ysRie9RwCJgYrlnqGqPgjB83o0zLeTPwXNzlNi2SUYu2yYO3DwMkjsg+E2Fl54aCxpqtakCIAuDFW39WRTE8qDwGFKklEnR+WztckkWYeyDYxn+Sl+LxsP9FCl93/Ufl079+4M87mTnE7ITTNERRTDQuFhLiRM152vpiyJhYmFbwdE2x4n9cK+PDpw5d2DLuV3YgecJpmd+zTtwzSRKd3MvIPl72D9z5uHDVlU6ycui970Xc3YRpdLzAPrZjj3k2DiDi2PDY2Pak3yvwalh7IVdteJx0myAfIWJslAFBo9YVJdT6nLDWVs99lWSgEAAAAAAAAAAAAAAAAAAAAA7neyAYW9g19eSu9ilP7+PnlYNUfGo8f+zAuEiomIyE7yYexr2dIQ9A0pXgCawsJ0LGo34jlyDkA14YIn4OlD5rl9qXgWcBgiDao2GYYhB0nz37s4aG4Il5jk/DSU1ArB/ngtaxcQ/cFS8nDO1pHFJRqC3o/jyGnMZ0R6oUmK5s+pKDzCIMKRSSrJkgXRmnDTvWYEZEioyZvR+7gUCUsdHm+q1xZdYODZQsKQGs+NVlfUjGPKKXu4tbQ4YHMSXEEiipM8xbKYRbQ34m4iypNJ3A68l5Qz66T2oZVBfWDD7bRQIxx5WMdFJ22vDmsC6I6MQmPCYZO6f5CnaBToQJPurgBIOS5Ay5+mAJEz6sche0YSVdQ4jfusD9PML3YBFTmEbEy0LpRFTWX/68Jn+8nsUWTpHLcJuqMQ0ZWn0aKpFGlb8yHGUEStAq6fKuwuUPal20uDWUbxou7Q+ehQNXp6YAicAAAAAAAAAAAAAAAAAAAAAHh9JqV0wRUenQ7ldX1/+V/DgbQyI4lZcqF3rSPaJ1ENBcrL8KfG3fVODo1ZiB1oPgf1L5H/Yxx2Ijqh7HASS9aMmF/HL2WtDVm67mhHE1taGDaBSK5sZJ5yAHvaz4HsnLDDNCjRG0heerUP4X5MD/ZQ20FeEpcR2jQ7ydYCllUneBTdw+mNoQBx2MqGQV1J3ZdiVRB9nFoJjl6QU42keSSy18k0pXzAmmMoSFYdltRCkVbFq3iI+IGtO1k1uabXKcKrtHGXjj+3HiHyl5lqUHuaiK7L16Gxw1nN6+1p18rHaGslxqO332+08qiDFy1an+VZ6iWjUrMsC5uSzlhPE1XNoHLGrYNFZ/+i1LibiOiEQll1lperqZpMivKAnt7GIiUQb412K79SHRxVMWBXlv7liY1CWEueuPlKlgKpPohaCVQnAAAAAAAAAAAAAAAAAAAAANxllnlnFi+020VxERWMgYk2gswWRp1DudOlQ6mtQMQDssu0HReVqgH7ZHqMvuSBBv0aNR+QuJtkmxMy6wIqKhAP+WtiHerz3SzI/hwSa55jzKQBZp7bmaUV4zTdGs/30zj/OjVWK2y2CCmS+MY0nYoebuXSnv6nhQeANdIjsEzJPFl4fWEp0hxqVDukP6sHiobdXVxk9g2eOqn2eCvS64YwJtPJeTWSRIpTtniZR2IU3UlWn4jfCQcVVoisSAU/7JKg4AH6MiEeyIF5tbJYZza6XHod/Sbx9bhQnJQrb38Uth2H+qV8uJLrzvFz/fCJIoRlFyWfiwxwSvNyTVPI+jAeaKkv8z1psxoKNalO8UXiWGRkxVJKr74fNTpe19Xnz4boZDNl2sb1XG7imtTJi7HfUljsWWVdNJXIztQp6wAAAAAAAAAAAAAAAAAAAAAAD0C6WCKLLsHdFiQI25mXLEPhHk0s1h10Whi4xL2JWs1JCETh5FB7G/RsW6gpZMzjJKtMstNJFp1QFNEJcbIkGPNBV4in1ZmvmepZK3bS+GfK4ohU46m5+1NK+2l/vt/vpWj3/JDAqtSes82Y/4o1NZrDhRilcE5SUYK1fS9jjc9yKOHvRMWVhFpnDb8kVxPzSFg+nSD5j0TtQZ4FR5/sQEs90UlPcG2RknKqkTl4P43TOI77KUw5li/OOl0VjYvBIeiBqjspkXJtfk0aQll0cqTFNrs5VOsZLu5A3QrsguxdLqftMhe39heXwro0SAvbCjrwyHlVXWc1cWVfoyvQSyBC30Fv3YFbiULxMJF8UaNebolxpqkUUOdlm4+H1R6IWhFKsB1EnHvYJBZdeyTNVKdY8Uac4uQj99pMO3BAvjmXkz4SbrQi7WrXXWlaxcUpHHgpNAlte+aNMjbmSmXvVpmej55r0ELrTqJ7n+dik/3HL2h8rer1/rxyD1LOz1UaTCfuTQAAAAAAAAAAAAAAAAAAAACA+59i8jEHw0ktJ6gJWNbX1UsOmhpjJQunXhhM9agtlfAhae6b4EYXqbiPrG/dLtBKCaEkj1HlS1QHj+xvQlZLFpzUwCXXoL9/phJJd3UBeQQ0W4BQlnqoasM0J/LjFNKYxvM0jdk9QTN3BNW1pBKN1eB3Htx8UczOIDVy7H4n3HU9N4I41ABuMQ1QaUwjgSgOAtyFptVLwxw19AKRSagAhSwIrGXqNexPky1qXQvZHH01WUnS0Rxe5inbnEhKnTFHjCdpEqnQpwiNQonAS93u3EKt4oJb4cXVhA0Xx/Yd6sQCwQbBxQJUG1JI7fSXDuxa9dJGDfZJXCd/sNt7xQ9zaMPsx1p9gJUsbHFXd6M8lE1TE+4vu/iaK2sCFsqVI4IjbkaH6kwK20+bypMkF53oAshfU07/lFVR8yWt45Au3FY/59M22kjlB540x1bgKWjqKJ2oPrttG5GCF5oiOslChptVt3lge7SbMukntX2nMHjLO1nZ4iEVoySuu1BprX2Zt07/58FqEi1fbO7X/5JcYLI+SzumqYvYBDra9KkYTNWcZl0LS/oyTqUx1I8lAAAAAAAAAAAAAAAAAAAAAOBu0gUo2WPtwlBdQ+rL56HkPuh0DhawpKr8OBgWtJwuxVCANd2LvS3vIc9sIrJ2T2ijrSyqCfIGRGucqiby+/iiMRnmYL54nMRisyEaDjJRAffRfe+Th12LEqBGk91/Q1QWko8j5eBpOh/3436fshcAuSIkFOuXEDYsIZIXHttB4zJOGnIuYp7g0WXSccrv/pM6iOh49n2QmLBKSIrKgyhwtWNIbjUTtaAirckXD9aYIv4YTLliahX5MQVzW8nuJlOYgkSl59GYcmYdTUDE/nAs8C7D2MqYlofcuiBUaC0oOMUHZaHmKKRe4BDdsISaVB52xpuVhUShqBcsnZCpk0htKbbS67QzgOo07VvFbVXHuhMuoaIJW40Ja8WJl3w7xfL9Y3ZyDeR5L39nsck4jfspZ4CaREGkO5iKvOrEKQtM9Grcj5XqyVhnezgwuFd7cMcNoxpd2lGnmRNrPnDNOsMO+T8EbiAVfX9sr1SRiZlfLReq+qnQapG79tAvqiqt25r0AAAAAAAAAAAAAAAAAAAAAIA7A9XgIak6QaOEMdA63HnIhuCUwL/f01UaQlildLlUSctIpHiYmMWJHUgMkzxxD60aX/xLtmtZyERck5FEE5NElJAC79M0TlNOqlMySzQtS02B8Whon6vagdUGZas9VApkKifbCxZQO+CrKqlEtqt/geT0kLOSk4TtIFTvk1TGn0ni7Sw2D5zFJvJ1StnkwL0fNqCjX730O0DaPk1pw61jKUWibs5Xpx5uRn4XTubyU9+kO+GSuKyqE0XQpurlNliLqh5IlFapx0nKipNpSlkpdp6m83nmpmTOHWsFkMq22j1LRFHJH32e81WsdidZTlJayzaoO65r+xRjFa+lmejNTtkOiCYGC4vNJRvGELXXczP5aJWLK3jzu39vSq/kUVCoWXgI8hMAAAAAAAAAAAAAAAAAAAAAHhjU+GmVZEgKiJKhpokkRnnzf1OfwYsUHquIs0Rja50ltkiiEQkr9YlneKjGFgdj2BrjjrGUHu3Vew2Hmp3EoFklqktHOAWNh5agqjqXTG7NwpTzQkjuGN7zNHM+jUnkGVGzTNDCCKbjgAqkecPfTV+CGZNYk6oXSOmNZ9s5UE8xCqj5gyxobj+UlBtd7g1RIHHTrF5vZMKa/CGJc/IQpCA5SlR6Mp/Izg+JV72+K3SjQ1vn25OqJ/GgebE5cZsfrt9CGcZQpvYx0ckx+c8lKOqBdOodFu4/Uu+1PZvXBcsTNn0dj2naTzkD/fT/oAAAEABJREFUVBZJkWXXSStdDrWJwKwIW5dq6DHVr3eeY54mreIkLuxYTqXb033DLns7q9ML+fqwzbY+dNn9gm4xNZUR11RVFMxT5sh4ef6cphOiPomBRslwBgAAAAAAAAAAAAAAAAAAAAC4u8TQCQ3qC/Fc3Eg87HdyBLkNIC6sREITx9eQOTVWEq3fiYs8+NBr7R79tYh7CcAX/YxKT+r1GrfUbopggBbF9U3vnQK8L6TWJmy2BiFIuHqUDDJpn9N05NhzDqdS/8Z+COF0J5jQNcOdTjx5RahR2i4qXD+XJRS5Sdup+WvMSXDI0u249ijUaeC93iiwqz3N0XZRnExpP0nk3fLpELsRzBFtzf0KH6q2m2SHLopVg0KxejfUx0Fmx0CbohNfTTKnm9RCa33GhS3pyw1X5/Utbi+PuRj0qIYs5SxQ0zTOx37eLqbG2UTWRSTLI0ONk0eytDrCnVaccHfYC0M6iYx2INxmHc051jw3nlkq1sExt5NikeTpxFyhY0K5VDVs2q54WDDlMpOySMpfVQJ51e4BAAAAAAAAAAAAAAAAAAAAAK4ZixUW/wV3JSHeMrg4IETgxhKjd0Hpr6ziEi6ikNi4m4TWBuKAUKPNEBFzFqAYPDAcxeVklz+GLvwq79i34eRwmEO/mo2BRpiZ9+M4cjrPLglpklFjb8ZQEk00ZWoHYy+vafGLVXCj8XHiZkTZU6ToSKXDAe4TRELENZ5ueXRaVxk+MPiJ2jQy+e9RkumMacyh+yw6SUTFeIVVXuESjUsk97he+OhXP0O97wmtprOFwnWJqA0Nq9rE5rBmJTridKIuOVtPZ52YhvliVUizapaltbYTYWs1nS4luyt0s+waaH17xMskC8jmlTtx/pMfadRMXFJn0WBxsylJepo6qiY/c6zsO6Y7cXVe6IaE6m+d0QiFlecUh2OWUdzdu+l04hVyMTDRHVecpVxtZjZKMry+hrjuGtSWUE9Y3aE8Av1XQkrTp5OYS3IvAAAAAAAAAAAAAAAAAAAAAMADgSaTCtnb6paAYxmavExwuol0c5UyVMMAcyKpWXX05yB5WEr+Fy2jfLTN7BszFzVET7Wg4c/aIa3ag5V0moXE0hTEusJmYyLRz3Ecs8fJNE5JItbzFUPskq6EbY1LGYFOFWD1LluWajibTHHCpk1x0w6VizQh6Fa10w5T1yP3IGjrUjHFHDtOB0VFOSOJa5LU0UQamaY0j4MqTsZQtBehEy1dk3Lgqiw8E6jVIIXeiqecItN9kItm3MoheLYQVRppFhEZEDnJvBKdRBPidHWoV0RpId3OqtumEUO05bdmGF0lXPxYHtgUSyT9i0+cXJRnq2wW2d4kTefj+f781q1xf67zYfUs7NFqjVlxEimUfSXYpBYZWmmALgmOVt910i/hWrxsqLGdz3G4iryrzJa8nzWKFbbZvmyHLiFVnNQfc0s0uZjrqOYzSXIXpaTyLPlV1szms4vUqmPyXZKLJy8v7XfMT0A3egAAAAAAAAAAAAAAAAAAAADAXaT1OIlFIdAEdOnAXUfMTrhIGkQfwV5LdLmIBEjnqGGfWcGjtzV2W9+ZtzOD+0mUc7mcXG9TLIeSWIcaE4Blm/mEgLCElyWfTj7OqXPkXfskwVNtXnJziiixaak2bo5MkctEb8kwDE1zqBgxtGKI1Apx9EwTbzbzEDPauJwuiN2SoUaW1XsgcRvLnhugg5lcAORqoNx9UdtMIjoR7Q3PgfzkM4jaXDaqM8qNTVxbcE2c0vfeuIEWN/rE48bRIYYutE+haI9k4GX6umpHlD/JBCd5Ph5Ir1P/XsgHQrisQoHLKqWlNKvv2wlqn9cBlcl1oAIIUpnUNO6n/fn5zZvj/nyaJtE5iAqMycRAsqrY5CaqlJsv4DYTk80as/HgcH95cPDygF19lrncXnAU3aRLj3U0RJ6jmYYoDqI4adRY60ZunJCN1XQtzdbMa03hClb1CSG9DgAAAAAAAAAAAAAAAAAAAAB3H8sfIYfE1xN8Jn8xPni2mbloiU+asUeUZDgxDlyFJkXLIK/H95qAKuIQbUdRb5AlYogSbaX63VJgaODYtRSX6oJ6vkiEmjlq1ogxB6onUZqIwqKaATC5jYqF/4tow/rUOU3wRlCYWhHM3IPkgezU5dNpSqV+vLn1zvArqlJl5fMhgfXUngnlAk0XQ9pyzloKpuZKFs+BeUhSTqmTxN3DP4MOASdrVStq2ZAwXRyhp5P8UU58ur2xiX3zVFLmvtCW15jB6HxQs5ksxJEbq/mJ/p+kCC13F443uHteWw08qR+locfuLFl7mLdmXlPOn35kmmaznmmc9rf2t7LiJKVR3Uyi7irBV79QnE5Ca3kiZdkSNQGaVaB/RbpOUVXXg2YJ24lgSpDS4MXzPKJqWmR0Kst+cXejOGHV4rHKTiyxzobjiF6j27Jt8dS6T213qmhOWjMo91jKF4nXFL0ezVgAAAAAAAAAAAAAAAAAAAAAHtjEPga9GZAOp70536bFkSwK5qMhGpJIHk/0oji4X4lnWmBex249+FiONEofQ/E7Ef8BOeG6E1N2sIcpFwWeFK6UwGiShBtJUueoymTMRh6Z+SC/bh+XIV4PR3d1rWU0wSUYC0mIxF5j+WWuY7LzFFoFR2MrIAMR3XfDRD5VW+L+HFRvlYh6UpkLt8IQKhlnapzdLE1CCbHnz4nlEY853C5ykxx4H9lSZaTSrOCtZPu+IZ45DnM4yc7g9Mw9zYPgJpiup1RMUwq1BCBsqh5T/8xXqABFZxjlZxSr0YUF2A+LTq4nYh5XhW4MQbuiypl+Mb++xe/LoinzOZnuhqkZDT2IskQ8zYx4nPTavOTDq8uA76ehpP5Z1336gp2a11v8IrnSasLo3lUXLrXnqVWcMPPydgq+Z7gyZpnLST/tH4BSTmtLtfCPobB1CAAAAAAAAAAAAAAAAAAAAAC4e3QyCKKFh8al2ApZhiGa4qSERDVyq3YRNSMPd+UUx47YtDK6wUlsxCgeKvaSwyJe2XY1XNh+v5A0YKqJY6Y0ZsXJfMCTqCrSRGoCUiwRqiMHNbIae9XfDU62oOANluBqFOOBfDiZ7YsKbNi7GPubXWwQO+cMawt5j/yp+vONWkXRSVDTbXN28PL0stAM6SThdVWa5HxD82hw43Fid1NTQHBRBDVf7yzr4HtaXdPNOD/DzaPUJ5hUncNUnE50snqeIxWZzN8kYUiyu3dtfL3kEKEivlrPzi1NwAabwoatc54wiNfnfXRe38L2YrbB+uDYF4XqTriswyHueDmBXFjmS7vISxqlBfeiE93drm2Et9aNG4D4wop09eo2JCOrS9riPd+QWU+Z3UttVyhpupLpsNglg8u9kETw0+pOTiE7WkF3AgAAAAAAAAAAAAAAAAAAAMDdplWc3D41amnhQHkT3nPiuI6kq7F7hZ1DfSW+XJM1Ju5oIm/Vdxl28lv4JevFwU6wOYGEpmpap4Sg3vQimJ/HtJ/GKU1j9jqRvCruHJIsD4e4iWhbwsFwPnXtqV+r4qTGsbOXiEkGKHCvG6ArPiyN+NpYsbqhdGIfypKXVelFmKJfTGuSnV+yviLbwOSxzaITYjc0ET3GpSLI144+qSXFBMfn4UIoINfU4WZPC5I75w8iBfN9UVVBql4sWbuQpSVS9C6KA0RVeLjqh2LjtcKr5h0L+oeVwUmbD6UsKLPlCEtdS1zdupEV5U8z+VFn1VhIY9ZO5T8phqLLkr/KEyIzw3H3IIq2vi1tFdWJUjI0pdDILq5TXrUtr8jThczR6aR6TrmozNjFdrqxo5nsJLY3h1C9jdjsq3Q1JlVehTDMI181enL9IIWkw7Pf/IeabbJaYAEAAAAAAAAAAAAAAAAAAAAA7h7XKDpp/UXKC/AkupMcl1RVhkZqS1aF5sb2JfuifDChiQTHpRRSsxMp0AxOuEmqczAKaV4UocT+h+2r9Ee7UH0r5j8jT+M05pQ6RRPj/bP8GkShpILpJTBcFQe9VUDta/F6ieq0MZn4pr75T7Rq5QEWVgXdgJjawgLKRR1URBimGAm9NQs1DyjH6afkdi/idGLamOByB30+FhBvFDirnvOhobjostPxsH/NRsIqvbCG8WH3GQ5teyyfDukQktk2qPhI5UdqM5E9M0jytPAuuc7Jovjsw5qaBDeHeseH5CA14t6e8XRI3HjmzM+HQydRosYu6K7Bva5Jhm59zXJcaK2EYt680q+grTK17qycms7P0/4mj7fivLpVtxPMt6OsB+ZIllCHfYvJ+aTyVXGYpuyBNBc27w2qolAnm2S5aFjth1LjgMR8RSHK0hmEy4oqZjauIvO6+hsOlEVVYlKGVLowBSrirLaYvlhXnKiRSZpsN5BtMTufRFHqzPvFvIGL7CSYGqWpThqRzZK0xHlsbfY2Kcn0jPR5Z/pDKE4AAAAAAAAAAAAAAAAAAAAAeICxGQ3lrdQcrTQk9FoTj1rmeLwmPxhcaEIlOhk0zMgabdbAfskEQv72fpEvaIoZ8TihIXjql1RSlITsahFGjel7dhhetLx13cjpauyV+qExoaAsGBjUpSNHXceUxilbm+TcOlP+mkRBQy520XZHDYdSjYtz+cXj6UVAswqEz2MURYYg48Ele4vlqlFxSJvthfqUEjaa850hLp5FaDwavJvE3XDIePUNErlDlMdTXWfma3L3U/5gtS8IOcqeY9PeQQptBpIaTW4GwAfaBC3NZUXbwck8O2j503FSrcI1DI3QxPptIfSJTPlgfjU6HmVkNEOT+e6EmMhVHKSuJ1lKIr4ultCpxMPFi4GieTHwrsTyF3qo8nVbMLEI9FcOnaR6yG0pZXm0io3XH2uTDdmKaiNYdSLjOO7nhb2PTGVdUJHF+cpgW9oinZOsXjoLst4kWx9NgZvC7Q4Z9tjZcoQj+pjbQtUntyW/WO2V66OwVklF1xVqEaGZgHUbSpZ2yH2H2n87XG0n2pS2Kr9PdiFZJvO3tUtPAAAAAAAAAAAAAAAAAAAAAAC87nI0fEoN4k7iagxu/woeT+Tu/XwyBYH9meO8MZudqHiFeMvRRNxQ1tqXVZM7tYz4EGhk00L04oJgPhaJRWkyx6TH8ZzlUDwstoo9NAonhZhZrBDYVA9ZocCmgaBqliCkEI4EWmsWF628VzgsauRwMEod1fhEQ9meWEc8O5LXkxIxh95pYhn2XhZP/sldQ04/uDTmFFOOTT5ghaosKoSSPKg2jsv8KFYSNivtmxBLt1ZNtJ92Or9LYH79SGiVXscLPT2gvvEoG1+a8PoLbShu5vkwTWNI+/35+fxnXtb+hOX/mvZow2BIN7N8JJYdKducJJMhMbtJUKe9CHdKaHJnacVghbYbUXqrohOd4dsbrnsgdb+aJG17hi91eZ79i6r6jS+zOgAAAAAAAAAAAAAAAAAAAAAADyyahAjL8+1X1ZpYtL0LuHN3cS86sdC8SEj065Cz2NMjiAAAABAASURBVGTJyRDjIGcXugrm7SDvhkGLCSnKzc1n1aLQHEtmyZqicpPE6XzaTzyfLW0OvNCTbIVA3ffkWHhUItWWysOT1JjQpG02cxcAX4hLSllhK/J7yA7gYA4iSWqh8fokZjA5u1B2KUhKzq4jNgSFptBwm/C16yS6ADX5tyo9kfrW06L96kKpVdl0kSJmF1ZCkwPdO2XkNvRETrKSi4hmYxxpUcjtc2WrCXG1YObr9lzxnWmxqKtaKJ+asl3PuN+f39rv93MrhtgY+tieE3WNi8RN88FEKlKsZrMo4hRyq5Ri/BFdfqKXq29HvMPmHNV35ILrlnfpQTtnYptey+8SOybWnV2z6thtnXAwtKWpZZA865yR60DjSCdDk+RH/KNkq8t2Ub19U9NTuJ0AAAAAAAAAAAAAAAAAAAAA8ADiePyuxvsstG2ngydPkGAtFZMTdpuTai+RUmPBoAeJPYWCFa53eSmDlBMp7kjS62igU2KXk6eP0dKSCCE2TFAWfeQu8svmcUBM9m3KXcmKk2kcz+fPkCZN+FKCsNLxREdNRw6OZ2wHc/6YQjsgJmVhcxmxAeGVtsFTVfRdW3xdOAZoBVQubgehDTe74kTELWrkMKnsRNqb5JElHsO1mji0wpqLC70g0hzdzCWsVUWhdaQIkYvVTf6Lkprd5DC3he/ZLtZZk8LFLasDv9v4XSLl4UCkXxsRrspidW1Vfb3cZoHXNns2Sq0am7Km1NEmH6Qxp8XJybRk3xiiKUZk6qgsiRYTkdz5p5woc6xq3xphna3bYotzv6kjLhzUDb2aNbgxLCH3XfKbOoUVyVYfyXUnKaVWdFIX8+YMUS1K2NbHmZMJSaqzkp3K3VLaVWPuMpCdAAAAAAAAAAAAAAAAAAAAAPC6QBvFLlH6ElTN76U3qhF9Ez6VICyVCCYvikqhe7Ver4/BXVJCGIYhK1JyIgcxPNH0CmsXE6mB3QWEt3PrmMYksSTSUREBN5oDOZhD0fsx/zdO4yhmH9oX9jBpyp0Ni9jtgUhvE6Hu0Fiqqz24GYea1iMwXyIqr5Yk2yluDrSC28M6ZjZOKbmdiWlcuEgu2GPRdahvL/B7jeKVho24timcgulHWguTdg70s928Z1yfpFl7ljWpcmphprNb6zxELXRwjpbSjnXr8lH2C29ZXnDS87jdYD/RnXjqmySSx20CtTRlOyNOtuPYBCYzOiFN8VVmha0pUbwVhxxLqcOmdLP7unnDOh/C0Wd9CdaylY1i+eLH4vq5jaK48VBq1/WqGtEF6pCI7qQ4ndTOchEndlqVjdVj5/3ArirboDemL83VhQEAAAAAAAAAAAAAAAAAAAAAcNe5VODOX2iv9hv6Inp0i5HiNRL9u9RBhwLZVPAQYgll6rmBhhzfFMWJ1bcoSiUgtI75bkg9QvGuyGYe0h1zT7HMMufj/ny/34/7OZys+Xwk10M1pzg9grxwE2maQRqh1UgtVxlPVUIkzb1zMlSdHfxMGyK/AA4ulxDTGlbrmrkFc3jelDYh2Y9h6g0g9LldaAFyGpvT5CqR5S2VT9WXZIWIRMWbnEnBlAd5GkiQmzwIzq6OSkWllDp1iYfm3cXEMacTmYuDHwQ/ScGcG3TstnPN+JyrZ/oofnutdXARmPeDuCk9oa1sVUeWa3MLMZPrpw5dzER3RRnQD5FaZcxzd8qJdab9+TQv75RIFr3P4LIF2VRoSsiWHsMwkEjhbH1IcbI6OKmQwjcm3/HoMqKxC2gfJdeKaHGBuBDVXXh7aJoNlJp8Nuqe1Jq1LG8MrFqTJLlvdrshb9N1QGxXDfqPgxeY2ulqH177PK5hUIGPPIdYmiOPIs6HeYhd7BWqRRDR3ZhVAAAAAAAAAAAAAAAAAAAAAIBNFlqKhXQjNPFNex8+dLKP2GtNavST3NCDYikneNhUvUzmmCI1SMoGKl4pQQQoPAV1EWjDpWzJYnIdkiEjMfE6CLtGCxib9/g5TSJYiTkgPY737e/zt/Y9OJpDq6GIA7SHi9DsIgqshixBo/d6IsSctcflJTl7TeBWJ6AyB72YPbjKYSNlCsmwLPqVY+hb3W8fK9FSBMNuSKDakklqGeQBjakYnVhT0zwAmuyIivTHiqFwOTnOAvOvOfDroWIlRt5etr6xnQPa05I+xYfaZpK5M3CQueqJdUyt0AuduIhFuDQgz4i4asBO5nrtpM4rru0lblOGbHDol6aMizkpSF8W8IlPUSd8c8AHqg6tFON+grqVaYlw5tU3jWnaj/ub8+f8NU/pPIt62U250WxKKA6WSmYxhsztdV6xnrIlXV1FWu3FlVPt9PvL9gUnqTGoHrCzuqis/Ebvomu9CIl6cVK71/i21Za3miR6Rvb5tuXF6YRrS5bN4w1RIQAAAAAAAAAAAAAAAAAAAADgLuECjCPR5k1JimLR6qBqhD7Bi8k3pnpvK4wIJY+OMYiWQs6IzsPPEndv+AfXf6iSJTXqgrUFQN9LT9Lg12osWBwssuLkfNy3dgVsPdsu6lAVpXdtYDS1qoWq17C/vQsW1a1SBh2xfsxLR9p20VbyjY2TbfP8WGuXTCF5XCcfFm0mq0mE+n3IfbTV8dsMAB8b0j5YzSffu76OqV7us36jBObuF/Y+l/h8kR01kpJVCep0YhmjKrSq7aAiw1aWt+M4vjxoVQg1FhHbEh4qOoLL6YaoeTibXSg/8emP6VKsu9MrjZLOZ5qndMqKk2l/Pmabk4nySdtkVo1PwdaPZQuLg5rWkKecUiOgpYyCDrfq9imqoHC4llb9Fw41g0IIx0R5ppijcq2cb56lCQbDgbJ5e5fx2TL1lxNbtqnS7Pl46i8uirD7V7oEAAAAAAAAAAAAAAAAAAAAADgNjYhreoTTsqRQeRdd742W/UZkJy7omKOIkhuB3etDo4qawyT/HbM3RLY88dfcRWmigWDTemgsPJsMlLpTMaKQi1LzBv1CGbOOz+ot3HiMJMkNMc4BaU7TlLNvVI8QMrnJKfFjvSs11ZEMjvqxMItkwyQBEq4lMwJgV73UprqEw+UvGy3gsJFEpbuAeWFasXEZmZNNqnYHqo2J+cAdPkIO/SYVn4jTibmC6PO8hvD6UVXFWtDAIVxJ4UJm6tIWxaW0XhbSNyerExKJYYY+NSrDKR/xUPzdlAqHLRkO9mOhhDiiIWilWKYS8iWXXWniLlQtwjrqf6Dq055q50Zx8JpyQcyjeH2igarcKlB/TMkSQoX5/5Hz+t6P45i/sfoCpdBvFmZPYpNu/nVQ9yXdcVKa8s8pzH8nrmu2Pl/Z20zI5qmUbKPUEm5jtax3NzqaQyecUJr1Wm2dPDWPDmxbdl1ysnUPwxCHgVwNJ5ud6lQ6K6UyjqWMTeweGWSWHUV3TtsVqxZqo7u9ihEAAAAAAAAAAAAAAAAAAAAA8DpATuxiaSNInSNKqpcSq7c4uAT5U6r5K0ju0Yj9IFqTUPJWkNubKI1jw9I+wMUrNeSsLeHusiK5aMOvVbDiGTCmxHM0ep+mpNYF0YrxaGzf93CQtVgn26iYq4Xm2Ygm8JgPqDE+iV3Q1NQkbdyXN6QJc/y8aFGoT2wUGsXJpv2J3iNtmSSELvmJcn6dyduaD5KE2P16C0xHMk+MyTtcfWCuGE8/GB4v/iLH9Sj16zokHWh1fbUm0Q9eCYtqvfb0xPghmoyjGdTD04Htoe5WQfE7ESG3heAeLJ2TSpkEfDyNT7ja8+M706Ors7L+kMHJE3xK05QVZnmZJ11ksoRqaqjqSmTqtG5dqR6rSnzKPKrWItQoVkqDuFwi28vVh4uvLaEMmQ1Tsz+uTXK4+WxOqu9LFp3kmd2k4KKtxExW6kXzTuQrJnZik9kV+VSd27HZ4+p+d/uqNwAAAAAAAAAAAAAAAAAAAADAnWQz0KnnYqDY53MIrpkoxx66jearIekqBhWdiH5FnU6CxCYlp46rRuStejdT6NtA+h68/TZHPpfClF7LUGxOuIm0ZplJ4P04TiFLTiYLDy9f2D+FI1FPk9+QSURkaHJ7i0KGqnRGjTd4LTIp8d+2m4tBOeJ3Ui5oxkQtBXIgXcwXkjZTFEL5mYSiHNJGherXcSCyfM1wCNdf6FYtPjnke6uf8ch3sCG4iqfCzs1FghXvk/OiG2lTzLEd1w+aoqTvweKaPA+OSKbsmhAuNfXpUDsXretvaXtgk/+azCpWc8YTVeXus+4YiXgi2w1IfJKatDW01qwYvSZJDZj8PHs15hDjqXmavSiEbotctvta1s+x57+8KoRGPbONboSLk5L8LIruRDf0XuKngic3TOJVnWEtzpOhif3E0C2pSKmyUMg2IgAAAAAAAAAAAAAAAAAAAADAA5vFy+3de+9NSNo+g715ziXdCJcwvYVig2kV5CNSyv4Y+eYhRnE6kfQ6xeOE3SvF46fE7kfhJG+oJ38JblSx9rlomuJdUPVAUsVJmnJKHVGsNAl6clD1snqHrcvNXSKrW9jyCbFqZbiqTErYPfhL/qa3WRR8mlrhSA6W4OPaKnGCyypMCmOKk+Ix0NxXwuVMllGHq3+NX1bzYDQh8NqFTjXTtIK3etUNw6VZDeChC3JSEfdSaOZAaBLxcBklkwqd8iiMHaeFh8pGI4pT0BFk7qZFzp1gCq92rbXFuwoslWNtQFw3o0y7XhFyCsfHgfrrdLMY/ESZHxdn9Ur1ErXxKUmCak6rxS26ntLEro5InMYQJgpTpO56lmRfNgZZBGEClF229CCvIrnoKi/qknSn7ImSbyebG4UsKvOtyeb3gQ7WZRbb5nvimtCuKyp7RaMjC10/lsPdnvVNMHGTeSupUsQkI2HVvMW/BinnGoqqEMkzO8tBJMGZbwiRi+TERS0xS3OSbYZSqGcmYlUbWq40LvUlXX3TNMlenYddnwhV4yATPNFtbBIAAAAAAAAAAAAAAAAAAAAAgOtC3s63GOFkKg8JwZscIhPNiIPjMJAEUqNHwEuyhiABRY0HakSzrWW+7MZup/qSKOHCgWIi1uw6bAYfYh7QK02S+hHMIccooUnODiUmlghFsxG4QXPWlBBl8TiZKxrHKZPmiKZEOuWnVEQOHu3tovQXQ9YECb3msHMiH9pI7nkgeT2k0NyNqFqASLsu1wcFuypoSJq6vChRm6saiGpuMV+Q2MUHHGIbZq6Clfyz5jpKoZag1gRTUG+Gqem2tJO7E8E9Y0KV5lgUuCqAWmuP+smNncFycEvsvUTDJcJegvyuRyqR8WQKntpR6soLWzmJaBH7JzG+MIebGEx842KB8hAoNB2pIqEjOgn2H3fhgGFJ0yQ7FY5C1S3DTnBv6dPYtfhEbivitqrtuhaSpWtyH1kXNDS6Af1U5cOpS22Lsgc0BTf1s+SJmsYx5YWfSoqkMkmqcKQIb+ZVNGgKMJusZEtFzYHyVtlVWtvRSHgor1TieHAsvR2hLjUrqMqimqsPFtE8X966jn0oEi8vKDtjvc4qo7Dc7ZGcAAAQAElEQVTWSWXRSbY68XmSLtwjef43hWwXs7XsK9kWuujxdHj9H53UJNVh173ZtLbSbDVe40wFAAAAAAAAAAAAAAAAAAAAANw2aldCxUUkqMyjBNs1xYq8Xy5KkfY9+F4FEppIrtgISE4GCeJGCV0OEs+VktUuxcK0Ir9YhRFZ/BnMb6IIGDy820R+a5iyhqLl7XnpUpoclYVYPLMZgGpxUUP8fHFih0ZOkYcl6iv/rTAheSiaD4y6CVZUwhPc9cS0D0MoagEZtdS3iRZagiKZcSsaiStbZ81uYBJBixgTjOZNoIPEJgDwcbbHUZ0QGrlHaX9wrUynKOgPlk/VhBPc+qoUimDIb+ZWUnBCnJmP/ECLE1xETB7srgoG1aQEexze2aPh7nJ+F66VS+Vn0fwvvngvHrATZvndx4UH6x+aT0MlVjqlUxrHaf5vnHiaagqvRmrjY5tU/qZpv7LCTvVcWqKukpSa62t1YbPBgUJjD8WNYdSdHfCV8mbNJRR1umoiDbtBtTgpmTPSxfReRsUBZdk8Dr4hq0qwOhCt9g3/Z8glQwEAAAAAAAAAAAAAAAAAAAAAcFdRoYZ+5CwTOTtEZz4RPAdIdQRg7pwF6tV+yHbvzECqNqFdHGKWm1hWhKw9ESeQ+aual9CmJsOtHLSFofhftBlgvCOqmLEkL9S+MZ9Rl5OJ01RMCcJCQXEb5HGIUnMdgVMiy9x0JpXgK7enuYtWBz5mgFAkBn1o220DgutLkobjfWgnS6+To7yWgKWEdT0Qf/ucFKmvP/ejV30hLltPqawKV6iZwbXMxCb9qRO6awYF6q4/zu4SrbsQ4qbeGA7E7+3aPFIXZ+15HcL9gqixq1mLHrjRpxWXnpxIK6nkZJqIi1ZNb4kq9mJPOqOzJGZxxSC7nqtStLBuwLnai5Cr4HzFtpNkmRDHj9vSFl9X3T9tznRCrVM5XnUpUEQ4uxh3ZWfRCXhKRVtV1Pkpw+ublho5bZXK7V5NzWkAAAAAAAAAAAAAAAAAAAAAwN3GcykwpT6UTa0LQCiR2fI1LI/0Jj8g9ziRJDpzEHfIZ2q0MX+TiqPE1Jc5NriJ4zY5ZTYjpEyh8Wgxa4xk1yft1iSpefIfVdiQ2xCYRMbEKqeTOksPzVDDoehjqvhk0a16sg6mfyR/AMn0M0yNrGbdhmU8umYoCkWx4umTinRHKgmTDU8w2wLxZrkgAH2ttAY6S1plQHUiKb+uDo7TXc9mdqHeJQvXFraKFnYo5rDiv56U1WNTdEIH7TqONr7c5EsgO26EjcVA7nGSV1ejHdN7A12q5gcQZTKHhaRj60qWtTnP5ymlnEtr3O+nccymPqyJweq0Y88PNu8OOnR5uxLFCbtwTHVa6nES6pJrtgsW46BUGtbNH95wRlk+uKP6oYvGhRqhm3Vn4eC0eadve/1+sVG+jFKMqsJp9Can0f6bcaA7Vb2T7bUsy1dtkO/U99vGBAAAAAAAAAAAAAAAAAAAAAC4JJpQRPQSFNrMOCF6Hpz+8ibsaB8WjSVJoJMT8Hg+nUGiuCpA8aLIorLRCy5x3FSjukkztnAnhtiSXVRtin+mkrUlWbjYdCc56YYXo7Fgauq/rILBqg/FVkHUABqYbp00tIVUv1J/sRkzuGiGg/qQeIh9y/BDg8U2pDaw1U/Bb6uhYYmXswhr1N1EfSJ4Dskn86VhjV1vhsivC3I3G9MGbToarMLZvD5eOK/w1qGPLblopD4CtmOSbhdrnHJXdbGoNdoMOS53aLk+pxNdVv44s0BCLXUaedjKTsNdicJJ87qXU1yVO6Zo0exNjcotf91orS1GXVCiFckeJ/tpyjYn8x4QXZumoxOiL3vLayXCimzpcRZo4GanWCgttGxqEvWYhunijlwsQDl211Jhpr8u18PBzE9eWlWB6JlwMfOgBBEMnppYR8uPjV2SNm2554f2gsVQ6xVJMrSF0q+aN+pPlZ0PAAAAAAAAAAAAAAAAAAAAAK+jtAqSTsRQHRNIQ4F2fcgWGXqnpsop8cGYg4OSk4JI01NkJEaYdSfiaKJXUgl2ti+5N02qbVtFRIu+xK70sGZSB4+U3I4iXziJ4GSUX6Q7WQKTErFLZMIVRmzx3XP6cHBbElM6NL1rFCeLoopyh10JkSw8ayNvCSdKbUQlfOvWDHGtusjymrSQwhSzk6TSkyTWL60vw+Z4WI3XpiiIpjhhcd6gzn6DzeVl2QT7tfu2YEOqws0PbHe2fjqxTSVl9jg2kbsBVcVDo+sIB1vQ/LTb7INdWr0f4nbov4gYxOOhCIkqqSqnVi2KbWifr+/RNSwWz6nGFyuBBdOxi9fnFnODN+5R2VaasrXJNE3jzLQw2zB5XF2keZRy+i+RnJilh9dQlBDlHPnGR9Iel7TpBZPedWhzaXe3Ul57Abk1CHXpeMIR2oWxHrNOa8LN6jtQluqwzIZKFukw7MStimQ7TU37q9Qpy9eSbL9tB1M3+8j0ItbMqp+T4RJpoN4YONW2x/LvUJVUURLJSTp13gEAAAAAAAAAAAAAAAAAAAAA7hRpKgFZyvlvTDtSAtn2Mn0JqtZgpTqjSMYcfemcJAXDkKOTaikg6XWCRnDzKXLFCfV2EiVIWapKodZlGTDsEtGR6EV6+1RLMD2FlzAzssZBQ7XVoJw9I3j+Gq02lg4FCn1kfDs4awFQv1iMSqYqkSH2znEbBW78CJJHXclsSKwlyVubPIVKlhUE1+ss4tHUlCziDY/Zhsmjw1SzDnmWIfNpSOXe0telWEae1noA1mYHF8t3OHo8O4RmVLWH8zypDjT1aVubgj0aP7NQZ4RQbEr8TDVy6K+lIkCR2Pikx/YAQycG4KpT2Sxqydr+oYpOWveRsJxStC06qV/ZZUYmt7Kj7WlJTVzfCm8EKOEQl5VfUZ8Li0M4aq7RXHl1lUCv+ejVUvWS/GeSbDkjT/s07lMaQ37SsoyKzEFWni4n0cORWjEVnZwLvkper9Q2g5rZwNwqTraG4Ki1CR/QBPWKk0ZX1ChVdM2XxvBWWbTa0cJK+EL9IpeN2/Qcsm3H4FOLNxQzleRbdyPo67Q+q7bVLtW14cO5HgHSnTBoe8LVpxIAAAAAAAAAAAAAAAAAAAAA4FqppiaBajYdDenFLtjOrt/w0KPeLhduJNPx8K0mROCiOPHX473YzffVPdBroVR2PxENLCfXIXATB51EqCEyk3wuNcF5iSfX6Huyl/0tghysX3RaGNP0H2UM/E9jpxBCLYwsqloUD36jJQ0xBwJTQmgSHFOiqJuAimla75n22IqLZoaRaBEHL+FcGZCkyhhei1eqZqbpZVPARYNyzACkFa+QCydEplSbn4PV7BqSNorP1KtOmlIP1aZ3cXsi61qSiYr8CaYi4zhYeJmt4Xj/1qPUOp00wp6V1YdINshzhRzMXeLzIW2ag1AtgTbrvQPwgeMynxZioNusaPWYtstONr2TpNbJuXUmWWgp+y9FdzepebWim83MjR1C3sF21Hvv+ALV3Y79zrDQQunF1Nx45e43pjrEhy1J1r5JR+rz5U0LdVWta1W8/gsQggk+2Du8EOXVRvZmMGRLbrN31F5vChIObcOaKkQyZHfpvy/EHE7brAEAAAAAAAAAAAAAAAAAAAAAdxbXL1j8v3lHXWJ/UyohRQ/Qq42HSRI0XjsHc8+GnchOVHfiWpOmuIusIpqX3CloPhgiUYOQCAhYtSbBcsSUFnroVDxOUgolNu+SCetX3+FFvdGykFwYyaz+CtWehKeq46BtccKi89QEWK1TNWCbGseXjZJcazIs6/EuS3KRxe36VQaHDveRyqcLRcJ1QAshxPyA3Uxk7mwT3y8ylxAaXROHQ54GdOhkMXewmHcRuVQJTltE1RpFnUyL6i7ObbIl9NhtXLrKqKJmFdbBg/Vw0TR4N9g1Br3y6G7TyZzuSNkX/K5qr6w9m8b5z7w28x7iShGdDTpa5hIiLk2+Ualsbmj0aMTuq1RlGE194jJSku/wxY28DEtZ2bF+134Fb0fsf100jRuFB/mINL+aymQ+OY/HbrcTPxhfR1tPmK/FeGSpyJJ/BaJKBIN5rkjzrOVQngAAAAAAAAAAAAAAAAAAAADwAIBEmRE1DY6jMcSk2RJK4hmJx5MnOMhyE4rBg7USHVRVR2wyMqwilF3ehVqd6zZymDeVCykkj7In1x8UqYnfYuUVuQlTU1HzZn8oeg8Js6aF+capiLikOk/Y8DRv+Vtx67f8q1ZGDygLZVRGQ9akySowZwIzGLCCPTQePQGSC4HEJcU1MzpWavRCrJeJjKd7Eh631fQcxB5lJjOo2Ap2316Id2HMQCrgqdFqWihCwtUaUK5JYcuBozyF0ORAan4Nl54P2+wuUl9cSptR9VWmgdDRaxOvrARV1yIDuCx3RgAjS+miksvjlS1kmsZ91pPF+WtkX/VUMuyIaYmozYKsJtm/NAcPtQYefEGVXBu2kLMdupVKXq47g+r1qmxrLfjj2oztElhViHmaDcNw48YNUQKmImXLesDkYhVuhqAp9dIdPCwtK0Y+tEz3dTemOAAAAAAAAAAAAAAAAAAAAACgIWcrEMWJxq8ttm3RbY8bsqdEIH1/nswbIEbNpxOtjLhM85G4xnlDSeNA5u9Ay0QNqdOQZCFFovqTnBEXj9ApTuRA8uq4UUoxCTiUroR5lZ5hSwqzfa9LTLw6ssBoFEsWFXNQ6CKx3e21R5oMyAU03AejRZRBHIPpCqj4MchoW1lZ9JJ/nEsqVYxpSskGREPp+TiwZ8spIiLTMHQZNlR6cji+zxQ6L5zLQZ3ZRx6l2uy2JaWOjSqOag+KR4XpCbwE19LYfAobehRa1HCVeHbTtt1tGH/wgZPcBvgXooFebnJHpB93kwsVJyrBUkmEbQgTyZYyr4CUyLU60YQLurzy+sqauTjEYHl2XNZj9kBZa7GQS3mNrPnGQjNdg2t9LnwAtkcd1gaV9dAtjM0rm4NWckVWPh9cS96SlRwtiF5HBma3i8MwTqP9w6DuLlslJfegKh4tvBa7LIfSnKtMFqdCwPxUghdkSYpyadbMqo48mIwKAAAAAAAAAAAAAAAAAAAAAHB/MQdbVwlnMhoJjK5TCE2QdMhmG3McMv89qF5FnE3ykWZACDl4GMPByKvWVnQSGnAsKWDspEo35otIw5dcLptSakKrRSKjAWYrsERzLfBP1AdKt1+XP66icA2B2L0QrS/22kNcF1P0MdrsGtXmg7Fg8ZihJu1R1vWoSkgFO8UxJTTlUGjLdBWOW8TYR8wjZ3IZ9qbz8VB5uroWQ1sSGlMRUvuFdhg3A+vzyXSahoIXwf5iCxLM6kHj2dRpUVqVlN/XfFp57OYRl2FH1W5i2cPSoVZn1GgQOLhEqFic5MxRaSE3iS4YiIHVpeN+kpscEgJR89t1tINb7UFoB2pdu43bPEzjtN9P+/OQxvlYp/a8ZsrjNuWEjJ6JxoL95tPR36RxTgAAEABJREFUJEhpmmRAU1CpRShqFBO41GdFkjUq6+TIc+7YrsqrloZGaLIepbXEpCovVjcU35HyW6Sl6oVsM09lsTczU4fOD63zpCMzczZkdH9JVYtj3ilyQGUna7vgjVv0rzUzUomQDqX4RWmKtJzRJ6/V6Oo2+Wcl32SaoJBSkb5cWvUGAAAAAAAAAAAAAAAAAAAAALhmVC9SMncEjwKWyKIKTmIO+dGgviWifhiiSiCGolmhbCmQbQNCFihMGg6MRMXcw0KOtNR2SEQzi0tyvDVmH4455jix+Qh4dNc1BFyKE8WJRqUl5w9pMNgy+rhGRrsZFqoBaqPBqehWVkFgaZcXpCVqE/17XCpMdDjYZTNFtKA/qmhmStwEZi1OLboCFynYqJLm0RG5ibmcUGhFNqweJr2cRX8yI5Sgoxg8GO3PNKqWoVHjWMx6QYlIk/e5mqp4UJ2LuCNQdSaoAe0uJu2eK5GbYQzaVh9CPa2KGeaDQhd/EKGLveeipFXWkIGb63wm2bXSlyZcPke+F5NjRRUMUB2DmqnHG7HzjEvlx3pTnVJhLXTSvjT5lkxxYrPUvYOiayMi1ePr4BR1zSKB1Z2iPtxWh0HLh0O6YmTiT+P+1v78ZprOKYzz0EfyAvIOxmqtkxdWjEXAom5NYnZSNB+kmxJzMVvS9WwHZc1VvRCZQ0d9fltSvtrk0rcDc61IbUKgC5xOfPqroqpmEAredJ9kVCUpC10LmRan0WLlvU22nVQ3Gb23Eax4J2ohXqkMos90OfBvVEpzFyLdD7lsxaopIXfY8lrEu6qpIgAAAAAAAAAAAAAAAAAAAAAAHhiUPA4hhEaDQPr2+xxJHbLiRFw2cpYDNnuT/DVKVLBoFUx0wu0r9EeZNBNGCI05gLzyLnYmsXUoacKkojixICWVKKgHNCkUl4Em3r/KRlLUL9ypbrpruHG5sPwsbLFbGZ8sBEl1vEpD7U18t4eRl/mlgsQ5+Y2HViNzm4ZCW6PxXpJ0RfJsgqh5sqrGrTCsBsnRIzel5s1/dtFEskIbYYY0T0bawuVbSpuOoqNolRPNj9otrhoTov6yEpI2S5voagpelNpVWSQZ2t/DTey73Kl78vlo3VTjHn/KrcNIW60Y7RBfpLygdjRDW29l50Mcj6yDpgWpFY6U9qnFRM7CJGvEE5eYysRi8ncn+H6nFScHWZm5qKIhTdM4nd/a37q1Pz+fv0X35umombdMIDUMQ7Zt2u3mBafytypBC0WHJ5eXv6qSqhv6eWYXD6ZIBysP/cwrPk4hBKIL9CWbrKdj4RRlRjEU4SoTIZPX0SAuO1PZRoq6rJTf4Zcte2FCIfcUIt0NzV3FFnnNVuS3k/3LpKtBRpfWuw8AAAAAAAAAAAAAAAAAAAAA4G7SZkVov0oIMoquIocesyMKqehE1SiDZHrRVC8lwhjLe+wcaB25r04q+WCSz+QRXiarf3LFyVzK1LzWrodJ7QdE9MH+UxFctGFIf2N+GZrkktyhUWaYOUnqVQg104VGS+s795LGIt+TwsaYBnl3P1BoDFrycfYdSWQJb+RY5BHt8GhI3HxOssCHzG6gjfPme0nFCMFUCc2vyb1jOplOpy0hNl8RMkkMHQ7g0vHorjXYvy0j5sX+QBUnoXnibYS8e3CmFwoXUueAfJQnmIuOQ7WK0HB6E4Hnfto3uqJrY1cz3WzICNZeEdviFQn5c5rq01PFSRfUv2vyj7uOJ+jK/09pGqdxP02jTO5mYVIzwO5KklTLNG9tu0FShblbiS8N2WdkX7rM8MbTrqat7FyXhVdfL1ScpF5hVrRNRN0GwKL3K8PS7BfNvV6p6qKWyrZtGmVV2YCtpWWj14ZZJWXnaxLzLNYOAAAAAAAAAAAAAAAAAAAAAOCu0r7Wr7YaIZT0Hyp+GGIcJD3FYFqIoDYn83n1OHE/j0pszvCqNkvWICoEf8/dZRmSWEfkFPmTgqd9kNJcj6LvxVu2C9F40IbiROmjwNz8CWqXYoXptW0sWGURMSzog9fte/9NQLQzQdBkN9I17ZkYjbSSi+IuQ4uYMGnYtaSZYC8qlzbZ+KVVA7zA1Ld7I1DrDTZpyTpoTLcXGz8aW+dF8VxPN19pdUHXPn1knPx3jVqrg4s+X7LgOPGGBknLCLfXy7Bu4q72xiP3qwv1uR6sWsP5lhBGfYAssc66Ts52RH9q2Ryl1Bzo+ORHHrPDCa88i4LqrnxbIl8OIq3IijqbRmS5Xty5o2lBS8lCczXtyOIu2tBqnSSroONr4zItsjUTbDsVKY4YW6W0uTHUvpviqw7XaW2vljF6f72Xmiu8ruAKwmpScx3CHQAAAAAAAAAAAAAAAAAAAADAbcLmFKICC2rDfJI7J+5inIOyg2R4UQGKvAVPar8hEXWKfcYDCRDGmulEfpQUDfnyrLswVxJWW47glhVZSDFfx6arEB8RCQSrJYmmoQhumKH1aZqbRVD0SNTTos6WB6ImhbCmxrCMCFMZkHUhqXw31YaZW5gCwjK/iKmJODGopGbRos3IKdU3/KnmmuAqQ6j2IX4sbgUcDqoY+NCgeNc0jr769eD1jf2ANyBUK5FwxTD4FcLopDImF3m4sIDdTIXLvOQN1xG+3Xj9NrvQNvAgXGdk0GFTgxpLucIuoIi0M8nEiXqEPz1oqqpmjmaSpmZpdGMjT/ssxEojH3qmplnQrSyIci7qzLVfQ2O/wQcEU2YLVH17irvJ4phWapLNAuviqT0+vFhNrKRX1TO3Q3E6KbqPvM9nB5hd2W31GtI1zs2q4pphJ7jf1HCB3Ytt6Larm7ovV0WazKz0X/55kKfVb1LaSsuwBgAAAAAAAAAAAAAAAAAAAAC4m3B5ZT80mV0kr8GgdiZZd0IxGwjQoMHaaAIUuSyagKQrc6si+Uyh2E7kKGbyoLsqX9IUJjYflOTyFQk4a5hXzCqy0YNJN8glBKkJ2nLc9vNI/lo9h2K44j4rJbeDSFlUvkCNtiJUNYXl2WlCtKbUSUX0wJZeR+Uw7CFqsSdpSsg5cSx9D/lDKJYm4nESS/qL4DFw1eVoRTntint7sIfLpUtTCEv3jkYRIjqe2Bi2hNXhkoXOocTlY1N+XwZ3AfZDlgTtWSZvnP8iXgYbcWULu1O1ZhAXExPNyK8k2YXcDMGfzaEQdatKieECFhF/JerUac7uNgZ0OQpFaMLdGUG9fhaKhCb0fmE77zJ3xIVCi6zyA5YHPK+ClKb9mDmf/w96phmjmiYmJwajpDKxGHdnZ63aoxgs9TYnRWcRbF57pqiWdFF/i0ws9EIT6ufJia47vJJ1rZ0/3ImEl93p8WVm6yfv8HEYdrt5B2ITCIYQls1iVwDqhhp82woXNXzxjatsRcZQZHTRtsEY3aPGnnftdQonVQcAAAAAAAAAAAAAAAAAAAAAuD+Q8J5EaKvuIWfPiTmlTjYGELOTrDZpXjq36yhQk1fB0oWksI5+ek4cuZBz6hMzBBHrjvw5Sghz0kCnh0G5Ccomj9BvRhu5BvFNGlBj+SThUQpFYyKNSbxQR5TDpYai9LHxyvBLijuCV28WG+wh0rmaKfGU2sw9VWyzjgEH2rBI0Jis2V/YYHJJS9ReWdpGXQYfDee2Q8XrmlUV1MfBDwZ2O8mIeN6k9sn3EfC0yijSeErUAxWU1Gh52A7Bc5lU7E3nqizRUHZIriGav0XiviO8OL7t8HU34bLo5HhEvPzKRVnC5cHnZzxNnNZVUKMSe91j1ewD+Y4OFyCfJhqb55usspTG82kc07RPaZ+VWOafwbyoT4QTkyzheUPbzZyd1V+5enYkS4JFiyb6PlafdLE2iX1VcXOHWuo/9IHXK4ku8Wh5ecAL/UoRnazv9YQ11CraPPEQDWc7SakW0lR29tjoPEw+F9znpDSaTllH5EKrLBSrxlerZkb7t2hVpPYq0gNddwUAAAAAAAAAAAAAAAAAAADA6wUa6YtU5CaDqE/mgN+QtSYkZie0E9sNFaZ4iDzfR5IWwfLsuDsIa3IJCWiWGPr8e3lp3pLpiIZijqxPrIc5AQ2L3UBywcEi5mhB0j4s24lGQqtQqV/cBiRMrgkp79dre4INQ6yjook4vOatKsitWLxtJgGxQDV7lHmaeJzSQmLRdKLNV1MJ/VOakvleTKXl5B4nXlE4HLJe6DdYDUAaVE7E4ZQEO4d+otIelXgUoUm8MJDuI2lGD0V64f4LvDRxKLeolqi43pTRaE1irPudq8V1qzYW5e1Ouok9kE9c1s58JmeJmbLyISe3Ik9sYq1HrN0epO5GolebpvE8i04mkbKRaRrEDGeZhmYe1mE3nJ2d7c7O4hBNtWVqrqoJkc3LbjSlxUoycpWmN04nUnTzG4Vwwjop07zIrdyEJXBgOqmEui/qKi2qq7zL59Q6Oxpimqa+6aFV3YgjVZGkhHDCqJDJprwkUZxYWcn+/eD++mbrWKz/11HZFQAAAAAAAAAAAAAAAAAAAAB/2sjeJSFLS86ipX0Z5FzMCpO4o/yH5Ct5/M9T6liokbcSoNRkNxZjNX2DunIkyY8zpWnMApM5tplDxXrlVFQCJTJ5ysvz+pa/5oxR84NgvgahiRanYIkxzO6EsuEKNx1Ioeo2tCGuy+j0HK1egT2Gq3mDxO1jKqqWuXdjVpxMrgiJyV1izCcle3D4mYZkwxjUU0CLUimFSTGo6Zq2MJ9xaQt7h+oTCVy/2qPT4G3pSsxh/Fy1y22oH/vo4zSJOiSWoHOqhUYTHUmCoXL3FHgj2Yw2gupIhlDdSkKT0qh20nsdTPCkPSOXnoTQJ/ipQpymokUenDvErpX4XHBtVpyY3mB+yrImUrGeqKWwGwk1sqfXT0xuFcQwaR6scUzjPu8nPMoE7tRq7TiqfGcYhjjkZGHzzhMjNXOlE3DZ7a3K5PYUJ8d6RLS9Qi64KyxUGselZ1ZsL9kwSY0cxN0Q4415TMTupWy/XIR6RX9TPWe4HaILa2e3NdGdmDeHdP4pQlMCAAAAAAAAAAAAAAAAAAAAwOsCu+xeIiqTnIAkhxQHeds9H4jiREUp5owxTfnCXopQgrUaACVXMwTTmpC5EYjQJEfUxcpkPh5FRjGJo0MIXSocwV6fX736vsIyRSzOMDfNS1aOxUjdgaNXaISFJwL3qgtPBxOr10B7u1TUyltyC6aUFSe5gzqMNW+OyWNKpiJ1kdFPNXSxfDiaSYQtCdFainAi5SmtGt5fQ9T2buEoY0WY+qFm5wh9ibxZ+marDp2k+uiLAsDkSD5izfWuVApF5FRMVqhRDTR5QO48u+V0OkhRnMiTntfGOKpzC5n6x2P8eRlGMqcTWjjVvN5hs1EWxTRvJvOfKTQ+QryewjKUcdgNuzNLJ5bXlSiSUmqMTA5MkcS9HuW2ZpJnjqFQN4RT4f5Y81FtFsDMB8+3uhNJdROFIbu/6CY9j818mWq+xqCLyQdB06rJjm7zMPouXAtfy2g40GL7PNjJQx2SbskAABAASURBVA+CDhwDAAAAAAAAAAAAAAAAAAAAAO4CZ2HIqXVCFpfM0cBBfU3k7X897oL0qoOYz8ROc+AOHKZocJlHsG9Bcuhk/wYeOZuaaO6QiaunAJcYo1RYoumshV4YvV/GHquapPH6sFf3czssImq9SCUEzEsvEw/xm4tGG8PlEmMtviK5aMmKIiYMczB2zMqapAVScbOQgucvMVhylTLO7GmJxBpF1AhyMOX8E+zeIbzo92JU2sQ9TWOrlYNYhMTtwaSmd1091Gl05H+pqPvJ7UZOQsUlB3/qS2tj58Vrp1EAUC8tceOZUFro5dSw952lTa9TEuIsZSLcOs2EJoOLGUaQT5rNQRWrGdJJ/vqVc8ezvHBeLEm3k8SuLTtikhFFcjITympU6YQUYxZL1R7HD2RtB25FJ1ecRORyLf8ewiWVUFXz0qzVcFjJsZhSbTPW5ebNP3vA6J7O/a+dsCVvc0lHm5alnEwr4pn/lnxJ0oxIBwa4PYk8UwAAAAAAAAAAAAAAAAAAAADcfW4Mg5qaDGJ5QqQuJ6rA6P0kanCQVabBZnth3hI1BtrkqagJVqZkNieSPkS0GDXgWsUlfb6IpU9BCdVuRlcbNxOPw9JCGZP6V/9V9BGpRJbDIUryF5ehcD0vhxOPybMF5Uw2KeynGupt3BFIW8AmnqjeJ/MTEMGKZYNhsRRhtxawlDoWJ1++7r8aj74nG1ckU2a0WWDmibDlcbLAXTm8I9SIRC4ZdLZ6N+vzwriJp1f3EqpfQ5mc6g9T76/Mj3jyExraTtetPFk8lB37wPh4Vc2OnbF+W7Rf/TZyz9gTF8mcpJVqZjvKf38oae4/VtolDp7FiloBVLZPSiJlm2d8iirBEbmE52DKK1ZWvuxtwzCcDSX7Tr4smY0QlUfSGPh4ziPZuFSQIvZN8Uqak6IsK1/ptMfG65XVzOZObVVuaTME9avaTVbspuSGS74OufkTmsExrY/IUcwaZqtFh3vRLGqZ7JPb1eQHRo1LjYhfyEVtgcycisqyYILiBAAAAAAAAAAAAAAAAAAAAIAHBNFlJlH8TSTVTrTAfWeTEZaZTTT+N0d7RVAR3UwjaPzcjU40Bpy4ZNhJqp+QKKpFhTXWWCwoytdtLcIaqpdr5NKS2zBVaQKJwoI90O8CAdKGs2UsaXsmRhJmhlKCpX6FxrJV4qBOCTmonRLtx9zPJJoRdVAwJxXX1LQaAU1SEZpgtEZWUxkBNhkF22CyNZ6r/kYcUbpS2wOuqWnKQShKFxsDCeLqg6hKI6YS5F09kDbgy2XIOJSWWrvCKU+uCUabPIg0Cl3b3obPZXZVTYF7XlAZKKaqOarGLQftQqzY2qDboK1gM70OB+omGeX0JSGvu9yBNE1hGllXkzgOkUt72oalVTsfiAH468hjFJuJ64U2ghBNozTtxzSNIU2UBTqqeEuN3UlkSQlGOZ8Oaf6YQM1j0OWre5RNNv+1mJ3YYlTJGpvy55Id1KYvzaNs/R24ZfWlWpX4j1VnpRqNupUw12VpvQrBVlut1CU8eSuSfwhE6FY0a6p1m1djipr0S5QibFo9K6+V0Sy63BqWZKEKsd+Rd+nEiSRlVPknZxDdUNsX+Y3EYYtMezK3dMj3xNufYgAAAAAAAAAAAAAAAAAAAACA20MjjRKK1QChahHIX4PvXj5vPULyT5PKDNjva5wm5tjlpKFcmgOLE/McqhzFl0BjtyGUN9vNwyNSF2CusgHaCu9Se6iVeoCVLIycai+KmUTUiKzqP+RrvjqReorwMKgEJKrkIvib9pL5oegXzLlEQrHyun6gbLYgoVr9Y5IWEQ2UdByRhuBHHk6dFh1MKh9hzdTDxaPF6hUViAebJR5s/edil5Ibb7IEKn4neTjIrizDRhZwtiivCJCi5muRDlYPm2Ku4UqJTgVBXD0QgshFNM/ShZITEfvQIuieVFDjuqXSQzJrA7a+1KQz2kh7gtoid3QIbW/jtj+OXni7chNrUMOulfl0aJ9M+WMPLvvjzIxTI6kglyhcS/Ne5+BNlZBNNhWxzatuHrJx/H/Z+7MfS5LsvBe1Ze47Isea53nqququZvflcHV573njs54ECBIEQRIhUd3NFgRBkKA/9OoIDYniIUXyqDn1VENm7O1u67itwcx82BGRc2TW9+uoSN++3c3MbYoG1uffymodkZoVvZjLqaj9nT2ddr16aDQFcnDzjiLYasRlVcNRBVV2X1FH3D/0MEZ2UUS1V5KDdh/hVXN1bdv2QJ0qEJu1K90StnLdXLzA1w31/cjtm4JvMbPGryprL4DOBAAAAAAAAAAAAAAAAAAAAIArRRejWZ3o6/2Ni4LoDkzGUbHwn5lrpEVcWIQAY7L32McxjSmN078hqfRE4p5NMbNSafbx0sFFDvW1fk1DoRKEqfVTA0Kx/sgnxTbCX6JPFoHdTJVB7W9q5RpkD1/NAPJTJtULVGuSSI1Eo3EoKEgvkstgShVpHilOq5Q/a/uPywW+aSuIT7OfRdYetTaYWZlYh/DKeyPMzVQuSVq5ORTnG1X2lG5vXRtCCfnLUUpzfYL7xwSfuhfmQtH7H65fSB/EyGR+svU+YRdB5Qk0DOP0X2mDW0Q8k3KTWZ/QESWQm4yoCqGIM1gnKfMoiqJROm4/rT4ba5vkK18bsXLKmorVarSJpUYnxSKHdNJQEjFKbQkXy5D7GZeNhXrvyo3z4ZUWZHqQkXndDHNeMSVIdbxq97tyXytDaRu9Ut5c9DzrlrRSHuveY7dyq6fJFlIPu/cAAAAAAAAAAAAAAAAAAAAAAPdKF2OTayL/ouaAt6QKNM+bUlQpU2hWZCVi0RFiylqMbN4gPgRJL2B3ILB7Z6+we+YF+7Qdemy/ZffXqKITMQRJmjAjNyW5OkHSBrHVIkHjWOUJNRK9Tl0SivNEo3OwRC76vOMU886/tMacMiJQNdkoXhUl1Fs0J5LxIxSpiZg35PtUaFLMFdZtMXHGttfA+YHYxdMRVdFJ7XO2hDXBA9B2qX1b50QJGLPnzSg9pD0Wzm/LYnbNdCv+eG0vaJImtUMJrexpUZOEpDnMU+w0taxbUsp4WCKPnszXociX9EBPppzyJcu6YhZQjOrV0SZPiSJAcT+UZwq+zLfzjC3tNqH2GPknK72GfRqHuUmSXVfKIvEcylZOebPTbC35f7o7qC8Sq04uuPhrmlaRTQ82VzvREfnWFaRIampmnzDTvtl1qqPJdlexzc4zLyz61H3QDqBmE59rWbw50/7Zbd7KsqhjI38DAAAAAAAAAAAAAAAAAAAAADxhuq7j4v7BywD5JtToMDTFDEl8fcwijJwWRtQX+WhIw8BDymlnTKUhd0YNG1OViRjclFwqm4VHg+sZyPNCmDwhp+/x72mWrmF2m3moMFGVRNTotMb6N7CWWsDaBDpZXiIKG/1HI9jj9A9tdGCrOCmles6aXHpy8w4PgC97wu+pJ+cakSKaOYIaRmyaupD3gmo1mBtfE5J2FmVOI8GZ9UwR/KgchG02nR8ZnqlJvCkeT+bmgTk0qXNCttKxC8T3YvpqM0Ytrae0Ue32/FYxzUMTnTRB+lgHiMsgpbAd4NcRjs3Hp0XkcD6tBKfA6+P5tkD1nF0zzZqB8lZzGA/7YTgTmxMf5cbuRJchi3wnSyq6jmInuoqoxSZxmOH5bqFyFCp+Rs2eRHX1Bzqeq+nRsTZoOf/isp7be8NiG1JFXCyik1gcXx4ClqVsVppl1WE+Ukvp4K6M/vyC1KwOAAAAAAAAAAAAAAAAAAAAAMATJpKFVi8ZQzVbDA3AanS3UZxka5Ps2cBDMkI2daimHYlV8tHaYpiMIjV1cCi+Grx4rd2z84i2pECuYJCvUxUoRBGmJA1iFnuMoj4J63C+f9HoIewpis5B/DYkp47YnIziuCBWFUvRArUEWvgLqLWJhni52LaElRSj7X2/Xkhey/rytHnnBvNv1OOksTDxYPtKILLUARXFSTA/m02hxNqOovU6KKYmbUw6eedo8/JHMjOKY6qWRRKVzaqPkS7Ks1PzLJ2rT+mbrvQD1eLouEcumpPSZtWfRFdFyNk4V1wtBQRPGxtztBjplFGeXU+hSe40rbgh7xWy24zDfhwOnmrHN5KgpemGJt03daiJKrrY9fataOOmJVw1YLqNcGPp4xm7rBV1AYZjAq5Hx7o6dsXd5jXrb+UK7U6Z5O4Pk02govRR1InXptQ6rz1tFUd6Y7M99tegiIt0dHm1olwBx211XtEllzMAAAAAAAAAAAAAAAAAAAAA4NESJVkBb0kv2theKzgY3WcjiAkGS/g2/0xhYObDFBUWuck4jom56ySDjCtOvBD28s0Po9ZSFCducZDYXDi8xVQuTpoXQ4OW/gzJPs4y93iQWM0K/IFWcdLU9ARrYSpMIQqeVIcp1zrmx0vDOEpyjiSZOkiT1cx0Jo3uRLQEjT2Jx9I51PRApSusy6iEdDULiF1PRXtznpzES6o9QdtXWTyXSkUW5DdpkZTQ6FpMQsHlIWQorHPaOmfanY1qfSZI00h1JDKmVoRXFnMFMg9co0PTKFTFyTyZUW2of7mod6Mz5j3U5tlpI93VbyOVZtt9XVwqVfrmMUNoeiaLcvKyyxNiGEyZ5VMlcjOmPodmQffFcz49kOu/5pqSjUm5uCComVIwB6CJIfAwHM6Gw97UYNa9OgaqirPf7H4nRI3iRLcNZtGkacHa77XD5ZpR83TpIpWvOs++c97Ke4gsBnoppOK60S28TMpXaS4ecfVWkgRdWXoiapxd1/cy/bJlk5bhd2ivWsYvna65S1PabNKsLgpzGYzudTULm+VKyhfG2TOyJh5bbmFWF5lg6zGNAQAAAAAAAAAAAAAAAAAAAADgOFF8PJYxddeDcHkZPhR3EI9IysdRJCZDGgceBxGaHLIcY5xivBKvlVQ6anDSxTaKn4vI1iOheeFdPjQqgRyS9OBijZwmDh5R1QCov0JP2XhkikFrpiBNjpGDnl3WqTSBV3kc03+YcUZ9aX/mr9K8f+8BU2nIMKYp5q1KkyBpOnI7oge7V4ksjoVlWbw9kkR5XdihXU+tDCgbY3BrCNDIObhxJqhsJtnJIofEo36IRSShofygQd6pMaPYw5hhjCXoWDS71mfOI9rqZF10uVAwhVQVLPZgnqSoCTYnVbWQiw+y9wfPw82eEaUpm2jRjBq0poUKxIoIMrU13n5Onh2TOXlhjc5mSc86yfJxKrVMVVAMKsUap3mkq4TP6bDUPlV4Kimrm5plLp9JvX64rOLFBeUy6aMkqz+LvXjIqbumjUZXhiaSCb5PqQBFhjrq+iUxOpFuJ1c+5LXAtoG4PkPEDq1MosismtZMRUQOjxz25Dhld778BGjFKEevCfVRc9fInEyqBRH1yapMYr7/GThNexp9F+PZMp9bFpFsRvGcVofqO/MYxgEAAAAAAAAAAAAAAAAAAAAAcB7kMpKq+fCv0txObwVuAAAQAElEQVQWopWGTMHPQ3b6SFMUcTqQAPCQz0gwUcLotUDxqqgxxVRr4Nk/QTUiodF+zBpao6AWILbEK8FyNVTLEy+TGrsLKnoO9TIgqll4SoA11Zim94bJLxJrfJpCftTpYYd94qJWMUuFYq9QjkLRoJjYQQ06SCUmKZVAO8+i8nplqGltRP1hz0h2t4k1RpEsXDoYXBQ951xTfEo84E4r84laFokSo1qfcH2GuSnDdk1+lVuMcDPQbKlNXJewVY7lC2lbRcRHalwEqmeDvbpelTjVOoVdErXwX9BPqyB5L+fqKtBZOrWt3+26GKe1M02i7A20TEFCTVM3eGqlJ4ViU6EceZx6jc6mJKsmq9w4L8B9tjlJQ8iOHaHm6/LFXSZBThzTZb2J544JmlVHcmMlXWC6toOXE2kuO5HqdY7bh6dnBFrtSHmuVkdGmnioyxqdVFx9ju4OJkYLF+WgWtxStgQumXU8mZGqT3xWk+rKik5vrn1pVy6ds0YAAAAAAAAAAAAAAAAAAAAAAI8NbgQey1A9mXZERQ3c6DkOOWA+TF8eUjqb4r+Sa0b8PlTsQa7EoKasmkklzGsMrUqh2pyEtiFVA1EUJ2qKYelpqHFPiG4KoselUd6empnBopZEixw0M28P8yPRnCrMEvDOypOcnaPrpO4oVgrkpgpFZdIcy+1kXVofxBxU/CFHDX9zSZ/jqhQy1w/SqCwHbrrt8miKnwXuMeFGLjxF6rUTROsSWw1HjSCHOmFibrhraUyZUS9ubqClZ0Q5qRqgMoxVd+KPn6qFChXlSG6ZyXi8yJUko53P7Xw0NQE1yXSKgCUsHtSv0asvl+imd7sI9uk1Tsca38+eM+rLk5hiSQozU7Q0ahdunYjuyfHiirEWEFA4LnBolrTqsvTxxySqrySprfxKn9Yip7BUPFJCF/uu7/JCDZRUZeK5XUpP2+jGxQaRShsudA15/FymSZvXzLLwxCw4ibFvvpw6Kvsdbd57X/1QN261X+EqbeGigmmuj6HVoR2fHu5uAwAAAAAAAAAAAAAAAAAAAAB4ktQI4JaEgWmmRGHxFRjSeDjsp6jkdHxIWYExBXOnAmLOYtMWZUF+LTKZicNxTUBT6TnXpCb4nkyiYdYf5qeiepec2Ce4HiV4zp2iGLCGVSGD+YdQE7/OzztFuNW4ZXrGbHEy/Qpp+sn6jygiBaoPRa20xbvXBQOz5yjZPDgwt4Yirq3ICWPEkaELjcFCef3fVBYc7iEIXB6N5z066+6cOWTR/xyD+kgs1El6uTwchW7qqqw+oe1iA22cXkgQeBHUFvFQqg4jtC41SP6m4HNmU4zRzur2a6o6lXCZWHp9AqrKnXPC3j3nVC3J10IeTRJp0vSQwzAcDgeZtHGzFn2S4t9R1tXTDG+d4S3LjOWVrmXKwi9JZjWKx9Koc9O+j7RZxNThXc4d0+kiYxFWBf+tObpcGxR1C5ORYrFV4XaNtWqkx4COuOXBmu8p5eAcFYhtMVvyKHIZFOmMlCrYN8FaLId1pff4CLE2dfanZKZ2tItD3am3CrufBgAAAAAAAAAAAAAAAAAAAAAAHiu0zHlRDSos7svjmM7G/RQzTxRGiZ6bHMGi5FSi/0Vjko7UNpY4Zo2oeryzcXkITbR0rCFR1lQ+bXtN4RFJg8ua8mZZq5ujBDdEoJl2I5Yws7qb6FHKzz0OkkhIU/BYLNgOSMQDJD4iqu3YViO0oduc3cPTeqRQpCaegKINELdpV7ykRxSErf4a3p7gngKLuPNa/mG9RdsX8EJ3E4qcxEQ3xQAmWXSaS7oPrm4kiyq3W36sax68y8ygYZ4gJoRihVLP9It6PdcSpTTuz4ZpKgXqQiN4IbHa8Itps25+ymxOZjqDYDKaBUkSv9j0UFHOVjlJ5seYP4wiBfMuF9sSUYvJmpReyl09sqhIsqwi2siIdicr6VSs5iTRA5UW6v5i32QllVxNi0d5HLj2iIrq6p4UJ0e/DXW/zn0fVYIXddvkNDYlUCsT0YPoLbnERGTR+tkHlfeUlutO588Y2S1t1JKo/O2pJVWKFcpTtBYAAODJ8+VX3wQAAAAAAAAAAAAAAAAA4NHAHuyu2W3KV5YPwWKxQ0pnh0EEH2EYBgnXxtDmoBDhCdW0JVU/crT6UikXlQi3OpL29fvyAj83AhVVLajLiAWMl54RJUzJRd9gzgccJKVECaq69MHdSRJnuckhp9TZZ1sEz0rhjY5yrLk5YvM858kDNN7Kc5VGWvURlSY23RvCzE9E9SjEoYmLrw+q44C3rdNwv1/g5UlEOTXWL/mJaal6WT/YUnTBMyOZRbC+bZl2g2VEMaEJJReoVKcGWlYW/AGIVlqAc2LRdM/qAealUQuvNCZUrvRzvducJFEvjbGjfrebrhz2Y3YGoh2LTkej7VqIi2zm5jNUZxtd/GBXB24z1ATbAchVQS4qsPmmo+jitsBF7mRfiTHJNBcPh5zcKjud5Hkp82PagGQPkotjnq3SZ13X9X3f9Tv5lmRqWWoqFs1aEp+TvIJzD0saqaxGyZthTsSTRpJNQNLvNKKwEB6m1iEXmI5/S67B6EIrJdkSfKgEo4pRZOeOtSRTr5mgTksNXYy7bBUVYmL1kbEuL+KWUMtMqhvRAepiv9Xi2boq8h1d5kG0guVL9TTh2Y3ElKKor1h2cjObkYaG+kdE1VfxnpYxAAAAAAAAAAAAAAAAAAAAAOBRwKQZUpKqILJXR9YZ5FhssRKZfg/M4zAchiG7m+R34SW1DYmpiARtOTSZZaYSgn02mxSq0cYSJoyqHQnZwMS8Usj0IJrjwq433Um+g02RoNFj8tjvFDHu9OYxsTZjiiIXxYPpZiwAmiSjhDcjVrlDcIWHvY8f+DA9rrirDGkQj5Mk3hTTDV2oWXumVmmincguGMjv7auchaRDc5uTfs5OAo1iJnkkue2iTLIuDK7g6UUakyQdSIlSq8JH49aey+Ko6GSsGhCS9sf6Mfi/UgiFmlnJFCBVEkSSZKmB5q4HVbpjzgVFayBxZEqhyn7YDVR0+iU1fZHcJ0u2wsvT7WOwicBs83ABufyF1YeGq+jEg/ipFi9tjTUwXmZOOSE9Hu2SrmndXJYT+sathyXBSzfdNq2h7HESzGUiqHTiXJ4qa5OWZiJcyMxIhxf35e1IF3Eax+Ew/ce6PGxmFZmOuRtJypisOen6HXWRGhemLKFKmhPKxBTFm0knjwpSgqfdScz0RJUN69Hn4hbCvHkNux1O9QhalybbSu6cSKbvS8mlVFF3SRHYPRQtk8p9dIMr7WnWoY9g/SuyqHT2sSj7CKITAAC4J27fuhEAAAAAAAAAAAAAAAAAgIfHl1+Kx7YbguR3zNUFIFl+l+n3kMYp9jomHnJGi3GKSx6Ih2CBz8Zdw9QILS5AqWd4HiN0VUUooWMp1Iwv2oApmwrB/jNLDBUSmPMHFXeE5PHIMKs5uIdC4Da8bd4Udj5LQ8jUNimHYVOWCPD05GPWdbigRBOhcNG3WF6UGLZwZwEL3zYRY0/Bo6IcrsHi9lbrWqoWNNR8Z98zNQ+9cOUIIWy6Imye90pqbd5P/o+G4NOqrMXH0nSu5hZue1B0L7NUG6F8avwcOKxC6svHvwfivE/SJW8repRF/J3mx6WLggx1z01SohizBGI4ZJ+OwLHrdylFncILqnQLGHlJBpkN42HMhkPjSFlcthYdmGCBxYkodlQUJzqv6nSei5o0CU8ZrOBz0F09SvGPW+TQyGWqgmnxu7GSulTqpXZTyf4ukVJafMm++S79VBYSlvNq8Ra6UZVIzcglhXOipp7Shm3nJQsBawIAAAAAAAAAAAAAAAAAAACAqwr5G+bBrEdySHYMaQruTgHe/L+sOxnLV7NMK8cihO4f0KaDWcQa3VxEDFP0XXt1rAg1LumihJiqbUeRn1B5Tz7HMsW9hNSlYiNwOQ8f88xboeghhjQGMVYYxekgB7jTIWVjl5G6KYJtwWkyaUBWmUzBbQru6dL2KlGNAnOo2UK4UiUo/rTL7DlN3DbMA7KPSJlAZlpTW83zSHMejEvUXEpof6cmt0fVmpi1THEVmYXXpawLYv2PIRy9HJUNYdNMYRMkvU5oBSspi5fM2kcTu+QUR6sUId860QmZIGRFFSrJZSFlwck+jWMwPUSjeZN0MHIczX4or1XJXuT9mWeZJo9p1qDdTDFckserOymLv50RreJkff3iILi2Ks5EKtm9qCu7s5gBSSWahCiJACe1k96WJp/39Ot2Zp2Q2qUEGwi1HWoVhZec7czh27QqAAAAAAAAAAAAAAAAAAAAAHhqiDndCbt1iWRvkQ+HNO4npjhvGtlcQMzDQXUJ4hGS2jwIPPe3CP72eqq/NbrsEd6FHsVlCmwpd2ZxYb8ouuYhSQ6fLplMZYqHxtDoXZhqsWqCooHltsDGPsRS/UjujSw3UUZJMJHsoaMk7SHvhpxZRRQncVGg9k+QnDqeNULD3ZxCskeUCC4XVU15z3+ujMln49oCIJbOfuj6hOS5TYpDxNKOYyvsfiwS7cYJgVWY40l1zFQmmRKlyg5ay4PQWCKsPS2OV3ecIlxKc13PBbfRSglEi/KCDRaRGe1MH3txzkjijLMLOT2VZAKifnqq7NVhqpRNiQld+BzhXu95yuB28cp8GYbDfvphEUNYBqTSEcWSQzVTIaqJh2VeohAacRd7fiu5nGJ0Zdhiu3nStBPjki4modWdeClLZxFqDFTINGXNvsONSkz7K4WNbrloipo2ME3bl+yiRWNi8pEy79uidflPC+YKDQMAAAAAAAAAAAAAAAAAAAAA4Fya+GIWRozTzxTf5SSJQA5D1qCwxinndiWsdh8bwUgiNtWHeBhQqIltQrCAvF1oAg6zt5g+engyhVniFTcNMfcUTb+TuFFjMJUH0XiqP9RGcHSd1ITNMSWyeVAIuZrchJw9Z4pfR02sQzmiTd1GCJhU8uJdqslVirmJ5gji5NWZW4EHwkMTOHf5DTWf2u5lbs4/BK1B2x2xjGlN27Fx2foMHyu5TBuTK5nWJHCZB+aAEhbuIQs5BtUumU07TQp1vBvmqqWjn8rJtRzFA+iSBuRYLTWo7k4nGu7PaV5iTOkw5gxVnK14WKQOsbfJAAeHI+SJYZuDJLo67Mdhz+Mge9FchuRChqDz1s2Ipl4O4nGSkisnxK1JKdqLYNqMqyI6ofNzzVz01aUKNwMYLr4jrfCrXQdb3XLZqrWqSDxzZzl/rfoG1Kpl5jtjuBKDBAAAAAAAAAAAAAAAAAAAAAAQmMx+RD0ncmg8ezKMZ8Nh5KQxwlG1E647iR7iX4tO1JmD5gYe3IoPQmi0DCTOEB7t1MwO/k68aDQ0A0kJMuY4aQoqT5Ews4ZPc2A/Jm8A22PVNDFeXa5pbAQwfoFGsPMdKftv8DhFuHOeHVaNiEavp281bwdRX1J2EDUWAVQENVxkCsG7IkmB9tHMF3jW9hJLHwAAEABJREFUb/6EFu/1rh1zGhYqUfIcPfc77jvuvIGXpGqbYnMSWpnLhbWZWKaEhutIu4kOF1KjZbEq2iQn60fjmtaH5v43ROeGoalJzUGzPr/QMcRK5pn6JBzveZ3y+l0/LSV9upybKo1iGEGW7yXEklNo3a1MC51RiE3PPAaVymUm1oPLM7hme1mf1NWXgu0Pw+Fs2pH20jhRkSzHyR1yWLRhsZcVm22ROHnJSQsMOVdYHppMtiriUHYsmfySRMaGJzzcVXYZ1vWZfs1bGGz3mIlmtLX67UIjEhstjnq72BYiG6ctRvk7kMqiDFpO0mUqxY51yR5nvkJY5vnoekDbUn3eh7pH+uiZmihopfn3zBWrqaJ9dgAAAAAAAAAAAAAAAAAAAADAE2SKCw5pPDscspeAyAKGcTwMklVHwuNJM1x4xoMS/S7ajSIosYBjykFcM7NIOf8Oz8PDKkGQ60dRAZB4X0hovqaGUN1GtLfsRY4gviHuYxJ7b0mSMu2tfbdAMDcNC3D6a/wSB/W4rSs5zDclWylMzzy1iYcp4JkjpDnPg/zOkGMmAXoQPH2HfGzf59cAseZbyTqWJthaxA4xdhpQDkVqM+Y4O88EEbFtcA2zNk4EkiDkPsOv7fCJ3CT365gsAY31UjgqdGAbGJ8MVXciwyWPNUrwWo8lkK1JhkzIkiRdSmtmUCxwSiXU+OpoJ/AR0UO6t27gcC+2Ca5faDIqmQLCGqbGOPqx1xlSJEesK4n0dnJtxRrE0RVduaNkJjpkm5Nx4HEsG4ipFPzSIJM1qeokp2iJ1IqYnCwrmQ+5bQ2+BvSjzq5IdE/z4+FyGb+TTXj1kXzq2YEmCxMpU97jWJeja0E42Sr2zbOZ+Rc0eLUs2UUkRcQzW3JsO6fdrl5SNgoAAAAAAAAAAAAAAAAAAAAAgKeBs8NhmGK6wzDmV9JzbHzUCLl8y64fUOrb5qtySgzds8m4RQRpSJeqcCFafDf5S/ahRCU9gO9WIexWJKGYVCzsVarcpGkJzxupepOS6SZpLNU1ImJukHLukzD9EPv7/fYmfY5fa5oO15owlffzw7JjlkioVfUmxVAmFDeWotigeUe2ByX8OnvDv620zUPxwMxEMWUgti+bf6TQalM4eIfLg6fi8mLCIV4OUoXM8IVLpqRk+p4HEABwCHXizILes1LpyL2Lr8odpcjiMTFNp5hzP3EfO9Iv8uRyZQqJURDrzMqiqq0K53W5MCps40YXT4VWRZf1RSKK3I2iO0qyGMfxcJj2qKw40cW3NRO0P+VIZ0tUG49GXCZ5s8Z0TNDQrrSiBXtSPFwXI9V2FMWJCHJESReLTKRu2vpR9+Tgdk/3CZdCippn1vm2m0+9Le0J9wJBnwUAAAAAAAAAAAAAAAAAAADAFeBs2A8pHcaDpLbJvgKpuIJQ9WKwAB+bIqDqP0qamPxFFHEBb9hUhEaU4CqTUTUfnsJGPCPsq1BCwCXVi1uM8CzYyCWiWmlC0h7p17B9rnnQp5PvxPNgeuQ0jMOYNPmL5rdJ+pzqb6I2J+J7oA0wGU4R43B5MAtXq/RGM4NI6Nwebfaqv7/hP5OMxFDTgfi5NHfWsK4vnXD5wGtsq9+CS2sW/bm6rD0oipPZwDWR5uTOBYmbBtgwxbnooxqelMFm93ER9xRREaRZHDwtdDtrZoYYzQnh4lD3SuRQFCQUmsnmD67TuNeUKEW3Qz5mTPc8cpvww5UmPHas8SsNic6ZYOIknlbnmI2XUnuFFrAqLwsrIvWx603BYAI3UXg16A0d0XrwWNLrPPFu5dbU6B5vDD4Fg+fWsa/0HxHkdF0k9+SRrU8ujmbVs/Y2Ir6U4quYnbiEJUlGM9X78IUt1+01BfdlKcUerzAAAAAAAAAAAAAAAAAAAAAAAJ4o+zQeeBzE5iSEkhrGEoMEF3ootClZMOlJVF8T11MUvYioCshkAeY4YAfJ/TCmAmJJhaOlskWdVephEeWiEPAEPaEm3ClSBiG50wp7agjJW2M2BxLZ5JHyV1NM9JDz6chlU9h1ehLNO5Gfi7o4xWCn+GzHWYgSKVhjggfNk3q2pFJdKPFxLvIdznYpckVqTUq4kauQlJSbIG1PVc4wi6u6d0O4P7lB8TPYjGi7i8o65nwEanU0ZiDD1dTEGZPVWIVHofTRon0y8aSPqwLJ2lpG+jLhb7/h8le3rfD4PNkUlDRA3FrbqBGLCKZUcGV9UdZIb5KbalBDkibKjDhCOCaVodVHumR+k6cRWg+QTVFzOcm5dYZDXq3TopAVu+g4WY+deXnE2PV913Vl1zLZz1xu4rOf/OAe5sim4OXKstqs3bCJou1fKfmM5a37zstldXHtS/OYrU0nLx7f1rc6lp6azgYAAAAAAAAAAAAAAAAAAADg28h+HMZiMWJhWRMHtA4b9eV/apxM3KSj/FqanLCmdDA1if4ePf6rHic56Jkvyr4n9WV4Uz/4J1pZVbi4oVQkIhc36yhv2lPbGHnhPstDKIkNycjjmNuTBTdaVqdxaLEHUIeTGCw+28ap57FTKs+u2UBKdFXtVZpL7BGo/svFJkacV7gxJjgvzvtQorC89ZHvI1cPFa0Ss2tCtK/zwZg8pM3kU2u7BrLviOYeBz6ryIQoM8XMfYbD7+P+Vc9shsjL0/U2y5M6+WQXIIqdl+Q+DkuPnqMN9NkdmnxSl58G9OAdtSrw4bBuVu6rLM7KizTnwxmy1Uk+ozIS1r7z7SjPhWhiipgdPBTWBE1l1bnnTggzyZh+aWqm5RKt986uf+h9uaLU9SCCjxCWfkhlZalwLtQdv3EnKZtp/p2avf2BINruNRej6ZZrPa/pqXznPNrdD9IzAAAAAAAAAAAAAAAAAAAAAICHxWEcKPsHlHC2/ksa+i2eF4sY8+ydeLlK01fU25sr9Sc1Ac7ZC/BeHs9LNoWCf6CZemNtT0CqQ3FNQ1NBMF+NKeg/xZxzno6kwVQ+SFadMd8RJejMXRdcVpIlJ1H8ScwUwIQo0xWpakqsasriAg9yt8FQe2Ly+DfNlAveuvykjYbGh8NFBqF9TrPMmNufXE4EkJpObmLRtQutOZcTFPB8yIqHTDWhCaZmSrWG+hhm69I8SLLzNt/WEWXVtJDZXeTrZ9MhzJ7lMmzmUVHxkB7H48XOR1Lbzqlpdj/NNLnChSa0uNtPy3BUEZXM+6ZoavpEG1gVOc0ULONWBjc1CZWahf1wuGQ5i3HktdTJPW98LDSRVYicpqU6TL+Zh7xI28cu3ku5Z2JdEZH6vo9dlImiYpRg4jbRmIVFN8r3eaPLbRjZM8KEsPJSCY9caFIerT0ueyWFmVNLyJ5M0vrSrmY+snomqRtP1P0rZp+mqKK6qDZCLmOKVWvi0jHJ8yVLWTbOqaQmO070RurAWTOsFfavbrAsMzkvC3F4misJhS57R0W2kSEdMA5h4W6yckzJm3MIj2lQAAAAAAAAAAAAAAAAAAAAAADnwFVWMgthl+Q6EufvwkwsYkqCGvqV6G+xAJHLRg8N18D+FCBOwXLRTEFMCZPSaOXlGHHKFiQe0owS3MzVR85x4RzsLG1Y5GogCZDqvWI2YnKNVFUJOfiZTU2yxoSmg8MwJEn0k7I0IGWRSYxqTUI5wU4XNV8HxSa5S0g5y0csD54Dq+ZkQTkumzxpzCK8nvMLWUhd3/mvoeQiuJHKRlNuxObuVsFDJiTgkqDFStUieJGGxWO3yTOWWDk5mJzHQmL2Nri1rs1IblVJeKPJUpeoRCZ5zDs17jchqmDCnlHyBkX9TqPGiYvuRKPIOa+QNdSS/TBz2wPauVHrJdaCJD5P69j37Gks/c/iZHslc1ypKdLWQIxJByPlrDpksiu25zKpRe8GGQvBh4feqfwKpqggf1RaBN3Z5SO0aso5B938TFvdY4JmMoNjGYKqdMs+Ww4qWevjkNIgzhc2g1ufF5s8MQbNrJOlCPlXHhoVMGSnlOyVIimv1ERDbFTIZ3ouJJlHkRPn9jOLPnt0XdhasByTB60VaIWZ84cq8GQ3pJwzTBUdJPM1zGcL225fjKJqIdMt42I/sDp9ljfnZ0ZAVLJtsYvFXGnVTkT9I9FmLDOV3qK6sEx5JWPLcakKAwAAAAAAAAAAAAAAAAAAAAA8bsgDwxo0NC2Dxx41GqgSk5JqgVQ9YFoCC/tZiFO0IG7NIPFj/ZbVSCD/lyTliLueBK5KCL85eFAyFxTNaCSs4ppWsrxOrxoZidprdJpFvlCkKJJSZxzHJDYnqQSYxdJE7E1EdDJFr7vY6Yv05A4n3lP2b5zpL6Qb8vOk0p7F9WEuIig5YvxZXHRSf+fRSH5DnEkpami+Zlnh0LpALC0CytHCLiMsQsakghsb17abi2bEQ8Ozr+WenJ9obsbA1KYOssnQuDKYriQuIuy0jOlnzUdaKkWoRqldszKTBs0oZafV5Flfnea6k9RqcQpcHikWwVQwIZSZ8kyX9GujlKpBmXd9CKscLt8ibOCamck5KVNmGJPn1tm6M+o8mBZq15GqGkgVJ777SHaeQTKIBd1vXDKRNw3dqmR2J5OMcbgCrP1OLn+jbay+4sqmHGzyUckPpucXhZug46KKmMPl1DfLklZilapMokaj5H9IaPZc3ArIiD2DFwAAAAAAAAAAAAAAAAAAAADgybN+u55coqAyhMYiwrQDGtGswgcPcZqNh7hfeD4dsTbJl1Q7gapHYU/RUGOjRZWxiDy20dLSUg41SY+eTVZRKLYo02FO0iGkRooRJWQdomlOxDPDj4nWwddisJG8G1KOfJbaGo3HBf1dE6rwIpfKfUB8yWh54xfQeBbMdTLrkooFgvW86UvsYnUzSGoW0YpalnXTyqih1LklZ2mqXp6Ui+eGFA8t+ryhTVlocLL3jnu9uEJIPWY0rYvOuX5xzzF4U9jybaGdE9oPYj40LdXD2WF/dzjsOZsLHR9dz4VlNh4mbdJpw+NUjqxNCu7UlMb1Zif7k7sjhavFvSpOpq5ILCKbxQKxa2a6Ltsf08aqC+cuqcv30tx/ha0R5cALK2rDKkJsZFhzxUnYPAMAAAAAAAAAAAAAAAAAAAAAeDLQJQLijUtHc3LlSuEB5ORZUNhigzSaIoPV5kRdT9yfg7itjtowtL63z8cij3ZXUFlMvi1VlYkIRNQvYapQPqroZGTNijL96swrIcZOCKM6q8To4dm2RgvRBpOYBNPTWD4fSdPDTZvWPd303r1Ht5OmbvGygkeZ1fHkaPzVhB0le4ay9OCoj8mrxpdAsV+ZqgJJ5Db6O/nwuJ7mQgGNG+sU6ZJUtFX744ePOo+wzzhNzpKz++R0P0kTmEzjZGltNkQn69Js/NrLnpFIOl/2STyjkByzGBSNIS/VYTgcxvHArmSaTROHXD+l7kRsspM09/Awb6UqKynOH1SFcNVt54rBzJdsVHlq91PS7GBU8P2A1lXQRUWHBxB5LHRV7VakI8Hz/aLoCn0n58AEeScAABAASURBVNCsyZpzJwAAAAAAAAAAAAAAAAAAAAAArjaNy4ifaiKgFsQsZ1R/UAOFmtBC/U5EmRGGJvq7yFwjWXJCka7M4v1cA5bceK6EkkdCc2mwZXUpHipTXdnsYPovjUEcFNqEKbGGntXwRBPqtCHaMDcvMXMPE9NYFFZcW4pbwFygs6aVd9C5V7ZP34bCqch92HUnYREqN+MZ7WJtJ6+i6Vzy+zSxW1prTkwXUYP4VXOjpjJFf2MlHBEGLQxD1uY6s7k1u/HxsxqUeR+RTDUZiGxzwlF6meRkp51YRCdxXuwioQltqRyunO7h3rn8wPmUs7QwMpHSELI0bfpJkepSCbOucRWKzqRIse8W2Yson84TVPeirAqSbFyhWTGqmgpPPy63K/oMn8ORfPFTq9jw2+55iU2bZLrcXaUxfP71XDNU6Ynl7l8GtNman4VVAgAAAAAAAAAAAAAAAAAAAMAzBK8O9FN90TyU3DrsL9KbxQiXt/FF+iEqhOShxsgSPJbfkjvDRQ5d54oWtrj8LKRoEfqsBWm/1eNkUdWq+3DLDftWg/tTW0ZVhEhaHA1CB8vakwUmscsmJ/Iht0HSdARJrbMR0bTAaNJn0XQqKj1ZyEK2OlIfdBZ75ctbGCxuswgtHY3tuymLpSjyeuPGDd5joahw5hlPqtYmlMxJzK1QQOsijx1veSLwVHWsDSPPoHQF48ZHQurzEQjcWMhE0Up0Ki+Joddr+7DhBNR6BxWrnyO1PJWco944PlvVrCd3xyhzZ0xp+jkQp6idupxS5MqfLPPJ6yCK04n4nbAJ2vQW9zixhsmOUtZ23hnqIq5tedK08i49SCmdf315RskUJItZ3Jz8Egozv5MQ1JqJazY0DmVp1zJlDw3nDRzbv805yv2alT72N6BN/sVNR+eRE6lfWzyLP9V00MVOLjGdYMkLVIYvb9NP/4IBAAAAAAAAAAAAAAAAAAAA4BmDg/ljcGNoMaqio4T8yI0+QjJ/D9EQSNoViRdqFh1XquQEN/m3li+eBBqwZ/cpaHQmosxwvwJRiXCTmMa0I9ZOi/yruGQ6P3riF3ZvFYlej6noQoJWryl0pgC1oAIU00s09gf2ZGSFVbwl5TC4xKMxUDju93FvUe022Fziv9HHSjqQjyhJ/C4Lu88vcCVRFk00Up729qI1Kt3nUWRPrFP0L3InWbOsJ9gHqKVV81yF+P6ladvKNiutZyTJThZXSYad3J3Ud10fNpOYeMjfhRGLifL0ujdcHP5fubzYWbXMkaw6IkobBx4O0+8g9kR15wmle2SpxpilTKIj8/Q6Khbj4FtU1T3MfXV0w2kMmZp+58c9CLRhJyUNaW0/LieumN1iAhMKVM2jWvsm5u2Ng5rSEtcJqvdGTYUTSk+b34x2aBnixUD7lk9lOGZyGNH6bd4YZn8c1hndnt71AgAAAAAAAAAAAAAAAAAAAMCzQ3EgEDGBWVBoINatAEKTNEUtLfKp5CHbEjYuxheuUQhp+kVV9JFKaFW9UmiRZqW4bGhstP1kXgjT/5KE991pI8tQRtFDZJMVEVhMLdEDlcsk1twn+X8S/ZQAtRqcCNqAcwxOiptL0WFoSHZUKQ2Z7Ma1NDm22rhlbAdG6bIuJ3O5g3xsYsElYt6kvykWBC7BsfO8XfjK2INLkLqYmnAzSVKV2ogIiDweTDU+3ZZ/7Jkee3j/QZjrATRvUZ6GHXEfpt+xSyl2fZ/nZ1411B+7+fyin2Yup4xYQpbdRmYTp0MaDuOwH4ch5YVcLmquz6IrEi+PTuQk09Lt8jImas18cmGDas7y5XoPq/DCxWlab+NUpKvyKcu2Y3KNUG2XLFGYPXQIjc8Jh5nipF37M+XNvPzFzkjnt6S9nWe3bAqP1oYurRCxVqr7bPFKag1qAAAAAAAAAAAAAAAAAAAAAABPDo3hcc2fUo1G2EKZHv4jczpxk48cxU3zktT8I3EYVX0iVhBJU4mwvXpvrgXUWamuO2mCm1TEMGroweQf2bNBeDxzZNeaSFaO/FvkIEkz4LhBS86rodII8TmJwSUnJjqZ/u2KrMTTvwQ3VrGEPkV64i4AQUQXVOUm1hFFvRNmsdw2RkrNJZcibp5dx3/5qJzjAnkD16E2zwIdQesEyWWSglm8hDJDOEiSDGqrSbysjqiIUaiqTp4ONnqes36pz8l0wo5CT3G3O92NmltqF6cu6i+hJnmqZDf3wD0NbF6lZAqmQ8pyk/0w7KdVTOwbRS2YbPZkV51qWDR9zLOQLcWXbUJmc5Jlc2RbD7VeRpLtixsp2dVi2xjmCO2VdSlSWE4ws3jhc4taTkouhV22JWzuR5s6t2YU2soaR6b5MDXyPXWwsb2JGUYnAAAAAAAAAAAAAAAAAAAAV40pTv+LX/z6V7/+8u7ds/1hKG8dgwuZ4p4nu/7atdMXX7j90ovPq47hqUBefTdVQWjcM5LKR1Sx4dINzsqNeq/5XdQo5hTfTRo71EwZGnd0+wDRZuR/Oy+0iSebyoMsR0mpQqsh02t4FJnV9USjykmR9Dqj2J2I6GQsocpOTE0olZf9TW1SE09MA1iEBdRGSllXgaQNYssZxOb0weTCCjK/j1BT3bTB1nREtfDgcHPA/k+1NuCL3FZmZS1y6wST1EgmnWJXs4oiU9HZLNu0bqt30aKAc5oUnjQlOF5PZblJEgUN7QKfxLgL00E8YepDNjrhuOtOrp30FxRseU6enbB5kznonvDrRTQ2DofDfs/jQIFXZhemOCHTOMlCntZ2digyHxPZB3K/5l1oFPGbClUck9eZlCFVTQNzSeDz1GihhAuEKeYlRXQvAg12WVmQ3shbpRDNAUlX/apeKlmNQlpvg9sVBf0r0+hKar61tR6IPbeZ7W5QnQAAAAAAAAAAAAAAAAAAAFwZDsPw85//3V//7S+u5ivfV58pxHn3bD/9/OrXX/75//rfr7360ptvvNr3XbjyLBUnEsVT74EiDKnhZPLULcnTq1Q/jCxNSFltEgZRPhRHEI1VaqTY87DQTGvQmmSQJbvxRA3F1kTtRrLsI3lzq+IkpaEctjlePGlOzLUH05q47iQESwlTrV1U50Ch+r6wqy7cT0XyCHmbJF8P1xQSTRj0saykNuhK1Wql6k7sN1O6xNJWHwnv+XxGpTys56yT2nwc3nPLZq1O0cZRuIxI4QlvSLQ6LjqsLvCOwi6E0xB2KXVjiN1JTzTefumlD7//eR++ReiSvG8FgG4gYxoHTawzpkRmcRRKyTU/i/2rspOu63eNP1KwZZvM90h0PWJsFMnvbfcmO3BjDTUpCk+WZu8z6Nw2bfzZrmI+KqKTppfm1/O6vJIorVZM7eE5lK70whbVLLUiqlssrWIbKSreVmGZmofPSxgGAAAAAAAAAAAAAAAAAAAAngC/+vWX//P/+svia2IBOLxCfK94LG0Kc/78b/7+b//ulx9/9O7zz90KVxsVVXCTkGGVLkeOyLLmRH0FvaSbETOTbG2SDyTOq2WqAQjrC+/5Lk9C41OrtY7wKHLJuxKK3IRCCX+qx0nyvDbW2xTEVcVz62hKHZbkJ42vSfAjS8bhVjQxdo2xikhQbCGoEUJie9ASp07VCUUVKKbVsXA2Xe4N/9K/D2WZtSYl0pBYTl7S4KCUkJqorpq6lBh0Cfdz8UCKblvSKm2OVjh9Edcdw7MCSnuaBEtHbmk/Pmg3+qhJOWlWnj2STU1vV6TQ0TSv8/zpOezSNKX6GE/6l99997Pf+eHHn32yITqh+95VLzOfLlE4J38KbhxqiIPlhto64FbPUZrDW22yyRPM8yKUPySaCcVnlfaDrzoeZeFP1Ux7yJDkh3QZu9ikJF0J7MtM5iJJmh2KrCmz8getYtoHBnE6UYGaPEqUjSDvFGOWouR9I184bnXTuQoPt1sJDw5VMc28RN1oQnH6KL1XMgRpM4pixq8i3bmoUUiRKe+itT6oXi94H0tdNtZB5XVFm0O+KOL6eZuxoFKoqhjrAwb7E+N1u6ZPvowyDcylhkzvZuJEfcaoD6SfigYyeJo3huoEAAAAAAAAAAAAAAAAAADgCvDzv/77v/irn7dnHk407VtI7bccvJsCm//9T/78vXfeeP21l8MVZgzldf8cSKcS+zMrE40uT08TkmW5yeHdVL1Mpm/U6kNcRlg9ULLDSL4ihxWjW2QUXc7odhFF7aHSFA98yndEzbvyJjoJyTLqiMokiANJSuZGotelEjGWyLCam3QScs2KGfE50ZilptZxzxUOmq4hqHWLOblYvJTkuTSeumi01kTue1K+2F5ErdzG4umLaH6NzxYdSbmgBnOrnYpdFd2aRQbIo7JNbbO7QpjZDWiU2ruRPahdQ8izIHy0z7lLYwhVo7J4vIWbQVj3CUkdxM1dgVoBjZ9JpQ41QdAvU7VzCJeUndCxGLXH6ZmbDitBbi63dtK5nTxd1/cngbvuZBf6k+50d+35Gy+8/eonv/vb733nw/5012/upPe1vV7u2S51GdfZWR60DO85ByHMmzHryDIk899Bp5wLGJjqrNQNIohmi2SIh3Ec0ngYx8N0rHIH6evkF8dgRkJkS0KEJpR1T6xCMlbPIhaFXFLFCas8hckT8lhjUtmTQij5YkzRcL6QgepDP4S/lE2H1NJYxUFcXVfKqiiGJTMfFB0ANySKvrWVfFhFdKJdxNyOvuQ0C2Xj1L8IsUwRWuU8K9UG7bppdHyJ+qapXlmyY/ummJjLOmXvPdIcZ6pI5Kh7nHidRCvPO6ZcMaoCRvqBkQIQAAAAAAAAAAAAAAAAAADgSfP3v/i1Kk4k2s9wN3lI1PDv//rLn/d9//JLz4eriqkKTPXBJX5vsVg7TexXqSzBzlucM6liI1F5L78rRgY1w0vwm8IsfE3N6UZzot4qQdwTkn8X1E0l5cijuJqIuUmQaLalvrFKo73obx4nxerEopX2Or1c2oSYTW1SgqflLFtTtMeKY8tK7LCprTgPuvCLtnmr79s4dXuNNozaO0vsVtHhYQsBJ3bPg1K8GtiU8H5o6+7I3R7INw+udXtYuW0erQ60zcRzbYrqXxqSxs1nCZjc9mBW7kW9zkWssPrGhRLkM1/D8hZUl6B9fk6d1WKNM62IFDoOXcqCrAOF9PLbr7352Ufvfu/TV997O570dw+Hq5le50G2eL7kdb6yqoCjXWVk48BVOpET64zj4TBIbp1pXUcblVQK9CVXNWmiJuvkJ7IpGKLo0CRVz4RvCa2ww6a4yjEk8w6vnuuJ/xlstqCiNZl9W6Qna+Yqn0w3dZGockxdJut2oVlptk4qRRTV2rEO8eWSQiMQDKJPDKrSo5k2L7S15GsjV2mXzYWSAK16vFgrmh4IjfULAAAAAAAAAAAAAAAAAAAAeHLcuXv2p3/2l3psryyDh4sEy6dOvnnz+rXTk3AlGcsb6ESa0MEDtKpHKbYfmaLCsH/JrAJyNguN9ZK9vB5qmNgK1xgozVeKAAAQAElEQVRoCOHCaGmBXXmSY/w5ZQZrHHkMOZtPDlQnzQUh9gfaKn3L37PqaABTXpvP5etH0RDkk9XPQS1bsoBl1I/JRSdjk3bqSDNr+58UTfjVfQWqBKTqfdq0MZovyfpN/jc9qfabdrr7nqwUQnlUYmgj+DOI+fI9wbQe8/XDeaR8VdXq4ByOX1M7KDeoqndy9hxrIGWjDY4hZ2XKjhvU5Y+862LX727euPbcrc//we+8+fEHL731xhDGs2/uHvZnV1N08kSYKU5cnlROTgt5GMf9KIoTTrYCqeb4CeZjlDUoeQUn+UI0J704cMRgyhEuS5mrWk2+UAlVGqU4brRKy0lMlxfXPHbu1VuFchd1IjrpZpqyRwUXu5PiMTP7cvMeuUOkhNXNZfPKJLo/+1NUk6ABAAAAAAAAAAAAAAAAAACAJ8Zf/d9/k/+Bwcmjw/t16uqPP3wnXEk05GfpGaZIHpnBiFlf2AvrFrBUb4DgeTE8Bw+P8mWqUc1E2RZixoUB05kkIlgAOeXX6DWLThqS6kKyCGYQoxMuvgU1xU1VnOgb/p5TQzPrxHKJ3lceztL0yENJ0aa0mR5NdCwSs34aoLUpSP0cPL2Fj1OOzpu7S2jGl8+N5rb5PYoVQ3iM8XqzvgmPAE+zwmq241k9OLu7RJGhRJ4OqaddTyf9jedfeP2jD97/4rMPvvhevHbKMY53z/jAYc8QnfhGsTzbKtiSqJ0O43AYx6w4mWZVnI2vL1QXMKSgOZYkaVbXSbortb0wX40ymX0rs/mqnki8mqRLz5CZIOZKcL5YL9Sl6HuZae/csKRk5JmfPGZ28gAN1exeIVsBrUo7rhmzPy55gOTvhrat8XlprVDUWEl7I11dfRAAAAAAAAAAAAAAAAAAAMC3gMMw/PJXvwn6OnIAjwjr2l/88tfvv/dm33Xh6mFv/VObTycjb5Uzu7gkNCqTMSfSyWoMtmCwR3k1RUnQ8uT3uZOr/a51m3CphJWpLVFTk8RZeiIakZo4g0q6m1CS6JjNSZcTbtSoq4tOrG0sLiaiMhGm4snkJpV51Dxu23tcUYq7DJeVPo+5q6dLEZ2Y5EgdCopbzWoMN5//cYnX5k166FWyqJc4ymGU+Rxzuqh8ZppMPYV8kvvY7eL1F5776Iff//iH33/vu5+dcdoPh7O7d6Z/eOA4EkQnIZsSOeaiwyn4fkFmjDHmRT0estlJGvIttl7F7WQhmyqJdSLFrvOF7bMgifnRcJhKS55bJ+8BolIxNUqVXNiBFWsNvnJ5W5YiskWmq3lzvWNNpKLJxHQfS0Wft6xgQ4Vzbx3AptThVBRoZFu3dfKsR4naHdvOFEep8iCjbEvN46/UQPwk3aUAAAAAAAAAAAAAAAAAAADAL37x69DEpMGjZurw1159KVw9pnisKBLkOKsNajIdybwjQWJxDBgtdpnMFMTjf8m0CTFbQUSLBJaX84vO45zJtpFhxU0KhimOnHIseZRfGjxdmI7kQLHYmKgxhaXUibGPnYRdpXExVgVG8QWImkgmlLBsTtoTmrfsi1nCw0YjrPESV3aXWKFpdU00a4Oq3XG3gBCqoKf61pALTfR7Ft+acJFsyPsmqg+FlvCo8KF8BPg4TDMi6014JJnVkiuKuQuhz5l1WMxOYpc6Or11/fk3Xnnn0+98/ru/c/u1V854OBvHs/3h7Os705Tl/djxMyg64SPHoSyW1fVVGba4SwRfnFN65WxZeXFzGqYDF5mQlscqAgq+P4nBSabvqOsoijjI8kaJXmzMWbdku8gKiKw3ydtBNBmb2zXJl3kVJF4YsTyBP4dljZU9VfcfWl1G84Q13DgUzT4Su17MyigSHBWUNMdMS8eRVeEXmaxYr3rqG7bNjZufsN5GZeyoy3l/aBouLUqsqWjdmDqXyhzSR7hC6iAAAAAAAAAAAAAAAAAAAIBvHb/4ZbY5wYvCj42pw6+m6IQ9m47EFkPyl9VHMRORUKXqToLKTcwBRZxGXGQgCRUoR+TlQ6R5Vgfl2HHbkhxFJIlacm5JEsXJIP+OQw5Lp1Qyb+jb9BJPzpWrnUGQIHMsdieN9oVU6VFzUGg6Dkmmo2Kape1HmKWtUNJ9LZojoVEPeG+9sV+C9Ot7mZdykGVEv8hKGnODWV6RthOaUlx+xHyu1MaK5aUJRRGthGNPNX+EEDZMJdZpjNonjTaUDzHYPAtc23S2wyksnj1OYk6s04fYc9clopPnrr3zxacffvH5Wx9+cPvll89CunPnztnhkESlNYXRYx8phWdOdNIO50b/t5PSHS+q8oHcOUm/T2Rbyph1XtmbZJ/T63DKwp5gQrJGJuVDQllHQl2Mfd/aFoWSCyyZ4sQbYBq0MtPZMmnl7cUTKNn9FJ6YBLNNdlNkHGGWWKeaggRfNvqY60br51iy6vhqbxUntVhLsFfldWyin8sizU2NPNGkityKTlbPW+SB08EopbSP2T5sWxW1Tb23ZgIAAAAAAAAAAAAAAAAAAICHzDd37si/iNk8JrzDrxwWitVgoagy5IV1VnFJEscLUSfkk6NLNNhlDWTJEqKbCciZSItX0Ik2g4lNpFX0HExcktsMKQ3DIPluOJl1QTJLFlPISNQyRmlCZxoTqv+aXUJJ5eCBXc3oYe4mgd24RWUoHM5VNJgBwb2sm7TygODZP7PYaU330Xy7aM/iYzTDglknJzc3mTmdFMGKXlM0AFXGwer8UhpTOm02gqMoSmqjq8og1Ge5H13IhuIk1O7j0qpw72w3hxaiE8stRKo46TkrTrrpZ0iULTZ23YtvvPbC26998f/7/bc/fO/kxo1vzs7ODofDOE3Vcep0kVZkW53p6OkVnWxpmO73L4XrHlRXwEUPUa2FhpyWaBj200osewjVxDpqVkQ58xXrRtNLYp2sBMr6tuTzWkyYxOVk1JMUQlWfxWnNj9W9I2lLmMOTU5o0bIq8Zn4k8zbSVpavVk3SdVn8xPPcNH6wKCv/z/MK2U7RiF2OspZ+WffaHmIqN+ZFHrUiCbTPzM2uR5Y1KaS0UaNe7FtPHsQrMHYAAAAAAAAAAAAAAAAAAADfWtTQwkJN4FGiQT5NIHAF0bikpZsgSuwiDA0ASyBSXE/CGCSxTvKopcYlY29yE7Ec8clEG0dtpZYbwYOcGkOU04my8mBMYw7kj4OKQvwW8tQ92UxFEm10We0S9Zf5mrQHFvUMbuNRflLWnWRRi5SbqyBev+G/Hduli0Uni7sSz0qrHjHqMUAe6rWbF1HaZQ+Oy8I5hpmwRcO9mqGjNS3htdwkFIMHqq3iWb4Oj/63ewXVimqT72En2ezY869X8YG2qhhf3CuLDW+xJnO2l3yS5Jn7kGLHfTY7mSb5rutvXX/hzVc/+we/8+Z3Pnj9/bdvPv/cN3fu3j3sD4d0OAzqjCIB8ShuPc+e00nm3pREJjiRdTu3C5Ki8hrMP2N2Ohnl2qSrQrUIbmeUt5nieGIyEVnj7gjCemx5uER0Yi4aIv/JdyWXlXG7Ilw4wf7pEbM56dsFfk+rYpOZLUqze1xan3HvDaAyOLU3z7cjYkuWVWWAl26k6trs70AXL5OhDAAAAAAAAAAAAAAAAAAAADxKoDh59FzxLjYxh4T/WGQlyYKzlg5DzU6SSxDmugxTi0hmGzpiZ3IeZPFo8VDhbHUw8njIthHTf4PGiJP5I2RtSfBgZU6iE/Pb/BZZzlFq9TSI2hZvnskM/BV803yomCa5wUl2PKHgUexLved/cceuz2gbimyCQxcuXoPrctYNYw/fclNXCtW0xP61UH5bVihWH1as27C0RS0a2XxVCmm+tarCZVg2ZyZOsI9uiUAcHjgkf1Ez2OZxzqozzSgOMVH21ji5feP1Dz/45Hd/8MF3P3vhzde+/Oarr//u78/u3h3H3NHjMHaxN3sO7+RnSHRSl3bt/0sMBW8ckUqVppWe17woTobpP8mMk6xUU2G1+olieKPnxIFHGkGakEsXt0hYgsujNLuWXhbMxKd6+xQ9S3gSFDFXe+bYxZfcidaXtdK/c8bLlR+zM9UV5uIGpCLbiZTYxo/OfybVneiY8IV7hm9lZUrofgfJCQAAAAAAAAAAAAAAAAAAAABXgWSBv6AJbLLuJIeDVXSSNRnqdFIEGWSpasLRiG3JgHCp2lnz3eSqRz4bh/1hPwWik4lDstTAUuaoeUEQYxPqJLuGniFLL5PtWaLZIUg7WqVJjmpzsui02CLIheLwQQ9Zf8WrgCu7oiW54iSGEje/qG66oDJushQpWktphsl2grkRFPMSVhUPecCXm/9q8VqAF8Ht2MbZVee2txX01AbT8lnam3WK5TQakWqeoIc2UrOQNVWhEmXFSZLZtdv116/dfPmlNz/7+Lv/79999Z13bj7/XIphPxz2Z2cp53wK0+9sbzKVxrGIIqY+fiadTu6P1seCyZRm8kUax8OBm1wqrhNphznKPpDFZF3sun7X9Tl3TNBkRrKaxILJfmkymnx5TrwV9eNiNT4ZpUnbgMso8lxlo2q6YMKrzAWOKbMENvXctgbES5wrivgynivUFLD8QneZxJfs6hjtAcPW02khMbTSGFKLLQAAAAAAAAAAAAAAAAAAAADAk8XcPpLqE9RvQFUg+az4OGRFiL2KbmYjObGBqRT0s3h2hMvFUmsuBf+YM2JMdeXkGnw4ZKOTRPZyvjQvlz5Fmbu+j6aRMNGJHHfUkGOXkTT0bA9oXgcqOckVldf4U45vJ6LGyYN53c5j7T//Ie1ff042JxJ2d5hLWZhcqjpalsVztxBefF00Of7Y3OhM5n4nXr46xsQQaln3aTJQ2+apURbfr+5YRs+jJIEKDxOqLdKkHWOuMu7668/fvv326+//9m+9+73P3nj/vTvfnH35m6+GcThkew4W0UnKUieTQGj/RJVcPQOik/XYrI1yysmiF0obdjnzT6Rio7zbZKcTMRtS4Zf1I3s+HgolsZMYKnVRMQFLaDyMZIm37clDSKzzXVef+GXIhkB5M2hEGqGafdCmjOIhUGRTJv7SnqC6pphT6cqsmJtmlsnhaKYCm6ek4YXkLO+Msk/miRhdxuE6H14XwtR4MFmBdmmV/6ytWdSBii0jUrktiYxOXZVSWO5f1P6IYkhFhepIJX9erA2qQ0rmmEJqbWLP4EY2sXu4WkEAAAAAAAAAAAAAAAAAAAAAwL2TNOSo6WamjxSyeYOrPVR0kuOKEsFV8wCeZbsI2YmgpsTIZOsByU2yhj2fTkm+IJHn/L8x8NkUzc8pMjh0pC4r0wXdFEbtdmJqIh4nTM2r/PXAy7foqQZzLTdQjmBmx5Zcy/TLw6PZQEO9TpIGNe8z3ry8p+hLWMwv9NzcFSCKhKONmNbwKYXUlLxlFcDnnGIPnTfDQc1FsfEuSeUK/7rEwiMvtQRB48Ae4+Z53duDXY7auLim68mDS+mC/qbWoeVcm5O1GmL1Leszce0Okmw64sZAfk8fOuE8cQAAEABJREFUuB+nL/r+2gsvvPThO+/94Huf/39+j092v/rNb4bDmPZZ2CDeP1naJG47XX6+aNVysGnU09MaEW8lS4HqOm6nJbV97HsCNz+hTOmpp6p9ybR+U95isjBsGA5nZ+NwNvUn2U1RRiTagNX0TXnQomhOqNPKRDOiahI2WYQs8qRKBU20JRm7OlOcuJqBZNOJ/pjmsZHrMLmM5Ou6Hy7OmKNJffwySxUklRYXJt/NyHLQiCguNrK4ItajVnGSHztv0qI4ibIpWyqyaf/kWh9vLzn5C2D6DtWOuPJDHEVMFaJ2KfqYahXV7FGiWTy6oMnlY2pbVXtYn7qLRR9jad3kuYMt2ZnORnxvtjocAAAAAAAAAAAAAAAAAAAAAPD4SfIW/RQ+Hz2UqwINTUUjAWDiTmOXIb9aHppsLPlsp/YQHtaU/zSjBXET4NeIYb5sFM3HFLyMksvnIDYn0+HA4+EwWNBZ4ttRjA/6ftf32TZCJQI1fKmaE/WVkOs1FkriEaDBy5HToOWnIYegWR7UY5dSzVxEIcHMY5FTPevqgq0LqrbCXvqnEpedqpvQkK5Ib6KGk1tRSBOwr6qReW4QT2w0Z65eIU07Yt+08gBLiqSVplYsQiWqq/IiLrYmVNxiiuhEajhef5j3SdF5pGC+BSxyDZ49Vz3o9DobajYDhNBoi+I61txIbI7qWKgqI2Qgsrgqxi4Hz7M9RDcmjv0JxT6e9C+99cb7v/X997/3+Qtvvca7fhjH/X4YpvmZTFmSFRB9p1Y/OpzW3ay/+ZlJr0MXSXr8LIX11OT5RPFZmf2NhuFsOOxTGnX3oI2K/BbKsyA7HU0/sRG+qYJJRCSSMIuLW40aopj/SXIdQ2jUF5sPOmvlI4RmS17+MSkczW2KFheHcvFWqXEmwqjSFl3obliyeDwuVRf7k1kVlp/riLxDE6BZReuem5/Ktcc6dqlZrUVe1Nyp6ibbg1RdJN/Igci9IkQnAAAAAAAAAAAAAAAAAAAAADxpksRrhzRmCULkigb6gkT3YuT6mnojOClv5Ptny37godM2BFkkBhoCnn7HHA1O+3EYxX5Ag9OqLCihxL7bnZycRLce6ChqMWZPYDYnaraiSgViD+BmpUkahlHcUzzY2opjGrFJbWQozSgn2yuyLids6T5mliTaBvN0IQunmxyh7TQzWqm5ajiYZ8ym4qS0cGmpsHiKMG9xPSAy0Ytl8Aimj3F7mIyKalRAYNYHDxKFb1RHwSUo6Z5K5GMqh81aNu8vV7ENhFi50BQC57CT01E0SExdf+2l59773mcffvG99z779PT5W18fzgYe9zmdzijikuBJUEK1bGj1Ft6UZ1h0Us7PWCkhTCfQevhMi1KmdBqnhTn9pME1DWXVtxsHu8Qg9n3XTf/1XRCZmZeXR0A2FFWW2B4Ss0Aly1NY/Wj066RipuMz7wFm+b3CvJSSqImIHprrC9XMUu4CYtKQRf4bu80UKnVXbKsr0q/29OJzacN8KLcX4Llzwh6BVDxmeYNmyhVTsIWwqZ/hZjL4I3D9e2M51tq/FAAAAAAAAAAAAAAAAAAAAACAJ8OQ880kzYyQQ8JZf2DGABbemzMLhLpYotU1CFxFDc2r9BxYbU5GcR/hcYoX55Q3wxQP1iBiJI41aDpFjbvpf5opw60uXHUxi8OWCKWYaEioWWqRwHauYqqhM5lKeYneb6yv3ocmTc/isWefNvwcmuCpKU48csvsih0v37JcNCHYFGpolz1eW+7meUNKaHjtPlCunH+lHRXWDi6JQzEq0BGjWQkl6B+YZwHue4fFfCUPr3eLyWseStiYz/lc1SBFHEXZaidQ5D4N4svT9WOIuxvXnn/n1Xf+X59/9sMfvPTGG/H05JtxPzAfxjTIhLV0TqLNkjQmrh2iNpeUTf1nRnRSiI2/zQWjZnN0JQrIO0wWuk39eRiGA0vmHZ1qOmVpXry4AmWXk67LipM2LUuol0yre5Sf5ElgDN16VHciK4nPE52E+8yqc0nKuo2z+flgmq5ZMb6aSC2WfN1ym9vrYdSlFdK2t00IvhdyVbX5HwqihQpNr7MHKD+Lk9PxuNjRVKXUBQAAAAAAAAAAAAAAAAAAAABC33W3bt2YQtG//PWXR5IGgEeIRGolL0WO3Y6qTOBGgVCCfWraYXoQ3o7Plhfd29iuWkuMkrEnS00Cj8IUGZ1OjsHi0Dl7TrSkOWqvsuv6bEaRk/rk6tTdRMPHKjixOkWI4TqPqY4hF5s0sc6oApSczqdVnDR5cEIrteDlk6zhc+O2bJ4qC3uUlV2AXENb+SRKOaGxPCkqE24av9SVnAs37inu8WJVEB0rg1o9DbvW576WKUcxiQn31Gy+xDWrgjYfQ55f5CakAexOrE2yyqnrdtzvTm7cfPPjDz/83S/e/v4np7du3p0m6dkdFl1OduTIbjySLinkRDxm+tPEwRsJlMknngnRSXWXCPMpfN6g1C3DLmUXIExfTRtAyhvAcBjHg4gJXCgxlxvYDhQ7DrHroyTW6SVVTM5tFKy7ZUOZChsOw+HQ7FAy0mZzMmQHFPbEVg9H5HQPcCOu4OpHEvQf9R5y5Vy02TPPpzUrzdYhNVtYuTTnrNI9VLRRZTfm4Bo2Mm2Kb5jVdCiF6qHCbfn30WPr7bT9blMrx2EtcPS2z6+0tDxyOdLrAAAAAAAAAAAAAAAAAAAAgCBOG9mFou+vXzv95s7de7r3uds3w/0yVfv1N3fCt54xSDxd4rchx/NIshZEj6kXpUGx6Dga5pt/ES1FD5Ek8BGhSRoPOY0PD5IMI2bLiFwXEZcgacyuJh2J6GQ6MJuTGkqe1yix0ZprQlPqjIMoTlJWCoSsdAnFkmUddNYo7EpGUeLAtHqytGWDcqEMo/WHCfNX/GulKkMhqYI1SM1mF0AzQQzNbz/WAN5qJanqhGOyiHNsTUysK2hRgwR6aVXmPSIx4tR0+HJIeav8+4wrt8ocOda0LKPMaAmrTydit7t2cuv5G6+89PpH773//c9f+fCdkxduHg6Hr+/czdYmsWMRZIWk888cd9zzxIQmC++ZZ0Z0Yg45RVJzb2OxcKwo8i6aOnaYtgLmIWTZj83xRqcmSoPc1R1LBiPKjked5lMJqppizaWTE/WIodFhWu+hpl8xKce056iKIpjbx+PTKJimI6XZ2arvqtqTpH5D015lPig+c+sWvFH4cm03d1SjF1PnyS1lkVO1YHITFHWBSRcr1zaS7zROKlIMUZPIbKGesYem2QZI3iMqFbKtfJZIjFiymrWTcOrYmBVJAAAAAAAAAAAAAAAAAAAA4FuCaAiORrTOzva7vr927WQvL6sfu0xzJLRnprvC/TdpDCCEIXHSdDQeFU7lHXKJHqrmYy5sOC84acFW/z2NfMoJSqbA8Djk8PCYgnqeZKWLvbEu0cgoqpMpkNjFXmuPTaqMtnAPp1poOSftkIitZNnICXUGTmpMkUoYVAOdKusw2YEEemmW5YFqGhmtTvOJVE2G/rsyMqFq1FAsDNoLSjR4ZokRahaiWiIv8+C0LhPVaGJuf8CzIeHFvVZd9RhgMz+IbLqTJgpsaW+sxBRc1FPkLwuDlnOZ+j+6/4c3gz3Y7aYLwfVMyzaHIyH3DTanpqp1pMoyVaQqnh48cuzDNNFuXr/x+stvf/bxJz/8wfOvv7an8avffJUD3Byn6D/l549sO09Ur51cqoS8a+1cdQLhGRKdCFVqUh44nXN5o5NoR49VBSLSNh4O+8P+jGTyVUVbo08JxYxnuqDL2XVIbY6mzanrfZHm0sQzZT/9spWexyhLVPLizjKUURbxk9EmqBpjZdVhU0TzjAUTWKTU/G2L812vXezt9jE7SaKrsW0mT17rV/eA0oqksmSNsz06Zd2hN3hRkR9WdVVY4cKa6WmSLgpPqJbY8oYtifnPTFAxSfC0W6XwUeypyoNrf0WVJcpjko51ru7ZS2IFAAAAAAAAAAAAAAAAAAAAttnt+ts3b5x/zRRPev72rXMu+PrO3bt3zxYnp+DTr3/z9fri52/fnIJUX3719bgKOOaEPjevByCI50gytwbzEtAEN1Fy3KhUQQOX5C+rb8dwa4DZvR+mcnMajZzmhnPOG/GZkPAqF38TyvHH7HoSKUeTO+o0mQ6xW2uUPBIe9GRXeST1aLEAJw8pK1tybh3RtJDJWfz1eg8As79az4uUE1xdTNrX7D0jjz8eLd/Ddx1GE5NtRSP+GG4BsNVpfl9aia6KwmZW2qrw+T1hjeb2GJOGgWMIVXBTBDNskWAxSHAtisiDVIDEm21YVuSNSR54puY8tyIWl5vw0aIuLW+h+pz1lObTMduMabqZBiknW4p0cvP67ddefvmD99773hevvvN2f3Jy93AWujzzxfslirbEDDJEEEVJNUvzqH1wUwmVpJTOeYbC4a0axI7uRcZBtjxkLLLiZH92No4HyW50pCQTaOWsOn2/i12UrUgUDcm1EzyGMQsm1MVE12M2RZENxGxOsk3NOK8jhscHB3Mt4roTWQOSCzl4vV6rRM0+bUhXginEQggl81kj0tOZb3ITXtyqxiZyVyo+JRc8CV+4+GdbZ/I98tjV9kwcQjF90Z0uzOV1XrZrbahI1aZp1QUAAAAAAAAAAAAAAAAAAADw7WIKGQ3j/fuLLDMVOONWmRrtynlWVnfRZePY3wpErcGau4BCaGKW4nGy7dyxgfayvllv1iMpG5wcRAkyTpHf6Qx5SgczhFDriBw6jFHS6ARzKvC2qFFF01ptclYOJE0Sw/k1/VGsU5KoWxKrEQJZjqBQApvMgbbFGW6BYQdFXVFcPbjWvuwQ8hQ/sy5SVxF264vlI4RST/FC4Oa6RV+76OcofNFXvL6YajS6aDtKSFd1IJ7RYn7nPSyfdbzbhyKZn0qJZId70zGcW6vKgUKUOSlahWxZEjmNXR9zzpz+ZHfrxkvvvPHW9z5/67PvvPzWW1P4+uzOXRpFjZK1DalmZNHCZCUkttxEs6i4C7LKiWfL6UTYyuZy4XhxWbDukZN38fFwGA9ngUfKwovE6nK0cbN4W3SRupxbh9zYSIZTRjZxNk7KtkbTzyjrLCtOJqadZDjk76gog2q7efbpceCLvYhvZrWf0wy+cNtd3O2OSq1JSPutieuo7HQb28rllyG1esDQqGNEFcRiczTbcZdiEq67k/9JaC41QVzZvT2/jm7jPEbaxcc3iAAAAAAAAAAAAAAAAAAAAOBKMIUBv/zq6wCuFKTZZkL0jAxKtW2ocUWLlraB0JkaQzUlbmkxpDRMEWZJrDOKKEWCrlZyTqZDXVud5vHRA8+7I60r1UUqpiZB0jNoSh3NTZET66QxibWG5pkImpDBQ5Z8Tji1CCBKOJ1Wj0o1E89CBUJNUpUqRsnpWYIW2UZe7W19avquDZxSE/VtotNrTcO8/WETbr8tgxRcJFG0NtXxhF0GY+0oki3LurNu8FH0ujlOZkMAABAASURBVLT9TbngsqXdKySGGJ38yHTK2qpp4nVxF2+++uIb3/n4g+9//61PP+pu3hhG3p/tNRNQ1jNYyhORDMmUm+Yqe/KSZjUsJQHTVHS9Vv7nmUv8wZuHF95SJV/ZnGTYH/Z7lp5Su5INn4/gi16XcGfLuEqUgm8EY9aZZR8lGQwRnAS1OVHZm5bgkoiq7ppJvCqXyh90HxR92vL8RWqyQrEJ2jhDoWrbaKVwazdrU5zIZkh8pPLt9tSp3xZHfKQILvqaKtyK1b+Fgqc8YtMRSUogsr8eNMtxVnUnpTFW4sVaSAAAAAAAAAAAAAAAAAAAAADAY6AqP7K5QHRPgXn0kmsAkThsZmSQdCqjZutJHIcxexqMWQiSSkab7GjCJi5hMqFJEZ7ka6bfsfN0N55hx1/bzxXkKkbRBLCKTvSt+lxxTnwyWoRSMgW1whB/kCNBXqrZIEqAlVcdlU9qhhpu388XYxhLU+NtDbNAaa2XagD94ogpbStgiGZR+PNuX3yQkLx+ZBX1SPIcaZYNE7vAphSvwfh71IewOTXMGxlzDiPLSGNXHSc+qCKFJEuOmJ1Q7E+7/sbpC2+89tbnn77/vc9efOPNeHJy9s0hZ2SSmTuKyYmPbLSesG6PpCKTEkTX1s/b55qoXOAzJzq5d3w6eT6XMWUDkuEQcj4tFQKloKmeQslVpAYpdbXkxFvUzISSnElEJ5JOK0kmJTVJ6mQIEjcOV09QmbBYogth2vEFnLvlkoqKIgejpY3IsvCVK4pd2KjAji5HItpoj99BrmVzGVv+M9ImtqO6heWvQlG4zcU0JfMWEa+lePqHR6uaFnRHjzVVEgAAAAAAAAAAAAAAAAAAALjKnJzsui7euXMWwONHA4GW6sasR7bSJtjVc98MO5IgYs5uMwxDlpnk8DLlfDejSECixxlzQTmW2ml0mOQLzasjBUVxNajFkr3yXt7lTyGpt4GoTzQxUNLQf5a21DZSqJYGlvmnTZqz0Q/yqHEr7Lo4k+UyNUNQDcVSqAHlc6QUNRa8dVGxLCgSDz6/kGO1bBQ9k3+onwknLq4DXM5bFccLvUQwPHEjNmjqDCIHYompS7hctBxmZkCtywtduq5lG03rE021kvPp7PrTazdefeGFd157//PPX3v3vZsvPR/7k2Gf0iGkQWuNWaxAiWKnLSdPkFTSD6n5iWiTtr0wNPh+mNjvv7WiEw4ra4pQLInGw/TDacw9KLKkVsXTKrSm/3VZoTDtFdNPz2GuS9C8YFKoTqa8peTtg1j3HVuifC8tT4tWP1zU4smQrU1XR7vSom0oTMXN46KlXvdm5+ilXMR85ffcVeRc0UnYUrpRKLZIcekQQ3PVH5WFHvRK0jlwtMpZcxpFn35OU8u7BxSlAQAAAAAAAAAAAAAAAAAAgGeFmzeuTTHDu3fO1gGo27duTBHHr765Mwzj5r1TGOqlF5/fOp954fnbAZyLWJuo6KSTmKdmpKCt9+Rb6Un+NrGmwMkRxCnGO6RwGHkYsuhEgsE5LGwSE423shQe1LzAfueQcg7km5cKlcisplloYBIDAyk6Z9KRgzGLTljlHjmCnVPzuEuKFaKFpeXr9CskY8ryApqHrj0UTPVbcs+LEu3VbrnH2PXijoW0R/uN76lQOlLH/IlqEN8FSKYZWM0BLS9dSgdSFSftORLvExkTVQqY60kI8+QnUhkfqYhpPi/Yb9SCc0HqbjLN5z5XOE2+k93Jcze/+3/8/kvvv/X2u+/FfncYhsN+vHv3LEsVqJs+ZWlU3FkQnUqIO1pMvehOpkkfV6OgjjshCwvGcTi7e/fuN988TNEJPUGzju0F03q8qG5i+hmbYx1UzVjEJnBKhzTsY057ozOjk8mgC56yjMA8T6axi123609O+243bSBs80YkZkHTaqmdzFRq3mE0DY/UZYoT3SxMwMFNk81zI4Qqfxjbx1IFXrjfjoquzOCkqppYLVpS3mzzVihpZJJtkkySQCZS1ZhlkU1y0w/513V5ntLJtCrTnbmQ6Rm6fpc30jJLJbWQbapFy5NPTiVMfZS0xiw4s71RSibXW1lncBGysNdOVnnZTMvvLCJMaXq2UUQzrLKyafC7GFUJKL3Lsoa0Tr0515vTWvkZcUlhNduqe2p0oVfu5NBzPMlTBH5CAAAAAAAAAAAAAAAAAAAA30amiNLp6YnkXhn0zOEwnp7E3a7f+5nCFFSSd9fPi7W3iRQKql1Yhr3tO3qyMdwrRXn9njwcKLoTFZ646YipS0JQgwxK7BYoyROKHLLNyXgYkqbXyfHKTl5EZxuIaG/xTyPTZ5+TGM0PIWksUvQu2UQkB0Yl80uOFjO7T0ninEtjOHi8UgPPrHdRjqTmK1NVB4gaQeKeGnglU6HMRQsaDLXUHhvZMKZiicyppZVBUJFqlIQ6zG2MNLRVtDqVMK9BHUgskuxqDdOtyF2pSDi4tEpHommtikVCmplLtF9RKwbwJibVWCSX6QTxDiAJipu1QAhtDgtuXGfCTI1QAsIqH0raLUXQQqzB/yLaYcm0o0/RFF3S2XiHZGmCpdaYBlfj2CxGIxpPl2xNUjare0LcTVOOuSPeUexDv7vx/POvf/Lxhz/43ivvv0Onu6/u3g10d5qA48ixi3kOj9Nc7bWZoogi77fA5eGpOkOICwerQVDwpDATh/1+f3Y2zdGQ3ZuuP3vh8PUunJrziynPvixs8mWV2NQ1VS2xLLqcycu57/vdyfQTdz3FThUYspmTTQrRn/nWL2OmqpQUUt2d7n2Xb8QoD5fWhqSqvHy5q5KjvWbB+Yo5t5KqdYWLYNsKY1n798WFN7qELWg7q26uerj4/hhFsyKqwo1qypYz/Zr+eOxiN82PXdcFAAAAAAAAAAAAAAAAAAAA8O2j67ob16/tD0MRnQzDcHqym1iITvouZ0tIEq48VtoUw/rlr79cn3/xheemCNevf/NVWt3b993zt28FILSmHXbgX6ngQ80vzIOg0QakcVR5ycg8jOMYQk57Y34ilBNdhCYDTTYPiKIPieTCgnyuSCvMqoJd66BOKpVsbJJNDCwVSpacNAk3pIJy+4byQqUdi5BtMuECm82GBmEX/dMKTex3SYET2igyBWoFHbUFPOvqVu/CXBQ/PB8TMqcPDusyeVFumHuE1KO5UcwqoK7JPVIjGqDLRJ/PCWir30Eoo1BdEDSljqgBxGDBfmbdnWi7LnYVkmptaO5Dk3TGJA3ZdzyS5MDpqOtOn7v1wltvvvHxx2988MGLb7wWTvqsUVEJC5vgR0tpAuOkKhsu1a8esbg9mPGED/thvz+7c6fr++s3bpxcu/bMiU62B35TcTI7n0csC0SmHV8S66iJxTn1iPvRtE13vUgKOJnUyY5N2pQEVU6JLIxMn2gZnR6JduR8WrWHzxI7pmZRh0YOaWYk83vXyhLbVjcrNcVGPCZYOa+1TJfvqCOFl78LabNx0TLzND3gVepHMRay9mshnD1h5JumZ/LeLnKwaTb1MZ70J9OPzRAAAAAAAAAAAAAAAAAAAADwLaD1fzgMwxRM2u36Eu7S1DnTmcVdeuawsj8BDxFqZB/2a65eYA306+diOJB4Pxw01U1WnIgXSg2favKcGmnMUfwuhwxzJp0gb7yLw0ps2yGpTJIfW/YJqSGNWeHSSFAWMhBr5CwqmsI8Fw2H1vNGC6n2AfpbHuKIk8espcXRxBJPqABlcS1t365faa3rKO6G9Gd19yLJDtsZml9PbTaRUAQh8zK5kcQcr/BSsGlDPAWKnvIaZqlN/Dcvw/TbJSfVPYlgxF1QSAU5mk9H6umniSh5mmKY9pauv/7y869/56P3v/j+6++/352cjDmjiMkA1GSBS14e0w7Nqj8WvLfrsk+PddQ0N4fDIQuuxvHajRvX5afrn5nEH7QWcPBCa1JdK5aUfWNayQOnQWVpnlBnm2nNR9t53C0nW+V0ZqGjohI24Ule6Yk4jtn8IsaiMdRNIj4J6Ylibj4dLU1KfAs1U6DgWi9yfV+c5bUyyUWyBEOxKPnM1kmkVpbArG7lIRzffUzt0arf6u/zbpkjaXSW5zalJ0RVFlRT9/gsysl1TDGTvygbPVV9DhcjF91ipj8tJ9FuCgAAAAAAAAAAAAAAAAAAAODbgb+rbHGuw2E42e1OTnZn+8P0cYpETkE4CZxRa60P0cljIJq1SHUIcVuTKbZH+jo+1S+zHcUUXc82NcOoOTMO40CiB9C4YswmJ6QSkGhyk2lsOw0dSuGaCyNOp4OFHmOwiGmneVI8h84UY86KE1WfJL2WXGMRm0k1ewjW64OboASLezaPXROjBDVHUOy9e73Ro6XS2lYO4rFOlt5zcck50V7eCusyhaIYWYROqbm6/ZLnhdSP1dphGYfd9ghatKR0D6vo6B4i9SIhcHlAsBawmagkM3TI8emo84NFOSJBZKZ1U5o2zWUw1NQQVIMiwxSz0QV3aRg49WmaezmfznOnLzz3+f/xD1589+1br75CJ6eHkWOfs/TI9qIx/VElCcwzgxodcD7ypN631PfdkGucqh3yWjgcptt2p6en169Nv3JdFJ7h9DpFcXLBRBFxQ16MOUkUZ6eiwKMc2wKkldBHtRR5+Y7TyA6xy0I1M+TIO0MSI4zsfMTZXUm1ZYlIbLGK6oLDpqTr8WP6CSJqhHtm1sNHbzlWWp2a0n3ykbPcJM5cUs6VYviSDHSRzuS8IlaN5NVva+jxj+Q2MJ7FjUv7QuuVVIyIyOxeRM+YdUipZIADAAAAAAAAAAAAAAAAAAAAzzzni06CmJ3s+imS2+/TodzVi3f+YYDo5NFS0zK4foObrzTsJx4DOWI/cjqM4344WNYbHt14IpchSRIi5d9ibWI+J+psQi46IZU5zDw2qJgiTFVY8gwRCSSTLZAqBpKLS9q7awkcip2A+7Lwdl4Imqsr+MgL/+TWJvat5mexaOnsyuJnUD5uaxc2b5pVLeYpfPRG3iiTXPAR7JmbM6F5wKpToXpDeQ7V24TjFdWCSsXNFybk4VBUO+xZRGzYPc8Gh3UlPh60/KY8AZs5isTxVbuSQhdimn5S19+80Z3urt269cYnH7728fsffP+L7sa10cVFY8rx6ZLtxO1yyJ/Hl8ARxYm3wAL60+QcDof92dk47VwihDi9dv36jRvXblyfJnp2PUnpGROdtOolXs/GI2Yntnj1QORZQ9hwyLAy9J+somASqdmQJ1D+K9BTMAUTiwdSGgcxQQo6+WOXNx3ZoGQwuSluqXt4fExzpTiv1D+Bmv9HBFnJV8QlSytqj/KnlEzqR8euX57N0z6p8Co1llGXZ1Gmf6RWsuhnfD+q2rj2zhAaw6gwu2C1L+t/MgGyQ5b8laAu0P3qZgAAAAAAAAAAAAAAAAAAAMBTh0fc7OP+MNyc59M5DEMWnfTd/mCik+l4iiiNqj3YLNMPuq479m3fxXEVj+vixvXfZkwHMIXzPLHD1PNratOMAAAQAElEQVRJhkvDumJUkCRKmeO90/CNkkJlTFkfIv2vgpMoNie9REJjLBFFEZ1Yph0Jd3oskiXomi/SMc4ZSnI4VtLp5JjsmGUtgatNgKsoUlV+UHE14JLQhU0NMRWxGP+Z1kRLmJ46cekHabgFi8k0GUWg0fh5hFXE07/T+PrSxaH9SLX2xUfP82Ih/NReR2F5UO7z0pNHgVV3EhZKgNWNVZDTuLS0qg9aPeLmR+kuza3D+pG8G6yIqB1G5Ta3h2meoRzOETODLG4ShwjtW5k5mospyaCd7Lpr1269/sqHP/it9z7/5PqLz3c3ro8pnO33MSfi6Hx0TGJSmm+yKHueS/kmTC0/u5vlJilLXfrTk7x1ZQ3dyUlJ8DItiotFJ3xpLQRf4tJLahfuFel1VU7kCdNs5dzKdFYtjLoQowrW0pB/xgMx+zh7fqut9Sn7zDDNGcldNHTxRMdGdSdJ8m1Jq3Jpset055L0O/oHI4qfytxC6NHrE8raK+oQ3VC0j4rupHwbmzaVBDO8ndOLimlKkAWm6pupV/Ji2xr6tTqkKFVcCkNtY/xr3fjy30gKVZBYr/F169e3vzeQvD/yrFkrYhvE9Bx60Hed9sHMmUprJ2vY9LcnilgnSot7ij11O/HPguQEAAAAAAAAAAAAAAAAAADg20OJlOlHyZ2QppjRFK1VI5PhMIZrYfpYbjnZ7cK5uXU0mDUFqF547taxa27fuhnAuZSQYklDoyqLrA6ZxotY8mLwkGUgowaPk1uIiEBDwqqiOCF77T4faoQwNhF9HS+NvebcOhTHMFCnr9wHbcOQy5aIcjoMOXtGDjWzZ6eZSmBPqWPhWg/Fckr1xXl5DlaTlBDapzO4PrsFfzvTxFiqHQqdhUpDo5VQOQlnXU1s1AlNLXoDNy/wl1aVoPNRFYccjlwcPUpja2i6+AA0LgFqbRK4+hqYE4w+Sxt333YYCTNzkbbkYyHdGs520wqSbkgqThAzAokuJ+9hURrFmSlDNirgpaGL6klS0+XycKlxImEXj6gGSvLh9LsbL7/8ykcfvP3ZR69/+P7Nl57nrjs7HKZvO+pDzsNhioXi6EMqZXEBisxS2aNU1rIyiSirw/LpjPuu605OT3cnJ/1u13Wa8IPLFjeOY38ZoUh4GqBiYROCC4S4zsYqPuD1jSaEGoc0HLLoRORimxfPXDDyNjDmGZwXfMzJdEKsX4rTyXSFimB0WrkigmcjtxB2PRbaNqhwLza7j2pjwgMjO2tJKHRpp5PgbWP/H1+gGjkCHzneqM/+/M/7wXeporOr24pqlZptOi9Y2VNS1jR2/bVdf9rtuviIdFYAAAAAAAAAAAAAAAAAAADgKpKDso3oJGQ1yaGbQrY7F53I766vsfwT8UEpxidrYmeB5M1rTk52U1Rr+modd5uCdSe7Zyz3xQPg0fT6ZrkIJDRamiO7Ofw7jFOUN7uP6BDG4qvgShMTneRMOtkoJBJTeUl+ERo0jxPRV6g4QfJlsLjaZKHEqIkzXKux1eR5OLV4J/BcZRJVXmCGJXYhzxxKzChF9DH6O7rvi32buOaDIW99o2LhzUbSxUFcrlfR+qvZR55dsg73cgiLULsmQ+ImuUWkRTmu91iYQVwu+OyOOEaWm0jKG8891HwrqiOi6F430VrL5woBqlqAuBHBqE3NVFjWofR9d+1at7u+O7nx4W//9qsfvvfqu2+e3L7JXRRdVKdGL3keaF/ztpwmS1+4qlzKvF08r54cpp3rsJ92qn63Ozk97fs+iuLE+iGlYKmmqA/hUsYpV4/WcsYnCXGd/jPLk7Lk1uXYlZyGnIUoi06GKGqVdkCPNUBKTiGrmqZ9Z8hDbwOT12TK+1LWMYmNjW5eM98O06SZHKp9okeIyNbqHzk+V+vSKL3uqyJRlUXf/dQG6LK383q8HqBziOliLx72Ya2KvLBakKnK2WZbVfThnJbarutOYnciRmlP6QIDAAAAAAAAAAAAAAAAAAAA94G6XIxjjcftD8M1EZ2EO/njFGIaxrHvJuJ0WSdMEahznE7Ui+IwDF99fWf97Yu73RSi+vqbu63SRZlC1Se7o+Yo3zpEblIil673yCKC7EwwDANnb4dxFE1IjjVHyWihKhMRnVgOiY7c2iQHQE1qQI1HhcQcrVLVgoTsWCAFZ2mLWahoKh8VibjyY85GgLNRS1S9CJvKJHDN3TLPclOtUWKI3hlULEnyBZHa23PX0LwNW3FlPvLV3D1jcYrsMWgei+etyCotik2zk0yu7KnXpfmzy/WrruXLB64lf0pti6T+KBFlL96SooSaxWbqUI14x80i23/k35HV7cIC5VHlUCPn5Bq7093N51959723P/nsnU8/p5Md9V1O7JNFbKMHql1r0spgTFRUmjCTT8yv8WdjHnOml8Nhv59K7ne73UkmxCaGXmqQ3/1lfBjuob+fAHxEDrX+HVrNl2IuROJrlRVrQ06XI0WKRsF7v5lDtSAKNaGM9X5KlqpmulFVapy62EtunU4n3rQ/mQ8Tu6sPLSRVj5Z5nhqvtcjTWlFM822xKzmv5CramLk2RXWmCnUHvGjWqYRutkE9wBzknIhND44KBNuqoiVjqn+U3WIo2QP41sW6F5dBi2R9JZtKVvdIDqAUAAAAAAAAAAAAAAAAAAAAwLcDFYiMM6eTYYordV1X1AJfffVN8ojc6WnOrbPf788rs5tCTjm6HMCDwf6GuSYsGROPQULskuNm+pmYor5UIoiS3SYGtTRRgxMzFJnigBoa5lBFJxruH8UEouhAcuiZOVsgDNkCgS3eKNcwi7qlkWOsFAAl9spN4g+9zGK4ooBhrsYm0XPilNCwTqFShbaALEEOld5p3rgP5s6y6EG6oHsv+q6qQ5hWMpSFxwltlFlyGIVVyFvD8TYO7ZM8EGlRkRxzeyBEcocM7TriOISULSuYypA1xbZPEapbhUpZkjttTDOv7+Ouv/XmW69/8p23P/78nY+/k1jcTaYZPOYMLjFRKgYXruMRiZRnTSIVSVDbdd4ArrqlYCl1zu7e3Z+d5fweXXd67cbJtd1E7DpN6GITr00exPzMmCnZiPoavKxEwaZDVpyIzUkaZbWl4Gmozrs3y0xY94K8G+RVMBSdSpIEO5TnV+xiR5142qTaPtpuzWOQnUgljVESLRLrmJVU8Y+5hzLLfby+nco19/aEvlz5vvqHL54MtWHbX1MrRTxavWyC01+dLC9SpyTdgaE4AQAAAAAAAAAAAAAAAAAA+LbQ9znYOK4cRw6HQewPomYkaC84PTmZfp+dHc4pNrrTSQAPgNkViNxkCtMP6ugwxYnTIO4Og+pRpnCfvWqeXzOPnk3Hc6aI7oHmHh3kspGadEWD/ZZ/hcfDcBAPlWqWUK9lNonF3J2CN8w4lsYBNNNWNIFZjW+KWoV5fWVxC6hR442oqoRpj3gZHOvezTPnB3jXl10Y7G99FphVF6L3kWpvmJZl0LxK1uDusQvaijz8bV10OSWC6AGqMGhd/IaFzTRQSQRM+ebIMeuabrz04q1XXn7niy/e/e5v3XjplTHu0jDkbCMcRZHAomtRwwzVl2imlXl1rY+CfbbH17PqmpGNOoZhf3Y2fXP9xo3p5+TaqS6CehvRNI0XLX96RSfc/G7Octg8f/xGWSm5/7LwZPonUl2QdLQgqvIlW+2ykxTTokwKOqZ5C5r+umTBUShyp3uSxjwaWnOnBVz1VKHdFi9TaqtS03nnTim0EnCU+tb1V/keLWVil4G3WrS6SM7H8tdBcrAFX/82rNHWYNkXonlkpXaHJa8m/9VJ8ncm587KHiuXV+0AAAAAAAAAAAAAAAAAAACAp5pdn8Ov60Q5X371zfb1u36KPY0pDeNRF5MpVrXbiZYFTicPhmkosr6Ez4ZDCjwkySMydazH7LusOCHxNokSK4wWLdRYoko4Qol/qrGFQ43LAGnuBMuAsR+mSg4q/5ALslwgH0SXMsR5hFPizrRSmbhQoHqTlA8zOYjVVMPBca2pcCWKCVPChqYiVUuPYkDARPSQw9ylFy+nUpkpTtJCN8LN7/Or5JlOZ/uREnENXSePoUsomFXhwdrBKkPipjDSsfX6zMFE0ZB0UBMcf/QchO6441zrdDrGPsZdfOWD9z/+4Q9eff+jcHpjDN00CZNkQQrqi5HU4GU6JR3B7mZCM0ecsEjw4mIIkybl3F4HdTc5OT29eft213XXrl3L5kzT9I8zN5Tc+q5xTJEl0jO3c3/zwCLxj5FLmEM03hzNKfWFCbaOqc42LVYyPCVZUyJ3CpJXJw08HlK2MjpEcSOR5F3cqn00YZJVl11q8u2aS0nO5QmVpKtyX7GI1nLGqSSqn6jKBc5+TIMs2WxzUx6Dm/2ijFR4lHCtzvaRmSOTPVVsepaW4qewkkeFup3lJGR1skarIIoGIwvN2v2uqsPquSz2M2sTrumxKFyk3pBLk8jXdPVzXl1JC7FJ5anscg/HKBuA9YGkYnPHKVWFueGNWiGxWdqY9I26GBoNkzpghWkb6GN3Encnsc+bQRahPeRdFwAAAAAAAAAAAAAAAAAAAFxNdjsRnVzaksRsTs7NrXP92ukUJxsak4zLc3GA7dvHGNKd/d39YZ8oe0aMadSsLFHeK8+GJvlHQ+Sas0YT05DEEMVLw+UmQeKGnYkwxD5FSBo6nsKm4n6QxmGqJXhOCHU3kQi8qRiKhIQXagmNVeacGzlhSjCFwjpKS8v38GtmldCWRlU50Mplyhv4bm3i/4Xm4lCC49GfPLipxnqWcQjzhtbwtOa/SeWRU2Bqr2mPNCwbgqss5GNqxBxTY6KEhz2ebyHqlPjiFpmwZ1ZzYM+nU20a3IzA3FFq9Fc8b6RDpCPiTI6T5rVrcdp3KRsdiOJoOuAsHZhuzrOrz1mb4umN63eH/cvvvf36Jx/91u//f+nkGvc9c8eHQZQvY9Y0qK2LyUzITDIk01IgbvwlTJKgYe6iDygPMH112O/P7p4d9mf9bndy7XR3cnJyesrmqJFIJ0VwOx4rzh5fdFjUh9m8PHpAj9Gu4RIxepXSrP0xyMVVeoI2HC/yV0mnpXQoi/4pS0+yKCVrDZJIgGb3hUalVrLPJNaJVUQFpLPJ19XoYotqpCHtq+W3fTo/flS93WS9oTAfVm5YD/dlzmiqsLn2bbYRHWnT8oTtynxBdWs8sVqwFR/WScba0mxQQnBdoq0FkxHGvGH5clFtmI55zqFTdqDZHFOvlD4nVIpd1/eho6rwAQAAAAAAAAAAAAAAAAAAAM8yU3SpdTqZjiWodB4nJ5KYgsPpya49f7a3bDtT+OnaaRam3LlzFu4dFcGkdIl3/r8FDOMwcjoM434cBh6SZdORQKEm0BHFiaki/K11DSjKVf4av9halIhyebGfLbbPoyQrYVGf5BQoaZxF+kMr99B/zKpg0WDydCluEECzm9sreR759Yh1e2nzBv4yWKxR9NFfv6/uvKv1zgAAEABJREFUHjxvjcVH238uFcZVo4tSDItSwmUNqnxIrZRnLgQo3iraz5pEZnbFwnGGLxYctAqVqmHxNDX1iqI40a/mQ2Q6AnuE6l+i98fQjLncF4umKIpagV31kIPMTIlo7GN3ugvXdx9++vmbn3z04ttv8/XrKfZBnC9ylycuMfkkYf1k9jldttWIdaLRXPKhFijs2pvpUxf7cUxfffnl3W++mWLbt5577vT6dVkEUb0YZN6pEGqjP7XAnDXqcHh60+ssaUxdWF1i3PVk41KzpnD3Dkuvkzg2MiqeS09ayLVUwXxKbE2yOWbEotvoZFTmt7Z7waMSlxxjYX3z0LVE7s+zcd5rf9yPfAlqk3TdhEahVjd81c4lPv4EWZCWU2tl162uc5FRAAAAAAAAAAAAAAAAAAAAAN8CTkUdchgGDTRdv36qGpQLuXH92uLM2f7XenDt9GSKOQ3juD8cwuW4dfP6FKviHLqa4lbZpWO/v+y9zzZnh8MUpz877KfYMOesCJawQmwmOvVx6EryHKZCJEuwE9xPojqdsGbFEJsDDqNE66fxSmYWopFp7o5FGM+NnXowt2ui/rQZ4aX5LbQswXLDVA1Efs2+plwpIoYwV2wsgsuLhm16GZyDXx9FY2JFF7uXrHIoWWDIntgj8qG4bfAy6dA9ccGNZLKb2gltn/DRQLFmyVmoAkKYm9bkK1yAoOmP0vSTkihO0vQhnnT9c9dffufNV999+7u/93vdzeup77PTiGZq0mRHWaqSTKWjTjyuVZAG8EJ/U5CKJA+PVJ+lInxIQ37e02vXTk5Pr9+8udvtzKNCVFMuOVmqJqaZk0TqMpV59+7dO19//eyITo7Dx8+oLiflXF3DkG0xZnIfm8kLrw5XtCzlVUH6N3tcUFS1oOWU8SWX8j5zRSQIdRMMYS6q29ykLrdZrBUntvuec/uV6A+1HnI3JMm5tJAskRmfJCryLyJb2+01nP8O9YE6Uz1ekQcEAAAAAAAAAAAAAAAAAAAAjxwNit09s1w5+/1hHB/UYkSjb998c/eca+Td+hqXmiJdpyedHTNPzYDoRNkPwxTvGznlkK5qSjp1p6DiwxGpU+kDxSo6aQspV1athiTWEN0Ja5xxzLmQVORhgoDkwgkrxApY0CoVZvkrxA5j/sr84sO8leWT6yBoPRFryLwJ8bYijxDCMUcBjQs3ddJmyauGRm4vMMUJRa8xNVH40heaikI/qDnKIptHuG+rBR29VhnitTPX8bIqzgv7qpKm7Y15h/AsJ5MFokVM0nc99btpq6A+3njl+be++OTNjz9+9c03dy/cOsijytLO96VpUvFILjQpbiaaVCfEIj2R06vWStod6nOanpxPZ/qZ9o1pAZycnu52u67vu66bP74dlZi3rQuSgHmaJvlh4psvv/r6N7/pv1V5vEzXYyqQoFM3600OB5OJhJxRJUbNfqR+ReoYE8mTHXlRVWDBvit00ybU9+QWVebBFPPi0f1FBW00t9F5vMzWfxGdlNWo397fslxrcUKoiWz0U7iqsMvAjlqTMLcD1m40tkhFmNKJ1DHarhhFtAjhCQAAAAAAAAAAAAAAAAAAwLPPN3fuqshDPxb1yYMwFTLk9+fHc6759ZdftR/v3Ll75lWPSKzTMGRjB6b63jyRx441pimxzJxhh1R0Epaiiupx4sHmoBYHORicBRH5QOLCKdgFnvGEN4KGFmVuXEwsVYeJPfQrTy5j8f7m8kBMrXVCU/AyLKueN/YUxb2jFW/M1SfzFDrBk8gUBYz8Zp5dvXq0xZnS23OHBJebENtsbfp2xlbQ9T7lJk2JRQgS5qITT+lTMtLUGmeagao42ZbghGJnIJqRPCPsghxVThzHMZ3cvv7q+2+/+dknH/7wt3Y3b06T52zk7uSEs5ysn4LOYvBCnsHJRkNL9h6QlEXmqmG1ztogZ4ZhUD8Occ/o+353cnoqlj+mhZhrCSSXlPjseNA/H0/zfTgM+7P92d27Z3fuTsX1Vd50UXc/bcxkUi3Rc2KxqM7yJj0MnGSn9nWiIqC1d1CY6U4a0Yac6YQ8EnmGdHWzKoIMfrI9GVtnDqX1UAoPpgU7ojgJLtm5YKZVtVp4wrhkUXZpW2F1KlnWHObyB4VknU2LsY+xFx1ktdjip3HtAAAAAAAAAAAAAAAAAAAAgPthCsKGh835ipM1DK3JEQ7DgbKkJMsvSI5CMSMJctLixK5GqXqUTBv2YxcsZKFJ9jdJ2ufmaFADyeESqPiDwkLxYfXMDiSG3YR0aZlNJYbNvBZxHfhO84+lYm7kJiUHRGgjyDmRC3n6Fb7MQ0ocmkpGnSrKURmFPHrOGuLBev3iiMlKeHhw80z5p1lpyXQaW83wJEF2Jy1NaLYEMyRJcUR8MhUdU8d5rPrUxWvP33z7i08/+73ffumdt2h3kjM0DWPs+jRkFxjOpjlJM3AQl6baIHFRguSP6WiUn4IIo9I4jtN/04ksOOl2fb+bCO6gQWKqsZoqUYwtglv8hLO7dw/7w91v7t69c2c8HKabnu30OnPjDaaiyMrkZZRUcTKOg8oGOI2SycjsidgXU1tie1AUPSLyof5k13XdcBg0Q5ek14nTmeSKNptHjx3moxKcsHoozQQUZsKoe6vL9TXZ7me2/6zy7xTaanQjt2LuuXY7cOuasFnI2tDFVCai0rKMVuZVo+KjPIK0eETPJKZX7rLipOunRZX1JxwbPSQAAAAAAAAAAAAAAAAAAAAA4MkSO8lYIO4U+e1zzrFA/aqVmKikQNIbiI1BY/yQRDzg0dA0WtgwWlodl2hwSByqowqfZwkSitxEApN+vUYzQ2dmJ4EsWYdIDuSa5LqXZUCyhFmt9jYpR7mg+AFQFbvwvKDNSHGxxGgy7NAsJr+6xWLQGn9PqaQKKgFs8YgJmj2n1EL11hkpPUi0fSkcYpfekOdIamo6VtHCQYREhrAp84peUprmjQxFDNkUI7tZhN3u2nPP3X7t5fd/64v3vvju7vbNeP3a4TBkK5Q+Gx3kJxXBiba0aoHqOLHmurEPuWsbXwwdcfFTGIdxOBx8vKaF0O1OTvpupwKsMB/r9jhGT67DPIqbz2G///qrr/fZ4+QsW3tImc+y6ISr7kohyTM0hqwHSLIPpDQepg4Wpx7VEEyd0vFiLchusijNl1P9mMVA/U5W1zCm3LmdKE7CzIjmUlKvR8rm7lB2mfK73S/C5ViIV/xBfVr7h/OlJN7P999L7bNcWEo1AqrNa5KcRZoXvKxIK9PEbjEvp9hPY07T6pz+QInzVqInPuIAAAAAAAAAAAAAAAAAAAAAAE1VEUpiHfstX3msXqxComZykEBi1g2wyCEkZCymE0kzarDoFORtehdVqG5FpRzlHXii4pexCDdK1e5bIZHkWXvqHV6ufKMGLdmRIlrqhRKJDuV2D5iqYkGi3Z62Rq1STMLS5MFoG2fqhLiRy6LEkb2iJqkLLR7OrisSkvpOv7/iX0PMTSS9dOWGiOU+NSfL27i6hpg/DbVXtuHuBnlearuLVWWUT6RQtTyzm0RNxGMaQ86+0tPJjnbXdteuv/X5dz79nd9++b134/XTO8MYw06S6FjzpsPkMhwuHUN1KoSlSCjoo6QUNGNOdlvgNEyI4qTruiiZW6bffd+ryGnla2L40Gv0PD/mYX+YytnfvXvnq68P+/1wGGx6xWdadBK25oELEVgNPXLCopxbx9JDlV1FN4Uq3EkbYhHt81GmVR6a3Um/Oxmnrh7GiSBn1ZQpqQwpqM6Ln4T7xUL6UHYH3lyXD6j5aGqlskG7y9Aqv8/q4737m2y04XxpS/OAHBbJwxrRSRKbIA5c0iNp6eXWPJo6AWJ24OpyTit1OulkJT8JWxsAAAAAAAAAAAAAAAAAAAAAwIocR+eoocHoUH0lPrJZScivqGoQSkEFG9ktZOScoITdOSSoQkA1LFWIUGUcBQ9GFnVJG332m6hcw/X8DFfGBI1sk6pGvHYVHaRyZXBVh2k4iLwmURukYWlAQPMWW+qeCzwFXCGyEV9WHw5TdUwduSFJaU60UWZaHh3LtnOcjcD0rG1VbqLlc5tGKR69KTZtiy7j8d/ETW8Ql0ws0gfTl7HvQ787uX379Q/ef/PDj9/9zqfXnnsx9d2QqOtPhmE03xTtDFE0sWsYiu7Ec+s06pMQmnM+yeTxNJ/ONGHzXO+63W7XidxEo+AbT9jMB5842XPlcBjufn3n7O7d/d2zLGEZp4UUvTJ+xkUnC1jlZtm7RvaBJCmL3JLGXHzafgyaUYXSaqHYJuKeNNPAqBpomIobh2n0phFrRV55k6oysSslRVi2p+rmHpR2MZoGqrLug8fSKxuPRtQICJdMSygLh0SspEoyKSDpKtaxjXlJ5Z8uCwuz4kT/VhFDdAIAAAAAAAAAAAAAAAAAAADAlaC8Kq+5c8hVGJ5Px0P2ordITRaTbBeRlSZplACz5dLJaAx5JNEi1ICjKkOaWCEtJCaeUicUHYhkUFkrVcTXJOnl4mpCpV36MI3JCBVLkylsnUp2CBEwpJS8Tr+FSruoiGLCsgV67rzYMTfWDuVM81WxLTEFTHV/UTePKpTh2jc2LuXErNgHw1pUfAeCNYBHV49cGCmXJ1K/GRWXpOaWWBQnSf1kpNiu7/MgUHz+jVdf+/jjj77/xevvftCfXj8MeT7xOGZ/A8nKpDWwRKZ53RoqpgrV3sZ6SbQJ4owQp9rHcTwcDqKVyh4nUwNMcdLF4EKiZdlukFNyPAWZ/If9/u6dO3e+zgYn42GgUFwnbEy/XaKTEDwlShglsc6QRMClUpNiadHYKFUhWiue8u4W96R8kB1NVBOUNxtN0SWWNWW7mb7K9ieaZOmiFDOPkfKks4OHITqhSOsVcHFrHrxfZqKZi/pZh5WaTGztHY1sqO6N06csgpRzUVSQefgp9vn0tEjda0utlGb3AgAAAAAAAAAAAAAAAAAAAACeDJJPJMf1omspmtioHZv8QdBQ4ahyk6za4EZu4piDCG+85D57Ib8VnXhkdqapKNKBepsfE7vEJJitCbEZK7RKkRrpbPNCmNlJCZ+W2j11zkwFMm8DB6Zzg7zq1BC23voPRd/hPiLrTC7kT2eVetoJWtlwPBzPBGtJaVTJOpRC6YfLRLVDCNuDHcWKIrhRTFRdzRRV5q7b3Th58d23P/sHv/v2Z9+5+dKLI9Pdu4fQd33shzy9hhItt4atq/EMS8HmgalSyPuSs0BknA7GFEQLkbquOzk9VSWD5txxgRI1c1JLnWkYLDtPSvuzs2++/vruN98c9nsVRk2LYZaXKoRnUnSyIelwWZLLCKZhm3pZvI8kt0611qk7C5VcPEu7HnaHk9z15FYZUZIqacInS4fUiQwl1GmaGxZN93J0vj5SjcJsmbTuIw/J3SRQ69pjSsFu+nXBXQ/1oRvRySVvqBowV28V5QgXJZeK7PxZEofkf5eiZtPpswLNM2aeOs0AABAASURBVOs8pI0PAAAAAAAAAAAAAAAAAAAAAPDg5JglV7MTe4tefE/Ky+ms/8tx3Sm2zllnktMh5HQa+be6ElARQcze5y82Hu1BWLwzHzqWN9s92UYIknyDm4wzGp1cRm+LKUs5MCiNJqTwbzTrhwWkLX5teRpcWFFK9EZuNTU06WOOYhH12pyguYiSWpV4CYmzWCHHXmPrhsCee6Q2aB1lPXb+/HbNGxmKwUkZZzdQ4fokl46Y1wGyiLsOtxzk31F/pijyFECe4sfXX3n+7R9+99Mf/OCF118NJ7uzMU8kPukPh4HSkPNq5FkWLbuT9im7OsQewEU55Ek5PDGTa3pCGsf9fn84G2K3y8l0Tk52u12/23Vdp81O1RRHhokbtY0PvRmciL5qGrJvvv76zldfieIk++5MQ+uypypfuazo5GEZczw0YUPu3DQ/FVm0ZeYjxNMojvqVTBmTjNmK0bRb4yDpdfScq8CshVHGpdOhjCIvCCGYpEg2H9UOiXGNytzG8TAVeVCZQs6EZAoPLgYneW6JMOWcbnikHig030GIQljl1rkPFxa7xdU0JAnPghzM96XiBzS/UZtUJWVBTKKYWnHOei+x7avZ9RK7sCvKWLEsZtWmUVjVWZZPESXlWZH3NZX1xViXlTkUUbPh69hOp7osq6Eup+2KIrHxHab45AAAAAAAAAAAAAAAAAAAAIAnxBS/yZkKwKNHjTGiW2hcNSSsFySTjnmdsOUJkYB9ji6zhjzHcQojJwkd5oifhNmDRv0lEBna9DqXiQaymhQsTha9hkRVuynYSBKltqCtfCcKBImABgtKU/FbkBCmWCxE9b4QAYQER1MIrlIwuUlbr95KGz3EjW0Bh+V79rNPkvcn6yTaFC/WsiRH+syq8cgPF0niydQ0oxiEcFVRaNg3mBMHlxCzXkoXzK4xsfdbE9j1kDHl35K7hkoQ38LK5NmWNMbsygJTgcjpLMPwxDKJ/EFG5i52IkngrOvJweo+UTcwx2unN19+6ZV33nnzs49e/+TD2y++OFU/jIP1SJaZ9KpuChZp1+Q41Qwhp0Wqc0/bJ33LNZjN3nFpDGnIjj59n7Umu5OTvu+DGJZQ1RMVP4bZcOo1U/dO3SEuKeNwOBz2h/3du/qVRe5jnVW6WKZ/+kutgUskLrocW7v5ugGX3fNjk0RF1Vs0l3OopIJbdw92nZgI0tI0hD57k7vQ2Jo1H5pgY1iUSrZeyLaWLCNR/cmYhon93amoaRz12pSqQ0ZwS5R0garj0WoUjg04NRl2LtSdHLuYm8npXUTzKmktq9H91Ja1+RfZFhB9CW20IYawUu/Ixhe5qkzYFUhpeaE1MvpdttdLaxL5Tm4CO90vq0IwFScpnSUx5bUUszSxCJdEl2d7PwAAAAAAAAAAAAAAAAAAAHgyTNHXs/0+gEePhslOdlc024Y6NGTniTYWSDk0mAIPadTwvaTKSKP6cniEN1i2jSIx0fw7MwFEG0JdHJhTwbI9do3KdGhhM1JMKfQyXubB0aQcqhFJXljIgcxGcWKNmGdOsd9H1RutPGBmARCKZ4D6L8SqjCkt9jf6U40cT+1MxSiiNMqbFL1RVXRS69vgQpVP8gLL/Um0BGyjJvYH2lbNeGFCAFLZ1MK3IdoThiRPxF1jbaOds+uyIwOb3CCLR/aHw3Td7vatF995683PP/vkh9+//erLh5D22rTYi8+Jx69ZA9LU2DWQmZeossemWRE6qRUKqVBGn2vMSoVh+rbf7XKajn763dmEaZ6mjOYiYu8zKuaZPwyH/V5/Tz9pHGXVxCIsKpO7qHqemfQ6RdVhtiUb5Klj5jwpqBhkzGeykGmmcjJBm6p02ExKtjYBk1Wo+CUP5OGQx5LiTjxqdKmM45i1ky71eYoUCAsDKN4yFKo7mnkScaheRGYDE+balMtoihrbk2JHdDHevJINh6uWzg6K7IrOKSWc2zB9Itv41ekkUBd81shfBVKfFbFAAgAAAAAAAAAAAAAAAAAAAE+QG9dPs+ikGjiAR4WqDG5cvxauAF999dV//a//9fd///frqfZ9cVKPC/2fqUxYLDCKsUBwExRF0zRQ8GQKtLQ5oVWenfoVVwUINe/H0/xe2nr5v4ZiPWjL5miSm8ua8SfMorDNm/txVVXwF+/DORQRSdGu+Nv5/qa+Wa0sqssB0hJ8Z65R8qqxWHLBqnzwRZtFOdZy6SoTeVwYtSaTkQQ1PDGPApkTJh4Q8QH1IQ77se+yp8gwcjzd9deu3XzpxVc//vDdzz577b33b73wwpDvjSUHi8yI1PjluEBH/CzqcPtEauUKjXFGtidJowhODofpmtPr109OT+SqaA4dPoXaB6sJldRuQeb7FOOeqh72h8zZWRadHA7Tb72367pkmUZMHVELeYZEJzPULWe5VIp6SZNuiSmSfgjqrmELvKrAZiU2qVKKwim5s4ooS6byRlGYRfW90Yw/nnqm+HnQudl1wuVUGY+WhcTkIrGY0U6suRTPpB6+E21UF9qcNxz4EnscbXcjBxudstfdc3+2OYH0r4mtOC+1anGkGTreneZcqlPnyY8jAAAAAAAAAAAAAAAAAAAAeO65W7/89ZdP06vhTy0kobWpw8OT5ssvv/zpT3/6B3/wB63oRAUjSd+Zz/IDDdmPIjthe6c8J0fwF+Mt0U1o/TnmBxuKk7C4p6EKVubRaE97QkfjizUAWYwAWB+ivvlfFB6tsUVrvbAsNM0r2F4hze3bSpWanEQeztQYi1ovyrPx2KESBa4x4BrQl7QXetZ8WIhTkQoVhxi9Ng6HKVi8C3GX59Qu7l54/rUP333z8++8/cmnt156ibrdPkkGHRMPkciXalc20pMqjWs8clzhId9NdF2XZQliSTIdDKIS6fv+5Nq1a9evdX2fRSRtNqfjW1/rfzM1cTiYu0lOryNVNJcGUaXM5EZlnTw7ohNPyxIaN4vynXWlK4BSzn3EugaTJ3M5Uqb66vhydTWDbQdleUzDKf/SNIruI0RrxRAFupxxxxNedby17DelJ1VMp7oru5GpYUvMd27tpQ0XGMNQc/nsNKfjm+elmTXaq2qfQpK85cw9UXKQqehEr6PA+P8tAAAAAAAAAAAAAAAAAAAAVwHXQCB682hhjyc+d/tmeKL85je/+eM//uOf/exnf/AHf9Ce14wG5mMS8oxIYiygqV+CKwGoiYvKO+gaaT6vxu1AanMci2KhBJpDWOc4WZjxzLJS1KsakcLqZPPFRlR6Vvz8/otEJ6QJidoSkpmHtCfJMtdwreGq6U0EU3i0HxU2LcncGUYHjjRDUHGyIE1+k2IMsR9D6m/cePX9N9/57uevffjei2++fnrrhUGkIdMARjIJgU4pjac3BjAmFzoaU59PlWkOD7lYM+Xpd/2169enn9h1qdr0uEKCltH6Mv24+TgcDvuzs8N+ryWrN48mfmrsIxa9Yt30tIpO2F1v9BN7vqCZJsA+pLJERPYhIqBsdZKTc8VQpA0LVZr61ViumFFUPNlVhqJmUdEy9eLpVL4gp1WJkl2ln2jVGNNxSpY66+pTc9NQs+U5pFnLVtM9pWoqYmKT6PqmfMY6kFZdoHXJbDUnmtDsQ3wvfabCIy2hyF9KA9fXF5eqRSnTpd0RhU091t+SRyum0EVzkpIJlqjMxiu5iQIAAAAAAAAAAAAAAAAAAHx7uHZ68tztm7/58usAHiUaPnv+uVunluDjyfDrX//6pz/96c9+9rPp+JVXXmm/ckeTKZo35nQYVN6qz7lFLA7qtKFe2tKC+OFWVNFjnFVr4qKRRUG1Ov/W3vYPYZb/het5jUe2F4cwT3CzaVtSny2qTQPVKmPbDHInj0W01atu/AtUupCfreahaNUv1kq9Ls0aNUXP78G04H5ompEfUA0sorRX4/6z2lObRSk3VHtpCgSTF6Z5dWhknSdRlECUM89cP9ndvH7tuZtvffrxm9PPRx92pyf7IeWsXlm20VOI6mHBqc4cs2CoI9dIYFxspCF7mZhkRjzMhzQeDgdOqcv2Jqe7qQVxtzs5yRlwOJm0hTx3TitACUvvCT0/SoqYLDcR05Sw8JNofCIssk81Z9OVSa/zAF46vs45VLFCa1siTiRkCa3cZUhlS9MqyroT6bLiXBIXJbuDR3DdVvU60p6NjYFSslHXxDqmOFElUbjyzBZ/41yiZ6iR73FohCO6Ik3o0SyDaaKJ6QfPFvOs8DBXCHmNQVxKGv2Kf1ukWGFLhlLb7CmU9LRstcnnRqlIF6YJhpoSrBlxrvOqJXMqGk0VykgardBR3IngKJKJTtRUR2cmPQ0TAAAAAAAAAAAAAAAAAAAA4Bnmg/ff+v//n3/yVITtnmqmENkH778dnhy/+tWv/viP//i///f/Ph3/4R/+4T/8h/+w/XZIKjrJWXVSdp+Qs20MlDRcb1qTcuNCfVJDpxa8LLoEgyxM3ZwJF6N2JtO9+W1/y8QxC7byLIIaVi/hL+F5A4r5CNdHUKuHJr5eLVU2c/00DaB5CJZqO7WxJSYcGpFMeGB4rsbZghbal60LZkWmGhyn5qdWSUHjwJTT7lBUP4quP+EuTvdef/H5Vz58763vfPzWxx9Ox/Fkx2EKH+frx2FMh3HqK3NwKDHx0GhZ5sO6emCOXTfFogdB5m7Wr0gD+pPT0+lfEneMRYg/NPOW2xxM9bEtyJ61JvvDKIVbOxY6gXmUnz0mX4p6zKIT2tQLhHuHOdWHyqiwIFGzKHxum3OGykCm32MaNAtRSNWsJlIrglgpfSg0yWL83LYgKBblkXvXLIfkKsNOuLDB0huqJAmy98XZN2Yz4/I+W6I8E+SpJm82xdkUIvNZ68WGVZOqKEQNToKoEi2nT3LR32IV2ce49MKSWdUIieoQh6I7USkTi/dWFifuYjf9dNMBUafCJZGbTF3yFIw3AAAAAAAAAAAAAAAAAADAt4DTk5MP33/7T//sL/MHnqVBAA8IN9kLPv7wnZPdE3M9+NWvfvWTn/zkf/yP/zEd/+t//a+n48UF++HQvh7PJXqdhQRVgaLxxxIrXERO5fV0zYnhjiA1pFyhxcetwCuvP0ZKasUiGSS4iUS3UdZjxhVr6IgDCmuGF7mE65WUXEzjXTFrZJvXh0vmipp3xL7VkK0ZbHCJJy8aRlutvXhVZluJcy9QO4njAhcbYv2wEu6Y4qSIb2QIKGaVwTTekULMB33HXeTd7uTm9edefvnD3/vB6x9/+Pyrr3Qnu1EfX2UI6tzA2kXipVGT6dA8pRGH0lfNg5TjHPkex2J4kT1OdpkYOxGdzKQhxdCBtwqsQXnxWxizx8lh2O9NcdIkfjI/Dqrl1vaoIYwZUfDTml5HafQE3Ix7qAdUNwoZNJH+HIap16beC2GM+bLOF4Ra0yx6Xz+ULcOcdlrTJDZNS5YUmeEFdWXGXH7NPymo+a20TXV7l/aM7rzBVlkaReeh3h9Nocs9gUMrm5tujitlAAAQAElEQVRXx7M23GdHsWmPNEOOLKfAF5ZGzbNFcayhBtfABB3foLujl9p1cdefdFNfpBSz+kSNbloxHwAAAAAAAAAAAAAAAAAAAHjyvPzS88Mw/K+//HnwyOtT8cb41Yf8pe733nnjxReeC0+IX/7ylz/5yU/+5E/+ZDr+oz/6ox/96Efra/bDnsQUQgxNSCJ7Hku2ICYVxYneYt4jwb4s1+aH9qwl88D+6iDoC/fJD5trJWFHOcmaE0VffndtjGs2mlK51ZJo5oW2BWZD4XFySWtDoUZy9SxrANiSQ+hlwXKIaBFWR2k50cL7JNaWbQlI7jvm+0gQRY89ZWU6M2btBHVZISLmH/XynGFHzAZinM5nxQl105VTUJhPTrkPt199+ZX33v7ot77/5qcfnTx/c/oqZ73Zj8l0OLmMpBI3KTelVlay6pxNLQFlj5RD1jaM00F2N8lmCN3u9PTk5GShNRHjkpDYFC0l9cfCWcPsH7J+JYxjGhrFSZBwOc/nW2lXkbMosYtisJJX09MtOlFDixBaT5ijIoOsskqcpj8mh8M4ZqcTEmkCUZg5IdX7q2qsDEKc7ynMYS7PEM3JtqitNPbpQ3Ucy+lYoFCFV6rbIZrJsuyiMO/LML+gLW62pkwFEu65yfWDLKrmfDznzkgbYhn/1Qy2XNl3fT9tLEm2ZEsrpLl3sgIR/08FAAAAAAAAAAAAAAAAAADg6vD6ay9fu3b6J3/6F1OEFXGcB8HSAphiI8fhP/7o3eefuxWeEL/4xS9+8pOf/M//+T+n4x/96Ed/9Ed/tHlZTt0QxWVAdSczJL2Ox43VaEQDyG2mhFDe5yfJfMChnFG/l7mopB6sFQXsUVH9JlWZh8YaedG4ttTNmGtzgb10XwUOFwWpS1hbH6jmE5E37dWS46oaLDwQU2TfZAasQg3y3DfRZT85AszZuaCTgDDtblzbPXf79quvfPLbP3jl3bdfeOPVu2k4+/qbLnRZsZGi6BWyhoN14FSgtLQssBh6m7UjFDVRsRthHoaBVREyLbSuizk4naUnovsQtVDKxhuaKcYvVHOS0Lr1RLnYkkuNo1inpGEYx8OwcEapx/6/NVEbIUzXP92ik8uinZHVOmmcei6NIbtW5J6MNZ+WeXfYDSpl0jHWMW1Su7gHhl7LNVtL7ER1oDKfJrnXUrHwxFgLR+7DfyVpNiJXMwXVnBA14priBNNotY5pblSM05rxHOH83bMWZnl8covMqkjOu45s5iI1E3Vt6Ml8IJnr3wyu9k/6l2fqjT52fU7fNaouskwbAAAAAAAAAAAAAAAAAAAAcHV4/rlbv/XFJ3/25//3r3/zVQD3S3EGCdKlH7z/1sluF54Qf//3f/+Tn/zkT//0T6fjH//4x//m3/ybY1fmmH0k9WdYfscW4IwivIiNU0cMoVWokGeXWYoIeJHLZvHt6r13MoMDFTl4eZKMpYlAa6h5HuC1oGzzYfEoPLuWG7+AWZy0GJxYb6hQojRVpSZmjDGF0rvw9BNXHhZVWeT90GqFpp9o0edp3pyedNevv/ruO69/9OHrH04/76eexhh76rO8YBiHFNwqQ1U/idQrhXk9I7QKOhYczwqSpJYk04Tt+2yGkOcthdh1cjpFKSBXnTOTLOYYubPELBnTmA06DtN/uXCxZCmShiMH1QREV414nHRR6VQd8ayITjaUE5Sq+MCUOKYemMZ76r5sc2ICgemayMUPKV8+loKtsCLViG6atJqR2rWUvXdM+1MEGW0jnwrVJC1SCLmEyc/LORVi+Hbb+vOopmppJ9VkBltXt0oo1fjEeDn31nFi/CNak9SIDsN29aWJW7TONynnVzJ1n6wgUl1YpFg2cO+GjcxbAAAAAAAAAAAAAAAAAAAA4Mlystt9+sn7X371zZdffvXV13fOzvb7w1CyS4ALmSJjJ7v+9PTk1s3rt2/fun3rRnhy/N3f/d2Pf/zjP/uzP5uOf/rTn/7hH/7hORfvTk7I3yoPVUri+RxEcaL5DdpUDoFCG7andVy6hDJdQdIyK6qcURcD/4JL4ZHaq72dNStMDDWM27pTrEmL1++b7A7+LBrtjtV1I5A/B5EHOpt8I/btdt6I+oHWJ68CpaN4mbJjTo0sqzVIlimFSLub11/98N3XP/zgvc+/+8Ibr5/cvHkIYdo8ssnFoEYIUXMW8Zjy1JKMOlZgkfFw6Rw9SE3bZOaFmISmPdRP7DKhSc8hF6kkKHAzmVQaEm2C1KESf5NxP3F2Nh1Z0cF0JOs+SMmr0tkQNRuVZH4xXQSVeXgp0cnDVEk8pBg8uY2PfWxUC6YdMoWXr4Ta2ToEqpfITjgmDaPiW1ITU6myJOsJuAyKrK9mMbM7nqgozpZ21gSNKnoIplNrM7w8wTUm6ZxmW1M5H+zxi7lLEViJWkTFbqbM4lDcP0RuJ/K2uh9lQUawm4suUIeMxXMklm+DCazUoGksux3NsxOx2RlVGdCs+SQyI/sy+QOx7crqQGU7IzVVsw+ODjo3xZlbkEyVZOJGa5gsdwo5X1aW9KmqKS+7breLpLNxrCmzIDsBAAAAAAAAAAAAAAAAAAC4Yty+dePJqiXAg9MqTv7dv/t3/+pf/avzr+9iR1k0IpoAD/xToy2R9+xDid9r4NLTWqh44GjoL9EyiQo3epMU5kqH4kZiQUiL0nIKrUylmBrE0CaYsK+ZW4UEh/aaJguFZY+xf6NXGiyMKYHg9UNVcw4q6XXMcGHr4hCKrYBbA8x0AQ/rXf3WtWXW1DnEPIv8ztU2pckSMI41eh9FrKEGJ/30HJE67mN3enLjuVsvvffOx7/9g/c++6y7eXOkeJbDyNzv+jSmKKILyYiUTBUguW48gYbnOkrbsou2/WphMo5Dbk3MmWtOTk+6rDqZ2hGlqBylJ1WmDKOOK4k/RIzT7JluyWlLuIy6O9VMZY6HYRyGULK1SDeVsLvG4tVeRTM8aedN9ebY+LR4srWJCU/kLirzuL+U8cbDMufgh6a3OHdOylRn8aOIOnjJ7shSgCHxmESSFHLuJRZ5BFeFERcVQlClzvRbpoh0YGfCi9zLOhKSYcv8ZKRMGY6sOAizOW+rXhRiWtx9PNo9046vzhMf+6R1yXww1xZWW5hG5CG3STqdrFxS5VyWR405z1MI6g+Ub42ajErzDmlNIsSLRdxhvZGSKDZS9WVi846SlEZJt2Li1unEe6bNrpcr6hrpTJpaNS1A/S5l8QqXu+uWXRUnvpZsOZhIyHss2QKTtgUTJkXybWJ62sgqJJzq3UkvpNjv8t8pOSbT4ozd2psLAAAAAAAAAAAAAAAAAAAAAPBg/O3f/u2Pf/zjP//zP5+O//2///f/4l/8iwtviRLfoxyYpzTmOOMsVl6dG+qr88siSuCy+WqKE7NpVkrAWd/Zt8C/xI9nYXILxVbDFU6iN/GMJtRKT8j9RbQcE44UrUDUmxKRh8RLTamxQ5gCmVZ1LDoYbV414qjRfNerUBNRLV+sw9m0KCnf1VmFpScfRtiUNqPpvPowhapnTjLm6tJqiWIOe7uOQIQ9Ih6Q0DnF3W4akG63O33x1hsfffDup5++8cEHt197JZyenokPifgfkMS3xRMkC3fM78AMG0Lj+aLfhLBWzJTQvBxODVDzDHM3kQw23fRfaXaSiHmeYOZWYuok1YPo1MtTJc+KkLIsIqnHCbuaxIQN1qrq+6CpfMytQaxW1NSEVGbSRc2qUwxOrHI5fEbS66wwaw45tq6xbksqy7Fho7gxsiUzzjSRtJ9UsyP7j6nFWHckkVaQiuG8f1X1I8OTQiB+uCqSB8T3EvtExy90X5dzZElVIbVMjkO6Gs1upl3oWTs48zDxnbvZH3h+y73R7oOXwBQnzf1NXitrGdljLm/VvccVfrIzd40OkEyVeJXGHwAAAAAAAAAAAAAAAAAAAICnnb/5m7/50Y9+9Bd/8RfT8X/4D//hn//zf7552Tzwp8oAfWed9NXxWRx0Kyh6LNDXJpWIcxcNlSKoUoOPhWU1jijfjrwwKFk0aZ7rp0ZDmUxCYd+nmR6EZvoQCprqg5tGNs92TjiTw/GA8tVl6pSRisgleSahRkJAWaVjohxiDfsz7ahPIaYudjeu33zpuWvP3f7oh1+8+f4HL73x2tjFOzyENF3VeZS8qjRqEqJGdsMmtaGid5m1sSRyCSXBSG7e7uQkxijWJl0J1tecOzl7T1BNiFbj1XWat0S8JCiLmMYxi00mBksf1maVqlY7zFY4m6IlFy1VSxYd85iI5m6yzbMqOqlIN43TtArZh2af0iGlIcZEoj0qbkiLW/wk68xTW5RQFRglH1exOsqSlGCzh5oEPbPUP1cBZt6cDtxuQpfwtinSnOXTuf8TmbkSu0ZP7yqFk2mBiLwfw6PrqHVenlhEQrYnzP7qxJL4xwV9ojHKGpPYPKjrCiOpOK2oaXybTomfxn0YAAAAAAAAAAAAAAAAAAAAgKvJX//1X//oRz/6y7/8y+n4P/7H//jP/tk/27zsZz/72X/7b//tH/2jf1TOzC0a4kaiGF78uzxui6qiAQsczwqwxCoSjFbvCirxR79SDVHkff4g4pI4DzfWtgaXkLBIKDQOK14bvGwzm9aEJJ+FxWrNIqVt4WVenCe65IUrTCHRWA08tvQQORkHUyu/0W7VBrmuR7J3ZJOa7C+RRyeLLuIwnez73Y1rz7/5yhuff/LWJx+9+52POMaRaMwajC4LPnjMWoAkMh9RBvAse5LhSUb0Q1jrTnKdollhaZPqS/pdxv1FPN9NuczmTJsbxIief0OvFCcOVsWJ2pyUMHlxNFGRin6r46VVZHMVMTVR6UlojCqOqQieadFJ9dMQB5gk/TUeOA20NfD1vjpMbAlz7J+ZTC2PTV7Ikm4l2ExwERJfKaFJ5fxWPbA+gnW15DnqPaAJuhZeJqsKXQDSfEUP3JrjLApPR7qFTfiWRBGmN8bp4zQbOpWliRRF50dUZ5N1IVdzJgAAAAAAAAAAAAAAAAAAAADwtPHzn//8xz/+sSpO/tN/+k//9J/+083Lfvazn/3kJz/5l//yX66+ofqyfBV4zEKH7LqNVO7Q883FrAFQU5Q0niHU2FaEWbqZ1vOEefbevihONLHOhjajlYkUiw0/w2GpCiHPK2Hv1DdFUPusRBfqQPgSZy4s4cm8oe9+HnacqjdNozsSvxNzQaGOdv2127dvvPjcKx++//4X333x7TeuPXdr7LvkV3C2GOGUso+IiIlSI21pe4bc2cClSB42b3FxSNZ/5DQ2IvXY7XZd3y9S3rSKkJpno0wksSGpBar5SmqOlzO86lfGMQ2Hg1ozqHKFPKFP58l0eGEXtMUzKzpR8wwRKKluYOrTYUz7MR2yhiDqavNpFtx7o1pvyGfpR8lvFUVTYFKssgHJOAUdgKnXde6q/0wjbbtCCVb4Hs8L2j/Sl7p8QvF5se/J1iq7BkO1cnX+kSrtSnUlih6hNgAAEABJREFUnVgV+z0pbcb5K6Tdw5NenRUnUbVvoQvTFpA/ZtFJ1xWDG247CKITAAAAAAAAAAAAAAAAAAAAAB6Yn//85z/60Y/+6q/+ajr+z//5P/+Tf/JPNi9TxcmXX365OG/uI3rMpksQlslvmgPeEBbwIryqsdTZ+/VFjiLvtlNbgwSk1QjDjUrI8t9shBXXTSuh6uZZZhdL/JqtSAvlFtcN8uY/JOuR1ETbrwry3I0SSAxJyoeg4h6J9ybRkeRI741rJ8/dePPzT9/57qevvffuS2+8MSYe89eSJynEqZPHKRw+jiosctVQrSFowSV9TyP0aYetVRGoomQarK7r+r7v5J/iKaIeJ5ohJ7iyhFS+4D4opTSTKKhOwZ1RuMmqY5Um0bmYD00YDsM4DCoxUWnE1ADNqtO6m1AjcNkUoFxF0clDUR+oC01KbHlT0jANCI/DdBCCGFfkgU1ZNlBu0X98xEnzHdkmQCUpTFDZEJlmYvpfpxfKMBfFSdv1YSZlu0JLTtvJ5+piisyOzcql3S1tzwqtOItovbNIIa6z89kvo9POy/nefJFgyqd1VXU1ZlSza+bXb5j/TOM3ekva89lSiczuSoV4pHl5stQtWMol+UuRV6EpBj2nULg6WiMAAAAAAAAAAAAAAAAAAAAAnm7+9//+3//23/7b6fd0/F/+y3/5x//4H29eVhQnUxT/+9///vzL6n6h0VyVImiiEXZfDnbpRlgadSzfq9dTowg4Unvd/8Pen8batmXnYdgYc6219z7nNu++vjqy6rGKNIuiGNkqwIGRRDQlE1QkKIKgPwkgKEaAVIm/EviPIIhQE4mggPhHYv8woiBBgCAwnMYQHAUG4jhBEieODFgBLJNQT4qkQRbJet295+y911pzeI52zrX3Pvee+96rV6/Ka9arc3ez9lqzHXM03/wGGd6DsR0SUDayiohFCxilhjIVhwKnlBJkOJmTj7wp5FASJ1gI4IOGfzM4nUoTk600GS+OZaLXLd7hWUhXg7CfRgT8PPILLfHMoloW3IYMbSdH0F/6OlHXMwsF0Obhgyeff+vxF97+F/7ln37w+qv7I7N/lGhwiQJPowI4JsEdUJJouXEVRAi8rVKQLxiqp2WXoUVcm9EjHGQupd9smOOk69pbKd5kmhjnoLcQcEhHGq9uWm1penJ26Al5ahYFAgR3D9QL0GAUBnkZBomBYy+gk9qRDTHOc6gWfgCZThQlon0EMo/Ash2NU5kUeRbmEs1ahG1uK89iZHmwOmWhYb6TbiEk/BflViYdEJRcpgUTVaQPKaTJpcZnDImQG8TJApBBGCAZZdOpTCWk0Asn8AGH4mDHayNhOxFPnmY3MEIh+Sg71GwpJk5E6gILImNnq9Y6dYEIW/IXQXtbAYLhwBix5Am77l4gaNDDtpPKbUo7SwsVaCJ5dqhMAKZS8hRLenXpCUpllsBa1rKWtaxlLWtZy1rWspa1rGUta1nLWtaylrWsZS1rWcta1rKWj1x+8zd/85vf/OZv/dZvldd//s//+T/9p//0xctaxMnf+Bt/4xvf+Eb7bbZwsMBNFFDhEUimktBPABomAY2ZRpqdjoz6QIudkC8R/Dne+wtCixjObQy0/qwm8WlKCkYUCaXm81P69sgmskr6KKz4FLpA8oANesAjufRCpEhLifJyIc8mLYtxcnwi2SGYeqRtC1zIpyFxfyqtFOQPA34MASQ4AgFkMKtALlNku90+fPDwtVe+8OM/9tWf+skvfu2rHzx7llMatt00ZcuTpP9y5yaDLBGl+vBl+FvxHfH9kk1myXFCXZf6oUStGbCh0JO4RXCcKJTEmEjQkq5gE4uv+IRy4cw/cdRL5cjgcLzG5QXFwj0ANksYYiI3B4GexFNOi0II7sIAlPvAD2JxcBDZSuA3ZVgmollAW5E9aYHniiKYCZ6JTh2TlOECQvrI/CGDZWBigEpvcCahq9H7IHzmICb3LWciRtYULYA6+jkESxOEdD75KXjGsArc4m6iFvKmH8Tsb//SJ9yH+HyonQHHou7NP0Z+I+8Yg0PYI6dVUn4h/jSToyH1ehVAcNgftrstrGUta1nLWtaylrWsZS1rWcta1rKWtaxlLWtZy1rWspa1rGUta3nJ8hu/8Rvf+ta3FHHyF/7CX/hTf+pPXbzsBHHyh/7QH2q/vb3dZwueo+IOEJcZHs5LMJ9gIAZQ0Az2UrPjBE6F/D6zAUqwzarSgFpOHxnPyfEhEizO2dfbNOHZuBvmJtuLPOk0rwosoDJaXgpHolQLLxG4XeaX+K6Ws1qRsL6Uv4zeQMxMqJCJ+QRIvuq32+Fq9+qXPve5r73zzk98/e0v//Dw8MHtNDP9Cf8KKfKYCIlN7esFjQI44Ylejo5ugYshaSN1EPKL0jdJUuoo2QnfLTPMhCenwE2UkoQBLp2Gow3w0Sa7qYiTfBpRj+Q78zTN02xX8yNy3EQS9TDHiWJN4s6n5Tn5SfyxP4igkxZCxggw4YfJ0oV5AqrfwAKvFlRGKh80YY6OH6dPAQdeWGIdT78UIwIVSaRff5fXznet4Mka4DanuxrUSsqLE24B9DPs12LOV6oUe0sIFXEC8OI8O/csREtCF6365WV44bfBfJRAUEgx8Ilz6zhFkyIejdVGoHb88oN3P3jz82+e07esZS1rWcta1rKWtaxlLWtZy1rWspa1rGUta1nLWtaylrWsZS1reU75jd/4jW9+85u//du/XV7/xb/4F//kn/yTFy97DuJEI3e/83vvZqyAAKyJDu4s9Xy8s0l4/JKgAWDMTGew+BmdATzoLEqI+itqrqQ2wI/BorG4AVcclx86zwK1F6eLrYE2LAsvVfClfnRGP/JiWpX7F3pubJc7NQMKrQ3mhMI4UcL9wniS0mbT77avvv32ky+8/bU/+Ac+985XXn37zdvjeJgkj01moEAW/gmvcdI4sUWWsxKogA2Okl+cPh/PQCfCW0E59YYg6XpLrANN6p0Ss56OR4UcKFYh/p6Qu4AnytFRz0qM4RwncRkjTjgZzBgIFQS/rWX26c7v/8JSfqKPNhzLPP8Agk4a7g0yjANNpbGSxEgTW1EdaTz/HQhgSfEBXZDeuDghcEIOxiIp6MBADC0jxksv089qCX4X9Bmv7FDKG5Tbdt5zLjKmp6E5QYie++52Wc1wZCUxmdLik+cNm7RfRYpk1RECnISpBX1pbh3PxsOzLQkI6f13P3zz82/Oc+77DtaylrWsZS1rWcta1rKWtaxlLWtZy1rWspa1rGUta1nLWtaylrXco/z6r//6N7/5zW9/+9slDPcLv/ALf+JP/ImLlz2f46RE3oFBJ+8RSvjOEAT34PkgWCBTKs9HBmrQG8xfsCDAuASKSGf39lj1ArCCdn/lVKmVTM3ndmkDBKH27p6v4xMp51iT56FPaEEEorweSA09yydb7kafoIICFA2UUwflvw4219evfuHzr//wl77y4z/+ua/8cLreQZfef/p0PM4cAU6dIDeMRSFAPhpDNl4bFKjHAuLTYgy0VsqwsKipolRQs9iUmLGgT8D7UbhN5olZSSZlT0heFJlQSq7gFooUPOA/BwW2WDIdUkiK5dPxDzmFS3lsZ0Vi3casAc+J9dMp94TBWeaZazXP4zj+YKbXgTrDSClOpItnBRmg4SeUDYca5IQBAljYKMKoSy0NBzV3ttFNnZFdMJgoPofvx4KRuOwFDTC6nni/IPA4hUHRc551nkvsu4Q7aXKGpQrjOkWcWHk+H4n+khekEB8J9iy4pMrEOcWU8LwD+mf/9De/9hM/cjgc+/4K1rKWtaxlLWtZy1rWspa1rGUta1nLWtaylrWsZS1rWcta1rKWtbyo/Nqv/dq3vvWt3/md3ynBu7/0l/7SH//jf/ziZc9HnJRyOI7l7y//g1+ds8Yj6QTmoVF1z89g0BLU9Cxt9gyKb04LkpGdIFSoyvMzY1TWleajyNyg7/RFriFUjGuWuJKPSl9y3/LiMO5J+Jjou1STy088+YSyIAFsGDjq3+92r37+7Te/+uUf+vpPfP6r71w9eQW77vbZM+ESwNQPAvgYhcWE75IcUsDB4ay3sRxLhhawZ94XGSBkBqlnuEnfScYcw4LIzBM6krG8TZLppmUfiWQ6bTOFawMU7aB0DySAiCxpeeZpUtgJCeIEhJtEA9yarEfy6TDLCWCCe1NL2LOJykPG43ESfIze7QcTdKLANJkTWVotfcpJdiKHEmKTT8cxKGDSw6BDg6JJGKmQTS44cxIYXwpCpbqg3MCLXgQI+t4XDHKXFjECdwHfEi5/eOdNX1gE7HEnoC0JWcj9ShDLQLO0GV+2/F6vCS4SFBjai1PqtGUxjqSDzms9WSomsCVtuLWybnHO6BxY+Pf+k1/5mT/237zdHx88WEEna1nLWtaylrWsZS1rWcta1rKWtaxlLWtZy1rWspa1rGUta1nLC8qv/uqvfutb3/rd3/3dEo77y3/5L/+xP/bHLl72QsRJKfv9ofz9f/x//67iOABaEIfwhLR5GbBe0L4lggj+SWQw+3doGVjinkxX4NCQZZARoAZICS5QATQsJtAEc2t9g3WCKtXKp4A48ZsTNnQvEMwrnzTi5LRfbDjQM47Q4jsH95BmpPAvGOXBf/ouDcOTz7/1jZ/72S//xNf7hw9hOzy93Y/724Fz7ih7RZ5nBnxM8+zgo05vizma4/3eVCpwIcQJMOg5gfQSWx42m34YFIoAkh8naEimeSov+q7XdCt6gT3mHFtjiBPE2lxUcESes9KlyCBMWpkgTRHMSWdZTpL2ZsW1wB3sDJiCwcXKNI5BytLvdpvt9vsXdILNumwADLzMhNREpnueialo8sSfKNqH+4n5KQxrxr9mnIMl3gHFEvQMx8HE0CK7fzOWkl5nFo6aTjhnuGenSdh5NNfSKWtQ+1swJNGdheCjr8OTSYBL1hKZ5ykrJYs+ivtD4FuWH0jWni6MKjFBVlNNGiTQGpakZdYaVI+oY4COIVZOuIL86coEw72volGopeik/hRjtCyM9mreZutnRo+gENpITSbFrSlPktywUwBaJmuREJQwWRAJ+kVJUOQrJinhJqTsWZQyOC7JaJOUhCmqpHAwzhaEynUilEpYwYXar0S/8nf/Yemr47Esv3nNsLOWtaxlLWtZy1rWspa1rGUta1nLWtaylrWsZS1rWcta1rKWtTynBOKkhAj/yl/5K3/0j/7Ri5fdB3FSwnPH41TidP/x3/l74GFSDdlXKIcdirez61o0gwazGgR/hkaZa6Aa/Xy/BUhrXLlETumExCRT/c3lctdXSG2eHdBwZVx8AZQgcUx4UTmHF5zdSt/mJvyrAeFcoTOUDT9TgQvaK8l/0PmtA8mDd72InDa0IBeotCJ8W8Z3cLAYBRCCEjceNttx5PB96fkSuefQcp+63fbqlUev/9CXvvL7ft8Xv/q1R2++mfvuMM/0LJcA/4AdI8ZpbPUAABAASURBVE0k5swPThJGnykoRrJyUoAy0BBNWfEeIJluygfKRyLjUYeELNGKBoojS86gQWrtFca5GG9GVvAJE6ukZCCSdhLmnJzpxFLqcJO7eK0VmiduSJ5yecH/zZQ6StiD4YHK3bvU9fwIqc3F0T+fCUayInQsJBAZ5eAoL7quG4ZBM/Uw9AS+bwo973MF3WDAa+wrEoCQ8MjMZJgf78RK72EfBFZACG06B4kpn5KNpUFCyLNPSRIefVaG/Engtj7NYoCSSgKyTCRUCxo3jGcWsllNDT/McyVke6cXF7rfZX5t3FpkWvO5gmSolXONPDQEmK3c05uddAGiQxwVuSP0RyLV5IWyK9Hpz8r3gobB4+HwH//f/pN/6Wf/xQ8+fPbaq49hLWtZy1rWspa1rGUta1nLWtaylrWsZS1rWcta1rKWtaxlLWtZy6XyT//pP/3mN7/5ne98pwRi/+pf/as/93M/d/Gy+yBOSinhufL3f//v/YfHwxhwEeM2SBfO819AcLTXeGAxjtBLALnhJ2lwFBb0lDtkWHCoXCz3jJDeO5D6iRRaBm8V/qJ/K2gHFoCVuyqIy28vvaiH++3ZeB47ZgiOEgLIL6gjyNNcYrnMTZK6Pqehv9o8eO3Ja194+80f/vKXvva11774Jdxspq4jxosA05pMM2mqFMYCUWIwiGJEGCTAb1HJKTjFkmaqIb9YyWZkAqCyWoAREVSoQIBNBE3QKc5Dvze8iN2xYjv0d3chgVoYRABQGDQz8z2kOTRPjGXh8LTf1u6GjH/AZcqe54NOsEG66At9nL7th8GpU5Ta4vsJdLKcTdT+o5wWjYBQHh0hwhFIj0yarOAj6i73oHadpUxRPhkKvEk8VjrW0+gYOgmE9IMIv18QJ0GM4zgTOqdIOSk1qRjddc9sHCWfmXIqgFChQvGZCwX9Li6Cy22UPYaCsUonShLcCVPEnP0ElfrEy7/3v/33/8Wf+cZ+f1zJTtaylrWsZS1rWcta1rKWtaxlLWtZy1rWspa1rGUta1nLWtaylovlH//jf/ytb33r3XffLUHYv/bX/trP/uzPXrzsnoiTcZpLeO5wOP4bf/P/cPrdWVSzBgJPL8H2EzyJQCIuQCdw4TkfLYT8WYq73lUCHwItPcBHLouQa7CfNDwn/rmGZ0nS/TCnRMYuDR2jYbrUD8Mrb7/+ha9/7cd+6vd/4Svv9NcPjpn2JUbLUX6aOS/MzAloGJyByj/B+U04rQcKPmSRTUaTlAi2oyIwOOMMB48t1UaS1ChOmWL0Jsxz0XVlfkYyHU3iQ0Zxku0+1i5y/EZqW4/2w/po0HsJBERy3MwMiGA4BI+AsEbUpD8Y0BAHiLRwkzayTyfwFwfRMLuJYE20JOFKEQqPZGl3pNWffdAJXVqdSlFDl7kpNFEO59Mp7Ve4CafX8WFmuh9LqyVQtJlJaUCILFCGnxPr2GxNaIiq5jkxqDYkibEmOVAwp3Ckz3qRhdjhnYgzlQ5JcCqOzBKUX57bWagfOpDle1SYp4pMzFD9R7E1FWRDldHFk+cQpbtrHgKtxZh1nI9HJ0oF5OiccJiZYdNAECrv/u77/8+//R/9y/+d/9a7737wxhuvfv9MkLWsZS1rWcta1rKWtaxlLWtZy1rWspa1rGUta1nLWtaylrWs5dMo/+gf/aNvfetb7733Xolq//W//tf/yB/5IxcvuyfipETqSmCuvPjf/Dv/l997931wMAHcDwiiUb97hj7x/H3Eri0ujS9LUVJriLn99LMUZkQNEzskAoQE5aPTNGBHlntE3iotSBPa5dh8GUfJ7iOEEMoKwclxeuw32wdX108ef+5HvvLO7/+Jz//oOw8evzLO87NpmjKN01wumiT7TJ5mmrP0ZA36o8d5lX6CPH9NzjW/0oXJIO2npqDQipSZiSmVv+VVuYqRLo7eaEEkILgTD7JTWw2UjDZyDefWUDRJsGPo3fLE7CaKYlHQiZKuCNaEK2Z8JE1KnctMJ/FWahU1VEaW0n96fWmLptRRIIu1Qr76Pk2vs0CcCBiCGpYRck6ZMstmAYSQDEml9CEjhKl4gmY6WTIVR2ZdkDmlm5MMUu1NaH8CHwOy9t0qC/TTpW+NJEfeBmGRv6GTr7SBcjdStEmyJDPfUyl3Rm918qU287ySPg3u3DbIhY5Cbjp5p2gzAM/epvMmVqAhT7Sn+Bl/+3/3H/zYT/3oF9/5fNneXnttTbKzlrWsZS1rWcta1rKWtaxlLWtZy1rWspa1rGUta1nLWtaylrVY+Yf/8B/+uT/35xRx8ou/+It/+A//4YuX3RNxUkoJyZVY/3/+9//J//xv/h9bTg4v9wnm4j0+vCM8imRRwudedUf5bAWam1JpICKkTg0TCbXEAPr6ZRpuR/rRYCecOIZDsZSYIkEJJZCT4VgAW2lFMPXD5sHulbfffvMrP/Tln/jnvvjVH+kf7NJ2eHrYC7EIk1CUv5nTz8h7Rnr0AQxIDvuw4LfGep2MJOoWrCQnMWUSAhP9ivEmXdcPA4NOPGWK4jaYW+WE2yJeNBQH1p+kbU0Gemhy3JT7CGcK6csWEJOEaEIwJh3Hs/mTLvLg1Ia0dCZNM8Aj3aW20zgqRKbcbBgG7SXF0JQGelqYWr5fQSeILf1Itgs0/YniUTIZlkRGYvFzJjBJMi35h4lHi6dk+YUir9Lp0DYPpoYYp+bW0fw+NvaXKvy9KScQkxciTgDOaJoquUdIDmcNQuthEMRJ6j5buXUMLuQ1UtaR0xpKyhx8Lh4Ql6+T/AeWqUvH22lU5Gnkk2SWddilmknnuD/8W/+T//W/9jd+/smbT77z7gevPnm88p2sZS1rWcta1rKWtaxlLWtZy1rWspa1rGUta1nLWtaylrWsZS3/4B/8g5//+Z9/7733SmD7F3/xF3/mZ37m4mUvxXGyPxx/87e+/a/+j37pcBwlnLeIzOF5MPf84DriBRKT5WV0V1zZEzPUNy9RPjugE7ycewTQCR4qI4MiKIgqEOKlsDaCtajZRYIPAChZBhPNqpM5ustxWQ1Rd+nq1Ve+8GM/+mP/wh/44ld/JF1vb6fjOE94O5VA7vHI1CaUYRonIakQJpLym74vf1LXSeYTHlOO+FvWGiYRmZ2VROEjFRrSEBzor5SPJHVe+l5T6hhVgXCcCFIkn5Aj4FkWEeZxoSY8n4PyhYL4gGs4KrVJDghLeaxXDTWbDkrsPhAnQaXRIk4CahN9rlXlP+PI/CXDMGw2dnO/1TnihL4f0utoUVRH5eow0IMz3syMHlKsySx5TRh9QzRJDhie18pNAl0PlZ+C3zNihISlg1MQlbnFRDdd35EDr5TFRNFJAWhKXjSpTHnRYp18dJOjYb6X5QRocjKVtaSGSyqmZnYAms1CwYwp2IY4dVHm9WkXE6eauV9RQdPWJyBdH6c4mO2Uj6V9UJXpPrqGtTths6IT0clTRKRNMkIkRomlMlF6kBlg84mwSW01O5xNpEyW1E1DmRIfvvv03/iFv/nn/tK/+sbn3/id3333tdce9919u24ta1nLWtaylrWsZS1rWcta1rKWtaxlLWtZy1rWspa1rGUta/nBK3//7//9n//5n3///fdLtP6XfumXfvqnf/riZfdEnJSY+Xe+wxwnv/rr/8X/4H/8S5ph5xL64Sxq6rH5eLcgumigBu1v4HKgM8f3/u+L4RfNE7HeB+EMLnOP8smgVjRsmu7+ahGDtS+kwuQdcDEdR4SkQfggmnwzFqj1n2vOFyRBY2TJGIPY99sBhg63/dWTJ6//0Be/8hNff/uHvvTo9Vf7q6uZMSkltj+B0IIcD8fpOApco8SSGZyx2e52V1cg86Trkj6aU9U44qRcOgrPh1JQRFWNtsQTa5RbWa2FUGQYhk6wJoHMCPxKQ2CxiMtfInSwjC769TwJ24jAWspfxYKU/8pVXE8ggyv43ZjhpDRJ2E0uJgCx6z2zj/6WmqoGMKV0EsrdND0QNgiV1PRJ3P/7j+lEI/tNKhiQeD9IHiNNazRbMh3JXZSzQYAQK7dPQ2TE0xiMOIfxTDx1Tp6sk3mZq+nSJLBHLNBI32MY2kd8us7lisrDmoIoklc5qQy8FEIt7v8RfvWcoj1/ItJrBZcffoQHM1hOqU2kVxLPGxYY8gIdwagbkWGa2i2BcSoytcqc/J3f/J1//V/7N/+Hv/Dff+frX/n2t999cL179OhBSp9kb6xlLWtZy1rWspa1rGUta1nLWtaylrWsZS1rWcta1rKWtaxlLd8XpcTUfvmXf/nP/Jk/U17/5E/+5De+8Y27LvuVX/mVP/tn/+xzLisRzA8+vLm52ZfX/7//9Jd//s//T99//xncGdg9/+SMecJRIPix8hfcK6LaIE7oY97q0yoN4Kat0YsC1CcAlNzwomjKHNI0JRzVZeQDn++HDpQ7BDsY+u7h9fZ6+/hzb375J3/fOz/x9avHj7rtdnt9Xb6eDgfIOI/zOB4m5lCQCG9KQ5/6YatcJMAxW+YdmQVtYZALRnZQMAt0nh8HnYSiBVsoB0HfMxWIIjmMsUImYbCSRJoecFDIYiLF64phIAGYOBcGA02shplfaJqe2TAJKRlfDzNvMOqD7++ZgtBLfVpkEQJPpuNwE06m4/wlgpnolKyFmWDOqE0u0kngO//K/ww+tUJ0H/KPrJARcMiAMZpktLxQsdiMpsLZZJh+A7TL5ykzT075e5ym/TQfiKZUIVODce8ol4km2Uk4bDa9jAfgKfOH3I1iTsj1AhSSOaQj3TB2nHR0bTLeA/HwcZg/zuTdvahW2l8FQCf7PMcUU5Lfl5ZO46SEQpafKKVeMFP4XOQERQqv2lXYQtuyZ0Fi8XGGmEtLMJDfIlsKHXk9zXNDiiP3zA5I9DEti05bk52WCU+hhVnyMZWPKgDPUCaUB0jX3fCg2+z6Ydd1W0lelWQaSXodniGc5krmhPIXlQcX0Xc1bPrUKThO7/rf+G//S3/8v/evXL/yoLzebIbdbrPdbvrPWJaitaxlLWv5NMuHT2/K30cPr2Eta1nLWtaylrWsZS1rWcta1rKWtaxlLWtZy1rWspZ7FMlCkPeH435/PB7H8sl33n3/X/+3/u1/52/936HJUHHO+nAaSDXEib2Jm58/8YTphJ7PdCK3kf+eRwbhNBJzEw33++DytiRJWNq7n1WALP3MS5dLbbnPjQQhEj8nw17cdecTrof2w0RJiAaI66/RZECJuZbocc8B2657+Lk33nrny1/82jtfeOcrj954fbi6LvFaSQkjUdpx3N/ejtMxEyNONptN1/fK2KFMJBqsHseJqVMk9Y3mvgmSDy0pMl44pUfwlyg2oFwwlLtvt73cXzEDWqhJkNLeVlAfCRpsk7S0wgP02vLPeBxJgA+CMpnktaNY5txJ3YxCosyGjnEOoBlwMJqwyLaBKUL+qIAYRdjo/XWwLNWLIE4UcxNDg2dZgU7KZ5vpxKA2kUY8fasSAAAQAElEQVQoOzCn+Zp0zLIiUuR/2TkuFCQhg6SAKP+V/54ihQzzzGBHsBQ3xnECirjQATgRSQFQOluEHx/19ukUdE4k62rHhijZidIiJQNmcE8bo0hyEZouyOg7y0eF09z39hc+8kG2go5SpMWHzysoeBJyghPND+YoHCQng8nU8PFUiiERZNzDc57BxUp5+//59//O/////Z/93H/3D//X/8gfLG9lF3wGa1nLWtbyX/ny4Yc3sJa1rGUta1nLWtaylrWsZS1rWcta1rKWtaxlLWtZy0uWZ89u/+2/9R/8m/+r/9PTp7f6icfs8BLoBM/f2Un154Y+T0AnZ9/n9nNCe6tH7p9LPfB8mpN7cQ18jwoqNCVi+GfN1N4PWhTMZ/0g3yNTAZAG8ZPdru+TQDpSP1y/9tqjN9/40k/+2Bd/9Ee+8MM/fPXw4c3tcZomKH/G6XB7ePrhB4fDoYRvBTmRNtvdZrfr+k7ZJMBQI0qyIKQSwiOi7CbQ5NBR7EUQkwTWZPZcOcxxstkozYkEjbnKzkuQ23w6LcGJXJWVhSRC2JlqKTfKMzEOZJwUmTAej3mSCy2RCKdukQei9mB52/VGH5ESoaNLFjPTw9b6TtsyMZbFKF6YY0IpWwA6YTeBJgUSLhNLnWBQtHy/pNehJc3J5WsIZpKpQXmWaZkNkrKctSdiIBP2ZdrJaETfneJTBKRGPOosDxTkgwtCFPgBK9rh2AC4ln2/gNR8P2BrasFgnrpftRWmoqizMuqdpGES9MmiZCHPAe8r6zdemSzG2t4jRuow0c7ts/2/+7/82//u/+Jvff0bX//GT/+Bt7/4xoPHDx88fjBsB1jLWtaylrWsZS1rWcta1rKWtaxlLWtZy1rWspa1rGUta1nLWtZyd9nvD+++9+F33v/wn/zaf/F//r/+R//h/+s/bb/1KGeCF4YFHXGCkX+kLfSCn55/76HtZQoVslP+5N84H4DCEeTbBT6AXvj0z2C5yLwCSyRPUjAHnYafFbvCqIakgeqUNv3VkycPX3/t4Rtvfu5H3vniO1955e3XNw+vh83mdhwpwUxw++zp4XY/HsZMebPdIAdn+015td2kvlNyCqGQwHmcNJvOeDgKYwWR5eJwGhJQ+gEGqchb5tGZmT9lzLPy0MDu+nq72w3DxhtF5WtNUlNu1+bQCXIRazzl6KGWN8ExJwJ3mLMmu2EKn3EiwTs4PQRV8hWtcEr9pu/6xDAXTSaiAAZ7HDSvjU1FsSxB7gKCMumHoe97jn77iHDujoYZBV40xJ9t0Ak1gKgFtgsVQEMURDcyISQFDuU508QgAc26I/+v/BaaCaVBUMhsNQgQUZMKZyF50LErqClTjPzDKkZSmXnBnCFPaZrw4sQ63/PiNB3xwUJIBqcP88oYDAjoYyBOngPlo4/YXe0NFftBy9Q5FQvysrsDaq4wJigSxImIhxQoRftDMR9UTDIijBR1lpAzOc0mexyaAsDQuV/+O7/8y3/n75UPGP7UdWVZM3KN0xhNkhtIZZ41BnXPE9RT8tuV6UcGEmK+rB5h6NIW+93QbwaGsBzH4/54OEyjNCJlxDyR1kDWzKyyI2O5kbA+5ZHmadcPV7vN492D637TERoZFoO6BBPapc22HzoDvvHdJE1Vhvz05ubZ7f7D/b4I1wngUGT3TFOmQ54PecqS+6ysyw6LCCq1Zaxg+YTZjMpHZTE6H9RYuqEI6HkeZHPZQb/dlOfxl/OonE9jqSz3MOYO592Ar1ztnlxvH26KpC8NZOxf+TozQ9Q0T1nycJV1Pu/H47P9s5vjvkjQzz9589XHT65229Kp01iE7HycjooYLRuRpj9LnvooYFgy2JQTHg7j/rC/3R+P46TJ27phU0RQGZJxGp/e3B7KgwFnEVUzV4G3iTJMV5vtblse2iHWJGo8yolTwd0e9gfe8OYOOCXY9W6767sHg7CAIWPqkoIWBW5YKsm5ozpkKThPZQeURHM4TWU/4jRjpRO58+fjcT6W8d5thzdfefLao0dbtP0jdSkmszJ79WUsytj0sN30nGSq1FOXLYvDLHxmqvyQzSRXEWKhATWvYylR+gwKw5NK0kcCEl78Ub1V7NOuQOwP4z/7tX/21ttvPX74CkrOr6qF0IsrqapX82HFCAbUNAjZnl/yPa658z4+nmWOlB0YN0PR7P7uf/73/smv/foXP/f2H/z9/7WrIiTIsJychIwRoTNUJCwLzPLDY1EGj4fNdnt9dV0kQlmv0S5tVFkURRokzbaoPwfLcBl6Uk0H15SLg3vSmC71z549+63f+q3XX3/z+uqKG6KoYNE3/D6dklcVIfj+e+99+9vfLrLh9Tff3G53tmwElSpaByuARfh++PTmt3/ndzfD7vGT14o0leSB0mbW5FKRwccp3xzKqsyJeeoGFfCWzA4q3Vq5OQ2b96bx199//9v7/R76iRjLqJklZXeQWwqUnNXR47H0aZ/Sq9cP3rp+9PbDxw+6ofTagJz6UlRWop7Bj8lI48qvsu5ZPBVnuSVntUwzwtMi38YjFYlQxI/Imln3fhZVPAMyphua35+n394/+83b958ejqX/MkO3NyI3ekZsli7ebTcPdv12m/qByRUp+AWr/h16db/tHzy6fvDwYfnq5tnN/uZGhqnbXV1tNptyydMPPry9eSYaNCn83WZFue04HZ5+cPPu7z197zvz4abDkUeGtxhdIUk7mW0FVr9Lp5Tu33B9mfOOUwZy29FozqxWkkSzXeQ6p0XkssFh19QWxHyD0p++oj2rIO+3OvNn2eJJbmd9oRt7YMm1bzR5p9wkR0fZbbPLlpjpwkunMNkixbeS/lD2liSSW1dNNsNGBHhpQtnJRRSw5jyDkfhlTYrI2ouJHFs+2K6vDI11xP1re17Z1IvGwLKB9zIqExf7GV/phi8+evULr731cHc13xxonHfd5q03X3/y6JUtdtJlsq0LzltXtGDthR2zKBU07Ys9OE77PCqboUmBrFSHxEoqzNm0djLEcIYydR5fPdp127I0ytppToXITlZu07GmU3SFQ85lzr/39Nl7tzc303hIUP5+cLgpc3vmbZZS0UQ2WyjSAHE/52OWRVP0hKHvNjtVD0moAaU2/JOymoarzYNXH5e/u7Ii5XQFKww923JlaIoK8cG77+6fPbt6+PCVV1+9evCgyEMh2qPo8BzyCGya0ZyV5lHFoBo46p4gz+kpjKw22FhNS2h2CbG4Z+k8/kOlGs8++HA8HMQw0m1b9R4eh+lwPDy7Kd/qZEHlleSXfDXnJNV57saXChblr4XLhU6oViFMPptdpPlUT4S3iltRWsrD2DIuvYrKSKh5OU8sg8a7dFqZsOrA+0c+qSaJ+YPQCTWtzaxYZk7EWea8TFraZE7HuSv/YXfdDVepu972PTCZaZJzTcjnbJIIIIidJqsRKrNXW6p9Yqs856IVlv+Ze8HsUT0DgeYDQWPmhEZWWa+h8YGyxLbZQnqEhpMCc9bUPEdHCD1v0nzAPHYduJpalEXflFUT5u2g6OP7omfmeZSZBiz2WZ5ueDh6Wb/CN6srUqWRHL8pH7DCSmXK5GOxOoqmOk96dmTSumoiVWAbO5O9JpPO1kibyuwD0Kc7KSmxwLOe4tYI9S7aQRKdlspFHD0lFgNr6j23mTin6rB92PevDFevbbYPsR/KELPerSOQeUB5reeiHHQyQ3W9omZTltXKa9wP0qU4sKBKWha9L1X96kRnI/FPgQnfOGJ3Mm9xznNspXaG7ETFqYfC5BeyHml5MI7Ud9HsI3NTmbZWNinV0SFmR5Gw++n47HD7bL9/dnv79Pbmw+Me+ETPkFjMFdu2zIWNjl9M0dlnpK08Ih2gWfdVacYs+2vmF2zRqUgRDc3Yg4kHII1Fm6KpSKsDsg9oTqwuIP/Hu3kcJ6OTNMeVtTg+zur+QzNwukWjTaq6GNVcw8a5C5xRm/10s2kCwC9QqK/VX8U2mrIoy52SqPo4zUVQPO42b14/fOvRo9cfPNxkpt7lrUjOv4XL4GR+tCOiPgJfDTFkJyJVN0uMw1jYpOI24aP3kaHPKevaLDpq6f9JtJyyBx/H8SiH7NgtSWJis+Ttrq8fPHjw+Hp7tWMTWLwJuUiGvM9TWdqHqVjW43GUnVwGWiWI+0ir8RhHANHtBuWLVX1Cx1F8Gxs2uPuySRYdfKcUtCrRZnZkFHP3eGB+bDNEy00GOTSkYrJMpNKWkR3FzLdd9jQzf3kGdpo2Wpee7mDlT590xNgcLj8v/cAE12Uc5cokCjPLvp5vVBwD5cZ8pFJnfMcHH4uDQ/fgMkuKW6bo/sV3cBBjn6XhIF7wq+K/2JVbqmAynVxUM5V/vi1irGXZSjJLXz6eyb7y0iyZoeWhg+SnFptdz1kq/fbMi4x1j4GPY5a/ciuTjG2+bGz2FNEh2U9S/EmH29uyvLiPD6Px+BIqY7v/mCe9+7fRT6udKgAq0oCwKts+gWWisPUojtoiRjpW1jvRsniX70VXl75Xru8uWd1FuzclxBXy2RT1HBud6sAyDVPjnFM1GWJpixZsa1j9QHX18a4pCliW/VN2U/lP1HU9Jeq+e9HhZ3sx63LTrdxeWeexOUeivCh7N++UpeG664pLqlSxk7nBNpGywQsRda4KjD6HzA/u/VyU6uIAE5p0fZI8Ovkgm8eS+6Oro1PrdyJNLPM9mJYEzvNvIoXsLLJf4sZmI2zNU9TjiZ4GF7y0p4+v17ZfZHMfNgbYSSGqgTx7PoQ8rDd19aIKIlI3XjY3WK2SzlzmXFcfI6hWIDMxeQwpqik7HK/T8hkb1GK0mgdOPA+9OAUHIfpHswj1JDRbhSqUenWFsFjrzPFYLA/shlyknNJyi06IfZEHWL1DVhcdb2zFiK8WsChJ1olRv21MPFcxuCvDfYR1Y1+U6hhcfq52KFpHkz6lGQdc+rJy7NPknY5Yax2PQGdiR3+mHUxH14DJ4kYxPajdTE3hVxG4mIiqYIEvCrbfXSMV04eTGhQNljfKSXY5z8fAOoGov+7z4O2p/FAulrPxMrdiuUYkD1M4h/nhE+QMIYWKzpVUtOnStfgGsUcEmiHJbkHWFWTaoFuHsqlq76qGo/ZCdvUM3MKf/UfZpavsKiamXafVG0Ez6KhbczXpPGtBo8MgwMlh3ouOUFussqfWu93xAtQ5cVaw+Qt1UkW3qWJp7gRoUiWg7071tyMv2vpb3ShOhBW6dh2/JleEwbsx5JK3TkeETNf0wbVm2x1AZAm/lWkho8Kvi1GWwwbnX/XquLf9DX2Z27O8N3QrJDLjTmsXtrDOOhleN5rIpWR0iOo3pNXWmLcu89bAicclOO2n5v2lnC0nn7k8OymxndcLzl/07Em2WbkQjy79U+2c5tbostO1C7fKmgl+oY4n32BI0vaa2syz7Uum4eLqkI0XbvvZKqhyol1qABECMOXRPvMfQAQmfLb43pDU16J+XN4WS7jzQcYBVQAAEABJREFUyaO3v/qVH/6Jr7/xxS8+euON68ePQeJo+Tg9ffq0OJBLGIzVMFbVqBgLRd0tvyya7257VTZQMTD5aRMHXkkVNtHcsqiCs1ltthGbHqY+LVb7NBopFCZlW1Z2k2KWlL8g+XR8k8rkqVE0R030gNwtoSW1AaDqSfb175aqLHIJfrLBwjvOOEtfzLqkXP8jNr0xHEO9atGmy2BVyOvUI7MLSDVUt8KUZkEVD60nRF4klw6aB2Yx5JdgKJ8q6MTnzkuth5P1E4lglheRil1il9c0ivrNLiwBgkiviSmOpgFaJfQuSa01tE3lQhYeCeFo+F+cV6yrWJBdBsi0+WXL6u/p0xMBJwOs1nmj6IIrmYtriLLrEL7HVI4T9L1hlteZfQikZqA6wkCtGTwXmZeL7HTZe1tVlSp6QpE7k7/wvFar1ocIJ9phWM0uL1JckJByI8ulamdPDBee7fTFP8ohOIkMimNCzDxx0nMfJnMjCSBAdtnkWqDYFJSFfgdtHMxILT2Kvpfz9yXgIabqDOaeteqg7n+mZJhuYBqD3qiEGNVKZAFUnB6DYjrcc8f6opj18mSzgtT3I74qVcSlrWIPM6aFRXsXqyXbvsAXl0VTvK6doh3ItE1LE0amLbEKqX/VRNEpBuq/MF2DtXY0/Zbhh4yvgGARKq7jjiOaXOmOPIqT2OgDV9BRBrq48spG1FP5PdviaJYHO5Q7m7slVMRwGRsCHh0o8aKyL7AOxu3knulEQU+xzXkQWySJePerjoAqZcX4t1gMe0EkIq4riUNkrPyB6GgaNiM0KAs7xDlpWBcEWOqWBnV0lG0Ow4Zj9wOa2i47RaeT29R5UEHDie4gmw1r0x7MFSG3zh5B78xcNWe3VNBCnup8SeimV5fKYCeekaS9IRJFyHps9umAihiMgbN/07lgwMUu95kpp/rgfWt4tq3mu7+ye8ueQKJw8Axi4FHHWn5nj5W/+ZLqeqEvm09taNSkdu33UkvOK4b3ai7e+bHriwlNTIi7QmKA3E5eU50/BR0LiI2CnzT/JEFvGg0tRLn81lQ8UItJ56rFmq0WVD1Ey/ae1/i0MW7ZUy8cfbLR65Zk4lbpqcD0P8umRoaW49qFhqOhLjYSi2NagMWBhuYgaFZ1jdQH7FJeYlQcpRdh5hYvNduhpleUEATIrtExLETc/WV1TyIZ5LssVXFBB8n8Zdp1WkmVJgaNtakSXSejBmSLt5tkafPOxBE7RZwWAzbJvo8ibRh0IoHMWcgIxZJkb1rnOEl5RLYuE4x4z0ZyFhwIa6sJIIw4HRuRWCXsotI/y2v+Wj14KQvO0ua8iTu9jQaEXKrJmGYhFJQqmdKCjpMUR2ESV+EsG16nWUKld7pmnpC3AaullKF628wXxaq/mhXuaDNXYrWY9J+O2vUre1p2q2vmnKSp92A0gHu/AQJpDdBa3y5VzTlgKx/VycVYB5nWOj3BbGmtLWvJOkMS6w88/zLXVvqde0a0aDWBdAOvpnI1KtDDXbplZQlwq4qkm7+7SbiRJTy7z/PNNN8ejtfDbkj93BXHzXxz3D+Yrze9zupcHyMdoA/g+Z9nRhPkJPOwBOxUhdAtEHWHY7VHRMqs2W0ZTYMy21KZbmkjyTSLQpEzee+5usVY1bLYhxK5TOVC/m+fVWXi1VeiMyWeE61JolP17D3E2VZWcm+O6nm6ds0PU6bZcX/otptxnFMJLeJQvpJDFiihq357dVUCc7MEw7bsx6SkhqOApBrEiXuvWAokb0eVqNIaQp+5snzkdXaR6UIbzcyR2IZYwbwkE2yvr8vPnn2A436vQy8TPqsQ7Nhe33CIlWE/ycEYsy13nF1ViNra/JfVV0V0eBU10gVLl54r9XaxOtxOXDuugkD7KNayzBI+UUpURCNUBk3rLLsV+ZPRrP2wXUXcJV9mfhRBhlvsDenXPskoZ1acTKEWUVdqMndFu92U6JigUlQiMQjclfyyT3Is00K/6hbkOS4jplGitBl25epR3BtkAkl4FkVFzL4r4kmbo6Uu7JM7PTOPne6bIHKRqgtUoOHcQlpajqoCyots+04JkHSM3CwK7+F2FuJHtpTFFS8/7xEcYydfKmWk9EKSAzis0w48ucpuUnxAvFz7hKWlCnZRWa0QFHNrugBl9Vac7zqm+i+RqaNkckN3PA2RYCNaYeF0AdAAXJk+M1ssbH1AHsveNszjg9xvB16sAplU1VysGgKND9b/o219bHFkpvXddr0FsKEx22wr7kjdxj5mGOvFZqAG5nWyKSwpNTXXgCJaDm/xSSW3KqBBdYjcjwi/Kvw1QS6FW5uqIyTZTDQlzEWOt8HuLRcS7nrG0PfUdTn1bP52Hx5vR5jKWpiPh80wbzBvUunBTpsg86iIUDQjPjQ60G0kqdmofjPRlsnA/u7CEwuGTdQsU7qM1iDii9WDvvyyxKST2LsTR21VnXOxh7HkofHeutyOqc5+JPeH2AB1ycZPrSUONpmgYEWvzPQJJVP4HN1IFJNBLTPVENlNyA3sGDN0HJ8dnk1P58MB5levHm4It4DXirZI4bqyGUOa6xgxaq2y3sUdekyodJxrIOR2hZriulvbBJM1op/xqhezOpVNLYntmK6HDQfSBEc6QulkGFIap3zAEfmYFz+qhNme3tyUrijO0Gm32/abjs13Vr2usB+o38BcpsINjbd5PEqtc9WAiAJB63KZoDkHlin0Q9XVyxbJsDSwOGIZ8812VxZZEUI6H4s40Tzoil/nnzIyS1YRWiS3OGV7PjnDuy0fQ7Q87Az5MQwmZdHeO9X5RVmyM4pFVu9E/x+PB4HicDM61R0zu2h3w9WQxqKrjNNxzorFZPlTnih787zrr4bthnEmfd/BM9Yr5jweDgyMuMrDdssS0MJM0vaEjiuyoApZz3FNxUTq2CZgtGWRx4wLkujnVJSl4nMWE4ZKeBpZh+IDPeWr4tuUji1dw4Fr0Z3EWsmuUupOF9tlEjlfhPcwlEaWJ28fPHz2wQfHoiQUWZ3IxEiVOSJCdLMxrejEUlPJnVWTjx3X5LahA8oiAz5DWqRFWV1p7jfFpT6lfsIypRiA0pugnCXa3qV6MFDHSm4nI5lY2EoVhT38IHPCHVGmvrBLL7YFqWYvPrbGsnSnJSOQytN1thYXlGrq6pyaZYKz05RU91PwCsOcSudzBDk0DLSdBHVBlNaBQk/UQZsnQWG75i72TOYDX8QIaXVvdgKWMm0RZS7mnEywowKNZCCLKjIrnCe7tpzF3afiUHepzrvDNIOKSIEYHT1DYjtC7Rmo5zTAEJ9QC9oWA+CuY65t9q5Hl3NhOFXNoyqLtlOdfREeRtDYjI0fNZYluIcktoLmK22b/nGrVMc2Q9UZFdRE5udE3auQbSkQJDEYnEgflH3ik280euCYY55Wx6STxhoADKXne0yjxTYonK++HmRWl7dF4JX4Ge8PItrLsr8GXgwMsDXq/45PcmOEn5SrGw1Tp4g17JK7OlOjGWXwZcQKkXrvbauWw9KyJYN3Qaxb1Robt4uHpyBMgt5Ddt7foC7dWLR1NNA3idwqRtqVtsWBuD3bUdT2yj5QrVTp/6T3mOVEIrgGo3OWXF1SbQ5t/MRno5EGtN1cz2rOjMkUKy+TQk15j6B82O8PDMrMKuCybA9kanzonphdRdCnz+ISloYlbyGJV12lgxt/4VrQQw0W47IFkWCxMEyyNO/RZgrMpgj4D6ofGKsyS4Fx5M06qwJTjWVVtkm6WRe2GUpw4lM0mUDNyPqEacr9/K7omwvapJJ9zXQsFQ0VYgcu/8JaQIA6NU0MoCmCrhuaoQymJMexc+tBw5a7ykwMnVdEMmh3mFwzV5QqN9bXquWoJq4KGLhXReaKV0+aYo4H1ECiqu2+OKUaWYKdOekcsMUoDn8KK8llGJDZ3SbZE5uoNgHcoarGoItoivFSqQXibnS0kFmQ4puxTcOrpsg/RJf2GrzIYVXgneO8hCpdGnw8mTbYTAps3i/kgY+sWzZCV4EU3zQehBZloir+SRUWvyK3t82GvlhxuzhBNaC899JJa6rnG5c/11uYN5qaoyi69YbnxPbPk4qEn3zRELrnirtPec591FUAYJ5am+UqwQ27oAB0Ub18G4HYCFjPlH4uhgUrnpvtUNQehs7Ow4Or69deee1LX/zxP/jPv/r25x6/8cZrb71V1N794VBUrO985733fu/3jodDGet+YJD6thgmgjjhU17JDsYIOpidpeNRPCuCvAg3GTOXSCIeDU2oqhUHAoPgRM/tc6aeLVOniJptDggWnpp4ZwrflPjYEsWmK2sw61EKWea9oIaB9ACoSOIs+ESSkzvlVuXtxLjVdhqg/bHDLcWQYS3ANCA552luOVJTL7Wzorx2phbwlibpKD9uFGYyQPtJfdsU8tJ++OkynWC+/6U6L13vo1iWGFM1ChsQdhQTbb6iHT4zVYcDsb2hU0OPbiWX95od5fP93FUhsEEkHUg9Zm26FZmpvOhYak8J4NnG+qLGXxo8ePmCJ3rHcsM/fQSYsl43Gd9YILbSpqBHSiC1++CLSh3JC41Kd0/f8xJbSL3v2a8u3YZaNVd/Wm/1vMfyCpazfmYjiTqbUnWLZImNZV9lpinWvFlmhvkJvGiH6gNVVtTqizs2me4QmjaErW5qCBkc17axpO52rl7WrWih/ts9tDbo8WnRPRT0YH7rYrDOLHDENhHPmh8kTxqtRCGWUqPFulaPQyqziMKxtYXVr4l2jo2IGjXBtC+8OAJ2GkxtVxLXgPkibdX7PZSDyA99+gN9iJMp0y0KDG2Akp2FBDMsILQl7W7SUBZKH1VLGbCuMj+tlRK4VmcHXWKUyRQNdf7p4STtGSMb8HnIAI9pohp0C6XU9WPzvsuHTWRHTzNHv9WJBPYTVf05qIzCC+bn2sEmT52S7o6wjtTh0Zdu8KclgDzBmUUBn5hC85ko7eJ8OZm8uJpRR3Jqk2cbOxvt5gChAYZz/37VgkY4XPoeP9oOcu9StX40EIDMYhYPKKFufnpWueRVAlh4D8jIQSBYf17i8Q30pFV0qOYUfPENQ5GSbGiEsR3CqVxeXA++5MPB1dQLzNpHhS+40Vi3QWrOi5ickpeJARw5LJnaTHu03V1+mMyaJTcwyXpBL0J/kLXDtRWiamAjXehS0JCGekpyClMtmY3lDjvbAJO0pXLChRvEKlyC0CqGCU/0pWZ+ou9GVVEg97KbyuGbDehJwkyBJLZrWIxXMYiNrCdqtDHyvQEWi1ocy2SBL4SlJ9V2QKhTS+c8gxdQhalo9oZYMkWfzoQhNj0T++Cy/8XIkJ0OHTyrez1ChMy9LnHL2mVya7T+4HvMssF3i3Pe6DPS1L9mS5b4BDuqZ/EsZjLvKkAjbHChsLnbx26jN4cw0M3/xrsrU7scMd+M09PD8eFm7DuOXhTX+e3xuD/sd9jV5aYQTDuIxVue6ikERjgnIXvx0+I6U2YAABAASURBVDj6SK0qFFSPOo9UHRO4EvLB65zHeeYYOVQtQUywnCy2jYqWG2SPLHEzNk8ZNpc2PWOwJo39oslpdEBN47eoenN0kfQL52FNx2N/OKShn7cz0yaAntpnmEL533a3PR62xfQ9Hg/lb7/ZmHZoTlRobcSQCUpYhs1eUGW+zo28qAyHnRqcirvlkskkta6LxsvnNTZyfH9U1hbTfET1L+oh/8dug1knnnlgSd0EVAWROFNSLMKoVoSZFpVe7FfVXwiLTnU1sn7OIL1O3aCtWh1b5AUZvhTs5tHxx2B9hH4GbvvEsqHOMHPmRCRtqa6mLI7dkXgqlstv8jQIAV5ffBN8RlusB4o9QaaoHZFzGRqWL6DNIswcVR1YoM5Z3RKkHhPxaVF218KiUS5SW2GBFWeM8tpcJLqztJAcCvPCxbWqnjpjsr3BQVkZYHd7HAXDVPTRWbGSmk5YdW0hIVCmAwVbqrOd797xMihrLXfqOs7MxuU9oFaJqaJ3KUi6ehWa7m5wG+2zC7Vl1L6v0pgFoIwmwCFP3Uh9pgdd2jEZZdLTpkvVanF/Mpla9/ossDk0OesCnN+rWpTwUovCRwrm2aiGOdbZmkTydYvWNesM64rKgIuGqmqD2CAprZJUt1RygrBaJwesxfN01Zc5kLqrzVZBuXMJDif48HB7ONwWnx9wdHtkroekLaqYTldMartj7iGZwNcziZ2gJGnRQfJTS1MNxdVDczfbYgXRELJDP1E2EN1JUmMH2iE86ypda3cojb5YQKev3KOzQ7whLVCBrBz9LuLBDo25zoCtWuHqEh90Lrv0vD/eMCnI7Ty9url61G16xi8kjKPD6m6q8NHQIKiCjHwTR0UI66ZISeqYssACOjVRiUKygClE6Ds3/54PxwqWgvnqykztsXhNcaRRrP8h5S6nsjEceAeYR+a3mm72ez5eeDxebXdX2+3Q74qNU9yYm8xMeaNwNPBTj+MIjVixGQmAFXmiup9OtVxBJzrjk2ZYL59Pae6Zx5R5TWS/2gq1EgNTy5tyzR4OciiQf5oFjFpkZ4KU3Cu4Ecfq3PWTuI95i+eDiyNwUvbButTOCWinM8Bajtyk3aY4sNMklCkT86MxtVwSKB9zcXRFiSjf9px+ne+aZzkBn3oxjjjuO6Qr0SCLanJMggKZj8LGUUZne7WTgzNZubxlSnWu31czp+lAVZK7bsOZnftNPu5v9Ch9ibEWW1NonXuRQAylSlMaGWrDyJTyYhiPwkw0yPEaPYZjYsJ3CqVXzOpqKcpJaXXp5EdPnoxFebt5xqnlR+W+sTNZxhDR7L7LXVv3Sp+7S3VAXxnTFek0EDBrWSojg93LXoJMWTcPA3tbMns1mMtGgffK8yCqnKOS+SPonNVV/P7IwWI73GmHww3nE+ei6k4YdqGKwFYhFrFAhvvPoiylntQTZFsqGUJjHueBOXKOJWygvSE8VVnc/Y1syEpHgNkAItBEU+WWx2yfCIZgTmJ6SANDsQmHrYZ9xVxSh55gN2cluOzQGNZMHAAANTIq9ho8sRWxKigmeMKc0F+ejXh8mOtXzMiY4dQQnc72Q6SFEof1FOpChmBYHXEWJJmf1J4JfiQRF1WyRoQ1k5vn6guMd7pNYMiw3DgXbSO1g8LS2Kp42eOIgRdgRpor8TL5aiONZKtLBsK3nbp2AHdZYglctEwdurLW99NBz6ipgEM59AJgM1ohc+wl9rPLkjJemZqEKkqGWQyrTg5eiI5iUC4Gspilo9tLRDqwmqCKWUTdB6ntZmt8+fGoqq9tm/on3phSQJVYyE1LOpmXdDpC4KOBcRP59ZypfRbZqQZHnMh/ZEQR9hyww5nq05+FBTIb3ykIM6ySgqMGguSCrJOPz73Ps0wzAD9tSYZjUG3HTMLQwKmZOpU8GHQ2ewXRYC/YNrtq+jbTuOO8Q0SEeGAMPFRjyCVpoqv0pBaMsYSatSP8Q0KUgsp3aTM51hzar6o3QCt7pjylk33enn/qezr73bkWFm22gJ2hQ3xxNpgOfYYJcEesS+3UbDGDNjQnUiSev7M1a5ssufTneaBgO9eXraIydVw91xugC5WU+URx3emc+6jCt7XySmtnPjoFEXUUyPPZKmZue0XQ8+VyLNSbKQ9JPk98XPQEmz7IyB6tJ6wChlhvRHf4urx7wNcGhcg1zkqtfohR3xYb+xrrtD4f02ZssWW7wcvXVIGPdTostgZsbP/Fj6maRa2NXCfv8npbLufTEtsLAC7EH0/vAvVWDnBq6x0q0PnP6xohd7U1P0TwWJtPNos3tTYdfKIFzxp79xMWY4NmvlRlULE/WY040j1KZ1eyD9h+s2Mn19e7/eG4349Ftd09frR7dP32V9/53FffefXtt5987q3dwwfFYfV77713sNQDx5tnz4rm3wvpCONNrq4YccLMf+qpViBIFgI8pg7RF+RuqyR5IWy7kKJ0hr0Qix32eyFBHrWfy82Z4GSz6YKLPTfFbmukf0b7m9op6vq8ggiFrNFtWIkSSD0lk45RpZhHjkIY27S3KIb4P3Rrbyanadw2MXKuDjrjPgwcjBXGc98x6M+ZFdU2Wc6Mz3Z6HSvULLl4EfqqYU007O4eGW6nnlcgE3wpdgFqsfRxX+/o02cbqsSkZ1LUjwSlmj6FH6xCS+Fd36jXLLwq6UVTsC2NRirP+AQ6rZ0VBJeGAT96tHWxeETV0LP6dVW3cjOuNK3FNzZFZZw4SW09q288G1esflF3MFM5zGKMGYjVp3Vm/tn8F4mdjJQebJHISYuqclqto3NMO/K2axin07wDkU2IFo9SFSXc7+Bv7IlKJKhE7Q3mJW7jcnKx5mKKxOKKfgC5i2JcwPzsocOb1oGhVbdqhbp2oVURaDFjsGJi6GwuNVpJ7A1VJcKI2EBVsPRhWfwjOXgM/LKwncQXIkcOpMNDieSSSUwWtxRkh0iRgSLcHabpG4o4xqatvLH7g5tNUpgVhjNICD7HaFdP1jI1Q6oP0RR0n8jK/a9YuUMGlTVZ/E7b7VaXNS6m2n3LZcX6e1okbKb7Mva9YGyrxwXh7v2yaDzJKebO8yzc8Sw6eYsNAMUvwHt2j15noNI7fhN7iiqRjHdO4ZGLNWjXgktle4uLB4XhZkKneaCDZ88skHuMNsmSVquUCBrnY3gJ8K7tst7Ef6kEFyzKikc3ZODiBmjuLlHiQ+3SbS6EP1bFGl5U1Fhq3khowauuZjmJdJ0XfW3/bwPJMQ9qpW2szh6psbWaTEbtO0FJUj0efLnTdEvXg9d6Xu18zp1oI7HHxey5uDLIPDomh5cOx0RCQXfHr1pDms+xgmJYdf88fxxVI1j7J8kPyGm+hf+kriaCxp3tu5qpIA0bB1uUdurPquWHxPNhHp8db2/G6w1nCcVppBKbfHazue636vyEZhVYL6sQkWN9RvSY47raz+j/skdQI7LSODHkmJpjZNrJdMLrqm+Tcf4x6U3PGXTkQAQn3ZnL/Je3M4eRZvPA2G/1pI9OnSyppcSLq7EEatQ/IcMcx8PYbY/9OMyl7QNmzmuUSNC9m81uezXmZ09LTILTje22KaW67lo5E6Hixr/zYi+DXQd+BBZ8taIFM+PYU/F3FeN6O3BqW/5oliN/ATagJBEqxX65GENzm8mRZ0sN0/rxQr1SnJZ3+2K+vkwhl7D2rBLPY5YhphBU/nk6cwfd/aDmUtQ429mCBSc+6EzcoEXDvZmmmZYJyn07qa7GCaE4WeSGk4DkHfZl+m4VcyL6GROf4Al9UTL+JrmnrzqmvWHS1OINxqPQeFsWnllOV8i5S05m1VnELJluGY6t5cLXxUIescY7LCaZJTnyjLhM99tSgBfYZhgYJsXcHpJPh3/Lx4AIObUE56foObWxZF9KljtEtl3nQy7u2RJJ3KbuIBkKDOXtMz9xbmZRR2NDsVEjd5VD20IKdy5Q7LjYYCxgKTyaOaDS3w6UHeapn/Ozri+OpeLY6uW8Z1bHj7jDIiYewkefja74KEeWDCUZhFO67Ly/L6rZ5tlo9vTwWiysjwvDZzZI29T4bThnT4bepSgoKqqTn5oRCc2mWvtNh4IHcdgM1zyOOAEnHypB/ml/k4nZoWYGJ+A8YN+pbzHVauPpVqY7XBz11Uh3NiPX6qqOdwOzRjS1LA/qpmSHRlkwpKi7gmwNQIm1sa434kkk50JpdDpdPsBP5n9njXKWavKmIdONg8GMJuEfpTpSrluJlDQzuusmotvSUbdPiyZ13D2kB4/4zDpsNtgLRk3SR8u5wez9XwcDK4LP/mhAP6Z5iipbSTE5aDGSymykaoLGJ4o1qjlwk/hNy+uJkciMZemYoSmzYGPgBSfyLX7co5Rxunp4TVfdtXpB9LaCAOA7l53jKBrjSHN4OhcTAJQv1uahyzHexhXRrFaCJN3r1HwoHuZxnDYMBNl2TADQizgS/UXTvzGL6yRs2cmzcZoPoAgoQYF0k6RzYhoQdUMzMYRw6qSscdwsx27SwGfZknAHFK1gRJxv82F/LJK5eLi1opzZqewQnAao6+duZM6Tif8ej2yBD0zMMpRfX+24Avv+wOmAxpERIFOmG+avHYSwoAclb9GDz9pX2Q/rgytjriua+l2GaYvXQsTN8rgIXcFkTooWLaMqLulO/O1MrnY8zDjhME0DA3dAqA3VnZV8vlefpzxADhbIyc/izWe9iHWWvZC1zFThly7vKGaUDaSJjdoMaDfTHLBa0wBV6VL7i0lusmiY3dwVj3w3MrF50UfYKBM/Owr6hA9v27FUrA4NKZINiR1L85gkfCwERdkij2jrklxIxgLD2PpsHft0dRFtYtmkQ1gfqHBQ7DU90DAo6KRcNgrcqawb8gXJp2KjzalRqmWlZ/MyUawRt7u41+eM0UyiVv6TqsxZuSrAwNik6BbyqoPqhy0+XfSYeo7Ahyu31l02lHcMMZkogWUhonpOW3492/n8MEzstnAqDXJVPUBCsnUoQiIT1bnqp+tsmYO7BrRnciP2oqlUFQJVl1rnKFWBq/Az4SzxT8WKVJiQ1U8EBdVpLLOiEiljM4GwLhNAP+OKTmGSjC8a7GR9TAYG7QoFubaQo0a9h5ZJGcpZpXLjH0HVV8/qaI1S1hTPQeiyWHYQpROLU+GWm0wrSgLeDFywo338+G7dYzNFFJiUHCHs36ZrU80zbl7OsOUgZjJgVWOi9ubp0WMfdbz8YLAQ7DlcwjwkFYcf/4i5acAToMYcUI+A+wXAuMXBDqaDKw/kB53JQawxqbTqKcAlkr0uJh/VQyzeRRjf1b7FhbKq5hZQ0zMuNmM+gpoGMqesm06MGorqqQ5NYRRymYhOOgiWEts0ZjyR4e5CaD6pl7flxMN1KioulWpOXvBjOPFSdUnIxDKRHaeRZqdwif7Q8cuUFyq0rdtWwwYFNMq3qp/CJccONJ429IiFj0pVy2wFkOAtCfQUgR+0Cnlj8QHwaWbHmwzMhBhTz8E8AAAQAElEQVQMEtCKFnsFXndTuOHe5cwSCQ9Y2+8hx/QNNv/i/Ua0fWI6+QkuKyyd68igxUpo30u3dt1zH4Qnd8Zq9y0LwccrL9cDzynNsXxvcCMYq0nkShrCRXvwUy7N2NgeRKff2wrRF26LqYNKbf2kLONFyytBhaGo9m/+yJff+NIXP/fDX/r8O1/prnbdboPDMCMyu8nvfqe4EQ+3e9nLuuuHD4tqutluO2fs0OxRSkctoJNJc+NE4hsAP+0P4KyG9hpE0VJsenHQlZ9xKK04BBjsbogTUJVGChngJLhDAG2HVQs05oYd1DWDMFOtjIr0rKlMJ62tiOKkirJ3I0EARQxBytJJA7j+dBdh9gt7mDZKASiqzEcgJpK7fdTB9x3GJ+r3C+jk7CPpbIH/mE/Tk/3p3gqzs2TGT1QVPUOx4XM6NBAnRC0RhSpsBhHC7/mKvrsQwidUPTwfhRDZMaFfXB+KPZc+viCHhcvFhv6igF1+mPwMpMm/swv0bnYKDaoylsI7Z+dr1QEmnWO6IC2AY6a4pzgZ0XyIiy6lZgslctVChE466V6pknd+G1Zy017mfzI2dpmrrqSABRLENazg5fp0l0ZmmokvmDnbEjrvlf5fjz3FLmJSzmshlJA01yRMYOB8N9zbviZTg820aBaiMQMbvs/PYkk+CgQHZTfOWkx+BapHCBEqSbpqXvJVVvFAGLAN0XDctrMBgmihK03snWI7K8HyHI7dBI0BlUL3Q6+QFIdu2v7JRPecAknODTiXVti6NjPMGNNAECtinR6nDdOEat+paYfuQ3BjsNFaDXaUNee9+GQs/bU8O9UG84+zux0AKyKnugNtpsAlbQrPXpxpjVgV0++zgstGXZI2lz+q5oVvvWp83t7cDuIfbSwBPPl3UYFLPY5Nlc6eTRc/P9dE7zUiz9tOsBVfnfHlUy9NC1+EzytEWATmtVfKzBTSO43h5SVQrNoUraxohK23F0+ESfPtc0vC1BqCnFGK2htoM9DvprAY7DtT0MzP6J6PqEQcbQkppaps7Q+Vi9ZGex+yqHUQ6F38VRK3ocGV2tlDzilXjWXxpKiUr+fz7NtGnEFsQy78bLqCscJWSzpZZVCtBN1uzK7WCDSiG/pxT7RE4ei7k0QrTNOlxpVgEVAXy1R9fyreLUWO11Zvr4OXIVw9DrSE2mpYrqvoOG5X2bUwy3FpOQXLmGwbcz0rpLZKhksmE6ilpB5G55pp111nDcFwZ8HZMtSZaz4S2d8sOYhroKo7gB5ksqqf0E35nAkjlNS3VdpGlmHGTlxZfZtODMeEdSBKIE3JvWSGg3n7CPJCY5GXwWtmO99y8OWPUolrkFAYIOiQp5txvxsYdVLss3Hu9vvD8epYLLiOg1m8DGdmkwDDGgnXiSYz5FO7XSewktncPjap1G/eCe8XKrN6HX2So8bFoS8s8WERJHUDyfLV5nPYPhcLt9iq3QbSPpcKTeUjgeKiZN1QMIlRVSTF15TpP04KRABP0VUHRWcUM1RwpGw6Tn0/cSal5GqfsHPvdjvO11qM2uOhvGJrGbXjcaGutjoTXCgn3jObr2juK6zdpT2QzFE3iwSR2hZVoUTt5mHWFOVox+ZNSEkm+Y3Av3o5SjhLNhL1C/lspFqbDBaSJY/AWwBSNeRGozuR33Cpcc0rCsLB7AcQwP2wYOogPu+GaIJ9Eb83yelPo1D4dPWG+FbdP7ZHcRh2HF53RBB37KRp3YsGzdOKj8qXy7eqz+vNEwRXtQ5NrvNWkVr6MM2fWCILm0nEjcY9tF56yk2mk7xwxROCKIcWPa1Gmb5NiNkFCOGJa8j3d/mvc3wIVo3e89lkPluz3e66VCKPx1GYafmRTDVAnFdYghaCxxaeFtHo0aYKcWiV0oZ5UTiNAmh6Ydv8s7IVCslOnEjEdu+QEWGBl1zRCjOPcygkERxydMmnGMaw+qD6xqkbpp+1KGN3O8/PusP1drdN/SxusFQ3K+03o3PDKvxcEJOmK5N+9vqhOSVMdoFv5T4EEGsTAtfnw+bbgVwuI5jwxR5GagwY9GUWnR+fN09iuwMoMhJZnSho2ZtlRb6jKXSu6LgMMxnTJGdnn96WgPxYlsLcs4DplBxIeMqzV8ZMUXB1EUxT5DnFQr+T/Ssnt7atS7SCYp0p3q0TSFgyVjflFzC6fZ+4sFCbXS9VAnE6A5eeq5QQuxvfNAviS6MFWYzQXg5coCYmLnM2G0U/z2HDzWiSKOmucM3NDN9gVMS0//AgRAj5ap52Dx5uttc06BwzZkzPUqxRETl/LlRP9TQpmsx1nhqTCb5vYZ29ljIsPALZMh+JtDG1VRweMi35wAJ2A+XjzGwfwgFWNoC+K37bRMzPRZOccJhKQ0hg3Bvewnp1ZWbNQZS6USg9bifh9Yj9zXUnFWiVmBuwgbKC8pGSkIBIxUtPTSWML4cByw4/FBf0Nu86hiCwO1gSmNIo6AvRUWeVfUZ2gjmpHo/Fg1yWcFeq3nXz2KVpnMV/IonPFOVgHgZkkTag8mwzqQnzwnQ0PzuWZ8Ao+mKvbNmM7RBu0U3aDPO4p9v9yPss08gMSc4gp+2w5bzrw+Y4Hhh9cDwcpnF/u8dDcacPw3bbc9oqofEAUSh5rvekdAEhxK0DwbakIo5K2/uB0+EwhpWTCIHktpSjkGyGMrCkE9IVzrYzFvcN08JMeRgYeiIkCLZmeNVzhiXUI8t2pLzv9IRREmpx9r9vNuNmX5QXBtdMkyWhtA2WiwIOTM6oAPRQrM7wOhMX5s8JfCGTjmFZXKxKlV4+lNputlOv2XZ4LDmtUDdILmJVyfjAPilg1Ba/8uoN/HmiLidWdYRxJLX+fHeNWUisWqBxtL3WFTHC1vqfUWNHE6U2rFZulDud5cWkQK3B6DGY032Q7D8T61R6C8PD610SaK5pea0LIat5ogESM6oFMmh0qhn9NAKS2WDCZCEH9y19jDcA+WCt24+y/mPlNaOQagfZK1eRfH8wPbAZN61+WB5ot8mWxbUZcRXwzQ6zlMEq/nVupvoUbJ7oawJN+ZYJEMAWqtzyepLaB9CepvaYqoWqT1SyGaxOXd2qwcGf6hWWiZI87we65aX6f2viA9j8sASc2iYURSU5FgTiaDK2nhNLlNKJzLK7J5xQWRhRU/7V0BQ1I+WoCFevQDnzeMCyS1+KceQa9TpjkvGmKJY+MaNk7TqrljNImVZjz/Y4tAhe2418vqkO1hmRfMp2nBj9u5ibWukY1JAJVWLYVqIj4+4IVbMI1DGqqbysP0KJJe+Wqmct5py9ygsN2u1GqheL4UeW8NHcJK6cNTO4noQ2xRzM/wPUNOhMIVvIRDlVCNYf2a+Ow8EUl5OqJu1PAdxpYodqeDfsKAwf06BNH5MxqxWRvuShybBsVfRbq08aZUcdpGUt2s9Ob/W8ohqWL2+rWHSLK1XyXq5yVnaLiciLXLUe+8FSytBJq4LZg6LjoPWM2ldqFkad5Kcac9Hq5sY/wh2jamLWeeQQE4hfk8H5SP+o4z6bcumOuFCQmkdXRo1YlFgV10bTNTz3osVmygfXCyxKjUzRwqmI5xdEpzy3uHxYWBXnF/Exj3R+wemkunyP5mM3/Zq3Lzf9PkbBO0533KNcGIvm7b3Oan53ijFeP/8ibNeXrItsziBxkVPAVtE8CsL+wzyX2y2D1ofNk9deffXzb3/1n/+pJ2+/uXtwtXv4sN9uykJ4lwlOitZ8fPreh+UWm11xQlztdg+UgCRAJIia6aY4JBQWMmrOmxAXkUqmjpGuUjVemPN31Hw6xfu13e2C3aQo6ZGtRqO3SoKSjfAMPTuPUNLWR4iAVQYtiyCj2IpZT3BqT/EF86SgE48yh1ppVewkr6YckjPsKNMCekoguTJjc6CXLMicI2ytiXgCdaqVlOxCmO4d6LeB9t47meo93T0zvqfFlXWMt8uvXSaLX36SsdJjr6YLeleKfDbr1VVp0O3PdJVOMhxW9423PJ+QUds2Yfuw3k+D4vBZLs1A0ssPa+syphr2wFgw7gTB5+0S0G7/H1nUwvk08BlCQHc+Vx+6/BhPP7uj7lXZAkslLTD2Es3AFDu9WzBpebMUXeReUSFbbN0mbnwtq9GILEktfN6xl7paJrYG/gRbIZ9IfleO5ZCfPTfOJXBVX38qiUilpmHFqK1ll9plaDtDOxO8Rhg1y4LuU0ffrA5KfxzfjHturps7QjU4mltRU0IaqFqlMzG+dXOn0R0wpEZuIgam24elocCTE7QhxL3oDJ8GnoInpLxYN3y3WVLvqhvcx73nk1/GZJMahhpw+zeZw6PTEIJHBEC98cbCRd71japoqmdidT+2neU0MkPKiqGiwTRtqaXSbJ6unPN1hHZkppoQWDvpzlIt6u/1TvKJFnIl9UTlu9+vT9Xg8vbp02evvvZq3/fan9ii6mEBOKBlDLveBD5bRU3TUlN2lokr9mzzRjs8V5US+ViIfjn1MGC7+X6E8tFmncsTGwiL959dgz4DJGJGcVBbbDaLnuqKRGVg86M2dG7S6HGGpcG2CArVzTdkl93djE9XY+wWKi6SW7lNl8C9S5VwDQTH3E+NUCSPWqTqJrbkZDYH2juib5dQZT4RNGIc2t1ERfTpwjKD3favnPOZLkFWs+pxJL8ltveIp+h73x7kvcSPlNsFNT5iw6lWu6R3Wz5XZkySVogTnzm/o+k6bNG0qpRQbWEMOEKjnZBruJ7urXki1l28ThTfoqMryIHHmot+5qitBL184/e9wp6rv012Bsui6Rwc5KM9WYLiEixrIpdUe672SVpWjdqeMscsx6mOMO/z+HTa76ZNCVYAR2zomOfbw2FbwiQyxw2Gr0ft/UZJDgUxZDPjbBBeHrMUGbNtt2VdyNAfoHOVP+agVImG8EHjznUPcm1Ofi7eF8HaYKnJ1W5zvJ37cZKopLiDpcFyLqns/VOiIcn1muVCmDpHPkmsx4AJHbJFaKxmyGrSceKbMgM/s6iUwEkJOeng8rGJ3VYIUY63N7fsiB16NAjaYlOA5xbEc70AXRtorwlttHh7Z03vLrTRrMdsdpvpOBqznZijFES9nCag7+YtcfSsRKwcrprUEQ/NggvJufA70AngrKmtzbG7m1jNiuXP2YsxzYINb44aYnOw0R9qVTrbL8JaBoCTWAR5nNbS4Fi7qv5s7AzqzxWCk066buY0EKxqZ5leZV5zfoCcFCU38GlUcOGY3YHoWgA6JqIuVwmS8YxhPIRuBqLbaWAJZPJ6LEQqOpPdXe7iJ4axbbV5RmaKVCAnXdKMI7TeBJ7P0tvBRYGSlqJcsJ94LGT+M/14iQiK3lvCYJPctHwrZ4NSiq4kMCw733/MfJpfs0lm0oPpUs92+qOvXcqhoofOqwJJJkDWLFQxmj7KtOiE+iW4McSOoLL+b+fpZjxe9Zsdpcr0SGzSKCRcB6CvkRCMmI9rATGD3FgA2xUQW656WSSpHRqImsEKbgAAEABJREFUdYuNLR6VDK2D6LLn8eQOQl2WoMbOfK2iR//RR9noqeISOVMFFm6NYVAAmQLwE6csGR496OmGz2GjJDu73e85mFri/jK9EyfWHnwzqm1Ei1VZtRwQwQ/rpZeFFkMA9NCqNgxlFPtXUpGU20M3i5ogFZYNWm9kXsV2etfhsoXcFGrCEhBClbxD4wYybXlNz3r7jjUJWcpyFq7EAtlZGbaY5Xf3+Sn/+nAgHYk+nI75/d97dvPsjeuHn3v4Kjx4VBycOpHBgx3Y1F7cswiN2KdQmbLXHCEyPvpMaFaE6ySe0ER4EFSCSLo0xhUycE42U3b+dyNLGkkOR3C96UTq7xm9ILkGeEe44cV8vdtt+w0jM1JfhqY4aDvJinIYNc8HyDn05H5mHw2dGxrXUqdddDnGyrLckuWBx3liMmJ+skwryn0urmfg7ZMT7hSX9WbsmYmDWT/yLNQxIrKNQdWwXMlYT7gckRlbqtw10cJdVJQI7bjOfbXb7YYH8gbG8ci9smP8iho80vl8zdVmywCc43GS7PF0nKkXUjXJEy/JbfqpaAebodRUcCLT/rgvL3e76802d8WBriq+SwFwfrVmDVdThWdanzb9jqGrw5E1Hz6iyYwa7C3fbrIgHDRXMo6pzFImjmHHOh/mZDqOUpNhgwY7ZpomlTHEGTNJs4wxyENzypRO3g6lvwcGzTL0pMQB8mQHy7NrnQZkokiqqsk2bMpmyu2qxEYaI0xm7mQPskZUmXXz4uifmVRm0wsvDwOBdlfXLH96ldYyjXLshapMJxU0wKCTpDAayqaBaufasp0tYQqmRlDozx1mC00oy40+Ib9InvAAHX0gu7Temblnhq4r82fO1lezHKhl3KaCtAHMz53DAmy3Lj9YpsLBNNmkruwpoAPEdoAg8HSFgOkDYDRmVfRRdtaA5JuBTDzVZW005IqM1QwF8BM14OIFzyNRaHetlQ+KgsVYcxGks+dwPXO9jEr2Y6ATROtbaKdZ3HWx1WNVq9CoVtoKShUzyCG7ykzGwGv9XbUo9abKYWOmpC4S+dr8n0TQujsk5CDpWrJKfYypYzMLjdbFbS2bLyZGoO5BZBxUaPgYyShlveFNx0bZs2rYCDa9bShn/0TdhXW/cFYy0j3WFXy/zcLXTq43+Scp+toHprkaXFIVlTUz6gGyZsfTHSiSjyvMP5QjgJj/FCvKu8utZ3D1BsFVKtvk5pjFXpXsZlpdBSYh7PdoTCDelVgdDainOJpWGa5eLmP7eZ5dsfKjS67uNFPakwA2SmKjqGNtDlizwTA01uzsGpmdT8C2kxcRaZElbkC5Jp9MKNTSLIqY8KbLAjTamusX/nk996T/Twb8ADjRrmISLadEfIi0eAG2pGrf6P0b284emhXR3XSbWOJefZveRO0M0JkEizbrxmq1MLOxM8kZwio3t3ClTARahbWJQE5+I+PgdG3HlqO4CuqqCgyTjV0od/yHORbVX0DO5tpU+9SmPo1nuABvP1tIZIimUHtbgBMRDLS4ddN1PnXqicqTkT95VBVURPXXz/vNc24GjfB/3oUf4/4fs+DCeqp9ek5Fk8/cI3hGS2lIguXqOfvd9774PJc3QvWabQ04zN1mpZ4t4eMDRU0frq53jx7snjz68k/8+Kufe+vhq0+KbXn18MHVg6uiz773wdMP3/9gf3MzyWH3oj/vrh+88uTJZnNVFGrNJgeePmZmdliGSYtmpaHPeoTDOBTIdLg4sl9WsxC3ZoWblAsYyb7dKujEcCpYSdCPQoKiv9ZvTxhHrDekte4XIIee2AEFIVnMqiSj3FZgKLRYgcZFIsk6ez3Sw//Xp6RAV5s9raFgF5LhQLOLO7WSTsdsaea39T8d3MboqL+lhcuov/jbz9JMpTs+tIVKltFMMUIaR1YNz+FFcp0fK1KlKoA/3CF6UBldEwTdYyiUFqqOBtMHEA0qZdQ3+EkIoM9sUTWdzKlpXUGV3Bju33wi+ogi3m8AdfO6rzwNh5iaiM0STORJDGxnPy22AyvgVyh7kyBOtCJklgK19bM3nXsDcRmlY9rvChr1ySPhtwXXBMQ1i6o0Pi+EC7sxLs0TP9lkqIPsk9kntmA/ctgHRtWmqpCeaCLJ24tdc74jub1YsXAuZVSwTpZfSNR6t2/0hMacLcwKeCI2q0W16HqAOFWgXmu7kFo4mu1iZGq601rCyV4eDV98oR0ae0Zja1gIQRVNvGPimgvXO9ZhKXaIxJ3MKjTstJlejIIH6sA3DGVs8mGW450nul6tRbvg7IhFMqXcxh3sgJ/NNayTB8hYcBRsxx9kCqdCO5fDIWOzZaGhXlx7eHqPH8QS87YuxtZmvCSV8CyoFjri7f72NXw1nMK+NF6iD9tpez5J6VPfmtztwzDf4lodJNV2JzMsNfPDDUOrJmjW6krs9FFmERFVR8vLA8lnySATuGABnVx4BDqAzImFTdKCeufD5LXFrlorNCa4fkeR3NEEGzu4km02FlhobFp7uEhsEeXZgOV04laLe/ppLnfSLC+5s5y12SZYK8k8O29WHK7jMc0va/ugSZtFE84GRPUoVS+WividlUKM9Drl+ZM4qnRzqCcOITZZrZpzY51Mu1aOQrN8dLPEPCZJeQE2pcU4SZqYt929vJ+5MKO+gN1TZUwm9Wfl1hKm0754CclpeyXFHodoETW0tpgeLKxa6NqGoueRs+x0gjtJ6ohB/UXUYLHt6Ek9zXAh0d6sCkDgfSqh1oWjXPa5Th5AD1/JFVmyet/M02Y6Xs/HTk4iFOVhnPPt4fjoKoNkIq1N9voxBkaqIQZMmiRPXAnedHzuJ0v4zvnneRQoXIXedXxCtsRe+PSwHHTGGsdq3aQ8i4rpVgJlxazcH48lSralbiyzYp6TRCSyGnFsEJJlSbeT0FBCWt00MpydQ0lYiZR10DJNxyn1U1ciM0cOMuVuwM4PO8juPJSwyTAUA/ewv91d72Qau68XKvY32mWypa4BaBWz+LJenyAOlYR8AQm/cYuEiICMmG2zveII1BGyJJS1KacMBQqIAdxhOvAym8SAYqd7L3FAxTTbc8PUsvPrPovwOUYswPMFV+ORwVBuxb+QuSmqe6VTDW5pQl+4bWi2cUTGewhMsJvM0bBAwgje+4oSvY516VlYEMpspllSDjHpBofOOGPvVMJxSY7bC1mWievkzsmFUHChgeZ1RzmXwvlmeOeaVW+UOyTlTgDXYAPLaIayCQ/fKwGqryc84q2Qy7p72xlYQVdWHIIUoXJl1ZXNBVkDwmbQwW5zOBzdmOaZwIS0clSWrJLKByOJltz/rgxLAzdvC0c+WOL1sXQ2QODnsqvMcY4d3wicDR3qBHPIOcqJXogwmwJZKDaBlmhNb8FgeaT9PH84jpv+eD30yRDrKa4Rw0lbgRGo010S9JB0VqZ7zpGRTCNC22BO94QFHn6x2GXg8pw1Uq67M/ho0yLkKR+enAq0Bgpwo9Ef/HNoTi3jye/QGDIwu4ubtwR/XiYLKyjfRmIin+7R7koPPyTm5kk3t7esaMFBN5TcoyS4kBBdNos4ZBSasFSRZ5HbDsDIlnDhfUPf8dX06jmqmiamlIqzun6NBPqawKhrazbcBI3B1/rRwlVnxlHTNxrxI/UvYWzz2hzeILrOFjefqxMXk8eoU85mY5JrfRP/m449L455Ouyf5v3IiTfeePxkSN0m9YkJljPWYY+WnMpS68+EEZaxjqXq2F86tSVpVHJWt0akyV6QwUAg3NJZBYktRwbKXA1D+e4GD1MWLNxMx/Hw9NkH03zc9tsdgxx222Er8ffEBkJKOj8PhsdhRqhMrd9EZ5kE5s3c0mWtO62iTMEjeMIzNnkanYHdtOWz3TX0DHYDnnSbDUPh9pwyTtG4unxsFJKkkOAzg7ZVFTWhfDaNk21GtpHxd7M+rLi5+aRjr9H30r5ywX7PkBpGq8wTMhCGZRkzPIkCM3TbtOmOKDlv8pgVypDcOz1sc19c5+Wuu/2+aEPlNgf2kh+4k4rKMGyZvISpO7zpSXKzkWRfClVJhlg2L06QqMCn0ra5/JZ388NhHKVugnUBm65FLcPMWQHL/6d5ZNd5KQPrKpyoSNzYqIxOCmkIccPerc44e0pd+uKL5wwyh67vOJvgYQxYDAuZ5DuRi5EQgbZaXfihzW9D3LZmgs5/ojC3RMzOfISVgW1CMFO2I5poOB4lk9Gm3wylPqQbgQBBSCK2/iR23csYdDqtSXZVRihNo1k3sothVu5x/kAU1ch9HHp5C8nLLmHIYpVxIrYRJGWAGNolhycF9UvdVLp9UgFSPpxHPek6QYROZz1aqRggVRBlMZJlZNGaREAKlU6tXDERGQ+fatU1W3rVcoQSjJpsHWrHY7WlVISodqXaJUv+WT11YLVRRQGruWItRwgDUZ1UZoWp9AdzbWEzygq9cUvYxYN08Az+K69VbkxjdNVXJXvEyRGr9iPzLdfbpCr6oR7+69D8ZcbXo0sMEMlPoSntPZls0htkBcHFYKuByf+yDjAb+xrr28k4V5IGHASzrrttNm0OgvBYu6GTJYli7LKFmvQwMYYvBsiTrRuSwdbVqW5JtqF6ozkkL2fmoK16BOUgqmDTjqrisCzax885g++2ZPEeF/mfzZxxpI+Oie0DJ3eGxtsAddeIra4+Xnod0KZQdu8/+CyUVekVaXpF7mCNDvW/ValM4ll17O7RGdrtch4pNQq8LgPzmBC4BaemfaOUAEBNsqn39saRVRBzcEe5Jkh2mU56kj4kJ/+LWjPBlj3Jn0GmAFYdIuFSK6Xky5GiY6KuS3VsUbKvtdq3fuXCS4nLK5pZ2h5U8B6h2EFinwA/utmC2MibPFdZ1jzGMF4ApljWelggxD4UlR9jx2mXkIsatKEkitVm1SKgk8N01ExXn8GQw5Cs12CYlrLpIFtXXYJGEobGFGrqgonEZUVSLfM55exLCrV5UdLyGlqe0EOb+PajhIYbxLObaw/h2bNDP61SumnOqRxYNiHG4rktvfRL+OTLC+9J8DFKmCRnXyiK8oQE9HtSmnlo45zaRY1y3ETXgKlibNgyMyB2PRN39N0Xf/RHX3n79Seff+uLX/va8GBXlK+ikh3Lf+9/+N677xXFWNXL7dW1sI9cX11f766uOjZG1FfMT52LTcIkx7NmQdGUN9hMLvQSnUa6d/MPJvCVtdluBwGc9OxDHII8KTtGRBiKD57qxvLd2K0d8+jrNFl01knsNI2OoE8sMY8AoLN/KyCd0Fuk99hY6YVpEVEZNGq+O2jEPZhnDDyZjrYZhOAk8ulA9ACdSP46kehu2APR4onnW3Y9hXxyg7s+/1TLnY3S3TZHxJw8yQ7WsRcTMQJyyXVZcDeNnoZR/nZsZL8FhT1Gr2fIhHCCWSKoqUTO6BHn8wFYCtPvTTElw9/ipfrgpeAcLfBKVQ8SG0dZ75r1CS8oZCmqZKRyvhi+X1bs/IJGIxwehywAABAASURBVPJtNfmL0B7Js/FVbzs0ThPpElX4TF1T0ydUlUvSXxe39qNs9UwR25tBZMoPVG1HLLDQz/3ge6ImFZ66WEg1VxReUhILzMREJ36dUE+CCkm9utGlRNgiIm1NkFlTnp6Tr1QnTlYD1VIOgNI2UW5wPPXAutxQzqwIXVPy1Dg2fBr6sGMboS+gEufyCU455MT5nWVs2KPCpzzZHSIfVr1KDqMq6iLqQMYpjn7cKmxES4CjBp/qzLyz8iFDM+xtBDO4yasLFciEbBbUj855PlxVdp1k7LhqlDqqw4Y3mQAO48WMMe2h4hwqtylOAKHBmgNrrGJnztbrSeychQx3goTOECcc2pntyJX6zvl850zGiK65ddCOR/gzYmE0en/jQ2A7OfBz1CYa48s4K32fZK5hO9urjo6y9VeqMb7N3KxTE7lNXfzx31Oh9+kWdmzCyxYMZ1Yu3kSmObFVtwxmv7wy2nhtGqOFPpZS+xFKsYfKYhvFh1ymWVllQ0o2paSSZWl0jbyNDTdo6DQtCkWjSD/UdGOxMS2a1ug6AB+p1Xzs8nAoPvGiP6SzbKDkhyBBNIdpzBL1aalc6OTRiOZ8oADVycfkyBJymTWb9cxcFHwIIrkfTzTdhkClbjkVBNI2m28vihEuaNjIo4wQvU2LphnHqHpO3bxVUUG1edlCtypt9XNLT80yMgdZn+3X4E91k6LZr8BPjZAhWbkaGt81bTpmCKnNb9JXFGtNyqOqiEaq6iP9sYEJJqXoMJrdRrfxF2B2fTvc1piJARq8J+vWKiG3dGa3VwWS3e7FV5zaXibbxE0aX4ZDtZ84ZFA6RXtD73amv0loD09VlxPlM9oruE9LUaeQWU3IDc31Lu1pUS29XiIbQrlNSkJAdYiqemnKEoEjQd3PGZoYWiVnZKaTQ55u52nTzzs5Slv86iW0cnssMaqN2osORMPG95LEXcsqx1AiJBy4FH4FnW9YUzL1ojU5dyTaapKtv8RdYLuTLIIe6czK9JksUZ2s2xKkuIbN7Thsx8Nx4vQfvQJGuStlrXHeDtur+WB7WbOa5I95O4stqKR48ghzPjP7paUhnDgHS7kw9WMJ/GSneGKGEWYB6MfDftIzE/I4h8RZT5KHoqlZpTHodDqsqs7r8Fq8QZETOjoaY6i/Teob0CjY9uqBWMLFBGaegs4QdxqE4NQFpXY9H84wFYwMRSBJL+SoblKt06WozG6NBzuaWJXnbPKkakwX7AEHFiCGACIn0NIPJI/gPLsKp/Tmqe2ZpJHDS9rKQstacrH4c8iYVBHcoqQYHflf540QqDVoHzB3kqqiRbJzLoqsxCgGN2FZo6w+5v7kVWc6hjqvTVrqyTqhlkCe5EwuyPFLY5myJZkFx5gZliKuSkXCUdhE+q/ZQUtGlyoeIX4jLcmoarKHnnT8MqHHmCy8omeBmY5otxkm8ZzYLqSnyFMvS4/DoZJzpDyhE0PBCDOUaJdRJyXgOWXjnxLJnJQC3pqgQ2MHlXnfQ5sQaF0rwphXZRe2v/rkjbbHzUp3wlByqrBgadSJQ5zvB26mCW9urq/YHQYlaM6LPptSh01wnzw+o5F6W2ocUmRlP0mc0h2rgUT06lGo8xafkFQc6IvCtmFd4Lp6ymwUShjEGuvChW6PYR+Ch09JJ23jAGkdcDHhodlE9EXHfJX1dCfFT7DqKmolM9cDh+RFZkqI99n+tsTaS5fyeI/EpFZ6GExQTV1tNinvL6onzGdnkihf6eTO7DhyvRdstIhpOVCR/ey8pGKiEZZIbVcCx9rxvCw8T0HT5wtHRMhP276X2uaJgLXtycBbcZoa3ecwKx1G6YLpiLMkeNP1TZpijE4Gi2du7nCU4/BjcWM++3A/Th+Mh7dfee216websgsJ0qwZr0S6Ny/1BBe1VWfx8NbCH+3qoei3Mk/1TYeeq1HP35VVKnfvWFCRW7zcm+wpgPlQbOqB4R3T3B/HcU68PR6P+yLwjrg/DMP17gE+hN1u16Ed0H7YbcqgHKZ5X3ZYOXo4G+5EfmzoIn6Or1Dj96wDpyACcuxYhknoxmZJaCa/oeIl5pwrcpQP+m4eyhY2hT+qaisU++msPo0yP3PZmsteLAAM3lN4rQkPBHazZ/GmQXKHCQv19qp4pYdxHPfFGz6NnDalKBJMwj2UfhMtkXEeu67bFKPj2B1ngUlMMxPByEooa6WIzQ1lTu7X79O+OxZNoMwELvN2Lu71Ilo35uVBS4ILloPwRL+UZaISuuM0O/2w6fqx/Kp4xo/HCQbgXlG+OPGPz+NUBHRX1ouwwk2cKGfe5m25ATOeSP4L4a1qsz8r6EonXEjNtCkDvemHw+bYHzTbjiRcEukoVeZlWHNWqjOPkpPlqcpvL0RCqLKCdQIT1o2Kh7HTDmDHGvCeO/EZ1f0tH3nt+u12ty1/Osm/U2asBh7MyUImDkATOWoWL57wJpLIMxQr4F2sI27FRJM4kZI3HtppadiOZnVT0JzoYoygpjJkmIlbPsl9qfVmY8KHGHTSHzlDUhY1y7I0UlboiRpTshASKPeubRCIhh+RzybdQDqd9K2l1dRQG9DsTrpvGPhBSvI9C5KrHIoOrNAin31u9C6K6kXW/eDZsqLz7PezQ728SvYLqL4vN/sw+r1CaAHsKFqcrtMUfWjAgbDG2x6ws4KO1cBmkwiwpWusoCwHIb/VkaEz1SaA9PKMplCgOdVN2hj79axIIwbPoGUbFEzpxLNQM7TrvJBzgNnckhq+Q52+plVrXEv3zKS7kYI6Fza/bU7UbncAGGQHug54QhIGXITUSEcImSkvcl056pWgCD1gHSxZqy6zzy1ggupmzaaRJlsXDlOC0yWm8sJVz/ZuJxJQVRL0BFs2Jsm8KToRmgkCPrHR5n6yGpKnOQWdktm+xQVptHSsRxZs3mjiFPMyR7UIgKjRtXzqieqq3mM0YxqyW0Rc/zlchsJgSFX+yYxcRAxVUIUP2L4wL7kvJV2F+awDc6MU+Vkeij5V3UtzrTUaI9GJWYX+a/AOwGbNuRqFwbNu8gQ0XS34DrDEo1Y2lRrM0U/cCQa1OfVRi5gHiBoesgs8PBTPMPXewK0O3tMWhgbiUR0KrxfG3PeNjaDxMbnCXCFEIJNJD2AlNDFjlKKsH6LOWMBmuwMLjUATJ7LhphjldgxOZfA5hcbFsvxZOnux0F3jc07V5GPsrofTxyGezBPZMC3OEfies3qffYDQ2CAfsdz7hx/9EYtyqqZ5wtJAJqkUXY5Rdripz8K4mfqSbS/UFeWz5O4K44Ux+cgFL789dZbGcU30jUH9Ub21hne4fnt9VbT0h6+/9uDVJ4/efOOHfuxHd48fXj9+3O22xZDis1iH4+2zm/LP/uaWD1B3w8NXHl8/YKxJ0W+VsWNUhMk0R+II0ZEEucHqRicyJ0dfhJHr75BV1pFvk5milQuTEHOmS7EkPDqmPxF0sqTuntQSR6O0CDyH97kuBkugM6uj2qxd4dLTF5QVbaJAGYOb1J5TycBqrKiyDjfRS/L5etemO7ZflMKAwix0nLOZSY1Q9m/bXtK3dE5zcqlUppP2svZDCnX/+YU+sZkLJwpgrZWtMmlS9svIVJS8wJ205jSAxW6tU0yxQfSTBejKbrXD1QLNzqlI1I5Ky+uOL3+i+lMsdU+qH+HpRLzws7o86qlucuwIAlRT00zdjyCFnyPt6PIuQxev8VM3y8UAjepj/7dtDC/dS29Fd4lgsVBSx+lr+chKX4Nv1Gpt8SzEs7UckBm/DJWl3LcP0NMzOhvNNwzhDgaZdVitMjJqC2oli44EKa9AhxaKEwgdC7fJz0b5JI9lYkvCVo56KDhRaLctbhLx0lCunUN+SN87nf8nIAo1CSQFMmPk2YKezS1o0LnsukfAO1Lq0BROVrSrGietSf7a3MXJzDgSZkpQaiydDKinjVHPbBg4xo27sHXkEGLSgxjli47sYFPCBkSjXg91W0ueUazHBkwEIYaTXb3oXI2ez26hmSCkLgklTGYeBdUMxBZNyeok4BPuMDJTB42PX09KIKiPlE99CzkX4z/N3LHjVmhO53auWgQBZ2ymZbNXbYTJV6Yagmnb4NEaaXWS7KqlPRw1iyUTs+VE47XnogZ4XyQP8CX0u89QORGVePKvXHL2Sfyw6Sj1gmTa72+328311VXdRJqN/2RLtc9P9bcLXU3LtI4Xx+LSr15c7gQYYjsNpAmZSf8tQS/Z4nXhKzN2cS90GWzBh4rbA5P0yWKjFhCuE1AvUU2FHJVFy20O77VBqZzSAwToQfN4hA5Ml+z0v6qInOCjZ4BxY4krK6ByF3eaZgyNMSqO5pKOZyZnVkCsp2vlX23IPLtuR2qOElhktZmMbqBjjI90NyNE5phR+g+K04T8ibUPfYLagX2ARgewpe0yQmlks4ZVEnoGazetizBLsd0GfsS/VMmph4zRWxZWJdbaW7w2KqOVkz+yX5Ap5kAmMnVjUw7q2W/OHhntFeNvgAsGmM/J5nwPmfYgXvWs8GQBPTXbvLoOEaGdh761SZIJ23FifsXe7ZEaPF/P6BhzX+/YRpBoEU8K1Uu3PyTnoIAZbBmo5EGrm/Zb5PhT1IlGebXRoddp5MJ71aumPhcLhOuEJUOENTqbWyOwtB6innwN34dd+nwm8kDzkSb2LXesLoxzZtDJ4fBoez10Q5lQlspwKUI7hdSWuBRDHngHliAWTuBKmM8+bX1GM/S0m4o6JIeM54HPWudQwvz0kP2sZ2dxGlLepK4ETktwrMRcNkysUkJP6CgmEqCJBFVBvYYkgE8+dJtzp3yXHGKVGSU6gwRVypd6El+jYwOboJbEitXNYt5uxw0fbt3f7rdX15u0Rc1+Us3kpaXXzu12qlR9XnrG8sK4+8/dGPJRbnYrcvWJFd9hux2OHPKC42SYQFfRGGRIvQBNcnlt1A6zKQwujNvFF8vfJnHzn6Iwso0gPm9nwhr3BYy8KbFRkqlnIqUoDEBqgFzx9FozajjeQp5CVLUiYdz9A7ZhpFBj40d6pw6MQmMmOcVZ2jcZeA1vVZkVSWfnpqWiKlUdJNPZNANH18kDVPfXYARrtL2I31nzdwhJq/iemRZIAhiSzyPotVI1k/Ru3p/Y9oybVGSrNmwZFf92CwzRrVMIjDRE46GTJ4rPbpHp1NGj4uq91blEYGq5bgFlbc/EaTd6lDwpHLghjVQlV/29hu28MCRQowbYgKsHjwmMzKcbv0N3LABAWs45dX1KEzn8mMZEt3n+cDx0pQZbziGUOTzOI9vVI1yKgSHExrmAmueMH8bsFh36zrUUbk2dtTEUYhwFi9NoRm7dyJcXki67KA4PUTyj8cJr86IQLPYlFy4E7QJWLci5kjz3gXW674+sLwkRGRZnndhlDOCYhH2Y4/flWw675V6YfYUJGSWcosgVh3DpeiTTMmZFQogfgm2TBlCvkR/rYcCebSTOcZNREqGIYSY7Z2OgAAAQAElEQVRALGV0VpSYd36j+dgMjPcK4W0AuPKJf+m6lVB85pDGtq48gCBam6R762XHEA0mpLBhJiRQIjMn6wIXjhROYsbZnY63H/7u8cPb2y+88trrDx4+2Oz6NOR5lLig+qZVf7PRVEiHDliGGu6LGsaplWxaKUEdZfSuII3UZcOB8fToQqCTyJ8iYTrOctFpf0wT9sOUOKXNyIiL0vnzWPYOGDm5Cyek4+HZ9BumiEg8zI9xexzmq6G/OR5up/FQLs5GGBAEOtgCEfzgUFUc1aXga0dAARNL3PKsA0l29VHzxJSpWIzospshn4Fh4q45W+DfRk24LVBjtZIjnWlK2MlMUv3Jfdcz2Zl2Enij5upJAhxhv7fybz+9eQb7wyQJ/cqtyycM/pstelVe73ZX3TyM06E4t7PkJOJEO8qWxPCOonR0235z2O5u9vtjWTgMjj+WGbQtHV6WFZjjhSynHYbWZfFvxdVhdruC9anix9pdXRcVY2ayFVZEGBEltGV9X57Yy2mauWg609SVrssTHfaHMoj95sjQGXa98/BJR9n8R3cUUCwMkfGl76B0xfXVdBwPe0YWlTUuoCsD1MvjssUQkytu6oswceMRqCr6ljFdqotYf0vkR6oEfVE23zzhiDwd++F2e/2w37KGJZswqShg27PrAKpS7yo+dwptBolgZKFnnzylD8mxMR62TtU8OHHHoyTXm3Rrc2ONvJZVnlhbXHbyU7F3WevyrcytMntHoUoCQ5Gbd0+qQXMNruTZYPcuwxTEJ0uY1EqyvtWdStVOgFansi6o7k1MCo2wtymMDl+FQpOkKCJsGtfsJ/XTZpdV2VVHsn7VKF81cIu28cU37lBQyWYKcvvQ0FGsM0mC9XqZq43Ntqo/N3SiKxIBNBE5r7YZVBOtI7uxHvfzFvoDbV2aYeqgfTIlRhqTlVLOIMiEsyJ81eXOwBHxI8DkrOsdmSOzF5NaxoZBvOYEVcyJDOcsTpXaR2h9AlUPajraWuFINpOvii+AOPbjrt/GgvdbmbLdTAxTCVMsaML2tjFcjR5kSrUPH1HAAdqBRTifXegHbpd6YVxP5iIKt4X6PlMrQ2Ri+KTTCJLA6CnGU0DRACan6q7v8pfcBwGqm/HnRnpHqChpY85Q5KPmWsqypaDhURzAbVqxBrmyu7uActXeCaoBJG9TrBGeWsZMWYtPyIW2i439EhOCXAEzRcaEGJDfZs4n+bNsCjUDk1STtRvWOiyHyTw61r/61Sw4rHbFN2q7/27ZCtIF5oLExFlsLH6tfp3skE+dDtgIL75VcpSROfWb+e6TYTl7sa2eo9S8Mxuhb2PXCMpOcrHy89LinAM4VEmQaOqcbBaXq2pNs6DuJU1tglD7JYpEI+qqqH6FxbLLpnbCcg2ryUrg0vP05lirY4IjhJJZzfbVyeNOb0TVUvjuljsegYCXP24KxQjVj6n5G5+kS2MU6nrMiovjSN5bC0fuXT1DLzkXnluWj2iwdc2HrqjHvi2OiOIGs6QwKAbjdpOudrsnj7/09X/urS9/6cnbb28ePkzCKbK/2R8Pz4pD7OkHH8zTsfxku7t68PBh0WZ3V1cbVkrLPkySh4amSShKpklPQ0LVzVLDX6upEu1cOpGdHbJMPII4Kd9ud7vyX1F7OycFMeiK4wFYUk2aMDMLrSATCMrNF4iTGklXHpOJVBF2hzNFBpUsWBmqpzhtECtvCr+SCKJGPcX+cNKDGF9VQVzf1tbJh6mpmCurJ+PZCCaixVzBAErbU+JB+h7OSvR2f37/kzufT5s7yyc2fS/fiHyzq++FY94GrC7FxR4GpkYL1HuRKNSZTkzIeZdRgw0g3WesQ01vAM/xRi+s8ve40P3G7axcEFI6a3k5Vd8Unv7o0+uE0FJzI8lPzM9QN4AiytIeujUjuQtD9o7JbvfjQ+3Yb/t+YGIzi3LVDUAmSvJ+kwPEciDab16VYDmqba9B3xutjkkR/s6jR2cFa/XI6sayKlk4KXZqlMO/EjHTkZvdN0fuYKLA+LsmRzUHD59Q3BafySBpmCGU72VlzjZPPr7riD0CY1iRcSKnjzpZxnYf1Fo3zQT1N1UvtZsJ0m2z7SLZv8sW/RLe7CrNTD8MewWt18MDJ+lmulTpEtH2xbYmbuQ2HejaAl+trggQZ1zPjGBKkGmodYSFdqg3511Jg1FyCCErmluFlbZcB0R+7IRZseg0LtHovjEcVE85Rg+Qb/B2GQfHDGQTvyS4MCgMoDTKB58tteUXSmMVwIn2+QNZPo7AK/3zwQcf9uxE6ouqdNgfKQIIn0SlqlTET3UUzL01K6s5srs2ZKRvmul0twizg0SZ49OoOVNrUMFlTcZsrdijP04xkSi2C71obPlMf/HJYlLREXSqugZlHRiFhLv9mt1i+VTPPWsbBcHpleTmLkBVTxQRA80ohxNOn1h1fgqzt7U/q08A3anR+p7qj0+B6ujoljO7bwGr9ANuWpeQtv4tnD/G1d/FgLou64QoqBIp1HYwjdnZRJwoqyG+0sehmhl3rYtqEOobPdM4c7gn9dFROn2bhyxuVW1KDLPEu51iCL1GywlbdZZ46zrG5Y46/62jBr0P/WSR1YjjUpOoCpiThY2yBlJ94OTItY63nrBiF8isfI6kexD4ST2s9FmuUei7dNo03dkDwWC+Ln1s0Rb24/HmsL9OwxWfT+foWgluPOtK/Gnf7ywnKZnmVEcNSQ9hl+rhJvVyjQwWOYiy9kw8DlQ/EOOMA06H41GCT6qBZfcp29pQD4ic6oUSp+K8BsXonKfNnMYujXOJYXhuOsZbyIoUj/usHcbhiSkVK1XShIBTgLtJydEg5oM6jqwIFLVyzklIGju2WvkoNEet5t3t06f7m5sHDx9tt1ulQklnSHe6NJ8BFgutqsfuNVbXsA6YO61UOzW2ZTeIhH6pROu2u02JuvGpbDK1Wo9biocs5a44DPKUJGuJYCokbbqF681ei+qpooKX5vPLFRd9VecIiSUGS9ENe2Oav/txrfyBZWeGOkXuCwZV4rx/NORb86mAaeBgCawU6W2AEhPOrFKnkTQuKKSyaPv/hnVIZbazPBdEuT6UDyjH2JPhjaVlAzMNwIglsDZStuU4G/EH+YirOopBrJiNbpwHMYOdn6ouEsAwrrNbObLHJVKSFqyHtmsfgqwIxT4yEYsiw/laVdOBqp0SEi4bnMBA93JXAa4j9eWfmVdY0iOemtiGQgU346PujdAqD3aRy3inebYHpSrUmjkFl6wd9ogxdAiOef5wOvDJorGE1/n3QYymD5ZTpKBQEPFhqX/KdjQ7JzFzkL5LHuowIzGfPHYR0kHD5cT+jxC2pLVUpohWRKtBFjypasgLlJvz9UFmcpz0EdZXrjqE9ulXZVn8HAvDLSTL58kpQJ4d99N0KPUZWYR3SiDQD71chB6g8ENEtR72kOSRD3XRUtVnLL2IiqEkqeTYCpZTZbqDKdsVMYeByQQ41Waw8fz6Wmia37xE4zKRjus6014s841dZjhPDTAyFfLArZNw9azTI2aGt8pCEYZh6dJRICpMl7R/Oubpg9tnrz98/OYrT4r9gLNk7QIahIEjghi4bA9Fh0Vf0rLBBHMzuAttrnnhwUJQNI3EbHgDlnwQEpzrqGPEByffGYB9EPvMu+2UNVHJNANHUx9cXZcdTeL8pUewJ4Z1FlnRj2nb9c8YljSrQTv7ALkg9uWNOdCoqCSh3uHqr5iVEIJVRaEIGQ+MO5n63WZXfBvFwTHPHae3mTid0eRuPR1BtkHsnFX5Ywwpxec8OI1dGdTjYeREaeIc5icKf0meyjyYlMy0yOQHV7vN0O0ZscGQGxY3A5nXWDzGDBfkdhcVoCgFU7mI9NgPA2X5pBMfNCm9VDxPXX8Yjofj4XZ/OO5HpkedJvmGnTRJU63F+W7kTGdS/zp9WWHqhFGyzMJh22+2U6kW1+1wHCfJwiPoGs5Ew26MPCsQZRgFb8rjdzOV68sF26sdX2YecM8GV6eUq4liTPFNGFe2KTrNvGMVojy3/K+8KDMl+/4dKHX1NMaAi9wy5627QOokd7eDR1lkgoiz1uewKFzaEYzhPXZlIPg0rKTaUV8KY96YW26rB0ZR0pxAQxbJh0pTTz10c5fnITsHduZkPsbXjjhLCCC5SLGDjfVQeKOXtgaHTlpojg2Abr62Fu2K8nxFBoGxDhntivGxz7OelFUACv8zuz9PP0BHrXIfzbGktffL1cqgAaDJdrAhoYzqq43s2WayMeWmanqiy2Rw96JeWIVJanui6QJyAd9+peqj7d5mSbppiHW3CXQSLEWc3/55u571Rz5zWikAvAnUYohFqUuyCoaKiObcc/94RNdyKCQYbUJJUmcbWjYFoDMmylBtzPpnXVBBLb2e77OGMWUsmyeSlCdJMsxePu9ZGFkwKRuiRYW8m2+eygBMha5mE4awbUfM5Uhdld6hXWOZ+a6dvOYptrRFF8BCX/CB0CH1gyhOecC/zUH0gcaHCLH7g4BxsRlPeZzdSh/mUMsqUnjE+/Aa26EdG5pYcl2cBjSUvakl2kGu7MX88P0DKj5Kr5n92IMrqWjHdipJCS/WmfTIZg49hxYzr66DqnW4guRIJMG+WuZE8LFuxrHpp7tWhN8W6rQGcEeQnZOlRpgpvR82s+ZUo0I7IWodUy+M6w1L43T15KsOM9TktN4Z6c46w4mek2JW2eNwKR9s81DSNmwdRH491X1E54b4KBYP0zdq8dkySCrxPPemaEsU018uwUXNba43LWucZhX95E4ot8y8VqERR8mUFj1xuSwX+oUiTrwWUySXp4hE2LNUquGi71LIDfRt+TTOgGe+Vg2wIy4qduYuO2/Hx3MiwMf79cs9aDEBGy9fzIzn7FQvLBeu+bh983KlEuG0ZmmtjHylkToC0MSSRa8ucTM2I7pud7V5+0e/8urn33rt7Tdf/8LnNw8fdNtdEf/7w+FweyzesHHPGvJUfHfX1w8fP3785MlWkNxy/JNPf0gKQlZWeRnOHo3Up7t/T1c6NjsgO2yNUCRH9hkBZ1+JZsgOsOoY8YC4MLhS4E6yJ0XRhDVgKjD/StHAoOkaWWUkVSClFkZGOM/KWpfl9RSZCtS+kTPdSpLYC95EWUoRF1x6PpekyUw1IBD82clX9A7R6o81NyLO50cln3Ot9zxdTq9Dn+ISvF+RnQHp7EPyTcImkSmkZ21HL9mNEHHEKDVlIwfqlmOSwPyKzVIWYaiEq7HnfsZ66xMqF73Y5KQv5mF0/b9V1J5zq5OROWH3ys3hm/bjthbxYmEKXRC1eFYHWPhO2uiduk5qaCxuSKGmoiRl7+TYlqQgw4aJ7nQX0eiFkl6EpmiHyfT5mko23Nbqu5YJl+sUPFmU0ZCw0SAsSm2erQGweImbOOTNyOYoCiwGLBxPZNE9RdYnocNI3bIeCMHAGJVp7Q323RidlVfGlDZZUtiMlomrKDSrvAAAEABJREFU5Yhrzeu0kkZimAIaMRLmKTGbCbE1aiykZc5liu1FYthLoLcub1MDERyFgwCnRurJTKonbHyf8Q1MAI5MEMKn6yYaYTbfejrVwGslFvIKjaeQRI1TT1bfL+yERQsuSerFB3lxDTlbo9GCmRJbm4zNpqxHp9DbCSaFqxPg5FHkUcVmQD97O8knWS7KpRcX7iLRHJ49e7YZNmAeroT0Ejf57BaJhmTfOCX1Qlr6kTKedlcVKL6zCJX+2V4Qkja2ofhVfAgfu7zwJgpfECceqmyxPTET+CkU0oAif5ApJJ169NxCFYvasuCQeWmJ/PQkXmh+W8uTr6IDNbK+vIba3yTJX6QRxDB7TtqPF54R0rrZiyiycJxOXm0MgutRy/uZCgF3lLu+0l0ObJ/MfqqZvMJxwI7qW6ECQHLuk0gKsKyAN0yODEsYi8kshNdGIqyy0XSyYzTgTTRngLVOe06ixZbv3vtC99uTtpx3bzrvgYvC1HfcdjtVCYxwasObBNeTKLn8L1lumoxC9Q6gh9b1RIudajLVwES+Dx6CH+DXG4vfDC3AFtt2o5ZptRqFJc7h2gdlFy8htP1xPHTjiONQnP4Jx0yHabo9jtf9XDz9aIt9rlacHi+QOFkvRCVJ109uPKcYBAVArYcHFWJFkgKsxFIYVhtdrderhqMqB4hzucTztkN3nGV/n5kBZUDJfaBkEuhcFebBYpuUORqw2I29j5fFZkk1MnnFAI5xykMJw/Rd+TsnzeHKcpOztPKB4mM/TBLyEX0gQtQu8Wwe5tMlc4cQi6HQqWKrIPT5HAaUa05yK7kGSpBm2G2Px4O0LhLziapbHHF88JmpDaROGV3tDFVTOlKiJVFBub0eDaHF3EYXIHfJAYTnuVdCgimLSE66uM7knDXUpQE91w4Pq8dDKzKJJIRdwqycDOPEBrKllDyYHEkD+GeTOKAzmSWjnvUSf7tK3ZVQ24mxOqtYcZMgma0ANorUrDahGux1+h2L8qniwNawSzXQ4xd2ToWMLN3yTxG1fQgRsYOmr10zl31KPCyA4PwbQkCBmpYKzREu9LUcy2SqeMHgGE1sRo+POuYR0KBtybqXgf4c06SRMd2dyFUmbhHyFl3Fsp6yZQ3VdWULpJ0eOlgG6Oc3s8j0jsP0+tzk/vCFoK0mgCbiYcSJ9v8t5GGeBpiuunkjPPTgFmm2+LfwdscOW8LHzIdkVhb7D1LpvpzQjt2qmL6wKWg9GlWHmvhQTDTbeZb1xtMjoNkNKXCytOSW2ekNz0u7Y2Ks0LijK2CLaaNjQXwUOxWpuUH7ydDTB/np7Q0HRotMHXpJysqnBTrmjlmMnPNJ1Q1RM5mSRfhAOXQsHwzPcD7rJpyYjDcZisBOZSFxtjOO6nSdqg8MZJpzJdesxg8BYDzxhdogLUFaviR9+ycfAru7iMqyfXBdeVoXY9byPJjRWQMcyZek7tEyi+gp5ePh5nbmnHTzkB7vrneYdl3PAAHFjThODLGhs8E6iPqQxo6rXzUTyFYB+pKP+ZWbOZBE5+18WjOlNdP9wIjzpIcxeknOm/NRmH1GUdsOx+P7H7x3OB6urq52u+31sO2RoVvlvx07jjfboThb8FZpPfJsYNXQp7BZpaFUhGhauk2UvbpsWJyCjAZJFtMBp13TbOiJ8810SXMAG0UEk+8IJ5ltsqKhCwxCjzlG93YbHMepA9maxUHMqKBuRs7ClzKDRRh0yhw+2N0iFrf5NHLueQFy8LFJMOwRiSe565kstS9qySxkGgxyS0buxyTau26z2W6OvIr2x2OZ0MwW1JW+Zj2h31LRIcijp+AOToDqZSAhwNAtOEtzhs2OUSvDcDwcxuN+EuAC78hdEuJuVnNympUOdjxqfhzO71IKU+FumcmcCVckJyg4dNXmjGZOS3XydQzbGco+N8wbJk47TiP3ycSZRSk87KoqRZo2Xw9VSOHiH9dNoUqh5tsa5kRz12RS6AljnIQppgiTgc+Tld7NqdeRGOImpmtlzVMi+kEq+72Xfsiz07jz/9QqkbNlAmhkSaNYNFjIcGjNobrc7pI2aMPI0RVhLSPbStyPqNN8Vs6YbPQncgRMD9VOM+oMN4QbxqSIpUK1i4sMRYbRLLrZaBgAAqErRoCl7TMxFyPjlKSJKTuaYFSbByIKY3MRAC7YkVX38Jmsn+hMofroC/d1A22xq9fr9AujkXBx1z68NWjkUPbsXkW0GlNnoVUj+kEw3Feymuh9G9QRZkWFSpJK8oi+SA9RyMCQPCQgW3J7zE4wijkqPwfjFO1Z/2StrhP8xyQ8yhPMvThSNOOX2VCg7KqiPyyHNtyAadnz5DWvy8F2edP/pQ6ElhZedexsWER9DHovB9pGJ0pjq5HmWsIMjTJimqpv6iKYtRuEYkS3sCCeCEe2CL9MzbxAlQ1xBtDGGREiDxO1QQ1lARQZhLIEzB9qoNHQPFuoU905KZljWKG+FpM0fYKsuoojEmihjnRWZiIx5BR9ETqV9LJ7lXRAzE9NfjvMSwyD74onnyEs9bxTaXMme5rZXycFWTJNVEEADsdZymOiRWVAT/HUj+gEe0aOOPGzQ1EfsSCoNU6w1cwXT4kXaDhynTxQ+UYc/gtmVlkvkV+Xl7ezkVcNxExTPVBnD9FK5dDQbe/NtRqhdLmAx2XN44E6AxV76JpzmJouq5S2DJdtbg/aeHNepLc+ryzmiAtKf3v5vlV5tBFqonvGr0lh8594buFUiw4gFy3DTfUJS3F+ceIC3LcH7t1TH6dP71Uaq6kRji5sY+7n59a5HawX2y8Xfn/B63Kfm2Dz/HaO4/IaBCOIksUj3FzM5L/dXD1+/Mobbzx667V3fur3XT16uLnapn4onTEdpxIrefb06c3TZ3pGa3t19dpbbz149Ojq+vrq+qHU2TjeZiU5EUVJJtUiVECREUXXF+oBLs13qlqcbsIM6Oh7Yyss6rGcAKI45Shg41GzbSqbIDelsxKIk6CO1jvPql2LYqZhQ7BtWcS+fj5lz1GvXIqmPmsbLC2D0fIpjQry0QWPYKqIU7UQhCVSXZQWp8XKGtEOdLN47zdbGlML7+fJd40R+3OZjS/ElH26RS1n3Xds+vphEgilkBatppP3y/uBghus0wKZGPcxLEWzYHKds65zxIPwuy6GvsfFtstLrliqLmkIO+SF94tfX/xafYenYuqe9XRTBxvkclNbCKPU5lEc+1I9wZ5kjvhQ6JyC16iQk1PCoaF9I8B3OusU0yT+ikxnND0qw8KGwsbzd+L8xTMVQzyzcrxkdgXX+8pkmBcRa3HOwIcRHddPC71UdV8xdsy8hhqYbPpZhwixdqBqAaQWDTH9KB8y8uvs/0nzyuJSPcpYjwmiGxGpM3091OdU3aq6hNmBq1hadDLPZpZ6l6kCJnVLqO5glGMDGqDCLkliN/Jkiarhdx05qgw9WyqFvSS3Ft+TDQ6CpUbS/D4952znk9Sq3EqMt8F/oinsKZAfZlgGNMce6KFK1NROnXU4+QOlQirAXOVHnydVXPlctZ5UuZ+UoUHmM3izbGjJ76O0opKZQoSt5i2CGD/Ek1WMPn4nouD0LQDeX8/7zJaPsVOy1iK0b6+/9UZRbEpAkVWHJopX/5799KQKl3rX4k3w3Cqcvb/HiNxz0NR0FNnCCljfYcAuPGCwvFe2bdXRUBLjMQFi8kzWB1b1C++qnH65+B7xHq0zZnKlnGufYlEVhObpAHWZ2ITnqe8uXrChMa0iqf9RnD9AxtebbeFrPp7SRVP1G6TmWWA8BCY2MMypy5OkgmHloF7dbm0TF2lnfKXZaq5SpQ4RtvJDRTeY8Qy+wXrPyBlHDTLGOUUL/S2EhXyTrHSWftIPNFAA4VCrJIfyVElWpxaJvO1Qk0noviYLBi3xum36y4lsco3zr0x+1CkM4aXyRnqAz/gQ1JnLzlTS1PU6ABz/REmkkP2EFcYkwOqHML4cE++oNAtEzS4MQM9f33Y3fZvc+ejfxT2kzy2Lho+y/bxCcSh0Na5NsWSEOIB0P5SRQ4MzUKphLlOE+EFCa5CMnEATAzSImgRKdWGzPRRqrMRy5jtBO1FkiwfVP8fDzUegj/M8lNhDL3lyyv7J2ZJoMFAX6QFSMxPdxSjM7JyRYbKdyp6kXir0DkymVpgKSC6DSKgg+o6SEMNxf2Wvtnha9JBgma2bEoXg89icKKTjXDKJDx8nydQgh+HIp1anWe1U5RLoktiExnct2SHMiaVHVPmc9Th3fA48Zzd9seegBp8N5njQtnx+uD0crw7bq+uFemz6HZAfiX9eaezMC9ITTVUS/6XG8qUnmSZA1iaT3/HJ6RKdmscb5XdXgYCKGSmdX1zclmFHpGJiKoGkvEDZpnGYWvq4zuEb6BMblmuYLtTWpZPHiaW+NYW3mnUG47Pbc0O61NnInu0gRHRxN63PO2FJERVag64iryihYw/bfSIWqcjchFV8A58t9gOcWbmzaJSVACXsytPLOPt0XmrNlUYoe24PvZW4KTvOecYBoJ43E9CTzo05QWYBsaRIxrXYdDgAeFItU2sF9EIqRSL8Df43Y3t6m+xcJZpWqUC/UET8/0mgStwfU1hOGP9jcc5dqqkldF6UFcBzJ+Ps/TQLI0pkYBKBVDcso1ZMerxeurk5HKABFJEnWbNRANVGRTajOubxpWc+Mj5zhNt5HCBddXycSnjRy9070zOqMZlajUV8MwKVU1ip8m1oLIMPKUPDt1inpe5hvturYi7cOs7qoDEIi3bZKq7zlqqmgM2mDE4abk9sHu3O9UslviBqtnuw3UxeZ0X0+b1qTSQujd1Vx9C1qx136DQXqTbPI4OscChzqMjC0ixJ8CHSMkfml6rqhKohB7kVBGqHuQk1pUYRwJ2Isa7E8SRDSTfpaWMNHzX9bJtLvbn040X0z90CtjH8q3xg7Auvb4trVYWOsUcCzdD5y4JBtDbSSZ2g+QVZvIk7tCiIE+QRcA9wmPaHIx3ex9cPN28+eKW/2gygOXA7wIq/hHM3CzUAJv8sBTYhusV8/W4WGhCXi8OzYujVoSIYS5OtnCdpojxJJjjeOAbmzC6DW/YCSZA+P70Zbw/728Pt1dXVfF38yw+HflMkYgey8ZVdY7MrInCP++JkTjRNvMgouXDytjT6b2OLVfcEakR+lrGQbHdM/TQpFJETxPTMM1m22Mxp+oS3Qh7FqpET4zFNdx6LBNJUoZSqmN8OnCJomvtyW04kNHElJV9e5vS1MyNayuRiEIPMaG7R4TbbGUmet/3QmWIva7300m7DPu5iEu6Ph3JX1tYSKQ9HadoGN5uiiXAqwmeSne9YlAecGLo6jMPcj8PuuvS+bomRcU70LME+qkcLBxaq7C2fxBGQtrurYbMdj8xoUpzpx3EsnTQz8ZD43osQztT3U+ktTlM0SlJA9o+Xpx/ZM79lDrjyb6mnJldzoEYZyCze8Vavxa5cSEP52YHvF84AABAASURBVJbzLu2O+/1hf2RgEktT5y0DgIq/0uWQMA5YycS0UAwuJrOv01NjIBvzLoBGwovGqWo8VwjmY+qG48z5gzalYsC0TEyQjp7OAG19Sf2T4eyFM4ZYS9PABZPBCKOSaMdZONJlizLVgoWaEsNcWJinHFd1icW8bl1vPu0xdjGLa2t4V/ckTf1soJNZnHJkR3/ZdaghE+VF8+3Sdvgw4RdhajcCw+1Ji2A3On6V6zi79i/6WKbG3VhprHys4vTYXYVUJ00eAV4Ylied1rW30p8BLqPysg7MNoE6exYOURPZAVZW4Js2EH2OMloKRDMzgHB0hDXRjWX9K7Q3s+TcBQsom2YgpkenYsHuYRK8ct2ZsLXEOSA0JzgJNx7LzCI/mRCOZTW/ZcS+QtkYJa8pfp02Qgy+Zsq59SoVajCK0TV1s4CEDY2/OQH4Dn10ojepuj11LrS47+WoddKfuR24qksLdSIlI3UzPdz8Ms2WVZ/l+LMYQbVtLQ+LarRinTsklMyUQH1stZiT8I8YB6CcBtQceGYfmYM8+0khCKgp2l+x6qZsI64hA6t0btjH7cdJ1F1rODW7Gpo1o/4Vvnk2VE8g2VvLju5KtngyuxffnZZmUbSXzKBadnL7i2ZcXOB7TatQMJHhrPPNlnxS1S4tVFZrEvnQq7yjpnq0lOx41jKXXzZ/7JGOKfcqoj8sfmLemhidqJDOY9KEp1ovp28OW89UJRUoBqFvbAtUI9BP3NiF8UZlG5jb1EKQXgHVWQlsO60dGFWkdsZiTfH5CRcZqZM0SqY3xjas+4MupWosVOuFYGldhGFULRds1XPrSZNNzYeNgPqY5ePf4RO+M/qfGGe8cMH9boWfVOvueZ9YlDEjmt+iHk9BdSXKFlT0fQ4Q9Fe7x2+/+eaXf/hzX/7yK2++/viN1w+Hfblmmub97f7Z06dPP/xAQ5ZXjx4+fPz4+iEXJkosJsZswIo8q88joGsYJ6zBd1mV0krRVz4syvPxeDse9+PxyNc4pEO0WQaceD4dOYHt4BJFkPAxMEGoaNNQMNx6fdsjgYWZNNnPTA43kc1CnB6qp6kyNo92wzDw0Z3JjDPpO62hcMLKkSFxEpl2ZL61LFTEIoaSekNByFE6H5fFovuIpXUFWF97aW0xxJOf9I2wlw8v3/1FU+6+Qg7vvrStsLXB/y4PlKOlw/UryTdscgwA0SX1PSJBBhlteh/R+Gf1SkUG+X5J7ppzWdnq93D/tn8fFHdHyN7svYGuXitdPC2ZTnSq+TZzWrIllA2dClsRekJzcp8K3vmmKRdqUpWnpdeY6u5t5pVti6ri2TxEAxPopmsuGPTX8QQy5LS9TQYNEHV5ZtliPkZTnflgDViojDzTU2qnV22pP66pLTV7k3euqf98bTJ6UDD7E1xtccBs/DwWAzXFtg6f9smWAQRXnBZJ0YJn3nvSIx+O4iMzDXQbRdezoNWRvSoxOGIH6CnJRlfUGpHF2siBJgo7CaMVES96DF0V4nvzIp/1fWf0IiJrdDeoVK5LuS+1F4vRz7wSNQe/VL2SUwDF/zDJkSY+mGAkFmKyqCQi3aLKJgXUZNQmC3cuau7mnZ2yATt2fM6n1w6ChjP0zcmXOtmSK77x3NAfl/qcqYnqXrHPG//vHTWwzn7pJf59WV6mkXLtxC5FPjV2db0rb8tqQcsG3Uzjj1yb72mfs1tDkilioGprgzI1Lu/GaWT/LtW1O5SR57r+SUHKH1WXqgIQ73y6rfom7Acmouv+QuKar/qOLS2TwIsnhmHuBhm4Q+1csAJ4Skj3blgkYHkdADQ7m33qh3ROJyvdMV3QHYNn3zRztB4zs22DTKL4ltoe85Cp4MgSjK3L/jZSVBxwujnIxcFI68AUVB99prZK1GyaqhcqATYqGMFzR7Q5aBatk03AW6TzVOLU2Q62ttprTZ3T+CiJmqOM/MgONEiRSdNKYEDCiegS6ISshlW6SrwE6fwyNK9b1dN0jqFFW8m4VjzyxCg3fzTKKV4izbSjN9L0MGjoRJ3G1eGF4smQ+iTyZCAQW7rdFY1twJtGtb6maCyboe460eY7WwcaFUgyZrJNKkBc2ak7cg5aHQJ9SrYTvYz1zHYqRHPXiz+Owogg28ViyrlSZOquktk0vlcwQgLohfOt75wYkWGynDishEkns2N169dUfcXJyxqfUB1xEKuf52KLasIlOxuuy5aZQOc5FU/xNI19KpGePk3HkZ80sbeYzylqaKbsFzc3xQgetjus7NoQVcWXOW1wUtoPqW5BMpKdmLWyABXrM5SI2HZ7vC0hohFyfb4uTummnsZscKOUbQ2Uycf0FBKDNYzZognQzOy2ZWj29L32xIhGKDBK54oq9kLXn3RVU6vjvOjWiJehpa7+gZtC/viF3WRSWLvSOlV7WKcZ/5J5AeUYNRWBMemhyPE4IW1TmTTu50OzTuTOXdLDlK7La4u4gczwz0DPHntuMoeaFP8DYJ5x6ZmZj16bMjnrCJLLmQSQ4QX9LA9nUIqA4XhmpLCMDKxc/i+YLO1BWTVyNleMEw0te2xRLfJsKiOfjc8aJ0hmeUKZ+OzdYaDcLGwV/CWZiDKgHGIVXKcjaENtpr/v0cnYysDQJifXQ93qWpVAxgxgn6cSH9gRHrvtLCBEAj+eKTB63QzaE94cxhbAX4DaVAagnHl18xKjDlSDN9Q0x+newUIoYNmycnKCplZ2ezOo3Slc5ZCxyXU++9QFWAqKaDmcFd2GdAiIzHBOypIliVESOryCZfLcS86RR+mKHj/BKb/74ftPj/spMy9kGhhpKKic1DHDldpSILO9knZQbYTizCqG0I7SyoKTRSeU9hKU65ADbxOHQuWkbqLasEUzHQJ10kxEWArSOxWnRdclg0f5QIiOZE7QTohBitTP8yFJUGwWjsBwLdji8GgGzxjxNhYF+4appo7HZ+/vD7f728Pxwf7V7e4qbbb9kFTD4RGYfSZUJaVpqm2BIQprIi5oRBcANcoS+d6gn2cK1DJ3+UzZvSgkORfEzdlht7kqjuVjPx3zdOBNbzowcIFuhPojj9NVESLXWFzM/YCDYAN7offomDNkPCAcJzie9Xisgyr6RdjILmMWulPMZzkQo7HSNB7hhp5u8o4xnXNmQKlgK0RtRz0vAuIR1nRFLHuUMUX2Ed3oBLrHkARGUCSGZA79rMH94vTlvDGcnqbv+5nhNx0nD+qutkVG76ej+MnHwz6PY7/b6UlKtP5kwZloGHap+Nx7yUk0FguRl5WkvS91fXB9Xfzmh+IvP+AseYsYfjIfJk7rg7i7MkuKQOU5Gt63o2Cq0O2JhAxDvNfl0mFz1Q3beTz0x1H5yef5MDBCXPI+Y3HES4Rgwyc8i5ue6adK20YGx3THopwcFXoClr3RRok1z4Sefq7ChZVppeMsP+W3+3LT4/5oh02LQJhtVurpLjJ0XYeBi1CQEy7mNgWewZ7k6DddVQpHzKScYznSZBLYbjDN3eE4bo79/rYoOhyx1ygCd73CKOdIX+b4AJv9TGdTruszgcE1ZegYoFO1ft0FgTz1QF195MexFhsQtWYF2NIGN0iqEusGkugL7iZiaJDaLxyLGfLgqq+fo81yUndWCnqzs4wrXis36zIz7ab6De2RqJh/glBqLH1eKGJmlbixExt+SFiyPwgnNlZ9g/G+kay0VBvtCqx3a4tv8DEZwj3lSlW9ReOWQAzdVrfbrNoOWILXtiYhfsyCMmGpW0U6kcLJXYFutOnPNRaXqDbEdiRwT1rorrOZT1yVbGoGo5h12ie/Q5+LkcKmxAaFwUfztwuiEAXFgdjE4bW3mz43f3Iz7q7UdqbrSoNT6qEdGJnaDmsGt7txMbcp2A+aLEn2pOQjhOYBkB7NkXS+8Uyge+klY2VdCOC2oYyoqwn6JmziLtlpeJMCaL+1ATA62MToHVUnAgbEtxS0sR1/t/RW2W1BtqvNJTJHcgcfQXLAcDZyJ28KCyE2fw01Dc7EAaFmyVFMNBdLVNfnbCNzVdrZws2uyAa5SFxft9Co4cniIZrbD0nib3LHWVpifdnii8iNk1A63SE013nUWhnW4ejgDDuaqWVuEQlyNbas0F7nasu7dAmlEXHB775sqLlS3KBCWrpbCAKmCFEN9AlmWVPJFyk3I+Z105PxULusWU6mNQOAOayWUo6aQIkJJDDRT+DzAqzLmnojeqI98r+LdsV1F6MI7aUh2OqdqW43ZEvVz2y0DXahH4aF23w1oQE1Ij7G9ESe41md9ONLs5V/m04vf05BuH/Bl7n4znJer7x8gXc8HP2advFmvyfdt8XfnSIDm+h847VPki1R34MlD1wx8orKuXnlrTffeufLb/zQlx68/trm0XXZpm5vbkW9nG9vnh32+9ubm34zPHj18fWjh5xMZ7fbbDbI9LgsvYNxBDy7TX2+HcjwJUByiJH0ICFn3Lx99uzI6Ba+F7vXHGUiKSYH1fPd2yweCD4cN0ViHRRgcgqvdJO5BiT8zbyGmunQfyWHEPy8gdZEGVA0Sac5kZKRXuuqUjgLu3U094Tg1BVYbjps1s1SdiHlttN9lQ/GYTCjmE1kJH0A4bw6lfg2dM8psX4bl9fyHuQXVteDkPBRf/HGpx8SwMl9EV5uuS5u3GqtWj+ws86h71TpQ27dZ38xO24cWlQ12DCiDrHntFYVHKr/z/YHCcmz8ZBM+QE9GEfgBoOvao4Yi3iVrLUoSaWznutKjUlDTbtOSitT8CP120cul7YTOrsmes9EPPpKRXGHkahGFkTTyU1NbA8NZbmYpTHlaAEuCJ+rXpFP6iN3EGuQSe1O9i+EyBOpd/YAPloK1XypjU71bLpndj821yC5G9Ie7fMcK1BXEhUTT5RBVY/EbpVOmRQN62wqi8xHVezkiCcoTEWPy8xqBQrrOPseNetquK3RzEVUU9a1RUXPnnjA6iLSB6vtYvWXqd6bgpTIbxJUF3l2f5nQQ8rJsDiJklCOE5FmVq+jxaecRb1y0WHuqUY1tJmgOpqcnzBDAyTcZ/WRM4pYkw5jGz5RxjtXP5mYlQLnoHOGYg7p09UAIwOpq02gMBiSBEjOiwvgar2m683MhAuTLPOhDFVWOkUW9UxPCtmGFmtnE1pbpSYphsBntxmRyY7Xajgp+6lIU79R0WyixBYzLaGdy9Rhlouy7SRyjlitx07pWCxYCwqZl0lG8jDrj3A1q5bM8TU7YmyYFTnHn6Vv+KRO57qjaJ26QNDDA7HSbWLyQkgxOLEe4VzcIfgpE2o2ieVV5tE4+eEno9J9xHJx43zRb1xTRny+wkdumKEj8MrMOB6LExWKs421JcBQ7V+uCtTW/c5q3K91H0NnDatLjI8JhPYZOYgwgAX5zN3pa1csQo/yyxWJOdg7ceMaeQaEVgSL9iY/8nJWC3IdCGHZL/foWe3Kon32WI1LtYqWdqBj3bIw62LSLaaai6UpnPIDIFTC6akjAAAQAElEQVQat4HNx6mKJcTEIbRcIUvPXHi1lv1MAP57c/yQblwU7TDHQBNfJ4lAIPmZPZ8qpJEd9JMcfguC6PRmzOSt5SmT/SUOJIKmN1GRR+6PQmE17/kCoaDonA8QG5WjvJsopDu4xLQz/nqN0Z7nzCg9xDNNV47d13oBWF4xYtYA6ddOvWRZokC6EYcu4SKNTIo3o0AaebCQqJ4URXUL6o8MQ+AijRoBWWaB8hwin5xlVX82aKNptM3wIi5maAgK85aGu6te7q+EODl+YjW3pBbg1qj2tuIw7NdSLUOFJmMISOg6jbZN54d53mR/44COKAMI1EAuBc8hqztrH6lyZnPVN+7qOI2x5mfxKWGYb+fpiqYBGOVT7CsJl7M1ybEctBQgIMER2RaRjHkZoVJHgjM2Y8T6XE8AMEHkMUDZzPgQ8zwNnFHWjqERVWvCZxj/jk9El9hIN+z4POxcbMdjJ9OCyTxmiWFYqhTVsDS4IIAZYhxJN2CJppWo1MxEcHxroaFQHAAjA/R4arEtxjyPueu1SZKUojx5KHGem+PxMB4O26urWi0MQRe6MS0nw0JOnspMxAuWXQoXOYbAUX1IYirbq4clXDayFc4WtYk2ifuW6CLnPinjx0tv8v6Pp5voSbnuiLwKLEDWhr2xFZhVXUBTDqmxKcCVMHX2KbQbYpm5XZ2UBkF566wfdJxDbMtnGcy1vXR0wslrDKwJVF89Vb3J2RHBlENbwyFZVd/m8BfrS7MIhzI1imvhdppv87Qb8+NNfgjb8tuNxK47zY6jsIWiVKecm90/h6UlG0nZSYWnqQQ9Z3NEzL59kEnKVGeR2XT6XhvYHrPJoWkYPEvxIBDRCCFE0iNMrhaSbvFIhiZRfgQLUWN1SdthX/XRZsWliHREA7uzxV/cP7msUdEiZhEOmopFHzcrHlvBKH7sT9sEAItzBtYHamrwepMWpmZygSIVmtmYFjRCVineTW8pfziN7x/22y0nfe5lKikfl7CY6EEks35ULe6UzVfjqDrBy5rvUDM0+6QOqLuuGe9S952p2mAGcZ2YZM316ayahlI3OaZI2WtONfNWIU9G7LmY7q0m5XPOpK3evfP9xslbbLJ3sVFlu7qMUi/B08e7K3zlVdY7PoSbSYLNzDE580ye+ThU3zFsU2vDURzbarlzvQfUgk8ad1EDfzKSNF13yvfAmNOOj1jJ2EnObpJKW1psW4+yt2HdbBGdKsljvTVUKhtXeDMDRHdJ0Ta0m68+0wBRo3Ud5wmfjnwEQrhC0uIwDvk2VKZgFy8ZxlG+2Od8HEuEfDzsGcJ+++jJ67uHT7ruquhI0gnRkiyZaEPPWQoy8Gmj8IT6ZIQqFsi16CayJCvF9SWZDWgSkRy9KjoGCLymyK9NHkoL9/O0n46lUw7Ch1q2+A/2N/37qWxvZZ+7KlYA+32HNHEOGsybflsi/1PCI87z0dKiS2LLxgcCDf7K9n3t4hwBKPs/8m81wM7ej3EaiwJQrDAmFOs3pZIMdoKeYSOT+RDF15N0BNlXDcxiIq6hxDlIZH5J7iiu7zixD4g9zEpyA2IJ9cSZ59iT3W+3m7LGGEWSRyF9mThrM/Na9Uq1qEBXyR7BunNPnLOOWTSU6ql4xrq0HTalurvNtvzkMB7TKGmIypdjPuR9uUnxniclYkvtlop2WIfI9ytbEbOgFZn/tNx9s5NUOl3Z5ceRz0awq1QYUcR7zQlhkzSGOU/GkbcX7q2yhKeuH3fXmQE2zAonEjUB2kko16vlr+vZeutdt+nLPYZt6Zhx4udyApziQ1E9ndBSo5HPWM1ZqoMSEk1EkcvqhchqVKOq4PoMB4tOc+fqjGQK99T3ewXRMvB3d7XZ7QANEKD8i0oMVtcTq/xd1ri/eg45eZOcxCWNSwv9iTi2UqfUHqFkmU0ny8aCc5Vwl7TehhawjlODk0zWVovALDr0Jck3wc7MMu0RPQ3MsNSJD+A62YnCpMl00fIr9qNlzcaUrIaq5oNVXpPMgPVjprCeqBEVcTICoVmzpjU5EwEY81jofiGhrP1oDj3wOzTD27T9ggD2CdCY8VFJOvmgvZV+QPUhKTiwKmzI9926NdRpXoNdgl0LnRNyeBdtI7URViumaUKINw9yO0Oj++JIvY7qRZEe1DA4dLLPHDLj+bti4zD4DTs72sjzmJH0Yjiwj9GPoYF5vE0DlinHvMjaDGXFFL7W0H75wjLDk0rJaHTET2Mj8eFvnCs+Gew+4PHiGuA3qWV6UIpRs3VHGr+2LsE2ais6f0rKAuo7QMw+XSCG5laFz6aZXqb8P1ngabY6LYmjbKbE+bkMw2185VnQ0FYBy2jf6lWAZneoLiCjnJspIc1JttpRWHOk7TJpM5rap/itzqA6FCpizERFx6gClsMzaUOguk0UB/m06mNuTlGCNiGhkSllm6NzM0NzdUXNJotNw6F8Yqb5Cj9RLuvOoLutVZSadef6Eiz1LTcS3eXUiAWbwO2yRj3BAk0RIRsPCY9jNZOVUYdtLn24EQzVX9iM0mdouKN2uqt8tsR9Htsz5Ee54sosSikqO9ZjrxBnftvnqgVGgWlvtzQTGeeG/cWCjXt12RP+K1teHhRTxduiBmYz2kX+c1/PMbN8HNKFVDmnVURn7tFfNiYOLS+8s0n55Dp4/gPvV/AFF5Otg/bmF1sqLWm+mbOB0C30Wc8LLgbdX4sjTt1LdoX/xx+84LjIxdK6Ie0fm9l4R/XhdCxMXOuQN1+JP1Z2zE5Cp0wCWD4erq763dBf7x699tqTt99684e+9Nrbnx8eXBUTb6L5cHNT9PLj/rC/vS16YFFlH776yqtvvHH14MH2aqfsJiAOCtbei7J2OMYJwLryLykDxdGmblX51eG435e/pT7b3e7q+lpZhSvWxKMMSo7CeWCLx+vIeikJdwADTnojw0Nwl5G7v7OyN0+z5su2GlrePJNDYv1PguCelaKlCatlMCIC9j0m4YORc2h+btOwkUkI67IqJEJwQnqCvuivIEkbwpcFsTabcvrJUmzEt6ez1rzTsdL9ejJVD2Lx2/aobNz8ZX95Yp18dm5J08st2LNbn06GunJU6JjA8k8sp1u2K33oouW+dfuuKXmTRHJWKnjfH0jldRnDxAEMBypWjrJU9zvyySvGmO0aEWcGDxRcki14WUh9xI5D/IjdfZ9iGbS9cuYkk8eaHDFLFWxlgVpHzVS7fOOqE+hzRELmFK4cK62K4ztce1cdXdPAqEGIhz4FZmK1R4qgKqHNHADfISm0tZOtTEecJBCIei6GGas5WSbPlaQk1LYxu49Fgyd2sNg8zmiCSB32idSyzY6CWmpdMslsxquj3Y8MJMQTrUCvtzQUUF3N0ijJ84XiTXMJqPQ06n2T40zonQ3k25WuwBkVpqEHQWT4kyvoxg2uKxRSqnwZtlYiCC9ZlEGcbRk0Z7p2V1b2g7bpttotZmUqts428uyzGHYK1c3VHNbhYHZDXSvqM3cZyiRz9IkJaE1OSvzhC10PSVPdxVWZRmWuiVUBzWSq/5mfOxuAHSmCssrbq8esUTA9vFsldDLwxcTNjdxOinSz6Q1gzjQzOkuYJzOFdKslquUjB9JzJjvhDY5EAY0dpqT05/YZ2hT0zSI8CnWvgtBC2g3sfGdoFtpzRBbBD0LB2FdfpJL6UQrzjfMgHw4HPTj2X7L3p2uOIzm6IGwwUpTcPZZcq7q6q7qfOc+33P9NzBXMr7mEmT5dVZkR7pJIGsaAF4AZJfkSkZm19BxmZIS7RBptBV7smmCta+ALSX0vIT53S/qbXqR+J+J0UsnJECmeE0dkkXkpptR0PqpGzFYWGfca5Um20y4IZuqdmuMG5q8fLCERgvcnBRdh2/sh3QN2qMZGvR2CAAbUgFxo9Ll7h/KH8GhEVRIAte644KZkZBd2ShI3lrCWdxJ2MNjQTzX0RBseeyEUoewXx6He8MItUAmRNr6wCVCNDUwMxaUXq6xhz7GRNMmiCOBl0Fx94Ew6UC61ilXIl1I9MnMQXA7pndxM3g0lzGSloDpD5tJpQNTmkyWMdRVQ3h23ABs6M0NqXIwsyAgJT1dnrs4m4HBjfGo7q74ByaaUCuJLlVxzr+QsHdlgX+501dptgcHXByi0xzBoSnWPLom5ZgO1OQBIsJ9Vqa8aLlMfXxAfsuS9xvYZ+RQs16CplCIxIKai+IbMPcbzkRf2EwG1Id5XVf2fz0914YZ7wdmTnETJ4/40n6ZpX7DZkWK54SoZZQY/HSU2WtKIrKaQkzeZrS/mxf5xnbH8XW0M1Woncuaw06VKOTx47AyxwphqAR2q2WGezpL3XuKY51FlwkHr2ZfVIGjxzYpSq9m2trB+cW5VSUKYsZpWk0a1sdWhVcCjudnX88p79v1OWlp2N8w7yXfy9DRqUQCdQEZZGzJQCxq4duraN9BDE2G6XUvuDnX5KNBT7c7+8HBXR3VSRwmbqYQBi5QLYwliSmRCcyAhI+cypaUpiBmKNnK7EjphkNZ2c+uDEZ8UBIq7YXLKLjx0Qo0fc0PqpKqdockQoT+3rX7Bi32KnpHAnUaZatocK3qPat4eV/0MpoFsenqmJWt9CqmbUJUpazX1lWqKntL73b4u6V5VINpi1sqSmu414gw5iAmFDELm4D5oahBSF3utKkNNLxw6DqMzzkwujk303YVft5roacq9UN8ROGqwJ/JsuVhBTneBCuyFVrg+ECibuUA6Jph5yLs0wp2wWjhNg07h9NOhU+oG4XIBMiAFjvVL0zPZdk1pcxrQOAWy1xesyfd7NTs8lfLT+XQ3TtUMXFdnBzmAmyqbmy99Aqey8dicreqLXjKCWIk2RN4EXh9Qxxycicb4zX0w7iLGFsvBKiAUBSlPjT6wb3B20pHSVua8AGCp9an95PGFIuxaOc4E9sCxDgkVYZMUv6lW8Q/391KAot749Onx6VFs8DIhpbLq/U7mvc7XqLkiDZZlO4YYu+poCUUCsEIFI4SCKMMxSn0vpE0rJi1WbGF7heAaQX5yLDopb4foqMOHGStH1HNL7iYVv7jdRDtIvclRUq+0VoWiTpVg0jybJUGRcHK53s4JXJuFyRlNkjeUzI/CNc7LU1mH3azhVh8fKvcY9lW8dDu3enKh7lHynRD7wEelkwonKUUnHRVMHivtw3RrUr9bGVBEXUOFHA3wcNKOivm6zvggGFblAl2Zkk+U5pKWsv7l8fNxmd9Nh6oKvpv2d7tDNfSLJ8aUdyXthjKNU9VAnxYt6KJBZVFoUiYFtLcdCYp5S3EcfLcrjdPomnMd9YJQw6lMdduMLGlWpp2Eop2knBHybNjCxk62FBc5rash9OyuS1o4cid019JlCzKoLS3Z4oumSiiEKA/LOmQZ0fl8PtVlGvdT1Qnk7OlpLemKVewV4FzRihdkkBZIAh8/PLyriOR4OlX1uda9kf+0gTLKMAYtzTtQ45dKfcWlZfVFzDEthmjRRwAAEABJREFUsjooE5xl+uvs75ax9k9U7fO5tjHJNUh1nrJmLf631D9yjZL5LIlvzNPnMo5nRSkSNirTM/YninrGDd6ne6TennfTXlB6HcTxNMvEVOPDbOebE+qYWZEgMSdbmvbE0WqJ7d1tXpxWBSNkjBK/kglqhjRAQFi1/8tK6wKXRO3a9FQNHrv9HYnjvEyphpzuIALE5Kq0QSm5cVXgYV0ngaladmeF2wRLMuBiJAqBZzYfzi/RKTMsd4SXzbOAmrLGqQH7DwZCfLsnA1SGEpyskPoYSaWlMbvGy/5WW4haQepCu8OM1fBczUMlpph9zh0aBLlfXV7i6GUgKoN1ClTYD2/HtolTj7hskeBUFsyMO3qbLoQjbo3Rxh2f2qbozG1GbkPU8s9bRL5BmZa2rEGdNrquuYtLC5T6t049+0ZsV3YiOwbNfmc/Ou9UMaKsvjvmvWRBdotNqJYqk71sCAxSuGzik7CSQQ0h4sIGN5imdrYU/pVUzETZIQy888UWEtVb5DhwpuD/SbmAlVoLrhgiRahIOoaomyEkEdvE3aDZ09rpnFROItEPlFDQUgatiuKCXCaIACwmzIIHWbU+8XBLFlyhlVWTiQ+CDcXrU9OBSqJqxBa7VMuwOuixWgpXarhYwjSQDcPTq3XeIUXvC+Ze57r0+l7flaXdbKcXm8Egvaa+cvUMpoH6HRhZqhtDxG9auJ7bHDOUIfYTk6fIaRgDbhlw7ApJVt3w3e3cYB01AG8iQ+YIQLGm8EVDU6b6DyBkfcFofURB7LbeXqmNGgNP7UAnhAoZk3fE54JQ25SZk7OR1Ld0eVY5dffIczkEEt4c2NT0QRWBwKvXPwk/kZ4mxkh7XWZ8Fa9vgk/jZRupIE4RUi7ZjSl1LZOhtk3+k2uqlCxq+vKizRCth4jYaaCrdSalrZsKZmLzGm+N+4FfDsp/4KDDnK479tJ4Lmfqheut973xuuTUX3Y5Q2JnT5fSVrdM7J5P/o///WZnm4umne62B7uw6lsd7QFJjh1E0Xm/VwWszBCIaaTdMGiGkapK+/ivv//hP/74u3//929+/GE63K8qBUh9gHU5HZ8E9RXR2b5/9/Dw4f39w8Ph7m5/2ItmCTHtzPN5RZKQYjmc2/mLTejYh0y3X8WN8zmeGsbhbryvbd7d3+8PB0sH4kgejiPJElmV1X1HNF5bXpC7DCJ4PxJd8Ta1Ceobtgnr/HoVBy76Z43QQei9czaQqdlToi49Ebk6C6AV/JoGTfdywk3oG3K02FJudGiJXj4kncJ5I+D19/Abtjr0embfUiasDjBj+ltcHDKf/nrpjdWr8toPz214QxW2tOz8E8RRpeyVjRFSDvt+eC8aV7DSTWkDSeP9wkBKZEXzTjqndc3c9TD/ya8bzIfMfo+oOmOZsWt73cmtizdTZYKfHcsbs6iAwU1WF34tX9X9tz1mdr1bTWgPMxw7k4njGbIat4S/ZFEIDSJsGzHFpqMzWF56mJHC6SH0Il0XNibtZoLC4jgFgrFE+pa9DIt+4cTNM4FKCI1xKUf2g4/UV8SNoBcUB5KpQ85kydQRO08m3/mK6x4ZYFjUlkQ7KDUJVg41gP1zjSGwPyLZZ5Rks83nQC1sBXhWpWhN2UpwEHP1odlWYzdr6FnSXE9iCpI8+arssdcE/1bcbyo4/9NDWZsq9BJrgbJr+MZriySr64kkjOrQs5NC0qLUUXxp2gdGCH6CDxA7+4EEqLojKwMERGehaeZzozGUKLVKa1sFF0PwlxWc0Nqu2ZhbYmdjIQ0iA7oNBnNGJvFtlgnSW7q8Xj+G9DLO/Se76FXK320aSu6iXBV5Dw/3+SLncErpMpnktqnfbJregiKev7DTyS2GJMW51dFAt1ghOxSuVukBbusAj86Uk+v0+51p0TzuIlaShQb5856iDKmPUnsFvW3eonpaLkx+nkHJIExTp9pTw4ak1CbTpfmagXC6Ss00FmTt+4HzziEfgucUtT8ut5JHxvjpI2egvYRnJjvejLeni94g/tUUGNzJGKaYxNDRuFE6I5qcQqywrUn+KjTM1ORPVx9eiJSNxttzWfMclpUaKNusECzQ5undx6Pp1Bq0N7UEWWYuVuIKSR+OexF4R2nUGMRq4VqSuCNX3lW0wHlQVOiNMhaw6646MUuShCH5OusGt7ztrdRjB0/bNjGszYP6GeCr8tJJcx71+gVpgzdnqT1ZVYliq9NsGpbvyrRcnGA+geJLfJm0WqnS8tKfk4g7axs2+9IyI9zcjZpyj0yTuNioKyXS2Xu3GnWDOt40kL5bpEjqaeHPK90P0939JCnlKR3n82Geym7SkGGpAzSokp6hEJXzt0IS2FUjDk0quJ6LxwBRSjHeLcEBG0VGPZZg3tN5dxgsxJ8oAJi6DWTfnVnisO/uTsu8X9fjqYzVxkziLlOQnsxXPFuOu4q01llzLlf2X01BOyTHHMeqENZkjIyYwqIJ9CUx2losnkLl29rHenP9eRwkFEOm6PR0Oh4P91VOHkFm4xT7GrH/aQoxfk5e6S/ThTHubwpk9ihMaLJ1C0hEyDQt+0mkZZ55hQhmfLBK8pJeYxWjlJrzpch81RLr9lkTXJ8LTCcrhDOXt4OMxjIlcwXolXLw32rYO/gvdXFssK54aQUr8eO+D72oyRbMprZhsgkzAtcRpSDiXe+CHAc9lF65NdRmMlYhmQhpW8sUrnUDDubGXsxlpTIVscQzPVbz4SxMsaIE1lQZVVzfi7VNhmMVtOAljhx6xnSa2EV2aDXXoK4wEi/GoutPTiTdQ9kUpmQrXtyXm9kTlDM3IZiwtkbBXf1TX1oo2JJ5hmcDqAhzIKMD7PpvLJw40uSROSYKrEgr8oz6Og3hXMXkbmSEzKBoKlEOv4CyWehorCjLxT9wdtrGfKZGgu1D545G7LCAcnarPunzevo0T/e7er53ECIyeAmx5g/QDVrMcSU5rNH5HdwJj5XgiVipOUW73OKpExW3CuJQ+9IluAk9Rer3sGGzlBo6MOPlljhwr6mjbvY4BWEk6gGjA4zkSERwEZsMaSYV6rgemcyb97v88d17rprEUdzU1tNxmYWa1Lmb4YIk6SMmLaldzO6iW2/w8CMtXAAMpa8uHfJpkEhmX0JHgFENcQmZBaaU5A3hFYdMXt1cAjbZi5OTFON9vTIxdfDNoYp9gRz+CUZts42FvF0XftwJnRc+6A4aKfxDV04dCTdrcV6R+ledlZ6kvnhZP/3lOB8fz8fvlg/fHe6/Odztq5J3EZRVnxtz2GZsexdzgVUSD9lSl0yNwGYz9P2goS8lKLUZucyDr5sCUs9DRRjY2FRZpDAAcY9BWi+tMTdRrpZMlhQafD6tUo9XPC+o8jg6ncbTcTq/e3i3H/fjsJOoFNFX58Mwntf1aT5/mo/17zUhcV9SYx+OvKERZ98pbQ5ySg1PE9KLyQYtqrZW19DdbtFgxzpb4zSOtfVFyyNgGiR9rQeYmvYR+7yIW4E7zLcS8vW3FflJWHOeqPpaVOd1T4vvpioezvkkAORcMcFooZaS5awYvcpIyCy+rfVm1ZfL7C6rEEQp4ThogOa0O+/P86m2czw+ztLYOi7LsBvlz6h1eSqMMD6bzSUt+EAGLdJlUx0xtFz12T0ddvN8eno8n451LLP4YZw1iwkKF+bdvnZglSwlc14F70jJlllCbNZhV6ZSaiPipmKZVbllIsEKkXEXCUaTzVwHWnEW76ZDhUzT6Xh6lIQ4mG/dUeJZo+hIWXqBCIWMNkG90vUVHA1kOEA4sliR5fMjd2oAwkUpQNkgxzqo+TxNpzqT9VEBQFrrUKwgeM7Qiw2OnePLxGqSRVF+oUC5Zj5JKcZkRDhvJGgsBsGl0xR4ZnMuRJd57NAGmW9GcupnY20fNv8P9QZGISc3PNoMCVcTFIpsu7bVUQFQbCSjOp0semKQkXdgo3/cAX2OVwI7ZepD6h0XdUA72XTl4MFOwlNjzUSd7wYuh6qNd6dGufzq0q70T7dM+LRRsj57xdaFYBfDef1JAxHN09r3ysYcdcGLnT90Sg4faOFQS9i+MLpO4asC7qtiZ6JFZG3F5wiD1mUjVXHWHb0r606cTwbEwMBIKOnBOLTf0toQIYI+Fe6MwpDpU4cJcsNR7uWxnckAFT4dMTdm5ffffV9BGCc0ZynM0RdkVHNcKrscSlDUbtWbxN9MNq2n+i5WFtW9qvTxRcpCq9+rcwp1sEKiH2OWBSURfONy7IdEjj5wEoH7mriBiWJzSoNzZvYVTK7t8iZMtyofZ0sLhb8H2wXcbSzrRTaUb38cLsXO0X9ARxj0E75K3WZzPxvrSKVWLlY12apPB8dAARC4oCuygB0zQvixbAQGH+VIwZX7g8f9hDS1vRFwV/sUAx/9dkq9bk2nrVHDTKaaSqaZM2tIMq1fnwEFarq+cc4bR+T+ipOZr+7pYTl+vjApPneZBtF+fvaml39/42W6jc2vlzdw91Wsn6H7FkLsX28lDG/lqp/XXJpu/vjsZ2+g1i9cX/g0fenbvuD+rVfQG9YR+kUuPdf7uungZ99JVz/4I+7ZRaE0tg2BjQLqYh7yadCgMDXKJQE/fPj48M0ff//jv//bD3/81w+///H+w4eKMs9Vp3Z8WiXB3Pnp6bECrYpo79+9e/fhQ1V27fd7zTYnaLloTZxFc4141pJmA+iF1hCZ2C8BcBUgn06SMFsNcBpsNmRA8TFUasA7Ba4tBvTd00Bg8TiirE+4m8S5LuGfsq7ceaCkBqS0wrS2bjd7VZ1s7uXN3QSZEbOVGLDpN1rMnjoPHg9wo1nXCkuTe5wYRbpycriRQP3WdSX+20/JVfgYkinBts8pUzX1rsF03UqiaNZMJ7/1VW79ys/dgPNE4V2XQtrG+DVgQ+Mgww/VZscwgS1FSmkD1LaHU/2ZBgpnW2AEKoH5vDafW+pzDrVs++pKXXN1cSfsGielr6IOf5cLoC6ZXrhNYnbUiZueuRpB5KaouvwqpX5xn+/JW2fNKCjdDMx67bH2ALPVKo4b2NKHpFAWmdd19F02rcf8GfxPfgSTndbYQubKEG9vR9ypWHrDpQaOVbevZX8hU3VpWnaLxlYvl3R7OvxQ0eq9siOIfR9wtYU4arohKYSRW5ftTnn3qhYVDfBhyxbodgUXaTdvv0ZzHLKpHcDUzrihbXMUbADGNxgkQYIWI4Uqqm02AlHXRIkg/C7tNy26z23fUXpuBzK359wXMaFpvtTKJog6WB4t0TYkjkpFGDAEnoJchYbr3YbhkC6MdjaHtgSRICGQuy4tl+0sufW6jYg8e6GfaGqj3mLBfyLi9c9wSWFC8qSF/10uVsNbmYUAyA5PKl+Pql+UDbQpNNpfmgxgILeSEr3OX/vrV9ycTombDi8udrssYEZfwXFzk0tmSmNWSrcJiMVddzhB/2S6Kbl54w1QO1XhJjrcdlkwDtR+dUAONlYsL3mK8Fx/yCGA1d6oPpkAABAASURBVHa+bBOvdPDFKUWABocrcJuSfnrSc3PSXb4K7UUUgkHxiMcr6RUmPZ8hAnpDtJNIFqJFWZcNt0/OrZM3H8NSLbkW71QLwFisTkImqxJ3LaVf/q4V5jLB69PBLPhm0+O0LnSDfQHDBMcg6qg1ORdzdyW9owNZ+Cp+E6uLZtBOlvchVN7YUz1wxls7HYNRLsyVG2bQiHe8vXszHz4sh0MKphehGZLrXtTznM5rtWWf69TPbNV/BgRPuaELWdugRJSY0yEtwzqvGbHFqgOz0O62FWw72Q7HiItY7OZFzAi7ZIkN1E4YXUx26Oo+2o9iapD43+Vc3z9IZMqaQjvoewieaBKHV5AyT+IexkntKoO6WtkcmUxaNJu/9F7sQ2IOW2F81ShlIZ/VCrM/LJpNtBpiai9GcV65lPjI+h97hNKXkNBoJFaqmJWyU8mTnAAxjk3T+Xgq4keyyl7QwGnFnVVarv0fVlrhzWH+ALIq5MLdRjqQsjLZaqt7qLq/zchwJ0Tkrc7Vfyj9rsLokXwYngX6SslnMTiYNEkwp7YrGklLr86SB1J4N5K3UDSZvam/u2nr2EoKp0TyZMKyT1ClRBTBlV6MdKoWtnU9nh8/7PbvhjRxnixjlNZeSCv03LCh6uEkQ8W8ZVyav+cqdDBmzyew8+Xutb3WRHCocMpia8Ftu6Jb6iToRA5TdbaVYqqIVP8smgWHUBue1KsvWZ9Vg13aRDkOTaSWcRqr1WvJ6yAedeqZBS8ZSPCgW2HhIJfWPEQRPoVK8UTpv66Lph6C1yGZuTj0q9009mTWpoM02QmXp1L+uhx3Z9HzTEq7YM5nDTI224jswmylYoSDsK27Rq2pIkp3I3IX5S1nJHqDnuFivZ65j7fcMsYSgAKeUlfS4i1ORF0bqad/ehrM569LomLIxdbJIxh2lB8O96t6AdRnPz09LhLyJpWwWfI98U7ivLSaib7G3RWRcF6oKU5axt/qDTpEcnKfHT1S1t36VX2pvkAimpPmi2Tz4FilTyUcRsjn1dRSzY3EBm0m2+1c9R9wihiJ5LQt6pdR8nj2pCqGUUuULayFwALDcD/dTbGQhK4Oqao3aRTHkp+4KlXL5+X003r+dH44rh+/mzRndNV0eZEOeFBCGUiBAC9eAEccq5DT1t83S+MrAVnsuMCRCl7NOVfgi9xBVKA1sJQvdecfSOLd8irOk8PKxzKfpapcOfG8SFD+fFaEth7Ww/5uyrsxZ1T/2wuj1yIwROp3gvlxbyRNHRZcuKd3vmyGF31BQAR0XxWu+GGR2iq7fTnspIpj1rTWMnlQ6iZL42aqn/rvioKJpKbJFvKpP8hJluCXssL2SZpdfEmnNJgqOY0aa1npxnGeoU+HAnonXi+AcFr7ELFOqkwuuWhpnpWXVTis5jwhaWh/Fs18fXIQxf2qlZeWebeKYn2cdoMUL93J3RmJiKhfUGNempIDhknVdsmL94dDbb2y+7naBE7H2uhYxNfFYpusdpLE+qzqbKp1iQSdr7M4qmhwapGuTTsl/9xrG7AHAR0K+H/REooykPrfOEwHreK36mmVaj5M1UZxFtgk+GLFIbHoHCUTF6QqznBKKV2JIT3xtHNlbvwoZEwG09QEcVxW7J66cedpN+2e8m5n8TvqjCtjHMZGS+2gys5AZRPNsATDhquO7C8EhALSqeuLqWWM7LHHQWwHl5qwzC3YooGldDFoM20rOC3mIWbWQ4rJkPSrMLsb8tL87QXeTgujHuS6unEFJUbYCvJ1ckAKQUBOiDkusK0JGIHxfdylHquFNrQ3ltB/5Uv3BT/LN3nf1Yfsb794xWss1tOCptyHQLztWb0XVAdok7c9fBZ2xgra1LJ33BExOf/tsShRiwKEjwJSguGzFZpq1lTHKt7Wg3dOkl0sV2CltA1OJ4qsUMktW2EdfVuO3dKEqnZd7FEsbfMwoMuvrjFLt11zuym8/bKV2kqAvCnqM+lEFdhuivmLcHCutGipA9EyEVQExeVWc0LWx0WmdNWtPLmiaGqbZUOlUOe7nh8MNSQPjr+TAyNjmk70GPlCuddxua7Ch9PtEmy6QdXCxr6DTIUMSAa5FH4ZUFeBRLETyDraBtUpxjo1tJKzmzSSUWkbZQZ38y4aKrAcKxh+tgLi7QxG5AbFhFGAMYPlju0vBViCOgR6jBQPJVNQ5RAeC6TT7GprvxWeQDbtHMdBpQp3KDbuY5pvOL4EP4Q4wDGQJlHzDaRtO7zLkHeFlsk/vEmjLq43EBNv8xdc4Q9GgSfjq4sjSVtSacQ9crFsBQA2aHqDC1OHjV+mvJSu7/oVry9sln6jbnzJ9WwfMHkvWxAu1+72C7qVcZLyPEvdiqSwfOouR2lZ5OoRCV1I2m6kaXd4eHj/3bff/ekP//r//R/f/O6HfNhXSn4W0D8/fX46fX5apTKlUKa7h3d3D/cPH96/+/BhP+2Drp3PZ0WXiwOnFpcChNxmidtVNGeypE3Wv+sn4qO9rw3v4fbdJgfSlvpwxM0xL550ZIhIyKTBcnAdgVvAivxXZe1sqZSsnrvkupPSPCsDJMMxxciRF/TRS31NLJcefEdU9CjF8nCZ8XKF04k6QPIg+YcPmI2WfIWoV1zckuLfejlS7fJNNXjJ2/1hCjsz3q6ww1Yusj49HY+Pj3+TTCevnNnAxxuCbqyNTSrpKFuGWRYu/xRwAGoeXYjUherg2X734B3OwyhFoTmfOuPbzsgForl/rwGarbjy8tCswfT16/33uQgni9zG5by6R41voN/PbPQOH79hYi6X79mLfpV5Xt1zjWBrQ3SRtg/drSq5entOSrFdmJu61DvlnfeE81uZ0O4iCWdZDVa2EMnnOmlAzIFjCnnZ3pgAcgpZKLe/5YL0aFe30ini0AeVpCHGtxe6sOgvT+5wTIggXOQIqg9ighlCJHQpWK0ZO30j3RIFt+uGRAL4MSPkWF6qIi453N4+RV2ZHFUWiB4pIzCCU+u1jhio29QfQwvsBX00hgsJnV4/5oDzmZCbi8AK4OjjswOtkVgKkMNFtRQa8qu/EmSJMGcjw4rFirL60I+JrrEHNwKYQhr1hW1krHUUPRLFnWFGE1ZiFp0gW8JMJ6Lpf12/4oWDMO0n/SU1sfa/xYWAfaGPbj4B8XRR/TZXEOSkuYvpWa6RftNZAt/forRnbzb35OzW/S1bNGVqRGaAOOAsbQUubnQ1mXHXue1rh6593YGn7S022XY3dYyAXYPFrosPycaVmCpM2BN87bZ4oeXrWgH5NULv4Id9UhoHfPGikNUb/DAAEpgkARjS5qm+R8o5Cpm/nkKaYQTBXjc3dioDcmIKCqr5O1bJVpyhhx9cXU7mbn41665p9QbJ8oMl6l5webGPtxH5lyjvc+dAJ4h5E2JFvhzxEbmpBPEKbKXBE5RPMOPafYFGGKn/4fIIdA5zbw8e7OcMg3O3tS+6yJYbzJJ7qaZPvETPvM687PKuWlZoGc6Sr30dB3XlFESxVm33LjSYVjNOelxtk/NQLfW5JHPvCS1XoHCfWUqe1AJTDiFTRdAU+kHq4gswCXWwu2G8n6a7ZX5cdqe5SKy21OO0eDq29GOa7MSXlZit5Ge1WOwKZRePyVLGJCQ7qVLoecnDoqKmeKlo7VhJgZ4l8lk8FJd5fz6fTk+PlXEMmtJOZ1P933sSFIjga6+OBto/nGN15X1iX9mL+03RBbKXZegb0iAR9nUMUjBG/B3M0zYUrLJvdH+07b0Wi98le42j32s1H7Zkn3nxUuj1qd9YveUBpFvBTU4RLonHc4xnY7ppj2ULDnR1L/bAsghcy+POp8w65EOLTwlWAftOSrcM4sckAUIVuNbtvMy8npbHp7T/MO7vR7EfT5JER907sOi52L4zsL4iBUo/LOS3QjZELYW2CbnDz6X9GrTX5ig1mmaoNoiz/13iE6NaHanBEfdaxPLRoCcwW8Sn7AZ10maTtZSytno3bhMT/VBVydQ/JMU6xOIKvpTVn0WjW8tG/28dKE3gIrgn6T+6JartMmUzipjz3Ya2BsPia6mNpBzFPJZPfB6OdBjHuwHWYrVjFNsf9TE9yfW/wdygCLQ2FLiS4IVtBja+tj6Zmy5RY6zpVUDk+//68xdgvbkivCx3X2pU/FmKZEHmCaT+R21LuEaTLVvWlIf3h4fMdt4/H59OYvxf153QhHEaU1ZNH2Nr2j/RUPajpxxd2LNYrYXqgMyovENY3MCgst4nFEHVKAqykGNybaoTvkYiDHi4sr6NnG9w4/aB75+O9ajBKVkoRQIDUZCADJziSSmAw5RdljQhOdHySbTYQk12ImdJqpuU9cj89PnT4+lU/3w+vPv+4b2mPBFJs+qAB1iTsm2Ivmts7btuq1vc/vOUevziSMg/12lmA/Ga1wGytEoCshRrAidhkbpH2vFwyONhkjp6p/O5LvosLow0SC3a5fF8erc/v7+/P9SDpeRDjs84qsAuJOVpmdlZgU12m3YfZrcz26KYGoMClJYCxYtlhl3GZTfsJQBS8o5UojuqU4ior2PcEHN0M4GA5JDFbX9m27iSnMMjjeZFWiioizfk3a7CmbthGKVskOSrWSuHr73ZTTsrXAb3I7KKxrK/pVwPqcFfS/CsjMIRw36QAmRSLGM8no/1Oq/z+Xiub6kdr0r23ZRoyiYIqESihNnMiE1QgB+Bzcqqiu9hf3c/TovU05G4VLlIM7FpEm8oM8RDVjwC56GCAhmmtCO+tI/rPO7UWVfyuEzDboSMoDTAsg64MCI9gNtwUu+HOhaWhCma+0eSqFQEtKuDms+nSiM0V1pmzVloGy2lFygieaTgBelrtJ0tnh47G7kICvi61P6yolMSnzqfl+E0jCiRKkVKJHh2f5B8V2ozoMGFJ0sWp7hXdWvqQcXAmjByINNCMtWWRmhpjIauDpFZ7Z2qbrudGkRPbNvFWIMT/w2IYpNFso2576X/nMXCjWdX+USymUipnSw+n6u4W1tErxo+ND2fVkVjL3ytCjByT5TkxzR5v0wpyX4AU6J0DcYuf+X0DD+6/vA51kYdzutl8ZvNbhqJUuIXHKCJSy9cW/x4VQohWPntnAohAm+pNMGxddsWxN7cCQS0JORhsrC0BG87/Ke/qitwyZZ8Q7kK3HilQ3lINnIyCN0JCPrLNTSCMa9J7qjl9NLVUE/xeEJzYmZXxTBQBKnHhuegBgGx/LnU1AUxeOsVJBXZsKbbjBuAhQAUyZxuuOX/sJvIJl89XhgRqNaK85+ev6T2XBxD1/K5apu4xXBYd7oydt5UKExabA/kDY/44P6tsTESPG+SQ5bm4IINYBJLAElrJdPALqE3oS2vNkLVxBdoyZPRC+IO3ficA9cnO7I9TIguk+NDFydsBKlx0O2x4j4FoDhHDql5AmNKc7RmdYHJf1D8jdduSU1BEliQWXfFVYxmQyohAXRUYkMu6OqTlJrEkNJGN/KG6zVicutlBt8lAAAQAElEQVR1t26hF790XnCjqc0nrsHz7zJx70zeBPMmeZn276oD9Ey3ib5kiuhtM/Tsw190+xfe/xWv8Kvw20Z1eVt5/oW58bsXLuNpcYbjeND2Jgcb/oHSDuMMem5MraMicLGk5OOw//j+m3/5/Q9/+tff/elP77//9u7Du6LCQMX7j58ej58fq+JrqWAqDx++/+7+3bu7d1LsRpDfGP4JpJBT4PH1ihDcLDzVEG8L4oSHR71tp8Fa8DjRlMOddKDHtah3sTwxz3AwQM4R+UHTEHrAgLwO+Ad34pUdKW5cUpXNZUEZHcGQYgaNVCg4EfIOGe4OCQazh/RTU66azhvZUSBMwOmk9kSq4+3sKeavPxv9FTw9VO2h7XlWJwDkCZuCV2DcDTvWKkLHT49/+b//8+c//9dv6nTC6Ya9tv+kEN3UhvT5xwPNQJcBY+4KZyJyBpUsEZpdia22RUflnjl7HmcS/WAL2dREbrBT5LBmJ7cyvDJwl+L+WS8VCyBJE7yFV0l/CXUvbqC3GUpLp/3k7u/kBvXkB9PXiRzaf+UEZn/vFx2/DR/D8rEn3FFwqfnS1VyQU976+XGPmF2TbZ2PzEs+V9l9HeiyBW+F/WAH0bkxDKUABYnzdYHMAU8DWcgcjeVYrAgJ14MGY4drlVzGTmFaUkHYsRvZtm+VOwNDCexwfzryMqsI6mNO4RTCZrkUADqDA7BrUC/nWz+z+HjLu0htHxL8C10UKJCv0UamMA6LOj1LQGQypWNR5qDTAPSs8UVsxjNtX/NlDZIUxrQxKF0Lk5jtBKc/+ZIVaxhjYje2ZhgkCVK46b+TBT7bXGqojBmeVLDToEvOqhCFEQoJ0wOZ4wfx78/QFZlqgHxTGUxIZtA22dj0Z6hsmqFKMveprJFR6rSZekWG5RSEZJFadR0XlK4h4xUB4LegtNu0+O9KL3/Zy+nl56Gutrs8oOB4Pn/z/XcUNs5Yyg7E32zqSy/mGy3xr9HyzcctsZraYQero9J2KQ4LlO1XfeJmR0WbHRBOhoXbo3YsNzCIU1DOjsTQ2waHhwalOGy+qmjFagUHGgfxZSUvmpsFA7TwDrw6Vltlf3C1bmApxSlOVqHARgxCjUFlL+OWDRW5NECmgk8pUrw6PMWfDLWeEchEcc4pxuELYPhHsQ7ZZNodrP5uNiZg3q4cG4ZESOqkf0HpC6PamjoNMDd/HjSfO7Yp/gZZCr+7BzDazVF+2JfHVEOW68CaMuN9Vh3ETKqO8G3GmB9ie0rmU5KUD11ZcraqMQavk+9TBKMr7eNVc86PndJHzVSa/tpXpB0qG2f2Je2SDDAgJ/mkpIsNYS+g51Wr3JY6butmKFnKY/OILWp0w2JhdKYPKL4uRe1uIgSuauMiK4yRc7AF3/OAHGSqsZSthoIprwpeqbiZ5eyblBQbwMxtMRcxOzr9ZShVN3pal2ot29/vOKkPCiIrhTcOqwaA71TcGrRIoFoiSjIUQhLmO8xw49RI3gwPdL6cTDVzQ6mq9rqqMK/2HjX/ZMsfnYyPMpbanI3Xau0+7Pb3++WzmFKWkasmvqp0c6E4D7Lrspo5s5m9SITErDrPZa1WLBEv5+VcTMrNyqU1u8lCwyxwZMfzSYw702EhKcOXh7r3pjTOU5Vcz6fz6XgU84YW2eFwffOlxZJtE9eZuHixn/BJlxmY+8+xh2UKYdWMNRMXlCzRIvcLBlXm1SoBEmAGSXR6ldSqsnKuW0GXZFW6WrQuFeC+OiZ3Oxm7BWTLySxteFXIveykP06Kh6Ky76tQhrLnfYYzuWZ8LYM6PnCYg7bbsoGq1A97g+SdvhdC7vhSIkAvQVJEyXmv+YCRbUqi6L0Dho6MrbrxBOtJBvtBD5IYO+sknwXC5n3SAzNp+iRb2QhwBsXWA60VSMAH5DBrEvyiBUtAzXOhEHiTq+/9E0r9SDu4K2PQIpnszK6k9pxA/KwlI/XerF4iG88tTfBhbY5ZI5s1kD8h0wUX9yYAv/Fc+zKFJSEGPvNuqDtrNNPoSjPWwAVKONYUsG9lmiAOHDKW9k3ttcyeutIopDrOazAkx6FAnviwUfsx0TQtbNVDn9al/nJ/HN6LNmsHdZvZrzVSBVtA3Ii0KI/kZioiDBRwaT2tsvxDco5TyKMnrzcntlKm3M7pFuMV5zxtuzYjSvC9cA+CAxy7aA/2lvrbYtMCGpke6gb6NzZK8B4itghSZStgFuIc5POmsl6a1Do/3gFN5f/5019/fvp8XIT2V2P558dcDukwHSzPKKi9aX6KecfAgUWN8dJH9vhUs6IpRda8TVLsgi0JW4UJM2YDufLzqoVtrCYzKkJ2aJyChbsipHQkIvdeXg0lJoFLIM4uJyY2N1hu6EZCAAZNSqmpJgqNhEon8IRQmRJhuR6fAHymknhCoiCpQDeIe9OSJF/Y/Ll8Oh5/Pj/9yzff/fj+/Y5oEn/bTMvqBmo9Q67mMOKrZ8BNj9TOr+UBbggJNIA67OI576WXGZjMuizbGBlQ9FWCIetoJVlRTovk3xDOXQ34T/P5KLVhqoa4HNesVejUef0h3+32Gvwl7Uw5P+wnAXxHqqRxhu1b16JQ+C3q3JInJmAH2GS+Pn5AsFUVskrXiuTVEHK7FPGoHKdSld87zXVtpmWEWiZTkgBCaShMRjadAYQ+Ng+NvBMvGs2Lomdb8qOIEVZyLNXfNJXPJEk9xvE4i+8NEkcMktUFeh19s+jbMeHyWW1jYSvDi+pdo5yfii5oVF+WemSe1DsDFYJOx5OmAUjDTqQNSbsUCgUjCdjPcFssSIrN5qikxX2HcRKfiklyqJzOEnMqB0c4l0wh9E+ZxSdIMpuYth+li+rCir/IOO7v7sZVygtLrcSMSr8SjrOaE6oXTNdlKgBTpDWTkyR0EUtEtRkcTufj8fx0XKTaS33NSaINEa9vhHx7FVsOdm+arvbSAL6wepxPJB6F/lNebqelAW3hEzA0rIAieRlIePR5zlW3UjGbZG4fBaGh2nWCZKO6MkQfgZopQs+DlV+GtGigOmkIJYowui7OLc0U2kFyW77RZON1vaJNz27rvp9XdnaYUrCAELEMegE/KOFSN31hXIoipPAKDeJWrPpFHotn+w81vK49oy6PCzXsVCY5QezF0PZq40RUUo8P5bniaJ5uB4OZQJRc4n3mikmIl2/e4lNa0lZN4eyAYgKTWVdeeJc90XQUcrnfX8OfN67SLVj0gO3x5KksfELNk9ht8CZ0GkrFu8CNXYhU11cl/av6eYxWeIvBmbNrbwcifxuSnVDbOPpXENnG+NbFhuA8jzYJfU270A+8YXv/kWjxqe5uKGB5lnG9sEfmKeNKnowKm44aK1aBMsNrhkxVqsoE8+dK3YCiS500YV+3yixD8QOms4nelRhfcooRx6zJXw6tDMr1K1V4c2f72SEEfGJUcGL3jfN7s2PcbNEMtn0CHce4UpD8FJ5myXIR4crNx0VyfgXjDxUNyud61MpmDyMHW/Sf+1X3CYifuf9Z+ap6ZJcGeuNb8wRR1yAam9TqBzAyEOisUByw1GvfGpptqibfQkCtiVwVnhok5i0pIO58bVO6IVyn7vPnDni7rWuZXiUmrzfy9iZIpaygg6qj4ctmL4gthckl2ZuK5gnUBpzK9AKCW7autb62uTlffXarp7/o+rrnOf1619vdSi7qPaXtg02Iu30FzdT0jTFwx7vp2a1ibmId66TrG33DJzgAGgQ19p11AygYJfrmx28fvv/+u3/7w4//8af3v/9henioA1skC99SlVhPT8fT00n4zji+//BwuL/7/l/+Zbqr4mCC+4WCCLkgHRekmbANiaF4BBdzWP/D3SScAZK7m1jZGs0ggnnADZdOKuFu4gVuYMcw0yqqsWliwgppkRBFu1cixYhDHYklQ55jOJ04SFPGowV9UNS7vkoTCkbmFbK0dfpH68JzsapujCoKyDWossMg3jAm0nTmvOc22zUten5bckOjr1xQQIZPN1iCLOJaTo9PP//1r0+fP1ek/vDh4y9wOrk8Bi+c6bizxVeR59+6uueFF3KsrqWmcQjlxwB63NIDbn8dda8BrzTY5aig+As2RRbjWWpODMah+BkydrGm3GGPV3nPP85FPoHsUSCpc8vlXzCOkH/4ymfqy+bHBJabO68JDqn/6aaXFqdAhckyu+j/8AZnRDeLu7dJkInCVal/Q4Mg3c7QQi4xbUb2Y9+zqarVmVxJqSVrMsF7i4B5m63bHw8pVROeSrqUcUDJcimGCycp92j2Q2dADKEV2geYKIMmJiTisGw3DXuz4QmE3WQUHPOocVZXdDmZ5I5uEtVhdSJLqN18/OQywQUxwd6DGtEIr75HywWpPgbQnC6WHP5A+IW1SnC6YLBkavzCvnMG1Q1oyR2fdzvg1HXmav79E58xR4pEPRlhVy6myAtNrjeFmEE2r8DwoO4oJqefo52hEzlCUMfIjP8qMxS9XwiEplDkFDUoAsuaBsOV3en6EKrBt//0bWDp18Rn/50vNX9VFCJlrdQDV1erpL8Jd/jtF0k2InBbVisjqlJ7vJdt0EvBxguKAWvi51sbE9K808+OvZITz/QLxBMBc2No8VKnxEnUCUyK/LBwAQnsG+m/Z+0EZ6oYUWoCuPKBPY+IMhiQSROwbYIQ0xvSOrmO7plh9Z3cdAUMglxuTsH+vGIxp9T5qxh3SPaBvZ2dmMCTLrl9rqNcqVFCLaqmqjoKtUvq9SbtGbYZhl0hpXxBzU0kgF2+H6xTaGLegDCziRQ1PHByHgoOYpo4ncVBlbwqLlmKihh7mIWSvt2DddhQUFkzeEhgwjxmye4F2cb1WPJTV6hBWoPvVYaDYeTwShcr6UM35t5NXcwKORNuXImDnTetlv/mt7uCii+ahYGakGLYpwGxTuVW2J1VM21lDhjRDbZ1G0J0xx2DzS4TYRVS80SxIy1/yWvPvB7XZeayH3O1tX8+nt4f5rtpX00ZZZGTVGW4XVop78S5YUhlQdEUcbwYxZlykJL084p8wtRtm07tG5OUfFvIIa1SoXifkuUxTz3H991BYvMWI9ldHvc571K1eYt6DQCoWgsRIcqqyBkkl7WX44YFZlkGzYVQjWwixMzYpuKfIN4bczXAjTzpD+OwnM/n07kKolCdClCplozTsCapsHO4O++mXWozu6GofMWwr7dTQ18v3nZ1qTic8ziN+3InQnXtbzqn1XXF6shaqWipf2T89aQNEo6Nl8JF2fz5KbCx0A5NfG3G/sKNwOj/HdZKQRj7sXQSaCOB/olllUDUAmXz0sHh4NaI/ZueubZ6VftIi6bgICT2pAHqbSC6BnUbDOtV5httZu9FkWohFrc5aHMLmyKdzoWryJ55LmKrTWu1LlJG/gaAdcOdqXi2EJvv4CFwjAkjcgTnwgJdfG4TTuUVeU9+iNo8hBkJz8JLsJTszoJKQnrds3RP/CvVlKXFhLI6zoijRzFPgSomzgAAEABJREFUCTaQqxMin2WQeshiImBUVc1enc6KgIuZe10eW+8HWBWMc0THGxM1c4th5VJghJR/BiOCdvbp2f0QnFENHyeef5pPP59O1ahaxYkC3yHrN1YXOTVMo607ZcA6J4uoMf0F66h7LtAfU7oQZ5hp68T4nGxOW0WwHn5y3hHT4zJauqGyCK6HvfEcjehaI3AWMEUip6PUGCCpqDjKPeOHw30EOfBjeRKHtgXm7EpXp1HSO7GJM+TJudSQy2BWjAIWWDNsHKW/cELRgUlaG9SS00ADk02NMZYodsqUmjHPhhV/+ao6YEsNlvbp8SmFm1pyXkxWP4LVtM9xzrQpJJcsll0hS+UyOOkkbvakSD7njClUNZj2emiyVOZiXk7zevxUWU5ad/TNOL3b7REhMqiyGMHImglOjY6NGvacshN+fXVxQNQ1B25PBePvSkfAd0usRMW3JUWRAH3pnFiKAjHjY0nPIXmlhSScqvFe1QjKlJcirg3rcvfuUFnOuEPO5kNlw2lfWz+v62k+HSUxGqvawR1BzDZoK+BDYTLHxtyIAuH+xcyYIkdIiT86VZO5ZO4o616r1uzq19MkwviqqTXIXBqduBVsbY/pdxpMqlPG5EFdU4HAYBlV6yIzPI7q6AdUF1UoMtfFG9adYI368lH8WSyDG4YlczvqQFJy3eWq2v66vJr8ps5QffI4VxBxFNV4EXfV2vFdbVjU7/V/0VzTMPgiDxYAn4Y4r7AwqgIfjiCi6J4Oh9qpBcVuVtMwSeITgU8V2wyaFUMAzjAv8matxSJTLAnSpSbpbtrLcMeKbiZx0RD9u8b56fF2PqmKKeXXDsmE3WoRoTox026/rw2Kc+65ilco+LIU4JBiy0uN5ptfHfZDMDsjs5A17DiZ9liyvOSc21EwhoHjRtjmFgpQfxjEXan2dhnqkJHsxP6oM1AdKOqrkXFKgjtjlulFdB6kJ9aAylWHgJ9Y2mBzTkVeHTbrqAUGMXf1enyfx8nttFLJdaY+J13oIOwf/bQ46lUxKmsw1bLCzYXU7bWUAc6imJmc2WTFIhG9ngM+MIIMDX7GLg2rM50p3ET0LaV0HIdccIPkuuFyFyvYoKIztRevGOaN7xoMusH6413UvZff8Mbrdjg9JwF2r4nfyRQKHKpLo2hen9H9jaKdnmGl2Omcwt+IQ8TXDSmCbDyhbMfUmquHLRhWCTm30VZHFl78KBaxJO7RxeUcbH+1DdqgfMNregOGxWAa6Emx80twdQTQZ1cG+MwIb899mgxgkqSA0glqvG67izZrm4PrJtO1+oGLLZ1c80Ge9ie1meYOVpkARql7Da8354i7XcnucRKaruhf+8H7AWiRbL9hrnyI1HyqMHBdWYsKsGwWoRBpu5230bwu2G/MMOyfcyOwODTds+0MdsKe0gQOIstOam1XOtAIn6GGTLLTJd8lRgWVjW2OUswaWg+D32qrJP/nRK1gKwfJSv0Y+w+uKUXwmu7ZW+TGvni5sTddX9XIJbXk7WzZhxuhwjYwb6YFw/QzYE9x90TiJg1SSm+mmF85Gdfr89YXdi20/1tDz/enGMvgV1t85b1bfsLP3BQ9SiA2MVPhCm4/RJd8K3Yc1jip43c/E7RR824XoTFeDioowkSFZKxeLlUTNz0cHj6+/8P/53/73Z/++OHHH6b3D5WJLLzOFYo+LafT6fh0rHBtv7+7e3iYpunh/buKKu/ePSSV7C2NmhbTgUqfo+QuxB3EQcHNGXmE9Uqd84kLHiQ5jJv7iEUzllI8yZy7KaJ2jxpixOFkJ5eVwtQj4NVsVriSLJKNc4WrcNLAiWR8UJUaCn/snlXAcoHbbk4oomPFelCwR19n+B9iBJmHDLo3Swvn5LAneyEewEunzf2q8fVOjTPbNs9tAGTzxsy3H7+6FyoT9E6sWpr0pagR6PNPP3/66efPP/21jveb777/5ttv3+Z0ct0z/tIDfEWwXViLkkXPvzlYtT2ClU8OwcIPVrML2B4i97SkTsmSVLnmkoCbXgEZ3dcAAVSpd4noVY2OYy7ownY96FqXm/4JL9NCOLzn7UbYaKC+8CrdanbtfGlTcT9/yVc3roYFbWuyQwbPHgG/E41rT1deLswdrgNSp9CqF+5jxfx/fKKEb0UqANvpfJ0cxYfUGULscT0LXKD0YezmbCEcDM8sHVzWfK72RowQzg94kVtqlWap6l+taUjnmsniggWeZ/MSb4Uz9ACqztvy02p2b8g2lA04dvPTL0k/S4E6iZyL+mQGqLc0lmw0IGKSAZIw7mw8MIQVsyzFlKKBgroJomQeNFmBBCC5jCB/R7YuL/R+TW25uNNPQlgMIHBy6d7MDMgAzrapdJngsENd7KzfI4ZNsCkdEiWLyjPBqUPvEBtSR6K4fWt27I0tAdOI5P/iJZlSL9qamVBHRvDyyaFL5RfP0T8lcfvbX0RNKKhKwKQTV5HIiLD9ZIDFeeJv35ntxfz169i3huOwqj5ZIzRLDm0HGZ7trESGb4pjSjiduKTayCC2InVkMLodN+DwXcye6ytfv0BXtMZGJ1Ppfzn7m/W18MDI5N5vRtZw+vzU+Nurom5HOxvsFhR6XEuhyMBE1PzUmqjwyuK48cPvbp/b350YaSf6VoP68XZ6kws0qzKaXq6lFAMGqRFSWFd9UY188Lnkhk//20UIxO0xIhQbU8OFRYS3eiPdRL4u1In0FL1vEjObD6GxYg2Z16RXpGGbo4RWImAmhS4TGllPXtW4bXK/FIWXUNB5/sOkUcolzKLhzeyrEXtYuQF4E1IFpPQmaf9ynbxMk23RYqaOtmqBWm1cjjqMjNPGscbs4/JjseMpfkqDhhF5qtl4dRsU7GKuCcWEobSHMVlfsl5dZR/iFtePakFoSUOhvjgzSYWd43Iedvtqafp5+Xz4tHu4OxyGCUGVKubtQCrUV1eRgC+0ZEGoJkzJkyw9X7p+wiDkPQlMYSSldmaZ17KTZPJtG+CrFnwmNsrKOavBpNpJJhp2SQw/Y31Wfchgy4atEeaAgSwacbVM82sZiwJJTUWvNhIk/2AEu+o9eZjzbhSrzVyFzTlLynwBEpJ/czfN81lyzB+Ph/s7JCAtzN0hp/QlxJzeRBu3cNrAHe0O077cS1C41A6a234m8ZGpViVN/imW9bRg1QettaHTru4G+LuhUDXUJyMZnbbxEmN0m7t9lFU9bh1MqRMeve8C88RZEHg7O0Ztd6eOoWzftLm4DwWiHJ3vS9SoSVdRq6l56DoNO0Eh6nSUjYfAW6lu71H3kRaeqmZaTp9E37HOebnfTVVVs1OwL9H/8l411NrjplR3ch6DGDQPEey2PhACyi4mGlB2vVPPSVITApMJhu0Yefy4nzZ7NcO9qHPjsJmzyDpCknP5ItPgqVfIThLbO9gdcerP64pdMdYFHHdsggAX19X3xKfjC/2B736QD5E3QsUl8RhTnxnh9+zbIMfoqSPZYQoDsK+/1A3+OJ//6/Gv+6rkuruHs4y5F4Kla+D+KrZ2pFbwGDGtgBosGYPSrF2Jt6JSivm52EWpEajmkJ4uVB8m+9D24Yutfkup1EvoN566vj9tOxf/Gof0afFDpFMg+SBUFHsYYq7L42cJlk/zGeyuml33Q49kjO2IXAh3zoSkZsVBjJF9thQiGLwWEZD2drliMwE2yABkgzVJrSmRLqeomz/4QfUMtznNcLC5i/XC/kuQmsGdLLsupD2h9Ug1IkdRtny21yQFTr6FPRUfNreDToVJAqDP6gK8lHN5/Omcyqf7dz8+vP+4v5sGnaO1ZMs4L24Vioz0cXc463fe7ZU1FrlB10F+/SM4tWBiberw/vrbLDKqOtRkQKqxMvLDriib5ePpLHhrEcv7si6fnp4+vn9/f/9O8oPIQosfyMPd/rDySUL9ltOyHCs/hbsfW3rvxJ69g/qTT9QOhbEJ3RrFjfWS2FeE8UUSepd9bWyX8yIpT8ZxmtI8y4ikhKhKKnCNthOYLYcB8YZpQqGsgoPpxystH8eVd7tKEiSfh7h/5P1+qm09PT2tKFmylGEVD9rK+ZMG3MT5HYSbjtB6EllpJt0nsq8EGAntFX12hli1DAAhlV2rNnsd6lSLEw3Ci2y9vPCTJjlOragm6Ln44mijJMV/srqeqApeExsAcg+au0u8QyqKzDJjdRqFbUmgp0gI4kakngdSOXA37e/2u91eXE9IfFWxoaJgvXqRQ1OTtT4Wyj9qqpRxmPbTcp6kFtdylpTo57P4nSxmTMCJMD3eZofaorDTt1AA4kPkPmCIEcoCsokBjQkEVTQoDoCtniJ1F1LduBS+MnWRd9NhqoOV0nCyEwbPSSy7QpPoVIHEQprVWCGTpMl6LfgKNatl34rfJnRHsrgcmT3jtBpuspRU2OrK27hnNISXYWHdj96bukBX+ES9juDjZBBBUg/UTes5fdlkAcnsNYrLTpWRzSXFMEKxZVW4jK9E3F9jnbhXvLesTi4DW984dRivcaiQMdM1TdpcHae7/pb7f/p0Yt39dPEgpWcZ4rZZbm3YT1vusJ34Sz5LQfa5pZC0sZqFnvp2cENgl2QRlRQzijflINucXLz2USHlhTVYNiOXhkoKaBeQ0h+NoUARxM9aed5wdSodDutovILc8SNWx5RNqVOZuhqaG4emrau+7R+7/+bF7YcInODIIOOg0oAowHCcOMO6yfrFKF5sXCh57Oil6s/gOWCeShB2fqwioAFMH/jm0RTby048bY60sI011s6jaVMgltBh9a0DcfX9I8/Cu31zujgWTlu22HW7w11HyE1W9+idjmurDmfzbAjr5P0m1zWGozy3IpuNGVyCmlisfrPmtq9aRy+umwUQLsjCli5d3fsrXF/RCG8Xjt7QLPu9m+3Eri91ynzDLf3CEu7nj15/51ddQUfTF1/s/NGMlflFhvL6VybcBULu5pD55Yaenx3e/tywiX+YnXIiIZHhBL5onjZHyVnUZs/z9SYoCWhASUcFrySZ+Eba3e/fff/Nj//bn/7wP/7j29//uDscKnw5L4tk8JN/lvUkxazrvXf3D4e7+tfDw/v3d/f3u/20aiEaQCi4d0DE72ZRSY+xpNYjOJ0gFQrmEwpk881QvNt0pHpW8cjqaQvJLS+ao64lRMnuoSIFI/UVyFxiId3SiRz14CByAuJIJU69X72uLQmZdCOL9W3wtCv2t8XvU1Bzspyy5SyxZ1LRUiLWRi1h6c+6Exe5PzR3ZeJvbKrkNNP3ItlTN6+b27Kbc+5C8qjDxDBh1jk4VjHm8+enT5/qF9Nhf7h/eP/NR8l0mH7Nq3Mfae6DZdvp1PhCx5hfu8qG3ZtGgE3nY1MnEpUFSTuLTQnF2qBvztiyWSMqpPxp1hAY6JwE2QevtX0ryRUGSG3oNrvNml/oK19mRHAXrX+mK2QPxr+X4OBmypA3NazTaMqT9jIojFLnXvr2Fj0s6ZmvO8z0Sp+bBth+1V79FRgAABAASURBVIoopMJuxo4ZktkH/TKUgnRI4EwIbOQgkXoNdDE09Jk5fHYztWCFrvMbKbG7QkWJYK9Bt+mALOemgPLb9C5uPMkcILlPIRdTBA+b5hOo/0Bm0EK79onkVCX2ZJ72HERGzbJidAiHyoDioEXrG52iQGUOLAkJr10WKKqbNa6okZrYja6d70QoC8ZAthNLB49zz575M4Qz60GG8wfcSohM4bL6zcVrg9AG3QaglgUM8Vtz6WvnTGwWaW0wDs8R+C83S0z2CEaDWj4m9pM63yxi+6pcahE3Rne7Ue28edeR9YKRfTujtqj8xmSF4l3kSR7Wxdl3snwxgv4huiHyTyCluS2Ej1wNA5ERlW6cmOuPXycLzwDbvyeF/FKic/H0y12341YsY1qScobnumySKxh5g+0UUEA8V1fdbOzLLqI3gfpfzKCMviJ22VjtIPFsfCV+ZPdEC9RsnnPktAX6sqYqdOmkU65REFhu/N6qaV2q4aiVCXthALxQ8xJPKflBNjm1g2hsa6TjJaM2JhgTWQxkCL7JHmn3mDbCVD9IWcugOVKqVjSSyVvDsKrtsRiLdApAz24GN2gEdaVGjxOZZ08nXNDFmDQglZxVUwqdoNNtEzid+JKYRRn2VdcAmkJFaVELoTOPDv23uCNE+yp7mfk2baqytAQb6BxZGWuhn6h9wBEDpTJWYV+4bLV10CGCIUej0KsFayVPc93JVJbZFZx8ha0qh8VCJZa6DiNoY9X5KmYRn5zF9PKYrS4w2LCjKMxlbgZGtkRYeGKbPbeavVzpU6Xzbw7TMKulm5CM7HEom2UKC5nFzc+j6snhkJrhfQJyJMkWTMlDBiDiQDE7EpApUFX2WqdoYavjp4e7WGcBvCk8h4AEeAPY0FpOVVk/p3JiKV4zSk77vBxPf/75rz9887HcVyvzwGfJLCkizcRCWCSbhIS2VhuFWGDGuqvlj9RBqptFz9hipv6NnNXevBFcRRgWNw7OQT5w1mpTA3wUBNvQNAz34+5h3D/S07lU+0teqgVKwpU1vYpmRCdMBLxO9WTAp6T+PWrBnDJIZ1m9TjS3gcip65nK7lzGsVpmNP19XudSzeviwFFtU2K6OJzOVQStIrwEDVcBOTnIMqihACC2k4FH+zhdDB4jbNI4HtluxPi23ZA1SVPdIbu8P/B8d5YKO1UOX3WqVntqGBGlUTT/mli2CDkc9ECt5iylGEQSoeh+KAZxWhT54GrGNVQDqYdjHhWXaEO5V7/ZAgnMeqb+SDLncg4GKoNkQpCHBtur1GttqAN7bUo4tbtwXvR0ZEDKBAnUoCDKiyg10GAgytdnHKtijt1WnIqSS9PIG8MqGJVZaEeph+BE8zmnd1WUp2HEhCm5G9RUqj+Dw6wXy4hyUyaCedDj6p7osDnkEB6QpExtDdzasSwxYBpRK5SRMZEa/+We8yXTyFA0gq/kR01PZEWK2J0RjWW7LDFA0pd4esIz9a8d6dlMc0K2KZyEYo50EXTr+x/CviusyGB0gkoBqoJ6LjvG2XEFmGJAGmGZsRmTH8GQqsHzz58+j0uVc8q3+3v1LSNbVX1Wcy+J2XY00spGJaBuoBwHTYMVqGXrDSTApojQTmmBMTJ0hAw3qQN7eLar0ePnpdN4XirgzX80bSXVbR9sMbk8j5q9YWEveICDzlihHacqSM2N+agkLu++ffdeMwfLzP3186dK6XRPin2zntad1q5OlCLQl+BHKjNcgDb0OBSQYMC+rH6BujUlU9CiycAHSQtB0ChqRcMBRJIaBcBUk3uzJL5CoT7i3D6xGfRxD4nZFw2EyjxZGwYkQzerOXy5HVz6lUKRqrKddgJpJ5IfL6XwRjrNZIJmBnF2PJ8fP5/PPz89fZrPv//wzXf7hw+VcsuZ4wF6gchHorsZLmElN6kGHdZ6RMl5uox0Lb2PU/JZQxkdZG7U85zVJQj2rITuSf2gepLFMi/8b8koG1uB1S7VvtXjPA5jVVMvw1xx2mmtgzgtvMxpfffwbhh2taVKAO52u3Wo3HLYFz4u83g+fa6PqM5T36I7S7PfVP2IM0Ls9OanC19mNjVdkKuiGVVROQbVIojv7qa6ZyRKZWL1rjav6AKDFknNG2ONY+8KPJgGXNTE6lKfZsRKLgvmV2ql6R6vcvnddKhg4+l8kiO2St2X86nCojTtd+wc0AiAKBAatVbOLMx2lHLCUgdFCqAoDamn5rzMZ0lsfhY3kar0Ry6Nwrt9GfOBnEqA84AKZSsCgmO6YlI0M9GglZzFvaRC4LKrY5mhFpcsbSu0rAmK+536ki15qT+KI00xjRTyVZf1VH+Yx3l/mHaTZJRRvXxWXpDV7mCdEf+jFbhRnHQHcVgZpZr9Hk4ns2ZSmbX64Elyxak5oaxwFMfmQ6QidiV8GTk7X6RIKJs6q6rhqKhT7Ooe+y6ogUMHV63BEanYnVJeaD4fqz1j1AxlUnZHfX3Ee0ZdiSUPCo6PIJGxLol6niCFCfbYigAz+X8uEOIkGZKLzEHhnVwHA9C6PnUpRxspbDnGbS25llKiYi7jIWVGG+GcWheTi/nOQvg14bFAAy9EC/GedXh1wuH/FQkc5IWr5afXTWDGJQSRyt9kxM4OYST8bwmk/IfiErXt2egtIF1Pl65lf+pVC86I2leNPnQy1xUmHKyPm8efuWLv2OOdhrT1M0CWcZ3LBlLz09QKZtE7voDtjU272tP0FmDxFq7LceLhdNSyvDv6hjgXO76bJMVi6KY4bl4Pf2NNpu0UvTZZ19caT2aUf2MvAgKWivEbUyR3ryUAYJ8i75j3hJ9RCrWZ7+GWVw/x0++iOeOrodMCWhrQFF1zZGXzaW9PjPqR7BqhJoBkujFLLupTwLDNosdt7e1GCjJ358e3hiJ3xTXmn6mLunlpL1K52EOoUd/usX77RqJ+pbmDmsnXaNvZTdIpqHeSFX6D/7CxPAv+1XuHgbYDbsEt+grjjmw2YHZbhskFyfd5iQHiidSvD/qPjzay5e3rla/9lldv63RHL9z0BnVmunZguv2+64supvfiGlo33jDqZxu+GumXtvaWF6avufRQ+rbMzkqZN5/bC97YaWr+bRtKeItxXNhAb65ix49g8s43nqBMTYLNRhaBiDmVW7IMcxzhePCCQZrpPqunbJaykBVvSlbG6d3h4++/++FP//b9H37/7R9+d/fxfV3eCseePkuZR8t2V9sZKxxVF4SPHw+Hu2kSj9yqyajfrLPmGkkWLY2eWPh3P2lri/VExRp4eJBfwJAOf+yHCF9Mhj9Xy6Hi+go4c0SpGrxd/ZgFqIrjtLqPpGSu7LEMlR5abg9VftX74SYC4LpqxzSxn4PbOm37sXeFAX3qpEvJfCy1e/qiPDKuadTkKzFSG05LDc/dHuCbp5uaDqYZl7/ycneTfmIBWf/65z+rx8nPdZjvv/n23YcPh7u72nnxR05/uyskb2NTX3TFkUB+AV8pOxMElI8MC6U7Hf5UUhKX9MiJuVfkoMzGH22ezKrSMWuisFdxd72pqxeU65/sCscFSCQcDBkXfwk1NxyoPz47G5HEMpso96XzRq8+gvWgt+88B/7whMhQBqUG5/FahlRuG7ul8COX1xPc7rqxX3Qh++k3ycSmygjQzS1ElgUj9W0S9QIwzIDQuSMfvscfX2IaFyh8c6NOGlJAXUxIJ6q1bc72r+qqNBYZYZ5kLvnJ/viYLlaKtg6z7WWJyXeCuT5Do8frhgMZXvSzqtWH4eGpSVouUvknbgfTLagpZrOTNrruXXzy3NWtVEasNTq3Ggu1nlh9OKImSLaTRWvx4H7ui8WWG6KpR95cAGWMMqw2zCm0w8pfxdFyHEzZoiA/N2kzNKPIxZK/8Jj/r+vZCwKXeUqeTseK1eB51AmyrjD6DdD3Gy76tRZRdJDrakYBDe8zKJtScmLJaWMBDjr5RRyTaDNdQW8vL6PPr1zcPFYvX2HkIpk6UgHrmravTj0l7UZ3098FsrE51BlHCNrKt0eQws3WOSR1Pex6nOgSprDhI+aXmCs5KTaLXU8NPZjnpatv1mqQN/5wed+rUIq6bl10GTTSGhPTR/g7amRi7vaBTTAbgxTkjoIXWoptte7YC2IF3I6joeOUIoqRLAu9GBoHBDImcmVJA5AuoLYGkRM7s6XNSK9fveSTrmgCdb5ZZcO5tpjB3Jp8IugyuIttrZGXWHGCFvMuibMbl4K9eFiVynIdY3X9Y7wzhJH2GnKE0L1eTfXZTqf5nfB6WpfjOj9Us9dulEScy/nz6Xh32j8M1cggO2pRtfmoucqz5J8UNTytq0YhT0k8gE6L2h6zhSHIINbr/at9CsCJEOSC+iCdYOBYOJSNaUp0yOP9WK1D4xPNuyTVZQa2DHB1n2SN/dL0eJL7Bc0JyZjP626PnPa6gnWuabUaUgXpONd5EusMpM3SNNpVJK4P1M2+P+zlvvN8fDpWa4W4MTV4YBQhdfP8HIa8uPyUmUvBBbh0ypZsWbMFOUrNn/2+Ctjz6YRcd1byW85XaeUoXQ0MloD96GchkKe/HXvKTK/sWzclt9dedO250XmbHArypLOcxelEtJFpCKUMpy+QaFw4wnCMdLNpZ9A/65MYvSxzhu0rez5msz/XyiWzV1T0sFK5TbIhsmTxqRtC4PWZl1O11S30YdjdjUNaxJgJRa2GHa1SoKesfElkqSdzsaZkruquVovu2MS8BAw2BMpYZbEEIikCDfsmt+m51cEvS1g8zgjsgvKYpYqBrhmLqJsJD9eP9mL8TSSWuXSUTDtrC+ltQDYlX3yt7tFy6KDCjvMinx11EDPVgLszEXnsRWr0EFIxUiioKXBZh2km/mk9Tp/F1PphutMMHLFFZF1RUoVMRwgvcCOl6LCGysMoaGbgbEULNhAhDGPGjdwiylerk15cuJvHB4O+yXfaZN1sM10QHwr+Yu10qxLSIHZONkwky/r+cKesXMb118+f6rou1ahMmvWHiudJThYPS4BSPLh7rC1011OlLMUj5ctQ9Jypk28UY7bQNdt1RZMQXEj7PRq8mBC06HfCJmfAnnsJN3aVmL29pKqTV43K0K2qnw8a4JJQwVYdF8N2q4wpO3RhYF/qjqsHCmhVlk/rcn76+afz8afT8Q8fv/3DwzcfxmknDoJlZDNLwzVOcmNbqekbrvTXIKSDPW0vgQypdTC5PzZcVY2uDebVarHa1UytiUuVX5PUyFtSqsb5mYYZrifzUqfq58dP1YhdhnS3vx/VP2XUdBGjnhAENI7j/FgxA89ancfSt2hQUknUk7xewVKClBenYslGL7XjzlpPJ2vZmvr5xPusBXlH4R8ZGTUowZ9CS+WpUy5CJHvtsLO2VEU/2cpKn+vvlXlWIqYKWcG19dtpJ36pmpckVe3zuXJX9XDZTV6Ch21XZgoxHxPMcIAbxU5L0C3lMc1FZmqktc7YWn9dpHQQryhsKUtXsRVCdobBYWfRt3ZMAAAQAElEQVRibuyKG2ZXDUy2rBcE4q2Mvna8KuZHdYddynnNg+aGUSm3wgT1GmPLZ57EH0HzXrAsruj0z+P4VM0PdfDVBlGv+hxLWZqkGd8UDsFlTnlEqfrbFelCstaykT1c53DejcM0Vdw4Ix0NklJq8lheTIRCAlqsmslfXr3IEjFGogTDrJo2RmdF/R5xRJVfM/ClURYNU1QBTAK3MGUWX6GDPc98hoHBopk0/qciKJmnca/cIFv4607cUdRmIROATAQCE2Umimd6x3DM6UTr+NhxQxYx24EZ/uEqLygq871ofiwWze1Ze1Mnfbhzu0H/7L6DyLhouIGQsLAuzKKcTeVF9TEu8LSMD8VYJc4tA45m2RULal7En6nAEtT8PpH53pBSDjjUkyAXA/FIR4Hbdc2vej6aLtic0YUgZdEG9a9t90fCquALtxjkFoV1CIX7WzbINt28AlP1fb6J0ND/YGCbXm0Hl5K5sEBP7K1dSKvsU0sbQc51Hdw3fsEoUg8KUkrP48lXLuVSTVtJ3gF7L1+9yG6gtEUD3b8XAKcTT9P2KefTW5TVNkbvq5IgcxRbaqJO8RJwLVyIUj/NaYOYW/vc/qbbG2V7MlLocpJvOUZmwRJYzH2zOx13S8dIfLEJzfPjai/jZhele3OsQ0IDpyZH3wKlziWNXYpobAczuV87pU6n1o1K/gqLMrf1KYHHOh/0C+jWRhPQIF0OObnM8QyY3jTQfXyNq+n1jc9vPBlvuI3f2tbb3nV9TCjdtNw805nL2+i1R37x9ctfsD3RWwH5qvW3uPj8FtfFrgLsCL+TOG6kSL/LYdXENfuhpa6IAG3/qnhlXjI9h5YlGyRJX5mG/f3dwzff/Pg//vjDn/71+3/53a6Kb5kqTnn8/Pn8ZJ4TIglUpFOh7d3hcHd/d/9wd3ePTL2rlMiEb8ca3M26v1FmNuIOVW+U0Skes4p8IVa/ZoO67QkurdofaQ2bDDRv+VDMC6TeOasX9SncR4qZb0zErLq4ZUWZRPWq1WKgVb/ndbTBjAZFd9lSFmQvtijFLbN+4DrGFO/Vd4mzzunpqf4IV5X6VUXFqBNEv/jkbHTLROlrCUVINM6ceJYKnuvT4+Nf/ud/1tHdv3//8PHj/bt3h7s7cK01lb+l00nravrKi7s/wAPcabqwrbiHBME/XSWoFwUGYqQuhPt8KqbjDRVrQnaAbDkoovjTzTUHfu1ViL8a0f/bXsH8k9egXS12s3H8L9v2AVQ68hg6r/TrXKCPm4qIRBvH3be+ibp/uRE61WvZxEDNlVKUnk+3d7XultwXk0zRqHsgYLYNO8lrMoL7bqm3Ljpqxi7nG44kk5l0WZPdFyQ5cS7SXo3fGwcNfJwtg2oeKF9MG5nxjlLMENvDrCJiMZ8Jk0rUVzmZUUVlGNh16Q2rERMbriem8JBAnWbx1Q7oWdN51pRYppz2CSG43Jj1l8B/gSc5lDYdnObe7qvcJj+3At0vvPmn/6Krt+szbN5JFIE3nJrsZOaW4vnYuc1+G1HsGdoKOwGM4sRtZRFkdI21s2k03z1rNL9lfS5Hmf7X9cLVmIps4M+fHqe7fZhINJ36Vp76+1zex192QdUHXa7hqk6muzhLQejADoLJXrR440N/nDqPXX7+zrd0mtm1sE0MdnAWEfUoVw6nGrqg7RuxJMEtzD0Tbr+16XKMkBFdjj1a5uif6rZh97rdbvQElNlzVdvcvDg93PEFR5VBeewqmCQKOV9HkLrvI/Z360RjU+Gq+GtCQxHK+cI56JaYE0QOk0OSRQQ3XQAGTMHhWBOquC08WOyWlMOA43YttvBlTXtvScOC97KbLJoiMYX+i7JlPZdUaYz04g2I+spfbaEOa6ULSs9b1CS+L+aKfbWoUJOrOjTaSw5TOxWcmom1NKrkT4fHCXPk6wmy4CJpk1dxUthfRc17Fp6663ag6cbOo4a3WMuwnMoyleVYFvGoGMflfP789PluN92/15KxGvNZDRtqy6jsfmR1VRHbTxF7JO2pGmngcUKeiZOTxb93c9P+CcoswuKyQASNtRgMOrV5qJ/sR3E6udvtjyIn6/8VlGgcGKKwirJvmxaV1rV4R1qriaVaGPLQzoCJ0KtEfRcLqVjOw/npaXeYxv0OjgYS4pDro8t0uJurHW6ZT0+P426sEjzljkz1E7s1Kgf56qffiES3o0IW3SQV6cAWfkVao7r99od9/WipQvIjCuK6ohHVGZEqUv1sPesBxbbmJtDdSFUIEtP2Vxw17xV3mzjxJcHoKJ1seIuZ1aDlorXgS1pyNYaFmMgvE52LK1AwOaDlS72+5dZgDc62QEkH4rkhtGQnxGalM/mSo1WUVpRsRQJm1/qRBPSfj6tUX9i9yzvC+dMdqDtL/E7ErY5XL16ZUmo6Zsyp0UZdrRR+yr7SRmqeZxbc7zqTCyApyzkdJKNH1ByiLXeg5B4lyCNRzw28Bqwwn2UMRHfYEmeRlc80aUAs01Fn51Q0L0DZZFDaEC6KiUbBEpBxo1eg2CrPwcBYBh0VygNRp4vPneMKq/FYXjmv1Yp6GnfTnNITnyv5uhNCwSMKBanzGbJdLqkYZUVyHBBg20fJXSWsClUzXSfqSrpZ+lYcID+w6Y3XpTIOGtVGEemmgoOvPFTyzf3gP/ivW9aGyXf2bEqAZP+hJxUJ7/P4/u5BEybIkv/0+POxavhkCteDBL9OY96pcIoQ/cg0T8lUo/AoQrMgcF1KR+F1QosHTfe4mCDv5EWtyF6Qxec+eXyCsTvrfApUZkPvqWUsVWT/Ta7iC40wnCJ0zyFYijGoeHW2koDCGhaHfgBd4sVElsJBNpAbmc1bNPw+mcDceS7z8ec//+X4+POHz9/vH747PHxTeckw8rxqYhlbtNIWs43mGeydnkegMrAMjYaNPsWtrMlZxW2GJIOXEDwtD6OODHlIcpCnKS9jqXzuKdFRfaZP8+l4fCp/4ae7o8RK7g739a9xqkesbgpJQCJxl5Id+zEdT5WF8qLl6yQna8mFui5shmO0X1fF8oEaiVQpfK1He8nroPmYhJpO6yieETtL3V15yZDrDVVJLVk+WKk9yFDOvoModQKFUgz5ToueJ6TqFr38oJmqaB2kCMsoNX4qHdcdI41XfW5Z1bFmgH4G3Te/N3LuQsjK5oRdXixTM2jq1N0oLgungaTIvPhi8CL14lnL4VVmKHlmrPh4297ImzOwBcRbsiSy3aKkC2F8WXOaDFJPRxKfrEhBskKTD5WSeImoIFLXbCXLFbOquLjO+fR0qnti2k/7w13dm9N+Lx5mMt5xyfOq3hFas0WeqGYKmtntBRnOLZJYpWrn99M4nw1rs2jwV6m9c66d0eMFwzUncxQLcMdO1SA2IVuusWMEUWQrRAMnFDBtd7HU9ARaUjDbBLmeBayLMWHIqYUaspK7rx7teTlVK8RR9t8o+VCqoQIJ2GVqd0MZSJPElDowSfInc1tWq9G0YjZ082bJkQKpBD6L6v6sACwr4TAp29BIUlcdK0bFZo8pLQu1uQyy+Qej97nTBbuYZyAmS7XJEieM85pKUPvQcIkXlElw4gMzar6TEWQAxXfcKzlpDpQFxwQvDEjaiSeXsA1c1PRaijTS5UW+xM9cPRu75Kw5jrNTtbZt0gZ2bjrVWCH3XhpOpeOnW11pPXCMSt231zOg+d82hK6TdONJ9LnkDQG3D80F09555Wexbci1h+0VvB1c6aakcEu+0v8QJ/GFH3wLIWlZunHdXtIWNnEx1IvbQ3sTHgruI9GtXixYJ5vc3oSpKYPItfDc4ANdiF3d09djo05E2ix6bONucNEfS/TWMgFBwRSpGVNJliuLulVA+sn83H7k0O20A0I9/rGDGUgVECJBDtrMZoO4hpcoZI6QPIiCmtr/WJd25Lpt3p2kC2k4Ei92wObyg5T48pj0fOA5tTildLu6zvbi5+nNF1706zX1Cy4Of6XXe0Obf1J6PZvLL7k25PvLntxg3cD5cbacLqQYOQjBDQrQ37bZdW+LAsKV6bmJMkLdn7vu8wY4c/QTQYAgQHSZGq07QcGJKO4BQ7HEZtpq/XioEPzjh4+//+F3//7vv//TH++//Ui7oUK+x59/Nu9RKbOiWdaqpDUO02G/vzvcPTzs9/ejFFIUWMud2h8T5QJOaLwbH0r+ocr5QxuzuWIr8draW/F56XxNcBsgowcwtFxxqxfQEefpZYHriU6E3J2sq675tFI6mpVEMPqMgZt/iWTjExdqeIpkczXmSJ5joErFf4SaLBppJthc/MQHRJolK88y0qUpeZMmCo2lN1xb8ecLjkn/oMJCQ4xkQmh5enz89NNPVTNZf7l///Hh44f7d++0aCZUYdLT39TpJIBGD0Q8ieWXXLop2fPm4pO0nTcOrxPAsnzJxb0px8dqL8oFCRtbT0sAaX08uHWyGlPrmr7+2pyTf5AL57ipnHASDBGRH+/NzlYBsgO9X8n/CoXy2VLs/vp8iDqBH2+iN7wFdU8s0QfDM4Cyk+DGN5nZg88Nc1ktFop2ULw2OsNBZi672dpMEZV99TVt4s+4YxTQ6l9OYaB0KHYRNkt9f1T2QAQVyDHhZFgQQ8qd6BZ/UvRBm4sc0Ky6IYK8ksPRhfAdtc2GaTX0ScDj1t/goBuUEn+LdkaEbLEMpeY8prONI53h5SOhPYNFN3G07C9wpaAaRYbBxcdsyWzY6UeTK6mtSYciLAwaqITII1lVrh+c25GRZLNkhy0Gn2PbuIhnrUWzBD4l1rUhdbrMjJpAyRML+lNZo7VMKUSecUVTHes9hEgyy1/NiOwqthzZxpCvBhvbrNtcz1QNe9shvr7rNzj9f8OLXvwYthLoqJRV//zzz3/85sMwNMO82SC7Z2+Cga+Zpa2kHYLcNUh+4b0vX9Fx5b1mLyJQhqzZE6gdZ2Mh/hbyA4z8P7Aa3QZQfFsWD/0DTgHodiOFXzJlhMyeBq2d7LQWTF2ChMAoQRUwPX7KJhWrcF6VuhC8qWXBCp+IICQ9vb8h2XLvBudqp6a0ajTS2Hdj1xS90olC/vlnJyT6hPY4JQ86I7NFKTJi0wo6cTVSSCipYjZTUw61ngYjBt3dcMK2WFkBeIsbC5bbkeysBgKKEkCJXcPT1iyZQ4wPKbsngbgZF0ce2bPNhORI3fybtIbCKcJ5zEW5RRE0tWQl6KWZ8Pzrpl5KGn3KzrBES+ySaq+q67K+U7f7tivmk4bCcNIhVhW0M8Lc5j5utb0hIx8sSDN1ObC0WXJg4Xja9rPln+eNWgvgAQuiBgkxH6W1P+l8sZlMQ4dPhhD/Upg5JSm/GGXPy3I8nw/VnjRVk9j8+fHxYXegD98qN5OHFImvCCQQtwGSlJaqP00Q1cZhVYfXYsF6Hrnr0U/dCdGZcMFbXPWrQYlTQODG1smNhVWC3OdU7Rp3u+koCG89Mx3F60XqI2DvyspktW7CO838mCTotki0NtlMaFiDbAAAEABJREFUpxa8DulT4ifOyzCtSB8yLXejYp4RaGVXJ4KqAaU8rufzaZRkJ2KCDbdY9gTM7EpE8kGWDslvL+AI7nc0ZufyPj/O0vRguQPGaV+F6/NR8vcv5xlyH1CkMDiu68EidiLW3BILaDiwFhRH3HMPrXGIjFKVrtgRIUTZ9Sa3Lt5s0cQd5UnshCKzhcFLoYAd9ik1He715KT0EqyhDpY7Z4uNzRg3D6ZoaLSemq9An8cO7lE6hWyxibp2ksxEE2ckuL9Vfc5xrla3OofV8rZ/n3cHsboxKJr4eq7iQ0Zrwiynzuk6mXCHKYKTmRoqGa2vthN67VsjJED+8o/pt9SvtKXT07uzppTJG7d1s0BT8yWyx+vfaufcnbEVqxW0mxAObq4GZF0uqBLEeDfWk7jf1S8WSQghNDCzWeN1NIqITVcI6j7E5uJIMhFeiZq6N1sGJkh/JqpwiDCpA/xJzeW6RWcuj8t5GKcTj5/Pp7uxapvucKP6a2wwUpLoTOyBks25oMEY7bw+hCpU8NlKMZd6EsidVxxfRXbJmPBGb6mbzfZtf9Hmp/4oUNsEPXi4ASR484O2MTA3HucGXDjLQIJOEU5tuWdY0qdPw/Ce7uzTOg3Hz8dSjfpHruZX0qoL44hJQdp0MpcO9Rqw/BZq1BRuaAdOwzkqn5IkZ0Vr7dWvp4FmMe2nZMlRtGjRwN00WrkGuPfoviHn6S79u4OMXmZE6WYM/jqp7R1MEs6jNeFM1qgxbHP1h4FNqEb4CNCl1fhlS72QUCYn2emLTZ0sqYOldUmPa3k6fvp0evr+8PAv9x//9PGH7+/f71ELBuh3EeYEUuneIl4rs+nKO+uXDq+UjQ1Bk29ZsEgxWJE5/Lkt5WdQSEFVqzrSkZTu0BoxyrbFf6HSzZ2QvQoJEk8zL8fT03E+D1O1y9+fy3o/8UNlQAlScqUG4nZQtbPH4/lxPp/m86z8JaF8VlYORE0Lx3Cd5kAn7MqQhHyvvoDiinQ6IWfGMu0WXsUforIPFXHybjJ8KmkjClitwlM9yLkLwZQjIQ4AZfG82SM8bzxYs0ilPlFbj1IysNLQOtZJPVqWczFHg9EL9FoZZIPHIUxxKFqRRjdJXhaulv2KPs6k0BNKF+hVq657TgQfkGXcTTsNr7RsHAzHvNIfcsNuoC8gs1qFWv0/dvs6TeOiKnvJUnNeK5/S7ILjuMsKC0jzEeZcxmEBltOV14pI8sHpeJyn6bSbxEohivvap/3doP4Q8LFYxRdoltI885Jplgo1I4qhS8Vaybqyn9iybdK4nysyGc+n+rd2aQGS5xI++dRF+HDvgWcHDS4jiRp2bLQ4JziGloSsc7V70NHEfCEvjCTmGQdnvma6Fd68iF8xSEf96lS3fB3NTlKpk5V3JxUZyrhLsjQV3a5Lqbtg9mhfzxUvB03NIM4RsI0VxQ6dnUmA8y47FTPVvExuKh46pvPjdSiS2YRE8C3YxiYy4XSDDIiwYKFqJLls1LMKOnm20wanFq2OOgw6s7L0A86d+uQrZ7CMpyNrIpxinkniVrpyB8lCQlQbuQdhszHW5N8mY4UYSnfB+63b2HChAiuJFYob/JzZgbvgj/o48wWIjk1CrS30M2/7Y5Is3p7bK2nbTsfIXScghgzgT6djqXnYe+eWJus1mVqF6Mgc300RkrsX4CLyN0WvLiex66B95r4DgXFjVga30GeHyfjBfAhe/IGcwa09oukiP00/wxzmWJQkdjy+XRlGFMcG+/QL6BEL6cJvybczoEDmti6+KBytYYtuUVPsn6t98urF5rJqmwcLF9g81B19ZIsugpm0QPQBMNQEnZ3uwSWOTQnSpKFORA2/VgeZ5poHzXF3IhA0q8rn5nTSAxP/BC22B6EITAAfBFAkASVQ7KETyXKHJ8XoNvAgd9ZlV1R1R9HPQ/ZPTEAg6r7mTWiN/vs2B49rMMz85avbvfeVu95y0693uYrshqeXWyG4U7iB5XU38cW/tko5/QY9/SUPxyaKD7r2YkGpi3KMGwuyA19f3W3uxPlVG+NGb+mGQRkOrk5xYcnTXwbL3Sc405wA/JnLbqvXrCmxE5gJzrNWrhGsPQ73Hz/ef/fh+z/+2+/+498//u6HCrdOj8f50+OywuoG0VXFkkwVxu3v7g73h6niuCoW51FWn/NqsegeaOrwIA/Glsk9M5rXiIdPhhYlVHU9sY3SOZ0yWtmwZg0Z3K8a3iqAzbDwo/5gBaBV/wZKB9WxhNCgUqFWui+IfdcsevVO1NPRWVJHEy2CkxEVt9shgQoSsHAqvTCOfIdaaHL1Ma4smW3z/nAYxrFbaxtoulry5AxXYW2hDTu7sdl6kfwrrtBysy9JBWl1xuTP41OdizrUb3748eHD+91hXxW0Lgza697mdPKmzvFFnonuukRhzInopYb6Z0OIQvlzKe4N1pRDCc4UOlvAWRT9Ta5VC8kIQgSZ6s8c9+UlrvWLssrJFIiQ6SBmlRZOSpth2Q/c0awSlpBuAyRXev9tOcaLF7ps44gYx9wYSMDYftW4d1JO8WHP4MnPOzXGHnjMdI8lIgEC8pqp42KDUEC5/hXx8+X+tAUkUWWaOws7tHlmLxOlphYTjYPKP3rSBxF+5J7MTXHIFuRhA00c6ColC0Qz8J9DNagK9uzlGg0p5sh5AV9/FBo09h7pLjuGZxEVjKDNZCNTxSQyupNpCXJSEmrZWMwIYaPkbqpCj58caGoRSImYsX1uh4cNK2wUtdquqknSggrHqWlpdfS25Mlf49NkxzD52tNWdmm7Et9HeLZ5hiEYrZDPfkK+Ug8IZE9Z7cvSqQntFYQE/KhSCcVdsWfcmIyMoCb5lZB6jOrCeZu9sZQ9G766k5s6NbETA9XmCe8aujJ1oApJ7W1ICoMi0YMiA7IaQR1wT6aepCYbxOQVi6tNjdFC6DMUSCXrBslRqDCtHvEgix5yhiN0F69UIVxSxLXb1LiXTZ87h7+Ovl2zQKLfik7+WrDvVtMXv1PkAoDUJRth5WqiO+wPY9UEukKGbj38W3UKGCVdAuyvmBZ/hPuXmXpaj6MTGEO5HMbQPm6AjOcWDndYoi6wXV+UtjDfhhBA00lLbGxnWEjtSy8NAchVTyFKVhviNSQXE6QCq6T+iiLuOYekQv1UUk9hdU663AlOchsLY1N1+C7Il2cIYw+wWAxKKxdKg6mcA2/oKwg1UyxQHo9YhsTUZ3v19eO2Gn76AZMoMp1mvLUrWYyW24HykDhMHYAXBlOMJBFfyaPsGA9EVG0kZbOjrFe6THazO2olTl0VMHFaghaoRbIxB5ujhi0U5KwGVLIrGimgnYkiLvaoJhRIE9GKyXFn22ypy1fVjACxm0Qhm0ZPtZBW3yjcKCoWrp8f2syCHwjCVIdvJDvikt+K82XjUuRsN+5MbmRqHcbSeMUcrIoncCC2oBbrkk2s+65YtLqoshPSeSRujAlta8QlU+MoyRCgrZpvx3pXtX1UY8JJXBjmcdhV88vTOj9W+9E6i+elDlDcTpdlhOQoVioxyCeNXyW1bYgxQ625gx0pSfMdr3ZMglh47mgRkp3Mk2nVN0eb/YjUjSPJTvJwGMf9IHa6EYnetZgK9L04ZLKXlbWr/m2EsFq7TvsS+DlZeV1JGF9/kYjn8ymfh3yuVpLTdD6NVXJLo5iaJIx3rDt8vz/Mp5OE7p6qFWWWoArHLOSchCwxX3Ktak8nr/bSlvLfJpaBacVVCwBCLaFasHZ/V5UO1dokBd5NCpMxixGqDq9K3aVqGFahsjo1cE7K6iekM2RWDcNS6LPzDeatZp5SRzzZxEB2MqE0CvstdUDSKKeuRsFGFDqzrkl6KHqYmKYY/pa52HRtZzQ1QngxV90mr/sl9ff2c84ByC9mPTdYhdkwK7CmPRBVSCojnaTWVLXv8TKmj5QniTUuoz0h55Fkw8CRr2kG0UqAAFCqLDKPnoeVbXdQzF7MdgwjAjNS2u4nNpSox02hrKnB2ORvfaIo7cipkaeiKi1ZmUXOanGBA2slMBXivSF50y2JPLWXWk5jkTJXfOIZq71axyIeOibfLPWhWIDiG0Y2PTeSHUGRClnKp45Nk7FU93KIbaFqskoKnpb5wMOnfLw7VzVbPdRjVLJExoBRzoCmXwAiFPlwVFFGDG6BEsDajGPrjOWUs0s0diQMe2Rb2i0ESVdXL0Wm5KIcU/9hcqJkH6Zua1NK3UFIz1+dFYFTOLTxlodEUwO5YIEYW1mGSYy0u493JKRVHQj//CRJmBcz9ZRDuqvW19wSqqXgt1W9uipWM+dSk2uKTjbUDmJpGxNgqNwyK+9g+EOo56uXp0hgkR3G4I5mBpYzrrg5Ecn75FSIGmDATSV1hKu9hbOdSvmzmqSL0pNZPWqMx0asHGjmlSmCzJyOHat1CIU9Hon/q5zL41/r/TOXj9Pdw+FQT8+wSHoiWtiE7dQLlgk0Qxcxb8mk8uTC3Y4otGE8TfNCFuiiNCYZgJO6K56WoxLKRTKdwDImvrz5UI/WOC5zOT5Kiiou81rOT6dZcyDM93Jq7sbDJDlHhPxM48iTVCqx4MXzucKJtirSoRWTxeYjmHH61Qux+EwqkqQCpyep2l55+zAKczvP9b35dK6s7f7uYbeTAimCNEbRLJ/Pq8dtFo1Qk+VeFoaLSF++BEmz4TCArSMlYFCXiFfUbcfj0JDLVJRh1gwiUQdwt0OkZgbe7qC10JRVN5fqFZKy23rUpNCNOPeIZxVpNF/R/CyaO2udq5G/fjBOU0FlHPH6yXAlJ+dU/scC/bD8DnnNzjAO1bQgHsGlHI6Pj/AsKetZ07QM2XTwgyzwsA4yrQt2KaIn6wfiXCRut0dR4kvuk8O4mzQt+SjcrwxjGUVVr6GoSPiR1edE6y1BfWVnb8zTUK0A07icl+F8XuqWOC0QOuHPgGLU5iKlml5K7WhGO8kiFO2wc5Q3CmS5gihoriTdOHaSNb1LnW01PySL9klOXo3PqdhTkdAidZXm8yw7CnEbGick4GmZVVqRWXMDikpkxbyZa1PL+cS+7KRuIuhd9kxZpMFw4io+jHDbMzlZXC1ZkgKtHgeFysvIQ1S6Ua5L8pWHq5UVchLiNCCNAqXkGfgGEwFVJFkTTl/ybIJWdFBftIY+zyhrBb00quOdGoOW9czn3OvwxKm7uFDWJFWzSZnGbAVccWJZ1APKGimGZT1XAW1Z3AbWOYDg0EX2n+tgKF1UO71x04anbi66cbNvwsa0L2++eCOktZ7iscPqQMIp1N19Dz0G298XblidEGxSZUwNNWh9czihC3HIHoCAt4NlR9cXo7v+wTdTur4MhCp9vXru8oHoA99eDdPvt0PqDRL1yiW9k0s/4dTd6h2LH+OTRDf7f2m67qCYSZbB57MeczjtsKfU7N6iqVnT5T6OfUDQ4LaOKDdO3R5gX6viENqcn9tgyLMduQcqYAO5XBGjcMBszzbSGsoydnLBiwYAABAASURBVIjJRgRsZXI875gLfqTFsMUN1WXsKUNc3OJ5NoaGq1luk9Sh705JYl+mvse9BuzFRtONJf/tLv4VX31FLPwqW5mCUqcpup4TJGQz+8UzRLBHMV9w/dKZDd1IcIS4TEvW5uDCEQk8Kz9HRnwf4i/5p/CGmthNV4/nrTTRd4qv5sjkhbD16GcFfl3OC7VNz9uTglviHxPWunZVG6mFyCFbDtPu8O5u/3C/f3j49////+/9jz+8/+HbtNudq4Lu05EXVjdfmDLFrbhiMcDUu4f7h/fvd9OktWwGRlWc5L4moAee7MSwRxAFmzjeZOtWjt8n/+zvtL/dHwCTjPqbVnrHQkspWiuavVwrFwpwVzTFKAyJpymZN7n4hGgGlPPTEWnmVq+FPe6naV+h6n437RSv55RaflCy/hQT/W23obogEKylSNkddnXy9KsVOFIlEs/PzT254X61MNaeV91IwURu0LUNZVRxw2gu245XpAab2Nak/lbB6k9//svjzz/V3j98+Hj//t3d/b3C/GGdV1hmI2zm18p0whZyujkX1ID6BqPEt+W55mi784vBSkbWNzABs2go1ymuGGKk7Bxi3skUzEhUIS5OqKU0AN26xlKjSSzRZ3szCi+lBK2CCELsTp24wVQEDYNy96dYtEGzNqHb/Dyxjes3cAF89qKwOjMm1vx1cGw1xkUQOtKVA48Q2SQ8kxPbfXcc+rh6KyUnMWQOWUZkkmob5BfQ2Xy7oAn3uwgIx7gBsInpIWN6odSGATOnC4oa8WEIk9KAPTJzi55Uj0Ma1JMjM1pJDTqr8gvAzAaqJkBW/SDbcBAG5ekrTTdDMT+k/iIaDKlhkZp6E4OBIsTFo3BpIsBFXR08klyOsaGqFIgvV8vFQqiwjAgkoznAdiJaque4fqikOHv9F7J8JerL0JgSuWnT9OIYIVVxVwNQ7CBlm5CCEKbUvGTNOmIhGJpeJBsbDH2yLzVcLuCBzTbDyBkQQfXi5zK4xwkcpmyKjUK0SvBE7q5RdCkxUPMEQiB4UhJi8yuUAsbGcHtyW65KB9mWX1NGaT5nUtFZpmX1stpCX0TrkHRqaSfJeQeLYVTnkqWsIfzED0WjP0eUCEY7LreQBlKrqRmZaTTaXE8ee8bpdmTIsqpi9Di6NhWqZc8uqQW9zh7KV7CJoEqi2PiGURJ0mokbpGG3ab58vUr//kGvXijmJsZc3pYvnzFPiwyPrHlepnF6mO5EhVoiN0DnhPGrXvzGz/nrVyXkOvxaT01FUAg9LLDqde/kjeYB86jOaQHtDZIhDC9Z3USUznNjEyO0ms0Cg/1d4VpVCMNlLqUW1xWvvuhz6oVn0rj3ceiX1aJYVK7WDzMhH3FqWBlfGsVxGRW98vdjFDYJFj3WoYCiJErzEJJFj3PaAEfPDd+weK+xMAlOfSLJk7kXlEmBzIBIdGuzwN0eYydXtbn9wimEcVgwAV2BauBBxW6LicHEmJOh/iIWIM0jAgJO6nltzN9ARXHTGHSCzB1eQlClVVcvq01uQey+iAmL8Wb5qAIzVcC2KHafUjJG5RpSwD9VKTNYW9HmqslKstCswRhiOptSAtDEIE1gNzA4848FO8nqREKUvOI7DT5G9ES5tcbzV6TDWByQfZfA+wXvepNcNPK+OdbXvZIRE+DekzYDQKTm4ZUcntiSwj4BftyhcfB1ezKtRuCxuHBz9XKuljFb/srgrWnh1lcokSEUDgCRus00t5YutGmVZAchDr6NvOiCLEXiZI/Lcjjsp7tDle7+/Pnnv3z+/Lt379Vkq2nnJVeFBkarybma3aUfa1Hjwn7eVSOVlFwtamw3Sc3+AeQjZ3nc9Gbi+yCpMkdR948Ww0oGG3CA4J9UUcE0DndVxjwfj2XdJao2lvMi+Sc0AkvDJBUEWQInnCslalJhZ10s0iLlFekWWYGm3iKhE6fjsN9V+0FtftwfBrEtLTyqcWsYEfmrsq6YZUSYVyQDe6qjbexO809j7hIdcxyY2N6N9TRufn2F2k6b1jxBBTLDME1379/Vn8+PRzJvN61LKvB2UFuQGIgSWfg3cIukiUEkvLMCT9dXHHYBsIYzGDUZIrm514i5ETAzPpjTxgb0e1xz7bWI9wrIV0V7o5/lTJkuxM+LyWkSCL7fSvXBnvClE90hGbsxssut+ZTSpc7UJVtvg4C0sU3hRU/IXjJXojykM/N5Oc2FP+z3B8qHlHbOQkQarqYljfzRPJ0KcYsmyQBT0bQElLhTVsBSBv0Ru5TnLmKcWmGHZGRC3PcKaIrRu2T2Q4n5Rn0lo4F9xK8WmuE1BdOrw6q9HVaBDbrLBst0sQrWVu7r9F2XMisBry0cJKSozoUUIjhzOat/k/kBSp4qwPvVaSK8stn6C9VyQeIeiMOQduAmRTEmX7JitS9NO5mh0ILVs2qtHtdlOo/3w/leczWJ8OhZflyNCE0gef0RlZ8q1Jeurf2WQ7UPtaGyudobOGHIyMjngc5l95zkrSJ4uz+T04HN5/0G7Kx626twe5C1OMNl4w62msaQmh7AX9UOkeVS5WI6CMTQC0+v23XHeZQ0SsNu5UHd8f+8aH6D8xH2hrv65bhP7m5TmoKNs2MSbDLsPRgvdALEuaKaPwdDFsInVnVGUNDnHMywZUIQDgXFVH97sMCGFmxfE5lmKkiPf5FjYS0nGvYVkUHZfoo6n7MMwU9EPoUQyo5X9ZwDFAgZTeVkX4Ow+HBbHOVjWY7BoxzNc/n5r8d5/eHh/Y/Dx2/2D9OYx3nJmlHY1D0AtCpCr75m9heyRPiKq7tY8nQL8MGFKiZQSfvXUYYDBaQLQhIUZmh5l2SurFXxMo4y0QcpYrUI6V7noxRwWT7Nn6q68zQd78Vv5v6w29fzVlV8067qfOVvTYBxfDweT+uMOr/WC7YcGB0KTf1kqY53gKBPcPmRdAKwlxfNUTTQAqp2R1OC30k9Efu9yD6VMauy0AzimqbB1N2DpCUDKEiefW9Fbm15bTFlJjYtEoToCvOgGbvHCoNXYfuLeuaIO0udnYyUpRTeDPCqG91vDwokZ0WVJUySkaksp0WAFhJMrnBPKFzxz1rmPEz19Gm1Is3KqtoatnStwHCIiDX1FCJnFOdr3zU4FDtUiu5IohapuYNUJUnTvcADg5AgRSdCZha8KsNJXn4+n45SG0dwzm5X9fn7g2YBqfBsJ4shSv/zIkUJJSVGNQio/6ThCPJznOv9dSC7Ke92q1TvsQmvT8G7pU4lKB+QIl7OfpAokFLaXCYTuCzJBb4eOguqpdN8zlLJnuAsxgu2QbE4BLOGyqoVw+TiSic7YZ1Ps8pu8v6KSCvMq9tKQOMgJYck5cnOMKrkftRSOVr1VYwXEenEnrmk0s2krCSrd3OdUKS0EclUB4dSiDgeJrrq2xUtaDrFwpXgIs0nxHHD9uoEBNG1LkY1Pulet8TPmSL1Z1KAR2rISW7xouAE4pCpTiRF3U6z4p6sDrvKciu4X8fBTYMo4IuhmnKVPYXWEBXXjBEhNYYtL5TGzY1QhZOUL3klSIU57TlxMFwHfQNRWFjbpGWPTrvYJ5etX5q+LfihbO2JAdMzhZ7uJm9uF0BFR8pMf4ExuQJB5sQzjvgAEfgWHXSk4V1AC+xYoUHgm3Dh4tPyNv0SPSd6dO1Seq4peubn2580n+F0fTU/95A9Nm1BIWBSZMldxHUvx6fnOskBT2hzG18/xa0jCteh0U1RRyPQXGgS4wsHAZy3TcmV+1+JUoeY2p7WTTCaMSEwRDcJ5Ipf8vcPKYKnerkekIgcWBk5LVcmpBFIApC8nzHfQvo/9YtyocrrBkU3PueXzs/lzfaaIT2zlh1Svt3qBvimN1yULqA5v+3g3Gxp00762ove9Cxhlqi9jq92s8kC/MIZ5/QqBbh47S++LhYdKeg3RPjScg9dTkcGsSmf3SNxXwpI3S1rPOUO9M6KLuSp4JX+xnYEepCdurU2hbA5JFuMBwm6Sia8kBmbQjWRTCmrecuGbCq/3Xj37v799999+y8//vBv//rxxx/G+/vKes9JwJelFUmmCc/mk5cl5/BO0tXV63BXJbkJY2HNClFUgxE5UkO3GSMNA4EuQeGeBCm0ikjOZ6Y9pGDx8A6PE5PB3DHcFKqrpU9mS+tYofZYIOij0EpJ4moiqfLEa1n8X49HEYIHcc4eD1OFZ9PdVCHZiMKI6MPavF5kz2i0qso6CZUDU9jmREc2oquWf4UGYw5EJva7QraXq9Il9aNXDsUVi4lI0ZReoxoqzOAR8ZMR3+gKz4/Hz59Px6e6ce/fffjw7bf7uztfI7cTdJnnft3yOvw8l/06ihf0nK3ypPqlbwV00zcWWFkuZp+2PZN83Kj9SS3sJMHb3WArO9GL5bdDmcxy8gYyx93f/wRXxzUbdYSmLSVTbKjTTgtuex0abi5KkUGa20cdM6VfsElee/ebutrIu51t0z+an7DKX6qeShvOElRy25YJPP2tb56vt94IxTQHDtvSDLIQBHO56nvCwQO946tFMcB7BuqLXhTx1vUPdPKdq4EEhVkwNHzC9IC6ljwIv2NYdICbaV7DK9ZU+vd1ZJTjE10Od0dVpz/4iKlHjETEST5bd6pTg5yZk1hNU2LXznBUSfBdowH1iz0fKLcu4JwT9MLUNG3a4ewpTNg8dxruZygbUjid9/OexY9kmDRbrFpchOwMqrNO0BaFOU4bzJ63JQfGNjcZg6YYq/Y/p3BL6pyIodhCtnH310FRBl1FRL6ZBERkCtkUWx0jirNh8kh/oJpEHr++aQO/6Uym3+76yrYvJZImkD93F3YG9rMGE5dyOp8rAlM/K8uonG7JFc+x0n+wK/aGHXbsjrIWI6E4iYBIFGepkVGLngRygmbTB+nqcztd2FzkWYI0PX3qbC4hLWRzP2vd4ystULrE9eY3QnS5hzdwAt8VNlcLCkrrACN5IwIrgeyZ/MA2mR3oEbYvumQiuAHFhjiApVHtMNiHdGZKzmT41LWg7E4HDAdYsg/I43upNxrEZNsSRT8TJjUkHh1/BDw1q1Imv4k8iIypsY3uHUp/sCMGKUrgyryYgqwGRjSLzHWWsczJrjM0nSJ3Wo+57der/eKcwRZdUgBIjkeGPBHgzmewp2tkBB1MEgkhWd0WWRTm5sGTLGKW2CuPkbnq2c7CKloA7qAZMiiWcCuIhyaaG9zixkGdrYphQ5JpBNMLqR4vdWfobovLj1m9NWxfUMC8ZGxPVjSrNxGqIOVmfGqqJew3DLXOZT0RJgESkqth59uEsr2G3I0Zh8ezd7NtYr0HmmSuNgrJjb+/Oxymam/4dHz8v/7z//5Q7Q3TnrRqjYYmiE5YynKM47pI2GtSu0mV3qoAKB6wZRaPUldvZ3iVNMRk7wwRF4JRtRlJzvZxdEczDfXF5Ou0afxpNVIO91WUXs5PzDv5I0Lj2cQTW3uXszJZiHq1Y1dhjZZ5quYTCfKB/xRPAAAQAElEQVSVbCDqi+zcRKLAl5LO83Cax/1cLSLj3dM4S679oYzqND9Uo0uV5CXVvkQCH6fDvlq7Urc0unOKEScrE8mIIIEjYCj+aEsA3sxfdDcjjbmSst10oPs6KdW2IalctH09HVKGh0rdIKMlx0cyPn1xkRlQrLgym7M0GSEOwufd2pwP70O6DltrwBVwL3gA9qRvXtZ43qLRK+LgLTFBmUL/0Q4/Xcnd3PeHbmUIa+KEfVDU9QFP5euxGPi6NclKb4Hu3ElEz51mmFEKKX4b/Fjmembqdvq43yMl1aQp7YRM7RDbVOppAPfSc4azLt4i5h+fbLqSRwEDJHMMcLNDtqAvWZgzjDE4zlIrSp0Cy5pHiRoy41aKtmw+fW2cmUpeHOaOOjiw5Y6RhAc2CBmn/ZjXStLr3pYtCMLU6w4ZNNxOfDIw5nTHPeKMI+JACgGonadtf9NmM5gLvSgK1B9dwvl5fSrLp3W+X+Z9pUQk/jC5+Sco2zF6OgTqgDbJ1UthlYf8XVCKMTct/1Y+onSze/1tW6RzdV1+9qww3ihGeYVmGAhx6po23NkODlnoDnvBGPkmW+vyXyWqfP8geTQ1r9Jfnz6LwwGfB67QgQbOU1VlgsXYMTQmpebQop6wyYImsGFcpMuWCkruHHAsS2qoiMwxly7mxIhDnIqQvJJJY+QAFcoDlGuxY25+cqlj/EhmYXTM9gUMLC4Voi1Pv0K0aKqmxQ5I7AI/P/1Z7Uhf8m5AuEtL4b+cnqow8un0+Liejh+++/7u/mGUWRmWzGRZWFxjuLG3ZyTt0RSnF5vDJyLEaZHCS/j79ZOpXRT/AiQwQiEgaZI0TyuqAKj8nqumsrKXLN6aXMZ1TMdUt4HghPP8eZHEJ1UFfH/3/uFwuD/cjztJCiY5SCRJxjhN4+P59Hg6VlAhdmw2R+iEqMN8eSLId29qCRRFtQEngWRFt6V7FZlgcqcJasU87ndi+D+T6a9J8yJyVVhLHEq9ac1JdZAjaIaqrRV5wO9Ep0w8X5eSYbo3B02TIMQNZBhPdZ6kcpBoyfOySEKSaTdAPeW4HHQlNFbYd9gz4q+Q0q7ipt06rfPpPGryFJQPL/JHs56I/8B5kRwh6uShkYt2NgY1umgIFXGYoePNBkAxs7zbaxXEdVrmVUoezWcBQiIiFrMBmK+UIgBYO1yHpr7F0u2zJL87nU7Dfn/e7WVRxWFiQD2fB+nuue7lo2YpV13HmsiDZwSzeTb16W7kvYUNSWWb8wnke84zvM7UAlEs8QY3bAo7U2QDjBNcPLjIITF3OivGjlFMjXzvkkkEj0fFTxAlMoCezWGfkhSQNFmP1cOewfKTig91Bqo9Z1T/Ktu0mm+LpopGR4gqOhj45dQVzhBgZI116HXNhfRIUh3pKMwnsJfgABsjIlOCwsmwcvKIOU7wwOqYhUb+in9rShsrESSaDOOPZnCJKOQU+8UaGkI3oidEQaN0SmJ/pbwkSgCxOZ0s4i1UtOr2itRqkjmoxGEyLwmb3mThMRDF4t03uZjjOqyjF4SFPzTYl0FNCl820whSCYrspvNLQtlkkBQF5ugm26UXWOxFhy97/vxFAXUuPk0XfaCIWTA11XUn+fqpGy+kNw7ib3mV9JUXdX+So3q5XpmFDcgn56n9DnxllrhLmptcPGq/ptYG9cFvPYhpttjswee4ckBzIJRMDVf0ZTwakozY4E59kuAgZfu5e39PGTtz8sW19mQB/CPOYTMm/C2jst96+m5er53D/7YX3f7w1bmkt8wZv6mpN11voUvceWg5OLzawA57fq335u6GfH0zXd1JG+cgY0uqlHVkgrsEvBfz9k/qgALtQ3b1UQW6o+QJnhQR7HfT3e7dD9/8/t///cN331WF3N2Hd/WOsyK4wnZCrRemCRhUwzlM4mtSH7hDnjZKIQCjio7Y4sJP3RGFXFEcp//7glwYdtqqX9rP0KCarnWAI4ixfjhYo5qO1guEEhuZCaF0RSUd+WxBXzkcLCoIXaU+Y4FLjSTh299VhVz9EcGQvYq2Cb/u5iKuCgvH2wkoX12IQdg73VHEieFXUwsbsmGPWsCZ4S/Ye69f28Y2TMuTc9f+Pz0+Pn369Pmnv9bR3D28e/jw4f7hXV1uyptF2QAY/pWdTn6Lix0m6i9a2rHpwUzcsZSMqQvmgyKsExpNI6BpTnLw1SzYtwu51sm2bHWSZUBEFU9DIJeeKYgfN6Gkd5pbTHajVr2S6B/p2iiv/MJX3Ln4cJemrNtS/DL17AmCva69l0zD8ttfsTFuUSg3zUG1wtwInG8jC5w30R/0XYmmRY3CmJJjbOx7wCmxXBkVqHPL6USbKzVM1ZGqZn/akpXouqm+KHdeQWiBe3GQrma6o27qdYguWagnRVEZvzMESKs5FRpH82s24mzqKbDB7RstO8Emi426izVaa+Ph7SZhhHYPGZxyZXf1gKu0CsTsbjYdzTad3uqpSVyHm8zJJlvI0Wb2faQ3Jmozeyl1GUej723JnKCAzVnigUpQdpK3NjcbZjxne6qZScjPY0YVPpt1jlGCpOXt0g79tPPGocFMtYj3N0mhSRC6j60yT7dt2zH5RxQb/z7XFtzxzW8vJ4s9CPV4PEYmpzjn/22mlhCEraqonpvQcwoVnQBEAhqBda7Rnzs/8jf2oOm2OlG829Loz62XE/U/kEczPM/O2ioVT4V3+2bqmH97G91uMnGvJcbRM4Kf+pARZvfqSw1Xc8wX6EQ7pM7Tc248qec63EnwPUJSmmB3miL05lwgq1OhjgJqZvR4lwEq8B2O6bZ5oNSfgMuJ8j1jM6NpPdKGRVjIjOXA86l8pqup+eTEKBnZFqsGNqtVwCEAynJsF0u/XLX6NaQTrYFCEpin0pRvm+x2V0Iwc3Pp6FYfqfgGm97Y5xHBvwmId23fhkjI35bpJOfUFLv2Fk3Zlzw3ckBQs/DZYmUyD219vhTXfkmcvWRpWVUeXSXgeeBY0X6ZktmjMCZ9XTHY7VKu3aY3Fm47jrs22q+mwpV+1k5UwW7UENfDNKb9tJzn//r806fzcZR0+2O9tUrF1Ya0jouEDldjzziusxZIrZZ39c2od56lVysRhcuW5ytL3aLEVOM/LbBaJHpjjOxEepPNtm/MutjTfrpb76b5PC71dfX2VXMKVRV5Sy5DVnBHJgE5HcQsfT5J5qCsvkcrJilhM6uVlMQGVM0zp2pMOi+n83q3jOtOCyRIICxrpdgq6Nabqih8Oj5BcG28nFK/Wyxbnu4QEXS70/Q1V2xq81e1dwzTON3dVdPPirhhnH6KI2coj/2Mh0y2hm21QYwA4IE+Aqm42SBF/ifPHZW6/d51NjZXaFFxfJIkGpPZ0MD1ZMn8uH9X64f/CpuodSO9djkgLE7gUzC3y9tuoHv1kmIPSmTQbcsVbyFMatjjarcdxyfJEHSq8z4P47txrLbjHUQBbUusQAOM1or3NTKzRFyTjdKrJnWKnsYn4rRudeXNFMmNVjHInzRdJE0CaUbHPGyV0Zjt4jxMVV+gy7VvdRexrXBqrLIk1BFNm1WWGVqrGTUfxl2CCF+42nlXYg6jibMecxNU/F+6zICghhqNtKqSoYir+iC1CIZx6Bc0dSxKf7F8UyJrrFxtqp/TvFvPu+U4zrv3OYMPZwfXHs0sU5otKBupc7OmHruKp7fkCtSjDnJhvN9FtJXQY/0u9FnXF11tvjdc3KEoo/N9eypemANTI8KN4MsNWoTL/UVch8NaGU0lLGmpKj/v94fv3n0QtWD9/OlzNbfzXO2w54HHvJMdw7opMueISpIFKp5kECDEuHxRL0CGK4RUqaqEO4mddoV8hRvVx8PofUK2z9RZaaD4o25KqYe7qdnqticdmTNMb9gTNGtDJzXDnWPTAo/Ei2XuySuxu3BlVM8yLOhUEJWiTOZNXRdj3Sp2W6jUmTyelqe/LH89Pf3h/Tf/+uH7b6dJZMgiFVhCv1Ci1gBSY1Jf/Stdtu9zASqN1EEp0KDikMGMsYDtGQQQOEhGaLVepVZHXcOdJDGU07grQ+WW41qnQlw3zrNkw5bsN6ma0MtR6s09VI3AHd9nuGcOaU+TcOpqoB+Hz09Ps3ikqR+DCMEDQ3nYdHVO51OC8suBlzqUIc841ESqRkRhGmCbag6vVAJYVWvuDKiDUykIxP/akEKLJJXm6nKOkyRclkSQSMNMq6saUQAumZMAoza8fg4Xa/GylcOyUh2xjGhdp054cfZqa496YkqlJSGGojx19hrq1CDmJnPZLWMFGlWbLl4ei2JicTpJmkFEXBZGyVamOcv8LdJzRkosE86w9MaudChCa9eyyCYYJQuNuLDM0yp56GRy6oU0J+FiGDIKw6klkn4hCVSZn5a1StDDKFk66p/pUHX+k/jFHO7GqR7iUq0CUn7InHiMszFybKAMobpNJMUsVHbjYdXNNNrBEadZycuiLihrg7rmGDdsOOIFMw9IbPDAsTMcPVOkn09WN8dcTTJ8reSjoXlCZc/YBplQHIzAZWRpNDB3nrNUS0rqnqHp5AbBvsZkwaq1aJSmJ5mKFMaRNDm1H2TJcdMiyUHlp5lnjcjUhc6uJw/hQiNHTMSQ/CJ2DeaEz9By6RCgp0uwrFgoGprKFv08avmoC+rBZEXN2NBA0WmydONyyXkdkuXiqpdYb7KmPFTTgOT+gxvxao4vBIqDjrNZtQxKlNSCVCNrf+4oWLeNUyPGPZW1KfacEylkKmrCkRcj6zOpcNew9Ua3ATVvla+6Omb86tXGsHkjdfw5SIrx0wZ/vqJrXy1uXLX09fPzNdcbu03t3653Fwjptdbo1YEF/rBfkcSKL+7gF17UeHS6XpImP4ZKgb10Wt9mHJOyEY/w6lTcCWtzXW2dm1vicof1x8Qml369vfQbX79FN+PcfvlDb7nI3d7jKl995n+T69ec0y/ZSA0Z0tWHNy/MW771ipvvpUSbb7uFuG7qQnmVUuKLOAS7K7v2yoQWsGJoFlSmJYUC8PGVUC5xKa9i1X4cD7u7jx++/ePvv/mXH99//839x/eHuzuWCtSWEsQjSxWhZEOnxuEnCYvaHw71j3hjABwUDt0yVOjOdVtkQhz/5pPqkmw/Vxxkr1dS9KaubAALmjGxuJFhFsVNC8PzRFISJkqdddUEz4IaOpJB7yzuucenI7uniOTJnqa7h/vdtK8jFZ9sVVlAx9HaIdSdTMCfGLK66ghSYc1OVxV88MTN4omb2/C2on3qlNLkQu1mMlrfv/yiW5+wQ5NgMC7D1+5XuePx06e//Od/Vu1j7f83333/8P69prWZEpl7zaUOzfHTP6LTyeXE2QFUSw8XmEWDA2IXx4ZOfjKh7IyDTF55I7k8huwBuuEKpY1qEviSNjCC34i2btz2JUDw73zZXFnaooICVlfuNa5Feut4LDNb+jtcoQbi532a2eKxUsP/nMJsYoLqFn8nRL6wx+6arahKYrkj5Y4mRAAAEABJREFUoGmrQcekpVc77D+ARBbnJVf0hFCymno+iP3dcuGGzuSV14FkW+UazYadm1NJ98bkeBS+DmId6fgidCtkyaMtuzX0NkyohMQXw0zpxsmCqoU7GxXWCOQ6hYWs5zEpeUpji6bijjZ4QkLEThWIqN6R3vLH/WB7bR1zRFnaXZzsBuBz6IfIY8KTR8cwp2CuOm9IVqv6BZCf7lq9aJ03m+yHCwf5mMbUI49b06h/KXFsMIWoFzxSm4eWO0c+fs6k/v/u6zWiBzJyEX/AtqPVxlFVZk/3d4fKocl1bf+9JhpJ4hcoWlwNT5dT11GeUPeQ5g7Xo6JHgBsZfXmG4hSzJcwnitPTwMDm4rCFgGKT6U3J9FQ338OAj4hiRDa8ZzrkNDVO6gt9Dz0bP+fXRc6XUucDmhwGbTcb7iclw6oztRTQ3Zh6bxJYjSOViauWGBRw27Y+xXSRmhWhxdBcsWXLyq5igdaF+4icfmmc1PHFGpGbzYqmUYY/A4dRLeYECs/8JgOwv9NRQdU4Z1TZIDuizYx3OXL9ssDvBF4wdYsre5Pq6qyFe9iBJHUsgruUEmrpUKtNthRWpc2LvBTOAUNT9WbutugtuSvBGpkMtqVSnPPJZfpqDt13iq3UbdG4B0UKiqa1kzhbQdoaPmuIe7jaxyRFCkDcfHeg4hon237Uv7efnt5iGkTA9teqFoZqOvg0Hw9ldziM6bx7ejz/9elxLxLeqOn4Za7mZYWOXKIZ1gGiJKiOmH1Ifl5CauUUvP56wxjZ0HQI1eawq2dc6mta2Ppm5pNZQSpQOkiMw5SPp2w5NmI1kvnSshm5UXx7LSp2iBlnRe6HEM1UpEUyEykFIk4nx2F3mCTqeV55ktQu6tYksky1uVTV/bzbVcn46fPjqDV3NGgVtLD0gjQFurWUqtvB97+94RzBbSQQkdFelpwP6neyX6rt7/O6VRealYXNY9gXPQAMjn+xXVQ6lUKisKj28Dg8TpLTa0vU0agcgVh1Em/qATureLzW3YbcI6jySdZl36xmK+gN+XShHL44m+1OA5WG482y6kQoUJtS9itwH0eYkuuTOAQpSl5aRTIFiPdSpRpL1jwAq+hI5nU8DcPDbr8TcyUMuuKY5c5ASco6Oep3TtgwIZmn5oqOOpWinuzHtOoaZTXZg3m029icWpB0x+qLkBEc30wcfNW2n5a/TWKqXWBOX8UnCNCe3CWv07Tgn2p8nyQd/1C1GgqiF9iTxdfDp6sxDluAywgKWyF1OpFBJXUVIUSzk1XhtFEYLUu+0lnqcdTTKcFRJ0qf0zzOx/1uR2M9sJPmzHUWqRyjkWJzh9KJycVOk0udrG5sQk5aWDx1zPqla43gLeabRO/64i6d1Uu3pbdeLg6bGc7atwB0m8dMHaf0frgLrEztvbgSPST3IPrp8Wk5izR4Eg+fJGkYRk2lo2k8ZNTUBDYAOuIem7uMo74lg3pwjCgyC72kfV84gFGDl5jMwvBzsQFmDCtUdDgFpgQOSdYJCD73VKBbZx1qflnhruF5TkbQCi31uyCDSioLZ0ljV0qwdyRX4RzUNUoJ+6ZDKSIeM4IhlvX0+Gn+dDpWnvv47uO30/07FqwTfbWtaJjLcrrFRogl7lc8OQVmKxGUDPJhZ3v3itNvsqTcui7IaJ+0ZNzqDEFqeEiHh514lFbOezxLuusjaWIKLk/nk/ieVNb5bqkK73HcI2en0EA9PHWbHY/5VE5VkyxN7rKWReRG8ToKp4m8HKWiPJY4T1iSA9Ki9TtxKFnms+iSd9MiPHis8GQ3aKrsQV+r9drZHGs0t5RYyVUv0VTilWRV9CI2cyydS4yatSFhIZAG0hNWixeNREcOc8UHmuga5b00qnMcvFxpcGnMPDuYy5h6xaHjTuTQVTOHzOoPclrSrM5bKFpfxziscsRGyQ44IgOLe7+x0ObGIHRjI3WNWTJYfMI8CzV8Gsq6W5d1mKUsjjh5qAnD9BJBqSASajYy8XKAwrHu9SVJGcWlrOM67lY1D8yHuwoM9zLpmh52WHRWUHBHWy5Ia54sjYpFONS9NAl93mldaMOhUoim6tJPq6bQgBJJ18L+puIH2fb4JamEHOfnxsmOHQkH49XqII5flqaxyMwMkTlAUQdStmEajQTBWRYCSpFaY4XmGVxME+BJxZ28swClxk0zKtoM+tolnwcZmqnnGHYU4E+ZsiQFgGQLDUMK+ka+3FAOY0upJUfr22UNM1FQFrV0dd5Q9ggmFlxSYkmyroQXss8SpcHDkf0cek64pkiN2BJSmqAOKLIWyJuz5nXWH1hLRRX3iUc0F4t7jZZ2AhW3rDSumzNNmcpozl43q0qxmvZrJLQ2o2Akm+zkGk7bp2x9rwRM5xpREjV94YWJ2mLuV67eOcxbkZ4P0STDE/gVMPAWWJGY39Knt+gc39LOrxggF0v59utmHo4mhly13z681e3NMlH4pybXa1G5foq5o1HUSNXlXd2wLDEptdAFNADS00fPxlU6Ff2mOb7tqZC/dlUa/EjEX7QUv/HVzdXfqFtfsR35xVm/2BX5Skz4m2aVuX39aoe5tfgaTQNsfu2eL1x0oh4wt8tEonZbHDfHwzeeIjsO/EznDTywsS7ayMsR+k2EjHSrZn4Vh/bd7v7Du29+98PH33//7ofv3n3/zXg30SRR3U/zCdKo+Hrm0aPLgdZo1Moyqg+bIsEJ8omu7nu6otAAUox4OhPeOigY4SqvpKG68Eox0kl2udesaYo0f5LkQIPDjLiawNJWNlpvlZ0EOmgS4bNk1jsez8ezIAfxERnUyxk6P8k5KGkHB/PQVU0sCh9zXwwIfB0+1joRK/opCEu9b5HxLjK4hwLxJZKy2Xr0tWTV5+823zE04jOT4KZTx3F8fPz888+Pn35++vTp4ePHdx+/eXj/Hq5FqlIr1+2kAHnpV3I6eY6dfmVrtgURvlZCt46AjjbB2JycTLSCntspZix53zWTakx6ueFdBe1RCl2IP8PsetU3cZfAB9ef//rU81e6TF2bO7gceRfgJKfflA7xvMKMTKvUffI3Y8y33kjpxQ5w8xEB+FeCqvVOrWhLIrpYPrJ76eoE+Ka6ibIuVTMX1yvkpj3btIjomWf5B+LMxR1W4qAEqepPhzId1dk4i43ypqr6wdonT6XPyQj6oNNiRkbVohixxSxp6nV72YoUs82ai6TKEDu3fNT+0uya3Dw9Na9tSW5N8cpsGIWpkrNJ55QTdeo2yXUp/jnIdg/ZPdJionyS5A4kjbhz4tj9HWJQp1Nj0x3jP1MN2l3h9xMGRUJ8qkYsabBQHiwnt+MGPVwoqFwZdMj4qEuSTVmTKVzmWocwkwkaJhINGmEGNCgaUEb1rSjuoyGZ2cv1SLw/QtSDWPmZJfc88xUojZjSxWpt9vGbCBy96bZfyktfur6eEDUdOrXs1i+/xg8qachO1fAuP/7wu/1+zzDB/bKR/paz9JarDRG/w7a0rgVnJ+vW9TBJaBUj019KvQeVK7g4NoiDFRLb9tbRe3tCk4vifj7INUQ48Ldk/eiw6b1UlUw9F+ifYjsx+gd4Q3Vu5J/ajy4VK8PY2D3ogrD4EOxuAi3xM94OWcZGQwx6/4eNZznkDi0DlOic3NPS0BFBodU7uvFGucaXAmY74NQNHxaB4t3hFEY4anNLrQWsL2zuajJPVqzOatsnW76YfOoZKbpvS9mn8t6uku8UR3Obyd6YQ0i5gRY2ZzFVLUj1/RxJ8O0RtFddBQtqMpZB3DtHHTB3QqApVO298IZ0TClkXQzB45JncmYECfeC75vrlV4x8KZLcmqttczJ08SvyZWX4Q0Z72XEXKqvG7mVxafPrBSk4Q40ihm5aK51Kw2RqE2RbjtyrG6JNCTOXIJDIwiyqpEVtJvRV6O3i8uIKZpktfVZyJQyJGj3z7w8nU6P5yrBvh+mMZ2Xnz9/uh+mw05SvdcVrA2J70a1XuyhcoeVRtxSNeKTp4nndZVKOAhaT1akpPfcUu7ZsCwOVJ2BeZ6rBr/aSMxmmdohwaxp7Wqqlp+H/eG/Pn2qxuKslE1rbrNvGaFOqsaTNCcaCZrILKKWCIe8+Ek1pFSr2iDi/K5K/1VIPR9Pu9NpPp6qDWQ37cpuLRpFKvBrnKa9PCIMRZKdPE6HSYtGDYlSJCDh1OFJ/Uuie82K/pUXI3GL7XD3P2Pd02knyU7OEmq8nlD/ENYmtf5p2RQUsYAvieIMtTNIwOpKKJioAp/vdl8VJ0I9TYUx1Ta4GvbwrLGWZL5BzhrahUwAEk8vpj+FZ9WWJOBpEb1LbWdgJ8q+7n667RxTSs9zXjKkS62nEApKbLVgV2a6CEaa+EJ+VO8H9ZfWPTPg0CunZVRm1PlaqtGGh3I6L5IEaF4eq6EwD+/21dxULZ+SGoikaMUQrj3IqiF1LBie3BiSefkkP6GZB46Fd0kCwBke3kb7hQjADX7QDFiaUIfgB6e+g8LG8gC466PVLeDmZ3UpsNbVFmuJWIqzDTzLWlfYhPkUCCQrB5nUwKzxXRU0iNVwRfGmxpCQMcZ+U3eHIbnTfHbilUzxpfV1klSk0Le1fCHxv3Fg1kRI0ng9xJpAgpcd50/LvFvmacp78WqwxSV2kp6tCBeYqDaILqQQUlJjAd4xTtGNIO/93uMu5Yk9fgkrbl/XrT13BW7oWP2NB62uoln5QO8zjjV1cq4f0FAuDFZmxm0nAw3vdofhQWqoihTFf/n56XEpSaL2q4pQ0nJUgp80CZRW9AKTJIb/q8b+S6PFHCGbTwry8o04CHquVs0AhH51gzMIYD1PbQfYpAPhW6mLrihV6sYIvhkl27OeSP3JgRvwTjFDAeZMhUORUrMeRvjPiM/sKigkj0ks8IX6pPsdSPDlokAgGAsSCyn7FQWvEI3zY/nz//XT0+Pv7t//j29+OCSrVzto7hlZCz1WCC4RIFgo1jcZ7WjzEaMO/IYcP4JnOVbbsmX5RjXyrZWPhCyob4cABzbyaabmKe/203g3Hp6W8zSfj1IQr/6/nubT+kkI4MM673ezpgOTVBC7YcyVVQ/3d9P0+Dh8+vz5OC9i+Ec+1wEVlzj2aAJNNiRbVNPhpDoFFgR3I9UwC8urXHm/vxvHRZxPRnUmGTOZgGIZdNQNQiSkeT5BkVIB5Jg0ucS0qzzQis2XAsgnDwi3kkJ8UpSnyz9RD8XdYRBYsC4VJkjxIM/TRwpKbeG7TWzolLSUUd3yAnVkOVZRc1UIlZdxV2lXna6j1DdcsvJVuWHRROSVsInTiZZhEd+a5OksUYMRRDNIgf1dIuWuVwcbBAMXqbkjHh5VuT9LShgrzGhnKWsZPtWl1Je1/IxmLpDiKut5Kct5ycc8H8+76aliJGlTSpodWCqtzbVx8aJxMcJsD3kwhYpMYl2jqi5fa1dMdig8TPMw1W11VpdMlIyZ1SmYNUuM4GJuxpKBmsaPsaVVCsYWMhpCdjJNJONxeTwAABAASURBVHV1o4NzdFAqH1oKMoXVo55a5AemRoawm5AHrJgIIRV05vMyiG+QIk4y4VulVEUztiMHTZODKE2pIVQ3znmuT0v5GhQnKuV8PutSdfm9QHUIqW6E0u32e/HrxuFFwt2OVWFc1SqjlX0WTeOXkI4Eue210nVqnERSuVTqrZxdO+etksvXWTFGsgx7efAJTOqHXSQMhCeYRyBOMJuHoSYOrMczL+b+glRXyecBWXQM+axKuzNdh11x6rSACe5q2lvXHFp2Gd4Ikz3SDk6Ymt6jMb7+qcuLX/qy62CK7r3pfleJvmBajrPM/oe2XaWXe/4lF/Ov19Krt7wGhlJKPaN/uUHqoUzgmO0tenZvuwDYKtDtt8Tk40WOXIwqmAjmbwZbFQNy2nZ6owbRq6nU6GILXnZSXdTXZCqFdHl5w4XdePDcOH7JdSXH/Te8KG1CGkxS+JpT8WudJKLXp/zXelf/2vSbXW8Z0bYPmyi75hW+bfRiFi6MfwRJka6Ftcum4Gu7ffCyS67vdaoD6WGr5GC4hgdwMIFTM6iZblGeV29fruDz4ZuP+/vD/t3D9//6Lz/84ff116reqgLKqgAQarEkoVajAP8KR0VLKHnjBEaNw+FwV40aUvoQ124HFLu6v4UX5XNJ9oXrbRveIRSCW10zNhj6SRCoHExr3jVLUt5qFHilA7jFSOa9ioVW0bydT6dF0GOFVZIKbn//bjrUId5JTcNpp0n+VJmGWmIUeXT7QbDW/lOUsZjbzYAujkgc2CUn5tcOEXOi3/BQ6Cs2PzhkRYnG9fR0PD4+Pj09nU9PdX7qcN598+13P/7u3YcPBvlyl830QpXd5WL4RU4nnYS5wVlvmRh+Nqi3k2ALEkEXmK39V3u3YR9uqfFS6h2mNgvE0AkpjIWp3F7EfL2/qb/sLQwbcz+n7Vfm/p9tW5uf6a2n6W98NRwdR1g/LKYNy7kbCLd7X2+Yb4C1y43y90cRGC+7uR1rhEwesJtmpvhVKqgnbqE+CfkbQ29yMRy69bqkqopCmzTItO1Pis9dYVH6z/1ei/uzn8F7LO8GbiPIvdz0D6YCwBlxtT5ULCX4aztIQMOGiq17A+WepxpdUtVU8adcpjOqZXQsKzI13RfZhGs62f4UUWrnNxN7qFbxKtfmNmGqWou+KKakSMYFurOK09rITr9M1JOVy2W6daotPCLuC22OfUktUQ43ZXGCs4wlf/BKRK6Ewlx1aamgW/LgaRPlQ7Hbl2DgzrWLUt8vV5u5eloQA8JTouMBVTgWhbsM3v208MWGoeRS/W/NC/+RLg5Tvkt5FzvEZjuAaewtv6qCp2pCE7Y9bkby9Nem8Vpo/Ae8PKyoKASkwXBV735o5yptqRm5JSgOXt8swbns5rgxdczllnP08/A2JIceJ91YhYZVnCpFh3NPBX07pAigcvcUAuq/bNmIcErP6lp0XCCN0rdnEIZ+ZR6BzapfPNgWzwDwJ0fI6GrsYf2bPJU1oQYckeuRN4QR6dXJiYKlFG7qCld2gzi3nrO/kM2v18INUxfcxf15Mbbi4oGXM9ucKkxR7CnGNriYaWpeQaYh1VmQFAfah8H9kJk8Uq3tSQ77EXSpkXoh2LY92xbEoWkPV7Mp+rUPXtUt0SauOflLrdMppe2p7/sW3xb1C7Fc3UkSdZc2FnsUh1F/hIckOfs3Sm4dsDRhulsG9UcE7GZLxanr36lJncv3M5ZCwGgDI//NzYGxMNENHQ3mpKjed0nluJyfTkc+PIhlYL8/nk+fnz6/O+x3Eh+gT1X5cB3GYiGSqnsWwbgubDWclGE95rysUGF3o3RqbJ3MjYPj7yIxmhJ2zBcCAkaH7C8saVR2eThU8TqpD676Hy3uoZPFUkTw3MViF/j9yIqpH27z/kyBAmNTV2tPFXfF8nOel+O57DVjfJHM8JohntZxEE8UaUjSXVabWzWxpWbAg7mf+8mGZC66/OI0KkbnQng31he5DG3+Yq17knfjMI27w6Gq+Kt9Cm9Xk0dW+TxreiG1CnBOQX90DqRTa79prYe+7b2P1HfMguO5oc6UnPz4luvJexN9c7hbaZ7YiuphyjAETBpijchaI2hkoNrzzjFvYkAdbPcT1LwC24gLsF0buDMX6h/sWmZOKSoZwR2HLDeUAGNkh632HcmRK33meRE8fa56jvNjtUO+m/aTmI/cQqz1cMj9o+DqVizg32uC9UOI8kxO1F0qMLIsbNfKNeb+ftUuqW8LDE7iR67GtKagtxNYyA108r+eX005W1DiInPT6CszSSGRWC/JNoYq1Kqd95AnmaS5rupy1oT7bWv4GPBgiXZDVg3GJuu7rItUVEhIANkQCsU8ubehzn6CaVpXgdfHdTksp2kRp7i7el41R8WQbKbBXot5RhG843Vli3qDsy8+RAO5X211l2lLbp5TTG3eRoZwz18u70/pS1Q4kNzS2y47wvacsxw/LtkVDR1rE6+h4s6sOKrVVnwY9h/vYyD06XSstG+WamWlag3HYT3sp2q6pwi0MPKE9QFqaXQellhpX7Jn1N0mvqCj4tdc24Nxx4PXU2AD9s3HibdR4LEeyUgpBaiMKcaiN+cPSp0nEyGzAnwCWqM48KS5s8TdN5OWx7AYC0l/VW9ZGktLjk16Et1Ji/UkSkET9EhM+hl5UuqnP6X1+PjXn54ev//4zUJ5n8dJjh/8S/RZRL7H+Ul0QQYvlx7cH4THD372A4wuWr4Cw4BWxE46qZoGyP5aAieLtV8LbIPW1PUa9sNU2d4yPy3nk/43z+dPjz9XgnbcPR12d4d1PyE5WqadKsjz/b0s5+dHcTfOEJk1/Uhbv9SxYe62cFARnBY6Fx49d6morRMdj5+HYVqWqnSX/OJwPYnnIaC4oM+aCkLM8GVX0c1ecl2kseTIGpEQaqc3glHNFWuQ5SpD0A+jzIxs47MQkNXV3IMjosyuL9HYl2SOojrVjMJJZdTwIqVpa32uDmrMS87zvA4L6uuoVCc1Z9ZS31YGrRkktV1QsxxVJmkb4I5dh1R8Q3cizNl5QF5xcV/ZzaezOg4tYQ8wWYXN/yI2NzYsQnRQZVOyh87L6ZGl5E6FhtOu2gaqhQBxqOs6LZrypBQrx4lM54P6EQpuFFo7CvHWyiwKpSetBDRaWlwpt6gZO8TFLUsujTVLzSCXAvQUlNRLL45CnFMaXzCKQCjtVMg9DRMidwvEZyxvHgaTkpAnyNgreQhvdsCO+nRKjjSBe3ZlAhZn0NpM9ddZfpM5GYXSEXhWPeT7uoMkSZpZlTTlyXn2MM+EnPB6KGUwy2y0q24FaW0c6Mo7A9iE1KUnJfMr1mxMateZzwhKSSlx6TZMsYwlLdaRmuxWJQCxY0mf1BCwOmmD1o8sO3PGlitGaVl3e+Fp3UtdoXVZkVYfq2O7YjVnJBnjGuodhIGtlHoJwAvppQZSxecPsOdCF9BdzCb6JtsqqIvKGonuel3ua9k37krd35ftXl7PduC1+zstx+bhEOsuGu8fTH/L6y2vM2D/pRfddvm49cYAF8kUEr0g0DUWio3ww3sGfV20caNzFhhsCxH3c9sa2yPYrxlv332hrEgvTpa5wbXrhnuSyG7ehPmd9IKcveul4Vk3LqKUt8+9/vxvcPFX72/+mh7T1Ty98v4XMPsb3v6C7BDXq+V1LuSR/sP0NddbnnrDqnC6tuNTp7997oJt5eqey17R9jNumP+F68b3FLSh3ZT7fm7VffHDdfeo61AGd0muHM2cDaurf4QEoEAErdhRsE7ev3v44T/++PF337//5tvf/9u/npfz8Xhajk/J3EqEOwxpWDVhGPBJrgqocRr3gkAr6Lq7ezgc9iOK6azCbcHHPbnIognC03OGzthCzHxBPaiLoGjim5vSMGNgvsM4RkJQK2qpkEPBjGggyrZCPRSxxTt8Pp3OR8lucvz8WcCewjbJ+jZOd+/eoVqQIPAc8mybe000bVpuK0Dk+U6iw6OGhKkabONx4sPUyQnIyPFhiO2uhsF3b6BML2z1Jm5fbOXuYc8HI4v+9PnzX//rf56enuo3O/G/uf/w7bcon5Qs5XYqLia3d1zRh1/kdNLPWMMrN8dIX4ABenWbmxzUSSneICB7MG2t7BjNpqcZAqNuU5Pzw7lfvLG04GUk14N+2f2eyIP7scS6t+Rm1IlkxJrw2sk/xlX0H1debUZxA3r+nVjnC5fTNVMM2Q7XlEizaDiyK4rseNM1g+mva7IeU0EXaahTmLx+zTnJXQqCjiptwp07VXtyTbZ/YLmRWHaLxExRmNeUWvVWE1MhYIS527qRVErDQdROIPpNy43ZEZHN38gj2vfZFEkqn3CXgAcKixgFauG4GQu8B2kmbd61x04lN1yu6mKq2k4LGGQpEgywOg6VPmoGVtBWxR0q1JmUiIxSrKasRZk7yp+tahHRQFHVJOrZWlGMKKnmW+lPy3DiQJ+5EQnTSkD5H4ECZDuFXW0hH6gKMFsO0WpnGnaD1WkmU9Vg7iSQi2wo1sJaiu9Kacmo66XdurRYXgQ6tSvFdoIO1dZO8XcscRCZpIq0ndYuWpcljomagqV7XW8MPcCQiMRbOtW5mXjRM+docepiD2sCZDVqqiaFfM+qimfUVK69GAQNT4qV9U2o0MXV38wb/ufv/oejaL/tFYaH9LzHbjMpOXAAo1lZ0kGfz1IcUSPChESobil9ydUTkH+Eq6exyKmbDTcT2AqyBV7HeMBeBVKGajXcoFaKNuEvcfulYndedtO0sqXsu2BP2N03Fyl+EGqg5dkBD7DRQ6a3Rgh5h6w/8SItBQCSxN5a8rDGTVeZI8JbdWSUrX6B9zcETjxMHgMdlCGeNUoP5wmz2tsblVJrnmAwQja/HyDvGHyjtGQEnsWmoWmQkgNftybaI55PPll2pOhM4KHw9nCabn8DYxRoZusy7WysmpSePFi/GnuGoU2XA9ji2D2OG4Umso8n1j2m2LfABuoZoRGFbzIoUKPW4iD/jVD4I5gsu7HYrErIM6A2g9zlqEJ/qnAC/u8b0p60PUaRbqZ5I8nSjRKrW1XtmtPLbI/cCZmU88Wip+2SxYRkje02QUgsAAPKP6mzTImZKk29GzTbSpBKifiYGcNEvEipFzGjrtoSvkW1HTAhhimXe0AlrUHtWxzudjojsXPrvDsLNdMBk1lHLQYQ9Vhr6xVTHI/nx8PT+2E/St6S8jTPPz1+FhZ1/zCKBn6YoRhOGK+OlsUxuG77aX+4WyXPOlxooFDvKbZuOTEApG5fJaxUKfP5PFWh2kkZRyZFlWWRkqUqqasp6+PDu8f5PNE650rS1d1C64EMfiwVEhTN7aOIaD7PA4njoUif2K9AF3KCdqNOuwC4Ov7T+fHpfNgv93e75Zz2I1uah6TRxuOwSErTugmPT09V8q/7itzPTyPpuYQ6hOi2eNZ/yK+HU5AlLXDtAD4UWiSBulVuunu4V9RB89MJhU8WFgvvAAAQAElEQVT1W81BSlIhaFlxhrKuVPGEJXb0tASBFbcX2GY524abffFT0MBjdzpgjBgs1YW70AWD0EpS0ufai4zts+awDSANf/ID21Fu6jjDdlp407WYG7171SyAO2h+lNdRh4JpC6MaPvfDBfpAITL538ZhjXHUX3bVTKxAfE3VWLgcH+eVH2i442FSAKm1OTibNT2p9UuFh6I1OR3kaq+yWopD9AYObXREz7gSg+JYMsdwBnelVgEenElp+ZCatgh3dxhS8s1kPUSywwndCn1TcdSKeizs6dGUYkBF5B6B1d4rDS1UzqI8ml3TxA7NyPJImPiniUqYkPNRvS/hpqk0vVoatey1+XAYt8ayMLlpjDWV4O6w0qzJfsoyLJ/X8zTvDnk+pEppdlnLXqOH2UprF4Payl8kLZztMeP8WP3iGF99CzfCbOp2YLpiEP3n6XnQSPFXSvQGZc3rd1y034nGyYUJE+jAojvFIspzZNBQmBDBfRLd7+7GD5NGPQzp86fl8fOxmksdSp3PMoviBOgZNFLirc6WB02jYocHpVqNAQgi15Q8iOlN6u5U8tClf0UOK4FdRX0euENtPkBzSLITEQqWBvLY1UCk/q7Cf4MruVfqQF7OY92CADmvRnfVUFqNvlX1lTXVAUgXwvhT7jz6uiXQ/ucoLpvYJHpxsBJeL0qfymT/9//z//i3b77/w3c/fru7u6+bujIVVSCM6jS32txeCMsxTdZ4seKh+QKAd+SO1FOhuC+v4a6EijwqeuoxVkWASLVZVbuary280Ctor7wUwWma2GhZT58+L+KLsq+a7vOyvztMB429HDWxRc7TULWlT1W7PJ+O86z1bxRBKcOA/O7BPOhnMX9NK9Grp1XenFXLgROLWj3DupyE3khFmNreXrcqgRejQo5a8RQGmNIBevl5HC3btvgJKBJeVHVSPK9eVmgnXwkd/3/Ye9PlSJIcTRBQM/ODZETkWV3HHDIrsj92Zd//ifbHiExLdWVGkPTDTLEKfICqmrvziKjs6uzasapkkO52qKlCceMDpeygpWWIRVFRIDH12RkNn2YVtVAvxhGFJDA7AJHhzZEJiDKWcJHV0zEZGyvUlyb1kZ/Ky2jtZ9JeLobpooMFKIkO+VSULOvng9Z+xrwSR4/giPo3Du/mFTPVWl7ziGjtZzEbrfeKZWaoAgQ4bzTH0fY6qRojGQ2bTB4hL8cIfj4qrMlY7nFWAJViFVqOxVQUJGBsaCbxnENdgL0g5gRjxBdM98iDQoHoGpgStqg2VnyB57NihECJ13ud1GbMYsg/BibmabzhFcTbkU2DwXMBEtfpqqabuHlkJptzCHanEZmbaHGUeDNnLE/U4JwodCVx1xM0EGSHJHGPWvls4Ug311uctQmU4eE5B0Ji0jhsMZd4wc1uq+VQZ4DulEmzjI2l9kbUzVqiUnw+lngMe8opo1MUc0uLrN4kEIDiVI2WzZO9942IVCB9bbVUVFwVgm5T2y5BVWlRhfNwOnccxtXa0dKDhtEzeQWpltXSYzjJtCeXpsB47UVoI2jMBdiaxboL6WuidA6kO9h8uC5gjcsz7AF1MTq3j55HFHpha0lfJXJey8xo4EZLEEvDN2BqvlDAV8rXituXj5Vu0ORW6EH+CrnTzm7Wuqxu2f188XjfKyT6LY7AcXzjkZe6UDcDN0+Ps6BHUVgKSS5v24MZug3cnlWDomayxof1zk3zvxrA0IbdWRYV2VHLTeqjZaUHXr7Jyk1zffh73f6yApf2H+Xc6xkS+bokqRGP0Jum5eU46Z/9kNWs2Mqu16S1BA3v0Lsnhd8x26mnTDuWF7pj3Ly5dBGHi0/+vQ95+4RrnfM9B0M3wx8XaCWO0tcIc2k3rxr8a9ZWw56MZ90w5fqrZPW4i3Guhtbxrsod2C1kgN2bMi6oLFSsORq30/bD/Yefvv/xz3/+/ucf9x8+bO92aZyKL0sXtEhVxSqGLqfZKhn4c4adpn10trvt/X6z3Svyh2L6WZ6sFr5onnKkXiy1uR51UkB6Bzl7qZ8Xt7xKQm0CHaPEjwiUmWbuj50xCwKMFY2w2QnZDQd4RM/ZoIKfD4fD8/H5uWg1SDfRVOjyivv9/v6+/KJvbOkmgI7zVDx2t4LkmHAoNEhwthhB8tRqd+e6bnJFjSLNXpMu927lkLNH0aVh93XHja0KDwggCb0SQ7/V3qWG9VKOMjNPnz8fHh/L6bv7+4dP391ZFk7SrO6lLgrTjarIC7/ENyadvP7OvfLUH9XnyfyKZF3dxx0uAJh0WyXWrekVIFT4vbK/e3tPZdMpNGBTjdcRIWq+fp+X5O2pVMX0POh8i6tWkf8P4rP/Lgd3jhGCsW3Wh4XwxIPRwrwKgbxxRPIvexjSnsO3z7w48m+leF4d79Ce/ZDg9DDyUuDhMjJQhOXqgmpiVf3S+WwNIC25v3kdUp0WedUn2C6hTuXk2OceLuFO8AjHyspKhOVgKVR7KlXWidiS1ntZgU6igOmIGYHfVYNcViNu5iLewaKJxTwVLyKo9QLZg43uOEd1iFXHDHCEpFs2lXQB2voZ/s+raaMQOfrfqOiqKVWdO6ZMIvYj7ieOjnErVtHkICqZr0Yk/VAuBo3rU41JwnsWfndDL6foJxHmaVyYXZB0N2RH1uHQC5tG0o2B3yN4wkbCT0u3HG0BJb6WytywZd9xS0/I/Eoj4j/3IZA63fS8xE+uP1WqHXXKT7O2TN7tdmJKWUz7u2zyC/VUvj2X/N/rYDf4fbOkSnZN16Sg/o4r2QXA4FnqRPDXyNUma26uyetarA+B1xutDk3DG27YtxxqKJSO47IesvMRdzlcOh34W20zOImqaUNrvTRbBRW4tFy8cM11qKevb+taZrtI0BhjLYpX9szNAVa3TFUQ2UvMmdsAPG3QmiogGYlrYkQdkoAtcmuNiS8RJ66MxyGmLX3eMvKTWLahxbnZW4ounva0Wt8UpX5JHfKEHMSVN4ZjaqW+dfLpCqfl4vJdIPH8ZWx9Oa9Ap2K8FEMv9y2mGmoKIRjphe18sc35ytoHNaKzKBAOBxk8T6suhXH+qNkGGLU1g664iCENOiIQ9zFbSNmC90KrnIQq+mNgSK61ew8MFQRNN3yWaKWguDKfgXPWv7LPkIa7T+fT4+Hp/n6TNpMieuT5y/EwKG5+CT9uqITcFDtqcSFrPekapQ7DdrMZT4fl6JGGQbvoGYX0c0ieUuMqYiS6WTP6WdHk00C8WoBkOBhJAWC4RF0+7fePh7ujRmHybJbnOQtwN5GyanOnfUxQWW0OfS08HSdv5+o5p/D0ax6LhWE0iHQ6PT2d99vTYTdtpxLRzkrlQDhnyzspkagSZ1Mkz9PpVEzljRXvQpunW3ovo1Q6cqqulZmvOJqd7BBJqdjnSQOUJfxR3rFMSAa4hnazKQOzOI3GVC1pVgMt1vjIHKZWhmMkym6O+N0pdY9aPRk8l8m13HLvwd/HSa7uXlldHULJW1lYa5Wcsnd2MnJnRaZYu0q5yTJ+h66ONBQkDLgeaGlrkRhBjizY3Z88JTz0c5eUAZFkUwmdMXRM8qyFwTEOodgljUjm8/JZa8efzjSdh+nOAoOjZj1orxe90eLSKXnd9KKfsOvMVJ8dbonu006mhMuovjV1lyKM63Ck5ubJbNlXyV+8ypgUgoBciIFOBZ9Dslvkp1y+sCDTPteWDWHamAVvhL8twS1E5hbtIjDX7Y4wdsw5HP7ZZ14DkC0/D6EpJYrFc1H0oU6N3PF12226I5VYLTSp2W4sJQz6fD4+pnFHJTxbJn9CL08skjX0cFMHSZZe1IATBNF2qdhM5Hm6VCfqVdqTfjnq77KW4iJXQr0zSunvO1ZI4URvmCsXOzyO5O5Op8HtMH3/8KFwfknaGy8fnk7Wl6Oo00ckFTJZeDgFP9dbW4u4xJGAny3PzPeXLTJbBlDRQQewbuULyPtgCnA2zIlgCRrYDe6Tu/4rUlW/67fkBprhcq+teJsJEaf/wV9BM67cgMaGlaIsK60uuv9mbAS7RY74tTMdeJ/h2+E6zRQGsrj49ZQu3bOb9NfCCk5fDr/S592Hn3YfPoybPaeJaZSRl4xedRnNbpk8afmK6rjieN+YBOo1feBfVWcTpLDVzom/qqYdQDElZGMtrvGWwaIJnuadlFU/Mh0VSmE5Hw/FnVxUhiKE5u15uy02l7bmK5O322yKBrHdb46n0+Pz82NxNx/P86LtFmlwcFZueUtU+x+t5YklcPhfQ4WJY0vwLX5a0zXQ+MnqGtEPhJECXvi1u6ZNWGeL6Rd9Q+V+0VlQB7kZJi1V0FQSAfSWpgAAtc5yWJKX2+gPxUgZtKokL8jXEK0u1f572o2+LB3y1dgkJIZqbwWcN8sVsZZGpq5YYauWTGlXolM+H+bzXMSJZvAqRHmhtyLeNQ2lhPHnQTYz5W05HQGJopPoIyzN0hq6hVhfETrHbNn86uiSdbox0lQ9SKHOZyubMbANCoMSBgvUWbLsqqVpO0LzSRHRT8fTtBk3u6I1bVDXUSbBoE/E8ok1EIKcA+BjaDRhnMo5YMllNfXUYSnhBeUOyhcGTWnyvbiMy1ZTZIp4RU1i1pQvu6ENBlW2EgglVrPA7ivG1ve6qQzxGmVUteVMSARxhGPNvsyaQWK7vwLmMteWUExdkCy2vGXzL/GBQpYsqikOaN1s7nBNGjKsGpGQK+W/MWv2nicJacLOSVOCJBuOToYJXMhBmS67WWqKsqHGYwQq5Y3yKQy85McA7gAulAMHufDs+TzMmpIc7kNNhAUwvnnhz3OYkuJwP+XUM6czEHOGMCiTZ9WyT3QjO/USckgAsewiMS1Il2BcjMA1qQqrkI2X4n+16FdCPdCfCzJ84kGep4wTAjXO1JTcXkpc57GThtgJQrTmlC9Iw+60N/TPtw7un7H2KXGzjehS0b0yKPh9I3n7nL9X2+gf9RX34lc/ubxRzEZ+7cX76imjfdBTM17k+oqLiQ0pw3w9mvWCJHE0itV4JGAgXd8UuiKw3Icvr0a04C5dkkwbLH52XghXI3s/B/1Gx425ot/fcb1b43d+OfAkl79Us3V1C3kl1eSb5oI71eti5dOtCZerR1ZXdDunj49U2n/tPi+MjX7j4007/ZVLr/5snMX+SZ1A98qpqvrSjUdLw7V64UWDDxOtFuLNVzC5LZxdRUVNCaDsUIuRBA3tFI+2+AJ2+08PH//lpw8///T9v/zh008/bncb9TyZLDTRJ77Bobyo98Ykt+lQ5cW3u/22hDHu7izFHxaN/gBenWPLeUudpfNh8vXAu9kJuhFZmRLQeNJFy6Hq0w23PB63ePXpOhig+qw7XsRzRGaFx3s2kODTyTJOiujX1ONps7272+73mqxedPHNpNkw2StOrW4+AVbAtSNHTxGU7fjKWXNAg0FMQ+Ca2EtleX0fSEURD5EhMTn84tS9/2C+tWc9ZTqL69kJPYZ0Yp6ed9Ro1QAAEABJREFUHj//WianTGxRp+8/Frr5eHd/r6oy8nBDoZeQMRevJ+u8k29HOuFrduVfhLS8yMfpjMwYhLxwZ/ZpwBMEejz0vQg/+M7wTswQetkaJnEH+NCrVJ5xwh3jWHHJRqFOJchNQaHBUpNOOs2sZz7twMgy/ac8QpKwGxUs9X1j8vyE96Q/X8ml/iEvamv0jznghXHJwL65kyNxwGMDPBz1Q40VQdIJr2mPloqfUfHuPLCSU+d/kVo/fXW8743Xej+FIUWeYifrrAVZv6mvBoczv1l8/anw7+p7D8BClwhXCnzjUu0TNoBI3aIWO0DVjomXDLcR6qANULuZaKGYasE0anpS1MRUh15wDr8IyYsMB3NGlgs2rycFJ/PdWh6M1cyk6vkrgmIx11WSltPPXiTGboFG52AvqrfLGHWTXAsYqc0YRsmVvYkDETjrRcGUjs7RyzDFjB6x4ENwflaA9wpgk1HK6vSIb/EvOk7XdWeqY6MG9llpAk37mpCvDJiQpjmgqtO8eDEWvxu5jMej5U1y5Pj/xedvHu/Z5v8wVvDe430ueL68oL1HIfbD4XkL1N95ruZgaKj1OropHfnWL7+HSVqNwdm7wWIAKltyzzJdcWgqqKk6motjarJbsM45+eK+XK9vB6LthnQGFiPM64HxO3R2IBZXDt6YffA9/aC4/Ma6TcDHPIesJjCLh5RqGJ9c+7jcKyFSY0dD4jiDxPZrTkAyv7B/IA5t5a5cc3pJ5+IS7hUfDD3178Ox2+En84/E3yqBD4GNIhIcAtFu12fkSV3K+AFtm9Gc3SvwDcAwebaIMWGJBmTKgpeuOJC7/4uJFp+rNi0WfDTvdgQqavQosZfXqCs/WbYQXKvd/dlLDQGsGACLupRLbnNkpbROasEeMWMWqR2sWUQJA8yA467imKhmS3Ik5nVqU6wLdofidFgJLMVKcj+zvEaVDKPlkjGo11QxtQesIdy6MfLVVuisFuf7+BqRk84Dor+CnJaoofT4btBXkK1Rfu5gbyRIpdWFqOWbIitnCcJPTiEm3MXDubULn097yieZH4/Hw+70sFMk/eU0P5+O42EqJuFYogSyFCOxmLmsjvNyT5QyZMjcopFN47RT9H3FfkAgL1kcOzzXHIYF1emtv6hT/Xwu7NpqJ1k6q4HJM0VGDeHI3bT9sNk8HqYDzwuKiZVIVKSPRpsZK243cFiVc5ahBDnFipHLsIunW1PuFsXqFgRgymclYDacpuPTYfdwVFjyeZesDwSbwlMc9Tlv4BEvb6jVvRppGQE1Z9I91SZuHGuEVcM2ypF9S2t3J78lfRGhaEIR20oXQK37abfblPHeafBPg/0w3cqwNevGUi05mfMeDb3KeoyUFnbEfCM/U5wC/6Dq0rSSNhhlgiuBDd3plneV6+sFZ0RAMcAqUKtaomhQJaGneYp5KPRrdUTWU/GCYhAjgQqtunAJC4LFVoaSOvAMwstghN1zKpCIAQlZ2jtHlYW/v505QELQwFCUtYcx50clRy0hf56HD/v9rviMivtAaKvJEZQskGbpMEYVBp4VPS44dPPBUTdCYnltuWfV2OPZkxcrHyfjAOBIC0JzS4iSgaLlQ6dmOuPnZg94mIqsLURhJhYNctgp4Z7rEgWot3WzMniWcqMpjXeT7+dT9nZZC/I7EleAHAE6BNdN7rRixgxq2bPr5G4PmJ3RqdjsN3Eg4s2GTifDAuD5sJyfTqc9j9uUJpo03mdNdrBqSnhG9TrsEZNq7IuaBFn1ifH+cUwRjxBZ1c9x561LL7UGX//KjVzXB/PVp02evEcbvuAilTIw05g4tOsjogpTc8V7DHKHoY5o97j9OOW7B/Wp2nQ/Hg6Aci7vXWKGJaRvZW+eLLny3bp7iHySQOAUPbW0Il3QZKfoeur+GJCa4hYR1tk5pP8UF+jYyKEcSlsI7uYBcjb66kplK+2H/+NtZEM3M+RS8ApnYYabFOVUJXpqAXELd1uVVRTbN0VWWrVD6F4h6itl6emL0fkh5389PT/Nx18eH3+9e/55//CX73/WyVuUAaXsempyFYm9ssM8BSLV/dU9zY7U1zRAqxXPUA2itSgwbm6SUpmYGMiHICuiglEZ57aXKLtpp/031KE5WALISc7KceblmI+WzJHVGX6e9/tCO1PS2pS0HafttNlv73aPX/5Gvz4dTxAiGdAX8Jhg2CF6Km+zP7OpmsaZVMMpcXqxZiO4uOgOJUK/lGHlaRrF2FCyVjyIVSwA4EueYmlM5mwue+tbMhUP76C5GJBWlhC45IoTbjkM5cYKZg66MBAYGjVVYoTbHeiGKB4rXM9dLpakQhQzTjHv1HaKRFXsoLMqo1YEDOc8nOeia50WQu8VC8CftfeOJh9MeRjPZb9M01ZLfwpFDox2OwZTHWK0kmR9bNgjRZPSQieb30LtyRBKFHlCsx3KA7QzCjsqnsUPnKKA6pEdciB03KKZn8r/lnw6HvXeCt6riUZjGVtRkMpiaYKBJuqW24uBLI7jMm42MOkc03EAbIb1RfTMF10tTTgurH0cVc2zz2eF6dB8Ds3KEPCyHFnbi2dsM1idpU5FNn6KmXB9PZSGEC1u1ELfyp2mbeOEtmLwV4maWUcwHGvat98UypUW6QYzMWNtsYx1908iUSR5u0jHpLEPlCaXfHYt2BROS23KhhmMzkCimUlQ8FyhnpEg45lRFoPx2w3uUk3uhdS3KatjpDsje1ABCvVO+oyzdg0ETv6CinHlHsYGdWPPiPHYPQXqhVcLCld1IvD0bZqsMttSDdl1WV5m66mENyR7KcdBt2MxmjljFBTTQE7mOssLLWGnVvmIuWh4GNV+dhWvqRy9pKALGShNgeX15zd19beFMzP3gtHZP3WRP79RU+fA5uXG3dObT3yPtvDes94+0hUK140j1KcqpEKVXc0w86u34uBndYnZXTfrlXQ/Tv0VT1u9sLGNdPHB9eOIrnIQ3BnuCkM1yap++JKBwi8/qN37xsVX5TES+pFLFO7EpZvdRG+FjOj1Qf6uD1+X6/XyXDfXky4ovH0MOjPp0EeXQk+llVp8ad3qT2h3+RumeH2FXP55Y/VvA4FUjiGvPaq/Ys1pfvuDv/HWfPN3GFPm1ApMsgZDAwTKNyvzO7Hw2o67ecIrt4W7j91Q8a2XACxKplMtGG6Szf3dj//1Lx/+8MPDjz98/6c/3H//SZvriRwN3kNHl70vDBytZHavKpmTQX9stGtk0QXQV2WadmQNdEzLdA22pn2QM5+OH7lC0u2ESi6ystPootYuINO6Ww3tAsCquLqLVpACZYb9GBh2vANLF51hfv7y+Ou//e1QrJzTMS/norLu7u/vHh42u+1uv5+2qiuSldEa0h4ScLNZI1yTTRyeIXtfCTzMcm8HcnWfu60hYUVev/GND1d7c2XI/ja7JhyDnthtqQ4CN4nCDp5Ox+fnL7/+8vzlS/m0TM53P/383Q8/FCrAtLjjO1RVDgaIjBy6tRfKnf+u9jox8Iu71vfBM+gbD1ural/HShgIZErNSI5Cz8XKU65vUdMx3XWQmgPSFIymUYqxbOQjUZPWEXWXzmXSqyiXh/x2mtM/8PB4l3DE3QKyI5IstZQ6VSH5kvpQ7ae1C3u1i1Yz+I89OKrh6xBELvxveqRUlSclwUSJOV3fymnLqSdL7SUmK50wvkfe0g3tnF8RU2s34s0ziBBmZRa+3nVy45bs1BwJ+gIfoF1vaPOmQaKIPAe0gw+kU4jEvQnqqTP4VwW3NeUIFCKpjRBkAY9CikoNqmvg5/knIo5/BUcFflrqV4a1t9Le7S2S4c/kWqOEkbq6x1JdZFZmRGnAfAaR9yuQ/eNXKbTnSxeHuRMi9LHW9zGCFJUvXBfXTlTg15YqSWEYk1ckX0qZ9ueb0CTN9qAaOKvlq7fO78yiNeqndDd8LXHwfx92wKHmcNBkzXSenw/TdjNb8+S1C/a9R6940e/4wJYzfU16d2DvtQBMtpFmBiiu1cGHxhnBYHqZB15MwrfPidy+PNxVzgTrjgbnWI2IO/FhYIbY2BE3AsMV+hojOhxAXgEnElj+qyG2f+LuDWSV4EAe2kvUNnBSYwAeAqGXU7DfHHOI1EgmWdvf0ils9ryIrfonPZ/0T4JWPHU9p4YcG1zIcZsFZNbRSR1v41f4DEo/hqeZ2ipTDEnfkB0DSZJEbqi1dhFKFW1xE1rAZ8/BSC2u/YKwXgkC5JU7FXX2F3fnXN9ircCsTtMU4WpgFY+/OrzR4E4u7ikeRvMKe5gNQpdV6Ug4NfGp5pq9oSEMwLp1FzfDGMLcuupoXTxww+SdCrChB/W/V68eRLT7e81NKNg78FL5QM+Un5fT58Phbth8t7srBk8+nH59/Kyy/Lth5DGNxc+/lBDHpOW8BnZNsxcfqFGgXWuLh3teWr0Fh02LyYcaM1gIqO9qpO1tDJF9KAoDsl/Db2QxH3X4j5qQrkHKEmnZb8btOZ1ziSLTEquJvhiazOBwCFrVTSgvNwRHpP4D4wBlzeUYte6zTNewnLTLz/Hp6enzZtyVENlm3AxIeDJMei0NjkLMg5ajng7jZpy6yD3XBrSx7BcU5STxNWKFL65n6lpQmP+lxPPu7nXuzjKfvmStIIHn3TD4rdeAi4PVoLCdb/rOVlhTRK5ChcXBkX/Wq8CR8hssD00XmSu0j/63tPiBzJQNI0HrxTW2EWe6ngje8fUiuzbPGlFkLhq/wDz4q+iR2pv5TKTKHOOnj7lLJ8M7Z64ixmem3HxJkzKqs9a7LwehSfhwzA/b7V0aLQs+TwY1mCyZm3NNcbsggFQBRDWQT0CBqAEIE3a0VGHT0Q/MZt9QYhBInNvNC/naSAH8S2FBmcQ0DT7FZCzRBQlJadkRlbInpPiMMYUULN8O5jHboBpgNKlXwo9amR5kUVEMeqNDyNNGvZ4eDD+hbB8fKm3oUxC0a7aDIHvNuK6dpclwJ5mfhTc8fD6niZPGYzX3SswBaBJF4Juzbm8u9RiZNX30QOhS7EtXDUYvywv6muPCbr11itTxfO0RhIUlkir48trJXi2jq6tNQiExVLQPyMN2P3/SKF9Kv3x5ej4bIIRuZ0s6GTfM3sfVllNhjHTaBwLcJs9RUAZXq/FgDVyPCinBmo8na7t/ZXnWj0S8Bx/SaGyfWu0TKCjn/NqMdPMY+qQ4yXkqTO6+deUK1InXMreM4etofsziYQttUhUZVK5VNFB/8mKbGMNK8bAVMWor++pxXo6nx8fj6d8evyyb4dN2/3HY7kvUvqyZYquQJwV6IshSacaJ0z0oVxylyYqYBgnGFvprMEHLYPasxUTuSsnAqRv1yowgyCaRVYptN+O4G6fTdDqeizg8W1R8Ph6eig/1rE2vZmvNvh0t13M0mAfe7qhI+cIhsnVfMVdIEcWWKwByzUwVpbQdWbEqM2z6Ij1UQVIL3trXGlHN81Gb6VnrHIBADMMGicEjAwg32S8AABAASURBVA4DRJBDcmUTDiLnc/l7mrL2NSq8ZJqGicbZUE9K+D1KEsXyU4dA8C4/EQ4forDSyk01y04TDYxhGobaCHAPkJIDavSrpFBYYhAi7gksGuXJOjCX91yG8s6z5sCUYZqead6fBfJ92p6mzRbloWhx2eE6YJHb0yCOq+OtkqAlPWSxwtrypsZJT/P5aDgv5bnaAmu9GM49xZNYzaDR7JiZz+Wt+UxzGudls2y2OwVw0RyUxBGUAAJ8UbQU2W7S6IpJO1eAo4nbYBvU1kzFoFX8hjwftAPNzMfTkDcRx0ZaRlmrsyubwCAydakqP8HkvYLAjZ9q02myvu8N7FL3XaMxJRkMlOGDJlGnVvIB58jK8J2mLSh58CiZyigEgU2IL3k+25gS8sBJ9V3dHiMFOA8wFBWqa6lMS0YbRNkwmvJxPsfGT6GSEeThYr07EwfGSYoElHFgr2CuxoTK/VF74DBCIAO3FPDJQ1mLNQ737jzAqllM0SwUmNwM1J/4z8iKq9DR93OEFwNsFmsGZA0rnQtRrVrTVWXDKHSTEYiStIEjEhaWbjfLLVqiNjbem6rEi9jqyoAN2m1ULCJvK5dVx+N25/ccr+sJRIguQhz70PGvlc/0KO/NDopTcqJ3qBnydhZI4kS/xWEp/++YmmjOWLvAxFVNVnKTxTeuB21yhEUgVd1j5CQXti70RFlxLY7EVSecJpX9e4zh4qnXLyZrSqvPpBe1uP4NwqH1wikv3yEkRs04qedX45O8laQPStpj6e86fu9F3Zfv5ybueth88S9drC3qHojCPO+lwgtrspaJN04SaVYVtUZUF+e0/Q66fGm6ezu9gsG+tLbS/fSDrz4h+jspI8bw7bdJ107gdfeFVKN4TFFW18H9vnxUc/iFoVZbktdfXQBOrx4RmrNVjqnlgSZchtZpWfRKO2Pa3u3uPj3sv/v4/Z/++If/8l8efvzExZOWyDKxPY6FuLp4DiXSNhUZVVMoitq020/amK9odhuF0zUpDolsXQtni9A5ukn/djXFmb7p6D1yfKHyQQ0CDpqpB+hjXf1dHJxR1RzNjS4mgcOaHB6fnr58Ph0O5cLyUvv7j9t9+fGwu7sb0OfB8sdtElPtmhM7Yva/kZWaK9CjqTijQxuad+LyxWv4gF6z2WtJ+/qr1Y1+o61STcuMLHLVWounRAFOvnw+fPlSVLv9w0P5//2HDw8fPxqwjV6lkIoer6yu4JBYq84Jl6P8lqQTeccJN2ejCsI3Lg9/YfzlqSHUES52Wg0zVzhc5prE3FdQ2cepi9ZwxMWRTx3/Xw+DKCLo/TvDBSktB9FfeT0B/3kOeFJA6KEfwU0O7yK5b+trKFy6qa9/1PUkXzyRiH/8Rpvn7z6qJeyCWbmV4fYjieFKI66WTNM1/UY1TY8dqj18sjV973JbutOzhq7empRqr7Lfg+OGjf5uEiJiUfGMfqnMxWLZef6B3x52ZljC/qiaNaIDjwZuBqXuz0juJk+uubuxJNbEF3OZhW4RlrSGykRh5AqQZdFBohahU7Ps6uVcVX2q9joc0ahxaHywd2/2YqCuRX/wqgwS43T2FOoZ7Jb4v3/XvoKNDWrCZ+xmB5nk1sIbxE7amnZ8nNbmSjewK03k1UOqVI7bdialdO5UvlQRV0/9vWza39shvZaBDZa8zUj573g63t3d9RVL1OTaG1PKKwL4nc5/TWsi1N7F7/0JQXv6k6mXF2C52K5fIUchS/wO3zgz3bpxe4ULdSZHRrCFUFuXcQnQLP8zfkrTZoS+wkd0NTgzNHPk1teDgca1Fhl1LlI3yakX8iGyXhgP3/rknTzGeAhB8HUKFwSJONOkOqjuQhNMSJCps5ojZV7aWVEOqGDO43g+n1yQXVnG0kWgb9iRWh1c+K5CnFCWa4YG5DxyJkkiFU7fKh0NpkEhr81vLfAkh8PppZXuFUYx2HMLb+dQB6SfDroi5ipKVq/iEkTBtx1MSxunw5PV1GaMz8PV7j008O24CZNBPvRb1Zweiwl4deEP7gDm5g7j9UgYMs4sXo+JDuoTp/WWTwZ84uG6GKSXAFYlzIEwmY4yfz49F1tlk8bvdw9l2Q+/fvn8+GU3bu62+0UBQlirg2Egl8D+OYs3NtHA2MYKmotdnLsumcy1gywCFWo8DtFbO9gyWRuck0aKkusz2rshumujyc1gpZLlEfeb/dNJG+wUK/60zOry9in3iKa9u1bPymo7ZDc0nN7PVtC5FOu++N+XUcofp+Pz8Wk6Pe9Ox/2w3TCg0a0etRDRmMdlmbQUWQtNTtP5bAG1gS7kdbCJ+oIORCV8k67ePjqpBcd91XLLyDa7bTFXz8fz6flA5pBA8GKxRrcWx1890oBcM3viiFWgyuV2sHDCUHWhUEgBItsGxdWQ9o3GnWKDycaOvhIyGkSZy0CGPGga5GBNlLiGmuvp7xUyznED0ccKcxOifOGO6c0Gan82UMIrvUtTFowaEXWqaXbG3zUrzMUC7lGigxqDKtRfAoQadC2nb/bGDhSYZvCbItPeMUCMKH2zVEYkLU/LFBpfBcjKzjanlSisCSvc6ezVfVPcWQHfzRAAZBwDzLYp6s5VchO4BP7bVGW3ZH1dDe0BvdiYt9YgS1GBrFoZCCc1uJLXXgVbM/Z/IlsxK5RUNhIdQjkA3q/lj0Rk3TNLkf+vcI5Dth4MT+fThobDuDmQbBQJiNIiHgPMDuqjsE5WNp+9NMGpIUgv5i+oVq6wr/rpije63kG/C82xkpP+IVI3La2lXj96+Ay8IZH1wZnS8PHu3nApdMt+fv6i/cjUkb6wpikh8I7nEXYb8jxBuM2gayainSs0WJeu/EqNs8RlaLIjIbj0V8hQKCXy2gxQ2Kqplzu2sZKXKoYSJ3VSpEbGVCTBkB6MjaPyYhFno6amSlB1dH+xxBppbi0TdNx0JDc5vVEfydF8yofy43/+v9/dPfzh7sPP+4/fT1vtz6XITW0pwzP2mhzpv3PeiAREp3PfdD4/HjkHzpjEljfIBwGuRRqTUwVmalSAjXEexvM07sqwT0X+IOlOY+vHReZzPhwP2+N2v93dbXfl5pqTutkoKNo0PR4PX07HfFJUBXNg5KAIZENWcrhwBUk1QGbr/MPj6CgL+lgFmirW/ThuNd9D8Tw0AcWAHRVyFaTk3REVsjFbIqw8PT1TOoyjF5iWS5Swiiu8kL6ioah+t8Qx2mHNYxz9wptLcgbnrOdnIIwZ3gSgIVI4AKEOcfynTpwiPwgwrWlTpEXRSajsrSIcx4XLfM7lXQG9Qkh+LQTzvBSeNxzLvCromuLPWCfAUAEzBESOBEeX0Nw0fAoTJkqLeaMwJeM8j8t8tMyhTN3a0NpTxC7xCR2v9E/vj2Z1nLPmlSqKDI7NUIIo5cVP1oZJad1KdS2jl7sDaU5a5eqPStXWMfD6MvcKMrfNmmVi4GHmvrd4zGhoc6Qaj8ZF1rgv9W2pZZX5bvSI1kq1ueDerjxnFIAtMEZaJocegxNoWUmCm9ImG0Vh4cQjsuwQmBJFdS3DTjoJFEiYZm0lCoR5G5JB7U3bzUZfU7NCzQrK0YkGT0U9sCgeThkf+aJrZnyiGKqZ0iMcdGi7zQpcOKKbD1i2EoJmmakUpxy0ai58R5rJS7cddYAZJlt2lpKxSaORHmuyEVoXrU2t4EQULlz/V7cLKVqZLZjlPzmuvvFa27Q9MooOTLDheuMuCBYZzW0Rb2ZyStWsnFrCM9nZXtcs9xUmLCI3NQAw8OrhrKdFnr20LAo7uaEdvAPmhLRp+0BvH2/f5z12ioHFDRfz+YLe4xqWw4BFyJaahQvWlF54Dq9vVS3cVaplO4u9sLnTlumr1bE+tNV9LFeffM3xaregW4d0bj3uPsWf35KV/M9y3CC0dxvXHNYrkUfi/JeakclIic1XDwX5/b3z3iiz/+U3tRm+dqhf9VL/DuYN8zrycs1CsUD81vYJ8/Sb12h1/6rY+05E0YSJYOdCQ9ruN7uH+7vvPzz8/OOPf/7jhx++2334sLu/LzpKiUQsQB6Ngj3N5U2KCafuGc9i5qJ3aU7G/mG327L1JrSeDskyPJZIBLVM0Cbzm8cghup+oTdXp5m0nTHbtoPdBNGTZAn9DrLiNWa5ebahAERm9nyaD8+H4ok6lp/WNab49crnk+K27O8/frh7eFAMPCg5UQ4h8GO6tU3o3VNDALEi1lBygLeNoVS2xhjdbKzXTuhqI7QZq6YoTqbun2+l7p7qVv4BKGdnVVVF8eTOx+fnw5Nm5Dx9/lxI4OGHH7774ced9htSbJtckzEi66JJymjUQLfYSB34tySdxIBz1fLjoesh3LrSEodJ3JYfiPI1O9YKL1e1DbXP+8W2RWIvb7VTPHq7pBZOrm10QDP+gYNeWi2j1V/qBLkFZpPVslur4gC/QZZukXIoovZwXnlFbhxrtYd+T0eoj/6nz13gWzJVQIx337BusPiEb3gZBKvWaVt4SPYiJqnq/pvTJW9922l0HPzIynDbakXVG37PHdfUoqgOnslulLqXpf4dGJ1d1oyyXRcf0juOi7Nevqo5ncuTJ3SW6qZE3LFWDZSrrVofx2EnBYYVc2RGtJN8Za1Fi1byFNZanMCzuEMLOf9uxHJA5HjzgNBCAfeZUsxLbGrfgO6MSOK4vdxl98rK6GpeSYBnDrCK3dYmDhJ2Hc7vzy73kz+N0eomHLpA0Aq17wKGwqsxQBoM5Y9w25Q7EcFWwhrMUdihwF2OjwYloxDzNdKWGK7wkzL+DCAUCwmgIsQtGR96uMOZvNW90alVIFHAg1dSr7ssslsYDYVg43vsv8Y7yevSpSfdtaXZEZczCPdhdES+Mojk1i+t4cXrx5s63Lcf33jjr77MCxsaGDXn8wyMY2w4tyvyqrwEjuQ3W7T1qth/7BH7LGIHtq2B+Gt15p5BXcGqKwaRUHWDBWWmi7Tu9gs3VtZ/7RsTWqJDI+P8jvu/Q4rZ5mKuCp+NL351LkKqmUNnILFaycGpNDYjtY4DGBOjbZCPh+ugXbN0dlXjHvHTN14U/fc7MFv4y1lnjThKeIdc5wNnECTHxHZn1E4kQHaI9LSzGqQbMxRcIHNjp0x11fyXuqzkXNbfiCv0gMqBSD1Eka6xNsNhDmOJIgQLgrDCVlcJyMHGaimwnoZsdDrH/DOiF+7wo8ARwYslCJWAFvCRJfPkywDQRHrrEOlEClm/DJtsvTYXUhg6h8HqQu+bg7mR6kW0tIEShUBah94NDuLcuaPb5orJuawbgM7CUEfLy7gmMhpFLFCQ26aw5i9KA4nMIrPMgwY/UE2+NgBCeoDVd1rEAzEYvA3Eb4Nk6BqXCEd7FGd3QYKQR6FbArxnqBXveLJwtEphVgt5Pv1ynvdpKlHG7Xaz2+/Pj8+fv3z+9PAwpfsSkCnG56k8aLMtNjJS9sucGyKCbKZpu8yn4ylrdgoFPZp0HAjZ/S7QjFyQOGu+KtrAAAAQAElEQVSJ/DrA8+msYQmEIGxG0DUMM2DgaamI9btpOhT79Tgd57HI8YPlnITuY/syAc0E+8JqUcWnzXeQIOuneNCBgKKpG4U055Pin6jB/KR9Z0tsY9pOiDmy1y0vyzSdT8Udr22ENEtmKsGUUSR2q2tll8YZ3ijH65MT5zuYZWzvuBG1Xifej8mieZtNsVTPx9OpEOLxaMrZYJjwgqjhYhygLTsboj8jKmOCg0P/4Zq4JxdKNTTxtWmfQDoxRL/JhTnCJEv3vmDFCj5f1m7MaRKqAsDpxsK1lUnHhNELigG7PikUOpaBJyiz6MRcVY0MPUliKjw2Eid1AV2uAfvYdso3BPpsdUW53ChOI53x0SIzxa9wOsv5YFkPWwN9oAkYP+zAG7pFrNkF5wDzZ4kWTHWNdGizOLczHu3o2Qjse1aPsRqfVtPQI9eWI5UQV1cdUmKlKr/CE/2tPUvMZy1KFrLrDMmK8snaodb4abKcoUldaWX/loDjco70X0OCSOisREi1iVl2OZerss0oUS+vo40RbRF1qYyI3dqonFrnJwtg9sv2LVO+lMDsSVlE3p0on4cSN6NR1X42yCK9GMExQ3Bwj5vAV8Kx/Kt/9ePkEpsg4VzUvXmEZr/6rPunqkrMr2HLJepI9eXjJVaCJQYZc9NfQml6YdQyW1jRsPDK5ExAlbu7VxpWgT+fT8+MwJ9iLWt6G8rpuTbVG6IvTfTSpVCdUAUzoDZXDLtH27tYAw1FBhhNiYqiZ2k6JnirzUYFzxFAXEHFajR768Wo6Ukhq7t5pirrpb9CrTxGFx3Pn2snLspktXmZfb2AvVe+QIBaaCKeqzdGpCpY+l6O4paKhsXasujw5VlD9poTwfcf92m8M2+KD6rvVN52r07EYjZm8tRL37cr46VtINci3RsBv4Feozsfjb+KCqKsEe+qggI7kCynwLKBk+l1KRUxud3Oh+Jc19STRYFEFRThVHbk8XjI9/OgfBNGdtqMY1I0kSkdhsfhqJfMRzw45DdfUC+tNlMOMZBAfex8RdP6rMOvDhiYHZtxZ11cNGcVaaPGD8WSTgYKdIEi9U9lGMdTke3lKFqM9s6LMkqFOynO9Gigo6J/yebxHqthniy50zQZ1S2BGSgKwwaMcVFwHLQ7gXODQEtCq8p/u5Uz2MUynQYLuQ9KaAbxcXYYOQfg0TDE6UineZq1BWJZiCE5iG7IKGHvlh7EYhkuLSrjTJhRFugtWaZy57HoP8VX4mjq89ItQVBOBFGM6rO1XBTXwIUtp1db9oxbrd6ddCXGMlOb3a6QxakQy/EYcgoId2OoHra6qlWa9oy8F/bdrgJuVJOwBDICl1KTTkbNxpiLCqQ3yUvRJmUxUD/3anvnWfvW+8aphdd4udBFxjxXPlCBYVRkeWr+AoMzw6ImN3wax4dz3HAeB59nbDNjGJULZYMU4VkTJ3Efy9UcnMtVK4r5PB8132ba5MGSjsjNExTa+TbVVOri31qsNBZzK9p20TVuwwUbJveraa7vuFFw+0lyT4XmkdUmjb7hwMOQDu5w50aHUf+cJUqQ/fBGU+1/2QA+rINVX7W/ABRZI0nBnMlFrKpMniijjxqCexlHNtgVstQuaNRR+K1ohUigqXn24lYARDgEYE0wvMpx6CNGVFV5flnA1gtvfRiq+k3x3l8jnSEqa4Hf2OF79ID3Hq+9Tu5QWt+4i7LS4NshkQOuQKiZQTHNPiFsm70yE0wxcg3lYmzueGmJYl0bFF9El+xtUJHWKVJ9NmalxhhuvZrcnNqbU9B/mGWlSL2gy/Vr/Qqawo1FqXEemPUdt+LXLvvnPeSFRZHV79JSK2PuL2cJLtBqx7L72Zt0w+fpNnpEt9Byu9WOrBKpXzL2g5jrA9/YdF75sCL4G0eEdda74uqsb6Cd97CFb7hQVgzPxFPsq7CG8e3gt3qZ31IsH6coOb4aiqzPJ+nBsa7y3kQq/9H/TLnKVVm1RN/9Tx//j//n//rL//jv++8+Drtt8aR9+fL0y+dfXUFR1cGwgsuNJlOyLOQ5bC1ZeFN8acNmo7VP5RfAv0H/XxRB0NOdrRuP+2m9PL+OCq7bBOeA8+8XF9eUgdThmnQfO9mYZoLKz/KnZo0slu2q3wJXD0H/wDuBhlOU5+fiLfzbL8+PX86HYzEEiraxv7+///Dx4eNH7aRjr5Yz0GdNgXSHLYdtYS9gKIMUzVVsoVSLV7zhYjgMAwaL+KabMKouthe5oPZ+lvzbmmMaGuzfe0glFbmYaqjKng9sYHWzZZx8/tvfDk+P5S3uP33a7u8+fPqkLYe22+KpVvOBBP5lTHvc0J4kHvro+AZdv++tpBN5802rDGZeRca44Uc1zbj7tk5oD/Wpxq2OHk0lYbrkcFhncmXaaHYBwKUCifs0LoEiDpndRp49zldb88QsiE6xmdRqQBdyUrJQjExkEJp9VYybYXCfwbwgwoPY9DDAGkML7BwzKetJ60F1ehXnt9LM3ntIrtIqPqk+C/I9ZR527B/f2GppaUXILBlee2SZJ4OUv/EKoDAFHjSfaeUX3ubKD4OqVFTMDOqkFkCCG96NTLfwKmYyNc7rkhqVXqiKbsSdb8gud2hF/VCdAyM078ElAMvySREgR5tgSOY/QAt2S4DzKCrKHezeyfwy5jxvu9tGnxH1SM5nm3hQhuhWXG5tm33GOj0hfI/JvT/ByxDxCVtF6611yYrEsBK8yUqzZysmMYx38zzoY00YZHCZcFuh3gGEoMUrEQ00087KpGKFPOhKXimQsG31/JEGJMtZpiM2tsVWdPIk+JC+Zbgc0JU7i4UUbCepcTgOAUlsriSJeFUGvqjRhvZ6zctotpotk/MBzOdg3Gjw2Ofib2geSDMW1XjA99mHqjOWIKclAszMaI6r1XI+4x5OyVFCBJBxU+oWWyDEC7XKCs8xE95egYI1uI5oGZpGSAI7yB4khlLFNb5iMAo0FHY3UZguIXp1FZOFZ80NF+16NIBosU9GDqZyrszB+wz4GC9nbQHsXayc1CIBkWjjjmQxvOYUdTDeUYLcioNOs8IhD+RMu9jiH/XPW78sTOk9zFB+92ZLLFm8sO/KoX1vUs8CnMpoD49fSgji4e5D1TMWbCkXEW7JdUzg6nkXH70g3f+djutnVTEXegYKNC1mom2jB3NRD3BoImgIPIMlGtuX3VA2QAkMX9xTd2i6JCHoAb5VnT7Eadh8W2awkRUhSdcD8sKKbn78sJU9nul9pq2OXAsExTEafP/ZxilRu8X956okDM3pwl4PhFuwIlB7Q3Hv3MHoSm8ZAuT4vGCp6BdgzUc888AhvuE8iEw7Aw1WDz+H2FsWc9YmCBnIjMXiKuKGiEJen4X2xclofk/1sWpEZYH0i7e3unbJvSBlhvfU46V2tbmAgXbhKk1IWfF22zq+Ubk//IJsvczUpW7xH0yWOQ4tIUlDfQoGD+Uh3NBIU8roGhLTG8DHKDjXMZhAkNnjjgk3E4MsDyDEZM8yKTAkpAQFvLK2HkctO7uJbmkBXg+Helrzog7K7y0zhDlwTQyrvxCetgI1EtD4ZmbvQoN7Vg5m3mnUWbvm5R489fuPUyGJ4pUmjg4ruWbPKII8e9SWerPh0nTDa6MJUWEq3uidte6bXJlgAy6hKOqiCndhBaHYWxZ5xeTAJoFyQLZErBWz4PV2JRy4Ud9hjM7GtQiSBgaTUYsJnzWftIebGa1Kh7h/xFSrPLMLlcX2mAr/REPZzzOnp/P8dDzd7UZlF+OpGElfDs+bYiGXaIvmCNgMWpi7GM4LspvsNbaF+IvJrdkPcxpHDUZO00lRxU0x8cCHYZMDRSQCY+jmWgIRVqM8Nqu4Qi6w1dyXFTzxbkgftzsNV5UI3ZBKZIPCkqSBkcKixIPKbQtcK/q6u5tta6hdl0vkYzNvivxXNJ4hlZfTIMnhdH58Ou52+7u9FOV8TFqYYtbxNE5KM/v9oeh+2ovn2cA9tXOAuFTHo1O1Bp2ZROPVsOeXFXvs7GReAypw52ABNaWQRbXTTnlaiZGVCNv2blvI55TP6nVPfoGCibBrFaE1+2bJ2Qv9kUOdeiErwdUI0Ph1uHY2BsCxdhiX1Hihp3GYSuQgN0nVxlS3lnjavS5BoZ8t2e4EZzA+ZmGMyCETiq1AYcWsRTbyMTzJxi3fQuEK625RopS1CQ4m2OgqR9+LsBnRl87R33t9wx3oWAm0dUGiV2h8xpM0pKlKL5aZrKHP8bT8UqJrKT+k6ZCm+2ncWkCyXG7GziCLl/9KJIZZZV12NdwZWNneDq9qwe/eEZA8iOyGHejejG5IEUuMLj+Ud58WLeLXSc+ufBZ9wMpUQ0t0BRgc2WChslOJfp4pYIegkdaswhrX1q+NnW5p/LDZER2fT+fZnVemrYDPZZfbqH9AqUkCo8eUZ/euj5bgTx7Yo87Y91IWDjwyjUEO05zPM8mR8ud8Gg9PWh2+2Y2UIMQAHBU0lOfFY4Rjct0b5OFgFMZJB3b2o8w1edBO1tv24peGeBw2XTuhpgD7CcS10Ipf1NJvK+dX57cNutaWuVNlK8nC3ONb+CJgXIo8JF47X2Zvo2ZPUZl42u6Guw9kYA6fj48nMVyLmcaRi642WGkewBSCs+v0FisejS89Aux9zszxozg0ZlgB7YR9bINnkQWGFYRyZS+hSDr2jTkAxNKe4AR1xcNv2NTObuaE69bxmkWJx3Rzbwal9ZR2IUnaXGOB6lRcFdm6vJhTeUBFoIiHOlUcw+0AQuhz+JqLTlMlxFVKVQkKoRUC/uvxSxGazwdN9/zD/acfd3cPm10yYI5xLDxOGYLeNiPV3qL9Kd7HIrTqM/ECIDAJ5Dt6pYOr9044kT9tGzAjvRWpJ+6lcZgmOyMhrwUdL9zzbVOTtrC9cxHGi2Z0ahR4Xuanx8J8Ds/bu/u7+81mP25G7c1TxO39w3bafj4+8XMq+sJifdBM1gx58WyG5BtXugwZ8cUT0+WNd8F9oF1X1AJIYsAXKhcXZYbbQrRpcMGXasxGg92L5R+UsRSKt3yU4ipXiI/ttDfUkwm4JgZwMhT/f3HW2StS+dUgurzdDlkqhMmBoi9IAAeKdylRxc8a7mRLgAm5jtWy5XDfh9a0zKrUl0smdZho/5MSkZiG6SDWXIU0DWTG8sNJqxtAcdf043m2cyfUgyJ30NU8Z0cmUXwemxsXc00wnm2XaJr5dpRJAaSKqrMMsyGLwLxM5BhXbrfAs2c4dLokZghky/ws345Zww+zBgxKWMWmdFLH+macduXm59NJbQvVsZaEKiADTrJReYb04BwlwfClWgRmgkQ0DV2VMEtVTGWRygi1O+Ri8BdeoasKuuJhmLsJBoLDoCGJHHq680DjVdHOwxA8yCW1AKOhMiLPsNF9WJ1Lbrv4hsnBjry/qLsbwRmAWoRSspMrvVyY7UzV2e49a5SyZ8tmotAMXUczfQl7cBhlKSEsfWOFHXJWdS6/DwAAEABJREFUuRS5OIvnKslyOnJYuQvPxfG+aOtId/1V8aHLOYCECOdDz1fHXlmg0XJB3exx5iCRkiKBZCEBxOLvop8syBeBUmnahW4U7QC4gHdbhMJqp3OYKFQtKOPX46Q+uXIna2/qhjOeXkjMmJt15vFUdBAMUNZzTYUk9HzN2TUf45TJavcgJxcEfSzBjqjHoqNO7LYI5TVGh4TwjmamIZ3985pl4/bX1dXkqxYasPPwSoC3j/47ab9wU1qizdENTYbi0xC5vBrQxZP1j5AN1zqI64gABbx4N58YCiGcqjBe34Wboh5+cYq/7AHD5Z3ZadnfCyOoZVh4a20MdPniV0+nho8ovSZ3801u/XU5MFwff9sD4PIBFURyG9+6m9myPngKk4javPcWkVyrk69omH4Tvh4wkaRr9fPiVgjKvHnwWydIJbBXT/V0itWFud6h+mskUovYsb7aJbBnk4tdrkQm7kHwqQ1YyBWwHHh1PM4VEu68RHwxttfoYfUVey5yXhHijYWD6UR9KkVHwoKi/9xaCGDMki5XErGIbndn6S2sF4d9yx7hlOitQ2785mYRBuLV0vGIyvX75/n78OrdrwckAct2PVrpYVct8zjM5zq4lOAMsz8GtX1UsZyB2LHbq945DZv9rvz/7vvvfvjjH37887/88Od/2ey2RZo8nk+Hv37O8K2AurTgzSq1EwrJNa3EMPU26nXyTGQvpS96yUmFNVmu7wxxKq3jjE+aVJ+QC+twL0vlM1BpOvlr89Iq9mHtCnGXgILzFwSU1XOi2ZythNWFsP3U1rVLtvaLRQ04PD6dTqenx8enx8/H5+dyk2Ea7z7s7z9+3D/ca5PNaYMSsgxYP1jw7Mj0SC5RH10TiAxVZ0QXZiv5Kv83E4FcoNQZsTFX9rEs7oahfttXaq8ChMJa7M64fcjtL5v0JPZGi4RajNAWTAOxTOCTatHFbCjTdNCWOs9fSojqpFr23d1Pf/zTh0+f4FDTfPO8hEkY/tpKustK+PMLjB0ffgvSib/u5b5759EoLwRTU5vi1jA9sye9A82me1ZdIvTXtCXOqXJzDr4gzc5Hsa+jUlPHmDF/4lPGBMzqBHLXNvCLZ05UozIkqnReUHn5TXn95+/lkO6nfyJSd36xjpG1beGhhD5hr+sHFLReHdlXD6zTWA2CLkH28uC3hv/VtMfds7wMsKe66gRy6oEyBf5sRCTphduyae8pDak9oPs2OKxr6pfqcVPa5ObNe92DwwztziBQ91BbStkZ2WOAkdey9kKKi1O/R6JQiGOr8BU2QHzrnhTfVnBB2yZaIkJYK6aqJSLVymGfahexsOWqugqfV50gC9PBxPY+WBf6kP1I8MMSV62n6fV2utf06+/mLDIfVkIajve6waVrxYxj+anNUvdwSNwL44gdxsOf7iRlRzY8URPw5JZ593V497mq6rjjNb3g4auxxkx3Wot9zFQLdamOkquFELdmegvSyDkmXXFv8O8VFyF6B6v7Brnxn+RYb89G/2ZRy+GgjpXiNLx9cdM97K//lLPUvzv3n1ZtFB6nOMvP6QFO+IUS21tHupAFbwqpF4/Qm7nzcN04S2oHR4RPkWhC7ndgvqB+QXfh5u1rA+3O4jW/fe3dIaJDnuQKXyDd9lSPK1TnbmOH6eYJO7XW9d1U1u36m183pw65fQo5ATx0Z/vZowoaQEJwkqsyBm84O+NbCSyoulXl6ie5KVgOAODbTiQGgL853AetHNmEXfL+OJ7PHFY2vQAF2fQ9jMgyTayUUjpVr3MZmXsBj6sMwcdt0ARiDTfU828+5fULNdl5MRgO+XK5RNWcQ3vR4uXPy5XkjEms6x9L4CjiYV8RUodjLcWyo2iIIH1NGfARNi+uiU7PzxZfO1CeBQY0JIF4OocAYbkUVj6yIZDRygnH0/Hz45fvNtu9YX4ux9Pz8/PTbrvh4tIur5p6Y8gSO7yBjOaF2HE6qMFcosH1KQBm6cyB7LgB9nRLvvWaDi0D0d2VOaImWIhy/lQM9jFvZLPdLrvT9uk8Tzlr9N5DKe5mry5VFN7lbN3HRSxJyNwylo+rEO+nUzGPh01iFPkuWlhwej6en5+PT4ftfjdsBl2ISIAp/oKisg/nsViMKMiYZo3xdJb8ii5v8tiqaPI6xeTmJcHPKz2JyIUKVcLzimOvZTHFuD1OxFrvq+FSjcA18CSKrWr5bBAFuSpXdarbwKRxhTqAtv171Uik+537sgR+kZcpCZn5c4I0YEVc1cBalKBJp2W2a144XCtPPnv+Isgjl+YZFHFZVlWsfqjxVh2P9WkJtu9mL7n+DeZisTHFbkixA8FvSiiQ5tNSoq58FL4rocttcT9Z6XaSBPq3kNboGdUtUy0UVE+6AL6e2eodcRgpmMLtRd9tkWjVN4fhxjJcowpFajxaGpsGo2Fg+3Q2Jvl8iDReHUKtCSsfBjjaOAx7TSOiQwkBZmxPblq8zxujowfw5zwbTDPnkiNYWM0WdnV1t3Xv2K09YfeqYVS25fN8mhjIBjlt7waTSRN79rYHNyxgmgSxNBgtQXRU3xGT5KIKTIm6+si/5/Dc+3erBb/NAeuvprL21sbFWcZBBhM6C2BsivU3jny3L8Hlk6aM5C+HJ3UTKvjVSXMFSshdM0ORC2XNRuKGIfUd/cM/BF2yFJE8CAqb0HeOXZWhqkfxzTdxHtU6ONVcMhNk3G1abnu9bSBjDStjK54VWlbvssIFELj2u+8KaqgiMMhRpGOZVCt1c7VBXagjo7RKdLE9XnbM43JULe2kgMzzB/U17kuo3mLlA0pKLOsTC4gCI8xC6rXN3ju/fssqbNpk1HHZXUwBSd7g0vRYJK/6+lmjJfAsh43icbfZmYxVJNES8i4sbtGc1vn56Xw6KpTIbn/48OFTcdYbHlIRW9O4K/73w+FQ9ItDEV8Gd2z3ljplrp+1Ze/fI3wa7H0oFuhCYBTFi308PZU/p2k7lki1YjClUNw8GaCsQhnFQCO8/LOmbizHfDB4j01xl09aiTppzvKwzMOgHjvtWq869GyA5yUGrnnm8OcA69CwY1wxzmgEkg39QRszRuihVppyWBpm7WinHuVLurGK6qLZMgq5yCodhykNp6KzWH+aaIDs666tT7I1rFnOg2YLT5pakUIzaUojIdeh0SFVe8UpJwSCWFBEG9poGo8mBmkyQ/DCMAmrl6kujKvuxsTns5YQoKfx+ZwOadpsp+1GcVk0AWWYFDrutMTsG1Vl5J3AbWTVAWKYMBieP8327lLHIlZENEwbLAAj5yWrjmddYRYvm82cQjGAhVm3Zaeop96IhHDrNk61MauhFMp9/JeTl/oRcKbINaSUXBeLBMhUJUCIanfsteTFxZ1TYhKOPNGLou9Ks1cMkE8V9MKvCy8epwYHYrWzXjpYuZ+agWW/HPI5nbm5KyEiSUkaznx3QHpCTKUOskC41rlQ46tJ+yRqGjYs0DCqqgYpllpXXm52TarpjRwhBhQCaCEKM/dqp+sMzADzj6kDd9ARGjLREKsmuZGkp5uI9wdYvDtPDqLIAUEpBjQEs19thqruVfBECtXFX6uOo2VwhhVwscsqqXDATIUiGYTViblM0iVBV9rqiPIq2hocnoluahX95+waPa9XNGh5xXabEOmVfLr1cDs7XdyyraI0K6YWWuKhFHqoXJtLq0esFKbcieZ6kvANbQEqgNwY+CtHWD39NUzfcghdzjOFwRKqCV+KuPXTVtMlqZfwUROgP7Nc3eOdI5R3fZi+7f3fNSC+eCj3MqttFLm8qFax4l9PzwGnxQ0hkCq38K9TQADWZ/Ctca8/DfwkR9BSBinL5dZvf1bhca1jv0qJ75nm3ifA3HB9cKRwmwjqiuliOW9wCfmazRFj+AqCuDgZUL5tx4abqy1zYzdXE9IY6o3PI8xzg+x6iUJVt2cJyHxIKXYacVGEPabCbtxupqKIP9w9/PTD93/5409//tPD998N01CURbWGLLlThdzo5fNazWT4HI6KbFAmg7dxHDqXi4fdkGPivWUcprRh7XAvEa9eKpbPZcvlie5+jVOa1d+a8EJDWBZphfpNinUuLsW6tLzOYvkdDk9fHn/9t789P35WZ1pxcdztd3f32/1+s9tud1q4BqevSNuABPWpVjYgNxtqT/IcJs8PSJ4oUJthVCKX6pWQldcal/ea2YpWQkC2G30rT+POz+Ull5Fl6241tAqai+58LhN11oyTw9Pnz6enYpXQ/Xff7e8fdmW69nvNmaag/vDjUuerjaKxF6X79fHNSSffeHD40e1oI+1ItvloIfSD8IR45WHMGeSVV0RjGnNMOosE/HcXKadV3pxUA9L5S5wdu2t5wQHiY/Vh/lMcsDTJoDVAnYzYRUryvpfESvGNgIhUK6nO5KV18g88tAw9O0yu3JLqsethrbcGqXQrHmonWaJSvvycwpKkTmW5OIGjNvM1UeQuRmGqfq/ujo7IwS4lhdHotLJ77gbd9ICIIuSw0iNcVJvU+FwJOyxn44h1u9g5VgxQEWZTlY4SRm7PRb1gMgJZKFz3MbbNppcb9ok32IoaKO5mcUgBjk1iDiGvjqxC2+kNE9P6wYdTMHn/2D6c4hq3FV/6TfwyOzFH/afUl2zstsMddY2lRS4VEXq0jhzNyhBoNpKatK1e7FTTnTEG7jgcUTULOLABetU3NJyVmhT3qfp5BGjJvXe4En2V6ihpdeS4e5ce3z33nXKS+Zvl6X/o8YKCvtrRxDc1ZFZ3SToej+Xs4nh7p+7Ot+7zOzx49S+qF6U6QVz0ugcGPM0wjYL2mLxjBehdIgbTWbNNUrAT35pdchhszGHrBgd4IXtgPXLCA5lXGy32XnxONZMjuBRK67jbEhR6dqSGuE5R60W4GZpatOx9rrkqQsz9drzQw1FgG2ENr+Brlcn1baR5Lf1aY6A52E7jBxYXrD0OLnie8/DY5vBB9EqxxON8sJ03RNMwFYBBJASBeIo0Fri9WNw9A4DJPl183TWclmEEUL21T1RN4KsqPoSGtwmjize1/6e6rMnr2CPxH4LPKp1fP9yWtj5wpquKVD4YEsawFg3snVdurC5NSrxcL1n54pBCWEbwrX+Wv9yKjLlTs+pXGYiZBuquhqVRoIZ1ba2itmbFsvv7uXocG8fHYLhiCutSwiVsOFyJUkhTmCHktro4Cde3RZzYjdRk26GOQlroTgK86Gqyi6U5qIDUuSqhri9PT19KdOjh47jZyJxLTGi/P57HXfFmiybjS9VRbBexZTcZ0ug4FKv8UKJMCnafxLUFD8236e7p210i5o1eFCkey0oe7/clEUP8Lrb6lEusarPbbDen85QXrQxeLLynmbO+U9m7RrH1yEoOhYFIk+/+Ep2ZSyRs2EzDZgTM95K04vl8PB0eD9un5/P93Wa/hUlrLE+1ijFvpk2J/IzaWEIjKWfNhNEoGovD06SeGTqj6TYUEoHZo7AXLE8TNBoAABAASURBVGVFZlVF679cLZu5DMrqT9spz3fLubgB5vlwmA3wn5EdJCAPAw60qifMZZ1gALRJd2tpmRYpSt/FxyX1Bal6snyZXjhS15m+zow5+o3LKg7HqYxx2pb43TRw9gpA5xWrN74WMLExfWP5NgnZ4fwqOCfX24GRrm/eVMyevUaSDf7XMQKx1wKfSd60y/C/7FrLs5OkOSe2L5fj071sHnizG0r003oynWRkK7eqPjUmrzhzoWbyGY0kJXynTRysJgAWclVRqxUh8W1G0ol+NUD6iyC2ATpoGq3lC0Bvtxi62zceoYtuApdLEXtZ991UJmKzsVJ1zvMxjNwYOmYXmxDB80weuDTS0FBZhmwaNFCcRqyW215tgzSebyZGmbvzWZbn87nMcLnzqJjGJVS7vxtHZf6e9GBzKryEw3NADTUEs9uSmBhBRQ6FeH5FwwkK4vd7k/kWPd88X2592B9y6+Yv3S71uW7UNn6fI4LIeXalDNkT+v1m3Hy84yMrbCQty5PGostczUtZpkETAEvA2/z55qalqmRiEtM6Zcp5I1O09ENHjFDT2G4hr8wRrFWOHd1baOwqbrUNKwOq7oLVNFUN7gJT2G9kA3OcKTbC1gYWqk4PCF4s0hBhs0FiBmmu3C/Svzvs29gSrtzBUC3S83E5nubjr8+PX54O8x+WP04/PoxbxTsxUBn9B67q5NBe7ueLIt1cJwNT76wrCfWYK+xgxeTmfdvFlgY6Kgyham+oNikvNlt2rG0v7/U1gzp0sYpPfle86goYNg+zJdJqPoEN9fnwXERTmd0PA03KBZH/vuH7Ybctsnzz+Ph8UKSR03a7r8pBaJdVmPbL70AREmgEhn9gcHIJNK7td070bPiwGy04ZYjCWlXrDY/Z0LuTwrhNiodhjfbOctS3G711jRVbjpYWO1raSTbEH/ws91tKcIE8W9013HK+u1QUUGIxPWLR7GkDLAbco3EVg9Bhc++UPWAbwNYR7hi2KPUyFIGStN5TBzJrE5XZAgQgZ2TAL7NBe2hqzGzloZO5XlJlnJ6OHJYLEiTrzrncXWTzNaI/5qR9bKwnPYrlAnXX1C3A50JuVbwUZCqIe5VURC66QOUmk5b5agOjyfCsFrSkOx1NAdQpRsaJpvNi8Ch3shfIQF8mqcWJwPfCKkINA6RwNtAmnezJWsBAkmlcZ8H60bJ433eJZrR+31Qbhff0xle84eIM6Ftc22hq0hV4gid8knZ6cribUEksxQp6ljTu1bH0YJO4I55bq53bPx7HwYQljWlZ8CYPeRmGeH3xWIgkx+qXpTkw695XDCpLKpGAISYBgp0bcaY1cqt7rDtUGwcMQJhzPu4y2nVgu1GewCdBZeIorSTR5nVxhdR1HhBSBaKGA9RDUynVKaK68xhZcW3Z3Oe5OFS2r4j5Um1Hz/DiIg2FYCNbXMJy+WAt5i6Y6ZqUJ0JduKuvdpJIzQxwtTRRy44AWS+xnqmOObTqfm82Deqmc69puXk9lEo8bepujZQqYcUi999xu0R86egaLs2xKPoxV3HTDXP1UGqaCF98w6/oNXIdW6UbSpq9bV5dKvUOVRremM43jzcVQgrFRK7eWTqD4837r3doe/G1DcP8+u1eesq7v5BrnvctD3zhaZeGLjd4nhXdxQnAe1dzxq0JcgOkZ85GzKl6G2Mmo74+9MAw8NavVq3IeqtIN/Ez5Cql5Go+os7nTVIJ04i7Dy4JjK9+WX0bTLjjyVzhG99xyNWN36bwG5wi7tb7kxtk7erKkHCrS64GUfVjJ3F+6zX68IC0u3T7rSIbBI8xG9ckI2qjJbg1jwwdqkQU7vY//OVffvyvf/7xL39++Om7tB0LWzmeir/oUTsyD4O2R5m2xSGUTL2xjJON9Rb0A2B+tOI8JJH9CCeYd69rJn83Xa+8dLskzq6GD6aua7rk35rfGOVeFjwVU1OpylVT8gMHBdr+DK2zOG3Oj58//+1//evT51/Z9I39h4ft/m5/f//w4cO40a7JnZegGmn4x994tq49NesFcUj44nBPONaoN9niHf1tc35hMt4g3b+Hb3WE7Z4ROF0psscz8tGLdnE+o7bt6cuX4+H5bKknxeX44fvvv/vhpzJbbERCbgu2V7M5W432awtU/tFJJ1X7sN/5KpUhwEXD25ADz9s7c7i96pC92AsiUZwE0wW39iASVRPRcW+DS6DjZN/zESzDx9bVPuIj/6o6kySa1/yGwu0feLgGGaOXcLQgv6RmXw5RBczvqD5/+xwP7gwgYfM3rIQ13Wz6Vd0tPve/zYSvRhseKJK1twfpHL23qHu6m+3BfweGNz33j3hF7MnK6YOpWL37C5d6JXZ7hKtB8SsA9c3hQQ51whcStY6CA/gXpr7dPaoeunfwyzsDCqPP3h7CzEXxGmFxhZOByubdEUyOMHsFQsx6sxcqVyMXQnBr1KnyVD0fTGf4UtviMUzq9WYGlgqjTA1IWuaVIGS12E5IdA3Gx70pwtwMQkdjruECK23JDmN1EeGWqkpaoK7aeGA+i79aDrwmFFGGTcdv61VyKzFSorKKVgyWrwlSGsFg8k2MJkCnVsUaWg+t3KxypX6JvMPQ+ac+eJXcFSzFFCX1CGof7nNK/1STdEGingvrThC8PRpohMTvK5GNIKHYjV17nWoJc6/SvXg0he/izPqnvJp3cvE+/VXX3yfvGvIibw952ikedvLiyM+U6Kb58tJwvEK1Y0Zd5jHMX64FR9k9/BH8Tx0XF2tpjdlO8MCwAJ49sf928Wi62OZV1L0ggqstka3my6GMJcDr64X6W7gaYVY3hyFYNvfPDBsnoiDs7SQgtfuAEV55Mc3QUw/d0u9LcMLCkbDnViOwOIg1fMxyscamYEsOnR6xwrmEd8hzEVxLFKkl/hElpBsUKB11a4LO4C3rJHmIGuI8EqjdSdArDMx8oS2Jgyh4Jzi1JrOWyC2yVPmVuBaDUqc72GhydWfEDVuNkt54oXy0kI+1mzEId+/hyJX/ezFCy10wrTJ7sCn58oMPdPpnxRjwATAmFHDXoJQito/z6denpw/b3X4c8jTNmqN/OG5352JPWw3xvAwVO81VI0PBHzXcvN1tNvl8VAsWPiH/XwNOYK42W+j+ydqe6o0XLVgMWuSKxWDdCceygIulWSgAfJqWVELLsxIXOmgE8qY7E+DnxrshhJqdcpKC2M9nLcKetiWWOgLCU+3u8/n49Pjl3wYt19jv0jjlhMCz5kNo7cpUYiWjKhZmTxa3ghrJQ+LIeOtpRTqwFicMyxCCzpjD9V/1/0asr/Kuli9ljnItct1tdvNdidqci3F7PGliUGENszlXEroF1vZKXPmmPXGoelnjDijDDTv/QifntaIbqqC/phZpc6cQr0MaMUHsLaRsNpbTSaCK7oyykxsEV9v5ck6qDlddhPE5vFOLZRgsrUS4KrWc6frmQmsdfr0WdoMU2WnUTFWycuylGlY6kkISG30BbYeQl3M+HY6nx3l4mLZ307RNw9aq3dFfEkE0XSWbS4cuMOwTqVnJOrPgpyEdooAtV3HVrwIFf6iCLHxK44C30AabCM0xgtSZu3f31kIWKIVeaizF56hyWgSXPL8pwQUjJZjMPJU5mYw1zyftG1aN/KgNDvVDSOriuAGia6aPDtiVMa12BwflGaOwjieaJIGcOVoeZw0YF85QhrHjYZr0LikulCiDRsE5irjFLQLI9mQA7OgGrHAD7q4gjl1Er6s671WEfqOj6h/1k2vV4WJIlbQqwQ8ey42ETSPIBR0iVAJZFxfNsuQf6EPZWNoN5MuXp/PhjAkx3UtzGIaW/GE0m93XxG5pUmNful/KEg4lnM4007xY8F2MLURNRi99MzQ7S6hsXSHdemapOxZbCCNY7dWXnCeOh0TNVCbXnAX6CNCSDMHE7jAobIamvaLXavlvNs3CGu4AsEWGTLV2JYeel8OFSgTXnNSH4Q3V7Trr5pQjK3JPPsrT/zz+9fHLf/vpD3/88J1mnMxITVOJm/3GNgOd1gj2ys6fBbsu1eZnV1Qh4VDQmD00B/sugbkZPgbb4uawoI1HyWDAcYtBsKi7vcjCeTzzXGLdZ2vEWbbM2XIk1AH763KaT7v7h/3d3W67nTbFqTxkmXbTWPjh45AOz9qNRYlQXbGAR5IwBBL6/bpkgGLtPZjhUFGUEG0boq1v9P0X666pqaGng2JrlADAOBncHVI6kJWfgseb4lSGOw1QpotyUAS8utKOo4YOip6gx0BbPp1OxcxE3gn8CstpcfdpQimLJ6FaAszQy/oAdcN5quxAjRyQDxdBowxC8jcr36rGUN6rsMJ5GJ/L42c+WS6L6ekZCjiEjapRit1+0jzOacSwVsknxF7RE0WtsBmz48HBlWIbzzJWkUaukDEb65Gi7X6s4VB50oJ7kREk0hm9QZJ3StJftYOOWIcbffn5nDwiU3SnqdBBVkCZUWdVgU/OmnhgGPPJztN7tLY7XjelzJ8tXbHQYFn0BAUNItKYlWgTSR2DOPq65SHNRZqwGWnJuiBZ5+VI0/dbZ6ILECATARnWpXjlxFobqYylptgm6qL/QChGpiOmmKxttIkmRqYReWQIOB8QlCjLErT4Ts5AL5CbGWkibIARgyfoOD3bmg/cbDyNhSh0v6tCCZ3Pcg4kqtCCVINE3233KlLTLprfgT2ZxvPUXGdjqrkLFAgl9vdARK0ZgKE6xcCseV0YUNZBKnd+S1jgTIGjj4n1ZYMiATdjBqtoFito38ep2ShVWjqtWqE1Mk4WzzsxEWK7VPtyWk6bQTmjp3auZp0bbtbPt9NMaMVgueZQisfufHGq/iPXHWhyXcLK1G/0FuFaSOBkFup17XojnS7AVShzRF76cZLbrVw/Wo1IuvtEFjpZlGF9E6BNtqlo2VtV0r188OWeaqoNtzsE2d84n3LnY8bpaCB6JfY57rT6ollh1NRMeuGo7TxfP1Jqk7pSuTq7qXuFV27ZrSD1ujrWzpuzvDa/7aHO8FefXpzmKhGllb3Xn9A+kNtPeXEsFzPXmV7tGm6KbaVJ11K5Y3H9CEUAnt/uIRzZzRSsXCoLCbspr2BH2wsgSpdbFWiYYpAmHqGQjiBvrp7ITUv2jYUybYxyNyP9Tm6nRXuUiKAh1uIWzcsUyrWjk50vUKikf/237Ii2V269Sj1z9e6tEJI6tau7JBbqAuYBrFDifJEXpw/qIGFROGjL5TVUH2wTzBtVswF1WqYOLK4eTgr1tt1vv/vh+5//21/++N//y4cfv0+7rYzDWZbDr5+LvmJCRUFwFRlvf6d64narOz6NQOmoaaYVDy9XVC//Z0buskKyBU5GPbktyC3D08XlKsS+Uk7WrCIu16RTqckuAOIjL3kh9kb0bkwNXgdOp+Ph8PR8PDwfnp4Oj4/FJzifzsV1tt3d33/6dPdwD2CXonAmhxuRGJGXP2FHIcfFMpdzTQ7w11V0mBEPAVjQAAAQAElEQVSTBpgTaci7Tp6+HyugyPpwJNs3A0DflKAH8uNuQ2IFi+nqio8tLqD1itlx0Ez6p2P58fhY1FrW1JwP9x8/ffr+ewCcVI5kGrjI+2Mobx3/+KQTHCJN55Bel4CF4JIKqb45GlJ3Rr4XMQbcX+KrCQm2oRcOqXkK3G0hF7F2P9B/p+fQfCFrv4Ee/iOPa0kvt5JwcXS+Mz0q1LXI+9+aXyfN6l7o9T0w85fH9Y864MDntuvNr+EwJ6CXlWZj/1lB50q7lgv1jcgdQ92fr41ivb3ZnVJUeRyH07xb3O6GjvZJYc0KsVxowM1Cq+5OQUBUJa+vu1QnkT/IHWjsfSVC9yBr0oxyKqRpgmYYY5GVTt6eHoNlDmef9qiLObfroYPVbhxeT47tKRLwLpK9PsjfSoj6+ki3kPFkMedF9vPdi3FLR2DnsvziuhA1qkAyaJFrvQYfwjs3OyR6F7kfgeBlJkus8/9Tmy7nkRdWDV1YBibZKapT3EMX1pvLG+ePbhV09svqCNwEOy0c+8wX3I/7oYjI6k962674/89R5wV8Y17mw/FYNEDmRP/MR5RQQVpfyFMczsGcQWUP73fmGXbu10jbMLK+/Qj9+1US7uKHK3ux+wVjdy+gMbKK3s6tKOmmmfbiwMBbYTsah0QHtOrMF6HWcyKRRIlFK80n14171auuAVlo/M3pxtNWgloa9gCGitvqZ9qx3jRd8Dnk2FHNtZCAXQmLm65CuTdXhJ3CzKvrbC2sdWmDlOpV5RS9C5gu2DjkWTRZE9+YuZqPvAZurT5r6dI1LRcja+WtMvah7m0UZIurriRyM/OdPOdPcVdY28CY7Im706XgDh4ufc8RWrtR3PzJKF+wlHySs0Y65CIxsFFuqktAa/0k2mq4BoJ+44v1NC2B2/KPlR1K59to5mNvThs4QSvaFE9mAQp7XeKrLW93Q36HwvtnOS5LiSZ+Phynu7thM5bQQgmZPx0O+xIgSMMSaDlJC0l1SMWVmy24WNZlGsf9bn+2pAy1DwPymn1MFMFyxwCrky9aMm9V0pZqQ81kraPMZenKZIyz1sAW21SB2pdxVhx6AzVxtU0AcJJcScsZei8TugF4Ssqg1bBnjXNYQfC4VR/Bog2YToej/O3Xuw8Pu4e7cbsZShQKOBbqCkjmX9haze5Zwe43p3LhxrDoPQGoM2d47cxq9KOpBtkTUNbWZpDcqx6fen+nKcVu5ft9ebZWVxxnWZ6tV4GuqOZaWe2AIdkssRRwSTGhtLdjV9Wurm6O2PndIvZDet1UZr4WTCOnBenTAm2RNR50LrEoKyxSc9Iq2DoW+gIPhwrW/eHMEJ9nhPiU5Xh9Z8jMF+7W/V6N2/ZBvdDeCV1vnOFoPNArdYmBszPOeu7ICmS/UNlEJw1jLk/z9DBN3407W73BbZ9kzRfYmtFQM88JjnSuA1gNu5biyVo/9HF3nmUOXOgyzeVTrcvnGhzKgPJBylaYLeAnqfrG6u2F1haaOwtc4gEkrLxGYYi7Ea6PRNaPCpNVc2Orz9qSompFIIXGovXOmrcGS0NHAp5QEb9wOYeJxBa2KnfKh6wduEfhLadD8QWmacw8OuODNeYAUBaqM2CkXn0nYi8L0V+954Hn512STRUTN32C/5iDV5uz+xlHnbBedHTS3C9najIF36bgBdmtMN252jtp/2CQEcxP/Hg6MqA/lLa0Jbk3OHVdjGPTeY7FOjlMlZZkQFmDFU8odhV7VUW1DYWuHSzO3LF4TatxdkSRYffCjPEK8LmLeVTH9gX35Wolxr6Ccwy5HPNAhcSyZW8BdUsvCIQiaZ5y4rVDoXIiV6os3doypAbj20yPWU7L4flv/+v5fPz8+Pjz/cPH7X7jadnhtzAtJnoUkKtOPT34G1S3hZNEx5pDsxDfVANYuw3Qal0yArn6H4tXcliKh9aGijeh1FQHFZjDbAAChekdcXNt9KY6wS9ffn0+lv/d3z8ouLRmqGpiwWbY03aYznfzL798OZ615QpStjmcGxTFMPW18P/F+EJwvWxMTNmcE7kGsItgyef5sNnsZLffTLu6y738hKp+S4haEQgoGJ+Ch2mOyWm33U2awjZut5okYekTmnYxK/jHOSQBEHndJQpiGyIVSwwSz32q2k5KfRoAEYeSPLBX4QJ/yfo0mUVj9ZOK68bDbEB4pzKOYu6KgYMAikGQPo9MFI6IfgZ78+gHspOdx3O/uWqtICyGMHYCsTygew2+ZNhuNnmxrjmn04L+NUu2/lhwcTRYqpQqxm75pwy2aOCaqTKn43LajtNOymRuJrZc3vNmczoeEfBH5dJ81j5BA1EFt0jDRF2XaQv5Jx+nteoKsjbwPnuD2AFFvdAwRtLIkuLE64h18hav63JbY4H0EWQbuNhFoUGosMKdLGg7uNOh8PIU9FtrYaNEDFfnuu3s78xuBDDYr+FE4ukpYOcww55UEYo9cEf0u0zciTKYp9zxmazKlQT8mOkEQMfxWA5OEkBIWnI03ZJrUkWDdfaxMYh0dQ/MlV8m6VyFoe7oWaZgLNSq9oZQhhfvGBYMjVLlVZW/BueDTqvaAi7hmAGI+rLmk68giTsHHeG4/F9Dg77JQPRC7mf1BBRUc4DMcu2B4HoroVUTzgzTv8bUkUoTTct9N7ls62O+qwhYSCQE182SkQCDuxBpvljdtSuBwrQuOW4p19V6lAqPdyUrL3V27lJJeF1M6sPGaDoz8/o29W70FR9/zcnrbIzbT3/5Qatr3zEE5vePWV77jPtb3nwOXVlRf7eqeVND6sUrXWiIV5YcXb2WdL9IZyhw99v12Yixs3RlQxw2EK8mR5RFuO/o0m3l6k+u+wIDNknR20fY0OQp7hfUTK4Ye0inasnV6vAtVRWQ+uXt+fyaQ9rGbG/UqamxuVc2bzf+EOieSZEjOHVFKjdJx8ofsrQzbvgFLy8JxfvSXdk9yUfOFFLJubhUyRwrJVL5/XpSiKrl0rjNjQ1Vy6swcYnbptHfU5icrjWDoaaq9ETQyrJIxqKa3n3/8PFffvrDX/7885/+dP/pAxXlIfFxPh++PBdNV/OYN1s2eHWOvBPtGzhNxStLlwEI+CUc+jTgPfDL7B5OquuYepZwk3fUSZZrvrAW2U4VSNNsj83kkF6ZmqenIWrY+ity2XwsGln57/D45cvx6en5y5fFgPS2d/ff/Xy/3e+0X9B2V3x27BBrArAW6H6h6yJMBwwxT9T2lXE0vsHR7Qzfjjqqls7/wEDJXSdNXtD/DYqV1a/c7a9vOC5mvu5YW0k3NooL8fnx6fHzr5puMs+Fu23udvefvvv0ww/7u/vBitYyoFQJfrlgOy8Mux/8e47/mKSTtbxY/QJ3nP2lrcmjwc0StO7s1R3tkabUFNmLg4PzpaFxKb+/62QRWggdqN6qshA2Oyni/W73YMTRYoPoJR3iP/S40jtuC3JXw/XPbtuvVAdZO7X4Vl3O2v3bOPXqcVzdn+sT/m415RuOm2+x9nWoVn1Br+tzL1VynCpdlokTnty4sFcsLkYSficOb82L9NVCI9Kua+xwTQMrpx6u4i5zk8zFhihSGAlRl0Uh661/QRXL5Caug+p6NFRNqNisfPVql8REHoUSxyRZIUbA3xLTIU2oWwGvpMipMIeM9eRMPqvIjpQwOVBiXAG12TNsiFfGz3qZbm8ZqAQ9KEKd3STRKSB2UsyCgzvXJvHkyxt5zflyf4WiUkve7au0GsnVziR3yJmQtt+swspX0NeP0ZKYGkMj1+SdIOvbX1PdbTTI/33UQzxmTDXipbVjw3AoutHh6ePDhzQO9M98SFTc9DgZ8srpVHWyG+BndINFv/ps+taDGZUfL0oi39cZvqcwfLixpjYMduui2pQSNhlFPdzXHtKGgT4EVAUpXTZultCmOPoUIt+uAnNVjdn4OPPtQAj6frUbyg3Q2tXQKG4iYXAShrG4qz3uo9xuCOGDcYTI8duwG5ouGdwLGcP2yi6XcvE++BH1Xj4DWCgr0KULlcS9e8YQUVeuvTsVLbxSUthIN7QdW14xHIxiyQwWhExDUx/i3S9nK6xUfO2YW2wIJ+j7knM95U2tiCPXPqx6f7R/mLRgtfyuPzz7vsVGGJAnFfGC6qCsooDC/JXqMtC1KNNVvjxr91QDuh8VnmAIoSYsvFaK9Ck5az26oHOJA+AHALvlt1LkRKxMdm5vY/RUfMAn61Lx6/HpfrfdFk1lGubz8vj8dLfbbS0//2Rm55gch9y651hGFfFmGE/WcWY2p36Za8ShO12DpAG1eGQJRrjhrM95mrI2zFgpuuAJhXo241AiP/vN5vk4bZZlMyj0ySmzxpk13gLBbEW/cChYI0KjfGRFLZi54mw2HPpiIM7jtGhWiaLIT0s0znn85fP+w8NUgmIaDRnKtAKSELCp42R2k8adZtjYYfvwivpDQ7zgmWw36g2BK5KjF0jR/3XFnhGH0EhGMWV3d7vT4b74BbRnjfaTYiuQTXGBOfeS+9Yto0x6LehyK3QR4gudtmcU+JlujbgpPZ0iB2Xb8541DToD9qjMxcm2wUYDDGmdFU6v6ebrweN1CRCAeTFi8AZcbxlAV4ZU9Tpy8+F0GmsHLmAddsTRQsSiRotmXCWA8BTqmQp9H8rOOZ/mLNu0Ve7M6h2wdjDZvKlMVhKePdy4UBfcYu73rUj/W7OKYtyuGUnHclARtcAUHbTJD0aOjMaUPJG9TfwQLqRGokgn4NSeGII25l9/DrpVbSCad8KGCrSkcPpVYmOAV7A3Hs+dMmxFCArnO0dmpwH6DAp33Fku4vqMV6Cz9U8ru7FEidM574WfxuOex23aeCZgIMUYN5QZc1IuGwdkpcS7p/BEEjWj3ZhIYrlFRXWD3DZ4v+nwwbwln6qJSETywj7JKzzn3rfvR1hZ3gbHn8xROpYNicGEx7ZM1oa974Jx1s+nE1nvFfW3iYw0jkpO2v9OgsmLVa+zr3kdlH41kKJiKjmyKjDLbGPInmRAJNVd1L0e+F+63rEcLlehFdPgLot09crk1jGHqnex7JDNdW/F+dmpVhF2RvWeiX2gHVKqHifkDMH3X9jpvZrZXouBHocyfXvybNI8j/rHv56eTn89//XXX/7Hn/74/fZ+QzShrDcrwoczU88BVqwgCkKV2DDVDm2yw9868sDWJBf6BnAYNK8UekphBwO7TSzG8kxVzlhPxRKx3MGirp3Ni3wowrywvUVD2wBaKO7Y4pd9err78OH+4f7DpsjT4rlOYxGohdJ++fLl+WSdycx/IJYpyq2M4CL9Wv0LYaAL8kjqVCfLRWBLXjgsSEu1pFbNnaUqr11lz648MANUB++oYHtnay1T3mC72Wo1pwGJWDXmNCzF1hxVVbNcCSX02SA+BlmQbO1tfH2lkfsB97shbczZE1AtdxldYuyljDUpaVh/UM1qtLh3LjtlGLmM4zQV5WU+6eCKqOAFmT9Y58KBdZEoi/8zCQAAA3BJREFUz9aTyWD5ZoJr31YIGS6deCFqXvtq89CKQEMgmiIxDtthKprepgyhvLKpHMAVDzND9K0qhLLULEZPrdCxncu8LrvzuZBAGjeGIqdoepqjebYDhGORBtO+ygPTRLV1j0HVaOKDDYnYEX4MdCk79pjl6EABSshmRpKAwfUBp0YMogjKWLJpXhbHvXBYH28HE69ilEJrJiqRscar7Q20KHcNOZP283Pddf6JTW9KqanlUQ7meMr+tAEZlkRokOR5/LJQx1sGAp5uSn1ePWyxVMSde1ApD4a6N+R6kmF+LLnrV15twLiJZ5TYrC2OLwKbWxq0STDjhUKXZO+zmsKh37grR4yKOmUS3CkHLmAIJp/H3EAIjFyFsWCwLUAfOlFFojgnd9AfCqcvBwyFpn0NyTOkiBytytgb1tHStTO0IQzbE0oyZmtB3p17LozPAX4oZ+d7bvk4OIow0YWsDiLABDtaifUcEI6OIL1teUPNuBLrvfrnumvLJ2sniCA6c3F0RltnqV9/C0qw/p38FXkYdUj+yzvPpJfO50vzpX3CzbvAr96k54bru13NNvN7Xva1MbdVeIfGCNHNV45o7vKe3z/1zLef2TSB9Sf+Kb02TrmapWqPVJJbqWGoe4XiHVXFbQDrnixuhunPlhzfkzZ7iIdrDa0jxPu4fF8RV6P8tSNYbTNh8Qv4oACTyfDm6B20+86DO1Ve6vN7GR1z2D5KgdhRwzq0UnIvCAYXZbpCV4ob1yO5y+7y4n7uYiS5v7Cao4m709y6ci3NFYC4FbTkdIPm2iJw1ftC+VwT44p96jnV+O0qtOsQqwZMnf2azM02bKb9xw8ffvj+v/3f/+enP/x893C/2e+ej4dff/0bG0BbsmqKIjD29/faTGdwgrSM5FTdnd1c6btbtgUUClMUTWBD76RObtqFXUJi3SNdvLFfiP7Da+ZQJx9Kj4XKPPeDVktpgHqGItxAELI8fikv/bdf//rX0/GwWBVZGf3+4cPDd989fPq03e303dtTKNpNktklkVvjnQ1jAF4VZGcB2sRyTQBtUp+OPM6qJ/i2s4te373yehHU6yzslYObF6V/CtR7HV+ZoNP5fDzJnD//7W9ffvn1+fPn5Xwad9sP3//w3c8/7+7vCoWoXyrXnHipt2IUrfWb64XBv4fb/H8AAAD//wu8ahcAAAAGSURBVAMAgy4TxfG8bvwAAAAASUVORK5CYII="} | headers=HTTPHeaderDict({'Content-Length': '1601084', 'Content-Type': 'application/json; charset=utf-8', 'cache-control': 'no-cache'})
DEBUG    selenium.webdriver.remote.remote_connection:remote_connection.py:468 Finished Request
DEBUG    selenium.webdriver.remote.remote_connection:remote_connection.py:406 GET http://localhost:58731/session/eaeb57ab0a4d1deb93b3eddb8c40d746/screenshot {}
DEBUG    urllib3.connectionpool:connectionpool.py:544 http://localhost:58731 "GET /session/eaeb57ab0a4d1deb93b3eddb8c40d746/screenshot HTTP/1.1" 200 0
DEBUG    selenium.webdriver.remote.remote_connection:remote_connection.py:439 Remote response: status=200 | data={"value":"iVBORw0KGgoAAAANSUhEUgAAC3wAAAYgCAIAAAAfwTkbAAABLGlDQ1BfAAB4nJWQPUsDQRCGH0NA1DSiooXFlWnUJGI+UAsTNWiZKES7y+UIYhKPy4n2af0R1naCjQipbawEKxEbe0Gwje/dFReQFJlhdp59d9jdGYgtIYunoN3x3Eq5aNROTo3JTybkgZlW12G0qer3Lax9XWF8m2rYXUv5W+G5elxXNsTzzZCvfa6HfOPzled44luf3aNKSfwgTjaHuD7EluP69e/irXbr0or+TcLuHFeVa4plylzIm7SwWaPKOWeYohR7FMizrrwj31CkyUgpkNUuRYkiOa059qXkdZZmN2BV+PMMn+x9wHZ/MBg8RdphH+6zMP0YaclNmE3A80ukRTN2TNcMpLgiZhfhZ0Gt3MHcF8z0pC76xyN6Nf71anBAB4tVUUbdpMn+AQyUTdocuQPoAAAQAElEQVR4nOz9WbMlSZoYhvnnEXHibPfmWllZVd3V0zPT3TMYDAEMMAQpLKQILUbSZKYH6Un/gJLpRXrhb5EZaZLpUS96pEEmyYwAAQOJWTDsmd6rq6urcqnc7naWWNz5be7hESfOvedm3syqmmmvWyfPifDw8OXzb/fvy//N/+V/07RNNilu3b1z597d6XxqLBhrvWkBwHuPnwaLN/yP8WAcf+Jvjx/4f+s256uTk5MXL1/evnXr/v17NsuwEXkcH7HW4qdzTn7KJ9510qD3zvi2dT/6qx/duXvnd77/u3meyUvx3XgdX6R9OLjIK/gLxO/G29iBi9XqX/6Lf/Wzn33yn/7n/6tvf/vjLMvwIvYzfsaXehm5L1pjHeBYHc7L0y+/fPni5I/+/j+cLG83tvzRLz79r/+f/6//77/56Zkp22zqilkDk3x61PgCbG5tjjOBjeQ5ToqloVsqYPkd8S04D1w8TZShy3w3w8eyDCtbm3mddC38zfKI8AZ2m1eFigOuSPNsh1MHpneFmuEFGp3H5MduHReev/Hidy/BTid3ocL74YPejTQ1rNO6/gWrQ6N3eLDaUDobNNOeIdfQenGHPb2s2VTbjW+qqTfv+fyjrPw73/r4W3fvLefTqt5uqqppmiLPZ7M5ZKZt25OzsxcvX6y3Vet9nhfFpJyUJY503TR102LbuKz4srp2F9vm6cX58836lWlPfF1hr8O8mMx6BgYCDZtZAjnLkIOAUxjeirjmAbRwr/luWnxvlXWD4H+8f7FHRTkpJhNugaGz9dW22qzXBDRAOwW8DdAoawK0h3JbTMvZ0dH81tH8eFnM5p73orEZVTKZubRIh2N7V9S8tHguuzV9uKLXdZlH9suNFZ/+wzuUJwWGlbz0m+uAb9x2tT57+fL85cnm7KKta+ygJ8CQWi398LyyLSLypqoqqkDg6hQdSJNgZCIcITRLgDZb4Mp6Wi9CI4P9Fet67iU/6xnaZc6017I8SiJ4mn3rFVXYjHBWnk1ms8m0zKfFZD7N8UuZG8gzhE6DKDHDJ85evfzyk1+fPH45Wyx/8Md/96Pvfy+fTV89efwX//Jfvvjs8Xf+7t/+g//oH5licnx8y9fOZ7ghvGBUfm+v29QfBnJ8dY6tZwxvgsyvABV/CCa7BN7SOTFv0M61ijf+8g1yeEGEcXUlhgVgCkYUnKdaiiABvCJkCb80DI11XSkXwRUmXHDVXGsIU3hYnV588uO/+sm//RNkQpZ3795+773je3dmy8V0Pp9MCYUZZiEYUXWvDkhHwS/F/Ak6CusuoGktbpCL8/P1aoXXZ/M5wr9AiBlbkdEFHVm45HWhZAMia5j/2W42+IffEa8ibBKqTjZdx2ulRSp4D0m9jjziVvOmgMm/+5N/+/mvfnl09+63fue7yCyUJQ4s/+UP//Lnf/rn1ZevjqF4mE/uT8tlXh6V5XExmWXZFGeuqZrVGppmOZndu3VvPi1xzaq62qxW6/UF3i+xoRwniRgy3PqWOZYXF2dPTp4/efXy5ebiZbW5cA0SvNqYyrVtBrVvcY+aBoRV6ZgQbyK0SN9zHr/MH65CBh0dYZQja0p/TksrVxCvdAQ6ZfaIECP4IUGypc3KopjiPDNmx/7bMIV2Z5Jdwpem1NAF1Jcuomfq3700aUy7m7TGeBkh3TCOZm40ViOOjWGXUK9Nx8IVdRYyyJnJU54xY2SGw8mZYBHvZuRxPxhXpJ/d5PiWV8VLgzj7hKC5BlID2pW4H3lA1gSEzkyprJp8wfqZlc7w+lELHoRHRghB0i53aYcyi8CkBaQDOHm+FYIij1Bt77AOMhqzcjrB9cpyvIyskbBVCDVtW+PPusbPRmY9IP9kTxAuMbGTceBxPuUG3/PUONVwvK2UHHMXqUvIQWFFpBzz6RS7VBbIXeGEEL0uIJvNysVivlgs8AuNqdli15yrWtwB3HaRF3gXh2MDp41CTCDDwtW7rns7nG6Eqw750FVi2RIY8zz7iECo8EaLDGCKBtO2fcRlZlCgT/ejpJdWkbYgmW5zQ2UfXfa9XiEsIDXZbrdVtcEhz+dzoQIirwk80Ca/kqq2N0ErZZc4hjciKBdIU3BO5vNFOZ0bxdZATJrMrXCzvPkJUHn9uR+0mc5Xm88fPX789Mt11bZgGySJBlpvne94V9w5JOCxzAwiU4M9mk+PZovjGb61nOVFifiuRKJCPHlGMgECGmIPK4ICvUnl8Q7A2kC4B+OLUw8sRr7eWnvlQsMrWFhodEDKIPIP2bmm5Y61StNs5QCFoo0ztcc/eHW6/fz87KcvX36Gqgb8XSzybJFPZmWJRHxK2wCRGeJ+ByYwJCiMedrXflLYSYYSiUFu4gjyI8gW2eRoMjnOJ7hREetlFqsRfgw7sp1mtjAwRWxkqZeEpIKwDk63QoQk6ChLN3SeVeGFTFLX90VUCPB0SEnQHYMQ4rFBjXZkrZxPNj3hU94tST3LpIGWxPeQjKKalsfTuvbLZ1/i3707d+/fu4+stZA6axSDZgyTTApYwwGZ0Djjuk76HUlThrW7JweCvMx4INMGWcr1dot1kGyhHDEq311S3M4LVbhBplQQoE6bEfIgHLZIWTjnrfIhRIcN88wBNzr+n+kKKQNMLdWdbF4i1Ex4DV0LIlVkAlkwb2UXGN6qQsnwo24aRxTAK7mm/uCPjK9AVhSoI6LNhdxt63FznLf+WVV/sd18sV2/dPUWVQ0ZkW1G9VbkOEaXWeCjHU5p2xCvjjdxT9B+yjPpCfawm94+SyxqhMh+9z5pshw2iZQbL6EaIcd9WBCXR4PHjrqmZU2EzjZWx9dvNygzoCRrw9YIxIb4JK970GrPSSFmWd2RM88ijJAMiSoQiSRJkwgl13E1yiOohGlrZgha4RYYLbrwuhFQtMmQ5Qs9JcRcOxdZOOkbyBemTRmRASv/Z8I4KSOQ5UwgENU7IQ30xci6g9ddLhsEVIjxqXrCGZUatOfKHhNgOFDUQ1DFaBXlsW1TbXCKkcFvqw2+AXdxXpCEleygwIgy+TGqP3GMyXU2IOF5eSqCkKX4UW/32DPPvBx+0oS3qKpwxMsRc+dYU2F2ZlgXWqi84ZXkNSXAzTJdAqaFfQSrDXSvlo3Mu9CYRPkZgBY1tEZbY16VKBVDEMIb83AqIYKookDvRq2Rspn8uPwQoDJZwstZw5vXJxwf7fWWLuQmQyGrsPksn1juoOjphHYS70uaHVLueGH4LW6jvMiKCa4ezokntGXDRoloPMoUKiyraq4jwFnQiijj7EmDpACvI2FEnswmz4dH0QNpj3VuPinuLJZ3l8cTktJ5nVDEwM6AI3IQiJ1MkmpM9WWN96mklTDDAKoGN8I4ZbK1Ca8yCgYWBwmgs7z2blO3tJ+R2NMVovekpZfhWtKL0iLyu2RjOkP7EV9fgd/iH+IEFF3BNPgsdZSWX3vmBN+gxNJsNqtv//737rx/b3a8yArSWTnqByJcxCQt6TMZJFikp7nLiBHr7VABLR6mC3sFUp0bq1968K+yTEcoA5vBOIAAOqxmrOISwiKvFri3wZQTdzqRICB6RqT0YlWttsAomVlP2ma2ZQaydROTzWxha2erOkcRjxa2RaYIOXLbtFlLKKam5qg/DuUgC7PFDLW+KIFnZS4bwTMYSJfJOMQQgYQGebx1XV202/OqOmu36zJrSsTZBUInkkZiulSSzAOKsbLBGDcQ1NtgRrG6v5zOnm/lYlZYsaGIzUVkVtINolYjIyUlS1GZSK0mLI0LUyc8H68cBGsLDygAquAphGgiLnW9XV+sLi4QNLD9cjqdTKfzxXw2n5G0zTzwQESFgWEFwnvDdfnZLZwsk7UTVl6RaLwlSopv32w29RYJLqndWuIZcHkbwcm0DxA6i2yCOhGUsieokp+hrUGmhUbPdBJkgnUaWdHqVXLBz0gDlO1xCRM3FBPCvVQI7cmQwzJk+RJBGFJFfXJ3IOO7yCDJg7hsrQm6I2ZFmgYr1XWDWriK/rYEP2wmia8QyVpIjDzI+nIh5axutjZqFI2a8oReeAhd0iVzgqoCE2hYl8EciMCA4+til6FX81rgQlg2gJLirZxNUXk+KUhZTloywiH6uqynOeQGQd4SVZpk2JKucq9aVu7hXeLecXSt8j/KFNUNf8osUX/yyQTfTqQJ34yMQp7LVgTW1+G0IJjJ6KotshZoFdoITiTYE3IbZFiv1BcsQzWjWF3fLGMC5JJ9QcjF8wygQawkZSn2gReFJqfjgWHAdhIG4J7HHRrmoRUqhBMinARuMtyqtBANMqntxfnZ2cnp5uK85hGR/gcli5xeOlsu58sjZF+RkeQZ6IrzXheXZxKU3+ptcGWJhNwLDyCQwI9qHValKQqSYTL4BV7RaBupgCOj68Q61qcFziRCnewK+oaEqq69c8N95Dp9Tyf9BZ3ALrLq7VA3MJuObW4/wlFfWfzYU273dYc04pPvzEmM4pkRM7H34w1es3S8Yihx3Y3pNDymP59yMRIgr/r/ZL0FwF+3V9ctfr+IrfgwIE8xBBllRZxJwMsYheHsv/iP/z3SgzLUEjmaTKza6II2KtV+hn/EvUERGiE32nbr9QYRFxmqi8LHyQodSqmI9pJ/tk64BOrlZrudoqp3NlM5PNZ/3SJkPvmpexLbRw3ms2fPcTc+eP8BGlfE70QwV1JdZkrUiJ5bc0Ia1usV7lfU+J2dny3mS2zqR7/45WqNLBdJSJ4YoMzoethA+KGTpwLHn8xEB4KKYwLLJaKQVk4aMQZSEqsSqqwPdGMYzsmu08kBM+xHtNZ+8PutlpGBHPLqQ7ak3xVZO41YpFzDKkZRP6SVxcwCZFIlUlfVs4wktCnyD5MCwrsytYgTDVMiHVTJLK4AMz2oVnS2dahZIbUKu2uwQEWqWyeqLa+ssO8sZ0bpnAAPKFWDIJrDJYSgx+exFoypF0EwUURtKuMNIJZAG/ayNwY6SAqKSNkqGQ2WedmgoTFXaFkBUqeTq2peVXbx/uDZiJEObPAmiofd/ZQWXj6hmAQMjByQL0Tm2ShmBmV9ZbGDhG9UPaQqX5NwAqDqK5VVSeoSSSwAynhHete9CdxUejepAibSbxWzie8hv6UgjbNGOuN9wsxlTsylq5vTZy9QY4ptHd+7m89LVBEgo/Tq8ZdtVc1uHd15/z2Ww8Lr9M9FWEpX2bPHA7GteS71LxlgMlJzZbkEPOA6IHSDYHZTLQFcbfvwXWVIaXp6xSaqjeBvqpTcKPui2mFtzjOL7M36/LxarQSP4cKJdkAZadtb5VBsh3GSYvrTmyJAYPM2fkExCT/ReCldFeoPSc/NngUdWbgR9GIHRFYah2AoJZxP6gATr+zDUUPua6fgJkfZb3HrGIr8xZMnF2cXd+/dKydTfOXy6PjW7TsoRZ2cX2w2qGtGsQNRcYl/rE6kDYp6S2wEeaGWFBnA3jC5zBYui0iVivnVScIwMqflQ/1TpzUtKwAAEABJREFUy7ITa2vEQgNO7Jou4U5E42Zh6IjTY4dGlo8/B04dkSKPmwe6+kAGVxbg9E3WJk6+Y5O8e8uPvcIbP7LlYPg1aUywtXKTqY5QmLrRTil/0Y3ZREyvGDB8DWpvZ3YY5gFuhkAYjABocFvxzKGKbckyPo0rsTMWE5cxirhy05s4MXJN5hzUrBURdqd5irXUk4yJUaaav9h/iDPfeSwFfrg3YQpq6Y9RjlEV/z5VhymU6pzTW+Vd3EHL6kJqizWr7LDLmzlTPZ1RVbqI6K2oP5hhCjy+uMaFxRh6zIwWSDa+zjRflSUU30/Vv3hxOgEzgpn6P3cvjV/Z25n9VV637KXL3cUgrjLmbNsIMN0UiSXOji96r9yYhB4IHDu2ot4KJV9akyjlGe2z/GMg2k4hacAztwRkgiMvc6QKzrMXGWMx6NQRJipQdO8RN8hmXSA3LxUw+X4WtrYawSDw3T7YP7QEp6RLFrdH+MxrTFKqqujgOZGptAvBui/gTgN3REO8ysHMLqA2dOvaFarUnSEoQGMhiiFZYcSKgGYJPlUiRjQTPH98kIyt7GR+DPcmGvnIwQ0UQzEB9hEa+bViQVL0CAGT9Qaj33toR/GWNaGdSyYIzE5rV1aWiTM76jPTKXj613brpOvq4XLNYESriNzQnLKttuQgOJt6sToEVZB4AQSVgE6WD4QpvNon35KXwgETEKZSSHDDSlXFv8P5v6LsH21CEjqONWJtz1J2tLQwuESeWXeY0hVg2BeVru/4liCGxybEdcLa6LttgrAS3g/65riVFKXIDZroLJhMWm4Fpxut01tnztv2rKlXaOlgl0k1HyuwKs0PFNyzE4DjE1UgKvCOjAc7XJwKE6c6aIDizHcwKdZlciqgczuk62eWnl4fvXLSRXGNY2sH9gTkzIsJCgsj20mHQJuYp408b4GdTjLxnonmHwiyA6lS4qSREwzh2NqoD4SAUue131NRhksDLgi6DaHyLfSKDSABQXMn3EpwoADlpgXBsC80RLAxwTvZ6OEQ9eGAFGsncxY/pQ1dLnWC07sMSsyno0FyixbeLdrf8HrO1qdo1eihBO/7OKEzpw20Cp3qQIevXK4xA6bRKDPLHieeJT4Za+dxkv7PawjqFE2coVGYtAEZy4u8GUceu5OUsNxxXrTncRdk4tzNi2SFAAj10d0bNoXcVf0ab8RA9CF5F0Q2VwmCVeZNhkielcg+ABqC84l6kIg7AU8TeWezWxb52ouZimYeYX2Ss4c4n9fBFjNPTYEXjxDFSgCxcwmfDr35jV0WgY375nwKVMnUgHjY0TMuJ28vV1q7LMsjPrpBlJhdcZFIkLeAAIn3JtEWQQAt4ZS97/qiOCh8TVAhmGgICLp4JnuASsna+zV5nDR01IBeD+pdBYaP4VnxnXEyN6iS9VjBojRbGai82YDfWtPgH+pgLbmdEjsB4tJBWlni2glcm2ySvffxBw8+eri8cwS5Jd95IEYUjbQixRPCVASk+zzL0m0R4JlBwtpgpxbpiD8CuhjuxD5QK3SRYjDZnt53ZtcoIplEcIr/CkQ6dugXpYt4nDTbmhzjxXvJQeZM1uKfLzygrZUcm5zPGpexK7RlpTTg/FSNqRu04beklGROICMFwnQ+nS5mk9mUHEciwhRfE/bjIcdHsLgW29ad1tWLav2y3p5bV5VFPS9cmfkc+bpM3PbSHarESERFOYibKaoHNsnL/BNBxP8Lwm8ZOWeR0Ro/ySeIlO5kQKeLtOUyuRJcAXnigt+d4gnyd9LXp7Mt3QAGlc1qffry5PTVq/XqAuc1Z3eTW3fu3L57Z3m0nE5LmyyZ79hMs4O9wHX4sCOpELlO1Vax4aBtt5sNmsvp7+Tk/PQU/zarFSltyKmLXF3Zb6EsZ5NyPp0tp4ujxeL4aHl8tFguZgu8NFN9TyYHQ1jKZsU/g1HkSsD75NQBS/bcGemXIp6UsYJRc0n/24El3Q4AsPsFEt5D4JrkKEKcBlVeWzTUnZ+fnZycvnx5fnLKE3VGvgWelH7kR8D2SvrCX+WkYkDzVqqwXkJ8k+SkR84zlkWHEwgyaOwPqaBJomvEFalhf47NGvfbBhEHe80ZYQWwGcSgk2k5o0VZTHFd5vPFcrk8Pl4c4UotcQW5e+TSprJe6loTxi4SAQSeRK7EiZOqspPo/Nt6c3F6evbq5OzVK5wQhFucKOwhInDyNZnPUXm4INCdEqkh6iSsAujhVh4LTiyNaL1eX1yszs7r7Ravu0acib0ax9LFC51LJUwb9rVQWNqVk0mBFK4ssRvlbFaK4wvvU97pPF4z3DoD2IDALxoGZKEEno6s0pGOeltdnJzR2F+dvHr+DL9sLnDnkqmF/LFw8u/cXt66g59Ht28jNsuKXDyBxCdYDkGJg464g0uf/I6nVDr/nd09gAqDX84YCfFUIU7A5AccDnWx3tSm+CKWsMHCdChdZcCPrjD8Pf5Mlds98avf8l4CdGV53ed2i79BXwrfkzVHGvbDIctMRgFB/15rWnYJesqMDbrllUHsOaNAykDpzTCKG5ylS8u+UTAVFjYmONOHiupxEjrdfQKduS08H9hCWrVar8kxczkVpaxhauvGzkL5sAaynrgnS/IWmZ6f07kvJGlWDj3v+J0EbNgjUOIFcnzrFppGVher41vHPXfCG5s5QQ06QQ8/eP/hw/cePX7y9OnTKZUZ8EmE1OMrOfPlWNpxoktYTKcP7t/74tGj49v3Fstb2XTx7//R3/kf/uLnr/7sx5vGtESoJsiOoWRHh82IeNsObozSdpwgS6coO2rdUayuC07EIzEWh1rmqyjxrXFRrDHvCOi/NiUChLCGAqISGUUY7CyblKjSdG61QZbaN8/rTXaGAFB/9N77y8WCzt8Rya7pLGxuZyXyGAvyaFuhNrVFagbsjMm8dN7mvPykt3Emz47npc9sszF0YLnxK1PXYFq1tKU6Az45BOSZ0hqCsUxkGj4EKWotr3uBxzDYkglRB1Y1IvNEFhaWrQyfzSpRojC+2tbkLg+dUlu9avmYVtvQuaJsm+ebArFKnk3oCA6EbfWuAGewofaWiNBG4w28y9LNv0o4iE0QSnAhUERsqk3LIUwURdNa8plWlqtJhUWr3Pod9XMCHrI+uDo1LmvBkBE0IUl9VVk4nRBaaDjQ2VSZK88xChAEERWWFcvbgMYZBG8UWw2LbYbOS5Du+NaD+68ePX/1+MWzzx/d+9YXpM+YTd/76FtP3/v85OmTLz/79Ye//TEZGoppKtF0Osm+ECJslkUlpgTpeSfFJw7CXzEIveVy4J4SNCY1yX2ev9HZGk8OH9YWLBgAqife+/AhnYPMs2e//vXpl196Cn6gB7Esh0Ew4r35utNLTsSdyAMoiqOuDLHTycuXKHjLOdF4PuDtlYyDkODrGnazR7ElyKw9Z5eriyrwgpakyI4Xt/OSzq88/uWvfvJnP/ze7/3g6GiJip/84Ueth3w6e/LDn1bn21VD6iNUHN2elpBnpPS1HnWYeHWFtryzE5TPbi+PM5iRbEVGDFejjn5Lc14iqrAsubUOpcDj+dxnbPGwcLpB9V3N4YfklKZpTNymQcTx4IdstpdISnFdIOoolW31EJk2ZnH5VNkVxfEZu9aTi0BDOlA0TWQxLFJkwuIUpv3ZacyHQHfmkqXwyXdIWGyIPlgs7bPrFZ3TatVmGN0KLwNpjg1C5Nx2bvp8gDwYkbzSXuNTFs0PecVORyGSlNGz1LJD+UxUS5jZ+OiMYhKONHiPuaD1NUL6han3rOnlcDbAcRq4A0yX+PS7MYmSTc7G+lTMCh6uqK7I4zYUgPAc4Y+3Z3KMjw0Gfnhuw4ztINjxJLNySkY7Je0Awxq5MJKyzhLLXtV67tP4ckKKAFSDUqQtU9XuYi3RwaZlTopMPsJLffU5u2qhym8LUyCdZqbHmlkJKNAhIsahSEwASUxDrRzLDtRdNYK9RYYkCFAK429Kj75aeiZDZKVfjqIq6vJyRtoRU7zT/oFPsQgKv/PlvCGjKXH2rErKvIYEM9K9wF5DAAMT7DLkuTeflbeOj+mMYrv2FPNDGbsgAfsgYNB/LvhaooX2fLuh2EKyxywxVRQGCs1DhGtINYnVM7WIiVe6SgopPoOdUGnOJ7E3dhHlgZOUPhfHb8TKFYYGShhSzMk+NqSlt7xVcLeiFL0osmWZ3VvMn6GGE7nglg7eeleAr60rMq/aciMeYKCeEBzXQbzjMzIftb6y+GcmaJX3buvcxHoxMnEICMtWJyMe/WE3WXYMUsHFqA5or7pHV1owV6JbTUNzvXnpKROuKDaJONajEdpUXyc0II7QXYfZlGTVF69erFaro+NjoxSekFIulsIoh3YL0aew3Re/M5x+l8amF1R96JgtDIeGrQO1grxtxrunqAlXRopV11tx0CTNEdqNWTeguuFB/UieiMgylyAGZiWVckazE7F1MwUzUF9u4ylHFFCgJcNa1UbrjPJEJVDpO6uw6cblg66AQvwYiC+8dG4vkwVAG4zK7rj6iWo1RrNzKZQYCYPU8SFCCWW52WKjHndyBeSYdqwJUb3LwRWc+ISqVC18pY/x7AajiNyC2eHMIX6YToPc35LdtYS5lU/QVROUkwCS4jAXLBiDF3bfB3tH/nXdrIX4beq7wkKXayuH5IU8I1tylcxsXBTfW1zfqdqTV0R95D56G0arM9YHFdHaO4l+w9p89qnQ4MGpWABpg2JrER8jsSebxNrGeEAhfHdaRguohNEhRLF5qV5fXZmteGSLE0EwETMHrz4hCfqV7SHOjglakwr9TZEcpnXsJ5kVHEKPxBOOdJIFnRzVJGYYheYQjCfE9iEPlRJtgNkk4xY5Vqhihx5KCpBmlJfoYFTXDoQJl9UUEBdaZ0znKaLIHIJbBMVLIBcylKpMmefzyWSO1nvUVMoOkiin0UUp0EszRnf2lRH0yK0IrhJpiD1I/LYhj5OaBA3bkj8DSp10JAsZcoohxA9y3CkQ166WnE4AK+AfquZrTwFOcLgt2BY0nJX6q5LWlOSC1tU47/c+fP+j3/6OycWbRg7lS/QCPo8Ham6xwTgotmTT0cKABBSqZFW8eOBBjBWk0ATGXKFaCVEEfIiBYQYxz7zvxSIyYXnVKkkHXijOEP6DtudqhQpln5uM58JQqL0WdQQmd1Cg6sByGO2mpggoFJWHDEKmZqUex9cQx2dHoURIEprPZmg7R6BAtXUTXBjEbwg12xlNNS6BpfB14M/q7Xlbn7XVBldpWmSziSmC9KnQakx6CCKCslITz9PYQbcI1IozwMcQAqKJyiQqViZhTvCP3CDDErSdaK2U1ht1S7OBTnk+f5DLT/I6atvNCg3u5/UGNfGkVsKBl9NyNp+yPx+wIKCUV81lvIBxaXxPaA/rFX+HjRhJJ6tkXF1vUXlVbbf4t91s2Pgt3rDMdTByYfM5mu/LnONkkEUb+1aSOZ9HLeiPI5cAABAASURBVMXLkW/tTJQDVEQA/VPwMb1N7HVmIARQDNYyPm/kE5vINYUHSBMsRBjuF1kC8TdS3KseJzQL4g2wOl9XW5olgXYf4jbx1HCsKIISAZfUuS4IXTKZejxSI09Aoq/zykdEZka0zi27m9TkcVLzOQIJ++F18ykAZ907yVhYlsWUgtxT9Br2hAI14ibnACH2qjtlMjpR3YKGHoYI962EQt+u1wg2CELSoOwSDp9VcAeoIChbDRNOrbXsttrU8kf+FhW3gMPEJti5phZnX5P0YRePOQ4ZGS9biqHo6aAE71N2uSj48BGAAnEOKXsKYVx9gIk1RKco8h8LXRqjleIi1HQ05Hy9wk/cNrhvq/WGo+cS8iyQBk/JEws3SU5uapOsKATViCAvgWnCOjp2p5aQZiaSyhSAO0CNfIHtQm4LshIfJiOa4ayz3odRRQpuhpO5syUkMpPE7/Phuzwi32PN2A4kqs3LKc43vcD+n3HcPamzc/gwPfXujXQmCTjXe503CeZJOmDMQIruU4xOfjTvtqTuzHpFOEvvTKpzcC5oW1V4yP7P/+zvsa6s4SBSRIsnxADb7nyiTxo0kfoEBkk2Eb+YXC+JDlbzObKjExfomYnLCdGxWkQs4t8ijfGs+8Yr09k0ZybGiIBorq1KSOoHkS+hKezPbhDDYw8fP3qy2qwevPdgebREnAI8Rzaq4YJ3NXDgXmHYifcEmM/mjx8/xal7+MFHhDdt3kL2k5/+HCcAlc0UJJmCf+aoAQjiShYNaRAk0KHPcuwxhYZTo4usAzPB8pA6lsZGwjgDi8At9fQIg8np7x4AYw6YXqG70Ilb8QXm3ZSRgRwCFYfg0iHCTfikjpp0iyPvTmbOR/kMgt864w0ULk1brWdFPqVDdTBhZ0YJeCVbjGmqYZLNZ9+ZrxWnSqR4hbUS6443iyMaXOROPRgpMFgrnB2/3kcFFLH6Yp5hq6LNwmFjnrLMmoEzNYQn4/oyN2qiABR0EPHsJAvkGliY6Zn4Y3bSrVGmVGUD2jcUzDAD1ThLVGZv9vx500Umv3yRD8QMKWYcfTzMT4Ln3ioSDxZYC31+F9L96FWICllFOAJe7Vo+HpTu24iayC+EhGFD695H2MmgJLOX0AZ2p7UR0CPDGooe1w68uE8iHnUYIH3K+wSQOHAeiAOiZWjPOMyJOEgG/3pDXucF/qg3W9wK6/V6eryclLPZ/AjNOc+++PzlF4+mi+W99x+YKC/puQQvkU7SdbQhFQvuMuBgJwBDvnB8TQ5Y8EOgAg4AoRuErptqCQ6IdGL6EDK4YpJxpUfo1GDsnJ6k0mhMHFnBkmt5UdJRg/nR4vzs/OTxY44UyNFAObmLRr9MhmkTviI1YOzOfIf3whXHUEGJpbxfnZ8jkDCzke0OcLdZM7pwI7jF7hBZ6M1MEGLwTjhDsEetzztqSLAjMPMmQ10HyoDIuT148BCR8bMvHj1//PRotri1OCY5ktLMTPGBi/PNalMhr1JtKiQ+8/liMi34iJvPswJ1UZvtBruE0iaal3KyWZAchHrPqq7JF8FqYF85nQ/UcxKd2dRakSsFZ7YiS2frTJf1T2mRMYluNKho5YbIRlYRRjfFghPDiXUqMfhTj65HLjymF5EUMEb1qD1ZzuyqT5I10sZjwzHan/550RL1Hw439QdAz5UkgG44gG98UKlBZCl6evcIK/y4hGLsMR/cBRtC7YcILh1P7/s+FqDsQefcE5XsoVGJoSueXR7UMjyUZHwQhnzobxfK2/B2htS12kGnt9LAItI/SJp1wTBvNZyBsjDCY5jYQdVTgO8djwYFEUh1lP2QigktM6kkF/CPICNmUEQbH2Ly6LFUr+fpSTDKTCArPiixEMw4+GsOMkrnVUfZiheOJdWm+BtBhO7Qg5DFqAdLSW/jxOvxbZ0PH3knr8F/ZQaihrI7CtzNvzHd3O68cufKSK/MWyp76XKKck2AtahAMxJET+IpJLEE4IquHiIOHFBk0iVTABE4ymjA3g3sJGVDQHno0hLJ8qvfVFQXGCPOW2josviF4mSHYDomYEs92mY0d4nTzSQHt2Q6iIzKcT1OI8Oih9jDXLD8KHR4QURxv0A6/wEDQ8CwNiV85tpFT0uEBjsQlrtqAYcI1REWBRWx75phs5uzDiWmYrpcIClCKrZao90jR1OHsXygleOXSK87ei/OLOqDAnreGfjENh9NpqdyawIa9OAEFYkCm0/aUlR3ngQfT6lb3elGk2L4CJi+T5a4HuxqT3xvhtJ/rpzOqEjhmdwNOLzH96qHBKK0Ch1qDeqh5M92bRqlubQibrVaIYSXyFFoCrX4AqL+XQxLAN9ZeK8eGVw5B2BSqtqKEM3nAfu44uq53N8hMVlBVykwIsaoZ2RCW5VKmTiTCiIdJQrd9pwZ0KlmwOg2gKAH4/3bBUERnRcEimk1X4+HuB8DrVeClWmaQoFJDi2SN8jvufakrS9c01h1NRGbelSBJ2KeHn8P4dnzcHRf9qTdgds4lQFyEjtNnD2vkU44GhPRUGtsMIQ4H5LdaYgFVmfUFHCl7UJfgLCKsZeR0GvsMTH4ZlEnFpLeUEoOwoSgCQANa95bjeYSvB/EASXxejGKLZQ8B8G3oykD8qLcl9AnG904bHiOdDlgQqR0Js22i29ApkF5TXDA5VBqaqNQ62lEmeG9WeLHFYlIzL8g1Kbh6y6kxXENZVugpMgoXFMsCisxaCHMcs9GAkE5G5a8iwnSDTyijxDYVC3oVshiYDVVlyOcvsTsYA9qo3mEUgIB3aQrkuZGiIfSSDY218gxfNxZTjdFVgc66t/HAAFrBJgKxUpv47Jk4jUgSgmGmUzDVjCGiYBk+Gw6dBKoEYdjk1r6w4Fs7lbcF2ocBbblT1gbknP2Dz5DDazW8WjGp21g2obXwKsnByoDsxJNcjafWKJ37MvmA7R1WiRVKCV7W68bSOkvw0rI5QQmrFCjwppy9QHuONayVVcv+kOwXkzKo+l0Ru7YhI45OhH/2fTseuIWHBYhWayI9ExEByroAYSoNrq1cY5broJKUkRoW9eu66aio+sWARrRXWVYf0pRJibsZcJJhyzFO3HklUJJY9DKWlnY4ifOswVyVeE/L+wVwxSHKrdIXrabVbmc3v3gvYcff4SytKH0fWLMayV3CeuxNFqwRi6xPgzNB3hOxZNYTd0iohorQIeJ27DDpSneM4oTjYavT1mPfolquihQ0tHilmzhlEWtqjaIELYo25uGHYnwr/aAf43LGj/xUAIdQYDa5bWZ2pwSseDoN7WvG4uwSYeIfENhtLxDIJ4WU7SILJdHt4/KxRwHWrGahREEwwZ1kBMbWbsy7bl3p759icrxDKqJ9fOJmRWoH5fkrDEmlMi2MQusxrcK+g8NbpWBVceAkMxVglBkGqciI68o9jHIM45qUQTbthj3E/432TfdlfAloHqCAZzAi7Ozs5OT1cVF27TY2mJ5RHFElhwcopTIELL6sgW8pjwTHrWjrWGVjLIKPixumtiipUR1pPvdIPt1cXFGQRpOz09f4U9JCMIk0YorBfkLTEtcDuzP8hYqgeaoWMPv88W8nJVoTAcbOBrdiaLbUSgL/RGMbzWQiRKA4EfSBQCDKIBG5CfMoE/VVmPfBiVOO/Soba9+SqcClqAThhURtw1q83BRVmfn56enp69O1uer7WqDk4ZIAtWIlKemxKUhn6CCssuX4r9XBD8PyrMT4Ia1j7kExtHETBCO84fgxCJ/S+EkR5vtar25WK0v0KK4kpAzTSUuL5raFxvjpaEAHhTMA/EnLsvx0fI2BTWZzWeUJHUiEXiEqRN3h0joUwlDJsd3U0Mpvxitiz8Em1/FHWS72UiXNBbOhpIYGnE3yUnFij3hqAEzmhfOaEPpStlXg+LDUdYomuENDpAyb1/gMCkySsUuNQ2dooqGjBCViJnVoAHzHRsQaYDYRXmOKR4PxXeZzhcItwSlU14XOuoDPkjCETyEqsa9apXKirwFIY+z5GIzyP+iWQE7rHFuTl6dvnp19vLldn1BM2ahnM+O792hrO53bs2Pj8r5nGKNsLOL6uskNDWnuCMepnUxTw0kxExZnaST0KUEFZ7eaPCSnMIv0UJTFBnWH02KjEKe5AJ6JjpCJfsldY2KxACYA+NAJpK0UGiTOj/5pEAYTwpHkFDnQUlZ+sE23FsOq/X2ih9TofdEy1EJeUd42WWf4HWHtvtwROyR0RLoGFyEANV0xfXYS9Of6Tfq32sVQYbpfoydF1znNH2NZ7dtySfYQV5ellPkQ6ytEVS3WwqVNJlO5qhgzWzkb8aLD4iAPjNk9JbLJaK4Fy9enp+fc0ixEKesdyJNu6j7MAFrrD+bzSTSu14UquxfZ0IBIOK3lCeLs4PMxwcfPLx3/86Tp8+fPfvyvQf3RTzorZ/X5XUgYGFCFh5q/L337n358tXz58/vPvhguZz9x//4P/jzH/7k//ev/vumrcAWzM83FKDOa6RMrxr2TirzvmPGI2zLD9OpJJQLERwGb/089m/K9UoEMIjxMw2HasyzBprTbf3l6vQoz25N56vN5tbyWBIxcvoPcuyeMAdUFOu6thQXDnmUvCWWB9kppsyOMzKLmQENsMuyrJitaJxvXI1PSFyT0BdjgubY8ZE9Mr3bqAdhEo1CK2l2HDupywNU0m3SwSc7qmN3RQ2G1BGCkoUS3QHURlTcfWUq7z6Ow1aZDWdqz6D0UCBaoFzR3h+girzZctAr/VdPOKWAnhpnoGqp5zjz0/l0M59JZDerTmky1VZOaeNX5Gc4mZ+DoCT1mtLVRHnCq+hK0YbzpqUjspkES4Rdsg39gFODn2M9F9ylaJblD0PpujeUfdzSEbyGfaeEI5P42ORRvrh7e/rsZfX8+cWrVydPvzy+c38yXczu3Lr3rY8+/9GPf/3jn7730Ye3vvUBn13JBl1IMaoR4CyKinNVkqdWkZvflBstg92UwoxP6si6oASOEg1SdlwOr2cjSDQilwWLeIwzzhf53ffuf+cH38ffL588fv7FIwq9UFjxNzcGJcPM2Bi6PGEQD+C3FDYSUQFffXTrFn6evHyJYjx+T4cGO0qHNyw+JfGBznuJ01hVeSHxhuz4kztTHbkj+YJwLo8jGnjwwfsosP74T/78lz//pK2a9x4+XM6P3F1jfgtnunjy80+fvzpFa1txcUEZ0m4vjsuc8psal6OihNwf25OTk9zA0XyR2TnKPy0d021RstzU9HbLwR8ntHc5nQHSmAXK2xVRLkQnrFxqGWORE0PwEfBOj8H0ODElW4p2HJttRYLziRUqkht+urV81CqdICMsYvw0yjgS+9W2GVEe9rEjKVrRnzCt3vsh2ZIP8CnrCP3UkPuWI3YnvKRXREfDSBt8WL/YuE8lwDjqBBt7Cbcuce/o8AW5XzjO65sCA0AXhMHvHoLpVQjaZ8HT7BfYmFa7ansGQ+g06N0YjdGPmPwbAAAQAElEQVQIftwtzWqeKpcdG9mF2gCHAJdJMElPgrwlNiFi+1UXa6PuQlwuyRLGE4WYvJHgtKH3EP+TS4NRp3OoShADgW6qc+6unYJnmSYVwRqVtKJSmbAe07CBbLPdsiM5xYGekZqmlEVC9MVu6aibRVVgRcfdTK4zA7twcUjpmBKdmi72Jx3e9BwGRoP2q6ufAkDSgjxvrjbuXtaNtLxLPkl3tR5+Yv5ZRXcnx8UjML/VUAdpYajmyASG9wsy8UiwmMRtsA+oRho+MGSbVJNIvn3eTMtyuVycb+ptc076emMDbpJ9KClgjEaQULcvOtePBsY1UpBszRH387ZwDe4hDmDUOh9yLyVeJmkXoIcDwyyPA+lrs8ayB0WB6v2wSRsjGTAX69nWx17zJqeTtxQp1HMsjYk1JcCtcnprUp5P/cuaY0Y2dZbVaHrCnYB2OWfBJowuv10igXs2MuPkQJOjecXXzm1ds21VoWy1L3LKPcP/WgrC5zgHeCRd8SyHRKwZzkof/Hx6L2gj36gkbM9ryk8qHe5SrEsLCYC8RKiPns/niPrOz87u3L1LZKL1+7sKN4wkAhPlWV2OnIh5rVm4cvIAYABDJlnKsMTe+z4/o5I/+M5Lh23AQbASz/tocIojShshlti5QQ8z0qWDxDqKtBt2AEo5S8rrzAl8M85QSTxCG58KrIZRoje+QH64270PSoWDi1cNpIK+zpne6ZrtVxfrhfcuulboXEVHOYDgJRathdDbXOrIFgKfhFE37NEiica9SscjkBCxH1ksMtidmMDmqC+MSXZ9n0tiz4kwBAhhb1Rl6rsAdc4bTfajHvm+x58Zhqde2Ii9M86fjpcpRj6QkAx1hZSplkgQjtMSQRQgErOWLgS/zCcsok9fsFtAjhLtYEJ9UM7dsiZaExCazuMHes3wB28RE2w54Xs4g9TVhoT39v0O7p2nwBCGxsIr1FgdeMPwqbOQcr5wGNLpY4auW0DeNLQ3MwYvsqGzExTy3g5EZUwxTtpgF+JAf1BwIh6SgREqHQS2H8I0JdBiegoaGaENQ007JlTAydYOsdCD67kYEbXr6hsl+VU5zi5OFdnI+GAo50yRR8P0GrXVCQXQK8FDIvbBd9ggrmMKcopIOXSiIlsK4ZsDinUVBe1pa47whu9v6JQVCQk4sy64jdGu4RhwlFjHUzoecjpB0o9WfFSrWs8JgdQdT2GDX0Iegr4pl+Wdh/cffvuj+fFi29aGo3zirNRVwzlnOXIGJ3nhZYJoBtWJY1iRnEqggdvAiAtC30qfgFYCOX2OISEZYe3ErhocTzsR1UCo1k0pjappJc0HRVndbhs2xluyJ/CZs5Zz3rDQk+PiejthVwREYeTOy1H83HYL7HHCobfJouvwDqqqy2K2QLU0mq3LbFKgtbNq60hC1HRNi9g0WbZp2zNoz5H7yqCeZU6O+GfMHAqTa+OIowgIPZmus73yt0xHbDWmpDg4ghxy48MCELKi0CczdCIFSg874Sh8RMqeUmcC0Zo1iquLNWs8yLcPx7w4OsahExcvDuh8tJKD9xtOc6Po0QSfs/5ydeub7g4vcRWYIuCLtpttva0lugk5MTjDNjJHaSULzREjLvik7SSLwhRNCrQeuCK5xKswideLCTPLkah1A0Qq1oX3D6DlAuTJjDnj+7NmOsbMjIH04SVidUhUcHFm0kJ58qo1he7gcC8XZ2eUfb5VVoe2J6q0phP2Ss0oCE0xkYQ4EdvQIXDbpdaLqxKogBbxcKS7fKDThyLOJg3b+DkM+Yp+NE1Ev3zSvFA/FfGPRuU3rwtHtsokQ1Mu3gYcUcMo6TQpnkwnsXchLogyWazQSIoJECuxSVpO4yo+gRRbhYJ55OnWoPOZYaQSZIvCMSPIsScDJQqiaJzkfuE1oEAnmEOcJjPCVukxfmGErAxbNqMlxwtanDghsiU5RgkxDCYGGOtNQoIPlUjoxHDuYU0fRu62m/Wm4qxG29UKf7LqhKS6Yk7eP5MpxW+ccJgDYeooYlbt5DxUWOjWtwn1MpHo9vESByNWTyQOPcWYX49cAp8wV6+lMOHQY3W6QfWbFYbTxPEpbISIJppJR5irEOkkZeoS0mB6QB7GsisPRW8I8/aLf923jD7YF219GMn+p3YYkh6wXc1RXrufQdJJEI83fb7IK0+ttHvk5Spe76Dct1QGrGO8Av0tYEy6SyKbbZJ5pC/Z//U//YdytqphnS9xk+J4Ja7rfRQsTITST56rxPmKZEXcSZsNms/r2Wwec82mvdQueOMCoTK+Uw3L0RkKMlWWfPh4FwquPV3GDDk80VriFyTK6836iy+eFJP8wYP3cOCG1ejdJAX9tLiNMFbSiJSEk/Ls7Hy12dTHt28X5SwnqmY/e/T4xdlFTazahBg2PtEPIoIGcQaEK00lmR6LZdJoSOIPGKWx7nBFYMdiT01kn99CpJOk8fBr8OXgAv1y+FNXXhkph2zJ4b7tcaL9l0D/33QvqU4hziankkMJrbVNm7eUA3VGziV0IJFkGk6fTGf42Feb0/8RbTekMMomwAcgOGiDkBE5Qes4gSgrkkhwp+zmIcONSQAgYATBXjac0vDiaM9qnZ7eZMSg4DT2loyKeRqNSyT7Wihn0N3oYXUbWfmoC4Do5KaenvFs0CVQp/DdA/BLal5dLkHNEXuayCXDCNK44SKaJLNn7wFE4VIwJCccodkl0ZHd8mxQG+kjTiPTEMhQpBNlO/jsdcDioXUTlFsMO2IEBVEgwBjfw8XrR9wZHYqJ38EkGsBOtUi5IKy4FdPZ0pwxWq5qDQZNgksUDJB7unj5ijvnl7fuTOZzrDbJi+effbY6Pbn14MGdhw+MDZ7NrIYFY1McFHtFqSJC3vdcYvRdtaCHLPghUDFC9V6rnQPLTbV0aKQT/hzoj4bDSX7H/ZWJWKVPOUU+QtVIR0BWBApuc3zr9NWr85evthcX5KLEnHqWhxzttuN1ArYF2NmwQzCOHve8TVQQ1cMuOcnym418H/T5kpZ7gx1ehF17S9olEBcTT0KdJNwE0512PaTI7Mvkc/402sEoKiJ2Rg1IOZ09e/L46ReP8W1Hy6P5dFYUpZzYQxns7OwU0QXqn7AHCzSYFzmwtwcSp4wqrFClgmLgbFrKySGRoxoOUkon81hiUs6N8slZOoKDSInlHvyNhoOqaVUxBlGAMek+VZ17p4dXWwIIwerQVTq3PuDF/gHHMLs+4a80oq8c4GEdbZEXgjEjy2o65jYiMDnEA2YvGgyjSBoxqimAjgAHpi48QDc15iDvgTADJvZhCHJ+RNxJ02AoFEGM12ziMKBfZxd6rRx8BIj4HIJQkcUTK5G/DC24rrd65FpGbGN0KxNmQAwsgXgxiMZzMCaZbtWwQNL5DLrjRFZz8kIyyk4vE6ZWwKzrZzgpZ8yA+Y9z27sapHmZGBNObskt0RqrvtxJE0heRcHiRafNkNupM40qmfTEuqA+5pTkdQmY+AOZZ6vW+vAsdBFiTNApB1VMuuA7KGhcGthFaDsXlGFL4Ps1+P7RAvvocmAgTXd4QIAo+Cc5zb1tTQSVMVQ81urNlBANKDA8iP4aVMpR0jQUDQvDvI1UHGzKXiPKwJBBp0KkTNHsWt+9gX1Ggq6r060pgIpTL+mbKOgOB0YGAUG+Ly8LwOGTw+0JlIzARFctvfQaS97bZrzVkzwQ0aTXfzljDj0fqkiDNmHtSPXXeLvaopiUnW2qBi0ZfDcoLK0fiME6Up5FcnMm/MMm+YwFaTrAzecZJfipnG3nL9gUhV5wVCGzqSLCQtxxAZX0xitoM7IQ6cJ3M5FuJHPoxA7AZkTf5PvN7jwOYxhnvL7vMfusBmbbA+6+i9WFM+74+FYgVUYsb0K7w6vs4ZFOYBcL7cpr3P2OPiohMOJuZ/qs4OXF7+0SdExKXCWjKye0W6LYQ7gyjH/uw6QFpSJQeJgQGcvEw9sQCW66yyD6Eysy60YU/BFMN0xQ+BZJ3CQ+lLjKtbHnvn3V1ueuriNpMJ01HXqRToBCjLDKmpdOIgF11j+ZCoAdviidpWSCo0HUCaIWe0uMD+HFz8J1ulc6kNrG47lyXj1q+MNcxNBW5KMe2JQs+JdAxCVy/l3+BH2Qi3tbC9UQWmlM367TUbUEMQYZOxaZMh84BACINFciQYRuSHw9G47eg0Y46LgkHnQ4/ScBy3zHMQSyCOr3YDo0nHYnksjeHx1ykwC4NDpOnEiWpy0aoPCCnP8PPhbikNdH84FBlZhO3SyN7SxIIptCly5EyWIAW8Pr7TjuTavBNdjrxqbYUwKNhEAQsowM3KIpsIFzt6bn9xEVDummTvyQfAJD0Fl3NEwChwEO0JKECwlrH5i37lnWcyVxMXUp+lKw2ATijMpkelC7sKF8OsHeL3ILzU4dPU4CcRFYKYCO5NP5CzouFvIMaRYXSIl1HBwYiB40tgurkFAuXhaJNR6iKjgIYnImimZtgQNMyFF/mlmHAt4ky46ms/mkpOyl5CfgO6rnfRTvutnw4VYit3YKok7WSXqo/1hRVTpRWJG/iKlciyzAluKBG9SLtexVx2kqUG+aNxpNjtgdTweqrLMU2qTy+AmUkdySQsozvfch5jDz+oZzHKGoW81vH338/d85untrfrxsxcEUjEQRdiqtZ3kWNBIEJDYgbYq4wdDLVsgoEPCqaCQkI4aOBFx1dfpDh77/ULdVdJb6GCzeE+jozT8uc8XG47bmBBubratbiv1CMU4MzxEUZLHISshxEif4szUTk0/Ir96geb/ZVK6qEI8Cp8eiY/U5NLnxBWTT8v79++L34NlNnwMtZ0a9jwgh4aKs23bl3blpz43bZKae2KawyGB5CTaiwZ94lnRHSnCsEB4mYFDetVYSUqhxRIA+ExMvcWwcooIC5UpQk4IjCoiGJ5N4SSrcmUALnEyx782aD4idjkihVQuVJxdn5zh7eHG+XC6PjxfLJYVkkEBeWQj8xpiTlatGJUVqu/NhjFZgHxGFIAGnrnscvaMmS/lmc356ujo/X51fbNBqXm9lx5ImlbxL0FRHqaIpRsWMoptwUJPlfLmYzafFdILKGqEw0IFMZDCgi2iUiPP657vvXnLeeR94DtOnBt6M8JAuooMEE17Nm5k+OwRpvymNlOh03fnZ+dnJyenLl2enpzI/Td3gylOGGvyblrg6JYWcmU40dgjFulGtQgwHxV7mHY8XsH+cje43H9gXlkYy5nB+bPIBklQ1+Nc2NYfy8soNMM8zYVesCf9NKdIMqeYozAmaOCcc4qLIxSYypO0huG8kXYHGmMAsSzhNvSDd44NfdIytYkcTBKD1ai0JmMjDjI9iUpdmM4pqMp+z+wtH/cnZ+4QQueexkStPteb4KNjAeoNNcXyUreTTCQsauqM8uUCDT8ificunU0KZe9C8S7FVKKgJzUzJa1RACJbm9BCzjJ/DG/uBRBBIXApYrBEhlpPjsuAmszHBPwAAEABJREFUpcguJycXp6fr83PsP4UPQ2JaFrOjo+M7txcUBOh4cet4MqN8OiYw/4FrJW5F1pqsci7ACI83RqyySYRCr8G89fQUp6I2EkhGvN9iaBObBcoRE/nJSKz6v4YJjO6woHdBQ1843QitdI88n2KAk9al8+9Nz0HM9wkKpGz8sAjZDvN7tRh34P4efdMhrV+/US90fY+RIn17QIr7RhAVMntupwz0NTooTfeGH2mDUeIRS9r/7uxgenGsmDcuu43YncQ6SWUZgUuO0PogzCg3nP2f/hd/F/EOKxQ8blbcNZxhh6Ibib+DMoKgxmMlSSZBNkImUZ7JcpJwkCMkzVk9n89jt4D9NqKPquwF0eXE6Kiy48g05bwYhBRwQNoPEm7HoZpDZmwwcTYJZY+vQNXJ08dPTl+dPnhwf0rEKVM9OEikWNWJi8BtTWosIdc1vPH08dP5bIl0f7U++eCjh7/69ed/9aOfz5Z3nj05mUznRsQDsreBRowUrRqzAoJ3xAIXTkLImRgDHZEW/2PhVoOgqAgwGaPIeNGuYVJOwiTchBmZOO8Hf0NgCgJw2or2wlz/L23bj/VH9bAw7Piw1zDo+B4AuKKdwFn0tmr6zUjg1ugl0Bkl4jwHRsBIyjpWTjGg0GFUT/mrTFtNi2w5KWaWjHkkW5IHvytEZ+Q4RSYHxcpYtMmZYVbRsBVZV2Vpdg0nR12KrLWtKGO0SBqWg1yqQckplEDM6u1ZCsokiXqw6NBa00ELOXJDk8hhPrlyEOblz3qJFGAl056eSab4sd7q0UvFKhB3jR5n59Di+IlDCtK+8Emt5PrdNXjLlS7PagDD3bW7arnBpPTVjLcAHafb2zg3WSDw4TACjYFPSEkIr6UPGhTFj8DyDOnQjA9e6p5PHYAVXh+ECU0OzNl4iAdbYoWJiBGOm8IXyIEAE4WRwPJ22QzkmC3DRFiTLqC/iaTABKOiGptZ4LH0UvKeIkORxpez0bxpRUwGERRRllqfnW3PV7PjO0e37yK85NRO/eyzX63PL+7cub9YLBHqbZFBTgndbD/0UwBs9rkJ7t4cgppD2IZMh90evnTB3gQG4rNxFd4SB/A6GHj0b6i9HPu7ujNjFcKncNtRGc0MoROWOmOJnbICL8nxfFNtLl4+X5+dU0CUTA6sZGLwsfHksZfjg526xxiTao19UOxKiaFEolFa4q+2dJRkg53S8yJh+/sxjc/4kIcE1KSz1oc1FvOtuE7RK+SoRNByQlQDsJ3MD5RTQomSfrHU4iCcTyMskRX2+Pbx8e3bL188e/Tpp4vF4u7tu5TKPfeLW8t1vT7b0qEM8lZsG4v8noFSgtASR1PgdZx8ytdTFNPZxCrzy4Zu8vd3synHKS0mtMMpHU8hPUF1FicZB0HereiXjZGkgqZjPH2rhzoDzZQpkqxYplPgqleaAegHAA9awjAnQTMfOUQlQvqk6AfJNhX1yhpdyYjqCb84a3pWfH1t7zWmS3IDMNgKA6iIKF69L4wYjsUa0ONWxDiwK3SpFBMCk2jCMN+ZneSsCGNWRbmBdkAUjVWrwtNpI6JO/oyeJvTRHJJT2IXI5ECky16ZcHVFdXqQTdq0HZ8kJWXGeCpDBGpZbc9HFuXAcYxILQ4fEDS5pMNjMEHwCfG/nZfzHQIGuhs0cGgYFPQpUey69DvMHlWNQ0imW9W44MLMy24EkfMlgYrhg6rY3zbSF7LlSPLDIrybSTLzgfLerAvJHiE/gArsYUxDlVbT80A4C+0jp2+SpZRig/6fA2GYAbPBAxSK64PFFFLANV3jCfDH7eV7m+xmyo70IVOa/EFgLyMWgZatpKzS7w7y6iYNfxENx9k6pNNdRtoh7ev9Tjao0dlmNLXZUjQvRKTRCGe0pqAt6HZoFHOE1+VjG2gdRNzLJ/akTtZy4noOddBHO3RAwshmYx1UYymoGMeDzmymqdD4gC1RCKKE0Sia4qsB7EGAj7BrereSl3tzVQEl8PyVZ6rtWVH4wH+33AYCV+klNbcIUEzbmhYJCgkgTQONAzQgr+tqVW3I8avIPY8cMggHGWWGM2EUAl7UQCY5yElYOoCLAhOpqnNyO7F0cFdsm4TRiEVB9pJ3rpVJEZkdOuLSgSUEusLv6gszif9MQCmwIzlfUnZnWg7hjdSU3eE0Hq8J1l9rUqGbiULy8j1NmZ5IHdIu4L+kha62qLXOhZsnOORPH7QbrEFIdhuke7cTSvg3Hw/kTe5M9wVMf3qgQzzyAZZO9xk6syiyDAuU6QGMsZncoySIasce1TIJRY0aQs5poAyJ152bPKM5GlyXNYSPnqjQYVPHaROcGGwwfBqvx2r1/DpfdEH35cRU36VcAaHb4nBFRKuVE6hoQzS1tadt/aqpzymDQggowa6QSqvVrKzxjB2nnkGTtyHclYWcNTJ6SOZ9OD/CWHgXlGYC4bQgLaOlms7VZJRHRKGfHEDkQK5445CNlzxOpPNeBMfgNMANBhW9KMLEZpQZhSd2Z+30RYYhASTrhfAiFNCz3eoAJeoGrWYT0XrKn4c9ow6O3Uh9x8PaZMuLoxqPnP3ZOHgCp/XJSECVOEkgbrNZcPTJxECKFcUXw7EGh2zqkUTxJgoe9sZ09HaH7voQTwIFeedMkn+QzjVvtxT2f7PmUyvAEg9lm2BUxdtUQgzIuDok4YL5VWiW135E/jNymCGxu+Izr/YhfYxQaEOuFIYT64R0P2FnhOB3XUIN6KaenXhIbA/5s4SgBcqVJFQykRr7uIoDziekdTUxeQKntCKXQn5dBp0Jz2o+dNLZGvFbiugLYj6UPh6h28KMh/Xj2F7KHIj615IfKpnTJ1mJlvoctb+Ok2d5qDkETcMClqhtOCMJpYTBmpRPh7NT5+LD0OPh1WQcYcSGHEBZFHLDRpL0QHIwX/TqToPQ+ECebMYSpZzRERtkLoYvas4SsDb1xGbH8/nxdIE27Qn3KhP2VH1Fxewo2NxH5V9kLEPiKKtbOITxYSTOEcc0xxNDnDzhTcNwQ8ED0b7g3ApBGwE+z1ABVFOmG/IxEAWZl9DPFEUVKKtOnm2MWXm/BVNnWZtTth3PW1BNEmzmZEGbFK+44Lce3H34nY/vvn8f7cSQW0RP7GtCWtzteoMVcknXwigp+iSJWGmjJ7TgLIhSp2LciEdS6Am+uAFwAzsLSRns+15yPZdEcAzAapRIkQfDtqIQfIhm0ZBcX2xxoAh7mbdZC7YxWQMlslGePE4oYWFrihomNeRb72tis31VIwdm8Sl6E0nLTW7awli0oR8tyNXh6CiT9KNO0sBJRcR4RePtuvar1p95v8rsOoMteZxkvsgco0/htzSvhOgqM42bKWmqGLeK04nJQmiZRJkDIXACJ0FFGayU3BxZIalDSjH08qbOTCIoomxpfWAtgr9xn+NlnSEa4DdrZHnIsQDrI+dDmWuOlrP5jDXhAquBx7NpZkITEYL8irpAcvFyIpzyex1F0EGLPoF6xd4tpxfnJ5Qs5uL0vKb8aChWtDSkCQc2IbN9OV1gT46Wx0tyNFksUHU2m0+ns7Iock5XrruHGdVI6STZnNphLWSqVgarcrZsXAfRvNKxQQl8dVK2jNSrJiP8xSx1OqXJ9KaNxAnXW5JhhPrtlFhXVY2fSMTIwePi4sWXX3756BHOCf5Vm0qSk2L/p3OcC5yBoymljaZkMcWE08SIVjmkRgKIznTeJLsqgoRwkszbq+TOpgrHU0bRPlB5htCAn+TawLQVryGpZS6ADs7l5E1CTiWc4WiJe4MSxyxm+HM6owg0VAfROSfz4c5E6dpF/Q7jT6ciY8jOEzQ2SqhkDSmOGQcwwtlAEJI8OORrsqbUQqw5AAqnMuGsS7M5/iGoTMoZR38p6ZQCM6nk2Ne4GvmF1WZ1sVqdXeDfhtrZkq8J2XUlKR6EZY3LHzlEL0yFU1rvleIzJ4OjnqDWsJwgfJZzisGDP3M2uYacWcKJOhAZQfl4DVkHGpkmU0NIDFETtjNeRaXm6vz8jJyQzs5PT/BvfX7e1rhnCW8UCBXz+dHt28vbt+fHSL6W5WzKKalyFr3Jp7CpyY0D6zcUmn2Nv4Mzqibd46hCuQ3xFJiye0pYRqGP2K3ZsHsNebypi4nhZO7i+VSwxwkDOR8d78TGDsnLPzY4WascL6JHw5Yf9ihqg0MMRVUJmZ50uwZoD1xrQEVD6ac7dWb6Er1PPRqj9uSq4s3VSUn8TjEHlK4z+9+dfFOljxDEwBE7413qRyDtOlFPmMTNTreXwjSkms2O77K97+qmnFbQv8BFMzp1nVuhd4mWSysYo8ktDYTzbyZ5S4+8azLDCPvBmbX3ahhMzeuVlPcA8cKMLvSJoKwsvWnF5TJKARzBzMqmlp2C+hqPOwQ3RV1T/HTcd+v1ppyuigml2hLprlMfKAsZfoWFccpfm2yChorZhsp2tVojFYA0WJYP3JBRb65Mr8k6SHxdkmDJlM6ctjhqedvJfkbFH/PacwesshcIRkT0ve//7l/8ux/+D//9n/zT/+gfI6mQaqqRFggg1VgmJ9o0MjhH90KUfffW7efPTp48+hxJ/3yenzfrf/hHf/ijn332Zz95cvfWcdVWDIgZRQ0nRJCLSOaUR2GTf9wFRkRkbyKER/8P2XFOZs33xhJGJ6q6HnzITEnla04XRJyfXhqp9cZl376A12scrrww9i6/Uw92m0kk2tBpCHcUvG1Xm44x0GUOYOfPm4uX2/rFerU4PTm6dyRh3jhkF9Kpal4uZ9MpH0epWPChULCbDfFLSKXIOChEnF3zmS0yLrctFJyzztnN9pxTjTpOLs89i/FpUbXaCvPC7goZszJibuOTF2JN2ZkdhZl0GjjeGCu3W5u3rAki0ksHAQumHk3r49lK/Zdgkqg4bQIQsY09r2yHxvu0BPYtwDXK4NEu8QrAG7R6+OuvfIv3EXeGC6k9JKBKn4Adc6a2yFAM1gTYdVOvG0lwIDoPL8kXSDDnlLHsrEFqxJi2lPnWznwLqoz2ogh0yNK13kAwQULsrHIw0mefilKxQnclzLZJUZRorImp227zcsJgQUEiUafiJXEGnSVoC2RHbx0hY7o5u3j55PHR3Xv3HtxB1u3We+9Nj4/X5xdPP/3s3v33YDZBbRo9afe6ghryYMiFFUOhEX8WnMRk/+LAnos3SbNvvIB5FyA9/uorx5VUEO5cKC+uC/H0lIpg03C0JyS7eHdCC0SJqt/78ANOY++ef/b5qydP1ALl/HS5KGelMGmcc1Rxkg+OJxw+hF4nKsfByqWk0zPmlUeOb99GaQAFWuTm+XyCZNDz1h4U+uXAMqDY2A3xrMUvKCU2zH1NSF0+if1UpN/1vAsNGsaWSGdeE+3SbBTZ4vbRH/7xP/jkL3/8o7/84Xaz+fjjb9+9d/dscvbR976LRrYvf/n5+ekqr6ri7NwjTr53fG+6NIVx2yZfTHHc66p69up50x6zsDzPOMPggggAABAASURBVFZs7Suc6/P1esaLNeHIcChz314co/qU1IJn56beoo2lzYiz2VDM6MZ47ZR0OTI/gyJ2C5YVohuZD4dHTdB3kK6cLSdqmCKzU5wOn2wHEBxD2kXHUcEki5PVcyVAsXC9j6ytj6sEBvpZJ0wIxZduNWtSNngM0uSpIDd49gcMxEhIpBdDWfeIMSkHaCLPrPeFspPwxP6G4owqwgq9SCLp9UA2oOUwh0JoUpcZbzqBlIYsR24t20LIiKIiGOiDfQulD4id7CWUCKO3rHE9JQtTBuFElWVTuBP33HTSBAq8S8TRlHcFVU4KyFvmo41J5eYoMjLLzm6/lhXeYMD3KS7jEDrj5zQ6mAZyYckvyYBpjEo3ns/3IWyj7tVRiHPixevGrbYVhEz2hk9TocqvlfjK3C+UFGQKSdMUNF9KH70J/ySL1p9G730iakpNG85I82CjVxur6VpKJGVRHS87LfIP3JYLVmEavVhNzQHl8JpvofSc7ILsRuf3q3pLvmQm08WiHF7g04Pbgz533MuVZXSww2cjWyRfEZ/7mZmhIohib1Pc8Z78JJuxpzhQxo+16wgeMJ1ki3mJ+lVEVnUrxlckQ5nTw2MCC+HMglEsQstuzbatV+s1qvIKctAkfJ2HjSCBtcVnXXyo4uMAIwO2/mbWOoqQQphcijoCYCZYgDa1aFwIMTrCRZbNsy15DVN8dtzzSJyOy8npZntUZqcVClZIOklPXSP6cVNWY2dGQsUbox6QqnujnqCsgxa+DRErshitayhsPSVTBQU50zwXijfVeQOFLyLWrKX2jHZEWcjYx0MgGXHEvQ3tA2UGnYtOqBoirSsm8hD13K6k38lZ4a3tMHmLH38fqJXQMQ41HIMKp1bOKKI++9XJK4qrM82NG7bgwrvdGCz5gPWMid4W6ggjlIy/jcwJ9iRX+pggZ37AJSoiefV4iTL8a+iPYtt9HYtPWpPldwHwIZWDRJMVPAlifa3jY+K3Dpz8kC7I5gdxSFFlsFhzhcQBhMPbenyLjXcSNxeEAQt8BSRHaAPb5DUuZsd2XA8NgLInVDobqri7dcySjMx0bIcamNkTu9UT0jFiUWSbu31jk/giCaZXgMolrEpmw6EaPRFKfg8a5iQYuX3gzXZEyHRLJ8ODnmAcOhO6ot4JLNCCVU9c7q2GFVG/ct+RgMAphsCyOotCEsICdZtkz6zzOFthDIWfU1cbMkQheqw8pyNMuqpjSNQvYIxLVsUofuuxwcFCAMJEBA878Sw3EctJ+6q4FXMWeyBplCCebj291EOC8jBPlAbcCOENVLCJXIyHVAshQV3Dz24QAiU6ixxXUicr6WXYcrZ3ajpMDiQJ4k0KG4MVUN/1gNKEyGo/5GJmw+yzsZFDcMgsEQYja1HbhTPTAUu6E3KRJCO8erAaYdJjXztMs7slwqwq9YPuCpModTZRTkDbAfFiZ3Rq9ZSltimkBLkaNJzOyX5IB8ioY54DOjMKU5uk8cl+NaqY8gPZIVhfdgiQbE4T8JQ38TAc+S7VzlQtp+2kFHik3kGRmbwKIHN0Ls5z2BHj6KiDJScV71H7g3qGhn0BNcaOeFqxXwhqJRkdanCg+fHy4be/vbx1jONHVVXTVli5oVQN5KZG5nz2b4imF2C/BJl4H+XUDrLMYFEG3L0xkSkNzINg8x3k6xPiFY1w3ZZU4FM+Q+Q1XEE0hW5ZvYAMJYUrWG183YoLM3vokFMzxTiBjIKaAHFItnZQUzoig18o01NjKCwKsT2t4YTtmc9x/Wfk9IDmHjTbWhbbLLNzpNdj3tVRG27d+rX3G++rImsyaArT5tYX5PdDXbXR3Yu11BAcC3k40fPPqNwEAffTM7qlWCZkXTkJoKRdmhQcWVJ1TTaLbpoKWYEZpNxj4s+YOvBE9CC5jzkxGerjqSZHhpCwGVQUtuWZdH/F3RWXOCwRiSm84RUTgUXNq6JR5+stGr7OyQxAyrGaA1Q49pnA6mi0z9lroUSbdp6xzV4iZkwkXRrBsGIshufeeSXZ7BznNyB8ozu+VxSRp+CXIDTXv2j6XGy/HYjzqR54ZvCmlHiH2RHbP8dscHH+V6yao4gOnCYGb0znR+VyKjlZZHC6KEVugnTNfjMhszyM9Jmd7rq9KUsp4xdLPysJ8aUcl54z6bCXyYaM/QgPDFeUIIYQodUMNYwgcvakKGWxcjbJCE534v3fWxgDSWYD6oNNMG4HMBGeWDNjRGAh69F2u1ltEGRYnwmSyE4qi4uD9CwPysZ4rI5U/q4hpQTu67qlJEWUiWbDM+xaDvQotiFQkdEqY6aISqbKd/NnNEhwiB8m86OZdCal+gDJyUOjJEm1OD6EDXE9riyZKDlCEzRDGkfNiIGJ3GvRmH364uXZqxdkYwI98UO8IM4Cxb+hwCo5J/GQWCNe2uIUSaw3aWuJMtq0nMrZcfhA2mmKcOSBmGKJzBlOwaKt8Tc3PrFyxE3j3lrpbZfVK/ABQtmgO00XgIL/sRzfy6j3ZswWpGl0yNEkpnkKkBO4rgBH8mIha315Z5eB2b2+m+Lz7ZXRF6Wd2duTgRzr4z8d6HivXvXSavjeP33Q0zD1OrCrHkk6E9QxEX0ZCOQgrdyZ3FKqLYqbIfsDELwMzG6BvoSboPHxEhAhvPZS7nK8EIcb+bxu2knaSo6H8G2nPL/nZDpo9sH/8hCrjJxE5RQyxYxC7qSmmOzmsGJ92C3WzmazzXp9XqFtYs15ciZG8Lio8vXYjzLxu9MB4bhYRlxtZm60+H6uOPm8f/+9+Xx2cnL26NEj8kWclri1xxfddGwyaZadw0m7e/f2l1++ePn82cf3vludr77/27/1j/74jz799X9TWXNWN1tSlDHR5Wz0hLj5yJkIJyyUM4HU3nGvrGqrB5ylBNU2IVvqKO7wIUCijNC8YXnjBsZb7WTdb2IRJkY2fE9s5qJuVCBH5sgNl0TKGqoz556vt4U5v7PcLGdT4oUdHWcEJiqczgA3zpa9UGpOp7epJyUztzZrLYfr8tI67qWSPPo5tAl2B79uSBBzhiliFs5YqBTO1hKkPq0X0VuEfQYTYvQlEooQ8VRUNIHxUazCe6LxjTD6lPlTopZkGSelAMkRFFU50UDFbEFjKqBjN+THJjwo+QTAdTJKvGF5E+T7VZZEqiROKM9LxLDLRUUOyDWrmRgVWD1BJJwGn3PxFo1jnMVJlzGupaxOArqOGZqsc0tPe9CrG9FLXFxIDaXpY4m+UJXvLUJ1lW+3k2qGvKDnKyZzrJQA5BtRXkROfXp0VG22p8+ef/nFZ3fuHR0dL/2DD+99+PEXP/nZF598+sHHH9//zkeNFyt1FrxrIe2MfJLDMSdPwS2FogJeYZ9C46/nfmRTWevwMpiTdwbn76xcazfFcznqN87G/5qL+FugaFCxKIX4BGHgwQcPRTF28vjJydMvKZ10295h75LCTlCQM1YZHx+60pvhTtm/t/PKpiP6zDK0o3DSU01wZg/ASzNrFpmZWAnXP6jtB3QBjBlyiHIfH75d0l83mc50c5vIyvTZmu6eOkyoGtcLFxrc0hFXT70py7/zT//Q+D80WseZo4V5+FvmD78jXIWE5NJjBaISlmNiXP/c+DOnZ174iEN3i49U8uucRu7A8sC5B/I9hGP1wZ07sp76VPjUg8M+Rq8IdeL3jv8RCSyoSftcvInMe7yX1Nr913SVhzf2F3/oxf1vNUmvL2/rWoQqoJi+UBIVS91XvQFJhU6hrC1A/660EFWp9NPGhsMb44nczqge0Z4JinwIgTUgXDFRWR6uQ1SGdaMQ2SLvD7bDq8Nx9S4ak4zHmE4c7ds0d+v3Wg59gv5Ux6lDEnsC5jS2HGeDv4Sjp2Hgye1YH0xUNEFXDQwkUl6s2S0TmGTquhnvfTcJBEC39OkCJMOEdAYGE7EPI16Psl2r8v5GSkN/WJrL611e/OjX8NPvXOhQS7iqiKgTvQv84wuN73BSRFRdC0FeT/AcjegDbx7GNju0GK90ndrtTNrhmv9Gjx4FkNFfkMJEAhyQrvwIbEACRuklGH1hGFOYkMEX3pe+m5kkYE2gaRMPOLEL498z8HvJdaOKNSP2a31LCPAfQwf4IUFOv+gkoGy0NSZsoAl+qcCcaT2IyM2A4kCbzIkNrch2t1ot/jDQ7dduv3eoBczotoMwoN2uJ8XvXvDjtXbhxe99yuu44g/kVubG/Jb5blclPOA4jE36oJTWjBefHDobuTd2DfqtRQzQq7ZDW/2eG35ni3vJ5RAekv9hpDUft15X2e/CdteIV7jugDY0IN+VcXMdSIdwSyH6aLyrAQTCFT2W7JNzfIR//JEx3zfme13YJq6jOlGtKUqu0L73MapK4J2crq+PLzUBm4Wx+G5awjCVSxtZkx3427m0hzMyBzJfHSbrXUm/jmGnjjzGKkPiv9PeKGU5lLYN9snulJiRKfPDB7vJ8inEJrX8DoCbsZqDjeCTz0u7v1PGiM34nPTEq906sDPPnReOMQN+LV26/tolFdI2knXuWE6tugtCIyRy+JreG/twBjtfuqqj4zGmowuD1gad61GTkZb1C0BvNlOGH/pdh26kPQZgwAb0OWS91B+G1vGhMR8a9EYNK3q3s8CxL3pgZ73RzskX9unQYLtRfpCgvqEmfwk5FtXXVK8oP93509kwDZ28AUn9KNh4ZQfoMMgE/6XsfpTQ3G9bf1q3F42iYU3OBxJ+QxzoNKyVkv4djb1XdDsqDNq0WlfBdz97143pJGWJH6NWZUO2WNQMoz65Zhe0izV+pwAnnJ8s5+CiOSBnZUtjc09OJR7tpxVWpkQ8WWPk7AZrbIFs33xWICvyxXI5W8752AydEWETLnn0SkgjmqK6rZl9Qr3bxrotNjHJ2sy4HFwmvibsSmETuYd/S27I4E4S4cmnW89o1Hy6Tsl0MqD4H5QcGEhfPikyzQjFGUPike+OOOvvLlxK0GHiFc6pQapsiSjAXk35bLGYSGqMEPrASwaNbmO7jjmAyA5AeK98V180iqygxmBSfXDinvVmtSaTXLXCN7MbEw+MwiqApOeYlHSim0Jl5CW5V0jCIAnhrLTd8pFtr7rgHorttPHGmHegjUxfNK4FTW+JTYWSPjfk+8A5ayjDC2VFoQLhuNqEzJLk9yNODJoTsAMhG1uOxCDitOEMqOukeAb4uEMptg37uNR0DphggE5ISl4fpxwowpgk0BG3hlySp4jjC5tTOS8cWVYR1CV9mTFdNLh0ihReujnpcAVAL8Sv4bjIEhpZksXwvxJiQ/04aQo4I7nlMITiHZUHU0sW4kyrY0/DPhM1nQWttjThLWU5lGmTNQkUQD07waS9YRc+1r1qaI3oyUfW5Dy433AHaE5ytEf4zpNMVsXaHmAIqk8kkY6KyxoRiCMaq9ne5dGMvTq/OD95VW+27BZUievPZDYry6kMv+D0PRLHmk0NIClpKC2HY1ddOtetLh3B3RJ2AAAQAElEQVQyS7SVcogqYpUMNKBIq0sQYI/hkpzxJUmQPCUbU1BEjIzSQ3c6yQqNCnsdVKiviRZeKB++p2aXwS7rQ7L31zxrne4R+R3A8mtdEmLY4+iSG7tucz1acDMl3R9JB6CLYmR8UkbeHQjcZQy4Vhx5ulv6AFdXNXNF+xBxqY5jHB461KBYQ7G6D9iG3bPI56St67wsSxPTfRUTxD2IdxD/bDabgnyZ1TnL747Q90kqzxPQ+d0cTThoNUTEvV6vmSz2A3VeNlDxrybCj2ilmJZy8QZL3FRxbSaT4sMPP0Dj168+/ezhw4fiwWp6tMEoEES21QhdR4bN3D46Oju9ePXixfzxolgulmX+n/+zf/Lzn33y//nXf1rO79VoZwWOKZGJh+kE2TxxZLchdYYhVzjvAggy1wIm8YPjU5NWuE6pYw/AAmDMawCcjwD2lku6N74hpZvR6BTb336BtZJgvyR8oD60qY2zRbmq6sebLQotd85fve+Pj+ZlprpVImLIs5STyWI2wxnZ+hVeYvZ3W1dAWRun5ZYPrAAd8Sb3c4SGwrpp5pYF1LOiRZvspvISYYt8vG1Ks2XvU9xdOdzP8XiVAMshEGM1r6tPRtKXajjnE6VGwE4R71QyP0fx5MmXBfkcT0dOXUPBvmSaXHBz4HAqyA6skRkpJJ16Q58+I1lOENTQu/8GmeOUIJlvSmGEz+7FEA+AMl+OImMxPz6q+RiTc5tA1ZC7lZxONGfizkTIO8uDRMqkwErgK15pWWPmtwAaFpQzTgKqjLrSZCE6VlMcmP6i9IJ8mu6BVMwGdqySeyjKbi/WyAYSC1hOOAsl7g4+YsH5cFCgvfv+e9ini5PTk6ePnz29d+vODxbHtz/+wQ+e/frxqy+fffbzX9y+f8cupo5DvrqAsqQICyxsK2dVtOy2TIkqN7QFDDKH5rUW47Wwqbkuz/c3oQhHjkvMKfygZq8g4cJR44HCAcJ8OZu9/62PUMb+0b/9syef/PLFo0d06KCq78EHy/y4yCmmOvD6CoSZDsuBD94Y8Vbk6dMSOQF8O0Lj8e3bq/NzZFqgrik4Z1EMGDgT6P/twtzK/xot6sGMAhwaYe7SFl+PLxl99Kqmrrj/Bj25TnlHr/kKit9LUf03ida+u/IWpyVt+jez/5vyzSx/fXHlSEk1KHBZrd+U35TflN+UtPwGLfymvMvyZgwlvHGF6z1wrebUOH3ljiJfDVSP5XYB5q7JW2+er+sXVRvCWgeXGFYT0Gl/m3jBQsqde/X0GhGneypQse2G70Fl4TqrlVHLhPea2ZZfRTpYOqa4XW1JSdi0DVpjUPm8bYCiYaPSNiuAtcBADjWlyQpUpTQeWoc6lna7ReO2qdG0CVKHMxB5UtNYn5Wof5zNj5do5UEVL2cUg9xTMBjU5jWtqxqHU3KBpmybbTKoUI9dZA1Yh3OXGUcPePEZ4WQ3SW4Jni7NFWCCG4qaCUEnTePHcDwUTpNIiY4yzqc2ESs7Kvw0i11/zkUnGeefvVqyTBSYGX9hd5OG3U0ouokEsKFQLpwdQ8JnRSNQnH/VLekyyOmawYIG/RNOcKuKdrEic7QJt11vLs7O0ORPb+Rz1hn7DXBkCMrGUk5LCZuB1nN2dOBoSTJN9DYNWiROWqCTF4fsU4gawNgO7I1ugksO3fn+4zu3Ex1aT42WWDTVA4DimNTbzeb89GSzWpGrBz9LKUkmJf9RKpaM3TvIZClGfT4zBuxLIS/p4hP31VXRGE+GD/EjkFQRRs0ihpOqEBhwGGbcONERIQbzI5jlLCmWz8PLGk1YW8gRaALYiftL9E0ONjWf2ouCaU8cKcTQanqeVdxnNtfKp4R+2W4kGEmbDEryIUqIEfU1wZkCCvzDwX4YDNg85MX4Sy5oHEWm2pAZmE/cqet+POjiJRpH5xsRDserJYDqO40b5ATfWU1AQ8FFCHLJCSOzXWZhk2UKNWKAiJPhNKWDGCYgqPT1f/aV8RKSBF+LM0DxZtBCzLOBfzXPCYLEfHkkHZjO5pxlqeT9ojFHaQlahTRZa56WBkImspxD1QoUcaQTkFAiUpP9VGj+aPIplxLt0nxCSz+hGEi5wF6KGcT2DYlLTQTItLK6dghU8C91clJXJ9cGN5ewFmoCjhuaG3GJq0N0TX+D8hUaZ5M3g0n9rsfq+iubElutMYFK+tFnrsmEpPt0Xwu+b32Mjidm1ONkrO7rdQlu8Iy9uF5F3ATdBKZWFR+daH0Aaz7ESzGTaN9UaPujv6YlpxPcuhRKLs9xkyJ41xSqaLtdU9o43L3i/tD3EB1ZHXmLhEiazWZERy8uVqsV4h9sVoh6lmXpQHoEKV7XaAzAXp8VbuluQG+sSt21PCHqOFouv/Nb3/npT3++Xm+ePXuGiKqguPFjjweaTibSppXopdPJ5O6t4ydfPnv29Olv3/6+QXxUZP/kH/6dT3712acvLjJTVpSplp0EyCFYvBVk1NES5jkUSiRscknPOfrU9cyHo8aXDtBHP7jrm8biPhpcNm+h3NiueBclqgfjT8/eAK4/OTYQEC8BIpArIR9wsFuzfoGkbr29f36KlG0+m0w58yUTmBr3xiTPlrMpkhdk/B1HksctixuR0tEVKOHkFN2dc766NlAUoEQGdQ4tTMj7saLcyI3zkpdWuRxxfpdUypS8x2UUjK7gMJ/WK69j2IJL2Uu73djj2Hgw3LJnyYQ5f5QiMo42wR7qlMmAA9VzOgxxeJMYrYYlJcQq7MHGcGkld6cP1GC8+Buw2e99/GtuNwZInDySeLW4cKUlqW9zsaq3lZdgA+IYCBJtviEpseWIdYI8XHRM1pRKTpaIi2dxy5iQi1rjRpoekxxR1c6E+sSFM7XuQ4JKNLkxX8A+r8/OkbpIaESURoGCncjJBQpSd3zvDtKqar1an7x6+tmvb9+5N18e333vwx/8g3/wsz/9009++Je3797+7h/8np1MKhRsi0nobYf9NBBDcEOmaPxVhe+1TOaunzZlsPdfp8Sl3KXWf+2L7w6FdC4guNCUgwBhYDKhjATbLTP9Ik6TEiE3k/sfPPzu7/8ePv/4k09fPn6KyKuYl4B4klAiIx1IKFaKr4xGFWbI4Ary0UstQkwRZ/SkexTvZDZjlQMJM3gFO9OnUHBcmHsTiC7TjbEVh0JtWCz0ficm4SUg4/dU6gTV3jlS45PT9CbyTMpBm5Q90Bnng2EawU8OzDojyQuTGCca4s/F+CVGo5g4jVvP1SSZqwPWlhjJOhAuhpZ9fJC7EUKhaFDtGBnFmxBTRbst7Zj0in4z8d/4vfMU0i/duocZ66t8umr75hx2lyCIKQfseD/2IzkBPfpAr0/jda+FaxS+Ib0SRPaEzIFcD7WhfytwtirsR40dJK3JTtFk7OE0fwgAIFtbdySE1oT/gH4H5AtAv/HwuHYJhs2G61o5GVS6xXtf4vBDBwbrHmqmdWB4MaVn0e+/u9R1SecCIOl2nBDoDxzC8APBjJrW7kEIi9JV7l00prs12kOAVAoNY9Ind6aoDw3hazf1MDq/6a/+9eHPK8u16h9U+apKfufrLqpI9my6V1MmOd6Mep6ArZLnO9EtEeZCVR/b8cmzQb3XowDh0yTdSHDg5TMw3CsBYHpasQ5LRFwB6bMJFJn+btl9dXgozkTS0xihxEQmkfUWnIlMozgY3024SjSuawdcb/LlRRBnycc0Ij7Ft7Cz73tbIt2scXPZ8JSFHn7r0J1WM7vXIcUtitZMwAYmbj7ozyPE/o5fv7QM6WCEmf7FHajpXfDD/XG5vO77m8fvqbT/125DV9XcuburUvBdm363nT5/EOv3BuuTDWvCvz5pPIHqrkY/ugnzUnwrwrxscw094jtQj2FFXHiW73JMy1BBroQU5T5eaY0PG0QTrgjSaLXxLiZKaFZ3k9PO+NBhk+Qc94PwJyYgqE5VkEyPTwXCnVk1Pl2NEajyI996VS6Bf9i5D3v3zeA67GkkIX+7T4G5PpGjsgOE6bU+qHXVff//Pq/brUMyfx2cpq/wO7PuRzu15/vuz8vKDqsRLo9SjUhlRsiU6ZGdjmJBb+0C09rD5wPClTA0w1WEHrcIva4N2aYehRyS0UEFEwhrcseMIPzRMSf83W5lKrYbfvfSjuiEAUJCgLoWEjKU3IJ0FrqBdJQOunojExlOusJwnkL2HX2DQh6/2EXZXDJyJY9wiIAkDgropxJ3G2IviroLQAKW+JRpHn7hpi10yyb/2zgpYFLmmS3cwH4HHIx3gtr83JoH8+LurHi2aU8b16lSNcxGCgtSehtth1T5ATCn1VR6FqOjJKSQ76HOgPMkM0/VVJttva1bVFGsNw51ZR5yk6HerTTkd5I51BVC7k3WeFs701Cgibaq0OpO06CpiiVIg2ktqpqNnRTl0ezWreNyOqVJ52OQll9XV826adZtu/Vmi6rozNYZbDNocmgykJSElGPdMC+VsYLbGvFpick4NGqxFlqEFAECxEC57JaRiQdAzo4mZGlmDxbLht7IZgU9iYpREJfAsxVZjFaOg1ug9XqzWnOqFJhMJqwKzcWnQQOKBMNKp4BITtbJCvo9TBIngqagJpIdg8xb2812XTU4cTVpX8loTblaMiPRIkgfRY4mkwl7XZQS10TDcgTLn4k7hnndLtdGgArdEP4Sq9HIDbmS4k+zp851i4BxK++UvAoc14T+QXClWxxNpODQEeQ6QKkSIKjpgD1/rKR9obXjXNjGSDpN6HTOoveDzu8EAKJDCARNnePjsJK7R1w6RAHYhgDMVoLJcCIjyZkixXKqXGAfCzqcH5JCgDHRY8KAZOUNDCRoxzqtQUw7HnuuMOVcEuKiZo8ciXtRs0MMaec45I4OzGhOF/JG4l7yzYyCMAnMc7B5yZgjmWgkikxNm111a5LUKloKAlHToD4xcr72n/vOX5wENqHERhbEJQiXjKZL1Kf9TeecD/g17powb+G3GAvkhULa2tbVG4ITx6FZ1qvVZrVCtOZFgQkKLeSVNZ1RMHg0OZel4eRHRthpTYpD29yx202MUyLLSBhbaSA9ELJuOdmwCA6u5WBC7HU0mU0F4dDnhMKcaKiCILp3ZDoM3yfiRHfPQOS+SYEs3i267K04mojTSfQ4CVomUFTDCyUq1h3MA3t27s6GvLwc0srNlsDZRnPJKLLZi7d6t6D/AAQ6G1GnNz0O0IS7fuyNPdqdArZe3zmD3e33SDJ0oRJmblS6effTrq+F3peU344JMRNsZgJj6UPGVgLi1kmMk6aShGiUWYeQNpkVHEUfokAabWtbR7gzLyoOeo/0d0pbt45+p+YqOiN8gufYIYvFAu3liMDX63XB4acSYtnVVyoOIXRSuIuIs6FAW9vgdOLtW1gD3t10tHq5WH73u9/5yU9+/stPPv32t76tm7mPE7kXRlAScO7YhtIckp1mPiMP1BfPn997eXLnzj13vvr7f/sHf/GXP/7io2SbxwAAEABJREFUX/ybnLKaQmty09bMihYCd0a1+sxtBwLEb5C061bD2TDiC9wDh4bSHDsjxnh48ylKd+jw1w2Xq5Hd17FE+c7tXIkFAmi3nJ0th8K0jWk9+W8hX/PF+eksy+4h455PLEheBMrhXuTsMVkXVWUrCvtAnCgu83a7cp5C/rBvLXmmC8eVAac+B9NmlrRO06kzVeO2F7jhsYb4ghhuw0AgTi4KJwUEp3Kg4ITkRsoRNTTHpO8DAEMfhH2K/W2gprGRRwyI9JflwHZMoAiMRiNcWq9ewoQZHLEOXneXZD9pTcayzVeEYb/OxXd7EAI3CirzgC3ni+N7985fvmJFozEmoiwrqm92LsHLFPOE8y41IXcdR6yBxIXZM09KeEXTDkpcJSdcInGXI14acLArpVJiXnZOruSr9aZabVGWIojKTXAczgRO8e3T5aKclauTl6dPnj774vFv/969TVU9/PZvPf31549+8pNP/urH7334wXyS22kekHL/jQlPgP9jy8gTs1/0VoJY7EGVQx6iX+w+XmR81AmK9jsxM/56lD7vdVnZrSOiig+8NyVXdpQ+WNQG/AkItQ8++oB9VeHpp5+ePX9uC3JQQhhaHB8VLFeMAkCH9HZQi8JtojWQ6xJObLFcilyHwKLnFnSk5qMZzHP6SWFjDWxXF9V6rQHL31KBy8CNhw4mugT7K5qAsTglcGjwkn6bMMa+m31vNoeMxFz2vgN33UhF5deG15VCHd7OOy5feQ/67N/r13lHxV/Cu37FpevMTreGLBZc3caVVd9eufqtX4tufhPKV49gDis+4YlebynfDgx8U+bv4PF/BVvFH3Dlr0n5azGwQ2Ae+llTvznb5G948Ttfrqr4Zi/6asRQGPx7cy3KD7iyygGtvGYb16j2163AG1GvXZF0zy8wYzXh2gHkOyOKH78zUrwYSzm7BmoHVhe2mMzK+XyW20nuH87zRe2eNl6OwdiY5UeejYf4u2uX9i9VrAU1hUsiUUPi2RAME8mZVa7cVM12tW62NQXLZmPtBFUnYAtvS8hLW+QUcR1y1F7UbYvVNpVpPB1Va2psKisocrVvWo5E3KDCJS/z6XwxO57PFjOOgG8NpWsH2/i29Rwxob5Ak42FKs9qm2/AN1nW5LbNTMuqyJz1e5K5QkKVGI02AeobbKOm0Wt+Y4jTwAZX8uZBPbOVPCYZf9jwBXV8On8y/8GtcUf/w1o8PgYjFvBgV6454rjmBJFkHNFm3PdmUL+AvlqvZdW3G9WJiS16u6HT3JzEhHKasB8AKvl9UeZZyM+Sc3YB7MCknJLxvsjFi8B34NDypwPoHJsSl5J4OhsS3t3HsL87nk7RMcV2QKVj2i+Opr6m+r791qhgcwU2Rzbkn1SJe4c4EFDqc4ZvHOlsMRf3Dk4nVKKK2Ib0K2IhNBJdGwYvAh8cCJLuJf0IuZrUus+PN5JZptI0OuJ3YlgzScd8QzfU7WRCgUwMn1qUY5mQ+kaFHmrkb6/eUY49CYISv/NG757t1s+HjC1efU04nEmaySWaUC274ITQO/guglcJa8IxcnITFPs0XTrMij1peNBbAneKSuT0FLw1NhgZITgMdknGfcIwKNCB+ufRyWNKblXQjBWU91zmB9S/RzTmPoUcHyYgDgdSoBInMDGLaVJuL6GANhcXDTsDVWhF4jO1FNKloHfxti1Ity9BiXLJqwV8rs6rA0eSm4aDJGUm2KwTMNEVZbewRv1y2JzOKKuQwDbsH5ZRvCE0enHIJXb7cqnOHwarHFzXxREptSzzMXKNqSNeJoYjncSlJ9jm+dDGvOkBediL6R700c63U3ZtEHutEl+1VU475hSjajcv7RT0vziXDo39DexAKlI7m4+/pCr0XjZwNwlfd1K4+P2jMAd1+6bK5S8dI0/j7iZJzUhN0qcSv2K567wk7ZIwJw3hVUQ1hPdjBjpCTxoViqg2BfLaYj3XbNfbTbmZ8Hn0zBbRp0cOQAw6LXr9yMch3pnNpsfHx69evVqtVmVZIiIq+GRzHvB1Z+zZmSBFBIiy+QAxOTPeNPRHFIO4Efc1DvH3/9bvv3jx8vPPH//y019+97e+S+Zy8F1olm6HB7rGp7EorgSyZK65c+vWy88f/fpXnx0vltjvW4vp//I/+Uc//fzRj794cXKy9nnu6hyx13RaWqCIFR0yAtORQ4+DDd5vMpngI6cg6FN8B9lUr5YmRFQp/6GjC9TikImLPZG3CN3pc/s3Of+HbMKvfRnuwPDTK3JUH0/K3Uh+RxxjAVepsfDlZjU1ZoZ77cHD5aRw5FxCfhzgKPjIYoE77uj81RlyY5QKy1LIH6RTRE0zyo4CzkwzW5EzGe9hysVJDueEAaeWQp24qjFWkg+SH4HGRGspfwkDBqIFsfIyT02wl+USfwxaArhaI6nolubRSkgX5ZwY6BpXI7gSG4ZdsMLYEq6g3lTCOemxwM74y37F281WvNWZt2Z+GgE7kzRe2BfN0ZgGx3hnJYgUHYIaIOK3U2CPA0fiaSeW+dhLj8j66M6tex88fPXky2q1YZkheMJSLBtebEoLyjlNm5qcT8LT0rLv70SJd2Ip6pUtisxYiDZlFnB819UEHVgNbBjb9jGEZRQAfHImQA7ZIXSgJIxCBcFL1iITLS4pJtClYjq5+8ED5PvOTzaPf/bLhx9+15QFvqxcLsvF8vnnjz/92S9+cP9WbstG8DATJSR2kVEOBFNnEN/FfGSF28rM55PJBKIEJv10Ay7Nw4iG4HUI0cC5wbxlWPp6ll0uRyhgkectHxfwJJNvKOIOmALxZMsICjmPWXn/o4fHd27/8E/mjz/55NWjxwQ/yKE8bI/v3oEpyjlGAmYiLAmDESQlmnKrO4udOc2QjU5z+gLzGyLxGlItEajIT9QJfDSzE/bt25qMTmaszt+uu8loAXNtpfPII2Dixr609JmHqMJIHgwXIBVKRz1g4kMgbOpBXPios0iHmGOTGtRtz7AGdpgDCvQ7cXU3r1v2LspVl95ZuZRxvOzm8J6Kc3DYy3o1E2eyCDtvXN7JpI4O2L/pAC5pYPdWvBJnMakz3pIPoXSvvPjmY/kbUq506evhxUPqveb9y8olwHNI5Tcpl3d7HKO/8Q6Gm8Ine3Cbf50Ao38Nyg3h1es385VRyXdR3srg4Gs8aV/nvt1IufnRvVGL736y4YBbbwOBQvK5//417g3N2eYrKl9PduxagJUoR8Ifz++IjL1vqF2glJ2aNw1WdGJ+ixbQTTVdTOezeeaPCjux5nFDKlHqdrDYx4QIELjBgTkwNWIlENWpl72X5A4u2rPpru+eZcOs5N1Gra9nP5G22lTr83W93ngyT6DGmO2xqOj15HdSkHuJm7Qe6na7qegoICmOfZ4BGhjoNCMqRjjmNqmWM8BHZ8vZ8vbRdDmjNBoUYtsUQLZhOp1cNRuHf34Fpi6yapJXGdRgGtSoAJ2MlKDahs8ZkjXHtCAnHqVYE5xOOmWriSGaQ2gw0upYk03yKR0bE8UmkAMKZ7XgdCdim0ntICZYUOIUO6ORAjJRa0pkCwlrQaqe6VTCrogi0SehTfoAECwyIYJvCBgkB6iNJIyOFSR3z/piizoutGSr+hv8ZFpwqAwOl8EBM3CqLUcNR4uZZCwRI0+Aihhnwhi1FEZDkBkDqlgxzInNtCnfG9aYVbU1O2XX3WT3WbLBJ02LOk7ykjScQIciyqzXfM6RCoU3zjIc+HQ2m5CtMJepk2RG3Gdx4KB4FWFFtOX0LQMTmFrKjDpPgKxCTW4XpNLWuCacLIWt+8DRlyVyiQTqyNl5Qp6VfEYmxNoR1XKq4oZ+CBwBALnL5zjB9ML6cJwfAnAneakoGjeF06CIGpxOJUTjiGGB2SwS9dsSdoUj8Uw0govJGIiKtvE40RTXBJukgDpbjt3CTk51K/iBIYA3XIKUFOnablbVRuDY9gBeTylT5zmwPbm/SHQThFZKM5OuROJQ4uP1+FU/1dFEXWR0GmnT0mygxXqz3mwuLlbn5062UI0Ylsy1+WxObmGMRCTMCa0dByWy5HHCa2G85CRqOFWWNO7iNFoLKWZI1q5iS7mkfceaBbnU5Gwfl7AMuS6o4HQeq5NgzwkoKm5jjCeBHxSfxE1BZ8NpsSlVkOyFlp1OqCa36ATn6/lvSM3/3pgdo7m/jl01tUqMPPh2TLSpMWjQk0GJnk+x4LxA3080hhXpe9sYQRocvNsZPzwvHVJTKA4FPbrZq3J533pticfbnmqj0+ulB5c3fNj8v4khaQAwkBo6x5qFQNqMTpCLdjfP4C/k0FOUqIqS9JGvCWMhtOn4LswvFsQZViIkyflvfI7Q1pYIxHa7rbdVWZZoFDJCwlmDL6kK/R7NKmMtQM4Am1qtVicnJ7RNuQxsPD64tu1apGIdRVICTFFpekM7IlAFGtFiPn///QdPnz77xc8/efjw4WK5pNj7MahaqhyUpGOULMe2xLgYxHJILm8dHW1WFy+ePTu+dRvv/vbH3/rjv/u3n7z618/OtxVQmkDkvSqzyieQT3BKJUhgtM76ODGCYCzlSSMLLEezgM6yK/s2nf30ezqTB0MkjPDr71aK+QZo6Q6DOV1J2h8cxcS3Gj8CKXfuKeaNP6v9k+3F9MQuy+mHt4+X86mrag73QbCE5DtbztGSj0t+fnGBnBHlPGmRapLvl82EGyb3A6S/RJ8QSiyJCqbA5/22aKtts8a9HyI7ixUfhSHyxWZmnxxXwJBLu9Bn4YTE8ZMH0ZpGnlKvTB5YcD+RxRLGwNXMQE+mJQoD7MFOWN4hr0bumq3iJAisjRHvVRRUtjKjHAOp4ESp6oAsDlhw7eMLN1N2glIH7JTkAnvzstuOHw9cxJ/JFRFgVfIgKCiWt261VX3avqCTCpEm0/TRaQLkYoCyspI3EEDjSP5zXt1JOvqsfCC79yJXB1CRUxvifGnQKpLsdRCi4y2k1Oty6qsv5e+bi7V4JdscIYUCbwJzWcTOUtzMbLpczm8dn79cX5ycPfr0s49+73dRsv7wu7+1efXq8SefPPr0Vx/9rd+9tZzKVnNevPFsEOmjBOKZ1yfedDaf428NTnh0hJxqN8tvgce6HFoijTPf5PIa/Q9iiHcBfjS3pfEo8BtOpIpcP0ueBS8e/mtvP7z/O3/4t5C1+eLHP335+RcI8xIAd3n3VlFOgMOhyZRKwBLTk3GGjAokGQpNCpxCZ4Fiq+JFOf2AbX14VE4ycshbe7s+fdVU21B//zi9eWuKQDiEGMFIrd4lrjDWFCiCYWQo/3ZU7fr9eg2nj9RUu3+we+703wdBS9f9AyOLc9CUXlkObuVmXveOy4EQHaulJKO7uIdvHX1L9/0t7qaRco23HVZ1QD2vnIRL3mZ8R7L6bpMHddGbJFHzZRWvbOkazx1abn6VUzxwvfL6W/T6T17+RIoOv1aI49Dluv6y3ugwg8bOvzmTN0RIbwSwVz38JpuYXVsAABAASURBVI37S39+zcvr9/abR1S/XuXrz5dcH5F87cvrzbi/gRqHVX5DiIDXunWz5ZsABl91uZrcwJV3g4oQdq4kj/vx5g5ao3E3lKu6dXPVegXVEdv1mUND7ny5KGCamw+MecwxhE3fpKfeD0FJpv8MRWqdKxey5/ikOBdtNvEMqlhqOVw/26YpmnHdVpxIut5Q8JK2aiglji1mqCVhj5OJs5lDVTFYyvjeNJtts9k4sXRk1M0iR8sEWqjJ7GpRYZ1BOS+Pbx1NF/PJbEJJj+mIoGu31bqmYADb9Xbbuk3mK7Ru5HlV5lVht4bOADk6IMnBX9gwB5I1BtXi9CZW/sipR4594viEkEyPmL1Eg2G5MscZAE2cMZui4pDt5U7SnYhSOlVG+TFoFu2upLLwcizSSxIACrSsJiqy+PQtcF2bPUyYao3iKmsicz1yqeuF7VM8j/VawqLnnJklJ0U/WsSAPBzKsqAcOnjJcmImn7zFxVfEEUH3j98h2kFXE6GlG72PqvvUKWQAlgcUv4eV7nS8ElNCXuhqT74mW3G42XTBG6ylTCxTXM2JBBSRCMc6mUnnvS6nOPFI6my9DaLr43f7EGZG7YxAFg0Xgofgd1RuU1qZahuTmHCyFF13DjNThOzeuXhy6AR1OWUSXX1/FhSoEttlBzwWgquKj1pKE/PncMQXz8me6IsAZghtIq1ZPrSsC2xjlADxOik0NRVFx3fVtiIkQJ845xwapGJPE4p/jzU0nk0cTALiyYaBEJlJnb3YbiSR7fGPTz/zfrQ6bxOcwMKlXhfSLkCvZd/XGEtwjm6lReVotitKtLTdrAlg1gIzjqPLgDhmTSjbVJlxTCByV5L0RiHWCH42wWNDA5xwdJNU2xyMyz74uqjPkKRWj5HX5S3YPsc10bA3wKnT2MwerLepR0g0lIX3EThl1gV48K2mSKOIM5uNvlHMuyGWlQuWcavmYNN3TTRXFhhotjso9ePGmrdgAbnk1VdVNZ0lThRcEdvF0o0PUqdCE4Bassn3He5iDhj+v2cEuLrzZk9HtTNKkzumJz4YbfeqhOiMqmZIs95JUeAPW6DrxhjV6wNSPHTNFzg5mS4rfaXErcR/bCmxX8u+dHgx8j3xCx0TlsxkaBDPeVLKckL5dfC5zWa9KcmijBYgin1GrnlgYdSyEOdbPCKQdk6n0/l8fnpyulmvq+l0xufajQu8RRgPdIMw3YAY0YE4pqmz0ghuvMGC7/rwow8fP37yq199/tlnv/7+978vJ56dG+dyxbbBeSwM5RaE/MOHD37xq8+fPHk0my+IjlrzT/6DP/7hzz55/OL0gtJXoCkX7atbSkiSlcgJckClTEhp6nFHjUcnvA5/h+KCS2AyETcwJR3OHLn4G20OlwNVeV62siyrhBGMBBz/rfPi1XZTXKymL585035gbi8kph4vMxIzJGpztL8e4dcGCS/WoWSbZGY1hc3ZMYNg0yJ5NsSsTIBf2XrczU1RbJE8V5Vllgoli1r7IW4k1nMMSArexcw/O4xzv9glHZlhQfBA/lTetYn9TkNfuG7XemLjnF9hq9NizhiCNkNRQMu0VlJmMoQ7sQDz1kba7uu1s8ZvkXtAVrsskaIz10gICb7hlvi3V8CozRTUMGxmi7lx95C7PN1WGtHGMPrI2FfWZLz4RIQJYtgzwytt9GmzWhDgmpopiC0mFExFFt13ZwhGnN8PX6+I5BGCXdNuV5tyts0oGWSLnJxDKdW0lCDWUv9tkS1v3341fbW5qB798pOjB3fuPLz//re+VZ2dnTz78uTp06effX58/y7zwrRl2lalvhDeVPsmzjTCo6OEI2HrkNsjp5PolTCU3MzbIjN/s8soqAQ2gPyj/KREnkX4GEJRFE0VMZ2tXXPv4YNJ8UdIZz//6c/OX7zi6CaUzmt+fDRjOcyF6G0aKklb7iKgKo+1a36KAnrwLSPtBsuuyLp85xgZF8SesGr96uQ5yjHjY9sV/w8imq9LWWHs0f5F32n7/Ogtn+ovvDDlbrSLEJwGD+svRLZutH/BY019ErXpxLul73cSHr4qbMCVfep/P2wwo+M4+I2XLNHulxst/s0xmE+1BSOt3ewrxm8d4iDhk1U6RB7/StjZwUD2dbU3rt2QCeG270WBea1VGJ3BK2u+yVtutlyv5bHaXwEUdHqP13/59R5+owXYt7Ouwgz7mumKbO2o9Hl7XjWhQd+/eOC0dLt254EDWhgFup1NjZrO4td/WXz25/nqGbRbcMSBm2zisolfvNd8++/6b/+By+x1Xvzuyw0t2lexJX9TXru8IUt2Wbl+s/DaN792xb/W3dd76i2WcV3i3trmpkqiVx62evhL4MBr3RsPvnxYGeJ5uHaF65Wr1Mmjr0s5hPSO36lp9l2Bvbf9zsP+ykEmqp/hl/F617o1UuqK7Oh+ebw0tszhvcY99Vk4/gTiNCBeIkH7EUm5TJ5LXgzRhNOKbT6U1EuA9cmMecUq7eWwdtZUzer8okJj7XrTVBTZusjyaT6ZZZNZXub4frxYNY6O0tB5WajoRDJ4N8mKYEz1+G9bVxebFWoLi5ISvi+PlsfHR9NpKfYY7Fe92W4u8DX4PNp3TWXNtsjqPKsnWVNmDelyfetjJncW+Q1HzM8oaTKfDtNl4fgRLPlrIAmJWuqCXcyyjpptxRknnZkWqDMmM3CYRQpZom/xIQV2p2fq2VX5f542TWMhRmiKvg+QJFP24Vkf9UjRf0hf2rOdC09npQ1euFriK7Rs7cbpRkMaqsoLtKVNS5tN6bzghFLn4NMUp2HCVm32yOGEO2HS0rdABBhIfvJ5rR4VhgBUMLY137yMtwZBscPz0YorhehaK3U3oaRCIHEp6By7ukxwmJccbC8gASQn0vl3pgYVn25qH507qKLTGDamczSh9DFtkp4mfmGnnwm7mOS68jr/4VS8nrSMGGh4+j9VJ4ZHNFS7BjJJfDl0dLSpa3EuCQDYuvDJCs82mvY6c7qnf2xm8+B0Ytlci3UkvQ5ZZr0Rs2u1rfGv5qQwFMKnqWgSWslSY9jjJEySNyax+Ymm1HdjVqVfCEekLi6Utia3FNeEv5DxqEtBhfajgUfLjqTTA5jAPYZ8HE7ifDTN6gzRz8WWAYbCJLA+ljNpZTmHw8FNlFMKDivuHhQuXb3H1NtJnWwEfwbfHRP2smAWtZTTQVuafIFVcVshXxMK30IJgzJOrwRskpCpMGDiGunQFU3YzmYbZs1yQBiOg+J43XlzcB8rQr8UTEWjsAzly95s9SJjjPHch/pzvP2y4wnyJm2N8w5hqLu6QehpEnanpPOC8sNrvUYOn0yvaHkH117iZHMlR/Ju1hLE72bsRP2u05I4y+hdvsDKEdlBgmNbz2BdbymTV9tq7B9I2DnZIbm4dGUhfRYi4ul0uuUNUdcN+QVWFVHFouhmQv0JoactikQxBpcDM5/Pj5dL8lrbbBb1gn2+Msmc4WHMD0vUPKxhsbw9KeNDZgPW7kZ8c0Wbw41/5/adDz54+OtfP3ry+MmDBw+ObqG5qQTNlqKD6+YgjFrQDU7GYlbcPlqcnl88efLFex9+Oytn3/rgwT/+9//ok88e/fLJxSyfrKptnhXOVd4jq5dzE0iGc59mH/Q6DZ09JqCwOFvsS0thC8xN7e0DJkkG+vVBbV/nAlG1rAtEf+RsxSZ8Z6dr254aeFZt5+v1DDnRBaWXIO+qArlOWmncJUhbm2ZOiUia2ogze0NZNHk75MSnZ+TbShFU2NjqLDueFVkzLcC359uqRvnCQ5MzVfSZRkci7/PMSAZBirZG4oDlJCzUW8updhAuiW+laCthFMqvBxc59q9np1zkGKotMW/ZZALMu0Fuo0TK7BR/J+ct8JKezRNrXpvttlwjG4FbYrqYA+UJUujyX5Fm9fqn8t9eCbgg8EvCfOq/Jhhqi3wyn5bLZX52Xm/rmPmPW7CSCMlrfD9cZYqV4ihpq8aE5GredEwoXSFhrK75idyChrmk6DjewUBZkMo6cIlGJlCdhGiRT1JVrc8uyJU4K8FZcJnRtJh0ggEBsURx9/7devvl2cvnTz771a37d3xZvvetj+9+9Ounn/7isx//9MFHH87v3aKQkUUhnlcGFNI4oo963BgbSBZlfyyQol2cn88XC/weoyD+pnxVJc6+40ibhCpaCjfCsVA8Akk2yeumKYvJnfv3fvDv/cFsNvv5X/zFy8eP6qZCmLznXM75Xx2o5Ok5MqdN5NiUhRrIjno9brMgmSAEltbemdh5QYmPVw5WJy+HHieRIfHJz6+yxFQ3MK4GDJ7Nya6HsX7D3sFAEMLVndwMmwq0r+++An10EbUKYLqofdAPKpcslR8i5uixErUzPpE2hkicXxJnYK/apC+Iv8FyHvDsmzR/3ZLQUg7ErKxcuhV6VQZbJF2Hse+7pNqPpHQZbW9fnSvKtR65WU7CB2l2l2r4nX3VXT2gzfFfxl8rwppsx1TlCqOLd1kHzMFdfbO23ry8y3ftlCsNrjeyxVNkBjsE5+aKfws5Yd7W8kBQiabuOymOv365RlcvrxruehNS74ygx3AFNqvpv/tvZk//R9j19Wy3Wbs11dnk5S/cX/y/q/f/oPk7/2tTzs1vyg2W32gz3nE5bL5vCr99dcThGmVE4eB3f/iDHvwGlNQh5JIa8q33T3prl1a9KfW66vFB+7D3x9so74bRGcsVN1yCHclhrF/74NJ3Jp9eNQDjkzt+0ALrG91A9dT7aQ4qcN1b+x/ozxTaK9dnJ3B8G1UO8xyWdXPqM8PODd0Tw1GN718xrrfBOh7dTdS7hDV/LrA9dJFN7a5x5DCCCpGL9WazrjeV9XaSl3NKOzEpfT5xdmIyVNXWF1Wz3rYVZeC2nB1gklOKGtUpOo8mIzp57x3qZWdHi+US9WRzCkiMil3sGBpJt5S4Z7XdrlHxC9blWT3NtpOsyU2dQUvRUajdpqZQFmy6ATIX8584kaj6j98nAKWGW7Zy8G2rFym+AyXvyCcFKiPxj2Njc4gQG/ImQ5hZsGEG+9axZHLVEYYjRXMWF41pwe40LpxWCg/v+Blcbv6QCmR3Y7NZUzdiUWYdo+EALZPpfF5Qqg7LiVHYTyWLqioXwmpLz90Ov9/ziTHdD2uGAYBuEl1EETRmlN61UDJcSm4Qz1l0avmU3C4yM2zIp9AmElCEvRh60U0Gnj1BkRVsB6qjC6Z968XPo3tQnuEOcNQQjgHELgUS6YRTpUy6OCE56bc5tHHnvBKHnPZkYPzqZPLkwdTPQP1PQoPiZMCJnLaSJUZ+UkQNvivzyjKYnJjsIFDz+/BGwGZ9ly1IHFuAPTYIXbQc4IRjnDQc4QMH3gbfHR2EGl3DBGNP6eCezn8cl6rUyAQgsXc0oAlF+5B8OrIZM4mGbsQrrsdNR+k49dOy3Cj2lU610sw7SfpTbbab1Yo8kzYILVXLG4f3ZmYnk4y8kgrcPkWhgYxFAAAQAElEQVRZTjg4esa+ShICibw4qHoTvE3aEErHax6TuEAqNnbKEVkCtJHjL3GSIvP3nLAmB3QhTxcB0zB/faVqWHfZAEmcAPVhMwGsDYeQx6FRvhGOpCIYPjTSmQsDvJm+aHu14TV19TjQSnutyl+TMiT74f9OZxw1j5J4AdK70OHSsJWNEvPXRZg7NMJ0SkL67lyXdynZjF1XUy+Zd1BSxGUSGE6NdLDjZKlYg5PoxN1kxFhH8UkQsDk+kHecTwfNyuRXpzNNvmjyFsPmX5MrXisKidJm8gztN9PptGoo4VlF/iJb3Os555dL0+qEznZuX47DAXGCDCEPMJ2Wd+/effb8WVVXFxcXx/mxhA+5HNQhEBJEm3VVE2FCe7YAz01vEJk/Oift3KScvP/w/W9964Pnz198+ezLo1vH0lFEuaZVQEp0uB4CRtNwLK6+fYwMZ/Py5aujO+/Ny+nm4vQ/+Sf/4c9+8dmzf/7fVRmcn239pES71XZzTgZSKDgCWCuOnJA6S/V9bIWYRY894Wwk5EwmOOtdFbiRKMV/A4rQEq+Mo0Qps5wDzPoCYaC5APd0Wy/Wm6N8fa9cmEnmGvIjEW6aoo/kWVmWKAD4yAszW0ce6RRQ0LJlnoJ1IXTiayaGfE1NkcFiaqml5mxT1Y1H0u0lZw0KQuJxIhKLo2BibD2kDDcUa4QpH8f3I+dZcpVnI5WiikAfgwtUyDZIm7RCEJ4ANlRyIBbgWI30palNG5ifKFpSUBZEx42r19tNscIXcLyTzFprvsICorjucHFy/Sspgf8zxmjMSfCBxLLM1dLlPJsdLTcXy/bliaRA9bpPhfJZTltERnR5sg2IVMX8oAgQRBee8khKbNay/5/yqoSIMn1kxHd4P3LYZW7YrSR3rdusLibzqZ1kpkGgaUiwpU3iKJJfOakaf+fhg/XZxcmz5y8fP3r55Yf55MPZrVsPvvNb5y9ffPnJrz79qx9974//Xl5ONVgiZ40VxCzBdXxgik2gplSBghBuz8/Ojo5vcX2fcmz9+R/wmb8pr1NgTEeYENJuhkW84VzADHOtA/ZUIykiJyxy9/33kDlZrVa//ulPVq9OXiLemBRFSZJkAZQvKSZR3geKAytuGsmMtgDzJ1IH9Rz3+XTBxmfr05eXxTj5RhUYSV+zA+egwSdlZ/uhST2taRIz2lBfOHyfeM9FaQr8UK8CZsfGmjQVxMbOY2XYkyBaHsQq9hqAQyse3OL1yus/6m+IBfR7xK/D2vcmUVt3j+w+HMMHJLeCeunqN/n9qWqu6Jy5zAB8QBM++H7ubV+++cNE2DAQfUAnX7jFjrpqTTPChux0Jb3Q60Zvdi8ZsuLGfo2xlsxOnZuBwGuXr+zFoQxdb/fjnegQeGDDh6GD+MYO+d1AGZ3WPUt+yNZ9jWWCnuLtkFZ2R/+683FQdy/bR1dtDlSUTv/y/7/87F+Da81Vxfp2+vjf+ac/rL7zP6t//58aOqFwWf9uBgTeRvGX/Dr8ud+UMXZpf50rG3kHBb75i3gl5b+JNxx431/54FeupXsDrQkcfHG0Dlx+O/4Iwkl3CcYauerFXy/GR/jHS3rV458P7/sOA5i8sTNDdDVh7+P9Z7WF8F08EoxKed1TsLdDQ0ek/iJ3oWxh51Ho33mjdUSN/Ob8NLO3j0tzOzPntWt8xNB7HmFBGPrJqUn5RY/6gceJWH18ciCedX3itkGW9dXq4uL0bH1xkWfFYracFlO01k5tkbfGNhRiHbW9blX5dW03bdZ6NBdnpDzJWANG/aTQ+HW9WV94cIvlbHE0P7pzNJvP0f6Cmhc0Dju0Lq021cV6hUZiA3We1wX+WYpuUlJwa1JK0rF+YE21K9BSTgZjNt3ajBeX1MOsyvRykk11h2BUNQdiiLVqVM8MHyiaTOdlXrCpW7PAi2U3cr48IXE5EyDjuPCi4YE2SXlDWibJwRKUk8AnoinaRNcSDBSD8WenNQpGTXV0QBs22v03a1StA59cIvWUKXIKmkAhPtC4xoE9IESI0Hwf/F7qbxZi2qX6q8uUFBAVOGndYHsdOAJ0kAfpwC+36cThD4yRqdmSjI+Vuphs+VNs/ziugqNTFEUB6ulBOjWgADMZD9zFNsU1xHSmPt3Rshu6zoBhP4BO0RddDchzgD0JvFgtvMIV5JqKhX19MrUHsw0DyPrmo3I4TnKnFg5aqpiZRXxW4vJBEONlXKJSdpxFJQRYIajgLCpNDF9kQt4NfouN7iV8wYlnjUSDifPM8e1ZtU2eNG0j4T1qt2VHk3qzRaW9Y5WpeEE41yFOr/qFBA/yhDhwKph6Y3233BxPJVPXHDmByol12OmkG7JN7I/xKI5+2nFYcrJYZJuuqc8VQcxmtUboaetG5gRfNp3NCw5nQo5xZYmICD+Bf4pDjzcasqhiNw4fQsWIvYM7ZX3nL6VA1oWPEh+pcOi0nM1ySXElviacTEcCvaQkD/o7Ig4KYnh136EUGmajHcPVrzZbF+NXJQhEQKWvl4ZOk7CzN6PYbczQju4H/g07ZWDs8D3F7Nj365Sk0+NOMDdtPh6hrXHP8ut0O0ciINjDqI3dvwGPKu9PpXxFvD28vTPYYOjvMCrsX6wbL+n23L2eliEgEZ70AXy8pD8QvEZxlYjeNRxRSWM1MXHvGuv4Q/6gKAl0CVFMkYtXDjIqRVlMqkldr7a4U9YbyqGX5QUFU1I3E2M1AlUyEgsxCVnoK+7b+WJ+tD16dfJqtV7NZrOMkbU3w4NVYdjexHAIdNZZ4i21+cS81aIYybm7d+7+7vd+50/+7Z998fmjBw8eSAArsl8miDUBdc0Xwt32OGcI2CeFPVu1T54++dZ0NkWWq7D/9D/8Bz/75Rf/9oe/urO8fYFUp/XVFrKiyMtcmaCEngaKZ+KiWZpXw06OTEi9GOM8R6GI531fv6TMfRjVQRIjvNaWfWcb7IYLuWDHSIn7fCOY3412tJDvhDFdxvNKkSMcuYZM19UGBYVZ42aVuV8uyqygrDeOY/qETJa463DL4K6siHTh3myRKcX9YEOCOmJKnEoo2CzuEsqgRaAyIQYe0UK1bcgNgeMPiXuYadlVHjjJjkE2hZbbNkWm3JJEyECWkB00OUElNdTGCHjKLHcCIVHSakuMPHKDQN7DmbJQ+kStLqfqpKZAgEBcbzd2Ra8ryqnFrZKB18g+JgL2OwCXiLVMn0Dq3cgfjPnEvN4uOLhn4sAXCYAxPcsge/jkxXQxnx0db9eI/TcpoxJGxXlTedqRw0RGsm35fAAnn4VE4I9zLoxR29T5JB8VyiP3IIx4KoqMDMLoNHUVvNEMnI1BORkKWyLIZAj1LvOE9p11FDAHN4CB5f07yJNevHzx6JefLG/fKSbT9z766OzFs/Pnzz/5s//x/rc/evDxt1Aipow8JiN3S04SC+IgQ4WATxy3sORFsTw+Pj89ffX8ORK95dERi6/2K8FLfoxFS8vbha6vrnh2UYW+PA8MFMCL100IAa0EPWspilKWTZbzv/UP/t79hw9+/Gd/fvr0S87ySiBz++5dSvOp+oyIf6+gjpfwwUfQIFQ2AAh9Tb09oLF3WaCPGmGgk+7F+0tvplbKwXWTCvzxoljCTc/E6NNnYeeTmSJINrs0BV1GBTN0e+n1X1lE3wn8nWpl76CH12E4eBiZjeSJK1rf966eDBgqXvaqK5p73TJgTLtpHa8ROM9dBOOvgnLfh4U9j3TXRqvt+mZc+d6bK2DMNfjmsZqw/1byYLIPY316OJ36/qRcoqM2cUdpijAh7VHaNaPGhnGHFdU1mkQndSnPn9a8cvCXg93lJe7Ut13eYPMdsnV361xrwysOMfufGeKq6+qJ9q7Kwct1zf16xcqC2d84BJnUj2UmGgx9B92P3NrfxYP2wHDLJvGjLn9SVU7b9fG/+K/K9TNznYK6yfKT/9Y++0X1j/4PfjK7Fvq65o0bKP51K7zNTl1dvtq3/6ZcXt4Ve/Auiz/gylU39lZJ9QY3Va7VFuz/DQc9cNl9GH1i14tktNrlr/rrBWnXoNSjVXcuHngwOJEoBwJSfD7hKs3gkhne2tVUw9DjZOf7bn96v+GNdkafZ0Z12Xa9rvL5JDO3wDyn/OGpVke1iKkSzKue3xs154AGryaVYy92hWhMWWriQ7DMy1CEBEe28/Vqc/rixer0HJVm8+NyMZuX2WSK6jPUH7aNaRqo2+p85Te1rR2adwpS02YejaoFHcFC7QqqjCmz9rbKjZ0dLW7dPZ4dLyYLsvKixQInfrPZVher7cW6ocjb0OS5W0xcOWkmWTsB6gV7dYhggRNbTtGCq6eVgQ1HTng40YUbSTYfFQJs1SA7h9GgDjlIwAi0AZdTCW/A6TxUtOezSKyPNz3hBcKfkRjPcjTSBa+CoLlmsw3nA0nNon2LPOwz6PYsqeL00LTriy356wTLsVivJW8Oud0UE4lokgcfAlKcAmvXuUFWfeOzli3QtNbSTzOGwZJu+Z6eZwCdHYYEASeesqESO9qhLy/QP68lVgc2PDjxOCHrY/A1wbsSkaIoCgltkk5y4gqgP7s+QDx+0SU3SMwNbLeIZ9LbNngPOHUDEhW2FYel6J/UFfERia/z0RzNfVIgsX0LB3dDktpIhBSxvDCYd3Va18qkNK0WCfESM/uwX5F6ksVRaWaVZGL5Bbkm6emS1+h9tB62FC6DnBgoukdLeYzqqmkquqgTzBNgoA+oRi2qRlsDnU1yKGFQx+5BdKmR038c7YM9Tzylu8+zSS6ZKtiW1JJhyEs8A3bHCQHF01ergcCoU1G1JSv1Zr3ertacBqiWpDhi852UJXm5IOjMprP5LOO8V+Shxc5bRnYuB9mXpDxdciIX7Ny8YwYDF1NDCq4yDxL4nIGUcFVOofp53izHIbAhULwk/zI6YwqWwVircMXITAzouvxkhufucRwaSbYVFlpcglzcEoO95t1IlnNzFRXf3ciX7OuEDEWtUoCTsYcOiqsX6Viy0/fWvGwwGgMruN2EyynXMNYh5+Lmsp20Tr2y0jNQHiLo4bruvS4jkFi+1Hiql7vrJujbYs8TtdtVgQ5vugjWusSuFDFDCptecC6l0NGwVUZc/Jqm2W6qDeXTkWPe5HxF/hKOsQEILlC8HRrP/sv/3T9lCsdzxC2z8pK9PdAg3bpM0A3hAgqI4AXVikm5W1oQF1Zx2eMx2VCPnFMqsoducnZ8pcXmxz37uvB7dXAMtMKLeL3O7Wec6IGiRJjAHOzqk/bMobliEQxlXwjVkD+YzxcnJ6+ePn02nU5u37pVcPo05ZTjPujp+9SRpzacxiKz223z7PnLopjdfe/+anu2OC7RhvqXf/Xj7YacR0ym3M90tjCQt+zmpqGbmF7I9EWyEEAEBN1CRHKQkEar5iGxJatFWfkruEJE6IkG4cLAJUje8drFJ3+wv87OK2+gvI7AHZWWLum3ShAJUztaGFlqWCeX4G8w2KSaOQAAEABJREFU4WkvFx24BlkV5KqR0Fok7t7Vk6zgnWEDCCiHRGRVwN6KEc5xXD6h7RLHRPL1qRQDmmuPopA0rbhMcZAMZGo53IpsXNlNDFS0E/mUP3sncKQTr1udPdwkSFRqJ1Z0KYy94SgrIAlMOAcej4Lz7EgSHqNpTlTWMp1GhBrPJIoZe774HjPnA46Bzi0tnc4h9oQDQQd2vgeqEFpVf72edVQvmh4/GkQD/bgEob9OCYFHFSGGzSl7n/2JPGVEQqGRglo1gsCN0jNdr47v1MuOF0ygLDL1EHCwUasxHyYAyeikdD62Y+UzkfdcOk8mWZrdJeGG1LVfhAaKjkOO1ZK+0hoWq7PJxDVEKxDAVq/Omm29vHPr6O4tB81isXjyy89PHz/FHfH+tz5ClhSfUTEFiRSFbOFjF+SD1TINUlRJITEKEgVX5+c4XfPFnFybKWaQV8FeWXLZ7R6Gez5RnuxZ6EMAYLTO4RffRjnkRf4m9JejjezqR2Wb8W4LsqK4Qxk/XyzuPrg/v3V8fnZ6+uWz7cWK4NACyioFBUUTjGhiYlWI8mSqVrA2RguVtwYHfgJPxEQPCgKJtTPrs5M+HXnrKzKyFLDzpbsA449rnJ9wNXDbAbaDhKZ35VN1W+F7siKJAKBMYne1IyYm3lI82b2xP4dyzikJoWKMmO/SHustRcw9lWOCrrufWrObmYiUzWDKBt/2rChc8uuScjnHNcSPpidMjdQ86I27PFs3F5C8IPrZB2mgXx9MpL5xt0D/rokLMrwYf4Z2IH1drwP9L9rH2OO0A5AMLg4H+hsC0jGkc5JcTD9TQNl56f5ngzxm0nkD05s3MB33LtfjhEAyw6noF76kdDgyQUEciAAfb0V8BvEtsVuxVyap3xtdbM4MBjICjJDOLOzunsHXwY89Vy4vN18/qeGv18CVbcObjzdpBy7FRtdveLgnBgsMYBJg0S8p82YCxCbbogOmBDbgylfvVLnerCdHove/YvgiMIPx9fa0SXdDnJ90s8YtE0WDgH8AengsPpusY6wQ3pefPLn9L/5vk+rUvFbJqrPs0z9t7/2OmS3Na0LZ17XcAGt5Sdtvs/XDSo9hGrs1+D646Pst+P6Xy7+PPrV78ZK3j36/tNz8hMNBd9OdD/sf3YcNBugDhnRw5G3X2IV+72+/W2Pk0qGzegmUHdLaDawdjJMaM04sIL27i8DNgF9Jvg+v9DB5v1p/LTve0piUjA1rQq/Z7uLgyQHVHpAcE/nbtM/pj+7nkHRB7y1mcLf7AulPgD45TAgTJCxr+niok8B0JGQpz9ujdiaZIf7uu6mBtAkDQdxMngwsfvqaTpjwkZNO2VxjRJ0TxtBx2D2+2YIOyfZqQjdaMDb0O7w36UzCxHeTlYyzm4VuOGiHgbwscyitP3GxT+MlsUgFRaNXjxMxnct1nggTpk/M6XIgEC24dbXZnp+enr54jsqxyaSYz2azcjorykVe5mhErlq32tSvzqtXF35VZ63Lyc6awyT3k8yzDwdFhkAD9na93VygNWZ+PDu6vZwfzSwOAyujOq7161MKo7JZb2s0oaKloyiaZYl/7fGsneeU0t05VDSj7ZuCH6ACr8ims7IsKXO2FcUwiAIbwqTI/PIKi4IXnCwWeSqUBQcFIUswe5xkrBuU1fKpIwadfmZHlURRp3YKJ/o8UX4CpMqfABkGgkE8rkiwmEpTYqe0ov9W1aDRxBmtxDWp6y1atlY4e+u6qgw5W+TT2bSclbPZdDqfohVpMi1pFDQVZP/hUYvFzSd4JAqBvts1xvSRQUDgPtXEMmT41FTho5oGOhxCM+37LfIP24GjT0CaAZJgzcoCQmdy42bZjt5QdBMc/nq9uVjR8NlnIqeAERTdhDIzLebldCrhWwBi6hkIYB/DfhixWaqvSYAJAZPgBhES61CgQJz4ho7XU34WMupLBAwyN0o8E3Lu0Rw+6jcRfDjivpPwGDxbYWIBxHIhdUMaHnaemah3An6JBg7pkDiVSN6cmlIKVfIncV8ajbzifRrKQgYI6kZnOY+E+EDw2+h9knyIp1/sJmTOaSqENzSmbtHQW3MynZreosFdTIfkTQSSTvqnn06qsJmJTbh0W7AN3ZWQPPmEhopK9clUf+bcL5tzIHyboMVuZ3mj3j6dViLktaD9Q/OBkHJ+sb64WJ2d4RcJCESjpDgqGe726Xw+Wyznx8vZ0XK6WFBKHdr+JRqG2DNHY4SwcZqjETSNBHcfMixhD8mggU5Nk9sHBeAJjnE0xdNpSX8cf4j9XWh00mfQVtkkYYO+RkBI4VHwWM7QRke6OWcSA0BNSY4qDgLBabYEABTt+B0XtwQvif61RzXELCEeKkkxgxLNPbLD+9bKS/5MUN2+SfE+QUqpVtnAaE0NPtUhKj9AXeljAOOdZE8jGTj0aiuAdh+Rm9DvkfURbxBeizij+n0Hm46NWqqD76HkMDTpsvNJz9m9rM8VXDL1V61KMusQORBnUtMsz7XyS+IR0tcZBh6N8QvIO7svgXSjBbc14r3ZOnJ3Y9iuCBFtENTbunIcsRV0zBCgz4TAAyA2FrJYGp/zP7I1qXOUfw+MZF/DUrktbldsnWLYz6aQa5C0yNkztknIZjiNZOX17MeJbSEDslqvz1frrChmi3kWVp6z2FlxbhScYphv9bF1IPclzvVAQZ2S3I+92DijyxNw7eULJ3xJ3OcOsdDDDx4+e/bi819/8f777yPOYxYhG0odQiSjAUcQN5j5rDw+mp+8Wj369ePb9+/60s3m5vvf++Bv/eBb/+Jf/QLXj3JYgGm2Fvm8yWzSsHsvL5X1MeCP8kvyg917rQfZXeocHXYv5bwQjO/EYcXE2aDEKFcNf0+B/fMW5+FAAyT0V6dj20MZbecSZv2Sp163DN7l91wbXNrtYsvgKQjVDZ6RRmntcL0cMuYGSrNq2pcGPl+vJ5PsvaKYI33Ni4CWyNsbv7bEtzSmbnzk1ghcye8kp2w45BSLm2Tr/UTZWAIKfI2flhQW0VfnFccpyUwDnCfKdEDESAlZmcoKG4XyjJKMjD1MGaoY1DteDTk8Yrs1Gh3t3LY1SNS3zrhKnBmyshBKjcyEm+ROYkG2Rj1Sw6SQ61xNjhKb7ELGVszBFuLTqkEReyTYQ8BrN1uiZrnHdeu9+PLEdSM+F251wvXrvz4pvm99N6F3YQMpgqDMiCgbGFgcHbMzEZy9eNHWksBSTkMLQRemX1x2QdLoMOrr3pGM2nPkDxSotrhqlDWJxLrcBLQThXvpVTctHe/UG1rKYwWWiR1BKKksCW/VeoMdRH7X5szpFwRdCC4ZtJDb6XJ5fM+dPT/dnq+efvrZ8Xu3yyUi2fm3f/C9n5yeffmLT1/83uO7H380XcwNOa/gdOTE00PGDHYrsymUSemTMYvFwt27//TRo4vlfDp7L3EvM0ZDnpr+BOnA/MEreK3yho9/c0uPT4taGNNxFkGcAYmMYoiAWgceJaIPfutjFDt+9G/+5OUXTxBiWdItURKbzmfIv0QdV8hOtqdA75xBLBPEVgYasNuL8x3Hc2VPzNemwJ6D7spFJDvUi1uIYCxxxUkXQRk4MNElJIZfhWRDBGSRfIu3Q5PDPgXFhXqW6NtDX/TJNL8ICLnsdh30xxTI9Pie3HlshxEZ8+iHK1j9A1536I3xe93MvvMyRHe7UO7HwnNc0pBXphh6F/sxTkbeGtmDCIqiawSzp+IV/dlT4Lrz/Fpv0QeVwsJ4U/2f+isMWfQV3GMwYz0K9c1wmtKFSBdOavoxtDh6uRfKIV0/v2dErz1TaQvmOo1cXT/06SvZW5eUAOGXiDQwQF/Q5SUzCRwfANCHLszIdtub1sofmlDKXG/yd4cDA0ozPuTLxhjEBziw/vhOTTacGWzC8Sb1t92c3/rX//ei3Zg3KFm9mv7r/8fmf/5f+Nlyt3PJP9+88o3tuJQb6D58pRzAN7+8IdV5h8WbsUX2+376fTUP2vO9u/7tw9aY6vVAERfGfqaf+xoaqbm33RF6dWmjcFlV2P/42BPXBtGU5LytMtZ2N+oBjwfjz3qzZ81VwoRB5cjVxtpyUTR+iSEppasc5c+EGBkgBxF2JmfHnjforzeXL9t1pzpwAmhbXa/qYjnJYWr8GkaiSnQKMZmE9FCHj8Jvb5qBQxR4znZOMbA9oKW/2dZFVpyfvTp78dI1LVprj5dH06JE6/AE8kltmvNNvdq4Ve0utlntMsPhGTLbohI4cyan/7CRptr4usqNn87zxe3l/PbR7IjMvaifI8suGpUuVpvzC7ItoTatKCpr22lhjmbtNK8LqK3BWjVb3UnWI58DypxSTieBmIGopI1TuR0STlyiCOhJS4pxgoamaTmbcIgU0Um7xIyoc+Z8f7F88r1bYZVjYtL2MWOt72Y4nEpKnYG4cSum7mBRRW032dg4jc5WXQochZ9ZHh8XE4luQsekKXYC6zPDG0wfD3PrCiF9WXYM8gcdVjiBKK85GCJ5GJwT9sEWGXvTG3sUMpzvzJKSogUhjxdO89c4t1mv2cKusRyw5JQPZabJg4KnCLkTcDqVZEp9TG/ifRfzoye8JlEKkp77NrxRQlZIt+ULznacnuQ4thpSILHIpgAQLc1qhJY+cy4ojhSixXL7EgZenCpa18b+t8k8eP6peVvcTmQj0zmBhC6Rrtro717WHgkboplY2MeCA2a0ksNIX6dBVFw4te91ChQ+UqwLwVkrIsbOTi267nyCr85pBRGAxdmGUsxwmBOV8ZQ9jcbf6Ekj6jjV8/TWmkzUFZuot5sNJRhiZxEyIWUZ7nJx6eEVZF+lktzNyArAmMqp1xdEoInNElC1ThGoXg87nCak89CgmsB5tgiySEssLkWiLqYYPN6or4yFeKrXR2NLZGWE0viUtoB4ZLmaUvyIU0sX7IfhtIdwaCDDg3M9jOD3QcwYe9dX1PQxi99HwfyYt8oh1G73wZ4hOCDHeHN/Q3GYgQr4vbxt0Ffv69KwJ31uWD+CbQ+Gr6DWbcQ8sc9qGhsWGB+M3gqUJfEo6rqXPrvDkIxys4G9MZcUsf/vKOt81Oxr+2ncpkDggoZelE4uUGObLKlsIqc7iCM4aVCrzQbRkGAkvOed4jrFaGqlhjRUm77c6sLn2n0u4rqH69Ag4zIpptMpe3O2m+2WMMK2KsXFj+OjRY1LZwmP4za9SaUEXfN5sVpTsBPyXplIfUmuBiFglktof9cS/4doPW8bYO8yxXTmBgukzAd+vvfee/fv3/35zz/94vMvjo6OZtNZXOBupyXPByj1QqmO54s7t6onz05/+bNP/uDv/+2Xq+cfvf/B//Y/+8/Wp//8z376yxqJlkEr/+rs1bO75Qw0+0mgwQ7YG7ZDb4EBkHByXmiHpLjTNAStk1RnoSM2srMH6wJfp1h7aOwTgRMpe3HIOGb96or31548GP3dAy2QKDS4XjnnQTTtSbMpt9WtlZ9P5+NGn8EAABAASURBVOcblCMWaHzHlc4ziTWYTacT5DSEqYnuUfiLdnaOjEFOjgfEBtmW0+s4isTMvhrTCULTpvFVJfTZSFwymxHICZ4gKmgpPeDWbPFKUc4sMwEUK4W6ykjZUXwz8nHX4SSpVfCPURajowa7SbXBlBl7uUoEs5zoeuNrglRhj7wP8dC8I2dVtzlfOb4996ZcLJABAdstgB8c2f+KSkJOAuO+q5u/8ZJyitwLvczXWmW+CQMc3TrGBUOSsDo7Fa9EquRYllABm9aRg18xqZHoNQPuQYtmGWxwzbcES3nhJb2i0ifVCkAgMFgy792VixTelUUZw3PoOX/hytkMwa+1rc1dZjlaHVCKUyg4R9ut42fnT14+evLkV3c+/v3v4csffvfj548fvfj815/+9OfLu7cnswnFC51MBPcJfycxgITuQ5KRFAu2OZvPn3/5FAXs+WKxZx7eVrnyFfC24eprUPZNAgwclZJbMZ1TzUlzP/r4Y9Sw/OTP/+Lk+fPnjx4h/3Pv4QMS9OecLtA44a3GOWZBp9KTeDH0asZuWgjQ9WZtbry8DnxBUEoll8RzOkqXvkdGIfE2UV2Gh36+muQTUhotjLI2GwUfr5ItROq464+SGEfB9B1QFGf44etGum56TJmJDQcflTBAVZfEAHjKHvm+VTZMxh4mY3Dx8p+HMiq7PdhT7ebImjeHcCx+v/wElz0S+f1UPTZ0KOlqX5WuxcN4m4cUHwDUjHf18NKb/tfsTdfUFf3wu4RcGRsdj/67dwKZ9Qpf+xl2/IBipI9H55Wd8fXcBYZv9JerDsYVomD2j/Y1ZvXakPF6a3dwuXS7juIvMDvubnJbsKW/GgOAnMLwu694zbI7SekGv7Ly/gp7Gj60zz76AV5rmLEyjMlsyTQPX3c5gHbU4lAeX7cn7Js07279y//qDT1OpGTNuvxv/+vtP/s/oiD55vBwQPE3UONtV34nE/HXpsDbnLDDGz+kpv+6r+xr07aU4+79e8kjTLXTijdCEF7j1uUFRr+G77Cv7t4r4zVCc2P1o7VoUNl0B4vGX3wdremhNa8DH5eB04Ggdnm1a7JmMPp4EnXXXL6Ewgb57mK8pc4lvoMz2NdC8C9JbqeeJbEbPWt60hSk7UFfu/IGi7gzd3W1adyy8AY1+2seVVBlBONosEQOzKis/6da6n8cBftooxNWhlOZuG3TXGxXF69cVU98Nl8eL2eLGZpsWUlXtLB5dtqebevVxlQtBSkg+671Gadt5/zDGdmwm/X6oqk2qPEtF9PF8fL49vFsMc/zDKs06+3Z6dnq5LzeUmrhbWaawlY5uEmWL2d2Vla+XV2sUNvctBRfmQ26ZUb5VDjORBJVQoygfApOF4t8EdiJBiSeRA5k3i6yspyXJQUewC4ZgQtwMvCgnIG+s0JYXAGy/hoPvqQTHq4Ml1eNJhw3XK5EHwlJ5MGfdAy0ovwmVczQUbK9nKNqAIWFyDRQRnxvX3dzHXxwSekASdp0g+H063o9PdXzJgswGltJlG/B2E95kyisCwfwoHgeHNTEUAqCjHKhUAIhBLFJMSkGesuY0sQYXTifvEveEg1JaiKBkLHdy4MmnXxxtqBX5zlHRydbpJXoFDuMgrodRD+X4AgSYpnw0VkJ5hJiWEhIFODYKNIl9kbg2DaaNUfz54g5tuGfLniZ7I4uVSoq6FuAaNUDDaRh4w2Zf+ed5uih6Bn00rqJk2ASNCIaeBgoOXV/JBeDb4jc5oeSrFTihIEATB4nnLCB43+DblU/mNIITgBdgACxYsZcQvjvdr2OcV8kCrvlqDO4WyiUCqWgKjIOtyJLCRxBxAtRCL47PatrcOvxCWwEA7kXi0bMZ5SuBXmZkBMYWZ/FxYQCnBcFn3z13ZzJMbsuIERP2RgDtwREQx/sfLaRiCYceSVdl35h65fvT6ZcH1Tcl15nWG0X4I2/5O6bFD+2ua68MtqSzIu/3ttuDGUOW42bIkD14ZYX6KcG6z59iB7x2ktwGA/KSm0fFIARf3afXCnrvDbHwBJEBckmQ4327tn4yyZCSXnjOJEOp8FCfgGhveYEFmLDDWd6Jb8K0xTyxTI26YyR1Cvaof/yf/9PZMrlt2DfEHgK1K+wrSkGCmJ5OoxOMYi8WhthdxhihQx7Ujc8+wlShCVEnByuKocQ/WoIXyDWbi7JPfJBpCBUgikBDs3GeMjadc6RRnLpMX9wcnKCHZ7O6D98uQmv9PHdERnyNLCLqBjiM0QaF+fbs7OLcjK5c/cOmk8/ePjtpnI/++Rnp6sLme+6RSaQEj10vLNgbuhoUpjhjl4HE1Cn7RfCZUIEnSgKQM8wfOkM7VQZe2R4JYbS6mYv/O0WE/oXNyJc2qXDd/5bKB2d6V27EuLGYXJ4UaZAQp60SEN9UxiXu3aKlN74Ce4vTvdBuUb4cfIc4HBicfJs2Fo4S0Vk7iVGXeRtpCa55XKuTPoCrVdjhdFaMW4YOEYiEk3OBj5GohCZyDPZzpAR+ackXJ7uDw6MoowdBFcbY0LQjQCfvjNmRmGMtzkjB9nh0Jk8Te+fgF924ARekzqNC5RjFUFfEVBtD5tHrPhWS/IGWjIKTOIcLgVOnbDFjLe9lR3HcWoCLum+9PxwNRWiCl5KiEy3WfXYAURkISKUxiYLYuEV2xZSecYrg0QfHL4Lgqd5xvG0mNGH3FDAEnJ9ak1FQQU3yIMf3bk1mU/LOaHm54+enj57dvvB/aN7t6AsGupWpvoJlq6hg7iu1HVTcCTDl8+eCnkiP6dxejy4NH73xvEV9OHqHZSvFOUOS9hcptv0gSxGPk/ktKPFYjafIxv06umXZy9fEkosS0sueyDMRyoE9hrf91IudwqTW6AYlpsDrUSvMXvXZklHdWUD0j18JP7ju9fKDk6wiDcDjYjfvS5aMNlQPjGl+l71cAHCN5PIdH0u3Pcy7EiVYHKHEYXygM8cH39aY+fKvtpwnZ/73rh3HfbzUnDlwwdCle6W4UsDfwo7F5UkQ/9ut+kiogfTuxsvDuhe14dIENTTz4T/tCl9b+gxQErPEzIUWk/7mVw3/b71e2CSL5BU6M9npFqD9eheNLBOBPpnBlMKKbo2g1a72YaEdzDJle5LYB8g0NXkbiSvyS3YaaFjTaJsEr/HGilU9JBhd6s/lfEmDGsOqvW3qBmW3SuHlOs+Bde+ccOlDxvDmwf3YvTxPfXCtr4aNQ03CnQbJAXYAUhHiIL+O+NG333R4Apc2vvue8/GEhnNtPIOkHVEBSBtM6kN8e7wYjoOk/7ToTGA3vx0G9NEzAYwmIXIFIf3zf/iny9e/twcUoJy85Jim7XbVu7h7+6576+8cHPlZpp+ix18t2WfptEnn6O3BtUGF/2lXw75Pmh2cBF27qZvPxhpvUUkC1ffHaCGS5DPEAPsaWfAU8GeF15z0H7vj53r/opaY+34jiUfQOO72GQpmTCmT2dGpysSriFLD4PbSRUYbTrlWJP39bmZgKhh54oZXA+IPX2XGdDKTvkxGFM6CylZGkDaEAQHUJVOwW59SL/AsIXhz4QkgRmy0yYypb3K6fgT8hfb7Y2sv0D8S+VASCdJI5oY4e5jq2AS3tckCZ7jWyGpxp829Fe0hcO0OzoMiD9Txjppp+NiQh/kbgePAD2ohh1WIllWVCXNJmTXOPfpsUwf7ejREG5MaoXnwPAazpVDOKSuFdxhsvxs63qzXZ+cX7x41W6qMpvcXd46ni2Pp4sZKoMr315s67P1+Rcv/KqGhhOXcz4dMy3oLGDBSkHX+KZZr86qelNM8+Xt5ezO0ex4Uc5Jc+LaZrvarC9W5yfnZ2erde2qvGjmk/Zo6m8tzPHczyaNNaiNu7hYAS8VPlVQKpzppJyQYi3Pu2F3GMgaMXSH7AeeMoNbyuWBz85Qm1dydqAylzAnQPayZFGMiWsJ/U3QmRQGu3BYIJGaFCq8doV64+LplWjaENOVJwU8Z0/ZbtdbSmhSYW20muPcL4+O+AAb95wiQ1CYhmQvROWTh52SgscOzb9iKPuvQ/9L7x0meW+nsA8qskGvxHxfcZiK9cUFfpLHA6cmoQRItGSz6XyOwyd/hWyQDQAkJYh4naiF0piBOk4cPvRPHVAg7pTgwEDOFlKZzAMFpZ8RpxNxYhBLIq+bjWOSuXTB7SUNsQIxtEZRSk6Hgj1m8lySpbCVM3RJ+il6dXE2wgmpJawFu+BI6A4XnCGG68Et2GANCe4u1Di/SlxnikwMqxTgxBCgceocjhHCn1XVUpYW0usH0Sjo1rqjc90bQ5Ib0BVN3VxC2iDLwMq+F1nBsQDoj+aBOsU95M3tfcoAQggw03nwhEVtsYOaYagWmFmdnzfceey3Zf+kkgFmhjrbxQLRBb2OVpNiqojx3AVTp+tHNxm4s/i2cySS7EbpL5fCTEbnD+nV8/l0MUeTwf/E3n9G2ZZk54HYjuOvTf+8Kdvl2vtumG404ZvANEmQAAmSoBnQjoaiuGQ4S2tmidKS9Ec/xPkhajiztKShdyA4oAEIEgABsLvRvqu6fFe9V/V85kt3/b3nnFDs2OGOuZk382WWaTLq1c1j4oSPHTv2/mLvQIzVEM0x6VXAThdpWsmRswCYBUmOu5AGOZcYLKQGghQPh5PRSNQXdfPkRqewBLoub/S21t3N1u8HFqIDvMzbneYeb5EiHTV/Bg8SuIV2eQeky1hNNszlE2pfLZBvTZvwhfqOHb/meWGl0Lo80/RW3OAsYkRkLSNEK5GnyQN+K33b0a4hV4pkCTMU/IZ0ozMZi4mcoj+/WYrTOeUEN1FLChbAI2bM8c6jOTi9buuAoBMqLLdoBjKrrg5YIaVLZ4wUwiHOXyZhnNwrLFGV5ZTZbpAknhbv4WgkKEYk6Tu4HC1TVu49zWFQxXUCGIdIpc5zwQG+SO8WWEMqjKDCgoDdu7cp6Mja+pogljbFAitqMmGqYQUvgsQpzlImOLZ7dzdXVpbDIBYJi6a7defumzdvoEsc9CHiDUYTD4GxITNsruH5ZTB1txblFCPKSGNj+sD0BWPMzqXTBJ0ckGzNx7pQBjXJaj/Ta8ChM/80gzO0mPPs0BG3EOhE2fLBnglYjihSsXxNfZ43PC9iLEbUCYQS+4FjgYO4z8lwBRE0MpyniYRvZp40OokGT0ipKIkC/qcmtY9IzDxTDpqYcrQCEmWMMDJOCkYJL5DgOIPWU+VmYLgQGoPa66EGdEs2QUQX/DklZias5wW6LQhu7Mx6GuFcIQSRxkgfntJ4j9lLgBkZzGEUWM04YcdcytihHeeSO+YSAfNW3Z3+0LWZ+55grrD1c9AAIOxKsS/NxL7ILElqawWmU0FeKxuAGoSo9yJgttSKGkoTKT6xoabuVFOzajuk8IDAXQwR2LEknqTSfhftZxBq7vkElZFlRiC2iDvY2x/3+2Ez7qysiN/20tL2na3e1hb3ePfMSthqsiBm0hcU2vJCS1Dol6zSP9QNAAAQAElEQVRKUoJAAuQ99PO2e39L7DSarbazGavZgOkWd3uBVa/5UaCyBwRWHFdvQXhbSW5NKLEW6ok0zMjI7pd8LrpS7HrF9jedZntb93s7u6LfI7GfiSPwpDmfnJd6qtpxrEJMViIkkP3RWDA/cLRwUs3IKhcYiErXxit+rQ+XsbL42sxsDIp3tddaYs2shWPunMcvxKd9ryPidlAnTvwiIeWgPOyUy12gDMXAKotykeoWb50IrJhI5QErvp0b2KEPqk8XmlBH4KEOTabcpFY4XFS/MNsUhfXKETczN0HmfMWsmF0/ZM5bk6gT0+ThdImzjBP7CjqiWxSXCLilhoK4ACxzYCOY54WvagaELWIpcXC+dYeXXeidLCwZ0dVzE7EPwblQzDu4jWW5eVNIVmg8VmhEgGIjMUe0bqrFSumwUosVximrtLsbWKHaUB+n5qr29VHCUb+aNz1PSCzjdMIRP1z4G9vn5hbmNjs7JIsD5gRYkgkFptYZVeZJOXN28HCpy/rQCLz4vLx2lavNis+KQ7z0pEAw3BisOPvdacGYu6pAYSabaEqeo1Nhloaop96ov/bsP1tk/MVPfejxf/u7wxdenl175eCY3v6t7MpHeBgdEIcfcLfIF8cKJzTJFkrqQfI6wXIukjaf9wLKCA+oyBt48XNe9wTq4lQjm/nF58TUObLa4tG38IDh6E3PForAik/Y/K9rCUI1nTKvzeozXKhBeO2lfcbnRC4+rnLUC93ymqTmZfFAobhrLiwyDsUuRGClWKVFBqC8GFWSdpchVsmvNn51915ZGYtpFh6aO4f7LVbL/azAtRWTql2TyvVnUF6l7PNChHIJmZMgcwQhJf4ZjHLflLyWAwco7rjcdd+RBemX3OlAXSjbJHKHqamQLJPjW8euvWZx1VloUbLz0DLcpececyrMLJtvo4EWaoEzLhizmZomc9rerXyhrzAIKVwzEYsy29Pe7ZXi1tHu1wRLgqWMNMsLeBRtEhgdVQxGw/2+iLa6vLraXeo2Wg0/CXOPD6ej3V7/3vbenR0YZ+ioRohBkli8hMhnsZcxOrU8E7LBdDoWquEw9jornaX15Xa3nbQSdGaTZqP+aH93v9cfDseTKWdZnPB2Ap1m3m1ApwFJOMnTkdBDTcaiYHEUo7Y+Rl8V6JsDLRdYGye607FVOKlfmVJ3eQjO8EJRQCG7kcCFpCFSiDyfujLXjJeVxakgk1Ti6sK8K93Wh6rwB8hbUwV4wZVDGaFrE6rlwViolqd45k1IzZNGo93ton2ZZiNuJFKfpbyjeGR8jnOmxx6zOzi2YCEXCGzOQ/rH9dHUcvAcIAU4o9FpXdUsONYk1mQ0GhLMQnybiI5qtxMJN4mFriIMfN+ARWw6dInYABTqOj3o6gwIe2HaSAfuwAm4Po9K38ojsb60nh4URwQwZs1sKLyCzpeKJf3FBHTiHc3xJInESMUIeZDYD+aAQqgHydiGRJrMlJWX2czY7VBYE2OUgqvj8G4j6Eo79ZWoDzKpYs7eE3CEoAxTMcgGw7HEMaDKZpZSnXSzADe4EyXfsxYFCl3ANOnURg44aCqIdj/QJpGPNnp8hblBwbv4h2c+KTGyY6AJU2Esce2y3OA8UvTTNSGzH2NBOYY4ZnwC8cjWbrbb4p+EKKH3rhC9UJFxGUMuOIfyaDQAF4UkMXZlslxqx7ljZqZAYJnUakVNkXETj6c2m0kTZcIedjRTACnmLEmyZbgmVw7eCP/60gQLVRjrOBITY4RTYzAQdBCRWJWppKYbc9YbsjHFSxO2LhwIXLCgh1PdwczJ9MBIcLTwYITwQUAnUOymQyNXM4VKm0jGBRYJ7Pg1d4T4ithwm6rhS5jGTik3YWTSiYMjy7DVZ8o7Fz5VsxBRXJlkNqaj8VQs9uMx2VxKp1PSvIA0LyTJfs6cbKF4EF26nwLbPjIo5IdSlRFmlKNHOh7kPOSCWIiMZlNPZOiNxrFgLJKUSf0jevIorqHlDmOCcZBOGWTLJM1GO88GuHJPR6MxkX5DsokSasW3UKHmLFezlBIl6o8gRDn3rROhEw20xon6iUX13Plzd+/e297e3d/fb7e6IEkSLa5EnkDDZOlTX6p7xRoritjpJBcuxL3+eHNn54VvP//hT3xsPOidW+l87vs/fmPr3rVbW4L1EyRf9GE6HQmei+tRIBkG1U+uNgf0YoEraa7cWHDpRUKBCKTrFLmAgdZMLer+5sSDO/VKvVQzq/lRadVpB8+xU2fakB93N87cPsTfnMgBcmUs8IUWdZKyfcjvzyaJ57XHE8HIRWiyD0G86OfSQweZgiFhU2yrlLR2XLk3FbQBuBcqDgaQVuSggCUyq5YfeCLdCTJOYrsh2AMRe8YgRQCKR6ySdEWCfA/ZDsQTBJI7MspDAp5LCBpofg67LUMDGxjIZJGHnr9wtySYMzYaMjlExTwXM1uwdgo8C9NsJu03KdZGjlxpyykTTN1onI5GyMqGiIsBMBQgl6ffLU+sJ2uludkp0AWVHz+9xI8RaBwQt4sNKnmQqJG0lrr93T0EfaMvNjJKJYc0bYQQwuHLrsl88CWDbhYcFWg9wB9MFllK3KkiFspDc5cK9aQXPe12UX2rH8IcTkWuzXqnzjTaCOuRj/ujIBzESUOMeTHmEJXFMwQ4iiEe+931pf2d7f2tnXvXbnRWV9YSUZzw6lNP7966efuV7154/KHmyqrPQkGJJQZHlNPneFzE85T3MTAIF1EGMU7FBBPb9kG/19vbExeC+Tbsb8kf6twuOB3a9Y4aZqcXWJ3jm0Lghcj4x7hWlReMSU/Bob98Zv0RuShff/nFu9euiSF7nkF3dQXBnZ7ajBgegzue8rjrhM6RJUnvXkzQMThy4IewJrVka15gNXFLGXCzbSpFZWpfImec8jvjyGu4Yf30/lXGZ8YdJXM2nNzNRYFQmHGdQ3RaXWquiDbhXJMWTjJDrhAn5heYzlfnps2oEA/LjTNajh+rj0y1VMmNCwqm9uN8XuuRyAoOaevCl/Oat5a8FTcGBQfedfGYe1CL10VhCwyXQ8bcYUNyTrz62/If11OOE5Fr6600OoDNTd1Uv6ZA7ppb/L70lZsaW7iGxWBbuhKNlYpUqB3Yyh6Qgd7cFAoDrutAPRQYFFx62MRN6gfkopdv84UhcNzkNT8NHWcOr1Ns5foU7JZowVF3CoEvNm0ODIcn4LL2Lq2c8zlzXJXNS0+3at3KWKRPC7nvOigcRjOKY1BP4jlJnZwrV1tLWgQqnVlsviMOMqY80sEREikSvMoL59eJUqSL7W/9S9yqL1C8tT//X8FiwROihm/8yvTTPwdHDw82ck4hnESBjjYh3jqxwzulsZlzcaQysROug03spDZQbMFn74RQsvZXvnBvuXPHD0zqHTPGalqdlf7Wv2bz7g/M7qCsWeVXL7Huh2wup7dwAdj8VycUFMP2QKvsvEVOa8QV41F5VS6GTc051wCVmNxeMB1L5cJZ8RtmZEJMxwJwcCHyK3XMktOmz9EImnNU3C0uM6UvdVFxNBYGkFvh0otS5aDYEIW3KTqlJnO7Wk6LCniyVy9NhXKHR1Ym6uWzHKSfdMcmhNQ1gzw+mKK+e5pOpsNeT6gnVpdXW1GjFSRsmo92e5O9wWSvl/anfDILcwijOGwkQSMR4mMvwPN7cRSNhv3haCzU2oAn8vPmaqfZSVrdbrPZQNCEkCFmfDpMJz2JNJih7CNvxNBq+p0Ga6H3ajTxgQZOBkIjJSolhI1+jIocNJmAWmQfHKCMMjxj3ATJ7pP6IDwPJnTbcUOI+qIoRq23H/pKy0zeJjiKGNHgPzNoKKATi447Jt2M1R29g6twnhW9Nuvr0l5HisFR2yQaQKiWRY2VAtyDCGEWQoMeS3xMzAgoZVX0mfRQIIusNOmUiTdvIJ1aqJdeWkUjKLkK01YlcnWoVR1EzCX6QTSBGMye9L3SCKVJEPRREtjtaG4tTLgZkRckeiit79vyuKgXCyng1qwFPTe9Ywzqu7UQEmm6xjNl2uoG4RK4EfJyUPAOCQjyNWCFFSAgnrXJy7WNDXLvoIEOZL4iTelwPzevTGHUha6XVRG6GCZ6xRQQhCpFypQ8VygKzEsaUxHNrrzD0FFzrvZ6jDQ1pEvmxqKAKkOGtvCdzgV9wJvrZqfsPRT/o3ZJKo0YHttTNl38QCYs3cAQ2dE94tVp7XgBBYL+MLBZlF0TzxMTJGk2jVkXoe0lFTjJYMkVjhIlAok+HKW4Owxk45MnI+t3RtOAAu5HpiPtxUj1le/HzSRKEhwANFdJ2aR3Csaukekgogs0Tihxo8iYTaZkdEfBj6bargnoNJzppJY0TcMtweG2d0xXHS4GB1gkzoN/cozgQm0W+4K5e2RKQv7JK6KxkwkLNcLxGsrpTQoKGHACzV4RUdhVz3nCuFr6lOOmHE28q1ENmmp6xBnRLNFECWk3uAuStFmAg1VM5YznZLIIESe4Air9HGRKgCUZGOkXS4HPzGCnp+xANE9QeSTXYEmkvYAHWY5AQD+Y5VMEn8h1CI2npdKSlceUEfsisVBNLyWn3OgDGIulaaX9/XQ4HMbIakRELzzt+o45WkwVjIRUarJT6ToOTj+IOq+trp09e+a1165tbW4tL68KLkNUPJcnrY1nCGtjHsl0Jgmd0HamjM/E8ryxsbo/wPDGa9cuXrksFsEnH736qY986PbtX0vTaRQmWSSdqPAMmDKoq1RgjmxSdaninLFnMq6ZL0WTcUBxCTlCp0xAHna4w7+/ncGdKHP2PIVlBt4RQc/5o5WH1a7N5Xor5lrSAiE59IIsDId5ujmdiOHVCPxQ8AHEIIVMLNRi3RNMU0wH2tCFZkpmAJUpIDkE0WSJzyLwMz/g+VS8i6SbKvSrE4kxmYPvpTwV6njxekKclTQsIosowV7Sdw55KaQFG40ZkR0UnONeLgcjjjLMPZe8CcJncj1tRYlzhMor85G4Z2FjYNJPkPIOKD4ilBvatJBrtiF2mALCTsaT0WCIzFAoNiUh85GtRasnRvxCykmuRfPlDgBufIyVe/NBQylZ/g7AoHDpJVHiQHKi/GiKKkkanfZkNMp5io+Qt2VEPCTN8KSdG44uw7BllH9KO1I192SAGvKMBSKe0CYTWgfhyq4OrTEUWI0O1t3dUdBaf+LRHLZY5p3NsulwNO2PcPDlINYL3MUFaB9MlCJqN9cunN3f3B7u7m2+cWP1/Jk0YGsXzp155KEbLzz35osvt5dWzj/++ESwgwytv4iVk2dkLsgDrYyjciEZl3sZMdLWz569/cYb927fPnP+fJIkhst0mTbn2hGYwtxOcat/jPC2DK23nvYeL0eJrrSePrFffS9sJmvnzyA9Db07169vvvkmEqGHsrVzZ8WIFZyD2CpzvctldCyjpOs3KkFn68grRVysV/jcuIfWmM2P4zAbwEv3oKAivJCCMylJZmcjKKEIENqQaVSJxVtjYgAAEABJREFUNp+mJHuaDiivg9zCSgzWBJQKXtEOrnO1hQSLIwFwQSpEa3QWJnEDVdFAGYeyMCg7BWWOlT4ODh6G26t5LVi6LN64FTBPoBCb6Z3rQaHcW4e/OHbgCw3QebHUCNCvq3tA01dQHGjMfq7HhHpipeS8Ek1dc2f/rcbQAlUoaMQXrHclkZqvTo7quqk71QU1ZNT2VC2yatrUfG0b3J3UOpIrRzXSNpuI01k2K2CmY7hKgc0FmBTbqKD2qPZ3pfA1TXzsroIjfnhSc0rn/GDpHZQAYxqCN2dBdDB1cxJiYAnvIaHcAdzdadZ+wF1iX/yqSA2O1d/cGb01c8YNht6ySrH1ADFLi/rWfVvOFCqje+ERxosgs2qR3CnAZuPWzoFmS4SI9qEnosefXP6Zn21//BOwcAjvvzybDnnUrH17ojNg3shaOJOTLc3igddevgvCwTSH1UUrfXLAq0PzrE6utyuc3JJ8euFw0sFLfxUlKz888Ft1xw94qW75QQks+urIYd6e1eHqWO3LOa/0p0axZxNilaRZbSKs7pY592xOZGKBSzVSD53SnE44wkq0YIJVDq82D7WMsgLdoL/ctFahFZxIGoOibtxjTA4/aG45wQdcfZ8iO6wwMbT0W4MPjEUTd5lnxXHk9DAzH9pHlitePPCDO9zdxqCFE99hza1LnaJLa9Aqf55xfVifHsq3XAlGhUpXSPNGw2E6nQpparvZWe4sLTXbYe5lgzEfTXv3tmfDcTac+CmPpMuMuN1CFEggdcm5NIM/GnvjaT4YClEeojwa8cblc0ELz/6HooxCozqcDfaGo+F4LES3OUz9IItC1m36y10WBywSoth0OpyIGLPJWIgSwySKmrEfhdKOPR0G5to6AkipITfqJ2lxG6TjeDzKKNTbYRS2Oq0oRmcppA6Xvne46hbJnRX0psr1hum5IuPm3Fq5jrot9zN34Cb0hBk7GUIGTY50pM2GLJ2J53ESN9stiThB9ZM8P0nLI3HGOXUTgQ1M5xHyg9linNiM1qyyKnm1jiXwQUnD4pBTJk25SAmwdmSTpal5i05JkkQ5tZFGKwwOAKBefIf+X/BbpQcAdci+fmujYR6q5d3Sml/mmFHhFowlpYASsKHMmpAvHxlDAR04ajECciKjbZwoQyZOAA6khaQbUxKCnKTSnAloAI3OAWpbmzlBPdevfOkxk8BIWgGkrHQQvClLCXqSUY3AKR5okgdK3u7qHcGFXFQHtulxnKDYBGgZH0En6FUHvRRhM2k/HL7UbFK2zlJbYDik6igjZAxafJEjRzVOhi2P4JIYIVniH2iMEfUitZHpLDMCoTQkdDsbRzmZBJ0YRJGcbgiesYVjmqprgzhBGAURaosFncEKSx0pHde3Gei5wBxgE7UDNqy0KIPdITtFmnmYUX1T9KSTq6WIjtJxTYNUp3EDWwFOBdZ5QnECA/BCD9pGKIXSw0Plji7lXDTmUQLXanruUIPDk1IEvnBkhhs1kIlxnBIdNxyx+qa09SsLP+2im2bK1UqreSfJPOUGAWWmLzOHM2X5dJc5CxJ60tDERyx/ghpNEOmRTRFlmpPnCsaVSwSltcXvnJXFcHaM1QoTnWZxfO8Ru8fUaVIyAJUF0vNZHGVoPykdj8fROJamC3yJSJWgEo8ZoITNj1QGZJFILy7iq1arNZ3O+v3+eDwRGr7Acf4HxRXU+OxQCnY5gbWxE4/BqQxLIjtUAEGT19bXNje3trbutzt3L1w4L+hpSmsbaK2p+ZATD41qeCRMLBWqsE63ce78+gsvbd26eeP8hQviyzjwPvXRj7z08nd/71svTmEAQXM2nXjhJEhC1Uag1mzuipBLKhzdXfKvGC8SEow4AOa7jBTPFzyv/5YFDlC7+XHDgqwZW2zLt9AgqSETZWHLQnSZs6pxGV5WJQDxDZI+iF8xySLRhdOU7eWTYDJp+6OmH3qECUVvITFORt8Tq6cEEOCylSJKSa9ieqljqHtlSRjiSExTliPPJb1gKUhv1ojF6Iwg25+kuJIC6uRz7pGIVi4hgOMOl3eJNaFE1WpMmP2cIOq4hGcKhC8HGg1ajCdtIMmSCV6WzVLfm/nIo0sXepJTCLxAsBpphs4vkKWjya7GraBx48FA1D73WIM1EXeCJ/q43VwyiSrxFL1xekyRjrpxcWLsvinEoU/eoqDWE4+wz5LsooOizurKZDgc7PXEblbxqdJmiWJfFX0NyKwfDgVIjdie1Mu0dGgbJCwXfcXQjWUUewCG+hZ5XHeDNb9BGJlUVayYXS9AUqtsOhsPhmKcJMBCtP3n2Z2Lx9prK63lzmgw3L+3tXt7c/XiBbFtvvjY4/vbm7t3NzffuLV25jxEQc4yFnhilogCe5FvIFqFMshChkHQaIpN/PLmrVuCvK+fPWusIMrtU2H/U9pyWHkHlBOHEwpv27h6Z4Ta6ivGwO6fJecleifw26vLjzz1pOBXrr3wwr1r10UCYrvSXV1ptFsSb06njCTaTm+GbLq8ZF0Ak0W3oLwi31iUoNQuK4uyLWwRBaJFqNY8NZZHQLN2ruKac15Y5RjTMhRNWLULPw7WNglBHBWXS3SCg4MjUQAUrk1bUD6caRNulLObCIBmg5lj48QWkRVOtnHQZpkUxWGKjChgs8WdKE2uo6ME2wVuGlDqlpLE9fBOrPLdleQO7ktmAEOV/Czbd2x2125KmHOrXplumvsRVEc7d/ELJjaNgEJrsEL0YtZOptVcaAgWG5azor+9Ui4HhwOiLZJCsaYHRaPiGd6EVeri1rZUHWpGbXhM76HUDsAsqXUd6SSgsnOIowPcl9mxuro5qXFrfKhqxMYtyUHtYh9Uy7lgn518OCTjY84yZjF2DArnECz1LSat2tvplHnlAQPyqysqm0fDyuHIs8TM6EoMzubMPz5HK3MQ4StEKJJNZ2DO+9aNwIoGo1TKdipqC1nAinoAVlfeimGm8miu0rnCTOCF4vHo1kvswLXcXz37yC/9Kzh6wLMLN1/OHv5gofiFvzWBz7k+digkeFiK/MEenmyEujgn0iRHDuykM56f4PGzKjBSFeLDKr3P3q7WPJlQQ84WpKR1oSRJ5zD3riCDdxaA0if1TVtSEc3J48S7hdW0DbHxB37EbEz3ouajakJsztsKNsVNlFU/nRPTpHlIh7OaJ8cZI4sxSrWLMmV62KeVp1z5nzkgsMNesZpoTPMtpiMcdpcr+xdul1vHOrbpCwJ2MhBQyocV0qELRwHM6zqmcnVQpOK9ywRX13z7ktyM27jGUYhWpdpEaIbmnM7gmUxIownSAoqIIWRik8EoHU2EKmZlaWW51W0KbSr3h1u7k5390e7+tDcWiUTMj5tRHKJvdhaFIEV7eFhQCHrzVOhc0NvJdCq0sEsr3fbKUmtpKRfa1TRPR7O8N5nuDvo7vamQDTdi3mx6ic+bEeskfqeRCbHcdDKajIeDvtA0C7Ec+pRpJn4USFm1h/JBdRBRtYXSQQpxJCMJM/dDXyiCxbdCsYSljIKkGaM1b19FIPlMTR+DQrI41Ixb1YbKsTpRuGl/k44tmBOoy0j3P51MlJEJlBGxuNMWgvcELbI0seTKmgWx9bo4athqKYYlPubcLz9BxEmllraaB2BNQOm/C22CdinQZ8LM3ObSWgbZAiGYiTl3Wkq8WgAw65Y0CMJ5gSxpPwbgNjvoqcEd28OuJtuW3LmWLrOlaY2c/KpIAiLPkpFRjUBOAVR8+CqQS26lN9TFUPCSXKUpQVJA4BuTkXHWU1Kuu23rllz9FmEoqnbOBpv8NoiBJn1WzAhUoQpEBggIvWXsgKgjcLluUrWdMS3pFoAucnkwj1wFiRYIETIl/ki3RKjEUQaK0GOFo7R1J4aDCPEoa4KbZBpxQnagqb4IN4kjX3uZosGjaJoeJ5SRhQdx7g5Id3iAQeSQ6xzH1xKNJeA6QXlAmqybSDUXAmtQqRbHWFk5JPRXDO2f2xIBadlw4dHjW41931d+lNA5AF5wbftGN6/nqTP/nJnVXm8v1WKnKlKuHVRCaQbVUgp+6LZqscArqhk7GY8b2FFMqhBiQX+pCkA3+sIAF9+5gefl3mSHSnNOMGibHmAAJQqIS3/IYpAyvFQcTjT1ZAW4KS1arcjEMB9PkRwJDgDdhwmlIFIk6UgLIR4cXLZYA1DAaAzoTYESGjJSKn5gV0NdEaVmFissR0MDgkdJ48hLZzyfiFk4Go3DKJJ2mTwkRoK0S9wJ6GPrrKi5USpG4kGFKrHVbE4n+/v7w+FQLOfdbtesRuZsccEGPuLZyO4LWn3JZmnmpwwP3L8Vw3J1dfXMmY1XX33t1ps3V1eWG0lDQy7JfprFMnPE+cnFQrEdYvFORfRz59fu3uve393/zrPffv/7P8zy2cWNtR/+7A/eunf/tZtbQq/KQRC4sR8ngmjn6B8nFFyf0asxl0yotQy9R2Sgpq90q5HJP75m9jhYZYztBTjloMdd6b4usOpn+s1bOXUPDy6EJIeFRhzT2xE+5y1w7buHIRqe8GNZHvrjnO9OR/cns048g2FfrPi+xMsHEfoRkf7vpJlF8mYnE+CaufPkRBEpiwW3wWIcm7OZL4aK56MXHTFyAjbLA0FYxGxNPS7G2ExwOYLdR7YgBy+QI02OGgSEIgckMjfEgEm7iAimkoRBrOtobQxN++Co5AqIhd97aKkFMmVvDW3zMTYSazR6LpHMn/TmQv9yJByZ3q1Qu+UI6s+Q5qE1jsRre0GkdpNahyIZRnyklCIUlEYF3pbgcn68juM/jWA3vEwTWKKfYgx02t21tclwMsvGzEwq2crKUh7zkdsUN7k0kyO6wEsduzGavSPqjaNOWvicziRDH4By7APS0o3hFahYiwDd1JkGRsOOW7RvOpuOevsIlmK+2JiKba06/YBj2OOT7OzDV26+/Npwr3fv+o3ljbP+crRx+eLmrYvXn9u9/fr1K4881j6/lqO5Jy8lkGKYByxwOWkXRCKGtCC23eXlQW9v884twZevrp9BW1YSE82UvQTdfKU6nH5HvzWk+90buNajyvU39+Kgtdy9+tijYrC+9p3ntt58M0vFvog1Wy2FU8PRrk5O5NLQUw1jVk2/QsuVUUU4cnnhgYOW9TM3NW5ley4frApqbJwQOqPo8oUVzZAogmJ2AkqTQHwmK7jDAQ1HUYmQc0gwxk5An44zwA8Grm+dQqmpWLJ8YCAYVpFo9boqJZfXpUws7sQuBgb9Umh400pOczkYmGIzskN67bD3c/Jb/Ovjh1pDI/aOLzCCuYYVQUHECpqVAaefC+mZZlcoRwsyKnF/BasncLRQl1rpwsBd7PNjZFSfn30+TxFf/hpsgzicsjPSC5unKj7EjFZmq1Q0dlK0FA0O4sS0CTdmi8ByVMW8TJcUWCxbjEoucGCzVl8drw/syDt2eJCMjxMUDT7KtC/SYvsQzLpzmEzm2LuouQPckoFy5Mr4OssUp6wAABAASURBVEbyNsxrqvJzdrQ+WSD63KpXaQavWHuqH/96isV3XoQDQ7679frP/xG6Xvtzf7H7mR+ChYN3+0ULOqnnVhYKxx/iDxhOJGN1Lmnx+MfO9UGLy06tqQ9I+QCGhhUfnljx3rbxpAI79ssjBTvr5zIXalLy6kN9yatveF1OUNmF1kZevOn5gU+O1oXljSqrXpcjlMxTVJOsJMvsc+f/wnNWjl26Z4UCzI9c/3WhKqz2u8PSOUao4d7ruCF+9Mz4vHpCsaXA6DXVA+40BXea3UCmnXRsy9ExNlN+UsbqLaTuUKYgJsTVEudBjDM3pjULPccYcwdrCa2i7bMwKNWVlf7OaYb5wWk8h9XmjiaVdKVkPYI7ukfgRtYtv8vtoahc6VnxoZCgTgbD8XAkxLYrneVzZ88ttdr+JOejGR+Mh29ujnb28/GsmyQo/he61jj0Ql/6b0+F3iQUCh4PRqNRf9BD/Efkx8vt5dXllVWRTEdo6YXqYDacTfZGs9542h9Nc55GUdaKs+UWdCNoBBB6Qgw9Hk+3tzcnYyHIBaH6iRtRs90IkxiV0QRLl4p1KwmUNrOpo0lWK8TAYRxE+A9dtMSNOJBnF8mpu9ob0QZJjZbc6Qdiorln5RKOjJH2MtrnqdNvOShbrqrdtd8T6giLJxB65cl4MhmPhXaZYAroSCaOk4ZQ+DSE/ovcszCmTWLIkcvL6lOqKZU2N4Uk1RacflDyk8ITSzwJVKFBFLlxi6MseUhcAtkCAbIUIqEaRlhqEtEZ8TpxqP2VwdMFMDNQ6Su4NiViSk62JcwtFD2bkL8q6jayfAF5plIg3YTnK6BJQCZZQvKQIlEmzBRYzSyZEiYiAWASmqWsaCgbJ1nGHfCFqbKLmzE+dEyxfTQBbnWCGqyj7SWjclSdNEbnFbNsJs1mqKwzgpgw7TVI5eI0riLB3Kh+oGDgxGhaZayclC0eHu8lFAWLk0jI00M6uox28bGHEcuSF8A0pV7A52qoAHmWMf50xCMDMfEDMs0vZkrAimZpbFIyFU+OKi6TBYMyke6VMj0fuR6pme4vV2JvhQ9yGybhUbL3A98YtvGo932vNG6VPhkskSBtCIHJSHMqSjIeD9Gpx3iCeCBDjbWARmtj3f2gRs9wyOsZtJoWrg0q1WMxz4ulfwLcyPGT0iPC+ZWPXc+zXFnehhMJC7TJglwTd0FRyhqGqQ97gB3lwgEbPDdsDNM8oOan1ErI6Ii2D2pXnBOqjJMOj/gpMQ3IxpKccUIZjIf9Z+PpbJqKa871AU6eaz2fhHgw6TwDg6dz1IfUtTasWN56NFJQrpWOg+TS4ziLBakSjEKWElh3IkOUCO4mIhqKcknpacMyYCSVMa1iBqg07CA0QI1mQ+jOR6NxLJZ2wTBJuoDGnYy9I/2LhQA0yECaCnJ5hpAXOMWAzmqk6YUojNbW13Z3d7e3dna2d5rNpiivxFQq2mAoMyNLApqVlDxYKkj8cDq+fPXCeDK78cattZWzq+cuiAXzsSuXvv8TH53+7le3hrNZ4GFvjwZxK2Dor4gr6zCGpXcoLN0qtptrH03SjJ0E5pZbhf9nneU7LxBzzNQBaGKZ0LMMhPk4ze5NZ83xOAySZDzxpS+TENBmWSCX9DziMxkkKldNdqYQbup/wR2LFVi8StEsUh75CAsTKvzUy9LA5ymfejCFfIroFeC++CjIkHsLNLcvyoIQEwm3zwBXbhpZyhsfkRI/RNJBSHzQ5xAkvs64ZeGEOxHjcjIcYkkaDbKvSB58mJxjjKAuOZFyYjez6YR7g6HgIMW/uIlsRFHNouqqFSaKL4S3JThU1TBZ8FZNPdNoiuoAos/E4kK4k6TdRIzSNJX8rt1xyabMCfnNcXBwaRGUDPfpZYy2xpgey7RbDUQ5T2cQIVDarS7XBmYWX3kLSG1i58jKV55NxnkQh1HSQFduMzH+xMY5hACXGTEaO+vLS7trO7fv7d67f//WnbjdEQzm2csP7W1u796988rzzz7Z/kjcbaGpHC6ie2SB0V1W5MgEaRoGsxMPxSJ06aGHX3vxhd3795dX19IZvhILnyzg20w//zMNPzio/STxRmIDkvgt1nnoPY+K2zdffWXn7l3a+K2dPSOEHTm5iALI0L+SMSdmCZgKCt92QK7yp9gth3fSg/KltlR1jDKzHnZMhhaCoXczJMDRTmI1LkBRUiXvA4vqcCa5gYzodBW/WYMpYQVjJ8r6goqjhIbcFgnst8rkCTiOdSz/o1ugAJTWBWWOCwpTM91ojJV2BTaLBXqlGqf4RBfHAtArn1hUQX1+rHhQv5QXQNmnUE04fO9UkpG6b6wa1RgU4WoaFEyS8JLNjgJvWujLSlbOx2pkGDsaNrbbzbo1iqY1DN6LF4ESOh0GNeqfRXrZLeuRggbl1IBEnOTKSSs9PoeCCRMzD8G5AbvIskJadcW1aDGVQ5Fj0gAX5iTAq0525vS0k4v1ZQ5zcEOFu2pRj9XWD/Sh/d6E4yfkjrOaV4bAlF7pXqj/iNmzAgwqULki2KRK0pQHtSPIWeY1pe7P+ilWjmvntYzBFuvpOXPSKA+KRMDe2klu3rlJHUCsa3I8gDA4bQSVcW3nql045yC3AML+XTgwCL3H5Lmv0PX0xk/BUYLXu7MQaTtqWAjEsXDO/IjPjxxOpQ1OLxzlcKD+ZLFBPi/Cwc8XXyLfheGoRJ7VXprA7V8GZcowP7rzxOXQD2l1F03F56ThPuXFj8u/pxQqO1SmnzvXB3xd+qrmDatLHurf6n5hUCkKK2fDnAQK2bP6YjOb/OmEw5bmOYEdmuARAyt+7ralvjfSbrB6A7ch3SvrNwVAH5FidnzwSjR1oXPUMk4Akw6znaTWaBeMUux8cCpWGC2srtyLt5fTuFXWKEVP6LmrPi8VQtYAz99LGbAUf6FKGtVAaMZhlmaTWTqZRRCsLq2cWVldanS9cTa+3+tv7Yx290f392E6Cz2vGUZC7Cs0AEKcyyXCAzW7aEAhEyri0XQ4nI1Xzq5FQvHSbXc6rQht1Xt8nM2Gk3F/MBkKBcR0zPNZEmatCJZbfLmZN4M8ZNlsNt7tjYb96WQihIpxM4niOIyFSij20EKJPJqlqBGn3UauTDVyfeQaraFIqEqcNITCBy0QoLbap91PrrcSjhhR9UGVcFEzHtQ/WhpcbnDqDqZhAaTSFpUSDxFuMkGf80LqLTRTSSMRBRXCIjxcLY2byFKmaucphSIaTlFStXn6bKoHFUEEUwfYTokTcmmmhREw7dpJ+gTJXF2+EZuHcjCQTQiDy3HhJmwxZoU5fLBLPpg1nkvCXgUrMOAMAkaUtkZM+2FRoARlDEjBHQjShN8qpAF6igmkvoDsbKg0KUNtyIR8o4CxYiItEgk1GiVrbK7oynJDFZgOAOD+2gvCM9SBThjazM4UVoO6AA2GqO4AJQD3aNvnivCYs+NRBVL2FSgCr3YATSPGlCGTIIiYciKPlk4ISKQpt4Ri5DlVzgCA3H5GzxLSCgvqpjPV+JQPDRjfwE3kL0NxuwLZuGZ13KBAM0TiSJckWyQ1DnSUnSg1SHSpOA3OTJtOIY9eTJ6FFp0uNK2+tK3CZMGoccgKTmlLZtwb6Y61ogyuipGPhyOy5qLgJu4QpzYqI0tK1MbIlfGnSCJOORx1U/E2hBoEXoHCaMIK76TgIk5oaKqpyU+AGaynrmVZAmXmxs0Z03pk+4Uri1HzALWsuULYMRLPi7tZOhtPhK4VbRdN0eCS+E9wH4jV1FyVqRpzOR2Hk9aMM8n5q9sAcH1/mHeB81ohlo3BEl8qpHkcizKnmTKqRGaHxD8yoaTajOAW4PCFDivmFkUkLahhq90aDUbTqeCGhqEMmWOIyS2SdqOBABuyeoaH17OMOdDIEw/G2Yeo4dLS0vkL53s7vc17m61W69z5swCOoJW5/DL3pW4GxyMatZqJbm4k/mwWL3U7gd984flX3he3OmvLrcj7xIc/eHd77ze//A1AbWo+HQ39MPJjD09fK3cYuucrSkci+llO5k5yafxKLp56Prvdb1AC1QFxusHkxk8i2rssyMUf8nlvmaULOD88P8oEUxtAFvH9rH9nPG55vCHU3l7QCGezJIt9H31T4fLqR1GIVr/SXHrnkVwOKEk1084FJIocR4FYRSOEMeGZ/jwMOMR+higCxG/R0smJIoG1mE9cGnHQLEOWG8eXp1ELqsMQCCLRrzyzMFKZABpUZBIxjZaaZEF9EYeBrxxjMYKX6dbIJSMiXURpX4YohpVuVsT+xPPRaahniJe2WAYAb/WQroTyNrKkuDn9ScfAmF7SW1jR1QhC85Jms7W8JJpxMhsgnFlBIIE6mLCKSD2kQTqgxgfzr7ABkDb6cLkS3T0ZT4ggo3ceXVGr98WP80MXYca0dlpx0LSLI+9RyJNPx6PZtCUGz3Q88dIsQhoXoO2dKIBpvrSxOhmMR/3BGy+93F3faHY7Sbu7cv7cYG/rxqsvrl0+dyF5VEwUuZHypY9Wn7hks5MBZEnlGiJ3pxLln3SWl/d3dra3NpdWVpKkCc7ODexgY1XZwWmHt4F6vxuC6gi9j2Xa7mKQxCvnNsR9mMRvvPLK1o0bQrgwnYzPX7kcRBFunArSq4pEavGmLm09CoKrkwsMahWbRvhSI84grRy3HxMQwGA6GNPqSabjKKvHWoOnndsYsYEtB1PpcwVF04hH7XtHM0cKUMDNnoJBDbjEbOyV6ps52jy64IqntTIpbtEveh0wMhSbk/zh1mXPArgTlXyh0VnxRalXeKmnwKiGWTn+HAMFtlnnfPkggTsbBu5Uo8R2sdrPDoqjYnDr/wVqbSE4w8fAWeYWo5BLTRlqrG5UIkI1JX3LF/y29LAap17JXIljN2ylvUJxp+q2kpmO8kt+DGMntmsqnWGmDHMV5mAeFmvEDWGocbIDMGc8zYlSH23+h4eE+lF7vIQKg2zu1FtgTh4QpfKq/ED1Jq/5EA7Mmc0HmRSluKXZVp6nzN3V2oe8jjaU7CfVzfr5Ja9rpXIKOk79+GCFAoMlQiWEFs0CPf2cBdNJ6JC5XsinOOicueLOI1UK5s4MPxvBqQUvHcNxw2Ej+pQDL/2tfXno1/C21+PBAzvROhQZGn7UxNkpNejCiR5V4PzA68ADJVBZpHnNTX2NeO2TIpvIK7+1rw5Is/iaHxCHz7k+JMzhgthhn7ADYzEov2b2U3XHSjHL8BVw4moBOSwU2NzSsMqTeTEPC8dmfxZLlleaoRSh+pBVuCGo8IPlBRKKhkW41UnYVucmJnNOatI2krQmzOlepnQRwFixCpSyRZYontdJU1WCmU7QA4C5/c9KQ+k4getkCoyV3r/JoE8SF4yL6ohcydw4GE08/maoDcIwnQlVEE/zRpScX904s7Qa5l7WGw92evt3Nvc2t8e9QTOMESERhmjRQIg+fJJdoMlrIdOdoP2OMfovDyFZbcUr7UZHaDAwbCo/AAAQAElEQVRaQkiCxxHTdLI7HIl/Ig7nE6GDiAPeTmCp6S81oREKkaEQmox6/f7OjpCZJO1Wo92MkoSsSFAddD+RGsI0MD6S4mG0Bx+GfpTEQmrdaDXjJBafk8ULaYmEtu0YX9o/8Oih7UowEVSn8ppDYNJbvTtupUIKGDhHUJgskk9udPDY9Ei0zVjUj9TzsmyIpwlCISISCuxQmclQwkxFaeU5JZc0Gu01KNLNPT0quTsiTGwt9DjxBdZaHzFoGBpREmLCqeJGdEmWRaTOXiIRPDWzXNhErZyTO6H0qlAaUtxxM7S5BuLYQtKHymOR3quYrF3vNq6PFfo2jGPf2GYRnUW2aESlPHLEzlz1MCaS5daQhsaBSSwL2UzhxnmKrTU3CxSzWg8JjjEYBaqqL333gDUibts/I1M6EtiEIIbM2JiBPNcNqKiBzNAVMhNxVEVRUAeNh1F0RjWmMekioTtoV15MuCQJw1jadcYSioEtSo+etuRs1Z1CwgALOjEWcRDXI4jQhKx95HKCEn5FOV2ixjcAFJm5D9pEjaTSrCCtoHoQ/sdBPik8kDwaqhoHCqPUBKosuc4hN10S6oN2973AV7gl5kgrQU01pieouzJhebm2vENKB6HVnkxlNylvOqB3jEbUzLR+3Axud14wdYyohs1Sy5kzp/hR2dxDgzMrTXhHKg6YJqqmtIViHsSivrXBbU8DSqNhA+DQBRPYQmd+jlEQ+1dlaTxveAWmVNmk4Hb1RGslCO0COanFIJUYuNlMTG3pIUtiTVK00ZOpwpM5C80iUS1zxaKxsgiWGeWfjg62O+v90QQFRIiM75F2WVZHXEUsEnWYzqZBOhNzcTYVhGgSjkbSDFmgoXnE1NksuZMml9wEFY6IVLvTEfO6t9/r9foE7LBtirFtuS1gAs1hybUkzbLZTCw0cGrTiVm4Imu32hvr64NLg7t37t6+dbst7rsd7lS2yIMzWl1xgApKzmdx3IynQXepk+eTPO1de/W7j4aPxEn7wsb6Rz/4gdfevPPi9RsswbeCAUpwkUD+kWyXuIUpGK1iRGw9s67KieARLZRU0YAu4V0XDM8E7/pAXVaGnqBxCZAWJOSUZLknu1cOpxDZ+/0ZYtlb2UxMvLHvT5NkxuQCC9KSWYjG//J8nNNUzVnGlRNKYlNoVNKCLZIdp1OO9ttYgsj0AL3kAJrCyESEacpnHNFLzNdrcS7hdIzmWk5ORtRcoIFn+QBPwmYzztXarBggJl2AMYQk5Fy6AMTiicjhbIoUQ6LHNTeaSRMbyLYgDIYTIA8h+4IUwmgkXXhhelHSYMTbae7MtqeVNLC3cbHixmo9WNb/9HNVfw0dRswb0WLf664sTQbDdDhW9gLN4GB20yg7UfapaH7BkhJ4iYYBM70KSl/IAftF3geRGAAB15swo6ReyDSI6SgmCV2u1MLEOotyzqajyWgYN1u5z4M8F7tAHHge96MgzaHRbS1vrIpxtX938/a1N5740Ae9Frv4+GO9vbs7N964/cbr6+cuJM1O5jNpakesrOAHkV/sEUJtI0qBqQXs3KVLYm9w98YNcRudTUB1YhGxV2Ec35Fc3fd6sMIbINmNepBx6bUr94KwtbJ0VcgRovjVZ5/dv39fUDkxI9bOnm00G8y3nj4BLF7KEVEdi5Jw80OJFJ6fTCiXyyIVOJS5QS2L0fpMV62NsV3gBivYVVCiPSK2VlNt7Z/IawBtAcl1mkMl1MZOlKFEppVyZiPNmItC0BlZEkUwBYeu1LQuKcO1olHt9xwmWJk/oWSNPZZya6oiWRGAjmU3/HNa31SmGG8OesSYYpk3tljBVkvl5YLDqDIO5sUrWrtw762pEq7HikkbFFgQgLmzkLurr4M2sgnWFVP1MRQi8MUPD1SKQbkzqGsGZV2uNp267PQAXPwL9QLcd3XlsEJKgKKxE/u5mrJgJyVzD+WQHt0BgzFWfKj6wzF2wgrFMezKAWU1E6/eyY7ba+bm4OE3vzWOEx7k28WCO+sOmoGsZFip0JGWnPByypbWFTOFIuGge/vcUJhKmebSlsIxxGIoNqMzPAv9SUOpDlpmer9ELcolqV+mDgtlmmuqMBfFV5OFS5r44QUo131espUPSkAUdeFnMzi14OVTOP1Qtx3nsGDgR/5m4aRVbF7/+PjB5fHhQcKBX7MHS/3on1fZxxqu6JDwYO0BcDpS2bcolIiAwxrNQ6Dy8g13X/C5UenBnKmzyHjnjuLjxOeHCeyAZw4bx+Z/yIp/mf3UvGE1n5kHjJUel8WyrP4zmxerZl9fbFapTm2XsznX9WH+umI4xCqLq/8eI2iWgxVbyE0fCtyeNRnDofiVbkP9FSv+BcV8EpPPaI+m4pN9ZgUrYaqTuASUEFsqzyHJIulonJJmOuvS+GCsprtYEY8wp8UYK72pROOadSgPxTLPo57R/xWVpH2Ya80vGjWh46OcTAtMxxM0zQuQJI1G1NhYWlmJ22EK4539zZt3elvbaW8sGDG0G9Jshqh+DYUSSUjOhBQvBLSrwCfomAdmY5G0lwTxUjNuJY1Wq9loNKN43BtOesNRb5SNRGZo1TeLwqwRs3biLbVYK+JRKL6fDkd7m9tCICbqFsXNZrudtER2oawPWb0nx+hSVID6bFSpS4milGZLw+tCQ62d1AhNcYSGuz38jEnwBqm6SduTK8PtUCKjWgFEuzFGqBSmztnyUl852yhnE268qwih+XA4QpjNmCxPCF1JnETd5WXRkuRthEm/JNrODqeOMgM81wa5S0I/biaDtkBflIJyt4APrtoopUBAFqohKHPRSulA/lts3lR0iRhgzD4pS8PmB3aI1RPD86rIZNCE0C+kKCWjKsBYISluISKcfOhIiIx2gpNbxAO5jUHkgy/kz+RFRZZfasTkFoWwC5my6qKMo5CVEZWHwZdg/uowLR2F5ab1CtpT1W5MB3ykPexQMMdiubajgwrdNCXkmRpvsm1oCHmKGjCX/2LS6D23vqL4fG5JfSXbxSOjL3jY2CPQSYwWiaJEYlDAMzoXVuL4hDYaCo6XsNipdr2Bf1B34xm/RWRAJeCOn3qqMx4/lnclhzimJQluhKacJKaOa7s15NjIjATtRMKON/dWQozCpNkMpC1/6n1p3YQ8aWmJkFcwAcHNiUTQplbERarwTNQ14hdNKUjECdhCF4YBdwKlawqmki2uG1JvyyCv2zs5VXZ71Lwtx1+YWyt9e6rqiQcjZTTy89oXJ8KbPmAoLd9QvJnbrLUynRMJCmTBDc8oH5AVf09FMOywcuiFvrYkM6UmOoJaJeYym06RSKZTJI+EoTHT1nP4TQc3JiYbVz7juPazc0CQWkXmLBk6pcCuh/aHOSQAF2AvR3dgcRzjoXFp72SMHnaSKMsI7AZ0Gr5AhuT/hp9XJA7poyhLs9mcTabj4Wg8Hvd6/RhBeaEgAV5RLGwbkBWweIKWC84IoHC+D8DJ2emlBUK5+bj22SauwtDvdjqXLl7c2tzavn9/d3ddaK3QzEOR7ye9PNVUOfZiOTp3SNM49B+6eunrWy/4QX5/e2fl/nDjwhKfzZ58+PKPf+aT9//JP+9lE1GG2bA/80IvBj9Cbg0Y6fkRqKRyI422ljTT+mR4IwByGiFNHaipAegeBRM6wCqM4RIKvBssEGooDmOHU4sD0zaS8XdcUNL3SoMVLhw1Cphu8Zx4xB5KfLsadJ5c+HOJCWNMzKZmazSGe8N+MJ5mwRiYn4RRLN4gM+HjX8kAIKaEo3klwWUoV4U5EFcEuVplA3kbIe1J0WkNLsw4EtIwEVNa6GBzxHnMIJWw1nwmIfLIFQJ1LrGwZPdHECsmsetervFM2iMjLauS4ZXLvafRJwhBxcwlb4GUDhlGP4hjIw3BWRYEgqqAYsO4RKzIHYPg02acjZggPQEaAPRD6Yer2OzcIYl2Z2i4MQAOsOBgXiQW05vJundMl4wr3vIABv0BWQFuENCGCHFPrQXSvIfkt7y40eysrqRik7Xfn04Qx0jofV0TQuZSw3ty3+hLB6uiMz1pW4rUUoy4c2MpCz32TISk2wtjz9BoaepKLl5mqdZ1rRRev+acFdSVnNaHTAIzp6PhZNQHr8nR81rABD8txnqGHt94wFrL3fF4NBkNtm++sX/5Umt1OW62Vs5dHO7v7bxxe+fKVnt5w4t8L/dEbME+QybtMTrQaYlyzyXQHkecmFONZvfsxUvfff75m69fE3t0sdnnjn0/WRXD+6l57tTN7WhW+Oq4gTkWqtykTpWPfItD7Qp+6CdubLnFAY24k0kxJqQpgl8RooQoDASrde3FF3tb92/Kg0XrF86LYYumUw0n5JkWlpgp72TQyhWRyJEDK6oyq895WdjlwN70F1zH54oDdBqQOTo4zaHp3HjhrVY+W3wJOL9KKU3/8aqxEzOWXXiKZmQ0CWAAVneuV0vmWmDgyn8EFZczt4rq0vkLLgli3KBPKlO1jDsptndd/CPEK3Yc1PvdsAzyQcCUainL4YDVrjJUtPR3ngDbgRoU9wjlZGE+T1R46BzdYXXlq76yi5s6RAJAtmvmJXL4bLPQqqNOzNra2UudLitGcqogL5ieUfXGTvTUZLbtS8osCygpl6zQ6sZHi7FpAg7ezEw0tbjYGc9LKMpC2pVW4xXPR+WCVD+qNn39+Fss8ON+eOzACpwNd6EPpVfuRXHeMt0LdUlrAkG9x4t0wvHgVfzA3pfYTlZczSoikdr+OKD/6FnJ2EkpoiL6cHAq4NaCuGWqiorsUnwOh1BeViFTbsHKn9SH2lHuzGT72BAkwwQ6AC03kbd+fNaGutF2ahkd9uRo74+R5WEv+VvSFO/mwN6S4fLu7IeFpvRCIC1ec1PULnD7ywuRCq9spos06Ak3ennrxqqP2dxPyhes+A2rpMucO1bOppJPJaJbuEqWJo/ahOqqtCBpP/UVoC6D46w8teloVsQkW2g/24MUz2ppNZ+tECemSzkoq5qg9ScUX1/r/KwFFFbkR5QtE66yKw4JJQGg+2rfQqWS856XQ/U1L9oFrA4Pkm2YJlN79rygw6Iz9agPyvDFbJpms0zIYdvN9kpnaanZbnoRjGZ7d7d3b90b7/a8aRoxL4jCsJHkHsw8dM2BtopztGaM2uBZNh2NZjyd5DMeeo1W3FrqtDsdIQ9MIIJhPtufTPvT4f4ItSpCPBILaVoctBq8FfEknGFK6Wg07m/vjno9IRtpi1J02nEzEZkyae0YlJzBR80TpxNj0qJGlssjhXhuNo4TP0CLC4nQEyURGsUnvVeWO0J+rk0TOC1nuDrDWDukkaQGNP4cpkaNRQdt74laGFMKpFfu7e1JgxNpGIWtTqfRTGIsGKqx0VgCia5RgpnTEOSgfY5rCsLN6SSHEOusmVYkFRZPlxOHohFoXn9ijZVJdO1awkvXXCn1NXJDLRLcgCJ88HOFjsAm90g8riEyhdT0WLXsc0mR7VaWvWKWGQAAEABJREFUhjKBJ8zANto6AAUGoOrLa9+gN7j2w6KAJtK7CmERUmWXBT8MwgCtaggtgPiDOgR0wUDoE2owiW4B65eFk71sgn6kubKiodz0cO3ZRwblbqVQvcqtQup4Pp2KdF96eiunTWbgH8KaaDMhmRJ+kV6AZF6qobgiU7luZ9pA6EtQFYJyYCq+EJejziVAVYsQaQYRgXIYGYDxQyKPTPW1MfFC/S4zJ/MHBJEhOEiOcwW9zDBlCAc913gE95HGZaQiQAvGTb/KylMFmSk0M6J9iUrJJfRHdq6cleJJpjkeVUumt1E8J30Gly6UCFpE1cKglM5ob93XQgw1ZPXhByslIn2ubBlfuhxDXyJSlz0jSw9yyKWuzykA48zI/rpLBYeCooNpZBvoZcwAU9Su0t1yO2gGOKEwL6ljZ3EweKWaLJ9z2piXhG00qR071ZpEHJ9NqhTGaeoF9p8m93IPlbqJO8yK/VqJL+z9IgWG2gKbX0+NYJMdUyObWbZK5cwKo9I5WsSJKMvJSNwFOuwTc3yG3vTGY56lQGpbLq2LMNAriGZcmCmSpiF6zWAaPQyGyTEnSBV756kyq6WTuaMgsD6WHK2pyo3TKgWCosVRPJvNyJCRIOFTae9EcCENSfpz6RXGbUWP2DBl0sDRJWgS2Go0Jo0GetgZjfb7/aWlbuQHzLG6DgrEoWqfORNbFEDQCd+zoBN3SnBwJGuHDgJLr2wHK10r3eQ8iaKVleXz58/eunVra2uz0xVs2DJCZJRFFukrhMvKghwNhCqQhFP8w4Uy9B97z9XxdHp3c/jaa7dnWXj28rkwgo8+9djW93/s33/xa9sjocbNB5kftf0EQtHIQruPFigEA4cFRIQBkNUHAmZyNE+QE5/Fc0Uj0eGOp8B1udEvi0JltPY4x3JVp8slV9IAr+Bqq0JialquSncO0R3OYe+Zw4Sa9wscR9PWzA4MDvczNyxCKGRP+7bGrPaixn5zpYhioKRUQc6VZk63veiLECHrUXNPrILTEZ/OgA8Tz2uKsZ6nwBJ00hd4cSMRkSfjCR7fx8Hh5ZJL8Fkg8e66W6X1GzGt5HjkvtSnMhYi3ITlGSrjp2L0MpiKrc9EcEponMeTMDem5g7XjBIG8k6Sk+k8HE3SJhInBkFx6p7kE2RliGUBSCUgRmwBpqOxiJpkWRDHjGw0isLgFJnm0kej2jB6yrgc+tibpZPhUDAbhF710JKkBxZTTKBUYqBpO0tJcKdvF1rL6iJ5h0VkNc+4w6sfexU9aCrp/axZ5ojAKqiPtCuJ8CAuIZB+d2UZZrNtyYIDMZqKSKkyAhqaoU9wnCirNr62ZADE2ylMC00VjUXPAolA58qbpSK8mpl2ti6OjMKwJrly6EPLgfIUpRhXuVams+lk2EMDJT5kPM0YDmAxyAUxhYAlnWY3XZ5Oxv3d+7ffvPZQ++nc4+cuXdm7u7l1/cbN199YOX+pudYVvDLIAxi0Ewjl5oEGGJO+WgUnHMhxJ6ozHAw73aXLjz527aWXbl6/HqH/2TijkalXFLUwqHoVOtkz6+ZJBJpyVdwJYw8wqg4Mi6R8glzyg4SCFs1j+ji/fKVf46ZGUMNGfPGxh8Tt688939/euXvtuh+HK2c2xNYFD9woLg4Xbo/pRPJ5hxaPVVTn+oR7jrmGSYBXAQlKQGNgBZp1lsyqY/GXE9eoBhrXVkKUsRPQ+jQCjSjYiqKzsuG0oVyDKXHYYuvIwxHaaM26ZZtlfIUJMYp7zfFaTpcDs+WjQpqYpmAAugQ0Ww1bbLYIpXbUqbEqF6Lakbn7EVbS6tp4oBrYKSAUszTYGagrhL58ANyJKoHDDhdEo/VDu7xWVe5rTvDbp6aHOZQ8wnCLkVZ7MxeWQFPVoklKrxabL2YzYzOd/2Fd3HlxDkniwMd6R3jA6WeH53VM9BRjmdFjRpJuISOxMpMbFGQENCHX0VgRH2CyNp1njVTQQ170EWgmKC8veKqQvLz5gnL/HTa85j9cJCw+Vk7nezcU5iYrgRdZmS8qDj/m9EIpTbBjgJXoGUAtTYNSyuZXh/o+cX/Bmdn137hfc3ZCTVgc8E73OJShZIoJbNkcOygF0sANOohVWqt2lh5edTObShfufKGMMj/0stOyR5ILpZQp0AKBL/zwdAM/xptjxuVvR/2qYc40PbxsbB5jUpfFg5SnwKnMf87diVmL0H4L25vVXZ4QKVokmOUYCjLimmjmD3ce1EdzkismXbjm9R9SJG4e8ppP4eA+O6D/mBNh3pbRAg/mvGPF1GqjsEp8N1nmfF6JXkmWlVM3z1k5xcogYuU0Dir8iQ88/gBpcrdiFFg5gln9WF21uMN+UFLPvO+VKw9vXbk6ungFOt0ATijs7Wc3brI3by1df/Pscy8+LXc/jPJVGRc7VvG5TC27lSmnwAzmK8Unq4cAUDdLy43lPFZ5VgaH86w6/ZXPGSmuxFOGXJ7jskJTFNXlJLbnMJvMSM0Z+VEzTNbby92w2ebJZLu/v3l//8793r3tpbgRRs0UTwyinWkUa3kskyoGIc9Np+lYyI3H6D0mC1FavLKx2l1bQYcxQSikzun+dPve/WF/jLgQP8libxqB10zCpQ5rxmNIMw/GYyFwHeze3xoPh812Z3ltrb3UpZ0Gl5p7XTtPIk4YCWNzsjYrhNNBGCUNkWHSTNDUQhwKhbW0vkB2UXJSRAAo5IJcnL3imDPzTp9s5OAqehQHyDzqTnP40Wl/D23eiv9mQss2Gw2Hk9FIXIhXQjHfXVpqtpqNZiOKI+WORMn3ZBbWXbky3GB0qby4RSuKwniRZjrjRA8qHZ+bJ0XqaTZvnqx1mZ6bTLlpPCWW51LqTrswTwp6bVuRvXOuPAz4XlHLQ7LeYkaOGtAWrBxFJkl2PpCz1ugQ0GVz2ge1h3R+mwa9lZ4Q3IQMXRAwSPQRz5WNEwIKCA1jEARxkviB8nlE+A+3TNI+hwR1cIUx0nY7lK0ThbIwJkxy7uyTlVDbyHhLslaDOKHgvrWtQaZNcqmwUKANhLmk0xnGlIgy3bRMD2ZFmEii5YwXeVpUjupMag9Nv1NWmlbL055SlE2uc/BfhGgM0dqm1LqPtbjOIEUQZZKTVRksXqYMfogOUGVjvgT6+GEcRVEs1JGYirY3g2lKSpVLaaALLyoOEyWPEx/OENsxIxwQUy2WS+EPjkoD7KB+Qm0DIzPJVBRf+vTxycgKWW0h2q7Bh1wPLpoFlhfgufKtocab0JqNxuPRiKxJ5ZkdbIXCu9TIKloKKmwwB3+5/YjnTuWZ0v27k5xryzY2nWK7PZCAXdHHQmqLJFga+Yd+UopQEIbWUsgas0/ueWle3Vq7HhUWLMbcWM5NdXWftx02Y9Imw5WuTcviXLbzQUKu28KMHsImerZ0asCr4a0O+EOuW5uZdQtoIZGDm8os4iKyairxVYIxmIlFMeXkyionlyie7g6aUaoJmG47+YTWaBVJDmPH9Qo+9dS6jFBUWxapa5NMj2/tQlmukU4MM8qO5CW61uRJR2jgyMwJ+r5K0XJBlKBazkIOi2HejkSSTqE4b7Q67dFk0h8OBv0+8kXNlq/arrDw0Q1BW5h0HoP+tyYTn+eBtrPCDrH6dVgwJeWFwpsJLEjvmY2Nvf297a3tpZXlRqOZJHjMnytYn6J8ugF1YmLhDCR3maXdbvPsufX+6N6dzf0XX3wxaoSCqxRs3qc+8pGt3d4Xv/miD4hORvjAbBp5IdfgI0wo1yoIbrC0DMzqa33R5ei6RS9pnBsNTg1Lp4PytAf/OSwQjkpiFKdQfWb2cviTa3GppiCeN/P9geftZjzJZ0vBdGk0IT1UzH3pFzNE703iwQTXTrEmZ4jzzVxTknK1B8JqJGEofidp6qM/LS9R2xU/B4SlI6s6mbEcrTGmaJEvU3s5XP19uTXy0WUFz9FIkVQ1koE8Try/tKyYW10YV4NVDkNkHH1fOs7JZ5MpMYSJ2BA1G56y0gYsjCbpiJgDnuV06lHwUzSsZ+Mpg74sBsStZsgSURzisN3l26xh7kYaTl4IcIRQ4FFOODC93zVKO/e5UwAPG627siy6dTIYEhpcl0ZasWIES8wldMTP0qnYqnG1PaaFTTFOBYkV+sIUHFsmhiIxW1wyn8yzpw0OpccOlVf6LyZJHSYveO40m47H0WQSxBFtU7HoKfdZjhyo5zfanc7abLjf37xxc2l9Y+PSuQyiS4881tvcvX/z9q3r1x5dflpseqfM80Pf7G3QrKQcdJ5S9nEJH/RpQRTRLl65Muz3b1+/vtntXnnkEfxEoglzOS/ksPac1mamzXMt2TilcAqj6O0MJVb7QWpH5LOiSpIbV99PWs2rTzwWN5KXn3u2v7N388VXR7u9jYsXO8tLYYT2aLlmuayiiJ9KP/IF6ZGsy2ozubrUvrzUbsdBS3Bfvse0QpgrTAc3UBGuWSM3ToEiWwy0BQIUTJc4kcy3+rm6GY3RxN1+f3Dr7tb1N+9s3d+TEhKLNVEMEOguUcfuwdF1u9mSOSVQxzuY4T6JInDlFFYlZbkrCz4Bw/dr1pexC5cvPPX+9zz65KOr68vtbrvVacHbHfr7/f5+7/697e+++Mp3vv6dm9dvgKszLgbN2ut7Xv/+GKE0/NQKzdWieWFt/NTl0eMX05UWbzeg1Xj7qc14DILx2e97d+4137jV2tlr6Y0NMzvWUuCOBlktkBWdstMOczehlbZyb5mbePv8udWnHl9++OF4eSnqtMLW2z/e8tEoHQ7T3u7s1o3xte9m25tQMssAxS2lHgOmYrx4iFMxdOww3ImbTjGU+4vDjpe8wTr3vKU+BFMWTeoxvm9piHnaZtOlfHiF71+AgU9KA2e+LTj3qtEcbr8czcoG6+ITCfSEjPyhx4ONC8nZi/HGOS8M4Z0ahHxxeu/e9O6t2Z2742uv5mienQJ3q2Xi1zZpqblKcVzeUlNLXhJsuQg2urgTrr7euHwnuThk7TRopgyxGmrZoB97ss3s6zmJeJhUDpHeRS9G5i0uUxI/7T4vpPnX0v/pGXYbTifkQWKyM9WHkwv7XrYZ8q1A7NBgyvjscGHgqYcwAyEfSTJYnflrE2jzEyQdJ8b9Nc4vLz1xtvvIRrwiZD1x2IxKHFcOlnNy8LAla2z2eYl5ckpsUyhwdGorrIk3sNFgPOxNdrf7b7xy99Xnbt29uW0SmTcND2iJaiudSLvNeDzhjRlrZWKr50WcyZO1TClaPIKYa1UQFlKa1qejMvTWk/s1z74le9EqvnxrYsrnTMd0tExyY0ebY0+ocyET0rkRH2zxvTsw2i/Vu7Ti8UMnI6+956UH87/k1YdXLp/90Psef++TD62vLS11hWy1CW936PUHe/uDe/d3nn/p2te/9fIbN24X1awlLozZp6wcBeqYinICBWACM/8X9iTystVoPvXYY1fOX7h8/sKlc2eFSp6i2F2Se1194lyrhN1pWnx7aHWtp98AABAASURBVApzU5apCXn7nTubN968c+vWvVdefm00HDsN4PJ09aH6ltumOSiO7gi5jEr2bnV950//hW9eukILwInBTSgsdf2lLjzzVE+MmjS9Oxz+tZxfgQcIQvnbH423+5Pb2/0vPX97c39Yg4qdL3NQL6r2S2oaS3ZaabfA3WRow67FlWQMIcuFHgXLiYePM6EHEtogUcIkbmysrq63l5PcT/eHe73NvXtbva3ddDhOpNkQ4m188X8m9s9SO5tJYdxsNh6Ps8lYcCRh5DfbzXip21zuCH0tnkNL+bQ37u/sDwdDIfWdAh5h5JHPOonXStLIS1k6TqdCGzscDvd3t0V6ndXVlfX1pNGgakh9lFILyx14aiwUEMMj8SVBnDTRbj060wnwSUj6iFTDEmgtclqu0F52htqNWJ0SlCtjJ1p/rwzhC/FdLhVUE/GXIwBgNhY65uFISIEazaaQBojfpIEaK63Aqz+S6vamm/kDyqkWCeXKVvS7XK8AymqF9j5DLmbkSU+LlHAVyaykCdJJHlKAmsCc3rEPaz80mkElbVDQJVvyXAtmjVEQKrPoIzH2hNQO7dBIGxWiZjmhC0Dp+7i0wE4ID0oEbenoxOXh9Jxr7Zjtu+IaZNpKKRUcVabCuKjDs8xsPEiLQeyV8kJDvmkQMSNtq5Dt+crQLQ/m+qPVXBtzKnS+OovLpTF51R7a8kckQSfYUGTv3HymwRaEf1DWaISKh+MhZWluhJxrkI0ZbHapUZVmZUKya4LjyWOmpwqaVrPr4tyoFdQcllpaRHqhCw/lwoZrz0FKVuhK7gCUQomSJdskqlKIq/HRc5D0o8Qsm+Y0ZCUYWIrMYiZV16Ik48Ewk/6DKGuaO7VD94CZWOhHXn1/UFILzC9KtTxyqnFOiha56ZQ75cBweDRepxLhxesFjtG9BYFrjk1Tj2J35/b4PZxYyxdXnxr2xDlYxMgcALaXxmlZcJVOQBPYTPqJkLbTUKE3nUzHE/FHwvByaZPCkbFo0+Sg6SqYV9qug6SCrChqt4V0SqzO/zuNiTGJhngsoCkc2BJ7zGUMVLaKBiD9FZxEQpaR0EhSNplOgtEoiiIiCgDuJ+qmQDTNGTr5UCSYJEm73RK0WTA6/V5fsCrSIYhnWAm3StITHHU5UorpDEL5SFBdIOGOswPhD3BWGWV8nqmJ6g5R9mardXZj4+btO73d/f1OJwhWKGvdZrqJZXwf2byMdrNhGEzTzPODM2fW7u8Md/fHk+ns2muvX33k4W63Gzda3//xj9+5v5fdvD/igWCRoiBGGKAXEKpKVgTVwEzZNCGQkS+vaIPtSeQJmZjIJa5YbNV1T2gFDWMlVhgO3K28heHtJzinE9zJ6LqsYtYwoJl8lpdEKICXB5FgnPdzHnPeHs+6wzQQM5alfpBKwzkeE3xGHiE0NcvJdBiA2V2bPxLD5lKFFF2XhOj5yc+Yl4VI9yTXhuNVLM20CqMHMA8xa5zmFcvFOCMGTuSUkT0TmRtCwdAwhsRTKwsBRPgUk0ccG6L5OYGv0ulEfDgU8zxqJMQgg6hbGGaC59TYPcksoDcVaQ+Gz6Yz5o0FCyJpluA+AoT+qR2hHczclTRU++A/lUBk1lBiL2o082WhhxrNJpN0it6TuDY9JwOdKkGuGv0k4gZ2QoOgkCgaQ6KlQK1T0vvjjEk0PdEWhN5Jj6tmBzlvZhs/qYyEicqaHmi1uBK5ifTFjjFM4ihvchyjTGwmpzkE7TBPcUwura6OB+P9+9u3r7+WtAUpbaydP7tx9cqd167dfPXVjYvn186uMyM6lIsXkx4wZY192uow3OqIDXI0mUwEqy2eXLx6dTwa3bt5c3V9XZB9svQobfohtMuuNNwcnGGOac3DTSsdNZwoo/M9F2oHmUIx4ZDEDUu3denJR70oeOWb39rf3J4NxzxFQ2Xt1WW5juKQneWZFxCyg9r5VJSgZmocEK4sdz51+cyZZlL6kLgirlk0YxCDu0gRx7ilaRhXfgrgwDVKOgw17wziBKzBDfnbiMVcDJe77SsXzn7yQ89s3t/90teeu/7mHVCSXW6MnVhnOsBcuajCizC909CEwwH86PysZRMAcMA0YM6rA9hdL6b81Aee+rEv/MiVRy7BOywIaZf4d+7S+Wc+/MxP/7EvXP/u9X/5D/+X57/+nRKFZHZ4GOMftaP7AMpaIxSFOgiBG56+MviJjw6unHGxdO+IIESsScJXlrKrF3uf+FBv8z776rfXbtxeqtZhkWk1LzhjrpzGQQYcOKw8+cTDP/a57uWL8A4LHvqCb0Rra/DQo0uf/szk7u3el397+uY1Igo0800T2k0ZbRcKL1XgdqbW406c5Jzv67pJPHiDdb4VnN9hb79WrBQmLJhAcN9rvgbrPs/PQv9SvneF7yWQHvxhzYQ0VJXNN0lS+5l5pNuz8ciTa7/vC76U/r/zgxeGycWL4p+4zoaj7X/7r8bffQWOHCwvf5CHHWZ33O4ALIVXGle+tvTxQbRuXhsOs/BErUhmJQVaK0tYT3dd5QYYyRx0ZiXNV1tPPjM8NdBJ5xwsvIPmNVdzwx0/fSlJ++E7bn8+8wFNgAawHaevtqE1hceGwfrs7UetUVh68tylH3uqfWEFbDNzsEwPkeECe2SGsEGK6OAObeBOCk6wmBVWiaOHJMZJWknSilfPdR95+sJn/4sP3X5z+zf+xTde/c6tQloLDQ1+1E8WEWKP82Y/X84gplPstDXVrKGnOF5ekJnIc+GaU6SZ6DnPPfNLuBPznFkWkkgL8yrtzJQ0RrwMYhYmwLqsew4uvI+P9tJbzyH6pNAgrHIxp9143cNyvxfoCBRS5FBM5UPvf/xn/8APPfrQBXiHhU67Jf5dunDmw+974o//zI9999rNv//Pfv1bz72M7yqAkeIdKz1jhTdaRmQSqrJu+tZFnFB47xNP/txPfr7dbFVz5Q73ojdDwJwnRmtZz1IzUyAzuhQPQOPNvQawKYOTMrhYFnnc8cqVi+KfuBZy8n/+S//2pedfBTdnzbYBwIEMMD/ovS5JVcZAzz/5fd/6mZ/fRScppx+CoNft/p9m6Rfy/GfgAUKn0zizlj9xZeNj77nwW99+49996w2neraec0YilGMW26/M2NZtFJRElOdq/GRS/02mF9D6LkNjHNNpigatUcveaXW7jdZKqxNlbLrXH97b2bp1RwgrhIw1QOmckNmi1IJxKSOWG2wvZ1LjLZIZz4R0z+diwISN5OyFC0Eccd9PpemISZrubG2PhpNpmkISQByKf6wbsVaUx1HmsWmeDsejne3tqVDrhFF7vdvudoTWX4iWUU+F/6Wq2kq+wKUojJNEVgil4wQxMUJHFOIBYvKIQfOUzCLoiUTEVgkAa6dsgT4aFSBzZgVjlthKxIC49VKp255JG/zpbLyztSk18VFnudvpLrfazUBK8OTczaXuiM3xCGFXq5rpsJg6dk6yFXa/kgGrnNbL7aFi+osoaE7eZLid98SLamW89GBjLaifjPDQLESuUlYJkQ+rGnPARCjSl4fXM+VDBwNpGMVIEsOHNBoIgPAcc/YacUJtIf3C5Kk2KyJxHgRoyXVB3XZzykOshHroKTvdEl+iUSbM1Et9SMpUxVrJ812k0JUGPBC9IRskV9ATLASTJVQpqA6CRRvZWO9harKRmJ2aXTQNWjSJFOJE/kNwCFVCjhbjwUuNmUxSHnXwUnsdUtZH0owSl9ZEAp8c6ChnNOqcm5z+uYGM2FVHDy0ydo6OvsiWjHYwJE3XqGYx9bFclmwRifLh8iys6Sl05oP2mSL0fuUrBzqqOzjYsWfIAvOcLqNo5CuHe1JPgWRhNhkLRRJ2XG6hS55UbJVnpgs4oD95hWkzoxEczuwBiENteGsk/wXVpDO1F/yKbuj7arTy4K8hudWF4ISbUZdkXqC5wksEzr0tyA1OJvADb02gEW14SmfuGfGwlmYoRUCuMKzSmU42ncyUESM5B8mKEjNssbxgnqGHQFukAqujplWxf4uIFztQGddTlZBzjBxjeeR3D689/6//3GdBT1SZhhlAVjpJqZopmkoIGyrw0MmWWCQiTxJEzeAzI750aZMtrd5FMAkZEWzQeDIWyUYhGnPyyKi7k5CZCVz68MgJ0iihcJ41smKseii+qFCUxQO1ldMapmloURQMzXCEVhmkqadQ0nrPtJ/mAbjqBrlOReijAcQAkBdsa2t7d29/PJr4XrC8vCySjZMoiZPBaLzfH0xTeaI+SNAxBOGLaMONKxgv7mqY3ido+1Sqt/EDTaU97XyEKmWMQ3h6vVA04WD3OrppDmu8g4ljDcP/QGERWnziy8BRA2PAioyyU2q7+qr1VAmIMBKa2EODD+BzIYbxBL8ceL7g6gWTAb4HPsP/crG6Z7me8JrF8RxJFtk7QcwWcTAITsLdgLzJpEwFn5A/HcXQ0nZGDidufS7oEjs8mVq2wZBGNPjmmZGp6k0wKIUX02ua3N+Tl0R5rMijfQxXR96Zw9KSqlJtb4JAUBuPaQNrZhPCSlIIBtV2Pq1Q3jqx0vO6rcVJFYmVE7SZKj6A+FFkAmeSy1eLlxmTDAxbILsNN5NiFHgFKs6UrsnyFtT8KhPPA72f08OjUsJSqblJ2eTjbAbkGirhhQguieIkiMQkYJJvRiOZtMTGSVPws8P9veloIDbscbuJ+3Hu9fd3R7399vJSu9NFdtEjM1/crLvEZ3vYLNLlJ64mmDXtdog137xxQ6xNS6urgm4zWzvPEE8ozGs93oHByfGItTu3U+JBT5u1nZepIVwnFqyJLyV8F1sNQTCXlpfjqDHs9Xdu352MRoKUJK2W2tJonkcv5LCKFnygNxyCeqELDCcWqkmd77Z+7LFLH7uw3gollFZNFOXSRgskCjZOwCHT3OEKdEuA86ki5VCxkmJYCvmt/lXZy/VIAz5sCpy3mo33PHL56qXze/v9Xn9QVnOoEjjVVHMceEVpUQiuBBZ0ecGl7nYZomePPvXIn/xLf+xzn//M0koX3vFheXX5Yz/w8ac/+Mzm3Xv3720fEpvVPqvlpVjdH3XjfmBuHrsw+lM/vPfDH0qXWm/D3D9qaDXh8YeHl8/v7+37/WFMD82oYGD3H1BkNgt7pcovQHG8FW7L6ypR+aVHH37vH//Zq5/7gXjpXTDegnan+cQz8ZWH072drLdvNmAUzG7CbbfKIm5jAiu0s31bGZXVcXibtf5D8NALwdkxe+fa6qAgKF2PxTeFYB7yM3w4j+47C4Ne/AvPCyPPgsJrXpfTEP97rc7aD//B5U/+0DvZtMkBQRS79eTT4frZ6Y03+WxaJVaV6jM4kLIVIjvrQyEas++vJxd/de2Hv7v84Znf1GulgkYa5KXa/zLmyJXMeqPNamkkSlFAprTd5itwdBXcOWAzms0+u/2bsFhoft8PNd//gb1/869m1xYC60we/yxfOrNIzAWlXCJsednXW7PXG9kdgdA/AAAQAElEQVT0HWDX5NAw8+Fukt8P80bGGvlhC9kDCwQO+L7zyMYjf/TjFz/7nrDToC2Mxi4UQLU6nXoLJU4+zP01vBkUU6ikz3jhexsHCrgK6Cw13vvxhx97+sL2Zm/3/oBXKljMq3x9cDseiZ8Y58nObG2UL+fcV3ZHJCnw1LWxdKLlDMpluDpOAADa0omUWmiLJgDA3F9mLJ2AVmPUp++VnxRspfhx01+76i1d4NM+TAYL17J25PGaq0IDc+dRGW701JNX/+pf+MNf+MnvW13uwDs+rC53f/BTH/zge5+4s3l/8/6ueupwCZqvcFdJ5zm4i4bDodQsvAVRkHkuxAE//4U/8BM/8BmhzoLCG8MFATgWR+gJn/NbSsGU2dlOOXuZA2yfVFM2S5Pj7FD8CF3j+z/w5NnzG9dev0l2MiiOKUXdBbPcrKO7cNvLCA5ZgTPR0kTGfvjHnv9Df3RHSEj6g+xbz7Jbt8H8293NhE6g2Tx5wJ/vvcj5lPP3wQMEKY/0kjh8+NzS01dWXnhzZ5LiGXem578ZYk7lbdOYIUaBFUZmNdinSx3cUN0ZZuob6XuGlJ1CD0T60Ol0OhlN0slEKDySRmNpaWV9aWW12U14MNsZ3H/z1ubrN/pbO4nnN8JIVMQPfZTsSlsGAR08FdKuHBX40/EoTadCZdBcajeXu0m3FScNVJcI8dY4HfVHg/0h6qEYTHxgnUa82g1XOn634bUiHvjj2WR7Z2fz7m2RSNxorJ05u7y2hnJm3OZLcxFAsluQinwEbQAOUqG84qGYS0Jt04i1zxpxE0pLxEzL+LTRdtNKTI81xe+5px2seJyVvNiqMWoic6NBlw0wHg76/d7+/s723va2uGyKllhbXTuzsby60u60RCFJjS7VRsq+exGRUJpAzClVfX8vGFwdOTijqHTtPCw8J22XmwInEYpkSHFg+IGnMBO+FqZ5C8vUFmWHZNZKf1Ttl9rAikdtQZqLzuRhRQIlGKskUguWoGkT9Mkk5LsROTFQ/eH5ZqZyC+9ALIUyc6I96rg2VEjh4MxZfeGpYSDRFbTeK6yJ53IOOr7aEZA7GmUUhKO7B6ELHAvV5ZhMm6BoneyFcGWuAxw641JWZv45wTYauFsbTr/oRkeCQsjZUNRIxFzDthJqyIgswah0OB3gVA0FpK6l1pZeNqam8Ql0IlpCzPQoSchAkcwhcME3uQ567HG3QRV3RKWVDoYwI4n9SqWZE8d+pK4wOL9G+oDn5Alq5MWNJGk2G60WWjSQvnXc8hQHJKj+0skpTzoZgfmm0/EU+2g0muKBW0TYkAqAuWOYylaZ9k53lGeJQSTwnNe8cj9fcBZWglEaHjy/4CRCacAfPy/VsYVH7tXJFPdowXZuzTsHrlHG0BjQCdMqAbu7f7B6qNnPHTLAS+SAMjRsmX3MVOmolAorQppTBEYgiHU2mc7Go+lojIbLxmMc9mjXh/w6ISUBbmYgmHVPTh6l52PFAGqTJUsJzje0kCvdn0oClB8BxIagdhfnbyj/iVkcSJMnvv/Xf/azJQ2A0b+As0lm0uAVk640EF0oaQuX+FxcIaRQTNUDDFtrqScrdLOKJ8okKKbghdJZOplOecajUC027nfGpx49l3QsJ0iHr1YOu00tbAA4HG+cV0cVA0YYQFHxIfoIHItlPZFBLAXWroOmTkyCY1Lpso5Je57iFt2uRfFwPBZS8+lE1Jc1m80oDgWftra+Ok2zWzfvirRnU6FWbXhhJFX4WvAlbWTpxQt35qQBcpdGfcfV7Ff21gyvxhxm2Vk4qI3fLtDJojzP0bOj5N9u0ImZkHr7zMm2BFdl487WhqtD3KIvcP57ufTtKNj+0FPYI/STGYeSxeC+BG2I78Q2hhSHTEtIMV89i5khux7xB0ybgcYMPZpSTKE4RGkyRW7NbDIycAzG3pLZeCvsF+pufaaxse78JSkOY0xVmIDb2j8ouZrEb6kJcrkn9MgHChCIVqfnSYNyyGNLyy6eoZrM/npQ4OltMU4xlPkUS+3otoaesBMukpug6hpJ/jzqYFAWESbjiVyBCIHkMTNKtGsnbHlkrzOdpImgek/dykEiWTe12oDGCTHL5au/hT+lMldVBxyYWUqkJ1jxyEd7nQlIszniHxqCkiYAOXppTQb7e6O9bS8OOqtrDMVJ3kTsQO9vjYbD5fX11TPnZtlMWsaRexX0RCU22hJ66eNoQTSoWH143mq3yaiJYMfFtaD4W7duiS11s9Wi03LcKCpU9ej/koUAwx2wBx94pXHCijuo6ib2BPM67XB62alhyuzI8sNALMSCPEmUp08ei2fY6YB2YMMQCRSe4uIeUUkhIY3wV4NOVJFh3s2DBUqqFYY/9vils62G+1xVxHIyjm0SYjfsj47vplyycaJTZY5BEvezQgo6UZrjliukFDRapd1MNtZXrr15ZzqdGYIBCnALmunnBpdtVXP6rc6IQ8VAnTJ2Anol4RwqTMzSSvdP/sWfu3j1HXfQ8+CwvLZy+eErz33tWSEvMw+LVWNw0DBjxeiVwTnngVnSl9qzP/X7epfPvKWz/sFDq8nX10Zv3GjO0oBZmgvuX1bEP5QHldsUzmcO3wCVlO0n0VLnvT//RzqX3mXjzW93wjPnJtde5UJd4XJ2tvol3AmUibSzLStENe/d2O57+WcI4W+HD+167zgDJwcFxu54nU2vdZHvBzBnP3nAFGWLxCqNT3uz9uM/23z4PfAuD6FQYKyuD1/8jrwrEe/SjTteCiOP1ewU6zhK+Ydi7vudX1//kVGyoVQf3LFl4q6W7ls1hs0ZItobqVMBzloFvO4rcMRY7j5or3X2x1//n4PFCO3RQCeMjT/0BeYdig05wi54DPzrzel+8HZvnI8YhDqtF/J1oXozMn8tm6uNzyvveE3MIzRC2G08+kc/1r64DHZsOZxNTbqWa5szvLmbAiuX9pAUWCVOXeqss9K6cHXl5WdvjcdTJ+XCBRypIeqDUZuVH2Y82J2tSgMnQD50mKuSUGJQrXUwYlDzHFwhgBbUWp87yokO6EMF1fQpEnOFu276zN5QBvJHaMmafns137sp5C9weOB1g3FOSxsCUxiSrhEc/F1Z6fzVv/Azj1w9B++qsLbaffShi1/95kuj8aRA743UGEwzQ5k102/0yFAPWYGhY6XkzGd/6mf+8Hsfe7xQGla+ZlUUiJGoQJknLKXAmJt9/a9JjUOJ+yp/645nO4kBNjbWzpxde/abL+hM7Uel3JjzFvQ8AYdNs3F0VuaNebK+vv2L/9V1+uTO3ezv/P1PvPjSRfPv2e9c+uKXL21t9598z9jz3HapD7/1O97mZn7xwuExAafsy1n+UbFVggcOQmDYbkSPn1/64ku3S8PHzGw7cJiza9DDSHWDbaCDsuu00Y7OnRHBW+V6lNMpKpgJtZDQA+XZaDCYDIce+K1We1UiThLuZ3vDnRv37l1/c+/W3TDlq51uIpQiYeALzbKQ+4aekF75mCZauoBZin4jppM0T4WIo73cEQkl7WbYiFBFIzIRmtb+ZNgfCcVrFnpZK4ZOI1jueK1GFnijfDacTfZ7+1v3t/Z3tgUX0Wp3O92lTrcTSa/Z0qiKPT0rDa6TGAyVWEJ6JkoWN+NYKKwbQg0ulOARngn0yIhIDsp0vqx2gcQxaVmKVbS9ln2rSIc8Y/6K7gl5IOSZ/f1eb2+vv4//hGpZCIc7S93VM2trG2srayutVlMovOSqQlWgf0Bm/qWcE+qyc4paoBFQQlEcGkp4kdoPWRFe46rDS9pQo82RuAnwlF0KOkeOij6Jz6C10pwyOqSAdQU2lIMuCi0PUA86qV6AkvMTIiQj6yb0T9yjxQ4h1m00Yol4iAlxEgZ6YQZdU59ypEQywk/gEUoy4qN82RDUpMzk2EXbBs8aNSHkSeDpwNwztIVGYaUCzCYTVREyrKKP0gKRE2ouR6qmdMvFHqmT3xKoS/2jBEXfhuisCieaBGQkSSOR0C6p1lUFpn0NaAU6l540ZLNL/IcCnUjECdkdkcZNgkS2fyh1uKYRQEOdjFedMgeruSXVKCpxCWSZIrSF/OmQSTnVgno5No2ltQaZRNRhBZNmQ/wTdURKEgaerxlAVpiGpitBu0AinJGEvGRC6T5BDJr4N0YF/GSSSbhJnruCR7dz4RihqlesVTVWJ+A8jWSZCCxQLJcYwgOEAqdxWEyHOtW9dotkNPf8BPYPxw1qjSk/LYzoMp01oCInBljm4AGDIRB2GNeOHHJeoVqV5qWxb6FYFIKV4aAX/9CPDmFNBF9BcBPpsAxjeopj4bRVdA71k8rUc6m3W0d1W9yFMWm/hPgkpjGj5ADIIauhT3aY0DZHwBDX4dE5AQSdUEOUllciEUQuIVeqbE+CTsgVgiC9gpiJWkvwXcy0XzRapzQGouB8XfN2dCsXN1l00TT9fl8wEFEUJUkiPZMRDeX2ghkoDRjbbgQEsTvJcu+xuvG2SFD9atIgd7KiUqKygsT2er3BcCQYrVarpVwLWZKq6kcw3Jzj0XxyAySehjFahent9QRZFmouEUMQWHTT44Gguru7u7dv3EmFqjVIxIKMufoe5S/hSQj5BGUQzDOEH8iNk4YdmJHiadNhYKi2HUwOfyAL+zaATh6YDC0y/99+0Akp/TT5lfJIbocLgN3O6Ge4VEsWWY4dQE8QDAIEZ4i12ZOchhga6G7JlygMmg+gtweGjDHHlJUx9S3U7YIdYEotyGk8celmR3yGznYk7sOwnmB8ATm2CK0pE0KOk7M9sBTUcFeGDuhXSoZLZJ2IBplyk442BSlA712aqMpYyNRJixdgyBmx2ujdB5jhj0FdMNXmzExHW+wHXjBqQynVUi5FIn5KJSmuE/RXjnwJJkJSKS0nTUbjPJtRLNtcYMV2ko/M5K4StA85tQajFRp1lI4BKDP76pcpIzcAdrPCTe2LLcR1eQvtQsOTW8kIVwUAuT8Ra0wkqJ88VRFPJmMEZ7eaKaJJgnQ6HvZ6eZq2VtaiZkuwnFHgCy64v7nZ6C6vbJwF6ZETpKE/4pIlzoC2bOhkB9HQk3G70xG3+3t7jWaz0+mIXdCN114XrzrLy6HchAN3rVbT+PdsezOYv+LwA/rr4G6tRZbQDFqcWXxnBlZgvE44WXCIvyATgvcRi+RkMlleWw2TpL+3P9zvjfq9KGm0RL+HPlcHJgl0wlcjvC+CTgqZFP48cFhN4j/4zEMrSUS3StapbZwQC8TKNk6cc9iKTbKBF6yOW9kpL/kLYNpWiokBrqhVp1O0ccKsq0T8FTzMYw9fvvbG7QnqLaxY3KVJ6jk3y12pNYtid10sKEejP0xrANm5C2f/8l//xbUza/AuDN3l7oc/9eFnv/rtYd8OsyKXVNdYUHpWPwZZ4U1huIrf82uTv/JT+2eW35Wko5Hwh6/23rjZnEyR99Zrv8PglpqNFdrI4esLEarxWWEM423r7JmP/KVfzeLAlQAAEABJREFUbG68K8eb32wljz45vvYqH4/N7sa2HiuPOL2+2BTcDcQiuBNzs+vFvxo+PmAxvAtDn8XX/dWNfNAEyTsdMh9ryFaVOau8KH7BWPO9H+1+4JPwPRHClZXZ3v5s825tO5VGUOlarxxFbl5TNxqhHOzuid5uRqv/y7kvTKNltZY4PqTsWT07gOssncg70F51tNSJm3w5166mShoFZ91Ub/0ouPXqk+k1WCAcCXQyWX8iu/oBKLRa/YZ3wW1wz+NfbE+G/tu9az5WmHlwL8rXp17obHytJBGOExb8qnG2+8Rf+P7GWluzTg7HZRD9ZYsmbpxSD7rfWismTox6GyfF7x02rgheYAW/iqzVSZ7+yNWXvn1zNJwAzINCwGK8QmWnc2DslEdb47UcQjl19P6ROTgSubck/lYKABg3+4aCjVUmd2P4lmyZeBpxIn9lanSOWR76oV8tQXPS0UnLtZ8sqTAnF9eGCmNh4q9dTXdvQjo9uEG4vSw8L0cAyya7UYp/8ffShfW/8X/4M+fOrsC7MCx125/+6Hu/+q2X+7i9MttmVqTq+hpcaq37Aiz74TIs5lNnOVAJfvojH/3sxz4B9q0m/8VfvV4415XfQobcpsPn2DhxrzkclrIqoaOhLKUGsL6+sruzf+f2Jj1htg2LbQHgiMagBDph4OynTHPp9mRq9uT/+//u242Gcvewt59/9euXf+onv/oLP3/z93321md/4NYH3v/GbDb8xreeWFu9ef784RTil/7FQ/1B8MH3D2GBgDOTfSXPf3JR2nNgELKdViI0q+yVW7uMOc3taqbtOFRNwZgzAt2xVuyvUlhqo6WTu2NOtpqkTlSqRbMcVdWTiRBPCWoidMhL7aW17vJqu9v2Yt6b7L559/7N2+PdXsMPWlHiSZsieEJYqA8IdyLUBoJqyyP7UoUsVMppGIfNdrOzupS0Gp7U7qwsr+5v7+5sbs9wS85S35s1I+g0veUWNKIJZEKc6sfhzt7unVs3hvv7EXrkubS6ttZut4Wwy0j8yA9QStYpshlBSegEc5xE1rpJIo0uIGIAqy8UycCAzBNw5SuEcyhr2Q3TZNqt2qSMubOYmDEJOMGaTwf9/t72zqDXF0+SZnN1Y31tY31pZbnTbTeaiRAUm6O5KEBmoO3iK980zKwATobF67l9fIDMqhZB4tbdLDMKquCgTKD4rflKr3ie/quk5qTlAyOxL8BBYIEScl5RrzpkAwO1FaFHTJEOUKy4VebS0wr5PEKgxmxGIAZRfqHsQ5yB0KIliZDHkiLPIaGMtFeEFTCADxVmmQm5+acMcqjjkRKEY4zbeNYYiMWdMJMLFdhztGBOLUBaVcEpIIEmEldB0LEsNUpt2kaoHcAc/IHpTaXVZmYrAXrh1x6C5C2iMQJfiL6FRDpu4CxDJ1bSwAlVTcNETF9zMqMkGkPicmZkkWWGDqekMx3ZUCJptBgvTcuIPjCmTdxek3MsS5U1mpw7QxcM9ZSH6lMNZ8lEp0izKrl2xMPV0WFVf6K0XHkgUk0kiIYfhQHK9fGfNNwiVQm06/Ns61LpTE+VzLFI11qyumjaBC3QpJMpYXh0d9SiyucO40MCt9/yIyVyWGRemZKMscPLWVcYzvmhZXOpUGlq8zpsGWhL1bxCvrnlT6l9mIpmnjAnWqHslV3DCSz4priW8BYz4ppWuKW311psrspjBtuDBlYzCstRMF/PYjw8Kr86TqFOkTOFgyOYVypt+UjQCY5/Mf8BbQror3QuzNSFklTmBiornfuAEYNKHKFmksz+S+62ZBNJU1ue8dXlK/MAgrwEPnNsBPj/zc/9kLPXYiXKApycACnj7bRgaCLlCQosiI1MWinwNG9g7XBwXQXQJVN1ZQo+g+4MAMbj8XAwFM0kliBBUnNesYslOVB64qHxA3Q0RmmRxlq5HDNdZhvvyEE3QvkJ+U0TdFaQtX6vL+h/p92OpNU7lzkAVWtaSeTiIRXqtHyKRVZUduf+ntDtT8aC9WSNRix06ELNudxZGfb62zv7PGyifwvfdIeyU6J1sgpKAvPoAjBNlMlfnamOM47MJ7RavrPc67CFAhwejrYenEZgLkvNFO1QvLkeL+qMgAODddGdHkwlWpXMDDHIYoS8C0FmQBNcxCRmznY5ANNuRIBZ7yeKgtE1YaFw+4CGVTgTozPPCOaBiC5ahBiZbtLzmJOJFhLiyAdcJYfQKvmA4mmzEAzIh6Isj3aMSCgZTSI8x6+iT9AurmGSDKS3F+T7GJpzxDRzkjFpqLLC+Sq+jZwJKfeWYIAPpv3hNEIpVduJzDR7+YsHLokaOs4OgSmKqqGCkmGVbetx5Q5M6N3z2WSaKV6Zyzb0wVjHAXJAw2m80NwxPjJdqki0WDW2ZCEJdg1O1VhdTdWiQLa+QHUzc/b8shQAxkwVjgCJOwnCGH1LoY1BaWdrJsZ+1GiI2rXazdlkJOhm0Gh21tZwMuUI/Exn6WC/H7Vay6vLEiiJ4y1FqPcMPbtJZDdI4izyGvZ6YhKh4a5YUGOfEJCNdnv3/v1hv9/udsWqJDh2CXD0ZfFEkoz2exImBY7Jk0KNqabV7oOFe3leZDZndL3DQ22lFqboldTmrycmI49rTk9ySN2VpZX19f3dnd79+2IzLAZSGEeCn/DkXgZl8Vm+FiPQeD7oBErZPkgfCCL8009eXUliNzWackYkWdAT0Gs5RRlUtAq67rxg40Qx0MxFnBTLz0s3zLCp7q/aTLplADQ4FF48d+bFV68rr652JtMyQVwGOHsjsLsTXhDsQfHTMnHVf5jM9Bf/6i+sn31XIgAoJM3GY089/uXf+rI0QFUfCozbUQJj9clEfvaXPr93ZuVdRjfcEIVw9kz/1de6XNuYZAWtRXHTxGpGkTusgc29dRvfD8MP/uIvvEsRJxSEnDs6f3n00nMghbClKcaYvTetChWpbHllLzZuIbaMLPZpvx4+2n93Ik4ozMDfYs1H+Y5XIyCoD9XVrLijrP+cGtzvLq/9+M8x/93g3WSxkFy8NHjheT6buMOtLiKruZ5DAeumNf4/Y8Evn/mpSbgCmstkjk0vBlXlb52lEy3EN1s2koJqgRQwI1S16YCBd7orrCjnqxvv/9Hr/2ARYyfD3/2Nrb/1/1wEcSI2QpNP/0keFtiGaqjdAfO6a8Eif7k5fZciTihkHuwE/PxUntuAE69IfYJ+6D32Zz7dWOs4nFg9X8YKHnBUnIos3H5LVyLC1mzXZ3kgvZLxujhuEY9RhjgJH3rs7De/9F3nQCiA2UDD4eHIzIQUjG2OVxXiROlOXB86SrQpn3hWSmqegxNfbR+Z60mHFT3sqPSBbL4yI3xh9IiB8xD0r7KkwhhzN8DGijALIr97Ntt6vW6a8bo/pZviV2WxvRPfuRN7+f/jX/vj58+twrs2NBvJU+956Ld+9xuZMneviC8AFP8vLwGGy3NeMyeG5uBY4fnG6uqf/Zk/4rvraWWdcbc7bHEbJ7bg+m3xOa/E4cXUqinX7OuLnINI4aGHL33rm89PJzPmtF05fws0seyx58hn3GzM6GbOzcc/Of7Ep2+YrAl08uR7bl2+RPI61mr5jz48/g+/cz4MR+99emJiirVvcwtNoUeRlYoIIeWXv7raSGbPPNX3PFvBwSDb2c1aTY/VCMomef4owHk4iSAGwEY3efHG/f441XIyNdOd9lYPmMMWmyvz1xaU1WTUlZZO7o241KNzqZFNhU5oNByMhkN5O2s2Wusrq2eWl5ejZiP1Rvf37r32Rv/u/VAoQYTqVSpqsCQ+4HHhWAgJWC6PBHLSuqd4PI/7TLzqLi91VlaSZlNyjEJ8Ab3dvd5OT8ytIIyyKMibcbS2NEsC3ojyMMg9JrSy19+4LkRbIp9Wt7t29qxIROTDFdYEc0rR8bT4l6J1+xStU/ihHyVR3Eia7ZaI3+q0pdGFiCSNoFR85Kuaa4MN1v6EFvIo/9RSsCy/sgJG1/s8Pqc5myHKIMUj3VkuRHN729t3b97cvHOnv98TLdzqdtbOrK+ur7XaLdTKR6HU0nGyG0E5eEZk7WisuRUyusSWFf8VQq3wqjbM0/hqEWhB2an0n04wmnv9ka9PGltduxH269RcArBI4HXFZm75Sxro2hq56mpVdNKGak8uhNhAY8PatIa024EGNkh/QYgTXVmTo8K7yHS0lQ7pWIfaRmJLSPRacEMmXQ75BpbB9Hl423aeMmBmWQ1t48StTi5xXQguScXGRciYJ9PxVCJOsFoSNuHJ8UX9wp0OsMmWBoyxzAGSdVPjH7fI+Bkxe6j6C4RMMkRLQo1EzLJGu4mADPRa5ZkZY+aOvBRCfj4j/If8JfgFwk2kXRnasQhKIo2GJwHpAzTWx9NqF+k8SFoXl31IzUJKBLDzVyoKtKck8i4kLTlZMwEUjY4i0xNV8VwND2knKSI/QZEybeIrSwlEBwp2s7iewmrn5UlUCroqy7CPENM0Go8Gw9l4Iq4FsSWcDM+UvRgyNKXGh9PNUKTlRwhzkBm1nQ7O9Dk0M1ZnGXFO1AJbUCU4fDHtJ6uI4utQIO6Kh8PboWAF3kl0lNLqgHLJ5tamhkuuJ5JwIsGoscp94RYpt11Z4O80E8mOPUjqQ7G+TFEwF0TlDh6mAQWqQXOFseM4+6Y44CXQBA2eSbs+OQJKbbMzpjrDXczIbIWiPTqTQvmYU1SmT/VYQuqD2hZ5dNpcYkukMyxBokIywhRqgyC+4rMI+s+8YJFmsUNAN02SJIKyCaoleJfhcBg3YrSiIrXgudJM6y/gkBw86aWs3WkLkjGZTHv7PT/EJ1zCIUEyDm4qtIxkuS9WM6FbTLHCKbWFV93gHX+oFCZwplcRoZ1CE3T9vqByg8Fwe3s7RIBezBy3RKTrYRJqIqjeTFBGPgojHkYxeDyOw8sXz+zc77/++p2cT/b3o2Y7OdM6t7W3d359+Uc/8+m94W+8en/amwiKj46oRVtkWMvAHf+o4vccF6CypQyXIKVhXPJbxHgx7Tcx14nkunVyeOsDf4C37+agZrDZmzJH3CcfGLCypOmSN/W9Gcqa+K4YA+NhDlkYeQ25RMehQvEK/k0stILJ0FSS5FCGD2UFYopGU5ThpkB6gPIEaxX6qbiDbIauesSaEcAsE6r7CZdmT9CQHxBrm0vsiHiK5likpRLJRNBCRenLk0a+NHWX5yZTqjixmCkoDZugITAeExZezA40yRSFouSSb+CKVwDJCHu4B0rZdCLtLtHwDpk0OEWcjXs03kLdcsdj6Pd04MZglkv7EKmjrV55QQzNbnsyHOEWMp9yLScnJk8vNbJPJa7PQ5QhyB5WUrDCkqwQJxntITNEgYg8Sq09h/4yuw+llBV34K6zCOZAKioez8bT4d6e2O4GQoYhgdGC8xcbeAk6EVtsfuHhR0eD0e7dO82l7plLF7MwbC0tD/f7g/3B7WvX1s9vNFqxKKhYthCdnWdigKfHlP0AABAASURBVAluHiTNxF1rqyWqurezLZ4sr6zKyYNOdrrLyw89/p4Xv/71O43GxStXQ6TzTA13TzrKcgz5wEGBfS/Ttbc18IXiSNEH49ItGU6GpY21Jz/6kVe//dzuvTvXv/PcoLd/8ZFHWFOSkyD0vEWIhiEyvDTrjho+dnFjo5moRM1U0JZI5LQo2Dixz91fI6uupEDrCq+xcWLS1zJWswDZs9r2RGx9Crpsa6tLH//w0//x976tD4Gj9ImxnOuDuJKSGE5SH94VZIbl7uFb+V9h78XMCqa5X1prfvSnP3f+8rvMung1XHr40uf/yOf/+d/5JfOEFcaWoZCV3cqhg5+XhyM9+ImP7V9cP8FN1NsT1lfyD73v7le+hW5uzNA1tTINaG5LFeYHTlVuVyYb7aEf/VznwsmMt9s9ePYeu7MP+2PoT1l/DIMpDEYsDKEZ5Z0Ga4W8m0A34Y+vsWfO8DiAkwrRxpn2x76v98Xf0lIYRzPpGoQwpA14wSqwbhE+x3ozTX7TfOLmm965PdaAd3nYZY1veWc/nN2umXdMq6d4eZ4aCc7Bs1WL8tRt8tgzXhTBA4fv3M7e2Ob9CcxQewBausIk4wy+B2mGD3ONAibHnrEPS014dM1/ZOPEmGev0Wg8/Uz/K186OJpZjixPal6VVlyz47YXapn47e7HR/G6EbzY1ZD8i6u1JVfjmNEug7nHmwgQj8/1W71KqlVP/JDKxEis5PNcPgF6a2cV8LR19lc6P/oz/V+Fkwuz8x/IGx33yYIs5rxoL8ZpL6gXCAgJ9tbtm/s723u7273dbWOX/i0OQtjTWV4VLHpnZXX93EUheanGGUT8tUb+2OCtA2yd/dxTrXNLru0QzRMaeyTmqcNNWaYHrPgWGBRTyDi/N9sTEq/tyY3V+GLkNetSULxStQzgUvcDy3Du8soP/f73/+ovfb1UuxPZuhTrqMLutJ1x6ZjbI8rpyXnqWQWS/I7RsRXwjE0XdYBPeRD39B5WK58QWS5tDMhr80vpk36FaRuB9Nz5lemDzd2K9ECRacqFFKso02itBJffn17/RrEHi4HX3hSllZw7f7jTXrpvddw/8oXPXL18Ft7l4eEr5/7wFz73d//Jr9UhTgDK7JnuEcNbLIw4Ebfvf+rpSLqAt11qluuSXZMDr0spmOy4a8tk4dQKKdtSFRSo875KmskHPvzM7/zm78GBrCwvNuncyEX1FegR/6nPHGDCR4XZDGfDxQv75smXvwL/+tc+MJ0iA3PmzP2f/UMvnz8Xjif53/i/flw82dpa++/+L1f/N//1l9bXgu88n/7733rk9p0NkWuSTB55+OYf/C+2mo0C1+F5386yD8EJBaHf/Mx7L/+j33lZ3dc1XKlH3Df6rKczSvncdOQJVY6nn6bo5UIohBBxMpkKXe/y8urGykpHCKG4n++NN29v7d6+k49Fk5EpJ07nfQFPi4VCHSsPAqL9AnQPLWS0KJnLwGdLS93l1dUkibk8WpZL2Wm/PxTS4DTnXhxmQpMSB3noZyKRkIn992gy6vf293d3x8NB0motrS4320Kr3RK5INAB1cd4zizNZmjQHtXL4n7mB14QoV2KKAmFnphwA9K7u1Th8VwdLqQmqVkwXPZNN0/BMzXXEBOLYRD/kymLKTokwqNmvb29Qa8n6ihuG6326vq6kNFJn+v4ozcxyNLWbk1UXjWaXzYn8kKhVq9ZVqYaqUpFy8od0Ib70PFrM29+HzPU6pVrgrMUlZTroIpt/BP5CnDiuLzJ5K+nTUozDXpAq/86cMcmugrKrwtX9vulmiDXDhZ0U+mRgxpNTnoAR19LHEWNBrdcPw6gtj5MA024gkVQDRAwI7QuavhZEx0cjDrHtNXhnUQG7I3pB6WkU88pOVSjimZCiAlqbYVCRLSYAoWovQtNS9UW2NSq5JlE5kwRcjIh1z+pp1ufjqGrxve0+SUxtyC3ja8t2VCLke152ZqgGyVXsz1XznsIbsLViFIsU5GDsVNDWnAR4lU/ipU/nRAl+pGcjuSrgT4gU/dmSWXyxCjXswxzQNyPxJrIw8t4knYqsTXUpOrzkk0JrspJzacYK15CtywWdO8fPImqbyub2gcLx4KY1CXDF4pTJluFO9ktrPgJvBNDqSLOSKhGPLUwV+2uiSFIYYK8pRkop4WeeMqn1WwyFv/EhcRycXRikANth7hiVeQ+iBUIvqaHRHs5QI0cT/O6drHWxWDmjtzlyFO6yvSWjMI90o7JyUrMgCPdwidalsnreHy9gfLcEmtHGtI4U0OsB5PpZDgcIW0MI8KkVCckZ0XWt8AEc7ESdbrdyWgy2BN6wj7SI0GJSOmomGxmu0TuFQM/SL2UVoKJfC4+YQaSA6aSxwu8Qq8Mu89ErZeWlkSn7+zs3r17L240VtdWmVG60zZYKGBRD8x8Dy2jCIIoPkbDWHEwHI/Onl199LHpGzdv8dTrD/v3t7dF/Ga3I1S2D10881M//Nm/8yu/Odrrs8QTavY88D2NDdL2JrjSBBv8ApPwTg2PFT/GYITLCOmmd6t2wtzMA4V3JpE60aC0eDboOisXUmqFVmIRZDp9RIBwGOBKO4XxJB5GzWjUjJM4TH1pYkj0d4CcSZTJRZep1VZJUcnOCCejJXoiS9xJ7uWo7xOZZNzLw4DhTkMyFshAgoewE1ztU46cCZbP86QDHqRsDMRrDx9LXIJ25CTt1hIQTmyBMkYWJoxklggTGVwkBgfNJAKdQ0Lbel6Ajh7F2ylIC3GSZ80Vtpll+NVESntxholRHqI9j1A7OVHVVi2rGvp7elQxwwCpia5ZN2LySGiOovBcCsSTZrPZaadCACA9f1mhObcJ4pKBg0pv4BBjAW4c5XCJyIsUAJK5SzSb40v+2O5S+IEURq9+NBb0M/VVzs0iJwoxHY9H+71mpytyR7xjiFZb+ns77aUu2uoJ/ZVz5+9dv7514832cjeKIy420kvL/f3h7t17d9944/Kjj4gBg+y8oMGcj0aCDI/klj4AaYVMbKSnk+Z4OBqEvVarjfZU0rTV6aTT2calS68/951Gs3X+0iUmR6MIvueXl2puth3F9rL9dCqhuuN9t4RSmTk/vSYCEhiRDBsN/zTiiw9fDeLo5W9+897r1+5de0MwHWcuXUClWwxBFC6etvNrmabFw3Icf/i8tZ2ggRyaaSvbODEnttVpbLPJ48UUmE1BsXGMOSnoRgEXrQJgBOz0rfpVVSvgXcz6AmC0cfD+Zx5/6dXr9+/vyiYQq0JuDiaqRMzM0AwhN4yhRahQhTX3CQy0jsCoSMTV2rn1H/jhT8H3RPihz3/uS7/5xTs37pgnrJZ8sLqd3vxkObiG+9XVmeXJ5z7wdkCNTyG874nhq68Pd/eb7sPqBDxgSnKHWLP5b0VorK8/9IMPOt5e32G/cw2+dZPtD+tLNJvB3szbG4DJ+d/J36sb/ONX+A9c5clJoE86H/jo6IVn010EWRqeSfOMRdxJXbs420gbuRBB7n3o4T5ELwYb8D0RXvQ2Hs12lmBces7sXnnOE+cdY3ZnynQjFyY7g2j9+Ed7v3Mre+ke70145BjWkFvmmsj6YaH/xHZjayD+5f/hNcGD840OfOJKcO6BXXFFG6QoLcw5NmdfShH0TqYcp3ShZJ1yzG4FK68tf9AkwcCsZcYIovGYo1hf5thBoTlgkjNvdY5FSyfuV8BNLpyXxPr46F997H/7gX/31ce9+3ASYRavTD/4E3Byoc+ya3Fa++rerTef//qXp9MJvN1ByHv2tjfFP3EdRfHTH/7EmQuXq9FuNPNzY9bOyrKP05Ajxuudcz/4GA1CwymBgwKhaGb8GEQI02+dMhXIhng7zmfbaV9suAM5pLant7rBRjNYqqRgcimUocidHl6GT/7QU9/40mt3bu3CoeGBG3KWB4MZ2gNQHrMtjgRKCEeucCealdTrjlLLaW6ZuThpMtTvKQwK9rtHSBHtqQdc3TqnQlim1GJxPNVyXJMSna9OH4Ui0fkn0s3XYLiry1xsp8oD94IXbvUvL8W3v+fPrX7+R75H3K59/vd96rd+95s3b29qUTYYmTboB2Af2hfus9IbR9JsehkundUYHYdX4ZrJAYPqgAoWRG/qikPSVkErxlSG9amBI0B2UiukrNJh5tds3bgubSm1c+c3nJI4cp9iKJSXFZ/XsXa2OsA21m9X0oNeP9zcGgECAvjmpve7X7rSbA7f/z6xdiAz8aXfg3/xLz/6wfe//MmP3xeio3/zbx/6W//jR/9Xf/Fra6v+X/7zX/x7/+ipbmf4+3/i+vJS0B9k/+CffOyhq7f+7C98aW2NvfSy/8u/8rHlpdHv/4mRmx1jL8LJBTFbN5aSQvqHfVLkgfUNL7Yer3wi5W8o3kTXzWMhIJsMR+LRyvLa6vJyJ2kGOY/GuTfNdt+8e+vV17P+sNNqC20CeQrxA6kk9jyhfRZJTdMpmoyQR6HIJXrUSoQoq9Fus9DPPKk74mjqYDgY9/Z7mShQ6HuJD+0YGhH3YSZEfVIrMBqN9vd3e7v3z195qLO0HDVi9NoTCGkqquMod/mLFhNA2pX3fS8W+p5mM2miEiMRsuc4QmEwJyO/yppIoQWU/IG7mhHVNno5smywJu2kviBCLdcCqd+ZTEfDQX+/N+jtT0ZjkWB7aWn97NnO0pLQQYGsuMQxoJ2GnHR1SLfVCXKVNzcMY30nV5486ArHKuZMFEogz904pU/cb6U03asTi3GzvpsVs0YrXPpmziGBUqkdbkGLbnhWmxrFUhJ+6TYlM9ZNpGkNWnwlciIijzCk7zTWRwy+QWMelOMVrgErFEEZ21akiUlpNjPXNPyYE+TkhAK0yFF7VuprDJwAKVAIN0NlyCTQSwoNlXKN2oUXXTEsKLrUWwYNq5cO3/HWePqRKJM4aaCmEJ1VeeIXNSBZTthTY0pEzEptUCYjWzLK/dAMvU9Ip1tpIN1yoTkZicqyABRZDNVNTrMUaqG7iZ5zZdBc9YtqDdlToHdRZthoDTCI8pCVFNPvvofWysNIqHkCNNxCFpJkBjnpC/SeyzJGnNpH+dmQhlWQDJIdF9mcnCz9m0bWSahhoZgwNQZMslpwWoFu1Mul3Wgcqh+aJy7N4cW2rV+hTzUcj4zxhZ6rbbw9HAjF4+310eEtDNwdRZbT4gt+dQp9pfdnlL7L77m3csYZcibnCK6FmRznisyK0T8cScRJLqEfOeTG/w5o1yVl+/s0LdRIlJABXZ4ik1gsoRKKKHyefECOJiSbwpTPCeXqi6ppQGIVHAL4f/3nPsvqJgNT9FjzwpZTVw4RpM8OUMRLqJeBRcqrn3xufIdQM5P1SqgJhGYMJSnM8fz6UJC1RoIO+cC37oLKZZNNKdc2qVX1PCRhzpbStBkcPTBWGZSqzqqr0MMiB8G99ft9QYPjBP3jgMInM+P4iLQlaBYvywVZRHeMaCAL8JO4NRzN3rh5W+iq9wMRAAAQAElEQVQyJ5N0MBh2hT5ViDBCX/pNDHZ7e+M8lXQUIcZkHkpqYjgowHVhwKrWppUe5EBQLhVVwXVXyP5ntkqqh99K9zonFBZJb0Fu4NSDGT9qCSydICxQInkteyqXk4ajJlRMk5kEl/J05uUsEmMQWCJRsdSHZM+OGcoFNB49skjBiBvAF0x6iUKzFGLQBjhW/FyOWcERoPHGHAGwNLxy8m3CCRNAnJaqDlO7Vm4UiXLI+6DRJ0zLTirdxAyJcBZ0rqa1ssiEE1rPfUSios0oyfgpboFazJO+To2xE8ell93Vq3oXiPsJB1auX+l5Nd+TLonnlIXrWU1EiBNcnssFCakPQ15wMhohMw0A1pIBOPsNbf7E5ZwKi4D8UMEpuQWgownTgDnIytqa6uGudgZEtszKSw2nhoQCzeD6IYodN+NGqyW234jC9mE6EXJwnrRa0+lMDI3Bzm46myZojbANohg5G/eF+i4X7Gl3eVmsTZxc4eDC5k1nU8E3i70Q07viMIrFWn7/3j2RhdhiE7pFZNTudvd2dzdv3uyurSeNRIxRjexRza7HOzDF2jK3IoVKm25abAAcHI3N2bL+pxVYpaWrURhYH3MOfFb0ppTy8MHe/rDXE4xH0miIXZ9IbaOBuJMD3escUKDK1fzwY49dXm5EzEgRtNwcWPEkK7eH8pROC9SvCdye4DQUlUPRQokjTHVhHVrN7MruoWhJxUmB2bLRDlyJ7sUK0u20Xv7uG+Du0UwZLQjQPCleswop5YaIl8Mf+7N/6Mz5dfieCKLdNs5ufOW3f6/6is35u3hgxfH4p3949+y72bGOG8TS1umMXr22DHatB7OdMVQYQPO87rcOmXbHWPWWGvB9f+xnmmePD574rWvwt7/s/erz3hvbbDI7cvvvDdnzt9m/fsG7NYArS9B6QCsYgnFaWh69/LxtKMur0K9pTvOwvLywEntTx+eJ39+OHuqxBL4ngqBz+yx+hO8sOg0LrSivnbZ2r6EwT6Hzsc/5jSYcJbyxzX/thezrb+abA8g4uoKFBw6B0KcGbJazazv8y69nb+zkZ7teIzxmyjzjg2fJHoBJgUHxvnLn0r3afMsPf2X9x4bRss0UnNVQC0FoHWLMrHr6mr5gytKJ1mdzZyHiejIoSYj9ikrD3CM3pmxSdO6FXz73uU9c/+UWq8d2LB6yIBl+5s/xuFlpEX7UB+b2683poOJYR2wTnv3qf3ztxWez7O0xbXJAEEW6c+P6/u7O6vrZICyghEXHDH1+fuItJjt9oPDwz340We/o3a7muByNh8vFOW9LMqbSt0yIEnezwW46lIdFuI+njEZiFI2zwZSPPCFJYpHLMenvHZ6ugFyYWwa3nGLzvbrR/taXX+dOsdS7wn3NzVHD/fFSloeMDvaTuIw5JtzVE1IbWJ87no6vJJAAymiz/KW3JAb0lNscN470piq9VNNvKV+TMOVIPnf0xoFOY8gUbJomZaHf7WSbr5fq6LK35kHxAortWzc9NbabnvyVP/cHL36v8L1ivJ07s/bbX/6WXf0UcYUS5bc/Towqc+csqYVon//sD7VbTfMFq/vl8yyRmHTML7fpONspszjUp1BNjRfZLeac+4diamC+tSsaDpqvfvlbTtGKogfNe7jX9J/DcwBz+D890A1Hx376D74iNJ4mOrnXuXb93Jd+75L49+WvXH7u+Ut7+51Pf/KFp57AQ03Taf7/+3vvu3B+8xf++NbSkr+87D/91N5v/falINh9/LGs2/F/76tLgmP/ge+biOm5dT+7vwNf+P23Ll4Ik8S7dJE9+3w8S9mHPzAAJzAmNAJfoOtcyMqvX2eNBgsXPxZSCGLyprPsd56/pRNnhfYCKI4cZ6QV1trC+CteYei2cbC9sTOZjtG6yWgwGA/6Qvi2ury6sby60mh3WNzK/P6trZsvvtq7fa8J/nLSisJI6GJBns0TavpmHAuVii8tPaB/GTx4J5bhXGhGGs2k2W42W0JYEUv1jy90MMPxZDAciQsvirpn18NuO2g3WCtJA2+YpUEj6Q8Hd27f2dncEp8sr59dP38ubiToFNvHxQC167m0lTCbZJl0aJJOxUATSmshEGuJjX2n2Wq3xSdCQiL1HSRM44pYFluMSLge14rS2uGpzUswPXkdRQ/+Q+Mq0+loMOzt93bub+1tb81m0yiOVjfWzly4sHH2bAcdXgegAAfkul2ulJy8+eS+hjgU9y1MkwuZKT/APIUp8OHLnJsLr1XhQ72G2y2bkl1zXiwz4zVgEZK26nUSiNp4jlLQSF+hVBhKqrZsFa2ETo1ZAkWRCX4h/S9ZnAN5WiFG0ZeWZ8iTSxRFxsCJwTG4NSoiTtRJfoLmWMJIpcGTfoRgULAV+etT7+vT9mDksWYIzguSb/Aod+UJyPyTGA7tyQIcCXeh8MYnECsCX6oB1KEv3bRqbceTn9J/Vhg34qSZSPdDMTnTEesjKYbRIgmpFjXhyaRKUbQ5lyXHPpAmpxRmSwJ9InnMnXwYUY/Y1k4zt0amXsw4OSKhfq7MmSDqheeExcmNQRTTFEqv6JWoJKrDMV88Go3nonEwJOI/UTBpRoWsy3FpPUaC17TdF+WqSw5j0mOjClWI7EcjPH06GImNCZo5SQkjl+vxqjtBL2fkrqfwVpEA15xYzYwoB9NWHJz9XX1E0OmrW/pnmxhOL5SHHGcOHXvQf1JFU3jCKhfgvHaLZSgSLFb9k2ulIqHLq/vh4hRwLk6ro+QkA6ghF8WS6P5jBF/NZuhAZ4JTAP+hJylBdUHbfQRjJ0h9DbQvcUUTzMwAtZ/SL1xm29Sc9j7M0H8m5Yae8q/hBYRg85Cqk9LW0wgzTw8JeV2wsoDzJyjcQs0ia+YPOG3DpNk3oZkjbOBYGjtpCJqSxHJXp/Ao7krMDljeGcI4Op12OhK8WX88Gfd6vSUEw/mqALpoAJaBFkpEwvYR8IUMebHSAaMjB263FIWnXJqG9yQq0W8I1ePy8gRN2GX7+/tbW1tnz51JmhFz2g4dVDB0WYJwnCCfokPHYRD6jU57JpRbzfihRy+9cu3GaDSOouasP9y+v72+scZ9vrHU/NDTj90RfNbL32WI3415lkIumTtF0AxmXpnJAmd5lgBSUAAjhONIlWphPdCm8LAj89ObXEcLDyTBeHcFw9vV1tmsUTThfeWVwEdmbJRP96bZ9ni8Op01hsNEuooQrEUouTrBl0u8JzcG2CQ5QlJAC7Oy5atNMNGqLIZVIgZJihmmYSQxygymKeLO0fw2iKk1zVPpqc1XCDxKCrkFT/nslJp45oxD8dSX8GdRJJyUOdk7UTtp9FrIWEYOGsUsNigHMU6jSOK6RLUREJALwipk6L5kTRTHlM0mE2RNwiBMYk+izdC0kAX15Zrq5XT84j/NQCOJke0puSMTDdVoNvKlpeFeL52Q40MrcCdCoKgFWTGRRJUrkI8+AKqE95SJPOvgyTMK6QwQVxdJZz62DHAYD5EXENb0P6cFkwy0yAdiQzwd7O0m7VaMHnNFXXyxDe6jf7JWIJaiGW91l3Y37zA0JI9W/CKxK1/u9re3h/v9rTt340bDj0Ix8pAjx1MaCBedjMciFllWFnvpdrcrEtzb2RGFaDSatKcR24BHnnzylWefvXX9muDi292OWK+wvpCp3UNJNV7gY+Zcnyrv+W4L/JShgZrtstdMwvDFVuj8xYuBF4in966/ce/adQmhuCTWaFg9tj8Iyz/wwxbX5SS+utyCgpbA2BEBVrBxgs10d5De2U/7U0cFUJRWcxXR5s/15k2m6X6hmn2j5T91LhYvN/vZv3mhX0iTQzv2HloNP3Q5cYQm1teA4XYNxOXKpfMrK92dnX3tTIdrBzpQ62SHZgJ39CCq1hwNpZgmANdGH+Nnzm088d7H4OBuGN7gey/DZLsodAqheZ4tvxeCuTrd7TF/cTPbHKBle/NQrGUbLfbkhr+azO1SPh7Nrr2U7W7BrGCVmnWWw0uP+OsHeWZ5+kPPnL149u7Nu/arIu1gJYMIhlgfIfCzK9Onr3xPUZ7L59PlzmivV5itVjrvPIHCZGSwwPQ03zY31teeeg8cK/z2dfjl57z9wck0+9eueV+7Bh9+iP/c+/PlB8ByJFcfCZZX091tV/1Ic585qhTVkuaAt7t9tHG4Qa25QXyw7yV3vA6cTojCoJkI3jcIHSMeszSbzNLhWOy3HlS1XxtEdfbzuMsnpZmnxptj/YK56w53/6oWdj8uGTsJllZg4fDKPf47303RkT2D4NS43VbCRin802+IVs1/+n3Rme6Rx3O4vFx5VjMFix52ODjqeVaayMxhL6Vyfitc2W5esalrmyWsYJUEzBEc1VMVqyQFlCexo6YP1TrovtRVAaimyWkdl5Nn2j7/f/7I/+v//vX/ssWOj+HIvaD/6T8N0rFOsfkqi8HCq0Pfy7bCGvNXz33ti/fv3YZ3cNi8feM7ef7h7/uh0vOdmA+8vJk7epRTYDLjjU73PWeL85uV7Jcwx5cNlaMy3cFZr/Dg8H46GOQT5d1AFnt/ut/xFdp4lo93p7cCFrWC1cRvQ5F7LNwVygAG6cLn2FkRTx57+uLG+eV7t3eP3FgO0zjvlQmzPJikkTZTonapoH3lqE2gWlKMxRFu8c1UWscXj4Vke85zz/za9OUTey6FaAc4+YJZ0fCJLqKpm/Hgo+Y4kGfrYOXCtNnlQ+tkpNIOvNocXOVWfMurn6hw4fzaB993CN977PD6Frx4F168zTZ7Vj8jftc78MQ5ePIMPLR68jPog+997MK5jdt3tvBGdTuAKwQHV0tpY0BBHly8Kt6Kv6vLS9yhlXqDpfdKdVZJoHgtPzN52vT1KMKXN7926+Y3b4tBdvEj5y996Dx34nDNcbqpuSphVtLF6lKBWWvMY53m8nK3UOG6xdTJhpVE8MzWpdRwNhevDrb3g9/37Pve26eC7e+z777e+a3fft+t22/+6T9x7+69bDRKLl3cvnZ9ZuKvrOy/8eYawK1SOhfOh3/mT9wTu/A33pzt7Hg3b7W2tpbb7fIxD3n2DdKbNya//M/4134P5JRjn/h06xf/IhwrNEq+KistUM/ZcFfIU2V2oXorhEuT0WQynmRp1l5aajXbK81204+hPx3193d3e717W/neMOasEQRCjplKk7+BDBGytR5LEXshxJ2oR5BKoEiobuOk1WxK5IfvSVvX09lMMLyj8TQTugahsm7GkzBPfZajGDYfp+lkNt28tT0YDMajYdJur6ytCUmXUGvj4Jda5gx9c0zRm4jUuIvKiQ1vkCCopdlqtdrtRquJrLa0TCC14FwJfiWRAFZQQxQDqRjqGxXU4Ff8khJTC4HzdLK/u7O9uSUaSuiGltdXVtbXWu2WEHML6R1A2bZEnpM/Ha71eV51EVTEHFwgAjsCk+QUuPrQVTNr/TR3PzlAxmUaraKALDWaMR5jk3Visnnqc14siXNd31PoSQAAEABJREFUopncjm4npjlAzk1QsJDU2NigYeRLbAEZ1SCUg3FU7ZbNJGOKpG2Zcy1qLqNSjLpUP7f9a+TDzMFL6OygtrlBjjFTF2UsRNbFFMZAKyTuAYyzHrNoM9tWzLaawwdVc+aOZResgy/UHLFQc0pnVVEkZrQ8Om+RHzIYiy9UU9KACLXndDKhMkuzBzNP+piiU7tkeIA6grgUjjZCcmUzhppBTQSHo6KW0T1E+Vq4OSsMY6k14JQyOEgLZk9eCgIiN+fk/QpNEoRi94IYNW3kKJfecVRrUjdqo5K6F0j1ytGZjqBxk0kq6GFKkrnC1ofU28UOUHagOdh9Iq/gbKA2FKNxgxuZS+VU/7rXbmvbhN6dkv/qVGKVWz73W2JwqXdYpfVY/fJ5EqE8Yp3yOHHgkC6h6Cfab2wetyoLRONWGhLLJehNkqjJWDADM8FOZNLLnioUUw1IU4+b9Y1Q8kwfseGKqWM1xbB8DRRYXFs2wvYx5aWLcK5kuYjwf2Zy0OF2QxNs8zttbtkvdnDbMkV33VVE8EZxHBMlmyJBmKRpimBDz64x7LA5plcUQEdmzUYQRYP+oDcYxK1GEKPHHOXfgZYdZkgTiNxTPyXQCc8s+O7BZjWfU3tGvioob9HqSauxtLI8HI/u3L6zvb3dXeo0Gy1anQAdCtLhCXS/KH5DsRIzNFwynUyjeBbHScrh7NmlJ5586GtfeWEymTUanX6vn8RhtNoVQ2yp6X/ig09u7e+9en9/OO57aM0iQeZbAQFB9bJawGwhlRsjvbuQoACPGeGFWlPMGONq0J7YHJ8f3pWU9qjBYUpKz+oiO0SQjAGqxVo+zR3gCYpEcvC570/A2xlPIhh1+v04zxqQC+13uLIUNsTQ8fzUy8czlpsllkmcAcJBiBen+ZFBTsgxHKnyeezLJSHlmR9AhPaNBKET3wvloBioMzmKpZNyolxiI+MBU/IXRbTJ2xPNwYKUQJnRA8pU2cTghJiTRaJtBrJQEvEqrUrGEcJsQoQtp0S3WMBS5T4Qb9FspTcejAJ0LBoQytmATmiSyGJZ7IN5Cf+JBTQS4xlvOLkYD+2lTq/dng5xDUOotbSRyKwEX1IVRU4CPKJJIja0gCc98lCXKRZO9TV55ZYAoqkfRIoAygLoRceqmpliQZy+sBw9MzJEcuTJ6EQFigq9wV4vTLbXmw2JegziRkNsTafjUdJoAc/ay93ZZCBiIo5brlWrG2f62/ezyfT+7bsb584FScIDLu33cLE5n44ngiAnScOTznfFOEoajfOXL19/9dXZZHrxyhXB6aIpFID1M2fGjz323eeeE9vvILxCvuRJQ46OBJjyB2LFWIWgGGz30WmMwkVW2+/lYKo+fzmT+xvl/1VvgGHj/Dk/8MXIvfniS7defVU8P3v5IlxaheMHy0kdzK8qxIljX8R4wGGOjRNBhL9xc/TNW5PeJGPgegdQ2izpcaz83EkZAMxv+dvHz4RPnYvFg+1B9ub9VMV0KPoLt6b/+rn+B680fvLpZrVshtM1tbhy6dzO7r4Gs3kEbKW9KDUG0+rtgmBY7eEJoYLnT9DQl1wYHdwJ5ccORZzkt/4dvPL3QBqGrQ4H3tzwPvC/Eyqj6offuZf9v788HU7rx1AzYn/+E9EzZ2pUu9n9u8N/+j/k9zdrP5z4fvwjP5N86PtgfnjmQ8/cu3W3dnfH3QtW/3ZecPe5z1wewwIhXX4mbz8M/mnBBRYKWc/vvebvPX9oxEvne7sSdKLWo6Jsndc0WOE5B8fFjPPO/XD9WIiTOz34n77qXd88eZr89Wvs2Zv+55/Jf/xxfmyTFtHVh9Pdbaq+e+ydG2tKTjvwA3AnxptOpa1vsFMZQp1G/OOfeubixtIBcd64u/NrX36hPzp5nyBvss4zfNFk7fTUV8xBnBCn7ApBmFKdegum/8vfTnsTSKK3aN1vIeTO/8dfT993kf3g40dz9eTFxj4Pr10SDyBlhmOsbLGM0QhcIl5tXC18RRb+mHQ0KZc0tdKY1TbXexebOddrmXY9CWaKgFqdVZpAnLPZUPOcm69ohQVyBcfNV6y3/tR//YO/8lf+w3/5fnYTjh6mzTOj7/sTkLRt/fWsLUc9/IF9ci+oafg3X3vpHY44obB195Yo6uVHnig9vx9DcwSnGjrvOWNGpmNNBOy4UbJvNi+OjQVslE/HfNbPsNDkWpokPoN09LXed8/2X3zvpZ9U45bnKUx3p7dDL2oEy01/qWLjROVQsJZn1zpWhDYULKA89vT5e7d3D5uMzi2r1+4ckMIoDUk6ofhCT1E9XsSReCoOIUI817oePQGNUzEyB06IEPJlrn3rKA87MmVj1V+pprhBnHiGF/AUP+q0pFH161w8rYlSiBYO/srFVINOSmLtOdegxo57w4sxOXe/+uD7H4eTDv/xu/BbL8Lzb7CpNMBGRmOVuyEU5MK1u/DVV/FaiGOfusQ//Qj/5BU4wfCh9z2OoBNFmJ3Aij+FGHorMe+53VjgVYB2gdUHvGrRZJ6NEwvYcOSmxa/oyWBz9PwvPT/YHgpphdihvfBr3732zTsf/sJTzZXkoJRtmu7B60PKY54kjRjmhfnsQHHprWGNudPmWbYcBGV/cMvLk4sXtKGRi/D0U4JePf/FLz9z+87N7R0cN1/+ypO/99XCOE/iKVSCkNz/+r9PvvqNx0ajuNvtX7q42ekMqtHyfHX0K7+c/fN/Iq5Yp8s+9FF+5xbkx/cQGvheocIUOFj9i72tkZfbD+apSvTFZDQaD4boY4J5ZzbOdpNmxL1wlPHhtH9vu3d3Kx9PUOGB7jOyWZ7mgZ/leRKGSYyeMZi4mU7S8ZhnU/CFPBTpTNwQQq9GFKOOGqTBg9FokgrxqZCORn6cNISUuC/0yz7j6F3Rm2az0WQqJH03X7/WXl1ZPrOxur4uNdx4tA+BA2hGIUW4CZ7qEmrsmRTPMiFZbbRa7W5H/MZxM05CibTLtCkRsIS3osflDp4A5gdrosBTeiXxu7st1vPbg15PKKqjJD5/9Wp3uSPkcgw1REIaKVolJQMVIJEDZMRB58bVqldgsMGBIJQ69aDiHSlwB05B9+BUf57uUyjLqq2nLHtBdQvAzH6Baupsxkwimg6y+QuzLTAv3rpvnUqp7tagE4QETXNp4oQ8noggRL4IlcLDr4gtIBly6RA4XSgnNfpJbnAeusXQGrdLwZ16KeAFSLGSfqjKRjRSx9JvSerNCrUC1R/kiynPlI0TMuPBHf9HTjnt5tbVy6iG5gXxTD3Xo8edUmOSosQHdFUl/0VxSPpcik7qTCZdWHENdKDvcKZmMB6NUQeicSfieYQGRTzpZ0prSkGNAzJ/wgnRZc4GE7mjbYnb4Mq+SUafmNxBGRNyRgK37nWYmc6k7MZjwHhc00PMiTzmGXgS9cXd5pC7InU4xFN+Frmc14IgceoUkPaX0qmgTtNUWnNRPV7gqki7UQ68OA2hPKjAWXYrzrCKiVjCwVht9+ZOXipOjSxv/sL8wIFzVhp6B5PfI4XqbOR1JbAMrNMALkmUr6p+HljlyQkFboRXhqEuFGahJjrJTmNyfmGVPU9RA/VCStAICobqV5oEs1k6maARKQSWicV8Jv3pqFWPc+UuAtREx1EICgfiU27Mci664jZHrWujpnCHJ1NYB7qWlFzaLCIcIX7nG89ZXK9Jhkq7ix2vsGqBO4U0JXDahy6kUwsmLZgAB63nyP0wiCDO0W4uhvF0OhwO0eEF2vZlZoMHSouJVagupD4oVbSgL0LZfP7yxVs3b+73+nGz0Wg2BQ1VJkxAGbTUS6Avcg38MPNxCUzTfDychBGP45hJpzy5FD+bGjA2l78oEpHqKi6figVC9SL2sxgSObrIiVqtRnepIxaA7e0dwaR12m0xUsDnYhGLolCWHEhP3mwkk8lsIhjAlLeWeNIN2r735FOXrl2/dud2f7mxPppMeoNBq5OIdTAWis2V5o989AOzL379zf50MOrFLSHgC/Hor+BQ0fADGZbIShZkiNwraGSekZxYLivS6Y7E/xJp1GhKrJTnM7cRXA6prmXmBjcGrz51Bho78GPOD8+ML0ZQF5LeLrCBWYgKWvbA5efMSuawgyo6yGqbVQ+49PLHSQ6Cen90YUIITpxyYSDm2iRIt2dZ2O/DbBpls5W44c2mXgLJcsia7cEORyG0AqWKRAPOtbEKxH1IVgY4KfOVCFUKXKTBRMzQz8GLxB7H25lOxVYmF7sXwQ5NJmPgU2PJDIUs1hWiOu+DZoAksIArH36Gu2SG+HMasR45OfG9ELxMug7FkqSTGeMDQT8ChJsESOx86cpKvJrNRBw/D5AXkpLiPM1mw8mI9RBW1ZHGNXy0Kg7aohqJg+UVWqTAHPWukkaF7SEObJHhvQDHwOtuaoaqd5zE64uk1hSTV/G9OiImSSF6T8rRp5Ifnbl8TnB7O7fvIefNUzkMOY1gSTbJyZePHZ0LypNJ0ostmNNzQKCUYHJF03JEIRGqFyOlDC3++WGI0BPpForpJYwp0o0ro1ZWc0mvPG5N5HFQcn+Ow5ZkkpxJ6344eAa7+62lbnvF45kvHgmqOx0MQpwkeXd1ZTQZ7u/tt5bXwggEMx7FyerZi7e/e2337vb21k6yvIy8rKiSNMMYeIEYV/s7e2InL4ZZniH2SvDtrfZSb3dvd3u31WmHuNdGK0PrG2d3Vm/dfOXlpJGcOX9RstuiCVgulyWPK2mo1Di4poy4A+AGswoVTI65vVkIeXXklAh16TmRbktQ3sGhwHgwNmfRWSAs9pGbOG4P5C3u3mSzLW2sffQzPyDG8a1XXr350iuC6vBnHqLPTBHhyMEy04YMlsJD3Q43+1a1j9InrbWeYJTBP/n23lafDhxUkSXM3VmVd1mW7ze/OhctMafyMVaJyZgrOvn6tdGr96Z/9lPdVuzV2jhhmpBeuXjuW995hRtOVrqbBJzDxHtowyfG5IlWcuuWYq6AVSvDiW1WTPJ7nj4IdMLv/S68/D8fEAGGm/nX/gb72P+NhW338Zv7+d/83Uk2nx0YTrmI8N98Lrm6VKDgfDwc/N2/yQe9uV9m2eTf/EMm2NOnPzovylMfeOY3/uW/d/dzla0dW3S4zwlPX5kdysjlQStfej+87cHvZEsfYP3XvewQzeHFC8PnXi4/tMJ68wT08u9GO+wJ3a6951E4Yvid6/B3v+Jnx5eNHxIEQ/TPv+l99U3+v/5+3o2PMyqSyw8Pv/lVUJtGcFUOSsqmW9A+PAB34vgrMeF2sAQnHZIo/Jnf9+Gl1iFmXq6cXflDP/Shv/9vv3riJk9us6VnYKs8FfW9q9BloNFyzhJQunATgIOkxDXh33wnHc7AXxSgcmJhtcNeustXm+l7Lx4Nd1Ib6ogaL14TP6M2hrUNKAche7MIOiFJJEkguF5RmF0HVXKsaOmEmzjOW/MVaJwlK6A8nXRUydSf4lf4NktW/p1PnUYAABAASURBVB8/8o/f+8I/+DNv/q01r0YbVxsyLxg/8tnpE59y8dy6gWq4yXnDzL5zwr2gPEeG/d7LyhfSuyCIop45fzkueqS6H+WXR0WLi0cLh3+y9J4zatLX2Q4xJEE/L8cRbNBMaBTz2YSnk3yWE8PPLBcn4u/Ohl/tvSw2Wq/f/9Y0G33g8ueF9t9w+Cmf9WabvdlW5DVjvyF+fRa6hdeQLAuJN2UAW87C2/c8ff4//rsXqPwH0yt+1KbTj0ezWAo5CLEBigFVCBIjEFHPtaUTYHYFNzyhskTCHdw2ONZNuEGceFogWUlfpaPqROlyx8IK1C2B1tKJTACPRPjLF9ObL0B5rPF5zcLLMqIy4oQb7lyHDz1zZD7kgPAvvw3/9Eus11dnnklszV1EhcN6i9/pDL51jX37Ovu7Lfj8+/iPP3EcrqMaPvD0Y//q178IlqY5G0O61tIZIy137lzKx+o/Byvd4WV+RonazXbHJuooK12uhhcASPh8tDt+9h98ezKYckbyL0TL97eGv/v3vv3Jn31vZ6PpplZIWaXj7NaViEQPCIeJrZa2WJz6YAvOig+LTaXWK10W00RZdrkKOqmGtVVk0UcjaDWR3/3pz3/9Yx9hh371nefz//C77/uRz33jU5+YJQlOtP/+b9VglMdf3s7+2T8CIbL5yS8kP/0HWHACLAcFVh1wlVvqrwJ/bGPwOQmoIHTCQuK2urG+ury6Ejf98XS219u6c3+8teeNpkLslURJEHoojkAxE6pNpM16TzrSyfPJbDYeMTQUDULXEzZCvxmHCZq1FpGls3WezvhEaGRFsUJ/hqxFINLlUUhwkzQTzO9sZ2938/at5bNry+vrnZXlKI7lcT4JmkOr0UKlK9KYzqbjLJv5gYe4llZTyL5anY4QrwVRJL1yo/BWNppiPyR1kny/XmqYoz8jUux5LC9K10nBrRosVx+nM8izaa+3f//u7XQ28YNweW2l3e12l7txEktHOeCSQZkm3vpSf5Vz126c42qcea72S048tRCrhXkhqU7hhImqNYDZCHFXf6kZS5OtVglYPIFTPImCLg4e5bS8xNua453cZS6AK4QEs9SDikY2xTU8yCl5IVGtIyidUFJGx7muD5fQEJDqw6lU/GvrFwyxJhJoQoY16MLN0QVwEFzJbS46Vag1hGphBadfKLJXVeJw5XzHtIzCoxQWW9RD5LozpKyJrOkomIuoCM4haUfA9dLCHZwH/XrmUKGBphnejhm5gqewHU4ZDBNGQYLVJR5Dur8J4wDBY+hrxtMRMtCgDWoxeYIYu5OKN5ukk9FIOtZRtUC9EOLWvECKqpk0cAJ6NCqLCO4QtaWSwVPTWcFtNIrINIgZ5ExCVpCzcpAopmDS6gGWGasmahUHCDcJAzU2ZfNIELVVL+q/nv7cz3OpZU+nqaRJs5lENaFN8hTLleU6W+ZMQzhoDjMocNR5+VgmJpXlUJJoFAZRedaULkw05mJx9NSCcuALbUQWiOTQVc9hnQy0gMsBybWhKXrJa8tjBMJqC2C4YB0H9GBXd9zeMsOcQPFcreFawO6+daOVVoRqmRbarvEDhWvcTkU5nrmTejFobpLVFknjh+B4gZfkZeqSFPG56jA8U82l4RBkw9GcyUSs3jgBs9kMPUmNR5QIklmxuOekwcgoQT3BJAdPdheRWOVMHarxbJX0fkJRVE4bI+YUTNeZBoFPFMJDJaynwCwaOcBVR+mWUUOCky6P6wXL5ZwV83RkBs4SYk1ioigiY1vj8XgwGAqdnHR4wRZb0U0dkRDnQRBy3u50BsPR3t6eoF3Ly8sBWoHjtbOdviIiSy7NxBOEDvvWldcJhfKyh1Q+CJrNZrvdFlrznfvbzWar2WhS8Xzpg5dpnBHZuRLlHU3T0WjsR0Gj3RSd0OkkTzz5aL/3Yq+3l8TN0Wiyu9NfWu1mM94Io4fOn/3wU++58+Wvh57PVCf60nuhXIccl2oUzDRTQ0oeiGGSiRGj1GOZ8skFDGqmwdsf+HEn9jsmUFMuXg3PkgEFDvDkmVFJCpDBkY5w5IlzJvh+5Gn8PAqmGd/LZreH02Y2XWs2k0bAmmIO+IJ9CTud/oxNhwh+B+bIkohmYYq5lJRwsMJcBBGgoUaMIPJN8ynSpRkSRS9H+EuKo0iIxXg2w40OuhXxkCKFwIgZY2qhIK+aTDpcUdMa6SCX6Cs8Gihtbhg67vmqALPZlIau4C4EzQ3iSBpuwjTELghkCVUbSTqKK64ozXQ25iN99J+HjcSjOJ5ndovgnOKCo/XO90ywzDgZFhYPokZjZX09m8z2t7ezaeox7TWzwLjTEuPL9YUglNKZjk5TmjFQsXMCM+WAvpIYurAhf2Se4nQ4GDE+r+kLxornfcF0oNrIeRIbxvN0MhgNdvbEXlQw2WKci9Vn2OuLzXkQCM0b766sbW9uZWnWasezsRDoe53llbv+myKF7XubjZVud23FJys7cvGi/YZY5WPPQ/xNlgned2V1VTA0O1v3xVC8+NAV9IXJU7Gheuipp7/xu79z47Vr3aWVqJlIkQP35ArPrOVqW1FQf7ipKVcbFffqhANj7xiCvnDgbxPpd3MVbMPTH/mQWNRvf/e7t19/DeCTxaiF3f7CiyZ3o3Iof7reTtSM0CJPXrQjMsngH31rb2eYcW4OFdXYOFGCMS070G9N2emte+3aRwG7K6Pr3JYEHHnE3iD9m7+x+wuf7l7ohtxo18ypcapEztfXVuS5BXK8xaVnQM5qnewofp/bOUEGTpiZOGpTQ0mYCXPh8tm5TZ6N+ct/Bw4N0x6/9o/Y43/GffY/fmVyKEpARPj/fm36336uoPMe/sYvH4Q40WHyq/84evS9LK7Xl196+JKiq86Oz+4FCw+OFgyxubR++MDlrRM9x/ogQUgpWpe8/VcOjrW+Yu3ZMD2G3XpWHhwxcOhePH+kL/6Hr7Cvvv5WYAFu3Gf/7a/CX/4+/vgaHDWE62cVXWBKFkvLriMusDgS83Au7kRO2JK9k112bCdlc8NHn7pyKOKEwkqn8eEnLn/pudfhRMOu14Q67yjzZqakX4V30kZaQXJD7W/iLxJGM76zkN2iUwntBvvV57MHAJ24TKBi9+wS6xDBIqeoVwqKBrT62G/3woLxKi3IJksnKj0NeK6xSkJZMHU6x5Xf6a9y19KJKqLBmriWTlwRnl5tcwB7LPK5p/7YX3v0p37k6//9H+j9SpMdtOoMuO+df+/o/T8quHaVrrZNYdqmxFoUJUGHh32/XIC7N69bw9rv+CCKeuuN1x5+4r3uw35w5IXyqKF5gTxGmT4x+3nsHyEvH/BUwveNTTh8P0XTdVwoO6R/U6LBZNCR4lhPuK+M7rw8fFPoR1peJEbYzd1Xtgd/+4NXfv9a66oe2yrlSdafityk2iZgoe9FeChAb+t8lojns3yEIiQmtI4tcMpJv7m+Pn/56GvJEUOaB0oJ6Ln4hsLSYrX7ml/ldNoFXDGxEWLQEyklMJZIHMQJaAyKp2yogKMUKNyA5RaoiDYXsPgA7vxSySFor06grLOYc61v7dwt66qMxNz95KErB7loXDz85ovwd3+b3d9hyq6J2wBa/GSunX0EkCnn/hD+4e+xX3+J/cXvyx994MHysKyU0+bmR7WtbXon2Hi6W8CJDZVllDk2QlgRW8PnvFWpcOe3+Fb8jvenz/29Z8f9qWiaTI4WOlEjrtPx7Lf/wbM/+PPvb682qikX5y8zeR1QnvoSyqDLyEuMrhHnlFrjoKDgxhjS7LEYvnlwdLEOfueF843G6OqVYIimXvIXX1772Ee26a3QG/7t/8+VJ5+4/bnPlFeTbz57tt0efPYHU9I0Tyb5vXtrV6+WvfDMfm8X2hfiv/bXw6tX4RSCabFyE5VQR8DtOOOF76GAPjFMCxdk7pFHHhE6DTbLYDDm/engzvZsp8eGEy/LG2EY+D7xBJ6UlCmLH1JuPxHa/clUaET9kKGfklbsNxO/EbHARxWVkMkKhVSGZA5iIdAKciG3CryZkLKGfo5KkDAdTHb29/b39tIsXb986cyF83GzgY6lyUAvoK59Mp1MxiOh5cVnqM9K4kbUXup0up1mu4kneL2AlJeuGl5VVR9ZkRf1rEJJceOmgyoJeT5WRBr094W0bdjvi3Q6y0sb5851l7rirdC46UTKWbsdc5xwhPkwN2hNtjIg4SrpFy1FJbLRzFVjGnJRis+0kEb2lImv9EHOespLmVZy587nBWsWKbnRSVNCOUgzOR6p3jwcnQF94mm/MNwxXmKS1mpIXs7MqR04y3012sGhlKB5QviEXAftGygnmwFSqpzXlqoQ1H6NSkX8HkCB5eamRbnuDy0lk5oP6ZciCCXcRMy0RiNOEG5CXoGoVKAJODGBZk2TBsTRyMF0LObEBBdiPyAHOsbhhbZAYA+hYe0kiIQaRKljTPtQ38qtLPVyrg29cE5AFyh0kAIoWBQRed0IlCufQELmEPsiKhhEAQLOyKq4aj3qVM/pGr3Gyq3TLJ0SpGk6HaczqXcXGxDafJEWO3eBC0VGywJLSpKf8piv6d/SLDDT6YgDzxA3+y0/GBF6KkEfZzW/JIbiB5JK127QvGhs3htekGzUJFFqllPVUJRoDrh9UYlgwluuNNG7B0XugCTtCBMV4x+tU4jZQNQpExMBnRVItJrk1T2pdivWgxU5YYMaKdar7guwkg81zYFMmOBElRg2T7vRAea5NISDyxVwkyqva2S3LxaVGbGKrJFrfINYchqNRi5RkJPJZDQeI+LR91zyB1yRrQNWe3SrIQ1zdbudfq+3u7O3fX+7hbbdYncBM9UWJInILvrZkcuh+GXTqdSURiYynE4Q2QWB32w2RZXH4/HO9s7mvc1ut9tqtpiCfdAiRAIFWaaI5cwXpHSM2KVJ5vlRED75xOO3bu68+tKbeYYWQT0IlpY2ROPx3GuE7P1PPfrSzVv/8dnXls50mJcAGnNAMBOamOO+sw0C7myAVfegpC2Tvg6Z0sSLG8QsO9V4q0niIXm+HcV52wIjmoN9ldln4HO00Ak8d57JsYQqPFzW4zxjg3TCprPGJF/a2wniEKKgEYiFniVRI+wGe/l+fzAQ3JTgSXjmcJnyB+VSubJDzzU35SkKIy5DNC0hVn/pEWfG5TIWAqJVMhhleDYrz4D0hwzto0gzOpIfIXsjkvuk1wSOI6EMYkUQVoOUlBlxC5OOwoTEJiU7e1kmpoZgXKLEBz9QhiM8dKaieQqmnC1iCURak7FD46JGAkwJiGXgugFBcYAF0ZKJ8Z9WoIUiaTW766uCkR3s7YlmJ5sowMAVWxDqxKPRqDZXKomqGg9fCd5Rgv/09iOQBEetf4oFL/GLTl7g8iWS3TTiJ/QUJvnWbJr2t/eSVitpNDmOi0isGqPhsNkUq2PQWeru7+4KntUXO/owEEOh3e0k3XaWzgb7+5s3byfNpL3cBbRglv7/2fs+Hdj+AAAQAElEQVQPeEuO4z4U7p508rk5bAR2F8AiJxIEGMQkilCkrOQkybIsy5Isk5afZPnn9+nZn4NkP33f0/Pnp2A9+VnBipZFSUwScwRBEiBIZGCxWGxON9+Tz4T+uqq6e3rmnHPvuZsIgGxczM6Z6enp7umuqq76dxXSUvQLhdI5+EGFVsaSnU3PzZ49dbrdarWaLbkC9wuBZC6lSuWGO+988qHPvxAEN919p1cq9Hv9gheo2ALg6YflhDO9CTXlyqqrDIbgCnGonDx3zaWoV35y+czuxTsrpUKldOzxJ0bn08ricXvYjAabJKkfRY/UBHq0K/SS9oXO2Xuf2lxtx0Yjz7SfEn2eSnLpAlu/xBK2U48mTFnCCGuSwamoJ9VT+TIpTxSL339485+9Y8pzjSHayM3UCA77Nhzc7qeNYwimRPUaXsfyAIOiHiFXKLpqWsOLLtK5YlSM20F2WKk00uosWidZNJZXfb551P7Zi9nZ9bG4wam1pBvJb5deSU4dHedB0e3Ey+e8PQeG3gXvwap9A5udTJ2pv7P3+HhcTHZ1qSC2F7KSNnvZJJ5sH8dkaOB5M8tUg0VKmG2FJR9xksvglsYFT0QJ+/98hr908dp5n2h3+a98yv3JN8Z37dQgJfXXgmkpUOvVmTrXItpOcCcD/dhnV7gfAt+789Ce8fPfe9PeLz93Uq7l2ZVLsWWlGKbAYAohZxN+oWhb/oSx9DdjA+LDVunJs1fNi854qVJwTq4k+2d29om3bh3fSuml+STLmAJZaniWJppMxAGhPZQYcZJZ/E5rhFlGU8FsE5/6LCL1fWJ5OslVVVgi7kCZqcHAfGr5w69++P5/+ZHof9l38tNvOv3B63svTbLmBO/JexuiIE1tL/kHPrfn20/teeOvzHzOml5UIh+UQawmbp/sXBHP84XN9bXBRw4dOvQz//Q9jz766O/+3paOxL4WabDCMbeEoSuQhhTjln0jrLCMqAdXIiY20U2XSBEnwtAF/CfBZ4E62d65ZZ6z/bVnmyc6cUc9hYFNGQSmaT/84p/M1687vPCWyTJAIVNzlFK9JxHrhTHyzZQupxbrkls3oBPG7Lg/arXi+C7bYdpaAhm8m6DPZNoCoWaTilbjWNOZCSP3USgHxq0Fk/Y4Yl0XGlmiYvQ45piWj1fsuUPT1bGZv0jFUCcj6hvm56SeTmhvIeZxbY13tsX57hHW/5oqWXcted1+olweC225RVprsV9+P3vuuKPUgrpsG/2TLkwtcqgrlj61usl+6a+db7sz+f472OUkD9YS9AJbOUPrZkunmX6vnI5iSJk8Lc1ofzIyDDPojVSq0c/k0AZW1WwNq7wSdqOn/uiJ9kYXtFI4vKS+KsEhg/5fWdSPH/rzZ7/5h+/yC26uZDHokVSk3N/MVmbXjaeD0dbE2/2Wp+NWd4i0V1mmGdZppumygeFbk+QDjpMBt7740lSSrNN5q+UdeXHhzJnFb37bV6UusFZzH3jds1969OavfHX5lpvZ8RPJZz+/99z5ue9510ugV2SsWu2cvzB95uy5hXnv0MGV549c/8RTyeGb+Nmz8V995KDM0O0GYZj4vhpk4ale+8uFMysn6x98/54f/TGvdGVAzFYvbJXy6hk1TbPKFWEO9r9wsmthcapcd0F51Rcrrc7F9eb5ZdHpFR235BekggopjVK9krMhqFaSSItTry8JeBwUffDHG3heseAUfUCcOCRgSsWs6Eo9rOcExVIs3+ZjACmIww6K1ObG+tLy0uqFi+V6dX7PrtrkZLFSko+bYRxhbI4+2C7a0szlBk65Wi1JpVqlXK1XK9WKH9D6VgzgHKxu1Cq7oeom22TD0GJCJ2Qil+q2VqOxtrIC+jqpyq6UF/bsqtQqQSGgbcYyZ6FY1KafTFFGuLraaq68FZmlpmVjy0yUPjq1wNmeOUZgZUYmLScMm8Qp7iQZUVXBUr1QWs8xe4mwX6QRhdg5EEAgMlgEqkCxVCK/GoQ44TzdwJxGb0GAdaJ/ZqpnNJ+jW6dmgf7QyTA/9Hlj6jA4jnUbegXixWDUGNpnCBIVetGADU362+0oDWIVmCV728NDfhDE5rilcqVYLPowwh29l159o3Q8q+gECmGBeukYpmmrjYGwwOwBqA4/SDuBp2ZmVRqNyYTaqCAv3DJFW8M4ERqGg4baIf2gMjsDAw9N4C7YbWHOul5AowKd0ytTQl6TxRUUGK4mypNLjBGOkBxhJBFwvgQQFJG6ZODUwTzz8lwlB6tNFJwNmq23TpcwGF4WSQmRA8wJ02gasC1xGINqjXXp6qYMWTaDNnvx0oq9BC5jv9EIcha7ZAgicRWUS9pjwfAJAXT6vU6v3Y3CiJxAcdwAo+aukf6GuaxRhQ9eEUNEZW5PCi30qwWPSyAyIPGEJuOpoMizUyn9yma9kuWPItMh+vp4oBOMksAMqSKQHBFZECA85jpFUZIErt3udNpd9BwVMNP1xpoohtjYbG5BuJNKuTIzM9PYbK6vb0xOTQGskiAsTEPlLLZEgWaQwALRlMQLYsvFCYU6vwyhRC1VRt7G7wa1rVSiKO73+81GY3V13ff8Ai/IT5VoLgSWfEzSvF4qeJKmNtot2bRCqeIEzvTkxPUHdp88fjoKe0LUm63+6VMXd+/aVShKSs5FwX/Ta+5qdsTRs81CrSrFz27YkbZ413elwDlYO5vxAE6Qo9OHWPm7cUDeA/cDKUUgU9BVpRBioC/58GzXnEx9rVJeS2s2PGhJ0SFVp2U5gcg1gNqQUgiY9Nx+zEKe+CKutDvB5ib33d2FghRp5PcsB+WoKFl21IXwnByU5Ho9g3Klk6DnJVCQ4MyTA8JDKAduegGNjOO5cjZFwpUSS+TE6O4E3itHUALYUyGlUe74ev8gjHH0+ORzyCnIqQ8BeAl+KxfisORAmqXc1DnG8x66M/F92B2C0geAXKUhRV4LyGEGI/2IS4s0CMUTC9oWhuGCIhbS6EEonvwrOtzXyiyM5TM4tgDloyC3r/5RJ1J9A4kl5ORO6hYrtWqv05Wcrt/pIN/x9DZNhdkXitCR5yS8gbTaySiJ4Aoih7DPgVcAXlNe9yHuG/l84tjh25tJLIpNZ+QuDGgX+B5EpVe32W4sr1XlCnVqAtbdXtDabHpewfdZt9UrlsrNxmalNUEelaXqeXbvwur5C/K0ubbaWJkslUqA08IRw+WoglUHhI2UL8NAufA+mWd+964zJ44fP3Lk8B13kGpANmN+7969h285e/SF+tTkvhsOymHNyZuU0jkOjClB3ZLYfaUBJ+Iy2NPwJCyfn1d7QX4F01YrxmuVBBDKpDxVP3DHLVIRM8YDOwUMDVEOUlRHIVLPIsbHibzy+NnO+UakfEKm2oRRPk7su2kdGWNi8NnUi4nGizAtKardsTYeJdPWbph8/PnOg7eULfOcRsngJfQ8x9Wa00i2Dlc7eEG/lggjPwN5UE5Q1DkhUDTihPNUulVeGQTgM0Z2c/MEG/N7dFbt73dqPR5zCMps55vJ9ZMpH0/WV8d7lMUXTo8CnQSBDpSuDCFKZOLMtrCmJwM/tk++u9WIdSb289r1bmk+Ke1mL4/k+Pex7nWicTzZODUqj8ZOWP2Tw0BsyeTFoP5iYOHu+mMtlHoR+98/7ZxeudaEV0r6v/YZ9yfflNy7ewejwXE9RXSRgRmDh8GgqBMLd6KSJidZ4InKrKY+/kz4FQadPHDbdcFObKKB7732lv0PP/kSu3IpNjaLXGdzxsXgNW06zd7jLHWMoCSDHc7l4JpH1cmldk90wsvh2sJq+qAaRRi5wAxGSvZqkqQtzcJg9WIXwVNfJvSMohOc/JQMeDox70OwOzePceOpQns6YSlNNswJPZ2wLH6F6bfQs1aZmuOzxA1OHnjnH1z/LbqGml9rfyouObbOE6UUT5O5yrbv9cE8yYAk09hYH3z05//5z95zzz333/86ef5yw520m5u5K2I7Mnz5Eid5ihj0cWKhFljWi4n6vlr+B3+duM5K0NdI0o37J3srZ3pLrajFtJoNN1gI5QgZds06FzZPXGz8Xq0wtXfq9t2Tt5WDSVpkCW2UMueJ5U1BvdeqpyLlLBPP0R+bwPJL7UM0J3C9EEKRUJD8p3Ehah1FZJIQIRpfwlRHKCSKOip1nyBECCommfZ0ovydYMnkoZkrz3zqvdYRy2fp27UwpvQn5i2OYyiGCvzNXNNvdq+IYa3XS/EhGbboURH4lxVb5IXz7F/9Ee92lc5PZJEleqMc08oTq9Ei5WSZpxj766fcZy6In3uLKPuXOJ+kEjXz2+x72QZxwvU9c1s/YF+xctrtEgNeQ3KtZpYAmXuKrkRh8tQfPtle6YB6nFG4avT5i3h7QbtQpPl/s/fQB55/6/ffmqPV3N7cv119RtV8eNJzfCCgR/oZ2aBMnPa1fbscxT/v839rv+vpZw49/Yw6L5fbCwurf+v7vnjXnWrwf+u3tKLohT/989fRz9nZ1R/+O4/sWlSf+L57z7zvg7O/9puv/1/e84XX3J08/8LJ//Fn98nJFAT9B9/xhOed/MsP3Pu7fxD+w79/HmobJif+Q2t1GTT7K3/9vvWHP7fv3f9s+nX3syuQrDFlfg9LQmSy4r8iw1pGc5mZ2qQfJnG3HzXaYqXZXVr1epFUORWljdaFzXfoqV6gYUeOIanVlJr6qBdH4NMgiWUupxi4BT8oBU7gJTILhsKQVQrjsC+SWKpkPUdejEAJlfSiqFCt9Nu9btg7e+a0tFAHleLidfurE/VCuYS+tRJi//B4t9eXqr9eL4RwNk6lVpucmS5VS0EhKJbkK31tvgA/F3pm2fSep3My35cgriRJrO8qSivVAhgWJJTn0oa+sbq6fOGitNVU6vVqrVqbmKhUKxRnhHii75P/DLS/s5Tw0sk4KqPL1CkZZp07YeYkmwwPukzNm6XA45n3qlcoUdeqJ9eAj8TY+AcrOAjU0HokAs0odzXk0YR8ThC7ZLAfxidv/WDay8bQYbocoaO9mMJFvqMEM1ompgyCA30lmFFYa0lpwOWew/mgDUV/poSbCwTaUH5NEGtCraOqwpwxUd0tw9ngF+RGbGI2fczQUWtjvIrZjbH8pOnSc6VuuijNM/L/AuBFPAwKpTpem1XNG7Bysv8RIqNC/0hLdK/bRRuiVH35sgTybmJbjmW7dA/qrsd1Ctcfa6gnHoSn6Bg+1jATaVxKZT3RvlhUDgM8kq0Dzy2AOwnQmIMNS5cZXC2MsSw0A6FFCD3NgAcdafEJCWUS0hUGO0Aj9VpBe88030/XcXlBybRKWNYe1VgrZy4miy1ipM9nk6E5bEQaSYsujw5cWlLKXUUwxXYSOt/uln4c/nXsC2zIR0ANapatXioR3tlT9JZB4NSlvn1I4Zzt4GsOISBM6/opoJhDRJTL4S+tZVGv3+92on5I4aUSFUlKGW55KiYy9B5ENMrRebj1onwFuF4cpbGpFPwMwLzEUgAAEABJREFUpxflIbCEcpUEVldJYwh0khLGJD8z0mAyepQRCdYh9zQ90+hDoQnkzjydsKysbG7JVCgUydNTp9vrdDrFcknRVitt+/0NI6zVpBBSX1pa3lhfL5VL5UqZ2YyBKdJAr6bwOogIjIBchSESZe+SeH92pm2RD2mrfHW5XJatRlcrjqytFJUmJyY8j+Lg0ORX9h7ysCXFuna73Wq0wEpakLfC3YvTBw/tPXb0/Mb6Rq061+uKjbXW5HSVQyhH96Y9e1r38lbn8YstUEM4YDcAPzwcg5uMakPKD0mrILkAPCcHDrnoYUamzBkpr8gs3VFSM4d93SVLa0/jJAMAwhHjqOCFEPbGwSAz8OWksBR7XldEG45zURpKWx2X8YIXVLxi4PnyMxeCoFQoxULI+cCJBChom0DULXcQw0J972gjJTEr8vcWxuCqMYI/aQeEp0KAdyQq4h9HIFMiB6EHK2yC6SsMiiNwasBudyMZAn1yMEIKtFlOTdCoOpbrC6lapdiZyDPCXp/O5QIIn0PNnYshc8kJpeAqxCIs8eM4ZP12Gxy9uSgJSTMUeRrkW3Q+9fbXWnN/9ZP67po/Cb004bKr5EApl/xyUXI+KY2hiGI4LAFNcIxigCP4AiSrJyIjimTZHir7UEKFFXRMkjfeSbYgyINkR6kjUwMPqBHJxV8Ux+2NRmu9Ua7VvCCQDapOTqCa0QvDvhwzG2ur7UazXKtyDJpTmag3Nja6rbZk7c21jWq9XpuewPnEka86ISCsIwgMJFgBcSeyi2oT9YmZmZXz58+cPDU9MzNRr0vaKxf2N999R2N5+ehXvjozNV2qlWHwOmTtoNBYQ1tnr8+vKYHdVmL+mqdrz3GGJlhzRxH3vfrs9I333DXWM8LSxY7VwZllqlCvZSSb53ycyG754skOsQGh8SJsKx8nwpSqdSPmqN+i38hz5dB11Sa7zGxbdWlfPt558NYyI1OfMM8Sf+Guw7RaWgfZSW0chC/R4XWYvsI4BtZBoImy5RmOZeQZwbQHFbZVGnuoR5kNfI67A16Qx6eMHYlgC2yth8p3M54EExktH7N/8StORryD3+bv/mb2ckt1FdcmPPvx6NhfDc3ijkDSmMmWmXV6ROXOB092msKY/fKn2allxtjXBvD3f3/eefeb49vmx83PwSuyULyJa8fsxrJnfJ9YuBPbUGlGKqXMRaYNI1c07V+YvvfwfrbDdP+t1x8/t3ZueZ1doZRYA2T4PBx0dmIyc0UCyOysHrcWnZyNO/5KPpO2jFr5a8bZL6zHuYD326atZXK7MzkfpjdXZXCW7/mBcrUShFiULi31WcJzfkeyfHPwruJ03Hg6SXGW2hQx8JThody6a5oi8tF5WI6/K/sijwm4PEDHTJde8REgBaFBDIdMX/zil+655x558tM//Y/Zywx3gs75E9sakcfejpeG5B39tFlZWd+Va2mKvj5YIBJLmkK2TnpHtC+IZClsrESN1X6jFbf7SY8UdkZ5KpSlMEbvGthAoZAWjd76s+c+K/8mSrML9RtmawcnSgsY9NZR1gxLX6elylwNDU0STB8hoO2I5tMgFGI43TOLG5F/PH/VYDXwyBS/UAgSe7VCXIVwJ0rI5kzxI0H9oCRkm0+l3k2EFWGHTGiCGRVw+l478DlPeaB6r+KFmnAIhYxR9SdPJ6i3dQZ6ZcjQEXaf5H5ZXyH77BVgpU+dZv/mjzhsBuHMCNa6//Edgt18fXLrXlYvsloRjittdnaDn1lnZ9f46ma690SIDAbi5BL/tx8V/+LtbOqS/LBoJI1a6ZtvT78thsit++YLWte5VYp5VhtqhV1zlj8yPXqzQy/tmYxxCp869tGjzfNN4aCPE4eTBVWgjj/hyusJ+jsRF05ufPUzJ+5+83WmyakRQpfGLIMaH6ztQB0GNOtDmMDwq1YTNAPSN7hdOz1DxOE4eafnfkSe79/n/9K/eZQNSakYIE3S3/Ou5jve/sULFxKpStm7B1Tx5u7dd7q33/pku5PUa3Dxx/7exY3Nc61WsrjgIYqL33z4Ua4LPP5bS8svuWY9Gq6vvPhvf2H1Hd96w8/8LLu8xIeeZ/srMw5F7qoteoyU9Z1O3xNu6+Lq6tnzQSdm3X4BdsS66AoUiBLFEOe0Mwk20sVJCDtYY554hcArFaRWF3EnQUIDDF8nrdBdqdVyXFb0I8cJ5QVwspuwwGt0WqurKyvLy1HSn92ze3HvXvlUoVyWMxcMuqiSA6cCXWnj6kW9UJZRrldqkxNTM9PlWgV8bUqzNjrcTIS91sxZB3QvpFbqrQiUBgRIY3K0ubGxvrIibTTSVj27uDAxOVGfnNRGdI64iYSChQjbTjVQ4Ji4kyuVsC5JxrTJlPnJJJOTXYk0bAnJs39p7djwFe3wZFqB54wQGRR2RqCvccoGEQRwsNI5GSBdvfE910zU9qauTUZ8u+Gfcuf745JUby+sbhc8xVug+ERYE/pw0rZrACjwgEWB7Xra42rAcqyEH9MWpJ8GxKB8ApHWivYzSpVOAVybSOuoHxQKSh4DeVDt2VcVT1/nIOJEqrHDfk/+H5LJVpo2ZV6IXRMUEPTjUqgLNSxND1hzzTSHsczSw/Icg9lEahoY8mVTIoCVwx3+rqfAJi4ODxwl8B+D2Asi1Rxyka7iUMYE6xGgSQTiaRLZQtjv2u/HoHrXiBncIA8NVFKRqb9Va5YfSranwaz8wNg4U3LLDENHZ67Ma0aIhiVNk9N5f2mVSZ8atghyhmW8amlnSzZhjkyN/2uWcsOADQ4WWi6Z6wA2kWs6yYnBo5ScBN2wK3kxzAVJRBn6/kHjKaeQEMwseQaG9tCRmbnIWV5bzvVM18KxSq4JqMO5jtuVEgRNoVI5iBvNg7AWj3KeOpr+2AtYpkkynO4MOD+KOSCeAiK9VSqVGAl9v9fj6AiEWXXd4nE6ETowXqlUmpmdaTabDWk73NwEb+o26MZCGhvcCaFAoiQiOCND8zPbccox7JHMkNgGeqJxZMOnpialGf38uQuOuyZbLesv6TMGRCRoEud68HmBG/hBu9GSjEVaLMNeZ3qycujQvgvn18+dbZRLs5y5rXZXWmJmFiZd4W42m7dct29ptf2Zx59thh0vKOE62mWW6McGcFVcxTUResGl+UvK7dIVlWDiWgpwg2lnIserJxnZ0QC5hEVQXKBNDte6a8qCTlDk1/e8hPvNJLkY9cuOV2o7ldW1mrS3T01L8iEN54Wg3+5LyZ1Gn/qyjkadC6YK1l7wENoimEcLLCHKriPXM7HDY3RwIiIeexAdB2AoMfgNFhhkR6SLfIe5CAKBLYQEL4G4Pk4aa5AmrZKCUGh0DIdQjkxImQWSoZAkGLuFBcWCAz5ONAbBKBIQfUImTQaeKsJus+mCo6EA9iW7CK5yyPnJiO7XaJuvobxwrZIma0q1p3i6lGErE/Vut93vdCIRgjgcax2O0ByL6zPwBhaI1C0h4bStwo3OHgXMJHGlNAlD3PM0zM1A1Lfv8lQ9qlUjXK39YG3R73Tbmw05SNxKSY6rmbmF5YtLkmPDUOGugBCYfa1kFG7Br01PdtttuaRvrK1X6/XqRJ0pN5WcANv9XodWEA5yE/SQw2cXFuRYvHjqlMxaKZdlgeV6bWN15eDttz39+Yc/+T/+57t+9EdgkxMQ4wTinQmrs4f0P9MtGVgWDpVWxk72Gsmcf03l4O2TXb2XSVVhVMuxzfj8vt0sHDPIiF4DifGR0PYoMTueMz5OZI+cbcTNXsL5OD5OaM7lfJzQXfs8s+fVPGvya/aTlsn1jvBsmUJO65eWegdmVbAWYSmhlT4I4wOCdsDa9ws5HdzTC3cIa8LI2o31UOgTLFBhU9RTqhTr9FWdjBwgsleG5Rp+b+evdLzZ+9jLOHmzrx0FOqGke0ykwjYfmW3bi7bqbsxp/SufSU5cdDAOAo5y8vxvWxeGpclqctM8u21B1Avpq4+v82fOs5eWnHgnYWGkJPern3V+9q3JDTNsp0nps7mOtzge7kRkg3zQRSU7XB5HG0y3XLf44AO3sEtK3/fWuz7ypeeOnLzArn4anI60DBvlBMWcM7ZjZyfPnwnvPOAH3tdg/XT0XNTuXT7dGTLPrD4gSWaIAopnmShLNSBpDvQ7knJGKpBbfkfovNe+0GudTeLQK0yV6wcIIJ/3SsJUyE7Lb4oVkcQu03oXw126HHdbhuGpJNngzHfdBdedNpOKa6x/WqbGmmS9sAzpqbFplBj5Y0RyveF6of/227+ze/fud73ruxjiTqSq5Q/+4A/ZyyNJkZ9fSb9KY41tm03n/IWoO3qr33O980vhRiISrUAU/SRsxR2mVHIJV/p6rTOl68pHrVyWkPNOHR3GeL/DVcxGd3mjs3zkwhfkA6WgWvKrGhdFdBvKv+u67ykH04Q+MYxyoM5bpe1zbP246iKlhkJPJ5moLiy7ny21sqcMhzk8He1KBk4RJMoshFoO8Yn/bx5B++AvfA7eSzFxeOa9OXHBQjakmZh+jbIqKXSLjZ4ZFCLYkCsic8v6ZcZR7lkxorQdpKdPs3/9+xwsO7hFiGXgDGzXvPiu14g33sDKARteZybWOuyrZ9jnXnSOnk17m2kyubzp/IePJ7/wDlYvXFo90y9t9A6MWdoFZt1n6Rc3Y0E/yWw+YmXLoGT4aD8i6klhHbN36XzlyPKFr15AxIlQuBPOY7xN28ljHGSJvvLMY+fm9tX3HpwWOROrHmKj6pNWZPTdbEeKbDdswxusHmW2Nsd+Ko5/RIiC731g/EFYq7ryb+gtz+P1Wnprou7KP/tBeYya0Uu/trzyKRXhhWmyCC5PPvpXnTOnb/13/8EtXlaoqbR9difm9tMOPiasWylZyuenE6fVO3vqXNRoJ812kjjFIJAqNMd1pCXZ5awgFZu0FJbLadyMh7v/+1Jx6gRSzV8IykWpy5XWAuGSu2jwBhoL3kuE4xeE74aOCKXOyfdiuC5c1zlx7ETYC7vt7nW33lSZqBYrZdj+BzF8k26/l4B1V1q5ep1WK8Sw5LWpqZmFuYmpyVK5JE3jCOFLkJolZCtyactfYttoTFeZhif6QlbSyGql1ldX11ZW+t1upVabW1yQzYco6lJTXSySHVpbt5SNCmruKEWWEGLQfL6jdMkqJnq7sOLFGNCJCVmSsc8lVybqpe3VxVwbPZkHpOhhHSU03MQY2pJYITPUbkLsZyn+SRsWQQq4cuvl5Prf/ihYVAoxEcKMBGGPgYEGqtAy2wuwwxubnqPUTYYA9VJypCEQY0XBdJJIUDPhjY72M8Az27cM8MI0xGjMzGpAmQxME830V7BDrASOWznCi7BhvuIFnpG7EFnFsM1pB6ohpoP+RBBnI4TwRv2QkYJafguMUw82TcFA7+359qfkSsGuO5+WEBl1X3YcUDbwFc+NVWjg8zG7Z9AfEyQMD+QR2iQ7ONOBYUy0JgONr16ng/7s0eNMCP9rciUAABAASURBVG1UQ9GuIWoQ1Z5iy3m4UHZ3DaHOpWHzO23LpU5/uxO2vpvrt2uYzAYWTFyBo9jOiZ4BFWQFFHwHGyPxoWVeLUuETXDY6MbyK6qGGqxF7m10MSNF4A91xQF2D1ZZ5MRgdwMHP6FUqcPwRsyJWimpxSA9mCo49CKXRM4hC15NoJAs0sjgqVynCI4+p2A6jGCeOMEZxr9jXO8gM6May7D63EiZQi/pwCkR7ZHQNCDhmY5SJGIs0ImgwlMxX5tJNPoGHBU40uacSF5VrpRb7Xar1ZJNQqykl5B/NL791jcyUQvwLSNmZ2fbnc6pU6fPnDlbqVYmJiZkObJ8Sak8xzU+owhxQhzUwegxkrHIPGTqTnSAPbEzHaj28T46qaEAMjRQ3nK5HMVsc2Oz22lvrK8VAl9WmCFkD7ZQk44AKyC/b61a7UXxyvKqrNTMwqLjBa+99452M25uPhFHnUZjbWFhTubttrrV+sRUpd6IxGvvuOnkhbOPHzsZlOZiJtsLDvmYE6OygPa+4JocG5ugt0cEmEdsyMdUUzSVk3RQDWbJiBnnXTtPRgiy/tmhaLF1+ePV7RqzAa7VJNZP45FMezmLM7J4TqZEAYBkEk19VPeRroD2cnmOU5ATOmFRI+5f6HYqzC0325XV1YLrLk5MyiVNpVSQUlaj1Yx173OcrXLcxIK8nsOACYH8Repbk280kfhSvnFEhXkQwEYuWfqwGOEhOjGRf33ZBCnPxX0dzFJedzxfLpBIcQQFAj1MUKRJ2SHFFcTZTYAX8qKB/hOJyBIKz1Gzr9/vQXwol7k8AMdFDJZVDCY4lERupsi9igMAYSbXa71Ww5OLNC7kUq2ALojAURWKgDg1Bml0YnqevUqTtk8zHaBa6/JRGpAS5OyuXfK7rJ29CN3ZC+WXkIsOKa4jbceQXBqqmYC4jsQWfrssIXC3MC9C0ZkkYHA9RScYYwfxnbhkQ316Sl0JWT84nVOFixwuLo4WoT4XEFXXW19ebXVbN9x3D/dcuaKWC2zJxCUzkCvroFxePn9OrqInZ2YixFDL6wJi5UZMNNaXV4q1cmVmkmOgTYFsRZRKjc0NKQH4vgc7dFwnkuUE/tziYqfZOnnkiCz24OHDYa9fLJcrQeHQLbc+curMZz7012/4zgelkl6KDJIrMYrD547EOQlBzIjRjjuSKwyDFUO+HRv7E4/8yUaIZSZbygh2/q5LSINLGnYZsuk49RmvZJwnSJz73R7bMWDV2LvHzk9kR4GrhOXcAo6bnYil6BDTiqE+TkyBzFph8ew52ScYyyJOTMcg5c+XOawcdTy6HF8/q9/KtepUC4dmxylqgyV7SGjmogsAps5ovQ7BdlSjLQ2x+l8p9RCDIlkBSOV8zAXQKzTxrLSU31PMbeHdune5vSLJclBnL+PEg4kt7ooRu6XU0susssz1EefWkzuTCH7/y/HzZzjFqcDd7VxQ3AQ179QCyFTy8K7kjt3s7gUxXx1S2u3z4jtvkv/GT11gj5/nj5/h682xaiNZ7q8+5Py7B0VtPNuPSHFi9HMI7kRn050sBgMzpGsrusj4jvWIo5JUtt24d/72G3bvmZ1gl5pkId/++lvvunHPU0fPvnD6YhRfrl54YJYO+THEjmtd4prr6yv22bipH7GvvBjun/cWp5xrJr+2uuLouUge2aWlESNjkILxjC8YPbJ4ZjEvRpUrGDfxRHKfh6d3WxsvtNefp3th72KvdWZy8U0Yf1ZreTT3TDmUVabFW9MymebUTCFE4273UfkqekucnPeSQ563nx7WRVpVM7zeLlPPKZbtPMEGrA1XOf37X/wleSTcyT99z7vl8eWDO/maJJs5GyQHU+KgtrrIzx9318NNfUGp5Ei5SMdEn5ijzqmjFaRxZ5SXUK1scNKhw51O2JJ/uhxFt2W2KO4pM89oHyeDyWadwyneYDeMkdTcdLgZ/1xFq3HMWNYLQONxJMdqjMcREytHlSOEGAE/EilqxwibSnZ17DlksTgnI9UbfkmeVHjq6UTBWLbrDZG5a/8S6gUi97gwx0tWZZ1dBcRJGKb6aONjZmYq+aE3szfftH0hUyX2thvkX/LYGf5Hj7DlTVUCU15e2FrT+Y+fTP71t7DCJez1Y0pO06K/PqZELSPepaponY0PK4xb+YQRS7JHVcpQHyc8fZceLXCzu9k78v4j5NWUsCZCBSSGUNbgsQKLIw8oFGpHXvn0Xx39rh+8sz6ZhUpYhF1oHIk5Z0bgH6gJ57kyMsfBpCdV2i6WNj3TpcrzXbaYJPnbvf4bfe9/d5w1dpXTxuONF/9jN1z3mTGhGnKGlxpPPf7kP/9nt//yr3ilErukxLe7uG0GSMI65k7x7MJLp1hT6mY95hcJMSdA4xpBwI3Ad31QmCZRmMRhHEbyDyCqvlOWWqdKySsXHWmr9sDSAVo2GFJS5wlr5cSFUDt9qUh1/Rj8VMsyk26vt3LxYqfdKZXLB266uzo7gaE5Yqnw7UrLlrRjR71Oq9nrtHttEEVmdu2anp8vlgvSKF4slaRdXLWRrOMOhAUx9tqcJV6fZFqrrP46A6rdhC+b6Toba2tLFy7EYeL5/vTcXKVWq9SqhYJPVpso6qv3YjEaihBrZycmDruwlBVO5vdlJKFt6vZPOjE4DKYHotCqjTwIQ9bQGKQcZ+SLtqyw/Wr9RmYNOgRDCxMOJq05GCsTpUQ1ZmNTiEHtMI1RME0zAWEcKxGwwHg0YRpbk/aJLo1ZTl+MrVFXb7izkK2TziyGKSSVGkrfYmRP4bqxlGA7pNp1bvk1oRoiItzF3drai67qn1wl7Vaw7KLC1EhY0ru+FKPIL+QgL1XKhDgBFz6wpZF8iCNV5YqWmd1c6O8AHBxRcJkEXbPI+ssv4UtFtFCgH0kuyL8a7Plk6kOYwENm5W66klljgGUSYk04qfRdBRbiaaMIXyKYAsEooAmgwwrovsUjVwJap6Han4gUcI9XsZ/R/w19CHBq0uuDP0JrTmEYU6aCL6ia5z8Baf7tz6QWRFkClGsmmJmY2vZvlzZKNz7qopnyg505ZNiMQ5G2nhDWzGJjJ6xVrDwMcCXuGEnSqvPwd2fQX6pA1VG2ZVgvTTOVtZbhYlDdocvPsI+RdDtDAFN6kjOVipQyumbi2yWM+7pMD+yATFkpydEK2EwJdImTPKgpJ4073HzS60X9vjxKEwO6NgEypRTlQvdw4mjxy8V9m5ryWbAEjHqhCFmuFfQVDAJe2mGReCZpRSiYBSJOXCRQZIc1s4PoAbdse4aBMOtzYM5Y6FFBJEktCdAhAc6HJF2bMsVHxvZ0Iob85HqcaDkY8B+FoCDf3ev32u02RJORpl93Zxox0s7KGtfrtanpqbXVteXllUKhEPi+JGJg2xPCTAZqBvFIALgIFb9NJhfQgZe2AFKNGzOrbKZ8dalYnJicWFtdbbc7rVZL/gwC4XrMHtJgbeVCEnDAnfT7Mlu53SwUK71ecuD63adPLj399DHfr5WrkqzXZd+6btErl2rFIA7Db37g7n7UfWlp0/HrCbqFYAqRkDCNgBlohJuBIRuxaXQjx5mil55EvppX9W0v+yS2YkF67WeRcnTfidQM6BH35O3QFZtCXOj3vDiWAn6pWChLW3u5JIcfyqFOp9OWSw4ECqA9BPDjAMgCzF0C81/olS/nXG9tTQK5WvY9Jaa5MfiD9MCTIyBtHSfpcxHBMikEhyYJ9wSuvYVcTQnSCqNPOOOpz3G9TLtIWHNsBbIW/qBqsBsJw10AGFDeKiSJXyiSSCxclL1gy5i8GzJVabVw7nd6rrcpn/VLRSkcKVqaykaZDh+6Wvx6SCoMElOrDV9S6Vq9XW32mm1YGMciFbA0J1JwIFcSNA8FSUJymCAZ8CvRcqja3wdLXsYU62XofI+Nz9yFORpFCdRHC7W4HIijuLG2Njm/IPk3wJ4QiiRz+EFBsp9epytl3KBYkHOlXK3WZ2Y2LixLsb7daDTWNwrVsuRVLAJcIJi1XYhr2+/IFXrHL8h1f0m2QK4F5IBf3LOnsbJ6/Jln+u3ungMHKxNV+brKRH3PjTeefPqpxz75mdd+y9v9ki/XDXLkSpk8zhO1SxNoLj0N0nCeXVTbcsOlyluXm/KLhJcHJ4Cxm+CouzTBQa0sx889xMcJ6bVDFWPVxp1kHGKJ9C4T9h4+tQLI5OEq1KftN0XrYfVk9xxuVg8DZebeyDc6cUq9RWq7Vt4daJHm8CzWROjwOoyRMwgoQV2xAu4wUuYr0UXvNjEeU17tCbkhSy0u6dURmXciq76ak1DdQeKFGrr27RQtMfpxNpBh26798unk408LhadUFFUwMxfM1hz0rPuGG9l338pmymycdPuC/BM/eJf44mn+50+y1cb2W/nbXf6rD4t/+VY2TlJiE1NrAoMswXmue5MzqzOJZIyHO9kJSS8V/Htv3n/LdYvVUrC62W51+1JoqFWK9XKBXaG0Z3ZC/j3Ibtls9xqtrqSHlWIwXS832/1nT5z/8nMnu7CxbCdpqzmZOaMprSazuc0toKWC4O3Y2UmcsJfOR2dX2O4Zb2HSuarYk42WOLsWrTUuh9ZsseTR0zZ/cXhKe3FovtSXSWK9UY1Ljh68kqjXXj8ir9YnwHa1udFJ4mancaJcO2BYIz1Fqk+uPaDo0JzWfLE9nRi/oVjFKDpDiJPX3rlPmpke/sqJKD7mOHNS6E55d7bMRHthYYaPMwsBZrWajaZa1n3rx5VgE68s3IkY4wpjLKswHfOh9Nk8OUwlFdJZk2/xRChPJ7Z3E7V/mmvtkI6BneaEz4aqQxSMEhWb0CAtSOK0ZDAttCUYU8bkZxnpcYiPE8G2Yo+XlEZ0G9lRmEYxcuV4hBAkKY6E7GwaieJYSEiqJyJRKLCpZQLk6N5y2GuV/UakOBX1XlMazTNHGeh52ieWqZ+rzd+as6v607YgNnJ86ZbbV4yaXfdK7nExusAdpH/9J6zX0zpC1SCwK7/t3uTd72A7TffuEffuYb/9JfbZ51WrzSJgedP5v7+UvPv1l1Jhrg/a1GcPwhQckluwDmRVF1QZOglmrWVGnKun9fC311M8e+X5P39WWtBxqynq1JnydJLgvi7cDIZYE/KDAlp/8IbSD+PPffzYt33vLXqsblMfMVCHXG1zNi/T3swEzqlb01Zq9SL9NsKbviLyn0CmfWH0q5wf4/xRx3nScU5J7SO7Qql/sb/xRKvxZL/xFO+dc5WTMjUfyMhINkp1pXX0+Sf/5T+/5z/9KrvcZJlZ6JDjr9tRQz76otPqBwlgN2ArsQu6zQT2z4HVR/7HpVkUfcJHvb40RMHmUV9aEQpBqehXS27gJziWQCEBoDsHYlNAiHMWerDZVKo+I9giDYvk9Y3NVmuz1+1MLsxOTc0UKiVG2/6kBjaKwdgrbVzdDhqbRbFSnpydmZqdq9argTSqBAXcGAsETSj1mukatXFEWBd4BsVLNIs8e6DXAAAQAElEQVSIairwo5MSJ4r6S+dXNtfX5SNS/1apTvgQbQTccJMzFVOG5kqZwrMGRVpXKeUDuzpJ2EmjK3KrGJ5FnJir7IolMVgr86Kc2dWuVy4nI+2Sir6CcweBJvbj3E6kXrdap79Iqio0R5ExD6sxYFdpR0u/Uc23lkc8WzLXgr1U3zKMyCRnElDZOEKvLbEC1Ch8AxJMbqG3eeZ1YrsKGVnOjECjO9VtR/rk+l5QABRXpVaRJ4wZT+rpOkLzfePIA4J6o18TwJ2AsdYsDnG3p1VBLizPHyIFY9k9k01DhqVgWTcMZkdwtsM1DslVyZfm1yDAcQKVSuLE/hh6SKjZa6zX3XYHwudA8HpsYBiiSEsiMR9CTZhVGcWkxIi5Nfjhsisdln4mu4vGUXcP9qT90Udmu/Qxf6WSMAdmDdF8BpWyN/J15/krugeuFvHNvUxsRVNpyOkgDVuhc66adUPY5XMuWKoLJ2SGUkEi6A2rKe2lYS/s9aVZSvJtgJnKW0icjY4IC85RPM4y0qwC32t5xbHps34gT+CwMo7K7jhe4CuIifJukoremvRYLWSGtnMzBowpmaGxUD+P2dS26ozvIqG8k5CT8/FAJ6O+mxDmlhKjCXdSLBblBaQ2PdmwYqnEdqIMS5T9m9cnJmTDpBVwZWV1cmLCm6hLsU0aSXE9na4zzcAC6hi7KeoEPmriOJfmc5WPL9xQq2WSklWz0ZB2S2nWrJUrUsZKF6NccxDstEq5LBnN6ub60vnzC7v2lqqliYnqHXfc+Nxzz66tN4Kij3oo7vu9kuMGHq/7Yle9+LpbDl1cerQddjwvIHs+artwI0haWcdQatr2QXIH2YFhRjhOSnw16TZSCLu26Vq/7+WUSGTZhlXp/R9CkP82syNHfkgfIon4bleEK3Hi9fuFTnui0642N32XVwplcPbBXQRBC0nsaGkJMBJaPNC4BBwLrEUwwaIDnJEA/pUVHIiPBYh3J4LXETHBZXZC8O444UkSSkGP9mmBwyHPgbCgWCx44Ylw8cMxZik1madxshIlBCi4LtfVYuiEKomRgAspkWF+7gcBwMh8nyY4YFMSV/BYKF/YULM4CXvtDseIgKHMDy4xXGYkTqVaMqgFTV6/5tLC1UxC5OQ2CmytVg+0jC+US5XJibDXE11FqYz+XzM9XIEi9wJnJw76zsI1qbI5GQHRBP8TCn/vSfrj2FF1xpv0AsEr3DgKUn+I9lZbX6J+vHFhqVqb8ItFx2NS6E/AbgRRJ6WU3NrckGOtVNnlyPlQ4pMzc82VjbDXlfR5fXmlPFGruHW9lQQ6pVQqyirL+3KN7gGs26H1TLFUnF1YXD1z7oVHvrxy+vzBW25e2LsoV9EL+/adf/HF448/PTW/6/rbbnKKBaTHkVbvsbEb+/VFBTk6kqVzQ/6uPevJJSWcKR3P5VRmB9gIbu+O5Vo4UF73GcviPBjLrPytI6MjTxEnjFk4FcU+BnAqVk6FSmEsp1EyZXL7qGrCNJVQtgEL4+Kgaz0SOxjRCIZukxJyWQLyJxVDRgS4ogPu4DnXeyeUmxOW6lLFdmqCV26y1+A8XdlkVoumKzK9wBl/FffLGEkYtIQaIbTow3vDsCZb/xx6ZWjqhOy/fjaEjeiWXxNuzwh1ympl9k++yTm089g3Mt2/V9y/l/3Jk8nHn91+OfPSRedjLybvODTGcKD6kdFS405o2tMMp/ltcCdMSQfj4k7GTMXA/4G33ztdV0gceWLOr0aqlws2lqVaDu67Zf+B3dN/+vGv9MJozELsCZifjMzozC7R2clOUy8E6MnpJTZdc6aq7nTtSjLTdo+tNuKVRnLp3k1yKTM2hgyUYQSP2c5O1FDUzzNm9L9pqWY+WizNzEe42+tcpKf/+89/53OnV//Fb3xcnofdC6J2gGf8rqVP6dJQ1rW4p/rcOW9teBpHS/IYFLxf/KE3yJMHv3ICZ90mE0U1fYwpRfNfbmFWMp1h6Fq21yzOuNWcu4LLnH//i78kK/ld3/WdDHEnUnj+7//999nXa+IDvkM0DyIrqdBWGdr+lehlv0gMpsTk0YgTS7YTSsGaYi9YxusJt7yeKOqNUcMpP+ak/W5Mezphw32ccJa5ewlpKBXEkyxhM1gNqqzhNEo3qq3ydF17OmHGRG5JQMoTicj44hJDt5sLFW41X74qR9WXGY5n3qtpj+aMChnDDO6HkbcPpWEY2S0WcRADd7dRBF3y5P1vnxLnLyj1oO5tSD/x7fGDd1w6m/jR14nrZsTvP6zHoS75yVPOF/bGD+zbUWEsY+dmRull3zSDM/tQFoLC7TKyWcXAkVnLF5UsAipy2A6uiPGph081zzYS1Ijg/i8IjSLXKIgv4UGlwFzeavYE10gUvE6+vs+e2Tzy7NLhW+dNacJ6lzXEMueMjTwO9GN6opsy2D3DH0m7gZvZOOQNQhyUf0nyN9notPSL/6b/9BM24TNH7dM4fytRJ76BLtA/CRky8Je5QsfGs08d+bX/fNNPv4ddauIjzvH1+jrf5sGhiZrg96KC6zuwncOBeN8OWCggSDXs7IpFFMf9vjTExuDsJPaKgVcueOWiWypyT8V3lgVJ7apcDUMAHfRb3nflHzgOjYTogf8SyVRYu92UFa1OTs7uWpiZnZVa0lanxeAlMYawkCqvVrfd8nynUC5PTE/PzM2WKmXP97E+Dn2UZKTawlhYSFBJBokVqnAVJ4qlQjiJV5eXO+22bF2pXK7Wa1KHVq7UdHmkObDFt6HGYCKnGWd1V0lNRFZz49ok0cF0bFSGervW2mdqIra0kY6XLB0123qIpe6i1a56BfqhXTpGNYSOKnRKUscmmUYpy6OrQgU5ach7CxXETRcJfdeqzKVypiHtEtlORYEfutbRt5SAbcLKkAob7X3wO0Y3JyrwOzH4hCmnHlrlpFaxTOuvRN5ozS0qykguHwZWQLsafAgwMkgrZ6Ui5xTBTTwfNvNGcnKK2PS541jrCD3YoijWgIxI69aUxRpkIcKyYxvJ5YneOG5/nZ31Med29zLTQnNOA4M8mqDNxSPztJap9CRITLscGlxoskFiDoStD45b+hDMK4TzWDs4SYZ1dK6OTDntICamdgHmU37Fl9OHqY0AmZbmF2hjpys4yK9iIoFWqNk6DiXJPz14bvfYAOLk6hBjSon12gH5WXtA3f67jFPFS/m4isbqnwmtxRykVBSvRiAJTjCAWRxGfWlW6nUhmI4J8mUm/FbfSHFezYKEJQmbv5QtinxkH0GBAYi2owcBRJnQT+PdRL8k2xuqjUJX1RaOFU+JI/Mm/a8S0MzaLxUwoSCY/mN7Osn1hFGtZqc0Jc/zirxItiVJfSCIQeDvCPxBJfuFoD41ObG5ufLCsaWlJc9za1UpuMTAUFyeWcSiCybYte9LSzyPIinJRf0e92Uhvm8ctV09kUUepUhXLhcnJmoihs30m6VSIFsN7JxrMBC5mwcazQGhUm73Ousbm/WJ9sTUXKvZ2Ld/9vY7Dn75y882mmvSui7/SoVit50AcoBHpX70wE03Ll9sfP6ZY81OyylXUvtupiapSEdAZaE4hOCaZdHOKXQA7todfsUTZyOVF0Kwq/LKl33SXtAEeczTsjUlctJpiGqqYiFyom7CQsODrym5vOOGntMQfS8OvU6nsLrsxrHPuT9ZcKXs4zvFYgnFMQikJ9cqAAlJIqBDJIpJGgTbJRNlREAveRSVimLuOOBaRO1JQhEvFr4biyAJgC+4UdSKkr5cGcmypf1elgRmRY9w0wIsjDi0Yk5xwnAhhc6ruQq9jJG5mEZjy9JjoxdTbEVWHHAnEKWFokxGaJCUj3vMZWES9qFeUvBDwHMSdnqEMoTlXcLA5UnArXDL6AKKp34MBNtymL7qElejiBhWQk6lCqVSbWqi22r1O90YdlOQXsZR6CCkIuDUD1FJjusHcqWKAj5yEUFDSRqTmUis3qROThDrhmAj8kQMy7mxeIFelXK1oCXwEKpkMGQbvLy1srFWWZrftycJYyS2KOUnolSprV+86BcKcsFdDSZcx6vVJ6tTE5sr4IBH0ueNlVW/WChVSxBISEdhk0K2HEXdTkf+DgoBydryPbv27mmsrh/5wiPHzz++cX7pxjtv33Vg78z83ME77nrui48+9bmHq9Xq4sF9Apl6lFgcmgtujS2hKbY54fxyXf2PmWyWnZVLrjUZFpa7wmv/9pGJE7mRdObyq2RZh7bLN+jjxCy2hMFwgChF306wDGoks4gyq3TrPH3WXFHPchXgLN2ZnX02W2bmmC7ehOXjxMadsNTOb4XXUUwGrih8CYbNMWcsPUfyI2tIflAyCJVtED2TN7Mx0+Qh+9f1E9yX/CTe/rlKgR+YzFAwvmu/OHeSjZH8/TeMkStlSDwFJI1iU5ao8HXDxS4ziew6T4+scc23dvqjR/utVkLzyMFYgRz3tnJ1rnyf7J9n//ztXiVgl5P+1h1i70T8u1/Y3gvT+57ib9jPyv62A0I53xAW7oRpBAmJnTbuhOkZT521Pe5kvPTO+2+9qiiTcdLsRPWdD9z6/s8+wa5EGpyL2oqZFTh5xpeRcnbCLjFJ2nVhPZF/DiCceK3kVItOrcT9na/yGx3R7IpmJ9lsQ8TFK5qyM81KQzpNGZLzeiGz31uMeJC4m9Yxc9u2YTyIuK5yzn9xo33b/mmcsHIKF7RGNf+U0bTSC4Qyh2TKxG+ofatwogAAb7rx+jl5PL/W1k8HzNo0aTTg9Bbb04mZXkaeEIqrZrrwEgjXZaZ//4u/VKvX3vqWt8jzd/+Tn/7ABz64tnbVIy9cwbTTWTZUM2n7C0kGfIfgCEGnnIxprAnp5fUWPY7g4uHeTTT6RF0XtCJj5IVZMCW5KXmMaQxEQqgL2FlEEqPQnAjxGakMmfFxoltjDatR0sTg9Z3pbLWE6TgKqZDOZGuFwhhLLe5G5sR9MsJSxKa1VRNOaVWGKqNJOnWUDxUmMmb2jNXQaGFT/qdntHmvdaSaMz58Z53QzRH2FaNIH5rZOt8i8/ZppcHe+ykVhsDqZ/Zz3yfeeNPl0om3H2Kek/zu582SVnXh/3zceWDfJaxqdV+qX/pi+iP90PaXSB9n+Uu6JJ6O7BFeQ/L0NHvXnDcvtk988jiFskBfJqCMphU+D7w7v/ngdXfOy/OXnrjw2KdeUhGzaLch5pdPff5zJ647NFUs+HxrHydsSA0H67N1EmnfmXHK8h3GmJbn1BX1dr7dOmtEavzVh/pPgxBluJvQx6fXGx88c+GlVvf6SvHbds3dPFFBZRyz47qa8yON9ofPLZ/s9PeVgnfMTx+qlpiFOMF6inPve+/UfffPve5+dtkpJ7paN9S/mb7I8V2b+6r7cFblPqiPPAdVnqT4BA2aVFUlUT/q9mOAOAvHc9yCX6gVvXKZFwOMD47DBuNZQ1555CJyndhxQlf0kXV4QSBtHM12e3NjXVpDJufnZxbmeAA+yQAAEABJREFUA9/rx/2Eua7v9XrdTrvZabekravXbZdqlfrUxOziQq1edz1powHECVY7AR0w14727KaTZAKHdI4D6jEN8sKNKoCAGtLA3NjcaDY2Zd38wJ9dmJucni4Wi7hPUOhHzIiwtJGq/MS+bgxMV1BNJAYwE2myoAymdZmHNVDjitVmeMUE/jnWO5WXC5XFqjBxRbsNug/VIyYzw+2GqkDt10SfGkiBMiHxdP+SMJ87jcejCYrNrK9I8/U0pMqr68bpDEOxSGgfIdQDcDdhcryhA26VmSl2z8wnVMOYo8bVupob8dS2tB5c6cQQhERABtzfiv3MIICUK5Xn6OCkRJGq5IynPe8YPEYIFXIX9ugK2kjJOMEyADMWxngdlQdK7kgEBemglXaiZDSwXpN7FGap/kyFd5wS/VlTnxbk1wTBJr604ULoDTNg9EZBorwamsIJrkTdIQ0CEXht6YdhCMZ1AMQlYYgnet0EoF+tbGfZsWR91MwcRaE3yVyy+IVFLvLJKN7tu2JgpA59Nlcsv1S0ytcgceVpg+YJ2zET50xrevUiNMvbrlIyE5xM2HBMtuxzrmwonG9Nfcah1pf2cXEYJ7TmUqgO3IlNnv3By1gIHk2SOOx1utKyJn+q3baoBddgOG6mk1B6eS2JWYOQSJnBjPPRaxx9xgh7AAKGi0TexdBpLmH8yUlKVsRTX52RxMbQoRHSH6EqZnLDzVgvTmmw6V3EymJNdQO4mDDAYb3T+BJBJ3azubaUqM+A4G5pgAykAS+BCGuSDAEU0HHYeCoRA0+RtnBJ1GZmplcuLm82mr6/Ekh7Z7UKw03wmJuOSocsQnehryVNT/p9+ngegvUuiTTvIAHUplCYmpqMw3B5aXl1dTUIpNGzIFcjDgT7FJpjUbSzRNZS8qleL9pY3yhXVkulihyfd911w4WLy+fOdTutVkNazAslL3BFFEpziGyy0w/vOXToxPnV0+2wqwmDJQFnV87cum2tJugX6tcybFU/ddXJ6yuFen8Nk3agxC3OTItn0r+gkMJ8sLy7QvhOKEQzSfyoW9gMS3Fc94N6aaLiF+SYkyOQlCH9Tk8OJMDNA6VMXByHHALew4RREqpDRAaHkll4uq6QcxnHsKwPLIFcEbteEkBdEnkhjmXRQIViuTYC5C/JeDjgk5gBtikCWDYHlL+D8jSSZYYX1bgEGpY4HtEmec1FIQtX7pKI8Ch0ekA3wQOFQ4G0QFAGwySIO4y4LfjZi0LWQ1SNQ3KMFpBU3DJ7eH/dj8TUIV6xXJ6YnQ67vdb6ZhwnaYg3LeUq1YfsfOBb4HKK8yhMFExKl+cwo0pV0osI+6GHkZoc4Sqq5IzV85ylWhjFzVSVNNFPeNSJNs4vT8/M+iAl+wkIyiDTM48HpZJkPetLy8VihYFI7UzPzXc7nV67zXq95sZmuV71A88HcAmUDZGnXLdQLEKeTke+DyM0wavkAn3Xnj2tQ6unnz26ce7ik40vbK7ddN2NN8wtLq5cv//kk08/9+hXJPGf2D2XuLRE59bgyjD2gSvXKGWGfUa3O1Jq37acnSZ79r3s5HgFbmIJv0LfR4yz/SXv44QZZbNSHJgjyx51pa23sRQ1wqxnGRvp48R+i82Y+UCZg+UYFWm+nozphlOEHOpWnL1m/YKGEHqVo7SOtMhXtIZbFeH6EaExKFtB1nh5L5u+Waw+x7bt+uu+2/4p6/Eth70PPbO9q4O3HMoHjCy++ds7f/Jftn3QvelOd3Zx6zx6DUW9ZsFJeEYBKrIkJvvs113SvSEsA4MaRkLf1kNr5OQeXJxsu1w5tZZ84slQm58k36GdSTEQt5gZK9pt+9jPvd0fVci5BnvoBJNmiHceEoXtFmRv3M8mi/Gvfc6Nthyn3R7/06fEj9zDtk7CbBBX/SJG4k5MT2IyOuqtcSfjpDtv2HNw9zR7GaRDu2duP7j7qWNnx8yf4/Fi8OoIlsdZFi2RdXZy+cxHSl8bLbHRiiHSM0j4MLoCnxXBceHw4gVsnGX9vuiGoj+ut5crlWzFFh9K3JQeWA0067r9fFbO4tzY44XKlPVK4henHKecJO2LG539s9Xr9s0cP7FcqOxlmU+kntKMzlw2nDRTZo4/glrWW4zjC3ccBNDJufU2tqXi8DpL0aWpXZqn6IG8pxOtQdT62R3iTq44X7jppptec++9dH7hwoV2u81efikVdy67GJNy81ukxI/ZPk4okS+TBFWT5Dvd9m6iNlsoW45IJTyNO5GX5ooLb567703Td8v17PnOiU+c/NOnlj7PyJBte+5x0Lmc7QHF4eTvRJDwRNgpXVuWrafVMj425R6ru6yf6YBXc9NJHRdxFa0mVRJq6zuhuxyWZy/a44h1ncqh67/14RddR2ul1VGo/tHvTVvNM8pJa3o5zMqq7EAUwUfNU0Y7KUbIXmZmixGdY98XAw8OXtlZ+vUPp5/U+Dj53jcnl484ofTmA+zYivjskXS9ILths80/eIR/x007qrA2YuI5s8V/rXhg1ifjzPplX+HWcywti2vWItJ3pIINVj1DNDMv0F5J5DR9/i+fxT3YEEs6ITUc7aD33fu+55bZ6yeo5IN3LlSnip/8i2fJ7kM+HzEnaOA+/anjD37rjcLqMfvcrq1dh1ytUpGM5RnBIPUXg5d1o1iOg1CxfICfjpfCpYuNP/49ZqFDBNEzxl7cbP7QF54Qnnfge955nrE/fu+H//C1txyolmlmkN3VLEOPt7o/8eXnhO/LzMuM/fl7P/ybdxzcXy6yrO8Tmff5/+M/Tv3OH3qlEtthGsoidaszPj+GdMPWM1UnqYANZX09N3GBlAM9RnyhNERFvb40OzPY5gQhdZxSIaiW5FFIY4HnxrFCP0RSeybVrSwJXSd0Wew5sKHPd5Ow3+70lleWpW3b9b3JubmJmalKvRKB2wSpb+vKV3Q6rU672e91Xc+pTtb2HTpYqpQLRanwgt2ISBvJebVSkJIRPd9cC3Gie0nkznHDcyj1rp12p91qRaHUvjozu3aVyiX5R44Q0D7tpLHkMhNvZLLfZZnlLj3lFCnKvq2NR5RsQ3vm4azGzK4Y28nbB9O27cpqrGkPM/mWIHunba2PrTbicEZ0ibD2m+WSaoLuBJF6TeOD3cW+VkmkwjACmCJheToBy4ESogyHUFKGrTMxrMQaVYzbG7dSvZPuFrsKIjEx+PwAMFtBsVAqy78yeARxYbO9oCgLGEsRYSIiZSJCm18TRuCMXrcP3uLR84BaNQjcjMs5SzJDNO17/a3tfbNj92Am6dYBvgVt0uDbxNMJdvfqGZf59Okggcel5SVMwgiAJpH8At12WxouAWWCtJSM1sJomMWgOGSuj54CQgwSCaHwcEMKNK0Vo/HH46QtHnzZ6a4xjaiSGMr/hz1FCqBhtxRr3LYGTFyCmDrAUPDjbluOGHz8Gid7+Am15RJkPWmNlGbIsNeTf+jvRzJk8EpmVGow5VMmo+3vxtzm8JwGSR2zcMccdaIMKjganQOETCrM0fOKa64DeowMXpnPlaN1jOYdJk1a0/WXmq9Cz16boDI95LQrFweD8KA/KuqxSwed5BpMFeS46uOCEQIO96ODMQ/e53nju1wW1t7Zer2+d+/uY8eOr66s1kqVarkMvmtYai1T22OlCRR7B2zSvi8w5lAEQQ+hEElGmY41yK5EEmKIMzr5mSuVcrdWabWaYT/akHbNcrnmuvKG5noObWzhyFwKgV+rVNY3G8sXL+7eI7Vdyf59C4dvuv7c2af6/c5GmFSq1WI56PeYE3iVQqnd6++enX7grtv/9JMP8ZIrEFJloTnNCpOGMdfSQxr1NqPcSJT1Vwh7WX2F5zDPsbtxLHGv4HQpvac/H3084weC649owhgz/XVxridcIUSkod8LQhE3E3c1jEvrmzUnmK5MFUoVkBwQu1oqlpxELmBgRjA1EhRcACzkjoc+E0Fc4kwt6UC2TaTtHkaqcD2NoIaQOZEgaIHM6woY0n1YdCSA+AA3khigIkmQ4yfgeZQC6AD1c3D7lVYtkAPJBMkGV3FfiOgCJEoSSrVPX9YsBCgJ6av8QiAnGqzg5SrM99DXRh8pGvYkLOriqBty0VFEVYUnBB+Xap1len7Esl1/jvyHYq+KZGvumOYPcq1bqdU7E+1OsxXFfe76TMnkQDe1ckTARyEOBB5PfCn9k3cc3VvpRk89XkRMzIYzVwQEt8zL+tslYzFkpDnSqwkwavejzkars9n0igVwNgWvkV/alTJ9bWKysbHWajRo5SWHvrxSrq2GfZAAeq1me7NRKBXRf6DQ3lqAc8lVRLfb7ff6vh/gGx35U460Q4dv2ry4fOGlU3EYnj96fGJicmJuZs+B65qr66eefGZqZubmyUqlMt2PEltLaQ8kC5/Jh7Ty6qd0ATDs+rV5O7tWr9tR0lIYhnNR0+Kyv0hGnh+aIespROfV2jcl3HFL0GMD2BFtV+O5Ix/lHyX1ccIG/KyY0zHKNLoMy8eJ6jejoMEXGBmNOYmyg2TD6yhAiYqQLozsSlp9dR0kJh1zZ+t0+B+xL/9r1m9slWfXm/jUnblrf+Pm4OnzyYnVrbZp7p9yZLbcxeDgreHdr4+++vAWD/JKrfIdf5dtmXiqWsn9ow4j4m/wSxM8XjVJQUyGTtmBi8LqLz6QKz0ZQ1L940e6ZDQEK5T2awKoR2uO3HOIvectIz2cyIn4y590Gi2YDmfXk5+4f/vveNs8+2dvif/Tp92tQ8E8/CJ/1y1iqrhVHqIIZvIqwXAo7oQpaSnbOcLgTpj6lTEMbpumapU33z2O759rlN58zw2nLq5vNK+ABZ2PQIBl4QuIMsk6O7niM1kqQaJYtLrsZUMlRGYwbZmGdiNXi9yMZcjSXSkex1Plu1BXbK8kjldfeF1z+fGTy5uvPTT3ptv3LW3u9otzaRHaoGSe0u9Qd3nWK4nQAeG4du4sj743K8Tht9++V2Y4u9rkTj3wblW7nrV0yImCaZRMkghuIzhTjshSXN32uJOr+K0PHTr0G7/+q9VqVZ6vr6//9D95T6/XY6+EdKU7Jf0Ug75DhDG5clpuJ9q7Sd6LiRbmzHVcFXNxXeW6dx/6IY8rNd1i6bq/e/jnHpn6+HuP/Dpuu9WKAIwEyrRHUqHQJ6TfMXt206jK1mSxZDZmDyvGzOJQtUU/ZfXgJYsdpKZjaWQWBRgRQmTribNMWXqciYngu998Q6p75Xx1s/uJL5/7gbcf1EYmmBq9MPqzT51Sbcua7um9Wt7WKlPVS3pvMVPBqrndM1Y5xC4dhZKxfJzw4QoEa0iY5Y/9U+QWiea6lTlzZcx05Cx7+PE00BANhFsPib/3pnG58zjp779WHFtOzq5l1Kofe25noBOr+2zESU6rbv+bVb9nM2SLJcWFta6xzlUmkdbAXgGx7FOnP3+qvdSWai3YbA+4JZhgGGHHec133zx7/YRd8vz+iTd95+FPfrmr/ocAABAASURBVOD5hKmw2LQBWR5fPLb20vG1gwemBusjBuqQq23uPJuyDHX0R1YbgridjQtuQ3b0rrcdpvX/9lsiDDP+SHB0y/MPn1+RJ/Ovv/ftv/hz8vpfnDz70YsX/2GlZOVMNdOfuLgq62Nn/vSZMz+0fxEReyaWGTzXW1l+8Xd/+/BP/mO2k2TkVfXd7VuZuTlEVZJJxgYzcJ3hdr6IaowboZTuFjztwu5/MAtJy3W56FWKbqXglgos8B3fg35A1IkcObIr+yLpOSzkPJZ0ywX/bFI719hY77e7/RB0XOVqZWp+zvEdQpzI+vT63Y2VFVzkJ1JZWpuamJmfrU3UvMCT1nHPpw3QJCAp3EmCIXFzn5yzbDdZHaLNbCCryLasr623mw35/mK5PDM/X6lW5Is4z7BCsmFp/mMrvVmucOsRwTS9NRkuU3Wk7WgqyB2BFbgOIKK4iDa3M8a2tj2zK5FstdhgkSRFDDiHpq+QIO5ENQq7OFFdqjGGFD0nXdplW2euD9bE9P/QDhBX1P1MtkwTij0VbIVapyr3HqRSVjGDktTzjmkRyRVUfZ7hFSx3KgYqYUtEIs+WyUsKL5aKxXKxWqsVigUIUJWgsRnAFoK2BkOsGfVadHCCYBSZAYL/xFB/jKsVMYUz0XZYYenRRG7oiZ1S5BxlsuYjnIAqHqRCQLmhhxMCm3hcB1oSGCiHChFWbQjGlFCLMIBOn4zrIfgXCPuhIeVa96iYCQ04eD1NOuUOn1QP1PfD/aCTXja7LSbXxOyJZm/ikoiFPfjNlVwG9nJN9ry2zDts6OAh6E6G/dH1bCbGxtG6CvpMA4UN5BpRbZFKAONgXK4w8dlJSucRV5asBKdDQvsLYKLLidDrRT2wS0bo04hiBDia/VkTgmvCxYzMSyI/EWr6hw2wG+qolDkirJMTtUcTG9roAHpA8XRM1RXNH9GDWusgFP00E0FZDvDI02WhWtJmxfFUYULIMynzQCAxFVfoskAnOWmAObQOhl+O5nmSoIUY3Ev2RBAEqt1DylJ3cOGbySF7cWZ+rtFonjpxamVlZaJWK5dKkiLCpi2kzdp4Ig3k0krNIKQbgUukoIahExM3TrR/GfOFhPWpt01Ojm0ZMsnMDFELWnm9Wql1at3VlWUpihUKBVfKekHg+gXZ+RjxI1EvTlgg1V6lUmtzc+X8+Zl6vVitFALvrttvPH1y7bHHnikUasvrpUKlIHhFPuIXuBy5johu2bvnOx947Z9/4YuxF8TS8FuqkjM+GqECvYdpaVp+BQwXoMJeACeWPA94ChiPYbcx52aRoYmTZu2mrzjfMVJntKS2/dL5GpOTbYUnYQcU2KoglX3oVSvlOlNYOgVBe8PV2lIxa8fwQSYQvQFCTSzM/hzY++30/ADIVL/ntDvl9c36+bNF352bnQWnQC7ziz6LA9bvu9LuF8NcZeCSAXb1y1kT4xY7mB2Om+AWWkcODBfolbzlYR7u+uippK9EB9FzZcEicnDky0nXAuoaykngSsml4DEyW0KbHK2xTSByj+MlAClRLabdgErrJGKIxMBj0g67ng+xdeIQFbhybZPwMOZOX5bsQuAqciqYSHGJF1jY60ciEloNB9sIAO9CymX4wH6x4BcAYAPTL4mVc8F0+RRktf2C/FAZ6RNOk+3FPkUcBlJ++6qwH8ALA6PrCsn0uB1n+MjlKpwTTfBEUphSbXKyJU0uySYgqVE2lB9dKHNnzG0MJtYP4H0Yo06tl8D/DH5yjHiG31SgRxQIZRcUkgJ4L3dYkjDj9WCkjcrNSpEGaqLkSYTvSdmXJf3+saefOVy6u1YMup1WoVwVCEXvwyhye+3O+dMnd+3bJyXj+kR9cno67HXbjc1eq9Nc2yzItUOlnAiMbwcSgYuaXGAWAOLu9p1SEdgJT9yiV65MH7j9ppXzZ+UkWjl37uKZ2Yn5qenFuf03HuxubDzzxS/51cId3/QAgK3IdUoUI8eJtfAtEFDF7eWAIbG0SuHbYSIvbZwMPpVh3CPyDE1XfKn5MknE0h29wNXXLr9U+neEgwWuBX/jY5/ZCwR1zVZ/5BQBXDvGyB4F02iS9Fw/pY+mNG7fEGKbMrlVJs/iYNIW6EUkhsjhuiVCC8kOeZsWhD5himBALgi841DoR6b8qaNM6RjGOIb8UJjmr/8/xZmPiuUvsfUTdhxZHlTE1C18zzt5/abBB+XL/re3FR85E3/mpfDocmKH2pEM7dCs803X+/ftGb7FpPJtfye684Heo5+Oj78g2hbeRc7p3dcFt9xbeO1bxpQ21UJQ6HOWUR+MOh8nJWKkTTuO++zlnZJkRNWtTt3e2UmWhW/9c+t0cjX+ylEIPQJjOo61zZj8najzm/fyn3lrYYtCXlplG5uMFOmPn+Ts/rG+540z7B+/Kf7/fWqr3U6Sab3vGf4j925VoNFv5XAnataPwJ2wjGFGmSmFFn52hDt58z03eO6V2QZwRVLguW+558b3ffbxMfMPn4BbTN7xnJ2wr7ukl+N6WA12AR/i7MTGO9mGEaWyEcLq/qwHETr3g+rE4hu+eOTE997Pvvf+Gz7yZCtOmP19Ut7HiTWqr6X4dbZMZnxIiEwd7jp8/XVzNXn9yy/0Cv5rdN1t3xiq6UPLVHxZt4zpHsgABHL9mMnPrqyO9NChQ//lv/y6QZz8wx//iZMnT7JXRbJ62lza+gnDq+nJbG7aPq6UVEK58DSIE6NkVXJXQotRMiHJc58HP33oBw3ixKT75r/55OZzj174BFmbuPZlwhStBqkJSbmj11YpxkLX064/M4RqaCvs4bRVRwyCw8TASZpZYTWUEoOZeqoNgNaTNMzh+nS99BPfdYtdzpEzmw89cfHHvy0jy601e+/99Okff/BQ7qV//ImTuK3F2KXS9yoTHU8lVW69lxn2Jgxnd0z9ydOJ0mAMbbzIXBGZn2JgyIlhmS8lvfeLio/b3fnT72RXPP3IfeKXPpxh+K0u//Rx9pbrxy7CGEl0IdYmK2aPCP3bejSTg2eva3iG7eOE689OyeIcIofn0O5A5LGz3D75mRNC+SzhFFSYtCd3PHho/tAU0/KPKXnPwanXvPn6L37muMpPCBUOq5FPfObE3j11qRW2hpU9xOyqDz+yQT1qRgzO8oVs3/DMie31R/WSngc7S51nn+k//hgNaNvHCV15qQVA3t5mkzJH3f65dpdlfKKkS9ITiJC1M5/v9tOSdTY6O/Wnf3jdD/zN4sws23ky02NUa1M9if1UJseQp+jjSBIPdiDw9Sttt+ClM+p2wGF5HEozhVMOnFLAqyVeKUrTCNgGwEDB4n6M5hnWS1hLJB2PRQWvDxDCxHd8qdpsbjSb6w1pxSnXJurTUxPTU6gdjUh50W41mpvrYdiVVuTaZL0+NVmRFpNquVQug3XC5fZcIl9bdouQATmEXCT0HRqYlVSToO95VPfFsmn9fm91aXltZVnelK+YnZmrT0xIlRr5R9BsxfhvE0ONZ0M6z5xpI4uxzGUzjDVEzRek0AbKPJgQWizv1GSYYW+gfnzs9xpaP6wcMQy3oUMQMPLLrda8Wn1M3k0s0RS0i3EUWpZm4vwO03stae+7tdeaapJYVkiWY0BGQaSrrV2GG35k7QI0edmIZlqJUCN0ll7hPLWUE2NVgjAFG8RmSqMlbSuVtkvwY41O3GLcQM+UCplKJJIsiKdzvWTVc1jYXMG0Q584lvROqF+qG7mpw5Jdp1AsSJXxxNSE50vbm0/gDCglSS3lINyhBxPUoENZYIbudcOwj2KgQDEQ4IjK5QCYdcg9NrQRledCKAmEJZosq65G//CmR+3OzX/CdIbo4BdoP2JoFXY9x/MLvl8kWBJtByUboioiTqhdCROMW3IgGGViwpr0uz1Aukn7ehSRYZFb6yCWWUnZI1kJX0lsKmzqTpF3MhSJHjHqHyxObclm9jJaiHSFxJwxGZgZ57YmPD+eL0cOs9+l6711SpLtoxMqmxof9SL6J78i0WpaM1I549kapeKovqyGQ5JjdWLAXTqZ8LTkJQY9Ug+hD3rZYPP/EVx3II3zUVIiNuSepl4Wc+EDWZgtINiR1wR5D5G/JHFK0MNYHPXkG6O+NB3Jn32KMCX5DXIwx7A/bp2xdBKbD8rNXlDqkJR6a7260jTC/FExCaTVFWK8gAsznMi0ddZhWlli+3NSRn9l+lQyJy3DqGSmvJLgp+BoCKQy9EqIM62fsFgn/GGVsD8FBByAvygEmC2EEgup2CGgk0FGuAUvSYedYoLGWs7J9xd0BGLi+n0guEEQcKp0YjEfnpILelZo7kGFl0qlPbt3JWG0urxy/tz5XYsLUoTiBEtNX69Qog5KNxA9BJuI/k4irgYIz65XsixodMr0iaqqmrhCaDonlNGwUAhKpWKhUIjjTrPR8P2gUq9XpcUb+RNs91WcFSwtnuNUy+VOu3vh3NnFPbslS6sUg1tuvv7osWPtdq/Z3txsNl2/KG3xcavtF8pyTAVJdPeNB589ffLxEycLE9PEvzzXJYaAe4h1V8L/WiVhfU3gfLHiPZlmooxpqMCY0tX2KSslbluoGAfoNuabxxnM4zRzLNyJjVPmAycmORZT1byZmxI4kjbX7iratKcrQsojDQQSDulIZKmhK9pu3AoKF8OotLRUKgTFcqlQ8BD65kCcpsCHbQgReiIB0x+RD4FR+ZR3JpkIRCD/QddrCNrgDkipcirjMgUC2QbCxVcncg0lyZ/jJGEf/KiEcRh3IXwPIMxgIcWEMGw8wQ3BGM5ZiTc0KwU1MnHUykSB1tApJThMgiEcKYfyIIz5XFKuQM4FUOm5uFUUgqRzcLgilGtKLivThZ4Ju74Uq4hw+kHgeJ5mvaT1U8q47FDhWVwwseIrNSqvfRqcBflRT62t1CcW9rHVCxdbGxuSRMiBI5QLRzxBRyZmBQjDFver4YAWeiHHyU242Syj15+QIwb8Bgm+3HTxQOez7GV1EJqzMFqRYAHEMuU331xZ8woFvxjIVRjauiFfUCiGvbDd2Ow05bQohL1+SS4Ypmd7nU4UAhZVXm+tb5aqlaBYILJHJjNESklOGbte5AE79yQFjngyf3DP4dfd/dJXnxadeOnsmeldc8W6LHBqZvfiuZeOv/TkMwt79iwcvA48/0BYKk/NKxy01Em0rBotLY5rrru0NJQe7ojOb0cDX7GJp/9fhRaKVNDnmctM+zghYY4GuTwcmi1Mlkj7Y2E7tE91bZey7vKMJSwRRtejJyAdktSHHO2ULQe48Ejy+XNHrn2c2FfEgI8TJYYp0QPgZTx1wEdzV9L2BH29McKY6DvaGwpP1Dk+jjoUpne4ccbHo8Lc43u/Tf4NubPdo/ftcUchS7ZO3p4D8o9dXtIjgelNCCJzh6drEzHkObOIG56iWNAWryHvba6xl3fqhUOW4iRyGymKq5m2zUcWVj9vnY2NzvPBJ3qglyG/JgiOwvOEghDLapWyr0JwAAAQAElEQVQK4p++rcy2TOcbKky1rHq7zboRK463EeC2efb2m+OPP5uz0mXSl447f+euONhyLOu5q90R2btsNUlSOqLRuBO9Zd2IBWMxst2zkwd2vSwC69jp4O7pm/YtHDl1YazcPKOcGT7zBuak6jozwGjU6lJe1ZiT7Jzbcgba/SNEvncznabz28UqTydmrptBrr2S4HVYjBw5GW+0o4myd9/N/sNPh/ZTXPkdYUpmM0o7y5cJT7f1CCMh0y4PrAP/rvthP3c3FF95rqu0RlQHrLUwqIWcxxT9LnseaYpEwoCC14lBmcJoHcfgdztKhDiZqNfZqw5xcglplI8T/RFIliPjScLUnlzS9GllqFCWMDLUYXYVg+CO6dsDPjwo2+t3f/ujFz+J4AemPGwZrydcYXaFWdim0hrT8WtYlgcKaxxC2lIGFtYxn5PzVKUx8lFsHSoBWOqKxUjCqSLbaAdNDYekQSZjK62zORXeWQitp9TvtbnVd79+7pEXWudWu5puWJJCajSl3hYaN2P5O7HbmVZEDNQxdxySss/umCs8/CTJBmlLv+k1yd6ZK0sPIB2aYXdfnzx+wmFWR37uJect129vO6HE8z+5dZlnbYQZaSd7hWcLTI0FwqA6Rvg4UU+N8HEij0fe/zyiRmCKYphpRM1zvnDL7L47F6g061k1km+9Z9eZUxvHj6/jrkBmSmi2+5/94qm3f9P1/FJ9nIwSr3KK6rRTeC5bKqmp1Ro319W1nQ645vv/gkwWiaZgdKR/rq9ISXh14/Fn/vJHwHmJPFm8fhd60GUG04CMEf7ZXy6wFWZnnt8zK5iGSGgTldCYlRN//t7D//AfsZ2kQZ66TbYtOOlAT9HMjR0UGgTzBXhhB0tEPwRtpiOknsotF3kVo+oEAZEsDl5D0HrVl5on1nNEz+OR7/UZhFCXqd/vdVrtVqMle7hUqU3OzFQnahADWqqU+qLX73Q7rU6rIVVbhVKpXKtMzc5MTE2VyqWg4BP8UYvrVqOGjyKudg8Dhj4hp/XSiCP1qL1ej6M34cbmxurSUrvVkhWYmZ8pVyrFUskHH/OU07H7JZ2KW3Wwyikso6+x0GUzpyPWbs+g3V1FYFE2D2N6T7mMikfA8h2xUzXX4KtHJfvuiJwWHeO0PNQDPqEJIoyyRR7B7beuQ8auSe5b8q0zImQ6l0yHD1ZJpDZgYZXAraJGtjPzXhJHeH5UpDNfVUEasBwViEZfx/hNkKgrIKSUQj7p9QE3FcsstnIqfcqj1rlpf2BsBoqaJm0J6HlOaF+DiBqBF7m+VyyWihWpPy5Lq4of+FQ4RI1IEAeT9agC9Qxj8sWC4aeksrlPUYEYY0ahl5XBGNkjYlJ2YSmJ6YdMAxMyNrNhKZ0yatQwY8uQ/QbvBmOQJ02xYJyVijKm3PzgnOXMRFfDzwOdwtAzI5p0+91uq9HodjpxBA4dyNMM7O2HmB2uGphM6+mFrk/aL1ZF84PKOrVGYX6OpDdyTJ8zS2wYWB2mnZO7kkN42HPhlZUy1RZ6vKh/9Qc1vUJICzh3hkjWAz2gAiPYole+J4VZ76hXKwfVQwjjEIqtKpxZTLDLT5dWnjADN7ewNicAxYpi1GLLBkf9qNdD7yZ9IhoIN4nJkuSC3Z+n/hmtVnMnVd9pyqCqimZKTQCFdimhV4nwkANBLJDCq8kLbgLQ1osrkURh7Lihe8wQElVwYuaqej2BQoznKGYkOKHsC3b/cHuFIoykB7gTcuyUABBNkr4egDyBRCjqd2XC6wxNhvMZHk+Ciydpk8Pt4TB8ilufW1I2SegXdy+uLK+cOn2mVJLUv0wfL50vSkyHNxEyCCC7EBcxAmkjTiASiPnYbIS0NVbDqNLptKGuhPhJ+CGkkbJULtZqVXm52+2ub2xIvlYsVVw/QHdVrnC0HyGoK5dCYaVSXl9dkw9KTlDwg8OHDzz//P4nnjwqhUiI0VOZkiNccC8RvUIJXGAFgr/urtubUXhybR1e7BbipO8q3wA01ByzbDBfIZ3zKOarOBc5LyavTIL7yk4pXXCNQJkVzrTaiCn1AZ5zhbMSLu4Sl/+7ses3fbEU95xur9ZoTTSa86xcLRcBcC9nReDxOFalJQoio9yZKTMfkC3BVOBEeIHrgd8mxn2HKxmR0+vl4OlLwhazKOJO5IAbHkAeh3LZRIgA8O0E1Mulzeu4gEFyDEU6PCWwXM9aKBUJl4acgI8UDwvAuD+SgiU98NZE8F/fLzhIiaVYBIQM6bEQETnfgyO83Yl7vdDxsHvhrR7K6SzRrh6NiLIVU+Kv4mkh1DIGxFjJ6upTk+Bgph9J6ZIChzKhw8xxwyDJA4EcU67CmnPE0nFyP4hUJFaZ4yQxJ44cLBwR1cxREjRTPIvn9CXDOlwvhvXWBwhc5yAQm68tLcnhvXj9PkBBCULLc0lN+0Ev7HXXlpcX9uxBMJNTrlaqk/XN1VW5Dui2Wptrvut5hVJRDn2hjeskhQP3CEMHQVA45J3i9MT+Ww631honnzmyfn7ppaeeOfyauwvF0uTiXKvZWDt74aufeehtU9P+ZBkdqGNfYQg9UlFxoZdZVxdbsrP0ChWyX6nJklgYzyzo0fKk9IkVn1cmg+xzlm1DpMvrPLdg6QrVup7SN5EHUKL2HGHAfBsfJ8ycsxE+TlQJenmjYWOUwdFbLpRrBNUKhptMEiIpFkVWbTTLSZ5tx6sw8aw1Wts9hf6U6sBTU6r9ifkoUdok0HskYug+imRjPCv71y71evHgRYiZh8xJe1/NDBNh2bLoEh+NSTG6fpYOsZFDTSqGvvBcF/hMTDsDkEGQyziBXk/i+G89UKpu5eUE0vlNFkfMzL5Wf1zQiUzfdxv7wrG42XUs7VuGi4YRe+QMe+P+bcoxmgA93JiGtJketfiV6eHRuBNt5dpmNH7T3YfY5aVGu/fCqQvHz63KzxH4br1SnJmo7JufnKqVL6fY1922f1zQSXbW5Weg0bsNzaPOBi6Ml4r+154OVgo7rIPFhQbouTkz/CP3pCGPwt4IZzs7USmllSztVMPLcGRyGz3p+B9+cvVv3j//gw8UHjsq1Ud6yGcHuaUWS8m0zUkNYRbW3ZsPeA/cBFTgk08th6HruTlqnilTv8t4JlM1EdZWeN1TQq3ZdDkZjTezvMGwK5YOHjhgECerq2s/8ZM/NRRx8s9/7mcPHdpqav/qr/3aU089za5BGkGCrlSfcCWVsQEFtxl1ia4E7A5X+jv43/g40Ve0BxQt04m95YVR710s7ZPWAnCayxIrerJgalVlez0xkhsNGjOIuFXPQQ8oY7bd+n8HD2u8ssONGMtVtBrH0IEsx4brQ/euDi5e1Mpw+Hsd+72MGX2Keu8dh6r/4C27/sFb2H/+8JlPPLFOm7xzljMswdHzVHk6YamnEzFQNWHVlqXC/pDK50rYOvNW6fPPs34vxfRQI37kzVeLZXzf7eLxE0z1BqYTS3yty7aO7pdN6qNdMcQJT38ZdT8TWfOr1R8Z46xWd1C/nfvKuca5plTdClrIM/JcwgqTxbu+9QZTmm0FN69/07ccOv+HT7Y7fcSdkMMHyPvVp5duv2VufrZi6iZEpg6jjnbdRnal1S6z60Xf0ltfuZXZfoBbbxo7RZsbva88KvQotT2d0KXv2j37JyfPbUbx8sOPyWt11/nOxRnGtE3DGuDy+ODCzF+cXW7ECWWuus4756fSeD3awmHedfavP7gj0Akf/ClGZriEOUOP4C46ZSSW//W6nSjqS8VSoVjwKxBVxyuX3EJRqpVCCMwhFalJnyXtLvgNENKs7nuR78iToBjIRU6v02mtNxobG/K8VKlPTk9V6xUv8KU6tN/pNTbX261NaeCRU14aR6bmZqv1en1iQloiQObQRJ4SMYuh/stJsZYOYGkCR22qdpnB+71uY2N9c30j7PekUWbXvn0Tk+D1gUg6wk3Atv010SnZL6WWkjnc+DhxLCMfV4pIzgd2k4oruOF250lPBrVKJ3AF+ThRhkkcr1ItbzAluYWf+Ul+OEy59E8qy7LsxLOu5JuvpUmeysWDFc5NoZQ4G3WnMvAPfCaEdmh8hbqinR9hiiBcQizS3ILla5GuCvjQ7cE45HFsx/aaQEdr4drjsCwe3Jfi5kkBqHSXF0qlSq1WqVYN3ESBmTSFwzAxzFjZVOiZMDRudSLZgDBMxxUNPoeZFilPA1owJK9YWyaxNWWS74mNIxEa6VJk9D2GYTj8QuBBWHm0nTDtrAWPNKiEmjKAqEno/zjudbuddrvX7sAGYPW1SJenTzL9PUwKG48sDBmEI771lUrmXUNGzteClG2ftm2/oEGei5rG808KMUZpQ3pgOKHI5KAZJLLrWfXscAah6dsVpb5m0Tx4nedzbZWEzgV8RQEAcW7HYT/CwFIRuDLCZsLUQ6SJiubJLE8nyg2V4UMsJ9Yq25Y2pHF6lOg5bdcXCk/o4rTWuBMkKkqeo07EGc3NUNCNwH8RRGRILmMqRBAECeIavJH9ZEYkoC3fxA2InMF26lihbRKEo4G7NgVKA9cfKYngVxJ0ohS2HHfQqhPLiRlVCEUXB5CZOXeU235y7tTq9YXFhaPPv7C0sjw9NxMQ2VaBOYaMfvooiRaGeOKmMseVGNR5qk+LT4ih45RKxbhWk7960q7Z7bnNprR0lis1cLjCHGV5cZQNR7KxycnJTqd78cJSISjs2rtvourdc/ctZ89eXFmPNzc2iqX1xV27u90wDCPX9z2fe464bmbmvltuPvvQ58DID13hA+tSy5GE9ifCIolnEJHEKeVEwXW2FA4D7For7ivb2eL2G+myE+mM7NHEmbVkM2KKVpXCHEfqAkASDNaUKNyiw+XCuCVneMF3Y3Gi2S2eu8h6dX9hplouSSEjKfiwCur0eCgFr8RBwzgTykcFQ08nHHHTcpBEaJ7yXPScwx2PghyA4sfHV0OEBEAnSIkQPJ0oWJ18sg1+pXoJeNqSkw/0rQKhCTDMlLcSx/MdjLKiFUwkC8OM8JTvUhiWZIgBQpVApKwYMcWRCBUIAJ1JeXiC/jbAqZJwYgclQmyEpP1hv99ycNM9PEeivBcEhEumnfNK3lORHtLvIgyXMd/lVZSESB3zCArxiLG35Bq1OjnRA9d57W637RB4SGQ6B8ehQwY26D6IRQSOyXHnHbEqiMVjGAH1nOJqIOiC9o8bGH5GYc5YRus0kLRuSpXtgGgjSVprc9MNvMnZ6UK1ojeeAoMIikV5u9VobqxtzC/OM3RIVp+elg2MYE9JryOJs6TN1SqMogTu03JPEkcKwwnCuueCOzXPDUVcqJVvuOPWtYtLm5IPnToztTA7t3f37uv3ys7buHjh/PPPH3ls36HX3O5P1uRYdUgLrOQb2sE6vGGKy2eED/aNdC3TVWZ7Q1aJwliMmLYKaF8jXBt+lQkp51nEOueWlWtICcauMFCCNk7pvbCK9W/v44SxTMksa9tIKZXqMwAAEABJREFUlZhmtwNiSihADvIWcNmrr5Mgi+F1yChAOalqDIGLCSP1vsbOf10kvsWAHHmPbz2KqxVP1MRwqb/5O2ybunA2zES8o/Mtjvabhp4Xr/eHXJfCR1OYV+i7RGjHWpizYdlytonB9KWXpGCvIhPDvihEKELo9gT3PSdiYcb95sMB2y5d2FCeTmjmdvqMjY2X8F32XXewP/xCTBEWaPIIaxErjw+f4G/cP3JIiOxGbpHBnWh1BNe2NqauMw3cESJn6uY2Nduaf5UKwa6ZOrvU1Gj3PvLF505dXB16d8/c1DfdfWhxusYuKc1OVMvFoN29AgGn1Fjlmf13zJBKewSaLOPx/YUaq5fZZpt9rdJsnc1cCrZnO23pMApAfWbuqGFGQ3HoG1LCov/lzOxfZJazWdT++n/2mXPfdufMTNX9gTcEf/DJntATgHMKBck0v1O8Ff5JlB8UU02DP+DaZ4k0vvyzd8Eg7EfJ73/sDOdlxXhJ46MYIl0Z8HRitHVqbmoNS9p9wu5QLc7nieEVTO9+9z8hxMnGxsZP/ORPnThxYjDP7t27f+AHvn/rcn7iH/2jd7/nn7JrnsQVyZLNbfk4GZCImFrFc4pWoAg9LTAEylR6+7UwvgGE8YzS6DdHvbef9LXTdZfEKq0TTH2csFTSM1dsLVmmntyKrcPHnp7ZKzvoOkEuozVQUcWmIUSIOpI/EmoFIUKcZJhialDvJ0ZQBeolx0nL11pdVb48/uhbdlPW9zy4JwjcD3951Sgn6GVMLX7RU4uJW0R7MjJb6VJtrdXqwZ+5iqcZrMw7G5OUPvNMCgKlL33DdWL+0vntNml3nc1PJhc3HJvvP32Bvem6MQswiJPsVZ65PRpxYhdkXya+qphFWjdL5uEWppDnruB52ImOf+I4zElHYU0SRMjLJctrv+cWN3BZ5tmMtx6ZymX/bQ8e+sD7nqe9MRgeGxUj3PnwZ078ve+7VQy8cVR9BuvGTDv49n2b6yNzK+XHOgLKGGXmU+uhh4yPkxQdwtQ8kFd2lYq/97rb/ujk+ROt7v5K8W/tnV8oFy0fJ6TFV1bX+YL/63ff+Gdnlk51+ntLwd/YNTNbCDCPonXIKxOh39VdWVp58omZO+5kO0x89JUdsc6hmWOqnXJPITVrzPMCv+AXKyW/WPRKBe6DKhX8RgsHIlYI0WFRUypPpfZMKjMLnvBcr1SU6sr11bX15eVuqyM1UlPTC7XJCamw8nwXAolHYWNzc3N1OYq6pWqlNjVRn5qsT02V0UDuuCS8KKs+VhTHzlbSOQWydbQVShr8ZU19qQpbW7nQ2NiUxRVKhZn52WpNmuGLaIdRRJUQTdp5QIZw8ausz7INmcIkbIFBBmQgGpmgM1e+MuZkKK4ll82+ovEWCnZAeydFag0wXD5G4w6hgXDDs71mGyg/lXiZGPrqLVqTiVDMh4T/GGWqN9Ob5Gdi7nbn0H00eKpgCRp9IvS2e7Baou4/3XNi9s2MGlRbDjYny4h5orvayM8YIEHaKbnn+4ViEcJUTU4W5YSFWPNgTRU4tRORIoGkeYXUxTG4W8dpI+0gWG09FrmmE+oE24bNF0b20z6Bt58rIje/UBfBjS8Z2A6TxK4L7hDgP7AbekAQNHyM3qQXRIIRtJcrh3mwv1f5aIkwfk6v22532m1JDNR41q6Rk4xfhGHVvPwkrkgpw1MqKwydpFfz1Vc4KTZqiT7CGka0glYSJR/6rJWGOhVm6XLcwq2lR7KoDTglzfYqTWlh04GMuEZr9UzFh1eV5y9sl8TYTD1LPx0FwOAEpkUcRQyzS84N9G4ipzqizGJl009oZqVaODgS9kC5ZeapvMjSZYWiDuRQgM4dfctRcSEoWBpQfWmwczk3YBNu1ATYUMTCpwoDjDhB2gmhsWjEH4UWv8jCquRLR4njWqeHTMcS1EhIcEw5ED+sH/UhzgUiTmKMK5Ykas0rmA7iwYaG17m0xPUBF18YP0e7/SQaBw1FCcClje5K4BWqeULJxkPnOJgpXICMLOxaaDWbzUbr4tLy5ERdCj2SkLKUamQkD4QZoSMucskVgZ84CHlglzwepjVlUPqXUP+lNzkVhf5OisViAt5l4iBo9MK40+lsbjZcLyiVyy7Gu0mUzRsM77JOpVJpZmbq1MnW2vLq3NycW3YOHth9+KYDjz3xYqPZ3NhcrdZrxWLJ94v9Xh9soIHrR/2Di/OvvfWWh556lhWZ61EYHTetj24g9Yy2MTGt7+BC2Kq3VxJ1fbkmPg4BFJaxX5OaQU2EsCl1yg61IkHovbv6vRAzFIKMeXKhUuq4zmo35N0eu7hU5CHG9KwUgsDRZcc8hCWOcvIMIhbRM5itruMriQgXKUJF8vLkKltvOuLcowhYkrqEgkUsjGRugAAz9J6TtMEZHujFEpz8uI3XRe8TgDyDUIboAwoxCtRmbgylaknAlEoK/LegZJ10kYTB2JVEPkT3Ex4vOBD6hBzHwchmiZtwcNGiHHAkUdzvdCnwEa40hOuBTyrHcwUzgZxFhumlZ3xsNvWKTFldhtAYH0fK2XLh2m23ZNcpP+FKd5oYuQCT4phCBxQQiR3gg8i8cCz3/vD1wHVK5EDQJ4bGZs4z4gBn2XdYKVXzMRXMTG0QTxhsaGhvbF44eXrvjQd9P4gxMFMYxZ7ni6KQHHF9ZVmukGsTdYj9BPFuO4319ajX73G3tdkoVSoVv456F8a0X0psNTBR+QrPc4Ely0kWePWFmT03HZTX26trp557oT49KRfhC/v2dO+57cVHv3L0iSfKE5X9d9zMgwJTvmEcpd1NlwrKwZD9LZheENInEdvZ7b6RXmlJi4DWr1RmJ+FObxt4YSl89HRHZVQ5jQd0jRzXz3/nbZV6AbSfnznaPrkWCuupzFuUBCCEVc510/5bbyrrkTfKx0nGVmfKsRoljAghzF5t8F2i7GGWiwnCkRDJcZgKr4MFAhWhK5AfnSGpc9ToJ4R7ZOM67X4lptTOqLqYsyHOTlhG1siJHVvIcoQ4EdkFGx9y5LnAASOOQ5+92sdsHSTzr6pIEwZ1bzPtIc5O8vNwyFdg2f4ZTI++1EvQu6aIlV8TYHkxasMxtvHfeM12Tk4wXdzgieXApb1DnMPbDvL3PpZ0ehQsM9YTB/fU4vHoeWCRo+IbEwExw0utboThPkK78tTUgg3BnagMLF1NaSqzVc2LwaWvPY+fX/3Q55/uh9GoDGeW1v74o4++9d4b775xL7ukVAx2ADqxJyC3iDn9tv0S2Xn07E4vpTqXMdLRs43ve03pdz8XJYJd+ySXud93r/viucbt10/s6EFrRonRU3DorZHt5LnbWUKptSpZ2qofkFe8wmS32fiNj576+Xdd/x13Bk+cjJ84GmldOctiNNULqJz0rqmiSO/K8n/qXfW5CRB/f+eTZ9bX+q47n2JWhDUEhKLaPFumzcEHe4FbPSVISB/oNcHGG0zjpSNHjrzxjW84d+78e/7pzwxFnDDwgLK6srIyMzOzRTlHjx5lL6ckmNjq5rjPcn1Mv6y2v2JsnUTF1qEj7fag9TcjmQr+B60c2Sqf23juXbu/eehLn1z9ItJcV5CnE0N3Ka4oLTQykgRtVhniIk1YR6bI1cjExXbdYfULs7rDkDpdHYXVEAT50EyF9n9YmlhqDIl9bCgaZpDLcDbc5kSqSDFQPtYIyj+4p3LDQsnk/8m3LT53pnPyQk8ty7giB0IhY3QrSMDNbKITWY28qWcugxjor8Ero35uk555yTFkhrj/m29nVzW9dr/40JOZK88v8TddN161efaQObJhiBM8Zi+kGgSev2i0HCpZZFGI7F3LjwgJjC994ljYA2d0BnGCunxx+C0H6vNlKo2npWX1yVjC3n0Td96z+NhXzyPUkEoAiP255fYTzy/feXg2rYNV2uDRrhuzhpuwpQ6WVRrk5kGmR3XdtTVJMRSuNGLjKB/ClaVoZc1fXOh++UvW2lB5OjGmVLqyq1z6mcPXpxRQX2eKLJLJVc2duULwEwf3pJmzJeeuyOP5hz43sX9///wFb2Y6mJ3butrZlgmrRwTbpt1iWAn5YukE93ZSk5JQRH65UCgWgqLU3XuOtFEHgVSNhbEImejHSVtqooToukxKCVL6dEpFVpBrGx4mSbfZaqxvdFpt+VC5XptZXAgKAXhi4Kzf7zcbm51Ww/Wd6vTM9PzcxNSktDJIA7O0COD0Vzs9YgsIogUMMYpO6pygFAyCIAyj1eWljbX1TrsjdYOT05PyLYUCLHAccOnvUOhzssxRQJHLxHPY5rpRSVi6cqZHVOYimQy1tw9SETMLd6L1zMJ+aU7xnruyRWXymUc8ZTfKZDYwDhOaimLK65IJLgMVRrWp8m2mtsA71vZIoviGoIjctgAxyEfEgAnM9Ey2kkYiTad5dvlnF8rSKWUZKoZ9IyiDPJ0QBI0J5UeEfITIkyhKjLsatt2o2CJxvT+d6SmgyYj5dFAXsCtIJa/vFopBpVaVthM5Z31f2hmlvQOsy8ZiLqzmC/J6gPsYqbZhGJpq8+EIJ66IXqIENm0K4dl5OtC1WyWh9pAL5vvS5Ohj7ASpEQ/Q8KG+LOHJhO4WehcZgMB83JON6AK4BvAmfTn9+7h7XsC8drHCCYFXhFC4G3u4UKlpI63KDVurilEXhNiaQF3iMBhd4MBMN993DArwNU56jhotjrqsFTiWcMoGVopDaELuii3hsHTg8/xjIqXGuWKtiZ8hAtYruHU01GZUHZklzdh1y93M/R72HfnWHxelPYipaFwYRbD1XZo+pRmy25MTJJFWUNpkgsFGLOqpxCsEhSjsiki44UGO49jVUisXJJiEMVEHPFEPuPiH4WIQUcoIekjvI2QeV14JiKZYU9OQbu1ogOYvSzmOIjs6tyUlK80pbvtMYkLfMKIF6NZJEg3ZM5J8EvHm2BxXbVg1haC+hV3xZC2nbL4OyXUBQYe9DxKAYfbWWHCsHlL3UFwAM4UQ1Vpt33X7jjx/9PyFC4DjC3yXZCtbzteUmngyvAjBhrKX3ezm/nETz+sV1NN5gT5lxnI4EO6kWq3Gm80ojNqtVqlUkixADhdaoArS2xIux2W1amV6YmJ9bX1taXlyfq5SrD3wurtPnV3q9NY2Ni8WVvxdi3t9vxL2o8BPnCiWPK1Srtxx8NCR46dWu6HgEXMCerfqUhIrtaIAx64ByjChSA/BaMmwzK8gHX+1JaUT3Lp/dsyZrAKp8xOt4qQhEg9/jUGcaH/uqUQInh8gwlMvcNZF7Pf6s6325MZGrVyZKhd88KgGrQjlH6yEEAOOwwKgUpoTgInddaRJJU5oCMFam1MG/L/oQKQycP9YLMSAJxMxT5wYnK8I7kuS5PZZKwLaLKTghcHGAE9MSUpjSJb8RAp2AW5vyveJUEocjj7rkNzJSQN1Apcb8F8UyaUaIEfcwKXxjrA/7ASAHOpXJRCyR0pRnQ72mCgwWBAh49YAABAASURBVEWxgo9wB01VBcuuu78ukhgkhvgzSiKXu3JxOxXOd5qtTrOJjpOY+igmKRybi/5iY5E4wIQ4jWHZyySROnoRJOzFGIStjCmqNzcczlQgLT8zoWih5epTVRTxYojC5DmS8y2fOT01P1ebnoZv6iGT9pjPi/LRKOxtrKzJVQSwBIdX6hO9Tqfd6EYQZEcu21uFcgXcD9KslG11ISYTMtYE3QlKkQI89MjFkBMEB++8rdVotFZXW2sbJ587cvCOW4uT1Zl9uzdWlpePnjj2xFOLe/cWZ305JxIc/Vwh/BI2fM+D6RvGjProGg5GMR748hvpCiVh6/8Sy0eI0AiPZhifXgM/n0SStSgPeTRmFAtCot+PSQspllrxqdXIzs/MLmrjE0VL8/RsCbCCGTSJOfJRPk6G+FBJ60+SEELQEmNkgPeleBE0jIPUrD0ogZMh5W2L60hv8gon+Iu6i+aVZNtFgkpSYjwfbixHDds7SpF7e4OZqrON128puq9tRq1u0upArSolp1J0puqe6279HOvErBmxvrW2lk2oeqzmjz+bh6oa7GUj6YTtYEuZnMwCAOWTp3LYuYcdhT7y7JFlj+k4Hnp+mUc2cM5YxkhGJjThGu6hxx7eGunsRF+1C7cZ2zhywLMnexSlEoGxwBkTPMKgdZxyib3t8Higk3VGvifpk20LOgkTacvJXLltj/PIi8JuG1ouHYq8ECbioy+yPVmXH7NltkhXtCjJbViTmuJ6pUjsSPWm2BHuZIsECM5LSl954fSnH3thnJyfeuyFXhTff8t1bOcpimN2ZZM9rRW5JCWROuj/d8D2P/XlYz/0xhv++Av9fsSuZSr67IfeWPjgw0e+477d7FJSdnSkvwTLEhZ7hmLiWjoS1jwVIicuibSs1O8IN55OlH8RhrulURdRdNzC5x9fffjWudffUPmX31n6pfe1nzwWMcNtNRc2RIhbXklo4ca0LltttknET3139e13ABF47kzrLz95jrMyuiNNn9WzVXCNRMl6Okm4xgqoZtnWTd0dbBjxHN3Xl5V+47/85l++730XLlyMR8+Obrf7D37sx3ft2rVFOU8/fU1i61zrZElEKZxMaMkqIVU/V+d0NGKXuS7UMkokpxrHn908ekv9htxrEhF/+uyHFNAfXaNTfvJ0xVO/JhoXpcUnlsUEZuvJbCin/TrO2KCUkZ2VuU7I/ha5E9VgXP2l8V9ISrSXISK1xKvrx05tvOkn3yuMxVD5LXbe8p4PUbheB/2tErLkHT//CcbM/kJcJuoVqdDBcLiRwfHH/Tfm8XP/6G0Lv/AnJ9M5lKrFhXWkmjOeUSBnusLSiTLz0Qc6LZc/c2uLNeNg6oXs4pLah2gk87fczK5qunsX/9CTGRp1dmP0MBlI3Bz0kQ9csnNynrlpnfFsTiWi8PRH+jGN3MVzV/R583zzwlcvQFQdnDy4bwrQJ9W56qHX7WGZZ9PRm5WmoLT779/7/NHVRjvEmMSkaoVF0CcfOXvzoenAd+waDtYnU2b2+tAk7P7kQzpamD40kjDnxkIhlLg38gWwPv3A+xp/9YFwdTlEVxIRqdqkRQFtIpSJaUSIfRRITzJX9JpUqMDvGV8p+ogRxC2SKrC7q4Ff8qUOkBc+/bFjH/urCLSLMZ+YmvmeH9jzN76XjZEMR82y1i1yDv+ZeZROkiimDy3VouCzJPArJamAkh3U60fgLSFOpOAmbdStMGxFYRfGhu9WyjIbL/p9ac3p9Vrrm5ura3EYFSu16bnp2uSEXyxKo0cfXBF3261mc3NddsDE7OzMwmx9ouYXfNxrS9SJhqXZ1zF+EvgRwIi+0WxJe7NUdknmtbB7sVKtFEslssHTx0TnxYrH0ae8IuF1LGGZj7o1eJJJ2v5E/w7NcwW1XlvXyuJrmYtGNWqOtrKUp5vZleoBPi32PBbo2PY1ipMyWC02Qh0wdoeIgZE9+CDPTgiybw2+KNNY/aCWgdAYJUe9oKA06OAEbmGQhsG6aQPtuCNNUxVFY62eT3QnQVyEQqlYq1eLJcBqBAX5P+zmCuM+w5AyOlSToZyqz7uA0ojkTJGmCcJdkReBLHwnWyGxVeVtG7zpu2yfZfMb5Tw5fXedoFD2AG3i45jhZhaohuMPFf4DvzDExYhjSVU6rbZsSAjQk17Yh4ghYOQGfuCQrsMIQhy5oTLhZKs0dF4NGVtbfj0cRWKwZy6bugx7UaZ8xSHZZaZsAfzKVdteAOpLin+ruuutgyzfyQONEmI7OQ0XC/mZaxeQ0q6heexb3BLgVIWsoW4IGh8mvAy+9IokblMvkeq8UManEDEYJiZBP0YQTydCK2QYgZuTiJxIEE1RrVAeSqAciqRDL4C1iRZXzZSkxuiX02fTXk0cc4K79AFxoqOqcfIbxQb81mBXJ4KMdqkiL/3ODrgZiE2wV1K9E5901Z4zqqHIdBFnOuQZRq2Jwz7ib4BMC3SOBEvXxDFCJWVGO65gejKBXY5dnYQv5ra6XwXZiZGfoAcSO8JOjoqmP7H/QazBHvA8b2Jqat/+vU89+UyhENQn6uViEcL14HdRY8W25HMQ9hgu9wVGhpP/SELsYsQ2BdDTg3cc+SNRddKz2U5CfyWqhlRllcvTM9NyuDaa7U6nu7m56bpeXQqMvgeCoCPt+pELyEFIxWJxfm6+3+2deOl4dXrG9eO9exff9MbX/tlf/FVrs7W8wgDWJBVXpYlut1/iHsRBEXy6VHnra1/74Ye/tCKNpnUfA5qgxTQhwCOuHjJ6J2EvMSDMMLnJIW+hoMVwTddZNFdsOf1f/Unx1zSq4igRlu0oCWs2UgHM4ql5uqyREVoDqoJvwYbwmBxCOxiwUJrHvdhPesxdF/GJVrNwcTlwXX92fnqiwmWGwHMxsFY77lAFCDEnMGoOAV/k9PQAoxVxhLYpJxiOXH07PiqmiuApBAPsyOnJ5epI9k0vkTKJtPQHAcZpibtAm/pyRQI+SOUzrkMmDnk5xKBo8CIvQMKe9gInvyao76XeISpIED/UG0P/xFEiJ4vLwV+cJAs0qMGRke/DwrWfSHqoya8sOex3OUH35LLO9V0fXbKAZyAMh6ZdTqWYNxAuszAszq6WM8aXQzLMnpG/GAeC7EzMzcZR3G/3YPQ5Qqs1kZslNtFFGAgNIsHVmFbaQZYYEywus+Uf4Dk8A/lhOvv4NdQTUNbKUyoIRr7Q4+Ti6TNS0PZKZS58R238cxLPkx8Ul+jNUqUE9LZUqtbrnUYz7EPwuU6z1a40pUYAAIMeABllRZEoOpK9gqJXDnNHrj1kz/AYg+xcd9vh5urayokzy6cvSJJ+6J7bHd85dNcdrQsrJ556ZmJm9t53vEVIFYCcKQiTBZbt4SiVJrfEzHEjitm0Q8kJlszwjfSqSSL7w0ZsMGYi16SiRKqV4+lOaHPX2smd8VDCxJASctcH8+d9nOinsksOtSRQCohc/eGaw7XfJKANqSBoxRMXWjpRXUIkAAPxcNIPcG2WSPRdLbqz7dLR7vnfPP9n3agx9O6ByuF3L77L58MhJJvN+Lnj3W4v/UzLa3AsFvjN1xfr1eFPSR3ip84nLw15IZRT8dg79/DZwg7msu6ijLtKW07mbHuaOVgVvs35mD5OviaeTkbUxNbL6H9sqqnXUSQ70bAbLtEKs0NM9wUbxpg2O8mFpRBzaJtxzOnI0PfJm26psPHS2jq3NTbt3jb5fYd9/AX25KkMs3CHL+MoD//TRzJXCz77V9+q+4nsknw47sRIoHqBNDbuBB/cenButru9MCr4O1uBPvHi2UHEie+59UpZ8ve1Rit36+EnjpULwR0HtzKBDyYpETTb3S0yDE69rSfmqCuZ2c2VDDX+pP7i08uT1eBffffBP36k+9TJa+QA6jWH3O+/t/DHn3zxsedWLhV0YtLQWTj8FleIzKwGTfdXNqvuScPL1KjOYCWZFX8kKM52m2d+5X8e+cUfvfWmhcL/+q7y//Pp7sce61s8l2W5ZL5MoTGd8kqlzH/yO6tvuAkQJy+c7fzCbz+Hk3Sa5evPM+u5vKcTIwmkDwiRckK7jwYJ5lZdeRnp7Nlz2+Y5h4m90tJlKzHtL6DFN1ybCNL4YZxvs1ohdR9TR+XdROkFtU+U//bC7/zIDT98+8Rh845W1PiTF39zuXsOyTHa9sgU7tC5I1KvJ2qAw7mOKy2seoq0nnRV+UHJQkyMbDmMLomBk5E5sj2lN5YIpueXilZD+wn4fXfu+rWffbv9yOefPv/r733q9/+3d9gXj5zZ/Nlf+8L7f+md9sXVZu8H/t+f+9gvvz330gd/4bO/+3OvW5zMgEF/5D8/ubLRowg7h+ZLuUdu3VPeM1s4s6yhoEKjt53U04njMEv8NdNZjOgHkf3JRnSRnW3HA/PcmubTmna5Dpuusqua9tQFiesmLTXHfZabgz5aJgeN49C3tbyXHq0zk42zTHH6TRYpFBaeg7IKfeT6/NhHjiZcKcXQ0wkeHX77g4eoNJ6WBpOt3wPnFoWCz+wywQzvvOmN+z740RdJxcYQcSL/Wt3+F5648ObX7LLbxAeOpm7MqluGjQw7T+tGwhrP9aXKTe1VDTf13pJhrP/mb7Q/83FpXI0QcRJiMAbY/xvDjrJqIagFBcEyq05tr0hpn9l3m/NxkqT5DQEVQ6/vqtVmKxWFegnDEOsgNUzh8tLx3/y/WmfP3PSP371FK/jAydbZrP4aS0qT/dGNQu570io1v2fRK8pR4URS9eo4frHY6ki7bhjKMcN5V654CwHs0Ap8t1CSdg6pXQvDqN1srS+v9Fqt2tTU3J6Far3mBj5HbyLdTnt9ZbnTaggWLew7OLc4V5+s40dM0EzhajakoIdCu5FmLHPOtHGEa2cMZDKXP1vNVmNjo9tqS7Xq5Mx0faJWKJb0AEqXB4Y8ZVVVl8lM2VCsif3GjEZixFOmmVzHfjJF5U62eO+OktGQmCs5Fx2D6BMyAFEYII5IaJWbQpsj7sQQAkIO0AmjBWiqD6Evrp2dWHWyWqdKsfWodseOaH4mok6m0+hBg8Kw8oziW3SLoFAg+IAuFIQjcr+BmBP0J6Lj7Oi32GRfffqtP5XIYFgVpaFzHaoPQ0CIBIMUgeK3XC3NLc57Hmxml0dybkCOtEkgV+EQmSNpDX4XCLcD6AwMfQVW2BSMbnMHZg0N/d0TDTnSTExH38gPQtWQzLaFtHsVi0GsLTiq98mvCYbUkQ3RO6VUr4NhGG1F2k0O2I8RbhKhu4JWoyENK5KcQqygiDw+Qq0cFcM3ZSFCRQziqmMznzv77S0p025U7uQaJ8VWjMuHy6uGGEbxePaLs+3Ii6nG9pUxUqYSErlmqqSgwbBH6eDPdDx+NKPZyd1L0uakUw8M9/D90xKUWSeHmrC7UYgBwJChxsrtAo4fglAIXTEthah5nmSYC6fJSz42SH87OLRsFV72LK0oH/gOVuP0LjtGXiSFNFeMWKoGAAAQAElEQVT2+9KCCMAKmBchRNJBTCl4FlHh8yhgKDUoLZ876ZuE/lNNIXnM0co03HOi6IaDFnkwerqw2R5/IgAAk8PT7rCaLoxzLCTISCISjGKqSS6egV8WfU6ylLJskmSqPzhLVRXo2g/oMbgRgKEgCUY/jPoAsEN/J2rPK5GlbI8m6YpAi/RXHnRidbHaM2H0wuSRiQKeuQZ8l62jqRytPoUWmBxaoGLkmsXdu1ZWVi5eWK7X65VSuVAoeGhTzBRmYunhUpbGAcb3S1JBRCgaOnJ+byt+6ImQNkD/AryL51Uqlb5UYSZis9FstVpBEJSKpcChxtHuFnQy4bjyQ8qmzc7MSn3NytkLew9WRNzbt3f23tfc+vFPfYGxTq+30dgse25RWlR7/cgtBJJZlBzvuunZ2/YfePiZ56Tc7fhyRQ07p6WhHft3YNFFdh4nXbuJNBa0zSw54/wyxa+XQxqnCdvSd1PI4EmupHFeN5hF2Htu9DVmExVDVszXMWOWI97ERYpBURPQfZNcGIeuaPnuubDvbqzJRUzdL9SrFQdC4zhCzr5ioRAloaQdcaRrrmRBAMY6jpd4Orgibs8APQuADORwRdyJIzwn4XJBlYTCC2NH2uh57MZcuAVZkBdCwSGEwwkZ4vQKnPxUgYNAIIdR2JMVDQrMwygktPedoi2AmOPg7IQGKSduLgY4Qcyh0oFJXtBjYBsoFIte4JPg6EGcVCqjHykRULjMlRSzL5VLHkjxAnYdul4xUG4GPB3BzPom1rx+xc+CoWkI5aOO1a5LuOtMzs1I0bOxsh52u3pDdn7Vp2iFQ7uBhGSNSYJMCL7bgDs94nNcLwBw91BCjJgLYWlsOdO6eJayP86ZtTpiGszJUm7u8Nb6amNjarLgI8QD3WA5jMCiciQ31tflcgLck3KnUqt3pzqNtbVepysl9OZGQ4rrhVKZpcKTkgDovQmy3ERgGHWHzV+3r9/qdiRVvrC8cXF17fzS9L7FkMW7b7zxhbUvH/3q43P7FhcO3yjr4BFgkFEPqbh5SoOhFydZKkQt51cSGr1lehWQ+ldaSiVsrR02NrChqBHIM9TvCFf7odUiMPusYGa39IgyaTCK1K6W8XFC9cy9kVn4GJ5BnKjEiXKnv9VqgQLu6GtChdcRhDUB8i9gv1yiIQ0UiIfZ53wMdNqnG0+/9+KHEjFyN/ZLref/3enff8+u7531Mi4gZAWPn+2dOh8OfarbE199vrN/V3DdriA3XRoR/8iZZHU0YqAVsfedFG9e5DfU2BiJ267x8QLLui/J3mE5LehIkZZvf76VjxO9HmS2ExFTgVHnYqCS214fca5X1anBTDBNIuk3z6+traMQg7LXAJsfiwweu9hX+9HRrwn5OIE1Ph4lu3jjDcE45ay2WIw+KkzVWmNEdPmx17F/vSo2WpdIsX/4dWJB258UV2Xb4k6IdKT+TtLutLbGWx0sxvGc9ZmvHv2W+3aw/3qj2fnMVzKIk8Xpiftvv/7Armn6KYXZkxfXH3n6xIW1TZPn4488d2DXTLU01heh9LnHX0wuTwNF0yYdWEPmbapBzGQcOXfzqdEGMvXhL5796tHVf/DgDX/nvsmHXgwfOx6dX78qMsO+GX7fQe++6/3nT679y//65MXVrqnDTlLK9bbKMJysUTK0UQ9EfCqvVVPioOaqqacTa5WOPInuul7ZC+phf/Pf/MHzv/yjt+2Zcn/sLcVvOuz/+kc655ZizVUVFU6SQU8nKX7l9bcHP/HOag2tMy+c6/yvv/1spy3VHdMcdvjwrHY+LRNLS5GdBk6naj7QYRbJynbcwPmo/N9IVyINMBnNNJliT4Lg+WjYU/Gt9Ve2vJvQlYScRNKVZLGy5w0LD/z16Y985MzH7pm5c9IPjm0+d6p5dE/l+v21wyebLzCh5SHcQoUjkPYFIPFVslmiz7VsmdbTsNcMiNMoG0YRorFJ1Mh8pE+gWjGhdNAaMeOMUsgMV+sPYzMjqj6k4kIYEdyplYbgid9xx8TDLzTxLVxy57MrPepJxzGzXm8yVitTlntLTg07onUiWyVmyT47TmGcrpqpe2pjiZ2XlQoeq5VFo5N+kG6P9yK4PnZSkiNPRbHUxJW5l8qY9hnXpXC7uLRskRYqLM8izEYWWndXjq5unGmCv105f/EWoMYcvuvWuem9NSEyFlx5PPbc0hc+fkxe/6Zvu2H/oZlcaTfeMLPn6aWT5xqW3xQYQJ9/8vx9d8wXA9eu1dBzMXA+pPPYiIvpCTdXRIr614Uz0rHYvZhPvRMnWp/+WCQ1eGgn78eI86AjGotXW20AnYiU2CXZNakQeR8ndBRiqAcUugJ5EpS6hV70ziDiRNUE65CA++YE/J3Eyan3/o993/83S/MLo3pla25o382rYcaalEKqH6VVKvALM1IdVS3FaP6RC9yWVEQypxn2O9KU5ToyRxKgrRgcujvgNxrMv/Hm+sYmBoCuT89OzU8Xq2XhwTa/JAzbjc2VC+dlpspEdXHvronpydpEPSj4sVS24q5Rsh2msjlng2ZstJg4higJxD24mHrd3trKSqvZlOelSkUaJiq1qlSaMXRRozzZWOR0UHl1OWmQpNuGTCEyA4ONWGykVp4Bpb0YFlCGDaRt7QKZnEKMejBXuDFyM3D3qHxy22st7cGLk43MuDOxijf1F4bdcMvTUjqpsgnzJDy3pWDgRGSS8spGAqpdFh7T32ygT3L9kAoWarc8lg5TlpFfEAynI2cMo6g0mcfTZQEbto4fmYQCpvBMxRSlUQfPlyYIv1wtV2q1UjmgcQ78XWF00Ywml/kx+S9BVTDaWQEhEwNQA1EafV1tZvV2+tKhfcIyC8EBDpZeV3vESQ7BmW28aoFPbsQnuRypSFAoEOgkXWumOr1EbUMXyqeU6EP9exA9pyP/ifpAeihAhhDMMTPd9ARjRgeXyk7ZHt5Rys2da5bEVX5pfv2lOnCrR4YOjy0fsE/UIjVL5VkK8RQpSbQeFowZLm3IaQaFo4eZSFXK5qspyJohGSlsIlMzraBOwXIiK8DkFCEk4SQWuTcTwS7aepeZHEMoObfba4uVdvcJPa2YCouaUHNAogl7YRR2IwybBfCsKMR7OPXQ0sowygKsXBDjwB31FsdNQSeaEDmMW9yH/EJAHocpvBC6KZJPMoqk40q7J2DckWpS1c3nNNfo66l4N8w4cRIUCIfotzD0DtxH4RpQT2qz4EDqwpU6gtwNkFiAhlcR9wFcDCQ6STDGEFMMQhitfHb4CkW3Mh/iqnk6MW+xK4GmSQU6kcmDYB9DuJawH8dZ5Go2LKmhPAuCYN/+fcsra0tLy8VSaX5+jtyWUh57wckJCOo6SaLlqjDqC83RmRpsDhu6nGXbtA0zqJnJBEs7l27ALfmWarXaj8Jmu9VptX3XKxVLki+o+a8MrWqThBxs1VptJozOnDpTqtbn9u2drJdfd9+dLxw9urza6knzaOwVClXHKUgDjF90MJYJd4Pya2++eaPVeXFpuR+GwqXRD7sbaEByS8zSqwyaeZbImI9Fas4dTXrYNxJLSTDnQ5ydcBM/YMsiRl0aW8ZlSt2PjyrlkTLg43Ai4p64ou/7TR6f6/fcjdWZ1crERHWqGHieImmsjGqprojBPwoUhoi9hPzegG2ee0BjATQl/6RmSw45j4ioy8GniRyDseMjRtnnADWQlAki4US+2/WcsM/hacGTXh+f8jnEPIsEYG9hzAPuBPvT8XxEs8CSXtE+IlgO7nN30asbB/oLshL5cUK2FPZ6CjINgHCPKIzM5hOeDGG8GCsSnUCKpN/hKDbCA8Wk6pdLAKahqGPcGfZZBBNfB0OfeCgOYEIvExX1CkF9FkLVNFbWe+0OfhQHlx8KE0iSDEM+K7ha6jpoh9Mk0oS75pllIobp5A64VjLx0fR9pYtkWlDBhMMD9Q+m0pYkwbnWova77Y2lpUq9HrgFiL0ml/EIifF8J4qcTrtV6pQ8DG8ZBMXpuYWwJ59od7s9v9Xuliu+X2COo7AqyNU57cIjI4AHVnMp20NUh8Dbe+PBzZW1448/097YOP7Es1Le9wv+9OLC9O7F88eOP/voY7X5ucndFVxnutgY6hPSA5t2CZZVR/JvUNuvi2SjPRgz7hCVz5K86kAIIyDm/ZFwZpegtXjqKWVdS69ny9QVYbky2RB/JyyFUiuhYkiZVJ7yUMK0DMe4Cbgj9NQmx0nk3YTghsqWDb8cQTELYM6k58wSYoemUMQfXnt4C8QJpbXeuc82nvmeqfvti41WPApxYtLJc/3ZSbdaztgnjm4mq71t2Hcs2OOr4mA1E6NsIKV8PfXxmS4q9f9s+8T5yLW8XmDlji9nHyfb1TN1AJCuu7O2WiGM0CR0/+RlMT60owbT6ZVQGY/Rrwl8qhhX4BDtkAc+O7xrLIjDRpslcfoumVrd7Z+qBuwn3sB++aPsEtL9h8QD++0LavE5Anei9Eq2CQQfAF7Ps7gTZlluTMlbV+bpY+f2zk3dcv0CGy898uzJyArKc8t1iw8+cIudIfC9G/bMyr9PPvbC4y+cNte//PzJt9x9AxsvHTm19MTRM9tmG5yGW09MzpgYnJM8a/7lihSPk5YbCuN2YaX7H/7wqbmp4pvvWvjxN83LBeFjp6Jnz8YXN5JGh11Omqiwhbpz+1737n1ep9v99BPnfv4jF6QkOFiHMZM1JoS16hkFQ1FXLZrIBlRaxsSfLyDD0dT4NEs2w8XSu35xLoYouOF7fuOJH37wpu9+TeWmRff/+OHqhx7v/dlDvU4n5aE8AwnkRnjbv8v9qW+t3LSbUO/sA19e+633vRjDhsiC42DkDmP713VMeTc3KAGW4blcaRJYamdIF+Nm1Az28NAeFVbnfL2lcZjmzhPXR0UXmZGRcGgmKt5NgpeVRVVrUbPeTdARMa6txP0Lb3jn7rcuFOZk7numbv9PT/3qh06+3+UrcmH+/Qd/7N7pB+T1ld7Fj5/5y8eWPkvbTYzXE6iHw436WSm3SFNJq7TtfJwIe1jvpCPS/ANP5smexmrgkSnmoTydjFz+DDWDDwo5nG1hRORDcjNViY32EKHxu++Zln/mZ7uffOml1u9/fm2zLaj+5OnEhMwe1m1i4Dj0lqlk7kou8/aJgl+lEg+XlPzqDP9smqowyXFsArXaYbvGg1mnZ9z8ThEn+hbPZzbHrL1uiFxn8x7bbKn5DzOoDi08H/v4MUKHkHKZwtRzz7n1rQeYTYSRqi9faH7+oy9SHIhP/vXRd/2d0tRMOVMmY29/83W/+6dPk8cUoY/9WHziy2e/4w370rZbR7tuzOhRUu42mpRzttVtnqLG1YThnI2neOg+9SThPDCWjXJwEmVOpBpQ8S+hh7RGk6CK0Rr2qQeUdOib68xee+Y8nUgVTaQ8rBDKBGzWdAIVwLotf/Wr+9754Mi+GdVtYvtsVk2H3sHP5TqTMzNesRBUSon6goA3+NtlbAAAEABJREFUavf7zW5XmiEiaasq+hCt0PcS3BpFbD6MokZjc31lOer3p+fn53cvlKoVqR/tx/1eu91c22iur0vT1/TC/Nzi3OKeRdf3IO6zpV0bT2eJNi61GiIvDqLTbnakNqwDFuhCsVir18vlslRraYNlYpnraAQRibla5MVulDkxJFEMW+LmsCbmohDXggZukcxgJl8yDEEn6QdA3bVtXzASHx5tgsX0bCCVdaw/xAgeNyzlOsT+qeyTytFIol4HkoPLNLnLVEkM6drhva0MpWDBJJRJFJJjE3TAQUZTocYvGu+4EYYHJdrtqFVOhME9+uk2SBjJ3GWFUqlSqxVLhXKlVCqXMRQhsk8utMHWcHUSTvAerEPBu1Kn1ZGTRVoZGLk6GN0DQgx2U2KIr6ph2jI9zUQeYsP1kgis244yS0MKfLJ9eL7n6MiDeeyO2u9I+zWh41sNmOzw1+5E0mDDzNzhKDoqtMrwntZkgItM7YekYY+/HKbkNUj02cdWioxfrjnhTFvM9CVuDf6hTCqNtJ6rqn5C4OC0KY+1Jh04UX6QxBALmrHlMaylGUhqqYuqJy18qNlPddBrEkJHCRPR1dBGNZVJuBsDiGZn0GTNdFxChhjCWsHMV7JFFEmbek8a8HvUXtw7kOiKEPTcVTAD0G/TBmw0sztGY2aANpCLUxQHofcdK5ulo6aewzEYlothQmmGO4mwgFmaXwgda1AdaZypQ4K0znAKrLf2VaW1yilShKn9ZOpzQT3QVTkS6AicHsWhFO4QcQPGXiPY6TFnzHQii+igm3lh5OqCTsy7lbMTBGGoSDdRhBg9d8iq0VoNK4sc9i9+A44RBPnk1NT11+8/e/bcxYsXK5Vy4HrFYtHwbKYDKXF8N100sZbBPU7ogtWRO6Y/clR/zER9z9TMFpZbIHVXVkNWrF6vN1utjfVGt9ttNppFyeKKRQBPMoOFFK4DPeO4bHJy8vy5i+fOnp1amJVVrJYLb33rGz/6kc+12mG705R/hWKNeR4LA98NABrNxO7JyQduv23zkUfPrGxE8kalmoAHh9jCavIBbR0OVPlG2rGRbZcBZ+28S15eSYxxZfw0KMhmSr4MDmopFTOX7Zcx7byH8P6MtP7MEWYNSyKCsgAgKXXdbuIJHvlJ/MLGanmpeNPc7HSl4qK6xPd9WCYCdYqJnNIbJbllSDEdV84QhBDgeOIA7YqJGoLjJsE81y27XhIAoJ+BzymI7SpHVZl7YRAAEq4nuokI5QKwj+RMgNsHScy48v0AOELRFxBihyt8H1I+TowPnkn3EAMG0PV9AbEMoLMdnM7AF3o9x3OJXmNfybe4HmJWYtcN+32iNpKzxGEo70ae1+MUXof7hQKceVuEbFA8hr2qU0oItQyT4M7QoFyqzU6Bo72wn/QjoTCqClNqwriiTdkFqGasuKnQW/54FptJOjr4cGFM4SBd9LFviWY8J51tObFUPZTqCXf/yTX56oWL8/uK6B8LnJ4h7hC84MhWdNvtIChI0Vzqj+Qyozox2etCfNxepyAlb5mnIIdD4JFKUVF3ErkS0jwxFBGY1BsEgX/dzTeef+mEfLy13rxw7NQNd93R7rX2Hr6x12mfe+Ho8Sd3v3Z+0SkVI4ynA9hRThMtRzq4tZj/Rvp6SWLQx4n2ZcItBImVh64IlvVHIpRBU80zZhQccMpZ/jrPlKmyqPUD39bHCWOpmd+yTOsWWY5Aud7AyhIFY6MVs0MoaqLsTAXg0TK30ORW8zdQA9jnW5Pio73zjf4yGyN9pfmcDTqRaoTnjo9h82fs+RO9e24u29iRY41xnmOrPbHU4wvFrXNxa7GXhZhYO5HJGmkWLyKvYuFbEBM+/CiyR84sHyf2UQw8K7IkO3dlR0c2cD5wNPJ2aiozrxYGfYKX8oWbAW9BKFiux210xYgOPLUi12AJVwBZTp5OmN5LtGd2mw9s0nonBZ1QHdrjGfFvmmXvvF185KmdySSzE+KH781fTKcpszfQqb7QCwduyAt14CDuhFn4OdWBY8jDH/7iM3vnJ2vlwrY5wyh5/uQF83PX7GQOcWKnt9174/J668zSGv18+ti5MUEnrW7/I198ho2X+JYMe/Du4Dy1Bh5Pbb2XJGkurXX/7FMn5N/ehfJrbpz51sPTN++rSQnr4may1hIXm8lKS6y2ki1QTbUSn6ny6QqfqzozFWdxgvfD5IWzzceOrrz/U2tnLrbZlUnWzNwig05bEDeeyS0GdnlZPE57JcF+TgwFVds39cAuVvZ2m2fiuP/bH3z+oWd3/fi3zN+04H7X3YW3HA4+e6T/5Ino2RNRtytE6gUdytk1591+wHnNgeC1BxXUbLOV/J8fOP3IExewFgXPW+TqXepVhpjxjPIoxcQQJeHa04lun2GyqSHT7q8cHd6ij+2ReUnD7esijUHB0i4XA75DEsWgSSFLe5oTbjR2SlGr1P94CquLv3nob1W9SqwZw3Qw9fdv/OFHVx5d7r74rv1/e2/5Orpe8arfc/2P3DnzwO8+/yuCxVoOIB2AliFhkCQpghm0wplNWTZwM7HO6W6egg3rDLX22knCR1Bdi2APi4Oke7XZiL4eUtqw7KONkWJYoYppXdzc3s9YOXDeerh2/8HqT/7e6W4v0bgZ4+9EjKiJ0D/z77YfGWUF2GkSNrXAxhV24Ofr0pPr5InOTjxhoXipTWr6N0t/5j80z2VjqYyaL9b8yzO42MwVkT2/+NSF9kqHOZzi3aPRFebIzd90XaHq69LUiO11w0+9/whtgyfb5kc+cOT7fvAOz3PtkmenS3fdNvflZ5Ywtg6VLKUo8cjzy6+/bX56opCr4ai6WXlEto/YVv2rbYf0DBl6hjxiro+YiXG7BRYZgfAOkURxivkI0XxM/hlIMWR7LjGIE2NbMh5QNE0c7ulEaB8nehcDXJHv6mL0hwjj+8QabkKIkz7F/emNtaBjWdFhKEUxh3xvsZEXvWJhYnqK+W6MXw18eAq20dhsR3FXfv9K0S0Fse9KtaZA1aVsVdgLW61mo9Ho9aQmypuYnp9ZmKvUa9zlUQKKzrWlpdbauh8Udl23b+/1+4uwh9DFVXNCW774CCqq7HrWdfLKwMlJcSKkEqzThgDUvW5Xaobrk5NVaYwvFoIA/HrGyh+2k/ZGKmVcEpEaL6VjIB0SfNRAN63jI+3k1yJZ1hPGrMqb8xQKoK8bxIltwzK3Ul0OY3ohS4syEhsM33G24Bc2UkSR2VSeTBMBYkxoGwzQoHfnC6sckfJ+UOeKQQanXqF7g5EDE6YMoBRJJ42no/fi05Z+XTHOtKbZLlbYlR+dBLcW+UIFn1DDVZoHwJYQuNWJen1iwpfGNBetxkmklxPaGYgiUKjhRn8nqAyHbfNypnTaXWmUxV4i/2cOswYts1l43uUKdSYbmD5Z3K3VTqG/OuFBXISbIMrEhw38LoUIcqkmzPqsyhBKcBOGPgtk5TtdqQlvt9DBibQrhxFVD/PSNsskndypSMjMMLjMCXaJws0VSvwqQF5yhNfWx16VJOxXmxM+Ko/SnDFdKz4sn6qzYiUGeiIUNl4YembTNLqeea+W5LhlfNbKZiNxi5QA0SsSFTpHFUk8ynINBY8imeQOV0FhlCDEB+kb3qSGmGoNdQqAlQfTpdAUSZolIwgj0w/l1JBH2DuvfUZSsxxyn08wA4zMABA2Q6wUfMOWZ4VWnWIx2C84W7EtYNp00HMKebpCvBc+lYBFjSVWD2PvMNUutbpMl5UoQ5k/ZRdINOjEqo/1pUgdojsdCksw2haibcDrAAhTMWrt4S0EqlFGWkevf7MrnREJqngVQSfcUj2aASENEFKgibAZGNDQ+BDTorTVJYbcqWGrCb/8WSgU9u7d0+/3ly4uX5T2xdlZKRsZpCExbyrL0UIY3SUTOvg/gHBnMGoSS24f2WH2ZxJD73I9n9OsaAIHk0u5UpmYmOh2ZH2lTNkqlouy1QUXHDPE6FIVJU7iha4fePv27zv60osvPPfswVtukSLla+65+7lnj71w5HSn22k11gulSi0IpHiKYRtgtAZJeGDXwo2Lu5ubnYuNNgsiLk2qaOcxOoYhRFaL9zzr4yEnM72i0ziM8WXSUCFsoTnD6hl9Dj2hUApkWgxnykEFBHVOlIVPKBCKzBo5gfCS1bjzYnPdOxcXeFwu7qvKhUQMpkU5GSV5EQjaBSwIkTEplUTC0TKMEC6JtUJxI1g8OYgGcSVBdLyy5/MSesDgTkz4OMdN/IDDdnC5Iu8LuUAMQwQTStEoEC4KPvAyV6D1Jgoj10NlsBUCTX882lEE112Okc7g/egkKkEFWcLk42G/L2UvmkfUMVB1EhNFQm4MGbVNMhI39IOiCKNesy1ZS6laQXWc7mfGMphlw79eDRNieMqSXJIFcGD5khz58lepXulLITVqCbn4RLFUP2jEBpIv4Muiscol9Cds/45j48nEeFoCn4oQmAm+Gkf3gGllOEsXKinHNklkpXkYmohUUlckWQ97vYunTk/OzMAADgLYBigHJPrWgji77Tb4ICyVJN2TXKM2MSlX2q2NjT4suzsuglEAbOW5LF0yIXw0THjCXalECGOyMkZJXJ+f2Xf4pqOtJ6T25eLps/X5+cVD+0W5XJubWb9w/qmHvlCfmr3xda8TbgBB1KBTAAQmYodzuwmMWShRJQV8I73aE8/sbFY2bELoCpauWHQe+1ywvL8Txhi35T5bDTC0HM4zZdqyoy4znWjZ+uTLtFqE4hZowbBAiKcjjIsSM6zpzcKoMkzYHYGqObU1F6WzhLpJQVUY51vPjGO9C2y8tBmu2j/XN6Pudt5KKLXaicw8PZEKzxv9cWfrSk8sFEcKJblpz1OvMOa6nWXHVEJkSb1htMZg9srzccJMEE/THcIA73lOIre7QowrHA5m6/Ri5Ad61zj4O+F65rLFKZeNlzZaDFeU6nOw8TydUPr+29nT58SZlTHagEkahH7qDayYXfDRRMt6azbnzPSrWcOpNanW5RHuxCoqcxwzfeWFU2++a3tEyMkLq2GU7kT/5tfeuHX+t957wx98+BE6lxLf6aWNvXMTbLv05eczzlR2mvITMqV3Q5eNCuyjh7J2VLizOZ1Ppy+05d9ffu6UPN+7UD64q7ZvrjxXL9y7uzg3UayXRy7515rh0kZ3ab33wonex5daL51tnF26PE8pw5I1H0dNTZX0miOTx5KarELydFMTAsMfuWI2Nl9jgz5LuFeo7O42z0iT1pFj5/7Fb63cdfOev/um+k2L7nfcVZB/DGao2OiItVZS8NlEyZmrZ9bO663kjx9a//DDx8OQtksWPXcBPXqpWpn6K7pu3m5oPbNi6+i7hpXnNL2DVE4M+7l1urzh9mpJl9gLWmpi5pvSVS2JkZNotXQGt8aJ0FgTpvW4yk00qPjvX3zjm+df/xcnP1h0C7tLi1TaZtjYV9lf8lg/TjGJX1l9ZDqYuYX5wvgAABAASURBVHnijgf3/8Bfn/wTxo0CiqQrwgfraDVaA2xjSswVSwAQ9nAb3TNi69s8X4oYyKClREMFVbQaZ4sxO4KPD6vAiLyDZWiFK7z3sZc2v/s1s2yMtNKKOl2KU6A8nTCHDyqScnrYAcLFBnrGvphr2Q4GqNFYbCUAXYXEWf5dfFwZlevMqgCjKFA/7TvMup77f/D92X/zkslQHyeY8finTxAuRCDihFDzxcnSwdfs4mlpiiA/9OEX262ecmeEo3pjs/fQZ0+89e0HRfa9b7pvzxNHV7tRQn5TEk5xdsRHvnL2b7/1gFGED60bMyhqjT4RQ0SMga4ifY0S2cgUkukEui2MLYQpW++oYSNqNfJxQhATG3ECmI84rlcqw/yUpIgTZlTPah+uyiyy1xlLLSlswNOJPC63mhOlEu6bM4gTeRQGfVKcmxveBAtlMnhCWYaesp1Mpom5aTfwQ9wPjVv7RK/fX13fFAW/NDcTFt1QKlelNgk/rVTASv1To9FsNTZl9YNSaXJ2tjY5Ua6WpdZJKi2l8aC5vt5eX5dm8l37980vzleqZZkTSSl6qkaPw0Kk2gOWJSI8a7+X2jAyR/V7/cbm5trKsnyHNFXMzM2VwLtJIDOYMgxMAbGw7FomYztnujlZRVl6srUdnF/leqdm0azXEPvE1D9XYa4TG1Zbm+Dgv2pfjqE/FqPZso2W5tY8lehYNmo3OEAohFVP8PyhsUbCLoiZGarbneVY1EAFwiCzZ4x4B/gnttAnSVqww5XfNqJ6uRHLUnz49mwlrZZmJGSCRdcgTrFcqlSrxVKxALAqnwQwTWMBf2v7CEHtLyegTL8PtoZ+D+zQ0oIpGwRxbSBkRGIZPK2TVFc2MAD5oDTCUMnlWb3MmN4wj7ZPkJSkZcMjFye+70FULpcCcJBzhIzWDo/oUAf6QZp7up3O5nqj02rJv54UYhLY+EvvwoaQjVoYmzmNr0FnJkpzZ33+V1a6StUWQwF/5i5jg1KiPYWz03nrN+WnuhYDcuvldFY61qwRmSpnPqLQKDbitGnpWTo8XJpNCZpVWkbeUNyEp2WooZWgkQ5MdWisE8aBChWoLUSOirTOuYnUoXRTac+LNLLHAF/P9jM2Fp1ORYg1gagxSSw1TQg6QVcfYM9ylNclsunDGXm1QEACIeOU/EQ0z2zNZplpz5EeApcmFyYEFKPucCnwi+4YCrJqmUTFYJ/rrAJ6Jf1ACW5w0RZPoT5oKgtnO8XYDHTEMcAAShonxZEw7CfgwynBwD9AJRwiQXqBl5HOx0ZxXQtPJ2lCqcjwVxpV6DVB8HQIqWS04OkVq9PliRSMdu/e1W13zp07XyqV6hN1ZSomBzmIjDYvYuQoBfcn9TG4D0FeHGtCjEeE6AMah/aDifY/Ocx8a2nad916pdqstpLNZrfbbaxvwlZ7yS6kwZW0AwlGtXCxhrGo1ir1eu3kyZMTs7MzC3sajdZtt95+5sxauyuto5tBq1IoVzxWkNPBl4IjWN2Zz507bjjYaHa6x0705UDxuNCGKK7qzWA3i2IjnHwWabNTQpEgbV4+/hj6WiU+WogUO3nq5YMmEFtu9MmsmAVTLujMrHDwF/ynApHQ/gHH9WMRtbm3GndPbKwVov78xERhYsrDGeF5bux7KK9IRSvGmKSCtTMr9NgmxySoTWGQSu0KLKuhy9DXnpxQkcd4RZrqi8WEOSHKbjyKkEZ7SdkFACALuxCKVK4H5VAVTgFgxhlGhLIn+FURksa5oI9ydTtdkrHJigkYKw8zgKunXqifjgGQGIWOSxRcGFIqqXrACrIYwOvBXyzfDDS105F5PEl/mAg9r+D7jkH6DDJznj97FSdsJIr+kjUmDHau+F6xWgk7vX6rJ3vdwe1pQjljUAI9GLVgiIAIjmpVFWIcR6ryV8W1T1ctjQv4iBhxA5ydcEQIKkZtRJHBlEoYSndg3Lxpf2tyjCRhtHLuwuL+gutBeEspyEjJXD6EDqVEu9mWGmCHoeecoFitT4b9nqxMp90CrAlw8FJQLLq+i/5bmFqVSbmkGwm5RilwcKSDu6AkA7vl3rta6xvHn3gm7HRPv/BCaXpicrq++9CB1ura6ulzj3/2oflDh4KJiWK5xmPkTo5qwihCRYLaN9KrPgljpDWWx4xtjOGan6mFX8bjiPaJop1SUHmmTDITWyvedNJx4x/FvEUxQaPFyL4r4+OEma3XfJiPE5F6T9EPmAmNDk24pcQSiCPBh+CeUFgTCs2DOBSFH6BlBkvPRyc+NomOk4xbic1WzMZOjXYybZmw4/ElCDEOE8loko0gTDoRLjKblflOnJ3w4edC66g5y3g6yZipeNbHyfjnWxzZzs5phaomi3VUN5gFP6ErlriUshS7Iczu6IEuGvWpaPsFjvOENmtDBCg1lPPAji3SOoXXsT5Ue+xwJXJ6/OM3sH/716w33mbi77pLXDc55LrQuBNmzWjOmbWg10xbeavE67qrhfZiqYvKSKnjpJPn19hd22c7v7ppzuvl4uxEdev8c5PVeqW02VKwiYtrm+OATl48vcJ2kgbnmH1lyF3d17k8fJQocHmJACjsZZf0FB0pVwujLxKju5Hpx2z6oH6rbExxukRzNxqz2oOI7emEBFTm+KXa/n5nOQo3krj3ladf+uoz/u7dM/feMHH/DYU79nqVIpd/u6cyWJNnz0RPneo8c2LjK88tRbRlUEp57pTrTnBG3FZvSVL0X6RqG3U3JY1k+08sHy1pm1Izg7EjMjaMaols53ydJzHi/EoUnMIfGY0uZktlgnbIoc923G2GOihS7TNctKjPyUTgFn7guu+Wv8p+qR2l07bR35guTjvOrtVw9aC+uBGukdeTty5++xOrj5xtvsSNrVGkDpzp7UJxKGEWuVad+WArtmxv/jQz9VKpk6UKsoEiBe2c0aBjFYBVWUzheOZi8zf+/MnUMsfZ6aXW6mbnN9//LOPMIBJWG91emPzWXx3h2kYiX9WT+mImfuvDL6a7xrVy9E8/f6ZW8vQVyN/uRroHnMeObFxshPM1n22X/utnlmkWch0nCAvguTbajd9WmZbNn8s87pg9s8IefVE8A5HlaBuGavrFVf7/fDKpl/k3386mK+zKptUOe/gEb/XESlOTdv3ejx9jL62z2+bZ4jbs2vqqjF0q4mS43GGeEZb3F2ZjZFn+/Oxj57uNPijv0btJgnty5ce+7e0HuKvGpFHWHX9h+fTxNUEu9xwTN0c888zSTTfP7d5Ts0suFLxveu3uj3zhFG4PU9KVzP/U8fUzK+09M2UzYMWWPk7ofGiD9ZROGShjud7h6b88/SXSjqHjcL5RPnwz+hEBhEecWF5GMOaO57rT5TJjChdCR0La6X0LcMwgS1Q2gQok67p6Fq/gq0mrj7onsAGvtTsBRFDmfRVbJ4M4kVaXmVtvZyOHhCHRqbSb78dM/h0kyl+eqPXjCFi51Bt1ut1+r9Hu+IUCr5eSoh/5PHIZhCtnTtyLm5ubjc1Nac2WOsxqrV6fnqpNTQalomwr7YZqrq9LpWVtYnLfoQMzc7OFYqC2gVuWPttKl0syH+6lVtZ0F4xnQlrP281ms9Hs93rySmV6ulKrVWtVMEwYg3OibNJor4mt9qWSRc5YcDUMB9aM47nrgz8H7HNbGQuueMq93f5JrbB3R9sn3FLnG+OoEDlDKeVnZGkSwrJDGY0id0fVTD0Mxl0YPDFu6yfcSQQG19gOY0FoBvSdwS0/bhkzqpJm9f4lO6nmJITWQBMuvA51vgA6IXcawvhm4LgXUeiAAdpsbCOo8k3RXTEE/EBQb+pPGsxSyRwUglKlWCgW4aRc9kHtDLVDa4kOppP2NhgSkkTdlBaGXrcr56KU8KOIxAYMhaEgOZGKEsT4wADIElnTc8KwuvQTquAc2oBsjxBJGdC1CTp8RxcJCDrxSHjT6jfC9pG1GuJIYG1j0hZeOHNezvRuuxt2JWWKOVFUagZ9S2q62fiQW2akTWLikvZm5D7S1SAUY1bAnmVX9AXMBhyMfv+Wl3RRY71Q6WNpzFjEUS8GzASTRjCrWmk/CBriasLGlhLYcjGifYUiox6ohBHUWWpwtyz6PJuPWa+myYXmlTjFoIEwIVQsLE4wh0QhPJSUwI2J0DRHeaYgeIqqA0xN4x/N7rSElmZIiBKghkT8JA1U6BM01aDzOjB4uQQOUZh4TjVSDNCs0AU6KbEkV6ZoA/YZp2g5GEyHEVVVBi8t85HTS/oUTAslZqCKlLnrKzxRlEatJQXMSk5jkEi9XpUinVGK4kQoC6km53GYAMIGvJuEZCdFKh2KOGQUGgk7lQCEuM9f0RpFLQRjFsUYGPh5QnFtwuvkT9Ha7Zmwdq6xQNOKhZlTlcQQYzzwwVp9cnHX7uWVp0+dOVOulKcmJ10oVuhHrDdyZYtGJuqC/70o5EDAwdkJLXcZSxfMOVdYItNxJEBTg9LAV3qYOKaCmjECNDEoFqqVatiPNjc2W5uNIvrFY6Io2QZOosTFqE6on4KBu7Cw2I2is2dOV2oTxWL1wIE9D7z+3o997POtzmahWS6Vq7VaWbgcYEiRtHtCA8uOuOfWGzbbrRcuLLHYTULByImMID9GgLhORyRhZ2JphhWq6moQEjTHWspR4wYE70GiavTRI5OeTped0rnOB98wkNNOiW3QNZ9u2zSo0RyenK0ziNSmOOo9WCP1i+dvCHPRBZscV6BBJowS1mGGGsD/LlLNQH7nTuIt9bt8pT1z+rzrl/bOTPGwj/KkTzt0wdOJXEkifURnjcoQ4TpezEInTpRcoq2SyjeIipAgeUDAik4iRcmEO90eDjAYXojC67FeDyiaXJYmie8WYdq5IlEILUkpwfkJ4EoAoEBqMoLOaB8ATGt2wJ2KIxdFUgCLgFyGID3Lcvthr92BvYpB4CgJCmAT0HqXBwUesj4sQ1Emi/qSqnbiMC5WmCecnmiCGFcqMvTMIsmTpL6SRDESyBTIkVpNtIWbTzls7GyxKFK24HHSNRHItFEZjUdMjy+hAmyQ9Aw9EJTLtVnebbbbMSBAtUIrbV26rHI4EXEwDidkieNCg1HxgNGSFE4a5IwQvRpDgCQglXr1xfX2Cls1QkRJ2GsMXQ2h3a2B5gd886yeOy+H7p5DNzgBw51oKCj7AfBTQKn3Ol1Jl30/gOVHVJ9sNjbgkkeeV+Sfp9xwISo1FrADIIJ90BDLSYr/DNmw5NKJyw7deZv899QzR0TMzr/4YsG/eXZ+H7steabdWz1z+shXvnTDa++T+Qt+KUHZyiWoJVN77ETK/XR/0gCD4avFFuqXgdFzpcbJtVyWvxLStekNhThhZnVtdqkqWdPIJBm/Jkyfc3NFid2MmcWHLsEc6Y0i9XGi89N1lpZvL8nEQDnWMe0lM82FWak6CoKrbDCquiB9a9/y1AEKBgBSmNlGpWkGGEuoFC7S86uQmu0drKI3mztAqOwgpcKOVEcnAAAQAElEQVQBZ+k6cMgE5/qrbSFvjHo2HS6a5ohtvJu8fH2ciKynE5aVoEQGYiLskWMp74b3j/1zIIdyvYs0M8blYsxTs8a4BHmjBTKXfUUHhBkrLVTZD79O/NeHtp8Oe6bFd9485LpIFdYixZ0whSMxdCXjDcVwHKUEHY47YWPLOcvrzXGytSw8zszkdiYsyjZRNqCTzdZYcJ6N5lWDaAwdF9yCjKUsgH3dJJGdqVtl5dZybajIk5Wz1bYQbvkLMd2cXsl5OlGoFB6U5l1PrtZXkqgjjT5nzpw7ffrc+z8t1b3lxbnS3GSwZzboh+LsSv/iamd5uZ0kHa2hgxc4TslxpqXUzLQiImXR+h+7JmpVkNFT5+rGsrcyJyy/bMzQTzZA0L6R7HR5e064BYXE30aOUvJYgjo6zIOb15hBnJD6VpmUQAn01l1vK7rgTafoFDpR6mRoM9y8rnpdxS++0HjWXGxFrXqgUHRv3/2u33/h/1KkQ6g1BSOgk/Z0ImzQv1VDZtXfakVmitmMddu05XJEl6+xGqqyTPFN0tHKu2fPN37nL59UCllcgpHd6Pc+8KzS+FrXf/+vjtIVbq47zh9/7ARpn3ErIiFC+AcfPmc9q0+gfc4N+yrf87r5cRAnf/bY+jMne1SCZvgqvp7VCWJow7M/xRZXRghuW6VPPMl+5X/wMLSIghZJ1tbZn38KFDZ/9ln2ez8jgiun9+2E7P/1PqfbZ/oTwRuNo9hHjjmPHGOuK/7BA+K+PaMlVZYufbdDnBhdAMtkG0LhzJOkrmE8Sx8VyVcyT3qUaqITnz0Jc9VBY57yd8In9tQXb5pWBWh5qN+LvviJ4wJ3g6aeUWAvCsy1j3/ypR/8u3c4TrrZRj70mtvmH3ryYqPTF9wgVKD33v/ImZ/6thsZy9QtU08jXzEt8qZdNEDiuXXCrd+cSuNabOZpH3PteYhrU8KwVDpwMDh86+bTj1NgHfJuQogTSeh21Wss64+E5oJy5zRAbbSnE00Nh/k4SUsYKHOp1ZoqldDeK/V5uj74N/fAmwr1+tAm2F1r+tGsu6xs46aBnFiWL5VErN/uNzcb7ajX95yoVCzOT0XVYtflsQdWrBiCVvc7zdbmxhpon3y/Up+sTUyUquUgKIgo6fV7zcb6xsqKJDBT87O79u6dnJ6UpmdUvApUl4EBiQzmqjK2aVHrKhmp+VG/CSa1KJQW9G6n0261pDasVC7UJ2VHlsi/tS7A0nqrzYgOt+ZehkdYsINL1iSN0mVxbnv1SC+OX4KwNIZbpCQxcSUyRWnzkLJrpjXQuIqta2IXyLUSzz6xnnNyq/ZU0Zma88hcJXQJuuczhMCs6/JBlzhuH00i8A8OG0HB7ptQ8AECnVCxCEuSOlBa7cJjup4KRW1q7Rg/SYkeMUJXXXDwXAB2zJCsmgjMSNCGbVaJ1sRDz7jMbg2zu9GcJjztCmxTir0yHzoRKqYEOPXxC4WinH2VUqUKXnzQRoChKyBsBNIeNA3R901A7QqWQcTWQceEENuq1+/2ANcGm2/RAJ52vlAfTpE5rvRduVobPYRumYU5IeGN4jPEOk+C2jJwiQAxEMiviWyMB1s8wTQDm2zJPUmi8S5oVIYA8OB6XhocZbU77a6kMPJrN9cb+DIXDfjQBY6uFje6dqZl0kz3c5aVlPWI4/lLo6egKSeTYTD7GPOUbSsM6bLNpLPfZs0pMebrhiSeeZFmKXqnHzJZxdDGK48mtaLfgmc/AxtYCXJjNgBjC1J4Wk+kBACbrw12ZmbSK3DEo/NFkU5X0yTyPiTU/EzMOiXVUBiJy4wcDe5iqTIIH1A5hZ7yeIJINKAIOEnxGFM4JxV7CyuTYEAFmGtMTTdHA6qUrwpreiUih0rkGY9feq7hFyeUiyRL/TAGf0UhQ1crIMLgLTAVCTUtCClC6wprxU0mMyGoko7+atb34rqf6Ek5hSGIjuswvf5gKUCH672ffFABhCTafCP1yZHaML17JdFgJy3S6K+PXCKFN2BxuNEtUaNH9n2/20UqF+ExBPKnihbUicSllAhtNYrlhCc2VGbKXxpr8cHHECL+/+z9B5wkyXkfiEZkZvnqat893q/3WCwWngYkSNGJoJOOFHmiKD2Sd4+U11En8zudjvcoR0qPv3s6Se90oiRK4onCkaJIggAFR2ABLID1fmZ2ZnZ8T/suX5UZF5+JyMisrOrqnp7ZXQCxvTlZaSIjIyM+H/9vhLgweESZfDfKgJ1YSYZmrkgJf4OeNlxomAuCmdnZffv2La/cuH79erFYLJfLuttIcoonLRJ3wmoPMAFHiMw26nRyUVTQXmpWbnmK2Ta4OmDGjkECo/fHBf0JGSIW3TRnCALdvIlqtd/uNJutzbX1UgHSJSJ2WcCCRsQV6jPa8bmwOH/ujTfOnH310Xe9T4nuXXedvHTl+lNPv9xqbdU31gq5qldUvjZSyAAt3tKP+gfmZx68986XL1yAEIB8qY/g3R7aOshnr4SKX4H8+np+9fuw0hgCKX1pdBTj87FfRg5+WjFOGWMU7qYY/TbrTPyRZBpAJ6GLKZFQx0YUJVyDzLAmDY7cZCWDQsioItNNSBwhA02oLDyH4uTRph1ELzCOA1JK5duYOkxEra+eu6I/dHWiPFcuaqXZl9opn+93UWYUIIaFMCYh/oL2tYudKCX6y5WxasHwR5EFUplpEp1XXiXIhyUfI2BgxIGfXlcY5FQJQvIAJyKKtI4lWp6v1aV8TnjSyAAh4o2GELyIddPgNK8jiYPz0ne9wdQ5JHFTwHZP24CR8BaUyhcKWhKzcjh3un4FyEAE+xhvrZlNqCvULckr3aIt4C7FvPCRtvroFrVQRSxTeOlPmfhQOLOUJwY/pCUEKqURvLklQWKTTAP1EvMTgtIDv1gpzx3avyLl1uq6ZlQBZzISCVGIQ4Zo6DFbBRMU1cYJMsxzeOEdyx/M0ePVSNIIECgbW0HCQXG0H5fW9knzm4Z+t93dWF6ZXlysVAsYnumxKoU2FcJSI6FTS/HViZpuRLPZ7LRaQR6yCgXdnucHXsGzQhvCGgZkY/EjH5kxBMfokVeanjx05x31jfrKpYth1M3ly7UHHpqYmTty110vf+WJs08/XZqo3vXOd2ktAKKtpFEakYkYdqNEOkhUSfmWGCjfKLesoJzoYoSoeAmeOYLXqfhKWtxEbrrICVgyCpUQhjUm76XDLsaJcmwTSiTqSUaf4LzjZ1nFwb5Dsv0JTQBvIBwI4sWEacLyOMdeeyYa2uPwcXJIRBYchYBbkLgIuWsl8e1brKxCtILATmSs+QuV4Z0cVVtyq5JbKRx0E2ebaMmw/V1sxcD+wNZoWiKNcSJYCmd10sg+NEES7+tco2QcmB+Li3F/irjYKt2S81kB4dkaUQZA2o/a3XGjl9YbknGM8DG6gmdekX/919Vf/f5xlyO/+4h4/pr60tlRbELLRT/yUORKL+7bGfFIWKMDfv7MuBMhEvYEZfXOwbgTIcTeztPIGd39/lg9HDnWnhFrQG+yDM4798igkiKHgZ1I8XVC2WiwZwjBiWPKnbgDnRz/oqqcKY0HGQnMIp0wTJak0WojO5NIJ4IZL9zrByXPPxiF2mqrxd2mVl9Ag+ltXr6i/9QzIhXPR3WDICm9qrZMCGvclAZ4IoqvNNTbwTLhmWZWe0hatWz4uIjfz/Bwkd1TIrtHs7r767GoHRwdpzblsK1EKKRDNym+FlJiu+gm5jjCQqoo7+e+89C3UbUlv7TWiXP/bXY2JvLVol/88soX7MFm2KgG7FK9f+qR2dKBlfZVRStqlOVNuJbDkypyJD079kC2SrV51KuO1R/jFQWrvTnkXplAzT/3w4/89EfGwLx6U8uvf2n1t7+8IZgRmnlo8U6wDHhsUsZR5WzF8AuG/cwur18Tf+/XM6Z4LF2gBFCvi1euiAePiL0qZ1dEuyNSaZGUSli5tB/zX3xeHv5j4b6JIbXIdOyIsQEkrxo4lrordSZxpUzsKxu9MbB/7dlrnUZXeRxrQguP9Ex54NtOCJF030rx/JevdDo98uua62HBFKr3cm2j/dIrN+67dyF+CkTkyPc+tPixL12iuxA9WNto1RtLjbPX66f2VUe0LbU/pDMz9tz+UPaXtAqA/QBsBlex1SqjHPypn179Cz/bs0gnivFOjkxPlYKcGx0SMX2LJwJZ5ZNIJ+nj1jUY10MYJ6YWxbxVdvv91WaznMtBGyjdD0bA9JR68Gf/e7FdD7m+EjlwdvS9mUU5k7vdbIftsLXVaLXaYSUnqiW/WujXKt1C0EWvmm5rt9HptZrNza12o5EvVSZn52bm5wqFgu63Truj/zbWVxra2l8pzu1bPHjsyNz8bIRmK+o/+lpKJJZAKD7uNAhdbiEuT9WfVRtL65tb9a0NvV8qlytzM9ofT7nUKeLECPAs8Tuif0puTfZM5sCLe2aXXFYmIk4ywE6EEHtlKJMDkC1GeuTT7vEdVeU2MnVv8jKZPC+TK8XjkSvYcYkDQCVuR+rDMgiLl2CCjQhdDNy7GEKhS7fbp/lEYCQ8WjxrehUUUYMmeQzEYLJgDUG88JI0a4oijScsJK0A7xJGtPQjyt5AQpBLvlhCpRAMFWdaT/ybVN9UqkdkpGIKR/3Zx1QGsDw1lytXKuVqpVQpwc8AwUQAwjtStHCXO0vZV4YpBIk1YE1rD7LpdPEl+oK9vBixIR0qwrPMGLL4e0gpBj5a6hXosYYKm2WTkfmw6NcLfE0QtFND+xA5Jkx7Tjk2yKK5YCUo/UEGEE0ANV1pNRv1ehts2pCdC00WHo4WSe5XIcj1HFoxRqQGLfEblXoNe9LR1qKYbg+WtEQUk10psnSWPSmDjYnZyhjzd5syIJmgrO9Rbiaxk7cYaKeuwy40Tap55gZ+pkHQYS5Aq1jj+5zcNEaBVvGwk8yfjdmWmGpG4xQlkjakn12qnjuHjTjkxc9VNFMi6bSZ4zkozIQwlghmCUNPhAElpQlIr4g6Cs4IFWByBcOJvFhfMW+nzGOSnenSEYVBFgipord9PbEhjKxLuWM40ZcN07QsjzPKIFlkGBXSzJUjOEh7OXUFnCNoE5qosFDZp0kXfwNhA3Kk6SQTypIo8ZJw7FYMQkEIFpabIkaSMy5mZd/XNoy6Rvcv8nno576mEe2OZgR9lCjoK6AXNTR03pO2h2m5ONXmpTm947sanFbpI7c3vc5ITryzejzG5tLU+PCRw61288rla6ViaXZutlwu05eOVGQ9lK7kBNKVlvKRG+ohry8N0BmJwZKxIXWcVgg2KQlh7P4iIZFQLRFZusuVEsRx9gC2sdluaaGvVK3oe3L60XgrOGcFmgw8wGCZnpxYn6wt37hx6Y1z8/sOzk5X3/34o5cuX1u6sXHtunbnF6am4UsHgQj04Ov3YfV8Pzxy4OA7HnzgpXOXWlubQamofIGL5X1BEXcRvV8Ux7kzrpHwAuxV6aiMO/00ogpD3wAAEABJREFUcuTPvSiZ3CJ1xJVmBiavsKZyOo/btKApdjssxynxs0YpjtsWoigQd+IcEemB6zEh1kShL2RHeTnlL3UaL77xRrkQPHTi+Ey1rJ3geaDhAIqipZWO7OlLMS8YOfyACXh5mDRhIBBWTlBwH9bqGVkPAghy0qvkGb0WgqD0NX2IO9FjK1IexA62W9pf0Ot0Saf1cojL0oeTBNYSASo1RjeqkJyXsTyEkwjJLHFIGVDCLH2mg5B3WsJttciSG0AsMwpnSJ+Vr7zI83OBMkVgzhQER4HJkIMoF1nyqn4hz4DXEQloRlIhTVwkuOz4RUk2QL/1StawicUPRaIovHDgVSZrxNma63UEWEU1xsoBkalPou7geYq5fIjj3NffFMm2pxJKEvrPFQ6AyICokVs6dq2GHM2T1mulsJZ6lmaNaQev7bRay1evluZm9KcPvdAPcrrZQd6XkddttyH8vtsFyi9gyBXLZS2bY56mvm601swhqBwjy3XlPkoMIC11+rCmJgCALgr5gkCWKJrftxg9cP/Ta6u9Tmv1ypWlxfmZqamphbnK5Ex9afX0F79y8OiJyQMHI2kIryAdwbAbJ+JEpXi5fCuOm2+UvSj0eZ2IEyFEvJXOARsFIoixSWGclyyqEjPnGOdENcPrsTNRyiyMExHL8Cpdp/MOifgYE8sSCxJGIzNMy+IagxWDgenMISKsHi4VxIQ7lDAOA4YFT/NbMxs0J1zbHBe/RF8sblGR2WAncqhMKpmcuPcMVobF1cAsbXXwQpR4W2Gc0FXWwKqSzEw6h9xqRVZ3iORxB3Yh44pyXhKKreQV5EKx3QZu02qsGK/kffRFiviz6c2zr8g/94/V/+u71Xc8PNZA//F3iDM31Mpm9sW6lZ16Y99EadjtdobvNO5EGG5r+jmWzVVc4falVint9LKNRmucW1Y2Gna/Wi6Mc8tktbwzsJNRczJjP+MamQgZ2977+3YuWRNwG4Ke2ZM017JNnIZdCRtBomJCocxIpStlEk0kZp5GT4S1G8UFcIZF2nzeCsMOoIPC5O+T6KdVddAcIDa5ICiZc8wzhXlKok6HmDtPNxcpy9mdttGZwbgTq0Eqp39ksqsHd75RxilqvFnoDE43IJJkJ0XWTKOycq5ywdKUQj2aDYUnancUvDxVVfILV3puep3NWm7Cl0EnilOp6bp8B0X/fYsf+s8Xfl3SyIDFFSbQCa2faAewJW6nZF4nBmmOM+9GnNq+lzJD6XgWeNIOfL0/M1kUb9Xy6tXW85dbf/ji1vJGnzw2hrYgqoejdbp9Q9vk+6euoSvSp5Iimxi8ZbD85hcHiKsSiVgHIzt3+ntJCULjZZPbScQfPyN/4pHst5DOVqSgTsxJKYRI6v9uSHRmhfZsQhQxVj8ee84+XfnGFy4xZgkndob9fXfOTe6rCJGwQLaavVeeuRrizaEkjJMYGYUclE88eeXeu+dFMtHTu+5f+Oxz17cgWkVxtAoiCXzqpaWT+6oZbbNf04i1UqbkfJH4ptI5kXp3yfYcMaSQ1G3dJ5ll4s47D//Mz53+1V+2uWz0DYenpqr5QiYeCfWbMpElRG1s3EnquL0rs57IOUJb8JlEUQBgtIoxV6Lokb/0CzOn7hj6jiqrq4a+rhjVWcOvbK1stNo9MIxWi/5URVULqqjNRlK7uno9bQTtaDuSdgO0G3Xt9yrXJqfnF8rVaqlSBlbR7bW1y3hrs1XfrM3NHDp+rDZZK09U0OwW4oI/cIMJ5i9ktldu4K2lO1Zz7xN4fhhCio1W0/eDUrk0MVnTW1TEIzlWUMVtFSIGbPv0M0FrBuVANSbzHvLEAatI8mxWF7BVeWS1I34OL2rATeDqYJ5VtexskdxITEVhAqwB3RkNtuDh1fbLbhf/elFizlkbFEdwgGMy6kOgEntPfVrNbXzMMvE+JHwYWYd8yb1uSEOOkjrFK3cdHTL9wiiPSC/VP178+kM0JBzAhIkLZDvIe4ViqVKtFIqYT6dYwPRSuMzPhP8abzt1qQ+N5HZK7ZDutPX/vT72nYHmpd4l+xu1ViWFupEi0SgSE78gLac1uY200ToHmYDyeWlyYyEJpxX7SjCym6fotRDHvdVsNra2GlsbnXYHACQkxaNogdGEQxr6jv3M8HKJ5iQ0mOySHPCjhn/atuncJG5lcQ0W9kO721vwyPjZg0x2jIdK97Ls8cKvYx5C0rsiuiRVYpW9sqohz2unHYwDwsw3MYYpx5PpMWk4jEhIZCpBGx2vubWcsf9dhT1K4IWL1jn0zASdRAQromJ8IyIlViRUGGsiUwKg1VykZARHYcewsoJ3vACSaoxgqTlmBYQcOn09U/Q0j7RWRZ5GxUq/AMu0vtenOpH0eUI53W6/kZEvY58yhRdIz4TuCaaaBj8sMi5FUn+UEo6kY78bEWEvniAxneGMREJRRA/HiThfHLGOcCxgRiBJhAI9/ZzAqI9sQLvAOq2mlgoozJAHg6Fsg2NPmiKyTomx59TtDjqhES0SdiTzCXfiWrN16Ledmpo8fPjQmc7Z1bU1/bNSrVI8ESRZMJY8fjoGWcEp3/MjZFOYyo5GhLAAMjsrxmgY+1LRT6IStlf9AEggVypqLqifvLq2vtWoFzc3q7UJDwIYaYbznNGMQ7clnw+OHD6o2d2zT33lvR+cLJRrp+46+e7HH/mDj3+q0Wysri6B097zy9r/QY56qTllz895H3zX4/VG78zFSwLHkx56EaF/qnhltPkanu0Zcs9j/5h0WbvqjttWTPcm3mfoxbhl8jNQBoXLt0uJ9QRWTS0plDQOmVkEEPrRU35b5Pwod63dfe78+UqpfP+J49VCWYiuPiggm2MkfAjO6Pa0P75P0xWiknpKBhBYl0O3fcTgS1q403TPx9gT4EFeJHKeqgRBVADArJ4mbBDNDyOrn/P7+TzEN3Wjlm6lpvUo7iDCDobWUWY5XN7nYW4WIax6TCvikRUqSRgkNKm1UKalMXprSsnWabX1hSUpcsWCh7BXTLC1+AZ5TSPCD9R36BfV++1mC95ES3h+x8/5BYkQLPhebDiktcieJxKmXZFJlgc/kGWA4m1VHP3THgIaU5mq9boAM9hpdINcEC+hi63gAhFMUOaAFTw+ghdESQHFeKiQRcL/RIcBO8cnEVikzfcsPpLoJGWMQiaNx51t+myrAT1JM9T15ZXptdXy5CRY3SgYMQJzrQ+5MIVWvfKFAmD6hKEeSMVSuRFuQTRiry+9bpsAsBB0lDrED4IcCkx6mOVULsjnMLYJpllQKuw7dviO+iMvPvGFbqv1xssvTbzrMS+fu+vhR577/BOrV2489clPv/8j35efqIXKOBVE/HLJdbpCjqRm3yhfG4Xd51kYJ4bOpHFHpME4sbYkQUYi4c4poZJbadZ8Z9VpapDpZxm/neB1JOZKS+jUAMYJqzMcFWMfh/JzZKY7AZcI+8rmXT2Wo5WNUZEoongRQZwg4lF0iySSSkkLPb0xL65VfHErS2r6W/mEj6fBTqQcT313us5VLWKwHGHIqYz3E/rfLvZTW7GzfRoyOGgSW/s2MnG9Mnog7hgNMTZxmcG3E7CTgZ4t5REIjYDkbP4CCsBQYmlt3FH0zhPqtz8lB/uo0ZC/8hvy40+rv/HDYma7TDLFQPzxe8P/4wtBpqjea7bCbrecL2fea+efHUbCaJ1o+RsVd6KsqZvICp9NKv5jlBMH58a5bN9MjJS+2WhdXd3cP1Mbcf0b19fqrTilzuL0qIttOXlo7qlX3hA7LOMya0dpTQmE0gzT8fstF9yyuLexSym/SzJoZqccecz+UCmrgTnIxYKd0A++3CCd2BrUAL4I8zLXx0AIRuxJNXeB5OgLb8Lzq8LMEBVzQ0qTbDBLEmQMKlVRMiqa5hZnenWRTmwbBlFYRLq37ORVSeqW7tDsna+rMvaU2uV9g6GQbtQiZdjB6EIlHKQTWBMllfn60X3T99kKS36p2Y8D5uaL874EbSXvu5FziS9539Qj//mN/wA142Jm4koQfRJFZuY41DkjfNN5m4SYIIa9s0g2hYe+GnGncw6QTjyjMxIKryrkbq1MtYvy3/7TV7eaaHrAZO24ZepNq96ki3FiPL9YMjtOZZ1S250S4wzF89fSM1s60lgcfSL2vihOXiuEHGUyvLg+ik9SM1nqFK5zwf7KjDjJrEqmdrgmleiHzP3rLy61NzshXhoh6Q9xmJ5810GZxDjR17/wlSvahaFfPsRDcQQJraNB/JJ6s/f8qzceunch8UQl3vPAwh985bJAx4MwItZrl7aurLUOTJe2bafK6BSnw0TGwTR3MKEl5IJkaBNp/AfbWX4Pf9/31+5/8MJvf7S5vLL4vvf1f/uj4cpS5Kx3JydJArlEkNsZtiaCxK7QTWCcuBl2+Ep8aIRKLMnbBKVAZ3thmN9/8J4f/8krn/tsbnb2zh/4oemTp0Y2P+4Kud0F6aLGFfi69XakrVmlkqyVo8lSWMyFgeyG/U671el0mluNbqvd63W1BWlieqY2M12pTuSCgEJD6vWtrY2NMOzOLM6fuvfuickqMpKo1+sRPL8RaUyjyE01qL0I/qDapkX5dHTl2opVmZgolQraGZ9DtHV9NkAchVi+fysVxxq5lyLMoFVWOYPQfbxjljFH6PqI00MZB21Gm1Nl532rrFZqbx2oxJIl2idOBUAjEPkBy+h65PSFhdb6N3pewZAvSM2LKDsMhSLQSkuFriIPc837sCiVRVjrepTkizUNMF5R8i6jTxmSOPX6Bk9auf6w4a9KBn/3wMBFg2o6LeULUeaR2i4dBH6hmCtXK3pOaZMtXsjeWXLHUoINYRplgjYovxBk6tJG7i6Es/URY0mI2LCGonvIeaCTE3BXdn5prdr8TuC2DrDkoICPQ28d2cPCrBINxO/ghf2oB4Ey7VYdAE46rRajm2DkCg0Ko87ECgP2RkKRlCJLCd3Fe70FipkVMfVQe/IiQ4awMwaSawISheEiMms0tqsxGqmy/2dGwFdkCpCOL4b5Me5SABruR2mYYG6aq4QrRlVUwsqYVngz5yGDAWbxIoIDaXQsZ0c6IYwR23htEvEbnMyA4j4Q4AdD3kjeJjARI6jwKyXAXSRp3ZSdAUkTtKTb1bOb8E4A6j6MpHk59irhunb+aWUsab5KIl2RUpxoDIkhqgQw3TCNjmRnU0Sdp5SVgszHYiTT5Jg0ZgX+JEYKEoa8AqqZ+cRSqRSFNIIBjkDU7XQjgM4DJ0CAGc0JOl39vwo5nw42UthYSnDdqUwazZ9C3HS5rUEnyoQrKWW5C/EhM+bGfqWIAH9QcfU9b2FxodlsLi3duHFjeW5+rlqtRkhtE093Pq/2N3NTmM2EmGzJH2OuD8qb1p5jZ6hK/ea392Qun9NynvbYFgr5drezsrYK3s9CvkiYhBa+RpIWJ8ulwoHFhaXry1cvXTh09GS5WrvvnpPnzp19/dy1zc16va0u0gIAABAASURBVL6hPaZBruDD4n30siqR00pQzn/0nrt77c6l9eVQ+IhLBMhHUrA9iyibdEjInpFjt0tuQZFJZXTg7Igb4x2lRjXw9gncN/8gpANWE7bDTggb38c6LYwn8P77XRn4UX6j07q80Xj1jcuTE7Xj+w7ktb6hCVMA4X/6QsgYGgRKdMJOTxl/oxZWNTEloi/6TP88xDuxuNE+EERfE+Cy7/fzQbefBz7Tg6yOBaWqYKHOA73vdzsQHqKpD8x8r+AR0AU0Hla0I7WM7TjC6ss2pMAyVUhWEviBgiViUQcpKcSdtDBSU+YhTRXMdMxPyfxcYGoVhPhCAEAtlHe6nUZLv3Wv0dYvVayW9TyN54OC+JRYTDMel8GPIbLL21NeiyeCMnxSQdYhERYnquWpmmZeBnZSkvBq7el4kBN9Yr6kCHNkIieMQls5SS3k4sKAIz1YBObsYTGDmTxfP6x5UhgLLz+e74AoI1C22q3Vq9d0c8q1GkBaKQQHUlozyQtAGIPUtn7Op1j+fLHYA0RFQEBhiQGhDoulEj0NNHMp9S09iJDV0yDSFDhUfd1eSAZSCI7ffefl8+fXr17ZvH596fKl+cV904uLCwcPX33jjXNPPXPgxPEH3v/+ngF7t6wjJYQazTqVqeR20aVvlNtVTLxUGuPEDOMkdgiZmZTdxn4vKTOPJ7YyRiJJ1enWIJJbFpeTtUnH9iJVRr4eZb3S9j3jywDtzagJxKQ8w0KMp8ZG/yJUVcSqMaXzdJL+ZpbjhQUxXpku7Hd/zk4FxYJsd7an1vqyqVpCcp4viBsdMU6ZL42axdKaXQzZc6XNgR9JWdS6vJIS6iC3igfTSBwRG3HyJm23bVsykYFhAaajFCsYDhhAfN0YZcSV8zWfHcnA+kIWpBn1RF5ZaovxyjtPymOH1LmLpn3J7Quvyp/8R+rPfY/6nke3abJWpNubzdJkOq5Cmxc7jUapKEu57Bpowg7GnQgO8xVx0FHcHbFdmqZ7HH9CosBOpH8tUb7z7sPjXHlofsr9+UfPnP2Rb31kxPVffPG83c/ngoPzk2KM8uidh587fakfjpGLJzmnpMhQC2NhXGWfdee7nadjdt+h2bJ4s8u+6bFQatySHh/KGWNDitu3dp9YxzCl1ciWlvoZcml5n2FTDsekr+CgjyTvEuk6hTCS8eBdo+o0tqchdyXbJu1DhHAilaWdpK5m4hBA92DmzjeKW0bYeZXYpkiRxjgxDAgdhXaIRbQqHbzStPbHLJ8F288903f9zhu/qz/rVH5qpb2qlZCnl5+eLkzPFGc+cuIH6EE/cvi/sQ/dVzqot+cbr+e83MHS4cnc1GL58PXmRdQafEJoh31APVEk+jmWDaeFWZRpbJXVZVo7KDZWA7eChnuz0xdvpfLxF9Y3G5G1XQsjTGB/erb9hHTCq7pcsoA72/WkY4gefo0Yo/R6g1ULl14ZIUXseZFx95io96yndIcDwJHUzzYeIbIiTpwqExEnMqOezOcb6UTY6I2s7YUnLoU4hSJcSoW5cmRt38TMwQnlwD8oiAzuvPzsNcrCIxDjRDDeCZDoiOJOMEb+iS9fvf+ueUhdrqxbWDx+7/ynn19q9fp2ckLbPPlfX1r68fcfjdtpv6MRcKV9STWiN81FLLtJnv2mK5VjV7AdIuxB9LKo7cbK5IkTD/7Fv0L7l8+e2fz0H4oEQolVapVIIZoMHnEoySDGSXz9wBF7fPYd7zzxPd+r/8QYJT2iBk5lFJXYl2PUL/wgN1WNaqX+RLFXzHW0kTXsNVutZrPebbZ7nU7U7+fzhUptYnJupjhRIQN+q9na2tzc2ljT3GHu4OLRUycqE2V9Yy4XQLWAqhtabk8DQ2XljrSyDeFMtFva4dDRR7QDgoATtMFT/+nLtFEL14nJ22f63m0xRoxbVRJ2GPNI3rpWD8fRqZxizzt3Z+8POzL4dpy5FU/y3DYfyrmYrPE+z3vsJYg26WhzZk9/d7Bq4lI62jEmFD3iAk7zJwCO2gM8cB8JGpBAygeB5nPODWGX7EtehsefA7NFKQQvAAs8OZQZXsXpFuUueR5Skn0y+LGlc9xeCdCDAkay9qblENokXyjmiqVCLh+YGyxvDjniHIJUBKW0oUCZLqK/ALoJpNMJTW/H5gjh9rfpwsQ3GHgZMU4xjnXq2Jye6jkInMFJyoYmSH5kH4RpSuhiWDbfgw7f2qw3traa9Tot8wV8cRBOfBoMTs4iabZM5GVKIVODy7q2n3KZs1I5WbHM47N9J7e0uCzjlj5G7LZIy6pNXYmzyTUqro3XaBskDqjB25PeA8mprXiZmZ0ZUimrJsevYmcigdbTdPfMwYgWEdrwFAiECpBBw+Aj0CDtR9HOPkBU4pRwIdbqxdZlQ1yZ+0CcCRMW/onL0mEHwzgwwZdDAVkMyhL5lMFQwLmA3vUwRAKo+iFKEiTcwSwxHcKMnUNQnPiBeImapLgMWBTCcii2zcQPQDA9I51QYB57kVT8deLIb7N2dGDkWHFaWFEqsll1Qke7V9w4wVY8zO6i4jV5kCYM4mz0J1AU9EMeWS12RmYY4PsbSH2Mpxe3tty+oJNBPcwaL2Mr5k6KjWLTt2vSvG/f4tbW1tLS8uUrV44eOwpnQ0h8IJUN4oinJUb90VSCAmwSxzR58cVYRDfJ/HgWK3utYq+LpMQQRHv1EwqFXK6YK3Tz3X6nUd8qlorFcjGfzwthjFG4SIWaqtnJZG3irlMnXjn9WrlcnZiY3Lcw8773PLZ0/fc3N1ut1karVWLoLS09QFf0Pald+f1T+w80NjdXn1mr63FGUwZATjCURQ9fX7LiYZQNGuQIUOaRlMNGCoe2ZfZ/uq/G+IZqrKvE4ONSUp07YCz9SrXSRWlThuXRMQynkCmRyH1cos1KjMV6tzurTM2ZEuq4FdlGwsajmFfzOdhVz9UQhhyq0PCysCZD9nOAsLrZbpy5crVWLvlKHt+/CMEZWgPpg/YMlNLzc8UCDBrtXIdvH2ldR4WYZUQ/yPci5jnM8UiKA0gqWO8RAd5JzlflvMR4AiW6SF19kcsB+ewJ2dFUMAq7HRRLPASpNusEFaueEMHLoGHCWYpM8CUeTREcB562uxH8FcT2ouSrVSyi1UGh4AUA0uLbYaM7oe9FPmaVQklOS2m9dqflwzoyEotlueQxQfDYSqx4auNSFk863G5nZRdD//aUZMPMK4s40AeFE/27WClPzs/q7quvbQqJi4IU5ReAf5TpHBBBuDcJ/Y8RaxWlHuTxb8KlCFQGFWT4tpEXkeWDgQ28gQyFwplDBEITGYIEj8SgQ4o9FZvLK/lyqVKr6o+pxQ8tE0R9NtBrvai+uVEoF0ulUh8WkXilSqWxtan5NGhZMH8izVwKhQJkZCPdQI+AIAe0sh+2G3oAC63f+Lpm8KWrXKV45O672pvr9eXmldOvT0xN5WqTx+67u761vnrl8ouf//zcvoNzx471Sd7xKIOIMBxE2cAAwdqssK/q8pttvuRb3nbwjUJFZWGcSGG0XGTCdJa5lUVGMYqBFUwlZaNxkEuEcUoRxklcm4lTNMeFc1YI6yTBNuA1POzcOt3nuluuUzoEknDUIw6vMfbvBMHhYW+XB3u0bFBIGytjpjbuj5KKTxX21fLzm90bYrvySPVu96eewncfKz7z6vaZO/RlfrIJx2vyxo3tp+Z0Xs4VxjRDWHFEGr6TBDsRKf3dxO9ltCJ9VMZbZbYyuRWOWT+9VQP7u9iKgf2BrUpuExgn7lYkKxdmmblKy+hxoYFshpMQziJgbtJI98yR+SKDUce+YfYug/VnS11e7R6cyYvtir7p7/64+JX/rL76QvbD2i35q/9Rfuq56K//kJybGFrP8xch6ERzKS2z2YN6JjbXNrWEMz85qiXGvmAnK89uGZt3javbXCmMPGCv4XUS7G61liaxbfnw4/dWS2Mlvsnn/PuO73/x3FX6eeXG+n/9ymsfeuedmRd/5pkz+gL78+6ji4E/lipdKeV1k37viRe2uW6MVxODEy/7UPL8m2CUe3NKlvSshsvHrOGp9EEuaTXU4IsYkklhvhb7xER+mPlvuCThGiYwS+iumAsL1usVL1ljVBIpXN8AtUEYzBJhn0iUhTi4QTqJHOoVGU6abGdMl9JxJ0LEHNWleHKgTzPPfl0VlXFEjTmXh1QYhz9GmdghMGQIZZpiTSIbm0BHrIO1lqt928FvLfklU3N0cevi5cblL1//4tXGlVKumC+Xj1dPPj7zuNZLP7/8uYvNN/7By/+LVkf0Ld+y+OF7a/cdrZ661rxkxg/Hnag4UsrjBvF2GMZJYuwMkqtEPKxKdsbw4taDejkihSgGkKaJXW+OixB2e8pHv7Ri5AArgFq7E69kNXEzDt6J86LJ+tTAQZXZgbHJbSdlmLjiStxC3sxgH1qs+uLZp2SJT9vQHKMTJCNOrKgpU/XIgSrtEZm40Pyw8TfD99fOrdVvNBTBnmNyCooguePdB4WwVkeSHsUrz1xHyF/MpyMJE4UkIUU1RLywRG41u6+cXb3vzlm3Z3KB9+575z753HW6hpHihXjuwub6I/3pSqDGaHPqRdNGS/Piye6UVgFjdBNzPN6RO+YQxfse2PjUJyLF3NCGkrjRITbiRDHGiRXpY5STBDIKX4k1mNW4wok1EQ4mysI7Hxu7sRkvN/R11cizI4u/b1ZMl3vFoF/wG91ep9Ptd9v1jfV2o9FttXxPgkl/aro0UQ2KRW1w1dazZrO5emOpsbmhfecLRw4cv+NEuVoOYXUTrFIGy1XUJ/pDModIE5GIHHZ0DBbUdbXjD9AmQgR0L5VL+UIpj6k6yKcG4ocnU0bpW+6gHbukWnI7TFsD7247J1bAzTWU7kQMNMx6KLZt8LZhGIOVKGV4JhaJ7hykvWB+IfAV/cW77TaFm+htv9sP2fMqOIEMNl/0MJSBUbvYHIDBK57yqHKZyxc8RMtgpAFsFIrWilZsK3omglVzEh9Yja8o2gmnOFlolTUcpTrK+cnKuRinsEUZukTb9wvFAg7vQr6gHWK5IO/5AAYZoSfB485StvMEe1cRc4F6qdvGVF3aMxuSgRrt/yzp4IOUAaowH0KEyjrCpKsbD2tyIm2QHTwAbZLLQSp3yKcTBJ7PWCfCjDFpnkhLcmEP8Av6rTZEsenGN7a2uq02xJoIDhVCAHkPXB82RskMNiUGjXBDinLwlEZ8CjY/Ot9XJfxrb5Zaa+ZIxoumXH47rdf+K2NFUghhcgvwfuYTFP6xRQIw9RNVMk1w7lRyxDcgp3McKhDFTVR0byTdZY0WyZaTe6IGO0BhJMEU8CMkhSdhYZscx8KhIgvrbyFJTg9pAgE59CJOoKMnVF8Y2y8+LjK1CiZvfhzyCH43ehrES6ELx6w/5yCOeODasFgDO0S4aZIXbVIaHWgYYC71MadWiOEvposja3GW9ACBE8Z2etwhgqLL4SIfIzWhx3HtFOHKAAAQAElEQVRBu4dZu6RPsfNsCY+QrMSfiDpLCavOu1/IPiP+3KgAEnoUm9CJ1hG6TGxhcMYJ+mOl85Ux7kd1WrBAGvBd+iifCmZhEomPR1nJhHYCC3DsiiipEib8bmZgZNOMlAgxotyWoBOnkaxkC47JcC+IzGRgtXgkt5aGjHJaHCEmp6ePHDmsGccV7Uqv1WbnZsGpbNwfumc1NYdoQUcjIdyGfogTJgw1mU+Bo4z3bta+IJygFhz8NHyjRJv9XFAulzVva0PKuH4b0q81tBSoWY7AmDKi3QJiGEOYRZ6YnZmtVZZeP3NmcnJmavHA4QOL73zkwY/94ZdUpMXXtTyUQj5f0sPOF17U65aCgmaG9x0/dnVl6bXrV7Z62skP2Up8GfvPaYKxNs0/2ELBlpiBII9UMfPB6QtvPFnBuWncG5xmxFxExbwzVa3IPOgcYbLrrnUThgoOXj8uZ5JiO6Xe9uSOpefs6wc6MiXDYY4YMx5BSgulaushhdhtK93W2aUlLecszM1VIXVOQQV91Vfafe7pntF2+kJes5FOX/MPTKCDYUl6iGrJCIKlQ1wTYj67oqAENKtpjTnveZV8Tp+kdI7sydCXF3I9uLffCkNAf+t3wo7080gVZIDJkik8EVopBMUyGHannH6kwWx0Qj+Xy2MnEKacgsSlXcDEhngWEyYpAKoC7/YgXaXso84F7Qt7/U6jKW0YZaQK5ZKuE2x3wlp2x5aG3/7FfU+2XSLPhYgfIcoTlSic0f3W2tzUn0pTUU5alKgAiQnoKRhNr6kT60WhSmIVKEV5b4yzMDL4gdLGtQ6Mf6xaJoiQdJgxiUkK0VJUt9ForK42ZybL01OoT3iMLSuFRVQUeLPmEXnfb7cCgKDU7c7ntdgOuYQKHVnKm6hEocWOnMoB1InWVdp6TOUhCgqDunQ5eufJ5trK2a2t5sbm1fMXyw9M1hYXDt99qrW1tnbp+ktfePJ9swu5yWoPBR+MVe+jfMfxplavFa6i67ic+Q2HEaXdBnGOSeV2TLi+UUYUVxkQCZGU7XFEfvB7KjUQcSLsTfa4co6I5L4bU2KX3zqGANfexzUr62TIqjMzliXWddi5hkgmGN4exUKscgRapdiQ71nnoIdOHIII1HOLIhxJ3xajiybZf2bxe/7JpV8zK3iyy3Rh//dPvyt1sFb1D+/LXbw2yvmhL9CXpQ4+OC3Pb6nRCBea+n3L/u35h0PFhgIkuAdShMDKdJmT2WFgY2KcvCl4J9IsFhfDcE2c/dgExIzadoWymV+SQVBiXC4+LPLkyHyBDOvIpJQRJJlJaRbz5Gv1j7x7RoxR5mvif/1T4tKy+rVPi88/LcOs1cAvvOr9FEGevDO74U+faekp1lhere1b9EzWlfbGhtYFdJv2Tw19XWVXbgshrFfDiTsRhiqk4k6UC7FAPS4ZgNmNOxld3nnv0TsPz4uxy+P3H3/t4lKvz330/NnLV1c23v/QyWP7uKu1df3i0vpTr1687ESc6PKue4+KsYtu0toDx7/w/DmxpyU9JS3ptKqHE24oxi5qZHTUrSpI7HclDKfusj/VwDxO/HB7z+5bU2riNssUJceBxbzJsBpHakwIjXbkp86y5GW1mATXc7RIe5flwkwaEnw5/tCJIcDbzHYq4XC+5Ce31F8m+8/txcFeVqYnv1FuoigX48SwS+EybZM/Qus+WohBLUPF6Cb4rdkk1o96E/k4lZoWe45MHNV/QryXjnx1/enz9XN/cP0P8jK3WFz87gN/fF9p0ROuKCIR14S8s4oUCoJjj+OUtsM4ca5xXzRxxbBixRXlsInsK1mjRCJC886TW43xwOJuS/mdZ1aurbYlreGRiamHLffMDGWkE1JGnQrsfI9/DhfK4lMONRPDb9lBUW7YjNruE+7+MbzcyYpZg4xp5GOJyKelBjcA2v52/ATJ+0cQNKNW83hztsLZf+PJy06sCUeTFCaK+++YtS1jhSxSr714gzLpUMQJLY6J+F6OOEGsFDj79Ms37rtrVjhP1OXxu+c+/cJSSDlFqQa89zOnl//4w/ukG2UiDB9x9oWIuUIGWzVenME+kjGiCR+UkvfdMJQdafpT737PtX+WF92OyVohlFErYzwSE3GizBF7nI6ljwuhHJ00FY9CW7omqEwcev8HxM7LiDccx9WaLslZG85Xe+Vcx5etqF9vNjHopNNqNDvNhq68XJvUPotSpZIvFTVjqG9uhP1eq75V31jLl/L7jxzaf/hQqVzodju5fKAtTgjMzNnZjFSeYbSh4ELdV9rN1u1CihBCntA+bXDHF4va8Ev5OCjzmiT6lbQyfZ0UlcAuUkMvoq25IHK8ie5du7Dt24iTlKtFOY9zi7TNxiHGH40+Oixqj/Cja6MkxlC0232IOeqjyzUU5EwigUBxInsSRtAPBvZtGBiR5weUz0LS8v1iqSylNOEm6M1FmPAIME14dOkKbVYdDDSRFCpBeSdFVi8NKa58KgY6JzHB6PNhMgtP2+qLJQo6yWGEjMfagMrgDISmgPElussiQoPRc6XfwyQU7FzyjCTPrByaweHj0m0tUWnptt+uYBmgwMr5iKRW657VzhjwAObzepLiql5pO5x6laJS0I9Oy4elbrf2HGrXof5rNRr6W+P1ujdyBrQAUE6w2bQM1KIqqKTynujqDM+xEelGfzY1Yga9GcWZtcplGYPX3OQjRFLojaVe6VyTKG5HygGYmUSViePbEBVl/sxzeeiabx4bw6zSSuTDEn/WOpk1kO+EAHXMoObhTlVGtIOzvtcDhKNeyEM0oli0yE4bia4cZWYAD0GM2BCYT0oamB/G+wEu5tsQE/TIJYNAeKwqmbAC4PsS4aH0MQACFFKTlLKXCftKJkLFdJpdQsa1GfqMgBE4DX2YV5hIgXPoeFLG4bDGom2yrlHrk583/b3tFxFOKziijm0BDAfOwrv5LmyOE2ZWR4Y1QDIJAHXRndCBQDTIdIbhaBxf6nsM7kJfQNM8T0qnV93C31yY/h8xa8acUHsWdDKMl5Csj3vUXexXU0okyJgxV8rd2tC0s3lmdvZwu3P+/IXLl6/owTA9M0PgNgF7mqluZcexD2wW4GoiisoMw8C4FdXOJTDlji63O1iz5gOe75VKJc2aIeSkrzSrq9e3tMe8NlkjH6sK9eCiWAEYCVGonZq5O+6445nnXnjhuWfe9e5q0RMP3n/n8lrry0+9sLVxQ4/FICgUC2WtHwnR16KCHmheUJjI5R9/6MHoZf/5M2chN4rv66EnKSOKcJlfggMZC0UiJDXFiowFn0JTdve5dlBcYU7FJr+4qOG3mJ+JfXv39pR8eJ2DZdvRksHRR165/WX8XHt9ZJiT/aISsxKQvsqhvX3fa/elnw9U5F3Y3NBek2OHjh6s1hYq5ZwU7Zbq9LtM3PR0yEHEQA+lSCFif7aZTOw6hKQHOHkjBOrRFNJXYV5T53xOVUsRszhAwoj6UdH3eh7epyTk74m6KvRpioAeBI/C6yWaz6D1Hq7cMnzFMnVnjumDFAoAUY0s72ICs25XV5JDfiZIksNUOxECYSnaxxhtiE5otQX7XxjsDox6frwaS7p9S40Z+aViFLNbPkv2rCQMO/YgvmbEychFkAsqtQlK1NfT8q6Qmr+jnYAXgErhOAago9EEE8FYVDYzgXDpicPg8dOR4CEBt4n9eQOKC42oiO9X5nG479voPVS/mxsbq1evQP4MP48f3zf2TpAj9BM1Hc5hmHk/DEvlMiGRIpcCHKx2s6lHgdbaSUX3WAUAaaDX6TVUvTY1KQOQ1fSRymT16KmT69evrVy6un79xsq+63MHFuePHFq5fvXyy+cuvXL6/PFX73rs4Z6nhQERgXLEar+k6FNpQqCHkwpHbxnQe9EkKr5R9qQMzu691axUCuNECpEUgkUSR0QNnrWzLUYkEkYhJ9wRYQX9JNKJOS6EcPe5USavWrolFjclyY7jp5DODAPao+UPRKkJ78Rc6Al+AOxr0yx5YvhCFpkQ8QhNsnREU5FICqHENp/gZGHxbxz56X994w8vtl5HRMdEyQeVx2vv+OGZ92Y6d48fLMxOBq+cbw/m2SkXvTuPFgYjTqj7vu+I9/SqenldNPvpG30pDlXEexb8iWBbCYFUDKNNSAODZPQB5Xwtd8e5O7PaZMgalFEYJ5YWJ/fF+PuprdjZPmsK8ZDm4R0/wezzXSrr6SK5Y27gY8q8vh28UqZ7dRjTrhS9fQv5a9c76OHzzPoGZlJ6/xNfXRsz6ITKoTnxN35IrHyH+refEZ/4kuj10k9ut+Wv/qb85HPRX/mIPDCdOPXCpc7KKoTP6rlWX16ZWJzXL9KpNztbDaIM9xzIjXo2z3tpHadJg5S1GcYQC8KSK6GSzhiOOxFOzMqwosWr9z9wQuyk1MqFDz1218e+8JI9srxe/63PPFurlCbKxWa7u6ZfeaB84OGTY4Kp2PL4vceefPF8GKkd3ZWcjBnnRl3gVjGerDg/CS91K9SvIJCH5kqHFwoLk/mZSm6yDNklN1rhar23vNm7sNS5tNTq9oFi75/dcXodMfiKid/bvP+IPoxtMMT1IsvvhBCWWxncryhNfpgVO/giMUMyx2M+iESJ6xlEOsEb8Cy3J67HcHzJy2wSUQtCxG1jrqqUSDU0sZPdl4OdOEgSxQ7G2tu4qF2fHKvy1Be0DAs6FuE1yT4oAjDpoLaC+o0Qxj5IRyL1lRtf+faD3z7iWY9OPaL/Rlxwpv6qEZuIVkeSRzWMzJyXtzR5YBI58lsME5YuibE4pGxP4szCUFp8TJZTyk1zaaku3hql3u7/+meXpCtQOMEC1J8erw43GCeK14tjBUxPTMnsEmUMou6h9DXi5opyMU6c/T0uKq4/HmMDTxlN1pMRJyyI2q1wJNJh1SZPSecUt0e5MbUivd9Ybq2eW6eoEcIsoe3xd+yjxa9uDedPr2h5g9afinirzIpUzpWDhi+o/+L1xvJ6e26q6NYzUcrdd3zqmdfXbQ0U6fKlM6vf/cBi4Es5AuNEJcXZwe6gX9wN3HlJLhAfp19kR1S7MsH75fLUt33nyu/+lhBkNeHhncIjUQbjhCyVxl6JHhPnyuT1eISajcybbCXk+6fHHP/+H9Im8LEbmz0UdxNlQmWITaBTgZQ6nbC3ubXV2Kz3Ol3wy/X6vh9UJqoz87PViQk9QnraQdQLm416p9XstOrafHTo+LF9B/ZrC60+BXDPqk+iOb2y8Ww59mTHT6YYuaGPrnT9RFiQrd0DlKoDQBQ89ACiPs63G8nEFdp36v64ReU2+Be2L+TSyzosnI6yfqXtqhMJpWn4MxO3CLK6w42eMbCwdxbDTSB1TqfT1f+1Owht0gOfK8WAkAcUpErGj2ZXm3kOhMNqSz4uzCRhFdCdS/liqZSDJc0B+zTRv0wNg3gTDNqAdBXUPehEQ1+z4rmrrG4Zv7kYXQw94ItVsissAjQ4xcGuy9VokgAAEABJREFUnC/k9VQqlAr5fM4PJMMkoGCmjbSRuZE6gCwF4HDAmBkMzely4iFM/yHIK2gmBRsKDCFDWm6ZUczjlPNa1GTlWGySL6ekOUQeFF3yhUKhWMxhPh3f56fHNjQukUQEGZjVXfAlN7fq2m+o7dLU7CDI8wMUzGtunpJmHbhnzkYq2aUpSSUe6u7oI4KeOJB4O+5ca3yP++LNJCDKmbZ7TsqUHVFxPxjuynQgGvLQmMA601Ak1buMBg/MHJU4LFmtsEOUM+lIlVjia76+tAsheL5hmynww/eQxGg9QvvEGS3e93zO6hTjl0REEQBKS7O2kBBE4m6XwhkJ9v0QOojiSyBcDLMQCPQRSRN0QsoTdZFyXtXtg7jjiLQhtcE0OoJhl7idHPtCsxcKZoZgbd2NhFGmG+l7Soz9ssAq4Lin6DZYOg2d4nuWBCQnDClfyflliaD7Fe0ndlUFoqTsD+KqpK1Tus+h7hYc4aLfNKSkWhhv2m4j9w/ZIqd4qHkxCTISsqRuJtY/OPbM2FaJlS+DZfwpdguRTmjcpY84tEA6vFMkaMRu5AzM4KAWFhfanc7TTz2rh0utVtNsk+r0MPkZDReR7CAg9MibITJDy2RmEYaImzJaHHVUG9IGzJvweGT7F08hSPjkB2WlOhCK2q03enVAOimWyiXNeEJIU+GHAEZP1fk0BoMgd+TQoVdfO/vG66ePHj2+f27mve955PK1K5cvL7da6+ur+u7qZHWODcP9LkzAfm9xeur+U6dWV9eurm9qFUoTBgHJ3T1UkCGWysQOUNuIuzGevssvmTrFP7MMyrv5aGL87+2KdNIBvVAxp49/uq2yDME9yFXyIB2k5zFPVa6lRo3shPF6YKyFjDthkY564MpM/DDFgQ+oDiPyj571fZVvAqaJFk2bnfW1qeee/6YHHlyYni5qe3MUaj94u9chGSuXy+ek19JSbNSlYY3GIkyAgNJNZOQRk1VFeREa2ICeR552xReLyELqEgBU9PGoG3lRzhcYg6iHm5aWlZcTTKnhqV6A8BhRSFAQYLuNiA0ISqZsrLsEDAY/kSnCsUCLwpRADkNJJOtYkpDrFAYpol6tOGKTdFdM7NIzjkbU7uAh+WLBlzl0fyqKVnHwpr7GXfsJ/pg8ojsjVyhMz8/pjtpYWu53uixkEd9SIvbDkSgjqNOBI0oEZsNv5zNEKJohLCukPVKGhGdlAaOHOO0xAz5yhBKJ6DhwiSdYFNYDWutjG0srlcmZ2ty8IshEshP6lKdJ9Tpt3y97OFtyeQgugdSn+Dw9SjvNVi7wMAWuRy30g5y+N8jlZKsF+Ib65mpVSyTA96NwcnHuxP33txudjeXlc8+/5BeCmbnJg3fcuXJldXN5/cUnnlw4uK+yfxYQVnIBSZ82vEqQcpL8Fsp491NkRxnrTPzV3gpa+tdwSXXvzSsz5guS6CCM4EQsiP0ZynHzOkqjMjqEMGNGxVXKrC3r9KYGx08W12mf7m7jelKxJm6dwlqveAqTmKrY8mpkWgxRxKWRIjLRJ8TWSfmxECgYtMIPhegTim2UYxDexdzkXz3wg13Vf7V9NXQQAqe80rHCwuh7a1X/0Xsqa5v9RjtqtODeSsmrFL3pyVE5OnS73zEj3zEjVrui5QS66HdYKAjf6iY7K9JZN6Hsg5zZbrrcOSKHR+Uoc37srVEVb+t2521zQyVE7MKNfWjKsRCZa7YRxEZe8Mgd1d+72iR2g4Y8fiyJMWdeb1y43jm6uLNYh9kJ8ee/R/zZbxf/95eij35WNurpx7/4mvfn/6n4V39ZVZyKf//pusIYTT3tepByc7NQKTdWVvEVYHC868TQZijb3eRxcIiIsSApkYo7MT3oxp0o4whxe3u0Flot7qxzqNx9ZHGz3n7i+dfdg5uNlv7LvP6hOw49etcRsfNSKRWH1TmiyIFJPnjEMS7JFPXMvn5I2Wo0ThyaeP3SFv1UStwk51+Yyb/7rsl3nJi452Bl24vPXGtdXutpu+fsxKwYuygh3DiJ1M/UdakfJh5PiEQXCoeL8eUyxgiJ+9VISu5Z4XJDHuTSjftzeC5FiiSDAm09MuGhkULFXFsolXWWFFUnJibms+k6lWHzsfCR+NjKcOcEiRMDBCzz+C540tdKGfXqaly5zg2LFCrJo31BOW6gtqJfgNyjjl1W77xz3/v/7D1/lm759Vf/9ccvfuxQ9TA9PvUYrXzIXN42LvUW1aD62aVPv3f+W94/B8v913vr/58X/gav00BdS7ehnKtQa7W5dODdLEtMvMWIHhpNpuhs8iUSP2yshiIxEIf7y+e2T4l4e8r/9+NX2u0Q+Z7JJuDIGUgrYqQTknRlEunE3R3YEcKRtQdOiWFdO3pIZp6VSbnKsuk9LExEzQ+ZjO1IXzmkDI84SR1KHEheIBP1DTAV5cZtGFLpbi995XKIb+BEnGjZTh17aNHWIIzF8LWXbjB8kIdRJtJgnGDohhK0tBIeiTgooIG8cHr1mx874D5R1/P4HbPPnFunOpU50e5HT5xf+6ZTM8ooTLGXYDByaHBHpHveWHmN39p2sG2MdL4Dnx3LTumW+Y/8wMrv/TZY9JJmCZMfB0mec2JbjBMlEsfVkOPCD+750R8Vuy07jTUxcvGoiUQ9FwWBdhE3tuqNta1OowUWRhVqS/7E5MzU3HRBC8Ce6LSa7Va72+lqG5I2KM3sWzx49PCBQwe1e6vdbgGdIWOZ4zh0BANX7OGi3dIAo94G2ZW88vpP+7XNCnJpK3FrGMHvxmaFb7OSsqSlOsS9LHXceq/ce92+FWN0mkpb+CyOCFfpXCoEYcQmatc0heKuIJdNpwVZVtqNNsJ19DCZTo/FVmiVx8EGrA8bYRMHljBcDD2p2oxZojCIYrlQKpXgLGiXgrPzsGeXFmlzciEFUS/kknaZoNyxZqOUFY/x4oi7wfjvzQJDiI8plculSlm3ULczyPn4NEMlUKrA2Cwv/jSYowrr8bSXvK19b23tlO2GmAqIm+h5Km6GNLVhLynb/DEsrEoZjWXgHmgnASUAUoI2IOsXKRYLjlWNhxNinID1SX8V7QnpAuC2phbNVr3RaXc00QjRzYG5eDxKVphiue7iQ8X1esMAgIeO2Gy5QmYeSVEk8SaV20CyVDweiIHhngwTF2QUaXBopHM7/2u2xFyIyEdiCGlyzF0iqS2zX8u6dON7aDEGywBYJ/q5PJ9w5lnNlfRQWK0XEQwCzPpeH33KfQRP6oU9jOeAYLcw5NiOkKYbN9isv+LmoZBBDyJQE4AbwhgOEjpi9sQuJKli2zSSLpMCLDb0GcochQhQhOlKlCFJJvEZ5YtRKaKtrAZPz4qlHkngJR4GxEgLEYlBMnDCZ0A/yTj7yn5CQ17MB0p9tXjH+VbC3advbZtnchKSi5VCiJSVQPmrw+sDse9BGFAfAE6AOOt/9E5k3WqQgA1JGII8OSYIIvzuVzNdi1Z8p+3bE72xy21Jr+MUdq2kRsB2q+LGKXr46l4ulkrz83Nz87M3bqycL104cfy4Zkv84WVaGKfjFK2Ciaj63Y7M6cYA4owwns/xm8ZsNSYDw0iflMRsqh0tIIZ6gNTr9TIkeKzqWQg2AcWWApq6GLYpJ2u1ffOz506frpYrC/v2TdcKH3jfo1/4wjNnzl7b2lxZ8ouVI1U/AHcpKD9a5vDCzub6wanpR++468kXXrx4Y8UrlWQQKGKskSKJloab0yOKDHDC+UAuiaR3y3wzNaRTRv4et+x6kIziP9a9nXXc7r71xW7pBG8JVy0RxotnF2DAC/tRkOvJMJKFMCdkt/fitSszk1NTU7Xjs7OyX/BVmMM8aAoQIcDBrnJRC6KYAKTJPJJlGs+QdhqrYNCSkB3BZ/saZDOZyOdEtYKZ0AArI0QxGrJGakbW6wukkkhn82iHYqQSTwXcdg+jPVSsGxuPCB+1X8sHnDqAvieaSwHgPBdxJmteIiDpjm4D5AnS8yryOAYCiUAoEBnFtRTnhG5HAd7X98XXblFjTE3JKzslxgN5QT43MTPVabe3lldDFeq+hXDs0KPwJhIRiNMZEDOECZNohxXcyfxso0lp3hqicVaTc/2hIGzJIyPpUL6HUGzKyRToTlj4sj6KB/12Z+XSlVK56ucR78QhcQqTkDbr9UIRNC4FOaR8EUg8DHxazwUt6EMwisREoeYRQeBP1Cb0M9ZXV7XSNz07Wyjko6gflIv7Tx2v1xtnn362ubF+/dx5Tx5d2H/g+L33nX32pStnX3/uC1+6732PFeen9OjTMhsoIECNAfiEO2QnNEcmTQnfKLevOJRo1zVYC5Y0PiejfStrJ1CDESfK3MsWSdhfqPrNmcD1V0nGJnHvZSsD7c9P+KThlAsyjxFQFstEiDSKiTEKeFNlzz0uE9gn0BybdoSJtMc6j3WpxSTHmvH0ZIholbeJVSHBg6EFyX+yAythXgYPlA6LnRdN6eemgzmxmzKTv5k5mHSJDjst4guSV8a/UjXI2Gc7CuNkYBtXldq/ya0Y2He2Krm1S8lFcjt4bxyKr+ywEsb+Y97Ivou9RZl7pMzo1czP+fhdE7/76esUWxk7c6S0maT+3aeX/vqf2M3YqxTEn/qg/JPvE7/3VPQbn5bLK4nnb26KL74mPvQA/1ze6v/R05uWL+s2tNbWOptbAJcI7fHmZoPZ6lC5RZnOiONOHB3G0DZXxFIs/Tuqm3CCUey6tm3VVN/fZczuu+49WqsWP/WV1zog2o0q3/zoHQ+fOiR2VYK9E/ZSY0kNu8ZM0THp29pm6wN3V66vtBot6IdEbxsBaEx5YHoi+BMf2P9N902NnR9VnNpX0n+w12sK7VD3dtZdWdKmGkMChTLQhyp1WjGWSeQSGOkgnRguFt/LXNKMdnuWZpYktBJTpyFcA0gnlhQxMUhilsRnY6cR3hXZ7++isNi7XF+GJX0xo7Xn3DnrdFRmnyaOjzfe3o5FDdnfq3dOhUKmjqOV1dO2QL1XzZcUu2WEQTeJ3Gb82F0/8dLaiy+vvCBc9mdkqnKuLEsV51tzdO+NzvWtnqb/4q6JuynihAp7F0jRkl7JL1tJktalxC21UpwY6UfNevnhx5X7Qw4seVWEFIIRJ5Z5Lt1o3lhvzU/tBjxpD8vvPbvy5MubsbCQkFTJWsYsT9ilWRbvBEqmuShxKHmBSh5Uw28Z9XEyKb1yezjrQ9x8kSL+gsIFfBmIOxlB3F0HrnBEzfhnIgRCuv9I50i6MuenzMILsfuqH115fkkYw38Ei2E9vT10z3yhlJNGI7P1XL26pQ8oxDJBcF68S9BIgMFNVlTOv4Mc4eJSXcr0tzi5r6oNuav1npLk/qDlgOpzZ1Y/eGoms82JPh/8GLbTZKJXhjJXWk7rdLGRCIUajx3bkp+br33Tt61/6uOGuQllkU4MR1PYchVjMrP+qAYwTuz1fCSKjDHcuRJdsyf++A8Wp3cAK0gvue27DXPwGPsAABAASURBVDBSo0HbKrYrrXpzcxMQCTqtTtjras9PsZAvVStTszPlaln7yLQTGZzfnXa32wly3sKBAwePHS5XKvpzdHsdgelOopEz1rg2JKUJR58ggDfoDs/lcwhTUchBzg7C/U1X9bYwbt+KopxhljgeRWNe6ZY9NLtl+CKE4Ts4J0MAwteX6S+tDfK9TqfTa/c6ELfU6XV6kEgC3JARO18JQsAzcqMJ8VT2vQAODTKma7u5HnilSkn7AXzI8eITwgFBBShGMSHvsuoCsAHHoKBHGlKmq9jRK4YQGzduPP3e5n8nGEdZkxUnq9DiFK4d9XRTy5Wybq3+RRgPSkWGPnvGVRxTQJP6J0T4cz3v9ITDZDoYE2wpqQ3tMhK4UHYJuVUUBts98OFoPERJEY5d6/QKmLpI7xS0vTifh+npfC9YmIupiyjLvP7u3U5PW6dbzaamJO1WC+DbUa7zA3bz6/73XHzrjI8gjTC23VjNFkC2L28dSvLmkLUd0ABrPRl6hdv+TNenYnouE6+b0Gr5c1uDoRVW7XG2rxrG5kkTM4tsFhd7q34PuUqrRcAhIdCWPk44ZdQU9CtCpIY3IKZSDk2clJD0ivLR+Ca+xFA3wDfxqW2mwXEl0pG6kz2jGLMIYVcI4ETZGWskNikp8ATvsqkgbNOFEXwQ4oVmKKKwBBB04jkGbRLCpDGa8SMS38seGTn8lHk8fSC6kkhP5JxSTtuEY1oA+RDjV0PMogdYUyFEmvaARpv19gJxxvU7YeqcuBudFpiWCtO9UsYPck4P3nOT5XYHnaRK6tvwWNzd6yHP02OmNjn58MMPPvPMc5cvX61VJw4cPACZZTT59j3pDBT30RInBfJRAK8LgA34dvRjxrtEM6mCrEbQNGLHvBogRFgni87auwnwelG0trauJdMAc+QExRwI6JSWEaVOGpa6PaVS4cjhg+deP//6Ky9XysXa/Pypk4c1J1q6vra52dxYXVmbmC6VasVSNcjlAL1ayJzukk7vzn0H21vtjbX6SqNZzAeYhJaUZEryJ1LNTAkGMlO5kcmXztwXwztJ7GYQq8SiMZlZ8/iUP9bAY1uOGL+81fy7CZrieAEFDzdllo9jREDgR7IARyF/gVyLuk+ee014offAg7UAjVJ5gMQB6RX4BgBCaBqsXfAU3qy5kAdhgNDfkvQiwvIh7iP6xEAE69HAB2rFAuRCg2e3MKUIkk8PVEkV9pv9PlWgLxFhL1IAB2QEUSkpakE/J/KSFAKnm/PietQXSoEHSCntTrsNwY/9ECd3H4xtPgYqCmIekiK7UdyLWD9GGi67DL2l0GRAxmU/nx+uuI/+Lgn91bb7LVVSAz9rwsfXwBv5EAjSF1G+VJzZv6Ap5NbySr/TE5wb1M5DijMKY58cdruI2JCSNB/RGhf4j0RweIgkCgiSSqahhZglQx05oeJEuiVzcMitrEfthuYI07OT8wtBMY9k1TUgMHohKQMYd+IROiXBn0CSnVZb152DZYeUhY0bUygUm169tQU03JueLFSKetbkJyoHTp1YW15uv1qvr6xtTkzUylOT8/OzB/YvvXHx7NPPTMxN3j39qOr1SqVKpK0EvQjxECSRZI/TQqv4NcegOWovwje/UXZcbJ+r3XA1EYuUcUgGaQox0olwo0aMDVQ50SR47zffURZ3WrHWnbbKUXXUgFYG9Ryezv3N750Z/QbJe/kJ5P8wUSy2bSZbpuSfRASkkEoleC5daJJMx4tKMY2lpGSW7OkjQurtnfz7Fisy/dVcjdIelgO+g4Qso4bXbTpRibccxkns9Bpsjx1AqbbZF4t1JzxiX08MCHcyPi8SSpgUYicM/vF7JgsFqTVxa82z1isFUFvyU19a/pEPzJ88sAPQb7doY9r3PSa/7zHxxKvq339GvPZ63LCjTjDUP/v4Mmu/PBGFdnFGYVcQs1DhB+6tjnqMiTURwsSd0IgTRud1aAbtMRxRfJYJlIxBUBwtfXhpd7cJGRlR7j6yeGz/7JMvXXju9KV+mDYTl4r5kwfmHrrj0PzU9ogdw5vXFbsqQyfgkBNyZ2pHovzyv/rEL/3FH/i/PnflwtVkXiEjBLC9SY76Fnok/9x3HcoHu8Xti3rw5xeEXxxn9ihSDCwzop8J4NbBachHxgI7seKflA5/jKM202F9zFWtV8/ltvxAW5shRDz8bT1pfmrqTJ21dZJcaiM76VLHPE01JIaGfT2ZEXfi9FiKzCV7M2P/a5aXjigqc3dHxWFeRstIVMlsK+flw6in96cKNYoyUezxQfUkOS3vnb5P/4m9KJhJlwYfqFRTxTkrP/kyN/geJsRz8B3VQM3pm80JMUazzI0GTlgJM+8wVOF3P3/2T3/3/eLNK2eXWv/HJ644YpLHFggqyiCdeDHSiec55CPdCw6J2eagSB7cu2lpCIyUmQr0nlTP0S18xDwrleV1zFciqc3KbvS/I8pJ5zKRFPHSPxwzBH9G+zFT+1deWAJdH5QLi1kC73H4vnlhKbl5O/0ryAddbacCzwybiQjaPuJYE6UMAgoxYO3abffilazCrFfV23ecmv7Es9eFiVyh629stC+sto7NlKw+JJxv5w7JrPemn/G7m85ClwkBxkhe3aucDjUmjXjh707LgZ/8MxtPfAZSdJPZBT85RZwM4pcYZ27yyMCWOn3wXqozV5t8+Gf/e7HDMvBmSg4RxNQAXRzsFeWcci9dW16t1xuYuyPU7uFcqVCuVsrVaqFY1E7vUMFy03a72eu0c/n8vkOH9h08WJmoantZt9tFNF5YBec50OyYKj2yogE52MhWRkEAEWrQPuTTyaMjz5ds7Kc14tKxDrmygBjhpn1zPLi3sgw6C0XSK+S+8q1/d2kHDs4ISQ1AE6AJOFZEysBFpQ3aIRoqux0orUaj2+r2u+x2pYQdgJBhJ1SkMOgErYrggO1jtgmFJlXPz/lFAAvRf+VypQKIOD44m9wRJQThmkAYBBrLAaTfOncpNsIG0BoLZJIM47vYH0M5n3S6gAuGkmD0FcCC5PP5YrFQ0JtiLp8DzHURMt1CNkyphOJBTnDr2vILuYe6mHEKkulA4A5bo+0iP/RgE75C7CS08f9W5B/4eDK+InXIDWBCH6LUbfbzOcykA7k69PSErcedgwkHBaVe5PgYXXqQvaS+WW/W691Ol9wp2hsjCccirp4Ru+MmWIUh5l7S2uiEM8ils2JZJge8GX1DeUFsmnorlVs4Z53PbTQtK4Ns/1Sa2+bqcRpJYyPzSnbnmefa4BJlbGEqIUQZoYGHijCuExhyEU4gj6UPAflZIK4hCnudXqfV6nbaYa/L0Ds4mjyjukorNNCfJ3i+42EK4ADhHgM5PAo6wbAwFoFwGsLIx8EvbFcKZQRBM5uYoMWUTRB5wngyjrQQccY97jdDWc0tJAVZGksZhTxEAPEwCQmiBnnoQrScl5oQcjNcwcSWmGrw17DSlyM4Olc7u5ZKuPmYFPWBiGgIwIJ4RRByEWBN6e9C6CaKwukAb6ZHogBl0vJ4XkaeFTnZQmmmufmTLAzTp8fvEqUFnr2dTrcq6EQNJ0MU8Jc6ItzPs6uimVK/04EITSlnZmbuvffu06+euXbtWlG7RWcgDlo6j1ZOoYOUjI74lt4n0Y3fRY0Z8y0jVlI5g9pgofgwqkzznkrF04yw2Wy3O92Nzc1qdSKntZlcoKUE8jgqRFwB0SNUELLsTxzav/jKy68sXb50x8GFmZnqux57ZGW5+aUnnu92mktXr01OhTNzPtSA4Z++HqC9VjU/8dDJu1qd6EtnX2lHynoeMHuF5m2BFzDhcAQtlZrtyXAOlaSfI7rEdMPILlTbVRNTyXT128wHNfK4lEMvsk1K8OCk/J1uj4pp5Y4btBdFWQ1JulgdClOLhxx6KzGeA7gGwJFE/U4vUht+R4adJ8+8kpPRI3ecmq9WPBw+QOD6KMCCeFoIcGD3wx5MFoQVwVi6APNAMn4f+hR9XF0TScLDMxywki9EE5EKvKjtM8nzIIVJvye1JNjWPKMfKj+ijxqxmVhi60OARfEokkoI0/MpIkM6lZ7M+VKRVh1puVyhgE49AxwlR23GxHUkk3sUGW2jPkXY70HjWx58TY/jJPJ6kyNq+RaTsG5XYenGmEsErcj0ZLk2QZEh9ZXVbrNjvpASsZGfb2UhRfc85lkyhgRlE2qAPMS2BUFqD8LcwlDFDHoyo03xQQ8JsDmDtImeCMBVIYz4Tq+/fn25WpvOFyWmvoysjgRamO+HGDeKoegQjITaV8iLbKJIDycczppE5/wcRO8Rt8gF/vTs7Mb6xtb6hlZuikcP6NkSRl6hNrH/+NGVy2+Erc7GlZXpyYV8qTR/+NDG6kprfePc888fvOPE1JEDuhXGs8rePgzgVcIbyhNHCKxKqa/TAfpWKPS9xtZ5lIjtiTy5DAaJNAp8RB/UqPTC4ParBH6JMz3jGqRyTM4qiUcirL/BQShxbdNKpc6OvjeuAc2Xgj3T0nlJe8T8pBs5jIABIY1XW1DIibBHyK5NKYfH7Nxoqx/Vewk3SU76k3lZGO1hVapbF90NEblpcnyRn5T56uinN3r11c5KJ+zETxRyqjA9XZjx5JhuXRlbYBIHzGnz0e11iUXWgnhm3Pepqs33cPFORGpru1g6gtC2+6mt2Nm+EV3ifSWEdF40A+NEmH0+nfC+xuPOptoZHJKK5YhtwE4GS+DLDz4687HPXkc9WwkT7IgfCPmKkr/46+f+5V+9R9xcee9d8Hfmqvp3f6SW1uQH7hen9vOpJ15tfPG5Ok4iNFB6mIyK5h7TDfltD4wKOqF+S8adxEzVqs+WftBdUsZfi0mNtARBxEaYkaXV6V5e3jg4Nyl2VYq54IMPnXz83qNnL6+cv7LSaHdr5cL++clD81MztbK4ubK80Wi2dxl0IobMO+XuS0cDUc4slyPWAmaUVrPzN3/1t37+R79JPbj48a9evbaczgckY9tHdg0/+eED3/nwDvLjDC2a4oU9Uahuq8mJMRXBkReOmpuMO+LwSqxOGo6ZRDohORZcNRFpHoa7SRtr4qCP2BlDJEs6qCQJMmzqJINSos7IIp1YhDPLnRNIJy6ZdAnmqO5Thogb89pgL2ZQyG+U3RT7XeKIDR4VTqBk0S83e4Bw4Et/ujy9WocMMopg6G+dZVwIE3zv0VreueKiR6tNQP8PTPulM57tWyTiv2gsDSlqYDvqSnfOKoVLucxSS85NI71//7GX38Sgk41m73/+v871+spj27kjztjwBO5bRGqxqeW8+KxrT856SOqzG7ljZP+pWDjaZbHxBbdizCkXDsYKAAMxLmOQGmkbG4shMkOgkFkVupfJrBYqp1Wp/cvPXgNcX8+NF5FBIdh/YloM3KX/+e4fuPvFF65fuqxtHk2TYUdStApjpQjGLNF6zNx06ejB2qN3MZ9N1fbwkalPPLeEM8TmZ4Qx9tnX147Nltx2CkdCKwC6AAAQAElEQVS4cuW09AtL84c/HHiUgY4xVypjprMHE0fGLvnJqYU/8eNX/tU/T2GcuPlxHCwTGRuBsjBOXPcOUxlkkGSeRke3eOBnfi5f2UVscSx0uUfifhZi4IKhRQ7Z39yqd3s9qW1FxYK2nhbLRe3Xz+WL2rrTBoiTZoj5CrS5cn7/voNHAeMEPUqhYlNt3A5Uk33j1uKJrH9pB3pk3E4SANSDIMh5uFCbbeaeU4MJOlE2RpxFRGV2hrxg0j8tvsaKSvNi5QzFwZJyV6WcWbsrcceSOZQihBA0CsgIOBPhQ/e6UFqNRqfT6ba1QxjSKPS7PZyuFLJgo70gFQQJgoAuLjH6hLL8Km0MFflCsVAulbXPaXKiOjGRz+dRBo4wCRTimmCICWSoF/yTgk4iGqNhSF0U0Q7F3CVfid9ljKIcSVS7HIQZqBRNood0Lp8rlIqFgp5HBT3GMTWHpCANxTEv7I2SXKFC0BdY9w8JQXQ/dVsEf076MuK7mNx5pCYYxCcTLGJ5PdWc5J1yxLuo+K0IxIGBE/w8tB/Ah8i1be9gEwbQwFA3IwKk9i4EFbXarUa7g/nbtSMG2UuALk4PUSlIzYd+1t+Ns5aIWE9QA0ROJWWwdIPHLtm3OMrs7S+DU/jWUir2z5tfTE7HeSJTYDF2GUGZtylE4flRnnm0tNyA0EpoYTBgmMDM7+v9drMFC871nO8BmJL+10NvuHXC4JgzgoVHRlwcgLioG/1rPiR14Uw6ASKdwH9GMpEioWZYndW02XNGMr0KTA1FXiGm2BEDIJm8pXF3xWPbXGOPUEwJNRhz5vhEaDHHiOfxKVuXFdCTsoKytgJ7hCew/c3EJPUaia8TmreOzEUR94YynmRFcQAKs+f0ox6u+u+DKyrs9hW9OEpP/CmEMou0Lcv2bLcIEZNHfj2mfqFMCom3dOrcMqQTlfEL3ogDETNUiB2+Z9o4pyeGpulUveaO0zMzC/sWzp+/ULh6rTJRLeQ5qSHxJztc+IhkPwlXiiFFzPTU8GEzoNlYryE9wYivTJ2MWZrCXNDXEgjNR8vlkh5SW/XG+tpaoZCvTU6y2M80AvYlOkT1pJidn1tYmX/l1Ve8WuXAkePlfOnd77pvbXnp4hs36o3LftArlb18IeepEiwP9kUhKMhQVYPCfUePN8P+y1cubLZbMheAD98PwBgiHUs87ITYYHT6i4gBWePRqUi4Sb44EzaZuaJOJrtq7K+cKebSsW3uTKnWw5/IOqT70zya3WbmYMxP5bBXcRbPbde8MS4b4yJ2LVn6IR2u55Jgqs2z7hoGoaKX9QMlS9pgvBl1+436i9evzkzXJstHyogw1cOwE9Knpa8CpdWeINLW5R6kUZGaUuVoHLvEOfIUODw8NmIBS4PIXO2E1+NdC4+YeAfcIyHGYEPyRS04A+pdX9O+MDTksi+9AGoCHYzCQgQjejFaELElaxqi8SnIEqTF1EIJXrXbbodQO6Tr9QOI7PZzgQmOJolQs5sIsgBJegLWHUZa6IPUQWwIgPr9Qp4MdoqdMLAMPzniZfL78JfYrchw+wpy0JgM2CgQ4dg3zJVxRK1g+qk0EZuam9ZMtC42eiCvCGO0AOrK8oWJu4WO16Mu4iRKQsRLBeUAF4cEN0CkAkUpaEQUk30e98y5eZ22pwx0grAiOCwAQD+E/taN9fW169eL1YoX5FBuYhUDPHbgJwA8SS3x6/ED0SqBT0G0BHYFnL/b4XBgRMkRRJ99v1jO66Ory73NtfVqrTq7uF8PeRXlDxw/unL18vKFSxur69ffuDy7f3Fqfmbu8L6LG2s3zl84/+Lz79w/14aVLuXAy2PuIRFCj0YevgULjYpEQy+TJliClFKGb1HZK1H+VrfzzSw70b6cucSzhqYX6uFZGCcsxyYjTky0x42tsNEJVXohtzFUqdSD+YQhaCp90v2hErsLtaBWZGXBRKiY+hV9XSuhWVqdTrLD0X5k6DNChkom2WHarkySnZGr9m3pL3caH7um6r3Ms7kT1cqHFhFYKF1Udys8/VuicTW73sp+/47vl/mJwTO9qPsbp//tSyvPZN5Xy0//+D1/7mBl+2Qf3BUJapyOM8kaYY6EIoYB5TNczFsM48Td7qZtIrGvpBXbnJgSuiq10DfB2DLLyCu+/30Lv//pa0qGUpi4KRrSZv/8hfo//Z1LP/u9u8zw4pZT+8Xf/pFEU25s9n75N69EIfq2FWCJaRlGyngu6/07jxX2T41S8ejiRNyJMB70ZK8p4w2xIhYRI+GOzlgqIx68Te8+8dzrP/ytj4ibKNoAee+xRf0n9rQ8+eIFcXNlcP6NEOjH1BtS5dyVVb3d2mz94v/+sTvv2P+Rb3nw2METT762+uQrKxtbY0XM/MSH9u9NxAkXLcjXM2ljVklPxtTZgYnHR9yoHIcaJriPdJBO+FaDSqJUSqOMo/MND+W7DBeOIyktk5bOWcO1peOocCL+nbu4TmmRThz7QDYKS3yX2x0u3csEO1EiTe9Svck/VXZHf62XXUy10dVxhfZruqy74k+syus0Nhari6v1Jfyc9L+6sHHmP535D3aMCmGlayPY8RNUKVf2qjNJUSwVXG7EQyE6UQsj1smRAlavg+UjxAy1liGF57bXCfGko5bJpt6Ln5JJrOKDKu6XEV1tYzVwKwRzH7W61vr4kxc+/K6j4raXdi/66//u7NpWzwqluDV9pYySzLTCs+0npBNO8R6/sRrYGTyY6p/MW4YdSZdgSH4zlYgjF96ez3aHjvPXVDYGN3HhdlhaRMfim2S8lclr3ENSJC+TyQp5z0aZOFthto3l5vrVupLCRo0grK7Yf2IKW8TE2G71XdOz5Q9883G93+uG1280lpeb7W5oDD68XrhcDhZmy4uz5XzecxuVqm1hslCr5NabvTjiBG11z1/eFI8dkG4PSzHs9eOXSRYlnXtlHGNu3Dxsiid/rT0nnH93Wvb/4A8t/+HH2hcvCEPAMjFOMo9HA8fFkON0curu++78yA+InZeYmSa9CJYt7klp9zQdloEXFMrFfCGvfefalBUheEGnrf3JTW0jKlfLk7PTB48eKleLvX4H3xfMTeh+VnaJLAvpNGok4zFE6G/XbkFhfeZo+QxwNaDp/vTy0WQZ+rapi7c116gd9ts41w+7ZvBFdmeVGjOGxo25SR0XVuQzVg+RGOSp61OtlU776WU9FWNOxBHjClZCRv1eVzuD261Wo1HvtDv9Diz+FJTwkb2WkvkzaaHo2CK/FrtplRfkg3yuUCgVq7VaeaJarpZ8bRb3WICmuQX+Z1ioGVESBwBRwagmRjoBxzTm2RGx2h7v0nuqQeldCAe4xXYJ/zZOXMjTA2ZYj1JwAPZA4BeK0OBiqQTeA48c3+R+VojKxCosrhsErytFyPS6fYyhich3jm0GK770TCscqAiT3Yb+dwyt0DDfOIPjxg8OGxIGjIPbfA8Ae/AB2gSTJ0Aqg3w+F/hkMeMIGOoADFLXzvleP2w2mq16q9mow+dutvTbICSKD+fNaBFMBBX5/HmUmDZz85LLnKTbbCtvRjE7Em6Ym3tVrGckKosvU+mdYUWmZdaMa3Y1le2Nlmk4n2jXFSZ/JriDclbh2KmTdburuNmlzW7/2b61zaa5H0UMcDRYr0y1jb62pRf8r4/VhRCtyFOMO0cKXr8HUFohhJVEYQ/nDODqQHADAO2Y2A5M1MLhFB6TJoUzyRAqE9Di+xxcomev5+PCdh99bIEjtXi82sIgfHAopDLSR9zDpjt4WlG8W4S5FkJw6NApnDz0zrrZHjtl4hktpHVVUX4rH4HqfYRc8QiCiFyBFD1jKSHJHPYD8B73ycDYcFdjEolgepiEDbHhD86ciQm3lfTglXnFI7xrH75S2EWUpl4YAS8ggtZn+Y3zN0AwmuAu9FxmJBy65RlXsGRZ1RPJLk8MK7PAzNApsV0ZQ1URt6ZkSSgyDiZMFZW4ZTx3lHJfz8SVC5LatV9Zz7ODhw6urq4tr65OXF9aXFzQB+0HsNEnFOWE7J4/GE4A4LXo5YQ5o0SmFjjQSCM4xBR9oMWSRUBaABVp2bBaLva7ZS2EdnOBFkO3NjcL+XyxXNY+TUB6NGOYYpH0hy+US0dOHO1G4Rc/8/kPfHNu8djx/fPFxx49ubFxtdOtt1qq0SgGuVKx5Af5KsaEhfkgJ/rhfLX6wJGj9a3NM0vNngz1szU7R3LnGfh6q2j0kWBRjhQacvqyIBYahGPfct5NZNsRZXJjZZMdFDdKy61YJdmYlAavVTgNy6ww64KU+1YIthISGRo9Ko3ZfbvAXulskxWYeohYeWYsxaQ5/Tim3VbCcOu17IcjZ5A/esQqpQ2HAPIXaFEtLEw0e62wGL62tjxx1psKgnv2HSzmCnr0d6To9bpCRgghpBVyAIDokySqejkPw040W/OQRyLHRHYcefxUFAejKKf0eFJBBAyplyt5gHBCYZaeVtZJmm1FUL3qRRJSqXjKB7mWBGcIT8HacKFgRAAk6f5DdFMPu07zj3whBwQbpPVOpEU5qbqQSkjkRSHIBch1PGCciodLJEz4Nj5FP0+LrUp0ObcLYq0Uy0VfzyaIGFfGN5MemSr9EXYt89zOkvbGDY4lXEpt3EpMMgWHWHpevlioTk9qLljXXLEXwqqf0OAE8Dps+D4If8OBsVL0Y/+Bhx5ggh4RsQVfDzQhMDudJsWs+PEE58ElOVTQrjeQivdUaOR/5VNUr5Z+tES1dPGN2tz0xOw0AFwp1tUhAkoa8BssenTkMIdUpOJ8mfoFex2BoksAsbEQh0+50KJ8qVCbntSy2uWzFwtap5ud1rqGVyrd845HX5Zeu/nqjatXtMZRLOfnDx9orq2uXrny0ueemJiavOMdD0mGTZWQjTXAcDJCZ1FWrEsF2hspNclQqWPFN8qbXhw1YpsLSbKN7cLOqtM0xonhR4mIE+IErIh/8rXmq1c6QsRrqY3GmD4i4lkm4tDbRJ2KQsoG79VHvveR0ntOldUAxgm1n8as+WXeTZIvmmwSsAaXwImUEDJ+CXcZIE5y0I48CE1kKSUBaJRZOmfqrU9dF+HQzu+9Xt+s9yvfsc+vJARg1bgSvvpR0W8OrbpxNXzh1/y7f1iWE37utc7qv37ln19vXBl232Z37Z8//yvff+pHH5l7VIwqUggVY5XEhxNBJukgFCnSYCfDnUPCxPI4W5HcxjWn9nexFWMcF/FWma1MboVIYpy4W2HujcNN4oN8yIKdmNBH90bsE45UVLFdwGleZrn7SOXOk9VXz2zxPYJwiTAjFMCug8TyHz929aET1ffeNyX2tPT66m/9m0uNeh9MXZHiLXnLPDBXCOQoP/jebZ6LEzLBTax6yR2SdFmJ2IStUr1oovSZAEj73YaXyzfWz11dPb5/RryVyvJG/bWL18WtKDIWrRywE2GtSDSGxrS6aROE3X/t9NW/d/pqoZB7/2OnfuS9Oz87BgAAEABJREFUJ/fNz710aevSjebSWmtprd1oZWQyeuSOie9+dE7saYFR2G/LYHhKKabzaWlTxtM3fSLjKUnSkThMdUUkQ0a2c1WUQjpxnsGDHDmd4X3mO9BdkZG+SHMnO0YCMcVybXqK+0TnTVykkzhjHKGZCot0ImJ0Fn4x0uDILW9qcxRYx1KV1blx6KZ7MEEkxxpvb+tyS99QuYMvua0GUyivQNz7samjr11/sR/1jFwXXdk8d3kDEqdRvLtBx+E1xLiNKKC3Vpku7j/FajveS1tp4n1x/FB6BZKafPQ5gTpzoHIEU+bC+Mz7FbeFyqFDbnCnEAkilMEHk7936idQhBSi2M7BIxuZx6/+xlMffPhQMe+L21i0y/9v/vuzF5fajh1dGOrhzB46a3g92RlUHD0zSK0Guk2JQeElaerd5VA9vl+dvZBBLlPNV7usfnhJRbQotMQ6YoMth6bUdjVZosT3JXVZOWCSkGLglsyihCPGiGTbpLj20g2MOBFxxAl+2pl9E26/xUqJcySX9w8fqh06WLM1CxX3iUg+K7MNev/QXGntjZ5AWxTjo0hP8/dnrtUf2leVRmR12+D2wrBOHOgErslxawtjvpLC2E4Fj/HdWxJO/a2/8+L/+6ejTpsCI0RMzcinC/uRRfwypngbWeJeHx8nuFnsXTril6sf+Hv/UOyqKBXPcJHc2XXJGNy+yOcLxUpFu8wBgARXw/ZanVaroc1IuWKuNjM5uzBfm6oVCgXtSkJjJ2aYhQSdggVxK2BIMrBy72EEQB/TcMAy9HwuTz41sLMRJrRI3C5EwoasdksIBgzRNB6lkyYgu2ibWbIZSmW4alMOIuU8ZWjZ6bu4UThyZF6hzH2R1QkyOdNjc03irsRNRCuVk4+G0laQHG1IRIQJVroAetGsNza39A6ka8L0K4Ltf2bxm53LKDngAAKxFnC7PQg3KVYrldpEqVzWf4VSCSIZ8pyGj1xeBKkS9iETjePijfoYZUL75rk+vR573UQcl4NJoEioTHcbvjLhrygbEoEkDdcFRgj909OeY7+Qy+W1B6JYzBcKgP4PkVQ+mOs9NB8pTgUiYvHVQ1ezIN+59p532h0eYRzb4QUQmMmTIvb5Uk53/ID4TdIWAlzk6lNnChnPpvgz4uU2rY8yCob2MvhBoNsPf/k8oiqA0wFc5vRIdBJjGndYzqi/cq/Tbbc7ja1ms9HsYYJXcFH4FFbi0WihBnjKfuih43/wuAviEvecEkn6Z9iLZ6cJpHBIak2GyQnmeeZZ29JRh12z2TBNBMaczTJjObptkSROk37o6CYNP8F4liLVyJSBQ6WrivvHEAQhBhmFlLEMHocIwGJdM+Dc9qjUjS6WpxAm9Ejx2UgyXjpPF4+1Y0iL1dMjrtXWpEW7NDDcK6QQLVy8RL5ss3hXWp+hxHQ5FJ4BThfcU5xGBx6BSWow1gTGD4Od+Gx5tJoKtMBz5xhq1spBBrX8QdFkQS+iwmiYiF2NiU/OfYCKNU1k5vDQDh/hP2Cxs8+9zavN6bjtc86vxX1LnyxScRvpccNnHJOOeELQ1DJzQ0oWkRXnc2AHFVu+Fcs32BUe0RIgxt1uqwNRJrDUP4I8O9gGAGvyAmcwUCNNbJFdHiZsl8YE00v0fWQHn50y9N3tcDY6mho9k/Ap24gB4hYinSSLIWPbkqSbfEDiSKVavevuO1995bULF97QZN/HQu5DdGL6FAzlkabhyB+MIYZHKF9POB4d3LaRDlmi4aj9mrlKpdJsNjudbqvV3tzY0IxqQTPawMOBpd2iMLUjlu2gnVpiOHr06Orq+ovPPDM9Myn83B2njqyuP/D7v/9pXd/G5kpP5aekduxrjlfUoilMfV/4XmFxZvbBu+5abdVvNDeQqKFvHT9LZECXTOsiikexLefDNI5daUw47zNuN4x32cBoScunYs+eNbwNYujj01eOFTQ93lNj7uQ8nyazN1ZrsqpzOLDPMDaC2JI+oJ3xMgzyW9326RvLNf/1ol84MjNbLRY0TdTcCUQ2cLGzEAcIXF2YPBBlr4mIlub8AJTHkPyUEYqEZF+VyMFM3J0ngkhM5AsESQoxURDh5IV9tNT2+vpJIaqXWnpUklyVkYTwBU95SFApW5ykWTsQ4oMiJsimMLeCXCEfYUardrsd9kPV7pKNWaqiH2BMJslzupoe6XkCaQJ2N+XbkrT6xLC+MCxVK7mcT75YYeVTKcUeffy3TJHDDyQ8JlT08CghzGmv3WlubOGX9/QwAYxHWklNHw9+IJYXhvJgxFvfiDMSOSmxYfMkQBALUZ0GeUHxlKSMBhSnacKBh0xVFNdhFGIYIQ7fMLx67sLE1CRZVrzA60GWJ0oLKglbEhhFLo83YvpuI3qhNBhpcY1SFYLaFngINgkIPcUyIARdXD17/vRrp/L35v1Ay3Uz+xaO33P3+rUba5evbaysKl8euft4/+4TYdRdPffGU5/87L5Dh6cOl5VPGXyl1j9gcPdDHOveqE9jxH156xjrN8rNFLm9lVc51gqjycSE34rfdl8kMU6smkHzgGxA5riKiT8fV05tpk7yW0gbcSKcGuJ60ts41sRtm1GTpCESUhivF8utZiltIrKEiKmyYpgQtFTSJNlRihVJuf1oD1X3q2tiO4ktWmr3ztT9hxJe+ejqk6MiTqj0m9G1J/0T3+see3r5KyMiTqj0ot5nLn3iwdmHfDmO1C0Ti95joSA+kIxDEa6/euAucwPrsW8zjBNhCHxy33l1pwqRjD5J8illFlQ4atRN0M4f+/YDf+u1l/FZpJjTcylAPMQWhf/Tvzj9T/7ivfcc3QUG+NDyP/+Hi+ffaEpENxGMcSIo2oORMlW4OF949x3bJ5qh2UvQJoLnGSknibiT+HqjifAMpUFp+5vJg0x8oeHls0+fOb7/XeKtVD799FmxF2WwA9KDduiFuyydTu+/fu5l/af3H37g6P0n9334oYX7TpyanihfWWktbXSW1tubzd5Wu9dshz/6/j3EOImLDDvCL4rdzynL+2ImOOpxDjW0v5NRkvGRbG5sOKzhwtLhaA5j5pt5fVt8JbdAuvzUaUOimdaTEEeoGAYsMuq0bTPVZgm5xD9dbZmJoe3EZDTEYEd/PRWV+eMmw26SrDn58YSazM+tdK7pb6xVimMzx09ff0WwSZINkxGti8UlGMquzyPLIts3leJYRjNawOUTCXLjmbB7hWqxICmJqTYMi7sm7iKZSns48n7JttOEeNq3cAM901RJJi8eeHf3+ozOTE09no+eWSPEERtg0r62tPWPf+OpX/jxx8TtKlfWOv/Dvzm9vtW12pYTqeWxgM4njNyLSiGJpIR0QpqrqdIdAGLkwXHKWLd85HH5h1/MujlJwPQ2H+zlvLddRgjIRI5sRJEt2gL54VMjXoT8rpaIm0PuT/eHvW1gJ/MAR1vI+GNKp7rrr63QqkXcCvKpRlKVpwr8cla0sV/RRnAk9y1VlQNbYQIXlWmJ3T80W37+0paQzg2wOEx+9dLmw/s5PWLccvtWKvtdsSNpZkmnQjnQg3GgiQn4jONRbqaUDhw88vN/+fW//79QA1M4JcJsRxyxDHgYxon+/72/+EuVhV1C3GWOpZsscmC/WK4USuViqZQvFdF2GHbbnVaz2eu1tUN6ZmF+bnF+YqqWz+e0FTRiFGcm/IK+o6nMmp5ChN6NMGl4GPbAjx0EhUKB0h9IY6VKt+2tYSB6y9qpYl+v9boNb+rgKXb3OjVYTzBuvZHPZSHQnZ8wGAhTJAy3NjbazWarUe+0WoTbrcyHZnogGYeDMllxCz1m6PovyBcqkxOV2sTE1JR2NvmYJt6H/BegpUIzIvJ5QVhJv9/FrD1dzPFNbSDAkMj4eUkOoaBqYdssE8Ruu64m1y/xU/yNUm7kwfJFP8jliuWSnjhFTKmDUwEXB6K1XjfM95TrbSGjLjrtBII1QNQJhfCSmgqNNg5aFWeDFQmXTTZ3sp8GbVtscRURR2/EyZVofS+6lSn2yysWS3qa5/T0zuXQFS/R2wgVYvROpJ3eQT7Qfd5ptxtbW816vVGvdzvdsIcYM0rpqc3IDYRnkwa3M10/uqvNNZHRhhKvqkbdPmrCqqTXf8yydxRADTx3cBa/uSWz92zTsjrCyheRYvjZwaUYUfIR9hOw9BFXrjC4QRlhHuZ3vxdSADy4MNrNVrfVxCXl9i42Ykn+Xwjr7TWxWDaLk4eDE4NLcKUT3IqhjgghwjV4lnnxe9Dow2B6p/0oCdlQEnTSRMTmCKJeCGHz2GIGsYQuEe96hjT5FGGGdNLjHDoUCkNLioUnndhHIePYfXPIMzvO04VwDia1o3SRLOJFcVMjppOC9TqRwIPCYwgnxbQF1kxrLt+HoJN2B7JrkRaHlgomuJ4x2pueUPxoenF8SNQXiaGYnhpSbK9g7C3fvk1BJzdfdkFFNOWemZk5ePDA6dNnbtxYLhaLU1PsYzBGKJybtDLXAcilUa9d4uBKJOae7HRlbdc7fw3lBm3gjuZJ5Uql2+3pgd1qttZWViqV6tTUNCcTYf7Ow6wP/nlVLOUfe8fDTz3z7IvPPvPoe98bdXoPPnDPK6+cfePiSqtdj7wNmStpzW8ip+mCj9hd2r/f1fLp0f37T9042LnQXu920Z8TwRpighG1phd8LKbWiXgAQ2xKaLOCDXu10f2x63GbiHGx6v9NKPE33YqMokYGTe+iqFGH5Q5a5lzjWCcJIVZhBCuOglxJi5wNGSz1+k9fuVopT2ip9Fgw50M6mlyvz98XoLJy+SJOih6oPWEXA3JpmniMN2vkJI+AVpBFkeMQF7cX9JiUhagi+hDbBOshwnwRgkqi7lYYdmC5FkTjweoTk/bMA0NGoALkBZ50J4UQMu4CVrPJ/aS0UFco0rcRWowGKLFODz0zolD0IIWKR9E0NCuxBiD6tGLMg+jvvib9EAdKrE6339f2viKmlPQ9YRA/2Id6+0bjm1hSQquxXSKQYEnrNFNTvXa322zjcAA0URNWSRBgFHuLd8BQ0QPAVxTnzjoIfVYbAs3OAODEIYSpAIaOx3o5LvJ22+W0UrGSoOyKGszUTabdjevX164tTS0sBMVCL+wbCs8SBzwq9PwoMvITY59gPh1oDYTjdyFoRukRKXPUZqIAWseoTNXWl65fvfDGvgMH9BjrqXB6cf7E/fe9uFFvt1rR8sr05lxldmbuyMHm+tb6laWvfuoz7/me78rPTPUBn87X9gce3BkRJzLxssYSPEgA3rLq/dul7Fn/yVFxJyob40SmJWAb5xGlIk7cs6YGx5ChTFS5kNkYJ3BXJIwOLty7OK5OpO6Ka5NpjBO2OPN0MMZV5fi/6N/4lfG3RFQGtkOwamOT7Ehr/1d0gydGL6nqL3fCtY4Yo3TP1Itu0EnUV+uvj3OjWj0tTiTEneeXnxrnxqXmlUv1i0cnjo+8irtBpfSB5ECyv6QY9PrgrwG0FIEkuSEAABAASURBVGE+gAnSk+6+cmyc4++ntmL3+6yNCpGBcSLMlcl9kdrPADvhQwSxE9+f+Hhm7NtlJYmpP1Ks/eZHZu86NfHKaxtSEgYbS+k8W5GMd1r9P//LL/7dn7nr8XsmxU2XZif6m//6wguv1ml+EK6JhOVTtM96vN7/2e+a3746A3USx53QtLVxJ8Z8IUTCd0UlFXfiipdiPHl/bavxya++9q2P3ineGuXJly5cur4q9qjI0QJhcurG82gveM8zz1/Qf7SvtcX5uYl9c5P75ibmpiq1Yv7AfGGxlhO3qoQMk5lZFMstNvArcSLr4oEfiQi5jHoJs0S4OW5c3BGBt7INiK4XcTRJ/BGYAzqIJkLEXC8acpwAVhhtJUnkpHTXzJknipizJ5FOcIKR6dx5fSMZyMTw4annUr5sWje0d7/2ixJ7VpT9RxomowaYIe3N5BdXO1dpCdPdC/dcWb9Yb23it2Z0E6woTvps0E2UPY7WWFgghDSW8qlFgL5JopvZGknMLCFF8/ShypFqboJamPfLyYBOOzozQjyTLzr4Uw1sU5epEdRPEXgkS6fCxMrQsm/vP338lW959NDj9+4Xt7488dr6P/7P55vt0Mb0oIwZC0iGOhOtiPm7x1EyBuNECZO6JvOljbzt/OQ9JRIizMCNmXcNllP7xV/6E9Ev/0a2g9Py7kpF3H1Q7GE5OpOOazEfM6bvQSB+8vHoQG1oJY5oRj1vGYP9R4o0sZIyfW+yPqdYdcNVPWi/td7eXG7qH6Hg3DrCbJVlynJUDal9t33KGTgj7pqt5pUwYpeNFxHi1et1MSBmC5EYkkPeeHgh64p0bpc2NoWriqNVdlsWvvlbtl55+fpv/+ZgxAlhlkRGi1SSFxe7GCfCORI5M0QhS9ZHHvjZnz/47veK3ZZbwvXc2Y/75UpVm4P8nE9OcUSraESqPzFdm1mY33dwf6lSQnh/AI4WggCTqKeEMBZaq6pjBEJIEBdod+15AL7safeBj/l0rPbhGqJv3hCUqmHXJm63Sfa9bmex2PYJ57RJxDCix8brQ/ulUu816l5kf0jt0AYSwSK9AL5xD+A6tGm92+lsrq3pgdPrtMHzA8PfRxxNY7LEx3kQBAkQJQhvph2uAeb/9vIFbayHTDqTszOlckmPRvIHKc7NFBLSLPqjIScNJdvAeKaQc+hg0IkyxlmmzzzGhJJD3yvr+5JBNxKOgVc/VMKiV5BtAj+nW1iGVZ2Ujwax1XWf+JItUUQZPS/+giYSSzvREalFgR8NWg/xK3gTK/dsYUh+evJubycYmtWtRjcggkmwDIBsilB2AoC0PZyJPk3JYqmEy3F9O370QVpRSQvgtSO5sVVvNpr1jY1Wo6m9y9qlgjmAPErvDs+MyAbuMcfAHvC2G5Bx/yfFi8w3HVGX2m6JFz1lB0TGUW3ETRCTbeq/aaLnUPEdPTz9OtJ5zdRZlXUXEaJBv1Z8uZGqSekjdTIenSryIf6DoI9gigtYMw4xZH38ozkOCBp9CHxCviIs45cMYiIch7f5vhaXiC4CRyAghWDcCYkTSMQifmvMD2CUdHqj2K6RUG8Fzc6IgymtA14Z7AfBjqC4j4iSG9geIWUsmUMCA5xcGPfiERs1gTJIRoguyGRvDhYV62AiFkn4FLN6V2wns5fVnyJ7XawiGVATYSihMC5+pKNaMuj1NcHXJLjfhy+lMIsQObI8mtHK5N0g84GDQaBIyjWYGiwMeMIGqhn/5AhjwOii9kpsetsEnQgxlMMNvR6/7ezszPLy1NraeqlUmpycTAlnArJ8MEyxdOJOYLBj0AmBo6TlCCn3hljimNeMqVwqt9udCFL39fXO1ubmRGVCBr5IEn0cqoDMEwDYgjx6+ODFq1fPnT29sP9grVr+tm/75t//2GcvXdmsby2HwtfSRgGT96GnNQTfun6lTv/+kye15/z5C2e7UnTB3RuinijNBPPIPCc9HtjSi0c28/4Mmn5LxPjRxZq3M06NMYduRZF7zUqVZaAqPsB74z2FqK0RDjyiYU4PESGGhVgqKIqSbOU7NzrtV9dWK4X8RLF4cHo6BLC6kJwTgDehMC2a76NI3OlhEYh3ArAWXCNT3chqUSA/wlM1J9JyWcGXk7IgKspHU42nfC+SgOwFgZiaPUbgf0cUulBE0GgfBjEu0QGxG03anjEc+zwmOWTBCB6YWw4mr+QF0N0O5KvrIjygD/kRpZ9H6RyR7+IuA9wLySox8L1eX+/0QayUCH0S9aK8FijzgZfz2V83MlXymzUab01RSZskSyjEznV3TExNRb1wS613Gg1PxVOUrkKjHvFFTJ3JeQCEif0k1YYwdSITygMB9SAqwacPkI/GbRgh9ZI0JTHxEyGXSYzK1f/q4Xzl9Ou6vZOL8zJA0kjsnW6RAvAOe30UYTxBkI5RZExIHkSl9CHvKV7vIXIqx9hqvWLuwL6t1ZXLZ87k/Nyhk8f6Ya9Ym1g8emjzxsrZZ1+UQbB0+fqhe47W5ucKlXJ7q3nxpVdnD+2/5wPvUYW8Vv0wB5SMQ6pGfwr5ppDeb5S9KTKO1RAidrErVxQRjiVOpiNOhFUYuAYrjrq4Jlm1KSsMJ+rcBuPESM9uC7keY5+lmUYHiTiowSQ7JI7Tgj7ybSvB/ythb4ot2UjdPT3zhEkFOKyEy2NFnOgSbfTcn6q1RFHhY9zZV80lN8POcnNJjFeuNC6PCDpJcgr2ATms2n7x5IH45m1YjTKVyrcJxsmwdg52l3LqEiLhcE1ZEFTqrBJJr27sEhBOJMqw8j/91J1/6n/8Sq8f8eMJIYTdAiy9tZvRX/2VF7//2w/8pR8+Jm6ifPm1rX/wGxfX1nrgs0REE9oqDI4n1BNSGT74yORjd2yPrcLEx407ETwPLeYoC/1Em5yQMzqdEXcijAw2HmN67szlY/vnThx485PsXF3ZfOL5scLOdl3cGXvbxMJ2q3vx4or+s0cWFia+97EfGvP2L796td7YLOUAGtSTII17KkSQOjVRDIo5DxIphmA2onSWU1MLhUOnRGUEyk56cPDv5D9jFpcaGm9cglsJy8ukEQpFzB/t9TF1jQXROGbFPk1lnBU2viQ+kkI6sbySZqhDfHjqSadO564En3UoW0YvxYTM3U1cPdizO+vrb5RkMSPMjTgRdlrT75xXqOXn1js3CPH+HYff+UevfTKiHDq8aM/4VZV1XEVWTOPREnGUiVZJMO6EdF6K0mD9F8ceOYdomHsFr3D/1H1W3ioGNSMiKJFgo9J5C7GtE2ZoUZk0zYxet99MrAZu6U6Se9lm+gu/+rl/+be/4/j+mrhlpdWN/rePXfjUs8tSWJO6tYxYkcMcd2QF7PMY6YS4o0wgnYghpF2lTg1xQ2Se3b58xyPynkPRU+fk0oZFapFmkRtsa2Xx7Q+Kwp4afSeL4s9/WH32jfDcJljE75oO5grCfE3YzlbEA4tifjthRDo7Kdp1kxEn9urM7fK5NX0HZf0F8GecCxGKP2s3mofvnBU2OiS1dcgscS232e5TzHxMb20Nlzfa3GpjmoZrPNHuhG9stI9MFqX7YoaOZ4wOaf6EcwOav2SiQYkmckuktTiYAPTtDRCjysmf+e+C2uTFf/3/z0Q0EVn4JTbuZPD6+Eoh3vkLf/vO7/+IuKlidQLz9lnDZvv5J0cdCXJ5XW9fu9W1TxwspV3tVCiUClNzMwePHJqYrGk3EwSR0LOUE6FqvqJyQiIQiqJPdqoIPdy5vF8oFrWHW5mVHuItXNzm7bmdfJxirRbWnGI7NtWwYT+HVYvfjHUi+1JZVdE8c292mYEAoJFep0eG9Xa72Wjobb/T1aZICEuKBOPRe6yeskFFSqa3uMhTu5PyxYL2/hQrlXK1qv9KkOAJQJsAxVlx5A1aOHtkp8ckDj0C0el1urRDsU3oBrZWVjSSW2XZECo5fLWtjCVSIyCRiIKZYrDnodk+eq8B4KRUghT26HST5DVGwuoxnpiQlILItEr76cA70et12j1Ka4PxW2DQF/GEkuYbxZ+Mh8F4I9AGAZOkBE4yHxc+kpxmzC6EOaS3EDQD8TN5Xn9r5Tp2NUKarW67g0FokDSp1WxGfcq5QwYIQakHsPc8l/grz3RpNKrleziz7HTZmyKluL2zftflVhBTSxtwGznHVWpHJli+yJDKMRCJRgwNGiO8QhKaPowwTTe6Yb+D4SYwu6MQM1gBAAHcALPMh/Hk0D+mJ0luIslFJvgMoZtg6ImepoGJ4YCNZ9LTSCOZSZHUO6X7P0X3KuZpNB9pR9lAN+uXsbKBmbYGRiUOmdVevCCPIZhIZSgUj0Qqnq20NIOty7HsJgZYkpOE1zhP6WLlfhYV/2N8MWwY84SRK+LGE5sQhutQ3B/94SMVRPtpOUF/rH6PLrAfxYwBXhfGvewmmmdyEdkfIl1GzLvbOiXfHkEn7tLW2Ga3HVWQmJVG+8IPHNhfrzdef/18tVqZn5+HOFAjgrCKwzxVYsY1CyPGocXAU2W2JLHj4gSRxXqh9PL5XLlc1g/VHLTT6ULwY71em5pCFAbBeXrN7KTZot/u2PFjN9aWX3z+ec1vjx67Y2Fu5oPvf88nP/3k5etb3dbm2o2rvgC6ouegpi9gttC++0jU/ML9x0/1pXj+/Fndgj6kI/ElBMCyFoRhLZISASZbD8SAJY/bUrbt7bcI+7oV0nOSO0dWSWLKZeneNlzcUnyJKwRcSOf4LJzT9mS/KAq5dtfXYuDZzS2/153I52ulcjGXD0KlmZgwFelach4WrAeionuak2l5F45BpQx2gnEFKEvhWiCFkYcwxfSwzgMST06WYV2RL9r6RAgysVKdPtivgT3im2MGIJQcI5K1fbOakFqupyla34Rj6jV4XxjQ4st8gbBfhdSiXtgPe+2OPqGZcF4b4gp5mEwwz7Ah1GsGThBZjhYIu5EHsCwiIjk3wtlU1nOLuK8QTncO/wxfe4UUtjjBphSFUmVqHmK+N5ZUvwUO4DjbK5v2zKpQIDKEUCxRoaIspCZDAoanMIvFCEDms4GCPJdxIOfoBiLB9RUG9EtYJwCxK/Cl2/XG9QsXK5MTfrUc0iizIwqbp8U2/X3d+aUIEwofChA4ose5mGTe41AYaHe+kF84fPjy6TNX3zhfqBYmZ2e0clGoVu56+MHlq9c3V1ZWL1+pzlQmZybnjx8JO/3OVuPFz31x8cTRuZNHQphbPvAbxdqMl/lSiRJbZ1wdL6nvbV/e4jaLt3EZTqKVij21wnjCpEVKcDxVSYwTuhLuNXgkxLuVczauM0ojoMR1WsJkz8rhGCcqhcVirZ/KCQhQTiRUHAJgHB88LmlNOdos7KhTGUl2TK0eMoHYzi9G9bYYt3TD5I2eGLtYfEgqmj2KvSykriQcWfZ4/MOGVwrXgZSwpw6clVbwNKZ8owKKhHboPn2vtmJgXxhlmgdVYiuytgk2avctuTPtV64LwIg7NrCJh7wddb7+AAAQAElEQVRM6PR8RA0xQA8rh+ZLf+YHj/3v//6s0Ts5jlKapb4kYOn93/r45T96auUXfuLk4/dMiR2W9Ub4T/7vi3/0lTXyb5n5izpOJCzqCUhcnpyY8H7ue/eNUy2PEIt3YnvZxn/R/Da8welW5cw0lZ51llqMV/7giy/+8IcemZusijevrG42//PnnhdvTkmEl90GNtxud5qdXrmwDdjJ6cur3U57YnFiZbX/2K/9b9W5mXK0fcpeXVrf92Pq7vvHuHD06446m0Ue4zVJ0pAUnJUGd0QlSIg0HDCBdCKSuCO8GCsmWjIL6USl6hTC4ZVCOHXys0zsJB9JIZ3Ed7FSw6/nUDm3E+IdY2JLdd8gNf66Kspuxrx+bHVeZbA4Pu6GSy4Wj2x2l8nKOFmaOrFwx9lrL6sEukkYy2+MgKJQ9aS2R1w5RZl4PuHfKIYJsLwGrzRBv/r4w9MPBwDICdpPOajx+pORGCfKQIPx+ez+SfeCW7ImpjnlSLA2A4uJ2xDCgR9uNLs/+0t/+Hd+5r2P3zMWI9tp+f2nlv7dH11Z3egaU3EiZEC6QpB0Jo1REYUTyUHHKYYmKdrYYkTu7JJ5ixg4ONaYPDIvj8wLEbc/tb0l5dFD6svt3mQ5zHnyv3uQTMojXiqj2A6XqcNCDEacyMTOWO+lzNiLo0DM/urFTTIxKfzYiiNOAErouS9eLE/mTz2wKJM1DO4bPSiONVHjYZzo7adOr3zqxWWuR+JYkhSKBXaKF280j04WY6JthqQSwvFLydTLCpEczrG10JySzpFENIAgv9OesImjP/pj+bnZ0//ol5Qba4KnXKSTBKIJ2e9wmziOzNgrlt7zd3/p8Ps/IG6uyAR9S47VZMe5RQ07MVC9uT5CpGRIhtPtdrWxcGpuelab6edntWc9VD3IRy4ohQCKGRG79RzfJPraVUQAJ8pEDASBLz3t1g7IsW2NP8aZ/haNQXHbOebFO6p5nMu4W1wXZrKM32+xq5i9M4mzCEfhpexyVqsyVXD0COXsbrfbjY16R0vn7TaGnsB6d57hkuzMHn9kQSnIJatnAtw8+WKQy+fyxQLkpsGIEz1EtDURATZU5HR+HwM1wLeFfWB/6l9dRAQXEIkCUSciqzdUPFBjudftllQfmjkdEU4bHgsxYzp6ifP5IIfth50cLhQVCPrisbvbE+hVQHARmDOYIAP2It3wLvhoYV9xMKhBiZZqsGG4tUKIIKI/fjHWLe3y6HteTI21SFYsFfIF3fUFQjHxASk7soOCmtGn5au9XqvRqm9utppNCCfqhVE/DohHWQ6IAuaEl4R+JGwvy6ENzp5csciVutqcFzdbdkZndjKpd1Jr8pVvuuw56YxbaC2iVmmz0jY5SlCUVLGBjkT7FN0QhIEjaYETcggTbtLDhCztTqvV63YgBRsxdSkYxcSjf+gVIwyg8nliGK4BQP7s/KXJ5PEup6rBKiTNTpbCyPQlOPRBpkRX4wPyjHnOIAWCdRr4o+DwSo7AAOdfkjhLLxYROfjFB6cdR8Bw8yRF0qBfhsGz3T526L9we16KxLJMEX8Rl+dL4cgKKYlU0dA2a9XNt43MrDaVE9GhVdQQSthXlLwMgKYg9A/pMLy7ZxBasOZQpJ6YkNmkm61lYD5GTjMHy46YbCj2orzVg06Uu2N/yLH6SmIymlwuNzc/3+v1XnzxlTfeuFSr1SiIEoONIiclGw4pI67RunWYDcD1hZ8bcEjsiixJp21kNaZhHQRBtQJrASBArdPRf+tra+VyJV8KIARSIP6I51kDlD6ihQo9So+dOH75i0++fvb1+fn9hXzt1InjF85fvXb12XZ3w6tUm5sbgcyVJwKvUBCip6IgpyUQ4fVl7o79h6+uLl9Yuh5qoSRfEMbfQ++NgBRk/oAkI9Ln2Rc/3nn9sWXxHfbVoBzjkDKZFelPsz3J126V5D0gTTqPHE+qHlXkYJ301MRTkueyCgtWxnYak1EprHIjvRByoPiQbAmc+qWe7631e5e6nddu3Ng/O39icb/09Jk+r181r6YFxlweM5UqgeB8UIlvUr4RqwLhCaJCELoB1TCI7KDshnr0+8LLFzx2YXoRemxAmoaMkn0J0Cf6KmlpHUTGwL2w2BJS06HFyvMSGFOxOQ3zPBJP0pKtNruhDie1KK+bGrXbEaL4AJsKMOWbT3B8MfshgY30iRBk3Q4xA8DUgyXGEJodBZoZBkT3FabNTnsCZUJqFLduRN6Okh7VrPEaIYak5FypNDk7o7tsa2Wt02jiN+Lhi75aM3PoqAoEmFz1d+8LCuJAyksStvkWEY1SBZA3wLM84Q/1EStH/ka5AtFucCcSFAaVgyNep95Yv7E8W96vh22oKKDeKIqUUweULiEc7mC2MAlgfQA5BiQEmhBJR4lCVScnJ2amV69evn7xUm1qSg+4QpAvTdXueOj+5z77+dbm1sb1FX39vqNHw2bn7Fef7Vyqn/7q07W56Xx1AsYavKHvwMQkxoxDihVbkM0AiwwY+y5IkENa384j9K1ZZHbciUxgV8QfTqZxROJ9uj65b8iedEMJ6ZjxpTkitVunSNe5HcaJsLRR2ockICj4leLYWtMgpgAW1ER6BhiejktepSvZFEMhV0jn+T58fCbj/xoqMiHnco4ch5m4A0akBpaMV9G7d8dFvT0xToRVv7N7ydSJA0umMukYG70x1sdvLdKSrO0le3Fcz4jyE995+JNPLr16esPEf4X4cij1CIPug/vLS62/8o9eeM+js3/ue4/ecagsxijNdvS7Ty7/n79zqdNm6FIVxoiDtA+2awi+hcNaMPkrP3K0Uhg7gsrtAqWMfow9GYegMNaQNdjKOFSOe5VX2kg2zJkAn7FKp9f/zU8+8+jdR+45uq9YCK6ubAo0r06UC7VKUex12Wx2thptMsIuzkxo3f+VC9e+8vLFVqcr9roMqqqJoStvkRVum6IlolcvXH/kzkPDLrix3jxzefnooamvVmbOR4GaKr3+Td/3fb/z69PzM5PVifzIDGfK9/ti26UJKunO5YPbRXxlT9y4S3laJCIs4yMuY2RyEZ81Jy3uSBz96ZJYw0+H1ZlGOmFybeq0/NHWw1TbEPYEwY65c9xBItb3MqiXmcEGg2GM8mYMwDe/7NFbuwzNPZoIlwxkcKB84mLjVbIP37P/vtX60srmEo4BFes4woadMLqJEfwUakCEdILyESOCqFgw4hHrMftS0V2Tdy8W5+hNA087pKp2dCUEDKGc4zZaa9dlrHt5xnkm7spEbNgcN/qatY32z//9T/3gt9/11370HWKPSrsXfeLZpf+A4SbGL0u957mzScUrwrzkhDNIJ16MdMJrsEeS8oRhIuNg9k3ibVLO1KPLdbDRnJq8qQVp1Mums2XquLM/woqSfdjGf8RVmAtXL28RZrnCWF5SPWAfQBjl5z/x+ovPXD9yx8yBI5OLByakebxKYpy4daaepcxWOvv9SJ1bbr56rf7cpY3lrS6c9dhHSt4DYcLxX19rJ95KmTpdvhD3R2orB15fChPsaA7xa7CJI9b+pdpe8t2+7P/wd1ZOnHrx7/zN9rUrwhC4QYwTu00ddzFRasdOvv/v/6PaocPiVhaDQZMx/WIxOfO+gYIWSG1q7Gk3QqT61erk/P6FucX5YrmgwFbTxzdVhCdhhWX07HFkATop8AK6Bi/yaW0fGlsVJt1JWWwMZdubMmhH2p1x2wKKpL64GOPRO3pi6uLYdmeot72G0zQYp481nY2obcgTUwekNfQmamNplKc4jnIIpEDUZG2QbjUbzQ1tMm13+r2ushKtYmewkREJir5vjDA4nT2vUCohqEm5WCkWipVcHgA3vMDvYyGGS4knwKvV65Pzq9tuYbxLl4NOBMZJ9UN+c8yCp1KDmwWWhMxje08NrHajnkeTOawq9dAgj4uhIZtOoVgslPJ4xA9wYBOWv8cwBtxhJjWSIpccrICFZYEAR623Fu7BfoiEzGzzcahYnVU8wTI+3rAvbvqBvmKEdmUQwwCjJciVKxX9LrrPhcEyoKrI2yiwDflcbnNzc+XGjeZmXXd4RBDcobJrLSWlKhHsH8yYxRwxk7D6Zjae3s5+KuHoLDF1G4NKDJunKf+XyvB2D62NW7NHEzxxcOd0L0PcVeM9NHlEqfRQcvwXKl21siJBWiw0fNpslREf3Etw9StBnRA8Urfd7rXbegcT6EDkSQ+caKGvp1SQ8wxOCcm0ELauQlY4PV8YPYXjS0AYBvAhWrMtcITjlR6m1fFpRTeKwXHnKBYd2C1hjhuHjvP6TAW1jOXx3IwMtBJElCkGMaIFIZK8Mox1JKgxlMGAW0zzy7PEh+JZY0UnhgVxJlSCWAx8XJU1wpQxD5gJHpNFo0UITmmEyhzmuhaSRwFRKJyUmnSHYa8DcX6MQIOEjIP84DIIA+I68Y0kR7IIM61JTjQOtGSrjQ7JnG6IHdAdTIaUj5iCMqZpN1/eBkgnKsPKNN6N2kOpWSyqiAv797Va7QsX3jh//sLx48cKhQINQeBGXoJH0viOFI8s4sR63qYluZ23J+MmnC0RuNCl5rilYglBI/ob6xurq6uVSmW+WNBMFudVgKqQUCaQqqfHdeBXarWHHnnk9fPnz549c+zYndpi+44H7l9f2Xr62ZejTj2UxeZWHoImJ2QhX0EHvgg7/bzvLUxOvfvBR+SLz124dk33AqTOQ0cvEjeY1ZBbzjO+XZKPhOeoMa4rfZu33lE/xfKac0Ra6cOxt6WewU1S6eO3qMhkrJndTzFjsUOGat5UCeX0hOsAUbHMun3FBlkHjSM+g+lZ6Z/T04AwKji0LhCyp6Wgpp+/2m68cH1pslTV02hxcqqQL6uoq6kjsjxMgCskQTvqyjlcr9cHwC0MrKbILWJpEcZNBbCmAdIfhhBtgihE8Gw1USwC+/Lbeqb1gZ0CCmDUDVtamvQQ0ZtCmKWelSEASvVx3mBWHWTFgQ1CNCvAgPOEzLYxG5CeP4WcLyuBFnWDdhtCjHtd5KP6rkIJMPEkBlT7ep4ZqigR6MgQIOAkmpN3Wmxrbjfq+iWCYiFXKkmMa9b9FypfCoe3ycQiqls2GG9PsWqQ88NOWLv8DgJ7wly5NL2wgBoCIItymCquxtZas4MbJoXWnMFnBhBK6CM1EgI+xCCkAWECiMmIUzSRVG4mR7pf03ojDXi0okjJyXx0S3vd9qWzZ4pT5fL0JDnAWbiDC0G00gqNT21gocfYAszkRAYReZgAFYQxn9EU9Sjbd/SoHmYrV68WS+V9hw4JrYwE3qkH72ttNV9//oUb568QSOa+Y0fWrl3fWFp+5YkvT83NPfCed6tcIfJyfeVQO5X9diyGJCXtTCVhHH1gnGu+Ufa2qCR2iBtxUi14NARoDbS5nu+y19P370Ockk+yrXvW7gvhYpyYvLoiXdsojBNDyqieiYLH9hCjcCpreZfS9cW4iIbGwWZCAwiylSgVdQAAEABJREFUgXQoaQV3wfEGnolW56rY8f12J6MjioznunTprcq8xIgBwyrJ2pHCwTix4qh0RNNt91Nbsft91gml4/QSIgPjRJi7bBncV9uDnZgdmgIirlrFgSkq09CzbfnFn733x/76k51OqIRR4KRBtlcOAgp6DZ/48o0vfGV5eqbwzvun33vf9ImD5RP7EwEoS2udN5baXz29+eWXN8+eq2NDaV04Tx/CNSF+ioKHZ/bFH/vA/LvunBBjF26sSCbZMTSAMR4lO7GtYUdlxJ1wR0kbdyJ2UNrd3uefO6v/UscD3ztxcP7BUwcOze8YHiZVrixvPHP68uuXb/TDseA69qrI1AiSqciCxHVyrOF2s0V/oKJorm62ZmqlwbNPvnLp0FylfmD218N838y+jYff9W/ue/jYf/0v3/3EH+SOHp/J54ZF/zVKE9H6eqb7UY0rAzsXDr8nRYX4YuaqLKRZLBMH6cRyE0mIiQZ9JEY6iWeZsIOcyYx0sExovnCVMTKKEg5nt9NBOWeFg5hiz/Jxd3SglT0RJGcDv5Kd4PSGcmlYgu4lt1835ZbOpzQztKxNJrFDarm5yfzKemeJvtDjJ9732Vf+sN5aN+MzwvETmfEmHBwUUjlIUPLNWmE6K4y0JhThgCpGQLl38u47KkcxlF9rpH4lN+2McGp3NsZJhhE8fte0QDI49TJvzTLXg1YlTOwy56bhZcqeHcG6PR/9w9defH3l537koXfeuSBuojxzbv0Tz9z4o+eXe6RZmagReq6zhbnmGQEp/p6u354ceBwlYzFOhBE3Um+b3Z8pK7fYptwGnrD78nuXOVjzQ4s5sdtinG3ukdSBwSMyXcfAbyMcGjXCscfQd+x2Q86tg14UsNV7EjFXKaRLriw3bqw2v/ylS/r4woGJuYXK3EJ5ZqZUKuUmJwtqENFk4EirFzXavc1W/9pG++Jq6/Ja+/JqE/KXI5YrtDDextg5tL222XZfZvAtEm8r7Y2O1C5T/cciG9Vjztqfkiff3nGI2qlT7/xn//KVX/mHS5/6hHIQTYRxpUSus8RsVRLp5NQP/zfv/Et/Vdz6wj5da12ig+4VUiTneUZP0aE+hJv0wLTp+VNz03P7Fmbn53KFPEFehZBrQ8UFvwG6iDgGAr1RfYw46RPB8UzaEc4/4nF3OevudiZ3b3vxoO0688iOTNz20dF2sHnSYLeMvix1DbNLoxtb64kb9cKBPk6gievfsca9RJ0jWyoSCruZpY7LDwVCSrqg0CoO4R2QdAmT6bSb7Vaj2Wl32rBIT6FO51tSQB8ZxqRPN1LyB+kHuUKxCNAmlVK1NlGuVMD4nvMh3MTj16TRwlEXkbbg92GNvaZ6mM9Fm0DBxo0HTWRGZJ/rUA6X6JLVXA11aAr2JVNfgNkcvKp9/XhY2OmJfCEHzQRkEIjSoMGMQVRgdDXpfMjiCpWQDw6REHBtKxTw0YZhZDVQ/ODkhzZeKhV/dBKhzUdU1kczzvB2vzGQaHQqI0iLly8U/Bwn0/Exosd8J6jZN7l1+l3IXdCo17c21iFfUq+HDhHJDmXhGT+yxxaQ5Kx0ybFVGTLNvMPexV5Fxmv3CjFWUe7FmQ/dnfV4HCIwouyC7IyohGW5kde4h1KnRlziHIsVM+00Y6XPeIyklLanjQOEjmM8rEcCALhqIaak3aJQLogugYiTFkaS9RWlrJKwtFv7rSExBaz7lsKsJ0RNFRZiC0TSiEUKGmaSwEt8TqmDoeEEcAI3UxgKmdkcG1rm1+ckIYpRofEKRPUECR+4GlKJnjAYJ9SZ6OMWMBcC7hVCOZIUfuIT+hF3i30896m0RsXYKijsrBcJnk2qFf+0lkOZ/njx10xwfZVYHyOtO5bITGRwUPFfxJbASRthhFBX033ModPHMBtEOoP7IlIjIJMDusTgZe0AMz5wFWv0cQuTxnzek86rZRTnsGN9HVKw8cmUM8PK9qvd3tJBJ/YVbU8mkGIGumgE3dNMbn5xvtfvr66szsxszM/P6ymhuUWINh2nBvaveEZYIXYI3kffd2U7YefRnhSMbsrn88V+sVjqNBsNzadWV1cLpWK1NgmEhkcuXQuvrqWHXL6g75iamTwmjp157ayev48++t6ZyfK3f8sHlq5eq7e0CLOhtC9KyHyQy/tFsiVrmQSIWqiOTM81j5/S0//KykoYtsGd63uBlokB8I8glXDZPtAMM70J1c2LLSyJYtuXVWKL3zjdplKzYmi/Uc179yX2uOySLw69iWCZjeFx29dO15N5g8RFVKh5Q1Y27fvPqUKpqcLLrfZTF6+IKHj8nuq+yYrsEcADBlkbAUhPIhQGo24P4KL8voczBX0hvKgPnIfIViKaPwHGkRCJ1uw08FSlkO9LEWJWXeBplN6sH2oCHAkfk9n00GLrQbS/6nvELxGdiyBPkCj7hrOyiQ5FaHSwoljrF/IeRljD8oKGbnRfc2sa1VpwD4I88FQImhEEHhYSmcegF0VBjJHmF4oSUIHo6ROAhgxkDvUBcueSvd1Qe/mWHZs7LhmjUjnLn6l4aBvtR0ExPzEz0+t1w7WNiHIzeYh643IuHCIY5BcJyiyDYj1GuwqL3eaK2hChz9mVKL+AQbDMVP4ZPsFaCwHHRGt8CGkKz+i326vXrlVqE1prCBVCmDKqGXnZON8hAi6QMkaOCskCToRB+KAK9QOQkuI1E0EumFpc6He6V1+/UC5XZhYXirWJfrN18MThtaWlTqe5dvmaVrtK83P77zipTV1b11dee/Lp2ZmFww/cW++2NN3vmoXX9ApWwjJ2GOo+oQZozKCcMQ4V+toZpntTpLO1RQnHuLDD+jKXQlq3eiLiRB86OBkY0Zjvc7bcNtpXxgxplRZhfV0itTU1yERtya1KbYXFSonrFIdnA+Fggto2cNUkHTEVVgb1364gNS55QYsLnUXvTE9Q4rA4KOwOj1effm0Xd4RlgJ3wTmIcDpyN73Z/q6FoIq6D5bZtx0Q6SXVI9vRTVpN0nEXuOad/lGM3lipjkvMNUpr97crB+dI/+MsP/vz/+nRciTvv2LTJ2CcUdLWy3P6DT1/9+GeuCZw6E7XCwnyh3giXllpCuBzLeBYNrgmNBsI1gdBaOB7S2Xc+OPWXf/CQGLuoONqGaJCd7xYtRonEXjruxOnpMUX2nZV+GL32xnX9d+eRxe96z71iV0VX8okvv/rqhWviTSojeMZu2Yk4tDApdlu0cK3Hy9kLF4KTJ2rlvD3+7Nnr+ld+/+R/DPNNNRA3ksuf/84f+P89/sH3fPTf3vnyy9H+I3dMFVKXhLl8/+Xn5TveP+rxg5MzPpaabmoIC06fMpxIOKQyRiJx7MuGywycjemq4XGGoUmHC2fUqeLrXewTE0inuE7LHuOGDpyNw+8s55Uxkhm/tiFxQ/qHrjHucJndlc7+Hk3Ut2hRY1xxkz2gnK0z9gxHkuYRh8p39cJOvb+u97Ua+oG7P/Tls5+7sX6Fza0c4RSjm5gdPo16pcU1obGhnH0yWYGZ+MGpe4+XDgjD6Sq5aV/61hpr2jkGxomyb6TSr3szXSWEjdXAreC3iBFcEuP01XOrP/f3P3Nof+37PnD8j7/vaK1SGPNp643ul0+vPnl67auvrtdbPUF+rNjRGD+XUytypItwxA/GGI/FC5bSPdt+QjrhuJmsF3YOq8Gzw3pK3Uw/38byny51b7RgiD46n1ssbi8pDSky86dMH9o+4iTzaDKQg08Rkex1+gCbi4MvQj8g7wtGPYlM9Ik+cvXa1uVr9Si+nre4g3l5zNacpT+PkhDjFsNZJGOZsPYkDA80R2xDNxpd5zUMrbEC7Vj9LUXCcWluk4On+B/iMLvzI2aWXLn8wN/4242f/KkL/+k/Xv2D3+s1G0qw79floYMIKH6pfPJ7P3LXj/5YZf6mYs5usliBQyTHX7YF1vSndgZqC2G5Ui5XqzPzs5PaNF8pR+CD7zHGAvvbWDWxsQ4Rlh4kPelTEABmDSDfH/kA0UIlooRL4q1dxqRoqcvGp4Ouv0058K52h3o15bCX1JucK97ggQ+reWRxUmF77DtCU7BiB6TkkYEGzm6n02q2mvVGV3tpWq1uu6vdkLhoE5270rcysXE60oI9GjQqyOeKJT2uKuVqOa9dRuVSsVyGJaCYY0NA7njlyYRyQYgCEKsBCwG7+lkCUHZ6eDi0L56MthLUfrMbxu8Kb2hlFc4JI8k/TmkyeBRTvgwwlfseOqzgr5Ar5CBiw3iyOeIHFu9zRxF8GKxAxZWLhPeDaaZCDD3pmm/rSW5MBvt17WZmJAjF4oxUmfcM1CGQLkn2yiM3kFI3vlDU5lvtWAOEFt/PEfGCBbXoG0fC6nXa7WZdf+ZGY6uut5BBAz6AsuYPSUkGcZyk+10Ovo6VDMVYRY1xZJxqmFYptyW74w57KNbsvYS0B27EmFEML2kK4xkrfnyI7P0mpRb8NNiH2oXdaTc7zXa7vgUAWjAxIKsOjgqSWQSDkeBXwrllvPzSM/KFz/SEzvs8+xDHn356lIaH9FkZo8qbQYqKBhMYZfUEM6XMMZr+itUUj7Va9GYbUtw3LReYHAfmDrlXiMfRvDOBMZIzBJHdOG6TGJjr8Sk+Yk9kfZxU5JCyGk9CAI1f1jEmKBk7wJQJsWEJBqLlgLz2o36IpKsHq+k7HaK69o5YE1dG+6DANUd4lYawC5H2KCbNJYOvNzio1cDrR7skDbsqb22kE9diIoeeMlcIpTI8vLRWHrCtCoW5+dmN9Y3z59/QLGN6ehpgx7yUlsvBd1LGoZGRiR0jAWVviZ3xxgiSLAPMbFetVvv9cGNjXXsuS6VysVzq9xl3CPEYiM17WirV1KMQ5ObnZzc3NpaXrl25eG5h8Ujt4Px3fMe3/Jf/8gf1biOXr7TbG/6mXypU8n7J019cu/H1W+iZ0I4OTU6GR461Go3LN64H5bIX5AWFpSELpZnthL3GsV0qthVuA4iceNnxhraMO8f9LvTcjOtGsD8rWYrbVVLPcsjZjvg0L5LjG90hx71O9H+b7oQxHLnXSNtCxYYqYW0rvPQP6F2g8iUt4jWlfzUMX15embh8pZQ/PJWTgZ/rg6jaN+vvYUboEUst0tIshiGHqBoZfCfPy0kJciOyGg9D+YCh6GEMq46A+wQyV8nllcBIYQEiM0QCdnsY5Cz7ngJx1+9TzCZIohRF6Sk/F2CgsLWxSu48eJ+IDMjgksEsasCK9ezJB4VKKYyiTqsF+l+rzabfkubVAXE2LSAHIifQxBzRPyTOo8Db6/J38UiuR0CyXNEnYK/UdzQTJfm5bt943ONih7AxU0irMdMBEiwwQZev+3lidkb3XHNzK+x24ObQx2/JA1Eog2UCKhKkLWKcBFa5HIlB8QHEFCGBxLN+ekdMcCagIVzMvY3rGwYM2G8x3FBFm0tLW3Ozi4cPtiF+OCSg5YgXwrLzHuKaPGuDNZIly4EASEktiVmK4h0AABAASURBVOBtPK37ocbhzcwvtLcaV0+fXb26BOk+q+VWr1Wbn334PY89G4jLp8+sXFoql6qz+/brul5f31q9dO3lrzw9f/hwdW6u0WxhGFNsgxIOIREOLc3kegNfbQcD7vbTzLdP2fM+UWIA44TmRbXoH5oOLq32+Tr2k/G+NFEaKvafGb8aChO86tqeFew/U5GT0kbFTx+FcZKsX2/uOJCbKLA2JM1a7dgiz3PEocfW3cbCgjJLT+IL6Rj71E0dPK1lvIoQjRria7jwNxDCiTNJCk4y5d5I/iYxTahUhWZfDm4Ng3IfHW+HHR9zKwb2na0yW5nciuQ2IeVkSjzuOLLzQyUbb2VVtz1ysB61y1n+2D3Tv/SXHvyFX34uq33Gb4xCVmTmL87QiGK2Njfa+k8y2pbjb8ZryJvIugkbqiAgkuwCxKoeum/y7/3Zk2InhVplRWsUOq0pwUxU8oZzVIphfolYU9Nkc5ccO1hn/PLaG9ebnd4PffNDYuflo59+9sryungrlYG5nTgwTqmU8uOw/szSbPYbnXCi6L/42pn9+w4c2zd18cbm8vrm1MLkZ6Lc1XCUWUBNzz3xU3/hK6+f/q6P/p9XbrTmD+3LdXg1dliZ2FpakWvLtCJzu2JVyN0PlBSpEZYBCrbdOEgnVn5TzIqSmCXKQTpBQ7nkKBAOcUbk3igWCyMHro9sc26dQgwinRCsivvueDZyeLSh3TKJmJLso7jfnAe5vRF3iYUQS9/8dVOU2POihhwdjR0C5Uj1vjfqL2z11tC067371AdfvvLc6UsvGMnNxJfwd0d/D48QGhUeK0IMVWfuYvnIy8vce6cequXKzFmELOcmAy/vtsFtZ5Ru8/bFESeU3WR0xsjbWXeO4UX49VwjiSVuxI8uX9v6p7/5/D/76Asnj049cHLu6GJ1cVr7cAPqAE3Ntpq9eru/3ugubXSurrRvrHfWN7ts36O1kpTVF7mtJxPPTSlR0hV8pCNBODGg0oqjcfSMHC6e7KCLbuLK210+ca33zDJoKDNF74/tvxmYE9zK+JcUCbolnW16N/N31jNUEuOERlpQzrXbPSWFE2siydIaKsqzY+NRID1vHKGC21BwpAgdcfbxODoPaK29wnEYCTYRqTjiBDF+2NMghI2CQreQH3h2GLpDlUWu0W+O/ppEL0qrWLmnuLMV/SNvle5fOXDw3p/7C365cu7X/xXGBcBXOPGj/23tzrs2zpzJTdbmHnjw0ic/efrf/xp5OLWcfOcP/+hDP/0z4tYU+5IJESJREtwyaYKWtgY1pLe0GVVbwKpTkxO1WnmirG374CEEB2EoGMMjio0tyjPBNjCytMFfe6e0tO9j+u/AZACHrAfKeOgFOy/23v/6Niwx44jpCWuD5ADqI54HTXzCjMnlcm4YomurFzsqCW3HzDHcxw2zH8oxo5vRbrXqm5uNrXq3BUZHSMEE1nEQCsgC6s4/XMCpKPYI0TRy+VqhVKlUaxPFYikH64kLmK4GQcRDhCakEEjFDQOnNAKEAOJIDzqh2+kC9AicDzm4I2G/Tfes86aKe9YQoogcARSUQIofeFsJoSckkBLwamGURrmsG5xHmJOc9m3pS3v9vlM1ONCJLir0u5E3IQRokJDAaUzzpHHFSqOBerbDeVaKOEpDZTijpZG/1dCPanb0Y3UPE2EGLJkgqE5U88WinpiCA7+0Vh6wBwJdGtrNXN/aamxt1Te3ejiRAdIAhS+0eAsRY1p5g+uozOeww5K93SwJ0hGRMNVuM2hdsuU8Zfyh/jVrFrYdIIefGrMm5bKUuAz0GcgAHgV7qvhrUviCnul+wMdpJumx1O9AAiztFOt12t0OgeVEFI4BrhDGuvKcUaVMrAlFkCDHsBlqcNG23UE5heNbBMOIcBKAlGc8NqVhq1E9ocQxZpZxMIgk7VjRhEVmL1QUd419ZWkoJLnXffayS4/Rj1gMlBjOFbNgWgApMnvbtpZHbFK1kY7dauj4VwM7kttMehl9J9KuJT1AUUIHdBOixzbEpDnaiQlEuduNmCRiGgdOFkYdahsZUy8lYkmV2pFh6jGh8sJeMY4YbF8n/cLbjHXj6HOfKHZX3gbpdWzZrleG3GX6RrPrSqUyMzN9/jwk2dGecv1FYeuxgcwdgsrEatJxL4hzSu2lkJcUdXXNWgwqFPJhqaQpTLvdXl9fq9aqs/68Fjxx/EVoKBBAXyIKSxP5XOBF4eFD+1UvPH/+jPRys3Pi6LF9Dzx095e++oqKmrnAbzZWN/OFSnlae4GRSIVKM0IhilIenpltHz+pX3i1VQd3euCR6Qwj8ghJiXAdfLdPhXWPjfGKu+ybvWNvOwz4uCVl/AbwiIhpoznMo0Xx2d0OQhBt2QEfUcVGktQaNZq6gBYGIlfuCrncbKrNDf/cublS4E9PlUtFPRT7sqeJJGUe1cIUAs3l9HzpdiAjTbfbBsS5IBAkgGNosAy8sA+Akpri5oSPSDqw8hd4CRLznOdX84DB44GiD3+aOHvdJmBMIjuG9E8wIQF/BIKeYamvHqs5mVe+nxeQBkUZXZqjRASJdLQsCQY9xClrdqbnWAmPkNBPoZj6xfP67YIcmqdAgvcxNgHwVzBikTgiaA7IRaDXgJP0CgT9IoVWBwTGhJGWEXe4eJPH3i0tRsT3jRUSg21BxYJ12eXaBOGzNdY39MhQDDIZ2Ztp7HHqUMUr/TzIVhtFZPo3Sj0xdwz7QZsMxDKN1bGQ9UYZ8Gpqn08TKNLjvV3fuvzaa9WpCZHzUfwJQnIP8ARURAgR+E2aQRUD8VHYlBYwPBCwUFCSPqAtavUkH1SrtdLExNrSda1lFSrFYqWsDQ6FqYkT9929sby8fm3lxpXr+dKRhQOHWic3Lrz46vnnX6rMTn/oB36gHwQ9FOmSPc0CijlyCwNUv2Z1jPHKKG10mIVqV88Rjg3U+B54+6G7Kv/qiQ1zwI08tBEhvO/Elwhju49VblslR3nED9kO44T5DYn4XI8++l0Plox3nOeDNYXGIr5kHmWcI6Sd8ARi0xB7+F2rqjDbpJebr/Rw5eGoDvVnx10I680X3Z+yODful/UCrzTvHjhQPXKl/oYYoxyeOCp2XLhTbeOkIwTYgSpTKpJ7pzmi3nyMExk7VkdinFgNbPClBvepKAPFYVVTl/Mq52LlRlqYbaKSWO/bQfmmR+Z++a89/Nd++Tlt3hx2TWJWGpWSNVf+zKyBGusjhXyE0nopDN4JxJ2Y/Yfvn/yHP32H2Gkxb65EPBQUT0eONRFSxC4aZU4Y6TQefjJZo9h71nTp+upTpy++447DO7rriy+efytEnCQoS0rvc2X+nXTazTDnz7+49OF37J+u+FtrVz92funhuxfPz8+8FubHjOjrnrjjt/7yL8596bMf+dhvTJ24o+LL/uRU6+zr8hIkSPL2Hxh2Y3KuZUnGKja82GPjdIxMX+yikgiHoRl+pAaQTpg/JmNAhYt9Ynmr095UndyGQaSTOKKUuTYzZAcHJREhGrctRUV5Vg50WaIXTQSeSNJAmUX0Bku5WmvWN8Xbp0xOz4qdlj0lUFJsjx2iVYMj1fvPbT3bRLwTffaeA/fPVueeOvNEu9PkNhkfCfsg2Xob4nJYIwTQPqnunI9GTOVq75m6Nwe2Zh635dxkwS8NRJO4MTEZ7UzKGKl3ZOHROaYSF6fvyQ5l4XnkGRnSRGyYqBqSil0hAe3pyNzPXtg4+8ampDXR8dYUz2DsS0bB5Ew6pn73udQU7FXPnRBKOKh6riBgDF82O48ySCciA+nETv901yQvHOwgNbh/m/Wwj13tPXmjr1/w+IT8zv35uULG43/zYvfZFXAZFgPvTx8vFm4OcyEVcZIi/iJF8NwbkxeLERfxNhHbNHOodvnMqotuAgYpSJSshMmzE8kkDoqI0VAopkR5LJvhviC/ROSwdcUrXzhCxTQFjkjKqmNqQH1IWhyUg3MVrgFrMmoW7SdlCBm/ppQy3ScJ+SwON3EuJFOd6U+70PYWFBfRRFtnDn3Lt+o/OnX5j/5ImbNiGPm46SKzfrpiSeLf5D1pQU4MFU6qU5PTc7MTExPapA8L83BVHnulIHu9SjwcuhsXhuPScPAp4hrXAHJ3gJ9bUMiQ9Q6aFn7Nm2jGtETZy0hRsvgcjOThgMpIzOSC4DExej17THdbpBXL8BdxDSMBctwLgHdDWoxWA8MRep1OiMne0BvrKZXIehwPR09Q/hk/CAqlUrFUrFSrpXK5WCpRtIwHLmrCbpYAyw2NoVBrgVEulD+nbyI4KBYElt5LWlEQJSbZYD8nwXRiegEZouLUAxJhSBhIBoN7EDo/kLrZuqmlirZ+FgsFCNQgAqXQAev4MmExBvabQUGITKxM1wADxNONmuG5rWJtWSWm72DEiUTj7zguvPganIoY/gUYJ/qvUilDxImklPLEsyDlDqGbbK6vN7bqEFTUbuuvjOyGoCdIrJHGlufREo+kS1EOfgIzhAT5ZjCkQOy0pIne2FVIKVKRUG8FmrOXftg9Kg6LkC6iSaKzbIgWW1U51YZPwaUwj/uqjzl0uj3tZuq2W71ON+zi/O1T9hzMR+AzOg4L5MqyBp4ckl3GxDRww/hYgnaE5FRQwhEYrC6b8plKiwVIqWCEokUUhMNsFBYTVmLWY5iIExURFougZ3IgOGLKe9wl1F2xUC6d0D1+J37f+KPbp9A9MtXVJJ+zMG9PKq6H9jzX6S+GF6PkG+u5YFKDr4r/AoQUpc3DCLNeCEBlvQiC/DDYEborUryo2nmekQKkK6E5BMpQyAFwh1gpSdG3JB/bfqa67djmMnfey4EGqPFExrd60MkwqqJYIxxVbAAg8TCKbF3Yt7C5ubmxsbm6ura4uNDr9/OBn7qF/NZ63ltcE+UUFmv2kOoaoRWCToJcqVDEbHVVTWQazcbKyormd7Nzs/TciJV83ZBQYnCVdqlqPl6bqMzNz5x+7dyVKxdq01OaWN1//51XltZX17q5QIXtbn1rVQs9WnoplqoCOXweA2u11frYvv1+Pnjm9deWNtY0XfMBc4IKrfeitZmM/sJBakoNHc5ZZ243d4g5uHizihWCd80aldmovX4PMzU4NBITh1uKQYYV6eULmjt1++Fav3FhbfmVc8FE/9ChgweKuVwY9GJ5EzkO4J0UchDG0dasstPH+GXI0Shj7dY3yx+Jo+gH5wPYaoKsa/MiGXheOch5JYgM0Uypr1vR8LvtRh+DTDyQyyM8RQGFCFSnKDGndgPmBUUnYMCHitVVSaM4MuRbAWyYVyjlJQrpnVZLS+DddoeUhHxRBVo/RBmTOTFyiaiPDk/8EhD4ACkqSczuM8uVqlBWft5nAmGY3NeYTpgeispaLPhNIxHPPpBzAq9cq6HcoRpra71ez7fMVVk2xv1MSDSKKSJHvElH+PEw5g7C53uoPQSBH+TSpr4hEWaSjfsogfiowqCPXKv/zY2NaxewZd/PAAAQAElEQVQuTB3YX63WyODBiX1SspORvWAceHYhLMkcuCYxpBfVciONGzE1O1Ms3Pfil7507Y038pXigRNH9SX5Um5iunbg5In2VmvlynVd4bE7j08vLNbXNzeX18585dmjp+6ZPrxflPKgT5redfo+Eq5A9o1yawpJvqkSO5XMAbGjGpO8oNnvl4NADXqkcF4dnAzeeaz05XMtwZPFWkt5393KRKzJIMaJ4AXb/Bbpe4fVae3sXI+QH7y3cGAql26zwTjRLW9BlKC0fg2SobFd0sWRMAgKTrgJNk3KOOaA9SCGMCR+CHXVG+1qpZjZx8FcwZ8phKsdsV3Jn6omfnuBmD4l1k5ve6OcPgkXO+X+uYfHCTqZL+87UB7qjt1a34zdn7Ftxf1pW5Aad4mBZW/MeEYolW81sAyMk3H2U1uxs301sE8DRYjYGSZEUi/bZj+MG2lHk3Cs81KIVJSJW4l7Y6qY2lRns16oVcUY5T0PzPzDv/LQ//Arz2mL4vZXK4fBmDgSND1S/l6PE2wTromZj5JwiSzGiYre/675X/ypHUec9La2+GOIVKcRvTCDj2chedmEjewRwu0xFaPLxBWqnNa8/d0vgB4sX3z+/P3HDuRz4wBpQGn3+l95+YLY01IUY3zZrJKak/FP3pM74iaVEnes2lVI/e98/uJ77p2fKGqnhnej4P27qNzZqUQh5fK7v+lfPPTYAx/9Nx++fEa++KxEDEC177B36Mg29ybkSGUIvRiYo/BTGquRyqrFpUW5qNHzKpa8yBgvhES1yLIVFWUhncTIKELYuBCeFQmkE9sFCLjNYVgmj3NM1oTFMomRTpgcSoOY4iKdCIN+hGe5nQXZzegxA4Bi26GcnQRDpZfP+rj2onwouskpNTE59fYKOpmYmkkdyYVDp9MOptnI0q93gmpBjYFxYuMYPOkfm3jg/NZzDcQ70Tbm+drCtzz43S9d/Or5q2fYCSSN3dagnhjyK9kxFctdcI226pwsH7y3fNg+Vz+lnJvKZWGciGQL4+goM2uam91xuiwxH3fYoeDTF4EwPINz03D0jGf4GtrElY1E8ZwwWXq4yShk1ndKGxGCWj7qcfGW6mdkTZ6z/FxbG4kfnhGQHEGM6Eb8FI+jWAzGiX5kvyWGdtzuRmL67PrG1tTkhLjF5V++3j63SeYd9eq6OLfV+dk7CzbupBGqp1bDzy31mz24ppqTP3EiPz1upHdG2dhsuD+lsx38mfolB09m8VGVhXFCH/+R7zy58m8aja0uQuhKWjEDk4+z4aBPRToxJSLGJuHIDINuArqOR/vYAE8qQ4vN1sQNo4HNRpbQXRR94o60cjn3Zx/aJw2fUw7GyXCmP9hVMtGbjkVO8PiOL5DOBTsVB8YsxOiUo1cmzgrmyMrJIrznJfPN1MizydvHsv9Xp2qT01OFgpawgLmCm18ZcxEoLZJD5DHggFxVSoUsJ2hfgDaPasNmAM5uXAouhFljYD79Hn+hjM+xa9v1HlXlOLRs3HtGzZmVk+uHEDIkm4kDWkBPESfDbtx5kVbblJZiGXdsX/sftT+m12s2WrDTaXdanX6vizAAlhDhzPNQm3XeQFcDsCAlyJ4DYMmlEmTSKRUg4oHSNzCaAAqRqDASHgji4UtGN+lDIS9YxHghNrxlJMYJvQnnl7e9Gnm0Thtu5KXZmjJSOItiIBnduzk/hwWjNIrFYoBecFxPyF/GBIpAzwGxpXQ8sC6VM/7QNgpD28tOq1wlVJLZVsXvYTYsO9mbBodQptqVOBLge2C4SUBBJwA4xBSdiZhuZavRamqP3dZWfWOj225DUE3E0QDSruOiNvNC91iCt/VImVYSBY9wfGDKwXwLnAspv5Vy2jDiiXs0j0ZVlXKl7eETb29R3IumP1Goj2DlMsZX6f/DsNvXe9qE1MXYhW6fAK6Ejb0gTGgkGghUwkEkPEXIk+IHDBRCMdkCkU6soOyKAeZ2VHh5EI5oPmMxRioOk2AFxf0o0lQOR32WwCXh+khqoSfcoJNYLhDCLIo3tdEq7hS9dqJvEzJNsiTiVG5iyEinNqC3ERExWASNOFrEZ0J0SwLdxZQ6fcEJhijXort+y9Y7KG6RRkZOANONQsgEacC5GRsiYtqXZSRxH6cGjtHHGzW7Uy0dXsbq37d60Im0S5QSR8d6OxXPaqMrSlmpVrXn/PXXzy8tLS0uLhgGNUDKVYLGsfjgXMzTKfE4kbb8bPNuIhZTJNULslGQ8/P5HKRqmPa0rLC1sal5/PTMNAY76ybBIko9VTXX0oM9AMkJWLImJ7OzU+3DB27cWL927dKpO+7KrdcfuP/Op595TROufN6Lok5ja72YL0oIvtHyrN/r9zylPf1yamKifPjYel17Pertdtf380iiFLqM0IkqFQfBpzVoPijtGw17V8KLGmvgjnvZ7Syp4ZY5AIc1WabHyTZjN2VAHKc9I6qKthmIzKmwwojQbgWmhVOIAyX9XK9cXt6qf/ns+bIXVObmFsulIApU2DMsgdkJhjDDwqAw6oVG+gzQparYX8+iFiI4KMxZ5yP2SNRvd/UVgQIRO4CEiJLQJiJPtvWIDzv9qNcj8TMC4ApSz6M+ZDyFTHDasRFYZqmUkGmqak7YKed5Qb5YQEau2p02QA62O2zZw6hyD2LREGBIkPoCJAAfDFyFjkHkadvoQvpgJIo1PZ8K2B3o3JOOnJxqktP/b5MijRfZEreMaaqi2BvN8Uya6tZqerRAuG5/XYWYeycemDyKIN6E5GojRviMXRMvQSBZBeEiQ/refpDPaIPL2BNBo7zADo6ClCeE4kj15cuXazMzhdlCp9PHxngsyaCvD9pg0u7oM2ysVJyA1H5MTIAm0NHm5fxADyqtq0wsLk7Nz9c31leuXJucnZldnO+2Wrlq+fjddyxdurx84crm8spyrTJ3cH720P52o7W1sv7Z3/4v3/ojPzB79EBfOJ1ET1LSZRzcP5kfy9EXkjs3IXl93ReZjhu5qf7s9MOS74sUxomJM9B1f/jusrbtvnCxY2ccSR9mqwa2VI1ytqZi01K3BlNnuh6RqCGu5+Hjue96sEJTj4i6MNdbj0uz24t7CyecMsv82EVorpVktLVjmyJcZZZzhJpqfC3tTm9Y0InwZelbF+r/6eLoz+LNF4sPTqUOBsf/WH/rsug3R9wocxX/6HekDn7TgQ+9tPzcpfr5ETf60v+Td/5pSvOcWbbWt4bfbXrMTn1HRhgYk5m3QtFUM+e/WRgn7nYUxonbNiESbyuy5hsB9CqHlaohFnllHNiOKKpS0Sa2W93SbbXHDDrR5fH7pn/tFx/7+X/w3NL1phi7JOYa4ppACm0TicIeDmExTkQUsrngJ3/g2J/+zoNi56Vbb1BP4eOduBMhspLs8BhDedHMWDoirWSViErR+3nNDMVeBp10e/1nz1x+7J7tYhpMeea1S/1wj9NxFaOuuPmSHMcuSx+Tn/hRa3qmurZat+ZXIXagNzWb/X/80Vf+xz95n+/JZ69dmS0G+YUDXbnD5erNhnzqS789Mf/h7ouix93i/cTPDr9BJeeWQ/rF9sVysGGX56Juz6vImMclsEyENT/ZI5bRCos7YuaCgz5iLdiDdwknsjN91vJN6SCdmA9tjHTCFSmky4VNy4uizUTJskGnQ8Yuia5O9aC2LHSTw642NX398ljYXW+RMjE5mTqSu/Vp+PqtXlAtyETQJBPNZLSHPQtnfBmcqL3jUuOl1fYVIvlaWXjw2LuOzJ986fxXl9evm4gTxQwBrZzS81UcB6wMpVZHygfuKx/Ky8A8RUsauUp+SssbKVIinTbYFjqLM7id9c1m3OrRJR3cmr7l/2HvT4M1SZLDQCw8r+9+V93V1d3V3dNzYgYzg2MwJJYHBCyxFKnVUsbDpB9capcUpR8yk8lkppW0ZvqhlYm2ErVGaY0UxV2K2qVIAqRAgcSSAInBtcQ1mAMzPdP3VV131Tu/+8gMhbvHmZnf97736lV31WCiX3+VGRkZGYeHu4e7h3vw1HuottGLwkalEXrJaQsSK2PV+cbTiTBideFBsfZEIt2aBeF5N5HW4oRj63g+w239uh7dXuFzqGDz9QeNdTU4TyesP1DfWkxHojwUNWPocED9CK8a9tFo8riNTt7o58biRKdZXvzMjemlVnQ0l3tTeTBxTy+1o7/4QqOXngQPVdLR0bBEtqzQBNxvzSdgybV/qzGnufc5Q8b2jU72U3/p869/9fbr37w7nS0k+F5M0OuJNDYlNnoO2aOg51PPD4pgbyjSlJFmf2RznH0JUIMgsFkRvrYHPV5HX/7Yzp98caeTRo6Y+FoWAFnuLvjDAPrsLNhx8EUi3rV/YQobkbl4PMl6OhEhnqx5ugYSOqtkRSRLn9kbqHkuKxm9zY1mu0GKPnbFxKJQVFgJj0KQd1/BanhJJ8LZKiJTUnurkwNfXQia0358vmie5sQDlZPJAp41Z98A5NokIaMTX+HquLLloBZogiqWUnwMmQTmmiCy2xJy5IFSYSVYHvT7o+FkPEKjE0nHFAXJ2AuFYLR/D+1cmT110QcKViknadrd6G7tnGthbJoUXeZE6DFFVaW6hgJ2Ha9cIYScj7wpsoVn7Wc5lZuzOQg7C7GdZWBiNhM8I7bqONDZVMel2sIMido5j/GhorKyRiMl3z6qra12O8VgAhFTXrIr0ZTazJRmyKWphs9yok8gNo4xQ0zl6RC4apA5yVAUuW6jwZ6OG9cMVHlhhh10OljwgEcElALNv7IMLX6aLewUxU+XdLBWTR/wAdQH93YHR4PxYKBG3I6q5j2kU0VyzXazoNG9726Bz8t6BKw6I27c6kB0HcYNjtsoeh8Nvi9PdcLhTJI/RAZsSnP7ETSsKjtaljzGj7QdOvie0qRh0KuFUjxg9JzpfDqZz0aL+RRd/Avyui/QFI0girybWMWKiC2Vp5VCuC3xDktjeL444mPYzlQxmH28dihRclwLHyta2DVY0rODlzlbhguvmOmkoVLCzQu1TweT4r77n+DvgrarB2GOjmtWxO2RdUOltM9q5sIbdrk8U2+lSgkqEkHNprEdQCEZ6yFxWSCqot9ZQUHF8AV6SshbcEytiOvRAKCVgnrEIvCHrtTKJd2yh0uDDrqRDPoSvChqEo+A2wF52xPwLxySXZWK45yBiESux9Z9JIgGPNkwrzS33ZH1EoXSFjdiUCHPXQQ3kUjiixcvTibT115741vf+vbnPv+DinhwKBDGpzkRTlyJvG55+Ulc9jk5WlBMgDDnenkbwFJgDMRRwwVCpU9mSgg+wW4ljKFYHEetrKE0UUp9PWq1JuPJ8OhocHS0sbWpPqT4JqFaqOhzZI9JxUyQG2nz0sWLqpqD/ft7e5utVvcLn32pWBS//dvfSJOuhGQ0HU/GgzTNaLkmNB5RQ0SzwUhxCZ+68tx8PH/jzs3hYJK0miLRokzCWZq1whVCbtnQ4AAjhc6GDAAAEABJREFUaNCHI+vQVR67T/Fx37JkaH3NIPqbSRmqCwJIrlm/a8H5MU3yOBiLD/yLYBu8hIdb9oXq5zTE6odFUEoGKKEuRbR7k7BiKCwRitmxg2JVF4wRef+DiyDOJhLm7fiGjH/11t2jJP7xz3z845d22s0UoWk8pWmHHD2BoCxGcWctgOl0ytbViix5/k4koF1KmuugZhhPMsUwJJGC6IlijsnnpPqvnaay1VH8toIyjIk2hsVCHin9RYQuTaRE0QC5IiEGHUPcTGcgkzTTweFUITqtQp+hXlh/X7QbUUsMw+Xiri6WarMwFPPJTBH+uWA3vKLRbgr0bxkjiSXLBrX01XgoDlO1UPXIms/jxydTtDWV0VyM1beyTgGNJuKEOJZMYsFawXMTCjIUsyBTvxzgpAqAx51wW1AC/3ICZqY1LgN2sYg7qThudTqLbSTMk8GQdtZmI0Fk3FbIzI3UJrd6l8479CiOcE9Clnm0xyry6bxQcx0njKipjTJy7iD1nkOHHeRThBIYHtBsT3J9CMKTg/6t19+SMt66fAU3b4KkodrSCA2G1R4yYv4NOS1snT7qxq51aRVIDrUjZxSAl2LtALZ55/yFyXB49403251Ot91Wu0BVZbbV+8yXf/S7xe/ef+fd3Tt3kna8feXydDydDt48unfvja9+7UfP78hOGrczxcogep3nZLUFepgN362/7k1ClS+o0iXqVIAcCuO7yBdILdnwnEF6RIT8ESarrLYZ9LtedyAwELg3HG83G9KIzIWw3krMpjQS/97nulc3kn/93WFheFanl7K/wtNpEWforsH4ONHbNPsV4HPbtXXyahHg6cYE/NjH03/viz0r3xdQ9nHCOrPd4YT3EyzSoC0J+zuRZpctnR7bUTT2fsWLCsyOQmu/DabkoYcP7uye31kqfE/ONzb+R9eH/+2D/MbIGcubhN60PrPR+uJODd5Nmsnn/nJ+69fkw1dFXvGVEjfg/Kfia39cVJw3qDb+Tz/3v/jKzV/8nbu/MZiVbUeSKP3Y1qf+9At/ZruxI5an2+/fEsIJI6SeNBDWCCn4Yo2UE+wOSZY5E77oH8md8+ApbwK+xfvoI/2KynXlV5pfCH+F+Q16t+ya03AoRdgG71Z6vFswFCV2jaswRbWui3lzlbn33ge9S+fF2un5S+1/+J/8yP/5//Pmf/OV2+JUSaNHXqdal1bwUTZhTmlfvtz+j/7iy1/8+KY4VRrcucOfEALK/KusC7LjNp/CP2pb4sOFcJKpzWl/2G6KM02/99qNjz97YbPbOrbk3tHo669/IM467YixOG0qLVt3C+sSEJs+8dL1/91f/rf/V//pzxXuyJFG72uS6Pc+OPq//fwbf/W/+7Jix15/7XXx2utx3Mmam72LO72L20kzq31LSViGDw/79/c3OvL2rQ8kq3VNkn/uP0g/90WxdpK17K+sW6KUasfJZl6a3nk32eY1X4S+TDSAO18mvs8SRj7aZ4kwXklkracTJ7b2WFbPY4qh70xhC/NF4+nE6Psh9HQiLErU687VeTnul9CavgycnQRuxHQ7PPmwxmXBeGqUq7I259EoDvz3XHvh5ffeeHU+Pwv7qseflEzj8rXrpczOfL1l8AhpdGO/eaEr1/BxUnqqfq91Pr2ZXbzR/04uZ6yG3Gxvf/kzP/nundfeuPGtyXRCLzMcsvtIsDwhmfLLZxrnP9683Iub4HGAjbjVTHvkMPL4Njg5qFfm/o19fidMsi5zdVpqP5fCLIeU91jSbmYgOAZoyYo9HihJjOvYFXBEywq3pfGYHUXa+oQtToSxQYm0DxWfbEGJhoHPEHlfEUbvK4T0frnlIh/tuo6bLvi3paf1I7Yqydfeev/qlQvicaa3BzWS1TvDQv35ORtZ9BNX0h/aXtfl2Ip04+Y9c6m1JfrG/foLGcL7Y2gdiLKuVNhNmJnSrJF87t967lM/9syNN/fe+u6D2zePClpmOc2+jq1DAMS2JnTIz1mfCGM1YqPtaO4RIm1TwjsX0H5TRNkShWyYCPMrEH3+UvdHn9340tVeRpogKew2y9AvsxbAwKMAK//QI1geApvrDZ4VxBo/YlpNVDPkZ5o0zrG7y9JTPuRLDx6jp5NK75xMlG+D0qWX9c9xjYNOuyOY9AN5JcceFSSDksZfFQMLziaGEc8xoBXGfFEKiTSBWEcNM7yBYJ5Ey+Ol353TzFatjuoUb51akrPiRe4Ri6Sc1tPXgMqyiw4dT4e2S+pfJXabz2ZKBo22JmmKBxNJcaPF8mTg4Ds7Aa0Bzn2ZhK+mDQwB+JFBLEhk2OMI8odRvpjPprOFUiSrn/liNpmMR5P5VDFTc3JoIMmLtlws5kSSCr14WddLHCO2ttHsbHSVwLDVUQKLpNFooE/CSKj6qIsUHCeK2OM4W2OwRhijc8wn9si9GgQ8G2mtHpwmg9GJ3dCZ3hUWlZhBoMeFlsSCkRNyBlqKLKYz9SmMJNDIOJhOu9tNs8yOPBt003gV2gSDiDOHouAZZHcsUi8P/sc2QoN9weslQgf/zEqjqJ9YZbOyPBUss9rAfqX0Cud6rWqc1qEvbnJRmQBltxgbAWXX7bYa/9hYLEnyJ6MmV6k5ZtPpcNAfDQbj0XhBATV4OvSoMmZ1Vmos1Y7Mjd4/k9oFDGqMLGiVVgqARZ4m02fxRICSoA6Fy4qi+tgERvdvjgzXJLm2JYqs6G39F82UO/231Fslt3PS7iq1Q6CS3GHF3fKkvZrXvCkNd1ylqtwP0OTZy5dMi8GYamEJ3gaim3ZsNpZGOEEYUihiqpRXGENnMkH4R73Sggw7ClJBG/2C4Og4FnIibYbN2iU6RM0Ba+hYLvsRicE3sPO1SZpV0FYe2rmikC7fFjQYo+BzUKAdK2kSjaCRs1bIuPNxKNYYtgG1LdJVeboeHjAa20iPnWOcjdwWyEyc9kcBZhb+rTHJlK53vDoKUp2UzSCARM2RkXpJjQOZFaKFiAvcgAIbnyPKJaUonXxfqD8yOkH935zCHuVoZWg6Rb4SyeNUpA11mG6rOSwwPDYfdQ6gCmM52Nc5UJKN/CZYCCe1+E1ybCMBstQvcVyiWjRD7GYBimX1QHih94+2neEXmXUT4jhPwE+0p5NHYjk1DvdYfJpi0jdnl69cHk3G+3sH77777vPXn1e0mV0yIEwUXiwuz6iTKY1SUdtHBtT1cUAIGNHTcIGUsC7kOOmL7XZrPB33+4N79+4qladiQdiYVNo9k+6o3k20O60L58/dvHX7zde/+/wLL3W7F5995tzd56+8//6D+UI0m5tqeUzGY8UaZY2mwgUUo0cBQaIQ3UbaevmZ53OI3r17Z7zIabFTa7TpLZJ1PEFSkCbd7AhpHLSo8xFn7KTp1EP8KJ8srUL/QtaZ3EDdzmq9Tx3fkpUV683vuubwboMrNCWI6ASHInlxonDkIu7tT8av7z7cfK/RSeS1ra1mS6kTovEI7UsMNkKZTpoljKw5siMvK2OzT1RUs2SKKkoKNiebmYI2mKKLqhlgeDvZztRH5TzKx8V8hpGu5HyornO5iAogXylpwZUJZFjneq1TrKkYYTcYdnvNMEryaKk2dXEaZ9AgGI/UulBkRe0XqHlF1mohk6lgPcZovjEau0T0YfS1wd8VxKSStcqUWXWpOGxiEhLFf9v9uz8FshanPy3pmAZbDTFoYQobZ+CuQPHv3e1Nfjw6GhKkGOTJ/g60PNDiVf1B9l3Mem60lwejQsCEdqZRnDAO4jlm7ttnZQOeA4y9ohTCU80qNmKwf7B7+3aj18t6G2rDiOIjb0/GnI+e0MiKHqyGHowcAR2kTuVUwX2iFgIyHcXmztbwaGd4sP/gg5sb21vbly6olaE2wZtXzn/6S1/MF7PD+w/27z5QovPuzta55649eP/mO99+5fKLL+y8eG2jtcPiF6RcDOWrZsG3V/VRlJ/jiJQ05DGYRLsJl1LAUweiH1KCGpcn4qQU8FZ/9Ikd0hk7TRWLNPT2kn9+9Hrz+rn0198cvnlXcbhCBDYiQnjXbjvqrl27jD2K/yvFMh8n2rJEpDF85rnsj32ydXkj9or4h+880wEQd/sDXsRSc7aSyZVuk94S6KUFuiV2G6GdnZi9LoCvHzEw+d7th1/4zPUVAxt1k95PXxFK/vJg4u9zoRUlOytdgSeN+Pl/Wzz3k3J0T+QzPx9aF8VyQ0DVxP/OtZ9Wf3dHtwfzgWsJRM92n0+j4/09vPva26sLBAwWrHK5AwFuc09efw++fF5jkI/od5WPE8PGljpyzPX7N7R2XMNmxRhC1xsiTilOwK/vvv3e81/6gjhJajXi//gvffIv/snn/vN/8u6v/9Y9cdok7XrE1ubMZVy52vkP/93n/+SXL4lHSIP33pdunwRuAyOteAv0blczh86mwY6lG2Sz0g0LiZnnZ0e322esJJvO5v/4K9/46S9/5pkLq6xtbtzb/8XfeXU2X4izTpeKgXgMyUAjrE9EtlvF//av/vRf+zv/SknXdSWhylZ6uLVWLPjt13f/4/vDyz96gSUBeT4cD4fjd2/ff1fkkzjrtEEkcZqpd5VoLEqK+WQs4hlPdn9fVxI1NEaVf+GvZH/qz6xosI8N6p6sdRsSWulvhF+YffBO+1OGknj+QoRHGcEwqDJAJ+BRQLPx9ylduU7biGqdzMXKUgS6EN+4+o1Fi1xS54vxQ+GhcuF1H5aMcDnT8XGaJvvEW6VzeXwnFBWlWeOTn/+Rb3/134inIammqgaXMrdnK5G6DP45XRq9s7v9Q9eEWNfHiX3Kv730/Ce3v3yj/53D+X0dU0kW1y9//Prll3eP7r135/Wbd9+jiZLCxZ2hrmUbX2w/34vNuiPoVTvVVraRRGmpDaKuDX4ZCNt54817tSNVlynrCpaqLSeV34xn47wNETieTpvwRxaEDZXRWnnhOdDSPZJaW2/zpbEs0WMV2V9XP+Xo77pmet+14yl45+gVNQyqqZPtVyKdv9i/FQzGMWKfVU+lFCVej9Orb7z7E//WD4vHmTaWMKpKKNNOom4qnuvEn96MX+yc2ZGYN99mw9x1tpqaP3Q3xyaGbGctRHkelrR4UKlHX/z0hZc+c2E6XTy4O7x7p3/v7mDvcHLYn+GpVYBchHF26q7xVyuJIi2Ao823BK3aEIHFCeZsbTTO9RrXz7VeOtf62LaSOkWubaaFUPFxchyXAPbHZYCX7/TKleG0JR/P3v9T/+FfUX/Lnv7g/+Svqj/xuFOFTHpMLN0u2WuIwDTtGOKBTimwiLYHYMmVvhGBApg8UqDGncJ4pOSVI/ZMBD6kVEVZtrVnUpV4hCSrVia+9ziOzMJGEJTYfKdJRg/sJN4igbLqXYZG9MKifCYTkfAnS+cY4aX+OobJW8zULC6UFnI6mc3R6CSfTdAfCTobmS4oRoyWddDpPUvmmDklq5UCDzQqAGh1Op2NXm9jo9lukfFDxCpdbfmhLWjq9HMAABAASURBVDKA50eghjaXOpYQ2Zqg/Qaeu+csWehgOhDqk+sHGqp7ZQZiwSYbFFCCnYvi2X5VXKmrEkjjNGk0m/yX4nHOOLKaZstoSm1BS5MF3GZWY3MkICGd6Far+qmXvDvVSIuscrRWmcdOylDwJS12C6TCrjd2MPQiBsvrG0hI0lT3JU3J/XrMjzBAkpSz6WyKtkQj9TebTGbTOR3TVULalKsi83Qzou4CddeB6MaBotATWuHdTrRwHh1f1HzuJA1wqpbTaL7AzR7Xxj/SyRSMku1Y7HuCTy6vCRwU+bJwsHITf19KSiVJUfOMhx7ewcW4RNnuRMzRPcZiPp1ORqPpcLSYTbUdQ6HtUdQai1O1cGKtCDHmFMDBchhp4PlXbZLItiMcsobMTWKhLwAgMIgBc5LKW2Fao0l1RMYcAQwCkN6ZDbIWoaQ/FQt/iZmWMh3VtWNLsZ2R3w/THK9l5c2KgAogyxJP7HVDiLBSqde0FmuX6rYNRI9QbvqBXdkzUmHbIMIshKBy+ndBFnaI4fMFYlyldiTzFNJyFsQGalMgxkeFIRFSf1OfHxPCHyunqbRy6qgOInWv3DDomZGVYqX7yki615cl8H75ojANq//KidKTHV7nkTGoJTjahEnbFOeNVvPipYuj8fjmzVvnzp/b2NgQNIGFthsNPmwpmXqudJGoP08Svda1dFaeehZkXS+BgpUoakdGJ63haNQ/OsoaDUX5skaW0NeFLJ9fJ/0sKHbl/IXzb7319u1btz72cu/ChY0f+9Lnx+Ov33h/t9HYVG1XVJMaHilZIvpNAVKMylzRw3Pd3sefeU4tondu31QslJI35jl6OYsx3E9OHtI0loFAqWsDzIvvp2oq8cqP7TPmwu2WTgKWemMkPSaMlens4Csez2Zo4Hc4zN7PW1GRvvDCpY3NRpbNkbddKEInF7h8yMQyUnyawulT9BCG3G+CbD/GJuVPRWxjWOhAZ2hroMgyedaZFQug0wEC8lYj6kXZRDbmsao3R2ZvMpkX80WU6OOBMe0HQCxmuSAmO1Z6fplhCIOIHRXxjt+NieVoeLFTIJ1EKNmdRGuzmeIA1AaBvPxhvU1kPcnEVMkkKE4QPRGVrYvil6cSnWAXcZSzDTitbFwwMZ1NE0aG7DFlYq3pfPqSFRcyuSLX0BQ8R+2mNntq2ufTeT6d27mwHL825cMTHoVx81ZYCmnWEVh9lxpktaOLMRZSIvUHXalQ+An2S8L7ml2baqKLxfzo4V5768GV7kYBcaHnDT2kAW4rSRPOQFWgzx7bX140uhMMu+g8eo4filD2lDVb5y9fGvQPH35w4/Z77zXazVanq+A1yuLOxZ2L16+NDg73bt9Hm/qNTu/iufF4PNzd/8Zv/MaPbfz01uVzqsI4jYvJXMuWzbZQH0YXjyXJj86P4tOSAMRpMLr32u2joQg8hQhfRSV1WXx6sRf92S9uKFDcGxX9cS7Al7nAuXbEzOsPPNO42EM0a9RnDvoLafRqAP67Vn4hrAcUbdSF2de2ks88k0mnhyvXAFqTYfKFvH3klLLcBV2bEKas0Nsf4UOwMTcBL3oHG3uZmCi0wPG1tz94INcxiEoguXK8R4S6OYqgc0WcKl1uXxUnT2r03vjW6/rjds/nFSDTPG3sbqQmnpC0BIo1L2PGL39148s/dKSlbx7zWXst18i3DPba17xnkkLU+DgRpqQblmOvpfidr22L8BF46KvEYGu5BQjvUZkHt6Bq04M33hFrAVw5PXep/df+Z5+59Wdf/Js/9+6v/ub9/JFDvTx7rfMf/LvP/9SPXooeETdLefDWW+ZaCOPRxJqMaBDRZXXfraQFHLYQTlJh6rIX52dH8Ig71LrUH09/9itfb6RJu5llqZJ5ujNYSuo7nS9Gk9njMDehJK/KvniEVGZMqg/WntlPvHRdiPd+5v/yl/7a3/uV3/q9t4KvWH7HZPg4398k7O1PGg8G3QqejJuK18WeLow1Atrg1clDGtvb0V/5X8LGVvzCi+L4VFp2weqTJ+h9kLhLH5/e/IqxFwk8nVhKaqxGfP8iwiAiCH2WSM/TCXslMZ5OrPWx0BYqvqcT6/xWvxX4U7FfdPmOClOVYcvV048nu/7gSQi2eh7UVAfPY+J8mz4zhfb1nUVUffvKs9fv3nz/wZ2b4slOl555TjW1nCvF9vFeWk7BvgVvjN5+CCf3ceKXiSF9YeMLg/nureGro8WhYI87Qmz3LuxsXPzYtU+/8vZXH+7dp525kjTD5XTr5cb5rbgZ8I0QJRRSRzhSH7RBLGmDJcqunbJ4/7v3ViLtU6Hz8KV2PDvQtlbaBwkbjEhnW8OgyvwiIx1jXyK0R29tiaJ/qby1CMEzDSjVYk8n2t8J1RxFkcEDZuOp3a1opyuSTo/arxseVeNT+5VIW7GAtWgpGZ3U9nylCKiewfGZjm+98vbj3pd9biv5V7fnJT7lJ66mf/ziWYbJs0l15zuvvSsck2k2A+436CwEF8eNg2ErZejjBEoeRMKcRiN55vnNa9c3bX6/Pz08mh4NZkf92dFwdjiYjWb5eJZPFnKiGA7aL7HGSRDsSbY4ofg7GUZLj7JMyVCjTivZ7GTb3XS7nZ3rpOc72U478dlp09xKC4XThvr5S5J/hrZMYgHc4HkWXP5wfs/v+2u5fnrATyzYmKEAB0orKy1BJ7o6ozjjKNKMKA65045z1ezggXXwKCRFq5PUSkpNk055cPF7IMmKfUnpKZssGJMLHUdG3aYZKkpQV0KHCBXaZ9GtDI0Uql+0wO8Dg2OXzdbRWhWgxw4MtbCYjCcqzcbT6XhKTk3kfLrQXkakv2AdbmMrDozBQ4EwFH3vbGx0NzY2t7aa7TaTGP4IOvnIyyszIos36jHFt0FZOw6AvljkUkqPsTQk7DgKYiBUv2U0A3qw0ehkMedPKsk3BtPJ0BOLGvB2p8NWGv5wSW0ZI0ne7wyDyHimyI3bc33Y28NTtpHsSJFuLVlitzTe+XA7U16XZbVblgwITcqRy7aC6Cgi7+eorsA4RlnG3k3sOChp8xRNTGaj4RAvlD4CTVB4cklqLYmdkiUgsj0DK0Cz0gkhLXA89WjXX6FLUNbqPkrLdpWYWPGYklzFz0L9wULh3invtwpyaEWAWrBDNDyojG4z2E28LIb7h8Ojw7nSNKGPjIVSZ8UcEAeM1QhGAxAW6oRH+m14HXwakVWisesiK5OIQhZEIgq3iJ6Ahrlfv0O6NofspBWR6VXPFnK+qJHs+YReo84Blc+0mk1pZErBkmGszT9ZqlqfGBEWyIAqm/bb18yalMYDDS1hHARELouckSrFaCPvJhRAh41PSIPIfB9vUvyPg/H2YRGUpxyPtNmJ1/wTac9L24RjlsYJOIcPC/08oUYnUpQtKo4f3bpKdDLAJSm4hlowCmg63e6VZ648fLj7zjvvvvzyx9rttqI0rIcOKvHYHaDgO/P5XG2/2O6EHHp5k8WE5HQMolWOE4lWlafNtCma7Vl7YzYbDIb7+3utVnMr3WbPEbo/wjmqR5U/0cvNDfxvf+/hgwe3X3jh46NR9ML1K+++fTOfjyFDF3PzGWj3ZFGDOWOFs1LqyIVWt7jyrJwXb95+fyZk2mkL1KHOMKKwwWDsmIgwDdD2PpZCyu8Bmvn4Evjn5x4BSLxEEFn6Al8FSwVOaHCqaY6rC8hNaCEaaR63B3N4dzxM3/+g12wncbLZbKDNZRqjrpDZXcWJLtA+ST2VKdYzQw6VXIQQfWN2UbUpJmdhTLFSJWiLgbT8xWxRLOQU1BYsSjpRtICmUAROMboztcufHqG/RIXRY/IoUWCUKDIFkEjDEWcUaquPnCJzcTFzdmyoSTBK3heLgllZ1S6k1GnCIi05lLPJuJjNkZ1FD2eFUGgh1TEpoxx5AQxKwby08Z4N2r9fPp9OZaRk9OREEclSkWTNWMaqGUJTJzAihGXnhJ5+vpPJvLT+hyO+LEhq2lBbqThSG7OJktxMxhSpJnLbAfZzQO6V2IAfyMCI91x8ZsijBGQrN1eqkGmSyThLIsJRbEwKXmucnJ35CfJLoqaf2UO0TGboFDAfj++/d6O7td3e3OSDKYJPGBR02oCXLQcmlJEWNVltW6FFqFpzjzZM8ySOUPyZZK1OZ2P73MGD+/29vdvvvv/CJz+JGBVgJhaXX3phOhy/841vTweTztZWb2dDvf4wivc+uPPWN36/d2GzdU7Jvwo+7MBcjNn5Mh72gYafr3Z6XCJwzNc+Nrb+aU1rrURY5W/i+DScz97dP3phq2fOnvLSMRIvjY21Sl6Sud75TnS+G/uWIsLpscQPXM0AbUTqPyfd8ffSu0GZajbY83mmidbHjzMdoObeODgaTuc8EqwhMLYoYEWd/Akr+jDd9OijYbeWODsRR/3x6+/e/uSLpzHveDLTq9/47tH+UXVeLCB4t6UE4W7PE5BVCvf7sLcnts8Fn/mwflf5OFnm76TahVLO4b7ojzzRPOYZIBLBLtBcMLgKbbUdFhPhspfmjfHB4e1XXr/62U+KU6VnLrT+D3/l07t/4WM//xt3f+E37ty6NRQnTM1W8ke/dPG/9+OXv/iJLXEWaffVN+ZHZDxhtg++RxNO0gyrNX1zow9WQ+cGLDCBovt2Pr0w3rvf2hGPIU3ni+njsixZmq7lR51ifoZsWu2CzQ93481z67z+iZeuv/72e3/5T/3A//rf/4mf//Xv/NJvvvbBzd36DxkBlvmUS7tv9BV/07nUECdP57a3//IP/3BybvvYkuM7pwg1tWxbWZ9/Tvavjt+63XxJBl5JDG11vsFK2yIQnp2lfWrprzCeSMpWO9LUCUvqBJ+egpGGBW9ZHsLoV/yWi2fje1swEZoKGE5Ws38SPAsUH1tCZYDcrUWC3tOWhPPz+GFW9ov7qc//yMHD+09ykJ00zT79hR+t5u9MoSFPs0pPtFleHIwPvnt389OX5Al9nHgJn3TTcx/f+sP3x+/cHr4uNAFDNU2vvf1jn/0ppcgaTWa99rXr6WYGsf0Ak8s0yhpJW/0aADhBG6BS5u3fv320XyFPK4ekdLbFENMV78gkzhvxZFq02NiDF4/QFiS+QJaJtT1BaBgDJ0vRnkgsZ8vco/VuIr0IO9riRHiKJ/NdvR/3DCvB+65bMNLaW9v6taeT2f4NOR2YNp+BeKc6aOr/h3v7v/uN1770xU+Jx5Z6CfyF642ffX8+Myq9Z3vxY7I4Uen3v/32wcHAsnycakgUZYQFTrC6Hz7cu3AB6ak02M+/hvBXf8kaGgmx0WtsbDRq2iHCVkDQVlnCw3UlZamz5saQHb+1no8TatsH798RYaooLq31CZjVY+v3NeB2OfCpGvfucDRptU7DFTzJqT+YGPINtUAEIKp7gbr7Y/JNJcBmbE4Xbvw9WKU7nWPN0Hra+DiRWlRlJmNtldTTngINotVomrHzdTGCBpBNdtQ1Hm8kCw8+SZhpUhg/AAAQAElEQVQZZxusN811VIhS4lA8fKzQMWBCKwJZVcgU0oU6iKMY/RLMc2YtF/OZYpCmk+lkOCaLhPl8OifvBXhC3og5+IxaYXonUVLHoeBjJbRUJDxt97rNVqvVabfa7WazqUui6/2F5ho1iQRWeWJ1KAKXdPQeFaIUoD7XAyK9wTRKX/DsTswIsPLYA+FIC/+NLYhkZpWteTgCDmmdlTxSyfBT1eCGam6rqUZc/Yv2UiSv0XpZKXLje4YdBpjK2dmJthZyH8fwEyD4YKqFBz6FihmxniOy5fJ6ISkiiXZOAHpqhUOrLFsurHkHNpABi+cdIQBPdGNX0NwkRXMTp6lhByfT6RiPAw4n4/FilrMPGzuqSsjLviD0F5lz8CCuBHy+pMs4VBNG5uXSqmUf1ugkuODYJPEUJjiG3+RCZcHr6ZPkmI1u5vxnZr1C+fOafSysvZBx6ixZUJ+TJ4w5hmGaKtWVUnZMRujXROGN6XiiKlSq2phMzbgyYCoRlV2DYM2RjszCGiRBZiJsuITfwpWItipRzM+A+QSNJz0w0BYnxlJE99B02tiOkFpDSLfhdChQB+vRHowi10i72MPh85l5w5qYr/hjXaJuRByPM8IAO2OOIgQN4MGTUUjkpR1UPYGSzYNRlUTx0cg7lEKpatbU7Km/fMEuo1BZWFC0E6l3Sxo0SAlIxjt6/ITxzKNHgV3CMCmg8yp+f9nehcfV5PkW33LphgKqMofTppqhrp6Ok+usy3VS/B/9hT+2TrmzYXrWq0NaEY2DKyaMPvCsg5dgBdOWJEm311MgtftwV133el200FxuBOqUi1TGGSNbFnWtKYFlo+Dvs1kGTNgmYto8IxNL9a1mo4HsVGQDPAAYPwqMU9TSUayWIp7T6WQ8GmQN9V+r19tQ6E5xREpGwziEDIQJY0Upac0RaSpuN4W4QWk8mSjqqlTpURJJtm6LDO9CaldpD/5DZNtS7kzdyK+GpZPx2WcBlWeYVjfHxw5rLygjFFoOXZrm2cLBu1DCccclrdQ2y03qhYcBaxVwRCKOFUs7mUzlYt5rNHutZqYYT456kuPpn4LZSlLNk6VGHBmyxGJcJoja9RepOiJCtwo1R5r4aud0CskTUVXfROtPsidH5ho7idagZEMdaWeHmrEGYaPZiYhtXHgE7J5Bemucn2sKyisad4Fk0ig0g6oNSInug+Z0OTAkS4ALSxUERwpFSxTj3y9mhgCJAxEbK/KC4/evZ4NyP8Kktz20weLYmQlxSGgYh/OZk2mO5uvtoVKhddSRh0009+OGTVN5LMsO0DCuERqdCJCWG3CWJ3b3LvVPDQupz8BBPsc93sa5nazZyHm/x14xCet7vKBhFcE0hvPZQUuk/d3xjXo5pYhpw+FgSjbyva3tZrut4F7tV7e2d5S84Wh3/3B3dzadNVrNRhOPHY/7w/3bt7vnti9evhyR0bQJF615zxUcsR4AL0uUy5QzqhgGSjTXZv4BSNtkjtsfjY4tWTdIa7xj0t5k9qlzW5E7eSmEO98W+BEBCH6F8HMEgOdjnPlpEXAs1Xd9maf3LgRbZRnaggDYFWoNBYwsHsv/8ts3JqgJrgEv/Q/zdt4x0qCUAW79SJp/7T+mcfd2j374B1743oBGhcH+/n/29waeh5jKAuZba7gjap9DUFgIX36s7+X7d6If+8G5jyN8wbc87a/wajguld4Wdb/rJSn+yf9v+6jfkDL2eU+wBEJL3cHVTpcAJY4VzIvCozqcqcn10d17L/yhH34UeGs34i98fPPP/eS1n/jypWevtqMMxjM5Hi01m2i20pdf6v2JH7/8l/8HL/5v/sef/GNfPH/lfFOcRVIk881/+DOLISoXwQKKGaCA7oIABysWjnwuJiiv/yzEgdhYTN5vXxSPMG5PTlJ9+CPzd1t8iuUROnTcqxBffDbeWjcs0fmdLfX3wa1bz13o/PEvPv8//NNf3t7pzguJ7uQm83VqyGdF//a4f3s0H+dJM04a8bGvKPH4F6+/8Fe+9KN/7jOfPt9ey5vU4K3Xx++8Kfz1aIHJ/YZ53tMKqXAF/PwLs91vtj/rZDFEbgyikZa6GdsRTlqXzATIPuXNj6VuoE2vvI/CqjohqNOhO3ASZ/2WXXmG+tun8s9m3+hFM+GtSx9H6QqNbtEOI4RNdGs8IAm2B3ixkcOtRl5iJZM0feETn1Hs6N6De9Vw7B9tUgz/J37whz7/Y39EXZQeqZn79GGUHWN0so645vg0vdff/tHneWvnVV31L1KBYI8IcplOun2++bzi8yf5YCHnJDvGMVfi5Iu9a881nonNSUcun0RpL9vKknYM7C8B1m+D+XZAxlX6Z3/7vx32J27pCEzVkdLC1SBL1hSiBHW5KSyGC46wA+Bt0sFurOzOCiJL0SNTnjfmWJ425vzLT9myhLVWYRk68k4bKP4tfddWrCVa5OIVInBPzaF5U6epGWD06r+S87FYNgTlEZIrSwZPS5Tzxq17P/XHfzR6nPT0fCP60vnkXCs614x+8mr2k5cel8WJkpX8P/7Lf9YfjAxFcNxYgGb1FXhZJ+v+9evPXL58wb0c/jKel/X+RUT1Lek7vllyHdRW+RUG8QY0b2ltGgLdWqX6X3v17de++w5YwZcwSikDx0ZGIXiBaGiPNIkgqGd4Zj7PF2hoNu4Ln7q22WtFj+pV7wlKi0V+b7f/yht36c5uBMrJgZ/PDFfLQj0kbvQ66re/ucle9y3ltxYUstAOOVQLKKROxg5Ooijytxh2Rura9tGkD02TDaEzaQ+uWVwn2WRnrvSCdBhdsu1OmqL2otlkixMhrDK1LH43AhC6tSeNpV4qfOmNdcTSa9YdLuaL2UTpV2aT4XjQ7w8O+4ODo9FgNBlN5hNsT7Eo6H32OWDmFIxilhdcJNJG2up2elsbW+d2ts+d621uYEiXRobB3OlIpGAqZOQlbKIh2bXJouBz+NT7OUf20UYhUgaDZVLdIMfacNNnIYUW5mggJS8qnOh4Hkb6bjQbnW53Y3t7a3u7u9Frtlpq1NXgM24qKN6E9r9C1io4Jmwjo92lFHZeKimypNgG6PF7QLNfRNrnk8ktaqx5+SErASwXEWmSzS9rLYVafa02pjRrpGRxEpM2TY3qHI1NJgf7+3v3Hxzs7Y2HIzRAmUzRwqlgVgJRqppxYLfwjDqlGU97IZzQwTXbaBnsfJQnqDo8S3gHH2uIjxpLPGri9bcirYmFpEfEl5bxtkdQed+2h3GCs2vA9chn9/WyQZhHl/9kwLBYKLAZDfv7u0d7e/293eHhwWTQn40naskqPK/QfaShz8I5msqhxWGUCM5BXyakl0owVECsCIR6K1UX6hajWUWJ/kN/PApg8V1CFly1Zqki8PgBDRsGQDSfz1GzyC6M16RmnlkDzXaQMRnJ0A3rfxlR8tbYIJy4DueAx984jGuHVYgyZoJjZ18wJraXdu6q9NgzXgHvX8n4ldw1kVnJYj5Fx0XqbzqdK8w+HqtrNYkS8exCoVxJUXSEJgMc7szVD9pFig82elkGi9uQMbEqsRZMBvUEF/o60iRs9VhVYFp7VYFSbUtasqxMCenUf6s2PYmeTio6NHGGCUh5rb2uSXn16tW9h3v37t47f/5caGUcMD1s/GFhRdHRhA6/a0GU5STMJ07EmcmauQOWeqmF3mo1J5Nxo5HO58mgf4QMVauF7iVIQWN3JlJo3aoigLP5otfpXDh/7s233rx3+9YzzzSUVOIHP/+xw8OvHw3346SrWJq8QP8li1kDYBGlImadOjpMg4aQlzY2PnX9+qxYPBj2MWAg5NQkcj8AvNrITYCMvRUtn3ZK9ziSPM6X3amTrVWGOdLIlrTgdB1INEjIgyZ2GxuBYdpRoAPxrBB5o30Yx2/2h1t37zSz5Pr2di/LFIxM5tjVBH0FCqZfQLypWmvjyXg6mxYc9gwSiDXTF7NNJXH0kUT/k2imgYeSFhylE71RkMewuN0QRRcZWLV8x2NiftmP7gJLqS8lHGCCbBHzBW05QIucGdlHwopNeXmqciLXcjqkrWmsOH5FYxT5UAwD8pRCW5wgcCcpkf+4KBbo/5j5VxHl6HBFe/cgw3YkYzNJNvS5ahk1v5GRdQy7SCnM/HyPLhaoI2HEWPGoKIaru7Ol5mQ2n+DphOmCTXSFdl1ueAdintDXNKK2WBS20ojZOmOnAnTcYZ4sMmDrpLpGSS/agjBG0nZjQ5sH/JBCgGq+H773/vmrl89vdOYFysUUL1VoEz0nJsKdE1sKoIEUwqmR5tC3GB2T4ewCHVAleRR1NnqbO+fn4/H4cHDvxs2NzU21FhRM5UJ2L5z73I//oa/+8q+MDvqH9x5unD/X7Kj9T3r04OC9b3/32rPPbl++KBMyd2Jv0uipEhGydiBX6e73UfFHl0CshXN12h9Pvnbv4Q8rkSi4ozYae3s+TgD8+AhGK6bZR/drbUfCTaizTRHaMNyyKFqSCfZcXYl10ayI83Fi10/Jx4mq4eu37h+OJo7/ITSpi7LiQ5j9JK11owix/Q0MXHSvRejsxHz9/oPDX/3dV3/ixz4tnv70yz/3S/du3XP3IKzjG7ESnsDx/mYGV6ZcxrfuJW+9U3zspdiJsB/777F+TWp8nFT7Xr3+4H24+yCVxvG+7aau1DjnqGBDx5StQJSlR/0791//xV/95L/zE+KR04tX2urvL/zkNXU9nuZvfjB4cDDbO5rtD+aNNDq/mV3Yajx/uXVp52xMTKrpg1/5tdG9+0I47Qgm6a9NU9Qc4Qff2YkQniY+GCd7+ASMiGFjMXp5cOvN3jXx9KcfWNzdEVN9cyY0lsfWW+q8DPL9e+n1k2E2CrWD6fW33/vyJ8+rP3X9wnPPvn93/97e4Ma9/TsPjm4/7O8fDvuj6Wg0HY9n08m82cparazTznqd1rnN9pULG1fPb1w83xtn8rUHd9Wk3x0NZ+SWXPHGn7p4UV18bGfnxc3Ny922OGGaP7AornbswkwHl0tfMeMW4I1nit0v9n/n670fA+dlRFNVUeeVxNE1vRgMj+h8j/meTkIcu7ROS521M+2QblqK7NN621pXz4/Eb1yN+9UhqI6FhxilEJ560itbesvH0ip1i+j6JHmnVWMDd+2Fl688+8L+7oPDh/f3dh8c7T/UQUY/9KS45c2dC9vnL2ydu7C1cwFDo9alZwfQyVcuzrPTnM3uHj34ylsXfvJlVzf+rOvjxEIxP02i7Er7E5fbH78/fufe6K25HFsrYVte5TTjdpa0lFTHvgth/avbIEPOwd791i985+GtQ1Fppa7zzMYM62zE81466OcbehXoaDWRW87gMw+RZhI8Fw3Si8Xjlm/k5Uf219VPOcaejD8j2NOJv1KsvY72pOKGwEbwMXbeSgo4vvG1YrinX101UGuNYN3rLuuDm3f+8c//8p//7/+UeJypGYsf2o6Pc5n5qOkX/uVv377z0GJvTrXrHHM5kAAAEABJREFUNrQ4OXG6c+f+5z73aeFNowic17hJBo/yMDckgsmnfA05mlBIA6timX0JON7Kl9qBx2UJv06vVcLjVkEEdd6+dX9ph8EfqZLlhM0Bk6P1pHzhKWlAcQ7PP7OWx7WnJanB3N0fWM5Bav/DdBOW1HjT3qwDem54QQi3lfZYasbE2npAEEWLOQqMNn1DKaVT1z0e0fGTnHzliy+LsHYn+pa8bqBXD9RZSB5DbbVjDHfs6yFjFnwt+K40y9SucP6ijHRhnDZ0bTJTqsnJdDIi1yYTpUaZqbwi16XIMEMfBAILX1o5S6Yo5JhANSptpL2t3sbWVrvTVl3Ii4XqhCQptuC48yDIbonEoVIf3Szm2v5Dm3Sgb/GcAzlVB9PaN/iaCK+ccw+gh8hEisQaF2wvMrMuvQX5OMmajU6v2+312LUJvowewLUdCYk90fyF/a/4lkP8a1OFyRdGAW9uA2rIe3rprgotFDaOFoLukwVqTSq0FgA4rAmQs5mMYgNlWUMYaEF7puns6PBw0O+rWUa7HpzinAMMGUW+li/YWXZyr8pA09gWpSxPIsdTLIPX106w5LqUZB1vUdJP1ZcRH2LSsy6tmF7n24YBrMlKrZmkWaGuAZztl7Ffp9WpA2LQktaSDoUa8KhyrqBleHQ46vdnZLWgYIb9RCdpaiwxdFxIZEdpoQttXpVwZyl6jraEjhIkEGiegsYlkWVNyFaMMaLPHPGy0swD88/+EmOjtYiYZOthiJxt0NaAeGMyKNF2pmwNQ2G8zGY2AFHzGc1LlP33W9ziEtRc8cg6W5PqW7YUlO5dTYZEB9ssvX3QbxVCx8YtBPtiylEHjk6rFujUBO328gVFAMvxV2n6mCCgmxOgAIoyYN/YoiyAE42QwEdhHlETdSmkVva3Cn6FLQx6qt0ryz9RXSnassiUl8tX0/JVBmtl1aYnNLwOJwt7TO2CAYDTs2Pa5RriAtjY2PiBz37mtVdff/W7r33mBz7dbreZvpasTIQhRYZ9kJPJBCkuBdWL3OZWOhaBu7DeTl26hcfcJltUYSVJkrZarclkqqjg4eHR/t7DXq+TJDvkfYEaSapcDX0EkCnaycqLF883svSV77zW7W5ubV08f6794kvnv/b177Y76XCo2Ih2q93K54s4LUjVCjFrS4tFGidKn3pha/vl56+P337j5v277e3NpAV07L+Ik5SU+ikuOTSFVeyGdjsRxY4j9DqzND3CHD41qQRCfFFFEGvCSTVJy8wJu2E0rHbkGyEeM9QsGwWj5mSvU0Kyr70ctA9clEIUUTQQxc3ZWNy8k8molzZbvTRSYBgrCpojh46hbak+ckSRpHFTNlU1ikPPZ8iDJoDkExByZWSMQTBf8Fki0tkjxs9ni0UMMYbwSVPR6ar6lEx0HsFsMprli0Ikiv5HcYIB9PJIx8tB8+8ZmkLncZw2IzwGh7F/gGVLoD0qMvnM9UDF7AAzaWTdeDOJU3F0tCALeiWYJ1lxkbVUUzNF94XI1CipQeBAfTH6Ayws86FqVHuCeSHIfquIyJ69Cb04S81+BsN3CrIfINLBvIuv+XHwIh5DWk3/zixBKN/QP4XCWmr81Xw2N3o99FomJ0eDxXSKLk84Kg65HY1QnErsA5jjlY6v0l6amMcq1A5Mor3IbDaGWCaxmh3EisJu9zTjyrJCpCJ5XtitDz+ilaIgG9IYMEhOFL/x1a/N59Pzzz9DForxfDzHtqRs2KtPqBSq/VGBgu8cTaPIFxBv7cgQxbiuQIsUidvCLE2effEFlXXrrTdvvf6OAu6Pf/FzCAcJ2q90z29f++TH3/vWK/v3dhvNzua5rcvPX5tPR/feeeff/MK//Ik//afaF8+rBmBUnzxXK2gxmyMqLnLgiFHeqHvbyygYPC8x3QhmbFnEpz/ACUohMJdj6VAddbJN0dfvPLzabV/tdoTTbHlqeCvpDuxO+BN+fkkrVnq6+l1Xg9dX46vcaM5cSaur8PLf3z/65u0H3giI8iCYl9wmQ3r3doGzPQoYd5VaUgs6lgCLXUmM96u//er1q+defO6SeJrTa9989Ss/96+E8K2FqsDjMqG03ZLlYmA5Zxk8593TvEj+xs9c+D/9z3fbHWcvYGdm2bWszN5JrnkWpTAgbX6F/Y4PAdU9XO31ZCj+/j99JhJk5QpBC4XwdAleSyoX0u5TtcxIeO3QxRjgML3+S7927mPXL7z8oji71GrEn/vYpvgQ095rb9z8yq/qvYJZUsLOGs2MtRUD529JiHB8ykNdMRKwG/RPDG/uZr29xofazTNPV4rDL+R3xRml1RQif/Pr8tNfhsZprI6s9YkgAxT1e6Gr/rbFS8dHwPHTv/NH/7A4u5SPx4PXvlPOtevvNLyuXCb5+OnR795oXHuQPkOlNGIwXBlYqbrNZ02A8J4Kg6bA7IzMWyzGKqygS2pT6VKdVF7voixZNbRSh4C037J8o9ads0vzq3D3p7K3fFtLgyc9zy2MncKRWGs0gzWv08uTZC8pDtIajyaKyz1/6Yr6e0k86WlnKq4PV8rtpTjbtPuV11svbHdeOg+GlEgHPwaK3LcDcurZNzhyqXIutl682HqpP3/wYPzu/uQWvxxHSRo1GnFLqyTDr3j9q20DWELsm3va35tv3PvtX/i2eNQk18xTaTvtT4vGXDbJnB935zK0I4k0/8kWIVHor0UKoWX3wniyBGsRQk7OhYmtoyPsUM1aWOc8C1qLk8iMp4i0BNsbH8/cgL8SaSsWmB/cmb3/tbU6vPSpN3fhFqN2m/6z//SXP/3xFz/76Sd/La5K3/rOO//8X/6WoPHVyNRjO/1/KxYn9Wi/PKze/e/+7u//kT/yJSXwdLskIfwdUzlHBCxNwN4YcFj91qraRJlZdXWW3zJ7rkprh6PxK998PRwAewnVbN+URJRHTl84Pg/01S//9pufefHy5uaJDUyf2KQE6V/7NqJT0+3SJKxK5Z2XCPayQu+3nOiLtHpg4BdIR07iLdISqHnE4+tZxiddGZmU5XKyZOgkxGkFxWGtUtYZKBwrhZZyKaZaUXL9eqz8qjBqFOk0o5jY8YV1vYE5NHp8YDiKnENrp8kz/ZI1UjIt3qGvgA6yLYAVKqwGUnRkTvYTXNVsMp+Mx2h0Mp5Mx0qkjfEyyNUyO0GRVhpPphOFNEeGlMwTCZoSZydK/Zw12s2smV27/jyw3DNGobLqAZ2l9Ih54RrPemn07EIxH3JycOKZ/wJ3R3oCfzcI3lBbMJPaswE9lRq0FosFjQe7JMmnU9XBmWL/0ixljwuNZra5vd1oogv9ONIBjKwRDFeZkw+W3FicBBPKiZRrzAyjn4bIORuj03zORY2BAddUUlPpHjnFOVOPwJuvsF/0YQ+0Xh/tlBTwWD9DWdZAhVqez9XEjkbDwUD9ziYYZUMloVuNFcSR8w1j988RRKUP6Xjr3shLtqXwElUoK2Lb8pTxS9VVAwFeL5PFciWV/BJ4LHvlWMQojlvvaxZzKGi10PUkONCKdWQtN6VyosLthkjXY3qsJ4u94pHKRivpSQ1AAnR0hIOmSGTBsBgPhoPDg9lkog8/LxaqHPogMUmDjF6GMcMPWZfFWg9BwSe4MWDCb6ka0kam+SRrikpN50VO/xYMnQ53APO3wh9ShmLCGW4QIYr9WDmUYxQHlCyNdNsOetsYfYEeZi+GgHBSonWTlLKW3RVm816uD3JhkIZe1MIieyDLEnaIlQu9R8BIZRThC7EU4s/ZLJ+hrQkiPZlj6BztjYmMzSm8mPBXGejOU9iCcIXwkGg/EELPjzA1mGWNu5hChnYxdl7MxGJ/imVATjapXE76X/c+UXqhtJ23rtRk+LtspqTpnSxl15YVon4K/fQkhtcpKuUZsE5V2fK2mAoVPY2T+Pat21mWdbudKuNS/WUAY0bH3NmwsLrcss+u3XBN0lggxf6OKKie0qUr5bjSf2cs7YrIbxijMeE+Tl5PonQ0Gimq2e20my3kb6fTcX8wUKRWKcSFVIxEmwVlaCcg9LaP9eFKTZ5kSv5UTKeTHE3ACmtbg2EsWBZAWIJj/eiF7wM0QA0b7Y18LVCtflozSE9SegzN4ZGsQQoeN2LOBEEd5pFL6gySAVth+yC96WS4isgkE9CoJEbXN8j0DidNGW12emkao+Zf8c1UNi9yV6lxZssuvFTNZI6e4B5BsDM6abEVsN8uTSSI0STiAbRO8UBArD4ECzTElnNicnWLyR2ZpopkEk4RJHN6EmtfouSaiLkKjUOJiEjt0yWiUD6aRxDaX0shtIGnIPdCbPjJF0SCNKTzGiKTeC3HJh8Y3ANeHxhZJpKGtQlMUAO4OQn8nzzVLskz/UDpX/6ozTI7KIygqZBYWpAvSnbwRmx6pF2PSGN/rCk9vU8jblExuEMqRPFpuGm67QdBmqXBr+hFI0UJTYP+kAV49Vs0u+1ebwMbg4Q+1tPsUSUDV2B6p7c9VvhAO0/yIEVUDaOb4b4xf/DuB1GSiBi2zp9TG1c1DqqdauujtjfD/X1msNrt1ta5c4cPd4cHR7M8P3/p4kI1H42e0f4PGxLXb6hWX4dTsiJjCdl9rMDzxCQOrzOcToMRXtl3qFvFa6b3j4afOL+VgvHO5EtfQx8n1Y/K6gls8y7U2ZpY/G/FWTXbOrtYAAxyLukq9Ef46/3Z/BfffN+KAPx1BT5G8C3FNfLVqxT0h3QuCPApnP6UdLJCxiVvvn/v8598TnFD4ulMBw/3/87/8W/lcz5f7q9YHwJEJdvLWH5fd40jnUD++2+kP/75WRRVVE/r/Yp1r51LfzAgtPz32Ma7JHP42//V+flMyR/1sQzwMJO9ZVQMPv0B7ynl+RtK/a55YHthHz947a1nf/gHFf8tns402T/4zt/9eyQN0Tl2v6I7q0+96nULNldo3sqOs13ZAOVB1MRUDzX+e2F2eLN1MX9qDRvbcv4n5m/FVc75ZGh+aSpB++++8daVTKTPf0o8WuLIO6f7E2ea7v2Ln//dr/6W0l95ZIeShSX3a5IrAsG/olKi8uDlyXu/3/50DqkQWrQtrQcR92HmRYVY8pTfYgJp99Ral29ok86p1gnCMJkWZpjtd9pE4Q9BWGcLxn+p+TsJmvsLTxUIZkGVBwXMErZjC/7oegszGKwylYGL8/h2usifWvvjRi4+vx9HxyxLKc42STF44+HWF5+FLPZJJYhl+MLASeWZ44DotxG3txrPnGs9H0OymV1oopPazOzUa2oQlRqg5itQKqNujvZG/+Q/+9XZdGFqKL1Y1pbImquTJxBNmIyKriYh+BOZfZ0nUKJ88PIt/WZv9gzvgZiORVImwg7+wz9RTf1cyMsM63dshKWCQgcpURux6XDynX+BZyJrxmL1bU2q8uEhAnHpG99+84/+4S80mw3xdKa9/aO//n//2fl84eF8g8d0kTKW8pa0/0j4uA5E/cpXH9o/OPzsZz8pvI9p1Ou5brcAABAASURBVO79ChniSf+TJQod/sJyHyf1tXm/1dqCroZRdWw9/+Qf/oubH9zjAhZE9flklxEZaLUXRpQHmkrY+FB6DUZGxkHZo8kiy6LrV7ddNPmnOc1m869+64M33nkQ8ltLiYW34sUSANQMsw96SgDVIz9wB72eLau3xsC6SMV+Q4qa7pT9c4DFPGbz5G1mys1b2tyTJPO506Q1FcyPWo8MTvDaWC1K6sxBZFiPa81NHP6nrllVa70e3RELXg68WiLtpJhUfihDXmCAldl0NhtPVBoPJ6P+YDwYT0fj8XA8HU/xoHxBYXCsTAW0Areg8+4YXp6VxwmkrbTTa3c3u93Njc2djY3tTSW4oOWoRYgs6TYQ5ZmwaF1xMZ+ihxXVHjQ6wf8LCy9+pwxhswyjbhuxoMLmmIBBKHnlOD0UBKfQ1/mCz10nSmrZaLQ67Xa3293odXrdVqtF3hciaaPvLHKcFdQT6Xg6RkmsbXBIPBvYAOnIIV5UKfKqELg6kdIYhVsiKJkccDiQwprRmI5zPzX6MsAgGAcSrET03UQpw1SnMgzFpJRpaD2japuOJ8NBf393b/f+g8HREeqkaSg0FjA6NjPJurlQxdoyADMvFSWDj7piusVu4CrQq8fBR05+JW6oatZXddFVWyJrhYmPP50VYqlNPg0N8nmtOUZLGqZL0gG4QhqdDeq+BJmbEHbI1TpUeGDQHx4cHu0+7O/uDw/Ru4nC73imk+AMo+HEiQ58g17z2Xc+RqtBfKMKxBQ0B3VbaaTIAcXQiTF+DoXUSeg2JZOUqMQDRB6nCt5sg8EG+hq8dzRScFosWg5kfeUaGbkwlxY2wE9mFKsUpATJYlWql2Z7T0PVhq7Ow+GRbYcwFn+IGHRJDEGg/haIn9BQbzafThfTyXyqLsYzhUVH7PF1pJ6iWyc6Ak2KJwFOTg2RhhwodQfA29jbAZb6whN0VbZfpb0TIWDP4kR3PBzaMuXSFydbLrD8VlYulr93sq/UpCfO6KSwJUPO+wx5Lxn6HFM0stvpHqp0cNjpdlTy15dzLOYGASeGmUhtv8YVRoYecfl6BAprNJwPYej9AXCQWvqEQkJTYjvUdbPRUiTUbpZKJMhsHRB9HRzsT6fjTre10etmjfTWzZv5QvR62/MJdU6RW1V5IU0FaFpQsANSJeqI6Jx+kU+mU5AsX0PjO91PqRGYo+7eEIkQbbnu+cum2vmVT2uG80lKazandliE8E0FXR69IOvQAUg/XqCWqwg/R5QyDD6u5PhsR2T5Kz2fDBjSmlWyVTd+fTaewUL2ms3t7c0ki/L5NCKkr40uJDPjHDaR4sBZk2di8dFQmiwGpRbrAnmrRXNwOuyOmHuB4IdmG5HkkJ2p+lXQqjjb2Rz991l5Fe2fI7K9RtkfYXLyYJlw2CxtHcVft5bCmhUWvFNA2quIsCLzkiPkoLkA24Wy87GYjbsj+o4eTe6y4M2KrhO0Hbnmi4m0x+RShebMCctqoMMCiTht0qtTGmdoHhMvzgqZL/22/y9Dj7XKBqvAY2s5nM04Vju3xXSu9jha2lE4cZ9Gok7ybrwv2K9FWi5jKTexTwQAxoRcgL/JtPsgH6VrQNel6aOKHVnMZ5vnzqWJkvMq4UA6V0pOCK2ABYsrpcfc6fbY3aPVGbC4QbUzFvFg70BtaaIsbvV6CpMzo7OxtaX4v4O93dHRodrttHvdtJmpqgb7B+PhQCbJxWeuyFikjYYs9Ik9EcbngyU7marjO7Ow7Z+sR9THsJXfs2kzxgEZzWayKEJM+Vi6r5jeN3aPzneavSzlTbUQtR5KhGEPrJ7MXgsrsRKGlMjg5If+ra3Hb0zwluQQGlrfZk0EvK/D7aPBL75xg6Mw+Lvg47sNolzaSlh1jjkHbLfxwrhQoJz5fP77r71/5aKiPx3xtKV3X3vn7/wnf2syGh9bEio3taNcy0/5FzS6ShwGk1n0zdfiH/7kLM38WAwn+7X11l4v6YcDv8rvumk6En/775/vH6VFEWta53C8XaoO5YMZG4Ofw3xDIty7bsxMzSZTbVBvfu1bW9euts+dzG/Ek5AO333vlb/z/8onBG8Q4rQQqNxoakLmsfYgPM7Qo5rgkQsIalBXqSiujR4cZN1x/PTpya7lhz81fysTNR4gTgi54vga6PbqztbvfP33rr30yXjze8G5/dGrr/zqP/p/f/655+nOLlP7v/CWp5cnLFiCf+slWxjcPf02xOIHxq+9m1wcxRvgToo700anlTfoQFNY76nZXLPcXwhhfZ2aelbUKUVItYWTEzOFFRpXWpdAtp7z4sG/n/1WG+a2i+CWnQjxmLAIKlzCJTLsrcUQ4kr4NxFwdZYexsUkPplA60lImzP4/H6cHNPwxyLYLmaLg2/caj6zme20hIDQJ0fwdUsEQ8hw/kjMU+NuSu1oIG0nm5GVfy6vv7YGKPNWZTJ+8437/9+//pXxYCpCWW/pQobdOCatM8p49Fu2o9FMNHNpA0xYQmL29Xj0W29GyGe+kSt5x6NZd85PIwrkGhmLE/ql2uiaD8Dwr35XePWYqmmdkAY+Au8r5uwKPVwc3R2/8i/kYhL06bTwVfvest3GdDr99d/85ovXn7l0YUc8bemNN2/+p3/jH43HCG9QIgc+8nf/+MMANVdhqs2/e+/h1asXL148x9UZilB/Xfow+H5KQIjK9erapE/zSq4r6moTwjGvsq613/7mq//6X/4mmDXi/rWMcCSMMFroE9MGnjU/hx+JdERgzzaFXxORW4Bv3dz9zEsXu+3sabc7UVvFu/cO//lXXtX3PhxBJc/Ld8TVexJeWGKOSclwuu2WEgX2NzZsEW10YiKkoHoxU4pG55yDqpGWLISCqfqPnyhV8dIpMBXA6T6+VpLBcTLwAFV7nF2g52n0PMF+rU1goiQqHdOnpJ3JhPWXOgKG6zRyYCCH73haUOkr0ZBiRkYe48l4qLTL4/FwNDoasrmJUlvOSWgptOkGC9mY0GgjRswG0lUrtXKWtHqt3tbG1rntbq/X6qCneZpxs73kNUlL0tdLku0N+e9GzalqEFqcSM+YBrTFhhsEcxFpwauOoWP763JY+q3qxnP+lNjSgmpHGSOam3S7baUVU9qjzY22gux2mzFKYexTyPwF/QRYKxD+14jWQ5NVTbpR9ssGQ1rPrYcCtKzSe8dZ3hjXgORiP/TTDNrQxN4LCExJI9I2oBhXyU+bSubaUr8ofwb0WT4Zj48OD/cfPjzY3RsNBmoQ9IcpuXg/JqCJ0qxpQ1jtTLpmXdQtliJ8GvnFjHDee9EMWsXiJBA4L/ucM0MAWLZya94KjbSgBv09rvRYjU6EEEt7Arzm9J8Ca7RdUNockv1GHNxRwfRiUSiMMJlMB8Ph4f7hw4eDvb1x/3Ay6CvMMJ9M6TBPRCYl2mqELDm0bInVQEIbnVCELbJ+isiyJMmyGC1PMqUoilJ8EMUKa8RgAc0Sd7OKwacUYL3vCOFtFn2mmtcdO/iJktj3DmULMC/tbu0IhdgVr+rPQAYgKZYmKcSK16Vfhe0tY0NhIB/MosfD4MxIoT6b8Q6hbwqaQ0h8PBuP55ORwuaL6Zh+ZxTKIBeMtAre3tvP8dq08ALSZxfAMWwAZd404O7CvugiMrgTpLriYnyhmbMo8mbN25qAPwXi+GRHsDwd/q2sKe9ePFE6/oUnzuhE1pWUNVP3SLyXnTZiZeZq6V24cP7g4ODoqL+5uaFIERMbf+2VEbdE41D1bxprpsc78KQL1H1/rYaDc4EjfQZCgd9sNusfHU0mE0X7syyLKLoH24JoERZvG5gsRVGz2ZzOpvfu3c+ytLfZ7XR7cZwd7Pcn43kSN5lPijjSFUnCEEVGaKWrPqewZjNDpBjlYjBQbNeYHA+xaj6x+gPJxiegu2dQQt2gce88/FXT95VPa4bzSUonas4KzO4l5hbrcTTxQJF9T+pb6bDMukTco14lvgc8CxRdkOc9FkWi+FL0T5XP2q10o9ek0Ca51keSzQkAOziRisapTZb2xbeYK+4rJttjYVhzK4Klj5ATFBIekesyGVGEnFgogqlWZyOOlBZDKFZ5MUNngwV/EmIdki7iA2cExFISA5CCYN8ZjL8jvfjd2GGPNCmj+Hm8GScb8AKNJtGepNAB7gS7XYwiwx9La+sOxlDCjB/TNCNOYMaDDFdiducrQ9IFBtudAbPH2wgR8iDirJD5scmjW4Zp0hSTfZGoUVW8T6PZUN2d4zwqTMzAY0MKWsgDTfetmbzlThh+9KkIfKR4Og6Ry8Y+RnDgOk77Ic1cCeEJHBwhlzh48/no4CiO061z59VTdbHIC4RKfTBFsowgikrcGAsOZGS6LPQnaXeH2zlQu001+xO0tEWk2tvaRuCLE8UlZb1W3GwMDo8UX9vqdmazSXdrUw1M/+HDyWC0c+li2mxkrRaFGpFkegIeSaFmhQTOPKg1OvHT941OgtRL0bPNlNyE+vkMRsveCp+cbKDmRfHG3qEa3it4TEqDqyz7OAEhqpF0ar7ovSsMVoEyEanL1htf6TC/KPtvD9rwzTsPf+P927mRangNcMVD1Yi1H7OfBJb6gMGQGiMHblEEb6Id/eEDCFIo+vON77yn1uT1axfE05N+5ed/+Wf+5j9Ax62WcRIhyJRXGtRciZV5y5PCZKNx8itfbX7yudHW5intTsSqa4dazbUGJFuHd12Cj1XXtz8Qf/PvXxqPs5wOkgk3UB7P4m7tevW+YgES7H/C7OmFEL7kCtwjU2k+m33w1W8qKn7Oi2Py5Kcbv/Lrb/yjfyIXczsQ3nDpUbLd9+UZlrZ4jxy3D2AGMOAe9ZDaR4D67OLZ8cM5xAdZTzwlSQlyvjC/9aXF7bi0ufPTyVbe0vdKi/2Zna383vvpS5+H5Gl148QpH4/v/Ox/fanbNRkhAPrgFeIN4S/ToJTwqwovXGqI+Q9NXzsScC+7ivehLxNLa4ytieHPTXuk9Dyd+F+W+iljryp1Nk+N0zufbmpzZ94fCYv5jQIA6/zB6PU/l/1+BoVbjAY1+YQUwvVrMaxXa3Ab4saagbMXCtquzZKFkAfp4xUBn216dhB96khr8B5bu1dVLGeLw6/fVBLQzgs7sLSogZDwOYQ+5Op4NfeuMG5ISmVkXRn/KVTKqJvf+8VXf+nv/vZ8lnuV+L+1igDp9uonSzWvRCA70UDtrOaiobXlRrDKm0XKiYxQwssXwpU3tNpYorBdSPBL7xkbFCt7Me5QTB0AlsLxd4XXGGGwQRRNb39r+uavi2KxXk+dKqe+9JKnvv6xlCaz2a/+m68rUdynP/GCeHrSL/zSb/+X/9V/M9e+/YQV4AuN4myq8ilBPqz+TN2wvffezS/+0GezNLWbG/tt/9r7x30efLxpcmR4DaGPE8cMV2oTolybfeqoxRIfJ+Px5L/4Wz9L5+8duFrYFcJIW7Sky4dqvo0scLtbEEZDa3b95hVV9au1LFiOAAAQAElEQVTvPvjSZ66RsuxptTtBZf10/l//06+hnglTaUvqbqCSCaUNbJlkliERY6e0GguI+113EIKcJnNcZo6qk5qoOvZrln5LOnEn6sH/WMhfkqSX9OdK1S7xpWpf90ueiRSoVImBUy9YobZgKNQ2Gc1NjIMT9pDBJ9b0fsOTeklzsrH6LfsJk23EYuiimiQQIiJbk8UMdZRoa6J+J8PJaKCEdZPZeDKboKCSfDMDsAI5SmgRocMAYaWcmI0+l5XuOGtmnY1Od7OzubPZ3ei1Oi2VEycYKRvLa0sV3d9CyzILdv9MJh1o1IEH8yjgO0p08b1Yg0zF4qQ0QVVTGw0D/LlCCeOV/nWWk/hV4rG4OYNo1sgarWa72+n0Nro91YEOhYJiF+C5DaBjW4Xtolq1g++Cz5LyZ1lJIcm5Q8yab/aVYui58BpM8S+0Itb86QYXHLgE50ta0ZblB8Dcaj9nkefOIWKZexQrjVjWaCoIUu1UZEjN76A/ONo/7B8cDvuD6WRqYmIKOv2IhgHW7pywaWwMTSJ9IZ1Johno+lVqfAdza6PqBOmXDZfmTyh/CLwO19Qvwt2GuVxtzFEClVooOoPV7iVnL+X1QtacuH70L5kLqFx4H+Z/iUEk7yYKyShdDymCIqGnajGZjgeD8eHhYG9/eLA/PDxEc5PhUK0ABZaqXKzhK6ILAhMOjmMc8KM1ifpD11bqL2WLEzQ3SZMkUyQB/xBpJHQWWxumBGoTzcTaLMGgqLWv9hy1ecFjc0tJWApP9UYJWLc9rAD2r+mPFBjkAcSa1mkIjczqjiqzJ2v/vD7517yCgmJmugrCCmzQps+0e2iBIgvleaG0R7OZ+l1MZ/l0OpsodD1CQ5MxRkSbT8eL2VTpdASaE/IfGhVppSkY+1vLKrlLNiGkIp7xCZSBCEjnYwDb7cJ9EIyEWddQXsHUNf1VyaTFG5ZSSXNxoh0Y+HgJTD12U1hy5nKKzZ2t+Zj0dBidcAtKNR1fmVyab8Wq6kcteWYHFdweKW3fbLa1temz17X8mTDGy2wuZtag/5Xaz6/VcIYE0KIwHd+O/YmpT8+QBZspmt5qNZMkFYaMFS5mh2awqBe4FMbjkdJuNrOm4n12ds6rtw/2BwrJ0ZZfPU+MFxO0bhX65D4eG4ll1EyajTRRtLk/UKIBsSDiEOEbOqQu2qEQzyOF2bGY7lfXlqiS0pM8rRmoJymdtDkruQF/n1NXjBgvLshORIz85RT4otJwY7wk9CSaRujtkIINtDhRXNk8z8fDw/nocKuV7nTbqWBI0A7zkTIUupPM9+EJIXTip/Z+wPsuirxWCCabBWvzidKjEQloO0SVUyjqjax6HGdJlCIZQH8nUq2F2QKjR7KlimY6wS40HZiTRU2S7UXKYdBBGHcGmB+TU0Tg5mEIE3LTlWt4RPCPteMWB96Wi7KqUbODEIb5JhpBXHdCmyU90Mvg3LDRp0xkG79YzGYMY5GdxTNn7Eqpyud5iU01OGwnAwo7eiP3hkojNhNoV25jlvn7JU8I6vogjXmKoDBMgs3SFW/HzJRjEby+azUDhPl64weGn8GPqR2V+k9tvNKspQBMMYgEpYWP3CLzFaMA1V1339Dtk+xqk6tvdTqKAzna3Z9NxoWEDUVxkG9V1Chq9FqKJR3u7h09eNg7t6NAvtXtHj54oDa9UZJeuHq5vbVRUARC9UJk4RzKIw6BROO0RifVrMcNP09G6kRSoZiFACXsKD1iiFn24rrDs6Tc7f7w7f3+uWaj28hkOUKtsyMxv6WapKj4RzEUAcxT713pLSuhETCAZ9JS8nFCBN624f5w/Etv33hv/6jcI1i+w4Oa+3Jpn3yxCsY0vxRhxxWW4p0b918hlyebG096APL333jv7/61/+e3fvv3a5/axRzmLL1dXklNXYZWAUOCYid/+5Xmm++ITz8/bzQgxF3lX1vDia7r2mVrFesTOAWC/QP5D/7p5q/97k6+iFk+KELjBh9h+RYPwrDFwgAcvwVOuySExzFYxO0hOzM4Jmf3rXdvf/OVzWeutLY3xZOdDt+/8cp/8fcefusVIUKMYbYsZhGGwnXwWXHdcfciGCzoiTBMSVvGPPVm4dLs8Mp07yBtT55slycbcvLJxf0fX9x4phi43FpoXReET5C4yq++/uZ7v/EvrrSS+NLz8BTqe4rJ5N4v/fNf+pv/1zt7u5c3bbwei/MhRFPg/dqyLtN/w6+q7tplfnx+62OTN96LL06TrrEvwQf6WghDJZnlcz5LPCqpqapH+UNPJ+7Trk5hFSf+U6tHlDZ+nK5T5ZyDvT8f/9bn4zvCISUBHu4SjlH1l23NIx+bWSJg0buo0tzKxflFfGkW9xM5iU4tfvqQ0sZMfHY/ujRdZx0+9r4M3354+K07jasb2VbL+6jhvpxHE/us6uNEQHnDX63BlTHPan2clL/iEV95953df/Y3fv3N37shPPNlK/QVlcEK+LLys+Vll0vh/NSMJk0YzWRaAIauM2JZbXHi/dJVVLUpAWF8nIT+SLxfE2NXWqoFnoUKOH8nUfmLga+UYrQ7ee1f5w/frenTaeBrxTty1W6Cnr3y6tu/+TvfeuH61TMPiHbm6a13bv/1//xnfu9rbzh05uGkEC8FlMEbgxDnLU+1ZabT6a/92u8c9QcvvfQc+76VjHsrv0KUOSV97e25ZOVaVq+XYF19I8vfMpApoOTjhH7H48nP/eNf/Ad/7+eVXEfYuDhgeV+wagqda1RU4F0In/M1t0aWYZ7qqlmyAdN5/itfe0cpyi9udWiZyMA/xxOcSBtejEaTr79y82d/4ZtK7ig0ifRmRQhRu8wARIlHCV4p3bvUbqu9ezyLomG3U9iEkVAkn4DHQ/BxVBKkOJJvb5e0bR34rybfDgOWiHGWiaNL+XINNFcts0xw5GugfS8LrPBA3xtkcYLOJwCarRbHQ0nQ47UZw4oO28pM7IV2DFxOmsdT/7FjlOlkOh0r7fJoeDQc9geT0Vj9YRSGkVJbojBQLgotjtYiVXMInVxgs4wZPXUrCXUzafeUvqW7tbO1eW57Y6vX7LaTLGbXyB71DhJFheeINWgAssDOzymiELoSYX5SFuAnbXFC3RHanoRJPJRsjDR+oLG1cXBsVB0ug35AWi0ln2yRd5N2t9tqtRvNJrnVlyRTnqODk3xRkHcTflfKwITC/+XB1zGGSFmmvZsYOm4HQVrj69JMmdpsd4ITAMFGVXcTP4FifO0Lh9T8FNokikjOvJhMJqPBYNjvDw4PB/3+dDxWg6ybKthenE0O0GUOuE+AsCx22MZa6F6+UmD5GlpyVFjysyXvuHhS63x9ybteTrmMOD6t9zl2KVRXse7g6dDbsjaVv8MZ5f4ZoT9rPsnOglyUFBI9/4wnw4OD/t7Dwd7+4OBgrKBlNMpRVVGoQgkZhyDYaKUQ0HFpdpVn88nHDp59Vogrxgt20aT0FFEM2nV+pPtvYuTZraQm36I0DXEAjcKR8dXJq6HEfFWGpO6BX0Np3a27vZIe6ltiVG0ROXhv6a7yAd6CbOYwLM4in6H7Gfyboleq2XhEfk2G6jZHt1jkrdw5LDemKkIYoxdREXPWtwm8shBy+2xCIyGkRCBcnX7zdSE7DsHpFMMN1i4EueJuSaqsAXcNFcZGrlGPfqF+vVfyapDJ0c/978UaackQnCzJNerQx9XDkkw2/RxYBw/KpZTALj+pbWkVExEN+kc3b966f+/+Jz/1ia2tLWZTSvZ3dqBz40WAosI1EWXEwjc90sS/asYo1uHXNaOAmnQ8bic17zVDg5OHDx/u7e0rzuP5689vbm3F5ECiYCCIjPmL/hqSdsWw7e3t3bp1d2Nz6/r1l6Okffv2/ivffm93b1rMGwK6ElqKTBeqv0qPjz6dUvQokahHQvE5CjOOprO379z+znvv7i7GA7mAZpa0mmmzTbuZWBJ5x9aSLlmw0xfmdaKoBubKqOoET4MBEusRww8rSXny5hj2kLkqzgsxeKF/y85O0PtXvjAyFs03SKNcpsJSiPpjSpVMWbG6NWS4sKCY59qqkJ5Ajp4qEpnHk2Fz+PDZaPHjLz7/xevPXd3oZFG8mKEvE1V0Mp3h4iKYJxNnXFODwUBRB8UFNtDiOMZwTmopMT7PLXZW0JjMhRwtFiMFwWimoqhsupDxLE7GEB3Op/f6g9sHe3f6+/fHo8NiKrNUZBkg6KYCAZIMV5B9SLKskTWb5J4HbZe5l7ynKWiNKrgn/gBtOmPy24iEvkBPKjM0dR9OxmNB1qwY4bKJXDjDPLaZrMXVxshsL9m5iEEdaEiKXUUfFZ1Wq7vR2d5I201ndwJanQB24DUUxF72yZIkpxrki3KGFSUYlTPmYwGmdnHSJNfiKsEnsuZFYVlpfhpx6B9CbWqU8mI+mQ72Dw4ePBwfDRSvQJZBkgIbmQ2JYJeSig3Uvlt4VwpgtiK0sS/oJISa61RNEG2TkIcL1fAmwJMgY3pbPzVlISmoEhnARtFssYjTbOPS5Rc/+zkFFmmrVURigbBYoP1UQrtMveOTvOeUVtwJ4FnLSraAkQWLhotmKzt68PDOu+8fPNxtdtovfvYHds6fk4nIk0LxoIN7D9//xncevnczSaPe1QvNdnPwcP/emzc2Lpz78p/6E9c++8l5pHitQsE6dsUjZD6J9QVDBpb8eSrz3WzcKFZPbh0+/55MO4ncSmAqYH/3YRXufXRdTSURjThROZO53Wo9u9G52m33FOqK42YSL3+1WrEfkafMT8t6LylupXnFScZhsiaLfJwvhtP57cH41lF/fzwVpY2ukRoYMYHQlIj+JR+GluOXZGbOF0y7CnBHcAR7x6UcDplMv2jTLsHl6OMvGjXRK5fPb3z8havXn72wtdlttxuddlN81GnUHw6Ohge7+++++s4b33r9zvu3OF9a5Y4/ir7wQLr9WamIzfeIthtzyytID1JlMB82qyBfTcW1c5M/9NnJJ14qNnrQaOJJKh90Tv7rK9hW/Na8ywkwlo1CtnLQF2+/l3ztO517+23kCgpiiYEF41qCDMa+xNtLmQKMgPnWbLG9t3Qx/tGucitGJ0Exq9ylZ73Lly59+uPnXnq+tb2V9dpZ56MP8zQfDmf94fTw6OCdd/dff3N0967/tKTnEF5fXH/BF3q4p548RAswSwXsJt7UwP8Z9YceQvznMG7fzbZ2G71R3JxBMo8+en8eTbloy+lWMf5kvnteLgl6BWtnrpe8tesvTJfx1bfe+5FPfiy+8Gx08dnk4rPx+WtPsu+TQsnobt+c3Lox+uC96Z1b33znrR+kqDoG0Dj50GefgfcbFFzH6EQG1/pXGimPwnO34vOvps+9m14bRr1p1JpDUwTycWYpzbhLtgtxqFOYp9LHufbavOXX6T8N6tGXMpWzTE46YvScePhydO8qHAkTDNqXDgKb1wmH4kBYBKVHwaE7M5yujK0G3KhBZRCrvNvj+gAAEABJREFUOZyOovxhKnfTxRjEHOT8CbB9SnORFKJRiJ1ZtD2D3qLMY61guUR4PKz8Yu1+WT8S4WIVsvS/pa1UNLuy2f7Exc6LO9lOO2k3kk7ql6zWb3ktqG+/I4+ra6iWsbnT4Wzcnwz3RrfeuHfjlTsPbh0WhlfLC70DKlDWoM+J8LWGX+3Mk1kLfYyZ+yoNQyLdqHgrQPosh896iNo0LRoT0Z5DW0aphET9sf7b7KRKv+48oJOqA2iZiImwg/8YqxS/Bn3Bkv5Spl9/MZeLqVyMiv694vCOHO2JGlBx3Fepp7q7UtTlV18MHq3abPnSfyGeu3bli5//xGc+8eKFc1ubG51e96PnQ/qDUb8/3ts/eu3ND7793Xdu3npgeApdoGR04vXVUoHSAITUwWSVB65ETMM89X+aJtdfuHb9+rUXX3j2ueeuplkafsFcLsOJYRnHvlYnC+orWIptdZ2OMVYi3/ffu/XeOzffefvGB+/fUdpnwvOWAdbcrebOPJbXGp3oA898Cx4N8fJ1TdboxOQIVyF+Ynuz/SOfuvrcpc1zm+2tXss6eX0Ck5ISKfA7OJzceXD43TfvHw0mlSKkXDaXpamS0iOu9I9e1WViWeY61Eidu3ChkYiDtLG/s8VKfUasSvHdaCilY8KhHCCAItB1lLRWmEKKK+XpBp21FbZyqPNrUnUQYr4pV19XhULLfI2UXmTjEtsm/ldLL1WaTtkYgpWyzruJqc1qZ6T2IqMz+S3f3oKsDQrzUd0MdHeRFyQ/ALSfmOcDJX5UGswxmp6oCyycky+Q2ULyYTd92gG0fwHeNeKxOfyjugu1OpMsarQbG9ubHbUlbGAcJWG8ZGvhC09BEQ6mlPMFfhQNQebam4jMhTG20Eu90HGMzQwCCGOQYQLcsOTZGZ1weSR/Ulj3JCyuVtcS5Zk61ka718sQSrOsmTVbLTXmSPjxsBx5XykwmA7KuFXDsPEYZIfmNaKz/tKOufSujXPogpEMSyalY5ULoyzDH2MeROwQ94mF9JIjqOt1JkJQBAM/esb1WUa1Vcp0PHTuwBy9uqAhz2xGcZoKdtMCFP1cy82UGsvtffXkCI4ZpCGI8qXPiZsTUV6y+4IwT4oQ/sPnzhjFX1JcVXXhS302GJttXODYmqqFl7Bc4viSx+IcH9JWlouknew6vKGZ6LWbekyjLBKC0jc8Z4FFLkxjSHWJPs6RVBZSaSJG/cPxcDQbjtCCIS9QmYDoAl/BuF5xbLCKEXPos6ekGYgo0E6cAhk8xRwIjEi30cUQp+2UCDwiEcriZWSGVFpzFOENEZl5ac8Z3I1SH8tju4yVJOxYN3ZLJp3rcTJenqlawmG3BV79sgiXrfQ34LqI8LcHjF7QDk9/GHFcwT6P0AXUQqGyWUEKQjLWUwhzYfwkAfvPRkaFcYvd5Rd2rXELfHjzA96J8mCZvRFAYDCjpQXmhAZHUgheN3da7M2DxsWM/NobltqlIYLAa1qifmySrvEuA8ploFS4Ukt5SdYZndTUXNORJ9HoRNSa+lWbLo5LK2ZEy0Jp/1wU7NdEDeLu7u4HN24oVHLlypULFy5Mp1MWU8RRWSsvKcSgehejfTQaSZISgLvW6q16ee2CVfCvbnpk4NHxE2iWKufz+cHBwd2798aj8fb2zuWrl3vd3oJINTodQaYi0rs5CsDA/hIm0/mtW7fHk+m58xc6ve007t66dfRbv/nt+UztvzYENCFpzJTSBzK11QeMMZZhRBIkwOSOO4rv9yev37751t7dh0o/rPBxkjRanTRVqvcIeRJylWaF+WbwwRwWoX4YHh5q5GDeAPmsw4oBMsP55CTNARpiJpZfWL5J1u6PMaew+xATnMXuUgyuZ7M6GXnIz6+o8P6NHOoHpsRFteV+BdJ+19wI3QyuUwKS3RwBJJ/K/tHmPP9Yq/2lZy986fnLG42skzQEWmrPcwloMEIhKmL2aEGeTgaDgfptKNY2zUSCJqVzpP0Ga6GOPOHTgEocNp4uJujOROTogzdeKBUFROrvaDS5P+rfPNr7YHBwa3Q4VJ1qZHHWgChTDY0V44+eD7FKRfjjDAPmqQ+qvYu0frkKwaEo9W5ci6TIGR/6/4tVicV0Np2Mx6rBU2RSI1VNs5E2VFXoo49Y5ILix80Xs7kqzhb6BgETZ6CqVR1P06zVaHa6jV6ns7PZ7LQLcrwCaASjRXfEekTGrPV4j1e14G+YOsUz4b4tR3+JgFYnzabqknQKaQnBgZXj1tJ6XGUomC29WVjGSi8WqXGFGrTFZNLf39u/e39wcEBxDCPaz+C79EthlrQUlHcpSPb1nqcgdmCB+WoPEadJo91MGpkey4Jxjl58VsDnNAFSnzAwYlfJRs/o2LOQabu1c+XK5evXN86fl1E8nowV1ERpjCAWJ3q+yFUmbywDoxOjLgBtQM/OqAqFXhVre7i7/87vo8OD1mbvE1/4QqPTEg18ez6czvYH777ynbvvvtvoNM49d7W3sXH79Xf279xvbmz88T//ZzaevSQyRbQUgMa88eNNqZlHu4HX3HRIclwBc0sDop2whEVDJAzrnXA6E27ho03tSF7OQMHCvtLgjmsUkCFnXHkqg4LHFnLlpFxZ6tHT2lPjf1hWsy3l8kmYsXR0S0zafCmNzqIQemOp8V4hOYfWstSmJNKZm9CK11w2XQDCe0G/tHXgnQCboRTaVIVdedCKpne1FQvZQkqTI0z9UnoX9DlqoWcHI3XhwvbIYhKnigzGSD+W3uBIWTeCpRzpjaobSuFV5IZVuDccSEoZTEgg4fAXufuQqDRlFeDWpgChGP5aeBwx+I/AYStruiD0VsvjI42AnGuHyCspdGRBrMRE0AZwTKa9Bd8XFbi2giO0/heFke15WLJqdCJMMXCdE+EI6Az/EdSNl5dZQb91+VXkCrXvQn15I9zQb4JtrTEJseMbmYmxc2MHx+6K7SS5SQS/jKuBC7k5Am94PZiwrfNbKEwbvJaD13cRgFupv+UcEHUViCWjV3mwduZ6qcQu+Xg0RK3CLXnp8IQM8ISw4hOLgfzFHzz12DmD5BwJqsFkfjMcpoCavuhUHnjwkYH7tZMG3m9QcLnRiSt7rNEJl9T9kF4Eb/NXSLC9K9wFZnrGyVDoAQeD3M1XzCoMMPOyde8hDLO+3JjwbeS94KEmg/eEN45u7TrU52oOcZSfL8LGVS+WEwEPbGXlQRVspV+gBPKi5pm5l/V1lN4vs0hLGm2XytKStTscb0EFLZel/x10SXftVqgt4ItpaTPjvk5sjilT6FfYwoNsQcwCJ3CVhWcIUvCfFl7SI+nla3ZKG5TQ6yafXveMTngDJMVxRifCyDwtLpFuVHyOxA3FqjkLZsFeHoNYKxuNFeXL+MG/LP1TLcCXMihUA3RyKfckS7xWuQFLnq7aSHnPQCyjWP4+r4xFHT4w7Fo4nj6mEh4rVIfJg+9YXk+/4OE611IP1QfIyntRiHrmJSznpXAeqyvdH2V57Lq2IC0rHwkqqZ+7sN3C62qYD45XBvCGCMBjxzTzZBmtNYxONIvmvOyb38h+gHKMgjUKXhfCNzE2ZMeSIuG1z2ugCIm5T57cONiOVyhOkElqXO9aXwFUiNcSO4zS8qh5ril2WIAzpQjAVriSUohKb7hl+Ntotrc3u3Ek7vS2hlnC6nyydUMRfZrGHKDE4UuQYUVlAKnKUmo7e2wyMiJdqVhuYuJ6VBJQSClEPYmsNvJERicsgE1S1DjMZzOlOZwqYeDRkbrubmyQmw1I6SmLZzGKu2VSwdXJn7DtlJ6PWDeJ1DAKjI7F5vN8Np2hpnK+mI4nh/uHBYqrld5DqzYFywZzrk1QEHbj0924lcW1EkdKuhwl6Ms4bcS97Y3t81soHk7sYq1N2sZYYgghsn5AiTqGE5rPcmOOoyWKkqwiyHBE65vpiOOCDk4WPqvE1Js+SlyCW6ok0iR7i5zi1vMvOg9vJFlTiaebva1NE/sG2CUJTRCrenPtHwVdpOR2oqlVMY0GlmPTEDCmQvyP8Szl5oiTEBbRAroVj9C2Q3dE6tj0C4rFJrkvDEoVaLQ4D8eUHJywgSk5mkBBER4fnSqJ+HQ2xtFlu5kQl2uGRouUpf6S5nh0U6v424IfbxqWBc2xffKZCFZ4F65aWUfTpJQe7hEa4UGF8ZbBPk1UMIVcg1DVNl3K499waAzcR8AuOmlqKWxzhViCy0x1tSUgeN/e8Ocj98TUL9lWDAJKLkWuv6TAGHlcnHEFKgoJzKeT6XA0GQ2nwwH5iSdony8iCmrBFDPSNgXYP30IGw9pAQbHQXf7SHEpSk7MhwgwdA6620m1/NzyR6TEMIhFmEdAOly9bwVPYgLesEmPqtpB8EgeLKcp9QNaSnKp0Qk/NatPjyjvZmx1RdAKvbN2tkamHKltjGCCwh3o1UGGfbziiyJnZIVDhQZoaDg2J6MTMB6b5hpVEpo2RgSC/NZ4BrzSqqBJkKz1dMKID13HhemMCDGMH+teYwb+lp41qU1/ZM2oeh8QHkdhJC9ah1voolJ4xsyCsEqZnvqS3VUJ7Ef9rNUOEsrVgsG71mrCa/3xH+d37eUTGV4H6pLHksJaNVVeCF+2/LvCETkZcCrq1Gg0ut3u3bv3VEPUNTI6dCjfhqsCn7iZxDTVN1JmRkRopoe5bnBi1ONSVMvVUsVSW7PiYlMqZYXhms2mwmeSDOZCDlZvFRReVSiw0+kqMjsYHG1u9JIsU92eTKaT0ZjxoCTehsy3MM4F8QnE2hRovBWRqr3V6SwEDOfIoyklO6tyKYhZwqOkz4UI4baiZiPFnTGbKggaKMqdXP6wWlo8OQlsB705r73wSoK/M/PhM/IAH8xO3wZOc1wkCO/PgacbehmHEFjamTJQhVDqAaqdU5Bmt0mbQWCiFLFyL4Y4jWQWy6KdRa1Gq6kYcIhJiKY9UUeSo4bhLYa5o5hWgiGNkTbhWB25xLBuVJhsNjB6FHIuBevtib9IiLdUusd5sZgWszm5teA9ttBOGQzPKNBoAWNjEvtMxvLkjFc/ZG6YWXT9P7CblAhZWPITAehrg1lsY3Adc+A9YQJMMhvtFCfAYkKuUJFLFnUXhG3QDCVOBDj5HM+0k9HogffYrwonBvVwaPEltqXQ+zqmxxHtgXXU+XCJndVaKtfjdhde7CHhBon/xzifEYeLEWh9rxpsV4fqAB/CEZY/C8VkBpUTf0OziW5rEt7tk9WPa5jttdd9swRZFsANYthQnKLiOaeTsWpbh06xKxDN0M8Nmi6TjbxeM8LGQLQDAR51t7+0ihUGTdCuL0HXVegabqqqanY73V5PUp1p1phOJ4vFfDaZLqazVq/baLemw/FkMD482Nu5ciXFuLCpAiKUH2OnwWPj2exFuI5WJsjLi9bgQkrjJcRK5LwW6n6yUy7ijbhAipo2ZpNlp96f0m6evNmwJAuWlINVb5ZSDYvuc7IGPTpe3NniGRLhLgkAABAASURBVD0h2K2mYYCkdLjTijYsmNs6+R/9uq0InFRA/8gljVuvl7BuwfCj1fJueJfVA8tmSpwdgl/yZSF8VFdCrj5OKONd8NC45R8tejevm0/YC3crgn15uQ3uLXCNEY6E2K2A8HYZ4fuOcwqbBGFnXQ+9KfIf+TMANdOybDlVMkEcXxL8zoZPwFXielHpnYBg2A0zaip3Y2pZSqEH09ZsnwrHxZqZFm7ezYvCnykfmLyOAATd86Aq7HYwEqUBgqD8krQUu8MaOY+YYF0MeixGqIEyURq5R0mlSmS4CIISUJmrGj1V+S0I5xkqTYfKRbl5dRO9dGrtd43oEmzH/PxKDVCXKZauew9h1KwnW8q8UNqS+Y+Eh6CEWct2ofhrqIyQwyaK9QZorXQmkHU80X3UOj/aJCsXy66XlZThI+nJ262OoprvXXsmEtKrR4b1LG/bCQfzFGN/DCRVNhpwkqrkirvVZY9LcuVtpbSsLcOi0OWv+buxpUUDtqt0EeJYEOXxBO+BcNxEpYz/prnxP+HTbfCuyg3y8VOA7ssd8As/plS75kpZayrxMNkuVeEVRMC9QshueQMK4T+at9LMK4c4d2+aMphcrChhRSrerbAyGHCvCytE8gr4HLAvRXG0JwBF8MmTGwe/4/74lDNlpUDF4kTqYqJuVEXtBASZ4D3xoa80YeEjdwGl+tUgKwlOM0Nh5/1uT/Jx7EIqMWGjmfJBdzNuVtEhIeh25A1DdUmWvrpW0oo+C0imwuMURjWVLEvVRlbLh9IjcO0h9QnFQImVMGxwdLT/8OGg31dD1en12p1OiqY6OiYL1RI5WatXbfnCgLHHB3EeC+liBTzj0WQ8Go+Ho/FgNOoPhv3BfIIGKHzAjf4X4E0Et5bUMyQ+xSO+BX4gRjc2aZa0Oq3Nnc2Nc5vdzW6SRmSDou0xQNSpCOm4HbkeIeuRRW4sPEhAqy02YqvlZuNpyefsCq1xJROQwrPhcHPgYSeya5mhlw8Srmqlqxr2rNFQmp12TymIujjajcwMteAI7dTCBV0utPMVbgavPjet+uuRDqMTW+8pOnqImXTfNEI64yRrf0PmJjkPhLZj0b2RFreZ2TAfYkMZiqKTpBi9JM2yLI7Q6ms6mQ6OBmMlOx2NppPJbDpHN9E6VhFL2XXMDd0XtjhzywQNxjy/JiDqg+NIu2Y94PedKUWErBh3Rm6Bo/rAFmBDu0hUtMTgX0kIsaMdfnksQYISfqm1ISuVWTdF0iqj/eZ4566ELI6tJTCeEPXYT4bPjPzfkg7zDyMM8GxiyDk6kHE10DpHaxEFZfPFuD8c7O0N9g5GBweT/nA2nhTzOVln4xpHtyVkTWJtMUnTRJG06JQ+RpxAtyYpOTdR6CDFkDrqFgPwJHQ+OdbexSKrNLDk2/RIQx0fW7X0vcRkWVwUrAVh34mc/z89Kiv+liQolyysCjDA7YSKWLdnfIcYxhWkNtGMTEEzWVyNoerkAN70RpABBlm+E95RSm61ZpV+ZDFDjyYLOtpNEcFEwfo1PM2OIQhIsUVRCjQ1IUM3EJaV8QmtMYHRizagTcIBkG//TsTajLEdbEthpBtpWDXMvsGlRumGqSPCFJnDdKW3K1XKJfmlPzC7wVJbDHoT4X2QQmGHPQhjEKYUazMG4I3+k+un90NKUlOYyASC7Xa72zvb/aOjfr/PHlBqA1jyK0zpFTEm3gBsPUzBuHoAOMVuu/QtMiYFivmAljEbGxsq58H93fv37zfbrZ2dHW8/oKOBCn1gpVAoUKGFLEt3drbHt4cPd+9fuJBsbm2+/PFr4/Fob3ckQIGBIsNKry/iRoN04jKOsiiWGDRIxJKCVPQ6reeuXp6nIB7e2+0fKTS9EFP1qYSC7CAHxhgHnEVmONQWzXw/BQkAanP1v/rHBYsCgLU3DKcfb7sj01801JC4YWYrqASGM0kVTepPi3f3DzrZQvGwrbRFjiTJ+DlCaw00UlJ8nvqVuSLBiiNEqylF141tAVMdjmgJZMjOVlQqP0nwYQGpmGMoSWSwibopyqJ2JBeS7jzOi6QQh/v7iiIpJjlCX5YE/ezMgwgjhiOKmAcijytZxBsG4bZA0jC3Kp/NqykQn+IfGqKluoj0YIaW+ItiJohfjVMpmLah/0Z1Qf5aMOmYD4WdLzJmn0m0xsR4mKpR6CepmQEyJIk+RyKE5nK1H5uAYIE1oxbHs26IiGjg1JfnHJ8L3UXireLHPUpmN6XiMSUHq9I4IdTjHWkNMtNsGTXabTISRl+X48GA/DqC5rE5Zrn23cFk2rRcWIGYQsJqEwMcjCyaJ4nx5XjsktFoM4qEcZen8HmhmSg5H0/27z9stjs7l6+0e90ihinuDxd4DoBdHxDSw92gdCygArkoClTbliiosgqUFVd66ZlrxSw/uHv34N59tcdutdtS5OiIrxldeuE5BWm3h+PBw30FY9uXLm5fuTx7/9bh3fs3X3vzM9s/qoAPIm3ZZbaYbG1iLWfBTkB5c3iqxEdS4PHByhOT1Nwd5WIrEQ2Q01ZrOhqVCsCjjONHnNajwwBrWVJXR6L2RRB+wC3DDRvMI1fUCnq3I/2dZvXaJcYQxo7QUFAPAwA7otNP/Zpl9Zf3QSF3LtcdinIWCPvdsItezrGVnDpBVZYhzwyQjwWqpQX8uSw/MlwPvVxTg85yG9hwg7fk1r4loea7p2ZTPxz+dt2v2DGRNcTdr0SPf2koSw+0Ya6ryKvWvBl+qFrf0pbii6UWnXggz3zwpcFSH0aqX4UnRwW+hO24tV3C08EteMuydBGkU4768tdOWeFxCBqCR2vjvEpBHRTs0VMZF5Wy/VXoLavat1bgz+CLsp7JP8OFIx+5wGP45tm/CWfRkdqFtRqMj/0uPJYRXj/J0r8nfv+ELy4D6cefZPVWnqrX8pEnzO4ra56cfnDA/iyvsP6jpbZAeLlMhw6V4is+tqxbK+G/jnrJpYXWmha5btnHzhnWDBusLse3sjzTlcmDWuCCVQ3gf2B54eOS9J3tWx9ilVK1VUPtrdR9PXaq/O3fyiEsw7UgNyfNBqoMDuJkkWOcFNQzRpBmKR4w013gPe9Hg7ZOl+SjI6mwNmnOjLMORWkQh3gEdjIZj5WiUeU0W60uWZywpw18DXw5nvROry1PToNLX6TYrBiEAS0opkprMxxg2PT5dLqYYYD0+TwHVvk7OUEkjW2CGQUdejuK9ak2lN5maavTRl/SbSX8bit9C4bIIFkzgJEhUoXmX31BFiM5+ckurA4P2D9HGuu1x+NV6M0X+jWhCA02mHvJ+MZMljQWFFQthXmigDI5f4KOC0eqzWqQ1V+SaWMNdlSCzl6EdgYgjWtYc+A58FbC/5rh0tFzIjY2gcifcT8YhFG2S6tN5yLseUUfkyyKFYAHkUusYo/smWf6lppcDiQ0nWCcJraVoe5UZAj6rCjf2EadNNU5gfYVzLrjtqRc0jt5Ov7pcYvxVyRftlZI5+VCnqojIKBKLmW96KeOxvikDBhVsCoG5x9PaeYF2ZGgsF4t7907t1E1tFhMR3j4E0240O9fQb7L2awB3d6bU+B6dkjnqSAuYZs5PC4b6UXFNh/oZT9ia7HYueTldQoh/pcOIXjSrgqf5NmdrBbCV1DB404lIPf2oxDsu0ELZE0x/pc8KAnB6GZRLMiELkdFIbtWYh9CqP4mRRAa/WHYIkHH6fkjJj4XHfmlVrCL64KCCWijFi4j9MIjihCtKeK23VxSuLQVX12LFJURq3ATT0Y6tiXFeqNXgtU/6EYnhq1wfnMUubx08WL/6OjWrVtZlm5v7RgnAcFbPqVHte58nkjFfsSWJAtpT9hKfQtitb/M1Yk32AnF82Z6PByOD/cP7929m6Zpd6Onw1AgqtWRspRSEyNKYpQA1P63Wq3Lly/dvHkzU6r6i42LF9rPPbczHt0ZDUdxmsxmk0KkadREW9MCfb1F0CLLXooConB0vthuNJ+/cHE2n40Ho7HilWazBQmjY5nFWYLnw4HUruxDQgQCOvCR0ffTyhSsUjAuHfWmic1gWRnG/LGs20xxDWEQMKq5cAyQDAsHyRT3y7CHDGnfYHtvUHRcivFCPszhjf1BM70fz0VjZ6uj1PaLOQYxTchrHrLKOvhMDBLtTpAPRtsO4lJjtjvBYnlBXgyNI0Si2S3AWHfEM2JsSZW1gDyJ4q2mAv+tVjNRQCsPDw7wYU6Rc3KRzyFJ1eYAJNq20zpHRhSmM5VXIGMcs/GYZZW0FTlpQRSA8/BjPNGswaHV1fqazaeqnFryTLyg0UA7VlVZwR5cFhzsRYL0EYWksJHzYsaLd4KGO3mz28WgKmi5khAhBb2xwbQ8fPoaqETvXuKYTEyEmE3J7oSMZdgzkx+V7UNalBoHSCvJ8MQJiCBjSFrNztbGHP3ayelwRGEUeYZw2KjjNjKrtmKT1r1qxKMSkdu1Qu00VF7WbAhYyn5BdQ3EEYIfxW5Uv8iA0jBOhsP7H9xUtXW3ujOZE4ygj6ccZ5vDcHBsTfo+++ADdvQT6aaarqqsOEsVdyUXc4W3t86dGx/1p+Ph3t377XanvdlTIJS2Gmm7ff6ZZyb98Xwym6jn7WG720mbqVoP733zO+d3Ljz76ZelMNFCzGbGbIwNkfIY0CV86vEGTG7A/yClwzzeiPMEoNHqKoDkGGHlBCdiW5+cJE+95ss9DqR03oUAQ6S8axHy5eaxpih6x8CKUxZJ6FftyhFW2IToVbJpCfk99LCKDL5rtp5hg4/plS5Y6WfpoVxZaX169KI1g125W/GVZY9O0LCVSRpmRZw46be8Gsr1LKu3lL/6VhxXgwEaI1+rt055HCmYhKWdrcjFakseM1aaei4RVNW9rJlNb1rkSgmdNCboUK1zCZTYnOMaVnl1+RyvnP3TPwyKiVPB+0lSeXkyyjIYUdaWKWVZk5Rq5SUDlBUVigrOD6pfkeQZjtE6yAoC7VXNi+sjyTOk83obd7KRWPKCl32qaj+sdFak5fspTGuS8pMO/1lN14c+7Y++AGTN9bp9OGlfH2FszlS5BME/q4oseXhsax5Da5elEw+qXJ4hxdL6TjHXjzYIp56dmlJO9uKOlpkLk7NWnbAUdECskxU+BbNVq16LEsgvMTmAJdd+ZpW9PhM0hWG3m82EJLK77ZblUeNEx+DmT3prZV3ByyOmYw9crU5nbnFScNBbIZT0N0lTdT0aDg/39/uHh6qpvc1N9Yd+KrKMPFILYfWFx3TE1/pLGl62U0EXQCRVVvK2xXQynY7RxbsSDy7m89l0QucYC5TjSXAxC9hTquRDgx6DD3RmMYmzRqPRzpqtdqOJAuiGEkCjVwP1KMKQHOwH3l9x2jVFbg04pJFHo7ULWkRIY0Jh9NZksKIahkOG5imSmkpKceF0qDr4DutaC2u8UvDXVf2Cxpx9lgCL2tkfSJqyxYnqC4EltnkxnZPWt+A6pdQqYRFCgrSGJNzxRaI3AAAQAElEQVQMMmFBpw7cBQHaFkQIadywmNN5YBXn9kAg6o31OGAy5ixmXiMX/yIy4csjcpduPanY7bkSq05nalbH4+GYKiOnJjb+eKDsx5witEExJxj1/1LIU2Ftszd2tw6CgpGsA+cqjJfQbCA2MxVae4iPJsFZftyNuanTO3pkpYXUYT0OGrTsQ/N6QSsZIzGgX/3FHBfcfL6Yjaej8WQ0mE2ms9FESFJP5WRxBsbzP9uLsHkU+v6xR1upMeyBiLzsoJ8NjqwTs7IiwlpErL2eAyvddGdkVWyizen4Ev/BI8lGs2z6VeP7YBnbFR4NOkOQsOAX4mEz7KCjjYGdEaEP/rGdjdbUcKgy49AJaQGZmrHx3YK9PQmMoK7t27T9WkSzqcYt5uBoiHKkth/BaF+I3JSODz3T5IKClOGMCuvSxGJdg7x4ePRPzSiVhw7qBSFUVDxCCjDDE5HW6I417xMhlOoKliqbMD1x4XVArG2Y8Yg8fGCtGdiOqYtWq7W/t68WxYZigNKUSDiU7Mv8F+kIuKC1EYMz3iyKojQfsI7wGsJ2cv1CCi9Gnr4cTyaHR0dqeXW6HTKm1m+YJoqIwn8w765YX0WlFa6dzWadVrPRzFrNVBTQ748UtpvnMo4bBQXSQkszmQO+nUSQINKIC7XaJbpJSBUCnhODkHP/3LBFoD0xmpgsJZs+CEegDqr8WRAnGqnvpeQvWo0TiWcNHBhE4KKRlTZhIOxmrR6DgChLX49pj37FuoUzrrPcq1ECcTSbLCaDYUPI871eL43zxSSNRcLMJ7nvKBgkpGQ3QgX5BxTEpKYJhpsxEWxYcU5QZRjTmD0OCrYIyJEwQR5HooG25rjdm+dqFzGd5jPBfHvM/IE3SGDHktSVxIELj8AYe1PzguT1FGlHgTFSPMlm5rn2+sePQYc0EWSSCY5DMQOsg1+xYwpj5aZtY/Wa1StXgj9Hwvjic7XBis1+JbE1D7aZ7Oo5IJZ22Kgr0R8XZ5ZWSPL1fBrAYZ6Ovm4CJVLALgUyUCATsqARjphZIO6Qw48LZh7A4yCEUWLhJp92O1y3sbj3t4BgfNdpXM3iDT3vLp84SKk5XLWTmc9mcRY1Wq0oQ5ibzWe2s1wbB/QRQqNAD5u5yqmbBUUwEzFNh1o44/5gcjQkirORNrOc+pVmjXa7o97pP9wfHR5hjLNudzYeD/YPd+/c7W1tdTc3ye4p4LudGzQwfvnsrR0BCOETN5xrECZLAU8ILXCW0PUhJQzSBNCMhMIs0GgvpuOzlb981AlOVgZWPIVSphShwKX6HrP8whP66U1K4AjE7PpNaZ1DT3kH55cUwtr5sgNAsDn8KV1YamFy4L/E+zSUt67e11cMgp8H9SXWx9rrfunDTPK4JnioxkfxnAOuAASCbQA/E9w7vlNR0IwjkwuwTzX1EJaMgN8AlwmOaOqX3euW+vmo0uFM8HsH3ifAdUGE9D5Aka5YuE78eivDWH9T9/qqkh53VioPTrbmd9a+ZWYB3BAJx6aY6XCjpt+xbL8QXhm/Wvefq9xVAML78dtjOgjhJNUMqYOfcCTq1uEa67GGcC2dEvHoCZZc1xY62QdhPcA6cSpV5GOJYNR9ZCAqa0SYFR2+VcYi5VpK1R/fvHKm3VBJUdvYFdNfnatlhcsl/UUg9DoTwl9P3roRQngrxj3y16xZqQFSqqCdAJfBel36XklPDecml+fI5bdyycWxtwz5Vochw/rlkobJSg7UC27Fo6VjYbC6sVgTD5yuZafsT0lFtOaHVu2ZSuw1LMFyUCZ1/rV9BK5wiLo9+l5bxmAt8LIg2GbaMmFLQ+7Da0wl3/XEb9l6aXnJ1XMh13lkJUbimKr0yiiNnW0hCE/sYEfG8pn2VwuIhH5iBUaRoQlcMtLfMUUjLmDICQfhAWGCUBuBgbk1gluWxoDXDm6TcF+2LQa/Y4479kh4OMWiRJjAH4ol13pM7KCWwkvIuvqr01/mGEPO0hUJnzpmQNSAIY9qHLd7m50WyvIepumAgiyg54g0bWC8Ei0Yt5VL6Y5IlJpYafK6CK42rRBZrCPNWFPicax4xy/Azja45slo9ODevYf37ilBX7vb3dzZ2T53rruxkWUZuygQnoIGx0u6CjlJG/Y9NA9goR9bG0g8MCvHw8l4OB4cjYf94fBoNB6O8gUGWpEc013GJDSwkVPAITNgmWQcZ2o6s0ar0e62Ohvtzma3t9VVF412ljUSClyOThNYuIdHFNnrPdUmyftwwWFjCkmBcfLxaLwgLQpLmLEGiC3nx7Ym8xkGxFG//AopZYXHZuvF63fexKPxf3VRNbDNVkv9dbpdNc4dsjhhfzNoeIM+uHMdP96dTQULDH6dnMcyTzS4QT8pCUubSaBqbFZChyWsq/fiTOmq0SxmPicbkdzq5MHEE+ALNjRJyGIGLyhpkxQMOJBPJ5PRcDQaUKSkGZ5oDYMB0chqxbPByjzR0kc5wiGbtW1OLJQ6YbQbN8E1e4Nam6yEiv/CNlm8r78SfJcKPEYWV644tOkBmNCy8hWY7SSN1CvHVlDiNyOLBkJ+yY4b+zIhAoh+9eeL6XR0dDg6PBgcKHH6oRK5zyYTRAEFrX+U3KNpA2lWqQ8cTgdVoAlQwJYoUbCXKE0VGjypX6UMzTK038oyNC60NiioD4o1zlcADJ68w59SQ4LBaHUFxcbx+uVWH+dYiytRNxcAcCwqXmvga6ab1fLgaco8iStdiYB66qeETIR1XmTs5xSuUQpktd7n7D0dNXqgLcnUeGbNZpYp7YfCtllM42qYHh1F0NggshWjcY+04HBjC8KyudbQCYO5aJalFCZumq/+hOO6X5gWaCRS5VVgzZH0zz8C64lOPWVrrCYI/qnkh/cB/qm84REC/uU5Dtd7GWj91/mNJ87oBFMpIlXd3wlqW9aWcDH7mRjrTjEYWfrw4UNkhtotEx1qNfItgMNpcZbUHuAgctMOS4EzrK2SQ+pVh4YYQ+Wkf1VK9sl0qvCc0vILvQeJIrcHQX8RkefkrdlsDBRJXiwUB9XtYCQ/RabH47Fa+42sPZnMKTYbLlr1lsKvaFCmXo3JZhA9GyGGTJNUfV2R9dl8roNfEGemP6sxo2HZgo5BdYOybF7EKUbqeyWF3V/GWHj7rGU8x2ou5ziABF9hTyiSrDgjMOEJBYEbBSNTcBKhf495LmbTXiPttlMoMBxTQoYYClgXxAiAVRyiBShSCgWdSMTTVIEWmi2yXaIGdc3JREIH1hNExCKye5TADhPzmAzFsiRB/zvTGQZGiQQbd3ikkDcQyErQ0kHfRIqlYHNIz7bDH39p9oe0tsk5ClI7HfJTuwzkoJJczJqdWat5ZsGFdFSKHSMyr03LJQazwdeNtTsP4dOkYylHdfr0BGH0H9xVIAseU+hLV0Av07NaS7K2GQBVTOvokztSgMGVgKIiJmos8/ksZ5PYwsg5zVaBxof5FWnRjOkuxGQsQtu7QgGWeUd/zDbLtTBoK/4bGbGLgsmiYLCValOjQL210U0aWS5zbpDunbRRlUH7PDHdFibojic+QZBQ/KlivPADMcLtVKHh/qClkPJGTyL/magvEvvVGA+Gw/0j9Wqr3UmzdHhwMBli1MkLly83ui00hBLCF6AELFE9ByDCtX+8T0moDtfaMHM2/MOHniaFaEcyRZwhoNGaT8Y1hWo3WHWQ9YSlNcnradoPsO6h6/oyJRSimdvg1gYYZVTr9hB2i28OFYAoPfKOr/jsHCsGpGsAwDFcfXnmTz5UvtTzZO+tvF3x+NHA8di3fd4cArprYCnASOYVL1NTBv6xSNvWAE7/6rhJVwxcA5wWVqNeU49+2b4OwlYuPAxtWmMq9GrzypRwK4T9EsL2xT0NRmqdMV1SBI5nB6Q3rDXv2l+PdARjYjg8IaqcghF12nEPZtncAtgpFYYCgvtQaSJce0D4H/Kb5/oJpaGxXxe1IwOVDB8Ml6Qa7L6s+LETeaKX1q4N6l6BZTk1N2XqvAZcrX4I/kVwE8ykKM0AVGfYNc6BQjDjpeprGlHb9gC1a5QfAM/Sau1jKcK2ryxfLQBev2rWkwhmxc+3C8Vf16DXU9Bt8GZSj3bwtNxEsSTz++nR0/qDKZfnyOW3UqxndCLLT4WX6b9euhbiGKMTsZJXOi0sHftedWNxKuy8hvD2w08Aaz2DpUU9bOlWfviiCOhuiVyA3SWWSH5Ql7+rFx5/ZF7wSnpXQYPK3y01VHj9EKdM6754lpAgyw2AGs4cPBLnGC7LGhmaYMRDZoT52opYwWNy8T+2NTHZgo+ngRCuvOOMTYXCiiwsMXE8X+TNHIS8OvhU2bbXdNARJSj12h+ZMLOi1LEaYz2wpQpL9QT3lTnwnvhce3mhlIEuqB38CpVsrdPbajeV1lEq8dD9bg9Q8wjoDKORenUGB1xB1HprqaCztRGcn2TolOLYMo+YAODYAtIctLPffXDv3tHh4WgwUPnb585dvHxZKSOUENgW8w9M6wt9DNCrWktWSeBrgYgFbIWYT+c5KTfVxd79/cHhYDQYTcbT2XSBrg/QzTZH0EA5n7G1kGaxarkzzqZSKzezZrul/job7e5mt7vRbXdaWStDnbSG0YJEyHS4MnIwY5WzBQeOwGP52nxEkIOcVKma0gzdJrNwW3IMoAKbjRYn2P4cw8bz+TJebrFeJVy5tusAa6gjtGYaSCCNilyymlHK8Uaj1W42Ww3112gIGmq29lhQYBGSSwdJhgn0EWswVaPsO7bGH8L5XLGxeYR2DIEyftLN64BHFB2InZugdcjci/5jqYr5UJSwNjrDHqCFDun49RcLOVOSWTW3B30lKZ1NZvm8YOMVEttCsOys0rTwPhOCkyjlnDSVX6lf1IwDgmxRLz4XvOEwCFdKp9P3in1InpOWJMlhUGqf2FW6VkVMEku5vBj1NZUxuAGAfeFwEUMseJjyhcpcTKfDw8P+3v7w8EBJzodH/dl4rDQLElWclhIaSQVpuPAvJqKZoHSeg+ZEBOcxHjfNyNyEbE3I3EpbmUSE91kdxs3V17rZEIGfdE5k3AIx1lKIDGIIATN4aw18+xiSE+hKz+LJPJL2Tp+txptC29hJjiJW6OBZ5OCEkWTE6mTyGcOWZBizDHEKqXBocLgAV80HBY0FizBWLBo3FoRaycGJ8FgPAhWpL0QhhTOns1T92PFkpOTdioCHMWlFPYVDLiby1CPP4xq4qcSxlPNXlQMhlnTT2thVWxCUBePt3898Io1O1vzWma47Z06LARZwEbTbrd3dvcFg0Go12aZSrZkyS+2xR0ZvCoYwSFOz7z4B1ml3DbesTdbdd0mLLJlPUNRakVDFRmTolEXGEYVLdPsXoTWfpJxVy7rAiHdjtVAV89HtKi1m8uD+g8PDYZZ1lYpWLeEIbEA+8vkWkyt7Ml5RPYskWraq7OlsPppO8oJdsfFToTEFex3QLgqEEKF80Q66LFFdCB8uwvfahQAAEABJREFULWBYE/E9mcy82SQrj83E2jFZsmogIFgAdS4KAWrK+BQO/ylYwS60iQbzANaqF3lt8iGm9OiKm56P83yi9mCtNGnEcStJisUCIRak4iu9FzGxPQTCD1kbCB0qDMFbfTQi/0EMTwhZdBtTg3LhgrQpUtNIG61GK4GoWOSTyWyqmkHGIcJRF1qYWD5iC3jQLtHoOSsd3fgKj0nVttdkzM7EENiE2xZ2wfxi5wyQbC2l3S4ZPkKyozC2AiH3iZJChCa0V5EaUegNRBFOuwz44jXgX5oQnkAOLZnkYzMpUBc48cGHtpackAJMaFZriMotxk1Vwl7VYg7LycbIBH8+tS58VOyxdBGZ2eldDQdeRXsmqtyJD/wuQ7iW9PBLHaMGX8Tgg4odmo5H6n7rwnmE0YTd5GjMrz4Xx5FRX/vyIm6UlSmxEz96k2E9QSsb1dHhwZECGZRWtFq6iVKg6CJLJ8PR4b37ijY1Oy2F9RXfPOtP2pvd1kZHFeQNZF4sqAHMYwnrzmbJ5IZCae7k8lQSZDhLZxdRjjLrXKt9iNB1xmlcQDuWKXIFAI02mm1VtuVPZzr9jKw/mStZXVgV9bWs4tCxtHi76Tawvj2KdDmMUyDM9OxR/Bzw9Sxgb+tFgh7lWncQQKzzAiy7W+szZ7i6llQlVz303gZXzi16g2vtPfiD4lkmCCdZ9/LBq8ESDyedN1WCR8a810tveS/7+RA0vlStCGszzXPFAvG17b7pIQT54UitM6bL8mGNko7Al4vaoXC8kdD9DDUfusd8bXgifmpGzRawow1mfMzUghtu8D7kVeJxsgH8lJrn+mn5CH9AQAhRj3egkgHuelmqx3XrZ55Jenw1n7wBUL6A5aWDUYdAXQClNSJEuK5dZRDMaJmTqDRnaWNkqbCvXDe/sEa1tY/qa/YelQtbdGezwvXkQ7NekmCKBSgFvNeFW9d20Pw1FCBksUYrV6Y1JF6PO7k924fzLT89pkUpl+fI5be+9Ld0vfpWCH8/Wb4WmvEKvmsz5XEtP1GS9eqW1almq7GisHgsSZ7k9gQJ1iP8IJZTKY8/qb4LrkwJPYiQLAtPOB+W8Yu5dwKkXv41X/URVIm8gIcYRYgkP8wkl2bUroljUjiSLhOCUYaQ9QJfiGBZY3cN4OUBBK9hfmRcmAj72Nzq2XNvVW7pu1Hkldct8ZhKgBAoPAGK7qCd84BGQnhbygQTK8U9KnF6Pl2XNbXV3QivLUFraxdKGe6CPjg6mqQN9HGiVASxnEp4v9ORMWQZe2KwcU8qQmwolkBzBZ2FS/vUliImyIksydWrmeCZhlQ/t0Ji79fG1wUJ33L0JVBoUS0pC3YfPLh3+/Z4OFR6hO1z5y5cubK5vc06BX5LBlI+geBgpYPCKhTYiXtEgi70MUKn5Uk8UChRmJxNZ5PR9Oigv3d/d/fuw+HRcDKazCZohiILss8wpxsBdNz3gsN443EyiZ6705gi6SRZU0nkmu2emupup9dpd9VNM8kSlERH2m0QNYfaTM6OadopfETB7rxRzKvP35PAEH17Zw0dSChKJIWZIGkwuwCYL2ZkB7JAOTfBTCy0l2gwLgQKCqXNrgRYxYs6V162JAbVDlT4SkEkGUI1eKhZ/mgTKW51s0nYLqjBOs4OK4zt9Bu/IxyrBz+hJSlSq4Sl8UIAWllP3iES/V3VTnSWP5upP+o1+igwPQIwYXdsJKCM2pyi7yBt3YL2ADHG15hOpqPheDxE1zXj0UjVyydCeSkZMY+TSZJYKHL+zyXqGyAEb899Q7BYlq2C2mTKQFlHL4xOkM2DzIAbiPFphPRWmXM1YeSsntgKinWadNLkKe+g9joouc6YrEUxraNuBimjQyG7LqFBE8eCIEGSZUhCtkWFVItFwb+Sg0+ns9FocHBw+ODh0cPd0dHRuD+Yjsfz6cxYG0mwfEnEZI68E8W0T0U3+RH6NWlkCSLzjHycpIgQFHJXAnkFkOzdRIE0Km7I1oRNM43FidRH/WnaSC1aIWOaWErhCI8Rltgihij7VBUeFytkUXflE2UBIGNy80iSxplrMHgJy+TSOJLieaPOyYgVzGiig85jCDdpAxTCWoLPhHNX/VXAw2mWiz74zQcQCQALGq9IN6lgYiB8Z0ukuET8EhEiJYQdiTUGZtmdsfPTCqM6IitDgzA3v488j2usphLHUs6vKScrih6tRq18mlmKsBdQLlTp5veNTuw3aWEbToyptcqZozEsPmVqZ+Pn2bEGZ8PrG504JwfcTCPSgnVGEuqaZ991GwtBEQGRcM+IOYBmq8U6b6f3Np4qTA2ITRWjky/koD9U3Wl3261mpp4c9cezSZ412otcIWXyNactC4gmR5Hd87DVqkIXCqUo3D5Fm0HpEVley4KphDCbKGKVhHUF4/PidbgUwr5XrgHqR+p7IgVAAuEGXP9jN5C6PNQtGw00wY5SA22YxIoy+guSv8qSY2qTRam0vZUauaJ90rxYTKbDRT5rNtJeq50VUUb2GoUoFHUhDAxsnCjMJyjqJDnXSZCFLTj+jek8a+zZ7ipiCCS2gS0XC9AVNqK0qfTzSaqY9tFsthDErwtwkfSEju3C3SBuPDHcqLAbG+2z1HB7/BCMOzcyOyGPmca7lzboNrw+RM7+wS2LEDNIbXRCvsYIyaBhhHawxvYrekZ4zYGFBBDWpndtcHJAhfsHYvFBaI9JWmrw2JcSiFA4oPkyszmwyEMw10aRU+OUNmPohC3nmIu2I2B4Ugu3Xv1gdn1kDEfYnALlGDQs3LJy8wLuXQ3kPOoGYsi5VF6gmxz0idnZ6ClIo0oi5sC4JZ4zFru4jEGMYTuBYx3yNgP5VOys2pLNptPB/v5kMun0NhRTi7XlUpGeVhttUEYHh2pbpWat2WmpN0b7R0dHB81e59LlK4I4AO2VChxyhJBbdZMBx3IhS2axDhuDHTPPEkXbo5ghFk9nKtDfSdSJZSIEujxptRE7LeZSSn8gxNOXzq7NsOxWk32bX/PJYGcBjo2WPjjpeyFcZBxzxscWsL+G5zDmKV4xPhIlyi960mQw3xb+/PoNW1/QXMvNnDzBsflw8pdP+YJlZpc2Clw5j1lzzww+MPmgmRnhmFuNcAWUChtMZgTZjiTaYuDhPnDg57/lvezlCzDlNeoOqhU1tXn99PoadN+UgSDfjWVNZu2YLstfB4V7mLdUHjyFgOUsBPiEUQ+FHRwBDpe7obAFIMzUBNGvCsKqhDfvbqzNDAZjapsnSiMrRKWDNYgGRGX0xVoLtB61r5+5fnrE15fXdHYVr/M1PwcqN6W5gnAdeevaVQbBJC9lXIJ8qL0M21JF6J7zEt9v5LLhhOMyg+aVciy6s1ke7gJ/AQq9PC12CsC+hO4strHDG2AkWNmmJV1aM61NFx9vkmvmPalJLs+Ry2/tr6xcr74V3kX1Wqzke+TK27NIx9PG6s5mdXn6XdbSjwpO6r8Ly7oCqyhZ8MThF6i+C65MCT3YG4tSSgjJ1uUVE+XNJjhsJDyWQX/V4jAI0TXYpvvdcA0+2yRrrtZ84YQF/SHyMyEYZQ/zmwww9x6H7P1YttfIGoSX7/Fn4L9m/0x2JHRxr4Cw0lqXY8rYzoCjW17/IGTFSsQFwkmHMNO6OZGelMtBntnfVV8XtRBSJmk+LIHHA7uF4ohkUNavDf9RcoBmu9vpdNsNpTwTcyneb/dyNDSRrNT311w4ritAuYLOTojgOJ1OTW4/V6toP+lbQEoTzmEXywv6/c7Xvz4ZjVTm5s7Ozvnzm9vbWaPBlgqiovHimpxUwJwhFEa+p8cDNTAxy4cXc/R1PRwMx4PRqD8aD4aTwXgyxEOIUoeO0b4i2LWJYwbNNEWoSk6bnQa5Nmm2ey10bbLZ29judXvdrJklaYxiYxTDShM1XRuE+Cyu0CYCxrbAQk9knNVTUp9Uss35fIa+PqZzlM4uOEJEwVJHk0yUJif6sAYIwtni6CrxW2wOQm5BSLxICQ830tOCjWDY4sQMuzFOEtoOpdC6VFu5rY1kqt7hajNB0hxY5T5qqxQ+T6kD0y9mxtzEV80a4bk2ZOGvUICqhm55bKLcJ4lqlxKWDgeDw/2DweHRZKS0V2qKF3aczSwbEHLkJyohohIMC6ecYiuc9RaCK1ZaoKFKu55n8l9ZEtHHotlglemhg8dAGkW4rtkmSVhYK/2dlneSZfMyvJPC4xu0ZMH4mxdo7gDscF+9naO/C/xTU18U88lkPh6NjwaD/b0hxtDpYwyd8YQcBWnFPwMjQRoIE3xOt4KcauCBV1Q9YCytNGtSAJ0syRoxhdFRaz/mRZSw6YQ5ZG/5HSG8DRhzQGzboP0AQJiEEB5N1W+b8Q/+vDn58JNbRyXrIt/DjbSmdrzcQLsqMcGxYo0R0D0Snd/mkGKRYU0iy7ZErGaO2Gt9TFXEOiSAIN82BlmDiSUipXVXaqx9yOSFG64psBYs++hYiDWIqtFUmQUbBOSq7pFW1Vcz4+Gnjq2hVHRlguCfSr6tyS/nDMhKyM9b8Y78CI8i13aqhCoS8f0UJkYCaLcVRRcuXFQ3e3v77E+s2+2KkCsibCV12Dl6jc/W68h2tpj5OyVirkuRxBg3rVar0+mMJ0oXOT482O90O71oQ7igX5H5KMfYQc6swPgaaW9jQ6Hr0Wiyv7+r+OYLF7cuPhjcuHEEcppGMbkrigW6p5oLmUfFIhFtxYgRg4YGaq04KrL21W0MpKdq35+MZug2TrF1DFfquwn4YUYcL6aZPO1ZQvorTK651P7gpch4ZxIhpxSwSoY7l853E4+/qODYcloDWTKRR6djTLzJhWAh7V4UGVB1HRdziIYivTOd5IdHaMm+cb7dTFMMbaegCMmKhBzYZlU7S8TNyUIIMn2eEZlRJEk1JSG+l3tXxCLmrTF5LFM/WFmxgFzOtJ+8XLGZ+UbSiLZ2For/KIrbo4MBsbUCoR4KtIxBM3ZcrGhNKfM5kTL06BjjktJDaobCgiwxy7hjQocHZDKepVQgkuMx2lwVxXQ6pbIp25YLpJWJftdY+oN1gMTzQuz9fFwgS6R2FyJWyy5tN9SjWCm40YBA7w6wpGdIdsLEywp5+kazoeqYItc/nciipaYramiZkoTHtPjq6ZAMW0cg7nhX3MDl2LhOq5Nvqvaq/GkxkmqXkjNfYXcRDh9bJMKXahYk2stJtOxRk0cMInPPEFWbBLxzpepA+z7VtEAQl8M7THS1MxkMH964oVjPC9eeIUjghnPgQmpXzB5QaAMW7ihKTZU2iI9IW5sbW5cuztQ2ef/w/s07z3c2pClWgNi6eP7KJ166+drrw6P+hSuXtra2Z4qj3t9/77vfbbXaV1+8HreaEp2dFBySygzqh5Lkyug88vjYPU9ymkl5cwYXE9mKoS1zJXRIG+emo9FsPDqRaOapT6s4GBB1bks8ir7k5frssDZvYVfeKT9bkaB6RAM8orruTJ6oI0Zboi8AABAASURBVOs9PUXB5eUg8CN2zKSdgiWVx3ESJ13qj8L2lVBLWNXxeEdqnulJw05rTczjQqsrx8M9lFY6dFZNWnsivqc3CsfOfT2qrb6/sqLahyXUcbbpMU3amjjsMXXtVBj09KlmDEtZwe0jDfn39CL7fnqE9BTzvKcH6qev04+6es929cMJcp/49AjA8FGgVVj1YHmDTt5OCP45UQ2wtPSqwZbyJN+osKurh2bZh5WIMmtQgBI8AI+sxQCSuxvdOUn50izlGAvmE6TMBPm0wvppE5svLOZzNiDY290d9vtH+/vtXq/RbHZ6vU6322g0YvJXIbScUAb7fNDx0T3vJk76RxcUBoOPuaPeeTGdTIeD4XQ8mUzQq8F8hg418jmdWAP2b+FkYuTy2QZXB/SGjPJgGWEAjazZaaoppig0StOMPjYojgafLpbG57InzjWtppqFx27q2BnkPL4gRtRFGlKX81mu5N6q5Wqs8lkupdXER85UCTuOgeAjbQLimZwYkbI2NvHUmezdhK04bD5bmphPWE2Be4urzvOFtsAA3/AlAmMoQ10gJy5kvWLeZF1AxDYnqJtnHa+ChBwdUEhymoLmNXM8SWibLIRWJKPgnC1LjA+VmOth5+LU8vkENV6j4XAynMymU5kXUgceik37CZ1oWa7R2Bt5+rEo2BnZ2M1uWfu6LgUIXpTHI/+S+YWbFCUP50tWu9jQSh9GIjcixlvDku0nwJnF9ymM4ooPLqqqC4sDaI5RIi5ydqhBkaoKBRLj6XispLKLGRpvLShUkwYFqd/meFMkouBDBaQ4imL6hDQWVeh/A8+AprjqFX7n6C+gPZWAPXsshFOtCRPZKhB/gBkvY1lCWUtHKUSDS0udjryu/uh6CVY+0o0npMr9lRZRmGIxjYH0v+7wkrH3ktpqRfCiluTMiWezKNRUoEN5vEJVHlvmoeeqIscDuhhxQanLcrIHxKG2CM5iVasQE6dLZuItDapdDqtnUDyBnK8PVbr1MhCvL8NeNOOlOlal73s6MUkGHzdUEM1D+/3+eDxO07TZbEbG8ZdrhdNk2AA0moKCqcuWFALW6d2yPUBAjqgUub1BCxHFtIzHE8VapFkWsWkpmZiIYCPAK5BMyCgS33Q2nc3maZoRtkzGo8nu/gGhBsUrEC9YUKQsdJ2EvIskjo0XtNKrK5TcarQUUp5T1MGcwnUJsj5jGzf+tuMRobZXDiuFhjqiklmBwydu5Z5Nql3aq8oHmN1l1tVQF17HVb6kjGb1/V2BZCbOfchQXAQYgaZYszyfzopG0ug0W1kc0waCeXUk30wECqGpDq+sglxieRBDDrqYdWDu0XwmMl0uyGBdr6sCOYyEIz6iX8d8MeNocsTlo5PGSNgwK8yICDZCNcbhjsUXUDY6lhyVE4itJj5eV0WLsJD2ZROLDivRFrnS+IjjMSycVyWkkTm7d7STabcQeuSFsAoesEMAq0FCgDudQhstDidEdbJLQ+3NjCzWwRxKAv096d+CAYIzSc7s37Bl1kzKDj4CSiS0f0j2L6VGCbnMwgdss7lzLQUBfsQ9HRWKtnzGFI+QtrkQpQsBBgC1MzfdOjKbVbwo+Y7EwEmT4ajZ6bQ7HTV9SZrgtrdYEACDEHYfpX1FUr2+Rg7CH2wl2fVGuFHGoKTzLMMIslmrobCrQD+uqeKGC5DIWE+mW5tbSSMbDfvT8Uittc3t7YjM/ynQqW6/xb5rIId1p7cWG4MFtRBveFvmpxtTq171c7EQ0IhkIiATAqUSrbbamSCoRtp/0mNU2T2W9OiTAsc+PP4b0vstUaJgxy7szlNITQicCxPhs8Z6Y+A8nTB6YRGKVyz8lm2tY+cqraxenzQ5tHfq10/79NGTQ5IrClh6YRe9RvOm6xYd+JTFyhMd/i0VhnJJITw0Bz7nXmqD4R1sPrin3gWEVESETTXU270lLNEUXo+E/bQ3WP5T4eWLan4lrVhGVWCqlvOwdCnfve51xLbNUA9/OjxcrkcJ7Hy5CbDUQPg53mSYmXaZwtQmPLoVVOJ1wQJCaWiCES8NQvCPeR/Kz0XN6NXmrp35aAlW3q7z6PSNgjVy6h8EcK1vtMSwNFfgzwuIYF3bgv4k1zESNWur9BSgpmHV5OuFZLn+6i0cl7mseaabIDz1ibeCHErz8Qz4SxP8eoO3vLXsZ5oKV7XpJPD2dDE6T0iCNcatRn4JwaPSXr30KyvXq2+Fd1G9rn7Ob6Bc9uC4tDabfCz2qtnZiJOmdRvjy8orz+S67y7PKaeleyYo8RFLioKHSN3KL9E8DwsFY2mptHD4xsNXpi6fYlvewJFhi7rBI9r+owra8bCca2cZfZ88nQJdnTGGs8i5xIWAzYQQ81t+y9xDwMz6eebKvmby7QZc2MdejnClDCsGlVd027ymgWWmXUtMfyCEpCpX7PW6NDKVAsFFCfIYl8py4VVD765rmYvyQvHhDvicNQX6aLe7GxsbrWbazFCetBDiXqP5sNsh0RTGX84amfoFf+cQyfLSEeu01WvhihLrpTWViwCnqd6bb32ho+pQeJ1Bv3/31q3+wYESOir1xJVr1za2trq9Hjo4Ia2xqOAeAT47wx0QHuAQsEoTSFqK+WwxGU2H/cHh/uHh3uGwP5yOprOJkqRNUS9BEcwNzJqhoKOMHOVafT1J1cSljaYS66StTqvd61AYnXa73Ww00d8GBoCIBLnPKKzEAezacHsR8AYcLOZzrJwOWSWM+QUayswmU/T8gbGbzRiw8NCuePw10kt6lYPpsA4bjKSU4t3wsUdttREZ7yCepYi0+l0yF9ECdmGcpggba4i9llDl7HeEgkYltp6ikGU8SbJ0CgvAH8fCBQqbFxxMZ0Epx2OEhZH60jnSWDt7Vi+yXxMFKhxPBz9NRjNqrGYTTGqiB4c4y/PpTNpTzOQK3QMVO5LgkyT9TNphdpjVptDoxOr3fAZA+hY/4esWAIJb07Ao/JAuIY1jXVm3mlwvIGjeh5ekECEJKiddaI166nICcq/poNRyfNDSObymaFWoyMnlYjqbjyfTwWB81B/3+6P+0ejwcDIcKghRiwqNErRm1igjNaGMbMg5cqShjZwo+lOWZmReljaUXBcVqRRVhyxOIlvaQJBWIJgOQflfcMjAIbO6oRN2oqVVggQpAIM6SDv7VAUw3WvXn5BfYKRmvc4L8C3gtH6NTdaC/mn3J1QmNlHACFslTkuNeCHFGzVHWZpgJAN0OYNBjjIMeERzRyo/Qno6zgDqe2Ke9nCZMsKWUgR8jlhrWOyvnjUpA3bKWZ8cX5/dgUG5/nVrEGutOAj+qeS7+/p2GASl/69WAxICbv74c87f93Tikh1167xEkcZmq7Wx0SO7TLTO5CA7TI+5jPc6MPHAU/VEI53diTglM1fXSIu90FeDao9iiwgxy8X9BwcHh4laiEoDmqVsMoKBAIU0uEK7g0M9cxIXIo+HCbmXWCRZ89Llneksf/DgYD4fxOjUJFZcHbl4oOgR8UIqFBxRoDJyKZHIpAVR0umqnJliB5TGdTxBu5PZQnJ4Hh3bLGKujkglea03AX+EZh5PPDJSuyN4bDj3CUxm3btUx3kQHqwpKyxHc3yS9QgvDKdTWJduWiOP2YoTRpCPM4z6FGcyhdvT2Vffvx0tRPzMpYuNKC3yjGgMWquigRyZK1I9TG7m6C0nj4zxO/INMbLW5J+iiMxmk/nvNIYWpLliatHZSM5mkzkWhO1GM9o5pyqHBdweDAbzBYZFyWK0F45iwZYjCpjVx8Rc7xxipoqmi94pXs1cksGlQAMRHGjkilsNplxiPJkX7Dgw1zFr2Nab6CgTaIzIoTY5kvl14ocIirnyxXQ+LgaGj6dBVYOUoAFZuOGmVbSe0xOfz7EbrRiDEjbQv+ECOXh+nkZpVCK9NUeWpZRnteKsZx7XxICTJkZFcsiYJG11u6CGJZeTaDADQcFtColRwLygiaaJjFnM/gk5StyhYWzUhWJKuFfSnMiWJkqalZ/qHaJuI3EnQMZ76B8lIjCUistR358cDR9+cKvT7UjFDjUyMjqBfK6YXcmesfR+RX+L0V+wM8WMgqcabWJkLBvd9uaF8+p2tH90+513VT0XX7wWKXyO/kuKtNu8+vKLsYhufveN+8W9zYs7G+d3Dh88uPP2u+evXL7Wbqo9dmdrw1qdfPgJzJ4WwuH9HkiqI4NcjArYjIvNBKFKAYVigHtpzytVK5iWlZyl6aT7yUfbf9YQisoHRD3ZkNVOGa+bnr2ItPnCha3VF0b0gccYtPWsC4wJvHzNARodi43YEW2uSH8s+WCJCQcCpQVV8CtAPqJstfZRkKkdMBbed8M/wWc8CqFt5aWzdCldiJI71iC4TzAU9rY8ktJ7LXw1nGrpTYz0HvqedqXwL92n7I8MPuqVC6/dS95mW1QSlC/ASXQNtwe6AFTLGPLjdutmQ+5e4Rym0ZFlIAOpHnOX2pUVGBGG/Xhkd802R3g5VmYKbp/lFbBfNA9dB0VJ6Vu7U1u21urypTjmrZDylRZp7Ue9MXEZYP9zL9pmg+bNuF92z+51DbxBtpoLAfaR0Ib4wYQGwODxHeCEgvY77lZ4LS9z/+D3tFRS1KSwyNKJCUa4lHtmqYpeV9AOiy2CTBFgWWHwgfRQg5G8BFU5BCb8krrSaoV+vmucqFit2/xwZrxhgyDfm2K7MQzfDUqWKisNoOcw3ceQOr8wDZYaQxoEL4ie2EyDHr0c4HdlgNf1t+xQ2Ez9zbD9wseCrjtaICqCZevhRgv/Jt+vtFzAe0uIAP1BzURU2hc8CqbZS1UIDR9XS1ZBuu41WXsnl1VeV0/IEZULL+GXKjR7RZVeeUNsg5XoFlB5pUi7MOm2sFTYAzaulXMKaa6lK1PYp/pX700FlS9cAToIqmFbcn5huAJdzDhN51f4c7a8tFyRaWHBjJe0vZN+j0rtN+OzauBLU1UpciyGPmafI8UaSS6DqBLYORipgpgsvydFbSXusVz63Oaut3UKSFmVKOrLysIvs2AiwLyO2gcfsSg6/B6EpNwiIgi/JKBMlgMqIBzWEmHna8ahlLV6omU43s4UvTJtwodeXSa81XnBKzUfXNJgf3wCSiAC9ZNjfnx+yjDIdpxLV8IVZVFZBE5TaDlop2jRhIRZZh1nwMt0FMiQDihzcq47EJCzsL+2mz5ECXemS1oS5goLaWswZ9yrpMpZicqw5nDgw3tbVIqAi/QdzEsIv0O30ps+PFItYC/LjrqbC5nPZ+jnOCM1mOe8wWJ9BKqPSCTz4SUW/ljQaDSbR4eHB3t7e/fvK93J1vnzG1tb2+fOKUEc6xd1YfDkk97CAQ7l7mX4kMYJTxXO0UfIsM9OL2bzKeozKOB5UeQ68gObDpC3dzwxb6w3lNyO6osxmE6jnWZN9Ycz2Gg1smbWoNkEchFtaKAFcr6IrNmB0Ac1w828FiHqBSTo/CQe4SX/DKqF08khPBW4AAAQAElEQVRE6ZUWcxRac++DHai3vug7ua61oFgh7ARGQOQFnQHjYoTe1AekLZbwx9Zecw+kt1XgLkQ0OirFqXZwYt+SLhU8iRbRCKNIjqNI91PpAmaY0KQm14y2IPVQTF5q0HO+Zx/DzsStoQlbLy3ICfp4OBoPhzOc31xNuprlyE4B7vgjr3c6+IAwQ+BQtlxFK3zttMkSwT7KG4G6IfXHGcKaRVUjC8sv6lrlrh9f8keg1GUhytvuM0klaLTsE9kNUAFCBkoFkCsIms0Xs/l8Mpv0B2hYNpsoXQatvpxriSMw21j2f6NRkvopSIbPOIeODJNvnQhic0pZAEfYoeg5qHmJCOejBoEAiD2Ig9dqtxXTnLPP67gOYnNgia9Nu8il8PmfYGQex7DbVAPJ1bZqBBiJkFukf3UgObONBm0JJ8CqP0gYK1CFo7kvacAJZytidkW/K9iJD46fdquEU5akTem+iTUQCiW3TYRLJQYumNEJ85x822PmYobGfApgclLbKexvybIhAr485HgIl9Jnib/HCfqxqQSfa2Km7xud1CfSZdCRellsb28rkB2Nxv1+X+U0m01Nb4vC3ygQzSOdMQImaqDtwfrH00IEeUWb1XUXjUFwEd6/d/9wf7+h+CV0yhKbhSEFR47QRkmYoxZ7lqXtTrPfLybjaSfJ4ri4du3CeDR75ZUbqruAwUFSxqrIPSwW+XzOAbSQ0hcyJq8San134uTi5tZE6fXhsD+bTdVqV2UJzaM3OtAE2zJTjuU36A7EcbKDZaIiL7sWp8P3DlpgWDrGN5cwrD9fivWkLmsmqpl3XEyZDB9VcA6q28nwXAF+QxbRPIqnjfT2ePKNmzezSH7+2cs7WRoXeUykXxF6ihiJBKdA5XuBBgJFTLYbORiXQooXJW4bIaiQek8sdSQUZB2aIi4gjRYwUVBHxgiKU0il2Egaz25tI9+QZHf3D0aFnKttYkzWC4L1kUhx8lnBzEmSCUB/FRFRVjegHvuljeQVzMMc89D+PU0aoinIshMN0xY5WI8axiQ8Uvwz7jUU98xSa1pBuHZQJxox4VMEcr6YDkdsY94mjiltyVRkuJCZ+0EPe3rnrrcna0wveSXE5kKkWTr0h9RIFSOvFvV8OqEJayl0IALgqU3yEQht5FXiViuNrgspqquXkXFWR6GQ1CB32sV8QXhZLiYzOZ8TLqN5BMPCEEeDJyf4JAHv4ahLPKo52TNpFjTsDbOn3LryuGp+ULcYXy/0bnmwu3//5p3uue2kkUCCMR+lpFBKOFUK2NB2iqOtIUMaCROOSgqHiAEK7XJHdS1K480L57IkfTCX/d2Dux98kG20u+c2WGKcZGmr2RTXrvXv795//4ZaK2oPPx9PB/v7737n1azVuvDss4odj9uxJADRnu6iD4NzNWP1OB30PwFJzdX+ItpfiFYku5FIIxmTDCP+HqI0T3fSCEQcix5PCKp+dauqPg6Ffj+dTXoUUrTsZfl0xwEL0orxkW6VnOm++Yyr+376kNP3UdfJ0vc6s/P9Bf399P30/fRI6fsI5ENPjzDkf5Bm66R9VbKaOQp24mkU9bPmuINSuoLCygsSxZOmPAosJ6KniT84KfNny/P5W6uJV7+j4fDo4GD3/v3JaNTb3Lr6/PPtTkeNjxqwNMvYUgGVhRxohhkp0rZQDZHmRL3THPxLGhlWOSrBWjEdTwZHo/FwNBoMFzM8dqhErOw6RaITEEC3CFrMSHUW2mGCPnhPHkGULLTZabXazbSRpI0szZKsqSRwsQ7FQ0GzSauNv4VpHncczDhQt7VRQGEM00haThYRoON1sxCywFjtM4wxM5vTcV2pvSkIroWdZEdaSknKchJs5/pojlKBk3acjDYiPuWfkMWJ9i9gjE600jec2RKX70+ccbYtYh2XByXhUaIltzaMDnj+/q1RS2zMRKwiosgX08mE/JpoxbAwmuk4irkLqqVpmrJvflWB0veTzDIyVenI9ZPxeDwaqelWI4a+99VvoaPV0yhTVCTJQx8JbfzkbNJqx6EEw3YoSk/rjWUrxUR9sg3Q11Jq+4e6ksbaos4+RmoLrcIq8sXjTHz21XxbPHpaOkDW5MKYighSo9I1nQEg+yo0XBqP55PpHN0XjWej8Ww8RV9HGE5Fsk7S4BCupgDj8kIrHBBGRKTdaQB51iHfGIl2C8TBnYReWuQR35wLJqfrPOAM+U51YVAToX2Q3rQ4n0WsceCVt2IwPwT5vKwY0Pqm1AFQWbWX6yuIQN8d1Cv0UXCuLmJzPz2ti4WUjNql1C6nQCN3+9HAJhO0sRAZnRg7ocKatemmk3EKmxZRwCnCAoQ7kqRgRXzeSNPZbD4luxP0vCXIHlHynDgrk/A0dVUOIq2JCdi1DBQ/wS5aU6qcCuFaTNib1U/SLwA1zMhxiw5ERfhwan1vTcNZfL5uddIYm0YVGC4quHFdo5MqVn2MK6RYYmFQ/uAZNCBE615+wbwCElrFJG1vbyvQHQyG5CcgE2aUmS/SWKUwkEx4MuJzJdpe3GtqYZHR0vAYRT0NK424sdeIMNJNp9tWi6l/dDQeTw6PDnubG+Q2qvAWuGSSpVpGViP4SPFaiks7PBimSdruJZ1O44WXrvYHw5u39jEkSdEG2QSZKC5OMUiSA/OksRoVrIGcVMRF0RTRubiTd9D5RSwHh8V4jIrXxQxXU5pkaMcmSRHLEXeceYTphFHrSu9eCJ9jKM8a2x2yAbrVG3/v7Jik/w/4F4z4ZHUxeOpzod3bcBVlMiOrC3e1BwswCnphbKvpW5E9+GTtH5jwk9dDpWVXhGcxg0U/W7w3GbXu3+u0s89cPJ8lCqLmAo07lIY9QRMOiktDpsrkVELVh25JtPEjbQ4kRW7j2E1o0Ux6f/Tio15QrG4b4/LFKeSj+UzkC6CtRayymk1VHMF0Nn8wnhwVYkpR3/TRXQ1ziqFZkOkL2b4m1mxTmq5KYQIoshVasSjmtHsQ5DhEkbhGiwOpCNxFkEkKE1hmxImBzvBsWcHn8iOzMRFmOtjBSTGfTjHqjRQcLVMuCmjLpNGMEuCiPP7a6pQCvniYuMIKuMk1Bh/8XTVoSZY18hlu0hZTWtiAPhHRgYfELQfY7YcZKGFOiR9Dh5bvWwtTwMS9YK5DU1wwzskYYpllkXr80XtO1tzoKa5B7dK4C+hZERsZm9N9QMEu0ZjZWI/wqwSrQBi9IGsRkgsw2ErNBjDzUAh/2XherfmxZI9skWlkkU9H4wfv3VA7SHT21u2oRqqt30LPMpo4GTKBljP0BX1OSBZsMUM/YLamFKVFTUVro3fx+WuT0Xiwu//gg5tRdK292YtwV4lz0NneuPLyC9Mp7rRV19RUNju9/Tv33/3uq53NrY3z5xSDhW5RGplqxEIWMSR2b8wd9OmRvZKVfZBhIn1OVC7dXy3bhpFp5ul4oQ/DSsYkeUKByyjHP3/8lpetQbjiBBvXpcl7AQjkiEJQPWqjrrboGPV2NMJtP0Y1LhQRV/urrNnc2Nra3N5qtJqx2uQLcx5bUxmfkJTbJrXUQ5akGOFFQL5XJS4fVzuka9C7SDNabMI1p6CtOZ5YAhNMyn6aFqf2I1XwK0y25vm0mM5337t5+7U3hw92FQ93fmMjXcw7Ap5pbVxIG20lTcyLSC1RtUdSkqDFPEWcmKp1hOFdm2nazEaT0UG/f+fh3eF4rAjPAvk8/JbCoujrVqpflIbNivlECZVQHol2hTlaTaKbLiVcaadpK8k6asmmjY6qFomBjlUsmKAyoyZYPKPP3psNmx4I74Q0iYoYt0m7A5PC4TFGXOyWVEuvdBnGYRTeDQ06tfsX/VbOfKzaMKILX3MSmp6aCGIOMHSbpYMBgIDplSSx4k/bFwvzOQq1HfFvSm5MlTAgYY+c9CXrMhBPodARhZjYhRhpNkkMCFelGJQbuQhFcFNFlNOUrT3xLAS6KsQDUupRo9FoZo1EUwFNcoR25UoG1jKfKhGHEm3MkMSoD/z/2fuvLkmS5EwUVFFjzoJkZrGuZhfA4AAzeLn7vPv/z77s7tl7FzPAAAOgeZFkEeHMmOoKVVNz98iMysrq6sZt6+rICCdGlAj5ROQT4vfEpUA8nkzOyuLbz5e7FzxUu2WT9VPwfeKXGiIfxMmmL1dEm+W1yR/znlHLNtsNMB1ecrGlDx9N3DgQPzE+RQhloQzKkq7tRbk4IWijG/GiVtFyAhg5A7J3YTd2bw/b7cN2j/jd0C/rZrVYNEW5KutV3SyrmpYizzs3JFTaZe6cy0Ulo82hE/QxIpYQGJkZacTQdMHhGjwRpwHOxCebq5vlcrNcXK/X15s1Pr6z5q+qg0CKmQTmiZSyrGNqzryhG7n+Ol14yZvwZ59Kb6Vc5UdkkhgDUq9Hc5atXsjKN9Mrl8uRph3qdP95Ba08WaqsYjnz16VaZDpG9/7jw/Rn9v2YidaY8D3a0AzXipdqo48GONVSypyPvN25gMFqlJzKWFnwNF0sOwoEdtD/fPn2/uXbu9cPd3eH/RF3HFniuKOrZb1aNCu0lDwZ/RQTwGW8Xqy+fPHZNfoGhYcxkrPIZJxyp2nUwShIbPnoB/Qv/edJ1gLk9rCbXUDEqCQNqzXNEojrqTR4If/gQ4/oxgSPFvpxRJPP967oojuM4dWu/Y9Xb/5w93B0RV8uysVyfYXGW82yD7RqQ9BQZmwu+JEL5pSgQo4xVtTFr7iqcGP6VeEqP1aInjFTuchJHh6065yzLpRCRj3StFHBX8XyjWrIWCwpx/AEGeQDlUY1H8bJ9HXuBHeYDJ4LyHlmNWtNq3k3SdLi8B72B/ytXjQMEiZ0y4jfBaIVJCWm8RahoY4bnnC3e0BR1iyam5tryt0XkuZ3sPtGFRc+Y5h/9DABYB8D+b3r+91uj7+slquirvLS1TgVhGhppV1FQFEdA0ON5ChUBwGPA68JKorgvafMI07HI4HpZG+glxu4nG8gUc0xGtacgIgeSmTAyEzbD0eMaNGCYJec8vjxLdYIZTlA+fvD4V/b/bfQd6WLEw91yrGPXJPQosdFG8YY+ukeqLwcbZwhcOEyJNyGaSBlEYQYpw6mNMtq5BGPPkVmC1qfEljjIQrODEtdQ5ARtnL4TQsJ5JRe10PKp/fa0ZZNE8j9Sp0LtQz1LvlaDD9rQYsUxc8xuTlywkI/yDKgWnM6DX5riGpTSXddilfwnRQS17T7YwcQlLAiWWd6SDRO7NtAfQdAOjiooef0W1rELjYRqMLieJ9GNZIKU2NEXxbkz/Z1UGR46kTgLIyqpSzK1aq62Zvi9M546a20lTcpwRbUPsFLF5EQ0JpB8dVEhDxcNXL5CESYsz5Hdbpdyc6hVLWq3ZOY2WOK1xgdAm9isZ1AlxtPA4WYAy34viUjBwNTODWOtrrzYmPJ8pAyPC/nTkzvuuZtttUOdE6tz0ytsBoYGaDWODDhDVrTMrBsG/h2wgSO8aKSlhzclRf6ewAAEABJREFUEMQlU1pCJRrAJUfAofzHQbspFi8W6xeL1SdXz1cYCS9rnpVCTBi8ndHTXg5ELQyIN23b7r4btuC2pevqMl43xVWzvL1Z3V6XywUGdWWqyGnqR4kE0ZRzMw4iFc7xdhIlZOdq3ZSQTXBRlsTvAw8ss2VHjNlhbL6oo6/4YVBs8Uqg6GDbhW5Ecen6UPtyBfU11Csom+NQH7u6HVAd+i7gfJREqe1LJ+uO1BtOWlWgdsN3R1q8Y0eGZd8StS2NIgk+NDhpb6HlTF+u0OIfeEnHwjOTNtW0YSSfTF+2sEcoO6i6arWvltuy3kF5B93dcMC7FKGIyrVZlaurxWqzRL8Y/6upc65I8QwC5YXI9A3Eb8JtQyjjpG6oM4MnlRwAkp76rscFAyZeQL/fbw3O4bv3H085Z8zMablENLp3lmHEJRy4VziOyb/98z+j67xcbZ5/8sXm+qppKI0jWq4J8TfziZz6uy6JQZXtISP9YA+eEWNahKMMek9F7Pvt/uHuAVE4XBJiakhrdwHzorCiBg0ki79LcrQE1JbkzjWLxXKxWDXNEv9D7xy4UwPZZM464MgTO0EJhfPEUIVsZFyyECZXOBqup3Yf3rlkmTC3CY0VAQSOigClcMlcZ/qvEDhcBjYVzYnmUjUgGSbMD5J4QYArjc1/VNtrNPbszI9SOwvPN5ApMUIKKHvg9vQSmBfshCXcaMgBSyrRvF5vm+6cnW5qNs0PODBQw053MNXDcCLrRw75F9pbg3rqVKV0rIfkENJwBYoW9/3Dw7Y9Htr9Ue7BSczNQGRBVsOYFnzQBRXg3Ys5TW6coVsnH3NpoSZlIVMQFEpPvBoaWEl7P572Hoq6TjJwOVtgcs+OcWN47J7NTpZNcfI+XPj8+w6wUHr2FWtKwC+Yy2NJAfHkOsmreORaE38Ub083wuxyDjR+yuYnmb1UtYv2FcVB0A91gRoq7XZ9exw4OELv9FQui+eivYoCX5uX6ewYa4+uTCHskW0iELoTx4tTtfA/p7BD6r8jNpAlq8nNi72ZnAIxTWVIYBoTP7mTLncNrD6b8ZxHJHN2tczFev8EZmeI7mwNsHOXFmRMeVrB9jvb+RqVCHbPcx9QhAmvZ3I2EdrR3JKg3k0wF1L+bziRNB8QGSgTZ8RTYDgyST+pBo4uxabEjM5Zi+isGHSboy6c6Th3XdlSkt2oCoXMmOiEBcpxTE02LyhMro8czTvWGHV0MTX/kpVLK3UCGuT2bVY1gCPnMRlu9xRMrDsdDGtz4M48cX0utRlB9pzcg48K96YwGUxbctqTJzMomzeax5Hu/8JCmd2CueTJVdHb9fMbdfJO/uoFKQBnlTl/ikwnF4fju+y+j3MTYA4o3s9isXj+/NnXX3+DiMNms1EFryQeaX59HgsQX9SLq5C2eJwAB3jsoR6VNPM35lIKzY7lcnH77AZV9Xa7u397V76g5hwqK0kxg1mLuk7I5SurzXqF+xnlOm7/69vi9qb5u7//6d3Da3zYxfIz6hbhr1GAkJ3PTiCCGhiDIXeLpXVFAWrGmFcugG6N4bgnw5BEyhHvGgPcZkDGbAC4aaH7wI4dmev+ziO+c3v9GAfA+29osojydZIeV5NtTk6kVm/+Kou5efbAJUFnzGSzuzx9QQyEaTy574gYKTq3IWEcCuK7itrRwGIb+3/b3i9+8+smun/4yRcrymcmBVZK3pCXgBudiDkhuI3NKLQm0RthoAj6IInQJoxlHKjhW+lrsinQXWgPFAIc2Q72sFiGZ4SB+Tf34/7Qj+RhMlGPT9+PzNPoiL0El7dj/E4wG5sKCb6E5Gux8S/8IU0jaSWurgTF4MY1g82FOAIYs6rlcsL9CGoPQXTGT+jFnKTeMd1uL+LDjWI441016Ao4S0AGU9sJfJtm7NKeyHggVf/hHWGYiZywkbbqcX/A3xfLFZr/bEafZ5x8nEOX9cVTWg+uaAYA/R30nqkWANEAd43iYw8PPVctiJcrdkFmvp9eEcxwUI8FyqmzYPrWlPdq9oO8PrG8OrVE1Ybgj4/hcP/w9qtvlquV9CBE6AFG5mRhYwpkSauPKmRYFrWazhsngFUGvigWV6tnn3/68re/371+87BeNXUDC7rtDtGcOD774nO0/n79P/7p4dtX6C6vN7eHw+7t1y+/+vVvqOXhEn3oRY8DWlZQeJMlyWKmW08ZqWm8Lpk/BluahRFifK/0uuS5/edpsvNxjskM/V6bK5f0skvs9MCNpUvaQGj6H5njjFc96vHjfi8taTbhZr2+Au8zI+birULePkHqbNwjE51u4Pz1S2vgUVNHfkIeb2GDnsL2Nckox5SJxLBaSDghem8hDMKenP1umWT4/EVY3lw9+/ILhMd2L19t+8N1VQ5D3KM7S8mxBL+W7DlSOUQAAXvQT0HxichMjWB6VV+t1/v2+og+MDc3RECU3U8hxyolSYBwGyAFFED2u94HSgWU/iW51GNfjMGC8DAf8GTqi+97vuWSs6WOCChblmNAXSjxbdTsF1GaXIrhxTmnHL0glqBlsUCaMAoMq6ACS/2zgbSPhWlipp/yBHF6mmk+AWYGxHz5xmTApFhMUgNp/URL5I767AQtes7lK6wIiN1nTtmkYDfBwJ7NCJyskcEpFKH4TUSVpQM0aFKgZAcKAA91Xct9IGwWiSNtcEoJXLkp/mUaRCATC5Dkmoj5zciWoQxcCRQUUXJWRMCqSWzjNi0BsKENHPGj+yOcBAFbynolxefJfC9K8TY4XUSiRgHcLD8ACNanc4aiGuulW1Kx3ZFbiKM6GQtKN0IvpaF8W59cXhy7IH3iBARwiOBHDTdJzRXTxXFJC5r/ZSjJJMLdQJRt7P48HA+OR5/Q3aqmFp3oDpVe0qgsPObMIvDSfFA3TIwxSR1IqhJsecYLIii6dDb7mK3G5OI/poVkPqJiJtHPWqO6cxUW83NNrzMWmThmJToTU2Vk1NwgN/li8qJ7TDymqz8lMeVdRwaYWmmEjtQk2PPriejKdQIkJZGt1mh6RxLBUWw2VXm1XGFIYGTkeRj2Ms9k2AYmvQ0yuLo+2+54v39YNBjArznbhwBHTgvWJDwwHeBsq0yxiOz53BPdPJV/s5mVc0l6BGixGuRXkorXJLaSOBLvVZ4HtxETEuJqR0N1saxaVFARx8H31I62sCazchMkAQqu3RLLnCnwjMCfIjeAyoL0xcBx2UAiLd0BA6eUrzAlScsToQVKUBnl2I2Fs2ak+iy52M3HKp79nhnScPqJDE47O02GLk1E08q+7jTywasPEUBOmggIH+RX1FU6gVs6+0GGOZVDs2ium4XfH47H/WLRVBhY5SRGcMouecnUiGb8PsXuSl6VnMmbLPVSU8mZh+J/mSACfYa0s9JCZUcGgnkiaeTi9NTqaERt/iRz5E3HQoY1emEa96xE7JOQBI44+BrIT/MeDZwxdFV+82Y1Kh4d9BT8WY6wS048sEKABFpbCs1km+g0WQDGaXzdFtAkrsGlRZSsBNkBprVOPVlIQ6RDHLO1OX2G1wdPiEyK2SsxTiogpqeH7HdZrfYg9jxwipxw7oQYHYJoJywrEXWy2rZUEEma5XkBfcvNcDBnBhwPO/URILM1Bi2btQfLntI81DRA01qfMEawsQOFMCyHL3/e4nT8XGa9gYD+kwMIei5NxXC23aVHhuTxyfTj3igpeS4UnD2oAwv5MjH4StKCVM3I72ZIsSAFG4A4mfdp8+p+4UmKGMJtEcQI/aFvd4EtNqo1sgfTPZEyTjxkvWNkEm1HTIoYZoPj0ichSskX255jr8uIa6LiiTujkcXAiQiiKhVEcmbi68f4pNSSOUA1unVV3VSLm+VmgUEUes3JmirYhOerFBzxkJ7DVOXSQTx4OHo31mW9WTW362azLqnVi9b78aqllHiuudH8pOikDkrvxHMjDUazKl5soySrkzcgz0dikF0jyiSNaH1WTeHQ8OOm1lyONXb7fXdsQz+6bixG18RqDc0GqtXoy74vjh39N5C1WOKCCdSHvbQELa5mRAkeChcKqpZBkxPj8+3Yt24MkxVHueSSRIT3gSullAkOVH9ZcGt3UsXBq1of6fdigLIvymNRdFV5iLBDBcQ1lAhXc8ZJtVwvFpR8jcq7KVAxFcIrkaxpxYWYcoIsG6L3Zz4NBM0qTlYQ/zRb6WDQztMOmG939wiW4n7Y493KMTe8RdlRwllNzWiGonjz6u03v//925cvm+Vyc3Vz8/zZYrEkQuhCkndYRycCeKvIMm/PKRMJH34C6Igx3UX8z3FO07DfHw571PyH/Xa3v99xFn7JpqO1gwtJI4qKoyStYWgpraQucaIbnuj11c1iuUTIDhc+QmUsWgaT6JP2N0HiJr1tNywGfzTjJDMMJysq8LbAMx8pOYYO5WLhxDfZb6L3ifx78HalguWecmMDt6Cg9HWCzLUTjdCjeC1rTLpAEYSYdFOMLvNJoyayRB7PqBYaMz04ylemCgnnUpBVIrV6F3IBnzpIMTKvNllwUgvUHo9dd3RSmhCDmabshUu6jGScFJo6I411+PFLpgUvpbJov9vvHrbHw6FrUcCPHHESi3uqKWL7+XyHiUkf4dLeS8s7PopKnb81fQYmK/d8bzqzUeHiB9yjO0uNzCBlADC7h0tCIP/W48f7rVw1S+bfmkV5XPL83lc5CLnjYL/E3LQQKEYNWseOMSUh4cYEsucbXBgo69FpIt2DIUnKJ9shetJ3R8qLMnMEFVhRlckKku3mFJjwchUwq1WT0ZnLhJIsSyr58ZxY5q3Jl92ubnZKxFSjMfopMzWejFgyru0HnI5HNqTJ7HNnEh7gY0l0OFmoyapKt6FYkW0NXa6CfU1LG6yzmZb+OE481ZAbEKIMnCwrIhqNm3GgjU/ZJo4S4TWPJGgTMU4hIskdBMegn6lhmXr64lGZEZtuOVhU/dIQGbEK3ZtOna1Vp/nIMDXWiJKkH82QcJo7aENzMpJmVNsCsB4PyR6Y1gNPooXUp62f3henTB00/YU/5aMzWeViMtMTSKCXS7fk0uvZLc7eKuav5OshuyEpc4qT7X22dsHc+Tg9D5x/Tj3T6WuXFzKcDO+fR3udWa+sP/ohdt5qtdps1rvd/u7u7ubmBm0s0dyg5sZkMUazpdgcUXAOrD+u+wGOZGvcXF+3bf/61ZuX336LyM7zFxWRpDkVwaNidsC2MrsyGJRHyKasvv32JYYtiVauDjc3Vz/76U+++eZ/7nfb1XIpTRA9Z8R1h2NdLapKCyLlqlSzUpcYxX9O7kIBRUUMCscD06C1LeMmGChSqsEYZxiE3P+TnzQH9OF93/1BxvqPdeQbOPs9f9x46VuTJMpQFZcZkR/1gEnoMI+Z7lS9DUZ/MLbmm3rf9v/x9r6Ov8FN8Tef3T6viYeB+uAUnksoYg8jgw0eHQgq0IpiDfNpvJ82FP/jhAktWh8VtF24MaRnbh/8UB+ibMvXaWQAABAASURBVLcFLsv1Bv1SBDgH93ZEQxb1Y1lwlj7FTELU2i6q35JtDNKQMmawV0ymZA5goZFNc0OJGoQ8o3MlBSKSd1IIYi69NtmsR7uKnjR0gt2x209OxBRE4WthoCvsqGpehhWfukFnAKNCWmmkBF0u5mAO5MY3PD5fsoXwPtFRlphq37ZEhHjYM+C+4rZHCU6aPI2PKrpiijWdvhqzFRuTwSDazTerFXlazh94SfTHFueMqvJDtH7ls9PpI1s+y8ghD2IXYNMz/+hMMoPo70ceGPRGKbrMQbrDbvvt73+H5sxzxDDcEpF0XNWjdiYEKe6kmitE5KxvVPIoBKRIPcgSAITO14vPv0BH69U3X3396980q+X18xtepINwh7z47HOcu9+D371+e9jtcXkNh/6bX/+2Xq2ef0kpKU2xIIaTidpHFzo8lXckzq2W76WAo7Si47X0AynBP78jh2KjLgD3oQdksXknjXXBI6SCv28B2nAk7KapXY8eHG72w/1bjoI4v1gtOR/cnJ9kaD5mQuZJAO+77Y8+3QJScJtVp2BVMMLCSd8ldzSa68slWWVx9fy2wTh9GI67h4fDYVlcYWBv1x73HsEWSkMwKJwuI5XjgEHQQIZ6P/QIsy6a5vb6ZrvHbffWcZ5KEpI44oF9M6kWGqnsWKu8Rf5EJmIeYMCw6jhyeqU1Tp4G301PIGGKmbtriYwhQwaiBvZilP5d6hzyW/aupnskYe4UCuIPBZePmpivciLLdrdhhXR7UXJLk1t0cv9nh2lPHydkTmMIqf+XSGGd1cBSiz/kJ6auhPeLH6R6il+hmFDBd8zpfpQnTcVU0h0bfyHKJ1z+5B531AY4NAQ3Fi73zPSJyU1s6kZexK/gsKJCFyyjLKWMmD5eKAo2c7zMIaAgMW0wzjES3JAMlBEG9pclHsWhdRt/y1AHOBtq7nTNvGrUf5AsBE5ILayXH0hGkX3LJzAl2xVonSDWCtwfkJBBKiClUlPU9xXKiqr2Ra3WmyYNE0o48oWYSQyj4CNKFSbGoRc98znKN2pyNGKPEL4FKPZdK3yzXDlXNKFYNwvukK6xNrxoEBnEN8vhGN6znGqcYVOX15J7mnhJ7liSaOnrJw7IJM2Y4TJtlvynLM6ZsDWgZnYGPp+6WLY1AN7rsvywB68u3S88a0U+etnvtI4oCMpsUvLILOUY0fNkYGvjbOlAK19gu7mu0QABXFr7tm26Y9V1I6M/uG66gfptMrNHTdqJzP7QDwNGDo6rTcVvOKfYvUI5MJuaiV7RZTLuuw/DpReTNJ1Z+GngTjzW9LKjCAAuY2AyB7JNS1+um2azWu3vH45MPUINFkMiB9bRJxHHbrQ3QgOteGfqEnTVMXTaB0Chg3g7jbnhXunSowG6crPA6S9BdiY1kvS4I008P3mgINnmMXkl+XZ71xfdu6xFEsAs7vEkCJ60sZO+k5Sv71Ipng6DS9lM07zLSSXSQG1VHRFZNg8PRzyItz9KZFq9NnjcevkwXECVLAd3hCSfWxu/Z2Bl/DIZ7CzjheuYIVpewoX7jHGqa3NptUvVG030dNiZpzt17lKsYnKoLLVKooYo4dGSgQDCucaJWZZZosuOE58kqTdyof9ohem5iBaCB2cJg2B63nGmMon0RJIhAwPzEc7vdmpOHZPRopppMn1mwnxag3H21PJVdej5TlzCnd1MQ77nSOYJ/wxRMQYhsdBTWMYJKIObXiznzdT9ZYzOGovl/E7edJoFEU+eJG1kfWStXFGzyqV4ow2Izx09swbTVj5/Ov6iZswk7hPn0om9wu7pFX0YeyR2wc0WVnTCW/EvALgs+DHNVFQlr6ImZs+ZHgcmFZx0sHwIhx7tuePQHYa+Raseg5Whi9yxVoWj1Dork5ASRYladice99k+shvRCLRklfA0KfdATAROUahqI8R4skj4IYOaMrxwg9McBtkLIB8gK5f0ceWKpqyoagSDcJq35NJ0O84443RfYnfvx4jYzRFi62NXUMZJdbVc3WyazbpeLhB4irYwie1PS429K5Qvh292lFVMC8aX4sbIGMiUCrSCm0ayIlFOkNlXOuI44cLxKLOGH+n6/nAcjp3rRuiDH+MiFhtf4X+rUJTtCO1Q9EMxhkJJFcVwoCfiGCDFIIljwkv6G91W37dD2w5dx7Kd81KcdkYBZjuMlJQjfpLRIMowkX3B5gIT6PXOD2XRFr7zrveuJQqFNlbkMOBHq6ZcrtfLdb1Y1cvVgsi8IVlJaePrugtCtNH3iP+RYVtVQuPhU3OTJyvbP8Hj3CA81/7JBpZ0BBzA/XbfHtvtw8N+u8V98eKLL65ublbrNZWxaZNxpdi8ZCfnv+i/dguyh6kqkdi1Dt1uuxP2VvJf2i4MjOPKOS0PUpJUzUCXWgH8fVwsq3rZrK7XqzX+Q3yXVY2xjJLr/bSO0LnkyJqRn1ldev4kf+xjTq3WOH1m+jiqy54zJzpextOoCsggy0aprvhUmiaibAHBvOMAwopXsB9ZSD8dx+RA/tIkTnV0aYRlvqTZzahzx7h0XVOrEe0Jz/cj3Sn0YeVevc/oByRbJr1CiTQDPl/bM/SNOIfZJmbVyqYlkFwzZsiPtqQTJ9w8LD73xx1adIfd7rA7tATwDi7Z+y6J2JiZ6Cf7zdSWu+DanNgYMaaQRfpu9o8K8vD0Hc3nHycHZX5v7zsNzM8z++UHOqIsknjqFMuLqpvjO4JH6RlD5gdnDwom550YoNEphAOaTBrHkmCb0O1w5ncYhhjaHlUJQpTdsRXc2CdPL0opsi4n3Siyb4BLuLxL/DnCKWn9dLQLldPeOoWYJskkTjJNbp/3fjI71Q5JGxue4hDlgxxPbYxgxvPH0hbnRmzMDV8xlWQyYDLAYrLmQpzs8hhASETUM8XvjmKo0GxZbI7c08DV4cw9JVwmQRj6LVVOWfkcGx0oY7hky2lqvBmFxFzHatiDoWeJ6jTmmygbqmmRTYrZReG25iWmAoxJmfh+AxOkcUKyfM38AfnDBi373TaBtFmQpPaYsBzhfuKx5Foi3e96LefUX5vWfTJZxUp2bAnSP9KBL1V6p1UXM4s0m9mYPfiJRAF37sfoCnZT0ti0T6N7dPWdylS48GJ+I3b4sw+NYWpxIE/055F08qMfIpJub29RQd69vVstlgtEb+O0AjxYZj1knlGIXr2QOC3ujyNk0o0l54+C7ovFAm+y505Ab9++3WyuASY7OHl0MVNluNWbpry5uYp39117QAu8aupf/vJnd2/b//4/fjNWByJriUSYTdS/wR0PLRrzhSSRgBS/B4qyuGLj6n6x7IexHQd0bO7bI7qCoes7vsMCzTs3uVnZFoHMntAX/qwN9z+RQ41mlWAXjYZUlPmE4QadOpG0GSSh4Q2+gFfgIVn8RLaOiGvZusWd7/7Xbj/+9rdl48rnz288YaLMe0oEaSUHM0TWcoBFKLtD7vmARRYpiu8VBmE/Xr0F/N6yrEKFMMSANjXT84yLorht6uHmmqNb8O3usEVPtvChpMK4qCmeqDQjOTdRb1/51sApb664xzPviLYRGtpUKEzdAQnXKKjZycI5DW6p3c3hIscptBjbxHumRp7MhiLh3qisvaJwqNMB5YIc28PDlh+WGxzEUA5VUVW+LLMJnZjT0t52pkn1LbXvXMpsUO1MWe14KgxL01PgZdATx0+hN1Zw79U0xTGPRvwwR5zMH5ckQ5w7AfyIsVjUq9srsUNjIvlkShTrMOISU4tZwCpxaCR5qCvvLbAG0zDxN94hoSFZEFRvyLFCaRzYdQ+vXgF3J93E59V6KZiWLFcEKIAh2zgybU+cVD3kUagYMwyU3qsW9fPPPhtCd/fty5d/+ApXymqzJiuuKMmw8/Dsi8/Q3Pt9P9x/9bJuluhR7+92X//6N2uMrG/W6JxX3bBcrqiMAGb2wXe3dOMFc+bpX44ffN3/7McPPCC4kRH64S0PfUuZeMy6VCEugB7dFu65fsYtlktx4QAmGfKOO0wWjnpi7/w4fKS8k3RR3PIC9mmrYJZmXqiizK5Iru8EUADHS0uqQ9988vzT9mff/Nt/UPcHlN6DuyvaylfU6QTl8ei5eQKXo3PrEARFUXL43nN/K1gvVy+eP98fDse+r+oqCB0Ec//qMMYoaYsFEPc9KhWEakcWu0x3j9HXcuBm4JXPHGq7TRss/TWHAwBmdfZxKvrVABXAfPb4o0G0g0SP3Myrcie/m3ft2Bka00lcXuAvtZ4w94XiOycuOtWqLsPdpC2EPR0T0AdtoM34QeYegThnWlLF7BDAnnIUOgQN3XjrJRGC9NUJ2tCCGLQjW6EVldhz3oYWWqmaUzNGFAOT80KNlsoST3cgQlfOO2F1XkrZmSYV+ngiGlMPCBk1Vt7BkbqP3LW6lB4KwayK3MIRsDGPuE0qmEmz6qqWr1C/oJ572VQ1hb2z7nWRW0brCSdvkdYBrbe6CasNPtH9dsvNGcY+wgG6umw9JUyW1icoSk0/xRio6UeQs7EHLo624JLMCqeGXik6mQpfSNei0BnAt6z+wtVygY+18I5a0PEzy8YByboBbcegnZXdU2UjPCH17b3fnQ6DanQoQS2sE82VpmxSbW76GEj5Y3TeX3iGmH3efv0I4vHJhwmOdD/JPXXTQ02+WcI9RLzwH6noPP+EZKCU1L7Krcfl8dgeKb+x3x3bIC0sIGBc0CMeTWT2hSZsxdgN/eGwX3CxcDkSZ3J0Q0wkCjK5Z+jKD3GAZimeL4rZAgPzeTyniQlzqLAH4P5qvFuU5bquF0V5IACe60lJoBUm0Jxa62KHB96vQlcFXP3HDc9QQXTS8rMg0VdSLorwTljeoYQ5TQ0E6bND8o6Ly8JI4biCb0/kjJut1dkDugxnf/yIH1qWd7KouLS1kGJxqyjILm43OrkEcVbNKmsDv1hzkTIHOYJ2ZX/ceFfcLX6YKaseGkvg6qE7Qg9l06Q7ys+ZgGunr6pzei6pEsl6Nqrp0cNjj2HbTvvP29e4Qx7ISS+HCGScxVUEvSeXnI5J4fLV2dDiTAgTD1rXKFlU3MXgRLwBJDKNtKA4Py0lBFsCJQtGc6cemY/M3NCbdfpcEweWmwYz6n/22Xh2utmZDZebb/U05v7SVyVAMwr/nQwPU+oFe16ltXLKpWG+uYyNSBYdKJeELtgyn0CUk+CBbYLcVeUMCm8jM6MifywVT751pn3072z5epdaESUGeVm+k3NsNomGH6TDLXfR4WZ/Xr8T0pS4uZ5LykNuWzvssZjymVdsv4iJBvn0Ru5zg+a0dvWjVjNu8Cg2SXm4NBR800KfP7v5MGYDExNqK8OZLaAYp3CydExnGIGC1AOvoeBSVpkmoCsqq12jnVhHaWMY5pbmNIrvj/ZpRPvretHcrJabZqFx4LSneHSj8lSTjhgHStw74H/OHUs/1L7Ar91eNVfraln7qozaD4iuRTFmlpoCSMni0UJk6X3H3V+XAAAQAElEQVSU6r9ZuVszTKpO5PiN0xheScagrm7izYwMvsXh2B23h25/wJCr5//qWKxjtXF+cRzLrvfHoeiGyoUquIp0JWHjaAeUXEVE7CsweqaE8dQ5jjpYUYl7d2RjcgDNbBFubAW1rfpKV5DnzmISMNN8PkrO88RxUpZ7gGMFx8I9jMf92FI+Z0nYdlEViyVqa0TuCu5lRPQw1OUqyRwT2qJw2XfAgR+YZMJT1kIiPo+T43miFP4cD5gBnsnqIHCy63rJucTf27Z9uLu/e/0aZ2t1dfXis89unt06Jq4oijJ93ZmAOmswIeG8KL4EcH4KbyxqdoOyBOf/sDvsHw7b+we8EEYVyIMbZd0W0jdBGszKTaukEe+HmkDhnJY418v1enW1XF/jJmmkswbZS6adxIVUpQ0pHxKMgsxuVsoh5qN0MlbyvIQAs4VDHcyPlI2RfD2vvEWabyHKlx0n5o9ngFZtZse5oCBNZDlbo/RSFYmjC2CsmzGlwsSpv4y8FkSVW4NejgpzSj0PPTOAUnsbaRxLXxvtwyF/RkhYdnY4SjehDKy2xT3RdW2L981tTEr9VlJScvt0sYK9YOsPxKg492aitCI82fFwYIKTPTXUyJDfDBbxqZXhmbK74KZlf04/9ZezDXr2lRjjEz3R/Gv5P0/5csjU3Yd4sh98XPZ/8z8nM82Oyz6tqLLpfJnn6Mymp5wFYC3kicgnSK8cKnvdU8ZJd9gPXT90jI1xa4W64r5RbrLVwAwe/sNzYYyZVwUXFzHGIjCLcAGlZjqMhDu5AWelQQCTpI6ynS/ZUd9nUi6iB+mtjzXdMcZLp4IpIqTlefqi4XL2lpo9RElASliYI0O0qrnIzKWjmD2caMKdwrpW8DRxEUiSEOU/sf4zY1rJnT/LQhpCl9JnE6ZBtrnTWwSzCNPd64ckHhdPFp/YUJrTofJPLVJpTh4Q3IrS3JSTRfuemU60X7lZ4ckP0AC9iU2nhtAYBE+0vEbNNgZiuZbBFLIWTtRh6WuimOHEaEnG4iOA1p9osZi47kbS5ab0r6njWr77spGJ8dzPg7O/4lSwZy8m+8RdXnpJ58G0eOBdnvV3W8B/STp5z6HWEk//kuuGJdmWqiRZUU9QlJvggOSlcE1ggKk/iHuaEvpu9yg/iRI8xsWiub4h+vf7+/u7t2+ur66p9UPtk9/rTInLt4D501arxTD2u12L9ja6cre3V//wD397d7f/+uv7zbqWzHoGUX17QDdgWG7WVb1wAvUzjIm2UB38ypfXTdOO61hwS59DbFE6db0UybAwUhB3algr+Ike/kkP/DE5qf5zH1qH+06pIPLxPSMPKgFTiZRAr8H86pjM75gRddFrGCOP7sgVVITAtu1nr19fN4tqtS40dYAKoDAsBERETxG/SGyM4MaYyt2SZe8m21G7+HgV6PwTQxquGEqKyncSHWGVswL/oqmLm2u8g2IYv9n1d213DCW6v5F5FfkBCbpEXwF/LUMoq4acSbWlEoThLDrrFPgYRn10xkEJdkeDe7HAV4jAnu17Rz1fG8lql/41zjL/ZYiM2F19BQVH0ec+HB07aXiV8nhsNst6uawXSzGeHrOw4cL85nazYn8yqhQ0jQ2V4LOPJPdPSScm9+J82H/4w8wMu3P+E4SQRtyparXkR6CBHanme0zgQ9RsHFmotlIt2c8zMMuNvEPG255vEXj3rcG0svkmPTPLkiUWtm/uGPeAW7S6ysIFKfvyllPLhTccXis4bzZ5ci5b0ul5BZ2q14tPf/Jlezi8/u3v8aVf/vVfIzLC00Z7BaN815+8GDnL7/6blxT2Wy7e/OHrb188v3nxAmX1cbfHgMVivXJxnunygcLzA1dAvnn/cvxwB8xZMRwx+BMtbbNYEP3hMBaUC6EoAPGgHg4Pshgi550U/sQdyk9NPzXp4dGLOpcvtOkM33Pq868n9Eo6GXcsYL0GM8wEAzDmRZi+RtEPPyJK5qFcLW8+/2z75m049sdjVwT39tgWUHq0lJiQk5NOqPczpZwg8IroKCqvYUCAklJ76/pmc338pPvdV1+hJJFgFlDfWCoz56gfKYOCs1Co8wgLKoblCZ/vEbWMY0dtqftacCdDvCWX/iTQ++7ByaQR1UoGN8ltNwlQGxh1HmL+AUiDHC/MLSeCaFRV9IasrfzG4Mk2Lcyvk8SpyGIR3uN0a6YWswXAsVVhQuYsExauQnAs7qCx1Thu/D4Kvu6YKUSjfyT+zXPGqOcU45AJkOdTLU+OMjW1GSn7iNP2PQpetBxYA6NR7GchsPxBzQXmAewpCkx/EQAizTKsLMD2VpxP6DQH0/ByVqs2ROfU1Y7MFXTjKmWRza5vsSlnRgXdUUFJOP5qsQLmRbjfbgkSJVtJUondarGsirKwqZK6Ue5p6CmmHZS0xzP3AhOvW3CFcCSGjxmn6AfSsO0YoO1tivFrVOPqFlCzASOaUZHoMVpqrIdEhahP4h5TPQb0gzvRnpcOw6ze4z7Qw2rnCkhR1Ytfya8YsxCpfTg6G/npOaY7z3/5Y2pGOB/MJAQm0zp9Wgmc9IMinmKO2Nr8SN1Q6SuHBvVqRXXY6P8x4/YxdAMFaHs3Fh6lKArWEjR0hFtjGLa73ZpKjAv8GG6tmJhOLHwOSbBntqv7oY5JRukUnyhWJmygVEJqOu5Ac0HI30Wksyko8R2fZd1Ux+CI8HPoca/iohdAKtESiOhigcb8THId3JcFaYs+UPitHKDzaO7hxtUOOyCiWO+HITWGW3USZDVy4gmepLA2GlH9l0dApvSRk1H4GEMZJwmvsihGrUeU0KZl2ClDcYzZ3rcKPbNZZxOB0RJcnVQuwLKaExxcMqrnD2iqhv75kGZVYKqhbuq4jW3XLgI6sEZo/GglaNI5s31nGKf6KXEG1cdce+e6NZ2HFf2E3QpI6rhdqyCfyfnWXJeLtxZnNkK0nNT05rzLqni+GozO7m2u/mD2Z3JrPEB2oRyAOrmZy8ckLTOpEzNr8KRM8MKz6vfj2WnjDK+4fPFps8lhNBcjaMZJeh6vlSOcIhsziyvtsmk+JLDJ1NxppCfraAIezJp3E1IPWYMD3Vjv2635xMQ0feBsAFn0FO/2fyd1KKMv8UyptyskXUXb2IDP1nv2vUwURNGx4GEiiNCxs9uaPuySlcYrDNGVcaBAZxg7tKXd2Dr8OXSBMhSiN9/e6wWcT0OXNkMS77nL41xGX+6mEdNpN/uUszFmG0TJ0Dnz0sb3bNjctIWn83KmBVHG1cHdrppPVlfPN1drxMeKEpzl22hvIK5dcSRUwugQeTr2RHNyANdWRViU5dWq2izLBfVijtNydUo17yRa7WGCHVSTSgwefwiRgpNePIjGccdDUjGBGtcUwiSi/zEzBCVn++5wPG73w6GN/YjAhB9j44qNr9cRFl2sur48DkXbUyYKOl/UOITSSvCECKBXhRQQod2O6BuO6iBSLIzt0B8xDk1Z+pAMKtZ1tMiAa86kXWghLhdwiom03xTcM5DVWg6+PPpiV0BbuGMRdu0B14kjiDFykRiRd1N3VTSiqd1b4r5xuZBKC4BzHAlxqvigoSuMbhBOvGb3n+mQzSsZCdQ0pyz3+/3rl6/evHwp6Saf//Snm+urlHAgH87An5ifS/49IfqanCBKoo/MEzfsH3ZvX99t7x4Ou/3QDswW6pTLlRMlQ+qYwFKJxSO/XRZVU1G/pNUSp3ixWuB/DQMd6m9qqXokFE+9j1xOqj4ULZo5aJMQe+zQLjNtp1UxwpuYGtN4yfAyThGzZnFpxWAGLq9gYSTiJF1fcACeiyQk3cSdbORpFIPq2JjnmgQrbSQ/THlK6DYYSPF2Nm4alRQQv2hMJ4ndRCwWKnqgdJMWn5SrDOj85J7S/1UzTfQ/0t5EUk6slY8YC9w/pTsQew2lrbTHFoEpPLnGaKk5rE+RACMPc3A5Wv/eLTdfh/Ce0Mjpun3cUJjWg6l6Uy5/VlIgf8DJJ4xP+Wb+qOohZvqT/wm4hCn2fxxQwVCm0hHDMMd2tz3udlFqRymbIZaUqFCO2tcpqC5zYvY4mFYPgW68Gzl7zOsiwyWoVM9FqYtQ+E7IEvDmgnBmGfjc9s4sqplBFcbgPsYx36f6ivtIR3wsg8DFXHYlP8xFSy1QX4unjxpJU0hDki34X+qdhzu9aykBVFQcvcH1SiifgXY97WsiklquUdhSPhxnnhEkqkknJdM0caV49C53a9hCSyyYKpkhyVgdeUpzN/E+rUfdaPr0ElOW36JkBuPtBdVZgfNkwmBMLdF2aG4qWQK0zX5US59/Ok3g0/5BItvpHFouHzkUJAOnaSQs0lkSR0s9QW8eJEeSLTPOVM49MZkgP5/Cs8mehnByLWQsbILfeZy7afN3TQzM5cH3EmVJQv6pJ51ENytyyp3VP74sx4XSlNXN1dXDw/btm7fX11cYznEczEh0CCIbdapoaY0hc6jcRzzMf05Lge3goqpK7gS0efXy9Tdff9N3/SfKN5U26Oig1PQ+CdOGEaX8erVGLUBNdqKvfXX7bPXXf/2T+7t/Goe3RXGDoV5tuU7tP4aw291y0gnvXbLy0QNAKHlZVRhT6ZYj99okr+DhsD9iXLTrxGMqo9Bd6q3LfZ9qZstAvDgFH3kY/xMdJ9bw0/WZOAgnJ7v0OT/BSOnzxnfnNMzixa83gi6ODGHMrlkOxfjQjeih/vM3314jdIeu7nK5JBS6lwJlKhakUJ1jp64QGDZ/FmVUc1JISt0P1KQQ5l66HrUvadCy6Ql15dJAikt5vj1i9rvZVDFQsfB2+wbR8AI4vOjELCZXHvXf2PVEZogfKotEvy+qiG1dvSPcSMxWwsxdqKpjYSZOhUEgJ3g6JVr2zA5aNw1UlRO+k6Z2FDTivMtgS1pOrzzaBEThvgE4cuOfvjhW3E6Puj7XS9LrMQ+iiByQ2UlbR5WYzd7k6xFfN2txeio0DkJTRb4Knh79CBYYpa0NmJ3l4xyg4MtcmBtEalRvLi0tw56oNw4Fu0r0em/olb6lohMalkLMUe/mwVPulcAzyz5fImcUoyOLygIn4fLoxJxS8+TOJxNcgi8E0VBukvCdvEbTql406+sratQahd5NrOaRn6aQs3uzDDycPONkZtHtBJzr5vr58/7Y3X/z8qu6/vSLz5vVMsgkg1/ebNCgG/Zdu8P/d353HGH49j9+ffPs+ec//5mvK5TnuAUrXDCFNIAF6XeI0XBFv94lTmUDvisd7elCJqb6Cxs+93/5I4aP48ykA7LQjr1EbXqbBkGQlnCBEAgVAuoBRoSox+ODeyu1igsSxuVso5/MEZxmALhHFsB8A0J8AkzzxEPOJiAOeTJcS2TYlkpmMD2VvgLSJcRz7RQs8bn77nj92af96/uhezgE0hZwbCncviK4l9vLEJ98wW4w7m1f1APqFoRCOFheF9Wzm9s3b++2h71C28lnEhjdAVX0Uy9q0jxdkkRCkwAAEABJREFU8GCFcojK9gNC5P2hbWvyzzQPyMj2J1dKwfkszBZjPEdbJMkiRdJMSyYcbv5102GQGQxcOeIMgUuTJTWFyUfXYID4ZsHcFq2EPptcu0nIBCYPlAGRJ7KVyxPFEJk6zjKFFRNkU8IQFYPKJRPDSwAtQpdu4AwjMjmA5JRILZtp8ISXcb9Z9EAHYThOOg4kVhQFDKUCT66QqcdRwTvUNICRJvw/hQSkCNTHzEhJY0vWBw8ZPtQovisvDWruR1qKWcHZ/1a2UeCMFi6a5CdUr8HehWkMufE2/tJBK3wnpBCbqkhQHy95yb/J54XBeBouRNfXy7Wo/4fdDu0TBA+2iCmgVeDdplmhmyNRDiYzjEzNEolgjdt8+CDeR+SSWKN64QlAsKGpKjZkPJNfj/i8vnNbd3Rs2nBbX4xFNIihcj8gbw83D9TwwHCyCydsulOxkw1IInt7NJYc54kp54Iof8WbiSsH59oo6AyXgmf5SfIiyATgAmfI6URkTrxgBD+KGkxWrAmBnH/NPqCpP6BM/JwnRQgUL8eoq0y6mwEnHymChR9HC9ytl20YMcDT9h0FCnoEqPDbHYaWylgV1GWJqPQ5Ey8e2+N2t8NvFXUzWMfL08qmbAu8NxXvOw2FO5FE4LIZcvnbkP3jWdbggh8154PFd4hN4VdVua7LTdPsh0BP37YjInJFHZje5fyQJBItWvWUyOKZ7AWlWIvKg1pW4Z7j9ifmZuW3b2Y0k3PxHPAtC15WOm9J1wDweLOd3Fc4gdZPFFD6wlNWbm7cgtELojglKLKqMMTAfJC8O2CCe6KOZ2pAIiQcGnoUdgFHqaCAIcP9tuMOOxvnsjYnKhnSDX/fBTNBZlQYTHeOi9prTyRIAOAUh1YlHjNnbPLXzuYg4z/QtIWQUES7AYWKZ3clXpKbsilU/OfTZ5rJ2S2a8+Os44HefnSpyoOVpBAPsEvFJROA8YCoGSeyWtNjhPzkZoxFzy5VVLBY2s1QQhQoW5k6Be5sP5srxFG6CQTQK6YPJ5ksyK3kyL5rWdrT8ZqSYkhZ7XEOgITk9M+ldRSg2M1G18IX1tojispI9ywmuQgNduqcCDM+Jd33SCcV5rS0rcQPBLGyIvdRYFZCmPIndE8DpHKLJLDeecgykrCLfN2Z5aptaHRqSfRHIT4pdLjz5+biDRcH4CrZgrsNlhTQdCUPXLqRtPSU1sWGI3krdhvOkEGl1dEU+ST5o1qbaL91A/rE3REVC4QDhrHC0I4ETI60aEv6XiHrjbuu8LrQDpRCHRINgFC1PNMCHnK5oYQuLlpzZ44rqFkcBa6RlRwNgdE1Jj8TLmNFRql8PCpk5qjF4RqK67q+XizXGCrnYBrdMLv50VaCpa6RhY9j30W3d/FYuB7BoXVdb5b1ekG9zr1kM7I+1iZZMsRCzkVjwYnUbCuzRGNeFQnIWaiP807YmeLFSF+l7HuWREyRwp2hEXY4Iviw38OA9jmUwVXRr4vqypeLfqy6oWoDxg8LdHuiq6NwnAQKS5WuojIIUnO8JMj8dJx6QiXU/XHo2shswdTqVPeP9NAB9glKJc72RdAcFK+ZKAUbjlAEX/W+oIwTX+wL33q3i4hED7EK1OqyclXjmyUa+B4Ru8USzd6K4aPRNq+K5dTXO2VJYpStqql5vVBE+HnKd3TfoSXHH+d4DKiZ0LCzY/ZE5nhKJBJlOEZA3r5+jahCUVZXt7e3z5+v1iv5nvynYlZ3t4jXVI6rHwshty585hfiPOES2D+8vb9/e3/cHcZegn+Os9qSgsiE5VSVTWlIDaeYrK42y1XTrOp6UVH3c/a27YkCJzMknionHt9cgKZd7LLbVnmV20LybWk8J91rMPLStQdZLdL5XXiGJD9Jsj3C1L+So7xcmWBuvlChCLuJtrISeZgvNhvP2fwFLdyYwM7EdAICm3D1YyHk3Pwzmjkgutur8JRiab2cqlq5UQpCt8LnzU9RcLsfDe6zJhQ6OleUFH5Gc0+yCyVrhe6Z74izc7rDbr/f7fCE+B8ldY1ROwDattfnDaLrgyDDE3zMAYczzZ9sLZcv48kcdalGcRpJOEO3ohVpphVgv59AZektny+fk8X0+CGbRbuuxCfDqh/hmPaNc+fXVY0TZnHwaK+n/efE+AbTmM50fTTNSP91h/awfThstwi+4A6hrCzqeMJ5V9ZmmAAZxm+KiraOatkkGxJ1GXBJMNOaoCgnghP+TxE13SNqn4uoiC554WoyOedgzkcq9BFz0Tf7Ez5Isk/79CxI92EnVOc0dQlkXGV6XWUVxGiJ6mR8yP6BWYVtEONT2gVEJmfqqZB14KY5/cB0aCP3lKM4CwhJvHZLo0ASSpLlslmuNvVig/gqidlC9jmXYUsOK7GkyOgpBaCuEgnyOLsdSKatnzneJHZ62xTBGUGJLq8Qk/vl7OnNVBvl2SlVhB9Hbbb5AU4KR0C3MZgzrksNnfBSOzLqPQaG17y4BGbrGfGyXp1/EA2MJKJoPoreGQ3vKAk9Tp0xzprh/0kOOD9NyIB8fUSY/phed8ltzz4BABcAJlkmAfIUfDVI3TSMYH9m6xMekWHvWsBGkBnTn382TCd/TCF88RBIEWXaZrPBfUh8J/t9wcnhlMLhXFajGmOGQ6fmeQBnWvAx7fKEpz0TVZwTSuFssguvNle7h+1ht0OZvFmvl4slynGuBLL2gVFRPd65BW4MtKIXzWK3Pzjc3qFF6+FnP//kzZtP/vVffsV2zgJ3sKd8d3QufHdsUWMgksa09tqNDwX/oqzw/AP53RQkGONAJskx9LjJul4CGVXdaFjIXK+o+gvcBC7HE1l/8rDuL8cTDh5n4dWUqT7Fds5+ScdpNDQTbaoXMm9BcYOQU4eqxJJqRkonCUQRHfYx/GZ7t/7qm7pomqomWT+GBTFDOG4r7SyRlSWmuOlcai1KQdsoRB/MHmRxFsSwYMGPkLZf1DVVVhK5NRmwlaMtisHEcrmsuAoeF2S/36MS4kBIcByD50t6jgQPPaVJOYlT8e2oEphUltCsAGeyS85jIC5HIcdH65sy0lrupMM2ukgAr6niztUVCYfYz6znNJ6GeKAbMjiG64e+qAopWOFM8cYZHmEmoOkIuz0923S/OjtRebn1g3i2GoeLme7Iuug669ZJXkLMC3M+5r6bn2ra6XmVsOCpMDOLhbLZU/cZF6+pAWTft4ejkJdLogZX5yQFGkDLc1OFnXp5kQHNqMShj7jlZ3oWTooemD+aUqELwDHcvn5zt9kghFOvl04yYMCleg7Cyyj9hXCRpA5i5snEdIf0X5CNdX37rCzKb37z61d/+Lpumk8wYlcV/GlmZa+r288/7Q/d1//xG7Tmi6bevXr41T/+c+WrF19+Fqvy9etvn33yGX6xJHVfqJk7c6T1V3f5CPlofFd3KDey8+8+ZSX92Dr/Bzvy9fNDnD73B4EyLRarJaIEeLmBfTzKiKrIpSNfout29w9C4AqNP28Sn931hdvO4ZcYZ2ZqnGdIfLh/NT8M+6BwCIZ/aCvzoxluLCstZPRpuq2YappglRLxqJvbcd8dBodYB0btMTpIaqjv67Es6orgIVRXI6dZBnqEgRIYHLM5cHok+Kaun93e4njuj0d0dIMTJUXDhuITRQGCLZH3KKKkFdXxFXQNIHhpIGqk0I1jhx/DGGxyi92Eg1sHr2w0k6cP2uqCKp5Vrkjw6XFqfRs7Z1hdMrBSlomXdsSqeiZfR8RFcnPApZNcjv6eAT2TzAQLJHA83p1sceHidwDBGspKZf/IZxG2FflpfgtnUbAZMBLNAP1JkxyD9OJBl06APbFCxEwphM6Xe7xyxishyIJ4cuLQREnIkhsx/Er0O9XgUN4JYXp+JBRRq/AjJNUiI6aWlgKjMq+UZTLQ/WC8ZKSWGa6U0nSpgVBPnFOjQuYv8OCDjp1JUSpNs+wrfIwO7Rw0e0oqheNPebAgmdpqYDPpNC6LNtJ6sZSnvN8R30mPT9V3BWLIXJDmnYbQpBoP2BoAriJmZiGGQHlCIqgnLXQEiDcgdE/f6hFAdDhcVMtLe+wgEUSqecHT1qispSSuAE1ONj/fiZvK7XdAWo7MFtgJBhQfEafwSLpbfBx/12+lDSLFmhESC1T+3enzl17kxan1hUyfVLjM946Pb58f/sgMeJEAKr1nkJwDC47y7eoMTwYAuAl6lIQ72UGcIITOYAFXy8X1ekOeIq4uil/hCmNAK/QYgaqEsId7X6FI3O13a/Q/qzqwmHWTHIpzAzCaKBTzf3qoj6Fb0gBBTBfSV/SIxlnBi5UhNNBmW14kD0Bd+GVVrCj7pNh3HRXko9ptxoJCcvnJMsibrXJOE+MQH2vVkZuyobvNPTzI5AsupJwSkRBmV4GdV6HUyORagTJXJAKQP19MP+yz83fjBVziO43vmQqwK+oCU9fKSQxD8LsL95H9DvbCpCDpQM8FxQr1OwgjCkAZCRsVNy3ux+/t6c/kxC5CR7KsKNcPdXc1M2STMQ+nwA5kFpk7v580tNG+dmH8p19AcwYSQmLnnve70XVinc4tDsCIcQSlLZm+zKmYcqcSBlAvxKJc8nDRLAQwHiynxAJJcuvi1Dt1cmMc6o5QeEuaSJd17jExeNH4dGdP6OYPLdIBZlFJJsKRnkGSlyXIb5CGKcG5d2kEuUvxxSaBoMw3at5IZign6BR22zPKK5d2qqpmLi6R8ZdutzpVzFUH0yOINDYL0fJE8pFxLlkfcMLJNK0uBbEzRwxOhprhCW8XFSls9wGSpKGCg3UbJ9wGMXsdJ524iqrZEEnRV1Sb6O0lmSOSSlppaKjQJxsls3xcKuFLjyeloexEd9K+Io4t/jf27cg4i9wvFz1rDxZu9cMJKO5kr7pJcE7DlcYwcuE1/xtsmANXsjLDfFCyk8la1r2vE+liNBssSFnebNi53I9zaAKOIxquCyivmvqqbNYIqkp/omyjTffG8RB8B3GrLsTOuSO4A16pqZqrdXO1KZhSl1GvtFVVNVhXAtJUIVkm1KdDuAdmFk4M0hLOnCmKIkn6qVqqhDJjxLnvj1sMGrexG0rK8ijq6BH4uPLFanQFvtiiS+XKITIFDhGcMcEJp45Qfggbh+xmEQIIA3eWHoTjBH2EIs+3Zn4GXTeCY8tDUQJKQVVu7HpxPgra2Yg/l72vEMzaOdiB2xeIxuFqGRANpBB+4aqmbJaLaoFxsrJe4ghW3Ow6nLi3XNQQVLhzYIm7uwrthE8AodGQuQ836uKF736otnrndeb26mVlbW/J2qCtxkIBp/1wOD589c3D27f47vWzZ5urq9VmzUVW9K2Z55KWU5TmDtFNa1JTWEYuy6WUBfHmyKOh5qfH3XF3v7179QajGLjhpPlT5r/KmdVrYhIeccIizeaiubq93lyvV5slMdlUVA84clw2ctq0mrgMHfOtupT3OakxGYQwWwxxBmLIbej94J1T2kTXMQlAkKR5uEEAABAASURBVK5/YBwhICtVZezE7xITexjvR+nLzWPO9ACeGrJLIyfQsKiqr4uzmQ14lLKLlAcv81IyU2Y6nDmFqol4KLySoOhtp7JSCZ1SPg1znPQMJeFnuASisGm3ehAhnihL6oFI9N40U0WhiI3UCglRCmWcbHftsZVuREl9uajjJX1cYcbu985NEeMkjKfxgcxzcXGS0/H8q/NRjfHSIMPpNV1+FbVMslk++eXin9Pj/QC7/vLlJgvH7vD8a6AbeKaKp41gZqWLGrqYfHjWmGPATdEdDkRqctjTL23L+kUtH5iUcyrPMAEiPUftnjgJS9JJpLCFmkyVNcHtnOjAuSaF2ZggBHLZRNLtB9liaqZzXtO5q3Py16yR5HeZmafMY7zE1ZovQrjoeU2oWj6DUaaD3XDuVTyVwQRLAJKzBfZWaYJ8soepw1WHxhT+ZMqZwRqZRTNwQlRKXDq8+rwsO/HbfcutxI4qN8RgdupIR3u0qW+M2KUcnomTswDJN5we1TFxtI6GvCKCOe2VZF6qd6mWWxIFQj8yTiUBeS2XWLnR0h6j1ZObMw0aKbK6NS1udrlq4AGxxJS0hPRBuCUCS2PhRxEWmdG6gFMCSpSfDOixNREkETFazpByUCVL06nuiXaf9EQeBKwDW+SWDGeP4rQdua48czNcXssyX+vJ30yy/R2HfySlId9Af1btdd73wD/INWUVsvUg6xe15mpFDQsQTRqJcb1W8x0sq06nR+WIJJ3krIbpuCySvqu+gUmxARXiYNix2azH58+fv3r1Zr/bvX79GoMsV2U1cwINRBD8R16u66YjMKUrKLvGf/rp5r/+t7+6f3j1h9++XC2uqnIVqZkIxlJo/+23D4v1pmkWLDIi2kdozaHZvqyrkUIsjvLiluuBt9ZDGyhnjpyKjtZfWUqiorPqW+em4If8cXG6zZyd/fmXQw44VZbqtOufInBmdL5JQp6SGVxagzFdg39MtU3OSU2MgylZYgpsm5pj3LPwfVHdFeW/vL2jotiy+Kub6+doVZN6jCDEmugwlgVZOFyiwUUlmi0uoBUHQCjwM+ptSrRD1RhduoC6wbhH3B9p+/HTUHtzaoteOljVfdx0se9Q56KCpK7AfIuRCUBAFTAaxngjZBv5wp1BEmKIAdfRSHREKqN7dtIi2+t4x7ihHHMtkhxAV5ra2WhxO0V2BNpzpIcMUHXOLAn1rwTrYPbCw91WXASark2omgWrVcjnaw7JOjtpvir4rHH2RAX7NsHcCUFqqqoRlTktou+93SBTd49tXsXIglGsJZPCgjS82Kj8GpGC9bNrSePoDseRgSCTctkit9bU2sqUQ55MEh1LV4FFcC/eh/7qHn8cvj9tSxsw0Na9+cPX+OeLLz9vVquRr0KNkJ2FBDh4yZVYqcJgwrlmFqSYKy5WTb1xV8Pnn70lLtPXy816cbUOICEOArRW11ef/vxLnLhvfv27ESGgYRy64ebm2fWzG4x7dF37cPf29sULSiG3MpGYWjvN4ikzB9upQZwNA1eauOwL50rt4vFhTtR/TvEe4w/kUubHyaygzNlcX+NV99stCjYUhwI6yDZBH2P/8FASbATUCMxb0G8+uSe3nQuQM1dZ1fS7vKYPfi6Yapo8F0xHzsO3dyn7TEEl5xK4rARKhJWPCOE0q3W32YzHvr9q+wG6cMQPlW1bFo5aPaOELkvEvpy2QQVh1kIgkzqdEVUMVfV9+uw5kbh9/VUYEOEkDUitKLR/lpZoiISuSk8OHAy88zjvpHBdHI9hKPG0pdfutJKmYwadE2csadgQ0piqu5z8fUksTWHHzCFKsW3Bq1II93Rg+QNjUtz803PCB7B8y2gg5QrRK9LgptHWd2P+E+xwySzmrwSlK3czD9MSoePkQ9P3GD1QV89pBZRiBkE9Lh0WslB50PmeKZIGzAEeoxZMSR9rNswJOsM7bFwt3OJ5AW4avYL1uIBUI/ONEhFaTzdaETqnLYedmQXpcaJYVlH7rDnOjEEoHSTp01OpJuumINCek+ZBUQctg3VEYmhXWzmIzpQNlTa2qLSBuAULYVUsQPBvsE7R8YIuC47YDRdLWY2742Egf2bcoUXEK2VTL/EGA9+gTJ7nrSUuK3NlRa7iEzoC6u5gnbYpQuEKWAK0eA8DQpPowwdE/I9tV3CKD4YICFuqoZZQBxfFKQo9WkMKAwA9zLD42ezYKIVHKKNO0Jx8ic7F1/xLis6oi+4E4bDak3Mn7vxUcuuy7AU58Ccpd9H9KP4sH7qobEu6pPohixaANtYhMBqkfRWXaMpXgtOOJvZdRgcpHjYK4If+IMZxrler/WF/pALGbhwYDJM6ZjSbyRbXnYKn6bgnfD8Shx8jF6FQdiWVd24Wnha30SRheuV7D2k6GwiN0QT8eZfDgnw3LAC1UyL+XkbfMbEixk/QrEQnpkaQnQI2IaKcIR1hLFw6wOps0PLyKbdMnXIyUzm4ODgq8xhZTODnApP8MvQadTL0jiBKQjNbxy6KohkpX8rao5k0saedUE574eTf+XG2j55k+CVFEHMUlc8k+X+zjL1LR6KAkKhcXjtF4ZiiGLlyDCNL3laUWtQh5srIfT9ThIOvZF1QhIz29Ti/ySylLEfkMyX5mAWVvqVLHTLGFoNGZYgmeMQgVfsikzmwZxSTaS+nTbiKqkvhKmEAmelAQQB6zcZwCSWOagNajXtQqRhzAFn0cXISs4Vknqb5CBJoz+4rw3/AzcDKp8+RIabZdRV0AM2fsFWufn1aifxx6Vh14YgJXzWzlgSCYb1iUnlIaQH8w/vUKyYmHHg2UE4SXHjlmH7jaVDWcAt46+dZ6zqXlbZbzomeFSYuqDCPHnE+6zQmZ6Nm35ffsl498rqXtAcHSqwi4ne6At81AeUDbzmuZqASRuB8bc4okGxRXZ9GHRGmumK5ptLip4cSvWOLfDJ/pfJIruuIcK4ni58sMeqwM3KA16VoMqgDoKnzatLGLPvZGlDY9Mx/MVkF0kCI74XLUmnHDDxfsnWiCCdbUfKwEj+WTjga9QoxZCd3vPjJJaEciuDQCtqU9aqg/5ZFXUrkjak7lCvVVqKAGF0fD/24x/A/xBZRsaas1utms2EG3EoeJXMAvGKstgqlyxvpHObAL7OOjU5W5ygPG7noiDATxNMQhQDPJMSRT4ECFy1GDBV3gw+cahz9EvzCwQK9yD5AO8ChK4dYjDRxeIGSasYilaNX0nY4gLC8oI1NNzsyNNL3xHHRSQsbWe988575+QuWc8YPCBxlodbcnmA6KnQkNHssHCIsPVRtWR2L8hDDnjq9O1wqA4JziDzW1OKPk07KmlNPmkUjGSfOTYtEdqjw5Ueji+DUFyZvKNmDVvmsGsp9L7PuVA3GHwAoyM8Zs64r8AiZ38jRR4QH8ZX9FlH/7WG/Ry94sULvYXF9e7tcrQwnnMzIk6sQwBmlwSzKDPVLQFg0nK8q9L8qqndrqSXN8XA47A77h91xh4HqjufEPMSkVaMKMD0NzQvOCOBUrq+vVuvVcr1ermpKzi9EKw4AE72fRC0zbRXcbOhP5jDaDZj6nRS96GE3MHHD8XjUzAkeVs+FPD71tJrKkqc0Du6/oB12pJ+78EyXVcXdA6dkDhP7Mcmxk0OnIGupI1mMYG1umDRFM8w0Gw+020jSCI65zXJHwHHfH9qVTHUwalMJ/hifipNXvNqz4svRqzit5XQ5O2Gkwqexo+Qcnuj9oT0cOQsh2CKcnHDJ3IPJGzSpdu6xnS1yMaOndRgV85z7aM7NrLUMu8gX8LkKjZMSdRfe0ytm78Lpu9nl/jSPOPN2TaHo5lFYRpEiNn7ZvKScIZKKbB5QSuJut7+/b/f7jnow9clh1OmR6L3Xhccrp8wMX12SAugRrFBqJhYIIMGvUEiFCIyd1qh6iMlmhpgls5pcklZoyUo+wf6T/zcfi9kH9Kvw3gGM7/M+4HFWm/T1i4eqmihhK5j5kkGBNSCtG6fPk0EzctO8yFEnzn0YiIdXvjUQO9Oxx80ovgV5ZubjSCYD39f8Hhyeod0TfISYlFOgyOn0STqx+AagliXnQ3hdNU476chIyL/8Na9pIXol5bZU+C/9Atkr2b2Bop6grnR0KXtDLxFnhrTemxZ7QCo1n8BSTVZMjZbkugl0kqwU0MYIppjokaR7LJ6yompG/mha1DJ82rsHxL7QejgqBiXdQJQzGJIb9HXWozxXtNGIV2VKK5TnxBA8Mf9IhAuFMNOSyUCr+QzShIK2m5I8hyzPFqYUL5fBoZKsP03II7WNzrkLXu3JB/6skk74iJkJ8Mc8pHWYjOByucRp3xHXyb64LkWnu0xPqe6UyR6pNHK05nbphEmivFd4XTzU+Z8x5PB25Yg7+BUbNOHrr75+/frNiiywha9q3gOgbMrqShf8XKSS67pexeXd/f3xsGMqgP7mpv6H//ZX24d/7vd77mDJfAKcWI47YvewxdMsFmVancAcm+u61ogpyq7FKB0vthgM7UnItehlNbGonZZlJhda1rQZ3k8ZlviRiqf/sx48OOJPyr4pVJeoDvpYo5eMQp1D4JJpgKkyKBg+HIpyWF2/2t394+s3dVGsyurTq+uiD0StSQuFypgptYSKikfB9ZKBLhqaPRzuvTpKPZZT+If4p6VO35XUKrYe8bJd1Ap3UlwUQ4ESPr1ekuQrobzfvjx0D0Nsqf85kVOPsr6hYEqxDk9GpG20wUtVafN0jdEQLYpGsWYO7JWWbHBzijd0XOyYuNbxC/guN9lp8MR92zn1yPic3FHACRInJssoqTiuG/fgleqToqHXvmxEqWfQXgLiH51YCQ84l1vYnrJh6CtHQOuQzQ6xDhtmTQTnPq5xPC/JU0zc2ag65tkVf8mxdCokUZd1XTKkyBBZbNY8mH77+m0Xj46tKa7zEWtHY6hRPasJ9aRh7DlzBR/cCWWfYvhsiMbwjtYnOnq8wqXCIzplYRyH/d0dJ7HGFz/9vF6tOMAJ6YZ5s5D1YIQ+atmnNSX35pwY8HRq8t+Wi9sXn2CI9NVXX31Vuk++/PL6xTO0EEl8+6qDsVmvf/q3f4NRm2///VfFiKu//+0//cvzzz55/ssvPvvJF9v77f3btwgQlCGUnCUpxNeyQWWq4f069cIauGgW/0Um/ykc+cQQ8ZKvxjUnXO+2stpp0dUgsfcjAknoJA79zbNny9VSeo5Ew4sNMoiJPT5eCJ/EM3PTJTnzsZaEecJqSgk3rBjpTNQPYqH4ojJnOTl1khjm1CX1UK/X3a4tNy3xOvtqQAAkjG/2O8pRWC9QgxSciE6sbcSfwTWdY0Hld4wN4Z+Lunnx7Nl+v3v1+jUxGTALCioeCvWx3e+NIoHoVdBi8iU1qybUBbfo2AGgryZst0AQJjvDKgKiakyr9eAx5EQWbXIYc+cPEiO8wQKiFlIGx/TBGN4xvN6apcTJ3+eUDR5JSaJXiCraraaJmRsuviBMAAAQAElEQVS3J7OWHDHnLEXAAjvB1KK8CMkN5JQRroSBQhEOZs92Wv2Suq5wSgDzmvBXR6VG4VLS6DRwzrecKIWda/BxceEHaX5XE1NIVZaJ9t9oVui+qV8e2/hHjJ6Pg2CF+F7pq3NA4QQsiMKOzg4hJ/GMRzJsIn4VvXTq0GENfizB02eQ18y8j6py1NhGexwMOMb7EaRPs3KlTtduKtMt/A+XpxDWj8p9tQbbGy2aKUN/vyc4orhGkVFU0i5FienRRCrk4ajPTqQEW8mfEXK4qGlIutCoW0qE3gFlspIPFHZtFzkeJp1CqGiXPGSuk6bWhOTRM53MQJ6plyERGNX5CXaGtEtshcbM0pwtOff4ER/LO0nFJbzkxKLCXVuYw3Ty+ZOrwCVuJ1otXGWoc6qL9gTp/nEO2vIQdNefDCI3TiDLywfh2IvSs4lbSLDEN9xWg9ZOzDcWeh5tx5v18nBYtl27wzBC16KtQgXSuNB8MXpusqIXpTjioe0XfYubUGCRkaxAA62StxpFngmFD1/avcvY/bADcuiFjzQyhc2v18hl4PptbR1T8Sr1JIgCbhXcn6sSFUHgsvyujAuQ99P9smhg0U2pcpGKdiUCR012OIvE8dZxPdV1OCn3ikxFUXjLNBRpqvgpjShnh9GUDThrY6hKkG1MCXkuk9NwMQHxY1r7SRjme00NTiVvF2HHnCxpRBhAPil2S4Ai810JR4VDGbhYLndbioTVQrw6U/fmIbpJOH8fS8RMIKGpILhWOZY5QJsqwiANrEbHVI5lIxCTjk3qApTXUcL8ska0CjFdXvaAqFKX4kykVtJwwdk9X3jgaAXWolGjJZowz5dFBWg9hQS2xexOTnZcYnVIlxO0TMBcfoQRpNVcEb2zQoJpHV7wIy7J1fkHkrJJcZHEiJVUxDQbJ/s5TI2QxMaR244Xgg6mcfij+kNL9m1lKaAudilxwoOzjgYuq2uP02jF6VopawHs7BMIpr6hdL1xMbVeVT5CsGXkZlAxwMw4NG2ZPZG86JMmlSs5bcg3Pc4EtUZTtfIPedn0H1OoB26WAhUUFctBKoFlASli0ZY38xFIxxjOOSm5myAD/HpvCRfIMW3JNA7M/MR2kh848VcyTlrqCkwlorxhyOLmSC3FoElaa3hV0YBMHOUcJ25uaDk3fTYVZEt3D2E6oYoPoeiwKVYoBQzWpX+mAFvGbyUgLfdxxFsoo1sW1coX66rc1A06FE21qH3NU0DceA5gtkzH2CIM1A67Pm7B7dHLqMvmet3c3tQNnqbkDm9Ku8vrSq/HM1ooROskaZgMktRYRyIejkqkBqK8FZIGvmd0hRBSRpiFPkDlVRwgRkvx0OHo413WRYMQcN3HlfMLxIyCK7oejr3vR4+/B26pQzgGJ3sUlJ8vC7JgMtdCAsIEilDqKXEMkwIVL89LvFFyB0CWpXb28sFr2ynmOMEboRFD1wtN4c6XfVEeiuJQVYdxkDZMHIvjpJMKyhqBEMToqBvyYrnA2wrcAVltirTPmdJm5EwjMb3RUq3rqqorn7La3Ltcqh/9yM3Ri7/EM19eiDd84jhhowvR/m/+8NXxcFxtNgglYUyhbpYSZiPxDgBnAVT1zqwZuhFG0uLkzH8y+6uGZmLohsP2+PbNGwQiDrs9JSIcMerGhhZ5NbInA+ePcEEaF5VTvRn5BtRlb321Wd/gnVHGiSc2HVzYuKoHUJfRcojdJNzPFWOiLckfIjceqN6RClE8cwRoVaRmUXCwlp+fYWb2amRYZKmEIUoWBdplSf8GqUkumF6S+Vr410oyRPDZ5QOizFTlgIWXufx9klWy7TOqnkRYUsj5+RJw+vhsNLIlnivK0fJLhHiGKBA0ikXUJm6uoMWs8pRt6LglEDmnxCBE4Oe0JHC+UFi3x+ORE9FbgpoHto2DqQl2B7NlGZ1WDJpZ6C4dSifgnNAsnqAPubfoTvRgSqPNLbG5xTiaij1ZFXpNk+t2zZjynu1jxtUx/fiRJMbl7Bl3suTnpl20u08jwJQnYApVzSYn5iJbA0O3f9hRD522O273+MvYdZL35EYx+0FakipXnget92FOUWkULWmJMi+F9M1hcimFyzhXhb6nnad80Pyq9IS8T4QJfnpQSPm1Cd73/nRJxffZok/3kC4K2MdODhnBSTyDlc6/lz7MAJoGjCTjBISWRlrqaEY3CQtOaOgldSxwDx2UXlzYPVIaKTXB6akgTmrI9VEFS3Qn6TmiFJg7OjJFyuB8p2akfsKfACzSdssMZhlGcFMqoEwRl98VXjwde1blOOZd5lUOiHHpecfBJNfFxLHIEUgANMrIuARlW748WL7JfJomnqfplcLMAg31OAW9+dL84S5hSrbMvKahcPBfpTG46S+0Rch0lj8l45CerLQvMhxF8DbT+Qu/FDWHb4lUxvFEci/CXtopOta2BC+yjS0Vk1E7e7PbESAof4oFfpheWumDwJsBlEtJAVlAopLZqw7OUk8uLPSz/fXnkXQSM0Hyoxyp1ShYqGO5Wi1X+7bt/HZ7c3tLVvs4U3aQVbGz3TpKOjD4j5UwE9N4TFdN0Bje4WJxdbXe76+3Dw9v3ry9ublZrMAC9ixHvAQ0ovQd5EbzvmkaNKmPaA60oUZT0pdf/vSzv/+743//P1527f1q/Yz83pFbthAbd7vf+qps6mo52l3gOSnnpahdA3GQgnz6BcfwAccLzS2g9DoteeAIvTuzBhy4vxwf9QCT6vFpOvNkAuLsnUfWOYPTIpQL5shPsiur2QWMia/jlb/b3//Ph7ubr/9w09Q/W64XXhYi5ZSkDIyUQS/XEk+40AIDfLFUAipqbuInAJXBW0f9dIqIQKTyVJHTgSHEGmAV44v1IhbPiLXofvvNw/F1G9oeIwMUBBE4U5R3ID78kpq+elGSPn9w+ck3HNQJIN9mYI+E5DolnUgPCBfFkx96aU0XtbMmGuXS+404hJQNTJSmqnrFmDWjs91SkYFj0Ae1zvLmhs6DWos/LXVWl6bvZG6nAnmdXfaVyJ1uGjp3zz1r8KUFu/u+eP85P/oBzroEOJelnNo64k9wtn65XGyeP8OP7/x9+7Af0fqhYKWDZBjpOM7AOcFZyOoqAihv5/z6j+cgq7mUV07YthK0qN0dv/3t73GKPv3Zl8vrq6Dzp1ZUdEIiq/IvGXYukcKpbJcHdkw/Dr6prl883++327dvUeIul0vmyiEBTvgavr9YfPrLn7b73fFui8vjcL/91T/98/Wnt6tls7m6+uarr7r2+NlPvkSrRTqvwpwJ6S/Hf+Ijck50XdcIyqAFezzsxegEI0Elxo7j8T4EMXwRuAGQWPJ7IKr8gHmxVP66+0jH+amEspWR0j5rZTgyeZZTNB2NaR/F6WZFSP5D2Sya62s02/bUZSVwd+F9MY7F4VBDWF9dIc5KTnJQrIDJgAWO4x7iVNcRmrL65PbF8XBAnEzFqqdIGPpu7JtQ/qTwMxPmE0pWV3RKhHCIEHQcSgxGUjiaZKxPERuF8GaqVkcgYy6JJxbgJBuzaYoZ1pF9CmBSmJCBDyfXA9VHU64irxx91zM5yuxCl+Z6cj4fyZBXq4FgxCARCy1MFnIX5kArsuJdl+C3lHdCxgFTMUQdPsojZc6TQgQ0r+XAvaUIhlPfvqJKAuHS5K+VRQreaQqFLGkiAyurUfDTwM1fyOEj99A5SJEKN1M60+PLO9wmIxB9QQhcHcYtdoCdccPFxIsQU2dCrti6kJI9RXxk/Mm6oBrEw4E8U3yrUXfVxeRMz11D0IkTK4ds9c1iCbz2HlB3oE2P5zkcPIcfN82ycin9lckJiZzAsYHFndoE20h8hcaCXPAMIpwsOQpUsoHj1vUCiFp+gmfyLTxFJb6RkMfRQI0jBZ2F3TlLSbp4QJbiP1tU8T1WbnxvMpyqxyjg8oRT2HXzezi5pXT9KCzijPzSFTkCpBDrj6R7E9jqJmEj9q0uvHzDqgR1Enbjz3O3DM6wdgmvAQlWRmEwIsGAMndZVVer5e54uFov98R30nPBc+A0wa6gAmlarAXtVtdyOWW/DJ4rnTg/TpNhYBb0nZwZeSm6j1x7YLa9e8cKStBaErggPaw55opSpCpc5eKiKDvPdfgD0XGgHIk+BatFXATBDzmRSxJNdDc45tWgCCviSmU1UJYat8lV2eV09jIcTG6eO71FMR1JogaK78aLTp/N38ddirnxfGm/6KKT1Ex5moy1QcYTLigteze9QS0B62YPu5YT5d9ptOfneu9nLn0t5RuZ8XwxxjY7+EHP1KzRWIJz80hP+hpkCmV+Pt0PTncbJ4bEKUEnrVxn4G5uJ9gAXxgkfiWYyRE52J0Zfvr/KaAF7lR8pYhNEimq+ED6sAdnZMAwS1qJj02HnsKdDcUlS8MIVfX9x5azjaveqn71gu6YrhBVVkYlQI1ThU0wdNsqdr3N8jl+ApM5YWlztpQhZUTwVe2l/ESWsJuEMwCYnHLvOCDbV3am0w/IXkyEx8mhTQMBE0DHNxWiM4dWSLAKITtBWysmXu9ZiMImMp3aUgjAqnUhGVF6pSk6oSk6dMkRHLXUGcfeRQTaDxjOClQHSul0UlIvJULcIEJbHQnyHkN6HLU1s9HIF0BMUyHQTFReEy6CSjHdVHqfhBufLCWWTTBZxs2fpks8rxAq5xe+vKrrm2Z5tdys6iWGyvWRo27CYHsYD0rZRPcN//PF0UO/KGHdLG6vFlcb4ObL6MfpWLnUXAByYWJKw2FIWArHJ1Fm7H/cc9IzSuD4IxVfuuf8c4aeurE/9MO+xV8WZY1IRB3Qkg7LAHU3FkNftCNic02EKoyoeEoKRUNV+qoAbtyoph4b2ZRfSv02Amr/VlIcvE6b9SLxssSo84dzmrWk4SuhOSmK0XPSCYY8wY++7rzfRdg72EeHtmzP/SxdMXLOE3dnrqhEvqor7q0ZObsoCCmMijl2frWwzabPU5FSxRwnUqGkjG+Xjh/JtnvyMXkrcaZSp1f4wOlH9/bbr361fdjhmGDg48Wnny6Wq4p7pkStBvTnysrkv1ZwY6hMA73kE3vKq+BcCPz2w93D3Wv8/91++4C4I8aqhQ1l3mRBpKTQDlEmBJf2VVXTLNaLzc311fVVs6yrBkFfoiONDtEAEdvABWwxCcss5Xd2x4/YBHAyaMLExLTQw8gwLBEEtD0xmVpfCepP6ikinsaZh4hXlOWaBOP2kB40AghTEIZzTWz8Q7I6Yq4jxJUVjNqiiJY3NnGLpnST1FLnxK4wB1GkJV9PE4NGoWCRlBqZzYoT1CruywwZ1YoNixKcSGJAqguSPGCGTVBYY2CpO+4P7bHtKU1n0HFIUjOzlDKlM60od8EomklXl9lp73OxTmf28Y/ltsf8zXj5ZfmiWRlqRoBSbET3oSboD3WYW5Ufk05kPEJUskvDK62QKfYxcmPGYaQAx9i37eFhu7/fIpwYOSsLJS4uGsess84ldfkF1gAAEABJREFUWjU1jSWfULNDWCEwpCJpJXQ5L6uXll6ZGHu0taMF+E1batbue62ic9/kPUMzkxrf4YBHENGnf/38xbklzDKk8JpBzhR6olt5kqRWznFCSc/ZuRTZ4eQS6pvDUScpGAkcMovStcgsy6mHzcUHyB0uXhIZsQwdE4QVOeMkUOm3Ane2lVO9cdryfMrRq8icDUWc8t7B0FIzEtM/LIE1U02MdHci6eNkiNkNynmTB23Gtrf7l6o5lySmqjcJLSVL3E6vX1fsxFtYbmLQFdl80q2Hf2PqbqK+RmNJeX18gXbKorm6uQaFOmm+2Mx1DF4OzBLbshoSCqnjgEiKdGIhjHnQPmuEQtAzUuavoRsFF1dO7p+VryfRbsLhdAkAfKAQ+/NhOskdoR/vSHsFDdZPPv305bffvr27x4Vyc3PjMt84144yu9IOz7mp911+wg86Tky85B+K5+WLJeX24to7HA7bh4f7+3sUTotFo1elZSV+4cisd4WYHfjzanOFC2172K5W67JqcOH/7GdffvW741e/v49u5QkgppoMAWFxse+2O7cpcFuEqEUJuMIRbF6XtauXWtdCAQAE1fx9d+iJlXMU5saSbsebT+rA5QDN00Zh5hX/5Tg7AMzHVuGfoIysiMKffenctkogVHST9J0B92x5QkyMDvQpLruVFEW1CAoK5CH8vhq+bbf/+PKrojv6X/71T2+fLZoaxacPkYnaxeWcaBtlojlBSsWi5/+NUozCeC14QVopHBgJ+YWmqv3oSMcCWtMjmzpjQ+IePeoFbsYKvzHAMB7fHojNGoX9SFwjYSC/QhjfjZ/QhGVusoAgzU7dVhfUZQ0ZZSJZ6jwYSfrrWLAVVVZ03gEQjh+kz050WSXTBHE44eWNsWv9fuyZxREjYQ06Wg2qKhorSkEIc13t3JS8n0x7gb1HmCBa2XfkCsISWgBNkUH4gLPvjY8xPn1jPu2Ax04ozpthoJPMjLKinZQXMQNV8Iv12vPzYQj0GHcIYBisB87NJIoOhDQG4LA6qm1cI5nHwlcR48ND3tI13cB0ouyerETMcfXF2B2Ob77+Fgf086b2VSMddmJUslvHSQBoAJTUkcybWo+Gh0aXEDpRH5HKhxdX689/8Ytvf/e7u29fj1348uc/bdYrtCzQpscT4QmfffEZ/vzdf/+fb7/65vr5s6/+138srpZ/87//w+rF8+vb27s3r9++fn3z/DmF9OpC6D69mA4fakD85Xj0yLCqCy/+cQ/xTPA+Glje3NIdoeefUr8ZQoO+j+gxvn31SoTtcrX08z7fLoM88iOT/zG3zE/e/VhHzKBewYCIx2VBbf4w8mTR+sHHwiShGBhCviVJedw1pyjqzQqFYY8mettRg4d9RCDtGMZ91yOujVgqWefEFMoVx1TBTugo1wdytAygrpub6+vt/nb/hy3K5hEdKyrIqMFXeA1qVUYbl+owuEtzMRbCFUEK6mDQWo3QGakITThIwkgaxJw8vphJY7ZbE8p8/kk3F9nmr0EKdEEGOEQTx6egjjbbcf6dMuIpEsQEHUzfgFRzoJ9hnq8A5kEymgWJLl6kaJAE+piKTOmUI3fWEegKFN3zQXiyxI0KkyHhUp8dw+1INZchZmQi6k9G2QXUVaGRG+haSUDi+szghF1nhuybj2kPm7qZSQyDumYgagnEu0Y4YwDnLbhGIcRUXizVQ/I7M82krFI1gVRdoW1DlWPtEe9o0SzKorJZgfM5UBYj0CSCBkXDYsWUQRRXQdvigKEcFg6lECdSARLpSi5m43LScWDO9EKsQkr0gZIYGaIC0PL4BXMri2I8EtkbQh2DBDYdr3xRijRExFZGytFHr/sjjEzHdcHOPP9zWk727slD24fjxe+evKJQUfrCdM4oODtkTtzj8g0ksVU2m8C4bNHS8Id8Pn6EQ+5fQHD6W/opCHQlYj89I2dyCSNFYFhCibnBSU2awtxOH0aC6CMbmegGFhgUu16vBtw0/fDy7d1AZjIKz6GNLe/tuqKAEMVwcMapm3TfU1CHkTPlBgySSSZ2kTaPyZ6Fl/L3Y7A4OU7Wz4mPacsDjLNHJAi7Osou7hCfx3hWXQ7V6DEO0g8udSdJi9RN3MJ6FSZIYCclCoU0jT2KtY4DGqMrpOdkpEZdI3A8goYncBkJ5zO5ZM+bM81t1RnGjTZB7nzjwEcvvoRzvFUhs5TZoFEKx2gXhQudZWDPTxWVQiBT+7bmIje7waPtiIOqLuvTmzhjyPiwI5lAzvjVYkphfKTC282kh5tpbHcqXeR7F34HTWXV1jB2fsrXof2YfRSmS3P1qOCkqU4VJjg5m5WEMEpqiqW8qxJMj8UfyEDfc9tiepC0EzO1ruwZscjvKXfJzuYI0uFsIZ1/xvxE8fVmrtnMQYvpEtlMvWdZKB5lKkMMCrE+mEYiSjf7BMhLvYHTNxJE4PJh4vdsKUSTnS4PQ0UTaM5w6ISNOUE83Bzj1r/NWUxngXc/Wf59C+HAdLuSGKDedxopmsJRioq5ayG3LSyi7lstqbBrm+8sqkRnUO5VGEjOb0t++vmfKdoavGtRcQz9fuyOodsPwxEjKM5ksZcOLF4zFQh70TNZPXYqy57Monn6U8z9HbMXjeMkhkmW8MvC4C6zo4bl3Kh2PN0JG9CLSwYJ2abUn3FZlJuquV6tN6urRbWgePOoYxl1GYhecVFNTvQyoPfQYnAd3YbNskRPrSylylvSJaJLBunZRqBXOZZCiTlTEDqyiaKs7J7YTQiY8o7C4YXnImmxgIiOpD+2w3Fw1C+uqEei+2sQURjccghlF3w7+n5AU5rYhF2sMWhCNAuOUzUk5sLwnnTIIRwEA5YtJ38jCGbMf2IZMm+N9tkDHRYwl4EtETQYgXrPoU8kpin4DopjrLZxeOjHA1qeBbXdEb4CQuOqokG3rWnq5QJ/SCqw2ewSopOO2UHANwnti5vM3DClwpITIvqne+SK6VxPBYs2yUddKiBkdAzfpca7ux2iRhjQWq2vEESqKVOH8EYxF6W7irIvZy3XwZISRs7LcFzEByDdWCjdpKRKOb/bbu/fPuzut7uHbXs8yCdZusK0NTWrWM9Nqq9CxwB95mpzc3P7/FmzWlD7p7qicljXj5y/mzp2icU+n6eY/ZTj0Upg+bpzGQodnXDX4ZgQoMtNELiaXKUgU32YhLNv8c7SX1IHHCn4IXojyoEil40rfwX0Vu2ZmjzqcozTYSlw8rsBzlajL+5t4lA5d3D4N/mbXWpr1pCyWOQzZVX5jKffkkisEwWn+gnVjSWdTLI9Wk5M1yK21FJtDrGbINSCWz4y0UKAaUfntl8SXjCfNTe36Pz5vOoXZQmdGn/TA1/40uUF8K6PZB7pqVGtMyiKMcorIbPuPr7J/d4D5sUw6VU6ckvPzb3aGDPtxRpcUmZHyTE5kjrAcPdh3x8O3bHlFTuhE+JxcNeb6IX7x0/wE5EYpWZPPl9DosqhYOZLeq3Muz6BFrxMN26FO1l0xrlZsCY9YDJ19It6PDIdkPlM313ew5Py4J/0LZhTofAohjQmzAzL3ZylPI4ZeaWwlnhIqJ7jKDQnwoKZHkccdme2NJ3WCmyyS5/foctQYXMZkq8hn1Ej0hnaoIwrF7cUqHWUNPvcNEuEGckEAzdZwrk5PPtLjNOZvTsZ3GqyTgyDema9jq52lzlW+V0JlhxjVD4deoB59fJsmakoiXC6JpX8LwlArxngZr467rdG1prQR7HWKChllv4sm8Xy6vqm4vxZ5ziuxHHGgY/d3Vvu1UMpR0wjJ+0Lx6CdephfjmBzzkoZw+Qqgdxw4m2Kbs79D/ORno3dO48/v/Y6P9YB822Hc4W212q1unt4eNjviaOvWsj2g3M4cmRrnZj/ivwt/0Hy6PE7tDNLx1nvl6vVVT/e7Pf3d/evX79Ba6/mxHbmh9fdS9ZSSdknI/1bs8EAq7BCjJiyvD2ZgZ988uLv/8637b+8fn23XH7iOXWYGXtptx2PLbjtaoOeSk2bLFCTTqZdgGKxYjCZJEjBv/TotPZH6vcGfIICKLVfwyDg/nJ89MPkR3rB4hTRKWv+hWG/tCwvG1+QpxULckWZq1HZ5IOfKGEhdWusEbEYimYP7R+299U3f3i+bOqq+PLFJxg8R5cVxWrrtQk5GBOa2OtOajHNamSrhJgAtQDZinUE/eA8DIb58V4KA9a4hKsgbtMCFsviCk9V9h7Byu0DBS1JYXOxNYidzzEgCg/VnCEl6FsaJYPFnERwmQNI0QeKMXQg/KXCrA6WzDH2g4wbGfQFtYLAzYHXGDqy5NJ4Z2FrYU6TtMTYH6kjAHlw1UF7djZAtUbMfi+VTfGCoSD6I5GMZaCw5xJV8jQ41bKhC7O7iBZLz+RmuHlLMQ3dD3JM96ZjayaiSw+iGtoJXRgNiJ9ij81qDc85SObgGPdj21n7PWlxMXUMdRYjEe9O1K0HP1kVyTHQaGuyx53a7WC/RJNbyZVgSl9OD4rH++1d9XK5WV9/8gl56aqkhbKeM5QCZULhxNnVZUairl9rt6RmAHt4m9tr/MzXv/r1/bcvETr54uc/JW4e4fLBmOmq+fTnPz1ud/u7u+PhiDj+v/9///H6xe3ny2Zze4Onev3NS7RXFqsV+IVxGv4JH09UjicL/eK34I/7pDEDOs5inPBR9f4T78dzOjxefL3ZBG7tiRgAv8WLi+EPQgeOx7vXr8n38J8slgt4sp8FyeeYrqnbBz7q4AuGM6XWMXbja7I9GNkZjCDDZ+iS+FIkyQQqoTTbquoRLSp8s9kgcrkdHbrN6Jj1AYN8w/54XC1Xa3KSKUXcaVGXtrgOldLFFUwOd725elnX94cdykjEMdG2L6sFbk8gKcoCAfG7MCLwSlisQjaxZ/cP7xJh2QaROHavTT1rHEE9pGwAk4OnzjyPvXMuEe+qcLN4poxCklHyRWc9TeMMN5kW5cSmknwLu1LIY0rKjzmb9xMfLlnFbCEEYzsHkWxp0aidEk/n2lopxNR2PqZ75WfxkxtJSthb7p4mkjjO90lJnNGI/TSllfrfUbPqYZDyM5SZpVTSWA26OY60dnAG6zoSAbgFUDn100v+RJRqkWlw5s8itkOQYSeJjZesguXGED1EwVNFCkm4WFThzQ+waK5AdcJgvOAMkiOTSeB9LhrgijQ4nxf5hdF6eiLh+ieIdLFC82Xwrt9v25HOc799INN8c015J8JUL0EjsvoLYQ5iVJSuMqg9Sb6phAG91bUT0xu4ARxCH5R00rfW3SCW41CISq7RhSJG6qCrpWC0PyjUmQHis7WRjYk+WY4mPi550lv5L+lcbv6iAoS2wvzUwmOai5MJSjcoNSyRInSEUyNSkEf95dncj3bIBMVMzED+RHJ7wnnDtjT5sJohoMXGeT1i8illDNnMieOyrm5Wa/x+S6XR3f7Qct7BMEQghilqCaC1b7js2747tMeiwjCVxvJlAtiI8JkAABAASURBVFh8cZkEt7CUm5/LxY95BEvHBPOS+eWo7ZgVhOWW0bIJ+V2JCDAxICAgtMCQVo/RuL7D4BzuLIyZWi7d1As6ToYuG4QqV1iCTZ3OqBUkk+Xwn7pmplZ3srWNGSBmOsJxGjx1hOAUcyeYwwm1g/pvCUsL7lJl2wWL5X2jf7IvJuViv3MIqiRSRc/BWWUjsyS7XDPRz8ugMIoICdigxdtUjcxIGoEwY0yB+Y28/zh/atkdGDOjph7jKJ5dDryencOkgctsQp2lHEaXzwaLvkgYT0SNqt6QrUWVxlZaPb9hL58nLSd7OZjNYM5pnqESNV5oMs1NlYKg+QyQnvHigEyhMJs1UYY4M7KWQDnUvfj05wMFGWGq2pKQQxbTV2LOMWlKEAy4deY+yX/eFAL/E6Mz6j6QlAjSx7KXspSWCwFIDRfpM2ohSK4F2J7x6ebP1k3Id0s0Gjc9hxGFyTxBmgWnVotTmlVL2TCkT8ckn/2ZQXWmmLJviS9vAiw9AqiImn1RDEaXloB0jy2Y+axg1ivqZMMCny0EISWBaXRY5Xmny1UKP/H6hfPTJM7Hy7t8xvXaKAP3fXsYuv3Q7TC6RR07AkUjpK2gh6zGX+6Lm3FEaZJC3M7CgDsNiKyZGDObUvlN8qniTreSKiciSNkv+GzcJ0eykbKkFiezqR09YraseV75TbzlRVWv6npdL66a5Xq5ZG4ssP3OTe8K+XNq5zFSdkUxeD9i6H29qK+v0Pch2Ea6c0bnkpDgEhen+8JbjEhYDSS6JzQnxNaQWHhJuCFOLG13CqBG1Zz4yK3eqG6qOxyHY1fEoqyWVelQx1WDQwXX9K7uQ9GFoo/FQIOCuAa6NkvqzUNkrNIZBaZ+GXSMTBnBrP5BkmAsCZ1mlRtLee4BJpF4wpF1y/uSjFBqZeUlYzFSFiyg+ds51wGiQG4bxsOAerMMGnlCa7lAx6xZ1jUxetfc/5onTnhwLEtAyW1so+NbQkfBHTgtqRrcOxXKidL5MY8Tq3hmvtqracuLfYuexPFwOOz3u+0W333x2Wc3t88QGUz1WpIMgR6Ti86S1gqWaqMFOwe7dMTFSek6dUOzOVA89LjHHdy/ff3m7vVbClSPktMk29NCdzFJrGBaz+H4r6/Wm9tnDfdFwv8sVXWg5H8XpGIxSAIGKP4Min6cSGWB2DT9yV2otHQu132cdohmfHs8YtwuSgaJ4A+FEE5HpiopDIQGydXiUZK8tZDUHJXKNE3FHCcpL2SMvQC/Mry81ELSvJatMmqL9TG6zL+mCaDYfGFNy8g31Fp6kwsq7ua2m2SsyLOk5JUEWUtzN68duE67VEjWkbRfkN8lB0X0FpfhY7yb2jfjajoSwEK6g9hTorgVpajqFErWyHOCdzJdmollmM/R7LdHoLVk6kz6/TGT5knH3EjOTmIyIaqLkO4qujhfgZPR+IH38N0PmMCi0zf03xOsKUSV2GmgPOUx9MdDu9+3e/rZHQ9Eq9BhXI+AC2qYxeRYrH/TqUjm+2KyOdMFJaMEJNeElQ7VelHOVGHSno27QhEgc4qsAQzruBim5pXTs8wfB97jsHh3OkHf93jKzJ7fFZiXEbIwP1xI4nfJMuccgsAUon3gDiycykk5cZxoMnB3s97FAbQNoQp/Ww924jiDTXgvu0eHRexunmgRR1G8UzU6IM63LosMitqoWDe7KzlIySww4zwZuqTj02XNpldv1znN/0heTBryoE2f07NEdWjsRNNA5viPM0AkuRu2XmM+SdNPa9VkDpY5QY7Z6M1c1M3uJ1kELsXjeDrI+OYoZ576b55FZoLLI2PohwAlPtAyaVAZrla4i5bL5c3t7fX1NWqW/+2XvyA6ZNYvnsm/Ua23x3b78PBwd48/2kN37A7ElHI8cvelAeMCqacbbquOklQG76YkGJf7kvnCiLYlcxlyVrb94UknT5GS79vkj5z5kd9dxtIA7uMIB3jaaajzuo3y5PW5iNN8fXN9xCnc7YpNKchzemaYXHoGGEKUNLQ8XnJBKgG4J4yt+dL2p86uQfq8RiCOaFnf3N6gnbR9uOesqGZTbiZVp4MA7JRFgTvwf4vF4mrcyBJEv6RZuF/+1YtXr795eHgb4xZgA7FAlBhD9ByMwQhv6/a7ZkW5taDeMT0y/oFu1YaNDF9DEaAbEd5HTwCBOKI6jD0U5VhAoTtqWqCQsTC5x/CueA4Zf+iq+yjHyW3+0PfxlKULIjf183H6oo3Sk7fRmcmepsZUQ4y5IpDPKOYH9qfjiDyxTEM9wvJh4X4fj/+/t7u4fAOrqxeIGlKEgpwZrQICI4eQu2UFG8R25OXqpfkfRe9jYoFjKn75VmBkJRZsOI1OG9vyNvbkM68XaOYgAlCO4zdxfIuONy5RaiNI+fvMTYT3W/CvIWFTMXPS1P7mIl1HhBOCcUROOdS7Lrg8Ak8ajRERPXz5LioGZ00u6C0f+PmCXcbMbvW9WIENrN92B0/deYLUhqNHh8+Bjp1YZM4Q64RyuDQRmrfhdJepwJl4nhEiiHUMqITEdWRnCz0ZYSKdr4HvucYvrL7MymGtFuefnxpkSmUP87bFAae8Wq9WHLrAl4+4FNrOTazjSpkj6UreoHldV12HIS9uF6gaBsyynYbHvN/s2Z3KOoWadHQR38eJloTi43b79X/8ukE94RAbKsVAE30g+0K67OBKTOekAJVyeE4eUTSPGC2S1WZ9+9mn9y9f3b153WxWNy+eRwVhCry5arl49pMvjtv9mz98hRARGl3/9P/8f9WrJcrY5XJxdXPzze9+/+mXX67WVzhMGCDHQGAiinXvP+a6aRLC8nfQuOMfy4NymXWYjotXT+iFfML9UY53uJQfcYieZIkRZEDCSAraV+sVEcJ27chiUxLXiJCDA9gomu7fvMVXbp89a5aLvCGgOELv1rAxnv8+u8PHvv74g5x697onkuqPXCzB3K9dRxiqOUuSNCFWGadCAoWxOW1RyIM8ybXKF6u6uV0Ph2X3psUvlp2r4rFGNLdZUQMUx0l+nhLBUdZ0bUe7rakpFoiB5Kq6ub5+/uz5oW+5jj/u9/vlkpJR8C2O4bF5xfnr1ObAp+AR4Zpd3x19daw7vMsCUTnnJtmT6BZylFDwb3CZYtWSS/m0B2F9h5gp3qT8k6Nptp9LHlwa6wmYmPlYmVevel6X9+yjuchO6z9YG2An2ZlReJaM/1srX5IvKo4rd+kQyxBcnIJJHBWdk6hC8jVTtQvJ+ZFamJItIdzc011FRbaEiYNSS4GcdETyqSM8vQ52+zLmvN44aRWhfsSr0UmTdMUCKIO6okpKfo6gyT4eTPdOKxcSeIo3PxAXfWgpS7VAo4ETk3zhze+maIoPUssS1bm/6Fk4fgo0YBBLxz/QRSTCZ9/XxNMeT7wJjf1ELaAXcFcSZdA8XzWLW+/6SDQsuEeOffdq++CEOLHhWloyT6RXnPQ7YoyCtlbELSdYaAIv5A4jFzKh07t0NeddcK2sG/ZHKKGoZJrpeTFwECvuLC4gMlixa9SRU4glCqFi8sImBOKiLTF/MXOaoqUTaQ7rtJ28rDA1jfjV6DLIIOo9uIwQ5ZJMsxIZDp5Qz+R+YFiWjDGJbvhzFwFOb/6dBtZ3djjYsIQLL8u3lTkjTHWiKiGibTYQzNsT/QicjKczg5KtIlqwBBNSB4AGEa+rRXO9XHKlDY44en/FoIa1dE2nbyBG3bbdAiUnB8Zsp07PaXX+IGRI00PHE3n16DFy3x+Li0I08PJssPVvCRBDwtLSA+JJmImHAq6eO2uOCmihLqoLWBTVsh6OfSyHvvTUloMHUnaP7l+rA3NG85EgK9EOJE6UZIZz1BDUrdVXzr0qiEpd5GzPge5yKdvWHg1sU0pOwQQszgcNsj2irbIlr0+zFCa98W4rLxM5tnFkKFVv61lYOHCsJYChK+kSwfJrQEdfWTT1Rsy54QAJSo6SC2ejBF+ThJ+06fy23n1YVYNpFZfkqJ7XcdRNSSt5CIWaeOYQRYVC4kwfRqcEBt65yZVJ15GLGMNZVDlBLh/Y1V0287zipJmoHUGdER12z+yXcgVcD0qjD0JLLqQLMlKQJRfwgHt2RpxLKwWSR6Zrd7JWkv5O62lCcuOEmGmZwPl4u5SWKo+kwsfi0/IsQYdkHkiINraggw6ml1zMhj2qNOG5mhpHTtsoQWpZqoP8Yp352HQR11mqeYUBQeA20IwXFZo2uHaD8eQuYppdpxw20eUMMAYruDQUMiy6K8Hmaqopzw2i2eDCyVBT1kcEG16xkQES2m6GxjTyKakIwTtiOkGnlQtgKhR0ESrnS0iGSxo21Z/K2ZKUq0Dodmmb5GzIxTeX5SgijAr2MBgbd2N3PxzRzG6HnvrbE2Ecw0MQnFGbgDKVM57J7d9sQQYh0ZsZztnyi9mOY4ZBkf9W8U//jZz+rKowRo1v2eCMTk0ZNifdmDQXZGx8zmleDoI+S3Q7ynpdLtZVs6wWJZlRUbtSM50vP5gqYEoppnVLgqAroauLsKia63W5ahBY8KUl5w5qfpuMhaQLbFmxxWiEEwCaOU2J1E74PCijTjpYS3E5kfAzmkEBrLbrD23sxxr8siwa5xsIVRirPtRj9O1Y9EM1EpExWp94gUVdNtRiWoZCMrdGUBCHOCRjj/YqJbsYA73S5WhFDNnVcv+C2Ons4vgE6eMEXA9F2Fsx+qrDmIqDg6v2UGLkpHVjJxZjyUWSxOBClBJ0U1SAWcr5pI8fcGNAXXzB5IzsMaGL4FFRoTF1j3qqTnmCn/5+5P874QZx0ljTK/mLMZluIi35T8r9bdv9drvbbnFhLJbL69tnyyX12+1okUjvGBHTUrUV2BjTElrmR6Z+gKmUi7o4FTWX1xUUCe373Xa33+7uX9+jK91TY5qgUK/ae9JXkeN9Ii/YQcSIdb1YIHZx+/w5AlmUDsWZ8LgnWMiOLhdqTm1CFUMhSdZJp9vUWUxdPgGTMpbBkXYGUsHApB3o/PVC1k7OCgmdUugZQGmvQdKWOFVLwsGSd2LxRS/tbqgjdknEqErF6Ug8SmMdGQA+S9THkPYIaYCMj8SWDo0zj3SpmR+peYNI7mQNZesBEg7KtfEjJZaBdE2hU4EwIUUDIhkawo8VQmbCV+FNoUUa/DoVESDUNNDZeoz7YCzzeDhimLM9HtC2VwvGbISobG1mz9APP1u08XzNx7NX0uI1/MCiz9N31CjKZt0Et0025LsmOzXzuMQ4Gb/pjPN7Mo053VO6XEy3IAOuH4hgt+FOT/XuY5rB0z/yf6df4uSZOTPvBAOAs2/HoKa+JGtyvpQsAW7LQtkMfXvY3T+0+/2AcJvwX4ax8GW1EHYx7ywfevIbZXDAJj/lueKCJf2FuoJ4hSkLsJDuOlOHnXiabq5RoeSq2KmT/eqmF7JvxaglSflIQxogly/DbFhO0w3SkLrTuzr5W4GjE+D5wuQatDG/gNU2qMUbKTMGAAAQAElEQVSpepFjaCx6WSMPkuQ3MpcJdfzin8JoQqyZ3A1PRBpIKpgt80Sh5FJCJ7iTZa6CSCuITjcdmG2jeRXGI61vztEvMJEM6uIGs/YTzhHdREGU3tBzjGOeLiwWjpVAQwocw2REumR2atKvLFQxDdNkyEeDS8MLLkz2YLKoo9TQ6KVtF7nJL8qHJKotTmfshlZNbK9pW1MikZrbYqOym+fNunfemTsJTC6ozmbMex9DKKHdHVlc+0OIbxH2Q0Vb18DNw6URFYJtlI+C+nu1wh/47nKxRL2zaBZX1zfPX3yCLy7XS2l4zM0N0MKm1igtWdlEYIS/b7dbYjPquWXPqG3XaOGNwWwmlaVsy3tLSw1hSrKcVOqfItPJOeFF8kqcSz7hR7rW06pw1XE0f0xUB1GmV+VmsxF75HjESMMSLExOnLbmxaUsUeq4ibB1LQVwdmX7WObxi93zLt0zz7OcaAeTIHZM8lDX1XLZbK7WuJzu7+7wnS+++GJ9dc3d1EH6xJMXwF/Fp+CG8LRe18sVLjU0FAoK0hyX6/qv/ssnx+7w7//2qiyqplxQwmrl0fQ64kIUetwIy9WmrCvxF2UzIxqEAZ2xR3gRGnSsWFJ8u707BG7xOEY0OinBq6yk/pilqjSC5yqCmTkyudlqiM2m8iNXVL/3OLlcnK9c0zcfcktP+dbTvI/kHenOdzAJSztPTFmnk0aGR852fg9gipROI8G1hDOKkg2Q21lUGTJw/Ukxwqprqjew/D9QxhWvfbP6b59/9nxRUHRiPEk+t6xJsoKoKwGb7ZX6J+QeF9RgUxrocKBR3GnzvBl3jUKUzyWYAcFwFNrUZbZeN2hfL2GoMcrzsHX9sO8HYF4Rou4MggGGvj06RW6V6lM9+pgUG+sKL6niYhOIvzJUsZZSFNEQzH7FnXQYtGTmIUst9+jMEHt9SoqfHCJLEiNhwqms+FbVNOgxUCnKciwx7CTsKWWRZoy6C0gQJRl8Or9eb11/qAEufwuhYk82JRFYE5VzQTPJpSGTde69v7Akvttx4QvRrHN36jA7tQzSQ6hqLjiS6cv1qkHDmDj8OXEHekJMxCKiaqHBg52Kf2HUGIVQ51pXVRgm8OlSsweC7K4yS169ufmNR0b6gY06VNU40b/7l//12S9+vnnxDMVxOoPKaQrwkSFmzZVlSrxagAoKSAnZyHoCl2pYXW2Gsdu9efvyq9/7srx5cdsjGsgLZQC3ur39/G/+Ch/t1W9+Pez27XH36//zn1eL9Se/+BJNjcVq9Zt//V/1Yr1ar4dRMDUCplWAQj4FCS/Lx8KlKcsIkqO9ODr3w9HhTDfmJnRgJvbfpTS/+9L8rscJvuPkJi9e9yPezBNOxYtHRylw/sT6ao1r6uHtXXs4yr73XCdDaXNh7I7H+zdv8fav4w0apWBJ95ARPMrZ8hY8CcI6v8EpxPWu57ikXy4coHsjuxPpWIb+K1AFEvliQJ2VlXNbUVuSnOKgEHsJw8dUgIVm+BEtn3VTXq26w348dCQ0Btf4oYF4W9VEpjV0wMFRjI+hSkARTiqnLLhRcYcx9Z98/hM0xr969TWCLLQNu77SGn4vXBCFNECQGD7VTtJ2xptC73B3PBAit6K9TdCRGEEsC4z+MUqigLWUt/AQn4L1mkD0E4DBqhlMQ0dzJmMKLKURF4QsZjPIHF9q6Dq9F31TP5ZJSHMNlaPCOYVSLG6nO1TvwMWEBii2ZxrI28kMMQQWS2iVcvSAQ58BoiRzTENAETX1DwshleCkqCAeLDuqGNxm8U9jWSi7VUiaiwpqSnQOqRYkIqhKZi1C6lUh/ePFjJW9TEYuYSEoRcke6Fr0uXrgPhdBKN35hLLOVVe5zBwSwc6lbzy06LNhDAfXwcIxtTKbFhxnCA60mQ59MSjgrrChLfvk8zN0U9VURxql7x7iDi1TjDCLtS2W5GPYvcmdcr4s3XBTVldk8ARU9/f7XUs1fYew5UBlUSwLagSo/CtRp9076YRI4KPoXH43KJmP0xZ1RCnji3W9aKNDVITQyOi2apfRHTBdf4QF3gIhVlKZzJUjsv4UY+Kdy+/4afmlkhmACR6FizVGwRZdmhE1yUzzqYrPE7Yg2HzSnYxMa0v3G1M2XnHJ+4g6MvoH/onatt8d8DyUgwrCQiH8E5lJ4eYaxMzmzAKZjjy9+8nq5HFKZ8FECGCVlG0HCYmhiRK2BG+zO2gENCYTieGncZJAgTcwDk5dOAxQbaryZrVEWdf2Bxw7XPktdSIcYESvMDBg79CTbLnxe+19FSsrZouazJQCoorGyF1ri5F4XlNz6fDUp8ai1/rY8guJkGmEQc5s2evSd6vwKk7pcQuRrSicCmL6CeLesEVJ1EEYDFwUI5rONTrMGFzDIeta7hcAmvAiq5cr2qlWjBUsl7bj/QVJsAjOU9fPQAHPwaPAAG46JeNuQI80H4rOq7KYUFqdUs7oKgsVaMGloH7KgsvGQ6ZdZl51jAoyfVfHCuLjwOskpkyJ20LWwJJw3guxA/VI7YNjwVhI2lmcYBanukwfTS4Q7F0TDsViuXIcH9J6A90+8QJty1PspTh1zZh/idTcyF3xmFSN3YcwWtBcU3OiDSCI7k0kJZywBdo1DIKusdGGNlVK6NTZpaWEsJwkNhM0zkugKdCLM+01LVV0kkjXKMJSvmL9y5iTU0UqpbWoLaBx8ygtZFTyyGMw8Kl95Uzpy40GKb5WthFVgNN6Ag3Vs0IISvpBNBmZyWFq05YPSJZhtnas/PFMSgrBp6TwctDORpDPY6OZWgYMTmOMSkpqaDiYe2crV6jKw9TUQPw9kzMyZ8oIr53iNBU2xmTnZGEd4YqQ2dLzRJsKN6UyCMggc2OZtrRfwClvB6vsNAKTxFLji0fAZTQntn2UZoZxNhGlesgzR6JSAi1/jUnxuJRxIukmqMZKnrzKxRptjNEXWonJS42Xg5+GXeV2ZJvGq0qjBRe0hbIEWdnFBZ0vkc6y9Gh7uNjGsBu6h+G4Dd2+bweicxNCBOFw8kxywW17CusaKCg9P8KoBle0TTohGNPvIeqG5RiaSxtr5AZlMmXBwLSotxnVcGbMZ1olNr+2ful8IMtFl1oV3QrKDVTrstnU62W5wN1TsGkjZpHoCN7UaGLGLjqMK8QhtB6Ope/RUHp2VWwWpC8K4GreII4GywqvPlfMhKneOs0OpZvgFDC1AUYWBuZdr5lejHMrOHTOGBIT9aM9iQ4QddUJfY8zV7tq6crV6Kox1EOoKLEy+HagrjpjLMZQxlhXvqH/nNcUXrmTyCKGklYxUEYm9NDKvgBrPCxBebX5VZIGjoUXslJFM8o6k9U9UqFPMUB5dLCLfu8rtC13Djo8T0G9vFFa+8qjo7dYUcylWpBpTFUEzLitdqMmY0dpIBXk8pFaTlMEnvJvbD3LnkjSamom4i4dTzbNkhv0ro9MeuEJ59MPx6w4czpDjCkWxPkT+vpuu7178wZtMASIrm5u8OdyuS6sLWwaAf4qc/KrbOh5RindZCQCO1pGVUV2HHdooq/fYwTizdv9dtce2u7Yd4dedgkpKKGUJtOGy2BEw0itL2oCjzZzvbm5vn32bHN1VVcNKYyCvXFSjoM4VyFogI8fz3gLvJAhp+aDOg7OOQWw4szOjmb5iGGJpx84i4Z5zTiIM4xMMUKbiwhOfGITkSCOJs0hIttziE7OyVWLhM0yX44kapCvD7Y5E8WIChFzpyf9E1JbHhbWnAfmGAkXihHOvLWEE0sJikkZikes6azJJ01CjKwFHKNEjsJfotJPDjI6oXey6DIzK1HuERQq/VVxUCASpQW3ycRR645dR+kmLZfL9ymVNpOiLmaUdpLMf7KGnTtxfGwPTodY3XIGmPR/ZvnFyaJNnxQtMYMrs22dXhldlrJ0ekyK0p98JEZDPFwydPTqkH9GDzCr+eIGh0f+Fl81eZn5PyRGZ6eaxKnqVicCwE1fA7HWmL6I1hQQMNIPLSoIhAQHnEnEkw97p1W1TFsljphPbf8yu4ITsnhvSm6f4u2y8mm9soygilwmtqT9XhTRmC/dZFQXsyFPDjE4Nwui5ruXxZs/F6czLz39Mf/3ZPyjebj5N0+iaPx+BJcFR7JTGQwMwdTN5CLxe+CmWAc/GYgvLSMqZB0MQ0n7PHQJx4HaVLVHzgQaKNeE2MKopp9Cz3oGYn32kgChvoZkBYXpec5SQ05wDGczenH527dgDk1p2cPpaWQs1XCSF7OEeZ1ROdLShbRa85vUtSyRuMnRmGM+GqCzbWgbUeyiHHNx05XjNCwwvT8xRWXfMN67NIQCkvvZ2XTLCZWa2vjOTf/nVWoDKBl44jLGNDyJRkWJVqcbHYHwerZYyajjVgzsSqPGFOyTRhvXyWG7v3Ov0215Tnv01oUNf60Xi/XV1WLRLMlGQiOpubm9Xm+uF3XD3eQRDvVoAR6PR6JIuX+7fbg/HA47yk057unYCS8axt6ahhrG4VBQJ7W+w++qIW6QzZ9fex0A9ydyRI65LhYLHMr7+3sc4kXTFJXWrOcbwGQwJ5UPxJ9Gdhj1qpzUhKmoj3kA484IkeMqYub53fZh+7J8iZbFarUO1mBCE8WokkqIIEgNEy0KxrOZda09HtbX5ZdffvLm9e4Pv399POzretENY6FVgmSkDwNIe74lLCn4LUADu+JosOM9ECgBxW3hY0VMi99s744Uk0dLZCQ7s8EgTnU6u9FdzieHyw/r/nJkh1kYF1+fHckhcd/xkHQps+AB4Px6Z9cSbUQMFRTKiCW60+Prwv3b9mH19dcrDN+9eHZDGVHKDEzpf6PEOwlPGx1njIOS7icK9xhjgqTlccQggcg8xEFxmsgs/WN0RpEZMSyDlvNn9YIyncoCXYRxux/QWibYrhAUJFAjBAj9UXIxCk8hQkonJKA35yiLIBUibkz5jEJUBcRcSo+AIc5QEEWjdM91g/bZkSagJKCZYQU8xnu6bJwlWwaSmSjeWrc/cJWAAB1Oclzwjwpqa2wcz7FhyMwhEBuOPZSoUU5OVKEM5JKriYaBm+6gqhhYOoi/9MfYbhcW5GRw2vu69qJ47DA2qyUOOhu5od3KZ2TJKIgHlqBnc0SvUy8kaDnKyUnWTvKn3i12LlioVtYmGUi8KkK4f/0Glzo6x9cvPvEo+CmsbDKfPjBSxojYg8w9rJ4PCJRpAIETOJ6yldEKWG9u8Oz7h92bb7/FCWlWK+GnRVlc1tWnP/liaI/d4eH+W5zB7ttf/2Z9e3P1/NnNJ88Xq/XufvvN737/k1/8Ap96tVxyLWyAC7nM3+mA7/f1C8e7JVKc01zlCvfkiyk06/5Yx2N38mMecysb7ULKc3JwF950bStAhgDojqHGvm3v37wW5IX67GRDnQ9m/oAwT7DJ7R/3Ee779HInrwNXPFcVNQcnpNgRoCgptALig1NUiPYmF7vjXkIQCE329nBA13dxdTXs90diGj9PbQAAEABJREFUYhtg6NftcVPVK4KJ6hCFxMRJwgqCUFRfSNkjjvmsipvr6+DjHRpYd69wA3JV4IC2F8KVksKhZCfKlShU8wUnp41UPVh0iwpBWvS/FZh2ajdqHDQo8uQ0bmdyJnky0bxVGQ6R0KkBg7iEYALUqX4UtTXhcIV0EYJ05nwG1avM/B75avQnoewMys9nJ5/OlCVgTzG9NfuiRX1dVqAS4+ycPCkSbANRxXKX4tpSBgZ6Z0FhjGCZdYIOArd0QJitLsojtUIduK0fLZmiJo0sTOpe3Fyx4SOFbzfL1T5G9LiilkCPzK5Mx5hjD/mzpznFT0rpHNnc9HlXMRCDAVdqxsQpgLbdvP0C2dmiaT6fvUgE4NzUj/viESsmTURFOI7POTnmIwwGM3jusbco6htCHT0uzI5KGzDQ0L69v8db+vTmGYJDI3vJ9CVxarXdDOWUiGURQn9xmmg0iYuFvjNiAIMY1Kiln2QGccMsem+NwfqSo+heVygrSkgDIBAKjh3pRnAZXizvPknUzKUWnAix8xdzuRcTLnmmgE4GNmOI8sJ7fTwcEYSluA76ifFJ3mz+eE9/68MOFk0FUYEwwKwookkIaVI1cKaqpH25SfNeuCmppKLoFc58Va2Wq80wro/Hh2Pbc3dBhKhRkpZQSuEkEUfBWOGqQ4S6qgP3ohUrXf7vowVKeJ/H6BK1wHTlJxz5qNtOOh3FE0WTpl59C3CJ/IX3TpTeBspjwhY7QqoV/q/smgiLABSwQ7XSD76iDHNbZk6fTYbZ0gOJ5Akkj4alKxfOUyHqiNEz6tMjMTmfBVDBGYfIXHSrJAlCtYpnptBdkbvVyVaZntad+uHzMdEZ/1C1zlrYxpP/pAAg3l0xAe5wdgtzXSGf0UOCLhQWCkG63Uzf+x6G3/kaSPcvmQbSOVv9zVOfSCZYsFFnmGw0WSHKXPPZbBozRTi/cuYuTKJpQvcn5D1lFcaUVOAsgXQaLneyASCtmXwnJUkouDNTho0543eSihrIelQWiX8JkPFhgL3hTsd5cuHPzpIGNI2QT5nv4FKSyulhwx4snyGmngXufUe0AGAwphN+NUhRPQMVbDOzkal++jvPdnLkb07PrUJmPggqiWUnXLSVLl3x9BTKNcNlOZMU4FNa2Ei/JiMGlhszSsyDAG5EKoqiwZ8ktTnngQMn2TdlQVvNtOTmAPgMotHQaP6YuUkrGQqMX2AsZd+3OwywBLbsQ8pbgqDRLq7J1wto+xVn9aNRg4uyeS5JAzNUVP5GTWngRKqQsoOC9BFUAZsVmClhleWm6hWnudXFQrY+YV4VQE0wKayKalU1m8Vq2SxRU8SQLez0jWTvcMgZTSt01Xpcbog1b1aAQX2im2G5ry20hCNGnzINL5m5oKE7CjJwqwLiTsfAeEftDguuMq+YkRcHkyLKBTcHIYo2JkLZ7Ye2w/vHmMK6qhfB12Ms+uAPAwbYoef/hhGoOgnqCpqaOodIxzSzCYDzSziCTZFptC5bMfwUBJMqQz3ICh6tmR7BgWQp0o6j8HjBrLFEG1lQlgv+hLLzZRt8W8AB3CEGHCXiEGTLEU3KxXq5Wq8aHOsrBKiJsO9Ex4iIsJJiVYzU5KGitvTe+HlUGn9Eq+uHOeIcgkh6cLJs52ZQZF8JQ0dvX7/GOBLGDG5fvNhsrlP/uKRo0gkFNOC0JCoF7Ch1qQNuHIPGXoFucFUzzZrbH/Zy5tfffnvYHXites2e1SKlyIAc5Zdw6QtRrpJYLcvFqllfrzY3V9e3NxhtEW3FZlJIZsIMeYjTPNlmPxWz+YPnv0upfqJ9iUwBMnREvyfNp6QcTyrEROIUqeuHdahRcTkMjKsE7vxFz1jhjmgabqlTwhytSqo2GAVXtJp4yerJNAeLYa6sAKq6pNIaZjjhpJPCZ/HR9GinTTrSkfJTmJMV0p94fpxKhn6BepjxTXDndXoEiVPKc3FVu/St4C6Q1KehbQ8t551QxgmxwnAhBN2Pd1nCn9McykfW7WMrOXu6SVnGmOzesxPOz5PJ5Rjj5SueHPCUN8+MaDl1fmmXaYVkp52cLkZ411UuvfXIe8lQUmvTzbdDzC1tUWxBEh8i4/uROugcju1hi7N53B0QImO+K02GcGyKcRwE9L4hSRXCsJgAzjtI3dB4w7CSIvcXd0HTSEmYKO5onli6e9BqklOVDdk92xBkMk3Qp48pn8FdYkK4ZHDF2RM458w/VXtdvRiNO4hiTua93TSjScyay+yWzJlE1UlBSSa4YnnoiNQEd1sYen5RevmRrcKjLv1zMp5Cvg8bSWUV01vO3nYfMDozDMRNJsxsyU1b4GRuZlrIXju/Sk6wDYmVP866JU5yAZKTafcEub02C4o9IjbmR4zOxcffPLMqp1z2JO9mTwon931m6c//eszegLNfwukr0pY8uvTEtKrItE0t7UTxeR00SvySTJRysSROFMqSLOrlavnpZ588f/Z8s9nc3v6CeFMo84Ge/XhE9b5HSO9wOHz99df3d3TsttujlF8SdcqR2cGV7uXPL+nkT+eIWmJY4ASQnt3u8KckEKUEapcJd7UhMMDpBu5BytyGSesApE3zXi34xIND9hTJpsgicaOND32/3e6W9/e4pJpF4wSht4Y/I2HzI/smIEQ9wreD2Hrdo7nefPLpzS//6if/+j+/OrZvqua2xEhqQO+i6Ih/cQBX4jDgRRfoDVRklzEdHVXvYuylJzvSrQLVchEZQXSv9g/HsSNLH4gQHN/lNqKFpSSbLamoh5vpa5hmwR72VLj8sY/oPs60fadrfvelcj5ECcyyDzzptJMdNb0CErOMJqNBU7813JWwN68EptSuFTFnWC/uh+Ff79+Uv6aUjP/62edrCr1wv0zK8yTmdtwtPUfsYtTesONUH0OH1dzrnymlQD4zcn4flSSSC8+ukBpllAzV+OL5ekmk91Su5ePu4Q0ue8r4LTwnqVMbCs+0QMTRKVub1brUN1pUjn0hTctwTsukKKeA66zELeC64MIpL6XyhkXOO1E4ADcShqHQgudsYp0UHnAwz0iQMNIe0PfqSEBK92a5hBEim6fotHvyNHlJh0oY9mzxclPPUNfka/FQjjRlGk8SR/RHO2ySTRtbXRn9j/pXoMNMFPlsIo/GQslh3lLMlKj5wtFkLbmL5D0NQ2GPJvI7zq56csBjhggw4blmFFNG3nj/8hu8VlnX6+srKnakFse6Fzi4Q5Frao1KBTXskRqLr3F0Q+Yj0QKqF01RPG+a1auvvv7dv/37T//6r+rlQlYieYwQbj/7pO9+Hly3f3OHyNJv/ulfms36//b/+L83VfXL//Jffver3/zmX//1b/7+7yl1qaN01DNZEh8TFE6XuWb6GhajovqPeeRIiss86osfi3/cvBM3H9AfUzFdOsSIX282uE3u37zFNSCgqghwxAtRoaOluL27Z4D4+WK5YFQlAJxZ8GfRVmfPruDI1JQHcuXyUcbkxMoiu6VpOsc9TSWxD7x0SwFIYkPZfLns3BM4tmjIZ1sR2YnD8OAwtq6/j8PL7tD01U1F9XoFfydy0TlKZd8PXDCI29bjtfa7cVEv0Sjf7reHri/rEgewHEqphC2I2EQrOCi5sSwoFYKhGraRiC7l2HU1wZuE+xIANE67iSMEXKbAjVNBSiX0YWI0b9KwXRWQyb1LJV7ROcjcj2lT5FtG8Ws9vcQPJMYY+VRjtFYLMI07ZCjaRY8/TrAQgIkMJtuL57M5+2IyrMCUlWTwiDiaKplj8FqvHW2cHecbEj0ABWq9n4GNmn1PD+hJ2ZWhGpkUmjKKqFFkWdqMOetG57i8ls5WUE42Iudg2UCU81doNiGcaYaZdRrV7R1EWg09X4T8vECsCUTWXEZV2FFYHpjCxYlxZazKAInFjv70zJLToNFORCcUgMVoQEENg6y1HFyel8yYpk80voTVemQ29fvdljpAdd3bh/sax2NzjVpHmFfQgwlmywERV0S2CiIR8KMvQFMBMc2eKjGPwRUXl72Doe/wKdph8C3eeCsmC7Vt7ooGuK5UUFFeK5zZo7fPnZoiSNDdYnRpXOX3xxTB+TLLMRF12eAUjXcnepFtB6aHcQkFcWkrpIUyn/eikNbtJXUXPRyWImmtOu5RmOw9AtI2gft+R37ndMc+cn+lTNQn5IS3VxTDxYmMkVFTfDBb+Gw+aaMCdHcXTX0VVleH9f3huDt2VJ3MrCrdOBSBvObAydr4J66KLgx1rEoJK/I2F0nEmwBcZhO5j3pAaqR9CiJFScoMs/4K03PqSqEaWJCGoKgbKkRXC1dhfK4qysF1Q+DSDu0c4BO5qfq5zuKenBOvUo4EZOD0QfSZW9QpRCpPLkhMHoz6yFa/BdyYh5Pn1Ckhq1eGUigSRJSoP+GeduRDHbPUt++qxCHPOFEtYLlznM1E3P0xV1+P3RD9CFkrd5FU6EFhcIdpDplxMBO832m1nDxvuor8zTCPlxromvtqJyo4ZxAlmO91hmvG3FTONhnEC4+YvnP2ZfV/ToyxmN+tUFdIAn3S2pTpiitVQuXsgERm1oDJqXfq/MA0dLlE9RdKSPP7yH6BuYrJh/H8DDPZ6R75jOYT6NM/Mq2qLPiWw1wXJHTi3YcqaVPvKu/ssdJ9mg6K+WmnZeAmlyla6DDEKYjoJoA+TqiC5A4ApCpyfcuuO7/7/HYujENMSlgEt3KqgZmNzhSfUgiDWX2m/TiewQkYjopvqK9eRUQDnquS1ZHVOxH6ZLMVwbxosFoOXbmzBRDth24uMKYmNIIwwHWM437sjhgGxQALlf9IWl7Sm2C9JOShfDL0E5QabQlm6l4Xm4ZqRMtDUEYTp2kmRpAT0sZQR1x5TZJ5IFpO3hnzKG/MooioWhAyxVDbIsJVWV/Xy+tmuUHfA80dYWTSzyqDh5m2dJNoNrRoObhwKNBQrctlUzQLxHYd97ZI8cJc0syMHJttsYx5V+JoovzqqHs09TegunNqj66zxezoaEV2PYFfqLq6AXHbpqjWvl6hvTyOZTcUbSjajn7BRxuI4ARj16ihuIlN4dNzMI4H5ng5TmLp6dIDK0KOykfnNPThwIp/NQ/HC8MgrjjKuaREfGBznsjGSrwgWt6dr46+QvR5G8I2jgdq+BhHtNw9oi7lYr1oKLdnUTXUisgxfbftO1XuzG0iCeRi/ABH2cu6qYV/K15uTfineCS1eCL38pRBfMAOAxaUVVOhGjtQuTLVKyMW9JOf/5w6vzAUlqJ9yUKWAIecTRgs+m4QdUG8/Rimahrqi4pOQTfstrsDusTb7WG3647H7tgLAVBU7lHzStJmpAwWqp4qMSq9XKyv1s8+eXZze42TKOxocTLPRhFoHhLwa+I3F8Sg/thESpz0kc1+kko6SkzXIc/YH4m7harviM9MANqJC8ScAxXmEhGWtjr89WCOHRn/VSM0J9JPx+X6NM6DRJGRFv3d1qkxdTlRq3IndJ1Tsr0AABAASURBVEsl05MUIga1PjOf9HxVGIQo2w6kBYOMkySQSMQHFwb+x2EsH0aX5h0foGKua6+JAiqmhMkJ8SKcbmqjc+xw6pmAAcdulNJk03PJ2ZSZgphBzycG0Pn4yKfyZWwKNPs1W/IAJ0bU+/T+hQ+odXrxgx8mDt4XKXrKWU8NqunR0jvmDuejIzMZU1A8OG+pRgjvUxI1dcAd+mO33z7s7x9wzwZug4bRGA48sA6ZuEgm6zWKbGcqd9DAtXfSAYupFWTziC9M7CYc6ZAbljtTFwZcMo5TD50LQ+gmwz7/ZVpL7iNJ60RYMx9yN18T+eViZtO4KRdHVmcQbaxwq1NKLfm2ZHcJ3Ba56d3IeEp7pIzPvu0oYUCkQGAokIQlU3QxtfpEEseuI0g2sN2ZGntu7ld9JIXGjnPMh2SueqZf3+Evpu0+ZZJnaOX8YzGe5WdFp6ZfjNNDp5vJbc54csbvfWQPe1FkzV55xP2J2bfdDFpycZo9l5/j7DxnlcNWzRCN+osOqZ2PpD5YdATLqtcU0lGgUbQH2BVxHAcFRqbJIqLsyboijvCqurrabG6ur6821zc3qPf/7r/+14pLP/FSlG84UH+Vh4eHt28RQbzH/9DK+EvSyQceInRlGeEELpfL/tgimIjGBf6ePpNwGdn0aVoHaYbnC3BuZi59/NuMuAKo7w/ivB2FkXa73es3b3DVNE0N4DSMFJnZMUqOiLiqZOqX5FyQ8DsctvjXs2frv/u7/+3Vq7t///evb5ua4B3yLqp4RLmIiBp1zEEnpeioXYmnpvKi9En21UVJWQR0kfhssRGl9Wq3bQMz11FfRkIX0eoR1gelxsr2Z+YwPnrEP3pkMT9+6AvHeFmmf7zj8ZUYIW+nwa9MNFnZ1+ng1JA0ETAX8VKfCgxKMOUqlLhGjx7+sN2N33y7qlfPr579Al0Oz6njRA1NpgvzmYvHzBV+HK/KefKTG5Diaua0k1IvuYRZyFcDp/+BNDxnDY3G9tpT7ksQ6k788O7h7UAFmRiUBObEp7IPGHjZelcWdO9S3Byd1SpyUSIYEz4A+yrixkYrdBdbj3Efr4aLBEcjV+lJ/jiLjoriUl2f550kWeKEXJafAQ3EQJSPoW977iFKR71c1L7xvtD7m24ynyo4t9OdCS6i7G8a/IMaN3LPN7M11Y9yP/jxXrkImU7lf4n4sZS6JyY8oKFtA2UDM6bhtHe8eHEqm+VUhjuE4DRnaPa2M1vnvQyo6c4yKlaKNexR/X7zLa7jZrMqoWHfUPBTHn7m3wSxE9nuTh6DCdF0dQ4/43MuyH3d3N7cvXx19/rNJ198jjE9tsWIuLtaNbdffI6+A07f8e6wv3v4j//zf9w8e/HFX/8Cn++Tzz/71T//y9e//f2Xv/i5MUhnt/4uyyn7Jc5Ewo8oeM+PcwvvB7q9d2icP6kBOTl0j3vfLJZVvR8ZzBVWaVAX1AODg/uHrTTVosYvj0ebYALf9ZUTyMD+FFPIfdxDfJ7ItTtC7ifoD74l7ZPtg1nBOuWbFEwpWyw3azpD3xarRUFaIAy7eNf3RQerfoGwzhKxOfzOQPG7yHIboSh8lEVZceqJRzGNe++zTz5FL/DXv/0NmTQeo6l9VRGnHcIvBUVVY4EgKDB9ESJ3g3jolGCA8qntuxat+RFN+4Yqv0GqeqegGv0kdwxCXpGcJcHDlNZhzgZ7YN5Cv9NwiWN8UXnzMSMvmQcnYdaTwYHq2+jm8johlfkkuVwpP+FgkIqRRRWBE7Ie7D7lg9qQhpEPKi9jojTHyaaktinpRPoa5HcudPBkF6Chu6SsVoTCW8k7oSbuzJx8fqcilhE+DHV9PLYCUwMx/ql2Fmr0/POCzvBT29BymCcwN3Q3jsXQ43qscTXQfVU+I7yZNLh0w8x3VhZw4uwZJ+mDAISVjoGoWySBRrzHx/ad7ElunUNZt/jg43IlqOt2v8O1jA7k6/t7HN/bzdWirjEADpLHya0biAA3xIxmmZIoFeSNTNFlqozYgapaou4UsqXiuJ5uizNmyKigjs5uUdREqiaE/RL9tIYCc42saJUzSgGY8tUnnDPX8bnjlp9H58hG2+Xum6z52Re0b8U0fmAXilbzdWZTMWhbcXfzFv9sEJoHzZq2IN+FS73vmCTBBx4xzp0sYA7CKSSTfZBNJ65kyAtqslGTjiFpppxlUpCYa+rmyhfPu3HfIrh5jz/52kLgEUZPpjylVrClTd3gQ12W0hFmEiyBJSLKc41ZOOfgI7tdcEbSmx6fU5N5gslzV9Qrka1ozFDi05zz5jk7BFdu6WFR+Y74sjjcL4XbCRjQ74JKNw0Ow8jwsLSpIrrBMBajq4cCpcQYWOU57WttUxBk0LVhh4lbEQ/cskd8exFBHqaW6x9+fASPm7/Nrpy01k2zDRe1RLTpkX8lKsZhHZLbBVfLOEtHSO7hRY3zPhwwu8cczKE+SwSgUyf1YeDL6dlA41tJz4mOOeWMT0Lm4mDE7HPunXsbsvuOFnmzP+fPJZ3gFdmMoioF8XHSddYsCbAQ+qmZFjVVAk75MC48wvSrbhJIM8L75V0+1PvmAi78JhN0AYRNUbowdSz47kc2o3xWrwoi/aLDGi1xRDVIVEhiul9PCj+mIziXhzy13FDCOjK7YP4ggEk6gDy8oV/NFoJearp5p0bhJCrMSJxeyRfOGDXHD8QplowT6iwZIgq0Cu2lSLZL+r7GMvViMVNnTgYpNaBwp0XDMTUROr0PzmfpwngYusPYHRELkXAunyI4LWjm8SmEotkZzYdzU7AqRjM+kmHgYOKX1xBO0J6HMU83mXgLcp/YbGfJe5m8mjhNSPqYU4uAjT8i1XNo28AGquuivqmXV/VySbwHhTSTmgYFNIISNbeSToIq4Oj9gLjOauEXtRO2XfAw24STUXIimfEBOfLn2Tamh6PEX7RZC+mFQoi0s7uVuuqxb0fKNUFkd6zJk6pWRbNyvh6CP1KuSdWHagg1r40iutohzOubCnFhBnGdJEzSIxQ0/kwUFMipHIheZSxsmQvPu8To3bShnJjNFPFgagU2MUmmR1aqRI3lqhExY193vtiDf4jwEMPOh6GAgfjHoGiKZr1cbpYNmq2LumwKTqkdPLiZ5JSeOrIn2ZP0rFGsAUryn76HofXDH+cGW/o9lX9EE+PECoYqMwSMLXVty9z4w3K1Wl9drVarRMjJlAVg9D+qT8VFwiXScZvvyI1mcA0tlksMLJDDS/Hrfvewffvqzfb+4bjfo6qUGv08JOKmuCxtsUJAUSAq383t9fXtzeZqvdqs6kXF9p51fIsuppxaOAlLW+ZcQqZUurqpJM82q0nTJH6VtVJawzAqG4nlmpvp4OJnJKHyVlIYtNmcSoPImSYDtbdQKVVRrrEeXGWsX82Bkdw3yV9P02S/5k8DUhMhBCdFORXV6Ec449+dOkdpVYAQtIjkMLRZM2aIqIToSTqB1vnkhTGp0CG5KTp1jBeN3Eke18Nht6ekk8ORR4/RVCVgSMOe9OHUTe9UHVw6zl22+TfSGoA0fmD71r3rgJM/4qMfg3d90+7j0cvkxDYXPvkkSPmxy18u8nFu2iv8guWGpjWm9GOR+rGQdYTqoD3uBhQFu/vD/QP+CcrI6oWolBW95lHpuvXGjuN1l/Hakk7dvNw5WZAXP2eZ0D4qEj9Kspp0jCar0qb0febahb2RW8TuBzwmCXLxYjr08cI3xLuLgj1x7zkxLzl4QzlfPU0FKV90gschpYcGYoe1bjTUMbVI9rwENJz5ki4GOHHqs9+jm4U9Tpbu9/DmcmcKst/lQuBSM6aLX87ZQaa4gtIyct/MPJcXXx7yG4+TANRBZruvOLmN6RNzc8198EPntyC77oO/Pt3Mye0W7tK8RC0lzyz/07IFWWvppMmBdUnmh6D55ULYiBYqpVemweR1KiAod9ekDFM4yGplUgBrq0XWIxq3q+VmQ5xk11fXq/V6sVw8f/biJ1/+9G/+9m/xVB0nM/4l6eQDj2R+iVGwWCzCen13R42OhFwETAKK/lOKBmKtGrnJzhD6AQ1ijSzAOxTe9z1QyCO+CWoZhf1ht9veb1fL9XpZVhuvTEuSxG1tefnmqdVTXbJxRTWgfX+sq82zZ6u//psvX71+3Y9vy/K6rFb42bIP1MNkQMu/pk+WbVlXrKW0DgSfs8aQFQlQ5i4va69FnPH1YXsInSRYcbNXQpcLcaZUTSb99CTJEC0wFr+XAP2TOOL31psf8P3HDa/3nGyKdU3Ws7xuLMNqcBodqZTzEgA7hsIPTXg9tv/97Rv49/8of/bFT9brsqiU1BSkGIvtbepzbm1iGQhWMyjdhNPewmBNY4RzsODq2AJcIskFBS8IdCiohKL8dNlA3HCCyljs9q9x0Y8cyXIiXD2b5hgirDgJVwxq64RsiIpueWICFaPXi3ynJGKngNK0NNWy0za+PhaSfl5SnSfd2kD94kNqEGyWuokXHol+JCu/a8kPLBd1d2yW/QBXrqLARmEROpiZc2afuzz3NZtBQR8cA6rEd0IR3MC9JMTU/O6G8nc7dFDPtkA07T6zbOxDeGs0kgg8N5t1EJyDRndvFRLWcyLVqWqsljkMRu52VDBpM7jMQZRrPaXSBey0dEo5uRQg9Pvjq9/9HsX+J19+QbKxopgmGPjBMUW8R8/dVf3s0QR4or7Vssw8WG44mvJXt8/RJ3x4++bVt9989pOfRmbC8RyVWVytX/zsJ+gOfr37NTrPDy/f/Oof//n69nbz6bMXz19sv7h/+Yffba6urp8/S+UsmY3o3BO6FZiwVX/mx5K3cZ4MEePHMqOfevWLv/+JH5HZlRBmkk3dHRFA6lVsIqpRlKMD3BEIGBHi2ffc4HmVgyMXD4NKQepm3Mc+0iyf/Rk5589xF7NyKHre0RQorAjsnRqxgYTWhXGK9VLtG3yrb4/1sK6ZCfA4jNu2xZdWKEwrCWlR0zHa0IVyb7uuLwh2CexWF/jiarH87Pmn++3+5ds3sR9G+l6QkjnCcfmjjGtSWqMX7YbCoaRX8Ipl29flQMm8aCBJTqbU+StiKyAsN/iZAts+FbWrwOJJyJV1mi+rYSVPLpx4YZnDL06jF+Qs+fJu0uJCVCa6IuYFBwDu4tY7qTdyqVDUvXOWp4L4yLUc0myMm0BGcbACw8+zGAz3eo+m6PH/PTXf4ZJKtmyZY2oCOOQ3PBdVejZkKfQMOOLPCmetMoqw7FYliYfSm6qaFC/Dk45pwim9CU6ybGcyASQ2BiD9yrmgNCLCR4RluCjLMnJCJ601KzZOJ5mz90/VHPqu0xsAaGTE6CkQXh8LqWlzj4vBtJtKVlpoayyK8na9lrjL/rAfxnF73FNmK8Rn/qYBPidZTMopQmnBELVSNdKqbYP0B6QPSHaFqELr7QGUbENJtfHQ9VLKSjnnUQNCDXMlKuSQoRFO6npAyNlExYKYkiJ29LOXwskxCxsn1IL9AAAQAElEQVSfv6hIpTB2nEE28xKSKJ2EnGTySJNSI7qLZ2H4aEktlKDPoDY5gAjgGhP4yWzo/J6+4h6zwD+mypFzSXPLMxYicQ65ERN90BvFRlDBIGKfM0NUKohApo1agmuK4mq5eHF9izus6+9x+oGmu+hC70fXCwlgdN04tj0VeRGrPWflBrWnLD9mDJJ85SB78fs89Nk5zBDWwm+AFKmRBVGoIUqfKJRMWplFHG1qrv3EUUQopioAY7TUbiBwVyEnph5FYtnfnnKykjSNoKQxo8hU8CPXuHUBtxUG+RwFQDhrPwgsZzI4pHlymbx2GqOVhtHeyAyiVZT98Y22XCR6u2HSkKDJ4Pm+d+4U0k0UFM6SvWhn4fi0u65vI6wlr4J3c+HmDwjvCGA88rFkGydHg+hbmdcq1RNcNjJj8jSTEp1GICbBFuMEUkuwZHaOyxvcKkPnF7ykVNPyFr8iRHUIY0L9U1j94pUib8E4fVKtj4ktQI0RyE7rzHJQqX0iEp17R1BAvJ6nHOafFZMJY2kmdmi4NGZ/pqs8clbeRtlpzKYNPHoTpY00F5jfsDlu9mcI7mxYT58NdIT039kbhuBHu5N3nyp7RRx555w5jM6nM1oqhpzTX4ihRaOpYmEGI/2FQheBjwYtV7YPBZKJ3uy0qA+elDBogZBwa5gFBme3y6sq2P05bsxDNCfgDmP/0O0pFEb0yCML3Myc9TnLySkiERL/SBrjU60aVYykZazPK+kmwWAQeRRZ7UFpb+JstxhUcLKFxNTl71PWIFpmbl2Uayiuq8VNs9wsFk1ZF9ZDM2b/yVlZkxLj7oDfLovQVG6z9Fcrv1gSLZzXEPt0MzBnZ80Ckl74QjiBAEUjUxH0TGhNXeCo6pW6hQbGo4jyj34eOzegARlQO6MPVYNfOV/1A+K9RYsOVl91oRljGajhG9rkdVEs6qIhLgcgSkTiqRm9dMphgItaCfctVzGNRaqvYUMCb47pwWfQB3CngCgliNLVmexiXE4IJuOXioBwD+Bd+N3gHlzYObeFsUNXDG0JjI+Xvlk36+slBj+quqgaglwoQYbqx8iOsSnTieY5ZziRoG+qp/QnKT28rNyPepwrL13Z89czDDae/s2HJNZjGOj+7g61WLNYIDRE5amU/RMqzjMI1lsqD1ONxH3eUk0Xd9oqFxhHaAQPLLmy9Hhs99vdAf/3sL17/fZITcBHIsxwTvP1+K7tTic6m6IkGv/NzfVqs1pfrShswYGAUTJvQamjOW3KxVMlkk5oJiEYtnYygFknC2coougyjfl22kyHnapCEi2chte9yBnLNQHueTFa+zWhSuJal7Ksm6puFlIgnrhR0lPns6NR42R18EKU3l5ZXwmwk2g/HQqkVIXXzgjpcSR2G+IELE6YjO4q6Z7FwkDOiItBsuHb41GKDTjDpmjqhjiVy0pkrZUa+ijV00z6ir/iFw97mnFcTn3XM3lamhSfP9c0T1O2QOaL0RyPJ+s5xpO8IjWpHrFbn2o5iCv+6GfffZIL756KhfN9Ksrm5CbOzjN/WHjM4wMR1ZAqFuJE0JjhD0m7Sgopf575hLh6yschtPvDYU+lieiMd4ddRzlDXRw5VJG1YZFhlTUAgv9Ir2hNZFTLgjNOPDd94y5UXvIFOU2f2RWF+ESS8l08HSSdkyfO4MWRyRCS+C4b77ucc253nd2d+CrRPjr7ULKKBaYgkIcHn9XsQF7dIMRKxGgyCnfikUuGqG8ONzPSQJPRrbF4KKypgPAYcEU4GQveJd4YKdp3Z1BG/iiC5H2cUfIqHHILD+Cd+zEmJzvORLXdZrIi5YTyRGacx2Iir3I5GJaunc3LpSU1iZ+P8PQffsAlvyte/KD9Yqjq6cxe2jkwOWXqU4s2A/aalLpPDUgeipGpl0XbcVw+CRaGQYKgzcC5DKTppKyemjCOI6qA19+8rtB2qmve3wF1B7XpaWo0Elar5XK9+kvSyQce0dxY4ZrDn+urq8ORuqDhi1dXVyV3JUxghBc6W06GjdzoCMUKdS8sCvNXv4egfed9cgCpcFz9g0vozZs39/cPDw/36/WqRsu6pvyYyDWUuv34JtXI4G7cYWyOHbW8d+7oYvW3f/Nz1FP/n//3P6FZVZL7iX5FRHC+Jfpgejj0ofDMFIYhj7wQjBitI+rQAZJqj+evYX2F1mSLa/wYKKWvH70ARAxask+lPiOYKxVNpGWKJZ7b3MnNVN8ZflSh8h2PGD/iSnjag+cKNZ7pWPlE3j4tU6iZi2j+9bkpoWfQSRH4U3BcJ4aTr8cOFWndLvzvhrF/+fUqdP/7z3/+xc0ten5UASEOPysd2klDFP84KOyr1ZB226lElX5yjEMa+pCkxagORkpQWjINIhXssu1E+b4Ii18VlV8tid85jBgf8NvwZgx7comYYp/r6QcKSLUVG1hm71HQRV0HcVa8ZojTrxQioyY70v+bTLEshCGGf2RWQxk76tLJEp9kSMNQ9+DMXnQzJCFKPg0NKdMIjWgyUl8JSQ3hqswG4QnDlkH1W4ZMACRTJrkmzvAY4ApCRErwKuhLMBpDLgEOXcG+UBKDuZ3hPsIBF5HBd2wNEJ0pgCi3eq4WjRguCJ10x1ZKEqw6ghNxtEdDTFk3oj4DtTiQeeFrulnxpfuOzyHRKTam///s/VmzJEmWJobpUTPz5W6xZFZlVfe0NGRGMEPBAwUifCHxBBG+8Cfgr+C/ka8UwQNFQICEYGYwhemlqqtyiYi7+GrL4dlVzd1vxI3MyKrqZll63vDr19xMTfXo2c93aCSHx3fvyAr9akX8suNRtlKhlc19LEH6yUoVzE+dIVJfOMoAYp83ArrLeApLItcW+uG4fXj4/YS//Ou/ZpGkWyan5dX1219/s/th8/jde9Jv/+l/+7vV9fV/83/7v+4Ox29+/evNw8O3//RPZOQTxXSkJbhnHOcGVDXtACdhZTGOY34A8Nz3d2FWXuz3/+Q5p76VS9/FKiXlxx2IF6jxI6d9kePLXu380DkhTnN1fU1vNvA0ic/FycDahA1csfRIzghaWXLeeRezcpF6tBA4IvanfO4Lg+Kgj7WLq6XPOtxlg0Xio+o8PHjWiQXvhPghOVdl804RP9JvgkJiNIl8pd3Vqh+Gxc2BPu8PZIHvn47Du+P+erGgGPxCeDpvUoYokfDQRPFR5rSCAJPIO0O696Jpv3779YYC9bvtRNFlaRpCzjiKMpMaNnJzBdaskBWchixO4bt5Spy9QKHWfX9ckl6VFI/aE85CyVEM/5zVp6Ti0yNXSWzaAow+ucehLFYxVJxpz0PsFS83XKzaFEypCNngnMYP8JQeUu3VgdrDUP7xXQnPOVJ9kdHcncJbGkVIM5w0znDgOdC+0lBq4UbzwLHzm+ZWG7Ukd3doSFa1XHUXmpdtyRKX25NT2LuRhn4KKaZzUvnJTLXu2jJE0zarKUM0n5C99NBUJUuQ0ijHkUhU0rQb6DSmkV3thTOaD9eMKrcyOxhLKwiFHT3InqFxpU1OVhtkluJgzk6YbT+QfBGG5EFYdcs3N3caVHt8emST8niEp0eapa9u7lgxQA7/G7TJpCWtrLSwAMm5l2bgcifw3hOqiJHd03JFBQclMuMvT9OeNko+ZmsHoRJX59bwDlGB8bSNUYaYFVUhI2k/mE+sUrpoGszns/7JcY6Z48q2RNk2QZQTGhA+WmhCf+KcjONiSmnSuYx1tJ77InIkR1WvOVNNZwfUT/TMX3/aga4fhd3qCp5Xtsmq5GzsdjqVvMavROmxTF49waZLC6bh9dX6eLzdkkq22Ur9NgeteoSWm+yw1tJzspRkc6XA++F/piq5tUiQk7y3Tz/lJ6TqSXCg+lBVnUmca1OETxC14YMqPzocNk2yWCptBjJgFpkt313D6vNQNp5eGc8qHVHZrxSs8ROO2iY9jZLuCJo0IIk4CqfrDiE3KyBy9ZQVYqTXJ2VHaJZ0NY7PPZ6fx88yt8NJ4pM5GdqqMnO5XjLBPtuqob0bExR1hc7tGT5pAo8247zm77OOc8dC+VMy7UjL4qsnmD2Xmr04d29K1gKEmHD1Hkxa6AOf3RVKmqmKmRSajOsJp4+pEelzIZ7mqW4hx1OIdXf8Y1EYfKpN2E2QirWYMNWS0Zasup3+byK4um/61FHpiuE/mP3ZJcClC0ZViH0/YQFnvXjruWFT2FslPqpgoU/46bqLnjDl+k+zubff5qP1TRCaMwTGSQrqunjDoFIAmN3TSSK+K5fRtIMUNTru3AcjV1tff3AJHwrGSRI0C1hIxkmndzaYEvkFy83BGjCpso1NhKTcTlSAi3RpLYS9s/rbT9jncT8eNxQPHaW/hSjPpsUCWPhKYfxzVRqbcihk8TBpttdmk6jCTNmt8PjRtblUdDpL0xoVbsE+R4t/yMZAjc/XWU16ERvyRHIOlw2sElw33Q254DuKSC+4C7LfKkUSKphTCxlqAQ8kOSENZPVfLeFmnddLBkNsNI1YGSC6jKppKsXqK3p0kh5k1nSK5rjJXSeQCY1a7SOKrsZJ1IO0/eyPUuKV2hFJK10hduNINkzXTy25gI5jO0wNUwVj9HZNw+1r6IH4hqOqfWCZS6NF6Rk9hbvqNLaMTpyaDW/Ab85wJMqO6p7zSnpu1MdGJRt4NK4pdcfUkM99O01Pw7Tt0pEBwVJizEByAXXrm9VitVgsud0PB2rHnhXrHHSOFoO13iU8fWStLQSjQkEdLEtczuc0iyY9wz1+3uMj3PJcvz0/uRHMcu0clFQXHcff/+EPZNcvVysKXlzf3FBwSCOZABbSZGUvmZdA0SzUjXk8cN8HTqtYrrrFMpujgIMaXKZ/OL777t3mgZwGRwpp05lkkegC2sBMR0zGkMSkpdj09d3dqzf0erUmp1aXtdENE88o6bGixojtPNUKjD94xU9UFdPPTxR3PcxksJdVfCMe9txThh7BEB2aLO3+2ooD808J9E7ahUcDxpMbO4IOwhkh3IFgwb2Z2rZxAV3LlGRqnh1FyPohkbxJEeB0Qex/+pZBV2orEynfFVeGRRAny4w2UOdU7TLpMC9oEwIqw4mz0oGcVm672exYIeeqB4oKCRY+UcSaCxdzVuwnM/dlw7CbmamAvc2bp+3m8el4OIgCZ4xsRofBdecfXCRqp2H/7TSdA1x8wemipuriZ1r8uZcJn9tWM0UgnYdyz1NB6n0Hzzgbca5LuLRNZ1wbZl+6cCPXd5JuChC4GXN8JC9/cNg9AxxVj0kSmY6DWFf0tX7cPt4/fXjoj3vmDf1B4IEF3z0kLXub7b5G/wIEJTWTkm/PP6zHk6aYKK6JZpyA5yIoJIpg7JkgNtKvVbofYZOYCnqZPeLMrP6s68bXTmjAAYVBRwvlPKh0C7Hf1IoDU1Tlf470EBc9SvolI34NnOJ2ZGgTchEyTlKvu4ebNbPk5Lhb9jplyUPDnNzMTBbFsOpqr3lOoPX7ufLEkHKWlQAAEABJREFUzibBdf0kZbo4n87PdpWfaJh+Ef3XPcB4YWLRVu8EWxRTcR4kUefsofxuIMjwcS/+dMKLJa84M6ewjPbzaOwFB555IS5OI1yoib04OXB2ffu6v4ezxT2/EkjVIpa/QWAx6nqpQDGVVV0ILPU8x1RSyjDon6+RHcCYlCzG+QbtrkAfNLSzl0YGjtYzdKsViYjHB6QYHAcy6Yr//X/336af7Tglgpct80UH0o/kFy854Meccr6NNcH/IJ3wFCZa0RfcKYDphNeK/szpIFA8LumnPsqJxEpgjVqTOmVYiZ+Q0dOI03FmSWIQcce+NM+ZXSoFoxUUPjweehYjDOqWv/r66+++//bD/cNqdcXlmY0gLNI5RymVlh6jIF2g1IB2HcE0zkYylQdtgN3kiRVWyaAm07KfVLkRFxLUOy0VfTXBpYU4mw63334e4nnJZV94a/zJS/+ljlCvL/yJVb0o51O3XkpFd2dRKJRUgo41WwyXB3+E4T/RKm4zOGnh+wTbcXh8eEei9er29vXVHSeaT1L752Rg1rYWxWI4XNyEqXWYelOI0Icsbgk5TTHsJWtjMiSTBMsm362vuTctKgopZ6UOgpg9Wf89y19g1d0eAmp7QW8dm84KcsTMEzTjIkFBXc5ahVz57pOlIyZNJOarWZKHT5rfIqVUCyB01zyrLGIXaYK69JFOkiWjIaty9wTh6aiWvnovOg2Pw+oekkx9IOydEvkX2Gt6czhvUHd6JCgtf+KzbJ4rQY1drpZ01iB9WVHKb7OALDk6gPqLrFYAJLVT8E5yoGjCTKkqY5j/6WxktlJlfXRe6OLbp8fFaqXRSrFRpc4JTAHU5kwpHs1Keu1QkeLGJEphMPtQiEVTkPS425IR2JKx22o6KSN8EpGPA+4ft8fdkaLg28dH7Mi8v11er8nI//73//Td7//p7vXrxkpbplqTi5Wd02Z5JXO3mbWFVcVGSrP3J+uYXkYG6Y94xJjL81RPkf6cuPSPOOrdGgQs/plsaK1dy5vkcNTHL23LpP8XORRoY7BDRQp/4KwOOI4aA8lVC0gXVSY4VXnOKeVMn4GT25142aAKqOgg1S0iCbQpeT0iWM6BnJaNHyo6LssHkEJ2MfBYJ6E9lWDNDlXyG49yD9v76jzNUipqjBdyJ5txs90eDnuuKAIwTZDlmEJIg7S9FN+Sd9AU/wDvn8wOXJpm3sKqVeb6kTFcKrYbw4pU/q+xuEkdHKA5b1XgzfPqTXQbqzFpZXIJzV5OFefRbA4VGfNVcT8H2KXmPgSAqv8dwszRoyzcfbsXtGxTYAWLzEzkbPAKql7HLcE4U3LG7M8oOsnkqUgKiUY6bLYG8nxmLtLDnlg7W4s7bjINWZ7UBqnBD0lQ8NoveyJJUQFTNZQc0czvqM2zR3O4N9U6mOqkto2NPtOTbEYm0Vryyf6tZl8eYbZPrGkr8lMM2qI+FVoBm0YBXZCLYXwLKilHn0q/cN5EDIw9jIxFwLdcdd16tWbdBj2fXnXCUkydFV/ZBqlQ/LIDG1MC5YUSktCIz1hSAyWIRI5qRXduJ4CIwIXuAzZGcKEUod8ikY0ScN6jqqK0umO9L4zlLfnWKJMNtaZro7CsHbsOmL8EcRYLjPva08mMCdI4cqlic6pKBQmVnVDGDJdcFC8/znZZxS6TK+c2WhXuUyULZEL414k1JY6tFqeS+c5dt5RF9FmQSCBDlPP5Uh1JTon94ShlNMokpH5ZvOoNqPXMjJT8Gj7TsUDuBrRcDwwf1Y9TFxwwXPHt/NmhrAJk692mP7VDeZCZ7WtZ+lGADbQySE2TUSyIgUzjgUmE21Jp7ld25u1OOiUTlUmq9SW5KGY3UmRWac+1bIWDzqqeXTEvycKzXa5pa8X9KYnXalw0YYvV9FmT+iePk3NOaFiP5yi1Ar/X/Bj9XaNKTS4llqeriq5imobmU62X4njYsZcLWE2/qznp448Gz+uoUB0pClpF3JMXhT6ioF0TxgJUFFk2sm8stwoUdKDgHGX7E5oYg2k+Eq1NS6kskPNaEVXiMMlaUSrZSHF/lBwX1WUlwMp/HSHTuO+H/nEc9lJ0KRa1DhHjruigd0w56pzhSR8rNmyjQQhteUZCFNR2LgwSggDFK0gwE1dYMuzLdtAp1U9OSVQ/zM1UeaKTR3SsLhpmOqoQzVhbzJcODLkko2LimbxyXbCJ0LUghgEWcdkUmWnD8MhDAMPYMyYH6JoC/w+UElJ5UFtvaRaTrRgdIHA3Ya5dqUXvfCSopSYc7Y6hwSGVaEmwyrM28AuihWDVysydb0ySXEgKD6NZpA6aFVfSsEbVyKKZOJd1ELwKdVUbopmvnEdNjckmB449NalUbVKMrQGm/TQ89runI/cPnpL36NFhS5c3CXFpO119hJwilCveD8QT0LLqrVZtcpWwxFNZZWYoN2HY1svDmYf2ddGdhJZcEq4eURid/BxOVc1z13Jory9SvsndTbt4vbx6e3Vzs1yT/b1ol25qCqKhxJXRPG0sWPthPIzTFtOuSYdFN9ys0826vVqntkNLvWXCNmSsBKGJ6Wx6Wbk8rQlxDPLrOLas7Tmyti/k75O62A9TfxyJkZJ+grAgFpfyakpLIoBhaOjzw7E59C2ZReTrxrEF7Nq8XnZXq0UjeqVgAk0chODG6UOaBqnr7jnnYxpFcqEj1NgQnT6NkhXuVxHEUKws3g7koJB9wZkwsBhTe8x5h+kBxweilkU6LmDqGoYhXkC3WqyuGKlhwRH0TnUuJ4AJTHqMDith0DUMSsk94xvhP0lXQwWokFg6PwB+nN5x8fjUpT7TF4HzfBR9UpKSnGGw3dLDXl1f39ze0muxXLaSZ6PJ9/5QtnkF+pEio0f5cRwHMou61fpqsVwzAZG2TyRzOG4enj58//79D+8f3z3sNvvh0E+C1mli0XU9mWfZ67SkXbu+uXr7i6+/+atfff3N1zd3Vwuiok6scElZkpm33Mm6l5RLhLrBoEtTKBDCsefdDQfhvgAPZ47SR5gejX6KkxZAvYfSF6ThLuoZ3fPLlV7iUhgkyyYa8XBVd9PQNJLLkfx7S9oPC3IYmDMt58KiPTut+C6KEy0gU6bAUkJFvhbXCx9ikCrGhEJMoIsFy5IzQZZm+e5Z02FavUInxb/Qc0eV/ebp6fH+/rDbCwZKyy2Wbm5Wq7VUqAvMiZZ0gPrqgXEKD8f9juNI++3+6fFp8/DIjqNxKizRlfIMJ/pbev7XKHfTi+Qz9S9k88mmi/fZrYms4dX6uLBjEOtw4/N7D+u3cHoNpazkXlk968L2PNuz+dKQ5gN5BulETBVz0phio0qxZiFAKjogh+dHTQgh5fi43e4eH3ePT0/vP7z/wx/e/+H3m/v7npx7AwP2qObFVbkcoyOeuSAjTPtCCQ1KR6eWWWTLOVVL+kne5m65WqxX7aJrOM2KfFf8If0kyvHUPW1KlWUj5PAKzkUzvJyRFg20+n76nOPzmDZgMcCM7ZjJmdRICxODs0rECJPqZDL8uBxnEJFKFuDxuH962D5y9yJaAn49PR225JnfDccDF7NJFbQVzmh9GYR6B+apEu4mdzbnhwUKpIGX1PRbUhlYwc5ci85xndCrZ0nzzlehXqk0t4NOjmpWKz9eNBUNPahCPQnqRIwQgqrX1hILDX8M/C/Faak/AUptjLnw0iw4ceHI8LMez8MvPUt1AmZ66bTZmdmtSKh+BYf3Cz4ZBApQOascnSs2jVpixZy0+GNYb3qZoG6+XOOC2+bR0h/ZDcJyCLQ7o9TZC6YRbf3FYn21urqiNypDF8wlONH6L0knLxrVS+4NyYprKXIzsVHKiwCz4sigBjdHVRPQVCKjkZ/0mHBBSGNNr5LZSv6vXvDQthROIelxdb2ScKP2gfZaWTNBjZuS92+725OGxQmOjBfHJ/zjP/yO7EEKslxd3UgPdzXfGNN7FP2+65bSFBMU6jYbrBaPRVrscqdq0PwSTFL9NypSnbirDRRFTSF/KoASMv/kdLjp9fMQz8llL7Ohjx4vtBz+RMcJLX2qmtCk17mjHNPJXE0KNQY4r2ZTq4Ix33K63z2SEKaQx+3q6rrjlp7s+IjLWPTrfP7N0ZLcI3kCH63SU1WG2G7Z9AZhxdIml6zlK8EcpROOk6T3C7KrFnaJwWoaJrh3TMIPGEfSvBZNbtHkd1G/BIt/dD9DKf1Svg8OdRWxCt8uUNOX/ub5WPWzhbznRyNOxJAnFrEC9UvafMQWCtmEJ6uW3HUSK5PFgz6odi3srpTZu5MFPlf5+8RRpCw+s5tcG3Fx6ep+EaIdm1hkFQ/H/SHpHKEnCKfqwmLySMmDf9UtRUxTUOhLD5+ZWGKX4fxzv93Syq7X61YsOo0tp2qViyvydCrKBKvKKfi7bL0TiZHw2T9t6PnFGOjAoMvzanVFUubDt9+RdUx0eP/h/c3b1zevbtc3tLdW3/3ud2Q+/+JXv0rCqB3KAsr4zxcknrLevnYCnA38wqzBC+gEviwtveB4btj4TILFP6MDTo1/ZzLKAxVztW252oFbfXMkwvz+njBPHpnt0xN7JdZX3L8JT7w/s3WP92V3PTOS+SBPP/icLWcPFneXJlNJwiUMGNguOgUb0EQBzcko/AvN2lOHeJY6joE8UfsDfYXbAY7YaoqY7+1WcwUidS8lt/xYI394eNhuyV2cyEQXhbxN6uoSTAgpDsnS5HqMCyo8L/nBaSXIXaryIBe/htuauj1ds8FUQcsYPpNXM8KFPoOxZcUHmMzCKzYG+Afut3ChEzEzW9iwG8/iZPMFVJ2teEvd2kQveFU2nPDEVaOZOuZEM36skkzZGmDwTDk9WUYMOPP3B9eZw0b6+mVJscqa1FmbVkI7Er8A9fppGZsqrhmiYgAgRaTAjHP09qgaikJDmFfd1XeE6ybxq8cE9Pm1TQa7ZsGw0EXZwGRtbb3YBcyy9yx2G/8pI9aoWJKMMQZRcwcFQAk1lb0a+zf5pIBRV1ZsaKGooWcMTaFeTkdZLjoToGrFCkWgRJ64tSBvPSZvU9TkeRrH5NW7Sd6CxnIAtYrHFCn+hrip2JqFptVangxW48YTn113EfrzynKIB0gVyVUPOnuDZ/Ux1aMnv9oZy5qpnnaOe1lLDtPJvU7eo2LQNNFePV36yozCv8TxggtVZZdpUq4IFXkIWU6WoqTZNhYXsB1XSQRdDJn/xnqSNNKXhDzXw26/6wWTz/R2mzhxTTJ7bBbsIyfWmU+KiFC6sMJJEBaDmXzkdeH5Yfaty9OFVbK5xsgUAak6i9OnuKOA5R5aPymtyWWwJXYvwSCJKQAQEd+kT+tL7EknxjRVD7T4i5xITp2u4VBvp7iPqXjSLM5i82LiYdKULisFqLc6NJZLd0ZhL6CR88m6SPD4ke9XX5ztkdjaZSOfH1ipwdVdIA0cap70IpLZUW5hZHlxOOeaxzNbzgJFktx/5Kp9XEgpcNB8crdJzLZjx/8AABAASURBVLQ/SDGmUgq5p4/gUlHbkJ2adnrMA56W/MmAnYNUNpsdKs4SnxMQN4uH3qUBlIRP8z7hwzg8cNLJZPUWKtW0qiLZ9Ju8RYG4HEY3q/V5yvsTua3SSbPnLdCgMTIlerAfWM1nNXvOOtxlXu3BegIhlZyS6oIAIdEx5jYl6xRTm3LzVT2L9qQUSGzaTiVZroFtr2ye11qGJ5dc+vX6Uui5zsn6syRTqaSVWSrCWUWlxgwsOcx28gk9uGQ4eZJCtyVLSb+rFiXL83JByG4jRoq5SnGwGeAsowkG7klCX1uS80/g/nIKQel388fNXmtnWQXyCJYuUqG3uO6qT2JZsLaCGcaMhzRuhsMDRTXJHuHMP/OM+wPKlS01wR7NNYcpIripmqGQ+YYLkiTRVT2RUn8s0SHNEgz9V8enUGbWWActT3Zyp4cJh3L9ZLtCmACrcwtorpv2JnevutXb1fXd6vqGPPLLdeZGinzuVJJTac9mjR+OU+qn8TDhvoFd2+2X7XizBIY5WZK17wBXMsicjOFjcHQlAWetNtkYAW9u/7HoJH5tcyFKOs8D9vQauOU1QIewmGA5phWm9QTNsacXHPu271uKZZJSDRPDtyw7ejHKCV9tBIM5GfNEK8leFX2BpPhkT1DPRhTgSlNTdgG4NM/atbFNUskpRWPdyC112j00G4QnwAccn/J0WMDQAY2pWXXdqqUYh4Q5yJDS0s7JU5QRygrxIQH+SR3ymqHiGW/JazY/dsCXU87S86J3JlXxRUM6yTjRtjhH7ozTSxlGZoyTm5v19fXSRRiAt23wDBVaPfac7bYUMsBpkH5MdKyWqzW5lRYLLm2maz49PL7/4YcP37+/f/fh6f3jkfOJ0cC20PiUXjyAgigqvVh1169u3/7yq6843eSGq6U4CVvcwiB7EwLR0x8qFRmhH7s5rOwuO88Dw3qYqRZ2qHWn7Xe5AvdwlKo0BcfUtBvpXyMdbOgTbSo0WW4KH71MY88ATJMmSNE3OqKdpeQ5LRda4mtDThOWdIrwEKfwFutItOjFAGkE4QAEGLvtJFdk0WpcT1W9nKFKZHFZWv6BWE2XrTpMutIic6Bq2O929x/ePdzfk1eHbks3ojW94iykG3otlyvBU8mS/cIdhMj642SbfiTv5X63J8a8Y0DXzX6z5anzcsQUxlYtnUKlmUnFdEK2rkpA+pg2fkFZC6dC9a3T9JDT2yGeyPyKf5drlH9wftrJxYrQ0WubIp8uH889YPx1CvmRwsU9e8XAdGKVo+pewVzkJDc2Yxtg6I/b7dOH++3D/fbD/eYD5z0cpO+VwCkyeYg0lY7v2tQqs92dm04TTUhaNF1r6SbLJQWPBahrwd4tfrUW4yBrvW0sHcq9NUUezZ69aGxQf/gpfptc8qUvcbyMeytpqwoXWmzyOILlTYDA006S+T4ej8Rtua5it6eZPzxtDhvaKU/EJbePD7RljntuY0QxGsVXU1vPs2ql/kLtOanXyJo6LJ+r6abKoaIf5cZUUVca7U0tSSHUxZMGdsIyrapkLnzNKrUJMo3PFTbjt/WrbHgoSkgoeGn25nT1sPp7jDX2e5o10TXdzPZZfS04fV1YXNcsahXjSx0wuxbO5u8CpZU6Opgfevbpxc8yXivm73bQ+ZBK60ytAENb8nKNPJtA76Plq6AsNQdMqr/R7/q614sVJJTUGj0d0l+STl40qo+fYgLPC8JIXyBWw0mvXVcTXOFUns2aJK7T5LpQ6Scd8LwkAyduBnUfx/1+x+iJDHyHr2/vSFEaHSfWnaeu7mmApFkcRNkKxnVzc0e//sf/8Jvrq9v9/nhzfcfVbyzgzJPMSSiKi9IoQJ9NhLrwpY0EC2nS/YiDtpJ0nBNnn4jdp6BSUsqgt0ScaRHwAoqw3ftzEc/5ZfNZKt0054rpBQbDn8NRM0D/N5/8qf61+irWXiT9ZPbFlEqGQPxib5V+GUtzSIMAHeKSzPXF4ma5koIJ1FpsQamIAESlxWtAo/IA6pt89jRig5e8S4/jaM0xt6dtpSEU6VIjK21qD4jnQUoQtXPBOBkHZ51A7OV6cYO5x64Hi0jFcB1yTr6oCWE+gYAWudKcVKcsq5jXL7valmZKHTta5VO2YI6DoMho+u2UYVZRbpoxeJ372ZpCstR5nTr2g8jG1NYAVloXjg1tAFQMwp90xGq5GLt4Vsx2SM0isFFhcoWTrdZrMrZYzztyuZ648lELIrC+lzoYkzlE1Eqz+6hhC6fKMT6XrF7NZkquwpkCgKxuHofFar3grmdSr+YqYVBrmi6ZPOY8sj+AfFEb7dJf6GrcYJW7cg7kUMiCRNpKZQOZwZvHRyIJGshxtyUS/+Zf/SvirrRm5C767re/e/PLb1DkkeYThLIY5rE+VHjzsBhsUNkBkCpN64w5zNY3fer46VT0uUd9x4t3/+MP6UsdJyMv0VZHI+B6BEnLEPcKB0TtixYy4M/J3UCkxs6VbgHOaU8kwslNq89Pz4ELivXpByf6zMl2q1lWuQSYqqt5BZzMyvi3k1rCTsOzOhiLCWgJoJQYCR4W+UjHw2533B+TNLAXn4+6s1hfaZ1/1+PW4Cv5iXbc5Xg7SgbJyFVQzFEmLC4D3Z7aBVrmWZ5WFCe6LO3lLOFZ77NjbgVUK9cnxhw9kDyJIimUlk3e2aFSxXpypkpSm2uvTKM7BGzhoiAhFka/6bLKnNaXFwt8acI9FjMQbC9VkZ/KGjQIlahdA4UqE4UEQofwEnHnP5bEZwAGHmMpuZeN+IjKF/yJ0iw5RutdkyVG62Vs/ou/xJNORmvgljUgHZAf8/l3AWV7J0e0p7irJi2Jtj9ajwT+Xg56wyge0XnCE4hUXRMhuUaGNko2t8g10SWK4NRqCWfXCaxBGuq0ogJUsEMpS70jl+ygddYjvX3ZchvNVLkEJvNh8bVEAE+OBeGTaTEpnQuhHavqg1EhnC3TXCwC0qu4bILTtqxiX6YIkmX+pmonVMzhGTp0ao9lQSzwKkGqp8LLl2wmHc5uM+Esu8vkYXXTVARooTHmD5zEL2DmjhpiAyjitZCNf/KjjYgXyC+sNnfRkEW3TF5ePSXFRWNoKGiUO8RAIf6r+JChEUo0mv6l+J7AbQ5SHqmJs43hAnrCAHHOTtJOElrxuhCwF7I6O6nsPKjUs4uvC88//1Y9URWpOPvTfSlO3qZW5C0+Kx14Rn9oFSf0xANFbibGOxlQuh5yvlw2UsuWVqKTVKl5xoSVl1m8TPr1LMCBStDnOhhokKlkZRgyYSEbsHvKy3L+cUasheb9hc8QW57PJVxSAJ4lU7j8kfK9inHC82erVErGxO18BTgYyS+uJUDgIiyH3J+PGS4w6YgGXVA2PMFTkU56Ui2kdLhNM65iGrE8TbBm9184FGiAYWNxzUnFhN9vPqgLSSco/JZVNZFqWuyH0n3JYhGadOJag1SOZwr8HlJ6HCTphL5uXujixbXRBjUxZNaoyEwQ4zLCMvk7G6hNuvnAxQLzXetpvXCGeZbKTnQysEkovLpejORqW2x9AWYBr/vWWAB6jtAYMbGPcMDzmJi46VCVQoPHVINfYEgUxw4UwkN0k0rlgbiODSJigmhV7GACCMtD65NrWbCZ/Ka1VA9etgVcUKF9upwfyte1tlV1ipzCSKsdVvXCImggVCrDyK+XOgr1p8zttMXmtLiLJ1fW9dhN6MSWmVegXBoo2M+m1Jwr8JnVgCNOu7GnyMzTYd9Pgy1MRS1yOSvtNVijMi+YIrI928Kqy/E/mrCsrSXkpzXIiIwTH4tOlSVye7tAr60Cu0eUlVvsRveORQw5asT9dJrFdW5v28WrFQX5GUagk47niBHy4Y2hm1dEIvtBj+O0R9w2cFi1w9UKbtawXpJ1kQwHN2mesinAmCqUMqMQ017kfGteJspnKwH+BpJ/jYU5kseNk05GMlQ6iK46sJ5gOWBHfGa/z/3QTVOHaSFgNosMFIJcLbqFeA5oo+U0cfdQoR/QdBPUpgCKLovGFgIU0/Vy06crXVTZWmq5dhYbhSLrJlj0qd3l5gnTY8LHNG0y7trp2OG4yDSgloKhq8VyvVquycXSsQsnayZPMj3Zf0yOYKZTJO3mOb5v+yFMh48enzzhc45PXQouhXHOjhBeaJ1gWNc6Hg7bpycy4enz9dXV1c0N/SA3USfYpZoNrCsiKRmjNpqhr/X8Ve2n0ywlMUHKpZYMcDJyS5ofvv323Xffffj+/fZxMxwFLyE1/izZlYvI1sKmy92yvX51+/oXX/3i17989ebVYtk6nMCk6CYpSrhLgmmtf8OZbhEyLLlxYbzvZFJHLfUYBkVt4cQRDr0zrbWCzcDYLVl74nAJwOTTodAmNBe94Nnr5yB5IZyHw7km3MaJc7k4XQNdQS1AAqFWoCb0mN8BtbzBUmH8UGiShdSPcQWkI9BokXlcMhlfxEpEnB5mbIpDk25L0Z8P7969+/77p4cH8o6I54fXlVd2tWaYiqYF15cY3IXMvp5IgZ5bqIjC57vdnqLpFPg5MHmgecKN+kIxKAt2ukecUc9+FYsDKpuu/HX2ScWiP7ZfarVkLgeKRlZfAeZfrt6ccNPTK8UaQM2+0kcVjZO/4qW/O8nUi+vnx1ypVS8QNPzZqKWTzMlxBGSEou3Dh8cf3j29f799eDxutoftbjj0JPSywaCB4vkonEmy5IcW9BMy8ImDMuakJJcwiMmC2KvknZD1L5QpGScJZv5Alf8qPuMBIR4s5uei//y5mbOL6BR9Ga577hx47jwHspD1lQ6vjNPJYg4FzmQQaJNh7A89bY3d5rjdHTZPx+2Gfu42T4fNhnbOOHDPEQGVQc+Sq8pUjCAbRxnJfkT+MZQYVhQth/Sspylg8/JMvFryselofDdDWq3YhU+Fe2KCldYW09mrfG46h9NArP8ce8i/IvwiO5vKZR5yDhDQXO0Xaxulc/fMWILK5g/m8xbDq4nzSxxwMh/xKcxll73Osk188PXJPqmn5vYJuZ6+d1MqzcxWW8QUA4IU56qfDu3qqZiAbjMVuRrCvdrOlwTPrDDA5NZfkk5eNKqX3FvNfQlKZE3pEBy0plBenGpZkVPsY2sPfBqt/+wD0rOiTssQWRlkDycI8jYrUBPXvkPHBQzZvSUp/PEpoQfOGdZAO/gRIdHJt3d39KKH+Mff/hOZMNc3d6SR0tqNZrqJI5zzTkKeuY8AuE8i/VU8x8w3FsRkkfNOtBGcGgN0L2NGHqq3zYNQ3GQfnyrbCT8X8Zxf9sKNqqQTxC/G2770kQvfOT2cd5lnL7IoPUwOufzk82depGRfqa8H6nOSxZ2S+abRTPfIOwHOXTrsj8fdbtW2r25vGFJTOxcqCahQTCd9Mg0QGKCSk+nM7vCokbnFxbYVKI8sCo8oFOyd07oegdImz8fI+JCcEOVORQ0iouH2Q3hwku4XsJyYSDQpY5MCRIkDoWOchAQWV7CawQDwgCLNAAAQAElEQVRQaXI2dPvUlZ+E3qet+GTUrJFOo4y8FHFlRX0zZcJEd8xMpVLkYtEhBnRIESGGm49azgYzsoc8J4AffYSYNKl5+awZcw1RH8Ke5RwX4JARKF1pNbMbtVO1fCO8kqnyDOo1LCxo/NCb4Z1q/yeO6QRhNfmSym+zjDmaJSk3OVIoe7FeMgpC8S2ax8i6DiSvpKoXyiaEJQZ3UJJb0YJrKQNjTXGTlLRcMrKZ0BIw7OfVmjwOhw07HcZjv7y+vnl9Q3S6WK+3281vf/O/t3TKzQ05GlQe4eUuiencHW/b3J666EMXvfbn7587fia+/cnbVbt49uaPPJ4ve1yUVtm1eWFz7EQXDwj7mok+lQtpTy7lA+Z/4QJ9blos0ei2Qgs/naXnZgwrQPX5kE7HmNJL6WR2d3fcTN6teVDYJ8Zsa9NcPbYbyy4z77FVvgnqMkzseNvtyKRcsOnNDiWD80bRiibLcAhfC4rVSO45cpVudhv2KKlPS3Y2O3Qkc9wya1mIiBUKii6rSX4TO5oWzLY0601LHtCLbgsyv2hV2XmeFmPaszuS2IQF9tHdLPx/ZLUFoGXs16l2y9hz4TMeAv7hoK6FPwZfBfXZnzNxEyj2du4UcuQneQDwPjpWOOOF8IXp8ytXGJQQMl0XVr6VpK8aKlpAthvM6CeZkuxiMBiADK5poho4AlsmMgTPVE5E/bX1awZNFCcWhFzP2u0uR+xMF0XB/ljNyWBR7tBkdZyVhwu01jbqusOhrhtc7HgaFHcLki0MjYG8WBwqpeDcZUZjidwhQo4lBXZgVy05GdOkEZYF+5zamJfkhkbyWzdM3qU+OArAwEt1suUzqUYkGPceIwUrcGFsh27Ryf2nqJA336ZLxqJ8YvwOTk0zw6rmUecyLs+ZCaTLHAjm79RoArt7xVXOv+iHjpWYqXuX+EEdZjKurYRWlIegzboSCT5DML3gTDxRlsu8BV3pbmeimjj3aHJ9NYfar1dyc83YjgTANQ9CcEEELmJQfPJR+oIrpn1rhc/Sqow7kVmDG8s2d8061C29Nbfl0c4Ez7xmFkp5QFfRbHJ8WuM5QJO2w2hQtpaamK/gBdxPwJVF/kTsYIqfSHsdiqRiLy5KSdnWOHXNhxIU9041Ovk1S7SU4nbk3CW3QqvdCHi7pICSB8fLgZJAEGwBjBGFemb2vS8OpIv0+hGj9UslnWgcFONegGckXVGgbbSyH8wMNavKYO9J9SXKGbkhYPYtBWd3vnCgWwFwpsaAizB9w8hPg5aMNx6nDK6SYstSJAvLKkSYqXLtuWzAijXhhfk8SzoRypFwFcf5Iulkwrq9Dipf1UWWfzMFyo4pGdJJSTpJFg2LGfBpRasLH9ARMJxHmNqBFwS7Q4HIU2QXppYomqvcmtMZDvb7kaQTC2b4eAwLBE2RUOKvcEdVZUL1S6XLfFmHUd+I527U3jpJsxg06qAPlr0aRPiRdVaEpr6UvmI+Jf8A0NrrqLsj5L7lhIinPVr2WJ1YqnCwZnBO6bJWX73NngJkTMJXRJP6GrPbfBDFumcFeEy04pwlxxU4LUPtNxKJMrkjnX1EQ4hn8IKJbGhQfDTmu4Mc2HKV/oKp9pkoNydWOeyO+8fD7um4o5BmyHnjYnoLTYU3ShAoKAwWhqaIWTNkzXM112OhXg2oiu4tL0MjAFVOLGvY04OMP2lmqeYelaCyT3e1CpYCw+njJL2uc3vTttfQ3rXLV+vrm9WKAtQgkHgoqZw2OEM9keRFTTrB6QCw69r+epVf3eSbFRkwqQmXUTJG42nDGWP7uLJo+piWHvHjKNyBhLErtRsEeI2LYY60AMSzpLFOXkxpyUgn0B6HdDjmY9+MU4vjgvtQA7nmVl2z7tqlwHo3CRvNbhMHLrJ6wKE4FnqTYCFMUyre2/AlAqPaZW0w5HEmdYtlRnBloDsyg9i1TuPqRljsc7uF5jE1m5weYdp36biEoYVpAS0FzdfdcrVarRXjBEDyGFBX07CELd5v0JJi/0olBbeZFdqdElzWGOHs+JRI+azj2UvhiXvq7E/1MRk8xWSpEpEtcTySxX5ze3t9e7uWQixvD2rGAko7Ws1QkWwMa/VCO2yx7Ogr0oWnkwYc+bA/fPeH737/298+frjfPDwd9nu2YkXX0qQjWeTGlFv6TtcQoayu13dvX7/++u3rr97evb5bX6/ZsMooWXyyrbIBzKCl8qITcp5M9EOpvC/KJcycZLnQts8cH6xqSm8c9WMIi5Ci2obTm80ok74nxBJGTrBX6ccTYc10BIxERQ9N5mq99teKE0S4yNbAYgpzAOdgWIbhv6uDoiyiJpWoa6XTjBPrUeI9NbxEviYB3eZFuXMKsZi1orZkIAJ4enx8eP/+4cP9frej09bXVzd3t+ur65UtbttoCRxa7hGnHTJj6A87RsffbXf0RXIwDpxxO5orNeAfVB6Db+tz+j7RwsDhZis5n9Jze0oX3Wa1JvvqfZn2Z5XPVJ37ArXQsw2efRwwCYW13nhJc4Y06wY1/1N0bZ37Qir93O4I8SfwetBsnnnQUu6JF+yw2eweH7cPD9v7+/2GcyCmnrmxPo5A87TaM6du5CeJJrwb5GfTcJ4p22CNpONl3sPcOoffaGM2zdCydhuGs5FKJ47auILZ4+ozTFM1mVAZ8M+txXzqP3YAvOD1EuYdBGB2nbAM3r9E/5qQtd/3+93h6Wl7/4EmfP/0KCkm2+N+ezzsh+NhZEiknltZgrYQBTeLVc3OVkeQNe/Ho67Z8jBiJGj+hSR+QYBIJk6WUqzDDS0padO6ZEqZfcO2G/omPcUsOX9V+nk9vydysOxujDQFixmBK+QndmfyGJKHFE89G1ZeoSp3YyjSnpMDUEcky8sTdZwfwokEny/uFzzOtfHZ5zJeUw1n+d7lQD8/12zc/1S/Elzs9nfCXqp1qej+fDZC/4cw7uSe4KgnqRrYLARcbnJpLUxhKc2fmr8knbxoVJ88BcWe1O2ZBcK955gNagohXLoCVqqQceRY/h/7rHBZnhlzRVdKtPa9F7g00itIWSSGwJW1OU/okHShNQifU9EyahB77ClquZJk57df/fIf/v63+90+N6SU3jBkCTeuZpxKzcMcOCYKdEPVigStjn2DnHGijeIm4B6xI/vOWgF/I5tqFC/5ZP4TjR2YQE5uryb4FFG4RvAzEQ98zOC3A92J8+d9xLCfG+qMd+uB83b1fpmwwGfsEmoNpPI3qUDT9slgVxDnCHk5ktTW73ZEbOTSe3Wzpn3VaG6KaAGWuqKXiXwIjULUepjLuBTeiJTKqpgc0KQTP5ksJqnX0OLLJQU9pjxx4Udiu0PyVNVKc2vBRX8l8MvMzOSKCkqONnFttGZWJeMbMXEqnDHmzjMSIHoCWCyi3F9/Bwsk6zfFSTIaRBD9XfP1xW+UP8WbZxikYHoNOFQAn8FBU/naPO/E2NdP3nN46Qpn9FmCbXaU0jRRDfmQoBgFMpYcJocjKYjHo1qrUDlMlS7LTsAS+vRJgFrlPx+RkjdGKu78VPMjK5mQcyYlbqVJbvGWg/3E+Fwhc0Jyz6eOxFbRiUKGP5nrUm0/becpHUDo66TpCibnQjAeSMFExno57o+7fb/dk5272z7dvHm9vruh+Xn9y19+94+/3Tw83L5+TYxdfRYzWVKldrl5k2D24P4GK6eeBvLNhT2bjpdQx8/CtT95XGTXfxIe/mVvijh7JeMPcRfF3CBLkwI2NPPH/YGbQAlnQusYkDXFhLYPsRHIUhjUFIwFrIikvq38k+KmMRioRnVZ9amcAvPLnX5S8XjRms07bOFsIktxIXEtYw7c2+r84hAaJ0G20gA48xD2QpLnd3ugDdXlfLXMSxJObRaYdm5sL+FxTCUOmsVvPGl3580T/8dtotlkasVabBTTmudQQkXaTF5lWLKdj6I1MRJurhXi8KWIFLEpE+6rEzw5enY6icGoyDZ7xWNHUBZO5yJX8bFUvQlWjGcqZhhJyQM/1Z8MrKvmFEntzHLrMobqq8ZLeUgpGsOUugdZ4uSyujg4GuOfyUwgB/2SPguopZ4G+q9gNpVa4zeufH8Wza2CQzqNUNFcyf+wbiPSzyLH+E0olIVLJlfgREMyGxl1J1pfk5wiH8F7zEFMOB++gfPJkqgMNj++Bvs0sKJ+VtNeXBnDQlkRsCyKjHcSyBJAYoC3fX8gh6x6LdgR1XapokvTx5hjsGeL0z3NtzqZvz8cPnp5aDQswGEu2YojTib5bM5REli87ibwthBLBYdTlq+UzYSVIoOprEaEcCqaK8pLJ39CLG6/E+4TM41lge3MSdQP3z6F3APcDixFLIqPG4iBmcSPjfecIMCLbz96fFqoYipjiMeZPb6UlaPnt8m6Ini9Mnp80ApXsUADaZab6GdZUdZouR82j73gnYBHWxuw6vXGfKMSGoHk0ADWpSI0DB94LqP9yMOdzZSzNIgtnYq8cl03uBNERmLG+DrYVzTpZDTZk0yEANmz6TDhcUzHKQ1JoVCS4a1b1oxVgTvdYtlIwoGapBC3zOxI+NBLYr6afm++U0s6MWmmCqFFttHFpGGflGdPTsXgrClJStnkhO9A32evk6STi5Sltz77sFg3KUVwuEYg48fWTAl5WW598qupqeTJaibOJulYdSQPcH8k4qGwY7G8nLOljwJdxPWNhiubJj508rZHG3ruv8bueDe70OnSiIPZ7FQ0jKQxT03/sDlHA1h0exUuuIAw1f1iLN5An0hlwWSuW47aoThN7Gooda+j5JBORmdMagdOOhkfyL7mHhixduh+YRm78VTFXBjV6k0xm8nGmlJtQ6nkyynaoKVoe+CZFKCh5XNxn2qh+dGkE7t5JXz1qzBTaby4K5lCqKke6ZT7pyrskWoDZ0yaduyzjuB++8aTTtxzjFWyGKRZ2Mh1BZNmmn/pXBZ9k2fXIHLEF+3ajmCXTqDpqnmbrUvxRDfhGi45IOZnMO2omrsyXAMkEAQQ9tKRiAcONHW5oahsq+Au8iWs1KXiaJY2au71V9cANtaoyR0sHmpMFmAoco/8K7vj4fG4e9xvd/2RVSHQbaKxzJQ84yTnksuEzqhlZ2K1jpicMaohgIUnaRrSYNmPlnRijiVZs3BBKByaZgtFm4z634rHVjavoOQ3y6a5Tg331lmubpfru9UVRahpOnVwIEBxWWrw9GKuFdBUDEcce3KH3qzT3TXcXeVVp44Yq/N1ijIRPQkIcCXFwHaJwSro6nNiRSt50akILvbrcmzsOO6PxNQaxraBJXeySYsJO+Jyh2M+HJuRUUxaRPLILRfNqm0pKLnkMGX2JEg2tDSwL3OrEyspkw7WGBzeI0ym3oKTv3zCEHdMqw2rA9J0m180nD53e2ieID9BekTcNem4gFEa68Cy6daMcbK+Wi0WXSOYYoYdk118eGI+/6oZJ4LxKYAfQdfu20Ss+yhFvePPcYRR8dzfTD7q4txcHgAAEABJREFUB4oOOJMq5aVzPkquCTvSh0GvQM/IGSc3N3WWpNsxqMB1mpsy+FeUA3WM4rHk2lQpgthtDu9/eP/t737/7e/+8PTh/rDb0o2S4YMK71LUKXDpgBRf6K5ur+/evnr91ds3X73h5s5Xq+Wqy43avZOKGNVbTGJCLW+Tqi+xLzGsl4hx+iTp39AfCh2qhKnSmqWLB1cfro5hJh1KUmQvBUTRF6ecMKQHIworKAyZPdc311fSnEjwUbJm8Kj6j0Y5OgGTFvt5KcuAXgxjaU9oXCtHuonkmijwsLPHIMVQyVJy8ZeUy5vZJ5Fm1A0kjyZn0sp++OH993/49unhkc5crVc3d7e3d3fyCCvJLGhDfZHun5Jmc+h32+12syV3kCLlHBn2RnsAqSxTYY/VqGbak5NwzTNV3bGGdRUlexO76pipXfMzyp/Od0w63at2/mzjpKLK1brq7Hp4DqpzdqvkJYK11/rSt+DCd08/KT7tImvcCMMoSdSrgekkqWWAat69/WF/oJV6eHx8/17TTSaORVorBjGjlVQbzUYCbxIs4Thpp8PFVdzclJs1rNpuuWgZ1MTBTsj51YkobjzqURlP9Vrk06A4nL8NqigPmZ5JOsH5JeDL8OFQfvCMisJ2ADOnWCPCgTtEWK6Jgv1sdzTJu4fHzYf326dHet9zVtZ+Gsi93zPHYGTWUVKUUTd4rnqZSaF9A4E/Z6pN0nXSJOQkOqcrcKEoes+dOFiIFswhqdpoPBM4RfEyAM6VvhLLg/msnk8OVMelybR/qwtA8uYsNgz9zOk2zV/hzpGnm09Urm8uUwTZ21vO/laPsI4T64eF5ExlRPz4/v6M41Q/9zmB8nllG9TTOHcgQXSWSK4ymXxyG6RevvkYYL7RZs9epmWm85s81bkQe6PKjSvO4suLHs+t6qxma+NsJK7RyQO06Y95vExh0+SIP84BpVLupx5axMeuxqa5urpS3DaGXu06PSFn0/BBm6BzbopoQm7lthTsYbf1F9sBetSEMnpF2tXV+ptvvqE396Qy7vfvf/iwWq6vrm84w9HS5V1qiwJC6mDLUG9Lsmz2R06CPlDEdGqvr1f/x//63/0//u//z8XxuoFr0mlvbpako+2lfG0c0nEgo5HkVLdcJk4zMRwJvgO5o1tc5C5xAHYULjQSJxnTSoAuxnE/9uOhV3omgZdSqDQIM8ClTxzqRnEv0OyNM4Sf5Qj/xb+Mo7h8Cj6E/24sJ8VsQngXLl4HqstJrR6bGU0GKyhkjJzULIYO30+73zxtuu+/++ZXvyIztO37BsdGTVaUSA1zNDWqzdXAFe2p9dpj04WUqYJ7G3Lx4Ki2bzA86haxF2Kbxtu2XV83S+ym9ETfGWhfDz3FWwZsGPQkM6wd2eu0r7oFqRStoojEbcU9LoNzi1bFZUJtkz3KaFMro/JEe9l74uBQ/7WKCsYzFx8+ZyxMYtpJuCLNPXiuqSdzhiMedwcGgRvGhlTHq3UnfVPJ0PZlgucWW1SYbOa6HLSRwXEXe+Jwh6O02uFyFPk85YvJlz/5CO9ivXEFplj/Xh7BCwJ4yic0capYUu3tDS3CYUdK+Y7YLmf0u7PKPe5JBCQzSWaVY595cbQHNs+ydhKYy/T57EnGVPIq7TJ+V0d0lsSpxzfc3D9q2QTjIrRNKqXCaLpgqnTxcjvWUaXZ1CT1KXlkYxgUqZfWKK2b3eaJjEPOOlks1L7trpa/+Otfp2H8hw/vR/Lrff/Df/wf/9//57/+FTHzZgF/9W/+9X/+//4vH354d8UAm536BX1qNG4ow8KLqzMrDA2+h1XzAnwGN+XP6EBMFdf6cx/tTz5saeQp1SlCP5bLBUVraMV33K73ibsnKOyNBXvIPbcgQ+vx/Qeul5NEVXKPJON1gM/QR9wuVF6lyVRJii814epEztHFI5HmkWl7IeOd9DR4BTtJ84UGgcklkzK15GInX+/A/WtXC/Za9rd4GPp37+6P+9sd2ePsdeqkvSp3zWE0FNuk4p8YNamfjFLSsl6/fv3+4cOu78mtSfKCkYekLwmJuMZBYshlNTbtJG515BIoRvrmbobkAs6LNrnVgR6WFGNfJzwJsq0Dttu6pmoDmj/L+QbEg2uwVL/rsa+wyeqlBGdcE0JJSfC1MrtcrA3Ntpgcoqm2VLH6JXvCj0d0Lpj96OkEUxJIASzpERNnhLbqPW6ktji+NqVSFoIzz8YkjjGUXJ+pT33m+SeTvJtLPwySkOg3G/bs+R+kmry3PjspipRF5dC5ZQ+M0BW5KJ3UU5pZgHIiLyKqcEref9zUWWi0tbdCJJCugfkwcUMNHqkan0kRULTkxpNkk4C/4alXpvBhaZsFO0ysuXOeqy0x51OdPL88U/bEyez4i/SGqBTW1yAZ5N/f426z2+ATd/qQByXHq1/VoN1GAe/hoAtZDXKM+978iIOuGEtgTsDqFuapFa2Io0DHXh0jKecwde9ur9asfkwFoic5b/G4nJktQZyyBPksxnly5Jpx8UzOqq9iMisGBecXNLs9TrH1rQbJVJUt/CPQ2Z2AhSiP1UZ7Kdwgqr9FNf8fURaBb09zcuigdKv6MGjRyA8vqgcSo8oFja/ai6mKM7p6NSXzm3TL7npcPh2Wqo1zvIxMxmZs80LScNjpTbRKBEtq5oKLFlgbNXN5mrjKzriCVtNk2f3NR2U3fOY8oqdo2DbXehIwi32UTW/cDG0TS66zxPVZOGTNlsjdBKsWt2Nq+kFyFLO2nzXEoMYY8qTjzpXCNx8NE3c2SBXDTXBzSp9MKc60f9HfJU1l9CuYMSxdgEAbHjSWlpXQA1rlchgc5sLcTKfgGz/yUPoo+y82WtwZT873b0y+4TAZqBcaqMYgHWesY6kmOZrzLqeqtvKjo4KTN8mYi71h9xmXxh/QkiijqidFHlI6EWq2iLPnQc/3ieeH2HTzSTpnYVP4A+eXrJ8CZEImlcIaIpA75JpZIQRql36QS9u3yO6r3bXPbiTQYIOZUikyQGtLM9eJHtUXX3xMloxqE6WqV1B+wsKI9eMx3BWiMsUsVT6I+SEd3E7dFzkSi9VlrpMZ7DqlWN74LqTwlqhg8hwwG1sKBpkgJsruceGwTYnP8zddZR1sgNsrCcQqpLoEtJ4ufmOd3+1D7nGG2bEmpI9wzecxMA7th1608byUbGfK7eQXabPik6xfUI+HuCZJtaNw97Y/7EhTEfB6I1j0XBDTzLQyWH9tbE0VQ0uhtWyVTSOSEU+VPmj6rqLcJ2uzMumixyTX4YFqiWsqKW9Z+3UaMJWJ2zTnJTRXkK9zd91218s1vTic3HHuiPDgVrs2siRNCqpjQG2c0EZxYkx916SrZXuzHpYtl+Y1dRhFYra1tJCZnjEEF+UoqLocO+T0oTIRLAw0st733M6H3EQjmTWJlJM8TLT69HPaHZoDOUPGFif6nLRJ8SLR4FOrWcOo6BaaMjOxa1vyh6EaRvZtavj2nqhqmmZmCC8fatIuD2wQSe8qTr9mP0w3YTekxTHhPk1bmLZ5OnbQkyuOG+9wab5ULrYCwMfqgkNjgD8s33nyrnPK5RqJ8YslN2JVSueEnc1E0vn9Ex045zIfP1mRwsWCPKqRReqllIlKv/tw0oFLeWk6o7Wyx8NhEJ+kJKawE4hLQQUThaaNrrl52rz79t3mcbN72u83e2Q61Xr9RtUFYhNjjFr2HWlrpO/d3N28+frN+vqKlmbk8g8pvmO9r0+SXqzFeGiZUxCssuxb/WmqdnYebrgDkqc6m7EUmDaKcSIRl4RRC+HcJDc+pSBTN2myTjQnkvnRphhJwCF4GulYX60oRC9uTx0Daj62mZy1buPmmVYlTJOr+BhD5aMVX0ojiSdBhjnXdkcSvlHosHB12zhT8ANhFmmUXsmHw/7h/f3m6YlIgiI53Evn2tBNOnb3WfN0KS2elPXykw/p8eFB85AsG6mfsrm461B0QhMZ2t4dnawuqeIwe+SUcK7qwdnZH+W8zx8AlVoVd5y5Zb/wdgb46AU/425YrEk3bqs+jaF/+e7AdNhvD9vNfrMZyXMkLu7hSF6OvFgucFK82GyzC5ArIBpUFsk13/J/I0CTCueb2SfWtEuFbgUHrgtgy3Dy6HbC2l64KC8Bzx/zZNLwY7rP5x/4iW8GX40CPN1QlcaYrGPRpBX3LCg1uaffk1vwyMX7xGaHY2JRwvM3Ghq+WZyq5qFCIleYjpo7m+K8HKJnNPsndnbUI7sqLowZneLMkVvlvadye71BaDbzX2PbVn+CT8qXiwcYupQ2zrOLux0aN51lZ6Nv72IcgFVeANjzyMfW1lD9B+4IizufpZ35b26GYZm86VSGvuRZPz4hrmuCRRXxlOZsB2P5/cKVsZzBi+mPDpbxrLb7BKHZMgU06UcdJzsurG20sp5YCkBfC8ncLwM9H39YAGA+Q79FCWnZJz8v0sml49OsA6rMufLCH/HynozPv/CySPv8pwKzP9Xp04obidiRqCOGKiMp+0YzarahF1IoH9HojnHh53klfoKRYv0KwCpTqdQQ5cwzkJgHx9D3u4Om23JaifRCllx6S0/TXBk17bTlduJguFyh6WiO33z1NXkL/+n3v9vve+5ruOCWJGwysYZKrp+GzUk2BdRBraAlgIZY0Xhhh9gbXBkHXOYoqQTiYeTZGQXmT7L0pXoi1zgsAJczUUHjxBCMubIbCuMLlvclDm9tGI2EUroM2PAFDvhyR0UwH3+8+b/2bS9bNWE66sazHWh/sv6ciEUW25WKxQxWRo3yXSlyJLIZU/cwTL97/3D/+PT6+ubNYnXTdeJGHdW/oE7YFMAnEl1qTE3HbHcvfnw3XGzdwcWhVcDorzx2q60gEifba21kjR0gRYAGxQiyXPWRopxagyiOGZMPOkGOJ28O4nA/2cywAsc2AYi+4vOqrpVax9QuPCnAwwC07YVewVw/jsQ2GYYbuM2TPNn/OEi7R2kxw8Sq6GtgAT0Ah0SRYaRySBwxWWqtJOfaRCnsuTeY0HOKUwyLGpc++5hLAKhzJ+PDbOMtnD5pSYFfJAdnNuWta29fv9rvd2JCp0nKtdVPhVhdypACs0KhMyXaTtEFcRUD3KMRL1NeoU5ATqlYhop2rd/h6RlZkd0+Pr1681Y60OdutZjIjM9mS/jIjUb97pOGLFTt1xJiUDA9BV7ggv6slrNmpJPZIImDmQE7F939d98Ph+P+aUt25F//7d8yrv2Ceet//p//pxa6m/U1ZxcxBoMWRvKgk1nRs+eKR9M96Gc4pp+GPew0nMum8vX053GcPFH6scePU9m/4HFxAJefqGwm/rtUl2dB4IDrm+v1zTWZssOg2GaYrRpTlRk87veCLc9pKJq9z/ln0lkmjCGc8HwM7pIoCSjnA4bKq/qpQ3ksuqNnqi4OoqUzIovUKrFLcZQQL6cOoGdzG4wvo6FI+aDmCY4SVpysfhCnnp+3Fw4h7bpS1nM0xzMAABAASURBVOq8qMFhnSknT42w5Np2uaAo5fsP70k1miS1Vur45cFzKnoJSP2TiBMtQBXhwvhai4YzBhjkPCy5QNXS6juWhmqI8MRrQbPmPupCZMc5dMd9YzIxRfyy0oJMIqLyQiwo4nywWZUhwmbZ2tSoxFM0DhNuIp3tm+5wMxUhPgHTz05fWQtjnd7Uk6lIWyzbpRsj/wmta0ZTaSIm6dEYIzmeudDWimF5WI0kGmZbLwaR1bXKkqToE4sCsJ1yTDOfn9mlbVqlzGOYGDZJaOJTWaUL4VzSrfThDaQ+StC8d7zGR0m7GLXAF8VHqe526eUErQkOVbEca0FpXQlKRI/vbVWCQXcle88VKxshmgY37i6F5CoQWqGh4sT4vlKRlijSsFouSblny+FwoBO5xCqh9tB0sa/UOKn/wDISsrZIl9gMQtR4s2M0u7SzaJC7TUGbJnkRLILWWwt2JLqG5d/k3ybnMJPa51ipH+oaxkp5FV0xm7o6JQgQfQie6EXhqlvUUcKcsarncOICCEBReyqjASWjyRQM+y4oARBfGMTAAdVlvZLFzUPXrS6wvrku9KnXC6xvn3g09uCeLXRtDkITQ2UIfnmbVueptgmTTb2Ft3TiG1FA2YNPHHVg8w57QTvJzdJsvKRl4rzubaN1pIaOb0ZDpa3ZwIQvWeMfkwU17wrR47MJZTok1qowPNz9RsMGoUVXWeTqU0KvGnSacBqbFCrLYm1kyY6g+y41DHDCMCdp4Gwy5gHSXrcRcIbJcuWEKSgX0q2oKnnLnUi1n85I6nXLVYjiGWZRxOpdq1J5ClJI8eAQGpeHVeyBMMZu3CcVaXsqdOcRgqj8hroKVYrcFZ9JmQhXLsMZyUVYvrqm+bZExeWMUWV9OsHZM1sQSiAfJZRi7/VD9NFLvE1V0uVyCa42xxv86CvUeHhmY+gqsyIhHIZU7MOxF6TxzphA0sIh5zy1DgQ+gOB/wgSIYDQXzcAb5Nul8ZL8zwKBdAflrKKsocFijQrRAMFydHEhjCZpFiBGJGc7MSnlfpoexvE9DluyQFyA86Wl6lqGPtnTJHSYqhRuZTFOvWWVCHtNK8jyYbIsXIXUkM4ZpiiY8WAagHcClBE3jWsp0quuykwAKLuvpiNXMLS4M5nXJazs6DIUzQOTBOQmf1hJ7lRh554K29wKeqEXkU4zSSMEyVh8QHropq389sE3bE9odx5nQIhe6q4S1qfEYg/Wj0jEMkAkWKSKfNzKNXZcqNZv75LIhEgDJscgFD/L2HAkfL9BhOQMJgEFG6LlDsMUfG5a9mpCq5wXbWqbFF0VRDOTJW8MgM90IdU/k/JF3bnij9CEFhC8pgmtwdZ+OG6G4w6H3dQfpLelaJugoGkqtKV+lxW3xNoQ63FoEyLwnOhZvQpMYxqE66I4OkSEpZhI4xe2C7TzkkyciR7Ukh9ZUrk2Kl8DUdbl12mymFmRr+JQ4PUlRr2EfA3Nq7R4k9dvVjdXi/WS+76sgHXO7Ng/qo1rDkpD2j9ZIcTc9v2wx7Tp2v7VNb55NV4tOBOkkcwf7mMjlKe6fZFRxkWVCynFKhtC7qsO7ZKbJkT1k623ABpMZOTt+zRO5O9a0YmcQYAdcQpy4W73zX5YDrgcpyvIq5yv2mbdLVYLZnucjQTq5xJJNpCX6Tj1dClpR422g0wJF4Zo4ilKu9k5QbTQaCROME6yNMqz1DJmWWlBnsAB6bXaQ/M4jR+wf4Tjvp16ToQBIBt02S6v19e3NzTDjVsQKhgMAgwt+QA9dNdopyHPwwBxlCgjSMV8SRdMlNnrCx7PXi2s5vqT+jA4D17MXjFLDvs9BUbpml23XK3XV1fXi+Wq0XYYtvHtavS9w2G3320Ph72URgA7hJaCbrLQPkxwPBzv39//8O13P3z7w9OHh+3D03F/cBYkvbrqHFQFLoSJc01e3dy9ef1v/6t/d/f6lq7ZSO9E7tTVgjBh13alWmM2o5hCRXFHfhYym0x5M7srKQ9X8W8T46kefA/Johj6SGMz8Mg0KUQQqNpCdDr0ZNeMxz2ZNseRNNJei/4YCEinhbbv1fV6QSYQRTqWC0Z6bQy6QCQcVq9ap8oKOYAKo2IiCLEgAnP1Ck31gtFkZDu4Qds40kn1cvDLnF3Nw5O/Sk77Ikn27W6zffjwIP10DnTp9fX17SsGOFlfr/l+3UK4prkKaKeSH+J4oDj6cNgdHu7v79+/3293NCeiaICrjja3ECk/Lp4q5dHVTvcvCJPGiAK49Fex6FrM85vLT8NzBVXVp1AnklZ6TpV6OpOV1esk7+TM3+QmHtZfErVhNKtBVIYUSkB0naiWxJEldATljtH6U9XyZJOILpqLgeuwtqaqeZK/gJvs9ofN0+bDw+Hp6bDZ9rxSYxaXr+JPSTK76NIKnJPNxQ1q/zNyCXEICv0tuxXx0K5hRBNO3SPPHrF5trnbNtDWkw/LNb+wweNjKLqoz4RNdnJW5kaam5MV57jAYD0uMSOKfEonYGamvNebZW/v6vqZW6bB/dTIMygOIW/2CHHF6cDlU8RMifi3G2IKxCIZ1OTxcXN/v71/3NFs77bD8UD2RpIitxCsoMAkgtHVSE9CfrXsNtT+iQI3Iy1S5VfTixsDn8uuYRbL37Rxc8oZz7MIN2Ld6Q9OKLyQOJS/aYwgpYgL56IOYE3q9R7wa8PZUbGjgq7nFkmG6ChkN3HEQSVsz9Ir7EK+q5td2nqOkpKsyJ2j25emqkpoSxqh8YvhlxT3HafR8a0G+USuoF3n1ERQEwCNeSZM6Xm7MOg7ZkTJtyJJ9NlUggu1x09EC4DO6L2+SaoXLqlyaisVzNb5SC4LcsIhTReoOKqa5vFSDXmCFKaSWms2oWUbmvfMTnKon1lnt9o4Ke/d8J3x0mqYf+ykkzAgn3udjO9L3O0TB54JsB95s2repa6e5D3DgShamplls/vaqrisSoJvZbqvXfGjt3vBcaHaUj5N2rpPy+y2m52a2SRdbm5umCcmsMiIKiNS9akDy2Zi8EaWlHJWWUiX3Wy2P3z/YcmQ8it25LcLOoHcMZMwxZEzWkRBswCBQ6eiGtkKxyrshzhDluAVWKBhEp2YvNw6sblCiYonOl9n9wTaDvgIvdkM/RwHXFBi/hkfJ6Lo5E/qjNC1KKsTh+kblZY3Y0nuzQ8eLgW3HAkiO5zJhEzZcbe7bbtrrmdgZSlNViSWInsUsTIq3EeRwm6pNzvGdlWngdXHFCbkMQalyzQtuayf9JBesksS7e4jW3cK2p/UhcFaRJOjyfp8stwV5VzZ4oLlUHHu5G1SUIlIXIaN5pAacG3ZR5WuXWZUB+6YQCrWuYmpQOaCqrvyyI3lrRe07NOhg6sa1WeayK+evsmxIrWBOiLWzDAU5y9xXBAXZ3I3qChurizCnaOcvs1caDwy2qarIJHIZjGNbHxFDUhlyBb4dEXwUkaw0Rzgx5hKyb5CBTwhqjoeyZQlO5aWqFFUJy8UdLs6OdOzHCMnI1OgkuY7y0vOzOpQIkK1NgfiTiHOTwbz0/09h3uEuZMZTZ4asju++uoX9+8+/O43/2n16tXtV6/J/ASp1QVBwxcbOZ/z2mqhdRAnDxs6yOybHhlNX442furx5zOSP9VRM5JpsrAA8znup6PFS2I+CIhUz5BP3KOPTVMphNK9JlANccVP3C55ztxM85mtxQsXBauf8cWM4UmWhn1se4wSL8xVvVcMxsVHYp+ZlvtMUmvHncn63Z4LGsaRnnO9XLWMasWREmPpYKBKltcdP0lkiOUzsenPtXSZM99akxdecemWME+5eZIkEVhjrgsF2kVP77ckBxdNyWN4zqDLXATrSCacU5hXgVqClpuiZ81n82PqiznsUvhlIX5iSK9YiuQME1KRximd2DllOQJmyd1ZYFa4OjNQownObu3WGtmyqXAfGHvudLLM/YPmIhcXs1GzM1pze7rzwgYsbzRNpAFIdcVzPJ09jfHiHDAPtQBKEMUKVntcyynv4RuTwf9PUQ/MeCeg6drZlHJz9KRZ29Xie3DtXw9FxrYxKvkV31Wp7wyvkrU6Aa/ICeXM8lRYLe/7o2ZLcLJ5tyiUIcoAmAM022Vz6ckS6+43s2xaj+2o1OBWcRKQEbcsRRbYbslNZNeGSZwqt4s9M9RHKAyIYRH4f7IB/AxNPHKVp6zunCNBqAAXuFPMZHYHQ0UAdoHkG7lR6rJ6StScvuIMqlSXP9UBM5j0U6JS7VTig7qF8lxx9N+wbIHElVwGZDNJDPJwPLKpqJDn7I+zgBFDEQm5Gc548pQyVdKUbHSMvkvNejBrIkNRBWvWaB/A7N90aa2TmyPlQ7GVJ/BqcQBjRchZJtbjPhw54t1pJm4g1fQU1cBpYBMCpZ8UeLY4uN1iRFdIVg5JN9EMQDY+Oq1FVABibUKk3KPiycmsF3SWhLPnhmAQyj28cdVszT5xwBnQyQmdw0cIt/pYuQFE1YJAJ0LJ6T79SuHM+qbc3RRvDrmN3FVUcRlTVZjychXv4onmITQi5NFxAfD+kDVwmjVMGrk4Mdd10iFW6T+6rfTBrXj0gmKsk4q6tTDEuqbmkZYwSIKqbBFl5jAVQZR0QiajYKa6ERJR4OMwvkvDni7QaMnBidvR9XbhsFIgHhOglJlOCmqg2koqV6S9hcgujXnUe07X0J+0cYMWkyUpxkXLvguRERMUDnhvTZug6B7Vs1Qtoqq9boaqP6lmB2lCgrq2z5QTRC3i1HXKOcCsDAcKCmCq7UH+N7uzzxr9JEvOL+mYKeS9/p6jNhSqqbhIksH/3NGvEWWe9yaQ2F2cW9zI5H4ytlx8+Eo22gdv0k5ekk4F9DJ07CAATzfG8MhJnCWLEDM4dF+kyfgZhLKcvGcffyi9ppB4437sGeZk7A9jP0yoMSP9qgZ1NQ/Neq9JCqmui8uFKcKZPvnJOYBTXPCBcFxM1vAIapT2BOg4LpXCEimPBU6ARyJJzADl1pwaCHmN7U3urqF7vVgxqsB6vRA9qXHVVdapsWohBupqSAYeBdyrx+mYW7xdT69uxqvl1HHGCWphSQiIII9aKGcIBcjGKEKVG+G0bTTxQ1nfxMhynDc3HA44MoTuIjUraBZkpJDc6hEOQz4MiwEX00Su3jXZPl17RbFqdRuhIIxkTXfma40ctx+SQUS4SaUiBgqNe38A644keHdSS2itBTx0lRvSI4fcjLkdoOtze4DucRwfxuMD9Lsm9R0MZIYtm5bcc+vl1c316mpViX1MJ5qhx6ez9jHptKtO9m2RZ156jHmN1899XL7FTGF+5q8SoWN/j5ibo+QwcSul5YoTnciz5E8qepcAm45+MHL5/qCgy+Re7Tj9YbFa3axW64bRpTlGcP/u/t137x7e3+82u/7Qs0UrnlBPN4GgQV1ycmdd3928+cXbr775+vVXr0hxN8Aa41UIhqA8JedArlhfMjqLuYBm0UJRVoLUo4i3EtSuJ2CpnWrcAAAQAElEQVTyDiKWcyNOLZhG7XMuIcth6mX7aWZSXER1Mwp3SM/cVceVW2yKWFMS473mhPPeOmhrJZuAo9ijFhiO4ljAapwGbcJH18zEXwU5Vkik1q/ODt1B3JUXcbfbbZ6eNo/0YkBlzpi5ub65vbm6vlqtV0IPjSZ66kD4qUc8HnrOVtrut08beklTocmCszrhCMF55gIdnn+JCoOXabv+DTA/d8L5m4uHSTZ8wYbFy7R2chIUo7IeUq1/QmVMQHXO+cDOR4X1J7IpUNO5xaoNvBzdWtb8TvpQcXbU7uFh8+H95v7huN30exabSfvQqbPahH4TSQyWbMq5Jo3E6Vr2Ri2YsuW1aASIq5VEE35pL+hnZvJHM0RwYfnyb6Tz7JTq/u6ngcp2h1D5lCOBq3xeNjU5TUvNcNauriwhpKfU4bjbHmgLPDzsHyWh52mz32z3/HMzHHtOo+V0E7SogHbCETu1aax7kaT9NNkaGTWe7ZfzbMueEgVceng42e85LCQzGy3oBPHzhCDPTDH3sJkKjMaF4dL+hSiMkoHM0gkKwUNkKHz0MJQn1PRmA5PC+iV5I5Pjz2kC2ai/6g+r9x5F6HHLAOve7MnAYoYr8F1ljJVACcyeLlL2AMKJOCvXcfCGQMxV3bnogDibC0gF4i07bwgFNKEX+l182QULq3Mhpv74KcUM2jNWLxM2ugzRQ3B+JFeXU8RD1bKJRTX+OXumi7ImnR+nnLJQcBx/gqSTF5yUvtABL7ndl0w6qX5VXWG32yZONO5UG0AsCbBJVKSiFaGgoXneiV3xo7d70aiK0ly+F1Yua59jInVTmgEN9DlpmTLaKD3U862kUlmn7DFubYYSjKSPv/7ql2Sh/OY3f6e6pmhiJMYWj09biupKOQIrfF0rFVlguicoYLuxUMn4Y2+dJLaJnif2LnNtGoX0YhzZ/9i1dYCq8tqf6jjJfFAvoLovQXLoISuovUX4Zajrz/iAZK6cGpxZ35xqV8VArv+irN6/KfEMLdbIggFsfUJZ2t+/Xya8Wa+uyYQigzzK2ZPzT3Sq1VUoXNQiSqHp+20rv6spH+EaAbCgTnI1BrkFaQvhnhuOUj0/SWKVILVOUrOofkNQcWVBjpgi84bl6gB1C5awbvIrgAkh4xIyPyWlFnSfSvGNTnAqqknZF14YMLmQd4+9PX2KwrjknKhaRijuMNevXV8E43Ii/sdwP8UXajJ4Eef/6PExUTc/8exb+tbq4bRegWbjeGDLSrshnIxQs+GqD9yF6OoDnt2qjA1On/ZEfsvlrAcQuJfzsN3QSZ0UT7Ts4sseBnVbBVLkI6VKFUj1f8m0at+VwmNZg0Nt5kl/1Qx2CmU/vr9PHEyfyLj85S9/9c2vf7172q2W68fNww/f/m715u7m9R1pf1JHBqMgpuScz1llze7gdFZMH7PNVc/wX5JO/vyOeiPoFibiOez33EXLwkKiMEuCbNJO4FJWpZYqRBpWTCR+4l4YMeD51q7ev3xRTlwIev3i5fTEdzZZ1B8XA3YdLIxTCxQlUdLEA504wM71Tz0xh1b63pIvnu3WaQpDzd1FxijFfCJ/aUOOnvv7ezSnGGrSmwkvlPJ6SVwk39ckhceNxenVHc3wz6142MU5mgLTPFL0q3sGDInaddXs4GymwtKsV2HuSbnsk1GPCLgU94lL5tQAiDtjiv/NEnYr144JL/QxsafweYx6GVdldZ79igJKpR+b4SjfgwqgxcWXc2+JEKhuJgUnTRQVFRaGF0i4KC9RQWpPN8ujRYyyfahIO6jdFX7wApRKamTzVigEhluGnIMtkA/qAbIGRv6lcHrN2W6qp8xvZOkjQofgDsqYeShWtJ8POWxx9JFLLgpnMdIpxBmGgSsINZri+SWV9uQsRRyhTYKEVTAvDCIAC+YZFZr1rbAtIKVlnHvcKjSLpJ1UaLS1E9BGq8RYs5f60XKgkKRzmaVEClAmxNXTWqU5Y0t47hLF8qSx1nhyS19KjxNwRqxfH1wP/Bwu+IWOEw6shmrZIUF19V/Bl6t8MUhL5b8BUgiXCEzgfOgH8o33AjOiNNlqAbg7Srn4U+y+Mu9zWVEtpIeEbfflehgphp7KXq8f+uzZ6z/J+BV1fMTAms7WjTsJOlKavJJrMoUxi3ggG5YCinDEdBRIqzGS08JDpa27fL/UzIENZivFsxYXLQMuSgQyJ0UAyJWK5RzFuE3ROvUfo0m02jP56Ry1qP2fPOAF3XXguQvV+803aTDHkNqmA4fXrfpq2W7lOik8Z2JOTa3CL6WwSdLLj5NznWnPPmY3iFQWJelfUDqvnYy2cA99kmKB6j/yyM8mnYACRrnrKCSjkg1rD1KIDQaUoQaFM9lAQ7GxcEyH6LBHVKSTvUKrIVb72B1Szh41glyrBsG6atlRiTpjntkZcS75X07eUBbLABvA+MNzSSd44ksJblPYe8y4u/UqDpws9eHMTZFc+fEByVcM4CTNbDc1IVORm0UAzYeW6ouH6EHLk3RNop4zE5ZWT/Ijkk5iIcI50OQIcJjHIFe3zGdCT558tIyThNLOhJNO2oVAczSuHyo/zSa+y/3qcEpKKeIitu4uqbMwJE06SaLMSBsHpIjZrj9uub1Hz8ndybIV/PlESTPYnEZVijL8ikUU53lZOJOhBnPiaIgW1Zhio4TGluGi5ss/Jq8dCupQ9IVk3+Fi3KlNsMT2CprrZnHTLW4X6+urq/Vqren5klwLVW6FjpanhKZ/TwyF0SbzsFzAm7vp7mpYtGPrGSfzHRdPOCeOGeEkzjgRAdoYyze9Lin87ZGxSYaxTZlMuFVursjtOiF3gtsd835YjIxx0g3jCriB+hUH3Bsw8JJEcftGy/1ZD+ROlLJxCiMB5765jrVpEnPW5Wz0b22uI6OCaGEZJ80RmmPT9Ll9GtL9eLzH47ZNx0WeFuTNaZoVx015im+4gwzLXlPRNX9xchlioazMPWE7zTjRNtzOt05EP36WyPgSxzP3O9Mkk/NDfagkeYGDtkkatbKi4fyINXfVWa1XIglzsCsN03FBEnv+eylNIpmQu8Vyvb5akod1sVoIBsbjw/bddz+8+/7944fH7SNt0F57R/Cyh0MsOL4aKk2SdJOvv/71L958/ebm7pqcWpo26/AEriXJcyRj1zjTyC/MTHBurE4q7DfMq1oVnwL50+K+TGhiVSUFwyBGI1AoPG0Do5tIYx2DO5TtzWAQ3EmP4U3kxWTDedCNUU2FyxVi1H6vI6maD6SF+BiVOcxCA26n2tDlJ5yYdgD1h/Gr4AHykOhZ9rvd+x9+eP/99zsKkA89fU40cH17Q6+1pZuoZdEmt9XVBX04HPe7/Z57K2/pu8f9HucWizObom3HsD7+OhGROBPN9fw9m3QyO+/5o5LIL9m9nzhn9rizIeH8KjD7tz65mqwzPm30qzNkJBeEwTJUegEkq7EQdt0fd4eH73/YPDxu7x92D49HroYa1JEkORDmO/Dxg2VmWr4XS5mGO5FpokmnGSfseV4IEXKiiaYntsKJ84Xnnz/BjziMel8aHVMN4nTCY2VcI4ZCnEoDCtcq7ModApMlsgqGGkhPB2lnPXBR2nF/JG/4+3eMZfLwgeZ2v3miuNNhszlst4ftod/tBS0eHYQkfD1ZpZlkmgir1YQezzixXJ8cKiNUQuf8uLybzs8NfcVnJC6ZnJOUbOw4TV+Yop7KSxMMJL6axjSjfvBdjFgsGbcZUKyQC8cYKST6q+lcgl7Cxou9EWdpnBVsc/Rf5WSFNZGcEgcaUkPW4GOlBIMR+qTJLZne0vdPw4jSA9B/am+NRsvE9b3gCDfPv/S7yfPndVbRcIO0jkzkX8HdTye8QzaxVxyr3zDSTMrLXOw2t7VE8/mOf+ykdLIS9dqkk48xFKH4ie63xItME0vazuVdXM7U09VSTjGM6h8+2vSX4wsdtWjU96sVS3dprXgg7e/kfPA0FPTka9UatQ+xuzh+os47kxbggDm0LdXpvFgs725vx18y6vsjybDN9ttvv6UBUIxEn0Jx3VFrkVuFPAJV2QecKGhL6lnbXa9W09/81Tf/5b/9m7/7u99/+PD727tfUkCnW6xvbtfjw54DKQPuto+s8gk74Nz4YL+oKiHbtQL0lTtsllPDTljiBY0mpHPMZbPbHXZ7rqpcLTWAamw/z9xlsgD6vOmPc+BLZee/pAMqrStHfEnSRITGsO7ajC6i506BM6wIcG+FIZqK54NiDXTVcbl6N/b/47d/WHcLopG/vnu95AqtQYtOSC0jZ8YonYHBUx3lUknN25ClSVtKo1Yr5lAVUfwgo0PpsmVlDyJNZTngMawg/+KabFzuHrvKeTnit9vtO1LTYTwCsOrSYH/g2WjaVaOFJPIYWatewTtsCWy+umi0OQUcDr3BPw7JmvZl+T8bgh+Nd6A/NSNYSxyNo3Iu13LBlX2D+h5NcUBNJNH6rfCzST3RsD9sR87oX16tVv01rqdmOZKFmgXh2LCusSxJWZ5cFk97gZGNS7vT8GzpmodjWnLuGGZ9QN3gThxfgKGVixSPxjMb8PReoHMi/Cbnq1c3Y/8VMdzHdx9Ij1QwYU94EngYRmNjDxmyGwnEf8HgzE2VyIZ4ZkQ4IzK/rY9rPkLMqvMhelU189qH798Rp5OBAqMaLjs0iCnTbJkIYIrqaS0LB4tEc7peVtNRXNgWVhRpwpZKT1ybNWB2MXftL//2b3f73be/+fthv/3+7/7x/9P9D3Sjr379q/W/+ivSsv/T//T/+u1/+F9Xa4EQbZYtF3G2HBASSGtViE4WEkqXdrikt4RJ8P+HrPKfzVF2k+jvxJpuX71SI2D7+MT6Im12SY6gExiug2sC+of3HxqBMbu6vtIy5cI0zvb7icsszx3HP40/QCVQTtgCSudu8haRgcmoQofdTnxJHVg7sKx9JAx5ijfO1C2X3M9gOOLY5OVidXfDrZERN8fDD4+P/M2lpMCH10BRxx0sVfNJaEgrLhpbrtvFgWEhGID6uD+QDtMIzDnLgtSQmGgmhiHS2dbHINfXYRi2w2E1kkuAA5LOyktuRJiSOuksrqTP0UzxE06Vs2JQweSRAyy5C3bVcz7qscgZBzsR3MrFZl/FMsaKH15YsBPWLZNvV9AnEz7W6P0FLSbNOIzglojR79ydnxDEC8scu1VQkCyRDi0AsFw/EQckv8i9z6jxrBRYYAyruXCKVEHGBE835I43U/WY+gVr82RaPRbPlDsStL1LqcbjxxFVvGRRyxpmNwG0IRQJp11/ADGR6XIL9virn8CAzrK7EIzBYrroChJ9nlX35K5qzkds2/N9F90NwgotGpSIvxaaq9Wao539sNk89UP/8PhIn79+9ZqCr5Mg9EwzDdDsHfbejh0/lHhgUXrN0XW4jFe8rhQK0AD+mFgd6o9DpvhHakm07fbHx7xVNIEF+2mtLFXoQq1rG7OaFSU1p/LP1suhZyeTZ1lIhQAAEABJREFU5OZQMXgSFblSbG2OgVzhwQDWnE0XG9TpJ05kFFwcnHsZc4Ws6gPgW6o3fMyjINMfJcWsq7orPreeP/vh23PyOfNC9eTeLpTmBj7tQpFQ2AjM9MhkSRChA0v7MDKTF4tXt3fv14+HcYvcXHXkptkNbQzoaINywut46IfViO7qAzMvsuDEcRJZts0DZXEnSOcZspV6hs89sowyK/B7/bl63MAhA5JTGlO77kgNPUpqTB6lClyikVmSUTKH6JCImzEDiKwkU5z/gnbZuGC9GQEtuKu/Srocw6WQ57Pj7BMyp5spGVQAMuS3okWnUE7B6Nr0tnGyULqQ6eR8Wzq5gavHAJWAwY/o2BePWjN/yRGPbLMnyKaqvqJwd3xea3SL0n4qHAfpLRMX/OwPx4N4fi0zXtn7mH7MYZNQvxceWnNUmVSNpRXWNyUXjT9O+X12FsfkLF33Kate4yhtXLNkKo5YgmHmGr94ufOV1ZGi+T6TSzE1tRswKXw2UjiN1JvUCy82FLE+G1j6xIOfTHuqnOARcPjUMcWV9GSXzoVWZfxapG44Fmmu8wg2RDF8Jq2QMbk/nd8RFGJDZIV7f916ghAlF3aK7dx53cMLjyLNPTabzS1uCBn6NKoKQqUsqAmPYvZKeERtX+ZURGye2pusFaVKLoA0w1y1iSrzWeunUpijsKHZwW80ANGT96JJB9JzxmE/9gepXmWMQKjUvQAcNVpmdWKKrgrGrkHnNhWqRtsjtpoe6hYHkCpBwuIsOG1KNG8ucB3eIAw1pJdOY438p/B/6eRwH0Bo17m9zoubZnGVteu44BXmlr2vgumFJkecmHOmePeRe9NwP/KRuMrV1bhajm0zMmRQo08Fk4kxDNJ167qMSgSgTRSJiY6jjBGL1G/T+dw39cCtcGjCOId+zIuU15iXxNb6Me162B/bYVoMUzemdYbbtr1qmwWRBPeDlkRIYaaMbTmyKTgNR5kN622lFJOrLDrVcJ0gU2hTspqNLiB9IEBoeeSkkzw1eYBM3osjwjHDYxqemom04X6Rhw5GUhwXOUnDueWK7LvWtL7Aga+ghJVa6F4CKaEYJ1DNmC5gkIHtp/RncMQjJNl0U9VMRB8snk5PpoAxZ4Fb/5dGYwrB7uTcQRNNBkY3kTTfdkk/l8v1an1Fujh9zs12dsd3P7x799335Hj3knSYhslcvmYUJLFZJLTKEOeLbtm+fvvm9tXd+nqlPXS49KJR7yHKFhHhNabwpSknwemzJiXF3qnmArwDSwnDWe1isvPpMbhSZuQOMrpl2RJi96nO5cjsTmMKPJMMh7NcLhXaJDfeS6fRnTeVjg2eFlrishE6HYP8xsguRQYnA20cxpcW80dnJl00VT5qyKgJSc+0p2O335JVdn9PLuX11dXVzc1KMJY6ySoAg7/j9RsZqgE0Kkym1lHAHY77PSf+HTn/JqljL6v260zU9UTX7xHSS1bugjv0klb5kk8+epvKBfTpIf3IDX72vM/frWYlF+3yZOxazw33TAKzDrjJOVd3cUPb43G3I/cR7ceJ+4bI+EVJpuiDXDxgMsHCCABWXdI41+WkE26dw0knbSlhLUzPkEnVtP7EZOLLJvoLHHiCTJzcWuFfw6DWX5J5qD35X0gVtF90svfa7XUame5J7g7HniaWiX93oNkmcaYdRRge3rIbzFTnTWSeh1bnX2+aHew50m/VaZBM/ZHT1KzHVIfBTh4ULvPBQkduiUJNvc7rbCyhFzkoWzojdVenMdChjOzwQmxFbaj4lmJl1Tw4XUS+RI8mhR6o5Q1o/BUhfcy01Ky4Mgz+XnYjVdu4m5GbZqpmyQFLrvTMWGeqvJMv1LFd1IQBkQIDSX9FtR6gWilIF0IhYyxE0b3jjQkPg06cD48M9GZuRX6i6sNVhtkxxaXdrAOFqbU5TGqkxfkfnR+sz4kzNWaWNBJrgdjy178knXzBQ31ztYYN19fXm82G5IW2szn5gmWdyHuskk6kYubLHlhZhXY7+kmjWl+ttbaClK2Hx6f+/TvSUribo2TJgMg97n0oKqM6WuhDUmXHptsjS0LS94/H7fXN6r/5v/yfhvF/+M1vfjuO6e5VJiPrq7ev2nb18LDf7Eha7o/7RQfLbsnOMm5vxnULVjwyin3etbkdOG2dVb9MEW1Jx+HU5C6tboh6D6wW7WkYFLMBTQZIbgvPHxj+KOIQX+yJ+xd/4Cm6P1TcufyEZF0EguX5H8Gc//pbBjuVJSLJ8hGWKyKHf3x8+p+//z7DcsLub15fd6oLsJVqDi6m0FGjBOxIELIgc31S81Kb6AROb3IrTuSiGUA6sil5/zOjrKllE6O/IhP+ak28nwKS3YhLNmiG9yMb23ty+g0c3Bx6VXmAgWnrFG/184RENM2BbWB9P0qKvdgAKIUpjTJzNLBfYeCclIKs93Dmh3au1Spihm3kBhBWzWNH8b07o5kE4HFgI+Oo+aUtRX2mqeV+q53U0sBHF9olDd0VG9aLpXsYDV7jWOwM4nDCDCXSwzo/Pq6ML/ZlP3OmkpcRGLkobr96qzrT07sPpL8DBoo6FGUKtdMoq53WOijyLWDmZQ3lcjaSZ1iQFt9MkwZMpYMNoyX2D9+9o8u/pSj0a+m+2WpIO2uWOiZrWwl27dDqwHoniuGuI9EQNXcDaZqhH8li4Rj7YqkhWKKfv/kv/+1wOP7w978l/8Nv/8N/unr99vrVXXu9/OVf/3pK//U//sd///f/y7//L/7tv7v+6vbYD3KnPE3ojUdffHgkODm9p78cf66Hbk+MWgtIi+Xyq1/8gtws30PePNyTM6PrVlmCbERI0g+YQXref8ffbrtfM0wab//nxaKxeaNeAPjJMhQ/+ie3TIE56kiu3JH3Ar1onKs1kOMxhfUEbrZLjgZZ5uSMbfqF2liL2xsuLMd0ePfh4XBYbHYLQS+WmE/WUM8UsFtSVSmptA1tcoqkvr57df/0OG435OrtxRecl+wR7KBLmh8P2A84WMqIbW0uHiRH/NAvu8UVaUFiBgscPozoPEF8AxEcj4luIM2MDksNmZkso+7OE/s1lbXCuV2BYeufnIYz6zelBOnz3Dnool/9heDCQn5OCgIsJ0zccU+Q1625K2RzsPjXLXgUD+3XR+PY4MWqOEzjYRyslEguAG6PhnHaSHW4jETjfEn8kmWnmPst9owacpy1OKvu8mQUeygJELNb0hEQwz42i7o48nhDwXEct/1Bnqhr5ZGV9Uu3yxScuWjDUOU4hH9Bhq0mxuRw3ArEWJ0KlV/S92kSsH4poQfttYlpvV6T/k+u6/1h/7TbaEL6q7tXAthgZqY6N1Nxs4rPBi2cNEqUS/2sWokpPtiG/KMDBUUk7+Q4ICeqt/Skfesh/xEpPrKsilRLn0Hpzcnp8mhdDGYSB2aeFJua4pHwn+XPk+LCpXPVBS7kTLtbHcDd0BIGq+Fkkl1dZpYVuVG0xqZlBW4YRnL4WiDZ4zIvM2V+FkvEp0tHXqv0xXnDLK6ZLJUKylCrOjCZE+FQ2TRt9lM3EtwjYian+NvXr3bH/ml/IBWYlnWYiIa0UXNDIUmKjRDXpElZSnNxKckyT5lme2DOoVxU6t/FeYNKLpwcYbnUwz+dENB83/prE0bbZw69MNyh9NVJuVH/mnThpK1K0pFrszP00hM+K/AgZmXjk8cv7VZlUOa5k+QStkzo6z1ih4LxLFZC9lNBXXNKeayEj2Bp9sqvxJMtF9bYEYsSxZfGsuL1E1tMBesxfez48TqeG0TJXai6g0zdRfzE7Su3otYN98P4M1noNkwErpdfEHWO3u66iK1PXuTyGcIu6pN07mFOi5iKkZet7Rr7lzHnOW3Xe6EMvlwDT/eIzX/83deivkAV1vnYY1ZyzZcO4CW8bHaR+RuY10zbuIq30/8xh3D91CcflM8VqcLkXeWkr9cxQlnCmTN6usCFCSxjC24Ze/ckc6LsKIACkA7wmXM0Py742BNUn6RgjGina2UZ53oQQ8mOUdLyK2vSjIUcHas1dAt/GADtTZNm9zU8mMmEiGO2cUmwYlpgkt4W43hIuJ36HUk/6dEyar6n9b0zz0yg2Ksz39NAJtcZZ6lCZRFTPC/aNkGNFgvGiWmKVS+eckwJfQO6LnRab120CYxJII1/Dc1ts7hrVjeL1Q35Grplx/ggbQ5dpQp66L8cUGTYCRYLpOJNiw6v1kPXDm0z5cZTOOz/oLkQdugdylQHsceh2ZI2CqAgChAUwrPcHw8juQWmifu1Ye6mtJxgwRgnx7Tbw/64GMZ2wG6ayOt123U3C26g2Lr44GFoooMANErSSe9zDvFk4uKVQvAanxBcuamQeExUykbw2aSNRo/f9qk5QNqlaZunHZmcLQwdTOQDo6Ev2mbRLNaLbtVqFpNr0brXJudhk6qFglqxCLCHmMMXybY/yaHk5WJ4QFNz0Y/IYgeBu5AkhqUiuTStJVzqlTQxRQFOGKFQMjspNNGRU55bYzESOalcx8N+t9093t9vHrZPD4+7za7kVjh7ChMBpHlTRzO6WlxdX9+9vru+u+kW0tCZ/WakyJNPNJnCpkMtMCdg6w5g2/yz9dgi2nw+7H3yGyjdK7yQ5JcQnbJCSWFm1Zu0AJ9zpzQ+nQsoD4v3hbbUUVAcvqxA85jEiCQTXyabJ65PGLQlBEyKZCpHdoJXc8fMMe2fy5ZgMVcvP23F2GsC1gZJ+92OXof9nuMnbXOzXt/e3V3dXC8WC4DZlXWcAvGC0iLwyBF3xn4+DFz9yEaJSyfNOykaiMG5pOIbuKT0nY4/LKP0xznwBX96Ea29jCBN5nwW9SIWCWyfuH4kAlnpR4o5+x2Fzzg3ohe0XUk4T0aFcrKIFbfTQLV/7SvAGWWBvSGi3d637EjIriLaQyi3zLnSYAE+/lifu2O/yHEGm1sPI/SuMWy4aOUiTVmG5J1bDrstM8Mjo8UwbivHRNhvnjQrl+Rdw0ibel2Js7SKk2paVp1sKysSMhnPlLhQzCLXFy4Vel3WkMtHluQSnxYVlK87mYY814wvTmHcrjzBTEuINzrd1UANAzdVCmwyWNa4toU2fP6NC+tNZsHoOU/wCrhag4VUmI2rP2Dt2UplkVxYx+/K7fzp59eEs3sWv8BszKZfahbvVJ3lmrBWRjhuiSyHPyAWUwltJ+FZsLo6THZoi8966HhKKHhp45Xhpgh1xZXnI3rmOOfjn7Jkn2Xp4N6h+VX/knTyxY6c4UTdoUPcsv1+TyL9IKhLTaqsMtBKdKM0hYRlMfPlk04gRZUsuL2IEt4msiCN5O2bN7v9/uFpczgcPnx4f31zvVwuZVAW9hYzZRT3u0D6SgiH/iVVpek7XK6bBX7zzVf/1f/h3zzcP/zh23syBW5u2/Xqq/zqhkwb0oW4KpJ0GtjSblpwu24HBFaqxUTykS5JxhnKyAaBI5ZiSCbeFbnvrm6ecqZx9vsjfaVbLiRHKzDz6cEAABAASURBVKdzZ9QfRbH5mfxZ/3yOc7UyoH+VzdQalTLoZNx5VgSZitDUr3oTZM0wFX8HkVyLy2syPn+zOeAfKMjZ3d6sX7feBV2apxtY6aSaRrHKSMfCaCofq+ZIE0nLdeQzKL6J0cXKaFEsonmG6mGfwtfLZUee5XFqGF7lOG17MrzpjtsxY7/gUTP4V5KIpO5lyy6QJ1UnuSb+TxWmOn+gYZgBx8Y6pUpqleDLszSybqAMhyL5tpoqnyLvgKZFm9wpZiwfGSN6ZVtZ5pYcBYftjrfaMC76YTFd8VXWJMml9yqYaQH17lJdKrxvEirhiQLJ2ReLWHpgNSDRsDBvnBxKKDH9iONU6ArXrIAtT86qdWZ9DsHp0AGwt79ZLm7evBkF723z7h4GtBL40eYKQ3AL8UrPQMGhUZTa5A2AYTZGiKTmQuRVYylbCFQnI5cjykmjtOA9brf330qpWWpuvpZ2uVZSYum96onTgUFg71vlnDjqiBoapd3M0DhJU5rEpu4HFjicFkXsucP97q//zb8Zj/373/0T8eZ//F///e3Xb//m3/3r1c36v/jX/5o+/P7v/vHm+rZbrZrFSjFguO9ZAUeAOQdwhIJLTDE2exXG+RfLPP/kcuHHDUB3peKoa5RC1Wx6f317y+L7uH/44T3R1vrqigEKpjEaCO+enoi+rm9u7t68RslzOh1J5fKo/fgfHypi+uSj4GzD+waPv6ZSiK9Ql1yuREHNnuFGuHc1Iyu4QeDgTOphVo9tQ5Z5wiPpI6Qn3RJ7H8iTtvv+/v6wu12u1+2C9gTjkbKdyppKI5X83CVHbZCBxQcxjFev7o798YkmiovFkLw8LaNwgTT6yRSBRSReOi3aKQRXEhlG3sGn/Y4z0PL1wnG/QbxAoz6iyC+FY/IJQZ+82fyhJFNWWqrvYWdjwZ8raXw+4+m5w2So63VVXweEl214hOfu5oLTgqZc/iNoCJjj4iJwJstENn13EmzN0TCW+bTWjX1Lpx4Gdo9qWt+UsrN09fFPkDxeQ0Iua0bDpA31MFkzb9Rb20id1WfbTNbPzni1uiYk4gHuxhXFSQ17dRxrxz0YMmdXoNaVD9N0kCRRevDVgqhOzXo7f7KlhlyZu9Wms8+0DFTbk7MwG0baCVICJZhqViUslZQyOHA3Vnb0BDG7DdGBu8X368WWM8rpj+TsHN+/o7/d3d21uc3l7lPytANGC6b/psb+goaZyhPEfEO0Ha7NXWT1ak89DeXQ09MO0nR5wO1WckDZYOhaabyidXiTO50BC+HMip514aD+JGDDzCc6Jzp3Khec/1OqjN/d9qsvoolAKKkVlkfi54fvSfQ6Zk3L5YLxfQ88k4L63tT3eglHB/jESfhjZa5P5YydwCwjzSZf6qpypfgZn0kpiJ31VYoyMhBIZhuPtJNFk+/ubt8/PO2OR+0yRqFP0l36cWzzcCAOOQx78rQm6UUuOLrG5DQwyCl3sv6ThKtiiU+cW7MHwkuzgaEfzx69jL4UgdXGvmhjAosnvxiis/AK65QmnLfFtGqb45T7IctO5vNHJRntyKwlFqawGvGowqWYJHSxUeBhBjEFpBac9FYjpqSKpbw13L4kXMrirMohGqM7HSOiAnoTG5V6J9Mvfd6genis5yP9WHKyC81Ff1hq/mvB0FFRbH69+XXiamiUkBzdXvgvMQtJOjmxCH7kHpDD2mRDeJiZ1Bl1tR8sMh0afsnbM5eLCfQUDzWfliDKKrtEWbC2Kc/eUBzLS28AWn1tbVE8Va1c2kP2KbntbWYvegpT5FeVccWOZhqaphlLdPblDAA/OqmInmIo1/WnTSdfxPlMnMyNf1dnvz4ZbRzoBImnOxvrFyqAqmoThb6g+qtsNSy2WxmEKAPJu8bIvaaCzGaTHXk200wUYJCnPUnOUDvsqz5gmDyD4eMTW6Zldqb3YUoVmIryINfPCjn41hMY81HbMinb4FALV5WwjzgHE9exye1U9UHXtrT3maKPOHmE+pdMLUd7VmskwJTBQG5DGjd9vyWVnAOenHEyAfoCxZxhmSU+dFtE6uHkN5qtuzy/r3iK7vepILaXquJJGObkCRGS0CfEb9QV6tCcRE0OquYkuSELblLTXbXdddtdNR3Fq6V9Bqd2SCOZxpiIHKPSCaMv0MGBb2zaqe1G0q067ikzZUV3T5Aj3cpzoyFsKNfZzW+DzjutmbnWOqlEkF6FE6cL9wdyWzXkfKK1xtSlvMCppenfHkiZS4cDceAFyawE1217zciW0k8n26glk1JQrMndxE1KJuFuk05ThWGpxKAoQRAkq/5vyz2y4L3xch89t8kZU8NIJ1Pak5dmGrcJ92k6krnDpJmbZdsu227ZrNb0LpGPI7k6LjdVBLxJRZ44rBoBlWiyt8gsusoFxxT+aJXpxxzGS09GwIfGBSzRxHFNkqebBKhw4623BZ6j06K1EEOKtDFIQzgG1CF9u8tdx3C2koLD2538UbvNfrvZPj48/PDtD/vNVsKv8nXpoO0xJAn5ydZgQPJFd3V39ebt25u7m45L17RGgDQ4zhoaZeRO9gFKqE8aKW21donPTI7NyGTF4rodc9EepsJysWYGOoey1zmL/dAfpexkHKYgFfmpSSfaiEdanWYyRFYKiiM0I0gkXv+HplFNkEIWJJ1nawbBaI6Tc6mkmFcK99hwGoDhIkQ7uTKSEBzPhABrQkVubNXvtruH+w/bzUY8DxQcWSrACWO0CJglYvReFFy0gaw/8ukwPXCqynbPbZTJwBxt/FxtIRdvYKETGk4Bnsoiy/jBc+BrfOw4F/dYnKXV8l76YmWywUVfwuyTy96GU/Pu9NbPHHgh5wJPL3uBdC9dvPJMeSbm/FpWMsrIJYw0M/JrOGy2x/1+OPbCXIW4cfLGNyILmmyZZyryBES3ZYQr6cZJxjhnmbAvSykbGtM90NQCXU/VakVEWPhgRn5FvT15Mkh/lKPy6qXzeoBKQdU9wg4HxGhVImmRkl9yHBlyWHJs+/6w2+o8GzGgGm3KlLQWSbow2D5lJqBqgdw/p9lG0MmL1GE4HXiq8tFDGTujk4vhkZPMDOE/1cO7yERXHd3N5389vQ6k84wMB9zFOlk8GZZw0TdFv2xyaQGpnwuWFZw/iz1udVtL1ZGPsifPVQOrJqeM+VQbRheX1eyarqHoismYSWF9p5MAljqUqoWqWQfM3jRpNijXK+yuiGFPFOEDQRN2FUHlvcCcKoerLyWc2Mh+Cn6EfUHlZj+9hX9SIZ1ckCb1pV7GHtPF78o/8iOfAs42//1/99+mP+Jx8fHOTkpf6ICX3O7LqZVmSYHxc4jdO3KrvIMCsYYzAh0ZVU+dvHuVJp1ohspHVv2FkzSfASskwopZoIbqm2a1WtEIHh4euKNhQgrGkDaaoUgkzpoMGGFFkOaMX84LSQy90PXD8eb2ht58+/vvGKXtON3e3EngiqKgKMnFxNzHpl2oD5cD7aKs2H4VZikgdk2SJFydqcn965ysKfgoDNJAXh60Hh/KKtgz4s2J9cFy0xhX+iQZfCbJfWxdToQNfinq+jkOPHvzWcdMbkERGhlMMGXTVVXSwMmJFwYCQZ/SiM0kP7smpJic5H1ujgOFy8f97ni3bF9dr5OssuQTaIcUtK5pLtrVX6AkJya/eP+nqb6jhhQcKFaT2KWgGVQtZg1vMvjHljOdEFbcM4F8C8Be8AWNVfAZoZukRWhy/x+3khJEeJUgaNmghSwghyKH1q5Ym3BP5I0ZbRqB0zv8tMm8eBWlKVwtGmoLFCJELQR3itWHwcCBRE7GpwCswERL5BTVgaL+DKNfUaFqi85vqryLWVVyYHAaraS8FD9jZVcYr4uZtyfCF23S2c7yXytUEnBfRpkAOMln9b4XNiyRiI202PAW3tZKzJQIcXtNqO0DhWN77BDLnRJUGsP5oOsRlQc/0zUbrdwnbXIYDtvd5vHh9ddfA7t4QIu2pY+16pWeqDeha11FX9R6YpcyfOVJcIDE5rdQDa31TkJ30uu33T1+EAsnkSH+5te/JGuUePOrV2/+/j/8xw8//HB1d/f67VeTRlCSwymoemR2jj2W4S6fLaXsRsCwrxBP1KkyLS8mhr8cP8cBZecYD0gOKakdXikmyul0kgNHrjvyWHSLheRgZbLlnh4fiE6kO0SrK2hRGatjg/oWWDjGbGuE5+XUnfrRMes7M8JnXEKxoDQlTrbzOIFB0XKlV8O+4KytqrhGkWuhLClQLdfQTEgvmgSif+Se8yNrMhQezi0xa3LasaTiLiGZneiSJ1ABSYpBx9klzVHaqOkTsuOJ/xNYacmrpBF2nIECowNBq6iiC9G57LRWlUtm0wA+7bHD1knW4SL5p5VFahBYxr7CFBJuJwwODEfXZWdNDD7bYaQpSwQbRCn40nvq5IWjSE+qbcSaEmLRI3MgfNaA7jaF5CIPowQ2mi+YVqvmpWYYyrxoOknF9rV+xUOtMupGiUQ6FGT9dS4/InHJx452yXA1oWWn+JMF3mEpNPTqOXtw7bsHheZ1TXOIZmH4vPkmHbXqD5z7PUpTWq5XUt0hqo/rmIytrQat4+mTL6i4PuntII35pPypiS/pYzO4RM+gbW2jyCZoyoDTM2hIXTJyFZya98goUIgdo8nHdGBh+Chur5zQtglZDcbzdb4aW3iBW7foj7YCSmaLyxMzQ2LZKBnKvHOTgDKiUHnobGoJaMjXTANZo4Aid5PI8Wo1dBaaif1U8psb4UYMRd4VNQArGe3LgJXEBHeN8d+1jUhs9nFgXDFJKc6CRuOK9KePn09mQlQf+QToVIcOqp6VQZZfK95D5YttpKdGsAFsFXiPikYKBwb7J6cgV0tnCaW3wH39siQrCYm24kBtIFw8FljV+VHOD7bUaGwV8FydCC3jXGcD06KMBWR7+eaag7fbtdBwDExeKimy3WpZ8NpwmhnmyMEbFhFkKozSbmKSrAKNZCepVC4STUaTJQEOwUMbHAbgqFLjki3btyGi+wC15q7pUnxxCeUm5zPG6xN6ln7yjh4uK0umiv8FvDQdXmYzw3MIwHC6GEYU3juA7QjZGkwFDOs1Ymw0/xbO4hAebHcao78e+56Y5GKxkFbu+Xk1/eMDLCM0VAR9L/+qx2YYSZdAcpjoDgdRHkax4sJIUHGjwnesIytKP5YWWcqXjVN5SbsgWyWZmRRN2P2nxB2Dt4MVMkn9wqTcfHLkZ5Lx5Do5Yrof+ndTv2N+rXYimqcHbAPE02mQE60jSc0DdTpnqxCzBxL7qOQaxKqFeQ6O/F7NUuXydnsuuY4BDnohVlGDRbVR0wQRTxbY2QRalgHjoKZ4CulFlSFVOudk7aQxCEwHpj1BJKzLQsq+P1WiDYPa0Q+2HTX7xDYUHwqTZvxa7W5FTlJF2l658M3QQy7QqEp8iHUDiK0tbSBKpkkU7ys4GoQ9J/W/o6Y+CLFg6oD7crTIRQ8CssHFZ7rKEMOtAAAQAElEQVSEWucLxcvDPjjTbYwK7LmCiSpta9ScHpYxn0ltZgAU3FPUZ+g3/fGx3+/6fhAnKMOOChyKJCRoEF10BmNuyfl8EanJplcSWD3JQHN9pLoHtLHFKK2+pakEegKKKhXaVdkuzOX/kZti1DoGBi5G2rZlunjSiVi5pIisc3sFzV2zuGlXV+1ivSTf6nrZLSn057xdO5tlCYtxpc4wKofjtmwDmQmr1XC1HG6u+kXTN4LMB1aBBK6myF7wIGWoENk4DAh0XMfYtQKwovuZIReRIUkkU4T8WWzCcMYJLKa8GLA9jnm3y/u+G8cV+bimcZnwdrm8WS20UJBcRNkcbDRFg3UfGHuULFKtpWF3sgLSceWRxD2huEogREhWSjTlHFV/y4p/Q74+ulMzpHYgjx805K3YjulpnB4RD03qW8Blk5dtt17cvLpdXV91XcsqKLtqROpklxKTZRqx+11mgxUIbnJU1LY4Lm+xL3HgS8SOMRuIr+i32CE/FU6sf6jHrCAZYivQijMwB2nfjq7nhpVUtI4axh5G5WMCgtOIfc+bjXbH9mnz/of3H96/e3j34bjb0ycqeJlgiNplcYQ58UagyVxfr2n+3/ziq7e/+Pru9avl1ZImmVudi8oDpouNav+hWniAblmGOVUpGs/OuZq5bmZKbYws7qkmAG4AurkomI6c0N2T++JAjmOywUnJ7ifHxAmLVcy0Bhi1pVusad+uVwKKYyj1wgTE/FQP8RQtUcoq6zyz8sd5QkkXTgcm+CiJoxgCQqMavgOfpBCPZWbO6FNHW+Hjk43Wbzbbp8dH8r1oxgmt/vXt3d2r1/Qf8Z0gclTMlYk1gWmYpEULBdwZ0oYWfb/bDUdt15Kk+3cowBBlk6lYNim8AOaAMH6Lz73CezxVCD2n5F9kee3/SbM5iTPPv3tCOCenzHSFOAPhTMyeSV1pAZtmDzQZyBbWEeCzW5o6E8qpYyGY4a+jmURLkyyHxLYfv7j78+7xiV77p81xR6/tKJZ4ZIUGtKdI4mTuX+0YvVy23FerFe6/5HZXqyW/5HMg+6JpjRZVnFgvGGu+I5qC/NX8GGCrXTlRfuoRMbqXKeO+g8wqUdmRFB88srjNA6Pot/pe0gRYBRu47v/pcXP/sLm/3z7e755oYrf7zeaw3QyMHDPIKqBodiqwsoERiYMu82Ry4g7Zo4blCcUP5nqqsEX1oVmT2coVWXE8MKU3vEzxRz/yye9zuq4UzuQkjZ6SKCUfqhFksw3KkWNBMVmYIKv6Jk+q4TFTrvV9Vlh07h/adJKtqS3GWtUrWvlp77MwND1HTsvzXxuF29HTrE8Ze5WbpAEyt9wxJVf27CX7Zo6tl1LMkq+FhLqEbuPc2nV5iQ6DaXyKrFVJNEdbnTKgZGwyxFwERt3Bw4OVVNvt5BV6kb1vxKOV/Wc2NQmMdnR+zq8j05Kh+lPRF/0r6n8DVxiyt4urX26DfOYLoFgfYW1Yp7ry+kvSSfpSSSdwVqWpTEeBrEnngbAVwioTD0t8f5pbuefsZn67Fw0KTk8FC4PUn5gzZiKdjFQR0pWIRffDwM0ZFwv2fWP5rkk7YQWSHCM9Gxmzin2FpKC9ffN2u9m+//ChPw7016urK+kVshgYBGFAcbohA+41zSIMWBGdykB4XtQMD7PB+0LJZpYc9czuTc7Btl2s+ydNdWRCB4zpJVT3OST3cUk5WzV4uY/rZzr+pHc34nNbovjrbHVwpv+dfHfy70wuV7Rkg+OCZC9QROSw/TBNx6vbOzISVF5piSGW+0M0zQ2viF6tULQuWZZU1krLT+I0TBUqvtQIaoZwVl8wY0iC+L6y+jsG5DJ4Digl00JV+4AQ5GD0nlJlIOmDKqe29BRxvljZjY6qKhQpLKtoJablJEPaKDxkJvuSc/5ktpPC6E2jJzaDhXgku7eFygCOG5YlKrvMxCrX201uIGtxBmJMcoz45FIfZ3Rf/ohdiRLj4kqfFrkA4kDTR7/3/VEzM2xWwa1htGVCzU9y7/spf4GLt5R/TtTH2AluaonTSGBJhn632ZCed3V1k3PEaky1AXAtZm6Wpnoyi8GGOYJAegFMq/Wa+Op+u+vYSL3aPj31mwM3SAL86q9+RfyXDO63v/jF7/73f3h892F1dcWx+TaHGVY0Kpit7sXHPHvc6qtwSg9/bGL4y1Eds93tXnxVHKULNpuym8engcOifBDtSI4sG7a0JQ7bHWkO7YJbIEcdDzyTMX3y4fPrfk5fnxj5c98C9+sIHaeekbwnxbat9BBQXUS+MXmQmLcad30WBzN7rXsKM3F5Xx7ZB7QQyyti1Jaa5pweLM4H4staPG2eKJbPwcUk+Kea4whqinM9hooKbraN/iTiHBfbTeqtkrF1dWSo3YnuP5NqB+/Fi7UvZBZiDYMLZ2vg0Zcyi6cHlivg/JOQ8sUYB3MDpFDMntNIVFHDeizKEGZXd/fHTPKlVPDXk0s4ZdpW951rSnBNXX0/YJmoWT3VjWfvqbmmbgzwmyYJIGP4qspoZ4yw4sYWgK8+iauZPhQCRJMk5nVvKvpNemuQftS11SxwD8C4rZfrIaWZW1C0Al+WYo1rOz9101SxozBUsoZ8YvA2D4blLm4Edj0kQXg2z7iAty0W1k9eR2kORLm9wX5wHklUKgvsoo/Ld64RzSShOtXm+WriL+PHEeDgZPWyFn7z7xYSLnxAHglPCrl8m9q6pULVtdsopjYYVXXZVAy35wwEYaNpzujcPLETNLSm8Aw5Im2pXtWPHT+32CwMJhkd5yK7TXWUbLnUOKxLvUUqbpLrNY6ILVl05HE9HA5WuWux6lYlkbpDlKRqC9bdOf5rrM58XU8exQXERW4E8NFmyUHJHjw3X5LUvWUofTcUMyxrhNnr5UW5G7Hn2Kp2BZJQrw8dmhxbF8rTuWMyuaNYQF84JCwxAaiAdExJm5vCnhKDMTifJZsrW82yLlCVtpkUc8+aXvBFx0uSTk6nN6XI7stSb8y+kam0yoJqFWZfNH5m59D0j1qcLa61BB+968sGiPMH1/Ibde8k5ngLpyvLXlOWayQBJqemELAVWU5VEoYNIFZIzrYWm8nkF1aSnYXCNJWEEUk60dFOFinUkn/+uhQENEfEx3F4N3LSCdYwGCEjmMFKKwILRBWtwDnYLAUzpRPtUZ9Fnr5KOjmfT9DDpW25lG/dWAo80U6rNBlXPfzMQhw2SZE1Y/B9juYW90RXoOxnhTgDRaarHyH7wNLc56fjwOrhUNMCvCgebR/FSlnoIWME4s1LkF/EzcGlu9O2DLFRHzLkWQpLOIU1AS4myn6ipWownBJCl5ulBARaAdloUvEhh8PC+BB6BMWmqqJ/VyYmkQqjVKctyDxYLOnzURpHbvrjdjzSz51inLDPhWdLPON+tZxMRcvmzwEXuGithDFVGwKK2HHxqvkl2uWC0fUVfmDy87WRT4BMudasGdWAVSK1fZ6SW+T+FZWF5B5apOYmL+7axavF+qZbXS9XVysOX3OM2WbQo1JCwKYw8fhghDzk9tB1/dXyeLM6rLqxa1AQEZN5rYxFB3ngLNzuYlm8Ny2jq0hFkKF6yH24ymgQxNyJOBd507oJFiMshtT1Uz4c867vhqEbxnYaKGR9Te4BMujIxklaHq/qPKeYCAgxM9mJM03RcAh19aEc2Qu9sjQbFf9uzhH8aEzD4dE3Kj3J4cwlXsSmBvLG5HanSScTPCFuYTrS3xeZu7CvaXCr1fVK1He0hLSsQLZKElqgxUOK2BjrDymYzad22WdIjJ98yGyFJglWFcYZJyrIPB2zVkSdaRjAiR2+Rww9XfoUcitNRis3/sDQHQrAQ+Q/9OPm4en99+/e//D+4f2HLUVkt7v+0GsWgpJnUtLnQjhsaRuvON3nq29+8fU3v3j15u317Q0p/JI853zERlnkxsVnvvDr5Tl3hSg2IFY3OFe5wTQWhvSgKP7hyBn0/VEyThjlQ7NDTcuU/DbidwspJaSYxWq9WlLwg0wYzr4zfRbNH1L0fD08I0in2tbLkSecd0l1CTsbOgnVcuQ1V5u3kECa6zaF78p7uQLt6txzkc/T/fsPj9z1eEu3I9/Cze3d3evX17e3XE7G6csOXcDJYZJ50w/9sd/T8m43u+2WXgeG0DiySlpyaIpgR/ZmBFZ3mtXfQ+WTtL4wl4/ianhJNATh3DWUXnbMzrvkczr/9QXXxtMLX3wKPH8H4U6J5QuJY4qAIJc3ouNxD9Hj8bjfHzeb/dPTfrPpKRgnrY4ii0I5VvEAqWyXanAmMK4U79oF55fwa7ESGCPaq/TiHlo417ISGP76LCxTy8/00Qf9CUdN5x8nCigmSgovkaaQxnBAH8WwyhSHlaVVv9sdySf59Li9f3z6cL99uO+J2i3LZEBrGWYlu1LG0moSRgm6KzCMlyTrkMyd7oSvo8OiGJ++KZI5VKPqhHNyes4sLXsToPj8TgkypEP2tE7L/+BkAsnz0GySklLT5sgRsbyQ3GimCNd5tNJRqMmWcSK9mVyg13JeVUsDAjQTP1tuspjU9rMUdCRwXRTLc9nPCofQDZPq4eKIsyasIxyOcAtz7lF7adL5lP3IQ7aikiF+Ch0EPs1w5AJm683W9YyUjAvXL4CTT0xp9gmH2pZJ8cnZhLzgOL11rZrCqZpaH39JOkk/V9JJxXNMHXF4ukATyt7NHZxuQ4NJSi+5+KzPbveSI58LEHDkJT0h2U43W1vHyQ0CD9wPiDQwUnH8e+ac0iw5Kb7nFEAaJ33lKE0iSZUiPfabb371w/c/vHv3npTk1fqKROF6tRZkP05GPxx78WSDRGoamze18+XijCQP2rZerTuQjouTeoo7CRFxuRjr0GiyIUFRlmw+of7gE/P0stl8ic4U4sQui1+Gul52/DHvFUclC+1XdB4UAgUizH92shsS1Qe8emrvK0dX8cWFNxq9yBT9Iw/1/kA6xb5dra6ur69Xa4oKgnirp8o5ZsSdrE+2s2xPqCzct1BA7MdJSyc1D4M3YVukopyiVUryyh03OGBQCQZfEzVR7Hp9EE0cbdzfhDkUGJjPo1VG6iYd1co0uyh7wqOpGWr/lJzYk1XB6qdvXTQPlU4JmCdJElwMsxN4+IgOfNI0kn86zfToNH8PJv/CfLLa7hrFK1UqZj3aF4mDTx0wN8I/tgt8ItQWVNefPCk/6vHA8JJ2iSm0E3XI6dfVn6LOefOkAJw9xfkzuUs11Y9fZk8PrE7gfw9Pj0l6ny2WK+mAAODBbH8SNC9PfZcyB2oQh5puoVJzH/MSc+edZsEpA2SQP/zhB3L67Z4erl+9Wt1c0+Ktr67p8t//3T+SA+LN12+vbm8417vqr5TqOFzFB55ZVnAtp+o0cbp2fzn+lMdsd7tPVehMitAkQWO3328eHpUnNwJxFJ0gaEscuHBmR76P5XIJnlObvcPA+e3ijs/ZAx+lqMsPkWaKH1afqwxSUkxBLwAAEABJREFU1pfEC9Mjgwp0XjkIHlFQxcMahOs+15qUpJXpDGfFqSeTFI0tOsmSpQ022tzZznR2m4X3EusgNxbddrfbDdL6SuWCSAazYzn0Lv5DcQNZnEUz+Wi3Ljp1mrKRbK5x72PjjvCIReFsYpUzg01EvQbJDXeMVVeJCZc5aXyIF5NOQi4U1cfY3VwklWXV60wwl4bBB7H+RN/kYKCgFlVyfU8c145vkGzyAQo0lc9FMlQmRSMDhRPIhuiXs5cIpAr5U4VHTq4YCFuFUBfSTDkwKnRpGDq8ohHoGTh3aNnjnZUBZWOWjvli6bAIXt8Idd1Mwog3JzdcbTdgrXjxNSUWC+ojpf81KqB7wPJFUkxvMUTdH+NOfi4EarkrimRLsC3QHznRvCFqX2QBNcm+0PxPLt4KD9+bwuArOfdmZIdDrLLyk6h5vE8E/SdV1rVOcuWNqhhC8RfbfHvwtzxaLIY5dGZTVis//sW5CXnuAY8rN5JhUMjDuQM4thCUkDN/UGEApJdYKD+z/IyoHla7yG5sAUgG9WReJW2S5GFPVf2UQu/0Syiv1Lnux4Hkh4RGdPe1WrAvqdwMKyW6diPIABeYky9QcASZ+HRuPkO4Ly89KTyfdIKzaLZa655TXtbW+n3YquoORmtsghzxGPGIknTCobU8BguVraEdFXV2c2F5QcDJYspaDwUpvKSufqWQqaahJmXvihxZMxzbe2WH5yqg7tLC57R8q8zip14/JunEWaW0ahIeFX3BnA+nZ4xxrDRknXxma5zuuXjRFvroAE83tsP6IUOqHOl3Tjpxdw0jC3JU18w35xci6c6SThxSsjCieFh0SoXiiIzkiHKMgnhvckLSkFT3V5+6XUcuNEoZR5/Sfd//MPV7HDBXu9PIQ7ESFasFT+RRmi9EKqZfxR6Nm+lmgJzPkk40g9Alke13e3DP8DMWmV2Nqr/Nf5tiGk1XubBoLl+mwr58pvWruewPf5lhBbOHlQoF3cvz3aaHo2gamhtYD7hKI9NHSSoxeFIac8pnC8nnyAvJDj8OtVF3dthuD7VGGV8DuXxLNJlSQJkKaJaHTEdtsSVFO5iaiVxvzVLxPxG6pAFZh38LV1vy1JtCsoVoLQ0lBxiJSW/SKKSRB2sLFOfcDsfNcNyN/Z5eFPdWT4TW6GRwVTx5Hk4TMw+h0KAvqAYYLPYJZd/ISzsHaQqC5Hho92FUzdmvWPBfU+gq5ihC73Jm14w87xDNsj+RpmsNDWectMvbdnW9WF1R9G+1ajltI7RWc/KgVCfpFhNLI1M8v2+b/bI7rBf9etkvu7Gz7jh6ozqdQwcSnETTbr2elYuQNeNE054tcaBnxOlpIMbEWSMNKWmccZK6IdHPvO9he4DDsBzHBeAS0s2ivaPgOxFD4txPRUaRSP4ocziCeY4mKEswpwmw3Kdaq/NK2mzyWdmLfcK8a0qScUKSMXfkht4APCE8Tfg0TVvi6B2pAk17tVjdrFfX9M8iJ+8wp4q9dTOxJaPHJ18WhWIlx0IwTrLbBp8UCp8nNH7iwUwo/GaqS2tTm9Aq59NrG7y8yXaoWsUZEL30KhwtKTEJRFpHcyF+JemOza1gN4+7D+8+vPvuh4d397vNrj9wfah410UQ6xILfgmp2+ub1e2bV3dvXzGgxpvb69truhapZRIJNl0Gcprt0ZSeUU/hwq/wzOSkoHnN4kvJ+BaenQoKgcI2OneROlJEgxMuJOtCUZ2cuSJtE21+RU/B6SZX6+VqyQk0ihRlLUeNV0BtBbhNUlJOGLFoHKPcLmU1oxjXpJMUH6HAttXkKrwoOs/lrK5poQpuiLN/fHh8+PB++/REv9JtiMnc3vGKrK/WmlylLEKy62jTj9xYhLMahj2nmmx3m+1hf6DZ4FSkaaoySJtKaS82rOqxxfZPsUy2zM6R7OXqTEBvQnzvuQPAEDsvfP7Mm3LOOdVUQ9QzwDUFqM7/SK5Mfal6zZ875+xdaR7kZIPO59R8lrqLaRqO3EBn+/C4fXg4brf9jtOAkqRE+BLaU4MrCqhDkqTs3CiAU8sIPYJoslgp2AlTtgJLqGI/IczUd4j9BpVZl4q2cVHp+BIsEdwh8IJzbeuV96YPoqnVkk6aRKJNXIu87/eaaPJw//0Pj+/eP77/sH3cDIcDN+4LuhS9wvA3FDbV6rkc6sPSi9208o2QKz1ZwFbcQktGXqGfwIWZ8j9ln+ezpBNZienyRFhLwxSiv3bBudPPk5cFRjlJ+qkDWoCnjPhzszlNsdZGu0iIf9c+zwpJJx9mRy4pkFpnCqpp0j4DRjmnIBdp9leoGq+Ekl9pvJeP2tPlpp6LcvVOYFkPl/NQsSGYs6oXHzjj2HaPMDwAZheDyy/Rg5796+xVZINxrvN5fMFx8hW9TjVk+9PJOiFeeISTkX/qxlDNyew6f0k6ST9X0okOIBUxqeqIZJiVvjn1IiWHGdD0ilw0SKhPnis+nxiUC5XZrM6cz6lQnYY2J0eF44L45YrUL1Jac1BwJEZyVF6BgdkD2EsOLWk8pMV89fbNfr9/R8cPP5DCR4+gpc909uFAgR4JySODhHecHN26p9Z8YOJpMrAg+cdwothY8jgNeZGkA+WE01S4UTabPtWC/iVU94LZfJmALCLHLvvzJp38rBf/3AMuvMFgOsWz5fNTDOiUArLGyXtSfxRDu0pthbI5AYbl3ybSjfd43PfH3fF4d3P76vo6D4wXKq4Tto/CSVdqYVI6N380Gq+fo2djmaZogRUz6926x8aQvdiTpYmhi0w2S9MhtOymYTBKmGC09sGq60ndv2Kfgk9MRSo6CaYRSayBnZbsl+YAE5jtkYz1ayKEoMpD5WFSS6ym5UrwpLogHkpCULKI28jxTgHaHRXUXf6gcGFG+5ZfjZXYMewsm0aVqXBCl/6YGBjyOPtj+snHbNN9ZFP4ZJuukkqwp1V8Uc63O0qkBwXPH6qvqjMvmZkCc3PRWChc5CQ107b3KaD+1duF5oeyz4VvQHPYbomCrm5uSWb0x14TlG0NzEmabIFSbC+LryqJKG3YY2bNxBWI6UmC5csluwK75u7124d37w6Mzzk93T/94le/vr57RST4q1//1f7Y/9N/+t/Icn/1+u7q+iZif77ytqMF/s4S50/WFE60EftQ18rqyWr2+kVI4i/HjzhmM6+r4hnkKEknggq7GMaeHBZaL9hIw2DNimsXHVEpN6Dtj50UCjEhK/86dxM4TzDhX2XW4iwAkz+DHuZXmItsyzMMs5M2+PHAYCei+QD/534oExPKZkc1etlBLAxSmOfI5D4eh+P+QN6d1WqlXt1sXcgMc8sahbjkmWQO1+urp83mcDiy01Zi9opnSH9usvkO+WuTFkFyDoqFQZqszisxIu1JDerbGXssHChIdTiCpdQejPdBsqZd9qRTMV+xWv3L/hhlNbWzD8uSKkcAx1Uuf7XggKKAGZq588PEGPQXmcZsEMW+1UROlTaSoaNqomF9QAA4Y4TQvE6lMCELTnDVioJGS2U36w1NYylEZtmFlasaqtv1/qQQGmc65V1FLlcEObMlMWrcjYvOrqPRljSBZ3ig0h9KQCs79SgaQJH1LrgrcZBitGl+qIEh3Y17lftZ8bqTJqf7pIU3w6TT5CpE0hCHxk1pAgeBsCdjgMYoaVLdDLtFVggNA1IBS8bY79w5SEcF2cSXR8yYmiyICoie0aVhFoYqk1yZYit5EKIEYk3gx+Qb6aKXnYdorhw7uqHQ565aVPs4IgGpzP+FI/4kiQLZ3tnJk+5Jn0zFSFCq8HSifOKTufz6mY8ASysbGqMuwOd1clhKqOLGrkfpBHuZnvcnUg7GcBHTJAx1P3JnSQP/le6VmmDBTM8RfrMNwbexjGvymyRRtVHinsZOz5ZGSe4ih4PnUiXAdWm6qPYu0WiOOyjFY8ltQWWfcqRTz8+Kl+XNFBi0/jhOIgCAk04mw+61abMoh3UuSz6DmFKgJSYFIRAEad6wMrTsfrgcjMAfFsziyI4RnGbuMydRNNWYw8/+sADFi5fqNy85XpJ0Mts4aJCPSkjgSSejtYmBVJb70trpU6RSWsoJPhQMXizBMzLhZQ8Al66N81+Dxx6lSfyCmxrYKibFZ9L2WJeSTrC+IHhiYsjQisvoORkMOm5y0I5qJdRpE8aFg/XrV2VI3gKee8PStB4mfBj791O/SyNWY3Ni0MtqJxEmnEg9gUqCqky8KPvAWJkxpyIC/K/1aeVq9ux+KTWPLjUXUwMuojEJAC+aXm7zxk9w4w98ABHOq+xj/nzyast4ZJJz9ktAT2H9xKYyy48R/YpyM4Vb0BwgVPr01M3kmQTJu/b4dtCf+FF7tuRJ+iwqw8wmasKpon8ugQq0HAwBvbBHbriwBhbQdCRSk2CIpYKdbTfTLD5rOubDhVmGcl3LG21BUHpHqqpAKgI5Avdjvx2P+4li3OQUHCKSrAkrTkMx+RZATSa1bb1UjVXiMqI3cItUxPSkhdGKwjokg2lxfiLkA6rX4OSkkkDVLURtnlazDVd8wfa/jKHBtITmBtpXzeKuWd60y6uFwiXQjDaan5IlRVD2bp7EuWPQsAmHlIc2H5tmv+j2666/6oYuI8MjZNNndBZ8nZOtopr2WPJ0uX+HhCE9NV3JfaLoct8jg5lKH+oJW0yLEbs+dT0uDlPe9fkwduNAxsy6ba67xdWiXXZc7EWTzL0YBd1EoGLIWzRwmf6ojUBdRRLlKVeHhrdUfXGqMMdaMAgFQvIFY8nDMCepmZq2b5pd4oyTB0yPmDaA+3aEZZsptHqzXt2sF9xAxHxSYG6Ryfe7FTxIxgktwkKbpMCcjTmdlD6YNff4+dWqWEVMlSMEBeNk5MqEE3MYKg7sHzpKUv0nToHofVfxVTQDopMSBy1vJ2t92D1tnx62Dx8eHu8p5r3tDz1DlmOq8+p0Gomiller9c313ZtXb77+6vbV3fp63UpyhjqvpBJQoWWKdYi1QYkVw6wuXh0QPy78KVyxSXthu6g1NpFTbGrGMZWD++ns6R+OOnDyjUpJja00Cg6xXK0oPMFoRFfcT4e2K2drqRcTUrQaSObeExY6lR6L42jMTXNNHNYqaU2O5H51EvZttE2PYlClyh0KFZHhPDAU7/VP7F3Z7Tln5Onp6fGB3Bd0qfUVHddX19f0hjG/7WRp/Sa6wsjNdOib/fHA4Xj6+nFLjvNe8pmgMDETvJW16+SVitPXB1TAF91UOqVpXSmI92n+7vxwiplNSFn+yjo+eQMXWLN9qb76RUn6gg2OlVJ0or/Utw33in9gNI6l3EazBiTdgZ37nAF03G92mm6y32zo/bAnWj0qjpSKLJffUXtiAQLays2i7RbSRofTyJadZDfyR10H2RtniCnvXWl1kWNy6u3mRgZGg5CPLVbyJm4/7giSfsGZkfU1+Xvw/q6SVZ/IkdeTL2/Y7zfMxD7sHh6fPnzYfLg/bHfcmb4h+6oAABAASURBVIhdbZNgn/AzauKEZkgozDk4EIgKscCEq7anUTwoNkzRWyHOTJ6jkk54tVm7+jTmqPOOi2onFkMMcf7ncpTd56zVgktGdQZe0lpSiKeVQGNZJgrmoqqc45q0eoIEVBV1TBs6+5lQux5mzNuMzHiZEIWZZv+MQo4u7aytq8vg+cat8xtcya8uopVf9hbBunyjBcZSZCNLeiGao8AuiPOXWE+uUT7zctHlvZwkqbFeHRT03MqKvWAT2bxg+sTLzAifpLIRoJoTGfZ4Sic+IemUgi42NcOwnk4unKo1clUb0nlw8fSLF5ccTh1Vf0k6ST9j0gm6GPdEE3WqhgUOVZ4yOhhDrHeKZo21MQ9FRLxkUNU3Z+OqPxX3nBZbUFSjE+MCSWHb7ff0V9HDFsZdstv2Ur2CCnutHbTELUF6jF5hyWEY/PD+w+PjE6m+dIXVak2WkDQQBtJ/SBMkdUhSgFtHHchlX+m9sFpCSKM1YeT7sTa3aIkJSAZzP1mFRKXPqaKUZ5P2/Dx94u+ILyWSmRIJKeGXoa56LOmf2QHlp0gYVMF9QoUunc1smBo714RZToHNIU7WKXMX2QHSbku+i+NygjuiVHK4kHphF7IyKpXzprmpyylcBaV7tNYlOaZuWHRW+Sef0JVBt7kV4VhQn/scN+RXIIHfqW4iHJ7LxEZTDdCdwdXQIJhAMpU6OSOXiJqEwrTDdB2XCrYGYbZV9id6XCfUp7KF1BKcUlyi0qAlH0ERTyYrjEADVk7m5IbQeX1HQngJVcUIEyU04yY5zsGMFdVYF+XDL8D3P7FPYaY3hTopDhEgBxGpYgJD2pvrqvJIlmUKhUAVhFK167c4v21tVcZpNZcQ/PBIMZR4sFCX5J3st1sy9YmBSlG3dTrQcGWqdVqIpxLnTTlUO7HyDhuC0gIFWVn1bEXtzMOx390/HB73pMC/fvuWhAHZrW+++cXT0/13f/efiXJevf0Ks9GY3qza3aYgwouk7kyHBJiR8ennfzn+WAecuT+0U0ZhOIwhv1yu1+LOYVBWsVDUmpM2VYkbn+2enmgbkZeFmwpXCgx+ak3hNO4OKX0m2mrc69K3oMKNY/czaw+KOaw7QGsdLOAnLFJd82MyV7QYuqT5jFL1M4zkKaALkUtT4TTUR8/6iYmyIoci2YXudOzJ58PNe9VYMkhkmWZtwG78hf274wRexYla456l+qBBD7mEQ9wkj9xGY+nJNbwU8rZi5O6PTBFcRwdDnjsMZ4c5mfCc2db7Fy8lnejAUvArgLMsgHq9dPxYPvEjVtNkiQahvUdxjECNdYlJmHmVQ4bp6ippWhv5pMEFBS6ombqdH763MpGVOay+9OoLdsdU+ZGTFt2mVDNJtOWF6ltV/aIEfhqwNTWPJsSqsjgnN+aCsfBzmIHJjPmyXvZjvmSWtCi4EVZhqWm7OVcJwdXq2h1SiE7VIzBJLKXJHGlXUMJJQNfZvybFzdJjVAUH+lTk8FnI42MyTQd8r4ScsZWz0aXJ8b7VcSTRukazjtRZ7KMMUrOtV5cQxWTrGkA1R2Xe0kywlsWdUyvE9pt/iHMs9FSkc5zqoYbQngDCPyAWlWD8NQB/UlGIPj9RwFiRkS+fkRaI+jjGbktzNV+pW+OF/m2mw2FSykHJfxKmLI57paxOQAYEQ1oK0ixa5aNLCYoNAU6cFhT1M0+YVeFGZwd8pL2OjxpGU5Mnb0VlNQ9JOxDohpLsOHGXamBUkk44MWs60Aunga6TYKj6VUs3hOApzgT1b8lnm+/EqXLS+QIbi4ykxsrGJUxZrmH7QL+vzryaI0F1B6PNUlwvn3hZcMzOy4+XI53ADArLwlbCirNxjGD7thCzPEWoUmPU4tMPNQyUBZceqzZnLxj5hQMvfML36snHoa4PB7xJ6srUCX8G6aSe+XD7QC3nQm56ex3he1MI03hwhpAtDtxG/1QLC+33zlhsUrROgcWHcXg39fskiZYyoPkSF2el/BJsOcXIbXypVtjigVSK2YBOvVjz00KY+BPFauoTPZt0YtICLEqCM63PdKjQceRN8H+bXWurGCfr1FbZuykVhUHCEmm2I8N7WBzOHvM2D7UPxn5iiiXOmhSi6UQ6TWC6TWzd+VEZ7PHOLma5WgIx5aWo4CXy3rFLZ9LdyO6hMInnMCd5Ae0iKaiLoaHnVIl7mzmVyJKFcuaitPsGVctBJ4km0E5SokY68GY4Ph53HBCeGNZPpzFZ+wCf+Wz5Cv5JTQwIAd/qa1wtmc5YtKKSHiXaYYe3gsJJpdo5caLPQhCC/1RSSaFPzJeCrrRumrume9WubprFzWJ1vVyvlhQIXKQw7Uvpf/IWxPpvGhsY2q5fdftFd1gvh9ViWojqpwnQkrKodFMkX+Ek8siCf9VInLtlo74IPsFlPJJwBclQbACbKXUTdkNq+6k74qLHvO/bflxDvu7addesF80yM9QYCa1WyCNzpHRgJWyg4Q7OHMqsJ/XANurwzgV6Qwfnv1jcXf+gWqDI9MmWskVBOhnbtm/aLeQHxEeAbYI9jWDVtNfL7mqxvFmRHdp2jVpn4LOBHJvMyZ1+NBtLzjjpYu10DoNOylxeOj5L2P24o9oi1vYRHePEATNiMEUoFxnhxkKd6TUI5IZqIGCewIbb47YdfTJJ27TdZn///uH9D+/v390/3T/tnsiPOkmvj8weTbY5Ws3cXV2tr25vrl/d3b159erN2zdfvb15dUPe1k4Tm0wOqI08WT/0VJQyf07/6Ww1pXMpe/HDFHFEs02xDtqYXuQ6sxkfknTSHw97cVMMk0PSCa1pHX+7ulrJsViuFqs1p4cJZYo49nZ+xsvNdWEi0KFNJpnnQWydYYq8TuHjmmXCoCOaaZLdD5rPaS/VS1z/yZ0w3BmHHkQb4myfHg+HPf2JBnx9c3v3yvrpKJG78ZAkyWaUWmCahgP96KV7C/1kzy7zwCYVo9CQrILka1UaK96IldCbLdCFo3pAtDARfiogglP6xAl4ep3n9+gltn5yxtwEcOdH/Tq/w8eYgokd1fpSwWAQESQrw53cj/un7fbxafPwuH183G+e+j0zZ43tqvPe3Bexh4x4gJsLSKcwSS7hXDoFLupWS26jwyqoB+tcaGJol2qrfewpzN6Fn6Akv+iLrmK+4Eys9SjdDawCS/Bx5Dysfb/bk5/86cP95v5+v3nktkTDwOmVbEEboocZg9kyTtRvmaWkXX4B7R4HJrTAN4RpslAVv7n+VlIuvPK3cODiQXFLKrkWXT129fiRMZDSpWovqO8u/1QefskgUdB9BrZpObewYfAbzzhpvHtO6/kl2eq03FhJgfiXZlJPwmcTer/uS6ndJxZqqli9nh97CCvWEWzGnmjG8QBq9MXkoqS+unyIcVfjCXgyFNGb9L74XE7JhJ/MAZDdM6Kj5YW8rvVbExNYMkUwbCd0cK4ivz72KqfOxnUy9Vi3LKmmKQjphLO50nrxgJPnvXjCTKBfvNKFdTo77S9JJ+mTBPeyA+HCwM0oQrSsDrTO5XWXdAAPtLhnVT1W/EmrYOpzi87epJcclwz9GeeYEzWAQr/RDtnvd3TQQJYUZFoxEJ/gW+bJjNRiwCpj1X8oEkXicEXh2wxv3r6mhyXB+vS06TjnhGyZZdMuSQpsthvSghhglAHnluApBUlTErTJjrJw9VtYj1upW5KJpvnR9ojk9ePsbGksqgBZwZSltGymwz13YDVfp/tNOdKLaTKkjo4h4ZehrvRHPn7UDRFrTlMrfJo1UuQP4nludHE58fuxrT4WBzLqXiLKQDaaGZfaqs/3j5tpf3i1vr5dLhtNoDDHsdASmAGhdBvujORFfwhwGkGr/H1KQuEDVfkoCoWShZT7A0vzFhpJ+xfLhww/jxqgNmlQixqiSFe1GSwiGjynRX7LWrsLKSxPsXnM86Vnih2l4U4btgL/6PybNyLU4FrzVNdyyAgNKoi7XC0oxWZ27UrS883xZNMD1rEgYVn4MOmT5rFpCMi3Y0oG2oy52pWnutRPOGwJ4ew1V3T0A9d6TcGWSPHUSrvfw35PyqyOE3xyoQw4aCUCy35ZuMwoitJZzvFn97yRJDOWXGkQim+kTmU6kEq931/d3axW1+D44UayAKfSQdmzqcBWGashwEmbWFsgyDQbUk6FMjN3lAbY3W8ODzsygZarq2/+9l8NdJsOvv7mlx+++/7bv/uHt7/8pl00qrWju3p1OxvxqpFwupaV1lnenCSdJbfQ/kjVRf+ijy8jdEwBFsoM/oja8mm1JHcGOTMGaaVBSyjNoY0RkZqz32yIM1/dXLeKghAiEU7GOVtuqHZrMAZvloF+Pnz8qcWOiK/Uf46iHnUdofZgpgdRa58xRDQSoPx+Mj+WFCSUXHGJGo2JHDfDcNjuuIrCmkBIu2wpE9eiCdSS8STbBSXmnbmFBFmG5P45HA7CgFBbq9qwPA7PPkeul5VEQGHW5ENqc7Z+bk0TDG7ySdcpCBbtq5gKpwjZl0SJQrQoSErOFEaMOSzyfGZO+QtrW80lN8ZCoKN5lYKEekls7JYz95wsgGCtqfa05mQiPmkNceMgl5CK0u/Ei5GjryAoxmR0fcTWzslcrSolk7Z1aLRJQfIUSZES8q82A4/njyeo6jXdh6AKQEWgJc8jlS4SKaU6oqrqrgtWRXAx80Er9VBa3oEkKCQO5+QFe5PlFpMtVb1NaiPYzNli8xtNaB29YOuMSi3S/D6L1PCTwV2RqVZcTEHWQhsJoTBSBZ1CsVj6fLFYkqaO4c9TTch1lVwwexTJBD3HVu/jsChsfSSt8h8VjV4aFWXtX5GhU+Vf81DkEyNufWgjxROGYMuBFcaA5AnMyBV8TQtNQgpFSj9SyV5LuAQeEzUSCcKsRTY6XK9lKujqI+ezSdsDuZvhGmEoEMmsktNN9YnjR9siOq74uusQqj9m1wWzrt0ovnjUuoEqxlb2sXCESXF0ZOqkLxNfQ/T5Yc8WXWA3NAbkI2KoBQcL5u2J5tbxKUxuQ/uSuaZb8S6XMYVTnR2X49yzpwDQ/BjFOfHKMECDrWMRMfk9SEl3R7qt7JFslhHp1TMzgXEyupykliP0ylSVl5rP1Np7yBvBOmo1MScnadmt+MvqPk0zbcqdeO75xxK6URXOjSOnZFBAKdnYnLUX2DI1SaRPHXB2Ttz3wtTrsDQzw9bWChQmHSOcXidYsO2HYJvOQgRGgEOtreCu5ReM2Qeid7Ff40OcnWYJcAxTT9KZ/LxGfQaXpDErqISx+RQnr9T2OfI8uiIS43zzVU9quUyeMuASRs4ZFXInGbkr26RLDnLNyYU1I1ExRlY+TulxGt8Pxx3jFfiiV0qaKkCCw+BDqBiIy6qpWsm5JaKzkMVOeD7pBC1tweQ2uoUVKopJ3bPDk05SRbQm9ifEWCtT2KRqWCfAb1tsDbmXqkKGQWNtcVKutRRFTXJ+Xqgi+q/b7bU8WTJOokLXCV71EGeEAAAQAElEQVSXMDIQTG/IjSUJSX4VFHHzjKJbfxrpsSZTqypVbcMlf80xacpV2D8xefslLb/mlALyrOQ25YXAnGQx6hpPWgkFJXBhvC+KIdZVOwMtAw88OivUrm0m6K8UDD5wSx1ur/NEoVDOq1Z6szIz8zZA5M8IazVysKeXbPhS6+t+f9evirar2VaTqyXaRthr0tJpWVrlBsLkRkQRFmCqRKU2aIdyHjp5rK6hvcuL27y8aRbcW2d1zb1xxQIq/qakdbG2uTTvhLGv2jx07bHr9qv2uOpwtZB+h9nUCuXeydOelAF41MGC2pJ822p4SZRkmXnJmj/2I5k509SK/M0jttzOJ7UDdv20OE6LAfNhaMZx1eTrZbdkQAzscmpJxJAMFoCeLEF9YAQvbmfA+pttmRTJhZLe5xprpRVnW00jTN22yZT57PaDtbikBx9yMzSN9NZJjzg9JtzndCTX3yrTzHbrxWJNQdZOjTXLZA6adh27kW7vHUOcSP1WNHuFwtlDNUDEMwXpy/kiPqJ7qUwIhAyMfi0l46SyfYqHWhlsxDnBuXaSpBNPCVJ2AkIXHTtDOSGDES8ePjw9vH+4f/ewe9odd/00hkwtQLqJOxO113e3r796c/fm1d3rV9e3N8v1igzlVDhuxWmVn6gdEcpLsQBnwZZLMwIw/wv6E/nYQvrNpzCptGJ7Xkz64XA4DmR+HHqZCk/rzwpqwJEDoorlmnNNJC8EBCtRtqgmy02m3zhIkjVH1MwSEbgk8bmbh9yRAxA6A2qfcsvRRdcuWmmH69w+fVpnmlltcrtBfBR7isdsnnbbDaeMSKddBji5ZoCT5XJJRP7/Y+9PoG47rvJQdM5azW7+5nQ6R70sS7Jly3KLwRjb2OFCHA8b4hge4V36+8yAMYABSR4ZgRfHDuThDELGgDzuuIMEBwaxE0KwCSQ0xvSQh21sy71lyZKsxmqPTvM3u1trVd2qOatq1dp7/805+k8jaX7a2mf9a6+mVq2qWc386pusgcQu0YYpS3VT2Sma2dROHrpIOrPKTjlUs9raGuABpOZhbOhlaJU2ObGU8WCnI4Zq5l/QsodKHyS0l/HdmaDPbILmtgmS2lHvxyzrPSaDkOXodBL30UFFDZ1xmwnDWRMTnySj08lZfkGI1TOe44sOBzNyWo7bW9tnz463NmfjsX1DhiIpswGL/NlgH8HEHhEajqRDUdELFyGrT1InZeniLpOODhlb40/xU7LBsnVTjhBFcHkuJdSR0JkKvpH4RJ2e77IH3ytj0j8wvOVFpDtpKUqU0uAOsGstGwpLNJ3ZPGSuyXhzczoauXjZrrevvfI2ZUGgOtKG4/R7sqPi5jULevHRyoJ/zxi6HFynfQOFLRuXX0xc8rVINMG0JxImQEL56tSiztY86SSR6gwdVibOtRFwCh4WqxgHB31YnKh6orzyDWvgJfq7SYczfExIkq/7mnsc0DVQCy8W53ebMAwOn7YYcv54zbOYU4B+Dif2vUPPJ8lsPtUrxJjI5wjDMxOb9Zgk31DFTE42cIfP3OMY6JDI557XP2siY7IAg4l52QNxaOevHork/KkL1QcxztL4rjCm43bfy4LQoLYDlyVvdQniftjZCuJCIZjHxSadLAL3TuSel9jhPXJJ2PuzY7nb5aOCXZ4rp4uPhqHysDIiBRescx9yD2juLI7hgU2kreQ1hSJmF0jGywSTUezeTZ9Hpw7Ek5TnxPNgOnaJkPuLLFVte2ykT2eHhA3NGrtmrZXnYgPAM/IkSKkwMAd5qIPGXuaK41dsbJ49+eSTp89sODqxvQ7F41Z5MZnVZze3GuNWTtv/uG/GcwLEeefpO55rR74Lz35z1Ej+yeZOz/Z/bWNdub6UvbEbhzgdTu3GTBhKQLdX1I4wk5KSWpr2z077B3si1s5gL7BjMAHx3Ar4HuZp7spLP/NXNOdxn3MBJp4JBGhl3v13WLXNY1RyV5N0e6Iv7v7RXiub3x/6djc0kK71V4WigA9Y9icAp7e2dVOv9Qfrg37BIjnuhEIrWj/h5n29X1xDNLZUhlns3K3/UKbzHImhN6TCb3hNEo+oM9OaX+oEGHDMLMxsUea6wa55gMYzT9ziSBciSjtCSU4TK266kpyGfk4VvIsrVDDW0QOWSXRQGKPRIvveuGGHpLMUXmkQlg8+RZ5P87mKbWsU2hDkYEbcYrsVLdqXMB6ue6Xd0FkMOjK+N8x9XBr2NjEVvpHidx9brDDLM5dgaOtp2HNOdWUR7em6a/DTQUToULucQdd3LwunOOwMiGLZNjdx2viSyn3yMLxkQRq/xoSvqbCVcYtWJHlGDC/Xt07hJ4S0nwrY/kQvzk4S1FVT2skgJydLjkB3hg+qEMYU2E6D+hKC6MWfkrGluzJ7rGkNLj2pNb+koOqEaHXtDjv75CnVU0evPmHLrB3OHD5y/MmHH/nyZz979PDh49dcY89paP5LcRl306k0YUTRpfzbnP9guxGKAycj9Dp5Q8GOLepS7HNi6CkWpkuCA7TL54PQesX6wh4d69/KWBZoNpmNt0fOLmVukU2WlYYCt9vt2WSydeaMnZfprwzteJhtGYRSygU1st5SU9C2oT4JaMz55QPdwsTpMCpaOs7LeWUFv87QOdrtjLtiKxetpV/6yo4LHaa9qIvjAo9b2+2WbM40ucOtUbfG38lWZ5nnzrr2RUXLoNwUFndfbPOg7ZQYOnkpO4Su0Q+OwddZIDdaY/xIpgGez2J/vHHUE7eigVY/8uXbvkzIOp/V2rQNgWo7boaHczxvrSEMDb1xClYR+FlZJAlpJQ6atgdK0/dstOhILjCcaTr4XzHob8WLB8NGHle6jaI2MiwVg9A++bbGt8As/+Xmy4JdY6oPsmeLxE6UH7DSZLsvXTG5obVqTa1b00dGLMbyRbpTnhWKl4f4VcPUETd+zMv5xD1LdqEnbJOYeUlDDH7ayfdm6DiFGQZD59fEM1+PQ3UYP3XEi1J4Wl7Re7f1q3EFJszRUYDnPMvC5Lmb/eTwQKGTE+Y7TOuOC6n0/Sk/W2o7S24q1SWYGxgOGk2dmNodY+itGpM4AtumnrxKpf3BXqSqK65AdsP+SGG5crpRiNMA3u3K0yEs109Z4QVRkKYDKTCSgqhUp0L5sceQt5SkLzjqAZAsdlC70cw35ucG8L2Lzri97Z9g6J2o0En1u/xcc8gw7owaX5TD2DHotIbhoHNyBX0ItpjaBO9gKJPMH1KxtEDi0AXwN+XOqUGvNRd420aF+hk5yvts3RTMd072+wmVRoW66YfOnpmA3ON1P5H6vvGVMWaxf0Y/GvUDSQ4cRi+cZCyhQVORA33mwrVqFzTAuKDTtujk1H4USPEGMh9NyZEhwtJU1z/3zrcs9C7pzSrvRuG+f5jQ9S/P90mxg7Z0JEgIZBgLqg7EqdAJZkNL4WD4MD/1GV6/gUqbqYutgzMdWgLiWVAId/JAU/6qIBHWmhoDgQVtXHxRYKIJUuXJssBZV6R0guEiYZjCgx8MU00hLhJgWo4d/S6QwIwnA/gZKgxTHpiW0pA3aT5BZ9phgTGAoc4tfKhZ0sDuZ35BcR11fJtzrySYXfo/DBKNL2puWQI5YIgYqlyLGcyvb8dZ4tksdFbTCcz4MOFGGAoz8TdcvjTEOrElIM9Lbo9ouQD4joa35pw7PmIHhSmJTixPhmCKBzuPQ3WDoIHP2z7gDUbNRWcSkBhaPpMMxWOz13Eqbj7PqYLG4Ad2Ggpws65PV9OR9R6HGBxMiuCeD+eR9uQpFUyHiiujgMwQIsSIa5z1yK2WijoGWezVh6ENZ0bgaqgsFNHY/VO+QkIQ9w5FzrTzdfyeI5sQvQ8/zvrw80TegJ+G9sU+dDWpueBxMaXfOIFS45moAMFHSkwOF3mGHyowfzAsS4ZWhMz7jfmbHJYIceqdY8V5FfegrMfVXIXmTaU9iSVVp/3DHptTjvNMmPLcZQzTe6pjQnw627l5YL16w4bF9lrtdImTOXGDw8xHguMXEN9ctPltk+BfVLex4HiR9tsWwPFkat+KbaPLomdNt53YHFfVBMzmdLxZT2xvuNZNmJoIlS9E2AlKGPEeXuwH4iNQm274RRtPEHfFGH0NhdBdp6Aw2tel2PdRbf+H33ZQW9LhJWpfpLmAx34BZ4jyHTubrNIop3GC+dGsdzgrB3lvMFjNe30sisZlKdeCzDd7QPETbO/IkMSX7Vrn2SRT00E5Wu1NBmXdL0zhwuTEJBJxnXsnsd9oEuU5FldQJTmf+BH8MMppnLg8RgoA5NZ1a8idkIjJ7JRCBf3KlFWjxrPCMU5wtSycNouLGa1yYlE6pRPjJLXc2vHa5zO3pTwDzCGjkLVLeAAViwVRiLjpJVMQo5Uwv4Tfg58hc3bMYJNlFaoqy8eFGiFuAmwps4V6YvOsUPlqmblpELcWsigyP+IAThBETiX1RbPSaQAUtmnkxrqlvhnTbb/aKrX4OT/MDVqNWb5YQqe691S5IkkLAOb6JIgdHVCGIsVxKryGB8u1C8qDPGTybT/N7Nimrpo108lstLl95smzW2e2tjdH09Gs4VZCK6+g5a/rppf6w97RK48fPnZk7fD6+qE1O1Fv/dwspIWB7MOxAUP98SMsk65yAN/VAN+Cd7qUC5nNpRa5FkarEBnp4O0AtE09qUHbYu7YbJPpdOzUTarprKkazzih23CUJeenL7Oi52RfiHGSsbs21Oi2+xfYFIhBrpKZNG6uwE8bUJyplr/IU4IuDlG/b29QZMEGJ0WrUwbSN0svKfellCYCnHe9rqeObzIebW1tb203dUNBjoaDldXh6hop/TjhC99g2dpZa5sJzsXkAlXOJqOxW7FmMXGaL7VjxkL0NZNgOCQT8ty1jF03op2alqbJzXxoFeNoCHB5+fcFPOkKIs7R+Zd8zne2Z/GsJcuOFsc1vDMMi0zs3idCCyYeBuDHed7q+soS9SLQ97eNmyKztbKhxQ/uWtqa4Ol0Np5SMJ2N0cbmbDypp7XTOqTXwRf0vT53uYyH3taMOe0Kx54rHWez7PcGK7YAWG8aq50UZc9F/VO+72XaJ207ImFHqKbzH518t91U3xKaOHxOesKL2bkr4u/Ike/o9dh8orGGUb7TyMXJUIcQKAQ8u0Ua34Oqa+tBsfVhvLGx+eSps088uXn6rN2ejkb1ZEYSXDwVozz1Mcs4vjIvQgksXL88QEWhkrZbi34sFTo1yFQT7v0FC5Usa8dYMoItazfZAkOoVN56xCkIn7mc8clgA2IpCx1r5MaU4uCEPp597YqDbLsxDX2QEpkF3RVeKMzH+wVxfsxOVkt7Ih25ekJBiZRDoMiwBjrJal+76SIafn7YWCJiRTZh5hS9KeVn9CUy9NUNdOaldOy9+yXbnmxU8wJa102nALfGREojtHNboaFJ289ue9PZIOiFSoHJTjaDi74JhE5tiLmUZh0mO8P73Rmma1rRH897mj16rwAAEABJREFUMOXNx7vGj5lzWIfy6Dus0DZnwAbdb3et5A6dHmOSIcDcOeGG85vLrnTZkU5gWctwHh9/of0k4Pyuj+0L3esTaiP9QQ6OhqzfvIRJ7BA7siqNxHjkxUeawErj7f093PKsbu8Vc4o3WM/WBdnJqcdjOy+2kzqtqhnxKnu2VwROldOEgkdNnTc8NJtHMxIu8eB8mbY/t7K6WtXm9JlN8rYgS/zZTp/tEk+rZjKr7OMNh8M8c11nmsHJPJktNiGcb1q7eR3qvBta/+uGFoiuKc4oVcQ3dr4fmodmXwukvNfYSOyvyIFZ6FHhXhnctXPzf/K7gz07Vfvtdan5ydL5m4PZ37X2U473dZk5G9+9OMRak/EPfIpnNfJmEEkO10gvGKYg3cHKq2ZRVBL7yieNrmzPo6pWer3V4RCTYYubmKZCwxL83FHMQqHndjMzvCrTrxrnEmKSmuKG1tpHikHI2qcD37njdLGWmSK1M1sOY5xtaid94+768UhFHY1q+6t8OeV98NRVUp726TOPg3OFbOw0mL57kJZvbCPCtGu1MQijhMlnLxoX4vbF98J5S99u5aqLC+pocNyVQQjFeK5cpHfE0OmKTp8kv9oNY9oTw9ZuLdYuwDZDsLVpC0fN12k+1j805HYsurJK9sRpZ1JfloolMXt8vtMlDHKYeWBeELZZPVdyW6PS7jGmvWv7U8toRmw7MNQzdDqC1h7b0XKvN3DHZip5ovBInl/k+a4xCwIFW9FSEJp7Dcv4DKuhuk4pBQfNczs6skPcajo9ffLk2rGjh44emYymh44cyYr+w3d9cXPzbH9lvb+2ZshWg18jDsjELeSht0meGpYY17bAt00SLFpmRNi7KX4Gk04uPRID6F+OK0U0E1EWpf1j5nRbp7YY5UXPBdFgsqxbGmfcDNBoZK0ITxG2btcAs+yttLWYy7KZ/xX2gTAgSqJpmKytJcYrEITJaDZEOvgy28N4SOgtIo+BlduDjeEWyLnVq5l281uVnbXvFzlHq3KTU349Hw9xIc7Uuzpqp0FJrdHefTabuEzzI0TvNaeIAm4mFYN31FFQqDljFWNqrRRNMCcTICHPMMgSxGEcrxXlnDWJefG2ORmumMVv+klDHNnxW/D9PsT5IZTxnUG2RJTP6Bv+0LjyH9jGvqBjwmxYt+Nh/JN5PgG7rzzpxL8uL7vkDQ/NgIdcC0nyUxEx+BulQGUmRLoDylA3t+6mCknzxpfX4M0FZeYKp4kjMCQCIrRTDyY61aC1w8l0TeyKAmLSLW/nlCE+G3l/ITjiyKNEC/pqnuh3pyjMfR9YI7vhuaKpBQ9WMioNzdB8mjg0Toj3RJPaLNmojVc9CetN6Lk4oyGsoGldRDXpOzvPGy3mdTSpPPNxUdB3HZiuES2Cr7S8rC6sk6brq6TlNKH0aRVab8pczYMiFvcyxgR5EIzhsAGSJjf+g20HFX0ZanugbQHCbisea1va0mG4kAmVLd4z6RNAzPjk5cSFwSa+isSnrnzUrbYudT+x5u/eVnb7JftAeOKQS/FlmTYflJ+5QAwFj8PrpJnsL4HhZURTDODla8BTQzg6k+3sNJUJwaMc79dZRyBaoFc6UQnX18QJJ78T25IZp3jQxE4aQptrqAJlLHnnnVKS1pFwEvXkeRQK3saHV04NRFdUp41F7pysutJg/Wo1e/HAOvLIeUNUpSxI5Ud+CQQria2TlNlyLhaGyxOqd7mn2jgLlgW3HsRS6IudTw3ElWHRgtGzqSQLwh2hm1+xVLddgvYx5zONi8RcMdyppHmiyHzed49ZeCE+aRirXTjb8wOdQpgzQTnJqqqFiySPCxBn+0z3MbppaQ/21dS7DNGt2CkUtuRa8MS5tsTzsNUXzThy9CXKsM/JMzZCnQ2zPdw++nU5YdKRE6rCjHaoo7zcIUpGqWhaDRWzrALcqOvT9WzblkHlCwVCnDAwXgqeiRxzli80ZKSZ4K0x9wR86fQSmQqj5k7HnrSZaVh4wHhvX+wiqrak+0qXNFvhXfNOZ+W5u+RZI6Ef07DTLNXEDqdzC6bCK+QpeHaxed0xTG228svj0QtppY4xv+LfT6wT+8UnzcSZYgOJQUGOkhIa81Cr23/asVEXxrSKJe4reEKQbbBnmWTOa+O3/WVDtvGgPhY9bwRoYgSp56MKdJ88xHTB2O56ipQ7ka1MQgdJFsnQx01+uO4TOkknWmJnX3HpnKPuNc3sjGJTW5/bVjWeOgcIh/JNjRGELG+fIjaTrVMhWhufz20Ye+DIfYixdgalz8YHb3BrZjLOGaXSyu1fJvgyrdMXge1Boc9M+k+UdWgnNNexOKTKY72VtcIF1un1B1lZEjGIX1XwXNHzubgcmhQS7LZSM4RZP5sNi2rQm/VKXfBLyALrjm+I3NS0ORVmq7j4uLXNbvyhop1yEUCaiiOfO6kSDRl98kbnte5pLBvTm+ncBdaprQd7rdfrWd88Qi9za6cUOEJaZgc7unF0k5oETlwooEjKQfBsb+QoBsg87bByXPkoD34ztGDBC+gHBPyawMV3UlljB5W5mio1zdQ2wBboTaNHoCvrIs8xH/Z69jPo5yRtx+EWiUqDPoKwfUzqH9gJa56F88wq7MS1T8sSJCUAu4OPfWHfJ2BbjM3cn8akK7MBknZPtWomoTmP2907xvLPPQjfqFD3w3bGp+Pp9tb25pnNs6fObpzeHG87coaf4ALFSy/ssVmR2exdWR+uHlo7dPTw0eNHh2urvX5R9HJ3HClyQndcHlcsLBr5xYzqABY/4djuapNYotGTU/3dnM213UUXSmc2nUyqqYtb65VHtO8Q2icqnMOevno964KgGQmySbzaNYtDJUydmPFBaNldw0QTliYKr4w9JhTDw1UAB3vloCkQy9uSR8fI9Q8P3Ti2EDWrtotYVUw32Tq7MRmP7NSfLczDlZXV9fWVNaqm1o1CtyH6GsfqahzfxJlcOxsxc3ST8di5b5jB7dStQu6GZZxzSet2ztq8B19JdRiMmzRzYFlVCmXcpFdhYU7YGWbnCy3ds1t9M/P9zsVP8kdcfYgLD2iSU2ICdLf6mdBRj4dy6F63enM63t4+e3ZkPxvb0+1xNZk0flYZQi8n/EMJQVpcwlFRnKKJLbH9fmk/g4GtmHajcHGg8kCI8A37kg5rWplgn7ZsWUYuOTlmW5ylWTgiqcxJOnhm2Neettfvz+C3Qq2V17xwC12cXM/21nhzc7S5MdrYGG9sTkeTZmYbI+uY8N5Cdt8sOsSYdBEW2Xu9k9D9cq2W7x9j4FUjxiFke1SigwK+RofFLZD2UuOsmn/CJhDU/FoanjIzgZzcnpZUPB9+LuPJQK7jblhB5iVjrkmWt+PcUAxDIVIYph9MhI8Mo7mbGuTAfA8QYmMOACGNnDjTUkF0S0xZLB/hdRqTSkIb3ytujwynG+5e+VTpyCDxH+d24fbIie5TJ9HwykD6kRknwdnB1ge568lvPLaYnlbup3SWfjojl/iGo1lsxQ3RzJetMGpurcliNYC5BhpwKeOkraqB0rfcTJqY40t/XtaatqvD26sb7hHFPe0b419jiQqXDVnd3ggXS0JrDhHbDvoCLkfSycFdGi4g0Ow74R17Yv+2PQNNs7oqhPeLGxE6DKHQOyOyOLzwF4VzRlqGutnux7mxD8TjBHJ72Ok/63+cGZJ0c6sV6SefHipZJvgtiOjpqda0BsgtdLC9pKIcnHzy7JkzW7zSwIV27Q9tc+rmPpzoY227UL2yDLMAzl5o8nn7URYthWl4TQA4xz7ZCZ9B9hjbBjttfwRS1qtInMB5Q+1327lPmoc2E3ZujZf2fvbO9DAVOzeo6B5idjz5HJFef6e+3Dlf9EARSxou5re3i3ETo4wYIiYHYPw5OdJB8TxZxhIc2WxaO95JozMKdMhrvWjRhZ2f9bM/JhQCN0o1IfZBmGw1xq8h4zuZtrfFafJDCBM1XcE3eEnP2gs4ul6CcrGfkKZ0qLmkheu8JkrTouFAqCWHmwoL0ZNZWvDk0JB71GHg5fdE+0j2d+ZjUKVZyJN6baRn36iFyo5plxpDgxGVAFyXxU/a2BtyPyjtiPJtVdJsxhdkQpb4+RIMeTYfthPnTlz65z7R9gg6ZR8BdqnufmKX5yaK3M5WKF464aKH8HLGUDzCoxlINE2M7zIjxlmiPdKelqE25XOPAjy8oZ9semaTiR1PFnYMQrwTN0eQdAaMSQporFoB7FDXjQkePYg9GO4hAy0Zd0FBe+XMWvzJ2D1+rY8cOTJcXeGJbGutH3/gofF4fOT4ieHKkGfljO/UgZ+so1XesPvrw/nswW4vJ+6FvSGkk4sLP6wyNL9JTTPNcQD4MV/s5dtjXDDh8djWpNX1Q7ZkATmSkRbxwEJHlpH0XGFphd2PWdDdYNjg3Rh+JBbGjRgkiJnXFUIyBzJD7IIDALQTXco0FNecpsWUe/xK17qupvapSuXEknw+taQaWk9AYlF+WJp5JoHNupGdKatq5EWwYWljMOwsLuFsRYNhKS1NLzkOhPKORs4r/1y8lgK8EyxmgjcJAK3F8FIZYVAZN+Lx7eAmmQ1NWuP24tB9O3GxVNskgOke2TY2oVdgsDvYSjq63IrxlaPlUPGdxsP8kNsPsEzn/ohBXiGmE9EzUYCnpH1S/DqRuVZJYaeB87kY8kzF52ihYieQk2SWjBX5wZjeEX723dpuQ9a25r7Fdn79cOlM8Yw7EDWISOpgvNAOz9CmrUyaLXG/CSusHalK84K4+LA8fcrjfe0TEzoO7XXDe6HuDxcQcngEZXswNMvrnAA6KpdwFfNrkDJug91MQ12HmsPdLXrRKg1KAKzRo2OW+feLYX0hhAY6amwFZ5F/zyHJvgX3vJK5+TMMU8Pd1hqxO5RIMtfzndwRGc9qGEhGXiZUKxO6lekVMZBOuD7GisalFXF+ISDGZ4iL9HbFfoznbjALG3Gb009FxcW513HAGl0mSXaHB/UTHi5WmY9a5ZY4uYWBdvKcfJJaMedCBT8h0a5YSTjnAkH1xbTVzRcRHsK2L9QHb0DE+X5m2Ej2LW16oNNk+fXT3JfyoZTQL5cMi794JS4E/5z7pyaxk9r6Gq0Lllx4Lvg4kkIRsEqJh2+ZYopbk0gjF9Kd5qhs3hMMhqX38mCfEJc+naahvbdd8Rhse+mhhqNf9pF22Fp/LsREzWVXajwXlE52Rlu2Q9sES7uF/pCQ6KRGJC2ub4DIRmjXwjolpAJD5UoutHjpaHF3PCT+4ksdnWPnRTN2YWEsln6YBnGOb4F0Em9gjC81mbdfS+9sQv6EpplyaIF04iZJuquDOEPdjBKRToBIJ1NHOsnoEt1HZme9CXMs3ZTEpiH0vX2igmH1rIrYk0nbsiTv0C/Hh6Sxw1D20qa6vW800u0rIh9F6KO13dO40a7VTm8NoTLH12C8pltUGeADiILKfGDoyOTwBf0ieGY8sngNQF7urPEAABAASURBVBxeGeg2+m0P2T9tHNurmAfLXzsku7nlDG1Q4kThVa0ZqgSsexHrhUl6WTSbwL2EzAloKKcj5VgSmCmVvhFMEhAWCmNq2zszNZxXJOps6x2QdnJZ9uxRdoJuWs9Gs+nGZHtCjlATxR44SSHwrmLp+zgVmdzfdAMeuOfQiRuYXmVw95LDxVF0Kw7Kh546g7zsSM0XSfDqJsDFPnEOJWUy6emxsA6WqPqAh/Leel4eGays9VeGg4EdSPNywVABYolz/5BAoov3UyvVZFBlquqVVb9semVTZiYsyEZom81kYsE/JneKuKplXlo/vBAqzm7dDAUV4klVF/dTG0c60aasoWxMMdPZrC4bXRpY7ZVD64tXaAchPSSZE13n1D5Zf7ipGmMnrulqYXiBnkFMIiveQ5b54uFTEkknHLc0eP64IMVZdMOkbuXEi22GTBEmaL9xBLhl9LbRYzS1W2KY54Neb+DWMLgFkO7cKHBieEm0a/5oiaT9ztiyYRzcpE3Jzm3KuWIfZ2GC9EamjaWjQ6vQHh+PTE+f86vyo3jfs29C2ALz2NCdYWfvRtuj8WiyvbG9uWF9t9vT8dR2snXNcgKce460YHPSMU4ODQ8fO3LsyivWjxyy8zw2MznClYaOLTVx+BiNJhwwkgGs72Xy0/FOpoLMrE/asSsc44SI7jxX6ahNtpC4uWCOReLoJm6jZ/33pWOgZJn37IYWKgQR7ohbsJdWcyRe6tl2GCdt7WPOCYk6ztGbdgJGvw8dFkRXGzv/NtreHo+spZxSp6LoD4Yra+srq6v9vlM38X0MAG+ijBsyWWvb1BSNxymdEAVn5iRPdK3b4b1/Lq9ovdg3TI/zrX/b5PkXAAtnLXtx2nTneTtz1AeEXVOA51QesdPFnpuuUN0jaVesfyYIThrSNnMRRrX1mW1vnB1tbm2fPbN95vRoY2Pma5yPIkuXT134vgiSzqpjGagiy3tl0e8z0cQavcIF0ylYqwMCaxViW7hY0s7Pmi3NnD1/aOfC55OTFhcTj/Njkzh4aClCFKXVkSXr2XQ2Hs1G4/Hmxmhzc7y5Nd7acjF0XDPUsiF4ne4i2yRS96O6SeCWxH6KQoUwZ0uTERBAO8rA0LtJDXKaE5wczYw03Xh6WuMB3jj7abrYKUTlY0TaCu1j5ZDyEpNL4jcz2kKUnKieBJ1EQmSZRBJBK8ikORas9lzyNjFxSi3pVMWWKGQFmkWfzcJcRNuW8b1iaoIlcTudHzfolNTMJtHLPu1+HfcwPSVwyKlHE0b99HoDI4dEboLIn0lncWH3Quyfo/uY6f5FkzJXBlqJMpi7qGnHAns0CvNJiKcvHLmfjkforsZ+VrDMS4Yn8bKL3Q/YB3DJkG3JuUI6OV/g/k06drcwmiEVVzUp1TF56LuBHEYBg/lUCUtKnXu+pbfYIdvbEqb8uMHYwdF4MjG0VJFkSkog4VhslXni0IjcTWEY6RrQzHbs8pWVNduQPvLII1tbW3XtAqPYfl9eOn0we/Bk7Pi89jzbGzRugOOMsvPWJ4MtQ+lxE+HIc5m0vpa16WunNM5KY25VU+04wkAStRnNvKQPG0cenexYwI4Waq8sX9Z6LVx80aLAeXXFkiHKHkddBogDZpNOlYWm3B8Sj+X+SYt0erTtyxgfcwp8pBOVzarm7Na2rs36unWU93M7teuWdUGuwsw0tfEmhDH25hhby6zDfXUcv4FPqXOlAAZpsjh9Q5LVSeLdkcrFWcht5xH8bA4f37iA2uSn15EZzfq1ThoxTLd594n2s9DGD9wzz5wm5hVTSpswDZdka9slgthJQrYgWTY3y4KdFxB6HrE+h4VuYYrDMNNdeTEPYv3wzHCr7Ne2VibObyWdIBPItRhWgoX5mDZJS7fPA+d6Nuke+1Q7SrFzHhs7bCNFai8hHf0ITDpBxDi0CWUp+BrTurnUDOz2K6efDKwP8UHOZ23sYMb6uAcrbtisvZvR+NV0ppNlaFImeeu14hfAcw38trhDCEGOuT8c2utNtp1o4ejUGTukv/Laq6xbA3K85robprP6sS8/UFXT4epQ2SzKKDKG9kMvH1QkPOOOrwAX+m5Lm6R9vUIhnVxUxLEcUAemP+jbDadnO5sax0RxoQDzwtE9uSC4KH2TqW3yB0M3WWjS4UoyPO00ndj+tvji9mMWtJ4PwIltMPqk7QGAaJ2ctpvvzGSenxcOj4MzGty6gRDXLdIyt6eRm7TSVe0CQDi6IQmW8/nUZgArR1Ox57AaJkR9sLPP9kOGReV+GsxdW4Vwp6xtr7lFgNCGegXpnEK6+VxM86WNVDPXUQgWGIIlgDDpGGb1khkXDGeEPaz0ZeYmpzoZHU17p0k3sNj1QWgH9WRPjVlCOmmni7lY+BbKL5kMumDA865RjR3idGyg7XNKfbvYTigGORoXZCfzl/NOF2/wOW+jj4v84oBhmilY15jKoFfcfVC6GWIyeeeLfeu2CdrRXHrjotAQMwK9hffDVoU8hldOGr+pnbBOK/7C5b1VrQ2r7Tu5H9+3TuYj6XTk+CAcMIVVTIJGtDHMG1Ox7QhP7T2sQHF2kCTRQDdBjNpFGEdSAqAQPBhjegD4Pj1rwLrru35So/1askDipAXcwBIOlBrKf2bn02jfD0DcX+y4b1XeTSjgbYOYzPpQkY8dJ+/XTCcbOvOwXNFavQ5MG15sDQsmNKV4hdQqpQYPWrOGsXWMeQtxlMXlJHWF+XMTe7krnmKfyncF6VHCA/OcTqyfDiST2SRdz9SDjuFCGBf1pMQN4xYtONKJ7WnUxF3hmAaF1zahKTeK3pBnTIgwtOzJl/bo6FaIoYfjc1LB/ACtzb2FfIJlTU+syBDaDR/3luosQqIdzDUW0asnGP8CtVsaoWeu7461wYZseu0aB9NQ/Fjby/J9+rQnDLG4UkfLsKiDGyNnvqLzokDSg+Hs8aUa2oIJkeeDMcZLegy37dB6fuNJ/H5MbKq58Y5TVgrn8i3N23MmnWCQqYK0hViGhRcJzLAH3wC579oJVFrnqYsOlvMICNAsMc6w4zPAks4qdBo4d01NVDlanlpwgY8DoJZIAbuTTtrrK8iiNUlaZn9biAmA/ZFO6FXyH9q1X6pGs1HNTtezLVsA2TWbPCBlX8OmPsxKx7vH3kFScuLYz3dD2pGnN5dR/QU6eQJhwRW2NRNTKzqX5/EPvqGfDKKGsw3I659BhydJk52+0GixgLWFyWXg7QiElPDEW7J0km+g/dAbsvAmPNckGG1vILB9Ugytq2pX0LJwWVBhg7QdWQZsNziwCAeCI034QD0B9KISHMeHzV9sW3zDoQPfmOIRKdJMyp3SCcm5RHU3jNquEF4Wd5bYugLO1c7w1u1Ztv2ezGY2X50Pllg7tk23PuFJPduYjLarSc3xKjuEAF+wI+MkFgfAdJoizJUY8ALs2gSWeStTw254lmS3/7XvxfsLA7lPxfGIiYo4OnYRuh3W9CK+dBk3CBhgtor5WlauqXzVDnTIT6jcCj16jMzPYXIXh6coa+LV2rnLyuZMntW9bNovqrJoekVT5I5+wQEl49jeBDMC0QxztpDKiJtn9XNE3MVBapKc+8f3RzFnpZMassaUlSkqnU2abDIrq2YAuJJnQ+udR7CfwlFyTK4bpWs7kFN1Y18espcooSNnoaqHKJRMC/XvjX35nmNFHKngBgrtmeIGB4N2m9Iqq11gHZwoNQLcBhgjbGltN2a2L1lkymbr6oCiseeswBdYnSSJ59ZxqYJ4Bnb2JvQ6mlBGTbfpX9bqn1/vqGualh5iuuSJ+N0E6Yxwdit2C8u6K+nwoWMxAMH3C3hpq4qxAOz1x6PxaHN7tL092hxNt530hSEFQqoajo9l34ILfzXoHz526NiVRw8dO7x+eG1ldaXX71HoBluvGr/EyOj2EVrrGp4eLjhCFE5HrbDVaDadTq1bejS28wz2abibTyMUINERR1FyPJCgdOLYJ3YAwmww1a7S8s8UOujx4diHHJ3HwamsIfo7wcvDZ60A3/I+Dyajj/ltDg+nzXQ6mVp/yGhk3SKkgpT1+gM7l722vt53PDbngIl20blLamJn167vQYomNkdYImVSTeuGjB+9KWr9OXKciZ2H+L66Rnyn12iCxVk8y5j5Y7VZOH1hz1PGbuXtHEkn0PaqFp4FYlfXf1Ts4EO7WMXNAdnp2amd7xo7WY6zG5Pt7fHW1mw8duyuxgcthGDP4+wLlR7b9BaZfb9l4aaBrAHr93tD15LkvV7RK11rQrK2fNd0FLmTzYGnONZLr7SfY5IihW0mxrlpEzqr/mj0i9NYo0rTRHdNxCsXI2o6Go0d0cRxTaaudk8bR5+qqDPTdg5CLxlC/0rFHgiRHTm+kWfnMBHFn8nCrGEpmk8Unxt7oul+XzGC3TUJmSKZQQw0j4a3gEs954lKEqBY0YQDOLs1/IpUTChsg3McRcYwD+b8XIbiFUp+bopyF8JrjpETfUWL/BIwsXcE3qEDrUMGoB2jeZPeqaf+xYUJlhbeM5Ts1N2lfuFaxltMXntBK645GX5gTP60Vo4wrKlui0zs7PleIOvVIMT5Bp6fUqH3G0wrLyNM8wRgWaUwu/899yfufCLEiU9YsBjJAUt/Nd3lSH5ecf70JUnvflJBGuNpkXtdBNr2IFYlX2jR3wRw/gId2z+vjJJm8mKfSkgn5wEe8MaM3bMpxe6ZzsxxR7PtrIQVq22dxWgX/OJgPpgLo+r2RPcJTPTc/Ok8m9S1uXxXThi4hby17QNRVHJl+2y268MKIspHRUk6yjpMErHOEq/EcpcpTpw4brtB2469ayfcwHZvXVC6Xt/a3aapbfti4QJH9PohczmDEcPcFlPYQoBcnsPzN+JJuiynqTa3zM51DVUcX3anxKJVwh3Kntmlb4R7ZbA3gn6iBXFp4TALG+eApIDsq+6cyz3MU/h1x1PSyU3fEgGmRnD5OBB1aOTBR+wILplkzE/nekk7N+Naa5hWjS1NdvpofWUwdKOLUIbovddh+O79iNw19S4MiqMJvmkjw+9nHfxMjl9VGONcUucPY4kKlYgcEm5VhiKtWvRCtdopU1R2wtnzBDytinshwcGJ4DkNGFpKX/Fd8TY+4Ujr341nfcaYfPxMvqtkfKc7TLSHOKHQzulBYgfi9lwLDRAzzDuvtJ/lMf4wE3rk6WgEzFwZD1c2xsekSC7vu0jG++QgTsmen/02JpUjSUvgHme5EyksMWeRE4t1i2mQe5HUg4wdRuAObtdgQ+j5hcrfPh+v0ec0AUBbtGkX5a42STcLaRbb7aGelOI3CW5a1EUtsckpewXT7LjLEDqePAYOe8LkVHyxpDbrnSVUujjNfqjNa6ZcULTcVZutJ0/bKbvNU6eyslg9cqhc6U8mVW+wsr1x9tTDD9lps/XD646aY0KzQXE6Y5b60fwyROED0/Hnmfk31e0/hWnc+VcH+8CF62VcOOw48kFXAAAQAElEQVSn3F58uPVvRJllM1K4dUSlnesYbW3akSFSZGJbTllu1tYmmvWtRhsbtrSxAi0LlkFcr7TwlCa+r9AD7yQA9gLX5WBDYhWBJEtj4Qy8fPKO+/B9SItGyW+k49QAmz6XLrIGNfBAASn0VVU7Qcja8U5I4tr6Q3MW/PECEi50oO8zhoWYzilEA0LTeAPTsEaWd0lk/nAelxoOcqv9vIWbRM4Ua7zxKkY2d7775GMBJUPjkJ06DoyoLWGSZTDS6byBN1AmrIiPNUghJkavSyfxfBQ/AAJsg5HGNwvd95k0Qe5LxxUVbSvf3j8M3sN5XvW0DU3CDXHoEWB8OAwGNxlLtXdoL4jKu6aD0kkoPD4lmKQtSqd429vmhj8omnSMI7l26OALIM1+xIlm8ito07o8+Fy+qo50IWoVWOeaxtV+cI1+1bizw8qvnYaQQnqXJqkO1NrybIKJbBim77rSH4V/DJXAyD7hHhAGP014Raxc4gsVsCfNzStl9oVSnB3NM+xIQS4suLPBL40Hyr4cIJe64P8J3rGkbfBUcldSlF/sEhc+xT5lFhYKM/nAtOGhfIK7JcvEmqJ879QnJe5HxNAEadXtnsSOYrvH3yTWDd+2ded6EGL/EWIFa5fm+NBCtF/z/FF7P1+SeN4nFqw9YfaB9CiYn2wIc2js8I1PFo6Ks1DOrPmVFVma53EzrFLSoZvrHUf2P1pR6gxqRYFaIcws2Y2MqIw0+eaVTrhM8jV8JzWaewjZD8ZXTgxvN7FBS6ahjFqWdelThNk0iv3M02iAnXLB1kT7vpYO74uEN2wvTruPnYuuGqic8Dk5zim/uAFUsd+G3jKbtnPrO0JFu5zZ268cXbvA+o5hNtyE0XSwOHPe8Thq90bV746vEoN2FZdSP4scvxHa/nrns+MAeCkMtLWodWclymQ7n5gaXeVfEobGzjh5Rl7hxWuRAbDbM+A3024s3mzJ7f1oNlRPbsR1E3SeYp3GlDUJHEQJ/FC2nRJtWykIswgKkpfmSw7XTUxnKLmKYqM9U9GTzV3gCSadeA6dtyruXNWAsqPQrdnsdFVt22qqQjvFpYJTpdGYGN0MIShMJIkNC3yDvfSDyqhXCqGBjk2yzwsTrukQ6YzYjogAsX0PSUcg7bzRYNR/R5vKPZqQK23RmDNi4Ltm/kZxXt5PLLU1gvqB3NRinH9jq8V2tx3V+ThK0C6T9zTlpCQki2uDzHv7rqEdM87BdP7hi/vBvNHeOiIGgRyMAuNee79tLIwvMpxL7OlxjBMmndg5Bvs2SPUE036S8eWck+fENCBS+5L6gzEhbufMoVJuNOmae5ve2jSTutqeTTanY+sfZuaIDhwPDJMs3Pn23Z50eKhDoMvYDTMsFK9b+XrunTJTl+oKeYprYhQFuTjgHPKVNJLiTGCvBsK62cnohP4evWsD1qAMMV9XxdG8v5qVbmbTBSMpPTVSqRhcklVunSKBzRpbPW0uZdhkqinzpldMenllN3LVKIoWQ70gjNoSsYp1PI4s55A50knhn8jXBnKVG83ZbGx/zjZFykXVafJKF1VdjCs1mebTagC4lufDIu/blwXaDicKe+W6cUrA0CitlW3HG41h6sZwixACi2CMJOImT1jql0sgxvKgQknC9tvXiLau2plbVDWqmcKJgm0wW8ZsaRdYZ2wnzEtUg14+6A3W7Kxe4dYTtgyhxjE2vUht7jROyiLp9UUL0NZEY+YNwlNCKJDGtB47s/Pg3ZviEHdS+/U/7TuFxB7OITDWWhcbPZvh9jokAyiOuOt5zybT7Y2t7bNb4+3xeGtsv+2eelZRl9xJh7verFL9YX9lbeXo8SMnrjlx7Mrj64dcPB0aiTquCZmMmmIm6rZeJL5Mvz+dAfSdLJM82jlneOxEtEaUns5Jsrh4OtbH7/Q8ppOpnVjlte/BZUxeBxI1GQz6Za9H4ZYKFiIhTwFnZupt9bFj+KGiQGNDgcWdRkXw14bX5PM/xtXJshhUp6Wcdo/H9E+IIyCaUphaWB/JaDRzb8dOL7jR/WA4XFldGQ6H1p5A6JfXdp6BpgyIduP+b+yXW9szmU0rypCxzZmgBmFCAQn3jXnr/013xGaXU+vb1HAEtp3qeO7yt2qWVbH9FACzn51RGCOZiOgePuc63+lmsd/AF0mVP9ud2A7u4iCDb0DdPv6uJpPJ9mg62nbKHFtOk6OezkxTAVtglyTtWSf0jX5dt4sYagtlXjr9ahc6p9/L+45lUvRL6xCzpiwEUqekxg6UiansPgJ0smnxeeEcwR3C0A2d/7H9GF6GY7iNNukBvqdsuMML0RMEYTjtRnp1PXN8HZuNNusmNgMd12RUTcdOqsdlo2dLMUdWhaE99aPaaIwJOVjFToqf34lBVDstk4qkMYxnZtmCAgpy15tzkELMee0QTzSJA2aaLsPQXWRhkowVwByzhDZz+igOl+OD5jBlLTxF6DGGtxgrsO/E+IzslP609YHkXXdeettPTl4RQJJ8HWYAwASpw+QldgvGXHFbwNzduevFeRLiidMnz9pt96ePMx5lXdj567WkXEw0H3wqBDXzcYhSAxtmS5IO8A7Y/cf41JgMSXY2bHpfdmdXhKfY+zqhDUo/81iQm+LBF8C8uU/7G761TZJhFk0stH2V+cYF5lq6LoR0cn5Xbruw55oOXtxg7ZVTnqTYMb7S8BodMoAAJlIldNK3Q2xXGZ9Hvi09ha87l1o/fvP8dbS9HNdJpR4SOzudvzO9gt+KI2dv26yN4PFqmRerqyt2MnFrc2yf2z6+i+ZQ0NiMpiYm47E148Phqr2yjm0qN9KouLNHxEQVfA5e54LcIo5Y6GTJXJhPN/QmGTy3tgmLLMyn0RVCLxN3yMM9WuX9ZPm+Xsu5GaalidpnGTC7/HXB0ZaHtLML7WwFdreTQ2BesDGYy/aRFS8hQWB9eur5ZLZgTavZeDSynZjV4cpKf5DzEkA615anBqIcnltErkmC3lNX0NeF1O6HkoK8AJ0mOaLihbfN6XQQ0mxWZicj0OmUFi76onOrUDgf7ZY1em+C74eCn4Ly83UUGp4XfKYxaE3KZFJ+kZkBPi4GmPR8CJ9xvuGnZKKKTFjm2PLQCFvHSxwahl6JzwDqeniRft/DNOxBUmGSC0NzF+uZNynh1u28pLcvoU0LPReeG8VYLdOLnTswTAvBvvvZxo8D09EGzeY4NSaavjG+iMTOqc+kuDDV+xy8CwWVSppgP4BL5uiwM+7DTnWONYJ78L4P6p0RtsvbTMfWilb9fr+3MnTl0l/DFePWnvs0YvpCmdzNOzlYAltrOtI5GnkaiENE2fNn9kbjqZ0kK1f6diyU9wa9oVt4sXn65KmvPDhYWz1y7DgSsctXsExDGACArx64dLiCCzHIcNeeys4/mf0UE7xw3YxnFfxUO8TJWqRBWl7aht4OsSnODlUCivHBa9I5MtR088xp635eO3w4KH7jri8l2J+Ft7vPV5n0obl1WNLW+4rpp6xdjeCfeDjjB39chCHOFTqrbbsXvFKB5yFcGBHbQbJj51llp+/trCc7t9jb46IeGCdqzWs7bZujSFWTayvx+l2wQg5DTauxaTIbg6QBsoCDnfbz0lYuSZp0pJ2eZJ61Y4RgdSmh3R08UwKRaomeGdwRCop+P/+o0X4GBwtbIuQWCaK6K0tXeMl3w9wRTO1daFz83ypcrDWSQflxgXQC0XWDGENkhHUjmIUWg1l23HiYMETkh46urOSyKrRZYTkwsi+bFaRdcxlLDp0VdfDZqcFbipcYK4xB0JJEt37r2J1YVnQxMYDOp+U8l/wQoaPAjTfnYkgEn8fKVSQxgjzMdjMwNENh7MQGtyu+5wsdcZE0IZhMv6bii7xUhBu7LOtEAjWRCu/ZORSBLizG5dket3jLtqFZZnezxju6+ZrGkKKPX6vKPFpMs9ovmvULYnyzqYIt8JoryrMQyINLb1mTtDHHRHRpcSZImaQnAhjb3LbbyblpQjmhQw3Gpjl2O7HzmkJ3p83A0EsDTKZa4lo7Y+Z73vGCWShf6XQRvzZjYpgAbqMx1pl20i3kGyKcb3dpHrjX/sTKtPt8L4Z7ElR4yKAZbgJ8z9NnTpex5IMlKwjDPcdWMVjVeub5SmBMq2ykgAO80vowIp9A29vg6Tnk9AWtKOSXq+bkBNKkJ/A+m92zgK6vW/a18TWFO/PB9crNCxdQ+tM/tls0rp3AiR1YO/YJVQAamBjWqIDEP81Z61d28XN6m2vC8i6KqkO/Z6z0juiHPCFuB4T+NicjdAt97zs2hXxnCOUzWjlqcABD97drS/glpnULormGc8NcM9EZ+uIOo/VODz8IDXJrYvyz+RekyEUUOIntZ8+qs9OvoQRHbVcylX7dnY/ta1InK+ykdOLHHuEPpdpetLf94TE9nwaS1hy8q8y3k2wBjSedYOiG+EcxxEexPu/tpj5dzUbQmDyanE7eGk9ydT0dLyrqLbQOrWJoUk1rSxFiFUvGSq31bDMOva0I54ZD2cLBwjtIiwIEDwYkC2nRv3SD6cvxE+fpwK79F/3kOq3jhxjhQvlaxoRfFWfdvNMBQ8lqaR3GzNcDDK+oW5t8oxmtBEa7HqogLj56Z4OzjWc9DK/7ZJIyTdJzhLNWUh5bFmP4J3CMyFGUOcG+jDRO7He7MqX9hzb4SbloszFSC/VReU0LdwPr+rT91YIYAEAqxdZTul1PtqdjOzXjh9PKB7hkyw7eDeRvktjRpPh0yikzjiB47rVq5yG4MDATTHNgHeR2ACPdp9OKR7dLmu3YMXL+MD+yp0kae5Uc1Cpmh7LyaG+wUpTD/sDpQzgnsW8LXG4TEdA+LKkROD2d2g6uAWqlql7RlPmsp6a9oipyOwDQGdN6VBBumS8Gpi1Uxs55Fi44eYHeweBFwzRLklCxpAGInZIyRW2KyhSNLme6nMzyiWOcHCrKVRf9SBUIPdszs8W7bjJ7im7sRKpyzCSKsENDvzheoP4HZF7gwRus6CTiUo6xt6o6Bd2/ReU706wa5LQhVW6HVVPlPttgtg2MDLjAOmUGvTIf2umOgZ2BIIkzZHNElAjKpUw51y2FTVHtNK9f6Rsau06skMUGZXHPuWKn6aZkf+gwtAGh4q1Dhu2MuZ+1Z9uqSEb1sR0qO+S2g+7Z9sbmxunN6WgyGU0doWEybUiuhuhYLuRc2e+tHlo/cvzY0RPHjhw7vHZ41c7wo4t0BOC9rLQUw9nGhoZFPJ5qeRWcw4tpM7u23fuDCm0fJ8Vt27l9p24ysbO8s5oCeNmhN3BYTxYotv+VvKyV1FWtI9+pLeU8qIekG8/J1jpGn+Gy4QnTjvpck1hIcC4DRPvNHk9FCus5j2WyLDKtcP6VpXNioSHgbXtd+zR2vnq8vT0ZO9aITYA1m/3BYLhibYmLJmUfzA3/XWKaela5+Qc74+CZQ6Qh6YLpOEHZiuQB66omvhpP8GLQuA8IVQAAEABJREFU+8NAFgwGrTMqCV2vVo0DOSuSYX568O4KdmbPeded6uA5Yc44L/txj1QkGwZCSU66OuDbjNCmo394OtSxn+pqOp2Np+PtzdHG5mRrezoaE1tiQlnJRtr3+2OHnpdY2L+IblLYwkqMk56LCOYiQBV5L0TSQTeKN/GB6P5cVDGYUG7RzOJk2VO2Zu2VdvkBQ1c2FhLfTTFBHta0wwXkPhotLqDoM5XjwM1m48l021UBm3XT7S2iT01d3GrbBtESW6A8BwjNt++S0VIu74YAL3ehwvtJFt7EX1m3jusjMyOTTk6YaIpDN5+LfvrPM0warRPRI1briODktZolTIogopunVuQ52yLPoqDWSkUuId2c3A2m7fD7FS+JQAjP3hNjJ8wwmNiDiS9naR1cUuNwgSQXSpr/eB5w+wn6K4o7nDzsVUlkWPRDLU8UYWKN5444KRdm3uSKJjBVJOLwh7LFdkhZ/UUVLuQQhhOpo8qUHU/mUYGAGYtXt4AqmO/KdT4LMOFi7YhmfnS0HAYSGTDTqrj4bpgf74XGLFUAYrazSToqcWPXD8ztSd7t3AF8Sd0OSXZ+DExWoPF5sYXvFBBjFlu69hKLOwOEdHL+V953wjuvKvZJDIWrQg5nrhKpA+9p8J1jk0zP+ZrcHYbtgjmjYxZlcMKlsVNK2j/ZgNpOG3fCZtXU7ssp6hhCCMdLgxGaeo+NjjdN6CdS3FIw26pedeL4ww8/NpnO7MiroXFnRnE32Xxvb29bS25dmm6ymJcdgNHJEjHb+JDlyVlhuSLLz34SivzVUJfTTWg3piEBywpoUpJn88PSR1/HYWH4sWc/6SBK1F63SA/d9VjcowyEFutc7njhkMw5sXeeO+LsdMJk/iX02jH2FiBtHsKgte0805y1xtB1qElgp7bFaTyzl++X5WqelypXmiM/u/YzTrX6xYXGhCamjccUZgw58e6mKqqw+nqK/rnaptjXADcZQfMRtqASh9X1M3VmaHrc3ZDmQRpIWh6gpt9rvVJvH7uPzPwA/zf9wx0Vnr4LE09x4rJdy8gp7hSmkMNtJ5oRJk99bKHYieHGtNEmzFnxRezBodWPIxYTHGb+tRmIL7GtXxinePh2GFpkjAnx2dwdk++/sCV9X96a64csO2fuX2C1J9cHyoHXJAS+L4sMc0eP22g/PPf9DBXzlx8GIbo+lj4O8u2gLdgQBqW+A8Kv0B5lyxJJQIPtl9t9/ZV+Tut+XKfQ9fF16Cb5l+t9MO7NIg+u3WW9igNL3kVFUQSeVKIeu73R6vra2A6i7BhgPHK8k35/5fARR8Mv7BhYn3rkK2cfe7zoD4cra9YoF4MeOG/RzFroxIUBsHRsiTu/tR2wtH/j+0MH1NBfwK7IAvZuay5PBGsEvlL5HLPtrp0fcXPN423bFPOaS+4N2OYY6AzHlJpNbS7bI+3xxk/germgTg+kvQns5+0ufXExDklo9LHzZzixldj1i5s0i7oplbUdBk4G8b0oHoJphypkhWuS03RTVDM7SLbzBNZsFH71X+Oohjm6UCOkgOzcyzEkL3AniiwrqYA7pmzmdIZUXKUXqjKPBQxNA5loi2gAlykMc38mypzGGEbcIplwAQNelJxHs2AgCc6amEEVhU9UkgnU3MXtNLvb4oD+LL8DW4c6M/eSOusbC9fyepUoY5bPRoUBoPFdBAgzQhD6neiVpduTQ//TxNFejALLCqbou69pa6NidvupJRYWCUuUQxedey0Q+jAmjibpvhkmHYmu7Gj7aBjKQPdh/chVx+bbJ8d3QpBa3tD95i5DaFno8ZRPuwlzM45Ko6LEPmLyKnkrluV25gN9h6gVqg2zMxg7RhgcC+A7QdB2z7i18tpZGWWunlXU73f1K6OJ4Ixds5o5K7GlQ3ZsEackCGr4jhU3uMnSJWr1PPWERws0+gCeGM/Qzy8RMzILLy9267xfhLO9nbZrhSUgjvXahhVi57RTPONsQSjqHGwO5987z0zxi28pN+GccGjypoxJhvfpvDYidvotu7ZfO1Sr+ZaIX91cciBYF/8HgA8xGZwNEJzb0frwFAezprKgaax1mCkDX0r4IlS4fOQu5eh3bvGbHSC6QRzxlSCUz3Z6Licva5aFliYYg/jCEjl9hHbojUv6Eu229vF8ssVsYbc0FQpvPvkX1qRqYkhZ6jS2vZ8g0Gja14nk9lGz2pXWqVtBnNkCzGz4hpjxEB6Wr6KSFNMzGvT8G4qVAvzYtLoPSIiAYheoEEPCp4M1ErkaQbTCvlxAt8CDdy6G/ENvzz2zkJ6+MWFZXKglSYed+/Cwz7k6n8lx1Apt9qXbSa8vqSBhms+/J/8shjOOuHFE5qtr1/xQ16S9nTExA+YGSSl2fAZKQHRH+bQF28VzfJEFxZYlkk5M6PdkGRU2/jW2i9777z0+VBsMhO5uO4XpsxliC4OBFGy7CRxCPeSQzxsXXkdlNcDmdHaqmo5caDY/AIDQOaDVPnN5D2FY5tMOYY1RyAkuKEHHg+pZO5iHdpzbJiUekfJOYkOfpBtC4QwWw7fb2sSlhf6lcwU0fizWQhuNbWKMb83aUaiv0VzQo9GnOfMsWmMvWdQyt8KoLpQFOi1dWZg+tAotbcutCMU4dKj2qivY1sew+ErFwDqkqYo5sU8wrRrQ5kFjQjwaZZg37KLDsCBrToGAs7B4OOQB+uwO3ob4DLDYtLGdNIZlCNAtUSttjdNorIt4Us/sAGDLyZw0bJ64y82vhRsQlcQegmS9r6/ybICSZpHcojUTLEyr+uLXUtO0IJFOQr83tp6BrgexACRSN6058vKioSb4DiIXUpq8sdk1VMU6FkfL4eHe0LoNrbM4K3uKJG65I8J3dR0Um1bXA7I2XtUGqlxVRV47mZNsVmSzXqHLzNjOP3vRyNMEoUPvG1cerQc1Klr465xbrm0NukS+6+HpbURPd/NROm90UTdlpfNZU06bYlIPAQ6V5Zr1zgOUCorMFgZjS7ly+VlZo5OBX83PvSt+fj/blXmVbsDQJwk6HFxWsthZ8tNUcTgGXPHZt9N48oVt9ZwCU5WpmVIjVNsA9nsCUBWZts84KIsV65otFbWtbc+Erkzu27znPLU5V2/W5wBKkjFN0vmJLQzikk7c3q3VfpB4d0zoA5jQCHu7GjeSXopamqp4DFcub/eNSaT0jbfHGpta17Omth7babW9sb21sTUZjSfb42pia+CkrmYcac7WSvvaVw+vHb7i6NErjh278qijm/QLEgACDvdngGVOvOBg6GT42gcQaCBzAVCX4fwyNk5CAun+utml6Wy0PbKYTSvmhFCrEEcMqijz3mCwsmL/H/adxkkR9EdiyUt6DqE1M2Em0pVDdyPjuTtNMzd2iwIzbuKTfaa8Oh9bQnO6gRjfaZiUi3mi3Cqv8Wi0efbs9ta29bwjzZbYZK+srji6TK/PwXTs/afWN18zBZuk9UjmxGFmXfbVeNs66SeOhUPx25lphkaFEQL3EGMvkrqAnrAHEIiX4UQIg+HYfMy/zKQL4HcFBlUT9YcW+1Jmf1NeZj8nLl1otpDOXTpuSTcm6VmHneEteSnT0BnWPH+hiAzVkGDVbDx2VInxaLyxOZuMqYpNXTAdJ23rrU1oSGPm0wDQrdQqysGgHAzLQb/olc4X5qOrZBhU0KBl3yKk18K2JGO7fi8ZsAHAAVkzWJKPJh1s0Q6TTv74+IPUx+JUuOLIBHnHNHFRvZivM90e2Uybjrank3E9mTazWeMoUz74HvgxS5hc8GxUupDvIGOYv1BxgoJ2Mg2lHUmxfkkgTLSVNGqaRIPW9hmDiBp4YbhAN4ncgrRnxKImQbkkZ8aJNxBBusNzM7mr49NMi3rbpiJ4l0w7LqMFHKG3Q3OUuquo4VWck0FQ8sLm/ggj4bRNiS/VhBXJ1BNkmg5LIrScHt918hHKfI46pghQoL2Q2RmvystYB8B/vNxLskf5qdbuh/sYIWu9ffcbATD3SZ8RYu1QbQne6TNfqneoAglxlqF8H5m71lr7MZruts3z0YOoYC8JKQThY3wwoiZsLP9wtyKc3YSd6TFe6C4Zr4XxEyTVFhY+zALH6OECgI5Gsqvd2M4kxExMW9hdkIPgIoJn3Oy7KcsCYGAbLOrWWCvmw1NzIaAaBSqA+swmWBvNFW4fkzm7JCMpdojpHvQi0u2EXb9vJy9WXSevaUbj0cbZszlZDdut80XQj8E0j6vDHIAzrYaHbaamoqv7/eLlL3vBn//FxzXMjBmPR6ezskAoV1cH9ueqajY2zuTlYP3QuqL1kQhRPJnEi+3gNXe94kFRWltGvBWtJw337FwWVbUdtNnfVnsDm7HbE11NZjYtRa9w8fBcXADdelBMZ5HvPrtE55y93V9gh/73q15y8995xfNvuvrYodXB4ZWhHT2BQCAQXJ74xlsBvgUEgg6uB4FAIHgmAvf6Ffd35Bz0rtcE5xdsYUiW//KHTXmPPueBYyAQCAQCgUAgEDxTsQZw1T4OG4BAIDhfTKbVmc3Rma3xPQ8/8acfvfNvPnG3J5ZACBbckk3YDZrIjejA0feu18h78IEXOQwjYFjZziSZlgEUnPF0DSaTEJXOME8/nS4wYW2U2w7xvHg1TWQrQnDUQkufgvjNLD1OuycCLfE5Juy3LFnUEDi//rT2qHZxVMLg7ICTg5hSEDpHBQoDzidkB3+p6p4b/zUmTLbgYgL8rQ07pg1AR/9jCVJfOOwPgbKoA+PTU5Q4pk+g3C2lsBBVi9dGuXLETnMTmMR8igon4k4bSNqT2BK/THIAdPmA6eyRXiDaxOMXnhG6jLyo5RqeIiGwJGnzXJ/kgRe84eLbPiiYfRXZUHiId1La9zGZTOq6zrKsQ6JijhfxxTzVjshuNVZZ5vWv28Ur55TKBUmcdv1IsgtbRjPYRLBO3WAyqep6Op2ePnXaJqm4ssgHmWfJBNuHEOkwLHTNOUN6rpTiG2+86iWnb/nUZ7+0Odq0VW/zrOr11vJysLY6qKv65JNnx+MtYij3FOl1cw0kFSknEwGkk+mkToxaGwwosk7tLHQGirhd4CQAs37Rqweuodgcj5vpzF6g7PcAgzZgajoprUzlgQuI5WZ1OOx995te/Q9e95K+IyEJBAKBQCAQCAQCgUAgEAgEAoFAIBAIBIL9ot8rruoduuqKQy+48ao3f92LR5PZb/3xx3/1A3+5PRoBMzW8ThhLzPL/gd6hgVRLnP9eaxY7Ch5br/yWBWJJso4dopZVwthg1RSOiUz0FqYuBB8+3zdyFzBeiv7F9jodBkBMqjLJmhT63csML/FvRq0X1Yby5AND0GQM94wsCtqxuKi+VepK9y16VNvAl2ZnrodpdYwSIsXc8WYxXvp5w+zvMP+C4t9ehderm5C4iAmhAtsrJ3KxgQuSMDmACE38RwwsrpM7LiedGE9bUYHKBN0rJ6QTo7uPkOZaKwOzl/s7cmjm2T4IiUgt7+wAABAASURBVFBOmxLsntuBkE6eOvZZZB3YWDGBDhWWZd402ayqmrpyXIqcDZlTtQvHRwUkEi+jGDcsuuvkjA7qARKZk8X9LA9ZlOVwOKQo3duz2XTjzNnV4YqTkspyNnNE83MnWQPWpp95Xb4+2NLfqKx+/vOvH01nd9/z6NZoBnpSzZx0UpEPB8Pe2mxlMq23tzbt8YPhEEnTmImAdDpbaB+fu69y0x/QxUcwNTUHB2nIkOfYy0sYKvvXtK6aaTUDLPqlkxs2kIhCe6lguIDY8eLf8oaXv/0tX7c+7Nvtsiz6fReQlDWoQCAQCAQCgUAgEAgEAoFAIBAIBAKBQCAQ7AUKtadn02oyndk/v+ctr/77b3jpv/vPH/rtD34kippgjJuI4Nf3O38rx5bJOGycj3xk/MExLoQPSELYQQ7EhfxjJQzdMhOIRgAttYDit1JkIdrwIisBgXQSd7C7sGFdD0TVlfxII/DOh0HxrBMf1lAlLBOOT8zsDnosXQNHNzawNH7KMlKLv1w3jIYJrIUdHaPuSrolpux0JO7L9W4SMs9O1IpzZ69EjRnjY+vQxySqtQnVA/1LxYVEh4wwu91m+UZIQMLwoPfUzJ3efWIMr4NLlPYHmMAjwvTIeZEST5piGQjPMVoUTdlbCCP7ye94A1xSXECFiQt2YV+ZcNnenY4mGB8tiZ/acIGjADvOZFD0QWT1HQMdQY7uFRyyzCs7de6UgEPbLknNHLOk+ySJ4ApH+WEenItW5kRFXCw2F0zRaYuorCzKvCgUsv0leSmqRhT5LrlUiGbIEXDzIj9y5Aow6pHHn5hM6ixzYc/yrFBZkedFUzXj8ayu3WGFvbjCGFeKnoqjoSNqF8PWHu8C8aALX0XBR02oRO4gFwQoz02IzugirKfB6Res8N5FcQlZsIOFE5bnf79fvvuH3/Ztr39Zr8hXhv1jRw+trPQd44Sip4FAIBAIBAKBQCAQCAQCgUAgEAgEAoFAINgHrHPNutiso2047FuPm7ZOTMTXf9ULXnTr9X/xt3daPyz7VRWpmlj/o/tysF5O62x0rkf3k/PSOUedI6O0tI35qCKL3kDSUnERK4A2wIRPRNjZxmyJ8X2iwkRCFAlkEe8V9X5lxZshUkaec1JVloV/s/itwjf/Safwc/kgO3wTctvGUD07fDht3T0hL9pPmy0hwUs+rKqRRB0Kj9v6Wd3/CvdETHP758LnvB2uTm6EXippMbCrPnJNIsdFp9kQf5oHLmzsBUp78LND1BjpJIAS2RaktjR5qgon2oQ97tA2kQvkAaXmKQks4eNT4wvA3p503Pjtd8ElBV4Y0kngVsFBwwTOUjQxLa1sh1M6pBPwj2w3NwA2ECZaTwEqpRp8xipcoIZSm1JDr4GVGq+cmGtPb+q/+utPffn+x4veOmbDft9+22Ygn87MmY3RbKqLonfo8Hqv3yf2jM1lRSJUzi66d6CxwKw2ODHNuJlujsZbW9vT2bRqmkqbJkddqNqxbnBcTcfTyaiaNajzXmE/kCnA1Prh7qSTLt1r2ePFomCWU9JSXHn8yL/90bddf/xInmdHj67nB6dYIxAIBAKBQCAQCAQCgUAgEAgEAoFAIBA8y1E3zalTG3XdPPDoyR/+/7738ZNnwrp2J2vSHkchZ8AEDRTM2nA2iScfwHT/9PsgIZFACJ3DHkeFGIVOWPyEXZ0m0AX4KJuakBDy6xvlKSHKtEQAHyHH0w9Iv8BHyUmVTdrrJLoGgZ+BnoBgIrMDWZYFTdMG/VkQRNjbid86yY3XMNlZpcSEX9N7dW4xL8ux6533CmSRBA7a4yIYxUX4dTkxg7qpa9Nop7eAUXoksg9S0om/gt/sPE3LBPEntu9xR5A6Reo71jBPSOge3t4vZQ8t3DeEAJmDwiACBMxAUkkKW7YQgtqzMDxjlU4C8aezYRb271pwU8pWUpg8Eyui3d7hWbxeE31miI8jPIT4AOKTiNuIU6VqpcyFyYbLBQiNwlmGowLP9uArK/jFtfKxq05kk1qdPrNV1zOnQaLQGray16sbPauayXTcNKYsnZgKG6po4g24uGq29HJIH0WhzByaYBqdEornYWXKBWNzeie1tmAVKXQCKm5fIiqF80mOW+kbx+4xuLQI7WjDVoa9/+snvuPaK470++Wxo4czJZF0BAKBQCAQCAQCgUAgEAgEAoFAIBAIBIIDg1JqOBzUdb3S773hq2/94Ie/aH2O1l/Y0dVgZzrxThARkr3AjAFPwCABEyd6oTsf959jJ7DOSescdOFzTBQQiZSEcAuFgfxiHZjttsoQXQgHL0OSKU4bH0Y6JbmLAqQy/3ESJjmfao9GT1bJQ7QNv5K/Fcvw7AoT2BXaOlsx8BQcHwZZCcUnlTJCRT0RZmMYL+LScZvHiy8T0Wjzkr4MwgI/Ju5p3fJmueZK8gl8jl1ZKgsMmFRkxb+p8L6DNoqJMif0Tt1nGbsl6FO4rxD2aGeCCz+nZxl0mSAdokqrqJG6jxPWC3avOX8bk2QLf3T4GHoQHXbGX0nmwadJJ7cw8ZHQp8G/rZbRspAtz+TwOtjdxqU/4X7Ohk753oFxAql6RrrLV9kK4QFlvoy4CVjBsx4ZTg71N297zujQun74ZDWrM4OZza+8KG0d1xqr2sHF8ckya1vTGDvBOHs+mLOBZAEaTQHIlLJmUlPYqYw+zso6uRTtGoW6cUaNTLo7IhjMOTadZw2G6tMpPFG0KWhqIaaUlR2NirX/P/9j/49brj3R75VHj64/s2lGAoFAIBAIBAKBQCAQCAQCgUAgEAgEAsElgXXDDQY9620c9MqXPO+6P/rIncbMrUD3gh/OX0iuXMcjcb5E/oec9BQ3x+leNI3jnbidhjf4aDDdEBlRwYCdmCE2DqmouCg+nmViXYZ5rrLcRcnhWDlZQcFw8hBJJyDLiE3CexR6jZO4AYkPPNnoBFtJWA1RsQNNcHojsJaK8ke28XC6btJWOGTOwZmQD5ZSRJJ1/TgnyjLHQfF3JHGR3T+e1IOwQAHovN05FswSz6wTpEllV7xoDVFP7HfTycaFe5lw0UBnwYUk+E+qGdK6maPDG6F7fZy7Cb843ONhFnM/DdDhRWb8n0H7ps1FSLfC5YIHHBcJHc8q0gnMlemlBX2fN0ezn4OWkk7Alkj8ijL3Io72e7tnDWz2XHXUvPKFjYLRA4/mjekj5r1iJct6CjNbnyfTiTXmRVkQUw+cVAlZPhcUzbUEbHeQzXltdzrlE7dhrb8t7k4+hSoOBy6zp9eOimggsvRMUivS6oExhZGVgnMxwdj8mUB/2Y3DRviHb/yat7z69jzPjh07LIwTgUAgEAgEAoFAIBAIBAKBQCAQCAQCgeDCod/vTSbTE0fWtiazz37pIdoX6QGkBsL/EoOkaawfsW7qxnoTrXfSwX1bl2NtN0IYHVrjbtroGswGAR+BgVa8B6JJUC5RKs/sx6mTuJX2Wea2M/6FjiG5E88sMfYyLgYQ+lAnuMTJHdIdPlHEwu/3wXN8SKAlMW8wRtIJQWV86J32SPKvBsaDicFAdkRHp6EbKASCkAxEBy0GkokKP7XOe7148R10HzClyMwBSHqAX02rM5MQeiB54HSfceXAFgAfXSM8ECxNQNhUi0fsEAAocFzaJERCD4bfVTcv45FJUdgvw2GRLYEtMSrkU0IqmeO7tHdMIkyZpQ+Xg+DCYgx4N8JM6Ca7oMzxDa+A22589D99CCezgepj3+5yJdaa8Woy2gJs1g8dLsu+PZh4J75wA9VDZvjleTboFaYC3aATMwFd1TVUDdsppzWVl+AuAFNdV7PKth6qcPxB4qSwMWXRKIDWtrYbi0iOgT0ZJ6srg+9/09fajWOicSIQCAQCgUAgEAgEAoFAIBAIBAKBQCAQXGBYl9zRI+uPP3H6+7/5a//HX356ezT2rnTmUWjDjBNPMXHKJenZPhQNeDETw37/QFBwXkVa3e4pB+1yd7qzUhwfRwEH8FEqEAjUoo8/huOhwzjltPY+HLi7ZMecKzNVJDEJ5yQSFxwfBUOgHE8gcDIuXuoD4ommyzZYJH9gZ9NEN2vk5CQkH35MJnaE+2IngfOXbJ/I7CkPYZb5av17Wbha/N1nEjEx+DG1l7nxz7D0vv7oeIH5wD3pteeTkyobdHYHJlSqaWK6Z8ZsXSJ0sjSLML6OzmlJtiwImMQDCFwjMJYoYxQGeZhu2oR0cmFxBuDePekIAsaJo+qHvuXRD/xF7/GNtSwrilyVmWrKbDabjbc2bTFeXz9SlD1N1h9dUB0TazWz2MqyqKkmcpCyica6qagdcKzDvFCDrDC9Acwmujb1tDaNhqLEHK1tJaabBmvKjY+5s5RuEus0I/L+dnvH9Nvbv+W1/bJYGfazLAOBQCAQCAQCgUAgEAgEAoFAIBAIBAKBQHCBkefZcOhWpf+/3vqaX3jvHzPDwDDJojEUQCewDDyNwNM+TOt/5/g2wLomEAQzwAQNClY6UZFHQJFwIKhKBJ0PvhJ0Assw/QKiUIYJgTpaN2WIyhIOgLhzKYK6SSRUmCW/mkD0MK3OBjlcTfdY+6dKSSfh5m1yMIiuhLxa2MBIOzE+T7zYhmfozNEczhNLz99RfaV1+No3GTLMJLnrXjE7oOkZ5327HHmn40d2zutuilqZmrgnZEgMsME0HBPd3Q5ax9vp5FwzJx8z98guBshcApJS1U39ItEk4b0kojamPWDvtySkk/3A7LANO1OcLB5DeAgE54KVAf7v33T/7/9NdffDtxaI/dJa3tJW9umsGo+2bL1bO3S4LHrhcA0+wo5DlivbMPTL3Fm/mqhWWleoHD3RmEo3da2zDAdF6cKTIYxn07pqwNQZFJihkypS9IOttTqRMwqhc3AxxJKvX1HwCJfoU9GOoij+/mtfbK+5vr4CAoFAIBAIBAKBQCAQCAQCgUAgEAgEAoHgomB9bWU8nrz19S/5//3nP6lmxq1CpwXrTvCD2Sbs3WftEk/Y8DFb3K6MBUtaORMXBMf/SeFalHMRkrZJSzVALxtiokoEmuBOxDZ+iidemEAQCUSFlM4Q/wlEhQ4JZCdH9eKK+RBNAhKxisAnQN29XpRgafzye62BGTQp3wHBRD7NHohcBhMdq+5bm71PXq5gsp/bmXaTmS4m8HrCZdrAQeQmdhE23OvOrJ85XGcJ6cT6fiEhnZBcwjLSyWKyQ+bNi9NEXoeBTGU7+qaB30J4tM6V52/HKjvJPWBOnaUtRlHexrT6K4l8iwoPxKniW6m52wnpZCfMEU3Mzke2rysRF3oM8SsgOHdkGX7zax/5o4/oz953U68gsiC4CDh6PJ1sb7qAZutHyrLULoyW58MZoork1qJnXP/I6roGwpTKuPhr2qi6Al03tl3Q0M9LINrapJq5GGyNZkPCrBGmGLa1ziRWaQl21XMKP33Vi55jEz7ol/uyugKBQCAQCAQCgUAgEAgEAoFAIBAIBAIFp806AAAQAElEQVSB4CCgFPb7PevRe/ltN3z4E18CaMi7p4kSEgROFDFIVJQlUcwnCX8pT67wnr4g2sGsEX+U8nF26D8fnkUzayEhZuCc5gafwpoXaHzQmRbRZYldr+QuHkqT0CmS++AOIViWXCEkFjH1mcIisyHVOYFl2g1z6Vq8Ec7/tuQos9sOXO7G9+/J0yiM123xFJN4U9IY0eRrRr9DcYSjKAnDHmRjFtOsVCuKg0G4ZRfQz05VBxLmRwzJxO/deO2ZrtRIi8AN6lI+MHlh81kQNk3311SuxnRzP/kpJiOWd398Qojxe4V0shPMU9Dx2RTGyVPEN77ysVNny0fPnCidCkmR5XldN+PJbLw9zvOeUnZHYQtx4xl5mgq7067KFOZZZigcGuhmphuVZRQlzeiZtRRO9aTIM8jQMedQTVyonYa5Wk4oSbM56Vb1YFhwaVwrs8wcd43Aa26/2X6XZQECgUAgEAgEAoFAIBAIBAKBQCAQCAQCgeAiwjrpxuPpa192y4c/fjd4F7pb9K6CRARHVIlxdAKJREGrbrJEhoCgo4KF8SIidAx4lZOWqpK4+QEgBpzhbWx5Ejs/hmGeRCpVAgBLRDUW6SWeP+EX23eODxcz3au1NBXsRopJeTDLNFl2/nvx2XD+WKPNwsO06iumQzIx7d/d6DPJ9cJNo85HR2nApMSjjg5F2LkoB5Iq2fgX4RzNJo2G07l18hzGNA1pxiySTgJ/CYzZ8W1GqgfJKHRfokKYo5WoJa9mSclJuSkLxCRPNsGEBGPmCDFCOmEY8LyxFKjh/DFVeC8InhpUBt/y9Q/+5w9mW5NDec8FWhsOB7aOzSq9tbVp39nq+hrxToyLrIbGRV2zX1luS31R5KpxKka6KOraVg2dIRRQmBJMVZFUlgvGg71MUdUZV1PjgraBbVgwy5hB5io5NSSeAbeEgWSWbO5AO3v+DSfsd14Ix0sgEAgEAoFAIBAIBAKBQCAQCAQCgUAguKhwK9IBXvDcq/LSbuSKfMPOK088k5ZXgph65ZlBkroJvWJGx2+oyJ1ITAJIYuFE1gI5IZ1HM1uMt0IsEGOiEkc8m/4x3UNbeoRJyAEU3Gd/SJ+jZbn4XxC9Y7S9ffswnX/paaKci4/4s5Dg5fc33cPqpolUEv6Fsmu3K/DR3SwyLSfGvYjAUUHUkcExn7kxMxsg+RFIiCDxsEVpkHkmSrjY3qQT5KvqlrLjAzB5LpAvZmYJMyctkOFqxiY8pZWYZl6GBpfG3zDJz6iDhE+2Q7Jjxib542UaVHJFV3zEC7479ltJA2qlvsSlU/AUMezDt7zugd/845tmlS2pxbDXRyzG42oynW1tb9myu7K2WpQ9V4O1p7EZ3YBSTCPKVdYr8qrSlf1fNxmqIssda9GYGk2lKbJa0TNOxMhM61lT1fa0zFaSTHlrRXQTpnR1tIjm9au6WLb/yOrAfmdKgUAgEAgEAoFAIBAIBAKBQCAQCAQCgUAguIhQmXPSHVtfycuSY+YA0yyIeuGCIXTlHxJuAQYKQ6sWseAOTHRQdnAgxsAKSzBPYDBLN+dO6RBcAJasn8c9Hd1GoTLzcVeYUpDEVQkBauai/oR4MOE/rZmwsus9zfzzcbCZ5Fn0MqWT9Lbh27M1Fo5zieD0mp1UJiLDxYczMkHCwxNDmI/COi7MSWpzkwlC2sxTStAg7vXo6OkmEMRj2jA2UfYGna7C3POqBRcz000MdARo5m9ozGKxwHgkP7R2AUCMaZYzVPwZSISkNkRPG6ko0WMQ0slBAvFRgCkIDggnjuqveuEj/+vTz0EoMsRhb4CqtIV/Mptubm1gptbyHKkZsEWdmD7GGyengKXyPO+VmmF329rQy4sCYaYb1HXlKmw2zHtN6XkndVXb6pxhDqqVRWIKlzFR+AoXZYNa7GBMbBvmbpYJ6UQgEAgEAoFAIBAIBAKBQCAQCAQCgUAguKjgleFH1oaYscpJR/WDhS4WV5x3PPFeicKzR0ygKESGSpBFMTE8TbjIDuyQwJ9omQfLiANpMroHMHkBloNTG1Oc/NARajGab2E9qejJJqZDrqEDfEwenyIT+CVMP6BNbeKRgZGwNIqEpztEqE6MGMrbLuUC5x+L0mviK2xVWUhEQPMu5rbouRc6LzHAQh4mZJTqJNL/CswvScOmhHKCScwagL0IPu0TYfKHv49nEfEWBsUTCIVqJ3Tzbv5lL+Ze/IW/XaQh47RXoKUZLb8JpuUpPG83DJAR0skBokI4CYIDxStu3f7U3XpjuzZY2BKc5/lwMNCoq6oZjUa2pg1WVrIs03PGiyyjUqpXlrayKAOz2Uw7a4EkgkIaQNooa0eyouoZbS3aFGZNrevGHqTyjGPrBI0kR3WkmkOGGJdzTsiWLa33Js8zEAgEAoFAIBAIBAKBQCAQCAQCgUAgEAgEFx3s3Rv2S1AuKgmHOWkJFqbDHUlPbGPMzPMlADp0EATT0jLAi5/wNT1xwLR8lB1TGEP7zDMGvCAJqBiTJeyH1G/Z4VWQtEbnOorDOxBHhLgmjeFIQBQ/xfhIOSbyFzj8D3TESTSRTrQBTz4xkSZC/AyXUgVLPKaRzBEJH/YOtTaRO8OsF63r9JwoSgLt8yE7bd2W8toB9jx63siKMKxj0lVnaf9tX3z7aIHsYhS2NIuwbwn1w3BAos6lu8AFHRLE+SA4HdEaPkT5HPEFCWCXYuOvnBKXAHbU1OkGAKLC4ElIJilwSRCfpNByiJBwUBKGyePSk072YI1dErQpCm95HylC/AqgBsGBolfCV916/599/GaEsoEaIS97+QD7iNNZNdvaMnmWZ8MVpPah5nBVREYjY+fkhoqisBuN/btu2HK4sG2NPUwr3diKOyhKF7DNbs2mk9lEz+xvCjIOvuWMqYuF5nhe4BRQMDYVlL6W1dZJdvwL9x1GTSAQCAQCgUAgEAgEAoFAIBAIBAKBQCAQXEAYDLodWdfZ78LszPnsE6oFn4PJdsezTzSIlg3ihTNCBJj0crwvsCeWRcXBjh5GVLBomRowH+gmHGoitQFDlBnoPEWtNRjduLgzTB1pnAfVhYxw6/m7tBoTRFqIChIuxlwdjkADfKI9FUxHZ0NjeMwOHF+lpelgm9d8a35oUkyB5JHaZ0RPmlDt340hioYJ2hvKU22Y3eGUT5aRRVp+gjYLxAQDNXh6hfIEFQgsGhIHCdewaNqEwhJG0hLuB1LQn+TFYPp6MVI6WIJF+TwwOL+Rxj8Cn4vtAf5aZkmaOIfbRDPzKpxmYrmFcAtkrpI/l++YMJGCyosonTDxbB4pL2m+Pu6AGeJpEFwAvPzW0R13jc5s5bZyuZhVSg16OSrQm7O6ajY3txGLolfaiqSctWrsv05yRKMhA5hhZgrMm6Ymy8eBuOx1SrA2w75pjSqz6OdFmZfQ4LSZOd5J7nh4KkNieLnyoFrana9jZFW058Bhx5pEm4DwNGCdVFU1Go3Obmw+9sSTk8nE5k9RFMePHb3i2JHhcGi3Lz0PTCAQCAQCgUAgEAgEAoFAIBAIBAKBQCB4anAMibBpEvaG1mHZuepGKIEQdiYoSiwQUqArS+E986DnpQrI4YhRYgOIwdG5CstgsEZKoFGk53syikkC9qBPEuLCAnndmAVRDeKLaOv0dF7TpjFN3VjUTUtEMIkeCCUkxlSB9tnaC7pwQkRTSDJ2J6ENzBRLrdBV0RNHkDkWlBk++5JoL4hKa0jS0DplQxwfikThz2gCCcJ4LYHw2HMZgUF1YrkL1Ht3m5AG3d0PS9y/Lq9Vd8/8EZByh+KtOOmddLgsSoRbuhGYFhPbvUfLPWk1cUwQ8kkKn//XtNwaPsBwYjgkiII25hFSnBDO+pixbSGX8Dq7o7U7exznGCeXP7vgaYk8x1uuO/mJu/pK5RpUZVRZFEpl0ORb2+PJaAqwubq+OlwZoC3yRMizRotYV5oNc4ZYqGxmrRLpPEHTgMqVvZytM9beYpZneZM50RRbNzbGOJpNdN2gyjR67Stbiyhij7dmmBiNpIrO4elRHmyjcvr06Q/8wZ89fupMRygKYdAr/5/f8nevvPJEnouhEAgEAoFAIBAIBAKBQCAQCAQCgUAgEDy9kfrCzE7+vY5r33oCg6CFmfPvz1+Z9UKMJ6HAAohXkdALQsCESLDwR83fqr1hCNSTpi7IpgTNCUcRcKwLCn7TuYB2y/IzlZEkirbezkZrd1g80sRLEukgkm0wqol0sydVXVELDJeFHPDxaDzFAkMAIM0aGkmUCZNobugQeYgzzKkEaMoi7LCDTAxP5AkWrCiylFMCc/l3cdA+3p5Homed+D/3n0j0Mjcwdy/WpgGfaQjBu21CcB1P31EtFwtjVKhYLk0bC4nJKf6WBPElHwwQnqrMie5fYcp1wB48w2CmONtQk5PwFPDca89+/K51o2tUqwoLxAyM6pWF3bFZjyajicryoiyDaWOCiJNF0aFWFEXR13o8m+mmIXGSGjOnmmUNa2acLErtzstWhysNoEaY1rOmbmzNyvIcPbuOaqbCYHFTtqLpSFv5n+Ove9mzSwpts2U8fvzJM4jRgpA5BjOZVvc/9PCxY0eFdCIQCAQCgUAgEAgEAoFAIBAIBAKBQCB4BiCoPpCySHd/+gf/2/X3m+TYBY5F/C35Xrj3HFWicy65/pMYPannLiQmMAQ6LASvmIIcn8FwhBqtaxf7JrmaQmVcDAjrcW3qqmoaJ3CinePUpJFgVPIc7X39A7fUlu7D4xKWzZIsMCH8DauZmPBEZllkEjN/J//kGHdTYnQa8oWzK+RYV9jj6YCl0SeeckgKzgzj+UhBJMZHRXJZpfnVGM0UE03ZqJ3SCYniAGm9eCaMoTeHhitBCLKD4ks+EDQA23C+MKqornw9lMfhGYzZE8Vjf4G6gvPCc67CtfVmMp41MFUNYJNnUIJS/f5AGxyNJpPxxP45HA7zMs8y1RDBzcXi0dCQnFOR53ZfQ8a1aSpdO+UoJ3aSZV5byP6vELKiGfRdZK6JGk+nTu8Emb+CxNdSnsNFx1vbTPwv07YQC8SxZX9eXrBPt7k1Cu0WsDmGQE87u7mlF+S/BAKBQCAQCAQCgUAgEAgEAoFAIBAIBIKnHTDhQuzmy1/+k3WiqTlSCO9P9gQBCK8SkZwcff/xRBPUJqANz5NclQQ7KIIJOev4MKaVmKhOASRhYt15xAAwgXfSgGlYwsS0D+R8ozaRurGHN/5CThWF9EPadHrGBlIwIHtt8PotiG3wmm4e+rTvhUg3aXPGmIUYQ2HLh5sgagOf2XRfoOnSShB2JAnNpwN2jLzzTAYrxIRS52Vm2rKkSHrHu4w5AogLLUKKM9qVfHdWE1UZMFNMGWKpBiGdHAjOPhUxi+bw7c9wxolFedw+Zn7qDjgvKAUveX726bua0WiUufJfIOSZNirLcDBAUOPpbLQ9sravrwZ5UZBQhw9t5i/hxE5yjaWtOrVj7dV1XVnLtKYomAAAEABJREFUmtujyY5mhqOYmaEqVJ84JhpnTdVUtcoNqjxKXEV5KaqZGrrKV3PEk6dIPDsQuPYi6GK5YENZNnfA5vYYEo2TsO2+x+Pp0gs2jVcSUwQQCAQCgUAgEAgEAoFAIBAIBAKBQCAQCC5zMC2E9TA6hINWtsHBRxIJsUT8pguhs4OERvRKmh0IK4BeusMkrBJt4sn8t9ZhfTgwI8TtSteHGzCBKOCVQLxAipc5CekyFMehpbPYS1jvaBq3xTr43E9a+xA6ME/A4EfCEFYiTUOanLBrXuEFlyud+OARLsF8LmUptiSUEMzIh9fxV1X0djjEBGJKGTELSY/xaDxVBnbCPrkyl3dQC4YJEXPaKEtzwZVMKIBRFkZ7XRyb54Ydwxhd646cRCQlhRpdMCaKzNS+KFe+4iuy/yshnRwAELfgKUAPr4VnAdxjni/pxOK6E9PP3KVnUyjywpiKAo0541/mBQ6HtsyPJtPt0TbaKrCCmOUkQ8LkO7a/hoPsNAYbe9oMGt001mzZP5zoiZOUKlwq7WGZQgWlC7u2PYPRrGHKBrH5tDfeWvuAWM4OkmFH5tmZpyxwdMBommY8Hj/2+BN//befuu7qK1/x4hesrq7afIgH1HW9sbWFbfA0SOSxzPZk4kWoQvNmM2M0Gn3xS/d95ov3vOqlt1191Yn19fVFIotAIBAIBAKBQCAQCAQCgUAgEAgEAoFAcJkhERcJK82NSakMEHyLQTtD+wgi/kdcxmMIeiLxMCclsuzmLEVCTk6gNd4pg8Ot+kaSGPGptFdprEtT+3gxiOT71CY8R+BdaBPXn/tEcsyUeFsHL2cSAqI4LkvkJZg2dA20oW44EJFJaBxdtJItkbBj5rNkLgMw6sAYE5k9UejFx5to9wQuBbYZ7LyznEzoagGEI+bJFrt4b/fl1V36IEuudYlcxCm1KIZaWgoMMY0oEymcB3Ga2jBM5O8OpcoepK0L2BYbV+iyEGIpFHCnjWJUKHVGSCcHgvOMGuOhVuHZgKf2mMcPq5e/5Ja77nri5MmpbpzuU5Y50Y7GNGVewGBgrdnmaLS9vaWKLCtMQXonFGAnRPeigDi5RZOrplZkgBv7u8KM+HEKsDAq046v4vhYPdIOysy0bogeaOuZJjUUZ6PtlW39USyTlXASIy4H7gkTRL7wxbv//COfmkxnDzz8+ANfefjvvv7Vx44e5fyp63pzc/PM2U3wQc7m9U62tsdOXSbLbLYppaqqOnv27N987NOfv+d++/vv//nfvOblL3reLc89fPiwPQAEAoFAIBAIBAKBQCAQCAQCgUAgEAgEgssVJPegW9oJkUrAL8BWXgUlqIyAC0gzL2vCPnaETtADCkGTECh8gBsTfJSRuUDkEB8sxxBDoKV7cKQb4g14HRYkaggf71JmXZjapLQCv0jecLgcv4u5KEp5yQtsVUT8n9CVwUjiDc3n1h50i1YsZn+8DEiYPnM3MJr/jIF+lkuemEQUpd2Vap2YKPZhdladucxxXhoHnIHpi1CY5Iv18xLLKDB2bMk2JkPnGifGCIk5BOWTeBkXO4SiL5lG67pp/ciOnqKoyvgEi5/4AIAwg6eCp2dxP2c8tcfMYHTN1VdUs2w2eXhrs1YwRVU4SRIsUWX2Y6AcTyezajbe3i4HA0WaP2B/cgGnbAuiuJaoDLJM2f9sLeFUVUbXCDk4sY7cXcgQASMzGZh+371bPZm5sGcmaFQZMtOt3pVrCJRZyjMx+7axB46mcdGIPvGpz/71xz/bsDQLwEOPPvnf/ueffMOrX/GcG66rqurJU6fvuveBhx59AgLjBLp6Jxtbo7/4m4/detMNJ45f0e/3nzh58s//5o4nTm/ww9aN/utPfG5aVbe/8PlHjhwRvROBQCAQCAQCgUAgEAgEAoFAIBAIBALB5QtHZUAfloU5EyaEbfF0CBIVCTQRTz2BQGPw69OdzxE7kXeUj/PiJTyMbppU9cNdqdExOA5FzEE+sD3IMB9Fe8YJq68EjgDHzGGKSkJwCaIVLFSRyJSYRWJH9G62ki4K9kEYwTntkCWHmHNbju/5MToyUNC0N/PPMX80pGo0QXODD458C9U969nhgg9IGCfpK0KIYXW8CzgyRUwIiWRMCF7k2FKOwORP8WWVFHfq2tApSFcwoXD6iwrp5CCANQguMHKsThxfy9Vg8+zoy9MniUWVO8Oua2dCsl5ZZv0ib5qqrmZMQ8zyHHNr4zIXKQc9nU8ZyPOsLIvaKVJVjdGV0/9R1hoV7kdDgXlcXempzNWywv5mtqvZzNYmbbLCkVlc7SLyViI6RUY8kQlhXCpjZpMxHo/vvOtL/+vjn3OMEx9uzaVzazT5vT/7m9uf/9xTZzYefvxUE0IFMXEz6p2wtJf99e77H77ryw+fOHrouquuuPPeB8fTWXqMbVY/+pm7bJa+8Pm3HD58WHgnAoFAIBAIBAKBQCAQCAQCgUAgEAgEgssUPlyLZ3wAhRhpQ9XQEfwPtl781pmvGU0T5CBI4cQ54hWCF4jgSDd+2XrLjtAseUKRcBo+UoeYOPGGmvRRPIMEmXSi4mJxE4LFMFkgaoJAG1UnXGkHDyXOLZjfnyNzf0vsz3UhfqDJdLPdtFSS9siWJMORifwBBj1dItJrwrvzGeG5LbtG2Lkcce4JNnOZEMk5vA+8Ag7TdjD84m8S2Sd0qFEmM4kLnAp8TXGe7I8Nlci2hPFV7ZeQTg4Cpn6WMaUuARRU1XQ0HPRue8GNTVXfc89jRdGfzcZa5xQ2R2V5ubY6cIook9FkvN00ddkf9ocrWYaNs08UE8egrRA5qn5Zuro1w0k1bZxgU8OkwcIRTZyQiTU/ypgSQeVFD9UgL8+OR9vTCSrlwuw4rSFFtTa155cRYc5W/4cfefRP/+aOyDgBbCls9mk/dee9wY5g59u0BibZA0+cPnvy9IZJ9gCTbNy/5sOfvLPf671oOBwMBiAQCAQCgUAgEAgEAoFAIBAIBAKBQCAQXH7QdRUUTZzoCYXW8YFdyME+z5wwkZKCzCppNAfI0XxCGlXHS5wY0kEBbAKtgnxr2sW7MUHOxPsY50kStD4+EDGcg8+0DIw2IBDtddQTzcyLEAZo/wgOTlzyy7nBx+o511MXb9xKnWQ7HcKKJpQfisPELDBOIscCQ54xe2Mxd1Q48lyf+CIhcEf243s2QVYgpZuk4IfV4ejWq52wopIQTC7zGhYycRloC65SKmuUU0DJXWAdQ3wpHQok3VdIJwcB1Od0uDpyc37dN6qVazBfsX8+i7z0138VOIrOtt5+uH7oj/Xpe87l5AZBI9ZHjw6e97xrqxqeeHw6I3KahkrrGWinX7KqnLJVsz2aTSf2nDwvs16uQLGlst+KqpStGr2iIFutJ41rUGqnmtI4I6/ynChaqE1uMIes7w7OrZVHrcd11SijCse2MEFKiyStfI1M4cmGlyLEjr3pZ+68Z1bVMbYWpzPVMoksuSBrEn5d0DtJzuJ2yB/jTRE1jp+9677bXvB8ePrjzJkzk8nkqquuAoFAIBAIBAKBQCAQCAQCgUAgEAgEAsEzCNPtMUeoIY0TljsxPngNJHSQ6PRjSRPtfWqs+0DBcSCV6WBdEh9Zh3knXunEh4Sxm1muWikUfwIG8Q7nmzTs7vcePX8D+ie4OZMgNsH/OO+cTJKkdiJUJHSX+f1Lce7aKPvBuRE+uiSMSHVgaGNEH2IeCzmiUJl5YZkd3oHxkZq85I7KMxd3ROfGxQ9xee0ChGjHPTFMkjISXsdcbHUKdex5vRf+IDyLgflKduh59jP9wi/rJ+/e/4lkoStbhI8fX7u1ufaJxz9HtrhEqE1TIwma9MoCYGjtzvZoXFfVZDzOVG4RdDtcfaJLQYaqLHq2ZsxmONZ1bWonZeUu4mx5jlmmEGtDlArTc/cZuFZivAlgj1RNXdsLtxJbTMEwS4gnl8TI2eQ89/prvnDP/eDjuoX2KbJJWnUTgFaUCz33L3BQYMmRTK/BSKxkDsq1Vx2/EMpUWwR4Cjh69GhZlvs58kMf+tDP/dzPnT59+pZbbvmN3/gNOEf8xV/8xc0333zdddct/vTAAw/scuK11167NCzReDw+e/YsnC8OHTokwjMCgUAgEAgEAoFAIBAIBAKBQCAQCAQR09EIiDsCxsU0AM0yIU7MwfNEEvWRwBExKeOhaZpwMYNR6MOo5BT3B5/h/idqi/O60YnESQlXo/+Y4YImDYUCIQ1psB/wa8JTLJEMiVfZ8ffoz+zEsNnh+J0YJ+frFES/oh/Sx0vZO3EPJoliR2dcLY+RdUP5oS6By/+iYP9xdoIwiU7eLc5JpRgwadwdExVqOrfgUzJyEyvS7IEgHkNxpOgXlWXaif40QaEGc31wojFq4V3O5cJSyYfFnNrnYQcCBNivDsUB3T+/9htBQLBZMTsn0onWRBuxpnh69IrBC190/V13P7Kx0ZBiVE4KUtbQ1708O7S6mkG2NZnquppMRtb1nuUFNxquEXHUE6d3koHuZ0Wdg5mamauFujZ6Vjf2pzIzBWZF7vgptu5oxELhur1Ogae2N0f1zCgDde31TVBxpbdpwzTs1aWDbRxvfu4Ntz348OfvcXSHBXUTs8seMEv0Trp75vVOrj5+5Ktects+uR3nhN/6rd/6pV/6JXgKeM973vPSl750P0d+3dd9HXcUvvSlL33uc5970YteBPvG//yf//Onf/qnV1dX3/3ud7/qVa+a+/Xbv/3ba1tadsAf/uEfXnHFFYv7P/jBD/6rf/Wv4Hzxz//5P3/rW98KAoFAIBAIBAKBQCAQCAQCgUAgEAgEAoKeTYlaookxkgUeg26SY1LahuloQpCz0bSMDqM92QGh4SP8uabj2k71OcApTiBF4DFZWPsdD+bAOdDesT09Paw9YNHP3fopDeykJWLiv7pDSjgX1oDZ8b47IqTfK7ekwi3tZZrOGUs2gvpGm6kmasNEfRomSSgVeS3Js1EyOKbSvh54vyyFZVcz8xyhJNBPG0olESAxczdFrU2qJrAseQqWKMEsibeEifhNSzxKC2pIBJOpXB3hy9AbMxweKmQoZsotqg9nn1N8p2cmcK/PwUINrwYB4ZyzggSpwNSATZbVx0+sX3f98UOHepmq89xWy8r+RMHNnN7JysrK6sqqPWE2nYxGo7pqXf6eOWgcb8TWjkxjiXmhcjToWCcaGm0q3djNylA0N/TERltvhkXv8HBlqIqiQVUbqO0RjgVpIIR8S1sfr891CWCfcTgcft1Xv/TEsUOJQklilUxnz+pwcNN1V73shTe/+uW3vfaVL37Zbbfc8pxr7U5stUziWfFqXu9kZdh73de8bG1tbalcx9MItsx893d/N2//zu/8zv5PrKrqN3/zN7XWGxsbP/qjP/r+978fDhRKkVxPntuN/e8RCAQCgUAgEAgEAoFAIBAIBAKBQCC4+LjjjjvuvfdeOEfYUz7xiU/ABYZTbk4yzsEAABAASURBVPB+c97wcXW86gl9TPKxf1o/YedD/nX/QciI/kCCJclnGT8AE2RKZY4RgRdIduFgcXBO8yC/ET5wnh+CiWyNC+TVvyxwjiWE80Ht87gdSBHxIsg0KMc68bmNpOOj/K+OxYL8edaH17nowHwIAsK5ZkUrN+XCRuHRoyt1DePRbDTabGxRztcqrcEUTg/F8U56BrJGm8l0MptOFWQlDLJCxcBpFGLKVYtMYZEVjsRooGoaRyMhzpjTN3H8LOaxOB6ZvX+RqdVioIawPZmMq8lU69rR0JStScYxM3QbmAaIlHHp7Fue50eOHPm7X/+qD/zBn4+nFSR6JzEmjv0+dmjta176wmuvuWo4HBZFEU+v63o0Gj30lUfu+Pzdjz15dkHvxGuc5Hn2+q956Ynjxy804+S66667+uoOS+nkyZP33Xef3Th+/PiNN944d/ydd965ubm59FIbGxvf+73fu/Snqqp443d/93f/9m//dukxL3vZy975zneme2y+/ft//+//5b/8lx/60Ie01u9+97vtdb7jO75j7sRer/fmN785/vlnf/Znp0+fhn3AXvlNb3oTkJ7Ku971Lrthb2eTYTc++clPvv3tb7cb/+Jf/Iu3vOUtduMP/uAP3vGOd4BAIBAIBAKBQCAQCAQCgUAgEAgEAsFFxx133PGnf/qnSinrE3n+85+/z7Puuuuu3/u937NOFut+evnLXw4XEom+hYuL0MbTWcZaYHbKTv4+crrhUxTMeFrwTp6mWAxP83TJ7a5yyd64cM+VaCxEGZV0299XSCeCpw2UAk20E+V4IDrLzbFj/bo+NpvNHn1ss2m0UivaKVnZRiHLcuzlWTMcGK3Hk8lkPLZGpe8CTRWgiN+l6UBt64DSym7mKkOTwXg2dXIntYHcoHLx3DKSDnI0Re2O70NeZoN+L9/GfKuejpqqIgUWyChmj9qvFtOFhjUuZVlecezYi2+96aOf/mJQKAGu/6xc8qJbnvM1L7/90KFDvV5vjk1ZFIXdubKyct21V9/x2Ts/8bm7W72T5Pu511557TVXDwaDCy2w8da3vvX7vu/70j2RgfG6173up37qp+aO/6Ef+qGPfexjSy9luywPPvgg7Iq6rnc65tprr13c2e/33/3ud9uffu3Xfs3++Yu/+Iuvf/3rmSXjSod2KjhHjhxJ02n7T/skndgHsUXYbnz605/mPX/5l3/JhJuYyI9//OPMmPnsZz8LAoFAIBAIBAKBQCAQCAQCgUAgEAgElwLW62R9RtYz8nu/93v2z/3wTiLjxJ5oT4cLCt1w7BXy5lnflo/msqg5gq1HfWcXWFiEvn/X4GXFgfBuw11hAC5PnsY+aRlzhy3SUC5nXB6pxRAlyLCH2W935VEOknRinqmyNYLLBMaw0IazDLaSNc2gX1x9zaqBq+rmKw995XRWKPpJ2Z80VIiqRGzK0vr8J7Oqnk4qUGU/QxcrjRR/tLtmjorrq1IZZC7kzqSe1bqp7TVcA+MkgXInZaJyiibjaChGIRRZ6QKaZM10q5nNtFPj8q1K0gpdWvqJbZ7rur7/4cdYpwSixgnpnbzshTd97Ve9lMPiLBosJ+2VZYPBoCzLV7/yZWVRfOSTX2ANl6h3Yq/58BOn7C0uE57NJceP/MiP2Kx43/ve93M/93NRl+WRRx5h0slStsp+8DuEdM+v//qvzx3zPwggEAgEAoFAIBAIBAKBQCAQCAQCgUBw6XDTTTe9+c1vZhLJfngnKePEnmhPhwsPtzLdsLfLpISEOV93CG2wuxfMJFIQu0Mc6ZcFmMkhzs39gnLKVxIzV4bbPDxQpRO81D52wTMaaFzUG7L+QHon1hzoIstvfM7x0Xh6+vTWrJ4aU+ZKN/a/yqDKc5UNe2WOCmE0rZuqmpRlCVjYdosi7Lj2xEWFsfVEudqiMS9zx2nU9awBU2vmvjXaKO1kVjCnAGMZRd/JQQ2KvrH3mxoXl6XR9lpOPiU2Sen3pUDTNA8/8tjjT54F8CzEoFACL3judV/7VS9ltikf/IUnpp98dPKlU7PGwPOuKG8/0Xvpib7dn2XZysrKK192+3gy+/QX7/FXAH5MHE2md95931e/Yk1R5Dl4WuHWW2993/vet8+DP/7xj//gD/7gnof96I/+6Jve9KZbbrkl7nn/+9/PGy94wQuWnhJj+szhuc997rd+67cu/cn2wD7zmc8AddRe/OIX73Q6CAQCgUAgEAgEAoFAIBAIBAKBQCAQXFwwy2Q/vJM5xsn+w/E8VXhnY0MqJt6lTkQEDd4VOX/03lfc20smpJNLiVTy5PJnnFwmiiw+04C1IRYZJxdI6SR5PzupCC3mzuJLXXrMfg4TPMNhNAW68UobVC4ao3VZ1DfdeJVusk/ccW9eDKbTqfXiq6zfVI3K8izLy1yt9PpKVZOq3t7eHg5X8qIAF44Hwf3v2xHr+W80lCrTWaHtdRsfNodUUTQQ4ZGoKk5ABTNSPUHoqwLKgf1tPJtWThfFGBIZsh9UF9UicB1pmoa/Z7PZeDy+8577U3UT1js5tDp49Stfsra2xoyTcWX+zw+f/LM7N+2DZrmTgfn0VyYfUPDKG4c/+sqjq4Vj+gyHw6/9qhd/5dHHT53dCpfxeif3PfTwzTdet76+XpYlX5Aj9RxswJ277777gx/8YLonxpF58MEH536yOHXqFOyFc3o1+z84ZZz87u/+7nvf+15wOjrq27/929PDDh8+zBv/9t/+21e/+tX2+rYvdfvtt9s99t19/vOftxtvetOblt7CHsCkk5e+9KVvfOMblx5jy8MnP/nJ2267zRGtBAKBQCAQCAQCgUAgEAgEAoFAIBAILhb2wzu5JIwT9qY59yBAdD6zJzoVPIkcErMPB5FzD3adYvv3Dz69or1cVjinfNtnLJ7LByGpFz7Bu/pzOQCTE2+wvvJd03KgSicJJNSO4MBBgaEMGXlH6tDGkLqGaerJYDB83i3XbW9XX/7yk7PpZpYdUu6wXGvM0ClwmIIFTXA8qyeTUWn6eVEYH7NNZ1kGCrUTPjG5Uj3Ma9CN1rVp0GigwDmaA+c4GkrTGJOZjLU9Cnv9rFQFFCob66rSTW1PVa4K6MbRUszF0v+pqmpjY+P0mbMbW6MzG5unz9h/RydPbbAqibdN9P2KFz2fo+rY7c88Ov5Xf/TY2e1a2ZxSlMHKKUpZ8/GJB8c/duqxH/7qw6840benr6ysfM3LbvvgX340BG/jCDtw8vTmh/7qo4dWVw6trx1eX10Z9tfXVtfX14fDIRwcPkhY+tPfEuAS4Wd+5mc2NzfTPa973eu++Zu/+cEHH/zFX/zFP//zP+ed3/M93zMXXuebvumb/vqv/9pu/DnBbnzXd30Xk06efPLJt7/97bAP/DfCLgf8j//xP2KgH4FAIBAIBAKBQCAQCAQCgUAgEAgEgouD3Xknl0rjJHHaYUI7afVNeBk3PLXwHsIjuTwhIhfnB3Z2755TF4p0Aii8E8EFgOGSxVoajndiN5umQjPt9/Obb7pyc2NjPBoZM3JiWCYzxBfBLCsUQpmDwlrrqp45m6KAWRccFSZD1GAKJ/PhaCIFQENRqXSI6WVI66RxSlv22yhdZ6Byx9NA952XeZbnuprUs2lDoXlAky7KxasG29vb/+V3/mhja0QPlKibQKtKYvesDvs33nBtr9fjn/7sS1tnNmtWkDEmjcLjQhhtjpsPfXn0Coqzk+f5dddctboy2BpNwLTXt8958szmydMbiI/ynl6Zf/P/9pobbjhI0slli7/6q7+aU1W58sor7fdgMLjzzjt5z1ve8pYf/uEfnjvxDYQPf/jDk8lk7iebh4cOHYKdsbGxwcVyfX199+ZQGkuBQCAQCAQCgUAgEAgEAoFAIBAIBJcEO/FOLllUHfBuO+Ye0Er3HYRGxLsiEDACBWt3GtYFI50IBAcOV5Y1eo0f0uQgXojjfaimqjePHO6/4AXXZBk++sikaaZNU4AptWl0bSDPFaqiyEtHVJlMZ1M9Mv3BIC9QqYy4jKAAi1yZxuTalACNPQFUbbTTLHGxdUhchf41zHzRjpHiIvggOsYJmAyyMsvHTT6aTY2prcO/4Qg9FwXbo/Hm9hhb1kirR+KD0RE186rjR9fX15lwsznVv/+pM+F45pEYBax0wnvUJx6aPHp7fdUwd2ySXu/qK47eff/D4Zp0/URJhfdMZ/WZsxs3wEHijW9849d//dene+64447f+q3fshtf/dVf/da3vnXu+Pe85z333nvv7td87LHHfuEXfgH2h8cffxzOBVdcccW/+3f/7sd+7Md+4Ad+4Fu+5VsWD1hZWfn5n//5yWTyhS98oa5ru+eqq67in+zGn/zJn+x0ZXvw6173uqqqjh49+kd/9EcgEAgEAoFAIBAIBAKBQCAQCAQCgUBwWWKRdxL/vASMkxg2h79cYBEvcELBEYLeiTmPNb0aznsZsBBcBE9/XFjSiZchAoHgQGA8lYoIEdrY1ijTBrRu0Cjl4qXNrr5qzRiopl954okxgkboKzCN0aapwQmdZGWeNbqoGlPVFUyxB1D0MgxXVcbk9jSlellpd840Zk1dG8cuaSgQDxVp22jYDac0oZH1TKiQa1PYxinLfTtUm5ljqWh9scLrzGYVcvyh8E+id8Lpdnonx44cKoqCE/m3D46axqhMEZcTKbSO/6ZLIkeS+/QTs6ue42xFWZZXnrjiSw88EiLMLVw/KKBMZhUcKJ73vOe98Y1vTPdUVcWkk+uvv37uJ4vf/u3f3pN0cvr06fe+973w1PDrv/7rtmMEFOXnZ37mZ9Kfbrrppn/2z/6ZTWcMsrMT1tfXX/GKVyz96Sd/8ic/8pGPpHvs7ew17caZM2e+4Ru+YfGUV73qVe9+97tBIBAIBAKBQPCsQQ31FCYN2GFPA+YiDUAEgqcKxByyDLIe9HNZEyUQCAQCgUAgEDxzscg7uVSME4C5EAU491P6FY+ZI5MshmgB1Jhcik8w+x6eB6ebQHB5Ii3JOxbUCzyqR4BnzHyX2e0X5GhGSeCvnQ7WugFBwG6lI9piJD5E5yTPcXCyHCojq20bJ3vGzP519VWHTj159tSp03ZbV0OEHFFpR05RoFSeqV6ZgepNptPpbGyvkZeFUgVydBltzTqUmUIXdqdQDcyMdgQXyJSB2vFHtLs50uHQOMYJkvAJpTYj4orKld1qUNfVLEMfD+giYDqbtdTLeb0TJuq470GvjKd87MHtJEu90gkqVjpRMas/8ejk7z5nyBc8vL6aXLm9PnSi+djEHDDp5ADBsiIHhShPcuzYscVff/Znf/axxx6DvXD77bf/2q/92tKfRqPRxsbG0p9sn2zpT/YUEAgEAoFAIBA8azCC0cSMQSB42sEJhNZEmZr2cTCEZ0WEVoFAIBAIBAKB4NmJlHcCLojBpWGcgHfxscvM+f8gcUjaXe1K8kAEQRcIAZdepoVhfRTnJ1PsGMTzcuIMAAAQAElEQVR5eks40t9oN+xT1GF396OQWAQHCNy7UB4w6WT+VgvFfT+srn0yvxYPu0AsMOR4KnslxSTUN6N3DKnS1DMQBDTNjhmF0eKbUJSRstVQfB2nzKGMy+mGSBI1nZFpF9RG33LribVD+Z1f+MpjD2/R2Zhnw8pF2TEqzwqVYaac/Z+aRlfT6XRltefoJuD0UuwlvewJ3QLRSZ809id79SKbNbVxmirYaM2iW1VjjG4yVFmmak6owhKLIRFA7PGzi0gzYi0TjPwP1h1J9Ui6labySYu6Jl7jBP2hPpTRqGpPy1w0I6+nYiBG4Wn1Ti5/rtmjjz7KG7fccssP/dAPwTni6NGjcCnwG7/xGzbBuxxw//33f+u3fisIBAKBQCAQCJ5N2IAztYkjDiOzSoKnG3yhnZhxjbN1OAwCgUAgEAgEAoFAcCHRHw6ji9lo699C7Ry9fo82HOGAPGXs99IUF0D7hdccFCEsx/brvR1bBRvao3z4HmjcKnaiqyjnT6R7eL6L9zqTK9JE3zKEnbA/GL96HBLHXLuxzyXx+/HJs1vwYHA+F8KlFIB9pXwfmTB3xFKywVLqwn5pCV3VnIStZHyEj/lrG1ThYAdNHtgMgiIOF8+Dm/5B3DuTEMze9ztI0ol65k5v7f7qnM6G9jonzDbZpfo1lSxBa7ET5wTRW22yw441QkImJq2KJMXh7YXhMDeoHQ0kx5UiO3K0vOJ4b2urmozHCsqqdt8Gelpjnmd0OccmmU7rejodq62i6DMNkaLMmIwSYW+bK0XvVCvE2u5H1ZAKCt/QhdfRutE6V1lOqXRpNI6VkmfFAFXWVAVcJNJJrywN2zifT8w46eqdII4nLe3peSd6f/55mFM6URxVx+9xmfy8owUf3zTN2c2tcDXj1VNSvZOwp8gPxrbowN/64z/+4y9/+cvpTw899BBvfOxjH3vXu941d+LcwSkeeeQR3rjxxhvf8IY3wIXEd3/3dz/wwAO/+Zu/abdvu+22r//6r09/ve+++z74wQ/ajSuuuGLPS73zne8cDAa7HDCZTEAgEAgEAoFA8GzCCEYJ4wSEcSJ4GoILrRuM28I8wpHonQgEAoFAIBAIBM9I3HXXXSxzwgyMGGfn4oud9AbDdtm7ZucZuRppnybvXzw4UEyi35eUCuxOMy9IUDdukbrzEirPRFHMVSFnonfCueX0fIb3KysVvGscVGG/jBHvqkzmARY3DmyOoOOevQTA5Psi3jV5ZvMUSDdpuk27Y3fhkD1FbA42Nw7mahI09wBgDZAmFhxRKEhZY+fCV00l8kWLut5d6cQ0DWYq2LJMO50rz6OImdxyApUTIHE23p5yaG31+uuvmk7OPvLItn0vWa7G0xlgbk27ctQRpcrMiXY049F4Mq5nsNJkZekYiI5mgRzSx/0FKstsg6B8glRGWihA3BLWYTGVbhq7UxWOn2IP1NSkoCoKm+JGBb2QC41er2SBkqhuAkv0TszZza3ZbJbnuf3zBcd7nIf8zUonUe+ES7I77KiPyFPX9clTZyBek+/lFcZMsg298mBsy8mTJ3njTsLSYx4gwL7x8MMP88bSgDgHi+/4ju+w35/4xCe+9KUvPfjgg//wH/7DtbU1/snm1f/xf/wf6WG74/7778+ybJcD9M4CSwKBQCAQCASCZx4aqCWqjuCZAj/DZYt0D8tMpqoEAoFAIBAIBIJnFlLGyZvf/GYIcXYuCe+k6BXIIXaQqBtBeYBdjaRH4skfPmJOCkNaJ0xMMf5wFivJm6auaiKsKLdwnYM3WNex1y0I4Xf4OoFi4jkofim44rQYHwNohwdIqCmCZyielq9WRvIHgEabpnEeX+a0mV35TmqyCYKAqtkxq5xSjxMZcmbZNkLkbG+MYrqDAt4BzA4MclS6MSR9UjeQ5fmxY2t1k9fN7PHHNwtlN7BqZspeonEvKVdQFIUaGtR6czSajWxlGBa9YYZOAIupiIqToH3lVrbNcAwSdxsDqmYKDKraNiHaKZ5kmQvb4xooIjPaXzPILhLlBGBlOFhfHW5ujcGTLgMhp6N3go888eR4PB4MBnb79qsGt9+48vkHR1HpBIhyQs0bq3Lh1YfyV5zoA3EaJpPJI48/6bksgRiUbPvvssiPHT0YVeQoZ3KAuJikE8b3fu/3vuMd79jc3HzPe97z4z/+47zzAx/4wGc+8xkgBZRXvvKVe17k137t13YPr/PAAw+87W1vA4FAIBAIBALBswMTEKE7wTMQtmCvwCoIBAKBQCAQCASCZwrmGCeRYnKpeCeIWSreb9jpRRQU7Zdlx5/Ra054j5n/KSMFlBCFhw51QTGs+7CxTk3rxLQeQ+PCJLhYPc5/qGvPYGn8lWmvPaCJcQrI3RaSGNRV/LW7rlSMX3s96BLBDLPsKMHFAxWUHX/ySiim81bm3hDurpFyCSGkkwOAtSHOjLDkieEgMDu+63omSictSJhkOUgzw9l2pZA0ZIg74Y5XoDRXOBOsuXLr/AyHhrEnaMcCqYscT5zoV9Xh8Xh05sxGmR9u6lqBY4ygNfcuxA4OijxfHSijt6bVbDSy7y7vDVFlwWa7RsYmIPOcRVSOR6IogJsTRGkoAJDKXavREOMoI1ugWGmqselR5mLV+9XV1f/9rX/vzNmNJ0+dOXnq9Gg83dwenTyzUdc6VUDZHk/vf/Ar6+vrZVkqhJ/5e1f/0G89ePJsxUonkLBJ7MMNe+r/83XHmDhTVdUjjz5+emM7RuqJwcOOH11fGfSHg97h9bUrjh4+tL4W9TyeIr7yla/wxi/90i+96EUvSn/64Ac/+K//9b+2G295y1v+yT/5J3Mn/uN//I/vuOOOpdeMpJObb74ZLhjG4/FkMjly5Ijd/qZv+qb/8B/+wwMPPPDe9773hS984Rvf+MaPfvSjP//zP89Hfv/3f/9+LvhTP/VTvV5vlwNmsxkIBAKBQCAQCJ41aKAGgeAZh+ZiBagVCAQCgUAgEAgEFwE7MU5445LwTpomDDpCUAVPJmlj2pjgIQwePu15KeRGU+zxj4uxaf26W42ucuU1VMhl2TS1i6Pj6CW11ytwLkP0PJRq1ug63JIUVJwvUkOMRuCJKp14LCHSDM7pnJgF4ZOnEhFGcNGxM8/EzP2Nl63CjZBODgDaOPLEocOFzU4TdC1S/li6XQwfDBbCCH+surLY/QC01rXGs2dmLl6NaVz4G2iQmB5O8sRLUTnzrYjq19h2y+1Eg5n9syizY1esPOfGK0efe9Sa716hqqoCkwHmTq7EaZOgi7KzugJqtD1rZpOJBlWUfcN6Wo5u4rRR7E6OueYoKMaxFIn9SKQze2PIqob5Ro128YBMzpInroGqL9pbzvP80KFDa2trV191ZV27Bmw6nf7pX3/0vq88BqkSiYGPf/auG6675siRI/aU1VL9x394w//5Nyf/+PMbzCNRHFUH8KXX9n/8a46uFu5E2/5tb29/4rNfjPTPSK46dnj1m173NSsrK5yGonDvdPdAMPuEvSmTTuxlX/7yl89RLvr9Pm+UZbnIcdklAY888ghvvOQlL4ELgzNnzvz4j//4W97ylm/7tm8DSv+/+Tf/5vu+7/vG4/E73/nOJ5544pd/+ZddUQR461vf+nf+zt/ZzzVtsiW8jkAgEAgEAoEgogbp/gmegRDSiUAgEAgEAoFA8IzBTowTxqXinTRdZ0oIVgNuDTwTRiAwPNA7Ax1VRHkHsHNQJm5/VN795ogj1oXotQmMp6Io8kKGoAjWlUh7nUMnyzMniOKpIZrR1I1z0PmgO3xzL23BsQpCmkWg5BmB9i0+ExhCQjo5AGht1o/nZmjSSq532J6d/Muw7WQnutueicLb+/vmc9Ltp9X3YG6Pz5O4zbmxXpZbJyvH9tAmU5nRDREJ+Wd3oP3FAMdHQ3K907lOa6RZGRTPvfFqU/XuvvvkaHvLGXptjCqUO5Ji9WDey3trwyGo2WhaVZOJaUze72W5aoyLjqOJ64i5snNf9lzX6lAQpYxCrjXUwORYNKBrR0wB0lLRmSJuDJEW4WLBPkxG6PV6NoVlWd78nGvv+8pjzDXhBslun90affSOz77qFS8+fPhwnudlhv/otcffeOv6Jx8d33Oqsg3aLcd6L76y99ITntXBjJNPfe6LJ89sQaJxwts3XHPl+vp6v98/cHLdI488Utdu+ebznve83UU+9o/77rvvy1/+st247rrrWIbkwPH444+//e1vt3c5ceIEk06AVFV++qd/+id+4ifsE/3CL/wC77z99tv/6T/9p/u87K/+6q9KeB2BQCAQCAQCQQtZtCR4JsIYI7OnAoFAIBAIBALBMwC7M04Yl4R30h1MB36Hodg6FOQm0DvI/2hYgcT+oVn9hFeoh0uFCDvOP2cdipFDj8Q78QyUuM/5G/kqWVZkuXHr2TWPgNyqdhdQQ4OLrWB0iM6Tu7XwpqlruyMSWdDHi8A2DeTL451t8sLTdvZwWkBwmcDsyDiZ1zgBivxx+UJIJweAtSOOcQLdN7+PbbOw7dkX6Pdg9ztyMvx2vFpknEBXQeW8t80+9gczfLDbkT4Yt4lUMjBrR4pTT06tIe31+1meU1A0ZyMdz0Sz6pUz/n4PNwQG3JG16Zf5c264spqp6fTh2WxCVMLakFyK0aq2JhuzsshXiLExrnTVVM3UlNizLcRMOx6Jtem1vUuOTUOtDhlvMFHuil+Ya0HsnsY1BI6colWTqexSGW7HpsnzG2+47ujn7j59dquNCkcp/cI9Dx5ZX3n+LTcx78Tuve14z34Wr8OMky/efc9nvngfQKKYQtlc5Nnzb7qhLMsLIef0u7/7u7xxgJIk733ve3nj1a9+NVwY/Mmf/Alv3Hvvven+F77whTfeeCNTXhg/8RM/YbMO9oef/MmflPA6AoFAIBAIBAKBQCAQCAQCgUAgEAguc+yHccK4+LwT7aghrY/V0T7mgfN/GPZaMuHDKZqwn4xZHYZJJ2gS8gBRP/ioQHIhARMVWCJEQbG5gxlfyWT2P3Y3EgPGUU9ckAX3d+O266oioRR/0zmvXKqFb3yoAhOf0nSfrLtLcAmx52vYgWKwb1zMYDxCOjkAmME8KQ6723McDlii7fEUv3fkhTx9vvd4Rt03o60tZpwop09lT1GhQeAvr3gViSyOb9jwZrO2tnbDDccnk8k99zzS6AqxVFDW2hrwTBvVNE46pbC2vSyyDCaz2bSaVZMm7/XzTJGsibHtiDXm3JrYPZQGo3RmLXkOJHBi05PljkaYOQUsxz90dEej8JJZbpsDZVlef/XxMxvbhrgm3A5xc/PhT31xezx96YtutZljD1sM3eJCytX11tbWZ79w9yfvvMc+Erd8/qUQRfPKY4c5ns6BYzQa/eZv/iZvv/jFL4ZzxAMPPLC48+TJk7//+7/P29/8zd8MB4qPfexj6Z8ve9nL3v3ud/P2mTNnfvVXf/W//bf/NscL+cEf/MHv/M7vuHdODAAAEABJREFU/J7v+R4OTrQ7Tp06JeF1BAKBQCAQCAQCgUAgEAgEAoFAIBBczrj33nv3yThhzPFO8jy/6aab4IIBU09/V2kx0kGWnONXyvO2mXP4OupKEygoXvkkxNgJdzDIHl3jeSNEO6Hj/a2J0kI8EYUqA5Mb02i+pvU6qqwwJIbiWDKOV6Ktc9OnR3OEBr9qHj0hxt987mk8B6bdK66lS4SE+2OWlrqnG4R0chDoitksko5wt/1m2TfCgsbJrt/+ambZHef2X1DuCOxjPyz/Nsu+2wg7mKF1uh85csT63e1T22+NjaMAMueP/kGveMI0HAqCA44iCE7sanroUH7zLVedOfvk6TPTqm4yVNpg48gkyhntusHMXk/1bK3oFQrMxB6Es3zQA2WribY23DFJGm4iFGoX0ce9eVTMcMyI4thACPLDLBjtmCpwKWCbl+l0+vAjj37x3geBiwpxTYLlck3Pp7/45Ycff/KlL7j52muuGg6HNldtW26PsQ1VVVWz2ezhRx674/N3nTy9CVElxecu5TPiw4+feujhR1dWVgaDwcHS5T7wgQ9sbrr7XnHFFW94wxv2PL6u61/6pV+yybCJ+fznP//444/z/kOHDsVj/ut//a/2uezGLbfcctttt8GBghm4jO/6ru/6kR/5EZufn/jEJ/7gD/7ggx/84Gg04p+KovjWb/3Wv/3bv73nnnsmk8l73vOe97///W9729v+wT/4B1dfffUu1//lX/5lCa8jEAgEAoFAIBAIBAKBQCAQCAQCgeByxtmzZ/fPOGGkvBN7OlxQsBMyKpgkDly/8trAoqjEnAuMT6PgOzpwWAK5JEibmI4eCVqXpj/Wu3adO9EtcU/OUhk5G41nrWCWkyPUnqizvGDhEzrUCZ9gVTk1FHcb4z3K7fWj3klKsUnX8icpFlwCmO6bWfx97uV0ShdelhQVIZ0cBMKbTa3QPrZZwyPdPiddk2eYxsleeidozm5sKI+MY5bplh7IxD1kioqLnON5YfYvraA2MCnL8sTx4QteeO099z722GPb1hAXWaENaub+ae0UVIDFTGClV9h/t2ezKULe72cqR9AUas1dWYPSZMEVNwruPHevmu5YOVkU5aK/WfMOS4W5Lga4Yf7Lj35qVtVR3cREMpPfA0+e2fyzj3xq0P/C8SOH1lZXjhxaz7Ls1JmzG5tb9qet0TjyS0yrkgKBv+Js20c+deexo4evufpqDtNzUHj/+9/PGz/wAz/Q7/f3PN7e/aMf/ehdd92V7jxy5Mh1113H2+Px+Ld+67d4+zu+4zvgoPH617/+v//3/766uvqud73rDW94w/ve977/8l/+y6OPPpoe8w3f8A0/9mM/du2119Z1/Z/+03/6lV/5lel0eubMmf/4H//jr/7qr7761a/+2Z/9WXsFu/9//a//xafcd999vPGOd7xj93ywl+KNT33qU9///d/P2695zWve/va3g0AgEAgEAoFAIBAIBAKBQCAQCAQCwYXHy1/+cqAlweckWPL85z/fOnqsx4RPv3AIsvGJ235+c0+PPi1G98omzssI2OEBkDcNIXjW+BS3mL1lDBjWHHFBFdinST81dW19oF5+BZF+oiA9mQN7hZlSUvSso6nSdcMJsE5P+mhPQ9F8oyXEhphMY0BweQN32J7jM10uENLJQQLPbdssbO+kcdJuR85Kdxue+vY+v+Hgt83CtueaQFfv5ND6+mQ63XJBdgb2zyJHLzTiMkOlj9XewsU3s6c3TqoENWbN9Tccz7Ke1o889tgYoJcp1WjVkO6UbmpHOHEm3H5n/VLVgKNa19MqK8BZ8yIDqGZNw4FznDAWi10Zxz6h8Ggu9o6BrNKalUUMXBqbbc2Nzai/+dinz2xuR04khMYo8EjoUOKRjCezBx55AuBkm4e+RQtnmc5Znr9Cf8yq+i8//Mk3fcPQdiAOkHfyzne+8x/9o39kr/n3//7fX3qAfSNMwojxfb72a782JZ0cPnz4Xe96V0ySzZNbb731Yx/72C233HLgsXUsvv3bv/3zn//8z/3czzHN5ZprromME5uG17zmNd/5nd/5ile8Iu75/u///m/6pm/6lV/5lT/8wz+0XQObvF6vt7q6an996KGHPvOZz8xd/+6774b9wb76ePpznvMcEAgEAoFAIBAIBAKBQCAQCAQCgUAguFg4P+LIBY2qE5GQLjzDxKT7F3z5GI7mFd0UE4dC1yBqH85mUbaCjkTouoj9Icx6oZ+VppXx1tXo/It8gLs6u+qsN1JrpRXdzF+AAuZYp6jKVJGVUJIntKGvuna8E3tFIp+4c+lPTWvj+RLadJ7L7INfI7jQCB5t+mdfpCdMPOGXEfDMb78TDgjqUpfMS0XqMSc+klbL3bf30PM4Z72TZ8z33k/9+BdvOXnyZNM0h9YtDhe9PnP7UGWNseY1bxxzLyOzqZhpwdwQZ/fBKGV/KkD1J2N84P7Td9316OaGPWQ4rrNKq7q2r6howB5VOIkqa+gBq0ZPK1019mTHccA8s9vjuqoc68QRT5xCCvHJKJSPacAxZGrjyIT221p37QIDqff/X05q4pqrr4CLhbqu7/j05/7iI59q2SGtTsniHnfKvJZJfCkJEzPu4eBykFzt1ude97qv/arBYAAHh3vvvfeRRx55zWtes8/jbfG45557ePvo0aM33HBDr9dLD5jNZu94xzve9ra3vepVr4ILAJvtKe3mJ3/yJx966KE3v/nNf+/v/b3Dhw/vdNajjz76vve970Mf+tCv//qvnzhxwu7567/+6/ggTxE333zza1/7WhAIBAKBQCAQPONwyjwJAsEzEUfxGAgEAoFAIBAIBALBQePhR07a71d+2z8NOzA6caMoCDkV1cKpLsgCOdDA/0rHsdufAtm4sAcmeD1DCIEsMFb8rey5pGgS+QXY/pYcw8vF+TC/+h07PAPn8FTeK06iJgja6Zuw8IrjoTgyi5lNp01VV84DGoQxws0xyQLy9rmrAjTk/TP+yJAj0DljFxwUDQLntskROXcHPChWQOc64c1hIA0ZztKDAqasJtPu7NJ/wiHpW1KdS+CyxC+94UXkTgjp5ABgTnwEDgC7sDJ2vXtyxO7bF/k7faoDyY3pIy87ffr0mTNnZrPZ6tqhI0eOlb2ei7Vj3fyoNAW6Ma4YsthURnadNGS8JgmS6kmJ2B+P1H33PvHA/Sc3zlQN9me6mE6h1vm0ccQUlTveCTrRqkxrVU3raVPbXwxmWqlJo6dN06DWtm1w7Atrux1/w1D0NduuOO6LNe+ga6Mn1VQDfuDf/wBcdNLJ7/zBn3z5K4/PKZekhapbXfbegwv8Okwaz0Nrw2978zcOh0O4vHExJac4ZuE+D54jrAgEAoFAIBAIBLtDSCeCZyqEdCIQCAQCgUAgEAguBJh08oq3/b8hsgvc7gXnV5d0gsx4UMHN5sML0Br4cJYjJjRzd7OXyXF+1xL/FJMaMP4c6STdEzs7nSPUEAvGE0RCxIzuZUnoxEXhIQ6K265qDr6j/KNF31+8OrtbIQRz4IXoas47uOwp9IGRTpyHdw5NuEu8ubogpBNIKCcJ6QRjVj81GHq9ex41XwABE3+tStN8WZFOxMd5kNgH/4N1O9Lt89Y4eVrrnfh82KfGCX/3er0jR47YWn3q1KnR9navNyjKwilE1TovSvuvo/ZBDMjTUFVSbPQNWTvSvGqMqoeD4Q3Xn2jqZjT6Sj2BwlbxPJtYq6ugcac6GaosL/I8wyxTubJVuDKzmYvVk9l99p9KQ+14J2zJ2ZR7SiNxDsG1Jahr08xIROUiwz75i2696cFHT1JD4uPDdbVM2hfS0TKJ29RmejWUHY/xV1MKX3jzDfsnWFxCXEzzek4ZIowTgUAgEAgEAoFAIBAIBAKBQCAQCASCCwpdB3pIwuRIpSNMlzzB3APwIXHQq4JkYKBVDwn8BDV3JzPvlsrmvFQcasf48AKO12A9bov8BpOchT7GjxM3CT97PzTfjoNAWFelKtym0S7aTlPXdVVZVxTF2zFMPTHx7p75wi5sojUojcGhbeZ4JiY+8gXB4oUpY4kBA89mIMBlnQHi5jxI4N7bZmHbsFxEst3yMCBQzJL9/mrdbTi/bbOP/Wyx9tx/jtsG2j287ZklkNBGkm+XOuvCL8tyfX290c3mxtZoe2sw6OdFYW2is54qM7qxR5G5D7I79g+yil7bSulMZU0zqwGHw9611x0djbYfuP9MPZsNyxVlLfDMBT6rdaUbF+jMGuxcmSLrqcz+q1WtZ84AozVuxPQjW0yUQ0P0Oi924h/NfeV5qS+FCbB5df2117zmFS/6q499xjeHLdcEilzddN1Vj506c3ZzHHkkwMUsNpL+LGDGSb9XXn/VFfc//Hjlog1BZKVwu/LCm69/3k032rcDAoFAIBAIBAKBQCAQCAQCgUAgEAgEAsFlCeZ58MrqqF8S+RtB4qJ17bll2OAD67iwB8a5IBvTOMmKIHbiXITaQIcs4p2b7HVjKoj3JUa2ilcT8XfhS2kvmdJlp/iV4OEv6w7V0InCwtf3S8a9UIdbSe+W1mcK8izPsyLXjeOb2CywXtCmrpu6CTF5nEuU2CiUOTBHvOn8hd0cE1xIPJ1oNkI6ORikJK/F7R10Pp7i944ckafP9zk+NWE4HNrvptHbW6OtzY21tTWV546dVwCJKXHuW5uYBY0lezrpPhlm/VUqy42e2T8OHyqed8tV0+368UfGyuQFFjpTtTFKZbW1rLrWM6itJc6hKK1JLurCZDOnbwLQaEc0NLW16oa5dc68a6K/pIHcrBU3F1FaI4Iz6oW33jKaTD/+2btSdZPVlcGrX3bb1VedqKrqgYceeejRJx554nRV10u1TGyGXnXF4WuuvOL5N99oW6YX3HL2//+xz5za2GbeCb+UW264+uUvfqF7EU8HpROBQCAQCAQCgUAgEAgEAoFAIBAIBALBsxOY6HTgkl+X+/mRHY1RW8DwGvqWnOFIJzAnkaL8kex0a+8Xo8TQUvxUsKQlm3TlTphxYvwifeaJsFeOVVKigy+ex39ax6XKlGOc5C6wAyXSJVrXTvqkqax7UBNZRZtG2z26YeqM9X5q9LopS5ROFrPomURBmVOjwUvh5403h6cPhHRyMMBdtxe+zbJv7H7DLt9mhyubhe2L8A27bsNu+82y7yUaJ/ztLCMZ0OHKyjGt7d7RaNuAXhkO87Jnq7zKCrKmBpVCphyGF5FZe0l0EPeraexldFPZCx86VD7veddsnb17Y+OMwZVcrdjLKINFXmqDVW2qauYILFmRKWVNMvYKVTdQuyho2sXhsVdTPjesfXfRfECz4klGplhhBpeGimHvvrKy8sqX3T7s9z78yS/UTWOTed2Vx77mZS86ceJ4r9ezWXHkyJHrrz31lx+549GTZwCW6J2srQ5e96qXH7LZVJZMZPnfXtu/47NfvPfBR+3pNk9edMsNL739BYw0eOEAABAASURBVOvr68I4EQgEAoFAIBAIBAKBQCAQCAQCgUAgEFzOQE8gcdtMwpj72XRZFj6eACjjVUs4Eg3E8DYJKUHPXSyQVNwqb1JDcQc4h5pJ6CaLfI14wZaPYhYeQbH8CST6Ju19/cU1kUncP1meOb8peU7twVmRY6byIldVwwvRTVNldd5Yb2I90w0Fe0BPdME5pRNMH3DeQXwAMO1zdh66ZepcWIqLMV0yEFxa3snTBkI6OUik1SnZZq2OdPu8dU2erRon9B1JJ4roFLppprPZ9taWreqrWa7dT7XKMmtdUQNmnF2azG6mndVTXp9DNwYdMcWaWvt1zdWHTz33+JfvfezM2W2tM7sLsczsnfJcqcZerdGz2bQqdVkMsqwoMpU5Aa0aTV01jRfCIqsaYs7QmyJbZO9vLqEhYprIbS943urK8OOf/eL1V5+4/QW3rK2t5e7RXE5mWXbIYm310SfOROWSVO9kddBfXV3t9Xq8pyzLK6644rWvWrnyivvuvPfBFzz3upue+xzROBEIBAKBQCAQCAQCgUAgEAgEAoFAIBBc/jDkMuT/FokSrWRIejz4xfJu0XlQ/zAYuA+oY8CcuVv5RevaH8O/N0bvmj5cGrqm1VTREFKPnjNDvBP2RbdCKeyvpEs1da11Az5yEFgPqXLOUMQ8K7OcjzYmz5vGumKrSdZUs6qqEHxEIJteCsrj7xX/9+QMnwm8JxyymH6v4wJ7wpj2Tstwgd2u5nIJHESMpZC7mPphEeaJQJcFhHRykMDl22ZhOyqapNvY1Tgxy3RNOhonB7u9yzcc/DabIZNuw3KNk2Q7UYvKsmx1da2u61OnTo+2t61hXF9fB5XppiGmHpDwCUU0I1OJhrh7RunAXXRiJ2wkzfb1N17RGFPd/fjpjW3MMuYqWsPquBmZi90zmzXVdGb/6A2LrMyLUhVNDWNompnRLsKZouzUBmIj5S7dOPGTS1vr7YMMBoObnvuc66+7xmZaWZb2Oz0gz/O11ZXIOAHo6J0M+v0Qvs5fzR6/urp62wue//xbblp6QYFAIBAIBAKBQCAQCAQCgUAgEAgEAoHgMkSIdEOSJkabrpxGcIglbBSOJhMWm3uhE4VMXnFQwBEEwontrcIuJFKIcf5LgHlOSZeI0TT1Xiu9ncSKW1pvwk0TR2zwus4/sluPz5ooSvnQEsQ7AaTADfYRTAbWD2qsb7Soq1lRkd4JUCieSlv3q4ZGJ7nlVVbCDeKjHARlI1BpEqQv5iLwTub3XAKBAdzrT3O56a8I6eRgkNieg9T22EHv5Gn9ff45kGa4tX9FWR45csRuP/rYI6PtzbXVFWtnrdFzElVOxKQpVUkKJHZPhnxrozNk3gmZYnCaJdPZaDDs3/jcq5oax3c/NpmMGlObpgJTFEUvw0wVmGe98bgebW03TTNYHZZloVSO0Ldm2Uxr0Pb4jKguxPZzCdTQym9dYhUQ22z0CEt/zbJsZdCPtslnODcLiMN+uXiK/bXf74NAIBAIBAKBQCAQCAQCgUAgEAgEAoFA8DSCF9LwlBGcY53AjowGop7wmSx/ov2hBiksgg99QN/aO9qAqCHeYYju1otX9xIg8Qe1B5XAsHoK67W0qWNHKoaLmQXFDvL7+R9cWAitmTjCoXn8XY3CzBSqV5S584EaowCr2ayeVdWsApJCodubhiRh0BNyKDvbx4fUqcsheBD2vUjfP1XUg1Gw/3OfCYhlcOlDt07nRVWeSwshnRwMcGF74dss+0bYUelk6feSK5uF7Yv8Dfveho6uyS4aJ+k3tN/Gcfe0juHTMMvz9fX10WS0vbV1duPsysqaEyFx7EJn8qwRVJkC+7dyVTDy4lgBizJU24wdrhR1rcvD5U3Pu7oy8MCDT25tbztqCtSmaUD1EbIyU9grt5vxdLKt9aw37Gf93iBXh/qlvcWkMrXGmcYJ2V9rsBXdyXDzgZe1JbQJXhn2IaqbRGYcfR9aW5HQOQKBQCAQCAQCgUAgEAgEAoFAIBAIBIJnBJwrz/obcTkXAgNbI+5f8Ot7skVH1iNZPK+9pggqihST3kUvEAk8c8S0YiFodo+/44/hID/Y7vPJ4NgG0Ca7y/9wN7R+1MZpnbjEuSs597QOyUBtnGeVhFCAaA2l6luHbFbmjUXVuGA9jeaQPP7aakdWyFMRPklPRXi2YtcMvKx4J0I6OUiYpNAn2xjiyLQ6HxB4Fc8+jZO99U4g8G/m9hvHurOVR1O8F2vwMruv7PeOHT1qfzh75qytWSsrK+gUPawlVE7qiQ2iPSuLVBWN3tbajcxA447O7W/V2nr5/FuvyTJ93/2PjicbCgd0VGa/m2aWqWJ12JvOplU9q2caswbLYtjLMC+KTI9nta6NchZWM33DGVibhr0ahksO22ocPXJ4bWWwNZpw42FCizTol9dde3VRFCAQCAQCgUAgEAgEAoFAIBAIBAKBQCAQPM1hjJck4Tg5C7/ighcfO+5fDIvN6R+Om+P+VCwlohPaimecxMA8YOZvR9Ij7R90QRfSYS7B7cHxEfxlvTBKS0DhcAbI6VMQdiaX83ItxnFOaOV8uCydZqz3VWt3rluTTs+KmbJOUpVnFKanqWdVU9XaMVAaCsEDUQBmKf3hvDkR88F6IovGPKs4KLh7Fl4s3sneCgVCOjlI4PJtb0Kw3Y68Ct7D5gDTbeP3xG1/hYPdnvuGfex/CttmYTsqmkCqawKLGif8nRIGTaM4fwwOBiuHD9VVVc1mFeLIHlaU/Ywi6lCIMnRkQid2wkHVGkz0ptg+WkOpdQVKH7li+Fw4Ppltfvn+x4x2rBQXOg3KxjRZqfLcmtUSp5O6nplxU6heVvT7RYYq16BnpkEd2w1KseMGHkTwsgsJ22isr69/8ze+9vEnTm6PJhx2yP436PeOHjlkfxKlE4FAIBAIBAKBQCAQCAQCgUAgEAgEAsEzA8QUYafpPh322N0y3nVpvAtYuxA7wZ8ZKB7RrRkj7CyGRugQSngbKXTOYgpSekqkjlhYT6hyzBE+3YXJ4cg6PihDZKOk5waWCoJutM8B5d2bTd24aDtKmYwUAOwGX1FhrjIoiizPm6puavepq1pb1I0x5gCJDwbSYD3agIrkmcXwPYLLBAdJOjH7eMN4IblHC9Gp4KJJypjdtD2e4veOHJGn5/f550b6klmZSinU2hmyXq88cvjI2Y1N4p1glhWGOHgqcxJR9mxFBBKF2Gii/6HnH3Ih4Wg8GWrQ24fWs+uuO7K5sXHmdN00ta5rwMpg7lgp0NhLOmGTutHNbDbRmYasHKxk/aLMlLGmdebi/6DjLjbWCmpWPblIhfC8URTFFQQQCAQCgUAgEAgEAoFAIBAIBAKBQCAQCJ6haHkesCimMbcnEBwW2CLRWclQ7M00wP+5/ezIhA5FYuFWGGUqEvaJjowY/j1cQaUb6E9xqiaOpILBJ25Ciho0OH9fL4ECPjaOc5jGledR+IVSbz2nLvqEssnL+BAXLchxWlSeF9b/muVFU9dZ7kLt1FXlPKe6pmgQ2kfxYfEF4+NgkLOXEgp0TJsJSa54Ko/qEmw8eWbuWfZDOzkoB63Zn8LAvmgJSy6F83+1JdQfjSEZGPV1fOwQDPuXXA33nfL5BO3wILtf7GBJJ3vjcne/ny9w+bdZ9o07f8Oy7yVXNgvbZh/7n+I37LofFo6B5d9m2Td2v2Hpd7x2YOg1xjg7Z0yT59mhQ2ug8NSp0xsbm1lWDldW3HFOhAq0MXU9BcfJy8mOkgIJ2yhFAio+8FllD1SYXXPVYXvMXXc98fhjE4N583+zdx4AcpTl/3/fd9ru3uXSKyQhEHqVLlUQEFBEQX4UkSKoVFFRsKAUC0Vp/kEsWOkiIKCCFAVBaUFCEUJPIySkX+62THnf//OWmZ2tt1eS3CXPh2Xy7sw7M+/MvPPu7T7f+T4k4HLIhPHTJhyGVG7BcCcYh4GUBJZwbJtLeZ/nEOqsKHR3F4uBHNzlFYTBl6+zvR5BEARBEARBEARBEARBEARBEARBhhBlxQOBOGNVfN0EDSvi6/UsSgipEEAIZqmoriivq7LkqBBwSgaQtjapKwiI0+uIci1TTpodqc0mwgyjNRFKEiKFJDoiLRcLLaGh5cfwTVNMtFWozcbNU4FNyuV+YikMp4yJiAumMkrIZ/iZUO4nKlAKgVOHS3mKzLMDhGEABeV9EnHCeSKWMMeSpAQiljqlaekJVOI6IEyJZRQ2tLw0PjkkOYCUkqa+GGIgo7OtSDdaUJyoc9rDemq50RURLdpJaUdEfNIEN2mUqgQi6XcDkYeoNhtGw01iep2BRKT6fyoxl/HqILGuopceJ0Pa78Sch1S5t+4mRnkjzA2V+FwJZU9C5LAW09ExLPCD7q58oZDP5nLE3IQcVg7DSI+3tmMriaAcvaiUylE1eOo7Vo9Rkes6G244TggvihYsfD8fhTBYOkR40pKKMXUXSwmfkOMnD2ReHcv2WMZxR9qWXC6C7pLPlfcUjLSDPsEOgiAIgiAIgiAIgiAIgiAIgiAIgqxviEoVAKtZSmJzkGbUXRznbjAFSiu1C1rdEks/kv3J2GVZYdBgH+VVIOQZEWrpAxGC0QpnAFYZohRxS2h6Fk3tXTuv0JTKRjVT6mMgKgovYtnEIkp0QpnMuGOb7QopPQllwp0g9APpfaKkJ/IIeZX3QnIA2pQhfm8WVascGmk50vPr11mnw7PJRay9pmsLFJ0MJGnxUE1ZpG6e9L1VLov4bktUJjVl0v9yi1MyMGVRUzbKm8pylcdJuUziren7Ja3700I/zkXiPSV1J8M7SiW/UCh1d3XlcjliscQOKpRJyAKdh0zKQdTKMC4KoQ2myvdkJHx4N3HiiDAUQTBn2dJVJMxxzsKAOo5nW5YgLOKwbZtwEUrDqKJcO+K2a7c7dpTLyOaHoc8j2NlqTSmFIAiCIAiCIAiCIAiCIAiCIAiCIEgr0JR/RqXkg6RdSVKeII0QTd+mZuvYsMqBUrG5mqfW5VL5ODunZXsQWpV/J6kYN9JEXeMtc5Lk2RE8DrwmcBrbicRNiLUxVLmN1D1s2I4w7RUitKS4RTrEKFsA5XrC1FP+NqOOZTk2REtD34miSObcCaUFisxJIR1RREococ8LVdYdwghyYo+WpAGC4KP9zeDKlybpJKuJFi8Bik4Ghhpvj35Oe60RGdzTgTkntSN77HFldHaMENdxR4wcKcSKfL4bBrD2jmGWZZtRV5AgCGBAs13HhrrlNFhC22dpUYslR1wRisCy6bjxbUE4fo67cPGioFgIYBAV3BZUj6Qsksl55IvwyA+KjIe28FzHGeY6UJEUijQMSjziOBoiCIIgCIIgCIIgCIIgCIIgCIIgyNon9hGJH3JPLdIZYdJmGwMWy0/LAppIBDjnlJsmCh3CZCzdFqrFMio1RPxUPtcLiJZ1lOUvNQ/GS+WLUXukNpksNEKcihZKuUhK2SAdTyL9lqv+KXWNAAAQAElEQVSEOVxwy7JU8hzCLEuqUGx42TLvTsSjIIzCUOaUCEOVc0doTwCji4FIK0tsTxiJbQjKJyo+D2QAr8SQhaZUS2JNi3GanH7TP1F0MjDQ8lTUm9LGU1JvSmqnouXyGpiSpuWaqag3retx0mRKUseq3sisZuVhUXs3MWa1y8Q6dNnSpd3d3TCy5draLBuGN2khJZ2cwkCfZSW7kyNZyibK2KhQEVE17OWy9tQpoxkNomD54oUwJkqTKjnkWhasLD1WCFVeKjCkhlEQwNZdms14GcuRFUg3jPMBQdUJgiAIgiAIgiAIgiAIgiAIgiAIgqx9UmE7paJoWplXJXzRhiXVdeQcRnrcITXqjZTwRdSrrIQhtLzLsnmJaQCt2HRsiqLVJ/EmmVGtkHQVy8RpK/bIjYGALCfOKqmALBeJ24rMHkFppDUozNSJeCQNTyB4CtFRKXSxbGaip5bjQPA0CsLQhygqVJRZd4hUn1Cdd0cQ7RsgUmFxPQdVJtVUXnpJkgmErDXKu0bRyQCiPTkqvD1IrKvopcfJOuN3Uuec9DglsSInLputcTmoiaokVbCAK1snbeEklD+T57kdw4fDwq6uLsuyc22W8naSMpNQquoC2ITjuvBe3Z+wSqxriQWBlhToRbBdz7MnTRzp52mxc/nKlXn4OGC2Q4QtZHodOTQr9SBncsjlIhJ+kViC2162w/XkRlfJBDwEQRAEQRAEQRBk3WJefsHLy16b0zm70+/sKnXCnHavo8PtmNqx0bajtpycm0T6TaFQKPk+fNcb3tFBBpq5c+ZOnDTRcZxkzrvvzM53d0/fbLrneWRAWbx48YL5C3JtbZtuNl2/bW9vz2azpH+EYbh8+XIojB07liAIgiAIgiAIgiAtUBW1N44CFeKPKsFDlS5EVBpwtIraBU2sRBo3zwRGiajQnYikrdQ8Qq8exWdJdhz9cH7SqOR5+/Smk13HhVjqYcK58h8ZNJU5H8rtTLVZHzsl0quEqtis2qa0Z4HAKre40p1Qk3eHOkyGcLkTOaHtONLyRBqfQKRWAlOpd0mfjXSQOH1OyGBl9ag9qnM+kYpTlNSpqzVJ5gtR0wEGHrqOiE7WqmynLmkRloglZ5Q09DtJa1NIojKpKZP+l1uckoEvl/VyicdJrCYhlR4n5TIxc0jZxURNgyi0bZuV7a5o8kGg7xwY05gayhzG2nNZEYUwp1DodhzLyzAY5mD4Yxx+mAtkphxldUKVAwqTYyLhgorYNEpJAaXKDsY+16ZTpo6nou3N1+eu6iqKANoWMicHu5W6E6V4kW1hNBIk8IOIE08wy7KGMZd4xOJFgiAIgiAIgiAIsq7w36UvPzzv4eX5JVXzl+cXw2vOirf/NffRkbkxB04+cMfR25J+cPftd//08p9OmTb1zgf+mJ6/ePHilSs6m6w4daMpaTVJLUEQfPG4L0HhvIvO2//A/fTMy7532cwZL0ybvvHtf7mNDCi/+8Xv/3TzndvvtMMvb/nFrNdeP+Nzp0/ffNMrfnbFCPWwRJ/5671/+9F3ftjW3vaPGf8gCIIgCIIgCIIgSK8R9aLyorVQfTqS2RKUtKBUkVKOSm8VXpEIKB0e14lvNCYLT7xUiQ9YvD+mZ2mrFf0kf1yNK3kKFZylbFEiAi+qq0ldizY1ke1QGxF6EYewK03WoRAftTmPjOgEasAXc5lwx7KkDYptCwjbelxJT4JQ5twJoiCUBgFcZfAROjIrD0klujDZfCrOWOvaABWIXl1Kgp4NcgYM0aDHpGUSjQQoq5lqax90OhkYarw9+jDttUZkcE/7fB4anhMYgOQ9A8OTPOM6V5k6+VxlABNGXqeBEWzYsHbbtlZ2rurqWgWjVfuwDhi5YL5DbNhU4BelzxOtSEumJSfKcUpodRCjDEa4jEenTBnFSPTmW++t6izAaBqGwnLaZLY0qK20iRZlgnILhvgwKHULx/XcbLbD80QTQy0EQRAEQRAEQZChw5LSspvfuGPhqnk91lyeX/LH12/717Anj9/s6DHeKDKgXPeT6x+894EmFX547Y8O+NhHm1T45yOPLV+6DAqlonlI4M033po54wUoHPjxA8lAY9vyt5fA92G6eNEH3V3dLz4/8wvHfOGnv/npxIkTSF8Jg4AgCIIgCIIgCIIgA0yj+L1IFURlQcYtif5vAPeeUr+0qioQ5c2ktAi8PFe/4pQ9eqIf7a+sE0tklPuJzsBjPACYlkIIJb1IxCsqsMtlYJWqB/WZWmxBpNa2GWO2ZRGHyuQ6URSFThhIiwDuRTyMhJwXwrqwSWUvYGK+IqU8aXiYjVntKoxB545RQRJGXx3brjsXRScDAy1PRb1pHY+TmimpnYqWy2tgSmrKTaei3pQ2npJ604ptAjAQEZn7hkkzEqEzn6VaRnQCMJhKnYfj2K43HFZZtnx5Z2en7TjZbM6CQY0q0RyMWFEEI6Jlq7xiRKXuMdI3rT3hesSVuhPiex6ZMnU0J/ydtxeuXFlQiXwsQjIw1sE4LKilhlBpnxLKBD4+rCiVe7bdnmn2gB2CIAiCIAiCIMiQ4I1V79762i3FMN/6KgtXzbvuxZ8dt+VnNxs2jQwg6ivblGlTp06bUrXkiX88QSof9qrLLTfeDNORo0cdcPABes7dt9+tC6tDdAJfTpNW7f2RvX/7p99+7Uvnzn13zsmfOfnnN9+w0bSNkppBEJSUNqUu8B2zn0l5Fi9e/OasN6Gw+dZbjB41wGIgBEEQBEEQBEGQwU86Et9ANtCimKDnDQ0gcaoG+GopKK2jQamTtQdCqeksHekD0woSmaAnCY0mGpQ4pCsfzxfJ1pNd6Mf246i4iRzrYLcMvHKqfUo4k/kl4Isw/M8sy4ZwLKO2bQsoO/AutBw7CmXOiigMWMh02h0IBSt/FhnJTZpcbnbSnD65mIh6M/t45YxkZ7Vf9yribtBwv2uqSXX2YvfYOKRlklw5gvTFz2Od8Tsxib9S5Z6nJFbkiEQ/Eg9qcVk+HBaq0QcGJ9tSw6BU0xmXJoDLrGFCO6EQeeNxEYlcLtedz3d3wf/5TCbruC6LIipoCCNZ6CsJosy0o0ZIJm1L1KgoxSvUUhowaJVgloholM21TZ48Ogi4mL10ZaevRCfwcgRnUngiVSsyrY5tW3LzIuwu5h3PIy6KThAEQRAEQRAEGdq8serd373yG/iKRXpJMczDiidt8/kB1p0QcuRxRx7zuaOrZp5yzKmvzHy5+Yoz/ztz1v9mQeGk007SWXhWdnbefetdUBg3Yfzypcu0CUojRowcMXWjqaQ3yIcfCCmVjJpkq222+vnNN3z+qM9D2a5MA/SD7/zgwfsebLSdvfff+yc/+wnpB0/+88nLvncZFM797rn/99n/IwiCIAiCIAiCIOsdKQ2DSMtFaNXS2vqViHqz9GPt1Gy9ekv9DcfrLVY2u3FlHeVUGpDKbVQJVEybE0VHWVNC4qOQthnxcvPMvn6gP9GgxHukcd6VCIK0RnQCcVhuRzC1FLLgOsy2OHek7iSyQz+kVhD6gaBMJveRq1ClZSGJeYwQvRSa1J6jqsPWGgnWQsKKNZVMp0Wa5NMRJlVI0uABV4A0PF12uluh9KR/GF+TWD+h51BS43EiKsrJGJYuk/6XW5ySgS+LmrJR4aTKhFR6nBAzJymTmjJxlXojCIIwCimxqMWU15PJDZa+wWJpniy4ntve1iazgwV+vrtruOO4jvRxEiWhsoaVOLcYtWXWHmbGH2lcQnl8VBYRkcyxQ3lEGGxt4gZjKPFmz17SuQpGvUAQSwruZGY0+CeC/6V3is0iLkIB+4xgHNWtWtXViycCEQRBEARBEARBmtFG1hhLSstufe2WPihONLAirH7W9mcMbJ6d7lVdKzs7q/cV9dzIW397G0zb2ts+ccQn9Jy/3290Hh8sXPTFY7/YfPWPHXbwJT++OHnb1d197MePDZpmutEqlnffeufgPQ9JZnbDml3dpx59KpT/73P/9/nTTiYpYUpd+v+jTaJxcV2XDFbwuzOCIAiCIAiCIGsKWlMglUHXcoYEI86gPFZZiGRCKkskdhJJbUpX6Vm7IOOd8sF4Wn+7LSPK+4Qij7dnVRi9qAf443eRDnemY7P6S2jqDJS3aRYJQWpbKPTRyziwShyhRCcycQ6LGJPP7lsyVwRsQX9FZUqGwkIV8A2l/4BUNqjVqdGZpHQwDdw0RCvnNtXmdY+qi7LmKYtOqsL2SG/ola9Jc7+TIT1dXedB43ke9E/lsxTFScPKii2tnmNSjyaTf1GZ70Zm22HEghU7hrUXiiWgc2XnsI5hFgxjyrwpCIOSX7KskBHPIvCfbEOcHYwr4xPpPSXzlVEBQ6IQ4bCOrGWPLvqF7rffj6RpCrTQo8RWlijQhkjIRGXQEgIjZQA/r4YhQRAEQRAEQRAEGbLc/MYdvcqqUwusDhv5yrant1L5lt/e8tBfHoLCooUfwHTuu3NOPPJEKGy13dbnX3heUu2XP/0lvEgvmTN7zuMPPwaFo084ur1NKnfgO+Ztv7uj9S24XoVco1gsfrBwUWurkloPFT0n392t357zzXNOPetUXf7ZlT/792NPbrPDtt/6/rf0nFFjRj3y90eTjfzrUZlLqLur+85b76zd16eO+pTjVPtuenHjq44CQRAEQRAEQRBkfSWlIKmenwTNe4ria4eP8vP0QtSL/bcSgxfNq4lkQz1sjFZkoNGuJMYAg6bW1XlgjTxALmWqBaYCNTtqfPixD0p5v0bLEp9WHcCVwV3pdGLbtiwyhWXBy/FcqGC7ThiEFOYEQdjlM0vanAgujPuKisCatvCKM6F3SUXdpvV01frNWlBWJMdUb7drpD28kdmJLSKVW4kSrpIsCWZSlaymNvGafil3JEgfdta6ZGn1k/iapKe08ZTUmxKSUlq0Ul4DU9JyWU1FvSltPCX1pqR2auDEZnbGcUvcl7oTzm2lhtMDovQrVvot5XsilXry1rIc+b+XzRAmiFX0/UKpyPJWJuNRKvu6yh8GlUUUloSwGOyBWXoTXOlPpO+ToMrGCaYRtNGyRFu7s9mWY9xM8Nqs+cVCN6UdhOSEcNS4GVEYNy3mUCb/kUIV0wmHtecIgiAI0hj9VCuOlgiCIAjSCstEgawR/rv05YWr5pF+AxuBTe04etsea86f955Of5Og33qZjH47dvzYadM3brKF9vb6PjBBEFz0jYt0+Yhjj9CFv/z5rwvmzYfCGeeesf/BH/3MgUdC+epfXb39TtvX3YjnenXnf+krp22yWf1WPf3kMzp9z+XXX173Z4oNJm+oCxMnTkhmDutoh+n4ieOnb7pJMvMnl/ykVrkCM2u3eeinDq0VnThx+lfbGbx5YPGvQQRBEARBEARBVgerVqWepqDqyXYuqkKRRiSRClzrfAvloKggcXoblqpTZ3fxtz+a3jppAf18fKO1lHYEopEpsYiuVbXfeCMilR9H5nmoOWAZIIVr4wAAEABJREFUp46PmpblG5E8YK43xUhzZxGjCDEeAVTtmzJabpYuchH6IURmI7lIx2lpGLqO51nKKoC5th2GzGIyz44K9AYln3BtGSNMgcZOJ2lbjVhqkLRKqPAurWgnJxXnOHFPoaRap8BJFZWHT8uinHoXvu4parmaqNwbI6nTmL7KVZeRR/HW0oYuTF8K0ktSTaouqCVc3xZVa1Wk1zFWE+h30kf64Oexjnmc9M7vhMQqnKpzkij0UneOHsPlLrQIDnpoGEZhGMJMmf0rdXuXlXpq2IX1GGOe5yk7KlEoFAFbDV5ESVW41NfB4MyjSGgFEJX5ttVApDKNCZnOi+r7V6qzWAhtdT02YeKIks/nzFnW3V2wmAVrM8qU65UaUKVxij4SiyAIgiAIgiAIggxNHp73MBkgYFOtiE4O+viBm2+5GRQeffAfz/77mZGjR532lS/B25GjR+oKZ517FrxI7/n5tb949eVXoTB9803Hjh0LhYULF13zo6uhMG7C+GNOOKYrdhzJZDNtud5lMPrQLjt8aKcPNVqqRScf2mXH4R0dpB9ssfUWiegkkebAzKTCooUf1KpSEhIZiodOJwiCIAiCIAiCrLf0Jg4uUrl1GtfRIpYBQCsomqsVTEC23lFUyFB4yvVBC2VqjEnUvhJhgNAiAVq5I9Jjg+KQcfqN9CnR8V6aWixDrzqFkIyq6n1AlNaOHMd14RurtBtgLCgFPAyV6QANfZ8KKsO1Kv2PmhjDFnO4VGtpUo0xyosK+VDK34Wna8bzBenxIAcBrXfc1ST2SKl9qrFJ+W4hqDjpH408Tso6DBL3aX2KE6UFIRV3XJ/LooX5ydA4oGVBSLXfSawsIY08Tki13wmJ5ydlUlWWHiaW5bouY0yIknJjinTer7p6MTVqcWXRZGUyGdh2EMDo5JdKJdty9FpK5cUII1Ekt6YFe8ySsyK1ZypNgJhRO0JJCvbCUFDPszadPiWX7XjrrfdXLO+iNCLU1WOkiOTRUwYDpzaiQhAEQRAEQRAEGXrMyy9Ynl9Ces+HJuy667gd//zu/YtWvZfMhE3BBifnJvWw7k4f0uqN7q7uZ//9zLCOYZ866lN60Tlf+ErXqq6q+hf/5OJZ/5t1229vq5q/3Y7bnXPel5O3Tz7+5M033qTLtnoIAb4PXva9y2AvUD77vLM8z0tEJwPLqNGjdGHl8hWJ6ATas2Tx0oMOPTCX64WxxzW/vDop//pnv/7lT3/Z1t72+7t+n8x88YUXv3jsF0nFD2plyul1XBSdIAiCIAiCIAiCtERLyTd6oQdovi8yMIH6VKMpLcemVeC2Wgwgyk4npP9NkmIDo1XR1inUbITEniUqB4uOE/OICxEocwDuqPiv47gQw42U94AMARMCBQi/csJ1kBaCuWWxiDYjqAzFGqsPYwdCy4chUYoTmvq/UjCzDrC2xB42qWoERMltVpVhZw0kPRri9MrjpNbbY52ZDuR5MGc2PT/ukJZtU8Zg9CmVSjAI0SiC3wv1uFNzZeREOaPAGiybyfKIrOrs7O7uhjkZLyNVLGpNQeBfHsHQBmOVsqSSUhVpjaWcpowcL5ICOmkIxRybyEQ8nEyc1AHbnzdn0dJlqwhtt6hDqEVp7NskQoIqLgRBEARBEARBhiYvL3uN9J4Pb7D34VMPgcJGHdPSohO9wR5FJ014+omnamf6JX/RgoWvzHy5av7IUSOS8sKFi7537veqKtx/z1+e+td/iHIKOeDgA8hqY9SY0bqwfNnyKVOn6PJNv7p55owXnv33sz+6+oekTyxbthymbe3t6ZnqUQpJ3d+YHDcRnQze9DoIgiAIgiAIgiCrkXUlbJfWFiTldEyfJoHTVNhVKwDS26n88sjl0/rpvZRX61Xj4nYl29eCEwjB6nRF6uF92UIu50N01o+KXKpMLMB2HBm8dRxd9oulKAiiMJQKFS4juCTldSI3ziiXcVkjdknSYoiyrESZBiQnp5xFiEptBNHJLgYHoo4Gpt4X/GbijSQlCFmD2HV2aUwrKFnnpD2rjcTjRE8paeB3UjMlpPJEV01FTXkNTEnL5ZqpqJzSRh4nNdM6WyMN5pDY7wSAoYfLHDvmN7XE8iQZWCktr651J21tWc6jru7uYqHg2I6rvIWZGt0saoU0CsJIwMgUhNRRK2jZihmXpG0Tk1eUM8qkSkWEGY9OnNhGySguPli5spuSnKAuJbY0RzGDW03qLwRBEARBEARBkKHAnM7ZpJfsseE+n5xyMBTm5xe8uOi//d9gLU+89IQ26vjiZ7/04vMzk/lnn3f28Z8/nqTcPjTwpfF7535PO5okJIl1gAsu/S58+Usv/cMvb/rbnx+o3fXBhx208267kHrMnDFzVeeq9Bzbtnffc3fY8qhRJjHQsjjxzYIF78+c8QIUPnLgvqSvLF8qRSeTNqwQ8UirYkV90UmcXsf1PIIgCIIgCIIgCLIeIwN5JCJDEBFnyWlkGxHnn6n5Vlj16D+pdqBQb01YtXKDPQgGqrUGabONcpIbYXYgdAohofLmCCkioXJJKJdHAXybdkJbGRBALNhxXZjC9/rQ98MgkJYokURmqEhyuUCgV5gNU1JHcmGKKhkPScLWIqU0qXt8ou6RonaiPrYW+5C09ElUW0sIgjSnz94eQ9rvRB9L7zxOSKzCicvmPKTK8TmtKZtEYpZFZcYvbsF440jTJRhngkD2X9dlVZZBKjMYI3En14ZLbW05WD2fzwe+L21O1G+LTA5IzGaEUxEqEycahsy2lSkTLBOiLGbhcuhjXI5+EXcc1tHhUjqMc//V/82lhHHBIgFbsqi0QuF4+yAIgiAIgiAIMkTp9Dt7VX+PDff95JSPEaU4ufGV3xTDfD83mPDiCy/6pRLpE8uXL9falC995bR8d/dNv5JJdl59+VUtQ/nGhd/YdLPpVatoB5Rattxmi0aik59f/fPamX954i9jx47NZrMjR49avnTZnHfm6Pn/ePBRIk1K2vbeb2/SV5Z8IDMfTd5ocnombyo6SbQmDqbXQRAEQRAEQRBk/aZHIcXQose8JSbOabwnYmry7MQzaPNt03orpmO7ye5EvBNtaWLqmUowk6vkEYLZlhKjSA1KBJFf5XEiDQikBwGD77Dwgvnwy0BQ8uHS8TBS3imqqXItquK3cVPV3mHFWKBTbrhebLxNTB+o3xOGYv9YKx4nGjtRnCT9BQLzKhDPyjMpHZLndc2ROJqky7SRx0ki6Kosk4EtV03JwJdFTTlRk5BGHiekomy2VlkmDcuMKtWetB2hUiRiudSzHLtQKPoln0aR78cWwYn0xLiTmG7MZIIceadlMm4UBaVSAX6Py2aynuvC9iIlsLMdC1YNlU4O9qSVdPKDR3AptJNt0PcLDIycwlBHYBD0OzrszPQJflB69+0lIqJM2BF3oKkWtTg6nSAIgiAIgiAIMjTpKtXRiEwZsckWIzf/z3v/7vJXpuf3qDhptMHmzH13zjlf+MrTTzx16lmn6jnf/sq35VcxQtI2J8C9d9730gsyyc7ihR+k548dO3arbbfaZPPpJ3/ppOuvul7P3P/A/Y4+8ZgF89478pgja3e650f2GjNuTO38qdOmkAaMHD0q8RH5YOEiXbDjOdtsv/UT/3jijdfeJEoXAk2Fwsc+eXA2myV9ZbESnVQ5neh8sURZgdau4jh2XMD0OgiCIAiCIAiCrJeooLwKJEKJyZijjCjWxvLScxhZcwjRNNWLyRpDU8li6tLYB6VB9ap98uSolS9JmNRJatboTlJlXcFEzk1mCG1wko7h6rnaO0DI1DlaO8J1ZYjUqkQ81Mtk4Ms1RGwtz2O2BaHh0A/CINDGJ6qq3J7UNugQdNlnQ6RVNVDPZLiQJ1geneDJwcoNVPlwCGOYAI3jPZ6xume7lTq1JA+TJNR+wdcnp3Z+1dVZk+oTu9HOqhwjkKb0welkSHuc1Pqd9HPag8dJgog/BAgxSXZg6nkujCkBjCycQ5+15ahj6Tw7nCvBXLonK8GIxSz4ac+XSE0cDFTqthSwJuV6kKOhFNZJ7YmlN6DVeLDUDEh6pIRdyn8Y445jTdtoHIxL8+d2lvwiE3YYCVW5F2M6giAIgiAIgiDIIOfjUz82tW3D7UZt9fOXb+zyV+iZe274kcOmHESaKk56xfz5773+6hu6/PQTT8F0xKgR+u0T/3giXdNxjX5i7rtz4FV3a1+74GtbbLVF1a8cX/7G2fBFsu5PH8ef+tkdd96RtAB8Z9SFy/7fpTvsuIMuv/LSK6f83ylEZdjRc7bYegto9muvzILyY48+rtt56OGHkL6ysrNzwbz5RIpOJqbnh2GoC8mu0yQimOSkIQiCIAiCIAiCrG+o0L+Q6XVEw4BknVKKIRBBLye16aGemtLGi8pbSmsmWlERVGssqjxHSPrkxv4XqX0lWgWI5EZhGDmO7diUWV4m4zjS9SSEr/R+EAUBFEXElYcGVd4FotzIckofdcWlviR1rWnlpaYY1O07dqJziaJy2qredpr1nlY9TmqmpHYqasprYEpaLtdMRb0pbTwl9aY9eZxUYm55ak6j4zgiK1V/oQ+ji/x9zVLCLi5T25juTeJezbRw0bK0YAVWKBaLsAUpfyMiioSSslhy3JHDlcwKJgcZiym/H7U1bRElj4bDVG2Qc8KYFXYMdzfeZAIl1vvv57u7uxjzCHXWrP4RQRAEQRAEQRBkwGj3OpbnF1fN/Nf7/zl++lFjvFGnbXuq1p3sNXm/T0w+kLSgOIENkp74w41/uP+uv6TlI/t9bP+TTjtpiy03P+TwQ6t+tJo3e+7tv789k8k8MuPRqu3Yyg1Fs+3229buyFaQ/vFB7KoyaszoZKbv+7rgxiKP6VvIDD4L5s1fsnTpDVfdAOVp0zfeZrttSF9JXF4mblAhOkl+26mfXifWmnhxnh0EQRAEQRAEQZD1Ch7LHir9JNTT52V3k4ovnnW+Xa0XwXORKvQu1kkbbKlGcSLjrI3WTXbPIXzLJRC5tWxbJ9zRBcd1A98P/CD0fViqFCcqGEzKchrz7VjodDxpnwJldFAlN6rWnSinkyF7vdekyYhNtWVNapfyHhPEKH+kM4sKrcegBqUeRr/Rmp/HOuZx0rPfCYlVOFXngcTKG1F5HpuXk18Yle6EKnUPdRwHemaBiygKA1/AYAI/HYo4l5f0S5ImKEZ6ogswIHmOG2Uy3d2F7u48VPCyGW1DJDP3yDHOhtUC2KLUnVDGbMt21M2iEuuUxyH5Ylrnx6JhHc7Ujcd42e533/lg+fIu2xlOCD5AhiAIgiAIgiDIkKTDrSM6+d8HM+9gztEbf0rrTl5c+r+PTtqbtOZxAhskPfHSf19KK06mTJt62bWX6nJ7W1tV5UI+/6eb74TC2V8/i6wNFr5vMulMmDA+mRkGgS4k2o6tt9taFy4+72J9dF/51jn9+YFlxtPP68JmW2yWnh+GUZO14Pe4uIBfVBEEQeMq8egAABAASURBVBAEQRAEWR+BICB8FZPBcKHzHCiZQW8y0ZAhFC5PmtnD8Ym6OpoklY+I5TjaNURPa1apSfUSbzo1q85ejEJE7UnuUWaxKBPv1EhPwjCEt7bjybwXtk0tyizHsgKf2X6xCF/GqWWS0QiZfDatcLBlLNcojbj2NlD5daKyU4SOLNMkz87asBUQqfM2EL1M9+010GPLz/TQmtxO5q2eotakGWVdBanwOCmXkzuvskz6VhYtzBfpljWe34+yVqDpOYLU9zghKUUOIRW+JpSUy6T1MinvUW5BDhxcSEWbZbmu4/siCqNSyYfeKx1QTBc2l4bE+iqVeYfDKrlsDmZ0d+fhBQsyGY+xVPoe246EiGAUi2SuHSKTYzk6147ZcurGkOl5GOwoHDbMiiK3UMgJEnbnC5T37oOqObAtPySlUMAPiVyQgdw0giBIPagcaYnNiGdT1x6QP3IQBEEQBBkyTO3YaM6Kt2vnz1z4HEy17qR1xYneIOmJ3ffe3fW8gz/5sbdef/sX1/w8mX/dldfdfdvdjdbaf+f9a2de9v8u3fXDu5HVyaIFC2E6bsJ4N9ZzAIVCEaZt7WWJzNixY7ffaYcXn5/57L+fgbd777/37nvuTlqmVCo99/RzTz3x9FfOP8dR7ilP/UumHNrno/tks9l0zShOr1MXJ3ZeSbcWQRAEQRAEQRBkPULGFSlMpd6Am3h8HJKnteqT1NKhhKh05xA9CxhiY5BKqDxJsY9AHCquG51s6STV24lIoq0QsmVUZcfRiguzP5HSTAiZ5oL4UTGybdtxINSr/U6klgheRSaUnkhFdeOAtBQVKdmDSHYfG6NSDLUOGM2MZI3yxQTp5Zz4ktervV6HoXr0OKn1+RjS014dbw/nwZzBesoYUlmuOOPyP2oSejHKlBuS/PlMiGLEfV+KTmC0ScagZKRjjCWWJ3qQ8lyPR6JYLBbyeZiXzeao0Z1IeZxtyXsk4hGX6rlAeTVZ6pNIyR+FSMQzegxkzIpImMtZU6aMcj339dcXigG6N2AQzfuiEBAEQZA1iZBjoHyVQjk0Zh2Sk3+/EQRBEARB1ge2HbXlv+Y+WndRojuB72YtKk70Bnus85ljPwMvIlPnzEvPLxSK3V3djdaqu4j39RmA048/PS0ZSTj8/z51znlfTs9Z8N77MN1ok43SM1csXwnT0WPHpGfu97H9kpw4Z593NmmNd95855Jvf/+vd//FNOyrp8M33zmz52i7lH0O2LeqfqkkM/uMHD2q7tY81z3iuCN1gSAIgiAIgiAIgqx/MNuWkgSuEruIiAgtqohlDdpaI1W/35qESr2H2RwlDXQgogX1Rks/z5vH8kn/obGngHojw7y0ppmxFqWekQnpafuUGGEIjX0BVEYbFc2NK8gyjZULsgVRJEO3TNkSwNdkx3Vt9Y9fKoVBIMKQ6HCukZoYPwSqw7vl4K70NaEVWhg6ICdtddNaiKZcaw3k2bGF3o3es4riMx1KF/EpF8oyh8F/si3SbobrZebK6x7ESavHV4UoX2oDG3oClrTHSa3fCannd1IxFTVl0cL8fk5JC/NJ/amoN6WNp6TetOKi1+6F1JQThxJdlkITNbgwdYItZlHzyJasFoZhsVjKOCbzDq/cJtxY8gOFR7Cu7TqeGnVKpVIQBLZdsm0HhihprkWJLZ/wdyLK/DDgMIDRUKlW1E1AmRkESWROmNy0HOAyGcvzMh3DhzObvf76fNJv/Ih0FobEKIcgyDpOISDFQHRkpOsJgiAIgiDrPJNzk0bmxizPL6m7dObC5zr9zqnDpj713pOtKE5gU7BB0lc+d+rnDjvyMF1+9613LvrGRVA45qRjb//dbVA47DOfvP9P940cPeqqX1wJPznpatM33YT0lboqFt/3q+a8P1+KTjacumF65gcq586ESRPSM1et7NSFgw8/ZOpGU3UZvof+/a8PHXLYwYkHyYIF77/x2uuv/+/1/z77gj5SeOlFO+++s2PLP8J+c8Nv9Zzd96r2cYHf12CazeVIPWAv53/vPIIgCIIgCIIgCLK+0j58ZBQEUcSl9AQCf4EfRjrXjjTAUGYeXD3zrqUPQoXNtc8HTWLatDqW3Ty0TVMFWjWzNvbXYziwFfGAPBz52D4VFbusWlOkdsbqNIAKpf5Ix43VI/lKFCLK22S0/imoCPOW58T2IjSRk+gLYMLIrFIeIf0xZMg23oJ+2l8GeomQypOIR0Hoetz1PC+bsRw78H14hb4M7OqLJwO86ki4utbl00GVAokobYr8T50ELkhP6Wjq5GPq6fhNnZZjvRWantQTNUYWJR0UqOANV1fdFOLbqY2J+E3q2ETNvmr3X7dD1p4BW6jmKPEQjUUuVVl25H+U641DpN/0hvQ9Yfqa6OmeWmdZ3zxO0uXeTU03inUqpPL+aqlMU+ozswkzvDHGYncTUSyW4NdApu4fmCkYlR4njInYpIlZpkzl72425y6MOKEkUooTNUTKfDpqFIpk44MwJFEYwY5gxJL3Mo2k9oRTlVonPhhYRd0yIoQVR4/KbTxtPOkf3b70OCEIgiCDAxiPVhZFm0tz+HwsgiAIgqwHHDj5wD++flujpe8sex1epOVNkX4wYcJ4eEFh8eLF3zj9G1A45cxTdtptRy06Ofc7X3vx+Rfnvjvn7tvv+c73v93PJ3jO+sZZm26xae38cRMqvt9xzt+c9SYUNpy8QVd39/y5813XXblixV0qDdC06dOSmjf9+qZfX/9rXX7myWcKhYJOizN3zrwffvsHN/3qpt/c+Zv2trZD9jp0+dJlVXvc54B9dttz1x133QkqwJx33n73wXsfgMKH99lj7NixVS0s5Asw9bz6f6gtXbbsL3fdD9+FP37EJ8aOGUMQBEEQBEEQBEHWMzLtw3gUCXgJEvlBGPgyfwKP5DIpY+BCh/ioygTCudZAwGwe5+JRm6n9ytnkS2gS2WSkWjJCa8qc9hhvbyEir5bTOBBaObvirZYtsHrb4LGywMhBRLoFNNlJHDZmic0F6bH5dRpMk0I6EKzVEolghcWx2HLoWF4YSkvFIsR5LduSwWKI+9p25EV+sVQqFqCiJe1tpJYIosPpK6CvrxA00ePIOqz6bFSJdUQjWVCPP0TUuI3US+dEeri6+mybC9DjHvVGW+gxtauKJj2nDnb6wsr+oEwbKnpNpRPJUExbtfpJ+5qISl+TdJmQlIZjoMotTsnAlEVNOVGTkFY8Tki8tcoyab2sqeiHWkciZyl/Evn7mgfTIgwl6hkvpR2x1SeFceShFeOFvMVd14HBKJ8vBIFMYKOGI5cYMycqXVSYtAVSqhSfCRKrWypHfnnQPJblyFaPHJXLVCbY7i2lEBUnCIIMRrp9+NuLZtDvBEEQBEHWdXYcve2/hj25cNU80j8mDJsMmyL9ZuHCRed+6dwPFi7afqcdPn/651/8r0lYk81mL/3ppZ897Lj7/3Sfl/HO/vpZmUyG9JWtt996x5137LHas089Cy0hSl8yc8YL0LD00o8evL8u/P5Xv//ZlT9L5i9fuuyOm+446YsnQfntN96C6dLFS3LZLHzH3GTTjWco0cnue3/4w/t8eNc9dp228UZVv8PceN2NunDGuWfUNqlT+amMGj2S1OOnl/9UC1befXv2xZdfRBAEQRAEQRAEQdYzmHpIndgyT4LwvDAInNCPwlBGxHWWhDAIWaDsTri04ODE2DUY5xNjw9CHeHm9dRI9xaCLv8cP/4vWjlX0LV9DYnbSaLOV4XFT0Bl2UvvmSlICU5tZEjmFQG9GVoeLy8NIZrZIyyiEzq0jPQuEdraRrZGpX0TEK9umd6vlL0Z41MejXVs0voYNZrOqpa0cbSr0ztXZjc+RqFlf1IMgklrVBYkdQdIqDbI6yi1OyUCWq/Q0tZqbZEoaT0ntlNSUK08zrbI5qVNF5e6Cl+t58AsjDClhGJZKJZiqzwrRaC8qJ46XzXpCREHgB0EYRYEWqRAjW2GuVKJYsJFA1vDDKGTSikio5DzciAHlfcspjSgNCS25nhjW0feQbBCRziLeZQiCDFJWFUUQEQRBEARB1nmO3+zojJ0j/QBWh42Q/hFF0Z9u+9PhH/nkW6+/2dbedtGPL7Ltim9b0zfd5Ds/ugAKf7r5zs99+oQXX3iRrGZu+93tRJmR7PrhXXfZfZfEB2XKtKnf+sG3t//Q9vl8/torfqoVJ7D0Tw/f9bHDDobyDVfdMFPJZWY8/TxMd9j5Q5ZKCXTSaSde+Ysr//Hff1z7q2uO+dzRG28yrUpx8vg/Hn/0gUeIytGz2ebVXiy+7z/8t0ehMGJUfdHJimUrdGHhewsJgiAIgiAIgiDI+odQOWNkpgPbZq7r5LJe27DssI5sx/Dc8I7ciI5MxzCvrc3JuXbWczKe7bnMtqnFZA4ZSvWj7TpXCyk/nU5FHFtv8FI5XOovjNtF4lDjIKK5GEBUF4UgvRcPGGOB3jarUqigt8AFj6IQorh+qRiGge3YuWHt2bY2uIg6gkwtneyCaEFNnNGnEri8+lqnm9gHGl3qtQAVopeyoN7LoGwWJ6CqiPozrQ1IDr9sW2PUW6nYP3qfVCotSL0pqZ0213as4SmpKTedisopbcXjpGZaZ8ukppymSjiW9D2hhzCTH0oqTvR8x3VgYPALRT/wIyI8LwNzpGAtvrOZ6ucqD5Zss2Vb2t84CELtd+J60uNEjyVCCVNsy+ZclAIuNY9yH/JTRrdO6h21m5NshiBMmp4QUiK07yHZQrA2RyAEQZAegWHKsfDPAARBEARZxxnjjTpuy8/+7pXfcNGXbzeMWrA6bIT0knx3PinPnTvv4vMufmXmy1Cevvmml/6/SydNmli7yiePOGzEyOHfOP0bc9+d88Vjv3jMSceede6ZjuOQ1cBbb7799BNPQeHEL51gK+5/7D6ixDFaQfKPh/95xUVX6HQ5U6ZNvf73140bN+7s8876+/0PwpyvffFrX/rKl+7/k1xl971309vcZfddm+zxxRdePO+M83T5i1/+YtXSfD5/y29uWTBvPpQ332qzuluApi6YvwAKp571eYIgCIIgCIIgCLL+oeLccWSXyOCf+gbnqLw20tfDdl3HcwM/hFigVjeEfhCUSlEY6RQtciM6CUoS3yVVxhvlYhJRJ6Ru1F/LHihdI5qEBslcmlFPBlA+7NScit20rtJQTRItNSXVKB0bjgPHJsmMLHKpleCCS88SdbGk7QnEf9vaIjeE6C+Ed2G1SFkVKIkM0fohljTcXCpC0+dKGM2ESJrcWmsHU+wkcYihFRH2mkssyiqA9No9H4pNuDLkMOeH1uxdFxI1i750FkEqoEmWmZqpyUSTKg+5KY1dWwhtdqQNpyRW3lSW43PX23KN9CSZL9/qBDqUWkp6An1V9m3f55z7QUkOMcolCUYaEg9CMKxQOVMOPbbDPO7Jzw+VRofCj6Mqd5cltScqcY4UPlpyKJJiuVAekeNhxlMVAAAQAElEQVRaKgGYMmVihMQCGKKkJ7ykM1b1ARgYSyFBEAQZzMAwBYMVQ9kJgiAIgqzrbDZs2knbfP7W124phvlerZixc8dt+VlYvfVVXnzhxbtvvyeTyTz814fg7YRJE2DavapLK06OOPbIc87/cpPUOfvst8+tf7nt66d/Y8G8+a/MfIWsNu68+U6YtrW3HXL4Ien58G106bJll5x/iZakALvuudvFP7l41EjpPjJ27Ngb77jxnFPO6e7qvuoHV+kKHz3kgB53987b7371C1/V5Yt+fNEGG0yCwvPPzrjpxlscx85352c8PSOpvN/H9q+7kR133vHOB/5IEARBEARBEARB1ldMWhUTgJeRw0ROINTT5cx2HGZZjvTMkDMjbjuB47lhEEVBGAYhLFCqhjj6S7gSq1QoDGiytx6bE9cdxL+yVx2cPqi0EYg+ewNzCHWVEFUoF4DK821UFEnjZKRWJtaJIhnnheCubcmwr23DHIgLwyIlPdFWAmZ1agxQtDIpjkcbYYo5dKOoEdVNHZT5YWhtt0p0Jw1WYXUUJ61hJ3mJiLo36ncHUd68ElxFEIinsTeKso7QF2G9DTqJurlmkluwskz6X25xSgamrBVNeo4uJ2oS0tjjpFwm8dYqy6RvZUJ0mp1EBmUWcs71TZJcAuiZjmPp+kEYcC6KxaIQkSUtmC2opFdR2+DJRiyLOq4dcRiG4D+IpsJi7XYiU7xR7XdiWyq5GxdQLYD7TxqoyF1y1RnicyNg+1KFEpA+4aPiBEGQoQAMVpnV8vAwgiAIgiCDi82GTTtr+zNufuOOhavmtbjKhGGTj9/s6N56nMA3tAfvfSB5+9FDPgrTLbfe8oQvnrDxphsfctghPW5hk+kb//ZPv7nux9d96ZwvriabE2DZkqUwPfqEo9tybVWLPM975813iEqp87ULvrrfAfull267/bbX//76b3/lAu1K8qWvnDZ6VM+n6OG/PtTd1Q2FM849IzkJuba2p/71n3S1tva2C6+4cMqUyQRBEARBEARBEASpgWuhgAx1QziRaceLWDfAlaQAQoKWfBzdsmWIkgvbceUyiBqGYVAshUEQ+qFMgECJiCIuN6CfP9eGGzwpy8fVRRIgLWcdaUVXMeAYj5bqlDSiNw1JRAVClRnpH1IAQahOlKOVH4kPR/NcK3W8VMx5pimfGVOK5DWSNjZMuZ5In1LHCXzfLxZ5FMp9cZ18Rk4gGAy1ZaIYFRk2x2ryKplcGhUtNLqUOjKNJNUQXUsSijjXR/zWnODqc6vestRbUpUjqcfLobErlSwiDugbSU6tziW+DUS8l/VWaJKmicfJOjPti8dJK+fEnEFS73asN7/qNkgvinu86r1xdRhAXFdm6oJPAul34vu2gJHF1XlxOI/MkBpvVnuZwCuQEsaQS+clqE8sSyZ5k59AjDlCmgRFkYBxJxIhDQWxHTX26CGJ0/ipf/nBVPfAWqAY9nVNBEGQNUgpFBkH/xhAEARBkPWCMd6or2x7+n+XvvzwvIeX55c0qTkyN+bAyQfuOHpb0ns222Kzz58hk794GW+3PXfbYqst9Pwzv3ZmbeUJG0za98CPyCcLKhkxfPgFP/hObf0p06ZusfUWkzeaQuqRzWS22WFb+AFRp15tzo+u+dFVl159xLFH1C5qb2u76Irvvfjfl4898Zi6m9py6y3vfuhPr77yKnxF3WHHHUgLfPHsL8LX287OVSd+4cRk5qabb/r17329u6s78IP2jmETJo3fbY/dcrkcQRAEQRAEQRAEQeqh87lwbbgQyVihDoyruLsUMzCmyvCfVokwIyywCbc5dzwv9P1I+p1IsUkIX8b8QHqiKPGKeTSeiHKQXmlY1B6FsXmoiN+vOz+tJwqM3kkshDBSjnJQuNfnpEqDQuMNUxkIToQXlHEuXU8sG5rquA6zGISCg1JRUE6U9ERnfLFi4YqOZasOoPwmIOQbJ9yIFSdCX+3YrKFWfGLi4aK6dRU1qlhdfUKUN61tfmKdTnmfJttRrE/SYXdBWmoTXXbrt6pnWazSRgL+59V19P0nRWBUJ5tSLil0QE4DG7iTuWY0MWLcs63WTF2UWgVGo/mraappXe3RuBZtfDQDCVv1Ya0y02+14oRz0zn1tU4kWmYdYekhHqqF0vcqlGYn8MFgWxnPgx/s5OqMkLRUjVIYgHyFVL4Rme7LZg6jluM48qOGUfhgCGFbUpQCEylbUc5MjsVcoqV9UIfwSHDLtmCr3i6nw/xJE8eQ3rCkazA6MSEIglQBA+iY9oEZ9ld1Sbv+Ye0YJkEQBEGQnlkmlpK1yrz8gpeXvTanc3an39lV6oQ57V5Hh9sxtWOjbUdtOTk3iSBInxhFRxMEQRAEQRAEQZCBZsH78tmJfc/8iY4bylla8ABRPilGYDqVgUp9oDIcmCgz1VYoqhITkQwQ6kfQhQo++kU/ghBk4Mun36NQRc3lDnTgXm2DaTUKU64eRJRjmo38HXoOcPeU817paEw6CD2nrtkEM6qbOp4lyr5FxG3UD/zzJAKs5rB0+7VyQJfqtqi85erZwggbjPzHSp0fovcSrx4XqKjeCa06aZSUzUmMLEVXgLBv4qoC/yrZkM+jyLRMp1+SV1Akx0Vl7Fc1lPMkPUy5YCQaUT3RSW24veJU10lzI7MU9WQhE0symveTOhunsX2LOlQoK/EJSzqA1EaJsujEHD2N0w813Z2d1jrUa7TOE0KQ5tTz81hn/E764mui106VGypdWi2X31BSb1iMF5pObyx59CGoTwLbtqUWhPOS1JMEMNNzXRhZBDP6Ny0v1NuwbUsIm6hcX1zbmTASRcySN7qyO4E6FnxISN8tlYiHS4MTG4YqR6bh0R8Z8CnCSR8zX+FthyDIEAEHKwRBEARZP5mcm4TKEgRBEARBEARBEGRowSwHAntK/wEhQV71rLv6vZur0LsOOBIjrZCxQTmbWsxSSg3tXWJx1/a8KAyDkh/6fhj4UpigHltXaWN4OcWK2iPVwhYzJ00sDWnhF/fBlIak7rGsDUTaZsXoG0y4ujKmLFPtqMCxdBSw4GJKc4LA97WgxChIiJH1qPixUEINSlKOKhA5jlPuSJGIEaWYZEFmR4PoKlVjDB2EOUPUFKqD7707ggoH2ip9iorcG8EAJRWpniqtUAZX714LcEJNzzMqk5oy6X+5xSkZ+LK+u0S6TGI1STwlVWVi5pDUKFmmD2WzrbSLSSMoLWdf4yI1W44grutGPCqVwlKpJHUnRjQXd+n44GGU0evAbReGEfwrqFK1yX+UxxbT4j+jd1O5eyIioGaOMQeGGvj04VJ9wgmCIAiCIAiCIAiCIAiCIAiCIAiCIGsb23GEsHkUqTAor8iooJ/FNw+/izgmTrQ7hErUEkpHFKZmCEsFGG2b2FDTa8uGfhCUfBH5YSkAosCPQp1TgWjXDaqMQsppaKoxFhSUrkeB90SFE9uc9PHIy+uK+DyqxDoibcSiMfoK43YD1xO6BER9pYVNABcsiHUrsVKCRCpNi0gH/ymLI9FCBc6Z0LoTHXBOCZhSyo2e4tuDjbSHjVEOVKpEqiiLTsyJSdUzaXuM5KRiB/HJ4sZuJZGeiN6qXtYN4FzzGrePXutFBt+0Lx4nrZwHc9ZaKCcko0KV7qROz04+BuSoryqbbFDyKkndiePC21ABBZvIFDyM2bHuROg2qLRelq3UjISrsYdzGqlNld2mqGNZ1CwM4RMqCIqwDrMc/VElR6H18Y5AEARBEARBEARBEARBEARBEARBkMGFZduxOgEimVFibEGkrCQUcXRdPWqug4xSVBBFoQo2MiFCiBYyyzIZWuRD6hATFBAstF3bybiwPPRLUoDi+zwMwiCIIh6p1ArxvkzmFy1sKD+9X6VRIKSBTqHvccd6coEepBAiSRdBV69oIklh0dPxiUazjdYkFUOOq8tjELFhgQ4kS0VKFBIpOrFsx3E81xbCdqIwsOHC6QxKZhVBa+UPcUyZlo0kqqw9kv0n/gh08OlORPJPVeOMGqQsC6kUkNTVndgi3gpN76FsHaNcHcz1EIk0Jd4jFCOTn4kwXUVQkmQS6tvJ460YBxFCW7ipenbFID3kH2qJiMEgQ+Im0dQdUe5qLZTXwJS0XFZTUW9KG09JvSmpnZKWywlUWKpv6aVM/VvHRER7IsUbUsltkssrhwX5smxLakEsqrKuBTQSKluViEcGfaRQA2oyjzpQOwICLsJApiOzqLot9PglE7vZzOIyFQ/cD1EAHxuCudRiugon/Rj8EQRBEARBEARBEARBEARBEARBEAQZGJjtMGZMLCjhSWIRGR3nNo+U94lcJrMZKDMMWVPl0hGMxa4MEZcBQssitgwHquwIEEC04CUcYrmOE0VeGPEwCsNSUApLhUJQKkUycQ9XgWSm8vcwLYCg5eB7SgIjQ5o8rQaI5zPS4gPvotJXgpDasLlyl2AVu00WmWhsvEjQ1FqkVobRU0C0rKmh1QIHE/ZXgdr0K72uqNiRFoSwSoVO+iSSxMqAkMrUHLy8MTlHWgqoU2oxaXli27ZaLYArZ/Qi8qrzWCYkz4k6q9p4QfUUFS+Gy699DPSy1CmlSUQ7tk5JHbtRw1QeKq8bKq84Vm0L0ooQonrNqo3L1isrl7ityb8VnUwFvMsReC4oI1VX3C6f/1jVlch1khQ6+kXjOZHuWrGDijb5kCtq3xi5Oo01L70+1CFJ4AgnUke7jnmcpMv1p3qNBmW9NVE7gvShDCdZbSmWjJmMT3U6WIXwSq9Ok+4KI4M0r2KEWTCgqzE9EpxxqtLp8HhdqBypsYrCArUSE5EPHy1RFNGACFvI/DvSSoXorF9CuaoEAVV1wjDwbduBTxv1iYWqEwRBEARBEARBEARBEARBEARBEARZy8iwnk56wGTYUEsxdCQPYuSUhDosqSUnMtAnVCqWiKuH3bkKfEK1CMLjUmTAIwgUWja8IObOpfoE/qMWs5lwHPV0ei4KQi+T9UvFoOgHJR9CjWpFGa6UWVs4h42QWMlRfgC/jCjLF6hWMMDU6vFI9ZZS0gHaQFlC473UbkDFfBPlQM3mK9UhrOeIaJKxpWJOSuKg3GMIaeIZIcyENovAJrIYnRomflctvaE6u4/KZsFJxKRqyMq2tUGsN/D90NdGNZFMphTvSxneCGEkMlxfHHWhZbiYCh291loimg6567RKyXHpkHTZNYSWj0+QnvQ7otXYc4PTWJaA6G1RqmUxsfyIVl1cEU9TrSTxQcXYVbukaaWIiK9Y+VIwJT3RbShPSazYKa9MxfqiOIFjDToIKRLTcVKdtt9l0cL89HUeuLKoKQszspTL5RbVK5utVZZJn8vCH8akXxWLO1gdnVc9DYrZO2NKM0gt7X8l3xL4pJCfFaF0T6JGyZjq2MltQqXyxHJcJwhCGHcCn1uqTfJTydIDH9xIFrXlCjAAwadDFMLHA7WlvJERBEEQBEEQBEEQBEEQYkFheQAAEABJREFUBEEQBEEQBEHWNjSVJoYyGfGjiYeHiJjlEBOAp5ZUEnDlASFlCUKmyZFPp8uCiKTeQDmeQNQRIo22K1T8UWjPCOOwoR5dtzzXsi03m+GhCAI/DEqhH4YllcOFw9ZYLF8QsacDNYF/asnH6jmtEiH0+XH3ehKEZpsysf8+7m11obwGWq0sqpQydZLgyIlMfiSvsjQXsB0bLpubydiOI6UnQRAFvoxKG1GEkU1QI/2J9KaU242KMnOhXXRM2JrrrkQoMYFtLTSJewjh3Mhoym2ja0hjUZYHiLRYgMTCJlol9kgcSRqk14Ejp8YxgprAvCifNEFIOk8PNfOFqNi6mquvmtCSILJeEYwTZNG64nGSnjbzOGk6ra+MIa2V65/j4miLhTJHmlmh1yOquXvjzswoI5bKwyZvf/iAgEHBih1SKpRZVFoiwQyp0Ar8QOoPwxBWhLYw0+GJFkNaUsfCtWMKfM6EJKQyGU/PYkMEQRAEQRAEQRAEQRAEQRAEQRAEQVYrFdkSaiQJhOg8B/IfFbzU7h1CRtBtiKpzK1LCk0imPYjdLGSoMQwCKTCR3iUyZw2lZU8SptQojmfRrOVyj0fS+8SXridF+Sh7JLPwKAGKTL5jNCbG/UKLAZgOzKfa2ssQaTN41XtRURzCEX/d9KozVeVfoCO8IrYhkfkxwoDzSF5Iy7YsS0tPil1aasSpsVdJCybieUmGGma8TsxLXz2h3UlUUDq2m9DvSTmzBy0LWtYCtZc7MVaoaFJVGD3BjmVT+mwKEktOTC4rLSRJZCcpAQpUUImsGjVrPcL3mRMxYpmRKVFakJqpqCmvgSmpKZMW5qupqDellVNSb1pna6Tlci0ipMUiz3jaXYrGfjzV6qpKpYgZ5RsthdFCJ86CccMPJGEYyjHEisVltFxbrw6DS2RFKpWbgMr6ZpO1jd+J/AxRlipEOmPJwYczW9CGtwmCIAiCIAiCIAiCIAiCIAiCIAiCIGuIss9EbeBcpi/g5UC49lmgIn74nFGVQgTCfxAElAYYMlZotkmEFI6EPIC3EGuUL4mUI3AZaORUJ46BWCMsdF0nk+FhDjYSlHy/UPSLJal14CIKQqIqq7hsWNY3rEnM3oZ+uL+F05boIpjFtKeAtLXh3FJSEUvheBnKfBpSLi0MtAJDBX+luIIR48hgrEGM4oJxlbgnvSPl9xAHz43MRWtQtPZEbUG1Z63aGSQnzbSeVs5tiE0oV3eCqq7PgqCVgpU6WzH6qsQURe9a6BNdlgPQNXwPrCVgcKDFdtG2qonPx1CYxkmlSB89TsqyrIqyoT/lqDsHu9AiJ6ZRsr60ALFWcZIgKrJzqZufVs6H9z4Jw8APfRg7bJvpjG7p7ch9McJsy+Y0DCOV3ssXxLGUTAWqy7GAWULl61IZ2KQTFpdp2FB0giAIgiAIgiAIgiAIgiAIgiAIgiBrHZ33w3hPJH4YJrSuxCjJY/YyAhq7jihLC6YeRReM2RRCho6JAPIohCg5TAEtWYB1oyjUAU0IHsrn1uUmZEoH6XwiiOW6tufaYeR48Mq4Jd8vlULfZ7QkdQ9CxhiFsFQruInjk9WLEl8kxTWyy0GAChwrfYS8mDLUyyPpdCLFJ0EIV9K2bdfLWI4NYeTID2R+JeVwI7i+phGpiVDLtEjQzXhELSkokXIKbs5oObatHRZMWF1oexwyqKDCqAZMm1lFepwapBGQWU+FyVWfV5lH9JGbs5NWAtRBBe95hfAp7U20rqtPGLVJfjLJvkqZUZyQlJ6jP+UmUzLwZVFTThxNmniclMsk3hqpJ4Hrcxm23r18DFXaLq07SfokJcbLRJAeRH6VupNEpGgWMakpdOXl80tqsOCWVJJYKv9WLCFUybQsi2kTII1MygOrUzV2SC0Lg+WCK78TLmgsW0MQBEEQBEEQBEEQBEEQBEEQBEEQZBBAG8bv4gQn5dQfzEQTVXjR+KNACNG2LMGFriADmDK8GNlhEIWRDjXyMAx5COFFlauF2Y4t90uJRS2h8rjoDAqOZzmuG+Uiv1gMSqVSvhj5pTAIpY0KjZQSghHKdeoSZhQSgpQj0iYE2s9opKgoCrKeobUVRAWR5RXXPjcqMA3XwnFs23YgdhxQi0AoOQx12Nr4OBgpRqJcivsO0yoNrt0b1ApKTcHLe5V7oUmomxgt1BqkbnhdtUGYYyKiOgtVZc0kX5UddxtR3oipwcqzK3ZIkwNOZ71SXZ0bMyIZd4+9idYD4DD9wHZKGZEttqIXGdzTvnic1Exb8i+hrQ1apU67q8vPZT1tcRJ3XyG9SLQMTKfBIs16vKaqT8Yz5YZgy7ZlE1fmzVGpc6Azh0p6wpJMPUqeIvWHMqWaRmoNpWEWExaVbYviLiF1ikQoKdaguQveWRzd+Fhx8UoysIwfQU7bP7vhKEYQBEEQBEEQBEEQBEEQBEEQBEEQZNBD09oSrdugsfTALE5FFdMZeeIn1anRG1CdTAfC7lKKEnItOokCXxZkLp4wUi/LsRnX8hEZ01cKEmpZNqxsu67tOFEWCAK/VCrKhDtQiIIQtgRBUZgq0wym9k2SwCglSZA/fWimyaQ3pyNmIDQsQ5GyZ4G6rvJky9BnpOVEtmPZtpvJwlSmVvL9SLraaEGFMBYgqd6ijFOocfdQ/wmVSIeYoDYxUhUVvDZGC0b2wtak5qfWuyQWgdQzNWnao2way0ciXeDSuKNyJ7XagGSLZt1YQ8WN+wWHW8ROC1PWeWSGnfw0kn2NpDQcjcprYEpaLtdMRb1pXY+TJtOKHtNKuQmL5w8LA16kRehRjuPAqB2GIfQrR0rKLN39YK+MUt7TJhPdiV4rnZ6HKncSmzjK3YSodGwyh44UHzJGYzWXqklt25bpfqCCzE4l7U44F7oxUMmihKscVXIwEoMot86jrwUDrjgBFq0g/5gVnLCHRxAEQRAEQRAEQRAEQRAEQRAEQRBk8JI8RE11FLROJJsmDg86PmgeUE+i3lwIk5KB6vi89DNRIUKIFgpHZ2uJMhBs5FEYlEpKQRLwSFAWRXakkyoomwdi2RKHuI7jQplmMjzIZoNQCk/yBb9YjAJfG59I2YL8Tyh5g4nOi/g4mJKjpH0yRAsh+iq9QVpxIrR2Qqx3+pNq/wICkWCujAi4DVcI4tNwuWQvgusSGJmIrpz2SKDKqkBeE2ZUJQzeWUIw+E+qVYSxSpFiFK3NUNtRbgtkLRIfvtVKID+VXYTaOgxf0QVjT4jkbVlVQo1XTHpb6S1oMY56y3Wcvm5ak3UPi9l+yXG6c6Qtv8aUJQM91T4lvfM70Wunyr32OGlU1oSrvChwYGYYRdT3ZZe1TKdl0k2EUaP0SPxOCCEk3YHTVHX1qlFDz7FUqh3td6Kyrgmb2NoNJd3PpWaRUp2XTb3k54sSMrI4+0/yaTNYKPqra5QqBmt6/LvgG2cvWrjgimt/OXLUaIIgCIIgCIIgCIIgCIIgCIIgCIIgLaOCic0qmKh3ubIuqsBoEmsnWisAFSO9CrF0RJEIy1Ircsd1bIg8+n7oBySOaUoLEyEsx6ERD4VMyQP/SzsNJoOfdtZjsFbG8wslWDEoSeMTHoVh4Eeh2qt+El9H55T4RDfVNMxIUXp3PmrtAvqymUFO1SH22AGMukhdMmVtotJyWG4mQ1VEWOpOTOiZ1q6eKpN0NdW1hPE5oVzn4anbwDVCOlBfd5nM8EF6wiZJuD1eU8S6k9T2jLNL3Vh+ojspVzdXIFZpVVYm6yYye5e/YpqTeZVaiaqMlIefpmXRwvxk3Gg+vx/lWBCX8jiJ1SSk0uOkXCZmTlKuuBn6U5ZEtLBiai4XFkulKOKBNDghxBHSaIQxmdRGKr9sk02tqdYk/bZKd1Ipo9KCEvkxwHW2tUh+SMDFJYxaJEm1o1SEajRhDEYZqCk/DlT6HaZTU2ndGo9P5qDihH3cvTZzSL954vXgpid8MqD86mfXvDnr1bqLXM/7wY//ny4vfP+99+bPi6KottoTjz2y5z77a8eaKma/89bF3zmX9IYLf3jlRhtPJwiCIAiCIAiCIAiCIAiCIAiCIMi6RBwBT6FNFepF32X0u8rxhCTZU2SiFRNxVcFVvRW5lDGLWo4ThZ6I9NPuAoKPAZM+GUTmciAyB48vQ42WHerH2x3HYxZzvYztuLAwKPl+UbqeBCV4lWREUgYgOdEPzHMdxNfWAH0OxKeDvWZDgy7A2TKpSHDduak59QLLSdVEPqEvuY4Fy/lwjTxXxiK17oTzyp0oZRJLBEDp/5VESafikRIWeRWptEWJtRkq9xJZQwjV/0V8xOWAOzFNJCYXVKP1U9YkdjpXT+LDo1ZXIVuaqBH026rwPEk7oNTbDdeeFGQ9wGK2EBFbOZ2PfCPRvg2Raau+Jk2nFaNPXWUMIb0YoeQWC1tmMp5rwy3XXSgWYLT1g1APl7Ztxbee0JnSyjulZn5dQQlJ+nm8SKvIVGYp/UEhF1kWjP+OlK2p0T/iEXwqwH6S7VB1mzD9mWERVUso4xOdkceiOhHXoByR6QAZsKwOCdm7b7/58ksv1F3kZTKkJx5+4P6rLr9k748c8O2LLq1d6vv+wvcXQCGTzfa4qWKhoFchCIIgCIIgCIIgCIIgCIIgCIIgyDqASIWtaatBPKr1HSq8JpJ50uSEqahbJIOF1Q+iS3cGCB5KZwxLPcfuMR2djKLIdl2ZNkcleZCSBUogFhn5nMqwJQvdyIY4petalk0daruOk3E9Pyt1J8WiX8rDmqHM1xOZaGlZHqFTArVsA6GrUWJCvZU+KYmAgAxFehPELF9XfeC0Qn0jzWd0NhgIGUeRDgfD9bEc2yVSHgTXUUl/ZOIcEgs1lKRDXRGabFm+L2/ckmIlS20ZNkiNTgPKEVmrUKY6szoiSiqSjSQkThBJwN0W6blJLRVAp0aSFcsGKDFqr5SCIOUGU96LrqurUqEMV7QCoOf4e3xH1C6ouTdaMZBoJbZeK5fpsx2LxZyglLNXThIj3k/6T63Og6we7QhpYT6pPxX1prTxlNSbVlyP2r2QmnJzRPeGYdGDu5VT3tbWBnPyhTznIgxDXcG2WKQ0Ia5r7nYeq6a0zFCIOqYmyQ2QLKLUDKbEZIOisa7FgbLv+1p2CEN+RLjUncQ3i96gNDaRgiP5NggD2IAcF2BYkbcGl2qtIToWr1Wuvv43o8aMTc/51tdOX7p0SfO1Zr/z1vXXXgGFvffdv0m1CRMn/fa2e0lPnHzs4VqhgiAIsrZo5ODVIvDnb5z0bTWi1Jbrhbx4SAB/t7jwhxGCIAiCIAiCIAiCIAiCIPUQlS4YxtQheR+LNmqIVRjmuXS9mowKmn/N5iihsemIcXZgceYbi3P1QDtEFR2bMUf6mtiONj7hKr9OGKgYqOCB70cQEA0CC2q4jg0xS9e1bMv1XD/juaVM6BeL+aLMthOEPAplJDMyR6bjnvK3ZVIpktHh4nTgNA7qJ4co0iKAiplog2IAABAASURBVGNPyVpIWZlitARmYy2QEnb0C9rzclEbHSdlJ4Z6bRPJlazdjw4rM5UrQwMhaqYkJMy2bOGq5DtExZqN64ngVFBurE3kGWKkUr0hrxGjWp1iQZjb9I/616CmsS3IJOqZhtStRbj5hT+ubfqzyZZTT3ESLy0vYyr9B4GYOteqGxOMlzeJmhep2wfWFGV/IZOOR9BYpAPnIVmqzVaoMpeh6tRRrryBuNxkD6ID0aoqQbT2WsNo+UFYGMe6h1WpPVpRh/RzSlqYT6qntKacTEWjqT6CZEQhqdGF1AxCfSznRwbFsUxpOSzLgvBJFshkbQtGZO4roiCCkRw6qb4HOTd6ESkqJJZUiVSOGfrG0L5VxIz12tlKSROVQlGGzXTvViOrxaRGjTEL9hIGUankl/wgijcBm+dUN0EOCrYt7VEYlUZI8NEgpJEWrMi1qxXSK0aNGTtu/IT0Cz5Wm69SLBR+dNG3SsXip486bu/9DiQIgiBDGfioOf300/fee+///Oc/pK/8/e9/P+qoo/75z3/WLioWi5dccslnP/vZIAhI/zjmmGMOOeSQGTNmkPWAs84664gjjli6dCkZfCxZsuTII4/ca6+9Zs2aRQaOt95661QFFMg6wdPvhEdc2/Wdu/LNq0EFqAaVSZ+49pHiCb/s+vML6JeGIAiCIAiCIAiCIAgyyFBRbx34rgrJC1JtTEBN+FDpN5iJJpqAoiVtF1Q0UgcC4Y2ea6lsKUxGLKUPiqVC7LJAVaoEpUKAf6WQJJtry2Rz2bb2XPswmGayWdu2pQog4lp0Evp+MZ8vFvJBIH9oYradacu1jxjePmLUsFGjho0clesY7mVzjpuxXRdClbALoUL40qIC9mUarPcvjx2apucxEw7m8KImol8+D1UngUpRBFMvVSDmpWQC6jB7FQutqVz2Ammgs6Ap1FvW6pOQSjFAk4LQwofkQlaFkiv2lexa9xh1QXUTlfCB8zDSEWOpO3EzGdtzLBuuMkvEANAlqLQ1gAtKtOaifJimR8krpc8ojXN56DNdlkKlYIoWHzRtRZiiZCKM6E4jtKGDinxzfXdwrfCoXS++GZKjIXaSY4TGyXJS0pO4QaLiHjPKrMqbLm5XSjJjrgynKbuhVLyfNTiyoQ2TY4cIOjd2yDs8tyo2JWqo/2iuF2miVhmgsqgpq4tYUSak0uOEmDlJmdSUSX/KIt8R5jdi1NZWVEoWRj3P0/dSIZ+Xar8wlGM4nG5maxej5P4XTe+hWlVXk+qwOxifdR3OldokkL0YPgZYfEfwRNtCCXwSRJRyP1DtYXrNod+p1xqXXfKd99+bd+0v/tBjzXx39+U/uGDe3NnbbLvD5790NkEQBFkNFIvFs8/u+wgzZcqU7373uy1Whg+gHXbY4bnnnvvjH/+4xx57kD5xzz33zJ49e/78+bWLMpnM3LlzX3/99X/+858HHXQQ6Ssvv/zyO++8M2rUqO23354MZa6++upXX3217iL4C+S6667T5ffee2/evHnwd0httUceeWT//fev+1Xnrbfe+trXvkZ6w1VXXTV9+vRerTJmzJipU6fOmTPn9ttvv+iii8hAMGPGjK9//etdXV1QPuWUUy6//PLdd9+dDHVakMETI8rv+1eTqaPZP18h/5oVfupDaDyDIAiCIAiCIAiCIAgyuOghYp+O6CdRdVqzidjdRIkSCI0NLcqL9VPulKTkCyyJpqr4IZMqFCZ0shCZT8dz/UIxDEIehhCXhOBkEAZU6xvCyLItx3VkVhdbZt7xstnA9/1iyS9kZNodvxSWfFhXGGlFkuSFUO2nobKS6PQvKmODET6YBtPqE1DWBvT0E1lLCoi1BK0p9AIdHa86G8nCOOOGFoM4tmMLAVeEBAH3/bLUwsTm03KAVPPMZqXvg9BdQW7M0gl3zC5qktu0ZmHSOn06NzUNsKOIxycrkRHROMOOMI3WP7vG4iHjhaEOMRab0Hh1qmwndL4is0t5u5iObOqYlWoPYzD3ypaxmE04kbqT8APesSAea8ggm2r3oH5Oe1bJkNobqDFyu92TwsI4y7IZk84WIhaVQS/SdvHQhYrFUgSDq1SQRTqljkqHZvEo0tITEd+lSUyhRqpW3aK0YE3fxrFkTFmtEJdSKSiEOFPgq3vCdqw4sJRIqaCmjjZFIXwSyExAA3rPDzo2HWdvMDp4b+nqOsZFCxfMnTu7x2rz5sz+/ne/MW/u7DFjx33rokttuwdPFLiIi1rIm1M3poggyPoMDAsvvPAC6Sv5fL5X9Y877rjbbrvt3//+93vvvbfBBhuQXjJnzhxoLXwDOeyww+pWOP7442fOnHnXXXe1Ljq57rrrnn766fQc7fkBX21OPvnkuquMGTPmmmuuIYOeN998s9HFzWQypCfuv//+iy+++IADDrjssstql8L5WbBAfu5ks9keN1UoFPQqdZcuX768SUf6+Mc//q9//euhhx767Gc/m8vlGlWDRSNHjiQ98fe///3CCy+EP2bOPPNM+CMHrv4555zz7W9/+/DDDydDioiTB14pn893l8jvKctW8b+81MyGBCrA9Lk54ZLuspD/kG1cq7UnKA7a2r39P/47i/iCFWLSiHXiGw6CIAiCIAiCIAiCIMi6iEgy45jAYjms2VhzUf1IU4U8Q8XZjYNDan0ZvowFKDoBi0q3YrwgdCjUojTTloMwpbE5kdlzApXtQaXfCZjKwcNlnh3Hhliqm/EsmXrHgYJUnxQLMIW15HP0EdfCmEQeo9sQB/d1LDXWVJSjpISUY6zxWo3DvC1abtSs1nyx6FXt/jYgdbHT56qieuVJMuulqmqREVSAa6GrwRWES0AqxUdmZ5Xdi+oUMrI/qNQx0gtHGo3IcDWXiTWUNYKSbaQasyYQvTv3thba0ERvIgsy+5Q+BSb0Xk5TUs7NlNYSpFQFZTMiGuesSsQrWndCSHKnrbO/wFrMppwG+XFO1MaHv0WtNaEjIU3LNVNRb0obT0m9KWk+JTXlZkRUdG0WBDnGjOKEJHdOrCxxXVf3oqKSeCUZc0Kp+INB1uhUkv5W1cXMzMZzkrLWjmjplSpTYfxOJDKnGtw1auBImS/RpJEBDaQOkUfSrGUQd3M/JLOXRNWDtyAbjmY5t+d2TxhBv/ep3KOvBgs7OVlLPPXkYz+59KJ8d/c22+7wrYsuHTV6TI+rLP5g0UnHDrGAGYIggwfHcX7961/Xzj/jjDO6urquuOKKCRMmVC164403fvCDHzTa4HPPPff222/XXbTRRhu98sorV1999c4771y3wk477bTpppvWXfTnP/8Zph/96Ecty3rzzTdrK0ycOHHEiBHLli177bXXauV6cJiw96qZ77///qxZs6SUPpW6MpPJwKfw7NmzqyrDh2apVKo9G4OZ3/72t2PHjk3POe2005YsWdJ8rbfeeuvyyy8n6mw3qTZp0qT77ruP9MQnP/lJrVCpy5VXXvnggw+Spvi+f+yxxzapcNhhh1144YWkKTfddNO1114LFxpqat0SnJnvK9577z3o7WToEHJy4z+q9SULV9SZWcujL1Wk1zlwq7Lo5Lv35D9Y2ezvH/Wlknzzj93Zxl4n44az7386RxAEQRAEQRAEQRAEQZA1ByOV6ULqR6xjT4HeYJ5RJ9UPxiePMVFC4nw3iRmEEEkjZBocizEhLMe2XScM3DAIlIJE5oAQXIQBlH1m0Si0ZMxUPpJvebmc4zrw3vE8J1P0i4WgVJJhyiAi0iqCsIp4qUii+0Kldqk57rT+pHJW/2lpQ6tfdNIYWrdcryskZ0VHk+ECqash7QmgEPq+unaR4CT2KlHaojqpYLSiJd6FSm8j0yGpNEAilXpErOFzkdDajm1ijjLlkSNzC0k1TRK8TzIY6QpKhpDcAakdMnMyqHQ2YYlpj7Y7SYQmVKSkXUqxQ9ZFpBxN0LDUbi/9kGh7k+a6BF3tupPWptqnpHd+J3rtGo8T08toqiv0tiyBsb3ULoqbw61nM5vQ6i4RD9JS0gGxLohvKeVHQGIhSBiFlDOqslglcjPj1qPelOWIDaxHmluSSL8TYulqgXSmElpUaMNVZhX3md47RO/kBiP9qTV4VSd/fK70+P/C2vnbbcTOPqD6aew5S6N3l/Dl3WJ0G914nLXhSHmZ4OgP3NrhrQqLBp777v5jvrv700cd9/kvnd2jx0l7+7Dd99iH9AZYhSAIgqSAT6Ktttqqdr7WYUyfPn3KlClVixq5Vmj+/ve/a4FIIx5T1F10/vnn1xWdhGH4l7/8BQpHHnnkv//97wsuuIA0YMWKFZ/73Odq50+YMEFvoZbLLrts3333JT2xfPnyAw88kAwpxo4dW6WS6fGTpVAofPOb3ywWi8cdd9waO94xY8YMHz6c9B643NqcpgnwF85VV111++23w59bl19++Z577qnnf/zjH4f9fuMb3/jNb36zYMGCCy+8EP4kI0MBm5H/+3BZ9zFvWfTU69HYDrLf1s0S3/zzf/7iTvLhza3Jo6z0phIWr+SLVpAe6czLVyMoWWuyXQRBEARBEARBEARBkPWViqAWrXi03OTKictxdLQFRPl3HlGzKLVlQoz9SNn6woTX9b9cL5H6BVum0fE86XQSSeOTKIiMjkE+9h4Ffmg5MicP1IPqbibjuI6b9YJS1i+VAt8PCsXQD9SD9DxllZFMaBMhRRzUN+4SZE3AifEEoUadk8wfCC2BIKSZdqYFXUWttUEaOMW6C+jsHCyTgX9k4g5peRKJellyGjVEo9JxGIsErk+O9vYgqxPTWSvftoYdnyDzrzE4MRlyiFbncC6Y+k0UKjClKEkuS1l6IrfBqxpVfeb1tmNbIXNiBm9Evr9AZ7CYI9UJnZs4eUFzb4psQXolxQfdSBdCWpjfj3K5RyYeJ7GyhDTyOCHVfifJVU/KpA9lCvdIoU34m6rEOFL7RXpSy8lxU+XZKRTy0kQqDGWcj0pdSBAETGExi1pUd2jT+kS3V5nmqm7Wq/QYGpflGKEz78DtoI1Voihi+sOIxsoWrVxUXj4qTAX1w8HcwQtB/dGiWBkeXbBC3Pyf4psLKuIiW01mx++RGTtM+busvYP86vnfe/21V/b+yAGtVJ604eQLf3QlQRAEGXzsvvvuG2+8cev1n3rqqXfffbfR0scee2z58uXTpk370Ic+NGPGDNg46SWtpF9ZV/n2t789b968m266qcea3d3d3/nOd2bPnr3DDjt8+ctfJmuKk08++eijjya95+abb26e7eiNN9644oorZs6cOWLECKi5zTbbpJfutttuv/rVr84555wHH3wQjvob3/jG9ttvTwY9FiPH7VbWlzz9dihFJ8NZemYtr8wPF3fyfTdzdt+kmfDoO4dnpo21SO95d3H0w3uLBEEQBEEQBEEQBEEQBFkLpHQgtDKeTcvpQcrlFkLvtMJLJIkwpp/Hl9OU0QOtMH2I47FUz9fzbIiASo8DHlmW7QiOIgJIAAAQAElEQVRPpmKIwkCGR30/gDJX/znclu7U8sF9ZtuWY1ue4wRhmM2U8sWgWAxLQRSEIgwqc+noN6q1iZxCVNiaDJDaxBxnDxUazoxFOX2QFKRWSkuLKgqJzCIumP2JWA4hBGktjUYUKXGPVp0oy5NQBZcjHV+W0pNUy0wEO+kt5q3KOWNi3GXXHGXEoJclbSAV7R0YKEnJCHq5YVtrZDRSXMLiUy43p/LscC5bLhcI7eMi5USiWrigTkM5rm8aFafXESLSipx0A5M+sg6jBAkwHDB5z3du7hS48GbTtlWCiUaKkzU1bdXjpGbaw5bNgTe4suX5cIeVOoQ/LQiYvvGaqMPKKhBVsGw7wxjcngVeCMOAm/nyjoXhlxIjkKLSgCpOtUOMMrFKYqIqVCYziweLyvaYLFQ6vw9VupMwiiIaSgkhjOCWBbePespdKc2UPotajLamf1xb7DTFXrxCVD1jC23fJRVfeWtR9P8eKuZL1eu+Oo9fel/+KwdnpozuS6xloBg3fgK8CIIgyBDnwAMPPPzwXmT+uuiiixqJTuAD6sYbb4TCEUccAdOdFWTguOGGG2677bYeqwX67+AhyIIFC2qzBdUCdb7+9a/DdNy4cZdddlmPnijwV0OTvDnpaqRP/Oc///nDH/6w//77/9///R/pPZ2dnXBl77rrLvhravLkyddee22tZw+w+eab//a3v/3yl788a9asU0455eCDD4YynAGyvjKijY5p78sfe8vzg/pPRARBEARBEARBEARBkHUXUZZBMJpOktKgPu1teplU/QoBB0ue4S6HS2m8W1ZuW7K6Dr4yyqij5TG2K70iojAoFZWaBH6E9YMo4vAPxCsdz4XIJHOcrOtyQaIw9HKlUr7oF4oBvEolHkawuozXC5HSWAjdnuQ5/PLO65gP9JaySiLZnDHw0OlmqN43iSUXtfIBE/jtrQiC9nFZBWnBSdkGpnF/0Lky9DpSfGLbMk0HY3DyReVmtbgj1f3Kshhd0Mokqc/gAkLpWhskNx43QsTOCwNIYujQh0tu0+Rap8Q6qftKugFRqZBQIgndemFEMzrPjlbh1GkWIdWqpZTYJiUC6ktHGVoY6QmRugRR2JR3c9vxib2EuCuJE1A76pVehLQwn9RMa+aLyilt5HFSMyXNp6SmXCaySODQcISIxoaBC4MavOB2Iy2fRpFC+50AJb8Er4yXsRjjglNu7uSkZlpZ1byFzZ2RtHjFtW3hyrV93w95IJ1P1Fo6sYKIDZLUZrhtsTVkOtUndtzIhleTCn5IfvlPozixGNlmKhvfwRau5C/PluZjqwpy6cVHtFlrMEfWSzOfhwteLMqHg196YUbH8BF1q03ZaGMtRrnx5z/958MPkIHgY4cefsIppxEEQZDBze9+97u33noLChtuuGF6vkgyJjalRnZZzZIlS7q6ukhPlP/8XRd57LHHLrzwwu7u7h122OGyyy4bM2ZMj6ssWrTok5/8JFk9wJW97rrr3njjjV755WjgSt13332w+ooVK+Cb6ec///mTTz7Z87xG9SdOnHjLLbf84Q9/+O1vf/vggw/CqYD6xx9/fJNVBiFLOvmfnvebVyAt894K8eK8YEIH23GqTRAEQRAEQRAEQRAEQZBBDSexxwmtjIzrMD+p44YxMDR1p0jEBESJMFi8CqWx5wqjJtmKZdu24wae55eklCQKZPIdv1ii3cSFH+myWddzVXIe281kMrk2WFTqLkDNYld36PsyE0zEzQ/GhNOUtKQcx09NaWI70RSWWqX2qFO/ObN6bgYVp4IaDQqLz0xSWHOKgt4qjTTqeFQ2I2lrIiPUtutIyYiS+UizE53cyUhrpEYlMZ6R7g/xdS/vHeYwYcmNyoC0FcfK4ZRIp5C4R5XtFcjAUaX86Qk76daNUgmp41XuJlqIIETFnWC0NqysCysvkr1fH7nJP0IYSflVlE8EqVpvnRWgqDCOBX2LcIf4bTT+rZumpkTeTHLaXNXB6+WAp7Thbd9P5QOlA+NmoVKRKbeS3myvajzSXQ1OYyabhXGVdtFiqQivjOtZxIqkrQ7RaXd4fK+qxD2k+p7oRUejWm6m1mCu6zLVvUuBD/e4fpjbcVzbTtIDlRs8pLvzw6/6y1VgMeOSrx1SNpB/fWF07QPFICKLVpDHXw/239Iha4qrL79k4fvmSfEf/+jCRtXO/to3D/3kkVDId3UtW7qEDATd3T0HWREEWecplUp1s9XA5w5MjzrqqNo/Y9ak/OKdd97RNie1nHLKKS+99BLpibPOOuukk05qUuG73/3uvvvuS3pi+fLlBx54IFlHueOOO7q7u4877rgvf/nLPXqcDBs2bJ999iG9AVapO3/UqFEbbrhhe3t71fyHHnrojTfegK+QcJVJY3K53Lhx44YPH57MeeWVV6644opXX30Vyh/+8IfPO++8yZMnk56AP4ROPfXUj3/841deeeVjjz12ww033HvvvV/72tc+8pGPkCHCByvJzU/4pB/ss6W7Is9HZOW3m1nvh7981N95ei9EJ7DiQdvbI3JrULeLrItQ+XV7XVb4IesnyU9sCIIgCIIgCIIgqwUdOpSxxlBYto59x7YeNO1roW1IBjDKVy9iKKqWisqIrkmwomLrXOkVdIoSypgDUVGpK3Flqh0pKOnShaDkezkImXrwsm0HgppS+mDbUZjzstlid8EvdEMdKWKIQqX7iPM/iLJ4gcaJXNTOez4HaZ1O05C0ERyUj652U0nUXMSil9VBEs6tkRiJ1AxKWw30luUQRsQkZDodIa+U5VguycCiKAx4GErxCBd6yzIdTyylUOIeXnVO9KXROimqfFR00Fx7IuiQeVnjIXorFGlIH9a14zMgWDlHVBIpLzeMy4NXYirdy1K+LtVWP/UbRive6KQmGu21IcUS+MsC0gP61kosTIg0knJ16KVQLGjxhxw3pVKME32PKcsTuPeo9DsRtfdqagClzXct/9HWKYQ6tiNtgITwfR92B9uHcGM222bZtrq7lQuVxaRLFRm8+BGZvzTSoroxw9iIXHVjX5lnTP4P39lNFCfA5hOsg3Zw/vq8POEvzwvXpOhk5133WL5s6fMzni4WCrvstofreh8sev/NN2ZN33Tz8RMmJdUmTNxAF874ynlfOvvc9BaefeqJH130rZ122f27P/gJ6Q2WtTYTCSEIMngYMaKOx9LSpUth8O/o6KgdK+ADYsWKFWT1Ax9Gl1xyiZa/1DJlyhRtE9WckSNHEqQnLrzwwldeeeWAAw5opfLkyZOvuuoqMhB8TVE1E674z3/+cyh89rOfHT16dJPVj1Ck5/z0pz999dVXx48fD5v96Ec/esopp2ibnFaYPn36r3/966eeeurHP/7x3Llzn3nmmSEkOpkyhp2wl9ukwh+e9OcuaRbLP263Zqv3yNhh9Iz9MgRB+odFrJCg6ARZ14COTRAEQRAEQRAEQVYbTAb34pB0ragkCYKT5oHvfj7sX94frfe8vAnGU52GRDl8xLoEYrE46wJjNvNsCyJlUTbrZrxiV3fgl6T3SRgGXhB4oet5jutIu42MfFZKmqBkM0ExV+zO+6WiXyzwMNBZbkyoH4KqUfmnhjjPS0/H0FQmUB1+pZWntnrF1InVmTlWp7WJ6GnrTeweWti6EvZEocx45DqwqcC3IubD1YnCiMRSJ6UjMV2RWtq8JB25NjFnkxBER8k5Z5YlY9+6J2jdiRiYU9VncxBbmHxJstFMa2rKvSf2dpEHyyMZc2Uya4m+05rvUdDkfkyF9eOFpOxzkmp60onxJ4b1nbr+/+mZifoE7ijHcXK5HMz0SyUdabOl1xDjIqI20w+YyxCgEFWfEYmOJLHeSRQtqZ2SukDN5MlmP/CV7CRirORKoyOm5WlqcGZ0dY6G/eTO50qPvWJik8PbyE+ObauqsGiFuSu3mlT95O5WE62/Eik6eX/F6vqlO/BlCrqqmWd+9XyYnnr8Ee/Nn/flr39nzNhxs9956/TPHztxg8nfvujS2o3YivSc/738Ikx32X2voZUIAEGQQQIMHQ8++GDtfAjYr1y5EmLwU6ZMqVo0c+bMU089lax+br/99ldeeWXkyJGTJk363//+V7X0oosuIgPBj3/84xtuuKHHao20L+sGExRkzbJo0aIXXnihdv6sWbPmzZsHf3eMGzeubuesZdttt91gA6nOPOeccx599NEvfOEL2WyWKCOfQqGQrpn8XVSbdwkqE+WPcscdd9x2222rL3nQ6qA9S3ZummHw7uf75YPSiLcXR+8u5gdstebUusi6jU3sUP5BPkA/KiDI4AA6NkEQBEEQBEEQBFlt8DBkzFLSBxZ/paai7LZQ9mZoRmXwO3G5qFs1qZVeu04KkTrriSr/DZVQRYc7WZJeglo2hCMhoJbJZqXlSXeXXywWu/NhEcJsrpPxHOl64lq2DZWytp1py2XasqUC1OnqXrlS8Igo7w2lO6HpZrXoNNL8oX6zmThNUI1tSjrImGT+qJUCDYB7Ra9/QOmz4qTsl0OUoUxIHYdZzPFcZlHqw4H4PIxMYDrdKhWzTjQUFb4JcTibKpuQxO9Ex8tlMJzGridrieTLvLkXjG9J3Ow40wvlEVcR9Di/SVX6JUFr8jrRZLtGgJMicawxU/yJrA+kzX3WA2hVSqbKHui6rkxz4/swH6JcTKW/CQW3henHsTFRyt2IKIcdbbOTGP6kb0WRmsYuJ1pHIpQhEozO0tFIydS4TMIlIPrCpEuS46jH3CPliUIGMXm/fLyloE4FJx4hCj6vUoMV4/qutbqOcfnyZSNGjOqx2kYbT584aYOnnnxsBdQf2XP9F//7HEx33X1PgiAIMmj4wQ9+8KMf/aj1+lEUVc0JguBnP/sZfAxdeumlt912W+0qhUKhdq1aXEWTCrVivvWB559/Hj7ltVXMjBkz6rrdABtvvLEWo1x77bUPPPAAGQgOP/zw008/HQqvvvrqBRdc0Kga/GUCl560xoUXXqhFJ1srkvk333xzVU045L322gsKTzzxRCZT35kD/vA54YQTCNKYbp/8c5b/8MvhnMXyW3QQiUO27ZdRCoJoMiRTJAX8Oo2sY2QJGkEhCIIgCIIgCLIaKeULzLJk0hPbsVwZ+TIOIoQYZYSWd5jqcUwxCYWXg9wqOUgS5m+oaOit1EFH5hMvljhqT2NPiPiB+tjkgarovazvuNI9wnGdMAiDYqmUL4Z+6Jd82ym6uYyb8TLZrC2lJ7YSQHjSHKWQh2gqDwMRwp643n+tTKYq0F+lbBCxqqT+oahjUVYcjDA4j6yx2oZW6mxYqiEDYuJRdpIxM2hDZU1yyE0VRQ3qlzdNdeRah5Wlt4fr6hMcCl8otYiMO/Mk/J00tOIsG6eTVLhc2/XIOLX0XlDB60oVFFnj2JyHKnJgvFkgdg6HDy1TDzaqyARVC2RqEohwQLtDuAv1fUTLl0LdbIl+RKeXItpjQqeaJlWHyhOzVdUuowAAEABJREFUCrmmuZ1NlF/EEZG0ACBWAJgrJoVAPV9gXtNrdXqgHlxaRL211hSUkCa6KZ66DZKzH+dF6mPLm48UrdPiin08laJSnmRG8PJ4A4EQiKV1d3eHUUgCCiOkZVlByKF7U3nX6pfR6Jl7UvcGMzCnVCzp4yjf0CL+HDE1VdY04sDt4Mku7wcB7KJYKLpwm7iuZTGiuzcbvHmjdppqL1tlrtu0cXXaOWkkW7ZKHuaTb4abjKsQnTz1tlGdbDB6tRwgNGvliuUbTp7aSuXd99z3njtvffiBvxx1XA9BrxXLl81+920Y4n55/dWkBXbbY6+DP/FpgiAIstrQQpBaG4nmaNkHS33EQOB/ypQphxxyyM4771xXdHLmmWe+9NJLPW75rLPOOumkk5pU+OpXv7rvvvuSnli+fPmBBx5I1hUuvvjiBQsW6PL3vve9RtW+9a1vHXnkkVDo6upasmQJGQhgU7owceLEww8/vGrpM888s3DhwgkTJuy2226167799tva/GafffZJz6/141nfeG8Zv+bhYvMKpN/4IXn5vfCfs8Jn3ggD9f1mWJbsu5W9zYbodIIMDPBTTZbmCiI/YD++IMjaJkfbKGZeRhAEQRAEQRBkddK9ahVjDrMtx3GZH9mua0OB6WfVZSIFwnQMlsZ5EuRbIWI9RFSOJwrjipI2IzH/a5mI0R+ogGTq518axzyrv8tX2j2YOenfjYURmqhFUmcQW66ox+6hnbbjCce1XZ7J5hy7IC1PCoXQ93kU+fminy16mYwLLzjqjOe47qTp0/OrOgtdXUGhFPmBMqGgUtHAuVICMPhPBu6pjv2LCl/kpNm6baLiSMwJSVw7dGS/jsqjKv8JN8cua6W/HtL0WRLa+yR2/iCi/q8i8WUiTRL6UEZrV6mswGrXqrsjpYmo3FP8jgO+L0UnUuwE/c2GL79wXQRjKtUOh/+MbIIonUal8Ef6mMQB7jj/DgSghQqU63g1jVPsyNYyY8QQ1WtkBVUJQBoievY1t1WnEVTrX0TlZdaHFutBlG5EWbWI0LIts0qs70qtSGsEStU/gYnUxY99UNai3cuQRN9nlKyDSbz73BV0tpTu7u4SjJ7cVolZ9GhMdVguSaCjF9QOEhUZfEh8e5JmQwmzLFeKtGTFIJBZdlRCAUpcx6SjGsQ9e8epNryaVNhtE/uVudJe/snXwpFt9BPbuzBaRpzc89/SjLfMULX7JqslcLJy5QoIxLbiXALsve9H77nz1gf/es9njv1c86jtSy/MIGpwf/o//yItMGWjjQmCIMjqZNWqVTD94Q9/2H+Jxte//vUdd9yx0dKNN964FaeTMWPGEKSGPfbYY+nSpU8//XShUIAy/Mnx/vvvz5o1a/PNN580aVJSTduHAOeffz5cjvQWnnjiiW9+85u77777lVdeSXqDZZnvXVtsscV3v/vd9KK5c+f+7W9/gwLMrys60fqhE0888fjjjydIipXd5LH/rZYMUFyQtxZHL8yJXpwbvrGAh+qegz+ftp/GDtra3X1j28JYKjKgZEk2oKVQ9Dy8I8hgpfx7kU2tDNqcIAiCIAiCIAiymil25yHuD0FE+OGGlnxmwTuZesZybEotnYOGxt4HNfkRGr4vOwWQ/mP0KL16TFHJHaQugTGZfgXil7kOy8tlM35bqVgoFYuhH+Q7u+Dw3Uwm196WzeZsx87ksrbrZtuHlfLdhVVdpe586FOoqX7QIlo7QGU2In1souy1kqL6VFToLihNHQqtV78Stnqfq+nltmmfM+zUA36f55E0TYBu5mWzsPEwgFNNIxES+duOFhGxikQ5sbKpnMpDNonGOYtknyXKA0H+NsTTPjEVR0FWPzaPIgE/fgqWCJPiyLvg5ZYkkiIpxNHLld2J0tzQSsuTBtByCiISGxOJeHc8cdghCNJ7dO+ylTERFFZ1rQpVXA0+NLQKRNoWWVatp0sjVVeVdEqJT+pX1ro8+fEk64e+78OQoVVmwgGooEO4W++6sfPE6zJkAuX7ZwQPvRiMHkaXrBJ+nFsHIijbT7bIwDF+wqSNpm0Cl/K1V16Et2PHT9DzN9hwSjaXa7TWlttst+lmW7z5xqwX//vcDjvt2mT7O+7y4d/ddi9pgXvvvuOeO29ta28nCIIgiiRL4quvvlq7VOs53nrrrcSXImH27NlNNtvZ2QnTUaNa0tg1p4niBGiSmaVXXHrppddee22P1bTd3VAEPsodp1pP+c1vfhOmn/70p+fNmwdncty4cXCtjznmmMmTJ1922WW1G6lNQjRz5kyY7rXXXlojOyBcccUVQRAceOCBdRUnzz777CuvvDJs2LAjjjiCIJVsOpF9/dBskwo/+Vvhzfd714ffW8p/+Jf8/+bxfMnMsS2yxQZsx43sj27ljG7DrznI6qKDjMjTfFEUCIIMSczwmKHZHMkRBEEQBEEQBEGQ1QwPI+nIwLkIjYEHkw+RW8xyYWK7npfNupkMlUFFylW8D0L5+uF2yogQacsN/U9q63RNOJHSCkuIaoFKnIeEEjgcm1kZx81lsn4Q+H5+VWcpX+hasRKmpfa2bFubnXFs18nksq5re5lMqb2Q71xV6MoHpZL0OxGCacsW5VQhDTTKOTiq2lPVxLiacTdBDYBEZ+DQoQTbcbxclhUZXBc4U5HR+LS4ndhLRwH9Vyj5hkxLw8vZQpL6LWYI6ic2D0LOLGqbpkj3B2lCo7yCVLMr5S/MWJ5wHgWC2dLJgcbmNVVnolLGpP4R5SNUWYyk4QuNt1D2A2pyP9IejSeQ9RSdtsqyrLa2Nnjb1d0l/U6EsLntuq5MFhVFWpIiPU507qukZzfuTyLOipY4/ZA4045eHXaqt+m6jjZPgWBVGMmPLJvDqJGxHZsMWYKIbDiaadEJUArIgmUVt/mE4azgi6w7YHfkOd/4ji7MeOYpmO6y64cXf7BoWMfwC3/Uw3Phnzzi6Csvu/i+u//YXHTSPmwYvEgLqFGedHR0EARBEMUHH3xApKlVcMIJDTN5nXfeeaSXaNHJ6NGjyaAHhsRx48ZBoVgstlIfKg9F35Rly5a1ogGaPn36Bhts8Nhjj7VY/7nnniNKdEIGiIcffvjpp5/O5XJf+9rX6lb4zW9+A9Ojjjoql+s5hheG4cKFC2vnl0pGQPHee+/VlctMmDChSl4zJIC/zsYPo80r9Jb3l8NLZsLcaBzbbgrbYbK9zQa2O4T/DESGEhCqd6lbIsWIRCGJCJqIIkMFCr9FWRaxPPjiTHDERBAEQRAEQRBkjSAiiPDLBDJBCPFBCB1y6eRBmeXbjhuFAY/C0Pctx5GuJ7ZNLSbD41zIRDM6XEZprB8gSoihZ2oZCC0LT1TgPd4rrZcqpCG9lQiUN61y4hCTnYbqGCdzmAPHk/Fsxyl6+VI+H5T8rpVdpULRG5b1clnX82zG3FzW9lyo5ua6C13dQbEEkTKZ/IWoDEMQzxeWioxCzFX7bKQe2RKiJu+JSB+LibEOHenJ6lJpqDQ4EYcuyORji56rtRjSoiPiJg2HlmyYHhYrSBJ3D3OxTa4Pzqk2U4AQOefmpAuuZsenXWe1UT4oq9H1xPaLPuzO9VyTH4jFDSeJ7sS4naasSmgPGUMErS/rMlulIn74lWlJWHxfJtURpLckaXTgpoLgirIbyUNoUHucmPQ6KucVfIDEOjydFkvEOZ4qSFywavujaNAAy7Yc4sDWeFCCfYVBWKIlQYRLhh4w8vzjteBvL/irmj4z+feZ4eOvhkfu5n5k84FMsgPhzGeffrJ92LDxEyZ948tfmDptk+9+/8fNY1r77H/Qb391/VP/fvzRv//1ox/7OOk3SxbL6PLYcRMIgiCIYt68eTBtb2+vqxt45JFHIGy/9957a+1jmuXLlz/zzDN1twmfVvPnzyerP6nNU089VZWZpRGO4zzwwAN1F52vqJ3/7rvvTps2jawTwN8EcL2mTp3aSuV999331ltvvf/++0888cTmNZctW/b222/DXx1XXXUVaQHoSJ/+9KebVOju7tZpejbffPN8Pl9b4cEHH5wxYwb8RXTMMceQFoB++JnPfKZJhaOPPrru/Pvuuy+dYGh9ZuJIcvyeme0nW+0efplB1gIQsLdJbNGHfRBBEARBEARBEARBGiG4lGXoULXySJDRQwHB+yjkEbNsEfGwVIKYn+M5jpexHIvZFrwjspaVDifqLChxKDH+v14YUYfeW6Q1WYBINaOsOVFJdkxSGBFXEybmz9xs1nG9XHt7sbtQzOcDv1hY1e0XS07G8zIeHK9UQbRlHc/NtLWVCsVSd15VC+CXbMFN1hKhJ+of3VzdHi1ySB9Gy8dSeViD4GeNAVNmVB5OWQISW6dDWNvxPKF9OmgU607i9DqxyESvTLQEo8pshiatlYmV5GVQzjzUdG2uNEM6d03itNCogf3CDgMfdistIJRPA5PBZlqVbEnI2y+dcCnxJZFt1eH81EHHrRQ1QpKUeUvqBMkdkAFNiYSsnyR3qWVZEBSEt935PLwt+SUoO/KRVdMPK4Z2YWRl5c6ZTixWV3do8k0JNQRQrcdS94KlDPkpFzwIfJjpl6TbylAUndz9fOnvM8NWahZ9cssTfr4kDt1uwA70F//vyiWLP/joQYeOGDlq+PARzz715DVXfP/cb11Ud5TvXLny3rtu/+xJXzj1tC9f8cPvXXfN5Ztvuc2GU1qKFzZh/rzZMB03YSJBEARRaNHJLrvs8oMf/KB26VNPPbVy5cqvfvWrU6ZMqVo0c+bMRqKTd999t1gsTp48uX01J/MKgmDFihXyzz232VgNjamr8AvDEFbXypiurq4nn3wym83uu+++8Pbmm2++5pprTjrppLPOOqtqre7u7ltuueX4449vxWljkACHCX85tJjt6IADDrj11lvvueeeE044ofn3kBkzZhDljvavf/2LtMDGG29Memrnrrvu+o9//OOFF1448sgjt9xyy0MPPfSggw7SljnQV3/0ox9B4dxzz23xWDzP22qrrWrnQ5tnzZoFhS222KL8N3+K5j1qMPDwq8HTbwfJ2+Uq/9XcJfz79+ebrAUVYPrHZ/2HX/WTmbtMsw/epuHxbjCa7TkdH9NHEARBEARBEARBEAQZ1Ki4t/R8sJjKyRFFKkECk04TIYe3DObAMmbzyA59nzm2k3Edx7Mci1qcWRZE9038n8YpOqTTROwvEme/SQfKKRlwOYWWLyRbLxtJEPMQvsoGFFtnyBqMSb8W27IZa5Pak1ypWPD9QuiXSt1yaru247leJuO4bsaGcsbL5pyurlUrVoQy6BkJ6fSi5Qvy1OnjL2fPkVKJKN3E9M+J9X8+Xccem+npcNInAXoaXCbLlv4IlmPDojAI4CU7pM6zEafa0NY1mrJsRdubSF+bspuOoCbrTuIrI+154qh4ImWpafLAXAY7KPkWtNWJRGhRB+4jruxxdOcXOlOV1HulPXDUUaieI30j4JCZbRkLIXyVa5QAABAASURBVHVgovJG0oF5oqU2ag7sMcl4pexiRDnXiTp4fDZrsCEGzqJ5ADdVtdnEjIerLqeeNaf5Qh5CZQELZCooixp3k1RKM/XpUi00S9/2orI3qhXitDuUJDIzfc8rtxWaycBobJd8PwjDUsknQ42Zc6NEceJYZK8t7e0n25uOt5KBK+Rk1vvRzLnhf2aF+nLe82wwaYS1wxSL9JsH7r/7wb/+uaNj+ImnnpHJZi+69OqvnnHyow/9bfLUaUd/9qR0za5VnQ/cf8+f77ot3929z/4H7nfgIX+77+5XXp556cXfuvqG3/UnDLZwwXvz583N5nIbbDiFIAiCKLQlydZbb00Gjtdeew2m22+/PVkjHHDAAVqL0Ijddtut7vxnnnnmnHPOOfDAAy+99NIlS5ZccMEF48eP16KTT3ziE3/+859/97vfwWffqaeeml7ruuuuu/POO+fOnVtXpjOomDRp0iabbAKf3S+++CJRKWP0/ClTpjRRzGy33XZbbLHFrFmznnvuuV13bZbc7cMf/vB9991HWuD222+/9dZbexQhbbDBBpdccsn555//yCOP3H///TNnzoS+dPXVV0MzDjnkkNtuuy2fz++9996HH344aY2JEyf+4Q9/qJ1fLBa1tc+NN94Il5gMQeYsjZ5/m1fN7CqQ2pm1vLOIk0Xlt2OG9bxKi9zytO/a5OBtnGEZ/NqDIAiCIAiCIAiCIAiy5pCBQSuxKNEWIDK6T7hKQEIh+s2pdGsIObejIKQ+DX0rcGVuGsuBicsch1m2Ce9LLYelQoSCiHieSbZAtdyDGfcRlW+nrDygqRwjFQ3ssf21s6rXTuZoiQKziHkkHwpcxulty3Vtty1b6u4qFfKlUjGKfA6TSIZPBaeu53kZR06yuUx7e37VqkJXl18oCggQsrjpMuVQnNXHSBuYSTFkUrqkm8pT7esvA54ipjo0XPnWpKfpqU31hTW1yV5S50d6m3AuRU82c5gL1wX6X1AsCrgSyhNE6qKgEO+ex8lkKDN6Iib09WDGxYSpN6ofqnC57oVCXxd93YTuiJWZbfpv7mKHYVQqlWCXWWYxyzJyGJ1uJBF/6DxM1V22IkpfzzoivTwOzJPE1ae+8kD0ymAIQeqRGPNks1noUYViIQh82bdgBLVtmShLJWmrHs1N8ijSOmkfpPi2oTLBj0UsG24oBvsOgoAMMl6YEy5eVX0DfnpHI9Eo+OI3jxd12WLktAMy202ulpLYFtlhipSYTB/P/vC4r7f1p2dL203OsX7cvitXrLj+msufeOwRKH/1vO+OHTceCiNHjb740qu//KUT/vDrG7bcapvtPrTz22++vmjh+7DoK6efBMNXW3v7SV84c/wE6e1/9te/DTPfefvNX/3smjO/cl6L+/3XPx6CkTeTyXqZTKlYXLDgvXvuvAXmf2jHXes+1Y0gyPqJdjqp6wbRZ7QDyhoTnfSZhx9+GKY77bRT7aIRI0Zcf/31J5988s9//vMNNtjgkEMOIcoNpb29/cwzz3zyyScffPBBWLF5spi1zgUXXKAL//nPf2C6xx57LFq0aPjw4T1mwznmmGMuuuiiO+64o7noZJiCtIDvS60q7LqVym1tbYcr5s+f/xfF0wq99LTTTiOI/AvH22+L+kkAg0iKa6to8l2kIztgfxU8/VY4bwnfZkNrywkDINhFEARBEARBEARBEARB+kTaRIGoGKFMRyLj/BDsDwSlIbNoFDJpeWLZtuMGngNT2/Us24GAIIQCCWeEcWJUCnHkkcb+ImbrSbKFyvc1GFsI0gMNY+mi5m3ZCCOVkiWemWnLuZ6bCeBXyZJfLIRBqZQv+IWi47rZbJuXzTiea3ue43nZtrbulau6li+P/IApwYQgsY+E1lvEj+nXZDcZAslO6BoUJ6QS41T8I4PXlgW/TdquozNsSNWI9tCRP1lW/jKp0zqlvG7MJhJVh7RisGRXVmYhJjtPub9r0QuNl/RAK2fHhi2F0oyhBDFygAom3RtYnFOEERKLT9KiHr177SfBtBsPK/dQqvM51etDIj52SqrVW8YiBnUnyECgBSXQpbPZLJSLhQL0c92B4SNA3ZlCqbu41nyRlLlQK9RqD2NXIqGljFIoadtexiODj5dmc3hVzfzUjq6+6976gBdKZuZJ+7q1ipM0e23qdJXIXU/LCNmiFeKleVF/zE7uuuPmJx57JNfWduY55+2+177J/KnTNjn5i2f/4ror//fKS9t9aOeCcq+B+dlc2+FHHnvk0cd3xMG5KVOnnfftSy6+4OujRo9pfb8znnv64Qfur5o5ecpGJ5x6OkEQBFEsWbLkhRdegMKWW25JBoju7u7HHnsMPqr23ntvMogJggDaCZ9r++23X90K48ePv+KKK0499dRf/epXBxxwAFGWKrvtttu11177wx/+8Atf+MJPfvKTHXbYYdq0aWRwUywWn3zyyWHDhk2aNAkOZ5NNNoGW1803lHDQQQddd911jz/++F//+tePf/zjpN988MEHJGW10iIbbrjhaaedtueee371q19dsWKFnnnyySd/+tOfPumkk8aOHUvWY0a30dFt1X+czF8hfvHPQmeeXPTp7MhcytZSkG/dme/IkUO38+BPmtX0hUTIv5rkX2ITh6O2FUEQBEEQBEEQBEEQZI2SlmHU5t6IdSMy6B9nBIE4Io9oyJgf+UHoO5ZTctzAkVIMl9g2s7h80t1Sfic60k1iJ5WUrCCJflfkWmjw81OTOHkvfrASNQcZx//j/CYyXQlzbNdilmO5nuuXisV8PiiV/GLRLwaZYsbNZFw3A1WyIzOO68Ga+VWrIt+XGYpiiwodZpXZXRINhM6zQ2lFU4aA+GQ1Iwip8UwxugidKofL5/4Z86SYiZIwCGTaGWXFQwlP6TQENbmTqKgQE5FEpqG9T5Q4SImodF6aOGWPqpxcvxaa3QK23I3MwRRYVmDZgZRl2SoGz1U2JtlLuKA1vVvdLty450TEZBdhie+DOkTS3IFaH5Kg5XOh4/VS8sJVqpS6B4lyFKQFzAcCN7oTKOXzUqnAFLLXRqrfatMdYUQqTYRsOjtZ9Uwa55NSb5m8gct3HuzIsW3hDZZBdOoYq1ZrUsubi0xinRFtZLdNnB7r77eFc//zvq/8XOYt75fo5NjPfX7J4kUnnnrG+AkTqxYdfuTRHR0d+x90KJS32e5DnznmhK232W7n3fesjQXuvte+l199w3Yf2pm0zFHHnrDh5KmFfL5YlOKksePGT9pgw9322Mdxej58BEHWE2655Rbf96dPn96iX0WaYrFYd/4jjzwCi/bdd98xY3qhk1vz3HvvvV1dXTvvvPPo0aMb1dlmm22uueYamMLIOX/+fBhLFy5cSFQCmlNOOeWXv/zlD37wgxtvvHFNCsb7wE9+8pMPPvjg0EMPHTVq1IgRI5588slLLrnk4osvrtvslStX3nbbbV/84hfPOeec7373u5dddhkc/tSpU0n/mD17NlHJbnqzkhRFwem966674O+QLbfc8swzz7znnnseffTRO+644+6779bSk3HjxhGEkFJIbn2m+JfnQ/i+NnEkWdzFR+bKf7rMX85X5PnrC8hzbxUmjCAf29792NZurrV8fX5IWuT52SFUHtVORmTxiw2CIAiCIAiCIAiCIMhahMavWDlBzFPm8uEkWjaHgKUQV4xCrixPrMApOZ7reFk5dV2ZA0GqTyxmW0pAQGVunTj/BzGJF4TKbjOAbe/pl6WK5fWDldSytV5EZg5yHcfzXDcD8bJSvhCUSlEYBEHIs8LLZOAIM9m2MZPsQtewrs6VvqzgS5GBlJ+otvC6uxiwdNXalmO1shZ+vlaHZPLgkFgIAv2IudCH4AwHxZJ6Dl9o54NK3YkKUnNetgXRqzPjQqPfyuUsCWFr+xMhqu1WmjeStIJtbiIuoNdA0+W2mUXVronuH/IBPKZFNumAuiyrjEAmR4nQcX7zrtFVEUZPVSUjq0hnlN4KQZB+oPshY8y2pZOPlKFEkbAsrudLNxKdxsx8YAghWpQ1mTtZiHT1JJNWUkfrTsjg4OBt3ZE5uqizh/H9nQ9MhZ03sVs5F55Ntt/Ieu5NKeJ5f0W/Pjyyudx5F3y/7iI4mVpxojnltLObbKdXihOiTE0mH7cRQRAEacDKlSv/9Kc/QeGUU04hvUdnbKlym4C/FG+66SYorMm8M6+88soll1zSpEIURVVivnw+/8tf/hIKJ554Ynq+zgKTZvfdd9eFGTNmwDTxNTn55JMfeuihF1988a677vrMZz5DBit33333n//85+HDh5955pnZbPaaa6456aST/va3v8GBwCGka3Z2dkLl2267rbu7+6CDDjrkkEPg0GbOnPnNb37z97//veu2plCox3vvvTd37txcLjdlypRW6nd1dT3//PP33Xffk08+qdW0xx9//FlnnQUXES7HrFmzfvazn0H3++Mf/3jPPfccfvjhcES1HirQFav+gEmTZAmEQpOUc/pvLTK46SyIv74cPDDT78zLBIJH7e4evYtrV37TnzKK/fyk9ufeDe+f6b88h//+cf+uZ/3P7Ooetr1rNTYl2WiMXPbGe3zuMg5baNIG+Go1e2n02yekp9y2Uwf7GUMQBEEQBEEQBEEQBFkHSZLXVISzqYlXi9gqQnkmGOOOJGGCCtaHPITf4qIgCH2IrXuu51mOY3uu7TgWt+BnMmpBBN0Syf7K09V+aGVai7ErLYxORQI/kwn4lc/LZh3XDdpyxULRL5YCP+DhKih4GZlqJ5PNyixDnlPMFwpdXX6hAC8emV8Xzfk0CV5qdkYH4DSsJl3IapSbVF6UqnMQx6ZJlXZCJsdRD8brpTK6ndL0pFtblZojMZuhxlKEMumToiRPKqqtRB2CqvQ9lQ1oTGsXztaiKtguBA8gKg/btpxMfGAVliplLUiyC32zce1WYswlUkdarwlCmDs1td2aavGyVgUAQ4d174gGEyZDU0rPpVyC5EwIhDiOI+MxEYc7M1SZd6TOMB76Et0JqdSRVO6gns1WvL9UIjSaNKZJeGbN41pk7816tu7oUCbzrkP2nN6qzwfUfOGdKIzI6Hbs3wiCrIPccccdhUJhiy220LljWuHCCy+cM2eO53lLly7V3hX7779/usLtt98O8zfbbLM99tiDrCkWLFhw33339WqVu+++e9myZTvssMOHP/xhPWfChAmZTGb58uWXX3755MmTq+rDUT/00ENQ2Hlno/+Dz99vfvObX/7yl8lgZcWKFZdddtkjjzwC5e9973vjx4+HwujRo6+55prPfe5zN9xww7bbbguH8/rrr7///vtE6W9KpVJ7e/uZZ545adIkmPOd73wHZr755ptXX331+eef3+J+4UTBX+DZbBbOZ7FYnD9//i233ALzd91117p/P0Cdhx9+uLOzc9WqVQsXLvzf//4HXUj/AQN/53ziE5+A1m6yySZJfeixP/3pT2fOnHkd26toAAAQAElEQVT99de/8MILf/rTn/785z8ffvjhJ598clp6ctFFFz344IM9trZRcqVk6Y9//GMyWHlnSXTfC8G/Z4WB8vXcbiP2hX2zk0fW/6MF5u46zYbXvOXi9/8uzHiL/+5x/68v+J/d09t3c6fuOpuMtUa2k+Vd5Mt/yGecZn/t+4F55AP+Bv3kDmiohiAIgiAIgiAIgiAIsuaJFSVE/wRHjeIk7ZYgkxxIbwaq68T5clR8W2lSuIAIZAC/7oVhFARShxG4tutaDrxsy3Esx2KWLVTalFTcvF7wfiADazQJwEMTldtK/E7Ez9Kn9qkiozqgKUtCW2ZAUNWST5hZcDyZICiVgmIIP6tFYd4qQSnM5rLZtnbXy3iZTB5+quQk9EtEZXCJA626GTxJVpTsseJgRaNjoD3MpAOhXmlApdQhPT/ecy9Jd6tyVpvUgqqdxWIROV/az8jEOtSXZupc606o+ulYcGWwoM5E2Vuh8jyrDDtc1udCH0GcV0deFKZ3Jsp2Pk1o5XTb8o4SXJtA+KVARuwZcTMyDRXXei34UVQn0qGma/LyMZsTZElRDK0wY1Gw+Mj0Ksa8RMQ3Z+oEEn1OtP9E7HZi9k/rHRZtqTPVdgrdwvTKrIW7uWeNT4PdVSytPe5G9ZosTIYHylL7bVS9pWa3eHRDgvJwabxMZAnGfOjhMAaGQRiFYckvwdKM5/EoUk4nyuiKxmO9zC2l+jalVbnGTEGPNur8J92Jq1w+JDYESmtfBpXupBW+uG/mi/v2ag2y9QbWDSe3EQRBkHWU9vZ2mJ511llNPugnT548YsSIxOxh7Nixf/3rX3W5o6MDQvJp0Ql8MP3xj3+EwnnnnbcmPyY+9KEPnXTSSU0qfOUrX6mac9RRR61cuTJRnACZTObQQw+9++6777zzzkbbmTJlymGHHZa83Xnnne+9994qr5fBw0033fTII4+0tbWdf/75++5b/gjcZJNNzj777CuvvPLFF1+EQ9B5+mA+1Dz22GM/97nPDR8+XNecNm3a97///XPPPbdXmZKeeuqp+++/v2rmRhttdMYZZ9StD2f+sccee/zxx5M5uVwOrukuu+xy4IEHaq1MLTvssMOvfvUr2Nf1118/a9asu+66C+qnRSfQaWHLpH/0x99ldQNfqa5/pPT2Qm4xsteW9pE7O9NGt2RkOnkkveATuRfnRb96rDh/qbj7uWDvTZ1Gfidf/Vj2Ly+VXniHF4Nm26RS3Us2GseO2tnbZOyA+qkiCIIgCIIgCIIgCIIgLSHi58i5MClwtCAj9qGI43vK3kTVFOkwoV5Pxv9ExAX3oyCE6GAYerYtzU5sVyaqUdITjzm2TLhjUWpRqVIx1hJERcL1BmU6knTTZPixwY/QohwiV6qOZAuJzoQIY+NCdXRSpB+bp7RC82BWlnOZPiZqWqXT2Fi2wyzb9TK5wC0V8/nA9/1SEIYr4cftXFub47q2ZTOZysUqwQ+nQSkoFeXj6TpFitSvWNTIWow4IhaflEOyVdT8/G7MZyijqQrJejQtsqlBxf+p2aWot32VBsloccwpIkYjJNLXnFSe42TPcZFU9o5G1EgWEmkITc3QiZikskSeSItBJ4LuBPNC34fTS4n2U4AKVnyG5Ekw2XOk1Cg+irLuhCiJh3qx5GhFfOxEiatID03vWUxB6IyvHhWfSNmn4XawHcvNZLyMC0dCLJX2hwqmPRt0o6qlN1LxJJvP5Clg+ixUZg8yvjA01pDUOL1oPwq9cZtqbY1sUEr7VNlu6KktqIlaqdOK6KRFBsR7R7S2DcFa0crwgTu4QaqcaK6Y4ZERL3FNGMIN6Qd+FEVyFLQsiJFYtk3TCh7LBABEarhQpj7lUV+YO7UsOon0SCnKyqtYhaZq7iEf7540sReBKGBx17ojBkIQZN1m7AC5HK3qysN0WHuODD6ef/75nXbaqfX6XV1dS5Ys0eUNN9ywNvPIu+++e999951zzjlkNXDZZZc9/fTTF1xwQWI38t///veqq67afffdzzrrrCYrnnjiifDJ9bvf/Y70xPz582fOnFmblgWOdNy4cTvssMPgT7aSkM/nf/SjH5155pkTJ06sWgQf6g888MChh5r8bj/96U+33377Pffcs+7RzZgxIznhrTB79uzHHnsM9l4oFMIwHD9+/OTJk/fZZx/HaWiAsWjRIug2Y8aMGavYZJNNWj/PcCz//Oc/586d21x4tE6yeJW4/8XSYTt4fRusuCAPvOxvMdHqUSbCBWmu5aaUsAH74xxBEARBEARBEARBEATpBQvelz/Y7nhE+idZmo6oV0S3k2g4YSIduy2HFHUEXMoD9HIGEUdb2pzIhDu2dD2xPddyHeZYzLGVSkAnESk/OB8T/6SkHmsnlDaKOCfiiXRks1IQYTCikzg5A2lErMgo+5Gk6xp9gojg58sAgBCrD/FSRx5jxoMYK2Pyaf9CoQg/cua7ivluHnJz8owGJv0DMhWiJweHiqVKKUDLj/qrC5HYZBi5TIMNMlFh4FB3+yaQW86jlDqVaWUMrfpFz7TC1Gj11744uAyXRtTLQBQfFzHHqyPN6iIEJT/0/bDkw+mtEL4kP0fqykz++EgTfwZGUvmOpBmNiH1NlC0N0al2Ki5RP4wq6H/PPdoEDCgXJkUQc1zZVRxP6rCIEYRoqZO6okk4PXXvUXnJ5epp3Um6gjBeJqZH1IKiEw2KTnpFD6ITriV9JjEVTEUYBWpchEEQrpfrqhRrlq2VT6qTx0caK7z06FVHdKLtqNSKUbI/KEflu9PcC3vKDzAUnSAIsq6yPohOEARBEARBEARBEARBEARBkKFLI9FJhRFIYkViZAgQHqz0HkkLGZThibLbEEohIbUgECi3bEdZnni251muAy/bc6TxiW1JXYAJoLOKzcRb10KDHiLOavVyCwmvrZIWnZR3VBtUTYlOaE2DTH1t78IjQCbaCYLQ92HDUk2QybquA/UC3y90d61asbLUnedRqLJD6CA/T+d/6THcnG5wop5QuhPdnrUgOkny3aTW6rvoRF//8mmt1zadQCexNyDSZCGS4e1iKSj5QoehtetLpehEWYTQ2OymQkwhYhMcIVIOCrrAiUgn2emr7sRWmioRa2Wk3412DldZc+C2YCoGH+uruCi79VSeJW0mQTmROi0hmMrXk9adEOV0QgZOBIEgPaLvuOTukIO9Zak8a3KWukNDrbSzpd+JkfuZTssFSeaQHmR3TAlbRCzG0htRApTIsizs9AiCIAiCIAiCIAiCIAiCIAiCIAiydjFBw3KoPsnSYYQRKYWEiconahQ1Rys8EjkDl+XEJYRH8tn0MApLvuOFURBYrjQ7iQIH3lqeSy0b/qOMkfLz7WZviRCBkh5MDmQLqW4GrXImqVuuOKLqbZH44GhZbUDNokTYoKxV5HP2nuNEbkAtFknbkyDiUciz2UzGa8s6Gdd23a6VK4vd+bBUlFmHZOyUqBQ8XJ23PhkclEO9qyvcmpjPVMktVoc3gLp2tKVt67w4sdzCsm3iSTFGRAIeyYQ42nlBi01onPQpLUCiyUTXoeVSIjxRxihCC4MoSfIzVdPKqbelZQZLIuumP6s8JIEd2NxxGK3vdFOOzZtLbZxgZPehFkxVi6XQRLvEkFib0qw5PUq3hj61Z6DPh5zeVO1GyjKlBhUabarJBptXGJxoIQh0Qq76JLOYTctqkiiKjIOR0qMkI2p8dLIHaxlexUCYfBQlMqoaiZWuFW8fQRAEQRAEQRAEQRAEQRAEQRAEQZC1SYWCRJXScbwk7qeeNDfzEgFKhRqkIvonYtsRSoz3hAiKfhSGVhhYgRMFLpTt0GcqM40N8XdLmaZQI0AQvVJUqCCnCquL1KzqcGSvg78VR2d8KGSUlOnDkzYVKvWJcDOZ0LajIOBhWMjngyDIZAEv19FBLQuW+vlCqZD3C4VIKSNS2h7ao5FG2rmj9rBXC7SmU9R7O3AYW5GGofYkgU6sO5G+NczEpX2pL/FNrhxjaiJ05g/VIUSyutT5xDFxSqqMfIzuRCWIUjoPzlUkPVZ81LanJ+xURbUN1RgOkXLCA8t23JBRR95ujJa3SUmi+YpPR7kra8sTdeiEVaWA6cnohLba7CFJbE1Tq97Qr1Z7rl6d8yrRSfVQYPqKETiZU9tAm1JXUFIhKqqSsPSh2enGtyjDoOXG9xGRkpAkohBGpX0ViTuwMoMKtVuJZXQnyedH+SMk3eR0RzU3MEn2EzsdcZ5YExEEQRAEQRAEQRAEQRAEQRAEQRAEQdYqlWFHls4qQ9Kx+fS8KgRJLEn0exkwJSbMbnahk4TI7CIqL00YhIFvBy5zrMjzXS9ruy6zHWZZJlFLHHwvp7YhzY+iql2iyfH2NlKZri9o9SLGLOowxuzIstShhTwSxUIRio7tWI6T6xiWyWQK3W7esordXSKK1DP+rJwVp5GfRtzkisMRosb8hQ0ZQUGdvDykJeIQvA6rG3cdKehR6XksGhRKhMRiE1LWYJStemINgInmx8Y9pDKcXVYCUSnrUKIBJh1GqmjhfNsV2W/UdiPVcoiYl0pFy7aYdICg5QxVUAmC6cb+pKKbUvOiOqOSkobpXCM0NjkRZXVNvLG4QM1RUpqkFFp9CqLVRPObVslxZA0eSzhksilqxEmEiFbUFYlGJBSxqEEhL1NK4sNVChktzlN7MSnCqvZiUjWphvFYVqIrWoylMylxtbtEniIdlFTvoyTdO0mcVqbh2RDJIZCG6pNy2ilm8mT1Qd1Svd+UX49uJLMYDHzMhvsSBvqoFAaOUh/alk1U5p1YpELh1NDKUdU0mxmvlHKjU9KrqgKCIAiCIAiCIAiCIAiCIAiCIAiCIGsRmdomRvBU9L0xVaYKJuhNKgKHJu5ZlgqIJOGOjDmG1C+V7NC1XSfyw7BYcjIZx8vYnsdsmzELQrmEWkaXkQouwuZ4xbv4H0p6bHnfQqsmNFt5AqqinbAYmm3bDkSPI/gvDErFUveqLsuys20Zx7GhYDnyBfFpWMaDMAojpZ0QKncEMzYepL6agaasUWoEKEqDQWl/fE9qXEZEXQkPJZWyhv5Q499SdXWqL1b1jpXlCVHOCp4LJxZmRH7AQxPgL28hFRCXWXiodqjRTRBVO6I0NlbQwh4lDVBnl1a4UQhSzgLVGJvSGrMdFWJXSXaiQj4P5Wwuo+PvXCuRLJb26zHNMiqjtESHxq2k6giZWimq2h0tW9bQWIYwxLQmraAVJyQ7PLfdQc6oDRf+9f9FfjdjcvxQd57VK91JKMTw/b9UeG/WilcfJ6EvJU0wIGmNhjqFw3Y63B4+bumzdwcrFzK5lMIebFmh8p7RihO3bfR+Z5SWzV/w2O/g8sv6lrzIWqeiOxZtGzNmn5PzC9744Jm7iNK4qIxjTNfRGhRKTV4v7bCijafSPdh4tCgvHDVVbagcTvQgYVlU7UIek63smlo8OVWk8lOReHBPXEnkGA4fo3J2QAAAEABJREFUJ5YlwjDiSmgox27KE08ULpuoZEENrkTigxIb/lBR2c5+amUQBEEQBEEQBEEQBEEQBEEQBEEQBBkQKh7OrwnktfIsuYjdOsrPoqcWUpKKosfblsoAxoNixMMwtH1mWVah6GQ82/W8XM7JZGzHZZYWFRjjB2HsHITZHNWqA5o0uBy+FD0caZNgJW2axibxkqhSaOjYMNHuGDK0qkKm0sAgKBZLEF21ZTYVN6civIWuVX6xSHxfJlpRgVflz6HPYpXwItlZrLEw3gfpnQ+AjKCV6C2l/XNTqTz5qU3RFndZVsYkrgqqd1HlF+Llsj5lIfGjIDCxb2HEIqmjEyRlIFJx1DT5X4XgLcpVXF8lBpG9VV5WFcjXPbCVcLdde2gWoyIW74RBWCqVHMeGekprovwehGkMSwf0U+dAhesFYeYgZLYd0+9pzamsmKNvm7IjBVnXCPMrrWFjWG7EsJ0Pm//IH+BIXcfKOPJyO7bRnZDG100rV0I4n+M2c0ZMYpmO92b8nfAIrkxm+Jiw2EmJ6QTDh411R00ucRiyfNiwY1meGqdoqqdpjVIY8ewme7JMu18qrliVl6Y5lEJjYC1b6VR05RFb7WTlhvthsKKrQGQnYZauoOpIsxY5vChRC2XQSDlscBKlMp5BszITNh693QFpH5RGTieL/vt3f8m7nm3D+YFOWiuX6Ts0HsfUcAxHK+8Wy+JBYDxL5NHBYG+ZsxRbudQ6PaUT65jK5k4uX0Tbtte9bowgCIIgCIIgCIIgCIIgCIIgCIIgQ4708+qUk0YigPQD5rVLVaQxieWbPA8k5UGiFoiKTQmVViKEuG4oZ1p26PuWUwhKJS+XczMZN5uxbYfEtgBym1RFW2nKDIKaECSrCCfTGuuOgTR5oMkkPaesq6EQiGaebTlO4Bel90kEpzWERtm21Ta8w3HtfFd3sbvLLxa5yjOh1CdKTBOJSt1JeVe0VlBgslpUNGfwP/xfIQRpTciS1DcJRszciotge67OXaLMZsKkh9R0g9hAQUX8K30TkpJM7SGD5iZRS7nNMptSjRFJI+zaWbDRUEfflZhKSq78QCmWHJrE/vXR8pRQixKTriq+r5jyiBDJIRFCejL5WTfC84mcIm02JI09hAjCcOETd2x46NnDpu1Axz7ZOfc1z7FD18ll5BoW0zltasQNNKUUgds04iM23R3KH7zyxKpuaUWTGzl2s0+dHxW63v7jxVA1UjYiUKHo+91F37GsjCuUTEQwk9aHJvqV0MoO22RXqJybsOlWR1+QOHdo65Ko1PXmvdfAADdl451hbseU7bY6etO4VeW2LX7pH51vPufYbPwe/zds453qnpY3H/ylT73suI1JC5Sou6q7mPXcLLdlz7Jp+iT0k/StQpWaynEcdUJkZ1cKIFnNtu2ykpA0Hprr5YHSp9AsXwfVUwiCIGUG+990CIIgCIIgCIIgCIIgCIIgCKIoPy1PemlnURXOJ822X6kC0fkciKWlEzJCC++CUPo2SI1G6JdKnpcptXvZjC2tIBwLYq6UaSsQGWdM6WTMXkTKj6Qcna80JOn3j/e0Ql4Sz0x7R8TLpYzAcm3bksHWIIBDCnyZ98V1HTeXpZZlwTInXyrkoyCkzJaR80hIOQ1PNlvhz1HeRXLA9drWf8yZrDRT6S9pN5346vQc5661ORFEZ9gQVdtWMW6ZvUhV9UWRh1GqglJsaHucuERUp9P+EdoxpbZJ6T1qgwWhU3zEse76pikxtg69kzgSXz4qJYmBnUMbSqWSlERAF3ChLczkReEpqxNirkmyBZU+RVgk8XnpWTKgD7raJSd9nPXKgw2tAYL/I66chNR5IEp0AnNKQVTsnE1nPLTBrgdP2v0Tc179b8ax/YxM7hJ6jmtHUnRCy3YvcgBiJouX3ngEW2sblZkwXUThu8//o1gowdLhm0klx6pF73YVfC2mi5QeKF8MugolGJzktVCpfJgj717d2WSTIj5il09Sy4n8Ioxp2eFj4JL7+S4Y4eTBQDXmLO8qbLznpywvGwWliEde+3DoB1A/8EuJ9U4x5PmS73LLz68KupardS2nrQN2Uuxcrs/Mys5VmTZZe+7Mf77891tDmeNLbLHP4Vvtc/ir/7r35X/co46X7vyJEzbeab/uot+Zh93JQddWxiMilsuQPkErb28jzlKiLdi87KkuCZTZiXR/CUNhCSW0Yma8bDAWpM1Oqu40QYQQ/RqXWErWhSAIMmhhqDpBEARBEARBEARBEARBEARBhgIVUpC6zhDN1mmyWSrqCCOSR9epLDCdzIRAzF0FjyGKHERhyAJpABGW/FI+k8lmnUzG8zKWI/NBMFVTmFwZhMSCAFKRS0RU7rN2Zr+oOnoaH6/Zjc4BJIPbEM+VbhcQXY0sGoUQdOXFQlEGu227fcTwbHtb5/IV+c7OKAg5l2tZtsNFFAsaysHxitPXsFl9153QHmwyqnfUq02Xy7ElR1kV1BuHhbTuxGxWl+POINORUCYFG4KU8gUIKpczLikYpTxlmkKUZUW6TmI1QlId2ORNUS4ZTCUMETqxSVPFCVFOJ6L2GCyLpa1awiCUwhEWUAZ3gSWkiYnUtZguXd5D9aagN8lWqTxAjU5j2W4oflu+J2t0QKljHozKE6M4gRZmOqSPSCQdhKJYeRJRHpCoRKK5L/571Oa7dkzYaOQWuy2f8waTgjWX2HZoWRbTmjXlcwPjSKET7krHttRlleNREEa5TXaDfS2c9Wzn8mWwC1jQsYF0H1ky5/WV3UVtzBFK5yLSXQpW5X3PifQ1VfIlAgU9LsENndl8n7YNtwmL+cd+dcHC99/b/pDPbbv3J9544Yn/3H2j51jwch179AbTJu90EBzEQ7+8aOHctyduvuPBn/9m57LF91xznk2F59i5jJNx5RT2+N4z985/+t6iH5C2cbud+L1C54q7Lz8L5utEPFO33wPKvh90ruoOInlailLPRAolf3nnKqJSO5V8HwolX8ploLmuDc2wPRh7LEYGiLSRkfYdSpLpaBlKIhWyLZua3EENe5u5YGVHlLKoRRf63FEdi5RCgiAIMsixLYIgCIIgCIIgCIIgCIIgCIIgg5+K9Dq0Ok6eXpqa11iYYjKBmIqkHuXq5Zi4iixy+CeSq1MSBSKCeLzvh6WSm8mE2SxMMyQLQWTzqLuSrahWQQjY0hkr9DZVULKixUbp0levk4rgfwP1ikgnf6FGpKDcNKStCWOuZfMoDKMwUh4IXDDLdr32EcMh8Frs6irlizBPCgkqTlTNYcTzaZ2kEwMgFKiTlqiOy0p/SQuSaq9JOd8Gbdg8mup1Zgsqog0LHc+VS7kIiiWSVBNGnVJWnMQozQbRAWyubEYS65By8iLthhIDvYkr3Un6nqjVA+m0JUQF2StUHeW7TPt2BEpnZUnTCapULYSRJIuPMUZJbZwT08upCuFD32fK9ISVT4b8V4tRknMUn099+pLDo1zw5CDIQMNb6Das5f3KM9MxfuQBp7dSedcjvkSa8sbdV4oV73uu8BydeYdE1O7YRGa6efupvxdLAVw3RunIyVvCnPfeeW15d0ELXyLVS7qLQWd3yXUsmGMp0w640K5jy8vBKBs5ZeQ2B0G1/z34m+VLP4CNPfWXW6fvsPc2exz82rOPfzDndWG7w8ZM2fwjR1Fmvfz4ve/NfssPozdeeGqzl5/ZeNvdtt7nky888ic5SigPlTCyhF12eSHqksE/XUUpIlHaEStU3j5RJAp+qEQnXItjYLAp+QGRNwjVHi1+wIul0HNCXw5HsQak97Synr4FGGO2uh10hh01LErJlDxrFq3rMpRGa7xMxzaePUaKohyz+oJj0VI4gGMagiDIasG1Bp8IFEEQBEEQBEEQBEEQBEEQBEFqSKfX0UYS2ofC/MxNq/4lJmSdEiPImLeo3GC8SMQzRGrtcmQ8lgIkW4X4pJwD0VIVcocQKoc4pe8HSnoShYGXzVqOAy9jmKFT2Ri5iRYEqLmU6eB+3HjpO5IoD8y0WmETW6hUmKaUaRgVjc1bSFoJIYR5Rt9IY2SI1bIciL4qZYPMDwL/O67XPpzacER2d7Gryy+WIH4tuNAeLsnqonyGdPN4fHCCGE8MpsQDWiaRtkZJ4DVz6hxRSmxhtl+rbSE1ShQq6siVSO2KaclOpYdLzR6Miqd6GaOiMrVNIgOi3LRXyi9s281lYWYI8fUgZFLJkZyu2CNFTeSpZsp0J+6mRoBS9q+R7ZCSBGa8Z+TumZE1pXp1nUOxVVRdqmGiKCLJ9tSaLNHdqDWjMAyCwHEcKmTOKZmdhYrkigtzGcpeOuZfGa6XZi2qukgSBcUnsNwXCU36tfG0UFIPnWtmwFwuViv65uVhEHUv1/lrYI7bPgJuq0LnMqHOsIiNhpILo8xNqOW6mfbhIgoLnSvMQENJV3deKF0SvHVseQ5zW+9PHW/Z3FlLF7wbqA22j93Qa++Awt6f+2ZyPuE2hulBp3xXOuWUZUlkxeyX3n/iNsdSdieLZvMZ90fMe/+NmTKrDCGlQv7f9/1hmz0/5mbbwzDaaNs9P3L06XP+99yjN1/9zsvPlvxAu3f884+/6Fq5fPZr/404ly8lHFEHQZXNDrUtJuI+zOPsQslZcrJtbaPGh1JzIrzcMJjjtQ1rGz1Bat8YdTNtRLmwhBHcFzzUriPG/2bA4pqVwi6qB2aTbUel8pGWTwpzB1hUL2qyzSQDlrrEsZqqH4Y8LpoHIAgyFHBtgiAIgiAIgiAIgiAIgiAIgiBDgjhyLx0WqH6IPllUrmMKonoBidN/iLo1y/XraiGIcW3QCwQXJO0nQuV7TgIfoq+BH/qlgud52Wymrc1yM8yytUZASFmAtljREWeamFWYzeicK4SmmlVfIlGpqajIsUIaNb/iEJJjEqnTmGhvqAq/KtmCmiWdOZg8ENtxnYznF/KFzi4RRjLEqmLBTGZciZ/mj+U8iXJAxIeX2hFt0ZmkrC+pmUlIHU8Xo9VJLm6smIjTXlRGgBvIWSq3l/onLmr9RzMahMdFLKpReTcIxOZtz5XdSXYg3bX1eTT6jfgCUR3PFkrloTUmVFlcENNndXWZBUQLGvSZYCp6ztM2ETWHbJclJiriXnUiyq4nnEeEREEY+IHjEpXrRCuqRJL8R+kbzAXTCXi0Kwss5xGnWnpkpTJa0Qo/meRKpu1PiNFZNTOZGFTA4YQrFs6/+7Lugt+ZL3UV/U0/dsLUD+3z3wduf/3ZfyhVilSjyLQ7yhwDBgXbkhqQXT5+3HYfPeLV/zz0zL2/ka5DjpV1nbaMOyzrBlHkcCYC4YyZOmrb/WAvC998qeCHERcWoxvtuK/eMbVSD5ur0yV7QHwf6j4SctJVKHkO3MoWnOlgzmuFgLeNnUw7/EwphC0uWzj7sTt/AVUnbLTp0oVzglJhypY7zXz8Lx1jJ2ldkL7Cs555BP4dP3W6azMXek7XB3CBbBgJmCX1SJCTiMwAABAASURBVLbFVboFPRNWcW3Lge6uZm68w17wSp+07fc+FF7pOdBnQ3WKEskJWQ3QRLYW9y64EokehUs9TURpxU0Rd3ZTp679SdxcYaSEfe25cJO5FvEjgiAIMmjxbPPXIoIgCIIgCIIgCIIgCIIgCIIMcirkFFTpGXjF8niRnIr4qft0jXIYsHrLzd6mNx6vLpKAo2mMsjSAMLI0LlFxyqDkB8WSX/S9bM7LtTlehloyuAzt1oYr8I9yoqCCmxwUNN0ybSFS/zd8SnowOKHEJIJIMvmkzDZ6Dt3GKgeaWLPIXB2yPRbzshnHccJslhIr39nFw4hCTJtrzxMaO3TwclqWnlUlvabKPkDU7CF93nqlU+hJ1VAVz1d7r6s+MXNpxdkWIjkfaQmI5ThwrkPmhzJTirQ0gfW0I4u2BeFqQ8ZzRs6RXUjNF1LspDPpJJc4fqvXJTViEmMQlNKW2KTyyKu6SHpNEUVhEIS2bcF/sFFqTEiIanb9K62PWd4f8rCU8ER1TJoWB8V752XTFJMFSskcRNLnh4juJEG3962n/j71Q/tsve8nX3zi70SpTOAEOo7taRGa6dBss90OgON+8bH7i6XQVpoez0lOPongFNrOBnsfqzfqB2HJD6GQGT5yk13livf/v2++9+6bUogCQ5AQx37jJ5OmbfG7y85d8PZrjs2yntORy7Rn3fasl8vIVD1KCiI2+9gX3GGjejyQw8+4uMnS7uWLH//FN3UfZ1L5xBxih5YRu8De4brCLh1bZQgiZOWi+e/PnhUqE5HxG248bsr0RXPffn/Om+qM0cnTtx41YcPYJ2b1CU7KUJNorHxXWMyKmPQ6gReLTXZiuUmsxKrVrJGB75/tHl2WX83HjyAI0g9gmCIIgiAIgiAIgiAIgiAIgiAIMhQQZbOS+E2ci0NR84v36v0JPMnJkOxNK1qk8kSGUiFYGcpcJH6hFJRK2fYOL5thjkstKRjgKjMJifPTxFsUxt9CKw76SNoCpBxENbvQSXBai+DS1KnV+Tl0mJVCuJxl2keMgK0UOlfBkUIslkvDBcsYiyhbDG22QWksnaF13E4a7bjhkirhUT364SrQB8rXj1Y2QBuUqJw4daROsWyGaikPozIRigyyl3zp8aHD2dIsRKpNtNbEJHlSJhlaakJ0hh1tpKCS75gLlNjnVJ6N9HVP24vY6bl6gbYnIZVr6vqwKAgCaVjBLKYD9Uy5OejcP6ncStqkRSe5kt2dxtul1OQxoSYVUEp7QrVHSzr8b9LuVN9xgxd9fBbjcI5c24JX55L5i2e/NnajLTfadpfZLz8Hxw4zM45cpEUYcEknbvvhTHvH/NdnLl/4HlWCENeR1TzHdmzLUj1p3O6fdtpH6r34QaS1KVvu/QnLcee+/PTS+e9KOYtSk1ixpQ9rKtPhcZd4+7mHCvlCZFLJiCT7jxZ8xMnMiFLNUbUHoi+G7Xrb7CUdSvww9AMrdDh3hGxuatc0HrqTrFqL3v3fv+78VRGOIeK7f/zYcVOmv/Xys4/f8we9/Y8df9aoCRum01OtGdLqLak7sSyVYad8O6S7JdWp0SpWIaujrRYjwzJ0VRF1JwiCDEY6MhRtThAEQRAEQRAEQRAEQRAEQZChQhI71VF2lSmGiLUUiIufik87oCRvhYraS1cHKUEJIngXQUC2mMnk2qTrCXFJ7EEhRKI/4BXbaNnSoVE6mJpyTYPVPNKUWDCh5CPyKX8qw69Sd0LdXHaYSvlSXNUtzVooj4UBSnzAU22gZkpT+4yb0ndnAG3lImqOh6YdMVruH7Tn002br2hEF9UXjlYVqvREujMzqeNhOn5dKhThH4vINClwzgVPGZlIXxGp6JGZapQkhegMSFUnIjY8IUoikuhFEneGqji+nayVLINwe0VKHqLz4ph0OVJ0IrPBMIvIbCrGkoXFm6AVvkBa+WBUSPqVWO7E2rEeRVam3YQQMdiT7FB1leDkOBbLuHZyCuc8+/DYjbbc6aAj3399pm2xNk/mzcm6UlACS4Mw2mLPg6Hw+r8fdF3ZGTKeMyzraW+SrAO1aNu07YdP3xkGk6Xz3hgzdcsgikphmGkftfnuB8FVeenhP8qMPLbMYkNSchNHql6kxUjGdTzHhqmrxC5aNJQ0b9a/7lu2ZEkxkPl6tNxEdQA5laoL7bRjMgExS67L9IXItndss9ehsDAIOaztR2FbZvSIzXaVa3vtsgFeZpv9PkVkViXy9lN/M6qW2isu4hGqYlBd7QO8UTFy06/SU0tYtm1Db9e6E5FOiRZXE43zn+kBLuX51HcyNolcmvdRd/L/2TsPAFmKOv9XVYeZ2X2RB0oOgkgUFFQOMHunIAKKOcChKIqoqJyHCGI6ReVU/uZwomJARcVwIooKHApKeipJgoDk9NKmmenuqn/96ldVXd0zszv73r4Ev4/rvpkO1VXV1fOW9/vu90sQxIbFSMobMSMIgiAIgiAIgiAIgiAIgiCIjYbAvMG8FliE97srxzJW/nZ+udEU3VngqjCctqO3zI2KB6OtcMkLSjr3ClQDgD6AmUplNjVZZFm33YbMnazbHB2Nk1TEUK/3hVYnwbBtDVlWr4aiYAOqb29rZ4WBOwOUGc52BQbC0bYDKq5gZ2JK/5FA3UkUxe3JqULXm7Nc2PYFE3iuskoBHtkGjCmH7wjzhh+1LnDXhVq3w/s1ja3AOpIliNryYj2akn4YiQXE0eBwFLemETxKkxRmluXdNvidQPsF97Ygpu4vII/JGlCwwihO8HreB0QZ+wo/sVgcjyKGHiOqTK3x66SsF4Vb8ZJVrxywXcE/wcNHiAbXnRb2tsIDyYO5D8Ql2IB+HArFpRQJx5gSKzFQrMwdqsxSBfPourXih7dBYsJZdDejpvEdiSL4vvLO66dWPPTYHXbdeqddVtx1ayONRxrJvFbaiGH+o8VbLNpyR33Ag7f+daQBxibzjOJk4WhztJEksX6ios33f5k+8vpff1ul8zfdbte8kPprdJPHiCT5x1UXTyy7L0lEU8RgcyJgaUYm3abViFuNtJFE85rJ/JFUX3GkmTZT/fED6Vl5Ud5f/erwEz5uTFLcrVD+m/uY4JVApHM+8c5C2nuX60+AQuqvqLVwsycf5GcjaY7s+4JX6RdF1r3+kp/pw5h5ANxnkJ81xmq3XS8pwdf2Xe79cPQvBNw7VF8VeJiJTitdW3xUFT5R4aNiG2dWp8LWmNGUJYKvaq8vnSVBEEQF/bm2oMXTiBEEQRAEQRAEQRAEQRAEQRDERgUPSuvCRphwa/8Am3uEC7yfsYeqFFT7U9Fk+GNtvZ/1tulelPV22yVeMCV0qV2XKmWeSygT6//ljZGRRqsVpynoMyAkBZQCjHtNTFisd7+KX+9SL7OobPJAGlBTSvRewqg9eNATGJ1Rn/BGa0SXZnkcdSanlHFEwJYgfUOpQEqj3IVEeZVZKgeUt4UZOKrZTMFsUeEE86Eqv6g/4vZsbCUs3aMfhZ4rtFHgkYgbDR5F7TGZdztG4cED9QiqVWCKnVEOswtSoMSjXK6+0l3alwhhs2yckqSM1wm1JtUAEV7m7HizFCN4yfOcGUOUJIFkIFHeTdcJ7hUwfuxGpqW7nMMrfW4olKnNtTfrr991FKpswGYnzreFx0IoyKGR4BBkpv2epb/b8Vkvf8qLjrr46/8VCfPgCIFOJ1v+yyH6+x1X/TaN9Fk8TZ3NCQhEwFYmL4p8csWyG264/aqLtvmXF/nLPXjHzVf98rv3XPcnMCAxUT42iwdiWeBh01tGQLYSjTQbI80U7FUaSSOJInMrJVPd8WVSgpJCn7Vki+10Kw/dfZv7pKuLgTDrSL/YdKvt9eLWRxVFserh+ydWPsRMSJD+mlr54J2X/RheJ/N2eOrzu1MTl/7iOyCqErwDcTqworbYac9nveI4czh7zNaP01t22vOp8xZuYiaQbb3j7jiTwkqu1voN51XXLP9pq+9SDKogbnJ2wPDFdSWPIuYtT/xjrVzAVPlAraHJSUAas01G+XhbdQpGEASxHmlEbB6l6hAEQRAEQRAEQRAEQRAEQRAbIbr6BzVSMBfhrvgZmp/0ii7qlUplf+/c72ZDXReOk1hOV5WNZcOsxy7EOnzgZaHurt/nsqOgzKrrl7muIRdps6mLxHGSlLoZ00fOoloHBv02fs8WPngIfVBWtSPCOBzVE2AC+S9coFTBTSDHoqyuyDajkUh/Hx0Zj1Z0xich+QWqz4XRIXBUKaBUAO1hbOM15UA/a5NZUxsmZ3NX761fyb+q+hh4KYnL2fG+Capco17VUWkxgrkBsQ6L0lZTLxFVSJwme3SQ+6EKY2bifRaMK42fZxbqs4QIuspY8NSUopMwVUc5LxTcB6IJ9EgxxSXJVGTO1BtzTZblCQDleZuY45Q/ukO81El59Yk5prDxJREsdGhf2Op9/5VqRuiNhGAM5nkc1g9oneNsMMxrPbYYdDlSqhXX/2HVE/bdZJvHP/nQo6/732/oLbl+UKRctPuB87fdfXLZfXdc+VujRIlajXgUBCJJM40bCVih6Hl78Ipf3HvzX4Swdb5IcIzIueH/ftGCw/RjCIqTJAHRCSRe2c4I47yCGhdufFBKbVAkxD9++YXxyY4oOvpauPHcT/9np932y8AsykCmZj5G33LGOUmjpd92Jse+/7G3NpN4xPRWd6CYGn/ob5dMdTM5sukOT32+buqK35ynz9c9HG01cFoWPmYr/RVO2mO33VF/hVsiE+VjxghfYm1qTypaMCvM8sMXziJIYc6OQX8gMqNHMRI85VZnIJbCWcaTJZsbQZxufkGL5wXrFiwr4CNCqrX2KUcQBOHg5vMnEiyOeCNiMRmcEARBEARBEARBEARBEARBEBsnUawL4hxSR6BuHjNUMMAeNIowB1XFGaonp4bX4hsqu9xZQc3dizlAEACpMSjOEErK6oXsd+5/ST4wwzBiFVOZLIq805FZLnWxvtvNWs2k1RxdMC9J01zaOBtXrua93hO+PYxzqHRg6AJ8P8GKPl04NY7scworDVF8MguKfrCjSaORNhvY1c7EBEgiYG9k1EFQ80aVQiWYA6NlQD1Qxut4/w42LXWJEe/b47WHT9XhbtFZO5MyOGhwF5TxejEqJIlrThYquC0clBhpI4v1+ujABhPUArVsM5PWeQTFPKBnkjblQ9rWsOqtXLiNdQMKi+nSmlj4S+rSeVwURRim44/2Xg5h1IqPGul2uzFoHDSx3asquhd0G/LNKjcxeDmYyyhyOxSrxT71zFzYFA9yduoHVkfB1hNOsgCv4yhupirLi5t+8ZUnvvrk7Z70zLH777zn6t9znqWLN9/iaYeqIv/LT76YdTqREGkct9Kk1UjSOEqTGG1LuOSde2+ORdRM4thMmv7eiEHksdXjd9fbkkjPpdFngKgENC4oClm8xfYK1BvRSCMeaTaaDTiF551s5X24dPThjSQqVIImMsyqTFAaOAIPAAAQAElEQVSfxEzEjBCBpYemcB9/eptuWfez2UhGW7rxpJXEKVQjeSRyZZcdQ5mLbkd38sF//O3XXzwZBDdF0cnzrJC7/cvzn3jgQddccv4Vv/2ZgAYFqmfy8eV6+A0YL2hrxDq5lbUF43Og3KKS3ibIRO0UcIBJiLIL0gWulWveqU/mkNhWfDdU1RVBEARBEARBEARBEARBEARBEARBbJAIkcDvl+tSpiqr2sraSdhqdSUIgs9dtIEqC+L4vm5TYb557YAptKNGo4wlsYIYk0GTKZAa5FmWdDq63ea8EWbcCKCuCmYT03WEhX4a4fXXAIwECVxgBh7mFTneDsCJbXhzpKX3jEdsatWE2RtOgFPRBEqc8vtsWI+/1e/cENxbhm+tJofXJU9mb/Xc+s7yNO71GbrBOEnSZktvLrpZnufG2kLX/u208wj9EyRGoCgr81AoOXGXMzIUY1FhG+cuXaenAh43Go0sgyv1utwwN0hfd/dKFBAfFEW3202Mt0YURRi9U57DuMQ1hWsl0K7ocr3RyxgLDueiEwqaBiUl+fbRH4UFBhWDDl6PuhPmXE/0KJNINNK4MzFx3c++vPcr3rX7v7165f13rrrn1ic//2h9w2/4zXcfvOs2PV0JaDhEI4mbSZwazxJ8cCII4tHbISsHRSf6D92g5jlvOHWaDux32NG9G1feef3tF3w1Rp2K6Zi5R3bBvv4j36wId3pO1/tQ0SKMGYnu0bxWOqq/Gkkz1atBFFI1VZIlVhkB7esPiDSBDqssW3mf/hjsdPO2/sry9vhKfdjkqhX33/kPo7nR/QHNDbQ2ol+CqMXqXtg6glf1TxiyY17n+JhIE3MFkh297M3ntlm6qDdxsxToThhBEARBEARBEARBEARBEARBEARBEOsbbsp7SgkpCwisUdJW6Zn9PXOo+onQ/6Kn1Ff3BzFyATlUQbBaQDSBM7UMGuXSVIL2XMaOqeeaiAXdf5OlA84muYSava5f5t1urMuxKQRkxKnpWGCa4SwGsMdOb1Mi2BxR63x9r3UnsddG5xLwRFCR7WESNcVIBD4FycSKVUU3N3IC71/Cwxug7KXENJdU04tSeK3ra50e1xw0mHGGNIwxNY3pSs07xwpyUKrkz8fXQtfxR5p6Jtvjk53JqUIWEdbAObgqCCH0qUpyfASsDYNxWDCuC86OgikBBjYKjmfTTVGcJAlml/TVnfSIjEqnE/0iy7JutwvPpr7buhGTNIKuD/hClnFCvIA+ueFj5b6QIuI2ece5teDuuucEPquCl9qXMnyIDdLKsA0AeE44j+OoIWUzTVY9cNtNv/vBE573qqe87G3333rtvE23uuempX/5/c/1MUkskgikJJhTE1vNCTw/Zm/USOJWIzVWIuAIYlxm+N3XXyGqNiDSRHo9Zvvd0pF5/7zpr1Pjq0yqjtANxhG8mHjwzslOF1QgjCVG5wJ3yn3G3XXTX/VttTfQWIyEM1mmJBmLn9RoX4xGJB0B0QkIRIy0Tlk7Dg5yE/2iaWxL9NAwswmvmBcy7DouP/RE0eNNjeUJzgNbf6DfiX8EMF9Hr2s9Si7L+TGiSMHJgIQgCIIgCIIgCIIgCIIgCIIgCIIgNkh0eVVBrA3UTIsi00XUMBBH1zgh0aaiM6nbJShVcyiByrjwOhW/p4zOsUVt/A32sPje2z1rcWLkAL690NdDQg+ZMIIVhukqha7Aq87EZN7pJrqWbJwAZNGKGy1dZWWlU4PotX5A34hpq+qib1bOIFxTEbMhEeG1WNVRQuJQMS0FNA1KoV5C35vmyAh0WKr22ITMCuwJGqng9+CS2GZlprDCXpGbBJPIbVJR7TZWJ2EdlnxtxAtn5d2ZraeBS+ixih605wEDBRE1GwzsFFin3S4KiCzSBXgoaptED+OroJiu2eeFVaxII2FRPIi3wYUnre6kagTk5yk2ZX4QPOkLo+6EWYuO0u+h9sJbkui6e16A/YOptnOX7oOrg9eshrBrYLai8ElRhR6AVCIS3ifC9l2aJc9Zpdv6PFleHY4Repmj3myg58nq+Uz0tjTANmlmNYQzOwEhRTONszy5f+nvRx+z3dZP3H+bPfebGlt5wTc+nU92GmmcQJyOaBhxCWgz7BPCjbyDGU+RKC+i2Hw6YIO65St++FmbwgMyCLCf6eRFu1v865s/+Njtdr74x9+885br9ZGtRjKv1RhpgomI7kYrjcGtQ3fMiDz0NBZOf/fbb3961arxrJBg0GJlHyKQm0G8DibsgNOKcTpJE6uVSfV7+IAuQBkTx3hKoj+7mdpsm8d1l9+z3ZOfk44uZBCxpFeO7Ob5ptvtot9uu8sTn/WSo3Q3TLyO0KerzviD1/8Bs3WMqGntPtm9EkVUbzEbk6Q/tXU3YNRZloeOOxgRhSocWLbOeoiVBldWdEcQBEEQBEEQBEEQBEEQBEEQBEEQxPrEFB1R4sBlxIQ0dWu9XbpkElUqQky4R62QyGsROdYVwu0NjguTVHz0DKpYlA/OwbwS5jUTqNUQvtKuynb0/yUWIE2xXfc8MkXKQhVM5izvdPKsW3TTvNHQW3QxGWrUkUAhBzZXEcyUwwrkGbxWNS2GrHP2GsLgV1lkd7ko1QNdlJApqutyN9oB6DGlzcbCTRfrWvXE8pWygEKszSOypVdzQZcD4wahyva5HUrYe1UV8djbYUUJVS3RAIlBfx8Xd6OryoRp6tuVC6lKs4rxflKF6VC286GWw52ki/eNVlOYvZ32FLgqFCDisbYLAoQCzNgsgHIjz1F7JVhshB9g+yPQDKUM/aiM0r+M8zxH3Qm+n8bvxDeAzxIIwbgqICxHd0Hg4jfXKz1guM2dgtfCDg8OgK2F8YqIzBkYLeQWn1kQ3gTGufy4PinbPPiomAghjiIVN5tsbdBfcsKGgpsB6elKYhlHUaM16qc3aTS33XO/ay/5pb5tOAh9QIQKHjdgfNIisEsB/4/IqFEi40GibzKoNPQXCIsUSNs4K6S+NdZBBBQbxmoFnE7A7wS+jHTJSmHMdsEihloWzROe8pzJqXYBYiWOB4jA2Ak1aNLcLd2V5XdcL4pJ0z7GQMGxKrBeieJ4twMP3vkpz5m/6WN/fvobt9rrGaNLtuqdom122l1/hVtWPfDPh67/g/cRWW3NyTBqlf6KIvu3iFuAUqFHC/4lhPE6en8Bj2Vk75Z+4grp7pxb+KujeiIIgiAIgiAIgiAIgiAIgiAIgiAIYs5xFg5QH4+hvKpMUR0Da1DjwQrI9wiEJO7X1X0NXZUSASadz4Y92P5ZbqwIUZjz+wj3lDoJ0wGMj1GlCsEfpThqSBRKE4xJg4mgwO4VnawrFfRIclnw1jwZNxo8BhsHqMtbAxIehOn0KFGqZdlSezPNhHLexwXCFLQZ9tX/lr5AhQ1e1P3mf3AhhS4vzFSboUzdmmdK7OMrVmZTHV2OZgUUqs0IBHdnVF0s8E9pQjvsPh4Oof7nzAgueoY2AC8zUt6CpSq68Pcy6JATvdjVYlQgbAb8jPe8wAQd83+QZOgFI6KoMTKCkoVOu53nOVpHxFFs6uFJnCoVx7ybZbLIjf9CzJSVEcCSgZXjZD49d9qNI+52uxiOE8cxFtRNHb0corc5we/SuFy4ecBVAbfdxONIcOnB+ntwLVGasKAYC5Y1Q7GR1H1nRgfB0DSCB04qXnkRCI6UeXahiUgIu0o24Mq+DTuyZhhsdMsdd3rmq9P5iydWPPzPv/9116c9+7mvestOT/qXS777uaKYVC4cx8S4GHMks4b19EgzXsHLiRdGd6InPIUkGoFSnbxQcPcjq/uIY7BPSeKolcatZjLSTFuNBMxU0qSRWBcTTaRU5EyfDjzijcOP7uJvf3Ly7htxaHa05pM12WTbkc2foDc0Rhc89UVH6Xt819+XZrn8+yU/aY7OZ8YxpdvNu0Wxxc5P3m73p9zy1z/dcNUf9BDANAVSeCJRdKrTyNYz5hkxwIdUAW4v0ncsdrYuql+sGyMIgiAIgiAIgiAIgiAIgiAIgiAIYoPA1pah7GeK3Vy5Crgweg4ZmQq0NBIJwVxxnNddQGylOgypCcN66lethfLYqnhV8FE5vtaAM21QpsdYQgfdCXM9M6X3LM/0CIxvhN7SVIUuDOuKMno3iCDaprwgD99xNUd1WWcJw1nppBL4tgQCnMopJmoHh6Jfpo1WkjSkYhNyZdHNmRFlGJWLF1swf0ODGSvlJqxqcOIPQf+AOa7k8uEkLdNfdA56ZOQhEj1xlIhFnMSct1DZMTUxkWVZw8l9UH0g4tiIncBeAWJuilywKI1Ba+LcP6wohnljmGqXY90od3YrSZKkadrtdiWoukqtib8kRL0IG/6E6ik8DKQShdF8gQFG5HN2fAvOtKfUh+hLoGEQiqnA6sPYSITOM9N7x4TuRqqycOfkZqwRzrsGXhQmkiaTYv6TXrho9wN15+6+7k8Xfe8LDz+87NrLfnvw0e/ebpe9X/HeM6/6xTdW3HTVVDePE1CCqESBr4kzc0G4s99gDP1LeCwgkafVSE0IDiQudbI86eYoImml8Wgz1fvmjzYWjDRHWwkemZrcHP091mtFMclLm57//dJpY+OTWV5E4KECoU6RF6Sggs7c86cd8rotdthV33d9xawAux3IgGJs/pNeNLr9k/TC1AcXWefum/5y8zV/uP26K4XMRhrpPTdeDavT2LG0u9lUO0tGF223+1Puv/MfS//vAt2xZhLPG2nMbzVGW+m8Vsrs5da/psgYasFnHBj8KN1/K8xChRbKthirewIFpxMEQRAEQRAEQRAEQRAEQRAEQRAEsT4xYSHKVKeVETDAO5d1IJmty5roB4UFdMlteV65jBxmfgffxuKg+wmvR6v00RXUCt8qUEv05pD0pVIND9NxvHcKuBtIlWVgbwBFzFwWnbjZSppplDQ4L3gUM0whQf+WMpimbHI1dBiDTvGuFmEg0XTtc+aSKFwUkUkLmb9okX4zsWwlEyZAR+bgdxJcxlu22HeBOQxzCUk114zevrK5Y9oxovFKOCe1GzpET4arnkP2klSQp2Nq2Umj2TJz2+10pBEwGGUGLGY9z1AFTxOch25XrxxQnnARo82JvSgcjr4MobsMaJ5iNJdhoB4oINrFWJ4UhpruxNuchE0wk8hjlSgSLCBAdKQfVOPDwbhfFiocnpeqcDzN5PSwyOQCBevPzqqXPDGmeuRBKnBywYiTuV0TqwH6lECCkAQgfGjTHTZ72mHpwsfKbvv6C77z9z//Lu9kzTS5/+a/fucjxz/3tcfvuNe//MvL3nrv36/+5x9/NjH+oD49T+M00V/GjMR8WIXTiM+b3gwKkgSMTPT3yLhwdLp5FHVN/hJrpPFII9Hf5zXT+a10pNXQb0FH4nJzwC1Glo4ymgfuuHnlqrGskLFeeUmUxnFibFT86AqjSOpOjsPrQurLdbOi080augN60XSm9EfY8n8svefGK/9x7VWroYwjDAAAEABJREFUVo13MhCd6atGov58hdfFF97Lxas3nEnMBiA8ceKSKNL3F1x5UJtlbrIsXXlqz9gG0XGCIAiCIAiCIAiCIAiCIAiCIAiCeLQTBm6wID7G/GktNDgIU7A4W3AurAbFhX1w6zLiGzR1TKnYzMkcA0vYw+s8bFd9YI11nVDMu62AwQV8K7qyI/M868Ttti4Sp62RpNGASqxA+YyYvktzSyCXqVWLa9OG3hyYByJQKaKr2iyKRhcujKO4MzHZneoU3SLQl4QN8UFyDK84Ka1XpneVWW2mc0/hsLaCvW4d9rFpWXN8oBHIFbI8ShIRxylvofdIt9PlUoEfCCuDaDCXBjRYMpdgeJLrbsUQwhMxVpXzVJNqGIT1JIkv7+dFEcdgf4GjLYoCS+lh0o2P11FONKWvF0URJIyY17wooiQGpUMMihZ7fOBtw8N8KtwBcTsSnSJQA1Pqnlj1lGC2w4p+JUmpVHitsyclvLiRjsFXUaTzmzs8afGO+ybzl+hdY/f+4y/nfXn5g/fp180kSiIhWaJUftn3PnP/369+6qFHb/GEJ+uvh2+//t6rL1x5783NtGjmoCaBHBwjKFFVzRbcYYF+JFEzhRgdk8LDpcuxSiFJJ26m+m4kzTQdaSQjoA0BEQkG8ICQiFcEZYseu1U0b7IoVBRx3WBi/E6c1ZL5TNXrUsq40dRv0VilmxVodqJZfv1F9171y/GJqbGpjlAFrAIjNsHcHNCvmE9r/VxDopK7LLq2RE5ygmsNfZFw3StVDUpb93AnhYtEZP4y4TmYC+GTg34n6IPiz5jGsIcgCIIgCIIgCIIgCIIgCIIgCIIgiHVM4GbgitdYkFYY3CFNvgvH6iRmQBj/EOfLYKUqHF0WcBNWXFm1ODj499LXtG7I8eJMOQ2AqbFDYg6WJKWpaxZKqhwK1lme5XmWddvd1vz5zREepaDjML2VgkdsvcNLqYgJnoiM1gcHqQvFTNeqizxPGkmSLIriWLFVujQrMYzC2CvocrKJYbHxHs6rAr75uxB4BlQVJ3NVxuX+e/8G/VqpLQx01JnbzqjQ8sWU5vVqYHkeJ4mIRNps6tK2LnNLqTcLWEZC+NQjXe2OG4nuVcY7cFCWwYRGZq4rPhUVvZB+HadpWuTQMogJcls4h+bMEWjhwJwpRWjn4J1I0OwBdDmCZ1mm24qVjNOEGTGBbhENIYQLTzIpUyhkCUYOKx+ECFwY3x9UQuADbCNl7P9RUmIe81KDYD4F7BRyzlmPumndYD1O9O3Y6gmjO+zT3Hwn7MP4/bf/86rf/3Pppd0s0/uNPUkcg9OI1dA9/PcrLjjzusc97V93fOq/Ltl+N/01/tBd91594dhtf2kVspGqRhK58VmtE8y3MAk7oAsRKEzRnyq6/TSWOHLUo8SCJxCpA19xZCQkzmHE3IjKLL34hE+yodFPtI/XAYGRvoPdKa6kkcKIln74I9CgoaDk2e/4fDlP9k9YufrP/V7w8qf+2xG4zd/RqRUP/uWc/9KLx7TtpSfrTcPB7SMHH93K/QUCkVZ5js5A+qNOCOH/FsEPtd7PDoIgCIIgCIIgCIIgCIIgCIIgCIIg1j1eKYLhGcbVpPwNcuWkJK5OLbD865wV0FeEOZsQH+kS1Kyt+IBXq/Pha+7UAPCr/sGByn+bkbDI7lQW4cnYc8mMOKYAeYHKuoUp3YuGANcB2MOZN0gJTuf1xuZKlTFthTfYh/Id2wWI15FKRDE31gCt+fPgiDwzggnnXVJqGVxSEEfBUCXRRa12etCA8fRsKdtW1TwZNki2EOguXPWZzRXcKEnseofQm1zff7AOaaaKyazb7bY7eZYJBhtFFMHkGRVBLBJvR2HkKQU8JxHmTYnQ7ySsg4OvCfQf9SKy6HRUksSIrqDrhnykTt3jhNl2jYpB6DsL6geQFwG6NX0Y5vVwn0Zls61sTAnKx0CmgW0W7mmNjL2KsFNcaluYf5ZLs6BSBIOilsqdcOtq3aacpDsfMLrH8+DyWeeBG/78z6t///Ddt+dmKsHzI47TOMKvxEhJ9IOe5YW+q7f98ee3XPa/2zzx6Tvvf/C8Tbd+/L/9+z3X/O7ey37C0GIjYqH4RmBEjhm/sb7hJoSMYW4Ozg9IUiAvCW6RuRWwy0fYeML3/7jm/zpZBk+vcR/Bg8OjjUGU2mKnPect2pQxVjVfsSKYNIlGWZrGhTQ3KEKthnv0g1AtBhI75rcG/jQgSiuyXOYxGKvoqYvDA9YTfiFFBgaLHCYEtGCFzDnkTCUJyK1CJeP6UskQBEEQBEE8Crn4pux7f+zct4JtdGy+iL1q/8Yzd04YQRAEQRAEQRAEQRAEsXaAKrvxYDBFU2Nk4H5RXxe7MUzHqExMIVyXs3Wt0xghBLVm1C4YbYT0kTEuNqSPhYZ/IWqd6alez7qc3RPOolwNXXK4HFcFVN51HZPJvDM5ZWxbRNxsChN4YQ6BSdATImVdJ1Hr/ZqjUKyj+rVpN0lmjC6wkmzMKlRpg6Lr4HEyMn+BPmJi5cr2xKTMCwxCMk4nzKTAKGviUM4MN2Yqc1ex7Z0ilIzwyhZz3Wqai/JSDfunEz4w51uD/gtD2M9Mr+Dxigqj5lDSCiqkksIs1KSRtuaNgA9IliujKwHbG3goIvQNiZMUiuD6RJahLUpsm5WoHgiq/RbwwtBXK3JIb0HdCcvgiMRoT3Rl3ZiXZN5hAh45KV3WCGehYKdQURyZiBxwTekWRWTSeuwB4SDdjFp5jQ9QMb4WMWaUSLMijPRECBHoTRivCq3KDmCfUJnGyxW7zhQn+jq61+M3/B9ftNWK2/92798uHxsba2dgJaNwrqOokUAUDkTewAQLo5NTnbyY6mZT3bzdze9eetGdV/9uy92etu2Tn3nzpT9NZZFERWw++/Qlivb45LJ7ZHcy1TMLljQiqnrZYOzOxL3/mBpfpbpTNp0HlUH9HibcptuYuP92vaCu+tnXVo1PZnAXhPFHsdYoboCgEcoLufcLXv3Yx+0m87ZuP3YRPBEXLiIHonkKo1JC1Yo+8fpvn9zN8slONtXJOlne6UIuD7ww6TxGesTSONbz00j1dz1FcQvce1hpXrX+UMECRhsiZnQ/VshjPrYkODlBQJXXpghSnBAEQRAEQaxbNlLFiUZ3W3eeRCcEQRAEQRAEQRAEQRBrjyLPCnBTgF8vj5OkUrmGqjS+F76mDeVZJZQJ9mCmHMiwDgi/v69ssg2TTNYFJdWSODA4byfYsbr10OnPwyyRrN3FAmaSZaZWnYpmUxebofxboEoDrUIqJidz6gogfW8Htel3YfiJtZ8AFY2Pf4nmLVwUp7Heq8vmIJeBSA5pvDA45KlApVpUoo6YHVllnuY0N6VfDZ71Gx3vPX5t18BtudpcschzniQMdCeN5ojsTE5lRa7yjEsRGwEW2C4Y4QbE7DR5JoTqdIrcqh1Ac4BaBM5ZoMRSkPQSx0KCIAF1HzlITPT9zsGgotGIhBUQSWmfJeyZcoYlDBOSzGLU5yUcdCb6ulm3q/DZkeB3wqvX5oFXjPGyUV5zAs0U4NqBV1KFsTUyGTDlYx+sxDLox79nLn7LmHKwfoX/UIYy97KAIrv/t2dNTHWzTpcZ5YGef6vhSKJmgk9xjHINZkQ8SS5j/TbJ0yRDNcaDN12lv5JYJGlstFFWxDB24x/v+8vFk51OMwUvGlCuRKW1iTc4efia88enujLL9LUgWMccNmikGNNz2/mfXzY21UojNdLQNwHMc3SfE/OAlrPNjOikuO7C7//NZCqNttIWXCJKTDdAAcUZLptQGqSf9SiHJZRERRbpD+ZIGk8cfQrIU0yCDl4Ro4KMUEbglVEEtoGIN7xziQ2NAguZyKxbiRuLokB5EDO6KcEIgiAIgiAIgiAIgiAIgiAIgiAIglj/oBuCrucxEDAIrGKj24c9wpYC0YvB6B0YuIboiq7P4fG1QnuArgda6wfnZVFxRuHhxStw7r1J8L3CwjmbAX+VsplptAs2TQTqmXkHOllk3ThvyKIJWRnNJkNrEBZhF1ADYCUaXq0wh1hRycD9OM9c2aq/NV/gtjuYCtSaP6pMUEhnfFIXZ61gwAQmldcRPJyC2qvVHFU/m5Pai2Afq4yK8d4TpdVOBKtFzZUcpqzVW3WHiZbR02W8bURz3ihk0uR51uno1ZFDFopkaQoWQLDiBY8xywSkJJD7IRkvTKCNy7Th6K6BVX7dohJwmYSl+AChGijLMm78TszDhsYqUrrTyifP/AHqJ2uDIeMkhhbBgwhiY2RsFDFmzty4yqmEsj2oLpRNVkKvk1wvAuvNAvoxZZ9TPEcwXnvWakYm9jF2Sg3eI0wJj69rVuYIk2Ij0lhIFUcRCDjQNaSRJI0UzE5MFBHoOczE6GNlFIPCo5NGna5+0rMM0rVgchJ0EeE2PUef2Ez1fDYKCfYnTaMmcfIMc2mTcaOv1UwhIImBEEk0QTvCheg/Uv0I6qbSOB5tpvqt7l5h4nVQjMKrqh1YixItabB7YqSZNhuJ0dA4hUoUZjCZqC1wPdELK9ILxOtLCtOI3iuN5MitUbhoBKlAuttGmmPcRNiGAd4U1Ej5x8muW3A6kZ1OJ47hrvhPCkFmJwRBEARBEOuKV+3f2KjjdRhBEARBEARBEARBEASx1oiTpDCKE6zuMajqRpxXa82sDJko652mzgoKEeOmwFTBA7cFTPWompr0xusMY2nB2cxBCooPPjs4ym3Dwrkypi15Vshc6u95p+h2zAgK4/oSm9wRgW0rJnojY+YWHAOfZkoCQYLXnRhZj/6/LJhojLT0IVNJPLlyPGt3rEDFDZeVN9GLGqoCA+ZCeIaH91GNTDsA3pPHwq18xl4/bLJ6pFJzMfvVKWBO3mJ6pW+7nkMo1StQnBS5LuQrwQTsiCOcQhGJtNnMu12rVnHqJO4tMQQaBPFYl/eZlCATgWCcVJ9c8MxIHkB3wozuBFxPwFrH1toZK4OIXBdL6YbgIo6YNGdhxg902ugiQH3CWWh2YnUnRlIg0MDEiMu4AtcbhioJEFsYyxsBC3z6nBXl5AtMMmVjodaCl8lgzGdOFAvVSPUnVJqAxEKBhAJcQwQ6gkSRVYlYFYjiEHGkTFZOJBqxzJI4B+kPjDQ2apUktsk1+H/9WkIADo/jKE0iIYLJNMYqiVIjjKUxNKG3mBZiJyCpPQ/odAJaFqmgsQxERxKvFZn0mPB41IhI80GM2hE9yFYap2i5UkpbKqZRJgINLVu4EcGAJAm1JrJ6Q1Ebxc3AYXSg1LHztS7vY19qEiUT5AafUDGYtUSYPaQHlrMMnLbMfdaHSf2KEQRBEMMyNj7JCIIgVpcnb8me/NKN12wuGxvPGEEQBEEQBEEQBEEQBLF2SNJUmAK2Qr8T5aQIWPkWGMBQLS5zG6KjTLEctoDEBDM3CmtL4WI9uDMhUVIO0Z1hjpkBNcPOUtigUBoDPc+7Uk9DV0RcT0LaaMd6r/gAABAASURBVOivKNHFZMx95jbOYf3/Xr3zmvHgdOtKPIgJeKPVjCCEg09xnrW7qH4o1QLeisIrPerNs1n2ZVj8pPfTnZTHzGLz6sDL/6MLDF7ATY6u1etqdtpsZN2syAsls0Lqye7qyrfeKyKjzDD6BYbCAAGPjgYGFceB7gBdUcBNxSo/zLAlx5QQ42vidCeR052UzkL+u8KcHStEgXwVwfS1eWaaBQFLluk12mw2dQuFCVIKdSeoXTB+GNKMGvoAkhHjjoOGRYpLo1qwK6M8eQBOd2JkWH7BcN/3ig8Hmzvgc8hcMwGBR5xEAhUVqN6II27lJsbPBwOPlPmkEuDmYkUehZBpJJSMC2lVcJHJ5REM5xdEGzFYicDlMLgncmIivLVwPGg2RG4ERyD30Ve3uo1+3QZVkGgkiT4gMzYnuF3gR2v1IUKZhXRSEaNx4eCHA93gfa8BmiIJl0BhChjASCZ75CZhf6zkJcL1BJIdYWVO6+3TrSaWsivWTVGSwKcw2FIZo6But2sMfpLKU0MQBEEQBEEQBEEQBEEQBEEQBEEQxHpCmIAONNHAPBGsdJuiLQcFA9Yj0TcAA0BK+QI3YhJUlghdL4UqL5QBZVlM9VKD4brj81UYGjAM54ZiyuhORsGFE6/gFucO4PJoXM+gNuvENQySLTLWHh8Di4vWiB5VUkjeZFGcsrly2aiiZtsg7/X+UFimlbKALBcz2DiOG62RvJvlea7HBIoClBzULofRPGqA+mSu6TN7VvjD6t2qM2e/TVdaUSivO4FVIXM9e7DOi7yI4yRK0sbICAo2im5e5Ln1QdFlbhEb7QMTSRrrdZZnrJthmJF0IgRuZVosNjIGbmxGwMIiihKQMzQamRD69hQSZCOFKhKQq0Qm4gW8LnC8tqegcog4RsDo25ubNBnQRQghedYtdAE+z6QVP8QiHGeoNvJPrOCgSIIOSaNBgYNAlaG/S3cuU154VgoRatV9wczJ2JTJ2SrznKZd1r0qgb5aB1U1XXHCNW7kISAuMcYzyhrMOHkCyK2CBo3LD8MnX4L6BNKR9BQYFxDbk8iJSozyRu8ERQk+7RBWJco1Y1pm+rJ6piWEJwnsFsbW4FE9I4E5BiGMEcvEkepRV9Qm2Ul/As8bzPSZRhGC0wLmH1IkcSTlUE8zzhsm9gzKBlo34PTAK6tTtGvJrgG9ZGG9826na0Qm8KTpZ9JOTkRGJwRBELNg/rwRRhAEQRAEQRAEQRAEQRAEQRBzx9gYeGwbn4VYcEiciBOGohNfrS5yyfReU9ory8reNIGVViYA1G250Y2ApYMrJEpWD0/wNda6nsBVbr0eQdjy98yKD6kUpgCBvUSgVFDMRdb472U9W0S2bXtBKcHAoJPBOYUakbqZRDEoepoKvhk1w5K7qbpjv0ypG6U2bnyK9a+9WznNYBTvTdhxzZcbuP+TK9TmQOaJ7j8oSQRvjs4XcSyStD02AUEwDKM24F6gp0GZNNSnrzNMdW91vbcg7hQTtpyvrKmM07gEQUtclHecc2lOMuqlMEJEzKw74bOtmzuvG9O8sAoEzNARcdoa0V2f4rxdjOlJy/JcqjzhEgwnIrBdgEidGP6IYj263DijdGNNkugt0LIQsS6TJ2mSNhq6SK6PUKwQ+goMHYGgdA6GJ12QQMBWjtEwDI1TWHU2vWqEOyMVfSWNNI102m3dYmu0laapPyVIuqoEl1hJicBALf2mYD5ChjtHGrcmauf6Fqw2BUfKeOEygJz4a+4x7RsBjY0Hqu7iM6wA4yyiP904i3z0lz03kJUIripPA69agIDKQRgBmigjx3q1I/VLiz59Do+v351+Yx/kRIK78CSUboCIaAic8KV8vQHCA/RTmuc5OqBwl982nH0WQRAEQRAEQRAEQRAEQRAEQRAEQRBrH1N513VZAXU8a9ug7C/mGwuHyETqcO41HKb+ClEOtnJpqn8cXDfAUIEpoz1RWARV1iqk/C3+afCl2VlVQjHxp65rCV741J+wqFyVQOhuGtsKq60BLwOYEm58BGxjyrXKSwlO3YCED+0d0u9If4X+x7OeazEnFIC6uu1Uc2QUC+STqwpQoxg3DldcRosavnrRFH11CNMfP61maF3Wu3ntT0BZ2Y2RULjZFCJtNrhZEO3xSb2iQQqS5Zx3GWS7QCaO1GfEYFLCjFpJFroknpsGwHRCT248Pj6xaPHiKE31WTnLOWhbeMTxLrFut1tkEGqVZ4V+jsBixWi7MDTEq0YEWlIwKzpxJhBwr9M0hZCdbjfLs+54VzEJFiAu5qdXa8LDZCNlAktwtMyZFnGOLkFOfWIv2juR4G7kllFlQs2zvpZEDF4nEfbIiV1m1wJjPHQTKdtRfY6vbSk7MIRiY5o+D3jbZ85nnM9QQbJun6i1Aq9GcBldZKQXNuq0/LIszN9SBEEQBEEQBEEQBEEQBEEQBEEQBEGsf6z2QtfKwfIB8kR0WRkremjKwHC3lSxw62FhTETKSA8IEYEED4G/hQ6hH0pKlENgfZdVXTUq+o81H8SaVLqdJAZ6Xsg8y/AX6WVhBCSqGacNPTncOa84rYiq6BimU4tM0++ekrlXhsym/64C7pU3qtlqCTPpk2NjqPsxkRWVBI81Z/ppV2qDqoHzgb2xDh/ciqNAgSLSZtPqPCYm824G5iTwaMAco/kNWJPg0aroSl0QL/TCQQ8UvTdetmylbm7xJosbSZo0UgivyjOYrwjcUvAGQJiTKaWb6yQRnAtCk7BrRgni3sDzKNHVI0msviQ3TE5O6Q41ms00Tb05RHizYVRm/ZrHU2FtX/AInmiTkQXXlZAjpJRdUqWkI5g3bA2shSSKs5xBCl9HnhlzcpVQa1LbOMy5FbXa0JdbGwc/IqkJnuBximP7yOS5eVjI44QgCIIgCIIgCIIgCIIgCIIgCIIgNiA4+Clw8AsBaUIsBOhOlCmF+2MgiaOQYNTAbWEenRiYtVQwWS8FlAK5CZOAsiCoWCRYJwhuy9zcu3OwMo+mvEbldWlXMkwRdrVFFKpUfmBejSpkobrwq/SmvikL2RzlPGU8sRE9ENMBwgBUqhRGqDBzBMxA+qlM1OzKzhhdY+bMqE5AmcBY0mjMW7RQ38Wp8XEQTBiZD1o1qJqUgHtF0UydtY41M8lNwtYHZIawMkrICGLKbqxb3EUxQYnZeCkZRTwdaUrrqgBfTOk5FBnrcpZGcaLveQFpPFEMi4Nn3a7M8263wCcjnpyYkHohSblkyZK0kernJmMo4eI8EjEkN0EiklKZfq6UXmqmE1EUBTOrOA+nEe8xgxwigZX4SLE0z7PcGK1MTEyifiVNU2Ef6cGY5nChYIKRy80p70Jpl6L66E7sp4OyS4o5e5XKWZWJZqvN3EikiI2BvmZK+q+QJIVoK/23i17t+JdTUZD0hCAIgiAIgiAIgiAIgiAIgiAIgiDWMxyNSbCoLG3ihEmT4cqE7eBhUF+W3q3EmZdYewjrcKD/kHgYCh/QOQT2mEZEvW48TXyHvWjPi4GjYEOgBh+pmHMIUajHUIXKpeI5ejkY7wlQJCgRJSZYx43M/7mhVMXtSHgkQCWhZJym8xYt1FvaExPg4CKNjMHY0YAMqIxbcS/WierDRsQYiYdTUqwnxUkVU+/GjCKBD0PSTFtqnpSsOzUlc5nnmT1G74wjAVk5sYiMwIMrUJUY+Yc+JtZHtyfby9UK/VwtWryoNTrS4CzLuvqLCR7x2ElI9JfJ2SkKAXZDEbPPhknREaI2L+axMkou09MojtNGo5BF2+AL9o1Gw5/ihSBeP+KeXzD2USYPixvFGc6BW9L2xfTWOz6npu/eIHhn9VEbxNog1h1+UYXyJv0sJGkCAqkuy/JcP1Y2IYogCIIgCIIgCIIgCIIgCIIgCIIgiPWIcSkwtTs0p8DQCYGKCp+uIY3hQyATwTQXV1TG0jQ3RWru5Cg8MpYgigksHbqKdnBp5pwR+nVswOu+B6655MOOSdlxczShkJ2pKcxykHmuilbSUHGSskhU7R+m0bMMzZpW1ct8HbSZgQwW0MmwRrMlYTCSTbG827V+HqhqQPnMXFFa0/QZTU05wLk/UvUcuN5wq1FxwYx+Sq9eETeaI/NhRJ3Jtiz0XGbCLPKEJSKJo0jopyNOEtSDZB2TgCMlZN/kWT6Wj6OQSY+zOdLUxxm1j15OBehLYvtgGBMhXui28zyJE11Y9+E4NRMRr/aSViDD0kbDyF7Y+PhEu932I4lj3bkIT9StFUXh7wt3d6OQRkum90Qoq3ISNOYtcdzU4JPN3S78IMDIHmPzw40OhvMyfqv+CKvZGviUDBMHNaMh0jQHhO1Tus36JVQj9uYfxSD1asRF3Ol0ZE6iE4IgCIIgCIIgCIIgCIIgCIIgCIJY75iCuDDFYmVUJKb6KkRkasr4Xb+Vutxe5Jk+XO9CmwZjbyJcogvDkjMzGwpVMGOjYq5gCtbKmohY8Ymx3FCsdFJgwW+2l51z22cYwcz0a4P3PQ6L7kJYlweRtzsyy2WWFblMOtnI/AVRg0exwEgYW0xnCt1dbKGUD6WdGKa6PdTYai1x6UwtQOAglUqbrTiJx1euHFu+Qg9EoapION1HRR6gpu8xY31ij2qCEnvXal2s7A2EDUGYzFwqYFYLhUIrr8gxy0FEPEritNXUb7OpNniVZJgVxSPOojgC5ximX8R4XtbtQnG8KApmBChTk1PGEoUtUgtbrUaSppB1FLE8z/V9EAblpkMfn+vHjIGYxWo4GGNBGV6F8+5MSfQz2Ww287zoGvBBarZaDF16/CnSrFglGS+lWoI5BRU+nUZjZbxonMhkxmWqnP6Muz7ZICrznSQcxJoRel6hgipmLI8imReMIAiCIAiCIAiCIAiCIAiCIAiCIIj1CoQV6BqzwiqzcAISLDejM4HRikgsTMdKmjyOvDDeCgJPZMrKL3RrRuUgK3KEMC3BveWuoq9KwYJaxyYXvQoHW+F3MSt6cBjgIFlhLE8YG5GdOE5NQg2EEAmupHKVeY5JEHzdCydKBYHFTjgr3WhEFLXmjep715mYyrtdKa2xjdEnwDsjmFC9+gIf2IJvZlQgqFntrdyD9aw46Q8UuSMRyShJ4kLiDBR5AcITpRIOog4uTEANPBFx0oBRZN1uzIqCmVgm/WZsFSi2TL18YaORRlGsT44iGLFeYQI0XcpiroFqkyiKuPOuCXESJ99DkEglaTo6qvSLqal2p9Px6q0kSUrdic29EtKZ81idF6xaZbxT0CHHqUWG04tw3z8JridcujVnXhLEmqNYkEZldCd6YRckOiEIgiAIgiAIgiAIgiAIgiAIgiCI9Y0w4SDMSj+MbqRUFUhTjjY7wO2BC6lkEekauvsNc/A5AemJi+UxDUjjdiIxxoVD3VmGtWvlgzukMJ4cXnnAVSXBZ60zg32K6ahgVngDKgOcoygS5ktGKopjKTHkxHWeB6k7s2d1h43zVWp9cFJV+QZe2IB6AAAQAElEQVRUMmmjpe9jFMVTY+Pdqba95XBXrQBFsbmr4fKBRjJht9mGixkALGN4JeI4NoocozUS3alOnsH/FMyiTFgqrC0JN34nsG5An6UXhUD/kiybmpCrYv0YsYWLF6XNBjxLUumFpFSsLxLpZgoJCTgRPFNSSiNqUfq6xoZI4K21yiaXfGUcg6yzjj6m0WwarxTV6XTCnJ00TW3vbNIVLgn/Ap50aVYPGBCB8ZEwT6/ZF1kNSqBi8tYmgTGRQt0KE6A64cYqSHhpjNcyBfYpBLE6FPphMcsJUnbSlBEEQRAEQRAEQRAEQRAEQRAEQRAEsX4xvzSOCguwM1Fhok2E1hdcmAgeXU0WYJihX+dZJqWRpAgIcAEpQxxhqAb4PTjLDGXiXYyaQdlquZFCGH2GSfHQlzBbbV+EcjEjVkehVN6vyz5dpOzsjDoV56Yy7S6OFhDCXUBawxfTep51lTE+MfkOUdJkUjK0e/EOIKgMWA3PFjV9v6c91ahcJAtdSVzEj90S2ZYS0UCpQFEUeafLfKCMNT0RvX3pmwFU2ViPzhnQyyFiWjYIKgop8AFS5u6CsU3iBqhkFAv9FGRZR8q8yPNGsxl5SxEBCyA2a8Z6loCNiJSTE1PGNyVaHMf6iQEXHdCdgLZEn5FDPV3ZSB2QpBT6KdPNxUni2uk/f15HAvYPadpqQTvtdlv3bmrKqk3SNI3j2MeRCPP8YXAWLm58XHWXzNUlsx8KeqShlIm71cb6LEybm2VkMILLQho3JO5DgUhrQqwmoSGWW/DwIQyPBkEQBEEQBEEQBEEQBEEQBEEQBEEQ6xXu3Qu4D1wpd4qqVMMYYyQN8E3QhXbI0ckLxXUB3igXwKMBpQscxBumgA4iDol6CIal8zJbx8bRBO4mgVTCdgytRta+WqF0bECZiYsM4W6GsGN61O2JSYlVdcaSBoviFAvrPkKIrXvQjqMf6HzB7HTDTMaNdETNU1K2xWSR5UyisYUThQyhluk7xtml6mx0cCPU0IXuKFKJjGRs3G6EnJS5nkNjC6LXQZTGsFGpKNbPhF063ppEFIVsT3VWLF/eSNN5CxaYkB2pm2ExJt/A4ZjnpF8VJscKniUBOhVuZSfOd0TVnwr/aKWNhlGEKZDEdDoY04NJPYiRe9lHUTmxEpiXoHhJKgEWRBJ9cFioMVGBiQ/vP0s2BcUl7Nh+Kp/ARRBrhF32VndCK4ogCIIgCIIgCIIgCIIgCIIgCIIg1jNCCCxzo8ADSsRBIQ+1FF4hgmIRpsBPAbM4zBfA8jwSseCRLSwb5YmpOFvNiLdTwGK3OQQNQmwN0b9QoayhVHz4Lqnaixrot9Brq6B63vb157A6ARUkiTAe9rkoivbEpH6VF6oxmo/Mi5I0NnYY1nZlWlOVtUVNhKCc0iFMM0GNQSSitNlkcOujyVVjeTeD0i2YnyhWaiTmmPXvcWJvjpjpoFJfVWIXIUwnaEoKAU9JDAIUWciOnNLrv9Pp6CMS3gB9iNB7E/0wCObcfYyPEETYdLvgESTi5YxHzVaq2ygKBqqSOBJMdN2a5saChEHmjspYnhjlCTRgRFhOAWJvsjTCEc5Q5gLxT40Gi6JkbGys2+22pzpJ3EjiQrfPI7OOOXPuQ1woeP5xsLCGCylgr76aKKv7MgzWUZzPfD+t4iyHtCCnKTPza/J9wP7ICc3QHGZGhhFz9X4iuCH492wY+n6y1CU+bOCTEjxxtY8W9shGKbX2ctHMKhlOFEcQBCMIgiAIgiAIgiAIgiAIgiAIglh3KLQzcTE1xqsEytjonYGKE6j4KYyZYSg70aXkRDR0xV0Wha5T5wYoKEcMCvJxxNCvxNRqdZ0eissgUpHe78T+UfU1cWeYK2GR2l6Pl911fwR1XVW2ENbDazkg1dIzd3VkJZ2lCV7UtV06OqjgNENRZJ3JSaidSxlHKahtoHQemW74wKBimvoot7KWYEvPMaryxzRwd4+8FKGqmLCFd4XGNUZzwJNGA/RGRTGRr0CFgOJSebcTvE1lOzLIDmJl1738wNvChFcdosgeFqn76wqGlasMJV1gTM7qGLsWUI0DMVQsR4UWGP4kEbiZCL0h63SLvMi6uZ7HtNnQD4fudewnwFjNYJqNNSMZW7lST/2STZeMjrbQ70Q/RVEUJQqEI2Zh4eVcP8ymCFeY1zVZJZR/epm/Q8J0rdVq6T602+3JyQnduN6VNpMyK4ebG169Aebhk9ZtBZ9eIST6oIhyQbqF0Jt0VRr+2FXlI3uMSxI2tU5R/RUgawif7oLuGN5/OzFbej8aFCtTpTYiHp5QP7yy87J9G0tGH+kSJIIgCIIgCIIgCIIgCIIgCIIgCOJRA5aOVRgEwkrhh+DC+ykw72ECwTJGDAJeDpHiIuY8zzNdXQYVCudRIWETNi0EFt91vV2i7gQlJQpTXUwlnvEym4aj0oW7vBdb2g7UCTUtyeCyI5/2rd8sgrq54oypwWc67YEq9FDzTrfDJ/Uo9BmN1kiUpGaQEqeN8yEKomq6Y2bjl8Jrnay3Etw8vKgedRQnowsX6CtMjU8U3YwZgYGVMXBjoFFXklTMVNDDxr9ByUOgYJjZnGI6W4RSZqT4UBkafA33+07VBuL1FUYBJUwYjlm/xtsmaaRo25EbB5Nuu6M3popFSRwHbVrHEwZ6JX20fkxkUazE6R4ZaUaRAFGWviMsBiGTNL3gpXWEibzBpWUfBuG8Ntyqxbmyd0gYn5JGo6GPyLJuu93hfAy2xzxJEnek4Jy5zB5sxyb3MEz5MTYk7pnsmadp5ULlXhiL6ZUQmEKkguOH8S8hiEcGk1128g8n7l/Brrkt/9jLRjch3QlBEARBEARBEARBEARBEARBEATxyCAQFpj6snUAMSkaEAnCbfXYqk90pdrG5KAEAVxP4HvEXM6O2SgzBvVqAVVrPB8UKlaLYQI2CmmidfShEpvrG2zii9e2PM1dfI6sVsF5v7r46sD9JQai0PZDFkWh2m2zBc5pCg5WFdCE7G3Vncs2EDiPmJCNRjNaHOl3U+PjMs9VRVYirD1Hn5Phm6oKBgJREpvbnrL1B6++1mM06TkwM+3JyTzvpGkjaSRGTcG73Q5Ikbq54F19cFxNVuHWPkapIpdRLPQKnhgbg0dMLpg3bwSdSDKZG5WW86uRTnmEyUhgQMJRCFKLU6r32+yK4jhJ5ejI6Nj42NQUrFT9AI7Om4e6E6c2MY4pRcHKxamU6ysIzCSYrlQnZbDEZPB2Dp2HhB9WFSoRxKOETq7Gp+DF/StAffKxl48uHqFHgCAIgiAIgiAIgiAIgiAIgiAIgtjoEUFBWVrlB5oesDIIw240cRlwSiTtoUrXksEQJYqhnq3LykUODhAQoqH/LyJs01e3Q48DXX1G8YZxQDCbgqidutakzHCpFdzDYB1WK3Oz2REGxdRwvQmDdsDVRBUq73bbbEyPWW9ujIzoOj/zmoHBPVBVs5Z1hnLiHntzOY+TxjzwO2FTY2NFYWNV7MHMq3nMIuEqyHEJ5hw3OneQ8piZmcYNZkYfm3WNck48xmQk1pPR6XT0Emi0Wo1WA9On8izT05V1M70AotftvSOeievfPjyQUqOMcwlsLWDdgOlIZGBhGEwd7xKCj5PuCPcPg8nBqcym3cigaegTkOdFHkUijmO4FvQHvEysnYk7qybocsk4/rrMpWK5vb29tKFcPmOJh82xMHppaN3J6ilUnAFP0LnVZfgOzDb0hcQ3q4e9udv9i/4+f/4I2+BpJXzXraPfXpfr1+Nt9qd/ZAfsnOiNjCAIYu3T7Wb6eyNNGEEQBEEQBEEQBEEQBEEQBEHMHWPjk/r7d39/dbnJ1pU5igy8VARr3Ga7qW1zpz5w4g9T8obgD4zj0YV0E93hmsQkEJcVgrv8pay9ii+l+/K33cNZKD3xVW9fAS+r8L6jbsusvvCaWAav6E78Ff07FAwI6+5hXFtM1grMTRTHVscTFrx764q8ptxYI4ZqBhNbeK0PRkUBridcWqmRFTYwJ2awRxrjG1SJmLEH17YbSw2Ja3iGfrnbzrzDDgsXQwCbGcHmiqq9iapmDLkhoq2PKozKSsRxlMQmaEnJvJBFwaSKwzZtK8HikoXKuX5Q8vHxCXhkpBodbUUR5Pfgk6KXEVzBxU5JE3ckUCbmlFYmtUb4S9T8fjgE9kBrzVZLv52YnGx32qtWwfEjo6N6pYJtkbvNVsDC6iIItD0xoqpAoebvbo/hihHW8Mp77tox02Ya4XYPFdyJNYBvVAuokOxHV3b82/uWg9/JR19GficEQRAEQRAEQRAEQRAEQRAEQRDEIwus8UsrLFAmSoZDtg7z/iLe8oRHka6Fw0tTrwZLBSM9yVmmVIHOGFjTrlfyYYsUcJaJ7zBiFmhXmKK3sVExVhwci90sKE+r4A8raAlDYKaxK5kG1TcKJbygl8KAiYsV5WAH0e+kDUE7etT6fWtkRJgAE0ygqRof8JqTyLpFd1tWhoIvBG80W/rFJOfZVBsEEPq2CutYoXr7WbsXgc3JLIvAfMOTHdTWqnEwcXYd0mpHYA6bIyNxI50cG8873W6GOTspap7ybiaLIq5Ll6yJieDurSxkYZbvRDEONkFMjo6OgBMJGAfxPDdRO2AbVJGCYMgOCsNAwOXyq5yupbwmbhFCpGlq3qrJ9uTk1CQ+cnqZRgkopKTTuECej7KjtRoRk5llQpc4PojuIwCWfq3kP50CwLnrmFZAk4bTAOuMb3CeNgQx5xSSfeyXk1fdar2kGglrZ+ze5ex954LuZFFr3a3+O+64473vfS+bPR/60Id22mmnvrvuu+++v/3tb2z2POEJT9h2220ZQRAEQRAEQRAEQRAEQRAEQRAEsTFTKkJCfYH3MmEoPbHuF7YiXQpAlDOpKEN0ICgkjrudySIvUL5h1Sq+KG4dQIRxRAmr2LZdJYyeQ1mThd4Om0gdPNSPwepgyoAezzQCFNWn9V7vBpwcxVxmiDDSDWWEMlbiIos8k5NgcaFkrr8aI6Nx2uCRsJNUEZrMJn9mDrHCEO8IIq15DQxLiDhqtAQXfEKyvNvNZQZqBq5ctg52272oyQR48Hq2XWLlXeBi7txK5opAMaTKsCnr99NI4wJcbvK8yCIZJ0namg8GIpOrxqWUcbUl7uUrPBBQZd28iLhuQJqlrtfevHkjcSxiYweir5OpjEnJq5IOE5KExkHOVIYxH/5UI4qgr2magjULk1NTU+h3IpUamTeaGHmUfagUvvDPZJC1xbl/1kofoX5UHp6wz8w5A0kTymX9UHj4YYLzRBCPMArJTv/l5JW3WMXJW/+tsc0ScdqPptpdds8ydvIPJz/2spGF60p30ul0brrpJjZ7jLCyP0uXLj3llFPY7Hn3u99NohOCIAiCIAiCIAiCIAiCIAiCIIiNn8CFQ3BbGmf1xAw0xjAyi1I2gQf60nEZQcN5kqZMdSAdBLJGlNBfmMniStigMIDdGpi3swAAEABJREFUUL4HewXpJCnKV6fhKFnqWpg/PdCpWKOTUr5QTXUJBSj1zJB+TiM2siR46wQRbJCMhRs7CBAAFKJTTJrhgj1Ecx5LG00egXrA5gpxb5kxC5eTYRIkhqpW2h4o3254CbghSiRxmo609C0BWUCRGfGRVLKi8Am71NfdRLHq0f177G8Kr3jKDBHKsx6xiUm6ywKVTzxOkyhNZLudFzkk7ERJ2mqAymqSx4NaUYGsCcZfqEIWXdVRIC7hUSRGR0d0u/qORJHU3/OsGy45ey6quaSyK8qlEAWmP86pBi7HoihqNBrgIqSULh5PTU0pozdqtVpxHINJUX2QvNYUKwprZ2TlXT3BOn3lWr7Z2pF6sKDcAW8VH0Q19ENBEBsNhWQfP3/yCqc4Oe7fGs/bDZRep72k9cEfTbUzds8ydfK5kx976ciCdeh3sv3225911llDHvzOd75z6dKl0xyw1VZbHXLIIWz27LDDDowgCIIgCIIgCIIgCIIgCIIgCILY2BG23CxM3gWKPGyUBnMiCZtfYzJlrLpD+UQVe5izGMEzYmOgkHW7siiMdARMM8J0HnOW/VOYfajcYGEBGjQpHK/lr+Q0DW6jYj2aCPeiWsOupp1UPDb6wPs1WNnN/JjRv0V/04PtTE5ymysE6SFJo8GjmFc6Go5j3fudVDQhXgMDf4I+Jm60mgyWgcw7EgQ0IuKsYHhbnNFN2dgcdD9skDtlTIjaUMQI/p4zZxCjVBTHabOpJyrvGGWIVA3NSFNPYFy4pRG04MVTVjbFuYB0JpN3U7Q7bjb4PFABcSHAN0jJCBKPlF/5bjokZk8J1DUxUb8bPPDt0d+SJFYsxdPR74RPGMOWRgMULsa8xSxj624EyTtShg2iu4oPHJpeZdIfZ16khB0It8lDpfsLzpTq1dkQxMaGVOwTv5r68832OXrzvzb+1ShONLtuHp36ktaHfjzVydjdD4Pu5KPrUHein6n58+cPeXAUiNL6sqeBEQRBEARBEARBEARBEARBEARBEI9OXG1Xl7UxNMQn3QRlX27Da8ooFCcNcRkcrgrvYjQY1OP1H3mWm9AZcHGAurawfic1HQFcUBfNXY1blaoPl92i7HZ/fN2thNsie9h032q1UsOKGNR0e7DMX8o2lJ0BlbU7uAEtWpKG4LEIWqv6pKxTZO8moyKwkiB9d+IkRWUKTGS3Y0bErc2N0SINP3vDUYtj2QjUBdwvSSPMSBsNsIPJxzPQnbAkSeMoSpsNYeaRs8oXC1+ASEUqVcCyl4Uq8mJifHLFwytWrlwxOTmpd+nW41i3FgtDGW1jrm18hODJMooUG4Nj5U6uo3i83c1AC9ZsNlutZpIk+sxut9s2ZFmGg9HVZdFD6WxjPHygkB5eppwXa5ES9rOOfwgc+JnhBCjMRweVZ8zxgiOIdYR+UD75q6k/3VTg2zc/L33+7kl4wO5bRKe+uNUw2+56WL3vR1NjbVrtBEEQBEEQBEEQBEEQBEEQBEEQxCOCsk5eqSGjFYLPuzEqBVSqhMYgDONmGLio6IJ5DHEtStqNqqw6Bw4XpmnBK4V1jODhVauIqkDBdaB61kyUxXT/1bdKzmu+HqbXQeBOucltgOFGMVMy73baE5Pt8XH9J6gKrEOEHea69zex/eu5bmifga4WXA8hTZutkaTZEJGZf2E6Hdz02V9nWDYCgYEz+MFlA2YnUdxqjTSaTf02z7JOu53nedpo2HgdWbUgseoK1EwZ4QhHzY80FiJKdjqdVctX6r0LCzVv3qhZrREDeUoeyry89IRJY74ijFqM97/D5lKgGoI7Guv7CxSyMFE7nUJKFI7pTsO1UF8GXZSCCetu4kVeRujClTVEqY3LdcwJ0QJTHH+Y1aYotFVSyj190ob2KB4JHoT7zLjgCGIDRD9UZ1zQvuzvVnFy7HPTF+yR9h62x5bRKYe1PnzeVDdndz4k33fu1H+9tDW/udbX/G233bbvvvsygiAIgiAIgiAIgiAIgiAIgiAIglhjuK+I837pHLhNYgAG9/k5ZjczWwUKFkwB3obWQA6PQu2BiuJE78q6RopiLBkEC9wTrD2Ja07oYrQzZrDFbqGsP4fL4rDBOO6cqnKCTTfUunVJWdo26oG+x7hLK1a1dlBmxLb/gRjAzqNiRZZNjk/oAnqcxGlrlEVwNYZGMgMus87osZkxYzNiAikLEUVJM02LRt5p51lm93KXfRNOg+qXh7PWu9tv8tZSH/qGIKGdj3RGO8YipDUyqtfC5Nj45KoxNSpH5ok48stLubb87HF8XnzLAsUjeoOUbGJiMi/s25FWK45iKXihuInTAZsRzG9ipS7KXMf40HBjGeRVJvB4q/Ky5tkEXVGr2dDbsjwv8iKT8NwlAgRiqMbCKcYBcutdVEpIZAHX19sjcwGzDx9RaexbCvuIwuMslB85C6eSl216cYmLfvK+LJ5Qg7IaBHK4PhIWNcCyZbaHqdV9pudQaUUCnQ0E/ez89wXtP96Y49s3PSc9aM900MF7bg26k4/8FHQn/3xInvKjqY8csdZ1J0mSbLfddkMefNddd7XbbUYQBEEQBEEQBEEQBEEQBEEQBEEQ/fGqDierwCKztbWAb0zY0Auj+RCmnM3KMIzQ68NuEhjYYiQiQkRx0hB5t6OkUa+YajaE0yhMIGHWPgXidUyB3OxnUGHHsrzw/TEqF5v14owXrAoBS9gYE2O70aOiCexJKjYKVlRhE3J64U7y4uvvrOKMUqpeJLZgtBlF1mlPjbE4TTik1iQijXBkRm9gptF3hw1kbZQeAwMKrP6bLgk7HhxanCTpSIt3o2xqUskiDFhBkws01uAzXqJ3D/fKg2EG54QVpXRBmiXBghQmPnfzNKidSigSN6sABVv4PW01pCy6U1PtTqczORkJEdfkOCpQFygrO9FPh/T6KfwTjEQUa091V61YZSKnWKvVikTEIv0yV6hbgqUjXV+srGRQ15V9Foy8wyw53bk0bUB8D+edLCuKotvutI3cJBaR4BHcYM58VJZRlqhQdQXeKErqPnA3DvehYD88WCmAqPiv8PpMmiPcDKCdjuoZivdH2ZCxY3gUM4yg59GAfjg+9ev2H5zi5JjnpAc/MZ3+lCduE518aOu/fjqVFeyOB+Wnfz31/kNH2Npk6623Puecc4Y8+Nhjj73qqqv67rruuuv0BwhbM6Io2n333RlBEARBEARBEARBEARBEARBEASxsSICP4dSPuIECPr/kpsav3UC4apHK1ALpoHqswI7BP2/CPUcAtwzEl4UJsNFwl7QDmC9mitXnXZ2GnABdFdxhUxvScK8t4ars9d1J8zaIvQzbqmP09b6/R7VR6oSVsnddUt3GOP5gL4ueF1jB8NslVx12+2VDz5U5MX8TRbrkj6PYuuPYm0d3IX7VqvXZcEWrTeU0jeKmTmN4jhpNGAoRZYpqcB6A4YpBA4Z5yHo97AF91CQwIfSndggF39kFPplOLXC2q73h7eLlY+HsJ4dIo7NjKVZu5N3u5OrVsWC89qN7fXwCN7hc2ilJPo5mZxsK7kSV9XIyAjkNpkbZHQ/OTgGMTnNsHm/OUFpiN6RJAl0OhLSbMzzfGoKZSei0WpGLkgJUm8wdSn0H8InWNmu6oKxU5s5FxfBa2PrS0Wwhn0THGRZ6M5Cph3ERohewJ/+TfvSG6zi5PXPTg+ZSXGC7PRYsekCdu9yeP3wGNtYeNvb3rZq1Sq2ZixYsOB3v/sdIwiCIAiCIAiCIAiCIAiCIAiCIDZOAilHZavXoZQ2E4yFYgv/Z6jwwMKx+S7soRINSFicJIU+Os/ByQTTP1TBTc6OCfQo8zegwC0hgwcK3FLVIl36xlzUrBB4r5jBXBL3qWAANeEE65vj4SUufnYsQqlBahHrd6JfdyYnQIcCE6KaELsSlxqasv0NglKXY5xOIKkF7GdAXZC3M6ky1BMYKxo2+1idsnE2OzZQ+YFSyj0pqigKEYvGSEsVsj0xmWV53Mc2p9RS2PXkMqu89CnSsytgynWLcqrdjlaMoVRr/vxRweF/0mCeDsac6457YG2fwhtZVX/o0wvcGxl5EWpKMuN30m53MJEnUQqkJEafop9DjMUKx21CfmSR28p6DAIbVFEZFxbprJOGuNNhy2gUhA/oo9w1hNhI+c312f9db5+Lo5+VHrrXUIqT8Y5634+mUHHSSNixz2mwtczU1NSll1465MErV64ctGvPPfecmJgYfCr729/+pj9bdttttzQdOBWjo6OMIAiCIAiCIAiCIAiCIAiCIAiC2Gjh3MWXGHsOX7suDUCqpfNqObvu41DaK2ACicvBwao6iEviGIrSRYFSBiw5e/+F8irCBNBIqEJDKE+gO8F4HRuIY9uvh2/0T3VwUR7Wl6FfQRzNHXoNKfB0XsnQEH1PL9s3UTpQsxdR3u2OL4eCohBxo9WyipzeFBEn8lmPuPmE12BPk6bgcQIyGZ53UFMA8TrB/MzOj+WRaGChjOgkBwORRgPVRt2pybjvrewRUwjOpVdvOQEXJh1J43cyVRSQYhOJaGS0mcYJyE306pKFv7ZtuG/XlFOl2BdGMSKtRYpeiM1mExd9u93Osgy2R6IhZaPRiI2WhAUCKt8mSFNM6BbqTjiPojgyWirJbfCVccuJ2PQTV+YN+YQqZr2UNopIHYKoEf7NMdFhf74td9uZd/bxUVX+6f3xFd07HoDP2UbCTn1xa7ctIraWue+++0444QS2xpx55pnTH/Dc5z535cqVn/jEJzbffHNGEARBEARBEARBEARBEARBEARBPGIRrvzFg+8I7186d/kbfktYa8Odfos1QTCWJya9RYBqQVe+i8KeCa4nyleZ8Xh4JUB8oqx9QuB3Yv0blNedMFYWqZ3SRdV67MajppNJ2IgcHgaGVNQwzIfr8AENYN6KUdgosKsABQ2HnJ2JlSv163lKNZpNESWcVzoyO+3G2iGQKDBcCbqfaQO0SKqQRZYrJYUSsiin2uolhuv+I01F4BeCy5XhkYgbaapXtsxjn1QE+5ymwk+clfbAYvOHSXOAsKYhDCxGZCGzbnd81bg5bZEAp5woMqol9AsyR0pzBaHvUvWZ9DFAZR+MExGTfmVz3mg08IHpdrt5nnen2kKxyJgQCXMhVJI59xJc2ZIz6HahyTLciQf3uCH1zprCQKKgn4EyphQ9Be5JG+S66fmI6RMoRLqZRxv/tnv617vkH28ErckPLuvO6tw0Zqce3tpjy7WrOFm0aNFLX/pSNnuWLFnCCIIgCIIgCIIgCIIgCIIgCIIgCKIHk5eC1VJdZAYViBFVQNkLpR3mKOHK5RB+gWXzoBCt0KfB1VxN6RgEIxJqy3BIBHXuyP16N5O6HK+EkIorE9xhLssjzvU7aEr49BYI67FlcmalKVYOUiYABc4rFeGLV0WUI0WRBHiQuGwT5ppjruu+9t3bpqOPx0l9Vq09hMAKP1Mwn1m7PbF8ubM6ujEAABAASURBVJKFWryw1RplECoUhdFFWG8PjCuwGcnWA3bUYNQSJxzMaVTW6ajC3QIJkyh8SBH6bkxXYN+Ii++lqU8g6PD70L1EL15cNXq64lTFaRELKw1BA5NK6g0rdVvBWyWMcEHidcxahBYgZ2dqqpCFNLFGo6MjIuLGICVCnYpSoALptcnhPfoPVXkHyAIyrtI0xUel2+122p1I33TQtkT6eyipKb9DhA4MCsN3NHme6+N1x0pnJG4/CQZQf64UriynogG9mbmccEldvRKw1aC/CdJqtdBrr6QqpjIkN3k0ov/COvH5zU+qqcv+XszqRKs42Wqte5w85jGPOemkk8It+uNFf2+1WvhWL+B2u60XcLPZZLNhfHx83rx5wxx53XXXbbLJJltssQUjCIIgCIIgCIIgCIIgCIIgCIIgHgGUpgIcitcm28IUvmtHOVcHzvrpMIIaKxplgEDEOCSYN3AV6dI9bIgNiyKey8yZmID1iW1BoRjEyVzQsQHsFUAwAsKUsuPmcBWMJQjcqVmeVAxRMGpHqvB8n3xSMUrpKR4PWbaGVCAcqfWZgDOzdntKcFOcF2mjxWNh7ShskhHb0MBKuoghZ6fRGsk6nTzLQE6AmiOJYiVm1BHKygwMblk9oirvPqPGmvcEg1N2oZoJSaLGaEvwKuFsBJvtYbhRr41wFbq0J1B4tKfaK5avWLZs+fj4RJFLzoTgmGjjzEyc1oH389zgVmNlVSBBr6w6Kk3TkVYzTZKiKLrdrNvpZppupvzzhhZFRgWiF3AkLJF+jhUvcn1WV3dMH29CsWZay6YnfuDcPQDKIxXr9wz6/WyO4D2w1WLOO0ZspOgPxP94QetfnjAL+Ugas1MOa+25tT3l3pWqnbG1RJbVm372s5/99Kc/vd1u49uHH35Yvz3kkENqh/3qV78aHx8f1Kxe+a95zWue97zn3XzzzWxafvjDHx511FEf//jHGUEQBEEQBEEQBEEQBEEQBEEQBPGIQECKhqlI6xcmUYMFRV7eryJbq8z2OcQ2IpwJhNloQlqYrbOb2rWuVosIDquZktjSs20dq/u6zq2/OPaWu3K5e83DGnrfwnFQ3R5UXFbB0Hrb7L1W3wOqR/oZMkM0IShFlk2NT06BcqDLMSFFSmYzhFa/YM1nYvhGKnNiXTogZydpNGL9laTojmNig8LpEsN0Y5ipq3+tP/yE4C10k9N3Vo3WgzH0I4nTBNQYqMnwL+BhE059YjUofYx0OFgDMf8ljLOIXj3tqallDy97+OFlExOTeQ5JOqBe4uZPEbt7wPsOoyZ5qexikH2le5YkaaPRSOIk72ZZt6u/tyenut0u6D+kjb8SwsbugBUKh6cSJ0Iv4gJUKllRFGbJ6A7zmZa0Hp4M+wO6FhXIN/SD4S6NVx9+Ka8DVJVwI5sLSxVi4wV1J0/beSjdSRqz9x3WeuI29uAHxtT7fjjxoZ9NZrOzSpkZvSa/+c1vHn744cuWLWOz5KabbjrllFNe8YpX5Hne94Arrrji7rvvbjabO+644/RNHXrooZtvvvmll1562WWXMYIgCIIgCIIgCIIgCIIgCIIgCOIRABoOYO2YiaCqbOQgTLg0GT5MrIxvFOwObNwElsW5iHWFPIG3wn1ZoYu+XMQ4VpvBPAPzOmzNGYrSEEOjzxdRbE/nkSnFR9x8hXX2UsoQ5IF44QCrKkdQcGPVNn30AKzXuWCYQjIEn7hMHOffgNsVN4lC3anJyVUrJ1aNSV2/k2a/LIyRxPAzvE7B25ekzbTRipOGuV/wZUQUdoVYpYH1jsGolAHyAGWSZPCLDfO1rqkpB3gptcI1Ux4WpEox7C0KqpiZF+VFM7xXblOFD9B5BRtBjNJpd1auWLl82fJVq8Y63Y7ehbIPa+DDrHqpd0gzajVwbGmatpqNKI7zvOh0OuB10u3qMjNE+ARNlNobZgVVOGxlH15ZHjTTI8ODZxUp3PPfSzAbVqjWu3dts+GoXogNGf24vucFrac8fobPryRiJx/a2sspTlZNqVN/NLFsnF1/p/zY/07KOV3UeunecMMN999//yc/+Uk2S8466yz9/eCDD47juO8B5513HjOCEp+HNYhGo3H88cfrF//93/89SMJCEARBEARBEARBEARBEARBEARBbExgrVah0YfbGDhMqOALdRuDWupbN8cNPddE5wIBOhIQoNiDw8Kx8uX8sEZfCkiGqv1WejJ0/c42zfs4f8yECorsPrWHGZ2Fc8qQSuZ5e2JyAnQnq7Juh0mJe41SQ63XlB3F+nUAb4OIoiRJk2YzTlMRodCE1SNQfPTR4Hnrf40NGIXj7OlxaVRSV58AZeWVBzkyzlmoso8Nctdxghf/IOjrtdvtVWNjK1asXLVqvN3pSFCNWbciNi3hMxm+EFZoBm+jKGpqGqmSstNuZ1mWd0F3UhQFU0EIVjCcyIXsxHEC8VxSHwu6ESXr5h+sn4xr0IxXdCdyBmXJOlOcILUPhdrHRK+Mhnh0oj8kTzpoZN+dBoowQHFyWGvvbUtDlK/9X+f+Ffb11f+QF1zbZXPKe97znoULF/7mN7+55JJLhj/rjjvuuPDCC1ut1mte85q+B6xcufL3v/+9XvOHHnroEO2x5z//+Xvsscftt99+7rnnMoIgCIIgCIIgCIIgCIIgCIIgCGIjx1aHlZOcuHAci/BhOPBVr6uXGSj+bCy/BrV1Ww03GgVWuke4wIzIVa2t6cggsYICtYap/ZsyebXIPri8O31KC2c1a5OqqMWOumY+Ue9YZUqUjQNySgHlroM6C1UUuigPk55n7bHxyVWrupNTkG3ChC2pb0BaDDcvZjASbWuE0Z000jhJYD2oyvCtWmIGpY7wqgq2oZble4eAd6Zit8G84qR6nFtvpYEOLm9M1xm4ksq3yvvklL0B8wC7JPWWTrszMT6+auXY2Krxdrutt8RRNNO8VxosWwabHRlKOqIobjYaSRLrjqDipNvpousJCkHCObJ9crqTKEr0DZaS5XmB8hS/PHolI6EWJ+x8xMrELet6xJTf21d9MuTA1wZ9L70e+0NsUESCvffg/rqTJGLvPbT5pG0rETxLb684f1z9zzk2Atlkk03e9a536RdnnHGGfqKHOUU/ax/72Mf091e+8pWLFi3qe8wvfvEL3dp+++23+eabD9OmfkBOOOEE/eKrX/3q1NQUIwiCIAiCIAiCIAiCIAiCIAiCIDZqKkki3lDEVMsjEdaC6/KC3tJ5vYru9toDjbjEKkygQo2qE/MuEZCeU1blwyv6IA2GYhbhwoAglkd4DQqveg1wm/zih8n4NPYaoe5kppKxqfv3LTTLMngFjWOCnB0soes/ZCFxOHmWTY1PtqcmlSqMQoeHuQQbjheIv9GKQ6JOFMdpo5k0GqA74VZ3ou+kydOZoaX1kpUzPbwf4V6/9vqfjl/97pYotVTMZDfZkJ4B/jnlNaxaCS9rbT6cgEOfKKXK83xqqj0+NrZy1djY2ESn22WVRYktKL+Iqt4y3n2ImwaF82gRZoseC9c3udUaTRtpVuSdDkhO9GLNsm5R5Pr6ynWq0p6fTf0eYrLA70QVyl879CpRzsbIfATYDvLAFAhTlcylIGLLRG9ByhbHdqRiarq7EkxqnWGOGYba6bKyxWRmWWOY8mv6bswJs+o5sW5A3cmTd6x89iURO+nQ5pO3q0fVtNLK29F07j8xX/jCF+6111733HPP97///WGO//GPf3zllVduvfXWb3jDG/oesHz58q9//ev6xRFHHMGGZu+99953331XrlyJuTwEQRAEQRAEQRAEQRAEQRAEQRDExouplxZGDyHLRJig7I7fVSlMYVhkrxiN2LJymTGClVjj/GFLya4d5iNksNxsrEQUdxYnpW6jbAcq1zywUWFGFWO1JljVtwX90rfE9YSXfbR7QocN7hQkpaVHr36gJiUxApYgO8fV8JUSRtmiLy1cH6B4XrPDABUDzrSUnanJ9sRkp92GAr0R/cBQFR9UGVZqbatReL+LovTHCgqYgJydOImjJMaQHXNQcHz/lis5TcEg1Exfc0yvZgD/CL8CDVKwhvClsksLH4FpemkXQblOreKmLm9xM8tLfxyzjBgrV60/HLRbUWyUIqrdbk+OT6xaOTY+NtHtdq1xiGIRGgapUEblVzhqX6x1EcgjpLJeRco+kmZsYMwSJ400aRRStTt6ibbbXZCf5HmuZA5iEK4/MHCqKoCgzHRDFUWW5TKX0BN8hp1+TJqLSavVUBy/OHwZYyHYyc1HEpfmhe6klKyAF0LiI6SY3IBUFJKVDjB6MPCZah7zupPSoww+R7CNHP05+b4XjjzpcfbjMo7Ye17U3KdHcaI5aK9SdaKfhYOemLC1wDvf+U79/aKLLprxyCzLvva1r+kXp512WrPZ7HvMpz71qZUrV+6zzz7Petaz2Gx47Wtfq79/5zvf0Z8qjCAIgiAIgiAIgiAIgiAIgiAIgtiIMeVfVuiyLlSlMVDGwgN3CtjoQnO40VKUjgTKmRI4nQcXmJFhvuBYkw5iDFR0RTpCXwZ/gBBYfIcqm3BFRuNoYgQamKhjrg0lZqcdsZV8+9peidUjc6BKj1/MfNmr42sBX+C+AqYuEVxc8LLfwVeY+6OcUgFlBxxdYTh6WdgXtidOS6BYme9jS6iwSeiSf3ticuVDD4+PrSqgmq/L8NzNofVvUWb6lJ1EsdpmIXxYfJxSiVP92C89bVESx0kUp7G9BSzQ45hOcjfJrJx5watpTdYkZKYv7pcG68k6mrOq9HTClzI/ygkLXM94sELsMvNdjXlwy5WyATEmzUb67eHtCfQTvCZkcadzp+GCw3NZTLXbul4ri6LTbS9ZsrjRbEqZ62aEiMGVhM0AXrSWVGPVNZynKdS/JZO68NzptBU6jRj9SJQI1Lj4k71Lj3IuKCA7yTMpC92GiCO3jnr60LNFN+W0ZlbpVhQFl/YDSCOV4hu2EMHfP1W1h2LEoxXUnXzt0vbN98rX7t+opep4Dn9SmsbskhvzRspe8uTGEx4bsbXAHnvs8eEPf/g5z3nOjEcmSfI///M/f/zjH5/0pCf1PeDyyy8///zz4zg+6aST2Cw54IADtt9++9tvv/2CCy544QtfyAiCIAiCIAiCIAiCIAiCIAiCIIiNFihSc8zasFu4syTwb73TSd+6qZUmGFxpVfmz7Bau0BNFYYNBEda+1m1HpheywLqzaUPULuReoV+IKpsyZWrrqqDfSskGUK3vV7ZL00dbMq66dyjWf3KCMYZzYxxdQqSdQd8KnpV3O2PLC3PdqDU/ElGkyglhPf1cK+YfM8KrIUr6PkVFIcELIymyvMiUN6BBgU1t9tYMFXyfA/qX/jlnQ1hmBOoa790z8ODYy2GCp0IvS6kXd1HYJe4PqEs/rOuOwnUQuAA5zZLVeagsz1auWjk1NaV3bLJkE139VUqa9iOTQ9MzAF4dBm5VykUJMaPqkGYf+oe6AAAQAElEQVTxyTiOmryhd3S7ELJjHiv9XPEUrFCYQAmMUsJKrrgJlJEgwgIDFVWovJAFz/WxqNwSipc3oDZ1NQmOny5m7ZjsXDnhmxvDBiLkCFZDfXoJwhBH7M3PbM542MF7pvqLrWUOOuigIY/ccsstX/rSl/bd1W63Tz/9dGY8S3bYYYfeA4xerTOoZf0g6xM/8pGPfOtb3zr44INJlUUQBEEQBEEQBEEQBEEQBEEQBLGRgsVuKZXAmnOQpeKFFKYSzaGabCrg3muht4AfbAztUvyfKDxxVfiKEwTIXhhWmK0CgNuiskvR8F4PuItjl9ww/PVZ4CsRjhGPkaEOxl0+yMbwLfmTy6GFoSzcqUbY8KhqnZ/hILgs8vb4eJw2RCwarVFj52D7wev6F7Uei+ylSEi/ioSI4ziVEmQFhbtfrMyj4dVIoTW6MFsb1O7dLG5lryEJr2w2rbG60wm+AMWJLHov1qvw8j0qF2VVzCM4hjlBMlOWZ2OrxnTjCxcuaDQaqFZx+S7uZHyey7VkBGARhMGUzzRngRQGvkVRlKZJlnWLLM8hTklBgE4UJzzmEXeyFmUMaewAmX0GVcQiPdi8yKWSuh0WKR5Hpk8V0Vkwa3zAbCivaLOfBO5jYANBmHSy2haC2HC4/PLLUSDSC6bbvOIVr8DHqtAf6IytXLny8MMP73v8SSedtN9++zEjOtl555318cccc4zf+9e//vWaa67Rn0Jpml555ZX6mE022WSzzTbr29TBBx98zjnnPPe5z9V9SJK1kiVEEARBEARBEARBEARBEARBEARBrHVcDRrKx5Cww+sOJV7o4cQkod1IWGnn3o9hJtMIdwkRbDF9sGYGkbEJQQWMNIXy0oPFl6PN4cI4initTJ9x2Xeqb1xJcPlSbWNPV148ETTYa5FSK52rIcbuD9X1PWPdEOVZNjU+lrYacZzGjTQCPU0BKSK6gq+8T8z6pxQDCB5FEU9TvWyklFm3y+1NCIrtG/DvrVdsNWbvSsEDk42a1sTLQ+JBJwtIlPLuJqj5Yr1PHePV6zknIptKZMOslJeGTU5MFbm+GWrx4kVJEgsbN1XKVawFUNlX7jUc4Sgg4gkTjWAVclSZxDEMR9/solvkPCuiPBKJ10ZZDxbn7oOxQ3pfZFZtIQuzmGFOIqNXcgouCQ9wrwrMdY+VC85ZGZmoHZg+n3dVmX62/pnJAIcg1gtTU1N33XXXNAfcfffd4Vv9rA06XjeFLxYtWvSJT3xixYoVzWbp4KLffvaznw2PP+SQQ0Bz1o80Tc855xxGEARBEARBEARBEARBEARBEARBPAJQQXROb8HUSDF0odcXvkupCh5fT/HoqeOXfiE2ZAbKzt7rRJWSD2jN+K4wqWvX0l+fMcYGCD5C04SyhB1xLxPhwa6B9DO6CAvIOFKbvVMKA/orbLgLMQkvOsBaw9bWZZa1J8ajOG6yEc5byqoRJN/gCtgmxEhwEUUQqtIyegAJogL8bg8aIq1maEITCc7WeEIC3Y+x1mGzdKxxVEUcYftGdFKLzgnVFfAswcUls+Ip6xFiJrFMqHK6isoiEjbIyuswzDiMo4h+NbYS7sr8BfNGR1rM62mgHTtU20x1LkILFSFsUFaYaKNrwxFkKhV6ReaaLIuihAs/nNro7VWFiLDBAgKkzODARAFeop5LRPq16DeDFZ8in92DohNmXF44Yyz4XFi9W7gWUP4b0GO4tMH0c+NGBeLDDYcrbs/vXSHZXLPFIvGU7WO2Zuy///6/+tWv2Fwwf/788O2iRYvCt3vvvffb3vY2fN1sNg844ICtt96aEQRBEARBEARBEARBEARBEARBEI9cQocFV+tWzEd8hEVSbh0ROHchNczWzJ0Fgz3Mh61wb0wS+kp4LUfVFMMl72BdnTE0McHQHX9hj78+bgNHECNdMXKPvtIHrOn3Djyk50SOr7gNHgnG6yJ7wlJy2aDrRqmGYT0oyCQx0hIF3S9ke2yC88ioDkSUJrwa6OPbrdu0rGV6ryWl87LQ3WVxnKZR2tX9lyBJKMIwo5B6zX31RSm90olZEOqTaufPShXA+41ABYKr2IpI3BLpvUbEI4kROLyMaypU4dp3l7BiLONu4jApNtJYppiNRt5R5HJsbAzVJ2BPkqbWzqTUgYRqMYZZP7Y/zsJI38jqHPEI/EnSwoCik8nJtpS8qRq6hQRXKi4KYTUoygX06F6YIef6m1kfSkjIjxJRpDtTmOAu3hOIZafYCHHcYwB7pZE1wZZMgflKVH54Kf85tD7wnw/EukRtYFN++s/axdxrTlgk2I/ePo+tGQ0DW/ssWLDgqKOOYgRBEARBEARBEARBEARBEARBEMSjDCjeQZoL5F2g+oMLWwi2tXmsqjoVSWnSoViflBE4PwJvBVdKtk25krw9W9qivCmwG0VLofAAEVnTB5MiwpkzDglTQNyljAamYr3iBCXcvzbRH7K/UUo5A9UXrKJqKY/3YymPcYdVonPUzPIFlPcwlNgURa6KqVUrlSz08Jt8fpzEZVxLmWKyPvHOF859RDHB4zhpjLS6Ux0pM7jvqKMANcTM9deZFR5q0PvZzUXvhYTVTE13zPCEchMk7ttoLbPK+o+A/AqeP//I+WOqZfVS6eKOZFbjYUxNzCNTTExO8GVgLrJg0fyRkRFwB5EyioRdla67zD+HNcFUvauRSdgxG5jIVcaVkLLotju6z0mS6BNTzqM4Nj4kIFgBOZKNvEIfFx5FsZTS5PVY0xdZFCAogS0wBcJeoDJXXq8jIEaLMSccM5460vQsNpIVLt3F1iP4kaDW9yNKrEfWhuJk7TVLEARBEARBEARBEARBEARBEARBEHOOd1uwGTJiQHZIzzvrbVEv+/IyjKevrUivosA6pjj/AgjZwbK1TRHpaaBSwQ87UHM9UNjaTL8Y7wxcwpp8f2y4CRusBOF9jq92CUvz2AB4x3DJ8m7WHp/QXY11OT8ZMSdErHSZUZjFwmpDY+sUN+nMmsAIEcWJiAteFBx1Q8yrMNbciaC2THigclK1ZJfpWgmtNJRcc/3OIJsTD4hOBnl4eEyWjUnbMVlTRpnhpFhOsdFXdxLGyzAbowNtxCLJi2JifCLLMn2iScZpmMWnl5jkkXdPMWup7v9TcTdSpWTM2PIYZYi1IVIsyzPVkeik0u3yxDQV6ldMz0uNjYBPE73KC2XFVuYwsPoxZj9u4KzaJfvarSR8i34neZ5DuzHEGAnGXVBSn0nu49q0FkCnqILVBHCqLjMi5ogNzeaEIAiCIAiCIAiCIAiCIAiCIAiCIB6dBFVh7gqntnpris6srONWU3RKVFnFrrXtysCYetOrMkFfEx7allifFXeArco7AYP9HybpYAsDFBeqbNBFlwRX72vrgJ4uPjiIsYFqjrCK3L/02VNf9uqScFso67GuE8YDojvVbk9MJGkaJ7FPRHGWJ9Wbst7APBajdcC0lDgq8kjCL+X3/7381QzWqd5gpz3y22aQB1USc7xdTJ/yf03XMQNudfmUJ7tyw5tcOp3wfpKrGl7wFUTbVPQlquoa1Hu6KqSRVomYs0IWnU5nxfIVUqnFmyxqthqmn6LS//Jp5oFviqz2AXU9yj6rJi4n0mtSyizPsiwXomvOgQ7Esd5lRi3BWsi1U5MIydAPBsxwQMnir1V5waykSRRS9SZjaXQPYKLj2OtdeglPlOD4ErG1ScSsjMZ+2KkN4FEl1hUveVryz4cLNtdsu2TtLlqCIAiCIAiCIAiCIAiCIAiCIAiCWCM4Opvw6bwfrJGCT9XhpUfHtMV0LDpbWYk72JfgUbIQJNKYY7hvGYrXJsjG1qR5aQky8LpeZBDKDMJdrKeoHZ5Va5n3qE96DVf6FruH/SV8EcyqPVGqIs/axdhy8JSYt3BRlCTVWwMWNGx94/UQ+E53VUSRiCNRFJB8orzMaE7MToLrosxFhaKTmQxpSkI9UQ3ltRFDqgR4RXFS0QHhi1J0gv4ckAITBA7V7DeEVazAwe4wr9hgYexO+IJVLgnqDRNJZfJolGx3OnLFcv0ALpALms1GnMSqFOm4Fso2pR2FXZQ8FFdh2JXRlui7nKhI6p1Z1s2yXO9JAtUIqjq8D0spJ4PALRVFsXmE0QTE3D39TrBwKvwsBR4hIjCAMUMVeqUV6HcCHUgSvQDZBsY0H4+1G8qI2TOMlmsdc+S/NBhBEARBEARBEARBEARBEARBEARBPMrgrow/zMGhkYOVaARl/0EVQOuJoYva6FrCvatC2LSL9cEzEH28dLYO+hRTjO5fyfWpIdVCpKmco4VJICDh3jxE1ScByts81APUBsUZm1Fqw/oe07PF1ZrrTekh6//JicnxSOjezF+8JCxKcydwWI/lVitS8s4hZiWIKI5TKQvFC2nulO8mZ4PncwhU8H31q/M88LxZY6wEa/qDYm8ZIqUM/U6qUgMe9pBJ+J/VnUCP+1qbKMbq82isRZReLkoWrlmQcnQ72YrlK+CJWwwdEEkEWTRl56UTP6C8C54T/zzDFlSjyFIHZnRhSi/MNE11P7vdTp4Xqtv1ihBQl4DuRBhnk0AWY4YnRGLicQqfl1XoDoPqBPxyWLBEsEG3UU8gzCdKTFjgH4NRO+CzIuDC5dMUPu3rJF4nHGmBuUGlYVToHFNRuhFrAul1CIIgCIIgCIIgCIIgCIIgCIIgCGL9w73Lg6hYaFTsN5S3HMASKhfCbQD7BmVNC5wAhddEAjY5BKrQwu3h1RgWbDlCdxN4D63q/qjAykKfbEvMLBS/mD1cKmhO9StE+uwRf3yv3APlEUL3QLejeHlgXSnCiqJgM9Y6VU+YTt8tLJgr9xoGJyKlivb4uB7s/EWLmYrMnLvquXPXsCVsts5BRxjGy75AwI6KVBwnsshzsDqRQi8N5ce3+roTPkxGybqpPisW3kPl/Dz6Xzr2mgl06UDpiULPkD7xTjY5iXuVifIPZKFU+KwIE3ZT2pAwq2BQsHaFbUMYcYlerFknW7FsRZEXC5csbrZaUWKkMFbkxcESBZ45jK2SqM9SViuj0HrH6MQg0opHXB8Lw9Eb4VKRvuG5vt9ZUSgmFNNPRq5blMbvBLJ0JLoiWcmPKPU3EmOyYBEJjuPGPcyJy1BYoq+pLwfdy/W2yEhQcDKF8UAyohOWZ3pLnqTNJElQrSKdlUvtERlm8a3eYsJOl24s6NqEF7VONv2slhgP7+aaoGZ+TDZEzIQFiUuq3D7NWaulXyMIgiAIgiAIgiAIgiAIgiAIgiAIYm3gIl6wwO1NDqp6EYz6wDK1y9LAUqlzcAgcG8z+ejKNrsCjL0qZpyNcodw5ZpiStDlI12EF2ivo9xHzVXWubM6GFb0oL2nggjPbHmwp4zhcFZgbwYsK+hhUiO0odZEeU0qYl4KEKgNztK60l21yxmqRJcyd3eNg0q9IKk2JP5gTUBfobzkcKll3cqI9MZ40Gkna4HoeBPStKKTrF9TrD4b8RgAAEABJREFU4Sxe9JMxrE4FWogZzyr7ihEsoMJBqQyPkjTVL7JOO88yW3SXridGHmB75gKbZkZxVbtu7xGB6Qp2bLimQ8SgE1S5ovFizN12d4CViLgj3YsYhBECn5dyRaKlh0+QUT1RTwKycUBCZZYucw8BDwNZwlMqNh6iJpLSaz7SW7rd7vjYuO76/EWyNdJKG6m1KULplzEaUVxaCYT0jaNwAx81USbyoMgLpkLGDA1Isjwv/GkqgT8jLtAnxaUPgW2RTc+qgkoUFvjBcCG4E7iB9kUoXlVaCUNhwpxkgd5AenuXm3wfYbQmttn1Au+/XClPhyAIgiB6+e0N2WW3ZjffK1dOsNVm4Sh7/BbiX3ZMnrtrwgiCIAiCIAiCIAiCIAiCIIh1Cq+95D59xhH+Bn2YbuHK0pUqqq/7q0HX4UG7zEkQrH1JKGiw2+1JygKlZNZDUMz1di1ODWOyfFAfwRkbXLVn/crBtb2qVDeUWgjeZ4h95AF9W+6jdeBenwANrnz44ZEFC+YtiGKopdupLxvZYMwNILYF/qeL/rIQkRAFGuSgiQYeglqk2Xd4qDPWXinfaWX8eu9z11TPizjPMyEwa6Y0MsHBhLoTFriVlKoLhboT4/qhOOq7vO4kcDcph220S+V2Vh7PiiJvd9pypQLLlKIQfEGzmRq7ESkVd6sInzdmHn8eXivsaiCd4UYhw7jUh4H8Q39xnqOLiXnwoljEjFXVZ0aDEgzcTq4RLtmpwCnQF+L+MbBLSIXTxaz0JFLmeiA9YZnemCRJHMcbuOeHWreJP49IaOoIgiAeASyfVJ/45dQNd0m2xqycYFfeIq+8pfO767MTD2otHqG/JgiCIAiCIAiCIAiCIAiCINYdrrjcP5umDoRxSGGcCOzJ1XZsIblPMz4PhPXfp3xjXDm7BfA7kaUOhhtpQ6g78ZX38oVtMKibC65ktZPV4ZeD6+2cKrMvKuX+GSaqnpjRN1ClL6gTgFOkLBSbXDXGo6jRasWNlAfdceNl65FSAsFhkhmP0KBGRBHPzSjghkEkC3rh8LrkRM3akWRwT8ousYoIaU1bNt9V76Z6B+ov4ql2Ww87TdMoinq74tQboQKjfEJglwRRCOeF2WAiZqSsXrIqmEKPmnIerGmJfhHHqX5osywbW76y2+502u1FixaPzGsJdAeyJkEC/YVYoXyfbJAPV32VWZGI9BLVe+M41v0sitwkT8HRuhnBU91uFIHuxD7EJmyo9vB4/Y0VYZn1JPyRiNnvDFPQ3cfsVSIGQxWhhwaOJyBdUforhevCDhuys24VKM5GCYU8gw8LDyYIgiCIRyUf/+XUjXfJStLkauP+C+C6O+Unz5/66BEj7NFKnucgwCUIYi2zbp41Y58pGEEQBEEQBEEQBEEQxIaN8rVPXtasa//iC3X8HgkFZuvg7iDWxP2Lryi31CkFI7K6VQXaER+fI13sj1F7SHBWEFFkKs4SxS3KnYPWGl60EfimVKxaenUn07D6woUZ1TuqcmwY14IXxpEVed6darcnJ5MkidKUR9ZlhRv/BzPk9fNvUNWZQT0AE5FQUsZJXBSRygqr++F+gHOkMZmpS2vPBMF65fTNTqlKCIS+aVPtyU6nkxcZ6plgggQPqb0Nthsgocb8aR8Cq7pgPQMu31cJd0rwTSkmJyaWPbTsoQcfnBibKAop7Orxj0plBjkqyFTvLHDh2ofXYOhiw3QKQ2botrv6FaTqSLg8d2Ig5j9n3FVEdSKY1ZR4pM3KwqtDzBa4rIDPiUM3UEip/+UXrtvtGv2JG1P4qKnq19zBTcfKt/2lSRwfX5KaEARBEMSvru3eiB4nnA1KppsFQQvX3yl/fV3GHq184AMfOPDAA7/97W+ztYD+Wet73/veXXfd5beMj48vW7aMrRb65+TnG/QLRqwBH/3oR9/3vvctX7580AFLly498sgjP/ShD7GNnHe9611ve9vbbr755iGPn5iY+NWvfjXMkZ///Off8pa3/OlPf2JDc/rpp7/1rW/t25lbb731xBNPfP/738/WjIceekg/zi95yUvGxsYYQRAEQRAEQRAEQRDERkz/+qjJ/VB1TYkrovexfRiGvlYrutoOX9z9c7Qt22Jl3rxivk5tXS5s+Zdbq4GyPF7pKVsD0Jdluq9hGrG1d9vb8h/crXIGKurGJ4Tn3W57YmJqcjLrdBQU03HmXYjKWlZyzDQKN/3uS0QiihONKA0+nO9IuDbWAsNriSpnDX3rlOono+L9z4qlLLKsC0M2+gg9/siopdDjxOF8TXpG4t0+jGQDInYUs0eXsozQbSbIq/KN4F6wEoGZR0cT1e10Vy5fibk/8+aNghGQlTG5AQUjCkfXV67FXeiTblDXIfQB+rs1L4lAe5bqCYjNUpAK9WSlOC1opMyU6nleVVUpxp2szD/8erUxwXNmNS94StpoRHFU723YLJtLVmNd87X5MBAEQRDEBs4fb8nZWuOyW7N/2z1hs+fnP//51NQUWzNardaLXvQifP3HP/7xrLPOYnPB0Ucfvf/++09/zOTk5EUXXdRut/fZZx+2WnzgAx+46aab+u467LDDsiz7zGc+c80113ziE5/QW1asWHH88cfrcrgu2G+99dZslugf2B5++GG2uj/EE57f/e53+l4cd9xxixcv7nvA+Pj49ddfXzPM+Pvf//6Od7xj+pb1z6vnn39+31033HBDKD8anv3222/+/Pnhlvvuu093hg3owDOe8Qx8/b//+7+XXHLJpptuuu2227Ih0P9doAe4dOnSK6+88qSTTpreleRvf/ubPuyII45gwzExMXHBBRfojwv9UPTufcxjHvOnP/2p0+noB0S/ZqvLL37xi263+7jHPa42YwRBEARBEARBEARBEBsLTsDBqj4hdidj1oWAT+stUSZp9Lc88fYKyrofBKkoQUmdOW8Pm/dhe6V3SeFLx9z7ryjeW9JmPcX93ro2G56ZrAqcn8O0xyjbMVbpqam8e1WJ/kMo0C5MTU1GsdKlfKWSZssrVhRqDdb/P9NyPyBu7CdknER5htIkts5Rs4nXCY+aZhWU8plpW/DEaZrofnQ6bSkLfWKSpHorSD04LiDIfMJ+ehsPXMEaKSW+jiKhb7qEGBqw9jEXE9KcycNMKfugVZaxvhHYYdBzmEvJAiN9VJ5lq1asQq1Ja6TJY90Z6ZxLhFMJYTOFMO3L8ml1UUnmEgoCbUxQj4AxSkNRyG6nw5IEH8uUpXGS6G5DFo7xVjGaFCnQRImjnqZM2GHocsIU9pyJ8LPC6U3C28z1COKUM/1vstL4neB2zlKr3fE2SlFUuaOg6Cm1LGyNiZhX/OAgWHibautLBfqhdSZAGeaTbq46o3ouFm6g6hJBEMSjnNsfkGytcdv9q9n45z//+YceeoitGboo7kUnDz/88DXXXMPmgkMPPXTGY373u9+1221dkt91113ZavHPf/5zkOhkxYoVRx111He+8x19FT0ofZW3vvWtt9xyy7777jtI64B84xvfuPjii4888shnP/vZbDh+//vff+tb33rmM5/57//+7zMevGrVKpQdD0mr1Wo2m7WNuoWrr776xhtv1AtgYmJi0aJFS5Ys2WuvvfRMDvOj0V133aWn4s4773zwwQcf85jHbLnlljvvvPNshThvfvOb+5q+fOpTn5p+hlcP/TOzHuy8efMe//jH9z1g6dKl0/zo+KMf/ei8885js+e73/1uTUJx5ZVXfuADH+h7cBzHl19+OTN3+TOf+Yx+oX/gf8Mb3lA77O1vf/tTn/rU2kb9X15HH330+973Pt3P22+//dOf/vQ00g1Um/UujEH8+te/1qfssssuu+22W+9efaHDDjvsnHPO0Zd+05veNFyT7Pjjj9dPWbhFryj9/frrr3/ta1/b95SnP/3pxx57LCMIgiAIgiAIgiAIgthgQMVAmOBhc1HAmSAoaQd2EJAvrOvOpaFFpXiKZgeWSiRI+bK8NFaArYOBYKVYRTl9RQFVaamcNYhNz9Blef3O+j8YUwdr1IBpLgpbw/eyVNL092sAwUQYEsSqIgMsGnM2lKtB7QK8n8xF2XygylnOtEIxZ+qij+pMTumDo1gkjYbIM13Bx+GuH7mJcqvFoMv6kpmloqwuIoojpZKiiPU/3oI1S6A78regv05izZheAtVvHKzHAsftqLXM7EPA7Y0LHhbmJVH+QQHiRqNRFLn+V9Esy6amJkF7kYLuBGUQ0EWB4gt7CbfWGWbxlL4eggt4MpzxiY9fqkio+uthVHUh65aMxiLSD6cuSDDzT5qFXDg6b8TIR2BB8dq43WwK6KG0Y3b3UghuPgT0bbfd1A8kKFRkkRe6x7mZJZHxTP8ZJzEk7Rh1S8QxOKsi+MDvKLhx/TcvJIo3hPusqN9m/UckRMJjZnxW9LWl/ma2QyqViEzcF3dWNTx8gNeq2qP2xDOCIAiCIByrJtmas/s24tAnpZ86v92peg2smGCrx+GHHz4+Pj79MVdcccWtt966zTbbHHDAAX0P0FV8//oFL3jBs571rN5j7r///le+8pU77rjj1772Nb/xmGOO0S3rQvVjH/vY3lPCcrguwLN+/OIXv9Dfn/GMZww6oLdN/AHV86UvfanyX3GM/eMf/9Ad0xsPPfRQfbyui5922mmf+MQn9E+5d9xxhx7dRz/6UWxE/9AL/nM93HXXXX/729/Q1GRI9MH6FD0/wxx83HHH3XjjjWxo3mTwb/VPj2efffZ3v/vdvvE0m2666VFHHfWyl71skE/Ggw8++LnPfe5///d/e3fpyfn3f//3PfbYgw3HtddeCz+i96Cnmq01dt5556985St9d+kVPk3y0V577YVS79myYMGC2pYtt9zy+c9/PjP3/corr9Rz7q16vDuLnmR9g1qtll5jes5xo/6PBUx3qi3acAjf+MY33vWudy1dulSvky984QuDdCezFZ385Cc/0d+POOKIBx54YOXKlb0H7LvvvvpZvu222/rm7+hubL755rWNt9xyy0MPPaT/KzL8LxTdpVWG2sG5YaeddmIEQRAEQRAEQRAEQRAbGIG7ySzocZWwFfO+WRy163lxReBX4lpxMR8+hsZWnaV1WDH18TJaBDuvq+CgO/FSDs4HelOEv3LvN7N1zkwz7oQpqjvVaSeTcZImcaKEZCawRc+IlOu/lh3cBTfvRi4jIvhHwsKa4lQMYuzamIu+B2qNNWvHfOfTXcge4RUnrMx+sWP3kpA4SWJjcBJnWaH/pdgMWKWpEqJRaix4qSFhVdFK+QJUVaKUm+AWfMLKntmuVW1bghG5FS/wCA7/MtvutNkK29LISAvulmK+S16b4RxQmPQmKEZ3YrVH0DfJbUYUEEV64FxKm3SjDyjA+kQ2eVMYoxfQz+DD3Cv7cf+yHI7XxHlBk/Yjg+M/PSseTpNiIC2JE8F4puB3VYsstylbCYv0Tu48VdbDU04QBEEQxNyz+zbiA3f7tY8AABAASURBVIePJBF7/0taH/rxVCdja86b3/zm6Q/QZW8Udpx44omDRCchiaF3+8QE6GL0jz1hCRx/Cpo3b970URrtdvs5z3nONAd828CGQI/ila98pX978cUX/8///M/pp5++5ZZb4pbJycn3v//9+kdZfdgWW2yhtxx88ME//vGP//KXv+jXhxxyyKmnnoqhjTfeeKMu7b/nPe/pK7LZYNE1/hNOOCHUrOga/+abb37PPfeg1EMf8N///d8///nPP/e5z22yySa10++4444jjzwS72Ycx495zGMWLFhw1113oXTpoosu0lP6qU996ulPfzobmgsvvND/TH/UUUetXoTNOuBFBjYXPNmgX5xzzjlXXnnlQQcdVMv90fOvV51+NPTCDv1jvvrVr375y1/W63C//fYb1Pj222//9a9/XT/aN9xwg25Wr/C+onOU+wwpOrnpppuuv/760dHRF7zgBfr+ogClL78x9G5/4Qtf+MEPfrDvKRdccEEoXBuEXicnnXQSIwiCIAiCIAiCIAiC2EAIatxOLsAq+TFqZlmEceNQ6MrBbLHbOxeU8RF1DYqNh1H2NROl6KUUjXjrFPMn/Eus5Ir7BrmXLriqOx6osCJd+kX0dDuU2FhbFFXpWu9A2XqAu8HJPG9PTMRp0my2wF2GCV1K77FKWd+4JCNIaRHCSBK4sUKReEtUP4lMj25pKOY8k4TX40+Ch4CF8Tp8QH+cdMS8jXEp6lsVG/uNHExPBHY6jlNmZVTcB7E4txLlLmS3YJpNJctKWflEj1pKsSB3hvW665i4Iy8pUYWcareNHY3kmyxujY4KzK/CZeVsTsqHDc8KRoxdFiJG/xL0FOIC7r7Sdz3Psiw3gUAR2Jcwpf8ZN0pivV8W8MuIIhKqR+kWPof4O4tKSZRYmc8ISB/yowufYr3Okgga15syZX75r5vpoYEPS5LoMgBKXtC1RjknJZwzNfv1NwzeNomELgRBEAQxt+y5nfjwi0fw9e5bRKcc1jr13Cm29vn85z8/Pj6+9957D6M48fzxj3+87bbbwi1jY2PMSFi+853v+I3otHHeeefVRCc77LDD/vvvH25ZtGhR71VWrlypf7ZpGthwNBqN8O0vf/lLXUo/8sgjP/7xj6PVxIc//OHbb7990003PeaYY/AY/SOT3quPeeCBB3bZZRdUnFx77bXHH3+8npm//vWv61508s53vrPmT6N/BsV6/OMf//heIdF2222HLyYmJt7xjnf8/e9/Z2Yq9JEHHnjgtttuqwelf5C84447Lr744q985Sv69U033XTcccd99atfDW+N3n7KKafoRvSE63Nf/vKXe9uYhx9++KyzzjrnnHP0HXnf+9739a9/fXhHioULF/qfS73Px/e+970//OEPg07B4Z922ml465/5zGe+7GUvYyYCBhceprToW/blL39Zv9h1112f8Yxn4Lk33HDDa17zmr7NTmNzspa48sor9Xdvc4LoUXzoQx/SLz7ykY+EipMLL7xQD2f33Xc/+eSTp29WPy9f+tKX3vrWt772ta8d9DP/rJxOUGVy0EEHtVqtHXfccRrJyyDIoYQgCIIgCIIgCIIgiEc2nKsB9VHJbFW+vtvUbQOridC/IdxWVnVLvwao9nITzuE21V1HhAvTkGh/kPvDVD0Hpyw+G9GM8p4MWF9HcwYeRrqU6RwzZbxUOj53qIGX8wkgCjNrjG+IzIvO+ORkOg5KhkTvE4o7Zc9aq2r3Tk3vxSJwNIGb7jUlQncx0nX+oshzI46p3C6TLSP81tUr96+pSIBXNSWzasxrfZx0gXu9iU2KAqcT81utmWLm3+KllN1uVhixRaPB9dxgfFJgLVJxB/JqD7xAzf+jVEtUbk/5AFUkVM57SBmRCzZjDgZfIP2vyWOrVulbKJUcHR01STS2CVZVilW7xKzHiTlcGFWI3gsSFnhrkrIEROXAFsi9MhozzlNwf0mmmW3/YQHxXQItXqyQzXZHyvB2Kac+sTFAQui5lQawO8kyZZ12TBqQt5RhdiL8VedWxMQrN4NUJwRBEAQxl+y+jXj/oSP+rf7x6qdL10V1/Prrr//pT3+qX7zlLW+Z1YnnG3q3P/TQQ5/+9KdrG8PAHUTXtkPRia6L63J77ZhrrrnmjW98o971gx/8wPuUzJbTTz/9q1/96le+8hVdnj/xxBP1j1K/+c1v9E9WH//4x0OZy6abbqq7/YY3vOGMM85I0/Rxj3vc29/+9snJyde//vXHHXccW+fUNAosyKPZZJNNnvnMZw468fOf/zwqTnbaaaePfvSjeiB+lx71joanPe1p733ve++5555bbrnlm9/85vHHH++Pufjii2+44QZmDGMOP/zwsOUlS5bojdtvv72eUj0z55577hqaUtx6662XX3759McsXboUX3hVza9//euLLrrIH/DAAw/o+8tMjJQXnej/aGu1Wn0b5DM6l84p+qf3q666Sl9077339ht1/0899VTdjac//en6P1X0Osfty5Yt+8AHPqBv06te9arrrrsON26++ebox9OLXsDf+ta3UCPVFxSd1GRYfbn77rt//vOf6xcveclL9PdXGtjcccIJJwzKcgrBXCGCIAiCIAiCIAiCIIhHGKW7CauZLAQiD2exoMromwH/ijVgs/c1AIsIrqy9Ql9hRJ9/IsPae6lyqNbT17VhCHpV9G40f/Qfkd6adTrticlmq4WiBdvOuu15P3jtZRTrf9BDOw+RswzMKuDfEWWlqj9UBtPM92UNpQKznTzOXIwOZ72RPH40cZxEIhJ6oWbdnAuRZxlYihRFt9vBbBk4wuQP1f1IvLMIL22CmJFTeNGJswAZ6BszqO91xZCCfKZulq1csSrPC713dN48MzDpFSdWsRF2ydnCwEDgSNc8KEW8LA2ERwmHpBtoGT8ceBf/gH9I9e1XZyDU2eAwhRHClO4rwaS7odrfAcXj9b8mex/7DKYdpCfYZtps2Dk0Dx/K0LAXc6g4CVnnHywEQRAE8QjHp+oghWQf++XklbdItpZpt9v/9V//hT+97L777mz2vP71r991113x9fLlyz/60Y/qAvm73vUuf8CnPvWpe++99+STT168eDFuueGGG77+9a/P2LLuG0Z1vPnNb64pTozfXh4bZmxH/zj0pje9aZdddtFl/tNPPx1/OnrWs541Pj7ea7Pxwhe+8Ec/+pEeha7Tdzqdt7zlLW94wxvYxoOu2aOEqNlsfvazn91ss836Hqbvtb4vr3rVq/St/8EPfvC6171u4cKFuAtDedI0PeSQQ/qeq7efeeaZU1NTKG1ZE/TiefGLXzxo7/HHHz82NnbGGWfgKJYsWYLbDz/88H333ZcZzcpPfvITvd7Q1CSU1+y8885f+cpX+jZ7wAEHrEuzk5tuukmPQi+/MFzmwgsv1D/MP/axj/0/Q+9Zp5xyin99zDHHTJOQNY3iRBohPjN5Sdtssw2bFv05gFk8oe0Kc/8lMiPevWYQ99xzz4zHMJcHRBAEQRAEQRAEQRAEsYFQVlqdV8AAIQj3lgJYh2bOWaAXzAMJTnTbbYxNtQ6rBtt9sKpZg1EwMCM0UUZyYkr37nww/ZBWx8C8KGCGkq+voftuDFUg5n167cYpfQW8dqX6ljAvxYWzyH65KE6ZYUweiqIzOdltz4sbaRxHPBJlXMraJDSgUf33c99bbtxr9M1KkpRZzxm9qdD/7O1UE1j0V6EEov9yGmAS0RMgI6thODMPx5vXBB4lbMaR8mBX7fjwAE2s/wG62+3qf9zkDZ5nuHxzo8BA743CnJvAAaDV8EOyT6FRdUjQXoCwA16ho400GTPGtkRPKfe+JT44pneO/Hv38AVPHxd6DekNnW4nW56NrVq11dZbzZs/T/dK5jJKBGdCwp0zrXPlLFasn5CdP+k+NExz5t9bUdslwIxHD4GB/UleZOD7Ak3CkwrLF1xeRN8bj4+x7ps+QjeKFjrh4LzLjF1uCj8ZrGBF918Y9FsUnYDpij440osysd4ngrMgmEi5ifT/yBtq01ZDksLRqIkNfDa5k+it+bPrZUBDdWvG1rybznTHDDxxzik/5MsXdtfa/dgjCIIgNjzWl+JE/x30/ve/fw2lA0984hMPPPBAfH3ffffp77q4/uxnP9sfgLX//ffff/PNN8ctXkc7PZ/73OfuuusuXa1/1ateVdv1hS984Vvf+tb0xfgau+222957740qk0022eRCQ98jd95553/+85+6+L3DDju89KUvZRsV3/3ud1Fn8LrXvW6Q4gTZaaedDj300J/+9KeTk5Pf+973/EzecccdzIhOBkkEms3mEUcc8ec//3kaucOQbGkYtBfbf/zjH7/VVluF2/16u/TSS3/yk58sWbJkzT059O2+6aab2BqzcOFC78iC9M3WOeWUU/bdd9+xsbEzzzxTv3jCE56A2/WNGBkZOeyww/DtLbfc8qc//Sk88eKLL65d8YADDhgkvdLPI/6cecUVV/hJ68t5552nb2jv9jzPhwzZOeuss/bcc89pDvjBD34Qym4GoZ/KNbTPIQiCIAiCIAiCIAiCmEM4C8NBbIiF3xsU4LnzLMH3VWsG5zjCbFXbO4e4KrC0G8JqpgvJ8HV8a/5h/VJccdsneGCp3waE6HeQz8Jkgbk/pgqvrAmFM2WA/VbrwoNL+FEppzZRzFmxqGlyVsxYVI/GQ1WDOpSNIupxlFD9WvTnmN72laaoQGABb4s8H1+xTERsdGHEVeSMIMojjY9GbyfZbCu0ql9huTp5wVBQZmDuDubsQDc4jyKzcmRHFZCoY0r/EiVC3IiEXBCSGqwV6TtzvP6WO+cKofqOU0mmSmWMN+QJRsQqcpJB9XMvRgn394hgWIzCLKt94BA3NAUpMxKnIMszd4Lwfi/cCQfMgpLM6aG4vaUwVQLWl7DhRMKscLfLDFKGk+KbdQ+510+4BeFcTOB51DctV8uXryiKYv78+XESy1zBhY3qxQvGeCDHCSxC8A4ooy2yM2w0RSbUBk6Hzwj9r7GK+8cliXksIrMK7NzjJdynhlkl5naYJB+XsuMvrKpjrNwkA9oBdQ1waWUkL0rFRndibgRzn1d80JPPh9uu+sVQzfjA9dHmrRZGdzPz9daOJmSt4T+Uez9P2cY1EoIgCGJuWF+KE2ZyWH73u9/VPPpWrVr1sY997Nhjj91+++3Z+mPp0qXf//739U+Hujy/huKGiYmJs88++9vf/na73d50000/8pGPPPDAA5gg05cnPelJ22yzzbve9a7bbrvtiCOOOOGEEwZ5fmhWrFhx9913h1t8CM69996bpmntYLaWOe+885jR/Rx55JEzHvzGN74RbVFQGIFsu+22+vv4+LheG8973vP6nqjnhG3YXH/99S972cv67uprc3LXXXe9/vWvZ2vMs5/97E9+8pPhlksuuUR/f/KTnxxubDabhx9+uF6WeMorXvEK3P7DH/5w8eLF73zeXK8LAAAQAElEQVTnO/Gtvps10cmJJ55Y+/n8oosuGiTm+Oc//4kvrrjiCjaYBx988DOf+cygvTvvvDMbAj0iRhAEQRAEQRAEQRAE8UikWjytlm7ZdAqMSvqHKnUNpoDLfDWXQVAGr2bZVJu1NetA/oLtOj1H2RGOcgXfLYHxHlh0xTKvsQtR/vf+3T8Ol2oCXi30BgYBpVrDjqvSS6asvwte0ZssuKGXFhJG+lCdOiumqWzhLiyo0p3qUXZIvl29QRZFe7LNo5VRnLTmzzdnFGagZe9Xw5ehFzVdvypHVPurSvkMN5kwMhIihj+NxMTYW7DytrqbwwdF7fCean7P6MqZ5DMUowNnn1J3Eo6I99MBVAxEWGmOMo1WIBagtoiUEWzA8IUoCinh/xKlQ2YBwT2L4+Af2Usdkr0ySoqcQMs8TiCYQH0J93dnViYTlUe3HCQ8cuNjY+gUMjJvNI4j5sUmTDIfT8W8fsXEA7mzYQ2aX/RUpdGQdVASTID2SMo8z6U3euEsEVgagc8InOhQ6YbxN/5Jds9d2Qf7TPrLVz+VvNmJvm6WZfrSbKqt9zXcDMRRlNunuZyNXgHR2madXWijY/BnD0EQBPGIQv8U8ObnNa6/p7jounzQMetRcaLr2d/4xjf039fve9/7PvKRj/jtn/70p3/zm9/oUvcZZ5xRq5T3ZdmyZffeey++1tVrZnIA/RZ8q78/8MAD/qcRfcr0bWKwjj7+1a9+9S677MJWF/1jkh7ml7/85eXLl+u3++2334c+9KFNNtlEvz744IOnP/fss8/WM6Pn4QMf+MDPf/7z9773vX1VOF8y9G1hkOhh7TE2Noa6Ft3VVqs14/Gbb775ggULVq1aFepm9t57b3xxyimnLF269KCDDtp1112HCUaZni9+8Yv+dU1889BDD+k75Y1w1pBGo7HTTjtNc0Dfvc1m0w+8LxgnlCTJ9ClUO+ywQ/j2r3/969VXX61fvPvd7w5/Nv7sZz87pINIjUMOOcQ/R7/97W91r6Y5GE1rmIn40XO+aNGivoedfvrp4+Pj++yzzw033DA5ORnuiuP4u9/9LpsLjj766GHUY3oNM4IgCIIgCIIgCIIgiA2GStF5iOpe3/JorXiNx/kIHmdKwGol3fJY1vdKFU1D/RI88GjgA+vtocWDYvX4ibI/poAtwZyDDUlVvTLE8X0OVkNPuCuqo+gGwkZke2JysjneHB0VIlZVddB6LGHz6hxDTwSL4ljKQhaF7rb+Z1ijubBHCR6eWSqZPN6mZq301l5iiCOH60LY+dgrMFBlol83GmmhZwHDdcwLxjo4FejJYZrwOgoANDuqv9MLguu79wns80z27W4hGfoLuWPzLJ8cn1BSdbtdXWmI0xjcVFCQ4pVfzHsfVUQhvmMMP01KixZp1UUQJKRHXnSNhAWb02OPjNO1tGoS5dwt7ADLBJ3qADFzx5qUGF0bTldt4PofbfF3Z9HvhHXheLioieBhhStWKScuinhvvsxafaiGuVmPIpyrDkEQBPEoQf84+O4XNg/YKX7ebglj7b66k313Ev950PpRnJx99tlnnnmm/pv6tNNOe97znheKTt7znvcsX7780ksvPe64497//vfPKM740Ic+VNty++23v+hFL6ptHN5GQv88+cEPfvDOO+/cYosthk/P6cu3v/3tz33uc/rFLrvscuyxx+611176p6YZJS+I/pnq85///C9+8YvPfOYzV1111dve9rZzzz230Wj4AzbbbLMdd9yx90T9Q/Jtt93GjP6gr1Zj+tSbNcFrR7beeushT9l2222vvfbaBx98sNPp4OgOPPDAl770pXqweq7OMcyfP3+fffbZe++99QTqmRwyHanG17/+9b7bly5desIJJ+yxxx54p1ab8fFxvZ5HR0d32mkn3Wc2S/SMfe1rX5vmgFtuueWVr3ylvnfTH1bjq1/9Kr5YvHix7hszghvd1fAHcr3gQ/MVvcu/hR/yq+gH1r/Wy3IY0Ym+7sTExJVXXtnXt0bP/8UXX7zpppt+9KMfPeKII3oP0L1lQ9BqtabXlOhlM4x0aVBUEEEQBEEQBEEQBEEQxHqhn2kEn+Yw1TcFRTHF+ulO3Lm2gluKDYboGGMYhTHwDC9wcHoFVlO02EQfVqpNOO8bMGHPGrLqW3pQ+FgiLMOvlSopBosw23db4udC6NL91PhEe8HkyHwonStnKiGlyxvq7fgcdlD12VBekts5txYdHP4tuoh0nyFfR99WEApJZxATSH9YGftSa3vGrs+6ZO/XzqxPnK7NcmcMNi+RCHU0ehbwiNxk6zjpScfvxX9e5G7alA2Q6X/nqrYitl+ouhgkYgge49LMQ7lzvWtKluXZqlW6k2mazl+4wFj7SBdhhA5ESvBAgRK0XI4XgoDgMqZLkWIFSqektDk73OpW4M/I+Z3od7KQoKvCFSQ4cwov7npulSimqXIeTLqMchFbteHDv/g7rY/enWe5PldvNB4s1qilnBwXu2Myovi6Mdrw42LrVTW2/gmtdOqf5gRBEMQjkzc/r3HATlA91X8nn/CvzV7dyb47ifcePBK5Iuw6U5zoHxs++clPnnvuucxYWRxyyCHtdjs8QBePzzjjjNNPP/288857//vff/fdd7/xjW/s29Q+++xTi49hps6ty9jNZvP5z38+m5Y999yzb/dOPfXU3/zmN/r1v/7rvw5j1zENr33ta2+//fZnGfTbt771rbWwkmnYfvvt9Szp+Xn605/+hS984fDDDw8VJ5pjDb0n6vk88MADmVH2rOPMkbvuugtfDC862XLLLa+99lpmXGr8We95z3s222yz733ve2hJMjY2dpGBGUeQpz3taS94wQue97znzeqnuw9+8IP++DPPPPPhhx/G1zvttJOe2Msvv/xXv/qVbpbNnk6n8/Wvf93rqIY/UV93yOyY1eO666677LLL8PXb3/52VGLpp+/73/9+eNinDP6tvokHHHAAmwswXufII4/8yle+MigsSa9z/RR//OMfX7JkSe9e/V83+OzMyFlnndX3ifboPgyKAQq58MILTzrpJEYQBEEQBEEQBEEQBLHB4OUCw/zDkyv9svCX0V2hOSyNT6dlwdKq6JGJVG1XfF4NZ9PVYa3kJBA9cO5K9koGWg1TRA61EaEFixd2uB6yaeA9vWVBfA+bW3MOJyeRriyu/4U5MkPMutnkqvG02UyihimdVw0vqv0bXu6zZp0tLw41Y4n1f+gbBJ1EQkmnocE+SRXOpul/Tdg0xwUFrzUp12uQ5zLwrNr7IW5vzJwPjzXaUcyYnTT0xm431ncxh//l+s8sgw6lacIY/FobLwNimFNQVB4eFFtEUYQPnrTeMWXWTL23/bQmjJUiJtznxBz2XnQ63YcfejjL83nzR8GIBYRNepVFZuJkrf1BdiyBsEiYDB3disDLFVme6TcqgsdSqjiOfCgVPrdGRNJnFKxnNbtPCuVzffAY/zuC+lz8lUGY7jzvdNrcqXOwAgRDCD4YrFXL2tc5qH4eUH3MoB4pkotwaP5l5Xmvqs4E9zongiAI4hHLb67Lnr5z0nKWEG9/XkV3sr4UJ5OTk+9973v/8Ic/6Ncnn3zyYYcd1vcw/TPSKaecstlmm331q1/98pe/rM96xzve0XvY4YZwi/7r7eijj2YmSuMNb3gDmyX65xmvOGHBjwpHHXVUzdEB3UrOPfdcXUqvNXL66ac/7nGP8wP5wAc+UDtgr732woSdQUxMTPz5z3/2bxcuXKgnjW0M4I/TzJhbDHnKqlWr8EU4J/rHS337Xve611199dWXX375lVdeefPNN4PK2UhqLjZ85zvf+cIXvjAyMjLcdSDPyN/Qr33ta150Mm/evHe+8516vX3qU5864IAD5s+fz4YGG7nZ0Gw29ao48cQThz99u+22+9GPftR319jY2DA9ybJML5WnPvWpfd1fvM3J9Gy99dabbropvv7LX/6im9ptt93wrR7gnXfeyVYXdNzRs/q3v/3toosu6juoRYsWffazn9UPxaBGpo8T8qyhPowgCIIgCIIgCIIgCGLDRNde/S/5KznUv9/i76Bz54zgszSmO6ValQ5LqIMK1g5RDdWpXMbYq0inVCijNuClMSlQNfcRbqvJrjXmM3e8kQKbCXtWpVW3o7Kh5taxmlVTpz3wV+fGOcJcThbtyYmpiZEI6uk8mCu+XnwB6mYnZpVwN7fc2AgbnYk0fhSs5i8TKCL8lv4XWu0SfN97XBEhzXjy0MScgzZIWrcMGDiX8A/TaLCh/zE6LqIuF91uR4ODbzT03U1CmRW3wovqggvCd7jLoNENGmmSDFUXoQGJ6omnYZWptJcTPNJdFcZ6RBcSjCoGdCeNZjMGpxYJN1VBSBIX3AtQeF1BJrH7zIk/bGCN/rgx7StjY6H/9VmwGP/RX8kkimM9IL1PxJGVIMEZkddbeScfk9Ikdfkp3W7ZyA6T8SZMtLhoCjazEfVAdH+kjKRM83zJ1NQB7c4z2UaFnpxIFVx1RTbBV94V3buUdSfYRoRyoUrGZab8S0UxJ16q6HIeMUIcgiAI4uZ75Pt/MvmhF4+g7kT/TOt1J+tLcXLllVd+5CMfueuuu/SPbf/5n/9Z04v0cuyxx+pa+Mc+9rGzzz5bV5Tf9KY3sZn41a9+de21126++eavfe1r2SzJ8/yUU0658MIL9evHP/7xN998s9+la+eTk5O9p6ww1DaGSSV9ef3rXz+9kwQGqbBp+dznPqd/TNVTNFsvk3a7/eUvf1n/F8Txxx/P5pptttkGX/icnRnBIzfZZJNe+UiapvsZmOm2vrOXX375//3f/9166616i36r79cZZ5wxTGbK9LzgBS8477zz9Pr80pe+9B//8R8zHv+Xv/zl97///UUXXYTOLrqfL3/5y4888kj9g/QrXvGK2sF6PejG582b98IXvrC2a5D2SM+Jfjq23377733ve9OnvZx66ql6xb7jHe943eteV9s1NjZ22WWX6WftGc94xm9/+1u/vfeHvVe96lW+2/vvv/9jH/tYn+Cjex5GX82Km2666f7771+0aNHOO+/8ohe96NJLL73gggte+tKX9h65zz77DGpED/+b3/wmmwv0Z8IwS6Xvk04QBEEQBEEQBEEQBLEeCb0xhtRGcJcAUtlqzQYMJkOD9dWauI2qkL2N4DHo3VA/cVBPBDOVdlbvSdifyjl4jL94RdPhT+c9s+FiQ8IcGBaMSJiEHfeb+nP0q/ku36OssepSf6GnF7opsk53fMXyKI3nLVxor4u5NmhaEYytRxWwBgxuo1oUtpKJQkGkjlBCcol5JuD+oXjvDeKc+/PNH6hnYDXRxZo7QSgV3mpsgfXNDGKrG68Sex2Tk1ygwgneokkJqodAfdHpZFmGp5mdwqfkmC3cqTdsrR0lF/5KpaQDYmwiGz2jJHcbA30JrwTrqHCAPKjxC+yvfqz0vz4ve3h5nhebbBqbf0q2ezjt4QAAEABJREFUzkLCrrBKa14aEt4w6K1eAeh04sJ8QOBhVEmyyHUXc90gGrroQyKhPxrQ9YSjmMoKmrgN8VJMNLORPe4ZeYLiid4fsbmAQwpUEUVTSXJXq/V9xn6YF3sXxTGMLWQbG/Kx2+eP219OLper7hX//BObeIhtGAxyOqlIz8xicK9ho/+bRLiotjn8hCUIgiA2BPrqTh63WfeFT0zXseJkYmLi//2//4emDo973OP+67/+6/GPf/wwJx5xxBF47le+8pVWq+Ur6yeddNLSpUt7j0fbjBUrVgzyUOnlKU95yoc//GFmsn50/V7/iKVfrFy58swzz/THnHPOObUflHUh/Mc//rEu1b/61a+uNfiYxzyGrX2+/e1v53l+9NFHz1Z00u12zz77bP3z51oVnficnekpiuK+++5jQ8Tx6GHua9Ddvvzyy/U90nf5kksu+etf/7r33nuzNeY//uM/XvnKV+olqm/oVlttNf3BJ5988v33369fjIyMTE5O7rzzzieccIJvZ3x8fPny5XoZYBzSsmXLzjvvvCVLlgwjZ0F+9rOf6fW2yy67TK840RxzzDG/+93vvva1r73whS+sSVjmz5+vR6SfGr1O2PoAHYMOPPBA/Uw94xnPWLBggR5XX9HJ2mbTTTfVfdArf5iD9ZH63uneMoIgCIIgCIIgCIIgiA2B0HQES/H96ve9AR29B5SCA5t3oXjYflmPtrVpaWM9/LewfVXTBAy8KLO/Ce8L8RhogrXL0sTFx+iEXXQvuP/NeXciZ+7PHpzApfQ38dV2VQ6X+1CUirRi9poPk5tT6Yw0XhMo6dB7sk5ncmy8NTIaJylKGiSreFjwudKazKLTlSQUZtNLjOAkEhHT/yaZG+MPv2as54mquHp4c4NeH53e4cxCGeJ8QLCntrlyhkJJEe8ZztCTGYNaBNJowJzDPB76K7cWHUYmouciSWJcQFm3m2UZB8VJnKa8Ft3kxByoO4FN+NtvKqCesyPN/6oPAKs+yfah5X7+TeOwRTCXgCUL1Sk642NjUaR7vmBkpCW4MH4q/jGwCif8AwdoZCvlNMEpEtcB9Fui5AdCdKy3eda1kx4ncQJuKNZFSaDmivssLt2WSp9wd2uvjKd8Vnd99sg4ujqOjs+L5xbFaxhL2MaDvgtpKli6GVu0mdpq1/zOa4p/XsWmVrANlp5nivdoGwXq6cwW1ZONRRAEQWzs9OpODt079XvXjeLkyiuvPO2007BI/4pXvOLtb387FuOH5Mgjj9Rl+29/+9tnnnmmLh4fdNBBzPheTEzUvccwAQfiCznv3atL7+AGZ2IZw+26KXyx/fbb63M/+tGPPuc5zzn77LPDY7bccstaa/PmzWOmrj+jQKEX3bdef5SQsbExtnGip2Xx4sXLly//+9//rmv8mLc4DRdffDFqxLfbbjvccuutt1500UX6xSGHHPLYxz6271n77bffSQb9+oYbbpgT0cmOO+74ghe84Pzzz//Sl76EIqRpeNaznlUUhT5e36l3vvOdtb0XXHDBxz72seOOO+71r389mz265Z/97GfMpEfNePBOO+102GGH/eQnP/nCF75wyimn1Pa++c1v1s+Cty3ppcejcc7Q/zGCopOnP/3p+nuSJHq6fvCDH9x444277LLL8O3o23HuuecOc+S+++57+umn992lPz16N+qx33HHHfqpZwRBEARBEARBEARBEI8geDXrhQ2Nr33zahwNWj3wii5EWamBKVL7mnsvtX99sqV5V65W0lfVBwtYvPRkOPopUaDaX22uHB2rynFWD5c5UbV+cQVZ/a/SU6vGugsXxlEadrRU2KwPgr6abxFaBIMNB8gv9Dv4ksz6nfBQ6WFlSAptTlT/gnTtcj2aihkJJ7T0WagdsQbEJk4IlB/4C7qgroBFyQI7EBZFQqkkjqSKIR+nyIup9pQ+UtcY4jjBwKQgZwcVJKpv13CvPwwEPkwoa0fiZye0duHKPnjVQSuGaUDK2K5wVnAmut1s+bLlnW62ySaLIPlecP9UoipEqbII5K1pbL6S6bIQ3D082EnhboBCrYyEiCGYBGZqMIIb/xKQqkjn9sN4ko888/Zki2gty01CZBz9hvNr8/w0Xa9hGyE8SpLtnxpv86Ts7r8Wt/+JTa1kGzCC9wRumY9ygX8xrGP1HEEQBLFuqelOPOssVafZbD788MNLliw57bTT9t9/fzZ73vGOdyxfvvy666572tOehls+85nP1I7RxeyjjjpK/6D4ve99zysYQk488cSLLrroPe95zyCvhTe96U3PeMYzdtttN7aWOfnkk9kjl/322+/888/X9+u88857+ctfPv3B+mbhC39TxsfHv/jFLzKzbF7zmtcMOvGJT3wivrj33nvZHHHsscf++te/vvbaa2eUy3jPkksvvbR371/+8hf9fdtttw03ttvtP//5z+EWzJ3pPf2yyy578MEHt9lmm2lCZ0Le/OY3X3DBBT/96U9f9rKXPeEJTwh3tVqt6c/VF9Lff/7zn3vfoCzLHnroIb9Eh3Ss6UXPpD534cKF/pF/0Yte9IMf/EDf3NBDaEampqZWrFgRx/E0pi/6v3R0t/XK6d2lN+r/5IH/zmLszjvv1J8hW2211Z577qnfvvvd7/7jH//4yU9+EmUxIbrnv/3tb/XnCSMIgiAIgiAIgiAIgtigqP5iOW6q/Vk1hajWfvnAdJ6KLkTVEzmCoBtbrh5epYFVeAwucVfhpc4j0JSsufjDt8dn+Qv2c3Bpe0lUYChdwTf/7G4sXSQrsnxqfCKJm0kjtYcE92W9lGnDIRsFBJPGqUBIXnCrDOJVw4LSmIWpddbrSryO3zjN8Wym2+92xejtoS+ALh3GgkYIY1QD8TpGdCGLyMhRjL5G5Fk3KzqFMiKMVkskSVJTVDFWCS7yu7x7inccKY1P9FUEqkhUONqa+sT3H/NrQA3EpEvtAfFHluVjK1fKotCtjs4bjZLIn2dsV/SbItDH4D3mYQKPGwU+nyZniTHsGcyAVB09iigHzU2zoYHDCoXLB9qbPz767HujBXMTpjMrInEvT96RZfoftXdiGyc8StJt98kYz2+8kKmCrSf6m0eFnxTKbTERUZpIiizPU70eGA//PqpYSBEEQRCPFG6+R37i/MnTDh0JN372d1PrQHGi2WOPPU4//fS99tpr8eLFbLXQf5Wdeuqpun6s6/R9D8jz/IMf/KCuPb/lLW/pqzi59NJLL7roos0333ya2B39o9faVpzo9tFXbxgG+Xxs4Bx77LG/+c1v9B35xje+oWd7Glebq6666pprrmHGDGP33XfHjTvuuCO+0LdsGtHJ7bffji+GzGkahq233vrDH/7wgQceOKNBy/Sg6KQWGHT//fcfd9xx4RY96k9/+tO9p//4xz/W34fPh1qyZMlRRx31xS9+8bOf/eznPvc5NhvuvvtuZtxiNH7j1NTUr3/9azZL/vznPz/00EMHH3wwM8/jl770Jf3i1a9+tRe+7Lrrrvrm/uEPf7j66quf/OQns9nwH//xH0ccccSgvUuXLj3mmGP67vr6179+9tlnv+c973nZy172pz/9SX8Q6R6i6OToo4/Wfda79F3Yb7/9/Cn6h+ETTzzxlltuWbBgwYtf/GJGEARBEARBEARBEASx4RBYMPhNwR6gUp4euuSngpSPWm6I21XG+qiwD7OpKXrrBa6gWs3RW6HnorbrbH0ULEPNDSslF9MQqgHcn2Vd1uSOwD8IT64aTxstcIgQURjzsx5wc1uxmWFodaE4JqYwdMgwugOUz6BpjSiVFQzFD7O8SarUHg3b0z7XWIPJ86fG7akpcArhPIpAZRKBKETCzVIgM+HGUwQSeMz9g3J7ZtKSslx/MdYRIo4i/RVMopvQwPLEXRVnV5XSEsz0Qd0JRu1w272qviTQ3dTirlAgxtFuyCRP6QLJ2KpVugKRy7w10mo2mrDH4mVDLgvKGFPgPqOqETYMC5vkPg0LNCfKxFZhbzsSUoF0w7Cao8g6tcSd9aU4QQTvJMlHs+yT+h/M2UZLsu2TowWP6f7lx6o9wTYk/HNrPzWM4kQ/CHk3w2B7vcLNsyJqcVEEQRDEI49r/iHP+kP76AOa+Pbbl3cuunbdySWf9axnsTVD/wAzSHGiOeecc26++Wb94oc//OFtt92277777rPPPj4T5/LLLz/llFP0j40nnXRSkqzPaL+3vvWt119//e9///s3vOENzWaz7zErVqzQpfFnPOMZGCS00bH11lsffvjh55577gMPPHDMMcd84hOf2GKLLXoP0zdFl/bx9bHHHuu3z5s3b5dddrnxxhuvueaaP/zhDwcccEDvufqH25/+9Kf4eo899mDDgXoIZNmyZX2P+bd/+ze2Zjz00EOo5Pjtb38b5sjMnz//RS96UXjk4x73uN7Tr7jiiksuuUSv0kMOOYQNzStf+cqzzz5bT+nf//73mtnJ9KCRyVe/+lWfEnXYYYdtttlmPpHnV7/61f/7f/9vxnbOP//8D37wg/oxx0n+/ve/r1vWQ37FK14RHvba175WH/bZz372rLPOYuuECy+8UP98qz8QenftueeeZ5xxxjve8Y7//M///MY3vrHDDjt0Oh39I3Gapqeeeqp+Qj/5yU/q1TWHqiaCIAiCIAiCIAiCIIjVoLdCH26ZvrKn+jbnkl/8i3rjZZHbbAm0F2HlcZgOMCu9YJVTWP2tKfTzUHpSL1l6DcrQlcyweG8bHpxm4+0nsGd+82qrXkxdH7QKShb6xf9n7zwA5CjL//++U7bcXXoPIYQQIHSkRgmCiBjpCNKkKgoCCiJNioIK8gP+FEFAQFC6NEGDdASlBAgQMBAMAUJNSC9322bmff/PW+add2d37/aSuyTg8+HYm5155523zWZvn+9+Hx6RoFwqFYrZXM53sioXD+eJAmJVBGjrCTVMr6XKQq4O13Ei13GFwoAzqVRw1JKItSixm0y3wsormeZb54IhSgNhdlVfQmeSafam8IodxUzG91zXIa7redA4z/WkriKSEg7KIqa6qxLxmJ4EgorjOr4Pc5ylSqhDtZCH6auIVac6zbW2SqxA6WkiKnGE1ENmz5FZpmQuI0a4Q4j+orC8E7l1t+gvswoBCOVKB6ZEP2pUhUZEmJ+w5cuWlculPv36ugOcTDYjfFwYl7IUV7uixHdkJGQlsfmKqJ/JyZadlrISpUuRgiQakUh2n0QRK5cqcD6s5ozosDjYustHq1FxohC6E++cILwKJpd8bnH6j/I336/y0h2Ed/WVcd6do3GCLJ7e1zWJBw6RK0AKp+DuiIIwKFfCSPwHOyHi5cL95Dhau6fWDoIgCPJF5MGXQ0KE7uS2KeV7pwTkC8R3v/vdbbfd9qWXXnrxxRch2P/QQw/BzhEjRmy99daDBw+GeDy841ImFmS1EobhlVde+corr7S3t0Oou26Z6667TkXKbZHE54tjjjnmhRde+BqKO+EAABAASURBVOSTT2bMmHHYYYcdd9xxG2+88XrrrQfvOgqFwttvv/3qq6/eeOONMBpEZoexxRnAeeedd/jhh8Mb95NPPvnYY4/dd999YRLVoSiK3nnnnUsuuUS5iWy33XZ1jW3qYgtNVOrJ3uCZZ55RG7DqJk2aZIxbBg4ceMopp3R+brlcvuCCC2DjqKOOMl1uhtbWVhil22677ZZbblE11AIjv3TpUnUVtQfWGMxRv379ttxyS9sGEv6GGjp0qHrat2/fLq/+5z//+eabb85ms0pbBpN+1VXwxp58//vfb2trs0vuueeeDz744LRp0x5//PFvfOMbpJd58803P/3007Fjx6677rp1C0yYMOGkk0667LLLoAuw6qBhp512Gqy9H/zgB8cff/zvfve7M88884477ujErQdBEARBEARBEARBEGRNQ9mHJMoOFWpMZB8qRE2bCv87jgr1a8kG16IBUQuN8ydouwu7BVbUX5pl6CwguiVSG+C4IutMbO6g0zBQnZtGROvTmYBUwJMpFwZSZRWSaEvispZqRplBGEsOu9O2tEbLKrSywUhcmgmZ8pooLnQvCbey+P+Qljs6StmMn/Ed12HVZyldRzO25Iw3bEeXDa0LVXKFeEwdwHVopJQUzGSJsTLGqIGJvTKIw6uC4/VC3aQ5Yxc7pUz944R3Oj1y5VdJpupUF297QbksOuS5lGaYx+BTUd/zYIk5rhuJJDUsohFnIrWMci+PTUqERU8YBJVyqZ3wlnyUyWQdxzfiLOrUUwtwru87JRUROXXgQmKhQIg+kveY0J0IoQetSrSTtFive0KZvei4ukWNFoyTKIwKYYFForJ+/fq6rXnH1qnpcdSJd0hsZEOUY4qsWGQaYlKFwmNfI6HBUXIXoVCB8SkVSzBIYZTNZDJ9t/7MG+rGHeX/mZ7ufz7Phg11+va+KsVxlrnuTVH0Q/J5xh2wtrfRN6IZj5Ieonl9WJ1/GOJUTPG/BPFuJpx14EYolUpShVUJg1Co6jzPhXvKlRqpbujSEARBkM8ZD74cPvt2+8Ll5AsG/FO4oUSJFd54440nnnji/vvvnzx5siowaNCgJUuWLFy4EDbI6sPzvIsuuuiwww675557dtxxx6985SupAjNnzoRmt7a2QvCbfG4ZPHjw7bff/tvf/vbRRx9dunTp//3f/xE5R7B/wYIF5g0zvHf94Q9/WJsYZdy4caeeeurFF18Mb1quk/Tv33/MmDHLli376KOPYH5VsS233PKyyy5rPl3RlClTzFumb3/72x9++CHpaaCF1157LWz8/Oc/v/zyy8844wxoYUp40Ql//OMfP/7441GjRh199NGkmxxyyCF33XXX448/fvzxxxvbEptLJPaeF198sVwub7/99iv2DQOYnWKxCBs333zz8OHDL7300vHjx7e3t0PfwzDcdttta7MjwYXOOuusQw899MILL9x0003rWuD0ILfeeivpyr0GGgPN2GmnnWB7zpw5hUJh8eLFsA2vJM8///zUqVNvuOGGE088kSAIgiAIgiAIgiAIgqwmqn1NeMOjlj0H1flddIhb703OiJOndHVFFYgmKi8Ht3ZLVYiJe6sEHXYjrWdSpuCoODmpMqnQShDtSGLsUOzGJokatCpDhPNpUkNV12KfEkIs8QZVvg0mdh5LcGg6K05iPWL1JJUipdFwxY2gcRUiJY3xu5AXp8L1ogKfphW8XGvWd7NKgVBdk5NU1ywr8rGedaby2dAeJEqHILJkSJhwtxC6ExJnj7HnpibHUxfD1OQnkLZGqvPG83o7SbyY0nvqNcPjPAqCMuE+TBh02Pd9eHCk4Qk8hU8/xSiEEZMaC2N24jg6kQhE2culEtV6KGos1o0dkMOVrQixc9s4IokPt611IlFSLh3GIFbPuBhxGutO9MRwc/vwpGfVXaLCyEQvfZjVQrHAFjD4oJaT/i0tLWJKVb4kcTs6jEdCKxQ3U4lppACJyP9h9l2pReIqLxCTyhvZNn192FOpVIQhjl8c+qUoMWJh5K57tyf1GDVqzmEHfdi89GTR4vD92c7otdmQwd1wLnGdf0XRtyFIQT7P+KO3Yh2L+Icvk9UFJ3GasPQRJf7iESwiBrdGpQz/wU8Aiw1WBctmPebLu4l28+UMQRAE+ZzxxVOcGOAfuJkzZ7722msvvPDCyy+/DE/hn7avf/3rc+fOnTZtGgTFL7vsMoiFT5o06Wtf+1qTUgCoBELRtfuXLxfjuGzZMpWgJEW/fv369OlTt8IBAwZA7P+YY4751a9+ddddd6VyBl188cXwzzIEuZs0uvjOd77Tyfv1fffdt3bnqsmmB8N7wQUXbL/99tdee+38+fPVddUGke+Et9lmm5NOOinlcWLYf//9t9566yuuuOLZZ58lMuUQzKA5OmbMGCiwzz77NEpR1CXDhw+HcbZtEWuB90ilUol0+heRUcAorrnmGmjqZpttBs2DlQOzecQRRxx22GGkCd59991bbrkFNs4888xMJlNboL29vZPThw0b9o1vfOPhhx++7bbb6prowKDZiqu+ffteffXVsLHVVlt1Um0nq+Xxxx+HzsIGTOVFF10EKxluihNOOAHuCNj+9a9/XXfcxo4dCwPypz/96ec///mNN97oeU39vfDQQw+9+eabjY7WTZYE5Z944ol8Pn/AAQfY++FPoVRJeDVQG1OnTiVx2iOljznooIOUY824ceMIgiAIgiAIgiAIgiDI6qDOZyz2nkb2FaoIbVzJClHtv6AkIV3UTC0TEbsd4rtkMtYt0+pwpoLdvCqDD6+29TBims7bKEvyVANSA8DrqjsS8xTbqqUpn4DOZBex50kUslJHodhacP2s4zvaLia+4OrwBKhSkOjJVdMkZRXam8NV3hxaIpQIdIgRThj7mZXuRFpSUXuwKZpZ7p704BFJQuAjQ1iAyt3EE/l2xKfGyhFaZI4JI6O6kIdE2YyfgdmDUHsQiEQz0gSEVH3WSWP3EW3uk6w3oyMRuhYhAqFS+sPhnhD3gfwv0ZikXE8aDU2sUFFCKeGhwkgRPt1eIg5FA1g+n8tmMtB+kRcliqSeyGEstNqr5FFKqCbsa2Ljk2RZSC8WGDGu1wZ8hh6EQ768zMnkU+1pbS0c+O031HYYkkWLvTdnjJj9wVp/us37yfEfkOb48CN63wPb7b3Hy0O6IyCB0fW868LwHPI5J7PBTuX575DiEtKjdKEQq5WYxCdUvWLKl2lY8JlsVhjaU5jlKAjCQqEQVALYn83mcnmZeYogCIIgn1f6tpBlBdJL9Gslaw7wb9mnn34KEe6PPvpo1qxZ77zzDjwqlQCw4YYb7rLLLvvtt9/AgQPhKRSbPHkyhK5flFx44YUTJ0785je/ueOOO3aeO2Px4sV1pRuKuyW1+3/yk58cccQRROp9TUg71fgFCxbsscce9htRePsH/yjDxu9+9zslCDDkcrlHH63jprZw4ULSGLgE6VEymYwKzDfJ3pIlS5bMlMybNw+mY9iwYdtvv72al04YM2bMFVdcAZP7wQcfwOPcuXP79+8/YsSItddee5NNNiHd4bDDDguCwP7T+pprrqkt9tRTTy1atMiXwLzAOoHlBO0cPnx4quSbb7754YcfQrF7772XSAkLkWll7rvvPiITBsHjgQceCLN/+eWXX3fddfD0k08+gSXRR6IETyXJpEmTdt11VyKXxLrrrrvOOutMmDDBXAgmHQZNLdF//OMf8LjRRhuRxt2EQd5iiy3qHj3yyCP32msv8/Ttt99++eWXoSUwQbWFOzo6nn322ZaWlscff5zI5VdbBlpLpFPISSedBH+tLF269IQTToBq8/n8JZdc0olq6phjjnnsscemT58OswB3CmmCNySkO9xwww2qeUbXpdQkU6ZMuf7661OaM5ip119//V//+hexVDijR48++uij77///s7lPgiCIAiCIAiCIAiCIJ8zuilAsU1NiPgMk0m1QRy77NrkgthiE2N1YkfSeeKAwhsIBpg5u1HWFOti9famrU2qKkrLJSjtRkKK+m2gVVIBKRyA50G5UmzvyOTyGSfviAQUJtOJ0wOKje430xKOaNsTuUEdoUmgSiqhpT9KzcCttC49Deddi0Vqszl1VmGnRz3ZOaEmgV6JkHkYag+SjJRkKLcSx6WeHiClO4FQu9JtEOLDnIYQaQ8DEq9x5RJjX1uYxXB78VFbVyWtZaTmSF2Cc3E6IxGPbI8Tc67uWDr1lHH7IbY7j7BjCcOlS5ZGUdCnb98BA/rB595yqUUmI0+dWqStkFaUCc+ekMZyFrlOhW+RSqwlOpKN+m9eJ77ieeH646q+bvjl7T+94vf5uZ8NWbT43YEDuuFcsgI4dAYhyyBYRj7PUNd3x2wTzXiC9Bw1L30Ny5DqNWwXUPomT6iznIxE+J1UKqVisRIEsO2FHtwsEPCAxdyHIAiCIJ9Xxgx13pjNGr45X2FkhesOXYN0iQcffPDs2bPtPRAk3myzzTbffPOJEycOGzbMPjRq1Kjjjjvu2GOPfeWVVyZPnvzEE0/8U9K3b9+77767kwC553nrrLMO6SZQrdqA910qBUkt8A9uIEnthMdyuUy64plnnlkxzxKIoE+aNImsQiDqv52EdJ+1JWTlUCqQLnnxxReVasRmt912q83g8/7775933nl2GXiERQUzcsABB2y/vbYPhCUKvX7ooYdef/31WbNmvfXWW7UXVeIkImVSt956q1FNKeCU22+/3TyFt3F77LEHaQDU8Je//KV2P6zG4cOH5/NVcvN33nmHyCQyZq3aZLPZCy64QEmggK9//et1L/eHP/xh6623Vk9hJS9atKi1tfWqq66Ce5A0JpfLnXHGGSeddNL6669PmuPAAw/cYYcdGh197733rrzyytTOs88+++qrr7ZtZrbccst1110X5u76669vVNXuu++utCmKo4466qCDDurXrx9BEARBEARBEARBEAT538OSI4j0MFUqDcs7pFs2KtVqjKpnEOlXipYGp6pQZ1Ubmr5ouqiSgPTsJ+g1F63qm4zyi5QU5UKh2FHwvAx1hI9GLOigPK2o6XUsI47UfpljByLKTCTQ4CTSCYmkDIWkMr2sDngTBeKkMw3LeJ7j6PxHAmFEUyyKWDnMhe/71FFz46jMOzAowtFBVklpRn6sH/pcpNQRZilRWCwVoZaMdBOJ9UT63nDT2ae07kTkiqLay8QIf5QIBqqAWtVMxLl10r40xt2kqueiZpGGijDuSJ+JIKgsWQwPWhmTEX2RshiuncBlGp3YK0V4tnCmbE3kOHuuJwswOJdJYGVw2Ug42jqmRL3OvtRrcBw6YviiBQsGtrfzgQOS/e/MCt//IL9kaX7ttZatPy4cPEjrUaa9Eb39X2Hc/c67gyrBki9vF/q+aHahEL37Hpn1Xj/Pi8as077OaNK3T9rPHIbEcaYwthv5nOOttWX04TTS0cPfLbbDHVXyJdvIyjLSMoLnAAAQAElEQVTKSlKpGdkgDLEr1FKeA0Odh8XgKRFKoRiEAdwPxUKx4pRgJ4pOEARBPr9M2jTzxuxSL71f3nOLDOkF4I3TqFGjSCy5aBIIJz/22GNjxoyBQDI8brDBBl3GhlVWF+D0009/8sknJ0+evNNOO9VVnLS0tAwbNqxPnz79+/evFSI0D/w7+9JLL5FeoHODls7Zd999m0xr8j/FHnvsYSswcrncjjvuCOuqtiQsIaVmgBWy8847r7feerB9wgknwOkHHXSQXXLs2LE//vGP1XapVFq0aBE8VioVnd+QsU033dQUhklJOXBAk4wlDGxAe1L5mJrhCElq51577QW3Q62a5JJLLoGlBS0599xzFyxYAB2cMGFCI1WWUZwAUOayyy6LoqgZH5oddtjh6quvtj1dFPA60N7ebv+hNHTo0PHjx8OFOhGdDBkyBMqkxEmw8/zzz7f3wMvLPffcM3369Pfee6+2Epju0aNHp/I9KaE2QRAEQRAEQRAEQRAEWWOJP0ipshKplhGkotXdqFvZMJAqjYapm/PYIYQ2Zw1iiVREKhHqqmQ6ENJ0SLNZRKrqq/1GftywrjqqA6d1pCh1z6TVPW/UHp5kItGCDkdrDES8PoqUVUS5UMrkCi1tbS7zpZTDUelXpJvL6pFxSM0FV64fRPgayDwyTGScYQ4lEYmT7qgULCq3BtEZWdLDYrwUuh2iaOYEXrcorS5BrZKdXO6lH++vAurKh4YxMQi+78EHhfl83vd9ovILSWGOcm6ATz85j1RmHCAQNifCIoWJ/dz3M9pG2/eFnqNKIcXtJEac6Z3q2rJa1Qqddkd9dixaJOUdKd1JlU6F0rqdlQIu0fqIicpd12lrax00ZHCfPq3wiad0KmLcSarlNirfj5xmuRUpKUzyGOtUhu2xbNA2LfZ1oSvn/mrbfv2WnXHKTHt/GPLLr14/DL0zfzZDDUUQsAf+3v+11zdw3SifL7W3t8LGt/d+5Utbihed628a8cGHI7hQzjDH4Wf+bGprq/vWjPD2v2wHTwcNXNJRyHd0wKX5Afu+vNWX0oGliG30BciwAxTmzHLeuKfuoc5fMaudluKNmqXCrV/Ky4imj5Eq0Yl61U5WSrJ+YGGUK5UA/i+Xg0oQBiFM9FrfE98WHTmiOxmSEARB/vdY3i5sAPq0tZA1jF88UBBmJz3N1us55+61xnUWQRAEQRAEQRAEQRAEQRDki8enc8T32w+87IH0gSphRK3yItF/pOUA6kTaScReP0+XjAUhyhICfpIAOrdKVkfGa7GC5ip4aYfaRdRfqByiyKRZ0YldknOq99h1Vu2OzEHdtpSBChUBeTu4qsqmW85rIrRd6U54bACis8BYyWhkihWqgrS5trb+Q4b26defep7MVKTkL0zpBFYNNPZi0UKCMFKKE6GCkUqjKAzhJ6hUwkoAhYTpBnVEU0V5pTrQrWWRlNsY0U09nCYkJTwidZUnPN1uq5RefVVOIp3oTeySnn6iV7Z6ZEEQElJSQiHP80weHOV3QoR4Qiwm13UtxxE3VOMVhUzUEGQlrp+cbmtEbLMTVYOyM1ETYAqrPDuMJmclPUx3xih9EhzHVberyoQFd1Z7ewdsRlHUt28bNM+RziWOQ01jlJeJqgn2i22dZEd0nzFmukNdV6lj8sPdugMdht7Md5QxDFyRfDY/++ZbI5cs6bvPnq+YZj/5dO611zf48vZvfmu3Aoz0osXhLbevf89ft+vX74Wx6/o//N6caW98fPd92++1+ysTtoNTxIUemLxZa2vxuGP+oxL0fPhRcN2NEx7/5/itvjQz1QCHfky+EDitA8lK04xsjsaP9j8ptNE9nRhdKd2WWDCwSrLqZULeMZ7rxuZACIIgyOeVn+6Wv/Th4psf9eQ71E3Wdn68a54gCIIgCIIgCIIgCIIgCIIgazI1viO1Hic1AesayUV9zw/5nzwlDpRbsUxjf9E1SXoWKlUXKrgpFCfqMNFfqU9aouPd9euqSrtT3YQ4c01Vv2pbKuUz9RQP9sldxW5pqoCl2oGYLAT2VfKTsBJ0LFuWb23N+D4X8XEasi6NOXoLKUxgkZT7CIsT6nBLtESl2ITHOTWE9kCqZ0g8qnFWmB5oP6+3eHjKxae6RN2Fzev4OdQpCTFxyoQmQ/YhEtXDE8bCSiVSQ5DL5bxMxiiwoNMu8YijdTrCocehTAo0SIXqcRTuDtpcJE/zSqciFpZO1qOGW662WHECDYbBV5oP5WsiRR2u1n9oOZRYO3YeHLNReyfHo6WmiHKpAICTK5VgydKlUtoV9e/fN5/PZ1yfaR8Lo4nRDZPXkuvVcZKLUuVNJOU5TLwEZPrXN1Tv6Gj5021pm+uRIz8btx4MtDhl2bLouRc2aWkp7v7NAkwE7Bk4wDtw/5lXX/fll18ZPHbdpbV1Fkts6NBF4zeYpxQnwOi1/XVGz/ngw5FhyD0vtTRKpHeozHonencW9Xxv/HhvrVGkl3FyfcK+I51ln5KVptYTJ57VmpINajDuVsTekB5I6uZ0qatWMqwNWNVuGBAEQRDk88yAFnrB/i1PzgheeDd4Zw5b2kFWmP6tZP0RzoT1/K9v5BMEQRAEQRAEQRAEQRAEQRBkFaI9DGp1DKZA9R6jDyDN6j8aYEs5qAorClmG8F6QIUYTE1dHeVcuIHGrTKKGOLxd3Tv1xfnGNVQ30NRqPSUyXY803rDD8dSSo9TIS3hcqp5YoamupU6pnihtByOGTmprwqjU3lEuFDPZ/ArU3yNYxjhECE6EJQGnjHKHK1UOp0px4hA1LbbuhKnEK6kq1SDXfhWWdleVkh49ozuqpzvhtQugjsKkDkJ0QplUThGRCUk0M9JLOQzDYqHIoihHiO9nTH2OICNlGzrjjO/7ruMK+QmlMuVOqNQn5XJZnaXsUqpWnG5uMiKJ8QnVei7pQaJTxmgfIMJsuxFjlNLlWFLicBLBudSh0OKOjqJICRRUBgzo39bW6rqe1JFQ2f7QVCk0ZVKHRYUDD5VDJHdpyxbhigKHvdb6TietrYUD9n3DPF2y1J0zt3XqqxteftXgow9/aey6/kcfw7JzN914diXgJNBD0b+/m8+XZr03kpA6opN8zjnmyM9U39vb2eIl7MOPM3Pm1s/bQkkPyx2iBfPLjzzM/v0UCXTNcMfQbbbPHXq4238A6TU8z62M3KpHRCcrAOf1U45pQaCx8FGyQbXPodBmuDNcuE1chyAIgiCff76+ESpFEARBEARBEARBEARBEARBPvfoQHO9/dTK1JFgVBRxQfucZhUA2tPCOlHqTrQvAo+lFFYLCWmYXicWLSiNBVVfkBexS6ZNFrRnRo1Ni3V28yQpIqqsOCwPD0uB0jPU8USpao+K7Kt4rZAtlAqFbGurn83KkZSSgFWXXUc32E6yIybXS2LEammRWENjEiGZ/STpcs8MYWrmLU1GoxQf6R2drJLaZekJnYhDGIMuuVIQBJuOSuAEA1IJyqGQlpCWNpLNZm1xkJSeOHAwbgblXqICiVhEROaZsFQSZhu5XM73fekLVNVO+76NQ/acxA5C9igT5Tsi/7PlL7H+o3GPjY+FEgcwncSqWCwqVc3AQQMGDRrke14orHhUnSY3lXgqrhZJMxYpmBKSJG7X2xCocsMNUiYohQ3GvXzbXRP+8djYE4/9aP7CDOx6aepGL01NnwtD26jaRYvDl6a2TH11/UJB2PJnMmXX7fWbhsFE3nkb+/c/aw/xqS9Wxq6Xn7QH6TXEpOSHkFWC0+QLrVRG6WRgOjeYSK8jk5bJpes6HvUZcz1vNejpEARBEARBEARBEARBEARBEARBEASxMb4GdY5JFQClSYBayggoScxCTEQ7XSHjEWmKqpwnPHVE10iagVbZUKi8HyZBgwpkOyKVi8gJwuo1o9mLxf2NXVR0bdTUw60mNefP0pQZiZHndOLUoqaKSfeAUrEjV2z1Zf4WmXKlacOYnkMKSpRbAeOMOczhVMhfVB4lo4hQTh1c2my42vvE2BxoVUoDuud0QGmd7Vp3E910Wufc5sfPcx0XpkrIR0S/HMoo8SIe8Eh2SXqZBMWitqnJZDJK50HiETHXl0KpxJWEWLqTcrmsdsLp1HFJAxMWK4GPKCzVHtSWniiPk0im4RHTEMuTUvKfZPWkR8FR6XZiayAaSOS2279/P9d1CLRP5PSRa1HeNkqRROHSMEpCbsLUiwEU020jlDEYxSZfSsj4DV3PCz/7bDDnH6o1s9WW/91wgyXp0RCtr5O157N54dXXbQvN2XLzd9dbd+ngwWzoEO+WO4bNend0bWFOeuYL2ZVZ71T+8HuycH6ya9gIZ/zGfO6n/L8z4Jk3fhPSy3B3lX653LxwmlXErH8FLCETTSV40vo1ZY4iNEwuRc0JgiAIgiAIgiAIgiAIgiAIgiAIgqxuaJUfRxeaBBn+o0lAvn7+jaadTqqr1YFHkUFFKVvqVNQgGwNv2AqqLUB0LNNE82U9teoNbiXJobRR3TQeLiYj2I7c0N/Hr98kSuoOlhnuquB+w6wmSeYgEudT0e4t8pcxiVDHglK5VCjm8i1uxqeO7uyq152IRjIWBSFT0gvhWEDtOLLcQ7QFhnK4EftcIZNRkWlOukiK1N32GAUJqa8ySmQuNYmSmhQSAZ5IHSQ7oHRd0E0ihE+RsBTh3IkzzpTLJSULymR8EUeXq4upnDyu50iRCawwj3vWquKRHKmIRaVSSXlCZLJZS7YSd0+3mmsLHNU54vAoskxQZBFllsJIRLnSoCTjJafEPMb70jY0aiY5U6oAcScsW9YeBiEwcGD/rJtzhCxG9F/cMHDbiIXgSBkbpzpplRBHwYN+eRGDlXPcDtIci5dEYejl80Vo55BBFdhTKvubbVKVoGfWu0EmU//0l6b2iSL3gP2mbrEZnKJ+yNJlrfVL8xw8lD/+uPzB7OCTj8P2ZbxQYoUOViwKpVG+hebzDvz06ZNZa+3cmHVzo0bV1lF+4bnghmuS58NHZg4/OrPRxuqZqKpSdvv1J70Mo279m6vzhd7EKbSTIrRaoZdsGGETp9ZLJLNrNo5StMeMpBAEQRAEQRAEQRAEQRAEQRAEQRAEWSkoqZdLQ+kzxFYcadYOFGRFSDQk2r9Ci0xo9WEhORBhdCrFBl1G+JXeIh0BVcFxkdVEBeBllUwm3onrF1Wrk1kivamKgyYXILF8hSgRhKX1qC5PrY5wo1/pLpw0caIeLHUdV8fxeSwVkMH7SrFYKhbyXpvrCS8DZo7Wv0JKRNBjCO+MMBKKhpARlxOHmAwqjgtzIYwtHE5ZxFWeHSXPkLY0KjdSEoZWZ1lmMvGKakKSYsRHaVVPeu0YAZA1TvZGV5dReNRxqcxc4wjHDiZ1J47rSksPMT1UrcYoFLoTKVzKCcMS11HmJuoegRPiDlIpg5CGIrIpURTC0IbwSCI1NFmpO2GxMiRZno4O8FMYfsZlEhtGlBbFivEbMLCxlwAAEABJREFUURYnVQ5IqUw90Bcej7i8i00llPLEo0WeywrFUjj3syAIBw8Z3NbWqs6RtkNCdBIxoT1R13ekAAXWinoxgutAX4JgqO+/S5ogDPnjTw6GjY3HfwiPo9emmUxl1rujwnCh5+lLvP3f8JY7vjxhu7dGr11I5kv7s5BCUdwk+Vwywx99HMyfP6ju5ZY9v2Du/9tPG8AkuYb0GrX3mOxemXXH5TbYsHXzLds229xrays99WR42026Ot9399ovv+c+9iWcfJ7k86T3YcSpaxi00pqThsUSlNEOtctXyeJonHzL3mOW3Ir9Q4QgCIIgCIIgCIIgCIIgCIIgCIIgSA+i48siFM1kAhpKjAMCN5Ye+lvnctMyA6mHigc61PgL6KLKu8Haod0QCDEX1F4dXDVDRmvTwhSaNmNJBCDWfq7UJeKo9FPgSs2g7B+0iYpM00BUkJjKXB/yAg5NGZDUhGN5VJ2dJ9HMWM4RQinBqweJW4XNhRM7lSRqbT2S2BDADFNNa8yWitw6qo/SCYMF5WK5VMy05BzuaiFDEqpdcXEJ7TqUbNomvE14yFggnDU4jbjHpHSCqLRESeIXiHuzSPmcEOW7IQQbEY/VGSQZnmQgOKkatC4a5aSNEahViRIGKE0SsUaH13gxUFIniY2tjVF4qpDr6qw3YkJkthghsqEkiphelowE5Qpn2i3Hz2ZF2hCjjxK5cBxGnYAHsOG7jn3tKAqhZBAEnOtovdCdeK6ShrgqYK/yXTFlFSFvTMZkOpukl0ZTAjMgWsh5Ks8OIUmGHbVhXFVqx5nH4jG4NnSyVKosnL8wiqLKoAFtba2ZbEaYvUAbHE90SpWNZTV6KSixC5xb3qqlpY7opFDI33l3YgFSKGbnzB1UKLSMHPnZN3ddAqPe1ubusvP0Rx7b6o9/XmvnHT9sbeWzP8w88dSXWlqKO+24XLmYDB0ievfyq+tkMu9vsRkdO2bp62+QRx5fLwzfzWb5e7Nbnnth8759ly9b1mfWu9HYdZ1MJnkxWPp4Bww2iQV0ieJEjrxZrmbQoF+l92fBz+JHJsOeQcNH9BFKI9n5fv2zPzvTG7U2WU2seu8jBEEQBEEQBEEQBEEQBEEQBEEQBEG+MPA6eTKUKMMuYyw8zK7UGdWFV4I4cY+2luBNeVikZRCJ8kOF+2mcE0hG0kmczcc+naYzkqgKeMPrddL4zoqk28ytc2X8uubELrtfnXtGViuC6ZxRFrEoDOMcNdykMFpliMYwKV6Q6VyEFiKKhKJBiWOo8vKQ6gWVvIVoYYbWHtgzw9WSWPH28y730zrKnm5dzy7sSd2MWEOu6yr1hnRxcShzYqmU1imJRDlRWC6JTuYY87MZz88QTi1DGNeTyXRYxF031nNpYxguhzcqV8qyMpqB/xzHGJNwqTiJnxLt6xMb90jnFaLlL8pMRb0iRIQ5WnFlS0+UDobzKuGVbYuSDKusFuYS2h+EwcKFi9o72oePGD5gQH8/40eiTcxzPVgRphouRVNMi8vE6iiXt+H8nlq5VRD4/3lznHna0lIcNnThumNmfu2rgRmfHb8Suc7URx7/0p9vH6n2bLD+B9/abU6/vp56OmK4t9H49/47c537Hhiy4QYvbrOV88FH/331tQ1vu2sIHO3Tp/3gA16Fyu68Z8tb7phw4nEvjByhRSc8YIXpPtG6uNjoJdaXxJskkXiJfEnJ0f65nFGchPm8/71jV6Pi5HPNKn0xQxAEQRAEQRAEQRAEQRAEQRAEQRCkHunEBTISbplu0HqnmJ11jlrmHXX3dwal1FLAcBUy10YUsYKkvslEg9rso8qaIbZykck8IHYuNBBCjSEtJZyV/M5/J6enml0VrbbK1J7fTFzVZEgRRi1MOMVwplQEUnTCojgrkragsM/pLeJLceHHIVC+HbAB/3vSsIMnfh7QYDEDUagVCEI1wRk8RIkkQY9grdtNdxpV78RuKIW6rD+pwktqpdR1XaM+cajLqdbgxMtarIQwDKW3CGuB5el6cjkSs2Idz+WRmFfqQg3Et64UBWEkZ7oc3yF+xnc93QBpHaTVEgxOh3UfEZbkEIpdfYTEROqXGGVM3i2ROJFLwYqxQjF9MjckaXxvO47PeCQLOCxi5WJ5/rz5sAIGDByQyWSk+IjairF4grXUSKpf+jC+kUtnmDpdl154/lTSEGoP+w5fJltv9cqcOVGh4AwaxIYP81PzcvghiwqF+bDq2lqFVOWAfZfvvOOUBQvIkCFk0EBPFT79lDeWLImGDklOXPT4UhJltMeJUZzEiraUx4lOJxTvYZz3y+VUPR3l8tyFC6OzT+v75R3XOvLo/Mi1CIIgCIIgCIIgCIIgCIIgCIIgCIIgyOeQqqhxU6lTOtlJq4PvVi6U5htDq1PO9BC6PodSlohXhO6EMEeqAkw2nWYkMp1fqfPjJo5f1UW6oloQqkxMkgQ7OmTPeFApl4sFP+M5vkdWOcrtAmLxKhwvLU9kzhZq8iUJKYxJ6qTOidM6CbMTIaOJhRmxMQipk/NoTcgQUq228swcJ4uJC5cT7lHt+sIYlQMkss2ogYqicqkkDlHiZzKu4zmO9O0QuhwloRKz6FCVwSXWYUElUcgiInUnZVmMZwl14yk3qa4cZSbjEJPLSpqgEOkwE8tHYMxlYxzHEUcdl7HIXqmxNo2Yp6l1nGSKEt2XyYpEjWLy29sLSuY1oH9/P5shiXeNUURRRyes0ZcIwx86/k9X+H7MZZ11xzjVw1BFS0vV/sGDvMGD0jUMH5asOFZhC+9y1NDzao8TmYPM8jtRybyq90C3lpZK/fP5pcXi/EJBdXvZC/+Cn35f222dH/7Ia20lCIIgCIIgCIIgCIIgCIIgCIIgCIIgnxNkNNs4gsgAcRJBTsX2V0qH0aSMw3J/oLYbSFqfsXJtoELM4EAsnajkIVwEwikE+B2PdOrd0FMkfbGEJivVR9liZawgVBlSV8A4DytBsaMjk8tlXVdoDgjtWhHTI1Bh6iA2pPZFJtAhKtEOSelsqjQMWgjhyo64nkuIF4YhjXPJSP8bp3Zu1gjRicS0w0vkJnGCILHCZPIXRx6KokikQoL1x4Q4gTlU9b5ULErDE57LOY5KNSRrgSeeJ7LPRGEIdXhSgKKuAeeHJNJpesrqajzn5KhMtGO8N7QExHIuUWIrYt1ywgPISfQlauqcOBGXScdlL9aU4sS4FUktEY2kQkb63LhBFBULxQXzF7KI9e3XN9+Sd/QgGaGRHC7ZNJlpBxjK2Oau+wZZM1j44JJoeZYQnTGnyuOEE2rrS+w8O1TazMhBW1gsLCgUSGK8ozPyLHnqsWWvTR13zq/6bLABQRAEQRAEQRAEQRAEQRAEQRAEQRAE+TzgOLayROst4oCyrYGg3fEsWWHLDkJipxPKqZScKE2CJQRJgtr6WWq7kV4ktlIgsY+KiIKbM0XaExHk5mJftfijlwQoSRqiHqq+qs2OHithflEoVlpLmWxG5HWR4W8qkvBwy1skaU8z6o2mMiXx2OZEiUVUXJ2JHwi+qxxApjaqlAex+ElqU5jreY4Lk+FJVRDXaZ24dkJZc4kb51WZt2hdh77fZC4nJ3KdMAjlGcJTxEg/YLtcKjGidSGu6ympitxB9XYkxtSTT1XiIkIqYRgwFklnmSgIKrCec7kc9TwliRAZc5iVZUo3jTnChsRJbh5ZVrVaDL1MRcWk6oQwZrrJqxPuGIVNlCREUmdwqk1ZxD3tSn1Gob0DioVh2C/q19KS8zxXXlHbGxE9WMmdEUbHU/pTxymS1U3H2x0L7/GJuU+qcujo7DkkUZxYHieyN7D4iVGiWPea2RMuWjjjlONHHvb9UQcfQhAEQRAEQRAEQRAEQRAEQRAEQRAEQdZ84rixCPvyWGyh7E8SI4N0Po3UubXpdex8KXEl6bKcmap4rY5BhNelSIJZke5O6EQtYUwZRCYXEXmPYkMQ6R4hsogIE44oYhAUJxAC9xzSlYRlpVABeqlESNVf53LNqEDik/UZ8YPjUAhzh5VypVRmrYy6ul+cCb8QUq0MMv4UpCdIRC3K+iIStifUEfIRFoYRi1zHE3MhovByahjTUXugEhLpwaH0FVAsCgKqU+3IXvJ0s5WUYs3xOyHK6URt8VjQQ+RKV20lsW7DhZlQ4iexM+JCdCIOwaypYvl8CyVu3ENHSMF0ce5QbSHieRGMTrEIR8TYwVoOGGtvJ/L0vFaWiRvJVbIVWZvIekTirDqWQsLoUbjKASQKyJeGSFdCLGVFGsuqiKQXEzfmJaR9eXsUhFQagLS2tXq+KyeaylQ+QixV7cnTJwh/nfHPpDQkq4/Sp+WPfxPywON1PE6M+kQ3mtl7GLfKyFOrPU6SknLPJ7f+cdlb/xl/9i+dbJYgCIIgCIIgCIIgCIIgCIIgCIIgCIJ8XhCBXtfYiqh0HNWBfMdklSCN5AnSroI0c7Wu9BypPB6dZJ9p3p9DJ6BRqUU8V0S3ZSoapY2AYL2ybKBx1o/exb5EHMjv2asKcxESBZVyEJRd31XpVWR0u9eRwpokK4t6CiMcBoEXBELs4zoR18Xi1gojFPgVhRFsUB9aTFzXjcJQSSzWJFVJFzg0tgeixL6jtExELTPPUT4mrhKCuHEuHGU2VC6VCx0dxUKxUgmUg4gjpDdwjuNJxAmeK4fS9X0/k/E9z1eVQ+EwDIrFEmDcR6htGaTWuURtiP1S2mNw4nYq2YqxM1GdaHSH1B5Sz6leE1Jq4zjlcnnh/AULFy5cvHhJUIng2lHEZDohkUdI9tK16hgRhD9fjSY34bLwo/MLrMOLzXuqPE54ojIhpI7HSR3FiWWVotxdqmpYNvXF1398XPGzuQRBEARBEARBEARBEARBEARBEARBEGQNhqoAsv7R6WZMVNpkBVF5LwjvcVGEdTl1HZORhfPYDqCzAHfdSuoeJrQKCKeLQL+M9cuQupakRGEIP0YrQXoPmUVIixJo3Em7E5w0qw2pV1JXJX1BWBAElQqLGKkaatJ7VKVeUV3lQgHDQiZ1J6FQw0j5gRFCqOFQCg2Re0UKTYQ+QYgrXNVLYjq1hkFrcKRES/2ki8oHB35cX6lHPLEOhd5LeZdwLXziJChVSoVCqVgMglCbjugSQjRFPd/xPeq7Ur2idSewqKUtjLhupVIudBQq5TIMumPJRwhVZkTJQDKdvSe5UYwYJdmgDo2fpm4oexSsvnLlepQgs+3wiKkKS+XysiXLF3y2YO6nc5ctb4eycSMcpfuyx43z8ZXgKsb6klXO8mnt7x5fCOdlqjxOqpQl3Ci5WM2eeooTbqXo4SStRBG/ih99MP2kE0rz5xEEQRAEQRAEQRAEQRAEQRAEQRAEQZA1F8uQIQVPJc1xyEpQG5U3+5MLJgl9yApQE/KuXybWNkizEwj1e0J6EisBxE4mU+30riijl9HOMNqxhbKIRYEwy6B11TkN5n+lqGemIlIlCSMTqYMR+Qh3uVQAABAASURBVHRIrGqQWojYioZJvxOh/olCUUDMj0urkgf1QoN7Gq92VyoJEPRKDAfljuiUI1LnSGsPHvFIJQ2SJjBhEJRpRR7IuVnH8aQAh3OhUxG3qMuoG9GIsorv+1SeUglkViqZHKcSVGhBKCRyuZzni1bFAh8Nle4qifzHUccSAZpMQMXUYyTuDChPRWYeIYJJbIiqKqyTm4obWYs8kavRKFcqlSAolkpBGHkjhkIjoV/SkIeIAUkzIAh/7zj3+d7fCYlI7xMtDef+ecmyp3OEuyl3k0R3orpn6UWYlWfHVs818jghPF2DOqGydNH0M07d8urrvJYWgiAIgiAIgiAIgiAIgiAIgiAIgiAI8nmDah2AikdT7Zsh6AFBRpcCEbtk56YjXRYw5VRn5BMuFBkQ+vY8JwodJ2IR05VI0QMXhg6kN+H1n8djTOmK616qJABKyRFFnPG4di3voL3WQz0jlMSuNUIewZSMQCVJkS46ynHGcWC04RiPVSecONLspBK4rvD/cD2PScUD+fxQJZhID3Ts8aJ2O8r1JFZbKK2QsRVSiqGgVA4qFZEoR/qdODFUZ6PRpj1QSSbj+55vEuLAeJbKpUJBJNqBIRRZiyxxlhb7xI4mVj4dmrqEsT8R28T4nKSlXo2XlH4pUVIj1/GU9Y06BpO7eNGiTz+es2z5MilYSiRgtQPL2HfKlWvCaJte1R2xQjT/nkXvHVdc9s884TStOLH0JYkdlO1xUpVnR/6Q6pw7RoNS43HCuDF6oqVPP5p+1hkEQRAEQRAEQRAEQRAEQRAEQRAEQRBkjSRlPVIVQVYRZUfFpUW+ELHDIXY8WgWja2utvZAOvOo0PdU2KvFOk+UnTrHhmLY1uFDDjnRWQOowZIUySi864UEYXJhN6HCvNNvodacTav+KUxzRVDi/qUZYth9xDprqzCSMi9w6InZOaDfUPitFPGVGdiIcMnhV3iLZbpO0JTY7UYdYGAXlIAwCaLDr+sLsRBiBOCvVekq7+iE9hXY6qV5GVNl7MKKXl34qhCCOSnnjCtuTiEVR7PsibWFgKKIwDMIojFpaW1RCHmhuFCdMYsIJxldaFiaVJrAjCIRIJQxDRkm5AmtAFM/lcr7vwzASJRARcgoWN0wKkRytmIAWqacOFY4sWiikXxRclzvS64TpWzu+deSJrhlGe761lEp1TCxGmQZIHmRCfcKWLVsG810pV/r375/N+ZFoWCPaouinUQQD+KTj/NOh8witUBKujBqOl1m4LIyWRaUPK8ufDQuv5TnJETuHDkmUYI08TtTtVydvTo2yxN7DauuUY6UGbvnb/5l+/i82/eWvSK+RerFbRa8Q8aW5NWt1X3VXZXsQBEEQBEEQBEEQBEEQBEEQBEEQBOkW9lfuReDbCvlRGosDRCyeqV11K5HaCF69g9ZcKC6g5SapAkmYWgRb4z3SjcOJTxc6FOFBUhWMpjJFRRK0lZF0cYBpqwgVXudJ0FsEcx0echlMJw7xKY8IcVUfhT5D6gAcylQCHk64UeQQ7Q1BOkdF4Lsq1KCArcaBhjpul1WZrEQkrVHhVHkssCgolSvFku9nqOtQzzO6lOSBpCZxxZEuG2KmqPD7EGoHaAFRCWMIZZH0OpEqH8fxWcQodSlVjVdzLSePCrOTSjl03IysUJZh0h5DrS4hoFFaCFF7UyKhJso0MwjNXCudXsd246FJriAl59KVqnwyap1GIpNNpAtLcQc85R2i0y0tLVLRE9cD5wnzEJdmMiFAxPDJIePqoiwKYSiVVQw8wukiEY9c2bGUwlrfckvqYHSuKZVbJ9X/uLGxrIRKvQtjtb02p4jVYFmikGQ0hOYFikDbl7cvr0BrGRs0aEAmm+lEdaJg7OvwQ7rPohuvL//zMWb5l1jbGc482UBOq/xLbL8TIZQxorDqMsQuQ0j9rDrpPSYvjz5qVovYXvj8Mx9PfnDUnvsQBEEQBEEQBEEQBEEQBEEQBEEQBEGQNQ9KmnPUiDOzdLt68cOsp3ULJEdpAwFEYppg9CXGLqQ6WUwjWUCcXYaqmLLOZeJ4jhNRB6LyIefajkOE2jlV2UBIQ73NStEwEUkc3RauE13G3asq0pmDzIPagL6EQRgGgUqpw3THaVWx3iF2umBSbMR16iKlZOCxd4SaFCr7q2UUYhZgNpwgiMLIybiO40YklAIgR68l2uuNXxm06MTSmiTttVYqDAKjSiEi5yZyHEa0Lw8PubISUSuWM14qFVk8pJlMxnWlSEf/T13XVQMn7h5YzF6krh4RkV0JfiqsYq7uCd0JVU4zzLRKvRJwpRsSVxL5jaT0RJmymP1ySolqtjhKtTjLvvEorUrjlDJ9icvI2phMdkWh/VFHR4HOXwiHBgwc4JFeof3fz5T/+ZjtX2K/rPDq7DmkrsdJPYcSJVFJ15PoS4w2zFKckKoaiOVxoo7yOC/Pe9dePWCLL7WuPZogCIIgCIIgCIIgCIIgCIIgCIIgCIKsMaTiwnWPEhXzjvepX3YE2UROezwNgkmJo/LdqKQzXfpM0E7LqKO6jAyzq0w7VaYMWnZiMt1oVURvkwx4E93sjNiiRj+TopNKuRJFgeN70FdlSaGsHFZISNQ1StUSa05YHJIX2gUmDUtUK0Uph9AkpZJy+xCiCcpISGnglX1fpNcJHWFJY5xs1mTFCbGcTqiZS+MXYlmeEKUwkE4lOosN41p2Ao+VoCKdXVSKKSEmCStBgXeoGoTuRIyZlBHJ3Emu61MuDIuCMHB9n0sdR8ahARAGUHVQqRTk7ZRvafEzvtKUaFGQK5Lu0Ijb4hh1E0DLbb8TbW5CqXBiifUotT4u5qnRiHErq5YsprIK8YhFLGTavIbxjo4OcekoGkZ6nqh9+fI/38iUKwlj1f4l8Z64m/BYDIO7Pvzs3/MW/Xd5YcM+LTsMGXDgqKF5GFtTRuqBUh4nck/a0aQURX/9eP4Li5bO6iiNa8tv17/PvmsNzjqxcqja40RvC4GVqBlmbvp552z/x1sIgiAIgiAIgiAIgiAIgiAIgiAIgiDI5x9qpdCxI85qx8rrGJTMRXoxJKk/TPC6jqkJrUpLU0e0QWPngFgIoZObyCwljusIIO4fRdp9AWL/kYinU9sXZBWysroTGbGGEdSuFFEUViqVcsXLQJTbp1znEYqdXHoF5RoDQyouIyw6mBSewJVDEZSPTWSUzw51iMhcFE801zIjB2ZBOm6I2aFhqNcAVLemO51YjaOJBU2yIdLmGDWGsvtxHei6yH1DQ2MuEoo+y0oocWWypTAMSsWSIxQSPJvJeJ4rSxKlWaGeS6iQmzhOqNRSKneM0G0JMQSDZaCnXbZFSUkoMU+pnb7KWJso7Ze699QcRHJeuRSmOGqCaVp3YivR6i7mSHaTimRLRIlOfNeJWLh8eXuxWOoN0cniG//ACwWSZMPRLwl197y5ZPlPX/vv/EpFnfva0nb4ueuDuf9vyw3G92tLXE9qvFJ4tScK/H57Wcc5b76/MAjU8/8s64Cfv3664Fcbj1m/T0t8bpXHCanOs1P4cPZ7d9w29tDDCIIgCIIgCIIgCIIgCIIgCIIgCIIgyOefxNogDljHaXp6zTkDotqxf4Z1oFp8kFbA1C1UfcwRNhMRxO4jEfSPtFZCxOhZJOPsvJf61BndUJyY9C0GGmep4Ur6IWUaEMsPgiiKnPpD1KMoLwyzKSUmYiuSWh71I1UvlGiLE0ocx3M932dhFAYVOA4nuFzn26GO4/s+7JemHNWXImsiSi4l3TziHzUEclvtT+RUhKj8QkIq4kmI1H9khKbEh0FxqGOKwLBVyuVCR6HQ0VEqlYIglH4kwq9HlXDEMGaokOnAlutnfKjHF+l4XGVeEgRBqVgAYCOyDX1Eux2F0XY5Wo8lcMzhZI8FdVKKMBpLxlTzrEPxqMibS+ktRLIhoY4hMoUSDcOQ9DSFN14vv/SC8XIxGhFam2GH0koUnfH6TKU4GbLDNrv/5XeHvvjXr15x7uLW/Nn/mVWWzVP1MKMyobVZdcTvSsTOf0srTuyqlra1XPD2B3BTsnRGHuFqw5NXAbWHfHjHn4vzPiMIgiAIgiAIgiAIgiAIgiAIgiAIgiCfc2zVgrYLISa+3CsCDW1OUlcwUe+CVc1IYt1VjTQuKY4rYujU0eldeOx0ouC8wXXXeEy/VVQ8CiMWRjxKrCx618CF6+C70lvEDZG2G1FITBoZPR1UiiQ8x3OpTAnElS5FbgiRg+95GR9mqvoKq0EP1AyOkCyJLoofoTRxqPpR29QVBbRUA7qk9kvUOvNgIOTBjEiCI0bGUb4/lLhytIJKpVgolArFUNm/cKEXMbWIfD0+DKWQ8QgFSjaTy+czmazYKZVVlUql0CEIgoCJ7Efckeqq2NREO5qoDSUugUcfqsrAg6ebJLUpSoGiNuxby1h9RJHyrVH+Lo46Q9xqIqOPKxNcOUS/fIjZdYjrQi95z0/s8jtEepqU4oRI1UjiVhIf/dsn8z8pldWJW//o0BFf2jQ/oN/6u39tzKSdPi6V/zFnQW09RuZFLMUJ/P/wnAVzK0HdquZUgkfnLdZtSNQqtseJtgyCjahUevuqK0kvw5uAIAiCIAiCIAiCIAiCIAiCIAiCIAiCxJhIsZGPpH9iUqeYPbQK0uOkNC72zjjqHXswyPC35bAQKxrsaLiUAahTeFyhsJNwXRF/10oIcYkoCIVKA0Lm0vGhV/rWgDq9aIiS/NRMVmw8QSGyT12p9AACW0wTy2niiHmDyHK3plZXzsQF1UXFTwQxdyYORiGHH1lGXZQIIxQGjVWCEpE3RmpUYHdUCSLhehKyKICJlcoLR9YjCkQSxqM1MAju6DRA8seIBmz0crSemhVGpTZD25ZIHx7ouScfE98UmeCmWCp2tHdUyhWdxIhwNfZESalcLTrx/Gwmk8nmhG+KFIu4UAWcXirC6e1BpaK8fZzqOU4cTGTbjLWJcT2pMjtRhxyXxsmozH1ni1G0TCg1GMYzSaplSGxvQ3qUwquvRB99kFaKUGrv0Z4lcs+MZe3qRG/QgJHbbmHqWX/Pr4mjSzuIUYoojxNSx+NElZm5vNhJVe8sL9oeJ4wn7SGkSgcDjwuf/9fiGTMIgiAIgiAIgiAIgiAIgiAIgiAIgiDImgdvvJ93I49JzyszVMzaUflDrJ1NX9mIYxL9RCIDkOF5mdvFc6TfiQ4AM6mbCCMR0Gef32/4J3oR6EgUhkqfYMxpulsX6S5KcaED5yzWtggBCol9IaiUIdDYCkSoFzwPplsMf6USlMsy1woX4hmHGDcaUztZ83CMIqo6rUzVCPJYP0Kr5UVSpeGoU7XEQ3jAuB6Mi5DmCL0UlZlchGFJoQP+K5VKnEVGZkQcdb+4MJDSI0Z4lPhSdwKPnrAqcUXal0og0ux0dFTKZVgZXImFbDFXdRods9PoTGwTFNFEVVheOF52NQ5IiRxHD0m1PmyFFlkTLL/3Ll5kVLKDAAAQAElEQVTjSlKd14aYbfj13+Ud6sRw4eI37/q7qeflq4RdysyOQuKSktRJzB5iqU9mFYqdVPVuR5FUeZyYGkhqj9r7/h23EQRBEARBEARBEARBEARBEARBEARBkDUSbktMaHVwmNRRddBa243eIYlHy8i3is1Ty30kdeXqQL/6VXs00Z1QmcDF9V3lt8FVJhiFyPOiUr18DnQntOq3CfqLJ9oahEWpSep81lZICSB8VsyUKOMKOXpM5wphEdfyBia8JpQ6Q02sVJ84MtEKh+YGYVCRRh6Ey6nhyUzHAok1EK9ULhu5BlXmLZTHC1Ernozqx7aaEc9l/6lMbgN9FGIcuSKpzlYjTU0Yg9NhMsvlssyPw1QuHngUxjE8djuhjqgUHuEAYT7JQOWVSsCDUB7gYRi1L29nYdTW1kZ9keNIzQSRTidGgKKap/YYOyA1YYQIgyBoFbU0XbJXhCfnqn4TkriAqKUZ2QWsZRYb2vQQxbemB7PfIymPk+oMOzR2PVGt2bp/nzeXad3JixdcM/+tWcO/tMnb9z2y6OXXYc9W/fsQ43FiKU5SHidqzxb92v7bXmxU1eb9WtVQ2e0heg9JtRkGZcHzz3TM+bR1xEiCIAiCIAiCIAiCIAiCIAiCIAiCIAiCNKBK6yADxDoob3QGnJO6Sog4tm3pJLhtbaLrqTH6oCp7i5UzSCR+kXleWMRMGdJrXgw9AldpSYz2RHTc0cYOTHpZcGJrCbrsC+dVo9clSmIhNQ5V9XMeiTC6lJwI0QlTI0sts4/EyER6bghBgtCdhJUoCjjPCrsP34+CKNWFNRCvXC57npfJZCw1FtfKEUvGoUonT6WBCbWMTzgVcidhnSJlCK4jpjciWobiUaE7CcOwWCwKix7e4mczShricDnTRCe5gRrEYJsLcZGViEntjzy9AIfy+byfyaYUZHUTAzmOYzak4oTGGhRHqE+ECIbrLEtKvkZjTUZKxFZ3/njjQyvK8r8/SGxHk2rFieohs2QjsH/PUcPu+HBuqM6vVN77y2T4Uc88QvYYMVjphqoUJyTtcaIevzls4P2fzG9U1W7DBirFCa8e7ZQvi93m9++8Y9NTTiUIgiAIgiAIgiAIgiAIgiAIgiAIgiD/G1CdQCVt7tBZefnb3iMi3RDDpk3YjdQrICP4NN0kkgT6Y6cGZSmhC4kS0uxEW3Bw0gvpg3oB7VRjhbAZj8JQ/ESR6/ukJqxvhAF1KqsxougKGg8dV5oVYqcc0YYxnOhIenxAKk507hghARD6CmEzE0kjDRZlslmfZyvFctIaeR3ek54YPYNTKpcqlUoYhlLmoxrsNFg7sbmHsO5RmXESzYdJaKOdfeT/Kq+N1BdxKVdgQVCReXI6lPEJFzIrl0i7GKIdTxyZmEcIdzKZTC6X9XzfFTlwxAWDIIRzi4ViuVQOgkCZqVCd6CcRYZFqayOVWCdujxOnARKI5zoRkOPEOYZE4qS4SZJkudldJlKb5BCH9BDB3DnB66+mfE14StWhW5QoPNZtzR8yenjdCg8fM2J0a57UZNUxNdmKE5iLdVpz+40cXLeq76w1eFQ+W+NxYtVZz5dl7j8fJwiCIAiCIAiCIAiCIAiCIAiCIAiCIP8zxJlTaCq43BU6jqsz6cgIeBzFNvU0VVWiU5HRcqr9H3ToHELk0mDDSTK3CKcGblLsqPQ6nwu1iUX14HDChHIj4jI7ivKq6C5dy32SEVSqEk7sM2w/iCTArs9TmZO0tkI2TxnSEGl8EoUhPI3T1RDlXiMvsSZOi1cqV7gwFylFnLfk89Bo4T4iErhwS2xBEyGWckARHdaZd6ToxuFagsBgVyTFUaKkI/93XZEqSXrFRDC7lQoT/iUsz1qyuRyn3HVcoXiR48pYCCeIle86RDTEc9wMLPxSoRiwAJ5HUncSRiFjeTidEp8oV5/YqoTEXiBi2G2BSGx8QmJXHHNnqjuemHVDlQRJLQxxb+lKYnWUUW1wQnpQ3NXx3LOsE48TY+NTs+f49UfD4y0fzKGJXQ8/dO1hR48ZCa1jUuxU1+PErPp4+sj3xoyAjbs/mW9X9e0Rg6C2uCXJqqjbQm61MOxon/Psv0dM3JH0BKm7uplX57ovBLU7eU2Bpl/661S7hrsbIQiCIAiCIAiCIAiCIAiCIAiCIMj/IHbwOw72dubFYBwsROkGmW2EoQhz6l+LyrPqxivFkaRGEaB3nNhtJAlb0+o8L7yRo0l6v4jRixAxd/QzYZki69fWJcoDhYpAvMsch0UsiLN8iDIiuC/0D1I6EKnIuk4E06uYQU68V6o3jFwhOaQD08IARM8ojUUeMmGQSZfTfHDZLsnrOVDEBWQOHwY1MzE4jDIpcNEeGbIJSsEjirIQfhzPV02TCgSiFRexPEme7oYhCytRDmoLmOO5XiYbhSJ/CxWzyWSGkzXO6sSD1aEsQ5hQyriZjC/6E/dTWOZIbxdtAmONH9Wpc7g9alADVCVy2UjxEGEqD5TrMCeMwohEMAJM5tkh5bI0OKGZbBZ+Ow5lekiplLAIvxXP85T/iicT8Qj1BzSTCj+ZUqnElMwql4Oyvu+raTBqErMgjCzIFdoXPQGeR6JIlaFyBTCV60csCjFXRHWNJGqKRIFhu4b0LMWXphBSlUNHe4dAs2sVJ1YZ16Enrj/6G8MHz1jWvqhUGZjLbNjWsn7fVlkmUZywGocSnSjJ2gMzfcy6I3ce0v+d5cVFlWBgxh/bmluvLW8pTqgcIWq8WEx7jAaFWm3+9LFHekp08vmC98YSQRAEQRAEQRAEQRAEQRAEQRAEQRBkhaCWmIQ0E8qzNQ5JJbS6RB01Q1WgME5nk4oepnQn8eUaXCtWXnAd3+WpcqnLC+eIRK0BuHGXtc+EiOx7ngjtS9cTKnK9MB0Kh1Cww4SShnOr8lXxfXu7H7ThRjIrNI5fx5IUnRGFVOmJeMOr1fSJWzNFKSVdGA0ky0i3hHEeCxIYT/wxeJJTR6pSlBxCSBlclQRGzIBUaEBsPwppFARREHm+mAvP9wMvkDlkpCqHVw/TmhGS9lrzraVyKQxFQ6F5jOWy2az0aZGaHW65m8QZhkhK3cONWkTIPoybiBFhJbeQGBZhyRPKLERRxKMwauU8k806nivy7BBi3ZmOqkQoRRynpa0Nai4ViiITUCTSLykFiRBXRVEul8tkMrUTT2NtV0qGIjsbyacRkzoYJTLSlzPilGp6VUYQLlkcfvh+Sr1BSJKzxly7XhmxwNbv0wI/vI4KRJ1VozghlmqEV9W5Xmt+bGvO2P8YxUlcN626Sk17mJVnZ8HLU8j/NlSr6RAEQRAEQRAEQRAEQRAEQRAEQRAE+Z/ASB/MEx4nX6EquUotSlBin86TCrjJ9WGHHrVjBOmkGYmEwlxTiUkcx/d9FgSh40TaKESGhFliQFDVOJ40bI0l1TyunS04dQivV6CHrijUCIwT5ZGRKiCnXf6k5kk4ycjMOq4jnTzk4YhFJKyUykGl7GV8OOS5vpgmoZFg8UIiaxpev379nOW0o0DCsNzRIcQgQC6Xg6ZzHqlCtEb0ZQtKksos9YnaH8s7xLbrOpy7sKphZwiIKxXDqALn5FiUy+c9T+ZSoo6UfIiBFWY1wnDFYWGkNCVAGYaYkkieXy6XGWfKqQUaA2WUYYm6qMxJpRopm8e064nyYlFNhlZFkdgjeg5LIYqS1pN0whRjc0JqtCzdJWpfXnx7RrR4Sbh0Mc23un37Vj6YnVZv1HqcxPIFmYxIZ3VKDmq1h/E1sbLqqMM1ihPb4ySpM1aESSmL8TJJe5xwqz0pfQyx1CesVPzssUdyLa3BksVRoQA99QYOattkU6+1lfxv0KtaJQRBEARBEARBEARBEARBEARBEARBug1NawB4vSIrWLelHakVjnS3oqqYddMVdH05mdXFkU4nRKc6kTFlLvO3xHINEmdHMaYda6DupFFPIdrOI5nghjr1FQ7VrGjX5GlCZxElwXv4kf4lTNpxSAmEMb5gSlUhz3SkqkE4Z6g8O+JwGIaVkEkJhOe5nu+HQcBYhXRj/pvE9uJY8fRJXj6fF+Y5rtfeQcvlYrFYUEoc6JgrllfVoMeJdOonkbJMRKjOVhOX4TINle9RMTKEKe2GsDwJwmKhA4YZduTy+YyfEdd1XX0J4eHjUMYcTwggPM9rbW3NZrOlQrFYKvJKRShPyqISkbsniuAodIckwjFuzRblsYoI6jdZeGSOpfTqUQci6dpi/FRqVyptOvmTTdS+fNn99xaeeiwqlyMpdlI/alutKDFclGY8L9FwyHPTbiLVDiX1PEuIGgdTRbIn7k2dGghvvCdpj7lAosiRv6Dl/XI5H16eCMn7PvRi+Y3XLpW9i8SPGFiSyQ745h6jDv6u19ZGvijU3g4oN0EQBEEQBEEQBEEQBEEQBEEQBEGQNZRUcpvelFLI+GyST4fXbUhXLWgYf0wJaOKnDcPZWj4ifCAciMFn/CgIIIorHEF0+6TcRITShW5C7Bd2CcqkZY12OrHhOsrP5Mhb+xuH+Gm100yX2IY0IhouNAtR+nKMiSwuYj+jKt4utSbyfPkgFSeOKwRAaifnegq4zNbiCeGJJyqRrhOkt0LQqTXUDYQdSx/fz7fkXd9bsphXgkqxWBJyD8JzuRx0QBlcdFkrjcfUiZVQZrZYnLaGU6kjYS6XpiYRjG8UBkGFCUsVMcQ0T6AZrhvblGjlisOlCETU5oqDLW1SEeM4xVJJpsWJWIkppQ+U8X3flrwkLXSoWlmUO5Z6gysNilK6qIuGYejEEi4jozG6k5VREpRnzVpy+f8FixdplYkSPAmbHKHJCLUGRW5HYsX0yeVahOVMXU8R6XFkO4t05nFCSGOPE7tf3M6eU7WnjscJrfFlGdLWNqJPHxiuMFaZqJ5y1Tuit6Ni8bO/3jP/6afGn39Bn/XGkS8Kteol4/SDIAiCIAiCIAiCIAiCIAiCIAiCIMj/FElkmWqZgXpSmyKFN4ooyri5ScFBaYPsKlUyB9IMIoYJUXehF8iEfgXi9jKxjtV0EViXCgmVImMNDnrGnhTUVu5w9Z+JiEv3BNLF8JhJ6lZnpfmF1IgQI5PQaUaI2Bsx7VJDmWqnElcImxlXCnmU04njiMQsQqdClNyEhSxyIijm+X6lXK615+lRTNXdnmivWCzm88KQoqVFpDtZtmxZuVQsFDqUxkLpTqB/sTWIIzxhqpM/0dhJR7fFUgalVh6T3iEwuj4lEYO6HKkOKVcqFRGbl4OU4Vknk6GuY+WVEjU7jismQWXGcZx83IZKJZDjzUvlsnDHkX4ngEybxGgsgiFV7ixaXCIfxZWllEWrkJQABTrpScUAVEgcx9zGRkOgHFC6dWtFSxYtvvCXUalkfE1i8w9u7ZFaDaYPLezo8Pr08R0n5SaiX4jSPihJNxN9CbXtSFJaE2LqrOOnQlIalDqeK8xWnHDels2O6tcvitUzkVZfMdO7SOrImBSA3QAAEABJREFUIqafVhbMe+P0U7b70+1+nz7ki8jK6JMQBEEQBEEQBEEQBEEQBEEQBEEQBFmdUNqTMf4kslyVNEfDeXUZ+7zEH6EZuLXRaXIGLX2gKmwu4vjJ1XUAm0RCLOM6JrsIWYNRipxEyaC6D7HpMKSO75gxt6QO9tlqMFI+FF12mXOddyQKI60uMK2RxwlXiXeM7oSa83QxmcCIyCw0sSJFJnsJQk/6UyiLEMdxWcSrE+KsKXgLFixoaWnp06dvLpdzXeEfsnQpLRTaS8Ui5yGUgKOOkwgyzJmpBWq0DEZpZSaAy9w66lHXAxVGQsYAqxfG3QmF4Umho13YaUilSUbqTtQV5dX1Iqax2sPJZEisYgkFsFS4Eq+oVkF3HNch8dqypTCEqnY6WpgVC2XUiZHMqCTqiY1PpHGQPmokLKT7koIlt/45LBaNr0kkL1GrOAkjo88QJZeVSgNbWojlKZJa60xpUKwmNdSXEFspYpe39SWEVGXVqXY9qe+5QlX5Qa2tkdGXWA4ukfE4IUKPIvoleiqOhsuWzLzxD5v89NRmBvDzaBmibweCIAiCIAiCIAiCIAiCIAiCIAiCIMiaQhx5tOJ4tM5WD11FUBVcplW6E12sJqmCPlEGqWM1Q9dmF7ZUJg4Tx4canxK3QfqaGEOEiFFXhNVNYiBK1qzIp2y2kSVQo1JIlACJsQM3h2idoU40CaQrJUBaysOJIzOHiNwsLNG7qENUeW2IgDmJGyVUJrqkFP0QRz6aS3OR64VHEVSoIvexiiZxviG9C+/WXeAtXrSk0FHkjA4c1D+TyTDWovIMlUqFUqnCeQEOtbYIvxOVK0T6g9AuR9lsKK2J9jhRIgmpC4FDriOGLONDzTwIApiEcrnkOsLOBHqRzWXF8GuRh3DskeIeajxt/Gy2BTrgeXCuSNJTBsQDi8nlc76UnXCV3Ii4WgHgqAlWyYCIGi8orzLskFglI5QS0NtYMaNUQ7Ra99T8dLJSqfjCs0qHESnLlCqPE21wknYE4bwYBMR2IqGWv0iNxwmPXzEsxUntnmrFiT5q7zH7U3l2zFXs9iRlMq4bVfmacNvjRD8ys1/7oHz62MNNik7WfMzCN3sYWxO1ZgiCIAiCIAiCIAiCIAiCIAiCIAiCrEpSiodY1hHrTizvg9QpyVmJY4DeWfdCRp+glAPVNhJ1LyJz/xgVDuVKdxKJ3CVCDgH/J0HlNfXb9kY4ok1ZxD5ubDVsm4DmeuCQJuHaXgUuyxKbkzjcrg0dVBzfiszruZMyGccReXbEo8MjM0uRsduQQh+ndwwa7DVBq3d2R3QSBEEURdRZBGf17dsH2prNZlWkvFIuVcplLhLfsHw+LzUZsN9Vc0OrRTRK9sNrkuyYx9RdZAbFFX4kPmyEYQjXKpfLYSDsYipBTuT9yfhS4sCMvQ8MOBF+JCLNjef7co9bkVoY4aRRLkN3CoUC46wSVFpa8y0tLVDAxP6tO7OqbWo2VdeU+kSJbEicUkcmANI12OqnJnUnxbemJ44myvlDai9CKUHR+XQSxQkRfidyKcEAVbmMGL2IkEPV8TiRrzb1PU4aK0668DjRQ9HA44TG25HUFoXKwcVyOpHuJkZxojxOlDBO9rdYWPTWWwM33pggCIIgCIIgCIIgCIIgCIIgCIIgCIJ8cUmkA7XpdXpOVZCE8LsKZevUOiIhiqMsOYgKFgtLBhbrAZK9iaJjTaJWkEG1oEN3ycgVumSFPETikDxveFz6mnA1iLHqSCpRKIHBV1OgzE6oMYqQAgJlb+K6ruf5UQiB94iseXjQ5jAMly5ZEgpHDd7W1ur7PjQautNOeLFYKBQLItURY9ls1o1Xm+1lUltpbSIYEk+kERMZYY6UeoSu43JXn1WpCMuSQqEQ9e3bp19fP+OHYkETYmW3UboXYlIxWQIlJaPpaO+AGkqlPFyotbXVZPYhibpJ3yE6h46lJlF9VHYkoRRcaJGN3FACC22F0jTR4sWhUZxYLiC1ihOmLEBixYanWk6qPEUI0d471QoSObA80ZdohVysOOGxQsYoTuLZoY08TkhVndWuJ3F7zNFiGLhSuBPF7VcGJ7biRBucVGfhKS1eRBAEQRAEQRAEQRAEQRAEQRAEQRAEQb640JqMIim/hiZOj7PnWMli4sOp33Eyl7pKCB6boUiLB0f+iJwvlvmKDozHl6Y6vtyD2pgeg1dnzJFSE2HXIh/TLjKx+0j9ekyene41QAbB62lfqPE4UQlFVCBeq3gId2DUXak4UZli4mbIzC6R8siAE3zfl94zYRisiZk2vDCMpMaCtLd3uO6CMAz79GmDhZXN5pTKolBoLxaLQn4RhpmMD32ELtkaDoM9hOlJtfyCjEuKGg946nlxXhui0s4IoQIM1/Lly2EFtLa1ur6XqtPzlFxGWK9A6zNGncRFShyoA1obRmGxWIDClUqltbU1m83KIq6+JRKnE8foY5SUhMWiLbVf5RsSfjDxTmlVQrqlO4kiS3EiT6v1ONGOIJZHCDy2ZjPGU4TEHidCCVXtesK164ntaMLru57U8Tix3E1kEiFLcSKTE8U3HqvyXLG2pQ/K0mKpNZONeyfEM9rRRM6qdEDhTDudJOMQyeRCBEEQBEEQBEEQBEEQBEEQBEEQBEEQ5IuL/SV/YsLfjUUclqCEpgUrlNZ4pZhDJB3F59XSk6pqtEeDUGaIDDFVfh2MRZRREsfNyZpKHPcnRrMgBTOiLzqVkRQiECPT6Y7Wp+urC9mAEIQoQwa7Uh3KV7YlLBb0GKsOKy+LbpJDuYmcS0uJMAwdz3Nd189kwjCIoqCpNjVr2BJZiYRU25rOK2ThyVrEMgpD1t5eCMMoCIK+fft5npfLOVRWWip2lEolKaXJyxbyTCYTi0hYquXKAyNpl5nbWHMlDzBHDpwSbThUGGQoDYdYzi5X+oQgqLS3t8NWa5vQwThelVsJkal5tAOKp1UplMNOVwy96JIDc9tRKASBSvni+L4nsvkoEx0n1lnIhtF4bqEt0Cx4FNqhKHKFjIWyEIZbZlCS3aVaRQZtJk3qJbz+/USFyuSDpD1OIuN6kniE6LQ+LX6GpFxGhG+RHm6zn1tHzdjbriecVPuUxEItoziJjySKE70n5bBCaj1XdJnl5XIlDGEoZb8SxYl6qu4jpThRvYv0Hp4bNJj0Drze7VRnZ80LiqXgI925XOpcXitXRBAEQT6n/Pud8N8zKzM/ZUs6yAqTy5AhfZ19t/a/vpFPEARBEARBEARBEARBEARBkC8AtIlDtQHD7igejChBVmVCwDoQL0K9zFiXqN0mcl+920Ibbyg3kNjfQeKoKK6Ik7tacWKfQ1jK7WSVBkO1UoRbEhvVCE5rZCSOjH1b+7g5w4yHftTjpVRAJIkU14308kQYobwuiLSfELoTquqyz1I6Hq4VMPIaUiYR59KRih+p+ZH/CzWBdM1QagEZdg8pl0Yorpylnow+u7V9k0MAjWRxH2sWas3S9Xw/I508hHoDulYolMIwJJz2E3ltvHw+DzUtJcLvpFyuUEcldZJJhWQKHqL1ClK80cn9FAtziLALITL1EI/PlseFX4kYT6jKd9wgDFRqlkq5pNqcyWT8bNbzXDuzD7TBdFz5r/iuB+0PgEqlIn45lTAoVyp0eQcUa2lpEcmDREkl15Lzb4yGYBblZIvpgiYKjQl34D+hNWHy7uIRj4ReRep7xD5KnOa0Prn11ou9PaoUJ6GQZJDI8jhRfifKE2V4Wxup8hdJPE4oqcqq04XHSY3ihHFWm1WHJoIJy+NEv3RwWldrwqrKzGtvH9TamvI4ibR9jVD+2G4uLHY6GbTxxuSLy5os+kMQBEGaYVEHv3BycdacHvDlKlXIRwvYVY+Wn3orOPVb+QEt+G8EgiAIgiAIgiAIgiAIgiDIqsIKNPdc5J7W3azZxa1WJG4cVUVrk7PYJRNrE0osOw1tI2DLMBKNSFyN9SSG8URQoBOVxLITGcVnnFTVqaPVuim989k2bewU0GXJ2tE3nZIVmZHSg0EdrvQhYjGYsaU1ghRet+6kfeq3CIUL64VIN82+lhxMKQAwspNYLSRPdxxpZeJ7Xhgxz4V6qDxF+JqwyBeyGVG76xLZ0qaGvjr039mENVOmSzzoQyQ6r8UTUcSKxdKiRQuh9gED+/m+39LSCmMMxQqF9qASaD0E49lsRqQOiueHWjdnowbJjElEXktntFHJa5RIx3M9WTFTSZVCIXqAcWTlchl2Z7LZbBBk8/lcLmvXqbQvPKI6J47LXahIEQTlStmpOKVyuVAswIWiMMzmcplMxvN98eO5Mk+Q1m6pMVXmK8pESFh2yJ45nisHSaw3MVxMalakUwsjTYWg/EFDSJ9+bMkipcMwBidyQ+kz9I/JwpPxvAEtLSmPk0ThUUdroi5Vx+Mk9cJS7XGSvFiwRHFSnUPHOmp7q5CaMsvK5dZMBoaVaYMTS3HCeNxf7Xqinvbd8IusOEEQBEG+AJz/YPGDecx2Jlxx4renb37ELnm4eOH+LeR/lTAMPelUt6YBDfvss8/WWmst0ssw+S5XKrwRBFlFrwnCWdNZEYNQBEEQBEEQBEEQBEGQ3mDFwvwqHY4KanPLhqSuqUqjsL2AqRi/joyrRxnHjZTiRNfG9WVkMg7SS3KTnoV1oijiKT2Gfp7qmBlT2rgmuzSExqMwFKITZdZhBD3K40SLA6TrhvTFEO4YVIuHHNcRqXMyAReVRMoxBS4sfgcBIS2UulCKMWmO4bikOWy9TjMSqySDUvfn2OGayOhogFKptHjxwiWLl8BH4bA/n2vp06etpaXFE8qaqFwuFYtFOBQEgVhw4urKmobohVnzo9xikmBNjBMjsufIR2UKI5ISCaR8gbFKpVIsFNqXL4efSrmiV3VcnTxfnEx1VZ7ne9lcNpfPq598LgcVlivljg5dCdRWKZdDmTQHPnWUN5EQlKhtIS6RP+qprFg0yeCoH9XsptMa9Z20e5xDR+qcZMYZpTgJVYYdS3ECP6P69+O2x0k82aTa44SpwbAUJ3U9Tngqa45VA7H2K9mTErZVl6w+l2pbIONxYsrMb2+voziRHieR2SMfVZdHT9qDIAiCIMiayiPTK0JxQqz3NSuDVcNbH7HH3mwu+eIXkfPOO2/ixIm33XYb6R3g3eNnn302Y8aM5557bvLkybfccssVV1zxy1/+8uOPP+7krPb29t12222fffaZPXs2aZq5c+fedddd8Nj8KX/729923HHH0047jfQay5cvP+KII4477jiCdJMLL7zw7LPPXrx4caMC06ZNg7H91a9+RT7nnHLKKT/+8Y/feeedJst3dHQ88sgjzZT8/e9//6Mf/ejFF18kTXPRRRedcMIJdRvz7rvvnnrqqb/4xS/IyrFgwQJ42fn2t78NdwdBEARBEARBEARBEAT5HEIt744eMBuh1hbVFWr/Cc6qE+70wKfjaxAmjs50iqGVRKSiiZB4c0wAABAASURBVKIoCIRJCaVOkggpKSMKhJFOAlTtjiNOEQoHX5hr+J7SIcQtNZofrhIeUXUBh9romqxtq69ddM/WLXUHLlVL+seTOg2qDDz0lsApV8oLFy2MWNSvX9+sn8nlcnAEPmcsFguVShCGoUovpJBap3Qfal1POE/GT/XZLqNcT4TzCmeqWiKNaHgYRhGDh3K5IgpQ2tLWls1mqy5Hqes5IieO1HAo3xVPjripqlAsVgJousi2E0hy0vgkl3OU80psHJSkrWJCVmKyPDGT00h5nHD52KyUiJDB39pjzu1/1hlnYsWJUWYYxYlSZqzVr1/GcVMeSPaEc17f48TeU60+SWpI6Uh4leKkU61J4z0svjCsjMWFIsyQsnLhUoAieicz6RiPE+N6MnZ3FJ0gCIIgay7PzwpJr/HCu8Fum/ik+/z9738vFotk5cjn83vttZfafv7552+++WbSExx99NFf+cpXOi9TKBSefvrpUqm09dZbk+6zZMkSGAGoBAahIFEb5mm7pO65I0aM6ESH0dbWduCBB95444133XXXmWee2agYvCNduHDh3LlzX3rpJejI22+/DTv/85//XHDBBaQ5vvrVr1588cUQkp8zZw40ifQC0Mi33nqrTeZqRLrFU089BWvs+OOPHzBgQN0CsLpgbFOGGf/9739POumkzmuGPyIefvjhuodmzJjRuSKqERMmTOjTp4+9B1YmNIY0aACsPbX90EMP/etf/xo8ePDo0aNJE8CKgg5OmzZt6tSpcHd07koCtwMU23///UlzwJ+Zjz76KNzCQVBHijd06FC4Wcrl8oknngjbZEWZPHlypVIZO3ZsasQQBEEQBEEQBEEQBEHWfEzWjpVXSFhVSkMOpmxNZIxcuDMIs1hqu13EqoTPke5Eda2podK+J9r9ZIWNXET+G5EMh1nVCmMOKjQFVIXMWSQkFkqJwGUkP5b1SHMMx5FOGOI3k589UsdkBiJWGhLH8zOyOmYMaWzhhKycrFT6qKbGoap6L/b2IFJxAjVEqgNQFXyut3TpUmhP37a2bM7P5fLS0YQEwbJypSKUHUIgwnO5rCOr6HoGrEvbCiz1GIah2lDeIXBd9VFmAGMShsogqFIJ2pcv53KtZ0R6H9/Upg1/dNoZ4S1DpUgkm82qFDywtyQz9cAHpiVpcxKFIXysCYdUyp7YQIU7cEWYC0eZtFiPhIuKmP6Rq4RGYbNOJ5l+/QcfcPCcv9wuFSdEZ9VRihPZPbM9uLV1gPRaVyY2ic6DyuxZtGFWnVrFCWN1lCKiE0IEQo2WJa6BpnLoEPvq8R6WtEfkjzJlSFymID8szngeq9c7ZilONjrqBxmMhSAIgiBrMLOVzQnvlXfT73/WVJK+Wn7/+98vWLCArBwQbDaik4ULF7722mukJ9h77727LANB/VKpBKHujTbaiHQfeHf3u9/9zn7PDG8aWyS5XE45jnzjG9/o37//AIna6B+Tqu3TTz99+umnzVN430hkcHrttde236lPnDixtbX1lFNOmTdvHgyXemuqgAD2V77ylR133JE0DTQDBuruu+9+8MEHmzcjueOOO2666aZGR7/2ta+dffbZZKVZtmyZSr7ZJNJVMJfaCTW8+uqrb7/9NizUjo4O6O+gQYO22GILmPFmvoHx8ccfz5o166OPPpo/f/7QoUNHjhy5wQYbjBo1inQHGFj4c6Z2/2WXXdZITbIywN8y0Nm2trb111+/boFp06Z18ofefffd98ADD5DuA6siJaGYOnXqeeedV7cw3ClTpkwhcpavuOIKIj2Bvv/976eK/eQnP9luu+1SO+HWOProo2GNQTtnz559+eWXdyLdUKq42oXRiMceewxOGT9+/MYb18m8CRfaZ5997rrrLrj0D3/4w+aqJCeeeOKSJUvsPbCi4PGtt9467LDD6p4Cd/Gxxx5LEARBEARBEARBEARBOqX2I54V+/A4yWYSPyXN+ZfEvhe8kyY20SRqKtA+Dq6w2whpUH2tSHpziPi8/Jj8c5S5WKlqlH4mts9QXXZokv5G6EW4SF/DrImsm6moEVwm4ZEOMURIDBxTOdeuHFIEInOFhEHoCXGJG6s6HBlvl+4YjvA4oVLmQF2HKtmKDPdLyY9jFEeu64ksPvIAjbuq21KzMLpcUbZRSrIIqyqxa2A1ewSezC+jlB8OUYoL6S+iDsOnkMuWLYUBaGOt8HlyJuO39ekr5BodvBJUnIKjlr9wC5EXN01p1FYSN9SosbTQxDF2I4mMQuXZUWUjkZlGCBaCICy0t8MH2dmcyJzj+54xaIFH+CBVKDmiiErVEI8vBC1U1ixwOhyNWFRhFWlyE7ieSJIjTiRaWOQICxMee5+IGRdZdGL1mHLEgWtGSqnkdkMktM6R35v/9FOVTz9m3PI4YSxSVkWx4mS4/ABXqUyqVSDE3k5n1eFJupy6HidmP6ufYYfWdTQxFWmVSbUqJXFJMWfJMu2VSp4x33Uj29qkWnHSOmqdLx13PEEQBEGQNZhlBflr5RQnm6zt7P2lzGUPl8rV3+Ff0kFWjH333beRk4fh5Zdffvfdd9dee+0ddtihbgHbA2PSpEk777xzbZnPPvvs4IMPXm+99W688Uaz85hjjoGaIQA8bNiw2lPsMDMEtkk9Jk+eTKTbR6MCtXVmMhnzFN4B3nrrrbCnpaUFtuHRCJFLpdLEiRPhfd1vf/tb0hzvvffeZZddltoJ9UBM3d4zZMiQTTfd9M0334Q3jmPHjl1LMnLkSAiTb7bZZkqqUsu1114L0fS6h1RUHjry6KOP1i2wySab/OY3v0m1KhVEt+noWNH1VM3xxx+vvFua5IcS8zQMQ+jUHXfcUTc9zeDBg4888sjvfOc7jXwy5s+ff/XVVz/00EO1h2CJHnXUUTALpDmmT58OI1a7H/7AIb3GBhtscP3119c9BHdiXRGMYosttoChI92nb9++qT2wLL/5zW8SKSabOnUqjLmxFDLuLDDIMEHyjykfxlzthPfwixYtIlLfTxp04U9/+tMpp5wybdo0WCfXXHNNI91Jd0Unf/3rX+Fx//33nzdv3tKlS2sLbLPNNvCa8/7779fNvwPNGD58eGrnrFmzFixYkDLIhCYtk6QKh5Jx48YRBEEQBEEQBEEQBEGQNRypZUiMT3qoQuJQETT3XMd1jNQi9jeRaWhk7J0TRmP/iKSGnmhFzxOnBrJ0CspcRH3LVEgDTKBc2iyok8xXUDuLCmhxBtESBfgVBmFUCYhOyhJrQewTdH4QETCX+hFHHRa6DDGuQpbgej51tDpCpd2R2UQScZKcHV8qC2jPzH5Np1YMITpxXaH2UBoZ6avBrHHkWnciZSi5XBY+3+8Dn2xSsrx9eSWocKk0cWAAXE9an+jPMWuNTFRt5mjK48WcKJ1ImBKvKEmKPOqKmY+4KhUEgXArKZXKpVJLa2tbW6vwOGEqQ5JjS5A4TVAFPF/Ym5TLIs8OtD+MQiakKRzqgc++oQIeK2FgWOBHyiS48keRmh65IBiVn8Sq74B27zvKG//motdOPiFcslgpTkKpXFJqDKh99ID+fbPiw9m0woNKz5LueJw0UJyI+TXKNWZ5nPBmPE6Ukq3a44TWlCGx34kXRUZ3YrueQK9zg4bs8rvfEwRBEAT5orPJ2s55+7b4LvnFt/O/ur9YDsjK06U3BoSTlbDj1FNPbSQ6sfH9xEDORukY4I2WHVpWb9va2to6T1EBb9V22WWXTgrcJiFNAL04+OCD1fa7776r/PDgPUVtGh2VmwMKQLy5kwrhrd56662ntiHM3EkmHYMxZVl77bUh+E2aA6L+ylyhEeVyuVGBIUOGpPYcddRRRxxxBGlAKtvLagFi/CeffLKtWYEY//Dhwz/99FMl9YAC/+///b+///3vV1999cCBA1Onf/DBB9BBtepgiocOHdq3b9+PP/5YzfLTTz/9zDPPXHbZZd0ylXniiSfM3x1HHnnkiqWwWQXsJSE9wVYS2ICFOnXq1G9961upvD8w/vfffz/cwnAD2v4xN9xwwx/+8Ic999xzwoQJjSofM2bMTTfdBC9BM2bMgGr/+Mc/1v2qhJL7NCk6mTlz5ltvvdXa2jpp0iSYXyVAqcvjktr9e+yxx/nnn1/3lEcffbSZJFOwTpp5HUAQBEEQBEEQBEEQ5H8R2tWeFY3Upz5XacaRInEOsHeusFZAKiykFEMIHBzXcTyXOCY1DdXhZRnnpVEET1z1XbLEI2Xlvq/ZO1SNifLssGxOVOoYKxiuMSYflDTlfR5nxpGXi6KgVAoqFRFA55RR7a9CrEZw5bDBmKuFKVT5oBCeRPsd13V9j7ouUV7U6jyT20jgOtQJWFjdjgZ9XyHoCs2pl/ilGNGSVGoocYXSWJRKZTWs8Ly1VfiWQ3dgWcHnv+VyICUabi6T9V3fcbiwDRGeJbKmdAKhOj00n49DqAMKw+fR6quiSiai7EnUHo94IjGRlGcIFUi5EgUBiyLPcbL5nCsu7Jo8O0oVwR3qclfqRUSPoEgYhuICrgvXKVeE6GT58uXKHCXfAgEhUQmTVzQWLNAPOKrsVNSAQH3QRTVS3bIfB1rWGrXlZVdNv/i3i998Q+kwhJIjlx86clT/ZYvdeBlzSnjK44RW+50Qoxep1poY1xNua9DiVwxbX9KJxwltuIc1cj2pd1aFsSCK+o4eU5w3l5XLkczeJNxcNt9qwi/O6zNyLYIgCIIgX2g2W8f59X4tanuTEe45++TPvbdIep/f//738D5tyy23bEZxYnj++efff/99ew+8TSJSwnL77bebncrB4oEHHkiJTtZdd92vfOUr9p7aXDaAyt6Yk5DmyGazZvvQQw/t8t0XFDAilbrAO70XX3xRbQ8fPvyAAw745z//ed99951zzjm2X8Lbb7998cUXH3TQQco3Ys6cOWSFOOOMM3bffffmy//nP/858cQTa/cra8DOz507d64yzFBeDjDUtTKLtdZaq5O/HH7605/WSnlUPH799devFTyts846aqOjo+Okk07673//S+SUQcmJEyeOHj1avQP/4IMPnnnmmeuvvx62Z86cefzxx99www32EoL9MP5QCSwMOPfAAw809jYLFy68+eab77rrLujO2WeffdNNNzXvSNGvX7/kewDx6N15553PPfdco1NU93/5y1+qJbrTTjt95zvfITIFjLpBlE5o3rx5f/jDH4gUJH31q19V586YMeO73/1u3Wo7sTnpJaZOnQqPxuZEAb341a9+BRu/+c1vbMXJE088Ad3ZZJNNzjrrrM6rhfv6uuuuO+GEEw477LBGC6lbTidKZfKtb30rn8+vt956nUheGoEOJQiCIAiCIAiCIAiCrF6akCj0xFUsMYGdRWXldAZUZsxhcWBfii6MGIWoMDLEeIUKwpXRamMgQtZUVE9UihMh7nDqfIjVpLKkfv2xcUYShYeYeCWAR2GlId0kjBGNlRCGKN0JMQlFRMvk3ibkAAAQAElEQVTi5EXEke4axMv4np9RuXiUWYtKPUJsIxaazBS15DK6ayunO6k916TuqVY8VRXzlIVJ7C2TGlfdINd1YJiWLlsKnzhzqTuBj4Bb29pguyJ0GxF8OhwGYT6TU/bFaqCVXqSqiYQ7NS3m1cl0RJqbSHxQLoxlHGXBwpJ6YBYcKtLRcK2xKnYUoEDf/v3a2to8meVIqDjkZ8p6DqAZ3FGKEyNJCeEyvg8PlUpQrBQLhQ6opFKuiA4IMxcR2JBZh5SYicsMPlCTK+VHXLYLWsvlHdjtL5W2rj16+6uuXTJz5uK3Z5SXLum34fgR222/6PFH5113FUm8SeIhkh4nyaptoDhhvEpxQjrzONHakSoroZR/ia0v6bQMscqwmjLqtHFHHbP2V3ea+8rUJe/OyvTrP2SzzQash58LIwiCIF98Nlnb+cXeLeYpvEV8cNqqiDq/9dZbDz74IGz86Ec/6taJD0tq9y9YsCCVawawE+4oIGZsi04g3gxh7FSZ11577Qc/+AEcuvvuu0eOHEm6z0EHHdQo9weRcpN77rkH3jhBsU4qqZVuvPvuu1OmTPnb3/5mZ4qZPHnyG2+8oRQnK4N459za2nz55uU4tRx33HG2ygTepe+7776pMs8++2wnl0hpFIiVj2bgwIE77bRToxN///vfK8XJuHHjLrzwwrFjx5pD8K57Pcn222//85///NNPP501a9af//xnW1vzzDPPzJgxg0hjm1SbBw0aBDvHjBlz0UUXFQqFe++9dyVNKdR0d15m2rRpasOoah577LGnn37aFJg3b94NN9xAZLorIzqBvzjy+XzdClf+SwbdAm6TV155BS665ZZbmp3Q/nPPPReaseOOO8KahPtR7V+0aNF5550H03TIIYe8+eabaufw4cNHjBhRt/L+/fvfcsstjbJKkVh0YsvFGvHJJ5/8/e9/h41vf/vb8HiwhPQcJ598cqNcTjYqrxCCIAiCIAiCIAiCIEgttR/orGlqi5X60InariWxlCF+al9DiStILHbRR5VtyBoJVUlR6k2XltNY6VNWAJ22RW5Foci1IjIQOQ6PWFrOEkfVozCCH2LPF7cbrPLLZPxsKL94GfKkFKdJKSa7JTO9KKUH53R1z4IXsYg0tkkxywU2wjBq7+gQGWo8N9cCn6bmYH+hWCwUC6VKWQwQI1KcQe3P8dV2rPfRO1MmHCpyoA67IhuLDiSY/apOVYkQfag1TYTAR/xXkIlvorClpcXLZJTVilniQgnhUJe4JBayKGkLTJUnpCdlTlmxVCyVijwMK0JwklWqGl+qUkTCHc6FhYpQmSjZipB6SemJI9vvkhWi/wYbwI952rr5FqRW4RF7nMQrRh61Xjqa9DiJtymv1aZwI6Zq4F8SHyWdeJyk26zLqDrX2mGil8+Pmrgj/BAEQRAE+d/AZNVRwPvM3/6jMHVW97LyrQClUumCCy5Q/yJvsskmpPt873vfM6lkFi9efOGFF0Lg+ZRTTjEFLrvssjlz5px11lkDBgxQe2bMmHHTTTd1WTO0TaXAOO6441KKk1DiSTqvxG5J3Uvcc8898J7t1FNPJd3hwAMPhCD63/72t2OOOUa9fQ2C4OGHH+7Tp8/ee+9NPj+ss846SlAC4zl79mw7kRDw3nvvqYyTpKeBmL2SOsHVr7rqqtrcQApYk7B+DjnkEFiid9999+GHH96vXz91SCXlgTfhe+65Z91zYf+VV15ZLBaVtGVlgEW+3377NTp64oknLl++/NJLL1W9GDRokNq/7777brPNNkRqVv7617/CfaFMTWx5zQYbbHD99dfXrXaHHXZYlWYnM2fOhF6MHz/eTi7zxBNPwB9Bw4YN+7ek9qxzzjnHbMO90Ekmr04UJ7DGVE8/+OCDtddem3QKvF6pXDy27QqJ/xLski69fz799NNmMk+pNiAIgiAIgiAIgiAIgtSlxreh+umq+56RCpyrSKyx0lj5KuNcOnZKGArXEF4h8SWUzkFeUUgr1lybkzQ0HquqfcTSc8TzSVPnxYcbYAZfeFtUKqHM0CIUJ0LLAGPEKbWMP+SkRWEYVCqZMOdkCLVrp4lHiMyw4/tZ4dIhtCbC/JqqKL/cEtsy6QtNmlEt/dF7Vi0eqa84UTYYlOjv5Il2ujAQEWvvaGeU9An6tPVpy7fkHRf6RIIKfCwflEhR1QQfFtt+J2bRU53epeo2MMWMKkoFG0QCHZiY2J1GJrhxzOQ5UocRSh8UmJ6O9nZ4hA83s0INk8/n8uarhFqQ5YhPJCMJbIhsSTBfrpfJeKJrlJYr5RCqKIZlIaAJs7lcNpsRNWWzasqloY1oTix/MWPVvfQ6jcgOG+6ttXbwyUeWX4hYkKQrjxNdstrjhFZ7nEjNiq04oYTUaESqPU5oSlmi9lhl6qhPauqBx/7rb5RpIo06giAIgnyRWF2KE/iX9xe/+MVKhuQ333zziRMnqu25c+fCIwStv/a1r5kCKqb+la98xWSigffAzdR89dVXf/zxxxAFP+SQQ1KHrrnmmltuuaXzILfN7bffrlwxUqjMOypRS90TN9tss5QJSqFQUAHy3Xbb7YEHHnj66ae/9KUvEZlsaOnSpQcccEBJ0si+Yk3jyiuvVBvz5s3bfffdBwwYcNddd5mju+yyy7Jly3pDdHLHHXeoYTz88MMbKU4U48aN23vvvR988EEY+TvvvNPM+AcffEDk3xGNJAK5XG7//fd/6aWXOpE7NMlISaOjqv71119/rbWqckGa++LZZ5/961//OmjQoJX35IClNXPmTLLS9OvXzziyKOrm1oH7Yptttlm+fDmsE9jYcMMN1X6YiJaWln322Uc9nTVrlsk/pXjmmWdSV9xhhx0aScTgdUP9LfDyyy+bQasL3HEwobX74RZuMsnOzTffDDd1JwXuvvvutib+GHniiSdW0j4HQRAEQRAEQRAEQRCkt1ExbiKD1WKjZxQnSsOiAsyiaio9JmK7ApNTJfY40T9rcHIdiWxqE8oRI7OpI5fo5CT9jSlHZelhXNqcsETtQWm984XTSaVUyrW1erIkleoJNdoiYwlXwgbP87Miti9zuQiJgudqqw3RTEfVL2eJphpMZdqYVaE44az6wtxTLYv1GUbUILeM8IQ4IqMNEcoaGK329o5KJYRT2vr0zeVaxPqOeKG9UAlDUiwRKXNyXUeqbJw4IVJsiZFYYySoDESJuEHuUvmVmMxfxAgT6W3ERqS8VGR74NZy4eIibz2llXIFwgyVSgCz5WjlijbMcbTLitagRHIRMHn/eMxrbW0VCqEOR+lO4D/4xByqCioVHjHoAMRR4IrUdYQgiUaEqyZpNYyQ3fQQrdtsv/jjD0mVx0kdxUmsNdF7uF3emMd04XFS9ahPrlaQMJ4uyeqqTEh9HxSzZ9gOE0kvkHJzQRAEQZA1h9WlOCEyv8lTTz2VyuKxbNmy3/72t8cee+yYMWPI6mPatGl/+ctf4D0XhL1XXjTw6quvQhTckdj7TcdrM/vIJIlC05wSncCgQcPM09NPP90+eq+ESNcHFZKfPXu2sruoZfjw4ZMnT67d//jjj7/33nukaebNm1e786233lKyjE4YMmSIaRvMOzz27dvXLmD7C/YsDzzwAJH6pCOOOKLLwj/4wQ+ULYoSRihGjx4Nj+3t7bCGd91117onnnzyyWTNBqbpO9/5Tt1DdW1OPv744+9973tkpfna1752ySWX2Hv+9a9/weNWW21l78zlcvvuu++tt96qTjH3wj333DNgwICf/vSn6inMZkp0cuqpp6bedT/99NONxBwffvih2nj55ZdJY+bPn3/FFVc0OrqBZQnZCSuTiwpBEARBEARBEARBEKQZuv4sLYmw97oUQ3z2Cx+IRtJFQ5o0SAsDcYgbjQU37iX10Y3ldsCVyBC98GqQdhpC3aIyxzgq8sukvYRLdJ4d6YgQX473fr/r9aK6gzXJgNQGk0lLYoMMq4RdlqacT/Rvnpas2F1WChwxXm4YBVEQMummwRkTRhY0fV7cHBZn2BEDaoQZxhMFzldeJ9z3ZWVMOrU4xpWCU2Xd4golhZgpl5NQiyK4EWIk/jSkU+1M02H2+PJxbdU3hbi0J/UxVCoKrAURq03kOoWlKzQX0ghGXJtFsMrKS5YuJ9RtbWnNZvJ9+0BfnY6OQjmoRB0kDKNcLpvJZIQJiCOdXtTIMrsPJrcQ5SkxlNK5CJGJS0UaG7iqK9wzCKNiAuSiV5IRV6hboCphyM4DmCKYTikL4vD5o+/7mYzvuZ4aVsf1IcAhvv/KIllzKL1tSMbRLjXlYqlcqZRLJZhp2VVSJCV4lN4pebVUKddrRNcp1F4rGzUx9Jv41cUP3NO5x0mdPXJ11WpEGnmc1PEmaWZPVx4ntEE9Y/fci6w+moypNHNDpapCsQuCIMj/IPDm5Lhds299Gj39ZtiozGpUnECc+E9/+hP8g3X22Wf/5je/Mfsvv/zyxx9/HELIl156aSoCXZdFixbNmTNHbUNUmMhEM2aPekqkMML8awindF6nSqwD5Q899NDx48eTHuK6665L9QguNHHiRM/zpkyZkir873//28TUbdZZZ51tt93W3vPaa6/BW8stt9zSdnAxuT9ghO1Y+/Lly+GxT58+REouSD2mSMjK8dBDD9nimLpMmDAhJTrp37+/XaCXRCcwCEuWLIGNMWPGNGMJM3z48L59+0ILP/nkE7MTBlxtnHPOOdOmTfvWt7610UYbNZMYpXOuvfZas60aaViwYAFMtDHsWUmy2ey4ceM6KVD3KPzNYjpeF5VOCJZi59my1l13XfvpG2+88eqrr8LGz372M3u6r7rqqiYdRFLsueee5n5/8sknoVWdFDbqqJkzZ8KYpxah4aKLLmpvb996661nzJhRKBTsQ3AL33HHHaQnOProo5tRuakbGUEQBEEQBEEQBEEQJE1sllC1r+rjNZPqo5mquqJBPeaKOp2IQ7lMxSHzrMgYvp3yRllCsHT+nVRGHm60GMqcQhx3ImmiIVQOSo0hRBAyCuxQroP0TNYsNShV4oPe0p3UfpjJ0woSUlsghomEKOozRiPEMGfKbsq0QpTXEw1VaRh41aMI5UuPE0pcFoZRKHLr6BrEyLAkp48aZV0JxNwJlIQfoSwhzByzQ+1CmeF74iIMZhaqcuGITMYil6OQXsCkeI7LXS+IQjmFTPVC2VUQa9F2Pi/NLFzRnZqd6YxTXpxKRUpkpBLKSKDMmqOxXYkWwzjwgTUvFIpwPIqi1rY26HZrnzaoY9kyViqXgjAgSdIcls1m4sw46Uh9km2otqXyUJzLRlQF14LPySOheRHJcbhIXEQ9z4XmwUWjUIR/oAx8BgqP5XJZfuTdms978t6gaqDhE0yHCylGGNEogjsH5kkk3IH9Gc/PVipFzy8WCyGEU+QV4XKq0Z7vq2/Tiqpch0bctI30EC1jx7rDR7K5nxiPE/MSVdfjxGxXKU6S8rTavcUmkAAAEABJREFU44SQZAIaaEeseU/rS2ideuwyddrA+cBNNu8zci2CIAiCIJ9/4B37z/bI7TDO23Vjn5BSXd3JNuOcM761ehQnt95665VXXglvS375y1/uuuuutujk9NNPX7x48bPPPnv88cf/4he/2H333Tuv6le/+lVqz+zZs/faK60ibd6eAd5PnX/++R999NGIESOazJ6zKjlQYu+BAYRIOUTEBw8ebO9Xypt11llHeZ+QOAlIJpP55z//2cklDjjggO222450k1SofvPNNzdWGTCbCxYs2HnnnVNl1ltvPbOtRCf9+vWzCyjRSY9jtCNGmtMlo0ePnj59+vz580V+zGyWyOQ1MFAwtjCqd0n69Omz9dZbb7nllltsscX48eObzOKU4qabbqq7f9q0aSeffPKmm2569dVXk5Wgvb0d7rvW1tZx48bZmYyaBEbsxhtv7KTArFmzDj744CFDhnReLMUNN9ygNgYMGABtI1JwA021/xhTfzGZp3DIPA3D9OsbvLCY7VdeeaUZ0Qlct6OjY+rUqXV9a2D8n3nmGbjFLrzwwv3337+2ALSWNAH8xde5psSXf8SRrmiUKghBEARBEARBEARBEGRNg8YQHaUldVxWmtASGHsPnUxHBpcd13UcV1pokDhZjLIncIijBSpS8UDJarE36RZS3CB65ImPj4R+Rkpr6patYwnSnP+AMi8JKoHM/B4LcYzzDeWpcVL+JYCUkFAd/Oe0RtdEPd/nJNYDxR9wKYUR7HE9T5h1OCwSLiARqWmvdnDpHWrdGbxMxg+l2YuQ3TjUlNKaJqnVkMIYJUrhSp0DJSMWdRQ6lMtILpeDz+nyLS1imJYx+LwSDkGBbCbrZ3yoy/c9+DRQDJ9SC6kxiceMG5VPnAEnOWQSuEh5RxhpHUasaJFyEM/LkmzoecqyBga6UqnA71AYlgiplednoIyqVbrQiKpccc84PpwEKwGKRhF8Iql2wtECtB/2BkI941CHyy8vQkRBfWrpSN2TXDqkZz+5H/DNPT770/WkrqNJA8VJ/Ch+sUaOJnoPITVKEZrSl5A6ZUhXZexrKRGTKrPOt/YkCIIgCPKF4LhdszuME1FJeLt08jdytbqTbcY5P9+9xaTdW2WKE3hDcskllygZxDnnnLPnnnuWSiW7AARlL7300osuuuiBBx74xS9+8cknn/zgBz+oWxUE+IVTXTUQP4bwMLzZ++Y3v0k6ZbPNNqvbvHPPPffxxx+H7W984xvN2GA0z69//euWlhZ7jxJVwJu47373u6nCTcawexb17miTTTbZZZddyMrxTQmRQwojCTP1m9/8ppPcIkuXLiUN0uv0eHz9448/VhvNi05Gjhw5ffp0It10zFmnn376kCFD7rzzTmVJsnz58qclRDqCbL/99pMmTdp11127pfk+//zzTfkrr7xy4cKFanvcuHHw9n7KlCmPPPIIVEu6D/zJc9NNNxm9V/MnwnWbzB2zYrz55psvvPCC2v7JT36iFGPwKpFyyrlMYp7CJO6www6kJ1DpdY444ojrr7++UbKkMWPGwBr+v//7v0GDBtUehVt45513Jk1w8803133lMUAbGlkQ2TzxxBNnnnkmQRAEQRAEQRAEQRAEWYMxQhMlOuE9m5aBxnly4g+6IIZOtE9HEtyXogKtONGyBpEbZo3Un+gUQFTmu6HGHKVzNUbiyqGD8g19o2VGGx4xKTWoVFikTKaFkEINlYmYq9IGlWHHzUj1iLKY0UlQiEqfU6XTMA2zPFqkPshxPY9FEQ20EqBZmUzv4LW2tZZLpUpQsfKkiCalvg4mc/BQpeFwLJFBpVJRG7msSGfT0toq/UhYpVIOgqCSrbTkW4QqJZvJ5bIwMvBBt+MYtRSx7weVgig1HPYsSqWIIxMvJaITJixlRLYkIj6CF6oWRwZ3YIgrpVK78LShuXzez2R9X+RA4jJLDJHd0Xl/hGWJE0mgOqNlgTEJA+GEI4xPoLZKBcIkImtPxldiIt34Hp2+gV//+rw7b2GlIiFJ9hyilSU8pTjhZk+VxwmpzqdTz+OEEKMUYTy9h3eyp7opXN4upOYsVafX0rbupG8RBEEQBPlC8PibwY4b+PnYauEnu1bpTlaX4qRQKPz85z9/7rnnYPuss87aZ5996hbzPO+cc86BcP4NN9zwhz/8Ac466aSTaovtK7H3wL/vRx99NJEpKr7//e+TbgJvAo3ihFjv64488siUU4JK0HPvvfdCiDpVyUUXXTR27Ni69UPwPqViMW8sa9UtKitQ3UbOmzfP3qOUGXPnzlVvdBUjR44k3aejo4M0TruzYkyfPn3ZsmXbbbedUZzAYNb2V6krUlYo8HZ35RPW1GIMVJSpRjMoIxZg4MCBZie0DZbZ4Ycf/uqrr06ZMmXq1KnvvPOO0nmXSqVnJLfffvs111yTEht1wu67724W3o033mhEJzApP/3pT+G+uOyyy3bYYQeVIKlJVCXvSGAWYPWeeuqpzZ++zjrr3HfffXUPLV++vJmWwGJ+6aWXYA3UdX8xNiedM2rUKOPl8/rrr0NVG2+8sXoKHfzoo4/IivL+++/DI4zqf/7zn6effrpup2BlXnXVVVtssUWjSjpPJ2ToWR0bgiAIgiAIgiAIgiDI5wbb7KQnKpO/E1uO2OZEKx2klkKbrBCakj+siYoTbXuhA/9SptM7kgzGoygI4Ifrz0jlpWKjD6o/i6VEW8QIwxVhhyEdMRziCU8Q7VejC5oOECMzsuyrbb2RzIPkCN1CJLpqpBZ6jnjvdLgBXi7ru9CgEnzgDh/EU6kYqWq32ZDj4tA4E7xJeaN8mGU+odZMJtPS2gr7Cx20VIIPwItCj5LLqbHIZjOUO8obI8mNZGFZnsin1SXER+TctRumPoPWiwX+d4V5DHd1TinpEV2Slieh71f8TAYaIL7ZKa/u0FifQRzXc1zXk7l0InVNuFY2zASVoFQpi1Q7QSWK1AIIc/mc5/s0nmmnR1UnXlufAd/ac+ED9zCWUpx03+NEbQsrljoeJ1XbjKX1JSmPE1NGy9bq1yMFQMme9Q/6rt90PABBEARB1nDe+ZT94q+FX+3XonQn8EbC6E5Wl+IEQvK/+c1vPv74Y4gWn3HGGSm9SC3HHnssxJh/+9vf3nrrrRCp/eEPf0i64pFHHpk+ffrw4cMPO+ww0k3gXRNE9J944gnYXn/99SE8bw5BTLpQKNSeskSS2mlnAElx+umnb7XVVvaeUqk0ceJEeL9Xm4vk3//+909/+tPaSubPn7/33nvX7j/qqKPsp88//7yykOnEXKQWCLfDY7cEDV2iNEZf/vKXVf3nnnvuggULbrvttlQx5SMCI2/2qLfuK5akpnPWXntttWHy7HSJKjlw4MBa+Qj8QTFBQuSEQkemTJkC0/fuu+8S2S9YV5deeunKq2cmTZr0wAMPwH103XXXnXbaaV2Wf/311//5z38+/fTTytkF2nnggQceccQR8B74oIMOShWGdQuVt7W17bHHHqlDts7GBsYE7uIxY8bceeednbvRwKTDnXXSSScdfvjhqUOwJF544QWY5a9+9atPPvmk2V/7hYxDDjnENPsrX/nKsGHDzF0DLbdTdHWLmTNnfvbZZ/37999ggw322muvZ5999tFHHz3ggANqS2699daNKoHu//nPfyY9Abx2NbNU6r4iIQiCIAiCIAiCIAiCrFH0sLWJXbMO0IvQN5W+DU2fukZ6nOjgtVHmCKSfiNogKwlVniRU+mNEYRQGKteKI8LrSRNUWXMOIdrERGgXwtALIyE0kM4f1U3XXh3SoEWcF8XiDdMZY4Uisri4jsjVE7FY6WJfddXhwYfPmYzLWEbKaKBtkbD3UEuLW2Yk8ph+jHvFZC4bIKiINDTaCsVxxBfOYISFR0gRPr+D/VEgbGIIacv4WaJqU1476Xujyv6k9s6RnxgmZZTohFKVWMp1uCMCPXBpHqnaQ3FdUcbzAvjskrW1Qts836OWb468e0SlUDlMjJpZ2PYkvu+FITRfCU6Cjo6oEgSZbAbqcSSU9vCsDd1v/4WTHySVsu1xEo+OpTghaQ+SlMeJskIhDTxOUvYpXXicWCIX1mkZo1Nxc/kNDz6E9CiJnZFlHkVWFfZqXLXKMARBEGRNoa7uZOyQyh6bZ1ax4qSjo+N3v/udMksYO3bsBRdcYGsLOmH//fdX515//fXwZsZErM8888xp06bVlld2FEuWLGnkoVLLtttu++tf/5rIXD8QF4c3S7CxdOnSK6+80pS56667Um/zIMB8//33Qwj80EMPTVU4dOhQ0ptks1mlbzBMnToV3vZBRNzWZ0BHlE6i+QwyJBadqBw3P/vZz2zlTZd8//vfrzvszzzzDDzuuOOORMpZFi5c+Pbbbz///PNf+cpX7GJvvPEGPNpOEupdMbzdJT2NEZ2YPDudAy2ZO3cuaWIwc7ncNpITTzxxypQpsJZgNf7rX/+C3m255ZZkpTnttNMOPvhguJVg4a211lqdFz7rrLM+++wz2GhpaYG/cTbYYIOTTz7Z1NPe3r548WJYrrCiiDTveeCBBwYNGtSMnEXxt7/9De6L8ePHd5n/6JhjjnnqqaduvPHGPfbYIyVhgSUBPYK7G9YwWR0oZ6OJEyfCLfPVr34VFj/0q67opLcZPHgwtMH2K+oEKAlzl0pHhSAIgiAIgiAIgiAIssrpTFjSe4FRGicjkToGj8oIOI/tQohKSaPDz3EqHWWsESs51sToKZcf4ttJarQIhScFSGKyoGxCjFSktkMpzYeGCeWJElHwWPgRnxBbnFgtkvoIIaRgQirCqLY5MVFvZXthTpApj6q/UqVC5Nrmg1LHdWnkJFdxVs9ceLKRPJPxoD3w0SQsIYiaCMuPUEpKlHMOV1lUmOmKeJTdVXltYGgqlQCOwynw0bDrefmWFqnhcEqlUrlcilzxyWk7KeRzPJvNwIfdXGUoElUyGk+wInXDpPYonYeaS/hAVqXFkTs5NNuV8hN4kKl2ZMGIlUuV0A2hNdLLhOUgVOT70DbP9aWfh3AVETPhuHAdz/NpnvpiBKTFibRAoeUyDWgQBlArr1TUyIhUO73wVVG/b79B+3x73j13EMvRRN6wieKE8VrFSRceJ3IsqhxNqOVfUlVnPR8UMxdmT10fFNOqcd85JNujX+olq1xl0iXVjbHv3nQjUaOCIAjyhaFWd7L3lhlzdNUoTqZOnfrLX/5SBb8POuign/zkJyrI3SRHHHEEhMNvu+22K6+8EoKy3/qWyIUHb9hUIhgblQEH3m7BP3m1R0P5TkmYw1VfXdmBAGPGjIFzL7zwwl122eXWW2+1y9SmqlEJaCBe3mXg3+b444+vfd+o2qaMQGxsMz8biNlfffXV9p5dd911yZIlF1xwgUk+olCKim6JTj799FN4HDJkCDzOmzdPPW2S9vb22p2zZ89+9913R48eDcOr9vzoRz+CNfDHP/7RFp18+OGH0CBVsFEAABAASURBVAVovz2eSoXQpaBhBYDpGzBgwOLFi//73/9CjD+TyXRe/plnnlHZjtZZZx21Bzr19NNPw8aee+45bNiwumdNmDDhTAlsz5gxo0dEJ+utt96kSZMefvjh6667TomlOmHnnXeGvyag/PLly2tdcx599NHf/va3sCa/973vke4DNf/tb38jMstVl4XHjRu3zz77/PWvf73mmmvOOeec1NHjjjsO7otasx+D+SYE6WngLlOiEyWKgr+VYLjuvvvut99+e/z48c3XA9Nx7733NlNym222ueiii+oeqrX/IbLvH3zwgbl9EARBEARBEARBEARB1igaqQWMziCOqisphdwD4WAr5cqKX1pdhhM/48OnviKsLJ9TFdMnKv7JLXlEE+1e7UjNhrRvoWrw5N5EPaLKGPsHS5JS52Nn67SIaP0EjYTzRiiMOZJYNlfJfKpyEMVbwtAjkqIT8eM4rq+MP8SYR8kwJk2FH4enJ1en0pEhCoc6rqPsKLT2Je4AX4Xz4qkvO4oUQqIBnuMwsS2y/8AYUak90UWV8oFKkQiRc+TIc3hMJahwKV1okaoOR6pOoGPlUgk+VlZlmCSXy+oEPYw5jk7WQ00iKHW5+mYnVV4X0uPEUTUT8cVNR1UiggoucRh3fa8SRnDZSLSLl8uivZUwyOVy+VzeyYo8SVI1oUyXtYbD9zPcY8wXTicwPuIDeiGDEtYjkZQdwR5aFg2A7d74tujwAw5a9Mg/gmVLTJcZb+hxEg9RlccJsTQoSQ3V3iS1e+r7oBhHmrqqlHp7coOHbvb9Y0gvs0YJUBAEQZD/HVK6E8Mqy6oDb2MWLlw4aNCgX/7ylylziyY56aSTFi9e/Oabb26//fZqzxVXXJEqA0HiI488Et7n3HnnnUYZYHPqqac+/fTTp59+eiMPgx/+8Idf/epXN954Y9ILfOlLX6qb5gbeqqmEPrvsskvdEzfbbLO6+//zn//cd999u+22mz2kt95664MPPgjB+/79+5NYdGJcPbpk7ty5S5YsGTZs2IABA8xOCIR3GfC+4YYbGuUWqe0dNHiLLbZ4/fXXX3nlFZOvpNbmBFCWD92SKDXPhAkTHn74YVhXDzzwwIEHHth5YVhUasMsnvb29muvvZbI5f3d73630Ymbb7652pgzZw7pIY499tjHHnts+vTpXcpljGfJs88+W3sUpgAeR48ebe8slUovvfSSvUflnak9/YUXXpg/fz6srk6Sztgcd9xxjz76KKzP73znOxtuuKF9SLhOdgpcCB7//ve/G38j+GNtwYIFZ511lnrapGNNLTCScG6/fv3MfbTXXnvdfffdMLm211GXFItFuHeU8WSjMpHIlhvU1WbBTvhLobW1FbY/+ugjeK1ba6211L3/s5/97Pnnn7/kkkuULMYGWv7kk0/C6x5BEARBEARBEARBEARZbaiPl5MYqPGCiL+bT7UOpIdR/hgRRNsZd1R+HaViUK2ixJht9MbVew1bhOA4cZoXfVB7jJDqDtXRnKSj0srrQcXGhX4kDOO8MVq4Q6sdCYweRfvCiHwujEv5AjXeJtwurk+qalLd/jk6PYhxqrEFQCsvRWoeT4k2pDhEXJoxsWIcxkJY0zzkQpQTSaMXSlXL5JqCMRBdiHU1TA6i0J1UAqVScFpa1PdilVFKsVCAzwQZ40EQKo1IRoqkiOvCyera0sGEGpUWqdad6LnkxtVGK0Vk410jfJGTJe9GeHCEewnsCqMIapX2J2GxxIIwDCratUR87C5kL1rIIdebK6VbMgeSsKtxwiikrtKkcBo6SjgTifUjvi3aG6ITN5cb+t0jPrn2d7EOpjOPE0U9j5NEcWJ7kFR5kzRSn1g+KKTWVaVBPUZ9stXPTveyOdLjrLLbAkEQBEE65Z1P2cUPF365d4u986qniqtAcQJsuummF1100RZbbGFLGboF/Ct/7rnnQlxWaSlqgTc5559/Przb+dGPflRXcQJB96effnr48OGdpN2BN1G9pDgBDjvssLr7Icb/xBNPwLvQCy64gHSHhx56aPLkySnzjEwmM3v2bNivLtdd0cmMGTPgcaONNkrVWVcuY9Po7SW8FYLGwMZuu+1m7z/88MNff/31m266yegVHn74YXjcaqut7GJKdNLl1VeMY4899vHHH4eV86c//QlWRSfSlldeeeW1114j0gxjk002UTvXW289tQFLqxPRCUyH2mgyn1QzjBo16te//vXEiRO7NGjpHCU6SRnhfPbZZ8cff7y9B3p9+eWX155+//33w2PzeawGDRp05JFHXnvttVdddVXKqqdLVKKoGRKzs1gsPvbYY6SbvPTSSwsWLNh9992JfN247rrrYOPQQw81whdY/zC5zz333KuvvppakF1y2mmn7b///o2OTps27Zhj6svc4V649dZbTz/99O985zsvvvgivGBCC5Xo5Oijj4Y2wyGYBTuvFtxcp5566qxZs/r27bvffvsRBEEQBEEQBEEQBEGQNQNK0xuJcUbPfz9fmWTEQgh9GV5zZaNvMJ4FvdCWHkJqDLSuQ2Q/iYl72j2UVEFm1GFCNiGsL0T+FPilRBGqkF0xrX4UpZg0zJBJeUx5qvUKtNZkpSolUKreWHcSVxO7tcS+EmRV4Rmdh/p023G4Q3xh4OFEoRBaMKnQEaITFo8UNNS1FrhUnFDGdQ4i+LSxUCxBgUw26/t+S6uIxziUQgwgDAOVmAbGMQgzvucL6YlLXZkdhzGl+XA6aS5PFD2OWiKOzI+jss8IUYgj7Eik3kpMNzTdd13pYmNO5GEQhGFULgflciXfksu3tvoivZCnbhs4y4lnzvFk45hLYz8Vxwmk2YnybBGdhaekFxj2rT0WPvqP0nvv6MVWz+OEaLEUqdam2B4n1vJu5E1S92isRCFVGXySK6bqMQsWNodt++XRO+9CegGRB4vaL2wIgiAIstp47T1283Olo3fQ8fvbppSfnt4rbwnqsvPOO5OVw/O8RooT4K677nrnnXdg45577nn//fe32Wabrbfe2uTEmTJlyjnnnANvHc8888zeSDXYJffee28jJarSBMPbM2h5JzVAKNp+CuWffPJJ6FFqYCdNmnTFFVc88MADKyY6URYXRlex8kD4HNqw/vrrK6uMmTNnPidRviZwdPr06ZtuuinMHWxD1F9JAQwq81EvOZ2MGjVq3333hamZN2/eMcccc/HFF48YMaK2GCweCO2r7WOPPdbsb2trGz9+/Ntvv/3aa69Bj3bYYYfac+HN94MPPqi2oZukOexBWLRoUd0yKRHPCrBgwQKl5ICFZOeR6dOnz1577WWXHDt2bO3pL7/88r/+9S+4m/bcc0/SNAcffPCtt94KQ/rf//43ZXbSOWol33DDDSb70j777DNkyBCTkeeRRx753e9+12U9Dz/88Pnnnw93jRrkv/zlL1AzdPmggw6yi8HtA8Wuuuqqm2++mawSnnjiCXiJgBeu2kObbbbZpZdeetJJJ51xxhl/+tOf1l133XK5DH9XZjKZc8899/vf//4ll1wCq6sHVU0IgiAIgiAIgiAIgiC9gfFx6Nnv7DeqrSoYzLXmRUeouUMST5Q1CyOEYJbeREe/LSVHl8HnqmA4kZoR4eRBeRSFQRCFkVKQxAmI9ACltTgqsk6l+CIUZ3lSckBdKqUMqQFU6pOuvuZKqeO6jucKEQy15oknI7BqXB08+5uUyjkkpCEsDpc5DlX6DxoJrYhy1YmlDOYcrjIGJWs61p0UmUzMk8n4LS0tvud1FAqFDuF3It1QRBmIdlQCP+PDQVe0w9WzrnQnXSVP0RohI1KxLTogcgD7RUIk+fG0FKZwplJMKX0KiypCdRSWgwr0FloIn797jquSHKVcc6AqFVCBjUqlAi0PhGwlZHJF0U5VMivDOj/52YyTjiWdKk6sPWJAbB8Uol1PqkvSqjJaNVJThltSF2Ylf6qjWamux2tpnfCL80jvIF/EtKTG5Fcy2wiCIAiyinnw5RDi+EfvkLttSvneKQH5AvHd73532223femll1588UUIoj/00EOwc8SIEVtvvfXgwYMhzg3vr5Q5BFkdQMxYiUsaAW8P/u///q+TAgcccID9/uGVV15ZvHjxdtttlxLi9OvXb6eddoIA9rRp0wYMGDB79ux8Pg8jQJoAWvj444/Dxte+9jXSE0CnlI3E2muvDYP/3HPPLViwQB0aOXIkxMifeeaZm2666bLLLrv99tuJlBFA+N+uQSUiaWtrI73DMccc88ILL3zyySczZsw47LDDjjvuuI033ni99dbL5XLwd8Dbb7/96quv3njjjWru4KgtzgDOO++8ww8/HN5mn3zyyccee+y+++5rhhre27/zzjuXXHKJchOBmaprwFMXW2jSS2JxAAZfbcDdMWnSJGPcMnDgwFNOOaXzc8vlsjLmOeqoo5pcXYrW1lYYpdtuu+2WW25pZO0DI7906VJ1FbUHFhLMEaztLbfc0twFsAF/jA0dOlQ97du3b5dX//Of/3zzzTfD31BKqgWTftVVV8HG97///dQa23PPPR988EG4ieCO+MY3vkF6mTfffPPTTz8dO3bsuuuuW7fAhAkTTjrpJLhToAuw6qBhp512Gqy9H/zgB8cff/zvfve7M88884477ugleRaCIAiCIAiCIAiCIMjKoNwHqDY6oYkJQY8Sf2gk7QC07AHi4pxoWcGaqC+pi8yqE38GZglHSHewvB5kqJobIYiwOYlFJ9wkbSEmqQhJLhULUaSLB+NwCpzohWE8qtzkUWK8OtlOg0bTuIOu57LIU9YpSZ6dVY4WnSgbD9dSe8BTz5Upmxy3FJWV3QlRqVSIpZPRQiZXOIGofEhErDr4vDhWVzH4dD6f6wsf28G1li5ZFkogViGkG0w4hfi+l8n4PlxQZLHhKmmOaUmVpIA7nET2x6PE0p2Q6llXOiHTTGWjIj9rllti5KOgVC55wuOEiWYI5xVPDgiVUhonNjjRihj5aSw0O94fiav0mjiodezYwXvvP//B+wipyrBTpf8g9TUopGZPnUeSVGrvsRUnqi7WVT1m+0snn9oyeAjpHcTt6tBEPmcJX1B3giAIgqwWHnw5fPbt9oXLyRcM+Id1Q4kSAbzxxhtPPPHE/fffr3K7EJnaY8mSJQsXLoQNssqBUDdj9SXe0NpjjjkG3rDddNNNndSQeuegCn/zm9+sLbnXXntB3x944AGVlWaPPfZo8l3Hc889B0O08cYbjxkzhvQEDz300PTp02HjqaeeIrILUPlOknHjxsG7awjtv/zyyxBxf+SRR+DN6qGHHpqq4cMPP4THThxuVpLBgwfffvvtv/3tbx999NGlS5cq3Q+0E/YvWLDAvEeFtv3whz+sTYwCvTj11FMvvvhieLt+nQSaCqO3bNmyjz76CGZWFdtyyy0vu+wyp2nZ95QpU8yUffvb31aD0LNAC6+99lrY+PnPf3755ZefccYZ0MLmxT3HOKGHAAAQAElEQVR//OMfP/7441GjRh199NGkmxxyyCF33XXX448/fvzxxxvbEptLJPaeF198sVwub7/99iv2/hlmp1gsEnkbDh8+/NJLLx0/fnx7ezv0HRbhtttuW5sdCS501llnwYK88MILN91007oWOD3IrbfeSrpyr4HGQDPg3oHtOXPmFAqFxYsXE5mp6vnnn586deoNN9xw4oknEgRBEARBEARBEARBEAXv5NkqivLb0fNeu4YKzcMnb9qZIgnFSgEKqdG3aN0AWbOgcchbyQNolTOLsj8xbWZxZ5tD5V7hKmcPhY+po1DoHfS41ExOvJun2sbgU7agwsIsZxEXSVdMLhzZOJruT82w64wlUlTjOq4n7Dh4wLU/is7Ik8gLeh9PiXGokiyphDWOI/Q1EbQm8jxP6U7go0n4qDcSMh2ZzUbG/tXaZlqhQRwl7hEVch6RiAdl5VwCx3PM8Z22vn3g6fLl7RUYRBY5MJ6BHBE54TASHvdcR+izpPpES2GE1AMWdzxTMHAyVZK9fG1tCteyIaELUvlxoB8yUZDwzWHm3pDWN9BWVmxfHgXlIJvLZjNRLqelJ55IPBTFYwOLEZrkuh4chHHwvIzvZuBz1UqpHEUh6TXG/OC45a+/Vpz9LqmnOGGWx0ksFNHHU3s68TihNXsI6YbHCbPOGrr1duP2ajYP/QrgkNiGiKuVIK6rYk5c7qqSH8kXRsrq3Ei89u5CzQqCIAiyonzxFCcGeN87c+bM11577YUXXnj55ZelUNj/+te/Pnfu3GnTpkGwGSLrEGOeNGnS1772tSZD7FAJhHhr9y9fLsYRgvcq8UeKfv362aYdG220UYPqdQYZeAPTfFKbKVOmQIwZwuepZDSKCRMmHHvssfD4ox/9CN5pqDw7XQJvNpSQpbbOyZMnDxw4sPPTlbgkxRZbbNG/f3+I2W+22WbwCB20xxzeu5533nljxow57bTT4D0qTIpJh2S499574bGnRDB1gSZdcMEF22+//bXXXjt//nwih0JtEDkv22yzzUknnZTyODHsv//+W2+99RVXXPHss8/C0yVLlsBKM0eh5VBgn332UQKgFQBmWWQRtYwea4HRM6uoURmjgFFcc8010FSYF2gerPCLL774iCOOaHKpvPvuu7fccgtsnHnmmZlMpraA8qdpxLBhw77xjW88/PDDt9122xlnnFFbAAbNVob17dv36quvho2tttqqk2p5479FH3/8cegsbMBUXnTRRbAm4eY94YQT4M6F7V//+td1x23s2LEwIH/6059+/vOf33jjjbBcSRM89NBDb775ZqOjdZMlQfknnngin88fcMAB9v5KpZIqaSyI4PYncdojpY856KCDlGPNuHHjCIIgCIIgCIIgCIIgXzB4nEMjieTX/RSI1mzoJ5zw3hBZqBQwDo0D5LxKeiCFCCojhBIb8GR/fAZZAYyQhIqAvvotLRfgmS/8F4iQBYjMLa7D5JDFpiEirYnMUQPlQ3kgzqGS7pfuBl/ReGzdrlXXpCQKsBHJEDnlKtYtRsqBHomQt8heomY81oGIUo5K6WK3jCo9CRzWUWYmZ53pBCNSOCB1Bo7KswIjJIQrTEt0dJoOFamnRC8ZSmJzGu2EIp/DhIfw41FPtB+qhxGkjHI12dYUyzB4qsMyDC4TvRDXcTwqU9mINssLC2MOGhtQxCO2gouENGXB4VV/LCi0MyKKL9L/wFM3NpPQ3aBOKFxeiB5jNeiyQ0p4QmO5g5QjCL+TUHeCEj+XdX2vrVV8ON7e0QGf1QoBSBiVSDkQ+Wr8bCYrzhMyl0h4p7guNW4W1O4Vl8YySkREjRuK6UicnQc2PCLVKa7L1I0ahpHa0Der7BZjUalYhA8iS0U/n69kc9kon9e6Eym4kRKhxFUFGgYRlzAjRCdlzy/Jr/r1HuN+fu70Hx/LymXzalHtcaIHnJPGHidyONJ7UsoVns6qU8fjhCgTpfr15AYMmnjB/5HehCv3Gq5fz5TcxLxO2bC4D5Ss0KsXgiAIgsT0bSHLCqSX6NdK1hzgjc2nn34KkeOPPvpo1qxZ77zzDjyq6Duw4YYb7rLLLvvtt58STECxyZMnQ0j4RcmFF144ceLEb37zmzvuuGPnOSkWL1687777Njp6t6R2/09+8hOI4sPGyy+/fOedd5LGqLcH0Jcuc5occsgh2267LWyoGPz3vvc9lU5x6dKlKsyv4uLwxu8HP/jBzTffDEOx6667jho1ijSBCpZDsH/vvfdOHVIKgxVg7bXXhmh6JwUmTJgAIf8ZM2astdZaSn+wYMGCN954AwLwHR0djz766Kuvvgo7VTKUbpHJZFRgvkn2lixZsmSmZN68ebBshg0btv3223cpuBkzZswVV1wBi/CDDz6Ax7lz5/bv33/EiBHQ/eaFRIrDDjsM/saw/9i55ppraos99dRTixYt8iUw6bCeYa6hncOHD0+VhDn98MMPoZiS76gCMOD33SeMCY877jh4PPDAA2ERXn755SoX0ieffAJLt49EiYRKkkmTJsFyInKtrrvuuuussw5Mn7kQTBYMmrqV/vGPf5BOhVbQTRjkLbbYou7RI488cq+99jJP3377bbiJoCW1KxOAdfLss8+2tLSozFB1xT0qZ82hhx560kknCRvLpUtPOOEEqBaW2SWXXNJJeqBjjjnmsccemz59OswC3NGkCd6QkO5www03qOYZRx+lJpkyZcr111+f0sbBTL3++uv/+te/iKXCGT169NFHH33//fd3LvdBEARBEARBEARBEOR/kDjnDFmV4UdelRTGmGHoX5z0uARGSS6c+IrJ5UyvTeheyV9o7BpgEsSsCVApkDGuIUqbQ1YCHamXlRIeyTodKXaRR7gKpFen6eCNR0NOJosiaefBSJwESGlhmugdrTZskY4ujsMIM21VZidkVVFHdKJaIH87LneFVYkQWginj3JQgU9KZeqcROZDUwtObquhVDl0pOKD5wnN5LLZXI66YtSKpVIQhpVAwnjoBkyopIQUJwh5xBh86u85jtFnWbV3MUBOkiRIqIGI8jiRkFjqZfLmxEoGEknfGyhTLpfDKMpK4JNn1xPdd1zHjI6cMtEw8bk0jIrTu7dOfq1R484+f+YvzkwpReS48ypfI61r02oj1sCbxHY0qfVBIZ2W6aSeHf/f77L9+pFeRk8ilXexvSqqb9lVdwMhCIIgX3TGDHXemM16/g8JWeG6Q7tj3NfLHHzwwbNnz7b3QPB1s80223zzzSdOnDhs2DD70KhRoyDEfuyxx77yyiuTJ09+4okn/inp27fv3Xff3UngGYL6EF8n3QSqVRtz585VEeIu6bKY8TmAXtxyyy0Qg//ggw8gfA5B9DAMIcZvp6FRRiwQvyfNoa4OQwTx+9Shww47rMucRM8///zLL79MugkE/h988EF4Bwuxf2UME0XR6aefbgqovDYwoWSVAAO4nYR0n7UlZOVQKpAuefHFF5VqxGa33XarzeDz/vvvn3feeXYZeITFD29KDzjggO23317th1sJev3QQw+9/vrrs2bNeuutt2ovqkRURMq5br31VqPuUsApt99+u3kKf4ftsccepAFQw1/+8pfa/XDXDB8+PJ/P2zvfeecdIpPImHvKBhbPBRdcUChond3Xv/71upf7wx/+sPXWW6un8JfcokWLWltbr7rqqs6XVi6XO+OMM0466aT111+fNMeBBx64ww47NDr63nvvXXnllamdZ5999tVXX23bzGy55ZbrrrsuzN3111/fqKrdd99daVMURx111EEHHdSv9/+0QRAEQRAEQRAEQRAEaR4VCzYYfQOxnE56KPkOj3+qoFUFYgcOmqR+oWtYiFZaVDgyW1BKbNC9agiJU71raYEjfETg/4hHQRjFuXVsywZzrdSsEZKIllgENUQsjGDDcaUiQvrdSPOYrgYyduUwXYOeRlV+LWQV46mPU7VPD2dV+ihlv0Ko0FZIXxY3EMWh21EoNBwy+4wwenGZXsuxrIkqVYd6BuXKlTIRiXM48bO+77e0tkKNpUoFylUqlSgKpCdKSYk6PN8TEghCuQuBCSH4gAGn0pck1sRI/5u4nfaAqhss1pQIWZCwSZIaEXXI9qKBiIIQMXDt2AKHokhMLGknQUXoYTIS3/eYK5viulwnUnJcz4fyWanGIb3MgK23Gf2TU2Zf+f9sjxPpNkOrXE/sPdUeJ+ZwJ3tIvT288R5u7dn2rPMGN/7+ZU8hl6dsi8zqxB2tbSIOTb1MJE9RfoIgCIKsHJM2zbwxu9RL0vU9t8iQXgDe+ShDjtqoeSdAmPaxxx4bM2YMBGjhcYMNNugy5qqypQCnn376k08+OXny5J122qmu4qSlpWXYsGF9+vTp379/bYC/eSZNmvTVr36V9ARGDrKjhEiRDbzfg/A5PIWQs134xz/+8ciRI+u6TUC/lEWKza9//WuoLWUmAeM5YMCA/fbbr0vZTRRFs2bN6m4SmfHjx//mN7+Bd0cwd6Ztp5122rJly6BC2N5qq61WQPHzhWePPfawFRgw7LAAzBjawFJXagZYyTvvvPN6660H2yeccAKcnlowY8eOhTWjtkul0qJFi+AR/upRf30Am266qSkMqy7lwAFNMpYwsAHtsSVQTXKEJLVzr732gtu2Vk1yySWXZLNZaMm55567YMEC6OCECRMaqceM4gSAMpdddhkssGZ8aHbYYYerr77a9nRRwOtVe3u7/X5+6NChsJ7hQp2IToYMGQJlUuIk2Hn++efbe+Bl8J577pk+ffp7771XWwlMN9yqqXxP6m9AgiAIgiAIgiAIgiAIsmZD00lhegQlsLDzkPDmm7Ha0HmCkh0ik4twqBAJTUxSJO2pITUNsQqltvFxBhhq7FGSnEIyOC4tEhiLgkqlVIoqFVvxk4hNrEpqmwt1SLGFUJyICDjlROYvSumKSCed1d3kxurGJPOJC6zSMDmd9asfEpWyhMeSpXjsYisQmRZIOmHIvguFCHxkWq6Ug0Blq+HS+oWrZEP1O+BQ1/OzWT+fy8MHmlCbsDmRwo6OQkGYiwQBTC580AlHM5msTGHjwX9C8uF7VKY+UjOsbHBMjhWjJjEb5pqy+SxeRbrxQjTERM4d2IbLwyOXihnlQiPVKUIc4zquLzLs+PCoPoFVltuOK6QnNMmPJVZEeOBpgwb1+jfhPrz7ro9vvp7p7EK6g4QYvxOWJDaqyX3DYuMZox2pLaOdSxqUYTVlmLSIgceJF102euevkV5m4cKl2X9eyo0qynG4lqcp+yBLOkNE8ix9Y7M6VdVRh6WMUqpWUbxB0jurJISk3inm6Fd/Co8jRzT82jeCIAgCLG8XX6/v09ZC1jB+8UBBmJ30NFuv55y71xrXWQRBEARBEARBEARBEARBkC8en85ZAI/fvfox/Tyx6LDj/DVbNL1LRUtJvXNIfYcJs4s3OktVC5Fch5qsFDoxjBE0qKi3DGarHxGmFMFvgoX/PgAAEABJREFUQZiKforYd5xopfZCSVhTSwGU2oHySMT6ecSWzp9fWLaIVUqEROJajudAhNwXj1RkCPFczxOxWmYsKaRjhC14INYVOhucruna9sOYh8TeBeoEaHW2pa2lXx/P91RsXfpWEOkvoe0tKPWqW0YpdZJa9e9IyQKEriAWoQjFSaFYXNpeWLqcBQFhTBqUcKuzWspAKLFSd9C4mZy6jpfNtvbtm2trgSF1RLZ3FfV2jfKhTl/tnTwhrFTCIAgrgXYNkQIIrY+J29zESK44HjO1G/FN9ZokcSImlUpHuZ54sJLgTmQlod8QLZTNj8vyaoMasYNxFgbCg0QKI8T3QWEOZd70ZDDghghhqsqVKMz4mZD5XLl5EAprOKlNe6pQ3oRNEI1zzajZhNVORaKcSM6SWFVwlwSwDkg8APIuVkYplTLMDcyOUMZks9kwhG1xL0HbpPGLwu3Fyalm9IEHO5nM7OuuqlGcmKw6nJAq6x57D7Pz46ijcZnE9SQuU+WDUl0Pt+qBSd/5yutGxl7ivQ43nkRG8hOrjhxqv2jJfFdisREEQRAEWWl+ulv+0oeLb37Uk7qTTdZ2frxrniAIgiAIgiAIgiAIgiAIgiBIpyiliK1dqNI3OA5hibxAntBkxd2wxFAxetp0eX0BdcKqCajb4WKhLIFIviPtwCkhvF6iDJo+v6ngstQ+KLuLMGBS8aM8x1PzUudMpSZRggomFBbS7ERIFzhztXCH1z+rqqHqQrFwSmWhoeqHcy04WbV4xnc9cWWQaXCUw4zqAFMqJ4jsuyqdjRAwqa6VymUaMehBFIlh0UlfaGpKxA5Y6WEUFktCBMRyOU/qToj0NHbkMJRLRTgEe8qlShixjMxgRLSvie+KNDtGWUSMUkirHxhLGcjbkhSlaTFWKK7rQnmhXHI95VsSBAFjXDtmqOmRHRVKmBCWS5GoWc8wGrnQSM/zhB2LViatOmXDqH2/7ebys664uNrjpL4ipDP/Ekrt0SONzuq0HmjJTpf/ftiWW5JVhVp8Up/ElJcJZxGBeYeVwbTzjSlJtUNPN9IKIAiCIEhdBrTQC/ZveXJG8MK7wTtz2NIOssL0byXrj3AmrOd/fSOfIAiCIAiCIAiCIAiCIAiCIEhjaJUJh36qIt1qn6McRyBgagV2VUaZTirtXAYiEmhEIWOhDCnrFjhUZ6DQ4WmVXERKO4h01lCaiUYXXAVIJUDVU9E2KiUiIoMNVU4nRLRW9EQ6aQixjlDt6Kw61vnJpkOUzUysuRGiCJFfJwrKJarkLFKFklzaoSYKT6l2VdG1OrqAqA/aBdVUQtfzdZ6cONML6RSj6zBaCCoFNgw6GDGeKGzoKpOfeJ1eh9sbcRYbLUbxfC+XE3lwgiCURCSEToRaaUVSwX6qei8SmUvNgC9TZSvLEN/3W1rysE7LpXIlDGFQWMTKrKJlOzDbYSQS7niuL8uLBhkpktHKNDY+MTt1Nha5wWLBl1QN0aASMJ1HSMsV4iaLPZVyRS464dESCE8WcQ/54pmfErv0NiMmfcvr12/GeWdZHifJI2+0J+Vxwnnzj7xGiSL63tZ3l2tuGLj++mQVI410iNSUaB2Ymkd5uzoy545Jt0QQBEEQpOf4+kaoFEEQBEEQBEEQBEEQBEEQBEFWJ9RkL9Fpd4j0SdCRY9IDcGliwK0kFDXHOzmZk9UVpOWWnEamIXLibETCycBIUri2REmMY4zao2HNPD5XiVSUXoVH8WV5WtvB9bSkmkfMdVQjGGcRk9ITTlzSyGqlUdTbMlZRzhoOjVllWhODZzdLbRgPkaSUlbXK8gtxMhmRH8f3o0qlEgShcAwhjAVRakHTeEmq8Q7CMGJST0S19Ml13Ww2qwaDFEsBk0PLSRAErtSJMM9zWcS5iPR4SsPFdZu5ldPIFvXQagWXKmCX1PYnhDKRcUf8VGQCIMKU8kTkp1IFRBkWhYEeFceV7ho0vpy/quNPQ778Ff+y37/1q3MqixdWOZ2o0dDONPU9Tmi1x0lDH5ROPU76rDN25yuuahs+gqxakvmNH6X1kLgVRdow9dRRryKoOEEQBEEQBEEQBEEQBEEQBEEQBEEQ5IuMDn9zlSKjObpWJBi5CW94vF4wdvUGaOUwWCmIINgvUp7Q2GiEKtcMbotpILRMG2bVUU4IwuZE2SIYhwelFhFpW0LjmJA6UcuBYhWOTk0UaxtUTF9VI5wyVA2UxJKKxmYnllrGkkYoeYM2wyGxMmlVKk8S0YkR19T2QY6Dso4QeiASe2y4nuMyAjtcJ+P5LnWlhIMSmSWHag8ZTmPNEJcpT2TOmiiqiHppxFk2m/UoVORns67reBk/014sBMI+RfiJlMoVGOp8NuM4jtzjZ4n0R1HKE9mqxEFItTYxutBCk9puc+XHIvshrFYyvuu5XsWrhIFovDQDIpY+yJFXCQPh4+L6nmh5FAW+aGQux1b9t577b7LJ1n+4afr5v1g2/XVS7V/CUvlxqj1OWI2ahDT2QdGCuOp6xuy534SzzyWrA+NKFL968kQLxrg0RIJbU6jCqFQFiZKxDQ1HFQqCIAiCIAiCIAiCIAiCIAiCIAiCIF84tLlDVxYXTRhgcNtJRWVBSa5SVZCkc/hw7TVCiLXBV4UShddKAqhMgVI/4w/V5gadps7gSXSZqqA540odIvKjREK4EAifkojVFXdYHY/dSGLvk5TuREHqOoOoE1ONhGIOVSIYe0J5dRHSvAipJ/AaHaj1DrGPcjPMlHie5wJSqCGGlVI3ciKxocQb1DKo0E4jQsARhrAnYsxxXOo7rrS4yWZzvuc7nl8WiXbKlYqQgEDJEmdwhdAVuaO40qk4bsrOxHZqMWKROgKalI2HXFOOBC7hhR60rVQuB9A8JidMlxT9hbYovRE01429UmBPP7IayPYfsPXlV3327L9nXX9tec7Htf4ltfqSOh4nVpm6Pij2cA3cePOtT//5oA03JKuL2IlIT678z4nbLG9L2UtH3J/q5cKsvVV6VyEIgiAIgiAIgiAIgiAIgiAIgiAIgvQ0Rk9gx8GbUJM0Xz83DhRUe2+kSqxmR5NO4JwblwXhdCLyY6SNSGiSXMepPT3WSKTqjKUhWnTCuZA7RCI4TUy0vSafjhG16GA2JzUl0rodzokx9GicWEcXTp24WvFSSX0abSvMKFMV9DcPctJy0DXGnAoNw4g6YQQDLVQlXA630m84PDarEH4nLCIRLZfKlFPucdd1uUw1lBW+JlRoWZxSsVQSDiPSWSYShDKpEc1ns66j1gGVkit7TSTZV0hjzBzTWKMAXYCLMs6zUhYjUwDpknBxZUcD7RfZg7jIvEOEgimEppHVx7CJO8LPB3/76+xbbq4sXkTi15iUsIbYWpO4DKkpw2rKqD19xqy3+Qk/HrXDjmT1InLnxI1zuBO/zlHjNCShXKcto3K7ZhETBEEQBEEQBEEQBEGQ/8/eeQBIVpVp+5xz762q7gk9gTDkISNJkiCoqAQDomJOIGL2Fwy7rosuKioCKroGXFGWFUVXRCQIimRUcpAgIDlnBiZ1d1XddP4vnHPqVuienmGG4H7vNDXVt2446dYU/T39viKRSCQSiUQikUj0wpUdkOqyPOSBq7n2oAsMWJRYN1almuCEk3uEPFeq2oU4ewqjq8xAMDKgHSbpge7E71iGcCxl4Fjnf2LJoqQkbCGcWldbMtgdo7qDgzTI4sI664XlkKuF981PNWTn2QRRKvE6wdyCOBxftOfAH9NxjLC+vb2yUWTqjVoUmyzNs8wUUZHD31nRmV2NI2+Y2SHTmqLI0qIo87xeq9frDZ0kPPNJbCJTM4gMFO12WXCcEc5dSa+34USNej1JEsULwlJGE/peRGxwwa30IFDwRPH+LLib9fgQsi7OD4d2jJKoruqtdqssCiJO/Nok3MbmWsW0sqB9ZW6LXD3X2uBNb1n3tfs8cPbvHzr9d81HHyrZjYe9TMpyGR4nlX10XzrPyEabbn7gQRvu/Vr1PBC8MeD6pLtPh2igwJ2UlKrjbx5vZGTZAooNUazDw0ql3P1WIr5SuYatPLotwaenb6O1E96s1nadUCQSiUQikUgkEolEIpFIJBKJRCKRSCQSibzKckJrA6rTWl8FDXEfWpWcLaL8looFx8SIgasLd1JDvL2ELYObg3WsCahA74iyYKcTTnFRnXq/CzfharKpGENUnQ7UKi2WenjE/93JQ6EXS4w4iU1cSyw6ZhQltVQxFYA91T5dx0Lx2dXNye5AK1drZpDBUyaRcpVld+kiz22pyamCOQp4uXcqpwLlwBmLoiiLAsbb4SzQToeN9BmnVEZSe1pI+0EwBhpiCjqusiK4Tt6/MoJLiFpZhg1xnudVsxPNrdOd79yzvhikHpFRCDqFYE6NiaMoI2MS2ABX4Oc4aJTDUzqrCkIHSltmWRYYiCRJYHYxaweHtM6UUbvdVs59xMJJ0jSFoefhgivZ0lhTGh/do10ntA05LL47dG8Y6m9Jj1XKRwdcgTtSt/W8yCkJqFCdG5XIpYI8WeC61uS2UM8DRfX6hm97B3z9/TvffvgPZ/Rk68BfjdXX3OLjBz91041L7rht9KEHilazvsa8GfM3mrv99nf9+lfNxx9VgThR7p1so7e88yX/9u/qeSTL7BAjRI6V8bOovReSrkRs5VmmOD4pjjjMjKg8fwdW1odWDmHRtudN0L9Ndb0l9sU2VV/texMV8kQkEolEIpFIJBKJRCKRSCQSiUQikUgkeqEr2EiEDXYlGUp4DwUXWNGXC1MhTdRUXSx6Mk+q3hjWpeTY7hfYPMJyBEh32Eg4Z+dkz7m4QEyOI847hCvjnHASRciLqODIoCtBN26YraMj3Mm0299WU3XI98V/q8NMsbmFY1i6hkOH4vUAHw8bXsBkGAxWyRGqCCiCO9+g0e2+BPfIGbd4QMK91Fk9uoKmrELF7XYbhpsCjTpNWTHBsRGeKzIaASIOxCHoBP4rsjyDUYMZLwqkOnhS2ETEIneS2tLNW1KLeAd4rDcamggUTNbJc069yTI4We5sZ5IEr2gNUy+RdavBsOmF0RM11QbXGoxr6oKPYFsUxXDZqEgKNDvJigK5GeuSq2hFFSXRDfhHPZ9Umz17oMdJ1Gisu+de8NV/yD2/+63qdj1h+qQ2c0Q9n+Te1cL930Hq2Nqlw52Ed88Cp4n2zXF9EHHUFb80EBMTiUQikUgkEolEIpFIJBKJRCKRSCQSiUSi56NWGHMZcKBWlZAdTPnALy6dM9YQQA6/+/NPrhxMdWDDbEEUx0kSRVHOli0VV4+OT8xUe+OcQ3iQKAxHoX8KVdX51akSFr4RftBtWRR5lpfEIVjlzRa858Iye227vUqQk0DjDI4Asp0XVr1BQpymWZJYdihZKdlLnFYT69j6KCSc1qiI4ygvinY7VR4FoJFzQSdEIBVp1kbrE5vU6nU+FpZCUqvB8zzPU2MCdwL7Z1mmm7rM0ds3w9gAABAASURBVE2FSSXLFzfGDzEiCEifeFU72MOdaG+LEsQsDjU+KoooI7+WEt2EStdRWlRaGfX8k+3J0FnGm4/uSdXxz9XzSy6UyXs3GXfXlZPmXFkvhXc+wkn0gC8FiKy6MGzffWfFqUQkEolEIpFIJBKJRCKRSCQSiUQikUgkEj2retaKta5ASr4eJRdPfXSOdr/T/zz+LX5X7Q1gDGEn2sTuNf/QtfOgMrGX7isX4xBYHghrC3LLKMvCsywT8yvBbWSiLUSaIH7AWMsK2V34RBuaM2NKU+qSnSnKrh0q3VErWzGMTVmUucrJpMSUukuhhcs8UZXYoGmCZWiUn6pAb5C1SWFtrjAux7KFCTnccMIQupjAsMIhgTvBaJQkCc9dTg/GGxXtdhv+igg5SQhWqsW4ehBAsSr4/fS3v+MtU1lJlWwZRxdBC+EpjEsc15GEyvMsTzObOTiDDyqfF/E6VVXZkbLiFzTh/sr3PCTsuKPU80qWVg97FnGalVVV1xO6E7tNopxxC92osP4wXIdJE0PT5+7b6iF9vicCnIhEIpFIJBKJRCKRSCQSiUQikUgkEolEomdD/dk9HahAPWN1eZbYwFfwVUrFJVeOLDHEWFTCUuwgHOP5IN3Jx1E6MlGSRHFMySVFpckVDwLL4Sna9p7BB2zwKFH/g+0IeohgzdnmWZa22hjMolykyjImJoAp3ftVU3SCmYxzzfApO1PpeGit4gp6n/9Kb8pSF/PSf1K1Aorr9TqMS5EXWNGHqrzWMc0BG4Qs19oNAIcDhpgXiWPCSvBUUPtvDMG2NvSrKHDhspsJe4eEqczzrJ3SC7HzGsHOxZHyXBJaj2Q5u57A30VZFiaiKJ8YttRqNZh67ErpuJMwiAPoky4uy1bmValKWguOFJvBGHxeoA8P4hnl843L4JYHtxK3peN3MuFRfXva51/XijynKTAuE8d2mZIMfI8LlBq648B/tHoQTUGbFJ+KxkwO42+D47G8B5FIJBKJRCKRSCQSiUQikUgkEolEIpFIJBKtEmn/6Iq3k+/dFXyz/OorjaLbAn5BIZ+sABg4CX4AnDNCDdTq+VVKJnsLZgkoRyVCbKDAjBTKNlHc5EHWJmyg0b2l0jU6ayeIA0eozNMsSzMYJYetTJmnsD7WIxSmeXDDBZFFmMq4dlunOEil4irCreKNkyyi/oav8KTGhiiTgoKC2GKEERD4NoLyvK4SNstQ1RzFt8syNcJjh2c2jNXoPC+KHP4UaLVSYuCON+3Bh3a7medZvdZIauhfEloFTdXQVFwaeCFuNvNEBBZYx6/Uqdlo+tPr2mIDTkJMDNNJPcqLLJig0Cq0uChpVtBMpQYNjrIsQzbq+RdBo3wfS4dBVTZNfICqsiYd1un5hVmUeaEiJH3QsyRyLiaBWwu3dBeJBtNnK2PgFjf2EJaHNXyjaUdJ+ffHCZyURCKRSCQSiUQikUgkEolEIpFIJBKJRCKRyKlSgw2V7m7pnr8nPVvpkjbCyQfWeHuxCbbJWH4KpHMaOtZQ8TRFu4ocLSrI6gQNN4z2KSI+bIdMUDCjYmLrh1WnAZVcqP2WWBfGyJUcXSOMiSiXxajesJYuvxM3BGGcjXGvqJLYg4KhCYURLiWxOCWUqsuiLGmIKueZwvzazoC7ujTNHUV2BIcOn/dRgUXChYIdhunKq2FGorAhV8ifw+EydsL2qMqqqSwG/2R5pjRmXxMKvim5xRhe4wkPhDyoZZ2rV6CNqqpbgt+JZbSGw3YoRMcWZZIk/Bwm2+QFzksBOxXUAJw+7kpR5K12qygLtMCpJe4eI1KkejnmTrR/Qi+l8Cqm7aiI/X94cAP70p0fVHHb8YIDFS0dHgdoD41PwYdTDBGeMMsya/PnnyNIb1ZOJ0tqwgO09ciJej47nTBjZHhlRVaXiu4aw2wdk0mdm5X9jmzFHIr8oGC1Wc2xSDqi9xqjKwZF7om1yyC/RCKRSCQSiUQikUgkEolEIpFIJBKJRCKRaGWpaj0ylVJtX2xK2KKdpYav7A+u/HLEDP12PpVL8UmRp1CmJxsJcgFBeoNNRDpHeReU56aSWon6YUsB1zKEDRTVfzH0ApkZ1d3xPljHDVJ41Q2X6q2Vk7UBARpsVVKULjHHOoeR5RgKq7oIFTgxDHeGMknNxMqn7ugKodJ3crdFVweFjWg6CASappS6UvvuNKAi7bf10Ccd4GBq6AliJXwZZizgSbvdxsgaTDnCicEdPKLRBexMFVmyLj4pigxbxqgYGRNQVBSxKfGZznOV5/CYWwfy4LXyPC3LnFsY2smPGNyT+PMQJYNNh4EripSzVKxF7iQywbOk06BK4z2UFfqCLTSqY6FD3ImzRQk5QYSwOIihKIvnmSeGS4sJU6U8YDWRrL8tOrk8zz/ihCkfYpUwXwlbaCz8YXCEbx7asZOxVdnU9QbNyUjupBrZFZx24xCkskKNaRWWhUgkEolEIpFIJBKJRCKRSCQSiUQikUgkEq24lpW3oKvYybNQovQYBXleQF0cyu4FPqpuNEJ79wz6Uj0tfrZVuSRbtLgeYInfQiU5TpIojlz52IXXmIHDPulslF3jrx3AUDojjC7Th0pZWk3Y6o7nTRe3gC4lOXInNTRWoWZrpSblWFw1XHee+0tQnBA5aHBmS+AiJudiJnI5mfr6i9k4JKxvdj1B3CTHRZXnOWyMmN0YNORa96577WOHKpyKZ2jIxSZGVoQMJgySKAiflCV5h+QIBhXoSaNs5y6C5Z3lbaSRTKQ6FyPTEVguuN0wegLbC/KfsWigo6AHtSSu63rooHGWOC5lBb1PlNUTdIp7THCJIfMcmidtvJFRiNqJtS3V80aNeWvO2vrF/JxwK8chDc1be6JDZm+xZW1kFu8XHHbg2GlrraWeNzK2zLIiiqxyOF2h6T2wZAchY/ruq85TdiDyyJdL13K7wEphXI3gImtCkpbqupunxFeJRCKRSCQSiUQikUgkEolEIpFIJBKJRCLRhJqEO+kLaVkeC43ui0zpOMtlU5ezQsxJzjYn3oIhhIdQa/RzwphMJmwqGSswogAtjGtxrV6P4wS6VnoXAnZt6HIx6D4JP+mfl66XMMSnzFKKHyp57Ozy1ZBtz8m7nG1CZssyw3q6Imj8o6+EMz1hEDlx3Ix29ImttsH5mVQ6qJ6J4tD6sL5rtVqla7agdKIoisKS0hMAKF6Ww3RU5Z4Ju1M2jYU1SpyJJTuTHFawJ0IIW7GYkwJTxYQH7IBeKNrUkjruw+Ps8QjDikxcxrAbUzIIzaRZmUPLa8immMjHF3XE5i7Mnfih1KHZvpthFZZ8VGmDYEwMhxOpIlfPG81/wxvha7kO2fXwr6vnvWyR+QQlnCacOUPeNrgmKEGJYro66l6iPJPs+ML/4QNlJmlceJjOY8n3hNJ2bOfeJCZF6+7bXiQSiUQikUgkEolEIpFIJBKJRCKRSCQSiZZfE4ZOdEMmKzGagn6n3w5uCuVEKHQ4yfIMvnKOqek9/vn3K/rdwAa3ma0+0AOj7FjFLKPly+waQSAGc2KKMmu3YZTY4WLgrtSgAa9gjIcZkHPkiAQqWFd3nsg4Y6I2Wqx7dwX3qIpdSF8rXUOX19FkIrnMmi4aQ6kI4Z8OMlIQFxK4DQZQqmdxUU/d3bSVmKjKbig+FUMnMICwcGFL5rNdEDgpS/LugfXt/FfSNIUzxVHMkAmfJFwFm22sRusUE8J24BGOKomYSZKYtyQkPVFyFQ+zZreLsnsLYwvuoo5/4H5lLSVa1cpb+HZnbVbmZWTRM4dmHJGiEtYFOgWReZKbKX+r44oNaUn8dsg3XFifeVEqYp5wReqqEYrSnnrrXy285m3lWz2FtySRSCQSiUQikUgkEolEIpFIJBKJRCKRSPR/UMHbgIuWA/iDlfcb8JRxMRWWQHceS4U4RZFj6gwyFqZqRcENn0r7psjKuN/5X35xioXz1OArYqJF5ON0Ih+B0UEVbFdYBoUEoQvI4NpuT6s4eoiyVhA2QIghy9FExa6IPQhf0QEyuivORruOTcyAVPbmvnu4osRQmLzQOGcYHWNcDojrrTs2WCzYvhNWmsHOH9wzHUZjMkMSfIjzPA8QCRMnMEYGN6mC8A0cPkuOOrSy4CXts2l0yAGis5WdVJ2uUetqpR97y4YT6CuhETpBpxceSFvkJcUhaUqMwplD5xeYvrRl4wSahjlMJnLWMug+UpRsRGJgN6N0AZsopYjGt8goMCiBBZAUaKQDh8IWbg1s1Ea78bId3oQ9L6Bx3Hnts4fwBuPm65jXFhyTP/5QufY6IbtHtNKFt8qTD8PKtLROCoq/wal2PBgiWlGpdGxgctkfyd+QusqC8LuP0YqXNW9k0xxYRZoAM/TXCcSVptQdOkXHEYe8koIDka2sa74dOjTSygQQRSKRSCQSiUQikUgkEolEIpFIJBKJRCLRM1UHVlhWKa9a6p6SOcmgi/Hf5cBruUq7hwHKLkOHkAvTf0pNgSGBXgj7Vzw/lK1cQzGZEa7U1QHt6p1U78c28IXJRMK6X+rnX/OHKivU47GAThV2rsn2+FKwQ4C/svbF1L5+dCfcdB0y+RPrhsX7dFiXkqLR5oSLxYoGnHvOtAWX+9F8I3h/6NBS678pS220L/dyi9HghHIy0B0BKscICJChQWX5DF4Athvu0FTyZijDnZuBEDxh6SvXvrxsJyZDMM3DEyocm1OgT03aasVxBOVypaEXbg4ZFlIqfAXGSOM8qgkVZoeGq+qSo6tLLsxL3G63kySJ45izY/glWCQWsQxtMZEIE0z4xFyMZxLFn9ShKv67Sn/70B7Oq1HuTnavQ50flqtm4kYhfZJqDtwxushhtwIOJPoErpznGUEoRVKrEXdCjAAuaud4YnnlFzD9mKVUMnNkETnC7J0kh+dZntdqtXq9BgfDqWIdVxxZeNRtddooXSXED7mhwEYbd9WlV180a5udajWBTlaVYPKaN12k3G1PN1sEc0d3Qw73Z1ZGpY3R7AapI2K3DHFFRjFT1PXuHFyEbCWFi27IEv4qeCOlXTEaRW9SFRZOd5aII5A47sxaWQEikUgkEolEIpFIJBKJRCKRSCQSiUQikWigBmEuDkPAV1VvEIcPJuk7hO07iD5xgEDHOUR3+IxgbkHfheK+31C6k2CNlXEKNqMgAwCjnd0Ee0coMpFQxp1/EmBBdXlpdMxI1FQPWcYTtirp2K5g7RabhnYnUVKrc95KOMB2DaL1BhoBv+C/AsPg+lbJGIKatCEapLDkl0EHGGQ9XGv6pAd0zHYApY7lhfIXdOyLHRAIpPtORFADT7dhgKPI86zdVmUSR7ylIL+MuCyxlO64E/ZV6JyPF4OavPn9WFF1lzDMcavV5iAS5E4UwyoEVVBnYSPyHxH5nHgxm1IURYSV/cg5fFQdTtw17ERpIz1+QdXIHk7eKRASibIMnuZ8KuMWhy2KnBuMqTlxrFTEgTshLUUyGINgAAAQAElEQVRTIk/kzWT4cHZtwW+tzbKsoHQcz504hgbtT3x7VDeREG7o0HI3FHRs/vC92ZKFtdXWUKJVo2zpYvXkg+FbBqDYfgdu80IVMHeYAFVSTBcsocgkbkG6+yAEa7llRpZJgSMJiwe5PDS5IeIkskYZF93k3qxVOIk/hl5XFWuVyluL+JyIRCKRSCQSiUQikUgkEolEIpFIJBKJRCKlQmZC59FVPcMOVSLAQyfskaGWU3Y565RcT8/zHIr0leZ0GkPsielHAp4DDeiZwwzQdqLeINigsL3tRJsTNZlKl9jDZibBKkX5om9JyEFeVJibFSwGTzKEkwxudW14+xGmScqs3U6bTWgfmo1EEa4bYjisZesEpn5MrynNira/v1Fxs9mE1QPjU6sloGpGjOHwG/LNgbI7RdUUJQcUseWJwm9jbHkUUmn0oACqAdfv201r7ruq1WpwWmgUDHeWuWspzw3wOsYVT7IxRqowLxKwFeqZW/0hJEgRKMPOLhi7RIJe8yEgeDW0IbTQnbMbQwk7KN/r9Mknpgl0sspkFz7aGB5SNIMUuWQx48koBxvBeiCUTFvko2BjpKKCrUqIy6OZcp5EbFVCbxh8YzluTHmQCG89TvBhjC+KDO3q7Hn4YP/GXiXB9Aonj4lEIpFIJBKJRCKRSCQSiUQikUgkEolEItFgLS/nMfWSZcjwKTk4BP5SnjJZ5pWfewBFuRot+mjEca1exxJ/6cxAqCDs/EN8IotTJwelR0ScOOcDTwERtEFuFBTJYp/zijCXpUPxW+s8TdNWC7bljXqMxW0GlcrgvMDBHoF2IT+FYAazEroTt9stZJZQ9Votj+M4qdUceEH+KmH8w9oKKEZRlGG7pkOmSJx0RqOb5GDmg91HEB0gE5MoirVJ8yzPsszjI4QGeCWJqsIi7JWCJ8FDywKRmoIhFUW0Sk7xOnxpGP8kSer1WkBMdIXP6jzx3wb0jF9igw34dsllZ8/adHMdJ0q0smWLTN980fQZ02E5jI83cxdSRgZPGMPUyaPC27/o2JZg6lJZRIa8T8iyRFUWMGEiuGbK7gULrzh7nLywsIjIS0eX7t2o43+juiE097brnKqUSCQSiUQikUgkEolEIpFIJBKJRCKRSCQSDdJyVdX7I1amoimcH00yNDtmlFB5zaGybqn82sExtO4poC9/41e9CDTRRkdx7EwGopCwMxE6owduJe8BV4nmDRr9UVwECqWplAyzMNcyIA7n2VJ1FpAWyovCZEXWLuLIlc8ru1Wnz3aSiUK0z8RXUVNS3Gq2kwQDc8rCZmkex1F9qKjX65x3Q74l7mSYpKNhgkwZhCE8iHHwqzx5oXtTJJuq+3uWpWD0hLN74Pxw7pQYFHSsIXyEB5BTcjy84sxO+FjHnZQlGl5EaGGSZRnvDEdzm2H0I8oPUmivkoTG8OEBZKlOQ5U7UZXcH/vog4uuvnj2bq9RopWt8ZsvbS94dHhoaGj6DBMn7LiTpq00zQp641MUm4UACqbhoA2KQ9Aw+MzEmMIUkxuOYe7EPzq7Ego6c98wY2XYWYffXnO4hjIRuUVZ56NTeLCkSiNZCgFTKwUGE4lEIpFIJBKJRCKRSCQSiUQikUgkEolE/yzq/Ga77sUdeqrqkxbZjVrOy02+S6htQm21yAvK1nG1VK6b0u/2G9dmrXrok+dEGqu42g2FZksPhkAMkwLQDWRQdKR0cBPoQi4qw+itULRLO6Jxo+pziD5CkMLaosQvNDuxmtOOqHZs1XNBnHi4wruYcMOKMtdQQk9i+BOh90LpgngcIjNwSaykxsdFUVKWSGpMhnX5OC4oQKdWr9MSMkRp8Mgq7WkMv5iosG9tlsMaLGMVq5BuszzqhaE8bwSn4sQfviK0jngUTVez3Co0pMhzeIxjh4aU1kBLOtBMhR1hSMUY53ECL2HUTscxBa6lOGSn6ulSvXkCVVPdwk+WXnnhzB1eHjWGlWjlqWw3l1xzvs5SWAT1oaGh4WGe8SiOjGnCHMI84hSUCHxY4k6QIlF4W+FMFRRUpXSs6G0m8kldtupTgou447tDsAqiJ7S+4b0VT1sg9KQiF6NjFMdfWfc+EmyHnuP3WJFIJBKJRCKRSCQSiUQikUgkEolEIpFINFjVkvQq8uroOW2Po0HPrhxsM/kZBl7imdQk/fnJEYTdOsq8RKuMjAqs1kExFnMlQi90X4aJqvAxq2gwB8td1AEhmvAQA7XjKAr2JQTUVJvUY9Myybl1WUKNmLN1HGZDkTroyFFkRQXd4MweOyHPsQqlbSccB60ZkDtB1iYv0ixvp1HU4MSP7nnRasBaW7GWW3+8+z6GWjp8UxScEuNIDnTvQPMSsocggwhFxIlLLSGGwyeb4DiidwjU5iktKY5j3WewE1rdTz71r8Wwj9Huitw45JIK3mKJHnH3Z6BP+FSBemHuhBNw4ihWNaUpoIfPBg/MoMBjlsLwZ8NDw7VaDbrL4T5V3KQnNaVKyYT2l2OjC8773ZpvOkCJVp4WX3562RqDJ612u2QwiNbktGnT6rUkTdvj4800TfM8L3LM1iqQMfJuN/A+iFAXmkHBjebYNuNDdlRYpbb7Hxh81HSval578C2vGvwygWdyvAlTbrz8rK1m7jzL7y4ikUgkEolEIpFIJBKJRCKRSCQSiUQikeg5F1seKC67T1zXt93cSacs/Yylp5CA4zgSqLznRbvVbDfHoahqQjAL+pxUK/6dNj/HZieuIOssPLCbUBaOo6Re1xSEogJZUml+9QQTtp8YEusMT2ywCaHooaxIM3i0pfU1YussYZ5l5oYair03/hlUyJUqshwaUcRxUUeEyCS1viyXnl5bD+5MbZ1Udusfv9id0nJhHZ8XeZ62U4XeISiblGw3oioTwDCHtwhx1ygKZ3zCsTjd0IaeSlv9IPnAHeNShLgBDIj4/SkSqFu8xF3DEoRRHDTjGw/rrSwLBBSIslGYDYRPlcrQLgW3TG806sH7pNMFF9o0WUesVs2/X7VotTVnScjOSlLr73+x99wcxzWaLJ2meZYVMKG1WgxLIqnXogTeP5JWq9Vutgg9sRjABCsQ43SIDrFRifNrczRBwbuvVk+QJ2HsjBZpyR5RFJrD0+2diNiYyZua8NlhHcaxorCnrsWAVBRbM9kqbCLciUgkEolEIpFIJBKJRCKRSCQSiUQikUj0f0RdFXpyT5gK/7EsOc8Fzzk4rkI9A9F5jMVf3SeHhmYzbbVUiQYhGEzjrue8PlRfJJBvz3MAoPi8GPqGyr5Q800a9Vqjrg0CIlpV2s/qtNF0RxT5MAuo9OuyehVN4RrO86UoszRLW+08y621nYMcTvBsIyfOQ8FWnDNgpeUoKGFnCTIe9VpSnTGYU7b2oAp4qbxZjLXlFC647CmO2bDBtwfXfZ7jqYuyiKMYKvTa1AO00bNuqpYnzHAwzMG0B3MnEQWaTAU96bxqVY9RCsaZmBi2Rz4eJU2REMiyzB3hYTGypSh4CyWiYGKQ8aJ2Gm45iEa+4C7AkxbcSIih5PV6HfoRY0RPlCRJABGCNU6P85L15higxX8+u77OhkMbbKpEz0zZg3c0rz4XpqlWS3ia/PrMiyJP03ZSi/0EqSSKYN6azRaZ1uTwdlJY2KuMtTVEh2CIFb0L4BuN0bwRTg63HF+OfaiCUwm9W7FxjiO/2OiEV7glM5WYwJbgrAN70HtUxUDpOYX8RCKRSCQSiUQikUgkEolEIpFIJBKJRCLRKpYe/HvoXc4Qg7mTZxjM8oyZDwoHwdgYLMFCKRRxBKurHaqcn1MisJjq/COqeM2zi55YB54ogmIUVGyTGroVWNcqvSLOAM71w3XOETf+VFAjzil+SK3g2VeVKMumsDnG68Akpk2oodfqQw3vVhOCcAYfrVaS4kABhYGEpZWmqc4yqOhnOdT78+HhoVqtVjUv4efsPoLrEKWD3QhPhtYFm44wKcK5Jmo5FVx9jItM0kmS0PkxR4W9Tyh2p6CsHGJNME7FcsYKNwnXWZxwM/gRsRiCSozJsiznjqdpBidpt9v1er3RGILHWi3hbibe1oLu/AHxWp1kIGufOuvnax7wL8nIHCVaUWVLnn7qvJOSoqzFdZhnooWcz42PRsK3QDeHxtRgrmq1OI6zNEPuJMtylspNaTBcKdLImxCGZuCQkuA9WsA68jiY7rxtBk8f662FYItxbkq2zAs2VOJF6fN6eFd+kw2Im5idiEQikUgkEolEIpFIJBKJRCKRSCQSiUT/rPJl/QqKMSVxMsMy9td90TBKqSlHunQ7Kfgz8K/gc8W7gLpnkWUFlFVt6X5Bn/IiqFvGXd1V/92v8VczZVay08kUToYBN6EESwXfKEniJKaNrm4LheRKw4yamsi/ILSDPV4UwhBobwDF6cLSED3ntgPaPZDpCkb/oPsCJwPlUCdvtam1JbmYWF4wq9qMJQ7WDt3jzq4hZdpul1Dpt6rq/BHoE8WhIqQoYssWxdwJPqPphH1hC/tJDORO9IAQoN5QJQ8rWYZOaIeCmRLNLixkeUL4i2NeylIRUYAy5MXC+IiisB5uJHEpJgBLBKzAnkWz2fQnIWYFjqJeM9+gPHQWcoU67aS7L1+y+JGffG3Wnm8b2fEVSrT8euAvf7j/jJ/NmDY0a9bIDKVq9XocJbBUi8LkuWHIqbRlRpYn7FaCLkFR1Gg0arVantXa7TRttVPVznKmkWxsYxVR+BYZlhA+4kLUjDXVHCjrTZG06myBDbzeOHOHgSda5OyGQqvCdKLM3Cpm4E8kEolEIpFIJBKJRCKRSCQSiUQikUgkEv3zKlSNQ91ZTSEJZFnnNKvo19t9qyxhAHmeZlAX53gU7TAFVa2fqmcsuxKpB239XxaKtCYycS2BgjG6GHgDlOVtM/MCro1YT644ppAfQZFnRZaTAQHbvfBVngWcQ9m+NeAmz/pgHa6eFyUBMkXWbuVpu8iHSj3psK/UdsfBdaf7kjbMBTSx1WpCa5MaxplAxT5J4kqqCO7ps3RQeY5dYgyoyAsoyOOwl0rHFvZTUVjCNCLBUELrKa41uFAUR3Uo8WON32ZZDmPHg8psCQIJ/mbOieIJASgxRe2oyk2iPINCuElnY57n7XaLDVRgB1XaOI6sRcuMyg1GgJPVwWvHZSfh8cWic0/Jnn5y7p77aTNVeEoE83Dzr/7rwQtO10anrSb6lWTFzJGZtXrdoNdNBG8XFsNtYJY1OZ5YeBuE+YdbPacsJZiaOMb1Cau03qiPjY6nacqZOMbS+iuNLnVk6T2APFRwGRF/BBctXcgO56Epfp8IXiYUYMarC75FAAXNimxOOJMxEaZJdTpjp8TiiUQikUgkEolEIpFIJBKJRCKRSCQSiUSiZ0G23/mjWs7rZMqEfTovVnNmKlsnOK3tOpff2DnEq7uO3MsXWNXnUOJoFttRta2uSt45VlUAmNAF63dBTKGAimyWQ+UTi6OWfs+evBygC+uogQAAEABJREFU8Bmq4ryxv/V64EgN0lTTIaZKQljrIyhMnERJDarDNtgLdLdxkmv0ABIceVHZx/JlOH2Fr9mbiNRBVdQA6f52UxmaT6u1T8+YPPwm8EzBpQZmy1JD8KGkIBjlFwUai6RpLS9MEnVygnRYXe6hl5bR3evTVrarAb3o2RIPDdXZ9qOkpoSjeVDZCqLIi1SnWGIn6AReiBKLpX1v++GwJ0W1d53nKsNhxxOW+Ke0uaFAlCgyiWUyoKsLYZlPYMJTYVMoagfJggiK/HEc5XmeYaBKChcuCij/F8SdcA6Li2KBZsBuvMoiE7E1C582JugJToRnyTJkgIoSTkXPC8wXKvJ6Ubf1eklmF7bQESW6KLcMNKIKvaPnxnrsmktaD947c4fdZmzzEriGEk0smKGHL7/g/vPPWvrA7VqZsiibo80yK1vjrdElo9NmTJs2ffrwtGlxnFi4hTTNNkw3rl30UMpxDSMqBHODc2pUXIN9I5jjelZvtpptWCJ5pvKM0JSYSCRT4sypIsppKUUqorcibhDlRwU0CjGXkrG+iN88YJuiNQZ3sVKw3nDZYBYQwisR3eBMp2j7PDBZEolEIpFIJBKJRCKRSCQSiUQikUgkEolEK1E97iZqUMRHX3meg0E8wNG9vw9R0BMd7qIWusGH4NHBRf+w2SWQWE8dwFFc/MSYGIxwKKk0nrdT+CKfDK6AG6r8Yw3cRJE7uBI30zUCoWFq2XqmBdOAYGhXheWkFGPiiEJXkMAwWnPmDLMyA1R6sEGF+AvlsmqsJ3VKTtpxATbouFFYTqtBdxU4vmQ+h9EGtj/p5zDoKmXvEFQIFe0vHDpIQ0wmFx0zE1X2nwODPSxZKLBJQ4kbnKsIRcZkGXzp2LizOuDE+jiXELCkwihp1ZVYY6vEi/Y7dBip3pmP586d22w2W1CVb6dM1lRuDx18UKDC37ZtKOeXhDwl1JNareZGgw5iQiVJksgYhjZoYSMUUBSUfVOWuiyx5k9RPWFZhqvoage7p6RrnqhPcIIoqiVeKclEmDhVFIa8LXB0+ebyGIq1UUnMQcmnZQClZmoY9JRkabsNLWe7FPjKKZyFTlhAZ+FUtVrCTWBshbscnvT7JhWP3b/wj/cvuebP017+hsb6m0QUA2PE+4QEswBDm7XbT992472n/3zsofvItSmCSdMKHi3MBizLsdGxaUunzZ6N6VNDw8MwhsgbJehnwmZBMEOYo5Uh+WELg1YoRvECq9fryJ7Acmu14U+G3ik54U/MDiG1YgoFZ7Ixuv4wSsVTCed17j3El3gvJpza0ptKEfNCNwMZ7RTtkldjuMHsKndUEolEIpFIJBKJRCKRSCQSiUQikUgkEolEz6VsxWhkRTVVN5DqFSf6NsAC4XfsoSrqMzv87tamrXa71YIaOaIN2kEPrjbqcyE48UQ9M63MmiliH8Z6CxcTGWqwoaSKFbxKp8rvwR1nLIAl45ySNwqCUVam6ALagyKDbTm6yRhdXWd8HDQ4RxuN3GKuizstVK9hS1QmCHZYl8vSvz5sT2OewSzH02fMSGoJ1drHYVHleaaVw2fIJoS4DBxON8RoW4JKeOR9kV4FJkhTDIpCKCSCsr0l+COYqXAtn0ejnzuZZLX1ddLzRxY9K+oYv0JKTW4igrI4U6UMl+Mn3BiHjFAD2NAFniRxYrSpNxppu611HsgDPgRGhniFBgfuYJpKJVVIVci1/l4UTz6y5PTjlyiVbLTV0A6761mrQ+dLvPT/RQsMTALD5Z+PP3Lvwxf+fuFN1wRjJuUwOXibKI1mvxAEhJrNVlk+3Wq1Zo7MHJ42XKs30DTHZzxpyskhqCmHGUBISCue5bJAUxSc2WFTSxKYwla7laZZG6dYO0DEYHMU3Ip0roTOiTRf9W3Vtdy9PZsA9bklzxZESFflmBaGOUzoOIW3RqnV/8VZFolEIpFIJBKJRCKRSCQSiUQikUgkEon+L8iVuV1ez1Qrg50knBVVNY2nr9SuOxup7s8pDswBMI0CRdU8TYs0U+jigcV6E2m2bUAjFP/b+Y5ueB4VPKksi39DS6G0Gzl3kJIHtMvAY6CqzjQ8cdYnGYXMJe1phIKCV4q8sLbXh2ZFmh6Wh3Z0SBQh18PRG6GBqhOrMaDZlVNhKb3IM2JisK6uCJ7gM9vCBiMWn7RUPb539U2Iaky2SN1rMbS+Vq+bKKo16uNjY1DXb8PaosgQalQJBXnjVhMG7JRlpnLLYTS1Wq3RqA8NDUVordNpIJMYpYsO6rSSaSM8RZYpbzTiWaHlIk5USBPiA7WOul7MlY1s9brcGKZeAmWiMBZFc+P9XUN2PAnuDOuHmwz/wXNGT8hXo5HnRYKgThx5BeKkitFU28/fZnffkt99C+/DJ6RsIEzKYi8WFoJmdEhwZOHsJbi8IdKC3hfiWi2B8U9qCeMvSa0Gs5lQjg8eYotmszk+Pp6229aLwl8MwxYxyfCbh1Gh+76nWRg6aoYhzxeEpALH43co2FTG5xmVfup7bwMynul+adDbLsEchl+DJwX2PaPbOYflOTw8NGPG9KHhYTU0BJ3AdCTovopgzLKM7h6CwpDGczAXPhrMUIL/eK7xPZW7gyFKRQRjgL5LlVbxW61G3greZku/odNEnu9gNMTv1zCKJWFKFPQTmTjSAUoSiUQikUgkEolEIpFIJBKJRCKRSCQSiUQip47xCHtdrDiC0h24w7wJwxmq+3fpNcfuUI0Xf5M/zcqCK56GyA3FuIkKlElPqbO76rl83iwrSZ4twPQfqI/HcaI9I+O8Q6bWqk4QkQruIS5JhofLEotjyZ0CRosPsD6cZoXlk3OYKYGSNgIbrgdGV3aZlKDQblrZ6aSkhB2EOaBQjfEelqc/1MvZpWVF52uSFBcPnTAEUMP5iJMkGUrTpUuWjDebjFy4fSvt4b+yksKLqGbPISYdzw/OobJu/eVIK+DVyqII903gTuAJXLfqFDKResaU8Y7KISUaWiRQ46/rruwreDTUR0pCYRyJFFJUyrLAuBaybOGrJEmNO8ysCTMfQdDxOIqhy8RtRDB0TM/0NLKDsFSajVfwqySMWNgt7BnOFk4VRRGyL5UtMJ5pyuYaRUSRRfAEB7OGOyCGoRW0cPr06WmtlqZp7mx/LLkAZfSuAcMC45+gp4jVvs38NmJDw9x7nHKWMHBnGWtCU0ufIkVbTPe3qjpfdH7oWkQ3rg30HlN/oWeuf3i5kkm7yMTktKMwIKfZGh0dbbfTkRHEdGbMmBFFmgceV3OcYMYN3vM8s1arzozQ2EfDQ41avTY01IAxIcIqLZFQMhQmRRhJqQzSRCaC25qaqMnLpKSb0xrdaSV5/KDHicYxZfujkqak5ESnTMMKgd1qSiQSiUQikUgkEolEIpFIJBKJRCKRSCQS/RNq8t+3fxYurypxHB6eqOIszuaA0QPyCYBaZpm10jzNLDojcCU3qnABnj55nskFtlDzYijq1+toPMAvWWdYwu3upytsf/SKdntaV+PWXXsTdIIYByMdHjixz9DtpPtoJg1cBM5UTxCcdbB5BSENqqvlpes/hwWZZ9TeqSQjxVVHjSRxnhmgsfHxLEuJKYFmGItgDUMeDkKAin5mM5+YU9ZqCR+uPZ/CqAQ8xVPoAg7BWrztkB/cApd0Q3IcSYcS6twMgYFwDdeWUZxglALf0NUj7QAkjSlA+E3uz8NX196/xKXtELChCJ5xgpbEUayQPNFZlgXLFmZlkDuJkLlJMuwysywcuONbogJHEhxfVDULKsQRaR16HWcxe2/kRR6mJ5xNUxYMNDWvLBp0I8GHHDGuOGk0GrB35gYKeoVDGntlTindGDB3OcM30JYkgQk2geEhNMRU35iYjdPemQbTZDzBw70mbqrUppOXxLCO8m9wYfpwLVn/rufu/C5iC/Yt/aXJYoRIHczlClFPasniJWNjY7Nnz4IVNW3acA0XX8wzjowKETJ0Rl1ZRbxc0OakVovqdTTpAbXabbT2sQUMDaZGwdiWNsZWxYyzKP+vA4ec8RndyLCbinWBW/wuhmiLiShQCrdnaY4AkEgkEolEIpFIJBKJRCKRSCQSiUQikUgkeiHLDiq/d5wFAqIxlSr9Cl3OVmw2qvYHPQYHKpRgffmXzE2QoVBUY1dljn/arQJqx5h8wlVUjQVZ5f1OFP/Gva4wFr24heUS8rKa/cwHxLs+8HNPA5jIEJxgCT4IuzmaQXeaFmAU251Vono8Lxi64ZksPb1RslVCZ69nhOJYX3XmNlCSEYEYPlFH9YbJTHQimjRyQyAsxvk04HyhNQO2ueTDtcsrcZfvPY1ahqZkjxL3NBSq+hyXU280li5ZvHR0lLvL3heKaAN4SvAB7I1wT9puQ2fq9cbQMJbxmTtxhIEHSpiWMIaiR3z8CjMc7JVC5AenvZiQuaM8bxGed7qPk+G4kyqSghEqUY0MSBxmgcksGKFiCp8LQ5wMPFd5zpfGZiVJSR4njh3hlmDkSpLk1EhuNiIhdFSS52WtUBUuhDvewW78bPd8298XuBBhEwlchZqcw5+QBKT8Wwb3kakghekw6NFiKdamKHN4Ytw7i0ICI4qIsaFcHDq/TxSyucbQqYKcZgrsTp4kKe/AgUGq4q3C7Ag8hxPxTBk/i9YjREjMRLE17mLRBC4vfgT4puzANN3vws71iG/piHdjuxFcFSWBW7rAldN+PH1y4cIlIyMz5syZM2PG9HqjFkWJsZGNnCUN4y7KvYmW1Hh8jksZM4bIICaJa2mthRFHMMs5LOY8zeIUcaKCMojokMp88ZuACYZFtvrmytNkeFXRSlMe0BGJRCKRSCQSiUQikUgkEolEIpFIJBKJRC90VX5vv5q/UVE3zbDyr05l5NJ6n4LS+5f4PbgRoSztN5f0u/QleksURbvZzFrtIitsYd0v4GOPIuZIEOYwVMY17nfwXcG0B69ZpufHCo+D7VzAl8zDf1j/hbJ2Uku4os3wi61iP1Vrgc4pK8RJBUCpEDs4FFhzL5FzgCsXWd5utvI0Vb7C3cPd6OXvIpvJUMWfYz8InoljitQoOcvGLovz0ByvAjMJxf40g9I/VOnLHAEAxDnYPQH9TrAaXxbopGDVijjX0LhMBTrpOze0oN5oJPV6lEQ6MuPjTfKUIcKJlpSxPgCIvofOUxZPC5mMrEjI8iSJE+2cP1yoiiH7B6ZMFK1+ZhpAGNpSlmy8gSBA4txWeB9VcTpRqmptQjKWiSM0ZKGNzLgwwuK25AYTdPD6EaMn1GB3H9IW9HSp1dCcAlquMJ4mCqYvsAUpEE+EkJ1GBz7y8+p8Yrg7HdeWCt3muuNSZbwCdERcBdy9URyppoIrMuRRnZrgNcLdhEsRkkY3UlGSZ0cKPW80GkNDFuaAYnjwvSAiyELhW0np3w0sMS4wFKbIsWswXMy+cONpGPES/D6ldQeXY7eVQuemNN0AnQ5zircE+dkEeqYyld7iRPGd22p/+bQAABAASURBVOmf9UMSZkf5G9V0WuEmHuYwz8Zbrfbo6PisWSMzR6ZPmza9gehJrFUJ9yY1NVyd1yoMMgYtwc2lcVCioUZUq9dradZGpfCnzAseyQwHJEkcemJ4XfHlS/feRSfUfdZSNFL0DqHKVfYvikgkEolEIpFIJBKJRCKRSCQSiUQikUgketbUYy6iVr16K+ODuAFNyRuhDD1IOmAM/Kv/UBtGm5M0hWoulE1VsATQ7L3BaS96mZ4eE+6wagaHbVcUZ+vUGvXGMNSFS+oZd89d1jjkZBJbEgIftOocaENyT4m5H+iAgaVuKCKPj+dZRoYYHntZiR3CHJdIGfbb4Pqz7Qn5mXiQFSMWZLmh3IRZ7f4uK0tVDTrJlGCSqSru3wRrqCDOYPqMGfVGffGixc3RVk5SnIZTkm+EpRAWxVNhsyyFHaBWX69BEb/eaDQcvoAQkHeAIMsNsjwxPtulE7zCgAKyHjaqWm70gxd9La482s4dTtYdcJKa1hm0Is8LPJpYCjprXhQBh8CEoBTuK7JAIaOKmKETh0dheE+MR5pUU7QQuZ7kBrEmy32p18s4di3nA/vRk+pzN89WBbcPnndoYr0ObdapSgvfxMDTVNA5PD165VBriGMq4HSYz4NUTZYkSJ+gZYuLztG1JGHoCWkMwjc4XqdA55Mc/vC6ZOCGhi6ii2o/8MRbkPcJszVkwlRWsBK3A5wELsoASg88RHPkkKXu+fN+R5RTo3UXFqY9tua/ENIx6ISCFxkba7bb6dNPL5w1a+bIrJGZM2Y0huo4wXkWmZjwl0jTjMEsQ8N4OGBzYRnrwegix9y04pSAE+hESvYnCW6NEooEC642HHzF02cr4Ix23egCG1fqW49IJBKJRCKRSCQSiUQikUgkEolEIpFIJHrOFEIq1MqT9bYFuu9CfXsqX1WeAvii/YNmtqTkX/4v8yxttfIswyozFl9NiJAhV4aIK/vedUOtdNpiElnvKTLgJc/coAvD0FCcoJeEMwepOCD0gTrVk3diSQJugoPg6QyjNCeNQAE4T2GU2mgTYj2IsFLrv2y3oI32iSXVfk44uZVFYsu8LLK8RAqC8mGIlNB+KBSbPEzQVr1ymBN3jgHQCZMf7JQCtfZZs2fVa+3xsfHm+LhjIHSnyk5pOwrL9zgt5FYCpX6yA2k0GjWSovvBeUJYy3YRPHbsGsLAAtMMePpIkxOJZe6EwYVOwz2nonpvpGCT4UdKKzTVQRAkgiZpnTL/UOqS4BOTYfBOUbo0I7Q8USqzlAqE5EQZJbHz5GHaI9EJXzpNU0I7kFNBwMIY7HSWwXDV63VGT+AMAUDh9nT4Fd9f384uBxeN/jKGyY92u00pTGWlU52wIR6GSGF/YFLYdaRQlvKAcrg4tG1oaAiaFPZP4pi5DyROCI0pfXIQHKJSy82GY62NeeR9F3SASML0uVnDoSi4UT20XZLUCOjJ2RyFV7mfK7qTObMqvHeEsBrdQ3FVMrcQLmN/G/aOojVCPjRwlWazOT42Oms2Bu4YEyt8nzQFRu3gyDJAUxYMvrBhDNIr6MUDr8c6GjK1OGnFCJ7kNLnwBDqdFWVWWmZTYHr5DggwHbdaV/yTOm9YSiQSiUQikUgkEolEIpFIJBKJRCKRSCQSvYBlJwEZVs21lne3gYRKdfewE/6mPgayQGG40BwnQi9ZyuWgABPjbSOox+xQ0FWWZ4uBiX04ghPBCmnwKDMggJBGVKsPQT3eW3kYS3Vo3zSLPTJ2SmCQRdoBa/HeBsb6S1nCBUoqgns7BWfBsBLlyu74xaurijosO7kI2pcT8EDwkOm8wpk4Hit4xniJ9iexfe2fGDphHwtFQAmzMo2hIUN5Ne0WqvAMhHN6oPbzRHjDklZpXVwOiC1PmL0I88Q0g/KhM4HGwEFJFQW7lIy/TMBwdaEnHQsK120U0hKEXxVRybeHdwEpTcm3iioKRE8qVy+1LhxdUYFCwvnjKFY15UkHS9E8uBvF06TQU0ZP0BijltiK54rrPsbglG4EeGa479rzYQQy+BgnfEJNLvrRE0ZhoIM6No5hwZMXipw9YPdclc1myU4qCXFelOKjYR7ruk6zHHGikQvBoQFX5GfD5+OUIv+e0vvO1bFd0aV/HrJ4OtZSuMji2EQZoTCFdXiKCnYgOiSKuZnleexb+p4pCnQb5lvh2yD3Hu4lm6X5wnTR4sWLly4ZXXOtNefOnsuNx5VG0AnNOKYJwRpw7BhH+Wj+d0IxJxSR60nGITvIE2EOUTt1CURDQ0NJkvhFwTdsAGj4Nui0eWUAYiKRSCR6Xuivd+Z/vSO945Fy0ZhaYTVqavWZZr8dkz1flCiRSCQSiUQikUgkEolEIpFIJBI972UrQEOlBLqqrqX1YPKAXlLLCRBQKozmRAmuwJZoF5CmUAF15/cVTiQfoDSPf2ntLx5+CV/1xFhUuJPQ1M7QrLwxstV6K1d+0Qeihi4SUHc2RIeo0nYsG3T34QPQk6rZAVpnlMEixWqX84KnxZyQArM0OLzGem5Hr7QKMDETBjka5ad2uagWKvETcaI601MNE1E9ASQr2s5l7jEYOvFPnT2Jicy0acPDw0PNsfGli5c0W+OwEtmYhOAJ7WglfyC8lKVomsFeIFCkbzQaTFFwsE4V4+A0FlWhT1x4jyoqUS9xcJWZaFk4AKWDtWhuOTqmYMAMMi4F+WFAE+BRs1dNVPAwQVP92wRiKEy9WOePEQXAIkAw8AgnqSTLMIBS5FkRE3FS5HWYYrhna0mdqAsilAwCEOStUtLahEu7hBc8lQsHoruC2ItarQatzvOi3W6zFU6117QCeSg1rng4MLPaeMjI4p3Qbrcohaes1+vQdj6WmYmiI+Mbn1mfFkThRDFdEYmTKEr8HYRES6E6oA8MENNNRU6sUicnSAevlNDsHBkdy9CcrZi2VLo2wVu1d0gh1ImGx/D7omK7JxpYbDZsXbJkCezWbrZWW20NQoBihlOo7zFaR5W05Cwm7ujIDSM5p5CTioGRT5LIwCOSJzDTKX0106ye8TIg35oOCsPojIsMU50FKU4nIpFI9E+gp8fskWc373q0VM9YrVQ9uKD84bnti27NPvf6odnD8g+FSCQSiUQikUgkEolEIpFIJBK9YKS7IyzUMvxFlkud80zk0uG5EzXwpcpz/EV+hA1059f6qRaK5X9MLaFMFusTKiylQxBugpVdHSr/WI6duHeeO+lvwMCN+pn4xHgKBkvTFDvCXg/wrCBfBk2mDpUr2d4WOl8D3Snfuor6wGZTkEeW5imUhssAQtBD6TIwnpks1dfJWYatZYw7qe1pSddKqLxILEnZaT8UvGnaeeIcF6RWgkmCmeQ1b/1io0NetaP2lih9X0hJUP80P2BUTS2muj5Mns0wH4hZEFMdWJ5vxzOQhQYPB2JRuGIjS3YYGAdF36LFDS1hjlxxo0kGEvxIUUm4BdkRA4djwIpmdIF3C5ks5OZhyX/GUVueBtB0sEFCgskA66ANA92KnOcFutDYKq3GhitWFZ3ZQYol0u6mi3zQjCrRxYOcPixbwGiyHPHj4fsLT+iYCDbgi9Ad7frCj9bSntRctjCC2wY34eF0GPXTqGDVQYuHsBhqDI5mREYqsE+Ow49ECdwSBGdYnwultPFvHfRtROlcyEIVJb9Ibzp4NMJHJYEePOBuNvnm1Th8SYwLI4pURMPIuxpYMAzCIcZBvYbXTYxbnUmQUc5rRJN7kcvUcVfy5BCsLuu3lvzuiCflm8+QpRPPH69FTdhSu91etGjxokVLaErwfZU8TCIMIotxysNZcaQKgk1Kt+oMr0hEhSIaeUOwkeJGUoBUVua5JvLGKtu5bekdzHrvE6Sn6LVoi1fC44wZw0okEolEEyvFT2+qXnveWYAcemrz3sfLbop7ReU/4T+5xN75RLHnlv93/U7gE3s1P1Ekem5VxeJXnZjaVyKRSCQSiUQikUgkEolEomddS0fH4fF3V93Zs51/JNTz5eCCougBKfp9Tjq1/YmkQ8ZJxPXVcJzyNWvLtViuK/sKqRqEcVBpsrQVU4vQJO3dSdx/XFXFOqZ1ARQlFTrTtD063h4fK7Lc5raDU5DZRhxHaDdgYh0ZZjhs6X/p3rLrCNVXl538YgeM1dR+MqZ17w/h+TxQsoXHOImT+hBWpalADzVwtPqgXIsoQSsJ4ht8JZuO9nPkv6wbc7I38LVdQ0gODRe9ZIssa42PZ+2WLXI6Sal9vbraWOZPBs1USMnorCwd/tbuL4MATZLUG1Brx8a7SZxg0ALDQRVqWxTp+PjSpxamzbbLJ1EMYeikXm8MDxvDUJTSzl/Dezz4caXHiLCSSb50FRzqv1f4MTr4VTupZSkYuUBtIEmSRr0OfTfem8RoFxxT7XxYSaWT988gxxEObQk3gPZpO/QEq/s+LoZTbEp+zj+ldZYnbuACmGA6PWWwx60i22kbASZadbxQeEqiKOF0Knbm4KvwXcC+FyU7k5TWewjhtQg3YcOLyEXnlIqjdjoLQeN9qDkwR4e3rM5i0lX7Fvc20/lxt3uBDoqR92FqIvJOOG4/GjF+4o5wNEzE9j/4DoXGP5TTQ7dKJ4rLMNtCXYAtPGFhxComLuijAi9pP3SRMaEXOHQRnQTuC8bfuCm0YLhfHDBkiDgJpI6mha9pN+6OdTQUdYSwKR3mKgyUe7Vzi+kuqyH2HHHfttN0bGx8fByDEDQtLWwGDaRzK8J3WMaDHN5muREd5gWjpRL4SmJat2jVk5IKCvUhgylGf1wyEANMvNC4HQKdiEQi0VT0/IRO/nRzeuHfMXuu60PUCqtyhieX2Dkz9MZrROr/pL5MqtVq2267rXoGuu222/7nf/7nJS95SdVZraqxsbG3vvWtN9988+677z7RPkF33XXXhz/84auvvvq1r32teo508skn//rXv541a9baa689cId2u/3BD37w9NNPf+Mb3/iCBndOOOGEY489dmhoaOONN57iIWefffb8+fOXOY/nn3/+Mcccs2jRoqmvrj/96U9f/OIXV1999Q033LDnpVardeSRR/70pz9905vetMxLT653vetdsFy32GKLiSZXJBKJRCKRSCQSiUQikUi0iuShk7v8Bs+CDCQhOsyH1gO8THRlx2X9yLgDnZiBZ+jbe0LiRHWqkINetR2eQLvvFSMR/B2UfFVZtMebzaWjWauFNgSd6jd9RVgVJSMBo0LFeoVsMiZu/AqJ6q+Gq/MxhlxgSgmVwck7gWIyOpYhures3M0VKa7qOgbAKA/xeEYFUQEYnLTZhLEq8kyVZVeeju4uTKvBo9SHzlTAIPcq1aGhAF2v1YYaUZKEkJ1ljwedqMyLpU8tHF24uMgy9oxw3JJWNTznMFfteU25BnURLIGJeSZy4xpPcd8AiCD5gDFJtUa9XqvXx0fH4OewPommM1jhJ+CwPc+xVEOl+ixr540GHFp3EAIZonB4DTqIEHdcOZClAAAQAElEQVQSeZeUsgJAVH8dFmv/FSMYXvfK7+rXigqNcXcmm7WoiG1X4KrMYfiYIO2HuU1+J4E+0QyjaI07U1ZLjaJVLHcBWk34Qmx0bm0LQ2ry3BEzVhUxxbg4Aw9YKiVTGg6d8YOA52c0TLtF7uAvOgqWvL/TDQfWFCZP0zSgIZ7YcBCInzX+mTjiMpg4BRNRZAWiXsQ3JTF3mHgdXWE+NJoF5R1wz2NDqjARjBb5FYGwU+4dr7TsG4P4EfMrUZRj2E1pHP7mECIdoU2J93GiIBvr33Rwc+gO+8TQnHSmFO10HMdh2awnTLVhixKviDbi4okjk2Xp4sU4XEtHR6fPmD5rZFZjqB7XY5iGWg2ziywsN8z8Kvg+5InD01EMGL2FofMJTFRMndctDcWeLMuKsTHTTltJu1ZHXAxeNAm5tzjXFOVsXp6pZ5FIJBKJnktdfleuVpmuuDt7zVYrAtmcddZZzWZTPTNBsf+Nb3wjP7/88st/9rOfqZWhgw46aLfddpt8n/Hx8UsuuQQ+Q+64447qGQj+ff/85z//yCOPDA8PH3zwwQP3Oeeccx577DEo88NnuKmc8IEHHoAPqz3bDz30UGjtwEO+/vWvz5gxQ6083XDDDRdccMEuu+wy0eDAx6pbb72Vn1S377fffhM1Mujb3/72Ntts078dhujvf/+7Wn5tvvnm66+/fnULtOGqq66aaP/ttttuZGQEnsA4//d//zd8oIKxVVPTsccee+KJJ5566qnHHHPMaqutNsme99133zXXXDN//nw1ZZ1++ulw1EMPPdT/EqwHaO3tt99+8cUXv+Y1r1ErKhjhe+65Z86cOS9+8YuVSCQSiUQikUgkEolEIpHoBSJrn4NK30QXdXkbITtmosOrsImXxoI7Qidpa7wsc6W6wnGU8yvoEBqTdPxZGxNbKfpr7wfBRW3LthUqOL2U1eZZNqkYmP7DNjZYQS+pbl12qszW7QqV4yxNiywjv4aV31nbMQnRoVPuhakczuktZdFuEhYTTuoHS1VYkomimlaupgadeJyqRMMMqKVjy6BQAT+7H2o0lixesnTpUijDE5KCVhDVhBrGIMh8CKGNIi+yHOYohZ/e1mo1hBe6LwRjCkfDdkNQSOBOGAEJ9icR+UsobXoaGcYv6lxds0VO5NATm9BVcgI+iBFBFxAy44ijyCS1WtpuB/AiXFohN8NsDREgAYxCGxKkSYxBzALGga1B8NGWUR4VZcldrtfrMbmVxEgqOXmXEUMhPs7Eg7yOvBcP0S2BpIvokhFZxYTx8SOgVNc9oXmBwj4RThwG50A7xgkWsfV65Pw+CKDxcTi6jnE5up3SyW1Y8yXFJMFoJQXsX1Mq4cQZpX0iUtnBPiLyAgpGNZYMYHgc8dqGTZyQ6Ii9jQ2Lp7N0aWTYcgfsOTZFsx+Jw814dx4YZV3yFd1P6HaiI7oonCqC18bGW81mG1bq6OjojBnTp8+cPjxt2pCpYc4RTx8MFE+ctt6AyCFAwaUFNpo4wdidOImztEjzNM3ydpY2o3woi2q1pIZIEq/ecNcYtcpvY5FIJBKtOt33BP1Ta9WqeDvH1J4V0o9+9KMFCxaoZyYo2wfo5Kmnnrr++uvVytCb3vSmZe5z0UUXtVqt9ddf/0UvepF6BoIPk1/+8pc//vGP/+IXv3jVq1619dZb9+9z6qmnwuOBBx6onoEuu+yyiSgf+Iw3cPv3vve9G2+8sX/7Rz/60V133VWtAsGSgFHdfvvtB7561113wSf2iVp7ww03HHbYYWr59a//+q890MnChQth40T7n3DCCYxcfPOb38yyDD41fe1rX+vZZ++99x44X29+85v//Oc/33zzzQcccMD3v//9zTbbbKKr8GT1w0MT6f7774f1D/9rE+6IHu2///4wRL/73e+mDp0ce+yxV155ZXUL3GWKFsxBBx008BC4JWHZKJFIJBKJRCKRSCQSiUQi0fNMvjSpJjCi0KrLxaTUekpYRigm9libTH6sDnkuPhuEmzio2ZwaQ/kodEjWhrpmy1VgNVWk/a/6czAIFd9NF6HxXBU6K5V/KkIbKpFj+gaVjEsbklOg/dhNZ3LRcaYJ2Sllb0iSL3yXGELk7RKCNQnyA1AI5kL8CuE1Woej7AQ7+EsaS8PuPECmRodgUZxsJ8qOfYuzcwjtZWcE/l4HdGPVzWbcf+JBQ2crThiKUlpcxsrMmTOHGkP1en3xksWtVttb/uiKYw/7aSgmhWzJ5iIl8Ss5lAqCf0nP7eTtRzopPIoIBmd5QjiF9pYqOrAHVbcTPznKc1luK/uTRFERoXWHbiP+A6clioLSf6Iog+8zVJ4XgXSBa7TRtwPNOsgpRHuvHfYusXYIBwqOIoLEMhQCSqMoobOh3w/02ZbMJXQIG2JeXE8VX8JzNnTToImI47RcwJBBa42cruWIDR6lsGbwhKXFkB0DV4G+mqIwOdwfadbUzbIooQtJLYG92Cecb0LoO05YrcZjYjtOJESgWJUXVmduisn+w3QWLI9RZfocr0O9K5EEYgRImZJQmMiUPdI4xcY703AX2O+HDVK0R/OstZ13mXBxt4vHdjolQhxGmIx8dHx8rLl48ZKZs2bOnjUyMmukMdSIaAbjOIIhhzlBNgf2VQzGYU9KOjHTfYlO4gjnMEuzdrMVRW1cI3k+Ojpu4latDvOb1Or1RqPOQJXYnIhEItELXUvG6a9n9klsq/XMm7avffecVjvr2r5oTK2Y9ttvv9HR0cn3ueaaa+6+++711lvvZS972cAdpk+fHp6/7nWve9WrXtW/z+OPP/7ud7974403/u///u+w8cMf/jCc+eSTT15zzTX7D6lW+pcsWaIG6eyzz4bH3XfffaId+s9Zow8n/dppp53e+c53nnLKKYcffvj//u//9uwGVf+77rpr++23H2jvsbw67rjjhoc7YXkf+chH2u32RDvfd999A71DFi5cqFaljj/++IHbP/WpT11++eUTHbXOOuvsu+++avm1YV8YzdDQEIcTwYe6888/Hz7O7b333uHVWbNmweO555571VVXwYelkZGRJ598Mry6ePFi+Fg1EZQDi/nEE0887LDD/vrXv37iE5/48Y9/PBF3wtAJ/B+KmprOOOMMeNxzzz3hU/Gdd97Zv8Naa60FLX/66af/8Y9/9EDzIPiA3++q8uijj952223wUjWRB1YydBDWRs/O8KET1tK8efOUSCQSiUQikUgkEolEIpHoBS9Kd3C/4T7ZflXKpPp8EvKAat+uSKoqR3XvpPy1radN8BCoK6etFkaxOOLBqpAywRk7WPg11Yvxfuq5FjTNVsxOYEvJBhAUrwPfRibqHbQOLdAJdeHvLXslwBmwoE+RF8oXljkaBV7MiyLLYb8Bld5nVPt1/cCn5HFBuANW3APX0Lf/4NOwGYvh/V1AEDMllqeST24n/o3alVfDxjPFbB2xzB2Nz6nx2SZ4FIa2oMOHmTFjRpwkUM8fHR0ryiIcyO47ndVOQUKwkWmMHKerCFE7yt9R1bQdtgBRbJhB4rCekqANNCepuEr4TqlKAzqpSjbE0DAnQqYhcHp+ogimMYh2qCiCnw7HeRRTq9p8UVzNxDwplbIJB3vdsAmGolms1+p8UXg1w5idnNkR6HCGX0VSy+q2dEwZXBv7aMk5JfJuRURo0FJXbpwxSkorXWXbrNsvShJFGUGFfyUkCmGDjFtoxGjZ4NdSZO0U7sI8i6FJcQwnSfin54zRQHdqieFvmRBirir4vlBSUlpaU9M1HQaZwJDSv3WF8eee8nsZdsa4PpLjibY0v+j+Q52o3Eia3YxsQFoI2qLAHutHg9E8Fe4Uq6rX5QvRUWXnboJLN5vtLHu6OdZsNVuzZs8eHhpKKDNIm9iogk4Px8PblKGcJWSA8D1LlzHjPkbHOoaJrydJq12DCkGKf1LYD56mWQpbymLa0FAjqdW00ivznhWJRCLRC1BbrWcO3284idSX3zr0tdOaPdzJiunjH//45DssXLiQwY7Pfe5zE0EnVVGA4ID0mbEx5GL4w17YyB/bpk+fPnmsTKvV2mOPPSbZ4ZckNQVBL9797ndP9Oohhxxy+eWXQyH/xz/+8ac//emwHf4V/8EPfqCesc1J0Oabb94/DpPrmGOOCdYj//mf/8mT8jzUNiS1MjRr1qxvfOMbirxVzj///C222IK/Dbr99tuPPvpoeALb99xzz7D96quvhqnceOONP/jBD0508mnTpn3nO985/PDD//jHP37iE584+eSTV1999f7dOGZoik4n8Imd5+Vtb3vbZZddNonjy6JFiw444ID+7fPmzZtoZqGnr3zlK9WyBDdsFc0RiUQikUgkEolEIpFIJBI9f1T5nf+pHuGfLOOo3tMOgg4GHdYFEdjB6Il2VhdU3cVCbVnkaStLW1CVxQ1oBdANI2hvCWH0lJrxrKhTEXZNYw8EW5YhXIfdxGO2oOCjuFKsO4xAVxnd+iAOOjuaPzhDhMrwu4p4XpqVOhIut8T5k3jSxyWsDLY58S4MlbmyFAxU5FCwx0aXDCFpo3SJQSEMD2k2htCMQA08+cosYts42HhUr9TzXPct+rADr2Mo2MOPgOsNdHgYHxsbbzYZDQGRmUdJi4DIAwI/iqKkrwLK88P5MOfsMD6icG45+sYEyoGYD+d6wt8ykgKyFIkCZRITMURigpUO7m86rEFoMH+PRhoOGbFsOpJlGILDx0b+bFEct1utNDV5llPsi+arJ0XJWTlRzOxJAlMK0wd9wQ6WpUoRh8gpv0dT5hDev57AwTP40g4awERlB6DBl2Hc4LnNikLBF7wP+HtcMZBSlMoge4V2QbBnFJO9T0GMSIEmNOjDQ4vMvw/CQ63mugkdhf/cYOKWPEliaDkzNGxGUtM1Jn6QnUGSS3PuDF7DpkbHZR7nJmfixCcQETwU3EXCfWM8GGJUJyCJMTQ+ELpI+4SgIbyr8R5HBEaVmoEU6KEhxsy/v9ApDf/yKNEhJY4l03vajaNbRfSGw29DuJyhy6OjY61W+4knnlpj9TlrrLb6tBnTLU6b5TetSMc0cEiylXkRGTTFYTscds2JogSaNy1KakmjGIaJKmFIR8dH0zRrZe0iLfJ22hgaqtVrpvLrrSKRSCT6v6ZtNjBff4vzxthqreiwNw996dSmWvX60Y9+NDo6ut12202FOAm6/PLL77333uqWpUuXKqqI/+pXvwob2avjjDPO6IFONtxww9122626hW0terR48WL4N7ZBUlNTj2UF/IvcYzHyuc997pe//OXuu+/OlAzr/PPPv+OOOzbYYAMYh+p2TjwM3z7wwAN/+9vf+Pmjjz7KLWTrC9Cuu+460NBlipo+ffrIyAg/D5/9rr322hNPPHGiQ6DNioic8847D56svfbaX/ziF+HJzTfffNlllynqPu95wgknwCcnOH+VyHnf+9438LQPPfSQenYF3YTHHXbYobrxnnvuHa5ezgAAEABJREFU+eQnPwnr6oADDqgSJzAL//7v/z48PPyd73xnaGhoktNCl7/yla/AJ785c+YMJE7UcsbrXHLJJbCkYfVuv/320OaXvvSlajk1e/ZsJRKJRCKRSCQSiUQikUgkeqGJy4c+XKFb2hU7GdvQ1ayXrr0c6DCI+tA9Vf1qckX1266DrZ3cWYQqs9ZhFOx90Imt6JzKl8N5fyi2Fu1ms91EmxO+MkZZFKU2LhSFS/Pe5iTQAVqtVJsT9lyYXNXf9GMjBiiLx7WE4kQa0L8szcknouSEGVfxR7sAV5C1nWp815gws1JQnb2gcr8bzoL9TnzuCr5aZGgxkGPdu7AdbmL5BiNMa7XXSIZQ/RzaAuMPJWhDFX+u5rNjSRcOZLuelPwM2l+k6FvTHhvHYB12hqDViguiLHlMVE9GTH8TO9TO5DJ9B1pfjneKq1491V27oa1u9mUQ8wLrsB7Dz/Dr8GPiaNGi0aWjeUGWJN6xg3mTSOnKFfGxnbbdbUEchvbiA5n8gMKA55Vs8ERhu5Sws/G+I6rqO2R9yFa4u7opHgyUSRDbwDmlR0ppgjOjAQkaWkRRLam12y2YtSzFLBvy5CisTaEBSMoUMYInscUrE17g0A1y+NBZBudhl5YsJ87DljmG3OQ4WLWajRMbIX/DEAaOgHE4FVkFWWI2IjoucGp0T1jDT/mGoyVhiHdRxHURjmY8+mW18xyic1tyFuEhhcJFhA1CzxtoUOTRH2e5g0RRlMdRkbkAHEUtgSP8u5nVPkBHEfbSQ8Dp4JGDvSnxzrH0HkCN1qbz7lWS6Ynrk6XgraLk5WYohcuQwYxVDtcKbxk9TidVm5OApwRPIqLWcEtZqBzeRYry6ScXpu10ZNbs4WG2J0lKTQALUkSxSjR0lv9JwZu0KK3nn4hNMXEtjm0MgwJP4Jg4brXbmPIFpb6xsfF6owHnHJwHIBKJRKJ/dm21nvnymzppLPDP2pk3tNWq16233nrmmWfCk0984hPLdeA5pP7tCxYs+M///M+ejdXAHdbrX//6KnQCJf8LLrigZ5/rr7/+Ix/5CLx0yimnrL322mqFdPrpp3/zm9/s386UQ4/uv//+nuSgww47bL/99gvf3njjjUcccUR1h8cffzxs+cEPfvBMoJOBgvG88sorJ9/nHhI82WSTTXjLzTff3BOdc8IJJ8DjuuuuW4VOJiI2puLLsnJ1zTXXwOOOO+4Ytjz44IP/7//9v0WLFq211love9nLYDHwdvgAedRRRy1duvRDH/rQkyRFvM6mm2468MzwsflrX/vaJD2autMJfCbnlfzWt75VUVoTSK08/fjHP/71r3+9zN2ybGU4IIlEIpFIJBKJRCKRSCQSiZ5Xmjidpoc4oernysQ7fBiJdVESSFrkeZqWlKABFV3yi4hcCZ1KvVzNrabSrFziZHnkc39QGkuxUL6t4Rf0I03bReYhAfKViMh3gcvTHUjAJebQ6So4BJW7KVgHyRtfbfcv40OJmSHwBWOlOhCIb5fqHZVleYXYQZsc6IRtJj+IykUGMiLdFAcl88BEps1W2mpjPb2ocDbO38S4w1aCnckg/5W+bXFnTU/g2RKa2HGkGbwLrlf44e/w8DA8JknSHB9vtloh+YUNUbDb2hEJJT1NU4cz1EoszeMvnlJkT4AVerCY8MimI4p+hs4wCiIgHlsJ3XEz0+dHZPw5LSUbRTGmyrBlSJqiEQgtOcrciaJ6vQGLNkvSLC3gpYJjokhwb0YRGmDEsXM90ZQnxXE10KqsiHOOwOEMGViqxh+OFiNIZrHRC/ln4OHOp8W5m7AjCBqNlDSYiEBZA98EoIP9f9BRg1xDEMiq4EW08rS17ufydOvVGDrhjsBfKcVWwRMkxcjBxWUeIfJC9iNExqDVh3GBPuRJAl3ApCIylTHUBMoqctYqqupihO9dCB1pYk60c6OhxW74FKV7J6O5IsMTw9YlvH9YhW7F2lJXFq9h2xTVWesdjxtN+A0OoBsPtyLzgiC4ohwdG3/qqcXTZ0yfO3fOnNXmNobq0BEKFsIGRIgQOU7QMjcEB9GbQGmcFEJHybRpuo6eMWme5XCTwzIaH2umrVR++1UkEon+Dyqk6rDg35yj/jh+7V1ToYafkaDc/o1vfIP/gdxqq63U8uuDH/zgi170In6+cOHCI488cq211vqXf/mXsMN3v/vdRx999Itf/GIwePjHP/7xP//zP8s8M7Ttq1/9qqJ4oB7iJCfxJ6JlnqfRaMyZM2fgS9BxNmKBtk30ybaHRdh44433339/fn7PPfdcfvnls2bN2nfffXnLCpMxk2jXXXf9+c9/PtGrP/rRj66++uoPf/jDr3jFK6qt3WGHHT73uc8pAhS+//3vw5PPfOYzMFzTp0+vHt4PA7E+9alPQdfUsyX4GHXdddfBFIR0IUVU0IIFC9Zcc01YPwMjok4g8fPttttuor6oZTE04+Pj8HjfffepZenEE0+86667FLE71e3V/0WaROH/OyYS9Hd0dFQtS1P5JQ+RSCQSiUQikUgkEolEItHzWFVTkLJ7Y+enTL0/SvLESXhcqeiJI04U/1Z9npdQ/oaKcIE+ITYgJhTEwoEsVYsN3cE+nmVVwQBmYzB4otZoQDE+S1OXrFOUBjkTZAOwSB9HuhJ7MtGP7Jw5DNXHO6BNVwKMgvJ92m7DhWA3roJT6VotSyEGZ3B3er633i5C88hz+VtXJmCCk9AkoUlEkWftZjNL24bdSmwli8RV+dlGQS0rK0mvEF3U26+YoRB3ygqr0X0prTycYVVv05gLMREl4xB3gmYnUQQ/Iq+NjTXHx9spmoJwHpFLjeJOeoIkyywDDXmRw5oxkXJBM90pPww0MCehKj8LDj+lZRICB5EfSYZHihaFnXjk+MA4DrYcSLSU2i3K3Bb1eo1ojLY2Ks+Mhzbgq82HoktNgmsa4ROolxjDCT0MVCBTkWM3LTzaDL1OsqRIshpBJ/V63SaJYUDEAx+0wjhBxrhBNsbdSGUJN5Fm6xEYVbZOKjGMxujIoklSOcjIyQ0jZh6VJf9KJcMf7ByD5yfbGAfBhClAA4+YlygUzYzJYF8aAWLk/GgmcT3yTcUV7GsBJgA0aBhkeZHwbjggZBii6c0NtxeaLV0QauF0HWd/gusFr0/LBzsbuCJengbhFdXl2RPeBxhMUrwDesHQGw7vmGcI3OQwM3nZbsPt2RyZNXvmyPRavRYxBcZ8D7bSLbqiyAg9wfQdHDNsKTIouEJgPxPnUQYrAA5Pswzel5RIJBKJ/o/puSJO4F+pL3/5y7fffrt6Btp2221f/vKX8/PHHntMkefEq1/96rDDT3/6U3jcbbfd5s2bx1tCcMzkOvbYYx966KEtttjiPe95T89L//Vf//WLX/ziwx/+8EAWoUdvJA18qdVqcePPOuusKaarbEni54cddhg8rr766p/5zGfUKtMIaaJXZ86cqQh26WGGNiMpyo5h6OSd73xnrfZM/dRuueWW6v8OrJjgs2VPa2ERjo6OwlxXmZi3vOUt8Ilq/fXX/+hHP7reeuvtvvvuvP2iiy569NFH4dXhYXQGWrp06e9///vq2W688cZFixZVt8DlVlttNTWBHnnkETWB801V99xzz0Rcy4c+9KGbbrpJLUsHH3zwBz7wgUl2+NKXvvTKV75SLUsLFy7ce++9lUgkEolEIpFIJBKJRCKR6AUqq3qDUAaV+qtFTLePXQkeJ86GoasVzkZFu7yYPG+n7VYzTzMMYMH6ucGQCiYvEOwINWHfcueBotUUfjVr1YlL2+w6gdX1LIPCrq+DU1GdPE4QAxgA9PQOLNMqmGtRWhddQnCGL4kjvlFguA6yC+xswGTE5KlHWi/bTIQq3QFMIeAHY1jQ0gK7MMHJKZqjchLPM2G5HQYiSzFmxERQyracixJ2Nf28x0SNXJHlV/E0cU2KB77cdR3vNRIiRcK34ShiQUp2awkhODNmzICfMsNPjeEnzs3xJi6BAl1o+tEWi5MLhfwyTbMkaWPqTK1kvw0OnXG4A4lTdRzD5G1UQoiP8vgIPI989BSl1VCzK1MZetffZWgAby9U6fprY7IvKf1BGfyhllhveWLzQqVFFscJ/iktAiwGAYTIJBZvWs2hWGiUwr/Ma7IiSaDDILhFkloNXqrV61EcQ//db/rqrvHXdMM45Aq9SzRagZTE05ScWsXRO7rQcL91fkHTOvsQh1kQI4P3EVy6cDYshTMUytIiNyXBQREyOIaGjt5yoCs0kjW8f/N2O/XACt8oNstz/zZEtA2/sXkki5EqODG+5DkhBonYlyVQRJrigaAFFAXUYW5gsyFUBGV0SCmzbhFZJgd5c7hv/JujVp0QLL7P+M2HkalIkelOlqXN8fbiJUtnz549a9bM4enTYF4iQ3BJgJZwMFzeU+nYE/7nABkVGJs4hnfmKDZxLamlaTo0lCuRSCQS/V/Sc0WcKDLJgPq97gpJVEuWLDnqqKM+9rGPzZ8/Xz13uuGGG37zm9/AP+uHHXYYf8BbFYJ/eRV9EpkiB1MVfGS9+OKL4cndd9996aWXBvLmhaV3vOMdA7czP9SvQw45BFaIemaaOXMmLLzqlr/85S+K3Fl69txvv/1uvfVWeLLpppt+9rOf5Y333HPPo48++tGPfnT11VdXlMLTA538+Mc/7iFIvvOd70wEc7Tb7ccff1wR+LJ48eKJ+B74HPe1r32NfRP7tf7663NGz+QKZj8ikUgkEolEIpFIJBKJRKIXiFY+QhHiJrz0JFepVttXoaieSgYaqsjTrN1KW60y92wClmIxQAIK2cEVI7ArpkIFqOeBYvhJL9TmETfJs7QNVXVsOzY8YSsHpGcq+7vGq15cBmv66IABXwXVdR2EQKV1rULmRcnwBl6haxptt5vJcozNAPsTLrybOI4S/IKLWZ+QM2HoTGA5KH+mIHTGxfTQX2VoIc8mOzr441d4LgetVdu/QzzRkWEluUikKnHiBr47s0Z3rEd4TwZBpk+fXqvVWsOtsdHR8fFmVqSq+/x8GHlXIFpEp+oyMmHmwJEWHlMITWXuQRGMQoEv6KLBTh6WY2KiiG8qbGFpjelyT+kbJqtcAA1+U0QlW4BEjDgomxBIRc4pZF7C0Am2o0DoIddtWKYpBv0YDM1ByxNDbhmwXPAepbktiKgAQV2EHVPwJN7MBy7BhI0z1WGPEHbq4I2RYeikJO8j9PmgpCJizZg88QNYusEM7xCuk/QegzdjhNkxETeCIQroRFnm7TQqSg19wVs1IuSk1C6kh9oTxbUa3N7tovR+M+Q0g7RKaaMkSnjBRKZnDRvmxKg71k89XbeDDTmcDDvoVp6zRSFsSzHqQUsjrBNyRtF+wahwO5bYLu93wpemdxlDDjg0QiW/yu8gcO5W0YK33nartXR0yZzZc1ZbfTWEkAxeAXYuMORMkesJDTjl/7ilWBS6ZH8aXLRRUoPprzca2TP+7cBkjpIAABAASURBVGGRSCQSPU8E7/Ef36t+6yPFJbdMCBQ+h8TJGWecceKJJ8I/T//xH/9xxBFHhO3/+Z//ef7551911VXHHHNMPwTQr6effvrRRx/l508++aQiZDZs4W/h8Yknngifo+CQyc/JwTqw/3vf+94ttthCrTJBqxShACvAtVxwwQXtdlvRp99DDz30pz/9aXBAWWGdeeaZV199NT9n2CIIPgc+8MADm2yyiVpJ2njjjbn9A7XOOuvA49DQUM/2bbbZZmxsTE2sv//97/AZD4ZiEleVadOmVb8dHx8/5ZRT4Mn//u///vrXvw7bDzzwwIMPPlgtv3bddddgq3PDDTc89NBDk+z84IMPhv8lue666/bYY4+Bu5188sk333wzLJW11177lltu6Xn18MMPVytD3/72t3/84x8vc7eJ2BeRSCQSiUQikUgkEolEItHK1SqnPVB6Iu6EnA7cL/SrionIM8zW6aYggscJ1cctpY1gNANWpRUVX8OBZODg3D7I1MOaiiPHcyKreq+vVVTkZUbJKlCNVa6aHMVJzNkpypeAVch18RVhVZlxLuZyVVpr43dmMsc6Cwc2SsDdiUCwaipOL3y8SzJyjz25MX3HaLTwQKYBzQyiivFNdSj6xqZzPSrJO5XePMXaLozGLakJO2A7dh1qOVQtdpR+eG1M0EulrWilYXTFgwcuU1i2peF2qZCzwwCHJXyL3XfCQcxqKKq+B9+OWr2+eOEiWBOFm0vLRAvDER6tKOE4KP1neZIkZZJYjK2J4TmmveA6IBcb2IgGMtgEYhAQxkJuIC/KKNKYh4KNwr1NiaAS3jARZtegDQaNbhhs4yxsOuE7iqGKhmGaCf60my34Ib5WBlqBvAGsAZOmmcarUlQOrNHhtTdYfevth2av1pg1Ox0bby1ZtPj+e56649ZYE/1iTBKZeqNeS+Isi/MspTQhwpDSlDkjmBbYAF2FxvGP9dFUB10zopLAhWASQ/xHCS8hh+ZtQ3j0+FbBNkbQ2cLS4LibxHadhGEJciWC1Ux+LaWFZsHYFToaWnP96fM3mbH2+tno0taCx5pPPNZ69KHIWCJiMCgHZ4W6Xya1EtZNnuatNMcpsLUygWbBnQ4NcME5jM7EsYvFsaoDg1kiUYgTUsHQhVAenEqaAZw72C3cEyXd4wTxFKVlGkwRhMLwCs2vW9De/clW37i1T0fTfLTzuXK3ILRk6ejY6Nj4ooWLnlzw5NprrzUyMoIQkcGMoYIj0GgRKjKFCeRTCf3nO8j9h4xapJ6NQqNIJBKJVrXgk8e/vqHxsk3ivbZMlGoN5E522sT8++ufG+LkpJNO+v73vw//+HzlK1/Za6+9qtDJ5z//+YULF1566aX/7//9vy9/+cv77LPP5Kf62te+1rPlvvvu64+z+eAHP6imJviI8dWvfvXBBx9ca621ppKe80zE0AkbZiyvzj777BkzZixdunSTTTYZHh7+zGc+87Of/YxZjRXWOeecM3D7okWLPvShD8G1fve738FF1YoKxhYml4Nmfv7zn6vlFyf1TKI999xz8eLF3/rWtwL2sUydcsopcAg8gWGcM2eOIupowYIF1X3g41NAZPhzVJukvF1NVQceeGB4fvjhh08Ondx///2KOJixsbFrrrlmIHSSZdl//dd/wafao446qorFBDWbzamkDtVIk+zgzAtFIpFIJBKJRCKRSCQSiUTPPznXgoF+HjZsrOAjnaJ68EfguvOgnwCHnTHIgZITdNlz+QFHqY4RQ5WP6WJlHBihiXXAnAnCBtiNIHhbYHUfuQT4IVeapeNkc1JaV+iHwj9aN8Q+MIJBgAiqyzb4GnQglpWE6bjqcJeTh0+ZqHIPbDrgqsbwgCYIBZbjradEqOaM3g8Ol+HdvdmFcq4TvdyPpWAdsntRVSwDCtSG0jfwJ5bjzbTVztlOGwaQf0LYu0Kq37qiM5sd6Mq6UFwQd63yphbkg6BjQxOHphVRHAVgxreXXSWYniGLEDze4JEFQRpFWWQ5tBO2RDR48GqBRXk3okktiZLID0Inacf5pNhqTwgzsp14EDrK9K43E/CUsL3s+Ta2vYPEzbHhkh1/CO8LQovY6gqr43JPvOtOiDbxJhZ4rENPTAQ//x0fH2djEhAs9XDzOAalwGUEa4evSCwFNiBE7ZDDhMWVT4YZnLPDRh0MZPGpVAHFnpKMTvAk2jrXEAp/qayGYLjiTm64wZGmkhE/0NKDH5dzMyhCJY7zWhSnzXa65tY7bvXuD46su4HqU9Yc/8eFf7r+5J+ZdnMIyZkIlj8ltkRGt1ObcePbaUpNxdNyflC9Xs8oZwgOCjFDIWMojJiqxAn5gB1+i4RuFzGRHDwFpcNtfF95hkvrpwk7jTDQzFlbHnDI3C22JRqnS4sfvPfWk/970QN315OoDqe2iuAr86JDv1ufvdqDl/zxll/9xCgTM6tD/Yoq48z2M51fO+a20ooznibT3RFObh79rWboj3IWNfToEC7/re+/vyUsn9kSghT+QdA2EH+4iuGeLhx45AYH34TpiHY7y556utVsjsyaNRs1AnMXwx3sfH0Ktm4x3sPGmRfxMmYk0HoiRiQSiUQvcH18r/rLNsHiMfzj9pm9G/3cyU6bmC/sMxz5N/1njTiBf3C//e1vn3rqqfD8sMMO23fffXtiQYaGho455pijjz76jDPO+PKXv/zwww9/5CMfGXiqHXfcsb+CDiX8G264odFovPa1r1WTapttthnYvC996Uvnn38+PN977737nTZWrlYYOrnrrrugm/vvv/8vf/lL+GR1+OGHv+c97/nUpz71P//zPyMjI2zusgKRPR/4wAc22mgjfv773/8+ZMTMmjVrnXXWufzyy3/wgx/8x3/8h1ohnXfeedC8d7zjHdttt91yWWW86EUvWnUkBCw/GEN+vscee7BlyEUXXfT5z3++utsll1zyspe9rLplv/32UytDDzzwADzuvvvud9xxB1zl3/7t38JH6CCYyvXXX//1r3/9TjvtNBA6+eQnP3nTTTct81oHH3wwTPEkO3z2s5+dKAaoqoULF8LdoUQikUgkEolEIpFIJBKJRKtY3U4n2n/1S0/wfOCry8QyKvvoAd4ZHY+Trgq2Doa+1Z1DGom1/Ve2jEFw+R4K6lmatputPMvII8TVQ/nMWLeNfbaDcmVNVQEDnjXHE0q06OoDNZG/KfMs5cIzwRWcyGEQ14gIOnGD0XNGfqhQO2TTUOYFnMdQUoomqsD6wBoXblKUbQR0ciZ7kChwwIRahnTZ1QbreZ6Oj4h7WTsjDrYvwP8oxYPzgPhQf0rrZsw4PiYqsTaNhi3olzE+jklDvIBpP5xxo2P4EX+jYeDHv9UGdRZgdbm6ea8E2/Ds9/UubNKqQohY671hYHvc60+jtedNKlV/dNSwpTPU6EIf+DK6CiBVoob8inRP4KfbM2bMaJBGx0bbLSjpZ1XCgF1kGEOBIkVmbV7gsoFLx5yVYww/4aszbKEraTvhOfl2lEQnlcw6sEsNX8JUxq+sjJzuCdwxzBAhEMQb0jTFJVdQs1QUq/qLD/rUOi99VWfMi2LBww9Onz1naMZM+DYZGt5237du8opXn3n4vz19753DjfoQTHQSJzXMrMEsmzwvyNaIRzik3MAWGJzAnXCvA33iJ1WHTJmQU1PJLMIlFkgOnko/9w6WMu5WxNmD2R3a+EVbHPTZ2oxZfIWsOf7Ug/c1ZsyYudqaJqmNrLfhrp874rZzz7jrjF8N15KhxCSqw77AWKfIWuDdysQGrPiYk4Aq9irczgDNhCCh6oRykwJJE7gTfl7oglYIHBthvpDRZVE6/gu/InbQIU8hFU7YdfUOl+JejJTLjfJeKLBCClrV+A42NjYOUzE6NrZk6ZKZM2bOmDEtadTJ5iSGPvJVyLenUCHuy08AvfIsvSOLRCKRaJXq/FuyV2wG//y5bz+1Vxd38lwRJ+Pj41/4whcuu+wyeP7FL37xzW9+88Dd4IPEYYcdtvrqqx9//PE/+clP4KhPf/rT/bvtR6pugX/ODjroIHgCjx/60IfUcgo+zwTiRKnOLw0ceOCBzWazuicH9Jx66qkXXXRRz0mOPvrowG3AP/H9nitVcVLMtdde+4Y3vEFNqrPOOit8poVuwlVWW221PfbYg4GJ9ddf/yMf+cixxx4LI/bZz34WOgKNh0+wajn10pe+dKedduLn119/fYBOFDnQvPOd7zz99NP33XffF7/4xVM/51NPPcVPmOeYPXv2IYccsmjRoqmf4U9/+hObo/RodHR0+vTpagq65ZZb5syZs9Zaa/W/BJM4lcbMmjVr/vz5/Pzuu+9eunTpVlttxVhPu93+xz/+oVZU99xzDzxuTvre97535ZVX7rbbbv27fe5zn5skbQqW3FScTgYOo0gkEolEIpFIJBKJRCKRSLSK1Cn1stWEVS7upAISuFq/VUVetMdbabNVZHlJpg9c2q1USZF6oBLrqq9mdniFwa+xKPtGs+uGQgOAkv03Shd2QSYt8PNu9ggx2nde956vy6oDg3UKrMm7VBBmPsh+hg4nF4OSa/bIuFitp5KrM2lfe8R+NFp5iwyjI0w7qf6MWvf1ogqtYPwJlcvzNE1brbTdhjmF41VhOaaGXU2SWq1Wr0cU2RPwkIl607EhcZyPdvYiAzpQ+p5R4b5krsnSWOFBcaXXNnRJdeEXFm1l+FtKQuHJJrSHzh34Hh0a1zkrnyeQBJE28PN66mx9yZIlrVarmj0PO8Aosf0JRTJZoiyMs80gIxDeE+8A3WFfoshhMUyEdObOXx0Uq5jSgzxo4K1NqpQJ4iloHGSd34zPHoq0jmtxQzeiBJmYLMP25bbc6D0fDsTJDeeccdVZv3vg9lvTVgrNnbnGvPnb7vDWzx46Y+5qwyOz3/L1/zzpXz/+9EMPjAzDTDQa8DN1+k3iOM5hEGiZc9ZOVNgyR6OjKMuQOykajSzpiGkMSgsy3AtVfX9BEgrbrZ0bDUUgleiexNOCDAXek6W3SXG8Emwd2ekVm77n4wyS3XLumdee+ZsFDz2Q42BquHG32Xufl733w9PmzN3idW9ZcP89T157aVHW6rFL9uKFltIKqRsMoCnp5s+L0rmYGGMVG88gMUdxQ4afV6EQVfE7CZxT8Mvh+1/7qS8dJQLbY0JMEAUjYoffG+Ekplrrs95DxfYgJ+7ijOgQNqKJVyKrIkPnSFO4f5eMLh1bPH3pnDmzRmaNNBr1uI4mNOg0xeMLgx7zUBPwQrOC2UBWLfevRYtEIpHo+ac7Hym/fPr4194yzNwJ/BMauJPniji59tprjzjiiIceegg+Ifz7v//7Mo0iPvaxj0GN/KijjjrppJOGhoY++tGPqmXpT3/608033zxv3rz9999fLafg8/lhhx12wQUXwPNNN930zjvvDC/de++94+Pj/YcsIvVs7Pms+Pjjj6tlqUWafJ/qJ8DTTjvthhsQph+KAAAQAElEQVRugPGp+n9Aly+99NIDDjiAG7DSPVrWXXfdgw466Cc/+cnRRx/9v//7v3pZ/1/34IMPXnTRRRdffDHMCG/ZY489YBI32WSTu+66qwfiAf3xj39cunTpm9/85n5WZiA9AwPyvve9b2xs7Mc//jHMl5pYv/3tb7/5zW++/OUv/973vtf/6rnnnguPr3/966vRQv2922GHHb71rW/x80MOOeSKK6445phj2KIGevqWt7xFrZBg1cGp4Mkuu+wyZ86cH/7wh7///e8HQieTECeKTIPUyhDcbssMMFLe208kEolEIpFIJBKJRCKRSLTqFSw1nt1fGl95VIezwyjdr+yrqlFK5WrwUtZqpy22OYGKZcG+HdYXybHYzPE0DvJwv7ivtNb6WRqcTrIKhay4BnAHqZHYWqjJu034Y3kTKUO4BnwTaszW0wmVdlvvw4AJKpStU7jh8qYMyLSgwwNDAQimZGmmvEGJDW4lUxkMO3EXXZKMi9hhA4MIRj/mbB1X6Lc+p8OfDrtrwxBBfZ+sbZCZoGydIi8ocydk81BmEE2oNs6IQU1Vk7va2J7uURW/UH6I2WkmDp4xnpEJ6EnXoS4JpYKkuDCRDiGjVNeP7zvmPOEQZAUICoEt9XodfhAMz6G00E7xD9ECHtXxR3mXi6wockMmKPwqTEJIWmFxekvVWpx7FnwyCM+Bk0bh22rOTsexw/FTVlVsPHhYMB2IgJgoLtMsH95yh3V23RO2t5YuOffYb/39rxc10zTPC0YeFj3+2A3n/eGOa6444OvHbLHzro3pM/Y+5PM/P+RDxPxo2yiRO6nXkzKBfrXarTRL86LAhBv4cbmCNpAFCmZL2VqS5UnC6Anl+hDABatQOwpDOeBEe9cZh5IgPcEGHlpTZgw6b9Ag6xBoZTkYqjG84X7vh1fzVvPCY4++9dKLMxdYhKYfeZ7ecM6Z991w3QH/+d9DM2a+9AOfPP3Wm5aMLR6uxdAgnqmsLFswL7CkNN/kmrPEClppGFaG04t5QgidFGVMDjaGrX4qb17OwsnZBGn2NdIVHx0Gznj5so8J3aVsKKLh9DBqWvuFitfVtAY6JJTROvxk36FHyrscUfAWvYcZBwFyfhVRJNCFJYuXtJqtRYuXTp8xbcbIjOnTp8McwnzA4KO/CxI9CARqR8zgu9WKU3AikUgkep5pIHey0erpG7atPcvEydjY2A9+8IPf/e53iiwZvvGNb0xOCQS97W1v42N/+tOfDg0NHXDAAbz90EMPveGGG/r3X7JkiSIWZCIPlX695CUv+frXv66obH/BBRfAZyd4snjx4mrp/eSTT7bdZPXPf/7z00477V3vetd73/venhOuscYa4Tl83mOKZaDuueeej370o/RZKYaPUb/85S/nzp070c7BPW7BggU//OEPYTTe+ta3VokWOMlxxx0Hj+zCsiqCgQ488MAzzzzzzjvv/NOf/vT6179+8p2PP/74P/7xj/BkeHiYkZ0jjjiC45AOPvhgGE/o/pprrhmsSq666qqlS5d+4hOfmKIbxzXXXPPwww/Pmzdv4403nnzPN73pTTBfl1566RVXXLHrrrv2vPqRj3zkpJNO2meffarQybOma6+9FpYr9ILvCGjen//8Z1h+IyMj6tnVzJkzeekuk39iwc7imyISiUQikUgkEolEIpFItOql+56sKtl+c4nlMc8Ing70Td9L1pMa9Ov4PsvEZZ1giTbL2+PNrN22CFvk7K/BJ8J0GShu+miRwBxYn1Pjm+lohik2tUdThB4qpiS64hhgXV+UKxnDg4mMwVAdZDW08Z4cndN0OqDdcHSahw4XeU6JQjF5Cjhzh9JC3Z+GAjmKssgyi4AOFoyXa33oZbzi4QzepA1cNKkl8KCIZgjdrw5a1auFptiwrUmRZ2mriUdZ56MBtW+oj8P4qIjL1NhfNnGowDh64haGSr2dYAfiG8Iu3RgJz1tsAx/jDgoWJRUHCuURk25ZTwAgecS5QpXXwpYqz2Eq/eGwmJHZs9rtdqsJamV5Zh2dEBwvFCWl5OhyAXMcl2x/4uALokBCUAubZwQTC4Yx2PuEIQNTGkMkRdgZZqFUA0kfXR0wghhKIp8MRdjg7K2zh3N3v/C47/zjqr8WlKWSJBEsd03OHHleZEsXn/AvH//Cb8+Zs9ba87d+8bxttn/s79eTg0/dDg3ZWowXge40GtZEZZq226nNM0MXymBll2WGxipxvV5EaQqrDxodJwk/au4E2oZElDpVGjd/tJiszovCwxKoHCkuf4cigYIsCHQlL4t5e78hnoYlir+d8etbL/tzSrvBnVuLo8S4hKTxJx65+Kff2+dfvxzXG/O22/nuC/8A50ki5wYD12hneWF0De9zvOdxAZBFCebtoFeOo3+gvbkuDb25Rdq9I6ChDRyGPXEkDTqjeN8a601KFBbzbKnYJsgQV+PYNUZv8DSYqcRZQoTEIXJj+L7jlV/62B03lVbbbpcgowziOsrhPOTwQ+vQlhx7NN5sLl2yZOmSpdNnzpgxY/p0DI2qk28LdqFAkMYiToOt0PKrqyKRSPTPpH7u5E3b1cKrzw5xAmX1r3zlK4xHvOtd7/rUpz5Vr9enfvj73//+p59++pe//OX3v/99KHIz6wB1cQ6mqYrNM+DjFvwL1/8q/5sI/6T2XD2U2OfPnw/HHnnkkXvsscdJJ51U3WfttdfuORujEvDP6jrrrKMm1axZsyZ66bTTToPHN7/5zXCeE0888ZRTTvnCF76glqVjjjlmdHT04IMPnjt3bo+NChufPPHEE4pSbNTKVq1W+/CHP3zEEUccd9xxe++9d9VnpV8777wzjC3M1w477LDnnnv2vHr//ffDYthll11+9KMfqRXSGWecoQgoMdUA1UGCGYfhOuyww77zne+cfPLJPc3efffdt91229tuu22iwzsI+yoQ+6xAG/jbN77xjZdeeunZZ5/9vve9b+onueKKK770pS9NZc8kSSZia/6d1L/93nvv3XDDDZVIJBKJRCKRSCQSiUQikeifWlV6gv+a2mFVkGIAzEGxJh0LCVsGXxBVwQHwhazdztpNKG0ibIHZFJoxFSjFcpmdKq1mgJWHhwaeNVV8NsjvRFUjXzT7B2jO1UkS+IqSxMXHlB2AQXezELoXjcDvDPWdf/7J9XM2esHCseYUnpKgCM2+BHTkxO1WU5tTxnr4hIbK+9CRWhzXalDlt5WW6u72V1T6TmCtOmunltoZTDTYo4HjeVyCj3GOInpZDfVok62aifTuQh4r5DRjnFVOJ4yl4LPHhWOUvM8EdrfUzoJlYK861+eOWO8JU7UG8ZfBi1cb51ap7sBH8NN2svyoJ7Xx0bGxdqtl3RRbJjyUC1jBpBgiSHBLDdNpapYiVxQtEeXPrDqX6HSYEJDclIYZCVsZC6Q+4HDjCBXlfvO1E5tkO+CR9d+qxvwtpq09H7597Pab7/zbFTqOEmXrsM6VrVEGVJmXWV60s2w8zf943Pf3/+o3Yec9PvDR4/7fQeTeY7d71wemjYw8ftN1T958/bovfdVGe+4zss4GRZ49dtstd/71wtvOP7sWRe0sqsVZLY6yPEfUJsnrM2etsfvrRuZvPHP9jfLm+KJ771x6/92Lb/97HdYnLFDEOPBWnLnTK2prrrP0gbueuPovyZw15u6424x1Nxxabd7oYw8tefCeh//8p3zJIiRutIqUNdNmrP0KKjgtXnTtWb/NaMzrtXgojhu1CDkXreAea+fFI9deNvrUgvrw8FpbbHP7uWe0YHvizHJgWlKcGl2UpY7qJonqM2evsdteszffpjFnDR3HrUVPL3nkgQcvu/Cpv18PMxlrDC2a+6IXr7nrq+EMD55/xvgTj8TYxxjmsjZ3jXl77wdztfTB+x655A+G5ijCBaDm7Lz7zM22ai9edM9pv2CwCnN0NJkf0QT6EJ6IXmLmoyQQh91fbFikhtOFShdk5Rcn2rJoXBClg8MUWwGVESJKKof7OC/HC8yGghrV+MhIc6w5c+bItOlDMFuwBDRNAbxfkJMLXK5QIpFIJPonUg93EvSspeo0Go2nnnpq7ty5X/nKVwbmhixTn/70pxcuXHjLLbfssssuvKU/J+W222478MAD4ePHr3/96w022KD/JJ/73OcuueSSz3/+829/+9sHXuWjH/0o1P633HJL9azooYceOu+88+BT5Qc/+MGhoaFTTz31jDPOePe7373MAj98aFhvvfUmgRLgzIocZSY/z29/+9udd9554FhNon333ffnP//5ggUL7r333sntavYlKQ8D9ejGG2+ER+hIz/Ybbrhh5syZ4Vv4zLzTTjv1H7548eKLL74YhuJNb3qTmoJe+9rXnnzyyTfffDOMMwxyz6uTgEGgJ598Eh5h+X3xi1/kLXfccYeiJBrO/RkYvTQVPfLII4yA7LPPPrwFViB0/8QTT3zLW94yPDw8xfNkWbZo0SIYKzaSmUjwWXAgJwT/0wGHs20JfFa89NJLYUG+8pWvhG9/+ctfwr32gQ984OCDD+45amxs7Fe/+tX+++8/9XaKRCKRSCQSiUQikUgkEolWQNXK9ar4zagObrIi+Ibt3d8GasX/5XIgAnFSckkTKpyGaAP09ICfcLVaRZoXWV7ib/hbrvwTjoCeBtrgz7XgWYcRcFcLnhc9vVhGf4N9gPKjOghfGDz4XceyF0blELZogcqviTAMJEJ3BsNkCtua+FYGRsQy5GGYxsCoFAzWweIx1KHJ6YTSPoi0qNi85A7msCrYnFgfn9LXD7VMDV5aFh0Mkpi5GYzvMCbkyTDa4ZgYjgWiV5y5BmMcMLetdkGwgQ7BHlieKLQ16FRBxi29bbZ+3fRNSif4hS7vUQgfCuR28qNRFK4XZBOjiOrA5WfJOSTMp1Ihd6azJVyRz2rCRp6v0LLubzs9sbbqn+JbZzl+R3kCByoEjeFhjU4hSXu8lWXob8M5KWxKoRR7Vzh3iswRLjpyzj+GJyAEtXg7GWeVEQ7nYYABt3hWN23oj2FxdTp7lbKDReGtRyEtyrMvyFXYYu72L+MdrjjlxAKmXxv4AfFwEjUiU6fMGLiHs7xottPRZuvuP5+/4OGDV1tnvU222zEr7Vg7jbTabM/Xz1h9zaWLFm+xzY5b79PJrd9o193ha72X7Panb391bHy8HkWNWtzOc1h6a26z3S6f/tLwHO+8PWvO9LXWVbu9+snbb/nHr46P0ibsXMMbTTfW32jmZttkRZHMf3zL93w0bjhD+NmbvAi+5m61w5Xf+6oaW4ouJtqOrD3f0I/U/37emePjTehhLY6n12szh+rDSVyPnZlMO83H0uzUg98L0wNDCQOXudwzh+9gGJDWeWnzopix8TbbfuzfddT5Qfz0eevA19o77Prw9Vdf/oMjEmWhX0sXPrXtS14Bry568N6nHrgXwZoMemqmb7jF3O2xijay6Vb/+ONpcYSeK/U4gpmYlDUR+wAAEABJREFUt/vrpq87/6HLL2piVJWOlI0xc0w77IQtkoIxStl5Zw5veWW39wgSJ4bu0s6No91i904qJa0xWjs419bdVuXYWCvPy+ZYc3RsbPq06dNnzhgeHqrxHDg3Ihvc+0UikUj0T6M7Hym/dc74V97UVRv+4UXNZ4E4AW299dZHH330i1/84hX23oB/Db/0pS9BOXwiOACq5l/96lfhQ9QnPvGJgRQF1NEvueSSefPmTRK7A5+ynjXiBP6V/8EPfgD/wr/97W9fc801YQvU9Y899thDDjnkv//7v6Gdkxz71re+NU1T+Ag60Q4PPvggPC4TXvnJT35y3HHHXXjhhWp5BP+T8x//8R/QwnXXXVc9A00EnRx66KHVb+Hj6l/+8pf+w88++2z4/9Bdd9118rEKgiX0mc985sMf/vDxxx8Pa2C5socefvhheHyMVN0+sGGTC85wxhlnfPzjH+dvf/rTn8LS3XnnneEe4S0wra973etOOeWUX/3qVx/5yEfU8mivvfY68sgjJ9khMFs9uuqqqz796U/vvffeRx111IIFCw477DBYkwyd7LvvvtDgE088sdFowOhVj4Ll+tvf/vaBBx444ogjlEgkEolEIpFIJBKJRCKR6IWmHjqh7FT3Sz1l7mSAtUk/3sDWGN5xQrkqNtX+DdZGywLNMIo0Y48Tl83CgIb71X33nSuI6y7QpYs24AtOoflMNHSe+5ibAJRMQG/wAd29q/5FFWDrORJGAvic1WCg6kmsy4MhLIKIkxxK2xSEEsWxDj4FRA4Y8vmGocvTDActy6z3HuHTLwtL6sYyVG/jK9tcGAmF62BIEPbLls4epG+FdK8Zxiuo7SVGqlgy6eCG2so1XRpJgCV6zF4qOE1na7cjjJ9Ey5YNbqmVYWYD52L97u6Q2Nk+2Kq9imajET7c+cfoTo8U3SeIg4Rh1BPfLHYAv2X7n5M3O/xceGh4OG20m81Wc7yZZi2K1yn9VVwfYLjyvLAWZl3HsaXFpcjiAg0vvPdL6TkZdxRv56id0hSY51IYdsvBACeSRnyBA3Sw2SW5ragO4OMaXJS2vtqavOmRu26H0aolZvpQY9ZQbXo9acBJtMozWMBFs5UuHqvH8diTd9+x2jrrwUyPrLnW4kcfgr7xZGz9hrcMzRx5+LZbbvvLhY/cfuvam2+5+Sv2WPdFW2/56teOj46e8+2vkeeRbeTl2i/ecY8vf1dH0fjCp6757a+evO+uaXNWW2erF2/z2jeuvvlW9U/82+U/OKrVbk6r15LYFDR5MzfafPUX7wy3x01nnbLgvntqw8MbvXT3tbfabvoaa2353o9e/sMjh2pJYvTqq7nqwhP331dQelGjlswYQuhkWi2uxzgu8JY0nCSwHTrTgqJEUaBzjMLYKM/VISZUGjSJiWaMbPXBz+oobj694Prf/uzRO2+H7atvssX8HXebv+Mu62y/8wavefMdZ/82Lez4vXePP71geM5qMzd50aIzTobBh8vFRm84fzNuUm3GSDYyd/TJR4drNbiD6jOnT19nA9j+8A3XNPMyNqoWqQjRNsTzyAqFFi4sGYPvFcjnoUWOD9xxnkIu/wjBP7c+8QYw/j7SzNKowr+Ga8S/vWDEGdzKtJxKzEDLirGi2W5n46PN0bFRRE+mTxsaxqGFXYnYUSKRSCT659P195Q/u6x10Msa/O0vr2xfcvOzZ231qle9Sj0zxXE8iR3FySeffOeddypy77j33nt32mmnHXfcMWTiXHnllVBHhw8Mhx566CSsxrOpb37zmxdddBF8mDzooIN4y4EHHghdOPfccz/+8Y8ff/zxq6+++kTHvuQlL5n85FdccQU8brzxxpPvBh+N+nOOqkO0dOnSgQcOtB5ZXt10003wePHFF7/3ve+t/s/MW97ylioRMtC6Y+HChf/zP/8DT972trepKWu77baDll977bVnnHHGe97znqkfyM4xhxxyCEc7gb70pS9dd911J5100ty5cxUZlvQAGQN1xx13fOpTn4IPeAyd3HrrrX/84x/hSQ9c8s53vvO0006Dk7/jHe+Y3IJlZen888+HR7hl+l+CBvzoRz+CVXrcccets846PAKjo6Pw8fGTn/zkpZde+qc//QkOhFlTIpFIJBKJRCKRSCQSiUSiVSDvbaHosZyMhFg5l6PifXfwyIqpQ1pYf0aPFTCOoSybnhR5u41faQpfZZGHgjn+/j7X0qGAaswgtw6jVlgVxKFnRCtGJgMuqZexQbMnBiEAEbaQjCU8N+DACyZcfEvoPywNY/kaStoWwykw0wadXaipmrJoLP3mJEavFAUSJ3lKBgvGN8IwctHXZDvB8672O7TH4w3s3kFOJzpK4jhJdHdcjOrmbWwllYVPwZ2C6YXidJn7MBvXCPLvsOibAqfmFUGjpCrRLqrHQkapjjlM32YmlSrhUN1NtZSqg0YefnvM9XVcnJwJonz3dECntDeowWaUuKM7XUG9DS3VwR9lEo8Z7UZZqV5Wy2CACmZI1aJ6Etcw0qipszyz1t3w3DEWtsnmKbShKAgGio01kY2qPjw8xCGjJ9ilhEQiNs/xI+UgIsuGLUb5KSqJn/IDSEMKDWrMRruRsUVPp2mqyRpkOImnN+ojQ7WhGAkiOHOW5a1Ginkrxow+8SifYvX11l/06EOpt10ZmjnyyJ23f/8jB8AijqPojuuvu/S033zkByesvdkWO+6z3xWn/vrJu27P4TWldv3YZ3UUPXnv3b/47EfHlizWlDh10yUX3H/zTfv+63/MXGud1XZ46T0X/CEdqtdrScEROTNnLX7skT/+5xFwRUOr6h+XXvKmw45ec+PN5r1o26Y1ZTuvJ7q+uoNOFj35OLrORNFwLRmu1abVkmmITqAbDIwjGbqgp0gjjzH/C+mdIs0znl02IYJHuPDszbaMG/jL3xd/+z+eeOiBZprluXrozjuu++OZ7/32cWttusUam29z9W9PqsG1jHnguiu22PuNq2265ZJ2Cjd6A12NzNzN8fdTyyw1SW36Rps/et89aVHktdqcDXdCHqrIH7zpbzkmLSFvoggMQmaI6KwSs5IMTBK+8xBWgrcvxtwYZpFwFZNpDdnd4JL22Ba/HzvLHp/Q5Eg2Xn+0EW6biDOgIhPzSsuQPclbrVZzrDW6dHTa9Gkzp09rDNcbQ41YnE5EIpHon1RnXpMrhdzJL69sn3plpv6J9L73ve8lL3nJ1VdffdVVV1144YV/+MMfYONaa60F5fDVVlsN6vfwIeDrX//6y1/+cvVca8mSJUccccRFF10EnyC++c1vBrgE/oE+/PDDFy5cCL2AGv9hhx320pe+VC2/FixYcP3118PJd95558n3bLfb06dP729e+HQa7PdWuu4jKQrTOeOMM6rIwsc+9jHOeZlE3/3udxcvXgyTu7ww0/7773/ttdf+6le/esc73jEwaAY+J8OZFWXHhI0MnbzsZS9bY401eAujMNBOnj4YyWVeGqb17LPPhtO++93vhg9l8OQLX/gCLEtYk9tvv311z/nz5x944IEnnHDCcccd1+P7siqUZdkll1wCk/7qV7964A5rrrnmt771LTaJ2WuvvRRZquyyyy7f//73v/GNb3zkIx855phjtttuu2U664hEIpFIJBKJRCKRSCQSiVaKQlSCemYaGBbzTNV9Gu1r1SEnxTmWcFwD/8Y81HDbWZFCCTfDMBRnTYE7o9WC0d6DxNuHVC/0TMegCgS4k1cMMwZdyVbML3pFrAlSJuxvgkBAxMknnDbRe/FOnBEbD5Q5moIUGfxl4yRC5qGgGjG5hXD70HTEmCxroxtKgVfqcx3RA1mZCXiUsN3Y6sE8ChR+hFgDJwSpQCOFSxHeULqZtQ524JgPzPlQJdpCYFpQBZ6yFRMTOC1GcOgBLdeDukI7lj2t9w+VttHB1JRSOeyiN3bJOAMZG3gOd8LwjUvi6Tva71/a7iN9zE9XH8JXVze65REXBUX6RqOBfhHTpjeGhvlH2BysEy5NZFKZwU+y207wNMXvU/YyobVn2L8kJj7DJenQ4bxPnucFqcRgGJgk/OKN5LZT8rzastNH19P6cFTH3xld/ORj0GJY4fUkGa7XhuvJtHp9qF5v1GqNejJ92vCskRlzZs2cMzKjvXABX33OWmuXiBp535Sy/Omhn124dOlYC7qQIczRTn/z1S9gslQU7fK299gohirWpnvus8Ymm8P+p37jsEceeXTRWHPx6Ojo+Dh8/e38c+65/lp4aaOXv/qppUufXrp08ehYXrixuuTnP3n4vvuaWZERfQG30H03XIMTH8V6xqyl7XQ8LYbZtQXqIgueJNOdqJbEjVoyVE/qtaQWR/4LbUiGa8nMRn3WtKFZ0xozhhvTGo3A91CAEQJNdTjzIw88eO1lCx97JC/JqgkZIiTQHr3zNth5+uprLlo6vmDJkicXLvrHXy+CLbXhacnqay0aG1s8Pm7mrF6fOas9tvTWv6BB/Zov2nZxs7VkvL201Z6x6Vaw5Yk7bl06urSZQ6fwLUETcWKM9pOOf+MNi+888BKmJ1GGFT1E/LZETyJ+J8E7HJknfGJ4XVJjNd/8yv1NXeCVhPE5rkduMdMdBGUGqC09teDpxx97/NHHHn/iiacWL1rSai27cCISiUSiF6jOvCb/0Amj/2TEiaIPaZtvvvkBBxxw7LHHXnzxxT/5yU/e8Y53PPHEE1DmP/HEE+GT0pw5cxYtWvTUU0+p507wL++FF174nve8hz1OoGDfA8EkSfLtb38bNj722GMHH3zwV7/61Ym8RibRueeeCxfaZZdd+oGSqprNJnwM6N/nv/7rv67yWnX2Fd/61rfg8f3vf/9GG230ve9979JLL536sVdeeeU555wDH5xWAMh42cteNn/+fBheGKWBO5x33nl7kg4//HDesnjx4uuvvx4GCpqqVkjwERgef/Ob38CH9q997Wuf+9zn4Nuvf/3rDz/88Ny5c7/85S/3H/LBD35w3XXXPfXUU//85z+rVawzzzwTWrjjjjuya8tAbb311jBNv/jFL2CJPv7449ARThradtttP/ShD8H/1xxxxBEr7QcTIpFIJBKJRCKRSCQSiUSiZ0VdVXblskZcuVHpZ2hzwuftXMg6WIPrl1zN5Bex5J2mUG6GQjhzDlzw1FQfpQqoUYzF+ISICSr5LD1VFCX0UwcTCuUZB6vUlDJ6us4XTAEIkYHCb60GBfka2hC4kB3quKoYcwT7E+VcPbB47b8wlYZYDSQ3MsoaKQsmHjIo0rdTS4BB90xNufvV3XVnNJSPMuIn0HjoRlJLDPmpdM6tAz9UOZujdax3xSjZvSbPsh5YxVI1PqbquPb1a12xOfGJSv1GJ7aPnLGVR++mQ6YMDtewZWA2VIX3iDvEkUWgqdDo8aGVdqY8bC3kbxPjXVS0Y4h4D+t5ly4DooE/KrW6084e/seBTuT0AiM+PDwM9YNWuzU2NrJsjnQAABAASURBVDo+PkZwSB58Svw1aa1QDwviS8oY+S18VmDkSmAdNFmPwCPjJjQ1Bd9jsYlKDNLhySp5vuHM+EjMkFamtC5ppfS+K9zmbHwMXVHQHcTAeWrwx5EINkKfDbzu8JBp5eWM2e7nzuOLF0Zxx/riqUcefuDOO9BJBFpY5BoXs1r86INPP/bI3LXXXW39+TqGZRdvuPNusPPixx+77fq/IWel4HKKWBl4xyhuu+qyjXfcec5a6+iZc5566vG0geAM7N9auuTOv11T4B0SxyauJ3jnLX7ofr50PDRtSZYbbZtLl7jutFtxZBJY7vQY042FyBhNDDypxSq2UYF2JhYOTRCVcveeIe8QQnfyO8878+4Lfp9jxg/FMKGVj9KFnrH6vA223YGXQdvahI667/qriyyLkmSdrbd//J47TVGu/qJtYZ8Hbr7htmuu2HrP18/fZvuxdkqTqdagl+7921VpBhOsS7K2cRwIOUI5IxzOxUJ/Jc1OUGR4QxsLtEWim8HQyqFUJl5LLpdJl9Zl6RiCjmg+OXKJwTnYwYU6FdYlspGNCrkaKYsuMGPw7tSGkkOzOQZllQ2USCQSif5p9dRyYwwvGME/63fcccf1119/xRVXXHPNNfAt1Mj33HNPKJDfcMMNxxxzzHe/+92XvOQlr3vd61796ldPzmRUz/noo4/2b2ccZMmSJWyD0aORkZEZM2ZUT/LXv/71+OOPv/322+HbjTba6KijjhoYfzNt2jSo7v/mN7/5/ve/f9ZZZ1166aXvete73va2t82ePVtNQePj4yeddBI82WOPPfpf5U+Mjz/++Ny5c2+55RZ4PmfOnEnOBhddd9114SOumlQ8FJP8akWWdUFO559//tVXXz00NHTggQe+5jWv+cAHPvCZz3xm//33b7VaalmCfY4++mhFniUDrTXgWpP4jkAj4cAjjjjiF7/4xT777NPfZhiQ6mnXWWed3/72t3DRl7/85QEH79ckvAUsHph6eDJv3jxYgVtssQXsfOSRR154IZLKX/3qVwdOAfw/xaGHHnrwwQcffvjhv/71r+FYNQXdfPPNX/va1ybZAdZhj78LLJif/vSnitKdqtvTNO05NvjuXHstsuNhlA466KDzzjvvxhtv/N3vfvf2t79diUQikUgkEolEIpFIJBKJVp1sbxW+84MpHf7uM9TortJr2zFuqHAnvfsPhE7sxOEsfbt6e5Ngc+JoAOvSS7h6DqXjLM/aKYXFYLGYqp2FRuAk8mkvIcXE9jIIvWEvmmv7XcPSHW/iv+0u+4f4Gyrlq0H9GdTTXvaFHFzYYoBtTjBeh6rAJVtmhB5opf0QudZagiOUdftASZ0SUqDkX6CpCbbKpWVAebuNv1KIP8EzxlSm0sX2qCn+dljPWnLbOouCgnWSWr0OfXE5M6aLMfGX8iOru4YYugDTmjZbeZrCOY32QApdAIYHzpzUaiby8xvIDetdZyrTpat+Jr6Jzl3FH95pGPrl2OoRvnvewQUawPty3R1myHiPG1d171oVmg14vLMF4zk2BAohuuGgJc1RJqpnqHvchDSf3+rglcHxKJSWBH+SKDbRUAx/JQnU8JvN8Va7XRREfVjtHFBKpQm/MIiM2KIsEdIqDHMnUUx2FoifaMMQijIFAUy0zjRmBBnESqgNJUI3sLWGsAFcwsQYnmJLyzchjw2s0HR0Cay+qD40g4JpaF51HOGyNARSwKJn1gdaBT9Rr8XxrHlrc6dHFzzZqA3ZMuehevzB+wllsjVj6vClTI2AiSfvuWvu2uvOXWsd6F9s4tU2wF8GzYt8rw9/glxMLNEtZLih9ey11uGTJzNGFtx3L5Io5HQytmQRtkHrWmSGa/H0ei1SOimdtTscnZc2LcqnH3lwQ9oysua8xQ/fT54gHtXRzqDIqKiw7OJDHInVUWxtjulfYTKJ/dJFYWFwE6LkZq274ayNNpu++ryZq60Jj3PXmx+RfTruHyGSVo+jRKuHb7lh/e1eMn/7nW74w2mlMWtttR3scO8Nf7vzb2jKMmPO3JF11m8+/sjIarNH5mFP77r68gzZkYgWJbFD1KgAsoW7GsbHpVNxZFqJb7g5ZexEhngsfq9U7n3ZEnpiHLHFAAu9R+vqXUOPmPZlTcC9aGUbD9DBnxze01Hp6OjoBkokEolEL1TNHFZLxtUq0sg09fxRnuePPPLIQw899OCDD95111133nknPAZwYfPNN99jjz3e8pa3cFEfdjv77LP/8Ic/sIcHVP1f/vKXv/a1r33FK14BBf5JrrJw4cL99ttvoldPIfVv/9SnPvX+979fEXMAO5xzzjkLFqCH3MyZM2H7e97znskv+q53vWvHHXc8/PDDb7vttuOOO+6EE0543etet//++w/kVKr6xS9+ARdaY401YP/+V3fbbbfzzjsP2rbOOuvcc889sGWrrbYKr+61115w/irf8P9IPSe5+eab//GPfyRJghGTtdrDDz983XXXwfYtt9yyZ8/HH3/8mmuuGR4evvrqq+HbuXPnwlHj4+Pf/e534dv3vve9I6Qf/ehHhx566C9/+Us+6uCDD541a9b06dNnzJgBl2CDwA033PDjH/+4Iuhks802K4riwx/+cLjQTTfddP3118OQQnuuvfZa2AcmPeQW9WifffY5+eST99xzT1g/0J7+IQoeJ4pyc/bdd19FjMvAs1188cXwER66Cc+Hhob6d4Bew6TDwB599NHQL/ige8QRR/z+97+Hl/7lX/5lkgQleOk1r3kNzNcXv/jF448/PppC+iHcDnzmqeu00057+umnt9tuu1133ZW3wAJoNBqw7L/5zW+ut956Pfvff//90CR4stNOO/EWGEOYPlhUSiQSiUQikUgkEolEIpFItCrUw1V4x4hQdu+85J/YEGTjCYKuGrhzcuiiB3R1H896DPpVqz6ihb0tVKWdncK9JXsEiijhX6DXLs2khBI/FfqLLMvTtMjyPMVsHe2sTjgSIrYMZyCG4kv2/ZQN/Wq/uyAiCA4O6GqPrjTMPQRqIexG59KOS3AoiK2+HLABX3udQNh2bLMqc0QB8FrG0xxWhWK2m0eXYaKcbQUGnhSwQ8mVezgF+Z1wzgmctW1bmWlnacbhGnQ6LAzbslQ9nh+94kGpEjyVade+gKxclZlQBRPXkihJqM2BwKBiteMtKCbJUDQPDn5E/g7YGuxJlpdQfW6ltrAEh2juEzuY6Cii1B7EIbBjjuBgkxXuQxmWYsBHumEix6+EWQxEi9Ydv5VO53lfoxm5iplyKtFhgw14Ih52Nx7WVmfdtaOarsQbtL8jJwCTVKf51e8dX1O9fXVl35JWLfzsdfbsWfDT8PHx4bHR0bHxsWazRR4kpfG5TRzsggsIsRMYVfQmKeAWwt8/tMaUnLNj2DsI50FTpg7yLTlZqCAdhQlKCbyeZzAmRW6KKIbtcRQbZSxfyrNidmzB4zPXmT+yxjwVbhbl7DXIzQdHBIEM6EGBLibTVscIGwRWli4aGh5Cvw3q54IHHoDJj7SpmagRx0MRPDGFsgsfegBeHR6Z1Wq18yhebV38IfXctdd94yc+oyaWNfFoczxCsw2c1ubSpXBF6EIjjqYlyYx6PTZmuObqAewLAvfm4kcf5i3QncUP39/BTRSvQhyuknkbKABstHk0MhfG+4lr/pxX3hzZGSQkzqy366u3edsHGiOzqs0be/qpLG3NQnAE/WRMnDTqST2JHrn5uvW3e8l6W75YweCXdt2tETq5+4brlj799KP33r3WhhtvuO2ON5zz4LytXwzblzzx+OP33xvjfBgygcI7j92jVMdrx/JapxXi8EJOM1OGHU44SQum1eOANF/wzmPgQNN5n2KCxK3P8H7XuR3cinCGKj4lirAcfL+C6WunEq8jEolEL2DNX8PcdF852eebFROdcMM1jHre6N3vfvd9991X3bL++utvs80222677ctf/vI111yz+tK666778Y9//GMf+9h111139tlnX3DBBReTZs6cecopp6y22moTXQU+lmywwQZqOQWn5Sd5nv/mN79J03SttdZ685vfDG2eosPKJptsctJJJ/3lL3854YQTbr311rPOOutVr3rVMqGTyy67DB6hpwOhlv333//JJ5+88cYbFy1aBDvstNNO73nPe8KrTFcsU4888sg3v/nNno2bbrppf9vgc2sV4Nhrr73gk8n1118Pbdhss80CNbLjjjvCEP3hD3+4+uqrmRzqv+gnP/lJfjJr1qxvfetb0P5GoxFehW9/+MMfVveHvkxEadRqtZNPPrl/OwzIvHnz4PzVjQ8//HCz2dx5550DY9Gj008//fLLL+fne+6558DLffvb34Zlye2BD2xPPPEEPPm3f/u3d73rXWpS/cu//AucfKONNpoKcQLafvvtP/CBD0yyw2c+0/ux/B3veMfixYsDcQKCgd1nn31OO+203/72txOdB260N77xjeFbGJwzzzxzIspHJBKJRCKRSCQSiUQikUj0TKQHfNfZZvvYE1vZrcNaVE09+s/a649RrX6r3o39RiqDRL9H78r+OuAenhzR9Nv0UPpOW60UKstpVuZ5aAC5nMSKTBB0tTFaV70iKlhJpR6qe7aoCmFiKwcPeOpSKVytOYSpVHbrWF/ofvQkeFaUUPW2CiraUEZ2GETE9hd8YoI1dES2KFjMZgTAOsqkdP4XJMZQqi2E0j05UJQcrqE9eaF9zZeHUAX4xtWGrQ+vYdQEGQDbab/1DAcRM0a7bB2KCIKfkFcyfCp2IniFgi07/CiUPMuY/lFijkd7vJm20qKwETm+dJxHOBjExyc5ckT3Tksob7PPSBX68c1WlcHxvjqBggr+OpVz8nVgY9xstiPytcAexrHns6q3iw6LwPqlxDlDPKDshEH/mc4K6JAvmm1z+gGlYHzi3F08u0WuOLb6Egh+xIwpRwmCIbVkvNVqpmlezc1BfgJWCeE8BTqdINBjIvwBPcbukJw7CNkHRWUEdYtCY0QNMk74NCvKPOZUGQIoSlXQGsa8mdAvTbks408idBIltdXnb7TwwXvLwERVzTB45rSqjcyau/EW8N3SBU/CXkktjmzMHiFF1h5q1OCEjcg04qgemyQy0KbhGVhBWfDIQ1malxF0DcfwkbvvvPKPZyFWg/E9mlxV6H6wbGpjH7rjtqydtgymCCmKpMra7QQ6axUSLXFUS+K6/yVUnHDygln82CO8Zc2NNn3g+qtLx4/gf7xGFcNyMFJGz3/PJ6Ph6aOP3H//ZRfB21talN4+R9OeOCObv/Yt273rg9S79NF//P2hW2+ESzz10P1PPnDfqz76mVnz1mELEWRGorheS5685XrYeWjmyNwNNmy1WtNmzx1fsvjRezB16K6/Xb3Whhtvst0Of/vDaetTNM+dV1+WwwQT30Ej4PxXmDjpwIYk8llyxk0IgRHtgoFIjm+jadPhmVtIPJd0YLAlskp3AXf8JqVF3uRcAAAQAElEQVQ6ZkQ6rGqC19CyR+MS0rDMlEgkEolesHrd1rWb7mutZOLEa98X19QqEPyLvO666/KTqR+1//77n3feefPnz99www3hcbPNNhsZGZn8EPhXbyfS5z//+QsvvPDss89+5StfOZA4GR4eXnPNNWfMmDFr1qzf/e53akW13nrrfe1rX4OT7LjjjpPA7xO19pWkK6644vrrr4cn/fvMnDlz7733XmuttfjbY4899oc//OEb3vCGgSfccsstjz/++NHR0SVLlqyxxho9SStTFHTkoIMOCt/Cx9TtttvuJS95Sf+e0KoPfOAD8LkCLvTSl750hx3wc9HLXvayI488cuONN666jMyZM+cAkiJM5+mnnx4fH2+32xn5RoJgiqtn7kFDoAGHHHIIP280GnAJXk7Lpe233x7WQ8/GjTba6Mc//nG/IcrHPvaxd73rXbDePvShD+26666wAxw+ERIEzQvPYbiOPvroyy+//DWveY1almBlHnPMMdXDWauvvjp0sGqsMn369C222OLFL34x9H2SE8IC6FmE9Xo9AD1BX/ziF9///vffcMMN/VaiMJWwcqBJPYtHiBORSCQSiUQikUgkEolEoudGto+nqNS+qz8L6sdTli3dfzU7oY9G7270UHbsJqw/mKv08FKeZmkzbTdbWYbxK5qSQDRVcNkyIWQ2KB1N2LzOANhqd+mx7P6WtuhwsBnUck0l6w5Z0uVHocMv9fNWtmApHIPijUBKtJ/IK00h4xJ3AoYpoKztMkbQaYNsQRyP4aET5aETNLYwmp1SFKfbIGtAv3daam/0wREo7MmgucLsfGUcuqGpdmyclYlzMjHaWYJUgAzDoSwIKSS1WkI2Jw5KcS4funcO2MbGOKoFzlbktszyIi/GR0eLPNMe2+A4Dz7O+pPZ8Bu0fZCTu7B1hhrGeylYN7NhBRTuO881cXZR9ceb4V4IXES8dOlS7GGMsScEcGiibaw/qdIdexQdiAqXhOPDRHwGS9e9orvDdGy144NuzuqeSqmeY/moWq02MhINDw+NLoWf7y8uCwsDDBenH17bSoKVX47sa4F0EayuAqaTMAvXBuRsSpMX+LwgLx34WTz/KB99UVRU5rgUjcnrqmZLXA+8/CNtFt7+93nb7QLn2WW/95zz/SPzvEwzzOwp4JYuyhr+4JjNe3B4Vtt5d00/Sr7x/LNhfGs6JogF+77uppsPDw0ZWzaMHooxYScivmgmBfc8ce896N2S2yceuH+DrbZuN5sX/O/P0d7HlnU4T4QUF7Q8hf/gbisQdBqqJcivEaQCvc6gvgDTWovLPDeqga4qPh3KcOKQ1kuffBTRC21e/Jo3Xff7U3MLi7ZMKaMnRl7HWd3AZYc33y4aRhrm8VtvXJrmuoJfhRWbzJi57duwyPHUfXedfdQXli5azHAS5VDZOKlVppXdhNT4E48uffKxGavPW2/r7aAiAi/de9PfcOS1vuf6a17xtvds/OIdoc8bbYcFmFuv+GueFwn7mvAXrXVmj1zXnC+NC54iQg1jujBCqYT6hEsIIrytNMZZT5UlW+YockzC9yDEk0pdeSN3p6ejDN1a4V3SdpaswwSpOaWNp/bbtCKRSCR6fmq3TeJt55PZycqVVjtubHaavyKYwjIFn5fOOOMMtZzaj6RWSMPDw28kTbTD20hqZWivvfZSz0y7kga+tO666x511FHh25GRkcMOO2zSkyGgMEW3lYGaO3duP6YwkQ4++OD+jZPzFow1qOXRzJkzDzzwQLVqtM022/Rv3HrrrfnJi0lqeQSDPxXihDXQYeXQQw/t2bLDDjuEfKJJ9POf/1xNTeuSlEgkEolEIpFIJBKJRCKR6IUv2+XYsYqu4f7m36LnUB3VG3DiaAc2xoDiaZamWRuzdSzmqLhSKVMnvnKpfAHdX6WDjPRcnuq6HRZhYH9L1XWuyo/QfYG24nERIltMsAuhzaanARXrD7cZeqScWwr7JhgfXuPNLCh4h78n85ISR4wpho7RhgNPVGcGKaTGJ8eQn0oFkHA4BJWQCx+14/vguBRdAY+wI1S1xvFW5IOhKdQoIqMZimQxlBNUcnoL1uyVsp3EITZX0b6j1mE8mqrWmAuUFWk7JfCoi6agQj4hL2QpoSpDqUMTAy5TqW3zBJU2EB+q8pc7hINTKACIgj4q+ToOzVFuccXj480ky5MkzjFnZ7her2nienoAEu9y4ldVx04neD1MSJxUL6+6FYxMejZ26DBPx/AJyRiGk3JQzeZ4s9n2JjmlNqqSf2IJI0GCxKAZjQNw2EeHgo34NLooc12JJoLnWZYVZJYSLmVtC9dDjPYkFqdLL/jb5aOvfsP0NdbabJdXXLne/NbjD7eyopnmtSiPyPADHorSZkVZ1IfW2PlVcPLm4oU3nXsWrKbYmIa3Tpm30SaNoZqxqmFUDb+0Kqyu19d6Ef7w/Yn778Vm2/yxe+/eYKut522wIRxtDVwlqRtTjwxBJ/nG22y39R6vhY6d/p2j0DMoLyx7e1ibttuJsmktSdutrJ7EpgOKaApUwiFI81vPO2ur1755eGTW1nvtc+t5Z7azvJXlDXR90SoyFAYGfSnW3fmVfOzd11y2tNXC20TrrkWozdz1NzIx/gLr3878zZJFi7IcjYDIYwbncd0ttlGO62LwDkejFkWP3nTtjD333WDr7dtpCjvcdf21Fn1K9CO33AS38vQ5c1/0slfPXG31PG3f+bdrTVEMJdg2aFpEPYK+G/KzCcvJueB4cKp0txLHJGFzYHlgM9Athe9u964Lb8QFckXBbsffStb49yDNhIlB+kSFHfnesh0osftOEYlEItELVp99zdAx5zRveXBlcidbrWcO2WtIiUQikUgkEolEIpFIJBKJRCKR6PmqUKSuWjv0/VL+SlUwqmBgwobwBlt1A9C+IVBxheJwkedZmuZkdeyjYOhX/7l87qqy/nf5Oyfpgin8U+dron2ps/OinrzdXWfpk6kCD4xUBObCswFY8Hdn0xVLF3+U6zMjMZWrujyS0rXYkTrKWXqEFnpnGG+NAJePXLpLx+TGBrMBB7KQo0nJe7HPArIjgTjBV8P4YPUdc0YwuyWJ4E+tjtwJmoqgN4KuuJFY9Fwx3gnEry9L1WrubUjkKAqc31aqaTnAdBO94IvfdGG8XpKQaYINdjK2GygZOCva5dpY7ddCWVbAH60rOT4dTMlUzHKYOomhxs8BM3leELwxhL4nCh1BrJsw6qwNAJSfZz9NZGGDpXw7sJFVhZ71bu41Nel0mrqJTEDI6MEtNk7ikZGZ9Xq90Wi12y0Q9EOhiYU7sigUZpuQqTgBKmh5gj441rnolLawFh1sDPRUqSiOOTCFb1ykmYoiprwhnJ7cFsYUUY4GKPCkRJeM2876zU4f+gyc8+3/cfS5Pzx69N47xtp5EiHCUqAjjYYBtdNHNjnw08n0GdCSa886pdUeh6Vbj00jjnkkZq6+xpa773HXFX9NjK4lUQ3fF7JN93l7Y8ZMePXeG6+H3SId3XTRBbvs++ahGTNeuu+b/vK7U7SuRbGBiYrRzKP+ji9+dbX1Nrj7+ut0ntHqdAsMOtNup7BPs9kaj+OxyMCKjFvtMIvE8JjYmFvOPGW97XaeueZar3jvh/JW84ErLmnlxXiWQy9qtLAKrdZ90wGzNkUU5q7LLrrv7zdGGhqg4si/QbBrECyymiuh6aSWlzByNsa7A+GSeS/aZmTNeV1LxC+UJ27+22Z77rvultuwM89dN1xrIp3AdObtR+64bZ0tttr7Ax+F7Xdcf22r1RyuRXxC/PLv9aXnbHjZuUABvqlw9ToehaxreCUaJpB4KPhAY403RCkDdIIsi3P84YVqSsvWL4WhkxBEU9KdosM7EL89JT6ySiQSiUQvXM0e1t942/CF/8iuuDu789Fy8ZhaYc2apjZdy7x042TPFyVKJBKJRCKRSCQSiUQikUgkEolEz2P1BHT46qHu32fZ0tVDJvildaxfW1eT7/G0cH4npQs8YbTEWihiQy0zh5J/s0XQiQMFtDfboMoplMkNpcSY7pCgaius6mSh2ApxwsyKxVAJ/LYMyRNkhWI9BRLwBdMBO8j8gyu3IX+nY0Ji/Yl9kZdSgYz1p+rYAXj/C1soHgiPhTBxESldMc5gEIddBIL5hXWgAuVj+N8vdeQBbTZRZZo68RqIm/hUjB6EhYEUbTz3oa0hkxMo4kdRjK2yuiSXFhWxI4gpsOiM9h+WUo+sti5KiDkGvmZJYR5kXMLtgTK4KU2WZlpFrqDtOm64/RhuYhLogvNQMDxpEdnAhEiZ0lZ8Q6wK46dUJUop9C+AOEyDqAr5wUFCPSBIXKAhDCxfhDOyLIfmzpgxvY40gVt1bL7DkUEYGkQ4RfeYUvd5Hbq+axuieYjM6dmZC/y+hxMyURWLm86j87GgSB3oUq2WtNt1RH7gpspzZkQYQfC3gYtrclSBMYUjbsJ0KKZSghUKhtVYB6yghYYxSWT4DGSTonN0udALbrjqkZuuXXvbnYZHZu33xSNv+MOpC26/eeypx7Nmq17Ups9bd3jt+evv9abazFlwqgdvuvaGc8+CKahH0VCS1JMo9PvNn/7CyYsXPXXnP3Rcg5Ww8ates8v7Pwbbb7rw3Fsv/zOasmh1218vuv3Kyzd/6W5v/9S/Pv3oI7df/tcGbC2j4dmzX/+Zf19tvQ2gN38+6QSkNHAEOlBYWeRpWzW1bsZmLIKVndc9dMKADXQE3Xxscc3Pf7znv301SpK9PvbZWzfb8qHrLm8//mDRak2bOXPmBpusv9ueq225PRzVXLTwzyf+V1ra2JSJ7fQizOKC++7mJ9u/6Z03X/6XcmwprrNassXLXr37hz7NLyUUsgPDj/gO3fmL77q1zNJps+fC9qULn3rigfuGkqgWR7Uoeujmv62zxVbzNtxEYbbOpexLhIgYRQXRWizpHuussZAp5e61zktdyw0tWCJNTIkj4/yX4cQl2oeSvTxD529DPhYu6kkXbha95sg5ZF26yEeRSCQSvaC154uEFBGJRCKRSCQSiUQikUgkEolEon8SDYRFejbqaqnahJyEyc6wYk0Jf7PViLc24Yvgb8OzRwOVJpHkoMo27lcUeZnleZrm7bQsSoYNXOyJNj5nx6iBETZdnhLeNUN1jCgon8V0XtSOI/HQAkbbIE3gSJnIHdMJzdGVvBEu23dd1mVOYCaOu7IqO0YvlQKvO8rhJpUBcjRCl4eKclCO7qAS3AriOLQ1nN6BjTSczRGO0p2hqHiPKM/6WHdlBoAsky2uiEz0BLqZFLktMGEmJ2uDcQJa4DIRmh9gER++1RQ7E3N6CjeSYoPYkcZQFA/sE1Fmjqkl9VhFiYlmTR9pjTdTmuuCxHQEIUZRkaFnAoIFnv+xPslGe9aHMRnvwhGCbioDq/w00egGt5du0Eo7YEj77kNnoAklubKgM0dZ5phXpPKhelGrxTEGCqMNNAAAEABJREFUytjIjTWTRqriTtFBXUrnxaMpo0RVIlfCilTdqhJhalmylbSd6oEEnUA7MUKnXqu103aWZhyO40ZKl4gGERLFByJEQisIfV2ouYZmlZEctsdotzGyB6EM2L1AdEhREhJlLkWlZZigjEt75Q+PXG+vN+709vfrKNr+je9U8AWHL1mcDA0Z4ipY9/3tynN+eFRZ5PUYiZPhWpxEjpZ64v575q697gFH/WBs0dNPwfP15k+bsxpsH316wZnfPZIynhTsmmhz1neOnPejE0bWWPOQHxz3+P33Pn73XTPnzl1nsy1qw9Ng/0t/c9KD119bqyUKppK4KFZJVFGWtZtNU4cpztKhZpNfyrMcVqKKY1ijSaRH77/z2pN/tv1b3xfV61u++rXwhX0ZXVonmxbWo7f9/dwffXt0yWJ2GUliTMbxy8MBc61FC26/5NzNX/XauetucMiJp91349/qw8NrbbJFlCTQwduv+PNu7z5o1przDjz6Bzf+6feP/e0K8iCCO7B47B9/X3vbHeFU9950PTIlUVSPYxirJ269QakDuAF3XH0Zx/Ek/EUTppXuX0UctUOhZQOWH78BkeUJvb1YZ53EtApSJqUiA6IS07Wse/dQHrMLCT6W3kj5Wm6h2g7lQpeOlFpJ/96IRCKRSCQSiUQikUgkEolEIpFIJBKJRKKVIWs7he/qFjXBFlt2itR6wnCPKrOxvO3x4TbaherQZg6OcVkd5NKBv9HvIiAwdaKAmi98lT42RAc7E13BPryJCCm0rxs6CQVOftpliuL9QlTAACiexjt1sLeKD6AIoIczLGFOhcebKvAq/J5/By4hjqHkse32vyD2JWzhX/w3Wnt0wZCNiq2ABPQyIynVTjB0ElAHNxIVFwwdLGQCHxNiLnwfbFEScFIoT2Q4/KfjeEGUCjldQKWeTD40MTDEr1DLuc3YRm1cGzmbx+g4ik0cI7mAkSX8hbhGo9aoTxtRs23absMwFUWRZRkmKqV5wUAAOt5wrlDB2UGOAELipdI2FyKCi4rdO9hIR2s/wVQ7J9Kp4wzSvVCtK9GrMJwqLgk+wolC7xc0+RiD9uRZ2mg0kqTRqNfrNe0ZH88llcqb2JS8AmjwC6zia7eUVCdvxxvzMKEUqZUsC+M8NDQE7YWRHUONjo+XhJ0oGmAaNiQHCu2jWCKHJ+FipIgVHJqIhA4WFIlSFDmvFZi1nIau0NYUpabsK7ztbRlbdcc5pz90y02v+NAhc9ebz0hUfeZIaNyiRx686rRf3nHlX+CECbSzlkyv14aS2Fl0KPXQrTed97P/euPBnx9ZbY1ps+bwUQ/f+vdzf/ydMmtPG6rD3R+hrYhuP/Hojw54x76fP2zbPV8zb/5G8MU7P3jr3y84/keP3PL3Wr1WiyObZdBebdgPxjr/lrxI2+m4KvMsnt5q8YEwyWWaKYxTiodqmC70+BUXnX3Dtdu+44ANd9qV9wnESTo+et2ZJ19/zumwQmD/ehw34mi4kdQ8PUMmLngDJMZc/5sTYCg2233vKE423nEXeDVrNW+/9MLLfv7jQqktdt97ztrrbrjNDg/ceN2TiPLAzYMT8vgtf2Po5MGbb4D2DBFxAl9jD9wNrY9q9QUPPTD+1ONw3UacwGOd2B0iwiyn5AQWxGXrhCVSeYvv/jdAe0cnfruA0aKkK1g3DldCEovex917mw/xcQcrQ7k6xrr3MgqbKgPz2PH7EYlEIpFIJBKJRCKRSCQSiUQikUgkEolEL3jpihEIP7G9oR9d36lB3znootumwXJdnYwViAbAQjVWJwk4cY/4V0HVb10WJUaZtNt5mlKF0uVEkNtCxMSBcv4W3uvCsxRdDetc3UVD8FbdcZrgrhoHxehgaKJ91grzJaWPvlFlGWAMRYCFIucMG3awquJ9UnXnUOFJZciVwztoN5cf0/ElCQyJ405s54T+QEUoBPMvATSptLBXjjHCVBrPXvAgYe0Y8Rhlw6UoI8iWvWegErbWDiPC/vuIGds1BZSnQ240bB1CNELpnkU4m1CRTpIoSeogqNQnSYJIStIYwi1EKJGfBhpOFDmGupRY6caWMpCSOXMF4iMo5YOYFrZ0wdQiVYnvCAEg7rnuYXdcId5zF26GjnvdKwzjF+h+40YdOYDk/7P3J72ybWt6HjaKWUbEWnufW6TIZErMlGDRsgEbBtxg2w37J/i3+E8IhluG/4F7BNSwW4YBQVBLBQQVFCVSTDGTyct7T7XXiohZjTE0vmIUMyLWLk6ee/cl8L1nn7VjRcxiVHPsxvfE+zZ91x2GYRyHruvatsmhLQajhBjSqWaaSKC8sNjxJBm3JPMZczPcnyzJPz4glIgcugv1alnW6/V6vlym67RuDtdJIBeT2FiDkShElvCbBA6QvxByJ9RN9KOJU+BUgq/yIOLpNr61+jB7d17dxfnLsqm2f//v/Pmf/Pm/+/7v/tlyvVx//PZf/uP/5oe/+SsH6w7iYIa2OfXtseuHrokX/If/t/9weP/L//z/84/+o//n/311/t/6s3/n3/8//B+13374q//5N//jf08NiMvYhtAi0bBt/rqsl2Xtf/Grf+t/9Q/+5N/99y4ffvztP/+f/vl/+Z+16Ekz9t3YNDoAJLM5P83LNe4ym4uz2Wlz7JoRGQ1l7ezDGi9pTVyGp9PhV++e3p+OsWub96/z8uE6bU1/+jt/+v5P/153fPr+X/zld3/9z1+/+y0ttbiwO2sOfXtomwPSM6sL87rFhsUBj4OHK8XMq+v+5O8+/9lf2GH4V//kv/3hX/xzsgQC9qtpfvkX/3683fd/+T8O3j0P3amPl9Rxwj7M88s1NnuLkzW2bRyusY1jpedt+3CdY9vWzcfrPPXNc9+/P/RPXRvXk9W3CybPbyAYS9XuSTuzHP67+gu5Mw5a8owMenSsYo4w/nGJccEd0wGhBHiTMuCYAht/gtqoQeof/j/+3/HvP/27v1IikUgkelsvr5f48+l0UCKRSCQSiUQikUgkEolEIpFIJBL9fPqXf/O7+PP/+h/+f9MbOluD5GNCRUCkt6pL6Aev6hNDqtDvPttfXlfv1tYp6RCPjIKiaqXK3AaaDGCdMiQR1OCW6brO8zpN27phKdygd4ZJf9iJRN2iMEg85OwMzlPBiAcwXiDSheiHVPYndxGVLDQQhVAmgwpsAZAMWSBihrAZxcYWYW8qoxLUUsYEzUt49G9MNuoDOdglWayoynsGjQpCsisJ1HjFkRaBok74Etk+Jnh2/1Ahz0hhg3SyYUl0CeXOKMVuLJrgGc4guuVXdL5YtnMpsEQeMkO5RdgdrDIrj7YILmCoBw47+GI0jW3btoFivEWqwdoGEBRrMRfGGsOMkUe8QW+bW5dYXl9d/MPZTNgjiO7RjO+kRmCiDQ0OjZbyifJINfbE9VQUSnasaXA6DLrVwChCmpDGHsyLX9dtWaZ5Hvr+eDwMQ2/ZoOOeAtFM9xhY/4RzEA6SB3e3Zr5EtRHNzSeKl0RIQUoqDujxeOq6YRqm6xQ1r+saODYlKBhopxKAQ3ACBxoBwuOcATeUtoO5gawkhDZwGTpqCXEIxiAHpYAVGxs0R9F6cduP/+yffPtP/0mBkxhSAQecobVj1zwN3di18erO52EBKsIG/eNv/vq/+f/9dmhggQx9BwFZIbRx6QB0Etzqt227zks3z+cfv/uf/tP/+J/8J/9/j1MGz4BzsHCc7bp26HodOufcFJfcNG9oqNNonJkN/grxDXDuAOcWp/Sqw6vy8X5j3ze2OQEQM7zOy+tf/tNv/+l/7wKsQMzNoYAhIE5iR459Bz2Ki1jruEhhUTc2DnVsNqZL6djH+bt/9Td/81dzHEClWjyXjIzizV/+2T+Ofe/jpfoWDUuAZdFtA5YzSsUrx8EewOmEoBM1OwuwS2Njb+KExTE/dWB2Ak0CNK7eykuOkk4xY/pmu3m0ovKeEycAn1skk+KMm2DYL4Zy0QBBMQzi0T4PuwvHbDmVDZ7KlX/SsheJRCKRSCQSiUQikUgkEolEIpFIJBKJRH9UKt8615U5xGedmRCEwPQJX6p8W56wAChxQukboRO+I/7q3YbQiWIuIECIid/gTwicpKIot0RnRKL8UkxESptvOBRN9AQmfphA6TRUbCUkgnATOMmA0wcgC9pTcAgiG6kj6Pvhqs4l6wtVSrScSVIPbFAqW7Ooyi9ApUout9OYZEOS7Ec8DSiNYWB/gDvmI9E6NPg8tHS40ffjQXcgXxI2X8GJY2qEbGAS/eKVKvOb/wrV7KvafIVOpvEwFeGUGmjYLwRgHQjeoNiZLa6BeZ5mhRACwAxguNEgjIC/A3wCtEEL1XaYnca0TdeGBhcKmCgU7wWcM8e0C8xzIBOWEOo6d3LHoRwYBkUAL6nwHDimMdpqmifTJDLHaDLrUXpZVgoEop/D0I3jiBE5Ps29ZhKKU6ZMyI+K5klSyRPibxMzEvbwlQF6ImSDkxB8hmoo2Qjwi2F4eYW4nRXYkQ1mgnJS0pLCR4/nmwYBcpVwpTYNMRaNajSwFIAfhAydaMMPpFG20WqMx2kz6y2OpgsIIOEDGA+ipKUO+Ixm7CHFpmvigIOnCD0ZRmucA9u3dujsYOGABqGN+KczzRCvoLRb3bqsl2kepqlvr5d5nddlAaIkEENmjWqCa1To44lIQPTt1jdNXD7buioPpilxSqnzFp95Hax1m97UNofXH7wbhy4OWT8cGtPYYdn8EieduCdc2tCqxnbWjmhAMsR22vhIq9a52MfBeYeuJBbzwOKCWVzbNytehEgdGDZM0mH+IzY7trC3ugMEyzgEPuI4LECW+PgOfNq08fjOuc7G0Wtja+L49mAbY3sgg2D68wOcsm9Cnt84DuAexA9v4U5qvxNjzG6jUrRSPAItKq9nGD/oKXInBJ14pMwCgVZwWmw/ro5Q3KFC0EGJRCKRSCQSiUQikUgkEolEIpFIJBKJRKI/HoXwWTW8tw4LVbRCBaDoT16KgAkuI9L72fIEvABuL44/nULbEDIgIR8IqFSuWyBLEgX0ASVBqJz4gQXwwkCku1HhtP7iPDtkcB0dqu3IC1jMYaFDDfuFBM2kBnMpFFnjlK7bTKNBtEr2AHG5sq+TqwTdcTe+QSf7gJAZEa78JmAllr+D9/WoMnRSRjJk6CRDL5U9R+Ue4JWpTsxeK29MXwYjKKemDlqy1TG71rKyRQIflz/e3xEOoJY0UHFmjieWrRsKoclFcKBIYPIXiqLhJBD4T4EhCtTeW0QmOjBDARONNi4KAE0gVCdA4gvwSpyHFHAOlXaB5gjYAF05nJRQEZXAoBsB9kJuDbxgIC3EwyJJwBFMWwivzs3LfJjHeFjbteh7oVN4EfSYbF88monEH5gnhRYqCAAplRZknok0riao5DuTBjyN7EM0jNcWcz48/ZB3U5n2EHoyDD2lSE0o4k48J13RQwtAVsDOsjcLXhEojTjg6HA23HoAABAASURBVOti0KlGQcqNw/lzvHDh8bPau0abeJy1CI7QI4WPNfxO1jbWdABP6L4BCxWI14J8Fu5ObMPYd/G2Y9MeO/jTAX4U15HtAcVoOgNoRbzjuqxD38Gftr0ADbRd53mNWwlmNDW4lrVb49Iy/QisC3IhALdtKxgYbZvfPBBM2M0GSAvYHmCqVr+GOa4yv2xq3Jq+P3T9OFin2tU1BJ0g1xIvqbvYpDi2sUs0OXCJuGb96uJKbHlGANGwi3N9a2dIjmIqyCrdQCBP8T6y+Ii0OFbxIAJNINUojrixHXIt8chui4PghtaibUqIz0SLqIjVKjsf0aMUKmjshkai7SPOTN7xdM5/CuHG9wT3VkNWPbQtadh0TLwbcidIE+ITQPYtTCGhvxGZrJDjlRXiRCQSiUQikUgkEolEIpFIJBKJRCKRSCT6I9AnQZOQnDDSr+pzjuea+b0qxiH4ndlGKkzr7G5BNV+sMyZQg6rSFKqDmTUqVTYRQCFvFJ9gjowyWEUuCXQVH9KtU5ugeg+1fbLxqIr4WPSHcidYaCjD0AE1PhZd8Rv5Sikya1BU8CbHDEoCITMMRCUAFAg56AbvC+XXPFxl9EqNlliUMhp8QZXpERqQwCk6xVhF7S4YUqtVTsvJnicETGhGUnSCF8i/JfMCaZweziwHvqhUfQ6qMjtIh1QsTWCTE/V2tIvaxS7Vo6BwcjnXCEJrtKJRDGksNFvXWLpDfG9bN7fGAv4Wp3K+zgAcYPgORS8ZiHLRsegf69ieDDcQEAErlDWe7SiXCWvgiJ4gDKIo+EfpDAxppevONTwCIdbImbjBcrsPKbGGMkWS3wm4Rozj0Pdd17c7nxyia5hd8nQbk1wkfEhuIrSClcqIiIe/fR7RgGepjwqH0NGsVI462cpG5QXQts27d0+HwzhN8+VymZHS2JzXDh4YawFBAEpAG46iIm8MF9awxeOMUexFA0iEiYMQD4gfcGiWQbsOiykvGLDigUxg1qazBiCTrunatrXgboPHAeLj4onpAcOwmMZqc+zap6E/9u3QglNJAzSGaQxa4GjtNqJbbFwVQCI1ZlnXeAp7FTnI0FHxKY/9XrfJXzDSqWvRN0XBYcCexIbPqEznQIwN+ZCEOCTrDFk8WzMvbR//xCnuh66H9B8L7iwGGBHIwbFgeRJ/87jMYJtyHhJ26BnD6YbxaRu7AndCVIghyMrqMruaLoq7qcUnvMWr5Tmlla+QozNgItL4OHcJ9TCer5IcgALl4dBOl62ZyFkpP8Y195YbonhT0DmLCn8S08c7NcxqXCiWCBUYb1g4jUFwqOGnWltAUfBR4tymv429j0gkEolEIpFIJBKJRCKRSCQSiUQikUgk+plUGBH1pvfB/rXOHhVMJqi7Uz/jK+jMQoRQf3+eT8Y36Gv29M1+MAWhpBgHZWD4G2rBiKSgkQTGd8RPsGBN9EWgkmv8abBUyhQFxczoVJVPNhsIlnBhnN7RmYxAWAC8Drj+qrg27x3hF1zpdVgvVxVboZILQCj12ZAhHl2qsboaYR3KABE/UCAV/sRTvTU5n4QMlVieI6jgJj+NFOSTevNA3G1Gf3R9JPWPUZuMByX2IC2GHIjDtw17MkWbQmPc9femKblJNwfw7yksSefWpSt7jn8xKRSEc4KQfICJjrXsOKlOm80sCokTyBABtwxgDRA7QJcRCubRuosrbDULpKCA+wLAI3HGoFRvTEhGMdQej+xOyIOJLWtqoCZRTFAxZyoi5FI98Evuel3ddlgOT6cjoACNVdm9RGdWqFT8ceFzDT4V9MN+7G6mezfW+UIhrcE91vP44JuLNU3Ttt0wjMMwXEDXeZ63DQxCwPtjWwHtAaqEni2LiwMgIHh+cVnA4A89PmA06OB3ssyzW1cFzhnwuENakoaHmHNWVGhCaHWIpw2W/U5aa4k8U8411lx/95t1um7nD2PbtMYc+ubUNwCdNDaZrNDNYTuwLViExKWAeTKuMfpMtjJwKBgoAbIEew14mazzgijSohpvofut0W1skPeuBXxELcsKLAX6uMSObuuKxh1gsRK3p3Vdl2Vurk0cs+Px1B/GDoawo+VhMJApwUa4JwUPfjDJSAe3Oxs/iHPbNtaxyxPPuklBT7whsPkQ7KR5USIMQxfnJzY+E3EcYA0m+kzh05RwP9xbAcFyavevhbony+jBT94nmZXKKzSjKvx+/tfDMJfH6xBXTKOQQ/LgYES3xq0c/jgyUtFKoBORSCQSiUQikUgkEolEIpFIJBKJRCKR6I9R4dNmJnfH5Ar3J79/HuobELeSrEryAUno2mDQDwKAEu82fLFB0XpzIREggIRYFYvcDiu8CsCAJoAFBAEORnGN1CavDkNoS2ubYgKBP00u7yryjKBAFzAzQNeVgE4BaGfiUrle2YyAJPeLumu74v7dOD4s3X6G9uOcC7Car0aszM54I6hbWxG9vzVDMKbwCyGE7HlSOAStyecjGajsyYa7vpQMmpsG4991KtDuk+QSohR7qDy6Zml/dYBJoE/YHZ4WHpFLanNKz8w6YAoTIAYWHVDQXKPpotp2aH3w67ZuQB5sSJ94p53GwwEKwIGJV8g3ywuqyZY06R0slPPM6eSE42nRxbbN84wJP9u8Lcdh7IcOUp0q/xqP4BOV9cH8wwcGX2hWsH9pUgsc8Nbz+Agoe/Owm4VC/yOUALTDOI5t2/b9cL1crtfruqxRZKph2b4CVqBHuEQbbiSZiAArZQnwAO8RcNnwHrgTl9J62gBmJgachigwC+CM4I1zyq3AAelGIQqkwCbEHnr18o/+X3F0f6nU/+k/+AuVvFnKUuZ38uOh0cjIYGSPGfrmMLbTNMXp8NvaWns4jvEAaOu2LX1sGvyJ6wEdUEKDgg6M8TA9N8u8LPAR0m4IO21xW9qcbr1vPPjpxClc4mDELWxZ1enYx1scxngRIOlgfmPPNe0yVmfchLybKOPGPpgRVdsYvTnRShXTIIUnxjsCkldnmOHY0B2zMwr5CCn6GE9Nv+q8UdQ7Qsozyy2/aVvePtB5yuv8z4dBeiteG5KXjPEG/g9gCRTPcTAkAfkvb5Em+/KtUyQSiUQikUgkEolEIpFIJBKJRCKRSCQS/V71NjVSlw75q+z7E+vCoqmAgFLn5XPTr8mpA8kDzXxGSHwAWZt4PgCgk41ZE+8KcUKXAtsTyK8IaHNBlX2MlwiYPEH3hUqqzgV/Ko3q9O1+uhq4p+D5PlD7PcaepDYqNhsgAoB6jLYDhuACYxhvSKXYPKb7kSyQRPgMTCc8nIzqZbYH2f2q02TmQ0M5isctqNtP60upoOoD7prwsWY//DTDIjo1ICe31AfRZ4pL0tkQ4cE1d30PuRp+cyT7ImQbD7o1+m2sdBfKObG2WTkMRtlmBuyk72xr+7brGqBPNrct6+y2DcwWYLVhnA37UWBTaa3hBDepsJ5bQSABMzzcT2Oyv0gcjXXdvL8sy3Ltr8fT8XAYW6BgKOSJSSgd0vh4XMjmdmh0Tjn6Qulq6KtLPYBO6FmNA0YPSexG0zTjqLumiQ2+XK/qoog7Aa+KMt3Yf3xO8DqA1GAoT7yUR+wkXqclyw5gPgAugyce58YGqzw7zUAcjwMKCLxGmsa1GJgEx5CryoO+qT0DhGs76KovbMjStmbbwPwkHn69TmByEkIHjiaQ4hNUS9RP3ILAlGVZMB/JETSDnFLfzvM0Teu2+m2lBBnYRGDFwAKyq+26sJptXeLpWxwlPNAdjpAFRFhRcsYJlfOPVndb8O3c3XU729ioN7iienLZ6SnjUQ9gsY13v0fPmEr/BOgCYJnib7JfTmVS9q81Q1lEVSEQE6/haP3HX4it0nG/N4QDGoFORCKRSCQSiUQikUgkEolEIpFIJBKJRKJ/U1WqnMkVo3xW+UyUkjpknOj6zfq1J1sDT9k6+OV3xEogMQf5gABOJ96tG+MIIaEkySkltgZ8AbBU62tQIUehsA8EgS1Kk2tE4kfobn4fJBIUp/oopW54G3C5cJ4dTRJFQN4Tiiu3nI7yAJXgC6mPj6/6pO4vHW5upAtn8fiQ249CNQIpNEfVpiHqzrngUXlaPTwgNal6/22kJR3P3It+wxImvUkJQZr+VuGmnh24/K1VjbwEv5GVQ+yTgyiX1bBHjF6XbZ2WpUeoIf7fttba1jSm1cH6bQPXE+dpKABN0o1RaWHQMDV56NKqVxTnlM10+AfwKh4JCLDiiYt8W+Zpnef41zIPw9j3fQMuHEYnGIB5FarxB22sxoeL/Vx09ZjRoOnPWUxfohyhQsNHwSyNjYPQG2NaUDNdp+t1UpB44zlgB1672GCHDyjZzCh6yIEv0U3bIDdiu26IRyzL4jnSCu5DbEfTNDDinv7EwYI3t7ahacIrYFoSGqqER248lZhwyyu9bYF6gXCXJrahGYbh/HqOs3C+LF383cJd4g1ik9bVzfNCYE1sJ1nlwBJpe6BTmia+OU3XZblmLx/0MVEerF/i8RYTiFz8GWf65fV8PI7vnp8PxzGbiDAQdzf2qeVlLvKrm6ebHv2yF1ePxUdIlPyMZK4oKs4onULzkeyUeFvcb+hEnyQqkBESnVyk7ndDXXNCfHeIVQOXkwzGAYDonTUW/q2wwCD6zSlM3hGJRCKRSCQSiUQikUgkEolEIpFIJBKJRP+miD0UcoEx1c3vi7rJ3aT8LMfzt+spWAb4kvSTCpZgNwLeAA4Lzs4jgIKFTA/FZx1SqEh9D5BBssBi+Z7v4TxVRyl8hAAVllJcscwVUpImcoWtM+BXH1LxNvUhESxUFYZ6qnowVNim6nv/tT2MvisQf2TMb97ZmwXcmlPcvclV3BDuMnlSd7iEzF4D2ailvuDNxetu1dYG6v6cuzt+lrL5Qgi78KD609xy/ijhHbk31UCxAQnOb0Im4js+1rBDGgOkTxRxRrAitgA+FJD90iBG0cZX8TXwH41pjLJWk88HDK3P9XxkDALE66h6kKkFsKLq0VoRpAja4NzQSrMaUoccmGVsL9O8nE7Hw3hotLZYueeuqcq4JjDVBfhKUMlQhceCFv3Dwa+dMO4/esglJDcURGgwGUcpzl7B2QK+pO/7+H7XtvGAeQYnE0xtcng6ojMAE8Aj55xrLMVTKaI34qdd36HlSceOJrAX4MDilgDYCsIQFugTY+itbdsaG//vXEeWJxaTePQbsVKKWLP8Pvoq0YfY/i5eNF4mtiH+vFwAn9nA12SNF++7+KZpWzDCgZwd5I98knOBcoJaOMJerzaeDH5JuKfRloegTFxETXxn26DX8R6vLy+X8+Wbb745HAfsAlrnGJVQMG5o5T1TYI3kUBJun7HSr4Ke6B3jsaPM0gApnR+qCk8h9kenzB3aJ7JVSqZP+Eg8lq6GuIn9iGFRvQPpzEkZtr3i/RjypOIT4pUzsNS9XyEn7bP2UJFIJBKJRCKRSCQSiUQikUgkEolEIpFI9PtTqSkDy1VNAAAQAElEQVTfuY+8cUIJ3EglT+A5kqFJKq5nmIHCbhLzkX+FwjkaHHhyLPBMnCgkS/wW67QbuZswlRIQ7tAWXSwS5pFicTD1gf1L4Boa6p3gO6IcFUQxI8epqipKdXKVq7Fci+Vv4zPNoDGHBx0oYnM5PMLXGAmfyTfh4j5G++gKL6lPKKPHb9Wj+zmeFI8wlBvuRJPzyv60h9yBVjurEqU+pwHoGZKIBSoT+082slh7lE/Dx1ZaqUVzZZ3eqj4qZEyelIShBM3zUk8WuNsQ95PmSXFHEG0JdQHeAJKC+NNmILnJLTP0G3gTxBEayL0xccotXsUVpIpWXGjuLSg0BITsJsameCFtrYIFBNwCwgMGQIYVQqPAEmP1fd/FP4fDqI31SGHE4zCnhgx28N7J9wFtPuimmjGUgqgUPV5tmt1eeBxSAND+FO4F4S46TVK8LzA5SrWdHca+6/rLNf43LQuhJ/FocDpRCI6gAQZ0E6AEJG7ImmWaZ2tNHGNruzjC8ZDQUBgSMChxKIB7QMxDta2OByCDouBpxqmNHwCPEsjyhNK1yGajnt/87ALRVjEYvIa0alqe5a5rr31/vV6naYoNmOYJsKO4EEwzjgPSJAC9wHSBZrwvWKIMw0CZQeSJgotEYWSMdS7Arw1PX+xjPGBZ5vP59Rh1iv8fxrFvAHEyiqkxH9Q9ZFavsjchoR2u5R8/cuXIoB4+lQTTxM7SkvDpILI+UZW3lcftwCOHlB/R2PE4GvFAcrjJD6dO4WQqEyd4OD+U4E0FoJaGCdVhi09KnOb44MVHsXmE+4lEIpFIJBKJRCKRSCQSiUQikUgkEolEoq+hHGJwi57s6tLhpuRPr7HkrbOvCZoIaPRuQA5DswsEVzP5W/CKqv3JwkQhdMIYCvyEL7XHcy05U2AKB3InCuwm8DvweCYUb6HoSVEbDl9xR3RwgaMgwpZxilBxJ0CTkNi9oYAZ1BVd1anxYHzbYOPBWIX8BjJFY6jTjK9wEkqyGcmqrT/uPEI+4Wvylm6OyVhFzbtwefejl6nTSMJbtwr1R8lARd+coHMKDB+k6tMYzcgXvDlx9yaurwrWuflZ2l4ujgRM1dk03WjRwu4p3C7GDBAt0mUZUPscwhSAHK0bu1ToNb6zAnPQtrZtYDGCa0Wsh9uwL7s3e5uVmzbeEkC4XkzAqJoAfJPCBkEr5mWJC3me+n7o1nU7Hg5NA22KNwdHFLTaUTX1wwxAKPFI+W6fJoq+UGH3143Gw3A4jNNxeXl9vZzPS+xI2mXgiQ/a62D8PjbJaDJBQRQD2IQ4wHCAUWgNgnwHmIvEvWIDyxAAQJrQxFMsATC4F8DUxmMsTo81eAuA1mwZqPDmkJBXEtqKmBZCdUzXdX3fXi7t9TLNy7zGaVi3BsN24s/4aWxWnPJ1seczoSfgiQJeKF379BQbOKEnioM4nXXFvCHjIJ1rCzbgtmFim6lnl8v1fD4fDsPT8/PT0ynOehvXGUwlwEYB3F1gAGEIUCbNcjJRKrtByK/TFqXDp3cctYM/yjtxlRn8FwF2dcWmV0jCMNDjOG8s5Mc7/0wWKYaMUhg6AWoKA62UqSAnukR5aPiI2Py4JCxnaMUp1bbxn7E3ikQikUgkEolEIpFIJBKJRCKRSCQSiUSiPxI9qvHr208TkcCGEx4KlIQbeOfYyITLvpgzktxNNEUxbIAYGOBIoMicTEOgNInZOiGZQeA1MW7DEVbi1eog5gKOQXsSSmbIrcRTU8Wb/1f3DAahLPcZFVqVIix/u54pHc0eKdl6hckWNFhA6CQkn4WbO2F12KmfQxVdkNts1A7zUOoNq5PbI7hTt8BKuqziCjC88io5pew6EqrEpcyWPEJnskELEyEV9lQvNodU0275FWSF6JaQ8nfqQ5gNqrxSbjmDyi9CeZ8+QecehIgMG19g5FLQZN8AP9zi123TMyANbds28U/T0pXiW0YDg9JUA5LuqYPaYU3kzBO4H3EaPZbyNS50XDmITbltcWvr5nm5XqdlXiFw5zjGExxgMQG8H5SxmtOjaNkpnvD8CNxzOo91O/mqGuhab0EbuzvADduuef/u3TgMr+fX8/m6LEvsVNMCRQCpONruDEhgsCmvB52FrFXIKxjsn7XWoXlIit1hrsx7NA9pKYELEBSAUCyYawD7gwE+hhCzcNv4BygWrgKwUsHhMjDLahzHruuGYbxcLvM0X66xI3MUBO4MQ9d2rWnR/sRcLlN8P3Yz9k7rEf1OmsMhxF+v5JdynRU6f4AfDlAVDGrQGGxb/Ogcj7tO8/n1eno6PT0diV8xtkV7JrhUbBR0n0/UCTS6YQZ3r2nxmf2E3sBftNmlCKoytxSpE6cmLlFtdd4T0eMKvEhwoHR4/JyXRqIJVEL54Pq0zgPZ3vDDvJsIhufyk0L4DD4tVuJ1RCKRSCQSiUQikUgkEolEIpFIJBKJRKJ/s1QKlPxfSu2gb7an+jZ++x08BaAATEVFLAYrzHagi2gqO1Lagw8EFcSyvqUqprKKzUPA6kJ5ckWBWiWQJvgSa87eYeFVAZrg8Lv/1EBDLVH0pX3yN1EFT9DJm4WbrPcdDOXNZONRyVdfzMfEFcqLYLZBJ/hGFUuQR24CmWHZv/vTqqgPY1LuyYHP8LnYO9vcnxqyW4K+PUvnKrbm9cBV7Dr7JtuohGRWE+6yQso7gW/n02E3B3AhG5CC8LALQdXAUMgNoPr7/uYqZ4EE7p6hW2le6JC4Q9wI4CEQArVqDfYVzboZuyhKILFd27SQD6MeDe/N3+luKuE7GgEbcsnB+yE4g/dTa3Drtq3Ltq5bXPp931sL/h+G3Cc4piTkMJ1AFjEqZK8drz4te9/oh2YY6k3p/NNg9I8KLXnCYFjMdbLTNC3bpnC8KISlRhyCQ0BB0RMEyAnmuXh6yixCJ+BrBM4hi89yOo6JtevWbmA/srUABHUt7hSQCNOEm2ijj4hZk7RcyFUGkBf0L2mu1zl+uqxr7Mg0X5d1jnMxxOlomnE8dF0/z9MVqJQ1/olXaNuuH4ZRG5iyl5c4u2B4sjq0bHF4WUuPD3nrxI/AD8X5eYJbXM7X8TQeDuMw9E0cSW0Cub9Y9gHCDdYxSnffmT0IEh48untCJXum1KZMYOwUZxMGgQ52iKEk5xXINOPIJK3Co6CfjCVmG5XEomim3Tzd0RPxgnlJewIKL837qs5OUiKRSCQSiUQikUgkEolEIpFIJBKJRCKR6I9a1Rfh6XvmhSfI5fwCFoTEAQRDHgSUm4NeJmht4glJgYI6fS9ekwdJwPAE+ko7HJ5KyRzhEDgpB75yDxYIkKXjgD8hO4J0e82pD0lUMc7fjlc31X6mJ3RlueHSiZpwE52uUWri+DmalxhdXDTyF/Vjh9B/IdZk3zKN+Nho31aNf1pdNbVK/QQVpKP2Fqk+rarHyeyEEQ6fjyFnBHVnuIAWCZzBkd/d3TrDPuXOicfISJEx+cqJYqFAjl2SUeJLguflSllIgexPgrq3X9G13UPud+IfiIUgPsrnIYmdhrAXt9Gvm3VbswJHoD5HYVc4T7OG4SOB6KZUlscHAbW6Dx+WZT6M4+F4GIZBdxoTZDJRUQihUAZOY+rVz1ak369U/7Br3iGfg0448ScwE01zWJfL+fLDhx+v05WGEZ+csONO0sUplsUaE4whwxNGT+KPto3nobsR7wMubG7T2+abxq2Ni/eCx9CFxgKpQuSZsRTawziO+mgXVe3SgcspXmgcxxYSdbp5nsm45IJa13VAyxM45jB2XbsClTIjC7fEi7Rd33X987Nu23ZCXCVO4oaJO3F80E/Fxu3HGgTuED1xbl7X7fX13H5o43Qfj4cD/B8v3qe5ZYcljK154NF036v7FXA/7HfjwKxW/eB5tmYBACgOL2zeLs2QIxuX4MmupjgTQdaay/NMcBUyRQASGfgXAm9Bx/PjnZJ2IC4K2RR2V9Ifnz2RSCQSiUQikUgkEolEIpFIJBKJRCKRSPSH0T5d4e7DPRCAUIDSobaOgL/RfITKx4HMSxJoQjV/jQ4ROnABk0JKoLpIJAlm5mBNHS9KxgUo4gCy8JLQBoduJ3gOnIIYgeKIlhzFoilqp3RTv9FRKj/nQrdigxOjKEsHCuccShHr1VDahcq1JXZBpaCMROVA9VtTTI/6at/Ef2ACEN6qKe+P8qEsiQcfp9pxmg/mfLj3H3PSCGWl1Y4yaF5Q4k50bfyR37uBJTSZUJTfVZr8xx0khOjetOY+lmiXvqIpjARXXB4SjhcyubFgpbFtyImg0Q2YV0DaS/OwIbs249/MctVwTTqU7D0oo4koHqr6b5u/TrN3PnfPdF06W5dq/Q6h+twSfVA/06IFWsDEBxk2Bfwd7EYaZZtD1w9N1/zww48LuIWsSC1E1VOuCVyiCaMHDP1sAPWKL8ldSOsWXU8MoicEoAXYOZApoSts2wbxR22Dtimh7RrCHNQDC5DbrdAg/+HRfAXiecouEDti+749HA7zPJ9R87xA8o6du64bx3GI/wGeMl+vl9iMeZ5i68bxMAxj07Q9CNxQ5gWMa+JFMDEHuJPQNAbGAhcTmr6s63qZrh8+vAxDfxgP795h4s7pAEOmab0QfUJ0VaGlPj1FDyGkcPNpWqGVsxAanBj8yWhO/Gmtobgz2AIdbeLKMzLoE8/lESrkSwJho5ULxCFqtCVCtxQGpXQyUVL0Lw+RjrSxmj1gKBKJRCKRSCQSiUQikUgkEolEIpFIJBKJvqJCCGqXoFI+yO/lKJTbSiSV5Olb9j79DF4jFaLpa/J4rAlUEffkKAGJIfFT9C2JP+E8LFWCb8SGPiaZ5FBc7UVzE6Qb0GsiVicD25D4XGqPtUhfOW1kGYYj6vcweyT1EFmYeyAlVqg1Zedg5AlAElQdhrsHlSvjTGGAnCIXlGp8FR/D46sZdNHJSoMsLnKyRVU7/gQB4PPgVH3Kr+r3wid9LgIV5sMtd1AtB/YiSTfRfI4vHc93oRe3nMfNr5CL81HMQbOjQw1O1KYY3DCmhtIEQytN1QBKVvJ63wyCXvaXCsmihgmmwBXvZKyCBzlcroVZoUgpQxhKQPcH13h8vbtlSvfRCdRB/waV6vEIalG0SKDau8XBhbcDl9jj4XHBqW0DzCI+D9M0HY4HEKSvdBhHw0OCwBTazoQtGRDZfZxKUHdTQjYuStcERrhbOdrslp3ZT0b1gcl4Tlok2LHD8QhRO5fp1V7meSU/JGyZY38hnVEiOMnwgx27Aq3z6FYCCTraNNZ6XTg1cEZRViGWhvYnTvnNO+u3ZrONcz0QKI2Np/FQ557SThbK8vI88Ry05BiqgoYaq3rbti50XdP3bd93ry/ny/Wyrhvb0ayubcARJe4U1+sVGqXUsswU+NR1fdO24zguy3K+vNrGrMsCE+1DPNE4cGSBncfq1a3MTLkQhwsie9blfD4/PZ3GOO9914LjCwIbcYSYq9L5UQzJDihbiBo1AAAAEABJREFUH+UgqlAou8ArNWVfKVUWCdJd2vO+oJIdkCY6Dc80vH0lWgSaa+BG1ncIoGw894iX4P6d15Nh3xTYr9EkJT5a2GW8ltcJPMF7BIMgo4IQqM/xqhGJRCKRSCQSiUQikUgkEolEIpFIJBKJRL93eTYEwcARz7YhpZQHdT8fikdISF4lqirMYyUZ03MMlHA1XNQ7ruX65LHhAyIbAHAgcAJ2IFQnBrzEk1tKcOBNAO9BVZ0cUVTlf4FAi2fbCoV1f4PvGc3MhOIKtbWUuYMtt9gIjyYtisEJQzgDWUp4ogCw0kkmCN7ANTAmBQkGpTiUo7HoYRHQSYEpE/Rcwe/wKzjOJpYltVuzX0aCFtjzReP3/HfiT+ofKhlhZATFq0zKwNuudtDIaRY1S0Dv7XmDXcBNViZGOLAon6+w5Mt9cLtLxAn3jvsJHE6okZBwl3dTOA8CbviAmlvQ2fUjdSl7zzwWUkdYmrZ3ITPoT4N3sqp27klU0I5oQRuMdE1cQTi1Gn+GFGBiDK3uQLErKsXfaFpPECqimjx0tYNHwHWkdqhH2HU8tylUTAyRAxw2krEVtyzLtm3rus7T7N89xyOapjFpskNOCQoUJgTrlXiOsBuBRyL/md1Q7hZE+MJ6f8j7CtscmfFwGIbDeDidX8+X6/l6najZmjgvFCFdQed4I7wUeMs4fD9YoEdYTdvCp2x5Ag8cRtto74IDDCgY65bNteh80nbxr3gqZWIl6kuRt032SiqEEHeidEfhLhM7AveP1+v74XA9xL7Myxy1zGvfd+N4jB8dDodlXcEPh6w+YO+BfQT+xDY0uoPAHbB9WZfVpdAwbXxcdoY9XSi+C7i8cxyt6/V8uZxOxyfkjYZhiPNuoTsWB8oj4xJ2DYYJ9bmX3K/8We2Fo2/NTsLbjiL6FkcKdFV4QhAv8oZeo99JMBy7gzwQ7okZ2UtZagyNeY29toQWIlaTACb99t1FIpFIJBKJRCKRSCQSiUQikUgkEolEItEfXOnr7IqDaUqdmSruShGpkSw5iOygQzQzJQZ/QoUUX4NhR/IZIYgCYQasomPd3iNo4sGAIFZiN3I3QdcQDM3h6ByVQQTyBvHJkIVuW1uF5PYkk45UNK66mAmD5ORhqLJOoACVl703lGcSj6Jqr+VsEJOdO4jGwMYywRLSN/5zQ7jVyeBkL1NG7/F86NJa+OErVCLXkTOTskNHdpdRt7/d1I6T18bumBypkVxskvWD4sK/KizCDidJPc8V688uB+s9doH+MdVnfO2P15eNtbdXrY+nurb3YVewLkeW2rrRmicIjuVSeSyc+4wYUQQUjxc+L4VPUFXhvqG/+Gj14Gb6LvUm1Es2qGQ3Qo4cSD6F/E48vUGHCD/N87Ku+Az50+nYdR2ZZASw/UjuNHjWR+iBj+tuJYcvmOA70Yw3oHYYRkBAWki9uVyuyzwbZkjyrTHJRSFBgiQCYWXoyBKU80zhoP0Q2H5oTdvKBvTaSpE7uHQ344xuAn24rmuLpifoFIK0mb5d1o+woAeKbcXAHYBLnp6ezufLy4cP59iZaYrX6oeha7uubb21SJN4zRweLABr7DgcGtsMwzZNC+TtgJXJGrdHtwFgZ3E4qG1IXcDO47w6n8+xC9PlMg7j8XSM6sehRWOV2BZcuh6RnexQEnDs9p1JEFhG0ure/mSkA54hAE0MYIaBEC3CgIynZnk0tVK3G5CjfwcYDNwMMCvAFSLrZxFnMw8ysUQikUgkEolEIpFIJBKJRCKRSCQSiUQi0VdUVU0O5N/BfgRMJSgCRfiIkMkDroMDQoI+Ck5ZJE4MMRnoeAKH4RXRTMRBHRRrjQ7NTOI9sC7ssdQIV3XElWh0RamVHUNMwll0gSL2SSBq78FQwxZY5d8TAIqLv4SeQORGYxqMtmDPBY25FWRc4nkAPKXq0HCpjxoBUFPz3T6z5l+xMgGhk3yNwHf0YdfPO6aE4izUHjepbQuqgJe3i8vJoiZFb+jd3SAZJhuWlIYkZ45QWyqoj/Xzhll5w8rgoyXw2F1zb4NyE+Vjkx3OzfUSB4IEUopFQspGWRxJxH40mTHQ7wqinsgapkyQ5tVAV21CIq8Y1EkGMGC+gZ5AbD+hK7yEH7psi4PuFEHbZEqB1IyN1XkyXUFWglwi/Pl6ic/W9Todj8dh6MZx0Oj/4uG58uSWoeikoE0meXRGiHLmUG15Uagu8k35yQX//VxDToqCwQQMpO87a991XXcezq/n19gFgg9CsNhqjU8cdR8wCgrQIn+O+GucCLvCxBlr43ltCwhI27a1gw0RZNAM9NhYtmW1a1TTNN3QAvwST2vYSMPwOHCrKfMK1zrbz5AAhWGDDkfMhrV6GIZ4qWHoh5fX8/k8TdP6uqCvSgscDWxgii0+lKeIonhm/Byb0HfdsCzL5XJZ1mWZF9wcwfspbkrO6czBEYexTus2r5fz/Hq+HMbX0+l0PIHzCWT6NFYxD2WD9rzsq8SxoHaPJ8FJ6aOQna3oc7WH6sLur/xLuHkX15un0cTIHXCbIR6FyTvt82oLPMdVDlPaf4Lhl8jTQG5PfB7+NsyTSCQSiUQikUgkEolEIpFIJBKJRCKRSCT6OcUZNsSPFG4DaQcshmOUCtW8+XvyBCpQ4ZACRmLJP5ZEY/EX/U6UoqK4QncJg6kkIZaDHf7PHgRsaoKWJxkxCVTkxUo6UxrJu0SnOAjtQ1UY98ooX8EXWOiveQKVkzEq1wlsfLyiR1sLNvOIldymsVDThHAPS+cZ8vgwWD6F0IfY5iptI9wWP5OTRci/qHJbpGbqg024qd1qwywI+2gg3qK4WM8eG4kBClWZmLEYVaAKnYwtGKdgw4uqQTrlzqhyueATKYGcEI+7upGmIjzDGURdKLbfyJfjd+qReXSd2/Hbv2F0gRVKkbx4qaQXb7kf5JuWtu2hk/qAqlF01dy8BgkJsIqA2CUicRBFogSn9EDgTKUnqNkZZmh+FdSNswvrbiHlBvGIpLicuGSQu1AU/kO3JvREnS+XaZ4ul+s4Dqen0+EwoGEIISwhr0Zd7IEy+aKYSNmxTNRUrXJY1L1zyxcqO2rgD+83yuNSmHUTGzw+PZ2+/fZ35/NlXVeH4Stoc+IpZCaPFQ0lXgo4kA0QDuCAkCOxTdP0Xac0B7IoXOj1+iOwJ+5F8a/NrW3bbF1HJ5JtCQ8TGfdkq5+8aNDMaUds6Yx3QVPBd6TvY19eXl5fXj5cr9M0XdsU6sPzlR42k4K70PfEdl0bm7Asy9Vel8XQdulXuCzsr4idBdyl6O5xENd1m69LnPzx5eXp+fl0PB2OY7yOUoaGELfFjBJ9bBJDMovKm4sv6MntKYnpCXfvqP296HboWINdthYta7zJviaVb1SG4/jM+A9EvPfq4RE0aH1ivaXZMebNwC2RSCQSiUQikUgkEolEIpFIJBKJRCKRSPSHUSkQZk8MSszBHBnIRsCQHZ0KkZosG+AEKLpD6kwsGrsQDzNgDIHODBCIgVk5QJQ4si1ATxP8Ba1N4m9VYEsy3rjjEtJX7LOjhg75bUU1zZB6ET5iJMJuK6qUifEr92AZQN/Ih6/QQySJ5mJz4NbFZtJ12fIDLmJrKwgyuygsQW6YvsUa8MhsLFOhB5VzQMheMp7RkwQIFKuB7FBSTlFWa/URBYJE9K1BQE4UwR/wmzFN6UWifW4SR2JxvDo9s0o8EXyTUCiRzL3cN+yGrKg/KcSM/mRlOXyk+3vOYXffj5qnEIDh0QHHYL9w8Ri6JABWmivlNFVplSTtoROVLgAABw2PDmzXwQel8StN1eSsoR/0l0YHl25Iy5oQhHCdpnlZANrwz33fgYcHzaxm/iskMkBjXEm+ka5uq1JfqvvX0MlHl9tHlVgNGgPP5iv4SdtYMw7217/+vvn+5eVlWzmJZfMezUgaGuhk9WH4qS5mPvAYr4tfV8DaACDB6yKakFZlXohxboF884B+YbCLxXQeEt8hdzXsWKQ0oWXzUib4DY61ltKhdGwwUCTWjuNwvV7P53P86dzkWtfR9fFBCQBVOJgaWBgW7troeArm/jTz3MXJXNdlw7Fw6wZ5OdZDkhBeX1PAEm2ozs/zMk3L+XA+HI7Pz0/D2CNCY/bQjH/4MPIWrMjZpfA9Ia+wdFgeiJsLKLVzW6omPNy7KpGJFIEmcRqsNmhwwqYxGnkuzeicp2ir2ENjnEaWKP6wCAkpkUgkEolEIpFIJBKJRCKRSCQSiUQikUj0VQVVa8+mGlzBdmhegrgJvYiFQE3WIIrydFSiQALXocFvhM6CiiVgKqtzIVaLoVYa679QMQQCJWzwtoef4BySa8F8n1TcZCsDNHIokRD0abitaxY84g2w4c2OY/XSkhlELM5ao3OQENZIHUZn6IQVJJeIG4VkyrIvw+oc2qJLATf/nZNMVEFVoKfxjqmTCTrh0nep+xaDk/ukmL3XgN5VyvX9kfc+H+AZsh9DffOrZlcVnVwGKo8Vn2+n7s+6U9Wk+091CLlt9iP9TR+5h/cKoeR35DWSD8oH3i4pQkLSPFCXeZ1plfJIFJvSeEcBN0BkAWnF12pycx2PGj5FyXEFa+roEYMvuNEGkQBdwAY2/QnZPwfQBDCwIFOg2G1mFzym3xDKAOYQH17P87odDyO6bnRNG4DBgKga6B45yMTDN7CRUBTXAouP0CNKP1HJNcinGalZpC/GTgJ1J+wGmpibstDjczgMwy9/+cv484ya53kDrkK1bUMGRCFBINwa8M8gJ5tAlAowbutqbdO3EJ2DlydY4eaZhLGFZezRdMSDQ9M2b65bdWMxcKfBPcKk5leLtco7wrml/B2VngFoTxzvpunGsTsex8NheHl5vV6v67pdp63revBUsYhWIHGC5/BogOGSNRT603UdjAC4mazwY6P+ubg7GSBKLC5xDe+HRa0qHjJN83fffR+v/s0377/5xTdx9mPH+76P70CekcFoJ3BA0Rkw8rTBaHKvAh4n9puQKuKSnPOAxPBzwSRXmjWrqp15D9nxNsNzjPFqNAMVCwZuWvFfDRxmm6LBQj5LJWAl/oi9y4un7VpcsSKRSCQSiUQikUgkEolEIpFIJBKJRCKR6Ksqlq2xyAclPgfOA/BN/fjTQ/1P4wuqhRqqlsfXzrOnA31vHs/1G9iZ+A1tCZyLV9n42/fwjsMvsXusyMY3AgIfWCVP7AWW033Y+3ng31XWQyl3lm/iM6CS6YryQufTIc/B8jXwUKjo2iYe0+LX5Tm5Jsq4wLyJY6eNVGDXqSRM9WG+eQIacjWegAHNf4W6AmsqliDRDEjSQOXUE4QArwtwArESOA8qnwXUwL7SmlJHLEXzqOR5kcahwCX3QM4D6ARRBF3H1STrlpATijgFKZl/lIJ8ZUnyiEnQNxEd+hYfCUHtjDX4/uHNd4pxhtm3t+phXirgolDeKS476oECTy4TUQpq4vXc+ar9Fl86PCGOHM9Os6T0oA0AABAASURBVGsH0UXJzqTCZ3ZHkMXD/USF6ie+4tI/5Kfw24ZdOfggQMSmeZ6m6eXl9d2756fnZ9VDvIlBVgAfWg02H5rGTidrmh04lfmvELLHEH/w8+mmt+AOQoTEOAIxE/vwcgH3lnldWxuQE2s0rz+F+EJ1MkIiRM/E/Wfyvtk2oDsaeOI5LUsni540mORVAvwPRH2F67TFmyzNithH1wDsgrwKU3I0TKbCwNAORycUI7eF1mQI8e7jYTDWxH6dX8/zErsyL4uKF7fYHeqJ9xs+qoCFxHVgNKEncTQ6gE7WFf1r4JUHao88ThLqgeRNvNeCB8UGIWLy3fV6jcPYdu3xeDidntq24Z0pASEM8WgmoPI+FqqJCYSYBaajcgIYwit5RRCfR5u5r5d2YesyoaN2mwEOGs+CQZ7Ix+dNcfiOQxQKY8b4HwD6OU/zuqxKJBKJRCKRSCQSiUQikUgkEolEIpFIJBJ9VfmZvjqOWEmsQTsuswN04uEr+LHCaLK/BVY6ueCN1g1Y3PVIlfgNcRP4AwYhwG2AtwkUDcldIVliQHmU7QC4EWxewPk19BbbmtBnRtfcST5LpWLnfb+0VlX1F6MyDBd04yvMnLCacjFSBZXNLQD/COVO+AGkquA1OEamYiUyoBEY71ClklpcHcKt/QYVdilfJdlwIMzguREqF2sD19Z5kDTU3LMLAFdsDXUxJPcBvp1OY1HTFw/G6hZ9yF1XqcoeVEU0PMAiPkvhk6dp9aWX1l9guWGYLiLmIBvGpDvXCiHcGKvsG29yBA3RBsBzEHLg+UpNfU3CVyg9xNQQTeCcEZXJKSSq9G6d7w2AMgVU3qHO+Pw+N85Bssyyrd9+9/00L09Pp9Pp2LbWMIdEy4pPJ0QCl2++NzEoPq3W8qzRM6E+rfvJDPoTx2giKcjno+/7dV378frd99+fz8CexIHv+wETcMgciZkRXurwLj81yNb4ZfXGbY1r4q6EwIpJ0TY+OW3EATEErxAVFw+AvJrNrWbbWgct6Ts0JkkDh1SI2sEuimJ6lNpFzFAOktWmaWJX+sM4jOMwTfMVNG3bukCrICamwZZlEg2vqeMWZbtWqdb5zkOTtmVaJ4xPykFlsV8MgkC6kNG8janNr+dtu05z1567+P9hvF6W4+lwOAzI9DTsbZOouhAKvoPmKwpXlK7IGl13i+ypQoFTip+JSuFRKtzMr0Y4hhYUDhQlt8HiI/JJ0yAY05BjUGyHccj3BEIjPSUN0S7snTidiEQikUgkEolEIpFIJBKJRCKRSCQSiURfWWFxFrM1YmHP+mA8fhk9gE+D8YibBJXTJUIVr+E9fTMeaZMt1kM9fgMfTU0AOvGBkxFM4PCYXMMvOAXVND0jFson6iRZj4S63K5umoHlZirPBkJC+PpsRkC/xPowEBlQ0bVUcrYYs0GVZUx88IUwSAhKsTVJ9V+FdVj8En7xXmFbAjrApNqv3g0UvhOyP0A1jEHnqqxPLxNpszecyM4iBmkZq6vMinyjepz40+oqWCu/gydCARjy1ChdFZqVuocLUtBQ5YuRnD+qg9QnlXxH9O4tfXfMZ+iTAESiKcoiqWKIPtJCro+nwBl+G9dnqtbTciZXG+918tRp8jl5PPHBCFgwh0Qbk4iTCgFJRg41M6V0iTIKzCAljiUDT0qxJU4iMeBds2F53ulwvlzXZUViowfCwShI2wGey9D6wnwTftJDWv3EotHTGMpjFcznzcrnKJFMeRV4o21+7OOzqpr29BRXvOq7/nI+T9dpWWYFGTStIeuRak7pL2MtDRYmeTl0Zlp9cHvohI9vAEfxTUMkFzwlcUNLnI1fPOxrcYdrUYieWMbY0gqin2RAtCNOch+TvUrbtQYdXE6n4+VyfX09v76+ooXJTJBN2zSlIwiRUJPi1hUobacF4KaPJ8xz3HWhaYvDdCDYhk0S3RaybCDlzC/rNs/LNG3xdofD+Pz8PI5D13UYLQZhTIyqoNALh5xOTEjhYWr3+KQHgLmSwtapZKOSkBOPTzTEP1GnjEnbFg4xrSSjGFUJKvFxYNvkEfYjCgWv6PyG/64oBZgj84AikUgkEolEIpFIJBKJRCKRSCQSiUQikeirqllVE0t/JthYoo5/nEL3D3A6iaVAYFCwskdFSFcwEb8FMCRY0eYkVj2h+olfvA+poBjP8ymIBL/SznYiSHZAvRJSeLDOG09CmwA2NtEEbWhGGeDW/rbIjRV5H7jkbBUbjcDvhqGToJO1CURYQLaGJZm96Qg2MSfHpNwS4G1qcMLSIWGfzFEXrzXzI6quRGc+5o44oaZjZgUMscPSq7I6qJvrp9ba9I6hjlmTq94wgBk1UFwazqCCqq09EqeQQznUzcDuaBedziHYoXSWxqiAL3t0hLminRPEm9XhjO+o4ikS8pvMQH1Kn4WQJNwpwwl6j8bsu17NrLpp8P1143/AmmAIiWOYoQ4eoRNTb2ml+EBLKewG71FPdMh4y1t9zFeojmAsiDkAtW7u2999N/RdD1YXXd91fdvpxLmgdQsahRSrDfWWgvosn5OfJrLuyL/GJnW6Mc/Px9PTdJ1eX16ul8uyrMuywFOALiGKbFoqCoEAEpMoMoUjjwDKhtCJoQ5q2H1gj2gaByiOsUSlJEMXiL0CKAM8nMBppEFZ17SdBW4ouZuoNHH76ePHhqk6dlKBfShepOu64/F4Oh1fX87nyxnRk8Vta9O0FrAyk81zqEvxXpAFZnW8f7fG2eviKYCetNu2xv82A1RG8T7J9AlSgJvb3LJs5zOE9ZzPr8M4HuC/Q1wHTOQljxh/g7wV/Ig3cE2ZUiG7jFRLDrmp8vB4zaFpHP+URwm7lmAXbVLeWMijh9scxUQpolyCN6pBhnBd9RrW4MXmRCQSiUQikUgkEolEIpFIJBKJRCKRSCT6+jqEBhgQD0kO5G8AxVT4JBEn6JwQi4dk0IDhM2FzbsHq5uYD0CYBzAE8ZcMg+5BtEYgjCVzzpSohXAE9H/jb8/yx5gQZIls00xoYqnCHRqgq0wEruVRE1lgxNlSoNYhlWLY1sVhRJ48Wn7wJAuXYFHiCLUjKbYi4Ublimg0+cnm0xGwEpW49WbKNg64PTF/4J5cLhQEchL4o3eaCr06uAWlCqtoulMVzeV3bptiopHbn21bNUTdAwqeVRobun0vq+gZA2d3k0R3ub1cX6986hu9yR8bUV3n03u2Vbw94G5nI19s5VtzfpYqaqVsbqIKO5zRlWbzhyFCglBSJpBPBU66pypok+43q1HLrNL8VVgS/bTo9Oh6Jh9fLdZptN3U9BNd0h3H85v27RMPcjIxWzHTpu/wqne903536oC9RuV5FHsF+YjAOCB/rMB7GtuvGYfzhhx8ul+s8L8YswzC0bY+IgjZlreBeA899ulR1p/IDzGnQEsWvcXuyNv4xDfAd2iQPGBqcbdsUXsY7bwDh0PE4clsx2tTNLtOX+pS2Ddrs2BYlnjeOseXNOI5P03Galul6mabrus7rqoBLsW1sRGMbZQPewqQHH3a5tm3XdY0/0e1kW9Zlc35eVoc2LWS7UqxrMP/JeQjoAW+UZbX2Ja6A8XiMdx8g9GeMw0iwC0REYewOs064oHAfZosjXofMw4Rq5hEoydsmbNzxvPir47Wree+Iex16Q8HgU3Qabq3MJaZ/EnzaewKCLLib2zihTewL/RvihTsRiUQikUgkEolEIpFIJBKJRCKRSCQSib62+liXjFVUDI8xWNbUUCqk0mHiJqAGCFXHDct88ee6uVjdhO/+ewBQHNT/tGd3CuYzVHKq8KnMCrQHpDJowj4SvqFUihJJ2SGIZ3DtPtxDAsmFgG5j6I5Gc9gNVk6V4a/66yQ8L97aOcrTUemOHHESyHqCWm+4Zq24tIpHGTKNyAgIcx5VST6ZBOTED51IAVPlS3C4R86uCRy3UtmlaEVlbDZvUTyMFf0Ab/rEGMQWebXzIKHBrx0XeLgqHmXHqfBhKvtFlEwY9olQaRxUGVNuc6Z19N7Vo9yLD77xeskfpV+4iSHoT9qW7O1kSt8/AosUy4b6GtUl8yGcOFO9cX9rVQrue96AKvOqUcXqpPa9oVFDmwgfGnjc8JGIjx84DVn0gEA6ga7+mONhloFwivRWWnypvcY0eE/PB8KiNpsLbprnxTXT9cPLi22bru1aeGaAS0GrlpBwK0NPFgEHN03Qd1PkM1bAo+TVR2eR5v5RHI3LveShSttCa2zT2uYUR6kJ+vtp+cG7cJmWzqs+dqMh/CN5MyFpEQxsNxp5FADftjXuV7hHIEenMSQMb7DGfVBv8cnrrMGgmyal24AMmifhVrcZCLTRfolnz9a2XQeDaHZsFJN2OCeasA80NQK4L+0ZwSlnG3Ow/Th027Zdr8OHDy+Xy2W6LvM8Gbv0/eABX7LIWwBxQZNijW4suJ60jXGuI/pimRaAVq5XtwESA3zMRqlXsBkSnhFvDXzKusVd6Dot5+scW384jE9Px8Ph0A+geM3Y5sZY2Kah5ziA2itrq40bsteYTTFNgj/K5LPDDoy8rym4wJ/wiorzgJ4/Bc4rxkfeMLOYgR0LTwi4UFkb2wmpbm5TIpFIJBKJRCKRSCQSiUQikUgkEolEIpHoq6qHAi/HOFjF4TcKq5MeDR0g+iWoNfh1W5dt3RAwwa/WbxsUJbFuG4gTwHKh4eibwMkv7CsSS73EVHiXv51O2RSUMuK4eJ6+PE/FaMqvQN8TtosgsEMrS+4BRtuABWZETDAbQyvMyKh5Bqy8x7sTpkHmLRm5SIyMNnUFfOeuQZAIwyZeZ8OC5FNR6AKtaoSicj2AKjD5BmhV8zbcgsCcieGyPqadBHJBCVzKD4zEMJNA3g50Ba/VLqcmNUEHsp9JDSquLFwD32e50BXSmCh2NPGqABs0ToaMCVQGMOqx0oQAVYAMHekrLAbNaRht2Tud7DAUOthnbGNHYKDXAd49INXzKbHZBf3QoUQp5UJ5Bq24CK51wqF0beeQmIE8ICrzJJWalFHD1jD5IM1AUOArpdSVuIYzQUJOOOjwwLenYXtkmcLGEjseJR+vdoPeNA2TUiFsW3Da/c3f/KvT8fju+Xkc+3h0fMgTIRRb4IAZYAREZ9ObwjbVg3v3Exe0U58nfd+v0iMYFXwelIdIL8BHnp+f+2F4Op1+/BD1cj6/Los9DEPfd9DHlC+TL55XlTFxBFzishLlwI8wJCPF1b7E23hvtw19kyAKJ24oif/C0B4wPsFjAeZAimXbkFOxiSnjUS5TgO0mIw96fJVOSxGTwDogf2zf98uy/vDDy3W6Tqh4LmTxxEtjso9RDNbRlk1xP9R6AEaWcboM8cx5nqFZRNgl5AnZGW21oeZtbgtzWNdlnqbz5XXowe/k6ek0Hsenw0FZFe+oCJ/RdBbOAoFOPsBIMkmWn9g8Z34/swWA84+IM9zXeK80qmR60SOqk+cOT1nih2BemrdNkEQKOkB6AAAQAElEQVQikUgkEolEIpFIJBKJRCKRSCQSiUQi0R9E8A14rMCi14HTBTWANx2ESfhlW1dwCIA/HkN0HLqboHUCZ+R4qk6CXwhclvAO+mK842J/YMuUwHX3BDiQApdqGT3J7yerj8pPRJXSvcH/4T/kTfDX4m7Cpg/EK/hwUwlNjaJr8k/7oPydj0/0RqjZjUx7pAuyfYNWqjamKG4cunTC6HTnkHw+0u14CjRzFfvm4nCZUO7AuEbmTtJVuaKuKjwiH1nuVbp512X2y7hlWbgRfEoiTHJj9ryN2lmt0GeW7Qt0qFuulLo3XyFY5NaXJezeTOOoHk4fn+HrBuW5yG/ygCd0qBrZ/Qul7tEPfUOcRDW5nZWViyV3D8VjFnIilcKnhRw4blGgj+rtDu/6xtE/gA74kLJSYhsu1+u6rtfrdTwcjuB2MbYEbgFJBkPPhNEn7pVvVvuWfG4XPkNBJ1QiNt5awDvaZmxa23ZN17UfXj4s03Q+n5dlGceh73tTjSHRJzSuGp4oBk0eEDw0EfFD5zc0gGqaxjnftsCdkDAZR5MBBw3rhgFjZKDSoeUJGzDtYKO8fQCMQzSKYe5Fo1MI7FxdH/vTtl23LHFSpsv5coXAnXVZvAVjqY38Tiidh4yd8i0MbILQgGEep3jaPIGnCYbvMOwUcO69z6dAAJPX8cLrtlwv1w8ffvzhRyB3TsfxcDwM8LJvW+oR7LDK8BxAwA2sDZsGzqTh2z+HMA1GFwLN6xymkw6DUwzmjKH4n6OMW5EVUKBTiyEKzikarYhEIpFIJBKJRCKRSCQSiUQikUgkEolEoq+qxmEBFg1DIFuDv/QPhf4NYhogjWJeETrZHAInAb1L2L/EJ84kFhJjudCngrYi4sTzLyFk6IHdRKCYmKufak8VaJUNHkL6fn5VhcdibqCgGx0rsPG/WHrFer3RTGxUTEvAomVQ9wkhNejwsXr6bSBL8lz5JBhQm2jcfVKuDz9M4nxyZZW5B7MnQUIBX6jQD59mqic8CCu5dRagY6gQX5uj1D933U8le7Wvnr/V/XpO6/vubqHzuABT8zSqXzzbsdWNVQ3M5+MLq9+zsGGILEHKjXXBxDX/enG/+fb6/feT+kIRdLJzKsFhyARWMcNI0xAL+Y4K6hRssrPiqSbvfujzSs59qX8SY2TgKfJ0I82JNZAYs2zrvK1nCGa5Ho6H0/HQ9x2iBrS2PAcqFQwn5CZo/cYC/3kF7Xfo/6IhdEV559iR5Xg69kM/jv2HDz+eX1+v03VZl+enp3EY8lOd1x9iXnHLoAQjX1w3eJIY+wom+XVAopgjdM5ab62zxLYZnCOwYMJNByYOWgjGIs7BCraGyIzkvZTmgAZLJ/gKKbs0/wGDu6CP/dB1fXc4HJ6eji8vr+fX8zzNaFwCDYhTQ3wSPsPxLpY64HEbiO+PB2Rxlm5b13mep2VGUyrnNqcwaaheP8DixTsH2I7dpuI2fz2ff/xBD+N4PACJFP8H+mTsOwV+K9knip5Sj5xg0L78u6FCGnDsUdihXnC6xyCnkBCVNDlaF9qL9n24JP6TpMPu4WdjrQoNE4lEIpFIJBKJRCKRSCQSiUQikUgkEolEX0udMg7zK6A62CgHpVOos67bNsfy7basUKsMa9gwrIGzbVQyJaGf+O30WIT1eAAX0z1zKar2XKBv+Ady8Agm14VDXTXH+IlUfPSaypzZmwKDNmIxM5ZcY3m3abAATOE6OuMRgZw8HnIRdeH+LYONt6QrkuT+o3IM1VNzA2qupIIxdrYADMmEur6fzqrJBUW2CFSJZ+8HnoqK2lHF74SL6fmud54lb0EnNZKi9kN0M1x0r4fcTlXx59/zy1iZ/zu/NL9+svZzQzLC7xU9wVlz0LFYfceWD23//Ovjn/76FFf/X/3m/Jd/9eJKONQnWtKkBJecsaIKkZMiQwzbxewGPXtRKK7I6xrgyQuXB2M36ul1ZeSCZX8mDSBCCxGxPKcYoAO/bM6/XC6X6Xp+PR+Ow9PpaTwMXds2SFeoUDWSTXJ4NeviQPFTFEKF15Re3g4uZU1p9IpBwMGjrwexHe27d++6rj0M/fl8fXl5/fDyIW5ah8Oobtcf7h2IsJGlSdjZH/Gts50G8Fb4IAN151wy/ADao20txpGB7Qqs33QH3CSd2XitUiYO2pPoFJmUXIhURW+VFgayPMEcHjWMQ9u1p9Ph/ApI0PVyhWCzZdZgwdLFw/DiigxyaDRoRuJZFmJ3/Lgd4jYeT1nXbZ7jlr5BAxEIpC4TqlIPOztZudfpOv344bXrmrZt373/5ng8Ho6HruuwQ7QDa4R3SMAkElNoTKbKNAIjutA2Hj9G1yuMO0tbTF6weSqAwMHlAVek/Z/3R2i6/5jvjkgkEolEIpFIJBKJRCKRSCQSiUQikUgk+oOpVUBqOMJEgt+ANVkchEts13kBsxMogiunsFYZEDpBxVcOC5RgcII1cI8RNkxBZIuGXBVPlgi5aJ45BfqOPNMRqfJLZib5JMWXgigdq8FBIFbD0XXAGqp/UqpFEn4VPtd1uThOBf10wC1ugjf1av+l+ruS+i2xcXcwH1RZoqjaUGF/UsXFpBZym3Wo7heqwxktyR1EewHHrhn1OcVQhHxNaLxLBM9N+9+q4Xrnwm3kTb6RftSVAqnQ7WqugO+u9K9/of7eL2PpHo5cVresfl5dcsb5uH7WWvPbF4O4EjO17fkEsTPHP//T57/3J8d/9tcf/vpfvoQQPlnxzvE6jDHgEqQpMIpYKgAmmFHKuoGw7urxeE1V8qAKnaJu7ICSlQav4Tg/Do82irOm8sHICOBzDsCBv0zLfJ2m4/F4Op3Gvm/hWau4oICojK7nqaaGwpcyKOHOaOh+EfBz6KlDtKC9DsxTmcY0cZbG4d3z8uPxx9/85jfny5k8Y+Is5oAYcExKI4PXiMvN5AfqceM0oClaMVqhECuJZzqH3kqNNRsk3RgCSwwwMXF0HYwRUhUb+IdQLk/TNDu6qMbEVM3BARuE2yMMCyb7mLZpD4dhOh4ulwuk+Wx+mefYn/iyaTbiWmg/1LwQAr6ON7Vd12xDBzv73MXNfVk3+AH0ibvZBOsNCMxR4J8DN89wzZeX8wGpk/F0eH5+jk9EgwQO3iVg6JCF+B/mBPmS+haJ8jXxFrfyQDuXBZ8VlQeCptuwE1IweQlw35C4gwn8jM1CJBKJRCKRSCQSiUQikUgkEolEIpFIJBL9fmXgS+RgTxJLq+u8XIE5QejE+3mZsaBLOSwqJJ8JLL5ito7XXqvEmmjP3iZstpGcGFIkjcqvWeHmhU7+DrpU2LHMSHV3OCqWKRsbC72maxoDRV+Toxnu7BK4mK+4pq9SkEW4hy1CFcRxRyHsj6dS6huqr1NYFf1xTIITVyr7CvJFSY1PnA//iv1AfKFulX/cGlVicXRS7vUDO4lUBK8ZkTSrIZ+msi0KnaXqvxJnU0lVpe0AQSXqH/z94d0ReJPLtL1e1i+kFCr3mL+9wptXwngoF4vzl+vcdpdffPNu7Lt/8Pe/+eap++/+h2/9p+rdjXeB1idF6NQjhtxJYNcT6s2dw8zN6xsY5a4XtHBMxR3pjIbglHr8lNcXsReIoKD3iU7oFyRiKcrTmqblcrk+nU6H8TD0Xde21iAxYzATqRi50P20fhDu49Tbevg0fuRg7qhmQgbXaIEaCD/rmnYcx3fP7374Ef/74RVyasZDbL02Ju4ZRlvorTYIsOC1YGRoJhL3gxRONTm7BsfnAfOPtHNOuYZRiLgxNbZtmjhIDbiAJOzMB4i0cfEcF5zTGLcTNy5EgDw7TFW7nUqASyjEHIx52wJY0vf94TBuG2T+/OY3v53nWbsthNZ519CGmCk8bi2YpljIHgN2Jf4/uGFbtwlCd+J/YH/iACwBs6t4ulIUL2V82gKI8IgXnqb5Os8fXl6GH4ff/e7beLs/+dWvnt+969oOQ4TAaqVpurhDY+MJZ/F5DyJjmXjlEJ+KyjwJrXfgScPEJ/zHo/wborg9iDSFsjMDB4RuKU6YE5FIJBKJRCKRSCQSiUQikUgkEolEIpHoqwstMPS2qXlZX+bz4jYIksCcHKi5w5f1oVYKHggqbA79MnRAS4pYGYzvQ+UPnDZ8jhHB6wZViuxkMYJgSoBknGSLgF9YJ+QFqraGD8YXeCVMV4hVRwzOMeBxYtAygL7WD3VKrvhSWV9ln4xS/6aPoEgeQiEhlHqQMvNZIjOU6tcb3QARoS6W0jtVnX3nYpI+ZazFsfsCNN5nCwQezAyqkI3Lg3SaNPp7fwy963uVl0I+DvdGG/Dae1UcSlSoMJ2QQkoykpIvWPeovmDf6f/Nnw9jb9bN//i6ZOOZL9cNYPS30GdALOsy/+vffjseTr94PvzJLw6H/13zX/3j383z9pFTGlyRPDlGJ/aKcKR6gHgSSwYP/0oUCOTfZD5oZ5WzW8HFeESngxJ3wv1j6w2lsqlQuj+mmNBNEy8F95/BDmOdp/kwXIZxOI2Hw2Houh73DFxMeAPyFwLPEF01gK/8ad2sj4cqhFSmOVQ9WprQHjJ1iZvD8XhUtJOYZlmWaZriTwiJaduuaY2CrBtN1I0x5KgU5XDHS9cuS5qCcTKEofgBiLtk/LnlWVhXtbXNtjUt0ieQ+8WZRng177c1xI3UA7DikRoD1E8bXXqZhmzHasEuSHlaCu1SLG1ksWvX63WeY+fmDRihDT6D+3oTDGWO6cpICUxTmti2NvS674d1hGHBgVnmJV5hY74M46Vg08VcKDjTA5cSr6vQ5eX1fDbXS7xavPP4u2/HcXz//v3p6RSvzNsyDI5B0EYrG4ynbZn+wXDMCSUyjXkUTXlq0DFj8h6t08OC7cfwIAWxSjRzmLLkhToRiUQikUgkEolEIpFIJBKJRCKRSCQSib6yNu9W76d1Pk/LNZYfweLEU8yJQx7EYQk61lcd1pkdZulw0oRWjkgSqo+zW4fOXhc6F8D3uANVDAt8ojlYh4vL2bwAcBMbf4dyKrzCL/FDSIYmj5NcvSSbhWJVYEr2R7YMyCXjG71FnNxTKbvTQ/ERycfcerfg229eNiT7mOqszMdordKrFPiTy+42EQhY1Vb7xB8eYVP5keBo42emLvHrYgPDdiZliB7Gm2R/gnDrAJF6UxxNCiag2eYDUjRs+A/+/jj2elrch9dZ/Wz6OQCUG5uO+8+9u15efxfU++fhNHb/+//1L//z//q3m/P3DBPJ/l/+vb/IBAgdkoaW3UfySIdkPUIcBPnY+HQMoieqeoRMOVLR45CsNcoToSu7EUaF9r1MHzFxk+6uONcKE3M0pu14QE+AQIH4I3gOm4aQL37AEy0Wkg+JrsJ9fhZDmgKdVF2qyK3cWZX9fNq2PRyOT09PTdsgPQeQiANBAgyMMZInCqEOHsL7OxF0guk5ALyZZCZiFG1X9SMBiBErjpPLE20IovP5MePNMw1WaXnpnmfrTkDQnwAAEABJREFUFbo07qlGlecZ1kDXtcPQg4EJbIYG9+K4d0OcDwUlVbsLP7CJ1TMNOLIgGNOAh0rfdxTQo3SgfYAHtDzoBM9owkYAt9FmASMc0DTN8R8OeNMwjIb2Khb/Ntg2HqtAIAtvSvX6xCWNB8d/TogmLFgRfmJNkx4UTYcjGKNO//D/HA95ejookUgkEr2tZVkVkL+tEolEIpFIJBKJRCKRSCQSiUQikejn08vrJf78j/7Rf3GeLi+X82W5TuuyxcIsFkU3qC2GLdacIfwglhoV+jZgSRUrk55BE8yCqCAFrW5ZjZsqbqFLDJEMwJLwG4acBaD6GAukDX53v23aLv7X2Ba/x08lYp0MI5j9wJJ3JidUVVzHdup72uRR25Q2Jpetb46pYBEsdlZUR119rm/Ari1aP2BW6Eoh3NhB4GDiR9mAI3UYX6cXPE6lrWTxYLCgTFEbaAqDrE46JFSWGvQiG5xkZCRUhjD1QD3o3c0bNx2kCjMNVqo5/2//YjyNZpr9j6/T2xf7OTCFn/M61ZXiQ+Hd6mzbmkPfPT93v/ntNSfV6L0apXeTGzhwBK1+DEdJVf4kZXlRVT6dxJ4iHowjEDlJUUnsOYPHFfMgnS6yk6n9XHgJsfWNq4kNugOxAQBAQQxM2OI24JZt3eZ5mab5+el5GIeuA2ohrjoysahv7/PrYt7xtxSSV/rRpe7eI+7BQqJM2/d923XjeLxczq+v5+v1Os0TODn50HpPoTAYK8PoAz2nxuob5x8aHWqCVqFiJtKH2bAEvEK24OM62eIGZpuua4g74blC9yiMs0E7ErwozmZQTOGRG87OCwevm578/F4c/2EYjLHD2F/Rt8T7jQTZP3ozYLliE65BKTZ4W9gXTBycOAKwoTu3besCrilzvM6yLn4jnyvmVsBgxBNNYuj+m9roVbzXuq6vr6+n02kch76Poz2Mh0P8icsDwRPDMA71g5Yt8Uq0/GBRa5/i0cqAK0ZdeGQhUgdBq4zOaf3zPeQikUgkEolEIpFIJBKJRCKRSCQSiUQikegn6eX1w3meZwfxCo7TK6jGDQVyjy9iQRCdF+Ar7lB/RH8TcknAovStnQG/wfEUmr7bnnxBKlcCPhyK3IpDE6iay1+VR28B+L+xZHCCeRE6WYIQGMG+AIFaUjxXcgYH3UPfm3codix4y8BDKXVHnGiEPUJQ6p7GuK1/BvK2COzB4n2GPtLp8c3MF/CI6UJ7FPYg8MikNrDDxc2tTZI2pn4/1pQVMyU67IESMjZQVQH3MRlz39mbPJ10t0I27BVP/zu/ap4OZttCXHB3t9j99pb1jPoyfcq65CddKbjNrfMPL+pX78w3T8Of/enxX/zL891xoKa6MY8MO9jEWfe3nEhZE4qxA/RzoLFgEx/KMQoV2IIRKsx52GIdUf1VpPc/2fvEmLtsJk5lIcMLRzY18d3Nue0M3Mbr63kch9PT6enpCaEHvgQtsAwJBEz0UfoT0Tmfo1BbwygeKHXfxxSC4332C9JD33Vdezwex/EV9PJh2zYMpiHDjyZ+bDiOhrYDg4AHGZT4m3VPg6Jo5QcOoMEtqwRQEX4F2IkP4A6DsT5xLwNgbn8pxEDgTkic7LcVJlHSg6pSh25GQOu+7+Kfru8Oh2Fd18vlsizLFlfptmqYs8Y2jtZJ3EjRykRbFciOpO/7kKyO1n4YD+txRk3rvK7xLw/eKQ6BJ4upQHGZWWRQfGoDADrodzLBZt00sDaOcW0cD8fxGNs0jJDpg/lqcSeKrWL6qvr3IJT4qaB20CK/MGlt5zFJu5ISiUQikUgkEolEIpFIJBKJRCKRSCQSiURfVy+X13nzWyzlgcGIwS/3A2gCcQ3IRCBuApVKDBIBBIWtMKBwqT9ST65BjXiY4TiOXWnVkB2ITl+iJ48TBCcazLPQlB5CtXWPVgNVKAxTJ8HpYLwqb7A3AN3dFIOA5PnBygX3zFv48KD99x1TtbFHOq42LalBHHrtswWLD8nEwmfWIB9KV6Pqtd77rFReGHRbU2AVQnVqegYv7Jl2gWovnmRCZl5yeyrjk0d91W8yA7fMTWkishO+/jzO5N/7ZRdffP8yfxJC2BmmlIu8ddYnC8/hC4//xJW2ZbK2+/7D/Otvxj//03e/+e20OarC73CZhh4SBewFrDOa74RhoeVDdfStc0bdb5ymskbJMSIt38QTaFxYIcMebJBy34Hb+xjF7h00bRzEFIAziB82WjuiEuBIa5z35+tlWubrNJ/Pl8PxMA4gsNTAJzzwuvTkdKM/NZqfMx3I29BqZ/SksDJ7XikudRoQ3qES0dX3fQM8xHg6HV7PL1Hr4uZlWbct/h/bDlwIWQOhmYdmcIuXNPUJLmkofAiTx0JuXsgDi/snHB7ShhJv4jaH0AldX6G3SuAbJJZEp77E1me/o2qiVFo0poxKApDiL0DWtI1za+zHPC8Qh7S5bY0LM2zrhiMWmxDIXQUgEtxVrWktYn0aQpOaUY3+6Nd1naZlul7P5/MUW79CstLitnhvH/+pABMsXI1MBGrsMaFUAWmV5fVy/t33Td9175/fvX///PT83LXA92A8UXBuS3wO7S80cEZxrA92Nf6jg+489KnDgQcICP5JStviI5BQJBKJRCKRSCQSiUQikUgkEolEIpFIJBL9gRWrihBboE2216C4FU/FaxWSUUcIHKkTcpgOfy09eTHUJgvFlEPrkL/SvvsE4xWMIa4gFi/bxlIsRjzFUiAFn4O1cMRdQjFOqCw79tYYgXkLvkuq6WrzloGG3jXp5qNbI5BCa6hMbez4khRtonOhWD8CO9gpppTcH7g4UECJLgE12UQCXTCKaYWuHCWAL6nHhikFCqrYUSbqbtByN+uR2I3K29YC2X0j/b678r/9J7Hkri7TlpGJz1SxfXnzzl/KlIQvOfjhBcK6XpUeL9N6GNq//2dP//QvP9ByrtdiE9i6BpyC6F7JPyTNJYWHMKyQWsTldKaOkjlK4NMVrxvyyTA51Qc8RgyZFOG1YPoNmuHsIRNz4wCTGhAQh7pZhAbRIcPECS0hzDjZnH89v16n6+v5fBwPz89P4zhg4k7Ll9AWqDW4PoX1hHLLN6bi0UDTOTiQOmepVBhUuH18kAfJ7iNoqREoiiqYxgy273rI3Om74fX19XqdVhQm0riugyCvBixqEsqD/ichYREq+dDQzuAtWp0k0C1tECaOuzcK55wTxOIj6V1c+sHYDROwHOEabEzkYaYCJi5FeZw9rRmy4FHzWqW8otRbMpXRFIWkgWIxVneNaWLvttFBHNKygmvJvLh1w9Q0IHIMBm/hbQM0E2gPIE8I7YNYoqaNVziM4+F4nJcZMommCY1PwEBlg46AQUv8GccGIBrPUUG414BnyrKuCvf08+Xy4eXD+3fvx8MQ/wzDgdK+rO2gp+ChwmiJQuqRRpk2NY+ID3UzOLCCyYuIHKRwt/qy3UQkEolEIpFIJBKJRCKRSCQSiUQikUgkEv3sCmQvAl9V52puwEozJiBgvA5UPoPzgKFQTZsL61SB5XKs4XJoVTsnywTOB0HbA6qWk5tJrEgGqFpiuRKqkA2WQzVF6uiCr3iq6yZWgViKUG6FhgaZeSlVbK+Y1qAOQjXa61sLicDfl9e5qmwyU1JdTXPdn0dMlRfFfITK0YGK96nTJjU1fbU/hAx1YA27WBVwa9KVsfKK6I1nOCcOErEBWN7NI5/vHZIFTZLPnjSqhLSknudB2NttKAQMdHbW4LboDMLshyANDv+swJ4CX4RYmFa/ftfEe54vq/qpukdl3sBQvohBuacePgtD8duiuuHlPI9983d/ffjLvz4vy6aYUuIng6ETAoTeult8qEy4p51C5RnDbfK4PMhSI+FGwA1oDE/yhHeo/bX07VSp/Szq0ihNKVVslILYFnsRoSdHbQIU159VJmDqyvV63ZBsGPr+6XQ8joeu79u2BQOMcn9NMIgKoRBemY5RH6GJQkI80hvVoKRm76TTrhTSFRLDw49M3F0wamd8enr+8cOPl/P5crmu64rZMYBMuMa1tsE9zdBwwsNH3k+K4ZJ4SQfWHETlAdVVU2lI9mjaK3V5+HAH8WABFLY4tk7hY03WJ5B80zQEDxHvQkKahF7obKyUmJsy1fRXnBBqbQcEXxt6dfBgW3K9ztfpipYlC0T+oKeIx2047uvcJ9h3rdb0U5PvS9/3LvhlWaZ5BvBkmq/XaZnn+P+6bZSXAyZKDigWxYZUBbKLd4qnxPt++PG165phHI7H0/Pz6en5NELmDtzSaYeUHHEzDA3ttvHggZ3Sgfx7VLD0dloPd+FQIpFIJBKJRCKRSCQSiUQikUgkEolEIpHoDyuMkYBKIRTzAqbAUIUUKBSPxAn+UaU+TFX0QBVefofKypmF0KqufGPVVxcvDEPfqddW8/fuNVYtMVnC4lfh2cohOYvQjdI7CZ0o7glc2c3hNCEbb7BfBBRYPeMUOxXA5P6v1Je6bp/L3oFjSBLsUZmFKLakCAjtKLatyBfQDMIgnoBWFNQqAFs8+QWgRQOSMsGSx4QODAyEZHKQnUywXJ6wk527STVWVXm6tl0h+EVV0TzGpCMrz5KbN5HeKdrVvjPCkO4R33kaAWs6T84/Mln5yXojhef2qLt3fg4MJT4RblO2nZZ17LvnU/e77zZqUuZOmoL40DKg5bibC7wQzSpOoVGG2KPgK5gnoJMEww3pTU2DGxyGJ+FysSohEQhysasKeaWkxlW9qp+bBBdlXgO7EdLCMEhjuXwuQAsWI1WCX2MLLhdkEubzeDkdj6fTqe+HpolnN7RC6RIJNSF3nqDDpwAfXUiz2/HPAS2KW7ufHR5fo8vTq6vjmqY5HiFSZ31+9+OP313QzCNecyPPE9sQdWFwECjKB/Yt+kmhX/yeRrrLo9JTF0KeuId8THwb83MCMhvQxHgveGVYDSJ4ub1kpcKONLtrknLcUjW7uCFbC4k+sS/DMMwAjlzBqiT+j25ItPkm6s1S5o43cOv4mpKGjNJd28b3+65fx3Ua5/P12l2vkN8DuIgD+iRtN/HSfG/kaYKNDYA8JueXzW/Lsrx8ePnhh/54Oh4Oh2EYn5+fjocxNjJuztrnfx50Ws8+9gheImdnggkFZcPuicuJSCQSiUQikUgkEolEIpFIJBKJRCKRSPRHIKsNlvUCVoRjXRlKy1uIf7zDaidlH5BzSfJbKNKlRq0JaeBv5qdoGAtfU9dkFUIhDGjcEevjxlr8qj8mOyQzEnb+yPAEx/ngjztkgRI0AhfhU40+vWNKdR9fWCyh1vVrJGw02y3gJZgkyaXeushLOAk5NiTfFZ9AD25jKhDnujcFpLAoMgWL4VQ+zSVxLvEbxAYg1QSDTBSGeyhymAmJZ/E3jibe35fm0wtTwltyJyo4RtH1axQhlrvz1VLxXKvaVUFTA6vb6bt0HlV7sPh3xxYr7Jv6vekzUnjKsXfvfCmGApZqdlEAABAASURBVIr1dmObdfVjH96/a3/3fTKG0YT7QEpLbdAR0uJmXisZ9hRzB8wL8exrAcKAFq3zIspLM3V1x0M5ZIEQW4l/eXb5SSEsSmUA6bbzjItlXqv+oIxsQOhC5acL3FUgowWwGY9P5+V6XdEVI744PT0dx7FtITRLITaVMmoCbzY+A1zqjUEPu56GcH90wTt2ZzIQtv8oEE+T6DA4sYmNa23T/fo4TZfz+TpNyzq7FbAMoi7apoVMHMOhX8rwCNAjQYAITRreAtxDnPP5vrraHVV6ovLWyHYg8XiAzFw8EY1PLDIfoYkCwxUeM21ve33fcaVrzAyNcIAjUXChpun77nAY0fjkGidoWVZkmNKYmg2BPwv2TJ765VWyXbEGtoW2aZBf6benp3ldPryc4yON6UTrvESxi5Fnli0YwkKws4RGxTu+Xq/f/fBh6NsRjU/ePT+Px7HvB3LHsZxqhBY+gD4CPhW8ZywvxQ3tCSKRSCQSiUQikUgkEolEIpFIJBKJRCKRSPQ1hXVqqADHYuUGf/wG0ElwGsgKnzw8gsrlWpUcQCpXE129AleL7GpCNUSMibHpd0V2JgYK5Jp4E0MVbXYqSSxFJiTU7tZVZVwrc1d5xKtpAjhC5YmAliFoIhFyLdTocgChHlWWDP6k7//vvEw8eVOEOtZG7R1EFDE8OtMeRrHXQzI6yZ4XybGBmo3oSYE8eNj5bsE/Hplcv7+xNSl6WJ1P3UzMzr5Mr5NzTQ2ppJumuzNho/Nt+Lql+fDeYYDur9sfwpng8+xPbk/a//pZpwGUFTuFjMHTsUm3SzOqK+gkvcnDkVmEqtGhwnaImAoJbuARVwyr1F4laQrxbKd2BjOKQQ/y5MgnlJdVf/VjSIrarSkJiu+TSRStbQj56Scgza+bW18hsCb+GIbh/dPpeDr0fUdwE1FXuTufkFb3BEzheKpWUqseLvF8r3y4T84l8NjgsV1sX98fjsfrdAH05Dpt07Ki/ObatuURNPxc0mRpZR4AXHjxMpVB3bQWHUYCYDgAsXBcFgZoKTRKcfEnuJ4sa7yva32DViXKlJH/1KCFwidVazGqbZu2a8cQp6UfxwF8aRbwK9ninHmYGGvhFjhTHlEY6k5jyh6uO2Rh4vujG8bx4BEluc7T+RxHDqidDc1bqMvx/Nh8GDZjXDJ9ii3atu3i1mmavv/+h38NKMzheHqK/50Oh77r8BTTgPMVQDNxnIKFfz0w30kbWuscWyTQiUgkEolEIpFIJBKJRCKRSCQSiUQikUj0R6DA2AGAJiqsaHayKa5ih2zCgOVMPoVqfVTLrvIOFFkgGJPe15qjdKBsGcuIunrXwtf4S95NquQm7xCiK9gdoc5s0WFfr66DfDKAQlEenEBSupl8CkKBPzCxQZeKtr41EajtJEJIhiOYLKI+PqTpWuyegiV/sx8uPDS5kRAXA3kX7OsCFWiwk9BEmahUvPboLFENQbaQqDCLNwqyVWdTNytE6ObTGzYgW6oohpHyIY8QinSleGDbaGR1wmfBBtgu9XPoJwEo6o1GPgB5FKIC8Wff2jRuiQ3QodmfDvhH8IWc4tGhY/dLXDEtpTBYBzCHuCRMgh5Umq+8JsgIiHCRkDgDskoh54uMO5FlDt7+vocGJgnTfjgPi30lqGkYw6UzH6MT2oDhT3CMIxugoCBwZz1D4M4yT4fz4XQ6HI/HfugthgQxx8RMkzePJ5saUAJ96qVJIJi6neDyaGUyjew6MhNFx3nvMiaCuxMaLjVd09q+7w/zPL9ewLpjnjFrZ9VeG1soMRwXb3BsSigMjQUm71AL+SnwJm6kNSmGfh/aemUbTaFitJPm2XTwpPiwravbyG2laeBQMh15RFqkJcd0kUm7p+NJTzFKuLmYwfZd355Ox2VZMRNpuU6xu4TZrDQs8QhIvYGTNoJjIPIGd3NYQ+j+EseKUoXatu3b7jCOl+slXgZIFrA/gfCduBTiuTY1nlZOvMXmglsX3OMARvvx5dx/C0Ysh/g/UDHt8/NzfBGHIzYDKD8kc8gKq/oHQn/RYy0SiUQikUgkEolEIpFIJBKJRCKRSCQSiX4f0ljOo+/Hb7HKa8KG+S2eCnx4TCqIg0cJ18V1LjqXeBpNtiXgYkK/GqJQbCruUkU2H0geH6kgS0hHyMSC4uq7zlkZiiEJKjdTIdUoLiqHG2yCSpJ1SkeBR7gVJhMtueKvU3AMABb4cYZLKmeRkD0OSqsUZtngx6kGnEgWRgQwMQd8EFTpDLmbKA7NwUwJrk2j6wEBLjwuKvksaK3LlFAkkGJS4EYhxWcQCZShBfjVaFVZbGTFgrzSN++4mmvhodQqu7jUSk4ZBauIP1sAE5jPuNXjovEn2ZQvrjV/Sf7O4wvc/o7TE+vqcQC75t5wRzWF7NCFGNq1pbpuxiDygYkwKjOlaqqrct0IydEiVG4f+XYeHzJmm/CpqG+f16IqT1TmoRJIQytS3fikGFy6wGDgr+BJQdfHJx+Of3kF45Dz5fL8vLx/9zyMQ0M2ROkB8aH4hRjzAKdQCR7bvctZXw+8LspTuhthXb1pQso50siOWWW8Jz5DdV3bNHaw7bZBcMzler2czxsEyKw0a4SJ4PNZGmNph+PNSBfAItCkaNpEaFtBHxB6yGEvsIZiv5iUQegnvtkAfRIP3vy2uXhMN/QNqsaTAvviJHasGC6FvH/WnEpeKZTj00BWzuCcm6b5cp1ez+cpztY0x3eW6wS+KBSoA8E3uIEzCRRwAWJnMXQodj8eiXE5h3lepwWInesU/7uu67Ju2+IWCg6CGffZsgWivAIYn4CtyjTFBrwiv9IOffeLX3zz/t27oR9853FIYalB/I6F3J84O5qBPYFORCKRSCQSiUQikUgkEolEIpFIJBKJRKKvrGDAtmJFmxPPAAkQJz5kOiLhDiroqi6ciAKVCq1QaoWflrNyDEIn9DYWJ6t6MwEWVJiFuBu2PyilXKqWQnWWXQTSGzcl9YrfqIiT3OyMPhRxHzTXhXWuayvGO7gkzJk1SJ9oxlDoioXECXQqVbGNYteQ+mY6+SOk5ufaOnpEYOU0oKOEJy8Ez44gqXiusdof0utQZ6Ske1TdzZ3fh41kiIehBcRdKuKEgR8asB2VkDqOV8h5LyFxL6HupNamun/I0E2iJB6hJG/hJXyjt2rKH6FSPlGGvnXK+elV60KS4JzWgBb8bB6dEcox6sG80YIqY0ekggoWqvW+4FQJPqqIod2yC2RUQtMDj5c2AdposhVKfbyu/t9/kt72YU9zEJiUCTKmGUJIBii4RNApZd38+npZ1u16nYa+ezqehnHoOrCGIecOD3lebKaiysKlmzPGkW6YGsWrT398rkMJA9q3Xam8ueEY+rSy4b6NMU3fd13nnMMYMDVdp3UBmW0D0xEEKG4eLYCqAKjw1lhdnnfC7JDXwG2iAmtg/IDwQuSu2trKvoqJXyEe490Sf8Rbx1ZBvI211b7CW6cuoxHqhlXtVIpsbDRjbIDLxKvFy0K60On5+fl6vVJKzuXlZZ7O62Lart+6OBotbRzJswR4I4MEosYQHKYNG9PYeEa3bdvhME7TdD6/xHmPQ7d5F1cCUXbJJCstFNj/kbXbnHd+nZfYhtfX82/Hb59Ox6cTaBjHeGcifuI1mqZ1aFejBToRiUQikUgkEolEIpFIJBKJRCKRSCQSib62YrXSKQiA2MBUIZfAufIbdhYR7JRRVfow8YNpE5v+solQQfokVjap+pmLxoF8PTQ4AJBjRC4Q53solbJ4VOI1zL6Keo8daMJGEh6hHhAn5AdSXSAwT0PlW3In4BIoW0hU/iup8frW86GMD7/Qe9cJDvbY1ciD56yekKxNcgKHKqVnvL1+0A1dv6Ya+s1hVCamK2rDdhm6iigJlSqEwqRa9v2NSrty9ZwAiTR9FRig6vr5lyvUDEe+4o0eXjp83mH7+9Bxf9sKdmozXqe5cYxRqg4eCupN3xceUKWK54ljJx+VcJ4Kv9o1PfdA+xRlEthJBx4zCEdhrxuczcCLTJURwEirkBYrwAxeqQrm0sCkgeVFsm9hjgnpCaNTyA92wVqDK227QorLGneI1/P56XQ6HMYeUIaub5u4Y6TBqccpN0inu+4gjwdjq3w99zog2eDL05SbT/3UmEeEew49nb56VmGvacHooxmGYdu2l5eX6xWsOy6XS+xs/Mg2Tc67ydMKeTJqIwCvsY2hsQLSwiptMWeHiLzy3MWLq9QG9iMC6xRL22l6OO26rcs6xxZ0bTeOY9O0jPnRYBiTUsB0mvRQD+WeT1IZH8tAWWzsqT8eT6f379/P8/zy4ceX15fY22mCm/Z9G1uH2EfTxmnr2tg7r1z81RqTWDNIcwptiCMTumZw7WEY4kzPyxwH7YLD5zaMDMNFGBfkCiYuHjYpxbs/OMFAvlCI941L5eX1dRh+gIXSts/vvzkdj3HFDH3UgFFBGkZPJBKJRCKRSCQSiUQikUgkEolEIpFIJBJ9VTkNxdr400FpG4ELtitQ+E30VG7WjIHoku9B5VQ0NbGtJR8TrJzmUqhK5WrkEbhIjZQJXMlXLIeqjAlUIk7SB6Z2MlFcQq1Lq2gHcSNd5YOobMJAf2H7jVbssKLRXoSCbDzZOjgkcEIqD9eXTS+odl+iTvTeiyW3tj4rgBuCo0o4mxwgeeI9h+yQYQpWvmFEYTLUbezITaxNKL4YZQApEIOxFYROVOJ72FGFXvO4UbQKtZhMEwzdBivghV8B3MRiIlPFQKgHNW5Frhrh1sfjp6mAO/u3w8eO/8R9HwAm4SEH8rkkSs5boTuG5t6EpF6moV5LmbEJXr9xw4p70vTk7S5FtIdO1y3wWEJDdoEsRqFvilFMvyBEkh7R6gIVflReJNjlZrTQ5kjRY49NxbSdprHxh3NbgLwojz4aU9d1p8PhdDwOw3AY+7ZtNAIH6Z6aRjNRTBqzem48jnb7RUg5UvWAqTfGkbKfQgLTAu0lmu+Cy8ob2Nm0Nabt2vjW8Xi4XC4fPrxcLq8zADSzWdd499gRok+cc7lh9LT4JsQn2Oqm7Jj4yFhra84M8SDG3MjMJgscTfKeYvW2unXbpnnaNtdiMo61Bo1PmE3bTcYtZXI7MonO4x054LZARlXjoR+GX79//zyj6cjL6+uCfV5XhyARGMG0XY/3Bi4nDhMhQbGfDSTmEIgTJ92NQ+/C8enpKU56HECwUZmXbd0cjrn3m3MLDnVCaPKTjs4pccW8vp6/336IrT189z24njyd6OfQD7ERlbeSSCQSiUQikUgkEolEIpFIJBKJRCKRSCT6OnJGbVBtxYgbz/XmVLvm/xCoUOylkd4xWExFMxILpcpcHuXwCq56Bhd0qoE+rKffeDQkliF/bnILdMrzYDeGoJJlRCgn7axHaueD2rJF0cEOs3R8oPSQgJ4OIf0WCiVTrkE9N8yzcFiEqv1YUjLGTe/I3sVjfZdcJ9KjKXk8AAAQAElEQVQ9yq3yeamATgDHHbug99yJTl4VN8hL4FFCOZebQZ4qdBufqvkcfVS9SnCDipVkDsjBen2c85ABFb6kcttWBo2yXQjC4NSekLv1WbpdJm/xA/sT9EeO1x85+e1j8Li7A/XtjcL+uJCgkzxD4eZMZnyQ6kLLkMQ90PDlp8UwirGjjAieim/zpKg9AqKrn6qiTxjLIBrE00MVL22V1fdN1PW5RrGJiNmPgs7AUbHTqJ+FgJ4WsEfAp+CnBIvQ+y2s22WepvPlPIzj8/F4Oh6GYSDwIC0Xo1QJG1KJnlJ36MlD5TW3Y3PywGCrdUFrcHh9TvAJsOJxBTvHPi7G6uPp0A/dsjydY7vPr9N1Xpf1crk0KDqMEoPoEYN0HjAQ8RaFUAUBZV6zOQqTXM6vlZ0SjhWOVOZO4mEQXGObZmu3DUJo5iXuXRy4Q9fXpkL2ysOp9N4TqR4kmjGATXxsivVABcF9LVKDHZAl7fO7p19M8+vr6+UKZiXxxzzPl8uqLhfbdg35niB5E/8QCsiAG/rcQLOUatt2HIfT6Xi+nKYpzvz0er2u62btFn+S7xVsiri58KpXYfNAKhEiFwfhNY779frj6+vQ98dxPByP7949Hw7H90okEolEIpFIJBKJRCKRSCQSiUQikUgkEn1NrVCBVg7MK6jEizU/cBfh8rdWiUIwCWgIyeSE3U00VVuV4m/c53gQqoXnmrFOXikk7z5aOCbqReX6KbaAcz+qr/FTUAZxJFXBnRtelafBOIQtRjDiQXGl14cU+KOK7UegqwVM2qjDPuC79Uargndk1dX+kFI9qPyNSR6xuOzIVgFHxTPXAc3XiZvRaXTVTeFf8WjwoOYu5naVcXtkPVK3sMwBc0RY5jXsU1H5wyR3CUz/YEKGvWFc3fH4SSwe54p5uimnJuHro/oifS4Qsj8h3Byvbw/4xEXfWo13CEy4faGApXD7S4Xm7urVTCSzEKNvr0drBUENchxKMTl4gEH/EE0uQmkhhJo5qYCDR5wXH+cDJ9Z4ePDhbpi8Q90tdBM3ItTPoWInEl3WGU+8B7JEVz4/GJ0TcgwNMhYbUSjLMi0vK2AMr+dxHI/Hw9MTxLtYa1W9fOmBwIc04ya5j7t1/wVQ061uBmqH0TCkBSkwfd/Hpp5Op2l6vp6nl9fXy/m8LMs8z8ClYMuJL0Haxbi4rzpNAApakti09ZUugLeNaUKiK3Ib4q/rusYTmcXRIZ7eImEC3Ilz8VNqmG0MWI60bd5Y1X4Z8Jw9IP4YqcEsNJp22gIwiclq9KbZ4k1/8cv3p+UQu3k+nyFyZ5rjA3+Zl2WNf+Z+Hbqua8D0pDU2dtMDiAh9tYREwUUxqCiO3rxs8fzxcp7nNXZkXmH41iW+Rs4m/lOEFEwcwg0xoMCxUNC4ZVuXly0O+/cW+nsCXOn4byuRSCQSiUQikUgkEolEIpFIJBKJRCKRSPQ15bXfqoqt5nwXnYILkN1QTJwEg94F8FZxxqhcPTIVgX4HobzJPwxjJErrz2xeCmrRVeE9JCiD6pnoUFLVwzWzLZX9CfUUUAkdQqloey7nJ0IkJ2xkexK6Up2hE5g7UQ/LuFRRhu/ph8QC8CseYc2+FXgcNIcq1HFEQxlzhZV2TCmJjd5WHss9P3LjdwJXvvFyuXkJH3JlnD8ybO1A3Akf7Z1ORgzEwzgQZQClsnhwt1DLnjgBwgaPCRyDxB/kxn+28kx87MMHCukc/ZFzPpNtCR+/Df/0N4fp5tGJFQzDnIa6s+Igaw9OvaEcknwfwME0r3DFOEqBVnYOJ9XdNfve6LsDNMZpaVo+uKwpXQmPqECW1F42HUquIIaXCht1wBJMuwK5IAVMq0ImDd7wRjUIrID7xbZB0Mq6vF4vl9eXl+v0/Cvnh8MYPzLJLSOP2RtpMfiQZ8LrZiT1x6aTiJ38CFWXp0eTux8/dZ68Sfy6rcSU9EPftf3hcJiX+Xq9vry8XC6XaZ6BCoKImaZpW7Jo8mFz4Eljts1pBFMAPjFI4yQkTTOUYxL7FsjxJj52OXAnXnJzWzzbGts2bfzJsUgqbKtDk5JA42Y04XXsgBTSKNUYTdlCU4/B8gj3I6bMlIpzkx4jWBJN2xgL2M3Tk1uQNvnw+nK5xk6v8zzFdzREEYH3SYPN0KYxxlnsc0pcg1+Gvum6fhjGdV3nZZ0m8E/ZEK9ZXFwQ6zRPcRQ2+EMjFm8L/9wo54BnoafGh+s0zcvy/Y8/KpFIJBKJRCKRSCQSiUQikUgkEolEIpFI9FXlQ3Io4Uoz4hTwikrbRmVXD/6FeRP6yRk2yUKEpNOPZMXAv3NODlMKKjEWO5gihKouXhfVdT6LHUKgNAvWCrbqjd7/NAFq6aW+TEYsWNiF8j0HQeAwJI5DUzleZzyA6+vJPoAK7illqIJduPZNUSkh2VaQ6I4IdhgcYiZc8DwM70i2Iz47RwC0AY3VJiMnGT3Q6WcuxbNJRciIy06FD8LqP42hwcPz1ehUYG4ofAfK0JgFBFkfwad+AHtC1Ww6LONFVL7H/3J6T1YFZ+w+eQMb0TcnvqFQHao/ckx92duRefto9dEjb+XvmIjG3J6P6y1kCxt22VEVEKDSEk/TQsea/IjFNeSZ2mKTkywGGVQ2TKHwpx2IFOv4+XjiWWpgJU64gTyU7CrCD3Ko70TgCqxxywFUBEtBLlVZUjkSR+HasYEWnwVjDwKudNMY5LO2LTh/nabt2226zocDWJ4cDmM/DFWqU8Zl+FFIQElIWxNlP+nU17dnS9+siJrUebAaPHsVpbSjAICHAkeTtutN09khtnQc0AIk/rku87rNi90cht7ENQDPN4xMegitNT2E0cRnHgJo4jvOoxkMGMAEnkJwMHGJfQGt8waAj9U+/kewGHkT0chjOpBHNEwhPqYBf+FZholh7INWkcG/kEPCS5HTkSLIjfJ9fHmkcRA8bfnWADXTD11s3/H5FPsb+z1N8xUZkPiq7fu26ZBua9q2GYe+tRb3NU1DGf/Ei/RtfD/+v/ZtexxGhU4767rGYfzx/DJHLXNw/G8G2iYF3vThEjALNCm8B4lEIpFIJBKJRCKRSCQSiUQikUgkEolEoq8nKj5SzguHdqRSo+aadahCceCL9IylUIXWJyQl1Z+JBEDrDkrwoBooFqoxtKcUyouxR/I0qKJs8kFEgmTLi6D03snDJRKFCZIMfNCxiZaAwmnqcnLnSHk6lCECh0P/LJZHg6FKN/MARjOWAj0O9QiU0jqVRMEQRKEZDHXFZwjEJwOIwMxK4GQgw0iA9yFzKmgr4gMnm5CbhIJSMxkVUN9zsIomWkil4BudjqDXXNRGVxiyD8itxfvm6Bw8gpiRQEEXHlxL4B2fJiC+xf4WaKvAE2ao2E0rhdCa1BT1psLnvp0RiLcO3aEE+tOX1fdv3X729skP3gy3V9eNUp9sBnMAGbvSVYLMQ2OY9HCG+1bW5Mpb0tVjpBC8AuqMg2/gms55hDiMundgUbtGlvczJ0ZIzaOoJ8RZiLuBtWNwlTRNC4vHNn5zxrtt2z58+PDy8vLhw/j09PTu+Wk8jG3fNbhYkyGJIviD6ar8zIfPhQ8qSkzv3ygsi1fJFESFUPUiFB8XTdsJpep0XXc6Hed5vlyuLy/n6+USX6/ruq1rYxuCgQj72ABGMVvbWgP0SdO1DdAncMscQgRtsFZ7Y1x6ShXtKvHHqq1RThG9Ej+0YCjCJyEmVlAMzZlZ8cm3DGtozVRdFU5EU69VjviiXeBWeXWlfwcMGJb0Q5ypeV5ez5frZYrdnqZ5mq/kbdO53rmtW5c40eQQY02bL4Xt6mzTeNfR/PnB90M3HMfL9fp6jle8OnBwUeC05J3VCrfHwigGJRKJRCKRSCQSiUQikUgkEolEIpFIJBKJvr64lgovUzGbqtqZO0llRl3cPhIEEPaFaZ3iWvZl/1LeTf+lW6cDqkJ2rgTTp4bxjHSOufUyyHXaEApTQvSG58K055J0PiBZp+hUe6WiMhR7sdYPdhKpbks3KKND373ff80+pC/e53qoSR0ljiUXrPM4cOMNXTUxJiHE0juXuZN3jE7xH1wA9wklSZcy6Gug2fvCBgw9gd6aAp3obI5BRgZgXgLxHSGLbp+IE7xhysdJ9gdkkRKr3aGiI/K4kIFFqZtjDAzSOtnb5o4n+hgfUS+HNyrh+o1fHuAad3cKj0+9+0x95Ljd4Qn3YfZCqSaot9sZCq1RiugfpUZ0BYygXcXHau6EeKU8naAKOaHqe2XlWQcwIs4wWuLwlFZ3p0XtMyHGqT37FoYaAdH5oUB+ChJ8ArUNzza0UK3V1jS28Yg5Lcv84w/uer0Ow/B0Op6ejm3XGqQ06qQr8goKJTVGfRaHUB6eNHGewDpqbrXL6Z1jUH6G2TWE8ojS0MV3xnHs+z62d5rm8/n88vJ6OZ8hLAYIDNNC6E4DaIj3bluDMZtTmydDFA25OZgiY1MYjTU2PnAEnsX/YNxKD5EWo6c3M2X4lIEPSt6wgEtB3gUcnwDXMEbVyUkh4Wz15NI7N15Dee3hDT2Nz7Zt8bZ917VNOx7G2NR5XV8/nC/XeZomcH25nqfpgigLdLDvh8N4aNses5PScONHmnZfrSA4qG2HcTycji/n1+k6+9Wtm9v8GvyKITwuQzOq2nBFIpFIJBKJRCKRSCQSiUQikUgkEolEItHXEtlyZOXyomFMgSNxClEAH2JeTYm8SCfqRxYV9dfpEx7CnxSbCr4U+pUU+kQzoKFLwT0xMPsiPMZRePbZAHeOWJH1CZWI1WH2odA18KFyPZ6uSvcNzIiYurqtMr2hCseCoEgyBfHFq6IKssjjVbWfatlkC8MXjK2ly4UCnxRTCbQooFIzgwqWxjolHNHNqnlizxqtc4WZXFICDVRxUvGhUhrMwiekAeT28+UVmRTg/8lvQiXzlgCNwk+NtorBBFOO2WtfMb5lLbRWn6AIauZJh48eEO4vXx324L2H93vjHfhZBX3wYDb57g/aRiuJXSf0T6id19jErkXkkqLoP8YJiAIJfMs9cWI0Lw+6LDbGwQInb59Q4108J8HvnklazPUj6tkxKXEbnhcvLUV6lPCZR5KK4Zi4YGDZ4LKLD8R0nRZwzpheL5fT4dAP3XgYu66Lh/jsVJS2Cdyv7pdXeYpuh0nv2IvM45DTh6mMQHg8KzCIHh58+B6AO01rj82hQ43jcD1fYxecd5tbwa4DkrQUbi/xKUHYzLktPiLWkStJ0wB9gv4ohlCSOEgmGDYr4fFG9AN2bsDHqHmww+J6p50r7wzU5hKvoypLnkAeUTwUeb+oQDd/P5gq7zQmP1TBYmxQbPrY93ELnef5xx9+PJ+v87wsywojsEWt8U/bdG3btV0PQAw1DJ2XALKBdWK7TscD+mEY+gEMY5ZtWdc4essyxSUxL/O2IW7jfQhKoBORSCQSiUQikUgkEolEIpFIJBKJRCKR6I9BuhSvgbHtFwAAEABJREFU2Z+DmIb0IX4hfX9KSK4muvbSUHVFU1Xn6/25dGIBQHY17wQ48AX5m/s6fas/3xFPzPEd3ofayCSzEMXWJNW93xgBlZxJ1E25uZyMgA40KWMunrmJdDvCQIwxt+VbqosbdHlQZF4QMNqEeQWfEJm6isrlY1XGlkbFUqBGBkzgGM4JYqgH2gcWKIFNVJxnmxSsjAeVWJldzZZpFRwm/IixG6N3Jex4XqycGzBkKOlItSFCzglRX6aPIylqb4Vzd8oOHNFvH1Atulvpj9qffEK6WnC0Nku8TvH9eOOy2XDiy0etqPL8CHnFEFbAGVrqTRMVMCGJawKZC8p6QksJUJ5ORo30XScMWx4xjxZl8ZZax1WNUTgWlrp3DAGxtYjCdabQnMfjZehB9xqfswCmO/5yuUzX6Xw+D+P4dDodj4d+AHMNnXgdRXgUXtc87tzuUdQlOQiChRjICuxwQjZH8QnXTL8ExMiMSthJSNYjXu0jbLTO7FZ83Q9t179///55XbbYeAiLOV+m6er8Gg9GjxAWtQ0MTmiQrW1B3oL5SYOPOu0nQRfoBLtjd3ga73qaNylCBFXaxdBPxRKak7ds3oMrNkXneSweUD4vg3w1WmppZ/UZbaOP4rQfj+MwdPO8XC9XMj5Z5nVBrdtql7mdl7Zt6Iymadq+6QEnMnFnaRXQakHbpm2GoY97l3MhjtsE6UVxGM/zsgLIsszIFgp0IhKJRCKRSCQSiUQikUgkEolEIpFIJBJ9ZREnsPNkqMq0+a+UzpKgFKYMsg1GuoZPDIraldFrjkTpXWVTZeYjVTZVfbBJNivwS0moCXeKh9KX/+E78LmVmIKRb5zRAK0fMg67or8mNwb8zCcPEiRcNBMct23d8Rb1T+o/OSjEKmq8SiylqkTbkHlCGQnotOFytjZK1fYzCUIJqs4w0oX/oFo/+rw4GKfcckwdqvwKtMlOAaXZuhBGAUcxualQp1IBugG/Bo1eDapUn4uDAk0C3RvfHdXfWvuSO3Wh/nznu7F/b8+p7MiSNxAWVUEq99e4a1r6WV+hgk5KVb5YrtTdqBbKW3cI4e0DQrhHpYqBSpmhEEp4zP2VtbUZYaifK/Q8oekHL4r8iBLPwmY9+alP5jK0X6DBEa1AiqSqV3niPdJOgJ4dQEcZCChCaEpzas48r5tzy7y8ns/Hw+Hp6TSMQ4tuINgAA4YfECLjb4emHrqgkrUM/lYWDLY7VAgcPjY6lJGylmcTQQeX/U5U4k7oQEjKgSbDE0f7Vtd11pr48+l0mub5er1O1+uCOTEBA65UZQMVXzcIsq3ragG6YCEvEhj30TylZM1UL548mnl1ZXKItoDMx5h0LjzCuiQHlYkJhf9TvKf4/coJsWFp5y3LBhxZ4L5LvDbEDXXd6SmQqdL1fP3w4XWKozAvyzYta8YWQ3Nth3jw0LVtC6uGCBwcz6ZpjWnjJcd1Hoc+zvs8refzuZvaa7yM25RIJBKJRCKRSCQSiUQikUgkEolEIpFIJPqqAjqksuWgKmNIhEmyI2FOpFQhqwvEiqMxBU/JV9ojJum/4gmhS6KFMTfQiUrFcio9U3hG8NkMhO06csANVdh9KgQrrbkeDadCCZtjTPJdFYd90I1SVTrsvvlPbAr5hpAgtCdeyuTavcEqc4WdlKK+NhUvkvpMJVqySPGBPQly6AjYK2DbLYVOmGwywkVzLOSDRQMPZmWOwjBFUA6Qk43DJ+BYT1YOND5oZEETHXDqQyZOiBSigi8NFjuqcDdCYofiaNI1EUIBEwvHgS7UHEgLUgGL6sCcQC/HPKWfklafrb1Ny6OLUwn+YbrNzSX03UfpiJu/d0eFcNOAwFMNA9Vkc4iM+niVLXrgJw9vuAVQ7vURJCWEMvd8l+CJWkrmHF69LX2DWVXNDQkfouc7OKfBd8hlxqIwYnQ4LpJ8QaBV4Lm1yuOFoUkm+C2bAxGAw3QGr2NrKIxJU+pPPLOhMVw3v27zZZpez5cPr+fnp1P8Mx4ODQBQ4JCBmTxsB6TqZgXGyQKjMIzLeGXoGK02brXnxwmXtSMmA66RkpNqexKPgTHIjuymGDYrisVRKiWS2cNh8L47nEbnnq7X6fX1AujJsqxAn3iiQAheiWdtQN+AH8oCuTPMnrTAXsCvxUOJNmldtgCdHnS8KeA+ZS68j/eihxxJjgbHjQeo3r9ST3lDh1yfu+VRBjY5uxjinWA2Ay4CyAzz0IDYckrhsofh8Itf/OJyvb6+QObQPM1xACA6Z4uDEP+a5rltB0zeMTat3tjaRsNPEz9obNP3Qxy3OJ7TNMGSWFclEolEIpFIJBKJRCKRSCQSiUQikUgkEom+qoy2ivMSNLkCwLtcp92VpE1CJzKloWtrEPQ4MXVWA3MMVIRUJdeECu5GJ9MRTQ4eukqoUGxSoIhm0PhVeRc81YXp+sSBEKaRPDvYa4CPKRlButS4qzaolKaT++hTfZnK4B5HJVZF2UMFq7CaoJOdCUixG1DJOKS+cuB0HnBJII8TuknGIvJQtm1nkfugRpqM7PDFguYCua7dFoJmssSHeH3CS7ACr3MnEWYhMiBZGES1saTLuR4aGBerYzEdSB2jU94IXEoHpgD40hpZEkoJghI9f0IkUKD8IUxsQX+VUHmBqE9hJT8RTKkcXO6uVjEdxc3i5oKlaeGzbhruXutUgoe0GWhPs21bbtFNXV/TulYUR6Jz8V59hkLV4NytQPBJPobcRdLyr+770SsnZiZ5p/AV4cFT7PsD3fD8bFufTHJMcYQh8ogOYAMP4L6Yv1FxiTE9RsQSLlJKg8LLE3BCQwgLydDiQ87D+21zy3K5YuDOhw8vp2dM3Dkc+r5DzIISXlS2A1F5zkP1NOoddURPGZt7MLbBg+ZcQMYKTJQ0JtdgTE3TWBMs0BtkWMLXCT49k46iiGDPRKgG86hsawAcie09nU7TNF8u1/P5NfYFqYv45HprYdbI+ASZM0TPtjXesGtd4k8sgS/ExmilUuyWVr4MO/ma1DOe99bY5rgyO1BsmKXP6uVpdN6a87LRBT5TlTvObj3dPjk40RsOAuFq8GIYhrZtvwH3miVO4sT4yRybNC/L4rZmWShrKHhYCND1rkXmBgCUJp7f9+NhWJctJORQJBKJRCKRSCQSiUQikUgkEolEIpFIJBJ9RZW4BPyNEmiQuICPTPbvoMIygiUqVR7LRbThv+FQOiDlbGQLkLrmrvBqlr1AcjUb4iD4K+4hFXCRZUDfBK7rUm3ccwnVFJsWozk7wuTmYRXZc4KExyJ4IQ8e0Auh8g7xgcviyHHwa3YkqIxMbsqvN3QBwzGUbIP16OwUkLCURK/gqQ0UXLH9nikCGuvas4DehDaB8Qr5O8TqeBocanvynAjZfIVvkYxMlEVTBsRoOFUJ/zQ23Y7dTHDw3LYGokwQOnHMnyToxG2eyCA0cfFMvCCrEG6Yk09iJfqTb4WPnPYGfZJO3HEv+vaC+cIP+I/w0Eol/6QkkwyQAHTiqvgVblEIu4QSpXLESHWf8Hbv6teF2bo5Qz86Op0THg1vaZFmTqJYnnB/oC8FquKuGkidQQACoRTvU6pW7q6nR4ash/iRhZURnE+PAe8dCimZQCtGM4ZG9BJdHhgM5B2ghdfrfJ2mDy8vh8P4/O75+fnpMPRd28SHB7cJr5ItTyJQtEpmPEFlsISejvyAQD9rPo4ZC9oLPDUSjHy8pT4pipihY+lJJwwFIbVgshkM7BwqM2LDOAzjeHp6ul7jn+vl/HK9TMuybJuLfzSGBBnjjbGwXW26cfHxc/FeW9s2DfidUExOfEcT40QtQHAMl5Dyic6joJ9ddzDWJ94uvuBLGbZsUokYUtVSVqrAiOkytzBT3mey6Y7W+yMCAigQhAQbSdf1fX8cxy72F6CTeYGfK6Qoreu6reDU5GA5qdbM2zYsmLPTEnRjm67purYj0EuJRCKRSCQSiUQikUgkEolEIpFIJBKJRKKvqkQcqF0NMfEObLbBpAXVY9n/xBf3AE3fZleqOJpUKAbbeKSyJNcs6d26JclrQFGQTgI1FHt3kCUCsyaBQRUozloKdyBrAHJeyN/qR8okxfjcgAQ6Mwjlq/sqYyKxdozHYJk45AI/hmvUdepyWb1zlCCjBChAb/AT+BBVLBT4AAvsjaY2k7EBdJZDOfjKhoCbFHlCMT8htRNZh8DRFgW48DpHfJDzCiflYBAJq4HDOLnIs+kEedVoTMwh2xK/wdTF5jvIEolF8WT6QpV1mCsiemjoQvJZ2Y/1l5SG74/VHztdp2L3juVQO5uLN27BqE25UjngFuOorxXUDlvS7KrBvc94T8YRFNlXlBP0rlh+s/jUG7286YCv0RN9O2rlgtW5bw4jP3l5KT9sxQ6LoTZv+HaTPiZ3DeBO0GQFRau3PILZi0OphrxYQpo/XEEe7UoAGkmEiyYcKjB50uCBvrUmrtF1XT982JZlvZwvh3F8Ph0Ox0PTNLTKVYnW0QWfSO+m9RL0bgmYvHb2I8TtIXulbYPkIOAfbEmfyeE7CIIBNQEsGA2toTbgo4O4Wjys7xvbtONhPB3HGVw+lmm6vr5elnlxvPf5Epmk2aGEtzgDeFrbgg2IbUxGW3xZiqEyAdktMHodezHPM0EnaN4SLHioqPrItIX6dAV6q8SG6YIf0jTB8IXqaSSCMXF2AcKWrAazJ7cqRaBLY+zYD/249pvb1m1b1m1d1ti26QwOKFNY44DEFnZ9v7UtuJ70fYtTrNTjp1skEolEIpFIJBKJRCKRSCQSiUQikUgkEv1BVXs/BLIG4Td0SC4F6U85xVBWS3y3rv1pzVkKWlcV7uw38BABKDwFeYpoiNGBFBrv8bvuxueKL/kVcNkU/rdAmlgoTBMOkiraVIT3pXsqVOkjNyX6UNXY42WKL0mp3fNfFgAXiNdRaudxQk3SqRvBQexI/HsjRCNUpiM6JemgMYtKwUOGmJ4Aw6drkwbwj0hBNVApdi5sHKlDVWEaWr0rlSNQQmMUdKZa+G9Gc6hDYP+CuAkWyh21jbkWGge/QR5QwF7Fu28uuTlwXxWOdi5JB8ZQiklOPQfqXvrRX7dL5OEpu4/17vOKPwmP3q5PZqsR9ZB2qe6Af+n63d2LWAoHIgf9TmiCOV6Hxp24kxK8VG5PVFQJ2QkfidrZJ+g8aGwI6g4v2F/gzdHMT0Faq9UR6cFT1bonV50NH1RbESvolUReHYigVK3lJagy3gRyiaaqOuHLbIXSBMXwW8qsiVuDtnE1TvO0bMvlcj6f+6fj6fR0Oh6Pbdfh00F303nkfMhX4zihehjewnJuBhGf7djxzRLxAbI0PoZpLwM7GbJzeH9D5AnBdMSkaGshbahpDofxeDzEgZymaRwvV0BPzsuyMNRFcJnaDNiEeJ4dHeJz3FjbgeUHe4DEHSQ+mbpSCLe7sNovNtqe6JFuXGMbTflkIS8JzdYw1RVus3X2N2jTt14AABAASURBVNoZ+dC5+Xhk3Az1yfm8JAIYrdjeh5YAttiY63W+DHFKrwCh4KazzPO2LsvadNsa+8uknm2USCQSiUQikUgkEolEIpFIJBKJRCKRSCT649FNTT1zFSo5nOTCu6qwCARVdIYllFK3ZWumKO6K4HCYh6gNT4kQgDYoYE0cgg8Bi8vMvSjK3FCNNdQYg6VcMAsxOgEiOhfxuSP8JvqF7G5NFEryBUjvEmxRuq80eRlQoTYWiFUqh2d+ALufvuyf7QGAy4BSLrg5cBoJeoiw4QgZkWiMwQEuxFBdVxefgjJGqQCMY+Io5iNUziRKMY5DRf7UKpPhFQ4mYdjFcM4Jy2EuyBaSL0NsDg2Cd0TMgMeJxjAfqExDjwKRRmkK0dQgcPgIjQXZGqSis0o0wiOF3V+7pfHWW+Ejx9xf7Q5AecS3VOjJW9fJb+jb01DH04mcYPLPxiF0otDSgbiTDkiIHS2SMa974iRPJA5uRUx9RJptid48IOzAFT6nWLhQG5hiogtBsAy69Kj8DHMOS6DnzRGepdgDSafJBxgFmYD8NBY+C14wHkGPG72t+CEyDLYFZsV0Wtb0+BAqAdBFF1el3TD6aY1j/nqervN1nuORJ4YSbB4YfkY50Ci9uSOU0goIj8Y11FMAmBiETuEUo1+II9cQaKTBHQc2JhgJIEZ4T6INBT71nLSjManKdW0bTz8cDl3fr+vp3bv3ry+v1+kK/ifLCocSHKJ5l0NnmPhgbuu6dmvXD67repNm3pq4UzWqLCH1AHUq8BC8JsqvCUxHaY7p8WmgeK5VhRMSPqQrWCqNEk5rQF+TOEo4b6EE9AS8vCWkhp4LSDXC8aI8Lgc2JmbohufTOi8zZg+tK1igrDQaseP0TLWtVyKRSCQSiUQikUgkEolEIpFIJBKJRCKR6GtLU2m7LseqErehs1MGsSTZ94SPS2ELqSRryJ6j1PZLHfzm6/cBoQsXPDqCxBdgeoDeGs6nUnW8s8VqbqJZNJt2KIOmIPArRTncJrqknkD1E3wHqrCJDA+EymeFKqc+V1RzHAo7M8R7Qgl154CSD0vkSQmkCESc5KHM3efCNPYjQD1aJ14HbRh2SENpEnoDOI+2J3oPceCQosmMIRsTy8OOaAuhMdqwYwEWxANdD30q4shvGPvhFEIn20a0jFNksICsiyYehXxN9H1OS3JAqKr1xZ+Gh/wL9cCPI7xxjP4oiXF/FtXRH4Apb6Ann7pgeqfrOt33cWABFFiWBpOYNPlIxJ+xTB4/IDRBw0rCOYtDi4skPWNq1yzNvBdzTdn+497mpDyQOjuW8GIOuZnBaH2L2/jiRZGWqtcpHoVWIEfcVHgGf4rxUfEFwTWxa3H5pFWurdar418BgcJHHYgnwhcMP0tWM45hNZuFeF55xcaHz4Fl6HUyC4rPmEUPISBL0JoIXXjW77/7/vXl9fnp+fnpaRhBtrH0OOBYODYfAXTDZ8yOnnAaKrMfIXJ1UbqMPINemsiMsPm4dy1qhRHIgTX4HMKgWdtQYlc+Dx+lOKoe+xbbrh2FCyGQMaAOh2GeAaC5XKZ5mtzK0VYqU2k40fFBjYfFh3ZuViRsoHm2afq+axqLSUMFOMMhLNtxtsUhfxR4scEuE4e2admVB9kaaC25G0G/EPojaiRjKyrTJ+lBNToPLEE6MFZwCo25dzb9g1JALq0bTYRgaOH6ynft0Hd9163Lus4bPFXzAsvD+XWFfy1msyiRSCQSiUQikUgkEolEIpFIJBKJRCKRSPRVxeVm9j/Q5Mih8y8Kv5ZeGQBgGoJWxfMEkzQ0hsNguZAqiE0subKxhM4lxcC2IiHVXQO5QsTaNHlo0GEUJWMbKN1CUTZok0ql9ALeYSMBha4KXBQPiRoIBD2wLJeMg+dyreFSafqdK9BQ/U0lXV0nQuBX/+F63hlyVVFciPb4Ff2Cm8A9sGYOfxHkQYiJTk4NHDoS8PYE66QIDpVrwXDl5H8Bx5LvC7XVY4cNTxBdXKU5wSq3J0oBhssmdiani/hYdN+2WMRdpjj24HSC94M6rtsoVQhdWhxCAfG2G68PFRIdg9gJdVfpPb4B7g/cbPZYKHe/JyWqRVhePj7iASJSfbbzPvkEM6Jy7Id67GxB9JL+5GX2mqfJQpUfyvJQ7rd903adgjXjsGAP5XxaKASdMD4Vbi2ASgmfhjbZf9QF/t3BOeXk043Ub81BzQ3UPdePBjQ/HveNqR4eg9FNHDdDHjymLAp+uuA0YBcUmn+wzwk+hQZWOd0lYxpkC5PmR5eZzLMIj3F8nOZ5+W759uXl5enp6d3z83g4tH2HIAg/ZOgDhOvbedhkPjVuau9GE+9iyzAxxEYhNZS106CMsZrBFN5X6bCKEIIfJsEriHfxFhRPb9t2OB4Ox3mZ1+l8naOmGW1d0u4W2IBkQ2udHGYUe7qta9fDNbghFUOHaFqe351PSSbwts3Taap4OunqNaxqX1glVaLNqmeJ/x0JqrZUqZ14KHcs3sQFtQOuaBs38K8Ijafvezf6JY4EeJ7A9hV/OB++HGYTiUQikUgkEolEIpFIJBKJRCKRSCQSiUS/L6FlSKqB4zu6lMOrkuCuGn9brqWoDI0vKNFmV9VHPCOWKx3m5wSswGJmjPNUkcQKdYPFSqo2Qn5OSDVNw7SITiQLVauzcwq3YVf73jU1F1gZ7SDiRKlyiSpFJPc+uSFk35GC0UCJ24VsmJLpk1TaNtndpFwqVM4aCVVJ3hHJVgGBGDpCIxuTP+Q/Qed0CzYv0cEkkCFNGrTWIQQTkGLxeCnnlg1sA2bwOGGzFzqGb4NTA84zMIHJvADpkjykTCYk9CQrm2x8GbNRFY/zFe6P0vtDHmEWXOR+dNZHbnxLVgRVNekzugKHTtcrwAatbdtY6LfG2mYA2xPgqtZYIt824k48cgmIA4ErhlO+YXiqXp03994X8qvDKn7mE4Yvn6OwS5DJd1T3g6j1Lq4qUwX5AfApCoZsP2LXya0IvDp05tDopS794jAdg6BYcWjxFNakVeJOlA7JBiaolOkCO5hPOT3xxTRN67Kez5fDYTwcD09Pz/3Qw9wAEOf52THqU/qCUSX+Q2M3Ia0GDENsxViEG8Do5lyVNoe4ZuKgwUqyJv7chu04HubrfLmcp3lel3ndFt51fFk23pddDCG+1dqlaZqua8l/BWV1tQP5KkuMp4zgOGyDSrswiWYqE3DkzpK7U29zNchCu2nejsk65WYQHowJ8Xhg/QIjANdrFVA4btg2v67LNM0rdlKJRCKRSCQSiUQikUgkEolEIpFIJBKJRKI/BjGrkFNsoPxpbhCGKoVDhftSvaoSPphTSF+Qh59oAAJld/hSPiTosCUGFk5BZBBA/hxVVdqq5BdSYJjb1oebX6rfE1yCPgJcEE+oB9dGdaqUknFHjZvwT757qpYyh6PyZUu9PahUqFXJ2qC6Dn/1P9WLfdVk9g6pWssH1QYACAUV0wSlaWSI16E+eXpFV9k8WhJAgI6CMB0ifPyGSR0rupLsCZwyLH4HHqQ+Z7OJ6hNVczQf1Rf4EoRMUvAAPjo9qEIE3b5fyB61a+ob7XqUtpNaQhySeuuArDi4y+y3dbUN1PibBtEJxqgUxJGs24ZVe6AvNAa9mGBWwIXoTiqzPEiAKa8dPURGMQxFg0FIEk9D+Bwu5gtUM1B3rifsToExSwAZeL+r+udngJ8EfJDI/4OuHLsV0q7CBkqGfT4MISn4RsmzUcibwNUMbhSBRslDXBFxKhTYQtsTPA/kMaQxuii+ulym63V+fb2cz9fj8fju3XM/DARqacyJCZxUU3dDJ7eN3PeyHfC6C6H6CK5mrSWzE/pJ5EdcBuDX9IjMyCOW389wGZ1CO4tC55IGbEuafuyXJXZnWuZ5XVcwJ8JkMt6GHFMj6BoTti2gAQpst5YYJwM2PHA121Ar8oal9uSHCYkHRPyFtubccsMuSAl2gZeeTJy02YE82YukrBO2OklYHM57Pfw0efgeMoqKApU0tsHgstfbug3jMi/rzfITiUQikUgkEolEIpFIJBKJRCKRSCQSiURfQ0aVIjAVH6kOm/ELpRPUkOxFqPxcWACuKWMBky6qDXMniq1HVCwUuoC0CcEfkNHCJ1pFRUWsi0LZkovIim+pKYCCVVMYBQjQbucQgaX5JCxN0k+08UiIiWIQJIT9hW8tELTSdR6IYnTEl9QbYlmoYk6RFDr7nOSmYpXXqaBuUiGoTJy8BzRzOD4bnGCxnurzWLL2UIfNQ+DY5IEr/p5SinCEHbgROMzNgYp0HPvVwwxsSlF5mkAchahKKosnwoGr/kHlxI9UXo9/NnKxiIXxjMtUdflALgWlg1zA/xzo5CE/co+O6N0BZf707an67lIP7vIWp1IOTv41Nwc86BG49ni/qdBodA+KPzoNiSZxYiiKCYZc04gHspeIU8YLrhiZwHgZBrfYwANhkEI8qd+/QrhFvNhohF/XqMTD0/nZIBQDHm+k2SjfhWivvNfAC+RNdAVwEVYSx48iZYg7QdrBa6fY7aegTwY5Eoik0hT1hE2LZ16u03Vafvjhw3ffff/NN++fn5+HYWhaG7zX9TVSw3kD2i2seg3WpA9tmiHTarQpQDLV5uL7xNzkTwlPqTGUsONXFB5gsNlA5vFzpQwyI13ft8PQL+s6g+XJCvQJMGRIl6TlgTs4X3MD1MzRTMEOy9ssKf5qM0yn024FwxzXr1Vx30CuTQOngsqOKRotUxTRJJ7nGprgd94n/NSkvZj/lcn/guzgwIJV5ZakweH5RVQIf2ubeJ2mbcIf5CkQiUQikUgkEolEIpFIJBKJRCKRSCQSiUQfU/0dfnLRYGaDfhJxoXdHVwpcr9X1Z4H/BIx3CfS1/3VdOeglgyw+ZegonQMcuPjuKTFD45fuuUjJNgB3zhMFAUgfhRwbg+4qnswAAtMYPtc3deq+4koymKxUFc/c6/r6isvfxTqFjowFXBo26kh9HRxDpl7CXZTPbjwDUSw++b/k0xMGBACOSa4TVJqHWjMFbTi3JcgmXmGDqntwmF8Ur7iR2UkAjxngfTAhwyeIoYyhLnNY3Cb0A2iEDFpyL36W+u9bF9H7zx9l6DD7snuzlKzfvMt+JX304Co66VaxIs+mMZ4nsUnAFC4r5a1KZhhwjFPsFVFSUcA4ZF9EZ/YBzSSQxdI33hs7XOBnqr/rh2E66aahjo+qwC5qSf6ZzyWqJr8PyANyTIiXkNlI3oPSqrt1rwhxxfvAGEhg8MRrRcQI7VgczYXnMhFC84FgiseHIAAG8nKertO3v/v2+d27b95/M4xt1/d487c8M0LG65QqKIw1NaPGNwY6BkUEBm4QHLWjK48TepGfnDyV+VcffDWpbMUU2F1GG9t3fXc4jMuyTNM0T2t8scX9dV2S1UqoLwiuMMZQezzwT+DGA/lPDaMkNC+lhYHcdJLnEu5cZJlSu56Qjw31N9/fcAxUAAAQAElEQVTIM4rny0rQ+86WBatLgFJQSu0MlDAqrBhMqWqLwWwx3RirnRKJRCKRSCQSiUQikUgkEolEIpFIJBKJRF9d9ffSUy2QEQeT6JOgM1ai99hJ+mY9oCH8Bomqw7FMuTr+Hj4UfemAlMCAdUWTvjwPPxXTHFzbpSpzjX4ErR5V/FUOG2EKIwlL/FwDNYlaKewAf+9ec61fK6oX52HRe9wk8RwmvSglY5VKyfxmLImm2JD0MzwkKpKDCL+mivr+YK6og2GIpmI954GEAuI4wHsoSmNbY6fRHCMbsaDliQKDE8xFyeiMx6gX9ONQJvg0PtUIp7btR72OGXnkDpJtZKr5UV9OpdT3vDs36OqQmgvRdZN0dWSyr7i90O52j7mT/Ql7bIiu0LStogHHwCOF0Am55XikIBBJajT9HicpPhUqkFEMTbvTgZdUhhLwqXH00GHSErh4ENMUjOJnBCkBWN+VHdBDoOlzpNl15/GpgdNYNC0SnQJx6nvVo0NrPzMTLBOQktJWhRwbpHPoTKDxAu4A82WQgwsqWaoQgwYICvwfKEMH4AdG5Kwh7CeAoZElAA2vAhdAlxQ/L9u8rD9+ePntv/7tL371/pv335yeTl3X4YVgDi3fKxQcJNDIqIJZVWspu3Ho8mAEojGcK4ZIGTpj0xfi7KqRVzXWQ5dNcJmLy8NQzhDvW/EKvR2arh0ODqJ2nFuuM0TOrAttuPFHYm5sGXwEcOI1LcMhQJPQ7WJj2qimTb5VucFoZ6IBa6H9mixP4ug2tiHipDArCbvjXidqKmRLohRdxK1JvVfp3wzF64r/7VG7PbRszLFR8Yn6CStcJBKJRCKRSCQSiUQikUgkEolEIpFIJBL9vIJvvuti78Ffq2f6hCvLKkEnyY0AzqLPsQCcau+BLUBUKllCTTOWKrcVWAmt+DbwVXnbmAbsG1ANFC41V4oDwC4ZHFHkNIAFX2pJdlWgBvuKNiHMJFMqITmdJOYDy9kVcYIuCaYO79FK13XMunYfSpU0ZFKkRnbyC8PdoWPxh9949PSNaQy2CqxH+F7oR8KV/dxHQAxMhlo8VXDRVMA5v3mI71AQ5rERy7AwxUCeJZq8H6BBOIoJEqDeNjkXiTJx6AAGTW79RPYoCTWGZ8FnnwguWMdZDqnI/lMzMB6etgdZgiqdSe9XUTi6PjL7abxxg+y7oD/JnexOw/O82+Kq7vsehh79ZppyOcVMEz8EAQJUFNpLQH6Ko/I8//e/sPevUZcsaX0f+DwRmXu/l6o6lz6nT1/pbrqbqxpBI1qNAIGRQMiYiyTGkqxlaTzSjEdGS2asQZdZ45FnyV+GmbG1lsbLniXJHluXGcsXYRuQQcggAUIY1AgMCDU0NH2/nD59TlW99e6dmREx8VwiMjL3ft96q/t0Fx+e/6mza+/cmZGRkZFRH57f/v9TMcaQW8LPJmNdHGrC5IFc3nL+LfuES7uRl12oTxAIXnD9zu1TJCCCPD8xyrVBnenyTIK+UdCEnig+hq4/iVlSPpSoCdQPwrflscoHi3VP8nVRy6sMdDwX+blCryZCCffD+PGPvnDv7sX5rbM7t29lnZyeei/pYk7gsmphUqAIefpSmKJ2HuabAalOIrnpGrElLJssiPkBTeL44n3f923yDgBcf9fKPmIeA4K2sPVIbh9O++1QRb4n+3pr5hiwpBNWV+dpaqG5oRv6fkPkie9Q/Wl03WFkMDLLQvQJJQR5J04plL/D4T+8TOv0ZOSmSw3EpUlSabZ7Sk1IUSVOoNI2S3AK63pZdsD5dCaTyWQymUwmk8lkMplMJpPJZDKZTCaT6bGpEielcOoEDtHUnLnkxzDB7O3R+kyocoWTsltKlo2UF3PJMlcxQX8MLwE6hGWIrwnOpcQj1UNcWmTU38uXg1JrcAELTmWu3hZYhggJp64tsEiTaEmQYzXMtHa2WFRCDzdyqbcMkfAfsKifiqphiXxSw4yusVpBwT5SuaCoDA1VkCmxiHww4kgWMoTrTOSKQRkaE6QK6qjbhxar53Ot3oCUebHU42VjvcfFCCbNG8VCBHHRGiFDUubGaqDwcmt1h6o9ydKwZDG8OB+63HIFgNKWyvEGnaHXi7svbk9O/a3TXIXPkyzfiq6ZwKjOGQBs0kFPHeSyPaW0uOiiRp9EdaeprYt1Bxf+BQIjNxqlFNJiEA6fIPyMmkAs4Ck8/LKm6sgWmb9OnFH4AudVZzbJgPKJEqRSY/riy6W5pA4+yclTQOJHIjCvQ1hPQdukHRrBykYVWo3MOTzl/BC3dXm5v7zcvfTJl87Oz5584sk7T9w+2Z4Qd+FlBwR1QkpMVBG4VmyOhDupuS+pQZqwMk7SneqMVD1HJHUsb5G0GmxUu7oa7/J0gQTo1LU4rxp0xr7fbPpx3Iys/X4jD6Gci1mRiQ1glm405T0BbFPeL+bdaBKjQEWMj4gPlZqeqD9KorsziutJ3/fez3dcOBs6nKA2rFvootJM8K0IG1y5vMA6qkm343wFhpyYTCaTyWQymUwmk8lkMplMJpPJZDKZTI9dkqVQC8BcJi1JF66iFfShYCh6YFRrhlJA5NKsOG+QrQA7bfCv3dXxIb+RwioU0KNYO0jxceFWcZVawiPOoAmgOKyo2UmafUYEv5DTzbVoqXXrhS/ah+Nl0BlnSantZmt5UptiVwU6Q1KHlSPEiZ5NTVOkHT6jQ4C29My+ABGCsCZx4lK1IApBiu6R0JPIe0aOyNFLZnIiVisGdQ+Q65rdPJISKhoFk9yie03VG5TYILQEufjeYD8OobrAoFjgzBk7K3boej0qKdHYk+jRLUmDuNhSInZgTajAwhTlWPsP61gM44P7w/7yXtf3223f9TrvBc6R06qDg9ThE7sFueQTuIiODGuols8TG8TQgycHYSZQPpGBTM+TI5QQGZC59hlFTA6VZpcKbIJ1ZOKKk0dqU1FkjGKsETOp5On44mhSYAJ+5FxkZkgfVydEFAoUp44pTK2xCUcIed7OYS7cKQqEabO51LYk6OH8waHnNS6N03DxYL/bj5cPdvcvHjz95JMnpyen6npCDdWnm6c+w0DyqteuIAXZLBXIjWxZYCYnhLqIs41NsTZi75MKwdWMLuVYyoljgSwSAzS66IA4u+iaRostReR0IWxzmycnJxU6Gcdxt9s5twuElczGStWoJp+cSRLiTrwfKwTjBDnxbrPZMIAyRwIl7vx+v+cUoSD0SW1WLxmIF6qtQfn3BohxCViIMV1dGmqnurLUJVgC3Mq/NWLJZMyJyWQymUwmk8lkMplMJpPJZDKZTCaTyfSbQVo2LShIMf+Yv8fGKiLFgl9ExS/UAYVqmVw/5TgbqgjnEqRgKxIBQR+h5vGkJntlZjK4rKyMhgIgpSQpf0spUr+pTiJJQ2OSmqzMhigo1i0CqUBqq7r0JtVLLL+oL2/aguZcKJca/xX5K7XgXo8rNAnWSquMofqJNIESOMekSHCEUBupWCiQPURkt4I8xmz1MDFrogCK1mfV1CRJBbmMVeSkEmxOJCeLpXgLpawtlxVLS+2ltR3WWQBQWZlUU3UIsCA3g8hXfQXIcZ0Od74hTVGcD/DQvgSv+HhkC7bf4NL+5NoubXo/DMPu8hIuYegZOlHsiFEKPsrVcKMsT3NF8ScUSCESpRVTkAck3+5UgpfINShBfrqkrs95VDo36oW3YSWfaaXlGFSuov3Y4lr1EWq3yAMzheBLg4yGyT5OWBPFt7xHvbn6MCvWwMyEmCaJB1ChM4AhrWoxBIWXczLNGT1hOIZGPW66k01PzMVuP+yff/7uiy+dnZ3evnP77PT05PRku93wbUplQiO72cTVZFUspMQ4tXRay51Iz9tMIsm+qddVFqmkjSyWJ2iHEdUJhh+74qxS+BVlXGTPzYZCc7JGzt3JEykv14oxLfJraEv+Mj/wtDySrc4kuMgwjP2my610nS+LtR5Iiz4TK7n9emvkvlCWUO5ZmLk8SoiaGRRZ1fHIQ494dNmYl9fPcICUyWQymUwmk8lkMplMJpPJZDKZTCaTyWS6obDU/3BOhJCCKWoBFWu2A8MGXFwVsqMRTJJ0wfkv5RfynTSnf6ANl4gCX6x703oToFbUa9jJgjhJ5ZPUeRPW7W17nKcD9Vf29ff2iLjCG1aFcmE+UkOcSAk7HbNkQcS2ZTzI3GmtDY7eAr34Mgg8zOxekgLZl1BFd+LhJeiEzE4oTiSkeisEFinERcpH1a/kFFrdhdkL4riOfFUK4jCfbr53qRTZKznkDi+tuEGka86KS/CjGapHxVDSqp2DkJ10EJ2Trmr5cI/lp9TsmXJBHlLIVf1h3I/TnpxOyqjJoM9DJhvKuNEwdejzHA5kyIHiYgOELUmiCcWeyPQOTKRA3yuaQMNdPTAAlpksj0UtxFAfKmzyZWI1cWHlCwuyZBDiQPJMLTCoVVqgSC4owzg/bMBuJcnlhwSCixgdkySSUSR+QBN3BWRFYg8e/Zhmlx4ZQ+clwyjFMYSLiwf5Rl6cbM8IPDkR9GSz7fkIJmb4Qis6wUwL3TW5p/kvz2/EqmU1PljMWlID3MlHofP0ih2ssmXgYBHhpTSirFGenz8G3LidVPkegV26rpvy7NwPA7MnQorkGSXIjvaEA4y4P5LLk8QXxo/jNHXTpi/JOzSiXSexO7o+1gW09i1PT/lcr064mkqutHAJNuk8cK3Sw9YAk8lkMplMJpPJZDKZTCaTyWQymUwmk8n0WVP52bn84LxG7ciXM3Ei5fNYfg4vYEqUSiOTJhPFvtD2jjIeHGcysLUJF5E5laL8RL8JXmlpi7aAD4XvENeSUruHNv6mIU6aQ0ubUeq/qP4tnB/jym/5GYNxB4SBFMSl7Tj3s1ZUdUhwURVtiZOjOiBOrmAvxN0kzk4Qgb1MArmb5L+nQLlFanBCMIrmbKhPiQ5a6T5wUE4oTh4lvKQQJ3i0n1JrrtYlC3wkqe1KYrrFLa+FKvXqkSM0z8ykgHMPrw9X+kIagyWD8szTd/7od/zut7zp1dtNDy+H9uP0K7/+4b/x3/xPz79wF641Pln0sNnjUPk25Rp8v9nkYaRCfopd8TXhOBX1/5ESe2L4QQKiItQ4K4AO2CMGk8sVenATkUX5hnjPxhpiXzOQUUXsyU2FUQK9cTRz+NDZuuiwlxFitZfgDW69R/FLWbINi8bU7YbZrDog8njKugDzc4dsmJFoKgoPkqDrXJOzI5YV0hZGBqzAQ1496IFj0558jVOkAdH0LwZt5kfOsX8JJp+HF0NupWJivvNpAka0EhLAEWQuEnvieEEQvxgCK0qnXQfUDl3dkJe0iweX+513ePv27Tt3bp+nU17ceMVkIxDPPk4aPOYo9CixLQ3dbT4ZTlCxjAK6peWYCpaFBRKJhd5AuQ5mNHwqu0FSYg5rc9Ryfs5Qljwdd1rekmzJ10nAR16YYx/DZrPd5lVlnEgpEHcyDvvdbp931LZlewAAEABJREFUR8LVOBqNoBzpJAR13kl5/3GYqk8JdrjNbZ1sdbS9zzvk1rtOwo/yws/GNc3i2HhG8a0T+kQuymHLksgYAgd1KcvSeQXeeNoESSl63IiVyWQymUwmk8lkMplMJpPJZDKZTCaTyWSSKmUxJPFNIgSUWAoq/AVFMJCr5EgwhLiaqAtHLtRi59neJNcRuy5vzAXDXPbt+h6jlMuhuKRANb9Itczf8idqcIJsKOCgWHkUj42YZn6l9NYJbzEbPXhxamEmhZMgFKvJb71eWnECwaYOijWzROubkaNwqMQc2x/hY7kExjOkds+VbH6TsGToMAaA5QBkUIdrxBxSA2JUwUABOKc2K0B0ibgQDMOwv3xA5eMYogIf0tXkqN0kKUSIx21EZjakXKB0lPfl63HFg0PBBbKbEM4n1kMZGAAo3jd6gY3dB1W9fXteSdbRfVpM6OHCFfjxzNN3/vr/47vu3D6Dl1Vf+ObXfd1v/+I//mf/ygF3AtegJ3C1w8JEjELME36zOQFiUKZOLCK0RRTkaT4eURw2sKEQdHyLoUeeEr4gBHlyxCkAP3b86NH8yKejR6wj8mRme1LxUnHXlOTbvqTjXz9sy2p7ap6KmjLT7NfAWWyhEaqFju5QaZVUE2RycxTNws8MCLEjmE2hTjSGRokq3pBH5M6b3vDUF3/+6WtedfqKJ09e8dTpM093xEagxNA0r4tLTzryi33q3TjYfnDc8vXgXIszPtK5rjtq2KeLe/He/Xhxf/rkC+6DH/Af+2jJbarUnQysAoYM9MQ+Sg4aUS5hHC8uH+wuL8eRYnfyf2yrlKcZL5zMDQX2PEnTiAIP5bN7t9/v+12v8WnO95sNeV5NtBbQZ09b0YnHjPRHACOQu5/nbD6XIjKNoDA6M+tUnHLqOAA83BDFZDKZTCaTyWQymUwmk8lkMplMJpPJZDJ9FtSU+lzdkKAGtYDwB1woTCVghUrfqSjv3/e95CZwmZGrwmxz4sClieAGMRBRWARL2EuhT8SfQX6/DwX+UD+VODspLDkT3atcRdKSftIqrVI0IHVqacBJ6R+Ld4v4mhRbBwVQuKAqOUJ8uqRV4AZFUKeFefygRteIZ4demH5T2q72EtVGQkvzWo1NjOZE9r+g98Own8Y9SMgOxMY4I/ErMNUglhkR5guprMmBt8IxvkCRnjrskqgkJErJ05EZUQZVfWfmqysIg/hcFPxBRybBwormYUqLvxH/6Hf8rpedOBHlZv/1P/D1/+Ff/d4rKJPr0BNovpMxnqbJRSeGHYRe9ZtOgqaaqn9JD+Hxla/kbrcED5DHCVmSCLjDPhmObU7Y2gEGwrlSZCpgCt7HLgYJT+EEmRn8uBKaOfJ1+6Hc60fTUQIgzWlV+pzX3Rxn6NCkR7USaqEZIQygDFozoUhEOTCm4FB8RFL+sH3m6Ve848te8aVf9PQXfp7v+7SY7vqpEBuQ4GAtmfdX/iMtOZLmqMPj2td5/8Oj0vJcWEibo+fCmxy12eJmA089UwEvssH5wPvhN97rf+Xd/vIB6hAx5OTq+sNLuSzKeXXZ9N1mc3p2Po55zdnv6S+VrvFATiqyLAoUxAfGfK5hGBk6YesTkjrw5L+z0CPTJ/REaB5Ue5dDLJeFlSOiG6seOQIOFoSqmWby/KRHWFZMJpPJZDKZTCaTyWQymUwmk8lkMplMJtNnUOSJcFWZWX92TkVgMVfgIiAnVqTk1ITB+ZI6IbVNLi3r79XpyCQGKam2efRkHEyxcBxJqTAn6UZ2GVKvxQKylJMJMzFXi7UIXh1XlIVJsZTIqy9I2bk9BTqn1yjN16Fr6AK2sGA2pTbSvhGcRgutrm6kKB3K0ZmG/JlSL8YdX3+U3BFuIApKAqU+DTMOsxqZQvkUigQOvq3Xqn4wwuyg0A215B1d2RnVvYK5G2xJFiz9SG3iRaoJHctBmAfzSvChdjO95U2vgc+Y3vqmV7cnW3QDj22swvUrPRW5iD7ReJLZT34kHux3XIbvuOpPF+td2RfKlCwTERoqBYoDjeAClK+jk5ZuqKcZ4+RpzK9jni6pI36F4mQSh1lxdV+SbnAmipTGWj6AeOx5Wm28Ym14iNJBQo8sFnWL5sgIotWMA60UsYIXGOqx3A+hVdhGw0m01vbOnTf8/t/7+m/4mjzmj+pTsmA9PlMeJ5UUSfCpnqtsue5Ynax5vr3xc+GNb0pf9TXDu36m+7mfTbvdjHSw9NYUhtAlNszZ9jGe0ByepsvLy91ut9/vhoEAlLwFmnAcuY+BJ2iegtM4SWsAe9f5vu83/WbTT30/0lwk4sQJjrLdbiutJjeesT+dANX5Rtp3PnrnZyaS734s5KERJyaTyWQymUwmk8lkMplMJpPJZDKZTCbTbxJ5dM0nhCanJRaLASZOAhMnHO1BxhvlAJSqIsco8I/gHTehBVFObwA2bBCEoZiPLCrZqQAhUoamTQ4L+YGlTFl2PaaU6lexiXqpEQ2oH7kFXKIYqZa/xdMjrREXKbOW8qekz8Tq7qEgBgXwpPmikhT99XBY2jfwR46d6Hyu8cYwckJRCDG/GcZxyN8Hji3iYmtk7qB6xNRLXY3F/DE2W1Gru0clPhtRKv88UBPGwsqoUQk5IlQugJgbva5UR69mFXHEEUqZXe818TJwldKMIQEc94+Abd/DZ0zbvqv0Tu3UMchiufEYhJFvJueVJEFBqIifi/YbGhDMJ5EIEiiRS+LxoePcUEvClUB58ORrLxOZmIuOj3VRbHGCPpMC/IzjGBz9xxSYep/oPC/3St+l667k6OZPjTtpOKyZPCqXr3MK52uHuk+qUEGBc3IPYhIzHQ6VYlcgd7p9w7f/3jd/6zd2223pJxbCA67xDmmvq+E1jnucQDnq5h4nhz4lqYG0YGZQbt5PvKKfsLiCMoT00nXuHe8MX/r26V0/0//sP0UCR2Jl5eaeyKq2YccYRqeIPTk9GfbDbrfLq9E+vw77/ZDfTmSjkuc3A3Kp5PVUco2OHmhe5j0vHRnSMCNF87En4mRzenrSb042m94pTULPBGdF6RrEb0KdMl3f+67zzrvk9J+EJkHtMMLJZDKZTCaTyWQymUwmk8lkMplMJpPJZDJ99sWVwdlsgWvUXBGXEjrDGBNl65BkJyk16s/RWbnCrrVMjhehBqOk1MyhGaiV0Rk7qXVnLaFWO5CmQ1wfTaui7MxdFOkP9wHmQu5KaWWwMv9SPpUf8EvdU39Fn7RCL/4KHouDi/pHzDVy1JL6whBFiJTUqJwituX1/CbXaHNdl4CBOMU0hDDlqqsE6ACEBluRenFcX3Rzsbj6St8Vo5eDESml/VSHfA7W0dgfJoEKWSM9d6hIhMBAqRl6GXu6KEkIWhaFr6kPHysfJ/js6YA7waPcCVxX5C5RUEnHNHX5ERrzMzPm+xp9/lPILC7vQ4oCK81ODzSHKJCKWCC9E/wNCGVBzyqRSuRMkadGDD6GKc+bMBfpE8NKUsXPp4t8Nk8PZyWI0tFZMl8FvPxqTSla4qRuAVlToD4kSmLUzsRis8NPgABYcOu1r37Hn/+377zu1ZXquIl3yLz6wHUeJ+0W+HQ9TlZnfNR+rrYfMjF4jDspx2428M6vHD/v89z3/l1376483gkXtI/az6BMTSRgCaDru+3pSR7pkXV5eTkMw178T3a7vKW9swWW4gieAMSkAIwwkg8Uxe74caSpml8327Hv+s1mQzRJ5+XU5R8haiNwmJvQJ1lkFNR1vPDUkCDKcEPjTUwmk8lkMplMJpPJZDKZTCaTyWQymUym3xySKrTAJlFcMbjkR9BJ+QX6KP4mkqtAwSFYuBNXART1qigWBVigBDmL1NfrG9kaS5UZcMFnpKZ8ytjLbEmihfhVvZHDShqfkbb2ivOFrorGjJtIlyGVP1zRLsk7yAYnXvCLEvIgLy1+kI6VPzEdyX8QukDekGHMfk/JFcMwxjjENIWYK7lEnMQ84AQlxDQ7G2ghfr7k1fmOnIgK1Fdcv25zKLgP+5OgXIuyEAIJQQJxy3DlwuupNcnIqZ1DYBpgZiT0ftyoNqxDAp8Z6OFGamYVAhxOMqy7wdFenpyc5Jo8OY+U56dLniJIUphyBZ6fHAoZ6XNJ3/s8vs5p/A0s5i43zzBSQU5keEsCFhJ9JPsQgNTRvCwGQZqMBIye0OFBqvmB5jGdFBkm42bLZPCcVlNnjPRoZU6DeMin3CjdxCuRNO8rbj9YLqGlFhzjXQskhS9dTYgcAQyOZmOeaO7ZL/kt7/wLf3pzegrQeofUK0O4wjukdmVJaqw9TrA5FsprOyTL1+vOtTojXOGncnU/F94tCVYcy+F52l7qUfj0K9If/iPTf/e97iMfTLpO61IWBXKqMBQS9kSsnceOF/du029jPD0/IyemYXjw4MG9e/cuLi4m9vQJ04S0kie5hbKiBgZGaO3gG5a/zPMw3/ppGi93+/wAdN73m812s+03fdf3+eHp+w01hiMEyO2ScRA9PGmaIoQhVQJLSEdfzHy8B5PJZDKZTCaTyWQymUwmk8lkMplMJpPJ9FiFJRulBNvwb9WjxHdoIkwtBOcqX99TKIxj24+SLCO2Hgqc8I/cjwRruMqlqH9KKa0iB7xwxTxyzbKKz44zbkHF7yAWCLN5B6rxQfvTd6nmF2OS1PiFLFSvLlbPlRp5wt4KfJHJFaimABkwXwpU+4iUCmUj77jn8yAwssPvHRuehFytHTmJJf8/RrI5mQgWSBMfPgkJQERBijNikjSfZHEHy0Uv6s7MD6FedRvrU+9mkqwc0PKza/NNBBwphWlGUpKSSeVcsncBjCAJm9P2g08f043whNq/x8idsJpJdHVXjnx1dn6eC+j73eVQPCC6LPku1+DJBiWwa9A0OfZ+yHs75PAhMnGQkc21+jIR6b+ZahA0SO5FpROo5g4de58kcaSQ08U63RNl0IixhXifYOFLXEm2iWnNJSXEIxeOByPwUPGKUNcXWFIm2mpr+1M25n4mCaMS9obNdnhs9GLe+Ht+15f/W/+G+nPATb1D2n41aTWPdiwsSRF4iMcJxoXfycvQz2Nnr+N3eGxz1Okp/qt/MPzg33P/4hdXt3M2eFLforxgxOYGkXoSbDb99mR7cnp6h/J28lQf96Rht9+NAwF0dSVVGjGRYdY0TmFi8qnr+K7Rt91+v+v3hJz0/XA65Db7vuv488TCumTztAm0OHKmFK2YdEXb7Sa38xSYTCaTyWQymUwmk8lkMplMJpPJZDKZTKbHKqwgAoq/SZJsnRh1O++lMTps1CC/kAdlLghS0d/O589B0IsFdDL7GghhQoX2Wh7VE8SV08n8HWpsC9aqalqGzCQNf+FrURaiaSFpaE4CWNootBhKKbYKNyL95SumdB2cvVxAIJfIBEmbLFO6lrR42/S/HBions/ESR5cjtRhYwwmEWIKwClGMU48GLHp1soFA2ARTgJLlSr/fH2x3d9hdWR6u/0AABAASURBVILgu8SRFa40JndVgl4SMTeV9Sl7HBIkJYJEjp/v3syk6PHXwCRp9eHxcCeHqTqpjMmxnZfKtXjnHZMSSCXzcew2mxOibophUB6oKVLF3FGGSJ+HPVfZZarFWvYvUUbkERET1BuJxekE1DqCjiI7CjdTHfluTpOk7Qi0IX0nzMU5ekgjOF/nMhMJ5V6J1w1cOTCfjTvSLhkVE1NcS7x+6EEJb/7mb/yKP/XHFwfOdAVc4x2y3P+o7wi0JMfL4XGS2v2ac33q/YSDfhYdHntwrjwPfu83x75zv/hzPLyFPJI9oy6rsrbV26GrCJvo5Aa2223f9yGcjTTNwzgM+/3+4uLi8nI3DOMw0maZ8PnVKTmnBFsUjJFPnI8dxuD9kBfZ/sGDTX5aTrbn5+eb/CDlLZs+THO6GP9bJDOeLoKZyLTb7ctCaTKZTCaTyWQymUwmk8lkMplMJpPJZDKZHpvIB4Pr0VTaAyqK04/TY1LiBJU5IHuT/D/9Uh2lwM2/YS8kR+TqcK5LJqnSK2UCDXSip1NEBdot/KpESKo/by8Ih3azVF5FCw6D66lQyIZaIk+1cSnbQ1xZnhzaLnipyvOP64WzkcI3lhNLy44brWfR/uPhZcFcC8aogx0ZSRh34ziEMPF30rFA9AFBJyDRKVBrx+VMdWRw0fRKMg5JOgWVAqkeBJRTIqYl8k3UyjgKIuPoFpXTrq7pagBD2QfHWRv5v86VqveVLMMsvKrVx64rYAtFm3AGAGII+Qk5PTvzY58L8eTZEJlc4kQQejbys0UzxxGlNeUbP9Bc6HrvBHEqsU3Fo8YlR1YlzFO4wgrJA6CAhav9Y2eUvu+Jkpom9oPg02GlrnJ7/LSip4gazHMtOWHDmDehOSG8F6bPDvJTyZJ6wqhLDRYGDooDD5TYr/SKL/qCd/6pPwHwaN4hB6TGw4+CT8njJEC8O710p7vDqTLwqP1szrTq/1UeJwvu5Kbn+vpviM9/3H34g0qnIW9MFXBbsCYV0ytmTTMY1Hc9ZUZ1fnOyOTs/G8dpt9tdXu4uHlzud7thHGP+w7eN/ZSQfUpiPkJaJ/ufGFyguZ2Xw2Ec8uH7/XB2drrdbrtNbjyRNw8vwU7QQV4+BYrM/0zlVvNJwWQymUwmk8lkMplMJpPJZDKZTCaTyWQyPVbFkEKISeN16P9qc0Ji4MKTKFZHQBAxtNAsnAYZ0SqxJivMJEJsUA/FSqpLyJwEov2R8rJU1ZNGw5S8j6T16RaGQD0t1G1U4VePAvGAQHU7gWpDoifLF6oHq52JAw3TAYVeYhAzAN6k7iMotXx5w13ha0/LCjU2h2gpl4uu4zSRx8k4DRSpE4O0qUhKEjBlBeXUK11TINX0JCkAUXmbKNcvFw91FzI1SfPlFhcJxVqEaGnijNpbAsdgl9b1QY/O45/qvWI04lOFR27IPvziu3/j4mL3JV/0uSfb/prdfu19H/mBH/mZb/q6L3/LG169OkvDE6X5tKX2vuoIXtGtXG3fnmy7rmNCBCfnumEaqWrOxzh6gzEy8oH5kQv7YQjj5Mdctu/6vst/Va8PPicnKyVXbhzKvK1Ts4UUJHdGHlTgKe4dRB/FcwKoVE8PLJ03RQrl8ehd7ojzVNGPyHY+2prDl432mbGmI2lb8/tqDORabKx6cORr4V7GeP7ss7/r//rn8zI071WcPFZMRmEvoPUdefSj0vp6Fq/rowLE58d7KQ2f2L//6c1rPc79hIWfyvrYw3MVj5PDfsKx10e8ujxBv/X3p7/5n6Z794iJcpjaphYPfr03cwzb7EPDS4lH1+X5tKHVk2b1fn//4sH9/P+DB3vK3BmnUSZhkn8W5vw0/ieH052wIyKKHoopTPthL/hUv+lOTk62m01HQVQuD6+2wH5c+ag822vEkslkMplMJpPJZDKZTCaTyWQymUwmk8lkelyS5A/KeRErDcVNuExJhUSyOGGDk47MEriELfkyYnBSmlGIwUGN7yg0Cdcoa/lSnE7kDIvtUHeLipso2gGtVUoFTFxFJUo1W4JnShm3cC2NN4de4Fzk1u5BCQ8SQ5NKY3CFVX6lX7gKOdBVz4+kviBLoxN+L9CFXEIQACSEgQ1OdiGMMWgGBe8/QYmJqJYqVdi+kZFt43XKpbXV/EqeqB8HVF8T510hdJLwODBzFEnhGPo/Nt2o5egW7Vn2bdFPpnRi8T9BPLLzSp8a5vDiSxd/6S//rXf9wq/m9888dedP/rFv+fqv+q1H9/zeH/qp/+S/+L5cAP/kS/f/3T/9h1bfylWt6/erfR6GwOwuH4zjsD053Z5stttNvkddIL8Ruse5Kp/r6OBdJzXyFKR2nmfBsJ98rrSPYeynLj9pruTlkIpDhEzumjgDMpHlISLoyvNwR5nKbA2S/8pnpiCSEDXCqQTucDQJTjjlXom1SQcagFJ1eD9SOjI+DxsTSGVOKem1tDw6bGG2Pym+GvKGUl1u3fqav/hnT564k27o53HcO+T4sWnpifKpeZx8Yro3pKkHHOP+heEDT28+x6P7NPt59LwHFM3q2Buc6+wsftt3pL/1n+fln41vmItqAI7U3Au5HRKv027k+4KVHqSJRDPYb7abW+fnl7v83/7y8vLBxYP8yo/CzDLW7ouZVeDVguYqRfZMcqKOdNH1np6nvne93242YtPkhZlyDh/6XJpMJpPJZDKZTCaTyWQymUwmk8lkMplMps+whMMomEIFBciuJDl6ZeKEDDK47KhHqQ+JYB0cgSGxLUlwEAZC9JfxrbRarpYqh9BJLGYkQksAKOkgNfEKTyB3QNEWrb1X1kNNTfjkUM1RBPsoJ5drAO9csTFRosNhtQAJgrjksqrknijDobk1OlDCbbQXIhvF5oOuKEzEHhB3kmuq+2G4DNOQG89bhODRcadDYy25Q6FP2CIAdUBddRyZh6dcSlzdVOCkG74Nws0oVENMQosQcB26gC5MFPFdXFTcFwyEvl1zCSmsyBU+HZ3LPZxNWHmJNBdxtX7p3b/x7/0//8bHX7grH5//5N2/9Jf/1g/8Tz/9XX/i973u1a+ou927f/k9/8l//eP/8y/lvj/7zBN/+Nu+9qpza/1+3dnry9ozfDHJjQ7kwpBL5JvNphPvB66oFxsSNtMB9HlQ8z7jNNIBUxyJQoqTn/KRVLd3HMlT7g4U16BCSECBD2IqWJHALGkGxhLfAB/pGWZLiSjxJoUU4wAn8kShdvOO1coCyrNbbkPSU7RasQ9XKVTkQa+h9F4uDGW9qJYn5SHnAW2jXPKft37r7336c98A85C3o4FH/DyOe4foE9T4jmh39KHRq0sHtzk1N3t9rn0aPzHdn5LkVBGcMcbhxfGDT/Sv9tg1/YRH7edypA9Hfd3Pm4+Je+5V4zvemX7ix2St9x7r0kMzhOYTT1WddamFyqA46yA0DwwZNQX0bttvet8ReHUrjOP04MHlxf2Ly91uyIvfbjcRfpLyK1ZWDjHKDedG8nOUeK0ZQ8T9wA/OZdd3m+329PRks904dujJa4vnzDcwmUwmk8lkMplMJpPJZDKZTCaTyWQymUyPVeKAUN0/uATppRDJrglU+wY1OCk1af5ZOrt9JEE2vFglKN7BgTfytpwFZ6MROjIU3qKyGvWjvMk94lp4E57ARVGnjg9SF+c3BMQILONrnA2FBJFni9IZHDITYOZe5kbVN0U4CcFMmh24D8Wso2SfJCZBagxQpWhgzg+Sa49xmoZxTGnKVdYYR3E6yVs5wqaG6cA8tnoPIohTiqb31D0AKk9zhMxAKdRXCwyuCCfxnhHixGPrZVAAoyil7lJzjw16cSVwkeo3hxYYwgy4hNc1cANdc+jf/Xs/8R//5/9Drlyfbrff9b/9/b/lC974H/8X3/fj//Mv/NOf/5U//n/8D/7Qt33tH/l9X7/pu5//57/+7/+V/9/Hn38pX+XX/Pbf8t3/5h+4dX4C15xRuIv54/U9K/APvzKYBRQw8uAybUPXb3Ld/SQX2ieYQgxpHDcMAnECDhs5EM7VTROZOyQBVgKZPXRd6NlbiLND9NbRXGl9JhgUSgln6ogfLpfvt6ftgR80ufGMrxD+Imk7kW2K8m3PnyPdfaQFwDsJK3H6SKgJEM7oGHxqrhIyW+ucKi4ZMoOPwkbLCc/aPvHEW7/19xTm4kZ+Hg2psdp+5VHQHNV0Hw9f26NeCg/uhstUc2dQM2j24fIT6X1P9M+duPPKguDDPU6O9/PgddW/2v8b+qnQHv7L37H/yX8M+x2jhZHX/XmBcC5V3yOoMywlXNwgrN8Wciix+Q7BTNB1Zydn56fnT9y5Q7jd5eW9i4sHDy53u/0wDtPEjBYvvvLvjvaNZwatQkG8VfLfed84DiEflB8r7i1hMn3fb/rrIrVMJpPJZDKZTCaTyWQymUwmk8lkMplMJtNnQbkSDQKT5GqiuCPkujUKfeLUdCAJZEDV6eJVkPg7lGCaueRYypBYUnVALBnYzSNyLZHNFoiwcKA19CPciaZ95H3mMujMfgggoX4IArCw74MQE6k2mIo/QSz5NYqGSGUd1ehE/2ibs4FKWhfF9dJnRGcmTipno4lCkUGDMYUpwRTTMI27KRB3wqkU8gv/xH4q4sbiYAZLuNtYeRS/KsinAx5COB+FVHhQq0sBX5q0x+Xg5ZHsgaLEySFlcRQywKYJmRg6PVIZVdQqMlQuA1qnhmt1A67he/6jv/M//uhP5zevfdWzf+nP/rE3vv65/P4vffcf/Ymf/sW/8p/99x97/sW/8V//g3/wY//siz7/DT/yEz+Xq9XbTf+d/+tv+Zbf/Y4bnrqhIfDoDkd76bxLzBERd5Kr6sPY9Scb8A6GfO/HXF/Pf7H3SORwELKByV/2mw06H9zE7Fcc4xT2YfJTF8jFwbPRkHrxLO4OM17oJduJ5y262RnEoc5Lin0hVos5Muqli4FFrhyCmyGGMfopP8WU79N3HXifioVKvW80a+dz3+AuXTVWzcfZcuhhesvv++b+9BR0BrU+JXiVn8eMDs20ByyPgmuOmo/W1yPnmlJ4Ybo/pCA3gJ/8BMWiJb+GOH1y+NCZf+J2/yweOdcK17qunwevc/+uOGru57Fz0Wd3eorv/B3jP/ihNj1HV5GgEFL7z0AzwfCgI01fY6xL5DDu8zdd7/v+/DTr/Gy32+92u8v97kHWbpefDOCpFZOAjdXGaY7OSRz/lns4hcntc79QupYfjc12CyaTyWQymUwmk8lkMplMJpPJZDKZTCaT6bGKgg4kdYUDQJy+nQvBlQsRQxRxuSj1SfVGqHsKuQENR0KUCR8YCcOIkoAjbgupAVMqT+EKWlJ/VC8OD9xJ5QFauCE3z4CFkyK7Fn9hZkEKu1F+k4+1TdTImeUWaHvThHxwLkntbh2fNYoig0W+ErmeGsjjJFdw2fFkTBByI+UiFoE4LcYBJSxIbE34vwBL8clivRznvGzlLZoT5KgqCwz6AAAQAElEQVQQ7dXwomFFVt4kAHMGEcA8/nXY6v4SaZQY1lGcKJWBlkuPs18OHIcTruNODiNcDvXiS/d/8Ed/Ou/4Ve9425//U3/w7HQuOn/VV3zx29/21v/0v/zB7/0f//GHPvqJD330hbzxzW989b/7p//wG173SrhGK8TkIejN8f53241MVyqPc4m8i0iF8T4/UH1HUyHXzOPIDwEX9JNjm4cE3nnX810O4yS4UkxjnKap8z631OW/nEZBKUxQi/MUdBTL8Lk6CQUH05tCMFbIWwgoyc13Xnoo9AnwhJjyDnz78oTt+9w/11GaE6EADtWnpN46fapuQJ48CpxypbZPPvGmb/qX4MALBB7u55GatJrU0iqHniirY1eUyeG57oXdi9NF424SV04n9fVBeGmIF7f75zbu9CYeJ0fPu6BomjvwaY7J9it/x/RT/xguLsriXh5d56ILQhQS5eEUPVE/El0w8ABhW42hdJRWBXoU+u7Mn22321u3zvfDuNvvLy4fXNx/sN9fhkmmY53J7XSD2iuJK2Owi049jhMZCZlMJpPJZDKZTCaTyWQymUwmk8lkMplMpseqXOPmH44j/7Sdc3Lcwo0AClAhVdTiL6KlSSjVQHmNUNAHrnVG+dV71DdR/lMuhKvhAEcdJORcXNRkCANd+Th7D5RCJJMPMZZ+qtGJ1NA1K6S2X4qkFTcRymT+kT808SIL5EJHgLxeABtuIzXjA5QXwTwNZZdMQ6Bi6pRS/msQ+qS4qsSWqeA+xXJNhVyp38UIx4S1A1rh1lSj8kfvHO+a1DxF0JwyFKkE+qhPybGT4KLyW0a+cDEyExCENhHiZz3UB+jJcV7hEFA5Siw8+cStP/udf7Dv/Nd/9Zcdfnt6svnOP/Yt3/g73/63v/dHP/Dh57/mHb/lD33b1276Dq4RXnXKQz8HvKYFv+lklnpCPEKeKN1uCnno82NFfgyUETLud5d5Wkzj0EfX9X3+KpLvDZLRDU1Wv3EbdjzJdfU8kcKYKIkqN9V3iRJ3ZLK6+THgDjolrejJAmZNhI+ijRSb4wT7AuVSgBJ48hkmFrme8LxO5MgTeVLEDfSu52c7VBMfjZ0qDwl81vTcO96ex6p18ijY18LPQ0GtRg1dMR/b7I+tu0laQ07YzNTFue7H3b2wG/PzzKxJi53pkeIqVFYTYnpg+uTwgY07O/VPnvjz6z1OlpRJ+wrt+4pIfTpjAnlSff4Xxnf9TKX/9CryfHAu8HSKnv5V6NgCxzV5Z3WJbp/wumLOjBvvSglT5T50vc839Oz87PZ05/6t+3vyOxmHIT8du/1+T3RePrlX+6WypMOizZgC/VuT11ODTkwmk8lkMplMJpPJZDKZTCaTyWQymUymx6wulwC9ZCl42TKblBQoQUgLKHCGuHRgg5vIm1g8RsqGAmpQiZtfo8brlJO7ZV8Ow1/YxqMgJwAz7FDPnkp5fe4M7xTLlkPupBInC9CEtXIBaYxYKnEyl3HrSeUzwwJUx887TmGcpr1syX8SxgKapJZTWVhsrAmc2mM4prQcqlQNZwQZKmYBqTE6wIOGaxtYgZLlDsdPjtUYAgUz4Uim0iYcP1t79MEmvOGOpN/zdb8NrtVb3/Tav/h/+CPwaGrpmgUoMxfor5XrNJQKc7W+8/nmdrl+zghXDBE2nfd918dtbmuMu8thxGHc+Pz0kQgM4VEgy5M8CV3+M8Xg6IEJaUyT3EHP5X9MjJ1omlE+hvAqvhFOs44AHcj00pAmT1Y39EZmjac3ySMF+GhwCc1a8R3Kczewt07BXMoj4cscaXmlg1G8qeaFAx9CsLzmnW//VP081kcd3Y6wupTjXiNTig/i/n7YBQ4Iy72OTbiULDRjmH7u3i98/ubs9slzxekkMulD++/DgyFe3h+78/7pU3/nsJ9HzwsHA119SlD5kk9rTLov+KLhXT+zWs1BlzPqdpgC+fIEyYVSRi+/ybOafVCcGCkpO6f0nz7SAt+gLhM8c6ImfuXD/LbfbJ4I4VYYpv1A/z243N27d2+/46UT1FyrYViK1QrTMMJLgclkMplMJpPJZDKZTCaTyWQymUwmk8lkeqzqc2XZu1r4ZS5kXVDG1loBtZJYbQCo9spRLiv4Q4kTiv9Q+iRIhoNr+ZX5JA4kkoK+T8VgQf1INDQGF0BMhULSXDiW+mYx+Jj777hMWT8W9ESjgqRJLoDXoRB/EUxzekmSWj7OMTKCdUS9ujROYRwnStWhoJRpF2PgNhNHlSRukygQuTY6TWxYD0xwrJCfXN2c6r7CwJRLQ0FNJIBFhonfuMq4lISUJUZC47YGUvzSDQUaAsPBnKpTusPfOz0ttDDQTOO0OgBfrgIObo4vfPpaODUcnnueH8221XGQH6Kkb2g08qV3+S1BI5GojhD8pvObzdZ73zm3u7wc9vvdFDpiPtKm7z1HmXBWDnKSSefARcyVfUIccn19BMi7UpnfeSGpHGchYRJ4iHkSBb8ANF5HOKnZkmIGkCRMy2Fg7oRL+IkBFG4iv+GMqK7rPPcGCh2i7fPTh81slDbTo9+4WNmrY/Lb7bNv+0JoqJFDPw8AuN47pPU4OTzqYJJieaWj8vhfxvFB3O/iqIQKh8tIt+XC6/ufuf+eMO1++oPf/zs/7493/rSOWet9EmC6O370/vTCqb995u8A9jf2OJn7lyr29WmPSf+5nzt2PXDQUiFFmkWBF5rAk2HF65FljvcpdV7mY8FBCngoixEINyInE0wHKnOHKc/mzm0iAVn92Wm8dSvcuXP78nJ39969ywcPKKVsoqnoarwOczBFLl5hA2UymUwmk8lkMplMJpPJZDKZTCaTyWQymT5rclxTTm31NUGt5bVGIPplWiQnsM8I1boL37DGTjRhpxInvLnlTaoxB/MiEcv7Wv53UtIETdrhHJjUQie18rtEUlKFIBCkWrq4FCx/FrVZScxY/uZfcBp5U6w99ChK1OGf48c4ckbEfhrHSCE7Y6BwlOg9FB8Ehk7a880OLHPVPS6yKfSu4KK2nzCVsS+DxcwP+cY4qfzq0Wlp3TITJ8WygokFaWe+1BmJaWAX6fdRjmT2NcClW0zzHuc2YTHax/U4iBNsx+ZYV+qUPUopVOYpldncOd9RTM4YOGFpiIGcHbrOn52d9/2GuJNhF4awC7txP243m9PTrWPkh8kmLvEjmchETsuh4vtEhf+eqJVc78c8t/L+bjFj5tp/6fRi7szoWPFKYUgGmWVJwfkpjPk0Qp7QVA5BXZBcPhkRSbiCEg50Q+4Em+FMV+/2ird9offdo3ucQGEvju+/5DZg2feZNbmM+0vKx4oylRGhcTdBTgrT1qYw/fzu/Z8YPvmUw/v7uz/5nr/55W/8jrPNU8XvpLqe6Ps8LS7SJ++PL2x8vutnJ/6OQw9Xe5wst76svi95Jr3mden97yvngbr0xiVU1Loz8TsvTjkCMKkND/meuHJIfbSah6yJD0s8rXmuM3GVp1nX9Zv+/Oz8/PzWg8uLy8vdg4sH0zTlBvLqOk2hjmckQAo+u0uFyWQymUwmk8lkMplMJpPJZDKZTCaTyWS6Rk2tuARoSDEaGlJjwRygUggMXUAsJgvtPuzykDRVp/4ovQaDFBABi5MK25yU8rliKAlbXKIoptQSJ9xsmkmNchYBALzTVqvZSQFm9P0Co9GMoLSiC+RUqNBL5EvNl0cl6UD5JMN+vx/HfWTLgFy1do7HpdAqiVxNFnVkSGvi5FBS6S4eEwBQ8Q5XQBOp11agptybWMvH9Y1TYCiphUyxqohz/X+JqLRvj/Mmyz0Xt0O+WjmZ3AhHgM++jhqcrP5uv0gHO2LD3fDWRE4nBHC5gGIgMkm93EHfd5v+zLnNdjM82E8jZTLt90O+k9t+w9kjivEktv/J1fgkUSNkORH3cSCkpet8TJ0nJxKgeZAEN0KvzjhsNkNMAU+cWEyBSl+TzARqmq1TXCLoJHQeh8APNrmzkKZhdN7T6bxPzvvW6yLOeNEVY/Xp6qm3vrkQEqKFnwfCVX4eUBCb1f7YupusjiU2CKZ9nPZp2sVx3ktINI2IqeRc5Dbp9ePj/X92/1f3YQ/Azx26Fy+f/0fv/utve+03vvaptyW191j4ndQVdoy7MV7eGz/R+5MONx32Ps8C7B32y+uarwdePt8XGUP/OW+MH/wAL9BeLk/WSbWvklGQi+elXCm/mMI4ybeOuCSdJJTK1PlFB5oFRvoTk4yqsjgxppkzZHLl7HR769bZjjVOYRiGy8sHlw8eDPmMiU8dH756mkwmk8lkMplMJpPJZDKZTCaTyWQymUymz4IKSzKXj6kOiEoquNk3oZRKOXdGgyo4dYF9PjhDRD0XqDQpxwT5OqXmp+5aXCQIAirRUs/upT7L50ulCOlW7MLV/EPpKAiXofVxIjOQw0hmK46IJUdmvqi0TO0BqTXXzkfUaA0glwMycQnkdEKl1/2wv9wNey6e8uClibIjyCsgzY4mtXJerEgWfiJlfECOUvMYaF1eqE3HA8KBOjo0Mn5R67nS24h6Ra3zBSE9XGrGhpvQ8S6j5tSMYDHaKS2Luwd4RppHZiZUcLbVOHbUgdqbnOCzpCsNTq7tLTbH6vvCM7nSYifzj2ZEiGHC/IyMIU4xDCH0nac//qTvtuM4DbvdlF/HkOLQ997neya3U/JzKKAKOH4H8wOV2FtnmiZ6unzwZEVCKIjHYnQjSEEznHEGMeaNxbGnTDK6ZEFK+sDQSW6NwBMy82HXkylE7whzyaeTiXfAEwC+zBDA6TNPNc4cgDfz8xhS2KBPx/w/8qYxTfSal6z8mCYKMBoTDWsZD0bL1JVk9jhRdkS/TYU4wZ+/eN/7dh9OJWEH0cs4jGF81/t+4CN33/0lr/vmzp0s28HlKw3jGHYT7htPFE8Mitt43PRuk1vs3VYYupfN46S+PvsMTR+HhZIrfXOOlvKC2pSVWWeRY9+XGGU6cs94KvZ9RwBK33Vdr1fn1G+qsl2yyPC6VhKIysUIx5ifmLw8bzabvu9z8+M43Lp1dnHx4OLiYhwDz/3Ij4DF65hMJpPJZDKZTCaTyWQymUwmk8lkMplMj1mpOHvA7NTQ/OZcqthiklACOiL/lL46J6RipSB1xECGDIG8QNo4FtTyotNEGFATkkWZOjU1cal0Sl0y1u0tKSEdOwio4dJmKYgrdCL0yXw2rAyNtILQxgIlMWUpZifF9URRlMBfRM4NItxkCpSqMw77ECZGDFwZklR4j9TgJu31oY5fcwHKwRTgxmnv9GtKU+GNYt2CvFduxXFOTmGHlC1IDeLCxV+cDRMOqJ15w4FbSboxAJLKS5ovZRYe35+/OuYmAp8F9OQIDoOPYp6wRHGwKcsDdIFIEU8uND7lmj4xJ2HiByU6mhuevgbsyYnH0xzaD/tcSM/ldvKxof89EyWOTEyovk/PA4WYOJ6iQVyGoicLlDzFk+PAnSTGJ8BkEj+pDPpNdgAAEABJREFUQpHxw+WKlUXx65ivA/nB7gh26ANQeolHF/Mf56OSBZGRFwLNPFueiFq6RX0yXj705PyVz6Yr3E2u8fP42PRg9imZjyoHlYdjyWeUr9nXBIu7CeXpzO4m8pd4nMAnxoufvfer+7jTEQXx/4jzIpPgQy/+6ifu/7/f+txXvumZd1QvnNbvpOBBM9citywRCrMbw05OXMg1hTXmTmMz8oivPHnLVWMCS4+T1hkFn3iS28+LS+XgeEYxeCIuOQBBm5zPGWhiMcxXlq08QxKvgxy403ed65k+o5nMNihezKY4bawsEDN3wsQdL9i+3BFZi/u+973f9P3p6emYV9xxyn/2uyEvvWAymUwmk8lkMplMJpPJZDKZTCaTyWQymR631Jei2dKURMsOqe6ZCn/BG9mLQR0CxEKEa9OCTQj6IYXpXLR2oMSJFKodiB2GprwIgYEL3iCVwvASC2BvDf5CskRSKd1qn90SnXHaFT0NNtdYSvD1hCnO11bL1qlcXi6BUghHLrJOMXCkziWFo4Qxl+L5JFSc5fprxDJ0fMojcEMqL7Aefj2CsAOQcvRsEuCYNXGR3rC9AhEtiaNzSm+1bHwU5ECuajPOElffFZaodDstJsMN1PrZ3AhVaQvYV+3wsuEL152kvn3Y2a5JC8I1KdPth9FT2A30my5XzPPfYRoCUSXTPgQa1w1HI4HrNp6yeMDth91E5g0hT1mfyK0mD2rvOGWHE0h8vu2enjGIHmhPmpVTft5ytZ/oEPCeJlxu1rPVBz1s6kDDo83kUaGoCh1BTdPE5+nFJFMkrIkzd/zEdAudhf0lgP2LiEEhoIYYAkEJqmtQMfx4eW7cyVN34BH9PHQywxGfEulY5O2xeoqUY2PjbhKXriTl7MKj4MeGu+/ZfeT5/QuIdQWJeuG+ms0IIpL2YfcLH/yRX/v4T3/J67752dtvarxM8JjrSVIXEO6nK4SK9Ba0/+3+tR1HlMx1Y3LM44S3utvnkT2mKF+Ib2IolkckxwutMChJLJhIeZlnCykMOC8V9D0HM+XZ4qYRcYICnfQ9mZ9wBE9ZnZnKInpPrkW4E/YGEjsZWXHVDCsl3/W3+vwcuTCF/HDlaTgYdGIymUwmk8lkMplMJpPJZDKZTCaTyWQy/SYQqi+IS0sUA2DBZ6jdAf+4vWAZyJtyPZqKjFJyzfVGtkKoFiNa9M6laSlOeqw5N5q6IDVieYONtQeVJcO6t2nmW+a+zbADgvyWHhvJx6QuA0n3LERIQ9AUw4H2dOrgkngAuNoe8pVO4zQO4z7/FdNIORsKCEhdHwvHg+0gzxcArr6bR1nf6m/+5R1yMJDYtHBVNo84HczoCY9TFEYgwYHfBKh5gNrVIByBKhxgLVSj+rnoeWuv6pSQTl+TZ1Fhg3Q9cvIoPMLHX3jxTW94FXxm9PwLL+m7axgJXPx11Q4zcOP0TXcRIhMgcRNTzxYPzvV+613s8kOyhziO4zbPV6ZJnO/cdtOxWQR5aTBXkvKEG8PkkKN6yBalnJHcURg3YiSEBpwPyM9LcmyiQhCEk5wUhrzyV+R3Um5sJcVApmFMlfLSVYD/yx88zk+7c16Ik7wj/010C33sOpmiLT+lz1Nx+an2H9B8/VCdPPUkLJ1OAK7zOCl0BbBlRvUsoYMiz+yY1MVI5mnx/yBvD1B3E0nPSfIkCMmRQN1NPjC88GuXH7k33a9rBwAsXyPwAql9VmoEHgz3/8mv/ZfP3Hrtm5995yvvvAWXfiepUBdqZcJ+J/VYvSOS7KPhWOoOAqWdtFwCjo3JPIbNSPLXZ7fKe8eQHjvl6P4CE+VFv9MoHQhC5klXY2pCwnTuoJPlkPYaxa0qBkf/Ksz+OGSV44v3SR0B7TwWqCilrutk3c3Tn0ecfYHYQaXv858OTCaTyWQymUwmk8lkMplMJpPJZDKZTCbTY1Wpe5b3iG09uNILUl6UhJaov3VHqj5SDkeunk9ZwBCK1GeFk4DimSF1TC6CavtSotYfvLcuHZqNs65JNyVsrTsvwAYtkaYKmXApsyIpK4RCOgA13qFaBKD81F/LtLOfApeSKVtnCtN+dxnjFDgsJV8+uuTzYYn9IDA5hTfkoufjoRI8NeqjFH4FHtHR0Z6qI4VjgwFskBVxo8BS6U3qF1MuTnZZM0N8JXORuR3V1SBWa5klzZN0gEG8ZVJLD5Tqfd2R2IfFHcSKEMEj6x/+5M+/48u+AD4z+tGf+oXGAWepo6zJijxpDWzmaaXbuwfgOyDDkBBxylX7PFE8EHvVuSlX5ANDISl2+XN+liLX07tN5+VeBfKLCOOU95soj6f3NHM6Tlbis5IRSdKBzod4ehjFcoMToPKcJE6FC/w8vR27ngjNAOKRw83o7ZaQlDzPk5MZqZfGDJeQDYQcsKNG4rAdWhBiIAiBnFGIm/EU/7QwHVIDlHl0yljJkCsHMSutbkR/dgo39jiprh6tj0hU7qR6lhT+YuEUEgvVAfOxBGSpD8ouDL+2/9iH9s/vpp0m7xRyJSkYUhO5XMOIUBDSTFSk9PzFB5+//9+cbm696s6bX/3kFz199npxKCmvR71P2mtZfwtLf5TDMYFrPU5UJ9up+JcwL4LF5QSculLxuQQfTFFYFHSEg4j/CdQDdIVyTnKkCkOXOLCJ6RFdiohg6rrtdtNvenlgxDVH/uWgeRShxo/laRyR5yEZ0sh8dauH0WQymUwmk8lkMplMJpPJZDKZTCaTyWQyPRZJ8Y6qlmxkEUs2DYg3ACt/m2vigX+5LtXFSFuo6kzsBVXHo2TuOKqt52qkb8AR/ck6sOcJG47IKSpLUXeTKioUnkJ/pI/qC6LFddkIbElQKqopCa6hJ01YMQ7Q3euexYoDimUKqK0BlWGjUjdKglRMg70giDQZdvtLhk4im0NIkZ9sTvIgRtTUkiAwjVRNK+4ipEYqkIacGPUYylZpDBryIDlURxPuSlSPioLPJDU5cA31UH0XFGNR7idBdSPAGYsAmO+NDm+JCkkADazTtF/FYS8wGxzwKOiNKV84PAKZHC0TX0ui4A/9yM+84XWv+l99y9cgvpxF5nylf+cHfuKH/tHPtpNkgerMmNLD2tId3Mz4sLoL13XedUhmJEP+zGVzTyRR1IQpzjEROqkMuM//UVZS4kgdmhqYpjBO+SlLm74HR3SJPqCAPG9AYpGczJxE8U4xCssRE5mRJDGTAHG/kEmoOVaxMko1T0otQcqVOPR6mYSUCAVFrAk5soj3EX2kpB8Xo2PjCkW/5KQzv3KE2ME193RkbNONPU4qY4HFqKSm3kB9rSdFKDxK8TgB1OeeCZIXpvsfG+++ON67Fx7swg4aX5MKcBV/pFgfO6VeZiDJNa4kTkCby+H+rz//c/lP7/tnbr3+2dtveu6JLzjpbgmtoh4nUL1PJIgLK8tSvgVdjmH2RzkcE7jW46Qqpdmphe6fIoLks1Qvkx1MeGWi5Y64kHy7q0kU/SMRggCJqUBm1UkJ62pBU1KJpXE/TMPo+07MqXJrFES16b3z7QJEJyzdZFCxZompq5XJZDKZTCaTyWQymUwmk8lkMplMJpPJZHrMwsQ/MHchNCYCaUZGpLSs8ToMGEjMTCCfA/mSm5HG9FfrgFqvjK78jh1n/mM+S03A0b44bJ02uJYbsRpugFv2LZW0kNlbBYucfoWVbTkGLgh7Uq1OtLXG44R7QFkow26/G/Y7qbMXU4YER9GKxoclLUcmFWZAXE3qxWtBGbjbBCUkp5dSvC3q7qm0fjPvkKYe/QgqET+YDrJyShhI+VjgJK24Yx2AG4EieJw70bp11l/9m9/3d//ej3/uG1+z3fTNl4s9F5/Xw4LNQNHOwzD+2vs+8vEX7l5x4M0Hq2V+pAWsb7p7vsvldA9xA9CTSQm4NPkIXWIHFGCSi7NHODqHcnZ06gmrRPhGl5/N2E+5QE+GQlMIPvpSancoTxTK7M+nUssL4SLIgkQzn/L+3nF7oPPL6TPjktJbdBs1FqYqLXyP5IY4SuFKyBlZkMqqEMggqGAHkU9Axi4l6Qqgggs6Rrj04bhShZ94iMcJrPw8JIkmxcYZqfIr4n0ye5zkPe9Pu8s0Pgi7+3F/b7q4jMPFdEk+HcKjxFTcTaRNKLxYlAvjl+KnUm5/tf8oJJ24oSh9IvuPYfzI3V/78IvvgQ/88O2Tp548e/UTJ889cfbqbXfrfPv0yu9EU3uu9kTR5KCbeZyI+0gzd1Fupq5LvNI4T7xSWU7pWog4Ap8U/qiLgzAkSSOHonSDTVPyEfNyVeEVCluT2ZJX1TCNUexMOj+NmxC2Xdd54hZdWbhTGcCC6umamA7XJpPJZDKZTCaTyWQymUwmk8lkMplMJpPJ9FkWmyDwj88LeCE/epdYHIBSWE7ib8D+JrlWHsh6IRRDBdCqt/wAHmfwA7jIrZ8lVQNh9v6okRcFUJjhkla1L5CgVDaFDihmKa6kP+B8Kt4BZgig2oGsXtvT8A/15XRqrMBDM43Tfr+/HIYdl2W5oA0J5ngeqejq1RSXgZUwLfEEriCXImzBQjQUSFkZyEVf5OIrNBXth8IcOvANAFGuEOBhvhJtZAzO1A6sBkpbwwoNNCFJKbkCDGlTDwM42u9T2wvQt8+/8FL+02xYoRAH7RXKpOk6puYIODiiNp3w4T3Vu9XseTjm3f1cPOfZuAHYJugg9bjpIPZAbiQd2fOkwGlLeeZ2zBR4TBMNH994wbbYPigfOY3jmA8JxKE4ycqhAB3vpIWExWJC5g9N05jk6Yo+sumEi955+hs5NiaX+bHJ0yqXhDoAFe/SOQqpdS3BxA96bJEEtj9i6iRJqo9YVsjSsLg5oPjJjZipG3icrPw8oLiV1KO+/6V31Wu57c/yYROEi+myUmP6bcXZktAbauETZ+5kdgSp5jBybN0HhctpSDmdsUqNiFuJup6kgoTd2714b/fJ98MvQcur8Ze3Tp7c+JNUHFNSudOf95qvf8WtN6W0cEa5ocdJgtVyRP8MCCsjq7+cK/IdhrKC0wqFXkx1pONIcWuRrphW4UQjFZqonTifohInMrbVIiUy3cMMSsz/rIzD6Ltus91477u+439VhHwhkxUimhgokvMadGIymUwmk8lkMplMJpPJZDKZTCaTyWQyPXZhdUaQ0qlgBMJRlAJkAGZSqJ7MSRr5DZVYGb8AKCkc5Y/Dq5mI6oEhH+puSggUnKTCKLDYH+XH+ak9BKrXQ2nQ1SSHylpovAykJgviih5CASp0txCncdjvh8thuKSRoDJwKBVtYRuapppSc2pGuCIwqWEeKrjArhPq+IJJLsepF4reHr4paiiz9oaB5kT1elcMBBzjeepui0YaTGdx4MGJEBqwY/ZeUblla+3+x7TsZ3tmrMdSY1/7lb/12afvzJdybBiOb+SX51+4+6P/5BcOv7mWjDnKtRzs5NoKPr3vLh12ZNyTxoQDpi7CFmGD3UT0SfKBXr+MZEgAABAASURBVBkQiD7PqXwAmXBAzxkkhR+hyZznAtEh4MdpiGriEQUZ8SFQ6I0ASii4iNADsx9G3hQSexQxeuLZvoL2c0okMAARG6zj+LVWR43WOkTCdDRzJ7JpCmVtqeVJJDoBvfOpOBrlfSMntCS9fQ8bVyVL5pnzEI+Txs9DfUXSghfJW+6O9+uMnfN3BLEoXiaHR3HqkLiVlC3sVlJYE9knghfKxInPSl3Lmld9YAp3pncKUrmW+Vt197i/eymlF+enrLQ2Tg/Syu/kBh4njeY9kaKgegHv6IsYcoPsRBK0MxCdEnGImgdV1j4GaHjp39AsyDM7RCH4yH8lf5XmlZdAFBb7mCiK5ISRYrgxhAFHWnJd3xF30uU/fX5Feuv5DjDuI+gJmEwmk8lkMplMJpPJZDKZTCaTyWQymUymxy2M5SfoieI4EgQOTVDohJU4UWcid5NYy5Zc205c8ZZKabUZUdzBNegAzjkyWPIo1hXDpGEUesayT1NHLXCG/nC/mHCg+rVcW4FM0CbmpGpSIlXsXPVs/AXkIqUESuXP/W5PHieB40kmaEGTxqtBLQba8ng7zFIDrlE3snF2g5HAE5T3Mhw8hFRL5uosB5tgauvvs4PJspZ8SJxId67FPta6iQuFa8Zi9rApt+ZKP5FrznCAm0DT2G/70s//P//bfxg+PV1c7n/6534Fyuil9bnaUbqGydHv4YBHqcd0I/mVMN/BjiMB4pTiCLABzH96zIV9nx86D56MT3gi8szDjlgUcQiidJII3vnO+Vz1zwV74p7ykwjkKJG6PEsxeXoUXe99eRB1grPrkHh1yAMNE88gBkXINCJ51ztUP420GIR0xQCUR7SCR7o18sx2nr1UQpimKe+ZX3UACEpw4nmitEIhJIRykObEl2UFVT2SxwmW/UuSTXETad828JmODG+T42p6VbNMlKUwCvKWsHE3gWa10nbEwYVoEnU0qQ+ksiwVTkNoXE9m1kTtZ7DkBEEB1hZbZGVA3S77NxwJXOFxshjL2omUfJ5jumbnQdiwlctAiU6cncTLH+bb6+gOO3G1YsIv8T8ESdZ7djnCCIQcObFfoYPn4Y4hivNNfs1tpzktBxlpnCYGVvLMye/lW09xO/7s/Ay2J+SfU/7lkAURTCaTyWQymUwmk8lkMplMJpPJZDKZTCbTYxVVhyVWYqY96EWCZqB4k0TJzQiBqr1pLjnPBg+4CN9Q94BitYDV1kNey8a6Z1Wq1VFtTj7X3/AXbxNw0NAVqzr1irqYa8fV06XGaDAMUn6DT2eJYtnAHidTHIdhN477EEYq6VPNP5aTxBKaUbs+9yAJjFEImnl0UvOZQ2AcYzv1T4pKn6SaPbKyLVlRAMe2AVxp5YKNhcxRTEdhoKsJnmKNgM3HpFEw0IaotHBMrW6vmwJobuq8f+nMEvL41V//0M/+wnuevHOrbSQdqaVf2fmX7l386ns/PPcdj4I4q4G5kR3HfEyFTnK7VEBnjCDX7b0Dz0VyMg5CH5Dq5z65DsgdI+bJRTxKkAiWvN1DqnRBJDDK4WaDIeRHk0iOwJX9PAujMF1AjileYQV5LmOaxJOiPFTElU3UArmkkD0J4QAoBhLgvCAqekOSFvRXz7BiDu0NYKqFqAF6RMA5jy5450MIKf9BcbAQnwzMA9IxtFAIjeRd46FyLRR1c48TdTqZXUDIp6R1N5FzF3eT1rkEW3cT9RQhB5eyMmkI2cIlRdovPiipTuxydrdsv/jQaPMr15OE5YuUliSKXFfZp3mdnU6uHZMyis2KVfd/4RMvnJ6e9pvNdrvlwDWg/CTwvts6nxe9MX9MNbKIcps0OCfvLFlKsrby7PC0PPNk0AicYklC04DbkRHuuq48MzIT8m5dvr68G0MnQcy28io84ZhX4dy33EOxWvHEv7i5BZPJZDKZTCaTyWQymUwmk8lkMplMJpPJ9PjEqTEg5ABA5TJiRTQi17eL/Ums2EHrZqLYB+0dgCvaoCXaBfmhByUFNpJUaZ2aZCAuaQmUgja2hW+xCUCYcZPltSiiITXu1AqhIU6SXjF3UgwLKCsDUohhGodc4xynIcRpGHe5BIqYS6AToyBtD9MVfiDSLaelaqEAatGXytNUq3UEmUQZCyQkgZpXHwg2LXDsJEJFfCymGsIWQDyKnqx6AAe74PKrlA6OS1cCGy1RtCJaHNS74ZrN8QaoBhRTh9r4+rvUfHzxpft/7t//a2lNd+C8z/Jw7e36jHAlR7KCTfDg7h4lflqgqlEth+ebTP4PUW+BogB5eHzELrg8+bokNicSyAK+JJfQUZxZBZoalSeFMAsuV+jz8ZRjkudrZCgsEbeSb0GeWx3V4z3l9oCGVgE/wOAUQAkcl4XsQEKzD8SgQjAf14JOimE0tzyWyVQwkTXtRVRJ53vyCRqHMOUz8XY6dX6K8mJCvAC6iq45OTun1ajlCRy7OzNFAZWWuMrPQ0w2JAFHLjnO3EmC2d0kpdm5hKgIhOqCVCmTBLOXSVKCRF1SeM+of8m3sowJHQL1cZYts+tJ4UugcTcpRk/QzrzielKpFNBFULG7gnrUR+nKMdFRXLzX/d/3G+/vt5tb5+dPPfnU+a1bLhIRklfxvve82G7yyOSbKZ0nnChxzI3cFReZI6L767042jheVSPygtasHWTMo//ERHbHSQUqFMMT5/nrSEzJNPGJJFYs5ZU4/xEzHTL+6bpN13ebHkwmk8lkMplMJpPJZDKZTCaTyWQymUwm02NVyT1Ikj8jdeQQJ3JkCDFX/Sj0IKZCZkjBlANfqGgMApeghnpohsWqaHzcUWOurB6t/yutIrXexldDkhncqv2WPlmRKGnO0UCo0RlqN1IMXTBFKYPGMA75v91+GEIYuZJPxEmxP6CRcIitSUd5kxqfjzS7C1QTGe4TDRfFm8hv9TnqhPEUPtLV/nMf3QJkaHJ5WqMC0LgPhIfZcay+XnAj6bqDEXG5N7RDDbPLR+Fs5vZnmES/v6Zvq4ub/14kGEGtlDfHlB0XRx7s0JzmYHM6sMlpvoIrelwbPH5dHc0nlNwkJOscSgORCUh3OiTsHAW29Mw6xRQ6mfHkFEG0iNd4JdrbaUxLIlsJZMwhsqcIBoiOc6DiEAZCHKaQq/J910U5SgAtQpscRm6AproAQdSVkB+AKSavlhWol6zDlMo9rHe6WHHINSp1IdCDPhNJLUnyBWzc1k3dxDkpZaQCrS5h8s7LOagBYl4EUiv8BKS22UfxOJE+qGcJsyyFPinA16G7CeMRdUtqfU3Y2Ym+LcyKupvopaq7yZJQoa670odC0q1cTxY+KHH2etGLk6sTjKSlUmJDn8Sa4FNbgOs8TvSWtaxJfd3t84o37h7s7r50d7s9uX12dn7r1vnZeX+yEfhks8Gu85Hyb8gci82gIBbfF1rROHSHDEu855Pz7HOxnSvMIhbozyXHTQDMqKBAhbk9JthcVNQxMTPUjfnM40Q3a4qQl2m3z/PmdWAymUwmk8lkMplMJpPJZDKZTCaTyWQymR6najoJFiMQrvTR+xCoxKe4iRqNMBihlihSGHTYNtZ4SOA1Jfla85bDYmoxDq5OznXc2dRkxksWWEndkho8pZqaSOESmlp2OYgsXrhEHvln+xQeNIVceh32+30ui8c4UUQHJaNE8u1w1TQAoe0vptldoVyb1Emx2EHIgDkeLimvFxjBcXXWlfugcS9iDCGuEdyHtT/B6t4BPAw5OX4Hml4fbm+3lIpwuz0tMpKaMUjFdeGm/ThEQ+BIR2a/BFgalWitHuCh4MihwQk2IMvy+hAe0k+A60e9KzOknAEpkUnHJvKcohtLmUqep1jSUKaYi/Y+RUcwhhAnlL9Dbxg/4Dq+gDJZHXAUSsI8QT1DUSMlQAVqznk5VpJ0EsdHLQElBhiC4GQptxw9p+Mok1VtN2aaCiq4NdNFzVM3j3656K7vCHeJZCICdMkxyM2ipC5gKiG1j3Rqwp+Ez4CZPLqRx0ntFnBWVnmvuBlobNjC3aTBSOQO6FzGwpEQcTK3oyfg1ziDbOylJESIciGgrEmlruoWrEwJAC78S3QT1LwhLHCOzJZ5y3wUNE4n14yJjuVyDOU1skfOlJe9Kez34/5yf3GxOzu7vznZbjZdvonbbb892XrfdV2eIj3F33DgWj5yYq+dFCZBtzqHkn2jQOK8WKuvDBSUivmrVNcx5Uv4vUfJ6HEyRWmpDgM54iQX+NyyrMeDyzOZTCaTyWQymUwmk8lkMplMJpPJZDKZTJ91SUoC1MyDMAmKAbmYGCR5p2S7FO6DtqmNwrItnMMU0oKOEMBiWVZeFkRT04t5F/nhO3+BBVUB/mn97AsCDWQwgyylEFxKmUmya+Yuk3lBLriHxPX/QLVMcjkhUaRO5OIwQSdUPeb6vA5DXF4ztH1dEzhQuBv53b9n/xInA5kS54rUi4JqLUGHUDnbaevpGC9BX78MNddruImjZA9Q3X5BGtTyvdySegOOtggP6QcePSjNXyoDkyqjszxqPSV192OGJXgMYzlgTfCKCKV5bzx2Xo7XcYoggQanyDxgZwxlESYe0ojQEWQSQI0xKIUEOZTHM5LCk5dbLHCBPkvSC08ZPD55cryYHE1lNu3JbdLpKLOErScITgmHl8DZOxR7Qs+By7My1VuNBXxIdbYpRZEOb1UqNEobqELTnXwrUgncSvky1GKFbIMY6wjUK7YwqrempsbcyOOk7YV+K04n9J5fF14msew5u5tULxPmSHC5T6z7FK+UyrJASfCpLinibtL4mpTcnEKfpLUPSkx4pQ8KqutJUtcTVB8kUPpkPhdG6fkVY7J8vx7Jdvbm1sYhr4b3HlxeuI7ibLrOb7eb27fOT85ON9uTLekkxomZvtTRPxlTIGiPsb2YpzVdXe+zaAa7ShSh5O3IzCDbHeAxF/udmRAsc0D+4k9xuznh+B6KPnPjOKaJp6xRJyaTyWQymUwmk8lkMplMJpPJZDKZTCbTY1ZMc7ZKLvnlap7k6OQaYq470lYGJLxjWoJ9TWrVkJXqh1KM5VK1O+JccIPuzPk35ef8UnsXt5CFzQkRG9w5KuDDzKrMb7i9uHTBSDVeh348nyvfgQunU77wKb9Mudq6D5wH4uRH+HqNqRp7aHNp0WztfiFstO+yCwpxwoPiuFLs5IIScyY8wAn0d/uan9G0dmyYDrbcaHTXR6xNQ47drHbMi6lJScOo+9RZkLTFNIcN1QmDxzsBDyVRoIVuWmzoOtyk3WEFomDlSBbGPOnwwPLp6M0G5T/gqDpQ+x3ZcYYhIueHiC+GMEj55k9Mo0zoIIZInEZwCsswpAKJXUukVE/F9sh0gtw/eULFsCMfFYmx4NicJOBUjA46ms75MZ4TX6SXOlsFPUmBjEecpGcRJcIv85MsfIOwVUTBJFCMS5NhUkGyOF+KHiGf+C8JXuG3SA9d7hQ9baMcpikqxCioN0Y9V0OWAFxben5rAAAQAElEQVTtcXJ4zzUQi7sTiTtJMxcCDdVWt7CXCTQpOZX/mM1NYrXlWLibMEjjP/+Jz/vSJ7/oreevf/ILv/sDF7/6ay/90v/y/I994N57Us0MUmpEHEpc41DCV6V3u7n2I64n6lijtkiyhlQ6B/GaMVlOZqxLm4xw4uQlkAlGaFLEiYm8MfFoEETyyRf607Oz23duP/HEE+e3bvVdR3YkfAnseBKnEIdxJ/+EyNLqO3AR+cYKeYL1X4jy/MhiwR1Y3JYZOmEuh5ZKXkT9xrmu63yY+EQGnZhMJpPJZDKZTCaTyWQymUwmk8lkMplMj1nqqyE5G7mQFyaKwIA0UrIO+M4zJ+GdL3EJDUfi5p/IS1EXyodSqIa5LF8r15XeuKZXUomUGIaWeKgi/IVCeJwUoKt/QyrC6gShkSIzVMB4h4RmBC7fTywiTsZxN4xDHgeKvEEs1fhUjA9q79LRYZw7r73V7CHPtXvHH11SnsRLO4kiI2REcsmdsj5SZR7SFUQDZe6gvqkXXs48G67Uw8UlRsmAtpclayWVynetVyeUxjF515X9NerCOQ/VfkaonoQVEijN41FI46ZwzPW4CawQloPZdDVuUt+kg5bEOOKwIVhTKNBO6eX7WR2CZ8CDC+NJJ02uxTsZK6FPApk1eKIWaAzJBMS7QG4jnYeUmxhTruzHhLFLqHYplEmCnucmZe6A4h7B8a1x2LuOvENioMo/hCGFjmxFaHpNMXqsTxcIQwagsSe54Um8K5wXxoGK+i55ZGRAvE5yV11XHmJO7OEhYCsR7oFefpSGUU4nCT55RLwTz4/kuq73fN4uP3qJ/U7yH6Fcmpv0EI+T5lls9yF3k6huIkx2sR+JeJk09AlA/RZa5xJstygDdqW7SXzns7/99736d23dpt77152/Jf/5na/51o/vPvi3f/l7Pnz/fbhwQKm+JhHgCGuSZpcUKH4nMj1jnda1b4eMDqy1djc5HElOGKvPMK1JtD6S51XiRCL24SELnbDb7T/5wov5Nj3z9FNnt25tT8j4JLeWl898pk237f1mimPguyk5UjTNmSvih0R4pvlfCu6Mk4fIdx1DUpGniKy5lBaV5644objOc/wT+BD6TVAu0mQymUwmk8lkMplMJpPJZDKZTCaTyWQyPUblaqDL9cRcJpwuL3dSU2UvAikQEylBcAdHZMiP6VtwQH+4XjgS5UMcLp0hqMRZf5R+BW6iGx39el5TdeRX9xU6WezNRAfjMcA5NYmiSag8WirzVLPk0AbglA1grwctMSfJgci1z2kap2nPuMkwTcMUB/rJPxXDc8FV68RuGT9Bpc/GhIRK8+WcNEJ53IjQUf5Df6wvlhAEFHjlP7iIzC3lrs+j5RuOpIyLQirLvBqUervYJSzuBfeaKQFXbWgwaZqFxHG0w9g2eVQlfQnKFZP3hrpAqEWD0DmL41sABRZBGQ9RAWMWyMhyAizf47Em4PByZuBk1a+y87FT4MEWOMCL9L2HpTqlAqSsjjMCRKkypYt5aoYym0qgCz1xPmooj+N7J74x+ZhJ7i47f3imK/JRnmr7ZIhCVFjskDERwj/yu5gfPLIwYf8Kxkh4IIjYUmBrhqRkcsiNFSiLIBJ6ECN5TDh3MEBYTEgSEyewaBFaR5UCUXGMDl+kLzskfg4nSbjK8t5D7dKSOIEDj5N00CX5QLCDEie6oyxABdVI8yMlVBksmBKY7U1SY3fSuJtEWfLcv/qG3/+VT30JXKFnT177J7/ke/7WL//f3/3Jd810CCjjRZFHreuJvC++JkrMgK4VUPdXTqW4wujsKq9HVEfmyEiCjCc6KOSaOJfwhAJdztnXJh9EMTr76Mf8L4P70LDfbk9OTrd3bj9xdn6+Pdlutlvpc4gbWljDiASQhAoa5n9mmPuhCUggXl4OKYBHHwDdif7FcTQSEVM1piIfoChBTVggr44FJpPJZDKZTCaTyWQymUwmk8lkMplMJpPpsSpRFEfK9cGB7QakZuly2c+19hxzxT4dgxP0J+zygd+i0g+Femh3rhkuhy0pwjJ/Wz1O0oJrqS1L5TgJpCI/kK+NYRJLEO2QFHMpBYLqoYETPgJf+BDCXpxOEsb54HKxUZJQGkU4Ih4BFO8JLY4W7IOTgIDRHd2tVvrhU1Q9HqE4m7SxM5K5AmWMdBgBDuw6btKBo/u0EwEPb3O9cXAz4apz2PyFi03lQ0ksOWjl2L6lIWy3LQ8pH9LcAh423NATcKzDszoo/hiVG1KzigbFCBK7QyYcDBwRPpK65KKDwGY4jl7JCiXknRMG+jZvSYE3egZOvJiJIG8VbyBgh6KOTCt88ink40Ke+6FwEzRNCXNJPC+ZLCj+OGIkBGLwgRAlFgcF55oNbXCmbFL7QMLBHVkHUaXGs6ic0XsfQsjnDexdkWZbkePOHEu6op2LvKd6hEQ9fe2ebI8CAsX2RLj0O1m6m8R5n1ha5k1vuvPma4gT0cZtv+Ot3/mX/9m/c7F/qXEl0TnR+pqAOKw0Piir/TVDR57nVK90fr1mTOBqnxi+m474EObztHEGcSouxrebI5hoL+reFNJut793z7304l3fd5vNhmJ3zs9Pz8890SRd3/fEn+Q1Nq+2UUS4XyAbnpj/dck7+M4z1ohd5wU2YhMq5fTIgiWfGAu41awpnBOVOu/BZDKZTCaTyWQymUwmk8lkMplMJpPJZDI9VlEKQpwG8vnIb6lqSb9AZwk3kSo6sHD7SO0WxEKKXA0ZXFWVXumAIkBJ9cEmYadtM2n6DfuacIYDLAERpx4OWlyOVATNlzrmMv405QvfT9M+fwxx5DiOehV4XReXl8IVeqn1E13CDhNiECMUCog9jMNSSp2vbt32DUdpJbcwoWionQUUcdwvBl4WIaR05N7BQ7iTY1+2tAfOu7U0UfPVoqkDDAUXLSzaBGwSdpZnPMRR1nAJts3Pc2ahrlbJZVLqrNLYJ8UtikEFGT/IEOZnMCCzJom4E6ZDyKPHA3aEpuBEPAshCR1fVMdTTDkRVCMOhpt8hOA4GYemaMizkdx7GJiIEg/jKUgFPZuiSHgPN4AhRqfsQWKrFXq6glApzDd4aofAljqS8pUANHVUygwAgIVRjwJRhUYh7KBDWXQ4w2USRiGl6zxOAI7dHsUTKjsS9bX6lER9ZWihOpeAriPSBu+c1JpJTDgAIS1QGH77ra/6eriBbvdPveNV3/Cj7/tvyzRo03DKw1NYE8ErxPRj5XpSMndSuyg37imrcViOSRlDaKidcoVps9mM4wgB8j8HlYiLNE1SucFC7zn21smK3jHolw/ZDeHiMq9BL714r9/257fOb926ffvO+enJCRElvvfdhoGW6LvQdXR/x90+fx6HMf+bQxOUJ69jKyqBTgh79D6SFVRSpI75ErkFkaxYkrhdgclkMplMJpPJZDKZTCaTyWQymUwmk8lkeqwa2eFjnAIDGUkgj1z8lQogtNX0EhdSy8elJMpSQ5HZ1aEp4R6xQlgX6a9FFlY7S2tzCZjNGALHONTWNOzDlW7RIYEr2mOM/Hcc9/tdjEOIkzgX5App1KIw1cHjMf6jBRcqNyBVdKcVfPRcQ3WRo4LWQiiDdsSo41MSruiJcgtWREkdseXVOPgUzniUVsHZAMaXHjCBgHWoSg+PNoqr1gq3sNh0+HYxO1Y7rxrBwwParav/AY7TLes+XkXVdAob1dAactHBEq1TGB3OKuI9Xa7rJ6GskvPsiJLr+o5TYhwTAIljRzoyQaFifEC2PGHbEk8OKBISozAFp1RxAo+EOcmhMUpuDw8J2f0ktfTRlCYnpBk4gRJoButjVrOV9K7O4Nl8+WlhAwOrOV6siprhK6YpmuzjOhRKhnNYAgfi3MTj5OBVPU40YaeOd+tlEhW8SfhQdxPdJ9Z9xO/kVWevfcPZa+Bmeudzv+dH3vffFs+SypFE3eIEbJHVwdVoH1i4nrh5/5mqAdkOSy7rqpE5cDrR8Ty/dXsi8DD/azBy9ljQZJ/C6s1km84UjIoEySQgzGnMiyqk3MpLd+9uPt4TeHJ+enZ2ut1u878pXee3XT/5Kb/bMIbCxirsnRLDMI6FC6S4pa6nNDRtW04grk7MIjHbV11wTCaTyWQymUwmk8lkMplMJpPJZDKZTCbT49QwDlQrzBVY9jYQ3ATgESw3KkLRwA8aKpLmcu61raUrWyazkMY0YX0cgTKROZi0dlIoP/3XKjEQcjJOAxsp5PLqfhjI44TcJFIARQKgOmPEazqMc58RZrOHjjgdiUNBJ/YTq6spG1LbxKemY4fWIXLHxupw0/FL/LSruChuF8tNAIesyRVIx9oJ5hBGab6/CjepB693qIdo0wuHCLy2Y4fSNq6CTtZX7ApLkApowZ9Ag5gCcSdCEBBf4oUVcQwkMEfFNiU02SmHJsYJkme4pOP5Srk8SP4oDIgkDV1KSmA59o7ouc2YAvsCuRTDmIg3806egJSnL8cCcZgOmZAk4Q5yt0JF0ohHK+ZBUC2PDmeTwwZCUUKnvp+RnEKfiHOFx877iZYkT8/2jTxO6mulK6BJz2lguZSq5VH1MnmIu0ksUE7B7WrDn3f7c+HGemLzimfPXvf85QcFvyvciWtdT2QkFQCqSIca+DilTwoWV5xOZmDomNPJmjupY9i+Zp2dnMXNSYi0RI7D8ODyMg/+ONGiyWtrwBAlNIxQJkdZODFNJQINdEQcOzmBm8Zpd7m/uLjo+v789PT0/Pzk5ISSd7Zb4vJ8153Q5RDaEiIvzfmGTzL+xBs5Wta7vuNUH5pvgLNRUSr/ICgGZDKZTCaTyWQymUwmk8lkMplMJpPJZDKZHqvGcYryO/lcv66pOmwEsAptUUncQ3U5wMbIACtU0QRSHNghHGny2Enk7K4BFtpia7U50VPUUA/ZPc29SBADZTHkEicRJyGOYxhHQm12lNPA9hxIP9uXdBEXbxgDxGwFKnRA7ibEmnCwiU9cwi+Do34wdXAW3hifBncy96S0XJxpFg40rQ6MTg7sZl4OoRJIba/0i+Xfi2PWhM7ic0prrCStgZLG7aVyJS2SsMRNVnsWfGTedpTqucGWWR3byChzxR4mCYXtiDLnqM/Od3Jqnc7o1GyHUQLPXjQUYpJCfjAhikUHkSVsgkKYSMjFewrZST3RU5S24/O5ZxCgeomQg0iMnv0rcsk/5AkbcwcpUWWKIUWezo6YCtej01WAQAJuJ3AIDndloqQVyvCJQGuEV++NegNQLXQSpBXYRMREFG8NMcNJHNJT52t9qmUl0iOu8zhp3x84eaTiZVIABd0S1b9Ehui4u0mM9SioKTw49zC/f+X2aXgUPX3y3PO7DxWkJGEdt1TTc6DQJ2nlayImVHPCjoyMoBioT3Ks/igPcTeBigTWvvX9Nt/tEELf9XF71m9OpmnY7Xb7YZ8XSw47inmq8Lqc5w1IBpQcK9OZ/qf5lD9O4pLCSMm4H6fNxWXXYrEcygAAEABJREFUURhU/v/81q1nn3nmzhN3iIVCH3K3w4iu2277QLzJROlOlIAW8588twg9wU1+A2zhE9XYid6i89f/u2IymUwmk8lkMplMJpPJZDKZTCaTyWQymT4LonCDFHNBuev6vtvMlfmjbhnOsTGDuBKgq6Vtrl5GKdTC/HFx7BUYRLu1+B1IQs3cE7Z8QCwQTM3HmIEGrNiCtMCleqr1TyFSLT5iGPN/cdrvL6dp1Cwezh6pPYiJaZEbSLqE0inmT5CtH/jNfC2amFGL//yL/aS1b1T/ioOWH3r22RaBlWu1LR4kJekr2lmejm7kgQlNOna65ayodMvhnsffz/DHQa9WG/DoTkeOxeNtYgMpNTs8Cm5yeOJjwtW3h6PRLfcWDkOEyjqRbQbTKJwj40ACYdT+goNyYmKOyUkMknMyy4iJIP+S5MlcInnaT8xRyO/EM4oQAAQHYc6AmvRRO53ECyehz0fTAdRegKDpUoxokeERQn3g5B7K8RHEgIhZGvpDxhc4X2adQ8cf+LT6Ih0fWqhAyHUeJ+3w4tITJXeTHmm5IHkesaxVs+VM626S9DrV3YSIkwTz/mqP0u7zaFKCxJWErSRPU+sXUngUTthhXxNoIbLigyJLAD+FOgAN54VXj8ns7LIaz8TsiJraeHd2fj4Off4n4WQ6GUcKYNvt9oHWzTxR8rxJnOnUXpmT15Qa/xF0Mpdzy+MQYp5gCXbDcHHx4OzslEJ3NtuzW+eb7YYfgZjXx85tXG49dpHceELeTOcepr7v2aaHTHpyw13n8hYGccBkMplMJpPJZDKZTCaTyWQymUwmk8lkMj1e5dKe977vO991CRLCQ8p4eFBdr+jECh+Bh2pFO6SZZfHOyfuGb5j5iFQdVPREWD8KcYK1X+xWQAXMNOXq5X5PkTpUN6WacXQYb9TPgxEAcTdxTJxwQVgCIBYjsBynGrfz6f84f05mKR8PrU2Omp3U8awb2o0H3x5R2+zqFNIEHNzV1ekO5heu/j4mPP4Jj+AmcMijIFyBmyAcbalsWBM6Rzqw/qZVV74kxESBKJ0h+rwUix712ogIOs2h0B7CdgjJxe8IP8kFfyq/I6fcoIsoqEqeyx6jTyk/x4HQk9hzzd8zhJSKvwUyK+UomYeOJweKXON30zS5RM4mGFBsS5Cbz+0XF6HCNcj0c/IQCkSDyblCpGi/ZW5UNGEmEZoRgHaPw7FOTUxX8+3ayePQzyOqR0iqc5o4L1i4mxS/k+JuUn1QjuyzaKFu+djlx+FR9MLuo+pTUjxLOKqH+4wVRFl5n4jfCe25uCK9LpT9GZejqz46PgceJ7B0RBFXmJLiQzFMxDilPt9Tv9ls83IZQ7jcPhj2jJ4w69eSbnzr0xJ5AQlX4nFykiZE0zbPgzEM+3v3793vOp9X+tPTk/OzW7fv3Do/v9V3He1EMWWbfBhhgTGO424cp4k8UAZe2hMHPvk8U9mVy4HJZDKZTCaTyWQymUwmk8lkMplMJpPJZHqsIlsR7x2n6mDC63ddm16oXQerVkIPzDNq0AzAwipDfm6/xhxKHEjr3qGV1qTOHNXppBxRS6k1MIbSQiSWJECYIlmbDON+GHcS/pCrptzk4uTuBhVMqd8jYzG59N/BHJbjUGuraXYvaC5LDhXLk8o4XJWD83ClNrdo3UgZ8OXWBFcgL58+B1MaWp2tMaIBOGokchPWJB3sjIgtdQMFwsEVj7Ieg8by5Ah5Asd6g8c234g66eAKKULFIhcIwgVALtN5mh9UxVfLIJnExADkh5N9RSiYxskQIGFiRAhgchEnSJ4CfGJH56YK/5SiB+iZJekdGZ0IToCCejAL0EHn2LiC8qfClBsMAJRxQoxF8jHmr508XWwc4th/gz1ZiFuhOY3AwSjtM07vvKsXihSnQ0cntVjhaCpc2hxdNQuv8Dipr0f8PBrWpCBxhSVReie21iWp8ijyfOrkVRxFD8dFpBe9efe9XwH4JriZXho/+fzuI4pfSA9h7Xqiy2uCZoswN2wiMrueOOVOQF+xvK7GpB0ZaFgTWOwn5kuJaT+1Kskt9d0m4MRQDoU1+a6btuPpyTDsp2EYxmmI4reTGJfiPKYQJ2kXiwUWzRaPsYEFeZXGkBfggRrf7YYXX7y7eb6/feeJJ27fOT876bqOKcg+v8nzqkvb3Mw4TnnF5elP/ZwCDNPU98ARTCaTyWQymUwmk8lkMplMJpPJZDKZTCaT6XEqV/c8l4eFpVgbZhwU50tZVj/ISy3HXuWWsbDEqCYlMbXf5u2+4CYoxVANkdBQkkj5PU3RdxHygloplpoq94JYkzRNcRqm/TCOu2FHXgCoiUJ00Qu/hSPdPnoVyOkiuQbsMZfsnQ4TlksrNWXA9nodnZWjIWpTBdr51LgTrB1mo5XFjcOGR1kf1Cq1oRxNu80dPAq1HLac4JBwaa1oru7DEeHVm6Uzeo9Xu5eJcIiTLI/Co+fBw/e4NJRZtwpw/X0j6KTMUd5wjJ1IjWcPEEhV4mCQfU948hfDCi7vC25A0TkukosJ0SiReSkkc4joaZ7FCMFTO+gjSPBT3spxPASdOHafYBOUJLMZ0IMnu5587BhDyIdMBBXkh6VnYITjc/JO1c2n9EomXmoBLpnSLuReCD6zZIVwgfxgMxjQuujAkXmWDokKWHqcKHciqToxNiRHXaEadxPyMmndTaIM89LdBFsHFA2P4Zvwgbvve+/FB954/jq4gf7Jx/5+kinFfk7aGrSuJ0QMlf4IZzezU3UfaH1Q2G7GlS2V7Tg+JrD2jFl4w8ToHN3kegdASJckZlDYdb13ftNvTk7SkFfTYX85XE5TmKYJBADMo6RuN8mVcDQ5mBZ0XUZyV4MyNbRbJ6jgOE4vvfji/Zde6rw/PTs5PT3LLydnJ47QPr/Zbrqu42gfDIn+YtQG9/vBG3ViMplMJpPJZDKZTCaTyWQymUwmk8lkMj1udX2HbPKBgI9EP5TS50yB3NxFQ/Z3q/QcoMAEqjJ6L2VpMhMBKXsScZL07VzgrsSJ1DSTGhPQXlOcxnE/MHfCv80f5Hf4iWIbcmGXwBNXSslObUhg4aBx7FqwQCeeQyjUt6BWpJcX2bxvXrmwiwp8wKesBQ5S69Osa1pe3A6xU1jF5SwhmEMOCQq4Uerm68YPqSOcfUeuvJqrvig4i4Ij0IJQMPtdYGtJgmuupMBCh2fD493Aw8OPCo81oup0cl9xUGVylBECeePU0Ier8lFPL0RYqmPraI4T9JTvlYeE+hQxR8V0CW8LeZpHwQYAI3ufuBQQYkd2Ka7neSwZKLQEAE9pOnN+TmJAl5+gfGh+gCiHCsWigh8Vhqi4S1DckZTKqPeeon+KnwoUE44KWLU5XnV8KphwNbyGy9cjHicwG5ukJSmSWi8T3T/ykMYkWAc03idQboMcG5ucHSiESt7wve///u/6gn8THqZ744v/+EM/KDcXq9NJSdKRES3PngNN5ir76GOqJAosPE4Kx1Nerx0TOPSMSUqowIPLyw1nrHG6Ds+Lwp3weiq3O3/nOw9914+bzWbaDiObnkwTW92Q2PwkJp0bLXFUVgcBWWRqkKmPACrUDYrQCSE3dnk53O3ubk+2m812u+X/Nxs6df63Kjk5DXU75mkawWQymUwmk8lkMplMJpPJZDKZTCaTyWQyPVZ5TstwBftoJfXQlks4Urc8KlxwCceoBaiROKhyVC1n4oRYk6hV4/Z0sfQqLVN+SkVbf8kf6Yf3geqh435k6GSchlzN1B5FKnvm4nneJy370xhbLC5Sq+Hyh2NNnHIn7CFBbUb5mk1gEq4ZB+57ycDginAZ7pTWO95QM2ZxjOcQx4JS4JebmARaqN83h883qDgpLBq7AjqBykBc23/EI6zHDZWW+Muy3fmL5iMe40WWQ7SGHZbvEVr05MjEPfx4xWV1WOr9zQ4RKy8F/CXGyrSgMhoRNAOHPgTe7FBDX9DT3yEmzrhxMt0dO5B48ikBCsPhGx4DdASUBA6GwYnq/HR2jz6wRQohKejYsSd1fHYnuSrQk2OFj7Hf5CeHnqPcmJp+5KuiFruQd3IFl6FsFYhC2NRX5GcMNCaL0Y3qOMLYCqr/RpQ8LSgWGFBuAi6pLbyBx4k6ecjaEcUoiRAznN1NxL9k5W4SV+4mrScK6pbIJMWinfSel979/R/84W9+7e+GqzXE4f/z7v9wH/d8TdIfV3pV6ZPZJ0oybhrWpCVU4nIfgPkoeW6v8jiZuTecoZ86Ynjv7l0JtTk5Pe27ThZioYbKZFV6KH/VddhtNn70m+1JXvumKa+wYwjh8vKSIJQxz6+QD+deKQSoa7xzMk3SHA7meFwT+eyoWw9M4x5GeLDfU5fofHlSd088/YrzszO5v7mHucX9OKF7eCKayWQymUwmk8lkMplMJpPJZDKZTCaTyWT6jMpVqwxRwlSKvp7K3WyRUPeIAklU5kD+nj8m+cE9KpyCc7UyqUOFlKelzErlak1kcBTg4JWVACIkUuLaOnmSaMNUzKbf0VN50qnlAu2cy5ZSNqYAEcApxGEa9uMQYpjCOOY3YRKDDDFf4L5ECcApRgBBK8rVdwDUDaFiCMgfnTAAtHeEqL1CX10/ZESoylp/zK/jgDOKA2qPQhSKw6VBSpqjegB0PKRxrPiLq+xPqp4Rzb1gdwLJW+EzlvtSgBP1SkC5NIda/WcjA8hj5gkiKPcU5GZJv1O1w5nL3Dya4kmjER6Fp5h9Lx6ZNhFPhPJhaeJSvofZgWRBlhxwKqU7D8NN8OjmIx/hyj636oSLEL5ILDSwsWlJGEEdLphj0CZSITegslA1z4rzVCCUrgZgqIM4CPT5sUJ1uAhsXkJV/EQcSaLnIx9It6tLPpXZXe45u6FQtBVt9ux6xA+lg7y3813X58cppGmI0fGTtMlPHMIUQ8e5KfkZ5XwuyoZBejKJIkil45i0k0J7uJWvjtyk5uak42OKy9er/Dzmo5ULKc4is7tJ42VSlqbid6JjrJ4oUbdEqDM5yi2r7dA+P/C+73tpvPuvvfH3wzG9ODz/n737P/jog/fPFA3zIuUVq+uJ8CJ1S6HyoLqeyO3S98qwiQkOVO8TuNLjZB7H1HQllZGcAoEjtFgOQ9d15DLSU6gN3WFeDUIIMg75TSVI6LQ0RXwf+rx9u9nmZXfYk6ZpkkC03DTvjM77BmebUUFajEEtfspzKmfM5xon7mA+1xji3X6bz7Xdbs/OT4lH6fpDIM5kMplMJpPJZDKZTCaTyWQymUwmk8lkMn2W1bhc4BIZUDnAa3JjQMuvV9T+UOqkYr0Q5Qf9c5qI1jPJa4UCHTjdAxuSoHILqRSDYS5S866CrBROhowh4jSGccgV1EixD1Mul1O1NHJIBGpGSD0D/xS/jEMSy4MCasQlwUCnktQJjORxgvMoJI3v4BZLtdetXF7Km9ajJVGkCcw2BOW69Ws5Ksw8kCI9yrpgKmOROE1FkCxVedQAABAASURBVBdXvBpCGasSgRQojqKW7bHxAKnvGVSJ6j5T+1Peuur5wlXgtAzikQ4mBWaS1svLO3iIlu2sxmy9IzZHYMMjHOAmsMIWHg03WT8JANc4nRz2tVvcV62wlw1YUnXYsES2pTS3kuRpLMEvEXT3fO+FtmL3CM7ZKfNf8QWeDo6nfIjJOwyRInjYLsXLBIlA7ElAwlY6Ms2AQFYTNBkjP40anQOuZ+Yg3+xAfhZTfk1hGqQ1TxMxP7J5XnUxn4cwF559hJhQx4NMy8B+FgmVhJgnRhkImBNndHwctN5KDWUCV3qczN9BpS7YFyQqHrVyN1G6q+TmqLsJH63uJnobcgsx1pms2wutctaff+kr3v4b93/9L/zT/8vXvOp3vu7sNa+/9Zqn+ic/cPHej+8+8t777/6Zj/3DkCZZCEHWlFSJO4S5b5iWniX1te4JrRsK30bFvlBmgVNflvWYID/2WMZn5QpTx5NmVBxp0cy3e5rGcbPpNxsK3KHYJVQHqpJzVp4Quk1kapL/i7QqbsNJOAv7/f7y8gGjJ+SAEvOyyqRKiFEPK6rPT2pAslSpoIQB1fNnd7l/cHGZu5K7de9e33X+5PRsu92AyWQymUwmk8lkMplMJpPJZDKZTCaTyWR6rMJS8i65Kot6Yt1rrhGvkJOrmq0uBlfLaQYMoSfCn1B1k0vPkRgJthLg6mPkKmQUgMFJt5NgIMD1SqklT3HaT8Nu2I9hmEKukY+RUJcIWstMxYyksCZq98C9qXCEFDy5vMtFdHDSw4JloGQRIVZzBOBgExDnE8TSrlSYU62uNogC1Ler0ZQwEiwZN1gRG70G1K5qQk8BSkoyCMMIel5CAmgHbWAeimpvUwieerMIANIUI8GASJyzIZ4KYmpCHIw4HdRu1y7Uy1Me6ErriiuE2HghLL5J7SasfV/tigefrsNNsDndVRTK6qtjTR2/qK56/hSuopTXodhM0CdMzfEzyFNcH/R2lvNEbYOwDySzFLHf4RktbhdsloF07xNHQFFmlaP96ZDAoVDEoMTYpTRi6lPyjrZ3dAjkW71JuetCR5ENTw+dd25C57Ejq5NxjHGKIcZALINLmA+PLh+IQrTkU/skdh1kQoRJZg4jCW5eR+QaU3XskI1lwcBj9xCu8zgBWPt5sBvRnJKTmse1JumoZ0l1N2m4E8XI8lODhaYqLilw1p+/85XvfPvTv/VNt16f93nXCz//1//5X/3+935vfv/02ZPD9KEKTn3ta/7lL3/FV3/08oMfufzAzz3/k89ffrgSJKC+JqAuH43rSaFJDl1PEDRzBxgWSmW5UQeUY2OiVkg4T7sEc3TRzOqgWEXlJSTG3W5H9MluJ6xJft1sNz2pa26Nq/hgknuXp1bnurzXZrPZnuz3O/5D7icCGZbxFBeZxMu9zBPJMEIU5IcXD1SPGXlg+KtElixj2D3Y7/Pi091/cLLdgslkMplMJpPJZDKZTCaTyWQymUwmk8lkeqwSICIVF42jTElK6aG0wOEh5Tf5/LFsrcXT1gKEAz2cbKOf0qfEVW39RX1UWkQ8IZqqtL7jAitSQMTlNAzjfpiGXJnMHxMEgSxKzbXhFhgUgWqtoEXafPLQ9jZx/I0DycERIsaV3ePMrZRBkw8Fz9AwGpwr7IKqzMMOuB7tXPJ1uLLYmFtPMDMJnCkUYwluSVKaLoyC3NCooS5znoi0KzwKzGX3euuJ75FLCEQp5DqxyycRzEYsYuicrmFilnkpBYWZT4j15fgcKodfw3yIgcy8u5Il2jwu2sHVqfCQEQFYI1VXnLp0/ZFnP6tLOMcLcdWcS/pqd4Ggnhlu5fIidyPGakoj+Smg00ehBKaKeG7VZBlhshTf4HAsys0hLiRilFwojMn5BPmP6/LzETsQ04w869OE2CXX0ewIeW51TJyQpQ2nTuW2PHrwXcQuhmlEMT7h+SfhOdxnj9CRn0r0nOaDIUnuEoEpIDZHlY0QjxM3Jc4BIoYiCVLhoDE1erjHCS5SdQTNUe+Q+bV1N1FHkOJuwn4nrZeJPNfFWQTU3UT4lc713/7Gb/+6V/6O9p69/ekv+fAbvuX7f+O/ayxAyBTkxJ/+tme+5tntq1558uq3PfXbvuE13/4rd3/xRz70P/za3X8O1CtXfFOwkCjiblJXTyj9d60bCpQJADpy1c1l4XGyGpNDj5Oks6swbKkCLnQBUwhpmuQJz8//5eXldrs5OT3pKXbHI4WaKZ4mOUQ8GTkLjVf5zWbTd93Z2WlekHf7HSX3hIkMqFJVHoOJ8ClO3nFOaT6FkpipkSddqCCeOY5ypBQPQqZZJjCZTCaTyWQymUwmk8lkMplMJpPJZDKZTI9fWt1NGj2zrIJXE4uyM9xMjWvDTK1U5IQyGajg6OiX9EKcUE2cOIopV7UDF7SZOKHDXDHk4P98gTYif59cGmPY5QrksBvI44Sgk5ALmvRTefE7iBgbhoPKzalUV1t7l/rz/+oyonYsDiUdhCrxUYdKMBKpErdF3mpJ4JTBAMRlgMvMGeD6NpAtxZxAovVgWFWRQcAO6kmMrnSjdqq4RrQ9mnOEiq9JfZ/muAuBInA2PikECdSq+JV3HyvugFfRS8eOxcWVLZsXN4iZJ5mHDXGxfXXsen88uDurPQ9OvXwKDu/v8v3xMelirZ9XGokdepg7Qrm3DQelDErSQCSoniBYbFLUEYT+J2ORYmchDScJu+HLTeUeE5cQGRjihB1H9Aj5nSSKwqHopjjRV25K0RODAp1DMsRhoip3s5cHj7gSJ5E/3jGygv0O8/M2AKMHEyMZHU9d5rL4TZ5JitCwQws9tUQqyBPFU8rLBYlfS+CeM8RSnXgSPNzjZDHPCpyjpMjydWbFEsTqbiKuGwU1KcSJsFezuwltP+3Ov/ML/+SzJ0/fmy5ud+fteb/5dd/41c+98y/81J/7imfe+YGLX/zwg9/48me++utf8813uifa3d5654vzn595/sf++/f+jSHuoCQRFS8Pfd5AQ3VkdjjJ0Ck+KIzl6C2ubiigDigFnzscE5hZkzqS83gmgJlbmcE8xdcio0h5XR6maUM4yabrOppU3tfFAioTU5Z+l3dC33V+c7IdWbv9biCnHF7ZQ+D8s9xqXsApowdjLD1muKp4SpUBAnlg8j8Z+W3kYKRYDzGZTCaTyWQymUwmk8lkMplMJpPJZDKZTI9JeCOIBK94/5CWtXi5dIpQtMIpk+FRrT2Id2DihHgT/fW81ojF6QLZMcFxa5Ls4pg7mWIciDi5zK9TnHIxM8SJrQFKVR8AlmSIlq1T0I8zIYGulP8RGj+Volh2TcVhoXp7SKekXipBI+IRINkTUjKuWSoF0YBDCTQiA8BkCdecU62/g8SBxNIN7lWsxfemYgzt1aV6RcpBNLk/RbVqjHPhOTlkqxdso2hmJ5u15UkZDSwDsb46qCYlC+GC8WiHYgHolKlywIXgwbuyQ1o22xInaX3q1YcjXWo/VczmqLrIRhEETBX4SK8qz3mlJZBnVCjNqTVQZPcNYX1c/YooJifdTqU1xQgKbRAktUQcMIDjoShYh0JMJg7yIfsT+jbX6nMfKPJmIgCFHEpyJZ/QkxADQnAUZRIg5UfRJ3KX0EipSEY/LjfU5ee327g+hHFK+XkLQfgEp710xK+QSQ5fOzvuqCkPUiiPpsdEuUcoi0GhT/ITXA024DqPkzKCLZMi3xaPk/rNoZdJgplEUZeRxT76rfAruc2N3373277rldtn/0/v+ov/yuu/+Xc8+47V/T71J3n/b3zN7/5nn7zz9z/40W//nH/tcE48v//oxm1/2zNf8+Y7X/jXfvl7PrH7KBQvE6G96EGujFFxLWpcT1Lj4MJjUp5DJ34n85gUL5ljHieH4znP6AWR1bJWKeQByutsmNx+l0/X9xSkk/93sqKnAtnResELB3NLiJ5zebZhmrqu3w+D8HF5zhC1tN/n9TqvX2OYyoJL10+TyGFJWJN/TOgc+SUKvIXs8uJu+q+RyWQymUwmk8lkMplMJpPJZDKZTCaTyWT6DKlJAKk/km/gjGq30JAZK7uLq7Zr4xzYIlVzLSUXUWaNcxVuCIRORCVOqOgrv7CnHTDyL+dzJZI8F6jUSnEdjuwKpmkawrgbdsO4D0ScjJFCGyI7SYhhRMTVdemHpJ1vK6t8Ca5FMQo8k9QdZS7FJnWjCMLPiCEFp+9o9VUsSKDBOBzOAnFqWY9YSpCaCAqQmJU0uzqoiUjSWnFIWpguh1e7gWV0ixojHAJEzV1z3gMHDJXysUIBi+6x7QI2LgP1vgsaUW5oPYdTTAfb4W96VToynwWWp8W5p+uvVo3gYv+5qcVuumFNnKxnL65OkY5sv67k3XVzTg4qLkIMCt0gpZW4wwoCFD6m3N3YnkP8LdJ8S+Ti9JGiKa68gc5nZk+STzQ7mFuSE9H5Is/CEAVAiY5mEPp868kxiO0mEnEnE0Lu/yblRlJ+k7/1KPSRZtR06LrtSUyb/AAOcZimccz/x5ib8N4RcYLsj0LdpWc4z5aJ6RZ9qKgbkSclUSmxeTYik2Xc8QTXeZzoXWzJlDqcDXECUHxNZuKk2htV3Cyu9mne83//uy/4E6/cPpt33OL2MuwO7/fd8V7e/cSfPHfy6vv0/oh+6uM/dt7f+rrnvumpzTP/xuf/mb/yi//efnoggUKgjibymCrOpGQJI26FO4HqelKe05JYhO2Y4JEx0V4cG886/6CxqGqFhXOKtEZPKQ3j0HV913kRAShdhxSVw5FNsgDRrSVHEuQvTraUziOLSAghv89/xmkcht00BTWNolPkfwzCSMxW/QcC8tLEMFVyxYvpmJmSyWQymUwmk8lkMplMJpPJZDKZTCaTyWT6bEsrjKmW5ytRIaVbrcDKT8qVpTgmXCejFFYiNV4TqJ4G+joDClKIp0JkLtLTqxaDKXhB0Q/Ejpwb2MSBIZS8B1majOMY9hSpM40pTVE8TkoGDlMgUq5NtaLq9KQ1OWKBTawvTKM+MKmlQsKKq9SCdCpXh9VNRLGSym0IuuIa4gSKdQU0HIbWu6GQA6nCMVBSbjCmmZdIM09zjPjB+aLyR4faAdronDZYGAC5tehce90yN1ZsSgPFqKOJ5GzUarUjP4LipDLf5zXGsdRc9W5RmcaEAQ++re3gvB2PQyEr4gRWvAseOaTZsPg6rb49cl5Sd5uTagLPm6DgACaZCSg0VWImi7EUhUuUNZnvJ6pTRZ1lUCfXDBW4QpY4nfeMHAh2EZkRSsXcB9iGxDkxwxBbFDq+A5975BMxHxPEMebnDfMj1edGA8EifaJck568iXRCe3R0jNvkY/IMGMf9MAxkW0HYQJyQAnc8p+V4UOsLQhD4GUYmQRgpiCgmQJjU8SQh24zEqA/CcY8TWBMnrW9H5KNi43oiphlrvxPByFp3k9i4m9R9vuFzvukL7rxVbsi2O7kcH8CB7g73bnW385vnTl/MPZeCAAAQAElEQVSTl4KP7T/yyu2rVvu87/57fsvTb5f3z2yf+9ff8qf/2r/4v4EQRbpKyXJcrg811YqhlOq8gvWKqseJvNYTHYzYzJ0c2w41OOwqkCPN0Tf6/DMaOE7TRKY3XR9Cvn2T71jeC1dYiCkSx6g58b/JS3zeyzGqklvYd/0wDoG5E7oKx/8STJMu3UytITvl5PcxqjOQK0uVyWQymUwmk8lkMplMJpPJZDKZTCaTyWR6nCrly6r6sXpuHEExFg1cQaI0JiJKYRSnE3mTeKv4mshP37PE4wQaXkICFzwWCkLiMiBNMezHYZcr3TGXPvcxUspHEtyE/4i5RM3hSHDlD+NTOoKeKIGBagOAjSuCVMzVxwTay8dWUGGU2WxjAZ1IrblCLCWIhBweEvs8FOZkbdCgjgDVyGB5i7AARHoS/qsSJxWyUEBkphukn6nFZcoXTs6n86GpJa8GsMISUhFGjZdp+tF0cx7/9WZc7tLmJC2bQFztthyD5RC0LaxQleW7g8MWG5oXPH4gq3vK5bI52e4MCaaEFFtDtXvHf9iKhE0doDJECBUmEPaCLwOxoGGpzIDW7qTpfbnvWGwtynSJhRsKhaSQFBcsHIsHiYTKO2CgGJPUewwU/BMn8iMCn2BIsQcI6DqyReEYKga48iTuuo3YXeQ34zTkx3gM+cvY5QMZPekcESoCDvDjGDGR0xGBLymxiQUwR5YkIUivRy/zuMcJNCzT0s+jupuoh0d1LmlQkwSVFkv1OdMJLSSaQmsp3d4+8e2v/5frQG/d5jJcHt7ve+O98/5WfnPmz7f+9JP7Fw6hk4vp3q3uifrxLXe+8Ktf9U0//pEfTIUvaWiihjgBaF1PhBGsT2nS18UaUO9tMyYykrgcycVjUgYSS6xTnAc7Naufzk42pBJIkOxPggQl6TzYbPq+K+3ISic3X1556VGSkBCVvvN5FScPlUAxPnlbXvDlnwZIM3GWonaJ53C4/l8mk8lkMplMJpPJZDKZTCaTyWQymUwmk8n0OKQ8ARygGKxU97lG4h4gFWM22MAVceLY5iQWcIFZE4gSrCMnqHBGlFI8zJEiXEHNJU5K1Rn3u2k/UYk7F6uDlInX/UX9bb/UWhdd10+pMayIrtZ91SGEarZsnFBK3OI4UAeKiuecN8PmIHJ1Urit8MYqD6ahfMRLBmJhA2JU94tUPU+qx4VamhAdkNrKuxSrFStIoF4POoxuCVrMxEnBLpotJL2Gtn49MyipcDYLsxOnpil11EprQpzMwiupnzX/cQwKOSRA8OjhetOa/Q5aaHgaONI0HpngV5S3r3kSuidxyjdyhLQHHABGhDFhgFwqJ6+GQC4+c1W/msbUJ6xkITFtUPCIXIX36j1TQ1Fq9yTLRqeJvBdwzFVHDyI/UpkTiqI48l8h0CLfe+8gcKu5h13+4zoXgyfoJPlI1zJC3AIKTeCAAJSOkk+o5513fbftps0wDgMRBOMQCE3oIHTO9c7nedKrPYW69DCAQJ4Z5I3DBAo/8Uok8GUfeHKAXh8e8zip2TrIzh/VfkctZNKMd7XuJrol9wDr/Yj8YNG33/aGb2vv66k/uZyOQid3bzF0kvWKk1e/MDx/uM9leHC7f6Ld8nte9wfe9YmffDDe4zM6UF8WaF1PpLeFt9PkIKFMxOkk1Zt99Zgc9Yyp3SgTb+bhoDwHqVrsFMpM8ChoDqBFnNJwMAQYR9o4Dpt+s9n4TtqT/B3GS9TqSpf+GAjs6/IEcf2GGtnt9+M0UjKTc4EwFGJaaJl16+c4MfUCJpPJZDKZTCaTyWQymUwmk8lkMplMJpPpsavkOehv/bmuWMuLOMfL3FxiYiLHSqwMlZprwRFAi6ONwQmo5QloUZF2zsdyiV0KjpEcGagMnfcT4mQfhv20z4dzbofW8Gc6YFWZbtCSct2CvmhgBXWOo04KMcFtFK8XxkucVMtraVbzQKQxdBUZKOAFrliFagwCTeNRqQLaGIQ+qXvOPjQHYEQ5U37beSfnSvTjf4koqf1IrqA1YjRwYHBS/A3U0GXepxmohuTAcrWFNalUCjZjoYVpaXLmIK6ANJZnOwKa4HrveqZ2G+iFtj1ftYBH0JN2j/W24x1uLU6uuCTonnDEXAwAQ56v+dY6l8vxI8AEbkxAYVD5j/NjMeHgMKmA1bNkvpxU76h8ZhwizbhQmd9iZsGQUxReCQsihNqQ2OnwkYWiYtSJiRNqhBiqXPGP7DgUiGlw+Rns2LYkhsgbY96zy7vF6AF7dL3L+6Cn+B0K6TnZdl0XxmkcxjGGaYoTu/ZMLgJ66DhVJ8LMdglwJpPJyXPvkLmutcdJe6/q0w2Hfh5CbMz0XJwDa2R742WSVmk7UNkUegyf3D79lc9+RXvqrd/ujjmd3B3u3upvy/tnTp795P6Fw30upvt1H1GP/b/0mm/5vt/427wYEb5W+JLqetLQIUqGOHFAKR4n5ctiNHQwJgCz08lRjxM5HOY5Nw8DVnslaP49WNEeyksJ2SRjm/ZTmEbnodxWhlA2zqsKMUOcTeTVxNHkIU1TT8dOwXsXgjqpxBjX3TXgxGQymUwmk8lkMplMJpPJZDKZTCaTyWT6TaBjvxVHWNfzZrbgRj8tTzOaAFCsM1CzF1orhsYvo1R/WY6DbVB5FapPSgE2cPl4nIbLcUfQybQfxoHNNjRiorhxxKYxqE4RjRzvwJYBtSsNSyB+HlAb4R4GAgeEhcF5UBrkouAmWr5tPELa0CK5VqjcTUF9anbOPIrziBa/Acc2J7VZ0PihEj4EkimETu1WlDXQvi67BKWIPXMktJ28VuZ7hACN2YFYp5Rbs5g8WLidQt/gDLS0jMZKS1hkwXgc8iLNuRbbj40YrImT44csWsblloP+rhCUw8NadVsMzEnBBh1l62AcI0yAE8AAOEQYY9wRhgFTjEEpkpJF5DCqoYWOYpI8HgIxXGQzG1dmKjSwQCV8sN5dJX8YPZn5AQUQxFaDXCM4tMWxC4ZL0SFH4AB7nKTcGYxkakJ4yJhSR+ePPlLne0x93uKQYnc4L4UAFGJQ8uPeT9M+jA7iFHiSD/l4hz1F6cSO+xghChyjyVL5+8KkFIqiJsLIlR3xOIGlk0fxOInF4wSL00tsSBRxEIklcUjcTSqgo9zJ73rd717d11N/8tL+xcP7fW+4V51Onj199UcffHi1A6EqiHeWTidZ73z2a//+B/7uPlxK2hbOHicR51QdRYta15NmgWs4m0Pfl+UWXCeNSdtOV4ojKzyWqSUfVg+B5osJN1ctSfL7EKZEnj6ycsMYpt1+13X9drsl+iRfLK+/vII5vS5IXb/xXe+nCd0k63ikzJ08j4YphuU/Vw5MJpPJZDKZTCaTyWQymUwmk8lkMplMJtNvDqWl94aUa0tCTBI7DRFqlboN32m4AikSlx/hA2hBsfU44UANzc3QH7Hz5/yKvANBC2S8wH+oUJ4UKMmF+5RGSu3Y76Zh4GAdgiQwNS4QgmfEYlfAXU+lhlx+wl/2RqiwCl8c19jV+KT+sB5hUd7lon+LnAhmwRdYsRFU6gSkAq7NMNBR/BVok5uRm4rJUO+prJxKcRywvUF8OwrYMpuLcGMgDib0fykR81+xOJukelPkYgrTAHLkbLARtcex3HmpVTfQCmK9zHrfmYlB6YZcb6K8omYgG2FzJ0rt+mDHw6QbbAgWPGyn2e/g3fIQWL6bv4WH4yY3UZenkM8TijCRENjPoc/vsJsgbcHl1wHylrR3HL7D0yLQbHGxOA+V2yFTxpWuzU5BUcv9dOsQcD0OC+4K2plcrXDq0yuRLgEUxaAYIJ4THTujJD5Z/m6ix5jCd8gBBRynp9ATOsXkIXTEoGD+k994xM2m984F7yNbnuRWR8JrMESCVHKT+fBApAv7nQQFqAhcAIFNZg+XeaI03AksiROYuYqam8OvshxEISqUOIHZ76Qm79QnrlApAF/17G9f3ddTf7K/Il7nme2z8v7Z7XPvvvvLqx3uh3u56TN/vtreY//2Z776n3zsh0GXV13veD055noidwubkK7yVLZjMvu+KIlylcdJWSlKCJE8CKmclJZC8iJZ0CjMxKCucXrX9OAIi2WhKvBCP4zjOI2bYeNprVdEzUn4DlsnCXWUP+WtqXBIxJ10m/04TBPxJ+J68ik8kyaTyWQymUwmk8lkMplMJpPJZDKZTCaT6WWXlAvl5/SoRgjVDqEABgB4LFShUSo7Q0ESKIrGFY8TLNyJVDCl7kkFxJBLiFOxeKgcBRekge1LqNyJUjTlVJ1pP+6HiYJ1plzBpjSZiHN1XYkTztPQz8SvlLrz4dXrf4fbm43EAZSx0mttkA9XCAwHrtT2C9nAiRkVHdAuItW6hWjBEqxTbU5qaEQqfiMLGKPgP/OwytviTcJGJLUHNUPH1+MX14aK41QSBct9rEPloOQVNVyPgAGo+AuWlkt/+CIjIwNRbo9eOBzVsZSbQ/gDlzvPO6Tr2lwl9WDb0tEDrv/moKPXlb07QawAlG6KdItoNBz6jlAMYlA6iFvEEdNARjpxBMwV9YkILMivIZFniE4IDHo1zpUttW88z+mDn3mhQjuhPNs8v6o1hJBMlWeoGBkW2Kl0mKCQcg35aaNDOnT58fJ5IpMjCchVuZh8SPkS+Ja7xI97Qtf1ruswdd00DYEyU8aQUt4xJEdJUBE8jxMDTZ5nC2deRYoaogeqGdBUyaeH+HmIbwt5qBwwKHzJMc58Toratq4R4o/C6UWIb3nyC078yeq+nnanl9PF4f2+t3/pzXfeLO9fefKqF4dPrHa4P96/dWBzIvqKZ77qJz/2Dxp3lqSuJ9J/7lChT1wsa6LcLKypOkunE7iZx0lxiIE6oQUo0VWXZk9yulLMiwXPFT11qsuZJATJXEkS67V+QnLnh4HYEe+crmXO+c6HadMxd1L/vek6XyAgWr+6vFffDQStELZS/tEymUwmk8lkMplMJpPJZDKZTCaTyWQymUyPWRJYI+9j4+BRX69S47GxKL8ju5SwwYmrFiDVkqNGW0CBTirw0uAp5JIgP/YHrkzmCjT9SD6Mw7Df73dj4F+8c9iCVvZTqe6DOhVU04JQyso3+WF8whJbUcv5MR25cG6rXKD+Wp9sCVzZn61LIkEXAkYoCyP9op/zq4HJzCUkhgMclvQcBgT4UmLrMRDZQqKMfxmx5mY1N6XaIyCuTAqkIE2WErq7a46Cgr/olgP3DCeJJWoGk0qRWm6Wk4udKBwkMXriroEzDiGS5g0e7LzY7VqKZcmXXNPsI+AmRzt57OKoZ2wRwk1Ewbnkxro8IYGfOfQRYYtAaTsYh5RfYYzA3IkbE45kfELwQ2SvH/GrYUcTJYOEDcFiPVTuG99KtQtJzWAlvuXHettccGrvPHEbSa1UOHWHwao4JddB8mzF0aX8FEKf8qQkTxfPKTnElMRAD0ZI3rneeQra6b33E/puDOM05ctMI4EdIM8i0wAAEABJREFUcZNbc5IGRZfoK3oVo0+r4a/ECcDCz0OGHKHxRImNq0fxFprdTQpIk6D4mpRFhBE2cUBJ8be+4ksPRutKp5P7w93b/W15/5qT19wbX1rvMN0/6+/AMb327HOePnnuk/uPUe6X0kQ1Z4dZNuE5avIOKEdUiROA6tl0dEzm18WINq8pzd8rf1SWOuVN5A8WKAm6VO+GrFPU1dkbKd9e3+Y5FWBN2s9rf5mxMAWf/yVww9B5kiyqedYo+cKXTNt9nkh5l64PfYjsm2PciclkMplMJpPJZDKZTCaTyWQymUwmk8n0uKUgBNcR6Wf2TWm/DViQLWpxgXOBkk02FtX5YvvRcCcs+TbGGFjyXn+v3jRQMQo+MdXrI9kixDGE/bjfDbthGihgIZEDg6t0idYvV9c2Gxo8glBdR7TcKt0uWEb1a6k8jZtNPop1QDm7loA5cSISaBIlXofjhHTI9aL5hI7zaMR3olZTXY2TUR+ROqScZQOLftbbV8vQ2N6eeaTJTGYxMqmwLlxZrsgGcwgzlaB71IQPLo0n6aXD5BxbI6RcEZ4gTYk9JXy3GNx6wQfDPr87Rnu0iNO197RFQ3DJUODxPY9+wmNfHHb7+HdckndlUmIJymEHDS3g5xlMw+hSdMyd0B+cnB/ywLk0JDclHCPkyvwIGFzev6Bdyk04oQoST0E2npB7wx4fc7qSgEHSrSPjJvYZoL0Udwq1tNAAF/IcieTPQ7QRpzcRB0PZJ/mvEDkiJ6UuYYfoiTiJIcZ8RS6Ax9Q5F53vnfeu852fkDZSdk8kbIAsccaYF4e+I8TAe8/ZXqnjIYtzptRxdxM48PPQMSmZVFC9Q6I6iMgAysVi625S1jvxRJE79nl33nI4Yqfdye4YdPLs2XOvPHll/fjK09ddhIvzJkwnf7x1BXSS9UVPvv0nPvpDhTWJ7HRSX+dlF9XvBMqSXdmU6lZyxZhc4XGi+6f5OV+iVPoPgA4LrSdRZoocy9NSppuukNAcqPAKzNuwOGvNuEy+ByFMTKqNxTmJ5orvsuq15PfOC4hHNjou/0PCcTxgMplMJpPJZDKZTCaTyWQymUwmk8lkMpkeq1IRNMjCTaSgxIpKSYwfcOFQghIqpSFnaaGTCrW0Tic1YEEdFlwaJ7JGGKZht78cx32YRvIjyOeIjmN0NNoBGlDiWC3yZvxJrcTi4kql5iv0jDgA1DcCdtTD6+/8pegdBQcgzw9BT6jMrl4MSQvfUMgScjGROnIZPf7KlXF27DXBQI94Q9TLLJe8Jk5QnFZQS/AN0LGiixSy0DfS1MHYaHm5VJOpW15vHxEn9E3EyPkwlMRC0AntUaCGa6bWcbsRXNyC1bYjjc1sSlrTLSuQBeHa1ppRPL5D2TTX53GutuvmDgopBAJn0TgI6DBFcL4QJBAI1+jQbb0LgMME+TXP8THh4HCKaUA35a/Y2ScqIZZPFghQ4qeF74ljkw65fa4QQUkQMBBrGvXFqBYxUvVvkSL5Wp4oTd4R1iSQ0YmLiss4Nmsh2CWSmwn4fEkQO4h9dJ6fzi7v5GLkXqY8JRzRJ+x5k2fuhgJ3wpS35/ONIeZ2wxTIDoVHsWNSpnPom8kqri6tx0llJgqP0vh5KHFSU3XmV3U3SWXP+dvyPqk5x8ZtX3/+2l3Y/8MP/6Ofe/5ncx9v9bff+aqvfHr7ire/8h2H0+F//8X/Vvvx3/n8P7fa4d5477y7BVfoc2+/9cc/+kNlPXVzwg666npSKCpM6kCzWH915jdjAnAjjxNu3wHUdbNQb4jLR0SQHVdnh5y5gl2CmOgU0jYKeleP5rXF1QfeaXCPnDoyj5c/jhg6PzlOWJML7LvOdV395wopf6cDk8lkMplMJpPJZDKZTCaTyWQymUwmk8n0uCU1PnlfyY92hwOAg81NpFLptNzpllV8TsjhtI1cWlcHBvU1iSw5ZTFYQKceHhSfoI1QeZ5qwUOIw7Qfp2kch2Hc51dKrSGvBW2tpDUkiRVJqxc5Dzq4uRaEBFIhnEmMFXRS0RO1meBAD2EMophSSJmYkYBIZfQUIllQUOqM2FGI0YUQJ5gKFoESLuQLzuIS1IQi6ZgTexU60wwM1aAcxDlMZ0YttNS7ZifWGzDJOecNTShSbUpudyp1ZClNUxQMkClNiGGKccxf+hl2mUf22Gg3H4/vcy1xgss9cbnt2McjjTQ9OBij+i5dddBCOnqdFOQF7JBnRt6nQuLQZwkqEk4kwYSp94RxTASdxDHh5NIIOEKaMH8LY0icX5PYe6cQTXTHo0JBwhjoGcucuuYWzA8LrEAAKGRB5FEJ+hh07EVClyAProsEneRHkqxZcv8T9rmrDjvwPqSOZ0/Hxia53a5zHJVCZ+kIqiBQKT8wU5iGacyPf+dcvsyNpwcizO4mgMecTpotlUpRdgTJIikWFxAlacqeSpngMXeT4iwSn9g+lT/+R7/w/zrvz3/7q77ybU9/cf74ofsfet/99z17+sx/9Z6/82B8ENJ0q7/91MlTT2yeoD/bJ57avmLrNnBMX/bUl8enKK/n1y7eczk9+Pj+o1/8xNue3T4n37751ltrb7lTSxcTdT1RjxOs9EmxDHGylC89TtINPE7KyCEozjMH+DQsWoPpNNZW5bFMi8k0f5Axjqum+BAslE9yzT85vLoJhQLTFBhq0tbzR98FIegk54k67W7wPJpMJpPJZDKZTCaTyWQymUwmk8lkMplMps+kpC4oJiNzcX9pFtK+1+IvXuH8oG4lhKMwcaKbpBHxOIkrjGVpcMLQQyrcSS41DkMYQpjGaR/CSLEtSpIkzsRI6unAARrF4SLdxNPkytFoL61QBsx55D56wmISVI8Tp32Wy1fCQqwJ6H+PUQiAXOeOnKpT67dY/VxKU2JhIlYx9SOC52SiyrkUxkPxCmF3YlvunYmTRRFYCITGG0VLyLio+Rbop70/gGU+qJmKRio5x/YtwuNQiX+MhBYEuROOdsgXk64zOFn8dRzowKvfrD+s2llN0vVVHe3GFcTJaizhyqZmtwhyOsFaj6/BRnWwiz8Ecq4S350oaVLJ5z+QX8lHhkAeAM3ZyZV4z++BEm0iZUxRyyHJPCs0GPnrFLeadMW4XdF9daIQhxSIy92YaUgFF+DGCS5zhFnlS8iPZpdc/i9S5yFE6B0HYEV5YMET7xFlcfAgcx66DvKasB9wGnfjOOVR2HRd6H3nsBMcq5wbGtZE+jpTJjqk89wvTEnUtJ2K0YAGyWBZ1zgDKhXiZPY7Oe/JleTP/NY/0w7P008/3X4c4/D++x/46IMPv//e+3764kMff/DR4Mbu/PT1Z29425Nf8hVPfUXd870X7/0X9375Pfff/b77v7px29v9nbPu1i++9L+8+dZbv+nV/0re4cSfnna3HkwX/EwWn5m6uChxgtX1RJ7V6nFSHVCaMUkAD/c4mY8+CiDppFBUJKXK5BWfpZbiwoZxw3IboAxsuUnIfMzVj6M0BWXJ0q+IMszTwwlqkqcXtiuXyWQymUwmk8lkMplMJpPJZDKZTCaTyWR6vNL6XQuXNL9FT6XW6Jyr30pqSlPRFnYExPxDiu2yR67hhinUYJ1abqyUSQUvSmlYo3hy/TpETtehP0NMI0XNzGkYqZRDsbyh2rHjwn17ik9B4iYgv7oXCsQ7RwkhxdVFGBlshgukQzoalKETxJMC+Q37u4jdi5hhIAidQ2PKgAa5m+TzeSFOHJZTaP2VnCW02o+gMTfylRg5LO5dCxu0au9XJU6qYwJn/kCFS2RPV+rMsg8ZVQh5QtBJGglxoKYoB4aIIuoZESfeJecQ29PypLgKfbi+uw/5Apfb8CFNr4kTPL5jMVlAuCHFhO2+3cx9CAkCEnUz71uSYFB3o5ya4JSjoup6l+cQeYjQUzFhnv5keRI9hggT4ESvMJCrTJwchqb7STwg+A7TDGb4AySAB2ZninQwjGzNk8o+gjVEWEx0XSWYkCHmiMwqKHknIpEnhJjkSUARORSv40J+71IXUkDo2X3EQez0sslFiCeUwz43FHaJsKX9NA1x6jrfe3+tu8na6WS+/Opxor4m+BB3E3ZMqusdzuvLQ9S7zefe+dz8p914d7r7kd1HP77/+A9/7Ief3rzil176hU8Onzjvbr/29HVf99w3fM6b/je3/PGQnY0/eTA9aHxNorqe6MivvE/S/FzV/R/d40T2BPEXofZcHQrQWKYKnc3LHNSnY7EMVrRK9nLsRqVLijSbdIrpHMwzhyGg2DQuu+ISmNPTcgMp0JqDzVcmk8lkMplMJpPJZDKZTCaTyWQymUwmk+mxyemP5zmiA6p1R/Pz8hKtgCUvBuUn70XsWMCgCSpBQqYgiDXwhXATIU5ioJJhLO4aylWg18QYgScofyckds3AOIy7YdiFacpHA1fBAx0eoSVkpBJZMBSpJZea81yvvInEQUTaZCcBJ24L3nlmaZyvFWCA6lpRuJxSkGXWhF9wJMiGrB60nktXoOgFUgKRdyUuJxfsOyI5qHKfB4bOpxYYoVxlqbCmpPFGEIVp8AfJOYdmL3O1uLlxrcfMPJrQoEWVCpr3J0pAAJ+YlNkYwjTEOFHxmBpMTkw3UKxbpGvpkXCTg96nuUfLL1YfZ6QJblCSPiiX1wwdnEcrXXHI8j0NWkMCQMctRXhYD8TAhgGOAmkxu5GHLejm3FDsIE++1FGLFDoSKcsGBkJQkk9xHymRKSoOMCdNletKaqKTqh1Qc2XL60sHH9eWMVg3JkmUihwKlWgGFCsRojxcoD8w5s47YnACzYXUkUsFdJTIQwFMEIL4+Wz7Te99fuzHMA7TOIzTOIXiFaPESZlFQpO0fh4L5ecnljwd3hB71w9hgNbdpCBi6oMStZ1KnHzw7nvh0XUx3f/5l35hTGOH/nPO3vD05qm3P/llNz72ouAdjtkLeVUCDnT6pzL+dJk6JtUB5dE9TmQkBfZrLI/Swupq0U4lsXRmtU+B+k6JUw7zIahtKblYnZ7K/nxDGxwtLVeEVNAYhy3SxRRXTGZ0YjKZTCaTyWQymUwmk8lkMplMJpPJZDL9JlByWvRWaqR+UdxPtORYo2eWVXe25RAwobpGkPkBRvmNOwKZnKQ4Ba1I18ZLqI+T4mmhRmLihJYxDPmQ/X437HeSdyG2CPTTeM15qJyHeBNIs+ure7QfwzeNMA2j3esIAhGGQjte0BS1stABYsKGTVroknNlO/BbtSyhUZGhck4MYZJGEem5HCEGGuWjZipYcymwLf5iwuWVYamgY8njWF0ZpsW2GSjBJTmBEWvtWMAR4m8Yi5E+k6sFUupLSiP9iUHsNggSok4nz5E6pf2kvTuua6rGDaRyuBM+rCG8akcFdrSI32xv9j7GKM1fHe3yMo6KXjuX4hWNLPuDaq3hpPzOEz0PJBM9ieYKOVhMIf/N0SKRiAR6CLqU/yAF8ZBnCPmgTElpA5YkG6WGxEFIS1+KIw0uTZ0AABAASURBVP1SRxScrwv9kYdKGDT56DjhSZiWfBmQ+xuZlSJGLF9AhMlhl9IEqQNyZ+nz+xS7SBFEHRFr1C2ySyEQy3WsfRhHXjKu9jjRa2vpCvnW0fjQE1h8QQTLKiBFydAhoicKw1HdTcoSleJ+evDee+994+03wqNoSuGrX/E74NH13otfn/LTBAr1SJ5OZUpm7xYKElPup3cnugVSXXwPx6TyJUc9TuQ1wox9COnBplK6GxwsHDyAShWmgv203SjsUombKhBgObb9R6W0rH+5ND+dur6D8E3l6Wvm3qMs7iaTyWQymUwmk8lkMplMJpPJZDKZTCaT6TMgLDEtq+pdzZpo9qz1RICCpzisiQv6i3X5+Xvg9I2sKYZhHKZpSuqZAaj4gtTQsTkdYxpMKRCkMo37YT8Oufg8odTPcfkr+Jr50DhTrPIfUltKvcloQCFoEpkvOOc9u5t4DRaSOiiK/0JU2EWigLSQHen/SH4tEJIYFsglUxEXPFnC8MV7pk1iQlf8QMRyxEHhNeRH/jMqklANZgpWUi05SrW3uVo8dm24MPbg2ycONW0wy+qeg+YmMQ1ENjLI1hVTvkExjJGhE66IRzY4oZggpyY34nqTUrpmuNPVXx2CI4g3oE8Aa8vYMCLNifDISVct45UfrhXWfuYSeUe3VwCGudiOB23THlJm58K/0yq/PpbiZaEgh+fOOyY76ASQz+E6dBuE0cEE3YghsKPExKM+kiuQm68ZZ3ImXY0BgSuVfcEdokSiyORLxVejuVz9QJwH8S9T5HAUogkiHU04VWTnFiBbk+Tzfpi6IGYj6OKkmVL8pLFVDvis2F+SN8nC46RNjUnlUpa9p2+966YwKk3Cz8W2214OF3pE425SAau85Y1PvqU2lj/eH176r371//vdX/YX4FH0RP8EfEr6mRd+6qntK291d+pcHcLuIw/er4AFu57gnINFk2zrt+InIiPj2YDocEyWDwLCejzZsyimkoWVoKFMaqQWc0gJoVksYpnMzUo0P2wFXpKVM5VrYMCQe8gmWv9/9v47wLbkqu/Fa1Xtfbr7hkka5TgaRiiAUDDCtkww+BlsbEyycQYbbOOIn/GDBwYbTPIzBhOM34/0jAH/HtEEky1jIYKIQiAUkWak0WgUJ997u8/Zu2q9WqFq1z6hu2+YAF7f6el7zj47VNWuXf3H+pzvV/1yNtaBlk8sLikbD7LJZDKZTCaTyWQymUwmk8lkMplMJpPJZHoMKHARsNYx3fxb6G5CHBQWYcMMqKQCFI8T5UnkSPG34FCFGONIETNqCuLExkNYB6+F9XneQq5/xnEcV6tBgnUcRTR4gTtK8Esb8eHmbIyTaugVFyelZYH/CeRxwogI5YJMMIBUS3MJNfJW8XSJFCLEBicoISY0DGReQmBJ15FbCgQPYuvCQ+Cdkh9aAi7ZGtL8Et3TtE02YkGFqsB5gBPYCGz8CsBPt6+N1+E7psCBc+VGF3MBYmnIyiWOHgbyqsg/FHoUxUCDuAGCaiT4g5gct9vmBE61qWyGXR/Ul7gO1XB3mt+bR21FJ7acfEMVZ2mlVBJNZnmgXAebwAsCljJ9IiQDpqAqntuJR42vn9TUR8x/HBMneVyTsB+aHcU8VFwQZeJGGPN0HCn0KN8empqdg5gfJic+Qb6QJpOBBtaZhmolwVNTGlAeaGh7LfdVM6LkKSzsVVk+PEcKkY0PcswNEUn0qCBE8jGBjiACl7oQGTwI2Af6l7bTBVKkxyU/eflxcQu33eNkcjpp7sf0KS9qyjTI74VfcM85cwdn7ib0ml1lvujF/6K9o0fx6Mt/7V/829d81Uc99WOvW1xXLoO7ZoOcba/bx85vfLx+1J7fe/LBk3ro5e1Pvfsn3/TgG77geV8i7RS96/Cub37T15RelNWheLfk32f789prQUNc2JiXJ3ucyEiOaQw+RJmjvFeA8gSX9d+5qV8tzQfYTPNNeCv5hlUqyWo02zTSyLlKOJYFvRhIzegimO1TemoMislkMplMJpPJZDKZTCaTyWQymUwmk8n0aKv98not/lWOA5tEg+YgpS4ASkhOY3hC9W4JmaFomYEq4RhyaTxJ+oqKi/QTFaAXAwI3xjgOcTmMRzGOuWZOWS5eKrrq/eHWbA6wfATNt+Nr/6jWLX3yW3qPbafUlkRjZJyiMRx2A0kjZ0rFUyJ/2O+EiBOMCp1Iz8Hpd/O9xA/5Pvi+74OTr/3roGExotAbUdxKBDvBUsXnQv/U1GpOU/qVt6QWEGpgh2mLOqcUYADEFIL2ik6K2mVHqLxR8a2RC3BnYXQ4UJYLxpTryZSIwkMLyppU9wMXyulmdEj7z05t203L0VsOn1ERx5/xVBvh5Mbh7DXUWj/13iuF0RUOZXasHqnxSJi02bqnFz8ZfY1yh/IDIIxVV6JKBNtIfN88Z9mEfD0yuvCRXYaSC+j7MYRlxPwY5TscObfKcxSLQCEIOoOFGssPmivPp5um+tTP8jbMkoT4l4RdaSIMGbPQ5RSoYUiCvVnyxtQ5L0zWmHJzkeJzoutdCBS1gwtHfejyjB+x93kEQfEYN3lyODdjEdzEU0AdnAB9JU4c+yad3zv33odSpXWkmbrcJe3E2r3aD/v//KVf/M2v/brv/N1vKl2uV56aUMJl9GxPvOGp6fx5p64wZWe3QY+VLfvdQcIxN/6zb/3cljgp+4kNEgrHJ9NAZtF+d8ZprzVhh3mejQnXjtA2jxNpzWq1Al7uKObJk7NTXrP1vnM8GOeKgbJJdV2Ynu/mbpTx5enMdk6UD+WnuUKX8KV1UG2ioEGcxP3HuSkSaZQWVNDFbQyqyWQymUwmk8lkMplMJpPJZDKZTCaTyWR61IRTSb8hToTlmPmaSBG0FAaLHwb/cBUxHxCxoiCcMyPsBH1z3istofkxk7eHHJAcURurcZl/jpZH4zjkamyiBBpCOqTsLShEW2rUojlUx4gpjqb5zds3aYL1kmVuakdGCS104mqby4X5ReTKa9LWF/cJbYSmCKlXStftdXshhC4ESDPCx4u7ReF7oDaSS8LiBEDOIZRaQtVf55pqr7pV6O5tN2BteDgxRckSvY0EHZRdOWZkGjW92cAZLp78Dnzia490Ixx5nDigxKMOaoddU0QWEIlZmdqcMlGO0+y2Obd2xLZMnG1UymwzuG3WC+5yGJRT7YDzWSe3o9u650T0zLqayml84VIYIyinxubGS9SNAhQuekV9aDbmqeQTBEJayBKl8zT/+uAH55YxP1r5rhESwyYWASf0QRrv9akUB6KKx8jsUY+TjSGBJtUJ25lZpxcbZuiUIkbJkRsQYQh5VkVaLwhP6tDtAbmz9JzBEjzjN+QgtMXdZD50bm2f/Hnve3LmoYvoUTfsXdcQJ2WNozfV+2TL3X3c3uO+7CO++v7V/XdfuKtupIWM4BzPeUCeE2TIGIlQDQeLsKDm6z5KnMlSUn1Nst6/ev/7jj5wz+oDF8eLC9+/7HEfcT6c2za8vtAzxXakeEad7a8TYkOIE3DiodSMyik8Tureeel1Mckg0Ih0HmNikydXVmtxwuErilWS3uZUwBaoE7S5RboSFjRHL8qYCeDkqDTZbTXrxXrqTrGBQjkBwIlPrMlkMplMJpPJZDKZTCaTyWQymUwmk8lketjlpXC3UdJvs3XYgYP9GHypCwJXI5Ws8PLl+wp+YEUxmhSGNU8U56rbR0EXwA2UqrM6yv8Nqxg5fmOCVJx8Gb6QE1M7cTsOAFt6NR22rZscqxO81FrLZblqSiV+D5IkovkmjBZono6EAgmj4yBQ8Vl8A3IduutClxWIOMG560cJBypwxKzFWHiapj9u9loHW5o+fQQz1KIMvlgY+Hm3K4OxDndA4QciD/roXP4ZGLUZKb4IsIQulTaE4msRtrV3au7JbAdsebWGl7hT6bLIklMBMaeUjE0nYS6nOGvLUKFr0Iq6U32MpLAvB/jisAE86hETx/F4Tx4VZDcUcQSajRDQB+I5wpDiKCxTSoHyayTOZ/ZYOle4IxR4Sh5DjUdxrR2LJvKUhqYE7RlKc9Wsg/CEQGCMZwsN8jBKDGzQbOucWzncQ7+XZxvF6nAa1eTJAbOkFbc+kKhAg1wS9/w+sxFOkIi8/aaDG8R/qBhnVBsNPRmmnTfrhsUNN9x0g7umevzi8fnnpL1qqo7SJ9pTfphv3L9ZF8TyIAfft8c2kwh2eZxUHfSLeua8pg2rlWOXppBvgxA1XlgkmmJEAvKK7z2s3Yw6AYpzklzX60SjS/tKL5U55327oNdlqUz4Nu9tWq+PXd5NJpPJZDKZTCaTyWQymUwmk8lkMplMJtMjJoUopqSIWY2vVqOhBUawSckBjsAge4Ko3IU6nFBsBVZvjVxrZOLB+3qo1jflWnnfMSuuVuNqGJYpjQ4iYxmzWjBu5CkU/xFY75ZzTdUVd3ED0LpzaK6IwCJBjgveF/cRRNArRYZqcof5JybuqvSFSv70f0f0Cgf1eOZPpE6vliazRk5b2s7twBxQ+1KoEFfzjyZIYZ1lKJ4o2lO1ToC14q7aGExUA7MmuUPJw8ohG5xgJP4GCvugo+bKGE4mBehmJEt7oeN0ReQHnHrPlmdpkQ64zCtu33d95+7EoxWUaLESRE2CYiOQ2gBf9i84l1O/Cn2+yPjB69ORikMETWfyPqGiPnbe9R6WCGPCISWPkJAycDw9umUSkbVKTb2iSKmCPiFMNiYyMNVxo3YGN6goVzkVdcugc1E6T+LusTMLDEhTckz8g25wrkc8cLCA0GmYzBZnjmJ5gTq5C3cin+z5A1c+Jb8TcAu/OLs4c/HoIR3kupSUoJ3LudWPnApr4gp9UjKDAG5ePMFxbyvQ4UHSeS7P40S27O8t5Bq8kBGwxFlhI44Qk5e/AJXGk9N5mhTk9SKmRs0Sq7iR4mts0MROWBKtI9yJ/lXQ/XEtiKohS1yZhnw6WWQBTgzBMplMJpPJZDKZTCaTyWQymUwmk8lkMplMj5gYtZjTEKLi9gGtfClZCsQg5UapbitvQk4KZKaATQICbKheRc4V47hcHeWfYViNcSCuA1wtEB+rGuNwXB93f8DkDNMzvvqdqNUDVBMIxQMiHZJA0ADqa4xEnMQUpSGecBMJ0mH0xHdK6bCBhcSlQBOvU0gfFCcIcJNPyQyTgTVqBhuiRLu/yZo0+zIdALPKup+MIZx6qtALsszIbWEvE6oq54Izh+m4ESF6Ik5QnBecsAiVQdjgTCqAsnXU3cmfzB1bTik4xZbjt7vLv+h2dQUGOI5pEahK0QoUOEjnBThFg0r+ks5HSVoR1womvoQ2UYqIT0WTMhBrEhL7UvhEETa99533o3dDyreTMKKBU0oSBd4Ak2RJrYfoapxNAxKpNTXYaSwWZzJt65FzrrBIZQflkUB7hbzieLUdkfmkBFfKbUthjCuXFiP2hSxxzm0mSFX4ys2Jk/x7QYYpnlAWp0xPoInQAAAQAElEQVRJ/v24MzdfPHpQDJj0LPpY4gQ1PMaEBRNzygbqs+ydf8KZJ7r5StGr0wls5U5gh8eJjOG+76JMubzK0frV5RV5iIMmpBFBOA4DO66QNQ3fwDxzAnvouJiXCu+3eBxVIK4F4JD/PPgpmgmbxwTrQVDhEig9p18e1UILER+Lt8xkMplMJpPJZDKZTCaTyWQymUwmk8lk+l9OWribuAaNYmnTNrjux7VORUZC4VH0HFy3lfotUSdazeWv35dIl23ECZcgYxyIOFkeLS8tV4dMnMgZthS1hd6Ym0rIdVKzjxIRTR1zU0LMKFRCORIURBKArR+ayieZmlTwBcXdgduQuEguzi6eXU0Ce5zk133XEcZS7GBKFgnMKJKpZcWXYlsrW9hEeji3BEjlbDAbLZhZQtR72/IDqCYJoCcg9sBpYxl2SN4ncCtwI0AEn9hCI6khihfXBb26ngPmRi1tH+vG7Z3D2R6bBx4n2Ozz9NHpiJNpkHfyIadqwlzdKYCpQmkon1Iq8JohVQfYtaMR8s1gx4pK5eRjAyFNidEEujHkXgLERAki4NmvxhF9QmBCD5S7MyCu8m+ys6BLoYAEZLCC06CUwKxCkPAL8imBlp9y1R1HGlyyeUBxppmvjNPQHj0fqIUQkIsOuWr4/M8qpZBSDzNuIs1IijXfDlhjLM711z2wvKf4glD+1VOve8o77nmbc+LgpO4mEoEkDiLuMSh2OuFeCA+kDjNPPPc0x/M7yacOe79Xjrk8jxPZj9O/1EQkXyJ0IWLXxy4vx8QC5QkTHTlRcegZLRMprwGegDtInlf5oK5QrkQ2udZJCQrZhupNU0xPZLEnfApKUNo0s9lGS/8UeeKmdJoR6kfkSnImk8lkMplMJpPJZDKZTCaTyWQymUwmk+lRF5YSsyQgFICgFnZlL/3KeWFGYHqJVY49TmR3JxxEQ5nMcQdXd4uYjpbL5erScjgax1WulVOhdaPUfnwf5oV/aOxP5vhFNQxQKoLtTcBL2ZTNTvwci8FcXZ1YHFdsJNjQRciY6m7SdSH44Cmah0/CviaoXAo0dXcFMgCar/mX9mkpvPYEtnW11PKnjbgGWMxIj7rzHBEouUfcnMRGG8iONeyOQf4ao3Ojo/sRiTsBLCYYQBVmnCMi9aV3O7RxL8Gd+gbvFhyzsZ1na82dR8O4K8VNjlNXGBKcYVbrV9JWiU2EEhBuVrLnEQVxrNExRvIvUVaJURH0yCRKKs8v2dQEgkNo/tKnvGdgyCI46CH/+EXwK3QDuvx7pLgdQqmYovKSNdUm0UC5XwUk0WdFurEl+Ern3nqH2TaDWu/5DIHyb1DyVRg9oQ6NkQKABtDLueYxKY+HsiY4bYNmX3c2XPcA3IPcb9n8uIObFt3eajhiBEXOPPUuP9Nf/ev/0jVbpvbWx1JZOu1wseUo7/j1TeefiNc9rj7N8/PgPMdn9im4aSBl8R3SsiBI6IQjKqP9rLPPlr7LTcl3o/f7s3nejElZyt1WjxPZL45RVi1my+hygYCPsPCMEuZVL3ZDGEZiTrSd48j8Rxojgs/zhm4dQ3dkeaJZPLjBhYBiNEn+nGiEmy6I0nKJYXMt+remvNA6ynMDMzsxmUwmk8lkMplMJpPJZDKZTCaTyWQymR4TahGFKQ5m2tJalACzKU5ryopLSF1W+Aqn9WjHFEuhU4qbAE4l7Pw6jeN4tDw6Wh4O4zLGkWrpEpsAuIaMNM27rDojNEyHljCRy/TSU8FEyOmEA3EcR+QUHoEZGjL/SBMFQ9FBbOjCtdhcM++6brFYdF3QgB4+g3euZEA4nDu2aHZKhVDqt/rFASAlbLZv9H3yTOHDwsTSNFgLYvtarsmN8KVyDuJtUdIrcg24FtE9RMTIteoIgYgTda1gsxuxMkCJgtlqDtFgFRNsVOvgx+nUXhNwuR8VSsE53HqVa0+cZHW197OWIG6COpWRgmm/5OaPAPDd0zwcV6J3sPZLYSXGiZyG47hyu5JkmZD5CZEB+ab6RHRUwj6EFZD9yZBgSHGIUSJW5Gl2VP6XJ51dMQpDIvk5UPKotjqFiK8OuPUHtlrSVGQjlJlHbivEofQS0RUxzsfOFX7iOI8T+X2+vwEvNY4mvP8zbnjGW9//5tbdJD9voIlF7vZ730gjmvQo3idNK5fSefXYgutN+9DvB+NDEC6oNwmfjh+2NN3m6rMynVO2iJOLWN4ktTTh7KTyWt2Fzi7O37z/+ManhMZhEQ7cZXucTL+HNHqigFwgWg6SUDnEohEYlM/XhZAXOTJ3SsrOLENMkX5kxKjprAjkr0PzKy8d9XmTvwp5Mun0F0ue4px0zJJeV8+Nh5ShFoNOTCaTyWQymUwmk8lkMplMJpPJZDKZTKbHgiYjBvmaPVeoJdaAw3TE+KDZtXw5vQThoItO4w5Ay+GucUPRQ/SL/qDF8WFcrZarw6NLq+EopiHhwNBJgmJBsJU7OaWk1LyFMIApGIhBk44ZERD6hNrOxEhSZISL3yhhDujU0MUXww9S3/d0GhBWhWN18nAlxga0JalceUoa4kovtKlAtXluGwRRaZvCcPAVCkbToDhJkZJS4S5wEEgXQB0T+C7wD1mbJPlNRAJ6uQdyCfoR3KQlVjgMwz3igiv6dOdROKM81j+4enWz8JnalGljeYA2JPMCXUucKE3imSOK9TRzpkPYkOJ7AxK7k5wCDk4nCk1ojz64RLFJKeWZGwD6QJk7lKXEiBXhA/IcYqBZlcr5aYYocbJGTq0Lp0lY/UAK1FYP4Rmo64nQT/IGKbsljWvDMvc4WWMsXPvbO3/d4qYHV/c4Nu3hPdKtj7v19g/8vgA1jgkvp8+nZmgVpKRxQCn0SfWtKaCIfgrtFh65wuJ4pUbcBjvilCApHRMPJd7Hlf3dtL8rd04gstuue64rc1e4k97veQLQ1skbcHUpxflIVlpFx3MZR8/oC62JLiTXcjDCnPkAtFjmZ18Wgd4jJe/E6ApFOAx5aCl1jGaPp0gensmC53mxhOIFVucOTuFNMA2pWssUqEdWr12o2KOxDplMJpPJZDKZTCaTyWQymUwmk8lkMplMplbqnCFlUylhSyWycCVMVhRbC/YwUacTgUgQOWlGyQypDvpSEYWmOI6lNJzPkA+JaVwNq6PV4XJFxAlSkAsyESG7u8j1X27HFXAnWtFuarZa7ObXHjg/ouOv3nt5y8iIBuOoKYv2K3EhtaYIhRoYBBDEIEWCKcq4uVSAEJwuLaTIrIkViZmKz9C23sFsY3OSUo3FUl8Wk4hCDNXxqp3mCm+NIpHWUwBLQhjHNKQxceYJR10EzNXvXMLOt4kZHPCTZwXgdN7Lvx2Xq+moD37Wk17ygmfe8tTHL7qwvs9lnntI6Y673veaN935lre/F9cwkGuqbvdHuMGeTFgKzrfPjpI7CdUsRKaYXzsP8wI0Nzwql0AeJzD5oHDuE/1mzIHyUTzlJ7k+P3WAAz/Rcirij/KjynOVmArBB5pIHThmKjA2MIFSpWPVIEReeDZlYRiKzhV0xjN34rs5V3Iqj5N6/ev7mx5cfUD3J1MN6Hz3zMfd8rb3vpl3rF4metTkbjI5oEiqTutuUlmT2RbXEiqucXbiASvESXKz11DAkkpXQGVT8rGJ2uAdpuKJQuN4ZnH26Wee5uZjsghn3OV5nBSMqey/HAbHS0cIECRpjOE7X2AXongcAXri0oSc4NTRMtFh+ZvR+xjZ7MTx3xIJXBtjWTxjFJRPPKW0r5yztGlYwsCSLrI4OTfNGC3jTUwmk8lkMplMJpPJZDKZTCaTyWQymUymx4IkggObqqsiEiUpBkrJWAwuYI5BiNEJFRq1AA3s5yHVfJxfSIkTR0DJOAzDcjWsVqsxjuzPQVVwpVRSLUyXAvRUYEylyJ5O7pu4BpRmtCk/DIsESI4zcai8qpcRkmZqs5Ou1TOykwlzKxQhEfqO4nUE0OGYHn5JlddaiRXrFy/sjMI9KG4HOPmWNCBHNZCoO6xLXVJ0QGQn9Mj5N4qyoDAkTj0ExsqjVDuBRCXgYYyrMcU8mLk3vnM6uLnATL4HhJ6Ax3oLsIINl1fvPQU0tPOEi777nE//yE/+2JdeQ0+Dj3nJcz7rz7sf/YXf/n9+9BdXQ5xAgSq8BiXtriFJjlEDGGHBvtboiRmYktz0xKpjjXPFbIK5IXUfUgBFoQMvT0yZWp6Zj0Czhk0syBAFoifvD8IcPM8U7/O7kSACmlqRtoHENOHsMdnVM8XWdE+Z4zjnhEqcTUUjxIYI+UoU9DJjSU7lcVJ1vrth4Q9W6ZI4i8gK9cE3P/fu++48XF3k3ZUdaSxMeItgE9Rv/bT1MtEkI9mSsC4xxbaD3YR0NcQpewgb/xK9IZPrSc3cqYyc0irseoKT64l/3nXP16VE+0/DtRfOlk7rJ4VHcTs8Tspgl/2Xw4rPRXRSXoc7Wt1ozQoMBNEyEPrkEyU20fSjGxYEYKETJhmXAOKTwusb6IgNcRT3E3lL78ZId5cNcxJGttfyzR+VZjC1Q1CQnvmcM5sTk8lkMplMJpPJZDKZTCaTyWQymUwmk+mxoeqXUGt4UIJxAKaieHEvmVX6xAskTgkyWjXfVQ7Mld+Y4mq1Osr/rw6HcUU+AsABLynliiVWokFCQmpxvTTNbTGFOLZ3WHoghgrE0QQvX+YPvguMjCQkA5dCyiSUIIupyin9UksTqseGjjN1+q6X+jyoGUJ7XAnQAGgGTQ1Rpl+u7do0gE37k5vwFSWCmh2CdpHrvGJmIaFAFJFRSubAqUXRsQkLmbfQxzHlinCMhBaF0AdH0RneFVhAICAEBy0XwfIz6mjHsG/55EpqxJ/9aR/5KR/3UnetlXvwKR/z4jwy3/pDvyBb1iftVXMnVLjXU5Va+Q5OAxuqBKDM+E3opJ5B7E4AZ/cGC5ehUBC6CImL//QP02UQNTAlfxrlH2YQome2yCeMNFd8mqAvNzqf34x5J0fhO7TduzFp+oliTVvTT1CjqlpUABLjA4mJEnkYCOMCtWdxZdlJ2A7N5Xqc1D0fv/+Ud178/cm8CFN+bl/41Bf/2u2/NHcuSULHyD7CwpR2nuxu0u4jvZTzMH1SfytHwucB57D1NXFy3dbXpIyHw9I7gJv2HvfUM08tvUvkZePSmf56pyyOg5M9TtZHUl4PceSVzTmGQJInNxL2N6FlIM+cRNZHMY9e53u2vpIBkr56Yd08ryBsfpUkkAn5LQEmQWhEF3t2jhpXMk2RssocYSsoq1sN9Alts+tygmsAoMlkMplMJpPJZDKZTCaTyWQymUwmk8lkeiwJSh1PkBOvFU9O2GF7hTVJBTA1NgO+JurIt+GdKxEvWlSOSKk6S7I4Wa7GMVe5qQzrJM7CJTYOwLZFpyNLjutTUT5358XhxEvvvPNQulqL3FJKR/ZbYZcTrGE6bJFCJdeu4wgKR9/sd0ycSBaP1OlrYRQAcGv7tWAr7hRbx5C0aQAAEABJREFUm61GBFx9nixT0E13qN1V7Uh4nEccY1YaK/yiv4HuFOdfsN0AAlu4EGvSBQh9wI5GgyrfjOVQPVocVWACZQr0MoOAtncAr/jGTae85Wk3f8rHvcQ9bPqUj3nxz7369Xe86wP0Rn1GrhI1mdS19XH9Zx1rqfxQcfmocS+KePGgpwn/QjXlyEV8V9xMNq+iCAsH/DDLwH3jXT24qZcys/IVE0R5RPPHHeSn1CsU4VIPhJv4/OASQpAnWn6ZOoGbdM7VvC2os5CJGCiuRGSrw91QWxbyz3BioiTEFj/nya27hhRXEHeZHifFzwOu6x+3H+4+ihedqyk56QnnnvDUm55x1z1vT2mdF6F9ypombaB9SkzQDncTdhUqN6Dm4KjjE+fplNdz75N6x4QY2uJrUh51fp2f1Jfe+JIyNVCoEQ9dzdYpdI7e1h0eJ9COZz2qD36M4zho8ztPQUveB17M6L4fxhWwl0nfjf1iQSsgrzm0cOcbysYo7BAjDYvFRcb3LmDglYQWF55C6GOAsrZGBuDoMhGjK2siYYgKt/nIl/DlD4nThVVujXEnJpPJZDKZTCaTyWQymUwmk8lkMplMJtOjLP0qOgc8UIEamTlwEzIi6Qq6N2qtVziGXFkcExEOXCz1msVTvDEUwZiOxZiGMa2YN7k0jEP+4e1UU8/lzVI4LtCGX6vUczoIp8ZoUwofwrVs8Lu/9y7MzJDrmMSI0Jf3OwidDxJqkYu9icvGZHYixf3c1NxWCV5xBMV4/UK/73wQBEdSJiJZPkgdF4Q74fop11jpO/y1AO1qrE1J83BiM4GlP010EXJlGyXlA1yYEBQeriSVa6nCqyMD+xOwxcAwjrl8HHEQsxNK36F+UecYPCCsIVdrI4IYuvR97/f2/N7Ch87JNOBsHQdBCaKpOr1pN7Bz1KtVgbxrfl+GXvqCZz2sdgb55C957jMVOnHaU3ST185JTT7u485drvQ2z+wp1mxm1iks3H2icpQveASKDUq1ycF6W4R0ICwrqGkGuWgI8iS+H/mpyf9FRrEC0QNOIqLE4ydp6IyHan2iSwC/VX6idgHq79JIaPvbwDp4xR4ndf8nHTzjHRffqP4l5Zl54VNe+L4H7l4NR/J8OEZ9CpWCgr/JQ3uMu8naPnXkFQ1D17iYqIcKZ3O13ieuuHs0rieusimT60n+/WGPe9F+t8+7F+LEwUF3HjRF7LQeJ9M4NNvPHuwfLZd57SAqLUYkH5VUBoRWer5RuXkjjEM3Dou+CxonxosjYWrU+I7/DMhFfLk1CiDlScRzD/mA8iaQ84nYQxGGUlyzdB4V0IdwxeTKRJFF1LsrWFJMJpPJZDKZTCaTyWQymUwmk8lkMplMJtPDJcIMcPJK2FrsF0cQtc1IGFm5AOgZxRBqYlupngqKY4pDWpHNyepoGJYxRWhdSBoUg6/kdtT81wwOLqN/HTt6cOiJ78AHqrQnbbOaDWipFlG6NuYyJ6foUBaPxEf4mnGD61YCWIkM3E0rCIlTDq6DXE5ZHCiw7MeFWsoeUjwFxX0l8pCqNwZVvaPgLOxxQi1HiIkgAgJmkPgPIDsJ4BI7BIo9QbZ7CV2/WPREnATJQnEgOE3FAGAa+HUrDbfR/XY7Xi4uUr0d6lg9++lPcA+znv20x8/eF+5EBCdzJzvZlG5zmLbZv5x0+t3zXAGlUpWHGa6x5TIClhT3kcoeSEyP3C6dwupxhMVVA3FBfifEoXDln/ASNgIi4iRPuJHxqTpasnpgNTZxFK6S5AKMSLCXR82K8k49fRRQWGt443Hi5pTJloVgzc8jf3q2u/58f+ODq3s4j4ZSaZjj6j7i2S9/1ZteQXslsViZ3E34icJCk/CG1DAlZYvyKErJYf0A1LMEmjslv70k7LTeJ43rCUxQn64FvuTs4DPOPfNpB08u/VdSxEO3RzYn05icxuPEzT1O5Pfjrrs+L828dpCWy+VAi/SSuZc8NB7VBovu4zCMS1q9CT+ilZ/yuYCWVLZ+6oqXVOLUJEfYnnZT3k9rngTqQJCRjORpIv4nJaeMtpMXCgeGubWu0aYr91MymUwmk8lkMplMJpPJZDKZTCaTyWQymUzXXlIGLMXAdbZASJTEdb5cgx1jHMdRiomeeYX1/aUQS1VBquqSzck4LCla5yi/iGKeoIYlp+dIwK27PcAERuyWZz8HMjih39DTF/NBYmlSqXQrLkJV6JS7Rlk/xJsEAWrEyEW/3b8lJ0VeYW0klgoylNHTaAh2fuAmTXYPypzwPljdXHhrcikyAZBbFdNIZdlc5U9kSCBn4dMmJQ4S/0enSgVCENIgyL0QewW2VhDiZH+xd9D1e2x24SZ7mcmbBNzMk2Lthdu4O9tGxZ0o2Nwzbzqz17uHWQf5EscyQqflTjZ0+U4n8zN6zkOC5lbM5hkqBOBgstkoNjnQ7Ncczy4fBamRf71QEswmVQ8SLfcn6Ttt9xx2goGhE54jtCX/jEg5Tp4MKiQaBrQRbAUi2VBCPDDIosjWtMS4JjCFkCheKqR9+sBcucdJuX34lINbLwz3J4zFOyT3DK7fv+HFz3rZb9/xq87NvExm7iYJ3QSeYLOnOKPIPqndBwpRw0PF7amOJvr4NazJ9Fr5lelOFyQob7/54PEvuuEFxIwpN0NeIXkhPtPf2DIo7oo8ToQ7ueHcubzoET9EZicxubOXDo8uXbw4jORjFckZidaeIaGwZHmTh5Sb4ZP3lJkDguaRGRRxej74UBdLX9ZLeUtJPGUS5rvuky59PFQ863kxohAmhk48ESeBGECaZTXwDKJDNOjEZDKZTCaTyWQymUwmk8lkMplMJpPJZHrUxbVmqQxKJVDpCj9LL5CyIWML9A3z6nEixMm6pwNOMQhO0RPM1csVFTSpssnmKFyU1rM33IkCIJtwyZp8U6B2u7gAAUQk+ceT4QJVMjs2V/D87X39Nr34NFC4A0XqRPq6vQuhy2LkhI/XkwGbFDjxKXBN3Zyvpx+hYC61XVh6Rv0S1EYdH5IUll05DpgvgXoQR07Q9/+TWJiwGQDXhal0TjV+MpwgdiBy3ZlaxyCNFP6hXEQSUvJnnbzOZeHFYr/f2w99GQ86NmDNs3CTFwsWg4IK0JT2rrs5zG/Q+t1wlyM8HYV0bdSSJXPK5LTcyYauFDqp3BJzJzjHfjalz05jz1IeodledDZOZlEUoVwMkMGThkyBYvnjQXEmoLkjGTsCgxBwwmQUdB5HfpAjeoZUIGmLUNyLkjIllWeR69QJtP0WNwtKS0u4bb9rD3f6eXgITzt72zsuvIE7kaqJxtNuePrR0w7f8M7XOu6PurtUgEQfommLq0k6WB6qVIcacXI6EcBk09FEtoDgQWXQ6xZouBNFVPJO5/eu+4gbX9yQJdrHg+66znfOTW4lrvw+zZjMj3K9p+wxCkvqvKwsZ/YXyzMHIwFuZKx08ejocLk8XB6NqZBMKAMQpdO8ZqW8Hq3GSEQfeScFXi6xBLYhwSj0gRdbJf7FsJISeHRTvGY9yerDCzc7n4SQ71GgvzriAkO8S0zOZDKZTCaTyWQymUwmk8lkMplMJpPJZDI9+hK/hGrgUYkTNzEHuidlIDADwUYgVF2lKAU9cIIE2OhDi8y5gpnrksnFYVwNFOCwIuOE4LBUeNsKsiRgNBth3kxXyqQwBwF2ESfqTUKERW6pg+Ck3AkwUTG5bKrxDampgAeSDwU5Ef+XMiBQy/xSR1ZfEphcG1zJz5k3TorMWAwq9KjSL6TEEh4uplOoVQzoEG5CWUbkbpK4Fp5PMYLYUJBVgEJDOoRycRAgRCrbviSGgLhUdF23t3/QLfZDtwcUvuNltynjCJo7OacZYM6abNygq9Pl4B1vuuM9H7j/wgk7gbv5hnPPfdaT3FU0Q0vgW8Ca49S1+Sp6otMZM0Bz1eMvOfEotcVl//KgyGvd6itOhMVHRzwmSrQWTFNALp68q4wKwQFEahG7AknMT5xfUHITRAcx/0YXJR/FUeJTfpqj5tSATMmJqJmPRGVRioNIS5mAm3Enzp3a46RuP9fdePP+U99/eBeZNTGfJUzWrY+/bRiP3nL3G8BN4Tp8gqQvOUisdTdp9lHYRH6rW0mT1+XWHU1SQ5+oE1HDmsxdTyhbJ51fXPfym17SQ5fY3UT6klzq/d5+d27Ts+SyxqRwJ3LfkyxxHedssZ3JYn+xIL8nT14kZ1erw6PlxUsXLy1XMUYaRjFdSnGM9CdBfGHICYX+guQlJuXjZMkUZ5P8mrLNvAsxLMQNJc+kQPMransmJIpHHwqPx+QKnYawFTF9yhcLXW9OJyaTyWQymUwmk8lkMplMJpPJZDKZTCbTY0RiiFE8T6qhQRIWRUrU/FX+iThx7IlSURU3Z0Cmb9EzRRHdSNDJuIw48i6U8VIKzbO6oVZptaS7DTpZf7GjR3oWDsahRAcfEOhr9sRdqDVLFM6D7RgSB9swgcHfzM/l166TPmp4UGOFgThdAqetacuAojoj8BCKuQlKVZ4uVmAdQXDy1mHMJdxItAmNWxrTmNsS00h+A3Q/ooTvgKSYOL2ChwLS0DUTF/+FPvEJqztJ7lqXyNCAUnX6vT3fLYC8EgKb3Xhxp6iWNkyxwMQpzHq1ZbyPvR1XyqPsLin/xuvf/sXf8CPrl9nEkPjF13zep770ec90J14Ldr+VbZeDnnTzmc20j4f2RGuSz1J5LcwITgSKyleYpGwUrEFSY5y4khSl5mOs6UkTC1WQA3Hv0KwejICN6YnuXQJchE+hOBU2tlBDlvzE5AcsAiRPuFSepyHkaYgdQR6OwS6alV3wksID88mE4vIjHVTkra4sa8SJc1v8PPBEP48n7j/r4vDApfHBibfg2/DcJ39Ibvyb7vo9bYVzTWwLPW6MoNT8nbpPeeuU9Jr2ERJNOZLpdlbXE97Sup60bIr0nH7fuHfjH7vxxQvoiluJUiMBurP9DZUyuUqPE+0nLejcEsdGS7xk9vluJQ49Auj39872i5vOn8srU16kVqvh6GiVD1yuVhcuXVyuhnz/KTONF8FE28fANFvC4nTCrBon78DY9z4Enjr0BydfuKPfHPrlePUFhmDyPEpRmi6LstM/Uh79fME1mUwmk8lkMplMJpPJZDKZTCaTyWQymUyPkmqFGqrXSSmtU0BC+QjF4CTSN9+FOGEvkNCERTS1eK5hs0dAcrn0PMaLVJc8Ig8PVAcO0NpstTPAqSB7fHuppEmghW7goijl9cyMJagMLj4lRFuw00n1KnFMmURhTbiumcRygDEL6jc0cpM5hDYPddC0bl6cDrhuPGt/qdYzGEIXiSWah7bn0joZBTi1WSHLAHpLZMmYcl13yJ/qdSnbJxGM4ihJx2srkg4dV3M16kcMJeQeuDb3B5KgAqFf7O0t9s90/YEDcTRgsoQ/Be9cdZLhEUb1dFhjSvwUtzT1de3eXWlFGE/FqDzxcdfdcP2Z+x+4dLJO8+4AABAASURBVMJJ0N14/ZnH33jeHXO5zaPaj3agJ64YYexS19b0S9qQboEmUmntMFgjUvi5OOFSZZoJ/tCcQCesYiriOFJ4CKceEnINIRo0UaZem/fzJbqnIDO03TOtlTsVPWMuSZqAFLOSD+nIHoPdPIjtIlsUeptAMaxpQGa91GbAtLF0bpM7kR0uz8/jGeee99YHXzOkFfDDX51Fbnvi8w8WZ377ba8ug1WdSyZ3E0HwWncT8TtBnPgVnALDvObsTI1SXxNXl7yZ64kvPigarXP94vo/ceOL87K11ru859n+Jk8kyrXxOCl7xBbhyKtplCQxxvQcHx88rxQeku9Stxf3UQCU82fOHS2XhBQOMSaCRPKvo2GV/17IKsUBYDI9cExjXo5HjPm0yqNUqyZePwP7UwVdjkAsWBgzEbbOuekGuFP8wTCZTCaTyWQymUwmk8lkMplMJpPJZDKZTA+7AKqXgVYip2ppswMW7ar01Vq8VJalUrgclhcOLyxXhxGZqMAk8S9aCG2PcxsOBqcRrttGqF1LrpZSkI5k65SAHKqfEqUi10+cARJLW4BAGi/VT7FD0Qscc/G2Bu1gFxpAH/PX9wF5CNj5gcq8TOFEFyVJJ+aSLNW286sh8jf8iTKhIjFbEBSHicKFuALr5DeRK7p+Kt1XXIhCc3LlOgB0IRwsFotusRe6PUflbEpHaW6zO41OqPNOvIO/cu7kFHrGk276ga/9ezGdfIng/QlNbu/aJvJyLATTpNGsq5tccOjfuHaahmeq+5SPnEOYUAvZ1mA0M+lGmJAQ9dUgrkIncZRpMWXWOKhEjUZCuYmcgLWnUJgXnXAwbyDxC5Si4r0cS/MzCAhG2SqUvwPMStGLFGBMCrtMV+Fz1GFM0jYNnWmHZsswVyePlq5wu/08Olg869wLb3/otflJU6akcCdPu/GZZ5939tfe8qrVuHSVI0GnbFflTmpL5MFPzfkV80pKm7GvSeFUhBcpN2ZCweQfcT2pPih4496Nf/yGFzJxst67s/2Nne9O9Dhxp/Y4mRYK7UShZ4BWKeXSeNkRWoVybRwtJ4tFTxxd3589OBg5+2u5ItIkL2PDOFy8dPFweTTGKLk76rzEAA+tdJSrw1MmRUrzYRMgiUPzjhJ3ZDKH4lfFDijAiWde26yZRCaTyWQymUwmk8lkMplMJpPJZDKZTCaT6VFWyY7R9IMWQEHnKmKSklic7CQw1ur6jHTEIQ2XlodHy8PoRjb0YCcFbB0y2uLnKWuIsmelDfxGPZqIEe4XUJHS51pmYPKAqtmpOIDUiBogJoO+cu+hECf0eu4Ksa3kXQenoCdQmuecuL80TZZaMF+U/E2i45wiSs1JkkDEuEkUtidyho4cUSvcrt6dyQyj8YLgc9e3KBQNZbHkam3nsPd+0ff7i/2D0HU+dAi+0AYynh5rS9cGe+pTW5tWVxy3/QZJndzPz3Jq4amOoAik4N210Dp34k5leXK8OtgI0WkCQbxEmWhJfdvZGzuKndfXu1PSYpRtmK6hxf7gJMwKqh+R3m3y1ZHJ49ViBGZ3XM091NtnmhuIE34CsiN5D3EsCpbJxw9PPkMozyhqdJer85qPZBclJsXEBMnJo0W0FM77ivPBuSw/D83f2Q9nbjn/wjseeu2YRiZOUv19w9nHffSHfMKvveWVD168v3iZJPbaUDZFGzZ3N1G/k9Rsd8UwSnJ2pvQcHWynV1QoJaXquUJ+J085eNKHX/c8bRXdKPJBYVgPzvQ39H6v9uvKPE429uf9EpSlP+lto47jahi9T7w2Tu5GZB4Vgvzp6DpqP70Ft7+/R1YnSODJpb3+aHm0GsnKKcZ4tFoNHBEW829AXmmJ+OO/CpFXQGH9gLxzCmMlnFNAWZJDXqe74trjCKjy3ht3YjKZTCaTyWQymUwmk8lkMplMJpPJZDI9ygL5Pnmp8Amr4eQr+1wIZBOOXEXMoop5xQ6qR0Aj/Qo9OxekXNW9cHjx0uGlkRMXnNSiueYZJK/HXY0m2sArzgHlrVpbyDfnO0oJom2a68PoSyld0pbA3gyMpnhKwNGYB19Zk5KJk2rHG7oj12iplM8WMEnLsjAnaKgYHSOqJUu+fC68Dvl/CtAZGIMRDoeic1CcHyikxAle4lzxXGn5CsUUggw7zD1FUHfNpWrPHgJ91+2Hbr9fHHTdHjsLCELgyyBwjRfWk11mp5zIB6iVd/1kCw4B5aMr1em4k2uodZeazQZcJnrSHTsAqMMHm9RMHVGsHNAutqf5rU4jGx4WbU8EpHJb27N1K8UuJYGzCgEFtUnqhqS/QF96dslITn1/2L7DM4NGD0socBQ/YHKsgC+MXBRcCX19RLe3sKEo3On8PKBSGPvh3LPOv/COB38n4uiUBBJjFdzv9z/6BZ/wW2/75Xd94B01aMdVWkhQmsndBIsDiuyoe04eJ3NYrDIo1ddk4lF4/eqge975W245eFLl3SSHiMLDnD+zuGHh99t+4RWNids2JqWjsgqIKxQDaWV+VgBIVitaudLoKUYJ1BqFl/cArg+AIfRh/9yZHtnQZrVaHh4dDeM4YjoaVqthQA7KYVsUDmwj4xvOXqLOUqqYLEbIK+tAAwEhpYBpSBS84/lT4lDw2kBnJpPJZDKZTCaTyWQymUwmk8lkMplMJpPpiiWIhUAn6jPQVHoZPUljJKMT56oPyhR64Np9y+981CqtDo8ODw8vjTFXGGPEFLyenErLYnZyTamC4gICUiqlJAaxLJECainIC/tRi+dibEKeKEyoICXyoLhQ1Jr52oX88TCBm8awwBnkakJBMJ7tTQjgGYdhlWuwzo3qMyLVdzWXER8WRU78dqRjjYlYz7IpuTl5ABZdt9cvDkI4CN0+eGEhOPpoY/QcTDXoyiE553CdVChBQleDlTz2dDJ34i6jy10FcwrN04xtRQe2PAbtFYp7TpnEVQUjkdycTdJk9jaV+wdYoJH1nbBevOBOzedCSzGikIgDKOE4sN5OZrCoNWycUqdNlCeNnTs4YWpyVBJYRXgD9QgRPo0ul9zhpeXBmb3SNAdX4nGy5agz4bpnX/ei28nvZOBPEyhLlTuYXnrrH7/5uie8/u2vGcZVPUX1MpFhd9PjXbawJ0oZMi++JihDqayJa1xPZEty7G6Sn8an7T/phedu6TjHZq21HvyZ/sbeL07Zu8sdk3S4ZITQQbmTlYkR3i0JYyg3WK4Q6WY68oBxusSCAi7A3jZdxwllnqxJll042NvLu0S61PKQXU/GlFYE3uX/8mo4osQspcLmeaXbEsqE82wGldezJCNKVil5VfUGnZhMJpPJZDKZTCaTyWQymUwmk8lkMplMj7IkE8Ppd8tpi9YluYZItEQkSkJ2lspigIJ2lJPU3IZS00yHR4cXLjwU08BOBsipG17qlohhdqV1gdv92Q4VZKJwJ5zF0HUMnXj+rn5DTUC19PAgHiie6rpUD+ZyKakSNtDAHLXOP10YsQEToDicUNBISqUL6GgIR4mdEMuYmCutq5hGCoygFlDxmQqrwLYnYitSQIKk3AJCMzLS3eqtMm9k9aQg9qbr+q7fzz/eL/KoVO4gMffDridN32YcEbRbm6QhcLMgofV7UUkHd5V6NIiWLdyJc7voKDy2hR3Uu1MmSeBSurjX8GbAdReTKcmlYBklvUWyqYRmUs8RYYTWgBK94JrZjM5l2NXkJpSHz1Q5Fr3XRLckICcLdfpBRkn0GmIiBL5cMbnGmEd8QNh1h7kCPXnUaU7Al6BqEXg54j6R10lu7YUHLlTopEw6BV5ausId53Eie8yOyr/3w/lnn3/xHQ+9dkhL4U4Y+0psZoLPePytT7zhqa9/x2/d9b63u+pugnXsK2LXMCgp6RYlNrwrLiau/i6JXKUztM9+2H/R+Q960uLG2p+2nR66c4sbA4TSr/XeXf2YjA9c0Hsti1gJHsOKI6HeK2jPwiSSBjgVXxS674yFeF6Fuy7kPbp+j5LZOKbpYG8/L4LDyHZPlDA2Hq3G5dGKfFDiwAslJfS4EGjBRLLMiUnQLIiMNHl2asor9RBz16IzmUwmk8lkMplMJpPJZDKZTCaTyWQymUyPqlC/wc5RBkmyIaSwDBREg/Ldc3YooTAF+mK7cBEU3FK+s0/fRQ/0PXbv3SquHrz40IMXHuSj41S3pJCdqUTbujMc277NTVvcJ4Dq+VqA7Yg36anoCWpZIswGexmUIj1IWR8kFISRDuVFQOrFqtRAMKX6zoMhmziDqOI05dy+HqxOMbmQOpK7yTKmMRfruZqa66pkCJFwpLo7fWM/JakOw3o3YYa7pKlhIPdGqsEyvF6CgZhUIObEd4vQ70HYA9/nyxBrQv95Lu8HcRTAZqyT8goTslAQCJi2wzE3Dx8ZWuTCpeW3//AvfeC+h7g965++4IOe8lf/zMvcFanEjLSb3NarHK9OfSPa+VPsLpxeAiaQRG98zVspM46Tm6qtjD6ek1ePCipmsk0NSlSwMFybZdB2tsEiamPlEknzVlDtT8qjrBY5WOeGdp42MC4hVhqJn0D2xygJKmL6wecCjqmizKgkV0Z34YELj3/y49zU6JP9PJqOYJMgM+2Tyuv9cO6261/29od+9+Jwv3qWgHJH+fVet/fiW//YM55w62vf+uqLhxf0mSp+J+C0M9XOiC8pYwJ6rcnRRH1Qmi20e34KP+jc02/bf2IHneyPnDIjr/P5e793tr/e8xA2pMhmH69qTJJAJ+VGo/ww8CIBNxNJVk17dAlUyq+dXwKpJIyy+OkkLh8HokbyCh2w6wnDQ3fdGWJJUoyrYTWMq8Pl0dGwXA5DZJOTyMY4dIb85yWO+XR0CxyMxKUEfCSWGpPJZDKZTCaTyWQymUwmk8lkMplMJpPJdJxqRRKZWIDyzfYajcHGIWpwwq4hUD1RJJonqS0H5o+X49GFw4uHy8NIvgypECfJczlVL7npx7BFU00cFKooH8yOgKnFyeV2dl3X9wtOynGarYPF1UPq94oUaKyQ7sPbvActr5YScvECqNCBVGt9jdXAyS4AlF5hDwhU3CRFziYib5NI1iYJxyY6h4rtoHRH0utsVFHrPakUwkQOuBocFPmueC7fCzWUS7KLfnGmW5wh6AT6vKXYY7BTgJq6QDOkctr1wIo6PtNbhMslMJwrSTCXd+DOvX/7Te/8qVf97q5Pf+N1b/+kj/6wc8Uj4wq0bnniNuwlTlJ3iv2wDu9GgpGrN0VpFKiPBMyIkynEB9qTCLxSiReR3zj9lgZNRMpMJcGpEAuCzEC9HOMK0Ni/wEQ8gK4QApyAR52mshfWB052RA1zycvNpQcvtkNS/D+c2+3n0fSw0hXtsWoWI20L0N963UvvvvSWDxzeWU+AxdIk/77p/BM+9sWf9La7X/+WO183UCBWNTdR4kT3x2lkNKpGk3ScUij0WjNr5Pcz9p/4/DNP24PeCbencUTFswTdXjg4019f+1X/mae6AAAQAElEQVRxoY0+Xu2YxAce0psIBY5i5AebNWY6A7QPv64EBa2h3UcZDmS3J7kkr7POTXBefse2S13SBtEqHN1BXidXq+VyWJLxCQXqELUSGU5ZHa2Ojg5X4yDXifzJ5a9CJpPJZDKZTCaTyWQymUwmk8lkMplMJpPpGssjpWaISv1bKo4MTSQtZ1NKDXjJUFBHAMfxIfmtZ0sPh0MaLi0PLx1eGuKwlq6CD89X0rk8qpVMqWxyng6n5jB2AVz5BHZsYecVaUaouIkUQ0s1Hhrfh1Sqr7HhPGbVViZYKp1T7BoQxf4kl0wlSSdyqk5KQ6peL+C0AN1WhPGkjpIVRN1RjF1SOZSNasjIxHM+Su563y8O+r0zodt3fsHEiXe1PC12FVB5ngk3KQPStOua3rotPiJXpA9/wTP/0ie8TJ1ORM1JP/S2J18NcSLa2VSc77FD3XrC0LSzb97DOv+xflkJPNG7NNmLlL1nfic1mqeZs7NLTUpNS6Y9ZviRWzuLkCN8fkVhsFhYJCjTufYH1TVD2DOiCzxy6pS6sigCxQhK6Tl6VJqDYp/yi/vff58rnhzuMvw81t1NWi+Qze1POfOc6xdPuPOh1w24FK+RxA2u3ie3PuUFT735lje84zfves/bnVtzN0lO/WmYfFNbF4V+Gvpkcj05G858+Llbr+/PFLrFzdrDR53pr1uE/bLd4Rw22+zdrjFpjto+GvmT8QP3S09hbSSxmV24jVOCnZ9jIXHkz0leEPPKknCgxVkSmhhC5MAmFzzSYg0udf2ig4PUJXbGEmqF8MWEy9Vw8cKFS4eHjKBgXlKXy1VKVx3iZTKZTCaTyWQymUwmk8lkMplMJpPJZDKZrk5U9G0zP5xEvahTh9RM1Q5EvuMOjeOFfMnd0+FDHC8cXjhcXhqRvqLuHjbVQr+4fkjdtguBq5ZAsTFcPg0+gMAlVPBUs5PS8lSdTpwW9LfUU+VqTRyFXp8Lx57bEZ2rjifiopJEnEw0Mmsy0rsUOf5GvvmPbipnwxpsAjtxjMoRYGlzKodINZ7NI1zn/SL0+1235/u9EA4A9pD4h8BQjNR5fU342LzaBh50TcwE1ru5xUfkMrW/1/+dT3u5uybC43p5MiWzgzzp2l1g2hM2RmN2AUUEJl+YhoSSIj7HupzCa6Y1QykXxDX8ZP4WsT5WbjoEyi7Y2pqAOn4IfyIciYRZFfeLgqAEVz0zqPVeIbeEZLZDEVP0OAnlJXFDlLOT6KQpvetNd+InvrzaCbV0xbF+HpXkmI7C+VFu/vtsd8MH3/DH3n3pLR84uqvm7whxwqtM2uv3X/xBL3/u01/01nf93p3vuT3GsQ6S8BPSSWJWYMpIKhiQ0iQ9hOececoH7T9Bxr4sLVM7aeWC7uyCInWaFk63at47PHFMmqNgc0zk8+Vb3q5GNfxJ9VyBdkRBT9g67kwf80tBQMp6NJth9VNdv1z9KxJpKc2/upHee+jA9V1Pl+sEZqS98pFnD/bO7feHywMBISPipUuHq9XgTCaTyWQymUwmk8lkMplMJpPJZDKZTCbToyolSZqqoqhJolHgpC1f6j5A3+zPNXDyODm6ePHwwhBXMW+YviwvQIbbWZm/TAmqUQNfpGHs7NEtukDpP4zIMHECeoCUUnM9M4S1jhfcZEv5HktBNqFyJrpZoI1SvGfvFAFaomA6MUaGdfJb8jjhenQuN0ul1M1cMhDhFMMy5ZPUhjeDyw1JjjxOHNuU5ILtQb93LnR74Bfge+d7cLnjwRWeQE6C9SaiaxCG49ozQTvuCrQ+zlfPnVxL4Ql0zRUYtDTQScVG6nNRYmf85pVAZ7mbNam4C7k1MKne0y2uK+2OCnpsXG39rgjIBdMhzsHGmRNMDSyGJrO91A1FQAy90ZSjk/dk5yE+SNx21CSF3pLNSRIwojTiXW+4PY4xdP7UHifYJMhM+6Rt/h9rx3oITz37/Bv2nvTOC68/HC+KG0fzm6iRg70zH/rslz33mS+64+43/v6db4hxbHN2nFImULN1it8JXt+fv2XxuGft3SzLifipFF8TbVVuwH53di+caRxZZu3c7NfVjIleZRyHN9/B+0EzTdqnc8ush7KkqQcPTnuC8kmy6kPDO/F6KkeVhsnrQINAcVTeEy3oNKWMVya2hCJ6MMDizMH+ok+K+bnrz53LS6wzmUwmk8lkMplMJpPJZDKZTCaTyWQymUyPtqQeiVR19YKaYP3KeqlyQ1OGLrkY9EX0RKk6q4uHFy9cujCmFUcfJP7IcfEVlTu5UuhkrSje1EGDUCO5TJkr0uR0AkHfk0cA4SiYUBNkHCfphCDZMYkzPrhL6neCW4wnNKdkzhlUBwcdBi21876c+TDST8wvczF6dCXrBAXhmdfl27K97BgogGKzKXKJOJVqoaSsqL2KZO3k7vehO1jsnQ/9WfALBx1FlxD8AJKtAzU6h87g21vaeF4cA1Z4d0312OBOSpe38Bfram/OiS3v9OTzixVABBQewubZoM82wo1ce5r5u/mZywVaUsXVCv+xAVel61BmSsMs4DZSBcTeaDq9T+UkMD9vHSieq0QQQAEaUJ2CNNqKmRQXyKqIc3aY9xqOju58w+23vPA2OdUuP49mFCpd4dwsT8e1NAY2wzM72uHZ7qbn3vCRd196y3svvU0Tc9TLRBNh8rs+9Lc9/YW3POV5d77n99/53rc98OB9s6GEyl7kh9I/cXHDbYvH39idmYYacfIdUb8T7P3e2f46fmLXfUomVKm0s/TrqsZEzn34pjtgTN4HoWQcrY95rfRMyiW9xRszrk6nlrbxBYcrQN+awRTPb1+SfBqRN9awon28MIV1VdLItLw9j2TfdXt9z0Qfd6oTJMVkMplMJpPJZDKZTCaTyWQymUwmk8lkMj2ayoXFNmBGMnWaQqHj1BqtyiN935zqlZTwQYRKWo1Hy+Ho8OhSHIfENUapeXrXmCGIq8eV8gVJbDq0PQKIeEn8CcGH/D8DF4xeeI340PKwXhuKyklC2b5+rcYeAOvV9X0zJvKdfb6K+DZwrAa5nIz0I2E67H1SvpUvnihOQ4oqIdBcccf4pPpxLUHz9ZKiQewFEDEPxGLRn+sX14X+rPcHDjoOLhGIAHB+itbHoBTIfSEvcK09hQpoSs/H8AvHaY1HUIOIY+bFI2BkMLvEjOmAbf2s1fCJFtlFc3RTjg5sBadm18BZE7DwTa2uZNT1AoVs2DbJJtgGcQY2yQm2NSV/nADbU0VlJdxkmDGRLGp4ghLd0tggyTiOspdHz9Y/np8SDwhCS7ztN954yws/yJ3Wz+NULiCwZWyh/f2UM7fdtPeUuy+++YHVe8sZkuTOEFLHa0rw3bOf+rxbnvLchy7d95Y7f/fu976zjk7eZx8Wz9i7+dbFjXu+r7SKa3xN1EOFMaMz/XWLsH9MC0vLxEHkcj1Oto+J/L7422+J5LijHZQwNXnkK45XTK/qebFO06aJWJdYKNMHNqacEjlOkBSUxYwXH40o4sUtVX8n+ftEOKSnuKXKsiT5IxA6ZzKZTCaTyWQymUwmk8lkMplMJpPJZDKZHm0pkFFsTBIJtfqoZUhQaASR0xEwbxnTuIqr5eroaFiOlKozah6C7FocHeol3FVLc37o2+/kWcLGJVx45K/Yc8wOKGCB6jiAa34lWgnV5lUSRfuGbs4AaK2cK5xJNnoug3J1Pv9Tk3QSG5yMKf+LTJwwFIKzb/q7YxiXUkttqriTc0UlV+qJStpR8lLdDWF/b+/s3v51PpxFt+egd9C5yVkFFJVBsRKQberJgHUkyr5NK+rgrN0Jd9VqiaSd3Mmd77nPPcy68z33NtgFC7dDQc0e0LzYiYJ0PKdgCz0igI9MsfWjsHBGW+kQ53bZnMC2AwTQqlk+nDLjtmtzDEpbt+wpU8m1h0BJVKkzNRXQZJpTWM83OWWEBlTg2YwMc1HajJz/bb/5+j/1t/98deuoTh47/DwUsFqjK9aO2hgFmP+mo/bD2Wdf95KL4wN3Xfi9S+P9egZNzJl+5wPOn7nhpc/9qOc/+9Ltd70+dedv7m941uLGp/TnJ0isnrnSP8KvOL8I+wfdOQ2p2fA4adtXeocn9u4UY+LqfTz83d8n+xEITjkiiC5q5pFT7xH1qGlUocKtDjrg5rzVrvVC1jUQumjaqfZfm0jrLroRY0zVNycvvL7rgqXrmEwmk8lkMplMJpPJZDKZTCaTyWQymUyPtlqkQOmGhhQR6KQyKYmYE2QXAhyGYTkuV3EYxmWMo2buTLQGlzgB3VVrblLCX3tnDsZTWkyuhVI1FDgox2nV1Ws91Ek91imsgqUEKmzKmncD/04C1ei16Hv32GSNUDUcEveKMBPEOI6Up0O5OomtTZQ1IaXqhbET0YCd1e/arCn6RwZTa7HkPuJD6IODQF/37850e+fD4qzDvZQCW8PU8A35R9gb31yRT1hNbFxomAYoP9dGJ06CXdzJG976bvcw60138CXWgI7pLWzwGGuC+ZGTutm51oRbX07TpzYAtx23lYTZ0jSYkUvlAJ7SW6KSpnPzdWEDfGhhJEYmZsk7a8MEshrMV4HcjFhelwboYzLDMkCdPuhJvnT/A6/+4Z//Y5/+cZfl5yGEzaZ3yNqxbk5vuA3vkLPdDc+54eXvP3r7uy++JeLQECdAQWKNA8r+4uD5z37pzXu3nF88qfEywXoLyv7sCIKw351dhH0PAedXrO1McmY3eZyc6OCyMSau8Ciwtafv/pFXPvj+e/sQuiA0n6d4I5CEoyT3mNEpkFVW7xcvqEntW8pyK2M7LVe6qb6RtVe8TVoKUFKmKvU3uaXomiXLMI0d4izWJ40pRovXMZlMJpPJZDKZTCaTyWQymUwmk8lkMpkeE8IiCVNJ1VRkKg5itStIXO5bjkercbUclsthVSrLiVEN9lOAVCwPdiEHcAoaQfdzU/VcMnQ0g4P+xfpdeihWJRWwaJAARVJAPUJ4D5xCc/Q79WmqnCeFTbiWi3q0gisYUZN04pjY6YRMTTCVKjzi7q7xFZNbNxAp7cANxwloCrdad4XII+D9InT7Xf7p90N34GCBrgcfmCDxVOV2M5gDYF5wn7UxKZGA1xI3qVc+cQ+cCtOTfvN1b//N19/5R17wDPfw6Lff/M5f/923V9DGbQ6+fHJC87d/rGX6OcUD2w87ZszXjoBt208rlAdhsrvZ2MG1j8zOn7S+g2ThECqC00ZsqZeNzuv6Is8MlnQVneVez4OeJ/Jrf+aXLz1wobAX7jR+HnXPun950NdRmhnyUmiMtWMfv/+sD7np45505rbgO3VE0sUmuQmvm29pCAzZX7iQAGE/nLtu/+b97oynoK+d7WyokbZf9U5taefGmOixDWsyHbu8/6Hf/4Gfev/9D7z/gQc+8MD99128cGF5NObjAkVzeS9eScB3QFk/tUbSZxXEDsvrqlyAoeY+8xyoP9C8AF9VthNI6DUnEJ+segAAEABJREFUrU1EqxhKu2TCbFk0mUwmk8lkMplMJpPJZDKZTCaTyWQymUyPmuTb+JHFYTGYS37BgxYDpcyoOTOOiBNwg1tdPLpwaXnpaHW4HI6GtKKqJ5eHp/Pi8dXAU5ENsF6ezM2qoTpqbeInHxT5Vn6tXE+FS62Fu6mIWfJ0qnLXY8RUIyMYQEkiidcpVVFPw5V3JpeTgYgTrjhz2V0dYaT+65trzQGTYigzC9Mp+8CuscrXZaoGucBPh3YO9r0/E/pzXX8+l7LR9Q5yTbsH3xFXAAzeNLAD7oZhGk8Mv9HgthmnunHXUF/7/7zirXe+zz0Muv2u93/dd/13etV4i2ynpK6ost3VVzXeZkOghjOu+bjJN5oYhLYxcrrS6OmwDaGGYrmZ/4QcCG7miyHMjTTHFVMKtaDwzRVq9E+dB/OcHWjBFbpqUHAB9QrKQkA1tkAXoRzIzwyUlKmk4Bi65YXDX//RV370Z37iaTxO3BYXkBlzMe/1+m/c5o9CDQT/5DPPefzBLe8/vP19l26POBRULckaWnxNmAWRLcXXJPGqmheUg+7sXneGh/S4ax3fu0LYXIbvy9aevv6//OS9997vPa3bgX7hou8P9vf3Fotzi72+D7QWcI5SXnYp7kj8Z+ieUL6avKLepTRNODVHqYMGXtC+MqtcWWB4bvFclxlWJz1fUxE4nb2cVEYNYLJJuTiAR3QhMplMJpPJZDKZTCaTyWQymUwmk8lkMplMO5TLecRV4GQ10dAS3ku4gThzUPUyYTxcLi8tD2Mah/xfinknZCYjRQp94W+8p1MU6rfs0AYsCL5RsRPZIRAQ47mJoRapud1+dlIGTcTQAVFLmlOES2NVIHXwqVYq1ArZlkjlcwqCYOeTKKkOud+UKKS1//Ij8IDER5AfDDYtatgdLgSXoW6K3eA266h8Dg67cGpbwqdj+Cbk4vDZ0J3xgTxOuATsmf3hHkAqVy90AhbrF2wDT5qe79QjV9zd9Du5576H/uFX/MCn/ukX/ZEXPOPWpz9+f9Ht7/W7jr10tNrcvtb6fOve9q4PvOYNd/7wf39NvovlYIY96v64cSTuPuMOdbgFNlk/ZTGigPpxfoQSleGbWzQ7HtXgQqfMhJ1sPk8wf4H0lGibPE78iLQDHKe5TCdKsHb9eV/KCbZGaNX7WIEUmXf0xBI8VWcyfVJYtfIMlywXmgac4ULN/r2f/eVbX/a8pz3v2fMObvE4cXMXkNoB3DI8W2gMUG5jdmy9Vgf9k858cP655+jODxzecXG8jx/sJBSb/HbquTT5nQTwfTjYCwdlwTrhWu0VXePdUo+a9w5PNyazkXjv697yxh/7eZ9SXv7zYhUIakthtXpouexDOLu3v7/I/4Z8ZOeh93D2zNk+5JUo5iuH4Luui1ESxOh+CbcHBSKRKdACT0yLEDgiXin6FwXlz4ochjLlOL1H1uzCR4GG7PgJ3xJs5ThHKZPJZDKZTCaTyWQymUwmk8lkMplMJpPJ9MiIKo5cO8QKWKAagXgEz2VATo7JP4RbHI3Lw6NLq9WKjUCiKwhFfhEU8sjHJEnqoc3bK/SzAvasqi5uIfzteK8VSfJeKfXNwCVpTtXxrrh5THVeaX7DLUCN00F1fqhFWCyFS6l/SoWzpHxA+cZ+LrPyXpE6PJLNyUiuKElGRVKEJFsDy1fyCRDBKWoHGCTgur6WWXU7okI+gpZQb2KMPASee8Q4jJjNEG4QUHwDnO/6g35xEPq90J0JYY8MJZwwLFLhr9YDUrrH6gyAxWZCqtY43YeWUKijtKOmeyqPgU1MA47dZ6fymPzgT/9W/smvX3DbU7/xiz59c58HHjr86u/42d96/TvqaU/rg7A2C2GOcWw9SaUwcPotM6dVt2PqVwZD3s2GBpybG/eQUvXuWT+T8gdO2SG/cSlYe4FslCOvp72LyYTXFKlj7srUKJ7L/ph9y/QBWSHmYTv6tszIcv0yH6FM5dJBzI/cT//77/3LX/1Pzt98g3bkBHeT1uNkHiu1jTVxJ3uH1OeGPr15/xk37T/9aHzgvZduv391d0xDdTdx9Yzk6hH2wpkFPaLHXauhQrZc6/g+brTzOHcTuc6F997781/6H4chEvBTHpa8AI0IQ3RDGi8uH+oDEYeeoBPfebhxNSy6bq/ruhAWsHCy8vPjwqZTfI9GmhWKDGGC+WOfl0+OaMPiN8XmKorRiD8UiKMUTQUvRMlkByUuJx6n5+yYPy8mk8lkMplMJpPJZDKZTCaTyWQymUwmk+kRE2fKgGS9lIAIV2gPchbhaqKjUqTHZVoerY6GOETGTRzV/LzXyrCWC8n1ROvgJ199TgZIuZZ+ewe1Du/ZCkFr0JTN0GmhU+N8oK08SiW7BsS05xejkYY4cRUfSOXqDQZB393P3SToxJEZTEyjJBBJhVROUg7h9+KY4rClCQrRUnszWTwwhFJZH22pF9yEPtDeUc6PfP/fc2U4l7F9WOyf6RdnwC9Ct+ewP6b2ymALYLWvmY12M3TS0Cnjp2nvpsCdQg2E0cAZm3d8rb079jxOr33zu776W3/m3gcuNOyGOiacfPAaWYIb3Ml0yhNPNFPnjvGQmUFXGzDJ2o4bAncl0luryNPOodm02ykv/NrJoNhaVN4FsfETgkpuOb2byhzMibNpH1lBfFmMWrqHHquj+x/8ia/9rs/46n/syYFj5ufhjvUO2cBooLntO49t9p5ANdf4juQtB931z7ruJQlfeO/yrnsO33FxvK88/H6PrE32CJc7xbXwpGtpP5pj3c52ro9JOVZ/j8vhFV/6LcsHL0gsEKj5CkQeaJ9wJLYjjWPEmAIt8L4LcHjvPcH73ndnDvb29/Y6CH3X5WU6bwxdIBSFIs+6vEol9oNi+xOni7He+rx2tcQI1lYSVgXYrJYIRJ1oUllKrgA99OfAK+syGZ+YTCaTyWQymUwmk8lkMplMJpPJZDKZTKZHWYi5MlqqfVLuQzHeQE9145gLkRwpc7RcLlerkeiLkYt/jk1NBPTAyy2GN8XtCXGQari4lXAwhW6XgmSua3Lmg+QxADSFe2xOVw0TWosIqYHWqrdz81Ku038S+5cwP4JsaTLyl/QTEyeRfVzI34EQEKmee9DoniSn8U7ok2pfgGVsp0QTxnpKl+WtvPROe4peC/Riu8KjHfLxRJws9heLg26xj24hQEl1lNgc442hnm2fQw0yQsG5HazJ5clv3XoSULIdQ9mlfJ++9yd+43t//NfyDdJ9Z5gRtGjRTuEWzqMO5uXTJ6puY8vVj+k1E0xRU6cv26cJR8K1zjQfTdqGfWxMPJhCUryeSmNq1pgJevGBO+565X/60Y/9nE/bdPXY4XGydvPRbfP/OKV3yC7HEQ/d4/afefP+Mw/HBw/jQ2e76/uwOOW1YH0Z2n7FHdtP1c6137/4f333A297l6Ya5VWLkQ8mB2nEY0Idbc5Iy9t9XoVHfsvPWHd4qe/6nlxPFh34/GKxyD/5V9d3ofeBsKEU8zLdiV2JzjQ6npkT7S5jgzofErQQktpR6aqaTxegLM86Y2pwDzyWnimTyWQymUwmk8lkMplMJpPJZDKZTCaT6X9RodYnNVMH1CfEeUpySYAJ45DGVRxX47AcVmRzEken9IBgKlwfRHe5oMKMCCnbXPniPTeBAh70q/iTgwloqg5q0RJ3Fs4Rp7M2SMq88j2VxZGZE6eJORygQ7iJJOkQcSKHqr9DMU4RtEGwD0nika/oo4dCzKiFSAEgmsboB+IWQ68CWZtwwA5Qkk8cqUFJ6sVArgLd3t7++a4/A37PYceJFe4Y6TV335rCxVw1aNLWheX9FtKl3JBTzJayz1Y+hnTfg4df9a0//do3vnMdGdl93d0XKztubFk/H+54vaHHNHTyMAh3EEMwm6INBVUe2y2wFEyHq81JJbh+7+denY/46L/1F3wXXENXFGLDzT1ONk+8hcNYO7bZe+Yd0pAczm04juT/97vr8s+8EydcC9f3nl1rd+8uo531dxzGV3/jD9z5C6/hxDKNVWPiLckLWcR4AaJstXzfIj+HI5NAtDg5WEaEOHRDDC5S0JmnJStQBI8/2N8/Sz4oiy74BUKivDViijwH8BDNyCxLXtfEyUr7os/YjKFpUnXKqjmN1DRfrgUcZzKZTCaTyWQymUwmk8lkMplMJpPJZDKZrkqlGgpCTgTO1ZHybq79xRSHOC7H5RBXy2EYxiHG5NSKQIX0lXgxKbncIiCsveMEBlDLAy5T+oJl0FZWid3QVB/5ZvzGmam0ufk1eFxreaFSSiU3chtEMY5k6ZI0MocxFAp6oFAfvTbUJghZ4gPZAkROCJFBoj2k2choidOsm1JLpeAIz5/4agjANV/qUx7pmIZ8VWkP+G6xOHNw5vxi/4yDHl2HOlDuankGqIPjrk6b1MbOHbZxJ7j1PTTHLlejvHnNG9/51d/6M/c/eEn328GdFGOVU3Anbhs3IU/C+jzdss+mOo1/IjXpM8LmwAkHPwK6HI+T43TMnEGY7uCcSZpICI2hopdiBOTBy4Ppy6NIfhtCVBCgAO4Nr3j1PXe++899wd/aP3+w2+MEUP1X6hW3ECcneYfM3EeOvdYajHTytRoqZMu1rszjZBdVk/e8dM+Dv/Bl33nPG+8IPOK8PnIiGDXfy9LGMUn0QWLzkcSLIQ0idGy5lMQehf4wQJcgBLlzMTJH4i6uxgcuXTroF4u+DyEf4zs6IIUQ9vp+fz9/sBA+D8szBXp3hdRDKLNFkn/4c52ovFDSsbL45mWRlsxrNIdNJpPJZDKZTCaTyWQymUwmk8lkMplMJtMVS/gHdtagGp5n4iTyB5hwGMflcLQcVuxxQjYnict83mNSpw9x/KACodcioYNTVgIrGSB1UfTBa3Xeu6Dfjget3Hvvu67z0NV8FsnKKbVb+U79ZKTh5vV8X+NEymVRyu4gp0rSHfIzSSMjJynGAZkKYWLB5w8nzkWJEumF5tH48mV+0OgdKq+qyYkHvRBVTtm3RLqFnKhD/RUgJV9kdNSYccwDPqxyYxKVevMl+n5xdv/M9f3iTH6NGJg46Z0WcWHOZmwVTi/qPtoLmL27LAkAtEX+8oGKDWYF171G3nbn+7/rx37t4qXVj77itUI7Tbvv4E5coYJOy5247ehJ3Y7zzbhjyLsNqxdQ8AKbkz08KnX6a3iJY6ZVHZXy+Lm2m7NdN7crfFD5AU3VEcMg+QhqXpZOB4fve8vbf/CLv+ETPv8zH/+spxRWw809TtbuC8zv1HYHkWZvaBq76TgCG9dyO64Fu66Fx16rnFPQudN6nMyHePp93+3v/qV/+R2H9z7Q9z3mJY68qiAJEyRRYNNklSXJuzKL5E8ER+NI2Jcsgx5HHIW1870rGUmr1XC4XHW8BAYOxhHHqkUX9vYW+4t8/byIuy4AUSkh0Fs6HfOFtGQkWurVLYrAGJT5AHNfLGkzwMP6EJlMJpPJZJ5SBT4AABAASURBVDKZTCaTyWQymUwmk8lkMplMplOq5L9QmI0ULKns5zDiOMTVGFfDuBrzyzTS9+GZlwD+LSYgkoHCG0+Nm6wJJ/wE9HvugnEEKTR7H0KgbJliESEN1TIkSsWzuTSWgruULKljiqpwo9kzQSGVYj6RMCZMKcaYmDwhj5PEFEjSGjgf7yZAo46clyt7biL/9lKfnQgGSRMpQUBN7I7XMjqXUAWCocuPcRhy/Zaol1yd7bq9vj/TLyhVB92CiBOk+Avxf0EHbfl1K2iAs3+l6U3V++Gq3J5w3soPHXdsKXyXd/i9P/ZrzT5rd93tensZ3InbgZ64nUej2+Ib0rUwTvkUcCqeK8F0jQb/5NNc2bNZTg4bW+YoTr1DpUubIIabD6w8ojJGWIyJFK1Azd9Zm9TKtPGOD73/vh/+km/+0I//Ey/9lI/dP3em9Q5xU1tg83ehNE7lHXK848ipr7jL42SLu8mVeZzscjpZXTx683991e0/8Wo3jHv7+2RXMoyjh7zQBTYv4cCbVCAl0KmsC5WDCgCh+KAU8gUhqT8JQ3foIqbI5JxPFNzjPYa8vBFDgiG5/Gfk0moInqy08kfMnfhF3y32Fj37onhaO71nQiV4Rg69LPe6aLLhk2Ivsg4X7sRkMplMJpPJZDKZTCaTyWQymUwmk8lkMj2aUisO/YI7fcccPJUwYxxWw9FqWK6EOIlDrjR23tfi+uSwwYQIh2Mw7LGeNXGKNrjiG0L1xBo0o1XpXILsu95zlkMxUQCHk58CbutUe3asVWuY4RcJI1ddJb8mccSEgCeR8RrdDxrMxFWGRK9DPIwrpAxwrbSaBtQsFWZiCCaJKTZjLmeCqbP0PX8chuUYVykmyhryoevJ42SxOOvDAboeE7ub0E3yegZFdODYERbsoanStuFDs9G6VmXcFlSA5veacFvOztp5BBnBHZ8+PNyJW6cqjtthm7rmluhV1bahOR86wGNHXG4bbp/nm/LTBbc1D11Lh+DaixM04THiL+SlWxU5qSCF0/QU0H94TsnzVG5iIbVkEwMN+rRAQKxjNUmYtjo95Ww4xt/9yV948yt//SWf+nEf+vEv912Yt7hOuxmHcVneIbjTpwTdlhHedUW3w+PEbV7r+Cue2M56E8bV8PqfePXbfuJX8HAIEFxP0zEPUOg6P/ZxpOAu3jXJGshRYrIU6vhHvseF79Nb3DzKkPifJJ8kmQyQAts9OU+rKdGLEDW8LbkhAYeHObo0Eney6PqQ/6xAoCQevwj0tu/4p88vO1ncxICLHxYx4xIrKcArpBxNJpPJZDKZTCaTyWQymUwmk8lkMplMJtM1Uwi1UKvpH7kcOMbhcHV0tDocRgp5GYYBXZu/IF+HrwQDttXXTcuHnULJlIFSTPaS8QOODE6YgHFd6MjkhHJr5Av1klojF9KSN4U/JNQQjqmR0P4uMTJaQUU5AfBX/Bk3iXEU45ZEBdGSPEG7JcnSoYQJ0MOI+aiUSYkEoupqSmOMtX/5tO0QVZCFuynbvWAQUlBHHDnSaIh0Eui6AyrALvYWe2dDfxZTl8g9oNPqP3UYWu+V4wVac27CfRyuYyEn3rrWqcLpHWy09vY0DatMSXuBbVfWzuLWM7iWJrqG3Ek9SXup06mbMwLqGOEu++LN43XckbAj5WhjL54K9end8rjufICbybJBQUywA5QGFyBCPts56mUrqPlO4xG0e9xhaiYuL176le/+8d/5qV+89WUvfPqH3fbUF3xQ6LtyPGz+PqV3iDvWp2SDrbuya607naRTXOt4d5O8Yt/5e7ff8du//5Zf+J3lvQ8uQrefV1BiefKySnk3FGvTB9/1tNCRKQnxdvR6JCYuv/aaaoO+0j958WNPFF03+aoE2GnzeXuQFVipwyQLJ1azFKcQkv7toJ1WKa0wBp/y5SiOh5xOIFBrfV7ygw8dKXSL/LtnB5SOLVE8z6sY5M+FyWQymUwmk8lkMplMJpPJZDKZTCaTyWR6tFXJDKRCYRpTPBpXR8NyOVCwToxj5KAZr14TTQ28hsWsVV9PpwlboWKpOJxQZoznrB7P6jSwJjhJ82lr5NjQJ7tK5YXKKJwJ17Qlo0GtWWLESHk6FDKR0gxr2NKrGmRTQZbKEahJAM4q5UjV1xZ0YDMU9YZxDJ1U5IJOQBYrVKhdBLJ32ev7Rej3fXeQtzAy4pHhG2joDzrcn56LOOHzK+IrroFqaEbdsGUfV50utqInDyd3Uk/VXvBYdcW6o93Rb9iKwKmGGvEK7shmSb6E18we4M3jdl8LNumR5nEh6iWVjaAJLcoYrHnxwNaXeqLpwXJuWiA221EVnbv4gft/96d+8bU/+ar84Dzxtmc+5fnPvu5JN5276fqzN91w7qbrFvsLt8NBpDnnzDtk1/6Fh9m8j+g2nE5OupYCOU2eDve/UCZbr9W2c3W0evADDz5wzwMP3vPgfe+5947X3fHON96ZxsEziZdnW5/GS8NIxAliXkw7D3tdt2CGA3zyCb0nwo6gPp+ALZ4Ak3dRXE+c02U3pbG+lkUOQYLNShwPD1vBQCAyzsJ3TYyeaEcvAWLMpwg5MiQ/5r8usiyy0ZQbUF2caOUHjizz+teAXrqubOnIZuoRXqZMJpPJZDKZTCaTyWQymUwmk8lkMplMJtN2sclALv7hkOJyXB6tmDjBYaQAGtQog7IzJoZFEGEiOYpPRU0DuTx5oTDoe+7AkIl+7Z0rjRKjwIVPdJNbRAFeuP3zCjt7kEB9XWrrWkIlIxOkr/SPccA0EnGSSqzE5I+S6slKFbx8VG1OJueNiYSYXFWogqqYBG8rti7tmHOt1VGFVyu5Y8zXzbXh/cVinzwKugWEHrFPMTjX8aU5VQdSpVimIXAnoxTSDFaa6vb13lam44qQjKvUPGdnG30ykRdwldxJgayuQjgxAVvVCVR1rLnJKbxJNrTb3WHduWSTKakczGX4EW1pJDD1pDiIsBXCIfBFeVt5aiRRqMBRylRAcxuTi+X11nCcY1XTeqQhBF/hOMR3vfFt+Qf5wUvcHuR5z89Yzc3yjtcITrxSJw5ZSaJ4ewhJwQ98lJPwUHBnITV8WeFsUD5N8zY2Q+1rq6F+lJwaHblyQkjer485Zd/QeRMZK6EaDEFJtuHGCk3n+Pb2tK8n6CQvbWNerxlAgWGVF9NFhwcLpPXVYc+uSx07iwD5iCBhKC56Nzh2auJGRh6ITtaomIayyhNDkjDm82uaEt987gM3zEPkPxVQAKTkgeAVZFsqHg1xuKJ7j8UQBYsjyogQiU+R/DPpGP2Ryg0mBygeB7iSJ8hkMplMJpPJZDKZTCaTyWQymUwmk8lkMl1DCSPBlWIKd1mNw9FyeTQcDYlSddj7A7U+PxVPk5qL8Hfy1054+nI2kyHAdUOqRnsqfVKiQoBcfYZOLEGonjqdFqcadsFcnJSOEar7R/GxaKNtBADIBe4sDtTJ5dBcyB1zDRQJtqGv7QPVi6GhCdY7NYX1+MDROsTKJJabLq01fTql1o4TIzVM0zSGD6jpPLm2u4o81HQe2kgeJ11/LoS9PAyOPApyWbanYJ1aHIcdbh1QXWi2RJIU4kQ66Nd62hhLXIHWrCcAETZOtvXcc9cMdBtIxayfzQ5XxZ3suNZVCNftODo1gKjt1cq8n0elHDfiUoJHYTMKEYSlk4WTKNd2NWsF2zOLh4bOjMqLkTGFzFpf2DHehjCdVhuBWxtWlaamuokB0fSr+axCdfKo191mXLR+HXnyUs2gKlYk/AKw6aBDbIeDOQxfwZSKxUxtTGotUprs63AhI3VQ9iJ6Q++GmArRrljYHX3Ky2UL7rZOnzRSryVNo9FbV+4vwRwNGobyn7if+KkvfAZ2StIAMFcSilBNU3xiooNvtCf6Ji9biCuMy8EFzivLy1jvoQu+x0AOIrQK5u1hL/BpiVbJrfHSYrpsSosxsOsJRh5gxkrCSOsp90D7LrZYst5w7+jQCE6srITdaeYCYoQy1/UmermbEdTkhw5krij/OyAOw8gPRnQmk8lkMplMJpPJZDKZTCaTyWQymUwmk+lRVanapujSkMZVWo1xHOJAGmOuVwZKuwFwkxFI+Vp+rXMfTypsflg8PxCbmBnvIfRd4BccoyC2HFMNHUpRt2aNSLncy/fqpXU4XbEWuquDgOPv7NOX8ykzKJLHCbLLiN+wCwEt9fKlvHZdyrxBHFhATVhEZGpCv2Q0pDxenFD42NABObhwMoR0LXcusstCGnHMg06GASl0+94v+sWeD73zbGqCwrhoQdyJMUCuDGOtt7bxHcfdilpxLyzEZODitvFD7jQ3c8vpeUctyJ94zjUwZBd34ur55e6Dbr9M7sRtWp5cG/REH4cGBOnk5nF/hENQwADchA4gswoKC2jT/ayNAoFAaBxTFAHDQjklZZygUB46ONiMgxzq3RTEJM4iDTUhWAzgnBvbPTjtQCrZJbYbTkEJZrhaT6RyGB+Zpvm8cRFhs1LZPxV+hTk1P8UDTcwNTtyLwD/0UNegHGmbGCXBrP04bSnZQ/IZ6HgwoEMEhj4tUe4hkWq0AzRzrC4z2gQQrEVvrnazcDGgriBk3THxKpgYS4qze8S7p3oVXTp5IZG1RJe9BsYTeyq1qPJ02wsoSH0amWrJDcyrSMiLToxdip0XyxPfOVxF1/HwBTIkyWsXHenzmVyAkBscyFGGfEzyNO/zmelvxjjIrW8nnSwDbCxFGT55tkOZwhK5xLdY/VqU4JH5zmNLvEziN/mCjpkV8OyEQjlwHq8lNGYymUwmk8lkMplMJpPJZDKZTCaTyWQyma5MkKt6nkp4q7hcxWFMMWL+NWY5ZkF4LyzV48TRCH6q8Eo9dyr+QS36aw3Uh/Jldg1D4IAEKpnS19sleAZCCF0feo3UocKiJGNI/gRfthTTFeuA0BQcq1mDkB7iJQGttYF81z5qkk7+l6qkhbiRAj1w4X4CM/h4Ssvgyi3IyaWC6jH4AByCQcXg4IG/mI9se8IOJqFE8OTtKeZekZEAAzUT5EG94IHOo06l1Vzy9V23F7pF6DqpZosXDDcnuQmPCHwKX7agc9jETED9pXdHR6C1xag3SKNOKHRIK+XeHZPgsj57dn1At22HGcvJp+MbsetTvdF4ZdzJti1XYXmC9XcBLnw5eb6d9aYUuKo44sxjllzJGnHFbAOwhte4LZY1rph9qHuKL90oY1P22jApiZsnm0CFqVMbwUN+Nn+a4aoY2GyLsh+oeA2uIU3iV8JmIk4iqGqLQa42kQvFKkZBMmZH2qaXFkt/60NSLDMEyKAlgXGO9e7L6JX2uglnKX1VqAMUpXEFI8O1K+t5wBXSTM7B3Zw4kDJlNbunQCoT7FJWudbpZBJOvNLGhEVtLjRbpPWMeuhBKAu+0B5CA0VyNKHwnQCY16gurz0O8pq9oNUaOnR5Vc4TMtA6nrD4zdDg+iAuWETEpRT6kW6lAoBMQSU4WrJnAAAQAElEQVRa8hOmcVz5PLa0lHLgD5abXmAorL9Rp2hdqnjmQeMORIQO995jM9dNJpPJZDKZTCaTyWQymUwmk8lkMplMJtOjJoAR4+FwdDQsV44IiGEcY4rFiUTVcAA1E0N/7y7YQ/uP5K2AVnC5aNl1UsEMFKrTh9DDFE1BVdFcrxQTB5QyvAdYL3cDzBMyynf/oQAinOvAZW8CTUbOhYi5k0OFZpqRqGfXGiiwOYJrBiH/zichgCYwYUCNB6d+BC7G5AUs4LaytQmzLFSh5V7nq4+og+nz63F5NOR3fbdg2iMXfXsfqOrrqJYrvZAupaaD2LazHept8lMNfNoZ9COtpWPxdoBjT/WISfxBthaUoeVOZAtcC+7EuctFT7ZetP52nZg0SFPUK8c76VfjrzFlQDk1wFAHjJI0Um9egRRgYkkE3JDmJ4YSGgRsC66SNhs9B1PAiX1Hyy7ANGOE52gu6mT66EUVmWCeQQ1BsKABgm6ltPbUQYJUVxINzymeRcjPkoxdwavq6gMtVzXxZZJTIwROmc1yRpjAFZz3eHohz5sriwpUIyiOhMEy6yhVa3oO6/pDcIaeQVYQsgTxWOgPaYgYdTBKJ9Yrif7FqVWoYA009wYBmwnfsDg4UUMwY46gpnyhPOM8AEzlBF+yfQrkgnRj8u4BY4cUjRPQrRItQh1xJ5jX6Y7ieJBWJk7hYeQPKKsMOTyMosPovKDuMLlbo9y+mE/Y9xgSA4uOoT+M7M4TUVd4V1fcMj2g3DuBYxKSjRTDiK5GhIG7tgFZJpPJZDKZTCaTyWQymUwmk8lkMplMJpPpShQBVzEerpbLcRVxHNh5IyW1DJAvnyf6wnlbqW2hk20qFf/i0iElYqlUo8T1ZHV9J2+70IXQOa3wSgGVoZOSHFLSbVxjejC1pK3ec2mVDRTkC/UodU2yJ8lKMebCJb1IkX1KsEIBeg4PE1LD0IOYqNRSPp2OLzUStkK4DCirQgd6D0mLorlKHbrcLbY8kW7QZXMtlpoheRrIGAwScNP14HsyQmHchIq9dB6vOEuFGbR0vgWRaG4PtkOipgDb6+yVWihnxccGc6JqcYy17VpfL34gW7mTRmvUjSsTZ861XA56MuEg5VhspiipQyhZM3rWQhVAdXcQB53ykGjZXe6DF7pBQ1EAJ5qksFHF/YdOl0APO3YYHGzDTtZ2wTmuguDmvh5YvThKIkqN1QmVX0IlIhq3IXbpSPOBYyuL8shhGVUoLhjNgwctX4VKYRRTIyUtdAWolAyUtvJbX4xeYDb/yeXJlbFmq6Oa+VWhEl9hF13RxNdkom4EvZucbdBN5ItTsxOog0m95jsBFWzT3gqwBqnBilzT2Mr+lcdW2TGdEfPnpXVtaSeGwH+V5dC+U2qYYxCE9g4IAzMqXX7tYsi3lriTsPC+44Wqk8lOwTuC9+QJSCFSFOYjdzD65GnNDbSSd9BJ4xKWJKaEcUWEo6PVEIVKSo1Lj2thFGBwj1KHoMwHPpcxJyaTyWQymUwmk8lkMplMJpPJZDKZTCbTo67B4QrHERMF6zCNkauBbeVPXkptGSZjDFUpd64ZR8DcZYE9HqYMjVzg7Dx7mhBkQd+Rp2SZprTN3/Un8iUJ+lFtClBBCgU9GtcDqI2BWqknkxM6Se4UQycE02jJ2pP1SEnPoB310urhkKbCey0a6xs6f6L8IT591zO8Io33pTBNNdJ81Ei+JtQmagEjLwWCETsL2jmERegW4BdkIBACV7M9Z0cE1ACdYsGgQ1mNALAJIVm7A9Bsn0amcQlwTYkapm2PJeQEj/Mx2MKduMYJYrbPcdcoO7aXVUgEjj2meYntYVgTULoSU6NEDJCRTdmPTR8YKQq1is6zwic2d2guD5xL4pqAkZYC0bZi/Vgu6WDrraypLQ0Cg1jnAtMeEWYnbwgMeTb0KRBUAsWRRWNlAMu1S1iTQz95k0TQoBe5UAKyrmCMQ1EbLI9yHeOkW8ToB7BxcsHC5LTeHrXbqD/0sKfZiKHsRkuM3p6AJYWnjIN3rgB30mB0m5OxnSJ+/kk5Ws+aFIDxZVSJ0fA0IOwFwotjwvJYOyeOH+VEhcCo4zifmxNNgvPpDpVJUguccvLyYHHYjYYgIWMjrhjUQMh/BCCSJUnemCclOZ0kXBJEMhIUh5QG1jNWJ4iRBwyQF1WKFyNHkpDvPFF00hPNaSuXFoiq63qy1YpROp/y36CUlD+hRbgQh4Idot61MgrVCshkMplMJpPJZDKZTCaTyWQymUwmk8lkMj2aWo3DclwOY6TiH0W/xCbTQ4S76ve76vIzgEG+SC+1cyocEnHC0Am7nhBq4clKIOkBXMVmW5IYndojTAV0cEqczD0fxGgB1CSF3xM9w74kkYkTdj1JTj0E0JcYn5JRofXh0nf9aXxFdOcSoEFf1MdITAtDJ1xwRw9afOfici66kmGMAiY0uGPUCj95vXA0Txf6xT4ZAXAJVzby5QJjOh4L5sIbE19lVnNuQITtN6JyJ2V4FaxpzVCmM4A7GdR4BFUav7VJ69zJ/OXW05XjZu+3H9ZW8Ku1iDupve2JurQ444pRCHDx3QsaQ/MhiXdJRB+pXs9HC1zACSUelS/yQpx4AJy1mGgqUAKDnx1snzqstIGbtbw8ZY2g/ZyvVeJg5AmY5oU2shAuXtNbUnnAeZqWZB7pNwNaSUeAHxLhOcqzmkchAT0n8ti7inUpO0YRWdVcBJwALAnEBsYpnpDKCuUb6ihp77U98tDyMZAqvlDYEGzvLfci6QjgfPwaUqeZDDULxpXHt1jCcEIQA2PVEMmBjqF4JtEm3wJ0DGQkt6a0Mfuw9eWZTEHWMQzQFXXaDoXRkdVELJqE7ZOm5OFNeiNTnpwUmkNMIq/TDkOkBgbO3FlgDIkOyQtYH0Jycm+Q2Tm2vgmBTXhQUBblkDAfQyNM1k6+V8QvX1ShE25uXrWZ06Mldpymh/SSpxokTI+p1cpkMplMJpPJZDKZTCaTyWQymUwmk8lk+l9TQ1yuhDlJQ/6ZPpjxB6cq7a1FuMDk8FDliTIJnaccGQhBSulAfAjXZLlADZpBk6jcTHEN0EjODS14gWpD0ISOkLMIWbawxwm/4GgNMWagMrW4lfgJaJBSpivZJrGev1aZyYtFlTRxiGrBYxqhlPyhJl2QtQuBLfLaU4WUuiMF/VIG96Hr93zY44p0R+4B1JEggTj0lg1U1OJkag64yfXEzUZ8p2C+A5ZjYXJwqeeHx1Yht3rHHLvTjDtZE2zuvLl168apDQXoOA5pWW9Ndz/s8zlRrHAYRkLmiAQVobAXQi6wuHtw9b8GHikFEPx0bZ1BQg5hTfRxikgVgGJLi8oc2vCGaC2DilHPNOlltrnKxJRD5PKKEOjOCZvbwEclbq3nOCHACRBx6luhLEugJ0o/p48DO2+gS7XbTsEu6UkSiEK8T9jDwzMK5hLvnXhcALWrOrKlA9gAIvy5BPRAy50kt47r4Hxxq8salP0VPGtSgLAZVR1CAmyI3JBG5tUv+IDMpaBrY4zQd514k+htoLGAVJw/Nu2n5APXsDXz9YuXDHRl+KGahWiry2VwCqzRDLQRHU9QWvPEhmlIZF6T2zfguFyNgYmZ/UXfuxjIpAmZoHMd9c5zvpncJt+gg7RdZhZnnOk0Dr7TFpLzCa3bTt2qGD7BYl2VNDXNYYTTPZEmk8lkMplMJpPJZDKZTCaTyWQymUwmk+nh01EuHI5DjIO4SpQv2at3gFv7enmjbeW+WnXGlsDgGjvlK3jfhdBl6ffsuerIF0hUstaKeuIQnFxsDxU1EUjFN5fcpBAAtGxKMTpUsUxxHKRqicUooNhm0G/6Ej7GcqxaNYCTLWxIIQYESfdh2xItavNJxHfEJR0w5UsKfULnBi31glqYsE2KMAZ5EBZ7+77rUYq0xJoEHSr2SpHbwalDUQme+ml566YQI18sD0op300eJvXeFHKhKf9u9RGZ0SmPCQlGcOwebl7zP/GM/HsdPSmH76RPtp1EkIw8D2iWumpT0b3loUHCYzw7lQSetRSaBGJkQ/c7lFo84hwrUiiIPD3IFicVgwot02O9wR4UytEgk6LKH7T9SRt5JOAm6ERfAPXA19gdbM6D84nYjoFnNAOwcR9CHpTmUoR7pal97KYxel/YDKVJekqZ0mdZPsgLR4VjKHdK6ANQYoIumpoeehAvFNkGCriUNQPXknCgOLuU7pf9lamZujcbtVTSakBxn8K0TEQLptkDxEFDtBYleQoVpqMbKP3nBYPdbYoBE0EgAq+IrQ1yUlfJm2mTkWgIXLNgNw+E9occYnD2tBfLI92MvGDXO4UlB4rIDiKHaGPkvYSDYhwwf8rzJS+6Ma9hdECHrgOa2AtKTvO8QOaPUicLesF1+O6jdpMeB6/kD89AskvxbLeCZWLADDqhyVGWZpPJZDKZTCaTyWQymUwmk8lkMplMJpPJ9ChqtTwccsEQ4/zL/FgoDeeaSIm28I8a/aIf8Tao35znWipI4VtKjSFQETJLyq3TZeS790yblBwIZUDIFsX7Wp/lI6RmvWHYMNWsyTeAbFLiyAYnSdMbppZDA8dMaq1TpKiO6+kNWFiOynXocbwnx4YQs6KZPNwaqen7RCXTkAvOuVFdv9cv6Mf3CyrGuo6LvTQsVP9NAlhIH7kyi3IJ2EZCFMsTzuxwu4XbtvzBcglAjWc6fqctvEh747d/Bms7Hn/Mds3Md1jdnYcopjpUPfcEO+TZzClMLjAPwLX75MnngxEM0BAdMsFppjsdnuQQzlziSwVhopxmz3gHNYEEGreKZr7ybmn7EDSPNWEGDcsgG6UjfDoq91MTJDam4hyN+1BZO7A8dWUzTMhHuQJww8VThR4ZlBER+qOCODAxLkqjCHsj52YQhQeUNqOwJnHeQV2Y2FBl3ncmgJTwKAseTJ/rAEADJBXgSww6xIEDqx9NoVOw+JcoOZLc6IR+oxOQxwlPA7rvHhtahX776qoEQVmT4r0yxsQrnWR7IU7JOb7xhpmcTGTwGDYiyxmYTfKCf+g4FhcaTVUq7in8PtZFzulEy3PZ87SmqCimlCCRuVSQuLAQBgJH8meRAT7IrwOQy5VMdpmxZP3C9zxO1jggxJ2a5QifU9isxNyJsEH9lmXNZDKZTCaTyWQymUwmk8lkMplMJpPJZDI90hrGIeJQv6i/vW5ftIZ6oNAizlX8hKviSlrI/uxQQvVJwU34O/n67X2oFWROVYgximeA1K+DZwpjytWpNVn5PvzMeYVDKrgUS1+5H/ndyIk2SQwWaqcKz4HyDfpaYC2fatle/CqmsvfM/SNxDFAtMMshUuX2dC0KmZCKrlgCUJ01UYOp5Nr1i26x77sF7xF4tDi4Ipegsck20QHHAhfQOOL8BogpRmne1ru2zfqjKTWvpbHAtj0fw6Vd2NK4GUey5ZMtH+48ZD48pwzXEcoKXBcX5wokxfiQ/Ga+qoJcYskl3gAAEABJREFU7Coi2ydaZPLKQDXZgAIW8WROksPjKtHBs20TyOFHbrZRH4fjWi8pKm56zLDyGkrAiKcKx0QJKyM/7NpBByYoVi3AkVI6CVF8WXx1aRHbIA3eYeZKYS5snkeOgPHlfDBZ3uAUl6Vwgt6i8nDKmdp7C95V1MJNY6fACFMr6AqiISNQoJOyEkBZFIAfV7qTvHeMetepR2WvxowEC8On8T7RJcaQmNdwEebrLrsqMZpXOiaQmLS1sHD6MtWJUBYynLNH5TUWmq6cUqOTsJxf7VtcjfUhh57SfW5eZOAIJVoJOfQoUUYUeqfGOhzHQyE7mDpxbIEIKOYt2OW/AoQLUfJO8Jy15iiIh82AdKFU7oQxGw9Qb0XtjRA5uj0Zd2IymUwmk8lkMplMJpPJZDKZTCaTyWQyPcpKGCVSQkqPxbyg9SKBNpSDa7y+FNOr3YeXujSnfcyOp1P6DqjYCJLkgNVTBZIiJ05CZ7xmZoCTPB1oEIwmtMPhrD0o22JW4l+kyJ/E8jV/KVV7aA5xE0MjlgW4XvLX68qeWp+WPcul0yzDhHaWYUkNoOA5Iof9XXzfLw6IOAkLQkzEAKAwBWtIRFMy9jXJZH45v4M1AQe70QJlTepVpk+wrc9f41puCwxdlUo9/cT93DF0BdZfpVluDU+Y7zC79mzDfB5Ozhy0vQthga6hITQmRT4GeYRk3uvjVLAGQUu4+E519wjV6QM4n4XOE8dYbUQknsbBettxxPV+4sk3QMExefYInaBD1JfCYfXWqXuB8hTkhcFPrcAoDJEkRbrqPCWSzBWzFCcQWhRTJHoWIAHWwcGCs7AriFi8iO8GQolicSWhBaanmlcxtw4lMOFBVwyzm0ymIzpiwCkvSmZMzz9vaTgUzu6hdVPGh9m1JD41dRYhD4/E7kjfGURTo5UC3UUG1ZjaqI+sjLmXnlb+h8kSefjl/pObk7o7YUF1mtVt9mJ2b8WXhJvVMGt1WZCwMASJc5KwJTl/WfiS8n7AeAl1OrncFp8Xc09mKmPiSRLRjYT6jTLszJ24jpblyAlTvgv5p+s6ZBuTJGBTR6slObKkmv1DzUrSw3JH9K8CnGDvZDKZTCaTyWQymUwmk8lkMplMJpPJZDKZHglRWRwK+7FeaE+7j5sBBLXOKTkZULgVLp0Gz6k6zc6oBWMuy0rdlgvYRJp4/Q31PLWcDlqwlRq3HKkZEzGlkXCTyGVYzunRxqsriRw4cxPA9f60tgbyookTSscX7YtdSlNz5gI28Nf5wXUIIXT7i/2zRJxAxwXlxP4osqd+pd8XOxPt3wwSqTTPjC6A2vwN1Trt7J1W0pUuWtv/Ya7iTsPvrkKnQk+wMBnbPpu/KYDB9Mkxx+66XH0iEmeNuI43BZ06fK4Sm6KQCP+m4BHnWvcPoRyKJ0muwcuMlFq/Z3AjPyGLtrmbfWcDjRjre30Bu8a9YZ4E8OD4GoYaCBoQ2qqyWvTEYVICi0gaDpASUoQBDfESEksKcNNE47AVITdoA7FYKXpO5ymBOUmzhiRaiNaNCCk3h07GuULgirELFH8Pp4sC1pvhvXrOaKf06hrn06oiddCCbW7qrPAXScdV0rT8OI66QeycQDGh8vQWdyaf766XGeZdSBC9kB2cA1baHIulhz78XiKCaCRLHBEq+odKGNH2iFhivfQjrM1XFglnfiecQKSrCop1ipue+kJNyerM3AlZ1VTvKnSuHshYHQ+3J9qIc8IYVMGQ//ee3V8Ym9KMJ+5JvvceCaLKr4eYIK261AcmYTyHtymJ4l0fPJ+RMCtAeojAK39TjV3YycqoE5PJZDKZTCaTyWQymUwmk8lkMplMJpPp0RYI1aFOJ80HE3ESisFGw6ascQwTs1Grrj7XW4k1YZOPeoESqIPlJFgKiZALjrneWMwTSrWYD9ZiPVdb5TXXfhNVsHGMUWxOOBOnVp9RnRjEHEGZE18MJlwpK2NDL3BdVH0Wpmp162dRdsMyCNiE7LQFUAnk8D70Iew53wMsusVB6A7IIMCJj0vXnL/SI9V6AEpiBbjJMKE6sgiAIsfOCuvbbnD5CCaWYrNaC+plsUEmXBtQZLNVV3u6yZymbNi2U7na7tNsvCpj2p7vNMVtcniYqvydC0FQEx3tapJDiIajUCWU5BgnwElzEXL3kFfsFSIpJ01DBVCYt2oepyIXXm/1BFiUDW4tpopOm2qfqfLvgnoTeZgeXsgbPYJY/eRPicBgYIpchji2ii4R03Q5qN4aIDBEHoQ0Mh4ip8iPHgMOXggKBlHI0INNMuoC4DiSJrGhUvFXkmeFewuVT0te1gEhI6RJeRdaYFBzZCSpB8dUGBHU5xbFRaYdl4JzIPcRoy/pPvWxdAVVQvGDYUIOyPCD0B+vlkYgCJKsckTHJQJ8NJOH7VFyk4dYjKQwFualoHcJsLApOmsIYmFbJxfYAoYNpFzyvqykrKSmNbyL3hedrGzAoxlDgsKI3Qi5qRCzRzt5XUqrGQzKCNCM6oDSgogySZ5X+8gDSbc4dV4ywyiciTAlnwRFkusniCvvUgA1/IEhT/VVB7jow36/6Hy548y5+CDPAdui0BwICa/lmmQymUwmk8lkMplMJpPJZDKZTCaTyWQyma5AierFUmHFYhsA9L1+rF+cn5iGxlagVvvYgIAK00pvCGISqEBIDgb0L3h067EPfPqRvwbvaU8mVDxxGKqSooBO8yQYPSmJHomDM3J9dUzDaliJ34keWOvTOCEuhQaQYq5kRdQgoaZlG13ewl+I/QAoRMP2BK6YD0DSwjV5KvR9H/o9B3s+7Idw4MMexVBwDAeyj4GTxB8QtMbpqfjEUYrMpbJeMRcv3WNrCKekCGoEzyZHUgZC3pQOzz+cCWU/t1WXRZ+chtK4ak0OHuuXwy3vYNtHbvuBuH2znqYgCNNGToaSyUn19bxT1+yvuEU5V9AzAsNQ0/0oD5dr8RFoz1POsKWVW7oFYX1Da+rSsmPQnnXjnDBrUW2Ykl1eO0tzOE9q8EmDZRx7fMipocwsFEOU0m1NjhFUA7zwFMzZ6A7kn5EwlL15GSAIR6JqJLiHnxRGuTjxSkacIY7SkOq2kjA5nO6yACjOVY8Z9jRJyW+Mhi4NWExryvCALCdJwBRZDjgJR5/IerF8M5IsasUkxBXiQy+flOoh46ZmuAUaqdFN0tdiiCSxTmzEgtK10lQxAilYCW/hV+WWy67iqQJllVQxDUPb/DR7XR1HrPlPPAfk4EQZYl4cb+RvAmUoeacXmDATXSr5HF5IN07kQZ0e6ILDZRqPxth7zVjLKz8ZZqUuAK+gvC56dOZ0YjKZTCaTyWQymUwmk8lkMplMJpPJZDI96uLiY4Kpku6wgA9ipAFNybFWJ+dFfmU3QMJx6MvuoNVCaCvp5YpafqSYkETfiU+ho1gFAk/KzliKol4yRwpIQtVVwToAYxyHYTUMy5i4/Rq8g8WJRLoyXVgO5KbWEAy3A0HYBWTUT0sxHUplvOzDAAmPgO+6xYEP+871zi3yb7IEcNUWpU23mTEGWMZTP4KWQ2ijSqZD3Kn1h7VIOyFHx3RQpsfM12P941Nda9ultbTe/O7anbbfJPLCqSTU1d2Z093Ya3336/m8PksMRUGhH2QR0MeTJ3JZS6TLnBwk5I1aoBTvDVf4Nn0YgkIXYooipiZOMAVxCOFj0pS+osYdAAXv0PMOKXp9pEAzc0iMvaDGGPkWUqoYR0OdAMUmQb2Ck0QvUqrUmmxvF6BY7pGfBkeJELFvEtIvlWbwf+AlTUk5GiXTJnqGaBQ+iN1bNsGzajxV+Lup55NDE0zPj9wlrGspVMikrJelF9OLugqigoJJXHZAHKbUDsehxOXwXxRfR11cfeTUUZiYMU+nlAYXfeKUJw5yWgTnQ+o8GbgE5hk77/LfDWcymUwmk8lkMplMJpPJZDKZTCaTyWQymR4DKgyFm1IiWFC+Ft/sCTMDhOITInk6BJ2QYQnAVKf0XM9tnEjKqUIuHnJAR0fUSUfF2AKkwJzDAFDnAXIBiBSjk1waxzFG8jjR4igIdaJYzLwID03xd1YIvlJVxqAQNNw+KZqH4ELoyd2kY+gEe3S9kCj1MC3Ct5pMO2AbHQC19bJDeeFmwIPbddxO+5JHSVdwC051iEzgHQgG1l+kh3lAOr9REYeJpZjaBDDbbQIh6kGbTYXtbMHJ2j4wygwUQiOsfTjNLyi2PvQ8p9lZdRVQoIDCcmj3MMFdyBEpbJ/B+3OkC9SoLQTNvoKCpTRNRd96k7iyrjhl4hDmjzyKnwdOTygoB0Jt9qXPZa6U9hXNLq3uQIF9RLA4mxA7EfRBpRQZxuzIk6XAaJQ/w4MwLTcla8jNASlI6Dl0B3SXKcwsCWGSaMg4YkahOS8pP86ptYqbgYFVvgUJK+CCxe0k6Scc6lMO2CIxqgINRtqYQuIcQ58E4X/EzWYKANIbheTwU9YuGSGQmKMUlaZRA5R8s/MiOmISAE9st5Yx8t8ViU2i7XtdvwjOZDKZTCaTyWQymUwmk8lkMplMJpPJZDI9FlSIk9TYb+jX49f31GADkZd6p2fiRP5XRgQrd0IVQ45rSFKi5S/1Q/Bd3t4F/uo6eyPwd/brlfVfpG+/S0k7kbjYHVMc839xSClqGb9xLikV26lb9aPSHnc17hJTIoqaGpSEi+rNQkPUe78f/B5Aj9ADQScdp53UI1EjRqZ26pA2gRgc0sFhPojtTSkpSMe3vxAp2sxHETrB5rfoGjQGj3m9O3an2W2iT64eQtqibsvFZabwNcu11z/fApk8LM3b1ByEgrVmYU3E4ckouU86eZUaofmNAq+AJPugx5qBQsd4SYZxLhJHwg8hBCyndxoTpZefPRXFG4OdUfjlSAYh5ckA59qcIh1FCfVRTIQdOTwd5/TR47fJk9GGA4ngUgRGcnsmTovnVKgvZZ/EpBvTFUH8T/Kz2ljaID+rqVqMtG43GijEgxpdYWkKRoZu8obhHSVuh9oTeCEs3i717tQuu/V7Ot1DtVByE602DXQhb5zSQfLOTwgiQvGOKdcUIyxCTZR6IcMs7+paDAKWUKIYb8r/RCcRaRzfI55UshsI0BP4Theahq9Id4jIRM4bQwVsgBPOjlZHfTDqxGQymUwmk8lkMplMJpPJZDKZTCaTyWR6TIi/CT/bsrtaL193l5KoBt+ECTcRXwCY3A/QFShDP8qVyRCCJEbQC199EABTnLcAQ+BCNnCkBOMcXDKOKY1EnNAX6qU0XLMiTtYOK5FTCrlWjhPT4aQALZ4VEELnQ+/9AvyeA47UgQ6IsPE8dHVct3oTtK4L9VMdt4b/kbJ6CQ7Z2hlwa+fAa0J6XLnQzQ1zThasHb7r7XHnauiT3ZDKldMwUqTf3oBuK7S17TrXgMY5ZcbSvD1Qnk5xo2gQC5idDzc7yY9iwRcILcDKGSSsD5ieCF2lpGT1KH5KXjkLZjM0ekqWDdAYlkp2K5kAABAASURBVPKusFrF1SNhoowYhUWkRfpKliV+mZK0q1yeX4WEjNc1dErl0kDxk4n50BYhGzYxL6GcC8EvXnuee+J9ySKbRg5w7aErXId4gTjNnEnk+KH5PHJwR+spVA8c8YCBjYleFwDp5LapJqtJqrdTQ9CmZVoHFdaHTOgRJWxkTLG9LDutFHTG6QxyPnGIEExzWrxxvNq2EGFTvWr4AF7WiWjRmci7AeEuQkCNzN2VPiYJYiIPGTppHKMzmUwmk8lkMplMJpPJZDKZTCaTyWQymUyPriSUBicziuOK1+Wr9c5PiAnzJhSpE8oJiwuHloFBvulfXRS8D5TBw99R5+KqJsVw+EVqc3DkC/LKmbDHSUoxxmEcxxRH/vY9VZ612Hs64eSJcoXi0IwkORJUQcUuqSVCrjz3IeSfPfCL/JqhE88FXF96n4pPCbXEA4dRTOYXE8gi4iq5r0kVZWPLo8AmMNQOB9Si+qOpK7o+bnlV6/YnHrO2vUyrdqzw5BNcxTzp3CYLMr9z/CKt3e+tOrEZVxoZ5Z1PMywCALe0WtkSVycqP50gNBlZHHV1ZpMPEhZyaj6flZFgewzny4oj2EngR72d6TinQmB6yRYmIMEuJRYsKY1Qo2OwNJwZh6TXBpBHkRenyV2EVxBJ6sJCyrWPG2JEV9tD5/QUiZNKY8l+CUtrfdN4XVkF0WkhpBnhQ4fM8BpGL/xkEsMECtlD5QWPfVmIVYnlggTueSEytqwRfCb2sCp3UWgPByVOp903+HxryHiqwkE0qrNpUf5YBFzrpqzjuBbkJSFBdJFEdw11AAVxQaVVFPkRDIfujKdQIaV2oJI66kkjWEtK4eHxKDKZTCaTyWQymUwmk8lkMplMJpPJZDKZTJerqRK/kQWhhUANzXG+fOhB3Ai8mJwEsQlAJUWUNeGv78d65hBC13USw6MhN8l59ShJUTIkNKlDGZVcAo0xjeMY8z9UFc77jfQvSFvpEI5vSG5H5b12hFuSZsXYjZrlsbV7GZkEIZ9n5NpyLrsGLs7mom/X9Xv9Yr/r+9AtqDzqeirHF1sBHo/YtKcOKcxJBw4fol1C24P2plB0SZuPAVDSguS9c64JKfkDr/kdwQ3Lk+Mhkg1PlEqfOHcK9gg3T7L56fxtOWfnTnHix4DWkBdo4KZ2tJsGK2rQDLwCJjjFB207vx48OxYUOpg+UyJrfobUemeUXbyDiZgRvq24qNBa1PJWzVXA1edceBRtELrqViIEiSIXSYw20tT2agDCRFwBOWjJYlYjytmYrkjiCVIcVFxrHyLdrx4wXpajkmzjZuxeFxaOGT3KGRLIzYemQ/RPAL4QzEdOB8dX0o1pG+RFWEAPHTuAaf+o0UlK5Qh0MudlatARSt6XpPcgTstZ2c/rPRNHk4gaxiQzBpQT8oTBSFMQnEYBadKRmy1warHF7fpDscCZTCaTyWQymUwmk8lkMplMJpPJZDKZTH/QNSsSl2CXaWMBHbx8X1/iGbzAJmxbUuqcoN9316Iuqj+C02/wU+wMMScdMRNauG2LsLUKKxVFzlIAHzGOcVgNwzgMSckSsjxBBWXgWFCkpH9oI65NoZ8AlxISIvVSHxahO1gsDkK/70NHJA71UfCRgE20xexEgFupkE1fE9QYE32PJ8IksP1UfwCFJ7/dyoXA5sYtrzcyY9yxlzuxeXpOmXRdyXxqlS7n7JchOOVNnnMxTow2ZpgCuNnk431w65RrfDUKAybrg0477b2fjTLWQJT6VPi2FwXJaB9XcI15BnAmD+MISV/UJvC49yEMwyDtU+8N50q4l7pm6D8ISnUUUyZNrCH+I3F+DC1D1Br2YBIswnvxWmE6pY4SO6igZ68VZMMmVDiCOTeszzA0AVu6JY+JGkcVVqzso+hJ7lTXae/ZG4QIPs9tnMaSPFAU1SgzG2d3UF4k3wJ62Fy10EQ69Oz9Um98ZJCneskIYKPRTEoatpZN9c5BnTzi59KQKxyoRByKUHNlcPKIlccE9L46dsIpf5rEtsU5OHEdNJlMJpPJZDKZTCaTyWQymUwmk8lkMplMD78m+oPfNb/lVa3ssS0HSh1VA2PoDXrQcuH09XQRFoCFzT4oU6cLXQhUPE1JgxVKDR5L4Rd5Z9TEC4fDcinESdaUjAONEcvu2j00X/uf9fIqpL4mdNog1VfvFz7s9/1BtzgXuh5dICoHdPCO+y4+1sShtfLp5VRT4YQP8eS9HrPCU7/FbYc2GydLm+PmwKavxxXwOvII5AM7sqtoWzTz1Sk+HPqMPLLajS1V6mF9+/oJsF0sJDcGQBiJUDtLTwgk71uAJMjD7ra2i5OicJOVUr8gVLRFF4fWNIUQieuvO////+r/41lPecIn/ZMvf/Pb3sGLE/swFXiDSAnvpvApNulIwlJIZA8oOseZMNSJmNytz3jKl/7jv5U3fuU3f/tb77hT2p9SAoq78fKceyd+H3lpk7WMwRDk2J+6xBIsAZrmgw4m8qUAJ3y4E6TFFciPP09RxoB5F8TP+tuf9vF/5qO+8su+6Q1veCsPD32WoE6nJNZPeV+xj8LKmDgYknIcrp6dTFKYYOH2xGJ3xX2B6HSakg8MRrUXYfsWNopBwVD04UGdGvKOs9FgFpmmly4kCuWP8d8ScPV5AW2qwH2o1ib0RyfJXfTa9CsNlTKZTCaTyWQymUwmk8lkMplMJpPJZDKZTNdaUL9R3oQsiMcGV9CD2A0A+ZpQidA7DwXqgAkBmdwOOMhGCqzkiZL/C6HjHJxcw6QSJ7+WdBkUKwMq/VJVNTLVQh8Pw3C0vDSOI7ciTfQL1OKtftke1FRiSuHg1J7pa/trtMFmsM7lDJXn9ByK13Gw8OGg6w5CfwZ8j67nfTppGEiBlIvSPDDezauv3Hhfhl22+Ianqa1dM+5I1QGgbt+FR1QMCK8IoXiUdBW4yfp2bN7N2aoTDuQ3x1e15yY9azo+Xuexos05gaemYNrHXp5LFI8KQTeEo4A6A7dr20fY+nOIFUoxQSEKgkAKoUIwNU8S3nPvfW+76+5bn/akv/lJH/tF/+5bBYkD7MQ0SS2D9BB+NmXVkccSCyqmviWBbVTSSz/s+d/0JZ93/tyZ/NF3//uv+N+//N/+2mteR+sfB9RITI1ATa0lUf510w3X//VP/0SngWUCT2iHhaF405tvv/Od7/5zf+Zj1vpefVnkPK985a//zu+8iQ1bvLiZ8LKXrr/+/D/955/z9z7nC4+WS/Zm8U96yhOe+MSbHcEiUa6IrsWo9El4x51333/fA06S0Wh00c2cf4QWIlgmktdLi/6ARN9g6zrSECdYL1jmEOqPUibFUKb+jaGgIG4on9qXyaQxSwVa1L8xpZGgRijewR9Qms5kMplMJpPJZDKZTCaTyWQymUwmk8lk+sMrKD+uBBho6Zi/Z0+pMcGzc4BX6GR+dKUl6BhxAaCjOIqnmqZgwsk+pdQnvX5JX7IsEmXqxGFYrRqDkwmFmReyt6IU2FibrP+Gq4Ivci2043MHB30XDsjjpD/juz3v83ZfmBtoyumerxpmJ9HWbDhKzPwdrrCqup2C+INRn8WTtpxInODJr7ePz/Gky4mqJg6qNl6npuq006L6UrSGKGn7aa+RmpSmtdNj5ZhArTlkf6UG5Gmazc3ZCTw/cqkc4ApLhVNez4RZ7ZQOoZ+/F3qiIAfnz53Nz5zDkeNvmsbxHj/0c6/603/0JZ/8MX/8277/xy5dOqIly3cQPGNswMRCzP8eHi4feOgirWnoMS86bN0koS35tMFpas/Hf+RHfM0/+zuLvvv67/wveVX6Z5/z1//vr/nSf/V13/KjP/M/A3QSzuOSD6EumgWES+78+bOf8amfcExnf/pnXxnj+Ml/4U+7Y3XH2+/6zde8LoSOsAz07DuSvv07v/+PvOyFt976zL/1OX/p333dtzHbE/7Mn/3ov/pXPsmdpC/78q//qZ95Ja/LeTXvgPE8olbqOjyhQg34No/QQYe+fJraGdyuMmwZkxc+pXE8yIXKh651nJFVEpu8IJAgJZ45BezRI+UcCa7x02EymUwmk8lkMplMJpPJZDKZTCaTyWQyma5GpXznJZ9BXvO3zaV87BUfyaVKD50PXCEELN9114gNtT8RMsTLd9SJVQGvmRlNlVBTasSCgCuMib5g72KMy+XRarWMaVALFKhV5VmTJchiu1kC50OUd8ldG0mZM/D3/7vg9xeLg25x4MPCQdegJLxrYwQjmI1InAHm+9aTQ4kBmT7eyYrs/gx27P7YDqO4LILksvY/sdvY7LXjKltAJVwDSNZ26bbsP+0CEoACM+LEufW3cyhkAluOeVEZAHkx3wGOOxYU4OAXxYuC0qT4Bdaz0dRO7WwqaVhBegZTSxI2j17ZPg3b2psy6/VC0HguOZm+iF/ytz/tkz/qw92x2lv0/+M7v/6YHb7vZ1/5xV//bezB1JFZidd1T9aycUz59vzNv/DxX/jZfymm9AX/5pt/5KdegSnd/Z73/psv+qdf9QX/5GlPftI3/6fvCzwyDEw4sUkpZixlFJ276+73fPO3f29K0UmkDhSIz+G77n7fu+9+7+f+4y8RNiNf+nM+6zNe9uEf9vXf/B2vf/2becmlNffOd77nMK6CR1p1BeNL5GXyL7/im77r2/+vT/u0P/s//uev/OqvvxYgvvVt7/jlX/ktHULEOXlHet5zP+jmm2/Ky+s4jnkZJ3jDRyjBacWPRAcdJTdHzKgm5iTpSkJsoK+zOYErfJGrIWiO/KY8qg+OnoD+9U0uDshq55VoKZdPJY1K5kB0RAJVv5TEf5oC4SzOZDKZTCaTyWQymUwmk8lkMplMJpPJZDI9RqQVQw1Q0HgD5JAcT6k6HJFDxAmVV8ekhWAqF8L0jXhlTYpjAn3/HhjRUFcAyqWoOT5SeRQiJUosj4MU42q1Wi6PhmHFVWCqYRfTFFcq/dLW4sjARghcihRJtTKV11N9c+56snUQQvu5oCK5+ppS0g3g6SWELiwWi4O+3/dhj4gTNnUoNifTgIJ+u7+UzVHOV8/vpyZDU5NvaqmYYBMjmQCJHVXXzR5qxRaP4xVOq2sGr+Dud5eLm7gdlEl79485xJ1wlW3ADjazCRwU84YkUSBr0Ik8UamU43FOhOxUNfiZ73nMizB/ccIhcPw+OJ2teh+JhcW8YfWDNgsKNBnHNcK1zJf2Wi0atmVMoLAU+fV7773/vgceUiuN6VRuC5ymK4+e4abrzz/hphuRlxnsgu+YmPCgnSKbJVqrvvBzPuOzPulPXzpa/v1/+bWvevWvu/zQY/qRn/75937gvm/9mi/5+3/jLz35SU/44n/7H/NSlVcCj51PgVdJvgp7hay4Rfc+8NCP/9wrMY35vELh8QLq66R572/dR9MlpZjiP/h7fz1v/PGf/u93v+u9vJAGn89OdiR9JP+V+Ljrr3v60558//0P3nnnXa9/69v+47d/7+fBu3e6AAAQAElEQVT9g8/6l1/6Tz/1Mz734qXD//oTr/iRn/wfTAEmwlxyT5JmkgmC9w3/7sv+t4/7SPosjgy14GwBUXKIpyb7nSAv3Ax4KIGU10cOSGNrGCSgpKxrOpumvwUIDVA1Y+vyYQlmN62NqcLCNZUREhqlsDqcqoPaWrR8HZPJZDKZTCaTyWQymUwmk8lkMplMJpPpUVeFIDyX+YBKsKHgFl79TUATckC/zl/RCo7DmfsRaJYOFR3BC7LCHzot/aIrnh8Fc4lUIHUx/4rjuBqOlsujcRz5lIjiZbJefBdhU+vG9jOJuGh2a/mOE8ajuZa0QHoW5Iv/CXPVOIRusVjsd/2+7xZOvQDcLGRCiRNo43Jgih/CcrFZpovuMI2MWzvt9q4L7zAHUGATzcCTwYXLIk8uW6cyWsFjt5yIm7SvcRNigWMOgc3tp9T6dcQopIVOfJ2jW4/5QynQB0DfsonR8ZrSiDYTsLCGu/CLb/zeH/meH/pvKQ5zixnEmFeTKDYdzLwF8IF+MyWRN3/OZ3zyl/+Tz3YppWHlsOeLkmuTD/wx4q3PfPK//ty//uEveM499z/4mV/4la97w5vyObF4cLzq13/7Uz73//ier//Xn/y/fcytz3z6l37Dt//um37fB6SfpL4g5HQS01FM0uBVPjzlVRXJTgR8cfQoDI8YjIDL13jmM5564eKlt7/zLkRdcT3RLqFj9CMf9BEf/sKv+MJ/8D9+8dc+/0u/Nib8ju/54dtufdYv/spvXjg8RDFbKdFE6iwFzcCVCcjhZZF2T/maoUAeQkVVhxmo1iNQxl/BHB3ptVutwAjfoEomcQISOAUKy84z7Kjct+YWJwlny4MoXlncPDVtYY8dBYTyfQGzOjGZTCaTyWQymUwmk8lkMplMJpPJZDKZHgvSwt2UllBcTJQ6CVS0FX7E61fMuaTrXFtMdAKb8D4FQNEaaMFVhKVQ0xCUImKKaRjH5HIRNQ7jsFqRxwm65CWcB9evMhduvNB3wOkeAE2RFE7GTmZIi9ZAgb+bz7YvKH4vfd/vdYv90C3Ad1RP3tE66fTMTKCpwFYmQgYTS/gGNgcjYovSbBduZ0X+QJVj8aSNl4ebuOP2rsTPfE+8fCZk2151one7D8KdR/9hk3BmE9RzuoQnwG3skRAnSiyQN8iIMfLunukE95Ef8dJ/+Nc+9b+94lXf/YM/puACfeQ16UqwBadkQ8zH5h1iJPOORE/x2YMzn/fX/8Lf/MQ/Gby//a53/40v+NfvuPMuZI8jz6eSFeRNt9/55//O53/P13/5hz7n1h/9j//mh37ulV/9bf/l3nsfyh+GkM9O18utXBbXkJFYliSTIniY1llu1Wf+xT//IR98qywBN95w/YMPXfjar/wSV4C1H/rJV/zm776RLVLySgjcW4qeGTm2KJ/387/0a0HxQB8ryEL/Ux4P243QCkrOIklXlsQxZjH3GJPn04jTS7FpoRsWFVPh/DS1MxFnkekawqcUxootfnh02cUF2GMlsVGVLGSTxc8aPjiHxFCoRrJpUdMgkFuHyrZgPXjErRPFZDKZTCaTyWQymUwmk8lkMplMJpPJZDI98iomD0J4SBoMOZSEkgwDUveUnWT/yp04dgso3iVScwd1NOGqs9qA+MJ8eKemKvStdRziuByWMeU6ahzHIb+ooQ3ctDV2Im1rP06RHler1A6FVG+ltErESei60PULIU72ATrUgAfZbdZYTuoBoUxkQzNgsgMcTy3IPscDFPWe6JCvn8s9VoWn/uiEPduqt5tcFnbuv/H69JfbdUL6Hcl2QdwmUB6FrsyhMt03Lr/9nj2sOuXlrs28KTRWE8xTQrVOOnCLsBhp8BvOjhGAi7xM2KnjX/z9z/rQ22558+3vyFucbKfQmw68mhExpOLrJVJE6JglC+6TP+7lX/RZn37T9edXw/Dvv/uHvuV7vn95eKhLEK2EPfhOPJcQ07vf/8DHf9bnfe5f+9R/+pl/6dP/9Mf82Y/8o9/4Pf/1O3/op2LkaCVy6fBy9/MJooNbnvXMf/VP/14ZBx2Wr/22733TW+942Ute+Akf9UdrJ687f+4v/oU/U9/++uve8Gu/84Z8po6ol5oYhmNKMoEwCONC1AlWOg+CxGgBJeDQeus9cSZiOpX3ZS8RciGJKPE5+hChgiRQ+TzxZgG1UpKPJ9seuVgN10m0ehLG4lH3INwGhbvT/8r9h2mJLyu93nsl8oq3ibx2TDBOVCQThcH/LwFumUwmk8lkMplMJpPJZDKZTCaTyWQymUyPbZWqXf3OePU0yRVKX6uPUEmSDYmRgBqcMLNSXpQ4mSlMR6uUUhDNdcNhGFbD0WpYxTRQFTlJ5V7Ly07q9aeqza8V9K/KS0LbJ53zPtJ7snvp+p6Ik34/dLkA3XH9OhdCc4mVCrNaUwaFIAS+kY5MGSOl4NpW3qEeuF3pOAgAp9r+9k9bPWoMymluB55iy/r2qRRetuPJ59+Km1zZVJmOEuyhvFSnE192qoDQNJUflWCQ01zzWtXx6TyKRrSkCbhjuaBt8uUZIEDiA/c+9Pa73/fQxSNam4inCD50+Rp/9mNf/qG33XLp8Ogb/tMPECDiPYTOdz2hJ0ylcDzWeHG5uvt999z30EWCwnh1e/5zbvmqf/K3XvScW/Lrn//13/7if/+td955V5JMHHJLCWSoQbdLnU7kkVuthm/8ju///v/2iq/8Z3/3E//ky7/o7/7Vv/rn/tSX/Yf//POv/p18NTJHSkpV5LOcO3/+T738ZWu9+rbv/zFmR2gg/uRf+4d3vvOuNA5IoTzkRfKZn/HJX/75/yi/iaAWL7kDIw9aQhxSxEjAW993H3zbsxm28mIeVeccd9i9+ffvELsRB3WFYuqP5ysyvcEWJsjruHc6X4mQY5sloKCzkmoEkrsDih3qjUb1L0FaDWnj6NTPRCKVBGnhQ4kfgdk8KNNC/zxMa2i7RsrW+ZTJb7cSiCaTyWQymUwmk8lkMplMJpPJZDKZTCaT6ZEVIx78yheTEqrXBgiTu0nZ1c1cC0iSu8MpPOLyUPeAylL4Jk9CAmaQvzk/DMNyOBzGlZPKJxdFE9VUpUYqh68BGVqxbkv2mNZK2Frl97Mv0p9uMGZ8BCT9ir4nv4R+r+8P+sUCfM+BO+qAglKtba4N66d01RvGTSV4X3xQcL4n25a4BlQBVwu+0zXqtdZH5g+QTmZKNj7YhYng6a5ylbjJKfxT2IMjsf9NjdeprAm0r2WWP8I6jc0IntgqmY7bTotrV/Do5hetViXHCjavKMpj+zXf9v1f+S3/OQ1LsjPB4INn7iR84Wf/5bzj//39P3bvvfdxS/J6FMjzw6vTiTx3P/BTr/y+//bfKTSH3FB8fnr/xd/9Ky96zi3vev89X/rN//nnXvnLP/wfvvL5tz7zpFZpH97w+2//pL/9v3/UH/sjX/MF/+CDnvnUj3zph7zil16DzHWUdQR0FJz75u/5oa/+D9+ZX3zeZ//V//Pv/g3GWnRoLlw8vHjp8LZbnvERL35BbsN73vP+o4Fgj7xDpOmUHEfJRBSSh14gL9jnb7j+R//Tv3M7NMb4/D/xaWSS4iZoI3oXNbZMV8r8MmiXksAhrtAtHL4jeyJg4brEeaRCVjjzZUKdQcyiQEH4CoXnih2Wa0xNmISRqVLtsSZSkS+ZEjdWEsvE9Cam00xnk8lkMplMJpPJZDKZTCaTyWQymUwmk8n08IqIDTErcUKfMG/ivZb8cPLvkMKtfLk8aEGw5OkoVaGFRanvFsuUBp4A/r4+uBTTarW8dHSRUnUSyjfpqeLpi2EIlqSIqS46bzZiG86A5Rv+ja7ka/BsS+KlasrmLblBHUDo+/1+cRD6PQ7NCbVqyv4AnL9BR3o3sTJkgtKWREsa0XozYVcy0FRQ/QNHk2zoVPDPCZ/i9j1Pec7pBZzqwM0zbN2Os330lqlLT7fjQLby4dmJ+MjfW7yqj0Uwvx1yoG5pGCrYxriclhKA+UEeXcwvnnDzjS/+4GdgHFMciUNwugR92Ac/+9lPe3JK6e53v/8T/9RHOU7zItwkBOeLQwmhCwSuEHGC+JrXv/nd77snP35f8f/7vj/30S/7xu/+ocNLl/L2/b3Fmf39WVNAs8FShUSK9vcXeVF71a/+xsf85b/32X/lU3/wZ36B20kOUQjtrNe1jC5NoyJ3P2IaUTkSatnLP/xF/+YL/tFffNd73vO+e1w1HUkYydQjeujqdBsTcxfQJV4+Ykyvfs3r6tXy7qELf/QlH+qIOxk8BnY3KTAI25wkIT0KwpHU9ITnJxZLF8DaAVmYWxAuTd5Y+q9aXOkG/sMgsUBli3aar8nuMai+QOK8gsKfYPlrorNJhggFNWHuRFb8hKeCqEwmk8lkMplMJpPJZDKZTCaTyWQymUwm08Mq0FKh4iKek3WYFfGuiUCobETgF7xPC51M8TkwSXcTQ44xRqk65mLlahyWw9EwrrgGLM4eCpFw7VHrltUapGlvixFg0wvXMBr6VfzpU3cZw4E6HD4hheYEitXZ6/cOQrfPjgkd96iUb6Vgqq2E+QWnfAhUhgaaT0+tGblyBcc/NoWn/uBYdxM88Rwz7gR2H7P7DO44j5NqTyMUFE4774BOVI/STYQTOg+nx0Lao8RFBGcWKJOVy+Wd0W9pEa85ufEveM6zvuX//Ds7j/T+677oH7nT6R9/1X/4kZ/7hdz0N7zljje+9e0YI18i/Nm//fmYVkQ0lJ7s7S3e/qofzS9u+ahPXS5X+sxjEkcQ4lry6ob4bd/3Yz50EPq8iCI0hjGFj8MSUqPrAjmWpLIlNWPHlIyyd5RQAwKqoKbVuDKi+eDIrw6Xy7/8D/+FI4SFwJF86LmzZ970Cz+a9xvTSGicD74Yrkhkj6zLeQfye6HLedgw3pHVRtjDZmuU+zKtdsV9KilaMg0dkA8UQjH4AcWsYMJSUJxSUJdwfX54OCIqBdg+tRrSQ4PXeKaYTCaTyWQymUwmk8lkMplMJpPJZDKZTKZHTVxSLLyIfEefiROFJBArKDGZmnDsjlQS/Rw3aU5bwhP4LZUI2fhjjHEYV6thyD+EoejO+vX1cikpXDrYUlLcwhOAlqTr8ejQXdlX4BEFkZH0nNy9LoRFv3fQ9fsO+jpIWlTllmpWDkwOGlxLraNVz7ytO/NNx1RQYePFHyjNHUHmW489xLUYx8kHbbM2qZ/BaY/d+nbHFpz8Tco+E3SSdl7oD12xvKRGzXWaMWzOsXu7Hnb3++79f3/2l9guIzGZQMP/MR/+oqc96fF3ved9//NXf7PacjBF4Z33z3v2M1/6/Nvef98DP/vLv9GQafC2d97NtkVeqDth7cgFxHuXAiff6PnrzUpxwPxDK2RgMiQoqyGOTj4AdPQ7hBkPMUEbiNg+CWp5Ii+n3vIK3K6GYgECMD9YUQzdMaU8JpGMq+hOQLUhGePoaStxJ6k8TEmTRFU5CgAAEABJREFUztjyhAC7sl4V8EUGpcxs+UMwNa+wIPUR1dVQuTssCKE4X6GeQT70fvK+whbM40NKd4AdTThozRc+hcfAFeDvxKfZZDKZTCaTyWQymUwmk8lkMplMJpPJZDI9YipVPQhUQfXBT8TJtp05T6byJ4U4WSujt/VIqTpSlsQ4LlfLYRzyT4wJoNRM58fOv1qPbSF/dm7dW85xfJhO2lrR3hbOIGVSz5f0i77v9xYhdBIdgS1xMmsNzm1O6s811TyMpS1AP8YJBtwgR7budCz2cWKFeZ0yaaYvbh2fEnjkTjBTOaVq+8vFuh1giTxa6Q8Bd9I+P8WS4mpIADj2LS0Mb7n9nV/yTd+bxlUal/x7ePpTnvAXP/5j8of/+F997S/96m86WZNC8OQ4QlDIj3/7v80bv+m7fvA7/t8fYZTBCxeSd3C+875jbsQjBl6OAuMsAp0gEsmR2OBIOkkkiq+5YSEU7sQzTJFfi28I7b+3WOTfD128uNGJtZVCX6pxlBPwzwP4esAUYdYeigXxkKYp4uGFgHG5Mbpdo8imuB/gLDKARHtB7jcydOKVb5lGnlkRJ6gKwR+KoHBD6bNU8qH8NDzNHwVpMaYJV8m/Ukloc+WRgYK2SBd8+SSJeRSUZiE0nIvJZDKZTCaTyWQymUwmk8lkMplMJpPJZHqsiL54jvLl9iDVWqk55kqlr9k7pTzP31LXL/fXM5QvnrehCdOHKA4I4IbVuFwd5Z8hpqxcVPRQCvUaroCayjOdNW+Mm20uV5DL4SmIhlPtIQ3ReAjwXb9Y7B2EvkfwSb5mz44ma54lGjOkRg/ruAlcC7Rg6yna0Ak8njuBtQO3eVI8rGoBmfWtu/Y+cbf6IW7sWbfixilmZ0PEbdtPGJyZfU2xXMASogKN08kxZ/SauvLYJE9qe3djJIi122WWb6Y/7R5JOGEXmH08wRbiKZJ/OgcJfPyaf/65e4v+v/7s/5wTJwu2G/F/9KUf+kc+5IPvf/DC9/zwj2MamckQW5OgliSBGRS2OUmERyD9QzhGpASdmPePjWcJ314yQxE4r2fupMuXFKcT3tPzTzq7f5CP+MB9D8x6xWfquq4dx9JN6Hn7MI6zA/4/9v494JasrO/En2dVvef0le7m0jQXIwoYghe8IkqigzdUdNREJYlR4o38JmZwojOjxki8xZ86Md7GjPEn6mh+TBDUiAoaBIVBBSPKoKJylTt9oxu6+5zz7l21nqnnttaq2rXf9z2nT/fpxufbp/fZu3bVqlWrVq3zx/PZ3+9OiAwpONKiJMXwhK+sY5ak70qfp7W2YyuUekLyBcOawjJtE8yWFbNi4aXZH5Vi4lLplAp3GYJIhfPi8cD540+z90qSENkDMQ13tn9/wFbcZoDKhVr/791VLBQKhUKhUCgUCoVCoVAoFAqFQqFQKBQKrSmpawl5wETFPlTGkXQaIlF/em7fFdYkFTsA2VFrhHn6m38OP06F3MPNoRAnI/+G3VkW0DJxa5EwpwL8tZwz+zn2WpvQEjKgtrM7+zZ/2XvejYmTyy7rDw4Ievn1fSJoI3R0VLTECm710pRvBey4YOKESpdpf9EfTqAVswgsr/c2enJSymRtCx1xFB23cW8TR7Mm53XzSIr6ctsrdLJ7Stw5Px3n0jMzk7gXNONM1geN5rvP3p9w1I6aei2OYzQLaTSNJsIw59FNTyR9zqd/0lM++ePvvOvMd/zQT4IRJ33qD1J/CsXq419+9ZdPr895wa+dPXvOcnC6vpu+nfZhpxNGRlKn3iR4cJAe+uDrxN2EbZn4fPL+wPNgPuQRDz/cbAC77uBA+tCzu0nqbrz5NoYmxOwkK0CX4bLTB9MhN73vdrFOsvH5/M/89I9+3KP/wVM/Y/rw3ptvhbqc8uvDH/qQ6fU9N97SUjYVdaE2i8aOosbFh9RkRaAT6no/mqNydPHSo7M5nehixeNMsu5Ph/N35bTKdySzsMkZHCixlTvpIoKWiaOzlHQyF06kdtWyhXS197ubpV+5OamyJErFoJingIEuSYeCyExRQqFQKBQKhUKhUCgUCoVCoVAoFAqFQqHQfULFuUSoESkHUrLioDsYdGj2JygRB5IMgu1P3RNiSYfgEqeWQrnBvM3jMGxzHs9tzg3jOL1By3EoRUkSPqP6nZTNTQm//Mwe7Kf6ua3Uz5xXyjbHQVrohOakBdrP+z00J3OoQzpgj5Mruv40YA/USVJKx5Va4sFqiZMyAGUs9S/YsWzZp0XxlHYoiKWlzPIq4USt41r7i33uQc1u4lH7HN+ZoxGTu8uaHIdMzFszE4ZivkDmDCFF9X7t+FXoiY47572dxHOySaX4kj6/YNMeLo5WR0RghYRJWAiAK644/T3P+urp/eve8Jarrrrylls69SdK/SmFTr7gMz/l7378R9955uzP/OKviZ1JN33bHZzG/lTXH2DXqzeJWqdM7TziYQ952U/86yN69fsveM7q9k/+im+68Zbbk4JpyTC9q668Atjp5APWddHVV135L7/6H03r4H/57Ze/+a/fobCLfM9r0CNvYOjk3e+9SS/Xr1qjdrDhUwo9hwV6cwrFnFFKOk9xH1nSQfJRZyuPKXelrFnu4FMm9rQ9Of1R7hHbxtQlSgxMsnufOGczlmW3nBqhnUIKmpSkIO6JB+2gwyUoROTyKDj+aQ2FQqFQKBQKhUKhUCgUCoVCoVAoFAqFQve8UOIP1OSEK5Rg8AjOSA6NpeDaH6FlIiSw2B23R8E2tkHqg3mqrm42m8PN2c2wHceRS/JI9nP5ueyA3LqDHGuMsbdYj/MAHpj5qFBzAvMRIM6fULeXftLB6cu6/nLEHqftfKGdBFRAw+GU5r3Wy4BM8lPvGsbsvZLFXujbd6+F1vZcOWBNe3AAsxWAe0fH+Gec9ODjPE5OuKW+xxOdFI7uAFs8WMKOmfH0+w++t0b8ntS97pMD9iykTv1Orrvu2v/7tX/xBU/+hE/9uI969S//zJ+8/g3Pf/HLXvjS37v9jrOY0oc84oYf/Kavm4759h/+6dtuvyN1bEzSHZxOB6eZO2HiRGJ60Eix6Wo22+G1b3wbFKLNebdpAXjC4x49vXvt69/AwWAF7ADjQKYlDtjRKfNiauxefuT1D4ICnbh+8dd+6yWveNW5zfbMmXOyrICvUXzUhzzsoTe/7/ZpvawBYr4IV1OlOhh1/Tl96uAH/9WzzFtJVuZTBzb9pmvhNCBfmKCeUk/LXebP0uucoWbhoCXfgC495mtipImvqXOYpV1ptRnL8oFyDcxlucMVIVVqRWEi93hSpxV0ulGOsiZnvlihUCgUCoVCoVAoFAqFQqFQKBQKhUKhUOhSy2uRBlT47+rtK/1CS7OlxpoUYiBKXhPVfUauGOZRS4R5nP7bDgNDJ4eH23FgXoV3S1JXpPIb/B2RuifsZzYkLQLGkwAXx9pclLKppDbgQX/ZqdOXnTp1GWDPNWSuCydBT/xC+b35A9T+LEq6Jzam2LfjvfYLfiUHiJYuBvfQ2eC8dVFYk7VjydJCqg8ONTvg0a3ZV9g4lQio0EInS6eTDxLW5JIJ1XlDw1nYe+nGW27/1h/6uWf/yM899ckf9/TP/bQnPeHxH/f4j/ie/+mZr/ij/+eXfvv3vv7LPv+qKy7/rVf+4fN//SV8tNiccKrOgWbrdIJPuHuI3MGbbr7tS7/5B2kcxu256TWPw7SaTQvZQZf++uW/NO3xtGd8AxMh08HalHil8J+ul/fGSuhy+rCHPHA65Jbb398yHuOYb73t/RJ5k3xdlS8AH/zg6z7qsR/+x3/+V76v/2VYzOqUNLTtoO+f8SWfvzJo5NgKIx3Y+B3tZKhJyI24VPkepJibO6VYzI4Gp6H6+sxP1fS6tkzah/r8MXPieImPvfSRsH06hUyk0mXaNW2CS0A9hUKhUCgUCoVCoVAoFAqFQqFQKBQKhUKhHaEWX92rBEsxXtmT5if36L+Cl1/AZyVIvGzLBcA01QlTGsbhkN1NzmXWqJE6AjZUjgT9x/I7qgzEeV3EsXtQabwpAfMlkqQFIXZchj7oDy5P3empigucMYTC1XT82pA23n9romAr9zy0cRE0y8e4j1Ztaf9HWt+H4OQkCq5uXsQa0d7DZ1tprQ9+gn1OJwtlCJ1QDoh4zg5MT+3hdvMr//WVL/iNlz7ihgd92ec/5emf95lP+eSPm/6AzO/v/8mfp3GQB7zniJbUyx8B61JDcqihRsUjsDnjks7AagGFFVupa5sCbPShNzx4+nTrbbd78/KlnFRok3Tq9KlhyG97z82ve8Nbt2N++hd+dt93L3jxy3TPO+4889fveu8H7jqryyxUD6pyFn6ddvuab/9BoEx5dO4JbbFWvMO8TxJgaq4CVviQQsxQHRP5W51gzP+q+WbnqRAuCGv8jdmZNLhLSaSyv2pkkFMoDXdSPFVwx0NlTwdCoVAoFAqFQqFQKBQKhUKhUCgUCoVCodC9LtTsBa055nlYgoXq1Dorep2VbR4ISvVVo3Uo0dTAkIfN9nBzeDhIng75MV5ePLpQeAFlxPNCPSp0IUkSXIoV4KTru1PYnU7pAKgfx5Q6rlCTuqqgojiLou2CMklwv1JLnFxqj5Oj3UqaCJs5JYPLHY5uZ3einIRuOYlaUqqGILXQSZ7tjec5yxfmK/t2uXeZpxr7dC+zS255IutKMqORnN/9nlt/+Kf+88te+d9+/t89+8HXXaM9fPFz/v3P/8qLfvznfvF977/LvWZmbhq62/xhkIgc6hLb14wMiaQGGZFEHj3ptG6Y0wkn/nA6DDnSNjX4MY991HYY3/L2d2HCFvPo+/6LPvcz/vlXfMlPv+BFL3jR73zfT/w85XzQd//ki5565uy5F7zopY977Ic98uEP+5UXv/RXfvN32KCl6w2Rwd0lBqdT/NYrXs3QCeN9AzAMCNBamkydtH4m7Z2syORLfrmL/ld2MxOEEqsjHAmhMzcOZaV2JB0LKXifIiPYpoIxeAhG9pi9Eq3QL4YoKpMilF8zvynX/e7dGR8KhUKhUCgUCoVCoVAoFAqFQqFQKBQKhdYkP6MHDQoxCwA3PkmInq1gm7RomGRf/gW8kBj8e3r2OYGp6Lll4mQzDNuR3U24fsn12wWdkSSrgYuHR4Ma5H+gKUwmq+CTvDmm6ohtGEPTaCptcv2477vu1PQ61ZGBTkHqxY+AYRS7VlYH8+osf0WruMb9qRKKZlNzEbCBI8kVal6P2ME/0PH8B14c1uQkJ9p7ODYVduIJr1vX43XKwUf0e79OcosukdPORZxDx6ugPWgEA5MgqaPUPfDBV3/jV33JM774qdPn177+Dd/7Yz/9lf/g8//7z/r0Z/7DL37G33/aL/zqb/2H577wfR84m8fOTZyIn3M2baLFBOUrSknf8c4NdMJLJDMcfVIcRGAOsGSd2sMHXnf1DQ+69pV/8ud33XV22nDq4GDaeO3VV/3zr7E5xDkAABAASURBVPryZ/7DL3rYQx505uy5cdAZg6dPn/7ZH/iWD/+Qh//cL//G4eHm5/7dsz/04Tf8b8957o/89P9lTiruRNWOBBYl9mKSAKFOkIxsBiJGhqCyMnJMsRkh7afxhplBKD1k5nZFFTOkSj4RWsgRteYk5Pv7c0FrE1yJFUKHSOol+aOEVByEEIq51mJq1x1CoVAoFAqFQqFQKBQKhUKhUCgUCoVCodAlFmoagoAYScMfAEtsDFQ3ALTiJzGlYsVLtB/3E+RhGLfjZjNstsNUTR0yVz+p/Sm9linluNWO0P43zU5aKi3pFrB4M7uycrJaDy+5OAzNdDlD303/neoPLkv9AZMlxAVluVb1BSC5Ymx/kd8Uf+eDdL+tgV5c0wrJUcLV7UccdIItMC8231OsCe7/ak+DxelEHwjbvgc6wdUm4Lgz4d3d4+Jpdbrco+hJbVzJiCzMmthlXHH5ZZ/4kY//8qc++bM++WP7rpu++In/9Evf96M/td1uX/EH/+1HH/cR/+pZX/tZT37i133ZF3zlFz31uS/6nf/wvBfdetsdvCSkLk0PvIfdCHqXNJ8mcaSWk3G5O+jsek+fOsVd6Lru4AC7U9OSUYgTdjohZNyDk27oSR/zt6f9f/tVf6JHftPX/MPp9au++POm17966zt+9P98/i/95u+ePbeZOnHNNVf95Hf9y0/7xCf8yevf+D0/9jPjOD79Wd/x3B/5rv/1677iox774d/wb35oO/qSZ8tyyfwx4sTCd6a+TusZjfb4yUyctoi/iT4v+TEf8sjp72EYwBPDEglZx0u4LO+FOBEmB7QpfkmZxhkmwmgI5kKWEPi/BXKobEz1ofD7qCiK5O3QbKPZpyAIAlT+1Wkm9SwYzHZIcI9Mt1AoFAqFQqFQKBQKhUKhUCgUCoVCoVAodB5SjgTVtqQxNbEv5VUcUPyn9ZJJM/03TvVNqfllmsqY23Pbw+24GcfM/3Gts/5M3dUGLWioxaIv5+EB0VAxe3dpmhIsgOur+kEcWjhGA7uD0/2pK/qD0+J+MBWOe/DgjjZQSA0HtFmp6rJxgNq+nLg/9y2tQgIXRg4s8knWRM3rETsc/y3O9/zQRzz4kQ+77hEPve5h1197xWWn3n3Tbe++6f3vufG2N73txsPDrRkurLRzVE9o/9lX97VZzu9zHQfE3g8uZXmabzkfYT7me37p4N7VxYWVTqJTp7rP+ZSPvebKyx5wxeWPeMh1T3jshz7mkTeoE8l2GJ/34t/5iZ9/wRvf9FZBSvhJfv2b3/aV/9N3fuLHfdS3/Q9f9akf91Ff/cWf8xVP+4z/6zdf/h+e96Jb3ndHlrWNRvzBf/lPvuTTP/HYs7/p5f/liG9/45V/9A3f8x9Q8ne+8NO4td959Ws1GeedN96yHYbf+N0/+NkX/MarX/M6xlxSf/UDrvpn//hLnvllT7vqistf94a3PP1Z337mzJnpq7e/8z1P+9pvfs4P/OvP//RP+fkfevZXf+v3H24GPsEOUyX5Z8mNTJiUcZsTXZnHa6664lGPfNi0PCPlp3zSxz7uw/7WtPVt73inkjLTn57/dAep17Z4cceGCCFth7cNHmsjripETn64YUrFnmqgTpavlE10PMXWfZwfQ/4PDl8JKV3U/uvREioAlrB0f1puQ6FQKBQKhUKhUCgUCoVCoVAoFAqFQqEPXmmsQqfQhPx0niux8iZ5fIxhF1Ki1XcMXmQUJ4BhGEcmTrabzbCV38Oz6EKzPhYmGWvlbMU78mLTAi5AbPkBuSiOofAoIPmB/8GpUwenr+gOLmMggMM2OmxAk1lT4q+g1ifCnaS1Lt3/NLMPuBvkQHHCgT02J3oGOA8tYZG20b7r/rtPedyXfd4nfcSjblg9+M67zr3wZX/8q//1NTff+oE9bcL+7Sf1UGm7RDTvpOBLR4jWGry/6gTY0d2Vtr853H7OJ3/0U5/40WX7nWfOvfp1f/HK1/zZC1/6yhtvvJnyKLhJr+4jOjFf+/o3P/1//DdPfuITvu2ZX/GExz36GV/4mf/3a/70t3//tWxO0vfT/tvtcPZw42eC4ybK+v063BzSuIXpvie89qor33HjLW/563eKqUf3v/30f/7Bn3rurbfeNl1F6pmGOX3Z6d/5hR97+PUPOtxsf/IXX/jDP/3cO+88g6nTtfeOuw6/8pu/5z/9+2f/vU/4mJ/87m/+6m/9ASHdbIypMG5o0TlJqJEyTgqdII4PeuC1v/7j39t28hV/+Md/9udv6ORMTJwQHsgbyQfCTlEPXe8s5obUUUZpO3mriygpp2ieV4pFGbdI9sAigypoziXYcifVgCrXxbYCJTtAoveI3VvKv0YXAm+FQqFQKBQKhUKhUCgUCoVCoVAoFAqFQqGLraSuHZplgJ7aABaMgzXHoZbap3JjpjzQIKYmlqojkTpMnFh+ghQo50zDyTp0vCtGwSOW4R6NrEBL9Vu3BhAXE5zqq13fHVyOU92VtIDLlVguaUKtKpM1pb/MT2C/9l+lDu73ugfJgeObPY7zaFr4/M/42K/90k974LVXwn5ddeVl//gLP/XpT3vS7/zB63/8537zjrvOrbRPM0hk+e3eu0s7762svrjMo6ETR5k+KOrm95bTCXMQ3/Ufn/9nb3zbjbfceuPN73vPTTe/8c1vH7dbSdthAyLsJSEsybLGEJmYM3HkTf791/z5F3z9t37Wp33Soz/kEb/1u69O/YGDc/lf/dgvfNuP/J80bvOw5VdmRxrEIo80jrziZfHumBpPveTaJHBWDyzpRrCNnL7q2/7dU570MWwRJRDFbe+/S3CTU3oJUyPDCD/6n37lox77qB/+2V+86aabORlH+qzNTm+GDP/0W77/Od/3v/7Qzz1frp1XoPffdddfvPUd777pVoZGwOlAMVPxNY6cf+Pom3e9++af/7WXXHH6YDrpu95744tf+oq/+Ms3Mm6Suj6lA+Q/PUGfyZd7mr7lQzWdh5wwEWyP3wlRkkmCbWRFtX1BPU2kU/wPRAm+MdakPmvyPtlXoAhNgWnKXxZoVhdi0qET2MX+cdFYHgiFQqFQKBQKhUKhUCgUCoVCoVAoFAqFQpdUSX7cPr10Vkc04qS18pixI/ITeAZNtofbYRjG7ZiHcarJUnZqgTQERUu2La2y82ZX2cvXrZHJ6v64H0xJ7VcSB6TQzFQD7uRH/R1XjbuDrjvFlif8A//pT8oZwXMdvPU0dzGpH0sCEYSKFPRRz49ZOfg4kIiOgk5KQ33ffeNXf84XPOVj4WTqUvqsJ3/U4x/zyH/9Q8976ztuxl2yhOYfl7fzOJTC6uN6vcuLwL/z5d8+25fnVZnW1EAnx82hEyaJ4AniddyJ6Ly0ypSsRjHNP14oiUIro2IrS86UpwVnEDpkyONA4+gsGAgFkgQK6VIndh6a4sLQCYMj0/45j7ondn3qDtLBgQIcNLVcoZMBqEQlMZXCUEvOdWbribBZCww6mdrswNCTzI3kxvOp4S+cnBCiJfPqqawM27QIQSJROaPCNLwodQ7QCOin3iJ8uv5gulZgCCYhJFvoprWYD8wwjU/eTBcFI1/XNGIwQiI46PouHZzqDk4dnJraSGpgRb62kU1n7r2u9/LvAilNKHk5gn8k8FUSUWZ2hnrT9XbxppUZ4ryJES2A9cxgQ2+GKW4zZQCQPaXTIk76wOFLfvFHpi0Pf9iDIRQKhUL7dcedZ6bXq6+6AkKhUCgUCoVCoVAoFAqFQqFQKBS6eHr3e26ZXj/zi79f7ExoqqNKagyX/5ytsFIglzW1cppwVOJkc3h4eE6dTtjgRP0E+CfwUnfkGmFqXEYWWi2ha1Wx1MRzszPiMT9opzQDChJZfIP0XyuxXNE9SElxEw6WwObH/tXvxPMfkCv46NV+1CgLrYIm69X8ki7sJ/d4kl3cImAfewPHl/dL99b7KSXmAgycr29F2/jqsZ/wmGF6vel9d+1vY/2MbV8feM1V3/1Nf/8jH/uIdod333j7S//gz9713tvefeNtZ89tHv7Qax92/bVP+Dsf+qSPfUx7pdNX/9//41df+Yd/ueZT0p7lmAtfjN1lV1wzvd7wkKum19969V94Pd0a6VdPtvfzMV+32E7DW0nl3T0f8nw6UPMxeWzM8d3AlR1odxeE1kzoiPaa/q6/oR3Uh/wr9D0NYqvPY0oSOMMPqoZdsU1IJ+4j03KVOhD0pETOKNuBY4/jVn0yhEpRZET2kXVPABRlKhKW0UqUdE3zPrsPB/qVWNKNht1YCFliyxNN+KlPMbW3hdjgBEdMA8MlZnPS8VVYnzuk0bAVRLdpEtxFppkYqyT7DKDpYLpqo5F/zG90Zex4QDAR9qnvu+6AjVigy7LzPC9MaEEho9xwhOzCHa3iL6bGk4EgxNieMYZkLWhLudxeBWXKxZP/G1OJFtKBTc5n1dPJWiw3YEyQdC1cm36hUCgUCoVCoVAoFAqFQqFQKBQKhUKhUOjelmZDuLOJeTZIhbL4nSAXDrup0MeV0SFvD7dnN5uteJyQezUQlyBroyeKDdmxRWjtSUpLuDSQsEQG7XzZvx7h/gQoQQ9J6sHiesBVXXY3EF8ABk0QD0CCICQYiG0GxFQAnS9RJWhwFCiV2NkYwr0vOp/zlgr/bGMxbrh76SjFz8aiQ7SsPruZLTKxt5XFBmz623Xpe7757z/+MZU4+bM3vOO5L/z9V//Jm3PO5Txveut7p7+f98JXPeKG6/7B533SF332JyXhCi6/7NSzn/UPnvWdP/OXb3zX4qywZ3BgF0bB5Vcz0oloN15n32XTvCVa2wsXB8ikmyEbpRzvvUuzM2I7ptm27F4l0dq5ZjvszDPxufA+knVokVekdyXNrgbXrg93jFywfaPWHWTmH0yzYYIuMwBHQspZ5BVbNWGvNifKfJTLEO+Pac8ujwPmzg4xTxRU4IIZE0xTg4x6dF1FTOYMBRZopDodZRsz4z9QDVemRZPXHGZiyALL5tgY5TGh7EQd+0RxTzqxLUlK4PFylDsxQbHljP9KNhCdDQ4bnPBloIF3DOPAdLVsdoIMlCTeNnVjOiBn3ps6Pk2SkeKOMuyB1FwQqgdJe53o04CawRAzFP8HQ7rZQGc4XRvJ4M5JJypcX92sQ6y4YxZKhfg+W6dssqlVEC/HSfsgLbWOWKFQKBQKhUKhUCgUCoVCoVAoFAqFQqFQ6FKIsCk32g/xtVSMXrvmUAfgKuZ2HA63Zw83hwMH6wxeMSciq0xKlVmqj7AHiGgr+cKszCvayfuQjIUg8Qpofyxfi+dZDB70R++l1glzZkbSc7o+oRRjoZcwHSFONASjPYgTgizFonRDrx+aAr5aIsCl1Zx6KOTC7NvF/jvswwW6s+yRVqObTwgzdwc4Odoynzx81Nf/o09viZPn/fqrfuq5L6u4yXznSe9+7/t+/Gd/8/f+6C+f/Y1f9oCrLp+29F169rO+9Ou/5T/edeZHUWQMAAAQAElEQVTs/Fyw9tGBjr0jVIvvbu2QsTlGppqhHu7gUJmM7FwW+q3zN+RDtrSecN8ek9Fgpds4wzoUBskNSmZYCOzEnUg3ZueSkj7OT71y50p3nHNhKKAyGX7s4irWtIw9WvNG8kGeeqcYGT+7nabP2IgLeOEUnVkzGbHCrEbSpYQZDHJMJGmymA492yAxd8J8RtdSPbCn135RhX5Aie/yJUl2SuzI4pga1UdONnZCnIygfiFKvwgK4/tkRjYY9iNUrisntnHKWTrN91cWomllZgYFMw+lMCaQJEZHE3cYzYGeSggRiCGMhPnoILWrmS/6zarqAI6ZnlC1plHOSq8tC5diw1ZxH8zVkKRZpox3ayCpZtz0lnqYToKyVTsoLItOZjzpkhIKhUKhUCgUCoVCoVAoFAqFQqFQKBQKhe4pJf85u/yVFpVWKzpygZOGPG62m3OHm+12m/PoPhl3p+y3PLapbpe3S9xkz4/byYud6L/Q5+orR1VwUE4nFdaUNL9C/AgaKgKbRuzcZOYF9sXddgO5W1o98/kRIwX/uGfUYgnFFOL8ekjt25k1wpM+/tFf/vlP8sbh+3/yhf/15a9bP7LQElLo/uPXvfWffdtP/fB3POOG668FzsG59puf+QXf/cPPh3LLCyvVNIJ7mYkju2+sU+lm7htqqxAn5DuR7zerxZfHqSACojR/MitrUvq7k1EDDUqCpYNYkICSFcOfs9lYYEMMVJxpflpkWEyQmJVxangD7dIJRpBOMk2wQCTKcCAKzFHtVdw6Q3tmGMqsBSZ6ErpvBoDvZzunZEPECTtp5WmnPWiMQRVZmyLrZGZ8TaK9hDXROBz028ooiCbLcDZQGbVk90aRCzlWgn2mVkfeiL0YSnG7CtxlcX7h9ZlNWiQoh0ETIL2GpLQKf1ImyHkdoVWSmq9YEhrNL26xMjp3opE6QtgQzxsbenJ/rOJKQhbOJnk+VO8xzQxOqNwp7ZbG+ihh4nlfPDnVgUpGzyxfGLrJENBJKBQKhUKhUCgUCoVCoVAoFAqFQqFQKHTJZeQFYbEIcVloygh5HPN2HLccrLMZxiGXXBY9eLdAS2nP2RaVzZ2vK2iy866tgOJsb/7FO9ZkF7kaLt9yjA52iSN1uqTxOp1BJ6DlYO5D1zRcGBMQeMX5FbgPECcnBzhwTyvHXYIW9OFEWrknK70oJER7b07acukV/I/PeGqZKs9/0av+6+++br5nO0K0aOrGm277rh/9xR//rq/te668/3dP+shf/tuv+vO/egcArTEx6l8y78DKu7JB7T6oPb7s1c8OwPKkLIxG1umhGQclbhawLm/NQBKan3C5V8a2zeYbbBmviuIUQ5bZhaQG2NoZltYRaAYF7L39uGxjMUq1z+g5O1jvX8OFMXDhO8oX7u1RMBoCgTbS7IFo0DLsdBjTzkURLkbBbjYViMj4FWr5oVwsmxDURslYHOctqGabofE3TL+YyQdvSkloGcZadDhz0mQdsUCpsAr7mXCuDwoV0vErMRXCTWVdznSq2vlkKORyZ8CRTEhCndhoRiNsdSX2KsKemHcJQyf8ty6U4sNiGWukjanpVWomAZXxWkw/ObVftVrrGKBD9o+MeNT4Dnp0unSLcigUCoVCoVAoFAqFQqFQKBQKhUKhUCgUKtLqqQUbeK3Tcg8414G2edwMh5txHPKwzdvsrgiwU6L3QuJRxcBd54TFt6URqOYl+9AG8lcqBhJSyU2aVWHESToQgxON1+mMMpFv9ef6O/0Cr2svunaJapx4EXY7Se9PTJwskAjf5szKfPRoud/ukfXTSgc+/qMf9YiHXqfv/+LN7/r/PfdlO20SHtEywF+96d3/8bkv+Yav+lz9+IWf/Ymvf8Pb950OdgayNXtY37MWzvWhsS/6xd6FhigojqM55GYdbRLLQrl5JJatlvtLjVcJNU+TnU+r/Ygwg2PyToO1zRZPad5It3P7CdputGddLA9HPsn+gdo+ZKcvoLkO1DSfkkYkD3NNDvKpTA19orE7tGMJQz4CSUw1dL1pb5CeOJUekOEY+rHsruYoPhexdq4SHdLnVMAU/cJOKXAKCCNCozUr+Ag3IzlSyNE66pfCliZJPExQfE3kPBklY6eTq06UhRaRNCE7nXVEcbtkU8RP2g4xEVY3nGwDKt4jZokl/zyMmdSwBSQiSBdTNV/x5KiCktgQ4/wuZxsUJlrMAwb1VFSid/SBsYeElI20p8bNbUKhUCgUCoVCoVAoFAqFQqFQKBQKhUKh0CVW8tKe16y5GqgV0yGPh9vDw+12GLfDVBv0UipXNYl/ed/+/p8agmONKVgwKvM9vEY+38ELpUdK656krIxkR0ieTt91PXYHKR1wYkaSDAiOzujA0jkSYHUnwBlJU0rHu5Ytx/XmXlChCfAoJGJVltoBM8TkfDxOlu15h2btINKMTCE99dKt4yQ39os++xPL5+f855cNw9Ccd8k1rLYw6Vd/89VP/4InP/iBV0/vP/1JH/l//PyLP3DHmX09wbUWVtWWvPOYywFamO+RWl7D6uvNTUN/YHzmiUFQeyOcHzGqoNm6eMOpKmJOQf6UYdM/S/cp0SfOOkAzlUrTdrOg1vxnVwyKXJSGZgEnlohSECJMTrg03AP4M+dH5tktpIZn2eF67GILi1C/zeo0wsfWwaHdaY3ZJ83MhcXBFOserAqhzIdqDKOjXu+O2H+I4weV6/SrGOXNWHxM0MYClDhCufbpY8e3KnM4DpuOUAmd0XaSMC9qxoIKl8iFpsTozfRBoDvFZLJm/NRLUM8VsRyRnvPgc8SarOap4Z+4oSxTRqKDxG/FoCqJ11EUJFngDWkUUMsc6W3J1H6yuWW8ibUz/bsyfRbwxEaZ5CL5hiT0f5d0qUZsGR68e+luoVAoFAqFQqFQKBQKhUKhUCgUCoVCoVDoIkh+9G5xC8psaA2Yf3pO+XDcHG6322E70DhOlcFOeA07rpRMrZq9KjJjlFn912rTtDA40HZr2gXsbdRqkGDZEOTZEexfQmJnIqwJ/wHekrjwyiXwqb6qDhSd9F15m5LUkeYxGqiVXFoO2CWVD3wFfNZ22RlbZxHW+JKy5bzRkzleZIeXG6mURfWtOHrs5rSRfLzu2iuf/IkfoVvedeNtf/ynby0AEx7XTil9IztFjL/x0v/2jC/7jOnzqYP+s//eE37pRX/Q7DOrk5/vDbb9s0MnKek49EkBGfk+S2YIFcYjJccNCGdnTuYqgX6kRpLUnmGFSZQVUGcKalw+rCAPTQ3fT2K3QxwsEM2PA2mGJVBLgSwQHN2mzwxWNsW+zMuxy7WJYlBhDMTMS0j5FRT+YFT2wtxMrOHSgk0qPw4b7sloGvALJnQiQvuprSkvUYxI5I0+GEILJUXX7GQWxAOVmTHQYZpTtq5Bha1y0xNyQxPeObXDUZsCJ0lsDUJ1E4EsqTc8mGrPxOYn2RYm2ZhRyJKEulzac5cyD13Kesac3BWEGRRb6WTIyOJ8qFyRzw1wEqqMsvpMJR9ZHUk9KJEhTtkv2a5XL5c0JSfXiamvWS+J/JSCy5ASSpYPhcn3kGCgZA0aPVO4R7j0i3EoFAqFQqFQKBQKhUKhUCgUCoVCoVAoFGJLEE0p4No8laAd/vH5mc2Zw81Gf4bOlcepUJ6kIFvKpi60NAivQXs7KrLK+BKD0F+2Z/FPAa7Dp1QNR5p3SyUt+gJYLdfLyR3zJTRd0EFig5NTyNk6vSRCJPVzsUgGKdUynkJYfjxvTXedoQDmJKAdUbym1G0zXBKZI4LYy3j5dfGtyY1baOkbc88WabGU4a16rjXmEjNyBNFSv2r5j0d/6PVdsrv8Gy97jXml0PyAJSlCi6tUguPFL3uNQieTHvvhD8f5URc2Lu115XHQS9ZZPL3vx9tv1Tq9lPHRSAQ2skiJg5/61PU7Z052W72u3lBCTgnYe+Y3UnJnmdwwJ4ZTePfccEOgjtFCZHysmpvmJ6MR6ie/zva2yAOkTIB9o5dIRiT4BkMRfLDc0gMrAVOIHZuyfFkZwd6UWy0uIJ7s4gyJ9t6bEiOj5QzLTbyO42+ZlDMxCIb9OZKP73TneBwTLyXi/1FdWGZ0C49M1jUIPA+JxPepgCZl52Srh98dY9gwlxuJTMBN9xKcuTB3E+8/H9brGi3bpx07pUka9CKpwYkOC8kOWS2gZOUqFibu6WIzxBCTck+UqWk8cVxuYeQ3U+a9HE12V3ji5JHGMev9sDwjKACJ31cbHtRYH1vF6x6GJGnbvHNKmo6U0B4GLNk65wvJhUKhUCgUCoVCoVAoFAqFQqFQKBQKhUKhiy6rW3NNFzvoMoxT8XIcx7sOzxwebjKNVldGWLhLeGnbPjR/EcHMZ0J5lFm5URIWEvrP6kl/51+5in29rRYHVinW8qbalvQcaYJd6k5Bmv70mHpIXfEvkKJpJ5VNZVB6lKtGs6aQkq3lNex24J7FNU4uAk+ZUDeC1bIr7tSMQYv8F69GS0d+FmbAPDWq0wnVfUsNHwqTsNLaQx98bdn0xre+Z+aqUU7Vvp+30n665X0fuP39d117zZXT+xsefC3Syv77hHs2YvNt3hxyWTwx2CH1cejT+29UQgtTJ9QWvxtBo1M67PrcJeAIKIWmdNonLa43XesYGkjJzE+Sw0RqGJEKBZAs/MSzW5xWwcJ5iMtIJgUpyjduHOHPaUa1ntCvhe1C9UQRIEae4zRtTv7MK1mCaEBQuR9JzErK3VEAou/VaEjhGEcTNGKFr8YIBuc5xMzDMlZ4WD1/yDNpfA5pphZWGsxdO3KdeXzh2Q+hcnA2TkRpDB1TpKP4LO0x93f0abDE0KgYhSx9khTPg2yWIWLPBBoZlTV9h4wWydDMggRoxInY2iS1E+Eb6nAPh/LwPkmNSDIkux1lxLI4p+TC7GRyhKbcIPQnFst1+Lo980Oxm2730ZYbzHmc/sGwcCSF46axzD6+jpSUtnX0sQBLYAYwYDfP9puGme+vBKRZU2qjkum+sy6HQqFQKBQKhUKhUCgUCoVCoVAoFAqFQn9jlQy5YPiCy6i0PbfdnNseHh5utrTVfaQynCSmpB6o5VOtKRY7BncWaNUYBJSCImp9FzTwhgulWAxFZtYjRJ7L07TceFmgG58kSdLpLVWnEwAldZoFJEX8zk7s8TrW/+ROELOOV3cJQGjgmntbNLtuWHSkjFXxuWiOpAbsuNi9mpuJkAVmZP+U/W+tTGdPSWl600AxR4zswx5SoZMbb7ptBh0tRmWJm9D8I+u9N99m0Mn117WFb9jZdWe8vTxfv6FyFiu5D+ew68S0QkmE1H/YVR2X3nkGpnEqyPOAjAPlgQ0hNjRMxzBHkZHcOERms9Xl3bdC/C4YhFAYRd4QmUdJi1RgxtmFG7mC2IBUI47aapkbSdNiyvgpU1BMVdRUIhUswXN/NKKF8RW+2Z2YqCj9kJw+SaTBLnXEeE4OhwgloKs6bOir3K0KpwAAEABJREFU5nsJlpEdvCFU4oY0Dsu3ke3sTQvjUJvSEbEMIKJ2nMr3ZWMGKGPFbIq5lsyGRI+gMhfAon2qJwiZrUcrhFyWP0v60dsmpyymNKRWNb08LQzP5Azm66IDwt9baE1m4qTTGQF+SvVBKVigQkxUGI6sQytTxOKaoFqMlJUOqabe2NkztUttMwie10VQzE74dneEXeVKYDuOssAD2cNDnZI2PvhlJqwBYOUOSf/zaBuzYTSUL5HlVCgUCoVCoVAoFAqFQqFQKBQKhUKhUCgUalQcB6ay4DYP57aHd5y583DYUAcjlz6p44pz5xXStN4Kl6XNm8BbnZ3DfqPecBD8E/isqRf6C3yPummgk510GItbgOqIoj+TZ7MThANE/XOKP6bpT8KaB6E12OTGDQkVQ7FysCdO7LvAphdwqX5fX4rg07ilWtlFvPd7UyCE3BT0p36NYnBSQ3Asn4RkqPdkYdD+Ddc/+Jry/qZbbq9RLXsL1LtV/7r/Tbe8/3GPeeT05kHXXd11aRzH3T2hcAO4ar6ywrKoxu0ZGjFXJwfs//b1V5P5UxBDJ+ypgQOwHcT0X2ZTCALLMhEDCp6G/FRQVvQBNQqGv8/Z3C6MVsDsySh2B0hZDyyxVRKXVXooLAubXZiFyeIiLK2FCTKknevDlOqQl+GR3hjPQmK0wgdnNSxyHMbsPrRnwGFaZCCMNJtQkLHpYXVIxuERuXjL1CFzPDG+ARGqbQY462ZYBZMPTtXYpbk5h2wZl/MN7QLsLgvMkhsIB825qYxlVsZKBn5m6tS2avSGDYRwQgTWN+86WVqZQGOZCnmTqePkJIkAklAkoUz4EXIPHEvSQWisYkBtXKjCQtIN9Bd5DhMai9NAaZqthmBz0S1Y9EFImhs0HzLbhfRWapaa/CuR2JOnjKp2IaOSf3ZgtqlTx0xAG7TmAG1RaRYL9KgdAvP40bsa4TqhUCgUCoVCoVAoFAqFQqFQKBQKhUKh0H1BGaxMPRW7zw3n7jo8c26zzVOpsEtW15Tf62e1UZC0jSOYC68C1h1IrS7krQauJPv9PSUpRqZkZUq1cphBJ1J+nyr2JPVWQCvaJq5wl6OmFvquO53SQeoOANnpBJLAJclKk1qG5dNx/o60pIE7VLwPvDhOy2tpOJtawd/N07gHhVDNEqDt2Mx0YPbdPS2yOrV3ioQfkjuVFYLI7RTBNWJjb9P1KLjr7GH5eMXlpw8Ph7ZaXXZbvGk/ondXWjilX505uynECa7s35wBj+KL2kPG7V2D0RQ2YfqHnOJAF6mgo1bUpeDfC+GFVll3akeeEd1N4BJ+nzKpswXDEtMQDwyv6GFkw2xuI/yciJMKGMsi/d9uN+VCBFRQLiEtrlTedv4h5WywyoxmMlsNfUlUeAG1uCjeGGQ3XjmF3LSj27tOH3flBnJyjxE2XMqjEg69PaIafWWACrgzii0PeQYZkRIaO/el4A5KQmUUu4zmsjI6ReL8nYQQJb10ndQyfyt7kfyyKWkWTZmLDMfYFlR8JRVnmKbTJIxF4VHIEQ3+P9n6Sl3WWaK4i46JwD/NnPTrVL8VWRx9U5YZlhv0R++hMS9usQKG5hQiRj106nBrvk5GdDJRrHF07RmdVOLXLCssjvJNUmyFO9xTSuhhT1NL45CJcrOWScuCpjglxIMwAhSXHJrZ08ysV3JwJ6FQKBQKhUKhUCgUCoVCoVAoFAqFQqHQpdZUFmdSYKpoD5s7z95x17m7MqaD0322X8an8lt2llWzrfxq2S7243NCXHARNY9CKrnUsALlR/peP+WKZWrNTqbSN/sz5FE3g/QEwX+AzzXOjqwGO9Xxp6psD2JwosRJ6jqwUqlasEyn57QdZVzQwzu0gsuFeL5K+ar0sKqtc0ol+N7VMjsG1f+h3A4vJ99b3ZFXat6o6cA0j8YmZKfNTtFi+0m7WK73xpveVzbe8JBrbrv9zhq1tIqbeHQMrN2/Gx5ynX5893tvwerBUQ6pU9xK7rCOnqxyKuP2UGGPLhnP1J8et3Yl2KlJBehDoLlDWW17yCaxPBJKkpBW86Wk7n4mPKdldOXxI2dPtJQvb0byW2Fbp1N0erQcxqjBINyDGAyZr8j0fMnJE6gzB2MrJalm5441w5LLtcvT43so6FU/UQFTDJsolIWbwpAgDTDqMjPtMuYsHicWKZS6JJwCFSiMJFglK85WssF2ZhdhhcPQYJmkvWdLFrlc6S5bOjFZQWiGKjSoNRMakKZLV7Kpre1xA1l2wcqsTKNZJ6hiOkqvNIsfX5TG6Jh3k3gwTWtTVnyk4znUcTiRe4QkdyeZHrHWJIRaMETQDXWeoeLBYpyIrWuCKJXAMOFZaJz+TuYvo4tiEo5PPGksxomNilqIxQYl+b8GAv0kcWXBbKutjp2tvuahwm9SZXaoRBOR4VbkeU282OdcvtXEI72NyZoTyAohFAqFQqFQKBQKhUKhUCgUCoVCoVAoFApdYsmP/zdb2t51eOfZ4RB7KX9ygEvqsAdPryk/fpdSoblElDovR4dwbdProVI8tPALz9OgbHVnL+QrEWKVZTAvE/1JvFYVOWfEEhwcROAqLCavUXZd33f9KXMd0FqpESryQ3zo5LDOzycn91/sE5e2jachr+AKkoLS+bRT0GyhmYuk45JxsJy28jxazG12wUoAXGDiRG1tfjjBAt4oJze4BCXEhYY8bsU0p/hvgDlgKKZzsnHDnRiP99x0e3l/w/XX/cUb39VwHsvOAbQ5INXcwd4kvP4h1+r7d73n1jJT/etFgzM/hQZEgeadeWvYBwYXeLKOHAvDY9Ef+Jyt/cp6kIEiYAiVoQ3TsWTTzp+0ElMjc7grRX+Z41m9HpQ/4jeplPJLSJATLVbhz3JvSshOBn3YLClFLD+wcY9oGLFmbJmYQBu6JgjFeaDmJqLgDtMenS0ivEZgO5Tcv2w2GD7KYtqhSko3ZDS0RMN/OPYLMyrtZk3xkpRlpN0vo3aDisUHrxzGSvSoZjOS7UKVJSlWMGUbCUph6T1QkriSrhh1WFAQIrIxkZ4I40HMzjl+IquNJAfJfGCHlulrBZWYPUm8/hqSx8yOx84w0STRSwYUgaArNgZiqMOpTRkrhVamLloejSIqupgq5ETJEb6yLiuRgqQLKjBMguR8m8b9INkUMuSPwMBEDVjyMZOJzj49TcqT4zhkTw/q3dEL0vsy2tPgST863/QvPWl5+uDiL8ihUCgUCoVCoVAoFAqFQqFQKBQKhUKhUOh8tR03m+25u86c3Q4bErMPLF4ETU2PCI7gI2ZBHIab2O/ta8F7vjPnaYCZdiSvkIqxiqdATIVYdRIgKNQL2W/dp6M78TXpievYSaq2XXLoRFpOyy5jWnS17ZS/2ckeuW+KdumQu1GAbY/EI74zAkJOPooTAZKEvgiHlNWAYz7A8keZiT0dPAK8ee+N1enk0574+N/9vT+dsSDe5hI9aXfwcz7xYz/i1EHvzd66uvPswJ0Gm2o+wc6ejS1DEtwG+xLu0lAnYouh1XxE4070EnDZAy3EG8HALhZkQVR++gTUDJ67WdisXz6wlRExY4nGRgKVmMigninSPXLQxDtTwBtGJsjbn+fLzGgoeZKpbER9jhGgGKmYgQVpaEo2DEPtlUB4jtFGVP0vhEEx3IkcWiDjEUAXknZISq+dnRNTFoNm+L3YcCQl3PhuJXKfDR/CpNAQM3Nk97Er84EEqkqeJWV2MtnRDh3ggdCdRogzhMSzJKNcbSIN2skJLIRmWtcSdpoaxmdnnERG+EDcUaajc8nMyca3MG8yiA0J6S1GWSDNEEkvQO6HA03k66kjI0bQ6Nwu0wdJY56YszHjog71HoEa1oAYtpD0NQvuQxpa5sQearqZk0DkHdJJXQgUfTeSmgFZaE4Go1JynbnWqsIuihhBKBQKhUKhUCgUCoVCoVAoFAqFQqFQKBS6pLrzzF3b7ebM4VkuSgobQPbL9Vpjh/OjMLyyLdIQEYSaxaPpOQydCDBimTkusB/VawHTPU48pgSlTluIE0wHXNHV5B3OMBEvFUNZUCudfiGpifIp8UDgO9znKZNLosWo2G0VswwapFTPiSICD2SgJn3EVHKIlqVhPAptqXrjW9994823P1QcSv7uEx9/3TVX3P7+u3C9g8V5Yf0invbZTyxbXv9Xb29NSsxuoWnuhLOhBZRojr9Mb/qu66xrTSgQFvsTo3Q05aTpLtrTh/a0WAsJlz42qD4WJcRI030a5CJ5ehDVKBOjwLJ9FKqg9NzNI0hJD23fWq8nBebF2oyp8pglmInaNxLrYqEv1ZFFUAonVQT/AAnTEaxJD532HWx4c2FnLBXLRlIdT1DyVgzlIacqSj8UUtE4I2EmFIdgrkMQD2jGt7OG/YqysizUOuOo0wwzOLJ3tiFGBGwYopQ77UUWEyU+X5akryTUC1NbApmoexN6f1EpnOmCR7F8kuwcFpmbkN1TNTqRcdNRzLrsiRVUl/waJKhHl1exMMkaLGT8jxyY/B4liS9SjykBdHwkMzm8k8DTnQz7GZE0HygXh6uCYNFolAy6ExJCmY2yk8I/DPhk6WemhoYCgxA7fyicCMpEFMt2KBQKhUKhUCgUCoVCoVAoFAqFQqFQKHTJdeeZM+xZgRos46XSpvqOUOq7R4irhsVMAcCDWJpkBambK1eCHf+en0vMalEyJ04km8d+yu5FR+kLab2TK8JTb3vsDjCJu4nl9nTWWf1lvyb1ZEnksU9W7qdSPV5xrPgbL9r9XKwV1FuB7Ra0fpxHLoxrAX+xs5smKAXAFiO76TlHnBXAoItfe8kfft0//pzpY993//3nPPEXnv+y8m27J+zHTSY94mEP+qSP+9v6/m3vuOmPX/sGXB5l82Hu2XNUm8uzp6RMBBMIMhqN0wnuQjd8VMeDM5XYLV9Gt5slBCp5oF9qcd5JBkxk9h5oGIA12sTqWM+cA9JgGvcIgZpsUpArguJAYhBJhtn1ziyClA6ZDxaW78AesIULisMIvo90g/tQ2SSxJ5rWoySJKtnhCgdv2mGUQwuMhmWNWphfVKLGPqb5vfBwLx8Y8OSj2bUlrL2uGx2bEJqi6RV5yBcq9yOZYEldYthuREPG0DxUxPpEWhjVt0QGJMM4QsojcGoOk138mi1pxq8Zdc5ozo/m8igfol8KaAKVcsLyVWOBYnk4kOxQ6Vdmnx42MxLDKTEdIU2NAiVnFAlBX68V4kmAVDxebEh4/pZ70vjl+Gi1t0KJqOm54NufO9+eJW8JdUoiu8Jow0RHuSSFQqFQKBQKhUKhUCgUCoVCoVAoFAqFQqF7R5th4Ipj35GhGm3helaNhXX0hHYcDchdF+ruUmXlGjFTJqljVIRhEUqaKqH1zmSeCxI3gaOUlJNaUoBm8XScocOOJj0i/0npQFxT0Gqq7noifbGyaikVl3pnW7w+Dqa5f4jaujru2eOoo4/YmL20ztVvYA+ELDMauX4AABAASURBVGE65MkvxXGjWDBY+Xo+N+DITiwtPMqbF7/sj/7p0z+r77jQ/BV//ymvfs1fvfEt71zsubjiBQnR9923POvLkyd+/NKvvlyDUfYcQrg2lri2c2peOf4mmzOPTug+k0MJCKVAXugnrMlRidzkQiND3O9CnB7Y+GNGdxSfnuydcVMifXbnQ0nV4MTgEk24IXLmAN10AmZPCtb3OLcwEZ6Aj8NKj/jTJd215jC7P4kPrDIWpHE0/EgnxJk/jk6prMwHGhJDvDKMJc5Hep1tmbKhVGMkymN7j+z/ugYgT+JpYVHCptxEXTt8wULb31OG/FY1y4YCQOoEY+YrKY+MmJTrFIKCATlexmTuqV+HMTCUij+NwCH8SOWRO8enGUbi5nKe/kzbQW1psvgKCWGiblEJNcfGrVU6MXuSgeuSfoOaVKQpOKScjCMnNibNZPeOC+WTq58KFBgKy1rjnJThPpIald3qhQq7IyCJXTdCe7TNGXkCKPmg6o2URpK7oRCZe02WxpJaLbF1DGJQJ6FQKBQKhUKhUCgUCoVCoVAoFAqFQqHQJddUnuw6KxZqwsGs6F5+FK+V2TlLAuBggVaTSywPtQ4DVmeX3/+nIuZP2OlESrtWhddSMJcvsxcv9Uf85lbSS6ROD/w7/GljL/t25ef81knr6no5cpaQAff5kiWeiIuZO07suyja2xTWXZp36iUBnukxCnCilguj7UA+7u5vABWBqG2vGxss+mb3e9mj97//jpe+4k+e+pRPAMFHvuOb/tH/53/58TNnz50EN1F9zVd87kc85kP0/c23vP/lr3xt4WKOYErWv8LZNmzm0FRxTzzDk0xWnq79VPo3MAes9A4lEMRDXsS3h2pHplFGqI5DoFkjZjEDYvFTcnb6lAr4k/nRSUoMGKmhcIJRJnIbUppuYHlQTFmTp/wB5tp+dqJIn8Zucef0aaWWNalURlZWgJ9rsnAshVPEEkNtSzRLhgGRTJiVWRCWQt/nIWveDC9I8uQPmTo9A6NNih8IesCcg8BOMpzJQJB6o6rFhvYQLUxH779AEskIB/HqADcpUTMXuw2kyw+VWy5fD9qo3Q82NZFBzoLeqIkT959dndQpJVMiDVSCNAq+JR9hzDCMbDelIzDS9GF6zISO8Ycp8XzSNDK7HUnxEumvsHb6LahlVRIrkOTuUTI1Cp/Ek8Au0lbrVGE8ctxE4218JMcan2VeK2Z7xA5WYs8ia8BIA38nYyFWJCkjGeGkqIlwQUiVZJKBzhpf1GFKZNE5B6jDZZFsOnXIGRsCvdJQKBQKhUKhUCgUCoVCoVAoFAqFQqFQKHSJJVU+EPuRDt3UQGvQWdEPKzvm1rjC0jPQMiK4vCj+BZqpkJtUHcQaMsJ8i9iSiN8JxzZgdX6Qc2T3LjD6RQqMWnyG6dCOQROmTKajD6RYzjk70ieSY9B9CrROi24wwW9SQtvTu3YCnONe1wVgMPsok0UciPlnuJuD3EQpTtt7IIKZ30WW+znKNBDoRG0IhCaQunA29wJuQSrdDSxR2JPKKREdecUEe1CPn/jZX/+Yx3/Ywx76wOn99Prvv/uZ3/mDv3DTzbetNTJ7M02Or/3Kz/uSL/i7Zbc3vOkdecyGJuDS1GQVZKnNzjmVxblOp1MJuw7SQdef6jlOqJ8+KhUi5jBgthblLOQmMtZCdZ4o74iUVpH75SE0c+sJrNyHghQt84Nyh/0OyJ3Ti649T1MfW8yFj0jCFZAPkM6b+VW7uxBAsQjxzlXcCHE2duzoIsiBpqj4nDB/EKNRzNeC/Lrl0yn1MbFv+U3SMBf+lm9n1kPBKRHvkNJQZAkv0xKl7AqYXYjtTbZGyYRm/mFae4rfE6m7hi5UGqkj3U46wJBQY8M6W29IT67DzCvetLSiDDLDJZIVM/2/HYeB8vQnjziOIME5gMW+RRCNTlc/ear6JO3bAgfoa7QtoHI/6s2xW1vGv650erTcPB4xZA4GsgY1JSVt2E1Fh8gWBVmnK1Tm7CG4IwwZlWN3tiiV4CSsx7sPEJb7Lws1ePZTNqeTabUWY5MOknJB2REgbYC05ydB8kKhUCgUCoVCoVAoFAqFQqFQKBQKhUKh0D2pJL/HT2LQUOxBtNI5bRRzAvA6J9Xa+EyFVKDqM1D8RAjUPIDLpiaJ1+mSlCC12qtlYsQCNWDxUuDqq3SyU48T/qm/5Oyg/KQfLDel1O7X9Tckh8FDL+zD7Lu6udnusRdoRg+GnihTIlhJVm4CLEhEXClobBpFcSJYDr1CBAC0GPm9SMfy2zrPzpw5+z0/9Nwf+77/oe+76eOjH/Wwn/iBf/EDP/a8P3rtX82PxbaRB1579f/yrKc/4aMf3Z7oyU/6qH/y9M/+/z/vJe0ZG0Bq2SWsTSPsdL6N17kcDk6lg4P+4FTPmvbv3/+BOxQJkKfLGIAKWZl9j0FeMrhZRxey2/zwniVhajYw5DlAudjLKAJWIn742LHgRXaWzi60eHhQQZDc+EIfWIs0WYwHILQeNgUvQqwGN00KDbZ+N3IiIZia9uRRtvwU4ZN4HaocjjvDKCAhSMJodIbOR3fdENBtLIYrJAlKJdvFVgj2/tCrFhxCbweHeiXtTk7KUDDRYq4rugrxYeomIncRy+2Y3knkV0J9DHILBE2jn/gP+wMxybKlvB3HzThu2bsmD1nNTRJqr8BwELFOsbSlTqA9Mc+hZL4vqGtjw+qBp9XQ4q7V6VuwPuVJEJ2OwYw2mUaDZciNTMj9aWwHm3jOMBH57Xb6SPPR1PbFe5A8TQl99qRkxjYADv8wQJKNfULqbG/emPRKxaslqbuLwi4aSAShUCgUCoVCoVAoFAqFQqFQKBQKhUKhUOhSS3+/j+ZcwDXAlBqEAItbSCltFx6gvku1NQ1DqDkiKDk6tfKueIsV4FMxQ3DYAY1r4OCNZEgAp0d0jJuwu4n4naROrTVKgbfEN7SXRo2JBJXL2xO7c4l18Tq1H6/xMA0qIAjNbUi4jD8VyGUzh+k4d0LqF2F/CgiAc0RkSZ34yKsBhL9aJ2G152sb5fVNb3nn//6cF37jM79E93nA1Vf822//6je95V3/5UW/9/Lfe90wDHpK3fmxH/4hX/S0T/20T/0YhVQWevqXfsbh4eaX/8vL10iXWp+vryu0iX2Vmj2vTqdP9af4z8F02oOpPt7f8r5bAZTosqmvPiJzsZ+FhE0p2SLsAkfAVLX9TK1rhTNZvpOFHqFdBMlzMrs1WB9Vu3/jdijvlQhB0AiUfRdee7NvqtUHD3Gx84G7XySL78FR7I0aciwrGWPzxkxezDzEIAlOMlIrDhxJ6QgYUUKfSE15MmUULiFnR2qkG13CrqTHyPIzJnFQ0iWuk1gcgmy3n+kb7m9C9daAlNmtSbubeWeOz+nUSYUdUVCvjI9nggg2w2bSkMdMSszQlgEUboZNmti+hKGTjkmKrAk5CmW4wZMZmXA2DxabEOmRRtrMb8loS6jfiGyP9fzuGJcmWUW5kDuWnoPqVoXEyThZN6vriUImbpgk67IsJd4JElKpxJvxXM2M+dhjUsippM8OKiA1DcsoGIzNVb5BClwZtcZjQTbgoLhQhjxkGpVECoVCoVAoFAqFQqFQKBQKhUKhUCgUCoVCl1T6I/8SPNN5WXPVMMPMDKzsqLXbXH5EX3ZHKSlqEkIqVXYpv6spgJdPK3Giv7DncrvYBWStJqKWczlVB1OPZnYihVo0zwapSSYtphPVInnNLREfA6zBJrQ+DPe66Oiy/hGdPUnjTYyOfSSzLvD2SX0kyLaPuhvlQVwOcrnDUrenBj2Z1B3fA1TnDuDCNRyA1qGP6bMcVxrQV7dJePFLXnXbbR/4lm/8h1dcflp3eMyHP+J//hdf/k3//MtuufX299z4vrPnDh92/YMe+tDrLjt9atHyn/75W2546IMe8uBr9ONXfcXnbrfbX3/R7y/4khU7E1y/RWbcYfvz64Mve0DfHfSd+JwcHGDX9ZvtVgZU/pOhN7pEMS99NiwexfgCBiDsKdG9EhqMYveS9xF7jp5RhxJcJfV7GsBvJ5bcKrQsIUWNcDbRZ3wNqMEJ1Cmi5hZp793KszQVm2F6nG+3ZYV2hlQ9eTSmxkw00P1ezBuDfE2am9noNATLypoWi6TkBIH4jGQYcx5TyonNT6aZa5NXj/U1Qn1kJMEF+iQARYIuCw3Bu8v89nQhvwPMY/DaxjfAUBdx5shoaxb3mENz8qgozAg0jHk7jJP0dkxr2DRFUJyadD1UoC8JxlHHgQDrAiADJuFgKJ2SHCJ1YPHxJKWVeKV065c67A6ZFEMdKFNCL8JvlDyy/r7eP2Wh5tE5Hn0m00ZRNJ1CzWOraVKdQypyWcnRFRlEbYeHQ0xskt4k7vigSxWPqmW36XLiAwuDZFYNF7xAhkKhUCgUCoVCoVAoFAqFQqFQKBQKhUKhiyQxYJCID34VcERhkmpXYKLZ31a0RKxmGeg4iQAKnZo7dNN/Ujrv1O9BKqv6VUUgMGkTebR8D5DMDSnDi69AOuBqfNcD/wzefu9fqBgLumiYBcTFL+AR7qfC8+ZOiE5+gLiZGBGhNXN2Y9Cv1DJD6s0ZarTGDALYPW/BXGQW8A3OeWzmzF4tWZPabv38qj96/Td+6//+nd/6Tx/xsAeV76dZdf1Drpv+wJ5ePe8FL3ve81/60Ic+8Pu++5898LqrdfvXPOMLt5vhJb/93xAKObK4rJJBs+zmblenP9dcdmXf9UkzpA4Opjf9VVc/QMv6OediMiMz2/kfHSDZgwZFKazxnSye3Hj61K+EQdHK/dTY6I+ffGsOK/x0ZO9xj32ZH2gwQ/KW7Nbu3KWEO7dcnvQEsGMulBcjaO3NgAVnw7CCRTp1wP0s5Ah/ngWESaXTeq+yOnBAypK/kg3I4GVgTJjZPQNySkqZgMWDyTF12PTsDHx06iLTeeiLgxHYXL4SOKRpM9Ic8xADDVkZLRRjIBiAtuPASIRzPwcJ+9TrtSRkq5VpMexA/VJQ/FHIWR8bB4Vr3KUENe4K0DAYzRBiMM/wP0M89AjdC2x+NTcEbVFHJ4OoIEHswQMApQuwmCTgaBVUElHGkxRLSno76uQpjE+998kskxQ3sQQ160OmRHYwPx3DSNMI6tmYHMr878LIZE+2tYrhHs5ZGs9jsQuFQqFQKBQKhUKhUCgUCoVCoVAoFAqFQveISi0b5Gf8WvOcW2JkiWzgMid4Cg7ZL/29NGz1xmL8IKyJeDYYa+JJEXpKOwTLYclKnVLO1XPzAWwEkJw7SeoOUIJ1Cl8C6pZgWQySj2HVV2hOd78RtV0+SU212ceMC2htn9k3ikCABuiIJ0NxSNDXPDtypUW0vA1sO0HWfSlwA8ecTAXjYbef1kT7Hlc2NtdlNe93vOvGf/E//8hnP+UTvvhpf+/hDXqyesgfvOpP//MLXvb2t793+njje2/9N9/909/7nc+85por9XThAFG7AAAQAElEQVT/7Ou/eLsZXvGKP4E6V8qUwXknl54gKvV7UXOHK09d3qee554mi2Tsr7ziCvD6fUk0GdUIRFKMppr5yMYypMV0faaUUNGni9yjBiVSBMmpLvI7XfuUi9OIACf8PHRp6UjTpeXwYiM9vE8H7fU3aUzVdkRCYAw6SYwRzHazZoUNKRCMvmYgP5tTYtqgGpXIw6wImhlhKGWjrUHJW+EFQ4x6Ru1RV/xTElsgMeqUqZi0ULmvCUYk9+hQ0s3mMS8cvhhm64T2y+6eIFjTGsnGKuxcooFUBJtxOwycnqM3PvMyil3H3kza807dnniM2E6lUzuVggpZ43xBOYNHyqjFk9xyN1TRMfFlD3Iid3kyQmyYR6Ex58HOUTn7KOiVJh48mWWKr4BSHHqByTmW+rDqEHTNMAKYAQnaja4753oMMdkj7jCk5Im0n7VXHOFEMpLTIqHcjlwqpjGjsDLTm2EgSfya3nGPySmTxtDq/ra4h0KhUCgUCoVCoVAoFAqFQqFQKBQKhUIffLLSrpd1xf1Cf8xPVm6sP1ifqn/FDSFriIeKilMB/99ziXWkJOYmEhUiwIm6EWg+hTZNdm4tfY5TWVHKkZkkQIcP7rkMm5Q4saOQ67NmBKFVUCplZCtYS7VTy594wtwcL8zmfOyuWIOB7pZmtAbOt8/4jAKK7Dmp0EKLir8nneg9QslCmefXZInU4YCKQpyI3wlkN4VAvekoKTnagWQ4SZbbXSvcapoid4BPMxXluT48zRcuKo9+XbQ+As1V4soXfpvB6Khzh4e//pu//6Lf+oMnfsLf+YxP//hHPvz6h15/3eWeubPdDm9449tf8ydv+INX//l73nMzaHFfvnrXO2/6ru95znf9m6+7+uordJS+4Z9/6R13nHnta9/QMCWeZgP+YQ8Hs7iKU6dOd9Dr3son9GLmYyiGW8QwBsLvp+eCMQc6jQdoPICxKTMV34lsHkTJxoEWqJEQPgMUo6ClBcmsr7tS2EWPGcbBjEBmXEiZrtqlrGwaOkrGV5Pqw2Y2KjRzQ0GBJgCgZVwcmhCWDLHcASz8EugYtngDgQMiFavxx8MgiaTT1zqMfhXTdnJwDsyPw+kp8sicTCPTQeYUQj6sBNjcGg+gQgvJ0atD6g2Ag4LZyZUJ7VEeGelP1h115Pn5mY2IzT2HAuUBBkVmJGsmJ2gQIjGDQe9ntgdR2RrJXXI/GSVjBBckIiwwCoBGC8nBHSctCSDVwCfJ8USGYnxY9I7oqivcTvVCUvCELK1LzWCysCYoCUR83pGZNAXfSJLVRjFBQWUP+f20UYgczuCZHiprmK8mccIUhEKhUCgUCoVCoVAoFAqFQqFQKBQKhUKhSysr5aIUdskMCKysCl76s9ItNckMBE2gCqr3gbgeSHSF/Ocf/UwAZqOSpLrJL1rGHZk3meqPnJhASjVovgQoaiJ2CuxgMB3eqVUCFBsDaIAB6RxpbbpyCguE4T5Zpyy1XTxuhxV5idegoWpTQ2A+CWBuDdCUyznHgovAnmcCWmDXwjL6FoJS63ejGpBkD4v9UFuK6Q4KxpJpmArLQx6mDVNheRBYIs/v0L4LWF5sOVtzhdovAwT+8I9eP/2RjXjtNVddecXlH/jAHXedOQeNMcnizdvf9p7v/bc/8+xnf92VV1wGEs3zkY//sNe99g0A1TenxU2O7mrn3WTWitjnRE1Guo6/6WHOWzRNYCEkLP8GGg8hqtiX+6MUSKK2gA3Oovt32BUiQu4OjHlc9h53wB+HP4oZCfpDi97pOTdjrIk/h1W5IbYqPgLQ9lw5iRY6sQFgtx1ebZK4aECdbbho05oxwGV9VKlsS750yVDrOGZy4gQKbuXT2QkfMV7JZPE0JPObNCPGKRBKdr9TiSiS7xL480a2YzEFUv8WfgLdsCQLbWNGTzqXbNE1aMPW4Gx2MkZQMQyWMNvFmR1LR4URUduV+ci72Fukrt/iQ6LOK1TXTJTT4bRSU3HcQXcxkTtP0/xOak9jVjxyAeqRlH3ZJc4bAiHQeAxHubUjIS8MbLairImsHUycTFNITq2kYuoVVEtlXHQ0lUNKlZMMhUKhUCgUCoVCoVAoFAqFQqFQKBQKhUKXUOj14+J2AVbvBqvQNh4U2b42gsGKflQzOpKVYLmIqbE6BkNQtemwc7GfgCItnIQxqsMGalvsdDIVHqfmpMjYqTmKnoaWhcaZVQiVE80L4jRP/7hf6QTdLsRJpRTK0Wg+A7qjhOnw6ygRF5ih2BWYL0ErqeyjOnf4wOvEcL5AKtiZq8VsbcKgyTjya57e51FPjT5tmk7VPu+7WnRnnHa7XmXBUZwmoQ984M7pD+xQJtgAKKq3vOVd3/dvf/Y7/vXXXHb56de//q2//IKXou9WCJHd/tReYLPR2Ax+32f2OZmK5Qddf/rgVNd1/VETzg/tyqBYXgxvVqKiEAMKomDFPgrSYUpZI7Bo1rY+gcvHhVY7Ut4rz9UG3zTfNoe4pcqihcVHdTqZ4TLuhnLE4JSvHLGwKdrCMdNcs9XF/UGA5gyChrSMbhJiHUL1MlGQSgJbYOS5iwpSeNBRp/Ex/iSJiYh2Yj5exc1kuvX6heby6FmM8aI2q8psmTLUG8OPidl76J6KjJDGDWn0DIMpsoJlI1RAXUO0TbGd4bfJcRYZKXNmAZ+m9tAptAHzm6z/CviDKXYk5l+i31uOkazaNpbi4KJdnXab1pKB8nb6k416UmhmlMV9Wm2YOckgq4IAPZIYZfdZWBO+3dMoch6RhLLx9BG4Svyq9PlELLNU4aSjYLxQKBQKhUKhUCgUCoVCoVAoFAqFQqFQKHSvKDdACFBjqZCpVC0rjKI76e/vzcxA1Dlu0jEtIh4nqdaMVxxHwIIXRrJQCCloqjlBJz+n14KufCSNkmhbyDO0YFdULQDgfqS70dkKgqhtg1eeAdlUoNAi7CnBdeFRS89e1Xc7mzl4IRs6IYyUHQK1hTBDDXE5marflAeuU08F52ErBicDGxnAIAX1cdZiaReg9XeprMliZ9q1PCnoCTZbaI6h6JvZtLPpCvjmN77je7/3Zz7lUz7ml57/28NmSI0hCdRjq1q4pN2eLDyFX09Bd7o7fdmp05efOnX6sssP+r43N47FHV1CNOb5oY4S2GA/c2MP9k4pT2btjtxp/Xoc087JJOml3bY7vZbICChqpP2p2EsdhWaMvPzvGMqsz8TxQTvpVmnnWfXILr8cb765CbuOHTZihZEANSqhcuw00Rl/GseGQ5PgLbcl0ZEby4ioK5B7hFgulwZ50cwPRh1NmHhQJAubjnp+kE3v4gFiwWBNOI4PBxMXyQZYF0R9atUyRKJ+9Cb6pWnOjl2rPdZouBL5CEoGmQ+EPim8lCpRo2k45CPlhFJ5WLif8ilbr3As/CGVuC1dDZQd4SCeEdM258Mhb2XAKRneI/YwOPAodlnIGRte3iuJ9ZXEDjG1I9SJEmCkkMm0V3KfnVEBF/sIMMgSBqFQKBQKhUKhUCgUCoVCoVAoFAqFQqFQ6NLKo1SgFPNU6IEss62GmxQVg5Ou67Seq8kIXMhX6KS4M9jRUimVmij/PF4cN7L+Zp3U1GQq1vdcfU89O53o79xRf+e/MOIg7wLsyVmgtm69zqbcX7VrM1Eq/xp/ZLkXXJDOlinCXEo21xNEqqyJGSxYqb9CRtLs+qm5NaFJxu1U3h+2W+Bq85Z9DKYtfOpBqtMcBIIzxqRxiihv/OYsuSR/XUVSmiuf7Ya7O7hRgr5Mf97ypne+9U3vbIdwSaiUevxax2pnkP1Epr+vu+oBV5y+/IrTl112mnVwcNAne7Ian48Z4aFPlr0WriJploiyC4r2eBgNevnd75SEvIjbBh+R0rJzrnSy0nzpDMB6MstiT5ghMmlhXpIYXegWA0dHPIPZkJNq9ILlERd+I9cu1amEZYTLaOtA8VKkp8++gNlIAhTiouOAGF3odCERDAJ7mwDN9ZrnSVnRUvKYMQN7DHCj4gBl3FeZ++SAny+hlTLJ3iNtkwooI/1hRyILtzFDHn1EETSHScdV/KF0gqAOhAaNYZqBPDa32uUwq2GJ0n9qxCLxOoMkDWWO4QLLzdEQLX4z6qiOAoOIa9K0P45II3MmOjhot1xcVBQjMcKLV3YbnmTYjrmZMLtmRig845MaxiBss/px8b8VGpCkcWwQCoVCoVAoFAqFQqFQKBQKhUKhUCgUCoUuqRCrv0Auzgb1a/tFu22nYi+BWm5HMTWRNAT+lPQFsOusBq0FbI2z0J+vG3FCUxkxD6PQEKS/fu8ENOm56oxTNbgDMzvRWjDugglairfLoD2WEvd7Jai166NF1ezAStlMmXBZOKsrgVZzwQwqDAdZNI44J06oUCk2zCSZF6O4mEzNb/O4GbeHOW8oD8lL01PJ2kNYaI6AEMw+lr7Pbu4qbtK+39kNYYmb1C1lytpcaSiTZnsLr1TcBGbnmoEVXfEFAXjQNQ9i4uTU6QMEjtYBBhfqEftIDj9xtQzJ6rdhZE9lO6rFyDwQp23J21kOMZbnencWta2VTK2cW28PO7iJ71EKZmF+Qhp5465GDBhk96OZX28r2rmWQt/YAUQ2JgVx8UbLdSr7YWFQPpc4oavvPOZmNvjm94FmCmRGSz6IgrlhZYYEgPDJUQfBk6n4hKNvzmKyAoVB0cUuS/8ks0bCdJKjeNJ2MiOZYjZCag8yfZAb0dxlN1IhnnypRW/EHwqbBcAtpMh5Fb5gn0+C26BF4+gCMHJEjsWpDZzZwwvGKDTJdKWDzAm1FhHXEZAFIEs3p6sWQxRx3eE/5viiEI2DiWgkog67Ai064ILGiR+TASdqiKLY3KgXnGVC8homuxHQcWRUKBQKhUKhUCgUCoVCoVAoFAqFQqFQKBS6N9RhylKqzKXiTKQIB2rhz+UVvvobea6eKmuC5nGSLL4C7Af/olKj1t/pM6pAXJTcDiP5z/6lMsmgCeMqqZdardavkzoH2FkxQWUFEhSbk1XixKrjpZb9QVGhdKagKdF70I18srAWybVRFwWp2yK/yRksLMmcG6QGPINOpIycnBSQ6cB2CnyXJKSHxF1hKhezSQ2NHKaT8wCwHfM5Ggdx3FDSJYuJRL01eMxlSX8auqJFJhB39y+kyAI38VnXbqwxIsUVRz0jnDKoZ6y4Sd24iKCpp6i7XHvV1ae7vu96JCu597t0yGqRvJhw+Bu/LW5tomODtM5/WBM4u862eR8FnTVp0Y22k4Vh6LpupavNBh2yljkppizqqNOwO7PhM5KjbRwXf7tfh2zKVJyYFsKCxdgqoAeUltPSGan01vrJ7knq6yE+KrUfSAU32bl4KlfT9CtLbg+5pUpuj0GzbJEbkczApficGD/D8wVLD0jxEcu00tvHfIbPOvLAM8m5Aj0UvVlO/ZF8HHVaQVlqsQwRu5ggVQYqjUhbgUjkdVoqaGB8JGcyUxMSfmWcnmbvY1YEHSxdRAAAEABJREFUJAFzLXzuztdx/Qejq25YltTToY/bKLZLEguU5d8C7i3fcQ9zE68TxUtQR1kPoKSsYhaUZbFEhEKhUCgUCoVCoVAoFAqFQqFQKBQKhUKhSyY1DSjBFZ7JYHCDGRp4mRjB6rippOoIZ9IlI060uJkkcURdD3JJgBCCJMvv7rOYIuiv4D3aomfDlP4A0wFKeRE1aESjQYpFBSbvp23wa9A3Xjb3+nLrEQD3VxUopBRyoYyoFo/lvpmZQs6joCODVr+ljKxF5uyDbYYl3uas6l9iUswTRUq+AqyMlLfjKAgLjYyV5CGPkqcznYuG6ZXjddj2QJvL6mcANVJldgtaOqR9g96luh3bo4xmwPmW0n2AWqm3bws2UnGWiktgc/2OpTQjgs3AzDuD7sWhM5KJk9T1YAFFCajHlZr4chM1NIO/+rgoVJH8IcAZIFI6qJ2m2TBgeaDtscDicVFjespZoDze/pi1+zQJOva3MyFu/lEfPW2qAGcSlwVzVqbphndg2b4uPIZrgLmA4PyySzuzzeZcUttNGktDsBtyRPM36JFGvGXMZaExNxNssZSyvZ3R1Biv2L6FHLI7I+spxy4xCJKQbDnLOOrITKuo0yBK4pkzlI6H90D9TbjhbIPugIl8JQsrG66Mifmw7FwLyht+dlEYDknaEjJNmDEJ09kSDaiPexIzI1Jwhx1QBCXRp5OSXlev1At3sxqYYHkklUTJGfxGcm+FR7O3/G+BzpVUnH5Ar3h0BKVONfGPaR7SCveEQqFQKBQKhUKhUCgUCoVCoVAoFAqFQqFLKy0TlyIqUcUESqWV6o/XQWN0Uuq6LvUSrWMMihg0iPEJNhVstNIhOwsocWKJDZTMtkQO7VM6SOmUxDAkx17AgnXmniXSnBeFIdWNysvMAIMPAvm4o9uaCKuj30hlXpkCTawYcx4tTIRGL4Ub0YD1fTXWaF5Nygn5nCApSgtxMmyGYTvmEXmX6UQDjVuGU7gczKVsu9Vqy+GlZZjH6+D8ulqeA+oOFYVZwCXY3NnyvqVGWvhiRpzMrE0qlQJewsbaDztmFtmDix76Lm7ecTA9DpjUoUSAqdQ3ZfFUOzgfB6GvoG07UwkaogrR4IxEQcNlmoaYO1HDDgk/SkqOZWyuR8r2NLdcIe3b7MniB3PW+OJJMqCgHmCD1Th3VB+a2YG4a0m0IoMqrB31IakGLuZTMmucPyWY3dRyduVOcAc6S9UbhdoT++Xl2oTyXD5f9RRZqRpD8ED8Oczow1dSLGE41lQCLJyTQCdg8EQyxxLZyUgSZfG8c13qNP2IyRKxAdGDsgTTkLqPsG3JtLaivg7Cl4w+9DyxppUXYWAsjJ9aXiqyYig4SLzOgOJo4gZTmSdnp2OuxEcZxBJwZE4rMq3IKLO6IutyL9YldkE561VLHhElTy9KKfloy0BkddmyB1WmQM64mCSLeRkKhUKhUCgUCoVCoVAoFAqFQqFQKBQKhS6FsoaugCVMUGt9YSVZqXHqr+6F6pAMnW5Sz396/b1+A3q4OYq2UNIqMhTiZESPjuAG+ejEqTqd/qi/sW2Yac2jAdtPRIViaAmVUv6+//40npo3SoJobg21F5VZEl6UtUpM6g7QpoxggTpA00VSQVLMhwI9KcXOwxk6AEMeN+NwOA7bcdymJOcYR87T0QSO4mVD2c1N0MfcCv4NHLS3XIx73mCFP7C95StIyowUKfYk1Uhh56hKgmCDm+BsvPyETZ+Qs6CwbO1lKutcVwSrn0MR6yp4h+2oRimCfagHhGEKjbGHPoSLEaSGBDGmRsr2WG951s1k1iHtvgthYXns20yIM0+UQqnVDgCVMfQ9d7sJDbFTsBtavNGvoZiRMDCh8xhlZOpEKvE6/rK4GNI4oQSznizvhhuzoENd1vvyJUAZcWw7OFuO+CyZ6kVUSxxfktz7Q91Nsi6URPVOgD9GJHZBhm3JPcxsLiKPGqlDCA5Eg2wx5yiCAdjkaNA0HIRBURJeFzyAKwselqyfvKqnxFuAI9aYVhH7FULxYjHsx246leuh5eNLfqe5eafhyKYCs4WEZlkjbix6sckDvrKMXMp29aQWS+5/5bMdYTcZKhQKhUKhUCgUCoVCoVAoFAqFQqFQKBQK3Rekv5pXawthT/x3+jUUwbw0psJf3yW1MulUyYN0eHdnQKgWndv6vvy6Hi3eQWqTcmwnxihJUnX6rCiFVXMRW1yiVfELcLpAt+6p7usO95Ni5S4CsPBf4MEDC79R9wJR1tIyaRVaYovUYKC5cNy1FNFBw2LPQFZudo+T6c84HHKSDm3ycG56gzTmkW+jeRjIpJE54Z0ld3lQtMUxEIR9V9z4muCsf3VuLTaW/QHmphoVRCqYSfkP5+Yls+wc41Galpu/7ZjmpP4GSzsCTPFj5L4/2Mtn3SGbGQc0LbgxCGF1HZkPjFpxoFqpILXE0HKiKLwicScGf9Csf9l5B9w5Ca6+Tw64kPimlPK/0Um4cj/JzW30+mfQiQfcYMIlNoDkviBNN3CW+AVukdLQZDRn0PTSs89jz7XJSmcp9jCdPY3UunWUyU9lxFFNS2rfRGr+00w0Zuis5To1EhZIpcyk+nUGjyrjzSPTGNzjlJGyIV+d2gYNyowJFyJb2G1IezAS4yZTC1u5qfqa2ZWEN8pzyZ4lY0J+BRqY9dMudEYGiRMPL8E8zomzePh9ykacWECUADHZb7rOBGjoHZ1KnXR8tIHqOgdH9FQJM4+ozPAyNclukI1tEp4lgd834VSy+GIZlyOvefaUw0kcc0KhUCgUCoVCoVAoFAqFQqFQKBQKhUKh0L0hIne3QGgiUewrDUyYyoNTUbvrsE89wwWIhpxYQdyDS0pduNTTucrKMMJUYR3HqfqZBTdJkNBSQCSqRzIckkdPSKvm1ABW/bbYHKukizmKlin1fYNWSEF84Ylie97HVQ0RWjWWElKaLlV8s6Dh70cNxFGTEbOPUQBlKkFr8JGWfWmHV+C3JdhiqqJnD1siyeoZ8rjdbg4pbzJtgDhMhy0RuGXhWlAJBLnVozaftL6smIfX8hdXuXrptaC8k3fj27EiKK0fib8WXxNwcqEBTYp5B8zIEsNWWqYEZ0hKQ1fMLFLKwOnBqTgzmEtH7hN19XbVVyoWHsA0iiMBcrtStR4h9KZQwITOo2lyibDR+r2BKIPEyIA3nuxCnCMzOyJL5qH56GsTMz+VgttULxRL2NqLgpXO2AW1thTo8Sq4nAIa3CJnSgWScszNYnQE8EAnFZRaoJnfi0IJI2Mldla9zuah4tYQFjk7JMCUYypJ10MhY/RSdR9nNUjblFybPJLG6kDhYpKPE5gth+TSTCun4iAMdkiuDIMg0saYp6cmT+2MWR5WFJOS6TkjkDdK6sE4ZnnUcJieSYnIGaebzQ8re5lkfo+WnWVuKJq5g4af2arqbI8OK7uZdIYH2W4JaiKQXBqCRzll0jgf41ZATFISUVme5jdVKSmSAUs2RL6P9hF9qJLRQspm2b236UKOPUHJE/MmIKCTUCgUCoVCoVAoFAqFQqFQKBQKhUKhUOi+ITJWwe0A2lIxWcQCp+lMfzD16QCkUCkWJ+xPgk2xvyAMiht4JgPTCNtxHPXX9SBuB3Jo5kpyYpMIqZKTnMigEa1uavFRKuZN7T9BazkgZwI4Ingh20/j8/nVKaXmn6gppNeLPK4lmgMT56N5Tbwt1srAKgbk0AmTIYaXyF8VrFDLEwM/9A5nI3YIPTkjkSMPQpNIModUv9naZMx52PCb7dk8lcFpC1roLo44Vvqtb+QejWQdTosxwJ03ZYP2ARe7NbMKAWfWI41nCTQcSUkyaVGSgpxgxVrA51PFTdpmZ1/Mp3fb+VSZnXLjqORQ9aPP1HIPi6kJaA2fPSbUEYKHM2VCKmgJJ+x4f4lNKJQJUByAERep0CednXyz0W4J2NTVXBKt1ZNnlORyTTOuAsCeaydeLLRJ2vTbQ07DSDKTgQJ22UndkswlAwoQYjMVjpCbGgF2Pqn1edYliZvooHAvOoaoKIUNApmbBoM54gXEaIYsXErF8SxH3c/elNsJBbvjr7KiPjUix8fPjE5kiPSh7A564TGSjHENyhmzheCQmAFlibTJbA+EW9InbOoejhyOQwKgZCZIZMuIyWJx8rSnoCTS8nRswl6fY+VIsixM6k0i7i6J6gih3iSb0c4bKTejaKHNSG3dRsQZrcbsimpKlqJkUB/TugIRlNHExSMsaEuuR1nrhSGRqUt12gBUMMvgFsNi8i7a0kQThUKhUCgUCoVCoVAoFAqFQqFQKBQKhUKhS6dc/Ey81ljLimi5Gn3qOv4zFXXZioGrzglLdocXGtFNCqpXhJRfaaqrcl6EFDilht0JC2H2G3K0V+fbRB5DCQq/gYUxUCsU38nzGrzPa1d5XOF7/RhY+GScXBdWDN1hNDQVZEY14KzaW/7GeQWWxLYEsPFe0DfkIIuxPnravJUa+Ebu1TaPYx74dRy2MH0l+AnAkOQuTUX0RGalAjUZxh0SNB4DGkKDiinN/OKaN/PRrQxK5ZlsBmAtpPvmGW7i+AJUgqRGMUE17/D+4WyLn6Q2C6X9WedMyXtq16l0jw92f+bgSge3rMhvYSFgzhRm7ME5K1CwmiSOH7KXWamws0WHblWhe5Y2QXEqMSPqmXDIYpeiSTrZ3VLIyBHsbGCcLZiewmQAkTyhdkmecYUFBapsQTGhOEZKY0DtJa3tAznVh9lRGLJRdR4hjaONLZasFnAKgnx+CzAl+/kNMXSGUF065IlQsEIxEYklGrLgP1ieL57iOlUkQIdbGVGIIFCXGNR4m5w1zoefvIFgOz06o6x04lAy9Xh6dLZsXmLOK5wuxmQJZgZTePuYaRA2bMxpVHAlSdhN6vkGMlOSfOyVMUKw4CpxUkFwO5ukAyBWRcV9Cuo+dT57/I8utRampSCPoR0OoijisgyyKUuhkD31thqts3jKabkgE60t0Tg/qOFYltPG0S6EE0zBUCgUCoVCoVAoFAqFQqFQKBQKhUKhUCh0z6slTrRmaCkpKjYfwY6jdcyfRHwX9Df/UtrmX/4XYwCr7JP8aF9+zp63A5dis1XcDaGYWtX/xTKlI4vU0UKzgQKVN0Cs9hayAT4oZZYuAFB9KJTgUH8Djbxhb5MsLiZAth2y2zcgmC+FNgLtWDlU5IkjHPghf1Mex+24PZfHc4Bsv8Aahul/mv7koeMujeKpooFJ1JSb3f1Cy9aQYVaG1r8qWLSjGczTpOrMu94CKI3HSYubpNpYjdRJTfMtsAJ7cJO5gQrugCbzXinXgYaemNUMm2zY4PR/+YFD0NwS8eBISAc925ccIHQ88QWnYMYg95xVggeJhxpHzm5BC7XiS2B/mQ6SPRzsJyPUFlNDdt7EJx35CcskDEkSBw65PeJGlIxc6FJBD/RpnB5OwU3AqKXp2Wa7IUNgkFpqgOoT6ZSRGZxAwR6A5L8AABAASURBVHpsi44IzoCFNW7LZqAsPVktl3gCajhW8hk7jUeyZB0JjeE3qXPGTR1AhAhJPABKt2VQZi7lVFJ7OJSrk8wXIkmuEbOPDWfaMDXCSTcCYQx5VKsNxn0yDJm2Qo6MQriokcnUycwHKAcDW4LNOG7ytPBNozwtmGlU/xlmVvxhFohEXVlIyaLEvBDfs5Sy8iBJgDwxl+LJQbrUytKcLDOswDEOdZWhlHvohiXlAdE2FCuBssrP7wKgvbpVyvlp3xE7XEgGhB36iNpNbqFEMGNaoFjQtJ0P7iQUCoVCoVAoFAqFQqFQKBQKhUKhUCgUuuRqPQtwWSXGTlXCNwCLuUUyRAL9MMcPLIcDRzbNGIaRf/Mv7g2yJ7ulSG4NV1TRWrCzcZm9reyfxF+EiO4jpcdFLy4IjSH1WPBMEy0Qk+R7jJKkI3/yWGJTCvbRdIHmfSlFWmyiMPSGDdLYOG7PDMO5qWaOONXeeQPpn+nWCQnAPjWl3O2V4My2DF4gts3rd2IOn8y+WKTkwPymN6jRPAfHcROcH1UidVLTTjXjwYKe4OpRLWtS2ZM1DEV3SQ0cwzfITYP06/6P3v0+vRmoIAHlUwddj/kgpb4TxIRBEoYiOpg+dKe61E9vEHuBvPqEXQLGVBITQoZ9yaPYT09mYteSBPo0yV+SL4N+mcyd5MxdTKg0BYM5YpDB/2O2vuWsvh9uSzKdinkk9HvqYzEjbppclc637b6BaQ4d+xAnAax4Xgv0QULiMDYz9bVLApJMLfZiNJI17ysn4OmZnaaQ6xMohNtgZorvhj5FfJ2jsECjuIBkSWXhtWkcBsFztnk6MI3M33CT8niZw8c06yUHZ9pnzJAk1EbsTyQTRvKsZCVTdKjr6IAjxFIvNzDVQWWvIKV3bGY60KMkVtbsGzEBSdKgWUxJ4JCRYVmZEZ9g1M5UYwZt5hdQKJVp7guDoyrlOcV2+bedz2s9PT8PKCymO6bdFcMeJ2o/Qekxzk99X1n7Q6FQKBQKhUKhUCgUCoVCoVAoFAqFQqG/8VJrDQKzMNEt6nPSqR2J7gVWtzd3CSq/qvdqpuwguQx5w3YZXCudyuRSSmZ2RbxRpHg+Vc5Byqp+pIMruMprrJY2LyA0557TeVVf94mo4ib8yjVyyUzJ4jUyqn8ClGAWLNEZVIgT0GydFrcoxV03fSBO++D7NAybw2F7mPM5ELeH6XRJaveSDiKsCbWFZSvzFj+P9qKNbdm5qJYpWdALu18BOErS5jxhuRj3M2kb8VEob6DuU/1RjsZNZvjLfGPbWWz6rQcrJzXdm/Yipmnep+v/lvBY7KnBpjFEHzg8izRM+8KY3YSC4RDGFth3Y+yRDS46HMUShfGt6T4dYMfbBSFIHIgj0AkwkiLhK/yGSZSOHyx5wjhEp+M7l8WUiND4HRK3DAOIvKN2kUYrQKHK1ogTKt/MCCNc85wgzAycpTmtMt9HMQpxaGEyQ9pMeeDoGc7w6tjSRSZ/4hWFw2hIwmXElaR0Sj1bpvmb87TiCHEiGTdMaQ0jW6OIfY8E5WxkIAZmU9gwCLppRLos4MdIGp0zjXVPJWNGqJbcJXMakdQbTu7hxCkCp0P4vqE5QGVZ41JyVxYf6xkJJguuzblkYTFm15M0VyjryGp80DSdiBZz0HGTkmljoUt6xzQ0R6m0GeVBTrLVpw/JfVGSNpeJZk9Ye1sL/+GPq3llwQqAgngME4grxiesZP40O81Bdocb9T6BUCgUCoVCoVAoFAqFQqFQKBQKhUKhUCh0iSVl0VK/kzwPsURIbL5gZXVEL8mjR2t0anzixUGtASZFIab68KHYBuRSqJWyrJbEQV9BE0ZS0uK+mDZQDXoALSbXyuZOCfS+Apx4t4jaABlCXO3fqh9KazbjF0qjBbYMoxhB8NvaCPl7NAYENGdHv85UyAz5KF9nVPpEQnAG4YLycHh22G5GCdZBtnTI2jLCKD4P5sCgPIcaUkBLe/Ala8qP1ts7HwrCnStO2AIbi2Fo/EWgxXeUFHEixOGHhllxHqVQKXWfypdg3dNa8Te77ib+7bwvcwjG3qRmv+QOMwZxIPa5P+1fZ+h5JE5ddtU06IwO8Q0dhAhgUGAEwS6IOR8ZaeSbJDedxoyVBRFXEj5IMQmxoCGNZAHNLjGrILlxKISGvMpR0+3KG36TWrcJEjOUpKZFEnmFFR/AlWmM5rOB5aHEBjhq3kyTZdBTGMEjxIJiGKUZNYLhGT2WoU5meCJOH8KLZPEgETZFLF20p8KrwGg+H9PloTEYetmkEV8oMIvcABRUh/vSwYFk3FgMmMSGOXuTqpeIxIeB54GZ25M2PfpV6LOB4kSk8IZ+TFSeuLpGWLpVSQ6SlxHqLJNJkeT2+TjN0a6qhfuHDGMBQWzSk8yZ+UKDO7czzW6t3va63CgKt94HP/CiIHelMWhPbR2TT/UfB51MF/GsoVAoFAqFQqFQKBQKhUKhUCgUCoVCoVDoglTqiUoVgP3WXn6qrzYnFQgoNihWyHdeRCuAUipHmCrE20wDV4lT5opyYo8Tw02SASgCneT6E33FLABmlgiXCCqxKud5lDPnJMb5nWzWDFGXrFzP/g5i2pDHAYqtiMIHZsIwq1tbA4XZ0QQcLRybK4XcMW58quFvabpF43a7OZfzFmgrUTtDplEJEkZPyKkAuzmtk8psdHCHJsF6Q+v23QFCWKlWN0YmBTJprUfqsUnoKPTZqF1N4O+cVknNWaqNzw5uUhuB5lxNgk85MdZpW56C2pzfBBLXErszSaN41GSi69xwBj0IRYeXlN9RmoMJCzUCAb0n5HSPfidpNLoRDTkZwfNGSjgOZ8UIniLWF8IdSYNCJShVkO1Zk4kk9zyvYAmNxwkUpxNqZ9/KM4OUYb8sZUa9j8zmQ9O2OibeJD6IjUPStJIMWcEq3sHWjmk3YmcOnfCyrHS1G4qMgHBwZaPdLUQspji8NWG9r7JlzOC4k21NWPorN5EMM6LmqrUdnxhm8YG2sDKn0k7g+uATJGwGxG08CphTH+dyHQ1wNx/zHUKIDWNqqlbzwJXJLtN1bkdzpOoDSztb2q13V6TPkq8kAvHhbE05HoUJhUKhUCgUCoVCoVAoFAqFQqFQKBQKhUL3rpLiJqipOvynQCJiHlAoANKMHXLTAilgS+GbjTmGzcAxMFLd7YA9AriILEgK0yeIuPMLddRScrOFKnRwiQqLloBxorPjSsl2eeCay4ApO/HDlIhU89nVgR0eJFunQXA8jcJ/+d/k5pinhoMAnCki35tNghixTA0OQJtxOMx5k4dtHjfTbkyc0DjdOk0lKWYCBTAqtd7kJe+0Oyy0HBGquEmtaa+OZwU9nP+AZmdshhLLR4cGyiRZnCvNZ09hSlLBUfy21UO9cZzfPWxK8pWDkbCoegasZhL6pu86augA2Z4BsJA8+hgUkwlSIwdzEyJIME+xIWpbl0NyO/oLPwyUOUSOfRjIgoeaz2THINWHGCo/1uxjY1dYEzMrydTMM+MkUpp1IJMSIe1AFgBKyBq9hSlDEq8RJYTEHmSEbvoD4obEdyxvEUZ18pjWJeY3hIvC1JM4n/CETNkHBKm57X5hdnpOv7ETiREI0eLWSrAP+LJmU19CiBT+oXIj1I6ltKxHsX2KIk2kN7SM6dyYY/auB2iQFcj+PSontLO+0MoSaoRPE1eDfsvKYTby1ZHphLTc+iI4n357VKEoUYLzlVxFwmbJU06mJe9CoVAoFAqFQqFQKBQKhUKhUCgUCoVCodClkxoWJDYj4bJnQnU3SVPJvBOXE03HkVql0SecegFaxpdwEKtcsoHGZjtuh2Ecx3RwwAYnEppTmtRUHXKnASBlWqwQ2STpENxt1IQuOH2nOfHRnSBYOH6072jOB+wqN9VhfWG+JCsqkDmERdNVauEbjUwANVGwo0frCilhQgz5CP/D0AkbXHCDErDDJewxD3k8O46HedwC+9EM044CQ2h4yeiQAJUC8dpIYr04snowh7S0/g0ayiP9SjuD2UIkBdfY9TWBk+Amc+qj4iZ1O/i8nTWLMEMTsHhblDPiojNtl2dnrCMyPRuGd0CPpVJOGmIF7kSRFKpSLgHmTZOjAETWcXlEGzAC/YXPxUE6aCBEankkNCIkG8TAz2pO3WmopXr1tLEe+hsUB5TZLde505zcL2t2vt3JnrJRNN5/e6PoCvpZN46toM1zZtPkPuryMb1nHorsIiTZi4x66fxqEpMqOn3Xcq0c9Mm6YKFl11D92i/HFyjpm/tsKN+AmnSTyAAhMzsp08CWLfKdweiUamezKzPL8ckkXer8Xuh7suvGtpP7cAuCtXMVDyu4iFp0YG3BrawSzOC1meabZ89DavYxEEpvdtkc0EkoFAqFQqFQKBQKhUKhUCgUCoVCoVAodImFWtblqBL+WwxOuuQ5FwkAGxBARW4PQF7uzghjpu04DhzRwp4HUgXutIIsjelrovbMK73R7JhSCN+z27FSh4i7XWM9idPJHrhlUWBdf6/wCGp/GRAYGA9h6ISUSkEk+z1/E6tBMw8FsLwPAxg0wYXfaKBLZueSQdoXG5pxuktn83iOc1c4TIfQeRUrnRtChCsXtF8JsZTw0xzQQLcVcfSk+Rbnb32eOSvStuDvZy4oDVYCS+MTO2MFUFZwk2XITv2g3j6lD9hcUCVNSiMGG/gdUfXEXh3lswEIpfs2zsosNANR3hUcBJeTSQ6jQlKgOT/AMudEwS4qB9H0jPcNdCKv2frVjCrNnlMwSgQaAKNMNIAjyv6oeT5ALTFh0IksB8ZKqZGKjyBK3oytF+Y+gn2DhVjyE7lNi2Wv6EWi0y3znnlPESuxQHXcF5MbS8CQ8zoO1slrBwr7ANUJicoV+XnR8I9yR6jc+3lSjk6cOqsVr5jZz2Bzf8qDsvo4Zs39qZ29ULWg2Ukcn2hhs7N/x7WN2FA51Dz8ueGHyrKkg2YZVhjMSSgUCoVCoVAoFAqFQqFQKBQKhUKhUCh0qZXMyyRxBI64m/A7qT0nSbeApnCvh1D95bqVbQVnYKKBjQS6LmGSAJYkOyWOj5Df85dSqdaKcaVySmhJCtTseSFalkEvFEA5AXfSRkbgycq95epGDdPR92xNkQewwdHAjam4ndtDUPes59AIluT7KA6Qq3lJ3o7DpJGtU2Acx3M0Hk4bzSKlWk7oDen2sD55z4VA6waCM1Ik1/eyOaXZMDV1dJhNLyhldSw77eAm9XwIK8YnCEvcpOwGDW6CdcNRrEm7Wyu5IPUBggIAgUcc9USnyiPDO5JYysgO7qUh1h+pOmJIEz46lTDKqUMyO5MyDgmKjQZv0VveTD2snjhYpkdx0WgL/Nxugvp0TnMjl0aKd8ZiViMc4yZEZl1C7cHMOtmdyT62pxxG0eCXTlcKITEaYoahjmwDbqAbScILoycCRiA/BspwUJv8UsKrQICMCp3I4FH19nHQxDiP+gzYJCQD1dzgAAAQAElEQVTqoTzfbKziwI60nwovBQDF1UO4H0HACB2uydX5Q6YbknMXcmbKqe9sTHYHmBY3oRlvHlsdGd3RmJi6hJ10MRXkzScXgINv96CqgQ67LRllU1ZSHuckY6P/MoH5zSDuX5hCoVAoFAqFQqFQKBQKhUKhUCgUCoVCodC9o64TXxPsennTJ0ZGnERBLw+TBeJ4wTt79sdUz1biZDtux5whSZhOSlJXlwphYmlhFRGbDB2YQyda6JzX/wHuTlGxFltPTJwswYaTi3dPJ9hvcT3mbiIlYnJQhhzfyIjtb/lzM2AFW2ksIHyL8CtcE+cbw3lH23FgJxpiomVDpMSJOKlY12u5nHYuHJVJIDGAWKjUpdEMTpCKd0MyAITL/F5QL0NlJ27PtYc12bkpbZ5O7brPTqx7GkFScZOy2w5uUv0qZh2YzYLdLQkbJEvu4PRuFJsahk7czMP2ISh+IeiwDyhW4b2y4TazGuVA+HsJdMHqjtKgJ3YTG66i9hdng1ksSsSmw1ORyi0kqqNkyAWaeQ05FFMu1resPCRUb55MxAUlIejRbNbSQe2xQzQWrFLAKqNnwFAKNy1p/FcaZEZDcMo21CwdbPCXVJ5Dmk1LA1PAQDCs14RdAXT8CWkMeFAypNCvvpAySN6wcizKlLidjD4yfj/rg4edjw/OXVEKqkL2VEIz4sY1lSeyDvBcuI6P2G2lMs15AI5F/jz0aO/3e85PBcjxWWfGVJTRphY1dNS0R06JZJEhI5IYQEl4ojU3FAqFQqFQKBQKhUKhUCgUCoVCoVAoFArdg+rF4iQlxk34MzobYlV8+508MygpaT1Qo2CAwZI8sL1J3o55ZA8HjsUA7LmAmLQBLQtiE9SDVmC0zIpF3ZoqQmBfKoqhlUbTSYCQWSV0tXi61sp5sybSury0xVwHGGZXWCJsSkWVY3Q0+AbMPkZwE5wRJDCPkDCbmWI0gRYBAuabwWE6fEOGDeMs4zYzbzLSOBINkqczCHEyst+Cd5Q4g4XQTDvsJnsxfmXoxNahvVTwmrr84ftlRXKsY2FRKQvNCI+6sWVH6ptV3GT5lXzjMMhRuEltCqHhT9rTOgSD9SravtfOm6sI31GxOeH/e3SCx+rnMgjQIhdIjiQsGic/OzRwCaxwL9BOl97fFKJCqSssrj/oVNOsheYVzDyiA6h8BR7Fliy31t7jzCFjkdhSrk86k3ZQiGw3hWouDUAbTYMK/Xi0kMy2dgYtaJRyRxH2k2x+iCxg8wss98weDCpkjJMr9VkvAzofOCN16rbSb2ulLhXUEDDWlkEwfpbpnubZuAicpL1QgENBp3pd9e/aA7L5o0dROxLCHDadL2NGhfPI0Dx1PFvSbM11rjC1rVpojl0sNdFR5vgjrI0c1nQnpWZ9kcgozAwHRbxOKBQKhUKhUCgUCoVCoVAoFAqFQqFQKHTJdergwJgSr9Q7beJl1OIaoYVEsmrviMRoA+MmXF1MqZcUD3ZLMecEroEmNW2wGqgW59UBBbACC1YZd9DB83vkrZYsV37QXiuusIpGnFR2ybA3LWRR5S9FcAcjSpJPC53oH/I/dqiMSwYas+ImVAGBhLUgvuMBs+wulBI2WcEYpQBPmbGScTgcNufGcZvzFiS1R7ZPZx9Lboa5aUjZF0uNHqgJFqGdy18Ur6XIrSEqhKVnSVCjgsYYUtBc1Ly52UbcGXMsF1ymIsyQFGz2TQ6Q6PQq3U3GjRjIgNjSJN4Y1GFovl3tVD1d2Sp3kqGerLcWqIda9MeCS+jDZMOrGAq29EACqFYavlGZg6Z4v4OBUEUWqMzmtTs3vwJ3nUCHvXhragGKvY/ErrEKAOByL32w65mJlsAHrbc/66L8rTYceppCLbRzd+0BRjhv4RLKmXcMSw9bfuSYE3kH1/bD5RMxmy/6ce3AloxysxOxx7HHuxXt9qV8RfNJ4ctKC8fMDyPYuRr1V5k1VTxxBI6xqTlmHdxyw9SYRm7r6LQayZ9smCKKUZLZJfFFJoW1MvUMSAV1EgqFQqFQKBQKhUKhUCgUCoVCoVAoFApdYvV9p+YlKRn2gJqLMwNDqqQemQg7Dm4Z82Y7TFu67kColcQlQSkDdl2/wxhYVZ+sWIyrkAfpL/bXUYR7Vhdkc7IqLaw3rVnqxXTJ07CNxHCCkgnFGgJb/4VZyXdhSyEBNkKZCD+S5df+7GCRiYbpTx42w+ZwHDdAA+RRvE+ymKkoW+C2G7MRphMN8lqBN1lfKnFiU0itRaA6UKR6up0qe726GWsCDV8yw01s12pSMgdTCrWhfTgKN/Ft4PuVs2LbI1yZzQbTJGc8qtTpZP3KytAbqzIipnY3WgEE1LJk/jAs+I4dzsCHf773DotQkLKF0UWxK1mnQpaogu0Ly+YTNEQWYvlUD0ppF6ApuIyAJtjE+5SGDYmZ4RLHPsB0bF7MSYQrU+Fkx+EJO4AVtDppl4Rlw50nuY6cMyBlDzcbcSqucQ3h+CWgNYMobKYSKeym9zSDRWplKDecjZdIvH+gwCUoNzcVlxjGrJR90zChjJKw04nTSULqzAYoMV8i/SmmVx0dhQeFQqFQKBQKhUKhUCgUCoVCoVAoFAqFQqF7R8Ubotb11fcEvDxv5UO0yiRyWXEqDw55HNjlJIOWEBlU6aSsmBqfFD+HhjhUy5OFEUPpSenFpdGFciez6qzXau3n//6ZyY9xGjMBQchNYxxzWFRPSxtzOwHUQzOCMytimjJt5bicPEikziHlLeRBknTUSmWUc4zua1FYhpNd7FqdvN4nMbSZ/uvkHhu3YRulzu6BJGn/bZ2xJrOPswnRYCAnx03A+ZS9uEmhTrzJ8h6wwU/Wul+/zeJwkuVmKCTRA67488yveeGE035djjVuwMOUirnHojvFd0PvQjZLFbWgKTu1eSRkL/qsNkhEPdXKeeyC8x4apWnew3nqBgHKVvedtY/tFp2vuAeLSk2W0PE6OfZxHsL9G092qrsPu1GF11bb33lvHApB49ZSuuGMT/mmGWFhgGpTdoMdY5tuefapSo1j0vQ+24rQTTOboGMPLHdHYi5utEidaYbmaR/xtxIDoM7mLFUDILtWtAymUCgUCoVCoVAoFAqFQqFQKBQKhUKhUCh0SUVZPE6qjcJUVExtpglIpdEjDSQbhmCkvGXaAbHr5XfrnZUwoZta47pisULQbBOPfdjVvOSa4N4lTu5+wRfmVXIv2FdoxKq0TCSMWaGTckityhdnh5qOYo3zr/69piwbp2bY5YSJk5zzls1OcMzTbckDR+qMG/kzWJKOgkHqaYBkVeDSc7iAi0ULPfIQEDTsCKUSLBlLhnSw7w2b6KyYYlTKBMD9E/awJjDHTaB82+AmxUbFtze4iWEle3GTli0pu+HOGM07g7Xzsi9DJ02azvTS1yNrOZ92rt+wCZrdlKXbyY7zBS7pDdTaf0FYUKdLQyNUsKYRlQ1UviVqboR/tYBVZlDZ3mm08F6BFR8O2rneVRUvllXzDbkQSMc1ouYcuR60f8dZ2/s6VN8XKuiEKs82FGZj/7nIPGMWW7MaDNUbvHJ6pH2n3rePhhhVOKWJQ/JnxHYsK5ZOPT9Ie+REoTJN/A8MaHrOtJj1+tTJkMlKwdO0sxlFyRYOaT3L4mdOKckoqZKxRCekekKhUCgUCoVCoVAoFAqFQqFQKBQKhUKh0D0ozTrw361bUV+qf+QmAxrKgmNmp44t0CA2J1xiT0kQE8lCYFTFkg+k9picBEhq9+FsQFurxWN7d+KNF6Li8gIXV1IkLa4KbEyCIC4nw/S/JBmVAbcDSod2y6jTsGv5FtVxgEu3UgsmQVj4zxbTOI4bmt7TMG63AAOQWVFIUVgyLqrzh9zVJvWkEDL6le9S3ziDUGAEvQRBaoDrxQiaNaMeJ+J1I+dtTVy6ufFHabO8LzcDF/tAjdrBFjwpX1RypQVRoPaqdv4o3ATnQ9T+jYuSu7SZmo5n50aKB0vPcVNz7Uw1bIv6DiE4mdFiKAhzNAGXjwGVJ1eHIMv45+XpsN2/kAoEs+dyyYbsfF4esarFtZaEqd0dS4v7m7IxdbCjNSzBnaaOEJ1gn6br81Egmp9swZ3QAszxQxa40HIkd273yrhpU+2EKH4ii1s8P6yhhpbMkm5v7oeNbNJpoWtN9mnlaEum2lEzINHsJ0C1u+LFDiV5inThR+qSrPxJrJmmO5cKwUhjzw5JCqDwGeXc2R7DTP7ESrSOG54k7XPS3oVCoVAoFAqFQqFQKBQKhUKhUCgUCoVCoUusruvQi+UKIhQUw91KGBkZiZ00NjnzG+T3zB1gJ0YmSRCTTkvhClqk1Glij5QZm0qrhYqcEPXYwQ9ES0sB2t202hgWLsCu92LgJrNasDWYmyo5h9pkkRInbXdK76G8nTcoRiGjgSPGmhBKxhFltpvJ42YcNgCbcTwUr43MwTqg5iL8mlHDd5BgB3hYs1jYjVNJc1cSZzbsLTpepB4nIMYsTsmolwFVpmMNEahzbtmbeoMKa3IS3MSTfbzPWIAq6zk2picFPZkRObUniLNttWvltRIKpUfSlx5OJBJia3X6YgNkFK+LPVPWepLcrESdhbolSVQnHXlPzRBl95mqiMZsZHClF+3Bew0oaGdXbOZAe6XNHsVyQ14X0Vx70JO9WjzzBLC6AjBRBzuLz2xEVtYvXMnuWV1haPHAHbF2rUA2FT4ZG05lMRraU3E2Qmros+aszpJU7AS9CbYmEaRDnxzdVtYPXtAVfANLb5JrYNxMYnH0DQiCmPL0h2NyzL9E94QyK5mLwkwta+fDbP5aNoiJsuM1mfsj5kAQ0EkoFAqFQqFQKBQKhUKhUCgUCoVCoVAodOmVrGZIxYoApOrIBV4x5ODsFpJUGMKpfJhR0je6nquV2CVLU1ELk6SIAiZzu6gNmuvJemnYfDFqgkRqvloetyjsar18F5WAI4ESdMFFEpdUsxsKGFgj5hfErMn0P9MnlBu2gWZVeAdiKFtRuZSR7Y3+qp9LrwMbmXBSz2Yct+PAYTpEG9mYpRyctaqL6nShRd5U+BInP/z/VfMHNaWhZkrontIyJvE50ZHXKjMKc5QQHTmgxJYJox6nJETXtr443fwtNvssrU3abwoXYl+XHbShGW6ClQmpBzWoCpTv9rAmuJhkWCmQenoFt7TNE0InoBV0bWpeRV8SGPvntNxiu0xQyAhmNhjKf8H+CBaaNwaLbfJxtudJHh6qZFNFvpb7FOYBjz79xZfRD7jvu8WrWT5p1zKNc+QIoMkqss8Ei9YrFtTuZfFX9TFrIaHidFJaBNg5S3Nr0XsyPfgJy2NPZVGoh6EH45hNS9abyk9wdveRTIl4Lejk8lNBjijrhdgzQPqPhuaw6XaOw5n+6egUIDHCJ3snBacTU5NkjJSNTwaaX4kNY6qjYO+On3+hUCgUCoVCoVAoFAqFQqFQKBQKhUKhUOieF+fjLH+gXwvtWcqEU31vYXd22AAAEABJREFUKkKOINyE/Q5eSuuSrYNTQRIEMZGfvSuqUiq61qDsD3AxOQ9r2qwdTrQnNYdcrJ4YaJH95/ckhIjUcBkRGcfMvjDTlpySghBqLuD2CaXnbkmB6Fu1lGwYigZZDMQBOoeUh5w37HSSt9MWgO10JjmcY3c04GLhqODF7Dzb0Cg1OzlGobYF1W2ioBhuQmAuN32a5gB0fH7S43HHACbh3uo+lqFsz95U+6HiJs0+u7gJOBziI229rW2v4SaNtUk5ZNZ1WOImdYDKBlSLFfR+Hg2d0Oyv2rk95h3N3AXYV20vt8l3ylAuOen3izCW4ncCuPYAYfs3LtJjqEUqZphA0z/Dr3Qf3Om8OnB4G0TNTNgBXup8KDufvxY2K3uE1bKm7qmQhllwlEfUzELmC0pzBxeEHCKW+zzvVjtQZSmApUHJ/AS0MovA4RLCcj/IVl/rTyFUbH91LBEjJSoJXvL3ME4LfwfpIGFv6TnlmUyKmHDXC22XCcmmUrJJw/90ePfsvOafUn10lNQyLEX+OeIVFIVJqcuiL4kN+rT/FoZCoVAoFAqFQqFQKBQKhUKhUCgUCoVCoXtLWs7WX7CTBSqoZwIKNwEj5JEjW/gP/+xcq+rJInU8VSdZpZ5wUYz32i3unHa9O+Ud2S/kYTWhYnkU4rEJO8tsDc/ouPtyfw9hS4jDdDj7ZvqbYzqy9jb5oDLls9KCFeDB6ulkfgNcfc2S0SNAh92Kbc5icJK3ANup4XEcvJRMOEdEND8FSgG6Xv/ahZQRMcpB/BIc60lQoja0SMy9TupBQBKdYdYWegWj3RH7CiqtsThl+a6SJfrezEXmUTjtYavuJueNm9h3pQi/0ysoQ7nou2w2r4eUAGf4wQmdThDa3rT0xmI/tLu7RiHs6HgmA+EIUqviK7Yu7O6Ldt9X7ihBC7EkY1ScQlhTmp+AmiWD4CRE2cUV1k40M64N5zoR77AzxMV3RD+1N9vCbCx8xp46Nafx5wpqTwBoxwSn+Ij4JJS12iLTmhMvyB3jZ/SZ9Zwl8a5C5uSmeZzSwTS9szz2VBtJZnxEaEeD/APh672OFbnFCpWLL9M98eRJHNZDu05Vwu2VGdCSOLIxzYc0FAqFQqFQKBQKhUKhUCgUCoVCoVAoFApdOnkN28v6VrOUlANk3wzImzEPxJkd7GuCyQv3HaROCptJS5fenpIiqcaP+PYCQMjHhJh3eoNr5dwmU2E3W4cPSCfkTi66yKrCxCyAOAVwko74mvDv9LHJyhFAIqFROaDeKK33A0k8Ts7GjoDYp+SptY22BgaycKQO0JbyYc4D4pjFVQWxDg6WKJuCYhSWZY9KEbd1jkFyqMA+WnSO5OlYIga/4ZvdtCxF6KxXofvPnU7aG4ztSaHSJdgSIDDHRkD9IhoG5Th3E/fYWMFNFtYmrRtHfSJgt+PgX65QCDrV90AnR09Rm8S53JE5p+AxKKvPyWJXsIr+7NboPJ3f5qM607bcfLF7ZoR9yu3Zm6aMkKBZm6sdQrXrqKe74Occ185AQLBE28qTVE1FsIQ1IdMVaT44vvrMz4DtY1na2bOilScUm1tZcJw0MymqXTcQpjB0el/Rnac46UwiamoODsxYqsI5cQtGBkFS5xEG5FJP0E+LT86pzT0j6Iwpm3XHL6C5Rn++sH5fR6dcfTMiWb1kksMmuzPDbkX7bIZCoVAoFAqFQqFQKBQKhUKhUCgUCoVCoUuoWh7ELMXUzHVYIU4ob4dhm0eayo+duFpIiAgjBKljIIE/yp/kBcSkpdbqadBUVaEmmRxZLVytKq8SJ4Z93Ku1R5TSsQElYHV9IvX2EKcT7lLCOXFiBjJNQbtJ6DCTAVI3Ga4vo5ZfR07SYSOTzAYqNCiGAvIGYZRsnVFCKVKxBlk1NNkDBsw4AO1INfBoMk3ayq+6m6CHyQh0snLLyE+qpeoOlnAGFJQEZnxJeV+L4zhnR6BFRRCLJcoabuL7NMhLMVCpE3EZqQItn9KOVtPzhoaBXdecflYu3zdBcRXhmH2vE60xoZkl0dRmGqQLnCmZc15kOVjWGk9ZPI48AfepaB5ZavED79KsQ7tuLGo0NGeTYD5uZbjaTrUTb1W4c8jspLu7G/hRurq22BRCogWL7HGgbMQJrp8Ld87XWqSs9nDRh+QGM5Z9Y8uNDnTW0c0EzifZjQan+qSXedqjU+Mqn6yKgCWzP5G1yUAZ8c/BlIwOk5bFtYkf9WlJypRyweWMU+kAdo1cZrcTsfEr8ZHBnend0k1Ot3GfNWiHbJ+U6loBS4ApFAqFQqFQKBQKhUKhUCgUCoVCoVAoFApdMjUlv5SlPpn5N+YkPhs0ZoZORkYoOqREqL9/n+qTnZT9Oq49at0SaiQJ7ZTZEedhEhfQz73Eyfpp7ml5B7IE0HDx17AQLZRyKpHXqZEdAxw6Ad9B+kuGrGgqj1ABYlsiwTrI9eWBxnM0DuM43YpBKs58TwQ0IXEByElbbfsG1cxihWhY0gqaj+EmIdKdjkkS+V9L2M45dBKdkgQ3SR5XlLyc7Q4d1HBMWqo2gqUtP68SKC3GAc2UWlqbNBQAWgehZvA0uEmDl0CDlZS3UEkdqAgLtH3D5n+YfdViK4tq+7Stl+gpcGOSOiKyf27a6mA2Csv4JRvk5ZalaoCJ9y/tBLHgHAXDVC6sg/3Sen+ZtRqehIYl7e0S7XzDPUmdttNgSnnh4bFwZ7H5VO8KCpagwFd74wBmV4r6pM0itbwNmi9OaA9zsv6QP95qneOePuC+RgS0e8G2HjBxVo1k5Px8AksxK94klBW/8FF1i57UDgK50wepwQrKLeM1J+fOwJCMbl1jj6v0s5MTJr4kWsRiIR/iQ2mQR+bDta/SbSw8nRhh1ZtFFpSDOkyLUVwMiJ3UCSiqD2e5xb6M2qPbSd8RR1kQR7bT8tuq8829rXiFRAzqJBQKhUKhUCgUCoVCoVAoFAqFQqFQKBS69MpcCkweu2H1yRFoO45D3m4HrqGmrgcuoLPbCU4vWgSnVKvbSQqC8h61UItNYIv+layk61Vgaird2GykPUksqpFmBWIVFyjBiv1W4Fx4HGD7C/kTqVR/S6/If6WP3rxuH/M4CnRCxGhIVszCOyLVVRlljsBhoARLQVyrqVqnFoAkS+gO+5fQuM3Tn3wO4JDfjMPI0ImWobOeHbndlLn8O/vdv72nXQInOV+iaRfSgpSQlT7gOrXcuKSFeb3oZNYDUvXWK9erSFYGbo038mCQihys50l27p2R36FMYEaNQKFJlqxJy6PAftykmUaOmRyLm+BKV2B9zmBzsJoECTiUu9T3pw56/6bzR4Pgkpoz7E79VZuNE7RzHnvua9sNLMCXnqOaqZSJHnrSs884IDK0QZpY8hF6mgzlJokTjKEgBazRiUx1rTpa2g75hC3gRsPQkGFg6CyFmSaBLZhkl44wliaTcjDCnGkSjl5T0glN6maDKWcBnEhYE4E/SJ95T7Uhi7Dhc2UdJe0a+dpFXb2WQuysqLXPmW2HXSyJoDx2umyYtRIJxQa6JCWwlaYxfbEG/Z+Ze9neKhQKhUKhUCgUCoVCoVAoFAqFQqFQKBQKrQtRw1L05+00VTqZehjzMG43w5DFpgMsGwOZSNCf/qvLxTxEA++RmnopwuqbcobcwBWGSrRXBRdNedEfdGiEjU3yljgBh1kTC7wgxyiUfchQTAOUhai1WyqNa9oFcRwFHzDkcZPHQ37NW4RNpm2WqB2vjudiOiGvyn6c6JJ3b1ABM1JjJqG+Auj1Yf8qawm71KQVL3IvAiqldS8QG3xihih4JLoBDTNSKJCyDzSEirEgDT5SXqr3SUVGcGl0At5p7+cMHoEjWJP1grtuTh0Xz3t+P063cLvt5wfSUW3ck2qpjsJhnC9osmjnWO1NlKnUgO7XGqgYg7KnSTzhtpW9KhKhJwLcsVJpmsz+KBn1ILc4l/nZ7GlX0LYy6z/Wb/xoErcie1A4TYscgSFwFxElS5J5yRiSku2pkN6ZExFbD8kZs4BtaqeinbXtnMWTSIkTT95pPKe0RwiVgUnuPIKl21D6OxsDXIzGzjRbnS2+lJf21ZmF/Dt+w6QLUyeGKdoComTbok+XlOIKhUKhUCgUCoVCoVAoFAqFQqFQKBQKhUIgdIHGNEj1jkt9A9F23B5uNuNU7es6q9cKcsLggDAopY7bcAJWD7zYvz+vBgdSoiXvDogpyD1fwi/l2PpR4RKmQIiGnMdxGNjsRIKHkvoQWIgKp2GgchrY/lRfbU6myxmsKdk+DTx7nOTNMJzL47lx3EwfEbZ84Yyn0KLsO+/lhQ6F5HYkv49Oyxh0ocSJ1pMdPSElj7RGjlBcJNRtRVkkhKayjw0V0p64qR5XzmMGmkDDmgDO3reUive8tOE0ydG4yW6STrVlANh5t/up+Tjyk4Gp76erPjzcnD13ri9xLX51C78TKo/MrMmdcTp/PqS2BbTuJnKhHifHH7Vzokoh+SbfExypOAY3OUL52D1m8ToVsGg2wjhnF8zix1kYeToIK9e2mBGVPSGFaEq78mBR+a5ONt42CtpBsywhjdTJ1HUdJ+OgBm4ZKWKMH2VehGHsU5ckwCkxhyIWSc6EkVgnJVkx+ED3ONGTp3Zy0+LNPHeoGRWsExhKeBC2H+fvtecLosiGpX3g22tXsxa1cuLVY2ZXhe6mhWUNvoD5EgqFQqFQKBQKhUKhUCgUCoVCoVAoFAqF7gGRJ6RAR9ucN5txs9kOmVKfJMVAC4Gc5CA1zST4SUEotAyd7FNVjdfZ/2af8qJ7iLYFsdTruQgs5IdlvADYj+ahvN4t1T7scBB63iGP2zFvaWTshKQWLOYD4NVRkkwi6bOm03C/RtDachbiRMxLJBsos2+KUCbTHcjj2alxoi1OrWtNnDKgURTFOgWcqyDYGdRVLqDZJ7m/isZUoKM8YohAciWpXL7dbrI20K7BPmh9WUkU3Yo0K1hbvA7M8m78Da53cJaO4y4mvkuFUFpExjf5t6XxaoIC67hJdUdZ6cnup6bl8t00IaDrplt19uy52z/w/jvuuqt3viCZLY+9WaAn97Aa7qTdfAFOJ02TdTbcfZ2oJ605ymwT7PRjF9mhNZxFDTdod6NDJ9qW2oLII8Jo2MJPiZqDyH2Y5HSVMaHK2Ii1UULdjwzRUppPES199oj6pP4qtl4kg04cPZGdu5GDrBgXFJsTeYw7dLsQaS0lUlisMHDtZdZP3lMN2bKhAZjTTmRLDyZ/6goA2LYoK+8R95QKQ2PciZ3NosbErUVOgoVwql5K3oLdJJovM6FQKBQKhUKhUCgUCoVCoVAoFAqFQqFQ6NIIicw0ZDsMm2HcbLcjZf4dfdfzz8uxw+l96tjJQVMb3OAEwFJdsPzc/+Krlunrr+ObGAdaAS7OS/tq1k0d1QiBUu2cOjCM01AN25HREKkUJzaFcbqhqeNam2TdtnQJNUoZxFZmpHHgeJ4M694AABAASURBVJ7pdTSnkzyeAxoRRk7KyAsjhvnFEhoKcjxks7w72IQkpWpHQuAYR+VLpDBuNg5YTRMM7Cj+K9RUrOcngp0IpN3uOhSyIEhacKRhTeb2KIUBWTRSvsZyEmzPv2N2MusY7vRur4aOCYEzZ8+877bb3nf77WfPnu39+NWn4l4sljt3sv/7+lCt2o1cGKFCFtKy76w2kYzUoD0kRNl7d1bh6vaTrgW0QNvMkAYKwoUWL2XTfcmxIdRYnGJDYlY/ULEcC4WZvs1yUfKaLSvHllMojBWKL1JO0x+h0aZFAQTz61ICY7tIQZOUR26bYTXj3Tql2/w+JsxisiSdbR7R3XuJLT0FR96ziuMAQJNb1N6+XXcTqF47emAyjIQKRke+fiA0EVm+nLRWPboTyL8M+W6wU6FQKBQKhUKhUCgUCoVCoVAoFAqFQqFQ6KIoZ5iKl2Nm7GST8+EwZCFO+oMDJinY8ILzYuSn5/y//nDej8ZS9fctd6sIuFbdJv91PNmJ5KfvdUdDYLwoiYv+XGBH/E1uXvUNjZOEOJn+TCOnIA5Hq3TJu2EhEKjeBYXFyNldW7gGLTXlDU115e12apGZk2EDMFWZtwBbnG4LZsE0xkoF8H8tuoGl/Au7VXrYvRuzkjFw8dfScMqrRSnpblIlL5CR0wGkByatOJOf3jkBucYFJtPWtKHFPHDWHZwjIwCzCB7wgj42x2OpmOOsNZsVcGLc5LxYk3kT/Hpms92M29vvuPPW299/5513DsPQw6oIL4E9Q7mKBtfyDcstC11YBI+98cmx2IGZK3YHEmVz1Vj0pD0tpkWGi3kzYY2HyXKuVJ5VSZ5Zuxp+tX3UW0MJF/QTtT5CsPDmYRBMrUTIj1Xuzgw7OKlsejRIyBJuix9yaTuDO5Twrjmrg5S69KSUkp2cF4mk+0yNjJlfSfCYMVsn3LlEL4L9iAQIS5rkU59wHli0katpWYRwkjW67LckeupEqtCXwnRJTZLU80d3RWzi0OyeJbd+QY/ykgHNuvbIrdULE4Mog3c4x0yjvKRx/sDmUNMUglAoFAqFQqFQKBQKhUKhUCgUCoVCoVAodIklxIlExGR23oDUJQYopqoje5yQsSadVBe1vqnF/2TsQdLgmIYDsJKuF2tT2nfqtvBNaz+Vl52k2IrGO2AtgksCDCQPd8D6q/v9J9rRrGiptARQqZRnS8NhT4HsGyEzbrLZbjdc1U3QdWn6I6fIYGRO8h/uZzm8eJwQj/c00nmY/kwNAQ3DYNAJG59MpdTpjFOdGrOOK9esmyK+uSZkN0Y4oua6316jOiwoU+KFaa3062vyvYUmsQq3GhDwFcpoIBlXIFc6lpumQ8hZJKlzDwhuPO3chXmqzQpoUk7a7DzjPRAW1iaznee4yQJtaRgG2H27MmP2zSHVHZvDm26+5eb33brZDtMT1J8+1R+5f1qESN1n1fqgXByVJBr7Q63ZiZMK+x5Z2r8F532mxca142lGVmDJx7Hnf7UFpSR4/ctU3Ds040uaVFIM2aeId7N2hCOR502dkQSh0Cc6ZQW7KPFzN+0worZPAqllMksQMuhECS/OoJETKgS4A3bpGHgklx9qC9lxwvOCBw270Vyu2cxuF2Wj2bLRM7rJiR8k7+P0PvtgaSdI3WTc9aQ0TncTcQyFQqFQKBQKhUKhUCgUCoVCoVAoFAqFQhdD2zwqcTLyT8n55+rCTWieTieVQqZPwLJR8MjiO51w26681kzrMRpucCIfa0/0x/LlB/4L+4b2Ix7vfULNLuTlTakr0+hYDOM5EoKT+66DDlJiSqeeC9tqqvkgSGNZfqQ/AhMnmzwyZUJ55LSNPIqBAufsJL4JumcFb05W7acTjLPXx636KxY23mMuhReMo7RFdgx69deqxFgsJvae1ckbNYLhptOMTGr2nG/ZAUxm5fQCjGA9Euc7zT0xdo5dw00WlMvOtax+ak44vbz7xhvvOHPXVC4/ffnl/UE/PUBHQCfaRIL7gI54MC4maNK2yTYnmeasyckbkFebgOjUQlkFdGo/4IqDB199+urT/eUH3RWnuysOur479vm/X2oc8ubcZnO43R5uDs8c3nnbXXd94GxdM+qqpDrZUFPhW060fwI0Wg00hKhBfvyRw2ZvgMbrJ8lpxNYk2ze2nhtmAurYglTTjEBYROEiQ6FQKBQKhUKhUCgUCoVCoVAoFAqFQqHQpdYoSEVW5gI9SkXML6RWmEA9RRxOqEeuV3Fb34ELqK2bocicGhEnASy/cE9+gqageVFKylrw1PqnRDjo2PAfJnMyO5SM09shJez7nvN0khdUidzOo1RfpwNRDxfTkxFooDzQeJjHTR4GYmeZ0QwC8iCAS0nz8Rru7HqL9tuY7F4TALZ3xTNxEroBiV9ABVCaprCBQsTNAWVOFNwjAy5PXk5h9ga5oB9ptXv6V4OPALTGJU7xYPN5zn1gPXYdNylf4eyks7dHsya4+Ly72+133dn1/RWnT+s4sdnJHi8TLAV5+eu+63dy0TxO2sAaDpViUfaMm0qTVTho7Zx5z/uk7V92kB7+wMseevXp66++jIOu/mao69PlV102/Slb8pjvuP2uO953x+03fmBzuOUtC3eTE6TroA5gYc1062KvhqrzlVj9ntQDq9zN9rHPetBorWe9k9kTudQiqUQEgcTogOQVuduVPDgSVUTwN+Uuh0KhUCgUCoVCoVAoFAqFQqFQKBQKhUL3ZY2juHCkpDW+xLEuUtEjNbjgn6FLqa+rxiGzBrSgmQovAgpgLAiVRo0BSW58FojxBE+4WHqWSK1RD9ZvSWJhJOWnfDc7xXE5O4vKq1dB/Yf2kjWUOekGch4347AdRy6UE+MaKAlE4gdjFi0azCNUBu+jpVe2RdFIoDwycQJ5m5k44T80buWk1AppEEjDPFf8t/1pp8vjvsLxvkFP1kuPyAErJQsjo0V/TduhmmxRQAsqzbY3C3SY6qiaPQlXhyVGAztOZeLeytySy2ihkGXHYQma1IYXByz8G3atTZqDZh/PFzfZy5rsdAmGDF3XY9dPNx0EW1Knk9UbhSf1nLjUurvECc3bEeKESrzOXNjc0DR7fMlWosVuroM+fcQNVz36IVf+zWFNjlDq0jUPunr687APv+Hmd9xy09tv2W6G8i0dQWpUMs1NRqD6GSEuDyRbF7BQVLo5WeqWPR/lTs///TAHKDCORB4ZDdEpridknKEujeVArKYqoVAoFAqFQqFQKBQKhUKhUCgUCoVCoVDo0muYqsCo6AFwpI4ZnCBBAUfQQhCO+mF5WwAU5mCOgnh6zs5hTcLGTjF5dSMA4Lxiz223FdF9hfI9QSLUHoiWiyPuJpm5E6JxHIfMbA67ejBp0nWYenQ1hVnjRDQnyCgPdXYYNnncQN6w00k+R3kLtGXvFkNqMhlYw3+h50vsGTM4+ipmW7XJJCxIwqR5N2Zw4igJLQ9pasNtNbmeinaZEZyRIoKz8GSazkgyVtBaHizvQ20MHV2pO56INZl3YefjGmsCuNuP9u89k33fM3D5VVcChyRlTqJKOD1VvYaEzHupD5LNFb+co2/yJQMp7iZxsuQbpLXsBieztQFxYVIzm5eIsMy+Mk1P46NvuOpxD73qgzU95+6o69INj7r+wY980E1vv/m9f31zHvOeFbDKaI7yYqll/nb+xPA0B/cbqeu48EG+HzV3y6YTKm/iuIkAWPpNlkbJs8jAzK0kWwdHkkglcuMVOSxueigUCoVCoVAoFAqFQqFQKBQKhUKhUCh06SXhLkkCdAA0SceIE+CirsEJNWrjaHSD1CRD6sbiq4FHFDoX5fY9Ne6dkrTAEgvgYHHAicvlWhRV3wX941QAb2O3knHY5syWJFMNt2QP4exc3gettvJrrlVVgVfGcZuHc+xuQhua/uRtgtHqtRK+kwCprapLobX2cakSWFEq+Gv112I44HV8ZmZqTd/KxKkNQJI6rtl4rJ0b6/YZLeGIh9E/08X0qcMxJ8JTXY/Y7tM2tlPInv0FTcrOHESZEQrzQ2c5PLDbNuy1NsHljmsqGA7Nj87TSGLnCBKHi3C8zp7Jj7UFu0G6mZpYpWN7cSFEyHliJLj/KDz6FP7I5rK1mJ3oJ9lDbTLQVxhqIYcWI9v1y5herzjdfcpjHvSAy3oI7Vffdw//8Buuu/7aN/8/b9uc26jjUf26vbPtLbV7VWanrRgk/yaA3QaJQcOKo2TUhVPNsZRAUdcUu/eNK0ri7cmng58i670W8kyTeBxQUQxJaUjrXuogFAqFQqFQKBQKhUKhUCgUCoVCoVAoFApdclGSOAROjElk1W6FELQciJp1gbUA3XIn8uN0+wKtnC+GFjR9Jb9aJwUd1p1ICq+hSl6Y1q0N/0ALpKC0NIIWuJeuF7BWlN+zhe1MstXHmTPJeRzYkkSgk+kjyq/65cpklPTKhAshGIm7rSQGW5bkkbxwCjSM43iY82Eez3GkTt4Qbac+J2x8UaxOC8UnxGrwUl7tSnrFrFBsXgENHbJiIiLl2aRDkaA2a93j2zzdKipsALoRQXkP5omivjV6Di4mpw4FlVEDCulykkyU6UTEQ3WA/cH0BtLprjvdmdNJd4TPwoz3QFgBQFYwo7mXSQVUcE/rx1ibwDGgR3uQ+UBQfZ+k4p4E0tJZ3O8nTto3uX5DuLPPzgfd8Vgq5SJr7m5DK4+SgQNlF5vZfHXTQ6CeP+DLxywQSR8t3uII1Qwys2Vocb3XXXXw5Ec/8KBPEDqBLr/qssd90qPf/Lq33/X+O4/AlXxazzeSLwBiYJXrnaBigpJ9wcjGmfBqIesMZLLpQxqLVtqVCC/lWPhfC0huE4XyJKhjioTpoNs/CamVsOlrKBQKhUKhUCgUCoVCoVAoFAqFQqFQKBS65EpJy75eyMelQcZOtf/4lAb0ZB7CxprA5LYiC2uThqDAWVOCvSTdH9dL7QTHdWm9RolqNAJgeToZccxj5jAdGoFGtRtBA28kIIbjdcrVkP8Y337cD1MLnKaTOUaEhjxsMzF0QvkQ4BBwCzSUwns1WcFqXTErx7dvmusj+8U/7d4LKphJ9p6DcUMKiCQfVn2R8cxCS1gDOBueAv6YxwuYS4fbiRhlJFgOozg4jU3aTq3lDtKVB6cecMWVV192RaqMyO4dwOWG+tdyMhzBmqxNDNzbxOLtcdMZTqDEl+6PjBTUP4gcOBqTkjL1d3eSV3SbIFHml3EYSFN1hG3DJiAJmhlsVicngAn+1oMu//hHXZPwRDcmpOpP9R/xcY9621++89Z3v0+3LN1jXOUBq4E44LZJsiLKYiV2UrrSN9CcEXeO8GXF1yqlYsutGUEBNUAbPzbT8pOVRdET4zzti7fxyqb9Lf+QhEKhUCgUCoVCoVAoFAqFQqFQKBQKhUKhS6gkTickqTpF8k37eoFCPKIoeNJyYVuVhosk4T7IQz+UOBkFF2H0hN1OxszOL6ikhtSJKTVbAAAQAElEQVTKk/7S35KDwICR6a9RSqloRfY8TFX2nIc8bjPbnGyJNpk2CAPBKN4gbVpIKfv658YKwL/qFj1vD9zZeTZWei9TQ16gnSkj4BHtrDfuTXuAkm8VKmiaQP30J2MPNL1e0fcPvPLqB1/7wGsuv9J3PIIvad7ikZdV9sT9ey/NRHb3Owlucp6TDedtIn7wQCdElThBOmrmqaMJP0WkzxQ/VLpltrisPNI0O+HSbKNCah/6kCs/8cOuhdD5C7v0qI/8W9NSdsu7mDuxHLK1eV5ouvbo/5e9Pw2WZcvu+7C99s6sqnPOnd7U/XpCN7ob7AbQaExNECQhiiABKsAPlBX+YNoOhyM4YGiQlGTZIkVKEQ5SsimFQ7LsCBKTLVtSWBGmbJn8QIqwSYCggg2SINAgZqBfN3oe3njnc6oy9/Jea+29c2dVnTrn3nffu6/7/X+vXt2snHPnzn0+rH/+/3XEyP5Q0wjC0y0q/UNuv5vt3FbKGr+6rfyrUTsqVyqjYFWpUJWWtGMAqf+SBfg4AAAAAAAAAAAAAAAAAAAAAMDjxWQJVCr41FYKLTtF020esLinqg77juZ3wvzAL6VPhexHqjixE9S6qAbrkAhNoolOxOMkio6Eyhv/qjjxIZRT0qyPHImTNSvqdDKK4mQcxNbBRCdxk75HSdXZOBLFiaVEcE6mafw6Ln/StfheY4hq2lFjAFIVGU34yFTcp6nAz82iWX6PzJ08BiI1e6diM5Crv0VJkKrAHbuFo+OwOF50V5fHT1978pnrT15ZHfu89T4Z074moJnRCc3m0/7N5gIUOnfH+7fet87FkGuuKOaTm5rta0V0MleDuLlPSbtIhSZZtxXV2iRWg5MQqNqcTLo2N0/amfa0NSfvx7knTvrvePd1B14F7/zAO+/fPbv7yj350TwyMzGbhq2lG1klap6zLs57E4KQDnh5Hzxl8uRx0eJxahAUF4FLGn5GnRuz1M4GKk2lykcf66mmI1D5y8E+dzE1RSF53gLClQAAAAAAAAAAAAAAAAAAAAB4IzCFruzYXuSoEKsp1kiVi3ZYtBGRp4py9hSZVnGOD9T321J0mwJxjgClMVS5lGbASqCjvo0f4zCkaTFl0Dm6tIT6qNqCSiRIPhNpjdRiWnQVrcngeOA48rgZh02U3Wg6j0u7TZ8Nu4Hkp8pNsvwmHddbdpHbV2QvTTRrkHa1KdBC51PRhFCVd3DdUL/b9sk2LUUmMVOh1PvlGh8Tk1eUQ6gzjLWQpSfpNbnAHKI/ou7Jo5OnTq695cZT169cOT46XoXFnVatsgdy2zqR9hdtzXf7dCu0O9vtbEWO90hs9u1y304u0EzVJCJtQ/7aEZ2UfrY9d95rq+KkupuYEYVXdC/mEcQ0V5rMvH0mS5Xds3CrPnzP73k6+MvLgsAe0mj2vm9592/88+fOztakUpJo6pC2Xc20SfR13jxPYlkj6i2KlnJDnvNfB8+thM3buj7qzSVRpDnT6mnPkMPaAknQ8S5WexTnqk4l74yy2kXNpGT26PKg4x16AgAAAAAAAAAAAAAAAAAAAACPHwrBCoSUpSdWvvelyuyLg4MtzBqDS+353Ep+dJdDXmv3/jIWKZwrpkwX5sVYlTWajkZMFJjHcdiMcUwHCvm9e6+RMVlzoy0zqTGy3YmQNlrzeJY257gRg5Nhk4ruuueoGRL6Xv90vbU9QtM8MylJ4wFhPia7V1rPICsBTLsyKU6IWsmIK44kLsdUeJd1RuyKgw3Nz4/mcqB6y6cu4GoUk+1K1AQd+yX549A/cXz17U+95ZnrTy5D13Whc91dNS9olQbN/nf7CJ2jPtm/xuJ4+eSzT1x/6tr1Z65ef/pamnPzhVu3nr9988VbL33p5vreWXuQrSvlg2Xrc9UP+zHxVg0h4a9+0ck5j5Jl6GTzoib4RjxORvUOUsGJOptkuYlNpB5gniW1ozfWPVyEVLpkKziFXfDuD/6ep1aL4B6Er3zhs1/+/Gfu3Lq5OTvbbM7GcXRfK3gfFstlv1xduXrtre9891ve9s7Lb9st+/d++N2/8S8+KfZOKiJzOqBwdnAS55E0CowyrEbTJGY9yJS1RFUgIlSjlMl2yW6n52YdTdxxtlOX1SrSXyKpRtH2wNPqrvE/0UEz94/cNfiSf4kAAAAAAAAAAAAAAAAAAAAAAK8h5jxQSubVj4Cyu0kWopTAk51Ijby0bDktkUqhvcAeLtCB8HbtcNfmhA4WF6s9ib6b364c56uxXgdr4Tt6T1FzcDab9TgOqjMRY4YsM/GdFb9DyC/o2w44mzjEOG6YN+Nwqp+zOK5jqmjHgYooRMqt+XX+LPwo5yUWI2wZOdK+h1qndYqpjcPlIrP4w1PVpmRB0DwRJa+epSeRJj2RZSdxlqyYJqUUf83dhdXVwM5enQXM/sCVj6yTisFLvzgK4dlrT77zxtNPLI9vHF05STPItEvVtWDrJu410NgrTNmeZ53xmXc9/W1/5Fs+8HvfH7r9UoRxGH/rnz/38Z/5lec/+8J5R9nlEkqU2XSttpuDTH1UvnacTip2ZSXcyeKpuEhG9DnMT6uYAzmXPYImMZTbduxxc8VJlaDkztgc9f1vu/rklYW7HJuzs0/+9q997pO/kx5s9zVKGoFO799Ln9uvvPTFz/5u1/Xv+Pr3v/f3fHO/XF5m85NrR2/9uqc+89yXnPV48zGhfINGzuSInDLEZ62Jqqtyf3c6Kb9UnkJ1zBUrFHEpyZY3ZPk45nQSiyQl/TsSVwWgK7ssh4slgUeimfSMKPe/6aQBAAAAAAAAAAAAAAAAAAAAAI8T88WgLB4wmwtyrdKD2pfLyTUV5Kk6OPlzVP8CanMySj3aFkaa3oef6Q5oPk1NdszuCnOm+B6VepiagtvLJBqtMq61csmHGAYRnYzjWlcIOQnEYiOKz4lFheh+02fUcmyaN/C4jrxRrckZx7XjjWbojNmDRGuu9eAuOwPoyXNQiYK3tB3n9scGNSITt3X59dp4n3qCW5uT1phEzSjKCZX7mBUytqVmYNTbXlxGyv3Ps6sfDkXuyPWhX3b9ksK15fFbbzz51ieeOgmL49B3mk2kHgl5l562fEb2Qwd+lZ/v/uZ3/d4f+I53vP9t7iChC9/0+39P+nz+uS/+87/3S5/+tc+1S3nfnncVQIcVU9P2NaPKtuLLxuv4S6zDlz6N14TaQbPdRSw6kRKpY0KlbH7TCE3q5nt3W9KqeNfLqJ2ROuWiow++/aq7BHEcP/PJ3/7Ub/7qZrN2byaGYfPp3/mNL/zuc+/94De/670f8OFiS5hnv+7pT3/qy2kMzBKyIj3LAjRxGollxLcO4Bv1SR5+ateMag3F0x8G72rHVaEIi4CEomrY2AJ3snpE/zhkEYv93UgHjTrhY8n1MTsulerZEKcKw0s9PgAAAAAAAAAAAAAAAAAAAACA1xTLjvGl7O6ZJ8ECl2LkFrtykO0Vmmkz/LAX17mJ4yB38Wvq9MABClw+tmEs5+DycXkcxeBklHAcYUhF8hCCfavrR73kXFXPFVZxNxnjmCrsm3FMnzXzwDErThwPeiyet4Gf2iA3qzlimA7E17ybZsPqFHBxOZV2L52mRUVoolIS1ahQ9npxarUyaVO4tbupe+AsSQm+7qdclZqr8DCm+UdHy6v96smTa9ePrzx95fqVxfGx73vyJZ+psbrYd7tp+6wvuMR0Nr//T3zXR/7Yt12i70y8431ve8ePvu0X/r8f/9jf/oUc8LKz8y3dw+VFHo3fSS7eW/f+WnE6qWKuqMEq0fyEsn5rKwCKqMldksc97lqblL1OA8EFh2f3e95+dREufh6GzfrjP/9zLz3/ZfdmZbNZ/9av/NJLLzz/LR/5/V1/gTFM33fveu9bn/vtL5qwRD16SsiRF80Ksxe1CHnO/j8qFhF00KAsT2SyD2m/oPI8UI7isW7jTXHCbOldOY6HePr7kofCEpSW45tMrFckT1QkLE5Fb49ZjAUAAAAAAAAAAAAAAAAAAAAAECTiQP61UIt51s2u5IPbsvp5upPG72TPz3NP5FKOJufB84kqPbHX6e2d+qguJ0MchzGK7iR9nNRe+07zWUqpvOxBKuqaM5FWk0L7qHqVtOFGd7KJojVZOzeK6ETVJEXt4llf+Z9Sbyin7rTnOZnH5OvNsTbZTuL8cmrWhzTRElQlHa3NiRZ7c66POgT46lDgYo4RqsKiUk7OrgKNTqS9E55kJ4Gpk39p6f3TR1efvv7k09duXF0dX10eL1wqV5OPbIYX5oVQTFP231PaO7mP4xsnP/Bnvu9CgxN3zmE+8se+7W3vfevf+7/8w7uv3GuXvEq5iRFdc5HaeF8LohPWLKVqamJzxCnITZcq/wbn9pgdzWQlu6FZeWqPzclszqKnb3jrxTYnd2/f/KWP/dy9O7fcm57nv/i5f/ozf//bvvtfObl24/Ca73z3M5/97IvrzWBjiaaTSfv7MrJH+3b2d8L0IjZckI1UWXSi30NWF5pwzpQhxN5nOyVPZjI1yU3a9LA8PuYdeB9yYJMejdRGyqQozsZTR9UcBQAAAAAAAAAAAAAAAAAAAADwWKHJ2qP9boMUWrgUEw/qTtyktKi/rWZ4nkjlXMXJVljHvs1dcybZT0XVM5TDGOTnaME6w7A2twai9OGu6/pFF6TEmbUm3Dg7yFap1C5hOiY0GTkLVtKyDYviJJLLihM3E5e4LfXCnkvgvEZZlH8VZc+hhnVTWg2XaYufKFFIbJYkk8ylBuRko5XpiFUO0uQpFfGKpmBsXQj35I/7xcp3V/vlW594+i3Xnrx+cuWoXy7DsnPii5AjMlwjqzlfdHIBpRGObxz/yb/0Pz65fuxeBe94/9v+p3/p3/hv/vp/d+dm1p20F/dqStjeZ92SJDTZHPfVi+m0psAqNrWAWps0a1DRO6nAyHtRGmXnC6qiqtkDbPIVx/Wx5OKdEs03RW2RuP28/YlVFy7oOuuz01/62M9CcVK5e+fWxz/2c+vT+4dXCyE89ZZr2uJUP/IIe7JbyORj+kl+jCTpYc4NTOkzaibOSPqRVDEZCNOaY/p4H718j57S/DENtF7G2ihCk5B2lTqKKFFkt6TfXqVNXgV31qUkVUe6A9Wz0lFF1nfqmEKiaxEJHOJ1AAAAAAAAAAAAAAAAAAAAAHj88FRCNuMCspCVVvPAks2SCnxhUhIcEoKkivKYq8tWsI7RtSVsqSzHnW34ot0eOB7X3ZaqdipaRq1SWiYIi8HJuI5RcnBCkDp4r3gpetaTsVqrFb4HCdDhM+a01dk4nKbPMNwfhzXHNGeT664u181LZETzbdVRcvuCcHj6NzeM12JrLNeS9Stxh/mF589WUzRaE58dTUxuwvvFEF6cDNTFhHxIX+SnK7H9SEk4aqqOiE6uLo7ecv2Jtz35lrdef/KJoyvXlsfH3WIh21Jo3S5yNZlKz7rws4Md2vsf+NPfEd7SjQAAEABJREFU9yoVJ0bayQ/86T9i0pAqEOJLK074nI8v1A681+lkpyPMnIXqIVq2n5Mi53kYicweu6GdGWShKa4RbOmTZa4n2qO8eVvsfWKpsfiZyU2iPSetu0nNnGpPhfPRy/m986mVO0h6JD7+T/7RvTt3HGi4e/f2x3/+H3/kD32fP6jMeOYt1z/zhZddfhjyQGEyxGxhYl5R4jyS+iJnu5GSosNF4SZakKARXlWYJG4oXuN1nI4tOqhRHfnMByn7nuRjFpUcZysnKlo6Zz4spusyaWFsDwUAAAAAAAAAAAAAAAAAAAAAeKyQq7KEMmePT0EpOO53JbH6JJWgBHUZyRVlbve4pWehJpdjnx2Iai+yCEadROZ1c85l7JhFDrmWGU3BYFYlOR8nDi6/SS9fwQfvgySDtCVvEaCkdaKG5gwursfhjEdJ5InDehjHNKHnOOrFxlQ0VRGI7FCOHrVOuq0TiPmyp2rr7DKt4Mq8e2lWkqV2fto2jrkaSzm8hsmXEm0J1mmL/Sa7sWPG3Kal2UVHQjUoRbeKXgvE0U3NImKUtMJIgd0q9Nf98qnllaeObzxxcu3G0ZUri2VPXYhe43vMcYasdSa9SW6Ch+S7//XvevvDpers4x3vf9sf+BPf+Y//P79QdDiH2FvX3pVHeC2FZ9cgFSJdEK9TLXFUd/JAtfPWm6ju7ZJ72L0H230ujwRZTqMPVSynWp9cns5ja9fWANkbpdj1sInAVCBy3vGr+ocbLVbqU89eP3IH+fTv/PorL7/gwA6vvPR8apyv/8CHDqzz5I0r6clND23Mw5bk4JS7Zho8FfLpc5JHsNz9yq2cdFt677Lrk2mxguX1VB2ajAlbA10e54o2Rfc47+HZuUp7n3c1DixrAwEAAAAAAAAAAAAAAAAAAAAAjxnK+TZTBbn6L+wVgrQykXYvtmlTPWQ1DtESZJvCkwvzNcLl/H1abXE6EVFcuLm9QnH1aGQAuTrKkoajiTpqWGInI4ES5ZJJRCfzaBvL9mB5o38jvibr+8PmNO0ofWLUqB054GjpDi4n+BQRCW/F1mxdSJM2Q7mR1TFi8oxwbo/uZMenQA0DikqomaP1XCo6htzgWTKhohhnFhZVNGSuJ+pMofkoZopS1DGl3dWuYOTOUe+6VdfdWB0/c+WJZ64/eePqtSur45N+1YfQmSyoUZhw/c4GGe4BLWym/vR13/Su7/z+bz2w6unds89/4otf+J0vfenTz1976uqz73nmnd/wtqfe8eSBTT7y/d/22d/+0u/++ucOrNOqIbidsb2CrVQ8TkqP2hWdtA8Y7fw04vwB4NczpscK+1XHpcKRSSMyf9qlx7T5O3WJbRLV2ijypKWaer3twDdHnXmbcJE1yG6euXES/KGOsz69/6nf+nUHzuFTv/Vrb3/3+5erc91ifPBXb1x98ZbFTZnfUB6s1VpER1NfbJeaDal2AMo6Nlcee9tP1Rw6qo+QMPWWadSbSRd3zpHtCWEufVR3L0K6BxxUAAAAAAAAAAAAAAAAAAAAAACPnBxgQtXros68LHtNFnI2h3lszMuK55zDfryfipY1TWGr2M01kMZqmxavk44rSpGojguj1bir5YZJLOxE8xw7Scv94WEcN8Pp6dnZvTiuWWQrkYqzSK6BTgkyNRWi7MtdaFzRKl1c0YHs5g25enWzNnGulQLplTQiBp4kPn4q4VpeBfvqa8LFmiMLVshTNxWKI5t+JDitN4+xD/3V1fGNo5Onrlx/5ur161euXj25svTLYP2nnCrl3asqgbODB4kxjPl/5G93adeTtLuP/MC3H1j9i5/80t/5Gz+9vrfOP5/78m/9s0+kSvof/p/8gQ99zwcP7Pe7fuDbfvfXP3c4b+ai+9jucHqI7Hu/08m+i28r7lT7dmP28ACn8aDsv/6qODnHQGVLpJYdiObUB6LIkOzHnlPY7voqeLDJp64s3EE+8Ru/MgwbB85hGIbnfuNfftO3f9eBda7fOPrK3VOdJLMpcvWe6lzO+hJfhEPaR6IzhyWu8930bTtrRsVMzQ+bRrBL9W7KAxxVO6vo6NKjCAAAAAAAAAAAAAAAAAAAAADgNYYeeQGvyEGaGdyKJZgvJTww3wRqyvninzCXYVi2Tnnvnm2FKGE60eX6pq86ECKaV/lNjOFMnuLchuMwjutxc7rZ3EvfjgeRrUhWjETyZHmJozjzweBab22FJJeh5BDtW1LOkVptQJYhNDPYzaKLcivPrlOcJTRnx7wIfF6q6TxiuCIN5HKEhh3RB91zSEsj9WFxfXX89JUnnrp648mr16+tjlYaqZNawQIvcqwGlfAgmfQmQNFWredl/5x/sTsqiKff9dTb3/esO4fP/Mbn/u5P/IPNmagOfPBv/fq3PP/ZF9PPOMZ/+P/4H4bN+G3f+83nbfuO9z37zLue/MpnXmpnbtfNL03bRY0D8To0n976WRVVrpGevFa6k5mtSu5V6vWzm4Nj6++7e1x8USbFSV7Z103ssd3ZOpp6YGdm5mjRu/PZbNaf/93nHDjIFz793Dd86Nv6/lz5zsnxaqx+SnLLoskQi6OSzmdZQf1GihmSF3mec5OhiWnK2gFqZ6SugiQLzLHOfcm+TdPjqXo29apyAAAAAAAAAAAAAAAAAAAAAIDHS3E6ca+KtrI4GTRsHSWvSHOLBPegR9LqdTvHSvPZRSNui11SYVKrk8Q5usQsWLIlB2mBmzU/h3nD41kcz4bNehxP47h2PMgKFKm8mU8lg4QmX5P2Mt3DwTyZC5SJKfmHL2GcQu20bmr2A7UKrHValZOYJMRyNFoHGvGGIVcsYSg6PzLFuAz9tdXx09duPHPlyaeu3bguBiddSO2aVtAKtLQtFx8LbVoudizmlzGTnJzbAuX8S/+xGd/6vd9yYKv/4f/9T4ezTVr767/tPX/0f/Y9qyurzdnws//Pf/IbH/vttPSX/9GvHRCdJL7tX/3QT/9XP5dPoPk+TPWOKVY0+1er9XCqN4hN8bO1M6bp42wF+8i0uO/wZc7qwcmCgenJdDzppnyO3Mr4glP5iFOFSfqMYxyHMX3MVYi5pl95ovmVEheJQNTkllE/UYVOcf6ZuLIMB67gpee/ZE5K4ADpxqSGOrDCyapz6d74wOkjY0OgEOxb5wT1MtE5Psia5Dl9vIo+yEYSny2XtOtqp/X6cVs6JKOqlFwNXzqMPApRJHCUH5U06HSd68Or/MMFAAAAAAAAAAAAAAAAAAAAAHj1UCktu4fI1qls1RZnsg9KxcpuJxbmwgNJMbqcVdTa6RDjqHuO1HxcLl+mKvioIocolWhVtxTFidRH0zmQJMgEqahL4TJ6ipL8Ip4oa46n42Af0Z1opM4YVMdSi+9aao9WbldzD34VJU92U3zFrE22PDNoD37+UzUNXD553/LtNY6CioOJihhMACHNMe1cN/Ile0gbnkOk3oWlC9dXV996/em3XH36iePrVxfHR673UXwGvLkNSMO7emdFaJJu0jgOm2FzdnZ2/3R9elYv7sBnuhg3ubYsjxbf8JH3ndeCt16489IXXtEkm/A9/8bvW11ZpZn9svt9f/w71AKBXvnK7ZvP33bn843f9f7l8YIvoTgpoU1Zm2EZHzNjG6Kt/tzt+Lds9RZqGsVlx4i59qbgHyj0pzEaoe2ZM9+J7fVtukiVpjtKtg5T5Kwriflk7XGLlpayc7iZoVA9g/nh+bBq5Gh5wDDGvfjlQ1oK4/r16z/6ox/9/u/7o1/+8pf//F/4t55//nn35iM11Fvf/nXnLV0temfDQemnORCJy8TUV83IyEYumu5y+dnc5Ox9MgXs6LKsbXKtCPG88yqCFB0f2ExXPNsY53NU2GujxwIAAAAAAAAAAAAAAAAAAAAAXJ55zY8u/HmRJIUnj45DNirnKU64ViWbCrYropam0D/lN2SRRUn4UEmKrUSleK7+EWbrIFXOqKXQUcqhUkZXicQwxHETB3E3YXU+sdCYqhbIhVd1U3EXUf1Kzlu+b2ajPWiaiGMr37ECbBaIlNNiC8NwOzqG2c5zIZjsX63dFpmJGaDoeauIhAOL4uTq6uj66vip608+cXL1+tHVk7A46hbeXA1YnA881TMSF5X0WzUIMTWlphKJ+4UnT64/vza8a4pTG9A98ewToTs3QWPcDDbxjd/9DdefuVrnL1Z9rXQfNglJO3/irde/+KnnL7hP+7xGLpSq7KolaD5tP31z491cqDFNH6zNXxY+R3HCfK7RhFmbmMZGVpQbGssJ1c0PtJ5XUxP5QbMDx8lg5eAdWvWHRCe3X3nJXcR/+p/+H77lQx9KE+9973t/8id+/M/+4A+9CXUnhxvqaBHqUKDjSjVxsjtoUTumMzL/IpXtbRlOsUvPe8kzsxFYJne8p3b7udt6iGxMt9EvzyrKOopZWEfRRnn43AAAAAAAAAAAAAAAAAAAAADw+Nky1ThvqTsoo7AslVpwzNkapoXQkvVciWK7ah0ZLH6klZW0tXgrZo7OtWYpOaPBAkr0d8wHy9fC80sLZqxgL86LsmQUfck4bjab9bDZxGHM1im5Ji6FTo5+5yRNwHJhvZP2ChJo8hGYrmRbptN6ZDSt5M1noDpQcK7+b0l76MAplVJuZPZ6o9JUdjvR1BQvvjThpF9eWRw/dXL1mWtPPHFy43ixOOlXS993otjhLgsOpvMqBieiSRiVYdikFUIIXdetszJl+7xyItK+LmXzrz191Z3PE2+78cd/6Pue/9yL3/6HP9Ts1P3cf/tPTehwcv34xlsO7SFx/enrX/jUtgih9LlD/iK8fcLbVzepJVKrzhf5/fs4l62eRDsbx2b+QQeh3fbmrYCo6eFKi9J9dC47mpjkhCclljf9QYni2XNiOhy4+c9GrEOmk5rcYpo1nbXS8nzNUWJ9duouwhQnxtvf/rYf/7G/8UM//NE3m+7kcEMtwlYWUk2Oam+eq+YlRReo8qPYyJdkBCmaJNuN+FDlpXVH2/1zklfl0b9oXFwdY8kCwfSvhmb5xGBPxWWfIAAAAAAAAAAAAAAAAAAAAADAa0UrNKFLuJjwgUU8vdM+JXP40KxUFBVae1bHkS2aImPe7WhCFk3MYUfTS/O2yOWDjvUEiiZjR0OjtXOikSyPZ1zHccNxM2w2Y/oMwzjGPpgUhvXNeq+nbEerNVk1C8nlcndRc3nd1a504cCm20V2cQqZa1OKu4h+e9X17LstxLUsO9lS5AaRE6MY5WAaUkFeU3h4dL33V4+Ob6yu3Dg+efLk+vXjq1cWRwvf9a4L4m8gu/XeZ/cK9ToROYL4xAisASwar7NZLVdHq6NFv1i7jdtHiXNy80abll576gLJyHs//O70mbaN/NP/1c/95j/9hF6z+6P/8+9xF3H96Suzo++cxpQOcs4ebP6obdqu5F2t0M+YW35cTH5mmB9piZ1oqxd6wxRE2ldMO5RupHzS46H3mLPuJHcqb+FMXC7Os+AAABAASURBVORYls5TpGPn+yaVAKh9rVCCgJgvuuCz0/vuIv7W3/pv25/vfOc7f/zH/sYzzzzj3kxc2FAmhasfuzu89yNfqROM9q8lnznLXSq3ruyVm/23AVq7tJ1hsrTKG/iscSMNDPPEgVRmaBpDAAAAAAAAAAAAAAAAAAAAAMBj5fKKkz1YEVITVbhQlli6gmu1IOfXHKeTyZkyUsS0TxWymGVKdTeJru5dHVDazbcmdDptMhCNOrGJw/1hc399dnd9dm+zuZ8q62knan8SVd2SX9cvKo156dzvv4TziujnVc4vbu9cuK/rZzHN9h5pr0VNzctoHVBMHpD34e3jXGAK7Dvnl767sTx+65Un3nL1xtNH1546vvbE8niZFkXyolChjrpFt3Sp6kve+5A+LHYYok1YbzZnZ2fjMEqozjB2oesXi9Vyteh79yC013HY6WSLdOv+3n/xM7/1zz5he/kjf/IPfv2H3nXhVtefvjbtwb6tuO62P4cObc+BCaMK1emklRHRTsjOJaHid3JBlb0Valz8SDf5UZz1IiIoiPa/4qYHO7pG99TIVrIBRu6Xhw4aD7RnM3bQJVvGsn4O85//n/7P7/n69/zej3ykznnnO9/5Uz/5E3/mz/7gm8fv5MKGaq2oeBLG5UE8948qe8pDsHNVhsiU1W05Tcl0gtsKu5KbQ3uO30xvidGyPZMMQNoz1FBF/onxfOctAAAAAAAAAAAAAAAAAAAAAMDrBzU1vxwrM1s4XzmLQrgpr6v5R+MyctHxDq1TVCZxx+aAc3BOrYSqXYnuj4vxx+wk5wc1KclIopG4v17f3azvc9zEMY6DuVRQ8V9wk+GKVjztrfrZGe69hP3qEiugx72rq5nKxXXzelzLM5miTLhUht3sqnPaDhX7CbupWW6SLob0akmUI6I7oZ58H7pl1y9D9/Tx1SdPrt84vnr96OS4W6oqxS9Cv+iXXQgmW8kX6uVkUgMOw8CWyxPCcrFMSzZuvVz2y+UqzWnuxWWEBNys9mAF5V/8B//yE7/4Kdk++O//X/yhb/yu911+2yo3cds+Dbx3zT1blf7qyxpejW78+Qekc0/mVZfSW/1XS1EnTV5A9RmOwzhsBv2Y7c9oipN2w0lxUmY2+8yzLnEy825bttzZ7vzWexDW6/W//W//Ox//+C+3M9/2tmd/6id/4s3md3KI1G3TEDl93PSkk6WkqbuJKx9RfsinONaM+okWsdM8Do4v9uepfcxZIlp2N9FvMcqimLppSI9T+kSL/Cm6k0dp/gMAAAAAAAAAAAAAAAAAAAAAeBgu77XAM5XJvl1tF6bn2o9Ugid/nuJEVSajOabYd11QHU3a03DmKyHYypH2UY1SYqqhj6fjcG+zvrM+vbtZ3xvj2gwdyilo1IyumvatQSKDfZx8RsmekUyJUV7F91RST2aX786HmvbZbsZqrHERojuptjFNU+7eGmv+JmRI6rckOhEJNUrfgXwXwiL0q7BY9UfXjq8+de3JZ28888y1J566cv2pk2tXl0dLCotIx93iqF8su967YFYDFLzsKcbT9dm9s7P7Z5vUiovF6uTkypWTK8fL1cnR0dHqeJU28sHTAykHZoKnWy/evtxW0gL/7L//ZZMk/Wv/y3/18oqTmy/cyt4bjcaEd8Ql3Mzc64DCO1x42XzO4Xb3XT9kHWDn0+gzTClgtkDmFTSKPEA0R6qecqVqz+pmIqup8MoUJ5tNmhrHIUbTFShbPTv3M3lI4pSk4/YoTtQ1JZ+i7tH6p99qv/yAqyzMvDDyDXlEioL1ev3n/8K/+au/+mvtTOhOWlR/Vm/ITBOkoyFblI11J8sy0wXFGCdbXUXK3cuVbmHpYrGal1AbvzQ53+gGs/ErxzylrQObx0nUgdMSvKYnwgEAAAAAAAAAAAAAAAAAAAAAHiu55lfqfVpLpKJtaCUftZJdPhNWIfRuEmLkD7tJhrKnJF0L6PreuhYtVQWSa8/RZb8Tq3fqUt5VZ1hx0rdnpLu1ynVUO5PTcXPn7PTm+v7Ns9PbojgZN1IqteJ6jPld/RLoU9/XlxQfK6OStZUVUu20rZXk1Xt7B19L/8HxHocLWVrtWXhSGqh9QFNBbYuxsbZ3oyYpNd4hCwQ2qhQYx1KLFVVKthqgoC3u1T0gsPeRQnQ+apiOBOWEhe+W/WLVL68sV0+srjx9cu0tV248dXT9xurKUdfTGNOuFl2/6BedD9ohJIEoqHAo1aHX67P16elmfebi2InHyeJodbRaCKvVqu+6yVTjYXvmrRfuXHLltOb6dJMm3vKepz/wkfe6S/PKC3es2Xd1JPWGOLd36Vx9UvKgYvl0h4w6plaJsyZit8/ppWnG+SnR1qZmqpMDUfJz5azPqvONyEQo7yPWM2UuMTq2fyo5OaYRqKk6tHWWNmBk76P58517NRdJlwheqJzYfF15UE2xYGtSOQKrzcWj4ezs7Ef/3J//8R/7mx/84AfqTNOdvKlyds5DbZB8CUhyOScqTh1S9CQ68qm+RPtW8eMp4qQpfSeP9zR1pTKe1SeidowS7TQzqnJ51OVipKL6lTyw6SnpQelRyZIAAAAAAAAAAAAAAAAAAAAAAA8Pl7QW8yAowQqlwszN9x5KrdBPARtWvnTZY8PNEzlmaDW7Eb2w+oi4bHVgRfDsVkKTMKOIY0otnu1YeW2iogyRKX1Hfx2H083m3jDeE28GKa+PZSdsHiD5Jf582cRWFs+l09wCRTVihfS2BE88SQKyvmYuURBnlHJApsZGIM4lDPli2JVkHNu9LzoVyqeh6hJbwZOV582DRGu6XHNJ2Lvg1ZPCR+fzXXHe+9B1i77vKPQ+HIX+ieMrT1+9fnVxdBz6I9f1qa47RC9WKH2XVus6l/fmsjIojuvN2en6dBzGtHi5WB6tVl0IwcupekXWb66h+T4Mt+KhWy/ecpfj6GQZOj9s4vs+/G73ILz8/M29Xfxwv+edb5+zjLh+d+4y8IMuoKlNqfQL63STCoA5PwCzOeY3kh80dadISya5STlvmrQsOZ6pOlU0Z1XcebIUYecsiauSQDsr6cPhNRBLj0I0XY49qxSnR0YTVh5esLSP+/fv/8hHf/Qnf+LH3//+yQYHupOJfPMtO01HwawEzJ3DWQ+JZQ1XJE1ZhGgiM26lSVkyQucez/ZhG+bZ9geEs+4kj8LWpeso7TQAKPKengcAAAAAAAAAAAAAAAAAAAAAeL2JjYTCNCK7Vgt7YD6gRKm72jrQ1nrOcevaICXxctBYD1P0I7moGa36WdexArsstDJoPajXZcM4nG3Wp+N4ZtYpk/mCKGW8nQZHV4qmnrWYz2W/Jc2mZn0USU2+wqy54VZckXbsxi1lQqmrVmlCNIcYV9rAU15d5nEjaZECrDSONmdIi8Y4aNyEblIyKDRjRWu1lmCiFXtRn0QKRCH4YHeFXRdCHzoJvnG06vprq+Mnrly7cXL1yPcL5wOTxldwt+gWi75P82o1WFshLT07Pd0Mm/TjaLU6Wh2ntURmQt6X1WTNOJYb+AB1YeaZuOHlL90ahxi6iwN6FseLP/HRP/b8Z1/68Pd80F2atPMXv3zTuW3/ElcL6jvzz4O34p8uKzrZ2U/+99w6PdeHxmUFU/sQseVFUTGQsPnVy8RltYkZnGzvnVqxSTkibV15WYVmG27viqdWVKXLdF1ZrGAKhypvY+eK1IqKIVA8HFj1ENy9e/eHf+SjP/Y3/wZ0J/swlV5kc4liJxlj+V4UdYlpULIekGddoxVANcNXXTRJoPLtt7lUVI5lgzHNi5ZCNm2TJsdoY2c+QGTedtwCAAAAAAAAAAAAAAAAAAAAADwOaG9GQRN3oLU9KhkYppOY1suajO3qcH29/UDh2NwQ1HBBshc0tyE6nqrqpaQ+nQzvq5Q78WtgtdaQBJHq65AmxuFs2IjixPJnYkmzMRuIur8sWpHpQFZOLauVaAir4wepdqpGR47F2cTFBDFt4+nqkU3PktvDJkIxO7FYoKkxqbkyylVaVy+KsiWEuFn0vkt783aGWVYgTRdYw3REmSIBOqZB8Z46puCDGJz40HmvBie+82JzcmV1dP3o5OrqeOn7vImjTtYT1LBEnFGs3VK5eRyH9WZzev9+WuHo6PhoddT3vS9diKZYDXfu/boEdZuz++vf+YVPfvC733+Zrb7uA+9IH/cg/Po/+8TpvfXWcXmanE+dQ96qWtmUiYcSndAlZnL9p2leLoYTTWFfwnSKEUW5hTpHH4Rp9/Nkk7l+SjpjsTFidznvkapSKOdhEgO22JR86MlHyJuviQmwzGkln9OjFp0kbt269dEf/XM/8eN/8z3veU+dabqTP/Wn/8yLL77o3pSQDEyxGuFYf9J7lzV6Odus0aDQzO7JlItZgtfsOFLVnOTFsREbTsKprFFU0Zx8st1UkZWoDkbTdthnoxVGuA4AAAAAAAAAAAAAAAAAAAAAbyh21CGzil6sxcdGAqLscaHgEgLj/XlLncshHllxIhXPSZ/hakndNC5z6xXTubjG1KRcgmk71Eckpor7uBk294bNaRzP2I2S3VMLppqqM7lK6FG06O2LcoIbg4/2KmrqB5EvE9MZ5sJp1qjwFH1SG8pTDh6aRUqobmOq7Yt3Somr4LEGnthOzeYkNTDF6Eo9P5142iRwziUJWsUPgTrnO/J9muHTRxUnRMvQnyxXx/3q5OjoZLE8CYulD70Li7RF2jYEycpxwU40TcZxHIdBfGMS63UXusViebRcmceJOiPMFScPrjWZqtBuNvHLP/trlxSd/NLP/NrvfPxTH/y93/Dh7/mAuxy/8A9/dTqB5tvtTO9la4XW7MSJ08llG2HvevGcdYvnhKuqKMWkUeyqNYVJTKrHSc1A2RIC7VN3cE7GcpHncVDtljOV1azZLJCHHc00OC6LCFyOkWILTXHqkWOiKLKHyvugz5F/5E4nxiuvvPKDP/QjP/WTP/51X/d1debb3vbsX/yL/5t/99/9S+5NCavBiaSbsd33qBKUWEdMMziZb9SKy+Tbm0lTu9vJlcdWj3qAaqhDJUhs1DGYVHGSvW5qNJTlnXnOoiVTw6imzzFHBwAAAAAAAAAAAAAAAAAAAAB4/GgpWAwybIJamxPn9vtV5Lfd97MbrLOnmm9JH8xVX1IMEqipVfKsuj29I09ttbEkx5CKTmhwMarHydk4rIdhzXFNFE2U4qkqPlwRgpDLs013UuxbZodtfqSaeDNfztBX3UmWoRSfFC7nR6bCcdXhQbNxOIfs1HWmo9azpNICIjfRiZ6sJit6D+IS1sPs1elEpCcqqUnTPXVBvsXaRNxPZJp65690yxurkyur4+PFovNh5bsldbJaFwKJ4kSzcogkNSdrZcZxjJshTSz6xXK5SCvJuprB4YtrTMlVyn3IbTfg3t5iHaz5MZ944XMvfeG5L7/9fW91B/nSp5//2b/182ni87/z5Xe+/9knn71tylRDAAAQAElEQVTuLuKzn/jSlz/3kntwucnuSbbPx0M7nfC5T1PjHNJMxKnTmTCE42S3EjPF46Q+r5x7VembRE2na57p8/QejWDETaqXpgEmPwxNaVLxQrU2yUYs+sx40ofOkp7Ug0fneFNNOX1CXhPRiVPdyV/+y//+f/1f/5ftzO/49m93b1YkVafYnGg2Fs+NT0SIMqUv5Z43e0ymobnNyskyuvqQs42Epm3JnjYqHPEue5yksdtPesKY98c69kVdx2UJTGQmdgAAAAAAAAAAAAAAAAAAAACAx0+10SjwrIi8vXajLmirkHX5NIutjEg54WO2R6loWmIDc4mSMX+D6RyKHoUnQQdnpxPnXImWMcsEPdDo1NEkjutRFSfMA/mY1xljUXFkUUTwvpTZve3Ka3aDlxAQ4ilnpBZNad44XBpEz3HuvCKv4nNuCLvEvFZu6XrpPJObxOlazflhHNkXc5Xooig8+uBFgMIhcvaN4JF0w6C5FOpS4sXsJE0ypY/nLArpnL+yWN1YnVxfHh/3y6Xv0qIlhVUq+jsva2rwUDC9SQ5ViloKjuMw9IvF0dHRYtHNbzvXjJk8mxxfthxMjb5oalPXNPG/+Pu//PYf+WOHBQj375zW9e/dvf+ku0h0wu5jf/eXXO1P02x3nuZk98SK64h9q79HnLRQ3aUkE7wztdVypbPMn8nYij3sUYrDyBahM4628jiMpW9RuUHa2/T+7Dk7lRkVzVVsuns23alWPHYguWCO9dzrg1/7DBcpl/rveEvREYMg/WmRT3pQyhYnnXyxuqSY+c9rxDPPPPOf/Cd/fWvmP/nYx9ybFS4SJUvRshuce/O5j/I0+ufeGHfUhXXM1uC06u5kA5qXkLA8XJD5l0h6jqxtP5uOpQ4oRc5ni4Jjfu26CAAAAAAAAAAAAAAAAAAAAADgQdDaYGx1JKXOXUQeRE3V22/rTKalvtmhcznvJtceGx2JFMm9lSlN0WFl5iLcEO2Evs3u685aqUtzaD3DqO/Mp12lavtm2JwNm/U4DGrPMaRDWKCNo+zbIWVwIeQSfH59XrMbJGBC3Ue8M4OGSSsziU/i3LSDilsHtbO4tGcVJWgN17fb+rmfhLWpFmT1qFrZT0V4VctIu4nQxPv7Z0PnXUekr/pLNTbQ7I5ITobIEiSoJJAqSNJ2jhahP1ksr69Orq+OroTFivqewqLvFv1y2YnhRJUoBDU7MZuMzTDEcQzsuuVyuVh0lE7Ible95uyd4VytM1/KOOSAwUn789O//vl/8f/7l9/5/R925/Oeb3rnBz7y3ud+5bPp+53ve9ZdxM//9C8/9+ufd5c4z8tciHNTpE0Qnc95TidNZlOZFS84YhE2VUlH2jR1adYAqWJFoZquYXTqARHLQ1X3NXn7EO06mdBMLURZR5IDe9pzaiRXZtMTzQwjmjrBdi3dTgOaSLKczLZE8nMop+cEMzjRTCtvK9teLXcqP4SmkrmMaufBeeaZZ378x/7G29/+9nbm3bv3/m//xf/dvVkRxRLbrRRJkT77szydrFWqP7e1KJzH+q1nhFWrlJea9k/EdMFsTnT8UguTqHuPoiwR9Zxq86oKrThPmZTNx2zulEddAAAAAAAAAAAAAAAAAAAAAMBjZV7X5Vo0nGxGXE1+yeXqrUJfUXL4echI2X+WlDCXJB1bTtkWYpJ0ZGlIPTFzTOC8cj1bMisULY6aTUjxDBk5bsbxbLM+G4eN7TkVvXMKibiYBMuKKdqV2ana6YlyxUWeXeF20IiWPr07SI68Kac8HaVKWHT+GMfp8q21pAibWyJrc6zeq7sMJFdNUbYbneTpdEQ9+ZFHyUYqvi05giJflUx4CksfriyPbxxfubY8vhL6zlHPfkHdMixXYalZObKlD2QOFiMPPKqFhooZOi/ylESOajFrF7sZTQzKpcw9turSZdPWZWRL6vGxv/OLz379W97x/nPVJKmN/vif+t50suQvPoXPfuJL/+jv/At3vthlayafM3/nJCaDEBJTmT1rcmmtrAZp+6ErV+IaNx2bsgQjezxi8TWRxCP5zgYVjne7avvc5gNyUUnlfmUyEV9XrEZD9fi632LhUp460SS5aBKXmBVhujsKPvWuru9Dp6ITs8zRtCaNoSoTNLUCm/5Au73KT/z2aT86nnnmmZ/6yZ9429tmPenWrVsf/eif++SnPuXerGSbE/sDQCVniXJ3ob1PVRnLTLundiV1nHPTojwlX6Y40RgwVd9FkZh4Es2g/o1wVQHozCgnbzlJnkLMeidXoqQcAAAAAAAAAAAAAAAAAAAAAOCNRCnl7anlmSlIce/IK/icULMtGZnvsZbFY4mUMWeEWO0MaLs+brXuKWGDClqCHHNl3l7NN10LD6o4OR2Hs1wW13J98GZZotVuk7Lo/id3hpx943JeiO61uWSruzY/Zb3Rna87oeb/OsPl4myTJtTqWUzJ0hb8a902RkfZ0GX0Uv3n9K/YTEi+hLpFxE4FIOISkMqywbuie7CzT2t0PhwtVzeOrzxxfHUVui5SF13vu6Xve0m5EGsUNYAhEwhpRsuYGlSKwl4sUILPQgEqN9vNnVq2rpZ428PjHK3J9vSeRVJ/5v/+//qzf/Iv/usn14/c+VxGcXL35v2//VM/I1KNc47u9slNDtS2q5kIZzuIHC+0T3RCbs+Fl7ueLWK46JTytMRBWWcViUe6K5uNeJyMMT8CkaenpTXboeaYeW8sShGeHi0u2U6TUQ1LgBNXaYsGpsSsPxvL7qwnyJNPoVssTWIS8pVLXwkaluNZJF9GyCYrnPumI1/Oaij9vbixeCoN+og5T3Hygz/4w29mxYmTezzYBDWqE1dVH6bus/HE5EdFS1cea2LeoxijspPyp4NTn+ik64jPFY2jyNyYw0zuZN9sAzUV1SGr+5QMZ+VA7BiiEwAAAAAAAAAAAAAAAAAAAADegPBkcjDNJNqWUMyh7HXQRrwUMUg2ONH6teg5SmwCH9hfu2tHpeaphWjOkSMiZpGAkU12XxjPhnGtHidOszyIc4U7pCK4K9VSrvXKXN2M8up9lBwfnRUakQm3FfumZTzNA372ZaS4uSql7N4uiKk1oeCi4tDklKK/MUMRTzwONbImX5JGloTgAkcVzagXgapOgtb706JO/Gd870IfwpFfXFmeXF9deeLk2pXFiobYOV4u+qN+KTkoXRc0WCeoDsGSclJTpUNIko7n4EgsTkTMIsfVyvHF2g63T5XDB3/u6FIcN7Pu3rz/3/zHf/sH/tQfPuB3ciGf/cSX/vZP/cytV+61h9h7DpeRm7ToTbEbm+9sd+66sweLZ93MxCK5f1t4TUk9iVkIFIchxuxlUw8miiFVG5XnLp9TOeD8Klqbn8it6UrVsJTknsglc8UeQg3K0dgm6TS+67t+segWqZuForQqCTw2JmStic9LKB+rXDarioCLrwY1kUuX6mSXB4qTA6i0rcqUzFZHE8aijry+KoTmz0Xjh1M1QjSNc/LxeZfyy7PZnMQ0yvox8hiDuZ5QkZFQ+2+kom/RDsS+jtDlTwtEJwAAAAAAAAAAAAAAAAAAAAC8QdhNKtitXFtxuxSUW0sF2goDmRW7LfuGc9la64SxVsrzG+7Te+7ZSoStXGmZGzUHpD1aVN8UCYCJts9UkdcKadpMvBoopzXUCzTPBacxEqNdcTFT4OKzQEXXofoBOld4MFMNyJdvpus2vllFdj2l+2iTxOIN0G4lXiO1eG+Sma7L0hTSnBI9yyB+AeoRIEVY6h2pGYkUh3vvQydmE4H8wvWr0F9dnFxdHl9bHB0tFkF8JGjZy3yVm/guqEAlS3mYivmG11qzfLFLa/ZZ0+Cyt4bbUQvljrFPx9F8u3NkHDyfzTuz0vSdm/f+X//53/sDf+I7P/J9H35gSQK7j/30L//c3/lF9Tix3e8/hwvlJo0uoplZ42VK5+8anZHf3brU79maLEuq1NXEZCbjMIzDZkzdWqVao9hC6L40nYZ57mWiwTRFg6IzmzlVSUMirtJ19JbHMbsFlXQe6f3DUEwvsl0OLVZL6U6kHiYSsdSL8Y2G5jQGRGWbmT6NZqqa+sC7qQ0aOyMygUvxinHu0SXsPPvssz/+Y38TipNzmXsW5dtSuo/1JVtaJ6bBM4/sxTOnZIPJ4KVzcmCYzvEUZQxKd1nlh2qAo7KjqvPTY4gXVsxBPNn7xwZa+8vA6n4E0QkAAAAAAAAAAAAAAAAAAAAAbwxmtXPe1Z84Kq+rM9uERK7kRbnM7blIRaTgmD1F2DnzNdHIFotlcFlxork8XF6BL1EKpcxZi+BWMqccWyIeHF6OZT4MqWQ+uDjm81YtixTk1W+inJ4ve6t7HqoyRndV35m3LTSuRtJzZkXYeWtMLUZTLM52fZyyeEXtL/Ib/K66tTjV1FA5gSkXxnQFdh3aXJ0PeYfezplUaCI2J2oTQL00pescdZ4CqdlJSBO+837lF1cWJ1dWJ1cWqyO/6NPWA/catdOLU4Vf9YuqEdBTS3saq5DAAmO6rvMatyKRKOp14qZUljZyKJ//JCJw7TWdr+E45yfv2zzd93/83/3CZ37zi7/vj3/rO953WcuTz37iS//k7378k7/++QOCEt753l7hsJim8TixGZ251dhp131I6hN721mWqRSpThxFbCKhRhKgM6iNj5md2GNF9oBlt5B8VNvel15VRSaiXMmCD+l9EtEkQhNROukjUdJzhs2QRSf5BNOaHDrqFouuXwTVL3kffNeFzpRMqWPKg+MaIUKWAeiVNs1kehrKA0HOV7GGnLQqMXsk5cuROKySQMV7DYQenGefffanfvIn3vKWZ9qZUJxsMRMLsXaZcu/iOLpix5RlaS6HkMkcSXpiU6FQGUlNtuZTf4+mGVTFSRpcTFBiHxL5mh4lPRWxDPcx9Yls9GSHiPZ3xdtAbX44ps179AlMAAAAAAAAAAAAAAAAAAAAAIAHpFYQ88+pkG4V9EBmi5AjFGShKk5qlTkXuSlPZdMES8tIpXObHfW1djb7EK8znIU2EM/SNijHeGRdiFPJhubHmKZEq+WpKj+szzgO5nRi79XbJXhxAJFVvJSvnVXtx1QVlcJmrpOW6Bo3yk/1RqGQq94qYfHZ7qOtaLamKTOBya7GwtaiyefCCrDT5m5ytRhL+3H1e1GvE9lc4mwopHV8sPycXGb10QVmUZlo+V/cTdRzYuG9Skl4EfouhM53R/3RleXxSb866hbL0PvIy84v+0Vqo7TmquuDXGsq6opfTFRphCe7I95uoBq2lNwd9RfQc/PO7brdTFYI1n1m5gW7DbRvsiiAtpdx3nGe+enf+Pzv/sbnn3nXk9/xvd/8wY+8L3R+7yHGIf76P3/uF/7Br37pcy+1hzssc9leyvtX3prra5xOWaMj2r5GFW1lARVlFxkRT8VRfE2GzaBaE/mpEi22VqymPVmb0UqeXLEBMlORcgvcpAHSu6B3cXO7PwAAEABJREFUh8XCxEe1N9GTEVGLGAS5IuoS+5LQLft+uViuVtKzTGigz6r5mrii/mrPoxFi0ex2crPOBM2X8rwlc5OzO1+n9CBoqs6PbylObt669cM//NHLKE4+8IEP/LW/+r99z3ve4x6EX/zFX/rf//X/+NOf/rT7KmEmmOKa+xXbp6N46/DWU2lCFM8aoaTjhZmTyPjFZDNJQ8yk98S8PmXJSiSVJJLJqayjq2bRlCWTxZVtZbqTrH5keiRdBAAAAAAAAAAAAAAAAAAAAADwiGCuNfbWsyG/xk7zsAuzaShGF3UXJk6Ipa7NeyvHWnF3U/U5qxZctjiYAhyo6FeyfoFNQzKsN+s186BhNKIxcfaevZuUHZGtts6qlWFTw7CqKLgYT5TdxnLJ5M6P1HlAZhEjTUV+akOxi5gigKpBgLWzqROmRs+qAJOAcLQKb3AaqeOceJZ0XS9FXl76rvddmnO8OLqa/uuWR11/RH0vVii+D31H1IVONCii+qGtU6wnTeU2WfmZipMBZQnK1B+YD+lKqvLkgHhjRysxzeTyxXMFR/p85bMv/b3/8uf+wd/6+afeev3G09euP301fdL8my/cfuX52y+/cOulL988vbfmHVmJ23+UPSvsTdKp57RPNDHRxdHq6lT0RJSNd0Q2lTB9llr2iNBEPsxmDURV9lW6f2MrQvMnZJrrJpVTMUDJaiwTmMghnB5FnGq0k/jFYtX1XVj0mpvTiVJL7UZ8CC4LzULJMfEWlpVFUY5nR56fhi6fC1PyP36mPykNuFef9EgEBf/Wv/kX3vKWt7Rzbt++/cM//NHnnnvuMpv/B//BX3lQxUniO77j2//9v/KX/+wP/pD76oF2woym4bt4zugAat40PPlQOZP0iYTK4nJUM6emTHX8Uq0hmYKQ84DizDaFi5iuKKrIbFRUiULF7YY4R5+Z4kQlKVCcAAAAAAAAAAAAAAAAAAAAAPCGoNiEkONLVfHSylO6TtYk2IZRy9MjN7Sl4+KTQPW9+tYeI0/UWrutUzw1RDBidfO4SYwS+BDbSmnZr5qqSJqP1PWtNupMhVLkJjVeJx+QHrh6uVuf3bPOpIChUpf308Jc0PflHNo9WzNZqJDWbmuWjawYOye1XdGOeFUHeOrJd1GMT5a+X3ULz7H3i6ur46sSo9OtXJoVQqQ+KN6+sobEbhPNZSekHirObDaqsKicpIUrtY2wqzuZS4CmFdt1WoeTXb1Ba7GwtQk3OpX1vfUXP/X8Fz71/LSIt1fePpzbs8IFchM+dyfnIWlHNmVyE9FbMIuhyXo9rMdxGMRfplj05E5Qjjblzbii+mobQmd7P2VHqRogP1QSnKMfYi/WKXFQZYtmUo0x3fuu78WZpe/Tp1+pL07fhy6w6lScKmFijrghcyVyOUCrilqyDk0fcF8iliwoJ5Y7H5se72guubJFeiPH6RkuV1eTul493//939f+vHnr1g/90I988pOfvMy2qYXf9973uofiQx/65rR5jI8oIug1horgo2AeJ7EYzmTpicmPZGxSGV+O4BqdZ5EmybfjYOOU/pEoLjx2syWzhzU6R0KedM9kSkJ7bHWOtykxsGKKeR2ne1CFocaSSf+IuoevjuYFAAAAAAAAAAAAAAAAAAAA4GuYXBUtBeUiMOB9uorJjkBzaqY1RaDAo1W2zVTBmcijlMnFkkSqj5Lf0TpkbIkVcp4ONeYmeU095GhKkjFVGkPwpmjJbigs4gx7c15DfKSW7dygZXAreI6uXFrd6/zqyt4uiz+wrFFouMbgpFVpVC8Zdo2NBRUbi5xkIhX97ACQmtazfXzQ9Jbe+Y7EkaJn3zu3dN3ShW50R4ujk5Pjk+XRyou84Mj3nRMLi86nZvOLTn5myUtzjyZpS9ESeU1Vye4Deqq2Tpj8UfKWo2S2NJefbj9NF8yNrmNLdbJ7D+YTvGtw0uyId+dfpDjhg0vtkHtW3as12atWqXRdWOQuHlXEwfHs9GzciEvPOEg53+5sA1GNpvJZCVXWia1MKkussi+PHmOMrv5QowgNbxqzrYTqJ0IIi5PjfrHslwuv99Z3IfuadKF9PCyEyrABoqjE2n7MbspjyR9VrNQQoNJ13HlDyU6D8qGfD8fHfv7nf/93f7dNm8fJJRUnTgfHX/3VX/vWb/2we3Ce++Qnv1oUJ4qF52T1oc5Q5YiZkWi/zHIkC8HRaCgv03lChiQnuV8hh+ywt25UdHUyJrB55Uiel+jpOAepcVY8Zu2bt96UvUwox/dox9I/PBbQw49CkgQAAAAAAAAAAAAAAAAAAAAAeBRUp5Pzl2/ZWlS1RJaguGzZEEV8UJ1OYvbtqOYdJWlE95IP28o8qAndYZ6pYSRExxJzsibDa+ZDOmDMde9omwwiTnGjqkzs/Mayd9cmgsz1JdnBgd2rr2QerrBTM0H1Rf2qMci5KLnYaqfK5KpfAHWOepLPgryITsRcwC1Dt6Cw9GHh/arrbxxfWS2PFtR1zq98t3A+sEgM+rRa13VBFAadKhzE+kLDidKufSMsyNNzUUS5O9T2Bz6gDJhrOvh89Ya7hNzE7VOcTFoTN5OwHNCU7Nlbu4h3JtxD0p3dva/ePGpqMsqjIbszbRZrBX00N5vib2Mqk0lQEu3Jcu1jkykONKa8iir0KtIWp1qh9ICIuCTd7T4Euemd6k7sf29ZJroecc3UomxX4kXVJJILkyYVM5zQGhM1j+o0MXnmUD7JfS1DB8aaR64k+Kt/9T/8X/87/6vv/u7f9/GP//J/9p/9Hz/z2c8+0Ob/4X/0v/v3/tJf/I7v+PYH2uqTn/zkX/tr/5H7KkK9bGSijLc614QdKvLIuhB7MkjFJT5oxJeYjsiECyoNCWYdxdFb0o6N19Y3ogiwnHjbWF/P+3emYRQxip1LVq3p0qhHr4NHrIom9Tt5FLokAAAAAAAAAAAAAAAAAAAAAMCjZjK9mGrAtLO0lR1EFZFMwTrqdMKtd0ZRnEzVyxyuUBQpzfG5ujZYCIlUMeOYC45qxJFq+SIrcaNVxsvb9GnlkURlItVNKn4jnEuTYX6UVu3CJcXhUkXvLUOURh+RK6Vzm5NpK2aq9Xg3ZZW4HKojvibOzAWsmeyjyRJS3g3kFvLxvVPRCYXO+865NCHT5I+65fWTKyeLRee7Ls1Jm0TniZckLid91y/6nkYWrYGj1LbTWRQvC6/eJmT5PtVRo9yRrJTJxWduA5K2m6j53ivvcPOZrcZj2/CifM+lJocUJ7zvEFs6FXeO4uScbQ+xd7Xuzs072XbEHgme9Fe+EV5QlZtkqwkTAUnCkTpLFEudmQhH2n40/UrdOG3QBfIiJxKVSd91fejS96I3L6KsIbKvEpCVNy4/vEgPKJ/CFKJVtAcNRM0Mni+Yz2q7yCErIW4sNmxl9wh48cUX/72//Ffcw/LpT3/6h3/ko+5rHcrpNfbs5E7FWWvieByDJelIb/TalcTeKOjY5Fm21k8k+6aqqYsyFOeEsWg+JdnFRIYO6cJyeP0rQBzz0CgqqtHuvnZBPaWoOyl/VLKjz1eTlwwAAAAAAAAAAAAAAAAAAAAAX7uo1GA2p+gNXLZZKBPTCmxOJLUePQwbzV6IVYuiu+Rsu6AlcduVepaUg1Q1St65uZuk2WIRIfYQw8jFzcG5wdkUp4lRXoyXd+NlYsznE73PZVM5OJl3SXaFKG4Ofuta8hnoCT1UZoPfozqQquusSbVE6tv2S99BT1dW9VrDJynvqvhk1LwgNbyIMXgShwqihWpN0iew651f+hAkXodS2TeEsFosrx6dHC1XojXI+gP9pE36ftFLro6kYXhxOLHoD9HrBCpaC6rNZJkY1jLeKtG+hLnYf40dQrniGXFnhena90/vka/MBCI7SpTW+OQSipOdHW4tahUnfFm5Sd3Eb0fluI7HSYuUlUjt2e30NGauqiw7B2uSMWarCfUxUUeT6kehXUe6AbluuVRHk5A+PnReu0yQHpI7KE2WEfuuYPaTpjagplXqqrS/geiix6fc5Gk/86W788DrQ9WZWK6Nsxgdz1kBF9IQo3Ik0775yJ245UwmKGTONjLImcFNdDU8RwdvWzkbWGlfdtYfzb0qlo6hx7YwHV/j04QtiRPvPOwAAAAAAAAAAAAAAAAAAAAAgMfP5cu+5nJh75vLC+tR/nc58YCze4erko8pamNKFKkraIaI6R6szK61dRGdSF2SolYga7bOoCXLwdQnmj8SXalgaqaPK7E1xb+EqoYmW6XU1/qpFPgfNX67FRtTEUc5v6Y6usSiK3A86sv8oiPRUm/0urLYmTi38H5JIRV/O/KdFy8Sz+Lf0oXu5Oj46vJotVguQt8HjVFx0nLe+4X6XXTBZ7MLKfCKvmYyOSmSE0+u3iZ/XjjKw7ZW9TLZq/bYu/KO3IR3F/G+Tdy+kzxPcbKdpMMPeYFbdLVYXg1G2NX0mT1Nyy6H3pglifVolW1ljYk+EqPcGQ3JkRsmEpOu60VjJKEncudVbqL5OuSjHYg1Qynv0K64ymB2Hnh283vStD41N2B3lKALJSe7e+Q9jwl4DKgWRMUhzqR3Mh1FJifRXKo4SWNNpzIUGUeYe18G1ObbRGsmANTh3Em8WXVOcSU6hx1VuRiXj47aJH02FlMT2hqnfBahsA3tntBfAAAAAAAAAAAAAAAAAAAAAHijkKp5MU6WBrvFvMakIL8Jr/YiZr4w5uphefnc7FFUWeKz5qRREKiBhtUs29fXSauOo+5ylA+Pfjqd6Hiw46nliSpOeJTYHa1X6tG0amlnKjv2dkAxHaFcaddTCbZGKZVSc3WXpzUyoa0GI00zmc2Ryv/oamm+1vutEWM0l4Fg9VbJrMgJO8FTVwxOFhKjIw4yPaXZLmjmThfCark8Pjo+Wi4XXr0uxN0kpDMIwanxhSoUUg1XHGH0gNk+pp4MFbcCEz1wcX/hR6LH4am+fPHu9slNZqqTaYUHU5zw3qUzxQnv3/bh6Bz7rVnU/FNuQFGi1C5hihN9qnSd3Gn0d/Sd7xaLfrkIXUfqcWJ33IvhjSX3lI4o5Xpv/asxiSinxFnXYgduez83Zf5tcQw1qiSXlQrF6qcVFTWuFc4daFJqVpqdAHh94UEzcXTcFPelgTVmScQlgdjHNNC4EFldlcSGRMRuPFpnMHsrlbNFi0Cz4BtvXcGcrbjIWWQ62l8Dski2yDQWkaD5o8iAzWr+JMdiKq5bsokG+OhR6DLDCQAAAAAAAAAAAAAAAAAAAADgtafmy8wUIC3ZGcFeYlc3kSKW0Ipijv1QsYIrHic25XcPx3mFUgzPXgxmmTJoyVtFGGy1+FSmtJfwJWvH6eEc67RqUKSCSbF6pRQRxezirEypP8U3pGhS8koqtYmXtmlwWxKTeSJPXrSTLSNHtwwjK6lLc2WZgVyY1mmjiG703X4rp6YKr0pMJB8nTSx9kEJwHL16YZjfRe/7Zb9YrVaLRR80UQrOwe0AABAASURBVKVPq4/SxkGmg0Su+CBmMU7uUDYdKKocKrjJqCLq3aZGY7Ttg/FwfhSHpQR75CPzDbbEKHzOIrfbed20r91+Pa3zgBXs8/Q4VTLRHd7YkZsbt1DW5kQ28x/yZnOigVGp+t6Ffrnol8vl0arre0eW30TaEWjSg+kE5fMoxf7dO9hMFuUH710022aurHKPBMpdjHdvKXi9UC1ITiETicnInU6L21LUbB1nGrc8qKcxl+0pVIFI6rXe1CeaUWbf6oQlrlVp3ZKzkwZg+VtBTlN4dEyO0TVhTVk05c3jRI+l45EpBtVAyoyyJPZndPSIOiEAAAAAAAAAAAAAAAAAAAAA4GGpmgPnWqnBLllxYuVBdV0wxYlZZ0RTodSdmZfJfP9aO2zr2pz9Nky2wjzGYWM5IlaB1nfdR10xHUltTsQsZHTi1DHoolEql1axV8UJzQ6hcTFmHSEl01hq8bRTMX89apd6btEVPQBP2gBnzhNeLsGn0+1SkZe4J7GwSMXfzvtOFCvU64UGr8kqPvRdv+xXx8vEqus6T6IykWQVsSfwaXrR92KJ4TRnxVUnj2I209z6OieeV/vnfTMvB19iUfE0YT5nnSo3cXsVKjs73LPt1qK6q2mftG/F/eezf1Hu0TLR5b7W1sWnJ80Vg5HoWtGFPgqp0p7udrq9XrNy0q2Wb7njXnxrulCjkFxJaeJJXDKJnmiugdLn0xRj5aGg2fVkoQk1F7hlVTJTpW15+1BtgrY9LikLuHysF3gt8BZno7chRNdH7tSLSnxN1G4kWJSXGZA467NFJmXDmaoFtddFHY1lTCeN4+HRhHkqJBSXFB2s1eLHcf3pzA7LJImUz4pV+iIje9ST1F5v1ie2HOokAAAAAAAAAAAAAAAAAAAAAN5YUK5iE+2tAHOxaMhlxjgloHCtO1NJz5n8M3J8y6zaXgrhZpOiGT3pP60u5vgFTW9glZiYwUlapHk6bmPxOmTeDlMVPR+snIzWJ4uzinq15DNsdCeayGOuEg9OU/NshSy0d29S76f6Xawk5NjaMD7Vdn0gSh8RmrB4DaRP33WdyBDEZSC1qeSphJAO0PmwCP3Rcnm0WIkUgXynTiepRivOKCH0fb/oF2kPojghbvUabHejeJ24y9m87CgPHgze+cXNAj64la3N7gEMTpoV2F1KcXLebi5asGdVWbdz6sZQNySaJ9NE67us3jJFnqI6q67v0t3r7LNItzVUAZdt6WqGTumAVA1smvNs72qJNzF9lrPUnvOve6tH0M5KtBWLU+K15nvJHhbb59FsNU3tPSB4fVhE6RwyypRomyBuJS6oS5T4i8TRa/fMUhOVJ3qm6KJnc61i7RP2PI08il2Vqk+42KjYXws18olqLaUCKO/TbgIPo6U12R8Oex5Y89JMk2JBVCY9ofwHyHkHAAAAAAAAAAAAAAAAAAAAAHjMUM3C8ZZjU145V9uSXLfWF9TN3URXiKr5iFSNHcyVhCwOwSrjznI/auWZrJ5oviVpcdQKpe5zjJwjGSRahLNARY1M2I1RM3fk0GkOa6qO2zgpjJo6Rg4XyyTb8fQd+Xpx+VLE7CRbqDQN4Jvy+iSg2asxyEX/ac+2K9ML+LnoxN7zrzoNCw0qwSnlGLEUWMURgMTCxGsARfBu6buOfDpj+fYcZG8SqhNSNTiKrGQVlifL46PFchUWXuxMQu9C0KyLRegWfb/quj7tNPIQhyA3hkz0U61epIArnhpWGZYW91NzTJc/VtXErr/FgX417YIn8ceu8OR8tuQmbkdxwgd3xTvf06LXQHHi2ZuSiqPZPVi8zuQUQlWWYeqqqOIjiU7yclu7LkgQUrrpkowkKiIfLC/JVwFXOdQ+T5F9N+Z825hDDhHsdkVIe2867cldmq1Pu44ovLvfnTO5nAQKPEq6GNXIJAbVeniN9fLFmMSrClHHcxPzZdMc51RqEjXVLJqQULWBaXF6DKSP578GarOjpibWa9I3x2KpE2XMp6rNKt+qOKm9x/LdLFrHZhJf4rkEAAAAAAAAAAAAAAAAAAAAALz2NBYhlC0MWsWJWSjEnIFjEQpSWbdCIsWi86jJITm2xdwZcrHQ1Vqybsu2rZWluVbmU43dmTwjDswb/R4iDy7XJ6NW9COZm4lpKCxnIZ+/N2mEJszUKyrVcTvRrLHZpsTuNB4ke9ZpC+JkNdidvB4T1ritmnsp5VvrSR1W9R9BT0l2k4q8kqHDsRehiVxJEHcT0QKRCniy7Ys4oITVYnXl6OR4sVz6PviQ5vSiR/Hpe0HBFCdifOI0TsXEOFn5kO9QvtllIlrujx6onO92H6mWIZfxF5jiVqro5HIFYm5a27n9chP3AIqTeVwQNytcTnFymbO2m2uuPXb35TZN4SM1gESjc0wU1WlQTuhNWSKKEzE46TTVxJfKupg50FeNCGPrPBF98tXDQqVMKm1zQUYf6YIqOhG1mgxP1nN5eqrEqsfsp2RqtCededSYnigT6nTCNT3HhmSXVSv10GRSODezxsoL8s9scmTjjgr0JiUjAAAAAAAAAAAAAAAAAAAAAOANgeopuOgReHexqU5E86Eyi5iDcWZ15iJmsHQdc2SYzD6IapUwbzxqnTKq7ETWi2TylriJ41kcNzFuRHSSapfOPDiYsqeJa4qTJSSGptAcOwV+LaveVkvdu6SECVVTiXrOrtRPrT4rXgLkrKnE0aL3PrAPTqQoWvkli5IIpuFh0vicsOpXJ8cnx8tV7/tF1/c+9BQ68ksKC+pWXX+86DsRq8htshiU7btU8D7rZkqsUr2ivdITf7A15nOyHMfMby5mS2viHoHcxL2mipPq8sPTT+3U45jjdWTKVkg3Qpx9dG7o+sXCso/E3qTzWZ9lN8NColR0wqVV6+3ZOrx77DSnQOwe1Qm9IS7tTUYfxdck2GAR1eekKOY0Xqc4Rrkch5bFZGkIFwlhNCcnNaeKmn/G5o5FRYpCRdqodlo0jYc6nbaZzHx0w8kpKebTMKsVNi+tqM5Qj67LAQAAAAAAAAAAAAAAAAAAAABePVxDVEq8TrWoiOOoWhATiORie/mmEmjjq+JE3TlyDbG8vl6PIjE9znw1NIJGQ12iOpxELVluxs1pHDfObbSaGTUdxyQp+e12Vcjks5tbj8z0FVR1D+5c85JX2WbNbrnmFJVFJTSoeAMUnYpWY+VipJmCpOqQ2pxQn/7lMVhdlakTDYK3lAlpYAqLbrHs+uPl0WKxkDiWtFXoJILHuZULK98tQye5PKJmyQ41erjaWo1Uh2YOGjNLmAdn3C3/xnx77Mrd+c23pf/Ynbhw5tac8j1b/moVJ7y1iHe7k/Vt7d4qL5E2VTFJmuhEUOLEy2Sx6Be9Vx+aEPxcDpSjj3JHOcfgpOnWj5Otk2PYTnw106eRiJ3YmegIliUgHHUcMcsTpzMsJkz+HpDloel4noatmoimI3kdd1RwlbtG9MVLymdto2jrTMDiZ0P55I9VE5h80bzZM5LzfL5aTIAAAAAAAAAAAAAAAAAAAAAA+NqFtn/Zh3NcSMwGJzo5OpOJbG1iASCmOFGzBvK+ptWUSiKrYYnl9FhF0kntUWrrrC4JaWk6wjqOZxzXjgdPo77RHi07p1hx2N682KToRJtrU6d3LFjcAzTIvKbf/mzyH+oeOYdDuNZewwQ07Gq+Spl2lNMhpJnkYiRApyPxu0jlV3E04Rhc1JlkqTqSdMEcyC/6xWq5Ou4WXeh78p0PC98FJ8XXtIelD6o46RehC3rnXAmo0Lvp2yvaqziZLmi74c5VOByWgNhsKlkau0KJC2Ul7ZwLj9Wstn2oh1Sc8J4GKJPUfLcHskdGprvV1ROntiU+0VmMjg+aoeOouN+0YU5bljRF20X7KutvEOkJ+NpgqR0qTGNZ1CFLlIYk/ZmLdkz6t/hNSUdXKaLk6TiTDZqDk3r6TNo6lx1TuJW0ZX2eau+Cxu2Y0LE+Xl6MnXRCz8YOru5VRXlIgfeacgEAAAAAAAAAAAAAAAAAAAAAHiM0r7LLC+05V4fVdCTX6zkbNBBlxUlOBdH6ukQzVOOMVnKRTVIsIkd3JG/L278D8+DiZhCPkzXHDblR03dkTe9oMoGY5b9QiX84/4IeqjS/VeXf+slVuZAZ8wrsTerh7HSJZ04rOW6ING8mrZrO2wdtsk4+oi/pVFwjdgMaV5K+xX1AY4V63x8tFseL1TIrTnznQki7HCV8ZxlCmi+Kky6YXUq0wmyrLClfVXGyJT1x7oC8ZD/cam/KMXguyantvy0EOfjTnS9DObgm71mfdyYO7azM5T3LDzSPiKrGMX3Sl83pTq5dzWosSc/R5g6Uk0JqlkjTpy8pjWqNhr6WgIbmMdIXrYlE5xB7lQ3yOBS7pNS51ZxKxXSmQSQZpi1bh3LsmXilVEHJNDDrQyB70nycPIuyCIVj/guxXwRnD5M5r5iSUYPD0giXzrP8JQEAAAAAAAAAAAAAAAAAAAAAvEGQ98jZYkJcdjnR+qL8N05Fe7Fp8FVxYnkg3of8U3dU1Ssa0xOz+INt5/rqO+WX6rV+uI7DmnkYhjPHG8eDfLJZyGS+UuJf8ivyuq2FLkRL3Jm7QkiqQ1vHboraD1/d3rMTrscd2xXVFaY9PJnWQKQiLI3l9YwDiW2L/vQ0DoGCOKBIRVUbOYgGpSPfkxqZhH5BPoivSZ/mpFXS8qNuebI6Ogp970NX03Ocq34yrnWDERsa73aUNLMzv3Qj8GRjYJoiuzepRM0mRjJrhH36jYMCjnNW4L3n0viFuHMUJ/sMTtwhxcmDzC8HSo9IHDaiO7E73fWrZW34UmvnSdi1/ajsEczQofv0JgAqlNcLr6Ot9DWvI/Soij/9M6CaQ6d6OjVQihaoE9MmxDGP6TrWBlHLsSaBle6tQ3+VINKkNTE9oCt/BQxqhXIiYMzzVbEoh7M/H3K4UYxWIqOLAAAAAAAAAAAAAAAAAAAAAPBGIPteWG0vaiGRqTiTxByvM1X2S9BNDoDJs2a+Gtm+QeUrkcqOKCfPFMlClPQcjutxcxY1UsfxWhUkg0o2pLJJLuhe03RozlflGypsmF6sn13QLKaknNKraaFsWtJap9iEb6a3NC4lgiWH26Sm8j5dhpqaiJ2JlGHlp34HtcSgcQzsOh96T5Ke4/2iW/TiZdIvqO8pC1A6lz6Sy7Ps+pPFSiJ1pEZrd4btqKZhyCXfPE8UJ4dkDId8Yaht6e21fInlyPFHsro5vcSy+sECMbVLeeeG7t1yy8Fkj0jlwRUnl1m4l2FIvZc777nUyju9p8WVxDpx7q+sLcR7jrPbbwF47QnqWaI9VcbrMY7yQMfRDKpUOjbanwRiG8fzsO6KoZVX9aEqS/JAqTu2sbqxPtoJ9/LFdikbnjSRPK4MaDoeBEv0UbnJMIrypejZAAAAAAAAAAAAAAAAAAAAAABvDFJ50JJ0rJgYJTFExR+SdONaHxENgJnUKk7Xp7ZPAAAQAElEQVTNM0oJklwpR4pjir4mLxKRGLMdhhqoOKlsSqpOjJtxWHNcp8I9uUHeYReJSdTvuVSk6Fsaawi24J1zZBT8oIqTA4KMSyb1VIOXqjhRmQdrBpEPxJ6zxEQ1JlFFJz6kkqqzQB4XyPXkV6Ff9X3vu8WiF3GJD2nOwkkWz8J3aYWF6/rQnfTLVb/oxWcmF2jVPqBtgXpdU6n30LUQn3dZ2yYiNLMkMbMTcrnkXKRJkvRzCe8QPk8RcnjbwwYnbme/F+3VXeJUz1lhGNP97RcLk/UkOue1QJ8lWmxBUebHk9vK5WfFgS3QJK8vFDdqOcXZzoSzx4mrcWgxDc1sCjuR/2nHpTLSFd8qri4+2YtKpXU0j87RYSjOB1szwDLdSrCHw56Q7JUkz4jX0xqHcUh/NEYVMb46KSEAAAAAAAAAAAAAAAAAAAAA4FGi0g3RmVgOjsWFRAtYsDfN9V1070s8grf8A3LNi+tp3VQSnGqBup8SjZOdT8T8ZEy7HkZOhc5NTOVOqXgO3mWDE6tyUio+FpeK8vI7FQmJrKAv3GejkQsvrrhLPAJa15O873yt22uq5QWruIRUdMLZ1ISpM9FJ+rAUUzUHKF24C+x6F1ahO+4Xq8VyETpv7ia+S9/e+Z6D6E4oLLo+rXPUL5e+Fy1LOoDVZlPx1tv5mdrHVTuY/G91FmA+v61m1zGbSW4m8tHJ3FHML4etUswWoMFbCTPzI53HZRYdNjiZTezfwUUHuOwGglcXmZA+IZjupJtUPlQ9aMap2zDnpCgH9oBmeT3hcRN5MF8rS9KRXm8PNWmCmearmXLKerC5jHgyAaINMlw7fLl/Po9AVYXXuJ7keJ1Jd5Uz0mwcMxVK/in/y6KRR5ObiIyryB4BAAAAAAAAAAAAAAAAAAAAAI8ZztoOE5ronGjkWJbsk+Gmt9d9kGKjSimcm5UOLYtHJSOxFNZdie5JNc1xlPfUhzFuojtl8VAR6YkanIx6NqNuYdqWmarD5R+x/lAZzOtXdtwbsjMtna9pKpOcQSROMBJA4bMHgDqaiCxEmsmTRliocKRzdNT3V1ZHq75b+M6rD4pXkUqnS4P3vaM+dMeLxUm/WvR9L94oqSIbs7WIlmuzsESzdHy9g1vGMXsqtvFSEgutBWc/ArbNtFydpsYsQtLqtVxYvVsXm4VcegU+f5NXozjhS8/cZbVauXLfrW90MdfZJUmJcyiJzYlTJBDtSWwilNLB6wsPMgTLIJUHah36ebRUKJtng7ifFGy+dNcarGM2R7pHsiidEpSjyV0mjKsSla3xyIbzqC4mUWN0uPxtMiMUV/6k6Mbe0WUfTgAAAAAAAAAAAAAAAAAAAADAa0op65nUZDSrinEcy7JcSlf9AnlVTGhmjK8pKnkHzPb6e57HRcnitOSoipM4looiD6IyEbnJoPE9IjpprUNUPqHH8Fa8rFVNmruK2KTPYQzkDth3vMpa/pY2oOQNmS8L7dh/uKw4ydqPXGaVn9HUJy6o4EB9UMTjpHP+qO/TZ+lDl9o4cie+GZ2so9XePoSF71b98nixOlqslv2ik2Qj2UnW/aRbE7Nih/KXMycCvvzVE7upeOyqyqd61ky3N9/1pomKe4e1ULrZA58j/8hHuhQPJzdxD6o4eRU17K7rrBwv9XrdVUfUnhFnGxrmtjeWvjxTLG2fGW+dWanqz/KJHlkBfuvxOh8+98f5cy/fC3nrAsFriZeR2/4IsCrHtM9ZP9AnQwR01o2rqQmrjYkmp6mnEs07JpP+sVA3rDKk5/tfRI51TJZ9kI0aY3SjKk7GLDRRdYss0efKU31AqElaAwAAAAAAAAAAAAAAAAAAAAA8RkwOojVGVseKqMXGcUpikbXMfkStTciUILaxfmXtQQ5MKC4YNB1AKoiqLBkHZrU5iWfkN0wbmZ9jGXypdue34PUYKqgw4YRzJj1xk8FJjnSoZflWxZDjZXgWLnOYWMrtO4X/PZNNkZWa8BkqYUCqzinRQDVMx9Qfdj0xXZj3Zh/Q+3DU9avgl9QFUZy4EES4IIk8Xdc7v/T9gvql764uV6tusQwhaNIQm6NIuX/OlyCLnHukPipM25fRXtCOXOacldvDmNtJTYfJFWqrA0f1WkmL1lFURVPteneH+6HdxXxwm1erOHkU6oY4V4d0W01ZGqH0sFI6b3dxeY8Tmm/LjzumZ/foO2Ka/avtX0iXWB08OnKmDUcRAJp+b1vrNH8Aq3eSjkBVU5fxtso0EjUjhmDjbORslqShamROV2ln6Q/FIMt9LKqUdIDoc45P439FHp5AAAAAAAAAAAAAAAAAAAAAADx2pPA3Oq37VUMGqwE6KyY6EUbkHBAN0zGovr9eBSecXRK4bEg5GUF0JzxumAfn1jGmiTW7tXcbqVhSfXmeLISk7l+rmiH/mhQerlh4TJRifbVd0W83Vfq3avQP2kK+/dloA2a75SrPsVgJVqGJszAdFZropUb2qq9xIjoJWo31fQjHojjpeud68gtHnQ8iN5FknrDqlwsKaelxtzzpl0fppw99WjB5jZgHAVNzOtmtpEpgzr3+vZXl7ZWtWxR7gpDvczYroOqRMPUFHzbsBqIzHt0Dw3Pt0J4TdYWZymS/p8oFipKijni1wpMtf5hu35FaY5iqPkHhHDxm4qhJOtI5vf6Tfa5q17S8NJqEiFQdsHQgagWKZbSxwZeK+Q+5WMbkqH8VoskbTTjHOXfH9ChZXOj1nFQD432raslHdwAAAAAAAAAAAAAAAAAAAACAx42YkERTnGiigWoHVDJRjDLkhfVcWxQhhLOYFZpiFEx7EIvGYyo71u8h7XqMG8frMZ4xb9KH3JAVKdmoQ1ERSlV4ENnJ5GqjFRmju1g98tDVSDpnb3ZtdOiIljnhKCdK5Igb83CxOm76z6tbjDWi2MZEWaMLftn3y36xIL8g6nQHwXed9wvfkQ+rIAYnq75fdcvVYrXsFqGEWfAkqVFjGMoTJdRoOruHFlXULKFcMubGaiCrXVgvq2g+5J7x4GjNqZId723WLiuHDh7l3DlVO0Rbi2dimYcyONnasIHcFIAzU8A0u52fT9y2GunKetwczBRWpR1fRU/9miY20xd3HfDqMe+o0hnFQYTnpk86mvm5qs7n0LUSMJaVI1TkKy7/JbEd6R8Ip39qTGVijlikfwFElpd1barQ85oalmUl+WjsWmspET0+SGYYAAAAAAAAAAAAAAAAAAAAAOC1oYpOssdJZDOuyBoCMpmEGG5IydFCcCRdJ3tq6Jo0i2IwtxJNaYijBPfEcWTejKPJTdbsNs6N5EbelwhCVKUrVAUs9Lr5QVSBAO1Z8kCqDW0ToiI3aXQTpkuRRUEcTbpV1x2FfuElLieQ7xwF7xdd14UQiFbd8qjrF10vHidptdDVyJwSieRS9dW3Oh+aebFwM/9C5G7OL9QuJBeIS4ZOFgDlynTO0TAflKi2OWuK98bNvdPT26f3r7snthvnnKPzgZ9T9NLOag+pOLHLad0TZkvrBO3ZF+18b6+xx+mkrPpAHelNCbQEry9U4nIMdj4SR4pmbqVpWZP0r4zKvtl0ouhOZA3J2dLENtWSmOKELGJMPtlIy9UnIquxxFjLi/DFUxE3irSFTK5FnstfHjxIAAAAAAAAAAAAAAAAAAAAADx22NxGNADBYlqIJ/sMszrx5BtLBqJaCWx206obNFBnYBY5yziMMW6cU7kJp4l1WkQuUlat+J0zorKIXv/ac2tksb3oQc7FkoaqJCH9DFwvKe87XfnS+6NucbRYLrvQ+26ZKq0c++B7HxZ9JwIU8sf94rhbLIKITpZd3znvi9VIm9Wyewk010Rcsj7LM2OO7HHCVTrjXGtAkE1gdI450EhZOVqK0nhnffbynVu379+/pqIT3jmFvT4FvGdq7+lVP4XzVr9AceIeELpwj/NddvvWsFU0qaSaOMy24/O8V94cqLApRutVImByvQOvPZ0nl02lLKQrjUSsSjZ1nQkz0V9OwilOVpOPkv0xcVNGmuXmpBFh5FHkJ0yRPGdDKBn9TVbiZLavg6NK8kgz3vJAp4tCTmGzvxnejQz1FgAAAAAAAAAAAAAAAAAAAACPH9GFjCIV0MKhL54iIduZSC3Qa9yBZRqU1IWauFKr5FkCoeKVODjexDjEcTMMQ/oZ0/5Z5CZpBS+hMuqkEq2COL2vnvN8GiWKvepeK55Mr5UOpVh4lDOx4Bg7ZrHxqMzOgWbTnGuklhORlR9eL1WbTwqqgVKRN/TOH4X+ZLFc9oueJVWnYwo6X8xO0jTRQrJ1uqOwWPZ9H7ogb/lXHwFpa+ZctrVzdnPjgand3OUbwuV0Jcvn4ZwbU61a1LmAi+lAbiV1W3GjaotGcbnhm/fvvXT/9p2zs7M45nbkvQezfy6+qwfcTdwDKE7o4M8LmKtDtk+Ii0zHmr1ztQu1u6CShfTVDL8Gyhh2sREV2bACUcHrhI7yW4oup+2fO+o0lLCpTGy8j8W9yenYL8+67CVytsES8aGLUXUnWX7HJXHMDJ9Eg0I5vy3vinKumne2f/VOsZPIlko6+rAF7AAAAAAAAAAAAAAAAAAAAAAAHiuSfRNHtroej5QzEyROJ3taTLELWmdkby+ql0gdS+UxuckgJiea1+N4GMf02YwqOnEulRzlOzti0GQbUSNOioFK1mrInDZ54TWAm8SWg6vttzlpN+aZS4r8p6fOdj1evyVMh1xH1IewFF+TcNIvlj70LBXfIC/7u875oIoTz9RTtwyLle9XvcTr9M5KrZx9VBqK6mSam+1o2LURRvulAjQ3N8lXILkYdT43IiMRI+mesi2OmnZENaXYRJEa3V+f3T27//z9u7c3603qCn6W/HMO50p6zteasHO03wxlP9u38FXqJraMZFx5PGwqPTbd1qnMU0jKNMW5h0TtUG/CanrWr9WRxYHXiyL30B/TOFHH5WZNFR7ajVIXlJiG6RzNpjqQqCPUyKZH8THK6MDyB0X2o4JDr+E5XhWHXv/EjJQzu/I5sKlKsqmJHozUdyULAOXPSCwaFAAAAAAAAAAAAAAAAAAAAADAY0TUBaXUqwU/JgvTySkqVHAxajlRjC+8qh4iZ4eLqNsOGtMzxjjaC+9SeJTKY/6UUnKVRlCrA7BjRBFeFA8Ic9Ko675WEPN2XXVrhfPK31T1JvO1tDWyPYgqTljbi4Jzvfc9efEyIb8IXU+hU/OSTuxP0gq61PtV1y37xdFyedSvVv1iFfpAGidB9WhVZ6JJFHa4cg5EUx4S80Wt16zAtROYAqDZOFbnCeYhjnpQPY7YE8SB09lJeNL9ON48vffSzZt3eNx4qRTHBzYj2K8m4UuZmbyeQoW5OKYNO9JmOhCv0xLKvYwlNGnax5uKbJ5T7JIU6E5eJ7wP1IwCMtbTzEckK84E04OwDlzilKViE9WYMI1m8ZT9kWQAUJkI+eA1LCyom42NTuJtYvv2LkeGRHcOkwAAEABJREFUWTBPtjNxzZMgf2Q8F5VX1PF1ZIhOAAAAAAAAAAAAAAAAAAAAAHijkINgpAzoKXiyVJ30ryglmlq5ahLUBSObEUhWjhUAJVNFTU1SwdISVcTvJGroyqhvptcKpi/1S2rjSGSBbyxPdOajyvFg3hNoknN8Zl4geS2muLPyRYegNifG2jB6fWdfjEw4LkK3FKFJqu96y80RxYnWYk3j03nf+9B7v6D+uF+cLI+OFss00fuOR2lNi7Yw/Y4vyRdUD+ho9zzNK2a8RHG2+r6wmRVEyjqhrF4hdtXIQ71fKFtTbFRetPFu49y9zealu/fuDJszb9dtKiaf+sShQ++fYR3gwpUPzp5doCOavl8lkzoq77wp0GvpvHMPBjlLLXqTeZzUISBfOEFq8hhoFSf6u+TnTHcj3xhTnMRiuRQjjfJwmzIkjZo+C9Zk5DH5mP5R8WlwCy74YEqW+vDYszgNNMRZ1CLDnLNRVdVI4phkA4IoTiSiDU4nAAAAAAAAAAAAAAAAAAAAALwxYLM0MclJTtTJ/xQFRmvhYGqQ6LKPh+PsZSKKk02MQxyjvikf9YX5jdQnycxOuBUTuEOCkiw3OWhA8ii5TJ2/XaekC2V3hvY0i3xHplNrdmZwIh4n3bLrRVMiITvp24sZQBCDAdKMiSBuAL4L/cL7tOZRtzwK4nEi4RST9cNUkG+b0uQmXArDWsF3D9gCxVbA6slZ1pKJpjMqPiumDZKZuma68Wu5/e7Oev3K/bt3h/WpyFa83UHWdlCjlHpOF9/WUu4+FLXzEOqEIppxrx5y26kjWyt0F2xeDU6aOSLdelPCOTKKd3o4eD3IcTmx2F5Rtu7hKUXNzRepi1H0UaxOKGa9W+Dyx4Oyq1XjmqWJbS4v85zFJK7qTdRXiaJsImOj2JmIeYp9i8QkkkoeNVjHiZTRkfcOAAAAAAAAAAAAAAAAAAAAAPBYkVK310qg78wFItcMRX/ia/KOrileF03mgVYFxeRiNOGBKk5GjsMowhOn9fScsKMFQ19L/ucaOmSZQZtb8/pQDU7aOW0FfKYSaCQanH1Z6koWeSPZExRSFZb8wtHCSYCOWJg4v0jfXRdcCLU8q/XYEEIXuj50R/3i6tHR1eXRMs2QqApJLaqnkerCVMUuWxdBjUyDHqb5ynVxu3EpPVNN2PAa6DPqyqN6wozs7pytX7j1ykt375xxHNP1FS+UtH3wYRiH9jh2ipcQf/DeqJ0H54FVOBeSblf7s31SjL2iE9q9a7Mn4c3n3GCqBu1Rzh65Rr8THXhd0Pi0aWi3Pmn2RCYoGYZBBSmTM1VMQ6Ro5oKkomWtnVo2efnjYUZApmDMx/A5NcflxyBO0jJNVlN9SdpKIniiN91JHkPkD4gp3cqhWaV6TG++BwYAAAAAAAAAAAAAAAAAAACANxjZ2ESrhCahUL+TbHlSE3CK7sRlGwzOziUceRw3WXESxyjTY9YsyGpjIy/hJsPBKswzLxNmpm1zC6/vs79Wl17rodW1gqc0mfmqByULagJSdmUZRakiGsW8pHO+p/RxnaM03amLSUcSFeHNYiaEoC0u2TqhW/aLo6Ojk/Rft+ikwXgURUdzJkTTP3ZTTAo0t9rgB9cvcI65cEVaVMNeaDo2N7kbxQFl5Hh3ffby7Vsv3bl5bxhZTtx8O/Kq6eLYne3IPg6dI19utcdI1/Xyj57aOMZUlHeXEJ24emnMs59by3mmdqpPX7W32Z1ot6d9E5dV3TyyRCt3wUPTntK+m0zOwcfidSI7U7F+mQhIJGakz2/MjiM2pSYljkJ0HXMQtQqZVlGFJKTBUz6Yp4nTPxRZbML1226116Qdjc5JC7wfncW1ib5EonMsrEfldRLgJnldOUEsltguiE4AAAAAAAAAAAAAAAAAAAAAeOwQBZcFDCRvratowuw3dH5TOraqZPEm8FJ7TL83cTwbxjXHDceo/hdSLSSpF0eVKLjiylFkGTktxts+G4MOKrkwk4+Ie3WcZ6fSGqrM5+/Fl4SJ/XvORdWcSKQf0tfwLTdH9Ae+dyQeJ6HzxfHFhD5qFUAL51e+O+kW149PTvrlsuuDbKrBNCMXMwg7ZykEW4t6kwSZVUpzAbtyBnZFUVLPmezWcl5YLkF+RG8KIc4iI5mIuVxcYjY0MWdDfBbHe+PmKzdffvnunXvrNfc9qwgj+BCpKJTYZ3eW5hSaG71PbuDmWgnK53hhkbkeQSOQ8vqP3OYk7b4LvSvin3EzDsPAWTiVj75XdMJb09YobX5VmWwvlGZOOvNFl56gfLNfVw5YldQz8c0FbaUOQVLwOjGqN5UN7yI9SeMJu1EleKYQZB84/53QoSaNYiKk87GO6p7yHwyvw1EaIHSgSsOEF1MTs0yhrOtTU5OYLW40fi0NMZ5GLxOj+JoEVZYEzvI10aNUXxQdY1Wwgg4CAAAAAAAAAAAAAAAAAAAAwOOGUv3O5XydUvMlE4JocIrU96xcqG/Ba5kvF8ojx82wub/Z3I8iP8hxK0UoIA4lVLJm9FBWkbc8H6MaGZA5jJjJA+lxy48cQuMeGNt5U2T3IU/smkxMRf22vN8cVMut5u+iGTNUzSeoXKbXy1KhSToSB7UE6NLH+566BVHQwmuqvwancpMuLUnTbunDke+uL1bXj6+eLFarbtH7Ljei+A40l29ak2pEU8QoRNteF641uuCimNlpRc6ONQ1p32FaVQwO4lh1ECaQSJeS6tFnzGeOb52dvnjn1gt3bq85xuBH6TUsTUFlc4rrs81iubxHG457NQ87NhdcvuqNKtXlmdZnz+VsT1fdyaNl0S/bc9isx0FMfUifk3zc7jI7ksco7lVmHD7rh7um11lxcklGjpO6yDkTqYHXlWEcI03yOebqZ6TxaM65YisSXdB/PRebLM4juv0JEdFJ1AVqjiJP/Mh5aDTPkui8GJkQDTpwisokiHlJGjZGEqWLCVz0qVC3m/xHQM/N/v6YKM4RVEkAAAAAAAAAAAAAAAAAAAAAPHbMnoM81cJhlThY3E0RLjjVpkSdjiJFiMM4nA3DJvJQNhirZYOfkmvctLftYvk5JcNX+/46za5ud7GIZsjtjfTYs5NZkgmrA0jec9WdaKJO8FmsEeTd/vTtey/ROZKeYwXZ7DYyKUgChaCBO1cWR1ePrlw5Oln2XdpK70fUxkx7GrbOzKsJil5EsRc47wo47nWLOWeTKPtu2oSnbyrOKMLgeEj3n/hss37h5ksv3Lq1SX2iCy6oCYL4JHgL6VFNBd+9c//Za0923f31uEdfwa5t5PPYf7Na+5PXwM7kPGi5OLIp38mx7985U5ee2UqXEp0YWcH0NZIVUpshHpK51HGFtx/310goBA6wjqPq5UTQpiYlkbMxjmpHyIxGyKQeWfCRRrk8zOuXak1c+TnmHB3L4skSRNWvSHqOeJmQH2UT2Y1E5+jjE70dzh6lkMV+LANesTmRw9tSdugnAAAAAAAAAAAAAAAAAAAAADx+RBHhzTjDt/PFf0GFFlp95CxgiGatMYzjZhzPYlyn1TREJdUYR9fGd1Rrinqgi0+lliwfmegkn0MjTWgO5Xe3bCQaW6KTsh3VSCC1/NBdaYaOpOaYY0wg6hz1RAsKPfnOh46D15YO2tiymipHlr478v1xv7yyOj5ervrQBZX/5MSV/Fp/I9/JLVQcYdx57M0n4vYaXHGUaPOMpCbMft5KcnVjrfhqVM7ZOLrO31+vv/zySy/dunU2bGIIlHtJFoBwEZ0kXnzhlWff8dTR8ersbOMOwQ9066dMmkNyE3rkYpTlYlVvSr8QpdHLX7kVxzHduOAnHkB08rUGbVvVnL+mu7gXg9eeKEYmddTOz6GmYqk3iY5qFhzGzlcvrCzAUy2imZvooKJpOPZURiq9QcarMX/c6H30Pk2z96o7Mc8mPb66JBWxo7eRKnIWt6jUz0YoUcgwo48AAAAAAAAAAAAAAAAAAAAA8JhRkUMOaGGJRpDvGKOpBmqkSlldwhJiFMXJOJwxD85tHEsVUdcpr7pbJdI9CDku5qEVJ/6iFcQYZMtLYktno1QrjrpmKGIaP3k3mGZDo21Si4mIRGqlIjpJa/cUOkedk2CdTqJ2vCp6yJfCaVBblN6HpQ/H/fJksTrql4vQec4xRpN9gB6iVVWUmAl3sCbPvB2ns6U+4ZqVUxbGZu/TeiUgSeRG0jGc2BmMge+tT59/6eXnX3n5LA4cfLqkWC0q0pqjapHyqbiXX74dRz6+cnLvztl6s3aH4IftAK8TwXciOtFpSSLqfWqaOy/dy7qtdMe70Elw0oOITr7aPE5iIw3jpjNWFVD5Z1cTsOdK9/djqAleTzj0rIOCWVkFHRmjjj5RtSAyjjkdxMzmJEdemaaETW9iqhARJeb7TtFbpI7k6aRtR3E3SX8uQkxzglieqHtK/lPjqIhespOKeCZl56WiuNMzMSWK9sKvrucGAAAAAAAAAAAAAAAAAAAAgK9JTFOQ/x1boxF9+9zMMPKr6yRygvUw3N9s1hwHJy+tD2meJ952BDlwxF0zkfnq8ZL7qfvjPTqFto5vZUtzbNne40ybMT+zGoUzbaO1TxGW6GmqVMfSiVRuQp2KS1R3Qqo7oVAWiR+Khe+oLGHRhePQX1msbhxfubI8OuoXPWk4TdSj+v3XfQlJTty9vNIg1XMg12+LUqDJD5o1JbXeKKkcHV0cIw9jvBvXX5ZUnVdO44ZDR52POXODLZJJAzJ0V5qUMW7Gr3zp5Wff8eT1J268+PwLkaP76sT7cHJ0tSYQLY/ljr30pVudF4sT0aCkNYzUAfgSwomvKquGpve0p90E5ThqVzQBw/wCd653crXYng9ePyQ9R4Qm3sQeY1a2qd2V6kj0CffFekT6vc/iD1Y7LG+PvLqeiE4l6p+UUcRo8pGd+LTIj95FH2SHnvJBtec0A9UkWqJJaaIDmJ2VTTBDmAQAAAAAAAAAAAAAAAAAAADAGwIq0gOO1JTxcj6Kk6CdIjqRfJ1xOFuv7/O4kVfg5SX30bnRjDPqLsuWef8XnUAx72BzE3FzuchlqvK07zfV3bvsFeK3Vs5uIG29s0T8NBYge3ac03ns5X5PKiVxHYXALpBYo6SJhRRlpbwaSuaO1XTF4CT0R31/3C2urY6vLo+PFstejFIc5ZNhtQwhuwc0qUPMBoR1TyUxiE3o0Z5p1QlNLWkrWgW3VGtzgg9nJY5dsi+KkGlLVRulqwo88uD4lIcvv/LiV26+cjqs0xVHbVRxJGBrt2hVYT2r6k/gPv3cl5559ka/ClevXLt15xYf0p3wG1Nx4MmL4qSmHQUfFh2P8eXP31ks+iCiE8G6M4nq6DDW6eNXT+GctoQmzQPP1dSk/bbeNd1pon15KNRIm+xJ5ZLkBFHB64bvsn7O2ZBoI4SYiVjGlwarebJhSkZSjjFbJkUmExzpHwSZMzoJ60mrD2mAsMAdyeXRbxGaaJqPmdCEFaEAABAASURBVJgUsyma/TPrRTqZJWxNv2BTtgAAAAAAAAAAAAAAAAAAAAAAHi+qOdDiHZeCXyxyhGgriMOFvMweh3HYjPHU8UYTFFLRMU5xCFtCgQPlwOwekuvWtYjvKTDZfL/jo3BQhdAkuWQNi52Q1rhnbh31bJkmZUlT3p6MUHgrmka38SowibGsm/UYcsYqEknfHYWORHRCMUrICmuDynv+qfrql11/3C+Pl6sry9VJ6K+sjlZ9p7YoolmI4yhVXa83pb7tX+UfUyl/pHyBzjQiKnSxq4hlHZ3v63x2jrevt8TrNLqTdO9DuWY2c4GoqqLUA9Yx3j07e+nurZdv376/WbOqLLTyTJzbUyUDsZ4DmwZDdh7di1+6+cw7nji6tmS+fu/+7dSZ3IOxK0a5vLLp1dKF/nh1hRoVz9GJNNQrX76T7lTf90Gzddwk96EHiNd5g8MWKzV/pPMDzFvmOdNG2uvyEGIb7FeRUBvKIz1IRhuLfoKo4HVDgsBsHEs32/QkjusgKO5N6eaFolvTMVrFJOnnKD4o6nTiA3vJWBt03JIgrq5jE+fp8Ki+R+b5VJxLJr2hwnW452y2MoPd5L4UYXYCAAAAAAAAAAAAAAAAAAAAwBuCVAo0Dwy11ygzM/rO++jcJo5jHNfDsGa3ITeo1iGq5IIfzpqC28MpsU1WeLB95Xigna292oXEBzs9bi+nTd7Jqo+cfWM2J2QuJlKy7Rx3jnoRgPhATnQkaoci8TppJnkxOOkWJ8vVlUX6HF3p089lmhnkdX8yjxfypRTLufBL55/8JCKx/zhmgcwk64l1RROEbF9oUZyUG759gMi8iZzu98bxnfXpzXt3Xrp9687ZqShOOj3xOPMsqQqCtFzUJ5FD13edJAp96XMvX71xsjpJV74gd3U9nJ2dnT5g1M6D9o5HIEZJF7JcHi26ZTtzdSKhQvdvr29/4W7QPiAeJ224DPPXiOgkd4qZBYVrFVvz+baQqiCgSc8xHYMrvkY2MzYhXqrjSjNGmZm+4/jVmsP0VYeMYJMMUJUnLj/NGp0jDkgiaaOcESaDk89DotiWyAbe+S4GNzrR14kDksTrEHvzQtINyWe7piI7MXskDSzL6Tyu+FJxGcuYy7BiJ0gmcots+T8AAAAAAAAAAAAAAAAAAAAAgMeK+XWYC0aOv+AsUiBzzoiDCA/GszFu2G2cG/RTTDWKi8HOfrdnVJON6ovS2EYQzzNx+NCe9l/HJMBw2eYk1yvJ/CfqsfJK07ymfE7Fb6GZUSdMvCLNJS/1q6TDqwRFbU5Ua6I+IeljcTleS62BqNNInWW/WHX9ke+OQn/i+/Tdd0GtBcoxqRpG5HwJouIWcRieUnPKZVJzcU1axaT1odpWpdrragOaEiWS26R77+I6xtM43Lx/N33ubNYxnXTwIjsax8YcZt5kYnMiDRO874J6vkT6zG8///Xf9Gy/DMsrC75LXbdYr0/XmzXzG7F2nE5+2a8Wi9VM90O0OunCwq/vb77yiZdttSlVR7pHDgz52nE6aTpWO+Gb5c39o+nJaq2G8oqNBCx7woix0qjpXWQZXmRj0BjdCB+L1w3fCokojz3igWWeJQNJOI44mrBF5HinQTmp248WrEMhOhkXY0g/Zanz4oYSOY/HefS0tJ7iyNQOuMU6h6bInXZgzis5zYFThdw4EEQnAAAAAAAAAAAAAAAAAAAAALwBICv1pYKgOgtItIsFpWjURYybcViP4xnzWgqMLkbxPmEtS9LlvSeI2n/a+TQ/F5ptwJc4wCxex8qbpO4hpjvJcSftqVLz6nzxZbA98PlX5LOcRdtKUiL0ACouoY6oY0lUCWmac7k0G6ME3/uuD11PPn2Wvlu5sKKw9CHI/kapz0bbpdZgKb/hr2kX+y+X6tmWS3fnwrtbm7ooa4zKddnKUavNso3X+AweR8dn43Dn9P4rd+7eOrt/No4xWN/QbeXfqD4f2jbqZeAlXCh2Xdf3y7QoJKhLX+PAn/vtF971wae7RTjyi9M76+XiKH2GcbPZrNMmNVflslqjRwpl5xoKQc89LLZXCLS60qUbOm7Gr/z2y1KSJ+1npT5u124rfy2ITtrEpvPW2Pq9m8LTeui0GhTNYZJnJQ0yrL4VanPCZp5EPNnmgNeeRonG2YrEPGgkJUcSvWQiSgSaj7Y83dk0gLEpTrzzIaYhI+i36FFEi5VuMeUhdRq13Ey7xOTqs2OJXuJzM3/6Y6PFi+bDRTykP06EACYAAAAAAAAAAAAAAAAAAAAA3kiw1fxT0S9GtoSLcZM+wyCKEyc2J2PNcFGIaK84YDaT57NiET44587Z/FIUzUSebuYHml6apzK9dx+8T9zAM+3L7nElN0eChzRYh4IpTsgH0RmQJOyw1UfVB0AzfrrO9yGkz6pbHC9Wx/3yuFssQzeKiMe0DlLCJS3vFkFJ9DPXk/kpuN0snJ2ryIYyudDP8/sgRiZxbldR920bWnRG5Hun91+5d++V03u37989HYezOKhKJlJjGlMr1ub3oQXnsFgs00fkP+mH72ydzVn89K985W3f8MTx1dXJjeXmdDi7P3ahT5+d89jX9vt5gPm18v1APY88LVZdt5LmuvvK2UuffNnpdVkzp4mYGmS+yaMVnbThU74IQai5kMtMXIr2uXLUKk52Oxyf00Eng52qOMl6rshZWpDznMQsSKbF10SylnjkOLJ6B5F/HMqjNyfiRFRGFZUUehY5HI+eRG4i32m08qM5+YjuRCyc5LHwokFR+5IgSTpBHVCcadY86UjhqBll4tgedxL8ZSWfzpydGtsATl7/PkWLCRtlANKPAwAAAAAAAAAAAAAAAAAAAAC8EdB30a0+bKoTjoPjtTqdnDneaNaK/BAvDLPCyEVCmtsXqOqgxrnUyByadCGXLiWz4/PVBFRNSurPVKmOLmfdZMWJO0hZPq1mBfJ81ltiGWcleCoWKhSIQ/p2UqD1EqxDFh7BWmO17dLZeHFAoYX3R35xvFheWR0d94ueQgheckVc69TCVGQCpVmZ9ghgdgUnOzcgC1ZKkkku9OetXdEVMLu2rSj7rdCoxdx0y9cuvnjn1ou3b93ZrIe0g5DKyCFdcyyylbSHTh1bcrwMixYjbbvsl12/6HzI3iEksgxn1e3IX/jNl68+ffzUO672qy59xg2Lmc5gHc+dz4NqRc7l4r1IW6QquhjVdL0PC7mocT2++IXb95+/J73AU+2fU2dr7ksXx4sr4vukQ1s3XJQaRK22Y2wWuartcJeA5luec0ojzdaP2cql6Eiya5Cqz/TYsfUvKi5JFppFevJiasJjDvHKBidZrxLNNEdCdiS7pfr9sOddQRR4rRhFayIaoGxipVqTwdHoKXo/iMWVl9Cc9Oh70ZrIiCcTwcyB2AZ4k5tIb/AuFgFJtjmxX2yjQyN2K/4lVZhC86cmq5ZE1CWmKRLqJb1FFCcj+/RXCgAAAAAAAAAAAAAAAAAAAADwWFFTk6aAzDbnLPJplEidgd0mfaxe7FVloTVGKlXj9uV00QSUHA1PtsuqqJDX4rMUIkO1Uu6LY0m0dfK2+iZ93txqj+Z+kM9As21cyE4mYo/gnaveG3KGPIvU2avdKMIO284Hn8M9uJyYRDl4KaeyJamwaluCmgGEyL16WnQSIiNmJcWCQvIm0smv+uWVfnXcLa73R1eXq/RZed+JV0Cq8w751X4tqpbjzUQuU3XeufaftiFzHM2O64zUgkmb0LmsJLK7la5utPbJKUOerP3Tr+jFa4LT9Zy5eHt9+vytl1+4d/tuXG9o1HqvnlWsR5IbpIqLdBQfSFrF6Lvlolt6Vbeo4YErd9bEBHT35dP7t9bX33p0/ZmT0FPot5xBHtTU5NWvfIg4xJvP37n5pbuiksiiJnN7sJp7tvMgV+0aHt7phA9qQl4VD7lf5knf5VwTY5U7lpspvLRprN+aKsmZPZJ2vsj5Y/thyWOi2GgPpHtIBxFJA8JTXi/SUDTq6CuqQlMYEg3iceJHEt1JJBOdkKoG5aPDoddRJv8NUBOUXZ+oRke3h5257CY1VRY1uix6Uq2JE1OcMX08Rw+nEwAAAAAAAAAAAAAAAAAAAADeIFhwgTCK0CSmzyamb96I5UkqSEbKxUSePDOKwITcVi7CVoGRzPWgqabTvIjtZlvnX5OugqYQhvwzzQiNe4rqJ/zkW3JJ34dtco6DXFdWEGQ1h9M37OtFiu6mS2cQNU+HXK+uJ6ZdMR+X9Kv3Ydn1R8vVyeLoSlhcWa6uLFZHi2XfizrFckbqhVkWT5mobcLlpA6fNWUzGduQi5bkgSQX5TBRK/+p+nzn/v3nb73ywq2bd4f1oA4I030vygqNzhHFSQii+JFkDRckWUc/vghhqLhjVPuVfI0jv/LF+ze/dLq61p3cWPVLH7rgO6/OKY+ZGOO4juMQN6eD6GNuntZL1ns8t/ao0+WLH128zmuoQbk8ND+J6noSxzGq4oQnH5soATnR/CnYJootEZlNRZqflWJpk1j6uUi9VLmgT4W5ZzjwunAmXiY8qpIvqrtJlDsjGV+jKE5Ejsem9VOtSfZwsjE4z3c67u1q+2aikz0js6lJfDujbjkpllgjdXiMNA5uHMXphEfE6wAAAAAAAAAAAAAAAAAAAADw2InRSsNR00/S1BDjZhzPIg88bpwbnCaetBYOrjqRHKwJt7EKVVZCs7Ijbf27lxqCk1N9FE++SaXJBe35wS5mj/eJy6/qZ+VJzshxWXChJh1B/C2409CcjkR3EnR9z6yv/stGgfwydEd9f9QtjvrFMiwW/UL+DyFoMEvTBJNhiSXczNv1olbej15HK4Zg3i332uFckUpIRyAnqRrEp+v1S7duvnzz5p3Te2nOmPOCSF1hqMh97H/xNRHdiShPupCahCQ6KJDJTopGaCZNqnc0m8zcv7lJH1/8bKYkJpW0UL4B0z32u00Sp5AZ20lUlw3t16KMECVEHNMdSj8SdhS7G+nb9i+HK4Yx9btSzpkubHqjc5fKh6nrt+XzqhuqK7x28ou4ve8smpl1l+3OlP8t6UzSd5ktHCmPJupiEs3aRGZbFxKdgh1QdScq4ZFtqSiSZGaMZjeEeJ3XjVNPkWhUjxMZg4IYmbCqz1gUJj7aY6ueSOJdZINwHgfy82h6RLctUeJGjLWtXpp+WaxWTnEqIWFcg5kGkcSkvrQZ3DjQGCXJDE4nAAAAAAAAAAAAAAAAAAAAALwR0HfI9Wtwbi2vkse1OZ2kSp8GZUwmH2YDQk3VsK0Lt0YmM/OSUqfnsg877j4jA89cZBBWvtQytKgBvOb7iPDAZ68JeTmeiufCFNWzxxmCi0vFRUw1U3tvn/TLnBdcUZwwd6MoTnp2nVbGTVwhlXetvgZHS9+dLFfHi+XJYpU+x0GkJ73vgliC6BVRThfZPgH52i2kbq0WJy+A3Fp+LlRwZjzB222Q7UZa4UTUWWpTISXmdO/vrU+8eY4IAAAQAElEQVRfuPnyl1966d76bMORQ4jazioREQlIjubRQCHN0gkmAxKPEvEqEQFKql776n9gt6mGGHFxvmErMjM1F9M0BdmadSeuFRexCZjG/CtbZ0yik3GURSY6Ya5L7DhkopNp51k74/dKTA4ITaJaPpAeaGvRw8frtDfy0cJ7+9bcmGg6epW77CpOTMWkqh61SMp3UfYVLQZFd5smdHixx5g0ksqXp9oeZVmZqhzJVb8TuoToJN2yCNnBJcj6r/NZhzSmac8TlYk822kbzgFd+VtXNNcqu2OmKav7mJ6a+b631EvNfH1mqfSGZp085nJ+dEcXRxo2mqoTffowhxh9lG8HAAAAAAAAAAAAAAAAAAAAAHisqL6E5ZsHdhuO63HcsL5YrrkGsdQDa/Wd3CXja2iqWqfqcin4b78E30zRpFaZZnNRG/hsrpFVAX6+2sEToYvX2d2ROTHoxlJklVf/HQeiPrqOqZeAHy2gl3PMTg0aMLPsupOwOOklUkd0J32/DP2CNHRG1RuOeW8TTOe895waHYD9NOsXcY/giyQ1XBN8auCFsxwhu81peuP49ub05Ts3n7/1yp3T+0O6YE8DtzKjfC8kV8e0Jt6cTkInehNBrEPSVW53ktwBqBGOTNfQrjd5qKj1SO58RYJUT2J+aa5oTWyiak0m0UnVQVn6z7R/qt459tNZSkw5rUtYm3Cuy2c/h9zODyc6YSvpF1Q6dOGtfZD9XzSPJ2EKz/6hNhCLxThGzm/MFkk6KuizMoq1ifmUqOhEPUtMR+LE+8RrBlVapEYZzhrO5wfNmVrF64H8RY/scnV0/95dBy4iNdThFTahj14NZ0J6EIKMdRTsSS2ONFM3KT1h9mQUPVdZZzZ7om7CbfeynsDlGZbeNVgnE4+T9D1unKTqRBpGVZxwSN+jfDsAAAAAAAAAAAAAAAAAAAAAwGOFJWpkiPotTifxLM2ST5YiVIWDij6yK8IlquCtfGSyMdAj2i8q3iQ0X2/nJ2djEJ99Lzy1m5kmYKe0SRef4d6zzrqBqjgppXCtmAfyHVEO1lF/kyC2ANMxSQvlnaeVDyfd4kq/OlksjxaLpQ8LbT8tvrOFwewYA8wMJ84//5w+0Vi8NEYEDwbnxAyfSv0SqnQ6DC/cuvmVl168e3a6EVOKkFdToYmE0aTjxjStbiYq0TDRSQi9GZyIdINoUimdcy1T6bm56Lm2qX77bDtDlK1nXA7TcY0AStw1WkWEhurYhIXppMXp7Eyx5Gukjv5u9SWXj9Fx06Hl6KUfWjaNODV0+yxrzt2Vy4KqelHRWZSRy8d4aGbJOLnEn+fTlq6k6oJa/xl2lqdkvibSmiI0GbMDkokFYumN6qViwhFXPUuKgZFIGpxmUIm8QZrNt1FTxQ0lqNeKuQcNQ+y6c106FssVRCeXITXUgaXrIXLXiWWPqszEsElVWVkU5tpxmvJvFVox0fQs7/u7kMVeO48Sa2SO4zJq6jMYOZal6q81buI4cPrEkXgMw5DWCulJGzlECqxOJ+7hxnkAAAAAAAAAAAAAAAAAAAAAwCMjxo2anQxjXDs+iyw1PvM48cXawJtApDiV7HVLaOvruUxuJXyTEjSJITXqIdWbNZmDskMFqUlEfmM++KIA0PWpyE2mAnRTIKf9EoHt2JBLSGUo10hzWouctegJxLJBS6MSr0MUJLmFKUh1lt1o8oBUTO/JLyisNFVn1YWV745CtwpBFCqkETjRkmo0U8LSZ6g5T86eAuRqydc18ppc/JXybN7mgUqupbhrTSeGEyTX4d3gxnUc7pzee/Hu7c88/+Uh3RfvNL6CWaUy6Qq09dUOpPejuFSEQKJBCT50XWfZNEHums9+NbR9U/z8d5VTVNlHaJJtmnWlbq2mGI08QZOM1AlhtJVrwToxxmEzbMZx1F6npg2OOh+i7iirZNSmpTTspDvh5nzqnN3VthbtkhZ1+x+U7RVdc/N3PW1yiJB7FMV1Zm5siuYCgTZ9yJQC+p+1apW+pDYdBxGdZPcVyvoD5ilAp6bqSHfJYToaW5T6EueEKju0qk8mPY11T9tJmeDN2XhAdHL1xpM3X37RgYtIDXVg6el64K4zcV96PlyWklAOxaKZP8lcJDYJ5rbg7eGrrsjVFSVr+tqFUWRiqZ9Jnk4xOEkTqjVZe7XACdEFCTazsdgBAAAAAAAAAAAAAAAAAAAAAB4vcTxzPMSYPhtyA2k6BoldAVlYjKkgTD+ipeBZCXxPWd3sTNi1FiB1YapqVnUA8/b2VvJvXp6fsk9Es1H2XP65oOL4EAXJ7aQXVWd4tTORcqdETkj2RDDLlVJ2FRcQVcT0vjvul1eWRzlVZ7FY+E49UVQxwlqPrwYT+6wB9rXozIaiEaO0K9N8w/2XnrU9Zi1gd11TlM7G4e7Z6St3br10785GdQ7qXEGWGqTeJSLUqPYvXeg1R0eEQXlCbU88+Uk2clBwYQIO4uwlU61NKKtuXFbkuOJ/Md+hbS7labPk4FwhtySdzWYzDIObO6Y4Uy+plsnOc2+GznnKpK35c/eQ/XREF4tOuFib7NkPcanJc3PnHhhrrCooKQfm6jg05ZrErDEx3xLxm9AnPuoKTm1jVPDEZmFSxFIsqpBYlCIxp+roM6NyodT0kbx5FUm8Tsx6FNVhaYBQyaYq0hNXzC+Gs9Gd9Odd2lNvffZzn/odBy7iLW97x4Gl99fRmfOP3BJ9DLP4Z3K72YZ2Z9DuKrw9MDkTkc3Td6xziruJ3vPoxtENm3TzadykT/oblfpM4NgxSbYOU8/p6WIVMEF1AgAAAAAAAAAAAAAAAAAAAMBjhuOaeWBeO2epOpzFJgplXYUvuScuFyJr7Xprd02qDrsLM1/8jlRCNvLeCqBiSJEK4FV5UoM/nKN51ZOa77prenUFSc67SSVyrZj38pFgnaBnpOky2iCqk+mIFs6vuv5Kt0yfk351slytFv3Sd8HK6HJxsTQP12CJ7Rah885kd3rrJx003nCuSa5h0RaJp00q6G7ieHd9dvP+nVfu371zen+QcCXP2XPF9EYWmuNVfyJl6a7rLV6no+wa4s1O5MFFESpOqIKPmfXBlgdClqCU/JoYTa3gcuiLFKtlzjiONlH2WeQs3jw3JsXJro5k7/m3M3fNTqYz39m0u0xrqOvP7k3dfyMfWnrCVallQq+mgVJjac9k1ZaYCQ+VObqYc1ZOlYZ4VY+kRVTCkew5lnspahKWZk6PispQ7O56FaaQ9P9R1ikxVqkb1h7vyzmSjUGaaDWcDQeu68lnnk03sr3fYJfU21NDHVjh/iZqepolGjmqo3hJ1iniomnSOVfzl3b7I7dik63nWAcWNhmTs1HL1E4a0jREHtTdZNz4URyYKG58HCWViVKPUtFJpEBOpH8SYQXRCQAAAAAAAAAAAAAAAAAAAACPmRgH5tOiOHGap1Hjb8734agyD55+FusExzv+JbaOL8KBcuhSLPa58qwqE18lAuqu4lWfYaYU1Yqh2oTUN+Z1uj2wPzeU4wDT1aSSOtUiO3VS3+Te+V5OSL0/ypWZ5UmgbkX9STg66Y5OaHkclkf9chl6K+BqTAlNURSlhmtFXWrKvbsWAucIHWbKhMnJIv+M5g+zsyuvi8StYlR5QTqt02G4df/uS3du3rp353SMoyx2Ki5xqtBQBxP9iNGL70Loomhjst2LCkDUBMaVBmN3TtiR4yYeqVhsTIYevpHF1IZog2/KTrIth0o9Upl6MNwkMXElo4dncygHvez6mpynOJmdf9PCtnJkpiLM2VU+dO5SnC8jsusl2j2/c5Qvhy7AzCRYNCTR1ZK/Iw0oYpN6WK6Om0KYmM3XpN5Q207EU8VxpzwxXsUKwR4PsiQqmdbkKRGdkPqj5OwWLmFLZlOj+PJMc7FASr11fW88cFF9v3j7u98Hs5PDvOM97/NqZHIed8+iDRZcb2tRnZSHMAekXVLiMQnHLEZsd4USzGQDuVicpOcnPUObTRw2QbN1aBxDHPwYOx7k5GwAYt+RqP+CqrrCQ3n/AAAAAAAAAAAAAAAAAAAAAAAeIVGcTjaOBq2hd5NuYBKRXKqux6WS2G5lUgifZRMUG1FHMSzJ1UyvGhHvO+9LXVrq7J5drrbzoYMX9cmO4IVnmSzuUnB5oz+nCwVJZRGPExfMysFMVOwCtBLbkT/ql1cWq6vd6mp/dLVbHvWL3gdybqaLmTIlbJrKWR26uEl1oUkkrdRkurT91eDtKnFNWIkkZd6Bx9ONpOq8ePfWK3dv31ufjs6Hrs8SEO9LsE4wMVBIHyPdJmdeL74xDdmxNNhXpK7KpNzKl7grWbM0WSzkNpG0l3EcxmEzDFt7se5U9SVFxhSqbY6tMFfqWE/bey/ynap6mhhzU3KzeTm7TLfvSg5249nmLncermqbh6+vV+mAGNxoiAmbwYkaluiyyCaf0WwlZ+Y8qgjRsYCpyARCXuqqZMCZg4x+B2kg9qIHEqFJKE+SWuewziRL1amKNe+qyIjrPqk01N2X7zt3/cClve8bv+ULn/6k5P6AfaRH933f+OHD6zx/dzM9wVOPnpx1rGOUrCc3rZG32emZuiNbQvNR2LX2KDZcp8OMo4pOxjiMbhicpDhFHzchxi6Onct9U6xNPPUab7bw4p3TQXMCAAAAAAAAAAAAAAAAAAAAwONGpQyxKSWaFUUu/KrNxvT6e15EU514qopP5hvb5Usp56s1SNGZmNPC5DbhFdM3qG8IWVFfTmBP3sxcy+Gy1YQrxiNu3wZ8QSPUCVOUxJolErxPRc9Og3W6VE+XmIccMGT2JRKs0y9Olqsri6Mjvzjq+lXXL0MvV6QleD25KsipnxzMk30+rFlcNd5wvjhJTBXb/aKOy6oR1MZiTA0aSTxtUmX33vrshZuvvHj75u31/Q2P1AW9unwnLEDH8nRCjjrSfynkwB2TpViyTmoxU2NUK5wdw5v2vCO7amVDTS4P7ROhtGXteiuZU4F6HDabzbBJE33oZhKTMl3VJ8WHZWZzsuMQo84lO6dNVOrvLj8w1Qpk1rzTIyB0zBcrIdRZiNpdzJaWw0tfYlflV1RsULg+cJ6aLJQi+BpddoWRBKKYSvsShBS9JuN4jmO6rjQ/y0Gs7dTFxI5d7Eyy3CR7urQyrmhPjCt7UNcajmJ2wuyjqbRkqZ+CeOw0oz5EPL/bJIZLrhhr6NSdl+/zKEkq7hyWq6N3ff37P/3cbzmwj3e/7wPL1erACqlfvHhrYHJznRjlXqXT7cPcjLu5L3jKksPZYKVSQhsQKPuZmIwvqPPTYL/TA5y6peMhbkbebHzqonFInxCHnmMnHxl8AwUnWhMxO+lFz0V92lE6MpKVAAAAAAAAAAAAAAAAAAAAAHj8iBBB/tW6MZMV6XNVeysbQS0PcjnaqTWKbuar1EN35LmW58VVwanixDOXPBmfHRXMy8QsM3KwTg6jkS2rv0N5wZ6K/GBKaKkGyakhwgAAEABJREFUJ1zL8y4XT3lLr0HFWWNvG9S5vmkVpwYn7BaOlio68ZMGJprpQ6p7nnSLq71F6vRL6rrQ9X3oOlOcUNHaRBN8mIInV2CplvPNCUZzTPIVWdvK1DkpQVV2YwID+fJ7lm6ZcaRjx4Hc/bi5c3rv1v27L965efPenSiqhtD7zndhKO0sa4sSIXi5QZ2KUeTqUrE3KziyckaSmbYcZazf7FUK1AvMVe06VXRDe24ROTcZ58hpDeNmHNP/G8mK8a4jP+U+VcWJr5qWSfajs3NreFekQJx3nDN7dHWTPZlmxdW0mUmkUiNnVDaS7UPKJrrbSzmdtJc7D1Ki9uql15eeQJbr40ql326CyniYczyNJeOIoIRNHiWImcQQc09jk33IE29HpkhZEcIzVxlXfCvsDjSn5e2Z9i7n75B5oojiJM1MzSDCFn2gdbHKA7T1Y9XLmLyE8jEi2dH1SXMqYeGR77x0/+ozx+583vdNH37p+S/fvvWKA3OuPfHUez74ocPrfPnWelccltN2Ut8uQVUuR+20Wr9Y1za9UnatEvJ91afIXInymmxdQnKdBg3TGV0cU0/lzeglTyd9ohqccKe6Lc02c9ajRHRCogHs05jEoju5pA0XAAAAAAAAAAAAAAAAAAAAAOC1wwrdJhzJ9hPZMsTtkTuUzBmrLtYqZBUMVFuK8uJ8fkmes6+B1ZODJc+E0E1nQcVXIdeiW0+LcuzqViHfNZbDb5fyTXli+o7JCmJyuHDObaWYVLFK8TDRKrxqEgL7jl1WxOjFS+ZIVD2K9yvfHXeLY9+vKCxcWPpu1QkWOVPaVrwl7FK0jl7VAiJFqZfN8/IpZ5OJxi9ktzY8v4itOVxuldMkGjmOdxsX1xzvbc5evHf75du372/ORpLSsjaCV0sNMmWNOJ1Iko5k68gNU48TFaAES6KpsTpt41aCXdfcVsTug2tuSCut2H9d2tNMQyF5Oqk8zSI6GeIQRwmLsTwmyhE6vvU7mSrmRPVo+a5kmc8Ma7WoV1cTfOoOZw3rafIQKbuKUk+XDCnbvHOXIauOiPdJUmojFAVWPQMu1ivaYWO2I5ImEoMTLhMj2TOgi3Q1tk5o/cpnsxlWhxJWuxo9l8ZDhcqRiRttltmesMmoTHUm2ilS0ZrXXCyitlOaxoezdVKrUVKlV5aNZdGJzXE23tz58r3DopOuX3z7H/zD/+xn//7p/fsOFI5OrnznH/jevu8Pr/a5l8+aX7OO3vb7rUc9h4s1i8u2XP4E2HMSNNLJldFf/aFEqDbENPScrXmM4ruTOuoQKQ5paJE8HY5pok+DL6nBVHrIRfLmLdCrJ9fL3xBRO/nDgyIAAAAAAAAAAAAAAAAAAAAA4LWHaHRFLFKiO9SwYP/q3ow5RDvCOWlmXiufhCJU/Cey7kEiY0SyQL4TGUNRLJRav3yXsIQs/bA0DpeDGvac+/lahR3OSd7ZXY+0lElq2CJBMq5YZmRDCKmwR30Df9n1x/3y6uLoZLGUVJ3QrRbdcpGzdUprFMkM0Xy6Bu1Ywo4v2o9KveRL1VXbBqJyuVk5wdlrZXDujIe7Z2e3zu69cvfOzTu3hlTwDT6aTiB49TbR/4ROVSedmFaoFY26ePhWblIr0dwqg9y82aukaEehUmM7DhgWWN8Uuck4Dok4iPIk/c9jzifKKhbagovgplWNtJE6c+eSer57pB9b64siYzTdSixnmMrmoyk1cviSik7izsXsvZc0cxSi7TvOVZmUb60KY7LYxbnqDsTO7Ezy0tEyoqjuxRUtAHF22Un/ec8u27zkYzBls5sS8FTkXlWT5uTKvGZQ+WiOQDE3tONgOhLzUynPeJa2uKw8au520eY0upagJ+lL973/lfumcnLnszo6+fbf/73//Od+OvUQB5zr+8V3/sHv7ZfLw6ulBv7iK2vm7Y5ZlSXU5CkVP5Pyg7eHs7LT2Z6i3HDpjtJbZMUxjpvx7Gw82/AwkOTpMMXRj6xOJ7zg1IW48xKjE5zXVDMym580HPea5hXEbon9BZ0CAAAAAAAAAAAAAAAAAAAAAPB6kbNuXMlFOVflwKXqLVIVram3RT+qWhHSyrYrRcFc+5f31j2p6EQSd1IZ0d6Bn0JF5gX/uQvGrCq/VWvcLj7yvB56IbV674sThOQMkWQ4pAKoKiy47lgL9q5zfhn647A47hcn/SpNHHXhqFssu74TxUnxi7FttU0m3UCRSGS3AJ4EHDTF4myd3KwxjJg1PY2fRPWnsHQLi31RIcHo6MyNd87OXrl7++bp3Tv3753FUfxmNP1InARC0JP1wXdZdBI69Rcoxi2iFbLT9rV5mSfJktsy5Ni5Bbu6E8vhcAfvzTCKykQUJ8NanE6sB5o3i6fs0uJoS2JCO0fMQThVdOIOMnW62jljztAxfQdzbG6NnlgW0Jj6pNt7MXvm1dtX//WzR8Iez1ijc9J3OtowZK2AHVDCdPSf7GvCeUPr0LprlYx4S0WhIpdxWSuTM5+o7U9cHE1UREKcu7K5oXgVMqkrCYd6oGKZlPtIHRGyy40jS4HKEiw9w5jthagop8wrRXu3jiBnwyufeOWJb3jCHeTqjSf+lX/tf/SLH/tHN1963r25efKZZ7/1u77nQsVJ4lc+f3e9rtIomv1Th6QcTTVfZsub1VyxP2lWyE9IMRGSx9hxeorvDacbGgZRmTCHMfrIfuTAruPYUXpySHUnrk9jkmhNvAnIUjeTEVkmnBpmMTQnAAAAAAAAAAAAAAAAAAAAADx2msQMinyuc0jWS+TX27kkZ3DVDHBdz8rJ5k1Qq5IiNAkJ8vrREA5z+lDjBVcqk1sCheq/0v7cFZ1c5jqpPcGtHeSSOZvihK1i3jF1Wk8345N6bHFhYF703ZEYnCxX3eKkXx73i1UXFqHvxBvFVY8TMusUkRGM5KqlQFYESBSLl5f5xU3EUm0mX4FJQbJ1F7ZP3RZxey2iFuCifhhVsbAhvrM5e/nerZfu3L597+79YS3GJUGDg9K96cTUxFQDanCSvjpJ2BHRSTCrk+p0YoICbkxKuHjUuMl+IyttVDlQzWLyMtoRWrRMniIaE7MZh2jROhoSlIVM5TbmicLurqoyhrUKXvdftFCNd0PTn7MqaO6LUkQn6h+jJ1SXx+rVUYQqXXsvz2VXhrOnOdQnQjQvzlxJJGVoTP9Hsxsy3Za4r3ArMTHdRvEasZl2fjELoMwPxg5iShEqAitTn+TcHJGb5MgbU5m4HN0kYhSvna08oN5n2UqWx9gzXm5V8VMx9YmdGRfFCVU9FmvvtZaTh+f279689q6rYXVBYlG/XH7XH/q+z3/mued+7ZfPzs7cm4/FcvX+b/rwO979PvL+wpXvb+JzX7qnk7O+xzOtVv1nK1BnezSibc2gKLP0HxsKR3Fa4nFc3x/un/LaFCejDLKRQxSDnE4GGE5z0qjTi7OSDL5BxXpB+0avqVb2pyPk+DfITgAAAAAAAAAAAAAAAAAAAAB4/OTqbqPw2KUpOOYiYn31vclVyJNigOC1QK2b5ZQWUS/0jrypTMTKQC0Xpor0PH2GcqE7upmXx8W11HYn7flfsL7LcT5pIojcxOknVUElSSeVcImn1JHOh1W/PFmsjkVusjxaSLZO33VdyKk6MVrRnO0aHMepjYpjRiSRg0ioTegWOX+GqlmISSr4wvOeX4IrUpfseKGKishxiOO9cXj57q0Xb926e//e/WEtCUldUMkFqayk86omCWpwIqITEZgEbyICyjIGr/e0ZirVmzE2bdgog7K7BZkEorkZJVlpn/FHFptInM5o0ooqP0nNlb1NKDpuhSaWv3GB7oQn4VFrycDlTPY2du3tsepLyvlIpI4oQoq2Y37obrofxZFmmij/ZGFRfbaKeKdKXdJB9OCUWsJ2x5ahY48RVxsJE0zVfpS7c31SVTtijiPyYHq7Vvk1ms5Eu6l4SBQXkqI7YVVdFScSMcWxAYNdVQDoz5mQyKxQIrvGI0N3Mmv17MmT1VZ5xTFr2kyuZCY9G3frUzef+Man3EWkJ/Wd7/mGt77jPb/7m7/6mU/+dupD7s1B1/Xv+vpveM8HP9T3/SU3+bUv3B2ixXDt9yOqv7ObUBO14xqRlomJqvrNHi7TQGWPnjhw3MT1WRzWY/renIbIIugbVXSSBtzIojKR7sedWGI5y+8KGqbjxd0kfY8kY6b0FumH6Um5wCMJAAAAAAAAAAAAAAAAAAAAAPB6wFxDL+gSK2cbi1ErfrlazFv2ExqOkcuGOiHuJt5JUVEqlFItl5iF6Ga+GK59v75UzqmRJWyd3qGzreYW+69itj1XJxU5+zF6T533PVMvZif/f/b+PN627azrhJ9njDHnWnufc256kkASAgQSIIHQKiAojZaooCI2lCgWxadeSq3iFRvKqrKhSl98bUDLAgVEkVIUiwIVaYQEkZ7QJ4SYhvTJJcnNvafZzVprzjGeGk8zxpxrn3OSC4r3UvX87rrrzL32WnOOObr9x/Ndvx8MQUOHKGrjSq63McZ0utmcjOM2DBKpM0b1xaj1VczNzAS0vi9P3SuF1JViLvNUcqldWEKZcxg3UUxH6sfNJOYeaRVXW7+q4C9oA7QMoLnYhQ9lPt/tbu0uHzm/c3ZxvptnPq/mrAQhTrioy48U600jcychWqGZNKfHoIGioJDaKDQuYtWZHIXRWmEDIdjKMiL0HjkaxU0adJJzEY+ThjmxG0ywjpTMDcBWEId7YkbH12pw1eqdYqqhLjf9XdQ/Ll4mmmxTpEnFsnW664igMFCHEbWHhMixU6Wrxg+Nsei3CnC0CtorelqjT8TORBAOCUPiT4vBiRAk2FoK0CabTla7VrtSC3YyUyEzNWnXtNlJWstvBhLKWAk7EhUAE/wKoAEralckz5bjszSlna39ihrFElZECywfhB4zhaRhKtCWJYhNEFy++c7p069tnryFR6FhGD74RR9VH+988K3veOubzu7cnva7w35fSob/p6juF8OwGTab6w884env95z3ed9n/4o+/o7bhze846KBbZb3tfza9pe2H6MNSVDuhJqrD3S+SV1teJk0iqsvkkxz3YIOZdpTPsB0iPNcZ3MolDIN9c8CL2ZKYmrCpk89fg1B/m4IgyKuJ4pDhRXXBu+dJnS5XC6Xy+VyuVwul8vlcrlcLpfL5XK5XL/WCt3Co5e/3yN+0urB0C1JoLQzIPRcEqENtHgonhkA6qthKAXXJ6FcPTX2WjRSs1xY/XZJdVm3EddxLaK7yQY8hhJWv1+OlGKoxc1mc8LfurfKu5wzCqQwYjhJ4zYOm5DGEIcYk94k1+9LKYtRC7M8XF4vuG43CoFDwt8Upk+y3Gpk2mUADWghs/G4FzYBa8Cktdx6Xgw5QKAWDl4hpMt5Oru8uHXnzu3d5flht58m9pEIGpTD+TqJfU0S/8y3EjUFyUgRCf1Z9d8xL0ErxgAWXEhvXTJZsL0QOlah3g+lQcoAABAASURBVAh39/8qTycbdVEM9sA+reRUtU1rf5C7PRpaIZzumg+4XLIXy3uFvPv0tKaWlp5jziJysMQjafgOUrtHbQB1Q5SEd68jPO4+LtODQlhUbGl0K5yl/fxTNrccuYJaU6zwGFhxR9a75jTUj5V+QsmOWuEv2iKO0SlmyxMotEG1aao7RFCXFPU7MS8SBgI6s4Ntesp58Pg3wrbZpXH9/gZWoUxXaIYwAhnpDI31Kux5cf6qW+ljhriN8Kj1Ps98Vn2A61jn+/Jjr7ule5ECJ/zqQmKt1jneY5m1xSNGNIY+KYxm60ahMSr8KPNcpgPlCfIOc445Y8mJmDipj0g0SJAXb7hyDc5h401ImUO23onSihSsbbojgy1CcLlcLpfL5XK5XC6Xy+VyuVwul8vlcrlcj7XCAgwcZ6bc+81SDkatRVIg8wHRArjADAyaIAe2iMGJ5rOAGpxIIZ9rk/KZe7Mt7Uv1YMEc6pNhbhmgASGPQnhXPfKYTpB/qPRSqxIubPcBoA+tqls5lW8gI9ufhE1I18ftaRrHENnmJA4SAaFFUMDQsJzmV4JLObd0bwAJHMI8Z8psvnCYp/q8pTIkPlsRAiGEe9/p/e6f1GaAn+uj1DGYgM72u5tnZ7fO79SDfckMkkQeF/ETYFOTxMYunKejDgNCnKQGnVhszbGbyRFucqVVqI4b2HsPsHd2C1QBWniDhnxYWo1wHpk4d8i0nFkVdIKEew4r3Gvce4OxpQLJDMIrHjqFjlTE5qQfq4tD/wRTQ2Zl03w6iEOlZNzMTSOB8UeGhQi0AkZiCFSiSA0X6bNyLc3TxX7fIRkFmMDYHupWE9bdduPtTpdVYnhK6WPAs4oXomSUtK6QSateJuJEImgIKI/ALxYt98tvl/AdZUSUI9GZTQ1dwL4fgNmoQDN60dEOSg70vtc2oL6sfioSc4V1nQSBoKK67py98uYDH/VkDM4a/Oo1F/rB1z4yZVpvtbAm8pafltVEEmdzfKY1Nqh+VySgyVw4FWsuZebdbZpgzpinkOdY/2KUmcN06skysZEUhhHjKOhLBInRYYMT3oUt7IlZvz5LCBdAhsBtTlwul8vlcrlcLpfL5XK5XC6Xy+VyuVyux4VWdiP0XjxOrO7d4Q+rc6tDglYuI4fpqC2FICc9t4Gy2jkUS2Kgu4uYSigsqQ0AK+8TAPqPqzE2e4zVK/3UbEYShLHAKGV0NXegRtjwYWYHiBTCNqRraTyNwwbTJqYhhKhf+deGk4TWGG+xJk6Wa3J9nUKS7JoZQX0B9lOt1+YTpE3iGqw6ZuBdhVW81zGu7DPUEqP28pzns8Pu5p3bD5/dOttdzLUQzLCEuLJwIT8qFyLOJgKaxASKdcCq54U76NjH2kJmQU+6pQkchd1ccUa5/7iQ4iY5S5hO7QYondRodhya8BGWCx33KIar57zyLj0X9dSdBkAUeS9bMhjyYg4neqwpN2T92xklNusISwQSq1C2mSTGNrW5qfmMQLtqLcfPnbIxW5NZxqrhLdhhkrL0LEAPwWquPovHiV0AjUhpliKU0U7A6TzBVpUiPIIcFTUjEdKKgRIJMuEyP19aLxra+ta+DeICpB4TaDCWxfSgLGu086ktirayD/wyGXBliNQaKchLgMbXgMxN9j4J6pukuEHtwLPDndfcfOAFTwLXr1Y/9vpb5zvloVY2J3APy6Crmw/RavsshkbZ22xxEU0zh+nkkifmVKYZZ7Y2iTTXjXWgHIU1qQsOM9UN9HTcDPUPBhWhoHgVJ/aMav5Kxp3wNF7/bUJbCgR3mWW5XC6Xy+VyuVwul8vlcrlcLpfL5XK5XK7HSEWhAqD7GZ1gc/AAPApiiGx5wOkIIVgdmaMwxKCEa+lia0LrsBIgiwdZVzTXmTSr8+vTQm7QowNP8D6xC/cogS9BLZIxwhV2brIV06WEz1/oJxjlO/knw3h92FxLm5Og8TopcbW8uaE0c4urtIOW5fsl5a2cp8O0B+73e4UdmFs47Oqbx5gUVbA6/t030G9kdUdlVQOuF7vY7x+5fevh2zdvXZzv84GAYywkp4SZk2EYxK4ipjjEoVZ62WcgiLlKsPAdG5FS7EL3JE761TtLAPfq/7sHTuxDuKnzPJceX0N6E1ZhlmasLtHr41f7YIFz7jlDVu1pU4pdSWiWy80NN8k56/xUj5P1x5XvwGVCmkcLNNZnLlmRCWogRTrs9n389G5LnhuGItRV/fgMmJcLkcw/udGA6mhCsGTONH5lPXnbwJDY8wjzgaRgSmD+RaKOZF6iQV1Syxe6SrGjoPlMmST/CjtL1lmjIMeCZZHCZha8AotdSrM1IVyBCX2VSRdQ58fMtMb8kuQ87KlD2nt1PSWZfpJrxCgWofSemOHcecP5br9/2gvfp05XcP1KlAv95JvuvONm5tUuauZRpNZGCj5hg7PW0l908K/t4u0z8mOeD3mqj32eZqbfCoWc6yMCDcSJZQPPyZCYJWLKbcsb6BAVMxLQJGp8lsSSgbBHFupUZ0DQeaaslk5Bj9dxuVwul8vlcrlcLpfL5XK5XC6Xy+VyuR4Hwv5d8YJWvL9azG02CFpjtLq+JulwIoK6Z6AF67RohCKsBmFPE1nqmGaloO+UI1jK1kceG3DFK+R+NAnCe6ccjs9Quj1H8yMxT49QSCrvWtTUSqvUwTGepO31YXNjc3qaxk0aTgTWCKRsSKu2y9f4+Vv7Bp9I+Egp7XdgcIV9WZ+xk5QSO8BIMsU0Z6BLGjdDLbybiwf3+d2BIsFuk69RxDZGE05mASAupsMjd24/fOvmxbTncY0pcOIRZ+gwcTKyP0t9d4rjMIx1JIu6HnDBV9KRpCotqJDZGVBzvui8wdKlBGpBgt2TBFZQkabG0AKFCMgiPiISarNYjEg6ELdLqsu1z5V9sUK4gRd3TwBpXqE+FeBe71imrrnp0NQTfThJxw7weC41xsP6tr/Ml2v1egVV6pkE9DBCp/4yHfZz6wS1iKHG2bRT11NmsfwBWWTNxUTQr3arfSLxiLf8HVwhNv3Hxgu0U4FSVOZoIQfGsyhoIpV7Bk2giFcPF/i1hxA0FEu4Aqn6M7gCpW8MmrqE3WqlXUjpmEbIoPAqyqkQwkKsycklS6WOdilBp7d8po44Qz/GF1BdD1Oeitx3HaaZf5xvvfrOww/d/KBPet6wTeB6dLo45B9+7c3bF3RXkg72MC1ZbEa60QKeNM4JddO0lQsyoXWC1gVEdZjyNB8OeX/IhwPPFiox08D5OPw8FEoFk/AlA+IQh4HXN/+FiMr6sU+WTFfUWSdNCkr+2Q7YGC+yPysOnbhcLpfL5XK5XC6Xy+VyuVwul8vlcrlcj7X4S+6aN4Lm7nFXHY+9LqQsGaTkZ8EfgpukEBJKJodWL1tF0irWotzSTOxdoH4KqGkNqzp2oxUWXMRq6Z1j0B8J4DjbBVchEWAFyYVxkXq4JpIEbFksyrtYFo1QM3I/tUgaCOV+SOvo9VwxQIrp2rC5FjcPjCdP3Fy7FtnmJAl1w6V30nwJVHuQoJX3pa9Aau/UvqTfzSDYbaN+aKzVVwxzrajPGSRdZqZDSCCoDxaziYBwb58PRjrqJzmIZEg54G4qZ/P+5vmdR85vnU2XnOeSalNRo3NSGmJKAieg2J0MMXJXoIxFsCgTrSbDKsVF/7Wex7t8EBon1AKYzG3F4mLU6aUHy+iQF02xabk2VunW+dFjP7Qn5WfqLYB6rwWgxf3IVAgyi6XL1b6jN1wbg20qWuxLplI7PMu16//CRzWURCw3GiolN5QLtimtbRDQQ65mAT3UAoG0SXyOVK9wNFD2ROuXmDixZpJGlEAbYDScpBu8IJXGn/TZb9e0NwWd3tIKZoo4Oodr/LV5ynkY86FkUT2dvk2e1emirzZxQDG8CFulHxpPhEbiGHGyuqOFiLGx07Vk90YxKl8ihi7ctgIWoWNAEJvMQJllWdZpcZinw+EAQuvUYeJFwoAD7d955xe+95Uf8kkfdO0p18H13vTw+eEH/8OtucDVHKrGIelfAOjbv46x8Yg2yfSjbGHCSzuLPQ0JNUV5OpRpX/JUpgNNE85zqFOulESQqNTZFfkARh5x/tAQYEAKJYcg6U6CmEksGwmGYrBd31ag0X/msdKbReByuVwul8vlcrlcLpfL5XK5XC6Xy+VyuR5byTfNcR1hc/X3lp0StRJJbHvCUR4cDGOOCt2ZpKWNLGYRhVZl9FbWDPat+qLESC+mo33T3uCGFakC92md4g69NNm+k0+9JSsGwqqt2C0rCpmJA0iwQ62B4kA48InUaQK07MoeJ0N6YHPyQNo8cTy9kTZDvX1xBdEqe2NZtBbfSqVwz6/hm4WDlHQL9yoxs4MhcrJPxMJhFFoD5sCjcp8ICbx6Uk2ECbs539xfPHLn9q2Ls8vD7sCXkDydxJYQIYRB7AW0mT1GhzhuRbAUrffiithZX+VK4sxx2o7ZJSh30sKEilaM2SOBzD5B+11MRhT+KKX0k+o10HJfQIxyoHU0re+/USVKnYihTtHKeTzqGTmDZDsVBYzqwVyEN+ELk0U+tev3ZlgnkDXKyA8DgEiHXKEZY124uaX3WX0t1evA8aBdHUqiflKERpxoHk6b9Gg2QVpyN3ApAKxYID6Iameiljty0/oKl/N5zgUxOIFQ2lonS5CKx8ZCbT0ZWNM4NLwy3uYDtJgFtQYuQVPCSelnecMoKHRJStHYMXFCymKaYtcjyBJllevoyIAxdDKxyqyzUu2ArL92Z4dXfO8vPuNDnvGsF75v2rjlyb21n8ovvO3s9e/cgZJZQU2EAjXcRIX32V5hvch1+TTJKpcoqukw7w/1ucwT5AlzxmygyUA01g0UwoAw1NEHZAwFCmd5ASrrJxsPxPZHoSFIEJoHF+l2abyebVCF+t7ucrlcLpfL5XK5XC6Xy+VyuVwul8vlcrkeS7UAEGUnzK0E2kuGUog3R+QaIdcS5evoUa0VtABo6R+kqTrUTBvUG6FTE436WH2ZvvuUgAYpwDFoAi3tA9cNxvWxenNI9bJIG0hTIOQ+sN2I3oMyKVrSL+rUYJiIdENgCEHvhL+Qrxpj3A7DtbS5Ng7X4nCSEufTUEgBgjWFukULNsTCEiHgHqIGV6DlWAiZUa8YpEs5cAIE6GlIS++Rdk5N58GGI9SPxDjOed7l6fbu8ub5nYdv37zc7Wd+V1C0RAJ2arvr/yloIpDYuwQO3Rm0iKy4xto15oqpzF0zx4YJoZvUYCcYkDRMplEhKovRsUgdaQnBXSOL63I44D3bQMdATO6wkoy+8A5glyo9wCfr1WdBGrJkEoF5t3R6qd/7cvttnPlJEZl+U/JPFqKFFLhphjyY8Ig6sjyQq51I0C9r64m604mes3mu2K9Kczcha1RbtZySI4tQmSJOKimKlZhHSy3zJ53uBNCBkRZghdYcnbXYLtcevRfaCNEq26Q3GFdvCMYi6UyHwkNRAAAQAElEQVTlEY2KO7W3cqeJaYZAQcovcFeyBU3RtKPCcNCU81wMJuoITLCOfuiX3n3zrbfe78Oe8dQPfEq9ALia6ix/1dsvXvPgWS59nw22UcHiTQRwr5iau5Y8ySjJsBfz9SkZxGWp7Key35dpCpQx57qN1mU9kLAm9QAoBZ54Y900kdgYq7DdTZCBTGqhxWlnndcrhiVC9zbR1U5GadHKgcmdTlwul8vlcrlcLpfL5XK5XC6Xy+VyuVyux5HIQmeWQA9qRgdLOZkjZbh0aQ4Z+i45yP0r8GpV0dJY7Izr66jQmBWuhV5529oeRX9x3FTo3MrqU0H5j6WCas4a+qV8VD8SaoYRSikw4YGMmwR1giDqDECQ357EdJrG05hOIG0gJLGQiJH7QcugSsSEoF+7l5OX4/Y2NuEumwvouTz8VX8utUYut1LP32EOqKyYhCu3r2YbnEkCcDELcXJ255GLO5f7wyQeJ5F5FMvTqYfDsFG0RRGGGJOmbfQqPvwKddz/sHYNsdgZu31NoGH6Q7gkczcpdvvLLeE9HBfuB70ArRrQpxpBC2VSxqSQQCdZnDOytq9o1lIwMGV9UeVU9FC4KVCjlFbsthvkXKZ2W9jmAKrbiDBO9XeJ8pXOWlEaR64t7SGLJizGQYYawUJgSRaU8l3sd2LYSWBbCLl8W1LRzGIMqpLYnTpxS7IIHkvMgWXM7Qq4al7nYNbvWN3O0m2hebRAgwWwjyc295uVXYpY3DBfUggyG88wGVTyJP1bOELHLGQapCQnDBJnpRxVPQhRTTGwLpqHXv3u22+5c+OZN6497fT0SaeclPX/Vs2Z3nFr/+Dt3VsfYvCsWYe0hdqpnbuG0w6OZ2b/qa9lBYTqCmBsa85lqo8ZpjlljtSJpaS6mc6QgEbEQVihWHAQ7iTVTYdIdjrZclAGkrLxXsaNoXF8tG4RGXTXiBO4Yr3jcrlcLpfL5XK5XC6Xy+VyuVwul8vlcrkec2kFD1dlZy38BewWDlopXEEo1Cr8whAUPYVG6hjNcJ+LtfKnReqQ1aaJoEMuVieFu89jVWhYNXh5A5dZqeMwqxrqqoap1XYucStoEsXaJCotI2E/XNymkmrZtOAJ4PWQrqXhWhhPQhpQbUh6ebRZB+g5sVvEyLMyL7jqrN7uBS4g7SzpbJB8FPNB0Z65auvR7kXjXXKGC5pvnp89cnbn5sXZxWGf1TEFmTgZ0pjGQUcuxSFJzo6AFlaM7gwKPGr1Dy4/rz6upiKBG186hKIvKm6ixyDYB7bZRO0m7z9n7tsY6vVxs1Nh75g559J+LA1eaJRQ7/njXiUDktqpQX0gxMhEoz063GKtVKcGWKYUuzboDEtHthvCptyjsA9mmMMD0lNEjt5DoTEDYJCU/NDwFF0oEdBmrS5VMogILYvHDtI6lGfphD5vG9+E9kojRnpfd4pIc5jEPYMHsp+WXw/U+QY+CtZHjfcRqxkGgdjRhGayH5g/KRn41VmccmwvCDGo80/kSC8x54k2//RA3wYznL314vxtlxDevX3CZvukk3SS0iamMcRtCun/mRjKlOniMJ/v8+Uhn+3mh+5MD985cLCRmBuF0FyD7LFs4i3IinV1yZFtkYXK8hJHIelaKHmeqO46ZaJpLocJ5pLqkJWS5nnAkggGpFR3T8CxNkIssniHDSSpOjwPI3udaKOIuqFOMH8iaFCU7R5HEW205KQVp05cLpfL5XK5XC6Xy+VyuVwul8vlcrlcrseHloANrUMiNSeE5iQQGFGQwm/gMmFRssRsPaCVrkOLAbE6ZmlASGi1cS2Dr3iLxpQoDVAso0QZDXovTdYDKqipEf1GJGBFmx+QOo9iNX9udxaPEzZTqJ+MVCLJ9/C5oaThJJApIQ0AG4TTMNwYNvVximnDb6RWyqXQaYva8kCgnirYHTjgqMhv5fEjtMLgEjmuRWK1ANE6sRbdQ+voRq4YmVJrwPU2MtEh063L84fu3Ll9cbaf51JvWuIrYqoaAtuZsOMJl5oDH5OUpMV5QK8eyQACFFOPfKUGjT2Co7W8wSLY37AyOCGFM9QyRG8HDOWo/V3bl2WqyDktGUmQm+PxPW7DvWeCJn3ocW1SAbPH0GQWxhjY7MRwk8Jghia09BFb0RTyaulzrpC9qJiKECdor3VUShKKGm3Ub1NmEFtBpAC4poUW8Kj3GyjLIvgItVWCEhLVa+uyEC2qRo6jGqqQWZ7olNe0mVDYngVlxtiveDgKliOYzJZko2pk8dEymAvioifB7onC7I4seOr8wrLaLQqLpx5qA0G2gIa18Jri6BwO0Jnnqf6nBjSIzfomCyHUfWb4NiURKgpMo0FRISVFT4SdCLheSAKQ8TUPN8vh1jlwf1CbJagOHbmlUmkKWL18lrWZJSWM55BMzyxOPbOkGc3iGFNkyclMKnz7ESlKxFbiiCqszUqJD9gFCfu0lnO3AwpGvEmmUnPw0J12wTvkqdgksZAq7iEht6yB3Iw5t4kNbUfRuSAePm1wZD71DXe1bLHvJ7heUtqcQg2AoiO+rV61MDF0qAsZ5omfpxxLiTmnQkN9IIzIO2nCOGBQx5loFj4yddH8ePoatAb2uSnXpHZ1auyLWEDRYnMif0ca5+hyuVwul8vlcrlcLpfL5XK5XC6Xy+VyuR5D9Tr0Uvdr8AlKbAw7ZiglEIJSFj32wtSKz7AGEZqHw1FZvvlqAGJYWWU04MVeXMqgvch476YDXLHZkM+gVcUXleVctXRc5Hv7lJHU/YEfUUrUQY0bSuHXMWxTPI3DSRpO07ip5W7BAbQaK7cHR8erpmhMhMRQtDIz0JrbsL5oBeDQuJMeSwSNiui2G6XbwHAFXKvkdMjlbL975Ozszu5ix8QJ0yaSWxGHNMQwtKpzXAABWPfYlZCKq7iJtnnd8rWOuri0ajgfyBhQtxfhn9l6RBkUbJ3VR2xxuLmHFqRh9eP6s2QYVGnSuBb1WSntg0xjqCsNNeSpnUKSmQQuYXCotLEw4xNlS6B71wSlCMJqABnFKmbkkYVJYBjhGDrRS2E3WpGpVhQZaahVQOjxUPJclHzRyCVFQxJoCV+deWRG6grTpB8N8WFoochpi34KCRvkRQbZmH8EGvNjDhO9gQuKhn0BkqFbijZo0BbeVfcnbAOjgUTy/1xHhPJc56iMz8TwgowN26SUNs/Z16RhNMJKMXIyMAsWjHVKqbvLHFnuMJNTOlmDxpQUvTzPgizxSgyFyKQv0jHK2xSUoRdgiuGXAIp01df1uO4HtTcFixN6KQhoEtg8KAyxLjWMSRAYyR9r5kdwvLZgZS6z3vnU16gte2pzvIExjTgR5sPWWP2fo6qW86KkfemuG1Y2U4J4wLq7ANZjRo1nI+jxVLLHFV32wt7wiNE852mCMks/5jqSYZ5jLnWCJYZOypAL5+kAyAMHrB2DytrJNY04iWiAlM0m3dA6g2P/ar+17ZMUWJPNsbVUFgoUcOjE5XK5XC6Xy+VyuVwul8vlcrlcLpfL5XqMJd4cpF+KD2INICXwkImNN8zjROqpZEVUruRaWEqzkZBycFzRAFr0tNKnBrnUemmt1KqnRrNH6KXXVoc9Jk7aiyvO4K4ao1aoj4u7ViDXE3Ijrdxbi5TiFFBfKDOUHJgnCBHY9CNw7bmwdYH4SowBTzfDadpcGzenadjUUre8M2pZXtNS1LDDaAGlbAxQaEVTwS869bBmNRQ1WMEfR/4DsLZIMTigmEsGJ1vUNswA+3m62F3cPLtze3c+1/azB0TUU8ZYS/OD+k7UYy2Fi0FEJOh2FtigE7xiZ7J0ZWNNlrSTEK4MAd0lFNMaCeIQPwYphysFgqugD0UStDF0H2Obu+CWq7SK2j9ABuFMOKdF/U6aCYolN7Up0QI8cCnvd7ICxOqCDO5oFESri6OxMtyT9SraD3VeL6NnhXu7cFoV/BsNIXSLFf3lbLG1TWYSiRVLEWREbFkMQCmhkS8amqNYgUSWINniRSYSsOiQan0+KP0i81UJmGyN1dUM7c26drFZSxBjNdIFOjQNuiEbe9RuCfXyffh5FHjYxQGpyFCwBxFH5ggDNNV/Z1qCjvocN2sTMtOX2paB83RiZHMeDtYZOBGqqM0Jd0vgjsnN40K9hfSgLPNCySxhTbTpDJEEgTUWixxZUUHNQ9ozgyaHUN/MXdmeJSspykYZ2M5EA37EJSjEuurGJB0VoNnhGMSDaKYmoCOwQkr6DzJBO+5h90Tt7nQHqfcivj3Us6kW1g/aZho0UquvWOF2oM1OW+r34Lo60kW0kG82RwsKclKmqUyHfNiztUmpG2XGQqlul2VOBYZZI3UwEQ1AA7Kh0sB/Mbg5Nm+Z7+OrR0390VVBJegc64ZFsFi+2Eh2DyUze0IFYaRdRA6duFwul8vlcrlcLpfL5XK5XC6Xy+VyuVyPtaTgbIe1VMul3jAwm8CFZY21aPE1rVbbqsZa/aa1BQbR4qYgJgYBrCTOVWT7Yn97gz33/I4eunDMXdgX5enIIWBdbBSmYW0K0n0bzOVCCutipkDicVIKl02pcNVeqvnsqqAl+FrdruXUELfDeLrZXovDyZBOh2HkOymMdJDEZhg3wrXtKB4DQZwfLI1lxZ2026GFOMFG16xkFWRa1VjbV/9LWerYEnzBVho54FTynd3lzbM7dy7Od7kWgwk4SYczStiGIWjqR9BInSCVevUZMMghpOPqf7mC+6xmCK6f8W4wCLH0angrE9cq+ZwnNbZoo6jZMUcQiVSm1UxFK+zGKPUAl+YTY62EdRl6JTbRyOyjkcvU2rk24On9XLQXdNpYT9toCieF0WilZWzkt2GZtA2j0psNUgPP0tAShTzShZJC9+kxbEgNVXRB8EtB719+0vdEsogmDXkKffLYx7lfxHWo2CuldZOgVdjNYKj7lKzAhLUpCUForFfsDIrQZQ0vsvd1MAobLNEncY/kKXL1IqxJ85oRNE38OQQEypITQ7BaxfrcyDTuY3YLYWsTztBJPHHVTIQ5KVl1OqbrMCd1MbE+5mNdJagWGGEWgyAZD2gcR2mjQZqnM9duCzDLjxn5cUB2QSqSrSMxOjJlar9HIU448CeBhFRZWkzDeHDZeqyTG3Eid9jwMeteQiotnKxNbYVnyPyRuqUU92x/Xu2/xkAJGRX6pO2QFLVrN7gogJmDLB0Izc9HjWmkwUVWilyuDt3MxEk51McE04S8exIjJnlOBPUxEgyEQ53xIP2ktlHAHYaCWYmPE+msDuZ0wm0TtglsTRDhfTagPllkfHWj1AytezE0LpfL5XK5XC6Xy+VyuVwul8vlcrlcLpfrP696mdqKl+onYHBBWL4kzyW+0r6AD3Acy2Jf8m+F7hWXoI4OVv209/Z6Nliug75+j1bdBWfc7ybMOKJ9uCU06EMMNkADNQrXk4ulPST++n0JFND8EqgWT+s9jyGcjsNJjNuUNiGNXGPuyIVdw24SjSaRXlN0fsCj0gAAEABJREFUQ+xUDBSBVmaHVV+BVXepdczSV1fe2dgIXMiLWrw/EM1zOT/sb56f3bw8u5z2uVbZw0IEBDVjYOgk8XjGQbiaxcVkuY3mX3I/o5H7dDdd+UizY0FzY6g14ZkzVLIYNGgHrWETXBico2b0puERmtL4knbQr66Ew8yMA5TmpNJL9nd1KUejGDyiPdWL9yBmH6zYbUts1jYGo0U0obrUWJFejIL0JEXZKI0DKSU1ZEQ/ARLmhO0VAnNdYdAE1YUCKBgDJRV6GbSOY+GSl2KQRYCOePXpBkbryFFY+edofEsoYUWTGMjSR0Hnsd5waLxPM+ggDTcxoKpIBEsuQpywW8lchyHPWT1OjECqBzMQO89YIEojTvRAb5AdOsxNSZgoMRERYirKdKgHqY2rNVP2oqC8RG4MXJH+LYpqGLrDjeCZQbZxkaU+gU0m3gyQcROEHNg7qGi8TmS/E7bmYOaFKROeHWpqwkljocWMCbEX2ipt8w2XVd/Gp43C0ZRuPja2eJYNCzhJx1iQ3pWZ+iIAsRtC3XaD2s/owGFzImoTX//VxB+yIe2NXdFbAp3IJGZ/Gl7AfMlp4sGcprrf0DThPIfM7iax0Ag4yHMCGAuMvJ9ypI5SJOqQFQXDQ8WnGrnY/lBgaNNQIo0orDEv8c6SUClYEWcaMGYhR1WrDcTlcrlcLpfL5XK5XC6Xy+VyuVwul8vlcj12MgsKdhjQKjQKg1FfIc2QqfW+Fu3Qa/S0qpC20mpox2qqoVVZq9Kvq4ftslYxbKXI/ot1u1ZvXcwqVmYJ0KqoFs7B7WqsQBHnDLVXkMCKPIufBhcrE7+bv7EfVmQHfz8/l4SRcZOQNjFtUzwd1eYEE2p5FyWHQ244aOVUv6LPthRsQ8ImCWCRO3Tv3gY0vwWKa9wE17e/KCx3zsQJl5/x/LC/dXl+6/Li7LCvheEgfAEDJmkgBitSikOMQwoDEyjsgCItDMadYI/UsBMTPDq+pxe+16Ym0OAP9WCYpmnOE4oxQ6dJ1mrBNGKEsDJ3WYaZ7u15QD2c5VgatAGgzjqg8+Gum6JuAQGGcOCKDMBgJjBIdzFAVtYHs/YQWKU0/MToFCKL0Gk+HyVFy5cy2EExjmCACDuKSKQORqEB2BeINLRGavZgH9HhIh48IxSEilmWQMtzKoZloHnkoK5jvbfWo3HpWOvooNxH6xdx62mzhG9Jr8+/L2L8oaYYMtFpFhceHfkp55kpEyaAFL0onGSTW/QVnzHWCWhLDgfecKLRSDxl2YynkwfqhwFqkqF3VYwz4ibU46I4meQhSWZO0W0KzGeGE8IYo2HMhhkK24i4xWphUt+ZZdVOyK3M9W1B+DMUviQKAiPPbP6UWtKY9bxOBLL5FYwKU8eTBr3RPVbzspYLtN5sBJ9O2QIWniOoTJFdrMEm0JYuMxmMnsRlzSj4tuyqy6V1oi+GUqvX22rujdLlNEsU0jwf9rzbzBxdFcssmyOM4oYzAIyAG0T2OEHiYJ2WmSUkEcreqO4rJTScLMi11D+rO8+siKnVES2MDbUFXc+QhXwUKAbUyAlcLpfL5XK5XC6Xy+VyuVwul8vlcrlcLtdjKpIiMBfBQ+KKMFczpeLNBUO6yiVYjRS6IQI2K5TOnWjZvH3H30rh6rSARxEtS2G01W7t5IjHSMmqVoqwfqv+a5VK0sIyYUMiLJgCrIibUbMspGYOAMHSSCyzQW0cQoFxwNNhHFMaETdx2KQhcc0ZhsSxGmq0EdjigM+lBidobVb0BMkCWhCOcQpckk4I4F4l6ZVKe2uHMvgeMk2FDvPhzsX5rYuzi/1+rm0Y2JhBvE1iTFHtD1Ichlgr5eLLEIVTYCzhKI+Cjrxq7tsYbXl3WegF8FVZGAS0kEgVdmFhk5NuziLXj33oe2VcORhuEoU1m3IFZ4EWf6PXUusUvRy0urkYaXRAI1iNWr08Qu/LIFxGWDfDjrsBB3VfkaPrWv8sc17Cj4wTKKQog7U6U4dOhh4/Q/aMYuwQLITJjiXISqaf0AdB1orV6TVRRg/MFkPJFfOqMBuSxsmoo4m1vpgbT49d6UtxmQAW+6ThNdS8d9obAntLyIQGNpJpE4AHWsJy5mKUSWanE4EBAGaawRiDttq1xww44ik5yFSt4rAa62tUqqaU9aRs1jDLTGPVO8ukNifsFMO4iew0zJYIzFB4F6ibWVRMjhkVtVsRaxOx1mD0ZBb6ZJZ+LEGQnKDRVEMcIhuc1H5hRAJCDNZfZMY2zZWnkXXNB6chFMV2mPYSwZGhkE1yaDPMKBOCxs4tLxbdxdbr0xCOpXcbT6VTe7Vdto2o/deRDn1dqSmyHUkcauYsDjUHYI+TAxMnJYecI5UEtBE7kxTY42TMNHL6kEXqmENPa4VcqPSIKM3Z6fu+7KIykEZyEayZGDT7IN2qtdeLNrNAlqWvrlyNTXK5XC6Xy+VyuVwul8vlcrlcLpfL5XK5XI+ZmveEFePX3zTXg/WbaXnDEtwB0Iqe8gKAOivobyM0jwZcRX3owWKB0Btj115exHvQGVfTIY4sOywDSIGAGcw7QGqYTKVw1ga7GZDejZAGXBqWkI9SNmm4sdleH8fTIZ2m8dowbmOKhIudhJRVo3Zbiyjhyj5hs1Jo1dxmydLuZTE5AIUWAKBjCXiVrwl4VJYucjMHyJf5cPPi7NbF+dnlbqrtibGW8dMY1YmBi+iBTVmiOXcsZXs7ObUelYwL5X2ocRHGwhx3d4cHVpSJOZRYRVyeZoNOwLJUtHOOpodlOC0vKkGhBAYdUzBwxBmQBmqspL/tnSu5Hkf5Qdi6TlOisFEkVhVXQ4agJh+reaTzhCvkHfsp2MbfDC7002avgsYiNLQgC4NRD9NQ+iS21vDndNg1iorL74w6GCCCSmwpYNI7SR0xxKxE7wqLYVlmRbT2PWkXFN+VANavSq/EEHLpfaRAkI6N3Ue7vQiKBchCm0v9EOldKVTD4A/fYUvVqc/qhYTqvcEntDOTTEReW9IAsbiIEp2TGEUK9ZnvvfZ10HAhI31KGw8BMSgo0iFDpnxPVhSGYFbcxNw+wGANnlpk7+Hbwxz1BgrFkGUq5MCROoKbKFmCHJ/DqFYEbhen6giCR82yxDKV+iRFaGQErCaR/Rux0Wd9/cDxDNdwHQF1bDEpKKfTXYN1ukvTytLD1lAHjWRahBagZeYwAEd0kU0k5WM0SgfMFmrxVZnnPM35MNcDfrnMOOdQas+VoZ45lw3BAGVgwA03QCcBUh032UGY4SJxsuGulS5n4qS3QDxybA0xKqT9JF482gxYuqjoky1ExU0YKqv7sy2hJFidwGwhgsvlcrlcLpfL5XK5XC6Xy+VyuVwul8vlekwVRCuXCGzcQ9GYCv1BqpRByQOrHba6t1Irdjqt7tciY60GkhEtcFQAXdVnW5zGUgWXnwLe3cx1WZ3WEQx2VWilVInU4QfXMzMbnPBtcEAEfw8/Fyz1ICRsxAnKXXPyTBlC3IzD6bg5ScP1tK0Hp2lM7BoSI1tSZCxBIlOkQG75JOpMgc38Q/tHAYLSbrazDqCYhvxqdZPKBWDrPKMfwKCGIv4TSIeSz+fDrd35Q2d3LjlVh7jsyn4MnP1hrhHMx4Rh2HCkjgTzCNigfjMdc7ACcGh9erUpK6MZXJWDW5crsiPuJlIhnqsUSGAYpM0QdkBIHTER4gDUm2CF4ZAwJ9ZHpc0nklAk5UyEGgpqcAKdwoGVX45UuKmHe/QOb01W2iUwrkCLCYO1Q1va2YE2+6Xc3S7UqQywz2MHTsTAgVEk7sysCI4Ep9RuSKlP3maa0g4UBeKWRcM+wmK3snA/1AcIYaFMjBvQnrMu07aGdt8UdBEZvmVsFPDlop1I6RN5NWjMTw8DgqDwUNGQFe56Pp44dYWtTRjeyKU7z+RGqAl4kKMwbJGbwGgJtjHn7CfF20jZo2DkDF84FuPEOC5Hhh1LozlAMIV+k0U3GOES+G2oa71+SgeKY4CUepAx5KWWNauGfU1i4TAdyrzkmc+CVJdLwiiOQEKZqDUQhmV6LO4xsOxeaz5qvX/hEf1Dy8twj11thZiQhYEV3cRKczohuupH1LxEdFaLBUsQ6yVZ5rrYihFD9xav/WasIlNWrWoOc5mmPM21vyL3aUlCRNUdcCCKhCPBIMlksdBQX0RjidQjhgkjhU5Cv3FJ/TLea9nchAgKx92gCVM2Wc1RpvZ7MWMZ4jylKFY8IQ4cdiRDFfFevepyuVwul8vlcrlcLpfL5XK5XC6Xy+Vyuf5zKqW0JkIshgHgyE2kJXy0GmNpJhPiE7HCCLQ8HrDlzTQywH7XqrO98L+67OKgclwsxaN6LSmW0FMsNBKknULBE/0CP5euubws5dxaiFYkQDwm2DlAP5y5VB2sHjrE4XQcTzbjdtycbDbbNEQuP8fEbiLihCClaDA6R0quCyhixgerW7YCMMBd9wNhqUevfBOgMz7N6wG4dF4rvmEucDlNNy/Obp7fOd9dTLXdQWrlwglphE1sVf1h4IJwMfuMFeFhnAkuVzwW3evlI/sQMyMoyhsoITCXPE2TuiXIuwI1P4vl9hePk9VQto7o528nAU3qkbwPKkI7tAbYv0ct7I3EBUmKDYQK7ZYDrJkTsw3pQ6fpSO33JHX5lX+FKKKV/LNeVAr2ul5midjhtxedo5DG444maqwJL5CGn5DmkuCqVywyxFClotkzEhvTuBhc9xrYD8F6YEWZ9P5qvaQGJEqIMBMgbi/y1gIaMyW00wwCl/AIc1iSdH8dDE5eUdcTUHsOvnkZcD6veuvwjwxysBMF41rqR6HdpxxHWxxBHVjqJWchLhgWEZuirMiLen8IZ0AGVKBGfxXKEtGi6AmvaLU/Ud6MfU3U6QVCFsSkNGylcJoRGm7SgK048kLiDKpg/RUwahMX7miZtQt1cjfUgXcvqeZ4RG2m4fJRy/2qfS1ryqATgE6blD6M9mx7h9JboPCOOI3YAWIfebq7jW03B72iZA7leZrLPBVO7ppoKphL5Min2gW1W/k4UWHchKDOZ6VPEtQhhgTiYQPt4mIWQ7XvEdteUwyl0sgrg6W0G456Tf+8KCUog2hWL1mmhEwB1DQtBpl4QgXDVu4L1rhcLpfL5XK5XC6Xy+VyuVwul8vlcrlcrv9MqhU8S6WQIidpusGSV8PP2GAF1LgOK2YHpSoA7JfQCtsa7NFeADhmL9aV5+XFVZMWmweAFkBD/Sz9u/+dO7Fv9SsBwNXyWevPlGfL1pGauX5GrTrUFqFW9COG+r5afd9stqfjdkzjmNJmGDbDuIkDf88/WARLRFjXOLGXn+lq+Vn9JTqk015cfFnaHeH6DvtnAaV03qwOJg5yyefT/vbu/Pb52cVuVwKmOLC5SUpDGvgnMWpgKkKkRWADZI6YnKs1WrxHmbwHxYDCPaUUw0Farg07I4jhRW7OF+x3ISyS5KtwaThY7EcwIsSSdaBFfJqURXYAABAASURBVFibaJWlZOE2QOqxwyedMzMn2YYtNN0VZgJS716/AJa8QaQBOm3q9jgaoRBgHfFEVqvv2SNwhNv0QSOuvGvPcJ9wO7mxs/Am/JL4TsSU6LjE3viP3sTQbSvs99hmQ7ua0iQ2++kKXNIie4xPijYbS28oNk6h3YLhLOz/0aau3o/mJM2WWgQ6qHO29cT3KDeb1YZDuC9xNBlQvJI43IlfEZ8QoBQ1n0ZILWWPbK6hzGpsNythK9QIlqLgiKThqNlNG+RZ/YNaGIwk0pD0iLyCgqqo5QkynVAkoChz0Avf7My/586mVBuHDJrEADGxtckQOS1G4BjtClj6f7GaWbQgdPeAtu4tcafBjqr0yCyb5yCshe6+oLSZAijQuDVl2RpbJaMqzBAgrgEsXCZXkE2orJd3cxPR5cXbIuMu85z3+zJN9RhzjpnqohkIYilRxikVGohGqM84ANbxrlM/8W5om3/jXHTqMgmCRiNSn7nHnQHhCnOi/JaxQUodadRQluHWbCv5exPU0iUGOTPdY0NzuVwul8vlcrlcLpfL5XK5XC6Xy+VyuVz/2dXBiY450AKdmDsFXaETsBks8K+0EqgvK17QnBbWFc/VGTC8h5YcvYBWPF99xAAIMBsK1Cq0hW1w8VzdTeqjlprZ6MAwAkEBGIchqWgSgzRRare1oo4pblMaUxxjfQxjSENKtYYeJewFxWxBKQRY0TRaxpWv4q++xA/QgJLFj4KuRmQIC8GtN8Qn4FI/1fgapRrmWocN8fywu3VxfvP87Gy329d6MTJwMg4jszEMnRgPo9BJYtgBJfeHM0RaWEuBRyc6eqd4YBRrZBbWBNiGJOtxQy7sDco1BKEQAjTvC+uu5n6zulRjKBp0Iq8w3MCX4ASXTGZ3AW0qtrMdzQf9rfmDBFSzk7gCm5qBRTDSB7udhJ2oISkW9dGZK3v70jlGOKGyF1y0n6c8F01wKZmdNADGmMZxTHeX3FF9Khpn1GeTua7Aci2dGasPcjcsuIncecCF3uifxG5rIjiI3UV7XX19tAfECahwhR8EMdGxZNCHR7S+ZMkmegr5VOT8FOCVQWJnw2fjsY6o0AkIdwISfWLxL+Lugpo6JGgLqhWRMAZ1gLFYfooyNij5TCj4SBsO/k3QJVx07XCciwAa3eAEaa5rPcjZjD7hDmJTE+YjJP6lNmWQPJ0UNZiG256imSXhwoXdNRq/Mq1HvZ/Q7kW3KtBdozTax2aVYih3n1CBMvOkacuANBcJ23SRTWRtGwSIx/4iuqXYBl/mzGE6h0M5TJDnkEssnKeTqO56bG3CrknEiMkAOCIOQEMdek7SARnuUJD6lLP9vgc0GRKFK8jm/v1JC8xVeNtWKqbODTajiSkG4tHXrCa5Jx5QHl/Z7MHlcrlcLpfL5XK5XC6Xy+VyuVwul8vlcj2m0vwCTTPRyILVd/0R1T8Bl/K41LGD2Xy0wAzUcr599z0e21mYMFjB+LgGufYOuSopTmNvqGIKpAyEhY2Q/oopEy6ez/ygqd4Q8sEsZXauf9YSZS1IS9WWMx/EY6IWpDlzJ0IYMXItGnCT0iamMaXEPAp/pT6ZdQeiZPI02IFWDiWtGXA3TIPH97jcolZP9eO4glI6nFMHIwMjMxfz/pHzOzfv3Dnf7XZ5rr9nrmQY+MFBE+xIkMxQRBJ2mE0IVy0A6O4BuVe9dtXYXijvNifKJPTj5ojS6vNSGRfiJIobSZB/Aiw8ip0QGuSB5lijXIFSBGyuITYqPKgMCsRoSRrSz1p3j9h8HcxyASSvBnV2Yru39oMpQChkSVEFG1BBtPLOkbY16qo5S4BwDdbY3p9KbYjdSy7sqsFYTm3BJsWTzbhhx5x1v9qq6t4ZPW7F/EjUxKeNAK0+AyuMpN3VctKFxGnuNCjdHZZRbNxMo3As0ki5rHmeOFulzPy/wUTyJPM7RJ39QY0mdAMQxkyfZbyNhmDXIE7SgR64A0KcBDXL0aQk4DFQZw8QvoTzcYxGIo21MeKEyECvYoNiRAZBM14CjstR3ozXOuKE4uDBHw+SEMOmJmGIsiKQqYUh1oYwJBPb/qWBQ9p9hY74nfemeyzr+7xxtVIWuk/DhMQ4qIEnasd0dO5mbhL6VruAJ2uKq/ve2I+B1NRkWaG82aHkGMnmXYd4P9E0hVz3Skq1uwsNpQxQEuGmbiTKSBGzJg06kdWWSVOigvJ4uueT7v1kYU2GuwivBwirtab2SWuqy25d85WazVGdjoqvpbozk0SFsZ9O3RQL79vIxOBhKgeHTlwul8vlcrlcLpfL5XK5XC6Xy+VyuVyux1qamFLsC/ZFa+6tDK4hBq3YqXAJV/m09K+0iR0FrXouzhZ3CXvhu9MaS638Hm+XXxkHIMdqs4FmCEBofhVc++ckHbU5qXVI4U5Qaphsd2ClT74xNt8wdIHr27W8XZ9P0nBt3JzEtE3DaRpPJFiHi9W1zIlaVq+1V7EVIGj+AaU1csXXEME67cJuwu56laqxvktal2A1nQXFIWOWIvFEcOvy/Nb5+fnu8jBzSbo2Y4ipNo/jZIgDRDhPB8iK/9BsaTRJQ2iP1pLlwtRSZST3A4+a24xDOmuiNWG29Jim+qxpOzoW+iGt2xtpEIw4SYqehGCjhp3lWHpDaZNmr7Oux4uTjSjiygpFmAJ9EZYAI3XVAGNeFLpoBi3WrVbv7o4yhGsfj3bpog46LfREu0CjgZR+0hMJb5IlD0RGDLLAJHWmwRBwTMO2TqFUp1Cf52TRONgXgJoEwQp8sQEoFkGEuEAnDUCxsWlmGB036aOl+SnyXMTSBFfVfrISf+amz9N8mA6HebLVkyfFfLCn52h/goyn0CMCnWhvhDr/UhBkQz1NuDlx1SolEaRXij5IISWJdZEfiyEIZAMsXZQNW9N0GZsdOlpgfcdhOkW5NwaNZigTB2oROxwFSWmpL0eoSxglPUfaGusqAaWiOBwGadWBtNg6dW+aR4EyLKzKe/3N2sqD45caZpEbd1LM3KNttDIEupMWyyzS9gWF+67urvYK0nH7+cwGekkGliI8pe4j9cqHGeaZiZOcA5WUcyxlQ7ANMnNzHoTKi0KfDBJSFQUKCgk1Q6fohqoz0LCwDsy18JsrtknaE5INpK4rpXM2FAqg5rvJWzj8KKZBI5rqAIJEJdWJMAt5WC95Zzqc5wlcLpfL5XK5XC6Xy+VyuVwul8vlcrlcLtdjqnJkPiI1ZWYYFgcGedFCSKB/8d7ydKzArJYGDW/Qt93T9uPoAFtVfvUN/5WMCVBziiJf2teKrZTgtWQrNVzmS0hsTvJENNWDABzSEEDDNrgYG5SUsfpyrHXpMtMmpJOUro+bJ5yc3Bi39XE6jCPGAWPib/KDQjVccA8a+VH0BsPKEcF4BFi4johIcF9DlxV1YiV+PWcxGkIMToCmeT7M8/lhf/Pi4ny3209zvc/I8TlD/b8W0RMf1Zp61NSYFYNw1w9X+1UkzhpBHBE6uqBACLRAj3meNUaHQ1faMVlZGGDJ/UA9FgRBUkuiBq5odTr0Ini7/eahYqkqMsxFU0cKmRlJ618BJYJV1bHPP4DuW1MCqv0ONLoI2m+1lRb1YWkfq8ARM8phRxwjWsD+awwI571waAwUg6CsB8SLZaa5lCnIaNf31PHYDmkbh22MDJ2s+rwsbiV0P6Ch3PNHgU8sama9voz06f+15URsPyG8gAwlgbW1aIyOkAe5Lp7pILwJO+eQGVAI/UEy14MmI4nVhFIPYg8SJdBF/hEmLeAagdDUoQwLwAOWu2SsCSlVIF4mig/p/qLjxwRV4xZsMUAQLw1BSQAzE1kwo+Tp8IV41+AfeTlHzoaJzCMlhiOYU6hLA6KgMnyA0Mw4wLgnG2ttus6zX5lvxqN6ty0WnV5khJ/anAglZ7ONISgdP1276hEk9ktq4FOC0ie2XJUxWixtqM1qC+gR5kPoI7EOmifGitiShx80E+Y5zDOWHEpOpcSSR4BtxA1Sqj3KmV0YxcqkboVJAD2G71CgxDbn9E8E4TJRtTFCO4lF0rqPGukDjShStqyxaCXbniCuNGOKdXeLcfVZnjM5hoy4n6eL/Xxrd3E2H8DlcrlcLpfL5XK5XC6Xy+VyuVwul8vlcj22ois/1BpgbCAEapgHLZwI6hfuF/8MTcQQowkAC8RBPMYs7K3vQXhkC8Aq609rGod6Q5jPCf87S0WVGNKoJd08E02YD5KqkwV54C/jB3E3seq4VEPlS/ohUtkOw43h5Imn154wnl4fN9eGcRuGTUgjJ3FoJgdIVhAJfSLsgxaIVx4UeHRnmgTTGId73ymsDTbaHVqhlvEZxHonl/NhdzicH/YXlxd7AQTiOIzjGNmJYGCzk8heE1H9OJQRUAAIjBmC99DdV1oN3UsDWoQRV8XF2qQ+5Zb+cdTsNWuC3QkH+4/9Npv/geR96JEmsiA1AkZMQ2iJ2Wm0gTRTABb1eiBo98YvSQAMtnFlrkgviqviOyzj0W+UfX0afKK1/mLBHlbbtrtEa3Sei73SEA4qOvOKRIxwMbwOyvXNcDJuNxjGWA/GdM+Zj3S133vOzrIKLIWneZ7YPWuczopyAku5UnpH+1Roj4Y2aGRLznNWZCjXAQV7cYYGCpiLiWImKMkzbTTrUCa00Q3MPHXIiBqSZj2pMTfcWUI0FR3IwsutESQ8SEXGVUwybDCTdLgiCMaomAlMMDMaQWI4QwcpI8yhPjPaUmRvYn+ZGLGuBfY1EaOdFMhoMf5R+TnqgFv3j7EZSouLTTAA50h3kyVtCV9ZQXcRKzabqVnu2KqSmVOUQdE5pxDYAlTVfo8G9K3Goh8t7Sdrns1kM4GSvpw1hIy3RY5OmnKZD3UWwFzq7sIECRUzOKnPnKGDQ4AN4ohCmQjoEgzWqz9y+o7+KTDvGWaP4lGHAMBq3zfTnaUvjLpqBFLzfNE8HVisZyITNnU8maojtPAdJqFCmMo8Ee0o35kOt/eXt3aXFw6duFwul8vlcrlcLpfL5XK5XC6Xy+VyuVyPuVqOiR236jd2FxNY3DP4ieuhARbopH3YfDKg/er+NgC9Yr6UaRV5ILNNgWMbgpZDIikaGkaRtYJLXOLmwAj+mnyZkbN1JiwZMYuzQQma39GCObBZRHAhNcbTONzYntwYT26k8TQMCp2wkQgX2xk3kduh5k9B2OrhDWLAXmpu/hxadbULHd30Xb4j8hEky5rh0zBEgzCVfCj5cp7Op935fr+bDvX3bHGSBDQJYRB3E/MRkayQIPEnq87F+wx19xrp1IhxDEoKKdCj4jydmWkFsg6gJYNmdVOdTgjd/kIObHD7FXutnKAXxzvq0WaCmGFI+pG+XxNzuMAtiIICPciuMEVmHmkTQgOdcJ3YtEzp1TxScIOL6WrJwW4c6l2i7ekLQUdSa+IgeT/rTsj1PyZjik6vBOF0SKcxnoRata/H4+nmZHE6WSYCNXYEyBZM638mBamUAAAQAElEQVRooS8NxlA7i7YE8R7TyLAJwymMtKmfrPcj41bqUxFHIMZOshqFCNlEzU9GJlYUrIRxE/bQqT8WNqpp67/tAiDeGw00kagiW6gao6NJXUwLqQ2JROcYo1C6d0zRNSNBV3oXs8E2zKOUhVMyCybhkZg3qwtaWDLtcs59wRhIQBkQQgEjB8AEuRvjp1DtiqBTRysLmxW4Y50J/TdXNq8jqAzekxbGwua0JEW1n4uajuRic68Y5dQDqMCmc+gACvSNuMcQXW3ECgcjbByLJo0VjlLKc50NdTVDnnEumCkWfoRCiWjkVCRKCGMKA9VXsL7IMFv9rTg7KXTCzAlJKs7ii4U9UGl9/33h2JLEFUUos6k5vaAmUxVjvAw3kTmmszHwO9AcYOrGf8C8o3I+7c8Ohzt1Z5yny3KYrvoDuVwul8vlcrlcLpfL5XK5XC6Xy+VyuVyux0Crr6NDx0f0N5begJ1CQcC1wUdDL45jXaQGGvrZ+7moYSl2OSpXm0Ga7yJFWFqiWATM0C/I17rtLJjAXEvp7KtQav1SiZOsZggR+Dlouxgv4O/s6wWVrKhF6SHEAZje2IS4RRwhbDBsKEiwDkdaaByPchittVIJZxW7C6soBzOGWViCVYeYNGLmilmINFA/pXYVBIc8XRz2F9Phzu7y8rC7PBxqoyVrIsbA0EmKDfAQvEM8Q6Ke0WxpiO6y09DBbVYShmS01Bu0cBWt8c9shzGtw3TUakDPrPVxjf4IK1nF3BxGSr/9pR1ksSYSMwILvGFJG6BJPNKpNrmawQN/WKJGtHf5NIJJtNOyo4USKms7k2OXkW4KQStrCB0RtZ8Azc3RccAVUlTMa6G1U5mL1FxFEuImhe0Qr22219JwOmy2/HyyGca03L21G7GH5izjYpSLjIAxHsECj6D9CnHBJhp3gkpDGd3DFiO55GZtwnFIxJFI9a6mPDdTCTJDHNQEpCCICUaNSardqqE0ErCFMdgVBelp01X4kiIgCDUvGPlRJp34mqhniWWuhBaH1ZkPajZK0j3F9gMN3CmWqSUWJjLs9RIZYAqCm9QfY8LEWTnMXUVuOBuzRN2YZLKE2MAYS4Jp/dhwk85mtd5DbNOisWTvBS0huBvqWtuc2ISRTrI1b1NI/T0UlNPAMOpn5HHnMVHwAsR9JoCtTbjXJdsE6i9kmV1yiVIHfeIpUB8wc7ASMmgCkWAgI04SQN0Ea3cOQCNPg/oK1b1kICV5bOCDbXwtl2i1Do4bg21dgeyJBc2I56iZusRK341kG+I9jN2lYgwRF08Ui9+qHXWgcnPe36k742F3Nk8XeZ6wzDxD7k5xc7lcLpfL5XK5XC6Xy+VyuVwul8vlcrlcj42ssg0r25Ke2NIQAHU6wHDktnBkvtCe7y7b0l0H9xS1jBUhAdRaRL+6X8QpoJbRZ3FvYHcTPuaqKCdFiH1AlgSOwjVq1GKm0Axa1CWtf4dasB5C4hidFDcxbePAoEAa6/MmDWJzEpLU+hdEQaNvpAJfqN9IY2Le8y0d3dri79LCZgT6YDsBrK3fHw7nl5dne34c2K4A0rhJcVC0o7YuxSjGH5we0oxOmjkHdJCFEO9bpL7HywIqaK18ytPhcJjZ4EQ8RcyOYXG7wJYBor4Ygc0lJGLJ6tCB6B5XUn8L7buVZwqtsCUrrqthiplqdEbCiCX1TOlkgN0pExOlxGYYYvYqFvBhuAxKKtL68gDm7EIa7SOjoTFRuFTPVWa7Ac2MRFuQMGwSnm7G69vxgc3p9c322rDZxjTEIdZqfq+4h1WLG7khoEUjqrpXkNz54pEjLyvtEno/6onMOIQskaaujCnnSVihBjjQgaETe6UNdh035pb0UcdvEP4kirlM/VB9EYtkUxEHTBFHURlRUBo8o8E8dR3JkoRc16FgBEyBgFiYoMICRlQVtuJpLi61pWLlUj/OC4AJG0GlELKamgh9IrwB6aXrK1OCPEhYzpCQrYii5UkxImYcHNGKiiBaGDe0tW8OHGHh45Y1s9q38JgggeOYGLzPOsK7fpSpjkqcSNdbXzTipHTcTI1mgqwl5U5smmN38OlLeoH2qJ2zz3hdYvx/LvVRprlMB8oz5hI5rIg7figwFv4x1QfigJQA60ytYzlgfYXTjurFeI9RHEdMZ4IZjnQySmxsFpeRAJ1F0Q2INy7pK+ybI+rtYycLbeWzwQkmydNBtq+RtVwUP+I0JcRDobM8vXt3fnu3v8yHOv0mRlqCRJ85dOJyuVwul8vlcrlcLpfL5XK5XC6Xy+VyPcay+j7XYzUvQwp59qK9A5a0h17ZtzJt8zVpWR/rNJOrFzr+EZbQE1yq6O0M4qohPyrbUYQvqXXp+swxG0gTZ9EUqUsXJU7Y4ARqlVK+H7+ACxpRosQAt5fphFpt3+Cwjek0jafD9tpmezJut2lgNxHOebDSNPJ51VNC/SakMdiLvldpm/t3Mi6gQ4NPeniGmBOwPctcyvl+d3HY1+fL/QQppnEYxw0X8kUpiscDl6lj63mu0YNVe9dDsVZR3wdoyET3y9DCMbMDrJK5CZyrU49DCMe+LCyFTtIwaBqGGGX029C4lXvxLmY7sQisYF7Plo+6Ud0qOtgipiagVW3pKNLhlPfSgnOwL0NPrDFWo5T1PCTznCjU0oVaS9qjwQviiyPADRgmgWwAIYYeYk4R1Cikti2GG0ycnNwYxyecnNZZtKlDxPV6ZjRSHSSb3bk0rMZYEVRrE4F6xHsnSEjS0nUSAqW9GUkvLOswBFRXlkwMezB/lfM0saNFJiySoaP+IdKVpEV9ZjzYBIQxDZ47dSYJasJxTYaWkaJPhRvGi7y0ptQrZ7GfEbcXPmj2JLLs+MWQpfdJwonM/kdRj4LNDkVeLEUpqcLZKXUhYkut4gU9A9Y1oJcjuQhFvuG6DKCu1M2gQAYI7sQGJw0rMQuTFezUPJmwD/5yfOyu1GCJK6TU0QymloBz16TG5d2GtAluohk68lEZPga4mJbLs9AUSAZyddiIt50gHi22GTbcSqeo2tAAdXef9sEANtEJpYWCtExTmWaoAzNlOsw4zyGXhDRgGOpZMg0ZBNqBpNYmRLHwZB0kdCoq9mX5TqRIlGEiGqZkvEjpKA6u+k5sjGxpFWm0BV4V/bQYCglbphFPdSIKScfzkOYsezRvhxPAHsoeYFfy2WF3e9q9e3cxCXDIU0KYIyFzHDpxuVwul8vlcrlcLpfL5XK5XC6Xy+VyuR5jIVcdtX5r9btC5nMilU8pfUJodf/YP2fGJ1rdFm8Gar+4J3XC33Lv39M385So9hdqIqKGDkTtO/wkSRRcwdev1pOUHA8AU63eSl4EuyxII2qZeuLqaJBqPtl38uU6dlM9xqKebgxxC/FaSA+kzQkmtqZIQxwHrJXfIgXeIJ0QuD1RA2X4/2LxOGrN0PMiLD+kFljDglSIb0MHczTcZNUSw09qfTUL7bOncna5P9tf3NrtLvaH/VTLr7UQOwxs7RBRy9JJTFiUyuD6MAZ5VrOEsvAT9SlyDRoFZlBIwTJ1JFJHuA1ipoLBhZxrjfowTVwQZ5cBhn1qYZe9T6BNiO4pwvkXMQ4x9Ugddb/oNf2GfDCR0LN46u9z6fYF5sfARhfcYaFH5aDyHBZspOMgMTZmlFGwRxgF86No+A+pU4cV/SWKSXmCrPEvQkKgjpsCTUXnic45vkWheHrzlXTRPhS7l1wGmYRBKI6hlsqH4fpmc+Nke22zOU1xm4aRkKNLbEi4pq++GWCGQYjdDcIuYik2drsrzw1o3INmH0XpKRLyKivAMLO/iJAMHKWjZiaNbJJG6xXZxIQdSPjnaNAJe5zYrxpYRIYK2ApV4sRCh3hOMDcBklTVuSWd6OwrZEk6oDgBGoIh3WDzEtuc7xQIUw0S00MTsC0G8yvR+pvZFQ7NiZAkPSdFHDRbKraZ1qCINeCG74X8gvujYWsvE7hKoOB9XreO6J4juHqPADeGmHFPZh6nsrKc6WdmgCmNwtMsNyDROqFtLLrFmFNI816iBp3ZhJZIncwM0p6hE+ae5hJyqQNQN/gBYJTHwNFiKBQVEyGBk6JAABSIsllKpg405pA6RrR0tlGHvGyo74HyutnurPa4bB8g3RvBNk9Qp5L6X93U6q1ySBrwPc/yVyKPYTfnO5ynczjL88W0vxTPlsz7eTR/J4P+3uuYu1wul8vlcrlcLpfL5XK5XC6Xy+VyuVyuX2th8y7BBoOIowJzJFHSPszqBDB0J4bub6E/0qO6DC5vpKXCLlSEMhlkrgJZnUv06/KTeAbwF/ep7IkO9RV2RWCCoQTmFhgtQClv1sJmlPsIanYCjYuxC3GFN0kkx4jxJAyncbw2bk6HcZTAjiiWAmazEfQMShDQ8U3ab+C4DK3pLKv6tVbZuwNDP6BOwBRmMuIeysVuf+vizp3L84tpnuYZMG7GFPn7/2p/0UNmWmVYiRqCxrgQHfmcEIhPx5KAgRp0QVa1VysQojnPLHE5YfcMxi80a0bJiWDvV1sScceIUh+n3q1H49tGd9VZclrxrVlyiSx4ZSFF5LnWoGObhcoKmeWOebToR5bhJKtgW+cuuIYUxIsYcgTLN2khJ3wvRSYPqalCaDAEkZ2tzW2hBWpxXF7nMA+NvmGDk/jAtdOT7cm17fbaOJ4MaUBM3DYCM7HgkyRxeWgzT0AZ6iV7Y2qEHFqtJaQjn5oi81icP8TdpMz1IaxJ5uEq2TKnjKlJoIxPwO5fwjyBeGhEwTYEKzFGTAEbc3Th0aGVo5H5mgh2Aswy8E3JmtROIJvr4lSiDJDem8awqKEMn7HY4CFTTsZhhPoix+iwaRHusWS1RKlnGdiGhVNWhhiGAWLAZIFHiGo/hG163U0bPArqpIvoXq+1hblYpnSA4q5ftQ9Bm8Tm0dS4EKGdsnykDtRclzVRhgZhLZuqMGU9C6hf1sx2SKkuRUwAOmtFyp2AJvWUeeYYpWniS+0nyJl7OVMsbE01AHucCHdCA9AoiBZDSEDs6SRw3NBAk3pN8d3RJlHzXpFBbYsQ12ZDsGKKwBx5OnqSrYvU98QYKt0VmR+R/4T0kggf4OQmfkQ4p/zQ5eXN3eXFNB2o7lAFxahH0BxdJdT+aLlcLpfL5XK5XC6Xy+VyuVwul8vlcrlcrsdalmUStK4oyR5SZw/qNIHLF9zvwk3+Y2R1aWi12matIN/Yn9V0g2veWP9njxOiiR+Zg3VCKbUiGxQdKKRtDIEZFCUi2ETCnDGsGC3JNHEIaRvjSRpON9vtMG7HTX3e8BfuBQNoHinqPLFgAsfFZrpXJIdZq1gGRcdxGnjQytdL7AvXkqmWind5vnNxfn5xsatl45njZoZhUF8T+WBQTgAVJRAzGCvwEzUHlaUp6ryCqx8VWinUOZmiQTNZonSYOeE2KcFQepCIhRG12Jx6hkGES/RNx4bwuDfMMEThlSz+DlLBlgCnBuXw3KJGPogvdHlXWAAAEABJREFUCeMSYGAHtOJ0t85Y+tjQEyvt93CPDj6I5UK7otxtFL+N0uriQQ0iSgndK0I60KCGxj8pe1HqfKNaBg9DCOOQNmkYh/GBB25c354OMW0ijlyjz9GaTd2WIgVYuzGQ3iEsbAsALu5AKv2wGeowVsILgJkPEKOMeS46TCApN8XYjo6KSPiMAi4Cn0gKU+QME2WWAnR/GjGPKWRdy2SELexANomFO0F9DsV8NfTzoSiPg90cScx3gnS8smJCGbD3kOI9PMTBjHTqi4E5sYKRnxMKcSI4xhhDimGIWJ8TQ0gyTRBKQxd6ehPiPbCR96ojcGxZImCZV9bvfbYp1WQZPG3xNF8PFN8XthKSWxVGhGkmUMcR3cjkLHXgpmb7I6hUaOE1YHFDvDQMyiJU2yi5XHN2WdEuik3JCzwzmESa8zSXKROn6pQ4Zcycm1O3yDrvI9AG2IFnYO8dTFQGBjxClCFDdvghXZlKojDHh0UNhkiwPrus+q50EKX9BWi9xg1VeyUbejWxwuaGYpCa7aoou7H4wWSeWmLrcgCaUrgs8/k03dxfPrI7Pz/si6Y5RYaPiCen7qiKQAL8aiaBy+VyuVwul8vlcrlcLpfL5XK5XC6Xy+X6TynsbiBSHm8eGpy8AUvgQw886SzFsegKk3EPKoWk6oq4fDtd6AvS4qa4AJjJhpauOUFkngPOBFMtiVM55DJBmdgYATKDJkwPYDAvAFYkM8bgDJRW0e8WEgnTGNImDteGzY3x5Mb29GQYORVlYOIkSHRQMD+U1S3eVdlsZdYFs2gEBjS/FqvDtve31BL1hmD+g00RCpT9NO3n+XK3u315dn44FFDDiogxKAcRY5RCv2TOCAkkjIGGnASrhsM96u/r6rqWaQ20EKqH02KIMYaJKRd2sZAXlTjR9ivwoQBKnQsxxTgM7HIiXETLhFmKz2V1waUBeqneVmYlUAxO9K7MXiE04w/xFBHABRa7B1qdjxCaRQo1YALLMusEbiAzHSFoXhygXU4dGiCzW+lxSEGHnXmlBk2QmFbMdbLVCv4mhWub8frp6bWT0yGNp9vtdtzUkjmb6/C9Z810YgIhGOmUQsC1+4rcZFk6yfgmCe2xO5DL6khkG486SowSgBidlKw0jhT3Je5I8q7anJXVq2cMMmgCnWhHr1Cq7lgBpc0e6WY0GIlah6qZRgjWvWUF5AB04qS/udufZDEqkpPzuQq7Z8jQIcw5cIcxd8I+G6BOLEEIsdpfg9AyiQ0wBGNBaE3nWCFYW5AQ3G1s8itFEI62Lb75j/nQZ33hZ37sN37PT/7Ey98g2J0mjwWNsPn6L/sDT7q+/Uv/6Hte8eq3SJcH1LQXaU4uum2J84w40dy4fvIJH/EBh+nwkh9+hfRx0A+ZfRHTLUyY1FN/5m964Rd91id+y0t/+l9878v4VrtVTW9clJ1NDG+42RKrpKu4LmKOWqo9O+UwQ6wzsFCi+gA+qHM31r2vQSeMm+SIutKgtR6FNTHrIQFNirEubb7IyNK6swL7Ca22x8Xepi2vfgwLKgTqpxPMLImaP1Od2ftSLg7TnXn/yH53Z395WfcmAKXQxJYFloAssE0E3OnE5XK5XC6Xy+VyuVwul8vlcrlcLpfL5XrMhZpGApJt0qM+JI4FzPKkZ270pJNVNVRP8qgvBevapf5olhYW6yKV9lrsF7+AqQBH6gi9MGE5IFeza926BPGriFywl3KsFt652s7oSfOrAKM0pEZZS64Dhk1Ip2lzfbu9sT05GTZjSlzitpAL6LADHudpCGnR0YB7ECdX1brl+Ga7UQAnlsxUzqb95X6/P+wvZzaxAC61a4aOfpO/1t5TK0AH9eroxWiElYUAwFXuR8ECs7UwbxO27eBi9TznWQwZ8mGaanXcojQIuneApZk0h5XI0ElS8xWFMaBxFFqsX5fHNWaEgQbxT0GtOEuDosR26HuTIBmS8mEkSminM5CieUwUbiEs7iP1uRjDshpnY09Ch2aagQlH7Vi6DjVCB7WsrjYpCthgo2wKal9lgpxq81LYps1pnTAn2+unp6ebE+4NjqyRgCe+d3F2IaUq2ijXon/AZcbrv9hnC9+BLbU+cExesfnMlIU40bXAwyXQia6OEDSfhTQBS2ErHSpmlMJyOV4JRjhQN8pgcEVTe8T1pEW1cHqVXqMUNVtp24BACMbflBYchG1CY1sPhiUwe8PnD3JCYGsVnmgBc9CQIJglHIq5k9q0pHxJlDmvwTp9VhvgRoXMAMb8c/7TQQZXE3YYCfrcT3nRJ33Y+//wz//Sj/3Ma3g2cJRUYiKjlA/9oGf8hhc8e5rza1735nzYy+JIbNcRzHfHcCGxDWLqJOcn3XjS3/3S3//Wdz7yPf/uJxkBYmSLp+iN69e+8k/9gbe98+Ev/9p/KeE2+KRr2xc85xlPfeCkTAfu8Ri/6Pd92se+4P3/6jd915vf+i7JFWJrEHMb0WlxONS5QhysI8sslzDjkCnKtsjuJhwExfDdEPi43kQSqitpThFHT0FnTdSnRvb7YE5BMl/aSK+6adVhuIobKo1PEbMbZdyQWgyQuRl19EQMdWSiMveSAQ+l7HJ++OLsXZd3Luvt1eZwuhg2d5ugexJAizFaz0SXy+VyuVwul8vlcrlcLpfL5XK5XC6Xy/XYSV00pHQdWknQfCy6H4PUnqW02qGM5flu6uTelUDlFfSYxGOhkFmpkPEBteYuwRQSoANlRpoBDsipOnMoM5F4nFBmkwSpmcoX9YsCGlaSRrBkFuUc7Nv0/JtImAhHiNuYtmnYpnQysHlH0CqolI21E1DtMhpec4UyOTp8Tz175WfLncicisF14z3li/lwtr/cHQ7znDNC6C4ItQAf+FHr2joiLfbEukv9Lsza467WWIO1p5udR71ivcicJ37KubAzA02c+0Go2ShqD6OMjngesLGJcCfsexOau0ntnUx6PwyM2FX6dYvCOWLVwZdViIYDRKjBJWZaoDVum3+hOaDQiuMRuKK2j1NKVkEfoGYiYXXfViVv0TYol2t3Tj0RRdAANWIoK7MUaBYN0HJq2K0CqUQI22F44PTa9dOT65vNdtwMdb5QHoSFUSZLk1Usmmc1FglWLi1GLWGzuLBhZMcKyWYRYEGyiCTviF1o+rgWMUPp6weVEyDiEJoYg82aUKRBTIaE0tkWc+1RTohK4wRCj3gSTCQ0R4pooSX6du58nM0LBpu1CTc1CMqS9RbAYKXCBidFPHwwR5wFwqlDl9mciL01SOASph644Ryjw64+hRddnUkhGvq0HlUJJJKxi8agtDkOd+u9Qwjrs7c3C8TATM2N0/G3fvTzLvfTt77kx8u8Y65Ih0xSor7gt350ffOr3vTgc97nOsA1WZX1HiLVJUrwyO2zt7/jpq47sTkpdZW99pfe/MYH3/3cZz7lWc984tve/hDUzSdwy4eIn/wRH/Tat16XCCU11+EpIbY2+3rBnMMLnvO03/SiD7o2YD7seA2OQ90WGRqpAzyzu8m033N/14/XR52pBVKmocAguMmAZZBdchAvlYHpGP5R6D75X1dj7V/+kVEVG18exxICrWg2WdaSHASLq5OhWWR+OSTTQAAvsRDSdwfLwWlrU2ZRkSbU3aWuMYbeAHZlevj8zrsvz+/M067u9PVUQxQcJ+hu3LBE2+nJIqAe3UbscrlcLpfL5XK5XC6Xy+VyuVwul8vlcrl+TYXR6oukOQvypXpzOoj6LXP5jr1+aR2wf1/dPo7vIdSimyBwmoJ4QnBxNxcpGlpUAixQRK20z5yqU+bASTqzpOrUSuueC9dcy8zItgmWSKJ+LEYqcD3dyBO9mx4UI0kSrHpX27Q5ScP1zfbauB1TGqJ4d4g/BGlJXMMbLGPESsjNNsRKw5pw0+6+WUJA411wcd/o4S1a02cbC243HPK8P0zn8/727uJ8f1lryKCpIuMgGSm1QUMSawRFgaTMaiEpReGYxpRoO0ozEDFMxvgPZhgINKtF4jiYapjmZsYgzxa5wj4hkQ+kQsyXBikZD0OtXQdlG1BJC/MjUQSm6LU0uYaL4HKb0v9FURJ1yFAjGYlRIZ1AsVkVBGxhKeakY44mBiIBJcuraU21M5hBiRAVJZAaK7TBJurDwtVwLsuzJQ6fLlgMCNf7W1SMXljThThkp9QyPWw3m80wnmyG6ycnD5ycboeRY5j4Osx/GJNlUIT4Q5DF06hjSoKFnWnrYUUwif0MSNARmDlGfSXzlJfclAKWitRu3rqLQqviB50fYE4nsefgALapwURB75r6CZnLaKk6HAmEpU1WQYSCBpeQWdkE9ZlYiKJ29iIzTpsojjGgPjwz25wwFTPzSoWS+LhI5hDvAXVqDwnZfyMqViVEhDEMRdEVvWPCdb8BAPya4QW2s1H5HZ/4YSmGf/6Sn7xz8xa/HpPM0VDv68kPnPy2j3t+ffEjPuhZ3/43vuTuk3zbD/z0l33lP2/eHtj2RfquH/q5P/4HPv1TPvr5/+ytD0qHy1sYq5ALzwcebV6pE7+SZ0FMZDpKKhVNk0In83xQZ5g6s+bDIR8O9c2yJ0Koa7Kwu8kWYKwrlmAIMNSDwothEJ4s8rQm2+ZlJRrwRZbZhWpFIvRNW0Lvrd8QWlxTXfeczQR8YzKrO5/CRkM8P0GvKdFiwNwJ1ts+ZNrP0/l0uDMf7ux352XeBwZeOAIIlU5Dmx1gBNqK5aMrAU8ul8vlcrlcLpfL5XK5XC6Xy+VyuVwul+sxkZV9wZgGecl+tXJ+WDuH4Krwt1QAr5yWms3IciGtKROtr0BF7BFgKmUiduI4cOzMPBeakXGTjDQhzOpEwAVtgWAWggGM9rCklvXl5Dqx8TQJcQxxE+ITrt24Pmw3GLdxGGOtKzdUpRmDdJ6jOSBQY0eoOWSERpr0gId+t9S7tX8NXyEDTgwS54bDPF9Oh920PzvsLg77Q57lW/8pxKQeJxGSeJwoR8DWCKjf9186lozRgMXW5W410iWrdYaRPVQ6CqMuJstIKaihNWlzNxEyQIxIQnPCkaZQc4nQBCbkMBoDjAjNPEKPUf0PLCIItPwsgR7NnAYt2kZ7u7lRYE/2UNCnOXPYdQsYIiUYCZfoERuqYg0Iiq2IKYg6LzT+J0jeDtqU1jGV7oxaJOfb34zD6XZ7bbvdpLhJaTsMG4aTyDx/crG1Qr2dy0xgsxGsUy4s/JFwTMYuWXCOStrW83QWWWPNREVK9qagBI9GH4GarZhZT+8iC0cxJxLrUZncoRg/JSYyYktjvUjYJ283MirUFoaRRoWaFRKfOQRO0lG+hOksmBldCBSZ9Cq1N4cIEprDfAlH1ajEw6cNuzhY0DLC3dDmXnP6P1L35CjQcKH8B37LR9RG/OPv+EHKk7ZI/YWqvvh3f3rdKd7x8O3Xvfnt0Idcdp0XffD737h28svvfCgfzjjDKwwQ4nPe7+knJxFyfuOD76zv/MxP/Iif/Vf3CGgAABAASURBVIVXIxujDK990zugHLQ1edrJzKQi0AmTYdO+8WsMcJVpn3c7MR6KJfBuyMM5Z/ZC4YAx3hCjsEID4cBWKkxLDUT1kaCOA8+VKPhGAzTk9KVhX/K6JZPZZtY37vtRJ6G/SeYSitkKo1Mz82ZF9xAdaXHl0b3aSMHCTYkHypc5X87TxXR4ZHdxa7qcKc9Y2xV56VioGLYLSRgVLn+dFFLrgKHL5XK5XC6Xy+VyuVwul8vlcrlcLpfL5XoMhdhYAq5sUqvkWViI1Jebx0LRgnvDUKjXJqlVvpsUPjBEof1stXTxEWHWpEiKSS04H6hMpRxKqYXHg3xZftJsHVygE9BsEP7avLh61HKq1oNrMVtJAi0Ba6VUGxYFOiHOIQmbkE7SeG3Y3Bi3p+NmG1I9TuLfEfqnVrVva+pSAccWJqEpD0u5U2GaVZKK0h7FWmF5Jtod7DSxy3OttO7mw+Vhv58O7DDCxiJBA1q4Qo/aLD5gJEjiMKBVYOUyBXvUTiMKLGxigWDUzKNM0zzNh5yzjQwtsS3Nd6PjM8KVsCMIG5tIAEoKWj3G2CkAQT1KG2jqPhGwpNhYWpL6gKD43PBJpPXS4XbQfGKo0QcyyVC5EGtlH1Q8Ip7EaEQsT8ByPKBQf7+oGDuk7wh83tJHqg8th9KIPwoDMTGCQBHDEK9tT05PTq5tNpwHA5wEE1GHgsLic7NU5gV8ybXuzrYSkqCTCFfEibSHY3OKJhup+4wE4qhXi0AnmuUCzdclmM8NXykKlCS/irgintQWRGOIOvikrkQZLBsl2AzhCWWcDaBaaZBZFa0WMFrnF9KQFRKkQJatDg8JWRIgR/EeQsgB2euCiRaZvbW3hqSBLpjYuQd4PstsLmqQQaFFrihVILMlq4ELrLqV2jRvC7svO/hPI9uUymd8/PM/4BlP/r6f/MU3vfntdZH85o9/4X//eZ/5d7/1+3/4Z177OZ/xcZ/3GR9b3/vn//Y3veTf/3iZJ5lGjNJ8wse98Jv/xp979807X/1N/ypPB2ZOZLj+zp/5gx/5vGf3i3zKx3z4p3zth+vxiz7nT9VZUg+eeOPa53/WbxbopPyGFz6vvvJRz3/uH/3dv0W9SN7/GU+rr+TDftpfSp+OHC1Whz7zECbmOJgViiXHLL4myOZECQ03GTlbh0Lh3By1ckLLtTI3GZ01UYa/7Wa0rDPt4mWjMF8he1mnBwbdQeqsyKAEVZGYK/G04Y0sSKN4t2B3nRQyr54wIZ5N5eZud3bYne93t6fdniaZHgMTMm1zAHZvkf22zRZYxv7XAklyuVwul8vlcrlcLpfL5XK5XC6Xy+VyuVy/KoXFrgPUjULLvPY9fy0M13Iikjp8tEgX6ISFgRem/v10S2BRiICdBGYrVpZZXR3qtct8IJpKPpjZSZ5qARPLFIgTdpg7KTnUyrbRCRoEISYNEBZrB9SQE3mPEQhSYxXzhgSJiZNxc32zvT5uRwwbCtfGzSi1cK6JcuXcaBqGBZQVaXYGdqdWjzX0JOCCamCLgQHlB8jwF1KPDjmZmE3U+yy7PN3ZXdy5vJjm6XKeauGeU3XSoMiJ+I4sNV8NvdHxsMvDUm4lO71G23AijJp5oERYiLFGmTLbnEzzLMEx0IbVBlHwEYMNAjtSiBNJDOMwiMMKBAopJMstQqn+qneI5a6wYYea0MglS2smqAeCWlnUDyeNhRG+J+rlAjYsCYJF1FDUzA92zIC164a8yaw46Hi+WQqLzIrQMz3ATDk6XqPBM80Dxc4rrIEiKQydpIB1GNIwpGE8HTcnJyeb7bjhCVKiupsweVFWE740sEYmeK5zuU7g2mVMEXEq0Cw+JtqCOjqzOM4UjpCakSwnyYxrqN0ZGIyjiTmhcSfChEWzGFFsQ31UhADI0t2kEAAayWHZRJr4Y/wTqAEM8x3aMtK2K1Rlc1chqULWYwXI0nNkePVUpa5Ozs2BHNhPQyN1pOkhDImhnUEQE9k01ExDF4w2T8xljAbisxgHsQYJ+t7S9WuEGdgk/u8/55Pr6Py1f/QddXzqwvmTf/C3fcTznn1xcfHiD3m/L/+vP0vf+j9+0e/72Z9/xTvf+ZAweviMpz7l7/2FPxFD+PL//Ztu37qJkcGPOoPqff/UL77hoZtnvJvwHMgaMaX00GG/225SPdvTnnTjL33xH1g35VM+9oX1sX4lT/t5v+dUHbaP2dQOrrNLzEsoZPY4SSUkYugkySyPvN/BUGczW/Zwx/M7qWMlQupZMhaPdGiE0tK7eJdHVRsIalY9YGFMRf9XXopPHlNQjHH5o2JuRzwNJI/pcsp3xN3k9rQ/n6ddmWbeFQYhToLyU7IRB50tpdknrag+l8vlcrlcLpfL5XK5XC6Xy+VyuVwul8v1OFJ3TFArBDBXD2qch327HZfvmiM9igLwEpbRquodU7BwkZxRnDjE3YTRk/qAXOuznLMDdBCzkxKXgim3L4DVTEMjMMwJg/rX8OWL8iisRqnl1zCmdLLdXhu3N05Or4/bDcRNTNuYRpQy+eqDrd6O3ZoFxAmjHy/Awqrf6B51UGUIUD9eP5+p1Cr/bj6c7Xd3Li8u95eHwnCNWBhEtDCKGOWr/mJ7In4nygBR50va2dtFDA7inzN1gw/z0pgb5zCXBj904wJc2bRoR2qxuJZ/x2GoD8Vr2N3DzDaWSI3lHjvTsEYmoAUxMegh9yD1bQkKsoSdVUF68VUI5nJB65tsL92jj9tYaDlaJy60aSADJz+sfUMUi2mBUWLXEmUyE9/5wDc+jqn+u9luNptxHLhSXgQGMq+Q5qcjiTB697W3IQv5wXRGZHJF6RpK0zyZvU/AnJn/yYUjpHLJzb6EE1XUu6fNcYjRQmgU2KnTohEbOhvQ3GmiOfww2CBEiLFO0vlFp0yzP1HiQRAEq90LLCXxPcLNwGr5KK4iNif8a16mAiJksBAeJpwizhHqbZDYa2CKPMJpEG8LdsrROCijB2CJnwJcFpMNfsE+eHrxo83l1wg1UdnszZ/1mz70Oe/zxG/41z/45je/jfL08S9+/os/5Lk/8Quvfevb3/GvvurPpRh+6Gd+8a2//K7P+x2/+du+5ss/94//xV9+58N1evyDr/jTT37ijR/66Vd823f9e7ETkUHinKz0N7/puzk06bAvh12edsLWsQtMiAPGdJvoi/7yVwvKV8SOKGuPL44uxUb2ta99U5mmOvtSTDHW3ZATaxLgwLsbH4xYJxyvkURsK1O7cmD/Eo7OCbyA6yOg9XPRkU69a9sqbDhHu7pssHIgMBOEvs2IFZTNfE7salu7/YUQpKzZ8wRFlCRgJxQMM5TLnG/tdw+dnd2sO2CUMCbOFVOGR9iYbnqkPisCrCi9BscYmkKR4HK5XC6Xy+VyuVwul8vlcrlcLpfL5XK5HmsZXBJWsRXY8i4AGiEQllwTMshjef+RqMW9wGI00b4VD71KWZQ+YeKk5D2UA9CkeTpAcz1mIwUqoeSE8hX5dslWj+Qyq5T2sWMoaygiSPmyPg8pnQzjSRpP43Bt2NSD+timkckArtUGWAJpyDqj8SXr5q+6S00CMGA344Aea4PWxqKVew1RmTN7J9T7PNtf3qnF1mmaJNOl1qdjTPoBRk7YUwQ504ZRDTMoAK3Zg7nFgNEFVrGnxVnkSIXynGfBHBg9WYWu9BEL7QWFHyQAR8iQlDhSRxIuGIMBvV27Oc1xgSxDqPeobiO964NSIObQsTjCqF0HcychLMSJYDnRLFwgFPPBwLJ0LSfa2AhdmWRq66KNkMibxpeQwVMygtiHrQEogbQlnI/Cp6iV+VLbNAzDdmTiZDNstuMotXDQJCOERoU0GxUBkYqm5UCtvgvWs0nM6whkwz4N6bDbq/VNkYSaLAkkatiinYp88dj9YThDR3JJ1FEkRJkVzB+h3k1z81ETEe4ZPil3QKjnDRGOPCmQXTaa+4zdvw4PCrmiy7peRxuZpZ2MGBSzJOHlGGCOYjYk41zEMkYOgAZOP4kpxTGxvUeULBXlRzD0zaIPgAJayhDAekBt/Dv6toxyQ1FwMb65vwxkec8yIKp/hHei0+34J37PJ7379vnf/ebvuXYyPPd9n/Fn/uhn19/+jX/4L69thvrbn331G77of/47F2dndUF9/md9+r/82r/6+/7kX/5T/9Xv/8jnf8Cb3v7OL/4Lf1v2Ax6UWPcb7oq6rsMnf9QL5sP0kh98Gcri+vIv+WOf+hte/EV/4ate96YHD4fDS3/4Z0jSmBhHK+I7w6idTCsetiwGQjz7I2NMdZHUB6XATAl7mSCzI/XFgWgg/RGFNZGNr5hxkKJ52FKvEDEcLSNh2dZ9e5X3EdZKyCqmrwLvqzLZZfPgRC2dkQHVGUmdmhT4I/F3CiFjyID7Mp/N+zv7/cOXl2fTYc9zk02ehB5EMZYyE6aAC2Gi7W5QkrW1bw7xrha7XC6Xy+VyuVwul8vlcrlcLpfL5XK5XK7//MKQhAHBlQGFOWDIgTqMlLU3xuJTsHxZXsqX5qah2SGk1c4AjQcQWwigmXJhGmKeA3LmDjBfcsDCD3U3UTsHPkA5M5dKQwcmtJ3REjm0kMqVylxahVsycBih4Ipt2MTNNgzXx9NrgQ9OmSgYQkpmkrJUqhcuAVbQib3SDTOEz+FEFYE5Vu/Xf5odhrSuFlanzOYtuzyfH3b1cbHbz4pCcM4J+2ywLwKTJknvI1zxcIH+LX/NOIEAK4MQthsoxRJzlHIpU5X0b6bSrU3UKcWqzw0jkkGPja4IQxyGIUaDOaSOvPJEoTpwJNFIoFNCYl2UZDDvGUMN1OdAUKAWrCLNDvqaYBx6SvlVsdga/mQwmqSPRzfAaOyJuPDwsB6BQByLlMHe1z5OSk8BanW6FHGOUYikngGHKHxNwCTuK5s0bOvUGMdUuySE1l0Y9W4LtPkicxEpE+R8gMx8Sb3mZkxjGupQmhEEUDpMuVXTIUO2zhfrkmCZRdwgMuZCRqP9Ru6KGSBdl6TZQjzphPopuVffe4RPnQodz+npQrSCPAqEAuucKOveekFdO9rUIoNWAmNgmXOu+Jmi4E+MxEi72EMjiq9JSpKnw+3RBqGdGzrLhoBX87cWtZigu9V3ILhH4svdIrp66vf6Hkn2+V++8L94+pNu3Dq7/Hdf9z896YFr+psf/plXvuxnfqHe6X/3FV//Yz/7qt3uUG/1z//1b6i9+kc/+zNe+o//5o1rJ3fOL//In/2KW7fu8JgyfDOI10vCGE9PNl/9Z7/ge3/85S/9kZ/CEjEOz3yfpzz3/Z5+uZ+f+pQnfvSHfbBSRMhY2iwAR10Guc1+EoMabm4o+LYH3/2qV70pZBoQBmzuJsyUhFSKhOkwhsIMCu93vMzEpAZkVsvsVFgsoK0O3VBkSmHD5I5tRDSCqbZOtzKZOYGXaN1TGGaTKR6YcuEODUvSmXSqMFkMoMRY9/h9yZd5vr27vLm7uDNPe+Le2C1/AAAQAElEQVQ9nhIvAo0paw/jT5ptVbfk6W0zX5M2gI6buFwul8vlcrlcLpfL5XK5XC6Xy+VyuVyPH6kLAaHV9XCdv7L+qb+mNdHQa9z8bIYkWugvYBiKfOHdGAV9SFkyi19GfUxYJqBZoZPIRXWOZBAgQpEF41+6F0KnYxBLazy2YjJXOxv/QUMar222Y4ibNJwOm01I7EWRhqhUgTRXg0f6nRVJPoG108kx3YBaJRcniBY0ccUfQEuozCpkZDyAq67T/uKwu9jvdtPEmRe1XixGIrUHmTjhRJVYDxtvsKTerK5/1QlCLDS4q8Q9g30q2HYj50kiddRf42gcYblTaXS9HCQ2Nhnqp+q/282We4UrxqshNzKBLLJGTDiEM6HlxKSkDPbJEiU5BhqGghKvowYfYTWbUL1ceniQXppg3dRVdg81EGcZmp53hB1KIjjqL0v8YQ8ZqbfHJCdJAWUeyG+QE2I4XieNYxyC+nzImYI5kECzmEHN2ZmmeZr2vW2cxpPYmaTP1HqUppz1VGxwIkk52hGcn9RaxulKwVoucU8BDOyyKCKNwBHbCx7TzF2mxzLxlnkCNheNMZDhKotXiK7RuVmOoLqOSOaQsiIc8wMhi99QYZshXriScAWQgiS1iPmKxMeYOw4bfKQggUCaImRszOKUdJU4eRypMWWvf/DdAM+rB69+09v/w+vf8vs+4xOun27/l6/+JyR7wff8+59kF5M6beo9hvgVX/utn/rxL372M55aP/vvfuJn3/LWB6HuZRjFqyjFYURhcc4v9+++ff685zyTY3cSX+ipT35ifX73zTu/8aM+9Ov+8p989M381n/1/V/2F79mIIiF6twcAMf6zNwJiLcMDchmJ5xRExbIC8AMenCBjhZTJ+PW1q4n7VPUEpoYaNP9lDcynkp1GktUVw/rKqhmKuoYpUtSDFUohDmGOWB93JmnmxcXty/PzqfDHDHrOpYwIg19EpiKgsYACQNz1bCmoWx3D5+jJy6Xy+VyuVwul8vlcrlcLpfL5XK5XC7X40tWIEbqBUp95choANf2HppXYckIzYKjYx/ioaIWHBPVB2Wx5uDMGSgz1Rp43lM+IO1Q4nWAC/FFypJL5TSsPFiwa9Ug0uCX5SaYFai1zM2QtsKanI7bTeLki3Ecxc2Dq+TmyUIrDgMWd5MWBtQyWbDVaKWUq2YdBEu8DTZwRxAbNR2BwzxPJe+mw8VudzntOVeHfVyEOlAlgU+CRuqEoPYXGFZD0mv3VwqxLHFHqB1a/58FOKn/cIiLESdXx3Y5YzfSGJi/4cNR+gdWiT1HFxTDDOzuL5C1y9TQRccjaLcrKmFsjkEUZoKCNkHWARrKKi0BRrQqkTfnnONCupqdECyWKGaNcLUIbZ48IDEjKFyEZgjFiCD0REixPmMS444U0yhzQ++9x0RhI1oE/ZC8mjplp12e59ppGJnF2NZZZkE8vQcxTYXQwA7SBKPaxVEYDUF71P4FJbTEphO3sk3y+ksOXCkKhYjhRJGOr4NucAsdkQO2FFsID8DSJ+09nOqkM9UQJpxJXDWQcZM6nhnhgFCkhxggqMuk3t8QOQpqiBLAhEJshTUaxUhCG14k5V7C/Wbt40tE3/idP/GN//rfP/SOd8y7s0//jS/8Y7/7077tJT/yyv/whhCZrQlx0OicOoif9NEv+Gtf8off732efOvO+XYzfPanfeLHvej5//+v++ff/n0/ov2y7E5Ab3zwXS/+4OcMQ50GufbbU5/4hDvnl4fD/Ma3veN/+6f/xjYXRjiYs/u83/VpT3/ak/6P/+u73/XQI9BQO11Rv/iqNwwEiWgMZci0iWWkUFvG0EndSijH+lukaAuH+sYd2p7U1kQLw1kwFFx5NcF67ZAZlrBHT51+wgeWYtY5Gp0lXGHQ5dENU9hiJYdQUpoDXOT5Ys6PXJ6f7S8u6pKRraLwimFappiLlXxQWBWSWUV9m+0bbqNO7B6g7QoYweVyuVwul8vlcrlcLpfL5XK5XC6Xy+VyPQ7UPDTWbMe933nV/wOROhhwjzcXzmThunkuSpzwN+XnMs/EdMQUOWpnCrTDMgWYkJ0FpEBuTg+gP9WzxKN0jiPTDm1Lq7iqrQXHiGxCOknjGOK1cfvAyWn9cYxJ0Qou+8N9pfdIpVx5cbEJ6c+tmN/MXLj0OgthkGnOmXbTdDkdLg+7+mADEmBjiMhtGPQWhDWJqJzM0d1RQy5oZd1hTSNztaB6iXlmiKf2Zm1wlngdiYQJHI2xGpeA3boDlAXhC8eoQ74dN4lzdbqViDXEqtNqXyGJLc2UpGEQFm9EgYSaMUhIL1d/NjhCs3WUUYpLybuVwIkWCqVBEbByUgk2zaRG3ggMWg+GtebqPNQkGAVgovzD0In4yaQQhjoUMYyxPteHWpCERheRskxqbVJfrnMz51kmMNM9c54UF+KMHiYyMM+wThmpB/W0QtvwrGRLFXUECYbAREsgklAhuWqR+CKmNbL4nGTQ8VwhXEECUlYQ2Ao4sR+ojYsuCqHB1H3EeoiCIgVCSHGMDuT6ENOZ+is2OElRfU10cjKlMySBTpIANNkGoCzNQFwZAhlHoPBahse5EM/Od/lwUYdnHDd/4b/9vN3+8BV/759JvhTH4tRHXbRPfvIT/twf+12f+2kfVz/x/S97+Zf+1a+5fjL873/pS178oc/72//Tn/jiz/vs/983fOuP/vzruHMkAamO1Rve/tDHPP+5z3rm097whrfUTz3tSQ+8/V0P1y5705t++Sv/wf8pvV/3wLqCD5sUvvi//Kw7Zxd/9i9+ZZ5ncQpiv5QAYYCYMHHwFULdMzYIY31WykRMneqMqMehkK49Mmyw7VEooUkLoNVmR0O5OmGG0BPEWMrCCGjCjkWZZHMBZVl4RoQGx3FrSf94MNVVZ9SEsKd8tj/cOuxu7i/ODzuGV5RhYlMUfpDt841T6r4zcL+/Jqa+kcnOg+ByuVwul8vlcrlcLpfL5XK5XC6Xy+VyuR57rU1DVpYey3fkV1XAVh1s5UEDCKSy37+C3j+tKSBcqs/zVKvotchKEqZT65lIB8hzLPtAc6AD170FR9AGBGxeDvdu8ZWfUV1LlJgIGRLgNg3bOGwFOtkGDgQZqthqgr0srF65+GuQGZQsuS3UPU7WPivrbmk2EhKmIkSFlvIFrqHzw+Fiv9tP0+Vht5sOM7MzIcakTZBTKecQ1TigOyW0nl7xHXZV0j7NHLJCWdIu+FlAE0tcwXY7x2YwwVw/1GUEaxOS8C9swAEoeESQT+OVMUcuoJdGuZiHRyA9lZoN8PuT+jIghm5Eg9S7Dlu6TxA+SKcN9tOtbrL7G3S6yUI4VkPf79KmiDa3sSxLqg6BeIpEXLVN/GR4tjJukuLA9A0O6jxjtEnR8eR2ojIanI/DsUWHPVvJzLlW5NOQxnEjxAnn9eQ5h9Z3AuEIdLIdBjFx4Kvqb6KwJtEYL/2AhpNwOA1ZhA77kcgYCxoizzr++iOHV60NYcwYhxoqg9SsWQAXvqDAwjLVxceXAI7RyYAz25kAiJGJ2L4wdGJ8jnnwoHrECISwGq92ep0K6rKhL8CvE8lUrTfIZMkf+z2/7TnPeOpf/4ff9svvfETcTXhxfuxHPv/zf+cnf+YnvGhI8fxy/5f//rd8y796aZkP7yrzZ/03/8Mf/yO/78984e9/wQc++5v+6p/60Ze/+iu+8V+/7s2/XArTOW98+zvr+T/o2U//pV9603Ycrp1s3vnuR7gDM0dhkQ3tDDl/0ie8aLsZv/f7f7Qc9gEa6FTnaB0NoAFoJBojbBA3ABtebDDwe4qyakHpKiM/yAAgo7d0E1lWcztYdQEtL9lcodVvmCdTxkP/l9UkUy6s+BbtxoI8ly6Jbu4uHzns7kz7i2k/UU5pqPNHjFaCppMJByYfLbbnB5nVxRKtrsjS3FajBrCEa7lcLpfL5XK5XC6Xy+VyuVwul8vlcrlcrsdSGm9yz18dlfrb2/Uzqx+1/ldwzQqIZYNEzEzmblIObFKRawVyAsnWwTKHsov1gKGTzG4ZaE4bmjgC2L95f4x9SEkV7vUldzVXSLV+jriNw2kabown18ftQGGT0mbYjMOI3VPk2L+kZTl0OxFaB+scdwsaD6PBQmx0Il/XF3RFUyn2OV8c9ue73aHMgipIckpIMSX5nn8IZsMhhiNaw8VwfK2ViYeGuoiBQi1X5yzACcfpZM1e4fK1Gr5Y9gz0e2mjTH04IztzsN2KkCEhSZei5L/U08eWE9TsEagXoZGs/qy0ROgZIGbVgknAjaC/sFgkK0vX18Q8wVqxwmOozT4K6o7Dh83fQwCVUow8wYavQMlGeLS+CrhYxXTjnohmXcKcDRM/DNckSVeqnZ4wNqTC7jlotxNJgIxNZnU2mfb76XCQGjmfasPIyciwjljx6CWUXdIm8jyMDcLhg4jqC4ScV7MkKLErjxBPhbR/6vhiCWYtM+cWXqRWFNZn0jhzqei9hwJqoRhUEPXZbDYXOIsFR2EUh+0ocoHM1iZYYuQxZ8Ch3lZiOxMmY6JCMYqbKLsgQ4M60flKEcVoY7X4dCDa3G2zEOheq+ixFyqTwQ40df/5gPd/5v/38377G9/+rq//lu8G7gEcxvHbv/p/fNEHPbu+d3+Y/+l3/+hX//PvfPvbfhnkMwIm5a/5J//qX/+7H//S/+pzP+czPukTP+L5X/YFn/WFf+mrMdQBDK9/2zvqO5/99CfXyfqkG0+ox29/57vzgffBz/0dv+WP/t5P5zbIDvKMpz2lHn7cR334937r10J3ipHBfcub3v4XvuwrNwEHogHF4AQpQR0xXiz1mCdg4SHh1WurpEFHi8HJlePlJVC7mrDYjRSGPxR40ni0TJr2U0IPANMF3qEx9s4RC5N9ofN5euRwePd0cXs+MF4oWxxhKv3GZOqT7ioLA3PlL8zxQOlo9Z0D7O+MQmwul8vlcrlcLpfL5XK5XC6Xy+VyuVwul+sxlwZlAFcwpSAIq2I+l//5oPtmtIQT5T/qvxagIR4IhYw1kfJ3nnKeCk0IM5WJap27zDTX6jdzJwGmWuuNnO1BsQEuTDJoHggZfgK90kj2/Xgzz1jbr7R8Gi635jLGzbW0ubbZXBu3N05PT4ZxwLitz4JZqNXHyuOkKOZi7Ia9uEAndvNatS0lrHwlJGPESqdZHDIysKnLfp7Y5mTa78o8zdM0z0wxcE5GLeVHrsszbsLxLHoscTe9fL/cGDVXmaI+FZynk2f23Jg05EXIHjLIgYzB6LVZjmPp+UdqWsDYCxucRPHeQM4tIvH1EJMWNRQIpJyJ2TGAgSbCFRmfpHYb6g6iN8D0igyXDmX3qcEF66GFWFKCQloWdDQkSMaGw7q9GFiBDJ1ot/MUUgMVTY1p0xAVuLB5K6SJ3ItG+QSz72ANtXyfhD9JzFUEYSL6LbR2ogXb8DzmEJR5vz/s97X30zhsN5uUUp1N9otWiQAAEABJREFUTK40u5bmZNKMYeTVNPB7UFscGDXS1/WGbVYzIoJgFidGMInJjXAh1MGozgyhOvoAHDuOaFxJkW7TrBwbAVmg/MwxOpgDY0Uyb5lfkBid2hccExQ4Q4epKENJlovo2bXpnQ+wFdKYHljNvDYOSH1G3hM6eVwAA9L+cTP8nS/9QymFL/nr3/iMZzztt3/Si3/Hp3zsV3zDv/zxl7/26U9+4jd95w9/83f98K2bN5/7rPf55r/1Z//lS3/s33z/T5xfXACmeoK3v+ORP/PXvv7vfvO/+dIv+Jyv+Rf/tq7LwCkz9Ma3sdPJc57+1DLP7/u0J9Xj17/x7eUw1YNnPPWJL/6w511pyDOf8bT6uPLiZhgSlERlCHWXzHXSJghRbU5kAHXa8UzvnkHYMbE+yZps+vUFuWI5ZAsr8tGsK1EjxpRGwbpdgVi/dGRP9w0xtEKsO/3lbv/I5fmdab5TpgsOTGOeSQycGLvivw+FwPYjvGq5oit9tX8djQ8ordVvyX5VHDlxuVwul8vlcrlcLpfL5XK5XC6Xy+VyuR4H6q4Y3fqjFf/kt73IZwAAriwzpHZIak4hsSCNVCicQFIL21MuByqHWganPHMJv2TIYnMCB6Q5lsLECQmiYswESlkzNmMHtWGhJccBGl+yyoDQCib7hxBuQ7o+bJ9wcvqUa0+4MWxPx+1JYkxgK2EoQYugrSS7ZNnQUqW9kq1DLVSCVviG8QLCCQhBwIgCBTzkeTcfLvf782m6nA6HeZpzZvMHCScRow0xOOkpNBL2EkK4YriiPU/QUm3k0uwbIwhL6SIbEQBYeQUsCT3QbQKEyohCnCTOTwnqwhHUy2KdX7MCbwxDIQvFaRE2KCyFBtaonwkFCfDRlAxoEEZHlay3oCFLDbnAHpNhr2RzX7Byucb6MMqi2Uf6boVaArZpi81NA8znJMrHLbvIAJ8oBid1YonNSUL189C7DmJoAhbqJChRzjI4xP09MSdQq/8wxM242YyjBDSJ0YuyUGrAQm3FFMtFSuMQFBcxmxZxUBEPCUkSKW1cGx2iWBX3yzqdBtGutbyyzJTmd6LThTICOwfJAUgfcRoTckcWhgAgD9wHoGlObHmTeG7UqZmSOO7wVCy0JgG6KU3ANht0bdIy43Bp00LC4OOEKnlP4iSk/MQHTv7X//q3ffD7Pe3Bd9/6G1/6+R/ynGfW3xym+XJ3+Kp//K//5jd+R13CggXBF3z2p37iR76gPv7Kf/dHXvqyl//T7/r3P/JTv6Br9C1ve+eXfsXXQWB2RzvjLQ++CwQ6oVye83T2Mnnd699CUwYjvOD/86f+2nd/7w995Id+4Hd869/9qr/zj77yq77+Yz/6hd/+bV/3N/763/vav/dP6jR99S/9ECNRJbMZDVLiwB2IanDSKSfQkempR7ptrXc08yMRlC+DTbO2mSo1AsixP5b5U0pzcNJEG90oeCm1fcrOHQKTTMwQwp3p8PDl+SNnd87yfKjtGUZgTydcAWi6OlDjdbD/qbFW4L2Gp0+kAseTzey0Hv8TzOVyuVwul8vlcrlcLpfL5XK5XC6Xy+X6f4FagdvoEly+ct5f78Ym3bZAa5pFLDGKHGg4iMa/1NqmGFfQTHlP5UB8kGv9GzJDJwElT0cidaIadEhBdGWrAEtkCUMHbIXSfkVHDgzWZuZIsMAG4/XNyRNPrj3h5Pq1cbMJwyDfzueiugTKKHES4NgoRVNxtK5c0HAOQSI6FdGPmbAoRp8UJV6UqGCyBqZcdrVanfMuMx0y5YwcW5IUdWCfERyAq7VikwGo+MLaBgIxGu5ho1E1i8dKmUs+TGoeo8QC9Jou0dWqbceGlJgJwhOM3AeSqoMCvwi5obkvwYrC7XxUUGAgea1IpxE0TER8QfjDanYCoFlB2Bw2QOxDAsI630cSdhqsQwt3or8tYpWjk0peNN+PNhnEk0T8HbDV2I0eamXslfiUwjOJeU99jIxX2F1z1g1ZBpBazYBiFCTJNDKjgrwwT9Nhv6OShzRsNmPQTpT+CdwWwub2o4VwO0ljmFKzoQC1gZF74k9lGT+xfjBE4HjYzLCiLUO7uxY4ZFO2GBGyeD8QjxgdkCaGuxopZhk6Es1Sh54dTRh/UtcKFCeWJYRIGiZbgs4ftNUB1KC0pZEIYTlc3cGCQRlq8LgmA2r7rp9uP/lFH1CPn/mUJzzx+sl3/tBPfecPvOwHfuIVF/s5pKEuWp0sAeOXf823/INve8ln/5aP/b2f9hs+85M+uj5e+fq3fPW3fPe//cGfVjBC17ka5+z3hwcfuvnsZzy1Dvlz3+/p9fyv+6W31ONgmx3nTTF2JzOG16GxdrxO6nHqXiC8NmagIYiFiXR6Me8YI+KgGRCRQk66jsl+DashQDEfkrMuOy4zMHVzmWXF6RIuYE5TwsUpuRUUhjL2sJ5pHOpudD7vz+fDrf3u5rQ7q3MvBoqMdvF5Cvdas+qxHQaXudH+sNxnaMryOwNN2vbicrlcLpfL5XK5XC6Xy+VyuVwul8vlcrkebzrGHtZFcFwyZ6QMqCkz1MvPqFkdymyUbKkvuQgucYCyh3IALobP/C17rrHOscwRmTgJrZaNRxEQzb7BoActcmJHKOAYsJByLQViD4nNkE7H7fXt6fVxe5rGAdMYhzGxQmzf0oeFbrE6PhkswwxAXpCIVYeg9QVY8oz+p1kvepqZyiGXs/3uYtrvyzxnzqgQf4BauB5CTMp+iI8Ll3GjRHPQkj5jEvsS6EyGghf1ZDnPh3mfZwYWsnppqLkGqRkM0rEZgA4dWrIJMmQQ4yDQiQE9qCAHYIeMDF9Qi5Wi8RXc5s5VKJpgJhqIFszDpegY2qWEhtAa+Mr2oqMmisssmU2Ky0j3Z2lwawMQHBkhSLUdW4NRUQx+s7qtaAuDOaCAeMvUOYFD5EShgS1eotXnhZZoZXkuswct0AP1aJja3YfDYTocaqtqj9V5tdmM2Gc+4yZyA0XCTPQWS+6TyqCTsvKUQE4twSwsluBZ9UdFqYqSIdqPsIQRhWbhEqCN0GpmtB7tlxR0Zq5V/1Cm2p2c2cSTCWOAhGGT6oOhhjQI8CQ5T3oioXb67JHJBN3nRxq1kDG9cYKqRLp3vgmucnYer6LmpUP0lgcf/kff/bLXvfnBn/vF17zmNb/EQUoc6BRCGtk1J0h3sXhiPPjQrb//f37f3/+Wf/vRL/qgP/EHf/tv/qgP+5o//9/8/Q95yd/8h98aBLaQj8Q6geokeePb3/kxH/qBNJf3f9/3qWPxxje8DSSgK3RrpkxBELbay0ymmXEJx0G1eczDCDyenJsU6kHIbdGZT0nbl6lDTrQwHUfQSTMcUviLZ65yYrWts4J2bBYFOrvVpScYmsQkTF/K7NUSYw7x9v7yXXdu36q7HkzsXZW0u9g+RxOjjBw5Zqs6vdgXyLHTyd3zRkG4cNerzqC4XC6Xy+VyuVwul8vlcrlcLpfL5XK5XI+9VtXkbrNgamQAdn8KMAcK81dAEn8KphMYGqiq/+Y5l8whH4j7kndUJoRJbE4k4aVWJhkgyAk0hUTTHcQGA7Xsz1+Rl/piloI+Xglf0MrqEvHDHicUMwwpnaTNSRq3aRgiV39rsX1IQlrEuHiWNPuGfofEzizZTDhKz51YrE3suCX65JYwwj/GQBJMsZ+ms93+bL+7LIeZXUlAHQKUO4n8zX/iFlmeDnuusMUAZDhGT/qBFoG5bbVD8zxVzQfLY6FST4lRTRL6R9ZVXeNOWnIPSrBO5EyZlpETmRi5B8SjbgcWbaPZLmimG4gWmEHSbKV4WsKO/UiLx8pVCXFiLjLrCRa0+m9vMe8TzQMS5KKZamBrQOB8khAaqiFhRcJmSBJPsOiiWqavxwP7zDB3kqIwTsraQM830qp30W6Mkn6z29Ui+hkDG4h18myHYRwG411CdxpZW4wsU0rpJb27lA1MUbalaIKJeOMIJdQ9hrAIvKSkTjEMC8gONNdIWB6zogAyAAxaygjfGqh5EKM7SdibADzPEhvchM2AA/+8jFcIzcXEZnmb+m0codE+OiS4gkjUY0M6aPVShwVo9bbHH3jSxmn92t/6Jy/Jh4t5f5GJ6Szx02FOCwXQGTebaZbdiwIDGSXXwfjpV7z2C1/+mhc87zl/7Hd/6tf9X/+WI5t4JtbpNlpwUikv/fFX/OwrXhsIPuBZz3jbg+867C5f8Lznvv6X3qaQXSRxN5GuqxcbQhqYTQM+CzNy1jZUZyGFuZrdEBrLQbhCNHSTbgtnrUC22wK1SVNkYmo0DzNtubn/CEknNiVCoJgJS9DrCmfHq7/O5IfPzt51dvvm7uK8zIe6IusK20jGGTMp3OpgSIlQJdSmQzerMpTEyMW+Z+jmio+CJ1nzgy6Xy+VyuVwul8vlcrlcLpfL5XK5XC6X67HSQjxgq6KT8RmApX3dHlp4CC1GFFwEF0yDnRtq3VKcTmo9lrM95iKsCZX62HMBUyrXoTAKwLESnLxQenFaAjl6yRuWcr56dZD5YZiXBvTG6lv4uNZoT9N4fdxeG8ZtTJuQNmkcwjCOm3Ecg/h8XInU4aK53GthZxYjIZRvET+ShTtpFWosveKvjeIj/uBhzue7/cV+t8/TVPLMeSriI6JMBBqewYEmXE2uLwkSU89nJf4Va0IGFnClmAEf9jiZ6n/1rNK+THJubVWI2pjWY42S0VJ1kOJ1ME6Dj5WaQAuaISIzSCGzTeGzaFcIOyGjVlB7QzJlZAhIfES4qNzyWdroGCShFjDR7DnM4OQIN+kS8KL0ArICDy22hjgWqF6HWn5Omw8KmnAqECeacDNkMlmKUIyMWgiAwuBRVLOWQuLsENpd6KUNc4nS0nme9/v9YberLzJqkpISJ9JR0p4+IYtai7SKOdmtKbCjPiQpIzTXk6J5OvU8xer/0oaAxVqhQ1oYa9CTssHFwjcFMtBF1iZmIbL0DZx9FAW9qquq9hVbm0QZcEzDyDYnKXAnRaVX0CZbG4nQbWls5ZUOIeERnIF0RDLU47zEneja0dtq3i68XlbrDe6jR4Ol0KOAV977e+7zhhaJpIZAg5jMlA947vv+1k948ct/6W0/88o3/K0//Ydf/MHP+f6fftVLf/KVP/Fz/2G/m7vhy3943Zv//Ff+Y7FFkZmGIc+yfGdOrPmGf/o95XKXD9P7P+sZu93hpd/+1S/4kOd+8Ed8drD4JRghDDLydVKOHL7Flir1LKOuOZFsFQx9JE6ZIp6/K1iMVkZUAW0Z4XK7bYhINi+1aMLcpqlGisk+js3zSLasIjYogWcWRnEZqhM/h1hS3ANc5ulsOjx4fvvOtGNbGElrombgousiyKLjSXCl29vGLoeSUwW6MhsV2LbdtbFJkNwtcLlcLpfL5XK5XC6Xy+VyuVwul8vlcrlcj1NpPAc0g4P+shocSJKM/Iwa7LH4LaByEYJHZH1IVEPWeAV2pKgPKLHWxmtxkiLtnsoAABAASURBVL8HT5IUUeRsva6ovMPy3Xd+SQAJ+/J9A0ZKo0/0G/Lq2TDGdBI3J2lzLW1O43gSxm0cUhoGzsfgAq+k2qChA1xjlsgKeQUIltI5SCgLLP4PQhQUhRmKVNmpvdoTTi4P0+Vud7Gvteh54vItox6lRZDIpaMkvURcHso9qFtHQVx4GCVgcp6Y3uFEIsrzlGvHMlYgdgPNSENNOlD7ApSK0PgeWrJvpF7Ml4yS14HKqJg9gvat1Hmp8xJoZggNsOB+KNLVgg21z7TaN2E7D1AvWwe9P+pJM8boXK0a68dtwIOZ0ASNDmkECQMlGdrtBIVFolyhNkl8TbQrJBFFUJconiXjkORUzVAExNpFLCjQ7Ht0AszaafuqHY9hfXG7PdkOY4xRPU7qGATrZo1kkYlpnjC2XAqPI1CfNQCp332xwKgAS1aOzkkJDQnNBII0yUizcpgSyD3wByw/RcYHZ2Sya6Iyc2iP2peEwDFOMQwco8SpOrWPBgZytOfkqng1+cYghSPDErSX+8+4LNGroqvHV7wnHr8+FFcjgDDEpz71iR/2Ac/8+A977n/xG1/03Pd9Wn3xz/xv//xt73zkWU974tOfdOPzPuPj62N3mH7k51/9fT/+89/3oz938+aZnoOHjpk7JZNKIBgAP/x5z/6o5z/3Y174gR/9ouc9cONafTzxidd/+Ed+GqZZnU7q88DoCU8Jpl0wDroQEMdVpycZwCjbFVMg0KCMZas0hY6RNOOqTv3ovt7Sq3RHp7Y+ZUeNLfRGFjQvIYFOQkPY9pkOlPdUbpX51n5/e9rdyft6JyVFXrghBGUDsW3LtEpEAyA6tmQB9Q0iMfjhdtcl3UKdbEKub+3unQOW+C2Xy+VyuVwul8vlcrlcLpfL5XK5XC6Xy/WYCtuX46nn6UBHBfTb9PqwYjRBoxNAwkDYw4G5E8i1Bl5oKmUmrr8WyLU2zmkLkTJH6pRsX4K3r7V3Sw6rIS6iVh83Y4Z1c9kwIphXBZdOa1l9GIbTzclpGvmB6SSkMQ4DcycjBnPEkMAGslvpRVitF9tdHxU6yXgLK4OqF8cRmcNWLWU3TReXl+f7w6HkWcxBNIUmCgYipgExKAgBmm0SBYRY10uPDCVK7b75cJgO2cwzzCjE3ioYC7WEDYDOQBj5AK0kHQzL4GsHCZ0BDbxQSKOot4WOhbA8kuSz8iEgxB69pN0njIxUwAWP0Egde0AvdGM3VKBubWITSP+7229CcQgzOOHRipZ9g1GxFwF2pFV6O4KbyNAmtByeHBSsCZKSg0KlhMav9MK3ZY+gtaTUa83zLEkjdH52Vls8jpt6ntNxk1LqEw7bjBCnn9Jm0eIxIb/uXdDidcJkeSJCFanHicT7gPnFWMuKGLmI7Yy5B3E2CwflZAF+eDEFCyVhgxHIJcjKY4uWgc1skgA6MdVHGhKmYE4umnCCS6fjcfZKy2k5WmG4UA26GcA9tAbT3sNvH2eidRJSW1uf+nEf8lm/8QUv+sBnPv1J1/s7H3zo5vf82Mt/8hde++A7Hv6cP/1VT37iA5/yMS/49I/70N/0Ec//9I97YX38r//tH/reH/u5b/7OH/yxn3llHZAyBx4ZXueMC339X/sTn/QxL9BTvfvhW9/67S95yUt/7Ed+9Kcvz3fBCCMxLzGPHZ7TA7JhCEjgTlBzHpEMmEJkjBJBwzLqcl2NDS2bCK7cq9oWAu1m23uDhASJ25RezQKneInLDzJxIzu2SKoO0Xa8s7t85+07N3e7i5KngFk8YdSTpV056PQRIu3upX5lWtAKm2l81nruuVwul8vlcrlcLpfL5XK5XC6Xy+VyuVyuXyeyOjQaU2HFQPlyemhghtIeYEkUlhXCqSmZWRNQm5NyIMnWUe+TWtBHmALMEqkj9hvUMZOlArkk5rRX4vKde/NcsDrt+iOaUSLBOts03BhPTsKwTZtxGIaYNmnYjGMt0o61Cl9LtbUIO7MDgRERdhdyJDfDtX2RfvEfG3BBmvfDTRDcoEE4tcJfSjkwcXJxdnk5zXki/Zq/4gP8Jf7IaRuc6xMki0YAlCCsQfMaaVEkOZeGmMBh3k9MnTB0oj0Q4z3qsLiCJyyWQi+v3gRsbcIXjpIYEuRADC84bkbHWtkRYR7M8QA7gENKUCh3IoYzAK0ybR4t2obQ2iWZMc0VhySGqZ9Wu7IsxMniaCCf1QK3MCIaWCP2JlLMFgsWJUtCwzX4EbGg5ftg4vusP4/i5WLACud99KymniQjU9Aq3e0Gc54uz88ze5ngdntyst3W+VMnEShuwjQVKdki04ZBGvF6WUXHHBlKUB+sxBE4ZjIC1PAXbMlQ6v0QbB7wCUvrsLpcMie01IVVm4A5lFmiakg5n/qcJC4psRVLGlJIUXpfjX+aB416u/SZ1uYJPBqtJpytil/Xsll95SWFucpHfuAzPuNjPri+dJjml7/uLT/686/+3h/5uVe99s0gy4iTiag8/MjNb/++H/u2f/uDKeDHfvjzfu+nf/zv/E0f+zs/+WPq480PPvTN3/kD3/o9P/ruh8/qO+sHQoGf+bnXPOXG6Q/80M/+ux/4qZ/7+VdRnoB3SRgZh+LRA+FTEihOxSM2iCURSN8/8QkPPP+F3KR5mm3GC7Gmo7FyMIH18XscJHFAUe6EHX6wkKYfKUgWFc5TIE4mDG+Wc539dadDnBBu784evrh49+X5Zc6Zl2wsLQFHW4CS9dWpEQR4D7OmbwHr9jtu4nK5XC6Xy+VyuVwul8vlcrlcLpfL5XL9upTAAGZ3IQVDWplvyHMhtV8oxfALTtSRPJ0ifAmXU2f2tWDopNbJM/sw5BmxBDgIdJLDYmnSsZPmF7GKtwlWxqTVc2+mfczIDuY6QsJadd+cDNvTYTzF4SSNJ3FzOmy3aZPCiOr9wNE4KOEXvfq8fPOfaF3AZRcLpFXxUywD5Kbte/xaK51L2U+H88vL84uLWqo2AMa6DlsLhfYIKQT141CYRQNlSEv5yu1wpE7tx5y5B+dDllfsZpXIsFq0CXv/NWcV8wuQltfycYpKYghxgiEJd6KmIau6LrUgHYvUkQOQ9BkbLC52q/OBuaeAOaAoRtFCgWgV1KGFbUYzxAFHzonNyYabywXvhkBgc21oxipo/isA2N0dxPok6jEpccL9V4v3iR8hCl9Tq/c8ezSAR2kLY3q6Tw9/hHs5F/VUoTzP02GepsNhXxtz7cYDpyfb0IvmMlQtKsdcW6iRNLHNheMZuiaoMM1cubcpUXtPB2vpDRkw7TQSRqeIc5CsJ+ZV6mOWecWWJ0EJK6GG6tgOMY1jHBMn6TQqCLLeqFJaPZMKj2bNo8RHuufRo+RUfj3QAld9Nuy+6Ide8fq3P/TIz77q9a96zRsPlxfCzTUqShxkdBGywRDEeT786E+/8kde9vK/fPrNv/czfsN/+bs+9fkf8H7/wxd97id/1Id9wZf+TYTIHAnhN3zDd33D131HyVPJ+5HBjhQkuYuDtiT8CTg3p67M+szXivwjP4OQHJ//xX/oD37h76/Hr/zZX+gpYn0I1VsI4F6hM/2woUJtaRoOhrwNyk6IoYFqtjtIyhSos1CWqTgRzAh7yBc5v/XmQ2fTvJuyxFjpRi3ol03noA5ZrR14ZWN9z+PiuInL5XK5XC6Xy+VyuVwul8vlcrlcLpfL9etdWpYMzVODzCoBWimdLFikvVMYlFk9ToAOgp5MlDMUqZYXqZPTXMvmgeoBdZuHjo6sS6YLTgF0VH+0dJKjF6JyMYUjY8ZhvL45uTZsT8N4EtLpMJ6kzem4HYcN8x6SaxPN1kJqoseuDXTPGrymCrV+WLdVvFrYmGQ/HS52l+eXu910IDELoFULg5aqNVsnxLDEvFAnIbSsLQyESLCGaZrmWvJufgFa2y2Q160xLIj60GinRiUk6qXGmIaUzPVEPE5CsJQhAOgNRXWsIQ0ZKo04IS08y9OSTdNsUaz5QevVdOSeUTidRw4YTrIqt3YyGgSB6qGiXaG5R202mJ+MROdAC/tgt5gI6qxiUEpA8/NIoZm4yIHlCWHjY+wWSu92NQlRgIR9ePJ0uNzt97sYw7XTa9vtNqXE7AqGFZnExE1HapSkWboPVvRUp2fW0MkhRl1KStVQw00sSEeq7WpxI3FGnM6SESfCUhdNnRzs36KGGEzdMEiUAgWhiRJHSAVJAJIFKRkoqLX/HlWEZMgP6vhAv+yjVF8Hv661WuItzeXIXeOnfuENL/u515R5X1ejBNjI8tL1x/0eZLLJp+uGVjSnq9y5ffZN/+J7v/GfffdHffjz/vDv+bSv/SffiZnzwzjLqsRQSuTOZtwEZVpFiaQSEIx++U2//CPf/xO3H7pZx/Adb3rwy77wf/7lt75jCPiW1735Sz//z77rwXc86WlPedb7v9/rX/367/jm7whGrNXFQJZ6I5vx1XvT+1PUI/C8qv9kQaWKrkGZ/7QQajI3ghAkslPIghf6kGkSwU0CnM37m4fdw7vLXe0gKJNG76CaDNl0V08dWTChpRaBYWUdeWpPxTyObOfABuL1ldNzdsDlcrlcLpfL5XK5XC6Xy+VyuVwul8vlcv16EGolGqwkaBYHGv5hZIMyBJkMJkCxOSmSTMPcCWeB5AOUDBYiwQEhkdNsCh9w4kkJPU1BKrFa1m8ExrrCuKqmLkBIL0cKTEBUS7mRwiZurm+uXRtPTsfN6TBu47ipj2EYUn2k+t4oBhmtBmqICVmVvvu4gDXA/C1w3Y4rpU+SjKHdNF3saxV2d5hn4wc01cTAA2EC2I8i8kOO23kkzkM6Tm8qlzkXTteZiyprtwSz+6AOZvC/HLXSvTdAXw8WiiEAhvAl9d4ZNZGwjvZbqyYjNPsL6xQSWwfmTsAsTMhKwB3gwPZZbDY4agYj1W3keBhDYBrFUsQ0p1yph8c2DM2JA6xYHcz6Rm6BTyfFfoqtCfwqBKNe1LslwGCsifSAHOtZOq2ijekRQs1Jpcjt53ma5nmqnT+Ow3azvX7tdByGwsgUCZhS6jS2c6DE6/SbQb1rJMtj0lb1SbS4pFQl4nI+KeijM68eZVh8Tuq/MzDFUKQ7c30OwAtIDDFIIlXimEJk7CGlVOcStAwijMuCav/Y1VtJ3/5dyBjrin4zNrHec3kf33O8zuOZDaD3/g7b7tTVhB1zeEIZKCTZOryENddJjEI4R4zJn+7pQS9/xet+4RWvFbyLl23kvYmYdtPVyx4nhMwHkbBnVHfGH//+n3rZS19Wt85tGubd/MqXvbK+b5OGsp9e+/OvqSd9+B2P/JUv+Svqs5TiwHhRjKFtC/e5E9IMsP7DKuiqoXuy2ZPOydV+12Yu2g4R8UBwPh8ePr84y/vb8+H2bg91S011Z426bBvXJZ2wHPZ8LgrdJmdxQCHCo3vApfffu64a1YDL5XK5XC6Xy+VyuVwul8vlcrlcLpfL5XpcyNwQAJU4QeNOSGkNsNgPydaFHBKKAAAQAElEQVQp/MV5hk74taLESfM4mYDqY5ayORMJsVAwmMBiZ9Bog9ItL9DCdKwhWjaHXl5cVRlLMbMKNQ8Ihf08ro2b62lzmsbTsNnEsb4yMm1S/01KTejdSelVTmI+F5aRctQLjX8J7av7698VTY6R5JMp5/182B0O+3lWwqI06kLiKcTdJKagoRUhHH9/v/UAu4GIdYyAJlmYkywsj8ArVhfmOndpJVpNpVnMThhgYFMQQilGK3rB/yf2d0EDExqBYaiC9aE5d6CwRDI+eekFMSYxewWN3VhZw6iBSssR4sHN0Nxv+JZy71ohhLDbFpjLB1HvXWFr9C6k4xDNHAY1HCdoRE4QvxWZKIqfQApQy/CxdW53SVAvB2F1eAoKSVP0nPVTtZenQ57madof5nmq7x9SPDk53W62tb/yPGPr8W7sI7MFV84NawMcunv6dOZEXoGExYAQPUGRzJGsFXm5oSxwS10xtds4n0rX4hDCkMIQhV6KbHAidI3kNDHYYNxAQ2ukucacXC3f2xpY/aBvtvVlDb2KVtnN2sjdDzh5r14UjyqX57EQNv8Z0P5jZilGSIX9dyTjKGg8FgbF1nTNihdUnZ91hMT0JzBBxLO0oEVScZBVrBML2XgoskdNHfOc+EdImq0jb5aAKPY0ksGvs68EDY9Srq1uuLE+R/UOCRLPFWV52zbasa3ju9K1JVYlYCuSzHOoox08D7HYjo/m5xLEi6VYQhYcCp1RfvfFxTvv3NzVhcN9kygmsn5htAbX5k56fQHR+qAX4U5qA3Tp6jqoM/k+I4JHAOB9x+0+P7hcLpfL5XK5XC6Xy+VyuVwul8vlcrlcrsdQxg8064uOBVi1vDRGIZeihfFaOA1Uas10FvuTAyzQSa1nkmIKgibYY1VHJPWKUA8PqYYqJ0CtAIztI61OWbScSua7wbXYsInDjc3pjfH0+rg9Tex0skkDx8rUp2GohV/q/g60/va/upso7wHQTBysddYebPdufUNWooZ684dpupym3WHez8KJMNRQ38W3G3DJ06kSAGXhIVYNUK8T9jfhHzKx5UbO3KalLLw0QdoX2oA0xkJSVKQqbpyDeChodoek6iwOKGy2EbTk3D1S1Imk1MFSG49ioRzGgQjLwmkeYe3b0VuFHUTg6rfwRwzOTEUOJLFHjSMCpoSWoSGJIIbuSOyIAi3WVFAzlSSvRW50tGQfic5BiWfSWxW/B7DIIoVvDBgiXNxcijo2tO5nJ5n9Yb/b7aZpqj/Uc5ycnJyebDfDyGdqDjjtHps3CPWkndKmg82UcMXeRDiVJcNInlPI9gn1r8nIVfcZxFGF2YU6pZjZKVGuL4klYcS0HeM4xFH6xO5bziJvsBEgbBQTrierTRobMjxKloE2tx+Vr8RVtcVjJMrR9e79fniMdXcDZBoe/0JWEZMQgXCoc0thI5lHujEIAVV3ubpEp7pYC84QSn2feM7UWZpRZltzn+G9h4c26UwNge1BCOqGFJk1qSfjxY8WhMQxT7y42ZdIyCsDwgqoq5S0VFZhZKcTWZHQpjapY9OKniHxHVJQUIEVMu8qSXeSfbZIUA+0ucBZTWw2hDngLIu37kaXpbzjsLt9uDzn/DSmBinEtlOHTrQtdGDr0SyMFnSWkBd+gc5khQCrZdNulty0xOVyuVwul8vlcrlcLpfL5XK5XC6Xy+X6dS0rYEIvsmdDHYzQ0FeK5OZkgU40HyaLzckE+cC4CUxIMxMnkn0TJMwkaL2c9H8r5Esh10r5RzV1tW5oBg5dav4ghAEbg9Rq+xjjje3Jk05unKbtaTy5sTm5NmxPx5Nalh3HjaRcBPmafehfnl+H6ShxoqzJFS8GtCgbq4Lqcb3bWlyutzzleTdNl/vd5TQf8pzFsgXUh0NtQTgBQ/I4zB9hyTsxoIcdLahZm8z1h1rKnue5PnPtO5jlRzcOgFWBHKGHUWgGDcd2hG4EYjYnUZ1CtMeSYh2EZv5hkE2WwS2BsvAfxU4qjU2tzB5CdzVArWGvGmXjMjM3w0Yn0zwfpn2DTooCQxwoIk4d8t7cPFQMnAlSmdZuUvcIhk6ipOdwrglDJyQF69r1SQ0nuMwvjg9iFBHVKEU7iWNsOBinDnnU4r2l3vBsnab95eUld/o81z4bN9txSJtN/Wej2ErQeWfnKgo6tVsu1j3Kd6ycTrAbm6DG/8T+ivZUYisc9bVBNpSpfVASTIUOteOYtwmkn+I4pBCGGIYURzlISv+QtAYN0QIr6TcOCvrIKQBi9il9vgP1pdSMWn6t/CGOOA54rHU/iOFotS8dKKEvMhUDdMrIepmnObHF05TrBgBzDoVdTAKlgDnIPGffJQPjeFLy0BWoz0nIjMSIR53WJZEFIvE/6vgjTkBmAbQMEf+2MA7WHETEy4i9k5QtI1i7jPTb4t1FJmv/UWZPBwg7kkWwYHZRT19CyCHuYL447M4Ph/OS37m/c6irWaKFilkHgfFn8j+tXHCWbbSTTaubWXNY9x+tx37WuFwul8vlcrlcLpfL5XK5XC6Xy+VyuVyuX70MwyjCEHTXBzWt4Go5ZTHnYH8OzfZQ4mQPZQLS54wCMQhMwMSCVLi7a4DVu7lmClKJX2Eo0A0aVhXyRWt3hlILuGEzjKfD6UnanoTN9TRei5uTNI5p4CSSNCj/0c+hX6Uv/bQrvwY7Pa5QgcZ5UCNOegdNVC4Ph12e9nnazfNclEXQemqQ0rPSJxg0kiYYO0KtEdK9lFmTPDN0Upboi3U7lltGWFlwtOIx16vlE5L/Ia4fzC4EoUzU74RfCnZCou41IF2fOcYnI9E60aJl8aCYIQQN0ejYy9qvBcCyRtj/ocx1WhymacoHUg8Z88KAJKAJwqC5IaTeEcbp8DyJ0CJMzGIlCEbD+EyUicJYhsSLSH+KDwr7yPD764WCISByOaYsMpfPW55Ry/sp8zxdXpzv9rt65hvXrw/jOAxDEAyo5Kz5QWQ8SSM1roz/QtxcmZM6t7H5m9grfbTSJUqEUpAAHTbEYGpkjjRHZk3imIKm5/BzwMTOGRzEIuAWWSOoWUtQ63wdUmwDAwIhrR0vVutnhVCtltuvXvirckl5nErHnKe7zB8yggyMEhN+qoiXTwbMJRSoj1goFbFyKkGgE2GhQGOiKKIgJnWXYjaF+Fhm0iCnHnTl8qdKEcQuUN8lOtzEB8Umpf6WOTrbHZojlDaTjDKRNUnNr6e9x9x5UIyCsG0y7bPGsWGsdzNT2BPdnuZHLi9vX15eQjnUNRqFHYRABqzF9rmgPI48EFaY4EJk6Y+dP0G838xbrTqXy+VyuVwul8vlcrlcLpfL5XK5XC6Xy/XrWc0TROIOSEuxwLDJDOJuwvkSnAvCxxI1MxEpcbJDKaoHK0Bi0MQWLmhyLRWXSjlIWTKi5qys7U9o3Y51BVM9JOw39WiThtPNyTYNI8STmE6H8STwcUJx+QihZzto8VVID+wkjVkYSO1VDCQAV2QGgZpetBJou/KU88X+cLnfXUz7/TxNmQTqEFAihI6a6P/runzPJGnBMxxRlDMH6rCXAUnMDFJKjIgQWhLNlfprC0uBZnXAvWvpOaKUEhQNtOHLJ4FO1GFGi8xWCyatoFtWkpaN2XRExkXTahQ20RgM7E4Zx6QBqe8NMYgz5/kw1wdjNNSCPfRtpZbqJ654J+ZiIraxjQrpKFkifa/NljYzdsHoiVwySFPqsFLJ0rtBUovkfaGDRWtXmmYNwb182F9cznWw5qk2MsV07dq1k5MTNqPRUB7AFAWNKq2jaJUYwjY2y/1esWOQgYAepqMHNnYoU16ULgYjR4pgNkrahHHcDsl8TWoT4mBsT1CYRBKPgsFG4kpRzLrGqCljeNQWSG5cO4MWjwlNM5JRhWaE0makOd7AMUb0XrX2BeoWF/f8MD2GthW23h59Awr3K7v1yHyXqdBMQnhXYmcn3gOFOMn1gSNR4jHRzUvzqwqyx4lOC/5tZOudMrB7Cu9Gg8TeRCqhuUdxMg/q8istJmntvQIRw/FGIFuT9GzHM6hRYzKH5Ty1XQJgyctB/Y0a1CeICTeTN2DdtjK3JUwAF+XwyGF/a97dng6XZZ7rXXFKGeZpFmeW2naGTnSOKXzCbkDqabTSMTQHC9JnNB8dv5ks/OfR6W7giR77DCeXy+VyuVwul8vlcrlcLpfL5XK5XC6XyyXS8mWr1VLjMwrbmWQpk2Y1sSCSkB2aGEahPdEB2Rxlhv4FeiM80LwqxE9jCVywCB3mJu5dG8bFwaEVNLFTDynGzWZzMmyGGMeU6sE2jZuYWGz4MQTQSB1s9IzWaPsX8/WmzBUCLXtGm9Sgm17SbQc5591hf7nbc7DOfNjnGZhxierAAVFdRjp20m1O1GpgIWDyPLMvCIfSiMVJK/13iWnBUlolLK3XYusFVOhEQY0kAIVeVPiCWuTmOrck4/zf7P1JryzJ1qaH2TIzd4+Ivc/JzPsVC6oiRaGghhAkQoAGAjXUTKAEzTTTQD9LP0AaaCBAY8040EwjjSSQRYIAuyp+de/NPGfvCG/MFm01Zm4esU+TmSdvZn213oyM9B3hjXXuOVhPvK+HnDlyRsKTkK8o9h/J1Zq0VqPh4LTCITZSlZaG5+qwoD4a5WBKF6KIoLQkvK0bOY/w6mGWQyGNrdTlU/LrKj4w6HRCvaTkOGk/7UoZHgxVBO/YA8QLjyKjUf5ETjMJTBXJ+X1NLPLi4AJavSaaZkvrus63248f/gqc1HMeT5enp8vl0rgQCWtSuqD2E+p7l8t0lw2CjZTyVbIbzThWiEo9bly8jVmzTMS9JfpAGVDDcJr8EDR8StGBLI3j/StHw61U7xQUqxi/t3i/aYQ3qJiK221PZJ3Vruh99bPMTrAboLsP0f0S25NfBgp81VGVODn2UEiNvP/lqluQPPOENmPnHvp+I1unsjpdQkrzSrSQIaNP6DNGJLOTMtUEnegNWf4kpMpjJmsT8JynQ3xJwMy7CeCWd3scr/edPHJ1ZaFa9ABxb5mDlKRhXrug3MY+GpmfZHfBV15u9K6v1NDMdwzf8hSXQyliwBQNuRG9pO2v8/XP8/VjppvVjWN5vCGHh6lhkmRNQT5OOGM6bTGqoRX2rBY/YX1H07TEHX0EkZ0Mao7Ul8RjrU93kH5hMujEZDKZTCaTyWQymUwmk8lkMplMJpPJZPojKGteCmj528nP5mWDrU2oIJvltTF3Ul6LROpwGgtScAj/np+QCFRihEMntNqrph4ArVSpdg1d3g1ofV3ZFLESEEQFKK3Cnfz4TKk64xmmpzg9T6fzMI2RsJMQgto6sD1BxWi8nFsAhZb8Qh3iMrMcIjEW6pUh7QH9XX55m9eVgnXWdcsppcwdU58Rfo9e2ADn2+/5ichR8wLOV8kcTYR53basjIH++B9qMIrSL125XNADqNVkJVQkyIeCWHwkNoMzcdBJqoyQFDSZBKx0rg2t+33RGJVwAIBmtgAAEABJREFUgWqFIqE24v9SJ0JJE+dcdbAoNfm0pY2U05rW0jMHgrSIuYacg0a3rJVSeR+kRs9FY7E5YeKEcnKkjKwDSp+L24oTbsZpHE/2Htra2YkirkO3ASLDChpmontu19u8zNM4DbGsj/F0Oo/T6Ng6hcOWqDV+75DbzXA07Kh6XvD8yD4yUtoCZn26UJHmuoK9y0f07wKjJGxGwwlQwPlA5OfCwyStcXKzyRJQxEqAFDlpPSXbTDgdX8cBT4oi1B185zyBbvf2cXXxiH+M+yr1rhUKQHSLp63LTx/9N/WhqMu7Yx7aRntpGtH+laResWsH+wAlV+7wRKSZT0jb5HGCRJNk9JkDohijIESKzEsIpiJOKufID7iy20CMFL3KTeFRZ1E9Tnyutz723h9Mavm67XYLqL5/YkzkHpghRqQaaufE3qTe19xkpAQrIAqN0TaQCLXyLF9cvm7pL7fXj9vy6raNwoG8PMJplMiQxbMNFZK7CTaGTtkx3JE6aRZgtaWS2efOYgP6DjeMzoysWGynve906yVjivVG1P9nlNZlw05MJpPJZDKZTCaTyWQymUwmk8lkMplMpt9fmUMeGDRReECsODgThmiS5MTgJK85JShFS1xd3kqJtpQWPZs8cHWVft4vpXQiGPjUXRFckmi40IhyVRJKhVPLqRRbI5khXFwkOkFq/4MPpzB8Nz1/N1yew+l5uLw/XU7jaRqmGAfxnOBqZOY6qdhGgHSqSXNPsIIULfgBam3eqfWEIgYUrLPN60b+JJk8EAgXCMJ4CPgRNFnHSSANCG1BVAMbBJBrAmfrpOw2fsdqalCOVV8Nt7sCyCl0wLDavaDk3OgFKECHAmtKIVk6LQ3gcA8NWdlNN/aCO10LmxtE29NX/wXOJcoSjrS7vTBbk3PN4iml6rII1iUliq2ZlzUxVLQzQ66ZppSidvLVoIGsIsBR7g9ND1fnfYhiEwLiBEJledrHs20Ecw5s6iIjqzX6diHBWzJb5pBzioe0LUXzMpdmlZZOwzhNUxmn6CnchwroYrAA2OEcMuLQavZ6DaqmM/LSL19oLinMnBCwFOoIH0a8HRTP756luZQLRJhNcHLm/aRqNNP8G7qzCEXQLFbcnbHInjvl2hE9cVI/gf1QeCAWvl7wS2xNfgch7ohJvdfzoekSpMNrupkf0VJIRJyUpxyDJhygkxQriWX1ZF5uQpzUkWTHHgxsYsIsFQamLISk4IVe2TFFTPYlVUkR154C2Jm0PI62mtZ0KA9qko6cZO/eYYqrI4t6pUCUx0B5cr/m7cfl9pf55cN6y8FnCScD4ZmIMkGxFqk+UaV/cGwbVEzvzaXRWLm+Lw/9+pmLCvpbUuA9ZzKZTCaTyWQymUwmk8lkMplMJpPJZDKZfm8JboK17smeC/KbearCrmRzQokwZHAC8mcpWmpiS1YfCClq1lo3vFUMbJ4L+oN8QhGc+KN0dURs/gmMB0DguJEphufh/DydnuL07nR5Nz5dxjPl7JRaPttk1JgH3H93j9gidRpUIufGu+rlo3sAl25L7XVb85a2Ja1b2UIuw3KjvPcMfrSMFS9F6NYLcRcRj5ONqJUsaRhuL7xqE9Rb46Egu5tSgLiYeHZTIX4hcISOWLt4tjFoffBS563BIWqD4CS6h3gYaFkt4mjC0TBAoTYNf2jNVOIFOViDWCTyOEkcX7PO61IGxXNYTuZsG6gYBDJWIxX55t1RGhk8xOCYAimXQ18BDhpMZnAYzQihWz1BatYS8dPaVl1hmOfJG240yOuNdL2Wj98/v3//3XfjMMjq3u0ZmGba12JbK1253++FcNjdMfb8IYS9jp4fiua5/yNOp2lfWB6qd86DHQfPa71Yuzp0ewLsza1te9hy+1mxnb6uMYFixOLlcf8v6S3njT+e2pxiy3nRcWvuGIwp8cIhjybe3Ogr8jhRaxNIZcGDzwTHMXFCBiUhlRUsbB2fT8muHAmNYisUxszKsqaVzU8x78Q4SPdXz6b6bK2wSIZ9NdZu9MwYtjXCs0h3mtoj1UCpSs4415C19lDmNCp6MQZX7r+IFI61zjn9+fby99ePH/OylMZH8JHJNU7RCcJzgfqK1P8coCgmye4WAbbdmo7Mya9ShdoqJqacojOZTCaTyWQymUwmk8lkMplMJpPJZDKZTL+vOF6CYnS4BJqYteA/MaW0IuWnbFAq+3nFvDFxwnkUVOPMmkuDapvxWAFX/xDXvuFQBC4aEuiADVipyoxRcG4KJVeU+mKikIox+FOIZz88j+d349PTNJ2HcSBWga1V9Ny900O1bqluAmJg0bdPEk50G7Si2mwSUs5r2m7rUt7XLW3EjGRPTZZYnZr4olSEFHwBD6KTSBBN0sQiuCv6P/gagGIJXZPojTN1xFUlEHcS2DJEBooMF7DvPtvV1N44Tg5JbOdCASIcSIF1YlA64qFW5fsCM//JJhDU+kTjUHqypZzI8YbjXZQcIYuElvEiOUqcOuL9QI4sQB4nQEAJvdgfRra5a9SdSPV62sE7tWbwB0MDtaChC9IX1B6ymgFY1kzuJtu2LrdtXcv4nKfT09MTDVAdRX8o66N0r+JNdQP3lbB7NLhqEFFZEweaEqVfuN124pH+iM0boqOCspTN3dHZos79UXUSPqHHazbWpDO+EH4Ls/sHrQqZaN95+WBlfNxu+8MPBsE3KKAo8/0gG0qcZM8GJ4FJDS/EScYoMTpMcKgtCXsHMXRCzyl2eaJHYbNC2fGlSpz0LVTjE/3ka6RxU5wDpP3KyqA43C9QyQx+Iy7GUS4QUVshuhBmTH+53X66vf603l5wS57TgKLXRDFkjyaoVk9i+gSHR7TDLp/oOAlvIVDfXj1C+Le4nslkMplMJpPJZDKZTCaTyWQymUwmk8lk+qyQM3T4nYMmqJKZMCdK1UkLxeiwx4nLi8NEqSk1sQUYOvFfKvz1LiauFkahRjPIfz1VdCXXxgtIAUw6lEJwqZieY3w3Pb0bz8/j6Wk8P03TJY5TEFMMtTnJd0RJxT4efxAvlxZaZbcaafkjTnmANa23ZZuX5bouxFqUkWHyw/noOFhHPToIguitRuTKSerY5AtSjk2pERnH3/03T49D06FrqvAbQa5ccRNghiNI7gwTFOVLbL4kzIp4Zncyt4OgE6pSZ43CkKgczbDJsDucEJkQIPJEqCUD8TfOrdu2rJRfs6aNjSIEvZGgJE6jkWuVw4P3dRDJPwGIOxljHL3iJoF3juXFtWuKJiLjExgkrIjtIfYwnRq/BGxQQSE8oCt228prvc63hbwayMLkfDoPw3AepyFGBqgSu9DsaUE9j+H3FQgNQBHYpTmjMOyjsyY8Ul0w2Wm2jutIj3sPkahsz53vTz1ZLZ5D/013k3xKnyrt4xECaOfBh2X3D0g7THPfd9y775TIUqxKKZNyk3KGTnkn1oSeNfJCR7c4B+t4Zk1iWRPIbIYgcnnHWaLG6FCcGAfr0Pr04i4CuEfdYN+G+ijEt3mTzuak2wHrRWumDvLqFW6v0iu6tqodiNyaFA20AZRH+DxfP6zz398+vMzXxGla7HPEETp8KmJnUCybsHsQSQO+ZgnhA4kCv5AMuT9o/3/G/iV+LbBjMplMJpPJZDKZTCaTyWQymUwmk8lkMpl+O7GpCXESasbRyrJuo9AJeq2YV4cruA2EDNFyJhMnnNLCBhUe9p/Zuzd/wC8BDn1+SXvXYjubiDiyWUHBKE5x/O78/P3l+d3p6d14uYyncxhGAhg0ngW7k2iPpCaLzeWku1xXfCfXAIU29uZK0XTDdJ3XGxMnBFqwpQeE4NhbhSNuNF5H7S9YmUcwkQkIvdELKV4nC3fgofqhUMUb4G14APQfJ1fynOVDeA23fGAuI0jOj1auif5xtaNebDmcfItiU+J0ajXZg47ydawF8IF+AtRJAShkI2+cELSmdc3riuW1kVeNCzqSIHgKeyF4LAd4dj8pp48hTH6YYhyDcCfU9EhICoMdVMdnGxIyLBH0hJxLhEPyilbswEAZVuoFJfZgWpcytLf5dr3dUloln+fpcjlNU4jRM7jE4T6VpakuGA81ahoQlPATpUwYYtLUIaipOk6xDdroIAdCb9pShrtsHUdAgu9DgXR6XVuScu58QEygoQjVu0MjWdpV3F2kyKcYFPcbcibaAsDfMd3kjiardFn7XiihcvdBgzvkqZA4VSelhpt4Rk/U1ATJzgQpW4e25T1gDvy8E6cTD7qShLmjFV/OU32SvGZc9U86FDhGWROHrgvNUfTNHfrROtM59DBOJq5UNUaMw828Ai36OBSqz6fM4VoAKcTkYcb8cVn/+vLhx3S7QXITRV+VO1uMiVz2tNwCtPb1j2hso7e38PGp+611XL79E93J/0WwfWEymUwmk8lkMplMJpPJZDKZTCaTyWQymX5Xkc1JwoTidEL0CTudYN4wbUycLIAEnTRbAV/fvSQ4iBUE1p/oY1cxfxD0GIjb/QfcniZDRc9y5ujDaRjej0/vT8/vpvPTMD1P58s4xRiZwvDibYKH00J1yMAGnUhNF3WvdhH9mTx1GthVRWvJ1P9l24g4WeZlXVaK5SG/AHFgqexKxQC63CBHLjEkNjch8xgGeeSSAjNIkI1j/40duYED9oKSdyNJOgRqEK4RoPpwgOA+yJdGdt2gAzdQaoKsGVoACPcyQTP56LAgJmacc41tUD4isyMKu6iQq8mWNvJ6SdwnR2NVWpBz7bySNOxxIuxJKd8HPwU/huEU4xD8gOxu4nCgSB0dxwF8iynyOjrSnzL1IOxFGx52jkli01JGd1nmeZmv8600ahjHy+UyDMM0DJ6cb4CCh2i4UA1c0HUjvJtL8LR3a6JNbfWXkRykLoLJVU7o4KlR5zEfcCZWPNTDP3U/SDhTO2m3sg6Ey4OPSv18PzW0XoLrrnegUr5JjV44KvC/JXPwRVUMwXVPDZmP/SEkvFV2GhGVhacjAyUK00kYMiMmWw5YtrMvnyCvPyf5OHSb0SfIT7qM6mXCAyymJuVeAOWksLub0NU/9+wmTb1yuWtzr/4TRN2tPSsRFZpShIwaxUE7DuuNr7QZB5MBebmUO2Ecy/PrQ9o+Lstfb68/3l5ukOAU9WEhTzTOBVLEy+v1wv16g33U67sHeGy5+/XmI926at4/b+JNme7h33URmkwmk8lkMplMJpPJZDKZTCaTyWQymUymUrnbEv96fkOBPZDjS9JKL+JOxOMksfcJeg18qUVVSXjBrCYmqIESqOXCvX4oNU64j16oySY796ABK6XyO8b4PD2Rwcl0fjo/Pw3n03QehzH4wLYSyAdDBrXqYHFxkniP3H4WD5UjyBnVSUSjJ4RJYdKGc2boUMB1S1dKbZnXdU3ig+EFkSDnkRBi407ETQOraBxZEk+TYTcgKEVc7IECQU/YIKZ5GmhTyWGDuh/Ax8A0hmbleGVNBIegzghX0dwS0EMjJ9poZOx1r3sAABAASURBVFcNPySthighQVoUfIE+zYMibKQszn4Ky7oyebNmxk3EygWRe7MzGmpgQ8X3jGVuRnDnYZjieKacmzJGMMUQfRgoEIldYhwQN8RDg3xFJlEUusmMHGXpHch4UDk9pbQut6ItbcuylLNNw3A6nS6XS6Q8HfaCAFk8uVEsnKOk6SNJ6v65errURRfqKAZlTFApGFcxJvGqwJbwkZsPSgM/mgGErmKOXmk3g/u02j0Bb3wMnzmkfZePiMmd4BOf/2uvDsjgWCnG3pxMr9zdWSYuaQgNEXXkbuI2hC2HsliTC4A+EXRSPg/ZkVcPqOGMWIgEfijSnQo1cApogQZ+AIEuIL3DlP9gDKUHnBqE98hOVOipLjdeKznnrpv8ritPyRkhTsTEh2OnlCABT+xXKms9+NXBsi0v2/bTcntZ11tKG7F6ILwgKhIjTxuQTiEjH6joGzT7mHYfOIFn6BC939xvLOLacumhy9XPCSouaMSJyWQymUwmk8lkMplMJpPJZDKZTCaTyfSHkPiasNUJIIeYpA1TokATztYpOzinJhdiueChpUPkBh7AHkEi5cmHgqCEmfSfayF1t/oQAqBcIYI/x+nd9PT+9O796fJ0Op+H0ziMMUQKZmESJO9mIe3H8OD6X8Wj24mWasQCzVykFGeFouDuJMq8caXTy7pdl7mI+uyDL1f0LGBkgh1WGIZQLwBUjxgidzhbp3InzjXMRlw6pFDq1LUCGmtSbViyGhU4IjIGwkyoAixjy4VvdliQoJwWr+MadZIl4UjiO4DK04nK4mLx4FJLi+ETS3RPxU2qaQTbPqhPiti9lPfEUE5iGEVNOTzqSHrhRQKb4uDg3QjkT/M0judhPA0jO0e4gbOIoiQSMUUSGT1hHMZDPWtbHerywMsp86oow/pKKFApnq/l0Mv5PI1THGLRMAzc4Fwr6JLz1CwmmgeJDBq0WnWojiCSgqMxOnUxV2KAS+xyOqV2mpUG1GmU5dcSVPTIuPNAbwn6/yhG4p0AXOA6TIRJIbeX2AG+YFhS3XXeuID7h6F6i9fbrG1is4dRO57ynjgtjJNxKFJnw3LfU5JOxogYE+EmTGGAzznwAuLblCiTgPquMTpeMQ9oMTqu47xgnyJXk8oO4Mmu/iEIfidO3rb04LarExURgYiuPkvlySLESelB8pyKVj4PcEv5L6/XD8vysi1zOUxckyjQKdEzVG49vrSAXQQVyjNa0Zm2EOvi18esF9hNibadWZO5+BT29PME1fkKGQHjKCuoHlbubwC7mEwmk8lkMplMJpPJZDKZTCaTyWQymUymrxXFr2SCCpAr95QJs+TEqToSrEMeIJVvIMxAq7ogDITTKBRwByeTT5TF4bCFrgNP+AzkogEDhMs4vp+e+HU+j6fLMI1xiAQqcHXVUSVZrCxAEl8aEdGydbo6O9YyfLUL6Oq7IIVScUihku5CWjMXV52agggAEoTWACE2uBnClwhokog5Sc34ROkFV3011CJmhwdQC9a4j6c4LAQ3yDWZ4xFKQ8JifO1PhSSAo23onSvXWGELNV5RD4iGv2iqjhq3uEpPsLmNuphIaEZKeVmLthal41tm0l5lr5BHeREMtEXnzjFchvEpjudAVAjZtHDXgqu2KjwkfCVsA9PYG1DuQ7OT1jKe23q7vc5kcXLFtFGSzjhdLk/jOFIJHevZqhdEl1dTF2S1mfDMnGh5vX7JLjKH1cmpQXWdaE1/Z0AqsuQaMKQ+NynpDvVs8a1yOzx8yONLnjlOG7mn6rQL5jb1nxA+nPzu/vPuH4aa28Yxo0sAk8Z26LqnaaEkHcfJOPTa0Cd6UbBOdjE59jgR2xLCKJjtIvRCcAzPqxSUY3KyyIJeE/tB3v1qBL3T5uUKpREcUmE9gLeDaSo4g32sjO5QbsPMCT9JfaU0sgurxwml6nifHGyAm3e3vP35+vqX68tMz3I61okXDC2FIA8nuRG6x1HFlboncx1g5xSg8XKxHad5VN+nz9JRX5CSMEcQZ3coAsRfc3aTyWQymUwmk8lkMplMJpPJZDKZTCaTyfRthLgRa0KMAua80Z95K+V+5xZ6J6YjgQInLU8EAbvf9XfkRK/uWw9vf05VTl8LtVQPzRi9uwzDd9PTD5fn706XczydwzT4QaNmCIIQPw91nqg2BxX1yI8dlBQIbK4jbK4hxAFgtUPh7I30+np7vV2XbQUfIHg1ByEEhLw5ghAgaoQB1ePE1VfWNrjmelCdQQC6+rJwD5n7HlpdVkIuQiQXkBAgMhjCeIRYHexZFl5r4qhzAXuCDG1xvggbr0i2jsAXgSGLjl1o/iIgtA3Z3UgdOqU0z/OyLgRSqOsBMjjiNE9Epq+jRUqThhAvcXgahjGE0Tt2PSmKYoFDkEukIaWiNVtLSMiR64AJbHYP1Ia8rut8uy3LfLu+EIvj4XR5vpxO0zgUURQOkzICIonlDhNJnILCQSsOu8bquAts0o2kDGAdz7rCpW37YpLP62rZwQBZAvJed9O5jm+t+Ybu/ALlt5iVT6pV5P/huEL0eTqdqwx2bxU4Y3OOTB4nFKnDyU9l/HzCmDhDR4gT9jsBfiDAjlCRGw7fnIx9OdnIvNp5Y3cAocboY7G2jVYk7o2Uh0uzYekpkzuPENlZNvPeJUl2cvxiWo4dlvh5EjV+SpOgMAcoj+ry8L7l9Jfb619vr9e8kesJ3YR0k0oLtCn1qVuvje0ebDdkxn7s70CZyovdd+fbgCCI2Bv6YD+cdQf3i+8kk8lkMplMJpPJZDKZTCaTyWQymUwmk8n07ZQpQ4dMOrh4vjKDsjok4gRgk1Jnc4xQKEBr81Js1V/M3532DY+HQwVT9/GKZ4Bn+mSgcJbT8/T0fHp6Hi/P4+lpmKZhHDiYRT1VmlkI3plNSPX/jeyFLoWj/0E/VDMLOm7dyNnj+vq6bAvBGaW2633pZ4jRUy5MLKXnQPiMz1pt7kCXzME67HjiFPJoBMOeraPV577WXAeFrVSITRliIOiEsBNfeRE+FtQHRcI9HGCtHDsyO+Feea19UzvcnvPSqsNZN8WsQM0vOAIEyQ5CzGHKYNxm9XoRNxRtgTShWwDiCAI8LIOHSxzenabyXmrh5TWUd66Ie62MO4J4PAd7aEATHixTZFqA6J9y+dfbdZ6vy7qUvkBOp3E6ny9P5/M0DEzhaBl/Xz8NAnACleR2Xq9ojZrpCCLFY1sH5Lh6j9XzjB1AtEMND4dI3BKnBulXb0MnX9BhR3Y9QTj6l3zlqfpD/kFI3IPcfQDNkUJARq5Q13Jmj5Myy1vm9BynBieZbuKAZHMSacFltTPJYuWkyUy+vjNhJ9wJ1hXUbslqjwMaptMcOPimzF1gTnMoAddQFdeRNJ3TSX1nB6f6rVOoTLJwJPKrPCUC0nOaWMEF3OzSLW0f59tfrh+vKW1yH9DjyNdLQ2faA7BDJ1C/8W1U+R3q40662WUI+b+FfU4bE6wMTg8tmkwmk8lkMplMJpPJZDKZTCaTyWQymUym310gqTrkc1JKlCvm1RF6spLfSanGei25S/1REl7UMsJp4VXroy1KBg+F7lbTP5idgH5CSAJHWARHheDzaXoez++mp7MfRgwTxCmOJwrWiSjtwLfoFnQ1VKfxJW8UJHE/gJQZ38h83JbSum3zspTSrQuljsuxK6WyG7iyS8VdELKhBk/01hUMm2DuA1Ykr6ccKHQEqImI+ly01lV0h+AOzu/hCB8O7/G10Z0xCdMeEnJRJwBApwCaC40SGdjgFn4xEiG5Onw1p8VxdYEB9nopW8s8r/O6psX7WHbOtebMviTV26ByLMH5oTQb8R2lIMWnOIxltHIp5TM3E3xXo+dmS+c5yoRxDkrrYA8Frq1zFXvb0sv1+tOHH5flVq4xjuP3331f3seB8nrEKKUuKl4+PO3Evyhncz/1+c6cpc1fXSW+D0Rx/aA5xVSE/lFDEzK0OZyRVXpbJ1WTnuLR3Kaf8l6P/hBw/473q7724q7FDy4/8sV9x76gL3pIEOjQLH2+cJ52zQYotLWvrS03zufPIgcxoYXOdVkvnC2jrBnRXkyD5cQjQSQYJAcpSZ7OkDlSB8ndpEyQz5mhE0JMomOUQzxzMjt8MNfm9cFH65WeFYjNXwjlMccbie9RxlYo9Wd3DuGjEDn4yssIYEOjstunwu9JMbt7EtNlbEGVK3UB4ndCj4nIAByH44Q8hMXll7xc3fbj7fXDy8uStuwh8dNHl7DXWDK+WSQlDAD6laXmQ+7wtJYBZ3TLa9NSXfQe3oRODh/i1zBPAHfLrXOy0abwMyPv3KIO5Fec3GQymUwmk8lkMplMJpPJZDKZTCaTyWQy/cbK9Bv5hHlJafVuA0cJO6XaWQt8sLtDiLGEgiYSB8N2ETUaRixIxJGjsSgCSDhJH+HMBK7nerUGKDXfspkgIlzG8f1w+W56ej+cy8ZlOJ38OFCoC2fLuOaqohExWtMlSqY6WbjGeGCFAfYaKGEODH80KwuyReBK9pbTmtOSt412C45JiOijD7F0OiCF61CvGDeg9taae7n8ss6JfWJadZ/LslSSlcs1+ICr0k48XXTwUAwLgLMxfKTLEJjheSSpGM3WKVJzdZi8EhJZqq7iqKI2BryrQBGtJRXuEVMCjztEQWkcjBrRhSSLp/y1bdsyX7eUePbKSoBUaveE3Mh5CFYpTSz9Lf8lR5PsLj6cp+FdmaxhiASguDiEcRjKQa76NTDpIlgLGU+IMw4EonkYJqCK/byu1+ttW7fr7VqUqA1umqb3l+enp8tA2TylUWWhMjqDbRE4NoihudTSPg1KtTkBca2ooyBD0FXUQWYziSdNQ1iSU38aTduR4CR+TzLvzCKFRuDwFLZ1ptvRfQNVtuVvWl//LSwksvtlask1Yh+SOTrHKw2hdx3BHkL6ZMZN0Jd1ncp6y0DESQ4crEOpOigvFHquvaCyEl74K33e8PWruZAXmKwjaPZJ0QbuiTDV4kiWn9qUVGZuZynqfyooJklXFS3jrtDAKRsGDcAg3xbCTcqTy+UN4QW3j8vy1/Xl43qb0ybQDCFeGepI6XDJExofWae9ObAjV/dTAXcbv51qdhLeUSwmk8lkMplMJpPJZDKZTCaTyWQymUwmk+mPJiJOqJTOdVv62X6ijZx3pw22E+hdBh69Glo0w73TRK2xemyl/65+ihwrQ34aafD+FE9Pp8vTdH6ensjsJAxTGKHSBf2Vof0Ynsu1u7kAvtmI2pDjn80YpdRtl3XlSJmVs2IcF2yDZNwQHEEt5lAXrQZzVk0ZtZTWdV3WhYq5yk9U7Ka71P47/oZKyBAwmuO9wBxEYERP1/I85mF3LtHCtHeo0TY8ABJtw6Xk3IYa8xs//9+zkO4GgU1uctbMmG3dlnUuc0/FdW5gVlQAqyWLkwyg8p/giAaaQrhM4/N4uowj4TnohhDGcQwxKhIiWUCVCOJTqUVBygS7SO59qVUQAAAQAElEQVTPbZlv8/xyfZ2vt3XdSouGGM/T6d3T8/l8CYB9ff/BGKEbam0mXaPrrlb5fccb1Xk8BEfhbvKRBZTJQubkrEXwOrme8568ekm8rW8CnfyD0M9FFDonmUqcyGa1V6nzhEKcsK+Jhuk4jopKDIukXF5kXpISEHECAiGVeQ6CmzS+hAEuQEXsoBqZONot61HCdrlGMeEXuwX1eaf+S8pzHJ9PWANs9DG8gyapZjlhtUnRp2dZdsEn77ecF5fnnD8st7/ePn5YrgsPR4Or2J5IIUFU0yTQPnYck4bsfLY//ePjbwCd3OmLtjomk8lkMplMJpPJZDKZTCaTyWQymUwmk+n3Erl0kM3HmjM5nZQCbal91l/y73jH7jggX8Hb3gt35Uiq/WcNbmh1ze4H817QBu9gDMPTeHqaTpfxcp5Op3Eir4xa18UaH+OqmQlW+d1hZI9l6ONH9vZ3l24/o09k77EuRJwsudSmCaUgpiKEWF5qhQEe6rHseJEyJ/Js5ch1TYnIDPKG8b15QRuBDpkBr3iKlo855UJgDoBIzh/BqwWDXozHmZxLxM1DfGKYfEDoRxv3AenmQhgJECsOKaSD9sYR2eEwiX0Hi/iZdQX2EtFx49P7GjDDxAwNUCTaAgZP5jRP59PTMMXSBZ7HGOMwDNo+p7E5Um4XSxCug3NtnQUZ1217fX35eH2dl7kM7TSeLqfzaTrRMjidypnLSLfVc1ftVt8ahgcaUqLcDbrdoOX+QNzXZ22phI3oLDNRwJlJm9jYsMULJwaxwYnGC+1D/UYV3qCTR+FXESiPo6lRNQhQWTO259HAGOaXgJi5zNE5zhNrQo8GYGsdDtYhaEtsTiJTJkH9TpDZL76Hhf5AzcoRUqPehxJms9NPeOcSArkj2+piBb29+SQMK1WXETVtkrXHZIggf3Q3OkVPEuMjcqZMNkeUugUcvUUgTIAbuGvaXrftp+X1p/l1IegGULPAdFV7qOhLG3lQsxPU7Ue/k7dmrppH9X+631bQY4aH/9/o/wqcyWQymUwmk8lkMplMJpPJZDKZTCaTyWT63cW/r99yXjGvpcpJ9Uyyy9gLv1r5E7OT9qnCBOBrVkTPeTgJreH/+FIFldwTqc36/Tf7ZOtBZWJ38sPTcHoazu+n5+8uT+cwBaI/2GJEojSq4wdkKT5np8EaktqjPIdeG7Tee3DEQGTwolZamajIKW95I+IkrY7tKxwKlQFBwlO8Flop6CIrioGS04PY0nqkhoxaGVVfA4++40KQqRtmR/QadO6yh5A1TJ8w8FLZFidJNJyDQ7gHX77s60FcZ2rtW8ibdkgdAqdDwMVlyYmha8o8oYTFpPJKm2I327alTY0fqqi+HXwlOUpT6eoB3ODjKQ7l9TSdnsYxls9TGhg3GdkCJEs8k1bWdXiyBBwFJYNSufa6Lrf5ervOyzIvc/n4PJ3ePz8/P31XzuY5d6e00e/5RHy6XKEo2Kvr+4rFpDsH1778RH1cAQZQF5TKybA4VIeFWWxNyrujPCTHBidqYPGZyrtBJ+6BC8j4ZX+Qt85SHyd1M8sjgLOQ2OkkodsYNCkvStJhL5PsxKOJiRNCSQJtZyZOwGtTsoeGMMjNoj4hzgmPQQSI5IU13xU44GV47C5+asHJhUCdiZyTG5x3LhsJCGbb+JmSqEP6FFafonL30QMjOM8eLuDmvH1M68d1eVmX1+U6p8RrE5pbC6Msvvq2VPTFtYdz14OKvkDXjTvd9ehvQpx8ASrB37oJJpPJZDKZTCaTyWQymUwmk8lkMplMJpPpK4RpcXnz9CN5IhH4N/8IPWviaIvdOSpXou4VfezN2/W/ZtrhGwbR+BTCSkpNNFzG4Z0/fXd+fjddyusSTxFCYCKF0234ysJNuIZ94OfzFrpwjsNuWD8UZ5A1bfO63NYlcc4LATFUglbiBI5dw8q5ZIU2OAyDrVAcag6Ndo5NQWrpmQGUrvsCtVDPSwm5Yi1etpstByBHhUiTs9SMeSSzmobo1dikAWvW0GEE1OEE9uHYiZPENEXKad3YrqW8UXf2GB25hFdnEqQMJGFQACL4S4xP43Qah/MwTCH4nH0IZE4zRE2fAU/chtI4WtMONI1srIJ53dJtXl4+vtxeXtK2lcMJWBnH5/PT6XQaKL6HK/4cSCS5PFJ+B+ZXdpaHCvhSxs+Nw4He4KGbwYc1KgfkaiujJyzjsm6roAGlIzHEOMbABBRirm4PXy54/2sJnXzrGBN82JA75XPDV6bAdc5CwlM5ITTYGonijhgLopMRtpZhI9YkMMLms4s5s/EO3zmMl5Vz0eMGmUrhB1OodzQ7+CAI1UVLNrudZGoQE1a6LjvlM2DvWl2MvDJ1HbWbX0NuKiOR9Bi1EmL3IqCIM3CJ6BPaoP5h9fGRJyBheHQ/CnGygPu4Lh/S/OONHIKWtDHE59XChO/kPphoH/MOPnGV1QJ4oGd+Z30VTvLbgy8mk8lkMplMJpPJZDKZTCaTyWQymUwmk+nLymkFpBI71TypSotCTJCo5L+HKoD+8t+B1jDfqPn1xUsOqaAiqNh4CMTg6qFc9g2nGL87Xd4Pl+/Gy7vz0zlSqk5AIhsox6QGQEAlDXJ1CTheVZEOgS9qg/Gudon1ay5Xk0/JvK1L+YcjVCAGKkyXy5KrhbbT1746tUehM2y0fyZOQyvDyjugghGgjAnugySFXmE4QHchD5HAxi9irOJrlIZntKJ6QlAN2Uu0Dch5QExVoDZNJqXzKdAh8GzK0T5o1efM0MnGyTHbtt6WJaOCKyANbqk8dEQWk4jSquhcmZfB+8swnIdY5m70fgzqhxI8N5zxHbcbNADsSST0n3LJeV2uy/LTh5eXDx/SugxxuEzT09PTeTqV7TImmDdEYXKk2s8QghfwaHdzEd4mZ+FycluVlIHTzaD7THwIuZtAxyYRSrRtEjeUynmGcQhRVoSsMc87Zehcadrqujt3xK8jOL6idg4PLcdKb/w8le59cR/8ptX8xunwYKSaEtVhEPctKjO6VVDj2C6BzSjuiNGQxH5HG0EnPruQMLLTSSDuJLPNiau+QByOQ1lcGB1Evmd8dU/y7AoijwxCT0ACuw5kHd0gcsvJM8QdPYFQruUaECZOSPIlLVDmUVB3lIcDX0mCgjy7TTlMjhY+u7ckXnPltoqCnSTModwbw7im9bquH9f5X378MLs0Zzqk7EnPFroBQ2tUlnuAnzz98ukJwX6eYX9q4bfiT764kro7r63nZlqF+w7o6gNMPKOcAScmk8lkMplMJpPJZDKZTCaTyWQymUwm0x9FVLTM3pX35LUG3/w2tETq1WpCC3/643spKWItzh6MT47fMjbBbiX8B3EtPvoYEZ6np6d4ejdc3p2e30/Pp1Lkh1Dq/E5DaoLWQRn4kLqkvB/NTiTnpLmT0N8MuKijCTfGtz+w1HBzvnGkzMKEgTIaEqEhhzMewpYBudaZ6ah5XZdlaZRJzf1w4l8i9WTP9IlWfHXEUPCL6L0YnUQiUMi3QDKEAjseUAYQBG5opiq59EUr3do1thtxNaiDx0SdW+rgV94CGWeRtgtSUt5LnzVbJ1GukITayDT7nS5ihxmqYWelhTJV2IfgT8NwHqfn6XQZT9MQxSNiGDxhHtDCjlwdsMoaObdtad2WNS3rMl/n24fXl9fbDCmdxvFyuZxP5/KaxonzmNTfhlgCwoCAaRxFcEDpoiSFcdCB9lCZGyGcylTJfJJBBrY0KNeZniA06xwGHfKWMhX/NTRnKIpxGEdO1XFHxgO+ZLRDB1i8Dkn5L6Wd0NU8I3ekgd44hLUH68gU5gziySQGJ4nQE58UOqEXQmC4BNTpRJgLtUmK4AI7CAVZlSoBTcTiiWGUuoabKrG101P+SGwIVAJvmumgmqHg7q0jiUC5tCUBJoa+yltScgrKwgNl38jyJ3so652clZbbyzq/rtvH8l6eXZ7sXyCE/ZncwTxO+DTXWMG9GX9gYOMBC9OncKOABP7Sr4w9MZlMJpPJZDKZTCaTyWQymUwmk8lkMpl+f+FWyp7kQSDgRkNG5Mf8WrEUr5HKEnzyVPumPxQGBWdgLCMTBhAclKrqOQwnLO/ju8vzu+npVCr8PkayzNB6vUTqtHgKDo7ImiVzrPq3H+kL0uGq70jfOPmxPMMdbk1p2dZFUlSqMwqy04niJ9B7nACqQQh5hKTahkNqhb4kCYfCMNSXpAZrBE8njxKlA05sDAI6bS4jJvQ5cR57obieEcTpA5rxC8CbQ9AaDBK1of4nwlYQVpHIJwK3nJZlWddFjGtqsI4Md6lhVzsW5wNg9EHadgrDZTqV13kYpxgGH5iS2Y1lnFa2seJJnIRCiTqY0jbPt9frx9t8Xdkk5jyehhieTqdpnAjviNELPdTMVjSWCNweXqQTXaer+bugr0u3ruEakFIxqToM+0pltodsJSQticv+dFjwNHvE0QTyOHEH1xx8y4NjH/a61Ej/pkMncOA2yFuo95TBZgR0/0TBhmc0xwtksxBgDxDK00FK0qGNLXtCTzBkjOR0QsRJJE5L/XA8iFMQZe6Axn0RVkKXza2FqCBMPap1QJvjHoA6fKO3Xfsf95BHEj9HCG/hPB1e1+VWWHGjnm3k4BJ43cUYKQsIyGHI8ROpPHleCTdZPszXa9qu28pmTaU/QbCrjDW9TAkzvaLcio0+ebvxx4Z+64ilrxe8+f+Xjl48fu7hi04qJpPJZDKZTCaTyWQymUwmk8lkMplMJpPptxYwdKKFemYI+GOUkj/oRlephD1+Zz9J3fD7aaWgXNN5oMISdEIffTj5cPbx4sd34/nd6ekcJiFOgF50GmwRHMwYiIeGEAw9bgGw0wB3repDIqSuLBBNypmIk3VdqXS7IwrQHEskKYbhARBDEYcplQIxMSePPZdaaY3OAQVLKrzjdSSd9g2Q3+VzOVBgCzJVqeVh1wf7KEai0Ak2l4i7odgHhKI2eAxbnRlxS1lzYzhYp/S+bLCnCUK1ECHcBsELseJy9H4oFXDO+Bi8n+J4HobTEM/DKN2Ty8CeyyGt4ukgxxaarQ1zGep5ub2+fLi+/rSsSzn2dDqfz0+nyLxJCJq/krOElkDnGdHQBej+7Ox1HEejkCGEc63srmYZcFwNFIvjG51CjSMiJqeV2aMQyvobCDMBxU28rzgNtCH/pFq0kzYDwJxOqklJW6WA9a7EozmHGI2owGGL0ULyNZJ4GsKDIJG7ic/kOgTqcYIUppPckCnQiNYBMlbCjIfemdlpeJXG26B8Ai3xpvF0PdHWvINc8+6hBxG4t2xQXEd1OKY81CHJCxlFH7DpTiLQhO2liHvJZGGS+LGW6BEWwLPNScxsOESuSR7K4/ll2X5cbh+X+WW9rS5vZXEzwcZZRYrIQXWiagNcW78zG+jcHw3TqGNPiwFqRhqquZZ+zs/Hip6pfdPvhsaYTCaTyWQymUwmk8lkMplMJpPJYBqKDQAAEABJREFUZDKZTKZepf4ZmhUEmz+45hUBtWyvfhmlgJprtoR+fhBUBqPVPgHUt4C5CqQCsYvOn/xw8tNTPP3w/P77p+8ucRqAjD+0MtzcELxkzmgVEiTpJW8ZU7VPga41sldySiBwG6D2rBqvOMIv0ratW9pcl9XgwbcTZt2RPk9MmRA8QR4nG3IWh+TIuOblwliJr1gNb9QqNcElYnxSepMpT4fa58tISmqLx0pq5NxF0uxDSuyDnr/+sJ/8VjRjqM1Drv3FFvRT5xQpTIdpE8qPyWvp/LqWcaV4H6rBE2lSNsp/QpkFcjcRaCVHD0MIA8AUh/NIziTTMIxxoMQZlEGruEitZouVA/AcbJjWlOZlvb5ef3r5cb69pLQEcNM4XU7ny3QaQqSYIV4wHtEH7nDClnKSxNmlTi60mjm7ZgCHJjG7UCfZI2gNWxrWjB+4YZKsQmkkuPEglMnlqcQYhoHMViJnmoDXFaRLEXb/h89V7BsD9I2hE05Puv/waywe8G/oWfH2tXbvkIyuZUDpKNX/uIOvCQhxIqiKfJ5pn8Q2J1t5IYEmKdOKSfQKme6iiBiRQ7R2xwx5kJGJUEDlF4CfKfyYyUKcgHogVWMQp7gI0XHHPkGHoUBnxOJ29q3fGzpOScGWzPfuVh4kTNlsNCgcYSWRTiHS3eVD4gVc2r15N6f1tq5/vn582ZZbuaO8S2XBR6gYhvYVfH1a573zMrTV9KdxW5+aQfd7qfO/ecB5+BNfMSXn3nTHMZlMJpPJZDKZTCaTyWQymUwmk8lkMplMv5v49+W6rbRI4wdqYsNXlfg6dwqu6u4+BlJHLJVc9s+AMcTzMD1P57+7vP/h3ffP02WMcXAh+tjlW7xRWJSiPvtTUJmYPSnYuCLf2Zzgnt1xaCBpy3nd1jVt6BqYQJEqnEjjhVZwxzJoJU7oym8WZqkdzRmjcS6M3JBthmP/EIRA9Al6No7x0tV6EchMVKCkGGGtripbcDyrVrlb0hAfAr3Lyt2QJYJstpTymtJKm1TrZkMUOgnIVDHd4iXUA4gAikBESHmdYjwN49M0ncZhYBMQnl7J5KlMj0xx9V8pLZu39bZcb+XfubxK2fzmgz+dnk4xnIYy5adSXo+e6Y69MI+tr/oJQAYMbYfjhHIPxABG3Q8ObAbe5StRB8v3pftlMmkU0lpWUozxfJrGceT1Sp0iZEeCdrpRZGpAhvptxuDu828Xr4M/41P3VpuO+qbl+t6M5/B3vToqDiW3ro4w6g3WrZzDGcXdREkmOUnZN4vNCQXreErSwZAzZAZQMvKSdIHpnB0ucWpnIguWfZzqHaX3GKqDjZiRHEent9KQlvIODXHL2uD+sXccDhmFNhiZzU5SpqfJ5jjTjK6cBsKgCO8a4xhDzHzCsnPysIF7XdcfX19+Wm43t2HwCSDVa3i3GyA1HKvvBty1qRFU+zeHjd0a5XPL5O1jP7HxtWpPPddWi5JePBqu5nj5LzbPZDKZTCaTyWQymUwmk8lkMplMJpPJZDL9jaX0A7SqK9SwGGY8xF+E98n4VoqNc1rqbL4AvgIBeNgBOFjHD35g7OD83eXd03SOHOYSS+EVj2gFFx+9863Sj00OoWIl1Gbv4a41/KVzXayE/lXK1HlLGzuFcH+cMCfeU+XXefLw2IvIqBVpzmFJKXcZICKugipu4mtRFCq5QmVuJ4E4kqrDkIRDjpPBVhxGycio5es2CGrB4v1DnpF3h5aAECSNeukHUIgTaj+S3wl5nFD1H7DSLRJfBFARno3aWYrfUxzG4MmYhCChYRoGitrhbuau1i52FFhbW8aUw0Lyy/Xl5fb68vp6m5eE+XwaT6fpNIbRh6EMtg9eU5S0v2LnoSFMPOc8mjz9uupyXZ4cAsUeOl5sZaoBgpzNVXYK65LSUfOBbCYIN9loaZWWDMM4jESceO8UeRE6wMNd9ZwMMXI/sO4tyTphxCd9LXSC+UvleXzjkzv+iXOO8J6GQXgDBPmKFn1xr+oA00fLuJ3hcA3T4FnF6ngiXI4aWIifCMFotcm+u8GRpjsnSpwi3ASFLwmbC5hjhrDyn0oqucCGQkSioWb4kAWOI17Js7cJcLqVXK+uiczXwShGPyjY14PThlIPxx4KIQGHvnc0RMU/uBkUkcPnTdldl5UyuggcIZOdsme5p8qRZREOlKpTdqc1OpcLjOHq3I/Xl7+8fPgwX1cCZ/R56jWJxisAA273mOpgvU/MIdTn0huYCLZP9HlZbzlgZPA4xXXJcdehbcDhtJjcJ5rB3k4VTKKzenmS4O5wIzMl714sifTcd14zJpPJZDKZTCaTyWQymUwmk8lkciaTyWQy/W5qiTBO0AeNpHD0W3vxjyjVYanscskvaC1Sq/tS5tSf2nNltpQivVIgUj1UrxSfYIR4iafvT0/vp+cfLu8uw7l8MlCmCWQuM5MXBfsRKABTrjy4dV2lUkwF/S1hqUR7YGrBUyXa+3oh3wruUhFGja5QZqY0P6XtNs/rupQzZcpxIfyBQBiQCBvv8gaU8uMk6iZTlo8AG1mwB6mVc/BGTXjRwmgpaqMYIXitiRIBwQNLIxl5kMlEhJsmoSKHurXvCr+duwl5ooitC39NiTBi/9CsATTfR3agdBK+Kr0oT4dK3L50fFmXrXQac7NhYXrD8ZxKABBZL5TZozCdYTyN5X06DaUm70YfomI5dG2peYurBMMrObH5TNG6rbd1nm/zjy8fZ8oFITeREMJpnN6fn8aBBpudKbS53lV0SF11nNTSdRFyaxnQQZnS2nAXOuMXXS8ooA87ldSgqCyoEUMtZTiWhWxXytxN4zidzjHGQLiJy2yrwVdB3pdq5aDcUgOtwNV6eHPE6e4jWGhpUWxTeS8X+jro5CstS/LX7NcRD/uR7rcQHDfa06H6fwhJQIyXRrwoRuAERGsMGR/llR1Q6x7kKB4K0wGO1PFlIztfXikHpDCdKAAKR1UxxYWcYiWRTELMla+Qb0W6mysKwROpcBN0zjQK0Ago0Xsctd5BP6zY3EJ0hTjX26J41/FkQBQMJH6OzER/pQ3pDnZiukKZYsEzewKBfXjAzZhXcGWZ/rTMf1leP85zuXHdFGpYUCOsNEOr9+T5QvAMeyIhBv2jffqwsa/42imAT5zRNQpE3nz3FfKf+fGwh2XZMV66A7Z7Qx8Pfh92uZgRJyaTyWQymUwmk8lkMplMJpPJZDKZTCbTH0FQgxmgFlOlDqt1U2gpMFqjlWqyVm+bJ4fAKM1xg8+sSSV8Bdhw9ONlOL8/PX1/fv/udH6eLpPU/L3ALVq2hYqrsOMFUCpMzsCQBTmUpATEbXjJVanlRwJAgmIe2i+sfcBqEJBzut6u8zxTrgqXRwk2IXolQA3HkQJz5r3FCyQLdEKZH1mtI3gfgTyqtCjrnQS+VJ8HcOIWExwIiAPNEwT3zu75MvKPBP1U7oSbL7YKXC/fJ26vEUfvsU6EIkDc9MTKbO9R/stFcJ0T4gEUyPGxDINwFB5iGCeK+Yijj2PwY4iliB51omsKSSayo4xFYp6GS/6+XGJZl+v1Oi/z7XZ7nec1pVJLv1wu0zBdTtMQI3ml0DBk8m2gU1ReRFst1e4MGpsk7i+yMKVzyn9wd8HXLsu+bWQat8OxOFSrXta1TD3HttDewxBPp1McRqGqxHVGLDlctwi7E2LvqVCRJtQ1xHvfrtcb9ftWtsdxPE2nbxSv8yvAkb+NEQTqtfRPgHZdFIgj591BBIISU3KHumZukasdisBrFJ2TKU9nI/QklmnMEqADIVOMTllAUQCHrNekFCumqNijycm2rDAxxhHLjHbPMc7FDc/b3p7WqQ49cW5fos41tgfdzrjtX1YqSVZruT/oUbZSphcZ7CQeDH5C+PLwK/cdBE61Ar+WfYMvj4pbTh9vy8d1+XG+XctBpUfDIEP4CDrV5++Bivmsvmo3eGBM/kZr6c5phv9Po/8z0Nuu5SM5k8lkMplMJpPJZDKZTCaTyWQymUwmk8n0RxA7i6CUaqELy+h/M3/34/W3BU55hrZjfSunjeDP4/REqTr8mk7lz5ECW8Sxwrdza44DKiGA2Ql0kjGv66p4iDIivhlOhMd+8RshDHQsISPzPF+vV2ZYyAJE82R8kK5rJ4i+QAVMyAuFuA3yOcl9STpDR5zICSSbJgDWgrO6BUhyh9SV4WgqAG6P6WjHCXHSrD/8HqKhk/UGAEHN9gn3KBmq4ae0bqXQnQjW4Xo3mXlAn93DEAzmwJBQ4OuW6ZiGqUzMGGNkL5nSllBL0L45INTavUACSIOMt/n28eOHDy8vZZoSXThP08TEyRCDjyGqI04mQMQLAyDJSL4Olw6RWlRQtzuDBWhADfmy6Bf+reJ4bZnLGqaTStvK9vk0lp6F0pwQSv/kCrxv1rq260wutNjdsyzYzZ6sEVd6Wvo7L3NiHGocKZKovMfSa/eH0V1Pfv3ZBFDjUBpsnx7/ywujZeWQhOWC3teEU468EFLAZBdITNdGkTp+w5AlWIcwJcrKyTmw60lZTYEtd+R0slxAHzeZcRNeKNUAiASNHsp1TLC2+ICYPPRUD+9VGbkOc6sdxRpLk/kEZRGWG7G8siTEIAY/BHn2BU+j4F1iX57yvizLX15ffry+lgU1lyUmQFzwKfc5NbCvfOzf/Leb5Hu9gaF8nUvP57XzSccTdrdfR5x0TKLOvLEnJpPJZDKZTCaTyWQymUwmk8lkMplMJtPvrfqz/cyxKS3JQJT9V/+A3lXMQt1AiGUpFWP6Z/DDaZiep/PTdH4ez5fpdIrj6EMQF49mo9KVHTNHtjB4ApgFA6FK8QHI8LtFhtYu4aFj3LdEEES+zbetnKQm/whroiYZoNXL7HLjOhJn0ySOjsHOSYONMbISJ9wLKW1LKhBoLRvZbYH6RCgH7SBwjTRXgBoHEi9TR6/FynjnlD2h4quWyKvbiruDTvjEWa/O196oxk0JLwpGZEJAqlsDl3EdloJ3ZFYGeCQG8OMwDDGWajjxQHEANmgBCeuhfap7A5CzSubpYfuZfFuXeZk/vH58fX2dbzeBZcpJnp+eL+cz8lwOnjgBL5wAjRh7udAEoxeGBZ2ManOLkcgn59ryEO8bhLbSKt8kLiVYmRzywvGh/F1mvTRsTWsZzHdPz+eJvHUgSOIHaJiKTATUJeQEMHrgNA63AXLSEyUvpZSW0v15Lmc+TeWfk0AUZac/EHTyjYkT2aC7Ln/qguhyzySolQioJ0gHTkEZQmRrk3Iy8h6hbRdy9lsOiaAT5k7ojJStg8CpOugzgWZ+9wjSeB2+KR1v0NnUAOgBj8Aa8CN/uOM+vbsJozUH6xvocI8DlFTNWzLjJvQvewGtaRO/IVngHOgV6bnBD8AyiMm7cqsl5z4utx+vr39++biW4fCUqUWePsjYnXJeetFPGZwgfnGif/FK+MZ4R0/P3fEr1c5I7J5cI+kAoGOcsEKNJpPJZH9C4RMAABAASURBVDKZTCaTyWQymUwmk8lkMplMJpPp91RDNnpDAKkMKwzh4K7A2rCPFlcBGnGiJ6wGJ1TzHcBfxtP70+V5OH1/fi6vd+PT5AMlwlAx1ddfs2vVH4hz4KJ+5iwKitnIUmskeiOEBmPU9pBDAtTassT+aKO5D+W0Ccn2Y8WcpHHlVDHEYSgHsmdK6EdC8j7oyhmpDSjGBTIogneoYYhE/FDpmJ1CZOjAYfN3cXz+GEIMvo2Je2Rj+Ff83ilG48Uzpl6iITWfIk60kl8tAEqbU+nssiZyN8F+T1dDhzhSB6LX5JrB+SkOZ/I3GcbpdJpOoYxJ2qiOf2iSXt8HKEX0eV22bbtxpM5PpVC+zOQfAzCQn8j4fD5PcRQ/iHLSaYhC4eig0fkUTxJSBip2o6YVOoA8uzVFSRec0/I7aMyTVKDFVELhJMFuyltZR9M0PT09nU4nyWZyWr92+2rXqCi1vKjlbD4/9x+76BU6P5IhBZnH5FzmtwzX5Xwpy6kRUaLfHzrpUJpvf2onRMZXnL8u+bp8xMZIKS/1OCkbZG1CrBdRJj4RcRL5FTh6S3Ct4CRkRz1OfHf6KPwY6CIjjM65/WHgKh+DsBv2ZLasqSepb3uP+Pyww033g9D+w2sVxMiEaBO58coCWcoq2RKfhHpAwMkQwzA5SaUqTSg3msfV4ZzXP19f//L6cs0bgVEcwdMev+KVhN39vA+rrjmPCL+CKfmC/maOIu0WEneoz61hdOZ0YjKZTCaTyWQymUwmk8lkMplMJpPJZDL9AYTiwEGb8OUSXrPl2D056q/RocZuKLiSUYiT706Xp/H0w/n5u/NT2TiXsithB2IgwBxH3xpEsgXYtkZalD/LVWKM0zCGQIAIh+v4Qx+OTRS7AakfZywnS+u2CYIhzEQ5D1azEz6mPxuVuAne4EsfK550Ai5qEzRB/EQQZw76ylcAoo1n+SB4oDgX8JmTQ8S2pBWGgcree3CEghcgCEstITfWo458o3MqmOLFVQLZeoR6m0u5Oznc3QQC7DiEZyOQAJRbEpmqGIfhPI2ncSIUJ45DiKXBhNpQUEnpolTIgREB+nSd53lZrrfXeZmXdbnN8/X1pVxmLIcGMkyZeGsI4k3ixxjFUiUQNkAn89WloIEavJDQV/8RHoryWeJB8JVvkjEhiw1oJgfsk1GdS0oLJVeICvdU3w8U7zMMIaXV6Tlxx2fYW2VfQVDHS8w4aNyqi0rZlfwqEoUHkcvJVhZkpJSeWM5eRLBUPhh/fBV0gl/hTfE1FX/MGY4L5TcWPtic4Js7KWWiaJD8N6stjUwcAShMTCT0iRYlG5zksGFMechA41hvMHI9kTAtVABFLiwMCq8wbNYmFQHKbDxSB3qPBMqKFzWnE6VU9hE8+CfVGwhRDFWg+up4AeWQ75LSpS3JUkkb3y2CuZQbgWyEyOGpPBxiImSGiLXs8brcPtxef1quH8qNVB58MaBXSyRQ5KuG+QhXUwke3tpBpweg7e2Jc18t7qluwLcwy+kMZnwDxPqUJdlNRveOONFtnSvN1hFXIpPJZDKZTCaTyWQymUwmk8lkMplMJpPJ9DvKszWAWk3wJ1CLuXXjPvpAIQknMTIosS7sPCFGEZyDk+i0p2l4jqdTmN6Nl+9Oz08DESd7LEZXxmx4BHEejHpkAT4yOxqUyn4cat6C2JUg9PCG68vD6m9A+ErGJa3rNi+EYmSnhh9cpw4e2p9IZgSe+AppSWbihNENvpDfnVyoaF7GLHqyLWCTDkFtuKn0dZYKcfkyRGo0h22wKYOUbrP6j7Cxh8IU4nXC5gZEs4i/SKvQcn0+H6YAdoqkWTNQ2A11M3EsUVKrF6ZS6uDkctDgA4MbLoKfYhyHYeLXWMY4ls8CoyFUBuYxIX6GCuWOMJxtK4O5lNG8lvr49fV2u215K60dBgoMIYuTOAUGTwhncUhjXArEKbMVhVd3B1TqhHqdeXArzaP+JbQsKcPIMyiAIJ41LRgJd0QIU+s+JQqtK9FCWOr+6w/v/1S64ynNZEdMuMwNvXMP1uAh+oR7TAEvFHqi9EEZgUS+Kdt8uy7LXPYvn4zjaRrLP1O/Jtv27xCv04KF+k/6VdI+dL9OtXsV1Dh8118E24dYHWRc408INyG+RN7Ly2fn6Z1wE9hyzDkmNyQXMEd2LkGoK0MfTLK46Qo1hooxFEWIlNiqzwUhh/S2kx0ObdUWOm1fNQ+CvludCYfr3JnIE4lWLlAcFyZ5eCTxchF0DFwI5faIgTyPIuXmQFnYuDlcltvLOv+r1w8fl+uCaSsnDORAlJ06SEGD/PY26OIH31oncIZMjfsKfe0aaI88eDNo6mcupTbU8oRtT3x88NHS4LTHS7t+WTnOPTPoxGQymUwmk8lkMplMJpPJZDKZTCaTyWT6naVRJj3BUd/7QmP9s1Vja6pO/Rqw+aRAyJSAcR6np+FUXu/j9MPl3TN5nIyDj4FqrlR2Vj+JWh13AgUk8gnQn8EjsilJGMexlGxBTAW0JHmPXDTpb+D5Pxtua5KkleSqywVxCKEF2Hg5BezGGYSbSBMaEOLrd+XfABTlQTYn4tKBu8cAYBaqolShA/jBcxhQ42H2H+2jFI2lRy38Rk7ofZ2NznhGCtx9ZRZqyJGrlVzJlCFqh80jxCHEaVYMleMDRf0A/UvWEq4UwqchnqdpGsiYpPaIh0DWRm00J/Vsaduuy/V2vS4pX4turymtzMnE56cLWX5wWb2cZqRZplK8Rw7TKS/UdBS6tN9dHCp5o4tQ6JjQiCJdc5x8g1lHUfomeUcSf5PzbZ6XbREo5HQ6n9+dy5oRYkb+4TMHGSsuVvOUeVdnGLv54b7zWBCBg7is68eXj7frawz+6enpfDoP40kQE5kU3sa+cu5+l3idtkT+BsV46FZns8RwOojZKVkl1jjVPYQTkBQ3SWRAQsRJSj6X9VEeGRSsQ9BJykyf0HQNCAEEGqlPGbq7nBAndd3wHKCQKNoOX69e1xll96AQS7gTM6jIhq42RNfixHqOrZoR7Y4jzLVRcxJvld5siR8aGq9TjhDiihYomeKEoSyTVJ4GHhLAinhd159ePv54e/lpfVnKsNCt6Tmtyzv1Q9ofwnD0YgLok5z8bzTbR9rQ/QI1myD9s+ru8X0kTmp2Uxe69tiQN2gYk8lkMplMJpPJZDKZTCaTyWQymUwmk8n0u0gLgPIvvlnEg1rt5yIvlXdlQ8ui5KQh1hUUcOG54HsZpufx/Dxdvrs8vT89vRtP5zAIcQJaaDy2gpXWVSq3zKRoLEUQmxNGRloaix7yVnmdTSocx65kDuqhcyY2qBDWwxPHsjMbZMCR5WycibGxnUfSVBqxCWkOB8TBkBUJVZQ9VNsELq16NjyRxJ5QWu0ppAZqOg4PtMbgKOXDOzd7DNmITLPsU+NqLgkeAJQ7D4vS5S2ntfxD/03CjHhXaQ49hCASKn6HGIgUYegkDuTXMY6xETk0vepkwfOJ67oQK4Dk93Gbb68Up7Muy7ylrZw4jhR7RNYmQZCTQEhPGR5GaKgzNSvEM1vkq78LVIhJ2ij8DjQAxbm+fzsJ5RQU4FGnvs7zfLvdkkuBw4HKNU/nU3lJXkdNy2mzSNgB91WNee6MOYSPYFII17Qt19dtLUNaeorP754nBnR49SC740gXaOr6k0jffgfo5G8rBkrqnOwLVD1FNDlFk3SwOp0ksjMp75Ac8H0eNvLVIegkEz0RkHYQ25IoRkw03yiclKs5TFCZJNDIlVRnWQEYztSR9JzM0JLCL9ATJ811I3P8jpJH6MOO1MGerrNDXk7XD2RaTPRMo8glRk7oTJVVY3IpehZ6yMRgUWDUjOl1mX+6vf54/fCy3lbgh5NX9IXChih9rF7m+KSUp4PQRX2eTk9y/Hr1FNH9V9IM95Unqmfrzlyf24j3Jlry2ge886F54zxux+NMJpPJZDKZTCaTyWQymUwmk8lkMplMJtPvqIqUcInWgYP+R/ZdibFWA9lNQL1BmCDgcJmWQVNKp0Pwz+P0PJzeT+fvT8/P4/nkY3QMfVQLDkcuB1o01UiKVIr8C/mLMILAzhzA8Sher3sMD8ktn+EhV4SJFdxSWtc1MT/CsArDIoHhBgYgxD9DnEo4q8GljSJ1OIQFK1UjSR1SRCYTE8ZUGm2SNWOIk2vE3oCwFh+ilwAMqcGTtQu3cx90zyNGL68UihidqMlJs4eAg5tLq32L/0OTeMNkrcLijqbILAkKQzYnnqAJyvugcvgYh3EYhlg+DrsbhVInVIwnlmUrk0Lvt/n19UoRM9vGdXUyTvHTNJ3Gscw4nRACxfMwdwLVj0FCc4LEGVGvKZxI85tA6REhTnhPrIkoh7L2ncsL0mhDwny93W7X67atkcOBptPEzjhBlsd+dKZ5In4Bd9IEycmGxJY2usSFdVq3tK0LGafMc5nZaZieLpfz+UxnLssjZQoI8r61rSzdx1r53xQ6ubN8+IYOEIgHlKaOoBAnrh9N2YldPqrFRXO2kJuEM3TKvLkNfUKKVkoYs4uMqoWcCTrJHPflkLNyIPBa8TsNl70CIfwMyQifACDk8kEfL41Qq3/vLBc2Nw48BBLtnk6uH1VQeAa9TylL/0vfyUqJY8UUm/BsoUTPsHIzBFnUtLAQb+v6YV0+zK8fbq8vyzUBRXj5srCCbyya3PT9sNebQrsL0CiTbzbRjyP4pvaV9bBDu7v6PR7BkbbbI9Ajo/f4WN9Pgv21zOnEZDKZTCaTyWQymUwmk8lkMplMJpPJZPojCPYNOJQClSs57u0FTdGEFPEaEKcKJzRGDOEchst4/v753bvT5Wk4ncfpMk6eysWUq+Gc62uTZWMrFVsKp0iOg0/6yxEeEah8D2o6oqAJ51jstci7AiUF66Q0c+QKx1+Uqi6VM9XhhPf3jQfhgjkTGxStQ19RwAUnXFSDFy9d1qqzU+wmc4oGaoWYQRlmZLwP1QNlr7+LAUKtk1JRmhxBxAZBEyXU9cTtpAqTH9gKrFqclUQQFnm4lM7mbV1L3XuTvntN7PG+mqZw9duPY5ziUArcxGfEoVTDy0YkQibIns04IDHFsm7E7MwLUR3zOl+vH2/znHLyEE+nSViVaSCnEzqpU9yEuBNZJsCGDRKvo6wABFljsFevq4mJJBW9XUS/Ky6XPpaO3+bb9XYt31zOp/PTU6BGBMGLFBti6qWlLaHYUPTn0aVTFxI3YUt5WcjLpWyXbpYROo3sb+IDu1hA6TblBdV5cZ9o8G8Inbx54Q4K+TbF+LurdNyAU54g108UvcjNikZ3lhwjeWV+vDBxEsjphDJ0fHIRIbKLSWDzEN8QJGaEgMxEnN56jo1F+DmlN2YlwqT/gmr1+StYTTWqI4rvoAclTipYgntmDTTQ7ACdVMrOkaFJrs8gh8uyJZQnYWlrZLSt3AchMyOT5annYcX8us4/lttou13TOuOG0UvAlkJxfKcQleU7Ifp7AAAQAElEQVQa2Fd9fZyDaoJUJ8Lf3SyfWI342T8/ITju+7CaPu2Ecnehe+6k4mD7rd4TJxqd1k/c/ZLWBeXw6zpiMplMJpPJZDKZTCaTyWQymUwmk8lkMpl+Y8H+o/pWJaw1vvpbeo/7T9L1P6gBEiCWJ8gGBxRMEU/T+DSc30/P7y5PT+P5MpxPcQwYkBAN9hngGiPVj7kEnDMxJ4mBCam2es+GAVwllp++hy5Vh3kC91jwx1YLd2RbQsRJKQbnhJIGpB3iSwS6fmJ/C/mgHqq+CVIFltNqzkXFccoRXkI/QAIuFG4Q4IZbTl85KcvWgjE0yxgRap4Od5ZNERhD6TwE0O2WLXWmoMV27PYHXMOlaA9ydCEcRJ0W+IW1WO8iw0AT5RQNnuEbyixiUxBpdOMEgJJK8kamM2UE53VbX+eXdV0IC8JEFXUCgcI4UaTOQGE9ID2QWKWINLrlHJ5QAqgjI/OHQQdDOyMZJeJq48W5RR0dJA7H1cCTdgAFCQkNU+Z3XdcyeqcTxQORxwkfkrAyUDx+SVEAWU1JYKO2vLXLwavVDuK25XXdyrdTOetAJjC8/MpwMaTEmBG1+hjr8RbpgfGQHvIrS+TQ3vpqOzw24nH7q059OM9dZAkeLq41/9wOZuBLjWWQiQk1EGoACBEnEqmTfXI+YSgbnKdTHgOjgCb0kjQq4JXkOamLYS6vWAmvMTodbXAz9ntG1+8BKYLayoqF6T2zM11MjtGCAXk06ddyf7rmveGghxxSdmWVMCfmU8by3KJ8HIabiCMLjJ3xrVVWdrkP1rKwABdML8vtp/laXktZZgThBIiRzy+LlrouViwKaClyog8kdNUKRSOCQKCfeie5fcBVub77br6gxXft93zlvhDdl2klvUPd8VpYr4X15sqHvZVS0f8FOAlmAlDmBlB4O15LNV0s4049YjV8wn3C9X8lJpPJZDKZTCaTyWQymUwmk8lkMplMJpPpd5XXn/nnjmRoJAqIiwmoHQCCWHS0mBL6Xgp/GIg28Gc/vhuefjg9fz89PcfzOZ7GOJRDxGVCGA+u2Ve/AUJOclqZBuByZJAf9Hvx32BKwWVpQjVJEWFzXNg/qjXTcnpyTqHgCiUXvAAiRDMEomjUw0SPg1IrL3XjvF+gK2aTcUb1H9mHLLuscUJs0aGhGk5BHC4La/wNOzXsBifAQTPSQXVAEWyFh3enBfgsUmxGPaumf4QYCacQXxPiJNJatrOkFom9yZ5uI1zLSLQJvYg2CeXPcQgj7anDQiOOKW2Zz5W223x7LcXxbVk3YndyKtfKZe/ITi4MY8TIGT3SI5/FWEVq4rxCXKucky8JkyegJXTBAQiJwQYzocP6XcWDuNTOli4Sf0OdJUOX0rzblT9002m8XE6lObSm9EzNOsXteUFMPejMEbai1IQwMMjRTgQz8TFlp2kYThMhOuIoUzpW50Xdahz0YSyNgNqxrfLBN3M6gQpE6A0qy7Q2qO71a6iWT9buBSjBDjlxrQX1njisWrnPHRMDwhlksiqBlGHLfsOQgWJ0MhEn8h7V3YR2lrgpqBgKKN4l1wKnt/fueQGuUky8yuA4aKgATWM3CBWKcmSdKp7gpCwHaC/gaOMBfAsKQ5ayW9mTSaA4wpQc0WuJu1oeWUJ1AbubEGlTOhb8nNafltc/v3z4uNxWp54vju8cfXrQZ7LcFSyr8JV6IBH9pp9Ao0Syy+4LUu4EoO3p33DB2bm2A2H0Jd3tpf4xfPpc5wga86O0ifgJ1Uc1uzzJ/0sc7NybQkHqvSUziDqRiG/k75hMJpPJZDKZTCaTyWQymUwmk8lkMplMpt9LUAuFlapoZVzQAqf+vN65VmVWmwCov0UnO5DBh0s8vztdvj+9/+H8/C5Ol+FEZAMDGLmSE7WASC+y5ti2vG3lrIGjcygFhtEFD56CX8Dv+8OdlcOd1YQWH7MEfSCXup06XkhHPbT8DI14wUolYE5kxJJzy6xotcxarj1aWVQkhfJivAyhVMzV8MM1nxhs4RhyWi+2H8FLok3WSnO1JMnVQqMVZ8W1pOy0m2twn6i5nbiK6zmAg1N+2GchMHFCjMjIvEmAIQzMnQyUROOUy2AkqEzFMi9kELMu8+t8m9fbtq1bWlGNCTBQdEgYh4FSeQKl2fAl/ACxDGjgVB0Z4DKJtaouzEDzmdgr6tAyUsBVkwY1j2mGLvUIx1hIKi0rKhshwDgRazKOcZgGKfFLX/aIIp3aehKlp+hDCfEQxqCc7Xp93batdGkqOk26Ar3kDWE7kQA8dQbANQxlr3trwV3+iL/W3eRBd1X2ztpHu/jLzsov/+blnN5anI6zf4jVKASrawXTJmVD7yiaENonJ8UENlc+8fwKnKQT2HPGO4VLgLvmXfZMuXiJztmhDAiSq8On86g0WDW8aEOwN/txQ24tMmSSdtNoirVRC86SYQSPuqG+RGK5xBtrEkKO70AyBaLAn3LsAMTHRbrFaJXwIy/PmBfns3cfl/mvLx8/3G4rpvKQQ1/pNFmVnqOE6hQKzOT0GeLb07j3OPp6J5s3V8U+YDtO9bWkyVt6tP2RO5n+FwHVwoQfUpzBJC5P+nCX/8+IE1JtLWowU7fg5WkINVWNL+H9r2m0yWQymUwmk8lkMplMJpPJZDKZTCaTyWT6ZupTFdApFCBlXymjS7CDlmDpb2ADAimdkmGBC6fh9P789P3Tu+/O756m8yVMp2FkG4walMP+KMiVR/n9OxlrUGZL8kEBBU6mqKEzjJ5wZVibJrYToux6AMW5mprB6EjeUsqoxexKnaBUNg9VapQKtJbV61WwVWUVkKjUCKh5B5uXHAvB0IEjcuZKtIBz+24SviNBPMKcSE9DPVYsOGqGCQ+99wg1tIJF3WNt25aVlaHCuZyEeJ0QxlL+9vQBJ+nEkUxOPEEnw+TJP8YL3iFl95zTum7zfJvn67pst+v1tsxrWtZ1yZjGIXJADiXxjHEY+R/2oaFOlO8iDyxdz3H4jhIb0hiQkjRzNtJJZkoa5KAldIkXkZH0e6BOBVLmZX59fS0dluiS8+XpfD5x9g3WcctwrK839xEGAJANK+RCje8piySXPpbFUvo3DeN5Ovng5S7AihrsBgwAB8ZDyRUeRjYE0TvJ6/7fzOnkUZ3jCDQXEverpD4x7YRHrEHRJFRaI+lfEjaE9TsivRDUjEL4DnYIyQ4S0mMCXUgVOimfOPrQo7AD9Cc9AtTgBPRD35wyajKLwDe1SRUpU6zpkThxlTiRTxJmZUbEPaNhShU76RYRVNyOWIeEbstYXilDykSptQUS1L+IHH7oZiRqxs85v+J23fKSt4+314/rstIDNTBGInd/fbwc/FsOjNqeNdNmAn/WRIOEB/WLBH/52b50MeX49mds1jA15enkUQXs8kSkWEb+bzePb0ooIe/k/x1948GcTkwmk8lkMplMJpPJZDKZTCaTyWQymUym31vYR0ngHk0CWsgl+UZXVBTA64/yS40YBvCXOH5/vvzw9P6787t35+cTxOij40J8Pc7xb9SpUJjEo4MJEcfJKRLqwJkzzGAwdMIXxbuqK4iFwpsdASl9py0TjuGUYwBhSsQDofIpmX8mr4XrarxRyt+SoYHQDYmABlJ7RvLz0FGD9kv9GoohJh/3ZVCo/ISedoce5Af+Le2igSbtiqipRm1vreRuaduJE+6d15OSR0PwMIY4DiNF4ZBrhxfuJAbPqEiUUjd7DiQ+nCideb5dr6+3+Xa73og1YSCj7EUTSbQJWbOMXuAV8jhpviZlI9KftOHZx4W+YlaguuNoIAjUuB+nDjrKgLhKOShy4n3irulqSWlermRwsm1xGKfpVNpwupyoPx7uDG9cx5rk3aTESR08o5PkptK7hTxd5nJ4aetpLCI7GCZOYAeG3KORArR1KOd+hD3asd8SOtF1DND/WVvwDevu2FEsrtJagpm5Spyoz0SFTTRFioJnypxxqo7cRkB8CTCfhZAoHobcTcqHvEHxOhIbo/cnyp1QzYLQ12wZ2PNzWv6KztC+gnZo5pNOJ7rRrRjBiEAQsJ2ng3Z+cWChlByEZctromOTg0y+QxWR4nUfyw3CO3NUFywuf9yWH9fbR1yWbVvylsjCJQiS4xizETJHDT5gh07qLeNaj1rj4WfanHSsyd3GW3t9C4GazehdVB4jhJm1dVPmPQhZSI91NXzp8oSq3uggE00dDPjNm24ymUwmk8lkMplMJpPJZDKZTCaTyWQymX6R+honHGt4UoftK921+kthEJgxOhhDOMfhu9PzD5fvfri8e396Pg/n4Ki8GhrBgjWHg+NKyDUg0a/e1YuEgzMigxEUJ8HZJ72JSP/OLMJ9RVITc8A114WNfAmoRJt2jwq1vOAYjIqVCHQCVIguJW/00s7d3EIq3r5uNRbH1+uKeYmUn/3DAOpRnc0JHHmWUE1S6M/c+a9U7sTd95ZYCsFNNgFr+MyRqvSCv/gByOZk8AyaUAwOq/xXkJDqFkPcD7ulcLDOer2+Xm8vxJxcX9mug0ZviH6IQ4zEkcQQJzod5YcMjjkUwk1KrZ0L7tT9shtveLGoSTL3DVdqSSm198o0tD+dBB0lndFlXW6327rMKW/jOH33/ffn05PgFpINxHMEanxzGHf1TeHQIfY4YXTJB89hOtdluaWcaKwYNxnLaEkIUBaIhObqrrL/aUuFTwIA3xA6Ud6j3kt4bFz+pqX3LKOnNiC7jUnzjcmCf8jnIOwYm5o4Rk/Ko8GzX09gvoTuCrIzoT0pW4fidcqDg+6iQEE5ZAzTHJPKf4JyIASpQPUJ4kvWS+xjIgZK+S5MSZv6Fpmh+FP3aAOFTeT2rPIoTydxcknULSz3XLlXOBuGmlZuMbqZqf3MW1U3pXJTzil9TOuPt+uP6/UlzQnJzwgimQBVTqZa+nBTdGa7eJ+uwftClw90jn6hsY3Xs93dLe1v4eK+7txyh8sJqpVJBlBDGsYKJfeLnvXEjJTODBTrBTJwFO0DyAFjsrz7ewyUS3t4/tXd+Jb2/aSZTCaTyWQymUwmk8lkMplMJpPJZDKZTKbfRcRaEEUhrhSahSCuE1RMZIDg3sOD64Cldjj6+DxenqfT9+fn95fnsn3yIxlgsNOBAB+SXbERSuCUdRDepKIg5Z3MM2KkHBlxEKkYRoNFuJrJdU1BGcA1zwNXPVS4XXTmjSN83M40KPQgLhsgBVzI0E5AxInjMjh5j2gQh/YVm1OLc1qL96DWL9Bih/aibVe9JepBi6aSGUR0iHROHVVKHTZw93YjBqrg8zkk8qNBENq7nNeNbE4kqqKIbANomrwQJzSSA1EUwpmQMUmMMoFUDqZCsZ4/5bRuy7atrOU2v95uZCjiaqJSjEGCdQYfhhCJzhCDE75K9F62qQZf+iWhSNxMj66tFllXgnSon819yZsxgx0byInTg0qbStMo+Mb7cbpczpenpyfvY5Zy9l6mr/V3bPE6hFru0QAAEABJREFUuS5R9DylbG2StzUtbA9TVA4fh5E8UyIZt6izxYMvhvovwOFD9oYpY5Tbh3QHeYGRspIY3JKvg06+1rZCfD4OfEnnd/Jr1eMamh8lF1UzF0ZM2JyInUJksNgLJ5MTCDDPVYaZtilGB/jdxayuJwydYFnskHNUgxNCrggc4PUmQJaEcZXz15AdtajRBmFjEKAZrjiHd4ExMjTuYWj1IaZMjdwy+rkaEbnO58QT6MK+LVieXRu5AkGq6T60/pl7kjVIrkC8/EtXZpf/env9cb29pOUV142NTxDkrmDArSJruCfpILRsH9zhkgcIY/9LuvqwAN4gMOpjCr/IqeBXs0uPWE+bi35eyq2csi4YerIy/SbJW3o9dziN3jmIPVnVnq0eIB869ZCGZDKZTCaTyWQymUwmk8lkMplMJpPJZDKZfg/BsW4n257KwcQQ+BpwAfdWDzCQx8n4PJ3eny7vTs/P02WMo+fIk1J8T6B5NOIekeuv3xmXoPpr8Fpn5VCW+gt8tQ/pL1QdFqTc3+rjEp9TMzakZEoF4lLqRCp1E5TRddDvxIycxem1auXXuT3/RaxG5Ly+pgx5pjbCnnXDwAXA7oDimvlGZx3QjZxSL9AohjIUBy+ZWvrXdiNiN/CokTpMnJR3KozX3/wH3m2IFH8TPBmSjCPZncQoNIhWZxsqUE61rMuyzAtrXl7XdV7XpZxfkBohTsrxAfwYPJ2ZgnnIy6RU6weJEyGPE4FdINyvkCw1dXASO0R+Fp1dh8orBZDb1LPTSXq9vm7rWo4ul52m8TRNpSlIuUKpDqmreIfrhw4A7vARAaa2bX293krvYoin0zSMYwwByWLD7VhSs8A4rD+8gxp07dUG1yXm8MF+Ih5P87a+rtJfV8SDAL5B0X0nTuqtpQyEMieVGxDiJKMyWZjlVmfuhM1OErmVUMITAShlI8cskEVm7qTcGDk4tj8hHyQO3NGbopqaYPZKKmG9LRH1dhTmRua4ZWy9ST9UKKOzOYKmepLDbVm3XKWYsjyvSp8SMSVJr10a7jgcJijy4MXzKYuT04L5Y1r+ul4/bLcF8lYGJegt4DS9x6svEwrcI3dIy9jytSH3oWLuXjo9RzDFPT7Mlc/Q+KHjOjwsX/dzl9IeQVVpEJkX7pv4D+lTlh8AXogTuP8/zt05KaCov4frJY7YozJ5YNCJyWQymUwmk8lkMplMJpPJZDKZTCaTyfS7S39briCFVrc5LYV/Iu+1ugfVXoR/Nw+Dj5dxeh7Pz+fLu9PT8+lyiqdI0TVeuAaOxyCJ6YjYBtA/WggtVWdfqrmBapG+gi2HhlEmg1yN9Jalg2AnqD+wL9tbTmuiGIzEVWDnqiXJgThpl0ExcdFxqMhCqARMrcJDg0DEggWz4hRiCHN3eA39OFS6XSNOuiJpozB8dyx2pVztNtTh4Dyc5nHiyCOEU2OoWX4gXxO17ogD5cZwcdw7aK4VmYAcpHSeeZlv8yweJ+u2zPNr+bA0ocxF6f7AzMrA24SuBB89ESdEmVDZOASkP8j4RLCh6sTSGg4ClNRtYOrguOoq6pCbZQhuaVsZhSnNIleYcThPp4kScEY9XW6D6WrNXY1wXN1oZEJ5J7ZmWaq7CYycpjOdRknnybnVyjtrk27wddi6+ar76Ije4ynHkxycTuDuZP0XX3CgaAYfX9rvF6l2PgM0wEYmZ2dQOFKHKS4GyBz7mtCzgIgMDqFJdN97ZU1cYOIkpDIEBKYobUH3HiVyeRoa+jCKtYl8y01hpAuhoiR667uybLUdrmJmx9FxAlUw8LBPw37jdZ9I0tIddFLWM5JhCfeKPE1oO7EjU+lukmwfRqcCO3ZADATZAPklEVcTw5rTvK0fbtef1uvLNs/lBGXVs/dJZSM4TQZrq/YmyR3SYnTuW64P5xa+td9JvuIxn5LvhqvjMx5RDfgZ7MbxSYzy4OJtvskFpktsTuXKwzQwlwbyMPr66zAdJMzK41ehTl34TW4Jk8lkMplMJpPJZDKZTCaTyWQymUwmk8n0c+SFkRBfCtSgGSelTy47e7Hz4JQMohxKsdj5cxyexvN353ffn5/fTZfn4TyGoQEOCFq9zpJF0lIX1L1DSI4ca3IP/wJeXAgy1JgFUGsA/vH82y4PfC2uZZfzcRzLtvF74tIkf905mXDtVaNeoHlwtNiN6hSgQSYSIyJEzj4gwKiHlE9DK2E3ikIcDwD3mCAQQxS91L0hiNMuNLOJ6qGhwTRU10Zyjcm5dG1h7CRxZTwHqaBTTRdj9NNQVEbUxSFM5Y8YQFgfbh4VgenAJBzGdb4VrWld1mVebqWkHWMgnIRO6cguhQN0xiGO5HESAzc+OIJShDsZaCMAwwPsepFbt8TChtwgZAJ0LWClm7IYPejOlH1DPhLUve22Lkv5cCwdiMPEYlsJQRIcT2nncMH9EnZHyvmtIJ7SKrjJuq4UQhSGy+UyTSdyW+Apa4e4N4RvAR5Yw1DqcqpzRz166zTxyA/9wbSjA1hzqLB9VVkrZi4YVlLjH3Y0obEoXc6EYxBlQgYnGDqPk7YtziWURsSAAL2z00lEwU0woIJYviMiXLVduW+STkw3mvgGcnE0/+i4k3avu8OU8GWywF3MLMGa1yy8SekZ9MYrRJzwE4SfDOA27zZwq8vXvH5YXn+8frilZQMs4wXBt/PL8fwcg75lsMNIqIQWuEdWxh3YJ/ezdE/rPSxFdD/PLaQ1DF3eTZtkgLiTKeXyHC5bHPHF/KKvplBuJ4d23grubupPX9odJ+6PeWeZTCaTyWQymUwmk8lkMplMJpPJZDKZTP+GqVlpuOri0Iqh+0/u2Z5A/hjAU6rOeH4/PX1/en4/XaYwDFphRS0i8s/UlTVhBIPhDxDHBD4zJ2wE+fm7+I3slda93kouCp/5Jb/4AtCluM65Ldu65W3ja3u12vDMzaifi5Q9FQep9iSgITVyudTq00KAqCWBU2Ak7JQJ3Jmz1NrpW3YWnFnjvT/sry4HtSx9rA7nPSOGnFXI44RtTsoG1e6JxBAeg0aR3UAmZnf8wB4n0vhcPVQ4l4c8YNZtu91uBJ0s85bI5mTb1mkapnEU3CaSk0mZTYghTHEcaNuVsnGkSBEJyKCLtgF06ijjtAhcA4fCsfqPWli/6ykNcOmUZP2UCSyHnM/n0+lMEUEhMG0j5iVvGB5UqIZJlpzZlYe2GayZP378UM5QhmWaTsMwduEeeOco8fOlJitOUCxUTOpup/gHLIjvSEdT766DFT/hxSMgFarHSRYrGSaMCDrxCf3meINMXYQ10WCdTIiJVzCD5Bli8RKpA7xR9nQCtjmF2moOFF9OFkoLhdk5IG0tvsEpHECN7o/2oee74bAuOQRGKLlm54LUrfKnB/Qoj0QvUVCVtyAfD8ieoJPZ5Zd1/uv148fb6y3NiR8z6Co9ojAGZwq53eoDXHu2StzX3khu476kAO76CY8d/7Q+u9uRn/qq03Wjx45QTtxhkGxp6GbgRxRTSkV0ywXi/OQZUg+vtx+2OdRH7R389FZ7ZUTr/5Xcz2y+yWQymUwmk8lkMplMJpPJZDKZTCaTyWT6rQQSkkKREVrM8zUBoibQSO2TgnXexfP3l3fvTk/vp8tlOI0uULBO5igNtZBwjTnBan/Ch7MxBrjREwNAVEH3Y3UhPHriRK7fLt72a1vVGySlJCEqW662E1npmexq0I9T+KMDTdjsRM7v1cyDDuJsHtBiODs7yC/1qXoq6IwcKz3aO8CXPVgHSCEdOqeWR3iCD83YNZJ2TzV9RjpZekhuDFkvTUQGoyEhxmEYTtNE9iRcVI9DLHtuKbmuyJt5hJaVUnVeb9e5/Jd8U7ZyxnEcTsPoueJLRWKgMJ0hlnkdhtJfwneIOBnY4oSIE80ncY29gBqEAqD1+TomynbUUjW6HbCRjKBM/jSc8lOGbpwm6gin4AAzOo4L141W2Yv+1feijVgZhdLDxOKFsA7DyPzKicN0wLVMJCe+DPAZmwSAz9f0sRE3Cm29tXt0fzwh9uhGRwD1GAqBPkk/g0ovic1JhQMgoV8JNwnkVqLESeVOhCkp7yiAFoiTksNyuwckuxovNkEMpLEXCsp8i8EJt8EJd/WJKcqfwikO7A8c0Tn+jxjdaMdpHr2YKZV/N87TSS4lsiqpTyBZha6F8tDNWO7E5GBFuLn0kpcfyePkZUkrcmyYQhU6ruXRGLglvkaF+UZ7QIXZhF2ir4TOIxMRf9+dXyJfh6v/7HDWeyuUT+i4cg4No+cICnKGYsRUHu3lnW48vY09xyv1h+dK6SVXn+J1uuv57/q+A4kNhYSfaftiMplMJpPJZDKZTCaTyWQymUwmk8lkMpm+vRQtgUMBT8utiktoTkwp0Y6ebE4oVefp+3McTnGa/BgS1Z25GK2BGPLfvoDMdefs2WyglJvHGNksw2syA3sqSAsk1EItEBwzAmqD4I62ItkJjMD0AqEGacm4ccEyyB61Q5lRE/nFvdZAW92Vg2/2EmrwQRAPrHYmGZohigIrvnE4rlo1MKKSO8sI3l9sXHZTA/kGcY/YaEVW9lOog14lpxOQQj8hCIMMQNQIxME4jifGNCJBJ91loOICrMRBM7d5vpLPyXXeFuSYm2maLtPIY5IZwfGDgyHE0zQFsZ+gkJ0hMolSquccllHGhOeEWZzSdJkt2eIB4mWT26gihTIdvTUENxFApLSr7DmM07vnp/P5XJuvbACjCEmHqx1OcwrqJAESdRSWZS59LCcs35fB+f7774c40AASQYEN/Gm4yWO1HVydyyPldCQcoJIzR2eNB8WccYdvejJpnyT37fS5+vu+LvXPrkvqJiKASerdJ2Q0MGXFnXKmac5MVmwYN8nQcc3aJJQ7nIJ1MPA96+VGzEr7EHZBK4TMQzoKCPbGZayjxbYj8l9apr6257P9R/UF2R866kak/EJ9p1cmTkrgMlriSDZAbqOgJzF1IYDO8cNCD0c9ZQa/QSpLbHb547q8rrdrXl+225o3x+AWx13xHUEeTAKYwCNr1ppSI7oqkUU4RvNKOUxqZwGC7STHUfnyepLn/N1Rb3Innf1No0WQ+RUP3QragREnTlYI4l/lnQ+RH/G+tvmAjFWPHYHAiPrheXE09vf3p1jhEBrYiCSTyWQymUwmk8lkMplMJpPJZDKZTCaTyfRHEbtQ+OrXgIo/SNaKlsU9+gGIEyHiZHr64fL++/PT6Ify8lw3TlSqZQwExH5kLyzyO50zeEU9iDfxrRhf/QC09Nk8LFrFFTi64WAnghphIcE65eqU6pA4hkUrnE7JAahmI14qwt3v58VIQ70PpDJai51cMJaBkAiHmsfjKiJTlXN2h+pwY3h8JWmUb/H7UXuFN4sTScud4bQKt1eTsSvp0hmCY68RNonhjTBE0hBiYBiG80Fyq92Xvwg2Kf8u67zORcsyL+xxAsEPgz8Ng/jBUFIPN2WIdEomBMj4ZOzmsvYAABAASURBVIrsdwIckyExKU5Kv5qT0TxOuKc8qgyMIFQXEIdd1hINV5mshZq0lFJ/2f3p6el0OpVOlBNu2yaBS5VA0iwcGQ1xS8nKoDi5CAUwZfx4eyndFHuFGMdxHErjCSLgEeYFTqMBPSAC7uCaQwY9oaIOuBvuvCFwvUvIJxQJYKhGOuAq1HUwmfg8K/Jz9ZlzQdvjcGdiO0qmiONl5Ous3AlTJgRiQCqvLJRJTC6uGPgurGE6Yv6TPTse8WItfQav/EcWmieIm4fa+fCSyY1T40sTvpVAbwlpDMMu9zMBb3a+ciyooAddcYfK5Iryra5HIJxmy7hm8ujI1YSEcTNInu66iGpAUj7ZvLuhu7n8Mc0f19eX23XDhAyYbXQ0u7eIowqUB508XtVqCftYn/4Jx/Cd3veu62llL9g7BBrk0Q9CO/k+BG8ofGbgeDTeGEx5hntJsaK2C2gmVKA0hVmyrPlSZYtuXLIVolGWBxTKEwNbb9xuaqLhTeDaM5S65vt9nKtGNWIVA3Dk6r4ptWUymUwmk8lkMplMJpPJZDKZTCaTyWQymX6hGOlgl4rMtXm31z2pWl+KtgEJN7nE87vx8qfT0/vxfAknYkcy22XU2qimVKBCIc1XAZjwCAx5iHUA/56dgyvaz+nVamFvVS0aaxV5//W71vGpUJswL5i3tFGwCv1UXjKCtANSpPQVNWEuov7qHpQDkJSc3RLBUa4Nuxw4AVdKwbvZHTh1Z0DZ+Q2rDBBHFbEuwBreo5VT7XbtNGp+D3XKHzqujEVmRxDPbZSOU1RHIHqHyApiTcLICp48BbiD5EeR0yo0zLYtV0rUmedlXm4zOYvgVtpQCsJxJAuTIVITAlMeBJcQXxJDKZc7+mMahikMYlrBPijqzBJat5Svad1nwABrrI+rIEFFCpK0Km3LuqzbGrybptPT00UdJcBnZR4QscIPjAApvKJuMED2G4zXlA6t61pWQLlaiJQ1xIMTgtS+97q02GDsKT9OcSLZzLX9WQx3ZIpdowAeCvXuKxShI6UE4EJ3b1/xrYRfedLKW7RjKuqV6SZLWZYlit0LW5sw+4E+IWzZJxcpQAf9hiG7KHdmogUU2ATF19HiDB2kVBphMHg9lL2j95X/kCZ0ZjCuH+c7bxb3RdX0Faickc79bkfD34ofEa0eDenBLaclUUJM1mmv5kReXEg8AxeUB5M8LA6vW/q4zR+W19d13vKmVBuwdYo2xLemH2C5+oDgxdBlyRz3PE4Xdh0ExG+/dt48rXA5dQdXKcLsuvEstx/ldjHYpXySPOKBUR3w7m2LF/kkt0v3dN1+c4L+z6FOJBzPZrSJyWQymUwmk8lkMplMJpPJZDKZTCaTyfSHUVfsZBcATpzhj7mUDAydwOSnd6fL83g+jafBD1GyJNoP1LFaWWStYYvJBUfSALMMHLng+h/VY5+3cPej9frDf3X84BZx3bpWR3OtdJaNjaiTrfWleZMg51xwHA2UhhGtUXGaPh9HbAkEKhHnBy6nopxFII+6a/vZfd+LtzMuaqlUt91bqtX/Nz6sAUV6OKfMsN+J9zGEcRjGcYxVzMk0YwgqGJcqehmV2+32+nqdiTu5Zc7ooTEpZ4jlDCEymSGDTwE6kcxsYpjKYEfaJ47lnzJ6mMUIp2dN6oJxldaR2YDKarRC9m4KQsgL1ag3QU9Op1PpxeU0DUNoxgbwEFiDCkDsKusobTjP8+vrS2JnFGp58NM0lTFBJnUeV9RXC6E6YzycAX8WMBIPfEk1bmgfwM4cfCt9rsM9aMI3qK4VxnzENChr5V/tRTh+JqPPbHaSiDgJSNAJWZskCtYBSaGhJCHCTzzmsljU6EPJrH0o+RMHrd9YA1uc+mSIMQ7ItXcaTTa8++rutysK7NbALhkBZk0wgaQGUfJSwrS5Spzwo09uPI/cP2o3ZA8r5iVtr9v2st5uaV05gotwME7fwco17aYqTj1ehEHhL6UXHE8jQTeNpPv0lPVUxt1Xv3SJPwzcw8NXuoE9C1INcnYujOk+Cu8qD9/SySDJXyDPTXFFaozgXXfkw6yJZPvt31rUGtXxgEacmEwmk8lkMplMJpPJZDKZTCaTyWQymUx/RKkFiGyyuHBI9dHgfCToJJ7D+DRO70+Xp+F85rwVkMyUjDt0QsV+DufYfS/YK4CsM8R5AuUX8PSd5OPUKupu7vFQSwWAzvNAjQxQnDOwVDvXbdtqGbTVKV39cTwEwV1A8zGanQk1jF0YJMqFIz70d/atVerj0aEmUOMvahiQOzoxfLIqSoYlAG+kWLQRwEOvK72jf4ntgncaAcQJMoSMSGIRUwKeC7hJqvgpbbeFknRu11vRsiwpcdCMc5KqI4czEkR8yRjiUKaVT1m2HUcgUcoOZWSIC44UfdVxBHSWkFsl1g5wZ9VQrkh5P8FznTqVNszrjBUhGsdhnE5DDOJ/0+b9ofxNXiZlemUeeY3RdKdtu16vZfZLG8/lPMNQ2kGpQNXnQjmhb6G91g+dEcNXFL6jO66OtsxBUQP3jZiBTwg+gbT0JAGPMHNWDJtUekzcTRzn6XjiTjhAJ7mYsGwE+gqjOMcwdBJqgkuUZVFxE6y5UOCUY6joQZb4HvH96NvjdjKlUWYSevM5nw/Zs4PC9EO9V+XeLreIpzWbqPluo1gXenRsHLKjlj3icJTUVYeDbyAB3WHXtL6s6+t6e10Xcj1xnJ1UnmvI9Il4urzRsDYZ+zO2zs2XoZHuAXG/8Uv1xgnu2tHfhW1qfD97RJ6QVwzTfLR0yo1e7mi96+hGdZUT8senYb6/EODxSSqf9zsov3J4Prrf+N4xmUwmk8lkMplMJpPJZDKZTCaTyWQymUw/Q4yYeN+4AU+ROmxn4Hz04RKn7y/v/9H7778/vx8hDPQhIQ7iT+Dkx+r7b+I1eobyWQJIqk6Qk1d/kcqRYOdm8LlqcouzkQ806QGQolU2wSn22Af5jrNgvFIZuu01dcMpP8GFTO97Rw3uDZ2qfKzGFNWmwXtsCIrUxj8bdgHu8At/fNMlYz9cW97O2fwo5EuNJamNIUMSojDYB6YU7xOKKwWPKVEa8zzfbrfy73K7reTJkOqp6FgK1RHXFyJOYIxxGsg1ZaSMHvJ2oaidECg+CTlihY7DOm5qbiO9k4qy18FH0I5qHEdm05iyMS/L9XYt5WnCWqj1MLRG0BV09uAwF8L/UGE75yQePKVrxK4sS+lUmdzn53fjoEk6Xk+V8RP00i/QcX6z+5mKO60CveVJS1q5/+bXqe9qx2nVlSRfqxERESVKYsg00STwpIFAJ2RngrBhoDwdStLhVy4PhYgMYqALyCiXQCcAwWVZJXxHoVfGQlkTqPxI9c9w/KTIbh9lWaAH0uqRUXAPD4s2x34Hww6WJ+KJlPmWZVqG7oZyy2wZNxkCX91t5J7I1B8FYsCX5V92e92Wj9v8ss3XdV62lQ1OqqMLig9SA5Gg3v4gHivq7NKmuoMrWsiQe9Cvhku+jeTh3m5MV6dv/7Y8U8hyiag11JsWOmeaT3F2WNG6O48T19ZLRU70VGKS9ccYFZPJZDKZTCaTyWQymUwmk8lkMplMJpPJtEsdOEAcASBIIA5SBESEcAmn78/v/+7d++8v7y5xoho08RdsUIBJSIda0Zb6LVedfRBgRW1GhBzZCQqhEzRf566K2NAKaAVk3H/lLjBDxlSKxyvbnCT2V2nWBnI6zvQJpQ7quYwd2L4FBZ4ADbmQinSlKVDMHqQrUE0Laiu8lJT7qjfjDZnTiN4iGx4+/JTphOAauUZvtPPzKLXiKxuc8ECWAR0J2Ig6PgwNMDdAHUwpUZTO7brM83W+LcsVZEa4qhs8u5ewo0nwZF4QAww+TL6cjliTcglxTwk8SkEq73xqbgPqlNDw6Kz4akvR6sF8CC2GZVnIfSVt8zI7yNNpmsbJD9TRUt5nEGkneRqPwIOn6Aj3mi6X8raUqV4TQSfrrXx+ms7Pz8/ECOQeXdjn6KuIk0fTh8O8yHb+ZexK7OwipGUOu7/xWxInetZ6xvpWXUVc4wWg8xSiSBk+SoiTJGAGQqIXQWcbW5tkJL4k5bIaQgbyCkEsj4B9cdCTAmUNBP6Pb8yFWgM5t0+v/JsJ/OAl7qVtcjfCbg3T0Qm7G9Ob86qf1OeL7sOfyY2RQU1UyvtGbkwEnbDBi0tEzUBd3XICit2pRkN+RZxd+mm9vm7LdVuXshDTRhibZ1KPobYjN9EydKC1SSeojkbljvABtpB5xJ6ccq4/x68FqT51gjaw7dLtQSweMzmn+rQ52K7Q84ihE+9D4mHD7lHQnvtO1n8VQGbrmSwnhLoK6jkZAKIB241StD2PiVUmk8lkMplMJpPJZDKZTCaTyWQymUwmk+l3FXR1YcmWIIMSpGL/BPHd6fL98/PTcI6lzlrqzuVjBC0bZ3Q59+dRmMP7yEEV4nGiBWHE5jIiJdW9uuzu01X691Z/xv1n9phy2lLiYJ2yyfEO5eo1XYVKmD6UOij7nYjtym6B0H5GryfXmnE1xmgeLOqLwod7OcdeFW2+Lu4t5wWoP9Y/DHRXqb37WJrTuwjUFrl6dfGMCbLhq0ELMvOC6iySN8Y75iuZnCxlY5nLGAlg4sTAJvKwEFdEFx1CecWxfE4viOUSTgxVyMjBM0/juUbOpV+2nOERa441fB4PrVTNdgTid1BmZVmWdVvLRJW2nS6n03QexwE91a+ljo3VxcBz18rE1nGSwrSTVKGy+1bK/cvCpE8uOz8/P5eOsAOKr8v3MNpfFa9zIAL2qcE3dhSooDdi+XLJO7athlaBO9bMZf39WoygNQX29ldHESFO6l/MjKilCDNWORM4lpE9QAg9ATY1AWJNXEQXs+Im5G4i6TTINkHgglrfMDhS7yeGzmjLK48iCIi0iudVUqDYm0h8RlwPJkg3ei8QMUnZv/rkWIEsFpYiI97VewMSYxNibZKSwA7sx+LJy4S9nRqbgoxU0Ygll+e8/bRcf7y+LA5XLGs5QeQVz/vk+piorXVE7IlljJi1kOeT3NzavIaAab96T57KZbi/LVFxB5q0P+uG2//UD1E4vKDYDYd7uVRxE2g8zR0kVDklrIlovDyO92B5kLv+fwDy4T7I9802mUwmk8lkMplMJpPJZDKZTCaTyWQymUy/rwao6RJUG+VgGsrWgMHH756f//Tuu6fpPA1ThAAKA3AaSnnnQiPU6qKWBbnyS/+gg+4n71xOzeLG0SqFvTsFPBQZdaO+VcyDgkFySst6K7VjAhpK6ZgCVrzUNwOLKqG1FO6Zt9A6b83WubvKndTVRCqwGdXOAWupNEPvbNBcK7o2+1pnbzTGoZR+B9k0EwcqiEvFmgOP5JzlY8knUuLEe2kJ9wm4SZCYvrktNwJOOFtnnW9lmMrOTJnQ6JfzRU/RSIGAATf6MHiq7w4+ULbOMFDsDcMIddAEERIwhKkD18AdYBMJtaqptg1RCvt2AAAQAElEQVTcLsR1XUsbEDmDyWFpwDgO58v5dJrK8SmvEHwbf4+R1soB5aExIDqiVPnXeVmWbZvF8iSMA2NMME1Ttzy4NT+f3Pj8AW2OpHF3S+UODIC3spZ26ORvUxsnnmQnm/gtp72F/F7GVvmPTGgGZxZlIU7I4CRzqha/ysZA1iboU1kuKPeNZ06jLCYmTsrUKRTieQBokmpjmi2Qw4qL0ceZqZMsoTdv3ofddj9s8EU0B/ZIF6HG5MrkX5IcEp+mwTr6OfMy0LyEJOMJ+X5PPJor5jktH5fby3JdMGW+LRov4hz2rZUnWL8tb/0qQ+c+4YoE/R/u98MpsF9BSpk46WlmFEeoIXrcZ4wSx0WEYsMDP3/u/bRiucMvj51LkqjRfq4btLvT/1pQy2QymUwmk8lkMplMJpPJZDKZTCaTyWQyfSPV9BshO9i/AIlI+OHp+e/e/fA8PV/G8RQHX6rNWH0DcDcfgWNAhGIRbIUgphlutwE4lu3l/ZiK4u4K0O4AalC1mswFSu045Zy3tCbKfCgHRPED0eQY8QZxDNAwmuFrzbqiJ2+6Wbi+I/p+/5N74Wv0gL3x7e1B7VRvltK7y+/gRXcx7kLpEP8TJa3Ie6w8S66XJY+Teb4uN9G6LCmlGHwMkS1SPNECBJcM0UP5s3w1Rl/megj04RgiQUUOQrNj4JdX3kYMJGqRHXYXFtfVqcsVHRX3U2nAsszBDyOzSmU2ni6XcRp31GYvvosTzaHIThgNlKI2bNv28vLxdruO43A6ncZxlP6XGUa1TLibnV+hw/T3X2S5xhtHIL653RQ7f477k3eHtrCVX9KT3aNCjURkbQA2SEtnp142q90I4SaZwDGfyKIipLJBmFhA5k4SbRB9grQIPFtS8CKQvBNgKEmfHAQ00fIiDgmg2VxgjbRRDxwxOGFISn1sdMcDX9Y2q3kLVKztE3YX3Vi4dmtDsy0BSIDrlpa0JebH0o6U8aW9InP0ZOGNDXBLac15ydvLuryu85wW+crx47LZIjXUCPrHRNkBj1OJet/cOXq05u52IJ3jyG/HndyNIWfcHK7Vt2dn5tqzX+NvKMBM5s77+oR37u751uicdub2jSx9vvsPrbpDcPxxwhtT9ftQOSaTyWQymUwmk8lkMplMJpPJZDKZTCaT6UGMGIBUlglxSDjF8N3p6R+9/+F5Op/iMHrKqeGiM7bQBFdDPKTIrD9Mr7RHYKMR3YGri33lcC9D9rVOROysAmrQCVZzDf0uc9m61tZdxUIyX5PEZAYVugM3x9coGN+cCOoP7l1XDc17kAS0CjJWF4d9/30AlBXYURKsZhK1Zooc9FPzepxrsMZjNblyGzk3LEP/LRqGQcZWTFwEr5FkDyJvMg3JMs+36/W63NZ13daVfFAIwYlic0IcDoE5YSCABWLwQyzbnKAU4iCTRdkpNGjSft+ZiARX6+Z7Xdi5LmuGpyTTpbet/LuuS9lTSBG2bHHDOFayRE6ixeda2u7AJF5LW9oWyge6pbSVLpTzTNNUNvai/IFGqof+YulabpsPn95N61uUSY8fyHb8JjTMm3oEXnRFSmwN5N6vQi2G2IZGZtqJoQenzpR9w0ZhOiGxwQlRJsSX0Ce8DoLTTJTmHcQJO87vvjfcc7kn9xwsWkoUpNQcY9hCB3ZSihAVPDwYjk+JbmLxa+a33acAik0AJOfWlJecVr586VhCQRkIsNJDuAMJqa2ZN65puW6Em9zWZSVvFH7O0Q3iq+2H++Lk8hOVSRX0Rzwq6Pd3UUsda/IGW/OLGJTHs7WH1OM6xs7P5xFDcZU4cRxeFWJo3NHd5fgCHR7ySdXoNSKWGmLk9wcNfHqQ4UvnNplMJpPJZDKZTCaTyWQymUwmk8lkMplMfyvxT/y1VOwzXMLw/eX9n56/v/jpBOPJl1K/9xQo08AMKj16KSvq7/epNujZKoOIEzZDANgL8FJBxOpB8ClTiQNH0ArHihjQZimap5wJa9iIrchIaEUMZHNSCrxBzDoApRrumTfhCA1GGbhSvJ+/E7ZPa6kUqqlBzxBkLa33P/3fz/BInLSKarsgHn/Pf1fhza19GlfihBdR4kR9Y9ROJmFaU3lt87Ys87KWt+u8bKsQIISqxIFGhpN+2OnEM1SUyzgNEE6B0nTKwA2RSRbnA77hxuBBom+UE6AeZ7a+oClWK40tpa38k9NGyAlxJzHGp6fnc1k+VTWXqB/oNtF0HR4CoWjSPFN/1nUpX08TGZwMFKpDoULBex2Bfc72QXO/VJ88cjfZOFTkXVe1P+zeTW75Nj6e8JtXyfvMEom/Iloj11gUitcRs5NEKzEh3R1ZM6okTMcnF5k4iYKecJcVQMPMTid0F8nqC7ythh5saUS+F44TungC6djKVkl8T6W58t57qBjKw8D1UkccvQPzY6/hE1POlE25NFCqDual3CbISJUn+5PM8ygr2u/QGu25lkXsctm4bvPLfHtdlw2ElKFBUIqEe6LwTW1mszLZl4t2oXWk56q+MJv4EOb0rfTzTtv8TTpPJ787Sg2oOVzyrFbS6CvYGOgGgZ/UGm0kzjHNXcr9RoNgMplMJpPJZDKZTCaTyWQymUwmk8lkMpm+rUL1EQgOznH44en9373/03M8TT5OIY4ueGYxGImQanaWJAqQgiErdNvOKSPSSot9HbL5g7wZIvFYZ9SSNVfSU0qEV6zztlGwTimADnHwgUqfPkZyBGFHEwmIkZSf/Tz4tlsCKkbTysQV7JB6NAMTjogQtyeWuFp416Fr1WRodWY1OnmzavpWMTVXOEC7wO4jYm3S3Epcx3BsmYZi3tbbMi9FtzmvW5bsC7I4oTgemhcPlKLD54zgYxmxMIxkgDJMA/EsZYeh7E2F3yyHt2I/m0E0ukKwG+FuGDJA9TgpE1FepQl0SAxjDNN0Pl8ukTGR1uAyYr76GbRhIF8DlHyPzNNLQNH19lr+LH04nUZCY8jixbs7R4aubP2tSQ78DBvC8y8lcu++pOi+Qt+AMKhEkxA8OetQcVOzTBzxF0imJrCl8hfQJ4SJBCTQZKB4HSZOchZTI5CILM3WYYqMkrf4jigrTFc9suVJZlJA1q7zzR5GCBjcPSmgcWTcTCJbgFfmwQXkTo07YYMNuSHvuQb51js1FvLMx7mN0ZPyqCi3SuLlrEk6/Ap8C5fWlBul7E7QCefpLJjK63WZX+fbiglGjhvLGhiExzAwqPxTg41c9zXfKx4qN+MegLu+B4hf5+byCemx8Auxpv1B3GCu3N9vWSY3MPrGEWYU+pWTE+gEcXP8iDy04MGhpj493X1HaZQo/Ytb4vrknLdtVEwmk8lkMplMJpPJZDKZTCaTyWQymUwm0x9KVHoGzl7xf7q8+7vn79+Np8kP5zgFitZIqOka9Uf4TjMs+qKysAVCewhL4A5VZr3Qfs1Pu0S4jvzAbs9S+BTSYl3J48T7OBA8EVPaSlV0HPwgVUvGTVy77luFSnijcr3/kr91R9wUkOv4ua+ZqgVA7XhrcMVcamE9uYqkyG4yPp8MyuByOGhkhf43sLWA148UdCCDk2W+zfO8rcvGWjdXsy9qQZxeQykQ+4A5RwcDESHDNFCcTvR05gBMnLCdCYqviUQSoRpbwM7Q7LNGjhmpzAaxJsyJrFsipiEMlN5TZmSaRt45iy0CStJKG/M6z3Kt8iU3v/RDbFq2YRjGscwthQK1eWk8k7tfPHemKd9CnzjPY6bN4w7Qx+t88cyoK2O/Q7pYnH2F1X0r+FBnWvYX0ERcJrIa9fBokL8JlGnyZSYc77SmmIKntZzLyzNHQh4npeRf5g8z5WgRa0J2KEw/0QSGnEFggPJhzgRvBAlG2Z0uXI1Lyk7MQHI1I8E7mkGOkPXpGVwpu/Jdtw9cf39KYheFQzH4grv9hqBQUAcVAiqiQhlhLs+JCJLNZRfZrqUyIoEBL3bOYYoqI0XwZLyt20t5vLj88fo6r0sW56cVqZVEq0CuKxCk4SisTZslz3cQ1Mcl1FyvQwANH5CwbbZ10Yw9mPhpETPMezBwQzANtvHRb/kyO/WC91QLuPsr8Z/AWI76x6A83DJC41aY6tJlRugSljt94LuaED8aaZdSddARs5t9xfp6XcF7dEXUCZX2twbXx7Tmuzl353GCfV9A7Xzc45cmk8lkMplMJpPJZDKZTCaTyWQymUwmk+l3UylwTj6e4/BuPP/p9N1zPF/iaQxkMeFSZmsD8jnhdJssuIlgEVwZ5d++O7Y/IN8AqbhKtdTVCmgro6OAHK0EmrLmKnjy1Gj7KKVBqAeXRsuVUsrzMpdaMCW50D5EN5SCdCkWT8M0xDGAl6owpwWJhcaxALu7mbj2a/tca9hQcZnWtlwrvNlpcTnL/tTT4HIdO1AwRRGZvZaK1QxjJ1hU4oPA5h6+NagU/YEwEIploVENQpxE+khjbijABNy6rtfb9bYurzMNSCpDQ8NIhWPJEfJ0VCzHjzEOIficy9tpGKdxIOeQGIM404ifCjncSPWeRj4IXCClfKimH9R8kBYLRMMGJ3kh25mFspYCDOMYQzidTnGIwLlLPJRsiKNeFjKY4sSRPZ2yrJG8bVs5CflR5I36XpoupEzYIRN/gFWU4ykdpxmo5imerS6+qDd5EtxtS/L9V3iwXZBF0ZMlrZUShFRaJQYwpUz/ZacT+FzhPNcWdNBCXcOCDMiWGtSgUySDttkYKLO1SRZTkzLU6BPG8s5BN0BTiZEXb2DuLACZHYndhIxHcOrpAz1f4mSds13Kw2CBQAw1i+uNLh9SZgB6Z6HDDvfqmAUnbhj8SUNYqE0cE+bKDKx5WzJTTB468EvZp/JnWb7lLiufbeDKPXRd5xUoXufjXG6tOevgw45PHFrNF/ZeUBFU3ElZEzz21n2F2nrqiKJvBVDVZmCHfIHD+jRs1iP1ISY7ajqTPlwA4jDUORK8RpZBqvjTVzW4h2bqZ43IgeMq38EjeCvIymQymUwmk8lkMplMJpPJZDKZTCaTyWQy/XE0gJ/i8DRMT8Pp5Etx0YeuCF9LipizlkSlNthZejj5VX8rH8uBb5Zb7wqUUgWu23Dcs1ZFifoAiXHZto2KxRTtEIRlGMhZY6C4B5Rq6m6GcX9Cd1e//1o1TwXXOpaFociA0BdbW/+PP9PHg1vIJ6qzuyEKsyDk8sHQiRoleLpU5lSdeaNUHYrUWZcyIkrmtPK9J2CFBkWyMByUwZmG4TwO4zhyVA+5SniHvhkOYD+XWCvLUM0s9pIv13/JTENIkXVdSo19GAgSGfjEbG3i3H4eMZ7YB49ZE7pimc1121zGdVlTWqXX4vDgldHpFga6L07cQzn7Zyl//uuKm2BnRIL90i1NLwV6mjXv1zIu81zevype5yu05410tiFYCY/qelK/1E/KNOXEeTplsGkjZM7TSYTwcIYJBnY6IV+T7CJgILsJCOwoAU5NedTmQ7kTcHs4VpawGNy9R2gp4jeF4wAAEABJREFUchgNR3DVoXOfHlMZQe/vnwLw4HrUQBMHgle1NCztOUFqZE1CXNiM223bVkcOLVjdlgTbksgsOokgcN7Nabuu8+s6l+1bWsvdteXsfV1/7VZ+yMoCRc7unikC6bmH9tcOVjRnn13cZ9fh7uWinx2pCzzm+/wcKU/SbizFW44nlJwr3PO0siRdlWesOwBDsgage5pXqOW+Xfd3zqFJ9Wn5xowfN4w7MZlMJpPJZDKZTCaTyWQymUwmk8lkMpn+sJogXsJwHk7nOFGoCYWuQPeTe64mVrTBdeXXN/iSPQDlkxEl/R/NXwQeqqi5Yz1y5lpoVqqAXDBCQK70E/EQQv87+cey9eHyX8GdPOAvWqxtFfaMCY4mFRLKI+972Eh/CjVE2B0y6vv+iVyWnEiIDYkVv+B8H/WxwFITvy3LPM9Xok4oA0Sojhq/w7yKD2VQItmmUMILGZAM40D+JhLZQylEHshYJTixq2GcQEvzUPGXOl6utY26sJH5wZa3xGk4GAdyNymzIMV3CTbSojv05+tjYejbcprr9bot5SQuBBiHkZYeMTaS8rPPo38oTPcF6DvWBH8RV/RF9VPWXxTY2oTQn0yWLeu6um4F/nLo5LGHrvIC/N+sSypjvwM5T2R2JUJGMBJZm8CGfmO+hNxNMOQsPhWQCZoIDjl7prwTehJAvHdozoK6+PDfBGjkoDOhDAGFxICarHADnNy2znU2Jo8MwvET2KGQA1hw/zhwmT1NKgzXUUhZbV7I4qdsrzkvZZGWUfDD9d0/W0//1A3PGJ9zeHLx4sLJPajcD+94473710nbdk3rx5w+bOvHtH2YX/+L64d/7nB7Y1fcfVRc23S72Qk/ueizXNlCV++lMMjD5LCYsVnqdJE6dw/3Chi6O+KkTpy/+wQenE7uLmcymUwmk8lkMplMJpPJZDKZTCaTyWQymf6YehrG5+nyHKdzHKc4DsQqEF8AjJlkDbnZq+wUW1OhkuaJIUETWoCukMDDpe79JB6xFcFdeJMTQMoxVD9OpZxfavtl/yEM1VFDK9paQlVCAz7FHIB761f4DVZ4KH0e0RBsv9h37m2ehtmILHEb3R5ZhkNqvJmYgO4YPMZ2lE7FEMoMQCUvJNOHTCRoGLZtuxUty22eKWYoU9mf8JRyoBSI2WkjyAv8GMMU4nkgmIidaShlBdBxrE4bQXUr4KQdKt4DD3vzkHAK/RDMsKV1XmZiLFIuheiR0noI+imX3aesGZPcGUMAauwMp3ZwNNBS/hqH8TSduOHA9i50nN8r0m+Um8nVogYzuV+rhzwdARi6ZXAHssgnYm1C0Emp/V+vt/kmH3KEEWmcpq+FTtoFHovr2JuX7PV7flUCSrGorPcrtT4TdOJz9lsOiYCSkBzDJdTfIGY9SLYgxJ0geZ8Etj8h7sSDWN9wQFR14NHoJlkZzEopQqQt4fZTI+5usjsm6Isj8Mkd+J8HLoWzbDJfmL5PG+ILjh+/+x/Pz//D9PQ/AD+4f7iK8Vxezv1b7ZOc1+uH//T60///+uE/TtsLfdSccaqOa0ydWmT8sT6P+FmA8kwTUu1wCPYnfWPW9ie4Y2eke+JEH8Ugj0qvT8AKdDl3/+h44yY0mUwmk8lkMplMJpPJZDKZTCaTyWQymUx/HL07P70fzmeO14lxIGKBP2+/Zu+l9htUjmRfDfGkcNCXmkEqiPDlX6c/FBG1Qq1WDo4hhZzmZV23TZxCfFX11ZAmHoiTX1adfCxrNnOOliLhGawBd7gQl1FrGXaHWHTsqlWEnlC+hM4NRZpNsMhAKRYxBi3KesY0yiAgrGlLiRJtXubbzLk2ivfUZtDu6nMSKCCJ/GBgDP48xpEmlVACnTbGTTwoC1OZE2l67+ehxAGhNDltK/1T/uuYT4nejxMxJwyLaLYScrW69rAmcLjWcXbHSGkhgqicKpGlSxgvp/MwRMYGciVOvNAEugI11+Ve8BU+Gj9fby9aYVzIQwQUrlrZb2bbNun+NE7DMEyn0ziOjrtAdjXu6y/7kJ9yL3DqEtNPU8VNHKNhkMHlRJ4g6HzGkLJPOWSImcmSLHAJ6ijzpJcVEHgdUN5SOUqykOgWZH5KEnTKV6B2P8yWNJcfhM7QQu/e2rSakOTdt5NALcJwCb7AQT7kuZIRr/D093/3Hyzv/6fttvw3Td4PT9/9e+VVxufjX/6/f/0X/1Ga/9LvcOA/nFJm9StXiRN+wkMuGxWyq2NZH1n1vgb2tpGn2SMv9UYLK3Qijx9+DCluVR8YfLd/+X8dJpPJZDKZTCaTyWQymUwmk8lkMplMJpPpD6OneDoN0+SHMQ7BB/UTYBzhzQo4FyWDZwBEYJMWpuFaHsvXECf7oc6Jk4KGiGRhPYQ4oSCXbU0ZQZNWXCNOJBSmHBqiVC8BPhOzAuA+YSThqtOJVtXrV3i0CQAFYvZxaB9qF+qQyUiA6yu894MpLiOew4zEpCRGMshAl/iaTAR4MrJYtnVeCTSZl3VeloWIE2RHkyDN8PVUFMxD0AkN1BjCNMSR0AcyKuAIIh4zB4GrvV4QBuh9WQ6YkbRf3G7mhTxWynnGqWgs52c7j9hnYugMyguz5+ie5kRTTrKK0lK2fQjjSNhKWXVOqY4yYr4fMJ6RjJ+Iauqtbtw3wE3kpBIX8gbOsq1rGYGNzDRIkkJFE1Y0TZF4ocHVhSf1+q+DTu6sJ2q0law08iTJudIBkiPDtwcFTiWQmy3TLUMROZtnZ5wUyi1RhjhhzC5kjc4pO3gQ1oR8Sjzf4Eyc0FJgakmGn67j6/R7h52diTa4tjq7Gq8ie3ld1UJC7U4Y/Wg+msZwPtb9V3dj06ErbCYEoYY2QZmQK45//rv/1fX7fx/YpslURvLdn/4XT9//z376+//PX//r/yhtL9glQsk+eIxwSjm5bgo8cUp7/hm9l2Wi2TvYnS0IcQKd65RzbyRRtT9BwcW2znXNQLNIEjwt444xPTTYZDKZTCaTyWQymUwmk8lkMplMJpPJZDL9cXQaTkMYog+aUuFqjVlqgjXGoxlplAJhqfj6EOQH63Cs0EsF0akrwUHdbnsh8eGrTHgC1c4pUmZZl2VNiU5FoAVUpxP2A/FylHdBIY9PlLabDiRKNd/o2wFd0MQOnbR+tWOzcwezE/VfyJhaVETb33P5XQeTPRo8V2qZFSF/CSnBjuMQh6F8KmkUZdcNc9rIX+R1ZtSkbJV/0yZZOFLZD17ydEqBOEeAMomj90MMg/NMnBBk4oldUUjC8dVLIdkTQZB9i0+priTEAAjuw2ALUT8pbXTdpfQvjuN0nk6nE2Uw8cRTYJDLbYB44hwb4ARXE3ByJo8WygVal/IJ9XOcyNYlRk9nSJ4zNmRytHids8RulKHiPzXlB6o+sa4+qbaGjx9nXRJwWKuyGzNPPBuIZeRfr6/lvXSkNPv56flyuXgOFqKlyLMgbihyrFzuq6ATfGhoXZl7tR6V7WBTE+axgMvypf2EdiSCSCBhSOhS+SpHhLKOYnkhNYKTdBgrcWJhwnE5THIwekJLBDo3GahwlUdZ3IoNia8J8PSoLcXe7Ecy6Auz8jiR7mEo+t2xS6OiTtN4Y3Lw4/hP/v6f/ocunA03uVN5Tn7/j/+D5x/+/f/mn//fbx//M/kQjziePJJSymw0BM1FSr/UQ/b/osNH+AOOuUd3z83j9n4D69puDTnuffdoNplMJpPJZDKZTCaTyWQymUwmk8lkMplMf1hdRmIIIlEk6jiQ64/VxbajFQuDWptIQgv/Yp1cNHa3CfdLbSfqUYScsHkD/fCeKAtmLJy6m5QmSqGfQl2IopA4CCqev+EW8XiVN5wU9pJmLe739di+4PlgUyK/yd85CSYBBOHYe8S18v66fi+5li6VThCZwNiJr/kSTgiDRLlCy22lGJdlJbuXzLV+r/k45VWGwEcIgU5G3jPR0Z8DgR1+8HxGzJEmlykVTVYRGwtpWU3Y6Ycuq58BheAwdVI+JwOVGKfTaSJXDw9aucYaoiIcgw6n4Bqg/eB0nm27Xl/LOYdxjDEM40DLrQFKOr49U3AgGgQ3ac4I6jHzc9bYm54ozWchHwGPdVm2qrIIU0pkWxLj0+Xph+9/KINwPp3L7PShP4lHyXU1/fL+lfE6wFfvsRd07nA77RiKUjCMmyQEfvdlVeRMeTqb82J5wu4m0WFE5pvUeYgYJ2FNEDvcxOl4eAk3YTapwjlZ7VVAeIMaFgV9bJIc+zgZ9x4n+xfwya8+N0pqfOGZY8Il0bPhz3/6X3740/8a/LcM8fkHpjg8/dP/yf/5X/2X/68f/8X/u33YGZPQ477dAAKd8KR2RIgGKj3iJvfwoHvDj+Qwz+zstPtK8ddd5o4YV3UPgep/5Uwmk8lkMplMJpPJZDKZTCaTyWQymUwm0x9WEzliBEqukbr3gThRgZOsFGYdFJxQZgCO0Em/9XPKyhrsImXInJDq/eu65Q3IyAQENYnD4D17nLRIH9d+k/8l2OWIxbgvOTFIdV1bdLfvDo64ikog6NVRUnx0h4YgVGOHUuRnIxDPY04QjSAUnugA0AMB15zmdbku80zQCUXqCHghNgRC/wQHA0EndG4hOCbvy1xGXzbCQEgKDhSmw0YcGnqCoBk2O14jnUCmT8T4QIkThi3KbmXYKbYnkB1LeSe8xvseDaGWw4HbKOdL61r2nOf5Nt8w54GydOgsQzkbEyeuVpoPS6WrdcNh3u5noN/AryhL71Eexw9lQwJxkoAm6zov5C5TPj+fzs9PzxKg0wrlpUeRYoscdIY3j22IX2yQq/YRR8oEKwxVrSUUNVGbEzE4YdwEQ8qQiCAJmT9BCCiROpSoNLBxTSNCBDViPIinX9ETQocEPZG4pfJ1qq3jxmQmPng1UN6OOMQgHB0z3G5lsSMgj/fjndsM4icfE21M5RZk9yC6dbacV5duzv+Lf/Ifpnf/7GehK/9mqoz5v/Xf/9+env6d//Y//39iXuQOl4kgI6O08T70gA37Kvf7/wNAnIban3rnK8QG/f8qcseO8b77KuG14SuVpyuBfaXqc0BOiLz6jj0w6sRkMplMJpPJZDKZTCaTyWQymUwmk8lk+uMqwBAlzEbLidgTJ9gq4mJt0lUQpS6de5hDDgQpH3Iixx7U8FZxuF5PoYdS3QbKzdjSSsQJHc75MMB0BiWZROIr5IJZsRBNxvGfKz5rdzC5e0ChpTtI1d13LgxY0Qa9wuEglCuidgIOZwtSIz+wEfQW2JGEugNRsooE46m/50eODcENt9tye7ler/NtJbeXxCk24nGiO1NkisT0lFMKgBLCKcaBx6i8Rk88SiQ+hXfQCq90S1kJiUBqJiJSLi7rYEtlApZSjyZGJA7DEL34q1C3aAxzjc4RUCZ3ljGMSFAoT3lb5vn19bXM5ul0enq6jOP4yIjUIUJGFaqdxZFWgPuMjvvtL+JNbUlLy+WQEHymZBGquW8UnTPPy6cFr+kAABAASURBVMw7ENzz3fvvTufzNE1yct+hFLku7N405bEl8fMNqlv3nyA2pxM1OCH7H/IcER8gRkAyGZyEhDERbkLsSGKgiRNzIrEm5d0F2mgLldtH4Aj94bMsUMf5RXUOas6S3C7sbZJdzdapTbob6zYUOlD9p+7BIahtfA0o1HbTECdOginPhY/w7l/+u/8HnH5wpq/Wuz/9z6fzf++//k/+r+v8r9gtJrcEKfD6fBWoTSx13O71BG63OWkriR7BqKlH/MVbsTttQ+1MYHe1cop68fKDNw9tZ9YLmkwmk8lkMplMJpPJZDKZTCaTyWQymUymP6DIsQGzhG/gkTgRic2J11wTsTs5FgCx5m7sJeY3CsqfKUqyhwJTJzmz08S6EQPjxBOELsk/w9/9VcTj5BNV67sLVeKkAjWVFBG6QTqoVAgcYIjPlMW/CDk0cxOnP/EHEMcReXPUofJvGX7v69BRhyhXaF7n1+v1eru9zrdtXTwfCFDBD0nYccytgB/Kl4hDjOdxGscYPHBYEgbAGOJQruJ2PxL1EoCOMdjnHKUGndYNydWCKsLltGxM4rkYTbVoxnv83ciLb4LiAZiWImo5qRz6w/sfnp6e+oHly+Lb9I9z4L7AD30RMel3djU2pE/AkXc2j8Gy3m6327zM5bMyKeMwTtOp/Fs6XtcbrQTK04Hd1wS+VANHyrd5+4u7v13zithRD8z1u0qcMG7iEpmUEFmSduIkZvrTc/VfoJOyOBg3cb7G63S5RSiclhc8BDXrRNoC7S6RSxNxIpyK3KKyE1Y8RVOO7gCcbuOeOHkkhu5vM12pdwPFABtxJzlhfnXTv/y3jTj5JRrP/+if/I/+T//F/+//Uh4ynJyVMt+6kQW+zgVHcaHa2fT0CTrob9XcGKQ3H+689DQQSycaDjs4meXHW+n4fxN9THXfmEwmk8lkMplMJpPJZDKZTCaTyWQymUymP5K4GKi/LH8oHVbihHAJAQ76KrMGLbguHEV/lY7VPuHL15bADr76tm2ELGwrBXmQYQd5nACoxYf+XB72WB8Ad/cLfHR9kbTrERw6h+q+0qrtcl5fC/+oxi2uD46Q0/pKknQnckLe7J2Cataxt5nFyTKMkDDKwSPvGbYhBiI5vM2323JblnXdtlxeKRE3oI4ojn1SZCLKth9CGAjKwTHEaYiRfFRwCEoaBAJ2mBYhuqK6rzjxoWl9YLBAIIxE8TLrsjDhQ0zMQD4nkcGVjNWGJGPy6A+kAeKWNikrr+tyfX35+PLicpqm6en56Xw+N7SgvufKjoBzeB9e5L5WnwdQsFbN1YGjYjHIMTqcK7JsaaX8oBCfn56o7k75TYzY+ANZJX4QEkiiF4UDHPNmM2IzR8HcIRQVL2GcxDnX7iKsVf9MCSMZBQiiMB2KzgH6JGXPviYhlTlwA0JILmakPB26itxyQN4nfEZtL7eABzsTvpTrp9wHomnY2qXskDhDp3WADFQIRVMWpaIwnHiFPSCyL3fBSNoN1Tq8z0pnHiQD6MmQRQiwLOYr6uUDQANBzj/srhNwzXhF/G//7f+dESe/WOP5H/3jf/Z//K/+4//btq5lWfvIeVcxKCK0/19Anu6yzfPenvEgXBTxZ/0zFeujuIJ2TpgTZoYETLsDWJQ4QV1X+qFrrir9wqlL6W1QzWQymUwmk8lkMplMJpPJZDKZTCaTyWQy/X6Skp+W5xnNUAMMx2VrIEcNTl4g+INZEKflSexiEbhW3urMvEtudcoW4+JatVu/cFxhR75gXtdlXpZEle5IJy8FUUI0SgM4/oFK3cEjtAQPLU5TtbycP1ENlC5EXIjT2AfPph1CtlCIhGvuF3yocivcJ26PhM4cUBQhJORbqZQyAKOVUi81Ux4oYI8Jx3wD7CE2ciplRsquBD/Ql1manso/RIXgsi6v8+vtdtsI/lh8Tqfos58yR8GQewUbnJTycKnEc/BNHMvMUJJOnMah7DGU+j0NEeX7UFQGlfFz5l5ljeNRGkBSZtgkJSfiW7byxUYuJzOzF2J9EFjQTd8hLkPJDDZF2Oal/EnA0LrkhE/nS+nUaZrO04kGK+VGbNTx37GcnjPRxdWL2pzcJ8COh8WMrYVibSJLqGxQ4k9ZDDmTD8syr+tKZiQxTtPp8vQ0TWOg0YCWv+NaBR4Fs9A/QZbfI59VKahGXESs9XddLOj2k0jMUbPfQeJEhDgR0IQwkepxAgkpPYfoE/SJ0nNojgk64Xc6FHyWm1CMSWRRgzafbghJMXG+Wf3AoRfM5+ChK6KstBbsZBav9Aw9e9UjSNAnVL0BBnSz+DjVDRrjb6n3vMDKWJS7cHP453/8v8HLv+NMv0LP3/97//jf/d//V//8/wFBiRN+sLjdvwnrGt1vJ/3vTqWAsmN3FidH55s7FxzYz1HZIxCfrS9kLe1QI+LPoNJMJpPJZDKZTCaTyWQymUwmk8lkMplMJtPfQHv1HMWeBOSdPgEnxAmZaDTbBgc9a3L4STq0NwfNPKX6kTwkMAiYIsQJpZyQt4cGdwARJ4S5RKItOFCGKAdsGMddmAfw7+/JzyOTfUSqLUq18I0aENI1YT+y82k4DIz0cK+9ctgElUglV2TvuNe0kf03/gyZ1JKr12yiXs57FG7H5Q3zuiwvt5fX221Z5kzFXBoZzhbyiQcksuUMcNrJOI7Rh7FMDIShfBXCyIwJ+5qQwcZY6sh7XbfrUa7ZQtx9TtjYNg40Qr7c6XRW1ISMWDTRJ+XkjoMui0GGJaVUDi/F6+v1+uOPfy1/ni+X56fn0zTCvgiwdzrp5uC4nI5X0Ua/ZWfy+ElL0mmuKgPZlnihTyjpZ1nI3CRTZ0vHT6fTu3fvZR85PKUjI9FhJXLOGj1Si+W1A8dmtHWCkaxHWnxMtTOpZIVmGkFziMjq+UMZMokoi/KJR4VOiKlKzJpkfiHFYtE7EUbOM3cid62QXbxBNFBdpvipsat9w4b77KhB70gCPRwktBHc34UHwuBO/r9j729jJdvW/T5oPGPMWVVrre7e+5zj63sTv1wbyxiMLOIEGQcpiYXiWBAlkQJSbOQPjoJtAkKQxAoWILCxIyEkyxBFEZYRMRIyIBQ+GGEpRuYDDoIER+RFBnJt3zh+Ddf37LO7e61VNV/GeBjPy3iZVbVW995nd/c+5zz/vfZaVbPmHHPMMcac/eH51f+/+eO6aWuog64RvhbyZlkdLnliKnHy6jesn/2nnemH1uc//ZtOD3/z7ff/PNGE5JzUJrsFkHUmJgXUk02eKT/xgto0C/osheJ9s1khiphg52bT+KfnwsxMJpPJZDKZTCaTyWQymUwmk8lkMplMJtO3WZUGkPwRydORmmBghxFhJkqQihIVYghx1bSA90z8Nfje3aRhAWU3x+YLlKHBoS7LGlfnSpZPgTSCntxDo16wK2tj34tLsqGDXZqvhGv18bDttrvMdZDPeGTOTwrbCjsX/bcwQnEE0WsR55AymCgeKeCWuN5Px8fj8ThNTHggX7BHreAydQMuOD/wyAiME4IfeQul6njJ36FgHT6FKzFH5Qqkyx76uV6WPO6neSUIA/jAcb8bvfZQ+phSz3ycD8y6rtNEriG527mRcRxvbm9vDje73Y5PkWrATZ2Ifvx5hbivp9qOIhsp+W6h0tiyIvdwXubc1bzvfrf//PPv7Pf7fLFdN/BscV49V30N7+q07D+47prbYRUy4VtIeRw9QXKcswQxevY1ITsczG+dpOqAUCYMnQSHO8wbISTK09E0FMB6l/jGfykyUE96cWElMEW3OueaHUVpA0uylLI3GyefzuLivQXbk9MAISexAJuu5LFYnCPohMOF5nDz+Ev+ga+7Wkzn+qmf/S/Ox7+U4qOrREhdioU+evpoeGIHgGb4o3tAZ2riLlAtY01MJpPJZDKZTCaTyWQymUwmk8lkMplMph8DSU2cyAPX6oUMfATxgbjcv/9bzUdcIU6cOzdNOFN1GUnkMCHmExqhUjiN4IWlKDYhfVGb/RFSyXpwTpJvtue6CqBcWlNw8VyrrmWLwy7ioxhb9BYr8FRBtu1TRqN3N2F8x5ch5WI6UqrOw+nx4fh4nGcqtUOx6xDIRl55Mhch6IQdSAbv92HYj8ONH+ktYSguUPMuaORNgrNLLQNUMYtlXU7TcZ4m8rPhKB367UPNo+Ff6ZmicF4weeIej4/T6ZR3O9xk3e73+9wOSLAPu6f00/GBRD4l6wqdtQmF6XCSzmk65df5og77w4uXdzIR7O/gZc3zlRJw80705KtqyM27gu64c9OZegtRkg659DCIQqBJTG5NPiGBJpxuQ6k6eSgJLkF2OvEBU2A6TLegUCHqoCJD3jxmXPI17AbbkLXR67olG/Rmk+HwUIkZaLABvI8jzTOqdioS0uI4AkrfOXoY5CFbHC4+3ydkXfT6u38vxW6ZviGFsPvsp/++L//Wn8ESk6Y3AIonVLp+v7ZHaHsIdkyiPtb1bb9GwG08jWT3mtwEX9vpxJgVk8lkMplMJpPJZDKZTCaTyWQymUwmk+kTC4tcKRLWlAyBJzxsTQ+cwBzidFI2t2O6IJG2+8YHob6IHO9CPhkxgtMoHfb4CIU1gV6tOYnLKWfqtfGuqHXMTe5H91u/4Q+4HZByAtx0d+McAe19N27g+u6CerWQx4kSJ8BeI4nGL49gOi3x8fjw9vHhNJ0SIwrEDAAksplx0kDem2AQ5xkzyNthR8TJeDOM+QVRJ0zG5PMMHuhk2I9JM7nop2DlYV/XmMdoHMbD4TCMYyjD3g+nq1lL3QUL1ZFbyN2eTkR13N7d3d7cCsyhe4Krtex+Xr4q0gHgwMHTn+pH+8NBKtfzPB8fH2U8ybtlHF/cvcifqgFMh0OJv0t1IVHW5/1q33JIv/PldQ1ddEw7jP+m8lrWsITsOI/sbhJpPXp2NwnEZZEliHf0EeXpEHSS8tuBZ2NgR5OgtjHUpNfbhK1DXEtN4disa2TWZvGf8VSKR1ECC3cbShSKey9BgRT6YWiGRduecBpQXlu8+iPl6bgV3OzyeLh5/Gx99Z/6ZlggU9HL7/7d99//f67zF06hNHkUNpSkrBaZsvS0wQnvz/li4C+e9eDw7PZ410QCWNqOyWQymUwmk8lkMplMJpPJZDKZTCaTyfQjowRdYEaRL8VDYRDKN+ALNNDVA+VzOVLDWy7Kl92eG8W4zrPknoAabEisDiXLFHcQ1xMnriuRX9SsccMTOLwMyekZiD6vp28H+6iRvs3WxGWz0CxTCByhpj0RIBDULyaA2J6Q+wfGNeZLX3Nh/XFa7x8epnnKHcZ2HTrmoAdBAD8gRQHlnyG5m2GgeBgyOEGmAZCDdSgOSZwioHhSlGQVEBAlEuqSOFiHlD/a7/e73W4YxyEM0BnJbBGfOuL6djpNuc9Lmbvbu7u727vc1NmgOQ3QaRXks9c/jE/BmZPNPE2rKK6SH5RHaL/b7w+HcRzlcjiCB869jSmlAAAQAElEQVRAkz765n0q3ddGyV0emz8a3JmhCM+xwFCYZGLESSYRZ0E/5HTiyeZEMnRQ1ouXn2Jqkm8U2sExpKIwieQnEZtSh1TREChoS1na/RjWX5uuu97Vh2ECpmQ86t3ortw4T8lvGmZvn0IRUcfzhTOIhSt3L38aIf+GNc+oy69B0JPTd37T1dvV9MPI+/HVL/37vvgbf6oHD6vZyVNHYYXasLMuQX0I8mdtphCg9ze5hPsuX7v3uw8v2jOZTCaTyWQymUwmk8lkMplMJpPJZDKZTJ9M1QZEys2+2nW4Sg2od4gmdnQHgsNiGgLFIgQkmaNyJxuchQ0/cvl/Ja8N8jihHTyVoENg1kSwEygWF40GKPV1rtkXZEGLpbnNWjZ19YVz7eztq/fiBUHJPj1BIrX5XFDHUp5P10qfuLXugGpv4loSEPuTeEBmaNi+BZ0CPDHFeV3mZVnJJmSelzTzIJSB8rIbMRNMrgQZMDaw8AkHB7f7kTCKYRjzePFlqT8JDU7svVxan1GHTgJxBDfJB+121BAI5VPxmq7mq5kZlVyhLCTSaTrN05TbCSHc3Nze3NzsdrsKcFyMmc5AP26uUDXPS+fdYd+4mKnQIogx8etlno+n47qujjGam8PNwFE7rmAu5cDzscGv7rxydhXP7DZ0RXHpAbMm/BcIOkn5LcjlIfqYl2QaIkLEkFJAQkyAsBLax5MPChEnA79g1gSd/AYxoSAwhc/VAC2ySXFPlfNRd9kc4tq1oQaluDL3m0+v6flBQX1cYMlgoU1J/9KLPCRKnIDLK3R1kH+id8vwebr7dWZz8iH04vPf8OZv/7ll+kF1MbmkBc8lT4PtooH2INQX19PMWgv1n4fn3FPeIVsTJpPJZDKZTCaTyWQymUwmk8lkMplMJtO3QFIN97Vk2JmLVFhAYl8YW8ivvZidlF200l2bAtflzlTko7bGu8UixwxBCDCErCElpwYnHjRZhY+ovwuFILiAvijf0Ef31DfkaWdfDEn8lRGAcxYhcX5QqeJDX09XPqdcnS+YiNfxY26GORriHkDtWvLPksjiZFrXeZnnZZnmKUY2ZTnjcoigYbMZTjYS3iCP+D4Md7v9Yb+/GXcD+6fQgZiEOCn+FByHBGSrUXGNvDVFwh3kXIHDfsIgf3sjAj6ugyrYFSXl2Umohx+Px8fHh0A+G263IyOR29vbSpw8TR1A7Uk3oW20zyxDoE/noEuPZ7iJzAjhL48P67rmjo3jeHtzu9/vx93uIiTIXT3vdkL1xXubLGhXn/l00MwS3S8JycSOJvICZXbZy4SQohDJ4CS/8JFtTgQucbobeZy4Bp14pjh04r04AAkxcBaR84Qu0k7aKDgIXR4V1Ju/xOt8DWHrUrulZePCt/TiKE9nQYhAIzQTdOKidxH8cvMrzObkAykP7P72V67TDypRKJuvrR81vKk3ydkzMT+QNjey7+An115tiBZ5ZHcnNplMJpPJZDKZTCaTyWQymUwmk8lkMplMP3qqcTLAHidOyQklLUogiPh11DwO2H7NXBCFVjrE/qNWv3ZOs29iJFBAvC58YAxCbULEd8NVRgSl2XayVF9UWxMnRgzPEgBYAiBcl7NTkZlSZt14dcgruJ6oUwwiQO00Cm8i9E4QdES2UrUWIDqc15T/m5f5OE/zsub/MBbIo9R5KZeHwRGdAa71BnCjC4fdeHc47PwwUJgOnUMuKp8hlOvyyp4QC+MkyaRQPnnQ8wsaauFNJLzIYU8XXXgTUKdyh9mZZl3m02k6Lct6dxjDMOx3+0MJr8k7wDY6B9wVR5D3gRageducR/DI4skXMk3TGlexNsnXcntze7i5kYQmteTZQjCX5/3a+MT7a8jD7kqVXSAg+p3I5oQtSBIIQSKgScIBXYgSo0O2JcVvhIkTilYC4k7yzi6BMhslQ4ffSNIS9PkmKGSKazQBnJf3oa5m9ktxBTBrwSntvvKa3PSelEB9GhQ7JHETQlm2NAYoKViRkp9wBZQwnYjsdOIhgk/ep9tfacjJh9Phxa+5/+LfplcCSOlz9ertUdxQzuEsLxZZvLrKVEsrlxhXt2Ld+av3l0EqJpPJZDKZTCaTyWQymUwmk8lkMplMJtO3Sy0V4bwez1Xv4p6gFMUFDaCNOPEUaWDIZWmfmQFVLkf6IOwDSK1bgnW8Zn44OM9ekHJnKkBIC25xX+Eqz0AEqF/sx23gzlNNPLVFBqewJqAXRZecP4yrw2lZpuV4mqZpnokCSdE1ewHsIio8wyxSaafhHnw4DDsyOAEf2MckF+zBk9cLiKcK94EhEkmsSOwUI74gCcugy26FOPFKnNQr0WozMNsRy8gTsLKu6+mYe37Mx7588eL2cEe+NCznnkqcOd/QD3454TsmToxtcucFKFnm+XQ6kU/MPLuSpDOORMDIRTleYD02dDlfZyf9cPTJwCvVSZ9ocMXThiYvuYggRiaRQRNHYToUqbMi/WYepRJRwEAJ7ZAUQFHopEO//HYkr3vKsA+Ow+bf0+/RpifW1XtlrXdGF+6d6h4SbMECLiYdFHYToteJqBsKhpoAV9pI8Tr57QKQvI9+gP0vc6YPppuXv4bWFwE/TT351W/m35u7vYBx14VfPb/qfQVGnphMJpPJZDKZTCaTyWQymUwmk8lkMplM3w4V0qEUmrUaDVIx1G+9A/T2Hq7G68hX2S+avFYPFD+MlIhgYOQicbAO2W746hHS17I5zseVc/YF0J4qqDX0J9CHeo0A1769L9daKuHXPjsP1jlr1Z2BLKA+Md4zCLCmyFYtcYnraT4dT6d5nRfOFULJMip2FXKg5vFIM/wnQNjvxhf72xtCPGA/DoE+oWJu4vGRc2tTxeojqW1BvrIoxAmNNmMizcaGJ/KsviyHxyhkD4FB6zpP03SaTvnAF3d3dy9e7If95Vy4a7jS83qmHi0ECbef8iLJi+Z0Ok3zJO4m5LAyjPl3INsX6C+hLqTL3KKPrKGQOyUDihJzOKEq5fsqv07AHElAYGsTok+GxNCJxBE5V+gr3o0NdALgQHcllgFqvhGdP0kdeti+dtgvdHSwoQeKK5HEWwlWBo0bqC/KIe+e4Ms9JMuK7V04c4hidDA6UJsTekFLcmVuKnmX9r9s9Dtn+mAK4XDz8lcd3/wlrOvhHSxYQ0zkmYVX4TGhFeHJpqA18t7U4BUlZzKZTCaTyWQymUwmk8lkMplMJpPJZDKZPqk8YQ2+sBM9WaJVZujjEoiQuHS0cFJirE4hlJ8h+0GFSFAiWta4RjajyA0N4zgyA9FsF6S9DjyRaj2H6egpXM+aPEGEdHYMT4Em0npnc1LO55BDb2oPSiAJtJpsibBxLTyInTaGzubECbVBKTAxxbQsaSWPk2VaJVeIU4SQoRpgfkDJGzKj8IE30dQQZTK+2N/sxjG/3fkwsBkMTwvBCcgpLUPhdQpwQnQPjzjF6uSO5HEeaLAHqSmXaWkcTijUTnLVGCX3fckvT/NjPmq/29/c7G9ub4cwPMf3VKFnaOEKd3B99z6ap6Iz3JPp9JAXTn6dB/nF3QtaNeOYX/eUST1cgn4qetI37v1z5/1Kep+jhrp6JU+HfU2SR+ejBOsQPDIkIP8Sok+EOKFcJF5qfBPlj4B4lLxUKIKHpotcU1xxEyoFe0S9RXWtSicBody54qaDvoZkKYTilDVzJRoFujgefRToOWBzx12b+2oUBPpOORiUtlGSsiJ1nqxNokOBS1ZMK2cR0VsxOMm/6Se43c840wfW7uaXH9/+vFBGhCW9B6gF4sMDXYKTq4+E+gvO7n95vMK535Es300g1vlTAgsvhWUtms2JyWQymUwmk8lkMplMJpPJZDKZTCaTyfTtkOcSo68GJw08abXEbUhC81Pg2rj4SaDaIjhUIqLgJ6BxLUScMERA5cLBDz74cdw3x43SHtmbUJu1fo2tAInYfteeIZ7zD8JV1E2MIEh91PfcgcAy0j4yCZKL8mRPwpdUGQjUK4baSbYmkeI8sC+Eeod4tmahFhJSVkpa1nlalvxiTfFxOk3LvMSVgRtugjkEIn5ouIrRC0EnEMCNSIjJIQwv9zeHYRwBCBjhJCKhC8ocJUFcZMx4OBNBMwS6EDlC9Idm4QRxQ3HKAbQJcmppw44v1N0Y12VZlxQJOsl7Hna7w81N/p1bCmWipIRclsMzGAZevE715LJBBlATl0pKzjzPy5I7kKbTaRjGw/5mvz/s9jvBTSpowjVrVECqTLrYnJz3A1s5vWdctvu8VzH7aeCmbR/U1CSVGJ2U6DcKcZI8l9lDghB9viBPxAkwYkLTSY43PMo+8bpCzrjixdisSwQ9AYcdFKb8ifYFe3yrMlMXXRbOR187aBfSPGQqhYJ9MNUVbWcbuj9MEnkiYaqvCXEngW6EmFxeqomWc8jbE0FrdHVhuHOmD6wwvpAnP4rxkeAk21V+CZr1t4CuE32U93AXnLlUXaoSJ06eqO6SS7s4HJ9afSaTyWQymUwmk8lkMplMJpPJZDKZTCaT6WOLkmDYXcMX0w4oNUS/LexVTME1owx532xB3PYwr0CExrxw4TufawzkuzFuKpjFqGLTFP1NWv+sbipuw53g2TfnO6eWsqFeF7QaOm9JmkqC5UWK4MXaJHGN3kuQkJNSu9uYsRQTmBY5osORVjaYIG+TdSZzlxTnuFI0DMakSACX+Lvqbm3TC9LicOfHV/vDy/1hF0ZxUAnF/8S1jJQkMUhtbqh6m9JC2AgH+7g8zpKqo2YWruAE2EXqVGOXhAvjJlk8GDDudq8OL3dkkhKkfpwwkklLP0tipXFZBT7nOYSLqak3QkT4OnrBhTxaj4+P9w/304nSfPLZx2H8/LPvcOILKVFXUxlzz7PvajH869mWfHOCLXQyR2CvF2Avk9xZH8W2hMAkz13leB2aNPEDkU+FZgImoNiLBwtOc8bv8ChWfMad77HpVxcBVV9AWXmB747+XmovZJHCZuOZvNu6rAjDxNclOyRQUCovWMrTQbeAW/Nvfh3p4jGJzQk5oKi/EDUTbpzpA6uSPTy/AfHdmTVQHHI2j9ru34izna+aI5WNzhASk8lkMplMJpPJZDKZTCaTyWQymUwmk+lHV7mQz/E6fb6Ouh44KJkyF0XBUuzfqCspMlLAb2OKzF1EaYPJAbbdKPEo9QDaWave29q6+puozs54SZycVTYV5gA4+/Y+IxSptqnhMupygpSIAptSez0XYEeZeG0dCxMg++QLntaZwm1cmuKyzFN+K9CGL/k4+tV+X3xO5DdRCriDcLPb3bGzByeuyKdO3CK8gkFtmFKK7JgCeZzFUQb4qDy34ziEIRQowNfpQ2w2FhTGk6K8mNeZHEdyg8Ow3+/2+3E/jgyZoFAj1ZGF24jdDD5XOO7QnGa+AeyzU2N0ljxO80x0zrrmEx/2h6yR+aS6AGr/3TekbzReZ7NxgCWJTw5NIQXoQF7yQbCSBp0gY1NpQQAAEABJREFUwSgoGEryqEME0AMobst2kTp+qvr/9LYi77wA7e4lB6C3Cp6fSxsHPRVePBSg60XZPclJ2O3FLYBLcqvHmV7gAmSjMwtiAoKk0O0eySIGhPwKYNDJB9cwfl5tgHAzhT2BtLEG6pdE2benT+qHgGcP885uSGEUffyi6/CU99O74RiTyWQymUwmk8lkMplMJpPJZDKZTCaTyfShJQ4SFSsRjkLqgNDXrzeVQKxl9yfQE+IJqHxMLAERJ1LKFL+KEOgMeTuA3x7Z4I+u+FhKkgodIHTsSLFmaO4ml14M52BK2fMqxAASGJOwa9xdHptPKIk6tINXkAK7oSHoJHK8TUrH6bSsM6ISH3nfICk/7PvA4T9EGQT+Gbzfh/BiPLw6HPbDKGEs7HohWSllGqCr7zOqQuVcBnzyaOdRhkBpOsNAw00xLH2tt1xyoW3EhobZoJRWmhcg0GMk6GS3G3jA05b4idfQhnN/gwtjDmWVyozQWksRZxYRJ8ucO5BP+Z3Pv5N/kwFH0PShCgYBfFs9EVrxXUvhw8BRUsSOEG5CwToDCm6CtGaQESTmUbzDkNjXQ+46WhXstIOg6SO1Kn/1tIj99ksWpL2ut40TnAvdhl/RJp8a5GKNcqXaz2ukGV1UQqzcFbhwns4K5G6yoFt8fuGjx9W7KO3mnTytdkqgyosyD2RKt8NLZ/rACuNZhhF2/xyce+SUbCVw70WHnPEruN3oCk31jUFkJpPJZDKZTCaTyWQymUwmk8lkMplMJpPpI6sQJ6WWqIVlrMYVrWrYSspwtUp45nTC9hWVOGEPhUDiEyIXvnvoZFN57BCHwkZoeZ0jZJ5iQc67cS7s2Ivaqwa0aDZIucizNotLByMBvvnCsNgghVgVNk9Jp3k5TVNkA49pntGlGkkjrXhxk6HAHAJKgvMD5B+3H8fbYfdiv78Zd3vJj+EwlhLl4/y2YCvzlJtRt5BI1hLEnJDHyRgGkEvz3veDkPeFVK87yUwty0LbvSfghDN58lWyvUl02EZDjnkn/PHU53K+8gKn03yaTrnf+XQv7l4Q6pJFgUJqgoBJwo825iLfQvSkdKjhGINwJPlnYPSEknQSZ+sUvopRo0Rb8kdcxlcuidETLwkzMg49VlJ9iCrI48RjpIaVFD6gjlhjleCsv77Y37SdoYOwtnlU2PEISW5fpo+ShuroqdCJZ4lG6lDiFMCCbnU4g5Of1cPqXN4ePTVFcVZe867y2kxqv5O83zvTB5YPN0/er4RIyQv1LJHnmDo19brkSS4Zqas3bnmols+vm52UQ1G5p+JN5Uwmk8lkMplMJpPJZDKZTCaTyWQymUwm0yeVGnc4jstBcTc5t1QAdj/pRJW+imH0gQySzlM9TrJ8ITN8II8ToR8QtxgBJOVKtjYnYpWgZMW2DnmWqvP+FELPy4h1Cm4Rmv6L/cWHhPtfXtBHVB933ff+qVBKhiFIiE2+6tM8T8tEMEci/weAUEeHEyY4VkbwFaB4o9G5AG50cBfG2914O4wj+3sQihCwBPJUoqCcUrAMJNAlxTWPOGEMwxDIT4aIlTOrgsrWEPbBMNAayd2EWiBPlpgLyvv9uNsRdcInJa4gFfoHLnKLOHDnInDjfCQ3bhq6LFioaRuw33GUzuGQF0lNU6odBrdJOOpP1NER7sMK+8wQ5SuA40PkI7ENgQJHOYJOUPARQofIzoQBEoY8hMqgReE5fEdfSGRSpT8kwkpuga2E7qiclFThcYOY9LN16fRTZqbSQ18lZIjvd7VJgQ5WkTNHPn0UYEgTc9zC2Tr5YTAhQyf5AQE+Qt6BvE9oUBAiKkCQmkmKGWB8DHk/bDdA99vJetEZqeFKW3Odb6IPFYt7R8JOtzZshZhMJpPJZDKZTCaTyWQymUwmk8lkMplM3xJJtRe0mI5XMxDkLzjBH/pDoFIbykEww7CKoYUrNiHsceIBesuKlm7TWyrUb7DX8iJuCZN2cO3OxacXOyN0p6zcgBAbLWum77NwFYIXcIYOysmk2s40DUILAVpTXNYlX3b+NU2ntYyA72gRYVyYOVB+IniKXvHo9uAP4yDEyS4MwWFgEkXjigooAGULsgOIWJU4NiuhLJdcP6b4IgrV8a5BH+0Cm71JnOd5XZa8zfPcjONuGMIwjkPgBCRdCuSSInAJnUIHJ1RDjY4s2VApfBRWiihLcJN5mdhSJTLQE3Z0UpLskDWOY8+diBOP22IoFV3qV877g0dfTc+XtbHSF6qKRw3e0Qz5PIK5w5Kqw7cIOHUcyVfBsTvEFjGMovBKK7sLliNtesVbQO6hchd5vRuhdYg7fWbUU2fCuUYMFOLk/KKeuov0DOB6y5PqD8RQjUuAEQk3yW8TG6KsCRdIFKwDwDYn+a2LxJrkgRFTF0/QU7neRhVgdKaPoh61K0/lem9DYRPbhxsK65s473bbO7gT7QGazYnJZDKZTCaTyWQymUwmk8lkMplMJpPJ9OnFlEhSMw+tL/Y1dNeXpUEyFtqHtdit6Im4ZpzRBq5ZhrgOTQDZs3XDVR4FO+hEeALnOsSh8BeCcejLq9hBZ+VQfvEW3O5T+RjETfnVdT9EnGgSkfRPoRc+ElchKtZlXeO8LPmHcI2Cm7QLUHgFcrWdgnUQOFnF7RzcjOOLw+GOkm1CyJ8noN/MqZDjCBQbmQKDSAoSalARcRhimsLESQiakwQJNsObiihNZ57zhjB4sjYZhoGsaAJRMLwGCgChU9YnrnSGK3DGNpyNvBxIp1vphFlrXPOH+WT7/T74AUCIF385cWczeNXg5Ppcf9O6UhfHrWdOcxtJdefBC1+CmKeZAKJqZ1KOZuMT4B9Hk003hFim8NLhuj4b1mBvZCK0kYAAoAxTO3E/NOQbwwqFRZFlHqCbttRdBG7Tm7bCMxCFzl5xE72/KC4n/9CaxQj5LcElhJsgrC4ReuJhcRSsw1QK9T7me4IjsyjbSfkovsU48smZPra261p8ecqCdxKmpDPkXec18o3cebwsz+9z0KeuLLb6OJc1Z9yJyWQymUwmk8lkMplMJpPJZDKZTCaTyfSJBVK2k5p0V+6r5iWbrYJYgNayoXz1HbFE4TBhwF9Bx8qIeO8vqAIUQuVaj7B+gz0XppmDaaxJfZGgS3VB9+4vxnelVLVSaBYnzVzBlzwaZDqE7EyI4gCAhpvk9xWW4YwcTDGd5pkCY2KcCDhZ8iCMnuNtpM/hvP/SoxF8QNwB3O52L/c3L/b7kUCBBGRbQqcm5gDU5sR7AUkIEqqZRuSgQRE9Xn1TiOHwoQNNBFHJu+XBjoKbrMuae7gy/DGGcTdSpM4wFkJIprhROmXs0JfhK9YWmolB05F6NIT8LhKnDSngwkqRLqlam4zjCF2OEgA8gYygc8+nbTjXW3h8IL+TTnqCPAuCgtSAJs6mSk4yqsjphF08xMsk5d/Ej+SNoVwOTSoSh8S+Ldx7Bqwao1Sq/djcSiqWBc8MTSWtykora667B9wZKIBXX7qru2D73SKwImXruBUJN4kUoOMmoKUagbN1OElnyfvkjV6gE3FGoscAPQuEf0vJJcqoSnGZT5MzfQJVgxM8WwooKwrAuXc9cL/S+Z64aTsbpa5nBUz5JntgMplMJpPJZDKZTCaTyWQymUwmk8lkMpl+GFUvEewzE0A2o9MvmbttcdBrlV9Lf4IYEC6iNcHmdFJ5gh4NOfM4geZFgq6vbm9THKhLBeZoHXUlv6aDD+rbtmctYXZ8THNlKfuIyweIK4mXS+fKf4EBUule4n1TjMuyHqcTJdwgznHlUXCxWkNAK+IqTMAmAbntwbm9H27H8dX+5m5HxAnhJoIY0GWCcAxOI1eSEBolQYUugC1k2iD7QuBsnWMkRShRwA17jZAvBuXpDOMQ2ORkgFLFBbiEGS6ru1isawqAQQ1KfBJQUkpKZGrC7ib5pCHks4x+F9hLZRBURbOHvD9bD59WuL126NCbbaBIMZppSq7sK6X6ISSFToaEHKPDiBD5jqhZjWJMurhcKebLLEo7CCVg59JKAqRHvd3KtngvLEu/zfe3R1n4BRfangGujs5GydWbnxpbAVdyMWGPE+fyz8Sv8270lkmxlWyVKFwKQReydCIxcMI35ZoI3prTIuFPpo+pwigxfldTmFy/tMiaB3UvrOsS8QwN+SH78UTCjiKOBpyYTCaTyWQymUwmk8lkMplMJpPJZDKZTN9GaSmaK98VJsDqldALOtxE8kDY2UIwAqIKYlS3kqvESXfK2sjmb7NhEEuPs2/Cn4WAlMo7wDkc06ATbKdTAqMDTlCjbwCLOYnT7/PrBeoX/CsQU6xEUiKMY1qWx9NJ434kocdD4pH0ILsruiKNANulDAh7CC92h9vd/na3O4QAMcrl+ABCFORBHDSPJWngUBkxXy45dBSOJhaVj3onl0ggyLysCx8SxmEIgbgTCrfhzJ8y8FcqxtAsBoROgA43wbJIqIN5UBcO0pnnOb8V3GQYhh4uqWFG8Ewc0tfVD93Ce1a0Ne+mR5/agRRJgkNAx9AJDA7Z70SylCBw7FG1SAG+gbwE7uhiJXZHPH5cyc1Jm1p7sULpmJKzyz4fBQFU6nHPMz7bQ69GmHj2NamWP2t+myBKqg4SkLU4xlCqAwpbw0S+uMR3QOUUeAkJs8Y31DzHdYrL4tDCUz6a4Kkt6OoNX+5bpuFwiyjyLVFSyp5u9D11Bs113jpY+mTgiclkMplMJpPJZDKZTCaTyWQymUwmk8n0rVENr6k1PuDqXkVP6p7I33N3yj+I2YOiG1h9MqgZr/4bHsB9VQigVDP5f9+MPBy0wv4zbV5+1BfZew4jleJlZ8jCbIQG2Shggf3Fd52MrEX8PFJLpYHgld5g6qRiLFyXhcCHD+BHH27G/e3Nze0w7ihVhz4lAMQLtuKl2FsHFs/cRyi0h4iTAH7Ndf6zOqwklWBacxcJsGH7EUTCTXYjsSBBhpZTewrLcnVQ1e2gC0iCkqqjtACvh0hnopPk33lrbnYYwm6385QgpL4m7IOi5+oTly5poffXhyBXrgg32VNeCvBXTwJJ7oJhTMwZUQoPsSachKQmJ+U3dJgVKskl/A4WTErWPHZeQApF9Tkn/QVDQYegWajw8ahnrDtuBgnLYeWub/hNf0y5kci8hN1KqK+JmZLoOUCHM3Ty28W7KUBE/TSx+Y/Lq8EVYyUoTjK8ipg4iSs58Ux52WJK+O1wv/kJUePNKlznUTkTUFsemTAEfOL2OkdBcPsBnJ2ofNjDJQU3Sdt+pUr66V7OqBOTyWQymUwmk8lkMplMJpPJZDKZTCaT6Vsh4gO0oCgSJw6t55W6dCn5kYdDCd2h14nyPxjfEKMQxjIEYRkKwiAoS9K0D5QX6PCq94niGp7NRXyNlnGSs6M+JNIjjf5B1+3lSlVfOu9anROcpN4ITZOEOHFSNC9DIdcrqEdxNkkl94Q8K1AHSOw6KASEMmRWIj58Ad20dlkAABAASURBVGI4PESQDE9BKcx2eC9nC0BmD6ODHfjbYXyx298N40D7odI5VM+lCxdbFAZCYjG2ULiHMRHqnw+BLTGUYeiuOnc1EWvCTEwWAScO/RB2+/1uN1KPJCJHoBPKGXKCtZSKcHE2qdkrujiKpYrTFB9XzWOIbKGGAufsjOOYG8zNUtyQU9ohTwFAaA2qgwzxMW7riNM5qeiIl43ywrsuJKaunkpRVAOOc7uP5+rUxXZDY5S6xVMK3nWpYXNeuGzGa7zOkNiuprJZ1C77e9Tr0VASHneFlpJsKHk7eqNAuY2goCYgo4CXoJBCJmyfgsqdaAkfB2WeHHT81NmhACVBSi9fbzHPF1BuG5pQis4BWp7ka4JuBVycWzz9rA4mwDWQYYtwJ7wKaGQTCsulJkZ0jxFnMqd1ycs1/8akkUJgWMHHEkJxR9JHbQGiaL1gfQC3/a8CYgWRuyq5edE1XERvqs7LKiWJPOPnc0MewUO9iRxUHsWYJJPJZDKZTCaTyWQymUwmk8lkMplMJpPpWyDhF8p32PVlKe3zDpyrUOqLsbNr4K/Ca3G6liyLWYjAK8WIoeyJjJVwsEaupHt/jTsR14bki/+Ia+RDZQq0XAmlcKmRQAjlErDrkGvIC3MPSU0mINXsHqhX2/VDO+e5lFr9Tqhx4jjY5mRel1wqTzVpoowYd4x9TgogQOPLIz16v/dwt9u/Oty8II8TcivRFJ6BwB3PffWKYKRKlIh4+HQ0BFUoG52EHCWiVDwnlaSo5iNsv8LEyX6/YwYGAiEhMZ+F5yDPWZJCsiIFxYkCKuVTLp7O7rVHGpSDYv7BjI04xRBkw3gFOnAXtenN8muTdLYdu/yarg+yMgsJVDxaypT1tApW65rKoDzVDSycxaYP4GATLaP1cVdr9FeuRnajFxSvU7eJd07toHrv4PUyfYVr6vFQaKB6a0LrImDplqs0jzsryYPb8ClPDITiXGedqS0p94LKytCL/DwQg5PZ4cL2J7NzK2jOTgS93yJ3kQ1wUG9cWTX5kGVd53meTvl3SqvX+x8B3OWy+CH1s3/n8OL2G27zk+j+Ef/Dv7m6b1Q6J86dwSX14zMICDcr9Pl2u0bOD9d7hv9JSCUITB4r8lyVBegLTaWMW/ltAUwmk8lkMplMJpPJZDKZTCaTyWQymUwm0ycWwPUa49lerXbY2UuUpI0ChbhKD4DbwAroNvkK7+qRluW3uENzn7hopHAZfcbIxvRCavPVKoSrm7JXvb5rKS1yMqqAAgbU3SlVZ12pVL7mF/llXAmf8WfOEexY0mgK6iL7l+Au+Nvd/m53czPsBk+xOrkQ7xmOkDgiSNiIAuB0FupwysfSbuC7ayvGAeyFweYrq7AglKyTIntr+HG3y4eEEHb7cRgG8koRhxfxz4Dz0Wd7lWtGBqXkmy+7L/6ezVGbuK9lRND7nTjFM4gI8b6lP+Wxl7P0u1228/VSe+qUOTbwaZehqxgLVvXMzcJOJyHpHhyU5Lxa8bDfSWlSV5UU2dUNpfVVUI3OhOLqyWSMzq+Be5mw2EN0PYaz+xAvXnc2I6XlDrNBCsphg5KEK+Dq/OIc+Zq4RME64FakJJ2V6CcGo1Dwo00XkcGC/Flcl2WelmXKLxwdUV1lvnHmxP3T//hnf9ev3bsfff3bf3H6/f/S9903J6Xl5M01QmvreMR7XTUaeb8p2xzbKMHG1gl11J0U61KUT7/m08VkMplMJpPJZDKZTCaTyWQymUwmk8lkMn3T8lxBl7LeE5xBM2xAxJpzUF7zh9UUBfovrlenCnSud6SATctbVXOTvmWADRtzDRC5XoJspUwOCGH3D3Y6ccUuwykh0ywiitsHl+pRolY48SEJGzAv07wskWJj6Ev5eAHH1FIpwwWalROcG8DtfbjZ7e72h1sOuQlsowIFsAkCVtQv9WvfU70SIkK8r34aYpbBQABV9te4LAvZHwhywvuHcRx2486Tw0RSMqZed6U7+mCevE/qC76VahBvEz4tpKtj3nMepQNfhxuoYTodWYLs4YLV4wCE0OmupB57DVvp7UHeqwu9sYKuhrZc1Din29ldvh18yQGBas2iXJaG3WCZZ3i+J1c2ot4o+PRRPJuuWbgIa+Kf2B02h246pFFPZbf8jm6hRHk65GuyOJw9zkKcsN9JBGAqKd8e3NfCUBXToXxwZJCI78f1tMzHtM6lq6j5O47pKNNH0SXKd451XKJ+zerkAvhyzwjPd6CGUmHlEuojt/5LgIUyCa4CXcIZlmg1k8lkMplMJpPJZDKZTCaTyWQymUwmk8n0CZVLw15qvAIknPkglMJirTCKuQZeywRxpeSPFZXoT7RtCrashmtwwDWU4Z0RDpXzgPN6JkL99nxMXO3GeghcaUgPLF4PnpxHKHuGiYvEbIcqMYzSZaH01hqSysNlfnCDgwBuH4a73f7F7nA7jnsfBoTgKwrATieuDLjn7BxH8IjsEEJwWDgMgWIcYofysP3KmmJsI+w9EydZAx/kHWWbJKgDozCFuHdAm5FiNbMZxs6D4HLk+8n9eqDJ1TZlIVEQUIrCMZVhllHQxBiJY+l76zpmpW/z3afmucCa2rFd54WBgO3ivk6NDOMl4aEg0/UxOlvoDIOd81nlunXjEzdGn2JyZlhxvus2Pqi86H0oUA2MUD1OKDQnIqyAC0Mnc3CTdzMZnCB5nHCwDgpCUgAD7rVMBt1KKS5x4findV3maV0nfl4ANUyDE6DzOzF9BJ0Z5fyQLMc5Xth90iOMdSELayLRYLwAasQSCF4l9z4w/Fcbak8Ek8lkMplMJpPJZDKZTCaTyWQymUwmk8n0bVH7SvlW0L5jfv7JxuTjEkapLgsdl1AbvSxt4nuDAnBxkvK6gSMJoTlk1KgRLLX7rsgP5x2GVtkn6ATZPCSRtYlk1/TwRUNeHGr8TYFOPI/m6GAH4W7cv9jtb4ZhB35ADKC4j6ejJD6iRwTUKYRcUjwHtJQOCeXA9hnsv8KV2mVdYowlmALCQAYn4ziSM4qYqXB+j9+4zmAbMWmQh8V3qEM1F7kyAd00vZM1+UpeIzplPNLqMoOJLwR8COzXklpEzfud8avQMGnD0fCIUVqS4hN1AafnWxl88UchlxmQI5UXas2LC08PeXQOM/zeue3Avesi4OI+vH5EQ0yKjVFx+yksS8FFpP5PUwEYxc7E40zECU6QX+CSfzuMHlcZFV+onATdSQgdIpoq30RrXJeZo6nInAfTKp2OmEK+gTy6M/bN9KF1ButdfH4NM7x48RwB0syboL1p98CWOJEF3zFu8tRScyCUz/jpYNCJyWQymUwmk8lkMplMJpPJZDKZTCaTyfSJdUZ+CPtwtkspR2vGRl9/PPPDcPUr6MVFoxzTTFDctXgdKTIyV7AxqHiu4/2b5qSAAoyIW0et8ieEVF5ryokHraqLNct2EKQdgh04IiRyiZPCdJQ+SWnLNECLASo2J5KqA0yc+HAI4W63u93t994PKW8U/4hyFMgYlTFhgxbGLLx3JS8mSi5QLsqiq1lIZIeSyOVkniiZJwQiM3zY77L2wzCUymxqV1ZcaVw3+2XMdWzqPKYSRlQvkumXzQrJu0lwz9mEXiGQrg3a2UccuaJsj5yQXF5ArsvDRfSGq+XoaxJ+5amTXoj3xEZKaeOEnHhFTnSPZtjwlAaNKZKcm8L3sDeOxuNw68735XtoENTz5fQ6/U99XnZzz6izaIGKwwgqBXwXobr18AoCoDwdTDNn6BBr4sTjhKCTCGRzIshAut4dnSoiTtZ5mae4LgQT5aVJA0Lz5IsLjwBGaD4WH0t45jrlzg1ycGtUdV3vXLW6S10gecUkPkTgMiXm+KMkt45Ym0BZIczlIZujrJLgZTKZTCaTyWQymUwmk8lkMplMJpPJZDKZPq18zz1cFPGeKzACdKVtLipzEVBKy+mi+liJAcSOFegOL0AIbG0dtr4P7NbBrh3bzlDNMpYdpO1U2YqU1FBCPkbQ0wgAwJ0rPUjlWmqJnIwZEoXpCGtSIAYsx9WrCFAsRdiFI1fxB3A78Ac/3A3j3eHmZhyHXE9PiZxLOCzCOd0Z9Sv8raia6+5CXXSUheAQmkQhxhm5cL+uq8PVD54HGXbjbhiGQPRJ7vyqBiagLEut/hdoob2WPfLuSXN7UN1B+no0Ovc0t3EJkZx91NuN9BPdQKVicCLXTlfhvXS+9VGn572AhL4b+F5mJ+eFc5lRPh8vRf3zfAukIZSTtRo7ErtSuSLnmscJPNWMHPj0R19PXdm/tAleZgBkAfJJUgk0SuBWwMmlyeOCbvGEm4jByeqBiBNgQkXWKDa/IMfQAGrQlI/LPE+n5XRKaaWtcjtVD4tyVLntvTP9CAnf/VGZ5rYAKfOMntCpECfsdtWsnWRnDptyJVMHxf7ImCSTyWQymUwmk8lkMplMJpPJZDKZTCaT6VuuJ4vbl8X7xpEoXpDKnvWYgNsWu1gWTVSA579v/1wncwuhcQlQ02I821Ks5NjhvVTBnXqfVOMTVw7L1U30hdHguIc0L0vxOCH6RL5kjx3BEIo1iy+JL7k2OtDJMCS3H8LduHt1uNmPw+h8oFQdKqXnj/k/UBSnESepH1MOZynuLFzVp26QEUhkPiOukVJ1duMYPOXOhBCEOKmuFdsRTc9kYcgM5ta8a04cX1uNVrn0xYHmpCKfVpSn7pavAorvTektFs4pSf35G2AvLnpdu9mRRa6sZR4f/ftuHGJglxrETQ4JXnYbLl5sJOvZg3t+tycF77G9Y8fo0mV988n5DiLiBN0MafLp5NJC1iZEnKzMmqxkcyJmOmLY02M7+sJzq3FdpuNxnWdM7NZDeTsRnuRtvvnpNT0pKNZH9e37CL/qPh1miPosi/xwrYZOXu1upEf6jwo/FjknTDpXETw0sxOTyWQymUwmk8lkMplMJpPJZDKZTCaT6VuhVht/sox4jg6UNBYQdwrXuUpo2Rna99pBExL0LKWFLpWmN8B4n5gG13WnR1s6T5Pi1kGviVPg7cX0o5zLS529FUOTuLR4L5TJsizscYIRixnD1u2jECcaPUPJJCnXR3FA2Ht/N+xeHQ634zhIfhARJ8m7QEcycSIdLcE62KgHHTb+nKkX0LPnQu2ai/VrXJE7RYgGoSbEmnjv898emODWSmxK52vB0Sk6/M5topEStnCcr4OeVNZk62fTGty6j2iITz+Y3ucLgp4G2vjw+MKdlC3fKJ4ggyeTXNbx+RU6fHeW0JCuOTFc7eolwVKZJsG4AD8wg9F5iiBbTFCdH+RKYaUwnTQBHjEdPUEn0VGeTgTILxLfWImtTGoTCgehWqfQql3XdTrNpxOmiOw9xNFNfGoGVeoF5nclWcm4k4+pDzDa2ztAnkQ1JYcsTiIvhmJwJf8kSKKV2FflffSQvGyc08dW+dy8Tkwmk8lkMplMJpPJZDKZTCaTyWQymUymb5Ogfg99s1W5kJbJGTHqAAAQAElEQVSPcDVF5XrWwaalRpyUnfFsv0KcOFc5CYRtK35rDQFbiEEhE6EYJAsnv1rFu8EhNIKBr8J32TNCSPhc75Z4B0dF8mlitoOjHzSKhgKJvFNKxiu1Adpe3oL0Xf0B4cYPd7v9y/3hNuxGR9klIXg+J5uiBDp3hxbEevnQj4NzS4yeoRb1BVhXqtXSFa7502EYxnEchjAQcAItwqiRMdskFehelxnpiRPoZhe+XtF/y5S4jlLCztdEQJNKmchvp2YH/vzUWLkIuRzBQXz57BurPctcF0eWQk6purFL2F9dg5s6DZd3BGBnWKJXmM6gp+6Oap36EPgFXtvC+AimgvvkOn9yeaGlCdIR8eTzi7iCi0DDFMmxpFxWgQDkZQEC1MGHHHmm0zrPDBkQZ5B/C6XFB/ZT62rYFHyAqzZd19lN9D4D/8RN9/yhnLxGE82P5sQpaM5DlT7AZc+zDK1ymzGxVJySnMlkMplMJpPJZDKZTCaTyWQymUwmk8lk+hao+JFUg42zWl7aoh7bY4unxfUmr6nLTNFMj76+3JuRPK0rLUsdMlL0DP+vdhQCNEBM5ZSIxDeUHvTEQCqWLcu6nqZpWeYkFX9QOxKHJdyhdFhJD4ZRgImc4P3Ohbvx8PJwczOMo/cjd5eDeBCCMhVUYI14NiyC2JRkmmLWwv3M9frcnxhXNo9QRCM3H8YwEM/i60V1w9vBDOXqu+FqW4orDEKzsfmaukQxarP9ifqrFl6mZ03qDgL0qPdI74fRXwt+w3BCOfuZgwn256rbCxJy3oehA3+atlY2hSaBK1dVDGPKovj66g5mKiS5FivFWVF6XlQLCepVLuyvDihAB9NMkTpugnTyMb+IHLgjt4K4+1TGpGNN1A6GvIPymp1nTtVJchsJaNStz/aw0FZA7zNn+jj6Jm6h92qieyiUE4PfPFHbrmfpOXw70uJNwpuIK5PJZDKZTCaTyWQymUwmk8lkMplMJpPJZPoW6TlSRAVndgxXiBNA9z4VyOInQcYfcFZiRolQ8Ve6qEyD7/rccQES5YFpjbE4k0gNW/0z0iZJB4uLi1Y3vQ+5/Xzs8Xicl7ldKXdOS5xKhTRJ/33KhxN6Mjh/COPd7nC7OwxIAT6DF0MWYneauwoHj9R6vWvQiZqVSOrIGLhL67osUy7fsxsL5ekQcxL8MI5DUGynNZIvLcXS6yu2NO8Ufq1snb6a3LunyKdicCKIiSQByYXm130jG6sWV0gEbG44cqr+CPf+PYR3GTF0PIa4baB63Ki1jW7XP3XMfZ8FJJsHse7AbVdRCSDd6p07Q6zOyu+gFiJtB3/R483fOvSuEhz97UFZOAIY6GKGUMaYInJ40fn80QJu9jg5nAPO+bXDBV30fnVpzR97GSS+PbDeqFFuE17ofEMltyzLukzLPOf1m5evp7uIl2ZBDSr4pVk7nryCdBA+OnPyc39t/tmf2e1H95Mm8O0mrPfs9nFR13q3DSso1G3q1h2Up7PeHuxs4nSJ0k0Q/IjV1Eb/KWEHJC9P2/LcpUXreckC26P0NJ7JZDKZTCaTyWQymUwmk8lkMplMJpPJZPr0YjYhFVuJtP3wybrekxBDrmTDUF72m/vXmsPRl5bLa2FQfC2ww5VAn1Teym+u7/OnMeIa2cABfLOJkBiQjmkgBgKcZJtE5RqoiJ6r5NM8zctMrie+8B+RDh5ygR5coI5pDAT5mjC8MiTaHhLsfHixu3m1O9yGkYgTxk0iHSUhMq5WUfWSOPmHAntytZ9yTdgNRftDMSQUYpJS7tW8TLmF3X43DjS2YfADV4rJJYQ4AizWFWvhFuBstuhccD5TPSPCZinP1vqhQy2eVs8k9dYmvghqns7Tx9a3YiBzsQ43x1ajBqjmCOLaUZuh4wOFxZQiOHNA1XmEWsO8bIojjKxL8f84t4FAClFyBUaiz5HK546RIlo2vKiGsyu57iHzTlOfK1f+vsL6q0sGQl6CKbV9ZBzyGs0XH3lBRsAZiDiZQsq/F3CrwzVfGjmggNiQsPkPnF2gcABqC+QIlVqXdZnnuK5pXelGo4GWwfMygL7enSVeCoS7AveVeKIfUn/qz93/r/7024dHHEf3T/zWF7/zt71yph9SJSrN1buaw3HOOEVeNs5t7/yyf2PMAIu9iYTy5GdoMujEZDKZTCaTyWQymUwmk8lkMplMJpPJZPoJFSh8QR4hdYuWmVtpHp48tqhGNEjxMRFxsi5xlcK/IibVWmRbn8Ri2ZJKfgvVMvPhy7wsC7KjCBEP5SivBhT1/yJGEMh9xMFh3N2F8XbcH4Zcu/bchh+C9+IH4NXVYusVgMX+Aq5drGPiZF7jSsTJbjeO4zAw++K5WeF2uvyaZ0f9IsCiM1lxP4TEwqR3W5GgIh2hEtwjZjPqGXKNOLnadvf7XXttBBIm0z6C5pMioE09DrBwKagciBrcaEgM8jxXsIXpHR+0eO7J6ARlX4CozRbqqvWwm6SKPn3QDJnaMvZDcCFkixJK0gGMlKfjFpdmSLPH2eHE29dc4SeeB8ogVTsL6Jpui4mQgBjjsq6UCBXzfUWYGCqMUk4rsVUobkGghJiCCriF1D6o/sSffvO//dfu5fWyuP/1n77/d/7i/D/4J7/78u4916jpmrAgTYUXqRCaTj5cWTztaFRfouJowlyYmOgoWZacyWQymUwmk8lkMplMJpPJZDKZTCaTyWT68VT/nXX6ta22a4CMECebLJGrZhCdoEv22Z6PCplU5Y6rWndAsbNQ7gE2Fh0lDEUAAYoISZTIE9c0L7lSvgpxksjboXmxAHMSbMLifRAKBTy6Mb9LOAIcnD+MOyJO8mY22vAgTiS8X7lEcH3uTJJwFnF3gHI5uS/0lf4Ucx9iyiV7HHe7/eEQhiAGHdwQSkkXnhirOjh1Jq66b/zwEooodzgPXe5whUsuJ7TwRhsG4xvoAP8u9WzZoqYlxbtEsKJCxpwRSCi5TKg7FsYEChBU8QpZzhjkvQYz5QsPw5BnK192GogtIvObJ/u6uRm+QauGjanJZmtjbUD5JzXTob4KcTLnH49LXnGDm12aiDtxC2D0RKJElLGrzAggbpABarVsySuWcZMl/9Atta6Sh8IrHGs3mcBKSb1XPGNh+ZdXpsvBx8nX+f99EStxUvXv/cX5v/FHfuEP/d7v/exP/+Rl7fxQosdeWd/OKWqSqkMJNsqL/+oDohJg7XaQ1SZ3NDcQhWTClCSnx8NXCAwzmUwmk8lkMplMJpPJZDKZTCaTyWQymUzfKgn8Uf0a6kbXYRyXO1eDE03SIN6ia6H4djwDRlz9CKWoSaXuKEVN8J7r6QUUQNc8FGpT9TfXLikIJCtRaTOBy23Rsb6wB4KXlEvQ9+zUMiCGmHbe34bxdre7HcYDxd0QlrAb2OVET++EWBETBy6+c94Nj5fnD3NNFYhWIWOIrLhG8mEBCD6QwcluCLk92mFlTmVjLeG26qCWMm5MVPQb61D/sPAH4yYy/sTrcK9CCPUsZ+ukdembo17quepJ8ijy7KcKoSB6GYW2ULf90dWZoO6AZJPjhZByYljDhjprQh/8MOYpCfmqp2VZY8yrLv95+/bN8XRaid246Jz7WOrwk0IeqWtEsdpBLP4uGD3lP83ezQ7z78XjDG5CNj4JHD0FmmRShgxaG4040fuLEKllnacp0gpe8i1J91LvbiJNFC+jtj7kueCFSnOVTfvQ+rf+/ePV7b/w/fTf+iN/+/f/ru/85l9/40yXwqtvNi8UiGvEiZoItXSra48GPRr1UZnKs4xzrvJKTDVL7GPeUyaTyWQymUwmk8lkMplMJpPJZDKZTCaT6apaJRk3ReqndDUDpm7EWnt253QIwMbIpEbVnHXmKXeDVpcsFW9Xqt7INc2VvUF4B695Ou0L982moh6Z2Fwk/5ePIuJknhchJuS79XoWZUw8eXf4GhBDgSoOAviRiBAYwN0O42c3d7fDbu8Hz+XRYRj2Y+BTRf76fyVgSsFUKIACg3ARP62JiZNloXgaHsshhHG3G3cjaEhPcp1ZB4gnB+LZsGnRXowl1OoDK4nyVK0WL9p5Rj3XkkdOtsj45Gu/3B9Knbi+/cZLxtwfaGxNW416/XVM+mI3NgLG+YKoYO0sUIoHZyApT0VGC97nSUrzNC/Lw+PDwzH/f58Xx2mZ37x5nVfiMI7D5eXBB/B4eU4F5uDXrhgAtRChfGGrwxVx8bB6t4DLL2bvJpcW+ihJeZ8XmNwsLWJIxnZDC/AbXr7zOs90Ryb2pVAHC+XOeuopH1FjlgD5FvO+56Lch9d3PwtPfXSa3B/4Yz/4Xf/I+tv/wZfOdKHN9MBVcKQ9oTkZB6svU/mtd+OWhisPInZJ4edMAnmSlgemngEtYcdkMplMJpPJZDKZTCaTyWQymUwmk8lk+rZLGZGvCCOAVpKdr2yBGC1AYw/w6S+6nxXl6w5arwcJbSgUBSYyVMBUsZTkWrQOvVfDEm6By5ZRo0bo8GUlX4asNUXwg7TDh3r5Kn5tR4kT/kMeJw4G70d0e/Avdjd3u/3o/AAY+KDAjXONvRpCANf53dViOldXySkkLmtkhmMcSPv9LgxDCCEx7SBHN5sTKeyeTY9mUhR7CXyvYJ0KXlxuxy1DlC8wsYjz2frceJY7z5Dp2i9b39/pBN8vQ6NfJJXI0S0VOtJRaeNV7F9o1gN57yggJUiG59wXcr6hdI+4spVLXmxf/ODLI4EmD8e8dOZpWRcnV03IBC3ReZ2Hq9f29XCTdx5FlyFrozlAQAShTAp5hNxJwpZ8zDOIxFthgAlwQjwhJewsmF+76N1K18/ojWdHCh906TZqCBkyArHroVOlROjWdMy/I8UsRTpHHtLtwpLoJXL3cZ0DEA+0UwcWuQbv8GNAJ7/519/8ul99/+//B8tTO/yJ/+Pbn/+byz/3O767/8lI2nnPJXq+V3W8cfVxw/FJKQlzIh8XkE/+fSBY0LnmeaNNICU0gTijUKYOsi/Uyo4pEeqtTrZWBp2YTCaTyWQymUwmk8lkMplMJpPJZDKZTJ9Y7ERQLB36SmJnRSJFeNRCvu8+grOmNEbH924WfAyFwqgNRo8QNHCEJW4iUImV1hfg6Bwy+ah5KXJG2s6FyaTBKWJz4rqv0kOJBqEthEoUz4dc1lyWZZrIryJqWRRL8IeXrA9BKMjXxPtAxEmQb+bnyxC/k5txuBv3t+O4G3ygRJcU8o6c9OJyRdUXi4mo5XS6Ak31cXlQfDFUYbsW8lyheB8yCwn73Y6oE7LMELsUcYuQcUt8djbgYP6k+Az04IUOgMxG2bWNfDWeaQ40XB52W+uB6DZzlD9a5yQjKUvCg2IDlTipe9aF5La17Jap8m6g5Ix4ufhYIKfaYc18oWUt5hwC4HinHhviWUPTzS4biUbbsUkO7g+3+5vDGtdpnvNHecZP63ycpoeH+y/fvpkXen08HvO+cWVPGvGnITuaoQT3ZZvPWAAAEABJREFUaHRI3jq4jygt19fLF6xGe+Tq3UpOER5yv5c8r0BravFEnEwO57wx0dvoIIqzBLNVvXNMnUDxn4BmdZLXZ1yXOQ/POp/Yc4huVw3I6byPKsGFpX/cbvUB6i7ovUijb0Z/+Hd/75//l7//H/z1J7mT/+u/dfobv/C3//Dv/d53XnpnOle9RcsLYQLLjNMzBXRp9llprqPisGeahDXhRjiWJzG6dB7klhy6j+KFYzKZTCaTyWQymUwmk8lkMplMJpPJZDKZ3lPPf8MdXEM5nm4BaolZy8vgiueIAhxXLTdq+M6FaoyOelJIU5w+g1H+tFQYQCiFcn3b6vFUBPeeXCuIN8g7+mWep5lcTmJNacDSp22Sjucr8ZLcw/QJYArO7QB2fjiM4y6QswnbNZSKKEdH9EkqSiO4hofUC2bXkDUreC+syzCEYRxDbrbgJFB/M0pRI4CKi8tTRfpWqnXwLhcDuGJpkxhLkgPJ52NdPXoVNNG7rhPdSvihVKb+qU+3kA2Vt3UKaboLLJVnPAKOPs8YrnlqkqIOEZjFCT6Mw+h9fvvl/duH6XQ6HU/ziRCT0/FxOj08PEzLQlkxTCYNw0g2N44CltgIpKSAyAjq9bsBvonr/+rSdZI0nwRw6+uyMmiyOP6BtALMgHN+neJKWVN5sDyGerODmKhovk5/Gmk+b2c/kjWuy3Ra59OyzPlWo3CrkiPVHUI3iKAwrvO3KA44lVGSn4+Hd7y88//T//ZP/aF/5ft//i9MT+3zl//a8l//n/zC/+j3fvfX/vKdM/VqwTo9eoLQrKiwTG//iCihOQ56L6UacCZ7QB+hdkaovfvfI5PJZDKZTCaTyWQymUwmk8lkMplMJpPJ9OnE4TfXNz8BAUCXmaKOI+X/97a1aJBB4TWSGiO4lpnCaAGFd0T5PrwUqYVy8HI+tyE1uCzabQSxSJmWeV6XJVKWTQFi5GhQ3ASYL3F6PcH54OQFGYjswe/Aj/JD5yDPDCJSyqW45uaQCoKDrnxj3zejF7oKiaoZiTKBEEJxDdEYoO5aimWAmLIgwLXKq8SpnGEP8ESkzuY4h5c7rxSWkur+nrsnnXQNG4JqiFJn/ekTfdNCHSZdEOCRfjj0JX9Kg+qXRPYwYnvjhyBXmzflSzseHyku5/Hx/vjw9vHhOB2FTKLlsa7Dbhx3Ow9j0hQn9e8p4IWYqXQuHnyt151OLubgfcYFvlpxPV+5867ZvKjyQMRAuTnkawJxAreAJuksef15IE+bPEC+w4USlvCmbjp5GUvuiVzqukzL6cSpOpEoAf5Yx6YcQgseBQWSvpWlA80KRzrfRgU+HneyH90f/j3f++N/6vW/+mcfntrnB2/SP/NHf/H3/c7Pf8tvvHWmc/U0SSR7Etw4WZXneNsdXI3+YlxMN0d5z+ZQgqxEtjxJ2nb6wI8Sk8lkMplMJpPJZDKZTCaTyWQymUwmk8n0lVQzVi4/ki+gF3MR3b1mJ7iL44rpRQnzELOQvjFSSrUE2We7uEJk6PfZyYxE00u0A955gk3Y3IRCaLjmrd+Dr5QDuFYx57J2/iw5LdrHuCJTCBShshBPEFOEoIYd2Lk5ePU1UZglMHFCDEoulUYXAuzDcDMMhzDcDsOOdx5yO2oLISX/CnAUrxUhAKSiyp9FLs6uq1AvUFCTxnNwKRYkA0kQFKipJmwRAQVLOTeVaO4n6lOCAmBsw26gSz7RPtL++pZIE0xCnBATQzEywxh2AYY2Ypt2LpdPeyNnde+njYVJ9aF550G6lFjecyqHxt7k5TOMFKZzmqd8LW6h3KN5Wd483N8/3r9++/bt/VuaiLwWgq+sEhBuMjoOpaGekBENG+kglAHT0/ra3YTiKPNR43VKX3SxYTetfFMBmb14mlv2NUlHjxPgAi6R+U+u6ue16JTfYtoKyzJldoQhG41L4TZRLpvWwDLPp4fHaTphvrv07kXQfUOBXuqtpfwKupJj1UlQNezvmo+r3/2PfvYrf3r4o3/y9VM75BXyP/4TX/7cX11+zz/2mTM1qQ9Ve8w5df8pd/IVlq37COoWPiK5lHTlKpNXkBRsx8KncRIymUwmk8lkMplMJpPJZDKZTCaTyWQymUwbPV+567kBKfM9VeyrGz1n0VCJm9NXzqwcrjpegDpHABbfEilbIhev+zqjABhch1SXBclnqLwLQukMNHcUdM3vIbGnyMTBOqlkAMFVFIOdTprHSYE8BoCDH253+7vd7hCGPcDo808IgRJ8MKUL94rO70FTIpLAHQ7FXIJOl48fhoE8KsTjRHrCLim6D7ayvdoDyC46OG573vMiL7gaQvSk5Qm66GuVl41kEr/IfSP2go+iWU3w1LKB4nbzlFPO+6tiD8/t0F0LCl0hfidlpBhVotCYGJd5TcuyPJ7I0eT4+Hh/ejxOp4fpSDt6skUJhzE3EiUPBJg+cbpEYjGnUXcGcTvBehJaGsxB0azuhnEYx+egE9i8fN65AS4ta2r+SMvNaUFSfXPa20T2ERyd4/0CaXY4e7c4t/iUPN2yHSiiq7Rvne9iZkEA68lYaV2X6fh4Op1SpNXiofUPyBDItbtJP/OdPQ7fXHwjOI2v0kWP8D5hXh9Ev+0/e/d3/tTwB/74Fw+PT87L/+H/8nB/xH/2t3/uTBspIIbKA25X4rXsritN9McpcdbaEd5u06zJZDKZTCaTyWQymUwmk8lkMplMJpPJZPoW66yuf1VwkeFChX70FeY4A016wqM5nThXuIrWGnQVeVRSQ2GI5iICxVZFzU6cqyYfbJqQCr+SkjArOLOWZfFDqI4dpSnU4jfH6xB4AJ5tTjTIJtfID+NwO+wOYTwM4x4INeHMHSqVeuQKPv9XcQCxcGnWI3QlUSEP5jkCRepwMT6fy0MlTjpKhEr+XsJGZMRy3R8LrdNlU5Rxa7YiajzRmUpcJU5qzEXk2KKUOF6GZ2UcR6CugdAC1Jj3ly30I6nw0NYFx30VVeKEW958lJSCqG4jOvvcZeTZy/sk2TPvtcb08Pj45v7t27dvHo/3p+mU535elzXGPFlhGMbdng7JgxjyNKIvq6HnrRzTEqAGH503g/BMiR1okIKHDoebz1999vLlqw10ArrE3TabSgxEfHmdimOKvJBu5OuJ+gGWobmotkNdXdxJuX6XyOwlOorRmR05nayQpvzjcM4bg4uBWBt0GnXSPHnKoBYCBcXthAZWgR7IoxfXdc6DOS+YVjb4obtLeS2+F5CMVLxCSIlWkVAE0OCUqCZH3XJJ2g//qawsfsN/bP8v/b5f+t//n//i3/iF+NQ+f+b//vif+U/s//6/68b9eOjMTeiZYKOOAHHqxSRsYCo2J0ksTmSHbXhSPZAWRWr/MKDgUfyE9ZGWExbzlOaGokiiOF85uHYfmEwmk8lkMplMJpPJZDKZTCaTyWQymUymT6ta/hZtHBaq/8fZMUjl5HxMqRFDqhYkmrcgbaIiHQRysFJKEl5TW/UucAE89V9nT9VYgmJxohAnCSWwQwgXrt1zCRSKuYOCCVy8XONKddBcJU/kdTEvS35LqIeSBeISwXVMqXiLvYmkrADSSyq54wD+MIx3w+522O3H3SAnFmuN3KDSCC7QkSgDQoSMhNwwaMLkDClfhwI3zLfkvgxe03WKjwk2rkGSh4onSoEinJRu1RhAsonknYfOigT6yiyIJYbEm0jj0iKn/LBTh1jIoFA3NK9h4N0gJmV6Al9oj5ioBU53snNvju61XPXWqeNsRTXSiC/Q8wAmIYHyAvDgCatQKw0yiXG0fc0TTVBE8Im8dtyXb15//wdfvL5/+3B8XJZ1jnP+JVMfwhBudsFzlEwIRPRoNIxeRX6Td5KZErhngGEYh2We80+eq3Whyvi42wkn9DO/9Gc+//zzm8PNEIbdOI7DMLhuIMrQnJlnoCs3gJP1v3mhByKTJyWm5rrRkN5xHvItlUAjkqj3CKt3s3cnB+uAa8Ap3wOQVg9kagMEqah9RKqsVrWa4HnSuxmF8qEPeSnHNc7TvC4TZVZR5JXrTCjklpaJll7X7UoMbJ8jbQyg+R7Bp4JOsv6O74V/8Z/9qT/4v/zi3/25+al9/h9/4fTjA518BZ398wD9o7rcs65wb+/AFWVnL+QTqj0Kr0vmA9XpJFUfJ4lAk3CxnqQzmUwmk8lkMplMJpPJZDKZTCaTyWQymUyfSrDJ0HBbRuG8wN3tXEt+WJIyXIkiUeMCJ198776pzgc2BxSmT0rFUmqUvp1ODiTUwFNdnC1O2ONE65QMHPhWvE4oREvLBhHIJcWUy+ILAQlIJh65WC62HLqL671VhkqcsO0KUk3eczHf7XzY7/a34+4mDPn1wOkhWrRv6SYg5VKmBDbXkqT7ZUfvPRucQGDWRH7I56QyJPoKN/NQiq8Kdji3SVnp3SoUaFD3EanV+n42NQKDmo4s2cdx33SWNSBJKsKOQ2TKsILDp2rK74EKCFID6kZzzQgHVeJrIlVmx0AF4S/cOVkMefu65kUC0zIf5+l0PL59fDjNp+M8H6fj43TK802j7CkiCEMgKkVMZQYacjVTSJIGROdO7NlBY0VxMT6Mo9BHcV2nZcmn342725vbV69evby724373M5+3N/d3OTt0h9ZxUO9mMqS4NUiOeAzI7Uhj0qDEoG02YcXXQTq+wrkbkI5Uh5XJJuTCdwMmF+smFaIK5DbCDrAs5WjlAsZ61Q8hhZQwtp7Gqt8D61xmZf5NK3rkvKNVdCtkpXTJrOCJs51N91mB9ezSjLynxw6Ed0dnuvAL/ksOBNb4BRXothu3KfD2GAbkdP+tZEbPiZO9YpiPnSRsAVlZ1f/2TGZTCaTyWQymUwmk8lkMplMJpPJZDKZTN8WocM+PeHpgl4pHxfngj4xx21iVrpj1PwDoPdB8K7kKvD54/lRpV8x17bXNXXd8o04Oe9oyYphyiTFJdJP/n9h7EPyawihwBrUgKXIHSTmRkJ2PEEhPiDBKOMwHMZhv9vtfBhBQAIxxhAyQ91HoJpacLqIlPMVOolRHUS8H4bBM39DphtMm3gFRJJTl5h6ZWVsLqCF5ijQ2aKUEWi2KPBEng73iE0rOE9HLtyr20qdTpBuQEccdXXibbPb108tn2qFwBes8Em/N7pi1VF+2HAlz4PLHda8JHBrXhKRej6v69u3b47TaZqnx+Px4fgwLUsYh7xE8s+Qr2cc2UwhBWyhN4G4ILLlIfcX5oxogthWBYrNjafZ9SNP0W54cXt3d3t7e3M43N7eHQ6HIVDbAcgCJe+RD5/nSd1AEIfqcdIJLgbq2aGquyShoIrdCWfxdFATD5n36N3qcPG4kL0PJo8z4uxx8hyvAy76EpDD3UTXpZ8UCEj7qTwWlMQcnTiM67Ks9P88JcFX9BqklYpJSW5PwKt2Sedj0uxeuAuhdOiTIQV/8xfjf++P/eLfejpeJ+sf/s/duZ9E1blWwxq9nTF1xlbvEOxYfjcAABAASURBVD/pSiPlYYSFy2OPkyR5PdImP2I9Pz27u2VL0ZlMJpPJZDKZTCaTyWQymUwmk8lkMplMpk+iZkaSuNYOvn2kMS5wfkRXJu+IEy/1R/5J4K/YV8CFfwFqeRG3Hhwd+JJr+fS9d2RiwxXjDWBwZMvFbOGKfMSa0kKeDJHidXI5U00tJONnc0mMDrCth6SNIBEtgw9jCLvgB+d3PtwMw37MbyHkenqu54sjg1TZwQX1ySiXxzk1zmlQixAn+W9uU3CTwJhJvobghcSh/TQOiHxTLku3ULkTD81GRmcENn4trnPE6DcKcCORMZFxDXKB4YH1voTpsAWLK2AKDQnAtY7Iia+ooil4ubH0Q/6mhIo3NIapRGlAx50gJd2E/UjQyawmH2/u7x+Pj4+n48P9/XE6zcs8cTyQjM54OOSZDENgPIOGOM8BESgtxyOp9Qt54aw8hrjO87oswfsxH7nbv7i7OxzytA/f+fw7n3/2+f5wkCUefIglaoaClPIym6fcxfwCIrJdDV3M4DoHjzYreG3Q8Oo4bUYPsbM5QfGXcHKXyRAmD6vDGNxM7ia4jC5f1uzI4GTxsDgiTlygMefbGhvp0U0nG8lAe9+CjtgCJi+WPEinOS6L2FpwG+hB2SonLbvz8Jyaj+W2gwJqElSuoruDhAtzn0L/3s9Pf+B/8cXDw3P8xD/6D9z99Hd/MpxOtouzTUoqnzN4xPclQoXjulv6vD1sDwdELIhgU/lXqSEshVAplKKsnHd4BJlMJpPJZDKZTCaTyWQymUwmk8lkMplMpo8hwRUQuyKgbH8iWEeDZ1x7Bxu7ESzNNO8DcfFobiIge2ix0hWDlY6T0BQZLo9DCaZxudiPZE/CWAgorICtSF7sTchghAqg07Is60LxH+zkobYm9UpL56V7+ffgPSZ+zZv2YdiNwwgw+rD3RJ+M3geXNP6GPUsC+0N49H1FvfRcrgRX5l7yxYYQRrLEYDMVZiPEVCP3l1EIahrKeNSmqtlJHS6NMnK1Fot97FE/j2dvs8QaRPN0yjTljg35vxD4qjp4p9jR9CPmnPQT2px30+96qxyHZ2YcbR+JSFKXEyhhGWodw4CDvAauZdOYH6dpjes0z3lav3z95eu3r4/ktZHyFOfhn9eFcRPihPwwAEFPFe/gWnUIGCNdjyyFXDxPLtHULLn9PC+7rJsAB/fy7sV3P//uy5cvX716NQxjXj75s+DVfYNq3t6PZWVS/lPCAD5OS8kiorAegk4avtXNDfjikbOdmGfUkyuEuXjH+SNqCCPwSwJHGIh3i3MLwOohdycPz5zXn4foIXEYVBKgCbsJwvM5rDBTiXrikCNey5RTNS/LPFNKD4fwJIbG+GZQXKgc6XpTo0JFtXNvzW2YDJIbuhAndd1/ZP1r/8bDH/2Tr5/f5x//z9/9nn/sM/cTpPp8Ke/V5KrYnKTGiwCcP4yuCMXNiRYfHxoZzYu80hJRZcUNSXdVqAngjGY0mUwmk8lkMplMJpPJZDKZTCaTyWQymUyfWklQBi4YMgJwJY0FthkcFTfomAZooImWk7FUnLlUzwYb/BZrS1SzvyIuOgpqkLsXGbYoiAlZiviaMSLUhXInHUxCdcxcG49kc7Ku7OehX58n1kAjfqj6L7kqjnxKSvAPDCB5N34Ifuf9fhj2gWJUhuR8IjeYgZoQO5IE0pwTcILZk1KzrxE2iSJsoqemdmRzUpJ06Lygg8bcCMVK+Is6++UYyTFa9mWTEndR4a3QieA+nKHDgABLLE9A5pMzYvJ1YJkvlAEVhAKam0B3inOLAbjyamOEUsEJKOABFP8OscEQUAclbAOccgy8KPP4PR4f37x9e//48Pj4eFqm+4f7Oa75UBpPMo0Jw24XxiHv7nmxydLKvxknCuyN4sikhmEWz045yIlC++Fmt9/fcXDObrc/7PevXrx88eLFwGk+PCfq45AboSVDgxjLKIjfCZs/cEIPci6PwENDR4o8WYCHBtycjVgJ08lTVQANLuknOkVJJMqHRu7aShiIX5Nb0M0ByeDEwYnWHcS8WxDrGNSJ2PBhm/60u7M4wuRRlJs730brPC/TnOLi6E7gi1dICLF5mZQbQuVL4E5ZCbqu2DQDPLarU6anjMwZtPMx9Mf/1Ot/9c8+PLPDMLjf9zs//y2/8db9mCu5ZkcCmz8kdgrqXHsEZONVUfdRzPC8YV4s/HBP+nwk4oSf+XSnJfoXCVO/OqHLCeNbms1OZI19AirJZDKZTCaTyWQymUwmk8lkMplMJpPJZDJt1MfWcNxJrhJTlZ0MFbYASqEyzj0uuHSoBUFXy+tcFOwBi95MRVEDJ3YNjWpIkhyi5haMSkQiTjiIRgJBGIMo7htKuTTchXoSc1E8rgSdsCEEkQy5H7l4HpHbYbOJ0qv8SXBEbeR+Bu7vSL4fQy6ojuD3w3gzjkPeJ2HeFIh5Ib8I4CZDPkQydhiXELcSyRDiWn0imxUaExyGYTeM+XfwUKNkuANR6/+YPEpA0fVpqtcosE6p68OZqUQ3I6kOO/WE7VZiyVaRaQlE13i4Ep+kSNFm07O2E+JMsCFmiO3o++8q0qJxQNwPZIrDsU0GubBgGU3vc38fHx+P0/Hh8fHh4WFaZ84DogElWxJ/SEyosC+Nd8ELp+DVO8XlZQDsjpNHPR+0TJSdM4Y8DTQRN/vD7d3h9vbu7nBzuD3sxjzbfqRoHMZtIqchiTcOaiqOeLx016jXRIMTyeyEKSAaCXaMccO1an2/2nnm5Ba7NrT1LknbkZUteXoTm7UkWkR+lRgdl/IPxesgzjGtnhxQkiwSXiwMkGzBoJ4MkJsqSWgUCi1Ffjz59bLM02k+ndZ55o3NiIRurotVu/HY0UQWuo/pSaExOhVp8HqAeMA4uGzkI2ha3B/6V77/5//C9Mw+r17Av/BPf+/X/vKd+wlSRxfqswvrY9cJQEJrPpaFVLGlc7+TyuL10TmI6n1Dz2p+Gipxgqi8XTnce993inlBQ05MJpPJZDKZTCaTyWQymUwmk8lkMplMpm+LmjGGa98ghw6P8ODLazkCWg2xmY6U2BTdWQCMcx5CsxJI4uKBtcEqx6iE2CcgJ/RQ7ZvdONRfoeMiBFzIx4upSUxpXleK1HEYG+DAniTCfLAZhudieQA/AHkxeParGEPYjzsCStAd9rvDOBJZkjBQ7g6V/gNKWAshBkycoBerFYk8Qck7wVzwp1SffFRuyg/jEMZxVGgHGoqghXuhF7C5gLhuXPosI7cNNiqtgOu4EJlIcvJwjjJ0COZYmecQVkevPYSguMZ2IUCDZ7YAzHsXeHUNXHAI6kfDZjkNQOI4I5qphHmkQvAR05s3b9+8eX1/fz8dH6eFcnPyYsgdFvsT5mW8XCCdKFDG0cqQjTJJiYJf8uKiOVjWBAvtnfDmcHt7c/vyxcu725ubm9vDYTeGwQc/EgtUlrcr+Thqv1G4kzYGbYp06hifCA210v2G7ej1/iK+bsOCHZUx6gJ3QNNFHLSwkcRMTUSIQOhHdLACNRG9mwFnJI+TOaUFU2QKJ2lqjXdd956dPQVCOGaJa/+0fuI6T9PxuMwTMrcCUBJ4pKfQpnSrYisEFbbyDmpiEzBOo9CJc71Xiv+YxMn9Y/rn/+Xv//xfW57Z59f8ivEP/O7v/tRnwf1ESnlDWhnN44SJE3r88g4ofFb7V+RiBitr4goN5wpkSBgVNwi6W/Hl0dPLw9HpJqXzzOnEZDKZTCaTyWQymUwmk8lkMplMJpPJZPr06jNTNPnCtUJx3acCKL3HSFdoxlJJb6hKcTmBgoicqeUnSC0SOaVBYlYI4NA9CDFw9APlp8EQSRwocm09HxGXJTFekWvknDfiOgiAu+EdfzceBLngSnlgdIROAH7wfgcUppO3jCHc7PYDm0N4TnrxYt1BAAzF4nguyocGBEgASZJMHcZlmGhhexP+pSCOjlKxC+i9TbD6mbj2mUfv3Ga7a3Ypm6HcvGDjGRqLdU1aFC6sjQA3rTj8pNC9r8Bd8UuB7rVrhWLllCjQx8PKZes8+kuMb96+efvwcJqyTo/Hh3meZbby7JL3TEkyQgm1KSCHp2WDPqEgJwJF7PzgfD7EjWE47G9vbm/3+c+Bfh8Oh7zREZGzyLrgtBoEycdhix3YXBqBMUpluXP7BqdpRK7QPurdAD100vYuLXdnuKBzoE02z5ueRg0h6B7x0bvcd3E3Eehkpi24ssfJ6vJGSLSuGdHyiiUBL4vzs50xL+Q5IYk9koPC3M60LPMpLlNeUMJe4fb+h+r3U9+i25AlBUFr16MYDvRom2JYBTj5aNzJf/ePvYM4+fv/nsM/9zu+ux+f3OEv/fX5//NX5i/eJPfNaRjcz/7M+Hf/urxsPy1bUWatzDdq/E11K0lCq4H+G9K4xarqReWKmRUtsPa863+nyyePLhZNditIYzNWMZlMJpPJZDKZTCaTyWQymUwmk8lkMplMn0zV4+Tqp2f4Cdf7AcUAAcXmIZXiMgqQ4UHIDN996X1ziupyUZrUiAWmNaLbBDRAlJI5lPq7ZKdwVTM5DeLh5ByiTNZ1XcjSg94WqwotWGpBVExKvOTK+FzA54icMBBxwr8ppgV2YdiNg+feeYeeoAgKGfGCbajZipTSwTV3FuYVShnVK3EyKN/Ch+uoln2K9cf5dDjhDbROi1v6h7fwCQqWg73xjLxQ4iSuxCjkC/Z0xdQn78+RorP14J5TuTRw+I5qLxYfG5kCni8BhDxWOw2HS4r3x8eHx4e3D/ev376ZlwXF/QRgtz9IdZn5BWJogAxFIGmTWtoGLl6va3QhUBASUSaHm8Ph5YuXlGo07nbjfrfb5dfcWJ7mQFPInAq6BBqdw8FLDmF7WT2WA0pDCDuB9TpRBqNiKWVghydGRgxUivnIdhrAKW/lXPPokf0R1FkiAjJZAmRq4t3icQX6yS+Sd2vK9wxhUeTfwzdMue3kbLDtSPvIFZyHo04i35GEnMzH4zJNccn31grVsIXMYFJNPJHnguvyTqBMG68WXXNl+nUsabTRdThbn5/y3Br9ZvVv/L+PP/dXniNOftc/8vK3/4Mvn9nhX/zff/mn//VH92H0ve/4/+E/9d3/+K/4hJk+vIzY4MS5mpJTSDh+4vBcCQtXn2xtZ1dfM5DnynNKssfkCV7/kSi0WjGoAvF/8mKRBV7tVDpvJ5PJZDKZTCaTyWQymUwmk8lkMplMJpPJ9CnV1XaLzckmI6GpczfwFbQQ6wl2i3ACVYBE4ZTG+xNdRHBgFyjSCvedK4Ln4Bw53imAwehIooo4FSyXFBPGxMAJxak4ZhCcGC/0pIsyH0HsPvi3ICgD+LyRMRTY+XEM/mY3+hBcypV84P1dEL8I8o6AOkCOK6ZQjE7kU1dGJ1Buy8gnk5HR4mzDNYSM6WCAkj10Lj2wTFIp4jvXpfIk3CixqDNMnAzDQEk64L6RUr4Um72rfS49c+3sW3QyAAAQAElEQVRa2mV6EKOVECg+JzIbRGYmM1mafHn/5s3r1w+nxzyZBI0MwxgCFt8RSVkS7kQyg6hxok+AkQiK4CCCCPy424/7Xf7v5nDz8uXLu9u7gc7nGfkJuj49tYyrEBWCTHlfOIqz9SlX4beeJ+3WKNcuxjxnjgvi+DGUsnnbLL+wK95Xqw/sz8OEUn9IAnYBommGlbgTWJxbIE2A+cVKr10KxAVg8ISmyD0InRlJdxGtQ9A6Bg0AE7Is31DLcprm6ZTvLLrboBi6XK4f9G6zsApH0uJ1ggxeWeJsHQScyVITnipkUIizj2Nj8cXr+NRHh737/b/rO7/51988fbT71//d44cjTrK+/4P0R/7kl3/sv/NL3YfU2UMBrwy9r847m7VeFhjTeO342uzFQ98VqxNMFVpJWJ4pdXElrA4rjDC6M5chYFcik8lkMplMJpPJZDKZTCaTyWQymUwmk8n0qVVCS6SgDBU6KXXfTTmyQCEtVaPDIXSL75CDkjzCZXSuLMpH2JIZStxCKl90R61ri2EHswdQHSeEc5EvxxO+EGMkR49lSUsuyq+lCokd2tFcQshdgsCFwJgCJ7OAF+6E/S9G58cAN/sd1U9TBMrTQeESKFsHnDqdeKq/ei6Ya0yESx6aZ4wYQBSPE9eu62oRHc7L+OnqTq5OD9SKcBl6PCNO5KN8mYFoGVcRIjkeL9rt5d37CH2za+nBhrKQJPmozjGTHcm70zrd3z/c5/+Pj6fpOM/LcZ7WuAABOkOeGdpNrBNKc5TCo04K4pZB2JB8mCdmv9u9vHtxuLkd9/txR/8RaDIMO4rj6YCn4klT1nP9kLkcuRTMk+iFCQFspW1wJTRHPqpDcEb5VECkaNgSHjWPBLvoGcFCpGmeGwWllLdoKTy0yHwe0wXSmn+7NHuYPEMn3kWPKUAEnT2e/8aaKK1Fn13EXHXdxRKAIshSXNZlIuKEw6oSLXE9Qk1XaJQSCgeExb6l2FUIgBLqJLpiYqFoWk1g6Ux8XEecuOvcwwfRb/x1N869udz+S77r/4X/2vd+9qfH5w//y399cR9Yf+0/IiOfIbgPKd97hxQYqdJ72NZkguJVIk+e4jyk/k9KMMkzCbrG5DmvmCGjgZ5tTgikcmJbxV5RsuoV7AJXnv26kOpjVMlCk8lkMplMJpPJZDKZTCaTyWQymUwmk8n0rRKXFyG4LdaAriZ+OPHV6L92XtgUJ1vJ18KTUQNqJdKXvBDaI/HX2xlASfTVeGRnklRK71pb9MV7ASSOQ4I5UCuOlM8SMUaO0VniQj/ritwvKWlzJRRKSVuL4owdgHc+OIZOcvU05bo4jKO/HYZx8Ds1JcFcTc+7ksEJYQp0LfIN/OAltsQJ9cBeK5oZUeqj6qHC6AnU6nuRvIS0iTQSQkYuTUwzsO1f3DXKaMsEaW1X4inkYrHDekAwD7rWasiRQNCPzamvFG1TndkNMFH9KfTDVPosq6LEavQ0Er/w5GexxPX++Hg8Hu8fH46nx3lZpnmOKToOu9mPoxMjD6cUgnomKIHRIJG6SO5u7og1OVCMzu3NzX63c14MbHiA2AEFNfJFytdSN/dtSSvlRAPO/g0IBWzS6ynnlf5AHZBU/UDEUSae40Slk4PbTj26TdqIFOgFxBBCR/kjbIV6mQ+6V6iXsEBawK+AM4fpzGRwgjEQ8pR8TWHClnKzrctjnabWA4VnZFlgpKFIMZFr0DSt80w2QrS8ELBDbwppVixffFmQGn0ixEm3amGzf4VO6oVWdxP4BBTBz3w3/BP/0Iv/3Z+57zf++l+z+4P/1Hdf3r2bwfqrv7C6D6y8nv/GLy7vxF9+aNVlo/hIv3TavVHJKaFE6iLDnldxFTjTNx0DyOstOonUoQdJ6tZrZbt8WRS+rBMoK1b39p9itZhMJpPJZDKZTCaTyWQymUwmk8lkMplMpqfU/E6cpubUAiJqhRxr0Q82ThDqc+ChFASjFL6l7JiwtK9ohXzdHUq5OwmJUmGIXG/0WvekVhB0b0IYEn+5PhcpVw6QoaCWdV5jTPT1eyqFI0iZ2Atiwm05OSmwB0bwA8EHVO4nymTn4Xbc3Y7jOECgMwUxi2jHUz0/cGUd2UqC66RSOtUrI+Ahvx18cBpnI+4sG3CnYhOyiYdRjDOU51HqAPEME6isRy2xSqm3QA/k+QJsKoHly/+lTEuXnIr3iU5QaaKbbrc5XyvqltkX4oQsRrS2nJpjjSrPAAQ6bdJLAaGO8hQ9Tqcvv/zyi9dfHE+neV1ya57MS5gSGYIOa/EycYX3yIOZm6M5jlEGbr/f397eHQ6HPIkvbl+8uLvbjaMvA9xjNMhz3vxXoK+ma/aPdlWDe9iswRfIJxWrn47O0blJmltUHWXwangIa+O1omBOmX+a/OLt07qXivWH9lEChnAFXIDsTJaEi4eF/E7I8mTBFD0n7wgHxYOI7llyAxvqUpeFLs2kIME6L8t8WuYp0Ww5t+VWrjSJCuyUa/E1VceVKxSWiKmsOkt1kBsK1M2U+5j6J//hV/fH9H/6c5SSM47uv/LbXv6O3/ryPY/9T/7s+H/7f53ch9TNDXxo4qRMDEm5jzNkqfMXeWrp6266Y0HS5EGpVBcloZEllTy7hHaiBYRnrfXUlyyuhOfL+okOmEwmk8lkMplMJpPJZDKZTCaTyWQymUymjyqOFNHYEF98JeqnNXPDndcfpbgNoRIVCoao7UOU1AXaS2xL2JYDkM05kpg+8GsiGFLSonNypQavQTCaiVIQGPoVyVwi/0QiTpZ5jWu6TOIodXcqbHJbuX4/+LAb93KiAD4AYQGjD4P3+cdzUZNxEQYvohAAIEk8FKzDlIKYi4B8258HZ1CPDXE2ccypOCFgXOfdcKVCit3/rjI3m8tQmEBwAiwpJhU3wSivAWKZTWBzkQ4Ien8V3KWa1pTNZ41xwhEbiSQeJbnmyGYl+b9I7hi5Z+n+7f3bh7fH6ZSVZ0piZXzwQlP4PANChyQ10JGLY9SIJmscaOxzU4f94Y704vb2ZhxHMZIZh5FGIsaL3JvzeBbfuq5rG6AvsmPNtFFnGF8vXwM/YkIFTbhkzi2neq7ig3OuQRe6cy20CKCYxhTWSDqFbcwVaOHbcqXzpMnj7GGFNIMAKLhiWjlnB8WRB1zjuarJjF5BvZh+pgsShWwLUyxcUr6nlmWZprjOiVJ1FAwp+IC7JmwWFHVAmjFMIU7Oe6A5Tz3X81WX6zer/+Z/+fPf8Q+9/MUv46/+O3b7rwJ4/Ja/5/Z/82fuHx4/IADxX/h7b93HF0B3E7GwJkmx/033QMCOiStH1/wtud8BBdiKggjSq8RRPcI6XcaKMZ7W4KWPzCGZTCaTyWQymUwmk8lkMplMJpPJZDKZTKb3V1cebqoZGhcSPIJelZIgdESFFpi7amXSuroammgyiWuGGSWfpNioVEsVYjygfeF+5TrlwsXKmOK8LmuM4qqRC/9XO8zxIG4MYRizdqMPjuvyA/MOOx9G7wcXIGLwxJekhFA8RzwjNZ5NW9S8QdJvqtFHsXcgXsEzmFKGBdXJASps0kMnneFIKbZq9AmeD3QxPhF7GD61UgkSUVTaqdMHgsRILIxErni2YHEOWsYFGX3gNg2j5WecRbDUUU2a6cORNOxTkFzyIQ/ukD9Ypmmap2lZ5qx1fjweX799/fD4SIYm4whDgEokgMsHeZ4Lhjw8L4wkXhv5k1uKzTnsd7v9/rCjadvd3d3lt4mDhPKxwoKIVQL0BhndtVxdvaBjw5RQwYEU9qABkvFUT4UK90jIDP/GYslThlEda65UxIdrJAp0v/VcqDgRDY4srSQ/hJi4CDh5dxrIzmZGwlCiI/RE4kko8Um8YvRK3GWBHq71gUdQiC81pkhrXGj2Tus65/urWJGUQ8A19GnT0sWzQ4em/e4/AvGW2U4Z9Hv3yMzH1S95FfKP+4rKh/zP/pmf+uN/6vX/96/Mr99+w2TEr/plw2/9TTf/pd/yvrYr35iYOIHNNFXnkuQKXaj7bo7SnZxyJxHqzUTOVAvnUUW53QsT+I5Bw8JpmUwmk8lkMplMJpPJZDKZTCaTyWQymUymb6G2tfmNLcdVjANKOVIsPTQWoyaZcMINNxPPSolPhSGkUiwHT1QE18KREzfUAkSglVyjXFJcliVy8Z8BlJjI58GzuUOrfdcKvEetYA/DcNjtd8NO4A62OYHB+RHCIX8UhhHojLnk7706MxBxQg4oQZoG2UHDT4QSIMqE0AlqjI1eikuKq9XXq5eMtbouATV69ZUguUpLlDyKVCmd7b6+yycBMZhR+wFofakTijJe6C5ggc3b6nEivibSgoAekYARhBBgGNwQTqfj64f7t/dv7o/Hx8eHx+m4rCvZmcgOwZeysVI6eTu5mJC7jJa288u8cb/bvXr56juff+fm5oaGl4CWQSJjYoyy9tibw1WqR/1RmKJ56lrKYGlaBxT4BXn1iZMOj+5aGQxsw15ZDuyGsx/9bSpR0RDbPKHcI9IYR5eojY/4+WDxOsFCnBBWQu4msDo/+XQiX5O0AFlDJO9TgiRpVVB8RioiApvrbyV/AabqLY26OomQEqRmmeMyrfkGiytQaA8HWVGUlatLqx4uA8+xUvyRl2XXbE54ueBAfBAomCKQT2V9YDuIjW/50cMLfvkvHf7gf/V77sdFajrVHl/llhDMrcZW6W9wlcBK2D+eBC4RskwsTpzmqNUfTT+rzz7acrYwTCaTyWQymUwmk8lkMplMJpPJZDKZTCbTj4gAzr9yfq2+7gpxoqyJB00n4U+I83CtrEjNxVKMl2+2iysH9uXM4mXCfhFeWkefQMv0zAXgktaUy+FLroxTwg3VwnPd3oM6c2g1vFIU1JBAEcNIxMluN46enSzCQAREcBSscwiBiZN8ETGo8QeV8nOzwYcBBGZhfKNG3HBlfahZOsydSKU9QLOGuMrXYCnAI5YsGaYlJGCicwmQa9GUl8o9SMJLmQ+ZlD5+opXvS9fafJZJ0mmSK+2ntdJGtfP1d2TIo7inMCDi80ZHhjPLfHq4n5blB2+/fDw+nqZpXpZpnmJcczl5tzsMQ6DjCDGhwaOgIk7H4eQWDCW8Jc/O7c3ty5evbg43Nwf6n9Jz6KTEIEFJMipxPNwfunjPIIxeWIAN2OSvrl4lpZyk5KQUna6fmMQ9RXAcgS2ql0mrlUsbms0DbWwrPOQqrjMU45q2G8rgM3EiDg8baxV+m3u0AC4OF4Q1/3bp6HAGiJCoaE+eOy4p5AJ9+1Btaq4U6xXPqTCNEEQ8mnTtK5nT0A/GFXhQ5DO+YxuD5ur6UiJMVxiI1Q6HO2m2jsBKbhMx1ZEm2k63cWOS8RShZvpo2kyBEif9k0FJEWg3idwIPRZHMBMvS06lwjVxJpcAcF4S2Rz2mEqHDaK27XSDLQiTyWQymUwmk8lkMplMJpPJZDKZTCaT6VuuDh5Rc4v60dl3zgu83UeiqAAAEABJREFUAPWoaorRlbT5rVba2SEjrqUqrq0l1xAKqcX3lWdkF4WVSuLkarKucY0kqn16qG4hWv8uBixOzDSERXCwG8eb3X4cBg+BEBlPuElgFxPyOBl2O87CCUjZOlQGzTVTtjnxpaMe0CssIjyM92rLIvyED7QhXY7Sed1c6ZjL4ukzsIAMH3bj7Br+0YJNsFbwhS3ArgNQa/p1VphWUdsW8Q6pswjVhEWuH8h0I0Vtl3EJ2hLTaTo9no4PD/df3r895hfHI0XtUJTOMORBh10+ONCwU3vE5aBG5wx+oE3ejUPY7/ZZuzH/2d3e3L24ux3HUUvRuVrNFINr5Wb1OKFRd72lTEF5tmNabVCYwPGM71DlmwwXtIou4TISWJTObWnkLU0uDZwvvjtXat8NHnG95clQ++10EqFzJoGCMNEe3At2j/EMmgAQdBJwgrSkdUK3Oh+FtCo3i2t8VeVdEJ6ozTfoQ3gRvnBZ0PmGSsu8zqd1nlNkAxumfBQdYNagSw/qSSXcrHlZTIrjyILx/f5YnhdlpfpuyPSQziTDmT69FFSSN2VJ1NXWG2EBFIwJsQOVQImtyHE6UWOj5H7glVitf8oJ+38EtFX5bTKZTCaTyWQymUwmk8lkMplMJpPJZDKZfhTUyIeNzUm3hxSQCczYHOWkQtnVBkELisWoA0thvhYQsVUs2V3CqVlJkr34sCVSLsO6rssayZwCOIcESuZLqWp7VygMdlsR+GQ3DIdxtxsHgiHQBQ+BQ3LGIeTt+zAMXM/05NfCBXJu04NnCw3CTZhfSVB8IjyF6Sg/Ibv5mhZSy6zMEihmsKVQAF1nE+Bg4wFxvaoqqSi9x4QCLs61UAvnOmsJ3e2MwNCZEwRIfFC8nhU4EEmRCoC0MTth3Cb4pGE0bprn0+n05uGeiJPHx+PpSEk6hBNxkg4PibA4YsPCP5RS5AntiB5hFwJRJrv9zc1hvzvc3pDyqNLIe3JQgcrPiM2MhvtAwornoBqklEuRAfKKcvjm3oJJYRIgbmaNS0opr6WyQOV/hUmqn0o/MYxBpFIKT66Nk9cRqqRTN2nye6iZT6lgHHW+oIE9NLgJkAry3q3gVgRyOvEwQ5oJPXFz/jRFDCDrvfrVlGmt+T+w6Qh0nWmQWGLChdNvKAwlj8e0LNMyT/k2E7chZZwkTAkrUAMONi1DWWd8C/hqdyGrFMH3GJSmppDPjC/YTcNNLvX0J6aPJJrc4q2EDTdJhXLCdpuUP+hiNUSR5744EzkxFWKHKse4EwjCov5OUDkqOXPtgGtUnclkMplMJpPJZDKZTCaTyWQymUwmk8lk+hFQV6BWtep7z6CUb6O3QnM72hVPB4etdB2xqC+Me/RStGcjCYYEUIM/kh5D3gvzuqzrmhIZaTg/6EkwiYNFPXmhBKSkDUPwB3LQGIN4nKAbGEegtB0y4xhGQRzY2kRyXCBh4CAYD+rKQDYnTgJZgHNNnMAUQevohZbphq9c48bVxGsRNrmtNuYoyCElHvkFyCUxwpIqzlKpoMouFMsT0Gm5qNbLkV5oCh8k0Addq/IKwoO1liyHePE1IaeZ/Olpmo5sbfL4+Pjw+HB/esyTQpYhzACFYcw7D3nswsDhOXnEmc7hDgRyvKB5oukY97c3N3d3d7c3t4fdjkY7hDGEbY/5/GXtgXQYsTdV8BWqSaXLiexrcntevEmcW4lSWskZJ1KlO5e6ySskCbKD3vcIkFNwAzbDxh8ItFKr3kmDdcBvu5zOhjxrcJ1Py7kNDvcid0aSoiLgCuR0suYXHhfAOf/GNENcXYrc386apnItWOcf3bnZy2WlHrXQr5hMwjWuS57WdV7isgLWtJPEizUqZ7CBp5q5hSwqmSORIGbCA3VPDWhLti3W2iHosC09xnwtviXCSkflxZI0N6eShQDl8QMlI2xzaHE9IUuhyHcIOv0t/0C4gouhu1gCrlBNpTlbEiaTyWQymUwmk8lkMplMJpPJZDKZTCbTt1Qd0MBvu3yDrr7cStteAlm6GjfWXyqtgTfuRCIUpI0OOukPwlKLzjtTnZ2+F58Sxphc5K/IsxtJYQ3gDOkAiWIApxXsvO9+3OWfAYJk5eTtgX786GHwflBDkuQLbAElBERq5qBwieaiiGmHpE343k2CyYE6lPW6JN2nGGc094h6VMm1OSu3VsIBL0aondPXMj3U+ixBGqnYR9QGtqRDcUDpMiz0Lf9ObH0hQEe+2jzq87IuaX3IOj3+4M3r+/v70zJhKqiDZ1sRr9MGBJ2E0RNBgjExKEEASB7zm3F/sz/c3d7e3NzeHA773S4MQ6hLrs6jXguTQzypzbBFXUOk0i1+GvrOlXUlJewYFzFoWJZF7RXorTi1qE3IlgCRkarZQ/CEtwJWC5vtDsUDoku7kd9DMZCpJzsDVbQIv7q84t2KafYEnUTvKFuHbE5ifpvYcAfrxQvYsa3vYwFRwD1RnEesv/WGTHmg5mWa5tOUR4nRF76rUkGnGJJqpjGVMlNcgM2BPFRuqZEvUKxi1AkDtmQJbDuFcPYM0k4606cX8SIJJRAH1WGpPLwUNynP97PjqjOKIzCM85yY/EK/AbvQGU1iMplMJpPJZDKZTCaTyWQymUwmk8lkMv1YiJ0kzgmFzdveoqCEKtRj6+GILTMHnSR5dAzFu5QwiT3FipSEwt+SF77B6/fqS/ROR1Xkk3gmSzhbhV8Mwe+HcfREnASKxQkBYFTohMxMvHIXxd8CBHnouQOgOB6gZBNP1h1Qrrg3fsDuevWb/SWixSX9q1/T7yqz6Fo7cD4RqZR3u0Hu5qJzkND38sp3tgDdjv0GUB6nojEMM+g4iAFGotEk3Ccu6fF0/PLNm4fT8f7h/jhP0zJRzVjJCtzn0R2GGnA0hDAwcTL4wJMWc7N3h5vb27vDfn97uLm5OYzDMIZht9uBV/qConMSR+BIDwvPociCU9qiuJxgY0OopwwAFVApv48sWjYxuqQuO3WUNPSloSEX5goFeYBuW52BjpqqiEebtDKhrvSNNLBlDTavE7JgAWy4D11u7mlEWBEXcAvKTyKPk/wrQP7JMyvXIblOisx8TSgD+Y7MU7yu80JzOgtxgu328th58qgTSYFIyrh4L0NKqVWKiwgqVMaNrIBk8Pz5c8T77fC66p2BBX9CQ06+HUKGThS2ck5yuGT9OZ6vOlO8YzybOF5HEqmD+ltuPF0pG1qlkFztzuz5R5PJZDKZTCaTyWQymUwmk8lkMplMJpPJ9C3XZSzLM/t28En7ojtilI1cR/SuR0O00NgqjFpcLKYG4tyQS98JmThZlyUtbE+RP+JAG/bPUKOOJ/pPaAixKX7gbBeNWknEGUjoSyA2Ir/mIiqZOHSXzHYSufoenJcau9dau/OEUcgbhRio9tr8LPrCayVOCu/AdICvo/LkeHYj07V2luGipf9ta8Ukop5xM48KtmhBl41gIJUSsrZK7iBkBkI/+aPjdLp/uH94fLx/vH9z/3ZaF7I8iWsenGEcwzjKqIZxF4Yg4AF7ZOAINFQjYz3j7bjf7z97+erVy1f73W5g0kDZBe9lmGTx5JN6goZoo/ey0YMa6qgCl7qJYSo8B+/PdiargiaRgQqufacyelBpCe99e1dnTkbtnD6hxBunFMo5R9K5/GiVvHEtbW1q9XxAio/Ctk2daGgmkoOIudNuAZjZ12TxOAdHL+gn0s2k8U2+nkhxKPF56Qv2ZaovHCfKH0khYsOJlG+wZVnmPLNziqvwRhJrpV4pelFYx6t4kOhaUkshDdbRmVXsrDhZFN8TEHDFdeu1UDz6tpzZVSMWt0G0TB9D/XgXqCShgCVOXYZQkStBz1CYMFSvmtIMyk3NxxJxEvWm5PtVXHpg+2+DEF1O8KONq5bslsqesS0rPpczJMVkMplMJpPJZDKZTCaTyWQymUwmk8lk+hZKyohaj1eHB2QrhK7Ip8xFqlYUxawC1Uwilfpg3a7F+sTkSFdxLC4gVOxfl1wQj+uaVmYHpBHlV7RLkqEi7gg1vEPoFEZFhDiRAJ1AZ3MDGZawZQS5RjD9gFgMLdh5Iv9PbiZIKTyBPEMCx4GwywRxH5VV0HAg3NTQG2tSNskg0kH16oshR623g4xVHreOLGmX2U2H7qtGMlIRxuorgWUEtEXdAwqnoaeLNOi0k+fCsTAfZKLhcE04x+U0T8dpWpbl9f2bt/f3j6cj5dTkxkLw43CAQx4RydfwQL4x8n+xlqHWdsMo7jI3h5u7m9vPXr7c73bjMIAiH4VDQiZV8tgwHeJbWFD1xBHfDR4KHmvur2bvJInOIViCXqZI1AnXuTX2wwvg0oAbDyWXxnfzjiDLRheZqz4q1c6jjL5iEqBglMxXAYUKRkI3iO/K6MDQCa+2VBZrIWnyNUFENwMsKcXgTpAWF5cA6+AWj3RlEksErbFGSOmC6C1DOoLrvAwvBjYo+Sb5s3WZ13mep2mlnKTEd7CsSxTKJkkQSgnEKlhZydMpjkfgfMuKYuMT/sDrXwHPysSC8mJ8Ryhw1KXo4DlCZdzJp1D3GHJR1jSqlVPqwDV5fAgkVKGtVJ6C6MpxjqLRIu9L1jquJiihhF0VsIvMjvRe6h+yyj3pvxRYwKb60NN/CJzJZDKZTCaTyWQymUwmk8lkMplMJpPJZPrU6g0/SnW7gypqSV54CN3GwAlbcXiOVnAlG6MUBfPftfgcFB8D8BICU60NIp8uUgQDfTd+ieuKGPN/8p16rs4DhYp4LD4ZWhQvHiNeSvi5Qh+IjhgC4SYjUNQLwQ6IgTAUHJhjoFZ9CWqhYijZZagDBu1AtIpEuRAJ0RwsoKTqtEAQNZdodffNWwpMAV/YlFYhFXQB1EhAzC+SxAL17cC56wx0hhFC3FAFH8u8OKfmK6CmKlrgr3PBJFCi8c9dS46sSGhUcVqXh9Pjw3Q8LvObh/sv3745TicpIUeyOSBahy1jAkiaCrM4FDwEQpGwNQniAP7mcPPq7uWru7v9SKDJOIy7IU9HAPVBkculgcXSJ2CQiRGk6nCQ1E5DnQ84BckLHMLFa/LAWda40CF8CUyuyDpsxjBsbbId0oKHlHCbSvpgS3txybVbwLm2AHgwYRP1kdA5tzGHWJPMSbtFhro8UuOVXPIuerfk+yPl3zB5nDzdKyvkyjxEOlPv8lLxlveQ9qk7GNn+xUm+CZmcLBypsywTxlTK+ed5PVAvoy1HHbVyG3aD1pmg1C3FU8ZvuqaN6xxUsgSKWVB/F30gnuD//G8+/jt/aXI/+vqFL6L75tWxgM175twMSOCTQguxfQ7/G6ATl59o/ARPSjshGfok3IKGrbH678u7knS652/fE5PJZDKZTCaTyWQymUwmk8lkMplMJpPJ9KMqNddQTCA5bFke8nlfOIfi9EG/a1wCx41QFsOS6FvxZHAiNgvkVxHY24Iq1CnBGYchH5AxiRN/Ex98GMIwhhDEgoOP9045CbYtocrDdbYAABAASURBVB2DlyAd2kIUQWTPBrJt0Mo6hfKA7KNVc6/8Quov7kytRN6q52I+UUrDBUcpEIHu9j6V9YvKKnMaDX9REMUVNgCU/pFLgOQkp4g4i/w6sA9MTOnNw9s3D/c/ePP6y7evj+s8L8u0zi6EPIbcNU2kYfbHBc0aolNTUBH95D3zgA/73e7ucPPyxYsXN3eH/V58YpgCSV67KkOR+liVzdUVxgMEWRCOiR1NJJ0jnzOxYloiwxIUyrNZFegBuqWnkJJ+1PueXAw5FDMe7cRZiT1/uiFOOh7lHO6I4hKk1AmjTsWZQaKZGLeIhGPhjG7yHKkzuNnRMolejG9ccYHQEakz+q4KO2zxlAIN0AIgpCuuBHWty0xoV0xtCXbIT2r91ZMrPVJwk7rIdN4qXtL4koqc+NZ7gLIo1dRIwo8EZOs4hw8CmvT6s//m0Zmuq1EdJfJIkJPq07OZHUbInDzfNFKnJOZQXleSxKvEET366IRylr4NfQXtZkYzMDGZTCaTyWQymUwmk8lkMplMJpPJZDKZfqzVORFoUZLcJvqImZohwmEapfKvQTyl2s07Bogx5ir4nAviuRXJ3hATDc0UAURfiRUJZAE9h0IVgeAICnqhSB0fBnbmGCgnBwagH8IgPCEUnuNNhGzI9VJiK7yEhhAiQe4mhKkwZSJ+HiUPpSvQ6yXApi5agiV6mwshccrbGiihlVm4tDN5esDLi1bsB1eDSTRkohRsBfPgEBzgXIzIg++Eo1lTOi3zdD+/uX/7g9evT/PpuM7H6bSSAQrZxXjJjtFR1USYkEdXToaYx3YXiO+5Pdzc3d7eHg53N3f5xUjOMmqAQQMeQovMqH1Tw5JiatLyaKpZC7AriMx1Xhp5UVDQ0rLySEKlQ9BvzEg0WOdyROFsCM+JkzPzhebuob1VsoLWyXm5XOELrEiG71JB5OUA6uvDcJYnxipfwepxBpi8W8BN4BYP0XtKHwFsdiHnLMx7qMdSJByHa/48bewQk6d5ntaVBlQuyrnOZKaLibrEcvpxri96UEA/1sQfKMCKLCYZUt/1DUoz3ZCZPqkqjVWDcuRXD3bJjmU3JvJATExScdkRyxNCnBIboEBxwTpDEst6gJ7Ccx8FPDKZTCaTyWQymUwmk8lkMplMJpPJZDKZTJ9KpSRd+JJcXPQgOTv8Weqok1aMxubs4Sp2oPE66E4amLJS2TIUB5J6PvZF6GxEEEpJmxNw1OOErU1gAC9OJ8SdIARBSTgLRnYGqvxzHVz9SNjQg3+YD3BSM+f4H1CbDyrHR3QbRkSvow2LSxeRIKB5EQ1B2CIOWLxa3kNwfVttXWvD0LwxUFxkgLOCAm3JNeBlmd8+3H/55Zdvjw+P02ki0CfmYU+AK2fTBL7+3CsyQyEAhZkchm8C8zh5427cHXb7l7e3dze3WfntbhiHYYgxUowG4yaBUpCwJHCg5iKhOJOATD4PZyoQg+IObLaRYlxdJOQk4YpscFLSV9qQQ/CVBAInpwh9PIviDOdsT3WagbO5cF2kTAmMaeYxm5EXrKfOLJT5oLWWsFsGg4AZeq8AXe6EcXFuBjd7mAEX72LQHKrixeI6aukrF+BBTs/eEhyoE2lM84hOM0Eny+yKaQlbCvFslHnCjjsBTVMqvIjcCZUygco+eYFu8uLpulBxFEk8OkN9ipnG1XVt+kQS4xnEynwl+St5Y8VsBzWISVZoEiOTBo65lO9YvnORH0E68WLfcwaUtFunftTiyr7G0jeZTCaTyWQymUwmk8lkMplMJpPJZDKZTD8iqhkK9IaK7Fxp521JDCn8eT25EieS+SJZDLmcOa1xmqclrrSDGpyoN0Yq5iEUfYNamJQmBDoJbEgySJ6OJzeOcRhGIk4IeqBEGMo38YFxk8DOHyBRO+xbEbiuzgeqowkoK1PCdxxeZK1oyRVrcV+2dgXTUrKX7CGstgAVfQCvQ6jeJ/BVK+9YPS1aiZYRggQtC4Uqvh7zpefOrnF9PB4fjg8Pj8fXb17fP95HDq1ZxbKFh31gl5fB81A7fkMQhx/YPyZPxs3+5sXt7c3+kH/2u92L/He3G4agHAmmPNC5B4wekWkKmV6US5NOJQ3oQHZgwWKHowMoaTrkjkCExBrTwvY5rla4wZer02abD0if2gMOOq8Q9WcpuwnoQwtIqZIeH+ncULAYnLhiSLO1e9DVigqmVGbFyYVVyGLQmcjDTb4mNOKTSzOQx8nsHBEn4CO0e6N2ujrjqD2O+wrro1TwE3WGRjXFZVqXKS40pp5zkxzfuWo60zwqqlsRViMTuldQ7ga2e9HRULKk+KRUtqahM2VpN4hM2hY3FMSWDHX1DoCvfGOYvhlpUI44lJRJardRNaYpVJkcwjMZmREj+gybwUmSnfXfjDatSpzIEwe2UTvOHE9MJpPJZDKZTCaTyWQymUwmk8lkMplMph8jlVCbVswvbEaFT8RVw1WvCJRgGv7yPG3xUgJXjIOq8PknpWmeT+uSMPkhsKdGrd4X3mBLr0D5CZynE7xm6JDfCfjRMTxRYh8CgwqecxyUx6CoHoqKkX3yC2pEiJNyeYRb1LK5a9iE67CS+vV+qche/WJ+pSO6wBJUMxLV+1ZVz+JHGJ2oRI5+lmhQoaIS+ZIoMWdZ5hTvH+6//4MvfvDlD+Z5jrK79yuQ8YgPPsaYR3y32415YFC6TaYVkJKOpIP9bvfZ7Yvvfv75i5vb/HoMw0BYipcMHOxwBeDR4+vHErbjCmtSXujnasZBWETESHEc5JHAbeW/q8R3KPhQMCaClhDFggN1SaidibZfF1BvyVDGCdmMhDvXiJMtd+LFgKawFR3AAq1hHkNgekb8PArqIdevBjEw5JbI+cHj4nDGtLg0e+DXbqVUHdC7Qtv0BZKR1Zic8lXvnbOjcVd0iyExOykuy7rMlKpDHieYbxjkYWaYxNNuTBiU+RNOKOmCF/QGvSsuJnzt4lwih2sYk2szzXcw349lw4Y4absRjRBLsxtBfWqYPqLEyCYlCjyTFeLO0B9lQRQbFE+UZpGT+JGeb2AXkaOilK1LUW+chKU9cK67tbi9s9PZ/JtMJpPJZDKZTCaTyWQymUwmk8lkMplMPzZqBh61SMgVRd9RJlQmTlCgCnE/KYYNSnBIlZnqlHnHXJWclmVe5uOy0L6huFiU4nVC7L76XorynPAgQEnx4dBsnVwX30EY82sO0wmAnpxOeIfi2BC4m0KcFDCATDw825p4dWUozIbW+uXqxJohoavVeWgZQ1KuRa2kli2CKDQLDS22EvHgCtbi+PWFLczlFDQTCVQeQZmAlBTMIRJj2A1hHJZcMk64pOXt/dsvXn/xi198QdYmuRbMNIkPA8rwofIhwzCKQ4xwPPlYHQEfduP46u7Fi5vb73z2Wf69G8Y8zV6daFCZAShXp32MSl6UQdxcBAipxMYmTDukXKZe2d8kcanaSayHDIvk28iySDWrqABCSQOQ9CRYcmlKwBBDNbWIrf/nOS08EYpvTSVO+KJ8kMiZ1rAWyQsvA8ovcftMlihEg8WBB5ojyDBDLrnjAo5AE++mvPQdvyWPE8WvnHrquCcppGLy8y5JGAp7S6AO8jrP83Ra5wmEskHhSrD94HkTrixWueehYj0aX6TXxi35zmSmzrUvt4FOSBvI4nbhXP+6maSYPql46ZBPSZJMLN1ckpXKzAkShIrhaWxUclvDp24xp3IInyMhbGxNSvuGmZhMJpPJZDKZTCaTyWQymUwmk8lkMplMP77qq4lFNZckv0jlo1L+Z6Xi4ZDFsQu48pfd8+t1XadcDV9nqkD6EprCry49DrCrakPJwQnej4GTdByl5wxA0TBiWxIcBg6NEeKEG1XSgHcosAXQD6XreDHOqEYO2F2FBpW4Up4X5qSjT5jfUAwln/osFSRtNgDvfmFb8j7jD1B4C2FbvFAteWCJ1aBLCGPeaYrL4+Px9cPb+8f7e/79cDzGlPI40Whx4k3LvWFgYAh+P4xenDrYaGQcxpubm1e3dy/vXrx68eL2cNjlg/Ph+fO1okZ9x1MfYcNdTCBRSVKrhi6mA8QeJWvhKA4CJFIpc1cvBC/9gy5Sp+ANKHYmHLcjK5HtT3xzSShsipxvM5QKUGzOpRPP+TGS9KHngmJMUzxUvEIYjMDoyqoDqZYnMkFybwwnn1aHK7jZ4wxpBYweVo4ayh1OHmq+UOl662j7rX/SE4ujHplk6Bk9yTfZEtd5mU5xmYgPkqAcAV1kXdcVTvhPn61Tg4XYLijfXwgamQUgU1N9KXR6yhD2VErteGf4wy+SEglCLMBmwuoyAmf6yCJyUJ1v6K1kmkGbRGWQnHqccEKaPDZQ7YpoGcXmL7R5ca7KtYjjkM23yWQymUwmk8lkMplMJpPJZDKZTCaTyfRjIrxmftDq0aJCFFTXiLJ9UzZn1oRaY/uFJcUlxohxXdc50u+YkiS5OA1Q6egWxO678qj7MC/hkRwXBnbmGCAMuYkQvPd5yyB5OuzCEtiYgd8KxJBfI5l5MHnhGRAh3gQk1UfZAvK6yEfUQn5H26RSKGfCQqul9UqvjSRjCr6OTN0zdYPku2SSp5TAK8AjeEX+ndYVfTOkSGtcpvV4Oh6nxzdv3375+ovjdGJDGA9DHqKBT0SeHHLBnoZOsmFgDMNIY4Y0sAOZnnzns88+e/kq/zqMO2oD6VQuxqSmBvRfUgSizZKYuxRERBAQ9IUScZI+41JcKYJjzf9xioejwKMWRVQdD5rJCMgUbkaY14vCD0ieIQJvJBlMcfTADTxUV5K4sAi20oEpxYiGESbnWlqPNilTLhFBarqixEntaUUx2qAMRx6w2cfF40LECSYPFHtTKCsU65erJfe6MvD5eJ26WPOlRDU4WZZ1Oi3TFNeFPUn47kr1RLGubN59A5QpnUIXyZFXdHQoSVehoiauI06KUZCTdbbpvNIL2jav1yinZqecOvhu465h+ugi9IvlinmPMl3dTV7daco/CrGsocgPxhTJp4jXdFm0jIM1ZNFfsbV5H/DOZDKZTCaTyWQymUwmk8lkMplMJpPJZDJ929XqztsaeCkvYrUh0a+/i0uBYwMIqkTGUj6XQj4XtrkInzDN6zqtSwJc1mVelsR1aB88MwcCQgDWLjAGwHk9RUokgCATxJcQO0LMSAhi4kFMCf8QaBKkOs4JIJSq49kLRCvo4FtcC50HxOCisiDAqStcSYVi5OK4kooFh+mL4+iuIAPFSgRdxRCa3kmZXE6N03ovmU4QtJAvg00FyGngNM8Pjw/3D/f3b98+TsdpPq7rChw7BAEGDUXxcmJgHIADdrz4TIzO7UPY7XZ3+9u727vDfn/I/+92+3EMhQGRSy+RQgkjUiKSBs7o9VbihKeTB4wXDBYjE0f+JiuZmzB4QgYtUHkfvVAoQ1s8RlzhG2QcavZL3acf1455Ancd5CDCorSXewSxGHQU0xRIyimVw5W2qM0Pa7SSAAAQAElEQVSWjdBtKQPh2yGsYXIx3xYruAVw9Zg490kdgqA1XQ1+yoBrgb477XsV5ktA0boQcXIi4kTSkrzn1KJS/S8QWaHJ5EeBncaUSJQVFPcWNjvpiZPSux5RgHJhahXDviZX+okF3UI0l4tvhSKDYA0WKeDV9i4r5F1K6vfE5ih8h6caSLZZriCEVjOxKqFWNu0mk8lkMplMJpPJZDKZTCaTyWQymUwm04+jNA7hPO/CufN4nb4UDu3QfoMT4mShMJ1pWhf0bl4WRiJIpYAt5hJdO1qq3lT2PTtUsFUJp+p4P0IY+QUxKNQOIQsEo7DLAtkzkJ8HFc0DbfJiviG0isaF5L/pzKtD8kkUrmgBJO5KnAy4Si9oJ9N12qHV9LeD496v8Aq1CSJrJKrGwzTPx+mUx/NhOh4fH+8f7k+n4xqXXAwOu3Ec6dKRK735EumaJRuFa8mMozjHA3Oz23/+6vPPXr26u7k77A95eALjPCHPXT4yF5fzHxqo5DaGFLU2TXCBr8SBp3wi8kQhZodaYEMT+pHadEIpT9eB0uI2VjubApq064fNSoSOQ2nxHzLO5Tg4Hz/52Hm2lgENK3LVrKTOI33kpT/JuS5/hwGidiZshzyDgwzHQAFS0TNxwkwUozHKYxRkp0NpoLurKkCDm8u4IiVIKLgq93uZ5mU+LfOERLkE/ii1hXot66SOY7kHQo02Kj2mUfHVuAcuPUk6MqdjxHi9Xj3n+yrGKYS9M31I5UGWG7Uxhzr77V+CvMCEF6n/EoAQTIn9rIjakwV9bswjFF9dM+XuLQ/3lrBkMplMJpPJZDKZTCaTyWQymUwmk8lkMpl+5CXVaygeBO6cNdEUDw8JaoCGghpdCwIE5J1SnJdlWuYlrrnRZV3zT65QjlDSTTgBB2q4iXwHPtWza+CGICPBEUQyckTODsIuDGTn4WGgbB6qaxJLQfYpLrjWcvD8W5og8xKxcGBIRYiJrkied1kjfYcfqhnEk0PVe3J0dEyXU8LOJK53kcA2Ys7V8vzVdl0qH3LgBdftE7MQC8bj48OXb17/4PUP7k9HoQPyhY/73Qg7Gq3gk4spJYF1mC4ZQGw+xDCF3WK8Hz5/8fJX/cpftRuGgZN1QukYB2YQfEODOQSMhTjhoWlhKmKAoWFLCdTDgFCVxIkbFKhEkUpRispJwjc0fUdIDtnie18T1+CHMiBQRoJ70dgUqGYyBEc0p5QGMHUjy9iORs1UU45aCJfO+OBgC1SBJPcQe5HUtoH7wik9+CxBNJwOPJhOoQ/XeC5dZLqtXCD2LkPQLyVo1BJItZ8v1gnFQ4X/uK4Y12WZ1/mU77MycNWpJrEpRbXxweZBIuSN5ztCrYBK5BH75PBHWxYBSj8UoOFpUBypebZwJwPbFinJ5aHanJTkq3r/w3WsJq6PBp18aK3za5cArjjZCG9SwrSSLGeyLSIWzZXZZjcjYbAYRInKrrD/kTazvRUZiZMHvayN9M5OXn1cGq1iMplMJpPJZDKZTCaTyWQymUwmk8lkMn17xOVCSdU4q9U77xVAAQUDODAFpFpONUh1rvC1eE6EwLzEaVlP8xpzSTFwcskwktsDZ+owD4E1xUGK8BzU0GwXirsGYQ1DLoGjGzgRZszFbMJQ3IjAbg6J2RLCXNjShO06NI6GuJNB4nUaIcG18gRBwx80BSbLt6p8cZyAUnp12ikk/wrHZValLmouCXMzTmvxmtlTvtXP0AOIuwqLsJSSPiGt5zFJuNJvOkkSCiePFHJM0DKfvnjz+s3j/Zv7L6d5zj8xl3c9aSSIxGuFmOGMQANAtVyak7jkwwcfdsNuP+524+7ucPP5q89f3r24PRxGPwQykhFzF6DCcpI8HVoQK7WQhAES0wtqVLwKFPvI9Wr0aleAaY3rSgE6nLsBMUZHiBKNMWgkUxJcgS1u6Hi/cfNQF5nCMLTMDudLCk7FhaiFQdJtCsDBmEjPQBVAxXvOSoLk2voWfxziaGRyebRAfEyQWSqPTNOUISjnSIFuCTwrg6f+GpwbIgh0hHU1Q7vOuqJ6k5D2uy+mV6+dC/MhqfEzUBLjkpfEROlKNPBdahFK30o+Ur+4nWumMVjcTVCn1kM1OwFXMbGrVj7OdW4t+gcueYCzU6N7zsBFlOKDc99xpg+puN6f4RvFgKTcmDVeqy4gCdkRpxOsxEnCTTCaHv3MezBuxGQymUwmk8lkMplMJpPJZDKZTCaTyWT68VILTygBC5cVan7FmxXGoEp04j2l4phLj2vEaVnmZV7J5oSAEqlle0m6KW4XjTbQ5sRWQf0muAcoIED+PXjYQRjAh8A+J4yveAm6YYAj7xA8YSh5Y+CQHXFuCBwsA25jYyHV9VbzZNpFEyPEpqGyJiX9pR+E3orjCZsG34JFoBEL/WAncQ9x1d7EcR6LxFVofT8P4HGaHo6P9w9vX7998/b4ENOqjAVZUxC9IcwMx8eUzvCZ6FOuHedNh5GTdD777OXti/1+T1YxPHp0uVHABOpPKrEZTkrJgthUlkYhkFCcNFAa0PJzFOJkpS1KgmC9OpBYo34ROfbRqLRO72vSPDPYGqRFGnGbPO2oWE9ps5gqdFNal6hzW0akdALLwCv+oa4iYrSjnVRTkg0NwqN7JTmmvs/LtRibyHa87mzjrrAkV3ZCV6/QqT0IXxyDWnnYU1rXZVqXhSxuYIPeALRunmEfri7fek82nsiXM0J33tLbDTpy2V8ovS6OSUxCXd31ecV470wfWHF51MwpOOcNC3qSylNRY7LkaY/lNwMoCZ8NUoJiaQXuSWObr6xvqBmTyWQymUwmk8lkMplMJpPJZDKZTCaTyfS1Vb+8Du5KIbAmZsB5Zby8EDBB81+opEi5KinO07LkEniMDFJgNQMhECQESTlxoWulWYLQ71ACPhy/HsHvQtj5MAay9Nh5/oPCnTiJBaFGc9sMmgxA+Q1ewnfUs6FeRDPF6PNGXKmPp5R68qYNRTdi/fYSmXK1/NkOutzktIjvXXGXSLnTISQkhiCyfUUe2O9///uv375+8/bNPC9JHCvoYumaEtmmiBWNAhfqPsIl/tGH3W6XRywP1m4Yv/P5d3/qp35mHHaUppMHkM5KxiRIkAgDFlxDdsG7CkrQlKbLblOABnjJhZGa8xrJ3CSmPOFrGU9fczqIjfD+zK1DQQfvr4xLf6oapqNOOuIJ4zYkFDWErRmoKEprxm1RIedaFdwVwKRsKLCKIiz6YWlfVo6a1Fwz9FANLX0Hrq2PMsZPXHhyFYJpRzM4w2hXHuK4rinGuKzrPHG0zqJcFyhndH735lGLqDxKMV5BQXmQV6HuCyXNB0rnfaUFuo3lArBMLYc5uUIjOEVt9I46u23c+5EHMT460wfWMr+VJx6qGZETnIsSkbzTfx+YKqTnksKFSVx2eHqT8moOq98Nbv852TxJvynixGQymUwmk8lkMplMJpPJZDKZTCaTyWQyfQuUpJrIdehAgTPNayKXtS9tPHRXUA8Nqj5ymA4bWyARJ+u6zFlTIiYCqzmCBtx4tifx7B/hooYypMjFa6p9S/yNL0k/eecxhMM47P2w82Fgb4/gneAmgX7EOgW5VboAoiz4lAMRDeLfoI4lcgFsL4KMwjTWhK8Bo1p8SH0cobd5eFZXOZUuacLz/951kIpcvoS6EDTBAzUTSUCWFcfT45v7+8fjw+PpOC9TjGu+No4j8qAOH4lSh3yA3t2E6AHye9kPw363zz83+/2LuxefvXp5uLkbh53jWCKvDeTJjzz4EjOjV+JqlE0ZNsAkZE+5RiddWOnoSPiDsiYJisNJolQdr3YyIGYlWO1zgON1qF0XL+vRvYuM2Jn4ModyeAL1JpHOiENH1wT0hBBumz47l7xS0IZxjFQ8UUAHA3s2RNYzFi8P2AT2dIAORUGV9p/zf3hCBejQNcv/6/IVD5NEmE9M67rOeXlMkSKNohBW5346MgY6LxsMBZQM8q7DSuQerdwJf9rhJnXswG8uj5kV8V9BvcecDOClvYp7b/JgPv4t97kzfVDNp//IVUQJKqqkD0flTdTsJAlimIQ4Qc7RUjatOKO47tkhd7tRJiaTyWQymUwmk8lkMplMJpPJZDKZTCbTT4CUNqmFcqkUY6mjN9cGQDWvoKJilJIkVyUX5IyPZV7I4iRyrI0Uq4vNifAhZyVIbPCAJOlAScYJHoYQ9sN4GMYRYGToBCg6xwfaEwb2/PCec2SYceBgHRD6RIgTX3JSSuEbxX+BbRgEP6mF8VT9MJ6pk5YCPB+8sTzpkkzK+PTIQ63C6+7AHfCOsyligjyY8f7h7eM0PU7H4+l0nI7TMq1kLpCUC1AUQANUArTEGceDNnh/czjcHm5u9oesF4fb/PbmQOhJPp44hRWpwcikhFAg3BS4LnGGzVLkNdtioAIpegGJuQfkXBdyN0Fhhly9VKk2C3GC6nVS7FgaVaKLYoOYuH41Vmsagp/Kp7wZq6WCzgcWZMI9BzdcmdKOwyjvsd9V0Awtx29aqZlL0F98d5KhLg4oPUH8qvxJl+ajC1WTjJg4WdZ5iRRiNce4hlA7LKOGXbwPiJeREiHqaSE0iVezHSaaGDLpEBO+bV3jfXSb0+XeD11N3KrYwZMXe3XKr2p6+Pl8qd4HZ/owSml9fPNz5SYtz4OEHaOHBVxiuETRE4fF3cQxFIbdTXRmKPR8BwDcV74tTCaTyWQymUwmk8lkMplMJpPJZDKZTCbTt0ZSCtdYloIDSCVRKttO0jd8ZQTofQIGUvgb75Hr2bkAuaR1XulnTZHyX9hjRMxOWoqKc5peosksHPSB7KzAlIoUPQfwgVAScvI4BPE4wRHYxEPL5AKa+DFQ095z4owWOFH2CYX0QAkb6eubBRcpHAomVMeKS+Lk/C0X6eUD3H6KXbOpmD0UTkLK8uKwQp4ljMbIuC1rjEtc8wD+7S++/3B6nJYpv10xUksl6UTxGDoYd8MwUMBNzP32qEhA3nEchhc3t7/ke997cffisNvf7vcDRQ4BBWDEKOknSdwykgIJksxDRi8VuNFAGWxmBXJ1KaLEusQoUAMna9D8B8mhQYn74XbEOkMHME9wqItHh1HCcqTGrfSGRioxVFLBBbU5ESiphzBc9WahGJDBuR5Fce9TyS7Hp8Il5RYDbtdGWRObQypUgcWC5PJkwyVRcbkFy+rsun3uU6LAC9+SGl2TR31ZltM0T6dlnvOEDXRfpAaNFe7E8ZQw1sStpdQDP5RRpbxOfhMY1ZLwHYa45K12w/FtSkSXrkMxGCpjw+dCXkVQ3FU0yqe/ovogqOzL5tFwIcR5Ov7Vm7tf7UwfRsf7/9Dh6moAGm/MM5+fTPT4x8iLh6YW9LmRxBEq8VMgMTyH7WaBAlfRFo4B25yOzJWMMTGZTCaTyWQymUwmk8lkMplMJpPJZDKZfszEtfxcPcwVZaowCkuQBAlhswrMFenA1WbKTMm1Z0lVB9e1PwAAEABJREFUyR/nkuTqMGblFymuFLeQpGbtOtaEvDRA3QpaBVySSRJRFOxNQnErg/eD8irkdHIzDrvgx1ztRgk1SZSewx/n3g6AAzjBTShUh/vLBid8TcJ4UEwPKNPAIRGOYA7nXCVS2CaE6u+bKnlvtrH96r5zxRimmj4I9iGmLwzOcMnVuajV2KimK/SejBvytVH11sXj6fR4Or65f3jz8Po0H+eYh3GltCIPbOcCK3nGoETAVC8PGodhoLyelabpsN+/fPXyu59/5+7uxd3NYaTPOGmIhjemckU8GOjFTCZICgqK34n3ZSgUuWDKQZIzAAV14DURBTRxzaAmcTfFO4M2yKSnYgEiyBENPEEIXIMWzqXQB8lpVg4tBEVPHCqOQs1VAiYJogRlm+yvU6AVc2UeODuozlqd4lQ8PHSCUUANL3AFrWLy7mkYlhcjHT4XDUEpoQOueb2tXI4fd7tht5NTDDQpkNs5TafBfXNiaxpUPIWnYqUEq9MyTcrxcACSXn+jPJJz+Iy9Cn8g95qvJjpqdtHZ0GBbEzLnvtw6gpxU9xQFcKCkA2EX5XMmeG/fl+P9Xzbo5MPp4fVfhMKCdfic/J8UH1GyJLW0HWb0ziYQ60LR396B+8bU414mk8lkMplMJpPJZDKZTCaTyWQymUwmk+lbIzUsIcTEJXGqoDdJiAQ1OPFKEGjOSqkxx5SWlAg3iZLcwqAKqOWIhOn4GsfRn1RbSVrYJgTC04+nDJ2g2TrUwuhpI2EoTJMMnLvjGTQJzg95Fyd4CqMBXCFnow7tqFPLDKUfGFooBfKSH1F7dcmXXCFOqieHfg7aEjC+IFcHMk4pyqlBHFdohAmocWRNMi3H03y6f3jDSTqPp2ma12XFFfzAYTeVjnBDKLV+vS5qKQ9W3m8/7g4v9reHm9vbm9u7uxe3d7txpOFDJ64EqHiNRGSI70wrFVfbEehMPXR3F2Uype7MKyTyIkmS9VM8SjZBK80NBMQHQ+1xkH0z5JhKLiCDNeB8P8K+JdIU25US2NJsPDS/R5kfAOgcaqBcB7pi0lGvMFZ/m4pFQCFfmIoibw9Z5dx5vh14fsV/x8sHeV1iRB8Rw35H8ND/n733DpjtKuv9V9kz85Zz0ggQ0oCE0EKkaEJEQpPegiIYsItiV1S8VxEuoPeKCqI/vCiiWAEbKi006b0E6QnpPaef89Ype++11m89Za29Zt55T05CSHLvfb7nzfvO7Nlltb3zx/OZ71ebMSAuqm6ayfr6xvp6nNJJXc/G66gtLiZ5FnCrV9uV1MkNKOACg4lwrq7r8bieTOJri2AOeucYna18OBLF8xV1nhed17QmuyCgauDmorSdeA9m4ia3MM9O8Z5nRXdNZjuadGdR5NFUf3k15EHQR0QQjDevDOF79ZHtLLpFiotpvH4p3WemmEydAJO0iJxGdxM22inca3T+Bb9dOp6WiMkP329dc04kK0IkEolEIpFIJBKJRCKRSCQSiUQikUgkuhMIshKAGHGKbU6KeqIOXgELQlYoVIxWqfbX+lA3kKQDUR9ocwL+HGQ7glwIQSf5Qo6L4ckMQXEaitEUlwPgSAW/bQXxOgCXWExn4B/ck7dgZEyF0IlNGIpJAITRPldCDbtflKiMD56+pT8VxjKXL1Hb2DTQBwyw4NkD2Ycofm0SLWHYRcY7GEsFqShtMxmPN4Ybo9HmqB5CjI5vycTCwKkcsSAWWQ1qAOIfPn6GNjB2YXGwuLCwNFhYGAx2LC7v3LFjMBiAxwYYC4B9jMbmULJKrtSGwFhI0Z+QuYyQglyMJicNcKwhtxt0pvE+DZrSKYuGOo8d9cprXQxjxo1wbgx6wKTtvJ/qyIdukKnsPeWXYdLI6jkzgsiRCbSv5nQPHEv0uukYD10enx1jApvtcNGd1pGFE6Ifj0cjF7RdiavZVtZasC9xysGP98PWra+urW2sTZrm4KGDq+vrKyura6srk8mkbgA6uZmC+/SHhHT47tOEjxD/RTk5rm2acR2XUNvUJg8KOqBkRCgdBDOnE/ehE1KQ/HxoKQTKfFIMTxHtpAsqJPMEOtM9aUSN4rliB5bssRJUIsDmOZ3kh8gRMgPebWyufW3H0d+hRLe1Nle+FpexMTonTan0IAiMHnKAWkjEGaFnypPXCSqtQspjUow8wToyR0oWiUQikUgkEolEIpFIJBKJRCKRSCQSiUSi/1OFYSmAnehpIwYwHCF4gkEBLiQaCI0JTQtmCy1YnEBtEjNrktdIIApAMSyQ8mBMLk4HQ2SGTRk1xjBcYoEhAdaEXE/gLUXtYEsQL1EAo4D9iTUcFgPGHooDbQKE/wRD+Sp4ca0oUYeaj/2lr+uXbg6ZOCmDdRQ3frY8TihBoAQYTiiBzSFXbpEyifX7OCIQRYTxQ7VrmrqZTCbD8cZwuLkx2mzqOoEZQGOExBcoSA5KqS5U/sV8i561/V5/0O8fc/TRO5d37FxaHvQH8W2v16sg8IhgmlBZvCT1ERGbYrLZGwSazOlDIWNGROF4YFziuVqfRDYtqmNFiqHQBWyABBGDJMQbmQSUGICKMOEm2cRoTtpRpRMH2Z90o88f6cy5pK3o6MH8A+V8eEhHIrQElx4uyHRyXsPg+5KRF+Qu0K1FOUKFyAXHuzhd3IfBoOpZCP2BWCQ98c2kHrvWTVx9497dBw4d2Ldv3659+w6trjSu1baaNG0g0x2t66aZF69zZBEh3X2YZoiOaONdN46LaOTaNi5kyBiCTClPi0YnWiCtJFzuITv8qBk3GJ1sjBSwAoYJHs13kpqdaFo3U3BQmrKiqbMd4dHeOga3SGsHPr2084EApYluOznXrOz9JJsUzcxRws1C8XTwzOuFGf+a28rLRCQSiUQikUgkEolEIpFIJBKJRCKRSCQS/Z8oMNpAsABMD7gMTZEbhhgMnfwRCF+I9W/nw6SGOBjffTGeE0gUl5g9ghiBy/9Y1exSXTpPjFjtpmAdSx4eFvJ0LEXqEH1Sof8EpufwFtxgLLlmKEz+YXohaJ0tO7hSH4gPoW3o1aESfTJf1N95Ngyh9GgoTuB5A6AhioJaKJRFe+d8W7tJMxlPxuNmPKlHcdwaVzsYdEfQDcAQhb0FcCohWCr+I+5hDbAmUYP4szBYHCzs3LFzeXE5vgD+hpwqPCIYMH8Bm+IpWIfcCAhDwJAWo1Q3p/wR15U9nQc3OjI7YQTHEOGhkm9KOTohOcrQgtF5/VAZ25D7Cq8P3Bu34Gk7K5Lt5oOgpFCMPzdpdr8ixyjn8kx5dCTXDc4CQtwkYNtgDA0GGsFqqqr4zjZtO26bph6NNiajyXh1bWP/oQOrmxvj8XhlfW19fWNzMhqOR7Vr49pUgEdVTRwbW8HstwGArX5VqdTSabDmcAqzxInnxYS+NWCTU08ghik4050xUzohr/+S/wg88Wk+VIeB4MjYxJqk4ZttqJkhTqYaHKYWVLowmql4dVvJu831Q/919F3OUaLbTmsHvhj8MK2ekH/Rw57jtUKgnCRHAIrPgU2ZNckgFfF9Ia2ibC50WyApQYV5T2SRSCQSiUQikUgkEolEIpFIJBKJRCKRSHSHK9axiTBRaDTCDhQm4RA5qSO5cHjv6ratm9oFX9b4U8mfzSwUl/fxGsltAZRDTsCyJFAUTxREl7C7CUWyoN9Jis7RTKjwSz4qkLEG1T/5kpqMQeBqRVCJ8jrV/bF6qZVOwEc4otJlUF3iS2DQguEafAcFduQDgEGBSi2QJRMf/Hgy2RwNJ5PhpJ1M2jHwPUaTSQdBPTSGmoaDEl+wPyaFmywOBjt37DzqqJ0Lg8GgP0CzE/gdRyA4DwMPXfWGcBUfGDFR7CuTDC88zVAyJkg5Njowj5NMDYBWYdbBTyETjAqpkllRiV+w1nZpSsy/GEAPyMoFIQ86kD1d0sF6apCn7GdCWdXWKfVFk5GJTquMPTh0Al/Y/gSbxCOInVRE5mhPVXQ0p7EajXVoEMHHQZmV4ebeAwdW19cOrh5aWVtbWV3b2NwcNpOmbR0OaONafA2mMc5WDpmYAM4wCBqhFU9lq3ilKq+sXHsP00SHVrN3RTd5caHQunKwnpx3bR01aduWHGz4DDi+OGcqeHaOCezzQz0mWiuzWRkN0wRyJSQlDRvkDWUozBQeJzP+P7wWQjrh9I3kj+y2OnLZjZUv7jjmwdYOlOi2UNtsrOz5NKRH4eyRlxXgZpyiwwuJPIC8g9VNxIlOVBqfKD0Kp8VbPD0PDyut1M0TWZpWZveeoDYv4IlIJBKJRCKRSCQSiUQikUgkEolEIpFIdEcrVrXx2+ymV/UgDcYA7YGfaK8ZMvCtx9K0betYfm9q1zKfEEt/CTXAkBvVUQ0KWQ/vEZ9gmoI+QqQEzCC8a4yyVBAHOxPgTjBXxlgIDtHgfYLACgbvkEUGpoFUAYvtbAVC5yz4ESpg+hkTDR+wiQTA5O53cSsEORgT1JY0EN1xD3Ai7Q1eHz1O4lso+E/axnlnsDd1PR6Ph00zboEUGI/qcdPW3rchDjUCE0gAQGkXh44sSTDBxXCqTqXNQn9xMFiorN25tLzzqJ1LS0u9ajDo9cHlhSib4GMrDNIS2ASP0IlHkIBrxjgIPhtdaLJlwU5RTRnzcxzm92ToBI8yeG6djE0YBqH6NP9KuAfZZQDhERJfQoAIEREEMKGPjk5ZRbhLoF4wkBRSBAyOdjYmYQ6lsGGA9KHYDWtMahciU67FyXEe4RMN1fRQDXpxQluPtEmUg0Savq0cDJA2vd6oadY21vetHDy4srp7D+jAxtraZESJUbn8jrMMbigB+xj6Pepg8MSNwJzaigeCZjMOYaW3VtK3hDXpYoUymYV/cAC8wmClOENt29STSVxN3jnDKUkB7yO8hYOGPhJYQ+uAViwPreJQI7B28SoNm+pijjojE8LH+N7CT6f3T/0oJyS/Tz3a8mpKN8cXbKNQr+77yHEnPFmJbgsduOmD8alVeB6lDxh7wpvTZ4ukLqIsEM+EGVR0BC16ellegl2JjmC+tT7iRUEcXG7yrVxMIpFIJBKJRCKRSCQSiUQikUgkEolEIpHoNpOhqjNxDCb5VVD+iFJYno9VRuOC897XrWucozwNQCdQAJ8Y9hyhLVrrqegFRZYeCU8BpAGYAwjPAWsTa4krAS8T+G2QugAMRSNnYqhZ8DYW8tHgBDenUmWuWBIjoSnkA3NJFFs/UPxMcjsBU5FEOKRIIM3JJJo8U0zRtVBeBjseuJbPbhzQN6va0I5qDECZjOvJqG0mPrjWu9a1YLUCDjDWQ62WiqWQoYOgB9uJ+HgS722vv9AfLC4sLC3uOPqonYuLiwtVbzBYQMwFcR1ATCy5zxit2PaCkRuatBSpE5hH0YqtLBJV4lOqjiLshLoSuE+dH0ceGl1YXeQUHUM4EJmm0BIyaTedDDBwh6A6W5LkssLuGPhpYlgUOoUonipeOznMQxl6GddfPKvjnB2kL2Qi8c4AABAASURBVLyKawndR6BxcYhh0eJI9Qb9uHombVPXddNOhqPRaDjeGI8Orazu3r9vZW1tbTzcGA7HdT1qJs6BdQz65xiVrEkQpyLiRJGvB9l7ePLVSSBUupkA7aAIm0rdMiV3EI468opIIO9c2zRjCGmK7SOwJx+jC96DVkBgLEAlFx1VBKBkfAh8gwK2N6SNU3YmiTJJE2/4cgXaxffY7ajRxqVrB48/6rjvUqJvTYf2fHa4ekmBdileOT57WwHw5GmF0/scrMNLzqjD5duE24EHEeBEJBKJRCKRSCQSiUQikUgkEolEIpFIJLozqN/vV1iqRwcNQC7Y4AQ9NJyHwIVY4G9j6bttG9c678i9onRpKL+prss/oYvdyIVtYhI4z8foCuJI4rUpTgf5DaRMKvhtyaKCwBQyRDGUBVFcThPVEpLbh+JqeEJO1FaHCTJ4SF/FT7V1+qTrUdDJtyMdRlXYWJp1Huqz0NxYm60n9RgdTSb009S+bRFI8J5YkFT9x4t6Nn5BogY6C8lCptfrxW4etXPnjqXlxYXFXtVbXFhYXBhYYIEqGkXAGQBGcNRZ7wObyFDDvacRSUwJohcqJfCobG3i6S91n8iPRBWkCB6eKmB9QgpTwQYYthbBf+TLopgmCcQq5fVAcxdmasMZVcI/TjN3otNW9C3pwBSlOOspfoBhRsFA/3kKOXMpnsFa1zQUseMQ/PBGrzX1aHNzczymrJxDa6sHVlfiv43RMK7niWvrtmk95gkp7Qi6AuYkrn1rNHuOeCZLTEJCCJdB2AVtQRIfw74uhoErXU0V5Q+PZ2QshFewo3mMbWvquqnjigIiJn5kOAkn5PHCCBSvEnGy9UrJjybwhMC6I/8S4rdoJ3Y0oXFleKvAUApbC5Nu6dkLhW8/g7J+8NO9/l0Wd9xbiW6thmtXrOz9GN3hOhFv+bkHHj9keuSJOAzZ9SctsKzDUB/f1pUgtIlIJBKJRCKRSCQSiUQikUgkEolEIpFIdCdSv6oMESAIg7QpYcU1ocVyYyzPe+fBsSP+QfuEgKkonngMlZiMBA50dclp3EArb9DiBJ1LEFnQwRqkLrTtGdNDVwzYAr4hutKWgQLEYQz6oABOQPQDVcGJMMHMEDSG8HTVwCEwKoQ5FUpKcvGqs/CYCQXh4jsAFuBfktEVB+fXXrcQeOLA+iWOSdO2o/F4NBlOJmMYJ+WobqupHYrTSujkmFmjqYAb/1VVr9/rDwaDxcXFpaXlhf5gAUCThTgp8ZAKaRTAbRh1SGYl6E1C1WCl0O9EkUMLhZ4YqBx7p5jO8ZRzRJQJHu26JJ1kTJLNSEKK02H7F5ww8j5BWgEnjHKAgK9ICIn3KYmF0lzY+yMwz8MM0GwoSxwKYJs66AThB+CN0lwgIEHOOqmpCoAkYEQ8Ri8BH2LsxHnV78d2DkeTAyuHNifjPfv37l9bObi2ujHcXAMvk3EdZ8sA1OI8WYkoHCPsHVn1aGRN4FPjkieL5yWT/VrIxodhpwJUMl2vcNuROp2kiKi8Oj3GHXGsTtsAdOIAYiLkJ63GdLN1UxmmzpPMShCjoXSjzuaktDNROSKLMYSQDU7mNPZm/U26VfVtUTi0931V/4Je/1gluuWqxwf33/BOCJ/SOmF57GWiVLmekl0SEnYqP9aDUtuujU7fttnvGsDvbl+vHZFIJBKJRCKRSCQSiUQikUgkEolEIpFItFVo+WFK3xKwV8AYHYfJK40H6gTIDsrjUDaW+11xvE5RHlxuhq0hf3NeqYLsQJMMYASMBXTBtzZAnk4PcnOg8g0ACuAmusIdLBbBMXBHI3fChX2jMsmQS+3o9kBgQzL+4OtPxY9M10PZj0N1XEg+G4IUQYfYd/gdnEOSA61N2sbVk7puUHUDMEPbNvEn1uSxf3y5HDSD5h1AjtjYLegm0DdxT6JN+oPBjqXlHTuWq14v7hD7jj3FncmPBTgEwhDwP+eRE/IK4RWPLEoHEoAPCNleOEYRPEyhpyQd6mPHcORwJUY6PEAr0D5DsSpGM5qDTVGEm7BzhirsL0xXCw4co5NGtfMxUao4hjcZlSEIaBqcOzAFQU0A4w2PqBMAIlY7rZrY6bg6elVsT+3aOAV79u1fW1/ft3//rl279x46MKrHwVbDyWiznkDoDoBVlTc2rmHjjQe3lIxWoHUNOtjEWQ5ARPVCXjRImJCJC+EeiMUEGgulSgMdPbWqtDpS6AQv5dN9RLiJ820LuTpxkU2AODHYAoxTwhmnueloFdMBBKprOdyrKfuI2wp3Ew22Tfsh19P52xQOGLQmOnbMdO1VU1E7czrVhfvcxgq+PrDrXXc9+QetHSjRLZFz473X/Yv347yF4BJ8RQ+YbJYDuAlmSCl0IioSmjrkyh/mWgkKvG2hEJ2e2V07RCKRSCQSiUQikUgkEolEIpFIJBKJRCLRHSuuN+tkzIGVdedc3TQeit++QYMTa61KESpQhs7FRApzKUqBOlMNnKXD+TWWsRIgTyrK+LBVBTyA7cdXwFco8jhBxAReWMWhHxWGlphASTrwn+7K5CpX61OfigopeWMEWxpsZL8H3ovKozonvGD4DBpNAKihPRInYPQCli9KNTA2kwlgJ7XDfagWantcEvWBTVQYsuDrgGnJoLK9qhfVxz/LyzsWFxf7A9gQhTiOqaxNZ4G0Cw0hPYCNQLQRFoWRyPDUcDbFoDYQI2AIjoBwDOfIdiVHZjAJQIYrpByRg6uBPUy0YbOXxKRoVbApGSdgMxBVWn5oxhxCAn6CThFHyVJFFVPB8UWUlQM+GpD0oW0gPxHKtdG46qxx2rRaOa1WNoaH1lcPrqysrW9AXs76WnwVZ2U8mTRNi/45tp6M4xDUGkJ5AKEhZopPmNroYRgrbahZsfOeAR5TwCQB4Y3cP80j1YEy9Ce5s6ThrLqlmLurtor3wDSTwIV/8jiBztTxZRoJAgJ0Uc5nSEWVqTqhuFQCvVQ3fzozWzitOV6Htyf+jIae8Rm8eGEv4ekyU2ErZYyW+jbLNYf2XPPXx57wtMXlU5XoyDTauGbvtf+qQqM7XM+rjJjk5C2fPE4wnStPa3woTBMk83GScvYPjyXdcukj2iQSiUQikUgkEolEIpFIJBKJRCKRSCQSiW5nFZYk6O7hIc6jrpu2yUVDtN5gQxBf+IXksvxUqRGL9yHobKRhiVwIisxLYlm7ssCaWB8wZAdsIyzW/jU6mtA+nN8CHhDAXhgCAdBRhYAGk77vTnX6VPdmesSj84kq+qZ4d97EoUDxbEZjMZ9DSwI4iWCmUGjhlwLsxrl23E6aFiiTxjXxeg7yhtqU34OJPaaosRK0AWV5BwQEyPStHUCaTn9xMFheXh5Als4C4CeVJb6jApsNxHKAvYjXbFrXxnfoOeOwIozz5SmRBvkbSPPhHAyNHiTxLe7dUv4Ohum4BBAone0sbApaoQ8ILzF4ZXTyUOxmoqhFPMu4cyjxHp1HGKYFRz8l0yCLkevWgXAXimcCAgcMXxTkEEHmDW5XDg1ITL/n4tqIw7WwGLdMmrpRfnM0vO76G6+47pq9B/cP68mwrofj0aSFnKM2zkZggiY2HQxemsbHPsVL2B6gUwmWItiJjHG4zzQsTE6ZhFkULFLqZNDFAsoZO1OrqlhmIVTqSAru6dpMTcFkwuy5pnGuiTOoKfsHl7meam15sRlLCZ2JomRBY/itLokTnR1p8kEdq5Xv6pAWTphKYplhS241a3IkWMK8azUHd7/j6OMfs+Pos5To5rSy7zOHdn1Ym4SEqTzubG2CNFgGUDwH66DM7Mn4ltClHU75cV5gt7HSCRNTqFOUlUgkEolEIpFIJBKJRCKRSCQSiUQikUgkumMFkTEejCCaNpb3J+OmjoX8WNJz+KV3i6YVOnkimJkK+zTYQTEvGmNmGDnB+iNwJ0ZBcAz6XVSY7gGWHuhigj/4hqATk/M+VGIiFB1IUIDJ3iZkuoDESW5N8hnJHhxcOkfOQJObA4e3BEh3CaplYxIkTrxyra/hL5box6N60ozH9SgOjg/OaQJbuOBJoInHeBZgG3RhhqGhXGuq3mDQX1xY6lWmstXSwsLiwmBxYXFpcbHf74M/igHjDRO4oUBIwBXA2qRtGu/aeGpKviAHFc1WM+wMovBgTCGqwKKmjarB7QNwBeonkCfsXqLYuoSO74RmJ5pic1TBLOjO4ESlnBmVQBudyR1NTVEEAjGc4RRvxBMEnXe2YGtjbRw1o0xv0Iubmjjk8U8F/E0wGigfG4bj8aF9ew+sHDiwurr34IG9+/cdPLQybCbBmtif1vvWhzawRYk3ifNBOkKhL0PARRsQxIFGkMNOxovY14MMWILu0nM0NV1PLW1cQlNs1XxegpEMWORHJkRNUjgOFfqBGmrJhgUQGU99IceTwtAnMSDZayiv9vTHcEYR34bJjCV5nHBTMcuJ+SO8a9UUp2USl0BAgsa1dRs6WBh1qxSHY23/R9p631F3eTTEconmKa6kfde/Y7h6CS7xaTpEcSAZ8UTBwUNH48NU4zum+NgQZcuhR6Db2uxky/mVSCQSiUQikUgkEolEIpFIJBKJRCKRSCS6g+XQN8NhtEJTN+OmbRGe4DgFpkh0dnng0nPGO5LxA23nqjU5WiSIgUxKIDgGi/wUnVOhB4MF6AS4Ew7fQQgDzCjQtEMDPMD+GLnAqANdPoSu4N4hDbgHYwMzX7nnoBgOeAlg2sLkAFtNwGh4dM5wddu2HlN1JuNx7SZt2zio2hKuQCcJlEuDPAAaBBjCX9DDI/bLKltV/V61tLi4vLjc7/cWBwsLg4VBfAV7oI8LlnsNgwexyusM5/s4IA0gHMeFXBxGIw7DTQZMweM+6IDiFOZiOFCruPceBhT7G5SnlBmAfTQNBXInxujO50Lx/GTihMdztrTL+E6yTQi0SNLgh+ydA4E2iA/Fy5pewMvF17ADMEbAwcTeIxRSQR+0GTb1voP7VzY29h3Yf9OeXWubG613ew8diPPhlIpTUyONA4SNVh5wG50RI6eJTeINTCTBeil6iEE5qclIkfDSCamwTn4pOpu3qGlzk84Z5OY0C53MLdQjsMR+MDTxmOLUUuOxibi+iTjRmfqhRaAobylNExf4E20EJFLnWUJMSbYt4QExKvFHCR3SnFjF/daJPIDBypcLfPvf8RqufX0yun7HMWcv7bx/pmpECmGRjUPfWN33qXp8gC17wow1D6+5lCgGnkj4GPFpOTr0PeomuoBIphKXih04/4xXTzJ8Urd995RIJBKJRCKRSCQSiUQikUgkEolEIpFIJLozaAK+GA7yabDg3cayI9arMZIkVSlzsgcYgCRPESZQ8L/kHKGSTQYndABWkiAQr4wF3KEyyhrcHgIAKBoxBCxWQhwKchAp0KWjWBQ3JBAlQq8zh5J2nfLpUMngIb3wyQoFDU3A/gLO5PEt0CaQa9LE8ajrOCoAmniAOaDYjhACYB6U+qH7AAAQAElEQVTsi8F5FB5NHzxn+uDZYtN7fduvbL9XLYKtCSTpLC8tV1XVh59eZdKIcXZLIAzGBYzuIX8Bj/k53EGvsusGwRLYV4/5P+iG4sD1I/7glEBED2UWaYrLCckgBY8zFMKTxgehEMM5OnnqjFZz8zFyTR8BDwoloiQO55AvCXnGAjqxKOJarNUWvGwUvoYhA9amF4wZ1fVG1Gi4d//+3fv3H9pYu3HvrrXhaNJM4gRAFVw55Evi4qmcNbGXsbfJqiOn4dAi0SEvSJUWYKCVFTQvM88mNej3ktqqVJcZZHCpznZYYRuUmkOchOkCuEkbD+d0ksvwuPQ8MS+wBON8TibBQS+pmfgp3wGEW3WkFBMpXbPSyjcpOifPNE2n4VSlxGiRXY5myxdyNCr7x4NCrUUzpG+Hbr1dBbXWt2ur+z64sfKFHceeu7TjvvMW7v9biktpc/WS1b2frieIm8Ct4ovPCT5KzB7ciy0uwBagEzaP4o9S7tTcIZ1BWGiTnv+BSCQSiUQikUgkEolEIpFIJBKJRCKRSCT6v1SjugEbDyw1+uRrgmkugVkK/E11Z8om8Yr9DrInQmc3wYXv5J2QKt5kbVJBcg7Ut6sEl1hEJKgEzi80UhFsVlIQJ3hJ9vlIxEny4zDwz2R/h7m/qXavc6CEB+eMNgAvgUk2rq7buvGunozr+K4lvxAeD/qGP5ASBogEgxgIDhokjViEPMDOw9r+YLAwWFjo95cXF+EFmJssDHp99tnQQKokVoDxHcw28sC4QFNgdA1bdjBgwqYb7OsSYts0uaFgIEbcEBTEIYFDjK2stWlKYCRpntB8JbY6/rVpfsgmhHJndDGYeIQpPCNyglI3mAjK6O7D4lRGV2BYw+E18GMDmtqYfs9p1QJlESZtOxyu7zuw/4orr7xx167VjbXVjfXRZNxq7WJjej3sVax569a7eHrIHGoaDSFCvarfdy6oND6EuXBsEFI3ocuNAQhIIQCD+7rUv2TNg7JokKEZPlFKdVVzr6egjrma9T4JfHKGTmYO7HCTwH1Am4k4ly1kI9WTuBbZWwLBkjzonlONFJjfsOFJyOAVF/szTIQeJ5pdTww3K62GNJu0MzNeCdzKfeJVmlYdX+q2da1Ijik3i4ncPEfSNquH9nxgdf8nBkv3Wlw+bWHpFGN66v8led+Mh9dPNq8arl3p2g3PjzB6dpt8b6vZfLQ8v8lWp5xnrWfJkUCPBn+4OUnPCJFIJBKJRCKRSCQSiUQikUgkEolEIpFI9H+9mqZuncMvtUNNXmNtmmNTiswUlVJeyBOFNhMForOy3QIYmVhKxrFgrgBFbYzRoQq3rTA/p6J3KuMp06V7hekpXal0Snln9u8wSBcU9XQqr6coHZA1CMyAD0BAvww3aSbOteNmPKnHsd4PwTpg99Kq4Amt4NaBfHKHCFazB4wBDiBAR3oVvdixvHzU0Uf1B4uL/f6OxaWqquJGAj0wnAfzKtDcAsYbvVLAXQXE1gKaK78eQQqNVhg6xa60Dv4EV9eMfcTG0JAaxiawwQFTdQD/MNaw9QbsAW3ROjvSBPqEXGUYKQJDj5DDV4rZ17oIWskGKoGTegwOfrxCZcDEBuYcwBzYYjFMJw6f2X/o0KHV1bXN4cGVlT379u7evfvQxvq4adH1xMTxdQsLXqs29tfE37AxNtkH2ze6h24liOsYD/PgE4tjqLE22MChOmy14NOIBMyJMgyosFMPrQScUeOmq+eztfQMPalZFWk73UHB8LKruvwRXYImBbZB3AlwRM41DbrW+C2rXdOShVHEWw9nAuOXkgGOZl+TRA7p7m7QaTLZ1iYUNBgv7my6o2fayiCCKk1Owm1hI9KBPeU9H2bpHVXe+TlEiCCVLc8F9rYJfjjeuDj+aFUNlk/tL5xg7bKxS8busNWStYvq/xY5N3bt0LWbrt2IL5rx7snmNfEmig8XgOkCcVm4wkwatdC5VAW8m1Si3/CpnqJ20rLE/C89hUnR4ajiEdy1Kqic4tT5M6m8afZ13jJHenqvMHcv4VpEIpFIJBKJRCKRSCQSiUQikUgkEolEojtarQebEx9yHRdDUnTCTAjaCMRZdIV3rj+mZBOluvI3MRCG424gzgMjdWylmXqoIFLHgjlJCIYCWDD1wwDqYWKNU3uv+Sv2nkqfCYhg4EEXF0WDE8XBLlSORgIjeTXkWInYHQrRaWuM0IkdHzcjspdogDgBDw7qJVXoA3pKxKb6LmUITgifQlaMMYCU6H7VW1hYWFxaRIeThcWFxV6vBx/aHjI1BkdDe0fJFVr5FsbbxX9tQJsTjwAKG47oZKwRAkXteK/i3g0yCRA4gxshvgbiapCLiZcCwIRQIaRhjClQIBtMfm24lkvjywd0DhnQDkw3CpQVxE3RQMNY61sfL+rJ/yYRCxCJVPWA6DHGxb1tpSqLwTomDutwPFrf3Nx7YP/+Q4du3L3n0OrqcDLeHE/qtoVQp7hbVSmwP4EcoxCHWgfELoA7AcAC1qVpMWGG6tmJNSBYIlvh6ICUBeXkYAYNkTKaa+o6ObMUpevtY0OmStlhnmVDCeTwUivPhCux0ltiRpLtBG7ymK6EdxXm6jiM1Jm5Bt9+zJcEw1ASgDROq6mCv2arEkOj07EdXbwO/xB3EhIuk85hu8Yz0MKQEbdDHxErcLPKHkXbf5qBBj/vWrrEVngTjRM3n+ainWxeWQ+v1OBlhI41Hu71nCqTs5O0KYaFLh0sn1SbjLPQ0wZXfrpH9cz8ajXTqbAdK1H2N2w1jzGl0RANRGj5I10pnhSKB6OILzYWgrWExk3Z7EfzqsPQHM13PDMhKmFPaqqd6KnE7j8hET4U80TnLMZtelPR73K71mrLDM4/4JbqVi5BkUgkEolEIpFIJBKJRCKRSCQSiUQikUh028mB+wYVVzmphiw9ME2Dy+ZTORupPKlLJwXeQGAD59wY9jUxGKyjLHAnDJ0Y2gksOQy5nVCR1QSy1OA6uQrZWMEXgT5cwiQLhxyqM1V/T0wKlUrR1ML51tV1PZ6MxpPhpJ40foKVfxd/gAAhjCGw5UNIVyTUBWATjzYjwcc+VKEHrMlgsLy8tLi4uLAALwb9AYIjHeKBhwc0igDeJf6F4cYyMZwssL8JdZDe6M5TwmHYjnM1HINvGtxZA+8CqURA9oCLisEBoytaaC+BLmheQrFDZGkCwUCd0YkuyAQ2CaHir0VmY6oMDDMEBi82UIEeqJQ4eZB1Y3o9jweYXt9U8Hbc1KPR6Pobbty1b9+evXsPra4eWlvfGI9awG1CiyQJcDA9jN3BKr43lImDEwBmHoasZFSHUqgE5PBK4WlWfGAx+1qlKczrEhkKAimmII3pBTxHvuMJZgrcs3X06fGCTyqwVaHPwmwaDqw6XAgaWQhcCT43ly8Q9BSt4rsMlBAynKESXDND0xS9hDkzbHCicvQV37D8u8Q4fCgbrG7TPJ25SlcgzqH8xGzZM3Tjgxu2niy98IrtWtjdCJ4F7OGh9dSKYZsg+l0wWAlfAaOcRKikp+P0Rb+N8AM/+DKuxIsq80BBs1dUcQCaJil8BOMHvjMloQQ1HhV6/pDHCZBNnqO/yoe6urVIyLc6JkHfNvuIRCKRSCQSiUQikUgkEolEIpFIJBKJRKJvt7gGrbA0bSipg8p5IaUr6K2HGHYxMXQcu2rwdthgkYyo4m9lKoZLkJUgDkIDaGBNujhlOmgyKUGDEjTmCODp0H1jPiBRYdFsINXMVfZlYVQCwld8io4A4wxIs3HteLw5GY/Gk1Hrmta1LjjEWzwdhTSFBk8EHgCKnAFWBUEajAVSPWvtwmI/amlpcWlpacfycq8Phie9qldZgyE7ij1XPBh/tFj8xWwYbxhr8Sn7ApqWRjbWfGOrfdu2xJoglwLWDF2KBfqZVOjsglQJjjzxO8GgUwpW5HFoFbvNYGfoN5mBFJqzDKDK7qncTvk9CmYJLhG70VscxFNZW8XhtFXlEQIJVaVtFYdvfTwZDjf3r6xcd/11N9x40/7V1Y3RcFzXbRxBD5FFQSMgoo3nmQPWKAExiTwAeoUcN3S2BCFLBYgD0hlCMDkQJvmezFvVM7+PrBCeM0RC5ho0J5WYLXvOVL3Lga14pzAdqBNSuAnOvffkdeO6fTJqohPvlMAnimVSUydkpxf8ZVJr2cWEc3aStUnmwtjUg+ZAm3JkiGNQdwBxUkBDW3aZe9wMXbPNyQljohArxz5GIfk6qZLXSDhb5ixCBsfQ42RLms/tqS0ZN9gIXtXYUApfAleXlpOK0jyrTDKxuUmiUhJugkgWUHDsZkVg2RTvMoVx3QHKxjtCmYhEIpFIJBKJRCKRSCQSiUQikUgkEolEdzIxsaHSl9o7KwE1FQ+idfLD4FqsyfV1LH0aIjMIecAX6MVhrdZWEbNBFe5EHMAOIZd8kSdJ1XWVivNwxaBVR0kwosL5MWTeQW4oPp6PnQ2A6XAOv7XvApAbDWpjuObqpg0NnMGCJ0hIoSspaiQUFEuGWiBJp9errLWD/mBhcXFhabAwgCSdXtWzSM1gwAVFFHHwBVZugQHASrcn6ITMRnxoC3IgUGnXtW1T18418QVCCN4a9n2IhWHkR+C1sZqBHc14UDJWMexLoxX5yFAKEb1P3UlZRkj0FEvAoztNXgx5yhVl6ICzSlU5paqFBWgiskO6quJhdduurq0dXF3dv7J2w+5d+w4ePLi2NppMGucmHmKEYN9eLwC7g/VtDqvhNnf+GgydlOBBXochL0FqN0Tv5KZTfX2banS2pNC3sFRdZDLxDOm0XSc2Rqluqcy7dBeDosoX3ChwOIF3gBU1jW/B7CSfipZ6KMKsPLl1eK9CMUgZu0pvVG4UvzbFPluIE6UL3ER3jUxUgrpdleiIrWSPVvMaM6d5GcLIdIVKrI6DBQgUmIEbv4Mx0nXTWtTlEkwMCm8z0629PcaHH4bKbd2ebw9sIT5EMFgn/qfy1BZkjercqmhyfToTYnkAQRU5UnnJcxu6/ync7gtjewmAIhKJRCKRSCQSiUQikUgkEolEIpFIJBLdOaQJv9iyUeXvuqMBBUALYFcBbIcJbHaiCEtAUxONUAO8ZijCkBUKVXmBMuFSt07BPfxFeqVUwj8S/UF+G4psGsjXI55ZWcrugViZjBQEY6iZUFduY80VwI2maVvnGxfiq8mknrRgIdIqtPKgkj7AFmxWEXQqbbMnCAIS1hryNRn0BoiZDJajlpZjO4BAMbar/BJjwkVpPBpO7KhVaTBdcl1wVOml4R2PQLGFsSZORdR45n6vZyswUOFL8DCTfQls5BHRPDrKZK8ZZguoZAzmLIrxDjiacA32C+moF4VuMgYDXbJxAvmoQKqO7QULjTFLC0sVZOisrK9fv2fPDTfdtP/AwYPra+sbw0MbG6ubw0nrQ5xza3U1cDaAuUTwKdTHkLOLJw+JgthIG4xiax3NDEnocIhU5dcl1cQvCAAAEABJREFUXxKKyvhcdUAKDpruznZz2rJXafWgVYFI8N85tfiKABHfWYZ0MARSJhCx4xrmjFL3/IyBB5E6cQslRQWKR6F7TzFJQmMChjO5/Rrv0MQmsVUL3Cq9ornoDUQxWh3bE243j5N0QXRkgdbY3Pw0Ap4fPsCUUb8IBJlHnCimKhTnNMF7IJ+SSYz3eB9hMhQOGg4h3GMZzcjkFbeEPHZ4afKAGAIvbinHdIuE5w/pCcy2JSHMLAyX7nbqnwM3F9eFNOluxDJCBOZOOj2iMF7HU9qXytlDfDwvgJwHhQ9wlVfLHSKe4o4XujMRMCKRSCQSiUQikUgkEolEIpFIJBKJRCLR/6siow5FZc28Feu0OhUsyeFEUwYNQiZUjbXJIqOC3BxLzINF7KQCAAWDdRTjKQY9DOiFpdfZLIWycVSgABosJ1bpKHBLsch5cFwMOHN4ZdgUASuxUC51rq1jCb+p62ZSN/WkBVcOcD2JhWfXtN4hFhNPDxXWxD3owAAI+awEAC/w036/2rG8Y2lpOf4bDPr9+NOr+r1+VfWICuCECg6f8ImTwQKxwY/RliJeDcdFe43pFx5sV1zjYpuoGD4aA3YSPwSMBUGTqqqwqXAwJOdADEsmc+KsBMwoMiaBJgbpgmA5cId2Nez6kLNTjO6MGyg+ydNoKPZDYZzDA1YEhirA+FQ2XszBxBgfzP79B8Z1Pa7br13yjf0HDx44dHBtczip21j8bmIbbeVNPx4CY4F2Leh5Uxl0YYlvabosQTOQ9YOX7Bw3GIPAtUgrkJ1NvKIKPPwKRe6H0jfjN5HjQeitV0dqeRK23CP8QjH3oqc/ytCJ7kw0VMUARGdoQ/V+MN/xDugoWDOIIHUWHV24T+oAb2BISSWXC/htjM72P8YUzU1+Qvlu0tmZJZ192tIjZHuhkO2Cwtb+f3s0c3JdsEJFCxJplNuzFTgIhJsgTYHv+TXxOlrrDG8VviaZOOkgnmyANN22sgVqPnox3aQjRFO2Dm/AeLCujxw4lk8bEvUSmNZD6IQeZLpbE1NNCapjiRDkCRjjFY9rYXXR/Rby8uOlmG60OwveEcq7r3DlEolEIpFIJBKJRCKRSCQSiUQikUgkEolEd5Q6t4hcae0SGJTimnSCFxhoYJsK9DUh0AQTXbBkWxk0OEHugTgUemEVoydU8aT9cyNUOr+m8ygIdSH/lPinVzExorGGrLRH8AI5DqicusbVIDQ1qdumdU3TNvGDoB2d3lgIqcBKqqeKrYXkHw0xPL5V+Laytj/oLwyiFnqD3vLS4sLC4qDfr3rQEkUISWigczhmSMEwI4EUSyAgAhAAiA5SsSGES0DeTwvta6B9YxcbSJYE2O/FxQWDLiZcEWcnEsWGI0AX6DS6mjdiVA6PVxZRG0qlidRpUHn2yMIkhQrBGSw4xnD6ERoHAO5jKuBrgtGNd3VQ+w8ePLS6enBt46Y9e/cd2L++sbFRx3GuAZvRxhvjlXHgbtNDKwmijFSPKCZPHQlGWfJUyaRIbqdiX4miIg7+IIxBBXanUHmcZ4rfxUe3gcLMa2zl4QruiQBRJTyAC6FK/iX5xtI+tGBI0cbf8ENOEwVoUhAnBfmR4JXprhMekayDdLFoFN1Z2fWGzU50UaEPZHeTYDKGfDKrke//jHd8+6r7W858OJKo3Hf6QOSodEf25KED/MmBqRFGfRGGYxLFYhI1pNKAmM5xKXufsB3LFuxlpuHzM4D0Lew+nSmDN91g0DLAJgWGSzQ9rj0SJ+ihNOf8yfCHyRIGoTjiC5cjjBjCT2pqMG83s5vtVYxNwm+yyVC8m4IgJyKRSCQSiUQikUgkEolEIpFIJBKJRCLRnUFG5coy1liLUiPlWJhUfE1eI4ApkA0JoyeUpIOcg9WqSpVvqogDgBIA0TAcmRM0IRpTZXZP1X34yJCXh0YsJF7Lm46q8EBwkH2B823b1PWkaZumnoxrMDhpXQOZLsqBnQlCKoHtWjxVo3XCHnxosf3OVrrX6y0tgpaWl3YetWNpYQkJEOgmkQMhtFyuTTkvhkxIwIaEYh4CUTTEWUAfDRintG07jk0cwa/4upk00G4PLiNAuQCiw53jpJygKFUHg3SggZh8A3YvPCM04sbQ/nyUylYcDASB+0oo3nOKiGbLB4uThnY0cXxi3+JrNEoxENJS9YbO7dm954Zduw6ure/au3fvgQMbm6Pah8bFwdetht5qaBL8BJpYtLABtxqcKBPKKBBKMAKXFmwF+ORAig4X3FN+EMejpDwRlVKY8E8IpU1HAgCOuCx+JNREUJ2HSlGATz0JhwMIyvPT7VRBmZ82evIP8Vj6d8o75AQ85psENVU7Zy5Ac98MpKhksqaI88F1YGcTRpBZUp3ZiWV3k4476RxZ0BaEl0Vhx+JCka0Tbg8ziRkyw+vCgCR3S2vfvVHbz3xIeUbKhwLc0YazwPi5hA8xRR4e7AxiOGAKo2Wme206Lo6xqKC+XaPipyxvksEJ80D4Apuc1ozHnvo24DMlc4PZtyXM0EvEFhFiAk/KdtrjhEUPfFqJaTrSmOhtnWZupSgNaSt6pOZsKdGf+BDzSiQSiUQikUgkEolEIpFIJBKJRCKRSCQS3UkUUmYEeTs4KvNShY9YE6M406YMdwEcAovflowEIHPHmmSjUEGxGxmUwKhHPKlVSFJ4n6MSsPKdQnw0nhGIE4iYsSYAFwFxLJpiJIJunWvGk9a1NYbpgMFJ27YQFhFaHxyiFR75j+DJIYLq60iQhIw0KD0YDPq9hX5/MFgYLC0vLi8tLy8uVj1IhInngcosuicorjbzgSHltKCBB5ViEQ6Jg+ZVhZYo3sV2NaPRaDgcjofjZlJD2g4OFwfoAHJSsV9BUeAOiKoQHUJ5QuTIojObkpADRE0MxqroBAcZKhIHKoojesLJRYlTiCeNOzqdrmwtbYkD1QAfMz64unnjrl27du86tLa2ur6+OR5Dgk4gu5WKqBSPxixBYcoR20BYNktJFe+g2UNHA0ZAKyz4lM8UyDFnmtSAbmCWUOIfQrEznkdRAlIXNlKgIWbOok6UyvxP5wtSkaayZ8rP0gvbXXfrXoqaXWVWhWwl0E4CA008W1OwncmWgjubWqCFhQ6zJidp0DTfslqrTBukme4q9AlNUgWwwm4yHGSTM1ySwcntbXAxdwwziRIIolLbsi8FsxJyohJ3Au/3juAINLXbzG5eTbobzPk7pIO/rQM139GnaBqti9jFNnmZpF2Sx03BhYT07KOVSG8dLswZ4kSr7O0zbS5CBNJtDiEd5nRhy27lWhHiRCQSiUQikUgkEolEIpFIJBKJRCKRSCS6k4gL1FSJTqXpkPwXjGZXAKIeLNuQmOS4AQEtVnPCjuIMHTgVuSxYQlXiR2wZQiAE1rs1BcdoJEIAoqiMir8tpLVQcouuKovuDXF3SMJxrmnbtq7H48kk/oUYnQa8Q1ISi48vfC4x60AlflOZXlXFa1bW0EX7Va9X2Z1H7VzesbS4uADEjLW9nq0qbGhwGU/hU2FVl7NrmCNwGFABfioWO05IQVO7yWSyubk5Go7q2MimhcgZ5GgMuZdgahCjJDy6mvM8NEMZNOxsdsImDEVGSiBvka7+Sxk/hokTRWyGD9qjWUqACavizHg6l0Xrk6pyWsVB3NwYbgyHBw6t7Nqz++DK2u69e+MQT9CYJR4O89FfiH8g0wguaxlnyQOBRjk5wYfKwhjPoTIskuxsEu8Q2Nkk18+7MBE9m2UTyBSHRj9sBRRuvgJ+y6rkZVFdc5tCsrkoWqVU4cYR2P9Bl7tV3PyArjO4nlwLy9e3bfBU7w9KTxEn83wp+INk8KHTpTWHvsAqsordWYpVkomTDJooxegXnMjgNJgwBZ7wEGQK4TYnDLZRmDe8YZo0OPzhOX0G7kMK1Ykj7BwkzkxBJDrPGj30DI8t3nT5jFMgWDc2t89o8GXLNzozXMTfALTnsW1epcCw0DnT6O4kCSUqT4nACaUO+aCmeaZAblduCuVRt2/Xt0p3fzM0KBKJRCKRSCQSiUQikUgkEolEIpFIJBKJ7gzK9iYhFXg1p6OgxQiRJYSSgAWJtslzg+J1LMXrUHwFAiRMHwTDiSIAKwSyKVF8BU/+IEE5cM/A3J0KWBMNzAfAJ2CiYUwAMsO03sU6vXcOaJOmbiZNPWli7b4mtwj8ur5H3iVXTwPhEMBbYAW1qmwP/EvUzh3LC4sLtrL9fq/XM/1efzDo9fo9CJxAkgP4FT4HFK55iLpIh8CWH5w+4bAErKBpbdNMJpPxOLZuc3NzMonNg4tXtopXAVsTREioKGyApEGUIXsS0ADjabOPjLWWDSyMzvYVeKCachwwbBBCzjEUUOQ1wjVxUG3V6/e17RnTI9OYxjUbw+Foc3xgbeW6G27cc/DA5mi4urGxvrHeQlwQTnjcuV+1XrXOVf0+mNH42AwbmFLIwAOPOXu/MKyAfEiZgEN1/uSokIJOpmrHISXK+A4hmPmwcy5JzEs3BnPpiFsVAIJ3AwMebDjSoVipw0Fn7oZ/s8sLh7bA1ir4ZB4SHP8BLKnFcBOyn+kq/nQp1RmOABaQYQHT+ZSYhFAYBl205aZpE9KLnBhDHxU4RZiDDxBT03lb3G6sybQ0Tb2hFuCvoDPmNbszRwKFqSQgMjVB5ATCt1qFt1O+V3iIeIOm4UTMouS/dGGiwVDOrVhH35LmdFezZ8+UaU9IDAZMq7GEnekcr4MmJrCS0u5stwML0bWA49Fiz2xPyKk6Jj1h0lAEfcdyJ4WNCxF6SiQSiUQikUgkEolEIpFIJBKJRCKRSCQS3RlEJcyilgdERUpl8WScUFlrqHSt2XwDcBNkL8DDA98CVYFFbgxJUfQtfKAhsGgbT2QheSdZhWC5PB7SH0DUDBhxYJ4OUBZokwLHQbSIryd1gzhH0zYObESgag+1eyRCuPKf/UGYhcAuBYBder2q3+8vLCz0+tXiYv+oo3YuLS5VPQq4odaBIwLE8SjnffFFeqjVwiWM6c1GVVCsBRRuoajtfTsejjY2NkbDjbZpwMBChyqOR0WOMCY2oWchYojajB4qubpNZhQI7NiKXlRgypKsTZBLCORZwVYgZkvMhdYEwSAMEeJcGbQkMVbZXhxTb0wdC/CTZjgebwzHu/bsvv6mm/YdWjmwujKcjJvYr6qnrI1/dM+0QVe9yiHjY3q9wVJ/PB5jERs8bqyGUeNYFmyboXK0zmVyX9gspNlOBWNubmJtCDEhbsAzysLcRccoqc4xRRUdzgN4GN0KdiLcLKmiu1b5ggDIbhqd04n3VOxH9sSn3xiukwGi4qxY3U9WQMnnxOHUhtRbvlsZcGF7mQ74YShGTznBaErKwjfBm9xRcALi4B76z7NPRvBlX5N5xpEqe7Gkix7hIYUvDsUzzQzP1AHcAVo5RIjxJx6hCvwdN+NNlSYlZMJCl7iQ4g7yxGefF627tTA9AnnMZ71iboIAABAASURBVFbK3C033/tttud5J5sTo8rQKToyTRt2gWgnXgC83mg54cM4La34mKsdWp1oHK6uDXBS13WvG5MpUClDPuo20dzTsLdRmBk/7h2Td/4OpmBEIpFIJBKJRCKRSCQSiUQikUgkEolEIlFS5wMw/Qr4Eo7LURZLfhbIEkrDUZjTokv6gQrYmormWLF03mk0INBNSGEv4A1iDGTZLCz0gf3AkxLVgnVqH+iL+G3tW9e09ST+q+sWHCK6wBFKmEhFWeoDOCVAYR7Sa0w8c7zwYNBfWoZ/g4X+4uKgqtBKBENHIIjHkyWCU95xMZ5tXKjKSyEwgS0scHcq+zrnwdZkMq4nEEQT/7UQmdIaBSwOeJRAj0y/6sN7hDOgYfiZ9gTw8NBZXWnMH2JZS2APESRUK0aOJ/U7eaOkCjrTKR5ZAW8CXKVXOVM1LoybcT1yGxubq+ub+w4c3LV773A4XNvYHE0mobJ145vYzEE/HuMJWEFwoWkBnDHVIG4bjZtetcAgQdAOi/sVMS6lTQmXyFWJYUytMfyVeQQqnHv0YvCpkO2xyox1cCIvQvK7CKrEWuZVqg9bft72wxm+BMecmKJuy+HFOA2RSGzWwperFKNXHWsCJIRiL590IPMi3J7QsmUN1NQD3i1oMREw34oQJJV9XzAdJjECCmEgyrhK90TZc0Rk2EokzPQMzTAC21lMT9y2xEmOYtmyOclud9zUpdP1Ei8WdGfskfeeWUyEUaDHD4IUzKE41ULaViCWgoKkkK3BO8bwY0PjSPI1PTwOQjmP+CLdbwnvSuFGqS00LHa6I7OrRc/ZNndEZneK9zACJSrxVfFMLTeYmC+jsstTXhH4oDZpjSDCBeE5PsEpcRG2aLpDLwJ723Byk6cWk2mK1hUezQRZXFTeJUIpr12jblb8lDr8HjNDV7gn8WgYejgV1k7FshGJRCKRSCQSiUQikUgkEolEIpFIJBKJRHessJ7KsQxU+0slvUAIhQGHEiQpkOYgf4r42yB6QuVbSuBBb5FAJURLFhgYWoGcSSxx+qpnBn3bs9Wg3xsMgAIBV4IA5UxwJvBt29Sx7A5yTdMAycFYiMcCKORm8PkzgJIpDEiSMaY/GCwtLQ76/cHiAAxOemDFUqGspWom2o2AXQpAMZirk74zj4V7xmYCgiCWE0oCNKJpIdanndTNaDQaDkcQptPGGrevLF6gv2DRp6QipoVbRFky2ZogAFbC1AiwMRZMUPBDqBjHMUR/COisIcYlecxoFzA5B50g0NkA2BSvsSIMjQ+xFbHM7q0de7X/4IFd+/fvO7Sytrl5YGV1ZW29njTkDgNRLzjHodeLs9bCxFFhG04Zkj0JkR+J0ilScrTyuUTM6SdbbCDSvkYV1iBcRU/1Yq/AyiZvRLiG43kUgUuJQ/CEAeVrFvXnJLMN4XBzQhue8v20vcKswwZ5zOTNzAOkE+XkH1RF3iEwi2i8AS9CTmwqgBdqQ3KmSJ4UjN6Q0QlelK0sgqbIGMuXT21hrxVDkSlMNqXN2SslMRwJagjpxRYdvqivS+hom2OPBLhQqrMfSf8KludwhzFBQt2A5wOMMY5zSgFLu7ExDIMnvLEDhEzeXp58i6FQN9r6lli/3HolhyA1ZS4CSyQuAgdWLo5ulmyzkw8N6Q7SBdJBPGDwamZq+MGfuBrmuzrs5w7CO/KDIxTrCVfIES4skUgkEolEIpFIJBKJRCKRSCQSiUQikUh0O4jibHSqZlOsC5X2rDWQ+KI0wSZoIkLF6wotSwzZWqAjhTe6KBZDFRO+ma+V15i3Yq1a6A+WFgZLi4PFQb9X4YlVaHxbN/Fn3AJi0jjfIA7SxuJx8K3Hb+pjrViHuC1gXAkl/xgOBiGvlKoXf3oLiws7d+xYWloE8iNeo4fMSADDiNjyAF/WpzwK9iyJvw2X5hHHgKpscjwhuAC7W08m49FoNB5OUE0D0TOQpIMl/X6/H8eph1SLJdsRPBTCdRT6UBAtYLKXSoWGJhi+gyRPSFE+ukv0QGSHknUMdZp8P4wnowpbGTSHIY7B9gZO+/V6smfX/utuuvHA+sbq5ujQ+vr6aNxCugbgQ7EQHwhogbEDiMhr65KVAtqQJIMMmsI4FjzfZH5QLpr5S2nrJp9AB58/TyfKuEmmLNhGJmyNKDFl6XuqCB709he/ec3lLbY0YLbsHnhWEr/RtWBqS6XQHCcuFt86TsvpLE3YNqNgP9CLgt0pQhnmlNgRtgHR+RoZNej8bzS76JiZ6dLTvc6/VWDuJ2zp582O6GF2uAVUQBffo/NaxHdaqTm4QzdYyQ/GAbmmIFIHcnW8J1IpjY3uoBM+bb4EP7IY01F6Zt5nZv12Zi8Y51J5iTCuhFxY7HGLbiXkYqIsZZzhITihSP95RzskgInCvULBrig1gw4xWcakWWa7DD5o1B2ozuTkdp0FkUgkEolEIpFIJBKJRCKRSCQSiUQikUh0swLyIcW9KIJOEohhrEaPE2utAsMQ2N2T5wRXcqmgGbcAJAJeJlTC1mBX0gDmUKH7SN8uDAY7FoE26Q9sD0AQ531bT9pJU4/Ho6aZuLbxoXVtTTVTuBSYqSjOloFiaRMrrYBr4A/5ifT6vaXFxYWFwcLioNfrWxu3WBObCzCKxhQTz3YTjhvr0d6EKrDwcQ7TMWT1YaiwH3eo6zoWdyeT0ebGxsZws64nDq0UsEwdG0HuKZZTTpAf0WxCQQyH8ZjkURF/ghsx2ccSnaIM2cMgRuMN54ogm+LZ3YLMHIg0MOh5AoVgbXvx5NAaBSYwo7o+cOjQjXt379m/b21jfX00GdZ1Ax4pldKVqqp4htYDOWLJHQMQG40MCtXZNdmnKE4M6Qr2KqW3sNFA4TVys+sqFP4E2UYhpwIFlS1NCCDofpchJqV0aTPRWa0cQcZHbtIRbDkSUZQNvZyCTsIUxVLBMoJ1HtdtnS+oVelxkvb3SJyQw84sd1PYV3RETFCJPiHEQnV+HnRzovsQQWGhc+goO9E1oohyCRRltHWCtwnTuc2UqBo9jSZtUUjADmfD8NLxhFOwN0kmvHSxPjKBkqYNP0qMBcqoMEXk3BkUeNrhN2YnAckUH6+4UICfw9uBzKhUJrcSvxWSeVDAZwWvsZTAM0cZz/EZBrqDlGA3zWCSMkKciEQikUgkEolEIpFIJBKJRCKRSCQSiUR3QlmMxqFKLYS/4DfmNWEOiit94MrBdVwGVOBl58XguRYe0HcDCtfOaA8YyKC3tLSwvLCwMOhbg3BKOxlDjk6NOTWuaWpgO7zTCtJuFHIgiLYoCL9JliQo1+uZPpzH9qpqsNDvo7XJ8vJy3Fj1gAOhVmARNmgD9gfoZuIcIDHKaIsVV/IU4banWr3GKBwTi7mTyaRt4PdkPIpv0dOkjj8wVgCMgE8JmpjE14b8SsgUhKr9hocKTFMwHCWOpVWaSRSNJicUvxPABMajYwtUganyDZ2G9sP5Y5sUWqJQAEjsGwVqxM4cXFvZHA7Xhhu7du89cPDQ2mi4WU/AHyYOWbxQfxGsEYJ28frQDLI2gdExKTsjUKIIMAsmdOYShtI15pebb0nNt3Amyb/S3BBVk+QQIfCMAYUwRUZoPd9Q49bwD0dGEmitZq95hMV3tvpJ+1bONXG9e0eeP5wSUhIngZAqJk44fIeDUbDWztfG8CrdRRkZgpcUGukwMEbwFDr00M6hIGLmDGIoI5ISarEdiXAzYTrfknTXeKV1TpQ5EvmMVRArAxgXohKJTihPk55sXieqZormyeu0HINu4hOMo24/hcKTxrOdDT/PmvgfhczQdmbasl8OLqfgE0sEzB6FlNGnxHAoMlNC+dlrTxMnPtyuFI5OUFUCkIxO+Fup27lVIpFIJBKJRCKRSCQSiUQikUgkEolEIpForqyiKjUyE5iig0gFWHRYQ5E68KnlIjhbnDisbGJyDbImQKtAWRcxCQArIEZncdDr9xf6vX6vUmBsMm6iWkA6GgjTaWOJHLJ0XIMNCZhxg2QFMgnaBIPF0VhahPyc/gDYlah4wn5/MIAAnR789CFoRlG5taVOxVeNoy/207f7QdZUyeyAQzpie7GKCwfXNZAPm+vrw9EIM3QacjqJl4gd6lkwTmEDEKMpHIdIHY+YhFXkEEMOE1j9t5YyT5BHMbm2rlJxn2rGcHgHWuhAZIHRAYYSEJAQTCw5u+Drpt4YjYb15Nrrb7hp757Vjc3auVEzAabGVB4omF6ooD7tfHDxSFsFH5uHRVtjgVfRfFG8eOJgYHIVG4zoXKa+jdWxBLorpefQkDQg8y6rOTomv9+GfzAzl5t7tq3BOVtAi9A1sdivPKRsWmYXioXFbysI1nGOjWoSb5IQj4xLqBl3DV0wEDneBHbUCXpgJw/2N8mzppl7KtxOUrs7Pixdu5jhI5nrOac6EgAjT1vCwbYOd7YGOpIzdgY5gBx4ZnTYwKO4wejOxE8TVMYfGaIpYHdTLClFIxhUNnG6dcquMoW9zBEclOii2Y00VkTJkaNUaNs6riuEY4Km0SMHJBWKhUSDk+mSkKBAn7126Py64G22duL2VDcIIa1flZ6S83ETIU5EIpFIJBKJRCKRSCQSiUQikUgkEolEojuFLNolsNmJIr6E7BKCxZomgigYPAEmAViPjPVMsNRoFbINhqATW/V7tt+vFnr9Xt/uPHrHoN8H65QQ2mYyHG7GP00LliEQOeIaiKoJmrgQTNLR9C1+pT2YgBhT9cBHpOr1Y3G41+stLi4uLS32+lWvslVl40Wwgu0hLgfMMjhpA71C4rkdWGgwzkJ1bQjWsYCL2IAJFfHIthm3rUMGphmPJ03bakrV8VCZruKeFsgRitGhojAcDkyIofq3IahEYYKOIUqnLHxDmA7aVJjsJZHL7vAHgRefNkGttaqANTHWQSaOd8GPh5vjutkYDVfWNvbs339wfW3cNqNJPWwaHydrsNS61sXTaO20jX0H+sD2AOAhIwy4us2IAjudQMHa5oQWqkTjW0t197lL5TYpRBMO4guPk5JDILaCL5dAgfyXPydLkWn4Qc8UobXKbEpJn3B1Pl8uqJnomTCfaOHKvU5OLTnow6QhBMghGUjQAqjaGuxxgufDGGuAg6nTnhqAZj54WFxIns4R0s2IPWfzDo3Hd0yDobEBsyJCnnKHOxCGSvllJA3BLh5tMDIEsq2Hx1Sqjk6nv3nRYE1NbeZO1DTEU7jgbDlJsSMu33hDlPAL3MToYkR3Il7UkqMQH0OLG4eO8ndUiiAqr8IvukvNkb5ZECNsRZqOgN4K2xnMUAYYR+rE+XVgu9T41vG9isZRgIxh8BkjOGQO5VxacGSg08KDBiyUPK6AuFI9gVCe0ZPUwXwvbWnSXDLm2yOdiCsbmI7Z9pEUxOxEJBKJRCKRSCQSiUQikUgkEolEIpFIJLqjNegjW0KRFFzkZgwh1sAhCkb7ZMzRgQxBt97XldUL/UEPoAyzMOgzdZFSAAAQAElEQVQvDvrx3SL4kfScc5PJqK4nzWSMOTV1AOsRRyYLCFrEN9gC4DG8wagaBVAIuIpUFrCSeL5e1Yvbe1EQpwMOI9piyV9TWASdE77ZD9YpqdKd2A6NWTcUdgPF17h7G4BJGY/Hdd3EHyBhmoYYlFz9hzqv93AtrHWSFwOl6mRTBgYCyMgEa9w0cnk38guAeBvYM5C/QCz6xqszIZBDQNi3AjiXBqgDE48Zt359uLk+HO7de+CGXbsOra02LtS+reMO1oKdSfyJM9LUAJnYHtVqNZijQP0ZTFyUqjQ4OyA2AOhL4Z+AbIdPBXzDXg8B4SEcrs5kIatzhjiC0vPWojXTH4iHkAUN+S74jrrJZ4bx9IFyZDSSS0p3riIzLco2MV2KDJMZhe9IahUzFskpIREQHXCgM1uxpb9MwExfOuE6XpWwkYJ4ndal1sCMB1OWyD3zN9uNmkmuOIojVBQxJswFGF52bANjcvwOUhVm9qyJyUHQR82/9FT9PlFQiHbkcZjCg5LBiiqGKUy7tpTOH7Sfn+J8EuNADhedw0bgX9MzSE+NZNZC4BimMvH9rmntUtgMcF7k/hFCZyLDJw5megX7KfDEz410KteDUrMmLioBPeWRObVIba8A1kShOE8eRmDxEgiCT66mca5lJx7ATeK9aqpeD1AlNp7yRHSlAfF4YgrVQTovHlWswlC2LzC3h75HOsXrhKmWds8FVVo2zWju02Hrnj6xQuWnOJ30NDLJbyjdCTezYkUikUgkEolEIpFIJBKJRCKRSCQSiUQi0R2jQc8mpxOTvvNOFc9YvI2FysZDVZT5CfyWvAHjj761y4v9frU4GPQqg0E6A6wbx0PG62vr4/F4NNyY1BMkQ1z8jzwbqMhIRXKLL2wVT2iQL6mqPoTm9AEusQZsSQyFhID7CqbUBOVC/IfVcyjEeipDQ93UOS7xI2WCL+LZg4ZUGaQF2raeoJpxPcF8Hy5DJ6YmmZRghb/i9BzDuInNiEnO8WD7ie4DkzwUYKs13dmIQaGKakgBEmTzQQCK7fWCtmPn1kbj9Thy9Xj/obVde/eurK3VE1dzSotutQ2Vju32FpJ3KLrFgLmDNok0YHMTtjYx2iEYEQcJpleTM4fpbERwvvGF57q52s7z4Vst8Wb3BWx2YBgBDRpU4fWCrVNcbE4JMrOaoga0LpGAorVazdio0N4+vSUGIafU6C1nyFu21rcz8KHSulEqDyu8rVLlvmulQi+KREJg+gn5iHSjHugMBWzB3EFiUNKqMjjptAev+JAK/lM8RChDfHK8znRfO/6g2y1kpoZaknmDNCCBqC6aNeqV1nwszWsxhoFxEGxxQBJLFYQOEycB86QQm0htSEcHg+iYp7dEnOCTxfM4wQ3AfjD0k8w5OvqDZ4qWO3AbNKR0hkRkhaDmep2wBw/f4TyqBcw0zUCwm802tISiicZD2vgsC+Xs8C1MjkoKITnnWkd5ZjS6GnkUxPQyCKLTusqry1MjkMtzSHQEdIXSfBtqRlvoaO8T+wOfM7ky3WjuO3WfLXymOtgRJHrKSybvkOESHrvYIsMzVK63PPXUInY44mvMmxyRSCQSiUQikUgkEolEIpFIJBKJRCKRSHRHqVdxCAWYe3C9k75K37R1q4NDxwCoDNoKfEMqawY9u7DUX1zoLw6QFbEK4BAVhqPhOP5sDseTSd20zrfx/BUQG0FZ5duWQi8supjggbbX68VzYGhOhWYnmlgTLGu6ZFniqcrpsKCaTElaIk4ofSLHa8BuztFrSKNo4q8W69Nt3Uzquo7bKGQCy902lfiDZvcSQ5/Y5G6iKGMI83M61iS5nKhECcA+ytKQagZNiATAfcDeBfbyRDwki4rY5dipGhJ+JvGF0+qK668/cOjQvkMra5vDOIie9jQ2YKAPpGYYE4vDHuAVnWJCLJfoczk2pYsYql4rLtliYR5BBYhVYpgBz6PpaJ9hgeRFoUoDiw4BSIEws3YP24qr5ZrsXgKXl1OZvzibVgUQk4mLGc3UnfPOqXncdHa+UZ3XRdA6F8VDadWx1UthppzewRZB6+wv0oETHXSSWlfhgpiy7giQfsSEAlXWIVCKbDpw5fF1NCMLtCZTsT+3gSAPw+AC8g14XZN6otOQI8Tg2f1C3YzC0UctIXvE1IKairJRatpAJV5nfWOEzwyTwZ14ny0u9B798PufdspdTzj+qPiw2HdobdeeQx//wjdv2nVQ4zrW9ERA7x0aAs2mGrA27n/aCfc++S6nnXT8jqXB9bv2X3fTgS9ffN3a2ia6MHGskEcOg+JywPgHmDB4ciToBFrn4CYHx6Qdy32Frkrra0PYZAlPyfCNJkORo3YuMCvjHV8pTf7a+hhNkDRZy+Bvw6MR1DFHL0KAjXNrayNF4A8Qat2CiQMyGNjNzfj0aRPaRjBIOObohQeeccqD7nuPU+5x3LU37r/y2j2XXb37uhv2oymRIQMqfOJBhNbRRy3HDa5t19Y2NJsp6czcxSnApCGa9Nh5v3PHYs9C1w8eWIF15shYyKRbOQz61Y6d/fisXt8YMp6DAMpZDzjtjHufeMa9T9q5vHjNDbuvvWH3RV+69ODBdaXYC4vcqeKLhUG1vLQQ52JldSOvzFlUDVfPYNBbXhrEdwcOrikepnDcsTvjy43NUV039AA75uid8ek/GtejcYNMC6ZhQatM6O7Rm13JIpFIJBKJRCKRSCQSiUQikUgkEolEIpHo9pMB1IFLlRqBAPyqeyxQtrH8WlnV7xlrVNWzi0sLCJlA6k0f3EgM2o0Ma+eaejwZj5s6/pm0bQt1Wat6gJGwAUd8Yc0gFocrU9nK9CEuB9NyKtOrMFmHQmDIBiF49kfpfBk6QwQXOFcjFaAVW7MohZYAzmPIRNs0YGoCkRRxUzyoxaIlIh+peIxeAGiqYdHMxFrvQ2IIaBvTJRbfUVwPBnkYsjwJ2DX+ij75ZQQdmDJR7D6ARfVkKgCxOFgsjuMexuPxcDQejkd7Dx7YvW/f+ni8ORm7oJvY3lhA7y+B24yH+jmhKrG+7snoAJxNOCSG0lQCoy6qyBLRnrAT3AUCXsgHJWEe5MSA+TuKCtUqkSjMoyi2I0iWEN9StTckzw2fTCBCBk/YvYOunimOFFqki9U6rQyaaH1YU5b8aeAIkuydcEttE+hCZvsD8/ZKdexMgYAkjxM0n9AFzEOTSSQRETHkWIM4iUHbngQaZfpBm8zpzG1KSFiPT1cxW3fDGywsLPS/8e7fU7dEz3jhH170lavRtwjW2dFHLb/0F5757CecvTDobd3565dd9z//99s+9rlLlK18qLSy2Eur0qSced+TfucXn3HOg+49c+BwNPn7d3z8DW/90N59KwjnVIEfEbCiDCVoGZNwB7wZPA/pL/34437jBU+Or0bj+oFP+I3RuIVbyVTAngCkomkhHn/c8pf/46XbdbNp3VXX7/3UFy97zRsvXFkbg4lRPFZbWlVfexcc+IkvXvHcn/9TnDgDllDxEpxH4//jz1945n1O/IFfesOnv3AZQRvxmg8+85TXveyC+5x6t62Xe8cHL3r5H//Lrr0rxlZaV4DXuTb26EP/8Fv3PvmuV1y3++HP/E18HgDAg4wYE1xA4cBdzH4tb37drzzyux4YO3jMGeeTPwq6xXgKODPav/K//8Qv/sSzXvW/3/I/X/t3+PwIDz3rvq952c+e+51nqrQw6MXmcPw3/3jh6/7ybTfuOoAom6WV+ss/9azf/pUfuvq63Q9+7E8miycicnJAD5/pxy944u/91k/GV6c+7Lnr68O4w8kn3e3LH/rLuOXHf+X33/neT9E9/+F/e/UpJ971r9763t/83b+EETbkTsPwVnGfpPMqkUgkEolEIpFIJBKJRCKRSCQSiUQikUh0RyvUWIwkRgKqmEH7WMMd9HpVtTAY2EHP9noQf7O4NKis5fyO4Ot2OBqN6vHIe9c0ddM0eAKzuAA5OWRo0Ov3K2vi216vp9F3IL6mOAWoTILHATYhtMBxMKjhfbKl4FJ9QJ8BxUYmnBzhOVoHmQyH+Etg6ARTdwg3ySYNFBpB3hSa/3ZBPBl0qGJzdQ7WoUgftDFhYwv4zSEdlLMD57TJWsOEVKjFkjgbYUAl2EMxuFUAuTSuHTUt4CZNc2Bl5eDK6sY4jmO9MZlMXKusjUVxHBdwytBxMogAgXK6CSkhJPlidKkkwXSRLAiZWERdNIfIQA8o0SeBDtgxSmtJ+AV7bKiymBvYd0Pd+gWm8hQwHKSZbJopGjN5QvBJFykzZZ1QwhW6s/8I21+8+8gX2z1mDVEWiUmQzWGkp9uZ9y9tTmZU5WtlF5WQ00+604bcEbJOYTbE2O6yHOFUZTsVBiwKVwlEh4I2atvmF9Mwd5fkcXNL5JvgJtr2VLAPO+v0v/n9F94VvStIB1fW489pp55At9mD7nvqP73u1/7pwk/+6u+8KbhKh76tegSOxYs/9XFnveFlP0wDMRrX1+3a17bu9FPvsTDoLS0OfvaCJ/zAkx7+hB95xa7dh5TtezbNocGINyDhIwl7yB327Q8+5WxqzOJC/ymPOfNt7/6sCj1tva0GKcaJzEIO1/deZe9373vEn2c/6ewX/Pc3fPILl6vY5TgdphhuCK6ZgB2K6YXkhhIfTiefePSZ9znx0Nrwsxd905MFk9I/ecGjX/HL54NFFGrP/tVrb9xzj7vd5aS7Hxfv0/Mf/11PfORZP/+yN773I18KGNIUH250DZonFdp4KvDRgUcM4mRKI6PnNQNGqry5QpwmvuGsBvcdekz585/4PfHTd7znYxRR9JzzH/u3f/wSmoLhaHzdDXuatr3PvU5eWOgvLy384guefcGzvveRT/+Z6244oIBmsymmh9aOo3s1GKalVImthcJrCJ/ZwOt5l5rnVPxBpqobTN8inKPwQgpYGbXlRtvmxhOJRCKRSCQSiUQikUgkEolEIpFIJBKJRLenKu3QxUNbUxFlYa3pD3rLi4uLg16vB04kFQANbaxdTibDuq4R7WghsKGtyTBiYbG/uNSPNcD+wiAKcy0MMhxVZckxxHT1QUBGsNhfbFNcM3YU8UB2HOjU4HlvD9BAgJAIIAaIL2nbtqlbD54RPr52mKSj2OmA2AC+hMXapcHcIEWl6qJkbC1YmVA6B3iyoLkJwx2F34nK9X8iTnKBm+r4udytMrgBu3tlXNCTOHwO4JqN8eTQ6ur+gwdXhxsbk3o4mYzqCZi6xBp0NYjV3Di+1vaNNo3ziJpgIIjRgNUAm2PzpUOu7KJriAmBEY2gKB0IBiZwg2CADTqfGNw78RwwyqkjyQolZdPQzNBsTKEd23AeJUxRitEitjnJPiscDNLtZXUXWJOyisIsEJL3UVOD3tFF7NjCH27jgJLr1bNIzdauaUIFdCJ+DI6kysSJLnN9ustVmlNjOEWoIBuYukkmL4ZWP3FRirEfuD3AAshidZ9+CDaCaCSV6jsPZwAAEABJREFUPDMCrlrMizEc+KIz+uR9ogJS+I73s1OT3teT+od/489isR8AguDiHRaUf/AD7vWbP/+8+Ok/veNDb3/fx/kkHGRjLrnsau+bOBT3Oe0eb3nNzx29cyl+eOPuAy/7o7/73Be/sWv3fng0LPQfcN97/tTzn3bBMx8bP73gaY+Mt+Avv/wv4ynA6cVW8ZwnnHDcq3/tObE71+468Nt/9A/v/9DngDnA4Trtnvf4w99+4aPP/Y7jjz3qLX/8oif/yMuG4w3vTdAV2CbFwUlhN3gn8JjQeJ390NNOPfEuKnkl/eDTzv2Xt39IhUUD/kjepAQszLDhUfjPT37ldW/6j5C5DW2OP+6o+9/n1PPOOfMR3/mA2MHX/84Lvuf7f2tjONamp0JVWOh4106YkdDaBYTRQnjiIx8QP3zfx78yGW+i15B+zf/4kR85/5EK2ZqX//Fb3/m+T+3dd4DW1s6dS7/0U9/3Cz/6jMWFwet/54Xf+/yXXHnNHh8McIAFFgOgD14mPoLpuQbZOa4lwMw7XF7eJ35JtW6C42HAZslUAT9/8Fmnn3LSXa+7Yc9XvnZ53OeUk+/+ut95EUzB9bt/45Wve+eFH6HndNxyxn1O/ZPfe/Hjzjvn+Lsc829/86rHPPPnNoY1rjOrcqvISEoDJdcZ78A4agqTuvaG3e//6OcBL2wb8m0qbjIH/3eh1CreHHdoyXqJnriw5ihUCvHCct2KRCKRSCQSiUQikUgkEolEIpFIJBKJRKI7Vscet9RDJ5J+r0f2JLZCzAFqhS74pmlCA34isVrYtA6iHsBBRDlr7cLSQn/Qh2wci9VbA14m/X4vnsNjWg6nOoDHB5h/4AUDGgxAbdJjegKhB/F63nGtnNJ1OEMDmBOfMBW8eAArk6YFUZoO7pfRgY5IMKpwpGDCQtmq0irH0CCBgWQJVPetDR7HwJoUYELFUwID+ERAnJA1DFklIAyDnYBv46PNSrDgKRBaDz0ft359XK+PxwdWN1bWN4fjejgaT+q6jr2xMAih149lZYrdgbNXFcEZyMEkC5NAThh0uQRkoBkA0jmYQIHjir00sSNsBJGcQqBwi7E+1AtPI2PYY4OmJpkUJAeVbkBttxfauHQLqCNflE/jqjHlhBgYje1H1xmTk2USqJOwIMJQHCW1GFwdpmvVlgIzkhl0KSKHvErpS8wAZfQk5+nk9nKSVMiLA5NrmHNSKjmTFI4m8RQ2vdaBQm0SW8ScDxltoNEE2+iEKs1QSP3DoVMh+feQP4khAkpN2bnozrQjhJzmw6BQAl5CUB2kUlTh53iZHEGJPi7bD3/ya97VwbXBxcUZ7/p2Mh7Sp5decc173v9xDPSpIPYl/hj8AZuT8Be/+wIiTt7+gc/82sv/98rKmkrWSXGlf+lrl//Cb/7Jxz775de89OeWlxYuePqj/uXdH//kF74JtxG0y/7sc887asfCpG4v+JVXX37ZVcGTQxEs6yuvvunZL3j5n//hi57ztEc/8IxTH/vdZ/7Hez8TdHxiLdJtUCyOjk6ip8gFzzhHgY/Iyqcv+sb3Pfl7zjvnQXc9dmHfwTFm61RBWzbkCB0PtHvPgU995ku8EjFHJv5+l/rMq1X4k9/9+R/+/sfd/fijX/j8x736z98ZT2C69YfhNu1YaxuXlffxYVLROZ/+mLPi73d98AvB186rcx56BhEnl19z04/8ymsuvexqWFzIksWGrG8Mf++P3/yVr1/+d3/y35cWB2/6w18+71m/5gIwa9ZW3Qp2DawkuMPiGqjQZwQMn7pbKjCfQfu7tsbnSnwk9cBsSUP0z/lP/m6Yr/d+HGxUtH/RC5979FHLk0n9fT/26xdfclXKY4JzXHb5tU99zi/+3Z//zg9+35PPvP9pT3jMd/77uz9B483PXEBdWnpIEt6Unh7oIoPT8p7//OyF7/+UQgpOMWvmuvUKvibw2MrOKXBCxOTwZvYZ7fKldZWAJyKRSCQSiUQikUgkEolEIpFIJBKJRCLRnUDH3+WoCoqwmOdBBhNQ8WvqyaRpa0NxLFDgw3QGoyqofoIvSK9XDQaDhcEA2AjECJAPyN9y50QIrXL1M1CR3iviSDBVJ0xFjgTaDiYqxJbAIa6DTkLrHFIovoWtnqJ3NNtPsF1KdsIwHXuAdX2d8zigUhyPhzqs4fAci+xMgLAKkCKbFMPEhuocOMCBIRjYMZf3MViHq7wB3UkarcZNszGerI/Ha8PhgfWN1c3R6sZw3HowkIDRiteyDj1HYHCpgK50GiudrTpCB3+kAjcBEJoqvFxi59Acxji6amxpPoJHBVU4hQR1K2SKenH6m9AKsu5AaEYlo5RUSWZ3kyn+Q3XOJVaX5jHbSqc2lLsZzu1hxmPbfoVblROUhpucRjpnk9JzhdKXVGHBwvAON6i8C/KQEJOD6EMhowuLHr6QyT9GzZAWHbrDfVQzA02GMjO2MvO6iScyRJbgj1UpsAfBLpdREnhOILoRXzzuvO944H1OiZu/cslVL/jV319dWWVXFgC5KmN7xvbj739958f+x2v/hs72337m+72bxJ8AjEtz1hknxY2f+fKlSJy0bDSCREs8ML7423/5AB145v1ObesxUBcYJUMuQORuNDXpwS8t9p7x2IfFl2+78OP/9PYPKgzTevbTHhniRX0dr4JwUUhYUvYRiU8VxxY8NA6xARCmY//g9f9MezzovqdCkk47Bi4ntPlAD6ROHR9NAOshtHHsMYtnn3Xv0bj+6Ke+Alf0zSt+9bm098//9p9eeumVCg73QGloS6Nkq957P3zRW9/+4bjPA8+45/3uc2LsrIbOdogG2IqgIQ0+msHjpG1rjNchUqe7DVLTWkzYcYR80Z14/pMwW+e9HwuAFvqHnnVGfPupz3/l4kuuoD1xomGWlamUrv7y7/+DTvbgB90Xd3DdeoDOQ3vSU5ofxZ6uBc/LMh4ordIOH/Hor9MWVkAewSP6mYHGRCKRSCQSiUQikUgkEolEIpFIJBKJRCLRnUv1ZAg4xOaB9fWDKyt7Dx3cu7q6f2NjpW6GUD81rbG+6qmFhWp558JRRy8fe9xRdzn+uOOOO/aonUctLS5aazV6nMRiuLVcdy8IhFDABugo4CEhB7+Z7wAtaZu2qZumht/1pB6P6/FoPBqOx8PN4XBjc2NjfX24sbGxGd8NNzc3R+PxZFKD5QqVhlO1njuTyvYAxWi0LsFwH00pOVABpyJ4j8q7YPACDi/9XgU/sDfEAVUGY034eFSXowIeHGjdgd/Fhx8fmqBiTRfSc7z2qnLBroybq/bvv/iG6750xRX/dfnlX7vqqktvuP6mtdWV2EMTJlaNtB+jx0DAeJDi9MQW6CmrFe6dSVkipfg4xbwPW7p0QEZ6x/YcBdxQepnow4Ie22r7w8hchcrfHnNePLuchBn0RCViQ891LtDTwgmYe8Xy1LPUxi1UmJZKfaEXM+1SxSIsu1DpFMjEyUL5dAHtSnjWOo8TrcnFRLPBA4jnG3e2NN5xJYfk6ZIumf1rSsYl5Ld8fnVYIXESlz6kUCFuEnxc9710LK1IvIuqvrF9hZYnsYW/9pPPpH1e+gd/HRwGOgHMZTVSFLSOES1o3/LvH/mZH3rGfe998rkPfeB3P+z+n/vy5cHFTtkzTr17PDze2QgZBOokECfY5fiw+MJXrvzY5756zM7lJcjuChZpMMvpXHlBEEVFoEN4ymPOWlrsKwgG+sgll1y2urZx9FE7nvesx7/+r99pGNpog6lUjn5S3V+8+2Lv+toONOwTF2+7e+/a/oNrxx931H3udWJwNXiJeNtxPACPOfZp8iGOYjzvkx51ZuzHBz/1tcloHB8UT3jMw8558H3jLu//+Bcv+uLXAadA5g2uVQ2MIWsc8C35u7d96PwnPiK+Pe+cM79+8dW6inNhukZ6h0FZ4HPiWQ5XVOLRMG+s2N/TDNDKix+dfu8TH3DGPfcfWPnM576KO6v7nX4qTMF4Qs4rvAhhjC35BX3yc9/4yCcvOu6Y+NBfYAerabApaK8RKIyvT7j7US/71R+LD9H1zeHL/vBvhxvD7zn3rGc8AbxV/ser/mI8bpQunxwecROrdcmjUZsdWBKFFKI1fU+L2YlIJBKJRCKRSCQSiUQikUgkEolEIpFIdGeQVhPMhfGp3qrQn8BUwGfYXsX0Rg8yc+KbWI02lJbiCB7Bb6cbRk3gPGraT8JwAAMaCFBGDgiLw6loitkrbGRCO3B0DryFCqfh+nL3hXf67rsxXbk5vca0FEZPeAu5oSBNAiVelSgB2kEjlaI7z4gMECjVVTutSmVbquc67KrDRBUHHbdemdHmZP/+A3v27T0wGq7U441YXoVolkovLveXNNSkbRwP62AbDCxgJ6qrqeaIloIGmf8Vf2yJSUNiME4jH5ItTHRO/6D2cxJL4XFSFm0Tp3HzDiiecmQ6DxtwjAhF8IVKQ+mYNPJkeOA6LwMuGRvKKspt0Do1NTEcN+dxkCgLPjPPkOc2hBC60JXQjZE6HIPhc2pOuXXKhCWUJW8z92QVTaQvLUbY46R0SulWdmJUEktSkCy0JIJmG5m8MqaK7uUEhFtqDoFnAuKETumtqbxrdE51YfuTHrqPDEw1UCY+Eszp97r7d511evz8o5/5yqc+92VcG0CcmN6CsQuUwkM5LMG33k3+6C/f/he/94tx/0c9/EGf+eLFONn2yut3H3f06d/z0AecfI/jr79hF96YUXA5vLB3rXrWT7yynozjWSzZn8BtbLSeRz0hbvO8ZwDicPHl1339G1fG49/5/k/8yHOecub97v3A+9/zm1fsMeQUgtjHnNWuDRqcxG4uAD2joQW6qo4+ajl+uHf/IVht8XkWH1s2OcEochkJyT0FXjz9MQ+OH73zg59HQxT/PWc/gHb+//7qX8nAAyEfuIrt9SHxB0PHgm++/I1rTz37h9pmgrsbHbwxxaOP7EMUPyrhGRx8ZTK1RX5SvhyRvCxo5T7zyUC0vOsDn3KOnFrC5Vdd//DvPPqR5z703vc68aqrb6Bnh0GbE7CMCuDt9LQf/DVP7ibkzTN1gaCZhAon3ePYd7/5D0675z3W1jef9RMvWV/fiHufdf97/eyPApz0u695E0AnmDWVpqvoV+mKpHIamEKWJwhgIhKJRCKRSCQSiUQikUgkEolEIpFIJBLdCbVz5xLVI6maHSvGVmdzEI3xM2gTQgVeyLxxbe0agEJaMt3QlEKDZUFMpejcFmLxMBdlIRgn1kIdfTOfEnbgDW2g0iNSJmQGQTtg8ZYqy3j9WAD2irdmykQl0CRzDPSRNVOJJxb9S3A3PAQNI+hwQk3o8FzZDAwWMNtBBwZsMCA0sSXG1M4P62Z9PFkfjg4dWl9Z3xgOx41zdQijWGk2PSgjWxtiQZlq0nBajbyNpl7gS0rFoLQcna9O/EkR/ZEa2zEl3R9NZ+hOUJbj+eRhi1lAeQaluvK7Vvuq5/EAABAASURBVLp009iyv8Yac3kEm5rktxk+8iHlJ81Jd0GXii6txkx/VgIVam5TQhGmM12VT68LakWHmV7Mvpi+MsBINC86ObFMHbWtyQJvrwi4SQgIBkHxx7TUsiOQwttL8ULPvItOS58OybxL0AmKmRmM4uU2XZ3fXiaGiDsxuNRtQAsOSJbJO5nkFFT1ETqp4u6nnXoCff5f37hc0d0CuAiAFEBsQDgODly81x1wVhdfeRPtf8+T7h6ANmviI+YzX7r07AedvnPH4vvf/Pt/9g9vf+f7P3vj7kOqC5oy8dnRAh9SxRmpqp4xPa0rhk7ofs5DB0eEk+9x7Hc/9D7x5T+962N0W73two/+yHOeErdccP7jXvGaN3vfanj6OGLQugeBZp8TQmcwIaiHpwyPOfcBvQp4qEuuuB7Xs59eaZztxTOn1fLy4Lzvum/Tuv/86H8R6nH6qfegPb956TVA56CZkql6tr8AgIvRtF5gOpo2qAomAVYh3dXFbQ38FpiswKNIkbmMyo5SCglCjBwqbEgyK4W/z38SQCfvfO9H8+R+8nNfefh3PuioncsffeebXvfGt/7bOz94zfX7igWC/ike3VQCRfjMGDHRmf3JJx3/nn98zb1OOWFldf38H/3vF33lMkKmpsN0wKllztOgzAJLC5yuFlI/wvQT51vyMxKJRCKRSCQSiUQikUgkEolEIpFIJBKJRLeFLMY2QHnZWh9aMNAArgOrxGDmQR4myiSiQAcTt3qq/oVcB2Q2gmqdWOQMVPYklwMogmIeDsbrQLIOGpy0ZHOSyvHMEHAtk99Q3EzCW9gJRJm0F5UmCYqhI8A9AANxTKJJKGSnM/fANkEkRTKVCKnsbCnwRCejAN0FbsShiOVc51Xb+ja4Rqmx84eGoz0HD+5dWVsbDjfrNtZ/oSdxiKBmPYgleg/VZeQEDJ7LM3OgmTnQITlZKL5g6bygw5QvSdqFO80fZF8RNQWj6C0vilNMGZzMYRJC6Eq9sx8VNfq8Zfrs8IvcZbxinw/sr56mZZSevfhhKsh6u08ZRwk8Lj5X2nUaqjBLY8ziI9MvqCBOq0QXhiNlU9SWjd1pEzpThXQzoKlG4jp0pooCpueglQcDJjpTD8hqdMFL2CyLY6kJnsneOwEiaaaiRjK6FNJ9pROfFfwMwdQ1veNOtCnAl8QBoSkHZcGgeQkAE/Gqp550V/r86ut28W7gRNIHAw8wC+nxGXSIB8c77sa9K9TUe51ydzS/aZXvvfaN//HIh93vYWeefvfjj33lr/5E/Lnupn2f/MI3PveVy7/w5SuuuOrGpm3gHPF+grNVmoKyqgpigPKDgIxl4F72z336wxXa3fzruz4O2JGxn/js1/cfXD3+uKOf8/THvPKP3qIwYQesd4Itx2GKYaJ1E/x9TrvH93znfV78gqcqwOL8m/7xPd09WCxK3eFxcI887rvv3+/ZD3/mG+vrm3Sq0+4F0MloXB9aWQ20UExlewNtetZWgPvAMzL+wBhW/fjOkIEPrJKCsKMHFuSThSYQfEMsR/CGyC/0cSmWfVwGTNjFs9zjhLuc/ZD7r28MP/yJi6gjcVRf9cd/++hHPOy7HvKAu9/t+P/10l+OP9fdsPsjn7zo0xd9/XNfvOTSy2/g4YVHm0oY1vTAaXXKyXd73z/98aknn3Dw0NrTnv+rX/vGlYq5OaOyx1FIONrUY4NW2xbLIE3knSPSZmbFKnUY8kskEolEIpFIJBKJRCKRSCQSiUQikUgkEt1Owq/NQ8mype/YK0yCwNp0USE3/PX9ENj8gcIdnE/2FZ27CRmCBJfcLTwl8EC5tm7BIUUnsxOluf7oUnGc2BGugHO534RkUaE7z4kuIiezJroQncoqnU+o6Lv5gXNY8EvyQIRQlRrMXKwhfKF1Hr1drEfbAeii1mRwMpnUddOsT8YH1lYPrK6ujydrk3oYK+LatNp6a4Ot0NvF6IDEAJwEnVEUhehwrRoIFCi6aqdTPFAaU5+K6AkrYV+BwqkgV5+NKmq0nqM18vxM1W81mxXMqdXqrYXeBCGYwiYkJOF4MNrhy0/TFVO8DiNJTpFBTB723B6dvGR0xxUpNce8IBi1RXw5rTkNR5fXxoiTqZp4YnmoKJ8am66eaA1jErdEY85+DNzCboDmEDDJFqYb2oqWGmVKdR4yXRCRLrxMCmVYRh2mrF4aRWjVmc7QSusulh1zUivV9tLpzPmOcbltOjeJWS6DqSvuXifdhXa45vpdvJ+ulOkhm0LhLHnlAjdRt27vwbW73+XoE+9+V25xCKPR5Hm//Jrf/sXnXPD0R/V7EOhz6ol3ff75j4k/8fW+A6vv+cgX/uZfP/Dlr10F4IsGtxW0ISFGIXnAsNkJrIYLngrQycc+//Xdu/fRQyNuffv7P/VTz3vqCXc77rzvftDHP3OxdvGebZEO65bXUx939gP/5Y+IvEF2x5xyj+Pvepej8g5/8eZ3X3bZtdw7befMTlqBT33MWfHPuz/0BV4ZWt375LvHLdfdtBcefWgghb2AGDMeWl5mBl1k6L733YNAF5egZyoSKsi40G/KcvLFc7lsF5nr+Gc86bvjdd734c9OxrXCI2M3N4f1+T/83/7nS376h37gKf0+mLucevIJP/qDT4s/MAX7D73ng5/+67e++wv/dUkaGa2mvYXudc8T3/+vf3bSiXeLOz/t+b/8jUuupocex2XlXb0LvkVOxhdHpxe3REKciEQikUgkEolEIpFIJBKJRCKRSCQSiUR3BrnWaU6WidV755N/CZedLfsvsI2GR0qFUBLODuGaekZM4Bv38KV7RWgJVrGh6tqC0NSEzk+WIlh2xxyTKVeJVE/E6nYJlCAOoLQ2RXROBw0UL7TWRVQNntzzGXOt3xrD6R9YsuU4H1u1YPMCTUdeRI8nk+FoPBrXm6PRcDxamYwODYcb40ntfO2D09bryivjoboa69dQY8Uyto0nA38ULBn7hBEwHxC0ml8yTREhqjAEUTnLRs8hSsrjyvfZAwSHoBxeNQU/bPFRSTYPocu4UHl8EMWZyrWBoS2MNrJzTGp0CNuwDnn+tnYH4zzKFs30jUaogy34QvRXTyXNqG2UMZlkZsN9SW/yYBWjxt4keutZyViHd8RPK5oDPd2EtCkng8x0Pg+imR4aZpZChx3pwuWFqaQ8KdT8kLvVaQ6/s6Un232QRwcbhBezidjY2BjlWxRuTlPYtBD7EvtsbLxPjtm5HPfff3CF+wVjYVbXxy/+n296xWv//lHnPPB7H/GQ7/6uB93nnifSme96l6N/7AceH3/+4i0XvuRVf6cNEkUm3cZ6OoVJq3Meep9TTjguvnnr2z8CzFNCZN72HoBO4vYffOZjPv6prwbfBN+Ca0u3ktXxxx0df+b2Pt7/L3v13/71W96t0KEkOb7M46FCGPTMEx7xoPjivR/+L7pto1bWNu9+/DHD4UgljgnBuNSRMLUQIHwH3ju6dbkjuZsQV+YASDFO6QogN35CKwosC2W8Tjk+Sp3/xO+Jv9/x3o/xwlFEz5iDKxs//+JXv+R3//Rx533nEx5z7iPPfdjp9z6Fp+D4Y3/sgqfFnz//m3/79Ze+LrDNSdfc0087+f1ve8OJ97jb/gMrT3zOz3zzsmvJpwfvgukQHIAcY/NmqCk9x+ZEJBKJRCKRSCQSiUQikUgkEolEIpFIJBL9H6GCCeDqa0glf41fpaeQkWRtAl++D84jPsLpHlDfTJ4lmJUDOzoK0PEhTJXUQ/rCPrhI4AusvHY8xZQJBxZmS+YkdPBJl6ezBVVJ55kuuvJ38/EkEHSjA8aPgAlCLPBCegkn3ugm9s+3rQuNDysbG6vr64dW1jeHo3HTjJt6Q7WjgDEupvJY/w7ahmDQTYMpgaA5MgWgk864hLoc4pUx1Mhk9ETn8deBrUp4U2YWpgxOtkzilortFEihKBfD8ABMcSczlemusD11PkrJYceOsKWeXfiA0M6q45DKK2xlS1RiNeawDkZtV4emCnuCMOiaQeWwp7yhaFKY2tKhHmELQ6ILnomHS3cmLfgmzCnol2gKHFIp9g5SOe8GRxw6FnQ3qTqn8rDRhcbUGJo3w+4r0C3DmIwv1kd2Uil6qtI0p/t2qo3qCBQO64hS6urr99KLU0+621e+dhmOZlqLJVRDY2z0XY49etAHL5OrKI4H+4yeQNDljWF94Ye+8K73fzr49pidy+c87H6PP+/spz/+ESfcDfxUfuaHnnbdTfve+OYPKHjmeLITYj7IJPca7573tHMUGivt3Xfgux56P02LDPfY2BztWF58xuO/+9cGr580jXFNMEhFpP5+9ZIr3/uhz2C7CJqB33v3r1x6xXXf+OY1q6tr4NsRnxa2rzE/aN6qhal65Dn3W1rsf/6rV+zffwg3wkRfdvVNdz/+mHuefAKNCD4ZEToJHteXYZsS19LKBpMnuG19or/SY9rDs8UrF4zV6ZFDCy2w3UnrIP9rjo45Zsd55z54Mmk+8OHP8Grkh6yBCB6jVtfG//auj/3bOz4cz3PccUc94pyHPPFxj3jGkx59wt2Pj4f/3E88+9rrb/qTN/wrtY+adMzRO//z399IO+zcsaSDg5wgzIeiZzV3sxifqadYMnXpvFymLFRCfiRulRZORSQSiUQikUgkEolEIpFIJBKJRCKRSCS6owXGJGxJwtVXjKDxqXSvuXYYFLuaKIRJGC6BoiW8ds4gd0LfsY9bHewH7EmuthvD3g2djQqaIuTiuGL/Bz0FkWA9Mu4W8E8yoJiCThQ1Pf1mliJ01XbiBtj3AaETD7YujIN4rMtTs+rWb44m48lkZX19z959hzbW14fjNqgWolIg6McpNTGqBY8Uq3FLrAsbqLAyRGNSRwKnx2wp32OPPIV3QEHWlySATZ4VVAWOzeKRmXK4mHfK2U1TLE6VjGFsN9g4WVNHYNE+j1liD1zKwdBMh8QW+6lrGUwuCilMJ4EmJacytzicoA49bSbCQ6RTYo7aXlNrIF8UNxAGxcuimIcOwyggJx5yrbZQBDowDpVQisCTmzufTsqGOumaoVIdvYEnMGxJEgpuxaSkqOwjQvcJ3TLcvblDwHgN36aEmeQr6vRab9l42+qqBJ3c+9QTujkrfyudJyn+PvVEjuO5+obd6RyI2mgLkTIJlnJN2Hdw7d3v/8w73/upF7/8T1/ww894zf/4xXiel/7S8//qzRcGH0fGBk7GMURV4WD4xYXqmY99aDyFteYdb3rl3DYvLy087fHn/PuFn/G+1d6pRKxEfenrV/7ea/+OTFkwxKeHABBb92BaULxoz1QDbfvwUZiy4+HzBP/UxzxEQbbOF1NgFjwgLr/mpvPOfuBxx+zcsbw4HNVE54DnR5oWfKq6gDYg5z/p7EG/t3vfwY9/5qt8KyXhg9jh3JLNSTHd9Jj229wzITz1e8+pKvvBj30+PthUytbBvziGHhatQZwnnubAwY1x86z8AAAQAElEQVR3ve8T73zvx3/tJa/+qR/9/tf+r9+Iu738N174ur/4Z/gfBpjEwIWOPQbih3bt3nv8XY7t93tv+KOXP/rpP54aTCfPI5R5xiOlmtJR2Pz8Nj00lEgkEolEIpFIJBKJRCKRSCQSiUQikUgkuqNVTyaUg0PVcK+QGsGQHFV8k5yiczA9B+qd9Ba/dE+USTC5zow1VE/VemJKOBIHuRMqcBIAYSudXSXoMuwowQYTuYTPu2mlC0eT6Up6595RfpobT03iunxsG1AsYK9Qt27cNk1Tj5t6NJ7sW11b3xyO62ZSN+ujzXHjWgywaGN9F8AbKNE6qMnGk1j8rj/2JqgcjuERRSE7E5UomNQQdiswivgaFcpPmVYIuR8q5HAWKtynj0OBcGxnAYADlvKLeFD1NuEqs5YgW7bnjbpwSZlzLPvmZPgjHMYyQ+s5ITVTn6ZXakuTArEx2aEn2ZhgPFK5W1et1sWZOwsOHJjD1b/5JujCT6Y8J7Y0unxXzXSHLIPY5QIzZTisRyXUKt1DaTfq21YSphwOwqtoOEwxLWH672G0Xe1+Cwo0T1ffsI9enPOQB6TZ99QevlOLeYzPiWc89mH09vKrb6Tl/dhHPvg7Hnh669Ub3vx+JDz6sJ/26AcEKFfr3Bv/4V33v8+9fvqHnrG40D/jtBO/ecVNRlfa9pDP8ECNeB6Mp3/vQ+I+Cp1O5jbYWrgHLjj/cW9718eBbbEtUBelBw4/YjB0BjJ0LLsysfGMNaangUep8Lpu5vwI+qinPAqgkws/+AXC9jCRx1557R7a56wzT//cRZekxcXMCYB8beMxM+fM+5/8xv/5M3HjG9763o9+6osa/WzKS8CkW3qU0FMVn7ne6XQjzLTK+0C83bOe8qj49u2craOIpXri4855yIPOaFv32j/7Z+g4PN4MUnjoVBV80/o/e9O/3u+Me/3sTzx3cXHwwPue+rVvXuUpig112RXXPO0HXvBTP/bc//aiF57znd/xCz91wev/6m3Fo6wwYtq6nA+roDojminETCQSiUQikUgkEolEIpFIJBKJRCKRSCQS3Tm0vr6O0AiWibVB45PkaULVcdiCdAl8CR83FVYZeFSsUyqnuFyemBKEHsAvIEMmiqATyyYl8CmWI9mRoXTmcOQvoRNzYcscks7OhJpR1uhVB6OYgjygRqM3CRh1GA+eJXo0mqwPh6sbG+ubw/XN+HtzY9JO2rZxwaFVhlNQk3baOEjVwIwOSsOg9irqCduKpCI3hGUgTxAyL5IapjKFohM6EhLOgH0IUxSJLv+UhdrcX6q1F1dJTAT6uUCH6co6szwqQTLzqrfFpjBFnITitZpDuhBd4tVhK8IcFZRAI3hrttn1sFVpGrayPQVlogr/DwJ3EsmRjtbdsJKTTLeW5lTDDfpH6II00Yn8UWU7KRinxIEq8kPRBdTivMeFA/dEclDRKc7HaJ5XqtDbKQ4LSSbGqaiDObuIs1fwXKEDkgBT8ESjZA5LzRvL3OLDl/O1msrL4Y3X3rDvupv2n3ri8U957MPvd997XXblDQSn4RJDr55gCHcI3i0vDp73lHPjYfsOrl74n5/VaBZ05v1OfcnPfn/c+NHPff2Sb15rtGlVfAxZpfvaVmBpEm867z735Ut/+oeeEXc7+YTjLrn0Oq9awL/sQJsqkFcK2jM97+lw/v0H1+533o80kyHScEYRO4Jj8t63vOoRZ5/1mEc87G7HH7N/ZRxCqwEPSmY+MNKwJ1ya7UzI7CRoDtyx8SMgThSGy4Q5aMvDH3bGcccsf+Py66+7Ht1cICIJyJXLrmZzlxf91A88/6LfRRMgSKLRVQ9yyVqILaNz/tAzH0l7fuQzX/GuhsdjQZKgQ5GOiwkeSkitaPCVcvH5DA/pdibSjFgzmISlxYXHP/rsuM+73/dJhpnQ5uTBD7zPK17843HPD33soq9+/XIVLDI3cEWL7QEHI99+7qKv/+xPPDfuds+T7/71i68Mlu/3AwdXH/uMHz+wb//v/dEbnvt9T73XPU9+5W/+0oX/+enrbzwAz/wwwy4FJPNsdz/hk0MBv1c0Gi6q0BHKYc4QBplp07nn0F1wCx1TRCKRSCQSiUQikUgkEolEIpFIJBKJRCLRba4DK2saqureFMYGKXCnC/fgb/przAhhRoIZCjjIWsRNIC7Hwq9YNQ7GYI2wIsiEE0605h0UFk99oLgSLqJTXTEFMjChkFqqUwFflzSGD1RND0Su0Nf+O+7EoDcBWqq4tp3UkzaoifMrG+uHNocrG5sbo8n6ZNS0ronFXedbSI5BMAVohdgLqDJ77Bnl/EALvSWeBd4ExBpS/goyIFYzKxMyLaDY5qIjF4gOwH7aYjb8PA4j2QToaQolveIpC0RG8IxUhk9LKA/4OxRNVVOXLD0UVOlvkv7NFnbZc4U7Rpc0uKdRKYVpKndEs00N1+5VMaFbTDxC0NndhTbFES8Dcbi30y+9VuSxkRmc1C6ggTrihHCl9CYUBjncGZwWVQIfaNPA8AZuQV8N24EXzHtksIfbZeacvesEe5uoNBzsh6F1TphKhj9adVvoFQ6xCt3NGZgMyuY/W6ZZl7AIpx4FutMMZaCkH73lRxXtTi1Ljfde//4b/oM++M1ffD5FLAE8gf4rYEMS33p2SXrBD5y3Y2kh7vz//c1/DDdHtDK/eeWNdP7vPfdMH29D3+L5Id3GVItVf8n2l+KL+55+Ku32jW9eFbLfEpiihNzfU085/tzvOD2++Lf3fTLe7fg0AEbEdD/m39/7CYV+J89+xqOhWb4N3nVUldYUrAPESbVge/Hqi7a3aPvLhlrSXzTVAnyKUTtqFnaDXj/1ceDmcuGHLyLXE03+KFXvE1+49ItfvzJ+9OTHnPOgM+8du+DpsdNO2qaBKDLAlPzCoHrOU7477ra2Pvz0574ct0NnVWmpArcyAEU4sJpyzrxTjArSTay3zH144mPOWVwYfOrzX91/YFXzvQD808WXXkt7PvlxZ+OK8vgktdZW1vZs1TcWfu53xum029cuvrxElNbWNw4cWIuLYTJuX/Sbvxe3LC8v/ukf/CacCpxggpoxX9Fq6k7R+VfXwfQn0EoiuISRKl6I5pYYpohEIpFIJBKJRCKRSCQSiUQikUgkEolEom+XWjD2aNo21j5dXdeTSd3UTdO0znk2MgFuw1RRtterer3+oN8fLCwsLC4uLS0tLy/viL8WUQuxorkwiD+9Qdxp0Ov3q34vHpdJFBA5oQCwAd4h+IHF0nfySNEmvdBdubQsobI1BX5jPlDgT6D6cvywBZcF5Y1ttJ4EVSvTaLvWtPs2Nm86dOiGA4eu3r330utuuOTaGy6//qYbD6zs3lhfGdfrPgyVqY1tbeWsdcZ6U3ndU1XP2wo9Tsg3JBbardYVQB1o06BV57yCdVS0qwhcvg/JYkAFi/V9S2SOTsPA1ddAviR8CU7CCQyuEIqQuIOsqW3p+oqGz86MY3KCyVTE9sk3zCN4xS4aimvGoSv4dmRLJ59OF0J5bj6AKAKt0whA/22KTOqaVPIiZYPSxKct1KrC5yOX21W5LxvLdN4I2XKHZqC7eh5KVQIf2deDrUYoywQBFFMeqcqp6Er8hhw+dMKIkPBQ3G0eBMMGPqlhxLho1fElesv8FB4vYft53F5pnqaQH53ahDPEIzC3AXl/7pTWb3//Fy6+4vr45vwnfs/rX/Urg8oG33g3Ca7Gnza4Jv78zAWP+o2ffErcbc++lb/9p/elJWq/cvHVw9Ekbv/h8x910glHt/XItTUQFbEpla16fWsHyzt3Pvsp58V99h1YuR4CffjmoGghCvqKPz/4lLOpef/8jo9qxkf6phqY3oKpFuOP7S2+84MX0XPtec/6XljnYA/iVJeSA4eBMwrAFgM4tlrAwxdsfGEH8YTxIwVGIGYGyskD/LTHflf8c+GHvsDYHN2S8Hiyv/iKv66bFlr456946Fn3CQidxC639RgcTXxzzNEL//aGFx+1Yynu85I//MuN9XXlWxUbzH2knDNoM6YVuRBa+O0B1vFxqH0byJhEhamlAn/U+U+FbJ13vvdjOa+GrF0u+sqlm8NxfP/jFzz1Xve8WzwVOrgk8x9cFTuO2vED539v3LB338HrrtvVrSQeNQOPRVN94COf+/d3/Wfc8vhHn/tDz3kyPKIR6+lYrLR89LfAjAhuIhKJRCKRSCQSiUQikUgkEolEIpFIJBLdeUTQBtUl4fv4iJYMBgPmSFBAl8SfHcvxBxCTpeWFxaVFIE52LuHP4vKOhaXlweJSbxBLtLHO2zf9XjwX5mMYzGqw+KV6hk9Spd6i74nFnA3Is4hFZquNLnwgZlobtCohhFQfN1xnxWKxU7ZRxpmqttV6625aWbn8+hu+dtVVX73q2q9ec+1Xr7r6m9ddf9PBlZVhvVG72plWVxCj400L5hQ2QLiHCQEJg2C4+k58CbanQznKGj3V8efX/4sjCFXhY6hsbQ77c0Tl1bJBGgEcKofbhLfQeGmts2+JT2X7mTZzT0IHdmy93PT2zJkwAKSOoLXbfGLmGb2EnCajEnHi0xVdSHzMYeiLAunoLBaSk0g31LhKywYcWVk8T2J5CJy56nqgVLapwfVq8wpH7AT9fKgOb7LhkFZqempmIo62TttUCw6jbt+A1jRa69A5fYTDHpjGLl8KEqfsS1795rf88a8uLy087/zvfdD9TvvjN739m1ftuX73qmv9cccd/eAH3PNpj/2OCzBYZ1I3P/vbr5uMJ9jZSuv+/gPrv/3at/zxb//kPU+860fe+vs//7LXfehj/9U0DrCP+CwZVI8+98w/+G8/fPIJx8XD/+LN78QmItHDQ4S/PaBmP/iUc+LrK67d9eWvX67Y5qQHETyQkoPTEdyhtfZTF1183jkPOuv+p93vjFMvu2oXchtFSg6zcRWhJ8b2FbsGZf4Ih46MjKZGG+7/sx5479jUa2/cd/E3r01HGV5YOlx1zd4/fOO/v/QXnnuPux134d+/6vdf/9ZPfP7iS664YTRuTz357t/5Hff5rZ9/9n3ueY942Ic+9cU3//OFMDWmKnNnjt65/GPPexq6Cln0bulhKBqSKHhz/8M/f8BT1lXZMK2qyjzl8Y+Ib97xno+n6ePny969h37jlX/2Z3/wa/c85YRPveeNP//i3//Qx7+4OWwCYoGDhd7jzjv7j175CyefeNe48xv++l/4ztEFc8PZQ7Dlv73iT5/w2O/ZuWPp91/+K//50c/vO7CuMF0pNyW5EB12obHIzWbKDWpmD5FIJBKJRCKRSCQSiUQikUgkEolEIpFIdMeq6vWZhoBSK8TJAAeiiQ2JZU2DlXDLKAPuVuYiBNVFlpCDgOJcGZ3SWjzZEnRpCGiy4Dl9Bn5BSRFOAB4DikIVODUEC+P4UY4qwRwZlc0Z4mkduzaAoUCrfKxrr08mKxubm+N6fbi5tjnaHI3rtm2DgdaPLwAAEABJREFUcojWBN3z8SiyrDAEmkCwhQLzAJe5CXAfMZ3RSsi1Um6LSW4k03XnziHj8IVRjX1RN6sj/FY/mxZkvxgu7xItw6KrbYdoJLhDd2/Lw7Qu4AmfP8l7+RT5chjuRJf8xy0XJwFlxoUW3pE5fUzBGDnih1Zg94FRjOWYmz3f9GuazWywAn8rQhPoeniD4BB2E0QNMJSIQwuY7xPNdI3WKp90ahrDnNCjI2Fk4DzprssrtQhdCrjDnE7qud4nycPjs1+68rHP++2/+v1f+I4HnHbW/e/916/+1fhh3bQra5t3u8vReffV9eELf/NPPvHpL2kiTkxPW7j3/vEdn3z4Q+57wdMeefRRy2/5/34r7nn9TfuuuXHvKSfe7dR7HJ8fOK//23e85vX/jPd5pcBXg12SqOXnPuyMk+52THz1z+/+BI5rbFiPrUoAOrFwI3uvTfsfH7jovHMeFPe84FmP/Z0/egv6+viiywYRuYoeKDhfZnYo6HfoxpySwOKOT3/Cw+Pbd33o87wu4eHZS0ATPHz+7O8+cPopd3/eMx896Pde/qs/pvC5ubYxPOaoHfkSf/WP737pq/4iGaWgKU5qwF2PP/bPXv0Stb3e8i/vcxBsVIRm4V376Ed+5zFH7/zSVy+9/oY9tN4M9g7bFv7ure975NkPev4PPDHu89a//F8wBTfuufq6m0458YRTT74bs1FKve4v/vFVr/3r9JzpgrJgtBWZMpnde9d+59VvfPUrX3TsMTtf87sv+tGfewXFjuUBDmFmFekEXeUWZ6Kl/H9N6f0T5iWFiUQikUgkEolEIpFIJBKJRCKRSCQSiUSiO0A7d+xIHgvWGqwmdqEfFRY7serNtWqTtmCgCTpbeCzRg+0EGVIQjKK5ZB5SjTa+pMCRjDWACCxhqxDVJYZorupi8TFw2sysq4Am5xOvtA+69e3maH19c3NtPN6cNCvrG5uTulHaBdU61QJoAod4aJD1ygAio2PJG8Nt8OLxL8EuwKVg+T9dKuMy9FZtYQ74T0j2K7lerLYHMNTseW69ytJsIgMSWxBorLomqpI+4Rez50v+J6m8nj/geBqTbTd4zrzfmvaiZ1s3r+Vl5bg7UqscJjLzYUGcYP06qGnTjwLnmLpuxil0h17wWIVyWru9ulOqLa2ejvIBXgmxkBAYJEK4KVtB6I4HshlRIUiIWBOs1xsqveOpjeocWYwqwSHuzFTrjnwRFbebLXJ/9PTrcmnmSUQCgzEF9rTI203Vv/amg0/6kVe8/h/etbY+pCP6vSoTJ6Px5K3v/Oi5z/ylD3/iIkLcbNUz8QdSbHpGV7/8sr/4vhe+8pIrrqP9Tznxruedfea9TrorEScf++xXf/RFf/DSV/0lHYqhOf34ApOkuDHPe9o5dOzbLvykJo+Tqg+xOL2B6WFQjh3glsF7Pvo152D9POdpj4ZOhamVhzRMxdORpkEXUlNj3x2HoUv2GY+HZlz4oYs0BdPgqfCpaukn7vOiV7zpKT/60q9fejUdGz/PxMlV1+36vhe85MUvf914PMbJx8bYip1ajkQQx+OmvFswy+r8pz42vnzHez+mKB0KWBNqIc2+/ukX/eEznv/rl6RWnXLS3c879yH3OvUE+v/BRz950fN/+rf++8v/JAE9wP10gJJGYxgCiUzvjX9/4Ze+dlnc/P1Pf9zTn/TI6fbROjcd+YWxVRg1ZbtxZahlG/gr3EYPTpFIJBKJRCKRSCQSiUQikUgkEolEIpFI9C1r587lZcjMWdqxDIk5g8Wl/sJCbzCo+n3bq0yvp3uVslAEd5Bm4lvn29Y1rYu/HRiDqNaHxvsWwQM/5X7BRiABf4DzUAYhj4SkYCwGJmMgveCcaxo8rwOqIIR0Kqo8mqCNhx/rjK2VGfmw3rarTXNwPLrh4IFLrrnm4quuuvT666+44aarbty1e2VtvXETZePPKJhGVa3qeT1oQlV73QbtddUo3QKVouHM4JJiA6SFQCk2QKSGTeEp6PASi8Oz1f/41uYfitGhD/TUF/e3060vnOrpH1XiJjphAXqKleGXaVSZS+HiL/4ERCOyqUIHR8wW3DGUh/6LC8C33m+hVgoOBkGBqXr9TB0/j+HUPlMZHiH1M3QLLIRuhah5SMAW7gTWoSmniXALcm1AV4uEgnTK6TkzpzL5J695XzQPRviEc3+m6ExaGYYzmVThRpMBE37DcU00jNODjulCap6fzNYFhyhQd0KUpetgsI6ajgUiTCEgHwZhVfFm967xzdi34/gCPkLvENtbBPcOwCA07Ra8izuEduJdHXxz0gnHnnn/ez3ovvdcXl7cu3/lqmt3f/xzX5mMazaoAPaib6qervoGGAUTnyj1eLOth8HV9z39Hvc97eT73Pukuxx7zI17Dty4a//XL73m6mtuTEum0kCcLOBP3/QGcQuCT218fvimxqbW4FwCmEfcYRHwFNMjggRQjNjU2M4WOoWRNPFOrzTwEwreegeDErfYhXhyWy0AS0HzNS3vXLxiiOPTjh0M0QgHjfxOiFbBpQZuLj38XUFUjo4H1r4ZBQdHHX/cjjNOO+H+p5/qvf/GZddc/M2rV1bXVF7NmO8DP9rGmWzqcTPejNNhlcPb2wfqlMe4KU8LwrATjEKCLkDqUJROyKDK6wysYuLzzvLI+DiAcR6b+Jx/4P3uecbpcQpOPe7Yo2/ctef6G/d87eIrrrr6BoazkFgqOJh4HcfuJZyjppEKazXYRrl0OYNGUnSPYOhXbAzMnEd0kVBHg5/S/2gCdgWmGzEjeBxbY9KtQTAdrNhvfPiN8feJ9zheiUQikWh7rW8AErpzx5ISiUQikUgkEolEIpFIJBKJRCKR6LbTTbv2x9//9dsvCorK2ynHgiNL8JcnLCRRBZ5gkKlogwDf8dchfbeefCJi7VGx7QPbaxj8wr+iaBA8oY2FSDwdQRIqFU49VSSpFh8rlWgDQa4QNdQi7aRpNobD9fFofWNzOBpNGte0LXAwUNTUjVdNUE4ZF69ve4AFBKjAoiMFmp1g1TJud1ASNYGxBmiBJtYlhMxwpC/Vc39NYjHQImO2zO9VdswoyYV0LNZ8S1JiuuifbWKmZLZ82X8rq2JSro4lW4Wt+EEyBfHZK4RGI4SMpHg6c2GFkq8VkkMGHemUo6Qbxx4nKi0X2g8P7NxEOIhDF8E6af3QuBdrKf1KGz03NvmH0DLDBRl4qaUBzBiGLi4BQ5xq5R59LGx3OQ66iQuwm5QwY66gVZq4rlXkYzKtKSIH1flApM7q6f076ER31jG6BJemTIHy2YPv+JptjXTmSGs9vXiKS217hAboIXhLvhTGYliMnjJxQSxD0e0AVIW9ae/ajbu/9IGPfrE0+mF/ixBngDxOgAUx1tLtFn88xFzZiy+78dIrbjToOMPBQ2SwBIcDhGE4NKePNIYJilKW4hR6oBNCjxyWNDaV9lfGchaMx2eV9QazmQCXCRkTiS9sMOioZCpDUIU26nBoGJIliIYYWKmtQp4i0HOLGoymIHgqYj7iw83a3sBpr73fve/QTbv2fuyTX84TycYt5B9jewT3QItDS6eCTilrOIaM7t/uHsZlYTArzKCHE95gpojcYjaJnrBWJ8cRaCFZC3n99Uuu/cY3r1bBT4NNtFITWRL3p7sCH9/pkUhng3sK/vOA2SDGxLAIGL0QTcUP9AA7WEq1YlMrDvEyHi9k0mPYZLhMJacffcTZWiKRSCQSiUQikUgkEolEIpFIJBKJRCKR6Nunpm2DykiBp5wZTi0J/JribvgAhglSMovi4qeCb977vA9iKAojdXibd1CINFB3ZjnfxnJ+rF8yCRFrtFUFwRABWYMMBEB52MSNjW+H43rUtCvr64fW1keTyRhQk3iE8Vhn9vjt//jbxR8o2VexWh4rzkGxuwq2DQqZnjw0PFQ9A/k1YJ/J0oABh8JmYoYE0Hp+7IPelgLI8E2CLfi0piR4tNbbHDt1iZmz6gRf5KJyN1m63DdZg/CM6kychG1aWRID+QWvjpymo3LNO5QhJflFB0iU5wmqgC4YuElj341iKBgOn6EZYoISIaPVDMjSNSCdj+1Dcnumx3Lqbdn9KeXEHxC5wUzNy9byd1WsEp/OnyAGgqo4T0TnPheNM2q6HUzesMlMbvJhkIi5CsXiU9t0FokB+ARNWUww1UB5bCrSBpgRQ1FZhkOLkHqKd5b2FtwyTM/7hmw2Mq+EoEOFNIhllgJRG3gQOO/hPo+n7fX6lUGCDdERvGsDERh4UeBU+oStYLyLwanFFQj3tVW2Zw01lY4CNqJYfzj0porNhAb7ipuH+wSEX/AJgaQIZiFtc0+qtHbhbMrS7dTQCjaaiCsN86tjG8g+iIZUo6NOHDAXvLfOAU4RXOaq2KIIrECAL4GTG2wGmDwR6uHj+FB74dkHt4WH8Yc/gaJq4DmmNN1RcaHF0c08YZp4wAJpfjPMEZRNcJjBiYvnc1PBQzzTFbangrsA/r8Ae6a7DXpH/+8gAxVk3QAi1Ph/ELoHAxqb8OJF/A9bRo3HVQMoCuFAJnE/sAhml6kQJyKRSCQSiUQikUgkEolEIpFIJBKJRCLRnUBN03BURy6uYnE0VfR0+lBrcobgPWawBqz7Jm8JhYgJfeAzZhDYHUM5qi9STVITOAF1WWtbrX0skoKFhmqCaxvXuqZp27pxo/Fkc7i5MZqMm3o4mUycD5h447zl80CFGukTjYk53gQq8QdF37dPVixYyZ4t52NNGNpSKT4mjYSiknkJYBREhUoEBOaThIxVzNRD2WPFbAVISluOGQuZ3L7Z9+nkhuwl0hEmT8Y2R3q1rUIyzgicfaRnz6MZ+wieU14cMic+eYRk+kSnfukMecx2Smf6InmN5I7rwtAEyujxB+rp3qd2Tjebrx0qY9TNyaoSPuDLeU9NSTSIJvwp7aeLMn2xaIp697aF76p4TZ4QzEgonaNtDNl5lNfq9qd15xkNSqhW6Kwe6K5TanswYqvyii4nN0y/7hxjggZTDSAqDPMxBh0ywD8GMACTOSGwNrImAHRSeesw9KVJ0Ak7fyB0QmYZFr0rIJanjfd365BDAJ+eylLGCjqR8Mox6E9DVAoGu4DbCjE96fK4+ONewcQ2eMUcCTc19zcNG3ApkKRlfOAQI03YRUJ/KGwpuYAcjjtBOgQecxoTtticJZ3SEDFDCyiF21gE5GyIXYCAIQsxPd7zsGv0A8GhwPwaw49gBD6sHXggSgJYusAEuNC2yJeobKIUj0YbFxgvvvsUhyyl4SJrEzaPyq5LGpxmEDhBixK89Xz3IOOhMGRAEuhYZmx8d/cW6yoOM0Mn6VMGTEIO+oGGhZBAP5XuETRZwek1ZHYyvWILjxPBTkQikUgkEolEIpFIJBKJRCKRSCQSiUSiO1otlmgdJTJkOwfmUFLNF39TdZa+kc9FeM0pD1yZpy/zK3KkCEWBP5VTGQ1B+wLI7VjwqAPBmzsAABAASURBVFgnrSDOwhJrMvGubv36cHNjuLk5HNetc62vW6BPWh+cD23QzvQJDnGGURgyR+HaaDDBJBLFd8EvigmTkpDohCV8p7jYzzQAdd6zn4NOFdoMosw4ZxyuCDplGMNHZiQHwQedyYY8kNlHZNrJY6blqS5LGErHTEx3MrevRDf8tNVFck7hl8kZJR3oA/nZQMBNNjrZ2tNc6dczLZ0zJt0LnbdwypEvrk3uLKpL3JkyYSgMNQ5zLWoamdt04BMZdnCXVWmbwljRlt7N7XKYdmYJldpivcJETmJY6OxpmJTq6v8Fi8LnpoGYHXFq5Daw0rZKN+rcj6beYckfbqeCTdAFk0Q3fr4LDPmLQK+8gxFII67oYUG8ReKMCCpzTQvOSHAbDwBsYw8Yh6yJZksMthWpAvlwIJORF1gCRwx1TJuyqWZmZHBoKbTFdI8rVbYzz5Q5zPLFReNSNk3PGnqLj0edyR5TnIdwCkVOTvGuA++W0Ifwr+CLJ27AobCK16VOTjDwlIQkGiToML0MnrEeu2hxPZvcF7ahUYTXMS+k+BHMfdR55oqh4Wc0ukHBne7Lu0zx4xX7FVSyygmFow8RZsT3kMlVB51gqk5eYonxCehEE4yja2GrYo91CsVSxRTMcieHf7SIRCKRSCQSiUQikUgkEolEIpFIJBKJRKLbS9kAw+dSdChAiqIAXpaqA6aMlBu7JBQwpvC5JJyKifzFe8O4hR0sLtWtU5CPoyfON3UzbJrhZLwxHg/rZmMy2tjYaKAWyREQAZAQMESJNVmjMJ+CQQQiA6xipsTkJBLvs0mESj4nVKrk+BBVoiJozIDVzFk6RHX19Zma/zT7UZZop3edL63mf4FfEeww/8v8xLvoVHSnQcUKvSZsZS6BoXXHdGxtxuxu+CoNO3rUhM5roy1ehwJU6HxBjJ6Cjqa61im3c+ajbOlRIinECYUCEZgzLDejMDVlIZFDGfpI9ieqoE7m4hlhvv0Mh8nQ76psWRoasjxJQwLYQ04YIurGcIBOoHQZFXAJJ7OTjEZ0p1ZH1PNZQRAVnDIZTlCzptdBYllMsQw73ERPxdak9qM1BVIElQpVcsdJ0An4o6B5BniDEGnhaeUSyWYry8NneogjWMVOHeDyQakxeDbLPAI6COmcXMNLdqap3fgQTUbbQ6KrNPuIYAtCmB5Svf3YBr7hmSKqkEyLS9+TTUs+kBczLTXssmudd7iPJRuZinLMFMfy6I548siocH5ZQJ6np5EjcQ4YF7Q6MnlVaFw2GGGmEiYS0g1G7E6er26iczuJq9N4iILknQ466fibTB0RZzTtMNS5MKVAnxyLk12ZivaEbi46hgmChNA7RhHzZHRxBxWX0jf3dBWJRCKRSCQSiUQikUgkEolEIpFIJBKJRLeDHFVhiwp/wVuQAwSYkjA6gswIox1oZwI1VO/TV9q7AjMUFE2gr8HTd+6xImroq/D47fZqOGnqxk0mk+FoPBwONyf1OL717bhpm+CbEBqvXTxLLEZry/iKNg6MArB8qavkvcKfJUhDgzEAOAEoz14LcFFX9iy1dIpeSF4uKK9NhyDMKqiQsj8SXRHfemQGFL5Q6dhUBteqZBq2U1kCzgYBc3ebhk5yrXr7k2eyBuYpHB6ICSVClFwYnCrcRzpvhnTuNBiarGfCNoX7YJSaamZiV7orez3dAD3bVp3r1iVOULwI81ERze4mKi1mIj9UPoTNJgrvhukT5I7POf8UcRJ/V1NHquTNwDLZ8IH9ZGhIvCqhGDa/SNemQU2kCPdXbbNE0qd6uvVMHuVGU4eVKtmy2aGcKffzPVzukyY5MUhMLcCdq1RKBIL8nNA6bcBCw3sXf4J3BqNzeAkbSyxb4PMlQK0zHaH2swERynTcSQGaqNSsmfHRCcvS2V1GG5Xvt6093V7JqyMNBaThhK3HdRNNJj3Qawa56Irga9Itgez2oSh4Bg/3iM/5biR4msA8hqCZvA3bo8F4JSQwJ3Q3hS6WhN5CpRVsCo6qmdv9BIt0+09xeOUdmJuV6bT8UODBD1PAEz4vyVCqJJpMviExA83TCOVkL5FIJBKJRCKRSCQSiUQikUgkEolEIpFIdEcqkBsBfg29dNkA+Vwc1PgGohI8ff0dI3IoEgEjIzKEQEyBNeAXAgVlCJFQjXf9Qd9hjTH+Hg8ndb1xcHWjbd2kaeBn0ozjG2Vj9bGF1AgIwQjaIrmiMO4B2+IN8QKeq5omUNEXkyg8xlYAGAFfl0enE0xOSbYg/O346bo0QTJmS71/yxfrVXYTyOXhDl1RlBnE++LYFMdSWZmSRbq6diYP5qmoCGulyjIuB44oKilToAnXejV7L5RGBtAUbhvyDTwKW00zQlcJZuaDuoc0UaAXyd0khCmvjxwaQzJaZWJn2w4myIMMPoLqLh3ypalazehFbhxfQ88U+DtSJCDqlJoWgqH1DcYZoZvxwGOZqSFe1BrtItKlCMkKXDfnbgfw2QkdzIA8iVcdNACdqmY7nHgsumpHIOlEnHRbGd9IkwIoTwHZHI6EmNIWaEJPYyhprmemSU87YeT2pHNma5rEROjygmkD5qooeiCEjF4YC8RJaNumcW1LIBpCEkZTsA4MuEnXw9cUnRM6dgkPCQVjpVUiGqa7G45gYGa7MNXZw8nPORU/NsL0yXyBklGYjp8CsoLOIxQoEAg8Trymp7LCNB7liFTSyTVKBafB+0WHst9pVDgBh6+hVMHrhHDzDx3EDN12O9C0+2TLUlxl7qm6Oeo+ze3ltzq7bBGAxB+Wo1SwLCnRTaATkUgkEolEIpFIJBKJRCKRSCQSiUQikeiOV6YHsNKHQRfpy+cqVRKxTgqvfKyfIo+RQARdfKGdvqBO36aPhX5tq6rX78c/Tet8q9dGk9Gk3hyNR5N2c3NzNBrHwqFzsZ5qHFRwdWusD8YDawLVVEyOwByOWG9VOlX/NZMK2hQ0hsJkitg87cjgROcwHR1UQiwCkinsa5DADcI14LXFA3w3GGG6kJrrnkqXxfzABim6JFCKr/8nPgT/TH+DP5942ypw+py7qVONPBubQKmeAQudutPF1ihVen5onJg4NiYkW46ZUnEospa6jYSHoKUNMye5m7SD5qJwtklIZ9Yz3SiPyqfwmc8J1IDScQNLzESf4GKYspAoB2jKsCSF5iiq2yuu3iuTjjGq8FHoGCFKa4EOEWbDI0Zt64gY9FtAvx1V+NyUbYZrV6lCj7+BqGA/D3IroRmcnxHCZA9m66TRyRN5c8vl8NLbbLm54v1WVwx1s0cY1TFrnm+S4IJvm0nd1pO43WJGDyX1MD3GZ8a7PV3rMP4cdzLpvGpRiaVi9xtPtxFQYFpnbItvnKJbofDwoBAxAFfgTrcAe8CigICe9CAIKq97vvXyA2GLjhjSuNlxLrESnTidWzc7CSXphiGkZ5zqbpn8RMstEOZEJBKJRCKRSCQSiUQikUgkEolEIpFIJLrj1Xqd8QMDXiG53JloErIIwdo3WIhoDIigOmnA+AtjqsoykxEyb6GDsePGjzaHw+Fo1NSbm8NR3Y4ndVO7um1b502lMYDHxxN4RiYMp2pQvR9+PJucIAyAHh3aB0RjmDFIDhSoWNZ1CFZgI0xXCcW9vc79ygVTQihyYklZM522Cih+T2kOSjFHKahI32p4QGc4iPImNHML2DuTTuiLK3auIN6Hsik5AobLuGpra0NmTRx+DsQJx+t4Yi/UtwwAsHNIKG1OVOH1cfMV5TwpGg0ywN6hPApPZ9j0xOgZTGUKYNEzbiuKpqxLzDF0Zs83QvI+yYNHsUFM4MCZK24fATHUVG3SYprqQF4SqnhzJP2/DXQkMzgPUNp+545jCR2qRVxPvDVb7/DHB1y/VqV17NkKpjjD//HKqwrvJooV8lNY31ylm055B6Jj0hEas4kQ11NFcA5e7vYncnRnRkIbbs2iLZd6HhpaDGkJzaJq3a4ikUgkEolEIpFIJBKJRCKRSCQSiUQikegOlUs4AgWEJOsGoAFMKmhqpDU4ByUV2qGWXlUQoFNZbazDj2Mh1LkWy6S6aSbDETAnG5vDcd3UbevRbSIoo+yCtfHSE4jNUKbF8BPPvhTZwiQbHNAL5kIC5VMEfgFGANQuHyu1UIj1XI3svjJP70zX6a2mCR77PVOx1dntZFvi5NuprhTb0S+5xGuMMR1yUeAUtCVkskR1GEWYKdNu3x0K4QDiZJrq8d6XDQvT5ziy8fFKbR3qrQXkbsMccw5tite0CxrY+Lm4Ag2bTq4kbGGSHEl4B1pNdOGQYBj+B5tdOaLTdgt4a2y5brw3iJcimbS3nnJAye43yechhKkYo61dUbe1bt0pZ7GdbfZCjw54gmD6VXwwNN41zrk0MOU6znhX4o+UvuXL64hUUg7fijnHVm09GT8xA/EmLqR0qmQWY6YOx99xTwNwSdy9dd6pfEvD7aeJOcmpPbcTnHQ7ih8r6Z6gO1dPw2S365NYJBKJRCKRSCQSiUQikUgkEolEIpFIJBJtr7Zt00tDPhk6uT5wvAGGX6QKIPMN8MdUkPZQVcHaYMykrietHw+Haxsbo1HdNm4SN7VNLOU7zNQIkF8TD6uw5g8eJMEOAqMsnIOjCuIkfdUdPTzQBIXMVYJh04D4p0UiwKtU1oWrgOcFReAENWUoEDiGptBhK5dFEfw2IE7KMIpbchwDCdQCQz+GXU66s1GsDr1KPiW+QFUywUBmMIqSirT2219VsZcMkALEWRBxMr1bWiW3oD/TliLpWoc/Yrtt2FsKwQkJ5whqm1ZO+ajw6tLpJLgmycVEZ1AH/vNMDZDBS762zukvU1fS3bxU2pq01aRh0h0CoyhzJ5NcOCTJXiaxXd8SG6HnERClT4TuhjEjWmFORT+hOSotJoX5QGo7Fb4VCR6Io+p9fA4455omuHjnGmOt1vGnouslRxpuSVoVWk835zCMhZ6+fJhFrPTWUcX9SlQpO9tse8/PnmTaBobmLg0OcUsOLwIuLx1IRFwT9JpbHlSOraJAMEBMXLz3KEZHWULw4rbQYU8hX1FrXbgobStaXrctvlOyL7fmxGGWIjGJMsxGTOVZ08hO3c0ikUgkEolEIpFIJBKJRCKRSCQSiUQikeiOUtM2nAyiXVf/46AbQhyUssZqTifB7ZZiaepYF63r2ofReDIcTzbjz2i4OR57/Bp+/A3MiOnpWFxGGxWCFwBViQV+rVzh5JGgE0qK0dmTwjD7YKgi2yrlMOKEPAMSbgKHw/n1DLNSVrHZzESV/EcehQIzUN0+HQlwW1Vpy/Po7UqmRZE1XtoCbQMtsWyZoWkupqCTwI1METCM8njK38DwGapNuy7KJVXJ07U8tYmL2dnQJgXKFIck7IIbEOVCSESFOoJRSEMdVAEGaV9AA4clCzSuCfI/wMvCvOe1lJwjdDK34YSXZC3CbU8chU5NQbYn5JQmbkXyP9GJxgh0Yt3BG0Hls5NNLJbNAAAQAElEQVRtBwEmlSpDdHR5YR0SIBOm0AVmg7K1jFK3TY5RoUTKaDVzM/D2YqfUdjW9I7dnSyLK1quQjwumwABC4cCgo20cZ+vgkONyDoWryXT7TDluBVIRtuJFgfizqfZMdTFRGhnoyQd2PZy5RIEy5Z3z2u3WRh4VHKyg0yODWCUCwKD73qNVyczVM4IV0nnIxYlcTtA0CjOistkQPv0onIi7wyY+0/2ao4KMUbflorrFSr0Oib2Zo/yQLu8U+r9BprJujrERiUQikUgkEolEIpFIJBKJRCKRSCQSiUTfdrGfBRd842tDeEksnwcqf0JdGAJ0PCeNULxDO6rr4WQyrpv4szmeTNpYTvZUIrWmB7wK+DjoWBx1UCPVHmq08SpwLiAMoBBr4S/aICTLiYSJoMOEynVUqKpCQ1uw2wByIkMnyKNQsRkDVhRVrM1s4InWM6Xo1H+1vbapymaTi+3309ufrijed1BLeWAuOyd6oTsQmAalcyCJ4unTiPOQQQf5uxAcQUX/ospeeBLw8UZncw0acB1gami4MA/Eh6lKfHIHKfoSjrh+XRa7y6px6D4kvENvF17CDEDQqnMM0XOur3O1mpgTvCI6jtDHJe7EZhpsDxOc9yUKEkJX7879Jk4hYVglfhFXorEWfqqSOdliiEI4TwY48lqf5ydzq6S30CL0TnUt73ad2UHP+7SYEV6c+GdqU9rRp42GGYvg26Zt20k9GTuA0eIIQbBOHCelurCkvDzCdBt1R+2EXs/GR8hoOCkYIvokI2iF+QiSczjHzCWdcPejfu9Fz/jaZTe99k0fwH1MXt7PeMJDLvzQV1zr6GAK+iLDlZn19aRHPfB1v/UD//zeL7z2r9//v379+z/zX1f8/b99CncyDMxosCTBJwU65cAjy6FzSW3yuuVhyz4ricMCrKQFMqeNLyCHyOjOC8hTsI5Kj0YY4kBPywBA3mHuQ7xtQnfPhNsCptuyzG4BB9KhJxnY4VOV3FDua/GswBe6Y9ZEIpFIJBKJRCKRSCQSiUQikUgkEolEItEdJ22pSqrAeyBWgU3ygIBv13P9PJaGrfWNq6Fw3Iwmk4319Y3RKL6rnWsQUmh9LHlCNRmBEvTW4GK/jmf1WBOGS4AlCZEKxEMY1Tl7mNwmBCBSLT7V5xGDCC2WaeOPwwo/BcVQkTmVnKmAWQSA0AfmZgqsehZT2ZalmEOZzONOQucqMgcAmOt0Erqv8SvqQuZO0HjG6KIEn2wC0gCmqmxK6kB/iWTLkC45ixAQPOD5smnY8RUUySHgA/b1+XDNyAY1o7RMKCmLEA5b/+bEHyzul1CL6nwk8p7FmJk0LNnSRnUkSlGPVnPnTneYj+o8Nbi1aCJBNhIqdCYjprDj6S5XjrfOmxmaQGok+Cq1wGTCR6nOWIa9TKj/CGkgbZD4luR0ghFI+rAwwbbSxYQkEIPeZ67FqCNW5oy60en6lU/o1ZRfEBnGKBefG3UzmdRAnChTWWurnu1V8GTRU80sZKaQErzowkLvb37vRxcXqh/+9b+MTyD66KcvePTS4iB0UEK3tj/+hcu+9LVrEH+jFaOWFuzjz71/r7LBNXgRC+iFMS/+6Sf9yg8/5gef/NCfesnfbm6O2ewpfgr3oCm4E5otv7jQG/TteDQ864wTn3reWVdft/vjn/tm0Jayr3yibcDhpG1gbXoX3CTE/hsdGIihVchPK069CYB6uXYSbzximPAe02jypCmuJ/489Qnn/PrPPHtLfw+n1/z5P7/nA59NAWZGfcu4yW2ijKHRo0STqUt6vhXPtZBeKCbqZhAUkUgkEolEIpFIJBKJRCKRSCQSiUQikUh0B0mbqigSm8CBOmALoWJF2JhWhfGkrevRGP6b1HUzHE9GozHYoljrgq29i4c4rI0GdDfRQYcU0aO0ZWMNq6eK9PglfapVY6kVq7Aar8tuBVwm58gMcqGIO+LJPcIrsAljOgorBN0ZJ2BdF1wGqKwZsDierj7jk6DSVfQ05nCbqLMtmYFOypppoKpyKsKmYjKxLwZL4LNtC0WASNAZWEHoBPw3HPMibPuiuzSi5DSiZptAwAoleLQY7kFnCKUjBQXWaC6XJzOI/CFTS11PTZlbkp0WZtMxwiwCQWfwBH/waYOmlZX26UClZFrhyd4iWduYHOChZ06MZ/TJPMJTdAkmoUw1SpWdhssZMpzBqfDBc8U8uFQpD5N2HMeN4nVubiUVHiehMFXpLqz1t1pZL+fjyE5VEknzzqcLEqcczOIMhVkMZMS0bVO3beus6dnKVL2esX1jwaTIlOE16mbaFR8v8SQPe8Bp//a/f/65v/y/Dx5ci1f+uQsec9fjds49YDwaffFL3zzppLs+9twzL/r6tZdduUsRawKuIxM0+vEAyvnwr+/9wrMed9ajvvOMd/z5Lzz3F//0wKGN+GTE5WYxsEknrAisSJAIiesgrK2u/MSLX/+ev3nJn//OTzz2+b+zZ99aUDY+6mj3H3/2Ix/38PuzWVAXx6P596z3UmYs2Hbo81/+5h+87p8CrDdCfMjvCU5yt7scdfZD7qduie563I7gW4JOdNGjO4PA9GqG+Eu/cJhCcnASiUQikUgkEolEIpFIJBKJRCKRSCQSiUR3Otmqr9jrIlZZK3IZ8QgctHU9adrJZDIcj8eTumldLPh6T2khPbAfUciK2KpNITlY2jYeYiYwnwXcRXRIxXcd+Dv+DD1k14Rp+w1CHzJ0wYYBGB7hiMxg3CIUVVtkEci3Ip0tVdmn0xqI6jhsAfNWJEUcwdm6t12n515hyuSDC6+YRdIxGRSKVJzXzIwHFNXphaIMDaNSYBEdrxRHcmS+wRcOK0Cc0GTjtIZ80WnnlaJT/z97bx53y3bWda5n1X7PTW7CIAiECESGNAGZwyg2KrYNYhiCis3QEJsGoQkE7Q5gSyMgQzdGmimitCI0H6AxYGQwGBSDBAgQ2qTDlElCAiETQyC507ur1tO1nmENVbX3u9/3vOecG/L73nP3qV27ak211jp/PL/6PeFqQ5FCeSCLsTAtg3jhJKJjT4P8CVMn83DvkU7V0JglyNBka5M0icFJcj+doqQof7UCGsviRNTIdySILyYmWZCwn/YzuwuC+pK6Sj1CSg4jfa6l/RToumbhibBXHdaKE2o+uT+/UA/VfEQ5W9E07uf/5i5G2s2TeLc7i8MuDnHbeujo0rvnjQ985pP/+Vc+6eP/1uP/3A//0yf99S/4ple96vfmWl73+2/4zP/lW4IKO+TeP/shj/nfnvgpKe3TeP9j3vXtvuHJn/IV3/xDL3zxy3kapWkpjecivjhT44+Xvfw1f/Vzvun//kf/4we996P+1bc+8RM/9x+/4Y3305BiPCPVcLFOmpwrZ9xn5cpAYdrf/yu/+uInf+2/+LZ/+Pmf89/9ha/+ph+cC8yyDsl585h3e8Rf/LD3Clfl/PxcZSIsE2RubfbBSWV7DD/6zJ958j/4lvma44KMp3z1F3/Cx/75bLWSzkPYiThLMgHR9WTYuRnqbui4RUwInsyLAhQnAAAAAAAAAAAAAAAAAAAAADx4iTfumqOQ45Qj7uMUHtifn89/xvGBfc6Gcd8+Z9TZTzxJeDJwjhRHcdEw/5Icu8zmI2rQoUXm36LmJaGguhNTe3jcWrwromlIQhtpz/oSMpsTKTd/FQMKkQWQFhhZPUssOJ7PWMoKqc4LcyOVEKrZh365LWzGc9X1QIOtdECWoKoOVZlEopJvooZoua+CF5V6mpaSu8NSakwulzA3D3YXk5RSMdrIYfWcVidZO0u5BzxgWpuTQ4NQ8gGVA/NZ4aL/oT7ZCxeREpkKZDs9ElErhliOYpehpZdKaOohkZxMecDEqUdzxtTutBmaymBGTXNicXG2PqQpZ5sa92O29JhXzS4skyrFRXxdsxm1hi/lOYsrRqDu+R1jUfLit8PPJ60z7Nh4H/A4OblkvSBN035//sC4T2KMdDbsdnE4izHaaqUm39BJ5Kn59//R0+69974v+PS//A1f+qmf8YXfODf3fL//pf/314JsU3rd2/6Ju6V/YxrvV3cTzscPpOlcG5bT60RJ7iN5xeaD3/+DN/6NL/jmf/VtX/jYP/Ou3/2Uz3v85zwliBSLeMhmPSZimnehcdo/EMQmhcf75y5+/w/9+9f+7h/81M/9CsUzM2uSp/hN3/nM737as6bx/jSez7MjivxOjU/mg2c97Zvmix73WV/yxnvu80GPcgFPY56Rr/+je0ISPye5Q/KfBVs10s177r3vFa/4nZDlZaoO4zpHywMKfO8991qXs4QlZxSSHnXqqtsG97M9+AJvtxadkbZDJQ7HpzcAAAAAAAAAAAAAAAAAAAAA4I5yz/3nUwpzvPyB8/N77rvv3gfu388R4ux0MsdWeZIgZsrZXXLWCJa8DOIlwFl7Emmag7dTisOuKTKHXNVmIwea2cKgjYuG/M+rbCpBdAFk6SUmTUhBuQoRB8xx12gWIVkfMEf+U4xVchHn5tnPMWjWHYnyiyGLWHS0Vg2UFjVLDJzdB+R63v8/lHKk6E4O3GXWJiryGDyVTNWdJD4sv1BlDRenDq7eFdzaCrDndMnGNikVk5Os78k6jKRN1ILU3mMYhgsD1cfHrSpOaiqZRai5HCSJNmv+E3LbDzIlyqGO54+hcW8xSq+tAaTeOfJfkmQppD4WNvjByupGvvE9EYsMlZvIVJuLOd/f/8D+fP4jvinZ32PXjwWtDqrnjJxtXX/KQ1IbkVMmYzsufl8ZFK+KqCi8vL8S8jf/l7pEOnOgYrnCdUBNDUDmzqItL3qI8jlN2TEnTyf16tmdnQ27QVewLTRrTGlSWE8w6uZx/vo13/L0P3rjPd/zg89iy1kz/31+143df3zaU57xrF/8mm/8XpNVZcefvWbYmvc0nh5gS68z/76XoR08q1c2C7rvvv2nftG3/uBTn/Qt3/Vv3/ZtHvav/9mX2ADWtuVbH/7Qh8wHf/kj3/9nf/gb21Z+/t976q+99FXmBUXxla987cv394/n92WlC4+iDmFZv6louZ73gl/9ozfcI74jcYjzJpt1JuN+L0Mzb2+qd+G2AeXZvPOfeofHP+6jAruUzIenNkmewju/0zvKSMzb+RQs71S6KeUdmwZrcTKEw3sDNy2qE45Li9kFNTF0CsTyWeVfatOk8/iSkiUAAAAAAAAAAAAAAAAAAAAAwLXzqt/7gzkqfL6f8uv75+M+x2dFaJLCZF4iQ2oMS6IYQbAEOsckL/XvzjSTRleuZYDImobiLqLeHskD/JxiVSAES+OSWO03smyFLXJMkolEgvKxGma4WUjQ0DkHj2PzSE1eFDdcoVPCrEWaopYX29qOrZO8tKvYNgWxdDbcfqs/eddiSWEz6N+NDMBaaL0ywUAZYT/B1gnVqCSzPykx3ORtTppVxy0UkqeLYY2ONyPgtisbqhOqYgHqO9qFwMsQicZFLW30NbbpZgAAEABJREFUaZb+U1MG+YxQ95rQPNOtp7kIy8t1qUS4KQXXb4jpTo7sq9RGJU1yeVRJC9cq2k4GmZWmDdH26xBmAwlO999//7x6pjmyr/4yMe4ajU/0/kc7Kfep+iWspALtUG5Js7axtcDBk0eVLFHNiPLQ94nYTSaKLGdRrLl2qCLL52hQQZAYUZDZ1ciqZs2XpPMqa9nO9+dzV/Nw7HZnN27EYacPQDQ70TM/0Ua1m+MR5XrOgrdv+Rc/LsIR67QI1MJ7vts7Pe9XXkrF7yM/oMlEJ9nSZm9uHy63IvFVcj1XnKf5G954/8d85temaXzEO/yJ93zXdwyHeYuH3/2eD7+7PXPXQ4a5/Lltsj2aIY61RSxV2LxI2oWSskFL7hKJqUmYZ6ReI+llLOFTHNj3smz/JHmpwkd+6PvNf8KJZJ1Qyrq93Gvm06RMLbQUTF2JfrmvjJpWJVPw6emTz/+tkW3s6g0BAAAAAAAAAAAAAAAAAAAAAFwLr/vDN0wsAWILg/ub59H8CEQoot4O8ha6xPyIBg2Wp6J+WFk5lHiixQjz18hu5CDvtOco/hxDnSxUXQQQMUlcP3nMvmQzyZ4SEq48G4IlfGENqnvYnDRIX31E7ESNWta+D1mMUEQGEt70mDxdkDBm+euG6OTQ3avAfnH9sIGW8POQrU7kKJkbRbGloC2RwqJ7efDcQSDG4DqTYHIPD/0m85xRlUCaGeawNJncw+q0ioNOiKB6lBo1bhrTiU46dUp1WMktIPGfUSVGcPeark/z18H9RaLLHtpRpIUBTKnSkvCQa55yz8iEEDHopJLRYZWeuNZlPhjqNKY2H5AcmxqKdQgTuSVMNvIYc9KXMfko6727EDqPFJGbhCvQSEIuuCq42Kepl/pZvz0t+WChFwsTeC2YEbuOeXjGcR6ZPCZnZ2fZ4+Rs1xqW+N/UnbmId32Xt/uNl70qNyxn8Bp0SlJX5mppWEoqkQfx6CclY1fk7hoZupSXXHzt7/7RBzzuS/ynFNRSJWfwmd7nPd/le7/57/30zz//87/0G0TJNIgj0dnvvv6Nc1/zoo2D6TrEECqGsyxumbdUTqI8Uf8lrS/nBssbDw2J5/0oqqgkP7mokqAYLH+Ytc89QcKznv3cb/iW7ww266LszxSqYEo3gfTkL/qsj/6oD7MzNyMXuXAa3QS23rQi3/bbystTJW5sU/jq3QEAAAAAAAAAAAAAAAAAAAAAXAv37vcSzyf3Lihxagn3a0YO8SNo44y8DB539JHAIoMo2hD9II345kQ6oguQ6G6O/ScpfppD+qHaKnCVQISN0ldnDmo+qKgc6Fa8Jr9oYZfRpksWQW0DqkRGZCfkF0TzTKF1yYu2c9O10MZwzR9Arykn3M4kqJKCyx+ytCniX1Fqr1lnllWfmIqIik+DKD+qimhTcsBUdSx9hZrYps1PxFX21EhXihYh1zWJeklkA1loool7iE04tTG2XbMFy+GS7x5VejBN0/k05tJyHqqkD1M/dbTb9Drkg2VHyQRS3Uo5OI4XmVKUvDzsFfjo1L4VR5VVD+vnkWoWoqpST3uHpMVKVl3icT9NY7YYibth2O1ycqamt5Iti0p+nRPIxX/yx3zQN37JX/sH3/pvvvMH/qOuEdZMRyGUdbK+rx5wKkuh/PxhH/QeD3+Lh9lkEfObZ/3ML09TVhC9+tWv9wUyShaqJLlsxoc99IZW+NuvfF0+iAMNZ8PuRpz/ZLHeoBY22QQnT4ohZAsVlbjliZJ4KqKTLCiJw/yryE0ia54fsTgSdRb3UpJOlfGa1/3eTz37uZzUDmqQ7WJon3JKc2vTZ/53j9scz3BVqqylOxtOod0Q25O+I4YDOpJGa1MWDl2/9gUAAAAAAAAAAAAAAAAAAAAAcFlYnC3UKSLSQgHQaCHK+SbO5+/Tb9KZXgQXnag6wlJFZN1Jcs8Js+BIOSZLbHk6/FV2r1/NA5b1bLVg8U5+k0FENB2mgOEuaQstu30iVYKzUpwUYYSRUvsbt+/357hrdjeJZKjlCcV4YUWeR0aFOSrp8JNabSN8UWObPPKiUpBHwOrboVeKDoCtedoOrcUH+7isZzk4Fhxmfcqh0T9wyZ9ThBX+lPp4crEb2Up844qWRhWh6ousn0nZmUJ1JinovGJLYeR5XRq5T53hRcagHimusUgyUJMqTabzcZ+mKXeLzA5I2h1VT7Pz5sSmYcFD9tbLm9Y92aAct3xgjuXixd18WHFyZBmY404oi5MkYZBM7jxI0zw8eWhSiLuzbHOy2wVq5nGtNFyKl7z81X90z/3/8EmPv/e++77v6c/ebq1lYGkGpJV9NUme4pBPfe3f/Rvv/R5/qi3q3f78F957z+hSD02Rk/Vx80qUGRzvve+B+bK7H/oQWaMxxLM4nNFwVxx2WYCStSOavUnUTpYuS+QxoqiLWXg1aV1RXFJkcOY/w1xe9hFKKvMyExOihTzJePjD7n7UuzxSLiItgYoEx/qbRScPe9jd4Rqx5Eg3UUA/XTd3k/o0qb1Kf6qyQTidAAAAAAAAAAAAAAAAAAAAAHDHkchrSJQ0IB6r80Q96AKCq4ijXpoOlO+KE3W2oOK4oYYQyVOcTGzuD1xMOJq4cStBuGq4U9vNnbNDqn3z81cpfusudl1FR6hBVEvr46eioRk5XJFC4WI7Fm4+A3nGHA28e/2WXycLeiTjhiczEhGFijJKpN5TexStRyv0OKCV4KUeqbNFyXKPpHqbPM/c8GRIneOESRlCVYFEL7sRBoUDYy55ViT1kE2eIEYT0jXrnzm/2JGWvpZhELsGo4yg3CXlZH8TLXNKYco5diglHxRXy1ifdn34n4siiH2CX1fE3L1zUuh8dCQzlrXBBB/cP7h2ONuzJywDrrYt9t3I4zRO434/D1WMw9mNG7uzM5sgTelMnrXrEoPAL/i133r8E7/tB77xb/+jL/nUe++97+k//pyVvKw0p1sXB3sRwjP+0/P/vxe9Qh/JJ//lD3nIXTdC2jOPFHaiF9GUYCwPlnJKH97de/9+vvHuux9Kww3pxFncPUR0JzdyYp15luu8m5Jvn24WlPUoHFpzIBGpZD2U7KFxkEw6knnKDai4rm7qlt7jPuaj5j/h9lLXabgJNCGbbH8LHdkRKYluYpoey6c6RCcAAAAAAAAAAAAAAAAAAAAA3GESudpEwqLuRFFcCSwgSFX/EYJ6VIRyVbWnaC6Ry/xrCQ96DDXXMWkkXyKImg+lUaiYhCD0RW5Gw7kJPcatXyW4ydFMIRpni07kcDNQW3JTs7eKzLtlfaNKK7LchIZBTE2GLD3xUDUvrz4oVSCTd7S+JsHkIKb1UeWFZAlx9YkqTlyUkbsgTiuxPA7qnqaG3huzgbAOPi9EAJ7OhDRrklubSGaVTpVhHaRA9cC0QTZHi83N9jQg0/iICoSnVFIG6XT18RePE69HFAAhkhuvFGeW7IoSXLRi5iaT2MTouO2TpWtRoY4ExGX4JLVNrmfXCIzsr/pcrkFx0g0B1SfBPhepFY75ZbxdzCXXAFefE+sbubwim8CIzcl8UTY5uZFlGdMoDjpZwjFodf6QL53j6iX/5VV/80lP/dHv+Dvf9g/+1q+86GUvfulvb+hLmE8v9in/9Eezm1B+yvu/9OHv85C7bqRpn6YxDvGD3vc9/twHPyYET84kzkCves3v/8gzf3a+8a3e4uGSNGdeuTfi7iwOkl6H4iS6G1ll1aLHNHdsj6eocGQikijvJPNUkq1YFkkrTtF9LfWT5tde9Bs/+u9+KlQzKGrtZHwc+OM/9qPe+zHvHq5GsY9ZnLGNqBHBlFbU2oN3XK2ODtRA7fxsxWrN/doZ+2ckqQ9W2FC/AQAAAAAAAAAAAAAAAAAAAABuP4OG8OZwX8pZJDxwWawz+rA0BxMcmF+EhbFNH1DFJakKDOQkqdAk2Zkcgh7nq8ii/kzSCInoe64UkSZkNxIPovs78CcYMfSZaJgtUYbHuovrRB875/bGevtFNXrrqLldc+m4zqGM4DL/ThT3g/zfMAews0sCR89nY8KIKZUGcFVy9DYTc1i/tfFgkVx4wLZk2NEvU7BkOup3MrniZNGlRZCYvQvFCISa7nvZNheYWxUEqYWK5lFyuQVb90XtxK73cNGJDajVSaXyUrK3qjqIRPXPmVR2YnYvKS0MEah5WK7AsOlOVNqbhSl2f5o4jeMoDidTYimPJpXsqKAlmewkl5PUr0cezq4OppUquY1EulN8b8Jps7mn1WLZpNLnriY5wfQzYnaiHhuhEQmViVXLu2wDFtODg7sSsauXhpxoJhudzMOSZ1oWM0neGa+d3QgoUrxEtWJE8+Lf+J3P/nvf8dj3/dMveekru9Q5N0cpgNOU09/w9BEf+B5///M/YXHZc1/wkqf9yLPO9+Nbv+XDsuIk7nLX4o6G3bA7k3RV4zxzXMznqhHpuzWURZ0UanV5o6BdmeKxaDDKutvq3Qt+9cVf+fX/xFJ20aDatWbLlg2I07u80ztcXXTikO/v7NsQWWf011bKZ7+U/F6hSG1WzA1WOybzeSrSkkZHZHM7cvFnqjKjS89cAAAAAAAAAAAAAAAAAAAAAMA1M8zRT4opJI36a/ySeBEg7IPUEjAt1gYceOmHIaWkqkQwZUeWO6jxhqRbUVVEEtFJctWB3S3SF4nMd2+zN/le2sZtxB5rlobssBCLQwZp4pjyAn6r45iPY8kyI9dLNo2uuo3Yb8xh4tiadnistATEvUldR6T2mBUn2dxkmD8tt05RuojggjbEH+0pE5pQDdeqEENH2Buiih92K5Rk2pRiPmIJfizpCW212XoraVwoHHSd6YcoaqtyHpoqO1LFySC+IP40PfFMEzfX8qeS9GlZH1HbP1OJlBQcPElN8guJmCq4fMeG2Exb6gNRjxMfmElUJuM0zn8mz0Ck58lnK1Od/kmnlQsFdhujY6KbZN4rHC+v96i9twKrwUnRMZRkOuvSo+Yfoq6YcBPNKFqhME2sWXVygVmHEYM588hAh3kGsCWQOpxC5TCqHps/h3kuPfsXX/TTz/lV2SSqgdDVdCdkOXRKPiddQ3Njp5/82V/+gz+8Z/7+ZZ/3ie/wtm/1tU/9gdf+7ut/9/deH9L02t97/Ts94k+enZ2Nk06emBs276Npkjku08By5hBtOMyURueqTMplPifN0truEW0XdMl+n3hdlZs1dXB/fycGtN2vnt+o25yU2Nac/YNTNjcdt7Y29Wmy8yI9O5TQDQAAAAAAAAAAAAAAAAAAAABwWxE5CWfpiQsxxJRhEcLUTChqXsElyF3sI5hLGJE8oE7JZSckgeEkP4kiwGQBiUSI4EYW+UDCyiK0YI9jSiCYivXFMtSYVqIT6q5vzhe9CjeSlE4iwpafxt7eF62EaiAuiuiaNsUUB5Q7594vVNrUJpGQtmW9Txx2u12O0ItLBRUJAdVml5Cu1lKSbCR/Nk0zgskmzLSZwAEAABAASURBVIkmlINkJjWWcsaEFT4KPjQmyAi01BlZ+eUByOOObmoQDg8LB3uYZgkiCWgWxi2la1tClk51xHW0rWKfh2rcolYIJmYKdkCB+xlBNl3Jh1EsJbJ6QIcmm5pIGqI0ZSVFzgMV0mSWKUnutbFP/fi37EJo51kwWUz102glT6dTbU6KNEo+Y+OGUfpJXpX/UOw22uKoV52coF4wrUtZQjJq0/l+Zh60LF7KviZZOZbY51Z9tnR1lYuUmXP0zCMfdQ+pliEPu/sh8+e9991/enE213N6naZFpJYb4UUv+a0XZTOV9Pmf/t+8w9u+1b/+tz/98le8Uk07Xieik7f/k2/1qtf+oc5F0cRMYo0zicXMQnMW2q2pEVSIBCypVU9R6JVJ0j3jBZ/0cR/9F1/wzEYWss1bveXD+xMny1PqHtRs9972tJXMrNbhU12lb70NVFBTk0Is7k71dqur6Mpk7PxfFErbkioAAAAAAAAAAAAAAAAAAAAAwG2Hm7CmKw2IV3FJ7nJ66O8xeJoa+T8my3ZCJemCiSQCT54TwaKqooHQjC/5e9T6VBygDZiITalhXgR2xVagsWo1rH1hqTipwgV39mBznViGYEul/rVasHTlbwxj+24/e4+CJT+p6WY85K5tFnsRUZyYBkGbStVEpul3TWRT+kGWSCaotUx1PbFBtqHmpCcnMeyQrDGW9oKr4iQ0sg+ildKGfRxb35giHenEFWWogybW4VBES2R3R09hU6oOy6dWNRStsEWjzloqu5lOsiFx35dQR8kqzX/ZNJKERsVcx8VM8+BMo4xUzqaTdSf5/0m9U1hNKKzwVJ4wHw5870IJvbNZqPgUqJqCy4tOWih0y5IuuHbz67bS57TKdQWLikn0OVN+tjafY9wN89/cPFr1nOnKoIv1XOVS2R2iZD8a3v7t3vJrvvjx/+z7fuIXfunX7QLmt/+Tbz3//erX/f7GvRvlFQnYXObQynRMF7JCk1KpXuk1v/sH85lHvP3bvuq1r7cVJ2Y48xwKadKpTSaJiy5JKePQlimKJuZYBqrflNeNKNPn9X/4Ry/4tRf3/ex2SF0R7/fej37EQ+5alOJ/Tn30JwtVDtx+WJjW794HSUWHEuBxAgAAAAAAAAAAAAAAAAAAAMCDiS01haYzSYtYoLtasCZFUEsNk3NEzcsT1KPE47Ps16sQJRW5R43Aa+jTI9Fq12DmCCYgsDC96hxybLaLOWrqijaEXg64lYpkAxWP9roYgSQc3HSPm3QldrKcORSab2xIwqK04OHu9b0q7xgsC4lckDMPqWfMIhTchKldcVLkPtWmxT6LCoAnT0ihygc1CZgsNl49GLaz5CySClk76mfbd612cYbE7iVPjEZgUTpRxzpua3g8IE7c3Gramma0TbbU1M6tqsMSFEWdTtG8a1xbo5KbPH1shGTEpimNkygoRKCTytB5obm0idOFgfKd3ZSKMMhtTphvLoZPB87w4QuMttrygDcf9inog8/zKQ+UzN84RDEO2Z3t4jBkKYXNaFn1NHR18ZVEN2Io9Ckf92Ef91Hv94IX/uYv/NKvlea8w9u/Tciikz+Qy+zqI6YqLi4hsUsRrxH7IYbi/NOVUJVTr3x1lrb8qUe+3fN+5TfMWmgaxRtnJFuA4oKTHV9SdfFpZVrNQNrK73es9orUiDbK6v2pn/mlJ/xPf1/sdiQdWZgHP7b9Tdn+J/3Lf/KVn/rXP87u9JlIPvpl/wqncFQj5CKusG5qd5nrnGwyuJUUtRvKNkVwc/wyAAAAAAAAAAAAAAAAAAAAAMAdYhHEq8HhNpBolgAm2+DujXlJUENugKABZ8mt47YmJayb9Sol+KhF1TBxKA4cWr1pRMoF7PU3TaIuNNw233vBTX/YouBtl7M+4TJv0XuEtLibxFZiQtXHgUv32BIVBcsSMhPF64Q75YzFhVdxYD4QaS1aGo1Ni96HQxejzd/NCqWqY7IlxZbFSNdHMpeZqmyg5Qjw+qtXlbhqR6jaajCHLu2KKpFoq2dFH8PJ25F44qqx0SdJNvvKXbGmc7F4f2jsUtjUOTJPkzl15L9FOZDTpKidiWbtyeoZm+d0alqPXWmMSYGkxKJ3ugndSdFV6bOMhxbuxkP1ZXNFd5OWXmQVZDbprJ3ndc6AQ0MoiZRkAuZ5zp0G6XKNaJ7gp37ch8xFPe3fPqdtxjs/8u3mz9e87g9C9+hjaJ15aCnoCnaSqvaNFpXW8YzRVu4vv+g35zPv/i7vaFtUGEW0NOmjNm8hG5B2YfsqaDZXE4HoPLYB0nQzyXyWcvYdvVgzlHFoJzprhrLNXDfcir3sRs1zxZLvLKO5hJp1TlVgqF9TPx7lpzqGm3X7VC9KOhURlk1H1I22+pm6TeRgadYRAAAAAAAAAAAAAAAAAAAAAMCDhSLskBf9DwgaqPtqUosQyrvtwcUVJa2JKk5KmDM0EeM28tupGdicBIrfSPsSfpfyJpg5AJHnS6FWseIH5JYYFrr1WD8X4cRxE4TQ1L68shFYUPtrud5tDXJglYtDiV+jUWdJrUNUbVG62LG6lBB1zhhqLZNCUbP0QWWPcYvNjNmczF8nFTzU7DxGlABw2Oq+Ws004+A/hepKoEPgj49TsLOk4gYueptI4p5Dqyfl4Xf5WwLPXKrxAz2T2OdG7r7pN9jnis21+tCW/g1mJeMDJXdLEh3Rl0gmnTFNkyaKmcv3WyWPT2hvPDXkvbPLkwtj5gXGk9ZcG2VuKxeqL9oLTAPgvhhlVu1cyqKzsh5QeRBHE814sSf0kKtbjvkbZZOiqM+aKIo6IpmDiCmw8k1R0+u0XT5d/uI+MR/2ge/2qEe+7c897yWvfOVr56f188970TiOczl/8SM+YP79v7zslfPny3/rtd/x/T/+/F99WfYasUWldiCHFDm90oTorz3uzz79x39RJm65ZT7eyZW7X37hK+Yzj3n3d5YO7af9/omf/fgff9ZzX/iSV+rSzM46Vpp1WXQkqiChzhqIVfeRa5Bx1LGqTZJNgP7Cf/3+n/ZJf1H1Iu/2qHecz3/Eh77/d3371/TbGfX9yoV++Ae/3/z5tz798R/1Zz9Y1nX8vh/6yZ989gtIdH/2bNrJQaHJIMWbGaRir9+prjllW8guL74LkCsTdW+S9UBUtsG5z5zFXUFsT5i9ThWtsYlSTGIVZB1xuKo9DwAAAAAAAAAAAAAAAAAAAADgepk8ZB1dANAYV5ArTsjkC6oocIeQEsRXD4qcYULkJsnVJXMsv7w936oANBaecvTQS2gC+hJ5rGlXSEwrqIn851fvNS8DSyA4C1siedoUz4gjBVhGn6CB3vlDEoFYwVMonahxdrdmmPzYBCR+VSQTXmgMlFRpoT9Hv0Hjpjn+nszsI/+SbNBy6HrYzX+GrMbQsK+JK2Is40/q4DFOxWfAhpWL4EN0GqL2MF8Rsgrzj8VaptiblAPtp4yj2bPo8MbYSl4aiUxzZi52GKjogeYmSrzYBEcUhjwNkji3mL2BRPpdgyN6FHlsc12RkqXasRaxB79dF8JJr9CIdHlOqQTZTdzElJoGc5Y9iD5H57ROUOLI0RKnSDh7np7jmPbjfpRkKPlEGR+rN/+JZa6XUPhR6YlJPHbcUB/ZKZKOk2lVMLTVKJfObP96M7h+i0vmF3XnkCpjuEjVdTV0JD/tcR8yH//Aj/0sp3HecD77f/4/5x9u3Ljxlz7yA170G7/9sle8Osbh11/88r//9f8y5AxWu2y7os2jIegUp+Nd42/48if8tY/9yKf/+HM8l1jzq4zpC1/yyv04fegHvKdMmmli/oSP/tAnfeYn/OmP/EydbLI1pLnCadJ1ldNNuZgrFX1Ulj3p9pk1OinGKdcYY9/rvIM9+k8/8m9+/J9vzz/qnR85/wmn8SEf9D7zHz3+xee98D/89PPyepAMWEfUG3Qwn85yxzwE98dxLeIrkjr7F4b7BvCWCorCieooAAAAAAAAAAAAAAAAAAAAAMDtgFR1UGxCynvprgUxyYUHB812IgZuI4LJ/Q9UjdEFCzV/xIUNKYks2pZthIhjG2oXcUc+QyVCyVy8DVTVEcNpiXOY/LaoYWouPgLmRMCtTQs3hidR5C7kGSM8sCrqmEHsHwYq2o5dzIl1LqUDKNdOZikizfGHxUUDoLDqJ/IFntuoxzU6LubgC/UBOrwUQtUZmP5CTU50NDSHjw65xZfdzcXkJETUTY0QeseO6omgvzDZrPIK62fvheOSh0ZhYW0mF/XotOQ0pWmc/5OcOjJKudmJqi6Eiw1EuKx0wqrecedmwSfOwNM5wR7FpTLl72sxh2gkTE1VNpNupf9ErvXhD7vxVz/q/e5/YP9j//4XZN6xGJCET37cf/2wux/ywz/xc499/8d8+9d/0RP+7lNe+JJXyk/xP/zML7/7R33effc9QMOOwlCafGgEv/p//rT//pM/+jde8eqHnMX7HtgTmQTkHd/+bR77fu/+5z7kfR/+sLs/98nf+v/+8ks+/AMf84i3f+tX/Par77pr996PftQvPv/Xx/MHZFkNmltHLHPIpVHm9JOz8KRJy5zn4TwJ8y+D7p/jfG+/WnXTCU9/xs/85xe8KGSdzZTVNmk/f77d2/6Jr/iS/+mff8/Tnv8rL6KscxuKV9KXP/lzHn73Q7/ju572Gy97uYmzpGEhnr3ila8TKxVJtUPRdnsf4nLgw1S/8nX4i2yVYCu2LOyymH0oNnVet26mAQAAAAAAAAAAAAAAAAAAAAAuhwX78qEJUNgTpWisUt0pTHhh5hKS5IVr7FlCmDU6uaxiq17P7dOGD6n9iXgZWaTiDZLDzaZZoEiLujRwuRIlcN/reljSqfjllv+h3qKWKv6/9js1GghVO4iHAbv2QXLGaKxXhCeDu7FEyayzzme0JQ6pnWovY67NYMmnk8SoYxTrBUmvI94dcn1a2geQeY20SU5OUMDUeHE1J1FBRWhcQoJlwHCjERWe6F2NCoSOBI1bWQn3LiHcGYgUZxrP1+HWOjGEooIw6xcJ9KvEZMxqk2k/R/w1p052ttEny+KGQyrooZuIa+96cQ3zLU4I0ghAwlK7dbNF+8MORWvSzHsf8kO5mq6zDZw+8b/5gLtu7H7omb/wxjfeo0lo5mf9Hu/6yG/4sr81T8Gn/7vnvNej3/lPv9M7/Mh3ftVf/7yv++UXviKb3jDdc+9eRGRn6nqypTipk+m//+SPfv6vvvRTPu8fvs1bv8WHPfbPPPpdH/kOb/vW8/kf/ZdfpZf+0gteHHj8gR/96Q//wMd80sf+2W/+jn/1EY993xtnu//w7OfytA9xeMhDzx5y10OyGm5oLJgsi06egTHttKi3ePhdaXpoXh7ZkeUshMFbaDxwvr//gXGela997e+95jWvC2mervv8Zzp/wqd9/Nf9b0/6E2/9lk/8nM/40L/0Kffds8+iExrmqh75yLf7kA/8M2/1lg//0Md0C/IpAAAQAElEQVS+zzP+/U//k+/43p/8qZ+XRuxCPIvDDRpuyIQMi+1XfYeK5EtEZqnZJai461xBwxSb6xfSM30ElPPslGtEUST/ALRmT9SKygAAAAAAAAAAAAAAAAAAAAAAdxo3MclM3CoPcuIYUgcMyf9QxSUl3i9/cnaJ+YKSEqWEBF2J0VbUnlbNBdfAfixHOdRYjC+8Hj2v5yRkSeUN/RIHL6Qmx0eDS1W0kiqYsffq3ZTD5Cb17f8SL86jVEkpuYsEdTWqsQGxhpqz7YHGg4eBSnqXNEl1B+O2xSol9A4f5G4eSaUm+uxyAF5Sxsin5DlqHEn6YlX2EizXRzkfjlNjxB73LQNYFCc+L7gRPkR1lyheGMVOJhwLW7t4SQUzOtTejKIi0uFYKGa4ZFUyQ46pPmi50GxOpvy/ZFvKf+qEFncKi6sX6x2mzgfohGD7jpc+NLcU87fgJiR/6xQuOveDz4nYp4NRrl2Aok/x0x/3YfPxv/qxn/EnSo96l0f83//nF9/90Lu+7p887SX/5ZUveelv3XV29tSveeK//o4v/yuf9VX/5eWvkeWpWXV42O0Olf+hH/jub/82bzEf/Keff8FnPPFr7733/r/ylz78m7/y8/XXV732D37x+b/+i8/7tef+fy/+5V9/+Xzmh//dz379lz7hiZ/1+O/+gR97wqd87Nyep/3IT2YPkkBP/B8+6Sue9JnhBF78808/fsH//m3f+9X/+Hu45iXLvf5vP/rDvuyLnvDhH/y+8/F3f//Tn/wVT7nvvgcC7URxMu8z8Xde9fuPfuzjP+tTP+4L/se/+biP+Qvzn1963q986Vc85ed+4QXh0oiDE/FiE4mnza+yhcaTjXBcCmPSplRFTgEAAAAAAAAAAAAAAAAAAAAA8KCDPafIlteFJsXRaD+rlILqV5JQ90RhWt5CJj5Zq0/IAv+hqA4ORhKp+QwLB5RQLU+27ixhS6KiVGneq6cjuRpUCGK6DrV6MYGFSgdIk9UUq42qS6kiAwnEm7YjNzOS/SG1oWCzOFkYtBwaBr+8yimk86xfag4d+XXyA9OEuN2KPhCzHolF/1EfxSGhAm/FepmrS0s/Et7q3N9B9TvLDpnOiRtpyvYk8FrMuKVcSk3wWg9M9iAqkbZPbPNQv+RRyRlMpnFmP455iEitWrwDVI08pCQxTGl1HHyqmGPnmpdUXTS6Qb9GyNVXzXK5dZKT4Ot6qyNbDhbXVSW/16Pf8X0e/ade87t/+NM//6vzqWEYPu+z/uqX/u1PfshdZ8989vO/6Tv+jQzy8IM/9jN33333P/7yz/7+b/1fPuYzv+r1f3jfR3zwez5wPt1z732f/okfOd/46te9vjbX9qH4sIfeNR/8m5/4hc//sm86f+CB+dSzfvb5//R7f/y5L3jpLz3/Ra985WuyliuIUixnyopveMO9/9f3//gXPuETf+U/fs9bPPzuZz7rOS97+W9L0rH0+j9842/+9msO9aQ4xmzNBFrsTr//+j/MNjxZkUd33XX2KZ/0l7/os//6ez36UfNPv/mK33nik//hf/ip50g3dhyyV4oYpeRZ+4Z79k/95//62//FD33CX/nIr/5fv+CDP/B9fvJHv+uHn/Efv/xrvv03VIhTd1jabKQ3xBR5ZjRUx+xiqHl4IVTLqa1NgXQPdcFXIrWSEpWYFnFLZzQAAAAAAAAAAAAAAAAAAAAA4GqIpYjExJnaeLrZSrhXBlsmi862IScu0WCge1dYjLJqGELoBQXN7cczrFCjAiFTa3i4tugNwqFOVYcP1hf1wzIK30kWvDXt2/zUl6RfQtuJtkBqIsXzPTGYZcocn85ZdfJnPrAULjWOezEuK5EQbHDBi+pLcsIYVZyk7G4yf+V80lxYXJ9haX5KjLmrtz2OIgO5WDDAjUiDa5obl+dYJYPLd2gzymxKp/4hVkuS9ut6nFYzID87Klqe/H/iMUlDXYE0j08OXos5TM6tM4k4hz1nFBeZVPtYm9RJodWbnCA92aVsemH9aB82VV+QGG4C7heJl161WLTQoZzGhqJAR7BMrGkK1feoaggWOqBbwUd8wLvNnz/4zF/I1kpEf+a93vUrvvBT5jP/9Puf+XXf+rRcdZZc5GH5nh/6qfd973d9wid/9N/+jI/5P5769K980t94/8c8qpTzjGc9N1QPJTMo+k/PeeFXP/WHv/27fnRKMQ43QnY3ecNXPOX7ZHYkyiZFIae/yaKTmO/i6Wu/6fs+/APe80M+4DF/9IZ7/s4/+OY8nfIyj//ie5/xnd/3E6YSc92YyUko2+qk8Xwaz9M0cl6zOmJ505B9g1r7JXFI0hbS13/5537uZ3z8fPZXX/Sypzz1u3/w6T8xjntJyjPXuQu8i/Ox6NuCaayGeUP4N8/42X/7Ez/3hZ/7N7/s7/wPn/hxH/2bv/Wa//Wr/5nZHB1/UvNG5k92SlmpFlR60s/n45goTPaGzXlSxI5+Pi9Q+UdJlWadOqfdjm/dNAMAAAAAAAAAAAAAAAAAAAAAnM4c89QDlqwiXchdQ8wm9LAT8uq5XTWpEoJTd1PwuKQG8/30HAv1mqIeTCXiX2KR+aouEM/kQW1LWCOBz04eUmPftVNNKhbLjNMkptGDGGO5rDiVzKf7jDQqEmFTfpQcMkttRP5/jvjq8JneRKLI88kh+yLEsAq5Hqd4qUzSBpGVcPCMOUnO58+sn8jjOMmDsP+8zS4DykYgJLKBfOBOIzIQodX3XKil4Cb4KxlvUh+45yyz6bUmRZOQtgwwxMRhXX5qKpLUTQ1qaqKx/CZsbUYuqilhSZcj/ih2kCwbTCrM15rYSkYpBlPcEFuGqEtE1regd/rzf7c/UR5/1cqEU1CF02KN2e2N1iT4JKvnriI6OaQ6akUnxQ0m+Fo6MK2XqppDipYTWiXpoqb9u73L27zhDW/8nd95jcrgvuizP/45//lFz33ei9XHRspT9Qad7YYv/pzHfeM/+5F5iTz+r3z4Y983C1buuff+Z/zkc//zC14iTjxncfeQ/GfYiS5iLv88TffzeM5hVOWUCT5Yk4hNsrxtfk/jftyfj/v7PvSD/quXvvTlr33d75nCbC427uaDvHlSErehENwqKXd3HsFpn8ZR02D5LqQSEH2ORSZHqkQZaDevrIfd/ZBv/bon/T9P//fP/Mnn5Dw+efGwXpNFJ2mXP3ObrUKyjWKSiqZHPOJtvvjzP+2r/o9/fv/9U4iiUJHrxXCp6sKKa06rK2JXCTKX5g6bz8n+Wi128X2yKUruayI/cOhdk0R0ojudzDTXzy2K1Aa/8NnfPX8+8h3/ZAAAAHCYN7zx3vnzLR5+dwAAAAAAAAAAAAAAAAAAro/fedXvzp+f+xc+2U+Qxz0NifppwM/i7+afwWbyocHUxKmPBpJ7c4QSUa5uETlvggk7ilhFXqf3LBdN9FNCk+odQCH177h3opOllcaUvRhK3DOaAQZ3ohPRl3ArLgkasLZfrXBTnJjIQjUoqWhOyC+aD+YgbhCPk2GOYQ/D/P9OD3Ko9UBgPR4Myhddy8iun0hFSCE2J0GdOsTgJJ/NApR8VeDWikYbGb0iqlWYj0L30DnEJgSc2EwaemzE5li5x8vVW0HnRFTNyRAsm5BZyLTeGMHESNxOC++0aiw8k4cOrcmGimonsUlMtJN5Ts0ThFRWwtnIRIZnzO3L03OeD8mD1ybeycVxvsUUOPlAOsPN1JrbHaWq6GqsKEmBmA8nhapdPCA6MSOK0uMLCzogOollRLRwK7Y+S55nYrgCJ4lOUq22ERatuG7RSRpFF2Jyjfqj5zBSzw/RnYRiDtRdljuRpQxiPnQWd3fNf9QsJGj56ZynMSvqVL2ho5qSF8WusEnjfr8/v286v38cz+f1SKLay7WLzixkTYbtkKqisueTNSejiE4m3Tx9r3SVSfZCKes3N4CzMESlIWpsJDoSHl20oV5KA6chX0hDqM48kg3NLJFSUW+I0GRwhcpJopNQxCJVJrY5uw6KTmKMxeNHpVFcbLRWopO8u4Qy5rbLcJ/ES/eXFz77uwJEJwAAcBEQnQAAAAAAAAAAAAAAAAC4Fbjo5K9pBFli1lHjnuIuoWKLagYSJPinsgALFlJoQocFqlHUEDwPiykbJOoZ/RcNrkbNWxFzvdzGrzU0SZZxouZY6EUnfmVjmjKZF4NiopM2kwsFD/23r9m7fiXUSDhPGrPm6m6SinyCW8sKCVFLPoqz3dmw22W5SYxDzFk5aEu7IU3bDspbRaIvGT2jjtaqEp/JRCc5nJxccTKK5kRGtBlANtFJHdXykXOFDMkCuVG7GRs5hYtO1qqTKUfGk5o0zOVGqSG6piWH3q3XPpKpDUNTOz/KZNAh5ZLZyborzVzEmlMjtZBHm8UljVYm7eeYPufQvqXSya4QXJQsZugj8XiTvwRXnyzm1Vp0ooqqE0Qnu+7bZVxu1mze5v4T1UUndC4qV6zrhNZoPi3uFup27+iEFEInyG68HMqGH/mpSGKvInazzcqakueey5R44qoby7ZJ8wPNt6thSTzLf1SlIVYxNOyCSqZUZyc/5XEW8xwSbydVO2XtBe3VzWgYmDmaAiorzIbcTjLxnZcWiFxjIZljeIhkopBuGINsSsmnjO1/2kKWPUaslEIqy83y8gQWxQmVScBy2zyD564OolMRByHd4ubro4vFZNetz4FEPCcbdM5a1TxWFWuFK81k28Tr8bGLo10gO2cI5R+d1rFKnuctm+QAAAAAAAAAAAAAAAAAAAAAgJORyKOG3knC72puUk0nWBwwgitOUudakcUHKhQp8T8tx36up6OmRMkh4iAWJmHIyU1WEfXi4KBtmkOfZtShUdj+vfjQCzW6CKkH3sntLDTa2gd59YpkjQ1eLZcykopy2CwTSFQz1F6upWjSjexucrbbDTtJJiFij0BN4e24b4duq+KEa8i8mKtkxYnZPORfLb1OL8jJWWbkxM6dTqxXJOO+HCgK4aTQLZewbxlGKzSaYsmKqgW6KISoSBRybiVyCQ251EQFA8nFKDbSwSZSfeRq+qFFy482PXMYX3UFpO4IYgCTHU7yn1HzoriiiDWnTla08MZTKbNFmmv1euapE9Qmxi5sjKDqFU4u4yBds6vi5LQHeQV4Q+RlB3RMT3Mlq5WDaK6ZIQ6k1iZlk9CNSZ5RLMILmR6alyqpMMWShTG7OiSv1uwRYmZL0Ux7SCZpVhpF7+W8/01ZwJHnzJS9c0ZJj5NcM5cGnV75CQ9RnE5kpxjEcYVEqqJpxUT5ITmcsqJpnqm0nITk0hbyZ1pEVjqHWORi0cfEdSdMC9mRfMQsCsvmQJHUBsnVMYdWPoXGaOWaJlRb0CUK1dWWapPMqaVwDUsJAAAAAAAAAAAAAAAAAAAAAHCNTBJmteQjbMlKUs4ZkzQWytzHn7tjDQeyJqqQU036j3pR8CB1ky2BwnZQkpkPxSiL3UhQ84D2pFewoe/N6gAAEABJREFUKJDogP5js/yg6VqSqUC6+OZ2Cbthd3Z2duPsTJ1FLMFMoMvKDFRxok4nrIlFxHFmjipnCYV7nKh1gSX9sWgykRsqVD3AwXqah0IXOE5wVb2U5xxMfVK9FUrUO87B/qGvmIMZp4RWv+KDw8yHW9Ccp3VD2UVSeZRSEHeTrDgZR1ecJJlFQ3343v4mwH6k/+WKS9GLTrhkqLp5dwZXG1QdDRX9QKvAui7YExKVSSAV+nTr+nNNIoUNbMfIeo5sK1KnkalPTJAUfUbqL0l0baYYE28lnwXFE0U8T/y5iGrEXEsCmfVTMC+ovAtOaZ5XWdQkkqYsXhrEeaR4NImgiVRsZonDomymJJZLzBMNifJOm1SO0qZb8mZz1wt/tvIDR1sDbItN6yj2PUtVhz4ok540ohO/dzVTfFs9aRc+Dum6anciEygW8dXmsuecwyyk1VlITAAAAAAAAAAAAAAAAAAAAAB4kML+yeKpMbmKgzsnihwI1JhhSbIgp2ldUB+nj82VVejgcUy2HAoewq42J2Hjrfj+TXfTyIQ+dYNrWJY5HOzkgZK7WlQ2QxqkNnOQNjxaq3PlhSbauCGik+CB2tqTvhGH62VVnFgeC4/2Jzf0mAPeanNikhS5LHsvNJKDEoG2Yx+3piUkYWhSIwTRFJQHNB1vnpQyuGwjSvx48JpcdEJqqlLqZf1fjFaCKViCZgspxS7GaP2UdIrke7K2hCwoz/aEgkgD0jgjyZVyUh1OKfijc4ObRoHkP3imktWjin5ZFVfxxbF3u2K39Rs3n6FbDwew556ftbQmayrIvWqimWJIn7KagZYZqq5A1mnU5crF26UoTnR9leldZp3fUlp+sA19605oqqtKfAH72ovtA6taq+ZUNA2WWqH4g3RvmOjXk62DYEls5CDK2tJKB02PQ5IYJ437/QPn2YLJ1tuOYrJByHqzXJLozoayf4q+RUZwyi4pMoSDdCWuB8rygbXDZBMwC2S2XGdEV2IJrsLiV89TI+vWjYK4PDLS7SL59aqUCa28sOxjat+k83YehXARuomqFki3Cs2t1ezPrCPsW5yoTSR3UnCfrWSt0RvYG1K2GwAAAAAAAAAAAAAAAAAAAADAnaQIF4KmMfDoI7PHAC1gWWLKmvrEI/d6yLGICuaIYqpR75Kmhsv7/BQ6qQGVt/hdyMB2sYbSTUPSxun9gCWpChVrj6a+qOWLRIEGDZLmUohpLWQoUgLNeqHnLTQ7calTfALkyiFHcrOfRs6fIyXuYrxx48Zdd92lihMpiswdxYPaRdTAdVS46ARUbqKdSXKrak+SilBEZTKJ4Yk8FtYLdBzSwv+DRRXCXQCeyoNg8ziYI+GTheA9Wm22KZ3Soqg2PM0QkYeAqfFWWPjTJLJ7ylThYs6QR5J80k1FjOIKp+w6MT9AbX4jKxBblHn65TMxWTh6brBpdKYczp9GdaCQ4ZJcKnOwO9b+d2FqM/Ux65Aayi8Hqbuy1+w0LALfRXSyrfwoCib7uhaIEG0IC7iZ+XJHrDIfskXYlrSpOznFKyLrGmwt2cRb3Kjqitj5cwxNFeEiKQD3di8n6gbUloP9jka+Q4uCmqLLvkElrVT5ibqS62/ll9jMGVJxXE5pNU+5Kfn0rbIMNfDQQrJ3iogzSBODqdQj71eT+BOVWvLSc1uopqurZxcXqrr16FDrOLRRWiPiqsIbV5o0nz5aGwN1GSWTC5F8kpBpoUQwwrolcmKXBFHZccQPRhdbK/FTYQpLlqCuoQAAAAAAAAAAAAAAAAAAAACAO4tE8ImrGUUongYSb27joR5ILLlwXAxiod96XOLmbVCwfW8/NO4ItIimN5fVqK8rF+y7a2JMsLIM+8tlsY2X5pPRm9wJGfz3UF0ATG9T3vYnzawRPCvEHPoc5nDyLkfnd+JzcHZ29tC77trtdlYWm0Sj61ffvUUQWWOyknHDBA7y1n99JEkcaJKkCMnHWR9Sfy0WNK3+oxsWzlmSymCxSk/qn9rY4Nqa/m6uwgNtrwXrNY7cCH9smFIVmZTOkjmTsI41F0Mdm3zsegLSxornQfS4tFmdZEVO0j9ZdZTkQHLoSMITd+WhXinRGmSYlcN6flrTwooN04n+9+5A1A2bTieb9yzhZSYn4uXSoHq/rxFROVysKbkQF2eY8iQ0qXX8kuqoQZcRIjg2JcIVaHYNP8VHlQf+26EEMcfbT8EdgnRm5AnHkropNBOFyBeDGYGojqVL9JMVHiKH0jka3Gko0KkDsVB1hUsOPq22WVVbXawR8nv48o/bVloj9KP2OIR+j9DP7fGw3VC21Tiv7nVOIgAAAAAAAAAAAAAAAAAAAADAnSDlKKq+8d5rTrhVnJQwsekj+gB0WDgOrKDN34atyLU5fxy4ZasG3gxTxq2Sy1G581BxHk4OXZohdTFwbccQVXQSb+x2d93IqDGJJpXgA2HudaXF6UQtZ9zghM3DQ5xOppT2c7xazkyi50ilpL6PC9ORRmDRjw9pCqEuIwebuwNxkcyIrGPVCc07Y54pKg0piqSVBGhZu+qZ2I+0mVwUS9Hi4J1iyAL/+mhYrCay78vE2dlERkhGq2RRoW1Rw5U0EpdHhnx36JdLFhUXDiw2GnksBmpOFx+Qm8SmD5mga6E4KdOLwubkXhZWfjl05WkjEg+V0507UtZVHnzK5jGtCikvi0m0TryYYb49qNCkONPUWhebKoWbEghdeR6XKcSHL6CtSq5Wo2e0smplp7PirFgm3wq4toovGBxvTGomBgAAAAAAAAAAAAAAAAAAAADgzjBNXPLAGB4ZLa/T9y/Da+qFTqnQRgj5QLaRsLSD8GOPYrNlTpCcKuuY4+kh2sQbWhNeft+qgUdexjuz+0hJMOONV2ORGGigeLbb3Tg7G2IUx42kQ9nG6DdVJuEAJcQvTh76mdUVY1KNxZR8wE2lYSoPcjkQLRq/PQiOxNSty1rvyOYVUp6+Jf1RKZBaOdQB1ixIVAwLkkttXI4SGskEL+QB1ePAw9PdGelcINXwJDa7l/npBpGZ5Fw6oxhHzP9Z8zUPyXoSbg3OadCVL9hdtcTQDVuwFDqhtzbxznAzo6+iYlh4ZmhlEv5PIrFQRQ+3bjwXFUmrYz562YlP5VBRNttsel1RjHGoSp3Ykr4qjfN8G8ecwUlEZ0V3Ys/DdDiWRKbfInMxqhhLbvwhGotrUQldtlPUpCbaVPEF08tcR+v44ISR0lMq+0XjQHVAFBPJzWG6+Q8AAAAAAAAAAAAAAAAAAAAAuJNMjRiAeRmHlLwR9up+KCYIIgbY0FLUz+4d+fWR3L+pkDBdR6SNl94PxZOpCVKS3Nu1SiPmTVIgKdUS5ZRrtFtc/rPYe80aQ+6+kaZE4hCyi1lxctfZXbshv28/B+jNAOGAl0lbV9PlyuSuLcl0FuJxMv8ha1sK6klj6Wmys0Jj31IELqW6Q24rbcO0e+4zUoUm5QJuWiyVRHaVCeuDtmg/m9SjzCILCzciHE1OJF95EVumekeTTMma56ORlTc5i062f5nGNKoMxS/2MWyGSH+KTYT6ktKTUyUWxQyj/LAWncQTiqYDFzdXWJoh7xSxZ1YK10Qq24E67YQLFCcXuk1Q068UroY9wdiWQ1tXhOvElpsmt8p6k3GfROKk55tdMeYHIgdMvlfI5inGKMn8k3KSmGT7zJ1QnBQ6naCnSTsdohPvqOI7/9StpurauKTVSew7w2aN9ncIV7KtAQAAAAAAAAAAAAAAAAAAAADcajqdCBWtRqc4kVgjb+gqLBbMNYHDMi5IRItwIm3WrMFaLml7Dr2Pb2XKZdxW1yaUKZlrDkkNqNPKBO+fWX8kLcdTwejHfMVZHHYzw+7G2Y2z3U7j89Hf1VcFQHEfOYSl0/HEOkkj055YZ3STCbUeySILEZ1YO2NnTZGYqX7brsuadBCJ+DaWJ03xUTqtt2v+kEELDaE1Mgl9NJh79xzunospU4g7Txp/2N3s4iJV0aw6eXDm0H+WnjSXRX1yCzmLjVZr1REuQTz9p3XBu62rT3AB4YPXcFsNpyIHE0mEr4VLshiREvTPMy6lIwqpZav5pFqY20YWg5yLW+kHZTBi0STJ+ZXo52Z0CbYsNY9VnntzZeP5+Xh+/36/5zRlKybLFBODTm5pTnYOcqcTN0LhkotHZCuTqU9uqn03RfNEj17Gx3+9WHMSY9y6SHcB29RqOfJNNilNv5XdZYqgrIhVmknIZbMGAAAAAAAAAAAAAAAAAAAAANxB2O1NNFzKbldhEoEuXuwpVoK7ozCVCPnFBgbFsKTTSxQ8aw81rhG9E0norjZtR4yDtDq1pRUxR3um1iNfSgdDKMlcqh6CRclh8guVdOSQaDjb7c52w404DMNuNwxRFS15IKxHWnUWALBHlimse6HyEQlsWxNccSLJdCylzqQx7zn4PYnrialUqCh7rPGnaCkWop/JFSbNgCdrhoR91W1FJsXgM4DmYRabE261JrkBccijJGdVAZNknKkkb3EXmUON05E3q5TetkO+ZZOXnGAo5ZQ6Mkg5z466S+ikzQ3jUAxsOueUWsnyQSza0XweuaCDD/ywa55Kq8Vpr4w+E/wyXrSD2lrMaqRRYLiUJpzISb43iwEysVnV7BzWG2wJzbaOj991/JomlxA1mpNiiVMfcn/fZSkmHPNMTjmL07SfpjHwFLqUREQ124s4m8RYvsqfeWMSoZSUkQUrutV4426nbIKLsGv9Q8P1ymHamWMyRquk7iHi/5KK6C34Rrxo1MoaKwAAAAAAAAAAAAAAAAAAAAAA7jiuMqFibbE2HtHDGpIOoQ+Od9jlKVD5r3lHfSk06b4QnRxHtDZFc/zIuS1iFcf07SlhTjMEqSqaKoSxMHDxR0nF8EOEIOL1QWdxuGt3dmO3i4KH4JNn4yHVf+gPzN04NqqXKqlgqrYiOX+HuEvs0zSKz8QkgdggAhETqQyRGlOW1jtkPXTLiH/3/EqcvoyB9zb42fZ5STRdc5skZh9BantHNXmGdiexy1CK9MS9ctSXJHhz2GROkdTRhEqeI1bxj4xGVt7MYfs8GPmGSKVqbsYkrbMprawdFoKkFZcTnYQ+/F0GtDidrA1I4uESt91Kas4of+qtNMwVEuEaOTpA0ZUBR7xVVHJhF6gfz/FrjrZmMb9TLcAuKE1qC7/JEeGcrSnLryZZlfuUxiDzlK0B0bQm5EITVzex+HyYG8dEkgxqnKZR5yo1G+JtVZ2EqoRrKXtfvDU6jq1tvTz3KdQG1INWnFVWbVuU7yQAAAAAAAAAAAAAAAAAAAAAgDsMlwh2/j8e0X1IqF4P41Y8l/pwpic08ei/BTSzoMCjzNk1QO8c2lJi0VIQTe7usaimCz5KfHkjT8i6fVQFClw0EfKtfNhPIWjyh+gZZc7icGO3y3/ObojgxJUXidvGiB4iUhIxSo91JLuyhKLwYMk0Eby6KYiqIidPyceJm3f+tXtj/VcAABAASURBVE7XrNAqCBuO4uKWEDzZR+gj3qwZdnhpZiEGNFFC7ao3ITqqlOgnQbWjqH4Zi9C3TRwZkeyikiy/hpm/TDktSVKzCEn5oo0NLpaiq0TtL9KdbNwRNnLjWC/7C5eik4vKPdgM7kxQqqGG/WpKDj110/H3oreynDDb14Sm55fV5hSlEl9WDmJTsnOOcW2bNqy5MNz8WITgliC6TrNLiaS7YpOauYVPaUnns2R3JwomB5J5O5kOjW1roHnZ3F7dxFKGw90pb+3RB3t5+PB3zdfFbvZDdMGja3PrLFsPAAAAAAAAAAAAAAAAAAAAALhD1EAeL2PXR2KPq1Af9V9UHVFUEs0vTDXe7y+zq9eF/hD016w+oNPNG6j5DI3/x5VRCYiWM1Cc/5wNWXGyG4acVKeasnimjPlrrNFnDpbfp81Ywq5DaU+Kj4cGtnNWnSx2EdnFJFl1PNJOOZHRSl9CG+Yxp8ChyeyhT6JIDZKmCypJe6g6lDRPuVGZ0OJ7E/hvTGZoy32mdVkJuePJczip2CTH+mV4RlWbJJcMsessisFJFdRQ45ZwbWHpk0aYezXF7oRSNL3Oac+P2hw3vPXU00muIYfZEGp1ldq55vMQy5laTtrqOKjfOdiysGyXHfA6sY7cEG6GXFJS2ZP4DE1pPFfViNdelVm1JX31ZM4dWTHFPGYzljxNU9kHUrj0wr0WqHkAvciETnm0p8Oms2s3LB8U1j1B9TnEF+b8oZWLjRhXQXQCAAAAAAAAAAAAAAAAAAAAwB2nxoVpKTopOTvaGGu9uC9mUWCkWEQnoYSzRSzQhLZ7dwDm+vK6VLuZC+JgR9qWH3RqYH+l3r42mptqbBB6XcjclbPd7iG7sxs3bgzRMmmUWPzgPeKm2E5mweZo0pYfXHEyZWXFNJ8aU3Z1GXMSmTRqqh25csheABdkzzltgFYCDPYByZ1P+hcXQxqtI8YqHzpUNbntSPtz+5CPtJWsGaFYrWRniMny6WTRyahClDl23ybMcZlSCNux+0YkUX92X4xLC5JOHOp2FEx00t+pahk7rwcLmYh4YPS2GW0xzZPwPtjsoiurBUpKJf9Mpa7+smh9WA14l0rq1tFmqCq05hdLzK3k0gPDXNQhYj7EokFLYe2OY8NOgRbDZVuZCKfGeToHf0hzIdkxxTOD3WbRhMvIGrmJ6b+s1adsK75nbI14s0RzXVH3kyQZiE5/DGpzxVsni7yHbvvgAQAAAAAAAAAAAAAAAAAAAAC28Aie5YugGgR3EUjoctLERVQylr9KCDDnYiEXZ0ikNntRpMYxge0ldw1cRi+7i7Y33hXlfGlcY25B2Z4jdFk/WilCddUoviM5nMk1nYj+XJUxFh3WGOdu2CnD7iy7nHgotLQ0ea4H70X3a9sX1rKb80kUJyKw4CllR4TzOULNKbmugprIK7kQpAwUtTKXk+HmQJ55quNj42f2KpGG7N8yfzbZhEhEMIUaBOZjSVVql13N4m3wiVW9YfKAjDlSLx9Z9OPZiLyf0WdpSkuRxiFklnSjdHnpSXuzF3qYXZ2udZIfKml11tVemehjVsVfVaG18iBZFtLS+Ro1t1UtFLflNBqtkibL723EU50gqV+Jm8RLywWO5Pyq6q51mYszqe/d4tKqPpsHXLxIRP80r9D9A/Nc1KnrDyDqyJsGoqxGMp0LuY2Q5NUZ5780o5bITbJSbb45FR3edXJYiqEmUkHzFK0kbEH362qCQp1xlA2Q/8qyR7Vl61mTggXZPGTzajVB7eiza3qy1kw0PXoJtyl0ROhD5PtgO9OTZmm75tEDAAAAAAAAAAAAAAAAAAAAAFwesuiiqEP6jDaWwaSe5PzCOm2Gbsub/qJbIQ1iSuh1GbK2y3MpKWrSlsZPpRTuxbFEe2NprFfNMVZ5RA5P8rJ8lhhqTtYi9gK1Z3OI00Kn5QV/9l+SBPmzvUeiOUAchuHsxm53Y3djGHZzM6K2xPpDntKEcxQ0kUXjs8KmtkaPkidf0T+qNZE2hFFSx8yfY8pnp8bRIeTYNGs0u5iSEJH7sjSVFDVPOwI1SByWigv7K4egWRMcWbEea1btEEVP8WPSh9zfuY0L6nOxLstY6azKyYFCEzfmoHmDGimOP/mc0yRk1Ykm1EnScH1yMglcqkJh2f+LFCRFT9M0uWqPutMnwEsXBle0NKd3ayHUJrRcGHrSBVkxBks7tRBkmTZA5gO1914Obj6bWesPm/3ZUi8qKoqTsOzNlkBkQ+RwPTT7gU0oDlvtPE7VYdk45Dw4Vmya0jQvzDGEugirR4msmnnDi9nTw3RBLhTjfO+4nxd12woWQcb81FLpwG2jyWRD698c0dQ0W/D6Is0QtCqi3TxcgrMqg1xBphqTohiSc37tfFfqp6ZllZLBzYuDVk8aAAAAAAAAAAAAAAAAAAAAAHBHqCHr/Po4h14d4qFBi1XmoKW+3b8sRmKUJbCvr9RbBJr8XBNitIuCvVnfBiYbRUuT+ad1Uyg+H8GLXUa1vSGmAtHoPYUULgpCU359XoqP4SwnwKCzYXfX2Y0bu7OoqR1Ej6J1SJ1DsFh9LMFRldqQqyXYY9naKlVRjOKBQGp2ktLo6orkGhrrI+ur/8VjISPtOhJupe6ALc7b/1THhWsYWkPEUeqMIvRR0QmLq8BRYQMvdQVRJ5Y/TQ0zx2g6hmBiE9XCZM1NEsXJJIOxH1WRI1qT4Gk15PktU/ec4HHSNnKj2RsSBbqwmAPVdmd3h364mMY5g9ULY6PCVoMSQgh0yUqa2xdGMsFql/RKJ5Zgi+bOU6VlJ99ShFmlBJWD5fXIYsKhTjBs7ib6QDRDjvlw1GKsDDXySMkdQbSUxn8p3H5I5FrUCEq4lft1V56mvaqqvaINCUXQR9Q7JPk99fZ8PvlRuzo7iZjtgat/FfimvIoAAAAAAAAAAAAAAAAAAAAAALeAZaQx1sie6yd6m5N6Q6zSlaGkvFjENKnmxLG37g+0IUnksgTbKcYYNmOjh4L/ZvtRs9BoJgfqehJKwh3LhZHftM+Nz+Hks2GIw9yps93urrOzs2HHU/Y/iKsofNFzuDBET2ZnE7JotWamMIlNkvwxkloiSZqKrLNInEzW02cFouqawE0Ed2vUStC3aVW1ELG/tL9mWpENV8KGU0WkwfRCpbTA4ZIB3lYkVD6bRrENhjQp59GZRyXwOE4yOGNNruTyFHLZzcry41ROuJguUiVdgt3R1CncSmfWP5PrtsLSYuSaMdEWMzeiEzJvFbvm0LhdNJ63WWDBN/HwbI6am0YWnajVzpQa4YizkG6phU9w9UnNO5RXNbPJ7vj6ZtZNs9hlDl1w4upK9a7QTxt2e6R2L+jKbIQ+Qf1L5Pq+AuouJis8AAAAAAAAAAAAAAAAAAAAAAAeDFg8sJOS2C/lLz50a2M+4u/Q0+KK9RnmY9H2UmItmuqb+auKjxE1rw7rcc3XsGhPaCOYzEOMu90u60yGYf51l+0MYmDJc8LHXq5f/EKNTkNvE+OErDiZ0rSXcHZIIjoRRwRu9CGaXYION/gURPgSSwPMsEa+pcZawH07SB+gdDOuRnu+X5McnR7Zb0PEpRUe1hcfGC025y6Z/0ujjsPoHicUi8rmjvhC3Cy7cBNiEdUpqVKhcXm4ftziZDPPEPVfu7vak7RtxEK3+blRN1J0siKJff/TVZHXaZpmzqf9+TTuOU3NUozm/kL94LhEyyURrHmyqMl69aY4iS9NNyrkZ7jss9xIqHhD8iZaHdmtNucUXfivEgAAAAAAAAAAAAAAAAAAAADgjkG9+UITQi1n7a394kGiLiLkxhi1qIvDzVWT0UUPqYlUBqJVsJtPj2S720kMGvWt4d+lBUss14vi5MbZ2fwZPY2NeJJMQ4zU3LiOaPcNDVSkHuJ2MgU1M+E5mL3naZwmy8AhMVa1RKEhLrJPXDFOLfl0JLmPD7FUoc+q2jbooFAo6VyoP2hFM21zTnkElhamiTDPLSqnWdPmaHw/i3DGKUw6FpqThyy+zKfX+GBjF65CbIf5lBtae5JwVYroRB790JvJLKQn5IIA4gPJWe5Unh0fCq6Cqq5pcUupoPNyJpGJwzhN+2ncT/vxfD8v1SkbdmStiXY2X2p6KHEFomAHQRJk2ajo+ksqrZqyYkv2MmYORx1ubg/tNnrKlrq5321eNvcpD4mPj9r0dK5H0TdFEZd5wUmGl7WUYkZF0TU85NZLbsFiVkBQngAAAAAAAAAAAAAAAAAAAABwx+E2QNyJPEh9FuYgNBfbCgkoSkzZ8knoVdSHnrkmQ1lXWLwATomSRxOeUJOkJSwy0VyExpS5RE5rmD71hg2BbuzOznZnu2GXO8SmsKG2U+JBMseT21HjPrhtfiAaTNXgs0VYTfwhxiYaluZqKCOZKapPQzkguqCnNMdxp26oOYpUIFYDF/mcrLVcLAYoWliXyPODcGyGaOMhnqr7sUtSUM8VyXBktZNaeMzfUzY4SfucW2ceIVK/FRk9tamRR0Z9zqCwevSXkiJdO4spnrwhVxOd6Hw37Y98P/XGk409Vncdu3GtOCkneTFd/SvdzoexEkaFyygRuPljKrA8T7P1zkwWh7Et9WK4ZIm+qtjEj+r4c1ndhsvfqIh7wm0UUnVCuStVeqTZjSAxj0PeTmIZmJjXPy1bwmXv88HXgQmyXTaaocZdJtha6DZsvuKcBwAAAAAAAAAAAAAAAAAAAABcI70UY+lQQCtzCwqmjigBTP0pUidQuIloYBvcZHcUqK4K/hL8JepqtSZ2MbeBfXF3iDEn1hlu7HaDvmEvBgeisokSbXcfDjLdxqrR7qHCfkKMDnhKU8p3q6dCloek4DHppqshtoH7GqqNreNH16MixVAxR/97WHXfgrSes6U8rxo3DxJgX+teWguJ9mtt+6ptGiC2pCKmtqEsvqFscqJB7MlFJ1MSVYqJXjqHlwd1TJmPHl8sOqlKhSYJS2hFRnSxNOHIBcfvbRQAvLGE1HGmKyMu7m2vbi+9EwKgTqxwmbvUWUNX52QqsTT/mSflJHqRbpFSeSJ2ROV5Uc1UlnPr1FHltq7id+ItuBOCKVpmz7oi3YhrMVESdJVRWVmkcE00Zno0awSZ5Ic4hY0Gdwe90ggAAAAAAAAAAAAAAAAAAAAAcCehXiyy/NH+rqdik/KmBExjDjTKmfJWfF/sOrKpGofNSiXZQrFNCMsSuAg8KseDj+uoulqYRImQ5mQiklVnNww5tYil9lHFSb6GAhUThDki2ooCNitSbUogya4hiXVEVZHdPPKxGp30HgEkBiqWe4aq+iAEz+vRMN9O/hQ0O0+JZZdg7LJh7sDByyCxD4bbWHjhobGkqVqTIgC6MFTd1pNNTSgPAocpSUadHJXP1iaTZB3KNjCe5af4vWw80EOV3v6o/bp27t0Z5nMnOZ2Qm2aIiiiGhcLDXEiYrjtfTVkSCxML3w6Itj1O6oV9eXTgyjuQ8c2fAAAQAElEQVQHXcrvxA44TTI792nah2kiU7qZeQfL38H6nzcPG7Ko1k9cFr3pu5qxjS6XmAfWzXBuk2DiFi2PDY2Pak3yvwalh7IVdteJx0myAfIWJslAFBo9YVJdT6nLDWVs99lWSgEAAAAAAAAAAAAAAAAAAAAAbjvZgMLewS8vpXcxSn9/nzysmiPj0WN/5gVCxUREZCf5MPa1bGkI+oYULwBNYWE6FrUb8Rw5B6CacMET8PQh89y+VDwLOAyRBlWbDMOQg6T5710cNDeES0xyfhpKaoVgf7yWtQuI/mApeThn68jiEg1B78dx5DTmMyK90CRF8+dUFB5hEOHIJJVkyYJoTbjpXjMCMiTU5M3ofVyKhKUOjzfVa4suMPBsIWFIjedGqytqxjHllD3cWlocsDkJriARxUmeYlnMItobcTcR5ckkbgfeS8qZdVL70MqgPrjhdlqoEY48rOOik7ZXhzUBdEtGoTHhsEndP8hTNAp0oEl3VgCkHBeg5U9TgMgZ9eOQPSOJKmqcxn3Wh2nmF7uAihxCNiZaF8qiprL/deGz/WT2KLJ0jtsE3VKI6MrTaNFUirSt+RBjKKJWAddPFXYXKPvS7aXBLKN4UXfofHSoGj09OAROAAAAAAAAAAAAAAAAAAAAALw5k1K64AqPTofyur6//K/hQFqZkcQsudC71hHtk6iGAuVl+FPj7nonh8YsxA40n4P6l8j/MQ47EZ1QdjiJJWtGzK/jl7LWhixdd7SjiS0tDJtAJFc2Mk85gD3t50B2TthhGpToDSQvvdqHcD+mB3uo7SAvicsIbZqdZGsBy6oTPIru4fTGUIA4bGXDoK6k7kuxKog+Tq0ERy/IqUbSPBLZ62SaUj5gzTEUJKsOS2qhSKviVTxE/ODWnayaXNPrFOFV2rhLx59bjxD5y0w1qD1NRNfl69DY4azm9fa0a+VjtLUS49HbbxutPOrgRYvWZ3mWesmo1CzLwqakM9bTRFUzqJxx62DR2b8oNe4mIjqhUFad5eVqqiaTojyop7exSAnEW6Pdyq9UB0dVDNiVpX95YqMQ1pInbr6SpUCqD6JWAtUJAAAAAAAAAAAAAAAAAAAAAHeYZd6ZxQvtdlFcRAVjYKKNILOFUedQ7nTpUGorEPGA7DJtx0WlasA+mR6jL3mgQb9GzQck7ibZ5oTMuoCKCsRD/ppYh/p8NwuyP4fEmucYM2mAmed2ZmnFOE0PjOf7aZx/nRqrFTZbhBRJfGOaTkUPt3JpT//TwgPAGukRWKZkniy8vrAUaQ41qh3Sn9UDRcPuLi4y+wZPnVR7vBXpdUMYk+nkvBpJIsUpW7zMIzGK7iSrT8TvhIMKK0RWpIIfdklQ8AB9mRAP5sC8WlmsMxtdLr2OfpP4elwoTsqVNz8K245D/VI+XMl15/i5fvhEEcKyi5LPRQY4pXm5pilkfRgPtNSX+Z60WQ2FmlSn+CJxLDKyYimlV99GjY7XdfX5syE62UyZtnE9l5u4JnXyYuy3FBZ7VlkXTSWyM3XKOgAAAAAAAAAAAAAAAAAAAADAg5AulsiiS3C3BQnCduYly1C4RxOLdQedFgYucW+iVnMSAlE4OdTeBj3bFmoKGfM4ySqT7HSSRScURXRCnCwJxnzQFeJpdeZrpnrWip00/pmyOCLVeGru/pTSftqf7/d7Kdo9PySwKrXnbDPmv2JNjeZwIUYpnJNUlGBt38tY47McSvg7UXElodZZwy/J1cQ8EpZPJ0j+I1F7kGfB0Sc70FJPdNITXFukpJxqZA7eT+M0juN+ClOO5YuzTldF42JwCHqw6k5KpFybX5OGUBadHGmxzW4O1XqGiztQtwK7IHuXy2m7zMWt/cWlsC4N0sK2gg48cl5V11lNXNnX6Ar0EojQd9Bbd+BWolA8TCRf1KiXW2KcaSoF1HnZ5uNhtQeiVoQSbAcR5x42iUXXHkkz1SlWvBGnOPnIvTbTDhyQb87lpI+EG61Iu9p1V5pWcXEKB14KTULbnnmjjI25Utm7Vabno+catNC6k+je57nYZP/xCxpfq3q9P6/cg5Tzc5UG04l7EwAAAAAAAAAAAAAAAAAAAADg9lNMPuZgOKnlBDUBy/q6eslBU2OsZOHUC4OpHrWlEj4kzX0T3OgiFfeR9a3bBVopIZTkMap8iergkf1NyGrJgpMauOQa9PfPVCLpri4gj4BmCxDKUg9VbZjmRH6cQhrTeJ6mMbsnaOaOoLqWVKKxGvzOg5svitkZpEaO3e+Eu67nRhCHGsAtpgEqjWkkEMVBgLvQtHppmKOGXiAyCRWgkAWBtUy9hv1pskWtayGbo68mK0k6msPLPGWbE0mpM+aI8SRNIhX6FKFRKBF4qdudW6hVXHArvLiasOHi2L5DnVgg2CC4WIBqQwqpnf7SgV2rXtqowT6J6+QPdnuv+GEObZj9WKsPsJKFLe7qbpSHsmlqwv1lF19zZU3AQrlyRHDEzehQnUlh+2lTeZLkohNdAPlryumfsipqvqR1HNKF2+rnfNpGG6n8wJPm2Ao8BU0dpRPVZ7dtI1LwQlNEJ1nIcLPqNg9sj3ZTJv2ktu8UBm95JytbPKRilMR1FyqttS/z1un/PFhNouWLzf36X5ILTNZnacc0dRGbQEebPhWDqZrTrGthSV/GqTSG+rEEAAAAAAAAAAAAAAAAAAAAANxJugAle6xdGKprSH35PJTcB53OwQKWVJUfB8OCltOlGAqwpnuxt+U95JlNRNbuCW20lUU1Qd6AaI1T1UR+H180JsMczBePk1hsNkTDQSYq4D66733ysGtRAtRosvtviMpC8nGkHDxN5+N+3O9T9gIgV4SEYv0SwoYlRPLCYztoXMZJQ85FzBM8ukw6Tvndf1IHER3Pvg8SE1YJSVF5EAWudgzJrWaiFlSkNfniwRpTxB+DKVdMrSI/pmBuK9ndZApTkKj0PBpTzqyjCYjYH44F3mUYWxnT8pBbF4QKrQUFp/igLNQchdQLHKIbllCTysPOeLOykCgU9YKlEzJ1EqktxVZ6nXYGUJ2mfau4repYd8IlVDRhqzFhrTjxkm+mWL49ZifXQJ738ncWm4zTuJ9yBqhJFES6g6nIq06cssBEr8b9WKmejHW2hwODe7UHd9wwqtGlHXWaObHmA9esM+yQ/0PgBlLR98f2ShWZmPnVcqGqnwqtFrlrD/2iqtK6qUkPAAAAAAAAAAAAAAAAAAAAALg1UA0ekqoTNEoYA63DnYdsCE4J/Ps9XaUhhFVKl0uVtIxEioeJWZzYgcQwyRP30Krxxb9ku5aFTMQ1GUk0MUlECSnwPk3jNOWkOiWzRNOy1BQYj4b2uaodWG1QttpDpUCmcrK9YAG1A76qkkpku/oXSE4POSs5SdgOQvU+SWX8mSTezmLzwFlsIl+nlE0O3PthAzr61Uu/BaTt05Q23DqWUiTq5nx16uFm5HfhZC4/9U26Ey6Jy6o6UQRtql5ugrWo6sFEaZV6nKSsOJmmlJVi52k6n2duSubcsVYAqWyr3bNEFJX80ec5X8Vqt5LlJKW1bIO647q2TzFW8Vqaid7slO2AaGKwsNhcsmEMUXs9N5OPVrm4gje/+/em9EoeBYWahYcgPwEAAAAAAAAAAAAAAAAAAADgwUGNn1ZJhqSAKBlqmkhilDf/N/UZvEjhsYo4SzS21lliiyQakbBSn3iGh2pscTCGrTHuGEvp0V6913Co2UkMmlWiunSEU9B4aAmqqnPJ5NYsTDkvhOSO4T1PM+fTmESeETXLBC2MYDoOqECaN/zd9CWYMYk1qXqBlN54tp0D9RSjgJo/yILm9kNJudHl3hAFEjfN6vVGJqzJH5I4Jw9BCpKjRKUn84ns/JB41es7Qjc6tHW+Pal6Eg+aF5sTt/nh+i2UYQxlah8TnRyT/1yCoh5Ip95h4f4j9V7bs3lTsDxh09fxmKb9lDNAZZEUWXadtNLlUJsIzIqwdamGHlP9eus55mnSKk7iwo7lVLo93TfssrezOr2Qrw/bbOtDl90v6BZTUxlxTVVFwTxljoyX589pOiHqkxholAxnAAAAAAAAAAAAAAAAAAAAAIA7Swyd0KC+EM/FjcTDfidHkNsA4sJKJDRxfA2ZU2Ml0fqduMiDD73W7tFfi7iXAHzRz6j0pF6vcUvtpggGaFFc3/TeKcD7QmptwmZrEIKEq0fJIJP2OU1Hjj3ncCr1b+yHEE53ggldM9zpxJNXhBql7aLC9XNZQpGbtJ2av8acBIcs3Y5rj0KdBt7rjQK72tMcbRfFyZT2k0TeLZ8OsRvBHNHW3Fb4ULXdJDt0UawaFIrVu6E+DjI7BtoUnfhqkjndpBZa6zMubElfbrg6b25xe3nMxaBHNWQpZ4GapnE+9vN2MTXOJrIuIlkeGWqcPJKl1RFuteKEu8NeGNJJZLQD4SbraM6x5rnxzFKxDo65nRSLJE8n5godE8qlqmHTdsXDgimXmZRFUv6qEsirdg8AAAAAAAAAAAAAAAAAAAAAcM1YrLD4L7grCfGWwcUBIQI3lhi9C0p/ZRWXcBGFxMbdJLQ2EAeEGm2GiJizAMXggeEoLie7/DF04Vd5x74NJ4fDHPrVbAw0wsy8H8eR03l2SUiTjBp7M4aSaKIpUzsYe3lNi1+sghuNjxM3I8qeIkVHKh0OcJ8gEiKu8XTLo9O6yvCBwU/UppHJf4+STGdMYw7dZ9FJIirGK6zyCpdoXCK5x/XCR7/6Gep9T2g1nS0UrktEbWhY1SY2hzUr0RGnE3XJ2Xo668Q0zBerQppVsyyttZ0IW6vpdCnZHaGbZddA69sjXiZZQDav3Inzn/xIo2bikjqLBoubTUnS09RRNfmZY2XfMt2Jq/NCNyRUf+uMRiisPKc4HLOM4u7eTacTr5CLgYnuuOIs5Wozs1GS4fU1xHXXoLaEesLqDuUR6L8SUpo+ncRcknsBAAAAAAAAAAAAAAAAAAAAAB4MNJlUyN5WtwQcy9DkZYLTTaSbq5ShGgaYE0nNqqM/B8nDUvK/aBnlo21m35i5qCF6qgUNf9YOadUerKTTLCSWpiDWFTYbE4l+juOYPU6mcUoSsZ6vGGKXdCVsa1zKCHSqAKt32bJUw9lkihM2bYqbdqhcpAlBt6qddpi6HrkHQVuXiinm2HE6KCrKGUlck6SOJtLINKV5HFRxMoaivQidaOmalANXZeGZQK0GKfRWPOUUme6DXDTjVg7Bs4Wo0kiziMiAyEnmlegkmhCnq0O9IkoL6WZW3TaNGKItvzXD6Crh4sfy4KZYIulffOLkojxbZbPI9iZpOh/P9+cPPDDuz3U+rJ6FPVqtMStOIoWyrwSb1CJDKw3QJcHR6rtO+iVci5cNNbbzOQ5XkXeV2ZL3s0axwjbbl+3QJaSKk/pjbokmF3Md1XwmSe6ilFSeJb/Kmtl8dpFadUy+S3Lx5OWl/Y75CehGDwAAAAAAAAAAAAAAAAAAAAC4g7QeLq5UJwAAEABJREFUJ7EoBJqALh2464jZCRdJg+gj2GuJLheRAOkcNewzK3j0tsZu6zvzdmZwP4lyLpeT622K5VAS61BjArBsM58QEJbwsuTTycc5dY68a58keKrNS25OESU2LdXGzZEpcpnoLRmGoWkOFSOGVgyRWiGOnmnizWYeYkYbl9MFsVsy1Miyeg8kbmPZcwN0MJMLgFwNlLsvaptJRCeiveE5kJ98BlGby0Z1RrmxiWsLrolT+t4bN9DiRp943Dg6xNCF9ikU7ZEMvExfV+2I8ieZ4CTPxwPpderfC/lACJdVKHBZpbSUZvV9O0Ht8yagMrkOVABBKpOaxv20Pz+///5xfz5Nk+gcRAXGZGIgWVVschNVys0XcJuJyWaN2XhwuF0eHLw8YFefZS63FxxFN+nSYx0NkedopiGKgyhOGjXWupEbJ2RjNV1LszXzWlO4glV9QkivAwAAAAAAAAAAAAAAAAAAAMCdx/JHyCHx9QSfyV+MD55tZi5a4pNm7BElGU6MA1ehSdEyyOvxvSagijhE21HUG2SJGKJEW6l+txQYGjh2LcWluqCeLxKhZo6aNWLMgepJlCaisKhmAExuo2Lh/yLasD51ThO8ERSmVgQz9yB5IDt1+XSaUqkfb269M/yKqlRZ+XxIYD21Z0K5QNPFkLacs5aCqbmSxXNgHpKUU+okcffwz6BDwMla1YpaNiRMF0fo6SR/lBOfbm9sYt88lZS5L7TlNWYwOh/UbCYLceTGan6i/ycpQsvdheMN7p7XVgNP6kdp6LE7S9Ye5q2Z15Tzxx+ZptmsZxqn/QP7B7LiJKVR3Uyi7irBV79QnE5Ca3kiZdkSNQGaVaB/RbpOUVXXg2YJ24lgSpDS4MXzPKJqWmR0Kst+cXejOGHV4rHKTiyxzobjiF6j27Jt8dS6T213qmhOWjMo91jKF4nXFL0ZzVgAAAAAAAAAAAAAAAAAAAAAHtzEPga9GZAOp70536bFkSwK5qMhGpJIHk/0oji4X4lnWmBex249+FiONEofQ/E7Ef8BOeG6E1N2sIcpFwWeFK6UwGiShBtJUueoymTMRh6Z+SC/bh+XIV4PR3d1rWU0wSUYC0mIxF5j+WWuY7LzFFoFR2MrIAMR3XfDRD5VW+L+HFRvlYh6UpkLt8IQKhlnapzdLE1CCbHnz4nlEY853C5ykxx4H9lSZaTSrOCtZPu+IZ45DnM4yc7g9Mw9zYPgJpiup1RMUwq1BCBsqh5T/8xXqABFZxjlZxSr0YUF2A+LTq4nYh5XhW4MQbuiypl+Mb+5xe/LoinzOZnuhqkZDT2IskQ8zYx4nPTavOTDq8uAb9NQUv+s6z59wU7N6y1+kVxpNWF076oLl9rz1CpOmHl5OwXfM1wZs8zlpJ/2D0App7WlWvjHUNg6BAAAAAAAAAAAAAAAAAAAAADcOToZBNHCQ+NSbIUswxBNcVJCohq5VbuImpGHu3KKY0dsWhnd4CQ2YhQPFXvJYRGvbLsaLmy/X0gaMNXEMVMas+JkPuBJVBVpIjUBKZYI1ZGDGlmNvervBidbUPAGS3A1ivFAPpzM9kUFNuxdjP3NLjaInXOGtYW8R/5U/flGraLoJKjptjk7eHl6WWiGdJLwuipNcr6heTS48Tixu6kpILgogpqvt5Z18D2trulmnJ/h5lHqE0yqzmEqTic6WT3PkYpM5m+SMCTZ3bs2vl5yiFARX61n55YmYINNYcPWOU8YxOvzPjpvbmF7MdtgfXDsi0J1J1zW4RB3vJxALizzpV3kJY3SgnvRie5u1zbCW+vGDUB8YUW6enUbkpHVJW3xnm/IrKfM7qW2K5Q0Xcl0WOySweVeSCL4aXUnp5AdraA7AQAAAAAAAAAAAAAAAAAAAOBO0ypObp4atbRwoLwJ7zlxXEfS1di9ws6hvhJfrskaE3c0kbfquww7+S38kvXiYCfYnEBCUzWtU0JQb3oRzM9j2k/jlKYxe51IXhV3DkmWh0PcRLQt4WA4n7r21K9VcVLj2NlLxCQDFLjXDdAVH5ZGfG2sWN1QOrEPZcnLqvQiTNEvpjXJzi9ZX5FtYPLYZtEJsRuaiB7jUhHka0ef1JJiguPzcCEUkGvqcLOnBcmd8weRgvm+qKogVS+WrF3I0hIpehfFAaIqPFz1Q7HxWuFV844F/cPK4KTNh1IWlNlyhKWuJa5u3ciK8seZ/KizaiykMWun8p8UQ9FlyV/lCZGZ4bh7EEVb35a2iupEKRmaUmhkF9cpr9qWV+TpQubodFI9p1xUZuxiO93Y0Ux2EtubQ6jeRmz2VboakyqvQhjmka8aPbl+kELS4dlv/kPNNlktsAAAAAAAAAAAAAAAAAAAAAAAd45rFJ20/iLlBXgS3UmOS6oqQyO1JatCc2P7kn1RPpjQRILjUgqp2YkUaAYn3CTVORiFNC+KUGL/w/ZV+qNdqL4V85+Rp3Eac0qdoonx/ll+DaJQUsH0EhiuioPeKqD2tXi9RHXamEx8U9/8J1q18gALq4JuQExtYQHlog4qIgxTjITemoWaB5Tj9FNyuxdxOjFtTHC5gz4fC4g3CpxVz/nQUFx02el42L9mI2GVXljD+LD7DIe2PZZPh3QIyWwbVHyk8iO1mcieGSR5WniXXOdkUXz2YU1NgptDveNDcpAacW/PeDokbjxz5ufDoZMoUWMXdMfgXtckQ7e+ZjkutFZCMW9e6VfQVplad1ZOTefnaX8/jw/EeXWrbieYb0dZD8yRLKEO+xaT80nlq+IwTdkDaS5s3htURaFONsly0bDaD6XGAYn5ikKUpTMIlxVVzGxcReZ19TccKIuqxKQMqXRhClTEWW0xfbGuOFEjkzTZbiDbYnY+iaLUmfeLeQMX2UkwNUpTnTQimyVpifPY2uxtUpLpGenzzvSHUJwAAAAAAAAAAAAAAAAAAAAA8CBjMxrKW6k5WmlI6LUmHrXM8XhNfjC40IRKdDJomJE12qyB/ZIJhPzt/SJf0BQz4nFCQ/DUL6mkKAnZ1SKMGtP37DC8aHnrupHT1dgr9UNjQkFZMDCoS0eOuo4pjVO2Nsm5dab8NYmChlzsou2OGg6lGhfn8ovH04uAZhUIn8coigxBxoNL9hbLVaPikDbbC/UpJWw05ztDXDyL0Hg0eDeJu+GQ8eobJHKHKI+nus7M1+Tup/zBal8QcpQ9x6a9gxTaDCQ1mtwMgA+0CVqay4q2g5N5dtDyp+OkWoVrGBqhifXbQugTmfLB/Gp0PMrIaIYm890JMZGrOEhdT7KURHxdLKFTiYeLFwNF82LgXYnlL/RQ5eu2YGIR6K8cOkn1kNtSyvJoFRtvPtYmG7IV1Uaw6kTGcdzPC3sfmcq6oCKL85XBtrRFOidZvXQWZL1Jtj6aAjeF2x0y7LGz5QhH9DE3hapPbkp+sdor10dhrZKKrivUIkIzAes2lCztkPsOtf92uNpOtCltVX6f7EKyTOZva5eeAAAAAAAAAAAAAAAAAAAAAAB40+Vo+JQaxJ3E1Rjc/hU8nsjd+/lkCgL7M8d5YzY7UfEK8ZajibihrLUvqyZ3ahnxIdDIpoXoxQXBfCwSi9JkjkmP4znLoXhYbBV7aBROCjGzWCGwqR6yQoFNA0HVLEFIIRwJtNYsLlp5r3BY1MjhYJQ6qvGJhrI9sY54diSvJyViDr3TxDLsvSye/JO7hpx+cGnMKaYcm3zAClVZVAgleVBtHJf5UawkbFbaNyGWbq2aaD/tdH6XwPz6kdAqvY4XenpAfeNRNr404c0X2lDczPNhmsaQ9vvz8/nPvKz9Ccv/Ne3RhsGQbmb5SCw7UrY5SSZDYnaToE57EW6V0OTW0orBCm03ovRWRSc6w7c3XPdA6n41Sdr2DF/q8jz7F1X1G19mdQAAAAAAAAAAAAAAAAAAAAAAHlw0CRGW59uvqjWxaHsXcOfu4l50YqF5kZDo1yFnscmSkyHGQc4udBXM20HeDYMWE1KUm5vPqkWhOZbMkjVF5SaJ0/m0n3g+W9oceKEn2QqBuu/JsfCoRKotlYcnqTGhSdts5i4AvhCXlLLCVuT3kB3AwRxEktRC4/VJzGBydqHsUpCUnF1HbAgKTaHhJuFr10l0AWryb1V6IvWtp0X71YVSq7LpIkXMLqyEJge6d8rIbeiJnGQlFxHNxjjSopCb58pWE+JqwczX7bniO9NiUVe1UD41Zbuecb8/f2C/38+tGGJj6GN7TtQ1LhI3zQcTqUixms2iiFPIrVKK8Ud0+Ylerr4d8Rabc1TfkQuuW96lB+2ciW16Lb9L7JhYd3bNqmO3dcLB0JamlkHyrHNGrgONI50MTZIf8Y+SrS7bRfX2TU1P4XYCAAAAAAAAAAAAAAAAAAAAwIOI4/G7Gu+z0LadDp48QYK1VExO2G1Oqr1ESo0Fgx4k9hQKVrje5aUMUk6kuCNJr6OBToldTp4+RktLIoTYMEFZ9JG7yC+bxwEx2bcpdyUrTqZxPJ8/Q5o04UsJwkrHEx01HTk4nrEdzPljCu2AmJSFzWXEBoRX2gZPVdF3bfF14RigFVC5uB2ENtzsihMRt6iRw6SyE2lvkkeWeAzXauLQCmsuLvSCSHN0M5ewVhWF1pEiRC5WN/kvSmp2k8PcFr5nu1hnTQoXt6wO/G7jd4mUhwORfm1EuCqL1bVV9fVykwVe2+zZKLVqbMqaUkebfJDGnBYnJ9OSfWOIphiRqaOyJFpMRHLnn3KizLGqfWuEdbZuiy3ObVNHXDioG3o1a3BjWELuu+Q3dQorkq0+kutOUkqt6KQu5s0ZolqUsK2PMycTklRnJTuVu6W0q8bcZSA7AQAAAAAAAAAAAAAAAAAAAOBNgTaKXaL0Jaia30tvVCP6JnwqQVgqEUxeFJVC92q9Xh+Du6SEMAxDVqTkRA5ieKLpFdYuJlIDuwsIb+fWMY1JYkmkoyICbjQHcjCHovdj/m+cxlHMPrQv7GHSlDsbFrHbA5HeJkLdobFUV3twMw41rUdgvkRUXi1JtlPcHGgFt4d1zGycUnI7E9O4cJFcsMei61DfXOD3GsUrDRtxbVM4BdOPtBYm7RzoZ7t5z7g+SbP2LGtS5dTCTGe31nmIWujgHC2lHevW5aPsF96yvOCk53GzwX6iW/HUN0kkj9sEamnKdkacbMexCUxmdEKa4qvMCltTongrDjmWUodN6Wb3dfOGdT6Eo8/6EqxlKxvF8sWPxfVzG0Vx46HUrutVNaIL1CER3UlxOqmd5SJO7LQqG6vHzvuBXVW2QW9MX5qrCwMAAAAAAAAAAAAAAAAAAAAA4I5zqcCdv9Be7Tf0RfToFiPFayT6d6mDDgWyqeAhxBLK1HMDDTm+KYoTq29RlEpAaB3z3ZB6hOJdkc08pDvmnmKZZc7H/fl+vx/3czhZ8/lIrodqTnF6BHnhJtI0gzRCq5FarjKeqoRImnvnZKg6O/iZNkR+ARxcLiGmNazWNXML5vC8KW1Csh/D1OA80KsAABAASURBVBtA6HO70ALkNDanyVUiy1sqn6ovyQoRiYo3OZOCKQ/yNJAgN3kQnF0dlYpKKXXqEg/Nu4uJY04nMhcHPwh+koI5N+jYbeea8TlXz/RR/PZa6+AiMO8HcVN6QlvZqo4s1+YWYibXTx26mInuiDKgHyK1ypjn7pQT60z782le3imRLHqfwWULsqnQlJAtPYZhIJHC2fqQ4mR1cFIhhW9MvuPRZURjF9A+Sq4V0eICcSGqu/D20DQbKDX5bNQ9qTVrWd4YWLUmSXLf7HZD3qbrgNiuGvQfBy8wtdPVPrz2eVzDoAIfeQ6xNEceRZwP8xC72CtUiyCiOzGrAAAAAAAAAAAAAAAAAAAAAACbLLQUC+lGaOKb9j586GQfsdea1OgnuaEHxVJO8LCpepnMMUVqkJQNVLxSgghQeArqItCGS9mSxeQ6JENGYuJ1EHaNFjA27/FzmkSwEnNAehzv29/nb+17cDSHVkMRB2gPF6HZRRRYDVmCRu/1RIg5a4/LS3L2msCtTkBlDnoxe3CVw0bKFJJhWfQrx9C3ut8+VqKlCIbdkEC1JZPUMsgDGlMxOrGmpnkANNkRFemPFUPhcnKcBeZfc+DXQ8VKjLy9bH1jOwe0pyV9ig+1zSRzZ+Agc9UT65haoRc6cRGLcGlAnhFx1YCdzPXaSZ1XXNtL3KYM2eDQL00ZF3NSkL4s4BOfok745oAPVB1aKcZtgrqVaYlw5tU3jWnaj/v758/5a57SeRb1sptyo9mUUBwslcxiDJnb67xiPWVLurqKtNqLK6fa6feX7QtOUmNQPWBndVFZ+Y3eRdd6ERL14qR2r/Ftqy1vNUn0jOzzbcuL0wnXliybxxuiQgAAAAAAAAAAAAAAAAAAAADAHcIFGEeizZuSFMWi1UHVCH2CF5NvTPXeVhgRSh4dYxAthZwRnYefJe7e8A+u/1AlS2rUBWsLgL6XnqTBr9VYsDhYZMXJ+bhv7QrYerZd1KEqSu/awGhqVQtVr2F/excsqlulDDpi/ZiXjrTtoq3kGxsn2+b5sdYumULyuE4+LNpMVpMI9fuQ+2ir4zcZAD42pH2wmk++d30dU73cZ/1GCczdL+x9LvH5IjtqJCWrEtTpxDJGVWhV20FFhq0sb8dxfHnQqhBqLCK2JTxUdASX0w1R83A2u1B+4tMf06VYd6dXGiWdzzRP6ZQVJ9P+fMw2JxPlk7bJrBqfgq0fyxYWBzWtIU85pUZASxkFHW7VzVNUQeFwLa36LxxqBoUQjonyTDFH5Vo53zxLEwyGA2Xz9i7js2XqLye2bFOl2fPx1F9cFGG3V7oEAAAAAAAAAAAAAAAAAAAAADgNjYhreoTTsqRQeRdd742W/UZkJy7omKOIkhuB3etDo4qawyT/HbM3RLY88dfcRWmigWDTemgsPJsMlLpTMaKQi1LzBv1CGbOOz+ot3HiMJMkNMc4BaU7TlLNvVI8QMrnJKfFjvSs11ZEMjvqxMItkwyQBEq4lMwJgV73UprqEw+UvGy3gsJFEpbuAeWFasXEZmZNNqnYHqo2J+cAdPkIO/SYVn4jTibmC6PO8hvD6UVXFWtDAIVxJ4UJm6tIWxaW0XhbSNyerExKJYYY+NSrDKR/xUPzdlAqHLRkO9mOhhDiiIWilWKYS8iWXXWniLlQtwjrqf6Dq055q50Zx8JpyQcyjeH2igarcKlB/TMkSQoX5/5Hz+t6P45i/sfoCpdBvFmZPYpNu/nVQ9yXdcVKa8s8pzH8nrmu2Pl/Z20zI5qmUbKPUEm5itax3NzqaQyecUJr1Wm2dPDWPDmxbdl1ysnUPwxCHgVwNJ5ud6lQ6K6UyjqWMTeweGWSWHUV3TtsVqxZqo7u9ihEAAAAAAAAAAAAAAAAAAAAA8CZATuxiaSNInSNKqpcSq7c4uAT5U6r5K0ju0Yj9IFqTUPJWkNubKI1jw9I+wMUrNeSsLeHusiK5aMOvVbDiGTCmxHM0ep+mpNYF0YrxaGzf93CQtVgn26iYq4Xm2Ygm8JgPqDE+iV3Q1NQkbdyXN6QJc/y8aFGoT2wUGsXJpv2J3iNtmSSELvmJcn6dyduaD5KE2P16C0xHMk+MyTtcfWCuGE8/GB4v/iLH9Sj16zokHWh1fbUm0Q9eCYtqvfb0xPghmoyjGdTD04Htoe5WQfFbESG3heAeLJ2TSpkEfDyNT7ja8+Nb06Ors7L+kMHJE3xK05QVZnmZJ11ksoRqaqjqSmTqtG5dqR6rSnzKPKrWItQoVkqDuFwi28vVh4uvLaEMmQ1Tsz+uTXK4+WxOqu9LFp3kmd2k4KKtxExW6kXzTuQrJnZik9kV+VSd27HZ4+p+d/OqNwAAAAAAAAAAAAAAAAAAAADArWQz0KnnYqDY53MIrpkoxx66jearIekqBhWdiH5FnU6CxCYlp46rRuStejdT6NtA+h68/TZHPpfClF7LUGxOuIm0ZplJ4P04TiFLTiYLDy9f2D+FI1FPk9+QSURkaHJ7i0KGqnRGjTd4LTIp8d+2m4tBOeJ3Ui5oxkQtBXIgXcwXkjZTFEL5mYSiHNJGherXcSCyfM1wCNdf6FYtPjnke6uf8ch3sCG4iqfCzs1FghXvk/OiG2lTzLEd1w+aoqTvweKaPA+OSKbsmhAuNfXpUDsXretvaXtgk/+azCpWc8YTVeXus+4YiXgi2w1IfJKatDW01qwYvSZJDZj8PHs15hDjqXmavSiEbotctvta1s+x57+8KoRGPbONboSLk5L8LIruRDf0XuKngic3TOJVnWEtzpOhif3E0C2pSKmyUMg2IgAAAAAAAAAAAAAAAAAAAADAg5vFy+3de+9NSNo+g715ziXdCJcwvYVig2kV5CNSyv4Y+eYhRnE6kfQ6xeOE3SvF46fE7kfhJG+oJ38JblSx9rlomuJdUPVAUsVJmnJKHVGsNAl6clD1snqHrcvNXSKrW9jyCbFqZbiqTErYPfhL/qa3WRR8mlrhSA6W4OPaKnGCyypMCmOKk+Ix0NxXwuVMllGHq3+NX1bzYDQh8NqFTjXTtIK3etUNw6VZDeChC3JSEfdSaOZAaBLxcBklkwqd8iiMHaeFh8pGI4pT0BFk7qZFzp1gCq92rbXFuwoslWNtQFw3o0y7XhFyCsfHgfrrdLMY/ESZHxdn9Ur1ErXxKUmCak6rxS26ntLEro5InMYQJgpTpO56lmRfNgZZBGEClF229CCvIrnoKi/qknSn7ImSbyebG4UsKvOtyeb3gQ7WZRbb5nvimtCuKyp7RaMjC10/lsPdnvVNMHGTeSupUsQkI2HVvMW/BinnGoqqEMkzO8tBJMGZbwiRi+TERS0xS3OSbYZSqGcmYlUbWq40LvUlXX3TNMlenYddnwhV4yATPNFNbBIAAAAAAAAAAAAAAAAAAAAAgOtC3s63GOFkKg8JwZscIhPNiIPjMJAEUqNHwEuyhiABRY0HakSzrWW+7MZup/qSKOHCgWIi1uw6bAYfYh7QK02S+hHMIccooUnODiUmlghFsxG4QXPWlBBl8TiZKxrHKZPmiKZEOuWnVEQOHu3tovQXQ9YECb3msHMiH9pI7nkgeT2k0NyNqFqASLsu1wcFuypoSJq6vChRm6saiGpuMV+Q2MUHHGIbZq6Clfyz5jpKoZag1gRTUG+Gqem2tJO7E8E9Y0KV5lgUuCqAWmuP+smNncFycEvsvUTDJcJegvyuRyqR8WQKntpR6soLWzmJaBH7JzG+MIebGEx842KB8hAoNB2pIqEjOgn2H3fhgGFJ0yQ7FY5C1S3DTnBv6dPYtfhEbivitqrtuhaSpWtyH1kXNDS6Af1U5cOpS22Lsgc0BTf1s+SJmsYx5YWfSoqkMkmqcKQIb+ZVNGgKMJusZEtFzYHyVtlVWtvRSHgor1TieHAsvR2hLjUrqMqimqsPFtE8X966jn0oEi8vKDtjvc4qo7DWSWXRSbY68XmSLtwjef43hWwXs7XsK9kWuujxdHj9H53UJNVh173ZtLbSbDVe40wFAAAAAAAAAAAAAAAAAAAAANw0aldCxUUkqMyjBNs1xYq8Xy5KkfY9+F4FEppIrtgISE4GCeJGCV0OEs+VktUuxcK0Ir9YhRFZ/BnMb6IIGDy820R+a5iyhqLl7XnpUpoclYVYPLMZgGpxUUP8fHFih0ZOkYcl6iv/rTAheSiaD4y6CVZUwhPc9cS0D0MoagEZtdS3iRZagiKZcSsaiStbZ81uYBJBixgTjOZNoIPEJgDwcbbHUZ0QGrlHaX9wrUynKOgPlk/VhBPc+qoUimDIb+ZWUnBCnJmP/ECLE1xETB7srgoG1aQEexze2aPh7nJ+F66VS+Vn0fwvvngvHrATZvmdx4UH6x+aT0MlVjqlUxrHaf5vnHiaagqvRmrjY5tU/qZpv7LCTvVcWqKukpSa62t1YbPBgUJjD8WNYdStHfCV8mbNJRR1umoiDbtBtTgpmTPSxfReRsUBZdk8Dr4hq0qwOhCt9g3/Z8glQwEAAAAAAAAAAAAAAAAAAAAAcEdRoYZ+5CwTOTtEZz4RPAdIdQRg7pwF6tV+yHbvzECqNqFdHGKWm1hWhKw9ESeQ+aual9CmJsOtHLSFofhftBlgvCOqmLEkL9S+MZ9Rl5OJ01RMCcJCQXET5HGIUnMdgVMiy9x0JpXgK7enuYtWBz5mgFAkBn1o220DgutLkobjfWgnS6+To7yWgKWEdT0Qf/OcFKmvP/ejV30hLltPqawKV6iZwbXMxCb9qRO6awYF6q4/zu4SrbsQ4qbeGA7E7+3aPFIXZ+15E8L9gqixq1mLHrjRpxWXnpxIK6nkZJqIi1ZNb4kq9mJPOqOzJGZxxSC7nqtStLBuwLnai5Cr4HzFtpNkmRDHj9vSFl9X3T9tznRCrVM5XnUpUEQ4uxh3ZWfRCXhKRVtV1Pkpw+ublho5bZXK7V5NzWkAAAAAAAAAAAAAAAAAAAAAwJ3GcykwpT6UTa0LQCiR2fI1LI/0Jj8g9ziRJDpzEHfIZ2q0MX+TiqPE1Jc5NriJ4zY5ZTYjpEyh8Wgxa4xk1yft1iSpefIfVdiQ2xCYRMbEKqeTOksPzVDDoehjqvhk0a16sg6mfyR/AMn0M0yNrGbdhmU8umYoCkWx4umTinRHKgmTDU8w2wLxZrkgAH2ttAY6S1plQHUiKb+uDo7TXc9mdqHeJQvXFraKFnYo5rDiv56U1WNTdEIH7TqONr7c5EsgO26EjcVA7nGSV1ejHdN7A12q5gcRZTKHhaRj60qWtTnP5ymlnEtr3O+nccymPqyJweq0Y88PNu8OOnR5uxLFCbtwTHVa6nES6pJrtgsW46BUGtbNH95wRlk+uKP6oYvGhRqhm3Vn4eC0eadve/1+sVG+jFKMqsJp9Can0f6bcaA7Vb2T7bUsy1dtkO/Ut21jAgAAAAAAAAAAAAAAAAAAAABcEk0oInoJCm1mnBA9D05/eRN2tA+LxpIk0MnfZkTKAAAQAElEQVQJeDyfziBRXBWgeFFkUdnoBZc4bqpR3aQZW7gTQ2zJLqo2xT9TydqSLFxsupOcdMOL0VgwNfVfVsFg1YdiqyBqAA1Mt04a2kKqX6m/2IwZXDTDQX1IPMS+ZfihwWIbUhvY6qfgt9XQsMTLWYQ16m6iPhE8h+ST+dKwxq43Q+TXBbmbjWmDNh0NVuFsXh8vnFd469DHllw0Uh8B2zFJt4s1TrmruljUGm2GHJc7tFyf04kuK3+cWSChljqNPGxlp+GuROGked3LKa7KLVO0aPamRuWWv2601hajLijRimSPk/00ZZuTeQ+Irk3T0QnRl73ltRJhRbb0OAs0cLNTLJQWWjY1iXpMw3RxRy4WoBy7a6kw01+X6+Fg5icvrapA9Ey4mHlQgggGT02so+XHxi5Jm7bc80N7wWKo9YokGdpC6VfNG/XHys4HAAAAAAAAAAAAAAAAAAAAgDdRWgVJJ2KojgmkoUC7PmSLDL1TU+WU+GDMwUHJSUGk6SkyEiPMuhNxNNErqQQ725fcmybVtq0iokVfYld6WDOpg0dKbkeRL5xEcDLKL9KdLIFJidglMuEKI7b47jl9OLgtiSkdmt41ipNFUUW5w66ESBaetZG3hBOlNqISvnVrhrhWXWR5TVpIYYrZSVLpSRLrl9aXYXM8rMZrUxREU5ywOG9QZ7/B5vKybIL92n1bsCFV4eYHtjtbP53YppIyexybyN2AquKh0XWEgy1oftpt9sEurd4PcTv0X0QM4vFQhESVVJVTqxbFNrTP1/foGhaL51Tji5XAgunYxetzi7nBG/eobCtN2dpkmqZxZlqYbZg8ri7SPEo5/ZdITszSw2soSohyjnzjI2mPS9r0gknvOrS5tLtbKa+9gNwahLp0POEI7cJYj1mnNeFm9R0oS3VYZkMli3QYduJWRbKdpqb9VeqU5WtJtt+2g6mbfWR6EWtm1c/JcIk0UG8MnGrbY/l3qEqqKInkJJ067wAAAAAAAAAAAAAAAAAAAAAAt4o0lYAs5fw3ph0pgWx7mb4EVWuwUp1RJGOOvnROkoJhyNFJtRSQ9DpBI7j5FLnihHo7iRKkLFWlUOuyDBh2iehI9CK9faolmJ7CS5gZWeOgodpqUM6eETx/jVYbS4cChT4yvh2ctQCoXyxGJVOVyBB757iNAjd+BMmjrmQ2JNaS5K1NnkIlywqC63UW8WhqShbxhsdsw+TRYapZhzzLkPk0pHJv6etSLCNPaz0Aa7ODi+U7HD2eHUIzqtrDeZ5UB5r6tK1NwR6Nn1moM0IoNiV+pho59NdSEaBIbHzSY3uAoRMDcNWpbBa1ZG3/UEUnrftIWE4p2had1K/sMiOTW9nR9rSkJq5vhTcClHCIy8qvqM+FxSEcNddorry6SqDXfPRqqXpJ/jNJtpyRp30a9ymNIT9pWUZF5iArT5eT6OFIrZiKTs4FXyWvV2qbQc1sYG4VJ1tDcNTahA9ognrFSaMrapQquuZLY3irLFrtaGElfKF+kcvGbXoO2bZj8KnFG4qZSvKtuxH0dVqfVdtql+ra8OFcjwDpThi0PeHqUwkAAAAAAAAAAAAAAAAAAAAAcK1UU5NANZuOhvRiF2xn12946FFvlws3kul4+FYTInBRnPjr8V7s5vvqHui1UCq7n4gGlpPrELiJg04i1BCZST6XmuC8xJNr9D3Zy/4WQQ7WLzotjGn6jzIG/qexUwihFkYWVS2KB7/RkoaYA4EpITQJjilR1E1AxTSt90x7bMVFM8NItIiDl3CuDEhSZQyvxStVM9P0singokE5ZgDSilfIhRMiU6rNz8Fqdg1JG8Vn6lUnTamHatO7uD2RdS3JREX+BFORcRwsvMzWcLx/61FqnU4aYc/K6kMkG+S5Qg7mLvH5kDbNQaiWQJv13gL4wHGZTwsx0E1WtHpM22Unm95JUuvk3DqTLLSU/Zeiu5vUvFrRzWbmxg4h72A76r13fIHqbsd+Z1hoofRiam68cvcbUx3iw5Yka9+kI/X58qaFuqrWtSpe/wUIwQQf7B1eiPJqI3szGLIlt9k7aq83BQmHtmFNFSIZsrv03xdiDqdt1gAAAAAAAAAAAAAAAAAAAACAW4vrFyz+37yjLrG/KZWQogfo1cbDJAkar52DuWfDTmQnqjtxrUlT3EVWEc1L7hQ0HwyRqEFIBASsWpNgOWJKCz10Kh4nKYUSm3fJhPWr7/Ci3mhZSC6MZFZ/hWpPwlPVcdC2OGHReWoCrNapGrBNjePLRkmuNRmW9XiXJbnI4nb9KoNDh/tI5dOFIuE6oIUQYn7AbiYyd7aJ7xeZSwiNronDIU8DOnSymDtYzLuIXKoEpy2iao2iTqZFdRfnNtkSeuw2Ll1lVFGzCuvgwXq4aBq8G+wag155dKfpZE63pOwLfle1V9aeTeP8Z16beQ9xpYjOBh0tcwkRlybfqFQ2NzR6NGL3VaoyjKY+cRkpyXf44kZehqWs7Fi/a7+CtyP2vy6axo3Cg3xEml9NZTKfnMdjt9uJH4yvo60nzNdiPLJUZMm/AlElgsE8V6R51nIoTwAAAAAAAAAAAAAAAAAAAAB4EECizIiaBsfRGGLSbAkl8YzE48kTHGS5CcXgwVqJDqqqIzYZGVYRyi7vQq3OdRs5zJvKhRSSR9mT6w+K1MRvsfKK3ISpqah5sz8UvYeEWdPCfONURFxSnSdseJq3/K249Vv+VSujB5SFMiqjIWvSZBWYM4EZDFjBHhqPngDJhUDikuKaGR0rNXoh1stExtM9CY/banoOYo8ykxlUbAW7by7EuzBmIBXw1Gg1LRQh4WoNKNeksOXAUZ5CaHIgNb+GS8+HbXYXqS8upc2o+irTQOjotYlXVoKqa5EBXJZbI4CRpXRRyeXxyhYyTeM+68ni/DWyr3oqGXbEtETUZkFWk+xfmoOHWgMPvqBKrg1byNkO3UolL9etQfV6Vba1FvxxbcZ2CawqxDzNhmG4ceOGKAFTkbJlPWBysQo3Q9CUeukOHpaWFSMfWqb7uhNTHAAAAAAAAAAAAAAAAAAAAADQkLMViOJE49cW27botscN2VMikL4/T+YNEKPm04lWRlym+Uhc47yhpHEg83egZaKG1GlIspAiUf1JzoiLR+gUJ3IgeXXcKKWYBBxKV8K8Ss+wJYXZvtclJl4dWWA0iiWLijkodJHY7vbaI00G5AIa7oPRIsogjsF0BVT8GGS0rawsesk/ziWVKsY0pWQDoqH0fBzYs+UUEZFpGLoMGyo9ORzfZwqdF87loM7sI49SbXbbklLHRhVHtQfFo8L0BF6Ca2lsPoUNPQotarhKPLtp2+4mjD/4wEluA/wL0UAvN7kl0o87yYWKE5VgqSTCNoSJZEuZV0BK5FqdaMIFXV55fWXNXBxisDw7Lusxe6CstVjIpbxG1nxjoZmuwbU+Fz4A26MOa4PKeugWxuaVzUEruSIrnw+uJW/JSo4WRK8jA7PbxWEYp9H+YVB3l62SkntQFY8WXotdlkNpzlUmi1MhYH4qwQuyJEW5NGtmVUceTEYFAAAAAAAAAAAAAAAAAAAAALhdzMHWVcKZjEYCo+sUQhMkHbLZxhyHzH8PqlcRZ5N8pBkQQg4exnAw8qq1FZ2EBhxLChg7qdKN+SLS8CWXy6aUmtBqkchogNkKLNFcC/wT9YHS7dflj6soXEMgdi9E64u99hDXxRR9jDa7RrX5YCxYPGaoSXuUdT2qElLBTnFMCU05FNoyXYXjFjH2EfPImVyGvel8PFSerq7F0JaExlSE1H6hHcbNwPp8Mp2moeBFsL/YggSzetB4NnValFYl5fc1n1Yeu3nEZdhRtZtY9rB0qNUZNRoEDi4RKhYnOXNUWshNogsGYmB16bhNcpNDQiBqfruOdnCrPQjtQK1rt3Gbh2mc9vtpfx7SOB/r1J7XTHncppyQ0TPRWLDffDqaBClNkwxoCiq1CEWNYgKX+qxIskZlnRx5zh3bVXnV0tAITdajtJaYVOXF6obiO1J+i7RUvZBt5qks9mZm6tD5oXWedGRmzoaM7i+panHMO0UOqOxkbRe8cYv+tWZGKhHSoRS/KE2RljP65LUaXd0m/6zkm0wTFFIq0pdLq94AAAAAAAAAAAAAAAAAAAAAANeM6kVK5o7gUcASWVTBScwhPxrUt0TUD0NUCcRQNCuULQWybUDIAoVJw4GRqJh7WMiRltoOiWhmcUmOt8bswzHHHCc2HwGP7rqGgEtxojjRqLTk/CENBltGH9fIaDfDQjVAbTQ4Fd3KKggs7fKCtERton+PS4WJDge7bKaIFvRHFc1MiZvArMWpRVfgIgUbVdI8OiI3MZcTCq3IhtXDpJez6E9mhBJ0FIMHo/2ZRtUyNGoci1kvKBFp8j5XUxUPqnMRdwSqzgQ1oN3FpN1zJXIzjEHb6kOop1Uxw3xQ6OIPInSx91yUtMoaMnBznc8ku1b60oTL58j3YnKsqIIBqmNQM/V4I3aecan8WG+qUyqshU7alybfkilObJa6d1B0bUSkenwdnKKuWSSwulXUh9vqMGj5cEhXjEz8adw/sD+/P03nFMZ56CN5AXkHY7XWyQsrxiJgUbcmMTspmg/STYm5mC3peraDsuaqXojMoaM+vy0pX21y6duBuVakNiHQBU4nPv1VUVUzCAVvuk8yqpKUha6FTIvTaLHy3ibbTqqbjN7bCFa8E7UQr1QG0We6HPg3KqW5C5Huh1y2YtWUkDtseS3iXdVUEQAAAAAAAAAAAAAAAAAAAAAADw5KHocQQqNBIH37fY6kDllxIi4bOcsBm71J/holKli0CiY64fYV+qNMmgkjhMYcQF55FzuT2DqUNGFSUZxYkJJKFNQDmhSKy0AT719lIynqF+5UN9013LhcWH4WttitjE8WgqQ6XqWh9ia+28PIy/xSQeKc/MZDq5G5TUOhrdF4L0m6Ink2QdQ8WVXjVhhWg+TokZtS8+Y/u2giWaGNMEOaJyNt4fItpU1H0VG0yonmR+0WV40JUX9ZCUmbpU10NQUvSu2qLJIM7e/hJvZd7tQ9+Xy0bqpxjz/l1mGkrVaMdogvUl5QO5qhrbey8yGOR9ZB04LUCkdK+9RiImdhkjXiiUtMZWIx+TsTfL/VipODrMxcVNGQpmmczh/YP/DA/vx8/hbdm6ejZt4ygdQwDNm2abebF5zK36oELRQdnlxe/qpKqm7o55ldPJgiHaw89DOv+DiFEIgu0Jdssp6OhVOUGcVQhKtMhExeR4O47ExlGynqslJ+h1+27IUJhdxTiHQ3NHcVW+Q1W5HfTvYvk64GGV1a7z4AAAAAAAAAAAAAAAAAAAAAgDtJmxWh/SohyCi6ihx6zI4opKITVaMMkulFU72UCGMs77FzoHXkvjqp5INJPpNHeJms/skVJ3MpU/Naux4mtR8Q0Qf7T0Vw0YYh/Y35ZWiSS3KHRplh5iSpVyHUTBcaLa3v3Esai3xPP2yKKwAAEABJREFUChtjGuTd/UChMWjJx9l3JJElvJFjkUe0w6MhcfM5yQIfMruBNs6b7yUVIwRTJTS/JveO6WQ6nbaE2HxFyCQxdDiAS8eju9Zg/7aMmBf7A1WchOaJtxHy7sGZXihcSJ0D8lGeYC46DtUqQsPpTQSe+2nf6IqujV3NdLMhI1h7RWyLVyTkz2mqT08VJ11Q/47JP+44nqAr/z+laZzG/TSNMrmbhUnNALsrSVIt07y17QZJFeZuJb40ZJ+RfekywxtPu5q2snNdFl59vVBxknqFWdE2EXUbAIverwxLs18093qlqotaKtu2aZRVZQO2lpaNXhtmlZSdr0nMs1g7AAAAAAAAAAAAAAAAAAAAAIA7Svtav9pqhFDSf6j4YYhxkPQUg2khgtqczOfV48T9PCqxOcOr2ixZg6gQ/D13l2VIYh2RU+RPCp72QUpzPYq+F2/ZLkTjQRuKE6WPAnPzJ6hdihWm17axYJVFxLCgD1637/03AdHOBEGT3UjXtGdiNNJKLoq7DC1iwqRh15Jmgr2oXNpk45dWDfACU9/ujUCtN9ikJeugMd1cbPxobJ0XxXM93Xyl1QVd+/SRcfLfNWqtDi76fMmC48QbGiQtI9xcL8O6ibvaG4/cry7U53qwag3nW0IY9QGyxDrrOjnbEf2xZXOUUnOg45MfecwOJ7zyLAqqu/JtiXw5iLQiK+psGpHlenHnjqYFLSULzdW0I4u7aEOrdZKsgo6vjcu0yNZMsO1UpDhibJXS5sZQ+26Krzpcp7W9Wsbo/fVeaq7wuoIrCKtJzXUIdwAAAAAAAAAAAAAAAAAAAAAANwmbU4gKLKgN80nunLiLcQ7KDpLhRQUo8hY8qf2GRNQp9hkPJEAYa6YT+VFSNOTLs+7CXElYbTmCW1ZkIcV8HZuuQnxEJBCsliSahiK4YYbWp2luFkHRI1FPizpbHoiaFMKaGsMyIkxlQNaFpPLdVBtmbmEKCMv8IqYm4sSgkppFizYjp1Tf8Keaa4KrDKHah/ixuBVwOKhi4EOD4l3TOPrq14PXN/YD3oBQrUTCFcPgVwijk8qYXOThwgJ2MxUu85I3XEf4ZuP12+xC28CDcJ2RQYdNDWos5Qq7gCLSziQTJ+oR/vigqaqaOZpJmpql0Y2NPO2zECuNfOiZmmZBt7IgyrmoM9d+DY39Bh8QTJktUPXtKe4mi2NaqUk2C6yLp/b48GI1sZJeVc/cDMXppOg+8j6fHWB2ZbfVa0jXODerimuGneB+U8MFdi+2oduubuq+XBVpMrPSf/nnQZ5Wv0lpKy3DGgAAAAAAAAAAAAAAAAAAAADgTsLllf3QZHaRvAaD2plk3QnFbCBAgwZrowlQ5LJoApKuzK2K5DOFYjuRo5jJg+6qfElTmNh8UJLLVyTgrGFeMavIRg8m3SCXEKQmaMtx288j+Wv1HIrhivuslNwOImVR+QI12opQ1RSWZ6cJ0ZpSJxXRA1t6HZXDsIeoxZ6kKSHnxLH0PeQPoViaiMdJLOkvgsfAVZejFeW0K+7twR4uly5NISzdOxpFiOh4YmPYElaHSxY6hxKXj035fRncBdgPWRK0Z5m8cf6LeBlsxJUt7E7VmkFcTEw0I7+SZBdyMwR/NodC1K0qJYYLWET8lahTpzm72xjQ5SgUoQl3ZwT1+lkoEprQ+4XtvMPcEhcKLbLKD1ge8LwKUpr2Y+Z8/j/omWaMapqYnBiMksrEYtydnbVqj2Kw1NucFJ1FsHntmaJa0kX9LTKx0AtNqJ8nJ7ru8ErWtXb+cCcSXnanx5eZrZ+8w8dh2O3mHYhNIBhCWDaLXQGoG2rwbStc1PDFN66yFRlDkdFF2wZjdI8ae9611ymcVB0AAAAAAAAAAAAAAAAAAAAA4HYg4T2J0FbdQ86eE3NKnWwMIGYnWW3SvHRu11GgJq+CpQtJYR399Jw4ciHn1CdmCCLWHflzlBDmpIFOD4NyE5RNHqHfjDZyDeKbNKDG8knCoxSKxkQak3ihjiiHSw1F6WPjleGXFHcEr94sNthDpHM1U+IptZl7qthmHQMOtGGRoDFZs7+wweSSlqi9srSNugw+Gs5th4rXNasqqI+DHwzsdpIR8bxJ7ZPvI+BplVGk8ZSoByooqdHysB2C5zKp2JvOVVmioeyQXEM0f4vEfUd4cXzT4etuwmXRyfGIePmVi7KEy4PPz3iaOK2roEYl9qbHqtkH8h0dLkA+TTQ2zzdZZSmN59M4pmmf0j4rscw/g3lRnwgnJlnC84a2mzk7q79y9exIlgSLFk30faw+6WJtEvuq4uYOtdR/6AOvVxJd4tHy8oAX+pUiOlnf6wlrqFW0eeIhGs52klItpKns7LHReZh8LrjPSWk0nbKOyIVWWShWja9WzYz2b9GqSO1VpAe77goAAAAAAAAAAAAAAAAAAACANws00hepyE0GUZ/MAb8ha01IzE5oJ7YbKkzxEHm+jyQtguXZcXcQ1uQSEtAsMfT59/LSvCXTEQ3FHFmfWA9zAhoWu4HkgoNFzNGCpH1YthONhFahUr+4DUiYXBNS3q/X9gQbhlhHRRNxeM1bVZBbsXjbTAJigWr2KPM08TilhcSi6USbr6YS+qc0JfO9mErLyT1OvKJwOGS90G+wGoA0qJyIwykJdg79RKU9KvEoQpN4YSDdR9KMHor0wv0XeGniUG5RLVFxvSmj0ZrEWPc7V4vrVm0sytuddBN7IJ+4rJ35TM4SM2XlQ05uRZ7YxFqPWLs9SN2NRK82TeN5Fp1MImUj0zSIGc4yDc08rMNuODs7252dxSGaasvUXFUTIpuX3WhKi5Vk5CpNb5xOpOjmNwrhhHVSpnmRW7kJS+DAdFIJdV/UVVpUV3mXz6l1djTENE1900OruhFHqiJJCeGEUSGTTXlJojixspL9+8H99c3WsVj/b6KyKwAAAAAAAAAAAAAAAAAAAAD+uJG9S0KWlpxFS/syyLmYFSZxR/kPyVfy+J+n1LFQI28lQKnJbizGavoGdeVIkh9nStOYBSZzbDOHivXKqagESmTylJfn9S1/zRmj5gfBfA1CEy1OwRJjmN0JZcMVbjqQQtVtaENcl9HpOVq9AnsMV/MGidvHVFQtc+/GrDiZXBESk7vEmE9K9uDwMw3JhjGop4AWpVIKk2JQ0zVtYT7j0hb2DtUnErh+tUenwdvSlZjD+Llql9tQP/bRx2kSdUgsQedUC40mOpIEQ+XuKfBGshltBNWRDKG6lYQmpVHtpPc6mOBJe0YuPQmhT/BThThNRYs8OLeIXSvxueDarDgxvcH8lGVNpGI9UUthNxJqZE9vnpjcKohh0jxY45jGfd5PeJQJ3KnV2nFU+c4wDHHIycLmnSdGauZKJ+Cy21uVyc0pTo71iGh7hVxwV1ioNI5Lz6zYXrJhkho5iLshxhvzmIjdS9l+uQj1iv6mes5wO0QX1s5ua6I7MW8O6fxThKYEAAAAAAAAAAAAAAAAAAAAgDcFdtm9RFQmOQFJDikO8rZ7PhDFiYpSzBljmvKFvRShBGs1AEquZgimNSFzIxChSY6oi5XJfDyKjGISR4cQulQ4gr0+v3r1fYVlilicYW6al6wci5G6A0ev0AgLTwTuVReeDiZWr4H2dqmolbfkFkwpK05yB3UYa94ck8eUTEXqIqOfauhi+XA0kwhbEqK1FOFEylNaNby/hqjt3cJRxoow9UPNzhH6Enmz9M1WHTpJ9dEXBYDJkXzEmutdqRSKyKmYrFCjGmjygNx6dsvpdJCiOJEnPa+NcVTnFjL1j8f48zKMZE4ntHCqebPDZqMsimneTOY/U2h8hHg9hWUo47AbdmeWTiyvK1EkpdQYmRyYIol7PcpNzSTPHEOhbginwv2x5qPaLICZD55vdSeS6iYKQ3Z/0U16Hpv5MtV8jUEXkw+CplWTHd3mYfRduBa+ltFwoMX2ebCThx4EHTgGAAAAAAAAAAAAAAAAAAAAANwBzsKQU+uELC6Zo4GD+prI2/963AXpVQcxn4md5sAdOEzR4DKPYN+C5NDJ/g08cjY10dwhE1dPAS4xRqmwRNNZC70wer+MPVY1SeP1Ya/u53ZYRNR6kUoImJdeJh7iNxeNNobLJcZafEVy0ZIVRUwY5mDsmJU1SQuk4mYhBc9fYrDkKmWc2dMSiTWKqBHkYMr5J9i9Q3jR78WotIl7msZWKwexCInbg0lN77p6qNPoyP9SUfeT242chIpLDv7Ul9bGzovXTqMAoF5a4sYzobTQy6lh71tLm16nJMRZykS4dZoJTQYXM4wgnzSbgypWM6ST/M0r545neeG8WJJuJ4ldW3bEJCOK5GQmlNWo0gkpxiyWqj2OH8jaDtyKTq44icjlWv49hEsqoarmpVmr4bCSYzGl2masy82bf/aA0T2d+187YUve5pKONi1LOZlWxDP/LfmSpBmRDgxwexJ5pgAAAAAAAAAAAAAAAAAAAAC489wYBjU1GcTyhEhdTlSB0ftJ1OAgq0yDzfbCvCVqDLTJU1ETrEzJbE4kfYhoMWrAtYpL+nwRS5+CEqrdjK42biYeh6WFMib1r/6r6CNSiSyHQ5TkLy5D4XpeDicek2cLyplsUthPNdTbuCOQtoBNPFG9T+YnIIIVywbDYinCbi1gKXUsTr583X81Hn1PNq5Ipsxos8DME2HL42SBu3J4R6gRiVwy6Gz1btbnhXETT6/uJVS/hjI51R+m3l+ZH/HkJzS0na5bebJ4KDv2gfHxqpodO2P9tmi/+m3knrEnLpI5SSvVzHaU/3YoaW4fK+0SB89iRa0AKtsnJZGyzTM+RZXgiFzCczDlFSsrX/a2YRjOhpJ9J1+WzEaIyiNpDHw855FsXCpIEfumeCXNSVGWla902mPj9cpqZnOntiq3tBmC+lXtJit2U3LDJV+H3PwJzeCY1kfkKGYNs9Wiw71oFrVM9sntavIDo8alRsQv5KK2QGZORWVZMEFxAgAAAAAAAAAAAAAAAAAAAMCDgugykyj+JpJqJ1rgvrPJCMvMJhr/m6O9IqiIbqYRNH7uRicaA05cMuwk1U9IFNWiwhprLBYU5eu2FmEN1cs1cmnJbZiqNIFEYcEe6HeBAGnD2TKWtD0TIwkzQynBUr9CY9kqcVCnhBzUTon2Y+5nEs2IOiiYk4pralqNgCapCE0wWiOrqYwAm4yCbTDZGs9VfyOOKF2p7QHX1DTlIBSli42BBHH1QVSlEVMJ8q4eSBvw5TJkHEpLrV3hlCfXBKNNHkQaha5tb8PnMruqpsA9L6gMFFPVHFXjloN2IVZsbdBN0FawmV6HA3WTjHL6kpDXXe5AmqYwjayrSRyHyKU9bcPSqp0PxgD8deQxis3E9UIbQYimUZr2Y5rGkCbKAh1VvKXG7iSypASjnE+HNH9MoOYx6PLVPcomm/9azE5sMapkjU35c8kOatOX5lG2/g7csvpSrUr8x6qzUo1G3UqY67K0XoVgq4oD3roAABAASURBVK1W6hKevBXJPwQidCuaNdW6zasxRU36JUoRNq2eldfKaBZdbg1LslCF2O/Iu3TiRJIyqvyTM4huqO2L/EbisEWmPZlbOuR74s1PMQAAAAAAAAAAAAAAAAAAAADAzaGRRgnFaoBQtQjkr8F3L5+3HiH5p0llBuz3NU4Tc+xy0lAuzYHFiXkOVY7iS6Cx2xDKm+3m4RGpCzBX2QBthXepPdRKPcBKFkZOtRfFTCJqRFb1H/I1X51IPUV4GFQCElVyEfxNe8n8UPQL5lwioVh5XT9QNluQUK3+MUmLiAZKOo5IQ/AjD6dOiw4mlY+wZurh4tFi9YoKxIPNEg+2/nOxS8mNN1kCFb+TPBxkV5ZhIws4W5RXBEhR87VIB6uHTTHXcKVEp4Igrh4IQeQimmfpQsmJiH1oEXRPKqhx3VLpIZm1AVtfatIZbaQ9QW2ROzqEtrdx2x9HL7xZuYk1qGHXynw6tE+m/LEHl/1xZsapkVSQSxSupXlvcvCmSsgmm4rY5lU3D9k4ZrWOSM2KXszlVNR+Zk+ns516aDQFcnDzjiLYasRlVcNRBVV2X1FHXB26jie7KKLaK8lBu4/wqrm6tm17oEEViM3alWEJW7luLl7g64b6fuT2TcG3mK7xq8raC6AzAQAAAAAAAAAAAAAAAAAAAOBBxRCjWZ3o6/2Ni4LoDkzGUbHwn5lrpEVcWIQAU7L32KcpTSlN898hqfRE4p5NMV2p1H09ObjIob7Wr2koVIIwt35uQCjWH/mk2Eb4S/TJIrCbqTKo/aRWrkHW+WoGkHuZVC9QrUkiNRKNxqGgIKNILoMpVaQ+UpxWKX/W9h+nBb5pK4hP3Z9F1h61NuisTGxAeOW9EXozlRNJKzeH4nyjyp4y7K1rQyghfzlKqdcnuH9M8Kl7YS4Uvf96/UJ2QYxM+pOt9wm7CCpPoHGc5v9LG9wi4o+l3KQbEzqgBHKTEVUhFHEG6yRlnkRRNMnAnc+rz561TfKVr41YOWVNxWo12sRSo5NikUM6aSiJGKW2hItlyFWey8ZCvbxy4zi80oLMHZmY180w5xVTglTHq3a/K/e1MpS20SvlzUX9WbeklfLY8B66lVs9TbaQuu7RAwAAAAAAAAAAAAAAAAAAAABcliHGJtdE/qDmgLekCtTnTSmqlDk0K7ISsegIMWUtRjZvEB+CpBewOxDYvd0r7J55wb5thx7bX9n9NaroRAxBkibMyE1Jrk6QtEFstUjQOFZ5Qo1Er1OXhOI80egcLJGL9neaY975Q2vMKSMCVZON4lVRQr1FcyIZP0KRmoh5Q75PhSbFXGHdFhNnbHsNHA/ELnpHVEUndczZEtYED0DbpfZrnRMlYMyeN6OMkI5YON6WxezqdCvevXYUNEmT2qGEVva0qElC0hz6FDtNLeuWlDKuS+SxI/N1KPIlPdCTKad8ybKumAUUk3p1tMlToghQ3A/ljxV8yq99xpZ2m1B7jPwnK73G8zSNvUmSXVfKIvEcylZOebPTbC35P90d1BeJVScXXPw1T6v4/7P3p0+2LNlZN+jLI3bmme48z2PVvaUqlVpD0+p+v3TrM58wMDAMA2QgqkrCMAwDg3+Bv69prAyEWgLppUBSqarudDJ3hK/XfQ3uHrFjZ+aZ85z7/CpvntixI9w9fMoyW088i00PtlQ70RH51jWkSmpaZp+w0L7ZdaqjKXZXsc/Osyws+tR90A6gbhNfalm8OXn/HDZvZVnUsZO/AQAAAAAAAAAAAAAAAAAAAACeMMMwcHX/4HWAfBPqdBiaYoYkvj4XEUZJCyPqi3I0pWniKZW0M6bSkDujho2pyUQM7kqulS3Co8H1DOR5IUyeUNL3+Pe0SNewuM08VJioSSJadFpj/RtYSy1gbQKdIi8RhY3+oxHsOf9DGx3YK05qqZ6zppSe3LzDA+DrnvB72smlRqSKZo6ghhGbpi7kvaBaDebO14SknVWZ00lwFj1TBT8qB2GbTRdHhhdqEm+Kx5O5e2AOXeqcUKx07ALxvchfbcaopfWUNqrdnt8qpnloopMuSB/bAHEdpBS2A/w6wrH7+LSIHC6ml+BU+PB4uS1QO2fX5FkzUdlq9vP+fJrOxObER7mzO9FlyCLfKZKKYaA4iK4iarFJHGZ4uVuoHIWqn1G3J1Fb/YGO52p6dBwatFx8cV3P/b1htQ2pIi5W0Umsji8PActStijNsuowH6mldvBQR395QepWBwAAAAAAAAAAAAAAAAAAAADgCRPJQqtXjKGaLYYGYDW62ylOirVJ8WzgKRmhmDo0047EKvnobTFMRpG6OjhUXw1evdbu2XlEW1IhVzDI16kJFKIIU5IGMas9RlWfhMNwvn/R6SHsKarOQfw2JKeO2JzM4rggVhVr0QL1BFr5C6i1iYZ4udq2hAMpRt/7fr2QvJbDy9PmnRssv1GPk87CxIPtBwKRtQ6oKk6C+dlsCiUO7Sh6r4NqatLHpJN3jjavfCQzozimalklUdms+hjpsjw7Lc/ShfqUsetKP1Atjo575Ko5qW1W/Ul0VYScjUvF1VpA8LSxMUerkU4d5cX1FLrkTnnFTWWvkN1mns7nae+pdnwjCVqabmjSfblDTVQxxGG0b0Ubl5dw04DpNsKdpY9n7LJWtAUYjgm4Hh2H1bEr7javOfxWrtDulEnu/jDFBCpKH0WdeH1KrYva01dxpDc222N/Daq4SEeXD1aUK+C4r84ruuJyBgAAAAAAAAAAAAAAAAAAAAA8WqIkK+At6UUf2+sFB7P7bAQxwWAJ35afHAZm3ueosMhN5nlOzMMgGWRcceKFsJdvfhitlqo4cYuDxObC4S2menHSvBgatPRnSPZxkbnHg8RqVuAPdBAnTV1PsBamwhSi4El1mEqtc3m8NM2zJOdIkqmDNFnNQmfS6U5ES9DZk3gsnUNLD1S7wrqMakhXs4DY9VS1NxfJSbyk1hO0fZXFc6lWZEF+kxZJCZ2uxSQUXB9ChsI6p69zod3ZqNZngjSNVEciY2pFeGWxVCDzwDU6lEehKU6WyYxaQ/3LVb0bnbHsoT7PTh/pbn4bqTbb7hviWqkydo8ZQtczRZRTll2ZENNkyiyfKpG7MfU5tAi6r57z6YFc/7XUlGxMytUFQc2UgjkAZabA07Q/m/bnpgaz7tUxUFWc/Wb3OyHqFCe6bTCLJk0L1n5vHS7XzJqnSxepfDV49p2LVt5DZDXQayEVt41u5WVSv0pL8Yirt5Ik6CrSE1Hj7IZxlOlXLJu0DL9De9Uyful0LV2a0maTFnVRWMpgdK9rWdgsV1K5MC6ekTXx2HoLs7rIBFuPaQwAAAAAAAAAAAAAAAAAAAAAAMeJ4uOxjqm7HoTry/ChuoN4RFI+ziIxmdI88TyJ0GRf5BhzjvFKvFZS6ajByRD7KH4poliPhO6Fd/nQqQRKSNKDiy1ymjh4RFUDoP4KPRXjkRyD1kxBmhyjBD2HolPpAq/yOKb/MOOM9tL+wl+le//eA6bSkGlOOeatSpMgaTpKO6IHuw8SWRwLy7J4eySJ8rqwQ7ueehlQMcbg3hCgk3Nw50zQ2EyyU0QOiWf9EKtIQkP5QYO8uTGz2MOYYYwl6Fg1u9VnziPa6mRddLVQMIXUFCz2YJ6kqAs2J1W1kIsPivcHL8PNnhGlK5to1YwWtKaVCsSKCDK1Nd5+QZ4dkzl5YZ3OZs3IOsnKcaq15CooBpVizXke6SrhCzos9U8Vnkrq6qZumctnUq8frqt4dUG9TPooyeovYi+eSuquvNHoytBEMsH3KRWgyFBHXb8kRifS7eTKh7IW2DYQ12eI2KGXSVSZVdeaXETk8MhhT45Td+erT4BejHL0mtAetXSNzMmkWhBRnxyUScz3PwPztKfZdzFeLPOlZRHJZhQvaHVovjOPYRwAAAAAAAAAAAAAAAAAAAAAABdBLiNpmg//Ki1tIXppSA5+7ovTR8pRxHwgAeCpnJFgooTRW4HiVdFiiqnVwIt/gmpEQqf9WDS0RUEtQGyJV4LlamiWJ14mdXYXVPUc6mVA1LLw1ABrajFN7w2TXyTW+DSF8qj5YafzxFWtYpYK1V6hHoWqQTGxgxp0kEpMUqqBdl5E5fXK0NLaiPrDnpHsbhNrzCJZuHIwuCp6Lrim+pR4wJ0OzCdaWSRKjGZ9wu0ZlqYM2zX5VW4xwt1As6U2cV3CVjmWL6RvFREfqXEVqF4M9sH1qsRp1inskqiV/4J+OgiSj3KurQKdpblt4243xJjXTp5ExRtonYKEuqZu8NRKTyrVpkI58jjtGp1NSVZNUblxWYDnxeYkTaE4doSWr8sXd50EJXHMUPQmnjsmaFYdyY2VdIHp2g5eTqSl7ESq1zluH56eEei1I/W5eh0ZaeKhoWh0UnX1Obo7mBgtXJaDanVL3RK4ZtbxZEaqPvFZTaorqzq9pfalX7l0wRoBAAAAAAAAAAAAAAAAAAAAADw2uBN4rEP1ZNoRFTVwp+fYl4D5lL/cp3SW47+Sa0b8PlTsQa7EoK6slkklLGsMvUqh2ZyEviFNA1EVJ2qKYelpqHNPiG4Kose1Ud6elpnBopZEqxw0C28P8yPRnCrMEvAuypOSnWMYpO4oVgrkpgpVZdIdy+1kXdoexBxU/CFnDX9zTZ/jqhQy1w/SqCwH7rrt6miKnxXuMeFGLpwj9doJonWJvYajRZBDmzCxNNy1NKbMaBd3N9DaM6KeVA1QHcamO/HHT81ChapypLTMZDxe5IEko5/P/Xw0NQF1yXSqgCWsHtSv0auvluhmdLsI9uk152ON7xfPGfXlSUyxJoVZKFo6tQv3TkT35HhxzTgUEFA4LnDolrTqsvTx5ySqrySprfxKn9Yip7BUPFLCEMdhHMpCDZRUZeK5XWpP2+jG1QaRahsudQ15/FylSZvXLLLwxCI4iXHsvswdVfyONu+9r35oG7far3CTtnBVwXTXx9Dr0I5PD3e3AQAAAAAAAAAAAAAAAAAAAAA8SVoEcEvCwLRQorD4Ckxp3u/Pc1QyH+9TUWDkYG4uIJYsNn1RFuTXIpOZOBzXBHSVXnBN6oLvySQaZv1hfiqqdymJfYLrUYLn3KmKAWtYEzKYfwh18evyvDnCrcYt+RmLxUn+FVL+KfqPKCIFag9FvbTFu9cFA4vnqNk8ODD3hiKurSgJY8SRYQidwUJ9/d9UFhzuIQhcH42XPbro7pI5ZNX/HIP6SKzUSXq5PByFIXdVUZ/QdrGBNk6vJAi8CmqLeCg1hxE6LDVI/qbgc2ZTjNHP6v5rajqVcJVYensCasqdC8LeI5dULcnXQhlNEmlSfshpmvb7vUzauFmLPkn176jr6mmGt87wlmXG+krXMhXhlySzmsVjada5ad9H2iwid/hQcscMushYhFXBf2uOLtcGRd3CZKRYbFW4X2O9GukxoCNuebCWe0o9uEAFYlvMljyKXAZFOiOlCvZNsBXL4bDSe3yE2JpzLUf0AAAQAElEQVS6+FOyUDvaxaHt1FuF3U8DAAAAAAAAAAAAAAAAAAAAAACPFVrnvGgGFRb35XlOZ/N5jpknCrNEz02OYFFyqtH/qjFJR2qbaxyzRVQ93tm5PIQuWjq3kChrKp++vabwiKTBZU15s67VzVGCGyLQQrsRa5hZ3U30KJXnnidJJKQpeCwWbAck4gESHxHVdmyrEfrQbcnu4Wk9UqhSE09A0QeI+7QrXtIjCsI2fw1vT3BPgVXc+VD+Yb1F2xfwSncTqpzERDfVACZZdJprug9ubiSrKrdbfqxrHrzLzKBhmSAmhGqF0s6Mq3o91xKlNJ+fTXkqBRpCJ3ghsdrwi2mzbn7KbE4WOoNgMpoVSRK/2PRQUc5WOUnmx1w+zCIF8y4X2xJRi8malF4qXT2zqEiKrCLayIh2pyjpVKzmJNED1Rbq/mLfFCWVXE2rR3kcuPaIqurqnhQnR78Nbb8ufR9Vghd12+Q0dyVQLxPRg+gtucJEZNH62QeV99SW607nzxjZLW3Ukqj+7WklNaoVylO0FgAA4MnzxZdfBwAAAAAAAAAAAAAAAADg0cAe7G7ZbepXlg/BYrFTSmf7SQQfYZomCdfG0OegEOEJtbQlTT9ytPpaKVeVCPc6kv71+/oCP3cCFVUtqMuIBYzXnhE1TMlV32DOBxwkpUQNqrr0wd1JEhe5yb6k1DkvtgielcIbHeVYc3PE7nkukgdovJWXKo100EdUm9h1bwgLPxHVoxCHLi5+eNAcB7xtg4b7/QIvTyLKqbN+KU9Ma9XL4YOtRRe8MJJZBev7lmk3WEYUE5pQcoFKc2qgdWXBH4DoQAtwQSya7lk9wLw2auEDjQnVK/3c6DYnSdRLcxxo3O3yldP5XJyBaMei09FouxbiIpul+Qy12UaXP9j1gfsMNcF2AHJVkIsKbL7pKLq4LXCVO9lXYkyS5+J+X5JbFaeTMi9lfuQNSPYguTiW2Sp9NgzDOI7DuJNvSaaWpaZi0awl8TkpK7j0sKSRKmqUshmWRDxpJtkEJP1OJwoL4WFqHUqB6fi35BqMIfRSki3Bh0owmhhFdu7YSjL1mgnqtNQwxLgrVlEhJlYfGevyKm4JrcykuhEdoCGOWy1erKsq39FlHkQrWL9UTxNe3EhMKYr6imUnN7MZaWhof0RUfRXvaRkDAAAAAAAAAAAAAAAAAAAAAB4FTJohJakKonh1FJ1BicVWK5H8e2Kep2k/TcXdpLwLL6ltSExFJGjLocssk0sI9tlsUqhFG2uYMKp2JBQDE/NKIdODaI4Lu950J+UONkWCRo/JY785YjzozXNibUaOIlfFg+lmLACaJKOENyM2uUNwhYe9jx94nx9X3FWmNInHSRJvinzDEFrWntwqTbQT2QUD5b19lbOQdGhpc9LPxUmgU8wkjyT3XVRI1oXBFTyjSGOSpAOpUWpV+Gjc2nNZHBWdzE0DQtL+2D4G/1cKodAyK5kCpEmCSJIsddDS9aBJd8y5oGoNJI5MKTTZD7uBik6/pKYvkvtkzVZ4Od8+B5sIzDYPV5DLX1h9aLiJTjyIn1rx0tbYAuN15tQT0uPRLhm61i1lOWHs3HpYErwM+ba8horHSTCXiaDSiQt5qqxNerqJcCkLIx1e3Ve2I13EaZ6nff6PdXnYzKoyHXM3kpQxRXMyjDsaInUuTEVClTQnlIkpqjeTTh4VpARPu5OY6YkqGw5Hn6tbCPPmNex2OM0j6LA02VZK50QyfV9KLqWKukuKwO6haJlU7qMbXG1Ptw59BNtfkVWli49V2UcQnQAAwD3x3J1bAQAAAAAAAAAAAAAAAAB4eHzxhXhsuyFIecdcXQCS5XfJv6c059jrnHgqGS3mHJfcE0/BAp+du4apEXpcgNLO8DJG6KqKUEPHUqgZX/QBUzYVgv1nlhgqJDDnD6ruCMnjkWFRc3APhcB9eNu8Kex8kYaQqW1SCcOmIhHg/ORz0XW4oEQToXDVt1helBi2cGcBC992EWNPwaOiHG7B4v5W61pqFjTUfWffM3UPvXLlCCFsuiJsnvdKWm3eT/6PhuDTQVmrj7Xp3Mwt3Pag6l4WqTZC/dT5OXA4CKmvH/8eiMs+SVe8repRVvF3Wh7XLgoy1CN3SYliLBKIaV98OgLHYdylFHUKr2jSLWCUJRlkNsz7uRgOzTMVcdmh6MAECyxORHGgqjjRedWm81LUpEl46mAFn4Pu6lGLf9wih04u0xRMq9+dldSVUi/1m0rxd4mU0upL9s137aeykrBcVIu30I2qRGpGLilcEjX1lDZsOy9ZCFgTAAAAAAAAAAAAAAAAAAAAAFxXyN8wD2Y9UkKyc0g5uJsDvOV/RXcy168WmVaORQjdP6BPB7OKNbq5iBim6Lv26lgRWlzSRQkxNduOKj+h+p58iWWKewmpS8VG4HIZPuaFt0LVQ0xpDmKsMIvTQQlwp30qxi4zDTmCbcFpMmlAUZnk4DYF93Tpe5WoRYE5tGwh3GgSFH/adfacLm4blgHZR6RMIDOtaa3mZaS5DMYVaq4l9L9Tl9ujaU3MWqa6iizC61LWJbH+xxCOXo/KhrBpobAJkl4n9IKVVMRLZu2jiV1KiqODFCHfOtEJmSDkgCZUkstCKoKT8zTPwfQQneZN0sHIcTT7obJWJXuR92eZZZo8pluDdjPFcEUer+6kLv5+RvSKk8PrVwfBtVVxIVIp7kVD3Z3FDEgq0SRESQQ4qZ/0tjT5oqc/bGfRCaldSrCBUNuhXlF4xdnOHL5NqwIAAAAAAAAAAAAAAAAAAACAp4ZY0p2wW5dI9hb5sE/zeSbHedPM5gJiHg6qSxCPkNTnQeClv0Xwt9dT+63RZY/wrvQoLlNgS7mziAv7RdE1D0ly+AzJZCo5HhpDp3dhasWqCYoGlvsCO/sQS/UjuTeK3ESZJcFEsoeOkrSHvBtKZhVRnMRVgdo/QXLqeNYIDXdzCskeUSK4XFU19T3/pTKmnI2HFgCxdvZD1yckz21SHSLWdhxbYfdjkWg3TgiswhxPqmOmMsmUKE120FsehM4S4dDT4nh1x6nCpbTU9VxyGx0ogWhVXrDBIjKjnfxxFOeMJM44u1DSU0kmIBrzUxWvDlOlbEpM6NLnCPd6z1MG94tX5ss07c/zD4sYwjIg1Y6olhyqmQpRTTws8xKF0Im72PNbyeUUoyvDVtvNk6afGFd0MQm97sRLWTuLUGegQqYp6/Yd7lRi2l8pbHTLZVPUtIEpb1+yi1aNiclH6rzvi9blnxfMNRoGAAAAAAAAAAAAAAAAAAAAAMCFdPHFIoyY80+O73KSRCD7qWhQWOOUS7sSVruPjWAkEZvqQzwMKLTENiFYQN4uNAGH2Vvkjx6eTGGReMVNQ8w9RdPvJO7UGEz1QTSe6g+1ERw9TGrC5pgS2TwohFJNaULJnpPj11ET61CJaNOwEQImlbx4l2pylWpuojmCOHl15lbggfDQBc5dfkPdp757mbvzD0Fr0HdHrGPa0nZsXHZ4ho+VXKeNyZVMaxK4zgNzQAkr95CVHINalyymnSaFOt4NS9XS0U/15KEcxQPokgbkWC0tqO5OJxruL2leYkxpP5cMVVyseFikDnG0yQAHhyOUiWGbgyS62p/P0znPk+xFSxmSCxmCzls3I8q9HMTjJCVXTohbk1K1F8G0GddFdEIX55q57KsrFW4GMFx9R3rhV78OtrrlqlVrVZF44c5y8Vr1DahXyyx3xnAtBgkAAAAAAAAAAAAAAAAAAAAAIDCZ/Yh6TpTQePFkmM+m/cxJY4SzaidcdxI9xH8oOlFnDloaeHAvPgih0zKQOEN4tFMzO/g78aLR0AwkNchY4qQpqDxFwswaPi2B/Zi8AWyP1dLEeHWlprkTwPgFGsEud6Tiv8FzjnCXPDusGhGNXudvNW8H0VhTdhB1FgFUBTVcZQrBuyJJgfbRzBd40W/+hBbv9a6dSxoWqlHyEj33O+477ryBl6Rqm2pzEnqZy6W1mVimhobbSLuJDldSp2WxKvokJ4ePxi2tDy39b4guDENTl5qDFn1+qWOIlcwL9Uk43vM65fW7MS8lfbqSmyrNYhhBlu8lxJpT6LBbmVY6oxC7nnkMKpWrTKwHl2dwy/ZyeFJXXwq2P0z7s7wjnUvjREWyHid3yGHRhsVRVmyxReLkJSctMJRcYWVoCsWqiEPdsWTySxIZG57wcFfZVTisz/Rr3sJgu8dCNKOt1W9XGpHYaXHU28W2ENk4bTHK34FUF2XQcpIuUyl2bkv2OMsVwjLPZ9cD2pbq8z60PdJHz9REQSstvxeuWF0V/bMDAAAAAAAAAAAAAAAAAAAAAJ4gOS44pflsvy9eAiILmOZ5P0lWHQmPJ81w4RkPavS7ajeqoMQCjqkEcc3MIpX8O7wMD6sEQa6fRQVA4n0hofmWGkJ1G9Heshc5gviGuI9JHL0lScq0t/bdAsHcNCzA6a/xSxzU47au5DDflGKlkJ85t4mnHPAsEdKS50F+F8gxkwA9CJ6+Qz727/NrgFjzrRQdSxdsrWKHGAcNKIcqtZlLnJ0XgojYN7iFWTsnAkkQcp/h1374RG5S+nVOloDGeikcFTqwDYxPhqY7keGSx5oleK3HEsjWJEMmZEmSLqU3M6gWOLUS6nx1tBP4iOgh3Vs3cLgX2wTXL3QZlUwBYQ1TYxz9OOoMqZIj1pVEeju5tuIQxNEVXbmzZCbaF5uTeeJ5rhuIqRT80iCTNanqpKRoidSLmJwiK1kOuW0Nvgb0o86uSHRP8+PhchW/k0344CP51LMDTRYmUqayx7EuR9eCcLJV7JtnN/MvafDBsmQXkVQRz2LJse2cdrt6SdkoAAAAAAAAAAAAAAAAAAAAAACeBs72+ynHdKdpLq+kl9j4rBFy+ZZdP6C0t80PyqkxdM8m4xYRpCFdasKFaPHd5C/ZhxqV9AC+W4WwW5GEalKxsldpcpOuJbxspOpNaqabpLFU14iIuUEquU9C/iH29/vtTfoSv9Y0Ha41Yarv54d1x6yRUKvqTaqhTKhuLFWxQcuO7A9q+HXxhn9faZ+H4oFZiGLqQGxftvxIodemcPAOlwdP1eXFhEO8HqQGmeEL10xJyfQ9DyAA4BDaxFkEvRel0pF7V1/VO2qR1WMiT6dYcj/xGAfSL8rkcmUKiVEQ68wqoqqtCpd1uTAqbONGF0+FVkWX9WUiitKNojtKshjneb/Pe1RRnOji25oJ2p9ypLMlqo1HJy6TvFlzOiZo6Fda1YI9KR6ui5FqO6riRAQ5oqSLVSbSNm39qHtycLun+4RrIVXNs+h8281zb0t7wr1A0GcBAAAAAAAAAAAAAAAAAAAAcA04m86nlPbzXlLbFF+BVF1BqHkxWICPTRHQ9B81TUz5Ioq4gDdsKkInSnCVyayaD09hI54R9lWoIeCa6sUtRngRbOQaUW10IWmP9GvYvtQ86dPJd+J5kB85TfM0J03+ovltkj6noHIB3wAAEABJREFU+puozYn4HmgDTIZTxThcH8zC1Sq90cwgEjq3R1u86u9v+C8kIzG0dCB+Li2dNazraydcPfAa++q34NqaVX8eXNYfVMXJYuC6SHNy54LEXQNsmOJS9NEMT+pgs/u4iHuKqAjSIg6eVrqdQxaGGN0J4fJQ94HIoSpIKHSTzR9cp/GoKVGqbod8zJjueeQ24YcrTXjsWOMPNCQ6Z4KJkzivzrkYL6X+Ci3goLwirIg0xmE0BYMJ3ETh1aE3DESHg8eSXueJdyv3pkb3eGPwKRg8t459pf+IIGcYIrknj2x9cnE0q55DbyPiKym+qtmJS1iSZDRTvQ9f2nLdXlNwX5Za7PEKAwAAAAAAAAAAAAAAAAAAAADgiXKe5j3Pk9ichFBTw1hikOBCD4U2JQsmPYnqa+J6iqoXEVUBmSzAHAfsILkfRi4g1lQ4Wipb1FmlHhZRrgoBT9ATWsKdKmUQkjutsKeGkLw1ZnMgkU2eqXyVY6L7kk9HLsth1/wkmneiPBcNMcdgc3x24CJEiRSsMcGD5kk9W1KtLtT4OFf5Dhe7FLki9SYl3MlVSEoqTZC2pyZnWMRV3bsh3J/coPoZbEa03UXlMOZ8BOp1NGYgw83UxJmT1diER6H20ap9MvGkj5sCydpaR/oq4W+/4epX963w+DzZFJQ0QNxb26gRiwimVHBlfVHXyGiSm2ZQQ5Imyow4QjgmlaGDj3TF/CZPI3Q4QDZFzeWk5NaZ9mW15kUhK3bVcbIeB/PyiHEYx2EY6q5lsp+l3MRnP/nBPcyRTcHLteVgs3bDJoq2f6XkM5a37rsol9Xlta/NY7Y2nbJ4fFvf6lh6ajobAAAAAAAAAAAAAAAAAAAAgG8j5/M0V4sRC8uaOKB32Ggv/1PnZOImHfXX2uSENaWDqUn09+zxX/U4KUHPclHxPWkvw5v6wT/RgVWFixtqRSJycbOO+qY99Y2RF+6LPISS2JDMPM+lPUVwo2UNGocWewB1OInB4rN9nHoZO6X67JoNpEZX1V6lu8Qegdq/XG1ixHmFO2OCi+K8DyUKy1sf+T5y9VDVKjG7JkT7uhzMyUPaTD61tmsg+45o6XHgs4pMiLJQzNxnOPw+7j/omc0QeX260WZ5Uief4gJEcfCS3Mdh7dFztIE+u0OXT+rq04AevKMOCnw4HDar9FURZ5VFWvLhTMXqpJxRGQlr3/l2VOZCNDFFLA4eCmuCprrq3HMnhIVkTL80NdN6ibZ7F9c/9L48oNb1IIKPENZ+SHVlqXAutB2/cyepm2n5nbq9/YEg2u41F6Pplms9r+mpfOc82t0P0jMAAAAAAAAAAAAAAAAAAAAAgIfFfp6o+AfUcLb+Sxr6rZ4Xqxjz4p14uUrTV7Tbuyv1J3UBzsUL8F4eL0s2hYJ/oIV649CegFSH4pqGroJgvho56J9jziVPR9JgKu8lq85c7ogSdOZhCC4rKZKTKP4kZgpgQpR8RWqaEquairjAg9x9MNSemDz+TQvlgreuPGmnofHhcJFB6J/TLDOW9idXEwGkrpO7WHTrQmvO1QQFvByy6iHTTGiCqZlSq6E9htm6dA+S7LzNt8OIsmpayOwuyvWL6RAWz3IVNvOoqHhIj+PxYpcjqW3n1DV7zDNNrnChCa3u9tMyHE1EJfO+K5q6PtEGNkVONwXruNXBTV1CpW5hPxyuWM5qHPlQ6uSeNz4WmsgqRE55qU75N/NUFmn/2NV7qfRMbCsi0jiOcYgyUVSMEkzcJhqzsOpG+b5sdKUNM3tGmBAOvFTCIxea1Efrj+teSWHh1BKKJ5O0vrarm4+snknqxhN1/4rFpymqqC6qjZDLmGLTmrh0TPJ8yVKWjTOX1GXHid5IHThrhrXC/tUNlmUml2UhDk9LJaEwFO+oyDYypAPGIazcTQ4cU8rmHMJjGhQAAAAAAAAAAAAAAAAAAAAAwAVwk5UsQtg1uY7E+YewEIuYkqCFfiX6Wy1A5LLZQ8MtsJ8DxClYLpocxJQwKc1WXokRp2JB4iHNKMHNUn3kEhcuwc7ahlWuBpIAqd4rZiMm10hNlVCCn8XUpGhMKB/spylJop9UpAGpiExiVGsSKgl2hqj5Oih2yV1CKlk+Yn3wElg1JwsqcdnkSWNW4fWSX8hC6vrOfwslV8GNVDabciN2d/cKHjIhAdcELVaqFsGrNCweu02escTKKcHkMhYSs7fBbXVtRnKbSsIbTZa6RCUyyWPeqXO/CVEFE/aMkjco6ncaNU5cdScaRS55hayhluyHmfse0M6NWi+xFiTxeTqMfS+extL/rE72VzLHAzVF2hqIOelgpJJVh0x2xfZcJrUY3SBjJfjw0DvVX8EUFeSPSqugO7t8hA6acsHBsDzTV/eYoIXM4FiGoCbdss+Wg0rW+jylNInzhc3g3ufFJk+MQTPrFClC+VWGRgUMxSmleKVIyis10RAbFfKZXgpJ5lHkxKX9zKrPHl0X9hYsx+RBhwq0ysL5QxV4shtSyRmmig6S+RqWs4Vtt69GUa2QfMu82g+sTp/l3fmFERDVbFvsYjFXWvUTUf9I9BnLTKW3qi6sU17J2HJcq8IAAAAAAAAAAAAAAAAAAAAAAI8b8sCwBg1Ny+CxR40GqsSkplogVQ+YlsDCfhbiFC2IWzNI/Fi/ZTUSKP8lSTnirieBmxLCbw4elCwFRTMaCQdxTStZXqdXjYxE7TU6zSJfqFIUSakzz3MSm5NUA8xiaSL2JiI6ydHrIQ76Ij25w4n3lP0bF/oL6YbyPKm2Z3V9WIoIao4YfxYXnbTfZTSS3xAXUooWmm9ZVjj0LhBri4B6tLLLCKuQMangxsa17+aqGfHQ8OJruafkJ1qaMTD1qYNsMnSuDKYriasIO61j+kXzkdZKEWpRatesLKRBC2rZ6WDyHF6dlrqT1GtxKlwfKVbBVDAhlJny5EvGQ6OUpkFZdn0IBzlcvkXYwHUzk0tSpsI0J8+ts3Vn1HmQF+owkKoaSBUnvvtIdp5JMogF3W9cMlE2Dd2qZHYnk4xxuAYc+p1c/UbbWH3F1U052OSjmh9Mz68KN0HHZRUxh6upb9YlHYhVmjKJOo2S/yGhxXNxLyAj9gxeAAAAAAAAAAAAAAAAAAAAAIAnz+Hb9eQSBZUhdBYRph3QiGYTPniI02w8xP3C8+mItUm5pNkJND0Ke4qGFhutqoxV5LGPltaWcmhJevRssopCtUXJhyVJh5A6KUaUkHWIpjkRzww/JjoMvlaDjeTdkErks9bWaTwu6e+WUIVXuVTuA+IrRss7v4DOs2CpkzksqVogWM+bvsQuVjeDpGYRvahlXTcdGDXUOrfkLF3V65Ny8dKQ4qFFnze0KSsNTvHeca8XVwipx4ymddE5N67uOQZvClu+LfRzQvtBzIfyUt2f7c/vTvtzLuZCx0fXc2GZjYdJm3Ta8JzLkbVJwZ2a0ny42cn+5O5I4Xpxr4qT3BWJRWSzWiB2zULXZftj2lh14cIldfVeWvqvsDWiHnhhVW3YRIidDGupOAmbZwAAAAAAAAAAAAAAAAAAAAAATwa6QkC8c+noTh64UngAOXkWFLbYIM2myGC1OVHXE/fnIO6roz4Mre/t87HIo90VVBZTbktNZSICEfVLyBXKRxWdzKxZUfKvwbwSYhyEMKuzSowenu1rtBBtMIlJMD2N5fORND3ctemwp7veu/fodtLULV5W8CizOp4cjb+asKNmz1DWHhztMfmg8TVQ7FempkASuY3+Tj48rqe5VEDjxjpVuiQVbdX++OGjziPsM06Ts5TsPiXdT9IEJnmcLK3NhujksDQbv/6yZySSzld9Es8oJMcsBkVzKEt1mvb7ed6zK5kW08Qh10+pOxGb7CQtPTzMW6nJSqrzBzUhXHPbuWYw8xUbVZ/a/ZQ0OxhVfD+gwyrosqLDA4g8VrqqfivSkeDlflF1hb6Tc+jWZMu5EwAAAAAAAAAAAAAAAAAAAAAA15vOZcRPdRFQC2LWM6o/aIFCTWihfieizAhTF/1dZa6RLDmhSlcW8X5uAUvuPFdCzSOhuTTYsrpUD5VcVzE7yP+lOYiDQp8wJbbQsxqeaEKdPkQbluYlZu5hYhqLwoprS3ULWAp0DunlHXThlf3T96FwqnIfdt1JWIXKzXhGu1jbyQfRdK75fbrYLR1qTkwX0YL4TXOjpjJVf2MlHBEGrQxDDs11FnNrcePj52BQln1EMtVkIIrNCUfpZZKTg3ZiFZ3EZbGrhCa0pXK4drqHe+fqA+dTztLCyERKUyjStPyTIrWlEhZd4yoUnUmR4jisshdROV0mqO5FRRUk2bhCt2JUNRWeflxuV/UZPocj+eKnXrHht93zEsubZLraXbUxfPH13DJU6Yn17l8HtNuan4VVAgAAAAAAAAAAAAAAAAAAAMAzBB8c6Kf2onmouXXYX6Q3ixGub+OL9ENUCMlDjZEleCy/JXeGixyGwRUtbHH5RUjRIvRFC9J/q8fJoqpN9+GWG/atBvdzW2ZVhEhaHA1CB8vaUwQmcSgmJ/KhtEHSdARJrbMR0bTAaNJn0XQqKj1ZyUK2OlIfdBF75atbGKxuswgtHY3tuymLpSjyeuPGDd5joapwlhlPmtYm1MxJzL1QQOsijx1veSJwrjq2hpFnULqGceMjIfXlCATuLGSiaCUGlZfEMOq1Y9hwAuq9g6rVz5FankouUG8cn61q1lO6Y5a5M6eUf/bEKWqnrqcUufKnyHzKOojidCJ+J2yCNr3FPU6sYbKj1LVddoa2iFtbnjS9vEsPUkoXX1+fUTIFyWIWNye/hMLC7yQEtWbilg2NQ13arUzZQ8NFA8f2b3eOSr8WpY/9DeiTf3HX0WXkROrXF8/iT5UPhjjIJaYTrHmB6vCVbfrpXzAAAAAAAAAAAAAAAAAAAAAAPGNwMH8M7gwtZlV01JAfudFHSObvIRoCSbsi8ULNouNKlZLgpvzW8sWTQAP27D4Fnc5ElBnuVyAqEe4S05h2xNppkX8Vl+Tzsyd+YfdWkej1nKouJGj1mkInB6gFFaCYXqKzP7AnIyus4S2ph8ElHp2BwnG/j3uLavfB5hr/jT5W0oF8REnid1nYfXmBK4mKaKKT8vS3V61R7T6PIntinap/kTvJmmU9wT5APb2a5zrE969M31a2WWk9I0l2irhKMuyU7qRxGMawmcTEQ/4ujFhNlKfXveHy8P+By4udVcscyaojorR54mmffwexJ2o7T6jdI0s1xiJlEh2Zp9dRsRgH36Ka7mHpq6MbTmfI1PU7P+5BoA07KWlIb/txNXHF4hYTmFCgZh7V2zcxb28c1JWWuE1QvTdqKpxQe9r8ZrRD6xCvBtq3fKrDsZDDiNZv88aw+ONwmNHt6V0vAAAAAAAAAAAAAAAAAAAAADw7VAcCEROYBYUGYt0KIHRJU9TSopxKHrKtYeNqfOEahZDyL2qij1RDq+qVQqs0K9VlQ2Oj/SfzQi64+k8AABAASURBVMj/SxLed6eNIkOZRQ9RTFZEYJFbogcql0msuU/K/yT6KQFqNTgRtAEXGJxUN5eqw9CQ7KxSGjLZjWtpSmy1c8vYDozSVV1OlnIH+djFgmvEvEt/Uy0IXIJj53m78ANjD65B6mpqwt0kSU1qIyIg8ngwtfh0X/6xZ3rs4f0HYakH0LxFZRoOxGPIv+OQUhzGsczPsmpoPHbzxUU/zVxNGbGGLLuNzCZO+zTt5+l8nqZUFnK9qLu+iK5IvDwGkZPkpTuUZUzUm/mUwibVnJXL9R5W4YWL07TezqlIV+VTlm3H5Bqh2S5ZojB76BA6nxMOC8VJv/YXyptl+audkS5uSX87L27ZFB4dGrr0QsRWqe6z1SupN6gBAAAAAAAAAAAAAAAAAAAAADw5NIbHLX9KMxphC2V6+I/M6cRNPkoUNy1LUvOPxGFW9YlYQSRNJcL26r25FtBgpbrupAtuUhXDqKEHk39kzwbh8cyZXWsiWTnKb5GDJM2A4wYtJa+GSiPE5yQGl5yY6CT/O1RZiad/CW6sYgl9qvTEXQCCiC6oyU2sI6p6JyxiuX2MlLpLrkTcPHsY/+Wjco5L5A3chto8C3QErRMkl0kKZvES6gzhIEkyqK8m8bo6oipGoaY6eTrY6Hku+qWxJNMJOwojxd3udDdrbqldzF00XkFN8lTJbu6BexrYskrJFEz7VOQm59N0nlcxsW8UrWCy2VNcdZphUf5YZiFbii/bhMzmpMjmyLYe6r2MJNsXd1Ky68W2McwR+ivbUqSwnmBm8cIXFrWelFwLu2pL2NyPNnVu3Sj0lXWOTMth6uR76mBjexMzjE4AAAAAAAAAAAAAAAAAAACuGzlO//Of//IXv/zi7t2z8/1U3zoGl5Ljnie78caN05defO7ll15QHcNTgbz6bqqC0LlnJJWPqGLDpRtclBvtXvO7aFHMHN9NGjvUTBkad3T7ANFmlH8HL7SLJ5vKgyxHSa1CqyHTa3gUmdX1RKPKSZH0OrPYnYjoZK6hykFMTSjVl/1NbdIST+QBrMIC6iOlrKtA0gax5Qxic/pgcmEFmd9HaKlu+mBrOqJaeHC4O2D/p1kb8GVuK4uyVrl1gklqJJNOtas5iCJT1dms23TYVu+iVQEXNCk8aWpwvJ0qcpMkChraBT6JcRfyQTxhGkMxOuG4G05unIyXFGx5Tp6dsHmXOeie8OtFNDZP+/35Oc8TBT4wuzDFCZnGSRZyXtvFoch8TGQfKP1adqFZxG8qVHFMXmdShtQ0Dcw1gc9To4USLhGmmJcU0b0INNhlZUF6o2yVQjQHJF31B/VSzWoU0uE2uF1R0L8yna6k5Vs71AOx5zaz3Q2qEwAAAAAAAAAAAAAAAAAAgGvDfpp+9rO/+l9/+fPr+cr39SeHOO+eneefX/zyiz/77//z9ddefuvN18ZxCNeeteJEonjqPVCFIS2cTJ66JXl6leaHUaQJqahNwiTKh+oIorFKjRR7HhZaaA16kwyyZDeeqKHamqjdSJF9JG9uU5ykNNXDPseLJ82JpfZgWhPXnYRgKWGatYvqHCg03xd21YX7qUgeIW+T5OvhlkKiC4M+lpXUB12pWa003Yn9ZkpXWNrqI+E9X86olIf1nHVSn4/De27drINTtHEUriJSeMIbEh0cVx3WEHhHYRfCaQi7lIY5xOFkJJqfe/nlj37w+Ri+ReiSvG8FgG4gc5onTawzp0RmcRRqyS0/i/2rspNhGHedP1KwZZvM90h0PWJsFMnv7fcmO3BjDTUpCk+Wbu8z6MI2bfzZbmI+qqKTrpeW1/NheTVRWquY+sMLqF3pha2qWWtFVLdYW8U2UlS9rcI6NQ9flDAMAAAAAAAAAAAAAAAAAAAAPAF+8csv/tv//8+rr4kF4PAK8b3isbQc5vzZ//7rv/yrv/nk4/deeP5OuN6oqIK7hAwH6XLkiCxrTtRX0Gu6GTEzKdYm5UDivFqmGoCwvvBe7vIkND61eusIjyLXvCuhyk0o1PCnepwkz2tjvU1BXFU8t46m1GFJftL5mgQ/smQcbkUT49AZq4gExRaCGiEktgetcerUnFBUgWJaHQtn09Xe8K/9+1CWWW9SIg2J9eQVDQ5qCamL6qqpS41B13A/Vw+k6LYlvdLmaIX5i3jYMbwooLanS7B05Jb+44N2o4+alJMW5dkj2dT0dkUKA+V5XebPyGGX8pQaYzwZX3nvvc9+6zc++ezTDdEJ3feuepX5dIXCOflTcOdQQxwsN9TWAfd6jtoc3mqTTZ5gnheh/iHRTCg+q7QffNXxLAs/V5P3kCnJD+kydrFJTboS2JeZzEWSNDsUWVNmlQ9aRd4HJnE6UYGaPEqUjaDsFHORopR9o1w4b3XThQoPt1sJDw41Mc2yRN1oQnX6qL1XMwRpM6pixq8i3bmoU0iRKe+itT6oXi94H0tdNtZB5XVVm0O+KOLh83ZjQbVQVTG2Bwz2J8brdk2ffBllGphLDZnezcSJ+oxRH0g/VQ1k8DRvDNUJAAAAAAAAAAAAAAAAAADANeBn/+uv/8df/Kw/83Ciad9CWr+V4F0ObP6XP/6z9999843XXwnXmDnU1/1LIJ1q7M+sTDS6nJ8mJMtyU8K7qXmZ5G/U6kNcRlg9UIrDSLmihBWjW2RUXc7sdhFV7aHSFA98yndE3bvyJjoJyTLqiMokiANJSuZGotelGjGWyLCamwwSci2KGfE50ZilptZxzxUOmq4hqHWLOblYvJTkuTSeumq01kTue1K/2F5EvdzG4umraH6Lz1YdSb2gBXObnYpdFd2aRQbIo7JdbYu7QljYDWiU2ruRPajdQsiLIHy0z6VLYwhNo7J6vJWbQTjsE5I6iLu7AvUCGj+Tah1qgqBfpmbnEK4oO6FjMWqP0zN3HVaD3FxvHaRzB3m6YRxPAg/DyS6MJ8Pp7sYLt15857VPf/s33//OR+PpbtzcSe9re73as13pMm6zsz5oHd4LDkJYNmPRkXVIlr+DTjkXMDC1WakbRBDNFskQT/M8pXk/z/t8rHIH6evkF8dgRkJkS0KEJlR0T6xCMlbPIhaFXFLFCas8hckT8lhjUt2TQqj5YkzRcLGQgdpDP4S/lF2HtNJYxUHcXFfqqqiGJQsfFB0ANySKvrXVfFhVdKJdxNyPvuQ0C3Xj1L8IsU4ROsh5VqsN2nV5dHyJ+qapXlmyY/ummJjrOmXvPdIcZ6pI5Kh7nHidRCvPO6ZeMasCRvqBkQIQAAAAAAAAAAAAAAAAAADgSfPXP/+lKk4k2s9wN3lItPDvf//zn43j+MrLL4TriqkKTPXBNX5vsVg7TexXqSzBzlucM6liI1F9L3+oRgYtw0vwm8IifE3d6U5zot4qQdwTkn8X1E0llcijuJqIuUmQaLalvrFKo73obx4n1erEopX2Or1c2oWYTW1Sg6f1LFtTtMeqY8uB2GFTW3ERdOkXffMOvu/j1P012jDq76yxW0WHhy0EnNg9D2rxamBTw/uhr3sgd3sg3zy41e1h5b55dHCgbSZealNU/9KRNG6+SMDktgeLci/rda5ihYNvXChBPvM1LG9BdQnal+fUWS3WOHlFpDBwGFIRZO0ppFfeef2tzz5+79e++9r778ST8e5+fz3T6zzIFs9XvM5XVhNw9KuMbBy4SSdKYp153u8nya2T13W0UUm1QF9yTZMmarJBfiKbgiGKDk1S9WR8S+iFHTbFVY4hmXf44Lme+J/BbguqWpPFt1V6cshS5VMYcheJKsfUZbJuV5qVbuukWkRVrR3rEF8uKXQCwSD6xKAqPVpo80JfS7k2cpN22VyoCdCax4u1ouuB0Fm/AAAAAAAAAAAAAAAAAAAAgCfHN3fP/uRP/1yP7ZVl8HCRYHnu5Nu3b944PQnXkrm+gU6kCR08QKt6lGr7UagqDPuXzCqgZLPQWC/Zy+uhhYmtcI2BhhAujZZW2JUnJcZfUmawxpHnULL5lEB10lwQYn+grdK3/D2rjgYw5bX5Ur5+FA1BOdn8HNSypQhYZv2YXHQyd2mnjjSztf9J0YVf3VegSUCa3qdPG6P5kqzf5H/5SbXftNPd9+RAIVRGJYY+gr+AmK/eE0yHY374cB4pP6jq4OACjl/TOqg0qKl3SvYcayAVow2OoWRlKo4bNJSPvBviMO5u37rx/J3P/9ZvvfXJhy+//eYU5rOv7+7Pz66n6OSJsFCcuDypnswLeZrn81kUJ5xsBVLL8RPMx6hoUMoKTvKFaE5GceCIwZQjXJcyN7WafKESqjRLcdxpldaTmK4urnns3Ku3CpUuGkR0Miw0ZY8KrnYn1WNm8eXmPXKHSAmbm8vmlUl0f/anqCVBAwAAAAAAAAAAAAAAAAAAAE+Mv/g//3f5BwYnjw7v19zVn3z0briWaMjP0jPkSB6ZwYhZX9gL6xawVG+A4HkxPAcPz/JlalHNRMUWYsGlAdOFJCJYADmV1+g1i06akupCighmEqMTrr4FLcVNU5zoG/6eU0Mz68R6id5XH87S9MhDSdGmtMmPJjoWiVk/DdChKUj7HDy9hY9Tic6bu0voxpcvjOb2+T2qFUN4jPF6s74JjwBPs8JqtuNZPbi4u0SRoUTOhzTSbqST8dYLL77x8YcffP+zD7//a/HGKcc43z3jPYdzhujEN4r12V7BlkTttJ+n/TwXxUmeVXExvr5QXcCQguZYkqRZwyDprtT2wnw16mT2rczmq3oi8cEkXXuGLAQx14KLxXqhLUXfy0x754YlNSPP8uQxs5MHaKhm9wrFCuigtOOaMfvjUgZI/m5o2zqfl94KRY2VtDfS9dUHAQAAAAAAAAAAAAAAAAAAfAvYT9Pf/OJXQV9HDuARYV3787/55QfvvzUOQ7h+2Fv/1OfTKchb5cwuLgmdymQuiXSKGoMtGOxRXk1RErQ8+X3h5Oq/690mXCphZWpL1NQkcZGeiEakJc6gmu4m1CQ6ZnMylIQbLerqohNrG4uLiahMhFw8mdyksYyax217j2tKdZfhutKXMXf1dKmiE5McqUNBdas5GMPN539c4rVlkx56lSzqJY5yGGU+x5IuqpzJk2mkUE7yGIddvPni8x//xg8++Y0fvP+9z844nU/7s7vf5H944jgTRCehmBI55qLDKfh+QWaMMZdFPe+L2Umayi22XsXtZCWbqol1IsVh8IXtsyCJ+dG0z6Ulz61T9gBRqZgapUku7MCKtQZfu7wtaxHZKtPVsrnesSZS0WRiuo+lqs9bV7Chwrm3DmBT6nCqCjSyrds6edGjRP2ObWeqo1R9kFm2pe7xD9RA/CTdpQAAAAAAAAAAAAAAAAAAAMDPf/7L0MWkwaMmd/jrr70crh85HiuKBDkuaoOWTEcy70iQWBwDZotdJjMF8fhfMm1CLFYQ0SKB9eX8qvO4YLJtZFhxk4Ipx5FTiSXP8kuDpyvTkRIoFhsTNaawlDoxjnGQsKs0LsamwKi+AFHbTva8AAAQAElEQVQTyYQali1Je0L3ln01S3jYaIQ1XuHK4QorNB1cE83aoGl33C0ghCboab415EIT/Z7FtyZcJhvyvonqQ6ElPCp8KB8BPg55RhS9Cc8ks1pyRTEPIYwlsw6L2Ukc0kCnd26+8Oar7373O5//9m899/qrZzydzfPZ+f7sq2/ylOXzeeBnUHTCR45DXSwH1zdl2OouEXxxSelVsmWVxc1pygcuMiEtj1UEFHx/EoOTwjjQMFAUcZDljRK92Fyybsl2URQQRW9StoNoMja3a5IvyypIvDJieQJ/Dusaq3uq7j90cBktE9Zw51C0+EjsejEro0pwVFDSHTOtHUcOCr/MZMV61VPfsG1u3P2Ew21Uxo6GkveH8nBpUWJNRYeNaXOpziF9hGukDgIAAAAAAAAAAAAAAAAAAPjW8fO/KTYneFH4sZE7/HqKTtiz6UhsMSR/WX0WMxEJVaruJKjcxBxQxGnERQaSUIFKRF4+RFpmdVCOHfctKVFEkqgll5YkUZxM8u88lbB0SjXzhr5NL/HkUrnaGQQJMsdqd9JpX0iVHi0HhabjkGQ6KqZZ236ERdoKJd3XojkSGvWA99Yb+zVIf3gv81oOso7oV1lJZ26wyCvSd0JXisuPmC+U2lixvDahqKKVcOyplo8QwoapxGEao/5Jow3lQww2LwLXNp3tMIfFi8dJLIl1xhBHHoZEdPL8jXe//92Pvv/52x99+Nwrr5yF9M0335zt90lUWjmMHsdIKTxzopN+ODf6v5+U7njRlA/kzkn6fSLbUuai8yreJOclvQ6nIuwJJiTrZFI+JFR0JDTEOI69bVGoucCSKU68AaZBqzOdLZNW2V48gZLdT+GJSTD7ZDdVxhEWiXWaKUjwZaOPedho/RxrVh1f7b3ipBVrCfaavI5N9HNVpLmpkyeaVJF70cnB81Z5YD6YpZT+MfuH7auivqn31kwAAAAAAAAAAAAAAAAAAADwkPn6m2/kX8RsHhPe4dcOC8VqsFBUGfLCOqu4JInjhagTysnZJRrssgayZAnRzQTkTKTVK+hEm8HELtIqeg4mrsltppSmaZJ8N5zMuiCZJYspZCRqGaM0YTCNCbV/zS6hpnLwwK5m9DB3k8Bu3KIyFA4XKhrMgOBe1k068IDgxT+L2GlL99F9u2rP6mM0w4JFJyc3N1k4nVTBil5TNQBNxsHq/FIbUzttMYKzKEpao5vKILRnuR9dyIbiJLTu49qqcO9sN4dWohPLLUSqOBm5KE6G/DMlKhYbu+GlN19/8Z3Xv///+t13Pnr/5Natr8/Ozvb7/Zyn6pw7XaQVxVYnHz29opMtDdP9/qVw3YPqCrjqIZq10FTSEk3TeV6JdQ+hllhHzYqoZL5i3WhGSaxTlEBF35Z8XosJk7iczHqSQmjqs5jX/NzcO5K2hDk8OaVJx6bIa+FHsmwjbWX56tUkw1DET7zMTeMHq7LK/zyvkO0UndjlKIfSL+te20NM5ca8yqNWJYH2mbnb9ciyJoWUNmrUi33rKYN4DcYOAAAAAAAAAAAAAAAAAADgW4saWlioCTxKNMinCQSuIRqXtHQTRIldhKEBYAlEiutJmIMk1kketdS4ZBxNbiKWIz6ZaOOor9RyI3iQU2OIcjpRUR7MaS6B/HlSUYjfQp66p5ipSKKNoahdov4yX5P+wKKewW086k8qupMiapFySxXEh2/4b8d26XLRyequxIvSmkeMegyQh3rt5lWUdt2D87pwjmEhbNFwr2bo6E1L+FBuEqrBA7VW8SJfh0f/+72CWkWtyfewk2x27MXXq/hAW1WNL+6V1Ya3WpMl20s5SfLMY0hx4LGYneRJvhvGOzdffOu1z/7Wb731nQ/f+OCd2y88//U3d+/uz/f7tN9P6owiAfEobj3PntNJ4d6URCY4kXW7tAuSosoaLD9zcTqZ5dqkq0K1CG5nVLaZ6nhiMhFZ4+4IwnpsebhEdGIuGiL/KXcll5VxvyJcOMH+6RGzOen7BX5Pq2KThS1Kt3tcWZ9x7w2gOjitNy+2I2JLltVkgFdupOra7O/AEK+SoQwAAAAAAAAAAAAAAAAAAAA8SqA4efRc8y42MYeE/1hkJcmCs5YOQ81OkksQlroMU4tIZhs6YmdyEWTxaPFQ4WJ1MPO8L7YR+b9JY8TJ/BGKtiR4sLIk0YnlbX6LLJcotXoaRG2LN89kBv4Kvmk+VEyT3OCkOJ5Q8Cj2ld7zv7xjD89oG6psgsMQLl+Dh+UcNow9fMtdXSk00xL710L5fVmhWn1YsW7D0he1amT3VS2k+9aqCldh3ZyFOME+uiUCcXjgkPxlzWCbxyWrTp5RHGKi4q1x8tytNz768NPf/uGH3/vsxbde/+LrL7/6q78+u3t3nktHz9M8xNHsObyTnyHRSVvarf+vMBS8cUQqVcorvax5UZxM+T/JjJOsVFNh9fqJanij58SBRxpBmpBLF7dIWILLozS7ll4WzMSneftUPUt4ElQxV3/m2MVX3IkOL+ulfxeMlys/FmeaK8zlDUhVthMpsY0fXfxMqjvRMeFL9wzfyuqU0P0OkhMAAAAAAAAAAAAAAAAAAAAArgPJAn9BE9gU3UkJB6vopGgy1OmkCjLIUtWEoxHbmgHhSrWz5rspVc98Nk/n+/MciE4mDilSA0uZo+YFQYxNaJDsGnqGLL1MsWeJZocg7eiVJiWqzcmi02KLIBeKwwc9ZP0VHwRc2RUtyRUnMdS4+WV10yWVcZelSNFaajNMthPMjaCal7CqeMgDvtz914rXArwI7sc2Lq66sL29oKc1mNbP0t+sU6yk0YjU8gQ9tJFahKypCZWoKE6SzK7dbrx54/YrL7/12Sff+7//9mvvvnv7hedTDOfT/vzsLJWcTyH/LvYmuTSOVRSR+/iZdDq5P3ofCyZTmskXaZ73e+5yqbhOpB/mKPtAEZMNcRjG3TCW3DFBkxnJahILJvulyWjK5SXxVtSPq9X4ZJQmfQOuoshzlY2q6YIJrwqXOKYsEti0c9saEC9xqSjiq3iuUFfA+gvdZRJfsatjtAcMW0+nhcTQS2NILbYAAAAAAAAAAAAAAAAAAAAAAE8Wc/tIqk9QvwFVgZSz4uNQFCH2KrqZjZTEBqZS0M/i2RGuFkttuRT8Y8mIkesqyTV4vy9GJ4ns5XxpXik9R5mHcYymkTDRiRwP1FFil5E09GwPaF4HKjkpFdXX+FOJbyeizsmD+bCdx9p/8UPav/6cbE4k7O4wV7IwuVJ1tC6Ll24hvPq6anL8sbnTmSz9Trx8dYyJIbSy7tNkoLXNU6Osvj+4Yx09j5IEKjxMqLVIk3bMpcq4G2++8Nxz77zxwW/++nu/9tmbH7z/zddnX/zqy2me9sWeg0V0korUySQQ2j9RJVfPgOjkcGwOjXLqyaoXSht2OctPpGKjstsUpxMxG1Lhl/Ujez4eCjWxkxgqDVExAUvoPIxkifftKUNIrPNdV5/4ZciGQGUz6EQaoZl90KaM4iFQZVMm/tKeoLammFPtyqKYyzPL5HC0UIEtU9LwSnJWdkbZJ8tEjC7jcJ0PHxbC1HkwWYF2aZP/HFqzqAMVW0akelsSGZ26KqWw3r+o/xHFkIoK1ZFK/rxYG1SHlMwxhdTaxJ7BjWzi8HC1ggAAAAAAAAAAAAAAAAAAAACAeydpyFHTzeSPFIp5g6s9VHRS4ooSwVXzAF5kuwjFiaClxCgU6wHJTXIIez6dmnxBIs/lf3PgsxzNLykyOAykLiv5giGHUYedmJqIxwlT9yp/O/DyLXqqwVzLDVQimMWxpdSSf3l4tBhoqNdJ0qDmfcab1/dUfQmL+YWeW7oCRJFw9BHTFj6lkLqSt6wC+IJT7KHzbjiouyh23iWpXuFf11h45LWWIGgc2GPcvKx7e7DrUR8X13Q9ZXApXdLf1Du0XGhzcqiGOPiW9Zm4dQdJNh1xYyC/Zww8zvmLcbzx4osvf/Tu+z/8tc//H7/DJ7tf/OpX035O50XYIN4/RdokbjtDeb5o1XKwaTTS0xoR7yVLgdo67qcl9X3sewJ3P6FO6dxTzb4kr99UtpgiDJum/dnZPJ3l/iS7KcqIRBuwlr6pDFoUzQkNWploRlRNwiaLkEWeVKmgibYkY9dgihNXM5BsOtEf0zw2Sh0ml5F8XffD5RlzNKmPX2apgqTS6sLkuxlZDhoRxcVOFlfFetQrTspjl01aFCdRNmVLRZb3T2718faSk78Apu9Q7YgrP8RRxFQhapeij6lWUd0eJZrFowuaXD6mtlWth/Wph1j1MZbWTZ472JJd6GzE92arwwEAAAAAAAAAAAAAAAAAAAAAj58kb9Hn8PnsoVwVaGgqGgkAEw8auwzl1fLQZWMpZwe1h/CwpvynGS2IuwC/RgzLZbNoPnLwMkoun73YnOTDief9frKgs8S3oxgfjONuHItthEoEWvhSNSfqKyHXayyUxCNAg5czp0nLT1MJQbM8qMcupZqliEKCmccip3rW1QVbFzRthb30TzUum6vLaEhXpDdRw8m9KKQL2DfVyDI3iCc2WrJUr5CmHbFvenmAJUXSSlMvFqEa1VV5EVdbE6puMVV0IjUcrz8s+6TqPFIw3wIWuQYvnqsdDHqdDTWbAULotEXxMNbcSWyO6lioKSNkIIq4KsahBM+LPcQwJ47jCcUxnowvv/3mB7/+gw9+7fMX336dd+M0z+fn05TnZzJlSVFAjINa/ehwWnez/uZnJr0OXSbp8bMUDqcmLyeKz8ribzRNZ9P+PKVZdw/aqMhvoTILitNR/omd8E0VTCIikYRZXN1q1BDF/E+S6xhCp77YfNBFKx8htFjy8o9J4WhpU7S6ONSLt0qNCxFGk7boQnfDktXjca262p8sqrD8XEfkHZoAzSo67LnlqVJ7bGOXutVa5UXdnapusj1I1UXyjRyI3CtCdAIAAAAAAAAAAAAAAAAAAADAkyZJvHZKc5EgRG5ooC9IdC9Gbq+pd4KT+ka+f7bsBx467UOQVWKgIeD8O5ZocDqfp1nsBzQ4rcqCGkoch93JyUl064GBohZj9gRmc6JmK6pUIPYAblGapGmaxT3Fg629OKYTm7RGhtqMerK/ouhywpbuY2FJom0wTxeycLrJEfpOM6OVlquGg3nGbCpOagvXlgqrpwjLFrcDIhO9WAaPYPoYt4cpqKhGBQRmffAgUfhOdRRcgpLuqUQ+pnLYrGXz/noV20CIlQvlEDiHnZyOokFiGsYbLz///q999tH3f+39z757+sKdr/ZnE8/nJZ3OLOKS4ElQQrNs6PUW3pRnWHRSzy84UEKYTqD38MmLUqZ0mvPCzD9pck1DXfX9xsEuMYjjOAz5v3EIIjPz8soIyIaiyhLbQ2IRqBR5CqsfjX6dVMx0fOY9wCy/V5jXUhI1EdFDc32hllnKXUBMGrLKf2O3mUKl7Yp9dVX61Z9efa5tWA7l9gK8cE7YI5CKxyxv0EK5EN8DKQAAEABJREFUYgq2EDb1M9xNBn8Ebn9vLMda/5cCAAAAAAAAAAAAAAAAAAAAAPBkmEq+maSZEUpIuOgPzBjAwntLFoFQF0v0ugaBm6ihe5WeA6vNySzuIzzneHFJeTPleLAGESNxbEHTHDUe8v80U4ZbXbjqYhGHrRFKMdGQULPUIoHtUkWuYTCZSn2J3m9sr96HLk3P6rEXnzb8HLrgqSlOPHLL7IodL9+yXHQh2BRaaJc9Xlvv5mVDamj40H2gXrn8SjsqHDq4JA7VqEBHjBYl1KB/YF4EuO8dFvOVMrzeLSaveShhY77gc1ODVHEUFaudQJHHNIkvzzDOIe5u3Xjh3dfe/b99/tlv/PDlN9+Mpydfz+cT835Ok0xYS+ck2ixJY+LaIepzSdnUf2ZEJ5XY+dtcMmo2Rw9EAWWHKUK33J/7adqzZN7RqaZTlpbFiytQcTkZhqI46dOyhHZJXt2z/CRPAmPo1qO6E1lJfJHoJNxnVp0rUtdtXMzPB9N0LYrx1URqseTrlvvcXg+jLq2Qtr1tQvC9kJuqzf9QEK1UaHqdPUD9WZ3Mx/NqR1OV0hAAAAAAAAAAAAAAAAAAAAAACMMQb9+6mWNIv/riqyNJA8AjRCK1kpeixG5nVSZwp0CowT417TA9CG/HZ+uL7n1sV60lZsnYU6QmgWchR0bzyTlYHLpkz4mWNEftVXbDWMwoSlKfUp26m2j4WAUnVqcIMVznkeuYSrFJE+vMKkAp6Xx6xUmXByf0UgteP8khfGHcls1TZWWPcmAXINfQVj6JWk7oLE+qyoS7xq91JRfCnXuKe7xYFUTHyqBeT8Ou9bmvZcpRTGLCPTWbr3DNQUGbjyHPL3IT0gD2INYmReU0DDsedye3br/1yUcf/fb33/nBp6d3bt/Nk/TsGxZdTnHkKG48ki4plEQ8ZvrTxcE7CZTJJ54J0UlzlwjLKXzRoLQtwy5lFyDkr/IGkMoGMO3neS9iAhdKLOUGtgPFgUMcxiiJdUZJFVNyGwXrbtlQcmHTftrvux1KRtpsTqbigMKe2OrhiJzuAe7EFdz8SIL+o95DrpyLNnuW+bQWpdk6pG4Lq5eWnFW6h4o2qu7GHFzDRqZN8Q2zmQ6l0DxUuC//PnrscDvtv9vUynE4FDh625dXWloeuRzpdQAAAAAAAAAAAAAAAAAAAECmOAikNI7jjdOTb+6e3dO9d27fDPdLjkZ+/c3d8K1nDhJPl/htKPE8kqwF0WPqVWlQLTqOhvmWX0RL0UMkCXxEaJLmfUnjw5Mkw4jFMqLURcQ1SBqLq8lAIjrJB2Zz0kLJyxolNtpyTWhKnXkSxUkqSoEyzilUS5bDoLNGYQ9kFDUOTAdPlrZsUC6VYfT+MGH5in+rVGUoJFWwBqnZ7AJoIYih5e3HGsBbrSRVnXBMFnGOvYmJdQWtapBALx2UeY9IjDh1Hb4eUt4q/z7jyr0yR441LcssM1rC6vlEHHY3Tu68cOvVl9/4+P0PfvD5qx+9e/Li7f1+/9U3d4u1SRxYBFkh6fwzxx33PDGhycp75pkRnZhDTpXU3NtYrBwrqryLcsdOeStgnkKR/dgc73RqojQoXT2wZDCi4ng0aD6VoKop1lw6JVGPGBrt83oPLf2KSTnynqMqimBuH49Po2CajpQWZ5u+q2lPkvoN5b3KfFB85rYteKPw9dru7mhGL6bOk1vqIqdmweQmKOoCky5Xrm0k3+mcVKQYoi6R2Uo9Yw9Niw2QvEdUKmRb+SKRGLFkNesnYe7YWBRJAAAAAAAAAAAAAAAAAAAA4FsCuU3FJufn+3EcT0525/spHHdRSLwOteW7wv1SnDZACFPipOloPCqc6jvkEj1UzcdS2HBRcNKCrf47h4xTSVCSA8PzVMLDcwrqeVKULvbGukQjo6hOciBxiKPWHrtUGX3hHk610HJJ2iERW8myURLqTJzUmCLVMKgGOlXWYbIDCfTSIssDtTQyWp3mE2maDP33wMiEmlFDtTDoL6jR4IUlRmhZiFqJvM6D07tMNKOJpf0BL4aEV/dadc1jgM38ILLpTroosKW9sRJTqKuOa7YMunLsPvd/dP8PbwZ7sNtNF4LrmdZtDkdC7htsTk1V60iVdapIVZwfPHIcQ55ot2/eeuOVdz775NPf+OELb7x+TvOXv/qyBLg5b1hM5fmjqqZUEGXVSci71c5NJxCeIdGJ0KQm9YHTBZd3Ool+9FhVICJt42l/vj8/I5l8TdHW6VNCNePJFwwluw6pzVHenIbRF2kpTTxTzvMvW+lljIpEpSzuIkOZZRE/GW2CqjEOrDpsimiesWACi5S6v21xuev1i73fPhYnSXQ1ts2UyWv96h5QWpFUlqxxtkenojv0Bq8q8sOmrgoHuLAmP03SReEJ1RJb3rA1sfyZCSomCZ52qxY+iz1VfXDtr6iyRHlM0rEu1T17SawAAAAAAAAAAAAAAAAAAADANuNuvH3rEleSHFN67s6tCy745puzs/Pz1ckc2fryy68PL75z51Yu8Kuvvlm/al4S+gy3bt0IQBDPkWRuDeYloAluouS4UamCBi7JX1bfjuG2ALN7P+RySxqNkuaGS84b8ZmQ8CpXfxMq8cfiehKpRJMHGjSZDrFba9Q8Eh70ZFd5JPVosQAnT6koW0puHdG0kMlZ/PV6DwCzv1rPq5QT3FxM+tfsPSOPPx6t38N3HUYXk+1FI/4YbgGw1Wl+XzoQXVWFzaK0g8KX94RDNLfHnDQMHENogpsqmGGLBItBgmtRRB6kAiTebMO6Im9M8sAzdee5F7G43ISPFnVleQu152ynNJ+O2Wbk6WYapJJsKdLJ7ZvPvf7KKx++//6vff+1d98ZT07u7s/CUGa+eL9E0ZaYQYYIoiipZmkZtQ9uKqGSlNo5z1A4vFeD2NG9yDjIloeMRVGcnJ+dzfNeshsdKckEWiWrzjju4hBlKxJFQ3LtBM9hLoIJdTHR9VhMUWQDMZuTYlMzL+uI4fHBwVyLuO1E1oDkQg4+XK9NomafNqQrwRRiIYSa+awT6enMN7kJr25VYxO5K1WfkkuehC9d/IutM/keeexqeyYOoZq+6E4XlvI6L9u1NlSlanlaDQEAAAAAAAAAAAAAAAAAAAB8u5A4YAr3i742fcicjpY5pzkdvuVOVw1kfxsQtQZr7gIKoYtZisfJtnPHBjoG+ma9WY+kYnCyFyXInCO/+Qx5SgczhFDriBI6jFHS6ARzKvC2qFFF11ptclEOJE0Sw+U1/VmsU5KoWxKrEQJZjqBQA5vMgbbFGW6BYQdVXVFdPbjVvu4Q8hQ/iy5SVxF264v1I4RaT/VC4O66VV+76OcofNlXfHgxtWh01XbUkK7qQDyjxfLOe1g9h/FuH4pkfio1kh3uTcdwYa0qBwpR5qRoFYplSeQ0D2MsOXPGk92dWy+/++bbv/b5259955W3387h67Nv7tIsapSibUgtI4sWJishseUmWkTFXZBVTzxbTifCVjaXS8eL64J1j5wiYZr3+3l/FnimIrxIrC5HGzeLt8UQaSi5dciNjWQ4ZWQTF+OkYmuUf2ZZZ0Vxksk7ybQv31FVBrV28+LT48AXexXfLGq/oBl86ba7utsdlXqTkP5bE9dR3ek2tpWrL0Pq9YChU8eIKojF5mix467FJNx2J/+T0F1qgri6e3t+Hd3GeY60i49vEAEAAAAAAAAAAAAAAAAAAMC1YJrmr77+JoBrBWm2Gc1/1F6Ub7YNLa5o0dI+ELpQY6imxC0tppSmHGGWxDqziFIk6Goll2Q6NPTVaR4fPfC8O9K6Wl2kamoSJD2DptTR3BQlsU6ak1hraJ6JoAkZPGTJF4RTqwCihtPp4FGpZeJZqUCoS6rSxCglPUvQIvvIq72tT13f9YFT6qK+XXT6UNOwbH/YhPtv6yAFF0lUrU1zPGGXwVg7qqDLsu4cNvgoel3a/qZecNXS7hUSQ4xBfmQ6FW1VnnhD3MXbr7305nc++fAHP3j7ux8Pt29NM5+fnWsmoKJnsJQnIhmSKZfnKnvykm41rCUBeSq6Xqv888wl/uDNw0tvaZKvYk4yne/Pz1l6Su1KNnw+gi96XcKDLeMmUQq+EcxFZ1Z8lGQwRHAS1OZEZW9agksimrprIfFqXCl/0H1Q9Wnr85epySrVJmjjDIWmbaMDhVu/WZviRDZD4iOVb7enTf2+OOIjRXDV1zThVmz+LRQ85RGbjkhSApH99aBFjrOmO6mNsRIv10ICAAAAAAAAAAAAAAAAAAAAAB4DTflRzAWiewoso5fcAojEYTMjg6RTmTVbT+I4zcXToJjNcKoZbYqjCZu4hMmEJlV4Uq7Jv+Pg6W48w46/tl8qKFXMoglgFZ3oW/Wl4pL4ZLYIpWQK6oUh/iBHgrzUskHUACsfdFQ5qRlquH8/X4xhLE2NtzUsAqWtXmoB9MsjprStgCFaROEvun31QULy+pFV1CPJc6RZNkzsAptavAbj71EfwubUsGxkLDmMLCONXXWc+KCKFJIsOWJ2QnE8HcZbpy+++frbn3/3g1/77KU334onJ2df70tGJpm5s5ic+MhG6wnr9kgqMqlBdG39sn2uiSoFPnOik3vHp5Pnc5lTMSCZ9qHk01IhUAqa6inUXEVqkNJWS0m8Rd1MqMmZRHQi6bSSZFJSk6RBhiBx53/1BJUJqyW6EqYdX8ClW66oqKhyMFrbiKwLP3BFsQs7FdjR5UhEG+3xO8i1bC5jK39Geo8xaltY+SpUhdtSTFMzbxHxoRRP//BoVXlBD/RYUyUBAAAAAAAAAAAAAAAAAACA68xuNw4x3j07D+Dxo4FAS3Vj1iNbaRPs6qVvhh1JELFkt5mmqchMSniZSr6bWSQg0eOMpaASSx00OkzyhebVkYKiuBq0Ysleea/v8qeQ1NtA1CeaGChp6L9IW1obKTRLA8v80yfN2egHedS4FXZdnSlymZYhqIViKbSA8gVSihYL3rqoWhZUiQdfXMixWjaKXsg/1M+EE1fXAa7nrYrjhV4hGJ64Ext0dQaRA7HE1CVcLloOMzOg3uWFrlzXuo2m9YmmWin5dHbj6Y1br7344ruvf/D556+/9/7tl1+I48l0ntI+pElrjUWsQInioC0nT5BU0w+p+Ylok7a9MDT4vs+cn39rRSccDqwpQrUkmvf5h9NcelBkSb2Kp1do5f8NRaGQ94r8M3JY6hI0L5gUqpOpbCll+yDWfceWKN9Ly9Oq1Q8XtXgyZGvT1dGvtGgbClN187hsqbe92Tl6KVcxX/29dBW5UHQStpRuFKotUlw7xNBS9Ud1oQe9knQOHK1y0ZxO0aefU2758ICiNAAAAAAAAAAAAAAAAAAAAPCscPPGaY61bYpObt+6mUN1X39zt2Ro2SKHsV58/s7mF/nX83duH/sKKGJtoqKTQWKempGCtt6T76Un5dvEmgKnRBBzjHdKYT/zNBXRiQSDS1jYJCYab2UpPKh5gU3orgAAABAASURBVP0uIeUSyDcvFaqRWU2z0MEkBgZSdMmkIwdzEZ2wyj1KBLuk5nGXFCtEC0vr1+kPkIwp6wtoGbr2UDC1b8k9L+q80m65x9j16o6VtEf7je+pUDpSx/KJWhDfBUimGTiYA1peupIOpClO+nMk3icyJqoUMNeTEJbJT6QyPlIR03JesN+oBZeC1N0kz+exVJgn38nu5Pnb3/s/fvflD95+573347jbT9P+fL5796xIFWjIn4o0Ku4siE41xB0tpl51J3nSx4NRUMedUIQF8zyd3b179+uvH6bohJ7onsWbAiTqv1ehydwd66BqxiI2gVPap+k8lrQ3OjMGmQy64KnICMzzJI9dHIbdeHI6Dru8gbDNG5GYBU2rpXYyudSyw2gaHqnLFCe6WZiAg7smm+dGCE3+MPePpQq8cL8dFV2ZwUlVNbFZtKSy2ZatUNLIJNskmSSBTKSmMSsim+SmH/Kv6/I8pZNpVfKdpZD8DMO4KxtpnaWSWsg21arlKSdzCbmPktZYBGe2N0rJ5Hor6wyuQhb22skqr5tp/V1EhCnlZ5tFNMMqK8uDP8SoSkDpXZY1pHXqzaXektbKz4hLCqvZVttTowu9SieHkeNJmSLwEwIAAAAAAAAAAAAAAAAAAPg2ksNWpye7KcdmJwv25Shh3O1y/ChHglcXj+OwKYDoSVvfeuwvHMbpc9SLInQnRn39njwcKLoTFZ646YipS0JQgwxK7BYoyROK7IvNybyfkqbXKfHKQV5El0JKNNbe4s9R17H4nMRofghJY5GidykmIiUwKplfSrSY2X1KEpdcGtPe45UaeGa9i0oktVyZmjpAhl7inhp4JVOhLEULGgy11B4b2TBysUTm1NLLIKhKNWpCHeY+Rhr6KnqdSljWoA4kFkl2tYbpVuSuVCUcXFulI9G1VsUiIS3MJfqvqBcDeBOTaiySy3SCeAeQBMXNWiCEPocFd64zYaFGqAFhlQ8l7ZYqaCHW4H8V7bBk2tGn6Iqu6Wy8Q4o0wVJr5MHVODaL0YjG0yVbk5TN6p4Qd3nKMQ/EO4pjGHe3XnjhjU8/+eiHv/bqB+/S6e7Lu3cD3c0TcJ45DrHM4TnP1VGbKYoo8n4LXB+emjOEbCqsBkHBk8Jk9ufn52dns2xiJyc3n71w+OE+m7rzqynPvixs8hWVWO6appZYF13PlOU8juPuJP/E3UhxUAWGaJjIJoXozzyHjoyZqlJSSG13uvddvhOjPFx6G5Km8vLlrkqO/poVFyvm3Eqq1RUug20rjHXt3xeX3ugStqDtbLq55uHi+2MUzYqoCjeqqVtO/pX/eOzikOfHbhgCAAAAAAAAAAAAAAAAAAAA+PYxDPHGjdP9fpqmb/TMNM2iORlWopN8pUb9zUVgixw4+9UXXx2ef+H5O/neL7766jCCNQzDc3duBSD0ph124F+p4EPNL8yDoNMGpHlWecnMPIkRTUl7Y34iVBJdhC4DTTEPiKIPieTCgnKuSivMqoJd66BOKo1ibFJMDCwVSpGcdAk3pIJ6+4byQqUdq5BtMuECm82GBmFX/dMLTex3TYET+igydRY6vb9HawItQ9qlSVXxw8sxIXP64HBYJq/KDUuPkHa0NIo5CKhrco/UiQboKtHnCwLa6ncQ6ig0FwRNqSNqADFYsJ9FdyfarotdhaRaG1r60CSdMUlD9gPPJDlwBhqG0+fvvPj2W29+8smbH3740puvh5OxaFRUwsIm+NFSusA4qcqGa/UHj1jdHsx4wod9f35+9s03wzjevHXr5MaNZ050sj3wm4qTxfkyYkUgMu33klhHTSwuqEfcj/Lfg2EUSQEnkzrZsUmb/A+D6JvIFG1FH2cZnR6JduRierWHzxI7pm5R6xOEloBqfe+hssS21c1KTbERjwlWLmot09U76kjh9e9C2mxctMw8XQ94lfpRjIWs/VoIF0+YUAWj5AJSlYPl2TTGeDKe5B+bIQAAAAAAAAAAAAAAAAAAAOBbQO//ME0l+8FuHGq4a5LUObvd+M3ds/6uUbzzqyEKeBRQJ/uwX0v1AmugXz9Xw4HE59NeU90UxYl4obTwqSbPaZHGEsUfSsiwZNIJ8sa7OKzEvh2SyiT5sWWfkBrSXBQunQRlJQOxRi6ioiksPW449KletJBmH6C/5SGOOHksWlodTSzxhApQVtfS9u36ldZ6GMXdkP4c3L0y72E7Q8vrqc8mEqogZFkmd5KY4xVeCTZtiKdA0VNewyK1if/mdZh+u+SkuicRjLgLCqkgR/PpSD1jnoiSpymG3UjDePOVF974zscffP8Hb3zwwXByMpeMIiYDUJMFrnl5TDu0qP5Y8N6uKz491lF5bk77fRFczfONW7duys8wPjOJP+hQwMErrUlzrVhT9428kidOk8rSPKHONnnNR9t53C2nWOUMZqGjohI24UlZ6Yk4zsX8IsaqT9RNIj4J6Ylibj4DrU1KfAs1U6DgWi9yfV9cWHuZ5CJZgqFYlXxm6yRSK0tg1rbyEI7vPqb26NVv7fdFtyyRNDrrc5vSE6ImC2qpe3wWleQ6ppgpX9SNnpo+h6uRi24x+U/LSbSbAgAAAAAAAAAAAAAAAAAAAPh2UN9VVsTaZMw/5/tibWKBSIkh9ZGynbzGPB3k3AEPkWjWIs0hxG1NcmyP9HV8al8WO4ocXZ+KU82sOTP280SiB9C4YoySEYn0s8pNcnxw0NChFK65MGI+HSz0GINFTAfNk+I5dHKMuShOVH2S9FpyjUXUSWWN7h6C9frgJijB4p7dY7fEKEHNERR7715v9GiptLaXg3isk6X3XFxyQbSXt8K6TKEqRlahU+qu7r/kZSHtY7N2WMdhtz2CVi2p3cMqOrqHSL1ICFweEKwFbCYqyQwdSnw66vxgUY5IEJnpsCldm5YyGOpqCKpBkWGKxeiChzRNnMaU517Jp/P86YvPf/5//K2X3nvnzmuv0snpfuY4liw94nukm8yskgTmhUGNDjgfeVLvWxrHYSo15mqnshb2+3zb7vT09OaN/KvUReEZTq9TFSeXTBQRN5TFWJJEcXEqCjzLsS1AOhD6qJaiLN85j+wUhyJUM0OOsjMkMcIozkdctIqqLUtE4zDYHDY7DQ7XQZBg+gki6oR7ZtbDR285VlqbmtJ98rH84Qxx4ZJyoRTDl2Sgy3QmFxVx0Eg++G0NPf6R3AbGs7hxbV/ovZKqERGZ3YvoGYsOKdUMcAAAAAAAAAAAAAAAAAAAAODZhzp9QAj7aRLRyU5FJ0Eys4yFYb9vEpNhGORiOJ08WlpaBtdvcPeVhv3EY6BE7GdO+3k+n/aW9YZnN54oZYhyKFL5LdYm5nOizibkohNSmcPCY4OqKUKYPXmGiASSyRZIFQPJxSX93a0EDtVOwH1ZeDsvBC3VFXzkhX9yaxP7VvOzWLR0cWX1M6gft7ULmzctqhbzFD56I2+USS74CPbM3ZnQPWDTqVC7oT6H6m3C8YpaQbXi7gsT8nCoqh32LCI27J5ng8NhJT4etP6mPgGbOYrE8VW7ksIQYso/aRhv3xpOdzfu3Hnz049e/+SDD3/w/eHWjdnFRXMq8ema7cTtcsifx5fAEcWJt8AC+nlyTvv9+dnZPE2zCCFOb9y8eevWjVs380QvricpPWOik169xIez8YjZiS1ePRB51hT42IZuA11UFEwiNZvKBCp/BUYKpmBi8UBK8yQmSEEnfxzKpiMblAwmd8WtdQ+PD5LkcPU4uKJCrKJEWuMr4oqlVbVH/VNKJvWjY9evz5Zpn1R4lTrLqKuzKtM/Ui9Z9DO+HzVtXH9nCJ1hVFhccLAv638yAYpDlvyVoCHQ/epmAAAAAAAAAAAAAAAAAAAAwFNHZ8dQUPOSUYxM/IyIToYmOpE31ympWcKFDDEe/2qgA6+HC67/dmI6gGI2Y2HKHMtLEgDUsK4YFSSJUpZ47/l+miWFypyKPkS0QSo4iWJzMkokNMYaURTRiWXakXCnxyJZgq7lIh3jkqGkhGMlnU6Jyc5F1hK42QS4iiI15QdVVwOuCV3Y1BC5iFU8dqE10RLyUyeu/SANt2AxmSajCjQ6P49wEPH07zS+vnZx6D9Sq3310fO8WAg/9ddRWB/U+7z05KtMdSdhpQQ4uLEJcjqXll71QQePuPlRuktz67B+JO8GKyJqh1G9ze1humeoh0tkuRZxkzhEaN/KzNFcTEkG7WQ33Lhx541XP/rhr7//+ac3X3phuHVzTuHs/DyWRBxDte+x7vV2mCzKnudKO0Nu+dndIjdJReoynp7s8ta1OznJPzXBS14Ul4tOLtvZFlVees0VtQv3ivS67qFlwnSmVdzLdA5aGHUhRhWspan8zHti9nH2/FZb61P2mSnPGcldNA3xRMdGdSdJ8m1Jq0ppcRh055L0OyJWK9NNdrC+8EevT6hrr6pDdEPRPqq6k/pt7NpUE8zwdk4vqqYpQRaYqm9yr5TFtjX0h+qQqlRxKQz1jfGvdeMrf5upEyS2a3zd+vX97w2i/blVrYhtEPk59CD/mdc+WDhTae1kDct/e6KIdaK0eKQ40rAT/yxITgAAAAAAAAAAAAAAAAAAAL49aOCpBr2SvKueT0qWivLe+1RSJZi1iaKSlP3x3DpaZg5RPffc7WPX3L59M4ALqSHFmoZGVRZFHZLjgMSSF4OnIgOZNXic3EKENCVS8RiIdkhmaqIRwthF9G0OaByzxKLjHCYa9JX7oG2YStkSUU57nRIUVZliJbCn1LFwrYdiOaX24rw8B6tJSgj90xncnt2Cv4NpYizVDjVlUqeVUDkJF11Nr1vqatEbuHuBv7aqBp2PqjjkcObq6FEb20LT1QegcwlQa5PAzdfAnGD0Wfq4+7bDSFiYi/QlHwvptnC2m1aQdENScYKYEUh0OXkPi9IoLkwZilEBrw1dVE+Sui6Xh0udEwm7eEQ1UJIPZ9zdeuWVVz/+8J3PPn7jow9uv/wCD8PZfp+/HWgMJQ+H7T/V0YdUyuICFJmlEs1XWcuBSURdHZZPZz7Pm9XJ6enu5GTc7YZBE35wNbYo1k1XEYqEpwGqFjYhuECI22xs4gM+vNGEUPOUpn0RnYhcbPPihQtG2QbmMoPLgo8lmU6I7UtxOslXqAhGp5UrIngxcith12Ohb4MK92K3+6g2JjwwsrPWhEJXdjoJ3jb2//ElqpEj8JHjjfpMKLPsB9+lqs6ubSuqVeq26bJgZU9JRdM4jDd24+mwG+Ij0lkBAAAAAAAAAAAAAAAAAACA64i+kpxSC07luO3p6ck4uOhEfo9Di+Xvdju97OIyc3xq85qT3ZiDVfmrw7hbvnEcn7HcFw+AR9Pbm+UikNBoaYnslvDvNOcob3Ef0aB6rL4KrjQx0UnJpFOMQiIx1ZfkV6FB8zgRfYWKE0SDxCUlSZkiclCtSrabvAynVu8EXqpMosoLzLDELuSFQ4kZpYg+Rn9H932xbxO3fDDkre96CQ3IAAAQAElEQVRULLzZSLo8iMvtKjr8avGRF5cchns5hFWoXZMhcZfcItKqHNd7rMwgrhZ8dkcco8hNJOWN5x7qviUVh0X3uonWWr5QCNDUAsSdCEZtanJhRYcyjsONG8Pu5u7k1ke/+ZuvffT+a++9dfLcbR6i6KIGNXop84CDH9eS+qqIualc6rxdPa+enPaZ82GM4253cnqad5IoihPrh5SCpZqiMYSn1FKpt5zxSULcpv/C8qQuucNy7EpOU8lCVEQnUxS1Sj+gxxogJadQ/i7kfWcqQ28DU9ZkKvtS0TGJjY1uXgvfDtOkmRyqf6JHiMjWmrMWX6h16ZRe91WRqMqi735qA3TV2/lwvB6gc4jpci8e9mFtirxwsCBTk7Mttqrow5mX2m4YTuJwsts9vQsMAAAAAAAAAAAAAAAAAAAA3AfqcjF38bj9VEQnOXB09+xcz8zzPAwlUUK+rAQSh5iDaipG2US9KKZp+vqbu4ff7nZ3cpzqm7t3e6WL3TgMz92B6MQRuUmNXLreo4gIijNB7l8u3g55dIokpMSao2S0UJWJiE4sh8RAbm1SAqAmNaDOo0JijlapakFCcSyQgou0xVMpSSofFYm48mPJRoCzU0s0vQibyiRwy92yzHLTrFFiiN4ZVC1JygWR+ttL19CyDVtxZT7y1dI9Y3WK7DFoGYvnrcgqrYpNi5NMruxp16Xls8v1B13LVw9cS/6U1hZJ/VEjyl68JUUJLYtN7lCNeMfNIvt/5N+Z1e3CAuVR5VAzl+Qau9Pd7Rdefe/9dz797N3vfk4nOxqHkthHRGweqHatSS+DMVFRbcJCPrG8xp+NeS6ZXvb78/Nc8rjb7U4KIXYx9FqD/B6v4sNwD/39BOAjcqjD36HXfCnmQlSEOEW1Nk8lXY4UKRoF7/1uDrWCKLSEMtb7KVmqmnyjqtQ4/50YJbfOoBMv70/mw8Tu6kMrSdWjZZmnxmut8rReFNN9W+1KLiq5iTYWrk1RnalC2wEvm3UqoVtsUA8wB7kkYtODowLBvqpoyZja/xNwi6FkD+BbF+teXActkvWVbCpF3SM5gFIAAAAAAAAAAAAAAAAAAAAA3w5UdJI60UmOCufw2TAMVS3w1dd32RUiJyfF5uR8v7+0zGlG1OlBYX/DXBOWzInnICF2yXGTfzI56ks1gijZbWJQSxM1ODFDkRwH1NAwhyY60XD/LCYQVQdSQs/MxQJhKhYIbPFGuYZZ1C2dHONAAVBjr9wl/tDLLIYrChjmZmwSPSdODQ336ZxMaKKX924oi/w0wdxZVj1Il3TvZd81dQjTgQxl5XFCG2XWHEbhIOSt4Xgbh/5JHoi0qkiOuT8QIrlDhnYdcZxCKpYVTHXIumL7pwjNrUKlLMmdNvLMG8e4G++89fYbn37nnU8+f/eT7yQWd5M8g+eSwSUmStXgwnU8IpHyrEmkIgnqu84bwE23FCylztndu+dnZyW/xzCc3rh1cmOXicOgCV1s4vXJg5ifGV2bjaivwatKFGw6FMWJ2JykWVZbCp6G6qJ7i8yEdS8ou0FZBVPVqSRJsENlfsUhDjSIp01q7aPt1jwG2YlU0hkl0SqxjllJVf+Yeyiz3seHt1O95t6e0Jcr31f/8OWToTVs+2vqpYhHq5dNMP/VKfIidUrSHRh/+wEAAAAAAAAAAAAAAAAAAL4tjBLa7xUnSg7lqi8Gi9Skv+Bkd7noZJBcPPNxKxRwFcyuQOQmeRwmdXTIceI0ibvDpHqUHO6zV83La+bRs+l4zhTRPdDSo4NcNtKSrmiw3/Kv8Lyf9uKh0swS2rXMJrFYulPwhhnH2jiAFtqKLjCr8U1RqzAfXlndAlrUeCOqKmHaI14Gx7p388zFAd7Dyy4N9vc+C8yqC9H7SLU3TOsyaFkla3D32AV9RR7+ti66mhJB9ABNGHRY/IaFTR6oJAKmcnPkWHRNt15+6c6rr7z7/e+/971fv/Xyq3PcpWkq2whHUSSw6FrUMEP1JZppZVld76Ngn+3x9ay6ZhSjjmk6PzvL39y8dSv/nNw41UXQbiPK03jV8qdXdMLd7+4sh83zx2+UlVL6rwhP8j+R2oKkowVRky/ZapedpJoWFVLQMS1bUP7rUgRHocqd7kka82jozZ1WcNNThX5bvEqpvUpN5507pdCBgKPWd1h/k+/RWiZ2FXirRQcXyflY/zpIDrbg69+GNdoarPtCNI+s1O+w5NWUvzpJ/s6U3FnFY+Xqqh0AAAAAAAAAAAAAAAAAAADwVDOORXRymCjnq6/vHrs+B5YkKcPRN5mLpYZoWQ5jveCeMA1F0Zfw2bRPgackeUTyeHnMfiiKExJvkyixwmjRQo0lqoQj1PinGls41LkMkOZOsAwY51OuZK/yD7mAVX4UoksZ4jLCKXFnOlCZuFCgeZPUDws5iNXUwsHxUFPhShQTpoQNTUVqlh7VgICJ6CGHuWsvXk2lslCcpJVuhLvfF1fJC53O9iMl4ha6Th5Dl1Awq8KDtYNVhsRdYaRj6/WZg4miIemgJjj+6CUIPfDApdZ8OsYxxl189cMPPvmNH772wcfh9NYchjwJk2RBCuqLkdTgJZ+SjmB3M6GFI05YJXhxMYRJk5hLLh1xNzk5Pb393HN5w7lx40YxZ8rTPy7cUErrh84xRZbIyNzP/c0Di8Q/Rq5gDtF5c3Sn1Bcm2DqmNtu0WMnwlGRNidwpSF6dNPG8T8XKaB/FjUSSd3Gv9tGESVZdcakpt2suJTlXJlSSrip9xSJaKxmnkqh+oioXuPgxTbJki81NfQzu9os6UuFRwq0620cWjkz2VLHrWVqLn8KBPCq07WwWNzCfrNEqiKLBKEKzfr9r6rB2roj9zNqEW3osCpepN+TSJPI1Xf1cVlfSQmxSuW609HCMsgFYH0gqNnecUlWYG96oFRKbpY1J32iIodMwqQNWyNvAGIeTuDuJY9kMigjtIe+6AAAAAAAAAAAAAAAAAAAA4HqiopP9NF3xesutc36Rzcnp6Ym6C9xHzAlvRx8yh/TN+d3z/Xmi4hkxp1mzskR5r7wYmpQfDZFrzhpNTEMSQxQvDZebBIkbDibCqBmTSoRSTQtmcT9I85RrCZ4TQt1NJAJvKoYqIeGVWkJjlSXnRkmYEkyhcBilpfV7+C2zSuhLo6Yc6OUy9Q18tzbx/0J3cajB8ehPHtxU43CacQjLhrbwtOa/SfWRU2Dqr+mPNCwbgqss5GPqxBy5MVHCwx7PtxB1Snx5i0zYs6g5sOfTaTYNbkZg7igt+iueN9Ih0hFxIcdJy9q1OO27VIwORHGUD7hIB/LNZXaNRWIWT2/dvDudv/L+O298+vGv/+7/k05u8DgyD7yfRPkyF02D2rqYzITMJEMyLQXizl/CJAka5q76gPoA+av9+fnZ3bP9+dm4253cON2dnJycnrI5aiTSSRHcjseKs8cXHRaNYTEvjx7QY9yQrhCjVynNoT8GubhKT9CG40X5Kum0lA5l0T8V6UkRpRStQRIJ0OK+0KnUavaZxDqxqqiAdDb5uppdbNGMNKR9rfy+T5fHj6q3u6w3FJbDyh2Hw32VM5oqbKl9W2xER9q0PmG7Ml9S3SGeWC3Yig+HScb60mxQQnBdoq0FkxHGsmH5clFtmI55yaFTd6DFHFOvlLEkVIrDMI5hoKbwAQAAAAAAAAAAAAAAAAAAAM8yOVQ0jiXRhDqdjOMQL4tw7UZLTHGyW2SoON+bbCXffyrClLtn5+He0fIPA/DfTqZ5mjntp/l8niaekmXTkUChJtARxYmpIvytdQ0oylX+Gr/YWtSIcn2xny22z7MkK2FRn5QUKGleRPpDL/fQf8yqYNVg8nQpbhBAi5v7K3kZ+fWIdX9p9wb+OlisUfTZX79v7h68bI3FR/t/rhTGVaOLWgyLUsJlDap8SL2UZykEqN4q2s+aRGZxxcpxhi8XHPQKlaZh8TQ17YqqONGvlkNkOgJ7hOZfovfH0I253BerpiiKWoFd9SCZtygRzWMcTnfh5u6j737+1qcfv/TOO3zzZopjEOeL0uWJa0w+SVg/mX3OUGw1YptotJR8qAUKu/YmfxriOM/pyy++uPv11zm2fef5509v3pRFENWLQeadCqE2+lMLLFmj9vunN73Oms7UhdUlxl1PNi41awp377D0OoljJ6PipfSkh1xLFcynxNYkm2NGrLqNQUZleWu/FzwqcckxVtY3D11L5P48G+e99sf9yFegNUnXTegUam3DV+1c4uNPUARpJbVWcd0aBhcZBQAAAAAAAAAAAAAAAAAAAPAtQNUh0zRpoOnG6ck4Xikae+PG6erM+S+/sDLd5mS/v6p7yq2bNyRAWQL7g1j356hwACGc7fc5Tn+2P8+xYS5ZESxhhdhMDOrjMNTkOUyVSJZgJ7ifRHM6Yc2KITYHHGaJ1k85mG9mIRqZ5uFYhPHC2KkHc4cu6k+bEV5a3kLrEiw3TNNAlNfsW8qVKmIIS8XGKri8atiml8EF+PVRNCZWdLV7KSqHmgWG7Ik9Ih+q2wavkw7dE5fcSCa7aZ3Q9wkfDRRrlpyVKiCEpWlNucIFCJr+KFFJrSWKk5Q/xJNhfP7mK+++9dp773zvd35nuH0zjWNxGtFMTZrsqEhVkql01InHtQrSAF7pbypSkeThkeqLVIT3aSrPe3rjxsnp6c3bt3e7nXlUiGrKJSdr1USeOUmkLrnMu3fvfvPVV8+O6OQ4fPyM6nJKkrS8+xdbjIXcx2byyqvDFS1reVWQ/i0eFxQ1h4vllPEll8o+c00kCG0TDGEpqtvcpK62WRwqTmz3veD2a9Efaj3kbkiSc2klWSIzPklU5V9Etrb7a7j8HRoDDaZ6vCYPCAAAAAAAAAAAAAAAAAAAAB45GhQ781w5+/00pxQeDI2+fXP37IJr5jnVN6uDRJc1a4/enptxfmXByrPN+TTleN/MqYR0VVMyqDsFVR+OSINKHyg20UlfSL2yaTUksYboTljjjJILSUUeJghILpywQqyAFb1SYZG/Quwwlq/Mrz4sW1k/uQ6CDidiC5l3Id5e5BFCOOYooHHhrk7aLPmgoZH7C0xxQtFrTF0UvvaFpqLQD2qOssrmEe7bakFHr1eGeO3MbbysiovCvqqk6Xtj2SG8yMlkgWgRk4zDSOPufD/TGG+9+sLb3//0rU8+ee2tt3Yv3tnLo0oennJfypOKZ3KhSXUz0aQ6IVbpiZw+aK2k3SlWTGVPOD/PP6nsG8PJ6elutxvGcRiG5ePbUY1527ogCZgnLkK4/f7rL7786le/Gh9dJpdriOl6TAUSdOoWvcl+bzKRUDKqxKjZj9SvSB1jInmyIy+qCSzYd4Uhb0LjSLKVyzXR/GeC6RhU0EZLG53Hy2L9V9FJXY367f0ty0MtTggtkY1+CtcVdhnYUWsS5n7A+o3GFqkIUwaROkbbFaOIFiE8AQAAAAAAAAAAAAAAAAAAePb55u5ZDglW+lkyYAAAEABJREFUS5KqPnkQciHzXJwzLrjmy6++7j/ePTuvKpP0wKqXZ4mpGDswtffmiTx2rDFNiWWWDDukopOwFlU0jxMPNge1OCjB4CKIKAcSF07BLvCMJ7wRNLQoc+diYqk6TOyhX3lyGYv3d5cHYuqtE7qC12HZYRjqcc0Xs8hIs1SfLFPoBE8iUxUw8pt5cfXBo63O1N5eOiS43ITYZmvXtwu2gq73KTfpSqxCkLAUnXhKn5qRptW40Aw0xcm2BCdUOwPRjJQZYReUqHLimBf4yXM3X/vgnbc++/Sj3/j13e3befKczTycnOQ5FWnMQWcxeCHP4GSjoSV7D0jKInPVsFoXbZAz0zSpH4e4Z4zjuDs5PRXLH9NCLLUEkktKfHY86F+O83yf9tP52fnZ3btn39zNxY1N3nRZdz9tLGRSPdFzYrGoznIvlKRdSXZqXycqAjr0DgoL3Ukn2pAzg1BGosyQoW1WVZDBT7YnY+/MofQeSuHBtGBHFCfBJTuXzLSmVgtPGJcsyi5tK6xNJcuaw1z/oJCss7wYxxhH0UE2iy1+GtcOAAAAAAAAAAAAAAAAAAAAuB/Ozs/Dw+Zixckm0Jpssp/2VCQlRX5BchSqGUmQkxYndjVK06MU+rAfu2ChCE2Kv0lSVxtzNGiB5HAFVPxBYaX4sHoWBxLD7kK6tM6mEsNmXot4GPhOy4+1Yu7kJjUHROgjyCWRC3n6Fb7KQ0ocmmpGnSbKURmFPHrJGuLBev3iiMlKeHhw90zlp1tpyXQaW83wJEF2J61NaLYEMyRJcUR8kouOaeAyVmMa4o0Xbr/z/e9+9ju/+fK7b9PupGRomuY4jGkqLjBcTHOSZuAgrk21QeKqBCkf09EoPwURRqV5npPsJ0VwMuzGcZcJ7qBBYqpxMFWiGFsEt/gJZ3fv7s/3d7++e/ebb+b9Pt/0bKfXWRpvMFVFVqEso6SKk3meVDbAaZZMRmZPxL6Y+hL7g6roEZEPjSe7YRim/aQZuiS9TsxnkivabB49dpiPSnDCwUNpJqCwEEbdW12uryl2P4v95yD/TqWvRjdyK+aea7cDt64Jm4UcGrqYykRUWpbRyrxqVHxURpBWj+iZxPTKXVGcDGNeVEV/wrHTQwIAAAAAAAAAAAAAAAAAAAAAnixxkIwF4k5R3j7nEgvUr3qJiUoKJL2B2Bh0xg9JxAMeDU2zhQ2jpdVxiQaHxKE5qvBFliChyk0kMOnXazQzDGZ2EsiSdYjkQK5JrntZByRrmNVq75Ny1AuqHwA1sQsvC9qMFFdLjC7DDi1i8ge3WAxa4+8p1VRBNYAtHjFBs+fUWqjduiClB4m2r4VD7NIb8hxJXU3HKlo5iJDIEDZlXtFLSnneyFDEUEwxiptF2O1uPP/8c6+/8sGvf//9739v99ztePOG+CTleHMxOihPKoITbWnTArVxYs11Yx9K13a+GDri4qcwT/O03/t45YUw7E5OxmGnAqywHOv+OEZPrsM8i5vP/vz8qy+/Oi8eJ2fF2kPKfJZFJ9x0VwpJnqE5FD1Akn0gpXmfO1icelRDkDtl4NVakN1kVZovp/axiIHGnayuaU6lcwdRnISFEc2VpF6PlM3doe4y9Xe/X4SrsRKv+IP6tPYPF0tJvJ/vv5f6Z7m0lGYE1JrXJTmLtCx4XZFWpondYllOccxjTnl15j9Q4ryV6ImPOAAAAAAAAAAAAAAAAAAAAABAU1WEmljHfstXHqsXq5ComRwkkFh0AyxyCAkZi+lE0owaLDoFeZveRRWqW1EpR30Hnqj6ZazCjVK1+1ZIJHnRnnaHlyvfqEFLcaSIlnqhRqJDvd0DpqpYkGi3p61RqxSTsHR5MPrGmTohbuSyqHFkr6hL6kKrh7PrqoSkvdPvr/i3EHMXSa9duSFiuU/Nyfo2bq4h5k9D/ZV9uLtDnpf67mJVGZUTKTQtz+ImURPxnOZQsq+MdLKj3Y3djZtvf/6d7/7Wb77y/nvx5uk30xzDTpLoWPPyYXIZDteOoTYVwlokFPRRUgqaMae4LXCaMqI4GYYhSuaW/HscRxU5HfiaGD70Gj0vj7k/3+dyzu/e/ebLr/bn59N+sukVn2nRSdiaBy5EYDX0KAmLSm4dSw9VdxXdFJpwJ22IRbTPZ5lWZWh2J+PuZM5dPc2ZIGfVlCmpDCmozoufhPvFSvpQdwfeXJcPqPnoaqW6QbvL0EF+n4OP9+5vstGGi6Ut3QNyWCUP60QnSWyCOHBNj6Sl11vLaOoEiMWBayg5rdTpZJCV/CRsbQAAAAAAAAAAAAAAAAAAAAAAB5Q4OkcNDUaH2ivxkc1KQn5FVYNQCirYKG4hM5cEJezOIUEVAqphaUKEJuOoeDCyqkv66LPfRPUabucXuDImaGSbVDXitavoINUrg6s6TMNB5DWJ2iBNawMCWrbYUvdc4ingCpGN+LL6cJiqI3fkhiSlO9FHmWl9dCzbznE2AtOLtjW5iZbPfRqlePSm2LUtuozHfxN3vUFcM7FIH+Qv4ziGcXfy3HNvfPjBWx998t53vnvj+ZfSOEyJhvFkmmbzTdHOEEUTu4ah6k48t06nPgmhO+eTTB5P8+nkCVvm+jDsdrtB5CYaBd94wm4++MQpniv7/XT3q2/O7t49v3tWJCxzXkjRK+NnXHSyglVuVrxrZB9IkrLILWnMxafvx6AZVSgdLBTbRNyTJg+MqoGmXNw85dHLI9aLvMom1WRi10qKsG5P0809KP1iNA1U47APHkuvbDwaUScgXJOXUBEOiVhJlWRSQNJVrGMby5IqP0MRFhbFif6tIoboBAAAAAAAAAAAAAAAAAAAAIBrQX1VXnPnkKswPJ+Oh+xFb5G6LCbFLqIoTdIsAWbLpVPQGPJMokVoAUdVhnSxQlpJTDylTqg6EMmgcqhUEV+TpJeLqwnVdunDdCYjVC1Nctg61ewQImBIKXmdfgvVdlEVxYR1C/TcRbFj7qwd6pnuq2pbYgqY5v6ibh5NKMOtb2xc6olFsQ+Gtaj6DgRrAM+uHrk0Ui5PpH4zKi5J3S2xKk6S+slIscM4lkGg+MKbr73+yScf/+D7b7z34Xh6cz+V+cTzXPwNJCuT1sASmebD1lA1VWj2NtZLok0QZ4SYa5/neb/fi1aqeJzkBpjiZIjBhUTrst0gp+Z4CjL59+fnd7/55puvisHJvJ8oVNcJG9Nvl+gkBE+JEmZJrDMlEXCp1KRaWnQ2Sk2I1ounvLvFPakcFEcT1QSVzUZTdIllTd1u8lfF/kSTLF2WYuYxUp90cfAwRCcU6XAFXN6aB++XhWjmsn7WYaUuE1t/Rycbantj/lREkHIuigqyDD/FsZzOi9S9ttRKaXEvAAAAAAAAAAAAAAAAAAAAAODJIPlESlwvupaii43asckfBA0Vzio3KaoN7uQmjjmI8MZL7osX8nvRiUdmF5qKKh1ot/kxsUtMgtmaEJuxQq8UaZHOPi+EmZ3U8Gmt3VPnLFQgyzZwYLowyKtODWHrrf9Q9R3uI3KYyYX86axSTztBBzYcD8czwVpSG1WzDqVQ++EqUe0QwvZgR7GiCG4UE1VXk6PKPAy7WycvvffOZ3/rt9/57Du3X35pZrp7dx/GYYzjVKbXVKPl1rDDajzDUrB5YKoU8r7kIhCZ88Gcgmgh0jAMJ6enqmTQnDsuUKJuTmqpCw2DZedJ6fzs7Ouvvrr79df783MVRuXFsMhLFcIzKTrZkHS4LMllBHnYci+L95Hk1mnWOm1noZqLZ23Xw+5wUrqe3CojSlIlTfhk6ZAGkaGENk1Lw6LpXo7O10eqUVgsk9595CG5mwTqXXtMKTjkX5fc9VAfuhOdXPGGpgFz9VZVjnBVcqnIzp8lcUj+dylqNp2xKNA8s85D2vgAAAAAAAAAAAAAAAAAAAAAAA9OiVlyMzuxt+jF96S+nM76vxLXzbF1LjqTkg6hpNMov9WVgKoIYvE+f7Xx6A/C6p35MLC82e7JNkKQ5BvcZZzR6OQ6eltNWeqBQWk2IYV/o1k/LCBt8WvL0+DCilqiN3KrqaFLH3MUi6i35gTNRZTUqsRLSFzECiX2Gns3BPbcI61Bh1HWY+cvbteykaEanNRxdgMVbk9y5Yh5GyCLuOtwy0H5HfUnR5FzADnHj2+++sI7v/G97/7why++8Vo42Z3NZSLxybjfT5SmklejzLJo2Z20T9nVIfYALsohT8rhiZlc0xPSPJ+fn+/PpjjsSjKdk5PdbjfudsMwaLNTM8WRYeJObeNDbwYnoq/KQ/b1V1998+WXojgpvjt5aF321OQrVxWdPCxjjocmbCidm5anIou2zHyEOI/irF/JlDHJmK0YTbs1T5JeR8+5CsxaGGVcBh3KKPKCEIJJimTzUe2QGNeozG2e97nIvcoUSiYkU3hwNTgpc0uEKRd0wyP1QKHlDkIUwkFunftwYbFbXE1DkvAsyMFyX6p+QMsbtUlNUhbEJIqpF+cc7iW2fXW7XmIXdkUZK5bFrNo0Cgd11uVTRUllVpR9TWV9MbZlZQ5F1G34Orb51FBkNTSUtF1RJDa+w1SfHAAAAAAAAAAAAAAAAAAAAPCEyPGbkqkAPHrUGCO6hcZ1Q8J6QTLpmNcJW54QCdiX6DJryHOecxg5SeiwRPwkzB406i+ByNCn17lKNJDVpGB1suo1JKo65GAjSZTagrbynSgQJAIaLChN1W9BQphisRDV+0IEEBIcTSG4SsHkJn29eitt9BB3tgUc1u/ZLz5J3p+ik+hTvFjLkhzpM6vGozxcJIknU9eMahDCTUWhYd9gThxcQ8x6KV0yu+bE3m9dYNdDxlR+S+4aqkF8CyuTZ1vSGLMrC0wFIqeLDMMTyyTyB5mZhziIJIGLrqcEq8dEw8Qcb5zefuXlV999963PPn7j04+ee+mlXP00T9YjRWYyqropWKRdk+M0M4SSFqnNPW2f9C23YDZ7x6U5pKk4+oxj0ZrsTk7GcQxiWEJNT1T9GBbDqdfk7s3dIS4p87Tf78/353fv6lcWuY9tVuliyf+MV1oDV0hcdDW2dvPDBlx1z49dEhVVb9FSzqGSCu7dPdh1YiJIS3kIffYmd6GxNWs+NMHGsCqVbL2QbS1FRqL6kzlNmfO7uag8jnptSs0hI7glSrpE1fFoNQrHBpy6DDuX6k6OXczd5PQuomWVdCir0f3UlrX5F9kWEH0JbbQhhnCg3pGNL3JTmbArkNL6Qmtk9Ltsr5fWJPKd3AR2ul82hWCqTlI6S2IqaykWaWIVLokuz/Z+AAAAAAAAAAAAAAAAAAAA8GTI0dez8/MAHj0aJjvZXdNsG+rQUJwn+lggldBgCjylWcP3kiojzerL4RHeYNk2qsRE8+8sBBB9CHV1YE4F6/bYNSrToZXNSDWl0Mt4nQdHk3KoRiR5YaEEMjvFiTVimTnFfh9Vb/TygIUFQKieAeq/EJsyprbY3+hPLXKc25mqUURtlDcpeqOa6JbaeJQAABAASURBVKTVt8GlKp/kBdb7k2gJ2EZN7A+0rZrxwoQApLKplW9DtCcMSZ6Ih87aRjtnNxRHBja5QRGPnO/3+brdc3deevfttz7/7NPf+MFzr72yD+lcmxZH8Tnx+DVrQJo6uwYy8xJV9tg0q0IntUIhFcroc81FqTDlb8fdrqTpGPPvwSZM9zR1NFcRe59Rscz8adqfn+vv/JPmWVZNrMKiOrmrqueZSa9TVR1mW7JBmTpmzpOCikHmcqYImRYqJxO0qUqHzaRkaxMwWYWKX8pA7vdlLCnuxKNGl8o8z0U76VKfp0iBsDKA4i1DobajmScRh+ZFZDYwYalNuYqmqLM9qXZEl+PNq9lwuGnp7KDKruiCUsKFDdMnso1fnU4CDcFnjfxVIPVZEQskAAAAAAAAAAAAAAAAAAAA8AS5dfO0iE6agQN4VKjK4NbNG+Ea8OWXX/6n//Sffvd3f7ed6t8XJ/W40P+ZyoTFAqMaCwQ3QVE0TQMFT6ZAa5sTOsiz077ipgCh7v14Wt5LWy//t1CsB23ZHE1Kc1kz/oRFFLZ7cz8eVBX8xftwAVVEUrUr/na+v6lvViur6kqAtAbfmVuUvGks1lyyKh980RZRjrVcuspEHpdGrclkJEENT8yjQOaEiQdEfEBjiNP5PA7FU2SaOZ7uxhs3br/80muffPTeZ5+9/v4Hd158cSr3xpqDRWZE6vxyXKAjfhZtuH0i9XKFzjij2JOkWQQn+32+5vTmzZPTE7kqmkOHT6H+wVpCJbVbkPmeY9y56ul8Xzg7K6KT/T7/1nuHYUiWacTUEa2QZ0h0skDdctZLpaqXNOmWmCLph6DuGrbAmwpsUWKXKqUqnJI7q4iyJJc3i8Isqu+NZvzx1DPVz4MuzK4TrqbKeLSsJCaXicWMfmItpXgm9fCdaKO60Oe84cBX2ONouxs52OjUve6e+7PPCaR/TWzFealNiyPN0PEeNOdSmzpPfhwBAAAAAAAAAAAAAAAAAADA88/f+ZtffvE0vRr+1EISWssdHp40X3zxxR/90R/93u/9Xi86UcFI0nfmi/xAQ/azyE7Y3ikvyRH8xXhLdBN6f47lwYbiJKzu6WiClWU02tOe0NH4YgtAViMA1odob/5XhUdvbNFbL6wLTcsKtldId/u2UqUlJ5GHMzXGqtbL8mw8dqhGgVsMuAX0Je2FnjUfFuJUpULVIUavjdM+B4t3Ie7KnNrF3YsvvP7Re299/p13Pv3unZdfpmF3niSDjomHSORLrSs76UmTxnUeOa7wkO8ywzAUWYJYkuSDSVQi4zie3Lhx4+aNYRyLiKTP5nR86+v9b3ITp725m5T0OlJFd2kQVcpCblTXybMjOvG0LKFzs6jfWVe6AiiV3EesazB5MpcjZaqvji9XVzPYdlCXRx5O+ZfyKLqPEB0qhijQ1Yw7nvCq461lvyk9aWI61V3ZjUwdW2K+C2uvbbjEGIa6yxenOR3fPK/MotFeVf8UkuStZO6JkoNMRSd6HQXG/28BAAAAAAAAAAAAAAAAAAC4DrgGAtGbRwt7PPH5526HJ8qvfvWrP/zDP/zpT3/6e7/3e/15zWhgPiahzIgkxgKa+iW4EoC6uKi8g66R5otq3A6kdsexKhZqoDmEwxwnKzOeRVaKdlUnUjg42X2xEZVeFL+8/zLRCWlCor6EZOYh/UmyzDXcarhuehPBFB79R4VNS7J0htGBI80QVJ0sSJPfpBhDHOeQxlu3XvvgrXe/9/nrH73/0ltvnN55cRJpSB7ASCYh0Cml8fTOAMbkQkdj6supkufwVIo1U55xN964eTP/xGFIzabHFRK0jtbX6cfdx2m/Pz8725+fa8nqzaOJnzr7iFWvWDc9raITdtcb/cSeL2ihCbAPqS4RkX2ICKhYnZTkXDFUacNKlaZ+NZYrZhYVT3GVoahZVLRMvTifKheUtCpRsquMmV6NkY9TstRZ15+Wm4a6Lc8hzVp2MN1TaqYiJjaJrm8qZ6wD6aALtC6ZreZEE7p9iO+lz1R4pCVU+Utt4OH11aVqVUq+dDiisGnH+lvyaMUUhmhOUjLBEtXZeC03UQAAAAAAAAAAAAAAAAAAgG8PN05Pnn/u9q+++CqAR4mGz154/s6pJfh4Mvzyl7/8oz/6o5/+9Kf5+NVXX+2/ckeTHM2bSzoMqm/Vl9wiFgd1+lAvbWlB/HArqugxzqY1cdHIqqBWnX9rb/uHsMj/wu28xiP7i0NYJrjZtC1pzxbVpoFalbFvBrmTxyra6lV3/gUqXSjP1vJQ9OoXa6VelxaNytHzezAtuB+6ZpQHVAOLKO3VuP+i9tRnUSoN1V7KgWDywjSvDs2s8ySKEohK5pmbJ7vbN288f/vt737yVv75+KPh9OR8SiWrV5FtjBSielhwajPHLBjayHUSGBcbacheJiaZEQ/zPs37/Z5TGoq9yekutyDudicnJQMOJ5O2kOfO6QUoYe09oednSRFT5CZimhJWfhKdT4RF9qnlbLo26XUewEvH1zmHJlbobUvEiYQsoZW7DKlsKa+iojuRLqvOJXFVsjt4BNdtNa8j7dnYGSglG3VNrGOKE1UShWvPYvF3ziV6hjr5HodOOKIr0oQe3TLIE01MP3ixmBeFh6VCyGsM4lLS6Vf82yrFClsylNZmT6Gkp2WrTT43akW6ME0w1JVgzYhLnVcrmVPVaKpQRtJohYHiTgRHkUx0oqY6OjPpaZgAAAAAAAAAAAAAAAAAAAAAzzAffvD2//f/98dPRdjuqSaHyD784J3w5PjFL37xh3/4h//lv/yXfPz7v//7f/tv/+3+2ymp6KRk1UnFfULO9jFQ0nC9aU3qjSv1SQudWvCy6hIMsjB1dyZcjtqZ5HvL2/6WiWMRbOVFBDUcvIS/hpcNqOYj3B5BrR66+HqzVNnM9dM1gJYhWGrt1MbWmHDoRDLhgeGlGmcLWmlfti5YFJlacJy6n1YlBY0DU0m7Q1H9KIbxhIeY77350guvfvT+29/55O1PPsrH8WTHIYePy/XzNKf9nPvKHBxqTDx0WpblsB48MMdhyLHoSZC5W/Qr0oDx5PQ0/0vijrEK8Ydu3nKfg6k9tgXZi9bkfD9L4daOlU5gGeVnj8nXoh6z6IQ29QLh3mFO7aEKKixI1C0Kn9vmnKEykPx7TpNmIQqpmdVE6kUQB0ofCl2yGD+3LQiKVXnk3jXrIbnOsBMubbD0hipJgux9cfGN2cy4vM+WKC8EearJW0xxNoXIctZ6seGgSU0UogYnQVSJltMnuehvtYrsY1x7Ycms6oREbYhD1Z2olInFe6uIE3dxyD9DPiAaVLgkcpPcJU/BeAMAAAAAAAAAAAAAAAAAAHwLOD05+eiDd/7kT/+8fOBFGgTwgHCXveCTj9492T0x14Nf/OIXP/nJT/7rf/2v+fif/bN/lo9XF5xP+/71eK7R6yIkaAoUjT/WWOEqciqvp2tODHcEaSHlBq0+bgVe+fBjpKRWLJJBgrtIdB9lPWZccQgdcUBhzfAil3C7kpKLabwrFo3s8/pwzVzR8o7YtxqyNYMNrvHkVcNoq7WXr8piK3HhBWoncVzgYkOsHw6EO6Y4qeIbGQKKRWWQxztSiOVgHHiIvNud3L75/CuvfPQ7P3zjk49eeO3V4WQ36+OrDEGdG1i7SLw0WjIdWqY04lD7qnuQelwi3/NcDS+Kx8muEOMgopOFNKQaOvBWgS0oL34Lc/E42U/n56Y46RI/mR8HtXJbe9QQxowo+GlNr6N0egLuxj20A2obhQyaSH/2U+613HshzLFcNviCUGuaVe/rh7plmNNOb5rEpmkpkiIzvKChzpirr/knBXW/lb6pbu/Sn9GdN9gqS7PoPNT7oyt0vSdw6GVzy+p40Yb77Cg27ZFmyJHlFPjS0qh7tiiONdThGpig4xt0d/RShyHuxpMh90VKsahP1OimF/MBAAAAAAAAAAAAAAAAAACAJ88rL78wTdN///OfBY+8PhVvjF9/yF/qfv/dN1968fnwhPibv/mbn/zkJ3/8x3+cj//gD/7gRz/60eE159M5iSmEGJqQRPY8lmxBTKqKE73FvEeCfVmvLQ/tWUuWgf2Dg6Av3Cc/7K6VhB31JGtOFH353bUxrtnoSuVeS6KZF/oWmA2Fx8klrQ2FFsnVs6wBYEsOoZcFyyGiRVgdteVEK++T2Fq2JSC575jvI0EUPfaUjXxmLtoJGopCRMw/2uUlw46YDcSYzxfFCQ35yhwU5pNTHsNzr73y6vvvfPzrP3jrux+fvHA7f1Wy3pzPyXQ4pYykEjcpN6VeVnLQOZtaAioeKfuibZjzQXE3KWYIw+709OTkZKU1EeOSkNgULTX1x8pZw+wfin4lzHOaOsVJkHA5L+dbbVeVsyhxiGKwUlbT0y06UUOLEHpPmKMig6KySpzyH5P9fp6L0wmJNIEoLJyQ2v1NNVYHIS73FOawlGeI5mRb1FYb+/ShOo71dKxQaMIr1e0QLWRZdlFY9mVYXtAXt1hTpgIJ99zk9kEWVXc+XnBnpA2xjP/qBluuHIdxzBtLki3Z0gpp7p2iQMT/UwEAAAAAAAAAAAAAAAAAALg+vPH6KzdunP7xn/yPHGFFHOdBsLQAptgocfhPPn7vhefvhCfEz3/+85/85Cf/7b/9t3z8ox/96A/+4A82LyupG6K4DKjuZIGk1/G4sRqNaAC5z5QQ6vv8JJkPONQz6veyFJW0g0NFAXtUVL9JTeahsUZeNa4vdTPm2l1gL903gcNlQeoa1tYHavlE5E17teS4rgYLD0SO7JvMgFWoQZ77Jrrsp0SAuTgXDBIQpt2tG7vnn3vutVc//c0fvvreOy+++drdNJ199fUQhqLYSFH0CkXDwTpwKlBaWxZYDL3P2hGqmqjajTBP08SqCMkLbRhiCU4X6YnoPkQtlIrxhmaK8QvVnCT0bj1RLrbkUvMs1ilpmuZ5P62cUdqx/++QqI0Q8vVPt+jkqmhnFLVOmnPPpTkU14rSk7Hl0zLvDrtBpUw6xjqmXWoX98DQa7lla4mDqA5U5tMl91orFp4Yh8KR+/BfSZqNyNVMQTUnRJ24pjrBdFqtY5obFeP0ZjxHuHj3bIVZHp/SIrMqkvOuI1u4SC1EXRt6Mh9I5vY3g5v9k/7lyb0xxmEs6btm1UXWaQMAAAAAAAAAAAAAAAAAAACuDy88f+fXv//pn/7Z//nLX30ZwP1SnUGCdOmHH7x9stuFJ8Rf//Vf/+QnP/mTP/mTfPzjH//4n//zf37syhKzj6T+DOvv2AKcUYQXsXPqiCH0ChXy7DJrEQGvctmsvj14753M4EBFDl6eJGPpItAaal4GeC0o231YPQovruXOL2ARJ60GJ9YbKpSoTVWpiRlj5FD6EJ5+4oGHRVMWeT/0WqH8Ey36nOfN6clw8+Zr7737xscfvfFR/vkgjTTHONJY5AXTPKXgVhmq+kmkXinMhzNCq6BjwfHXZtghAAAQAElEQVSiIElqSZIn7DgWM4QybynEYZDTKUoBpeqSmWQ1x8idJRbJmOZi0LHP/5XCxZKlShqOHDQTEF014nEyRGVQdcSzIjrZUE5QauIDU+KYeiCPd+6+YnNiAoF8TeTqh1Qun2vBVliVakQ3TTqYkdq1VLx3TPtTBRl9I58K1SStUgi5hMnPyzkVYvh22/vzqKZqbSfVZQY7rO4goVTnE+Pl3FvHifGPaE1SJzoM29XXJm7RO9+kkl/J1H2ygkh1YZFi3cC9GzYybwEAAAAAAAAAAAAAAAAAAIAny8lu991PP/jiy6+/+OLLL7/65uzs/Hw/1ewS4FJyZOxkN56enty5ffO55+48d+dWeHL81V/91Y9//OM//dM/zcd/9Ed/9Pu///sXXLw7OSF/qzw0KYnncxDFieY36FM5BAp92J4O49I1lOkKkp5FUfWMuhj4F1wLj9Rf7e1sWWFiaGHc3p3ikLR6/b7L7uDPotHu2Fw3AvlzEHmgs8s3Yt9u541oH+jw5HWgdhSvU3YsaZFltQYpMqUQaXf75msfvffGRx++//n3XnzzjZPbt/ch5M2jmFxMaoQQNWcRz6lMLcmoYwVWGQ/XztGD1LVNZl6ISejaQ2NmVwhdeg65SCVBgbvJpNKQaBOkDZX4m8znmbOzfGRFB9ORHPZBSl6Vzoao2agk84vpIqjOwyuJTh6mSuIhxeDJbXzsY6daMO2QKbx8JbTO1iFQvURxwjFpGFXfkpaYSpUlRU/AdVBkfXWLmd3xREVxtrSLJmhW0UMwnVqf4eUJrjFJ57TYmur5YI9fzV2qwErUIip2M2UWh+r+IXI7kbe1/agIMoLdXHWBOmQsniOxfhtMYKUGTXPd7WiZnYjNzqjJgBbNJ5EZ2ZfJH4htV1YHKtsZqauafXB00LkrztyCZKokEzdaw2S5Uyj5soqkT1VNZdkNu10knY1zS5kF2QkAAAAAAAAAAAAAAAAAAMA147k7t56sWgI8OL3i5F/+y3/5T//pP734+iEOVEQjognwwD912hJ5zz7U+L0GLj2thYoHjob+Eq2TqHCnN0lhqXSobiQWhLQoLafQy1SqqUEMfYIJ+5q5V0hw6K/pslBY9hj7N3qlwcKYEgg+fKhmzkE1vY4ZLmxdHEK1FXBrgIUu4GG9q9+7tiyauoSYF5HfpdqmNlkCxrFF76OINdTgZMzPEWngMQ6nJ7eev/Py++9+8ps/fP+zz4bbt2eKZyWMzONuTHOKIrqQjEjJVAGS68YTaHiuo7Qtu+jbrxYm8zyV1sSSuebk9GQoqpPcjihFlSg9qTJlmnVcSfwhYsyzJ99S0pZwHXV3qsllzvtpnqZQs7VIN9Wwu8bi1V5FMzxp5+V6S2w8L55ibWLCE7mL6jwer2S88bDMOfih6S0unJMy1Vn8KKIOXrI7ihRgSjwnkSSFknuJRR7BTWHEVYUQVKmTf8sUkQ4cTHhRellHQjJsmZ+MlCnDURQHYTHnbdWLQkyLu49Hu2f68dV54mOftC6ZD+bawmoL04k85DZJp1OUS6qcK/KoueR5CkH9gcqtUZNRad4hrUmEeLGKO6w3UhLFRmq+TGzeUZLSKOlWTNw7nXjP9Nn1SkVDJ51JuVV5Aep3qYhXuN7dtuymOPG1ZMvBRELeY8kWmLQtmDApkm8T+Wkjq5Aw17uTXkhx3JW/U3JMpsWZh0NvLgAAAAAAAAAAAAAAAAAAAADAg/GXf/mXP/7xj//sz/4sH/+rf/Wv/vE//seX3hIlvkclME9pLnHGRay8OTe0V+fXRdTAZfdVjhOzaVZqwFnf2bfAv8SPF2FyC8U2wxVOojfxjCbUS0/I/UW0HBOOVK1A1JsSkYfEa02ps0PIgUyrOlYdjDavGXG0aL7rVaiLqNYvDsPZtCqp3DVYhbUnH0bYlDaj6XzwIYeqF04y5urSa4liCXu7jkCEPSIekNA5xd0uD8iw252+dOfNjz9877vfffPDD597/dVwenomPiTif0AS3xZPkCLcMb8DM2wIneeLfhPCoWKmhublMDdAzTPM3UQy2Az5v9rsJBHzMsHMrcTUSaoH0alXpkqZFSEVWURSjxN2NYkJG6xVzfdBU/mYW4NYraipCanMZIiaVacanFjlcviMpNc5wKw55Ni6xrotqSzHho3ixsjWzDh5Imk/qWZH9h9Ti7HuSCKtIBXDef+q6keGJ4VA/HBVJA+I7yX2iY5f6L4uF8iSmkJqnRyHdDWa3Uy/0It2cOFh4jt3tz/w8pZ7o98Hr4ApTrr7u7xW1jKyx1zfqnuPK/xkZx46HSCZKvE6jT8AAAAAAAAAAAAAAAAAAAAATzv/+3//7x/96Ef/43/8j3z8r//1v/5H/+gfbV62DPypMkDfWSd9dXwRB90Kih4L9PVJJeLSRUOlCKrU4GNhWY0jyrczrwxKVk1a5vpp0VAmk1DY92mhB6GFPoSCpvrgrpHds10QzuRwPKB8fcmdMlMVuSTPJNRJCKiodEyUQ6xhf6YdjSnENMTh1s3bLz9/4/nnPv6N77/1wYcvv/n6PMRveAopXzV4lLypNFoSok52wya1oap3WbSxJnIJNcFIad7u5CTGKNYmQw3Wt5w7JXtPUE2IVuPVDZq3RLwkqIiY5rmITTKTpQ/rs0o1qx1mK5xN0VKKlqoli455TERzN9nmWRWdNKSb5jytQvGhOU9pn9IUYyLRHlU3pNUtfpJ15qktSmgKjJqPq1odFUlKsNlDXYKeReqf6wAzb04H7jehK3jbVGnO+unc/4nMXIldo6d31cLJtEBE3o/h0XXUYV6eWEVCtics/urEmvjHBX2iMSoak9g9qOsKI6k4rappfJtOiZ/GfRgAAAAAAAAAAAAAAAAAAACA68n/+l//60c/+tGf//mf5+N/82/+zT/8h/9w87Kf/vSn//k//+e/83f+Tj2ztGiIG4liePXv+rgvqokGLHC8KMASq0gwWr0rqMYf/Uo1RJH3+YOIS+Iy3NjaGlxCwiKh0DiseG3wus1sWhOSfBYWqzWLlL6FV3lxnuiKFx5gConOauCxpYcoyTiYevmNdqs2yHU9kr2jmNQUf4kyOkV0Ead8chx3t2688Narb37+6duffvzedz7mGGeiuWgwhiL44LloAZLIfEQZwIvsSYYnGdEP4VB3UuoUzQpLm1RfMu4K7i/i+W7qZTZn+twgRvT8G3qlOHGwKk7U5qSGyaujiYpU9FsdL62imKuIqYlKT0JnVHFMRfBMi06an4Y4wCTpr3nPaaKtgW/3tWFiS5hj/yxkamVsykKWdCvBZoKLkPhaCU0aF7fqgfURrKulzFHvAU3QtfIyOajQBSDdV/TArTnOqvB0pFvYhG9JFGF6Y8wf82wYVJYmUhSdH1GdTQ4LuZ4zAQAAAAAAAAAAAAAAAAAAAICnjZ/97Gc//vGPVXHyb//tv/0H/+AfbF7205/+9Cc/+ck/+Sf/5OAbai/LN4HHInTIrttI9Q49313MGgA1RUnnGUKdbUVYpJvpPU+YF+/ti+JEE+tsaDN6mUi12PAzHNaqEPK8EvZOfVcE9c9KdKkOhK9w5tISnswb+u7nYcepedN0uiPxOzEXFBpoN9547rlbLz3/6kcffPD97730zps3nr8zj0PyK7hYjHBKxUdExESpk7b0PUPubOBSJA+b97g4pOg/ShobkXrsdrthHFcpb3pFSMuzUSeS2JC0AtV8JXXH6xne9CvznKb9Xq0ZVLlCntBn8GQ6vLIL2uKZFZ2oeYYIlFQ3kPt0mtP5nPZFQxB1tfk0C+690aw35LP0o+S3iqIpMClW3YBknIIOQO51nbvqP9NJ265RghW+x/OC9o/0pS6fUH1e7HuytcquwVCtXJt/pEq7Wl1NJ9bEfk9Km3HxCun38KRXF8VJVO1bGELeAsrHIjoZhmpww30HQXQCAAAAAAAAAAAAAAAAAAAAwAPzs5/97Ec/+tFf/MVf5ON/9+/+3d//+39/8zJVnHzxxRer8+Y+osdsugRhnfymO+ANYQGvwqsaS128X1/lKPJuO/U1SEBajTDcqIQs/81GWPGwaTVU3T3L4mKJX7MVaaHc6rpB3vyHZD2Sumj7dUGeu1MCiSFJ/RBU3CPx3iQ6khLpvXXj5Plbb33+3Xe/993X33/v5TffnBPP5WvJkxRi7uQ5h8PnWYVFrhpqNQQtuKbv6YQ+/bD1KgJVlOTBGoZhHMdB/qmeIupxohlygitLSOUL7oNSSzOJguoU3BmFu6w6VmkSnYv50IRpP83TpBITlUbkBmhWnd7dhDqBy6YA5TqKTh6K+kBdaFJiy5uSpjwgPE/5IAQxrigDm4psoN6i//iIk+Y7sk2AalKYoLIhMs1E/t+gF8owV8VJ3/VhIWW7RktO28kX6mKqzI7NyqXfLW3PCr04i+hwZ5FCXGfns19Gp5+Xy735MsGUT+um6urMqBbXLK/fMP/J4zd7S/rzxVKJzO5KhXikeXmK1C1YyiX5S1FWoSkGPadQuD5aIwAAAAAAAAAAAAAAAAAAAACebv7n//yf/+Jf/Iv8Ox//+3//7//e3/t7m5dVxUmO4v/gBz9YftncLzSaq1IETTTC7svBLt0Ia6OO9Xv1emoWAUfqr2PTexRthwSUzayixqJFjNJCmapDCWtLCTadzOqUPwq7lMQNFqrwQcO/KbidSheTbTYZl8cyydtWP9FBSFeDsI8jAn4Y+Q298cyiWRbcDin0nVyD/tLXkYexuFAEPrlz+8W3Xn/+7Td+6//z/779ykt3z4v7R44G5yjwtFcBxyS6A44SLTevghoC75tUzRdM1dO7y/Airl3UIyXInBlPTorHyTD0RaneZJqKzkGLEHHIwBqv7p7a0vSk5NIT9tQsKgSo3j2hXUAmozDJy24nMXAaRXTSOrIzxrnAauEZdDpRlYj2UZB5FCzb0X7KkyLN4lyiWYuoz23lWYwsD9agLjTF72RYbBJ+Ry7KdgcKai7Ti4ma0odV0uS7xjVTIqROcbIQZDBVkYy66TSnElbphRv4BJfi0FDWRqR+Iq5qswLMUEhOJZeaLbeJ1Za60ILI2NmqtU5dKMKW/kWhL1aEYLQrGrHoCbuOLxAy6WHfSbmY/Jz5CVVoInl2OE+AYqXkKZb06twTHPMsCQAAAAAAAAAAAAAAAAAAAACA++Yv/uIvfvSjH/3sZz/Lx//hP/yHv/t3/+7mZb3i5D/+x//4O7/zO/23ycLBIjdRQYVHIIuVhJ4JoXMS0JhpTbMzsFkfKPaGfI7gz/WzHzBZxHDuY6DttpbEpyNWRxQJpabDt/Styi6yyloVNX0Kb5g8UKce8EguX6oU6S1R7i3k2aVlMU+Oh5IdoliP9M8SNvJpSNyf81OK8qcIfkwBJDoCEWQUV4GUp8jp6emd23defuHtz7/7yQ9/8M6nn/zqq69SjLvTYZqS5UnSf0vnRpMsMcdW+TL8rfqO+v3STWbpccLDYSwcZAAAEABJREFUEMddjloXwYZKT2oR1eNEpSTmREKWdIW6WHzTJ+QL53KLq16aR0YJx2tcXlQspQeCzZIiMZHCg0hPai1rVEJwTAOQywnPIi4OYlsJ5UMelol5FtFWzZ600HNVRDNRZqJbx0R1uAh195H5wybLoFgEKqPJmcSuRsuhcO0kJlflYIuRNcULoY6eD9WlKdTdeXVr8IxhTbhVuol7yZueqLO//80PuQ/pYqmdCcdq27t/zPxGPhUNDtNIJa2S+guVs4ldDanX6wYUzu6end44DQAAAAAAAAAA/i/2/jXWtiw7D8PGmGutvfc591G33t1dTXYXu0mrW5QiRwQcGEmkUDJBRYIi6F8CCIoRIN3irwT+Ewgi9IhEMED8I7F/GFGQIEAQGM7DEBwFBuI4QRInjgxYASyT0JsUKUNskl2ve8/Ze6+15vAczznX3vvce25VdVV1e82uPnc/1l5rPsYcz2+Osba1rW1ta1vb2ta2trWtbW1rW9tLtt/8zd/87ne/q4iTP//n//yf/tN/+uJlJ4iTP/SH/lD77e3tPlvwHBV3gLis8HDeIvMJBmIABc1gL7U6TuBUyO8zG6AE26oqDajl9JHxnBwfIsHinH29TROejbthbqq9yJNO66rAAiqj7aVwJJpq4SUCt8v6Ej/QdtYrkqwv5S+jNxAzJ1TIxPkESL7qt9vhavfqV7/0pW++++63v/X21358ePjgdpo5/Qn/CinqmEgSmzrXizQK4AlP9HJ0dAtcDElbUgdJflHmJklJHU12wnfLDDNh4hS4iaYkYYBLp+FoA3y0xW4q4iSfRtSj+M48TfM029X8iBw3kUI9nONEsSZx59P2nPok/tgfRdBJCyFjBJjkh8kyhXkCqt/AAq8WqYyUP2jBHF0/Lp8CDrywwjpefilWBCqSSL/+Ae+dH1jDkz3AY053DajllBcJbgH0M+zXguZrqhR7SwgVcQLw4jo792xEy4Qu2vXL2/DCbyPzUQJBIcXCJ66t4ymaFPFoWW0EascvP3zvwze//OZ5+pa1rW1ta1vb2ta2trWtbW1rW9va1ra2ta1tbWtb29rWtra1rW1tz2m/+Zu/+Z3vfOe3fuu3yuu/8Bf+wp/6U3/q4mXPQZxo5O63f/e9jBUQgLXQwZ2tno/3bBIevyRoABgzpzNY/IzOAB50FiVE/RU1V1Ib4MfIorG4AXcclx96ngVqL04XRwNtWBZequFL/egs/ciL06rcv9FzY7s8qRlQ0tpgTigZJ0q4XzKepLTZ9Lvtq2+//eQrb3/zD/6BL7379VfffvP2OB4mqWOTGSiQJf+E9zhpnNgiy1kTqIAtjia/OH0+noFOJG8F5dQbgqTrrbAONKV3Ssx6Oh4VcqBYhfh7ktwFvFCOrnrWxBie4yQuY8QJF4MZA6GC4Le1yj7d+f1f2MpP9NGGY5nnH0HQSZN7gwzjQFMZrBQx0sJWVFcaz38HAlhSfEAXSW+cnRB4Qg7GIinowEAMbUaMl96mX9QW+V3QKV6zQ2neoNyO8560yJieJs0JQszcD3bKaoUja4mTKS0+ed6yyfiVpUhVHUmAkzC1oC+trePVeJjakoCQPnjvoze//OY8577vYG1rW9va1ra2ta1tbWtb29rWtra1rW1ta1vb2ta2trWtbW1rW9s92m/8xm985zvf+d73vlfCcL/4i7/4J//kn7x42fNznJTIOzDo5H1CCd8ZguAeeT4IFsiUmucjAzXoDc5fsEiAcQkUkc7u7bHqBWAF7f6aU6V2MjWf26UNEITau3u9jk+lnWNNnoc+oUUiEM3rgdSkZ/l0293oE1RQgKKBcuqg/NfB5vr61a98+fUf/+rXf8/v+dLXfzxd76BLHzx9Oh5njgCnTpAblkUhQD4aQ7a8NihQjwXEp8UYaK80w8Kip4pSQa1iU2LGgj4Bn0fJbTJPnJVk0uwJyZsiE0rLFdxCUYIH/OegwBYrpkMKSbF6Ov4hl3Apj+2sSazbMmvAc2L9dJp7wuAs88y9mudxHH80y+tApTDSFCcyxbOCDNDwE5oNhxrkhAECmNkowqhLbRoOau5sq5s6S3bBYKL4HH4YG0bhshcMwNL1xPtFAo9TGBQ951nntcR+QLiTpmZYqjCuU8SJtefnI9Ff8oaUxEeCPYtcUoVwTjElTHdA/+Qf/9NvfvsnDodj31/B2ta2trWtbW1rW9va1ra2ta1tbWtb29rWtra1rW1ta1vb2ta2the1X//1X//ud7/727/92yV49xf/4l/8E3/iT1y87PmIk9IOx7H8/ZW/92tz1ngkncA8NKru9RkMWoJanqWtnkHxzWlDsmQnCBWq8vzKGDXrSvNRVG7Qd/oi1xAqxjVLXMnHTV9y3/biMO5J+JjoB9STy088+YSyIAFsGTjq3+92r3757Te/8bUf+9a3v/yNd6+evIJdd/vsmeQSwNQPAvgYJYsJ3yU5pICDw1lvYzWWDC1gz7wvMkCSGaSe4SZ9JxVzDAsilCfpSMbyNkmlmzb7SBTTaYcpuTZA0Q6a7oEEEJGlLM88TQo7IUGcgOQm0QC3FuuRejqc5QQwwb1TS9izicpDxuNxEnyM3u1HE3SiwDShiSyjljnlIjtRQwmxqafjGBQw7mHQoUHRJIxUyMYXPHMSWL4UhJrqgnIDL3oRIOjzbxjJXVrECNwFfEu4/OGdN31hE7DHnYC2JMlC7tcisQw0W5vxZcvv9ZrIRYICQ3txSZ22LdaRdNF5rycrxQS2pQ23VvYtzhk9Bxb+nf/oV3/2j//XbvfHBw9W0Mna1ra2ta1tbWtb29rWtra1rW1ta1vb2ta2trWtbW1rW9va1vaC9mu/9mvf/e53f+d3fqeE4/7SX/pLf/yP//GLl70QcVLafn8of/8f/9+/rTgOgBbEIXlC2roMWC9o3xJBBP8kMpj9O7QKLHFPTlfg0JBlkBGgBkgJLqQCaLKYQBPMrf2NrBNUU618BogTvzlhk+4FIvPKp404OZ0XWw70iiO0+M7BPaQVKfwLRnnwn75Lw/Dky2/9zM//3Ne+/a3+4UPYDk9v9+P+duCaO5q9Is8zAz6meXbwUae3xRzD8XlvOhW4EOICGPScQHqJLQ+bTT8MCkUAqY8TaUimeSov+q7Xcit6gT3mHFtjiBPEOlxUcESes6ZLkUWYtDORNEUwJ51VOUk6mxXXAndkZ8AUGVysTeMYSVn63W6z3f7wgk6w2ZcNgIG3mSQ1EXLPM3EqmjzxJ4r24Xni/BSGNeNfM87BCu+AYgl6huNgYmiR3b9ZSymvM0uOmk5yzvDMTpNk59FaS6dZg9rfgiGJ7mwEH38fnhABLrOWCJ2nrClZ9FE8HwLfsvpAsvd0Y1SOCbKbatEggdYwJy1Ua1A9oo4BOoZYOckV5E/XTDA8+8oaJbUUnfSfYo2WjdFezdts88zoEZSENtKTSXFrmidJbtgpAC2TjUgSlHCyIBL0iyZBka84SQkPIWWvopTBcUmWNkmTMEWXFA7G1YJQc51ISiWs4EKdV6Jf/dt/v8zV8Vi237xW2Fnb2ta2trWtbW1rW9va1ra2ta1tbWtb29rWtra1rW1ta1vb2p7TAnFSQoR/+S//5T/2x/7Yxcvugzgp4bnjcSpxuv/wb/0d8DCphuwrlMMOxdvZdW1aQYOzGkT+DI0y10A1+vl+C5DWuHKJnNJJEpNM9TeX211fIbV1dkDDlXHxBVCCxDHhRe0cXnB2K32bm/CvBoRzhc5QNvxMBS7orCT/Qee3DiQP3vUiatrQIrlATSvCt2V8BweLUQAhKHHjYbMdRw7fl5kvkXsOLfep222vXnn0+o999eu/9/e+841vPnrzzdx3h3mmZ7kE+AfsGGkiMWd+cJIw+kyRYiRrTgrQDDREU1a8B0ilm/KB5iOR9ahLQlZoRQPFUSVn0CC1zgrjXCxvRlbwCSdWSclAJC0R5pw804mV1OEhd/FaOzRPPJA85fKC/5spdZSwB8MDlbt3qev5EdKbi6t/TgmWZEXSsZBAZDQHR3nRdd0wDFqph6En8EPT6HmfK+gGA15jX5EAhCSPzEyG+fFJrOk97IPACkhCm85BYppPydbSICHk1aekCI8+K0P+NHBbn2UzQElNArIsJFQbWm4YryxkVE1Nfpjncsj2Ti9udL/L/Nq4tfC05nMFyVDL5xp+aAgw27mnNzuZAkSHOCpyR9IfCVeTF5pdiU5/Vr4XNAweD4f/8P/2H/2LP/cvfPjRs9defQxrW9va1ra2ta1tbWtb29rWtra1rW1ta1vb2ta2trWtbW1rW9vaLrV//I//8Xe+853vf//7JRD7V/7KX/n5n//5i5fdB3FSWgnPlb//+3/n3z8exoCLWG6DdOE8/wUER3uNBxbjCL0EkJv8JA2OwoKecocMixwqF9s9I6T3DqR+Ko2WwVuFv+jfCtqBBWDlrg7i8ttLL+rhfns2nseOGYKjCQHkF9QR5GkusVzOTZK6Pqehv9o8eO3Ja195+80f/9pXv/nN1975Km42U9cR40WA05pMM2mpFMYCUWIwiGJEGCTAb1GTU3CJJa1UQ36xJpsRAkDNagGWiKBCBQJsImiCTnEe+r3hReyOFduhv7sLCdTCIAKAwqCZme8hw6F5YiwLh6f9tnY3ZPwDLkv2PB90gg3SRV/o4/RtPwyeOkVTW/wwgU6W1ETtP5rTomEQmkdHEuEIpEeIJiv4iLrLM6hTZyVTNJ8MBd4kHisT62V0DJ0EkvSDCH9YECeRGMdxJnSeIuWk1aJidNc9s+Uo+cK0UwaEChWKz5wp6HdxEVweo8gYioxVSihJcCecIubsJ6ipT7z9O//bf/df+Nmf2e+Pa7KTta1tbWtb29rWtra1rW1ta1vb2ta2trWtbW1rW9va1ra2ta3tYvuH//Affve7333vvfdKEPav/tW/+nM/93MXL7sn4mSc5hKeOxyO/9pf/z+cfncW1ayBwNNLsP0ETyKQiAvQCVx4zscLIX+R4q53tcCHQJse4GO3Rcg1sp80eU78cw3PkpT74ZwSGbs0dIyG6VI/DK+8/fpXvvXNn/r9v+8rX3+3v35wzLQvMVqO8tPMdWFmLkDD4AzU/BNc34TLeqDgQxbVZLRIiWA7KgKDK85w8NhKbSQpjeIpUyy9Cee56LpCn1FMR4v4kKU4yXYfGxc5fiO1o0f7YX006L0EAiI1bmYGRDAcgldAskbUoj8Y0BAHiLRwkzayTyfwFwfRcHYTwZpoS5IrRVJ4JCu7I6P+4oNO6NLu1BQ1dDk3hRbK4Xo6ZfwKN+HyOr7MnO7HymoJFG3mpDQgiSxQlp8L6xi1JjREVfOcWFRbksRYkxwomFM40he9yUbs8E7EmXKHJDgVR2YJyi/PLRXqhw5k+Zwa56kiYzNU/1FsTQXZUM3o4sVziNLdPQ+G1mLMOq7Ho4RSATlKEw4zM2waCELlvd/54P/5N/+D/8Z/67/+3nsfvmQlxbYAABAASURBVPHGqz88BLK2ta1tbWtb29rWtra1rW1ta1vb2ta2trWtbW1rW9va1ra2tX0W7R/8g3/w3e9+9/333y9R7b/21/7aH/2jf/TiZfdEnJRIXQnMlRf/m3/r//K7730ADiaA+wFBNOp3z9Annr+P2LXFpfFlU5TUHmJuP/0ihRlRw8QOiQBJgvLx0zRgR1Z7RN5qWpAmtMux+bKOUt1HEkJoVggujtNjv9k+uLp+8vhLP/H1d3/ft7/8k+8+ePzKOM/PpmnKNE5zuWiS6jN5mmnOMpM16I8e59X0E+T1a3Ku9ZUuEIOMn5qGklakUCamVP6WV+UqRro4eqMFkYDgTjzITm03UCrayDVcW0PRJJEdQ++WJ85uoigWBZ1o0hXBmnDHLB9JU1LncqaTeCu9ih5qRpYyf3p9GYuW1FEgi41CvvohLa+zQJwIGIKaLCPkOWUKlc0CCCFZkprShywhTMUTNORkxVQcmXWB55RpTrJIdTah/Ql8AsjaD6ot0E+XvrUkOfI2Ehb5Gzr5SgcodyNFmyQrMvO5crmz9FYnX+owzzvpZHCn2CBnOgq56eSdos0AvHqb0k3sQEOe6EzxM/7m/+7f+6nf/5PvvPvlIt5ee20tsrO2ta1tbWtb29rWtra1rW1ta1vb2ta2trWtbW1rW9va1ra2tVn7+3//7/+5P/fnFHHyS7/0S3/kj/yRi5fdE3FSWgnJlVj/f/p3/9H//K//H9ucHN7uE8zFe3x4R3gUyaKEz73qjvbFCjQ3raaBiJA6NZlIqE0MoK9fZuB2pB8NdsKFYzgUS4lTJGhCCeRiOBbA1rQimPph82D3yttvv/n1H/vat/+5d77xE/2DXdoOTw97SSzCSSjK38zlZ+Q9Iz36AAYkh31Y8FtjvZ6MJPoWWUlOYsokCUz0K8abdF0/DAw68ZIpitvg3ConuS3iRZPiwOaTdKzJQA9NjZtyH8mZQvqyBcQkSTQhGJOO49n8SRd1cOpA2nQmzTDAI92lt9M4KkSm3GwYBp0lxdCUAXpZmNp+WEEniG36kWwXaPkTxaNkMiyJrMTi55zAJAlZ8g8TrxaTZPmFIq/S6dI2D6YmMU6traP1fWztL3X482knEJMXIk4AztI01eQewTk8axDaDIMgTlL3xaqtY3Ah75FmHTntoZTMwefiAXH5Osl/YJW6dL09jYo8jZxIZtmHXaqVdI77w7/xP/5f/yv/k1948uaT77/34atPHq/5Tta2trWtbW1rW9va1ra2ta1tbWtb29rWtra1rW1ta1vb2ta2tr/39/7eL/zCL7z//vslsP1Lv/RLP/uzP3vxspfKcbI/HP/pP/vev/w/+OXDcZRw3iIyh+fB3POD64gXkpgsL6O74spemKG+eYn2xQGd4OXaI4Ce4KFmZFAEBVEFQrwU1kawFrW6SOQDAEpWwUSr6mSO7nJcVkPUXbp69ZWv/NRP/tR/+Q+8842fSNfb2+k4zhPeTiWQezxyahPKMI2TJKmQTCTlN31f/qSuk8onvKYc8beqNZxEZPasJAofqdCQJsGB/krzkaTOW99rSR1LVSA5TgQpkk+SI+BZFRHO40JNeD5HyheKxAfcw1FTm+SAsJTHetdQq+mgxO4DcRKpNFrESUBtYs61q/xnHDl/yTAMm43d3G91jjihH4byOtoU1VFzdRjowTPezIweUqzJLHVNGH1DNEkNGKZrzU0CXQ81PwW/Z8QISZYOLkFUaIsT3XR9Rw680iwmik4KQFPypkVlyosW6+SrmxwN83m2E6DJCSlrS00uqSDN7AA0o0LBjCnYhrh0Ueb9aRcTl5q5X1NG0/YnIF2fpDmY7TQfS/ugytN9dQ1rd5LNik5YJ5OIcJtkCZEYJZYKofQgFGD0RNiUtpodziZcJkvppqGQxEfvPf3XfvGv/7m/+C+/8eU3fvt33nvttcd9d9+pW9va1ra2ta1tbWtb29rWtra1rW1ta1vb2ta2trWtbW1rW9vafvTa3/27f/cXfuEXPvjggxKt/+Vf/uU//If/8MXL7ok4KTHz73+fc5z82m/8Z/+9/+Eva4WdS+iHs6ipx+bj3SLRRQM1aH8DlwOdOb73f18Mv2ieiPU+CGdwmXu0Twe1omHTdPdXixisfSEdJp+Ai+U4IiQNkg+iqTdjgVr/udZ8QRI0RpaKMYh9vx1g6HDbXz158vqPvfP1b3/r7R/76qPXX+2vrmbGpJTY/gSSFuR4OE7HUeAaJZbM4IzNdre7ugKhk65L+mguVeOIk3LpKHk+NAVFdNXSlnhhjXIr67UkFBmGoROsSSAzAr/SJLBYxOUvJXSwii769TxJthGBtZS/igUp/5WruJ9ABlfwu3GGkzIkyW5ysQCIXe+VffS31HQ1gCllklDupuWBsEGopGZO4v4/fJlONLLflIIBifeD1DHSskazFdOR2kU5GwQIseb2aRIZMRmDJc5hPBOTzsmTlZiXtZouEYE9YoFG+pxhaB/z6UrLFZWHtQRRFK/ypDLwUgi1uP/H+NVzms78CUuvHVx++DEezGA5TW0is5KYbphhyAt0BKMKIsM0tSKBcSpCWoUmf/uf/va/+q/86//9X/zvvvutr3/ve+89uN49evQgpU9zNta2trWtbW1rW9va1ra2ta1tbWtb29rWtra1rW1ta1vb2ta2th+KVmJqv/Irv/Jn/syfKa9/+qd/+md+5mfuuuxXf/VX/+yf/bPPuaxEMD/86ObmZl9e///+41/5hf/R//SDD57BnYHd80/OMk84CgQ/Uf2Ce0VUG8QJfcJbfVatAdy0PXpRgPoEgJKbvChaMoe0TAlHdRn5wOf7oQPNHYIdDH338Hp7vX38pTe/9tO/991vf+vq8aNuu91eX5evp8MBMs7jPI6HiXMoSIQ3paFP/bDVXCTAMVvOOzIL2sIgF4zsoMgs0Hl9HPQkFC3YQnMQ9D2nAlEkh2WsECKMrCRRpgccFLIgpHhdMQwkABPPhcFAE+th5hdapmc2TEJKlq+HM28w6oPv75WC0Ft9WlQRAi+m43ATLqbj+UsEM9FpshbOBHOW2uRiOgl891/6n8Fn1ojuk/wjK2QEHDJgGU0yWl2o2GyWpsKzyXD6DdApn6fMeXLK3+M07af5QDSlCpkaLPeO5jLRIjsJh82ml/UAPM38IXejoAm5XoBCQkO60k3GjpOJrkPGeyAePknmjzN+d69UK+2vAqCTnc4xBUny+zLSaZw0oZDVJ0qpF8wUPhc5QVHCq04VttC27FWQmH2cIebSEgzkt8hWQkdeT/PcJMWRe2YHJPqalk2no8melglPoYVZ6jGVjyoAz1AmlAdI193woNvs+mHXdVspXpWEjKS8DlMIl7kSmtD8ReXBhfVdDZs+dQqO07v+V/+b/+Kf+O/8S9evPCivN5tht9tst5v+C1alaG1rW9vaPsv20dOb8vfRw2tY29rWtra1rW1ta1vb2ta2trWtbW1rW9va1ra2ta3tHk2qEOT94bjfH4/HsXzy/fc++Ff/jX/z3/ob/3doKlScZ304DaQa4sTexM3Pn3iS6YSen+lEbiP/PS8ZhKeRmJtouN8Hl7clKcLS3v2sA2TlZ166XRrLfW4kCJH4ORn24q47n+R6aD9MlCTRAHH/NZoMKDHXEj3uOWDbdQ+/9MZb737tnW+++5V3v/7ojdeHq+sSr5WSMBKlHcf97e04HTMx4mSz2XR9rxk7NBOJBqvHceLUKVL6RmvfRJIPbSkqXnhKj8hfotiAcsFQ7r7d9nJ/xQxoo6ZASntbQX0kaLBNMtIKD9Bryz/jcSQBPgjKZJLXjmKZcyd9sxQShRo6xjmAVsDBGMKi2gamCPmjAmIUYaP318WyUi+COFHMTSwNnlUFOmlf7EwnBrWJMkLZgTnN16RrlhWRIv/LnuNCQRKySAqI8l/57ylKyHCeGewIluzGcpyAIi50AU5YUgCUzjbhJ0e9fTYNPSeSTbVjQzTZiaZFSgbM4Jm2jCLJWWi6wKPvbB8XTnPf21/4yBfZGjpKkRYfPq+h4EnIE5xofTBH4SB5MphMTT6emmJIGBnP8JxncLZS3v5//t2/9f//f/8nP//f/iP/lT/6B8tbkYLPYG1rW9va/gvfPvroBta2trWtbW1rW9va1ra2ta1tbWtb29rWtra1rW1ta3vJ9uzZ7b/5N/69f/1/9X96+vRWP/GYHV4CneD5Ozup/tzQ5wno5Oz73H5OaG/1yP1zUw88P83JvXINfE4NFZoSMfyzYersR1oUzGfzIN8jpwIgDeInu13fJ4F0pH64fu21R2++8dWf/ql3fvInvvLjP3718OHN7XGaJih/xulwe3j60YeHw6GEbwU5kTbb3Wa36/pOs0mAoUY0yYIklZA8IprdBJoaOoq9iMQkgTWZvVYO5zjZbDTNiQSNucuelyC39XTaBCdyVdYsJBHCzlRbuVGeiXEg46TIhPF4zJNcaIVEuHSLPBB1Bsvbrrf0ESkROrpkQZkettZ3OpaJsSyW4oVzTGjKFoBOsptAUwIJl4WlTjAo2n5YyuvQMs3J5WsIZhLSoDwLWWaDpCyp9oQNZMK+kJ2sRszdKT5FQGrEq878QEE+uEiIAj9iTSccGwDXcu4XkJofBmxNbRiZp+7XbYWpKOqsrHonZZgEfbJoWZLngM+VzRvvTGZj7ewRI3U40c7ts/2//b/8m//2/+JvfOtnvvUzf/gPvP3OGw8eP3zw+MGwHWBta1vb2ta2trWtbW1rW9va1ra2ta1tbWtb29rWtra1rW1ta1vb3W2/P7z3/kff/+Cjf/Tr/9n/+f/6H/z7/6//uP3Wo5wJXhgWdMQJRv2RttELfnr+vYe2lyVUyE75k3/j+QAUjiDfLvAB9MKnfwHbxcwrsETyJAVz0Gn4WbErjGpIGqhOadNfPXny8PXXHr7x5pd+4t133v36K2+/vnl4PWw2t+NICWaC22dPD7f78TBmypvtBjk422/Kq+0m9Z0mp5AUEjiPk1bTGQ9HyVhBZLU4PA0JaPoBBqnIW86jM3P+lDHPmocGdtfX291uGDY+KCpfa5Gacru2hk4kF7HBU44ZavMmOOZE4A5z1mI3nMJnnEjwDp4egmryFe1wSv2m7/rEMBctJqIABnscNK8tm4piWSK5CwjKpB+Gvu85+u0rwrU7mswo8KIl/mKDTqgBRC2wXagAGqJIdCMEISVwKM+ZJgYJaNUd+X/Nb6GVUBoEhVCrQYCImlI4C86Djl1BLZliyT+sYySdmReZM+QpzRBeXFjnc2+epiM+WDDJyOnDeWUMBgT0CRAnz4Hy0cecrvaGiv2gZemcigV5WemAWiuMExQJ4kTYQwqUov2hoAdlk4wII0WdJeRKTrPxHoemADB07lf+1q/8yt/6O+UDhj91XdnWjFzjMkaT1AZSnmeDQZV5gnpKfrtCfmQgIc6X1SMMXdpivxv6zcAQluN43B8Ph2mUQaSMmCcQXQGhAAAQAElEQVTSHsiemZV3ZCw3kqxPeaR52vXD1W7zePfgut90hJYMi0Fdggnt0mbbD50B3/huUqYqQ356c/Psdv/Rfl+Y6wRwKLx7pinTIc+HPGWpfVb2ZYeFBZXeMlawfMLZjMpHZTN6PqixTENh0PM8iHDZQb/dlOfxl/OoOZ/G0lmeYcwdzrsBX7naPbnePtwUTl8GyNi/8nXmDFHTPGWpw1X2+bwfj8/2z26O+8JBv/zkzVcfP7nabcukTmNhsvNxOipitAgiLX+WvPRRwLBksSknPBzG/WF/uz8ex0mLt3XDprCgsiTjND69uT2UBwPOwqpm7gKLibJMV5vtblse2iHWImq8yolLwd0e9gcWeHMHXBLserfd9d2DQbKAIWPqkoIWBW5YOsm1ozpkLjhPRQJKoTmcpiKPuMxYmUSe/Pl4nI9lvXfb4c1Xnrz26NEWTX6kLgUxa2avvqxFWZsetpuei0yVfuq2ZXaYJZ+ZKj9klOQqQmw0oOZ1bCVKX0BmeNJJ+lhAwos/qrcKOe0KxP4w/pNf/ydvvf3W44evoNT8qloIvbiTqno1H1aMYEBNIyHb81u+xzV33sfXs9BIkcC4GYpm97f/07/zj379N9750tt/8Pf9l64KkyDDcnIRMkaEzlCRsMwwyw+PRRk8Hjbb7fXVdeEIZb/GuHRQZVMUbpC02qL+HKzCZehJtRxc0y4u7slgutQ/e/bsn/2zf/b6629eX13xQBQVLPqG36fT5FWFCX7w/vvf+973Cm94/c03t9udbRtBpYrWwQpgYb4fPb35rd/+nc2we/zktcJNpXigjJk1uVR48HHKN4eyK3PiPHWDMngrZgc13Vq5OQ2b96fxNz744Hv7/R76iRjLqJUlRTrILQVKzuro8VjmtE/p1esHb10/evvh4wfdUGZtQC59KSorUc/gx2RJ48qvssosJsVZbslVLdOM8LTwt/FIhSMU9iO8ZlbZz6yKKSBjuqH5g3n6rf2zf3r7wdPDscxfZuj2RvhGz4jNMsW77ebBrt9uUz9wckWK/IJV/w69ut/2Dx5dP3j4sHx18+xmf3Mjy9Ttrq42m0255OmHH93ePBMNmhT+blRRbjtOh6cf3rz3u0/f//58uOlw5JVhEaM7JOkks63A6neZlDL9G+4v57zjkoE8drQ0Z9YrKaLZbnKlaWG5bHDYNXUEQW9Q5tN3tFcVZHmrlD+LiCe5nc2FCvbAkuvcaPFOuUmOibLbZuctQemSl05hsoWLb6X8ociWJJxbd002w0YYeBlCkeTCClhznsGS+GUtisjai7Ec2z7Y7q8MjXXE82syrwj1ojEwb2BZRoVwsZ/xlW5459GrX3ntrYe7q/nmQOO86zZvvfn6k0evbLGTKROxLjhv3dGCtZfsmEWpoGlf7MFx2udRsxkaF8ia6pBYSYU5m9ZOhhjOUEjn8dWjXbctW6PsneZUiEiycpuONZ2iKxxyLjT//tNn79/e3EzjIUH5++HhptD2zGKWUtFENlso3ABxP+djlk1T9ISh7zY7VQ9JUgNKb/gnZTcNV5sHrz4uf3dlR8rpClYYerblytIUFeLD997bP3t29fDhK6++evXgQeGHkmiPYsJz8CMwMqM5a5pHZYNq4Kh7grymp2RktcXGalpCIyXE4p5l8vgPlW48+/Cj8XAQw0jFtuo9vA7T4Xh4dlO+VWJBzSvJL/lqrkmqdO7GlzIWzV8LlxudpFqFMPmMukjrqZ4wb2W3orSUh7FlXGYVNSOh1uU8sQwa79JpZ8KqA58f+aSaJOYPQk+oaWNmxTJzIc5C80K0tMlcjnNX/sPuuhuuUne97XvgZKZJzjUhn7NJwoAgJE1WI1SoV0eqc2K7POeiFZb/mXvB7FE9A4HmA0HLzAkNr7JZQ8sHyhzbqIX0CA0XBeaqqXmOiZD0vEnrAfPadeBqalEWXSirJszioOjj+6Jn5nkUSgNm+8xPN7wcvexfyTerO1K5kRy/KR+wwkqFZPKxWB1FU50nPTsyaV+1kCqwjZ3JXpNxZxukkTL7APTpnpSUmOHZTPFoJPUu2kESJUvNRRwzJRYDa+o9j5m4puqwfdj3rwxXr222D7EfyhKz3q0rkHlBea/nohx0QqG6X1GrKctu5T3uB+lSHFhQJS2L3peqfnWis5H4p8CYbxyxO6FbnPMcotTOkJ2oOPVQmPxC9iMtD8aR+i4aOTI3nWl7ZUSpjg4xOwqH3U/HZ4fbZ/v9s9vbp7c3Hx33wCd6hsRsrti2hRY2un5BorNTpO08Il2gWeWqDGMW+Zr5BVt0ylJEQ7PswcQLkMaiTdFUuNUB2Qc0J1YXkP9jaR7HyeikzHHNWhwfZ3X/oRk43WLQxlWdjWqtYcu5C1xRm/10s2kCwC9QUl+rv4ptNM2iLHdKourjNBdG8bjbvHn98K1Hj15/8HCTOfUuiyI5/xYugxP6aFdEfQS+G2LJTliqCkuMw1jYlOI25qP3kaXPKeveLDpqmf9JtJwig4/jeJRDduyWJDGxmfN219cPHjx4fL292rEJLN6EXDhD3uepbO3DVCzr8TiKJJeFVg7iPtJqPMYRQHS7QfPFqj6h6yi+jQ0b3H0RkkUH32kKWuVoMzsyirl7PHB+bDNEy00GOTSkbLIQUhnLyI5izrddZJqZv0yBnZaN1q2nEqz86ZOuGJvD5edlHjjBdVlHuTKJwsy8r+cbFcdAuTEfqVSK7/jgY3FwqAwuVFLcMkX3L76Dgxj7zA0H8YJfFf/FrtxSGZPp5KKaKf9zsYixl0WUZOa+fDyTfeVlWEKh5aGD1KcWm13PWWr67Zk3GeseAx/HLH/lVsYZ23rZ2MgU0SHZT1L8SYfb27K9eI4Po+XxJdSM7f5jJnr3b6OfVjtVAJSlAWFVtp2AhVDYehRHbWEjHSvrnWhZLOV70dVl7jXXd5es76LdmxLiCvlsinoOQac6sJBhapxzqiZDbG3Rgm0Pqx+o7j6WmqKAZZGfIk3lP1HX9ZSo++5Fh5/txazbTUW5vbLJY3OORHnR7N0sKcvAVeqKS6p0sRPaYJtIs8FLIupcFRh9Dpkf3Oe5KNXFASZp0vVJ8ujki2weS56Prq5O7d8JN7HK92BaEnief2MpZGeR/RI3Nhtma56iHk/0NLjgpT19fL22/SKb+7AxwE4aUQ3k2fMh+GG9qasXlRGRuvGyucFql5RyOee6+hhBtQKhxOQxpOimSDjep+UzNqjFaDUPnHgeenEKDpLoH80i1JPQbBUqU+rVFcJsrTPHY7E8sBty4XKallt0QuwLP8DqHbK+6Hpjy0Z8t4BFSbISRv22MfFcxeCpDPcRVsG+aNUxuPxc7VC0iSZ9SrMOuPRl5ZDT5JOOWHsdj0DPxI7+TDuYjq4Bk8WNgjyoFaam8CsLXBCiKljgm4Ltd9dIxfThogZFg2VBOYmU83oMrBOI+us+DxZP5YdysZyNF9qK7RqRPEzhHOaHT5AzBBcqOldS1qZb1+IbxB4RaJYkuwVZd5Bpg24dilDV2VUNR+2F7OoZuIU/+4+yc1eRKsamXafVG0Gz6KiiuZp0XrWg0WEQ4OQw70VHqG1Wkan1bne8AHVOnDVs/kIlqpg2VSzNnQBNqQR06VR/O/Kmrb9VQXHCrNC16/g1uSIMPo3Bl3x0uiJkuqYvrg3b7gDCS/itkIWsCr8uRlkOG5x/1avj3uQb+ja3Z/lsqCgkMuNOexe2sFKdLK8bTeRcMiZE9RvSbmvMW7d5a+DE4xKczlPz/lLNlpPPnJ+dtBDn9YLzFz17ko0qF+zRuX+qk9PcGp13unbhVllD4Bf6ePINBidtr6nDPBNfQoaLq4M3XrjtF6uh8ol2qwFECMCUR/vMfwARmHBqcdmQ1NeiflwWiyXc+eTR29/4+o9/+1tvvPPOozfeuH78GCSOlo/T06dPiwO5hMFYDWNVjYqxUNTd8sui+e62V0WAioHJT5s48EqqsInmlkUVnM1qM0Fsepj6tFjt02ikpDApYlmzmxSzpPwFqafjQiqTl0bRGjUxA3K3hFbUBoCqJ9n3v1uqsskl+MkGC0uccZa5mHVLuf5HbHpjOIZ61aJNl8GqkFfSI7MLSDVUt8I0zYIqHtpPiLpIzh20DsxiyS/BUD5T0InTzkvth5P9E4VglheRsl1il9c0ivrNLiwBgsisiSmOpgFaJ/QuSa01NKFyoQqPhHA0/C/OK9ZVLMguC2Ta/HJk9ff02bGAkwVW67xRdMGVzMU1RNl1CJcxNccJumyY5XVmHwKpGaiOMFBrBs9Z5uUmki77bKuqUllPKHJn/BeeN2rV+hDhRDsMq9n5RYoLElJueLl07eyJ4cIzSV/8oxyCk8igOCbEzBMnPc9hMjeSAAJEyibXAsWmoCzpd9DWwYzUMqPospy/LwEPMVVnMPesdQdV/pmSYbqBaQx6oxJiVCuRGVBxegyK6XDPHeuLYtbLk80KUt+P+KpUEZexij3MmBZm7V3slmxygS8um6Z4XTtFO5Bpm1YmjExbYhVS/6qJoiQG6r8wXYO1djT9luGHjK+AyCJUXMcdRzS50x15FCex0QeuoKMsdHHlFUHUU/k92+Jolgc7lDuj3RIqYriMLQGvDpR4UZELrIPxOHlmOlHQU4g5D2ILJxHvftURULmsGP8Wi2EviETEdSdxiIyVPxAdTcNmhAZlYYc4Fw3rIgGWuqVBHR1FzGHYcOx+QFPbRVJ0StymzoMyGi50B9lsWCN7MFeE3Dp7BL0zc9Wc3dJBC3mq8yWhm15dKoudmCJJZ0M4iiTrMerTBRU2GAtn/6ZzxoALKfeFaaf64H17eCZW891f2b1FJpAoHExBDDzqWMvv7LHyN19SXS/MZfOpLY2a1K79XhrJecfwXsPFOz92fTGhsQlxV0gMkMfJe6rzp6BjAbFR8JPWnyToTaOhBSuX35qKB2oxKa1arNl6QdVDtBzveY9PB+OWPfWSo08EvYokY7eangpM/7NqamRoOe5daDga6mIjsTimBVgcaGgOgmZV10h9wM7lJUbFUXphZm7xUiMOtbyihCBApEbHsBBx95fdPQlnkO+ydMUZHSTzl+nUaSeVmxg01kglpk5WDcg2bzfJ1mbJxBE7RZwWAzaJ3EfhNgw6kUDmLMkIxZJkb1rnOEl5RLYpE4x4z0ZyFhwIa6sJIIw4XRvhWCXsotw/y2v+Wj14KQvO0mje2J3eRgNCztVkTbMkFJQumdKCjpMUR2ESV+EsAq/TKqEyO11DJ+RjwGopZajeNvNFseqvZoU72syVWC0m/aejdv+KTMtudc1ckzT1HowGcO83QCCtAVrr27mqOQds56M6uRjrIGSt5AlmS2tvWUtWCkmsPzD9Ze6tzDvPjGjRagKpAK+mcjUq0MNdKrKyBLhVRVLh724SHmQJz+7zfDPNt4fj9bAbUj93xXEz3xz3D+brTa9UnetjZAL0AUz/eWY0QU5ChyVgpyqEWQe1CwAAEABJREFUikBUCcdqj7CUWavbMpoGhdpSIbe0kWKaRaHImXz2XN1irGrZ7EOJXKZyIf+3z6oy8e4r0ZkSz4nRJNGpevYe4mw7K7k3R/U83bvmhylkdtwfuu1mHOdUQos4lK/kkAVK6KrfXl2VwNwswbAt+zEpqeEoIKkGceLeK+YCycdROaqMhtApV7aPvM7OMp1po5k5EtsQK5i3ZILt9XX52bMPcdzvdemF4LMywY7t9Q2HWBn2kxyMMdt2x9lVheit0b/svsqiw6uokS5YuvRcqbeL1eF24tpxFQTaR7GWZZbwiVKiLBqhZtC0ybJbkT8ZzdoP21XYXfJt5kcRZLnF3pB57ZOscmbFyRRqYXWlJ3NXtNtNiY4JKkU5EoPAXckvcpJjmRb6Vbcg07ismEaJ0mbYlatHcW+QMSTJsygqYnapiCdjjpE6s0/u9My8dio3QfgiVReoQMN5hLS0HFUFlBfZ5E4JkHSM3CwK7+F2lsSPbCmLK15+3iM4xk6+1JSRMgtJDuCwTjswcRVpUnxAvF37hGWkCnZRXq0QFHNrOgNl9Vac77qm+i+RqaNkfEMlnoZIsGGtsHC6AGgArpDPzBYLWx+QxyLbhnl8kPvtwJtVIJOqmotVQ6Dxwfp/NNHHFkfmtL7brrcANjRmm4nijtRt7GuGsV+MAjUwr8SmsKTU9FwDimg1vMUnldyqgAbVIXw/Ivyq8NcCuRRubaqOkGSUaEqYsxwfg91bLiTc9Yyh76nrcurZ/O0+Ot6OMJW9MB8Pm2HeYN6kMoOdDkHoqLBQNCM+NDpQMZLUbFS/mWjLZGB/d+GJBcMmahaSLqs1CPti9aAvvywx6ST27sRRW1XnnO1hbHlovLfOt4PU2Y/k/hBboC7Z+qm1xMEmYxSs6BVKn1Aqhc8xjURBDGqZqYbIbkIeYMeYoeP47PBsejofDjC/evVwQ7gFvFa0RQrXlVEMaa1jxOi18npnd+gxoTJxroGQ2xVqiqu0NgKTPaKf8a4XszoVoZbEdkzXw4YDaYIjHaFMMgwpjVM+4Ih8zIsfVcJsT29uylQUZ+i02237TcfmO6teV9gP1G9gLqRwQ+NtHo/S61w1IKJA0DpfJmjOgWUK/VB19SIiGZYGFkcsa77Z7somK0xI6bGwE62Drvh1/ikjs2QXoUVyi1O255MzLG35GKLVYWfIj2EwKYv23qnOL8qSnVEsvHon+v94PAgUh4fRqe6Y2UW7G66GNBZdZZyOc1YsJvOf8kSRzfOuvxq2G8aZ9H0Hz1ivmPN4ODAw4ioP2y1zQAszydgTOq7IgipkM8c9FROpY5uA0ZaFHzMuSKKfU1GWis9ZTBgq4WlkHYoP9JSvim9TJrZMDQeuRXcSayW7SqmSLsRlEj5fmPcwlEGWJ28fPHz24YfHoiQUXp3I2EjlOcJCVNiYVnRiqSnnzqrJh8Q1vm3ogLLJgM+QFm5Rdlea+01xqU+pn7CQFANQemOUs0Tbu1QPBupaye1kJRMzW+miZA8/CE24I8rUF3bphViQbvbiY2ssS3daMgKpPF2ptbigVFNX59QsBM5OU1LdT8ErDHMqk88R5NAw0CQJ6oYoowOFnqiDNk+CwnbNXeyZzAe+iBHS6t7sBCxl2iIKLeacjLGjAo1kIYsqMiucJ7u2nMXdp+xQpVTn02GaQUWkQKyOniExiVBnBuo5DTDEJ9SGJmIA3HXMvc0+9eh8LgynqnlUZdEk1dkX4WEEjc3Y+lFjWYJ7SEIUNF/p2PSPW6W6thmqzqigJjI/J6qsQralQJDEYHAifVB2wicXNHrgmGOe1sekRGMDAIbS8z2m0WIbFM5X3w9C1eVtYXglfsbyQVh72fbXwJuBAbaW+r/jk9wY4SfN1Y2GqVPEGnbJXZ2p0Ywy+DZihUi99yaq5bC0iGTwKYh9q1pj43bx8BSESdB7yM7nG9SlG5u2rga6kMitYqRTaSIOxO3ZrqKOV+RAtVJl/pPeY5YTieAajNIsubqk2hza+onPRiMNaNJcz2rOjMkUKy+TQk1ZRlA+7PcHBmVmZXBZxAOZGh+6J2ZXEfTps7iEZWDJR0jiVVfu4MZfuBb0UIPFuGxDJFhsDOMszXs0SoHZFAH/QfUDY1VmKTCOLKyzKjDVWFZlm2SadWOboQQnPkXjCdSsrBNM0+7nd0UXLmhEJXLNdCxlDRViB87/wlpAgEqaxgbQFEHXDc1QBlOS49i5zaBhy11lJobOKyIZdDqMr5krSpUbm2vVclQTVwUM3KsitOLdk6GY4wE1kKhqu29O6UaWYGdOSgO2GcXhT2ElOQ8DMrvbOHtiE9UIwB2qagw6i6ZYL+VaIO5GRwuZBSm+GRMa3jVF/iE6t9fgRQ6rAu9c5yVU6dLi4wnZYEMU2Lxf8ANfWbdsJF0FUnzTeBBalImq+CddWPyK3N42G/pix+3iBNWA8tlLJ6Opnm9c/lxvYd5oao6iqOgNz4nJz5OOhJ98MRC65467T3vOfdRVAGCeWqNy5eCGXVAAuqheLkYgBAHrmTLPxbBgxXOzHYraw9DZeXhwdf3aK6999Z3f8wf/+Vff/tLjN9547a23itq7PxyKivX977///u/+7vFwKGvdDwxS3xbDRBAnfMor2cEYQQezs3Q8imdFkBfhJuPMJVKIR0MTqmrFgcBIcKLn9rlSz5ZTp4iabQ4IZp5aeGcK35T42BKF0JU9mPUohWzzXlDDQHoAVDhxFnwiycmdcqvydmLcaksGaH/scEsxZFgLMA1IznmaW47U1EstVZTXnqkFfKRJJsqPG4WZDNB+Ut82jby1H362mU4w3/9SpUvX+yi2JQapRmMDwo5iotEr2uEzU3U4ENsbOjX06JZz+azZUT6X564KgS0i6ULqMWvTrchM5cXEUntKAM8E64sGf2nx4OUbnugdS4F/+ggwZb0KGRcsEKK0aeiREkitHHxRqyt5YVDpbvI9byFC6n3PfnXpNtSqufrTeqvnPZZ3sJz1MxtJ1NmUqlskS2ws+y4zTbHWzTIzzE/gxThUH6i8onZf3LHJdIfQtCFsdVNDyOC4JsaSutu5e1lF0UL9t3tob9Dj06J7KOjB/NbFYJ2Z4YhtIp41P0ieNFqJklhKjRabWj0OqZlFFI6tI6x+TbRzbETUqAmmfeHFFbDTYGq7krgGzBdpu97voTmI/NCnP9CXOJky3aLA0BYo2VlIMMMCQlvS6SYNZaHMUbWUAesu89NaKYFrdXbQJVaZTNFQ558eTtKZsWQDTocM8JgmqkG3UEpdPzbvu3zYRHb0NHPMWyUksJ+o6s9BZZS8YH6uHYx4Kkm6O8ImUpdHX7rBn5YA8gRnFgV8agrNF6K1m/PlePLiakYdyalNpjZ2NtrNAUIDDOf+/boFDXO49D1+PAly71a1fjQQgFAxsweUUDc/PStf8i4BLLwHZMlBILL+vMTjG+hJq+hQrSn44huGIiXV0AhDHMIpX15cD77lw8HV9AvM2keFL7jRWMUgNedFjE/Jy8QAjhyWTB2mPdruLj9MZs2SG5hks6AXoT/IxuHaClE1sJEuTCloSEM9JTmFqZbMxnKHnQnAJGOpOeHCDWIdLkFoZcOEJ/pSQ5/o0qgqCuRedlM5XNiAniTMFEhiu4bZeGWD2PB6okYbI5cNsNjU4lgmC3whLD2pJgGhkpbSPIMXUJmpaPaGWDJFn86YITYzE3JwOf9iZIikQwfPqqxHiJC59yVuWadMbo02H3yPWQR8tzjnjU6Rpv41IlniE+yonsWzmMm8qwANs8GFwuZuH7uN3hzCQDf/G0tXTu1yxHwzTk8Px4ebse84elFc57fH4/6w32FXt5tCMO0gFos81VMILOGchOzFT+PoI7WqUFA96jxSdUzgSsgHr3Me55lj5FC1BDHBcrLYNipabhAZWeJmbJ4ybC5tesZgTRr7RePT6ICaxm9R9eaYIpkXrsOajsf+cEhDP29nTpsAemqfYQrlf9vd9njYFtP3eDyUv/1mY9qhOVGhtRGDJ2jCMmxkQeX5Sht50RkOOzU4FXfLJeNJal0XjZfPa2zk+P6oWVtM8xHVv6iH/B+7DWYlPPPAkroJqDIicaak2ITRrQgzLTq9kFfVXwiLSXU1sn7OIL1O3aCtWh0i8gIPXzJ28+j4Y7A+Qj8Dt31i21BnmDlzIpKOVHdTFsfuSEyK5fKbPA2SAK8vvgk+oy3WA4VMEBK1I3LOQ8PyBTQqwsxR1YEZ6pzVLUHqMRGfFmV3LSwG5Sy1ZRZYccYor81FopKlheRQmBfOrlX1VIrJ9gYHzcoAu9vjKBimoo/OipXUcsKqa0sSAs10oGBLdbbz3TveBmWv5U5dx5mzcfkMqFViquhdCpLuXoWmuxvcVvvsQh0Zte8rN2YGKKsJcMhTN1Kf6UGXdpyMMulp06Vqtbg/GU+tsj4LbA6NzzoD5/eqFiW8NKLwkYJ5NqphjpVak3C+bjG6Zp9h3VEZcDFQVW0QGySldZKqSCVPEFb75IC1eJ7u+kIDqbvabBWUO5fgcIKPDreHw23x+QFHt0fO9ZB0RBXT6YpJHXfQHpIxfD2T2AlKkhYTJD+1MtVQXD00d7NtVhANITv0E0WAqCRJjR1oh/BsqnSv3aE0+mYBJV+5R2eHeINboAJZOfpd2IMdGnOdAVu1wtUlPuhcpPS8P95wUpDbeXp1c/Wo2/SMX0gYR4fV3VTho6FBUAUZuRBHRQirUKQkfUxZYAGdmqhEwVnAFCJ0yc2/58OxgqXgfHWFUnssXlMcaRTrf0i5y6kIhgNLgHnk/FbTzX7PxwuPx6vt7mq7HfpdsXGKG3OTOVPeKDka+KnHcYSGrRhFAmBFnqjup6SWK+hEKT5phfXy+ZTmnvOYcl4TkVdbSa3EwNTyplyzh4McCuSfZgGjFt6ZICX3Cm7EsTp3/STuYxbxfHBxBC7KPtiU2jkBnXQGWMuRm7TbFAd2miRlysT50Ti1XBIoH+fi6IoSUb7tufw63zXPcgI+9WIccdx3SFeiQRbV5JgEBTIfJRtHWZ3t1U4OzmTN5S0k1bl+X82cZgJVSe66DVd27jf5uL/Ro/QlxlpsTUnr3AsHYihVmtLIUBtGppQXw3iUzESDHK/RYzjGJlxSaHrFrK6WopyUUZdJfvTkyViUt5tnXFp+1Nw3dibLMkQ00ncptVVWOu0u1QF9ZZmuSMlAwKxlq4wMdi+yBDll3TwM7G3J7NXgXDYKvNc8D6LKOSqZP4LOs7qK3x85WGyHO+1wuOF84lxUlYRhFyoLbBViYQtkuP8sylLqST1BJlLJEBrzOA+cI+dYwgY6G5KnKou7v+ENWdMRYDaACDTRVLnlMdsngiGYk5geMsBQbMJhq2FfMZfUoSfYzVkTXHZoGdaMHQAANTwqZA2e2IpYFRRjPGFO6C/PVjw+zPUrzsiY4dQQnc7kIdJCicN6CnXBQzCsjjgLksxPas8EP5KIiy7ZIDgcx6QAABAASURBVMKayc1z9QXGOxUTGDwsN85FE6R2UFgGWxUvexwx8ALMSHMlXoivDtKSbHXJQPgmqesE8JQl5sBFy9SlK3t9Px30jJoyOJRDLwBG0QqZYy+xn12WkvGaqUlSRckyi2HVycEL0VEMysVAFrN0VLxEpAOrCaqYRVQ5SO002+DLj0dVfU1s6p94Y0oB1cRCblrSCV3S6QqBrwbGTeTXc6b2WWSnGhxxIv+RJYqw54AdzlSf/ixZILPlOwXJDKtJwVEDQXJBVuLjc+/zLGQG4KctyXAMqu2YSRgaODWkU5MHg1KzdxAN9oLtsKumb5TGE+cTIizEA2PgoRpDLskQXaUntWAsS6hZO5J/SBKloOa7NEqOPYf2q+oN0M6eKU/pRM7b8099T2e/O9fCYswWsDN0iG/OBtOhzzAG7oh16Z2aLWbQhuZEisTzd7ZnTciSc3+mAwXbub5sHRXScfVcb4DOVFLmE8VV0nnuowrf1s5rWjvz0SmIqKNAns/WMXPbK4KeL5djoT5MeUhyOvF10RNs+iBL9mgzYR0wxHrDusPX5dMDvjcoWK7lrNTuBxt1sdjY11jJ+nxNm7XFNtsNXr6mMnys5LAQDdjY/osfUzWLWhu5Eu/yetsu52SJ7QUAF+KPp3eBeisHOLX9DhXo/Od1j5C72pofIniszYnN4k2tTQefasOzwd79hMXaoJkvVRlU7E9WI45URil1JfuA7Tc7dnJ9vdsfjvv9WFTb3eNHu0fXb3/j3S99491X3377yZfe2j18UBxWv/v++wcrPXC8efasaP69JB1hvMnVFSNOOPOfeqoVCJIlAR6nDtEX5G6rJHUhTFxI03SGvSQWO+z3kgR51HkuN+cEJ5tNF7nYc9Pstpb0z9L+ppZEXZ9XEKEka3QbVqIE0k+ppGOpUswjR8GMjewtiiH+DxXtDXGaxm2EkXN10Fnuw8DBWGM89x2L/hyqqLbJkjK+2OV1rFGz5eJF6KuGNdGwu3tkeJx6XoGM8aWQAtRi6eO+PtGnzzZUiXHPpKgfCUo1cwo/Wo2WzLu+Ua9ZeFXSi0iwbY1GKs/4FCatpQqCS8uAHz/autg8omroWf26q1u+GVea1uKCTVEZJ05S28/qG8+WK1a/qBLMVA6zGIMCsfq0zsw/o3/h2MmS0oNtEjlpUVVO63VMjmlHPnYN43RadyCqCdHiUaqihPsd/I09URMJaqL2BvMSt3E+udhzQSKxuWIeQO6iGBcwP3vo8KZ1YGjVrVqhrl1oVQRaUAxWTAyd0VKjlYRsqCoRRsQGqoKlD8viH8mRx8AvC9tJfCFy5EAmPJRIbpnEZHFLQSREigoU4e4wTd9QxLE2bectuz+42SSNs8JwBQnB51ja1ZO9TM2S6kO0BN2nsnP/C9bu4EFlTxa/03a71W2NC1K7b7usWH+uTcJmKpex7wVjWz0uCHfLy6LxJE8xd15n4Y5n0clbbAAofgHec3r0OgOV3vGbkCmqRDLeOYVHLvagXQvOle0tLh4UhpsxneaBDp49s0DusdokW1qtUiJonI/hJcC7xGW9if9SE1wwKyse3eCBixugubtEiQ+1S8VcMH+sijW8qKmx1LyR0IJ3Xc1yEu46L+ba/t8GkoMOaqdtrc4eqbG1WkxG7TtBSVI9Hnx50lSk68FrPa92TnMn2kjIuKCeizuDzKNjfHjpcEwkKeju+FVrSPM5VlAMq8rP88dRNYJ1fpL8gDzNt+Q/qbuJoHFnu1QzFaTJxsEWpZ36s275IfF8mMdnx9ub8XrDVUJxGqnEJp/dbK77rTo/odkFNsvKRORYnyV6zHFdnWf0f9kjqBFZGZwYcpyaY+S0k+kkr6u+TZbzj5Pe9FxBRw5EcNGdudC/vJ05jDSbB8Z+qyd9lHSylJYSL67GEqhR/yQZ5jgexm577MdhLmMfMHNdo0SC7t1sdturMT97WmISXG5st00p1X3X8pkIFTf+nRd7Gew68COw4LsVLZgZx56Kv6sY19uBS9vyR7Mc+QuwASWJUCn2y9kYmttMjjxbaZjWjxfqleK0fNoX9PoyjZzD2rNKPI+zDHEKQc0/T2fuoLsf1FyKGmc727DgiQ86Yzdo0XAfpmmmhUB5bifV1bggFBeL3HARkLzDvpDvVjEnop9x4hM8SV+ULH+T3NN3Hae94aSpxRuMR0njbVV4ZjldIecuuZhVZxGzZLplOLaWG183C3nEGu+wmIRKctQZcZ7ut6UAL7DNMDBMinN7SD0d/i0fAyLk0hJcn6Ln0sZSfSlZ7RARu54PubhnSyRxm7qDVCgwlLdTfuLazKKOhkCxVSN3lUM7Qgp3LlBIXGwwFrBkHg0NKPe3A2WHeern/Kzri2OpOLZ6Oe+Z1fEj7rCIiQfz0WejKz6aI0uWkgzCKVN2Pt8X1WzzbDQyPbwWC+vjwvKZDdIONX4bztmTpXcuCoqK6uSnZkRCI1TrvOlS8CIOm+Ga1xEn4OJDJcg/7W8ycXaomcEJOA/Yd+pbTLXbeCrKVMLFUV+NdGczcq2v6ng3MGtEU8v2oG5KdmiUGUOKvivI1gCUWAfreiOeRHIutEan0+0D/GT+d9YoZ+kmCw0hNw4GM5qEf5TqSrluJVzSzOium4huy0TdPi2a1HH3kB484jPrsNlgLxg1KR8t5wazz39dDKwIPvujAf0g8xRdtpaCOGixkprZSNUEjU8Ua1Rr4Cbxm5bXEyORGcvScYamzIyNgRdcyLf4cY/Sxunq4TVdddfqBdHbCgKA71wkx1E0xpHm8HQuCAA0X6zRofMxFuOKaFYrQYrudWo+FA/zOE4bBoJsO04A0As7Ev1Fy79xFtdJsmUnr8ZpPoDCoAQF0k1SzonTgKgbmhNDSE6dlDWOm+XYTRr4LFuS3AFFKxgR59t82B8LZy4ebu0oV3YqEoLLAHX93I2c82Tiv8cjW+ADJ2YZyq+vdtyBfX/gckDjyAiQKdMN568dJGFBD5q8RQ8+61xlP6wProy5rmjqd1mmLV5LIm7mx4XpCiZzUrRoWVVxSXfib+fkasfDjBMO0zQwcAcktaG6s5LTe/V5ygPkYIGc/CzefNaLWGfZS7KWmSr80vkdBUXZQhrbqMOAVpjmgNWaBqhKl9pfnOQmi4bZzV3xyHcjJzYv+ggbZeJnR0Gf8OFtO5aK1aEhTaohsWNpHpOEjyVBUbbII9q+JGeSscEwRJ/tYydXZ9HGlo07hPWBCgfFXssDDYOCTsplo8Cdyr4h35B8KjbGnBqlWnZ6Ni8TxR5xu4tnfc4YwyRq+T+pypw1VwUYGJsU3ULedVD9sMWnix5TzxH4cuXWusuG8o4lJmMlsGxEVM9py69nO58fhondFk65Qa6qB0hIti5FcGSiSqt+us62ObhrQGcmN2wvhkpVIVB1qXWOUmW4Cj+TnCX+qViRChOy/gmjoErGQhU1kTI2BIR1mwD6GVf0FCbJ8kWDnawPYmDQrqQg1xFy1Kj30DJphnJWqdz4R1D11as62qA0a4rXIHReLBJE04nFqXCrTaYdJQFvBi7Y0T5+fLfK2EwRBSZNjhD2bzO1qdYZNy9n2HIQlAxY1ZjovXl69NhHXS8/GCwJ9hwuYR6SisOPf8TcNOAJUGMOqEfA/QJgucXBDqaDKw/kB53JQaxBVNr1FOASqV4XxEf1EItPEcZ3dW5xoayquQXUzIyzzaBHUNNAaMqm6cSooeie6tAURiG3iehkgmDJsU1jxhMe7i6E5pN6edtOPFynrOJSq+bkBT+GJ16qLgkhLGPZcRpp9hQuMR+6fpnyQoW2fdtq2KCARvlW9VO45NiBxtOGHrHwValqme0AErwlgZ4i8INWwW8sPgBOZna8ycBMiJFBAlrWYq/A+24KN9y7nVki4QFr5z34mL7B5l+834q2T0wnP8Flh2VyHRm02Ante5nWrnvug/DkzljtvmUj+GTt5WbgOa05lu8DbhhjNYlcSUO4aA9+xq1ZG5NBdPq97RB94baYOqjU1k+aZbxoeSWoMBTV/s2f+NobX33nSz/+1S+/+/XuatftNjgMMyJnN/md7xc34uF2L7Ksu374sKimm+2284wdWj1K01EL6GTS2jhR+AbAT/sDeFZDew2iaCk2vTjoys84lFYcAgx2N8QJqEojjQxwErlDAE3CqgUatGEHdc0gzFQ7oyw9aynTSXsrrDipouzTSBBAEUOQMnfSAK4/3VmY/cIepoNSAIoq8xGIieJuH3fxXcI4of6wgE7OPpLJFviP+TS92J/KVpg9S2b8RFXRMxQbPmdCA3FC1CaiUIXNIEL4ue/ouxshfErdw/NVCJYdBP3i/lDIXPrkjBwWLhdb+osMdvlh8jOQxv/OLtC72Sk0qMpYCu+cna9VB5hMjumCtACOmeKe4mRE8yEuppQaEUrkqoUwnXQyvdIln/w2rOSmvdB/smzsQquupIAFEsQ1rODl+nTnRmaaiS+Yc7Yl9LxX+n899hRSxLic90JSQtJcizCBgfPdcG/nmkwNNtOi2YiWGdjwfX4WS+pRIDgou3HWYvIrUD1CiFCTpKvmJV9lZQ+EAdsQDcdtO1sgiBG60sTeKbazEizP4dhN0DKgUuh+6B2S5tBNk5+c6J5LIMm5Ac+lFbauUYYZYxoIYkWs0+O0YZpQnTs17dB9CG4MNlqrwY6y1rwXn4yVv5Znpzpg/nF2twNgReRUd6BRClzSpvDsxZnWiFUx/SFruBzUJW5z+aNqXrjoVePz9uZ2EP9oYwngyb+LDlyacWy6dPZsuvj5uSZ6rxV5njjBln11li+fehla+CKcrhBhEZjXWSmUKUnvNIaXl0CxalO0vKJhtj5ePGEmzbfPbQlTawhyRSlqb6DDQL+bwmKw70xBMz+jez6iE3G0JbiUqrJ1PpQv2hjtffCi1kGgd/FXSdyGBldqqYc8p1w1lsWToly+ns+zbxt2BiGGnPkZuYJlha2WdLLOoFoJKm7MrtYINKIb+nFPtELh6NJJohWm6VLjSrAIqLNlqr4/Ze9WIsd7q7fXxcsQrh4HWkIdNSz3VUwcj6tILcxyXFpOwTIm29ZczwqprZLhkskEaimph9FzzbT7rrOBYLiz4GwbKuWaj0TkmxUHcQ1UdQfQg0zW9ZN0U04zYYSS+rbK2MgqzNiJK+tvM4nhmLAJRAmkaXIvoXAwbx9BXmgs8jLympnkWy6+/NFU4hoklAwQdMjTzbjfDYw6KfbZOHf7/eF4dSwWXMfBLN6GM2eTAMMaSa4TLWbIp3a7TmAls7l9jKjUb95J3i/UzOp19UmOGheHvmSJD4sgqRtItq8On8P2uVi4xVbtNpD2uXRoKh8JFBel6oaCSSxVRVJ8TSH/cVIgAniJrrooSlGcoYIjZdNx6vuJKyklV/skO/dut+N6rcWoPR7KK7aWUSceF+pqqzPBhXbiPTN6RXNfYZ0unYFkjrpZOIj0tqgKJWo3D7OWKEc7Nm9MSiofd2haAAAQAElEQVTJbwT+1ctRwlmqkahfyKmRam8yWEiWPAJvAUjVkBuN7oR/w6XBNa8oEg5mP4AA7ocFUwfxeTdEY+yL+L1xTn8ahcKnuzfYt+r+IR7FYdhxeN0RQTyxk5Z1Lxo0kxUflS+Xb1Wf15sniFzVujS50q0itfRhWj+xRBY2k7AbjXtov/SUm5CTvHDFEyJRDi1mWo0yfZsQszMQwhPXkMt3+a9zfAhWjd7r2WQ+W7Pd7rpUIo/HUTLT8iM51QBxXWEJWggeW/K0iEaPRirEoVVKG86LwmUUQMsLm/DPmq1QkuzEiURsZYesCDO85IpWmHlcQyEJ45CjS05iGMvqi+qCUwWmn7Uoa3c7z8+6w/V2t039LG6wVIWVzpulc8PK/JwRk5Yrk3n2/qE5JYx3gYtyXwKIvQmB6/Nlc3Egl8sKJnyxh5EaAwZ9m8Xkx+fNk9juAIqKRNYnirTszbYil2gKnSs6LsNMxjTJ2dmntyUgP5atMPfMYDpNDiR5yrN3xkxRcHURTFNkmmKm34n8ysmtbZsS7aBYZ4p36wQSliyrm+YXsHT7TriwUJtdL9UE4nQGLj1XKSGkG980C+JLowVZjNBeDlygFiYuNJstRT/TsOFmtEiUTFe45maGbzAqYtp/dJBECPlqnnYPHm621zQojVlmTK9SrFEROX8uqZ7qaVI0nut5aownuNzCSr1WMiw8AtkqHwm3MbVVHB5ClnxgAbuB8nHmbB+SA6wIgL4rfttEnJ+LJjnhMJWBkMC4NyzCenVlZq1BlLpRUnrcTpLXI+Sb607K0GpibsAGygqaj5QkCYh0vMzUVML4chiwSPihuKC3edcxBIHdwVLAlEZBX4iOOivvs2QnmJPq8Vg8yGULd6XrXTePXZrGWfwnUvhMUQ7mYUBmaQNqnm1OasJ5YTqanx3LM2AUfbHXbNmM7ZDcopu0GeZxT7f7keUsp5EZkpxBTtthy3XXh81xPDD64Hg4TOP+do+H4k4fhu2257JVksYDRKFkWu9J0wUEE7cJBBNJhR2VsfcDl8NhDCsXEQKpbSlHIdkMZWBJJ0lXuNrOWNw3nBZmysPA0BNJgmB7hnc9V1hCPbJsR8r7Tk8YJUktzv73zWbc7IvywuCaabIilCZguSngwPiMMkAPxSqFV0pcmD8n8IVMuoZlc7EqVWb5UHq72U69VtvhteSyQt0gtYhVJeMD+6SAUdv8mldv4M8TdTmxqiMZR1Lrz3fXmIXEqgUaR9trXxEjbK3/WWrsGKL0htXKjeZOZ34xKVBrsPQYnNN9kOo/E+tUegvDw+tdEmitaXmtGyGreaIBEjOqBTJo6VQz+mkEJLPBJJOFHNy38jE+AOSDtW4/yv6PndesQqoTZK9cRXL5YHpgs27a/bA80G6TrYprs+LK4BsJs+TByv6VNlN9CjZP9D2BpnwLAQSwhWpueT1J7QtoT1N7TNVC1SdqshmsTl0V1eDgT/UKC6Ekr/uBbnmp/t+a+ABGH1aAU8eEoqgkx4JAHE3G1nNihVI64Vl294QTahZG1JJ/NTRFzUo5KsLVK9Ccebxg2bkvxTpyj3qlmGR5UxRLnzijZJ0665ZnkDKtxp7tcWhhvCaNnN5UB+sskXzKdpwY/bugTe10LGrwhMoxTJToyrg7QtUsAnWMaikvm49QYsmnpepZC5qzV3mhQbvdSPViMfzICj6am8SVs4aC60loU8zB/D9AzYDOFLIFT5RThWDzkf3qOBxMcTmpatL+FMCdJnaohqVhR2H4mAZt+pisWe2IzCUvTYblqGLeWn3SUnbURVr2ov3s9FbPa6ph+fa2jsW0uFIl7+Uqz8puMRF5kavWYz9Ychk6GVVk9qCYOGg9o/aVmoXRJ/mpxly0u7nxj/DEqJqYlY4cYgLxazI4H+kfddxnUy7dERcKUvPomlEjNiVWxbXRdA3PvRixmfKR6wUWrUamaOFUxPMLYlKe25w/LKyK84v4mEc6v+CUqC7fo/nYTb/m7cuR3ydoeMfpjnu0C2vRvL3XWc0fTLOM18+/CNv9JfsimzNIXOQUsFU0j4Jk/+E8l9stg9aHzZPXXn31y29/45///U/efnP34Gr38GG/3ZSN8B4nOCla8/Hp+x+VW2x2xQlxtds90AQkASJB1Eo3xSGhsJBRa94Eu4hSMnWNdJeq8cI5f0etp1O8X9vdLrKbFCU9qtVo9FaToGRLeIZenUdS0tZHCIPVDFoWQUaxFbOe4NSZ4gvmSUEnHmUOtdK62EldTTkkZ9hRTgvoJYHkyozNgV6yIHOOsLUW4gnUqXZSqgthuneg3xbaZ++E1Hu6mzI+1+bKOsbb5dfOk8UvP8la6bFX0wV9KoU/m/XqqjSo+DNdpZMKh9V94yPPJ8moTUyYHNb7aVAcvsitWUh6+WVtXcZUwx4YG8adIPg8KQGt+P/YrBbOycAphIDufK4+dPkxnn52R9+rsgVWSlpg7CWagSkkvVswaXmzFFPkXlFJtti6Tdz4WnajYVlSWvh8Yi9NtRC2Bv4EWyGfSH1XjuWQnz23nEvgqr7+VAqRSk/DilFbyy61y9AkQ0sJ3iOMnmVB96mjb1YHpT+Ob8YzN1fhjlANjuZW1LTgBqpWKSXGt27uNLoDBtfITcTAdPuwNBR4coI2hLgXneHTwEvwBJcX64bvNkvpXXWD+7r3fPLLMtmkJkMNuP2bzOHRaQjBIwKg3njLwkU+9Y2qaKpnYnU/xM6SjMyQsmaoaDBNW3qpaTZPd875PkI7MlNNCKyTdGerFvXnLUk+1UaupJ6ofPf79akaXN4+ffrs1dde7fte5xNbVD0sAAe0jGHXm8AXq6lpWnrKzjJxxZ4Jb7TDc1UpkY8l0S+XHgZshe/HaB+P6pyf2EJYvP/sGnQKkIgZxUFtsdkseqo7EjUDmx+1oXOTRo8zLA22RVCoCt/gXXZ3Mz5djbFbKLtIbuU2UwL3bpXDNRAccz81TJE8apGqm9iKkxkNtHdEF5dQeT4RNGwcWmmiLPp0Y5nBbvIr53ymS5D1rHocyW+J7T3iKfrexYO8l/iR5nZBjY/YcqrVLuXdls8VikkyCnHic87vGLouWwytKiVURxgLjtBoJ+Qarpd7a56IVYpXQnERHVNBDjzWWvQzR20l6OWC32WFPVd/m+wMlkXTOTjIR3uyBMUlWNZELqnOXJ2TtOwatTNljlmOUx1h3ufx6bTfTZsSrACO2NAxz7eHw7aESYTGDYavR+39RkkOBTFkM+NsEF5esxQVs03asi5k6A9QWuWPOShVoiF80Lhz3YNcm5Ofi/dFsDZYenK12xxv536cJCop7mAZsJxLKrJ/SjQkuV6rXEimzpFPEusxYEKHbBFaVjNkNek48U05Az9nUSmBkxJy0sXlYxO7rSREOd7e3LIjdujRIGgLoQDPbYjnegG6NtBeE9po8fbOWt5d0kazHrPZbabjaJntxBylSNTLZQL6bt4SR89KxMrhqkkd8dBsuOCcC78DnQDOmt4ajd09xGpWLH/OXoxpFmx4c9QQm4ON/lDr0pm8CGsZAE5iEeRxWiuDY+Oq+rNlZ1B/riQ46WTqZi4Dwap2FvIqdM31AXJSlNzAp1HBmWN2B6JrAeiYiLpdJUjGFMN4CBUGottpYAmEeD0WIh2dye4ud/ETw9iO2jwjM0UpkJMpadYRWm8C07PMduSiQClLUS7YT7wWQv+cfrxEBEXvLWGwSW5avpWzQSnFVBIYlp3vP2Y+za/VJDPpwXTpZ0v+6HuXcqjoofMqQxICyFqFKlbTV5kWk1C/BDeG2BFU9v/tPN2Mx6t+s6NUMz0SmzQKCdcF6GskBCPm41pAUJAbC2BSAbHNVS+bJLVLA7FvsbHFo5OhdRBd9jye3EFSlyWosTPfq+jRf/RVtvRUcYmcqQILt8YyKIBMAfiJS5YMjx70dMPnsFGKnd3u9xxMLXF/Ie/EhbUHF0Z1jGixKuuWAyL4Yb3MsqTFEAA9tKoNQxnF/pVSJOX20M2iJkiHRUDrjcyr2JJ3XS7byE2jJiwBwVTJJzRuIGTLe3rW23esSchWlrNwJRbIzsqwxay+u9On/OvLgXQk+mg65g9+99nNszeuH37p4avw4FFxcCohgwc7sOm9uGcRGrZPoTJl7zlCVHx0Smh2hOskXtBE8iAoB5FyaYwrZOCcCFN2/ncjcxopDkdwvemE6+8ZvSC1Blgi3PBmvt7ttv2GkRmpL0tTHLSdVEU5jFrnA+QcenI/s6+G0obGtdRpF1OOsbOstmR54HGeOBkxP1nIinKfi+sZWHxywZ3ist6MPWfi4KwfeZbUMcKyLYOqYbmSZT3hdkTO2FL5rrEWnqKiROjEde6r3W43vJA3MI5HnpUd41fU4JHJ52uuNlsG4ByPk1SPp+NMvSRVkzrxUtymn4p2sBlKTwUnMu2P+/Jyt7vebHNXHOiq4jsXAM+v1uzhaqowpfVp0+8YujocWfPhI5qcUYO95dtNFoSD1krGMRUq5cQx7Fjnw5ycjqP0ZNigwY45TZPyGOKKmaRVxhjkoTVlyiRvhzLfA4NmGXpS4gB5soPl2bVOAzJRFFXVYhtGsplyuyux4cYIk5k72YOsEVVm3bw4+mdOKrPpJS8PA4F2V9fMf3rl1kJGOWShKtNJGQ0w6CQpjIayaaA6ubZtZyuYgqlhFPpzh9lCE8pyo0+SXyQveICOPhAprXfm3DND1xX6mbPN1SwHahm3qSBtAPNz57AAW9HlB8uUOZgmm9SVPQV0gNgOEASe7hAwfQAsjVllfZQ9a0ByYSCEp7qsrYZckbGaoQB+ogacveB5JArtrrXzkaJgsdbcBOnsNVzPXC+jJvsx0AmizS20ZBZ3XYh6rGoVWqqVtoPSxQxyyK5mJmPgtf6uWpR6U81hY6akbhL52vyfRNC6OyTkIOVasnJ9DNIxykJL6+K2ltGLsRGoMogsBxUaPkYqStls+NCxUfasG7aCzWwbytk/UXdhlReelYxUxrqC77dZ+NrJ9Sb/JMVc+8I0V4NzqqKyZkY9QNbqeCqBovi4wvxDOQII+qfYUT5dbj2DqzcIrlKZkJuDir0r2c20uguMQ9jv0TKB+FRidTSgnuJoRmW4ermM7ed5dsXKjy65utOQtBcBbJTERlHHOhywYYNhaGzY2TUyO5+A7SQvItLCS9yAck0+GVOordkUQfCmywI02prrF/55Pfek/08G/AA40a6CiJYkER8iLV6Abak6N3r/xrazh2ZFdDfTJpa4d9/Im6ilAKUkWIxZBav1wszGzjhnMKvc3MKVMmFoFdYmDDn5jSwHp2s7th3FVVB3VWCYbO1CueM/nGNR/QXk2Vybbp/a1KfxDGfg7WcLjgwxFGpvC3DCgoEWt26mzkmnnqg8WfmTR1VGRVR//bzfPOdm0DD/5134Ce7/CRsurKc6p+epaPKZewTP0lIakmC5e85+9/k3p3N5I6les+0Bh7kb0fLlwwAAEABJREFUVerZEj4+UNT04ep69+jB7smjr33797z6pbcevvqk2JZXDx9cPbgq+uz7Hz796IMP9zc3kxx2L/rz7vrBK0+ebDZXRaHWanLg5WNmzg7LMGnRrDT0WY9wWA4FMh0ujuyX3SyJW7PCTcoFjGTfbhV0YjgVrEnQj5IERX+t355kHLHZkNG6X4AcemIHFCTJYlYlGeW2AkOhxQ60XCRSrLPXIz38f31KCnS12dMaCnYmGQ40u7hTK+l0zZZmftv/08VtjI76W1q4jPqLv/0iUSrd8aFtVLKKZooR0jiyangOL5Lr/FiRKlUB/OEJ0YPK6JogqIyhUFqoOhpMH0A0qJSlvsFPgwF9YZuq6WROTZsKqsmN4f7DJ6KPyeL9BlCF1335aTjE1ERstmAiL2Jgkv20mQRWwK+k7E2CONGOkFkK1PbP3nTuDcRllI7TflfQqBOPhN8WuSYgrll0pfF5IVyQxrg0T/xkk6EOshOzE7ZgP3LYB5aqTVUhPdFEUrcXu+Z8R3J7sWLhnMsoY52svpCo9W7f6AmNOVuYFfCEbVaLajH1AHGqQL3WdiG1cDSTYmRquqe1hBNZHgNffKETGjKjsTUshKCKJt5BuObC9Yl1WIodInEnszINO22mF6PggTpwgaEZm3yZ5Xjnia5Xe9FuODtikUwpt3UHO+BntIaVeIAsC46C7fiDTOFUaGk5HDJGLQsN9eLew9N7/Ci2oNu6GVub8RJXwrOgWuiIt/vb1/DVcAr71niJOWzJ9pxI6TMXTe72YZhvca0OUmq7EwpLDX24YWjdBK1aXRM7fRwqIqLqaHl5IPksFWQCFyygkwuPQAeQeWJh47Sg3vkweW2zq9YKjQmu31EUdzTGxg6uZMLGAguNTWsPF44trDwbsJxO3GpxTz/N5U6a5SV3trMxG4G1nMyr82bF4Toe0/yyJgeN2yyGcLYgqkeperFUxO/sFGKU1ynPn8RRpcKhnjiEELLaNc+NdUJ2LR+FZvuosMQ8Jil5AUbSYpwkLczbSi+fZ26cUV/A7qlmTCb1Z+XWEqbTuXgJzmmykkLGIVpEDW0spgdLVi10bUPR88hVdjrBnSR1xKD+InqwEDt6Uk8rXEi0N6sCEHifmlDrwlEu+1yJB9DDV3JFlqreN/O0mY7X87GTkwhFeRjnfHs4PrrKIJVI65C9f4yBkW6IAZMmqRNXgjcdn/vJEr7z/PO8ChSuQp86PiFbYi98elgOOmONY7VuUqaiYrqVQFkxK/fHY4mSbakbC1XMc5KIRFYjjg1CsirpdhIaSkirm0aGs3MoCWsiZV20TNNxSv3UlcjMkYNMuRuw88MOIp2HEjYZhmLgHva3u+udkLH7eqFif2NcxlvqHoBWMYsv6/UJ4lBJ8BeQ8BuPSBIRkCVm22yvOAJ1hCwFZY3kNEOBAmIAd5gOvM0mMaDY6d5LHFAxzfbcMLXs/LpTET7HiAV4PuNqPDIYyq34FzIPRXWvdKrBLU3oC7cNzTaOyPgMgTF24zkaFkgYwXvfUaLXsS49SxaEQs00S8khTrrBoTOu2DuVcFyS4/aSLMvYdXLn5IIpONNA87qjnEvhejMsuWbVG+UOSXMngGuwgWU0Q9mYh8tKgOrrCY94y+SySm87AyvoyopDkCapXFl1ZXNB9oBkM+hgtzkcjm5MMyVwQlo5KkvWSc0HI4WW3P+uGZYGHt4WjnywxPtj5WyAwM9lV57jOXZcEHg2dKgE5pBzlBO9EGE2BbJQCIE20ZregsHySPt5/mgcN/3xeuiTIdZTXCOGk44CI1CnUhL0kHTWTPdcIyOZRoQmYE5lwgIPv9jssnB5zhopV+kMvtq0CHnKhyenAm2AAtxo9Af/HJpTy3jyO7QMGZjdxc0iwZ+XycIKmm8jcSKf7tHuSg8/JM7Nk25ub1nRgoMKlNyjFLiQEF02izh4FBqzVJZnkdsOwJIt4cL7hi7x1fTqOaqaJk4pFWd1/RoJ9DWBUdfWbLkJGoOv9aOFq86Mo2ZuNOJH6l/CEPM6HBYQXWebm8/ViYvJY9QpZ7MxybW+if9Nx543xzwd9k/zfuTCG288fjKkbpP6xAmWM9Zlj5Gc8lKbz4QRlrGJperYXzq1pWhU8qxuDUsTWZDBQCA80lkZiW1HBspcDUP57gYPUxYs3EzH8fD02YfTfNz22x2DHHbbYSvx98QGQkpKnwfD43BGqEyt30SpTALzZm7ptlZJqyhT8Aie5BmbvIzOwG7a8tnuGnoGuwET3WbDULg9l4xTNK5uH1uFJCUk+MygiaqiJpTPpnEyYWSCjL+b9WHFzc0nHXuNvpfxlQv2e4bUMFplnpCBMMzLOMOTKDBDt02b7ohS8yaPWaEMyb3Twzb3xXVe7rrb74s2VG5zYC/5gSepqAzDlpOXcOoOH3qS2mwk1ZdCVZIlFuHFBRIV+FTGNpffsjQ/HMZR+iZYFzByLWoZZq4KWP4/zSO7zksbWFfhQkXixkbN6KSQhmA37N3qLGdP6UtffPFcQebQ9R1XEzyMAYthJpNcEjkbCRZou9WZHxp9G+K2NROU/onC3BI2O/MRVga2SYKZIo5oouF4lEpGm34zlP6QCgIBgpBEbP1J7LqXNeiUrEmkKiOUptGsG5FimDX3OH8gimrUPg69vIXkZecwZLHKOBHbMJKyQAztksOTgvqlbirTPikDKR/Oo550nSBCp7MerVQMkCqIshnJKrJoTyIghZpOrVwxEVkePtWqa7X0quVISjBqqnWoHY/VllIWotqVapfM+Wf11IH1RhUFrOaKjRwhDER1UpkVptwfzLWFzSor9MYtYWcPMsEz+K+8V7kxjdFVX+XsESdHrNqP0Fuut0mV9UM9/Neh+cssX49uMUAkP4Wmae/JeJPeICsILhZbDUz+l3WA2bKvsb6dLOdK0oCDYNZV2mbT5iASHus0dLIlUYxdtlCTHibG8MUAebF1QzLYvjrVLckEqg+aQ/JyZg7arkdQDqILRnZUFYdl0zl+zhl8tyWL97jw/2zmjCN9dE1MDpzcGRpvA1SpEaKuPl5mHdBIKLv3H5wKZVd6R5pZkTvYoEP9b1Uq43jWHbt7TIZOu5xHSo0Cr9vAPCYEbsGpad8oJQBQi2zqvX1wZB3EHLmjXBMku0yJnmQOyZP/Ra85wZY9yZ9BpgBWHSLhUiul5NuRYmKir0t1bNGy77U6t37lwkuJyysaKm0PKviMUEiQkBPgRzdbEBv5kOfKy5rHGMYLwBTL2g8LhNiHovJjSJx2CzmrQVtKotht1i0COjlMRw25OgVDDkOyXoNhWorQQbauugQNJwyNKdTURSYS5xVJtczntLMvKdTmRUvLa2h5Qg+N8O1HCQ03iGc31xnCs2eHflq5dDOcUz6wHEKsxXNHeumX8Om3F96T4BO0MEnOvlAU5UkS0M+lNXRo65zaTY1y3ET3gKlibNhyZkDsek7c0Xfv/ORPvvL260++/NY73/zm8GBXlK+ikh3Lfx989P577xfFWNXL7dW1ZB+5vrq+3l1ddWyMqK+YnzoXm4STHM9aBUVL3mBDXOgtJo1UdvMPJvCdtdluBwGc9OxDHCJ5UnaMiGQoPnipG6t3Y7d2zKPv02TRWU9ip2V0BH1ihXkEAJ39WwHphN4is8fGSi+ZFhE1g0atdwcNuwfzjIEX09ExgyQ4iXo6EDNAJ5y/EhLdDXsgWjzxXGTXU8gnN7jr88+03TkolbY5IubkRXawrr2YiBGQS67Lgrtp9DSM5m/HhvdbUNhj9HqGTBJOcJYIajqRM3rE+XwBlsz082mmZPhbvNQfvBScowVeqepBYuNo1rtmf8ILGlmJKlmpnC+G75cdO7+g0YhcrCZ/EdojeTW+6m2HxmkiU6IKn6lravqEqnKJ++vm1nkUUc8pYnsziEz5gartiAUW+rkffE/UlMJTFwup5oqSl5TEAjM20YlfJ9STSIWkXt2YUiJsEZG2J8isKS/PyVeqEyergWolB0DTNlFucDz1wLrcUM6sSLqm5KVxbPk09GHHNkJfQE2cyyc45ZAT13eWtWGPCp/yZHeIfFj1KjmMqqiL6ANZTnH041ZhI1oBHDX4VGdmycqHDM2wtxXM4CavblQgY7JZUD9K83y4qkidZNlx1Sh1VIctbzIGHMaLGWM6Q8U5VG5TnACSBmsOrLGynTnbrCexcxY83BMkdIY44dDObEeu1HfO5ztnsozoWlsH7XiEPyM2RqP3Nz4EtpMDP0dtoTG+jKvS90loDVtqrzo6iuivqcb4NnOzT43lNn3xx3+uTO+zbezYhJdtGM6sXLyJnObEdt0ymP3yymjjtWmMFvpESu3HaMUeKpttFB9yIbOyy4aUjKSkk2VrdA2/DYEbaei0LArFoEg/1HJjIZgWQ2t0HYCPNWo+dnk4FJ940R/SWTVQ8kOQIJrDNGaJ+rSpXOjk0YjmfKAA1cnH5MgScp41m/XMuSj4EERyP55ouk0ClSpyKgikHTbfXhQjXKRhI48yQsw2LYZmOUbVc+rmrbIKqsPLFrpVbqufW3lq5pE5kvWZvAZ/qpsUjbwCPzVChmTlbmh817TpoBBSm9+4ryjWWpRHVRGNVNVH+mMDE0yaosPS7Da6jb8As+vb5bbBTAzQYJmsolVCbunMbq8KJLvdi684tbNMJsSNG1+GQ7WfOGRQJkVnQ+92pr9JaA9PVZcT5TPGK7hPK1GnkFktyA3N9c7tadEtvV4iG5JymzQJAdUlquqlKUsEjgR1P2doYmidnJEznRzydDtPm37eyVHa4lcvoZXbY4lRbdRedCAaNr6XJO5aVjmGEiHhwKXkV1B6w1qSqRetyXNHou0mEf0l7gLbnVQR9Ehn1kyfyQrVyb4tQYpr2NyOw3Y8HCcu/9ErYJSnUvYa1+0wWc0H28ue1SJ/nLez2IKaFE8eYc5nzn5pZQgnrsFSLkz9WAI/2VM8cYYRzgLQj4f9pGcm5HEOibOZJA9FU7NLY9HpdFlVndfltXiDIid0dTTGUH+b1DegUbDt1QOxhIsJzHkKOkPcaRCCSxeU3vV8OMNUMDIUgRS9kKO6SbVO56JC3RoPdjSxKs/Z+EnVmC7YAw4sQAwGRJ5ASz+QOoLz7CqcpjdP7cwkjRxe0lYWWtYyF4s/hyyTKoJblBSrI//rfBACtQadA86dpKpo4exciyJrYhSDmzCv0aw+5v7kXWc6hjqvjVvqyTpJLYFM5JxckOOXlmXKtmQWHGNmWIq4KhUJR2ET6b9mBy0zulT2CPEbGUlGVZM99KTrlwk9xmThFT0LzOmIdpthEs+JSSE9RZ562XocDpWaI+UJnRgKljBDE+0y6qQEPKds+aeEMydNAW9D0KWxg8os99AIAm1qhRnzruzC9lefvKXtcbPSnTCUPFVYZGlUwiGu9wM304Q3N9dX7A6DEjTnTZ9NqcMmuE8en9FIvW01Dimysp8kTumO1UAievco1HmLTzKP18wAABAASURBVEgpDvRNYWJYN7junkKNkhIGsca6cKHbY9iH4OFTUqJtHCCtAy4IHhohoi86zldZT3dS/ASrrqJWMud64JC88EwJ8T7b35ZYe5lSXu+ROKmVHgYTVFNXh02a9xfVE+bUmSTKVya5MzuOXO8FWy3itByoyH52XlIx0QhLpLYrgWOdeN4WXqegmfOFIyL4p4nvpbZ5wmBNPBl4K05To/scZk2HUaZgOuIsBd50f5OWGKOTxWLKzR2Ochx+LG7MZx/tx+nD8fD2K6+9dv1gU6SQIM2a9UqksnmpJzirrTqLh7cW/mhXD0W/FTrVNx16rUY9f1d2qdy9Y0ZFbvHybLKnAOZDsakHhndMc38cxzmxeDwe94XhHXF/GIbr3QN8CLvdrkM7oP2w25RFOUzzvkhYOXo4G+5EfmzoIn6O71DL71kXTkEE5NixDJOkG5uloJn8hoqXmGuuyFE+6Lt5KCJsCn9U1VYo5OmsPo1Cn7mI5iKLBYDBMoX3muSBwG72Kt40SO0wyUK9vSpe6WEcx33xhk8jl00pigQn4R7KvImWyDiPXddtitFx7I6zwCSmmRPByE4oe6WwzQ1lLu7X79O+OxZNoFACt3k7F/d6Ya0b8/KgFcEFq0F4ol/KNlEO3XGZnX7YdP1YflU848fjBAPwrGi+OPGPz+NUGHRX9otkhZu4UM68zdtyA854IvUvJG9VW/1ZQVdKcME106Ys9KYfDptjf9BqO1JwSbijdJm3Ya1Zqc48Sp4sT1V+eyEcQpUVrARMWAUVL2OnE8CONWCZO/EZ1f0tH3nt+u12ty1/Oqm/UyhWAw/mZCFjB6CFHLWKFxO8sSTyCsUKeBfriEcx0SROpOSDh5YsDdvR7G6KNCe6GSOoqRkyzMQtn+S+9HqzMeZDDDrpj1whKYuaZVUaKSv0RI0p2QgJNPeuCQhEw4/IZ5MKkE6JvrW0mh7qABrppHLDwA/SksssSK5yKDqwQouc+tzoXTTVi2z6watlxeTZ72eHenmX7BdQfV9u9mHMe4XQAthRtDhdpyX60IADYY23M2BnBR2rgY2QCLCla6ygWQ6Cf6sjQynVCEBmeUZTKNCc6sZtLPv1rEgjBs+gVRsUTOnEVKgV2pUu5BxgNrekhu9Qyde0ao1rqcxMKo0U1Lmw+U04USvuADCSHeg+YIIkDLgIqZGOEDxTXuS6c9QrQRF6wLpYsledZ59bwATVzZpNI022LxymBKdbTPmFq57t3U44oKok6AW2bE2SeVOUEBoCASdsNNpP1kPyMqegJJntW1wkjZaJ9ciC0Y0WTjEvc3SLAIgaXctJT1RX9R6jGdOQ3SLi/s/hMpQMhlT5n1DkImKojCp8wPaFecl9K+kuzGcTmBulyM/yUMyp6l5aa63RGIlOzCr0X4NPADZ7ztUojDzrxk9Ay9WCS4AlHrVmU6nBHP3EnWBQh1MftYh5gKjhwbvAw0PxDFPvDdzq4D0dYWggHtWh8Hph0L4LNoLGx+QKc4UQgRCTHsBKaGzGUoqyfohKsYCNuAMLjUATJ7Llpljldg1OefB5Co2LbfmzdPZiobvG51yqydfYXQ+nj0M8oRMRmBbnCHzPWb/PPkBobJCP2e79w4//iEU7VdO8YGkgk5SLLtcoO9zUqTBupr5kk4W6o5xK7u4wXliTj93w8ttTZ2kc10QXDOqP6m00LOH67fVV0dIfvv7ag1efPHrzjR/7qZ/cPX54/fhxt9sWQ4rPYh2Ot89uyj/7m1s+QN0ND195fP2AsSZFv9WMHaMiTKY5CkeIjiTIDVY3OuE5OeYijFx/h6yyjnybzClauXESYq50KZaER8f0J4JOltLdk1riaCktAs/hc66bwQrozOqoNmtXcunpC8qKNlGgjMFN6swpZ2A1VlRZh5voJfl8v+vQHdsvSmFAYRY6zhllUsOU/dt2lvQtnac5udRqppP2svZDCnX/+Y0+NcqFEwWw9sp2mQwp+2VkKkpe4E5acxrAYrc2KabYIPrJAnRlt9rhaoFmz6lI1K5Km9cdX/5E9WfYqkyqH+EpIV74Wd0e9VQ3OXYEAaqpaabux+DCz+F2dFnK0MVr/NTNcjNAo/rY/02M4aV76a3oLhYsFkrquHwtH1npa/CNWq0tnoV4tpcDMuOXoWYpd/EBenpGqdF8wxDuYBCqw2qVkaW2oJaz6EqQ5hXo0EJxAqFj5jb52Sgn8tgmtiVs56iHgguFdtviJhEvDeU6OeSH9H3S+X8ColCTQEogM0aeLejZ3IIGncuuewS8I6UOTeFkRbuqcTKa5K/NXZzMjCPJTAmaGkuJAfW0MeqZDQPHuHEXto4cQkx6EKN80ZEdbErYgGjU66Fua6kzivXYgLEgxHCyqxedu9Hz2S00E4TUJaEJkzmPgmoGYoumZH0S8AlPGJmpg5aPX09KIKiPlE99S3Iuxn+auWPHrdCczi2tWgQBZ2zIspFVG8nkK6SGYNo2eLRGRp2kumoZD0fNYssEtZxovPZc1ADvi/gBvoR+9wVqJ6wST/6VS84+iR82E6VekEz7/e12u7m+uqpCpBH8JyLVPj/V3y5MNS3LOl5ci0u/enG7E2CILRnIEDIn/bcCvWSb15mvUOziXug82IIPFbcHxumTxUYtIFwJUC9RTYUclUVLMYf3ElDKp/QAAXrQPB6hC9MlO/2vKiIX+OgZYNxY4poVUHMXd1pmDC1jVBzNJV3PTJ5ZAbGerpV/dSDz7LodqTlKYJHVhhjdQMdYH5luRojMQVH6D4rThPyJdQ6dQO3APkCjA9jWdh6haWSzhlUSegVrN60LM0shbgM/4l8q59RDxugjC6sSa+8tXhud0c7JH5EXZIo5kLFMFWyag3r2m7NHRmfF8jfABQPMabI530OmPYhXPSs8WUBPjZhX1yEitHTook2KTJjECfoK2e2RGjzfz+gYc9/v2EaQaBFPCtVLxR+S56CAGWwbKOdB65vOW9T4U9SJRnl10KHXaeTCZ9W7pj4XC4QrwZIhwhqdza0RWFoP0U++hu/DLn0+E3mg+UgT+5Y7VhfGOTPo5HB4tL0euqEQlJUyXLLQTiG1JS7FkAeWwBLEwglcCXPq09FnNENPp6moQ3LIeB74rHUOJcxPD9nPenYWpyHlTepK4LQEx0rMZcOJVUroCR3FRAI0kaAqqNeQBPDJh25z7jTfJYdYhaJEZ5CgSvlST+JrdGxgE9SKWLG6Wczb7bjhw6372/326nqTtqjVT6qZvLT0WtpuSaXq8zIzVhfG3X/uxpCPciOtyNUnVnyH7XY4csgLjpNhAl1FY5Ah9QI0yeW1pXaYTWFwZtxuvtj+RsTNf4rCyLaC+DzJhDXuCxh1U0JQkqlnwqUoDEBqgFzx9NozanK8BT+F6GpFwrj7B0xgpFBj40d6pw4shcZMcoqzjG8y8BreqjIrnM7OTUtHlas6SKYzMgNH18kDVPfXYARrtL2w31nrd0iSVvE9c1ogCWBIPY9Ir5WqmaR38/nEdmbcpCLbtWHLKPu3W2CwbiUhsKQhGg+dvFB8dotMSUePiqv3VmmJwNRyFQFlb8/EZTd6lDopHLghjVQlV/29hy1dGBKoUQNswdWDxwmMzKcbv0N3LABAWtKcuj5liBx+TGOi2zx/NB660oMt1xDKHB7nle3qES7FwBBi41xArXPGD+PsFh265Foyt6bPOhgKNo6CxWk0I7du5MsLRZedFYeHKJ7ReOF1eNEIFnLJmQtBu4FVC/JcSV77wCbd5SPrS5KIDIuzTuwyBnBMkn2Y4/flWw675V4y+0omZJRwiiJXHMKl+5FMy5gVCSF+CLZNGkC9Rn5shgF7tpG4xk1GKYQihpkAsTSjs6LEfPIbzccoMN4rhLcB4Mon/qXrVpLiMwc3tn3lAQTR2qTcWy8SQzSY4MKGmZBAiVBO1g0uOVK4iBlXdzrefvQ7x49ub7/yymuvP3j4YLPr05DnUeKC6ptW/c1WUyEdumAZargvehinVrJppQR1ldGngjRSlw0HxuTRBUMn4T+Fw3Rc5aLT+Zgm7IcpcUmbkREXZfLnscgOGLm4Cxek4+XZ9BtOEZF4mR/j9jjMV0N/czzcTuOhXJwtYUAk0MEWiOAHh6riqC4F3zsCCpiY45ZnHUiqq49aJ6aQYjGiizRDPgPDibvmbIF/WzXJbYEaq5Ua6ZymhJ3MJN2f3Hc9k51pJ4E3aq2eJMAR9ntr/u2nN89gf5ikoF+5dfmEwX+zRa/K693uqpuHcToU53aWmkRcaEezJTG8oygd3bbfHLa7m/3+WDYOg+OPhYK2ZcLLtgJzvJDVtMPQuiz+rbg6zG5XsD5V/Fi7q+uiYsycbIUVEUZESdqyvi9P7OU0zVw0nWnqytTliQ77Q1nEfnNk6Ay73nn5ZKKM/tEdBRQbQ3h8mTsoU3F9NR3Hw56RRWWPC+jKAPXyuGwxxOSKm/oijN14BKqyvmVMl+om1t8S+ZEqQV8U4ZsnHJHJsR9ut9cP+y1rWCKESVkB255dB1CVelfxeVJoM0gEI0t69slL+pAcG+Nl61TNgxN3PEpxvUlFmxtr5L2s/MTG4ryTn4q981rnb4W2CvWOkioJDEVu3j3pBs01uJJng907D1MQn2xhUivJ5lYllaqdAK1OZVNQ3ZuYFBphb1MYHb4LJU2SooiwGVwjT+qnjZRV3lVXsn7VKF81cIsm+OIbdygoZzMFuX1o6Cg2mSTBer3M1cZGrOrPDZ3oikQATYTPq20G1UTryG6sx/18hP5A25dmmDpon0yJkcFkTSlnEGTCWRG+6nJn4Ij4EWDyrOsdmSOzF5Na1oZBvOYEVcyJLOcsTpU6R2hzAlUPaibaRuFINuOvii+AOPbjrt/GgvdbmbLdEIaphCk2NGF721iuRg8ypdqXjyjgAO3CIpxTF/qB26VeGNeTuYjCbaG+z9TyECEMJzqNIAmMnmI9BRQNYHyqSn3nv+Q+CFDdjD+3pHeEipK2zBmKfNRaS1lEChoexQHcphVrkCu7uwsoV+2doBpA8jbFHmHSssyUtTlBLrRdbOyXIAhyBcwUGWNiQH6bOZ/UzzISahYmqSZrN6x9WC6TeXRsfvWrWXBY7Y5v1Hb/3XIUpBvMGYmxsxAsfq1+neyQTyUHbJgX3yo5ysic+g29OzEsqRfb7jlKzSezYfq2dg2j7KQWKz8vLc45gEOVBImmzslmc7mq1gwLqixpehMJtV+iSTSi7orqV1hsu2xqJyz3sJqsBM49T2+OtTvGOIIpmdVsX5087vRGVC2FH2y74xEIePnjplGsUP2Ymr/xSbq0RqGuB1VcXEfy2Vo4cu+aGXpJWnhuWz6iwdY1H7qiHnJbHBHFDWZFYVAMxu0mXe12Tx5/9Vv/3Ftf++qTt9/ePHyYJKfI/mZ/PDwrDrGnH344T8fyk+3u6sHDh0Wb3V1dbVgpLXKYpA4NTZOkKJkmPQ0JVTdLTf5aLZVo59IV6MSBAAAQAElEQVSJ7OyQVeIRxEn5drvblf+K2tt5UhCDrjgegDnVpAUzs6QV5ASCcvMF4qRG0jWPyUSqCLvDmaKCShasDNVTnLaINW8Kv5IIokY9xf7wpAexvqqCuL6to5MPU9MxV1ZP1rNhTEQLWsEASttT4kH6Hs5azHZ/fv+TO5+TzZ3tUyPfyzciF3b1veSYtwWrW3Ehw8DUaIF6LwqFeqYTY3I+ZdRgA0jljE2o6Q3gNd7ohV3+nBvdb93O2gUmpVTL26n6pvD0R5/dJISWmhtOfmJ+hroBFFGW9tCtGcldGLJ3ELvdjw+1Y7/t+4ETm1mUqwoAIZTk8yYHiOVAtN+8KsFyVNteg763tDrGRfg7jx6dNazdI+sb86pk4aSQ1CiHfyVipis3u2+O3MFEgfF3TY5qDR4+obgtPpNByjBDKN/LzpwJTz6+64g9AsuwIutEnj7qZBvbfVB73QwT1N9UvdRuJsi0zSZFsn+XLfolebMrNzP9MOwVtFkPD5yUm+lSTZeIJhfbnriR20ygawt8tboiQJxxPWcE0wSZhlpHWGiHenOWShqMkkMIWdHcyqx05Log8mNPmBWbTuMSje4by0H1lGPMALmAt8s4OGYgm/glwYVFYQClpXxwaqkjv9AaqwBOtM8fyfZJGF6Znw8//KhnJ1JfVKXD/kgRQPg0OlW5In6mq2DurVmzmiO7a4NHutBMp9IizA4SZY5Po+ZMrUEFlzUZs7VCRn+SZixRbBd60drymf7ik8WkrCPSqeoelH1gKSTc7ddIi+VTvfasCQqC0yvJzV2Aqp4oIgaaVQ4nnD6x6vwUZm9rf1afALpTo/U91R+fAtXR0S1ndt8CVukH3LQvwW39Wzh/jKu/iwV1XdYToqBypFDbwTRmzybiibKaxFf6OFQz4659UQ1CfaNnGmcO96Q+JkrJt3nI4lbVpsQwS3zaKZbQe7Qk2KqzxFvXMS5P1PlvHTXoc+gni6xHHJeaRFXAnCxslDWQ6gsnR651vfWEFbtAZs3nSCqDwE/qYU2f5RqFvkunQ1PJHggG83XpY4u2sB+PN4f9dRqu+Hw6R9dKcONZV+JP+35nNUnJNKe6akh6CLt0Dzepl2tkschBlHVm4nGg+oEYZxxwOhyPEnxSDSy7T9n2hnpA5FQvlDgV1zUoRuc8beY0dmmcSwzDa9Mx3kJ2pHjcZ50wDk9MqVipUiYEPAW4m5QcDeJ8UMeRFYGiVs45SZLGjq1WPgrNUat5d/v06f7m5sHDR9vtVlOhpDOkO12iZ4DFRqvqsXuN1TWsC+ZOK9VOLduyG0SSfqlE67a7TYm68alsMrVaj1uKhyzlrjgM8pSkaolgKqRsuoXrzV6L7qmigpfo+eWas76qcwTHEoOl6Ia9ZZq/+3Et/4HlZIY6Re4LBlXifH405FvrqYBp4GAFrBTpbYASY86sUqeRNC4oSWXR5P+GdUjNbGd1LohyfSgfUI61J8Mby8gGzjQAI5bA2kjZtuNsiT/IV1zVUYzEitnSjfMiZrDzU9VFAhjGdXYrR2RcIk3SgvXQdp1DkB2h2EdOxKLIcL5W1XSgaqcEh8sGJzDQvdxVgOtIffln5h2W9IinFrahUMHN+KiyEVrlwS5yHu9pnu1BqTK1hqbgkrXDHjGGDsExzx9NBz5ZNJbwOv8+EqPpg+UUKSgURHxY6p8yiWbnJGYO0nfJQx1mJOaTxy5COmi4nJD/CGFL2kiFRLQj2g2y4ElVQ16g3JzvDzKT42SOsL5y1SG0T78qy+bnWBhuIVk9Ty4B8uy4n6ZD6c/ILLzTBAL90MtF6AEKP0RU+2EPSR75UBctVX3GyosoG0pSSo6tYDlVphJMs10R5zAwngCn2gw2nl/fC83wm5douUxk4rrOtBerfGOXGc5TA4ycCnng0Um4elbyCMrwUVkowjAsXToKRIXTJe2fjnn68PbZ6w8fv/nKk2I/4CxVu4AGycARQQxcjodiwmIuaTlggrlZ3IU217zwYCEomkZiNiyApR6EBOc66hjxwcV3BmAfxD6ztJ2yFiqZZuBo6oOr6yLRJM5fZgR7Ylhn4RX9mLZd/4xhSbMatLMvkDNi396YA42KmiTUJ1z9FbMmhGBVUVKEjAfGnUz9brMrvo3i4JjnjsvbTFzOaHK3nq4g2yB2zqr8sQwpxec8eBq7sqjHw8iF0sQ5zE+U/CV5KnQwaTLTwpMfXO02Q7dnxAZDbpjdDGReY/EYM1yQx11UgKIUTOUi0mM/DJTlk0580KTMUvE8df1hOB6Oh9v94bgfOT3qNMk37KRJWmotzncjVzqT/lfyZYWpk4yShQqHbb/ZTqVb3LfDcZykCo+ga7gSDbsx8qxAlGEUvCmv381Uri8XbK92fJl5wL0aXCUpVxPFmOKbMK5sU3SaeccqRHlu+V95USglu/wOlLp6GmPBhW+Z89ZdIJXI3e3gURYhEHHWOg2LwqUTwRjeY1cWgk/DSqkd9aUw5o1zy231wChKmRNokkXyodLUUw/d3OV5yJ4DO3MxH8vXjjhLCCA5S7GDjfVQeKOXtgaHEi00xwZAha/tRbuiPF+RQWBZhyztiuVjn2c9KasAFP5ndn+efoCOWuU5mmNL6+yXqzWDBoAW28EmCWV0X21krzaTLVNuqqYnOk8Gdy/qhZWZpHYmmikgZ/DtV6o+mvQ2S9JNQ6zSJtBJsGRxfvvnST2bj3zmtFIAeBOoxWCL0pdkHQwVEc255/7xiK7lUEgwxoRSpM4EWjYFoLNMlKHamPXPuqCCWno932cD45SxbJ5IUZ4kxTB7+bxnZmTBpGyIFmXybr55KQMwFbqaTRjMtl0x5yN1V/qEdo1l5lI7ec9TiLTFFMBCX/CF0CX1gyie8oB/myPRB1o+RAjpDwLGxWY95XF2K32YQy0rS+EV78NrbId2bGliy3VxGtBQ9qaW6AS5shf04fIDKj5Kr5n92IMrqWjHdmqSEt6sM+mRzRx6Di0or+6DqnW4guRIJMG+WuVE8LVu1rGZp7t2hN8WKlkDuCPIzslSw8w0vR82VHOqUaGdELWJqRfG9Yal8XT15LsOM9TitD4Z6c4+w4mek4Kq7HG45A8mPDRpG7YOIr+eqhxR2hAfxeJh+kYtPtsGSTme194UbYmC/OUSXPTcaL0ZWeM0q+gnd0K5Zea9Co04Wqa0mInLbbnRLzRx4rWYIrk8RSTCnqVcDRdzl4JvoIvl0zgDnvlaNcCOuOjYmbvsfByfzIkAn+zXL/egBQE2Xr6gjOdIqhe2C9d80rl5uVYT4bRmae2MfKWROgLQwpJFry5xMzYjum53tXn7J7/+6pffeu3tN1//ypc3Dx90211h//vD4XB7LN6wcc8a8lR8d9fXDx8/fvzkyVaQ3HL8k09/SAlCVlZ5G84ejdSnu39Pdzo2EpAdtpZQJEf1GQFnX4lmyA6w6hjxgLhkcKXAnWQviqIFa8BUYP6VooFByzWyykiqQEovLBnhPGvWuiyvp6hUoPaNnOnWJIm94E00SyniIpee05IMmVMNCAR/9uQreocY9SeijYjz+VHJ51zrM0+Xy+vQZ7gF79dEMiCdfUguJIyITCE9Gzt6y26EiCNGU1M2fKCKHOME5ldstrIwQ024GjL3CzZbn1K76MUmT/piHkbX/1tF7Tm3OlmZk+xeuTl8037c9iJeLEyhC6wWz/oAC99JG71T10kNjcUNKdRUlKLsnRzbkhJk2GSiO5UiGr3QpBehKdphMn2+lpINt7X6roXgciXBk00ZAwkbDcKi1OHZHgCLl7iJQz6MbI6iwGLAwvFEFt1TZH2SdBipW/YDITIwRmdae4N9N5bOyjtjSptsKWxWy9jVcsW155WsZJAYpoBGjCTzlJjNhNgaNRbSMucyhXiRGPYS6K3b29RABEfhIMCpkXpCSfWEjcsZF2ACcOQEIXy6bqIRZvOtp1MNvHZiwa/Q8hSSqHHqyer7hZ2wGMElTr34IC+uIc/WaGnBTImtQ8ZGKOvRKfRxgnHh6gQ4eRR5VLFZ0C+eJPk020W+9OLGUySaw7NnzzbDBszDlZBe4iZf3CbRkOyCU0ovpKUfKePpdFWG4pJFUumfyYLgtCGG4lfxIXzi9sKbKHxBnHiovMVkYibwUyikAUX+IFNwOvXouYUqFrVVwSHz0hL56Um8MPy2lydfxQRqZH15DbW/SVK/SCOIYfacjB8vPCO4dSOLKKpwnBKvDgbB9ajl/UyFgDvaXV+plAOTk9lPNZN3OA7YUX0rqQCQPPdJFAVYdsAHJkeGJYzFySwkr41EWEXQdCIxGvAmmjPARqczJ9Fiq3fvc6Hy9mQs59ObzmfgIjN1iduKU+XACKc2vHFwPYmSy/+S1abJKKneAfTQup5osVNNphoYy/fFQ/AD/Hpj8ZuhBdhCbDdqmXarUVjiHK59UKR4CaHtj+OhG0cch+L0TzhmOkzT7XG87ufi6Ufb7HO14vR4gcTJeklUknT/5MZzipGgAKj18KBCrEhKgJVYCsNqY6r1etVwVOUAcS6XeN526I6zyPeZM6AMKLUPNJkEeq4K82CxTco5GrDYjb2vl8VmSTUyecUAjnHKQwnD9F35Oyet4cp8k6u08oHiYz9MEvIRfSBC1M7xjA7z6Za5g4nFUiip2C4IfT6HAeWak9xKroESpBl22+PxIKOLwnyi6hZHHB985tQG0qeMrnaGqikTKdGS6KDcXo+G0IK20RnIXXwA4XnuleBgmkUkJ91cZ3zOBurcgJ5rh4fV46EVISIJYZcwKxfDOLGBbCslDyZH0QD+2SQO6ExmyahnvcTfrlJ3JantxFidla24SZDMVgBbRWp2m6Qa7JX8jkX5VHZge9i5GujxCzunQpYs3epPEbVzCBGxg2auXTMXOSUeFkDw/BuSgAK1LBWaI1zS13Isk1PFCwbH0sRm9PioYx4BDdqWbHoZ6M8xTRoZ090JX+XELZK8RXex7KdsVUN1X9kGaclDF8sA/fxmFp7ecZhen5vcH75gtNUE0EI8jDjR+b+FPMzTANNVN28kDz24RZot/i15u0PClvAx50MyK4v9B6lMX05ox26VTV8QCtqPRtWhJj4UhGaSZ9lvPD0Cmt2QAk+WltwyO73heWslJsYOjTu6ArYgG10L4qPYqXDNDdpPhp4+zE9vbzgwWnjq0EtRVj4t0HHumMXKeT6pKhC1kilZhA80h47Vg2EK57NukhOT8SZDYdipbCSudsZRna5T9YGBTHOuyTWr8UMAGE98oTZIS5CWb0kX/+RLYHcXVlnEB/eVyboYs1bnwYzOGuBIviVVRgsV0VPKx8PN7cw16eYhPd5d7zDtup4BAoobcZwYYpPOBusi6kMaO65+1RCQ7QL0LR/0lRsaSKLzdk7WnNKa0/3AiPOkhzF6Kc6b81Ey+4yith2Oxw8+fP9wPFxdXe122+th2yNDt8p/O3Ycb7ZDcbbgrab1yLOBVUOfwmaXzGzShwAAEABJREFUhlIRrGnpNtHs1UVgcQkyGqRYTAdcdk2roSeuN9MlrQFsKSI4+Y7kJDMhKxq6wCD0mGNMb7fBcZw6ENEsDmJGBXUzchW+lBkswqBTzuGD3S1icZtPI9eeFyAHH5sEwx6ReJK7npOl9kUtmSWZBoPckiX34yTau26z2W6OvIv2x2MhaM4W1JW5Zj2h31LRIcijp+AOToDqZSBJgKEiOMtwhs2OUSvDcDwcxuN+EuACS+QuSeJuVnNymjUd7HjU+jhc36U0ToW75UzmnHBFaoKCQ1eNZrRyWqrE1zFsZyhybpg3nDjtOI08JxNXFqXwsKuqFGXafD9UJoWLf1w3hcqFmm9rmBPNXZNJoSeMcZJMMYWZDHyerMxuTr2uxBA3MV0ra50S0Q9Skffe+iHPnsad/6dWiZwtE0AjcxrFosGCh0NrDtXtdhe3QVtGjq5I1jIyUeJ+RCXzWXPGZEt/IkfA9FDtNKNSuCHcMIgitgrVKS48FBlGs5hmS8MAEAhdMQKsbJ+xuVgZT0maOGVHE4xq60BEY2wuAsAFO7LqHk7J+olSCtVHX7ivG2gLqV6v0y8sjYSzu/bhrUEjh7Jn9yqi9Zg6C61aoh8Ew30l64net0EdYVZUqBSpJI/oC/cQhQwMyUMCsiW3x+wEo5ij8nOwnKI965+s1XWC/5gkj/IEcy+OFK34ZTYUaHZV0R+WSxtuwLScefKe1+1gUt70f+kDoZWFVx07GxZRH4M+y4G2UUJpbDXSWkuYoVFGTFN1oS6MWadBUoyoCIvEE+HIFuaXqaELVN4QZwBtnREh6jBRG9TQLIDCg1C2gPlDDTQammcLdaqSk5I5hhXqazFJ0yfIuqs4IoEW6kpnzUwkhpyiL0Knkll2r5IuiPmpyW+HeYlhcKl48hnCUs875TZnvKeh/koUZMU0URkBOBxnyY+JFp0BPcVTP6IT7Bk54sTPDkV/xIKg1jjBVjNfPCVeoOHIlXig5htx+C+YWWWzRH5dXt7OVl41EDNN9UCdPUQ7lUNDN9mbazdC6XIGj8uexwOVAhV76JpzmJrOqzRtGS7H3B608eG8SG99XlvQiDNKf3v5vlV5tBVqonuWX5PC5j/x3MKpFh1ALlqGm+oTluz8IuEC3HcG7j1Tn2RO79Uaq6lhjs5sg/bzc/vcLtaL7ZcLv7/gdbnPTbB5fkvjuLwGwRJEyeaR3FycyX+7uXr8+JU33nj01mvv/v7fe/Xo4eZqm/qhTMZ0nEqs5NnTpzdPn+kZre3V1WtvvfXg0aOr6+ur64fSZ8vxNmuSE1GUhKgWoQKKiii6v1APcGm9U9XiVAgzoKPvLVthUY/lBBDFKUcBG49abVOzCfJQOmuBOInU0XrnWbVrUcw0bAgmloXt6+dT9hr1mkvR1Gcdg5VlsLR8mkYF+eiCRzCVxalaCJIlUl2UFqfFmjWiXehm896PWhpTC+/nyXeNEftzno0vxJR9tk0tZ5U7Rr5+mARCKaTFqOnk/fJ+oOAGm7RAJsZ9DEvRbJhcadZ1jngQ/sDZ0OfcTFxecsVSdUlD2CEvvF/8+uLX6js8ZVP37KebOtggl5veQhilRkdx7Ev1BHuSOeJDofMUvJYKOXlKODS0bwT4TqlOMU3ir8h0lqZHeVjYUNh4/k6cv3imYohnVo6XzK7g+lwZD/MmbC3OGfgyouP6aaGXqu4rxo6Z11ADk8086xIh1glULYDUoiFOP8qHjPw6+3/SurK4VI8y1mOC6EZE6kxfD/U5VbeqbmF24CqWFj2ZZ0OlPmWqgEnfEqo7GOXYgAaosEtS2I28WKJq+F1HjipDr5ZKYS/JrcX3ZIuDYKWRtL5PzzXb+SS1KrcS423wn2gKewrkhxmWAc2xB3qoErW0U2cTTv5A6ZAyMFf50emksiunVZtJ5ftJMzQIPYMPy5aW/D6aVlQqUwiz1bpFEOuHeLKL0dfvhBWcvgXA++t5X9j2CSQlay2S9u31t94oik0JKLLq0ETx6t+zn5504dLsWrwJntuFs/f3WJF7LpqajsJbWAHrOwzYhQcMlvfKJlYdDSUxHmMgxs9kf2BVv/CuzumXi+8R7zE6y0yuKefap1hUBaF5OkDdJkbwTPru4gVbGtMqkvofxfkDZPl6s218rcdTpmiqfoPUPAssD4GxDQxz6jKRVDCsHNSr4taEuHA7y1earefKVeoSYcs/lHWDGc/gAtZnRs44apAxzila6G/BLOSbZK2z8pN+oIECCIfaJTmUp0qyOrVI+G2HWkxC5ZpsGLTC6yb0l4RsfI3rr0x+1CkM4aXyRnqAz/IhqDOXnamkpet1ATj+iVJIIfsJKwwiwOqHsHw5xt5R0ywQNVIYgJ6/v+1u+ja589G/i3vInFsVDV9l+3mF4lDoatybYslI4gBSeSgrhwZnoFTDXKYI8YMkrUGy5ARaGKBB1CTQVBdG7aFQY00sZ74TtBNFtnlQ/XO83HwE+jjPQ4k99FInp8hPrpZEg4G6SA+QmpnoLkbJzM4VGSaTVPYk9VKhT2AytcJUQHIeRJIKou8oSWI4nq/s3RZPix4SLNS6KVEIPo/NhUI6riWT+PBxkkoNchiOnLQ6rWqnKpdAl8QmtHzXUh3CnFh6RJXPWY9zx+fAc3bTF3sOavDZYI4Hbcvnh9vD8eqwvbpeqMem3wH5kfjntcbOvMA90VQl8V9qLF9mktMEyN7k5Hd8crpEp+bxRvO7K0NAxYyUyS8ubquwI1wxcSqBpHmBspFxmFr6uM7hG+iEDcs9TBd669zJ48TS31rCW806g/HZ7XkgXepsZc8kCBFdlKb1eSdZUkSF1qCr8CtK6NjDVk7EJhWem7Cyb+CzxX6AM2vuLBplJ0AJuzJ5Wc4+pUvtuaYRyl7bQ28lbsqOa55xAKhnYQJ60rkxJ8gsIOYUyXItNhMOAF5Uy9RaAb2QcpEIf4P/zdie3iY7V4mmVSrQLxQR/38SqBLPxxSWE8b/mJ3zlGppCaWLsgOYdjLOPk+zZESJCkzCkKrAstSKSY/XyzQ3hwM0gCL8JGs1CqA6qKhmVNc8vvTKR5bPHOF2HgdIVx0fp5K86OXunekZ1ZhMrcYivhmByimsVPNtaCyDDylDk2+xkqXKMJf2qphLbh3P6qAxCIt22S6udEtVU8BGKIMnDbcnNo925/qlFl8QNeIeTJrJ66yIPr9X7YnEpbG76hi6drXjCZ3mwtXmeWSQFQ6FhgovLMOSAh/CLXNUfqmqTqgacpBbQaB2mJtQS2oUBtwJG+tKHE8qlHSTnjbW8FEzzyZc6s1lHi+if+5msI3hX/kDY194f1tcqyp0jD0SaIbSLzMG0dpIiTpB8wuyeBNPaFEQJ8gj4B7gMO0PRzp8gK8fbt588Ep/tRlAa+B2gBV/CeduFmoATP5ZCmxCTIv5+t0sNCAuN4dnxdKrQ0UwlsZbuU7SRHmSSnAsOAbOmV0Wt8gCKZA+P70Zbw/728Pt1dXVfF38yw+HflM4Ygci+IrU2OwKC9zjvjiZE00TbzJKzpx8LI3+29hi1T2BGpGfZS2k2h2nfpoUisgFYnrOM1lEbOYyfZK3Qh7FqpEnxuM03XksHEhLhVKqbH47cImgae7LbbmQ0MSdlHp5mcvXzoxoKcTFIAahaB7R4TbbGUmm237oTLGXvV5mabdhH3cxCffHQ7kra2uJNA9HGdoGN5uiiXApwmdSne9YlAecGLo6jMPcj8Puusy+isSoOCd6lmAf1aOFAzNV9pZP4ghI293VsNmOR85oUpzpx3EskzRz4iHxvRcmnKnvpzJbXKZolKKA7B8vTz+yZ37LOeDKv6WfWlzNgRplIbN4x1u9FrtyIQ3lZ1uuu7Q77veH/ZGBScxNPW8ZAFT8lW6HhHHASgjTQjG4IGbfp6fGQLbMuwAaCS8ap6rx3CGYj6kbjjPXD9qUjgGnZeIE6ejlDND2l/Q/Gc5ecsYQa2kauOBkMJJRSbTjLDnSRUSZasFMTRPDXNiYpzmu6hYLum5db072GFLM4toa3lWZpKWfDXQyi1OO7Ogvuw41ZKJ50VxcmoQPE34RpnYjMNyetAh2o+NXuY+za/+ij2Vq3I01jZWvVZweu6uR6qTJI8ALw/Jk0rr2VvozwGVUXvaB2SZQqWfhEDWWHWBlBb7pANFplNFSIJqZAYRjImyIbizrX0l7M0vNXbCAsmkGYnp0yhbsHsbBa647Y7ZWOAckzQlOkhuPeWbhn5wQjnk1v2XEvkLZGCWvJX49bYQYfA3JufUqHWowijE1VVhAwiaNvzkB+A59TKIPqbo9lRZa3Pdy1TqZz9wuXNWlJXUiJUvqZnq4+WUakVWf5fizWEG1ba0Oi2q0Yp07JJTMlEB9bLWYk+QfsRyAchpQa+CZfWQO8uwnhSCgpmh/xaqbsq24hgys07nJPm4/TqLu2sCpkWpo1oz6V/jm2VA9gWRvLTu6q9jiCXUvvjttzaZoL5lBtezk9hfNuLjAZU2rUHAiw1npzbZ8UtUuLVRWGxL50iu/o6Z7tOTseDYy519GP/ZIx5R7F9EfFj8xb02sTnRI6Zi04Kn2y9M3h61nqpIyFIPQN7YFqhHoJ27swnijvA3MbWohSO+A6qwEJk7rBEYXqaVYrCU+P+UmK3VSRsn0xhDDKh90K1VjoVovBEvrIgyjarlgq57bTBpvaj5sGNQnbJ/8Dp/yndH/xDrjhQvudyv8tEZ3z/vEpgyKaH6LejwF1ZUoIqjo+xwg6K92j99+882v/fiXvva1V958/fEbrx8O+3LNNM372/2zp0+ffvShhiyvHj18+Pjx9UNunCixmBizASvyrD6PgK5hnLAGl7LKpTVFX/mwKM/H4+143I/HI1/jkA7RZhlw4vV05AS2g0sUQcLHwAShokNDwXDr9e2MBBZm0mI/MzncRISFOD1UT1NlbB7thmHgozuTGWfSd9pDyQkrR4bESWTakfnWsqQiFjaU1BsKkhyl83VZbLqP2VpXgM21t9YWQzz5Sd8we/nw8t1fRHL3ZXJ496Vth20M/nd5oBytHK5fSS6wyTEARJfU94gEGWS0mX1Eyz+rVyoyyOUluWvOeWWr38P9x/5D0NwdIbLZZwNdvdZ08bTMdKKk5mLmtGUrKBs6FbYs9CTNyX06eOebpl3oSVWell5jqtLbzCsTi6riGR2igQlU6JoLBv11PIEMOW1vk0EDRF2embeYj9FUZz5YAxYqI6/0lFryqiP1xzW9pUY2+eSa+s/XJksPCmZ/gqstDpiNn8dmoKaZ6HCyT7YNIHLFaZMSLXjmvSc98uEoPjLTQMUoup4FrY7sXYnFETtAT0k2uqL2iCzWRg40UdhJGK2IeNFj6KoQ35s3+azvO0svIrxGpUFN5brk+9J7sRj9zCtRc/BL1Ss5BVD8D5McaeKDCZbEQkwW5USkIqoIKaCmojZZuHPRczfv7JQN2LHj83x67SJoOEPfnHypxJZc8bgRPqcAABAASURBVI3nhv641OdMTVT3in3e+H/v6IFN9ktv8R/K9jKDlGsndinyqbGr6115W3YLWjXohow/dm8+1zlnt4YUU8RA1dYBZWpc3o3TyP5dqmt3KCPPdf2TgpQ/ri5VGSDe+XTb9U3YD4xFV/lC4pqv+o5tLePAiyeGYe4GGbhD7ZyxAnhJSPduWCRgeR0ANJLNPvVDOqfESneQC7pj8OybhkbrMTMTG2QcxUVqe8xDSMGRJRiiy/42XFQccCoc5OLISOvAFFQffaa2S9QITdULNQE2KhjBa0e0NWgWoxMh4CNSOpU4dbaDra32WkvnND5KouYoIz+yAw1SZNKyEhiQcCK6BDoh62HlrhIvQTq/DM3rVvU0pTG0aCtZrhWPPDHKzR+NcoqXSCvt6I20PAwaOlHJuDq8UDwZ0p9EXgwEQqTbXdGyDfjQqPbXFI3lMNRdJ9p8Z/tAowJJ1kzEpALENTt1R56DVpdAn5LtRC9jPbOdCtHa9eKPozAiyKRYkJwrRabuajKbxvcKlpAAesn51neeGJFhslw4rIRJJ7NjVfRrqb7i5GWNT1IdcRCrn+dii2rBJTsbrtuWM4HOcyqe4mka+1QiPX2ajiM/aWJvMZ9T1NBMkRc3N8UIHrY7rNm1IbqKL3Pa4KS1H1IVQbKSnZi1sgEV6zOUiNh2e7wtIaIRcn2+bk6Zpp7GbHCjlG0PFOLj9BQSgzWM2WII0FB2OzI0e/peMjGiEQqMUlpRxV7S9Sfd1dTqOC+6NeJlaKmrf+CmkD9+YTcZF9aptEnVGVYy419yXkA5Rk2FYUx6KHI8TkjbVIjG/Xxo1oncuUt6mNJ1eR0RD5Az/DPQs8eeh8yhJsX/AJhnXGZm5qPXpkzOuoLkfCYBZHjBPMvDGZQiYDimjBSWkYGVy/8Fk6UzKLtGzuaKcaKhZY8tqkWeTWXks/FZ4wTJLE8ohM/eHQbKzZKtgr8kY1EGlEOsjOt0BW2pzfR3GZ0sWxkY2uTkeqiirlUJZM0A9nkq8YEd4bHbzgJCJPDjmQKjV2HQnvDmMLYA/gLUpjwA5cyrm5cYfaAavKFmOJ7uHSyEAlYtKydP0NTybh8GtZLCVQ5Zm1zp2UkXYMkoYuRw1lQM6RIQmeGcNEuWFEZJ6PAK5slzLzVHHqUrevwEp/zeRx88Pe6nzHkh08BIQ0HlpI4zXKktBULtNWkH1UEozqxiCO0orWw42XSS0l6Cch1y4G3iUKic1E1UB7YYpkOgToaJCEtGeqfitJi6ZPAoXwjRkcwJ2klikML183xIEhSbJUdguBZsc3g0gylGvI1Fwb7hVFPH47MP9ofb/e3h+GD/6nZ3lTbbfkiq4fAKzE4JVUlphmoiMFhhLcQFDesCoEZZIpcN+nmmQC3zlM+U3YtCUnNB3Jwddpur4lg+9tMxTwcWetOBgQt0I6k/8jhdFSZyjcXF3A84CDawl/QeHecMGQ8IxwmOZzMe+6CyfmE2ImXMQvcU81kOxGisNI1HuKGnm7xjTOecGVAq2ApR21HPi4B4hLVcEfMezZgickQFnUD3GJLACIrEkMyhnzW4X5y+XDeGy9P0fT8z/Kbj4kHd1bbw6P10FD/5eNjncex3Oz1JiTafzDgTDcMuFZ97LzWJxmIh8raSsvelrw+ur4vf/FD85QecpW4Rw0/mw8RlfRB3V2ZJESg/R8P7dhSZKlQ8kSTDEO91uXTYXHXDdh4P/XHU/OTzfBgYIS51n7E44iVCsOETnsVNz+mnythGBsd0x6KcHBV6Ala90VaJNc+EXn6uwoU100rHVX7Kb/flpsf90Q6bFoYwG1Xq6S4ydF2HgYtQkBMuaJsCz2BPcvSb7iqFI2bSnGM5ymQSmDSY5u5wHDfHfn9bFB2O2GsUgadeYZRzlC9zfIBRP6ezKdf1mcDgmrJ0DNCpWr9KQSAvPVB3H/lxrIUAotasANva4AZJVWLdQBJ9wd1EDA1S+4VjMUMeXPX1c7RZTurOmoLe7CzLFa+dm3WbmXZT/Yb2SFTMP0EoNVY+LxQxs0rc2AmBHxyW7A/CiY1V32C8bzgrLdVGuwLr3drmAj6IIdxTrlTVWzRuCcTQbVXcZtV2wAq8tj0J9mMWlDFLFRXphAsndwW60aY/11hcojoQk0jgnrTQXWczn7gr2dQMRjEr2Se/Q5+LkcKmxAYlg4/WbxdEIQqKA7GJw+tsN3Nu/uRm3V2p7UzXlQGn1EO7MELaDmsGt7txQdsU2Q+aKkn2pOQrhOYBkBnNUXS+8Uyge+mlYmXdCOC2oayoqwn6JmziLtlpeOMCaL+1BbB0sInRO6pOBAyIbyloYzv+buWtstuCbFebS2SO4g6+guSA4WzJnXwozITY/DXUNHgmDgg1S45iorlYortOsw3PVW5nGze7IhvJReL6KkKjhyebh2huPySJv8kdZxmJzWWLLyI3TkLpdIfQXOmotTJswtHBGXY0U9vcIhLkamyzQnufqy3v3CWURsRFfvflQM2V4gYV0tLdQhAwRYhuoBOYVU0l36Q8jKDrZibjoXZZs51MawYAc1gtuRw1gRJjSGCsn8DpAmzKmn4jeqE98r+LccV1F6MI7aXB2OqdqYobsq3qZzbaATvTD8PCbb5a0IAaFh9resLP8axP+vElauXfptPLn9MQ7t/wZS6+s533Ky9f4B0PR7+m3bzZ70n3HfEPpsnCJjoXvPZJsi3qMljqwBUjr6icm1feevOtd7/2xo999cHrr20eXRcxdXtzK+rlfHvz7LDf397c9JvhwauPrx895GI6u91ms0FOj8vcOzKOgFe3qc+3Axm+BUgOMZIeJOSKm7fPnh0Z3cL3Yveao0ykxOSger57m8UDwYfjpiisgwJMTuGVbirXgIS/Oa+hVjr0X8khBD9voD3RDChapNOcSMmSXuuuUjgLu3W09oTg1BVYbjpsVmEpUkhz26lc5YNxGJlRzCayJH0A4bw65fi2dM9psX8bl9fyHuQXVteDJOGj/uKNTz8kgJP7Irzcdl3cuNVatX9gZ51D36nch9y6z/5idtw4tKhqsGVEXWKvaa0qOFT/n8kHCcmz8ZBM+QE9GEfgBoPvao4YC3uVqrUoRaWznutKjUlDzbhOWstT8GPN28dul8QJnV0Ts2csHn2norjDSFQjC6IpcVMT20NDWS6oNEiOFuCC8LnqFfmkP3IHsQY5qd2J/EKIOpF6Zw/go5VQzZfG6KmeTffM7sfmHiR3Q9qjnc6xAnWlUDExoQyqeiR2q3SaSdGwzqayCD2qYidHPEFhKnpcZlYrULKOs+9Rq66G2xrNXEQ1ZV1bVPTsiQesbiJ9sNou1n8h9d4UpER+k0h1kWf3l0l6SDkZFidREspxItLK6nW1+JSzqFfOOsw91aiGRgmqo8n5CTM0QMJ91h85o4i16DC24RPNeOfqJydmpcA5KM1Q0JA+XQ0wMpC62gQKgyEpgOR5cQFcrddyvZkz4cIk23woS5U1nSKzek5PCtmWFutkE9pYpScplsCp24zIZMdrNZyU/VSkqd+oaDZRYouZltDOZeoyy0XZJImcI1brsdN0LBasBYXMC5GRPMzmI1zNqiVzfM2OGBtmRc7xZ5kbPqnTue4oWqduEPTwQOx0I0zeCCkWJ/YjnLM7BD9lQo2QWF5lHo2TH346Kt3HbBcF54t+45oy4vMVPnLDDB2BVyjjeCxOVCjONtaWAEO1f7kuUNv3O7txv9F9Ap01rC4xPiaQtM/IQYQBLMhn7k7fu2IRepRfrkicg70TN64lz4DQimAx3uRHXs56Qa4DISzn5R4zq1NZtM8eq3GpVtHSDnSsW5bMuphUxFRzsQyFS34AhErjNrD5OFWxhCAcQqsVsvTMhVdrOc8E4L83xw+p4KIYhzkGmvg6SQQCyc/sOamQRnbQT3L4LQhi0ps1k7dWp0zkSxxIBC1voiyP3B+FktW85wskBUXn+QCxUTnKu4mCu4NzTDvjr9dY2vOcGaWHeKbpyrH72i8AqytGnDVA5rVTL1mWKJAK4tAlnKWRcfFmFUgjDxYS1ZOiqG5B/ZFhCJylUcMgCxVonkPkk7Os6s8GbTSNtllexAWFBqMwb2m4u+rl/koSJ8dPrOdW1ALcGtXZVhyG/Vq6ZajQZBkCErpOo2NT+jDPm8g3DuiIMoBADeRS8Byyu7POkSpnRqsuuKvjNNaan8WnhGG+nacrmgZglE+xryRcztYkx3LQSoCABEdELCJZ5mWEmjoSPGMzRqzP9QQAY0QeAxRhxoeY52ngirJ2DI2oWhNOYfw7PhFdYiPdsOPzsHOxHY+dkAUn85glhmGlUlTD0uCCAGaIcSTdgCWaVqJSMyeC41tLGgrFATAyQI+nFttizPOYu16HJEUpypOHEue5OR4P4+Gwvbqq3cJgdKEb05IYFnzylGciXrDsUrjIMRiO6kMSU9lePSzhspGtcLaojbVJ3LdEF7n2SVk/3nqTz3883VhPylUi8i6wAFkb9saWYVZ1AU05pMamAFfC1Nmn0G6IbeZ2ddI0CJq3zuZB1znYtnyWwVzbS0cnnLzGwJpA9dVT1Zs8OyKYcmh7ODir6tsc/mJ9aRbmUEijuBZup/k2T7sxP97kh7Atv91I7LrT6jgKWyhKdcq5kf45LC0RJEWSSp6mEvSczRExu/gg45SpUpHZdPpeB9ges8mhaRg8S/EgENEISYikR5hcLSQV8UiGJtH8CBaixuqStsO+6qPNiksR7ogGdmeLv7h/ctmjokXMwhy0FIs+blY8toJR/NifjgkAFucMbA7U1OD9JiNMDXGBIhUaakyLNELWKZamt5Q/msYPDvvtlos+90JKmo9LspjoQSSzflQt7jSbr8ZRlcDLnu9QKzQ7UQfUXfeMT6n7zlRtMIO4EibZcJ2cVdPQ1E2OKdLsNaeaeauQJ0vsuSD3VpNymjNuq3fvXN548hYj9i4EVbaryyr1Ejx9vLvCV15lveMjuJkk2Mw5Jmem5JmPQ/Udwza1NxzFMVHLk+szoBZ80riLGviTJUnTfaf5Hhhz2vERK1k7qdlN0mkri237UWQbVmGL6KmSPNZbQ6UiuMKbGSC6S4q2od1895kGiBqt67hO+HTkIxCSKyQtDuOQi6FCgl28ZBhH+WKf83EsEfLxsGcI++2jJ6/vHj7puquiI8kkxEiyVKINPWfJyMDJRuEJ9ckIlS2Qa9FNZEl2iutLQg1oHJEcvSo6Bgi8pvCvTR7KCPfztJ+OZVIOkg+1iPgP9zf9B6mItyLnrooVwH7fIU1cgwbzpt+WyP+U8IjzfLSy6FLYsvGBQIO/MrmvU5wjAGX/R/6tBtjZ+zFOY1EAihXGCcX6Tekkg52gZ9jIZD5E8fUkXUH2VQNnMRHXUOIaJEJfUjuK+ztO7ANiD7MmuQGxhHriynPsye63203ZY4wiyaMkfZm4ajPnteo11aICXaV6BOvOPXHNOs6ioameimesS9viJwJnAAAQAElEQVRhU7q722zLTw7jMY1Shqh8OeZD3pebFO950kRsqRWpaId1iFxe2Y6YBa3I+U/L3Tc7KaXTFSk/jnw2gl2lkhFFvNdcEDbJYDjnyTiyeOHZKlt46vpxd50ZYMNZ4YSjJkA7CeV6tfx1PVtvves2fbnHsC0TM078XC6AU3woqqcTWmk0corVmqW6KMHRhBU5r16wrEY1qgquUzhYdJonVymSU7invt8riJaBv7urzW4HaIAAzb+oicHqfmKVv8sa91fPIRdvkpO4pHFpSX8ijq3UaWqPULLMppNtY8G5mnCXtN+GFrCJU4OTjNdWi8AsOvQtyTfBzswynRE9Dcyw1IkP4HqyE4VJk+mi5VfsR8tajSlZD1XNB+u8FpkBm8dMYT1RwyriZARCs2dNa/JMBGCZx0L3Cw5l40dz6IHfoVneZuwXGLATQGPGRyfp5IP2VvoB1YekyIFVYUMud6toqGReg12CXQudE3J4F02Q2gqrFdMMIdibB7k9Q6P74ki9jupFkRnUMDh0ImcOmfH8XbFxGPyGnR1tZDpmJL0YDuxj9GNoYB5v04CF5Dgvsg5Ds2JKvtbQfvnCQuFJuWQMOuKnIUh8+RvnihOD3Qc8XlwD/Ma1TA9KsWq270jj1zYl2EZtRedPSbOAugQI6tMNYmhuVfiMzPQyzf+TBZ5mu9OKOIowJa7PZRhuy1eeBQ1tHbCK9q1eBWh2h+oCssq5IQkZTrLdjpI1R8YuRJvR1D7Fb3UG1aFQEYMSFR2jClgOz6Qtgeo20Rzk06qPuTlFCTqEhJZMKRuNzg2F5uqKmo0Xm4ZD+cRM8x1+olxWyaDS1jpKzb5zfQmW+pYbie5yatiCEXC7rVFPsEDThMnGQ8LjWM1kzajDNpc+3BIM1V8YRekzNNxRJ91VPtviTsf2DPlRrrgyi1KKyo712CvEmd/2uWqBUWDaW5FmLOPcsL/YsHGvLmfCf2Xby4Niqnhb1MBsRrvIf+77OSjL1yFdKJVz2kX0zD36y8bEoeWFdw4pn1wHz3/g/Rq+4GKyfdDe/OJIZSTNN3M2ELqFPut5wcWi+2txxKl7ya7w//iDFxwXudhaN6T9Y5SNd3QfTtfC2LUuefOV+GNFYnYSOuUkgOXj4eqq3w399e7Ra689efutN3/sq6+9/eXhwVUx8SaaDzc3RS8/7g/729uiBxZV9uGrr7z6xhtXDx5sr3aa3QTEQcHae1HWDsc4AVh3/iVloDja1K0qvzoc9/vyt/Rnu9tdXV9rVuGKNfEogyZH4TqwxeN1ZL2UJHcAA056S4aH4C4jd39nzd48zVov23podfOMD4n1PwmCe9YULU1YLYMlImDfY5J8MHIOzc9tGjYyScK6rAqJJDghPUFf9FeQog3hy4LYm007/WTJNuLbU6o173TsdL+eTNWD2PwmHjUbN3/ZXyask8/OLWl6uQ17dutTYqg7R5mOMSz/xGq6ZbvSly5G7qLbpabUTRLOWVPBu3wg5ddlDRMHMByoWHOUpSrvyIlXjDGTGhFnBg8UXOIteJlJfcyJQ/yY032fZhW0vXPmJJPHGh8xSxVsZ4FaRw2pXb5x1Qn0OcIhcwpXjrVWxXEJ195VV9c0MGoQ4qFPgZlY7ZEiqEpoQwPgEpJCWzsRZbriJIFA1HMxnLGai2UyrSRNQm2C2X0sGjyxg8XmcUZjROqwT6SWbXYU1FLrEiIzildHux8ZSIgnWoFeb2UooLqaZVBS5wvFm+YcUNPTqPdNjjOhTzaQiyvdgTMqTEMPgsjyJ1fQLTe47lBIqebLsL0SQXipogzibMugNdN1urJmP2iHbrvdYlamYiu1kVefxbBTqApXc1iHg9kNde2oU+4ylEnm6BMT0IacNPGHb3Q9JE1ViqsyjZq5JnYFNMRU/zM/dzYAO1IEZTVvrx6zRsH0sLRK6MnAF4SbG76dFOlm5A1gzjQzOkuYJ3MK6VZLVMtHDqTnTHbCGxyJAho7TEnTn9tnaCTowiI8ClVWQWghrQA7lwzNRnsOyyL4UWgYcvVFKqkfpTDfOC/y4XDQg2OSYK25wUuy+tZCvOsS+EwbCu6EQSeFnXSR4hkoThYZShGg+nzEjZisLLJea5wHjNJOGCa0oOa4gOjjDxY1EYL3B0KKkNF+WPeqdojHRtAOwQBD1VC70Phz8wyRD4Fo1Kokqqg120UvAmO7GqdEhrFEtLyxsEPAhn+qak+4kLEnRpGW/aLY1AtZuFRUwqSNL2wCxGOjIYbs1otV1rDfkbE0zqKoipep5oKBM+tApNTMUSFfSkFkpmC4FNY7epi8GUqEyXLW6gyJcuMBkZhP4mOsMyvlzXYLZUNmpoMqxdAOGWnC09mFq4sJBdyYnFrOqhMg2pRi1vOlwq6pdXLmhm2QLzec3e2yweDro1poq8PorcT36JaYeza0NocqJErP4tQXD5e5j0+YD1ryXhP7pPkULNeguZQiMaBORXaCTK2O5yPP5DtC3Yb6vOLqf3a8LQvXXbOeveGdyHncb8fDZrPNSuyaYrnqVTzKpPK057PRnEZkNoccP8lifTEv9o/7jPlviTGUqB3bmd0gSwUpEDy2h0jUmBIB7UrYYdwcOe89n2Mee7EJO6lnn2dTQbMTq5ZaTUbaLPoZ3CqWBAtjCa2CnGojq0MrCo/kZp+PM23J6R2ltOzQjQPnO7m97aUogEwgaVkbNKVWeeDcuGvvwQ/NhGmoFh0OdfpT1Z5Kd7a7B1dlVAcBSthMgQ6YrVwNluiZEp7QFJqQsXOe0lwdxKSONvS4knbCVFqj5toHYz4QDIqaYRIkNx4ao8a3uWnqKK6drtoQ4T83Uj+RxT5Fd1jgzqPMNW3AihZRTcvtKp9paCCZn55wSlKfgusmFGfKXEJ9uYSiN/Bo2JYl3YoLRO6YpLKkpHuNc4YUzATDBkEDuHeSGgQFYi9VZbD6hcPHYXzGhcnJtom+u/HrURPZTak16hsGh1XtiTxbblag813VCuyBVrg+NFCycAF3jHXmLg3QK5ywRDjNg44B+mm0U2wG4XaBZkAKPdabpGcycgVY7Aa9OYZmLw+Ywem9hB1uc/7weLjqNyUMXFZnUDuAqiubKpYeVFLZeGzOZsGi56SHWBEXTN4MXh9QIxxciMb4DT4YVyEpiaUQFWoUBSuHyh/ICZycdQAsbc4TBQxqn+orP1/Ixq6V4wQVDxTrAFoR9j9n70/XHEeObFHUzQGCjIgcapRaaqn3d/Z3h/d/ifsE99d9hHN6t6SqzAiSANyumy0zcwfJGDKrSkOfjcrKjCABh48227IkxW+qV/zD/b0UoKg3Pn16fHoUH7xMSKmser+Tea/zNSpWpIll2Y4hxq42WkKRAKxQwQhhIMoIjNLYC2nTikmLF1vYXiGERpCfHMtOytshutThw4yVI+q5JXeTil/cb6IdpN7lKNArrVWhqFMlmDTP5klQSTi5Xm/nBKHNwuSMJskbSuZH4Rrn5amsw27WdKuPD5V7DPuqXrqfWyO5UPco+U6IfeCj0klFkJRKJx0VTJ4r7cN0b1K/WxmiiIaGCjkaEOGkHRX3dZ3xQWRY1Qt0ZUo+UZpLWsr618fPx2V+Nx2qKfhu2t/tDtXRL5EYU96VtBvKNE7VAn1atKCLJpVFoUmZFNDediQo5i3FcfDdrjROs2vOddQLUg2nMtVtM7LArEw7SUU7STkj4GzYwsZONoiLnNbVJPTsoUtaOHIndNfgskUyqC0t2fKLpkoohCgPyzpkGdH5fD7VZRr3U7UJ5OzwtAa6YhV7RXCu0ooXZJAWSBIfPzy8qxLJ8XSq5nOteyP/aQNllGEMWpp3oMYvlfpKSMvqi5hjWmR1UCY4y/TX2d8tY+2fmNrnc21jkmuQ6jxlzVr8b6l/5BoF+SxJbMzT5zKOZ5VSJG1UpmfsTxT1jBu8T/dIvT3vpr1I6XUQx9MsE1OdD7Odb06oY2ZFgsSdbDDtiaPVEtu727w4rSqMkDFK/EqmqJmkAQLCav1fVloXhCRq16an6vDY7e9IAudlSjXldAcVICZXtQ1KyZ2rIh7WdRIxVcvurAibYAEDLkaikHhm8+H8Ep0yx3JHeNkiC6gZa5wasP9gQohv92QClUkJTlZIY4yk0tKY3eJlf6svRL0gdaE9YMZqeK4WoRJTzD7nLhoEuV9dX+LoZUhUJtapoMJ+eDu2TZx6icsWCUFlwcy4o7fpQjni1hhtwvGpbYrO3WbkNlQt/7xl5Jso02DLmqjTRtc1d3FpgVL/1qln34jtyk5lx6DZ7+xH550qRpQ1dseilyzJbrEJ1VJlspdNAoMWLpv4JKxkUEeIhLAhDKaZnQ3Cv5KKmSi7CIPofPGFRPUWOQ6cKfh/Ui5gpdaCK4ZKESaSjiHqZghNxDZxN2h2WDudk8pJJPuBEgpayqDVUFyAZYIMwGLKLHiQVeuTCLdkyRVaWTWZ+iCyoUR9KhyoAFUjt9i1WobXQY/VUrhSw8UA00A2TJ5erfMuUvSxYB51rkuv7/VdWdrNdnqxGUykV+grN89gGqjfgYFS3RgiftPC9dzmmGEMsZ+YHCKnyRgIy0BgV2iyGobvYecm1lET4E1lyBwJKNYUvmjSlJn+QxCyvmC0PqIgdttor9RGjYGndqATUoWMybvE54pQ25SZk7OR1Ld0eVY5dffIczkUEt4c2NTsQVUCQVSvfxJxIj1NjJH2tsz4Kl7fFJ/GyzZaQZwiQC7ZjSl1LZNJbRv8k2uqlCxr+vKizRCth8jYaUJX60xK2zAVzMTmNd4a9wO/HJT/wEGHOV137KXxXM7UC9db73vjdcmpv+xyhsTOni61rW6Z2COf/B//+83BNhdNO91tD3Zp1bc62gskOXYQRef9XlWwMkMhppF2w6AII9WU9vGPv//hf/zpd//xH9/8+MN0uF9VC5D6AOtyOj6J1FfEZvv+3cPDh/f3Dw+Hu7v9YS+WJeS0M8/nFSAhxTCc2/mLTeiyD5ltv6ob53M8NYzD3Xhf27y7v98fDgYH4pI8AkeSAVmV1WNHNF9bXpA7BBG8H0BXvIU2QX3DNmFdXK/KgYv+WSN1EHbvnE3IVPSUqEtPRG7OgtAKfk2Dwr2ccBP6BowWW8qNDS3Ry4ekMzhvFLz+Hn7DVoddz/xbyoQ1AGZMf4+LQ+fTXy+jsXpTXvvhuQ1vUoUtLTv/BHFULXtlY4SUw78f0YvGFax0U9qIpPF+YSAlUNG8k85p3TJ3Pcx/8esG8yHz3yOrzlhm7NrednLr4s1UmeJnx/LGLKrA4C6ri7iWr+r+2x4zv96tJrSHGYGdydTxDF2NG+AvWRZCExG2jZhh06UzeF56MSNF0EPYRboubFzazQWFxXEKBGeJ9C17GRb9wombI4FKCo1xKZfsBx+pr4g7QS8oDjRTFzmTgakjd55Mv/MV1z0ywLGoLYl1UGoSrBxmAPvnWobA/giwzyjJZpvPBbXwFeBZ1aIVRsNOqwAAEABJREFUspUQIObmQ/Otxm7W1LOkWE/iChKcfDX22GuCf6vcbyY4/9OLsjZV6CXWAmXX8I3XFklW1xMgjBrQs5NC0mLUUfnSrA+MFPyEGCB29gMNUG1HVgYIEp2lplnMjeZQotQqrW0VXA3BX1ZwQmu7ZmNuiZ2NhTYIBHQbDOaMTOPbLBO0t3R5vX4M6WU591/solcpf7dpKHmIcjXkPTzc5wvM4ZTSJZjktqnfbJreIkU8f2Gnk3sMSYpza6CBbrFCdijcrNILuK0DPDpTTm7T73emZfN4iFhJlhrkzztEGaCPUnsFvW3eonpaLkx+nkHJoExTZ9pTx4ZAapPZ0nzNQDjdpGYWC7L2/cB554CH4Jii9sf1VvLMGD995Ay01/DMZceb8fZ00RvEvwqBwZ2OYYZJDB2NG6Uzoskp1ArbmuSvQsNMTf908+GFStlovD2XFeewrNSEss0KwQNtkd59PppOrYn2ZpYgQ+ZiJa7Q9BG4F4l3lEbNQaweriVJOHLlXUULnAdFhd0oYwG77moQs4AkDMnXWTe44ba3Uo+deNq2icnaPGicAb4qL50051GvX9A2eHOW2pPVlCi+OkXTMLwrs3JxgvsEhi+JZdJqpUrLS39OIu+sbdjsS8uMdHN3aso9Mk0SYqOhlICz92416gZzvFkgfbdIkdTTwp9Xuh+mu/tJIOUpHefzYZ7KbtKUYakDNKiRnmEQlfO3QhPYVScOTaq4novnAFFKMd4twQEbBaIeSzLv6bw7DJbiTxQCmIYNZN+dWfKw7+5Oy7xf1+OpjNXHTBIuUwBP5iueDeOuSlrrrJjLlf1XV9AO4JjjWA3CCsbIyCksCqAvwGhrsXwK1W9rH+vN9edxkFQMmaLT0+l4PNxXPXkEmY1T7GvE/qcZxPg5faW/zBbGuL8ZkNmzMGHJ1i0gGSHTtOwn0ZZ55hUqmPHBqskLvMYqTil150uR+Wol1u2zJoQ+F7hOVihnrm8HGY1lShYK0BvlEL/VZO/gv9TlscG74qUVrMSPxz70qiZbMpv6hskmzAhcR5SCiHe9C3Ic9FB65d5Qm8lYhWQqpG0tM7jWDThYGHuxkJXKVMQTz/RY3YezMMUqJbBCZVR1fS/eNhmOVdBClDgw9IzpNLWL7NAq1qCuMIAXY9H1JyeSHqFsBlOyFS8ey83sAOXMTQkmrK1RcDf/1JcWCrZkkeHZBFSkOZDRAXb7NxZOAmnyyBwTBVakFXlGfZ2mcK7icjcyQuZQNJMoR1xA2Sx0NFaU5eIfBDttcz5TI8H2oXNHI3ZYQDm71Z70eT19mqf7XT3fOygRGbyEWPEDdIMWC1xJLtbo/A4ehMdK8EStVEzRDls8dari1kAcZl+6FG7CTpH6PWyyWUpNOjDn5ZY4cG+po272OAVhJOoFRhcwkksiIhex6ZDmUqGO65HpvHm/yx/fvedqSRwlTG09HZdZqEmduxkhSAIfMWlJ7WJ+F916g6cfaeECyFD66tJJPk0kktmX1BHIqCZxCZmFTCngDREVBySvbi4hNtmLk5MU4329MTF14puLKvYFMPwTnNrmGwt9uy78uBM6L3zQAzRSxIeunDoSbt7ivAL6V4OVnqS+eFk//fU4Hx/Px++WD98d7r853O2rkXcRKas+N+bwzdj2LhYCqyQeuqUumTqBzWfo+0FTX0pQanNyWQRfNwWkkYcqYWBjU2WRwgAkPAawXlpjbqJcPZksEBp8Pq1Sj1ciL6jyODqdxtNxOr97eLcf9+Owk6wUsVfnwzCe1/VpPn+aj/XvNQG4L6mzD0fepBFn3yltDnJKTZ4mwIvJBi1qttbQ0N1u0WTHOlvjNI619UXLI2AaBL7WE0zN+oh9XiSswAPmWwn5+tsKfBJWzBM1X4vpvO5pid1Uw8M5n0QAOVeZYLRUS0E5K0avMgCZJba13qz2cpndZRWCKCUcB03QnHbn/Xk+1XaOx8dZGlvHZRl2o/wZtS5PFSOMz2YLSQs+kEGLdNnURgwrV312T4fdPJ+eHs+nYx3LLHEYZ0UxQeHCvNvXDqyCUjLnVeQdKdkyS4rNOuzKVEptRMJUDFmVGxIJVoiMu0gymmzmOtAqZ/FuOlSRaTodT48CiIP51h0lkTUqHSlLL1ChgGgT1CtdX8HRQIZDCAeKFRmeH3lQAyRclAKUDXKsg5rP03SqM1kfFQFIax2KFwTPmfRig2Pn+DKxCrIoxi8UKFfkk5RiTEaE80aDxmIQQjrNgGc+50J0iWOHNshiM5JTPxtr+7DFf2g0MAo5uePRZki4mkihQNu1rY4KgOIjGTXoZNETA0TegY3+cSfoc7wSslOmPqXe5aJO0E42XTl4sJPw1FgzURe7gctF1ca7U6NcfnWwK/3TDQmfNkbWZ6/YulDsYjivP2lCRIu09r2ycUdd8GLnD52RwwdaOMwSti+MrlPEqoD7qtqZaBFdW+VzpEHrspGaOOuO3pV1J8EnA3Jg4CQUeDAO67e0NkSKoE+FB6MwdPrUyQS5yVEe5bGdyRAqfDpibszL77/7voIyTmjOIMzRFyCquVwquxxGUNRu1Zsk3kw2rUN9FyuL6lFV+vgiZaE17tU5hQZYAejHmGVBSQTfuBz7IZFLHziJkPuauoGJYgtKQ3Bm9hVMbu3yJsy2Kh9ng4XC34PtAu42lvUim5Rvf1xcip2j/4COMOgnYpW6zeZxNtaRSq1crWq6VQ8Hx5ACoHDBVmQJO+aE8GPZCAw+ygHBlfuDx/2ENLO9EXA3+xQTPvrtlHrbmk5bo4aZzDSVzDJn3pBkVr8eAQVmur5xzptA5P6Kk5mv7unFcvx84VJ87jILov387E0v//7Gy2wbm18vb+Duq1g/k+5bCrF/vdUwvJWrfl5zabr547OfvYFav3B94dP0pW/7gvu3UUFvWEfYF7n0XO/rpoOffSdd/eCPeGQXhdHYNgQ2CqiLRcinQZPC1CmXRPjhw8eHb/70+x//499/+NMfP/z+x/sPH6qUea42tePTKgBz56enxypoVYn2/t27dx8+VGPXfr9XtDmRlovWxFkUa8RRS5oPoFdaQ2Viv0SAqwLy6SSA2eqA02SzIUMUH8OkBnmnILTFBH2PNBCxeBxR1ifCTeJcl4hPWVfuIlBSE6S0wrS2bjd7VZ1s4eUt3ATIiNlKDNj0Gy1mh85DxAPCaNa1iqXJI06MIl0FOdwAUL91Xan/9lNyEz6GZEaw7XPKVM28a2K6biUxNCvSyW99lVu/8nM34DxRRNel0LYxfk3Y0DzIiEO12TGZwJYipbQR1LaHU+OZBopgW8gIVELm89p87qnPOcyy7asrc83VxZ2ya5yUvoo6/EMuCHXJ7MJtErNLnbjpmasRRG6GqsuvUuoX9/mevHXWjILSzcSs1x5rDzBbreK4gQ0+JIWxyKKuo++yaT3nz8T/5Ecw2WmNLWShDPH2dsSdiqU3XOrgWHX7GvoLmalLYdktG1ujXNLt6fBDRav3yo4g9n2Iqy3FUeGGpBBGbl22O+Xdq3pUNMGHDS3Q/Qqu0m7efi3NceimdgBTO+MmbVugYBNgfINBEyRYMVKYotpmIxB1BUoE4Xdtv1nRfW77jtJzO5C5PeexiAlN86VVNkHVwfJoibYhcVQqwoCh8BRgFZpc7z4MF+nCaWdzaEsQAAkhuevSctnOknuv24jI0Qv9RFMb9VYW/BciXv8KlxQmJAct/O9ysTreyiwEQHZ4Uv16VPuibKBNodH+UjCAgdxLSvQ6f+2vX3FzOiVuNry42P2yEDP6Co6bm1wzUxqzUrpNQCzvupMT9E+mm5qbN94Eaqcq3FSH2yELxoHary6Qg40VwyVPkZ7rD7kIYLWdL9vEK1344pQiQYMjFLhNST896bk56S5fhfYiCsWgeMbjlfYKl57PEEF6Q7aTaBZiRVmXDbdPzq2TNx/DUiu5Fu9UD8BYrE5CJqsSd62lX/6uFeYyIerThVnwzWbHaV3oBvuCDBMcg6ij1uRczMOV9I5OyMJX8Zt4XRRBOxnuQ5i8sad6wRlv7WwMRrkwV+6YQSPe8fbuzXz4sFwcUmF6EZohWPdinud0Xqsv+1ynfmar/jMgecodXUBtgxFRck6HtAzrvGbkFqsNzFK721aw7WQ7HCMu4rGbF3Ej7JIBG6ifMLqY7NDVfbQfxdUg+b/Lub5/kMyUNYV10PcQItEkD68AMk/yHsZJ/SqDhlrZHJlOWhTNX3ov/iFxh61wvmqWspDP6oXZHxZFE62OmNqLUYJXLjU+sv7HHqH0JSQ0GomVKual7EzyJCdAnGPTdD6eisSRrLIXNHFa5c6qLdf+DyutiOaweABZFXLlbqMdSFmZbLXVPVXd32ZkuFMi8tbm6j+Ufldh9AAfRmSBvlLwLAYXJk0TzKntikbS0quz5IkU3o3kLRQFszfzdzdtHVtJEZRIDiYs+wRVSsQQXOnFSKfqYVvX4/nxw27/bkgT58kQo7T2Qlph54YPVQ8nmVTMW8al+D1XqYMxez6BXSx3b+21JoJDRVAWWwvu2xXbUqdBJ3IxVWdbKaaqSPXPoig4hNrwpFF9yfqsFuzSJsrl0ETqGaexer2WvA4SUaeRWYiSgQYPuhUeDnJtzVMUEVOoFE+M/uu6KPQQog7J3MVhX+2msSezNh2kYCdcnkr523LcncXOMyntgjufNcnYfCOyC7OVihEOwrbumrWmhijdjcAuylvOSPQGO8PFej1zH2+5ZYwlBApESl1pi7c4EXVtpJ7+6WmwmL8ORMUkF1snz2DYUX443K8aBVCf/fT0uEjKm1TCZsF74p3keWk1E32NhysCcF6oKU5axt8aDToEOLnPjh4p6279qr5UXyAZzUnxItkiOFbpU4mAEfJ5NbNUCyOxQZvLdjtX/QecIkciOW2L+mWUPJ89qYlh1BJlC2shsJBhuJ/uZlhIQleHVM2bNEpgyU9cjarl83L6aT1/Oj8c14/fTYoZXS1dXqQDEZQwBlJIgBcvQCCOVchp6++bpfGVEFnsuCCQClHNOVfBF9hBVGA1MMiXuvMPJPlueZXgyWHlY5nPUlWunHheJCl/PquEth7Ww/5uyrsxZ1T/2wuj1yIwRBp3gvnxaCSFDgsu3NM7XzaTF31BQAR0XxWu8sMitVV2+3LYSRXHrLDWMnkw6iaDcTPTT/13RcFEUtdkS/nUH+QkS/JLWeH7JEUXX9IpDWZKTqPmWla6cZxn2NNhgN5J1AtEOK19iFwnNSaXXLQ0z8rLKhxWMU9IGtqfxTJfnxzEcL9q5aVl3q1iWB+n3SDFS3dydwYQEfULasxLITngmFRrl7x4fzjU1iu7n6tP4HSsjY5FYl0st8lqJ0muz6rBplqXSKTzdZZAFU1OLdK1aafkn3trA/YgRIcC/l+0hKIMpP43DtNBq/itelqlmg9T9VGcRWwS+WLFIbHsHCUTF6QqznBKKV2pIT3xtHNlYfwoZEwmpqkL4t2wV9MAABAASURBVLis2D11487Tbto95d3O8nc0GFfGOIyNltpBlZ2ByiaKsATHhpuO7C8khEKk09AXM8sY2WPPg9gOLjVlmVuyRROW0sWgzbWtwmmxCDHzHlJMhsCvwu1ukpfitxdEOy2MepDr6s4VlBhhK8jX6QEpFAE5IRa4wLYmYATG93GXRqwW2tDeWEL/lS/DF/ws3+R9Vx+yv/3iFa+xWIcFTblPgXjbs3ovqA6kTd728FmxM1bQppa94y4Rk/PfXhYlalmAiFEAJBg+W2GpZoU6VvW2HrxzEnSxXAUrpW0IOlHJCpXcshXW0bfl2C1NqWrXxR7F0rYIA7r86lpm6bZrbjdFtF+2UlsJIm+K+kw6UQW+m2LxIhycKy1a6kCsTAQTQXG91YKQ9XHRKd10K0+uKJraZtmkUpjz3c4PhhqaB8ffyQUjY5pO9Bh4odzbuNxW4cPpdgk23aBmYWPfQaZCByQTuVT8MkFdFRKVnUDW0TaoTjHWqamVnN2lkYxK2ygzuJt30aQCw1jB8LMVEG9nMDI3KCaMQhgzsdxl+0sFlmAOgR0jxUPJDFQ5lMcC7TS72dpvRSSQTTvHcVCtwgOKjfuY5RuBL8EPoQ5wDKRp1HxD0rYd3iHkXUnL5B/epFEX1xuIibf5C66IB6OQJ+OriyNJW1JpxD2wWLYKAJtoeoMLUycbv0x5KV3f9SteX9gs/Ubd+JLr2T5g8l72IFyu3e0XdCvjJOV5lrpVSeH51F2O0rLA6hENXUjabqRpd3h4eP/dt9/9+Q9//H/+z29+90M+7CslP4vQPz99fjp9flqlMqVQpruHd3cP9w8f3r/78GE/7YOunc9nlS4XF5xaXgok5DZL3K6imMkCm6x/108kRntfG94j7LtNDrQtjeGIm2NeHHRkiEzIpMlyCB1BWMAK/Kuydr5USlbPXbDupDTPyhCSEZhi5MgL+uilsSaGpYfYEVU9SjEcLnNergg60QBIHgR/+IDZaOArRL3h4pYW/9bLJdUOb6qJl7zdH2awM+ftCj9s5SLr09Px+Pj4d0E6eeXMhny8IejG2ti0ko6yZbhlEfJPIQ7AzKMLkbpUHTzb7x68w3kYpSg051NnfNsZuYhoHt9rAs1WXXl5aNZg+vr1/sdchJNF7uNyXt1LjW+g389s9E4+fsPEXC7fsxf9KvO8euQawdeG7CJtH7ZbNXL1/pyUYrswN3Opd8o774DzW53Q7iJJZ1lNrGwpks910gQxFxxT6Mv2xgQhp5ClcvtbLkiPdnWrnSIPfVBNGmp8e6Eri/7y5AHHhAzCRY6gxiAmuCFEQ5eC1YrY6Rvpliq4XTcACeDHjJRjeamquOTi9vYp6srkqLFA7EgZiRGcWq91xJC6zfwxtMRe0EdjuNDQ6fVjDnE+E7C5CKwAgT4+O7AaiacAGC5qpdCUX/2VoEuEOxsIK5YryhpDPya6lj24EcAU2qgvbCNjraPokRjuTGY0ZSVm0QmyAWY6EU3/+/oVLxyEaT/pL6mptf8tLiTsC3109wmIp6vqt7mCSE6KXUzPco30m84S+P5WSnv2ZgtPzu7d37JFM6ZGZgaIA87SVuHiRleTOXed27526NrXnfC0vcUm2+6mjhGwW7DYbfGh2bgRU5UJe4KvwxYvrHxdKyC/Ruhd+GGflMYBX7wodPUmfpgAEjJJgmBIm6f6HinnKGTxeirSDCMI9rq5sTMZkBNTUFDF71gFrTjDDj+4uZws3Pxq1t3S6g2S4YMl6l5webGPtxH5lyjvc+dAJ4h5k2JFvhzxEbmrBPkKbKXBE4xPcOPafSGNMKD/EfII6Rzu3l54sJ8zHM7d1r7oIhs2mIF7qaVPokTPvM687PKuelZoGc6C176Og4ZyikSxVmv3LiyYVjNOelx9k/NQPfW5JAvvCStXSOE+s5Qc1AJTDiVTVdAU9kHq8gswCXWwu2G8n6a7ZX5cdqe5SK621OO0fDo2+DEFO/FlJWYr+Vk9FrtC2dVjMsiYBLCTqoWelzwsqmpKlIrWjhUI9CyZzxKhuMz78/l0enqsjGNQSDudTY1/70lQSARfe3U00P7hHKsr7xP/yl7Cb4oukL0sw96QBsmwr2OQgjES72CRtmFglX2j+6Nt77VY/i7Za1z6vTbzYUv2yIuXSq9P/cbrLQ8AbgU3OUW4JB7PMZ6N66Y9li050M292APLIuJaHnc+ZdYhH1p8SvAK2HdSumWQOCZJEKqCa93Oy8zraXl8SvsP4/5+FP/xJCA6Gt6BRc/F9p0J6ysgUPphAd8KaIhaCm2TcoefS/s1aK/NUWo0zaTaIM7+d4lPjGp1pAZH3GsRy0eDnsBsGZ+yGzRIm03XUsra6t24T0zsQ9UkU/+QFOsQjyv4UtZ4Fs1uLRv7v3WgNIWLEJ6k/+iWqL7LlM0pYsF3G9oaDIuvtTaSchTzWD7xeTjSYRzvBniL1Y9RbH/Ux/Qk1/8GC4Mi0Now4ArAC9sMbGJtfTI3XaLGWNOrApHv/+vPXxDrLRThZb370qLiz1KABVkkkMYftS3hFk02tKwpD+8PD5ntvH8+Pp3E+b+uO6EJ4zSmrJY+xta0f6Kh7EdPObqwZ/FaC9UBmVF9h7C4IYPKep9QBFWzKMhSjsmtqU74GokwwcON9W3kfIMbtw98/3SsRx1OyVIpEhiICglA4JRIShE4zNhloAnJiZZPouUWKtiJnCWpblLWI/PT50+Pp1P98/nw7vuH9wp5IppmtQEP8CZl2xB919jad9tWt7j95yn18otLQv65TjObEK+4DtClVROQpVgTOAmL1j3SjodDHg+T1NE7nc910WcJYaRBatEuj+fTu/35/f39oR4sJR9yfMZRFXYhKU/LzM4KbLLbtPswu53ZFsXMGBRCaSkwvBgy7DIuu2EvCZCCO1KJ7qhBIWK+jnFDzdHNBAKSQxe3/Zlt4wo4h2cazYu0UFAXb8i7XRVn7oZhlLJBglezVg5fe7Obdla4DOFHZBWNZX9LuR5Sh7+W4FkZhSOG/SAFyKRYxng8H+t1Xufz8VzfUjtejey7KdGUTRFQjUQJs7kRm6KAOAKblVUN38P+7n6cFqmnI3mpcpEisSmIN4wZEiErEYHzUIUCGaa0I7G0j+s87jRYV3BcpmE3QkdQGmCoA66MSA8QNpw0+qGOhQUwRbF/BESlSkC7Oqj5fKo0QrHSMitmoW20lF6giOSZghekr9F2tnx67GxgERTwdan9ZUWnJD91Pi/DaRhRIlWKlEjy7P4geFfqM6DBlScDi1O5V21rGkHFkDXh5ADSQjLTlmZoaY6Grg6Ree2dqm67nZqInti2i7EGJ/4bIYpNF8k25r6X/nMWDzeeXeUTQTORUjtZYj5XCbe2jF51fCg8n1ZFYy98rQYw8kiU5Mc0eb/MKMl+AFOidC2MXf7K6Rl+dP3hc6yNOjmv18VvNrtpJEqJX3CApi69cG3lx6tSCMHKb2MqhAq8pdKEwNZtW1B7c6cQ0JKAw2RpaQnRdvhPf9VQ4JINfEO5CsJ4pUN5SDZyMhG6UxD0l2vRCM68prmjltNLV5N6iucTWhAzuymGIUWQRmw4BjUIiOHnUjMXxOCtV9BUZMOabTNugCwEQZEs6IYb/ofdRDb5GvHCyEC1Vpz/9PwltefiGLqVz03bxC2Hw7rTlbHzpsJg0nJ7oG94xgf3b42NkRB5k1xkaQEu2ACmsYQgaa1kGtg19Ka05dVGqJb4Ait5MnpB3Ek3PueQ65Md2V5MiC6Ty4euTtgIUuOg22PFPQSgBEcOqUUCY0pztGZ1gcl/UPkbr92SmgIQWJBZD8VVGc2GVEID6KjEhlzQ1ScpNY0hpY1t5A3Xa8Tk1utu3UIvfum84EZTm0/cguffZeI+mLwp5k3zMuvfVQfomW4TfckU0dtm6NmHv+j2L7z/K17hV+G3jerytvL8C3Pjdy9cxtPiDMfxoO1NLmz4B0o7jDPouTGzjqrAxUDJx2H/8f03//b7H/78x9/9+c/vv//27sO7ospAlfcfPz0ePz9Ww9dShak8fPj+u/t37+7eSbEbkfzGiE8gFTlFPL5eEUKYhUMN8bYgTkR41Nt2mqyFiBOFHO60Az2uRaOL5Yl5RoABMEfkB4Uh9IQBeR3kH9yJV3akuHFJNTaXBWV0RIYUN2hAoeBEyDtkuDsADGZP6admXDWbN9BRoEwg6KT2RKrj7ewp5q8/G/0VPD1M7WHtedYmAMkTPgWvwLgbdqxVhI6fHv/6f/3nz3/5r9806ITTDX9t/0khumkN6fHHQ5qBLQPO3BXBROQMKhkQml2JrbZFR+WeOXueZxL9YEvZVCA3+ClyeLOTexleGbhrcf+ql6oF0KQJ0cKrwF/C3Isb6G2O0tJZP7n7O7lDPfnB9HUiF+2/cgKzv/eLjt+Gj2H52AF3VLhUvHR1F+SUt3F+3EvMbsm2zgfyks9V9lgHumzBW2E/2EF0bgxDKUABcL4ukAXgaSILWaCxHIsVKeF60ODscKuS69gpXEuqCLvsRrbtW+XOkKFE7PB4OvIyq0jqY04RFMLmuRQBdAYHYLegXs63fmb58Ya7SG0fEuILXRUo0K/RRqZwDos5PUtCZDKjY1HmoNMA6Vnzi9icZ9q+4mUNAgpj1hiUroVLzHaC0598yYo1jTGxO1szHJIELdzs38kSn20uNVXGHE+q2GnSJWc1iMIJBcD0kMzxg8T3Z9iKzDRAvqlMTEjm0Dbd2OxnqGyaYUqy8KmsmVEatJl6Q4ZhCkKzSK26jitK1yLjFQHgt0hpt2nxP5Re/rKX08vPw1xtd3lCwfF8/ub77yh8nLGUnRB/s6kvvZhvtMS/Rss3HzdgNfXDDlZHpe1SHBYY26/6xM2PijY7QTiZLNwetWO5EYM4BeXsSAy9bXB4aFCKwxarilasVnBI4yC+rORFsVkwQEvvwKtjtVX3B1frBpZSnOJkFQpsxCDUGFT2Mm7ZpCLXBshM8CkFxKuLp/iTYdYzApkozjnFOHwBTP5RWYdsMu0O1ng3GxNk3q4cG4ZEAHXSv2D0hVNtTZ0FmFs8D5rPHduUeIMshd89Ahjt5ig/7MtjpiHDOrCmzHmf1QYxk5ojfJsx5ofYnpL5FJDyoStLzlY1xsTr5PsUyehK+3hVzPmxM/qom0rhr31F2qGycWZf0g5kgCFykk9KutgQ9gJ63rTKbanjtm6GkkEeW0RsUacbFgujM3tA8XUp6ncTJXBVHxdZYYycgy34nofIQWYaS9lqKJjxquCVKjeznH3TkmIDmLst5iJmR6e/DKXaRk/rUr1l+/sdJ41BQWal8MZh1QTwnapbgxYJVE9ESSaFkKT5DjPCODWTNyMCnS8nU93cMKqqv64azKu/R90/2fCjk/FRxlJbsPFavd2H3f5+v3wWV8oycrXEV5NuLhTnQXZdVjdnNrcXiZKY1ea5rNWLJerlvJyLablZubSimyw0zCKO7Hg+iXPPvTs3AAAQAElEQVRnOiwkZfjyUPfelMZ5qprr+XQ+HY/i3tAiOxyhb760WLItcJ2pixf7CZ90yMDcf449LFMIr2asmYSgZMkWuV8wqDKvVgmQIGaQZKdXTa0aK+e6FXRJVqWrRetSQdzXwORuJ2O3gGw5maUNrwq9l530x0nxVFT2fRXGUHbcZwSTK+JrGTTwgcMdtN2WTahK/bA3krzT90LAji8lEvQSNEWUnPeaDxjZpiSK3jtg6EBs1Y0nsp4g2A96kMTZWSf5LCJs3ic9MJPCJ9nKRoIzKLYeaK1AAj4gh1lB8IsWLAE1z4VC4U1uvvdPKPUj7cRdGYMWyWRndiW150TEz1oyUu/NGiWyidxSgA9rc8ya2ayJ/AlIF1w8mgD8xrH2ZQpLQg585t1Qd9ZortGVZqyBK5QIrClg38o0QRw4dCztm/prmR260iikBs5rMiTHoQBOfPio/ZgoTAtb9dCndam/3B+H92LN2sHcZv5rzVTBFpAwIi3KI9hMRZSBAi6tp1WWf0jOcQp59uT15sRWypTbOd3KeMU5T9uuzYkSfC/CgxAAx67ag72l/rbYtBCNzA51Q/o3NkqIHiK2DFJlK2AWEhzk86a6XprUOz/eQZrK/+unv/389Pm4CO2vzvLPj7kc0mE6GM4oqL1ZfopFxyCARZ3x0kf2/FTzoilFVtwmKXbBBsJWxYQZswGs/LxqYRuryYyKkJ00TsHC3RBSOhKR+yivJiUmEZdAnF1PTGxhsNykG0kBGBSUUqEmCo2ESieIhFCdEmm5np8A+Uw18QSgIKlAN0h405IEL2z+XD4djz+fn/7tm+9+fP9+RzRJvG2mZXUHtZ4hN3MY8dUz4K5HaufXcICbhAQaQJ3s4pj30ssMmcy6LNsYCCj6KpEh62gFrCinRfA3hHNXB/7TfD5KbZhqIS7HNWsVOg1ef8h3u70mf0k7U84P+0kEviNV0jjD961rUSjiFnVuyYEJ2AVsslgfPyDYqiqySteK4GoIuV2KRFSOU6nG751iXZtrGamWyYwkEKE0FSYDTWcAoY/NQyPvJIpGcVH0bAs+ijhhBWOp/qZQPpOAeozjcZbYGwBHDILqAruOvlns7Zhw+ay2sbCV4UX1rlHOT5UuaNRYlnpknjQ6AxWCTseTwgCkYSfahsAuhUHBSAL2M8IWC0Cx2QKVtLjvME4SUzEJhsrpLDmncnCEc8kUwv6UWWKCBNnErP0oXVQXVuJFxnF/dzeuUl5YaiVmVPqVdJzVglC9YLouU4EwRVozOQmgi3giqs/gcDofj+en4yLVXuprTpJtiHx9I+Tbq9hysEfTdLWXBvCF1fN8AngU9k95uZ2WJmgLn4CjYYUokpeBhEef51xtK1VmE+T2USQ0VLtO0GzUVobsI1AzldDzYOWXoS2aUJ00hRJFGN0W555mCusguS/faLLxut7Qpme3dd/PKzs7TClYQKhYJnpBflDCpWH6wrhUipDCKzRIWLHaF3ksjvYfZnhde0ZdHldq2KlMcoLYq6Ht1caJqKRePpTnikvzdDsZzBSi5BrvM1dMQrx88xaf0pK2ZgpnBxQTmMy78sK77Ilmo5DL4/6a/HnjKt2CRQ/YHk8OZeETapHE7oM3pdOkVLwL3NiVSA19VdK/apzHaIW3GJw5u/V2IPK3AeyE2sbRv4LINsa3LjYE53m0AfQ160I/8Cbb+49Ei091d0MByzPE9cKemaeMKzkYFTYdNVasCmVG1AyZqVSNCRbPlboBRZc6bcK+bpVZhuIHTGcTvSsxvuQUI45Z079ctDJRrl+pwps7288uQiAmRhUn9tg4vze7jJstm8G2T0jHMa4UJD9FpFkyLCJcucW4COZXMP4w0aB8rmetbPYwMNii/9yvuk9A/Mz9z8pXNSK7NKE3vrVIEA0NorFprX4AA4FAZ4XigKXe+tak2WZq8i0EqTWRm8JTE4l5SwqIu1jblG4o16n7/LkD3m7rWqZXicnrjby9CVItK+ig2mj4stkLYkvhckn2pqI4gdqAU5leQXDP1rXV1zY356vPbvX0F11f9zynX+96e1jJRb2ntH2wKXG3r6CZCt8YA3d5Nz27VSxMrGOddH2jb/iEAEATQY19Z90AKowSffPjtw/ff//dv//hx//x5/e//2F6eKgDWwSFb6lGrKen4+npJHxnHN9/eDjc333/b/823VV1MCH8QoUIuaAdF8BM2IbEUDyDizm8/xFuEsEAycNNrGyNIohgHnDDZZBKhJt4gRv4Mcy1impsCkxYRVoAomj3SkCMuKgjuWTAOUbQiQtpyni0oA+KetdXKaBgIK+QwdbpH60Lz8WqujGqKABrUHWHQaJhTKXp3HnPbbZrWvT8tuQmjb5ywQAZMd1gCbKIazk9Pv38t789ff5cJfWHDx9/QdDJ5TF44UzHnS2/ihx/6+qeF17IsboGTeMilB8D2HFLL3D766h7DXiliV0uFRR/wabIYjxLLYjBOBQ/Q8Yu1pQ72eNV3vPPc5FPIHsWSOrCcvkXjCP0H76Kmfqy+TGF5ebOa4pD6n+6GaXFKaTCZMgu+j+iwRnZzRLubRpkoghV6t/QRJBuZ2ghl5g2I/ux79lM1RpMrqTUwJpM8d5KwLxF6/bHQ0tVwFOBSxkHlCyXYrgIkvKIZj90JoghtUL7ABdl0MQEIA5Du2myN5s8gbSbjIJjnjXOGoouJ5M80E2yOqxOZAmzm4+fXCe4ICbYezAjGuHV92i5ILXHQDSniyVHPBB+Ya0SnC4YLJkZv7DvnEFtA1pyx+fdDjh1nbmaf//EZ8wlRaKejLAbF1PgQpPbTaFmkM0rZHhQdxST08/RztCpHKGoY2TGf5UZit0vFEIzKHKKGhQhy5oFw43d6foQqsO3//RtwtKvKZ/9d77U/VWlEClrpRG4ulol/V24w2+/SLIRIbdl9TKiKrXne9kGvVRsvKAYZE38fGtjQpt3+tmxV3LimX6BeiLC3BhWvNQZcRJ1CpNKfli4EAnsG+m/o3aCM1UZUWoCuPGBHUdEGQzIpCnYNkHI6Q1tndxG98yw+k5uugIGQa43p2B/XrGYU+riVYw7JPvA3s5OTBBJl9w/11Gu1CihFlVTUx2F2SX1dpP2DNsMw6+QUr6g5qYSwC/fD9YpNDFvhDDziRR1PHByHgoOYpY4ncVBjbyqLhlERYw93EJJ3+7JOmxSUFkzeEjIhHnMgu4F3cbtWPJTV6hBWkPsVUaAYWB4pYuV9KEbc++mLmaFnAk3rsTBzptVy3/z291AxRfNwkFNgBj2aUCuU7mVdmfVTFuZA0Z2g23dJiF64I6Jza4TYRVSi0SxIy1/yWvPvB7XZeayH3P1tX8+nt4f5rtpX10ZZZGTVHW4XVop7yS4YUhlQdEUCbwYJZhykJL08wo8Yeq2TWf2jUlKvi3kkFatUKJPyXDMU8/xfXeQ+LzFSXaXx33Ou1R93mJegwBUvYXIEGU15AyCZe3luOGBWZZBsRCqk02UmBnbVOITJHpjrg64kSf9YRyW8/l8OldFFKZTEVSqJ+M0rEkq7Bzuzrtpl9rMbigqXzHs6+3UpK8Xb7u6VB3OeZzGfbkTpbr2N53T6rZiDWStVLTUPzL+etIGScfGSxGibPH8FLKx0A4FvjZnf+FGYPT/TtZKQRj7sXQaaCOB/omhSiBrgbJF6eBwcGvE/k3PXFu7qn2kRVNwEBI7aIBGG4itQcMGw3uV+Uab2XtRpFqI5W0O2tzCZkinc+Gqsmeei/hq01q9i5SB3wBh3eTOVBwtxOY7eAgCY8KJHMm58EAXn9uEU3lF3pMfojYP4UbCs4gSLCV7sKCSkN72LN2T+Ep1ZWkxoayBMxLoUSxSgk3I1QmRzzJIPXQxUTCqqWavQWdFhIuZe1seW+8HeBWMc0THGxM1d4vJyqXACSn/DEYE7ezTs/shOKM6Pk48/zSffj6dqlO1qhMFsUPWb6wuMDXMoq07ZcA6J8uoMfsF66h7LtAfU7pQZ5hpG8T4nG5OW0OwHn5y3hHT4zpaumGyCK6HvfEcjehaI3AWMEUip6PUGCCpqjjKPeOHw30kOfBjeZKAtgXu7EpXp1HgndjUGXJwLnXkMpgVo4AF1gwbR+kvglB0YAJrg1pymmhguqkxxhLFTplSc+bZsOIvX1UX2FITS3t4fEoRppacF5PVj2B17XOcM20K4JLF0BWyVC5DkE7i5k8K8DlnTGGqwbTXQ5OlMhfzcprX46fKctK6o2/G6d1ujwyRQY3FSEZWJDh1OjZq2HPKTvn11cUB0dAchD0VjL8rHYHYLfESFd+WFEUC9KVzYikKxIyPBZ5DcKWFJJyq817NCMqUlyKhDety9+5QWc64A2bzobLhtK+tn9f1NJ+OAozGanbwQBDzDdoK+FCYLLAxN6JAuH8xN6boEVLij07VZS7IHWXda9WaXf16mkQZXxVagyyk0Ylbwdb2nH6nwaQ2ZUwezDVVEBgMUbUuMiPiqI5+QHVRFUXmunjDuhNZo758lHgWQ3DDsGRuRx1ISm67XNXaX5dXwW/qDNUnj3MVIo5iGi8Srlo7vqsNi/m9/i+WaxoGX+TBEuDTEOcVHkY14CMQRAzd0+FQO7Wg2M1qFiYBPhHxqco2g6JiiIAzzIu8WWuxyBQLQLrUJN1NexnuWKWbSUI0xP6ueX56vJ1PqmFK+bWLZMJutYhQnZhpt9/XBiU491zVKxR8WQrkkGLLS43mW1wd9kMwOyOz0DXsOJn1WFBecs7tKBjDwHEjbHNLBag/DBKuVHu7DHXIADuxPxoMVAeK+mpknJIQzphlepGdB+2JNaFy1SHgJ5Y22IJTgavD5h21xCDmrl6P7/M4uZ1VKrnN1OekSx2E/6OfFpd6VY3Kmky1rAhzIQ17LWVAsChmJmc2XbFIRq9jwIeMIENDnLFrwxpMZwY3UX1LKR3HIVfcoLluuNzFCjZR0Znai1cM88Z3TQy6wfrjXdS9l9/wxut2OD2nAXavid/JDAocpkujaF6f0eONop2eYaXY6Zwi3ohDxdcNKYpsPKFsx8yaq6ctmKwSem6jrS5ZePGjWMSSuJcuLudg+6tt0CbKN3lNb8CwGEwDPSl2fgmhjhD02Y0BPjPC23MPkwGZJKlA6QQ1XrfdRZu1zcF1k9la/cDFlk5u+SCH/UltprkTq0wBo9S9htebc8TdrmSPOAlLV/Sv/eD9gGiRbL9hrnyI1GKqMHBdWcsKMDSLMIi03c7bbF5X7DduGPbPuRFYHJru2XYGO2VPaQIHkWUntbYrXdCImKEmmWSnS75LjAoqG9scpZg1tB4Ov9VWSf7PiVrBVg6Slfox9h9cU4rgNd2zt8iNffFyY2+6vqqRS2rJ29myDzdKhW1g3kwLhulnwJ7i7onETRuklN5MMb9yMq7X560v7Fpo/7eGnu9PMZbBr7b4ynu3/ISfuSl6lEBsYqYiFNx+iC75Vuw4rHFSl9/9TNDGcmZ2yAAAEABJREFUzLtdhMZ4OaigKBNVJGONcqmWuOnh8PDx/R/+H//H7/78pw8//jC9f6hMZOF1rqLo03I6nY5Pxyqu7fd3dw8P0zQ9vH9Xpcq7dw9JNXuDUdNiOjDpc5TchbqDPCiEOQNHWK/UBZ+44kGCYdzCRyybsZTiIHMepojaPeqIkYCTnVxWClOPgFezWRFKsgga54pQ4aSJE8n4oBo1VPyxe1YRlgvCdnNCER0r1oOCPfo6k/+hRpBFyKB7s7RwTi72ZC/EA/HSaXO/any9U+PMts1zWwCyeWPm249f3QuTCXonXi0FfSnqBPr808+ffvr5809/q+P95rvvv/n227cFnVz3jL/0AF8RbFfWomTR828OVm2PYOWTi2ARB6voAraHyCMtqTOyJDWuuSbgrleIjB5rgASq1IdE9KZGl2Mu6MJ2Pejalpv+BS+zQrh4z9uNsLFAfeFVutXs2vnSpuJ+/pKvblxNFrStyS4yOHoE4k40rz1dRbkwd3IdJHUKq3rhPlfM/8cnSvhWQAHYTudrcBQfUucIscf1LHCB0Yexm7OlcDAis3RwWfFc7Y0YIYIf8CL31CrNUtO/etMA55rJ8oJFPM8WJd4KZ+gBVJu34dMqujd0G8omOHbz0y9JP0shdRI5F/XJDKHeYCzZaEDkJENIwriz8cBQVsyzFFOKBgrqJoiReVCwAklAch1B/g60Li/0fk1tuXjQT0JaDETg5Nq9uRmAAM62qXSZELBDXe6s3yOOTbApHRIly8ozxamT3qE2pI5EcfvW/NgbXwKmEeD/EiWZUq/amptQR0aI8slhS+UXz9G/JHH7+19ETSmoRsCkE1clkRFp+8kEFueJv31nthfz169j3xqOw6r2ZM3QLDmsHWTybOclMvmmuEyJoBPXVBsZxFakjgxGt+MGHL6L2XN75esX6IrW2Oh0Kv0vZ3+zvhYRGJk8+s3IGk6fnxp/ezXU7Whng90KhZ7XUigQmIhanFpTFV5ZHHd++N3tc/u7UyPtRN9qUD/eTm9yhWZVRtPrtZRiwCA1Qgrrqi9qkQ8+l9zx6X+7CoG8PUaGYmNquLCIiFZvpJvI14U6lZ6i901jZoshNFasKfMKekWatjlKaiUSZlLYMmGRdfCqxm2Tx6WoeAkDneMfJs1SLuEWjWhmX43Yw8oNwJsAFZDSm7T9y3XyMk22RYu5OtqqhdRq43Kpw8g4bQJrzD8uPxY7nhKnNGgakUPNxqvboOAXc0soJgylPYzJ+pL15ir7ELe4fVQLQgsMhcbizCQVdo7Ledjtq6fp5+Xz4dPu4e5wGCYkVaqatwOp0FhdlQR8oQUFobowBSdZer50/YRDyHsSMoWRlNqZZV7LTsDk2zbAVy35THyUlXNWh0n1k0w07JI4fsb6rMaQwZcNXyPcAQNZNuJqSPNrGYsKkgpFrz4SgH8wkl31njzMeTeK12auyuacBTJfBAnB39xN83wWjPnj8XB/BwDSwtwdckpfQszpTbRxK06bcEe7w7Qv95IULrWD5rafSWJkqldJwT/Fs54WrPqgtTZ02jXcAH83KVQd9clIRmdtvJQxus3dPspqHrcOptQpj953EfMkWBDydnYZtd2dOoayfdPm4j4ViHJ0vi9Roy5dlVrNzEPXMOwEg6jTUTYegmilur1H3UdaeKq6aTl9EnvHOuflfjdVU81OhX3J/pf3qqPWHjejupPzGMSgOETw2/pACFJ2MdWAstudek6SmhKYTDFsx8jzx/202asZ4UVdGIfNnGXWEUDO5YtMg0OvkJ0ktnewB+LUn9cVu2KsCzju2BQBLm6r74lPxxf6A9/9IB8CN0LVJYkY05gZ4ffs2yDH6Kkj2eEKg2Bff6kb/HE+/9fj3/bVyHV3j2AZCy8ES9fE/VV87YBW8BwxrYAaLBmDUtSuxFtVKcX8XOyi1AhUC0hPF6YP031o+/DFVr9lVOo19BtPXd+ftp2Lf41D+rT4IdIpEDwIVcUehpjr8vhZkuXTfAa7q27X/dBLMsZ2RC9EOGcCqFlxIcbIPhuECAavRQSkvV2uspkINkAAssGaptaMSJdT1M0f4qB6htuCZjjY3MV6Yf8laM3gToauC21PaD2gRuQoypbP9pqkgpNvYYfiw+Z2oVPFJBGgzxoCvJRzefzpnMqn+3c/Prz/uL+bBp2jtWRDnJewCpWM9HEPOOt33u2VNRa5ka6D/PpHCGrBxNrU4f31t1l0VA2oyRCpxsrID7uibJaPp7PIW4t43pd1+fT09PH9+/v7d4IPIgstcSAPd/vDyidJ9VtOy3Ks/BThfmzw3okdvYP6k0/UDoWxCd0axZ31AuwryvgigN5lXxvb5bwI5Mk4TlOaZxmRlBBVTQWh0XYCs2EYEG+YJgzKqjiYfbzS8nFceberJEHwPCT8I+/3U23r6elpRcmSpQyrRNBWzp804SbO7yDcdITVk8hKM+k+kX0lgpHQXrFnZ6hVywAhpLJrtWavQ51qCaJBepGtlxd+UpDj1Ipqgp5LLI42SlL8J2voiZrgFdgAIveg2F0SHVKlyCwzVqdR2JYkeoqGIGFEGnkglQN30/5uv9vtJfSEJFYVGyoK1msUOSw1WetjofyjQqWMw7SflvMktbiWs0Cin88Sd7KYMwEnwux4mx1qi8JO38IAiA+BfcBQI5QFZFMDGhMIqmiiOARsjRSpu5DqxqWIlamLvJsOUx2slIaTnTA4JrHsCgXRqQqJpTSrs0ImScF6LfkKNatl30rcJmxHsrgcyJ5xWk1uMkgqbHXlbdwzGsLLsLAeR+9NXUhX+ESjjhDjZCKCQA/UTeuYvmy6gCB7jRKyU3VkC0kxGaHYsqq4jK9E3V9jnbg3vDdUJ9eBrW+cOhmvcajQMdM1TdpcHae7/pb7f3o4se5+uniQ0rMMcdsstzbspy132E78JZ+lIPvcICRtrOahp74d3BCyS7KMSooZxZtykG1Orl77qAB5YQ2WzciloZJCtAuR0h+NocAQxM96ed5wdSYdDu9ovII88CNWx4xNqTOZuhmaG4embai+7R+7/+bF7YdInOBAkHGh0gRRCMNx4kzWTdYvRvFi40LJc0cvTX8mnkPMUw3Czo9VBDQB0we+eTTF9rITT5sjLWxjjbXzbNoUEkvYsPrWIXH1/SNH4d2+OV0cC6ctW9l1u8PdRshNV/fsnY5rqw1n82wo6+T9Jrc1RqA8tyKbjRlcCjWxWP1mzW1ftY5eXDcLIFyQhS1durr3V7i+ohHeLhy9oVn2ezfbid1e6pT5Rlj6hSfczx+9/s6vuoKOpi++2PmjOSvziwzl9a9MuQsJuZtD5pcben52ePtzk038w+yUE4BEJifwRfO0OUrOojZ7nq83QUmQBpR0VOGVBIlvpN39/t333/z4f/z5D//zf3z7+x93h0MVX87LIgh+8s+ynqSYdb337v7hcFf/enh4//7u/n63n1YtRAMRCuEdUPG7WVTSYyyp9QhBJ4BCwXzCgGyxGSrvNhupnlU8sjpsIbnnRTHqGiBK9ggVKRiprwByiaV0Sydy1IODygkRRypx6v0adW0gZNKNLN63wWFX7G/L36eg5mSYsuUsuWdS0VIy1kYtYenPehAXeTw0d2Xib2yq5DTT9yLZUzevm9uym3PuUvKok4nhwqxzcKxqzOfPT58+1S+mw/5w//D+m4+CdJh+zasLH2nhg2Xb6dT4QseYX7vKht2bRYDN5mNTJxqVJUk7i00Jxdpgb87YslkzKqT8adYUGNicRLIPXmv7VsAVBmht6Da7z5pf6CtfIiJ4iNa/0hW6B+PfS+HgJmTImxrWaTTjSXsZDEapCy99e4uelvTM153M9EqfmwXYftWKKKTKbsaOGZL5B/0yKQVwSOBMSGzkIJF6DXQxNPSZOWJ2M7Vkha7zGy2xu8JEiWSvQbfpAJRzM0D5bXoXN55kAZDcQ8jFFCHCpsUE6j/QGbTQrn0imKrEDuZpz0FlVJQVo0M4VCYoDlq0vtEpCqnMBUsC4LXrAkVts8YVNVMTu9Gt850KZckYQDsxOHice3bkz1DOrAcZwR8IKyEyg8vqNxevDUIb6TYEalnAUL8VS187Z2qzaGuDcXiOxH+5WXKyRzAa1PIxtZ80+GYR31flUouEMXrYjVrnLbqOrBcM9O2M2qLyG5MVineVJ3laF2ffyfLFCPqH7IbAnwCkuS2Ej1wdA4GISjdOzPXHr5OFZwTbfySF/FKic/H0y12341YMMS1JOcNzXTbBCgZusJ0CChHPzVU3G/uyi+hNQv0vZlBGX5G7bKx2kHw2vlI/skeihdRskXPktAX2smYqdO2kM65REFhu/N6qaV2a4aiVCXthALxQixJPKflBNj21E9HY1kjHS0ZtTDEmshzIUHyTPdLuMWuEmX4AWcugOVKqViySyVvDsKrvsRiLdApAz24Gd2gEdaVGjxNZZE+nXNDFmDQhlZxVUwqboNNtUzid+JK4RRn+VbcAmkFFaVFLobOIDv23eCBE+yp7mfk2bWqyNIANdI6sjLXQT9Q+4MiBUh2rsC9ctto66BDBkaNZ6NWDtZLDXHc6lSG7gpOv8FXl8FioxlLXYQRtrDZflVkkJmcxuzxmq0sMNtlRDOYyNwMDLREenthmz61mr1f6VOn8W8A03GrppkhG9jiMzTKFhczj5udR7eQISM2IPgE5ErAFM/KQCRBxoJhdEpApUFP2WqdoYavjp4e7WGcheFNEDkES4I3AhtZyqsb6OZUTS/GaUTDt83I8/eXnv/3wzcdyX73MA58FWVJUmomFsAiahKS2Vh+FeGDGuqvlj9RBqptFz9hirv6NntXevFFcRRmWMA7OQT5w1mpTA2IURLahaRjux93DuH+kp3Op/pe8VA+UpCsrvIoiohMmAlGnejIQU1L/HrVgThmks6xRJ4ptIHrqeqayO5dxrJ4Zhb/P61yqe10COKpvSlwXh9O5qqBVhZek4aogJxeyTNRQASC2kwmP9nG6GDxG2LRxPLLdiPFtuyErSFPdIbu8P/B8d5YKO1UPX3WqVntqGJGlURR/TTxbBAwHPVCrBUupDCJAKLofiok4LYt8cDPjGqaB1ItjnhWXaEO5V7/ZEgnMe6bxSDLncg4GKoMgIchDg+1V6q021Al7bUo4tbtwXvR0ZIiUCRqoiYIoL6LUQJOBKF+fcayKBXZbcSpKrk0DN4ZVMSqz0I5SD8GJ5nNO76oqT8OICVNyN6irVH8Gh1kvlhHlpkwF86TH1SPR4XPIoTwApEx9DdzaMZQYMI2oFcpATKTGf7nnfMksMhSN4Cv5UeGJrEgRezCisWzXJQZo+pJPT3im/rUjPZtpTkCbwkkoFkgXSbe+/6Hsu8GKTIxOMCnAVFDPZcc4O64AVwxIIzwzNmPyIxhSdXj+5dPncal6Tvl2f6+xZWSrqs8q9pK4bUcjrWxUAuYGynHQNFmBGlpvSAJshgjtlBYYI5OOgLm6aUIAABAASURBVHCTOmEPz3Y1evy8dBbPSwO8xY+mraa67YMtJpfnpWZvWNgLHuCgM1Zox6kKoLkxH5XE5d23794rcrDM3N8+f6qUTvek+Dfrad1p7epEKRJ9CXGkMsMF0oYehwISDLEva1ygbk1BCloUDHwQWAiCRVErGg4gktQoAKaaPJol8ZUU6iPO7RObQR/3kJh90UCoLJK1yYBk0s1qAV/uB5d+pTCkqm6nnQDsRPLjpRTeSKe5TNDMIMGO5/Pj5/P556enT/P59x+++W7/8KFSbjlzPMAuEHgkupsRElZy02rQYa1HlJyny0jX0sc4JZ81lNEBcqOe56whQfBnJXRP6gfVkyyeeeF/S0bZ2CpY7VLtWz3O4zBWM/UyzFVOO611EKeFlzmt7x7eDcOutlQJwN1utw6VWw77wsdlHs+nz/URtXnqW3RnKfpNtY84I8ROb3G6iGVmM9MFuSqKqIrKMagWQXx3N9U9I1kqE2t0tUVFFzi0SGreGGsc+1DgwSzgYibWkPo0I1dyWTC/UitN93jVy++mQxU2ns4nOWKr1H05n6pYlKb9jp0DGgEQA0Kj1sqZhdmOUk5Y6qBIARSlIfXUnJf5LMDmZwkTqUZ/YGkU3u3LmA/kVAKcB1QoWxEQHNMVk6LIRINWcpbwkioCl10dywyzuKC0rbCyJhjudxpLtuSl/iiBNMUsUsCrLuup/jCP8/4w7SZBlFG7fFZekNXvYJ2R+KMVcqME6Q4SsDJKNfs9gk5mRVKZtfrgSbDi1J1QVgSKY/MhUxG7ErGMnJ0vUgDKps6ranJU1Cl2c499F9TARQc3rSEQqdidUl5oPh+rP2NUhDIpu6OxPhI9o6HEgoOC4yOSyFiXRCNPAGGCPbYiwUz+nwuUOAFDcpU5KLyT62AAWtenLuVoI4Uvx7itgWspJSoWMh5aZrQRwal1MblY7CyUX1MeCyzwQrSQ71mHVycc8V8B4CAvXA2fXjeBOZeQRCp/kxE7O4QB+N8ApPyH4hq17dnoLUS6ni5d6/7UmxacEbWvGn3odK4rmXCwPm4ef+aKvWOPdxbS1s8QsozrXDaQWpymVjCL3vGF2N7YtJs9zW4BFm/puhwnHkFHDeXdpW+oc7Hju0lSWQzdlMDN6+FvvMm0naLXJuv6WuPJjPJv7EVAwFIxfmOK5OG1BAHYp8g75j3hZ4xCbeZ7ccurh/jpd9Wc8dXQWQENBjRF11yysvm0tydG/Uh2i1BTQDLdmCVX9SnEsM2ix23t7UYKMnfnx7eGSu4q11h8pi7q5qW9SuVqD6FGfbvH+u0bifqV5k7UTL5G285uQKdg3klW+A3xw8byLPlX7x0G2g64JbfoK4w7svmA2X0Zphck3+clBognUr8+6D8+2uiWt69XvvZbXr2tsx29cNMbzJnpOoDp9vuuL7qY3otraN14w6ifbfhqpF/a2ltemL7m0kPp2zI7K2XefG4veGOnqcW3bSjhLcZx4QO9uYodP4LLO994gjI1DTYbWYREzKnc0mWY4wjHgxcM0lz3WSNls5SFrPKmoDJO7w4ff//dD3/+9+//8Ptv//C7u4/v6/JWcezps5R5NLS72s5YxVENQfj48XC4myaJyK2WjPrNOivWSLJsafTE0r/7SVtbricq1iDCg/yCDOnij/0Q6YvJ5M/VMFTcXoFgjihVg7drHLMIqhI4reEjKVkoeyxDpYeG7aHGr3o/wkQguK7aMQX2c+G2Ttt+7ENhQJ867VKQj6V2T1+UR8Y1jQq+EiO14TRoeO72AN883dRsMM25/JWXh5v0EwuR9W9/+YtGnPxch/n+m2/fffhwuLurnZd45PT3u0LzNjb1RVccCeAL+ErZmSBI+UBYKN3p8KeSkrikR07cvaIHZTb+aPNkXpWOWROFv4q7601dvaBc/2JXBC5AI+FgyLj4S6i5yYH647OzESCW2VS5L503evURrAe9fee54I9IiAxjUGriPF7L0MptYzcIP3J9PSHsrhv7RReyn37TTGyqjADd3EJkKBipb5OoV4DhBoTNHXj4nn98KdO4QuGbG3XSAAF1MSGdqta2Odu/aqvSXGSkeZKF5Cf742O6WCnaBsy2lyUm3wkW+gyLHq8bDmTyop9VrT6MCE8FabmA8k/cDqZ7UFPMZqdtdN27+OS5q1upjFxrdG41Fmo9sfpwRE2RbCeL1uLJ/dwXiy03VFPPvLkQlDHK8Nowp7AOK3+VQMtxMGOLCvm5aZthGQUWS/7CY/6/r2cvKFwWKXk6HaushsijTpF1g9FvIH2/4aJfaxHFBrmu5hTQ9D4TZVNKTiw5bTzAQSe/iGMSbaYr6O3lZfT5lYtbxOrlK4xcJDNHqsC6pu2rU09Ju9HdjHeBbmwBdcYRgrby7RGkCLN1DkldD7seJ7oUU9jkI+aXmCs5KTaPXU8NPZnnpatv1mqQN/5wed+rohR13broMmikNSauj4h31MzE3O0Dm2A2BimSOwpeaCm21bpjL4gVcD+Opo5TiixGMhR6cTQOSGRM5MaSJkC6gtoaBCZ2ZoPNSK9fveaTrmgCdbFZZcO5tjKDhTX5RNBlchfbWgOXWOUELeZdEmd3LgV78bQq1eU6xur2x3hnKCPtNeQSQvd6ddVnO50Wd8LraV2O6/xQ3V67UYA4l/Pn0/HutH8YqpNBdtSiZvNRscqz4E+KGZ7WVbOQpyQRQKdFfY/Z0hBkEOv1/tU+hcCJFOSC+iCdYuCycBgb05TokMf7sXqHxiead0mqywxsCHB1n2TN/VJ4PMF+QXNCMubzutsD015XsM41rVZDqgCOc50n8c5A2yzNol1V4vpA3ez7w17uO8/Hp2P1VkgYUxMPjCKkbp6fkyEvLj9lFlJwIVw6ZUu2rNmSHKXmz35fFez5dALWnZX8lvNVWjlKNwODJWA/+lkIydPfjj1lrlf2rZuS+2svuvbc6LxNDgN50lnOEnQi1sg0hFGG0xdoNK4cYThGutmsM+if9UmcXoacYfvKno/Z7M+1csnsFRU9rVRuEzREFhSfuiFEvD7zcqq+uoU+DLu7cUiLODNhqNW0o1UK9JSVL4ks9WQu1pQsVN3NatEdm5iXBIMNgTJWWQxAJEWiYd/kFp5bA/yypMXjjMAvKI8ZVAxszVhE3Ux4uH60F+dvIvHMpaMg7awtpbcJsin54mt1j4ahgwo7zot8djRAzEwDHs5E5LkXqdFDaMWAUFBX4LIO00z803qcPour9cN0pwgcsUVkXVFShcxGiChwI6XosKbKwylobuBsRQs2IkI4xowbuUeUr1YnvbhwN48PBn2T77TJutlmuiA+FPzF2ulWJbRB7JxsMpEs6/vDnbJyGdffPn+q67pUpzIp6g8Vx0lOlg9LEKV48PBYW+iup0pZimfKl6HoOdMg3yjGbKlrtuuKghBcaPu9NHgxIWjR74RPzgR77jXc2FXi9vaSqk5eNStDt6p+PmiCS0IFWw1cDN+tMqbsogtD9qXuuHqigFZl+bQu56effzoffzod//Dx2z88fPNhnHYSIFhGNrc0QuMEG9tKTd8Ipb8WQjqxp+0lkCH1DiaPx0aoqtG1waJaLVe7uqkVuFT5NUmNvCWl6pyfaZgRejIvdap+fvxUndhlSHf7+1HjU0aFixj1hCChcRznxyoz8KzVeQy+RZOSSqKe5PUGlhKkvDgVSzZ6qR131no6WcvW1M8n3mctyDsK/8hA1KCEeAotladBuUiR7K3DztpSVf1kKyt9rr9X5lmJmBpkRa6t3047iUtVXJJUrc/nyl01wmU3eQketl2ZKdR8TDAjAG4UPy3BtpTHNBeZqZHWOmNr/XWR0kG8orClLF2VrZCyMwwudibmxq64yexqgcmGekEg3sroa8erYX7UcNilnNc8KDaMarlVTNCoMTY88yTxCIp7wbK4YtM/j+NTdT/UwVcfRL3qcyxlaZIivqk4hJA55RGl2m9XwIVkrWUje7jO4bwbh2mqcuMMOBqAUip4LC+mQgGAFqtm+pdXLzIgxgBKMJlVYWN0VjTuEUdU+TVDvjTKommKqoBJ4hamzPIrdLDnmc9wMFg2k+b/VAlK5mncKzfIlv66k3AU9VnIBACJQMREmYniSO8YjgWdaB0fO25AEbMdmBEfrvqCSmW+Fy2OxbK5HbU3ddqHB7eb6J89dhCIiyY3EAAL68IsytlUX9QY44JIy/hQnFUS3DLgaJZdsaTmReKZCjxBLe4TyPcmKeUQh3oS5GogHukocLuu+VXPR9MFmzO6EKQs2qD+te3+AKwKvnCLQW6lsE5C4f6WjWSbbl4hU/V9vimhof/BwDa92g4uJQthgZ3YW7vQVtmnljaKnNs6uG/8glGkXihIKT0vT75yKZdq1kryDth7+epFdgOlrTTQ/Xsh4HTqado+5Xx6K2W1jdHHqiToHMWWmqgzvIS4FiFEqZ/mtJGYW/vc/qbbG2V7MlLYcpJvOQayYAlZzGOzOxt3g2MkvtiEFvlxtZdxs6vSvTvWRUITTk2PviWUOpc0dimqsR3M5HHtlDqbWjcq+Ss8ytzWp4Q81sWgX4hubTQhGqTLISfXOZ4RpjcNdB9fy9X0+sbnN56MN9zGb23rbe+6PiaUbnpununM5W302iO/+PrlL9ie6K2CfNX6W0J8fovrYldB7Ii4kzhupJJ+h2HV1DX7oUFXRIK2f1W8Mi+ZnUPLkg0C0lemYX9/9/DNNz/+zz/98Oc/fv9vv9tV9S1TlVMeP38+P1nkhGgCVdKpou3d4XB3f3f/cHd3D6TeVUpkIrZjDe5m3d8YMxtxh6k3yugUz1kFXojVr9lI3fYEl1btj7SGTYY0b3goFgVS75w1ivoU4SPF3DemYlZb3LKiTKJG1Wox0Grf8zraYEaDSnfZIAuyF1uU4pZZP3AbY4r36rskWOf09FR/RKhK/apKxagTRL/45Gxsy0TpawlFaDTOnHiWCp7r0+PjX//Xf9bR3b9///Dx4/27d4e7O3CtNZW/Z9BJ62r6you7P5AHuLN0YVtxLxIE/3SToF4UMhADuhDh86mYjTdMrAnoANkwKKL40801h/zamxB/NaL/972C+SevQbta7mbj+F+27UNQ6chj2LzSr3OBPm4qIhJtAnff+ibq/uVG6NSuZRMDM1dKUXo+3d7VultyX0wyRaMegYDZNtlJXpOR3HfLvHXRUXN2Od9wSTKZS5cV7L4A5MS5SHs1fm8cNOTjbAiqeaB8MW1kzjtKMUNsD7OqiMViJkwr0VjlZE4V1WHg16U3rEZMbISemMFDEnWax1c7oGdN51khscw47RNCCLkx7y+B/0Ke5DDadOI0935f5Tb5uRXofuHNP/0XXb1dn2GLTqJIvOHUdCdztxTHY+c2+21EsWdoq+yEYBQnbquLANE11s6m0WL3rNH8lvW5HGX639cLV2MqsoE/f3qc7vbhIlE49a0+9Y+5vI+/7IKpD7Zck6s6ne7iLAVLuehXAAAQAElEQVShAzsIJnvR4o0P/XHqInb5+Tvf0mlmt8I2NdiFs8ioR7lyBNXQBW3fqCUJYWEemXD7rc2WY4SM6HLs0TJH/9S2Db/X7XajJ6DMjlVtc/Pi9HDHF1yqDMpjV8EkUej5OoLUfR+5v9sgGpsKN8VfExqKVM4XzkG3xJygcpgekiwjuNkCMGAKDscKqOK+8GCxW1IOB477tdjSlxX23kDDgveyuyyaITGF/YuyoZ4LVBoDXrwJor7yV1uok7XSBaXnrdQksS8Win21qDCTqzk02ksupnYmOHUTa2lUwU9HxAlz4PUEWXCVtOmrOCnsr6IWPYtI3XU70HRj51GTt1jLsJzKMpXlWBaJqBjH5Xz+/PT5bjfdv9eSsZrzWR0b6suo7H5kDVUR308RfyTtqTppEHFCjsTJyfLfu7lp/wRlFmVxWaCCxloMJjq1eaif7EcJOrnb7Y+iJ+v/VSjRPDBkYRVl3zYtqq1r8Y60VhdL9TDkoZ0BU6FXyfoullKxnIfz09PuMI37HQINJMUh10eX6XA3Vz/cMp+eHsfdWDV4yh2Z6id261QO8tVPvxGJbkeFLroBFemELfwKWKO6/faHff1oqUryIwriuqER1RkBFalxto56QLGtuSl0N6AKQWLa/oqj5r3ibhMnviQYHaWTDW85s5q0XLQWfElLrs6wUBP5ZaJzcYUUTC7Q8qVd37A1WJOzLVHSBfHcJLRkJ8RmpXP5kkurKK0oaEUizK71I0noPx9Xqb6we5d3hPOnO1B3lsSdSFgdr168MqXUbMyYU6ONulop4pR9pY3UPM8suN91phdAU5ZzOgiiR9Qcoi13oOQRJcCRqOcGUQNWmM8QA9EdNuAssvKZpg2IZzrq7JyK4gKUDYLShnBRTDQKloCMG70CxVZ9Dg7GMuioUB6IOlt87gJXWJ3H8sp5rV7U07ib5pSe+FzJ150QCh5RKEiDz4B2uaRilBXgOCDAto+Sh0pYFarmuk7UlXQz+FYcID+w6Y3XpTEOFtVGEemmgYOvIlTyzf3gP/ivW9aGyXf2bEaAZP+hJ1US3ufx/d2DAibIkv/0+POxWvhkCteDJL9OY96pcooU/UCap2SmUUQUoVkQuA7SUXid0OJB4R4XU+SdvKgX2Quy+Nwnz08wdmedTyGV2dB7ahlLFei/yU18YRFGUITuOSRLMQYVr85WElBYw+KiH4QuiWIig3CQDeROZosWjbhPJjB3nst8/Pkvfz0+/vzh8/f7h+8OD99UXjKMPK8KLGOLVtpittE8I3un5yVQGViGRcNGn+JWVnBWCZshQfASgqflYTSQIQ9JDvI05WUslc89JTpqzPRpPh2PT+Wv/HR3lFzJ3eG+/jVO9YjVTSEAJJJ3KejYj+l4qiyUFy1fJ5isJRfqurAZjtF+XRXDAzUSqVr4Wo/2ktdB8ZiEmk7rKJERO4PurrxkyPWGaqQWlA9Wag8ylLPvIEqdQqEUQ77ToucJUN1ilx8UqYrWQYqwjFLjp9Jx3THSeLXnllUDawbYZ9B9i3sj5y4EVDYn7PJimZpBoVN3o4QsnAaSIvMSi8GL1ItnLYdXmaHgzFjx8ba9gZszsCXEG1gS2W5R0oU0vqyYJoPU0xHgkxUQJCss+TApSZSIKiJ1zVYyrJhV1cV1zqenU90T037aH+7q3pz2e4kwk/GOS55XjY7Qmi3yRHVT0MzuL8gIbhFglWqd30/jfDZZm8WCv0rtnXPtjB4vOK45WaBYCHfsVA1qE9ByjR0jiSJbIRoEoYBpe4ilwhNoScFsE+R2FrAuxoQBUws1ZAW7rx7teTlVL8RR9t8oeCjVUQEAdpna3VAGUpCYUgcmIH8yt2W1Gk0rZkM3bxaMFGgliFnU8GcVwLISDtOyTRpJGqpjxajY/DGloVBbyCBbfDB6nztbsKt5JsRkqTZZ4oRxXlMJah8WLomCMg1OYmBGxTsZQQZQfMejkpNioCw4JnhhiKSdenIptoGLml1LJY10eZEv8TNXz8YuOWuO4+xUrW2btBE7N51qrJD7KA2n0vHTra60HriMSt231zOg+G8bQtdpuvEk+lzyhoDbhxaCae+8irPYNuTWw/YK3g6udFNSuIGv9D/ESXzhB99CAC1LN67bS9rSJi6GenF7WG8iQsFjJLrViwXrdJPbmzA1YxC5FZ6b+EAXalf39PXYqFORNose27gbXPTHgN4aEhAMTAHNmEoyrCzqVgHwk/m5/chh22kHhHr5xw5mSKoQIRL0oM1sNhHX5CUKnSM0D6KgpvY/1qUduW6bdyfpQhsO4MVOsLn8ICW+PCY9H3jOLE4p3a6us734eXrzhRf9ek39gosjXun13tDmn5ReR3P5JdeGfH/ZkxtZN+T8OFtOF1KMHITgBgXob9vsurdlAeHK9NxEGaHuz133eRM4c/QTSYAgQHQJjdadoOBEFPeAoRiwmbZaPx6qCP7xw8ff//C7//iP3//5T/fffqTdUEW+x59/tuhRKbOiKGtV0xqH6bDf3x3uHh72+/tRCimKWMud2R8T5QpOWLwbH0r+oer5QxuzhWIr8dr6W/F56WJNcBtERk9gaFhxqxfQkeDpZUHoiU6E3J2sq275tFI6ikoiMvqMgVt8iaDxSQg1IkWyhRpzgOeYUKXqP1JNFs00E9lc4sQHZJolK88y0qUreQMThcbSG66t+vMFx6R/UMVCkxjJlNDy9Pj46aefqmWy/nL//uPDxw/3795p0UyYwqSnv2nQSQgavSDiIJZfcummZMfNxSdpO28cUScQy/IlF/emXD5Wf1EuAGxsPS0hSOvjwa2T1Zha1/T11+ac/JNcOMfN5ISTYBIR+fHe7GxVIDuh9yv5X6EwPhvE7q/Ph6hT+PEmesNbUPfEgD4YkQGUnQQ3vsnMnnxuMpfVYqFoB8VrozMcZOaym63NFFnZV1/TJv+MO0YBq/7lFIaUDsMu0map74/qHsigAjkmnAxLYki5U93iT4o+aHOBAc1qGyLoKzkCXQjfUdtsmFaTPgnyuPU3OOhGSom/xTojSrZ4hlILHtPZxpHOiPKR1J7Bsps4WvYXuFFQnSLD4OpjNjAbdvrR9Epqa9JJEZYGDamEyDNZVa8fnNuRkWTzZIcvBp9j27iKZ61FswQ+Jd61IXW2zIyaQMmBBf2prNlaZhQiR1xRqGO9h5BJZvjVjMyuYsuRbQz5arCxzbrN9UzVsLcd4uu7foPT/3e86MWP4SuBjUpZ9c8///ynbz4MQ3PMmw+ye/amMPA1s7TVtEORuxaSX3jvy1d0XHmv+YsIlCEregK142wsxN9CfoCB/wOv0W0Bim/r4mF/wCkA3W6k8EumjIDsaaK1k53WgplLAAiMElQhpsdP2bRiVc6rUReKNzUUrIiJCELS0/sbmi33YXBudmpGq0YjjX03dk3RK50o4M8/OyHRJ7THKXnSGZkvSiUjNqugE1cjhYSSKuYzNeNQ62kwYtDdDSdsi5VVAG95Y8FyO5Kd1UFAUQIosVt42polC4jxIWWPJJAw4+KSR3a0mdAcqZt/09ZQOEU4j4UotyyCZpasBL00F55/3cxLSbNP2RmWWIldU+1NdR3qO3W7b7tiPmkoDCcdYjVBOyPMbe7jVtsbMvLBkjRTh4GlzZILFi5P2342/HnemLUgPGBB1CEh7qO09iedLzaTWejwyRDqXwo3p4Dyi1P2vCzH8/lQ/UlTdYnNnx8fH3YH+vCtcjN5SCXxFYkEEjZAAmmp9tMEVW0cVg14LZas55m7nv3UnRCdCVe8JVS/OpQ4hQjc2Dq5s7BqkPucql/jbjcdRcJbz0xHiXqR+gjYu7IyWb2biE6zOCZJui2SrU0206klr0P7lPyJ8zJMK+BDpuVuVJlnhLSyqxNB1YFSHtfz+TQK2Im4YCMslh2Amd2ISD7I0kny2wtyBPc7GrNzeZ8fZ2l6MOyAcdpX5fp8FPz+5TxD74MUKQyO63qwqJ3INTdgAU0H1oLiyHvuRWscIqNUpSt2REhRdrvJrYs3WzRxR3kSO6HIbGnwUihgh31KzYZ7PTkpvSTWUCeWO2eLjc0YNw9maGi0nlqsQI9jh/AonUK23ERdOwEzUeCMhPC3as85ztXrVuewet727/PuIF43BkWTWM9VYshoTZjl1AVdJ1PuMEUIMlNHJaP11XZCb31rhASSv/xj9i2NK21wenp3VkiZvAlbNw80tVgie7z+rX7O3RlbsXpBuwnh4ObqQNblgilBnHdjPYn7Xf1iEUAIoYGZzRuvo1GJ2GyFoO5DbC4OkImISlTo3mwITND+TFXhUGFSJ/AndZfrFp25PC7nYZxOPH4+n+7Gam26w40ar7GRkZJkZ2IPlGzBBU2M0c7rQ6hChZitFHOpJ4E8eMXlq0CXjAlv9Ja62Wzf9hdtfuqPArVN0AsPNwQJ3vygbQzMjce5AxfBMtCgU6RTG/YMC3z6NAzv6c4+rdNw/Hws1al/5Op+Ja26MI6YFMCmk4V0aNSA4VuoU1O4oR04TeeofEpAzorW2qtfTwPN4tpPycBRtGjRwN00WrkGhPfoviHn6a79e4CMXuZE6WYM8Tqp7R1MEs6jNeFM1qgxfHP1h4FNqUb6CKRLq/HLBr2QUCYn2emLTZ0M1MFgXdLjWp6Onz6dnr4/PPzb/cc/f/zh+/v3e9SCgfS7CHMCqfRoEa+V2WzlnfdLh1fKxoeg4FuWLFJMrMgc8dwG+RkUUqSqVQPpSEp3aI0YZdsSv1Dp5k7IXhUJEk8zL8fT03E+D1P1y9+fy3o/8UNlQAlacqUGEnZQrbPH4/lxPp/m86z8JaF8VlYORM0Kxwid5pBO2I0hCXivvoASinQ6ATNjmXYLrxIPUdmHqjh5N5l8KrARBaxWxVM9yLlLwZQjIQEAZXHc7BGRN56sWaRSn5itRykZWGloHeukES3LuVigwegFeq0MsonHoUxxGFoBo5sEl4WrZ79KH2dS0RNGF9hVq617ToQYkGXcTTtNrzQ0DkZgXukPucluoC8gs1qFWuM/dvs6TeOiJntBqTmvlU8puuA47rKKBaR4hDmXcVggy+nKa0Uk+eB0PM7TdNpN4qUQw33t0/5u0HgIxFisEgs0S2meeck0S4WaEcXQpWKtoK7sJza0TRr3c5VMxvOp/q1dWiDJc4mYfOoyfLiPwLODhpCRRE12bLQ4JwSGlgTUudo92GhivoALI8A84+DM11y3wpsXiSsG6ahfneqWr6PZCZQ6WXl3UpWhjLskS1Ol23UpdRfMnu3rWPFy0NQN4hwB21il2KHzM4ngvMtOxcw0L5ObiqeO6fx4HYpkPiFRfAu2salMON0gA6IsWKoaCZaNRlbBJs922hDUotVRh0FnVpZ+wLnTmHzlDIZ4OrIC4RSLTJKw0pU7kSw0RPWRexI2G2NN/m0yVoihdBei37qNjRAqsJJYobjBz5kduAv+qI8zXwjRsUmotYV+5m1/TJPFAYW91gAAEABJREFU23N7JW3b6Ri52wTEkQH50+lYahH23rml6XpNp1YlOpDjuykCuHuBXET+pujV5SR2HbTPPHYgZNyYlcE99NnFZPxgMQQv/kDO4NZeoukyP80+wxzuWJQkdnl8uzKMLI6N7NMvoGcspIu4Jd/OEAUyt3XxReFoDVt0KzXF/rnaJ69ebCGrtnmwcCGbh7mjz2zRRTCXFog+BAx1QWenewiJYzOCNG2oU1EjrtWFTAvNg+W4OxFImlXjcws66QUT/wQttgdhCEwQPghCkSSUwLCHTiTDDk8qo9vAg9xZl91Q1R1FPw/ZPzEFgaj7mjepNfrv2wI8roVh5i9f3e69r9z1lpt+vctNZDcivdwLwZ3BDSyvu4kv/rVVyuk36OkveTg2UXzQtRcLSl2WY9xYgA58fXW3eRDnV22MG72lGw5lBLg6xYUnT38ZDLtP5EwLAvBnLrutUbNmxE5gJjjPWrlGZO1xuP/48f67D9//6d9/9z/+4+Pvfqji1unxOH96XFZ43aC6qlqSqYpx+7u7w/1hqnJcVYvzKKvPebVcdE80dfEgD8aWySMzWtSIp0+GFSVMdT2xjdI5nTFa2bCihgweV41oFYjN8PCj/mAVQKv9DZQOpmNJoUGlQq10X5D7rih69U7U09FZ0kATLYKTkRW32wFABQAsnEqvjAPvUAtNrj7GlQXZNu8Ph2Ecu7W2gaarJU/OcFWsLbRhZzc2W6+Sf8UVVm72JalCWp0x+fP4VOeiDvWbH358+PB+d9hXA60rg/a6twWdvKlzfIEz0V2XUhhzInqpof7ZUKJQ/lyKe4M15TCCM4XNFuIsiv4mt6qFZgQlgsz0Z4H78hK3+kVZ5WQGROh0ULNKSyelzbDsB+5oVglPSLcBkhu9/74c48ULXbZxRI5jbgwkxNh+1bgPUk7xYc/gyc87NcYe8pjZHktkAoTIa66Oiw1CIcr1r4ifL/enLSCJKdPCWdhFm2f2MlFqZjGxOKj+oyd9EOVH7sncDIdsSR420MQhXaVkiWgm/OcwDaqBPXu5RpMUc2BeINYfhQaNvQfcZcfwLKOCkbSZbGRqmASiO5mVICcloYbGYk4IGyV3UxV2/OSCphaBlIwZ2+d2eNhkhY2hVttVM0laUOE4NSutjt6WPPlrfJrsGCZfe9rqLm1X4vtIz7bIMCSjFfLZT8Ar9YRAdshqX5bOTGivIADwo0olDHfFnnFnMhBBTfMrofUY1UXwNntjKTsavoaTmzk1sRMDteYJ7xq6MnWgCkn9bQCFQZHoQSUDshpBneCezDxJTTeIySuWV5sao4XSZ1IglawbJEehwrR6xoMseugZLqG7eqUG4ZIir92mxqNseuwc/jr6ds0CiX4rOvlriX23mr74nQILAFqXbISVq4vusD+M1RLoBhm69fBv1SnIKOlSwP6KafFHuH+Zmaf1ODqBMSmXwxna5w2Q8dzCEQ5L1CW264vSVsy3IYSg6aQlNrYzLED70ktDgOSqpxAlq03iNUkuJkgVVoH+iiLuOYemQv1UUk9hdU467AQnuY2FsZk6fBfkyzOEsYewWEyUVi6UBjM5h7yhryDUTLFEeTxiCImpR3v19eO2Gn76ISZRIJ1mvLUrWYyW24HylDhMHQQvDKYYSSK+0kfZZTwQUfWRlM2Osl7pMtnNHqiVOHVVwCRoCVaglsnGHGyOmmyhQs5qgkp2QyOFaGeqiKs9agmFpIlsxeRyZ9tsqcOrak6A2E1ikE2jQy2k1TcKN4qKhevnhzaz4AeCMNURG8kucclvxfmycSlytht3JncytQ5jabxiDlbFARyILanFumQT67Erlq0upuwEOI/EjTGhbc24ZGocJZkEaKvm27HeVX0f1ZlwkhCGeRx21f3ytM6P1X+0zhJ5qQOUsNNlGaE5ipdKHPJJ81dJfRvizFBv7mBHSmC+49UukyAXnjtaBLCTeTKr+uZosx+RunEE7CQPh3HcD+KnGwH0rsVUYO/FIZO9rKxd7W8jlNXaddqXkJ+TldcVwPj6i2Q8n0/5PORz9ZKcpvNprJpbGsXVJGm8Y93h+/1hPp0kdfdUvSizJFW4zELOSciA+ZJbVXs6ebWXtpT/NrEMmVZCtSBAqCdUC9bu76rRoXqbpMC7aWEyZnFC1eFVrbtUC8MqVFanBsFJWeOEdIbMq2GyFPrsfIN5a5mn1BFPNjWQnUwojcJ+S50gaZRTV6NgIwqdWdckPRQ7TExTDH/LXGy6tjOaGiG8mKtuk9f9kvp7+znnEMgvZj03sQqzYV5ghT0QU0gqI52k1lT17/Eypo+UJ8k1LqM9IeeRZMMgkK9ZBtFKCAGgVFl0Hj0PK9vuoJi9mO0YRiRmpLTdT2xSoh43FWXNDMamf+sTRWlHTo08FTVpycosclaLKxxYKxFTod6bJG+2JdGn9lLLaSxS5opPPGO1V+tY5EPH5JunPgwLMHzDyabnRtARVFIhg3zq2DQZS/Uoh9gWaiarpOBpmQ88fMrHu3M1s9VDPUYlSyAGjHIGFH4BEqHoh6OqMuJwCykBrM04ts5YTjm7RmNHwmSPbEu7FUHS1dVrkSm5KsfUf5icKNmHqdvalFJ3ENLzV+dF4BQBbbzlIdHUQK5YIMdWlmESJ+3u4x0JadUAwr88CQjzYq6eckh31fuaG6BaCn5bzaurymoWXGp6TdHJhtlBPG1jghgqt8zKOxjxEBr56uUpElhkJ2NwRzNDljOuuDkRyfvkVIiawICbSuoIV3sLZzuV8mc1TRelJ7NG1BiPjVw50MwrVwSZOx07VusQCns8Ev9XOZfHv9X7Zy4fp7uHw6GenmEReCJa2JTt1CuWCTRDFzFvyaTy5MLdjii0YTzN8kKW6KI0JpkAJ3VXHJajEspFkE7gGZNY3nyoR2scl7kcHwWiisu8lvPTaVYMhPleTs3deJgEc0TIzzSOPEmlEktePJ+rONFWRTq0YrLYYgQzTr9GIRafSZUkqSDoSaq2V94+jMLcznN9bz6dK2u7v3vY7aRAikgao1iWz+fV8zaLZqjJci8LI0SkL18C0GwEDGDrSAkY1CXiFXXb8Tgs5DIVZZgVQSTqAO52yNTMkLc70VpoyqqbS+0KSdltPWpS6EaCeySyijSbryg+i2JnrXN18tcPxmkqqIwjUT8ZoeTknMr/WKIflt9FXvMzjEN1LUhEcCmH4+MjIkvKelaYliGbDX6QBR7WQaZ1wS5F9mT9QIKLJOz2KEZ8wT45jLtJYclH4X5lGMsopnpNRQXgR9aYE623BPOVnb0xT0P1Akzjcl6G83mpW+K0QOlEPAOKUVuIlFp6KbWjGe0ky1C0w85R3igkyxVEQbGSdOPYSVZ4lzrb6n5Ilu2TnLwan1O1p0pCi9RVms+z7CjkbWiekAhPy6zaisyaO1BUIysWzVybWs4n9mUnDRNB77IjZZEmw0mo+DAibM/0ZAm1ZAEFWj0PCpWXgUNUulGuS/KVR6iVFXIS4jQARoFScgS+wVRAVUnWhNOXHE3Qig7qi9aw5xllrUIvjRp4p86gZT3zOfc2PAnqLq6UNU3VfFJmMVshrjixLBoBZY0Uk2Udq4C2LG4j1rkAwWGL7D/XwVC6qHZ646YNT91cdONm34SNaV/efPFGaGs9xWMXq0MSTmHu7nvoOdj+vgjD6pRg0ypjaqiJ1jeHE7YQF9lDIODtYNml64vRXf/gmyldXyaEKn29eu7ygegD314Ns++3Q+oNEvXGJb2TSz/h1N3qHYsf45NEN/t/6bruRDHTLIPPZz3mCNphh9Ts3qLQrOlyH8c+IFhwW0eUG6duD7CvVXER2oKf22DI0Y48AhViA7leEaNwgdmebaQ1jGXsIiYbEbCVyfG8y1yIIy0mW9wwXcaeMomLWz7PxtFwNcttkjrpuzOS2Jep73FvAXux0XRjyX+7i3/FV18RC7/KVqeg1FmKrucEgGzmv3iGCPZSzBdcv3RmwzYSHCEus5K1ObgIRALPys+REd+H+Ev+KbyhJnbT1eN5q030neKrOTJ9IXw9+llBXJfzQm3TcXtScEv8Y8pa165aI7UQOXTLYdod3t3tH+73Dw//8f/+f73/8Yf3P3ybdrtzNdB9OvLCGuYLV6aEFVdZDGLq3cP9w/v3u2nSWjYDoypO8lgT0AMHOzHZI4iCTRxv0LqV4/fgn/2d9rfHA2CSUX/TSu9YailFa0XRy7VyoQjuKk0xCkPiaUoWTS4xIYqAcn46AmZu9VrY436a9lVU3e+mncrrOaWGD0rWn2Kqv+02VBeEBGsQKbvDrk6efrVCjlSNxPG5uSc33K8WxtrzqhsQTOQOXdtQRhU3jOay7XhFamIT25rU36qw+tNf/vr480+19w8fPt6/f3d3f69i/rDOKzyzkTbzayGdsKWcbs4FNUF9I6PEt+W55mi784uJlQzUNzAB82go1yluGGJAdg4x72QGZgBVSIgTaikNkG7dYqnZJAb02d6MwkspwaogihB7UCduMBNBk0G5+1Ms26B5m9Btfp7YxvUbhAA+e1F4nRkTa/E6OLaa4yISOuDKIY8Q2SQ8g4ntsTsu+rh5KyUnMWQBWUZkklob5BfQ2Xy7oAn3uwgSjnEDyCZmh4zphVEbDsycLihq5IchTUoT9sjcLXpSPQ9p0EiOzGglNdFZjV8QzGyg6gJktQ+yDQdpUA5fabYZivkhjRfRZEhNi1ToTQwGhhBXjyKkiSAu6urgkeR6jA1VtUB8uRoWC6HCMjKQjOZAthPVUiPH9UMlxdnrv5DhlWgsQ2NK5K5Ns4tjhFTVXU1AsYOUbUIKUphSi5I174ilYCi8SDY2GPZkX2qEXCACm22GgRkQSfUS5zJ4xAkCpmyKjUK0SvBEHq5RdCkxUIsEQiJ4UhJi8yuUAs7GCHtyX65qB9mWXyGjFM+ZVHWWaVm9rLbQF7E6JJ1a2gk472A5jBpcspQ1lJ/4oWj254gSwWjH9RbSRGp1NQOZRrPN9eSxI063I0OGqorR4+jaVKiVPbumFvQ6eypfwSaCKYli45uMkmDTTNxEGnaf5svXq/Tvn/TqlWJuaszlbfnyGYu0yIjImudlGqeH6U5MqCWwAbogjF/14jd+zl+/KqHX4dd6aqoEhdTDAq9e907eWB4wjxqcFqK9iWRIw0tWNxGl89zZxEitZvPAYH9Xca0ahBEyl1LL64pXX/Q59cozad77OPTLalksqlfrh5mAR5yarIwvjeK4jope+fsxCpsEyx7rpICiJEpxCMmyxzltBEfHhm+yeG+xMA1OYyLJwdwLyqRAZ0AmurVZEG6PsZOb2tx/4RTCOCyYgK5AdfCgYrflxGBiLMhQfxEPkOKIgICTRl4b8zehorhrDDZB5k5eQlKlVVcvq01uQe6+qAmL8Wb5qApmaoBtWew+pWSMyi2kEP/UpMxgbUWbqy4rQaFZgzHEdDajBEQTE2lCdgODs/hYsJOsQSREySu+08xXgxcAABAASURBVOBjRE+UW2s+f5V0GIsDsu8aeL/gXW+Sq0beN5f1da9k5AR49KTNACRSi/BKLp7YksI/AX7cSePg6/ZkWo3AY3ER5urlXA0xW/7K4K1p4dZXGJGhFA4QInWbKbaWLrRZlWQHIQ++jbzogixF8mSPy3I47Ke7Q9Xu/vL5579+/vy7d+/VZauw84JVoYnR6nKubnfpx1rUubCfd9VJJSVXizrbTVOzfyDykbM8bnYziX0QqMxRzP2j5bCSiQ04QIhPqlLBNA53Vcc8H49l3SWqPpbzIvgTmoGlaZIqBBmAE86VEjWpsLMulmmR8gq4RVZBU2+R1InTcdjvqv+gNj/uD4P4lhYe1bk1jMj8VV1X3DKizKskA3+qS9vYnRafxtwBHXMcmNjejfU0bn59hdlOm1acoAKdYZimu/fv6s/nxyNZtJvWJRXxdlBfkDiIEln6N+QWgYlBJryzAofrKy52QWCNYDBqOkRyd68RcyNg5nywoI2N0O95zbXXot6rQL6qtDf6Wc6U6UL9vJicpoHg+61WH+wJXzrRHZKxGyO73JpPKV3aTF2z9TYIkja2KaLoCeglcyXKQzozn5fTXPjDfn+gfEhp5yxEtOHqWtLMH8XpVBG3KEgGmIrCElDizlgBTxnsR+xanoeIcWqFHZKRCQnfK6ApRu+S+Q8l5xv1lYwG9hm/WmiG1xRMrw6r9nZYRWzQXTYY0sUqsrZyX6fvupRZCXht4SApRXUupBDBmctZ45ssDlBwqiDer04TEZXN1l+YlguAe6AOQ9tBmBTFmHzJitW+NOtkhkELXs9qtXpcl+k83g/ne8VqEuXRUX7cjAhLIHn9EdWfqqgvXVv7LYdqH+pDZQu1N+GEoSMDzwOdyx45yVtD8HZ/JqcDm8/7Ddh59bZX4fYga3GGy8Zd2GoWQ2p2AH9VO0SGpcrFbBDIoReeXrfrjvMoMErDbuVBw/H/sii+wfkIf8Nd/XLcJw+3Kc3AxtllEmwy7D04L3QCJLiiuj8HkyyET6wajKBCn3Mwky0TknAoKKbG24MFNmnB9jWRWaaC9PgXORbWMNGwr4hMlO2nqIs5y1D8ROVTEULZ8aqRcxAFQkdTPdnXIDw+3BZH+ViWY/AoR/Ncfv7bcV5/eHj/4/Dxm/3DNOZxXrIiCpu5BwKtqtCrr5n9BZQIX3ENF0sOt4AYXJhiQipp/7qU4YIC4IIAgsIMK++SLJS1Gl7GUSb6IEWsFiHd63yUAi7Lp/lTNXeepuO9xM3cH3b7et6qiW/aVZuv/K0AGMfH4/G0zqjza71gw8DopNDUT5baeAco+oSQH4ETgL+8KEbRQAuo2h1NCXEn9UTs96L7VMasxkJziCtMg5m7B4Elg1CQHH1vBba2vLaYMRObFgAhusI8KGL3WMXgVdj+opE5Es5SZycDspQimgFRdaPH7cGA5KyosoRJEJnKclpE0ALA5IrwhMJV/lnLnIepnj6tVqSorGqtYYNrhQyHjFgzTyFzRuV87bsmh2KHStEdAWqRmjuAKkkK94IIDAJAik6EzCx4VUaQvPx8Ph2lNo7IObtdtefvD4oCUsWznSyGGP3PixQlFEiM6hDQ+EmTI8jPca7314HsprzbrVK9xya8PoXoljqVoHyQFPFy9oNEISmlzWU6geuSXBDrobOgVjrFc5ZK9oRgMV6wDYrlIZg3VFatmEwuoXSyE9b5NKvuJu+vEmkV8+q2EqFxkJJDAnmyMxlVsB+1VI5WfRXnRWQ6sSOXVLqZlJVkjW6uEwpIG9FMdXAohYjjYaqrvl2lBYVTLFwJLmA+oY6bbK9BQFBd62JU55PudQN+zhTQn0kFPFJHTnKPFwUnkIBMDSIpGnaaVe7JGrCrLLcK9+s4uGsQBXwxVDOuskNoDVFxzRgRoDFseWE0bmGEqpykfMkrQSosaM+Jg8l1sDcQhYe1TVr27LSLfXLZ+qXr25IfytafGGJ6prDT3eTN7YJQ0ZEys19gTG5AkDlxxBEfIBLfooMuaXgX0AK7rNBE4JviwsWn5W32JXpO9ejapfRcU/TMz7c/aTHD6fpqce6he2zagkHAtMiSu4zrXo9Pz3WSQzyhzW18/RS3jqi4DotuijoaIc2FJTG+cCGA87YpuXL/K1HqJKa2p3UTjOZMCBmimwRywy/5+4cUyVO9Xg+RiFywMnJarlxIIyQJiOT9jPkW0v+pX5QLU143KLrxOb90fi5vttcM6Zm17CTl261uBN/0hovShWjObzs4N1vatJO+9qI3PUuYJWqv46vdbLoAv3DGOb1KAS5e+4uvi0UHBP2GCF967mHL6cggNuWzeyTuSyFSd8saT3kAvbOiC30qeKW/sR2BXshO3VqbQdgCki3Hg0S6Sqa8kDmbwjSRzCiruGVDNpPfbrx7d//+++++/bcff/j3P3788Yfx/r6y3nMS4ctgRZJZwrPF5GXBHN4JXF29DndVk5swFlZUiKIWjMBIDdtmjDQcBLoEhXsSpKJVZHI+M+2hBUuEd0ScmA7mgeFmUF0NPpkN1rGK2mOBoo9CKyVJqIlA5UnUssS/Ho+iBA8SnD0epiqeTXdTFclGFEZEH9YW9SJ7RrNVVddJqByYwjcnNrIRXTX8FRqMORCZ2u8G2V6vSpfUj145FFcsJjJFU3qNaqgyg0ckTkZio6t4fjx+/nw6PtWNe//uw4dvv93f3fkauZ+gQ577dcvr8PNc9usoXtBztsqTGpe+VdDN3ljgZbmYfdr2TPC4UfuTWtpJQrS7ia3sRC+W3w5lMs/JG8gcd3//C1wd12zUEZa2lMywoUE7LbntddFwc1EKBGluH3XMlH7BJnnt3W/qaiPvdrbN/mhxwqp/qXkqbThLUMltW6bw9Le+eb7eeiMM0xxy2JZmkKUgWMhV3xMOHugdXy2LAdEzMF/0qoi3rn9gk+9CDSQpzJKhEROmB9St5EH4XYZFB7i55jW9Yk2lf19HRjk+0eXwcFQN+kOMmEbESEac4Nl6UJ065MydxOqaEr92RqBKQuwaDahf7Hig3LqAc06wC1OztGmHs0OYsEXuNLmfYWxIEXTez3uWOJJhUrRY9bgI2RnUZp1gLQp3nDaYHbclh4xtYTImmmKs2v+cIiypCyKGYQto4x6vg6IMuorIfDMNiMgMsim2OkYUZ8P0kf5ANY08fn3TBn7TmUy/3fWVbV9qJE0hf+4u7AzsZ00mLuV0PlcJTOOsDFE53dIrnmOl/2RX7A077NgdZS1GQnESISJRnKVGRi17EpITLJs+SDef2+nC5iJHCVJ4+tT5XEJbyBZ+1rrHV1agdCnXW9wI0eUe3ogT+K6whVpQUFoXMJI3ImIlJHsmP7BNZ4f0CN8XXTIR3IBiQxyCpVHtcNiHdmZGzmTyqVtB2YMOGAGwZB+Q5/dS7zSIybYlin4mTGpoPDr+SHhqXqVMfhN5EhlTYxvdO5T+YEcMUpTAjXkxBVkdjGgWyHWGWOZk1xmaTpEHrcfc9uvVfnHOYIsuEACC8cjQJ0K48xns6RoZQQeTBCAka9gii8HcIniSZcwSe+UxslA921lYRUvAHRQhg2IJt4p4WKK5iVvcOKizVXFsCJhGML3Q6vFSD4butrj8mDVaw/YFhZiXjO3JimaNJkIVpNycT820hP2Goda5rCfCNEACuBp2vk0o22vIw5hxeBy9m20T6z2wJHP1UQg2/v7ucJiqv+HT8fH//M//60P1N0x70qo1mpogNmEpyzGO6yJpr0n9JlV7qwqgRMCWWSJK3bydEVXSJCZ7Z6i4UIyqz0gw28fRA8001ReTr9Om+afVSTncV1V6OT8x7+SPKI1nU09s7V3PymQp6tWPXZU1Wuapuk8kyVfQQDQW2bmJZIEvJZ3n4TSP+7l6RMa7p3EWrP2hjBo0P1SnS9XkBWpfMoGP02FfvV2pWxrdOcWIk5WJZGSQIBAwDH+0JQBv5i+6mwFjrqRsNx3ovk5K9W0IlIu2r6dDyvBQqRtkNHB8gPHpi4vMgMqKK7MFS5MR4iB83q3N+fA+pOu0tSa4QtwLHoA96ZuXNZ+3aPaKBHhLTlCmsH+0w09Xejf3/aFbCGFNnbAPioY+4Kl8PRYTvm5NstJbSHceJKLnThFmlEJK3AY/lrmembqdPu73gKSaFNJOyNQOuU2lngZwLz1nOOsSLWLx8cmmK3kWMIRkjgFudshW6EuW5gxnDI6z1IrSoMCy5lGyhsy5laItm09fG2emgovD3FEHF2y5YyQRgQ1Cxmk/5rWS9Lq3ZQuCMPW2QwYNtxOfTBhzuuMRccYRcSCFANTO07a/abMZLIReDAUajy7p/Lw+leXTOt8v875SIpJ4mNziE5TtGD0dQuqANcnNS+GVh/5dUIoxNyv/Vj+idLN7/W1bSefquvzsWWW8UYzyCs0wIcSpa9pwZzs4ZKk77AVj5Jtsrct/lajy/YPgaCqu0t+ePkvAAZ8HrqIDDZynasoEi7FjaExK3aFFI2GTJU1gw7hKlw0KSu4ccCxLalIRWWAuXcyJEYc4FaF5JdPGyAVUGA9QrsWOucXJpY7xA8zC6JjtCzhYXCtEWw6/QrQoVNNiByR2gZ+f/qx2pC95N6DcpaXwX09PVRn5dHp8XE/HD999f3f/MMqsDEtmMhQWtxhu/O0ZoD0KcXqxOXwiQp0WLbxEvF8/mdpFiS8AgBEKAUmTpDitqAKg+nuulsrKXrJEa3IZ1zEdU90GIiec58+LAJ9UE/D93fuHw+H+cD/uBBRMMEgEJGOcpvHxfHo8HatQIX5stkDohKzDfHkiyHdvagCKYtpAkECyotvSvSqZYHKnCWbFPO534vg/k9mvSXERuRqsJQ+l3rTmpDbIETRDzdYqeSDuRKdMIl+XkuG6twBN0yAkDGQYT3WepHKQWMnzsgggybQbYJ5yuRx0JSxW2HfYMxKvkNKuyk27dVrn03lU8BSUDy/yR1FPJH7gvAhGiAZ5aOainY1BnS6aQkUcbuh4swmgmFne7bUK4jot8yolj+azCEKiIhbzAVislEoA8Ha4DU1ji6XbZwG/O51Ow35/3u1lUSVgYkA9nwfp7rnu5aOilKutY03kyTMiszma+nQ38t7ShqSyzfkE8j3nGVFn6oEoBrzBTTaFnynQAOMEF08ucpGYO5sVY8eoTA28d0ESweNR8RNEiUxAzxawT0kKSJquxxphz2D5SdWHOgPVnzNqfJVtWsXboqlKoyNUFR0M4nLqCmcoMLLGOvS65kJ6BFRHOgr3CfwlOMDGiMiMoAgyrJw8co4TIrA6ZqGZvxLfmtLGSwSNJsP5owgukYWcYr9YQ0PYRvSEqNAonZLcXykviRJAbEEni0QLFa26vQJaTZCDShwmi5Kw6U2WHgNVLN59k4u5XId19IKwiIcG+zJRkyKWzSyCVIIiu+v8klA2HSRFgTm6yXbpBRZ70eHLnj9/UYg6F5+miz5Q5CyYmeq6k3z91I3+RFu4AAAQAElEQVQX0hsH8fe8SvrKi7o/yaV6uV6ZhY2QT85T+x34yixxB5qbXD1qv6bWBvXJb70Q03yx2ZPPceUQzSGhZGpyRV/Go0mSkRvcmU8SAqRsP3fv7ylj506+uNaeLIB/xDlszoS/Z1b2W0/fzeu1c/jf9qLbH746l/SWOeM3NfWm6y10ibsILRcOrzawiz2/1ntzd0O+vpmu7qRNcJCxJTXKumSCu0R4LxbtnzQABdaH7OajKuiOghM8qUSw3013u3c/fPP7//iPD999Vw1ydx/e1TvOKsEVthNqvTBLwKAWzmGSWJP6wB1w2iiFAowqOuKLizh1lyjkiuI4/d8X5MJkp635pf0MC6rZWgcEghjrR4A1qulovUAYsYFMCKMrKunIZwv6yhFgUYXQVeozFoTUCAjf/q4a5OqPSIbsTbRN+fUwFwlVWDjeTpDyNYQYhL2zHUWeGH41s7BJNuxZCzgz/AV77/Vr29iGaTk4d+3/0+Pj06dPn3/6Wx3N3cO7hw8f7h/e1eWmvFmUjQDDv3LQyW9xsYuJ+ouWdmx2MFN3DJIxdcl8MIR1SqNZBBTmJAdfzSL7dinXOtmGVicoA6KqOAyBXHqmoH7cFCW909xyshu16o1E/0zXxnjlF77iLsSHO5iybkvxy9SzJwj2uvZeMgvLb3/FxrhFodw1B9MKcyNwvo0scd5Uf9B3JZqWNQpnSo6xse8Bp8RyZVSgzg3TiTZXajJVR6qa/2lLVqLrZvqi3EUFoQXu1UG6mumOumnUIbpkqZ4URWX8zlAgreZUWBwtrtmIs5mnwAa3bzR0gg2KjYaLNVpr4+HtJmGkdg8ZnHJlD/VAqLQqxOxhNh3NNpve6tAkbsNNFmSTLeVoM/s+0hsTtZm9lDrE0eh7WzInKGBzBjxQCcpOcGtz82HGc7anmpuE/DxmVOGzWecYJUha3i7t0E87bwIazFWLfH/TFJoGofvYKvN027Ydk39GtfEfc22FO7757eVksSehHo/HQHKKc/7fZmoJSdhqiuq5CT1nUNEJQCagEVjnGv258yN/Yw+abatTxbstjf7cejlR/wN5NsPz7KytUnEovNs3U8f829vodpOJeysxjp4R/NSnjDB7VF9qcjXHfIFOtEPqPD3nxpN6rsOdBt9LSEoT7E4zhN6cC6A6FeoooCKjx7tMoALf4ZhumwdK/Qm4nCjfMzYzCuuRNizCUmYMA8+n8pmuphaTE6NkoC1WC2xWr4CLACjLsV0s/XLV6tfQTrQGCklinmpTvm2y+10JycwtpKNbfUDxDTa9sc8jg3+TEO/Wvg2RkL8N6STn1Ay79haF7EuOjRwiqHn4bLEyWYS2Pl+KW78kz15QWlbVR1dJeB44VrRfpmT+KIxJX1dM7HYt127TGwu3HcddG+1XM+FKP2snqmI3aorrYRrTflrO8399/unT+TgK3P5Yb61acfUhreMiqcPV2TOO66wFUqvnXWMz6p1n6dVKRBGy5XhlqVuUmGr8pwVWi2RvjIFOpDfZbPvGrIs97ae79W6az+NSX1dvXxVTqJrIG7gMWcEdmQRgOohb+nwS5KCssUcrJilhM6uXlMQHVN0zp+pMOi+n83q3jOtOCyRIIixrpdiq6Nabqip8Oj5BcW28nFK/WwwtT3eIKLrdafqaKza1xavaO4ZpnO7uqutnRd4wTj/FkTMpj/2Mh062hm+1iRghgIf0EZKKuw1S4D85dlTq9nvX2dhcYUXF8UkCNCazoYnrycD8uH9X64f/Cp+odSO9drlAWJzAp2Bul7fdkO41Soo9KZFBtw0r3lKY1LHH1W87jk+CEHSq8z4P47txrL7jHVQBbUu8QAOc1irva2ZmibwmG6VXTeoMPY1PxGnd2sqbK5IbrWKQP2m6CEwCKaJjHrbGaMx2cR6mpi/Q5dq3uovYVjg1VlkS6oimzSrLDK3VjZoP4y5BhS9c/bwrMYfTxFmPhQmq/F86ZEBQQ81GWtXIUCRUfZBaBMM49AuaOhalvxjelOgaK1ef6uc079bzbjmO8+59zuDD2YVrz2aWKc2WlA3o3KzQY1f59AauQL3UQa6M97uIthp6rN+FPev6oqvN94aLOynK6HzfnqoXFsDUiHAj+HKDFuHyeBG34bBWRlMNS1qqxs/7/eG7dx/ELFg/f/pc3e08Vz/seeAx72THsG6KzDmykmSBioMMQggxLl80CpARCiFVqirhTuKnXaFf4UaN8TB6n4D2mTovDQx/1E0p9eJuar667UkHcobZDXuCZm3opGaEc2xa4JF4MeSevBJ7CFdG9SyTBZ0KolKU6byp62KsW5XdFip1Jo+n5emvy99OT394/80fP3z/7TSJDlmkAkvYF0rUGgA0JvXVv9Jl+z4XoNKADkohDaocMpgzFmJ7BgGEHCQjtFqvUqujruFOQAzlNO7KULnluNapkNCN8yxo2IJ+k6oLvRyl3txDtQjc8X1GeOaQ9jQJp64O+nH4/PQ0S0SaxjGIEjwwjIfNVud0PiUYv1zw0oAy4IzDTKRmRBSmgWxT3eGVSkBW1Zo7A+rgVAoC9b82pKJFkkpzdTnHSQCXBQgSMMy0uqkRBeCSBQkwasPr5wixlihbOSwr1RHLiNZ16pQXZ6+29qgnplRaADFUytNgr6FODXJuMpfdMlZBo1rTJcpjUZlYgk6SIohIyMIoaGWKWeZvkZ4zILFMOcPSG7vSoQitXcsim2AUFBoJYZmnVXDoZHLqBZiTCDEMHYUR1BKgXwCBKvPTslYNehgFpaP+mQ7V5j9JXMzhbpzqIS7VKyDlhyyIxzgbA2MDZQg1bCKpzEJlNx5W3UyjHRwJmhVcFg1BWZuoa4Fxw4YjXjDzEIlNPHDZGYGeKeDnk9XNsVCTjFgr+WhokVDZEdugE0qAEbiMLI0m5s5zlmpJScMzFE5uENnXmCxYtRaNUniSqUhhHIHJqf0gA8dNi4CDyk8zz5qRqQud3U4eyoVmjpiKIfgidg0WhM+wcukQYKdL8KxYKhqaypb9PGr5qAvqwWRFzdikgaLTZHDjcsl5HZJhcdVLvDdZIQ/VNSDYfwgjXi3whUBx0HE2r5aJEiW1JNVA7c8dBeu2cWrEuKeyNsWOOZFCp6KmHHkxsh5JhbuGrTe6DahFq3zV1THjV682hs0bqePPQVKMnzbx5yu69tXqxlVLXz8/X3O9sdvU/u16dyEhvdYavTqwkD/sV4BY8cUd/MKLGo9O10vS9McwKbCXTuvbjGNSNuoRXp2KB2Ftrqutc3NLXO6w/pjY5NKvt5d+4+u36Gac2y9/6C0Xedh7XOWrz/xvcv2ac/olG6lJhnT14c0L85ZvveLmeynR5ttuIa6bujBepZT4Ig/B7spuvTKlBawYlgXVaUlFAcT4SiqXhJRXtWo/jofd3ccP3/7p99/824/vv//m/uP7w90dSwVqgwTxzFKVULJJp8bhJ0mL2h8O9Y9EY0A4KBy2ZZjQneu2zIQ4/i0m1TXZfq44yF5vpOhdXdkELFjGxONGJrOo3LQwIk8EkjBR6ryrpngW1NARBL2zhOcen47skSKCkz1Ndw/3u2lfRyox2WqygI2jtUOoO5kgf2LIGqojkgorOl018CESN0skbm7D26r2qTNKkyu1m8loff/yi259wi6aBINxHb52v+odj58+/fU//7NaH2v/v/nu+4f37xXWZkpk4TWXNjSXn/4Zg04uJ84OoHp6uMAtGhwQuzg2dPKTCWNnHGTyyhvJ9TGgB+iGK5Q2pknIl7QRI/iN0taN275EEPwHXzZXBltUUMDqKrzGrUhvHY8hs6V/wBVmIH4+ppktHys1+Z9TuE1MUd3K3wmZL+y5u+YrqppY7gho2lrQMWnp1Q77DyCRxXnJFT0hlKymng9ifzcs3LCZvPI6kGyrXKNo2LkFlXRvTC6PItZBvCMdX4RthQw82tCtYbdhQiUkvhhmSjdOFkwt3PmosEYg1yk8ZD2PSckhjS2bijva4ICEyJ0qUFG9I73nj/vB9tY65siytLs42Q2Qz2EfIs8JT54dw5yCueq8AaxW7QsgP921etE6bzbZDxcB8jGNqZc8bk2j/qXEsYkpRL3ikdo8NOwc+fg5l/r/va/XiB7IyEX+AduOVh9HNZk93d8dKocmt7X995pogMQvMLS4GZ4up66jPGHuIcUO16OiR4AbGX15huIUswHmE8XpacLA5uLwhYBik9lNyexUN9/DEB+RxQg0vGc65DQ1TuoLfQ87Gz8X10XOl1IXA5pcDNpuNtxPSobVZmoQ0N2Y+mgSeI0DysRNSwwKuG1bn2K6gGZFajEsV2xoWdlNLLC6cJ+R0y+Nkzq+WCNyt1lRGGXEM3A41WJOYPDMb3IA+ztdKqgW54wqG2RHtLnxLkeuXxbEnSAKpm5xZW9SXZ21cA+7IEkdi+AOUkI9Heq1yQZhVdq8yEsRHDA0U2/mbove0rsSvJHJxLZUinM+ucxezWH7TrGVui0a96BIQVFYO8mzFUlb02dN4h6u9jFJkQIQN98dqLjGybYf9e/tp6f3mAYRsP21qoehug4+zcdD2R0OYzrvnh7Pf3t63IuGNyocv8zVvKywkUs2wzpAlQTVEbcPyc9LaK2cgtdfbxgjGwqHUH0Ou3rGpb6mpa1vZj6ZF6QKSgfJcZjy8ZQNYyNWI1ksLZuTG8W316Jqh7hxVmA/hGqmKi3ATKQUiASdHIfdYZKs53nlSaBdNKxJdJnqc6mm+3m3q5rx0+fHUWvuaNIqaGHpFWkK6dYgVbeD7397wzlC2EhIREZ7WTAfNO5kv1Tf3+d1ay40LwtbxLAveggwOP7FdlHpTAqJwqPai8cRcZKcXhtQR6NyBGLVabypF9hZ1eO17jZgj6DKJ1mXfbOar6B35NOFcfjibLY7Tag0Od48q06EQmpTyn4l3McRpuT2JA5FipKXVhGkAIleqlRjyYoDsIqNZF7H0zA87PY7cVfCoSuBWR4MlKSsk0v9zgmbTEgWqbmio06lqCf7Ma26Rlld9mAe7Ta2oBaA7lh9ETKC45uJg6/a9tPyt0lctQvc6avEBEG0Jw/J6ywt+Kc63yeB4x+qVUOF6AX+ZIn18OlqjMMW4DKDwlZIg05kUElDRQjZ7GRVOG0URsuSr3SWehz1dEpy1InS5zSP83G/29FYD+ykmLnOIpVjNFJs4VA6MbnYaXKtkzWMTchJS4unjlm/dK2RvMV8k+hdX9zBWb10W3rr5eqwueGsfUtAt3nM1HFK74eHwMrU3kso0UPyCKKfHp+Ws2iDJ4nwSQLDMCqUjsJ4yKipKWwQ6Ih72dx1HI0tGTSCY0SRWdgl7fvCIRg18RKTWRhxLjbAjGGFiQ6nwIzAock6AcHnDgW6DdahFpcV4RqOczKCVmip3wUIKqksnAXGrpRg7wBX4RzUNUoJ+6ZDKSIeM5IhlvX0+Gn+dDpWnvv47uO30/07Flkn+mpb0WQuw3SLfhKNLAAAEABJREFUjRBL3K94cgrMViIomciHne3dK06/yUC5dV2AaJ+0ZNzqDEFqeEiHh51ElFbOezwL3PWRFJiCy9P5JLEnlXW+W6rBexz3wOwUGqiHp26z4zGfyqlakqXJXdayiNwoXkfhFMjLpVSUx5LgCQM5IC1av5OAkmU+iy15Ny3Cg8cqnuwGhcoe9LVar50tsEaxpcRLrnaJZhKvJKtKL+Izx9K5xqioDQkLARhIB6yWKBrJjhzmKh8o0DXKe2lW5zh4udLg0ph5dmEuY+pVDh13ooeuihwyazzIaUmzBm+haH0d47DKERsFHXAEAotHv7HQ5sYgdGMDusY8GSwxYY5CjZiGsu7WZR1mKYsjQR7qwjC7RFAqqISKRiZRDjA41r2+JCmjuJR1XMfdqu6B+XBXBcO9TLrCww6LzgoK7mjLBbDmyWBULMOh7qVJ6PNO60KbHCqFaKot/bQqhAaMSLoW9jcVP8i2xy9JJfQ4PzdOduxIuDBevQ4S+GUwjUVmZgjkAJU6ANmGaTQShGBZKChFao0VmmdwMQXAk4o7eWcJSo2bZlS0GfS1Sz4PMjQzzzH8KJA/ZcqSFACSLTQMKegb+XLDOIwtpZ4crW+XNc1EhbKopavzhrJHcLHgkhJLgroSUcg+S5QGT0f2c+iYcM2QGrklpDRBA1BkLYCbs+Z11h9YS0UVj4lHNhdLeI2WdgIVN1Qat82ZpUx1NGevm1WlWE37NQCtzSkYYJOdXsNp+5St75WC6VwjSqKmL7wwUVuZ+5WrDw7zVqTnQzTJiAR+RRh4i1iRmN/Sp7fYHN/Szq+YIBdL+fbrJg5HU0Ou2m8f3ur2Zpko4lOT27WoXD/F3NEoaqTq8q5uWAZMSi11AQ2A9PTZs3GVzkS/aY5vRyrkr12VJn4k4i9ait/46ubq79Str9iO/OKsX+yKfKUm/F1RZW5fv9phbi2+RtMgNr92zxcuOlEvMLfLVKJ2Wxw3l4dvPEV2HPiZzpvwwMa6aKMvR+o3ERDpVkV+lYD23e7+w7tvfvfDx99//+6H7959/814N9EkWd1P8wnaqMR65tGzyyGt0aiVZdQeNgXACfBEV489XVFoABAjDmfC2wAFI1zlFRiqi6gUI51kl0fNmqVI8ZMEAw0BMxJqAk9b2Vi9VXcS0UFBhM+CrHc8no9nkRwkRmTQKGfY/ARzUGAHB4vQVUssCh9zXwwIfB0x1joRK/opEpZG3wLxLhDcw4D4EknZbD36WrLq83eb75g04jOTEKZTx3F8fPz888+Pn35++vTp4ePHdx+/eXj/HqFFalIr1+2kEPLSrxR08hw7/crWbAsifa2EbR0JHW2CsTk5mWoFO7dTzFjyvmum1Zj2ciO6CtajFLYQf4bZ7apv4i4hH1x//utTz1/pMnNt7sTlwF1AkJx+UzqJ5xVmZFal7pO/G2O+9UZKL3aAW4wIhH8lqFrv1Iq2JKKL5SO7l65OgG+qm1LWpWnm4nqF3LRnmxURPXOUf0icuXjAShyUIFX96VCmozYbZ7FR3lRNP1j75FD6nIygDzot5mRUK4oRW8ySQq/by1ZAzDZvLkCVoXZu+aj9peia3CI9Fde2JPemeGU2jMJMydm0c8qJOnObYF1KfA7Q7qG7BywmyicJdiBpxp0Tx+7vUIM6mxqb7Rj/mWnQ7oq4n3AoEvJTNWNJk4XyYJjcLjfo4UJB5cqgQ8dHXZJsxppMETLXOoSZTLAwkVjQCDOgSdEQZdTeiuI+mpKZvVyP5PsjRT2IlZ9Z8sgzX4HSiCldrNZmH7+JwNGbbvulvPSl6+sJUbOhU0O3fvk1flBJU3aqhXf58Yff7fd7hgvul430t5ylt1xtiPgdvqV1LTg7Wbeup0nCqhhIfyn1EVRu4OLYIC6skPi2t4He2xOaXBX380FuIcKBv6XrR4fN7qWmZOq5QP8U24nRP5A31OZG/qn96FqxMoyN34MuCIsPwe4m0BI/4+2QZWw05KD3f9h4lovcYWWAEZ2TR1qadEQwaPWBbrwxrvGlgtkOOHXDh0egeHc4hROO2txSawHrC5+7usyTFauz2vbJli8mn3pGiu7bUvZQ3ttV8p3i0txmsjfuEFJuoIXNWVxVC6C+nyMJvj2C9mqoYEFNxjJIeOeoA+ZOCTSDqr0X0ZAuUwpZF0fwuOSZnBlBw73g+xZ6pVcMvNmSnFprLXNymPg1ufEyoiHjvYycS411I/ey+PSZl4I03YFGcSMXxVq30hCJ2hTptiOX1Q1IQ/LMJTk0kiCrGVmFdnP6avZ2cR0xRZOsvj5LmVKGBOv+mZen0+nxXDXY98M0pvPy8+dP98N02AnUe13B2pDEblTvxR4md3hpJCxVMz55mnheV6mEg6T1ZEVK+sgt5Z5NlsWBqjMwz3O14FcfifksUzskmDWtXU3V8/OwP/zXp0/VWZyVsmnNbfYtI9RJzXgCc6KZoInMI2pAOOTFT6ojpXrVBlHnd1X7r0rq+XjanU7z8VR9ILtpV3Zr0SxSEb/GadrLI8JQBOzkcTpMWjRqSJQCgIRTJ0/qX5Lda170r7wYwC22wz3+jHVPp52AnZwl1Xg9of4hvE3q/dOyKShigVgSlTPUzyAJqyuhYKIqfL7bfVWcCPU0Fc5U2+Dq2MOzxlqSxQY5a2gXkAAkn15cfyqeVV+SCE+L2F1qOwM7UfZ199Nt55hSep7zkkm61HoKpaDEVgt2Za6LYKSJL/RHjX7QeGndMwMOvXJaRmVGna+lOm14KKfzIiBA8/JYHYV5eLev7qbq+RRoIJKiFUOE9gBVQ+pYMCK5MSSL8kl+QjMPHAvvmgQEZ0R4G+0XIoAw+EERsBRQhxAHp7GDwsbyAHHXR6tbwN3PGlJgrasv1oBYirMNPMtaV9iU+RQSSFYOMqmDWfO7qtAgXsMVxZsaQwJijP2m4Q5D8qD57MQrmeFL6+skqUihb2t4IfG/cWBWICRpvB5iBZDgZcf50zLvlnma8l6iGmxxiZ2kZyvCBSaqDaILKZSU1FiAd4xTdCPIe7/3uIM8sccvxYrb13Vrz10hN3Ss/saDVlfRvHyg9xnHmjo91w9oGBcGKzPjvpOBhne7w/AgNVRFi+K//vz0uJQkWfvVRCiwHJXgJwWB0opeYJLEiH/V3H9ptFggZItJAS7fiIOg52pVBCD0qxuciQDW89R2gE06JHwrddEVpUrdGME3o2R71hOpP7ngBnmnmKMAc6bKoWipWQ8j4mckZnYVKSSPSTzwhXrQ/U5I8OWikEAwFgALKfsVA68QjfNj+cv/+dPT4+/u3//Pb344JKtXOyj2jKyFHiskl4ggWCjWNxntaPMRow75DRg/Is9yrLahZflGNfKtlY+ELGhshwgObOTTXM1T3u2n8W48PC3naT4fpSBe/X89zaf1kxDAh3Xe72aFAxMoiN0w5sqqh/u7aXp8HD59/nycF3H8A891QMUljj2aQJNNki1q6XBSnUIWBHcjtTALy6tceb+/G8dFgk9GDSYZM5mCYgg6GgYhGtI8n2BIqQLkmBRcYtpVHmjF5kuByCcPCLeSQnxSlKfDn6iH4u4wiFiwLlVMkOJBjtNHKpTawneb2KRT0lJGdcuLqCPLsYqZq4pQeRl3lXbV6TpKfcMlK1+VGxYFIq+ETYJOtAyLxNYkh7NEDUYQzSAF9ncJyF2vDjaIDFyk5o5EeFTj/iyQMFaY0c5S1jJ8akupL2v4jOYukOIq63kpy3nJxzwfz7vpqcpI0qaUNDuwVFqba+MSReNqhPke8mAGFZnEukbVXL7WrpjuUHiY5mGq2+qsIZkoGTNrUDArSozIxdycJQM1ix9jS6sWjC1kNITsZJpK6uZGF87RQal8aBBkKlaPemqBD0yNDGE3AQesmAohFXTm8zJIbJBKnGTKt2qpKs3YjhwUJgdZmlJDqG6c81yflvI1KE5Uyvl81qXq8L1AdQhQN0Lpdvu9xHXj8AJwt2NVGFf1ymhln0Vh/BLgSIBtr5WuU+MkAuVSqbdydu2ct0quX2eVMZIh7OXBJzBpHHaRNBCe4B6BOsFsEYYKHFiPZ14s/AVQV8nnASg6JvmsSrszXaddceqsgAnhatpbtxwaugxvlMle0g5OmJrdozG+/qnLi1/6sutgiu696X43ib7gWo6zzP6Htl2ll3v+JRfzr9fSq7e8JgyllHpG/3KD1IsyIcdsb9GzezsEwFaBbr8lJh8vcsnFqIKpYP5msFVxIKdtpzdmEL2aSY0utuBlJzVEfU1mUkiXlzdc2J0Hz43jl1xXetx/w4vSJqXBNIWvORW/1kkien3Kf6139a9Nv9n1lhFt+7DJsmtR4dtGL2bhwvlH0BTpWlm7bAqxttsHL7vk9l6nOtAetkYORmh4CA6mcCqCmtkW5XmN9uUqfD5883F/f9i/e/j+j//2wx9+X3+t5q2qoKwqAMIsliTVahTBv4qjYiUU3DgRo8bhcLirTg0pfYhrt4MUu3q8hRflc032hettG95FKCS3umVsMOknQaFyYVpx1wykvNUo8EoHCIsR5L0qC61ieTufTotIj1WsEii4/f276VCHeCc1DaedgvypMQ21xChwdPtBsNb+UyljsbCbAV0cARzYgRPza4eIOdFveCj0FZsfXGRFicb19HQ8Pj4+PT2dT091fupw3n3z7Xc//u7dhw8m8uUOzfTClN1hMfyioJNOw9zIWW+ZGH42qbfTYAuAoAvc1v6rvdtkH27QeCn1AVObBWLYhFSMhavcXsR8vb+pv+wtDB9zP6ftV+b+n21bm5/prafp73w1OTqOsH5YzBqWczcQbve+3jDfENYuN8o/XorAeNnd7VgjIHnAb5qZ4lepoJ64pfok4DeG3eRiOHTrdUlNFYU2MMi07U+Kz91gUfrP/V7L+7OfwXsMdwO3EfRebvYHMwHgjLhZHyaWEvy1HSRIwyYVW/cGyj1PNbqkpqniT7lOZ1TL6FhWydRsX2QTrnCy/Smi1M5vJvZUreJVri1swky1ln1RzEiRjAt0ZxWntZGdfpmoJyuXy3TrVFt6RNwX1hz7khpQDjdjcUKwjIE/eCUiN0JhrjpYKtiWPHnaVPkw7PYlGLgL7aLU98vNZm6eFokB6SnR8RBVOBaFOwTvflr4YsNQcq3+t+aF/0wXhyvftbyLHWKzHYJp7C2/qoGnWkITtj1uBnj6a9N4rTT+E16eVlRUBKTB5Ko+/NDOVdpSM3JPUBy8vllCcNnNcWPqmMut4OjnxdvQHHo56cYqNFnFqVJ0OPdU0LdDigQqD08hSP2XLRsRTulZW4uOC6RR+vaMhKFfWURg8+oXT7bFMxD4k0vI6GrsYf2bHMqaUAOOyO3IG8IIeHVyomCQws1c4cZuEOfWc/YXssX1Wrph6pK7uD8vxlZcPfByZptThSmKPcXYBhczTS0qyCykOgsCcaB9GDwOmckz1dqe5PAfwZYa0AvBtu3ZtiAumvbiajj/zTYAABAASURBVDZDv/bBq7ol2uQ1J3+pdTqltD31fd/i26JxIYbVnQSou7Sx2KM4jPojIiTJ2b9RcuuAwYTpbhk0HhFiNxsUp65/ZyZ1Lt/PWAoFow2M/Dd3B8bCRDd0NJiTonbfJZXjcn46HfnwIJ6B/f54Pn1++vzusN9JfoA+VfXDdRiLpUiq7VkU47qw1XFShvWY87LChN2N0qmxdTI3Do6/i+RoStoxXygIGB3QX1hgVHZ5OFT1OmkMrsYfLR6hk8VTRIjcxWIXxP3Iimkcbov+TCEFxqau3p6q7orn5zwvx3PZK2J8EWR4RYindRwkEkUaErjL6nOrLrbUHHhw93M/2dDMxZZfnEbF6FwJ78b6IpehzV+sdU/ybhymcXc4VBN/9U/h7eryyKqfZ4UXUq8A5xT0R+dAOrX2m9Z66Nve+0h9xyw5npvUmZKTH99yPXlvqm+OcCvFia1SPVwZJgGTplgjs9YIGplQ7bhzzJscUBe2+wlqUYFtxAWyXRu4MxfqH+xaZk4pKhkhHIcMG0oEY6DDVv+OYORKn3leRJ4+VzvH+bH6Id9N+0ncR+4h1no45PFRCHUrlvDvNcH6IUR5JifqrhUYWRa2a+Uac3+/Wpc0tgUOJ4kjV2daM9DbCSzkDjr5X8+vQs4WlLjI3Cz6ykxSaCTWS7KNoQa16uc95Ekmaa6rupwVcL9tDR8DHizRbuiqwdhkfZd1kYoKCQCQTUKhmCePNtTZT3BN6yrw+rguh+U0LRIUd1fPq2JUDMlmGuy1WGQUITpeV7ZoNDj74kM1kPvVV3cJW3LznGJq8zYzhHv+cnl/Sl9iwoHmlt522RG255zl+HHJbmjoWJtEDRUPZsVRrb7iw7D/eB8DoU+nY6V9s1QrK9VqOA7rYT9V1z1FooWRJ6wPpJZG5+GJlfYFPaPuNokFHVV+zbU9OHc8eT2FbMC++TjxNgs81iMZKaUQKmOKsegt+INSF8lEQFZATEBrFAeeFDtLwn0zaXkMy7EQ+Kt6y9JYWnLZpCfRnbZYT6IUNEGPxKWfgZNSP/0prcfHv/309Pj9x28Wyvs8TnL8EF+izyLzPc5PogsyeLn04P4gPH7wsx9gdNHwCkwGtCJ20km1NED31xI4Wbz9WmAbtKau17Afpsr2lvlpOZ/0v3k+f3r8uRK04+7psLs7rPsJ4GiZdmogz/f3spyfHyXcOENlVviRtn6pY8PcbeGgIjgtdC48OnapmK0THY+fh2Falmp0F3xxhJ7E81BQXNFnhYIQN3zZVelmL1gXaSw5UCMSUu30RjCqucoaZFhlSPphlJmRbXwWArK6mXtwiSiz20s09yVZoKhONaNwUhk1vUhp2lqfq4Ma85LzPK/Dgvo6qtVJzZm11LeVQWsGSW0X1CxHlUnaJrhj1wGKb+hOhAU7D8AVl/CV3Xw6a+DQEv4A01XY4i9ic2PDIkUHVTYFPXReTo8sJXeqaDjtqm+gegiQh7qu06KQJ6VYOU4gnQ8aRyhyo9DaUYi3VmZRUXrSSkCjweJKuUVF7JAQtyxYGmuWmkGuBegpKKnXXlwKcU5pfMEoAqG0UyGPNEzI3C1Qn7G8eRhMSwJOkLFX8hTe7AI76tMpOVIA9+zGBCzOoLWZ6q+z/CZzMgqlI/Csesj3dQcJSJp5lRTy5Dx7mmcCJrweShnMMhvtqltBWhsHuorOgGxCGtKTksUVKxqT+nXmM5JSUkpcug1TDLGk5TpS092qBiB+LOmTOgJWJ22w+pGhM2dsuWKUlnW3F57WvdQVWpcVsPpYHdsVqwUjyRjXMO8gDWyl1GsAXkgvNSFVYv4g9lzYArqL2VTfZFsFdVFZM9Hdrst9LfvGXan7+7Ldy+vZDrx2f2fl2Dwcat1F4/2D6e95veV1Jth/6UW3Qz5uvTGEi2QGiV4R6BoLw0bE4T0jfV20caNzlhhsCxH3c9sa2yPYrxlv331hrEgvTpaFwbXrRniS6G7ehMWd9Iqcveul4Vk3LrKUt8+9/vxvcPFX72/+mh7T1Ty98v4XZPY3vP0F3SGuV8vrXOgj/Yfpa663PPWGVeF07cenzn773AXfytU9l72i7WfcZP4XrhvfU9CGdlPu+7k198UP192jrkMZ3CW5cTRzNlld4yMkAQUqaJUdRdbJ+3cPP/yPP3383ffvv/n29//+x/NyPh5Py/EpWViJcIchDasChkE+ydUANU7jXiTQKnTd3T0cDvsRxXRW4bbg4w4usihAeHrO0RlbiJkvqAd1GRRNfXNXGmYMzHcYxwAEtaKWKnKoMCMWiLKtUA9DbPEOn0+n81HQTY6fP4uwp2KboL6N0927d6gWJBJ4Dn22zb0CTZuV2woQOd5JdHjUlDA1g20iTnyYOjkhMnJ8GGq7m2Hw3Rso0wtbvanbF1u5e9jxYGTRnz5//tt//a/T01P9ZifxN/cfvv0W5ZOSQW6n4mpye8cVffhFQSf9jDV55eYY6QtkgN7c5i4HDVKKN4iQPZi1VnaMoukpQmDUbWp6fgT3SzSWFrwMcD3Ylz3uiTy5H0use0tuRp1IRq4Jr53+Y1xF/3Hj1WYUN0TPfxDrfOFyumaGIdvhCok0i4Uju6HIjjddM5j+uibrMRV0AUOdwuX1a85J7iAIOqq0SXfuTO3JLdn+gWEjsewWyZmicK8pteq9JmZCwAhzt3UDVErTQdRPIPZNw8bsiMjmb+CI9n02Q5LqJ9wB8MBgEaNALRx3Y4H3AGbS5l177FRyw+WqLaaa7bSAQZYiwRBWx6HSR0VgBW1VuUOVOtMSgSjF6spalLmj/NmqHhFNFFVLop6tFcWIklq+lf40hBMX9JkbkTCrBIz/kShAtlPYzRbygZoAs2GIVj/TsBusTjOZqQZzJ4lcZEOxFtZSfFdKS0ZdL/3WpeXyItGpXSm2E2yotnYqf8cSB5FJakjbae2idVnimKgrWLrX9cakBzgSAbylU52bixc9c44Wpy72sAIgq1NTLSnke1ZNPKNCufZqECw8KVbWN6GKLm7+Zt7wP3/3Px1F+22vcDyk5yN2m0vJBQcwmpUFDvp8luKImhEmJEJtS+lLrp6A/DNcPY0Fpm42uZnAVoAWeJ3jAX8VSBmq1XATtVK0iXiJ2y8Vv/Oym6aVDbLvgj1hd99cpPhBqIGWZ4d4gI0eOr01QsAdsv7Ei7QUAEgSe2vJ0xo3XWWODG+1kVG2+gXe31A48TB5DnRQhnjWKD2CJ8xrb29USq04wWCEbHE/kLxj8I3SkhF4Fp+GwiAlF3zdm2iPOJ58MnSk6EzIQxHt4TTd/oaMUWCZrcu0s7EqKD15sn519gxDmy4XYIvL7nHcKCyRfT6x7jGVfQt8oI4IjSx800EhNWotDvLfCIU/gsmyO4vNqwScAfUZ5A6jCv2pygn4v29Ie9L2GAXcTItGkqUbJVe3mtoV08t8j9wpmZTzxaKn7ZLFhGTN7TZFSDwAA8o/abBMiZkqzbwbNNtKkEqJ+JgZk4l4kVIv4kZdtSV8i2o7YEIMVy73ApW0BrNvcXG3sxmJn1vn3VmouQ6YzDtqOYCox1pbrzLF8Xh+PDy9H/aj4JaUp3n+6fGzsKj7h1Es8MMMw3DCeHW0LIHBddtP+8PdKjjrCKGBQb2n2LrlxAGQun2VsFKlzOfzVJVqJ2UcSIqqywKSpRqpqyvr48O7x/k80TrnStI13ELrgQx+LFUkKIrtoxLRfJ4HksBD0T6xXyFdyAnajTrtIsDV8Z/Oj0/nw365v9st57Qf2WAekmYbj8MikKZ1Ex6fnqrmX/cVeZyfZtJzCXMI0W31rP+QX0+nIAMtcOsAPhRaJIm6VW+6e7hXqYPmpxMKn+q3ikFKUiFoWXGGsq5UccASO3pagsCK24vYZphtw82++ClowmN3OuCMGAzqwkPogkFoJSnpc+1FxvZZc/gGAMOf/MB2lJs6zrCdFt50LeZG714VBXAHy4/yOuqkYNqKUU0+98MF+kChMvnfxmGNcdRfdtVNrIL4mqqzcDk+zis/0HDHw6QCpNbm4Gze9KTeL1UeitbkdCFXe5XVUxyqN+TQRkf0jCsxKC5L5hjO4KHUqsCDMyktH1KzFuHuToYUvJmsh0h2OKFbYW8qLrWiHgs7PJpSDJiIPCKw+nuloYXKWYxHs1ua2EUzMhwJU/8UqIQJmI8afYkwTaXp1dOoZa8thsO4NZaFyV1jrFCCu8NKs4L9lGVYPq/nad4d8nxIldLsspa9Rg+zldYuJmorfxFYONtjxvmx+sVlfI0t3CizqduB6YpB9J+n54VGir9SojcYa16/46L9TjVOrkyYQgcW3RkWUZ4jg4bChQjuk+h+dzd+mDTrYUifPy2Pn4/VXeqi1PkssyhBgI6gkRJvbbY8KIyKHR6UajUGIBK5QvIgpzdpuFPJQwf/CgwrEbuKxjxwJ7X5AC0gyU5EGFiakMduBiKNdxX+G1zJo1IH8nIe61YIkPNqdFcdpdXpW01fWaEOQLqQxp9yF9HXLYH2P0dx2cSm0UuAlfB6MfpUJvv/+f/9f//9m+//8N2P3+7u7uumrkxFDQijBs2tNrcXynJMkzVerHhovhDAO3JHGqlQPJbX5K6EijyqeuoxVkOAaLVZTbuK1xZR6FVor7wUyWkKbLSsp0+fF4lF2VdL93nZ3x2mg+ZejgpskfM0VGvpU7Uuz6fjPGv9G5WglGFAf/dkHvSzWLymlejV0ypvzmrlwIlFrZ5hXU5Cb6QiTG1vr1uVwItRIUe9eCoGmNEBdvl5HA1tW+IEVBJe1HRSHFcvq2gnXwkdT7kYaGntYhVUBEhMbHa6h8+LsFqIF+OIRBKoHYDIsOLICYgyGnBRxNKxUzJWd1/eiY38XAcjuZ9Zarkopot0FqAk0uVzFbK0ng9K+ynxyuQ1gt3r3yi8qVdEKXJ51SIiuZ9VbdTaKxqZIQIQ4LxRHEfK6+RQRgoKNik/QlyObvjlJLAmY21jFgCVqhVqjMWuCkjA2JBI4qW4uAB9gdUIRvAvqOxRBoECkTVQIWwVaazaAudZMEIgxEtbZ9EZCyvyj4KJWRivWwUxuqTToPBcgMS1fRXhJqYeqcpmFILMaJTUTLQaSryqMxonqnBOyWUlNtMTJBBEh2Q2i1r9bCUPN5cmZikCpXh4RoEQmDQOe8wlBjgd9pIONQN0p06aRmysURtRDmv1StF8qv4YspBTQqUoohYWGdYkbADBqRo1mqdY7RtmDiB9KbVURVxhgqZT6ylBVmkVhctwnjsKY2LtqOFBw2iRvIxQy9D0CEYyqcklITCWe+HSCApzAbZm1epCMkykzmHrDjofJgto4fICfUBMjEbtveZRcrmwlaQPjly2PNMLuKXVN0vDN6DUbKGAr+QvZbfPXxvZoPEtl4NsCKWTzm7mumya7P5+9nrbEHL6NS7HcXzllZeyUDcDN2/3uyBHJdcUMl8224MZmg7c3hVOUVVZ/cNouUn+Vx1dO7WFAAAQAElEQVQYWrc7zSKQHSXdJF7NGznwciQbM831ZeO6/WUAl/YfldLLGezxuolz2zycXlUtL/uZ/rtfvJkVXdntmrSSoG4devOk0BtmO/c7U6/1meoYNxvnzuNw8clvffHrN1zLnG+5CLIZfrlAKzGUvrYx19Z4SPAvaVsNe9LfdUOV65/izesu+rnpWke7gjqQacgAu1dhnJFZKFhzadzv9u8f3v/w7fd//OO3P35/9/79/v6Qx121ZcmCVq4qWMWQ5SRapQB/TrHTpI7O/rB/uJv2d4L8IZh+GicriS8Sp+yhF2sU10sdF+DeQE6W6mfJLS9uoTaBhlFilzvKVDK31y6YBQbGinjY9IZiigMsonNRqOCn4/H4dHp6qlINwk0kFLoO8e7u7uGh/iAj1nATQMdZKB6ZWYGLTzgEGgQ4q48gW2i1mXNNNrnajcxNX+Mu9m5jkNNXpUvF7suuG0cVFhBAElomhnwrtUsV66VedWYef/75+Plzvf3w8PDu4zf3GoWTJar7/8/emy5JcuRogoCamR8RkZkki6yuYw6ZFdkfu7Lv/0T7Y0SmpZpkZkT4YaZYBT5AVc3d48gsdjW7dqyKkRHudqipQnHjw1IXhelGVeSFX+Ibk05ef+deeeqP6vNkfkWyru7jDhcATLqtEuvW9AoQKvxe2d+9vaey6RQasKnG64gQNV+/z0vy9lSqYnoedL7FVavI/wfx2X+XgzvHCMHYNuvDQnjiwWhhXoVA3jgi+Zc9DGnP4dtnXhz5t1I8r453aM9+SHB6GHkp8HAZGSjCcnVBNbGqful8tgaQltzfvA6pTou86hNsl1CncnLscw+XcCd4hGNlZSXCcrAUqj2VKutEbEnrvaxAJ1HAdMSMwO+qQS6rETdzEe9g0cRinooXEdR6gezBRnecozrEqmMGOELSLZtKugBt/Qz/59W0UYgc/W9UdNWUqs4dUyYR+xH3E0fHuBWraHIQlcxXI5J+KBeDxvWpxiThPQu/u6GXU/STCPM0LswuSLobsiPrcOiFTSPpxsDvETxhI+GnpVuOtoASX0tlbtiy77ilJ2R+pRHxn/sQSJ1uel7iJ9efKtWOOuWnWVsm73Y7MaUspv1dNvmFeirfnkv+73WwG/y+WVIlu6ZrUlB/x5XsAmDwLHUi+GvkapM1N9fkdS3Wh8DrjVaHpuENN+xbDjUUSsdxWQ/Z+Yi7HC6dDvytthmcRNW0obVemq2CClxaLl645jrU09e3dS2zXSRojLEWxSt75uYAq1umKojsJebMbQCeNmhNFZCMxDUxog5JwBa5tcbEl4gTV8bjENOWPm8Z+Uks29Di3OwtRRdPe1qtb4pSv6QOeUIO4sobwzG1Ut86+XSF03Jx+S6QeP4ytr6cV6BTMV6KoZf7FlMNNYUQjPTCdr7Y5nxl7YMa0VkUCIeDDJ6nVZfCOH/UbAOM2ppBV1zEkAYdEYj7mC2kbMF7oVVOQhX9MTAk19q9B4YKgqYbPku0UlBcmc/AOetf2WdIw92n8+nx8HR/v0mbSRE98vzleBgUN7+EHzdUQm6KHbW4kLWedI1Sh2G72Yynw3L0SMOgXfSMQvo5JE+pcRUxEt2sGf2saPJpIF4tQDIcjKQAMFyiLp/2+8fD3VGjMHk2y/OcBbibSFm1udM+JqisNoe+Fp6Ok7dz9ZxTePo1j8XCMBpEOp2ens777emwm7ZTiWhnpXIgnLPlnZRIVImzKZLn6XQqpvLGinehzdMtvZdRKh05VdfKzFcczU52iKRU7POkAcoS/ijvWCYkA1xDu9mUgVmcRmOqljSrgRZrfGQOUyvDMRJlN0f87pS6R62eDJ7L5Fpuuffg7+MkV3evrK4OoeStLKy1Sk7ZOzsZubMiU6xdpdxkGb9DV0caChIGXA+0tLVIjCBHFuzuT54SHvq5S8qASLKphM4YOiZ51sLgGIdQ7JJGJPN5+ay1409nms7DdGeBwVGzHrTXi95ocemUvG560U/YdWaqzw63RPdpJ1PCZVTfmrpLEcZ1OFJz82S27KvkL15lTApBQC7EQKeCzyHZLfJTLl9YkGmfa8uGMG3MgjfC35bgFiJzi3YRmOt2Rxg75hwO/+wzrwHIlp+H0JQSxeK5KPpQp0bu+LrtNt2RSqwWmtRsN5YSBn0+Hx/TuKMSni2TP6GXJxbJGnq4qYMkSy9qwAmCaLtUbCbyPF2qE/Uq7Um/HPV3WUtxkSuh3hml9PcdK6RwojfMlYsdHkdyd6fT4HaYvn/4UDi/JO2Nlw9PJ+vLUdTpI5IKmSw8nIKf662tRVziSMDPlmfm+8sWmS0DqOigA1i38gXkfTAFOBvmRLAEDewG98ld/xWpqt/1W3IDzXC511a8zYSI0//gr6AZV25AY8NKUZaVVhfdfzM2gt0iR/zamQ68z/DtcJ1mCgNZXPx6Spfu2U36W2EFpy+HX+nz7sOPuw8fxs2e08Q0yshLRq+6jGa3TJ60fEV1XHG8b0wC9Zo+8K+qswlS2GrnxF9V0w6gmBKysRbXeMtg0QRP807Kqh+ZjgqlsJyPh+JOLipDEULz9rzdFptLW/OVydttNkWD2O43x9Pp8fn5sbibj+d50XaLNDg4K7e8Jar9j9byxBI4/K+hwsSxJfgWP63pGmj8ZHWN6AfCSAEv/Npd0yass8X0i76hcr/oLKiD3AyTlipoKokAektTAIBaZzksyctt9IdipAxaVZIX5GuIVpdq/z3tRl+WDvlqbBISQ7W3As6b5YpYSyNTV6ywVUumtCvRKZ8P83ku4kQzeBWivNBbEe+ahlLC+PMgm5nytpyOgETRSfQRlmZpDd1CrK8InWO2bH51dMk63Rhpqh6kUOezlc0Y2AaFQQmDBeosWXbV0rQdofmkiOin42najJtd0Zo2qOsok2DQJ2L5xBoIQc4B8DE0mjBO5Ryw5LKaeuqwlPCCcgflC4OmNPleXMZlqykyRbyiJjFrypfd0AaDKlsJhBKrWWD3FWPre91UhniNMqraciYkgjjCsWZfZs0gsd1fAXOZa0sopi5IFlvesvmX+EAhSxbVFAe0bjZ3uCYNGVaNSMiV8t+YNXvPk4Q0YeekKUGSDUcnwwQu5KBMl90sNUXZUOMxApXyRvkUBl7yYwB3ABfKgYNcePZ8HmZNSQ73oSbCAhjfvPDnOUxJcbifcuqZ0xmIOUMYlMmzatknupGdegk5JIBYdpGYFqRLMC5G4JpUhVXIxkvxv1r0K6Ee6M8FGT7xIM9TxgmBGmdqSm4vJa7z2ElD7AQhWnPKF6Rhd9ob+udbB/fPWPuUuNlGdKnoXhkU/L6RvH3O36tt9I/6invxq59c3ihmI7/24n31lNE+6KkZL3J9xcXEhpRhvh7NekGSOBrFajwSMJCubwpdEVjuw5dXI1pwly5Jpg0WPzsvhKuRvZ+DfqPjxlzR7++43q3xO78ceJLLX6rZurqFvJJq8k1zwZ3qdbHy6daEy9Ujqyu6ndPHRyrtv3afF8ZGv/Hxpp3+yqVXfzbOYv+kTqB75VRVfenGo6XhWr3wosGHiVYL8eYrmNwWzq6ioqYEUHaoxUiChnaKR1t8Abv9p4eP//Ljh59+/P5f/vjpxz9sdxv1PJksNNEnvsGhvKj3xiS36VDlxbe7/baEMe7uLMUfFo3+AF6dY8t5S52l82Hy9cC72Qm6EVmZEtB40kXLoerTDbc8Hrd49ek6GKD6rDtexHNEZoXHezaQ4NPJMk6K6NfU42mzvbvb7vearF508c2k2TDZK06tbj4BVsC1I0dPEZTt+MpZc0CDQUxD4JrYS2V5fR9IRREPkSExOfzi1L3/YL61Zz1lOovr2Qk9hnRinp4eP/9aJqdMbFGn7z8Wuvl4d3+vqjLycEOhl5AxF68n67yTb0c64Wt25V+EtLzIx+mMzBiEvHBn9mnAEwR6PPS9CD/4zvBOzBB62RomcQf40KtUnnHCHeNYcclGoU4lyE1BocFSk046zaxnPu3AyDL9pzxCkrAbFSz1fWPy/IT3pD9fyaX+IS9qa/SPOeCFccnAvrmTI3HAYwM8HPVDjRVB0gmvaY+Wip9R8e48sJJT53+RWj99dbzvjdd6P4UhRZ5iJ+usBVm/qa8GhzO/WXz9qfDv6nsPwEKXCFcKfONS7RM2gEjdohY7QNWOiZcMtxHqoA1Qu5looZhqwTRqelLUxFSHXnAOvwjJiwwHc0aWCzavJwUn891aHozVzKTq+SuCYjHXVZKW089eJMZugUbnYC+qt8sYdZNcCxipzRhGyZW9iQMROOtFwZSOztHLMMWMHrHgQ3B+VoD3CmCTUcrq9Ihv8S86Ttd1Z6pjowb2WWkCTfuakK8MmJCmOaCq07x4MRa/G7mMx6PlTXLk+P/F528e79nm/zBW8N7jfS54vrygvUch9sPheQvU33mu5mBoqPU6uikd+dYvv4dJWo3B2bvBYgAqW3LPMl1xaCqoqTqai2Nqsluwzjn54r5cr28Hou2GdAYWI8zrgfE7dHYgFlcO3ph98D39oLj8xrpNwMc8h6wmMIuHlGoYn1z7uNwrIVJjR0PiOIPE9mtOQDK/sH8gDm3lrlxzeknn4hLuFR8MPfXvw7Hb4Sfzj8TfKoEPgY0iEhwC0W7XZ+RJXcr4AW2b0ZzdK/ANwDB5togxYYkGZMqCl644kLv/i4kWn6s2LRZ8NO92BCpq9Cixl9eoKz9ZthBcq9392UsNAawYAIu6lEtuc2SltE5qwR4xYxapHaxZRAkDzIDjruKYqGZLciTmdWpTrAt2h+J0WAksxUpyP7O8RpUMo+WSMajXVDG1B6wh3Lox8tVW6KwW5/v4GpGTzgOiv4Kclqih9Phu0FeQrVF+7mBvJEil1YWo5ZsiK2cJwk9OISbcxcO5tQufT3vKJ5kfj8fD7vSwUyT95TQ/n47jYSom4ViiBLIUI7GYuayO83JPlDJkyNyikU3jtFP0fcV+QCAvWRw7PNcchgXV6a2/qFP9fC7s2monWTqrgckzRUYN4cjdtP2w2TwepgPPC4qJlUhUpI9GmxkrbjdwWJVzlqEEOcWKkcuwi6dbU+4WxeoWBGDKZyVgNpym49Nh93BUWPJ5l6wPBJvCUxz1OW/gES9vqNW9GmkZATVn0j3VJm4ca4RVwzbKkX1La3cnvyV9EaFoQhHbShdArftpt9uU8d5p8E+D/TDdyrA168ZSLTmZ8x4Nvcp6jJQWdsR8Iz9TnAL/oOrStJI2GGWCK4EN3emWd5Xr6wVnREAxwCpQq1qiaFAload5inko9Gt1RNZT8YJiECOBCq26cAkLgsVWhpI68AzCy2CE3XMqkIgBCVnaO0eVhb+/nTlAQtDAUJS1hzHnRyVHLSF/nocP+/2u+IyK+0Boq8kRlCyQZukwRhUGnhU9Ljh088FRN0JieW25Z9XY49mTFysfJ+MA4EgLQnNLiJKBouVDp2Y64+dmD3iYiqwtRGEmFg1yD+WjaQAAEABJREFU2CnhnusSBai3dbMyeJZyoymNd5Pv51P2dlkL8jsSV4AcAToE103utGLGDGrZs+vkbg+YndGp2Ow3cSDizYZOJ8MC4PmwnJ9Opz2P25QmmjTeZ012sGpKeEb1OuwRk2rsi5oEWfWJ8f5xTBGPEFnVz3HnrUsvtQZf/8qNXNcH89WnTZ68Rxu+4CKVMjDTmDi06yOiClNzxXsMcoehjmj3uP045bsH9anadD8eDoByLu9dYoYlpG9lb54sufLdunuIfJJA4BQ9tbQiXdBkp+h66v4YkJriFhHW2Tmk/xQX6NjIoRxKWwju5gFyNvrqSmUr7Yf/421kQzcz5FLwCmdhhpsU5VQlemoBcQt3W5VVFNs3RVZatUPoXiHqK2Xp6YvR+SHnfz09P83HXx4ff717/mn/8Nfvf9LJW5QBpex6anIVib2ywzwFItX91T3NjtTXNECrFc9QDaK1KDBubpJSmZgYyIcgK6KCURnntpcou2mn/TfUoTlYAshJzspx5uWYj5bMkdUZfp73+0I7U9LalLQdp+202W/vdo9ffqZfn44nCJEM6At4TDDsED2Vt9mf2VRN40yq4ZQ4vVizEVxcdIcSoV/KsPI0jWJsKFkrHsQqFgDwJU+xNCZzNpe99S2Ziod30FwMSCtLCFxyxQm3HIZyYwUzB10YCAyNmioxwu0OdEMUjxWu5y4XS1IhihmnmHdqO0WiKnbQWZVRKwKGcx7Oc9G1Tguh94oF4M/ae0eTD6Y8jOeyX6Zpq6U/hSIHRrsdg6kOMVpJsj427JGiSWmhk81vofZkCCWKPKHZDuUB2hmFHRXP4gdOUUD1yA45EDpu0cxP5X9LPh2Pem8F79VEo7GMrShIZbE0wUATdcvtxUAWx3EZNxuYdI7pOAA2w/oieuaLrpYmHBfWPo6q5tnns8J0aD6HZmUIeFmOrO3FM7YZrM5SpyIbP8VMuL4eSkOIFjdqoW/lTtO2cUJbMfirRM2sIxiONe3bbwrlSot0g5mYsbZYxrr7J5EokrxdpGPS2AdKk0s+uxZsCqelNmXDDEZnINHMJCh4rlDPSJDxzCiLwfjtBnepJvdC6tuU1THSnZE9qACFeid9xlm7BgInf0HFuHIPY4O6sWfEeOyeAvXCqwWFqzoRePo2TVaZbamG7LosL7P1VMIbkr2U46DbsRjNnDEKimkgJ3Od5YWWsFOrfMRcNDyMaj+7itdUjl5S0IUMlKbA8vrzm7r628KZmXvB6Oyfusif36ipc2DzcuPu6c0nvkdbeO9Zbx/pCoXrxhHqUxVSocquZpj51Vtx8LO6xOyum/VKuh+n/oqnrV7Y2Ea6+OD6cURXOQjuDHeFoZpkVT98yUDhlx/U7n3j4qvyGAn9yCUKd+LSzW6it0JG9Pogf9eHr8v1enmum+tJFxTePgadmXToo0uhp9JKLb60bvUntLv8DVO8vkIu/7yx+reBQCrHkNce1V+x5jS//cHfeGu++TuMKXNqBSZZg6EBAuWblfmdWHhtx9084ZXbwt3Hbqj41ksAFiXTqRYMN8nm/u4P//WvH/74w8Mffvj+z3+8//6TNtcTORq8h44ue18YOFrJ7F5VMieD/tho18iiC6CvyjTtyBromJbpGmxN+yBnPh0/coWk2wmVXGRlp9FFrV1ApnW3GtoFgFVxdRetIAXKDPsxMOx4B5YuOsP8/OXx13/7+VCsnNMxL+eisu7u7+8eHja77W6/n7aqK5KV0RrSHhJws1kjXJNNHJ4he18JPMxybwdydZ+7rSFhRV6/8Y0PV3tzZcj+NrsmHIOe2G2pDgI3icIOnk7H5+cvv/7y/OVL+bRMznc//vTdDz8UKsC0uOM7VFUOBoiMHLq1F8qd/672OjHwi7vW98Ez6BsPW6tqX8dKGAhkSs1IjkLPxcpTrm9R0zHddZCaA9IUjKZRirFs5CNRk9YRdZfOZdKrKJeH/Haa0z/w8HiXcMTdArIjkiy1lDpVIfmS+lDtp7ULe7WLVjP4jz04quHrEEQu/G96pFSVJyXBRIk5Xd/KacupJ0vtJSYrnTC+R97SDe2cXxFTazfizTOIEGZlFr7edXLjluzUHAn6Ah+gXW9o86ZBoog8B7SDD6RTiMS9CeqpM/hXBbc15QgUIqmNEGQBj0KKSg2qa+Dn+Scijn8FRwV+WupXhrW30t7tLZLhz+Rao4SRurrHUl1kVmZEacB8BpH3K5D941cptOdLF4e5EyL0sdb3MYIUlS9cF9dOVODXlipJYRiTVyRfSpn255vQJM32oBo4q+Wrt87vzKI16qd0N3wtcfB/H3bAoeZw0GTNdJ6fD9N2M1vz5LUL9r1Hr3jR7/jAljN9TXp3YO+1AEy2kWYGKK7VwYfGGcFgepkHXkzCt8+J3L483FXOBOuOBudYjYg78WFghtjYETcCwxX6GiM6HEBeAScSWP6rIbZ/4u4NZJXgQB7aS9Q2cFJjAB4CoZdTsN8cc4jUSCZZ29/SKWz2vIit+ic9n/RPglY8dT2nhhwbXMhxmwVk1tFJHW/jV/gMSj+Gp5naKlMMSd+QHQNJkkRuqLV2EUoVbXETWsBnz8FILa79grBeCQLklTsVdfYXd+dc32KtwKxO0xThamAVj786vNHgTi7uKR5G8wp7mA1Cl1XpSDg18anmmr2hIQzAunUXN8MYwty66mhdPHDD5J0KsKEH9b9Xrx5EtPt7zU0o2DvwUvlAz5Sfl9Pnw+Fu2Hy3uysGTz6cfn38rLL8u2HkMY3Fz7+UEMek5bwGdk2zFx+oUaBda4uHe15avQWHTYvJhxozWAio72qk7W0MkX0oCgOyX8NvZDEfdfiPmpCuQcoSadlvxu05nXOJItMSq4m+GJrM4HAIWtVNKC83BEek/gPjAGXN5Ri17rNM17CctMvP8enp6fNm3JUQ2WbcDEh4Mkx6LQ2OQsyDlqOeDuNmnLrIPdcGtLHsFxTlJPE1YoUvrmfqWlCY/6XE8+7ude7OMp++ZK0ggefdMPit14CLg9WgsJ1v+s5WWFNErkKFxcGRf9arwJHyGywPTReZK7SP/re0+IHMlA0jQevFNbYRZ7qeCN7x9SK7Ns8aUWQuGr/APPir6JHam/lMpMoc46ePuUsnwztnriLGZ6bcfEmTMqqz1rsvB6FJ+HDMD9vtXRotCz5PBjWYLJmbc01xuyCAVAFENZBPQIGoAQgTdrRUYdPRD8xm31BiEEic280L+dpIAfxLYUGZxDQNPsVkLNEFCUlp2RGVsiek+IwxhRQs3w7mMdugGmA0qVfCj1qZHmRRUQx6o0PI00a9nh4MP6FsHx8qbehTELRrtoMge824rp2lyXAnmZ+FNzx8PqeJk8ZjNfdKzAFoEkXgm7Nuby71GJk1ffRA6FLsS1cNRi/LC/qa48JuvXWK1PF87RGEhSWSKvjy2sleLaOrq01CITFUtA/Iw3Y/f9IoX0q/fHl6PhsghG5nSzoZN8zex9WWU2GMdNoHAtwmz1FQBler8WANXI8KKcGajydru39ledaPRLwHH9JobJ9a7RMoKOf82ox08xj6pDjJeSpM7r515QrUidcyt4zh62h+zOJhC21SFRlUrlU0UH/yYpsYw0rxsBUxaiv76nFejqfHx+Pp3x6/LJvh03b/cdjuS9S+rJliq5AnBXoiyFJpxonTPShXHKXJipgGCcYW+mswQctg9qzFRO5KycCpG/XKjCDIJpFVim0347gbp9N0Op6LODxbVHw+Hp6KD/WsTa9ma82+HS3XczSYB97uqEj5wiGydV8xV0gRxZYrAHLNTBWltB1ZsSozbPoiPVRBUgve2tcaUc3zUZvpWescgEAMwwaJwSMDDgNEkENyZRMOIudz+XuasvY1KrxkmoaJxtlQT0r4PUoSxfJTh0DwLj8RDh+isNLKTTXLThMNjGEahtoIcA+QkgNq9KukUFhiECLuCSwa5ck6MJf3XIbyzrPmwJRhmp5p3p8F8n3anqbNFuWhaHHZ4TpgkdvTII6r462SoCU9ZLHC2vKmxklP8/loOC/ludoCa70Yzj3Fk1jNoNHsmJnP5a35THMa52WzbLY7BXDRHJTEEZQAAnxRtBTZbtLoikk7V4CjidtgG9TWTMWgVfyGPB+0A83Mx9OQNxHHRlpGWauzK5vAIDJ1qSo/weS9gsCNn2rTabK+7w3sUvddozElGQyU4YMmUadW8gHnyMrwnaYtKHnwKJnKKASBTYgveT7bmBLywEn1Xd0eIwU4DzAUFaprqUxLRhtE2TCa8nE+x8ZPoZIR5OFivTsTB8ZJigSUcWCvYK7GhMr9UXvgMEIgA7cU8MlDWYs1DvfuPMCqWUzRLBSY3AzUn/jPyIqr0NH3c4QXA2wWawZkDSudC1GtWtNVZcModJMRiJK0gSMSFpZuN8stWqI2Nt6bqsSL2OrKgA3abVQsIm8rl1XH43bn9xyv6wlEiC5CHPvQ8a+Vz/Qo780OilNyoneoGfJ2FkjiRL/FYSn/75iaaM5Yu8DEVU1WcpPFN64HbXKERSBV3WPkJBe2LvREWXEtjsRVJ5wmlf17jOHiqdcvJmtKq8+kF7W4/g3CofXCKS/fISRGzTip51fjk7yVpA9K2mPp7zp+70Xdl+/nJu562HzxL12sLeoeiMI876XCC2uylok3ThJpVhW1RlQX57T9Drp8abp7O72Cwb60ttL99IOvPiH6OykjxvDtt0nXTuB194VUo3hMUVbXwf2+fFRz+IWhVluS119dAE6vHhGas1WOqeWBJlyG1mlZ9Eo7Y9re7e4+Pey/+/j9n//0x//yXx7+8ImLJy2RZWJ7HAtxdfEcSqRtKjKqplAUtWm3n7QxX9HsNgqna1IcEtm6Fs4WoXN0k/7taoozfdPRe+T4QuWDGgQcNFMP0Me6+rs4OKOqOZobXUwChzU5PD49ffl8OhzKheWl9vcft/vy42F3dzegz4Plj9skpto1J3bE7H8jKzVXoEdTcUaHNjTvxOWL1/ABvWaz15L29VerG/1GW6WalhlZ5Kq1Fk+JApx8+Xz48qWodvuHh/L/+w8fHj5+NGAbvUohFT1eWV3BIbFWnRMuR/ktSSfyjhNuzkYVhG9cHv7C+MtTQ6gjXOy0GmaucLjMNYm5r6Cyj1MXreGIiyOfOv6/HgZRRND7d4YLUloOor/yegL+8xzwpIDQQz+CmxzeRXLf1tdQuHRTX/+o60m+eCIR//iNNs/ffVRL2AWzcivD7UcSw5VGXC2Zpmv6jWqaHjtUe/hka/re5bZ0p2cNXb01KdVeZb8Hxw0b/d0kRMSi4hn9UpmLxbLz/AO/PezMsIT9UTVrRAceDdwMSt2fkdxNnlxzd2NJrIkv5jIL3SIsaQ2VicLIFSDLooNELUKnZtnVy7mq+lTtdTiiUePQ+GDv3uzFQF2L/uBVGSTG6ewp1DPYLfF//659BRsb1ITP2M0OMsmthTeInbQ17fg4rc2VbidCQxsAABAASURBVGBXmsirh1SpHLftTErp3Kl8qSKunvp72bS/t0N6LQMbLHmbkfLf8XS8u7vrK5aoybU3ppRXBPA7nf+a1kSovYvf+xOC9vQnUy8vwHKxXb9CjkKW+B2+cWa6deP2ChfqTI6MYAuhti7jEqBZ/mf8lKbNCH2Fj+hqcGZo5sitrwcDjWstMupcpG6SUy/kQ2S9MB6+9ck7eYzxEILg6xQuCBJxpkl1UN2FJpiQIFNnNUfKvLSzohxQwZzH8Xw+uSC7soyli0DfsCO1OrjwXYU4oSzXDA3IeeRMkkQqnL5VOhpMg0Jem99a4EkOh9NLK90rjGKw5xbezqEOSD8ddEXMVZSsXsUliIJvO5iWNk6HJ6upzRifh6vde2jg23ETJoN86LeqOT0WE/Dqwh/cAczNHcbrkTBknFm8HhMd1CdO6y2fDPjEw3UxSC8BrEqYA2EyHWX+fHoutsomjd/vHsqyH3798vnxy27c3G33iwKEsFYHw0Augf1zFm9sooGxjRU0F7s4d10ymWsHWQQq1Hgcord2sGWyNjgnjRQl12e0d0N010aTm8FKJcsj7jf7p5M22ClW/GmZ1eXtU+4RTXt3rZ6V1XbIbmg4vZ+toHMp1n3xvy+jlD9Ox+fj03R63p2O+2G7YUCjWz1qIaIxj8syaSmyFpqcpvPZAmoDXcjrYBP1BR2ISvgmXb19dFILjvuq5ZaRbXbbYq6ej+fT84HMIYHgxWKNbi2Ov3qkAblm9sQRq0CVy+1g4YSh6kKhkAJEtg2KqyHtG407xQaTjR19JWQ0iDKXgQx50DTIwZoocQ0119PfK2Sc4waijxXmJkT5wh3Tmw3U/myghFd6l6YsGDUi6lTT7Iy/a1aYiwXco0QHNQZVqL8ECDXoWk7f7I0dKDDN4DdFpr1jgBhR+mapjEhanpYpNL4KkJWdbU4rUVgTVrjT2av7prizAr6bIQDIOAaYbVPUnavkJnAJ/Lepym7J+roa2gN6sTFvrUGWogJZtTIQTmpwJa+9CrZm7P9EtmJWKKlsJDqEcgC8X8sfici6Z5Yi/1/hHIdsPRiezqcNDYdxcyDZKBIQpUU8Bpgd1EdhnaxsPntpglNDkF7MX1CtXGFf9dMVb3S9g34XmmMlJ/1DpG5aWku9fvTwGXhDIuuDM6Xh49294VLolv38/EX7kakjfWFNU0LgHc8j7DbkeYJwm0HXTEQ7V2iwLl35lRpnicvQZEdCcOmvkKFQSuS1GaCwVVMvd2xjJS9VDCVO6qRIjYypSIIhPRgbR+XFIs5GTU2VoOro/mKJNdLcWibouOlIbnJ6oz6So/mUD+XH//x/v7t7+OPdh5/2H7+fttqfS5Gb2lKGZ+w1OdJ/57wRCYhO577pfH48cg6cMYktb5APAlyLNCanCszUqAAb4zyM52nclWGfivxB0p3G1o+LzOd8OB62x+1+u7vb7srNNSd1s1FQtGl6PB6+nI75pKgK5sDIQRHIhqzkcOEKkmqAzNb5h8fRURb0sQo0Vaz7cdxqvofieWgCigE7KuQqSMm7IypkY7ZEWHl6eqZ0GEcvMC2XKGEVV3ghfUVDUf1uiWO0w5rHOPqFN5fkDM5Zz89AGDO8CUBDpHAAQh3i+E+dOEV+EGBa06ZIi6KTUNlbRTiOC5f5nMu7AnqFkPxaCOZ5KTxvOJZ5VdA1xZ+xToChAmYIiBwJji6huWn4FCZMlBbzRmFKxnkel/lomUOZurWhtaeIXeITOl7pn94fzeo4Z80rVRQZHJuhBFHKi5+sDZPSupXqWkYvdwfSnLTK1R+Vqq1j4PVl7hVkbps1y8TAw8x9b/GY0dDmSDUejYuscV/q21LLKvPd6BGtlWpzwb1dec4oAFtgjLRMDj0GJ9CykgQ3pU02isLCiUdk2SEwJYrqWoaddBIokDDN2koUCPM2JIPam7abjb6mZoWaFZSjEw2einpgUTycMj7yRdfM+EQxVDOlRzjo0HabFbhwRDcfsGwlBM0yUylOOWjVXPiONJOXbjvqADNMtuwsJWOTRiM91mQjtC5am1rBiShcuP6vbhdStDJbMMt/clx947W2aXtkFB2YYMP1xl0QLDKa2yLezOSUqlk5tYRnsrO9rlnuK0xYRG5qAGDg1cNZT4s8e2lZFHZyQzt4B8wJadP2gd4+3r7Pe+wUA4sbLubzBb3HNSyHAYuQLTULF6wpvfAcXt+qWrirVMt2Fnthc6ct01erY31oq/tYrj75muPVbkG3Duncetx9ij+/JSv5n+W4QWjvNq45rFcij8T5LzUjk5ESm68eCvL7e+e9UWb/y29qM3ztUL/qpf4dzBvmdeTlmoVigfit7RPm6Tev0er+VbH3nYiiCRPBzoWGtN1vdg/3d99/ePjpD3/4y58+/PDd7sOH3f190VFKJGIB8mgU7Gkub1JMOHXPeBYzF71LczL2D7vdlq03ofV0SJbhsUQiqGWCNpnfPAYxVPcLvbk6zaTtjNm2HewmiJ4kS+h3kBWvMcvNsw0FIDKz59N8eD4UT9Sx/LSuMcWvVz6fFLdlf//xw93Dg2LgQcmJcgiBH9OtbULvnhoCiBWxhpIDvG0MpbI1xuhmY712Qlcboc1YNUVxMnX/fCt191S38g9AOTurqiqKJ3c+Pj8fnjQj5+nz50ICDz/88N0Pf9hpvyHFtsk1GSOyLpqkjEYNdIuN1IF/S9JJDDhXLT8euh7CrSstcZjEbfmBKF+zY63wclXbUPu8X2xbJPbyVjvFo7dLauHk2kYHNOMfOOil1TJa/aVOkFtgNlktu7UqDvAbZOkWKYciag/nlVfkxrFWe+j3dIT66H/63AW+JVMFxHj3DesGi0/4hpdBsGqdtoWHZC9ikqruvzld8ta3nUbHwY+sDLetVlS94ffccU0tiurgmexGqXtZ6t+B0dllzSjbdfEhveO4OOvlq5rTuTx5QmepbkrEHWvVQLnaqvVxHHZSYFgxR2ZEO8lX1lq0aCVPYa3FCTyLO7SQ8+9GLAdEjjcPCC0UcJ8pxbzEpvYN6M6IJI7by112r6yMruaVBHjmAKvYbW3iIGHX4fz+7HI/+dMYrW7CoQsErVD7LmAovBoDpMFQ/gi3TbkTEWwlrMEchR0K3OX4aFAyCjFfI22J4Qo/KePPAEKxkAAqQtyS8aGHO5zJW90bnVoFEgU8eCX1ussiu4XRUAg2vsf+a7yTvC5detJdW5odcTmDcB9GR+Qrg0hu/dIaXrx+vKnDffvxjTf+6su8sKGBUXM+z8A4xoZzuyKvykvgSH6zRVuviv3HHrHPInZg2xqIv1Zn7hnUFay6YhAJVTdYUGa6SOtuv3BjZf3XvjGhJTo0Ms7vuP87pJhtLuaq8Nn44lfnIqSaOXQGEquVHJxKYzNS6ziAMTHaBvl4uA7aNUtnVzXuET9940XRf78Ds4W/nHXWiKOEd8h1PnAGQXJMbHdG7UQCZIdITzurQboxQ8EFMjd2ylRXzX+py0rOZf2NuEIPqByI1EMU6RprMxzmMJYoQrAgCCtsdZWAHGyslgLrachGp3PMPyN64Q4/ChwRvFiCUAloAR9ZMk++DABNpLcOkU6kkPXLsMnWa3MhhaFzGKwu9L45mBupXkRLGyhRCKR16N3gIM6dO7ptrpicy7oB6CwMdbS8jGsio1HEAgW5bQpr/qI0kMgsMss8aPAD1eRrAyCkB1h9p0U8EIPB20D8NkiGrnGJcLRHcXYXJAh5FLolwHuGWvGOJwtHqxRmtZDn0y/neZ+mEmXcbje7/f78+Pz5y+dPDw9Tui8BmWJ8nsqDNttiIyNlv8y5ISLIZpq2y3w6nrJmp1DQo0nHgZDd7wLNyAWJs5bIrwM8n84alkAIwmYEXcMwAwaelopYv5umQ7Ffj9NxHoscP1jOSeg+ti8T0EywL6wWVXzafAcJsn6KBx0IKJq6UUhzPin+iRrMT9p3tsQ2pu2EmCN73fKyTNP5VNzx2kZIs2SmEkwZRWK3ulZ2aZzhjXK8PjlxvoNZxvaOG1HrdeL9mCyat9kUS/V8PJ0KIR6PppwNhgkviBouxgHasrMh+jOiMiY4OPQfrol7cqFUQxNfm/YJpBND9JtcmCNMsnTvC1as4PNl7cacJqEqAJxuLFxbmXRMGL2gGLDrk0KhYxl4gjKLTsxV1cjQkySmwmMjcVIX0OUasI9tp3xDoM9WV5TLjeI00hkfLTJT/Aqns5wPlvWwNdAHmoDxww68oVvEml1wDjB/lmjBVNdIhzaLczvj0Y6ejcC+Z/UYq/FpNQ09cm05UglxddUhJVaq8is80d/as8R81qJkIbvOkKwon6wdao2fJssZmtSVVvZvCTgu50j/NSSIhM5KhFSbmGWXc7kq24wS9fI62hjRFlGXyojYrY3KqXV+sgBmv2zfMuVLCcyelEXk3YnyeShxMxpV7WeDLNKLERwzBAf3uAl8JRzLv/pXP04usQkSzkXdm0do9qvPun+qqsT8GrZcoo5UXz5eYiVYYpAxN/0llKYXRi2zhRUNC69MzgRUubt7pWEV+PP59MwI/CnWsqa3oZyea1O9IfrSRC9dCtUJVTADanPFsHu0vYs10FBkgNGUqCh6lqZjgrfabFTwHAHEFVSsRrO3XoyanhSyuptnqrJe+ivUymN00fH8uXbiokxWm5fZ1wvYe+ULBKiFJuK5emNEqoKl7+UobqloWKwtiw5fnjVkrzkRfP9xn8Y786b4oPpO5W336kQsZmMmT730fbsyXtoGci3SvRHwG+g1uvPR+KuoIMoa8a4qKLADyXIKLBs4mV6XUhGT2+18KM51TT1ZFEhUQRFOZUcej4d8Pw/KN2Fkp804JkUTmdJheByOesl8xINDfvMF9dJqM+UQAwnUx85XNK3POvzqgIHZsRl31sVFc1aRNmr8UCzpZKBAFyhS/1SGcTwV2V6OosVo77woo1S4k+JMjwY6KvqXbB7vsRrmyZI7TZNR3RKYgaIwbMAYFwXHQbsTODcItCS0qvy3WzmDXSzTabCQ+6CEZhAfZ4eRcwAeDUOcjnSap1lbIJaFGJKD6IaMEvZu6UEsluHSojLOhBllgd6SZSp3Hov+U3wljqY+L90SBOVEEMWoPlvLRXENXNhyerVlz7jV6t1JV2IsM7XZ7QpZnAqxHI8hp4BwN4bqYaurWqVpz8h7Yd/tKuBGNQlLICNwKTXpZNRsjLmoQHqTvBRtUhYD9XOvtneetW+9b5xaeI2XC11kzHPlAxUYRkWWp+YvMDgzLGpyw6dxfDjHDedx8HnGNjOGUblQNkgRnjVxEvexXM3BuVy1opjP81HzbaZNHizpiNw8QaGdb1NNpS7+rcVKYzG3om0XXeM2XLBhcr+a5vqOGwW3nyT3VGgeWW3S6BsOPAzp4A53bnQY9c9ZogTZD2801f6XDeDDOlj1VfsLQJE1khTMmVzEqsrkiTL6qCG4l3Fkg10hS+2CRh2F34pWiATaaVyRAAAQAElEQVSammcvbgVAhEMA1gTDqxyHPmJEVZXnlwVsvfDWh6Gq3xTv/TXSGaKyFviNHb5HD3jv8drr5A6l9Y27KCsNvh0SOeAKhJoZFNPsE8K22SszwRQj11AuxuaOl5Yo1rVB8UV0yd4GFWmdItVnY1ZqjOHWq8nNqb05Bf2HWVaK1Au6XL/Wr6Ap3FiUGueBWd9xK37tsn/eQ15YFFn9Li21Mub+cpbgAq12LLufvUk3fJ5uo0d0Cy23W+3IKpH6JWM/iLk+8I1N55UPK4K/cURYZ70rrs76Btp5D1v4hgtlxfBMPMW+CmsY3w5+q5f5LcXycYqS46uhyPp8kh4c6yrvTaTyH/3PlKtclVVL9N3/+PH/+H/+r7/+j/++/+7jsNsWT9qXL0+/fP7VFRRVHQwruNxoMiXLQp7D1pKFN8WXNmw2WvtUfgH8G/T/RREEPd3ZuvG4n9bL8+uo4LpNcA44/35xcU0ZSB2uSfexk41pJqj8LH9q1shi2a76LXD1EPQPvBNoOEV5fi7ewp9/eX78cj4ciyFQtI39/f39h48PHz9qJx17tZyBPmsKpDtsOWwLewFDGaRormILpVq84g0Xw2EYMFjEN92EUXWxvcgFtfez5N/WHNPQYP/eQyqpyMVUQ1X2fGADq5st4+Tzzz8fnh7LW9x/+rTd33349ElbDm23xVOt5gMJ/MuY9rihPUk89NHxDbp+31tJJ/Lmm1YZzLyKjHHDj2qacfdtndAe6lONWx09mkrCdMnhsM7kyrTR7AKASwUS92lcAkUcMruNPHucr7bmiVkQnWIzqdWALuSkZKEYmcggNPuqGDfD4D6DeUGEB7HpYYA1hhbYOWZS1pPWg+r0Ks5vpZm995BcpVV8Un0W5HvKPOzYP76x1dLSipBZMrz2yDJPBil/4xVAYQo8aD7Tyi+8zZUfBlWpqJgZ1EktgAQ3vBuZbuFVzGRqnNclNSq9UBXdiDvfkF3u0Ir6oToHRmjeg0sAluWTIkCONsGQzH+AFuyWAOdRVJQ72L2T+WXMed52t40+I+qRnM828aAM0a243No2+4x1ekL4HpN7f4KXIeITtorWW+uSFYlhJXiTlWbPVkxiGO/medDHmjDI4DLhtkK9AwhBi1ciGmimnZVJxQp50JW8UiBh2+r5Iw1IlrNMR2xsi63o5EnwIX3LcDmgK3cWCynYTlLjcBwCkthcSRLxqgx8UaMN7fWal9FsNVsm5wOYz8G40eCxz8Xf0DyQZiyq8YDvsw9VZyxBTksEmJnRHFer5XzGPZySo4QIIOOm1C22QIgXapUVnmMmvL0CBWtwHdEyNI2QBHaQPUgMpYprfMVgFGgo7G6iMF1C9OoqJgvPmhsu2vVoANFin4wcTOVcmYP3GfAxXs7aAti7WDmpRQIi0cYdyWJ4zSnqYLyjBLkVB51mhUMeyJl2scU/6p+3flmY0nuYofzuzZZYsnhh35VD+96kngU4ldEeHr+UEMTD3YeqZyzYUi4i3JLrmMDV8y4+ekG6/zsd18+qYi70DBRoWsxE20YP5qIe4NBE0BB4Bks0ti+7oWyAEhi+uKfu0HRJQtADfKs6fYjTsPm2zGAjK0KSrgfkhRXd/PhhK3s80/tMWx25FgiKYzT4/rONU6J2i/vPVUkYmtOFvR4It2BFoPaG4t65g9GV3jIEyPF5wVLRL8Caj3jmgUN8w3kQmXYGGqwefg6xtyzmrE0QMpAZi8VVxA0Rhbw+C+2Lk9H8nupj1YjKAukXb2917ZJ7QcoM76nHS+1qcwED7cJVmpCy4u22dXyjcn/4Bdl6malL3eI/mCxzHFpCkob6FAweykO4oZGmlNE1JKY3gI9RcK5jMIEgs8cdE24mBlkeQIjJnmVSYEhICQp4ZW09jlp2dhPd0gK8Hg71tOZFHZTfW2YIc+CaGFZ/ITxtBWokoPHNzN6FBvesHMy806izds3LPXjq9x+nQhLFK00cHVZyzZ5RBHn2qC31ZsOl6YbXRhOiwlS80Ttr3Te5MsEGXEJR1EUV7sIKQrG3LPKKyYFNAuWAbIlYK2bB6+1KOHCjvsMYnY1rESQNDCajFhM+az5pDzczWpUOcf+IqVZ5Zhcqi+0xFf6JhrKfZ05P5/npeLrbjcouxlMxkr4cnjfFQi7RFs0RsBm0MHcxnBdkN9lrbAvxF5Nbsx/mNI4ajJymk6KKm2LigQ/DJgeKSATG0M21BCKsRnlsVnGFXGCruS8reOLdkD5udxquKhG6IZXIBoUlSQMjhUWJB5XbFrhW9HV3N9vWULsul8jHZt4U+a9oPEMqL6dBksPp/Ph03O32d3spyvmYtDDFrONpnJRm9vtD0f20F8+zgXtq5wBxqY5Hp2oNOjOJxqthzy8r9tjZybwGVODOwQJqSiGLaqed8rQSIysRtu3dtpDPKZ/V6578AgUTYdcqQmv2zZKzF/ojhzr1QlaCqxGg8etw7WwMgGPtMC6p8UJP4zCVyEFukqqNqW4t8bR7XYJCP1uy3QnOYHzMwhiRQyYUW4HCilmLbORjeJKNW76FwhXW3aJEKWsTHEyw0VWOvhdhM6IvnaO/9/qGO9CxEmjrgkSv0PiMJ2lIU5VeLDNZQ5/jafmlRNdSfkjTIU3307i1gGS53IydQRYv/5VIDLPKuuxquDOwsr0dXtWC370jIHkQ2Q070L0Z3ZAilhhdfijvPi1axK+Tnl35LPqAlamGlugKMDiywUJlpxL9PFPADkEjrVmFNa6tXxs73dL4YbMjOj6fzrM7r0xbAZ/LLrdR/4BSkwRGjynP7l0fLcGfPLBHnbHvpSwceGQagxymOZ9nkiPlz/k0Hp60OnyzGylBiAE4Kmgoz4vHCMfkujfIw8EojJMO7OxHmWvyoJ2st+3FLw3xOGy6dkJNAfYTiGuhFb+opd9Wzq/Obxt0rS1zp8pWkoW5x7fwRcC4FHlIvHa+zN5GzZ6iMvG03Q13H8jAHD4fH09iuBYzjSMXXW2w0jyAKQRn1+ktVjwaX3oE2PucmeNHcWjMsALaCfvYBs8iCwwrCOXKXkKRdOwbcwCIpT3BCeqKh9+wqZ3dzAnXreM1ixKP6ebeDErrKe1CkrS5xgLVqbgqsnV5MafygIpAEQ91qjiG2wGE0OfwNRedpkqIq5SqEhRCKwT8t+OXIjSfD5ru+cf7T3/Y3T1sdsmAOcax8DhlCHrbjFR7i/aneB+L0KrPxAuAwCSQ7+iVDq7eO+FE/rRtwIz0VqSeuJfGYZrsjIS8FnS8cM+3TU3awvbORRgvmtGpUeB5mZ8eC/M5PG/v7u/uN5v9uBm1N08Rt/cP22n7+fjEz6noC4v1QTNZM+TFsxmSb1zpMmTEF09MlzfeBfeBdl1RCyCJAV+oXFyUGW4L0abBBV+qMRsNdi+Wf1DGUije8lGKq1whPrbT3lBPJuCaGMDJUPz/xVlnr0jlV4Po8nY7ZKkQJgeKviABHCjepUQVP2u4ky0BJuQ6VsuWw30fWtMyq1JfLpnUYaL9T0pEYhqmg1hzFdI0kBnLDyetbgDFXdOP59nOnVAPitxBV/OcHZlE8XlsblzMNcF4tl2iaebbUSYFkCqqzjLMhiwC8zKRY1y53QLPnuHQ6ZKYIZAt87N8O2YNP8waMChhFZvSSR3rm3HalZufTye1LVTHWhKqgAw4yUblGdKDc5QEw5dqEZgJEtE0dFXCLFUxlUUqI9TukIvBX3iFriroiodh7iYYCA6DhiRy6OnOA41XRTsPQ/Agl9QCjIbKiDzDRvdhdS657eIbJgc78v6i7m4EZwBqEUrJTq70cmG2M1Vnu/esUcqeLZuJQjN0Hc30JezBYZSlhLD0jRV2yFnlUuTiLJ6rJMvpyGHlLjwXx/uirSPd9VfFhy7nABIinA89Xx17ZYFGywV1s8eZg0RKigSShQQQi7+LfrIgXwRKpWkXulG0A+AC3m0RCqudzmGiULWgjF+Pk/rkyp2svakbznh6ITFjbtaZx1PRQTBAWc81FZLQ8zVn13yMUyar3YOcXBD0sQQ7oh6Ljjqx2yKU1xgdEsI7mpmGdPbPa5aN219XV5OvWmjAzsMrAd4++u+k/cJNaYk2Rzc0GYpPQ+TyakAXT9Y/QjZc6yCuIwIU8OLdfGIohHCqwnh9F26KevjFKf6yBwyXd2anZX8vjKCWYeGttTHQ5YtfPZ0aPqL0mtzNN7n11+XAcH38bQ+AywdUEMltfOtuZsv64ClMImrz3ltEcq1OvqJh+k34esBEkq7Vz4tbISjz5sFvnSCVwF491dMpVhfmeofqr5FILWLH+mqXwJ5NLna5Epm4B8GnNmAhV8By4NXxOFdIuPMS8cXYXqOH1Vfsuch5RYg3Fg6mE/WpFB0JC4r+c2shgDFLulxJxCK63Z2lt7BeHPYte4RTorcOufGbm0UYiFdLxyMq1++f5+/Dq3e/HpAELNv1aKWHXbXM4zCf6+BSgjPM/hjU9lHFcgZix26veuc0bPa78v+777/74U9//MNf/uWHv/zLZrct0uTxfDr87XOGbwXUpQVvVqmdUEiuaSWGqbdRr5NnInspfdFLTiqsyXJ9Z4hTaR1nfNKk+oRcWId7WSqfgUrTyV+bl1axD2tXiLsEFJy/IKCsnhPN5mwlrC6E7ae2rl2ytV8sasDh8el0Oj09Pj49fj4+P5ebDNN492F///Hj/uFem2xOG5SQZcD6wYJnR6ZHcon66JpAZKg6I7owW8lX+b+ZCOQCpc6Ijbmyj2VxNwz1275SexUgFNZid8btQ25/2aQnsTdaJNRihLZgGohlAp9Uiy5mQ5mmg7bUef5SQlQn1bLv7n78058/fPoEh5rmm+clTMLw11bSXVbCn19g7PjwW5BO/HUv9907j0Z5IZia2hS3humZPekdaDbds+oSob+mLXFOlZtz8AVpdj6KfR2VmjrGjPkTnzImYFYnkLu2gV88c6IalSFRpfOCystvyus/fy+HdD/9E5G684t1jKxtCw8l9Al7XT+goPXqyL56YJ3GahB0CbKXB781/K+mPe6e5WWAPdVVJ5BTD5Qp8GcjIkkv3JZNe09pSO0B3bfBYV1Tv1SPm9ImN2/e6x4cZmh3BoG6h9pSys7IHgOMvJa1F1JcnPo9EoVCHFuFr7AB4lv3pPi2ggvaNtESEcJaMVUtEalWDvtUu4iFLVfVVfi86gRZmA4mtvfButCH7EeCH5a4aj1Nr7fTvaZffzdnkfmwEtJwvNcNLl0rZhzLT22WuodD4l4YR+wwHv50Jyk7suGJmoAnt8y7r8O7z1VVxx2v6QUPX401ZrrTWuxjplqoS3WUXC2EuDXTW5BGzjHpinuDf6+4CNE7WN03yI3/JMd6ezb6N4taDgd1rBSn4e2Lm+5hf/2nnKX+3bn/tGqj8DjFWX5OD3DCL5TY3jrShSx4U0i9eITezJ2H68ZZUjs4InyKRBNyvwPzBfULugs3b18baHcWr/nt/y8cLAAAEABJREFUa+8OER3yJFf4Aum2p3pcoTp3GztMN0/YqbWu76aybtff/Lo5dcjtU8gJ4KE7288eVdAAEoKTXJUxeMPZGd9KYEHVrSpXP8lNwXIAAN92IjEA/M3hPmjlyCbskvfH8XzmsLLpBSjIpu9hRJZpYqWU0ql6ncvI3At4XGUIPm6DJhBruKGef/Mpr1+oyc6LwXDIl8slquYc2osWL39eriRnTGJd/1gCRxEP+4qQOhxrKZYdRUME6WvKgI+weXFNdHp+tvjagfIsMKAhCcTTOQQIy6Ww8pENgYxWTjiejp8fv3y32e4N83M5np6fn5922w0Xl3Z51dQbQ5bY4Q1kNC/EjtNBDeYSDa5PATBLZw5kxw2wp1vyrdd0aBmI7q7METXBQpTzp2Kwj3kjm+122Z22T+d5ylmj9x5KcTd7dami8C5n6z4uYklC5paxfFyFeD+dink8bBKjyHfRwoLT8/H8/Hx8Omz3u2Ez6EJEAkzxFxSVfTiPxWJEQcY0a4yns+RXdHmTx1ZFk9cpJjcvCX5e6UlELlSoEp5XHHstiynG7XEi1npfDZdqBK6BJ1FsVctngyjIVbmqU90GJo0r1AG07d+rRiLd79yXJfCLvExJyMyfE6QBK+KqBtaiBE06LbNd88LhWnny2fMXQR65NM+giMuyqmL1Q4236nisT0uwfTd7yfVvMBeLjSl2Q4odCH5TQoE0n5YSdeWj8F0JXW6L+8lKt5Mk0L+FtEbPqG6ZaqGgetIF8PXMVu+Iw0jBFG4v+m6LRKu+OQw3luEaVShS49HS2DQYDQPbp7MxyedDpPHqEGpNWPkwwNHGYdhrGhEdSggwY3ty0+J93hgdPYA/59lgmjmXHMHCarawq6u7rXvHbu0Ju1cNo7Itn+fTxEA2yGl7N5hMmtiztz24YQHTJIilwWgJoqP6jpgkF1VgStTVR/49h+fev1st+G0OWH81lbW3Ni7OMg4ymNBZAGNTrL9x5Lt9CS6fNGUkfzk8qZtQwa9OmitQQu6aGYpcKGs2EjcMqe/oH/4h6JKliORBUNiEvnPsqgxVPYpvvonzqNbBqeaSmSDjbtNy2+ttAxlrWBlb8azQsnqXFS6AwLXffVdQQxWBQY4iHcukWqmbqw3qQh0ZpVWii+3xsmMel6NqaScFZJ4/qK9xX0L1FisfUFJiWZ9YQBQYYRZSr2323vn1W1Zh0yajjsvuYgpI8gaXpsciedXXzxotgWc5bBSPu83OZKwiiZaQd2Fxi+a0zs9P59NRoUR2+8OHD5+Ks97wkIrYmsZd8b8fDoeiXxyK+DK4Y7u31Clz/awte/8e4dNg70OxQBcCoyhe7OPpqfw5TduxRKoVgymF4ubJAGUVyigGGuHlnzV1Yznmg8F7bIq7fNJK1ElzlodlHgb12GnXetWhZwM8LzFwzTOHPwdYh4Yd44pxRiOQbOgP2pgxQg+10pTD0jBrRzv1KF/SjVVUF82WUchFVuk4TGk4FZ3F+tNEA2Rfd219kq1hzXIeNFt40tSKFJpJUxoJuQ6NDqnaK045IRDEgiLa0EbTeDQxSJMZgheGSVi9THVhXHU3Jj6ftYQAPY3P53RI02Y7bTeKy6IJKMOk0HGnJWbfqCoj7wRuI6sOEMOEwfD8abZ3lzoWsSKiYdpgARg5L1l1POsKs3jZbOYUigEszLotO0U99UYkhFu3caqNWQ2lUO7jv5y81I+AM0WuIaXkulgkQKYqAUJUu2OvJS8u7pwSk3DkiV4UfVeavWKAfKqgF35dePE4NTgQq5310sHK/dQMLPvlkM/pzM1dCRFJStJw5rsD0hNiKnWQBcK1zoUaX03aJ1HTsGGBhlFVNUix1LrycrNrUk1v5AgxoBBAC1GYuVc7XWdgBph/TB24g47QkImGWDXJjSQ93US8P8Di3XlyEEUOCEoxoCGY/WozVHWvgidSqC7+WnUcLYMzrICLXVZJhQNmKhTJIKxOzGWSLgm60lZHlFfR1uDwTHRTq+g/Z9foeb2iQcsrttuESK/k062H29np4pZtFaVZMbXQEg+l0EPl2lxaPWKlMOVONNeThG9oC1AB5MbAXznC6umvYfqWQ+hynikMllBN+FLErZ+2mi5JvYSPmgD9meXqHu8cobzrw/Rt7/+uAfHFQ7mXWW2jyOVFtYoV/3p6DjgtbgiBVLmFf50CArA+g2+Ne/1p4Cc5gpYySFkut377swqPax37VUp8zzT3PgHmhuuDI4XbRFBXTBfLeYNLyNdsjhjDVxDExcmA8m07NtxcbZkbu7makMZQb3weYZ4bZNdLFKq6PUtA5kNKsdOIiyLsMRV243YzFUX84e7hxx++/+uffvzLnx++/26YhqIsqjVkyZ0q5EYvn9dqJsPncFRkgzIZvI3j0LlcPOyGHBPvLeMwpQ1rh3uJePVSsXwuWy5PdPdrnNKs/taEFxrCskgr1G9SrHNxKdal5XUWy+9wePry+Ou//fz8+FmdacXFcbff3d1v9/vNbrvdaeEanL4ibQMS1Kda2YDcbKg9yXOYPD8geaJAbYZRiVyqV0JWXmtc3mtmK1oJAdlu9K08jTs/l5dcRpatu9XQKmguuvO5TNRZM04OT58/n56KVUL33323v3/Ylena7zVnmoL6w49Lna82isZelO7XxzcnnXzjweFHt6ONtCPZ5qOF0A/CE+KVhzFnkFdeEY1pzDHpLBLw312knFZ5c1INSOcvcXbsruUFB4iP1Yf5T3HA0iSD1gB1MmIXKcn7XhIrxTcCIlKtpDqTl9bJP/DQMvTsMLlyS6rHroe13hqk0q14qJ1kiUr58nMKS5I6leXiBI7azNdEkbsYhan6vbo7OiIHu5QURqPTyu65G3TTAyKKkMNKj3BRbVLjcyXssJyNI9btYudYMUBFmE1VOkoYuT0X9YLJCGShcN3H2DabXm7YJ95gK2qguJvFIQU4Nok5hLw6sgptpzdMTOsHH07B5P1j+3CKa9xWfOk38cvsxBz1n1JfsrHbDnfUNZYWuVRE6NE6cjQrQ6DZSGrStnqxU013xhi443BE1SzgwAboVd/QcFZqUtyn6ucRoCX33uFK9FWqo6TVkePuXXp899x3yknmb5an/6HHCwr6akcT39SQWd0l6Xg8lrOL4+2dujvfus/v8ODVv6helOoEcdHrHhjwNMM0Ctpj8o4VoHeJGExnzTZJwU58a3bJYbAxh60bHOCF7IH1yAkPZF5ttNh78TnVTI7gUiit425LUOjZkRriOkWtF+FmaGrRsve55qoIMffb8UIPR4FthDW8gq9VJte3kea19GuNgeZgO40fWFyw9ji44HnOw2ObwwfRK8USj/PBdt4QTcNUAAaREATiKdJY4PZicfcMACb7dPF113BahhFA9dY+UTWBr6r4EBreJowu3tT+n+qyJq9jj8R/CD6rdH79cFva+sCZripS+WBIGMNaNLB3XrmxujQp8XK9ZOWLQwphGcG3/ln+cisy5k7Nql9lIGYaqLsalkaBGta1tYramhXL7u/n6nFsHB+D4YoprEsJl7DhcCVKIU1hhpDb6uIkXN8WcWI3UpNthzoKaaE7CfCiq8kuluagAlLnqoS6vjw9fSnRoYeP42Yjcy4xof3+eB53xZstmowvVUexXcSW3WRIo+NQrPJDiTIp2H0S1xY8NN+mu6dvd4mYN3pRpHgsK3m835dEDPG72OpTLrGqzW6z3ZzOU160Mnix8J5mzvpOZe8axdYjKzkUBiJNvvtLdGYukbBhMw2bETDfS9KK5/PxdHg8bJ+ez/d3m/0WJq2xPNUqxryZNiXyM2pjCY2knDUTRqNoLA5Pk3pm6Iym21BIBGaPwl6wlBWZVRWt/3K1bOYyKKs/bac83y3n4gaY58NhNsB/RnaQgDwMONCqnjCXdYIB0CbdraVlWqQofRcfl9QXpOrJ8mV64UhdZ/o6M+boNy6rOBynMsZpW+J308DZKwCdV6ze+FrAxMb0jeXbJGSH86vgnFxvB0a6vnlTMXv2Gkk2+F/HCMReC3wmedMuw/+yay3PTpLmnNi+XI5P97J54M1uKNFP68l0kpGt3Kr61Ji84syFmslnNJKU8J02cbCaAFjIVUWtVoTEtxlJJ/rVAOkvgtgG6KBptJYvAL3dYuhu33iELroJXC5F7GXdd1OZiM3GStU5z8cwcmPomF1sQgTPM3ng0khDQ2UZsmnQQHEasVpue7UN0ni+mRhl7s5nWZ7P5zLD5c6jYhqXUO3+bhyV+XvSg82p8BIOzwE11BDMbktiYgQVORTi+RUNJyiI3+9N5lv0fPN8ufVhf8itm790u9TnulHb+H2OCCLn2ZUyZE/o95tx8/GOj6ywkbQsTxqLLnM1L2WZBk0ALAFv8+ebm5aqkolJTOuUKeeNTNHSDx0xQk1ju4W8MkewVjl2dG+hsau41TasDKi6C1bTVDW4C0xhv5ENzHGm2AhbG1ioOj0geLFIQ4TNBokZpLlyv0j/7rBvY0u4cgdDtUjPx+V4mo+/Pj9+eTrMf1z+NP3hYdwq3omByug/cFUnh/ZyP18U6eY6GZh6Z11JqMdcYQcrJjfv2y62NNBRYQhVe0O1SXmx2bJjbXt5r68Z1KGLVXzyu+JVV8CweZgtkVbzCWyoz4fnIprK7H4YaFIuiPz3Dd8Pu22R5ZvHx+eDIo2cttt9VQ5Cu6zCtF9+B4qQQCMw/AODk0ugcW2/c6Jnw4fdaMEpQxTWqlpveMyG3p0Uxm1SPAxrtHeWo77d6K1rrNhytLTY0dJOsiH+4Ge531KCC+TZ6q7hlvPdpaKAEovpEYtmTxtgMeAejasYhA6be6fsAdsAto5wx7BFqZehCJSk9Z46kFmbqMwWIAA5IwN+mQ3aQ1NjZisPncz1kirj9HTksFyQIFl3zuXuIpuvEf0xJ+1jYz3pUSwXqLumbgE+F3Kr4qUgU0Hcq6QictEFKjeZtMxXGxhNhme1oCXd6WgKoE4xMk40nReDR7mTvUAG+jJJLU4EvhdWEWoYIIWzgTbpZE/WAgaSTOM6C9aPlsX7vks0o/X7ptoovKc3vuINF2dA3+LaRlOTrsATPOGTtNOTw92ESmIpVtCzpHGvjqUHm8Qd8dxa7dz+8TgOJixpTMuCN3nIyzDE64vHQiQ5Vr8szYFZ975iUFlSiQQMMQkQ7NyIM62RW91j3aHaOGAAwpzzcZfRrgPbjfIEPgkqE0dpJYk2r4srpK7zgJAqEDUcoB6aSqlOEdWdx8iKa8vmPs/FobJ9RcyXajt6hhcXaSgEG9niEpbLB2sxd8FM16Q8EerCXX21k0RqZoCrpYladgTIeon1THXMoVX3e7NpUDede03LzeuhVOJpU3drpFQJKxa5/47bJeJLR9dwaY5F0Y+5iptumKuHUtNE+OIbfkWvkevYKt1Q0uxt8+pSqXeo0vDGdL55vKkQUigmcvXO0hkcb95/vUPbi69tGObXb/fSU7qnE3kAABAASURBVN79hVzzvG954AtPuzR0ucHzrOguTgDeu5ozbk2QGyA9czZiTtXbGDMZ9fWhB4aBt361akXWW0W6iZ8hVyklV/MRdT5vkkqYRtx9cElgfPXL6ttgwh1P5grf+I5Drm78NoXf4BRxt96f3CBrV1eGhFtdcjWIqh87ifNbr9GHB6TdpdtvFdkgeIzZuCYZURstwa15ZOhQJaJwt//hr//yh//6lz/89S8PP36XtmNhK8dT8Rc9akfmYdD2KNO2OISSqTeWcbKx3oJ+AMyPVpyHJLIf4QTz7nXN5O+m65WXbpfE2dXwwdR1TZf8W/Mbo9zLgqdiaipVuWpKfuCgQNufoXUWp8358fPnn//Xvz59/pVN39h/eNju7/b39w8fPowb7ZrceQmqkYZ//I1n69pTs14Qh4QvDveEY416ky3e0d825xcm4w3S/Xv4VkfY7hmB05UiezwjH71oF+czatuevnw5Hp7PlnpSXI4fvv/+ux9+LLPFRiTktmB7NZuz1Wi/tkDlH510UrUP+52vUhkCXDS8DTnwvL0zh9urDtmLvSASxUkwXXBrDyJRNREd9za4BDpO9j0fwTJ8bF3tIz7yr6ozSaJ5zW8o3P6Bh2uQMXoJRwvyS2r25RBVwPyO6vO3z/HgzgASNn/DSljTzaZf1d3ic//bTPhqtOGBIll7e5DO0XuLuqe72R78d2B403P/iFfEnqycPpiK1bu/cKlXYrdHuBoUvwJQ3xwe5FAnfCFR6yg4gH9h6tvdo+qhewe/vDOgMPrs7SHMXBSvERZXOBmobN4dweQIs1cgxKw3e6FyNXIhBLdGnSpP1fPBdIYvtS0ew6Reb2ZgqTDK1ICkZV4JQlaL7YRE12B83JsizM0gdDTmGi6w0pbsMFYXEW6pqqQF6qqNB+az+KvlwGtCEWXYdPy2XiW3EiMlKqtoxWD5miClEQwm38RoAnRqVayh9dDKzSpX6pfIOwydf+qDV8ldwVJMUVKPoPbhPqf0TzVJFyTqubDuBMHbo4FGSPy+EtkIEord2LXXqZYw9yrdi0dT+C7OrH/Kq3knF+/TX3X9ffKuIS/y9pCnneJhJy+O/EyJbpovLw3HK1Q7ZtRlHsP85VpwlN3DH8H/1HFxsZbWmO0EDwwL4NkT+28Xj6aLbV5F3QsiuNoS2Wq+HMpYAry+Xqi/hasRZnVzGIJlc//MsHEiCsLeTgJSuw8Y4ZUX0ww99dAt/b4EJywcCXtuNQKLg1jDxywXa2wKtuTQ6RErnEt4hzwXwbVEkVriH1FCukGB0lG3JugM3rJOkoeoIc4jgdqdBL3CwMwX2pI4iIJ3glNrMmuJ3CJLlV+JazEodbqDjSZXd0bcsNUo6Y0XykcL+Vi7GYNw9x6OXPm/FyO03AXTKrMHm5IvP/hAp39WjAEfAGNCAXcNSili+ziffn16+rDd7cchT9OsOfqH43Z3Lva01RDPy1Cx01w1MhT8UcPN291mk89HtWDhE/L/NeAE5mqzhe6frO2p3njRgsWgRa5YDNadcCwLuFiahQLAp2lJJbQ8K3Ghg0Ygb7ozAX5uvBtCqNkpJymI/XzWIuxpW2KpIyA81e4+n49Pj1/+bdByjf0ujVNOCDxrPoTWrkwlVjKqYmH2ZHErqJE8JI6Mt55WpANrccKwDCHojDlc/1X/b8T6Ku9q+VLmKNci191mN9+VqM25GLfHkyYGFdYwm3MloVtgba/ElW/aE4eqlzXugDLcsPMvdHJeK7qhCvprapE2dwrxOqQRE8TeQspmYzmdBKrozig7uUFwtZ0v56TqcNVFGJ/DO7VYhsHSSoSrUsuZrm8utNbh12thN0iRnUbNVCUrx16qYaUjKSSx0RfQdgh5OefT4Xh6nIeHaXs3Tds0bK3aHf0lEUTTVbK5dOgCwz6RmpWsMwt+GtIhCthyFVf9KlDwhyrIwqc0DngLbbCJ0BwjSJ25e3dvLWSBUuilxlJ8jiqnRXDJ85sSXDBSgsnMU5mTyVjzfNK+YdXIj9rgUD+EpC6OGyC6ZvrogF0Z02p3cFCeMQrreKJJEsiZo+Vx1oBx4QxlGDsepknvkuJCiTJoFJyjiFvcIoBsTwbAjm7ACjfg7gri2EX0uqrzXkXoNzqq/lE/uVYdLoZUSasS/OCx3EjYNIJc0CFCJZB1cdEsS/6BPpSNpd1Avnx5Oh/OmBDTvTSHYWjJH0az2X1N7JYmNfal+6Us4VDC6UwzzYsF38XYQtRk9NI3Q7OzhMrWFdKtZ5a6Y7GFMILVXn3JeeJ4SNRMZXLNWaCPAC3JEEzsDoPCZmjaK3qtlv9m0yys4Q4AW2TIVGtXcuh5OVyoRHDNSX0Y3lDdrrNuTjmyIvfkozz9z+PfHr/8tx//+KcP32nGyYzUNJW42W9sM9BpjWCv7PxZsOtSbX52RRUSDgWN2UNzsO8SmJvhY7Atbg4L2niUDAYctxgEi7rbiyycxzPPJdZ9tkacZcucLUdCHbC/Lqf5tLt/2N/d7bbbaVOcykOWaTeNhR8+DunwrN1YlAjVFQt4JAlDIKHfr0sGKNbegxkOFUUJ0bYh2vpG33+x7pqaGno6KLZGCQCMk8HdIaUDWfkpeLwpTmW40wBluigHRcCrK+04auig6Al6DLTl0+lUzEzkncCvsJwWd58mlLJ4EqolwAy9rA9QN5ynyg7UyAH5cBE0yiAkf7PyrWoM5b0KK5yH8bk8fuaT5bKYnp6hgEPYqBql2O0nzeOcRgxrlXxC7BU9UdQKmzE7HhxcKbbxLGMVaeQKGbOxHina7scaDpUnLbgXGUEindEbJHmnJP1VO+iIdbjRl5/PySMyRXeaCh1kBZQZdVYV+OSsiQeGMZ/sPL1Ha7vjdVPK/NnSFQsNlkVPUNAgIo1ZiTaR1DGIo69bHtJcpAmbkZasC5J1Xo40fb91JroAATIRkGFdildOrLWRylhqim2iLvoPhGJkOmKKydpGm2hiZBqRR4aA8wFBibIsQYvv5Az0ArmZkSbCBhgxeIKO07Ot+cDNxtNYiEL3uyqU0Pks50CiCi1INUj03XavIjXtovkd2JNpPE/NdTammrtAgVBifw9E1JoBGKpTDMya14UBZR2kcue3hAXOFDj6mFhfNigScDNmsIpmsYL2fZyajVKlpdOqFVoj42TxvBMTIbZLtS+n5bQZlDN6audq1rnhZv18O82EVgyWaw6leOzOF6fqP3LdgSbXJaxM/UZvEa6FBE5moV7XrjfS6QJchTJH5KUfJ7ndyvWj1Yiku09koZNFGdY3Adpkm4qWvVUl3csHX+6pptpwu0OQ/Y3zKXc+ZpyOBqJXYp/jTqsvmhVGTc2kF47azvP1I6U2qSuVq7Obuld45ZbdClKvq2PtvDnLa/PbHuoMf/XpxWmuElFa2Xv9Ce0Duf2UF8dyMXOd6dWu4abYVpp0LZU7FtePUATg+e0ewpHdTMHKpbKQsJvyCna0vQCidLlVgYYpBmniEQrpCPLm6onctGTfWCjTxih3M9Lv5HZatEeJCBpiLW7RvEyhXDs62fkChUr613/Ljmh75dar1DNX794KIalTu7pLYqEuYB7ACiXOF3lx+qAOEhaFg7ZcXkP1wTbBvFE1G1CnZerA4urhpFBv2/32ux++/+m//fVP//2/fPjD92m3lXE4y3L49XPRV0yoKAiuIuPt71RP3G51x6cRKB01zbTi4eWK6uX/zMhdVki2wMmoJ7cFuWV4urhchdhXysmaVcTlmnQqNdkFQHzkJS/E3ojejanB68DpdDwcnp6Ph+fD09Ph8bH4BOfTubjOtrv7+0+f7h7uAexSFM7kcCMSI/LyJ+wo5LhY5nKuyQH+uooOM2LSAHMiDXnXydP3YwUUWR+OZPtmAOibEvRAftxtSKxgMV1d8bHFBbReMTsOmkn/dCw/Hh+LWsuamvPh/uOnT99/D4CTypFMAxd5fwzlreMfn3SCQ6TpHNLrErAQXFIh1TdHQ+rOyPcixoD7S3w1IcE29MIhNU+Buy3kItbuB/rv9ByaL2TtN9DDf+RxLenlVhIujs53pkeFuhZ5/1vz66RZ3Qu9vgdm/vK4/lEHHPjcdr35NRzmBPSy0mzsPyvoXGnXcqG+EbljqPvztVGstze7U4oqj+NwmneL293Q0T4prFkhlgsNuFlo1d0pCIiq5PV1l+ok8ge5A429r0ToHmRNmlFOhTRN0AxjLLLSydvTY7DM4ezTHnUx53Y9dLDajcPrybE9RQLeRbLXB/lbCVFfH+kWMp4s5rzIfr57MW7pCOxcll9cF6JGFUgGLXKt1+BDeOdmh0TvIvcjELzMZIl1/n9q0+U88sKqoQvLwCQ7RXWKe+jCenN54/zRrYLOflkdgZtgp4Vjn/mC+3E/FBFZ/Ulv2xX//znqvIBvzMt8OB6LBsic6J/5iBIqSOsLeYrDOZgzqOzh/c48w879GmkbRta3H6F/v0rCXfxwZS92v2Ds7gU0RlbR27kVJd00014cGHgrbEfjkOiAVp35ItR6TiSSKLFopfnkunGvetU1IAuNvzndeNpKUEvDHsBQcVv9TDvWm6YLPoccO6q5FhKwK2Fx01Uo9+aKsFOYeXWdrYW1Lm2QUr2qnKJ3AdMFG4c8iyZr4hszV/OR18Ct1WctXbqm5WJkrbxVxj7UvY2CbHHVlURuZr6T5/wp7gprGxiTPXF3uhTcwcOl7zlCazeKmz8Z5QuWkk9y1kiHXCQGNspNdQlorZ9EWw3XQNBvfLGepiVwW/6xskPpfBvNfOzNaQMnaEWb4sksQGGvS3y15e1uyO9QeP8sx2Up0cTPh+N0dzdsxhJaKCHzp8NhXwIEaVgCLSdpIakOqbhyswUXy7pM47jf7c+WlKH2YUBes4+JIljuGGB18kVL5q1K2lJtqJmsdZS5LF2ZjHHWGthimypQ+zLOikNvoCautgkATpIraTlD72VCNwBPSRm0GvascQ4rCB636iNYtAHT6XCUn3+9+/Cwe7gbt5uhRKGAY6GugGT+ha3V7J4V7H5zKhduDIveE4A6c4bXzqxGP5pqkD0BZW1tBsm96vGp93eaUuxWvt+XZ2t1xXGW5dl6FeiKaq6V1Q4Yks0SSwGXFBNKezt2Ve3q6uaInd8tYj+k101l5mvBNHJakD4t0BZZ40HnEouywiI1J62CrWOhL/BwqGDdH84M8XlGiE9Zjtd3hsx84W7d79W4bR/UC+2d0PXGGY7GA71Slxg4O+Os546sQPYLlU100jDm8jRPD9P03biz1Rvc9knWfIGtGQ0185zgSOc6gNWwaymerPVDH3fnWebAhS7TXD7VunyuwaEMKB+kbIXZAn6Sqm+s3l5obaG5s8AlHkDCymsUhrgb4fpIZP2oMFk1N7b6rC0pqlYEUmgsWu+seWuwNHQk4AkV8QuXc5hIbGGrcqd8yNqBexTecjoUX2CaxsyjMz5YYw4AZaE6A0bq1Xci9rIQ/dV7HnjRrDygAAAOsElEQVR+3iXZVDFx0yf4jzl4tTm7n3HUCetFRyfN/XKmJlPwbQpekN0K052rvZP2DwYZwfzEj6cjA/pDaUtbknuDU9fFODad51isk8NUaUkGlDVY8YRiV7FXVVTbUOjaweLMHYvXtBpnRxQZdi/MGK8An7uYR3VsX3BfrlZi7Cs4x5DLMQ9USCxb9hZQt/SCQCiS5iknXjsUKidypcrSrS1DajC+zfSY5bQcnn/+X8/n4+fHx5/uHz5u9xtPyw6/hWkx0aOAXHXq6cHfoLotnCQ61hyahfimGsDabYBW65IRyNX/WLySw1I8tDZUvAmlpjqowBxmAxAoTO+Im2ujN9UJfvny6/Ox/O/+/kHBpTVDVRMLNsOetsN0vpt/+eXL8awtV5CyzeHcoCiGqa+F/y/GF4LrZWNiyuacyDWAXQRLPs+HzWYnu/1m2tVd7uUnVPVbQtSKQEDB+BQ8THNMTrvtbtIUtnG71SQJS5/QtItZwT/OIQmAyOsuURDbEKlYYpB47lPVdlLq0wCIOJTkgb0KF/hL1qfJLBqrn1RcNx5mA8I7lXEUc1cMHARQDIL0eWSicET0M9ibRz+Qnew8nvvNVWsFYTGEsROI5QHda/Alw3azyYt1zTmdFvSvWbL1x4KLo8FSpVQxdss/ZbBFA9dMlTkdl9N2nHZSJnMzseXynjeb0/GIgD8ql+az9gkaiCq4RRom6rpMW8g/+TitVVeQtYH32RvEDijqhYYxkkaWFCdeR6yTt3hdl9saC6SPINvAxS4KDUKFFe5kQdvBnQ6Fl6eg31oLGyViuDrXbWd/Z3YjgMF+DScST08BO4cZ9qSKUOyBO6LfZeJOlME85Y7PZFWuJODHTCcAOo7HcnCSAELSkqPpllyTKhqss4+NQaSre2Cu/DJJ5yoMdUfPMgVjoVa1N4QyvHjHsGBolCqvqvw1OB90WtUWcAnHDEDUlzWffAVJ3DnoCMfl/xoa9E0GohdyP6snoKCaA2SWaw8E11sJrZpwZpj+NaaOVJpoWu67yWVbH/NdRcBCIiG4bpaMBBjchUjzxequXQkUpnXJcUu5rtajVHi8K1l5qbNzl0rC62JSHzZG05mZ17epd6Ov+PhrTl5nY9x++ssPWl37jiEwv3/M8tpn3N/y5nPoyor6u1XNmxpSL17pQkO8suTo6rWk+0U6Q4G7367PRoydpSsb4rCBeDU5oizCfUeXbitXf3LdFxiwSYrePsKGJk9xv6BmcsXYQzpVS65Wh2+pqoDUL2/P59cc0jZme6NOTY3NvbJ5u/GHQPdMihzBqStSuUk6Vv6QpZ1xwy94eUko3pfuyu5JPnKmkErOxaVK5lgpkcrv15NCVC2Xxm1ubKhaXoWJS9w2jf6ewuR0rRkMNVWlJ4JWlkUyFtX07vuHj//y4x//+pef/vzn+08fqCgPiY/z+fDluWi6mse82bLBq3PknWjfwGkqXlm6DEDAL+HQpwHvgV9m93BSXcfUs4SbvKNOslzzhbXIdqpAmmZ7bCaH9MrUPD0NUcPWX5HL5mPRyMp/h8cvX45PT89fviwGpLe9u//up/vtfqf9gra74rNjh1gTgLVA9wtdF2E6YIh5oravjKPxDY5uZ/h21FG1dP4HBkruOmnygv5vUKysfuVuf33DcTHzdcfaSrqxUVyIz49Pj59/1XSTeS7cbXO3u//03acfftjf3Q9WtJYBpUrwywXbeWHY/eDfc/zHJJ2s5cXqF7jj7C9tTR4NbpagdWev7miPNKWmyF4cHJwvDY1L+f1dJ4vQQuhA9VaVhbDZSRHvd7sHI44WG0Qv6RD/oceV3nFbkLsarn92236lOsjaqcW36nLW7t/GqVeP4+r+XJ/wd6sp33DcfIu1r0O16gt6XZ97qZLjVOmyTJzw5MaFvWJxMZLwO3F4a16krxYakXZdY4drGlg59XAVd5mbZC42RJHCSIi6LApZb/0LqlgmN3EdVNejoWpCxWblq1e7JCbyKJQ4JskKMQL+lpgOaULdCnglRU6FOWSsJ2fyWUV2pITJgRLjCqjNnmFDvDJ+1st0e8tAJehBEersJolOAbGTYhYc3Lk2iSdf3shrzpf7KxSVWvJuX6XVSK52JrlDzoS0/WYVVr6Cvn6MlsTUGBq5Ju8EWd/+mupuo0H+76Me4jFjqhEvrR0bhkPRjQ5PHx8+pHGgf+ZDouKmx8mQV06nqpPdAD+jGyz61WfTtx7MqPx4URL5vs7wPYXhw401tWGwWxfVppSwySjq4b72kDYM9CGgKkjpsnGzhDbF0acQ+XYVmKtqzMbHmW8HQtD3q91QboDWroZGcRMJg5MwjMVd7XEf5XZDCB+MI0SO34bd0HTJ4F7IGLZXdrmUi/fBj6j38hnAQlmBLl2oJO7dM4aIunLt3alo4ZWSwka6oe3Y8orhYBRLZrAgZBqa+hDvfjlbYaXia8fcYkM4Qd+XnOspb2pFHLn2YdX7o/3DpAWr5Xf94dn3LTbCgDypiBdUB2UVBRTmr1SXga5Fma7y5Vm7pxrQ/ajwBEMINWHhtVKkT8lZ69EFnUscAD8A2C2/lSInYmWyc3sbo6fiAz5Zl4pfj0/3u+22aCrTMJ+Xx+enu91ua/n5JzM7x+Q45NY9xzKqiDfDeLKOM7M59ctcIw7d6RokDajFI0swwg1nfc7TlLVhxkrRBU8o1LMZhxL52W82z8dpsyybQaFPTpk1zqzxFghmK/qFQ8EaERrlIytqwcwVZ7Ph0BcDcR6nRbNKFEV+WqJxzuMvn/cfHqYSFNNoyFCmFZCEgE0dJ7ObNO40w8YO24dX1B8a4gXPZLtRbwhckRy9QIr+ryv2jDiERjKKKbu7250O98UvoD1rtJ8UW4FsigvMuZfct24ZZdJrQZdboYsQX+i0PaPAz3RrxE3p6RQ5KNue96xp0BmwR2UuTrYNNhpgSOuscHpNN18PHq9LgADMixGDN+B6ywC6MqSq15GbD6fTWDtwAeuwI44WIhY1WjTjKgGEp1DPVOj7UHbO+TRn2aatcmdW74C1g8nmTWWykvDs4caFuuAWc79vRfrfmlUU43bNSDqWg4qoBabooE1+MHJkNKbkiext4odwITUSRToBp/bEELQx//pz0K1qA9G8EzZUoCWF068SGwO8gr3xeO6UYStCUDjfOTI7DdBnULjjznIR12e8Ap2tf1rZjSVKnM55L/w0Hvc8btPGMwEDKca4ocyYk3LZOCArJd49hSeSqBntxkQSyy0qqhvktsH7TYcP5i35VE1EIpIX9kle4Tn3vn0/wsryNjj+ZI7SsWxIDCY8tmWyNux9F4yzfj6dyHqvqL9NZKRxVHLS/ncSTF6sep19zeug9KuBFBVTyZFVgVlmG0P2JAMiqe6i7vXA/9L1juVwuQqtmAZ3WaSrVya3jjlUvYtlh2yueyvOz061irAzqvdM7APtkFL1OCFnCL7/wk7v1cz2Wgz0OJTp25Nnk+Z51D/+9fR0+tv5b7/+8j/+/Kfvt/cbogllvVkRPpyZeg6wYgVREKrEhql2aJMd/taRB7YmudA3gMOgeaXQUwo7GNhtYjGWZ6pyxnoqlojlDhZ17Wxe5EMR5oXtLRraBtBCcccWv+zT092HD/cP9x82RZ4Wz3Uai0AtlPbLly/PJ+tMZv4DsUxRbmUEF+nX6l8IA12QR1KnOlkuAlvywmFBWqoltWruLFV57Sp7duWBGaA6eEcF2ztba5nyBtvNVqs5DUjEqjGnYSm25qiqmuVKKKHPBvExyIJka2/j6yuN3A+43w1pY86egGq5y+gSYy9lrElJw/qDalajxb1z2SnDyGUcp6koL/NJB1dEBS/I/ME6Fw6si0R5tp5MBss3E1z7tkLIcOnEC1Hz2lebh1YEGgLRFIlx2A5T0fQ2ZQjllU3lAK54mBmib1UhlKVmMXpqhY7tXOZ12Z3PhQTSuDEUOUXT0xzNsx0gHIs0mPZVHpgmqq17DKpGEx9sSMSO8GOgS9mxxyxHBwpQQjYzkgQMrg84NWIQRVDGkk3zsjjuhcP6eDuYeBWjFFozUYmMNV5tb6BFuWvImbSfn+uu809selNKTS2PcjDHU/anDciwJEKDJM/jl4U63jIQ8HRT6vPqYYulIu7cg0p5MNS9IdeTDPNjyV2/8moDxk08o8RmbXF8Edjc0qBNghkvFLoke5/VFA79xl05YlTUKZPgTjlwAUMw+TzmBkJg5CqMBYNtAfrQiSoSxTm5g/5QOH05YCg07WtIniFF5GhVxt6wjpaunaENYdieUJIxWwvy7txzYXwO8EM5O99zy8fBUYSJLmR1EAEm2NFKrOeAcHQE6W3LG2rGlVjv1T/XXVs+WTtBBNGZi6Mz2jpL/fpbUIL17+SvyMOoQ/Jf3nkmvXQ+X5ov7RNu3gV+9SY9N1zf7Wq2md/zsq+Nua3COzRGiG6+ckRzl/f8/qlnvv3MpgmsP/FP6bVxytUsVXukktxKDUPdKxTvqCpuA1j3ZHEzTH+25PietNlDPFxraB0h3sfl+4q4GuWvHcFqmwmLX8AHBZhMhjdH76Dddx7cqfJSn9/L6JjD9lEKxI4a1qGVkntBMLgo0xW6Uty4HslddpcX93MXI8n9hdUcTdyd5taVa2muAMStoCWnGzTXFoGr3hfK55oYV+xTz6nGb1ehXYdYNWDq7NdkbrZhM+0/fvjww/f/7f/+Pz/98ae7h/vNfvd8PPz6689sAG3JqimKwNjf32szncEJ0jKSU3V3dnOl727ZFlAoTFE0gQ29kzq5aRd2CYl1j3Txxn4h+g+vmUOdfCg9Firz3A9aLaUB6hmKcANByPL4pbz0z7/+7W+n42GxKrIy+v3Dh4fvvnv49Gm72+m7t6dQtJsks0sit8Y7G8YAvCrIzgK0ieWaANqkPh15nFVP8G1nF72+e+X1IqjXWdgrBzcvSv8UqPc6vjJBp/P5eJI5f/755y+//Pr8+fNyPo277Yfvf/jup59293eFQtQvlWtOvNRbMYrW+s31wuDfw23+PwAAAP//YupONgAAAAZJREFUAwD+pgGaBO9gMwAAAABJRU5ErkJggg=="} | headers=HTTPHeaderDict({'Content-Length': '1599448', 'Content-Type': 'application/json; charset=utf-8', 'cache-control': 'no-cache'})
DEBUG    selenium.webdriver.remote.remote_connection:remote_connection.py:468 Finished Request
DEBUG    selenium.webdriver.remote.remote_connection:remote_connection.py:406 DELETE http://localhost:58731/session/eaeb57ab0a4d1deb93b3eddb8c40d746 {}
DEBUG    urllib3.connectionpool:connectionpool.py:544 http://localhost:58731 "DELETE /session/eaeb57ab0a4d1deb93b3eddb8c40d746 HTTP/1.1" 200 0
DEBUG    selenium.webdriver.remote.remote_connection:remote_connection.py:439 Remote response: status=200 | data={"value":null} | headers=HTTPHeaderDict({'Content-Length': '14', 'Content-Type': 'application/json; charset=utf-8', 'cache-control': 'no-cache'})
DEBUG    selenium.webdriver.remote.remote_connection:remote_connection.py:468 Finished Request
